--------- beginning of main
08-05 19:52:12.097 24365 30412 I Fitness : FitCleanupIntentOperation received Intent android.intent.action.PACKAGE_REMOVED [CONTEXT service_id=17 ]
08-05 19:52:12.097 15866 15866 I Finsky  : [1] uah.a(18): PackageMonitorReceiverImpl - Received: android.intent.action.PACKAGE_REMOVED, [CFjXe5fo2ooiLur0Ju3smv2h5qnGgIsGl5_C_SkJu8g]
08-05 19:52:12.098 15866 15866 I Finsky  : [1] ubi.d(9): Invalidating cached PackageState for baseline.de.danoeh.antennapod.debug
08-05 19:52:12.111  3784  3784 D CarrierServiceBindHelper: Receive action: android.intent.action.PACKAGE_ADDED
08-05 19:52:12.112  3784  3784 D CarrierServiceBindHelper: Receive action: android.intent.action.PACKAGE_REPLACED
08-05 19:52:12.112 15866 15866 I Finsky  : [1] lzi.c(2): Frosting ID looked up on UI thread. Caller should move to a background thread.
08-05 19:52:12.112  3784  3784 D CarrierServiceBindHelper: mHandler: 3
08-05 19:52:12.112  3784  3784 D CarrierServiceBindHelper: mHandler: 3
08-05 19:52:12.112  3784  3784 D CarrierServiceBindHelper: mHandler: 3
08-05 19:52:12.112  3784  3784 D CarrierConfigLoader: mHandler: 9 phoneId: 0
08-05 19:52:12.117   918   929 I AccountManagerService: getTypesVisibleToCaller: isPermitted? true
08-05 19:52:12.140 15866 15866 I Finsky  : [1] nqb.c(3): Installer: package baseline.de.danoeh.antennapod.debug was removed. replacing: true
08-05 19:52:12.141 15866 15866 I Finsky  : [1] nra.a(188): Installer: Notifying status update. package=baseline.de.danoeh.antennapod.debug, status=UNINSTALLED
08-05 19:52:12.164   918  3961 I AccountManagerService: getTypesVisibleToCaller: isPermitted? true
08-05 19:52:12.226 15866 15866 I Finsky  : [1] lzi.c(2): Frosting ID looked up on UI thread. Caller should move to a background thread.
08-05 19:52:12.237 15866 15866 I Finsky  : [1] nra.a(220): Installer: found apps to install. isMultiUserMode=false, apps=[]
08-05 19:52:12.269 15866 30428 I Finsky  : [6209] ejf.a(-1): Cancelled 0 ongoing asset module downloads for package baseline.de.danoeh.antennapod.debug due to a concurrent app update.
08-05 19:52:12.279 15866 16054 I Finsky  : [6134] odj.b(52): IQ: Notifying installation update. package=baseline.de.danoeh.antennapod.debug, status=UNINSTALLED
08-05 19:52:12.289 24577 30426 I Auth    : [SupervisedAccountIntentOperation] onHandleIntent(): android.intent.action.PACKAGE_ADDED
08-05 19:52:12.290 24577 30426 I ChromeSync: [Sync,SyncIntentOperation] Handling the intent: Intent { act=android.intent.action.PACKAGE_ADDED dat=package:baseline.de.danoeh.antennapod.debug flg=0x4000010 cmp=com.google.android.gms/.chimera.GmsIntentOperationService (has extras) }.
--------- beginning of system
08-05 19:52:12.312   918  6029 W ActivityManager: Unable to start service Intent { act=com.google.android.gms.auth.key.retrieval.service.START pkg=com.google.android.gms } U=0: not found
08-05 19:52:12.316 15866 15866 I Finsky  : [1] uah.a(18): PackageMonitorReceiverImpl - Received: android.intent.action.PACKAGE_ADDED, [CFjXe5fo2ooiLur0Ju3smv2h5qnGgIsGl5_C_SkJu8g]
08-05 19:52:12.317 15866 15866 I Finsky  : [1] ubi.d(9): Invalidating cached PackageState for baseline.de.danoeh.antennapod.debug
08-05 19:52:12.345 15866 15866 I Finsky  : [1] lzi.c(2): Frosting ID looked up on UI thread. Caller should move to a background thread.
08-05 19:52:12.372 15866 30425 I Finsky  : [6207] lyv.run(-1): Wrote row to frosting DB: 2944
08-05 19:52:12.398 15866 15866 I Finsky  : [1] agsx.a(4): Do not start WearSupportService due to Wear service optimization
08-05 19:52:12.400   918  5952 W ActivityManager: Unbind failed: could not find connection for android.os.BinderProxy@45db60
08-05 19:52:12.420 24577 24621 E GmsClient: unable to connect to service: com.google.android.gms.auth.key.retrieval.service.START on com.google.android.gms
08-05 19:52:12.424 15866 15866 I Finsky  : [1] lzi.c(2): Frosting ID looked up on UI thread. Caller should move to a background thread.
08-05 19:52:12.427 15866 30428 I Finsky  : [6209] ejc.a(-1): Asset module broadcast after update successful for package baseline.de.danoeh.antennapod.debug. 0 sessions broadcast.
08-05 19:52:12.527   918  6111 I AccountManagerService: getTypesVisibleToCaller: isPermitted? true
08-05 19:52:12.527 15866 30427 I Finsky  : [6208] gzn.a(-1): [ContentSync] finished, scheduled=false
08-05 19:52:12.531 15866 30425 I Finsky  : [6207] lyv.run(-1): Wrote row to frosting DB: 2945
08-05 19:52:12.534 15866 16054 I Finsky  : [6134] odj.b(40): IQ: No matching installs to run for jobs: []
08-05 19:52:12.554   918   929 I AccountManagerService: getTypesVisibleToCaller: isPermitted? true
08-05 19:52:12.561 24577 30426 I ChromeSync: [Persistence,AffiliationManager] One of affiliation or grouping data for android://bz0hZa4nAJEtd0n5sRlXG7KAqctUMWVefv7Ki4mh1p6slZ9YO-n9gS9j8m9YCrsIyI2wIxrDHraumF9Y6pBLTA==@baseline.de.danoeh.antennapod.debug/ was not found. Marking affiliation data as stale...
08-05 19:52:12.617 30440 30440 D AndroidRuntime: >>>>>> START com.android.internal.os.RuntimeInit uid 2000 <<<<<<
08-05 19:52:12.621 30440 30440 D AndroidRuntime: CheckJNI is OFF
08-05 19:52:12.646 30440 30440 D ICU     : No timezone override file found: /data/misc/zoneinfo/current/icu/icu_tzdata.dat
08-05 19:52:12.671 30440 30440 I Radio-JNI: register_android_hardware_Radio DONE
08-05 19:52:12.673   918  3714 I AccountManagerService: getTypesVisibleToCaller: isPermitted? true
08-05 19:52:12.687 30440 30440 D AndroidRuntime: Calling main entry com.android.commands.monkey.Monkey
08-05 19:52:12.701   918   931 W BroadcastQueue: Skipping deliver [background] BroadcastRecord{4604ab7 u-1 android.net.conn.CONNECTIVITY_CHANGE} to ReceiverList{44dc224 30440 (unknown name)/2000/u-1 remote:6817151}: process crashing
08-05 19:52:12.706 15866 30425 I Finsky  : [6207] lyv.run(-1): Wrote row to frosting DB: 2946
08-05 19:52:12.709 15866 15866 I Finsky  : [1] xmu.a(8): SCH: Jobs in database: 1-1337 3-219 3-220 12-1 24-77777777 26-1414141414 
08-05 19:52:12.711   918  4413 I ActivityManager: START u0 {act=android.intent.action.MAIN cat=[android.intent.category.LAUNCHER] flg=0x10200000 cmp=baseline.de.danoeh.antennapod.debug/baseline.de.danoeh.antennapod.activity.SplashActivity} from uid 2000 on display 0
08-05 19:52:12.711 15866 15866 I Finsky  : [1] xio.a(57): SCH: ConstraintMapping: 24-77777777,  -> L: 0ms, D: 4667808ms, C: false, I: true, N: 0
08-05 19:52:12.712 15866 15866 I Finsky  : [1] xio.a(57): SCH: ConstraintMapping: 1-1337, 12-1,  -> L: 14514ms, D: 8020202ms, C: false, I: false, N: 1
08-05 19:52:12.712 15866 15866 I Finsky  : [1] xio.a(57): SCH: ConstraintMapping: 3-219,  -> L: 0ms, D: 83230812ms, C: false, I: true, N: 2
08-05 19:52:12.713 15866 15866 I Finsky  : [1] xio.a(57): SCH: ConstraintMapping: 3-220,  -> L: 0ms, D: 83230854ms, C: true, I: true, N: 2
08-05 19:52:12.714 15866 15866 I Finsky  : [1] xio.a(57): SCH: ConstraintMapping: 26-1414141414,  -> L: 12667667ms, D: 13567667ms, C: false, I: false, N: 0
08-05 19:52:12.716 15866 30427 I Finsky  : [6208] gzn.a(-1): [ContentSync] finished, scheduled=true
08-05 19:52:12.727 30457 30457 I art     : Late-enabling -Xcheck:jni
08-05 19:52:12.727   918   929 I ActivityManager: Start proc 30457:baseline.de.danoeh.antennapod.debug/u0a695 for activity baseline.de.danoeh.antennapod.debug/baseline.de.danoeh.antennapod.activity.SplashActivity
08-05 19:52:12.732 30440 30440 I art     : System.exit called, status: 0
08-05 19:52:12.733 30440 30440 I AndroidRuntime: VM exiting with result code 0.
08-05 19:52:12.765 15866 15866 I Finsky  : [1] xle.a(34): Cancelling existing jobscheduler jobs: 9009 9001 9008 9003 9004 9007 9005 9002 9013 9010 
08-05 19:52:12.765 15866 15866 I Finsky  : [1] xle.a(27): Scheduling job Id: 9000, L: 0, D: 4667808, C: false, I: true, N: 0
08-05 19:52:12.767 15866 15866 I Finsky  : [1] xle.a(27): Scheduling job Id: 9006, L: 14514, D: 8020202, C: false, I: false, N: 1
08-05 19:52:12.769 15866 15866 I Finsky  : [1] xle.a(27): Scheduling job Id: 9011, L: 0, D: 83230812, C: false, I: true, N: 2
08-05 19:52:12.770 15866 15866 I Finsky  : [1] xle.a(27): Scheduling job Id: 9012, L: 0, D: 83230854, C: true, I: true, N: 2
08-05 19:52:12.771 15866 15866 I Finsky  : [1] xle.a(27): Scheduling job Id: 9014, L: 12667667, D: 13567667, C: false, I: false, N: 0
08-05 19:52:12.773 15866 15866 I Finsky  : [1] xle.a(27): Scheduling job Id: 9015, L: 0, D: 4667808, C: false, I: true, N: 0
08-05 19:52:12.774 15866 15866 I Finsky  : [1] xle.a(27): Scheduling job Id: 9016, L: 14514, D: 8020202, C: false, I: false, N: 1
08-05 19:52:12.776 15866 30425 I Finsky  : [6207] lyv.run(-1): Wrote row to frosting DB: 2947
08-05 19:52:12.778 30457 30457 W System  : ClassLoader referenced unknown path: /data/app/baseline.de.danoeh.antennapod.debug-1/lib/arm64
08-05 19:52:12.778 15866 15866 I Finsky  : [1] xle.a(27): Scheduling job Id: 9017, L: 0, D: 83230812, C: false, I: true, N: 2
08-05 19:52:12.780 15866 15866 I Finsky  : [1] xle.a(27): Scheduling job Id: 9018, L: 0, D: 83230854, C: true, I: true, N: 2
08-05 19:52:12.782 15866 15866 I Finsky  : [1] xle.a(27): Scheduling job Id: 9019, L: 12667667, D: 13567667, C: false, I: false, N: 0
08-05 19:52:12.790 30457 30457 D UserPreferences: Creating new instance of UserPreferences
08-05 19:52:12.791 30457 30457 D UserPreferences: Using default data folder
08-05 19:52:12.793 30457 30457 D UserPreferences: Import directory already exists
08-05 19:52:12.795 30457 30457 D UpdateManager: old: -1, current: 1070296
08-05 19:52:12.798 30457 30457 D SleepTimerPreferences: Creating new instance of SleepTimerPreferences
08-05 19:52:12.809 30457 30457 D SPAUtil : Sending SP_APPS_QUERY_FEEDS intent
08-05 19:52:12.817 16458 11127 I PBSessionCacheImpl: Deleted sessionId[72384646105454640] from persistence.
08-05 19:52:12.820 16458 16488 W SearchServiceCore: Abort, client detached.
08-05 19:52:12.821 16458 16488 I MicroDetectionState: Should stop hotword detection immediately - true
08-05 19:52:12.829 24577 13316 I Icing   : IndexChimeraService.getServiceInterface callingPackage=com.google.android.gms componentName=AppsCorpus serviceId=36
08-05 19:52:12.838 30457 30457 W art     : Before Android 4.1, method android.graphics.PorterDuffColorFilter androidx.vectordrawable.graphics.drawable.VectorDrawableCompat.updateTintFilter(android.graphics.PorterDuffColorFilter, android.content.res.ColorStateList, android.graphics.PorterDuff$Mode) would have incorrectly overridden the package-private method in android.graphics.drawable.Drawable
08-05 19:52:12.844 24577 31546 W Icing   : No valid account for uploading user actions
08-05 19:52:12.864 30457 30457 I art     : Rejecting re-init on previously-failed class java.lang.Class<androidx.core.view.ViewCompat$2>
08-05 19:52:12.864 30457 30457 I art     : Rejecting re-init on previously-failed class java.lang.Class<androidx.core.view.ViewCompat$2>
08-05 19:52:12.865 24577 13294 I Icing   : IndexChimeraService.getServiceInterface callingPackage=com.google.android.gms componentName=null serviceId=30
08-05 19:52:12.888 30457 30479 D OpenGLRenderer: Use EGL_SWAP_BEHAVIOR_PRESERVED: true
08-05 19:52:12.916 24577 31546 I Icing   : Usage reports ok 2, Failed Usage reports 0, indexed 0, rejected 0
08-05 19:52:12.919 24577 31546 W Icing   : No valid account for uploading user actions
08-05 19:52:12.931 30457 30479 I Adreno  : QUALCOMM build                   : fcf4852, I1af360237c
08-05 19:52:12.931 30457 30479 I Adreno  : Build Date                       : 09/23/15
08-05 19:52:12.931 30457 30479 I Adreno  : OpenGL ES Shader Compiler Version: XE031.05.13.02
08-05 19:52:12.931 30457 30479 I Adreno  : Local Branch                     : mybranch14465806
08-05 19:52:12.931 30457 30479 I Adreno  : Remote Branch                    : quic/LA.BF64.1.2.9_v2
08-05 19:52:12.931 30457 30479 I Adreno  : Remote Branch                    : NONE
08-05 19:52:12.931 30457 30479 I Adreno  : Reconstruct Branch               : NOTHING
08-05 19:52:12.936 30457 30479 I OpenGLRenderer: Initialized EGL, version 1.4
08-05 19:52:12.936 24577 31546 I Icing   : Usage reports ok 0, Failed Usage reports 0, indexed 0, rejected 0
08-05 19:52:12.937 24577 31546 I Icing   : Indexing com.google.android.gms-internal.3p:MobileApplication from com.google.android.gms using seqno 763
08-05 19:52:12.940 24577 31546 I Icing   : Indexing com.google.android.gms-internal.3p:MobileApplication from com.google.android.gms using seqno 763
08-05 19:52:12.958   918  3670 I ActivityManager: START u0 {cmp=baseline.de.danoeh.antennapod.debug/baseline.de.danoeh.antennapod.activity.MainActivity} from uid 10695 on display 0
08-05 19:52:12.967   918   929 W InputMethodManagerService: Focus gain on non-focused client com.android.internal.view.IInputMethodClient$Stub$Proxy@230c3aa (uid=10695 pid=30457)
08-05 19:52:12.969 24577 13294 I Icing   : IndexChimeraService.getServiceInterface callingPackage=com.google.android.gms componentName=null serviceId=36
08-05 19:52:12.974 24577 31546 W Icing   : No valid account for uploading user actions
08-05 19:52:12.983 24577 31546 I Icing   : Usage reports ok 0, Failed Usage reports 0, indexed 0, rejected 0
08-05 19:52:13.059 30457 30457 D UserPreferences: Using default data folder
08-05 19:52:13.091 30457 30457 D MainActivity: getLastNavFragment() -> QueueFragment
08-05 19:52:13.092 30457 30457 D MainActivity: loadFragment(tag: QueueFragment, args: null)
08-05 19:52:13.094 30457 30457 D MainActivity: saveLastNavFragment(tag: QueueFragment)
08-05 19:52:13.095 30457 30457 D MainActivity: getLastNavFragment() -> QueueFragment
08-05 19:52:13.097 30457 30457 D UserPreferences: timeOfDay: []
08-05 19:52:13.099 30457 30457 D AutoUpdateManager: Restarting update alarm.
08-05 19:52:13.101 30457 30457 D AutoUpdateManager: Changed alarm to new interval 12 h
08-05 19:52:13.113 30457 30457 D UserPreferences: timeOfDay: []
08-05 19:52:13.113 30457 30457 D AutoUpdateManager: Restarting update alarm.
08-05 19:52:13.114 30457 30457 D AutoUpdateManager: Changed alarm to new interval 12 h
08-05 19:52:13.150 30457 30457 D ExternalPlayerFragment: Loading media info
08-05 19:52:13.151 30457 30457 D QueueFragment: loadItems()
08-05 19:52:13.155 30457 30478 D DBReader: getQueue() called
08-05 19:52:13.155 30457 30478 D DBReader: getQueue()
08-05 19:52:13.156 30457 30478 D DBReader: getFavoriteIDList() called
08-05 19:52:13.157 30457 30478 D DBReader: getQueueIDList() called
08-05 19:52:13.159 30457 30478 D DBReader: Extracting Feedlist
08-05 19:52:13.161 30457 30457 V PlaybackController: initServiceNotRunning()
08-05 19:52:13.161 30457 30457 D ExternalPlayerFragment: Loading media info
08-05 19:52:13.165 30457 30457 D UserPreferences: Using default data folder
08-05 19:52:13.167 30457 30457 D AutoUpdateManager: last refresh: 443513 hours 52 minutes ago
08-05 19:52:13.168 30457 30478 D DBReader: getNavDrawerData() called with: 
08-05 19:52:13.172 30457 30478 D DBReader: getDownloadedItems() called
08-05 19:52:13.173 30457 30478 D DBReader: getFavoriteIDList() called
08-05 19:52:13.174 30457 30478 D DBReader: getQueueIDList() called
08-05 19:52:13.174 30457 30478 D DBReader: Extracting Feedlist
08-05 19:52:13.190   380   380 W SurfaceFlinger: couldn't log to binary event log: overflow.
08-05 19:52:13.368 30457 30457 D MainActivity: getLastNavFragment() -> QueueFragment
08-05 19:52:13.368 30457 30457 D MainActivity: handleNavIntent()
08-05 19:52:13.371   918   936 I ActivityManager: Displayed baseline.de.danoeh.antennapod.debug/baseline.de.danoeh.antennapod.activity.MainActivity: +336ms (total +655ms)
08-05 19:52:13.379 13866 13866 I GoogleInputMethodServic: GoogleInputMethodService.onFinishInput():3138 
08-05 19:52:13.380 13866 13866 I GoogleInputMethodServic: GoogleInputMethodService.onStartInput():1808 
08-05 19:52:13.393 29532 29532 W PathParser: Points are too far apart 4.030360828967057
08-05 19:52:13.393 29532 29532 W PathParser: Points are too far apart 4.030360538880159
08-05 19:52:13.407 29532 29532 W PathParser: Points are too far apart 4.030360828967057
08-05 19:52:13.408 29532 29532 W PathParser: Points are too far apart 4.030360538880159
08-05 19:52:13.424 29532 29532 W PathParser: Points are too far apart 4.030360828967057
08-05 19:52:13.424 29532 29532 W PathParser: Points are too far apart 4.030360538880159
08-05 19:52:13.441 29532 29532 W PathParser: Points are too far apart 4.030360828967057
08-05 19:52:13.441 29532 29532 W PathParser: Points are too far apart 4.030360538880159
08-05 19:52:13.458 29532 29532 W PathParser: Points are too far apart 4.030360828967057
08-05 19:52:13.458 29532 29532 W PathParser: Points are too far apart 4.030360538880159
08-05 19:52:13.474 29532 29532 W PathParser: Points are too far apart 4.030360828967057
08-05 19:52:13.475 29532 29532 W PathParser: Points are too far apart 4.030360538880159
08-05 19:52:13.493 29532 29532 W PathParser: Points are too far apart 4.030360828967057
08-05 19:52:13.493 29532 29532 W PathParser: Points are too far apart 4.030360538880159
08-05 19:52:13.510 29532 29532 W PathParser: Points are too far apart 4.030360828967057
08-05 19:52:13.510 29532 29532 W PathParser: Points are too far apart 4.030360538880159
08-05 19:52:13.919 24577 31546 I Icing   : Indexing com.google.android.gms-apps from com.google.android.gms
08-05 19:52:14.023 24577 31546 I Icing   : Indexing done com.google.android.gms-apps
08-05 19:52:14.181 30457 30503 D DBReader: Extracting Feedlist
08-05 19:52:14.184 30457 30503 D FlattrUtils: Retrieving access token
08-05 19:52:14.184 30457 30503 D FlattrUtils: No access token found
08-05 19:52:14.186 30457 30503 I art     : Rejecting re-init on previously-failed class java.lang.Class<androidx.core.app.JobIntentService$JobServiceEngineImpl>
08-05 19:52:14.186 30457 30503 I art     : Rejecting re-init on previously-failed class java.lang.Class<androidx.core.app.JobIntentService$JobServiceEngineImpl>
08-05 19:52:14.187 30457 30503 I art     : Rejecting re-init on previously-failed class java.lang.Class<androidx.core.app.SafeJobIntentService$SafeJobServiceEngineImpl>
08-05 19:52:14.187 30457 30503 I art     : Rejecting re-init on previously-failed class java.lang.Class<androidx.core.app.SafeJobIntentService$SafeJobServiceEngineImpl>
08-05 19:52:14.321 30500 30500 D AndroidRuntime: >>>>>> START com.android.internal.os.RuntimeInit uid 2000 <<<<<<
08-05 19:52:14.328 30500 30500 D AndroidRuntime: CheckJNI is OFF
08-05 19:52:14.367 30500 30500 D ICU     : No timezone override file found: /data/misc/zoneinfo/current/icu/icu_tzdata.dat
08-05 19:52:14.400 30500 30500 I Radio-JNI: register_android_hardware_Radio DONE
08-05 19:52:14.416 30500 30500 D AndroidRuntime: Calling main entry com.android.commands.am.Am
08-05 19:52:14.427  5615  5615 I Trepn   : Trepn 6.2s: Received intent: com.quicinc.trepn.start_profiling
08-05 19:52:14.505  5615  5615 W FileUtils: Failed to chmod(/storage/emulated/0/trepn/Trepn_2020.08.05_195214.db): android.system.ErrnoException: chmod failed: EPERM (Operation not permitted)
08-05 19:52:14.587  5615  5615 I Trepn   : Trepn 6.2s: Trepn has Started Profiling.
08-05 19:52:14.588 30500 30500 D AndroidRuntime: Shutting down VM
08-05 19:52:14.644 13866 13866 I GoogleInputMethodServic: GoogleInputMethodService.onFinishInput():3138 
08-05 19:52:14.645 13866 13866 I GoogleInputMethodServic: GoogleInputMethodService.onStartInput():1808 
08-05 19:52:15.073 30457 30471 I art     : Starting a blocking GC Explicit
08-05 19:52:15.092 30457 30471 I art     : Explicit concurrent mark sweep GC freed 6760(712KB) AllocSpace objects, 3(60KB) LOS objects, 40% free, 23MB/38MB, paused 159us total 19.075ms
08-05 19:52:15.100 30457 30471 I art     : Starting a blocking GC Explicit
08-05 19:52:15.114 30457 30471 I art     : Explicit concurrent mark sweep GC freed 2935(174KB) AllocSpace objects, 2(588KB) LOS objects, 40% free, 22MB/37MB, paused 131us total 13.463ms
08-05 19:52:15.120 30457 30471 I art     : Starting a blocking GC Explicit
08-05 19:52:15.132 30457 30471 I art     : Explicit concurrent mark sweep GC freed 3(96B) AllocSpace objects, 0(0B) LOS objects, 40% free, 22MB/37MB, paused 139us total 12.429ms
08-05 19:52:15.139 30457 30471 I art     : Starting a blocking GC Explicit
08-05 19:52:15.151 30457 30471 I art     : Explicit concurrent mark sweep GC freed 3(96B) AllocSpace objects, 0(0B) LOS objects, 40% free, 22MB/37MB, paused 138us total 12.463ms
08-05 19:52:15.157 30457 30471 I art     : Starting a blocking GC Explicit
08-05 19:52:15.170 30457 30471 I art     : Explicit concurrent mark sweep GC freed 3(96B) AllocSpace objects, 0(0B) LOS objects, 40% free, 22MB/37MB, paused 141us total 12.423ms
08-05 19:52:15.438 30457 30470 I art     : Starting a blocking GC Explicit
08-05 19:52:15.458 30457 30470 I art     : Explicit concurrent mark sweep GC freed 1371(82KB) AllocSpace objects, 1(20KB) LOS objects, 40% free, 22MB/37MB, paused 191us total 19.028ms
08-05 19:52:15.468 30457 30470 I art     : Starting a blocking GC Explicit
08-05 19:52:15.481 30457 30470 I art     : Explicit concurrent mark sweep GC freed 23(752B) AllocSpace objects, 0(0B) LOS objects, 40% free, 22MB/37MB, paused 142us total 13.139ms
08-05 19:52:15.488 30457 30470 I art     : Starting a blocking GC Explicit
08-05 19:52:15.501 30457 30470 I art     : Explicit concurrent mark sweep GC freed 3(96B) AllocSpace objects, 0(0B) LOS objects, 40% free, 22MB/37MB, paused 131us total 12.925ms
08-05 19:52:15.507 30457 30470 I art     : Starting a blocking GC Explicit
08-05 19:52:15.520 30457 30470 I art     : Explicit concurrent mark sweep GC freed 3(96B) AllocSpace objects, 0(0B) LOS objects, 40% free, 22MB/37MB, paused 135us total 12.419ms
08-05 19:52:15.526 30457 30470 I art     : Starting a blocking GC Explicit
08-05 19:52:15.539 30457 30470 I art     : Explicit concurrent mark sweep GC freed 3(96B) AllocSpace objects, 0(0B) LOS objects, 40% free, 22MB/37MB, paused 140us total 12.545ms
08-05 19:52:15.555   518   646 I ThermalEngine: ACTION: GPU - Setting GPU[0] to 510000000
08-05 19:52:15.805 30457 30485 I art     : Starting a blocking GC Explicit
08-05 19:52:15.822 30457 30485 I art     : Explicit concurrent mark sweep GC freed 1359(79KB) AllocSpace objects, 1(20KB) LOS objects, 40% free, 22MB/37MB, paused 169us total 17.075ms
08-05 19:52:15.831 30457 30485 I art     : Starting a blocking GC Explicit
08-05 19:52:15.848 30457 30485 I art     : Explicit concurrent mark sweep GC freed 23(752B) AllocSpace objects, 0(0B) LOS objects, 40% free, 22MB/37MB, paused 193us total 16.828ms
08-05 19:52:15.856 30457 30485 I art     : Starting a blocking GC Explicit
08-05 19:52:15.871 30457 30485 I art     : Explicit concurrent mark sweep GC freed 3(96B) AllocSpace objects, 0(0B) LOS objects, 40% free, 22MB/37MB, paused 185us total 15.438ms
08-05 19:52:15.879 30457 30485 I art     : Starting a blocking GC Explicit
08-05 19:52:15.895 30457 30485 I art     : Explicit concurrent mark sweep GC freed 28(784B) AllocSpace objects, 0(0B) LOS objects, 40% free, 22MB/37MB, paused 189us total 15.664ms
08-05 19:52:15.903 30457 30485 I art     : Starting a blocking GC Explicit
08-05 19:52:15.919 30457 30485 I art     : Explicit concurrent mark sweep GC freed 3(96B) AllocSpace objects, 0(0B) LOS objects, 40% free, 22MB/37MB, paused 179us total 15.728ms
08-05 19:52:16.247 30457 30470 I art     : Starting a blocking GC Explicit
08-05 19:52:16.267 30457 30470 I art     : Explicit concurrent mark sweep GC freed 1363(80KB) AllocSpace objects, 1(20KB) LOS objects, 40% free, 22MB/37MB, paused 338us total 19.948ms
08-05 19:52:16.275 30457 30470 I art     : Starting a blocking GC Explicit
08-05 19:52:16.291 30457 30470 I art     : Explicit concurrent mark sweep GC freed 26(848B) AllocSpace objects, 0(0B) LOS objects, 40% free, 22MB/37MB, paused 183us total 15.966ms
08-05 19:52:16.300 30457 30470 I art     : Starting a blocking GC Explicit
08-05 19:52:16.316 30457 30470 I art     : Explicit concurrent mark sweep GC freed 6(192B) AllocSpace objects, 0(0B) LOS objects, 40% free, 22MB/37MB, paused 169us total 15.507ms
08-05 19:52:16.324 30457 30470 I art     : Starting a blocking GC Explicit
08-05 19:52:16.340 30457 30470 I art     : Explicit concurrent mark sweep GC freed 6(192B) AllocSpace objects, 0(0B) LOS objects, 40% free, 22MB/37MB, paused 181us total 15.805ms
08-05 19:52:16.348 30457 30470 I art     : Starting a blocking GC Explicit
08-05 19:52:16.363 30457 30470 I art     : Explicit concurrent mark sweep GC freed 6(192B) AllocSpace objects, 0(0B) LOS objects, 40% free, 22MB/37MB, paused 170us total 15.553ms
08-05 19:52:16.659 30457 30471 I art     : Starting a blocking GC Explicit
08-05 19:52:16.677 30457 30471 I art     : Explicit concurrent mark sweep GC freed 1369(80KB) AllocSpace objects, 1(20KB) LOS objects, 40% free, 22MB/37MB, paused 254us total 16.986ms
08-05 19:52:16.685 30457 30471 I art     : Starting a blocking GC Explicit
08-05 19:52:16.701 30457 30471 I art     : Explicit concurrent mark sweep GC freed 23(752B) AllocSpace objects, 0(0B) LOS objects, 40% free, 22MB/37MB, paused 202us total 16.422ms
08-05 19:52:16.709 30457 30471 I art     : Starting a blocking GC Explicit
08-05 19:52:16.725 30457 30471 I art     : Explicit concurrent mark sweep GC freed 3(96B) AllocSpace objects, 0(0B) LOS objects, 40% free, 22MB/37MB, paused 185us total 15.816ms
08-05 19:52:16.733 30457 30471 I art     : Starting a blocking GC Explicit
08-05 19:52:16.750 30457 30471 I art     : Explicit concurrent mark sweep GC freed 3(96B) AllocSpace objects, 0(0B) LOS objects, 40% free, 22MB/37MB, paused 193us total 16.338ms
08-05 19:52:16.758 30457 30471 I art     : Starting a blocking GC Explicit
08-05 19:52:16.774 30457 30471 I art     : Explicit concurrent mark sweep GC freed 3(96B) AllocSpace objects, 0(0B) LOS objects, 40% free, 22MB/37MB, paused 187us total 16.002ms
08-05 19:52:17.103 30457 30470 I art     : Starting a blocking GC Explicit
08-05 19:52:17.124 30457 30470 I art     : Explicit concurrent mark sweep GC freed 1383(81KB) AllocSpace objects, 1(20KB) LOS objects, 40% free, 22MB/37MB, paused 200us total 20.491ms
08-05 19:52:17.136 30457 30470 I art     : Starting a blocking GC Explicit
08-05 19:52:17.155 30457 30470 I art     : Explicit concurrent mark sweep GC freed 23(752B) AllocSpace objects, 0(0B) LOS objects, 40% free, 22MB/37MB, paused 196us total 18.625ms
08-05 19:52:17.164 30457 30470 I art     : Starting a blocking GC Explicit
08-05 19:52:17.180 30457 30470 I art     : Explicit concurrent mark sweep GC freed 3(96B) AllocSpace objects, 0(0B) LOS objects, 40% free, 22MB/37MB, paused 193us total 15.984ms
08-05 19:52:17.188 30457 30470 I art     : Starting a blocking GC Explicit
08-05 19:52:17.204 30457 30470 I art     : Explicit concurrent mark sweep GC freed 3(96B) AllocSpace objects, 0(0B) LOS objects, 40% free, 22MB/37MB, paused 191us total 15.801ms
08-05 19:52:17.212 30457 30470 I art     : Starting a blocking GC Explicit
08-05 19:52:17.228 30457 30470 I art     : Explicit concurrent mark sweep GC freed 3(96B) AllocSpace objects, 0(0B) LOS objects, 40% free, 22MB/37MB, paused 183us total 15.730ms
08-05 19:52:17.533 30457 30485 I art     : Starting a blocking GC Explicit
08-05 19:52:17.554 30457 30485 I art     : Explicit concurrent mark sweep GC freed 1360(81KB) AllocSpace objects, 1(20KB) LOS objects, 40% free, 22MB/37MB, paused 206us total 20.048ms
08-05 19:52:17.563 30457 30485 I art     : Starting a blocking GC Explicit
08-05 19:52:17.579 30457 30485 I art     : Explicit concurrent mark sweep GC freed 23(752B) AllocSpace objects, 0(0B) LOS objects, 40% free, 22MB/37MB, paused 176us total 15.874ms
08-05 19:52:17.587 30457 30485 I art     : Starting a blocking GC Explicit
08-05 19:52:17.603 30457 30485 I art     : Explicit concurrent mark sweep GC freed 3(96B) AllocSpace objects, 0(0B) LOS objects, 40% free, 22MB/37MB, paused 185us total 15.342ms
08-05 19:52:17.611 30457 30485 I art     : Starting a blocking GC Explicit
08-05 19:52:17.626 30457 30485 I art     : Explicit concurrent mark sweep GC freed 3(96B) AllocSpace objects, 0(0B) LOS objects, 40% free, 22MB/37MB, paused 179us total 15.544ms
08-05 19:52:17.634 30457 30485 I art     : Starting a blocking GC Explicit
08-05 19:52:17.650 30457 30485 I art     : Explicit concurrent mark sweep GC freed 3(96B) AllocSpace objects, 0(0B) LOS objects, 40% free, 22MB/37MB, paused 189us total 15.717ms
08-05 19:52:17.957 30457 30471 I art     : Starting a blocking GC Explicit
08-05 19:52:17.978 30457 30471 I art     : Explicit concurrent mark sweep GC freed 1384(82KB) AllocSpace objects, 1(20KB) LOS objects, 40% free, 22MB/37MB, paused 236us total 20ms
08-05 19:52:17.989 30457 30471 I art     : Starting a blocking GC Explicit
08-05 19:52:18.005 30457 30471 I art     : Explicit concurrent mark sweep GC freed 23(752B) AllocSpace objects, 0(0B) LOS objects, 40% free, 22MB/37MB, paused 198us total 16.331ms
08-05 19:52:18.013 30457 30471 I art     : Starting a blocking GC Explicit
08-05 19:52:18.029 30457 30471 I art     : Explicit concurrent mark sweep GC freed 3(96B) AllocSpace objects, 0(0B) LOS objects, 40% free, 22MB/37MB, paused 195us total 15.714ms
08-05 19:52:18.037 30457 30471 I art     : Starting a blocking GC Explicit
08-05 19:52:18.053 30457 30471 I art     : Explicit concurrent mark sweep GC freed 3(96B) AllocSpace objects, 0(0B) LOS objects, 40% free, 22MB/37MB, paused 194us total 16.013ms
08-05 19:52:18.061 30457 30471 I art     : Starting a blocking GC Explicit
08-05 19:52:18.077 30457 30471 I art     : Explicit concurrent mark sweep GC freed 3(96B) AllocSpace objects, 0(0B) LOS objects, 40% free, 22MB/37MB, paused 186us total 15.871ms
08-05 19:52:18.381 30457 30470 I art     : Starting a blocking GC Explicit
08-05 19:52:18.385 13866 13882 I PeriodicStatsRunner: PeriodicStatsRunner.call():175 call()
08-05 19:52:18.385 13866 13882 I PeriodicStatsRunner: PeriodicStatsRunner.call():179 No submit PeriodicStats since input started.
08-05 19:52:18.405 30457 30470 I art     : Explicit concurrent mark sweep GC freed 1358(79KB) AllocSpace objects, 1(20KB) LOS objects, 40% free, 22MB/37MB, paused 217us total 23.343ms
08-05 19:52:18.415 30457 30470 I art     : Starting a blocking GC Explicit
08-05 19:52:18.435 30457 30470 I art     : Explicit concurrent mark sweep GC freed 23(752B) AllocSpace objects, 0(0B) LOS objects, 40% free, 22MB/37MB, paused 197us total 18.670ms
08-05 19:52:18.444 30457 30470 I art     : Starting a blocking GC Explicit
08-05 19:52:18.461 30457 30470 I art     : Explicit concurrent mark sweep GC freed 3(96B) AllocSpace objects, 0(0B) LOS objects, 40% free, 22MB/37MB, paused 184us total 16.418ms
08-05 19:52:18.469 30457 30470 I art     : Starting a blocking GC Explicit
08-05 19:52:18.485 30457 30470 I art     : Explicit concurrent mark sweep GC freed 3(96B) AllocSpace objects, 0(0B) LOS objects, 40% free, 22MB/37MB, paused 180us total 15.602ms
08-05 19:52:18.493 30457 30470 I art     : Starting a blocking GC Explicit
08-05 19:52:18.509 30457 30470 I art     : Explicit concurrent mark sweep GC freed 3(96B) AllocSpace objects, 0(0B) LOS objects, 40% free, 22MB/37MB, paused 186us total 15.799ms
08-05 19:52:18.766 30457 30485 I art     : Starting a blocking GC Explicit
08-05 19:52:18.781 30457 30485 I art     : Explicit concurrent mark sweep GC freed 1358(79KB) AllocSpace objects, 1(20KB) LOS objects, 40% free, 22MB/37MB, paused 170us total 15.346ms
08-05 19:52:18.789 30457 30485 I art     : Starting a blocking GC Explicit
08-05 19:52:18.804 30457 30485 I art     : Explicit concurrent mark sweep GC freed 23(752B) AllocSpace objects, 0(0B) LOS objects, 40% free, 22MB/37MB, paused 182us total 15.235ms
08-05 19:52:18.813 30457 30485 I art     : Starting a blocking GC Explicit
08-05 19:52:18.828 30457 30485 I art     : Explicit concurrent mark sweep GC freed 3(96B) AllocSpace objects, 0(0B) LOS objects, 40% free, 22MB/37MB, paused 164us total 15.167ms
08-05 19:52:18.835 30457 30485 I art     : Starting a blocking GC Explicit
08-05 19:52:18.850 30457 30485 I art     : Explicit concurrent mark sweep GC freed 3(96B) AllocSpace objects, 0(0B) LOS objects, 40% free, 22MB/37MB, paused 184us total 14.983ms
08-05 19:52:18.859 30457 30485 I art     : Starting a blocking GC Explicit
08-05 19:52:18.874 30457 30485 I art     : Explicit concurrent mark sweep GC freed 3(96B) AllocSpace objects, 0(0B) LOS objects, 40% free, 22MB/37MB, paused 180us total 15.493ms
08-05 19:52:19.168 30457 30471 I art     : Starting a blocking GC Explicit
08-05 19:52:19.188 30457 30471 I art     : Explicit concurrent mark sweep GC freed 1383(80KB) AllocSpace objects, 1(20KB) LOS objects, 40% free, 22MB/37MB, paused 210us total 19.976ms
08-05 19:52:19.201 30457 30471 I art     : Starting a blocking GC Explicit
08-05 19:52:19.218 30457 30471 I art     : Explicit concurrent mark sweep GC freed 23(752B) AllocSpace objects, 0(0B) LOS objects, 40% free, 22MB/37MB, paused 181us total 17.079ms
08-05 19:52:19.226 30457 30471 I art     : Starting a blocking GC Explicit
08-05 19:52:19.241 30457 30471 I art     : Explicit concurrent mark sweep GC freed 3(96B) AllocSpace objects, 0(0B) LOS objects, 40% free, 22MB/37MB, paused 186us total 15.627ms
08-05 19:52:19.249 30457 30471 I art     : Starting a blocking GC Explicit
08-05 19:52:19.265 30457 30471 I art     : Explicit concurrent mark sweep GC freed 3(96B) AllocSpace objects, 0(0B) LOS objects, 40% free, 22MB/37MB, paused 186us total 15.535ms
08-05 19:52:19.273 30457 30471 I art     : Starting a blocking GC Explicit
08-05 19:52:19.288 30457 30471 I art     : Explicit concurrent mark sweep GC freed 3(96B) AllocSpace objects, 0(0B) LOS objects, 40% free, 22MB/37MB, paused 181us total 15.428ms
08-05 19:52:19.537 30457 30470 I art     : Starting a blocking GC Explicit
08-05 19:52:19.552 30457 30470 I art     : Explicit concurrent mark sweep GC freed 1358(79KB) AllocSpace objects, 1(20KB) LOS objects, 40% free, 22MB/37MB, paused 179us total 15.332ms
08-05 19:52:19.560 30457 30470 I art     : Starting a blocking GC Explicit
08-05 19:52:19.576 30457 30470 I art     : Explicit concurrent mark sweep GC freed 23(752B) AllocSpace objects, 0(0B) LOS objects, 40% free, 22MB/37MB, paused 186us total 15.643ms
08-05 19:52:19.584 30457 30470 I art     : Starting a blocking GC Explicit
08-05 19:52:19.599 30457 30470 I art     : Explicit concurrent mark sweep GC freed 3(96B) AllocSpace objects, 0(0B) LOS objects, 40% free, 22MB/37MB, paused 191us total 15.393ms
08-05 19:52:19.607 30457 30470 I art     : Starting a blocking GC Explicit
08-05 19:52:19.623 30457 30470 I art     : Explicit concurrent mark sweep GC freed 3(96B) AllocSpace objects, 0(0B) LOS objects, 40% free, 22MB/37MB, paused 186us total 15.803ms
08-05 19:52:19.631 30457 30470 I art     : Starting a blocking GC Explicit
08-05 19:52:19.645 13866 13882 I PeriodicStatsRunner: PeriodicStatsRunner.call():175 call()
08-05 19:52:19.645 13866 13882 I PeriodicStatsRunner: PeriodicStatsRunner.call():179 No submit PeriodicStats since input started.
08-05 19:52:19.646 30457 30470 I art     : Explicit concurrent mark sweep GC freed 3(96B) AllocSpace objects, 0(0B) LOS objects, 40% free, 22MB/37MB, paused 199us total 15.189ms
08-05 19:52:19.917 30654 30654 D AndroidRuntime: >>>>>> START com.android.internal.os.RuntimeInit uid 2000 <<<<<<
08-05 19:52:19.922 30654 30654 D AndroidRuntime: CheckJNI is OFF
08-05 19:52:19.936 30457 30485 I art     : Starting a blocking GC Explicit
08-05 19:52:19.952 30457 30485 I art     : Explicit concurrent mark sweep GC freed 1382(80KB) AllocSpace objects, 1(20KB) LOS objects, 40% free, 22MB/37MB, paused 205us total 15.941ms
08-05 19:52:19.958 30654 30654 D ICU     : No timezone override file found: /data/misc/zoneinfo/current/icu/icu_tzdata.dat
08-05 19:52:19.960 30457 30485 I art     : Starting a blocking GC Explicit
08-05 19:52:19.977 30457 30485 I art     : Explicit concurrent mark sweep GC freed 23(752B) AllocSpace objects, 0(0B) LOS objects, 40% free, 22MB/37MB, paused 251us total 16.090ms
08-05 19:52:19.984 30457 30485 I art     : Starting a blocking GC Explicit
08-05 19:52:19.992 30654 30654 I Radio-JNI: register_android_hardware_Radio DONE
08-05 19:52:19.999 30457 30485 I art     : Explicit concurrent mark sweep GC freed 3(96B) AllocSpace objects, 0(0B) LOS objects, 40% free, 22MB/37MB, paused 201us total 14.955ms
08-05 19:52:20.007 30457 30485 I art     : Starting a blocking GC Explicit
08-05 19:52:20.015 30654 30654 D AndroidRuntime: Calling main entry com.android.commands.input.Input
08-05 19:52:20.017 30654 30654 I Input   : injectMotionEvent: MotionEvent { action=ACTION_DOWN, actionButton=0, id[0]=0, x[0]=1233.0, y[0]=1274.0, toolType[0]=TOOL_TYPE_UNKNOWN, buttonState=0, metaState=0, flags=0x0, edgeFlags=0x0, pointerCount=1, historySize=0, eventTime=820356430, downTime=820356430, deviceId=0, source=0x1002 }
08-05 19:52:20.022 30457 30485 I art     : Explicit concurrent mark sweep GC freed 3(96B) AllocSpace objects, 0(0B) LOS objects, 40% free, 22MB/37MB, paused 264us total 15.327ms
08-05 19:52:20.025 30654 30654 I Input   : injectMotionEvent: MotionEvent { action=ACTION_UP, actionButton=0, id[0]=0, x[0]=1233.0, y[0]=1274.0, toolType[0]=TOOL_TYPE_UNKNOWN, buttonState=0, metaState=0, flags=0x0, edgeFlags=0x0, pointerCount=1, historySize=0, eventTime=820356430, downTime=820356430, deviceId=0, source=0x1002 }
08-05 19:52:20.026 30654 30654 D AndroidRuntime: Shutting down VM
08-05 19:52:20.030 30457 30485 I art     : Starting a blocking GC Explicit
08-05 19:52:20.047 30457 30485 I art     : Explicit concurrent mark sweep GC freed 6(192B) AllocSpace objects, 0(0B) LOS objects, 40% free, 22MB/37MB, paused 205us total 16.790ms
08-05 19:52:20.304 30457 30470 I art     : Starting a blocking GC Explicit
08-05 19:52:20.320 30457 30470 I art     : Explicit concurrent mark sweep GC freed 1357(79KB) AllocSpace objects, 1(20KB) LOS objects, 40% free, 22MB/37MB, paused 185us total 16.162ms
08-05 19:52:20.329 30457 30470 I art     : Starting a blocking GC Explicit
08-05 19:52:20.346 30457 30470 I art     : Explicit concurrent mark sweep GC freed 23(752B) AllocSpace objects, 0(0B) LOS objects, 40% free, 22MB/37MB, paused 181us total 16.540ms
08-05 19:52:20.354 30457 30470 I art     : Starting a blocking GC Explicit
08-05 19:52:20.371 30457 30470 I art     : Explicit concurrent mark sweep GC freed 3(96B) AllocSpace objects, 0(0B) LOS objects, 40% free, 22MB/37MB, paused 220us total 16.895ms
08-05 19:52:20.379 30457 30470 I art     : Starting a blocking GC Explicit
08-05 19:52:20.396 30457 30470 I art     : Explicit concurrent mark sweep GC freed 3(96B) AllocSpace objects, 0(0B) LOS objects, 40% free, 22MB/37MB, paused 191us total 16.024ms
08-05 19:52:20.404 30457 30470 I art     : Starting a blocking GC Explicit
08-05 19:52:20.421 30457 30470 I art     : Explicit concurrent mark sweep GC freed 3(96B) AllocSpace objects, 0(0B) LOS objects, 40% free, 22MB/37MB, paused 177us total 16.389ms
08-05 19:52:20.452 13866 13866 I GoogleInputMethodServic: GoogleInputMethodService.onFinishInput():3138 
08-05 19:52:20.453 13866 13866 I GoogleInputMethodServic: GoogleInputMethodService.onStartInput():1808 
08-05 19:52:20.695 30457 30471 I art     : Starting a blocking GC Explicit
08-05 19:52:20.719 30457 30471 I art     : Explicit concurrent mark sweep GC freed 1454(83KB) AllocSpace objects, 1(20KB) LOS objects, 40% free, 22MB/37MB, paused 205us total 23.555ms
08-05 19:52:20.727 30457 30471 I art     : Starting a blocking GC Explicit
08-05 19:52:20.743 30457 30471 I art     : Explicit concurrent mark sweep GC freed 31(1200B) AllocSpace objects, 0(0B) LOS objects, 40% free, 22MB/37MB, paused 192us total 16.056ms
08-05 19:52:20.751 30457 30471 I art     : Starting a blocking GC Explicit
08-05 19:52:20.767 30457 30471 I art     : Explicit concurrent mark sweep GC freed 3(96B) AllocSpace objects, 0(0B) LOS objects, 40% free, 22MB/37MB, paused 197us total 15.551ms
08-05 19:52:20.775 30457 30471 I art     : Starting a blocking GC Explicit
08-05 19:52:20.791 30457 30471 I art     : Explicit concurrent mark sweep GC freed 3(96B) AllocSpace objects, 0(0B) LOS objects, 40% free, 22MB/37MB, paused 186us total 15.558ms
08-05 19:52:20.798 30457 30471 I art     : Starting a blocking GC Explicit
08-05 19:52:20.814 30457 30471 I art     : Explicit concurrent mark sweep GC freed 3(96B) AllocSpace objects, 0(0B) LOS objects, 40% free, 22MB/37MB, paused 189us total 15.664ms
08-05 19:52:21.090 30457 30485 I art     : Starting a blocking GC Explicit
08-05 19:52:21.109 30457 30485 I art     : Explicit concurrent mark sweep GC freed 1382(80KB) AllocSpace objects, 1(20KB) LOS objects, 40% free, 22MB/37MB, paused 198us total 18.872ms
08-05 19:52:21.120 30457 30485 I art     : Starting a blocking GC Explicit
08-05 19:52:21.136 30457 30485 I art     : Explicit concurrent mark sweep GC freed 23(752B) AllocSpace objects, 0(0B) LOS objects, 40% free, 22MB/37MB, paused 181us total 16.378ms
08-05 19:52:21.144 30457 30485 I art     : Starting a blocking GC Explicit
08-05 19:52:21.161 30457 30485 I art     : Explicit concurrent mark sweep GC freed 3(96B) AllocSpace objects, 0(0B) LOS objects, 40% free, 22MB/37MB, paused 178us total 16.136ms
08-05 19:52:21.169 30457 30485 I art     : Starting a blocking GC Explicit
08-05 19:52:21.185 30457 30485 I art     : Explicit concurrent mark sweep GC freed 3(96B) AllocSpace objects, 0(0B) LOS objects, 40% free, 22MB/37MB, paused 185us total 15.924ms
08-05 19:52:21.193 30457 30485 I art     : Starting a blocking GC Explicit
08-05 19:52:21.209 30457 30485 I art     : Explicit concurrent mark sweep GC freed 3(96B) AllocSpace objects, 0(0B) LOS objects, 40% free, 22MB/37MB, paused 187us total 15.956ms
08-05 19:52:21.469 30457 30470 I art     : Starting a blocking GC Explicit
08-05 19:52:21.485 30457 30470 I art     : Explicit concurrent mark sweep GC freed 1357(79KB) AllocSpace objects, 1(20KB) LOS objects, 40% free, 22MB/37MB, paused 189us total 16.155ms
08-05 19:52:21.493 30457 30470 I art     : Starting a blocking GC Explicit
08-05 19:52:21.509 30457 30470 I art     : Explicit concurrent mark sweep GC freed 23(752B) AllocSpace objects, 0(0B) LOS objects, 40% free, 22MB/37MB, paused 186us total 16.081ms
08-05 19:52:21.517 30457 30470 I art     : Starting a blocking GC Explicit
08-05 19:52:21.533 30457 30470 I art     : Explicit concurrent mark sweep GC freed 3(96B) AllocSpace objects, 0(0B) LOS objects, 40% free, 22MB/37MB, paused 198us total 15.785ms
08-05 19:52:21.541 30457 30470 I art     : Starting a blocking GC Explicit
08-05 19:52:21.557 30457 30470 I art     : Explicit concurrent mark sweep GC freed 3(96B) AllocSpace objects, 0(0B) LOS objects, 40% free, 22MB/37MB, paused 240us total 15.626ms
08-05 19:52:21.564 30457 30470 I art     : Starting a blocking GC Explicit
08-05 19:52:21.580 30457 30470 I art     : Explicit concurrent mark sweep GC freed 3(96B) AllocSpace objects, 0(0B) LOS objects, 40% free, 22MB/37MB, paused 179us total 15.396ms
08-05 19:52:21.671 30707 30707 D AndroidRuntime: >>>>>> START com.android.internal.os.RuntimeInit uid 2000 <<<<<<
08-05 19:52:21.678 30707 30707 D AndroidRuntime: CheckJNI is OFF
08-05 19:52:21.719 30707 30707 D ICU     : No timezone override file found: /data/misc/zoneinfo/current/icu/icu_tzdata.dat
08-05 19:52:21.752 30707 30707 I Radio-JNI: register_android_hardware_Radio DONE
08-05 19:52:21.773 30707 30707 D AndroidRuntime: Calling main entry com.android.commands.input.Input
08-05 19:52:21.775 30707 30707 I Input   : injectMotionEvent: MotionEvent { action=ACTION_DOWN, actionButton=0, id[0]=0, x[0]=103.0, y[0]=192.0, toolType[0]=TOOL_TYPE_UNKNOWN, buttonState=0, metaState=0, flags=0x0, edgeFlags=0x0, pointerCount=1, historySize=0, eventTime=820358188, downTime=820358188, deviceId=0, source=0x1002 }
08-05 19:52:21.780 30707 30707 I Input   : injectMotionEvent: MotionEvent { action=ACTION_UP, actionButton=0, id[0]=0, x[0]=103.0, y[0]=192.0, toolType[0]=TOOL_TYPE_UNKNOWN, buttonState=0, metaState=0, flags=0x0, edgeFlags=0x0, pointerCount=1, historySize=0, eventTime=820358188, downTime=820358188, deviceId=0, source=0x1002 }
08-05 19:52:21.782 30707 30707 D AndroidRuntime: Shutting down VM
08-05 19:52:21.805   512  2967 D audio_hw_primary: out_set_parameters: enter: usecase(1: low-latency-playback) kvpairs: routing=2
08-05 19:52:21.818   512  2967 D audio_hw_primary: select_devices: out_snd_device(2: speaker) in_snd_device(0: none)
08-05 19:52:21.818   512  2967 D msm8974_platform: platform_send_audio_calibration: sending audio calibration for snd_device(2) acdb_id(15)
08-05 19:52:21.818   512  2967 I soundtrigger: audio_extn_sound_trigger_update_device_status: device 0x2 of type 0 for Event 1
08-05 19:52:21.828   512  2967 D audio_hw_primary: enable_snd_device: snd_device(2: speaker)
08-05 19:52:21.830   512  2967 D audio_hw_primary: enable_audio_route: apply and update mixer path: low-latency-playback speaker
08-05 19:52:21.839 13866 13866 I GoogleInputMethodServic: GoogleInputMethodService.onFinishInput():3138 
08-05 19:52:21.840 13866 13866 I GoogleInputMethodServic: GoogleInputMethodService.onStartInput():1808 
08-05 19:52:21.858 30457 30471 I art     : Starting a blocking GC Explicit
08-05 19:52:21.873 30457 30471 I art     : Explicit concurrent mark sweep GC freed 1866(104KB) AllocSpace objects, 1(20KB) LOS objects, 40% free, 22MB/37MB, paused 188us total 15.461ms
08-05 19:52:21.881 30457 30471 I art     : Starting a blocking GC Explicit
08-05 19:52:21.896 30457 30471 I art     : Explicit concurrent mark sweep GC freed 60(2176B) AllocSpace objects, 0(0B) LOS objects, 40% free, 22MB/37MB, paused 202us total 14.789ms
08-05 19:52:21.905 30457 30471 I art     : Starting a blocking GC Explicit
08-05 19:52:21.921 30457 30471 I art     : Explicit concurrent mark sweep GC freed 3(96B) AllocSpace objects, 0(0B) LOS objects, 40% free, 22MB/37MB, paused 210us total 15.893ms
08-05 19:52:21.929 30457 30471 I art     : Starting a blocking GC Explicit
08-05 19:52:21.945 30457 30471 I art     : Explicit concurrent mark sweep GC freed 3(96B) AllocSpace objects, 0(0B) LOS objects, 40% free, 22MB/37MB, paused 183us total 15.735ms
08-05 19:52:21.953 30457 30471 I art     : Starting a blocking GC Explicit
08-05 19:52:21.969 30457 30471 I art     : Explicit concurrent mark sweep GC freed 3(96B) AllocSpace objects, 0(0B) LOS objects, 40% free, 22MB/37MB, paused 173us total 16.054ms
08-05 19:52:22.209 30457 30485 I art     : Starting a blocking GC Explicit
08-05 19:52:22.226 30457 30485 I art     : Explicit concurrent mark sweep GC freed 1360(79KB) AllocSpace objects, 1(20KB) LOS objects, 40% free, 22MB/37MB, paused 185us total 16.440ms
08-05 19:52:22.234 30457 30485 I art     : Starting a blocking GC Explicit
08-05 19:52:22.250 30457 30485 I art     : Explicit concurrent mark sweep GC freed 49(1888B) AllocSpace objects, 0(0B) LOS objects, 40% free, 22MB/37MB, paused 226us total 16.675ms
08-05 19:52:22.259 30457 30485 I art     : Starting a blocking GC Explicit
08-05 19:52:22.275 30457 30485 I art     : Explicit concurrent mark sweep GC freed 11(352B) AllocSpace objects, 0(0B) LOS objects, 40% free, 22MB/37MB, paused 215us total 15.795ms
08-05 19:52:22.282 30457 30485 I art     : Starting a blocking GC Explicit
08-05 19:52:22.298 30457 30485 I art     : Explicit concurrent mark sweep GC freed 3(96B) AllocSpace objects, 0(0B) LOS objects, 40% free, 22MB/37MB, paused 198us total 15.554ms
08-05 19:52:22.305 30457 30485 I art     : Starting a blocking GC Explicit
08-05 19:52:22.320 30457 30485 I art     : Explicit concurrent mark sweep GC freed 3(96B) AllocSpace objects, 0(0B) LOS objects, 40% free, 22MB/37MB, paused 159us total 14.396ms
08-05 19:52:22.368   512  2967 D audio_hw_primary: disable_audio_route: reset and update mixer path: low-latency-playback speaker
08-05 19:52:22.369   512  2967 D audio_hw_primary: disable_snd_device: snd_device(2: speaker)
08-05 19:52:22.377   512  2967 I soundtrigger: audio_extn_sound_trigger_update_device_status: device 0x2 of type 0 for Event 0
08-05 19:52:22.437 30741 30741 D AndroidRuntime: >>>>>> START com.android.internal.os.RuntimeInit uid 2000 <<<<<<
08-05 19:52:22.442 30741 30741 D AndroidRuntime: CheckJNI is OFF
08-05 19:52:22.474 30741 30741 D ICU     : No timezone override file found: /data/misc/zoneinfo/current/icu/icu_tzdata.dat
08-05 19:52:22.507 30741 30741 I Radio-JNI: register_android_hardware_Radio DONE
08-05 19:52:22.528 30741 30741 D AndroidRuntime: Calling main entry com.android.commands.input.Input
08-05 19:52:22.529 30741 30741 I Input   : injectMotionEvent: MotionEvent { action=ACTION_DOWN, actionButton=0, id[0]=0, x[0]=324.0, y[0]=2298.0, toolType[0]=TOOL_TYPE_UNKNOWN, buttonState=0, metaState=0, flags=0x0, edgeFlags=0x0, pointerCount=1, historySize=0, eventTime=820358942, downTime=820358942, deviceId=0, source=0x1002 }
08-05 19:52:22.536 30741 30741 I Input   : injectMotionEvent: MotionEvent { action=ACTION_UP, actionButton=0, id[0]=0, x[0]=324.0, y[0]=2298.0, toolType[0]=TOOL_TYPE_UNKNOWN, buttonState=0, metaState=0, flags=0x0, edgeFlags=0x0, pointerCount=1, historySize=0, eventTime=820358942, downTime=820358942, deviceId=0, source=0x1002 }
08-05 19:52:22.546 30741 30741 D AndroidRuntime: Shutting down VM
08-05 19:52:22.550   918  3696 I ActivityManager: START u0 {cmp=baseline.de.danoeh.antennapod.debug/baseline.de.danoeh.antennapod.activity.PreferenceActivity} from uid 10695 on display 0
08-05 19:52:22.552   512  2967 D audio_hw_primary: out_set_parameters: enter: usecase(1: low-latency-playback) kvpairs: routing=2
08-05 19:52:22.565   512  2967 D audio_hw_primary: select_devices: out_snd_device(2: speaker) in_snd_device(0: none)
08-05 19:52:22.565   512  2967 D msm8974_platform: platform_send_audio_calibration: sending audio calibration for snd_device(2) acdb_id(15)
08-05 19:52:22.565   512  2967 I soundtrigger: audio_extn_sound_trigger_update_device_status: device 0x2 of type 0 for Event 1
08-05 19:52:22.571 30457 30471 I art     : Starting a blocking GC Explicit
08-05 19:52:22.577   512  2967 D audio_hw_primary: enable_snd_device: snd_device(2: speaker)
08-05 19:52:22.579   512  2967 D audio_hw_primary: enable_audio_route: apply and update mixer path: low-latency-playback speaker
08-05 19:52:22.588 30457 30471 I art     : Explicit concurrent mark sweep GC freed 1761(125KB) AllocSpace objects, 2(40KB) LOS objects, 40% free, 22MB/37MB, paused 430us total 17.094ms
08-05 19:52:22.597 30457 30471 I art     : Starting a blocking GC Explicit
08-05 19:52:22.615 30457 30471 I art     : Explicit concurrent mark sweep GC freed 592(110KB) AllocSpace objects, 0(0B) LOS objects, 40% free, 22MB/37MB, paused 843us total 17.722ms
08-05 19:52:22.622   512  2967 D AudioFlinger: mixer(0xf4740000) throttle end: throttle time(12)
08-05 19:52:22.624 30457 30471 I art     : Starting a blocking GC Explicit
08-05 19:52:22.640 30457 30471 I art     : Explicit concurrent mark sweep GC freed 457(60KB) AllocSpace objects, 0(0B) LOS objects, 40% free, 22MB/37MB, paused 209us total 16.559ms
08-05 19:52:22.648 30457 30471 I art     : Starting a blocking GC Explicit
08-05 19:52:22.662 30457 30471 I art     : Explicit concurrent mark sweep GC freed 68(3KB) AllocSpace objects, 0(0B) LOS objects, 40% free, 22MB/37MB, paused 183us total 14.665ms
08-05 19:52:22.670 30457 30471 I art     : Starting a blocking GC Explicit
08-05 19:52:22.687 30457 30471 I art     : Explicit concurrent mark sweep GC freed 1154(100KB) AllocSpace objects, 0(0B) LOS objects, 40% free, 22MB/38MB, paused 507us total 16.839ms
08-05 19:52:22.843   918   936 I ActivityManager: Displayed baseline.de.danoeh.antennapod.debug/baseline.de.danoeh.antennapod.activity.PreferenceActivity: +267ms
08-05 19:52:22.844 13866 13866 I GoogleInputMethodServic: GoogleInputMethodService.onFinishInput():3138 
08-05 19:52:22.845 13866 13866 I GoogleInputMethodServic: GoogleInputMethodService.onStartInput():1808 
08-05 19:52:22.870 30457 30479 D OpenGLRenderer: endAllStagingAnimators on 0x7f7d1fe000 (RippleDrawable) with handle 0x7f99e7a500
08-05 19:52:22.924 30457 30471 I art     : Starting a blocking GC Explicit
08-05 19:52:22.942 30457 30471 I art     : Explicit concurrent mark sweep GC freed 2289(145KB) AllocSpace objects, 1(20KB) LOS objects, 40% free, 23MB/38MB, paused 176us total 17.677ms
08-05 19:52:22.949 30457 30471 I art     : Starting a blocking GC Explicit
08-05 19:52:22.969 30457 30471 I art     : Explicit concurrent mark sweep GC freed 166(8KB) AllocSpace objects, 0(0B) LOS objects, 40% free, 23MB/38MB, paused 176us total 19.229ms
08-05 19:52:22.979 30457 30471 I art     : Starting a blocking GC Explicit
08-05 19:52:23.000 30457 30471 I art     : Explicit concurrent mark sweep GC freed 3(96B) AllocSpace objects, 0(0B) LOS objects, 40% free, 23MB/38MB, paused 199us total 20.760ms
08-05 19:52:23.008 30457 30471 I art     : Starting a blocking GC Explicit
08-05 19:52:23.029 30457 30471 I art     : Explicit concurrent mark sweep GC freed 3(96B) AllocSpace objects, 0(0B) LOS objects, 40% free, 23MB/38MB, paused 195us total 20.384ms
08-05 19:52:23.039 30457 30471 I art     : Starting a blocking GC Explicit
08-05 19:52:23.060 30457 30471 I art     : Explicit concurrent mark sweep GC freed 3(96B) AllocSpace objects, 0(0B) LOS objects, 40% free, 23MB/38MB, paused 175us total 20.442ms
08-05 19:52:23.083   380   380 W SurfaceFlinger: couldn't log to binary event log: overflow.
08-05 19:52:23.110   512  2967 D audio_hw_primary: disable_audio_route: reset and update mixer path: low-latency-playback speaker
08-05 19:52:23.111   512  2967 D audio_hw_primary: disable_snd_device: snd_device(2: speaker)
08-05 19:52:23.120   512  2967 I soundtrigger: audio_extn_sound_trigger_update_device_status: device 0x2 of type 0 for Event 0
08-05 19:52:23.214 30457 30457 D PlaybackController: Releasing PlaybackController
08-05 19:52:23.342 30457 30485 I art     : Starting a blocking GC Explicit
08-05 19:52:23.361 30457 30485 I art     : Explicit concurrent mark sweep GC freed 1620(97KB) AllocSpace objects, 1(20KB) LOS objects, 40% free, 23MB/39MB, paused 173us total 19.161ms
08-05 19:52:23.370 30457 30485 I art     : Starting a blocking GC Explicit
08-05 19:52:23.388 30457 30485 I art     : Explicit concurrent mark sweep GC freed 63(2064B) AllocSpace objects, 0(0B) LOS objects, 40% free, 23MB/39MB, paused 179us total 17.645ms
08-05 19:52:23.395 30457 30485 I art     : Starting a blocking GC Explicit
08-05 19:52:23.413 30457 30485 I art     : Explicit concurrent mark sweep GC freed 3(96B) AllocSpace objects, 0(0B) LOS objects, 40% free, 23MB/39MB, paused 192us total 17.539ms
08-05 19:52:23.413 30457 30468 I art     : WaitForGcToComplete blocked for 8.618ms for cause HeapTrim
08-05 19:52:23.422 30457 30485 I art     : Starting a blocking GC Explicit
08-05 19:52:23.440 30457 30485 I art     : Explicit concurrent mark sweep GC freed 3(96B) AllocSpace objects, 0(0B) LOS objects, 40% free, 23MB/39MB, paused 177us total 18.229ms
08-05 19:52:23.448 30457 30485 I art     : Starting a blocking GC Explicit
08-05 19:52:23.467 30457 30485 I art     : Explicit concurrent mark sweep GC freed 3(96B) AllocSpace objects, 0(0B) LOS objects, 40% free, 23MB/39MB, paused 233us total 18.205ms
08-05 19:52:23.751 30457 30470 I art     : Starting a blocking GC Explicit
08-05 19:52:23.779 30457 30470 I art     : Explicit concurrent mark sweep GC freed 1360(80KB) AllocSpace objects, 1(20KB) LOS objects, 40% free, 23MB/39MB, paused 216us total 27.179ms
08-05 19:52:23.791 30457 30470 I art     : Starting a blocking GC Explicit
08-05 19:52:23.810 30457 30470 I art     : Explicit concurrent mark sweep GC freed 23(752B) AllocSpace objects, 0(0B) LOS objects, 40% free, 23MB/39MB, paused 192us total 18.360ms
08-05 19:52:23.819 30457 30470 I art     : Starting a blocking GC Explicit
08-05 19:52:23.835 30457 30470 I art     : Explicit concurrent mark sweep GC freed 3(96B) AllocSpace objects, 0(0B) LOS objects, 40% free, 23MB/39MB, paused 176us total 16.572ms
08-05 19:52:23.843 30457 30470 I art     : Starting a blocking GC Explicit
08-05 19:52:23.861 30457 30470 I art     : Explicit concurrent mark sweep GC freed 3(96B) AllocSpace objects, 0(0B) LOS objects, 40% free, 23MB/39MB, paused 180us total 17.416ms
08-05 19:52:23.868 30457 30470 I art     : Starting a blocking GC Explicit
08-05 19:52:23.886 30457 30470 I art     : Explicit concurrent mark sweep GC freed 28(784B) AllocSpace objects, 0(0B) LOS objects, 40% free, 23MB/39MB, paused 170us total 17.829ms
08-05 19:52:24.146 30457 30471 I art     : Starting a blocking GC Explicit
08-05 19:52:24.167 30457 30471 I art     : Explicit concurrent mark sweep GC freed 1360(80KB) AllocSpace objects, 1(20KB) LOS objects, 40% free, 23MB/39MB, paused 216us total 20.845ms
08-05 19:52:24.180 30457 30471 I art     : Starting a blocking GC Explicit
08-05 19:52:24.199 30457 30471 I art     : Explicit concurrent mark sweep GC freed 23(752B) AllocSpace objects, 0(0B) LOS objects, 40% free, 23MB/39MB, paused 193us total 17.894ms
08-05 19:52:24.204 30805 30805 D AndroidRuntime: >>>>>> START com.android.internal.os.RuntimeInit uid 2000 <<<<<<
08-05 19:52:24.207 30457 30471 I art     : Starting a blocking GC Explicit
08-05 19:52:24.209 30805 30805 D AndroidRuntime: CheckJNI is OFF
08-05 19:52:24.225 30457 30471 I art     : Explicit concurrent mark sweep GC freed 3(96B) AllocSpace objects, 0(0B) LOS objects, 40% free, 23MB/39MB, paused 185us total 18.066ms
08-05 19:52:24.233 30457 30471 I art     : Starting a blocking GC Explicit
08-05 19:52:24.245 30805 30805 D ICU     : No timezone override file found: /data/misc/zoneinfo/current/icu/icu_tzdata.dat
08-05 19:52:24.251 30457 30471 I art     : Explicit concurrent mark sweep GC freed 3(96B) AllocSpace objects, 0(0B) LOS objects, 40% free, 23MB/39MB, paused 321us total 18.123ms
08-05 19:52:24.259 30457 30471 I art     : Starting a blocking GC Explicit
08-05 19:52:24.279 30457 30471 I art     : Explicit concurrent mark sweep GC freed 8(256B) AllocSpace objects, 0(0B) LOS objects, 40% free, 23MB/39MB, paused 229us total 19.291ms
08-05 19:52:24.281 30805 30805 I Radio-JNI: register_android_hardware_Radio DONE
08-05 19:52:24.302 30805 30805 D AndroidRuntime: Calling main entry com.android.commands.input.Input
08-05 19:52:24.304 30805 30805 I Input   : injectMotionEvent: MotionEvent { action=ACTION_DOWN, actionButton=0, id[0]=0, x[0]=400.0, y[0]=997.0, toolType[0]=TOOL_TYPE_UNKNOWN, buttonState=0, metaState=0, flags=0x0, edgeFlags=0x0, pointerCount=1, historySize=0, eventTime=820360716, downTime=820360716, deviceId=0, source=0x1002 }
08-05 19:52:24.310 30805 30805 I Input   : injectMotionEvent: MotionEvent { action=ACTION_UP, actionButton=0, id[0]=0, x[0]=400.0, y[0]=997.0, toolType[0]=TOOL_TYPE_UNKNOWN, buttonState=0, metaState=0, flags=0x0, edgeFlags=0x0, pointerCount=1, historySize=0, eventTime=820360716, downTime=820360716, deviceId=0, source=0x1002 }
08-05 19:52:24.312 30805 30805 D AndroidRuntime: Shutting down VM
08-05 19:52:24.322   512  2967 D audio_hw_primary: out_set_parameters: enter: usecase(1: low-latency-playback) kvpairs: routing=2
08-05 19:52:24.335   512  2967 D audio_hw_primary: select_devices: out_snd_device(2: speaker) in_snd_device(0: none)
08-05 19:52:24.335   512  2967 D msm8974_platform: platform_send_audio_calibration: sending audio calibration for snd_device(2) acdb_id(15)
08-05 19:52:24.335   512  2967 I soundtrigger: audio_extn_sound_trigger_update_device_status: device 0x2 of type 0 for Event 1
08-05 19:52:24.345   512  2967 D audio_hw_primary: enable_snd_device: snd_device(2: speaker)
08-05 19:52:24.347   512  2967 D audio_hw_primary: enable_audio_route: apply and update mixer path: low-latency-playback speaker
08-05 19:52:24.444 13866 13866 I GoogleInputMethodServic: GoogleInputMethodService.onFinishInput():3138 
08-05 19:52:24.445 13866 13866 I GoogleInputMethodServic: GoogleInputMethodService.onStartInput():1808 
08-05 19:52:24.523 30457 30485 I art     : Starting a blocking GC Explicit
08-05 19:52:24.545 30457 30485 I art     : Explicit concurrent mark sweep GC freed 2943(187KB) AllocSpace objects, 2(40KB) LOS objects, 40% free, 23MB/39MB, paused 184us total 20.836ms
08-05 19:52:24.553 30457 30485 I art     : Starting a blocking GC Explicit
08-05 19:52:24.567   518   646 I ThermalEngine: ACTION: GPU - Setting GPU[0] to 450000000
08-05 19:52:24.576 30457 30485 I art     : Explicit concurrent mark sweep GC freed 178(8KB) AllocSpace objects, 0(0B) LOS objects, 40% free, 23MB/39MB, paused 232us total 22.921ms
08-05 19:52:24.586 30457 30485 I art     : Starting a blocking GC Explicit
08-05 19:52:24.610 30457 30485 I art     : Explicit concurrent mark sweep GC freed 3(96B) AllocSpace objects, 0(0B) LOS objects, 40% free, 23MB/39MB, paused 229us total 23.335ms
08-05 19:52:24.620 30457 30485 I art     : Starting a blocking GC Explicit
08-05 19:52:24.644 30457 30485 I art     : Explicit concurrent mark sweep GC freed 3(96B) AllocSpace objects, 0(0B) LOS objects, 40% free, 23MB/39MB, paused 230us total 23.603ms
08-05 19:52:24.654 30457 30485 I art     : Starting a blocking GC Explicit
08-05 19:52:24.679 30457 30485 I art     : Explicit concurrent mark sweep GC freed 3(96B) AllocSpace objects, 0(0B) LOS objects, 40% free, 23MB/39MB, paused 236us total 24.366ms
08-05 19:52:24.878   512  2967 D audio_hw_primary: disable_audio_route: reset and update mixer path: low-latency-playback speaker
08-05 19:52:24.879   512  2967 D audio_hw_primary: disable_snd_device: snd_device(2: speaker)
08-05 19:52:24.888   512  2967 I soundtrigger: audio_extn_sound_trigger_update_device_status: device 0x2 of type 0 for Event 0
08-05 19:52:24.955 30457 30471 I art     : Starting a blocking GC Explicit
08-05 19:52:24.981 30457 30471 I art     : Explicit concurrent mark sweep GC freed 1387(80KB) AllocSpace objects, 1(20KB) LOS objects, 40% free, 23MB/39MB, paused 276us total 25.911ms
08-05 19:52:24.995 30457 30471 I art     : Starting a blocking GC Explicit
08-05 19:52:25.020 30457 30471 I art     : Explicit concurrent mark sweep GC freed 23(752B) AllocSpace objects, 0(0B) LOS objects, 40% free, 23MB/39MB, paused 254us total 24.672ms
08-05 19:52:25.030 30457 30471 I art     : Starting a blocking GC Explicit
08-05 19:52:25.055 30457 30471 I art     : Explicit concurrent mark sweep GC freed 3(96B) AllocSpace objects, 0(0B) LOS objects, 40% free, 23MB/39MB, paused 324us total 24.238ms
08-05 19:52:25.065 30457 30471 I art     : Starting a blocking GC Explicit
08-05 19:52:25.090 30457 30471 I art     : Explicit concurrent mark sweep GC freed 3(96B) AllocSpace objects, 0(0B) LOS objects, 40% free, 23MB/39MB, paused 263us total 24.566ms
08-05 19:52:25.098 30839 30839 D AndroidRuntime: >>>>>> START com.android.internal.os.RuntimeInit uid 2000 <<<<<<
08-05 19:52:25.101 30457 30471 I art     : Starting a blocking GC Explicit
08-05 19:52:25.104 30839 30839 D AndroidRuntime: CheckJNI is OFF
08-05 19:52:25.126 30457 30471 I art     : Explicit concurrent mark sweep GC freed 3(96B) AllocSpace objects, 0(0B) LOS objects, 40% free, 23MB/39MB, paused 257us total 24.534ms
08-05 19:52:25.151 30839 30839 D ICU     : No timezone override file found: /data/misc/zoneinfo/current/icu/icu_tzdata.dat
08-05 19:52:25.193 30839 30839 I Radio-JNI: register_android_hardware_Radio DONE
08-05 19:52:25.222 30839 30839 D AndroidRuntime: Calling main entry com.android.commands.input.Input
08-05 19:52:25.224 30839 30839 I Input   : injectMotionEvent: MotionEvent { action=ACTION_DOWN, actionButton=0, id[0]=0, x[0]=697.0, y[0]=656.0, toolType[0]=TOOL_TYPE_UNKNOWN, buttonState=0, metaState=0, flags=0x0, edgeFlags=0x0, pointerCount=1, historySize=0, eventTime=820361637, downTime=820361637, deviceId=0, source=0x1002 }
08-05 19:52:25.228 30839 30839 I Input   : injectMotionEvent: MotionEvent { action=ACTION_UP, actionButton=0, id[0]=0, x[0]=697.0, y[0]=656.0, toolType[0]=TOOL_TYPE_UNKNOWN, buttonState=0, metaState=0, flags=0x0, edgeFlags=0x0, pointerCount=1, historySize=0, eventTime=820361637, downTime=820361637, deviceId=0, source=0x1002 }
08-05 19:52:25.230 30839 30839 D AndroidRuntime: Shutting down VM
08-05 19:52:25.237   512  2967 D audio_hw_primary: out_set_parameters: enter: usecase(1: low-latency-playback) kvpairs: routing=2
08-05 19:52:25.251   512  2967 D audio_hw_primary: select_devices: out_snd_device(2: speaker) in_snd_device(0: none)
08-05 19:52:25.251   512  2967 D msm8974_platform: platform_send_audio_calibration: sending audio calibration for snd_device(2) acdb_id(15)
08-05 19:52:25.251   512  2967 I soundtrigger: audio_extn_sound_trigger_update_device_status: device 0x2 of type 0 for Event 1
08-05 19:52:25.262   512  2967 D audio_hw_primary: enable_snd_device: snd_device(2: speaker)
08-05 19:52:25.265   512  2967 D audio_hw_primary: enable_audio_route: apply and update mixer path: low-latency-playback speaker
08-05 19:52:25.306   512  2967 D AudioFlinger: mixer(0xf4740000) throttle end: throttle time(12)
08-05 19:52:25.309 27644 27644 I ServiceManager: Waiting for service AtCmdFwd...
08-05 19:52:25.321 13866 13866 I GoogleInputMethodServic: GoogleInputMethodService.onFinishInput():3138 
08-05 19:52:25.322 13866 13866 I GoogleInputMethodServic: GoogleInputMethodService.onStartInput():1808 
08-05 19:52:25.399 30457 30485 I art     : Starting a blocking GC Explicit
08-05 19:52:25.431 30457 30485 I art     : Explicit concurrent mark sweep GC freed 2410(194KB) AllocSpace objects, 1(20KB) LOS objects, 40% free, 23MB/39MB, paused 292us total 31.662ms
08-05 19:52:25.443 30457 30485 I art     : Starting a blocking GC Explicit
08-05 19:52:25.453 13866 13882 I PeriodicStatsRunner: PeriodicStatsRunner.call():175 call()
08-05 19:52:25.453 13866 13882 I PeriodicStatsRunner: PeriodicStatsRunner.call():179 No submit PeriodicStats since input started.
08-05 19:52:25.468 30457 30485 I art     : Explicit concurrent mark sweep GC freed 163(7KB) AllocSpace objects, 0(0B) LOS objects, 40% free, 23MB/39MB, paused 232us total 24.884ms
08-05 19:52:25.480 30457 30485 I art     : Starting a blocking GC Explicit
08-05 19:52:25.505 30457 30485 I art     : Explicit concurrent mark sweep GC freed 3(96B) AllocSpace objects, 0(0B) LOS objects, 40% free, 23MB/39MB, paused 265us total 24.694ms
08-05 19:52:25.516 30457 30485 I art     : Starting a blocking GC Explicit
08-05 19:52:25.543 30457 30485 I art     : Explicit concurrent mark sweep GC freed 5(160B) AllocSpace objects, 0(0B) LOS objects, 40% free, 23MB/39MB, paused 255us total 26.139ms
08-05 19:52:25.553 29532 29532 W PathParser: Points are too far apart 4.030360828967057
08-05 19:52:25.553 29532 29532 W PathParser: Points are too far apart 4.030360538880159
08-05 19:52:25.555 30457 30485 I art     : Starting a blocking GC Explicit
08-05 19:52:25.569 29532 29532 W PathParser: Points are too far apart 4.030360828967057
08-05 19:52:25.570 29532 29532 W PathParser: Points are too far apart 4.030360538880159
08-05 19:52:25.583 30457 30485 I art     : Explicit concurrent mark sweep GC freed 3(96B) AllocSpace objects, 0(0B) LOS objects, 40% free, 23MB/39MB, paused 237us total 28.063ms
08-05 19:52:25.585 29532 29532 W PathParser: Points are too far apart 4.030360828967057
08-05 19:52:25.586 29532 29532 W PathParser: Points are too far apart 4.030360538880159
08-05 19:52:25.602 29532 29532 W PathParser: Points are too far apart 4.030360828967057
08-05 19:52:25.602 29532 29532 W PathParser: Points are too far apart 4.030360538880159
08-05 19:52:25.618 29532 29532 W PathParser: Points are too far apart 4.030360828967057
08-05 19:52:25.618 29532 29532 W PathParser: Points are too far apart 4.030360538880159
08-05 19:52:25.635 29532 29532 W PathParser: Points are too far apart 4.030360828967057
08-05 19:52:25.635 29532 29532 W PathParser: Points are too far apart 4.030360538880159
08-05 19:52:25.652 29532 29532 W PathParser: Points are too far apart 4.030360828967057
08-05 19:52:25.652 29532 29532 W PathParser: Points are too far apart 4.030360538880159
08-05 19:52:25.809   512  2967 D audio_hw_primary: disable_audio_route: reset and update mixer path: low-latency-playback speaker
08-05 19:52:25.811   512  2967 D audio_hw_primary: disable_snd_device: snd_device(2: speaker)
08-05 19:52:25.821   512  2967 I soundtrigger: audio_extn_sound_trigger_update_device_status: device 0x2 of type 0 for Event 0
08-05 19:52:25.887 30457 30471 I art     : Starting a blocking GC Explicit
08-05 19:52:25.920 30457 30471 I art     : Explicit concurrent mark sweep GC freed 1393(80KB) AllocSpace objects, 1(20KB) LOS objects, 40% free, 23MB/39MB, paused 306us total 33.186ms
08-05 19:52:25.935 30457 30471 I art     : Starting a blocking GC Explicit
08-05 19:52:25.968 30457 30471 I art     : Explicit concurrent mark sweep GC freed 30(976B) AllocSpace objects, 0(0B) LOS objects, 40% free, 23MB/39MB, paused 298us total 32.845ms
08-05 19:52:25.981 30457 30471 I art     : Starting a blocking GC Explicit
08-05 19:52:26.011 30457 30471 I art     : Explicit concurrent mark sweep GC freed 75(3KB) AllocSpace objects, 0(0B) LOS objects, 40% free, 23MB/39MB, paused 387us total 29.554ms
08-05 19:52:26.023 30457 30471 I art     : Starting a blocking GC Explicit
08-05 19:52:26.035 30870 30870 D AndroidRuntime: >>>>>> START com.android.internal.os.RuntimeInit uid 2000 <<<<<<
08-05 19:52:26.042 30870 30870 D AndroidRuntime: CheckJNI is OFF
08-05 19:52:26.052 30457 30471 I art     : Explicit concurrent mark sweep GC freed 98(3KB) AllocSpace objects, 0(0B) LOS objects, 40% free, 23MB/39MB, paused 438us total 29.248ms
08-05 19:52:26.063 30457 30471 I art     : Starting a blocking GC Explicit
08-05 19:52:26.084 30870 30870 D ICU     : No timezone override file found: /data/misc/zoneinfo/current/icu/icu_tzdata.dat
08-05 19:52:26.088 30457 30471 I art     : Explicit concurrent mark sweep GC freed 69(2208B) AllocSpace objects, 0(0B) LOS objects, 40% free, 23MB/39MB, paused 844us total 25.023ms
08-05 19:52:26.126 30870 30870 I Radio-JNI: register_android_hardware_Radio DONE
08-05 19:52:26.154 30870 30870 D AndroidRuntime: Calling main entry com.android.commands.input.Input
08-05 19:52:26.156 30870 30870 I Input   : injectMotionEvent: MotionEvent { action=ACTION_DOWN, actionButton=0, id[0]=0, x[0]=256.0, y[0]=1589.0, toolType[0]=TOOL_TYPE_UNKNOWN, buttonState=0, metaState=0, flags=0x0, edgeFlags=0x0, pointerCount=1, historySize=0, eventTime=820362569, downTime=820362569, deviceId=0, source=0x1002 }
08-05 19:52:26.161 30870 30870 I Input   : injectMotionEvent: MotionEvent { action=ACTION_UP, actionButton=0, id[0]=0, x[0]=256.0, y[0]=1589.0, toolType[0]=TOOL_TYPE_UNKNOWN, buttonState=0, metaState=0, flags=0x0, edgeFlags=0x0, pointerCount=1, historySize=0, eventTime=820362569, downTime=820362569, deviceId=0, source=0x1002 }
08-05 19:52:26.163 30870 30870 D AndroidRuntime: Shutting down VM
08-05 19:52:26.179 30457 30457 D UserPreferences: timeOfDay: []
08-05 19:52:26.179 30457 30457 D AutoUpdateManager: Restarting update alarm.
08-05 19:52:26.181 30457 30457 D AutoUpdateManager: Automatic update was deactivated
08-05 19:52:26.181   512  2967 D audio_hw_primary: out_set_parameters: enter: usecase(1: low-latency-playback) kvpairs: routing=2
08-05 19:52:26.194   512  2967 D audio_hw_primary: select_devices: out_snd_device(2: speaker) in_snd_device(0: none)
08-05 19:52:26.194   512  2967 D msm8974_platform: platform_send_audio_calibration: sending audio calibration for snd_device(2) acdb_id(15)
08-05 19:52:26.194   512  2967 I soundtrigger: audio_extn_sound_trigger_update_device_status: device 0x2 of type 0 for Event 1
08-05 19:52:26.206   512  2967 D audio_hw_primary: enable_snd_device: snd_device(2: speaker)
08-05 19:52:26.209   512  2967 D audio_hw_primary: enable_audio_route: apply and update mixer path: low-latency-playback speaker
08-05 19:52:26.209 13866 13866 I GoogleInputMethodServic: GoogleInputMethodService.onFinishInput():3138 
08-05 19:52:26.210 13866 13866 I GoogleInputMethodServic: GoogleInputMethodService.onStartInput():1808 
08-05 19:52:26.221 29532 29532 W PathParser: Points are too far apart 4.030360828967057
08-05 19:52:26.221 29532 29532 W PathParser: Points are too far apart 4.030360538880159
08-05 19:52:26.236 29532 29532 W PathParser: Points are too far apart 4.030360828967057
08-05 19:52:26.237 29532 29532 W PathParser: Points are too far apart 4.030360538880159
08-05 19:52:26.252 29532 29532 W PathParser: Points are too far apart 4.030360828967057
08-05 19:52:26.252 29532 29532 W PathParser: Points are too far apart 4.030360538880159
08-05 19:52:26.257   512  2967 D AudioFlinger: mixer(0xf4740000) throttle end: throttle time(12)
08-05 19:52:26.269 29532 29532 W PathParser: Points are too far apart 4.030360828967057
08-05 19:52:26.270 29532 29532 W PathParser: Points are too far apart 4.030360538880159
08-05 19:52:26.286 29532 29532 W PathParser: Points are too far apart 4.030360828967057
08-05 19:52:26.286 29532 29532 W PathParser: Points are too far apart 4.030360538880159
08-05 19:52:26.303 29532 29532 W PathParser: Points are too far apart 4.030360828967057
08-05 19:52:26.303 29532 29532 W PathParser: Points are too far apart 4.030360538880159
08-05 19:52:26.309 27644 27644 I ServiceManager: Waiting for service AtCmdFwd...
08-05 19:52:26.320 29532 29532 W PathParser: Points are too far apart 4.030360828967057
08-05 19:52:26.320 29532 29532 W PathParser: Points are too far apart 4.030360538880159
08-05 19:52:26.336 29532 29532 W PathParser: Points are too far apart 4.030360828967057
08-05 19:52:26.336 29532 29532 W PathParser: Points are too far apart 4.030360538880159
08-05 19:52:26.359 30457 30485 I art     : Starting a blocking GC Explicit
08-05 19:52:26.387   380   380 W SurfaceFlinger: couldn't log to binary event log: overflow.
08-05 19:52:26.389 30457 30485 I art     : Explicit concurrent mark sweep GC freed 1975(115KB) AllocSpace objects, 2(40KB) LOS objects, 40% free, 23MB/39MB, paused 313us total 30.004ms
08-05 19:52:26.402 30457 30485 I art     : Starting a blocking GC Explicit
08-05 19:52:26.426 30457 30485 I art     : Explicit concurrent mark sweep GC freed 52(1920B) AllocSpace objects, 0(0B) LOS objects, 40% free, 23MB/39MB, paused 235us total 23.927ms
08-05 19:52:26.436 30457 30485 I art     : Starting a blocking GC Explicit
08-05 19:52:26.459 30457 30485 I art     : Explicit concurrent mark sweep GC freed 3(96B) AllocSpace objects, 0(0B) LOS objects, 40% free, 23MB/39MB, paused 233us total 22.766ms
08-05 19:52:26.469 30457 30485 I art     : Starting a blocking GC Explicit
08-05 19:52:26.492 30457 30485 I art     : Explicit concurrent mark sweep GC freed 3(96B) AllocSpace objects, 0(0B) LOS objects, 40% free, 23MB/39MB, paused 239us total 23.074ms
08-05 19:52:26.503 30457 30485 I art     : Starting a blocking GC Explicit
08-05 19:52:26.527 30457 30485 I art     : Explicit concurrent mark sweep GC freed 3(96B) AllocSpace objects, 0(0B) LOS objects, 40% free, 23MB/39MB, paused 268us total 24.246ms
08-05 19:52:26.758   512  2967 D audio_hw_primary: disable_audio_route: reset and update mixer path: low-latency-playback speaker
08-05 19:52:26.760   512  2967 D audio_hw_primary: disable_snd_device: snd_device(2: speaker)
08-05 19:52:26.767   512  2967 I soundtrigger: audio_extn_sound_trigger_update_device_status: device 0x2 of type 0 for Event 0
08-05 19:52:26.813 30457 30470 I art     : Starting a blocking GC Explicit
08-05 19:52:26.839 30457 30470 I art     : Explicit concurrent mark sweep GC freed 1364(80KB) AllocSpace objects, 1(20KB) LOS objects, 40% free, 23MB/39MB, paused 256us total 26.526ms
08-05 19:52:26.840 13866 13882 I PeriodicStatsRunner: PeriodicStatsRunner.call():175 call()
08-05 19:52:26.840 13866 13882 I PeriodicStatsRunner: PeriodicStatsRunner.call():179 No submit PeriodicStats since input started.
08-05 19:52:26.854 30457 30470 I art     : Starting a blocking GC Explicit
08-05 19:52:26.880 30457 30470 I art     : Explicit concurrent mark sweep GC freed 150(6KB) AllocSpace objects, 0(0B) LOS objects, 40% free, 23MB/39MB, paused 240us total 25.419ms
08-05 19:52:26.891 30457 30470 I art     : Starting a blocking GC Explicit
08-05 19:52:26.916 30457 30470 I art     : Explicit concurrent mark sweep GC freed 869(55KB) AllocSpace objects, 1(48KB) LOS objects, 40% free, 23MB/39MB, paused 238us total 24.647ms
08-05 19:52:26.926 30457 30470 I art     : Starting a blocking GC Explicit
08-05 19:52:26.952 30457 30470 I art     : Explicit concurrent mark sweep GC freed 3(96B) AllocSpace objects, 0(0B) LOS objects, 40% free, 23MB/39MB, paused 235us total 25.275ms
08-05 19:52:26.956 30901 30901 D AndroidRuntime: >>>>>> START com.android.internal.os.RuntimeInit uid 2000 <<<<<<
08-05 19:52:26.962 30901 30901 D AndroidRuntime: CheckJNI is OFF
08-05 19:52:26.963 30457 30470 I art     : Starting a blocking GC Explicit
08-05 19:52:26.988 30457 30470 I art     : Explicit concurrent mark sweep GC freed 3(96B) AllocSpace objects, 0(0B) LOS objects, 40% free, 23MB/39MB, paused 244us total 25.043ms
08-05 19:52:27.010 30901 30901 D ICU     : No timezone override file found: /data/misc/zoneinfo/current/icu/icu_tzdata.dat
08-05 19:52:27.052 30901 30901 I Radio-JNI: register_android_hardware_Radio DONE
08-05 19:52:27.081 30901 30901 D AndroidRuntime: Calling main entry com.android.commands.input.Input
08-05 19:52:27.083 30901 30901 I Input   : injectKeyEvent: KeyEvent { action=ACTION_DOWN, keyCode=KEYCODE_BACK, scanCode=0, metaState=0, flags=0x0, repeatCount=0, eventTime=820363496, downTime=820363496, deviceId=-1, source=0x101 }
08-05 19:52:27.089 30901 30901 I Input   : injectKeyEvent: KeyEvent { action=ACTION_UP, keyCode=KEYCODE_BACK, scanCode=0, metaState=0, flags=0x0, repeatCount=0, eventTime=820363496, downTime=820363496, deviceId=-1, source=0x101 }
08-05 19:52:27.100 30901 30901 D AndroidRuntime: Shutting down VM
08-05 19:52:27.179 13866 13866 I GoogleInputMethodServic: GoogleInputMethodService.onFinishInput():3138 
08-05 19:52:27.180 13866 13866 I GoogleInputMethodServic: GoogleInputMethodService.onStartInput():1808 
08-05 19:52:27.258 30457 30470 I art     : Starting a blocking GC Explicit
08-05 19:52:27.290 30457 30470 I art     : Explicit concurrent mark sweep GC freed 2641(138KB) AllocSpace objects, 1(20KB) LOS objects, 39% free, 24MB/40MB, paused 376us total 31.782ms
08-05 19:52:27.304 30457 30470 I art     : Starting a blocking GC Explicit
08-05 19:52:27.309 27644 27644 I ServiceManager: Waiting for service AtCmdFwd...
08-05 19:52:27.328 30457 30470 I art     : Explicit concurrent mark sweep GC freed 8441(533KB) AllocSpace objects, 0(0B) LOS objects, 40% free, 23MB/39MB, paused 253us total 23.320ms
08-05 19:52:27.338 30457 30470 I art     : Starting a blocking GC Explicit
08-05 19:52:27.361 30457 30470 I art     : Explicit concurrent mark sweep GC freed 5(176B) AllocSpace objects, 0(0B) LOS objects, 40% free, 23MB/39MB, paused 251us total 22.969ms
08-05 19:52:27.371 30457 30470 I art     : Starting a blocking GC Explicit
08-05 19:52:27.395 30457 30470 I art     : Explicit concurrent mark sweep GC freed 3(96B) AllocSpace objects, 0(0B) LOS objects, 40% free, 23MB/39MB, paused 237us total 23.107ms
08-05 19:52:27.405 30457 30470 I art     : Starting a blocking GC Explicit
08-05 19:52:27.430 30457 30470 I art     : Explicit concurrent mark sweep GC freed 3(96B) AllocSpace objects, 0(0B) LOS objects, 40% free, 23MB/39MB, paused 241us total 23.908ms
08-05 19:52:27.721 30457 30471 I art     : Starting a blocking GC Explicit
08-05 19:52:27.748 30457 30471 I art     : Explicit concurrent mark sweep GC freed 1364(80KB) AllocSpace objects, 1(20KB) LOS objects, 40% free, 23MB/39MB, paused 378us total 26.459ms
08-05 19:52:27.761 30457 30471 I art     : Starting a blocking GC Explicit
08-05 19:52:27.785 30457 30471 I art     : Explicit concurrent mark sweep GC freed 23(752B) AllocSpace objects, 0(0B) LOS objects, 40% free, 23MB/39MB, paused 247us total 23.688ms
08-05 19:52:27.796 30457 30471 I art     : Starting a blocking GC Explicit
08-05 19:52:27.820 30457 30471 I art     : Explicit concurrent mark sweep GC freed 3(96B) AllocSpace objects, 0(0B) LOS objects, 40% free, 23MB/39MB, paused 279us total 23.675ms
08-05 19:52:27.830 30457 30471 I art     : Starting a blocking GC Explicit
08-05 19:52:27.845 13866 13882 I PeriodicStatsRunner: PeriodicStatsRunner.call():175 call()
08-05 19:52:27.845 13866 13882 I PeriodicStatsRunner: PeriodicStatsRunner.call():179 No submit PeriodicStats since input started.
08-05 19:52:27.854 30457 30471 I art     : Explicit concurrent mark sweep GC freed 3(96B) AllocSpace objects, 0(0B) LOS objects, 40% free, 23MB/39MB, paused 323us total 24.106ms
08-05 19:52:27.865 30457 30471 I art     : Starting a blocking GC Explicit
08-05 19:52:27.889 30457 30471 I art     : Explicit concurrent mark sweep GC freed 28(784B) AllocSpace objects, 0(0B) LOS objects, 40% free, 23MB/39MB, paused 242us total 23.300ms
08-05 19:52:28.181 30457 30485 I art     : Starting a blocking GC Explicit
08-05 19:52:28.209 30457 30485 I art     : Explicit concurrent mark sweep GC freed 1365(80KB) AllocSpace objects, 1(20KB) LOS objects, 40% free, 23MB/39MB, paused 270us total 28.040ms
08-05 19:52:28.222 30457 30485 I art     : Starting a blocking GC Explicit
08-05 19:52:28.247 30457 30485 I art     : Explicit concurrent mark sweep GC freed 23(752B) AllocSpace objects, 0(0B) LOS objects, 40% free, 23MB/39MB, paused 265us total 24.312ms
08-05 19:52:28.258 30457 30485 I art     : Starting a blocking GC Explicit
08-05 19:52:28.282 30457 30485 I art     : Explicit concurrent mark sweep GC freed 3(96B) AllocSpace objects, 0(0B) LOS objects, 40% free, 23MB/39MB, paused 241us total 23.997ms
08-05 19:52:28.293 30457 30485 I art     : Starting a blocking GC Explicit
08-05 19:52:28.310 27644 27644 I ServiceManager: Waiting for service AtCmdFwd...
08-05 19:52:28.316 30457 30485 I art     : Explicit concurrent mark sweep GC freed 3(96B) AllocSpace objects, 0(0B) LOS objects, 40% free, 23MB/39MB, paused 237us total 23.153ms
08-05 19:52:28.327 30457 30485 I art     : Starting a blocking GC Explicit
08-05 19:52:28.350 30457 30485 I art     : Explicit concurrent mark sweep GC freed 3(96B) AllocSpace objects, 0(0B) LOS objects, 40% free, 23MB/39MB, paused 239us total 22.818ms
08-05 19:52:28.634 30457 30470 I art     : Starting a blocking GC Explicit
08-05 19:52:28.659 30457 30470 I art     : Explicit concurrent mark sweep GC freed 1365(80KB) AllocSpace objects, 1(20KB) LOS objects, 40% free, 23MB/39MB, paused 248us total 24.632ms
08-05 19:52:28.670 30457 30470 I art     : Starting a blocking GC Explicit
08-05 19:52:28.695 30457 30470 I art     : Explicit concurrent mark sweep GC freed 23(752B) AllocSpace objects, 0(0B) LOS objects, 40% free, 23MB/39MB, paused 271us total 25.088ms
08-05 19:52:28.706 30457 30470 I art     : Starting a blocking GC Explicit
08-05 19:52:28.731 30457 30470 I art     : Explicit concurrent mark sweep GC freed 7(224B) AllocSpace objects, 0(0B) LOS objects, 40% free, 23MB/39MB, paused 237us total 24.925ms
08-05 19:52:28.743 30457 30470 I art     : Starting a blocking GC Explicit
08-05 19:52:28.768 30457 30470 I art     : Explicit concurrent mark sweep GC freed 79(3KB) AllocSpace objects, 0(0B) LOS objects, 40% free, 23MB/39MB, paused 260us total 24.937ms
08-05 19:52:28.779 30457 30470 I art     : Starting a blocking GC Explicit
08-05 19:52:28.803 30457 30470 I art     : Explicit concurrent mark sweep GC freed 120(4KB) AllocSpace objects, 0(0B) LOS objects, 40% free, 23MB/39MB, paused 254us total 22.881ms
08-05 19:52:28.878 30952 30952 D AndroidRuntime: >>>>>> START com.android.internal.os.RuntimeInit uid 2000 <<<<<<
08-05 19:52:28.884 30952 30952 D AndroidRuntime: CheckJNI is OFF
08-05 19:52:28.925 30952 30952 D ICU     : No timezone override file found: /data/misc/zoneinfo/current/icu/icu_tzdata.dat
08-05 19:52:28.971 30952 30952 I Radio-JNI: register_android_hardware_Radio DONE
08-05 19:52:28.999 30952 30952 D AndroidRuntime: Calling main entry com.android.commands.input.Input
08-05 19:52:29.001 30952 30952 I Input   : injectKeyEvent: KeyEvent { action=ACTION_DOWN, keyCode=KEYCODE_BACK, scanCode=0, metaState=0, flags=0x0, repeatCount=0, eventTime=820365414, downTime=820365414, deviceId=-1, source=0x101 }
08-05 19:52:29.014 30952 30952 I Input   : injectKeyEvent: KeyEvent { action=ACTION_UP, keyCode=KEYCODE_BACK, scanCode=0, metaState=0, flags=0x0, repeatCount=0, eventTime=820365414, downTime=820365414, deviceId=-1, source=0x101 }
08-05 19:52:29.020 30952 30952 D AndroidRuntime: Shutting down VM
08-05 19:52:29.040 30457 30457 D QueueFragment: loadItems()
08-05 19:52:29.040 30457 30478 D DBReader: getQueue() called
08-05 19:52:29.040 30457 30457 V PlaybackController: initServiceNotRunning()
08-05 19:52:29.040 30457 30478 D DBReader: getQueue()
08-05 19:52:29.041 30457 30457 D ExternalPlayerFragment: Loading media info
08-05 19:52:29.041 30457 30478 D DBReader: getFavoriteIDList() called
08-05 19:52:29.041 30457 30457 D UserPreferences: Using default data folder
08-05 19:52:29.042 30457 30478 D DBReader: getQueueIDList() called
08-05 19:52:29.043 30457 30985 D DBReader: getNavDrawerData() called with: 
08-05 19:52:29.045 30457 30478 D DBReader: Extracting Feedlist
08-05 19:52:29.049 30457 30985 D DBReader: getDownloadedItems() called
08-05 19:52:29.050 30457 30985 D DBReader: getFavoriteIDList() called
08-05 19:52:29.051 30457 30985 D DBReader: getQueueIDList() called
08-05 19:52:29.051 30457 30985 D DBReader: Extracting Feedlist
08-05 19:52:29.099 30457 30457 D MainActivity: getLastNavFragment() -> QueueFragment
08-05 19:52:29.101 30457 30470 I art     : Starting a blocking GC Explicit
08-05 19:52:29.128 30457 30470 I art     : Explicit concurrent mark sweep GC freed 3423(195KB) AllocSpace objects, 1(20KB) LOS objects, 40% free, 23MB/39MB, paused 468us total 26.107ms
08-05 19:52:29.136 13866 13866 I GoogleInputMethodServic: GoogleInputMethodService.onFinishInput():3138 
08-05 19:52:29.138 13866 13866 I GoogleInputMethodServic: GoogleInputMethodService.onStartInput():1808 
08-05 19:52:29.140 30457 30470 I art     : Starting a blocking GC Explicit
08-05 19:52:29.167 30457 30470 I art     : Explicit concurrent mark sweep GC freed 1707(101KB) AllocSpace objects, 0(0B) LOS objects, 40% free, 23MB/39MB, paused 302us total 26.318ms
08-05 19:52:29.177 30457 30470 I art     : Starting a blocking GC Explicit
08-05 19:52:29.198 30457 30470 I art     : Explicit concurrent mark sweep GC freed 29(1648B) AllocSpace objects, 0(0B) LOS objects, 40% free, 23MB/39MB, paused 255us total 20.912ms
08-05 19:52:29.209 30457 30470 I art     : Starting a blocking GC Explicit
08-05 19:52:29.230 30457 30470 I art     : Explicit concurrent mark sweep GC freed 3(96B) AllocSpace objects, 0(0B) LOS objects, 40% free, 23MB/39MB, paused 310us total 21.384ms
08-05 19:52:29.241 30457 30470 I art     : Starting a blocking GC Explicit
08-05 19:52:29.263 30457 30470 I art     : Explicit concurrent mark sweep GC freed 3(96B) AllocSpace objects, 0(0B) LOS objects, 40% free, 23MB/39MB, paused 255us total 22.124ms
08-05 19:52:29.311 27644 27644 I ServiceManager: Waiting for service AtCmdFwd...
08-05 19:52:29.404   380   380 W SurfaceFlinger: couldn't log to binary event log: overflow.
08-05 19:52:29.444 13866 13882 I PeriodicStatsRunner: PeriodicStatsRunner.call():175 call()
08-05 19:52:29.445 13866 13882 I PeriodicStatsRunner: PeriodicStatsRunner.call():179 No submit PeriodicStats since input started.
08-05 19:52:29.533 30457 30485 I art     : Starting a blocking GC Explicit
08-05 19:52:29.559 30457 30485 I art     : Explicit concurrent mark sweep GC freed 1907(105KB) AllocSpace objects, 1(20KB) LOS objects, 40% free, 23MB/39MB, paused 295us total 25.425ms
08-05 19:52:29.570 30457 30485 I art     : Starting a blocking GC Explicit
08-05 19:52:29.594 30457 30485 I art     : Explicit concurrent mark sweep GC freed 1373(66KB) AllocSpace objects, 0(0B) LOS objects, 40% free, 23MB/39MB, paused 287us total 23.313ms
08-05 19:52:29.604 30457 30485 I art     : Starting a blocking GC Explicit
08-05 19:52:29.627 30457 30485 I art     : Explicit concurrent mark sweep GC freed 4877(323KB) AllocSpace objects, 11(308KB) LOS objects, 40% free, 22MB/38MB, paused 273us total 22.053ms
08-05 19:52:29.637 30457 30485 I art     : Starting a blocking GC Explicit
08-05 19:52:29.658 30457 30485 I art     : Explicit concurrent mark sweep GC freed 3(96B) AllocSpace objects, 0(0B) LOS objects, 40% free, 22MB/38MB, paused 277us total 20.849ms
08-05 19:52:29.668 30457 30485 I art     : Starting a blocking GC Explicit
08-05 19:52:29.690 30457 30485 I art     : Explicit concurrent mark sweep GC freed 3(96B) AllocSpace objects, 0(0B) LOS objects, 40% free, 22MB/38MB, paused 275us total 21.121ms
08-05 19:52:29.986 30457 30470 I art     : Starting a blocking GC Explicit
08-05 19:52:30.014 30457 30470 I art     : Explicit concurrent mark sweep GC freed 1396(83KB) AllocSpace objects, 1(20KB) LOS objects, 40% free, 22MB/38MB, paused 311us total 26.825ms
08-05 19:52:30.029 30457 30470 I art     : Starting a blocking GC Explicit
08-05 19:52:30.050 30457 30470 I art     : Explicit concurrent mark sweep GC freed 23(752B) AllocSpace objects, 0(0B) LOS objects, 40% free, 22MB/38MB, paused 277us total 20.958ms
08-05 19:52:30.060 30457 30470 I art     : Starting a blocking GC Explicit
08-05 19:52:30.082 30457 30470 I art     : Explicit concurrent mark sweep GC freed 3(96B) AllocSpace objects, 0(0B) LOS objects, 40% free, 22MB/38MB, paused 275us total 21.223ms
08-05 19:52:30.092 30457 30470 I art     : Starting a blocking GC Explicit
08-05 19:52:30.113 30457 30470 I art     : Explicit concurrent mark sweep GC freed 3(96B) AllocSpace objects, 0(0B) LOS objects, 40% free, 22MB/38MB, paused 271us total 20.922ms
08-05 19:52:30.123 30457 30470 I art     : Starting a blocking GC Explicit
08-05 19:52:30.145 30457 30470 I art     : Explicit concurrent mark sweep GC freed 3(96B) AllocSpace objects, 0(0B) LOS objects, 40% free, 22MB/38MB, paused 272us total 21.385ms
08-05 19:52:30.311 27644 27644 W Atfwd_Sendcmd: AtCmdFwd service not published, waiting... retryCnt : 1
08-05 19:52:30.322 13866 13882 I PeriodicStatsRunner: PeriodicStatsRunner.call():175 call()
08-05 19:52:30.322 13866 13882 I PeriodicStatsRunner: PeriodicStatsRunner.call():179 No submit PeriodicStats since input started.
08-05 19:52:30.413 30457 30471 I art     : Starting a blocking GC Explicit
08-05 19:52:30.435 30457 30471 I art     : Explicit concurrent mark sweep GC freed 1364(80KB) AllocSpace objects, 1(20KB) LOS objects, 40% free, 22MB/38MB, paused 277us total 21.521ms
08-05 19:52:30.445 30457 30471 I art     : Starting a blocking GC Explicit
08-05 19:52:30.458   918  3261 D WifiStateMachine: starting scan for "H369AA63323"WPA_PSK with 2412,5180
08-05 19:52:30.466 30457 30471 I art     : Explicit concurrent mark sweep GC freed 23(752B) AllocSpace objects, 0(0B) LOS objects, 40% free, 22MB/38MB, paused 284us total 21.113ms
08-05 19:52:30.476 30457 30471 I art     : Starting a blocking GC Explicit
08-05 19:52:30.497 30457 30471 I art     : Explicit concurrent mark sweep GC freed 3(96B) AllocSpace objects, 0(0B) LOS objects, 40% free, 22MB/38MB, paused 278us total 20.088ms
08-05 19:52:30.507 30457 30471 I art     : Starting a blocking GC Explicit
08-05 19:52:30.527 30457 30471 I art     : Explicit concurrent mark sweep GC freed 3(96B) AllocSpace objects, 0(0B) LOS objects, 40% free, 22MB/38MB, paused 286us total 20.294ms
08-05 19:52:30.537 30457 30471 I art     : Starting a blocking GC Explicit
08-05 19:52:30.558 30457 30471 I art     : Explicit concurrent mark sweep GC freed 3(96B) AllocSpace objects, 0(0B) LOS objects, 40% free, 22MB/38MB, paused 274us total 20.406ms
08-05 19:52:30.802 31007 31007 D AndroidRuntime: >>>>>> START com.android.internal.os.RuntimeInit uid 2000 <<<<<<
08-05 19:52:30.808 31007 31007 D AndroidRuntime: CheckJNI is OFF
08-05 19:52:30.850 31007 31007 D ICU     : No timezone override file found: /data/misc/zoneinfo/current/icu/icu_tzdata.dat
08-05 19:52:30.870 30457 30485 I art     : Starting a blocking GC Explicit
08-05 19:52:30.891 30457 30485 I art     : Explicit concurrent mark sweep GC freed 1393(81KB) AllocSpace objects, 1(20KB) LOS objects, 40% free, 22MB/38MB, paused 309us total 21.398ms
08-05 19:52:30.894 31007 31007 I Radio-JNI: register_android_hardware_Radio DONE
08-05 19:52:30.902 30457 30485 I art     : Starting a blocking GC Explicit
08-05 19:52:30.924 30457 30485 I art     : Explicit concurrent mark sweep GC freed 23(752B) AllocSpace objects, 0(0B) LOS objects, 40% free, 22MB/38MB, paused 289us total 22.048ms
08-05 19:52:30.924 31007 31007 D AndroidRuntime: Calling main entry com.android.commands.input.Input
08-05 19:52:30.926 31007 31007 I Input   : injectMotionEvent: MotionEvent { action=ACTION_DOWN, actionButton=0, id[0]=0, x[0]=103.0, y[0]=192.0, toolType[0]=TOOL_TYPE_UNKNOWN, buttonState=0, metaState=0, flags=0x0, edgeFlags=0x0, pointerCount=1, historySize=0, eventTime=820367338, downTime=820367338, deviceId=0, source=0x1002 }
08-05 19:52:30.934 31007 31007 I Input   : injectMotionEvent: MotionEvent { action=ACTION_UP, actionButton=0, id[0]=0, x[0]=103.0, y[0]=192.0, toolType[0]=TOOL_TYPE_UNKNOWN, buttonState=0, metaState=0, flags=0x0, edgeFlags=0x0, pointerCount=1, historySize=0, eventTime=820367338, downTime=820367338, deviceId=0, source=0x1002 }
08-05 19:52:30.934 30457 30485 I art     : Starting a blocking GC Explicit
08-05 19:52:30.937 31007 31007 D AndroidRuntime: Shutting down VM
08-05 19:52:30.942   512  2967 D audio_hw_primary: out_set_parameters: enter: usecase(1: low-latency-playback) kvpairs: routing=2
08-05 19:52:30.955 30457 30485 I art     : Explicit concurrent mark sweep GC freed 27(864B) AllocSpace objects, 0(0B) LOS objects, 40% free, 22MB/38MB, paused 264us total 21.024ms
08-05 19:52:30.956   512  2967 D audio_hw_primary: select_devices: out_snd_device(2: speaker) in_snd_device(0: none)
08-05 19:52:30.956   512  2967 D msm8974_platform: platform_send_audio_calibration: sending audio calibration for snd_device(2) acdb_id(15)
08-05 19:52:30.956   512  2967 I soundtrigger: audio_extn_sound_trigger_update_device_status: device 0x2 of type 0 for Event 1
08-05 19:52:30.965 30457 30485 I art     : Starting a blocking GC Explicit
08-05 19:52:30.966   512  2967 D audio_hw_primary: enable_snd_device: snd_device(2: speaker)
08-05 19:52:30.969   512  2967 D audio_hw_primary: enable_audio_route: apply and update mixer path: low-latency-playback speaker
08-05 19:52:30.983 13866 13866 I GoogleInputMethodServic: GoogleInputMethodService.onFinishInput():3138 
08-05 19:52:30.984 13866 13866 I GoogleInputMethodServic: GoogleInputMethodService.onStartInput():1808 
08-05 19:52:30.985 30457 30485 I art     : Explicit concurrent mark sweep GC freed 96(3KB) AllocSpace objects, 0(0B) LOS objects, 40% free, 22MB/38MB, paused 265us total 19.113ms
08-05 19:52:30.995 30457 30485 I art     : Starting a blocking GC Explicit
08-05 19:52:31.014 30457 30485 I art     : Explicit concurrent mark sweep GC freed 18(992B) AllocSpace objects, 0(0B) LOS objects, 40% free, 22MB/38MB, paused 256us total 19.381ms
08-05 19:52:31.209 13866 13882 I PeriodicStatsRunner: PeriodicStatsRunner.call():175 call()
08-05 19:52:31.210 13866 13882 I PeriodicStatsRunner: PeriodicStatsRunner.call():179 No submit PeriodicStats since input started.
08-05 19:52:31.287 30457 30470 I art     : Starting a blocking GC Explicit
08-05 19:52:31.310 30457 30470 I art     : Explicit concurrent mark sweep GC freed 1732(100KB) AllocSpace objects, 1(20KB) LOS objects, 40% free, 22MB/38MB, paused 295us total 22.591ms
08-05 19:52:31.321 30457 30470 I art     : Starting a blocking GC Explicit
08-05 19:52:31.342 30457 30470 I art     : Explicit concurrent mark sweep GC freed 35(1296B) AllocSpace objects, 0(0B) LOS objects, 40% free, 22MB/38MB, paused 298us total 21.049ms
08-05 19:52:31.353 30457 30470 I art     : Starting a blocking GC Explicit
08-05 19:52:31.374 30457 30470 I art     : Explicit concurrent mark sweep GC freed 6(224B) AllocSpace objects, 0(0B) LOS objects, 40% free, 22MB/38MB, paused 365us total 21.172ms
08-05 19:52:31.384 30457 30470 I art     : Starting a blocking GC Explicit
08-05 19:52:31.406 30457 30470 I art     : Explicit concurrent mark sweep GC freed 5(160B) AllocSpace objects, 0(0B) LOS objects, 40% free, 22MB/38MB, paused 301us total 21.089ms
08-05 19:52:31.416 30457 30470 I art     : Starting a blocking GC Explicit
08-05 19:52:31.437 30457 30470 I art     : Explicit concurrent mark sweep GC freed 3(96B) AllocSpace objects, 0(0B) LOS objects, 40% free, 22MB/38MB, paused 268us total 20.109ms
08-05 19:52:31.499   512  2967 D audio_hw_primary: disable_audio_route: reset and update mixer path: low-latency-playback speaker
08-05 19:52:31.500   512  2967 D audio_hw_primary: disable_snd_device: snd_device(2: speaker)
08-05 19:52:31.509   512  2967 I soundtrigger: audio_extn_sound_trigger_update_device_status: device 0x2 of type 0 for Event 0
08-05 19:52:31.716 30457 30485 I art     : Starting a blocking GC Explicit
08-05 19:52:31.741 30457 30485 I art     : Explicit concurrent mark sweep GC freed 1365(81KB) AllocSpace objects, 1(20KB) LOS objects, 40% free, 22MB/38MB, paused 339us total 25.376ms
08-05 19:52:31.754 30457 30485 I art     : Starting a blocking GC Explicit
08-05 19:52:31.778 30457 30485 I art     : Explicit concurrent mark sweep GC freed 25(816B) AllocSpace objects, 0(0B) LOS objects, 40% free, 22MB/38MB, paused 279us total 23.683ms
08-05 19:52:31.788 30457 30485 I art     : Starting a blocking GC Explicit
08-05 19:52:31.810 30457 30485 I art     : Explicit concurrent mark sweep GC freed 3(96B) AllocSpace objects, 0(0B) LOS objects, 40% free, 22MB/38MB, paused 272us total 21.380ms
08-05 19:52:31.820 30457 30485 I art     : Starting a blocking GC Explicit
08-05 19:52:31.842 30457 30485 I art     : Explicit concurrent mark sweep GC freed 3(96B) AllocSpace objects, 0(0B) LOS objects, 40% free, 22MB/38MB, paused 278us total 21.373ms
08-05 19:52:31.852 30457 30485 I art     : Starting a blocking GC Explicit
08-05 19:52:31.874 30457 30485 I art     : Explicit concurrent mark sweep GC freed 3(96B) AllocSpace objects, 0(0B) LOS objects, 40% free, 22MB/38MB, paused 281us total 21.290ms
08-05 19:52:32.168 30457 30470 I art     : Starting a blocking GC Explicit
08-05 19:52:32.180 13866 13882 I PeriodicStatsRunner: PeriodicStatsRunner.call():175 call()
08-05 19:52:32.181 13866 13882 I PeriodicStatsRunner: PeriodicStatsRunner.call():179 No submit PeriodicStats since input started.
08-05 19:52:32.194 30457 30470 I art     : Explicit concurrent mark sweep GC freed 1392(82KB) AllocSpace objects, 1(20KB) LOS objects, 40% free, 22MB/38MB, paused 297us total 24.937ms
08-05 19:52:32.204 30457 30470 I art     : Starting a blocking GC Explicit
08-05 19:52:32.225 30457 30470 I art     : Explicit concurrent mark sweep GC freed 23(752B) AllocSpace objects, 0(0B) LOS objects, 40% free, 22MB/38MB, paused 281us total 21.090ms
08-05 19:52:32.235 30457 30470 I art     : Starting a blocking GC Explicit
08-05 19:52:32.256 30457 30470 I art     : Explicit concurrent mark sweep GC freed 3(96B) AllocSpace objects, 0(0B) LOS objects, 40% free, 22MB/38MB, paused 270us total 20.383ms
08-05 19:52:32.266 30457 30470 I art     : Starting a blocking GC Explicit
08-05 19:52:32.286 30457 30470 I art     : Explicit concurrent mark sweep GC freed 3(96B) AllocSpace objects, 0(0B) LOS objects, 40% free, 22MB/38MB, paused 265us total 20.285ms
08-05 19:52:32.294 15866 15866 I Finsky  : [1] xow.onStartJob(3): SCH: onJobSchedulerWakeup with jobId 9016
08-05 19:52:32.296 30457 30470 I art     : Starting a blocking GC Explicit
08-05 19:52:32.300 15866 15866 I Finsky  : [1] xjw.a(9): Scheduling fallback in 43199998 (absolute: 1846956172)
08-05 19:52:32.302 15866 15866 I Finsky  : [1] xjw.a(9): Scheduling fallback in 64799998 (absolute: 1868556175)
08-05 19:52:32.307 15866 15866 I Finsky  : [1] xow.onStartJob(3): SCH: onJobSchedulerWakeup with jobId 9006
08-05 19:52:32.313 15866 15866 I Finsky  : [1] xjw.a(9): Scheduling fallback in 43199998 (absolute: 1846956185)
08-05 19:52:32.315 15866 15866 I Finsky  : [1] xjw.a(9): Scheduling fallback in 64799998 (absolute: 1868556188)
08-05 19:52:32.316 30457 30470 I art     : Explicit concurrent mark sweep GC freed 3(96B) AllocSpace objects, 0(0B) LOS objects, 40% free, 22MB/38MB, paused 263us total 19.666ms
08-05 19:52:32.319 15866 15866 W Finsky  : [1] xow.onStartJob(9): SCH: onJobSchedulerWakeup while already running
08-05 19:52:32.375 15866 15866 I Finsky  : [1] xkf.handleMessage(8): SCH: DeviceState: DeviceState{currentTime=1596649952367, isCharging=false, isIdle=false, netAny=true, netNotRoaming=true, netUnmetered=true, batteryPercent=100.0}
08-05 19:52:32.380 15866 30427 I Finsky  : [6208] xmu.a(8): SCH: Jobs in database: 1-1337 3-219 3-220 12-1 24-77777777 26-1414141414 
08-05 19:52:32.385 15866 15866 I Finsky  : [1] xkg.a(16): SCH: Running job: 12-1
08-05 19:52:32.385 15866 15866 I Finsky  : [1] ContentSyncJob.a(16): [ContentSync] job started
08-05 19:52:32.387 15866 15866 I Finsky  : [1] xkf.handleMessage(61): SCH: RunningQueue size: 1, PendingQueue size: 0
08-05 19:52:32.387 15866 15866 I Finsky  : [1] xkf.handleMessage(64): SCH: Running queue: 12-1 
08-05 19:52:32.473 15866 30447 I Finsky  : [6213] dzn.a(22): Completed 0 account content syncs with 0 successful.
08-05 19:52:32.474 15866 15866 I Finsky  : [1] ContentSyncJob.a(1): [ContentSync] Installation state replication succeeded.
08-05 19:52:32.475 15866 15866 I Finsky  : [1] xlr.a(13): SCH: jobFinished: 12-1. TimeElapsed: 89ms.
08-05 19:52:32.475 15866 15866 I Finsky  : [1] xkg.a(36): SCH: Job 12-1 finished. Not rescheduling.
08-05 19:52:32.476 15866 15866 I Finsky  : [1] xkf.handleMessage(61): SCH: RunningQueue size: 0, PendingQueue size: 0
08-05 19:52:32.477 15866 15866 I Finsky  : [1] xkf.handleMessage(25): Executor finished
08-05 19:52:32.494 15866 15866 I Finsky  : [1] xmu.a(8): SCH: Jobs in database: 1-1337 3-219 3-220 24-77777777 26-1414141414 
08-05 19:52:32.496 15866 15866 I Finsky  : [1] xio.a(57): SCH: ConstraintMapping: 24-77777777,  -> L: 0ms, D: 4648024ms, C: false, I: true, N: 0
08-05 19:52:32.497 15866 15866 I Finsky  : [1] xio.a(57): SCH: ConstraintMapping: 1-1337,  -> L: 2452128ms, D: 8000417ms, C: false, I: false, N: 1
08-05 19:52:32.498 15866 15866 I Finsky  : [1] xio.a(57): SCH: ConstraintMapping: 3-219,  -> L: 0ms, D: 83211027ms, C: false, I: true, N: 2
08-05 19:52:32.498 15866 15866 I Finsky  : [1] xio.a(57): SCH: ConstraintMapping: 3-220,  -> L: 0ms, D: 83211069ms, C: true, I: true, N: 2
08-05 19:52:32.499 15866 15866 I Finsky  : [1] xio.a(57): SCH: ConstraintMapping: 26-1414141414,  -> L: 12647882ms, D: 13547882ms, C: false, I: false, N: 0
08-05 19:52:32.510 15866 15866 I Finsky  : [1] xle.a(34): Cancelling existing jobscheduler jobs: 9014 9019 9015 9017 9011 9012 9018 9000 
08-05 19:52:32.511 15866 15866 I Finsky  : [1] xle.a(10): Throttling wakeup for job 9001 (expected to run in 0 ms) due to recent wakeup
08-05 19:52:32.511 15866 15866 I Finsky  : [1] xle.a(27): Scheduling job Id: 9001, L: 30000, D: 4648024, C: false, I: true, N: 0
08-05 19:52:32.514 15866 15866 I Finsky  : [1] xle.a(27): Scheduling job Id: 9002, L: 2452128, D: 8000417, C: false, I: false, N: 1
08-05 19:52:32.515 15866 15866 I Finsky  : [1] xle.a(10): Throttling wakeup for job 9003 (expected to run in 0 ms) due to recent wakeup
08-05 19:52:32.516 15866 15866 I Finsky  : [1] xle.a(27): Scheduling job Id: 9003, L: 30000, D: 83211027, C: false, I: true, N: 2
08-05 19:52:32.518 15866 15866 I Finsky  : [1] xle.a(10): Throttling wakeup for job 9004 (expected to run in 0 ms) due to recent wakeup
08-05 19:52:32.518 15866 15866 I Finsky  : [1] xle.a(27): Scheduling job Id: 9004, L: 30000, D: 83211069, C: true, I: true, N: 2
08-05 19:52:32.520 15866 15866 I Finsky  : [1] xle.a(27): Scheduling job Id: 9005, L: 12647882, D: 13547882, C: false, I: false, N: 0
08-05 19:52:32.521 15866 15866 I Finsky  : [1] xle.a(10): Throttling wakeup for job 9006 (expected to run in 0 ms) due to recent wakeup
08-05 19:52:32.522 15866 15866 I Finsky  : [1] xle.a(27): Scheduling job Id: 9006, L: 30000, D: 4648024, C: false, I: true, N: 0
08-05 19:52:32.523 15866 15866 I Finsky  : [1] xle.a(27): Scheduling job Id: 9007, L: 2452128, D: 8000417, C: false, I: false, N: 1
08-05 19:52:32.537 15866 15866 I Finsky  : [1] xle.a(10): Throttling wakeup for job 9008 (expected to run in 0 ms) due to recent wakeup
08-05 19:52:32.537 15866 15866 I Finsky  : [1] xle.a(27): Scheduling job Id: 9008, L: 30000, D: 83211027, C: false, I: true, N: 2
08-05 19:52:32.539 15866 15866 I Finsky  : [1] xle.a(10): Throttling wakeup for job 9009 (expected to run in 0 ms) due to recent wakeup
08-05 19:52:32.539 15866 15866 I Finsky  : [1] xle.a(27): Scheduling job Id: 9009, L: 30000, D: 83211069, C: true, I: true, N: 2
08-05 19:52:32.541 15866 15866 I Finsky  : [1] xle.a(27): Scheduling job Id: 9010, L: 12647882, D: 13547882, C: false, I: false, N: 0
08-05 19:52:32.581 30457 30471 I art     : Starting a blocking GC Explicit
08-05 19:52:32.602 30457 30471 I art     : Explicit concurrent mark sweep GC freed 1365(80KB) AllocSpace objects, 1(20KB) LOS objects, 40% free, 22MB/38MB, paused 287us total 20.794ms
08-05 19:52:32.612 30457 30471 I art     : Starting a blocking GC Explicit
08-05 19:52:32.635 30457 30471 I art     : Explicit concurrent mark sweep GC freed 26(848B) AllocSpace objects, 0(0B) LOS objects, 40% free, 22MB/38MB, paused 282us total 21.961ms
08-05 19:52:32.645 30457 30471 I art     : Starting a blocking GC Explicit
08-05 19:52:32.667 30457 30471 I art     : Explicit concurrent mark sweep GC freed 7(224B) AllocSpace objects, 0(0B) LOS objects, 40% free, 22MB/38MB, paused 420us total 21.783ms
08-05 19:52:32.677 30457 30471 I art     : Starting a blocking GC Explicit
08-05 19:52:32.693 31070 31070 D AndroidRuntime: >>>>>> START com.android.internal.os.RuntimeInit uid 2000 <<<<<<
08-05 19:52:32.699 30457 30471 I art     : Explicit concurrent mark sweep GC freed 7(224B) AllocSpace objects, 0(0B) LOS objects, 40% free, 22MB/38MB, paused 322us total 21.610ms
08-05 19:52:32.699 31070 31070 D AndroidRuntime: CheckJNI is OFF
08-05 19:52:32.709 30457 30471 I art     : Starting a blocking GC Explicit
08-05 19:52:32.731 30457 30471 I art     : Explicit concurrent mark sweep GC freed 8(256B) AllocSpace objects, 0(0B) LOS objects, 40% free, 22MB/38MB, paused 300us total 21.131ms
08-05 19:52:32.745 31070 31070 D ICU     : No timezone override file found: /data/misc/zoneinfo/current/icu/icu_tzdata.dat
08-05 19:52:32.788 31070 31070 I Radio-JNI: register_android_hardware_Radio DONE
08-05 19:52:32.815 31070 31070 D AndroidRuntime: Calling main entry com.android.commands.input.Input
08-05 19:52:32.818 31070 31070 I Input   : injectMotionEvent: MotionEvent { action=ACTION_DOWN, actionButton=0, id[0]=0, x[0]=409.0, y[0]=1034.0, toolType[0]=TOOL_TYPE_UNKNOWN, buttonState=0, metaState=0, flags=0x0, edgeFlags=0x0, pointerCount=1, historySize=0, eventTime=820369230, downTime=820369230, deviceId=0, source=0x1002 }
08-05 19:52:32.824 31070 31070 I Input   : injectMotionEvent: MotionEvent { action=ACTION_UP, actionButton=0, id[0]=0, x[0]=409.0, y[0]=1034.0, toolType[0]=TOOL_TYPE_UNKNOWN, buttonState=0, metaState=0, flags=0x0, edgeFlags=0x0, pointerCount=1, historySize=0, eventTime=820369230, downTime=820369230, deviceId=0, source=0x1002 }
08-05 19:52:32.828 31070 31070 D AndroidRuntime: Shutting down VM
08-05 19:52:32.891 30457 30457 D MainActivity: loadFragment(index: 5, args: null)
08-05 19:52:32.891 30457 30457 D MainActivity: loadFragment(tag: AddFeedFragment, args: null)
08-05 19:52:32.892 30457 30457 D MainActivity: saveLastNavFragment(tag: AddFeedFragment)
08-05 19:52:32.893   512  2967 D audio_hw_primary: out_set_parameters: enter: usecase(1: low-latency-playback) kvpairs: routing=2
08-05 19:52:32.893 30457 30457 D MainActivity: getLastNavFragment() -> AddFeedFragment
08-05 19:52:32.906   512  2967 D audio_hw_primary: select_devices: out_snd_device(2: speaker) in_snd_device(0: none)
08-05 19:52:32.906   512  2967 D msm8974_platform: platform_send_audio_calibration: sending audio calibration for snd_device(2) acdb_id(15)
08-05 19:52:32.907   512  2967 I soundtrigger: audio_extn_sound_trigger_update_device_status: device 0x2 of type 0 for Event 1
08-05 19:52:32.920   512  2967 D audio_hw_primary: enable_snd_device: snd_device(2: speaker)
08-05 19:52:32.922   512  2967 D audio_hw_primary: enable_audio_route: apply and update mixer path: low-latency-playback speaker
08-05 19:52:33.005 30457 30470 I art     : Starting a blocking GC Explicit
08-05 19:52:33.026 30457 30470 I art     : Explicit concurrent mark sweep GC freed 3467(207KB) AllocSpace objects, 2(40KB) LOS objects, 40% free, 23MB/38MB, paused 316us total 20.393ms
08-05 19:52:33.036 30457 30470 I art     : Starting a blocking GC Explicit
08-05 19:52:33.055 30457 30470 I art     : Explicit concurrent mark sweep GC freed 1415(85KB) AllocSpace objects, 2(56KB) LOS objects, 40% free, 22MB/38MB, paused 253us total 19.125ms
08-05 19:52:33.065 30457 30470 I art     : Starting a blocking GC Explicit
08-05 19:52:33.084 30457 30470 I art     : Explicit concurrent mark sweep GC freed 3(96B) AllocSpace objects, 0(0B) LOS objects, 40% free, 22MB/38MB, paused 254us total 18.513ms
08-05 19:52:33.093 30457 30470 I art     : Starting a blocking GC Explicit
08-05 19:52:33.112 30457 30470 I art     : Explicit concurrent mark sweep GC freed 3(96B) AllocSpace objects, 0(0B) LOS objects, 40% free, 22MB/38MB, paused 248us total 18.864ms
08-05 19:52:33.122 30457 30470 I art     : Starting a blocking GC Explicit
08-05 19:52:33.141 30457 30470 I art     : Explicit concurrent mark sweep GC freed 3(96B) AllocSpace objects, 0(0B) LOS objects, 40% free, 22MB/38MB, paused 266us total 19.227ms
08-05 19:52:33.336 13866 13866 I GoogleInputMethodServic: GoogleInputMethodService.onFinishInput():3138 
08-05 19:52:33.337 13866 13866 I GoogleInputMethodServic: GoogleInputMethodService.onStartInput():1808 
08-05 19:52:33.418 30457 30470 I art     : Starting a blocking GC Explicit
08-05 19:52:33.440 30457 30470 I art     : Explicit concurrent mark sweep GC freed 1492(85KB) AllocSpace objects, 1(20KB) LOS objects, 40% free, 22MB/38MB, paused 275us total 21.742ms
08-05 19:52:33.450 30457 30470 I art     : Starting a blocking GC Explicit
08-05 19:52:33.469   512  2967 D audio_hw_primary: disable_audio_route: reset and update mixer path: low-latency-playback speaker
08-05 19:52:33.471   512  2967 D audio_hw_primary: disable_snd_device: snd_device(2: speaker)
08-05 19:52:33.473 30457 30470 I art     : Explicit concurrent mark sweep GC freed 123(6KB) AllocSpace objects, 0(0B) LOS objects, 40% free, 22MB/38MB, paused 272us total 22.109ms
08-05 19:52:33.480   512  2967 I soundtrigger: audio_extn_sound_trigger_update_device_status: device 0x2 of type 0 for Event 0
08-05 19:52:33.483 30457 30470 I art     : Starting a blocking GC Explicit
08-05 19:52:33.504 30457 30470 I art     : Explicit concurrent mark sweep GC freed 5(160B) AllocSpace objects, 0(0B) LOS objects, 40% free, 22MB/38MB, paused 270us total 20.664ms
08-05 19:52:33.515 30457 30470 I art     : Starting a blocking GC Explicit
08-05 19:52:33.535 30457 30470 I art     : Explicit concurrent mark sweep GC freed 3(96B) AllocSpace objects, 0(0B) LOS objects, 40% free, 22MB/38MB, paused 259us total 20.305ms
08-05 19:52:33.546 30457 30470 I art     : Starting a blocking GC Explicit
08-05 19:52:33.567 30457 30470 I art     : Explicit concurrent mark sweep GC freed 3(96B) AllocSpace objects, 0(0B) LOS objects, 40% free, 22MB/38MB, paused 254us total 20.683ms
08-05 19:52:33.861 30457 30471 I art     : Starting a blocking GC Explicit
08-05 19:52:33.884 30457 30471 I art     : Explicit concurrent mark sweep GC freed 1392(80KB) AllocSpace objects, 1(20KB) LOS objects, 40% free, 22MB/38MB, paused 283us total 22.683ms
08-05 19:52:33.898 30457 30471 I art     : Starting a blocking GC Explicit
08-05 19:52:33.919 30457 30471 I art     : Explicit concurrent mark sweep GC freed 25(816B) AllocSpace objects, 0(0B) LOS objects, 40% free, 22MB/38MB, paused 271us total 20.856ms
08-05 19:52:33.929 30457 30471 I art     : Starting a blocking GC Explicit
08-05 19:52:33.949 30457 30471 I art     : Explicit concurrent mark sweep GC freed 3(96B) AllocSpace objects, 0(0B) LOS objects, 40% free, 22MB/38MB, paused 295us total 20.289ms
08-05 19:52:33.959 30457 30471 I art     : Starting a blocking GC Explicit
08-05 19:52:33.981 30457 30471 I art     : Explicit concurrent mark sweep GC freed 3(96B) AllocSpace objects, 0(0B) LOS objects, 40% free, 22MB/38MB, paused 279us total 21.421ms
08-05 19:52:33.991 30457 30471 I art     : Starting a blocking GC Explicit
08-05 19:52:34.012 30457 30471 I art     : Explicit concurrent mark sweep GC freed 3(96B) AllocSpace objects, 0(0B) LOS objects, 40% free, 22MB/38MB, paused 276us total 21.198ms
08-05 19:52:34.137 13866 13882 I PeriodicStatsRunner: PeriodicStatsRunner.call():175 call()
08-05 19:52:34.137 13866 13882 I PeriodicStatsRunner: PeriodicStatsRunner.call():179 No submit PeriodicStats since input started.
08-05 19:52:34.285 30457 30470 I art     : Starting a blocking GC Explicit
08-05 19:52:34.307 30457 30470 I art     : Explicit concurrent mark sweep GC freed 1362(80KB) AllocSpace objects, 1(20KB) LOS objects, 40% free, 22MB/38MB, paused 287us total 22.212ms
08-05 19:52:34.320 30457 30470 I art     : Starting a blocking GC Explicit
08-05 19:52:34.342 30457 30470 I art     : Explicit concurrent mark sweep GC freed 23(752B) AllocSpace objects, 0(0B) LOS objects, 40% free, 22MB/38MB, paused 280us total 22.091ms
08-05 19:52:34.352 30457 30470 I art     : Starting a blocking GC Explicit
08-05 19:52:34.373 30457 30470 I art     : Explicit concurrent mark sweep GC freed 3(96B) AllocSpace objects, 0(0B) LOS objects, 40% free, 22MB/38MB, paused 273us total 20.603ms
08-05 19:52:34.383 30457 30470 I art     : Starting a blocking GC Explicit
08-05 19:52:34.403 30457 30470 I art     : Explicit concurrent mark sweep GC freed 3(96B) AllocSpace objects, 0(0B) LOS objects, 40% free, 22MB/38MB, paused 277us total 20.176ms
08-05 19:52:34.413 30457 30470 I art     : Starting a blocking GC Explicit
08-05 19:52:34.434 30457 30470 I art     : Explicit concurrent mark sweep GC freed 3(96B) AllocSpace objects, 0(0B) LOS objects, 40% free, 22MB/38MB, paused 277us total 20.877ms
08-05 19:52:34.622 31125 31125 D AndroidRuntime: >>>>>> START com.android.internal.os.RuntimeInit uid 2000 <<<<<<
08-05 19:52:34.628 31125 31125 D AndroidRuntime: CheckJNI is OFF
08-05 19:52:34.669 31125 31125 D ICU     : No timezone override file found: /data/misc/zoneinfo/current/icu/icu_tzdata.dat
08-05 19:52:34.709 31125 31125 I Radio-JNI: register_android_hardware_Radio DONE
08-05 19:52:34.738 31125 31125 D AndroidRuntime: Calling main entry com.android.commands.input.Input
08-05 19:52:34.740 31125 31125 I Input   : injectMotionEvent: MotionEvent { action=ACTION_DOWN, actionButton=0, id[0]=0, x[0]=567.0, y[0]=714.0, toolType[0]=TOOL_TYPE_UNKNOWN, buttonState=0, metaState=0, flags=0x0, edgeFlags=0x0, pointerCount=1, historySize=0, eventTime=820371153, downTime=820371153, deviceId=0, source=0x1002 }
08-05 19:52:34.744 31125 31125 I Input   : injectMotionEvent: MotionEvent { action=ACTION_UP, actionButton=0, id[0]=0, x[0]=567.0, y[0]=714.0, toolType[0]=TOOL_TYPE_UNKNOWN, buttonState=0, metaState=0, flags=0x0, edgeFlags=0x0, pointerCount=1, historySize=0, eventTime=820371153, downTime=820371153, deviceId=0, source=0x1002 }
08-05 19:52:34.747 31125 31125 D AndroidRuntime: Shutting down VM
08-05 19:52:34.747 30457 30470 I art     : Starting a blocking GC Explicit
08-05 19:52:34.766   512  2967 D audio_hw_primary: out_set_parameters: enter: usecase(1: low-latency-playback) kvpairs: routing=2
08-05 19:52:34.770 30457 30470 I art     : Explicit concurrent mark sweep GC freed 1441(84KB) AllocSpace objects, 1(20KB) LOS objects, 40% free, 23MB/38MB, paused 279us total 22.595ms
08-05 19:52:34.779   512  2967 D audio_hw_primary: select_devices: out_snd_device(2: speaker) in_snd_device(0: none)
08-05 19:52:34.779   512  2967 D msm8974_platform: platform_send_audio_calibration: sending audio calibration for snd_device(2) acdb_id(15)
08-05 19:52:34.779   512  2967 I soundtrigger: audio_extn_sound_trigger_update_device_status: device 0x2 of type 0 for Event 1
08-05 19:52:34.782 30457 30470 I art     : Starting a blocking GC Explicit
08-05 19:52:34.789   512  2967 D audio_hw_primary: enable_snd_device: snd_device(2: speaker)
08-05 19:52:34.791 30457 30986 D AntennapodHttpClient: Creating new instance of HTTP client
08-05 19:52:34.791   512  2967 D audio_hw_primary: enable_audio_route: apply and update mixer path: low-latency-playback speaker
08-05 19:52:34.799 13866 13866 I GoogleInputMethodServic: GoogleInputMethodService.onFinishInput():3138 
08-05 19:52:34.800 13866 13866 I GoogleInputMethodServic: GoogleInputMethodService.onStartInput():1808 
08-05 19:52:34.812 30457 30470 I art     : Explicit concurrent mark sweep GC freed 1401(98KB) AllocSpace objects, 0(0B) LOS objects, 40% free, 23MB/38MB, paused 1.590ms total 30.204ms
08-05 19:52:34.823 30457 30470 I art     : Starting a blocking GC Explicit
08-05 19:52:34.848 30457 30470 I art     : Explicit concurrent mark sweep GC freed 1797(109KB) AllocSpace objects, 0(0B) LOS objects, 40% free, 23MB/39MB, paused 346us total 24.786ms
08-05 19:52:34.858 30457 30470 I art     : Starting a blocking GC Explicit
08-05 19:52:34.879 30457 30470 I art     : Explicit concurrent mark sweep GC freed 1577(80KB) AllocSpace objects, 1(220KB) LOS objects, 40% free, 23MB/38MB, paused 384us total 20.644ms
08-05 19:52:34.889 30457 30470 I art     : Starting a blocking GC Explicit
08-05 19:52:34.911 30457 30470 I art     : Explicit concurrent mark sweep GC freed 63(4KB) AllocSpace objects, 0(0B) LOS objects, 40% free, 23MB/38MB, paused 554us total 21.330ms
08-05 19:52:35.183 30457 30471 I art     : Starting a blocking GC Explicit
08-05 19:52:35.205 30457 30471 I art     : Explicit concurrent mark sweep GC freed 1520(92KB) AllocSpace objects, 1(20KB) LOS objects, 40% free, 23MB/38MB, paused 396us total 22.525ms
08-05 19:52:35.216 30457 30471 I art     : Starting a blocking GC Explicit
08-05 19:52:35.240 30457 30471 I art     : Explicit concurrent mark sweep GC freed 3703(220KB) AllocSpace objects, 2(120KB) LOS objects, 40% free, 23MB/39MB, paused 476us total 23.288ms
08-05 19:52:35.251 30457 30471 I art     : Starting a blocking GC Explicit
08-05 19:52:35.274 30457 30471 I art     : Explicit concurrent mark sweep GC freed 4663(273KB) AllocSpace objects, 1(80KB) LOS objects, 40% free, 23MB/39MB, paused 460us total 23.184ms
08-05 19:52:35.284 30457 30471 I art     : Starting a blocking GC Explicit
08-05 19:52:35.305 30457 30471 I art     : Explicit concurrent mark sweep GC freed 79(7KB) AllocSpace objects, 0(0B) LOS objects, 40% free, 23MB/39MB, paused 419us total 21.334ms
08-05 19:52:35.311 27644 27644 I ServiceManager: Waiting for service AtCmdFwd...
08-05 19:52:35.315 30457 30471 I art     : Starting a blocking GC Explicit
08-05 19:52:35.328   512  2967 D audio_hw_primary: disable_audio_route: reset and update mixer path: low-latency-playback speaker
08-05 19:52:35.329   512  2967 D audio_hw_primary: disable_snd_device: snd_device(2: speaker)
08-05 19:52:35.337 30457 30471 I art     : Explicit concurrent mark sweep GC freed 17(640B) AllocSpace objects, 0(0B) LOS objects, 40% free, 23MB/39MB, paused 411us total 21.606ms
08-05 19:52:35.337   512  2967 I soundtrigger: audio_extn_sound_trigger_update_device_status: device 0x2 of type 0 for Event 0
08-05 19:52:35.433 30457 30986 I NAPPA_EXPERIMENTATION: MetricNetworkRequestExecutionTime: REQUEST_DURATION_SYSTEM='617',REQUEST_DURATION_OKHTTP='175',REQUEST_SYNCHRONOUS='TRUE',RESPONSE_CODE='400',RESPONSE_METHOD='GET',RESPONSE_LENGTH_OKHTTP='0',RESPONSE_LENGTH_HEADER='0',REQUEST_PROTOCOL='h2',REQUEST_URL='https://itunes.apple.com/en/rss/toppodcasts/limit=25/explicit=true/json',
08-05 19:52:35.593 30457 30986 I NAPPA_EXPERIMENTATION: MetricNetworkRequestExecutionTime: REQUEST_DURATION_SYSTEM='157',REQUEST_DURATION_OKHTTP='155',REQUEST_SYNCHRONOUS='TRUE',RESPONSE_CODE='200',RESPONSE_METHOD='GET',RESPONSE_LENGTH_OKHTTP='-1',RESPONSE_LENGTH_HEADER='10075',REQUEST_PROTOCOL='h2',REQUEST_URL='https://itunes.apple.com/us/rss/toppodcasts/limit=25/explicit=true/json',
08-05 19:52:35.620 30457 30485 I art     : Starting a blocking GC Explicit
08-05 19:52:35.645 30457 30485 I art     : Explicit concurrent mark sweep GC freed 10314(554KB) AllocSpace objects, 5(372KB) LOS objects, 40% free, 23MB/39MB, paused 364us total 24.640ms
08-05 19:52:35.656 30457 30485 I art     : Starting a blocking GC Explicit
08-05 19:52:35.683 30457 30457 D AntennapodHttpClient: Creating new instance of HTTP client
08-05 19:52:35.683 30457 30485 I art     : Explicit concurrent mark sweep GC freed 396(35KB) AllocSpace objects, 0(0B) LOS objects, 40% free, 23MB/39MB, paused 1.233ms total 26.598ms
08-05 19:52:35.694 30457 30485 I art     : Starting a blocking GC Explicit
08-05 19:52:35.701 30457 31186 D ApOkHttpUrlLoader: buildLoadData() called with: model = [https://is4-ssl.mzstatic.com/image/thumb/Podcasts114/v4/3f/16/74/3f167426-bf50-ce3a-d709-e4301620fc5b/mza_5832671293059882550.jpeg/170x170bb.png], width = [224], height = [224]
08-05 19:52:35.705 30457 31187 D DBReader: getImageAuthentication() called with: imageUrl = [https://is4-ssl.mzstatic.com/image/thumb/Podcasts114/v4/3f/16/74/3f167426-bf50-ce3a-d709-e4301620fc5b/mza_5832671293059882550.jpeg/170x170bb.png]
08-05 19:52:35.707 30457 31188 D ApOkHttpUrlLoader: buildLoadData() called with: model = [https://is4-ssl.mzstatic.com/image/thumb/Podcasts113/v4/e5/8a/10/e58a108f-f5d0-f622-c94a-13f66edd570c/mza_3025981348644196724.jpg/170x170bb.png], width = [224], height = [224]
08-05 19:52:35.707 30457 31187 D ApOkHttpUrlLoader: no credentials for 'https://is4-ssl.mzstatic.com/image/thumb/Podcasts114/v4/3f/16/74/3f167426-bf50-ce3a-d709-e4301620fc5b/mza_5832671293059882550.jpeg/170x170bb.png'
08-05 19:52:35.709 30457 31189 D DBReader: getImageAuthentication() called with: imageUrl = [https://is4-ssl.mzstatic.com/image/thumb/Podcasts113/v4/e5/8a/10/e58a108f-f5d0-f622-c94a-13f66edd570c/mza_3025981348644196724.jpg/170x170bb.png]
08-05 19:52:35.710 30457 31189 D ApOkHttpUrlLoader: no credentials for 'https://is4-ssl.mzstatic.com/image/thumb/Podcasts113/v4/e5/8a/10/e58a108f-f5d0-f622-c94a-13f66edd570c/mza_3025981348644196724.jpg/170x170bb.png'
08-05 19:52:35.711 30457 31190 D ApOkHttpUrlLoader: buildLoadData() called with: model = [https://is2-ssl.mzstatic.com/image/thumb/Podcasts113/v4/a9/39/cc/a939ccc5-6d60-0c11-0a4c-16d71cdef89b/mza_8787577209688278658.jpg/170x170bb.png], width = [224], height = [224]
08-05 19:52:35.713 30457 31191 D DBReader: getImageAuthentication() called with: imageUrl = [https://is2-ssl.mzstatic.com/image/thumb/Podcasts113/v4/a9/39/cc/a939ccc5-6d60-0c11-0a4c-16d71cdef89b/mza_8787577209688278658.jpg/170x170bb.png]
08-05 19:52:35.715 30457 31191 D ApOkHttpUrlLoader: no credentials for 'https://is2-ssl.mzstatic.com/image/thumb/Podcasts113/v4/a9/39/cc/a939ccc5-6d60-0c11-0a4c-16d71cdef89b/mza_8787577209688278658.jpg/170x170bb.png'
08-05 19:52:35.715 30457 31192 D ApOkHttpUrlLoader: buildLoadData() called with: model = [https://is5-ssl.mzstatic.com/image/thumb/Podcasts114/v4/93/cf/99/93cf9960-fff3-205e-6655-72c03ddeccb2/mza_10545582232493904175.jpeg/170x170bb.png], width = [224], height = [224]
08-05 19:52:35.717 30457 31193 D DBReader: getImageAuthentication() called with: imageUrl = [https://is5-ssl.mzstatic.com/image/thumb/Podcasts114/v4/93/cf/99/93cf9960-fff3-205e-6655-72c03ddeccb2/mza_10545582232493904175.jpeg/170x170bb.png]
08-05 19:52:35.719 30457 31186 D ApOkHttpUrlLoader: buildLoadData() called with: model = [https://is4-ssl.mzstatic.com/image/thumb/Podcasts124/v4/49/a4/91/49a491b7-3daf-c5dc-d7c6-6c4f1486955c/mza_5930014091766152297.png/170x170bb.png], width = [224], height = [224]
08-05 19:52:35.719 30457 31193 D ApOkHttpUrlLoader: no credentials for 'https://is5-ssl.mzstatic.com/image/thumb/Podcasts114/v4/93/cf/99/93cf9960-fff3-205e-6655-72c03ddeccb2/mza_10545582232493904175.jpeg/170x170bb.png'
08-05 19:52:35.722 30457 31194 D DBReader: getImageAuthentication() called with: imageUrl = [https://is4-ssl.mzstatic.com/image/thumb/Podcasts124/v4/49/a4/91/49a491b7-3daf-c5dc-d7c6-6c4f1486955c/mza_5930014091766152297.png/170x170bb.png]
08-05 19:52:35.723 30457 30485 I art     : Explicit concurrent mark sweep GC freed 2491(216KB) AllocSpace objects, 0(0B) LOS objects, 39% free, 24MB/40MB, paused 1.482ms total 28.372ms
08-05 19:52:35.724 30457 31194 D ApOkHttpUrlLoader: no credentials for 'https://is4-ssl.mzstatic.com/image/thumb/Podcasts124/v4/49/a4/91/49a491b7-3daf-c5dc-d7c6-6c4f1486955c/mza_5930014091766152297.png/170x170bb.png'
08-05 19:52:35.724 30457 31188 D ApOkHttpUrlLoader: buildLoadData() called with: model = [https://is5-ssl.mzstatic.com/image/thumb/Podcasts113/v4/fd/54/6e/fd546ea0-7ab2-e3f0-6049-884d82917af9/mza_4855349695799758348.jpeg/170x170bb.png], width = [224], height = [224]
08-05 19:52:35.726 30457 31195 D DBReader: getImageAuthentication() called with: imageUrl = [https://is5-ssl.mzstatic.com/image/thumb/Podcasts113/v4/fd/54/6e/fd546ea0-7ab2-e3f0-6049-884d82917af9/mza_4855349695799758348.jpeg/170x170bb.png]
08-05 19:52:35.728 30457 31195 D ApOkHttpUrlLoader: no credentials for 'https://is5-ssl.mzstatic.com/image/thumb/Podcasts113/v4/fd/54/6e/fd546ea0-7ab2-e3f0-6049-884d82917af9/mza_4855349695799758348.jpeg/170x170bb.png'
08-05 19:52:35.729 30457 31190 D ApOkHttpUrlLoader: buildLoadData() called with: model = [https://is2-ssl.mzstatic.com/image/thumb/Podcasts114/v4/b3/4c/cf/b34ccfc2-cea4-1ca1-0fad-7793af301cc5/mza_2466085192629456364.jpg/170x170bb.png], width = [224], height = [224]
08-05 19:52:35.731 30457 31196 D DBReader: getImageAuthentication() called with: imageUrl = [https://is2-ssl.mzstatic.com/image/thumb/Podcasts114/v4/b3/4c/cf/b34ccfc2-cea4-1ca1-0fad-7793af301cc5/mza_2466085192629456364.jpg/170x170bb.png]
08-05 19:52:35.733 30457 31196 D ApOkHttpUrlLoader: no credentials for 'https://is2-ssl.mzstatic.com/image/thumb/Podcasts114/v4/b3/4c/cf/b34ccfc2-cea4-1ca1-0fad-7793af301cc5/mza_2466085192629456364.jpg/170x170bb.png'
08-05 19:52:35.734 30457 30485 I art     : Starting a blocking GC Explicit
08-05 19:52:35.759 30457 30485 I art     : Explicit concurrent mark sweep GC freed 1328(102KB) AllocSpace objects, 0(0B) LOS objects, 39% free, 24MB/40MB, paused 899us total 24.970ms
08-05 19:52:35.769 30457 30485 I art     : Starting a blocking GC Explicit
08-05 19:52:35.794 30457 30485 I art     : Explicit concurrent mark sweep GC freed 300(17KB) AllocSpace objects, 0(0B) LOS objects, 39% free, 24MB/40MB, paused 883us total 24.424ms
08-05 19:52:35.986 13866 13882 I PeriodicStatsRunner: PeriodicStatsRunner.call():175 call()
08-05 19:52:35.987 13866 13882 I PeriodicStatsRunner: PeriodicStatsRunner.call():179 No submit PeriodicStats since input started.
08-05 19:52:36.086 30457 30470 I art     : Starting a blocking GC Explicit
08-05 19:52:36.129 30457 30470 I art     : Explicit concurrent mark sweep GC freed 27145(1307KB) AllocSpace objects, 4(220KB) LOS objects, 39% free, 24MB/40MB, paused 1.177ms total 42.802ms
08-05 19:52:36.144 30457 30470 I art     : Starting a blocking GC Explicit
08-05 19:52:36.175 30457 30470 I art     : Explicit concurrent mark sweep GC freed 1466(133KB) AllocSpace objects, 0(0B) LOS objects, 39% free, 24MB/40MB, paused 1.025ms total 30.343ms
08-05 19:52:36.186 30457 30470 I art     : Starting a blocking GC Explicit
08-05 19:52:36.191 30457 31191 D MYTAG   : interceptor 2a
08-05 19:52:36.191 30457 31191 I NAPPA_EXPERIMENTATION: MetricNetworkRequestExecutionTime: REQUEST_DURATION_SYSTEM='475',REQUEST_DURATION_OKHTTP='260',REQUEST_SYNCHRONOUS='TRUE',RESPONSE_CODE='200',RESPONSE_METHOD='GET',RESPONSE_LENGTH_OKHTTP='48239',RESPONSE_LENGTH_HEADER='48239',REQUEST_PROTOCOL='h2',REQUEST_URL='https://is2-ssl.mzstatic.com/image/thumb/Podcasts113/v4/a9/39/cc/a939ccc5-6d60-0c11-0a4c-16d71cdef89b/mza_8787577209688278658.jpg/170x170bb.png',
08-05 19:52:36.205 30457 31195 D MYTAG   : interceptor 2a
08-05 19:52:36.205 30457 31195 I NAPPA_EXPERIMENTATION: MetricNetworkRequestExecutionTime: REQUEST_DURATION_SYSTEM='476',REQUEST_DURATION_OKHTTP='261',REQUEST_SYNCHRONOUS='TRUE',RESPONSE_CODE='200',RESPONSE_METHOD='GET',RESPONSE_LENGTH_OKHTTP='54835',RESPONSE_LENGTH_HEADER='54835',REQUEST_PROTOCOL='h2',REQUEST_URL='https://is5-ssl.mzstatic.com/image/thumb/Podcasts113/v4/fd/54/6e/fd546ea0-7ab2-e3f0-6049-884d82917af9/mza_4855349695799758348.jpeg/170x170bb.png',
08-05 19:52:36.207 30457 31187 D MYTAG   : interceptor 2a
08-05 19:52:36.207 30457 31187 I NAPPA_EXPERIMENTATION: MetricNetworkRequestExecutionTime: REQUEST_DURATION_SYSTEM='500',REQUEST_DURATION_OKHTTP='268',REQUEST_SYNCHRONOUS='TRUE',RESPONSE_CODE='200',RESPONSE_METHOD='GET',RESPONSE_LENGTH_OKHTTP='26177',RESPONSE_LENGTH_HEADER='26177',REQUEST_PROTOCOL='h2',REQUEST_URL='https://is4-ssl.mzstatic.com/image/thumb/Podcasts114/v4/3f/16/74/3f167426-bf50-ce3a-d709-e4301620fc5b/mza_5832671293059882550.jpeg/170x170bb.png',
08-05 19:52:36.215 30457 30470 I art     : Explicit concurrent mark sweep GC freed 1256(86KB) AllocSpace objects, 0(0B) LOS objects, 39% free, 24MB/40MB, paused 1.041ms total 29.334ms
08-05 19:52:36.218 30457 31189 D MYTAG   : interceptor 2a
08-05 19:52:36.218 30457 31189 I NAPPA_EXPERIMENTATION: MetricNetworkRequestExecutionTime: REQUEST_DURATION_SYSTEM='508',REQUEST_DURATION_OKHTTP='297',REQUEST_SYNCHRONOUS='TRUE',RESPONSE_CODE='200',RESPONSE_METHOD='GET',RESPONSE_LENGTH_OKHTTP='45995',RESPONSE_LENGTH_HEADER='45995',REQUEST_PROTOCOL='h2',REQUEST_URL='https://is4-ssl.mzstatic.com/image/thumb/Podcasts113/v4/e5/8a/10/e58a108f-f5d0-f622-c94a-13f66edd570c/mza_3025981348644196724.jpg/170x170bb.png',
08-05 19:52:36.224 30457 31196 D MYTAG   : interceptor 2a
08-05 19:52:36.224 30457 31196 I NAPPA_EXPERIMENTATION: MetricNetworkRequestExecutionTime: REQUEST_DURATION_SYSTEM='491',REQUEST_DURATION_OKHTTP='286',REQUEST_SYNCHRONOUS='TRUE',RESPONSE_CODE='200',RESPONSE_METHOD='GET',RESPONSE_LENGTH_OKHTTP='42299',RESPONSE_LENGTH_HEADER='42299',REQUEST_PROTOCOL='h2',REQUEST_URL='https://is2-ssl.mzstatic.com/image/thumb/Podcasts114/v4/b3/4c/cf/b34ccfc2-cea4-1ca1-0fad-7793af301cc5/mza_2466085192629456364.jpg/170x170bb.png',
08-05 19:52:36.230 30457 30470 I art     : Starting a blocking GC Explicit
08-05 19:52:36.235 30457 31193 D MYTAG   : interceptor 2a
08-05 19:52:36.235 30457 31193 I NAPPA_EXPERIMENTATION: MetricNetworkRequestExecutionTime: REQUEST_DURATION_SYSTEM='516',REQUEST_DURATION_OKHTTP='279',REQUEST_SYNCHRONOUS='TRUE',RESPONSE_CODE='200',RESPONSE_METHOD='GET',RESPONSE_LENGTH_OKHTTP='22351',RESPONSE_LENGTH_HEADER='22351',REQUEST_PROTOCOL='h2',REQUEST_URL='https://is5-ssl.mzstatic.com/image/thumb/Podcasts114/v4/93/cf/99/93cf9960-fff3-205e-6655-72c03ddeccb2/mza_10545582232493904175.jpeg/170x170bb.png',
08-05 19:52:36.256 30457 30470 I art     : Explicit concurrent mark sweep GC freed 1121(78KB) AllocSpace objects, 0(0B) LOS objects, 38% free, 25MB/41MB, paused 931us total 26.215ms
08-05 19:52:36.260 30457 31194 D MYTAG   : interceptor 2a
08-05 19:52:36.260 30457 31194 I NAPPA_EXPERIMENTATION: MetricNetworkRequestExecutionTime: REQUEST_DURATION_SYSTEM='536',REQUEST_DURATION_OKHTTP='326',REQUEST_SYNCHRONOUS='TRUE',RESPONSE_CODE='200',RESPONSE_METHOD='GET',RESPONSE_LENGTH_OKHTTP='12000',RESPONSE_LENGTH_HEADER='12000',REQUEST_PROTOCOL='h2',REQUEST_URL='https://is4-ssl.mzstatic.com/image/thumb/Podcasts124/v4/49/a4/91/49a491b7-3daf-c5dc-d7c6-6c4f1486955c/mza_5930014091766152297.png/170x170bb.png',
08-05 19:52:36.266 30457 30470 I art     : Starting a blocking GC Explicit
08-05 19:52:36.291 30457 30470 I art     : Explicit concurrent mark sweep GC freed 1071(66KB) AllocSpace objects, 0(0B) LOS objects, 37% free, 26MB/42MB, paused 688us total 24.724ms
08-05 19:52:36.312 27644 27644 I ServiceManager: Waiting for service AtCmdFwd...
08-05 19:52:36.621 30457 30470 I art     : Starting a blocking GC Explicit
08-05 19:52:36.661 30457 30470 I art     : Explicit concurrent mark sweep GC freed 1632(90KB) AllocSpace objects, 1(20KB) LOS objects, 37% free, 26MB/42MB, paused 823us total 38.878ms
08-05 19:52:36.678 30457 30470 I art     : Starting a blocking GC Explicit
08-05 19:52:36.711 30457 30470 I art     : Explicit concurrent mark sweep GC freed 31(1328B) AllocSpace objects, 0(0B) LOS objects, 37% free, 26MB/42MB, paused 703us total 32.806ms
08-05 19:52:36.723 30457 30470 I art     : Starting a blocking GC Explicit
08-05 19:52:36.753 30457 30470 I art     : Explicit concurrent mark sweep GC freed 3(96B) AllocSpace objects, 0(0B) LOS objects, 37% free, 26MB/42MB, paused 713us total 30.226ms
08-05 19:52:36.765 30457 30470 I art     : Starting a blocking GC Explicit
08-05 19:52:36.795 30457 30470 I art     : Explicit concurrent mark sweep GC freed 3(96B) AllocSpace objects, 0(0B) LOS objects, 37% free, 26MB/42MB, paused 701us total 30.028ms
08-05 19:52:36.806 30457 30470 I art     : Starting a blocking GC Explicit
08-05 19:52:36.835 30457 30470 I art     : Explicit concurrent mark sweep GC freed 3(96B) AllocSpace objects, 0(0B) LOS objects, 37% free, 26MB/42MB, paused 687us total 28.483ms
08-05 19:52:37.153 30457 30485 I art     : Starting a blocking GC Explicit
08-05 19:52:37.188 30457 30485 I art     : Explicit concurrent mark sweep GC freed 1392(80KB) AllocSpace objects, 1(20KB) LOS objects, 37% free, 26MB/42MB, paused 858us total 34.020ms
08-05 19:52:37.202 30457 30485 I art     : Starting a blocking GC Explicit
08-05 19:52:37.233 30457 30485 I art     : Explicit concurrent mark sweep GC freed 23(752B) AllocSpace objects, 0(0B) LOS objects, 37% free, 26MB/42MB, paused 740us total 30.059ms
08-05 19:52:37.244 30457 30485 I art     : Starting a blocking GC Explicit
08-05 19:52:37.276 30457 30485 I art     : Explicit concurrent mark sweep GC freed 6(192B) AllocSpace objects, 0(0B) LOS objects, 37% free, 26MB/42MB, paused 717us total 31.756ms
08-05 19:52:37.289 30457 30485 I art     : Starting a blocking GC Explicit
08-05 19:52:37.313 27644 27644 I ServiceManager: Waiting for service AtCmdFwd...
08-05 19:52:37.317 30457 30485 I art     : Explicit concurrent mark sweep GC freed 9(288B) AllocSpace objects, 0(0B) LOS objects, 37% free, 26MB/42MB, paused 650us total 27.635ms
08-05 19:52:37.329 30457 30485 I art     : Starting a blocking GC Explicit
08-05 19:52:37.360 30457 30485 I art     : Explicit concurrent mark sweep GC freed 8(256B) AllocSpace objects, 0(0B) LOS objects, 37% free, 26MB/42MB, paused 729us total 30.389ms
08-05 19:52:37.692 30457 30470 I art     : Starting a blocking GC Explicit
08-05 19:52:37.728 30457 30470 I art     : Explicit concurrent mark sweep GC freed 1379(80KB) AllocSpace objects, 1(20KB) LOS objects, 37% free, 26MB/42MB, paused 873us total 35.483ms
08-05 19:52:37.742 30457 30470 I art     : Starting a blocking GC Explicit
08-05 19:52:37.772 30457 30470 I art     : Explicit concurrent mark sweep GC freed 23(752B) AllocSpace objects, 0(0B) LOS objects, 37% free, 26MB/42MB, paused 663us total 29.809ms
08-05 19:52:37.783 30457 30470 I art     : Starting a blocking GC Explicit
08-05 19:52:37.812 30457 30470 I art     : Explicit concurrent mark sweep GC freed 3(96B) AllocSpace objects, 0(0B) LOS objects, 37% free, 26MB/42MB, paused 700us total 28.521ms
08-05 19:52:37.823 30457 30470 I art     : Starting a blocking GC Explicit
08-05 19:52:37.854 30457 30470 I art     : Explicit concurrent mark sweep GC freed 3(96B) AllocSpace objects, 0(0B) LOS objects, 37% free, 26MB/42MB, paused 717us total 30.100ms
08-05 19:52:37.865 30457 30470 I art     : Starting a blocking GC Explicit
08-05 19:52:37.894 30457 30470 I art     : Explicit concurrent mark sweep GC freed 32(880B) AllocSpace objects, 0(0B) LOS objects, 37% free, 26MB/42MB, paused 727us total 28.179ms
08-05 19:52:38.218 30457 30485 I art     : Starting a blocking GC Explicit
08-05 19:52:38.255 30457 30485 I art     : Explicit concurrent mark sweep GC freed 1363(80KB) AllocSpace objects, 1(20KB) LOS objects, 37% free, 26MB/42MB, paused 755us total 36.678ms
08-05 19:52:38.269 30457 30485 I art     : Starting a blocking GC Explicit
08-05 19:52:38.298 30457 30485 I art     : Explicit concurrent mark sweep GC freed 23(752B) AllocSpace objects, 0(0B) LOS objects, 37% free, 26MB/42MB, paused 718us total 28.250ms
08-05 19:52:38.309 30457 30485 I art     : Starting a blocking GC Explicit
08-05 19:52:38.313 27644 27644 I ServiceManager: Waiting for service AtCmdFwd...
08-05 19:52:38.338 13866 13882 I PeriodicStatsRunner: PeriodicStatsRunner.call():175 call()
08-05 19:52:38.338 13866 13882 I PeriodicStatsRunner: PeriodicStatsRunner.call():179 No submit PeriodicStats since input started.
08-05 19:52:38.339 30457 30485 I art     : Explicit concurrent mark sweep GC freed 3(96B) AllocSpace objects, 0(0B) LOS objects, 37% free, 26MB/42MB, paused 680us total 30.021ms
08-05 19:52:38.351 30457 30485 I art     : Starting a blocking GC Explicit
08-05 19:52:38.380 30457 30485 I art     : Explicit concurrent mark sweep GC freed 3(96B) AllocSpace objects, 0(0B) LOS objects, 37% free, 26MB/42MB, paused 719us total 29.383ms
08-05 19:52:38.392 30457 30485 I art     : Starting a blocking GC Explicit
08-05 19:52:38.421 30457 30485 I art     : Explicit concurrent mark sweep GC freed 3(96B) AllocSpace objects, 0(0B) LOS objects, 37% free, 26MB/42MB, paused 686us total 29.344ms
08-05 19:52:38.757 30457 30471 I art     : Starting a blocking GC Explicit
08-05 19:52:38.795 30457 30471 I art     : Explicit concurrent mark sweep GC freed 1363(80KB) AllocSpace objects, 1(20KB) LOS objects, 37% free, 26MB/42MB, paused 765us total 37.276ms
08-05 19:52:38.809 30457 30471 I art     : Starting a blocking GC Explicit
08-05 19:52:38.842 30457 30471 I art     : Explicit concurrent mark sweep GC freed 23(752B) AllocSpace objects, 0(0B) LOS objects, 37% free, 26MB/42MB, paused 726us total 32.969ms
08-05 19:52:38.854 30457 30471 I art     : Starting a blocking GC Explicit
08-05 19:52:38.883 30457 30471 I art     : Explicit concurrent mark sweep GC freed 32(880B) AllocSpace objects, 0(0B) LOS objects, 37% free, 26MB/42MB, paused 695us total 29.127ms
08-05 19:52:38.894 30457 30471 I art     : Starting a blocking GC Explicit
08-05 19:52:38.924 30457 30471 I art     : Explicit concurrent mark sweep GC freed 3(96B) AllocSpace objects, 0(0B) LOS objects, 37% free, 26MB/42MB, paused 710us total 29.343ms
08-05 19:52:38.924 30457 30468 I art     : WaitForGcToComplete blocked for 29.669ms for cause HeapTrim
08-05 19:52:38.935 30457 30471 I art     : Starting a blocking GC Explicit
08-05 19:52:38.966 30457 30471 I art     : Explicit concurrent mark sweep GC freed 3(96B) AllocSpace objects, 0(0B) LOS objects, 37% free, 26MB/42MB, paused 725us total 30.200ms
08-05 19:52:38.997 20114 20252 E GoogleConversionReporter: Error sending ping
08-05 19:52:38.997 20114 20252 E GoogleConversionReporter: bljc: Exception in CronetUrlRequest: net::ERR_CONNECTION_CLOSED, ErrorCode=5, InternalErrorCode=-100, Retryable=true
08-05 19:52:38.997 20114 20252 E GoogleConversionReporter: 	at org.chromium.net.impl.CronetUrlRequest.onError(PG:55)
08-05 19:52:39.297 30457 30470 I art     : Starting a blocking GC Explicit
08-05 19:52:39.314 27644 27644 I ServiceManager: Waiting for service AtCmdFwd...
08-05 19:52:39.330 30457 30470 I art     : Explicit concurrent mark sweep GC freed 1363(80KB) AllocSpace objects, 1(20KB) LOS objects, 37% free, 26MB/42MB, paused 724us total 33.166ms
08-05 19:52:39.343 30457 30470 I art     : Starting a blocking GC Explicit
08-05 19:52:39.373 30457 30470 I art     : Explicit concurrent mark sweep GC freed 23(752B) AllocSpace objects, 0(0B) LOS objects, 37% free, 26MB/42MB, paused 730us total 29.609ms
08-05 19:52:39.384 30457 30470 I art     : Starting a blocking GC Explicit
08-05 19:52:39.414 30457 30470 I art     : Explicit concurrent mark sweep GC freed 3(96B) AllocSpace objects, 0(0B) LOS objects, 37% free, 26MB/42MB, paused 673us total 29.656ms
08-05 19:52:39.425 30457 30470 I art     : Starting a blocking GC Explicit
08-05 19:52:39.456 30457 30470 I art     : Explicit concurrent mark sweep GC freed 3(96B) AllocSpace objects, 0(0B) LOS objects, 37% free, 26MB/42MB, paused 707us total 30.229ms
08-05 19:52:39.467 30457 30470 I art     : Starting a blocking GC Explicit
08-05 19:52:39.496 30457 30470 I art     : Explicit concurrent mark sweep GC freed 3(96B) AllocSpace objects, 0(0B) LOS objects, 37% free, 26MB/42MB, paused 714us total 29.297ms
08-05 19:52:39.800 13866 13882 I PeriodicStatsRunner: PeriodicStatsRunner.call():175 call()
08-05 19:52:39.801 13866 13882 I PeriodicStatsRunner: PeriodicStatsRunner.call():179 No submit PeriodicStats since input started.
08-05 19:52:39.814 30457 30485 I art     : Starting a blocking GC Explicit
08-05 19:52:39.853 30457 30485 I art     : Explicit concurrent mark sweep GC freed 1363(80KB) AllocSpace objects, 1(20KB) LOS objects, 37% free, 26MB/42MB, paused 792us total 37.775ms
08-05 19:52:39.867 30457 30485 I art     : Starting a blocking GC Explicit
08-05 19:52:39.898 30457 30485 I art     : Explicit concurrent mark sweep GC freed 52(1536B) AllocSpace objects, 0(0B) LOS objects, 37% free, 26MB/42MB, paused 708us total 31.234ms
08-05 19:52:39.910 30457 30485 I art     : Starting a blocking GC Explicit
08-05 19:52:39.939 30457 30485 I art     : Explicit concurrent mark sweep GC freed 3(96B) AllocSpace objects, 0(0B) LOS objects, 37% free, 26MB/42MB, paused 721us total 29.385ms
08-05 19:52:39.951 30457 30485 I art     : Starting a blocking GC Explicit
08-05 19:52:39.981 30457 30485 I art     : Explicit concurrent mark sweep GC freed 3(96B) AllocSpace objects, 0(0B) LOS objects, 37% free, 26MB/42MB, paused 704us total 29.720ms
08-05 19:52:39.992 30457 30485 I art     : Starting a blocking GC Explicit
08-05 19:52:40.021 30457 30485 I art     : Explicit concurrent mark sweep GC freed 3(96B) AllocSpace objects, 0(0B) LOS objects, 37% free, 26MB/42MB, paused 697us total 28.452ms
08-05 19:52:40.314 27644 27644 W Atfwd_Sendcmd: AtCmdFwd service not published, waiting... retryCnt : 2
08-05 19:52:40.364 30457 30471 I art     : Starting a blocking GC Explicit
08-05 19:52:40.400 30457 30471 I art     : Explicit concurrent mark sweep GC freed 1363(80KB) AllocSpace objects, 1(20KB) LOS objects, 37% free, 26MB/42MB, paused 736us total 36.509ms
08-05 19:52:40.414 30457 30471 I art     : Starting a blocking GC Explicit
08-05 19:52:40.443 30457 30471 I art     : Explicit concurrent mark sweep GC freed 23(752B) AllocSpace objects, 0(0B) LOS objects, 37% free, 26MB/42MB, paused 720us total 28.616ms
08-05 19:52:40.454 30457 30471 I art     : Starting a blocking GC Explicit
08-05 19:52:40.484 30457 30471 I art     : Explicit concurrent mark sweep GC freed 3(96B) AllocSpace objects, 0(0B) LOS objects, 37% free, 26MB/42MB, paused 700us total 29.887ms
08-05 19:52:40.496 30457 30471 I art     : Starting a blocking GC Explicit
08-05 19:52:40.526 30457 30471 I art     : Explicit concurrent mark sweep GC freed 3(96B) AllocSpace objects, 0(0B) LOS objects, 37% free, 26MB/42MB, paused 677us total 29.585ms
08-05 19:52:40.537 30457 30471 I art     : Starting a blocking GC Explicit
08-05 19:52:40.567 30457 30471 I art     : Explicit concurrent mark sweep GC freed 3(96B) AllocSpace objects, 0(0B) LOS objects, 37% free, 26MB/42MB, paused 806us total 30.284ms
08-05 19:52:40.899 30457 30470 I art     : Starting a blocking GC Explicit
08-05 19:52:40.930 30457 30470 I art     : Explicit concurrent mark sweep GC freed 1392(80KB) AllocSpace objects, 1(20KB) LOS objects, 37% free, 26MB/42MB, paused 704us total 30.305ms
08-05 19:52:40.941 30457 30470 I art     : Starting a blocking GC Explicit
08-05 19:52:40.971 30457 30470 I art     : Explicit concurrent mark sweep GC freed 23(752B) AllocSpace objects, 0(0B) LOS objects, 37% free, 26MB/42MB, paused 713us total 29.366ms
08-05 19:52:40.982 30457 30470 I art     : Starting a blocking GC Explicit
08-05 19:52:41.010 30457 30470 I art     : Explicit concurrent mark sweep GC freed 3(96B) AllocSpace objects, 0(0B) LOS objects, 37% free, 26MB/42MB, paused 681us total 27.629ms
08-05 19:52:41.021 30457 30470 I art     : Starting a blocking GC Explicit
08-05 19:52:41.047 30457 30470 I art     : Explicit concurrent mark sweep GC freed 3(96B) AllocSpace objects, 0(0B) LOS objects, 37% free, 26MB/42MB, paused 772us total 26.499ms
08-05 19:52:41.058 30457 30470 I art     : Starting a blocking GC Explicit
08-05 19:52:41.085 30457 30470 I art     : Explicit concurrent mark sweep GC freed 3(96B) AllocSpace objects, 0(0B) LOS objects, 37% free, 26MB/42MB, paused 693us total 26.313ms
08-05 19:52:41.400 30457 30485 I art     : Starting a blocking GC Explicit
08-05 19:52:41.433 30457 30485 I art     : Explicit concurrent mark sweep GC freed 1363(80KB) AllocSpace objects, 1(20KB) LOS objects, 37% free, 26MB/42MB, paused 749us total 32.646ms
08-05 19:52:41.446 30457 30485 I art     : Starting a blocking GC Explicit
08-05 19:52:41.476 30457 30485 I art     : Explicit concurrent mark sweep GC freed 23(752B) AllocSpace objects, 0(0B) LOS objects, 37% free, 26MB/42MB, paused 737us total 28.906ms
08-05 19:52:41.487 30457 30485 I art     : Starting a blocking GC Explicit
08-05 19:52:41.515 30457 30485 I art     : Explicit concurrent mark sweep GC freed 3(96B) AllocSpace objects, 0(0B) LOS objects, 37% free, 26MB/42MB, paused 711us total 27.891ms
08-05 19:52:41.526 30457 30485 I art     : Starting a blocking GC Explicit
08-05 19:52:41.554 30457 30485 I art     : Explicit concurrent mark sweep GC freed 3(96B) AllocSpace objects, 0(0B) LOS objects, 37% free, 26MB/42MB, paused 776us total 28.004ms
08-05 19:52:41.555 31309 31309 D AndroidRuntime: >>>>>> START com.android.internal.os.RuntimeInit uid 2000 <<<<<<
08-05 19:52:41.561 31309 31309 D AndroidRuntime: CheckJNI is OFF
08-05 19:52:41.565 30457 30485 I art     : Starting a blocking GC Explicit
08-05 19:52:41.594 30457 30485 I art     : Explicit concurrent mark sweep GC freed 3(96B) AllocSpace objects, 0(0B) LOS objects, 37% free, 26MB/42MB, paused 725us total 28.096ms
08-05 19:52:41.608 31309 31309 D ICU     : No timezone override file found: /data/misc/zoneinfo/current/icu/icu_tzdata.dat
08-05 19:52:41.653 31309 31309 I Radio-JNI: register_android_hardware_Radio DONE
08-05 19:52:41.683 31309 31309 D AndroidRuntime: Calling main entry com.android.commands.input.Input
08-05 19:52:41.686 31309 31309 I Input   : injectMotionEvent: MotionEvent { action=ACTION_DOWN, actionButton=0, id[0]=0, x[0]=616.0, y[0]=469.0, toolType[0]=TOOL_TYPE_UNKNOWN, buttonState=0, metaState=0, flags=0x0, edgeFlags=0x0, pointerCount=1, historySize=0, eventTime=820378098, downTime=820378098, deviceId=0, source=0x1002 }
08-05 19:52:41.694 31309 31309 I Input   : injectMotionEvent: MotionEvent { action=ACTION_UP, actionButton=0, id[0]=0, x[0]=616.0, y[0]=469.0, toolType[0]=TOOL_TYPE_UNKNOWN, buttonState=0, metaState=0, flags=0x0, edgeFlags=0x0, pointerCount=1, historySize=0, eventTime=820378098, downTime=820378098, deviceId=0, source=0x1002 }
08-05 19:52:41.696 31309 31309 D AndroidRuntime: Shutting down VM
08-05 19:52:41.762   512  2967 D audio_hw_primary: out_set_parameters: enter: usecase(1: low-latency-playback) kvpairs: routing=2
08-05 19:52:41.776   512  2967 D audio_hw_primary: select_devices: out_snd_device(2: speaker) in_snd_device(0: none)
08-05 19:52:41.777   512  2967 D msm8974_platform: platform_send_audio_calibration: sending audio calibration for snd_device(2) acdb_id(15)
08-05 19:52:41.777   512  2967 I soundtrigger: audio_extn_sound_trigger_update_device_status: device 0x2 of type 0 for Event 1
08-05 19:52:41.790   512  2967 D audio_hw_primary: enable_snd_device: snd_device(2: speaker)
08-05 19:52:41.793   512  2967 D audio_hw_primary: enable_audio_route: apply and update mixer path: low-latency-playback speaker
08-05 19:52:41.879 30457 30470 I art     : Starting a blocking GC Explicit
08-05 19:52:41.909 30457 30470 I art     : Explicit concurrent mark sweep GC freed 1640(91KB) AllocSpace objects, 1(20KB) LOS objects, 37% free, 26MB/42MB, paused 797us total 29.461ms
08-05 19:52:41.920 30457 30470 I art     : Starting a blocking GC Explicit
08-05 19:52:41.947 30457 30470 I art     : Explicit concurrent mark sweep GC freed 53(1840B) AllocSpace objects, 0(0B) LOS objects, 37% free, 26MB/42MB, paused 838us total 27.212ms
08-05 19:52:41.958 30457 30470 I art     : Starting a blocking GC Explicit
08-05 19:52:41.984 30457 30470 I art     : Explicit concurrent mark sweep GC freed 13(480B) AllocSpace objects, 0(0B) LOS objects, 37% free, 26MB/42MB, paused 714us total 25.483ms
08-05 19:52:41.994 30457 30470 I art     : Starting a blocking GC Explicit
08-05 19:52:42.004 30457 30478 I NAPPA_EXPERIMENTATION: MetricNetworkRequestExecutionTime: REQUEST_DURATION_SYSTEM='242',REQUEST_DURATION_OKHTTP='241',REQUEST_SYNCHRONOUS='TRUE',RESPONSE_CODE='200',RESPONSE_METHOD='GET',RESPONSE_LENGTH_OKHTTP='-1',RESPONSE_LENGTH_HEADER='628',REQUEST_PROTOCOL='h2',REQUEST_URL='https://itunes.apple.com/lookup?id=1524080195',
08-05 19:52:42.022 30457 30470 I art     : Explicit concurrent mark sweep GC freed 519(44KB) AllocSpace objects, 0(0B) LOS objects, 37% free, 26MB/42MB, paused 1.009ms total 26.944ms
08-05 19:52:42.024   918  5132 I ActivityManager: START u0 {cmp=baseline.de.danoeh.antennapod.debug/baseline.de.danoeh.antennapod.activity.OnlineFeedViewActivity (has extras)} from uid 10695 on display 0
08-05 19:52:42.032 30457 30470 I art     : Starting a blocking GC Explicit
08-05 19:52:42.043 13866 13866 I GoogleInputMethodServic: GoogleInputMethodService.onFinishInput():3138 
08-05 19:52:42.044 13866 13866 I GoogleInputMethodServic: GoogleInputMethodService.onStartInput():1808 
08-05 19:52:42.061 30457 30470 I art     : Explicit concurrent mark sweep GC freed 460(23KB) AllocSpace objects, 0(0B) LOS objects, 37% free, 26MB/42MB, paused 930us total 28.195ms
08-05 19:52:42.069 30457 30457 D UserPreferences: Using default data folder
08-05 19:52:42.070 30457 30457 D OnlineFeedViewActivity: Activity was started with url https://rss.art19.com/nice-white-parents
08-05 19:52:42.073 30457 30457 D OnlineFeedViewActivity: Starting feed download
08-05 19:52:42.078 30457 30985 D DBReader: Extracting Feedlist
08-05 19:52:42.081   918  5132 D WifiService: acquireWifiLockLocked: WifiLock{Downloader type=1 binder=android.os.BinderProxy@f95065e}
08-05 19:52:42.082 30457 30985 D AntennapodHttpClient: Creating new instance of HTTP client
08-05 19:52:42.124 13866 13866 I GoogleInputMethodServic: GoogleInputMethodService.onFinishInput():3138 
08-05 19:52:42.125 13866 13866 I GoogleInputMethodServic: GoogleInputMethodService.onStartInput():1808 
08-05 19:52:42.153   918   936 I ActivityManager: Displayed baseline.de.danoeh.antennapod.debug/baseline.de.danoeh.antennapod.activity.OnlineFeedViewActivity: +109ms
08-05 19:52:42.329   512  2967 D audio_hw_primary: disable_audio_route: reset and update mixer path: low-latency-playback speaker
08-05 19:52:42.331   512  2967 D audio_hw_primary: disable_snd_device: snd_device(2: speaker)
08-05 19:52:42.341   512  2967 I soundtrigger: audio_extn_sound_trigger_update_device_status: device 0x2 of type 0 for Event 0
08-05 19:52:42.343 30457 30485 I art     : Starting a blocking GC Explicit
08-05 19:52:42.386 30457 30485 I art     : Explicit concurrent mark sweep GC freed 7488(395KB) AllocSpace objects, 4(220KB) LOS objects, 37% free, 26MB/42MB, paused 842us total 42.243ms
08-05 19:52:42.394 30457 30985 D MYTAG   : interceptor 3a https://rss.art19.com/nice-white-parents
08-05 19:52:42.394 30457 30985 I NAPPA_EXPERIMENTATION: MetricNetworkRequestExecutionTime: REQUEST_DURATION_SYSTEM='310',REQUEST_DURATION_OKHTTP='148',REQUEST_SYNCHRONOUS='TRUE',RESPONSE_CODE='200',RESPONSE_METHOD='GET',RESPONSE_LENGTH_OKHTTP='-1',RESPONSE_LENGTH_HEADER='1803',REQUEST_PROTOCOL='h2',REQUEST_URL='https://rss.art19.com/nice-white-parents',
08-05 19:52:42.394 30457 30985 D HttpDownloader: Response code is 200
08-05 19:52:42.394 30457 30985 D UserPreferences: Using default data folder
08-05 19:52:42.398 30457 30985 D HttpDownloader: Getting size of download
08-05 19:52:42.398 30457 30985 D HttpDownloader: Size is -1
08-05 19:52:42.398 30457 30985 D UserPreferences: Using default data folder
08-05 19:52:42.399 30457 30985 D HttpDownloader: Free space is 20166864896
08-05 19:52:42.399 30457 30985 D HttpDownloader: Starting download
08-05 19:52:42.400 30457 30485 I art     : Starting a blocking GC Explicit
08-05 19:52:42.402   380   380 W SurfaceFlinger: couldn't log to binary event log: overflow.
08-05 19:52:42.406 30457 30985 D HttpDownloader: Download was successful
08-05 19:52:42.409   918   928 D WifiService: releaseWifiLockLocked: WifiLock{Downloader type=1 binder=android.os.BinderProxy@f95065e}
08-05 19:52:42.410 30457 30457 D OnlineFeedViewActivity: Parsing feed
08-05 19:52:42.426 30457 31357 D TypeGetter: Recognized type RSS 2.0
08-05 19:52:42.432 30457 30485 I art     : Explicit concurrent mark sweep GC freed 1622(201KB) AllocSpace objects, 1(20KB) LOS objects, 37% free, 26MB/42MB, paused 1.177ms total 31.477ms
08-05 19:52:42.433 30457 31357 D SyndHandler: Recognized ITunes namespace
08-05 19:52:42.433 30457 31357 D SyndHandler: Recognized Atom namespace
08-05 19:52:42.433 30457 31357 D SyndHandler: Recognized Content namespace
08-05 19:52:42.443 30457 31357 D OnlineFeedViewActivity: Deleted feed source file. Result: true
08-05 19:52:42.443 30457 30485 I art     : Starting a blocking GC Explicit
08-05 19:52:42.443 30457 30457 D OnlineFeedViewActivity: Removing HTML from shownotes
08-05 19:52:42.471 30457 30485 I art     : Explicit concurrent mark sweep GC freed 2344(234KB) AllocSpace objects, 2(40KB) LOS objects, 37% free, 26MB/42MB, paused 979us total 28.019ms
08-05 19:52:42.482 30457 30485 I art     : Starting a blocking GC Explicit
08-05 19:52:42.513 30457 30485 I art     : Explicit concurrent mark sweep GC freed 3127(136KB) AllocSpace objects, 0(0B) LOS objects, 37% free, 27MB/43MB, paused 2.026ms total 30.758ms
08-05 19:52:42.515 30457 30457 W art     : Before Android 4.1, method int androidx.appcompat.widget.DropDownListView.lookForSelectablePosition(int, boolean) would have incorrectly overridden the package-private method in android.widget.ListView
08-05 19:52:42.523 30457 30457 I ListPopupWindow: Could not find method setEpicenterBounds(Rect) on PopupWindow. Oh well.
08-05 19:52:42.523 30457 30485 I art     : Starting a blocking GC Explicit
08-05 19:52:42.533 30457 31358 D ApOkHttpUrlLoader: buildLoadData() called with: model = [https://content.production.cdn.art19.com/images/89/e0/88/44/89e08844-ac28-4fc0-96fa-15a41fec2014/262c12ed699a8d9720dea0bd66449d998e4a08cf18095bed170ccaa76722045fa5dbf7a366918b2db7e3acf29ad22f6b99fd659a9409cb807bf2781d968932f8.jpeg], width = [350], height = [350]
08-05 19:52:42.540 30457 31194 D DBReader: getImageAuthentication() called with: imageUrl = [https://content.production.cdn.art19.com/images/89/e0/88/44/89e08844-ac28-4fc0-96fa-15a41fec2014/262c12ed699a8d9720dea0bd66449d998e4a08cf18095bed170ccaa76722045fa5dbf7a366918b2db7e3acf29ad22f6b99fd659a9409cb807bf2781d968932f8.jpeg]
08-05 19:52:42.541 30457 31194 D ApOkHttpUrlLoader: no credentials for 'https://content.production.cdn.art19.com/images/89/e0/88/44/89e08844-ac28-4fc0-96fa-15a41fec2014/262c12ed699a8d9720dea0bd66449d998e4a08cf18095bed170ccaa76722045fa5dbf7a366918b2db7e3acf29ad22f6b99fd659a9409cb807bf2781d968932f8.jpeg'
08-05 19:52:42.563 30457 30485 I art     : Explicit concurrent mark sweep GC freed 4800(338KB) AllocSpace objects, 3(152KB) LOS objects, 36% free, 27MB/43MB, paused 1.642ms total 38.864ms
08-05 19:52:42.578 30457 30457 D PlaybackController: Releasing PlaybackController
08-05 19:52:42.838 30457 30485 I art     : Starting a blocking GC Explicit
08-05 19:52:42.857 30457 31194 D MYTAG   : interceptor 2a
08-05 19:52:42.858 30457 31194 I NAPPA_EXPERIMENTATION: MetricNetworkRequestExecutionTime: REQUEST_DURATION_SYSTEM='316',REQUEST_DURATION_OKHTTP='152',REQUEST_SYNCHRONOUS='TRUE',RESPONSE_CODE='200',RESPONSE_METHOD='GET',RESPONSE_LENGTH_OKHTTP='2466122',RESPONSE_LENGTH_HEADER='2466122',REQUEST_PROTOCOL='h2',REQUEST_URL='https://content.production.cdn.art19.com/images/89/e0/88/44/89e08844-ac28-4fc0-96fa-15a41fec2014/262c12ed699a8d9720dea0bd66449d998e4a08cf18095bed170ccaa76722045fa5dbf7a366918b2db7e3acf29ad22f6b99fd659a9409cb807bf2781d968932f8.jpeg',
08-05 19:52:42.869 30457 30485 I art     : Explicit concurrent mark sweep GC freed 11291(582KB) AllocSpace objects, 2(132KB) LOS objects, 37% free, 27MB/43MB, paused 885us total 31.213ms
08-05 19:52:42.880 30457 30485 I art     : Starting a blocking GC Explicit
08-05 19:52:42.909 30457 30485 I art     : Explicit concurrent mark sweep GC freed 189(9KB) AllocSpace objects, 0(0B) LOS objects, 37% free, 27MB/43MB, paused 853us total 28.504ms
08-05 19:52:42.919 30457 30485 I art     : Starting a blocking GC Explicit
08-05 19:52:42.947 30457 30485 I art     : Explicit concurrent mark sweep GC freed 25(800B) AllocSpace objects, 0(0B) LOS objects, 37% free, 27MB/43MB, paused 854us total 27.722ms
08-05 19:52:42.958 30457 30485 I art     : Starting a blocking GC Explicit
08-05 19:52:42.987 30457 30485 I art     : Explicit concurrent mark sweep GC freed 17(544B) AllocSpace objects, 0(0B) LOS objects, 37% free, 27MB/43MB, paused 1.113ms total 28.520ms
08-05 19:52:42.998 30457 30485 I art     : Starting a blocking GC Explicit
08-05 19:52:43.027 30457 30485 I art     : Explicit concurrent mark sweep GC freed 28(896B) AllocSpace objects, 0(0B) LOS objects, 37% free, 27MB/43MB, paused 897us total 28.857ms
08-05 19:52:43.310 30457 30471 I art     : Starting a blocking GC Explicit
08-05 19:52:43.344 30457 30471 I art     : Explicit concurrent mark sweep GC freed 2813(141KB) AllocSpace objects, 1(20KB) LOS objects, 36% free, 27MB/43MB, paused 940us total 33.592ms
08-05 19:52:43.356 30457 30471 I art     : Starting a blocking GC Explicit
08-05 19:52:43.389 30457 30471 I art     : Explicit concurrent mark sweep GC freed 36(1120B) AllocSpace objects, 0(0B) LOS objects, 36% free, 27MB/43MB, paused 948us total 33.319ms
08-05 19:52:43.401 30457 30471 I art     : Starting a blocking GC Explicit
08-05 19:52:43.436 30457 30471 I art     : Explicit concurrent mark sweep GC freed 3(96B) AllocSpace objects, 0(0B) LOS objects, 36% free, 27MB/43MB, paused 998us total 35.046ms
08-05 19:52:43.448 30457 30471 I art     : Starting a blocking GC Explicit
08-05 19:52:43.485 30457 30471 I art     : Explicit concurrent mark sweep GC freed 3(96B) AllocSpace objects, 0(0B) LOS objects, 36% free, 27MB/43MB, paused 989us total 35.977ms
08-05 19:52:43.497 30457 30471 I art     : Starting a blocking GC Explicit
08-05 19:52:43.531 30457 30471 I art     : Explicit concurrent mark sweep GC freed 67(6KB) AllocSpace objects, 0(0B) LOS objects, 36% free, 27MB/43MB, paused 838us total 33.814ms
08-05 19:52:43.873 30457 30485 I art     : Starting a blocking GC Explicit
08-05 19:52:43.917 30457 30485 I art     : Explicit concurrent mark sweep GC freed 1477(92KB) AllocSpace objects, 1(20KB) LOS objects, 36% free, 27MB/43MB, paused 880us total 42.890ms
08-05 19:52:43.932 30457 30485 I art     : Starting a blocking GC Explicit
08-05 19:52:43.969 30457 30485 I art     : Explicit concurrent mark sweep GC freed 29(944B) AllocSpace objects, 0(0B) LOS objects, 36% free, 27MB/43MB, paused 847us total 36.666ms
08-05 19:52:43.982 30457 30485 I art     : Starting a blocking GC Explicit
08-05 19:52:44.017 30457 30485 I art     : Explicit concurrent mark sweep GC freed 3(96B) AllocSpace objects, 0(0B) LOS objects, 36% free, 27MB/43MB, paused 803us total 34.749ms
08-05 19:52:44.029 30457 30485 I art     : Starting a blocking GC Explicit
08-05 19:52:44.062 30457 30485 I art     : Explicit concurrent mark sweep GC freed 3(96B) AllocSpace objects, 0(0B) LOS objects, 36% free, 27MB/43MB, paused 835us total 32.664ms
08-05 19:52:44.074 30457 30485 I art     : Starting a blocking GC Explicit
08-05 19:52:44.109 30457 30485 I art     : Explicit concurrent mark sweep GC freed 3(96B) AllocSpace objects, 0(0B) LOS objects, 36% free, 27MB/43MB, paused 839us total 34.768ms
08-05 19:52:44.428 30457 30485 I art     : Starting a blocking GC Explicit
08-05 19:52:44.461 30457 30485 I art     : Explicit concurrent mark sweep GC freed 1399(81KB) AllocSpace objects, 1(20KB) LOS objects, 36% free, 27MB/43MB, paused 844us total 33.204ms
08-05 19:52:44.473 30457 30485 I art     : Starting a blocking GC Explicit
08-05 19:52:44.508 30457 30485 I art     : Explicit concurrent mark sweep GC freed 23(752B) AllocSpace objects, 0(0B) LOS objects, 36% free, 27MB/43MB, paused 891us total 34.898ms
08-05 19:52:44.520 30457 30485 I art     : Starting a blocking GC Explicit
08-05 19:52:44.554 30457 30485 I art     : Explicit concurrent mark sweep GC freed 3(96B) AllocSpace objects, 0(0B) LOS objects, 36% free, 27MB/43MB, paused 764us total 33.411ms
08-05 19:52:44.565 30457 30485 I art     : Starting a blocking GC Explicit
08-05 19:52:44.600 30457 30485 I art     : Explicit concurrent mark sweep GC freed 3(96B) AllocSpace objects, 0(0B) LOS objects, 36% free, 27MB/43MB, paused 827us total 34.437ms
08-05 19:52:44.612 30457 30485 I art     : Starting a blocking GC Explicit
08-05 19:52:44.647 30457 30485 I art     : Explicit concurrent mark sweep GC freed 3(96B) AllocSpace objects, 0(0B) LOS objects, 36% free, 27MB/43MB, paused 980us total 34.558ms
08-05 19:52:44.985 30457 30470 I art     : Starting a blocking GC Explicit
08-05 19:52:45.029 30457 30470 I art     : Explicit concurrent mark sweep GC freed 1395(80KB) AllocSpace objects, 1(20KB) LOS objects, 36% free, 27MB/43MB, paused 1.016ms total 43.319ms
08-05 19:52:45.044 30457 30470 I art     : Starting a blocking GC Explicit
08-05 19:52:45.078 30457 30470 I art     : Explicit concurrent mark sweep GC freed 23(752B) AllocSpace objects, 0(0B) LOS objects, 36% free, 27MB/43MB, paused 934us total 33.353ms
08-05 19:52:45.089 30457 30470 I art     : Starting a blocking GC Explicit
08-05 19:52:45.124 30457 30470 I art     : Explicit concurrent mark sweep GC freed 3(96B) AllocSpace objects, 0(0B) LOS objects, 36% free, 27MB/43MB, paused 835us total 34.436ms
08-05 19:52:45.136 30457 30470 I art     : Starting a blocking GC Explicit
08-05 19:52:45.170 30457 30470 I art     : Explicit concurrent mark sweep GC freed 3(96B) AllocSpace objects, 0(0B) LOS objects, 36% free, 27MB/43MB, paused 809us total 33.304ms
08-05 19:52:45.182 30457 30470 I art     : Starting a blocking GC Explicit
08-05 19:52:45.217 30457 30470 I art     : Explicit concurrent mark sweep GC freed 3(96B) AllocSpace objects, 0(0B) LOS objects, 36% free, 27MB/43MB, paused 951us total 35.074ms
08-05 19:52:45.559 30457 30471 I art     : Starting a blocking GC Explicit
08-05 19:52:45.601 30457 30471 I art     : Explicit concurrent mark sweep GC freed 1367(82KB) AllocSpace objects, 1(20KB) LOS objects, 36% free, 27MB/43MB, paused 884us total 42.058ms
08-05 19:52:45.616 30457 30471 I art     : Starting a blocking GC Explicit
08-05 19:52:45.650 30457 30471 I art     : Explicit concurrent mark sweep GC freed 23(752B) AllocSpace objects, 0(0B) LOS objects, 36% free, 27MB/43MB, paused 806us total 34.132ms
08-05 19:52:45.662 30457 30471 I art     : Starting a blocking GC Explicit
08-05 19:52:45.695 30457 30471 I art     : Explicit concurrent mark sweep GC freed 3(96B) AllocSpace objects, 0(0B) LOS objects, 36% free, 27MB/43MB, paused 855us total 32.684ms
08-05 19:52:45.707 30457 30471 I art     : Starting a blocking GC Explicit
08-05 19:52:45.742 30457 30471 I art     : Explicit concurrent mark sweep GC freed 3(96B) AllocSpace objects, 0(0B) LOS objects, 36% free, 27MB/43MB, paused 849us total 34.754ms
08-05 19:52:45.754 30457 30471 I art     : Starting a blocking GC Explicit
08-05 19:52:45.789 30457 30471 I art     : Explicit concurrent mark sweep GC freed 3(96B) AllocSpace objects, 0(0B) LOS objects, 36% free, 27MB/43MB, paused 855us total 34.559ms
08-05 19:52:46.096 30457 30485 I art     : Starting a blocking GC Explicit
08-05 19:52:46.131 30457 30485 I art     : Explicit concurrent mark sweep GC freed 1395(80KB) AllocSpace objects, 1(20KB) LOS objects, 36% free, 27MB/43MB, paused 890us total 34.177ms
08-05 19:52:46.146 30457 30485 I art     : Starting a blocking GC Explicit
08-05 19:52:46.178 30457 30485 I art     : Explicit concurrent mark sweep GC freed 23(752B) AllocSpace objects, 0(0B) LOS objects, 36% free, 27MB/43MB, paused 892us total 31.151ms
08-05 19:52:46.190 30457 30485 I art     : Starting a blocking GC Explicit
08-05 19:52:46.222 30457 30485 I art     : Explicit concurrent mark sweep GC freed 3(96B) AllocSpace objects, 0(0B) LOS objects, 36% free, 27MB/43MB, paused 902us total 32.695ms
08-05 19:52:46.234 30457 30485 I art     : Starting a blocking GC Explicit
08-05 19:52:46.267 30457 30485 I art     : Explicit concurrent mark sweep GC freed 3(96B) AllocSpace objects, 0(0B) LOS objects, 36% free, 27MB/43MB, paused 846us total 32.576ms
08-05 19:52:46.279 30457 30485 I art     : Starting a blocking GC Explicit
08-05 19:52:46.312 30457 30485 I art     : Explicit concurrent mark sweep GC freed 3(96B) AllocSpace objects, 0(0B) LOS objects, 36% free, 27MB/43MB, paused 842us total 32.844ms
08-05 19:52:46.506 31424 31424 D AndroidRuntime: >>>>>> START com.android.internal.os.RuntimeInit uid 2000 <<<<<<
08-05 19:52:46.512 31424 31424 D AndroidRuntime: CheckJNI is OFF
08-05 19:52:46.552 31424 31424 D ICU     : No timezone override file found: /data/misc/zoneinfo/current/icu/icu_tzdata.dat
08-05 19:52:46.594 31424 31424 I Radio-JNI: register_android_hardware_Radio DONE
08-05 19:52:46.620 30457 30470 I art     : Starting a blocking GC Explicit
08-05 19:52:46.624 31424 31424 D AndroidRuntime: Calling main entry com.android.commands.input.Input
08-05 19:52:46.626 31424 31424 I Input   : injectMotionEvent: MotionEvent { action=ACTION_DOWN, actionButton=0, id[0]=0, x[0]=625.0, y[0]=832.0, toolType[0]=TOOL_TYPE_UNKNOWN, buttonState=0, metaState=0, flags=0x0, edgeFlags=0x0, pointerCount=1, historySize=0, eventTime=820383039, downTime=820383039, deviceId=0, source=0x1002 }
08-05 19:52:46.632 31424 31424 I Input   : injectMotionEvent: MotionEvent { action=ACTION_UP, actionButton=0, id[0]=0, x[0]=625.0, y[0]=832.0, toolType[0]=TOOL_TYPE_UNKNOWN, buttonState=0, metaState=0, flags=0x0, edgeFlags=0x0, pointerCount=1, historySize=0, eventTime=820383039, downTime=820383039, deviceId=0, source=0x1002 }
08-05 19:52:46.635 31424 31424 D AndroidRuntime: Shutting down VM
08-05 19:52:46.642 30457 30457 D UserPreferences: Using default data folder
08-05 19:52:46.644   512  2967 D audio_hw_primary: out_set_parameters: enter: usecase(1: low-latency-playback) kvpairs: routing=2
08-05 19:52:46.644 30457 30457 D DownloadRequester: partiallyDownloadedFileExists: false
08-05 19:52:46.645 30457 30457 D DownloadRequester: /storage/emulated/0/Android/data/baseline.de.danoeh.antennapod.debug/files/cache/feed-Nice White Parents is available as a download destination
08-05 19:52:46.646 30457 30457 D DownloadRequester: Requesting download of url https://rss.art19.com/nice-white-parents
08-05 19:52:46.653 30457 30470 I art     : Explicit concurrent mark sweep GC freed 1519(89KB) AllocSpace objects, 1(20KB) LOS objects, 36% free, 27MB/43MB, paused 1.061ms total 32.816ms
08-05 19:52:46.657   512  2967 D audio_hw_primary: select_devices: out_snd_device(2: speaker) in_snd_device(0: none)
08-05 19:52:46.657   512  2967 D msm8974_platform: platform_send_audio_calibration: sending audio calibration for snd_device(2) acdb_id(15)
08-05 19:52:46.657   512  2967 I soundtrigger: audio_extn_sound_trigger_update_device_status: device 0x2 of type 0 for Event 1
08-05 19:52:46.658 30457 30457 D DownloadService: Service started
08-05 19:52:46.660 30457 30457 D DownloadService: parallel downloads: 4
08-05 19:52:46.662 30457 31456 D downloadCompletionThd: downloadCompletionThread was started
08-05 19:52:46.668 30457 30457 D DownloadService: Notification set up
08-05 19:52:46.669   512  2967 D audio_hw_primary: enable_snd_device: snd_device(2: speaker)
08-05 19:52:46.670 30457 30470 I art     : Starting a blocking GC Explicit
08-05 19:52:46.671   512  2967 D audio_hw_primary: enable_audio_route: apply and update mixer path: low-latency-playback speaker
08-05 19:52:46.703 30457 30470 I art     : Explicit concurrent mark sweep GC freed 420(29KB) AllocSpace objects, 0(0B) LOS objects, 36% free, 27MB/43MB, paused 1.309ms total 32.743ms
08-05 19:52:46.705 30457 30457 D DownloadService: Received enqueue request
08-05 19:52:46.708 30457 30457 D OnlineFeedViewActivity: onEventMainThread() called with: event = [DownloadEvent{update=DownloaderUpdate{downloaders=[baseline.de.danoeh.antennapod.core.service.download.HttpDownloader@cfb5015], feedIds=[0], mediaIds=[]}}]
08-05 19:52:46.708   918  6112 D WifiService: acquireWifiLockLocked: WifiLock{Downloader type=1 binder=android.os.BinderProxy@9817509}
08-05 19:52:46.708 30457 30457 D DownloadService: 1 downloads left
08-05 19:52:46.708 30457 30457 D DownloadService: Setting up notification updater
08-05 19:52:46.709 30457 31459 D AntennapodHttpClient: Creating new instance of HTTP client
08-05 19:52:46.714 30457 30470 I art     : Starting a blocking GC Explicit
08-05 19:52:46.744 30457 30470 I art     : Explicit concurrent mark sweep GC freed 647(33KB) AllocSpace objects, 0(0B) LOS objects, 36% free, 27MB/43MB, paused 1.017ms total 29.574ms
08-05 19:52:46.754 30457 30470 I art     : Starting a blocking GC Explicit
08-05 19:52:46.784 30457 30470 I art     : Explicit concurrent mark sweep GC freed 23(944B) AllocSpace objects, 0(0B) LOS objects, 36% free, 27MB/43MB, paused 949us total 29.560ms
08-05 19:52:46.795 30457 30470 I art     : Starting a blocking GC Explicit
08-05 19:52:46.825 30457 30470 I art     : Explicit concurrent mark sweep GC freed 80(5KB) AllocSpace objects, 0(0B) LOS objects, 36% free, 27MB/43MB, paused 1.127ms total 29.742ms
08-05 19:52:47.043 13866 13882 I PeriodicStatsRunner: PeriodicStatsRunner.call():175 call()
08-05 19:52:47.044 13866 13882 I PeriodicStatsRunner: PeriodicStatsRunner.call():179 No submit PeriodicStats since input started.
08-05 19:52:47.059 30457 31459 D MYTAG   : interceptor 3a https://rss.art19.com/nice-white-parents
08-05 19:52:47.059 30457 31459 I NAPPA_EXPERIMENTATION: MetricNetworkRequestExecutionTime: REQUEST_DURATION_SYSTEM='348',REQUEST_DURATION_OKHTTP='150',REQUEST_SYNCHRONOUS='TRUE',RESPONSE_CODE='200',RESPONSE_METHOD='GET',RESPONSE_LENGTH_OKHTTP='-1',RESPONSE_LENGTH_HEADER='1803',REQUEST_PROTOCOL='h2',REQUEST_URL='https://rss.art19.com/nice-white-parents',
08-05 19:52:47.060 30457 31459 D HttpDownloader: Response code is 200
08-05 19:52:47.060 30457 31459 D UserPreferences: Using default data folder
08-05 19:52:47.061 30457 31459 D HttpDownloader: Getting size of download
08-05 19:52:47.061 30457 31459 D HttpDownloader: Size is -1
08-05 19:52:47.062 30457 31459 D UserPreferences: Using default data folder
08-05 19:52:47.062 30457 31459 D HttpDownloader: Free space is 20164333568
08-05 19:52:47.062 30457 31459 D HttpDownloader: Starting download
08-05 19:52:47.075 30457 31459 D HttpDownloader: Download was successful
08-05 19:52:47.077   918  5952 D WifiService: releaseWifiLockLocked: WifiLock{Downloader type=1 binder=android.os.BinderProxy@9817509}
08-05 19:52:47.077 30457 31456 D downloadCompletionThd: Received 'Download Complete' - message.
08-05 19:52:47.078 30457 31456 D DownloadService: Handling completed Feed Download
08-05 19:52:47.078 30457 30457 D DownloadService: Removing downloader: https://rss.art19.com/nice-white-parents
08-05 19:52:47.078 30457 30457 D DownloadService: Result of downloads.remove: true
08-05 19:52:47.078 30457 30457 D OnlineFeedViewActivity: onEventMainThread() called with: event = [DownloadEvent{update=DownloaderUpdate{downloaders=[], feedIds=[], mediaIds=[]}}]
08-05 19:52:47.082 30457 31474 D TypeGetter: Recognized type RSS 2.0
08-05 19:52:47.083 30457 31474 D SyndHandler: Recognized ITunes namespace
08-05 19:52:47.083 30457 31474 D SyndHandler: Recognized Atom namespace
08-05 19:52:47.084 30457 31474 D SyndHandler: Recognized Content namespace
08-05 19:52:47.089 30457 31474 D FeedSyncThread: Nice White Parents parsed
08-05 19:52:47.090 30457 31474 D FeedSyncThread: Deletion of file '/storage/emulated/0/Android/data/baseline.de.danoeh.antennapod.debug/files/cache/feed-Nice White Parents' successful
08-05 19:52:47.090 30457 31474 D DBReader: getFeedDownloadLog() called with: feed = [baseline.de.danoeh.antennapod.core.feed.Feed@0]
08-05 19:52:47.093 30457 31457 D FeedSyncThread: Bundling 1 feeds
08-05 19:52:47.095 30457 31475 D DBReader: Extracting Feedlist
08-05 19:52:47.096 30457 31475 D DBTasks : Found no existing Feed with title Nice White Parents. Adding as new one.
08-05 19:52:47.099 30457 31476 D PodDBAdapter: Setting feed with flattr status Nice White Parents: 0
08-05 19:52:47.099 30457 31476 D baseline.de.danoeh.antennapod.core.storage.PodDBAdapter@150f982: Inserting new Feed into db
08-05 19:52:47.111 30457 30471 I art     : Starting a blocking GC Explicit
08-05 19:52:47.116 30457 30457 D EventDistributor: Processing event queue. Number of events: 1
08-05 19:52:47.117 30457 30457 D EventDistributor: Notifying observers. Data: 1
08-05 19:52:47.118 30457 30457 D DownloadService: 0 downloads left
08-05 19:52:47.118 30457 30986 D DBReader: Extracting Feedlist
08-05 19:52:47.118 30457 30457 D DownloadService: Number of downloads is 0, attempting shutdown
08-05 19:52:47.119 30457 30457 D DownloadService: Service shutting down
08-05 19:52:47.119 30457 30457 D DownloadService: No report is created
08-05 19:52:47.119 30457 30457 D OnlineFeedViewActivity: onEventMainThread() called with: event = [DownloadEvent{update=DownloaderUpdate{downloaders=[], feedIds=[], mediaIds=[]}}]
08-05 19:52:47.122 30457 31456 E downloadCompletionThd: DownloadCompletionThread was interrupted
08-05 19:52:47.122 30457 30457 D DownloadService: NotificationUpdater cancelled. Result: false
08-05 19:52:47.125 30457 30457 D DBTasks : autodownloadUndownloadedItems
08-05 19:52:47.128 30457 31477 D NetworkUtils: Device is connected to Wi-Fi
08-05 19:52:47.128 30457 31477 D NetworkUtils: Auto-dl filter is disabled
08-05 19:52:47.130 13866 13882 I PeriodicStatsRunner: PeriodicStatsRunner.call():175 call()
08-05 19:52:47.130 13866 13882 I PeriodicStatsRunner: PeriodicStatsRunner.call():179 No submit PeriodicStats since input started.
08-05 19:52:47.146 30457 30471 I art     : Explicit concurrent mark sweep GC freed 7363(568KB) AllocSpace objects, 8(300KB) LOS objects, 36% free, 28MB/44MB, paused 1.222ms total 34.384ms
08-05 19:52:47.157 30457 30471 I art     : Starting a blocking GC Explicit
08-05 19:52:47.187 30457 30471 I art     : Explicit concurrent mark sweep GC freed 1327(136KB) AllocSpace objects, 0(0B) LOS objects, 36% free, 27MB/43MB, paused 970us total 29.940ms
08-05 19:52:47.199 30457 30471 I art     : Starting a blocking GC Explicit
08-05 19:52:47.219   512  2967 D audio_hw_primary: disable_audio_route: reset and update mixer path: low-latency-playback speaker
08-05 19:52:47.219   512  2967 D audio_hw_primary: disable_snd_device: snd_device(2: speaker)
08-05 19:52:47.228   512  2967 I soundtrigger: audio_extn_sound_trigger_update_device_status: device 0x2 of type 0 for Event 0
08-05 19:52:47.230 30457 30471 I art     : Explicit concurrent mark sweep GC freed 15(576B) AllocSpace objects, 0(0B) LOS objects, 36% free, 27MB/43MB, paused 921us total 31.005ms
08-05 19:52:47.241 30457 30471 I art     : Starting a blocking GC Explicit
08-05 19:52:47.273 30457 30471 I art     : Explicit concurrent mark sweep GC freed 6(192B) AllocSpace objects, 0(0B) LOS objects, 36% free, 27MB/43MB, paused 920us total 31.250ms
08-05 19:52:47.284 30457 30471 I art     : Starting a blocking GC Explicit
08-05 19:52:47.316 30457 30471 I art     : Explicit concurrent mark sweep GC freed 9(352B) AllocSpace objects, 0(0B) LOS objects, 36% free, 27MB/43MB, paused 967us total 31.191ms
08-05 19:52:47.488 24365  1228 E WakeLock: GCM_HB_ALARM release without a matched acquire!
08-05 19:52:47.507   918  4400 D ConnectivityService: reportNetworkConnectivity(159, true) by 10012
08-05 19:52:47.507   918  1209 D NetworkMonitor/NetworkAgentInfo [WIFI () - 159]: Forcing reevaluation for UID 10012
08-05 19:52:47.507   918  3961 D ConnectivityService: reportNetworkConnectivity(159, true) by 10012
08-05 19:52:47.508   918  1209 D NetworkMonitor/NetworkAgentInfo [WIFI () - 159]: Checking http://connectivitycheck.gstatic.com/generate_204 on "H369AA63323", 192.168.2.12=192.168.2.12
08-05 19:52:47.538 24365 17236 I NetworkScheduler.Stats: Task com.google.android.gms/com.google.android.gms.ipa.base.IpaGcmTaskService started execution. cause:2 exec_start_elapsed_seconds: 1803771 [CONTEXT service_id=218 ]
08-05 19:52:47.562 24365 12324 I NetworkScheduler.Stats: Task com.google.android.gms/com.google.android.gms.ipa.base.IpaGcmTaskService finished executing. cause:2 result: 1 elapsed_millis: 50 uptime_millis: 49 exec_start_elapsed_seconds: 1803771 [CONTEXT service_id=218 ]
08-05 19:52:47.615 24577 11777 V AppsUpload: Apps upload disabled
08-05 19:52:47.617 30457 30485 I art     : Starting a blocking GC Explicit
08-05 19:52:47.627 24365 12324 I NetworkScheduler.Stats: Task com.google.android.gms/com.google.android.gms.icing.mdh.service.MobileDataHubGcmTaskService started execution. cause:2 exec_start_elapsed_seconds: 1803771 [CONTEXT service_id=218 ]
08-05 19:52:47.628 24365 12324 I NetworkScheduler.Stats: Task com.google.android.gms/com.google.android.gms.icing.mdh.service.MobileDataHubGcmTaskService finished executing. cause:2 result: 1 elapsed_millis: 77 uptime_millis: 77 exec_start_elapsed_seconds: 1803771 [CONTEXT service_id=218 ]
08-05 19:52:47.633   918  1209 D NetworkMonitor/NetworkAgentInfo [WIFI () - 159]: Probably not a portal: exception java.io.IOException: unexpected end of stream on Connection{connectivitycheck.gstatic.com:80, proxy=HTTP@/192.168.2.12:8080 hostAddress=192.168.2.12 cipherSuite=none protocol=http/1.1} (recycle count=0)
08-05 19:52:47.634   918  3263 D ConnectivityService: NetworkAgentInfo [WIFI () - 159] validation failed
08-05 19:52:47.635   918  3261 E WifiConfigStore:  rewrite network history for "H369AA63323"WPA_PSK
08-05 19:52:47.647 30457 30485 I art     : Explicit concurrent mark sweep GC freed 1368(80KB) AllocSpace objects, 1(20KB) LOS objects, 36% free, 27MB/43MB, paused 972us total 30.547ms
08-05 19:52:47.659 30457 30485 I art     : Starting a blocking GC Explicit
08-05 19:52:47.688 30457 30485 I art     : Explicit concurrent mark sweep GC freed 25(816B) AllocSpace objects, 0(0B) LOS objects, 36% free, 27MB/43MB, paused 1.002ms total 28.685ms
08-05 19:52:47.693 24577 31546 W GmscoreIpa: Processed 0 SMS and 0 MMS deletions
08-05 19:52:47.695 24365 12324 I NetworkScheduler.Stats: Task com.google.android.gms/com.google.android.gms.icing.service.IcingGcmTaskService started execution. cause:5 exec_start_elapsed_seconds: 1803771 [CONTEXT service_id=218 ]
08-05 19:52:47.696 24365 12324 I NetworkScheduler.Stats: Task com.google.android.gms/com.google.android.gms.icing.service.IcingGcmTaskService finished executing. cause:5 result: 1 elapsed_millis: 34 uptime_millis: 35 exec_start_elapsed_seconds: 1803771 [CONTEXT service_id=218 ]
08-05 19:52:47.698 30457 30485 I art     : Starting a blocking GC Explicit
08-05 19:52:47.727 30457 30485 I art     : Explicit concurrent mark sweep GC freed 3(96B) AllocSpace objects, 0(0B) LOS objects, 36% free, 27MB/43MB, paused 1.065ms total 28.453ms
08-05 19:52:47.738 30457 30485 I art     : Starting a blocking GC Explicit
08-05 19:52:47.742 24365 17236 I NetworkScheduler.Stats: Task com.google.android.gms/com.google.android.gms.common.stats.net.NetworkReportService started execution. cause:5 exec_start_elapsed_seconds: 1803771 [CONTEXT service_id=218 ]
08-05 19:52:47.766 30457 30485 I art     : Explicit concurrent mark sweep GC freed 3(96B) AllocSpace objects, 0(0B) LOS objects, 36% free, 27MB/43MB, paused 947us total 27.835ms
08-05 19:52:47.776 30457 30485 I art     : Starting a blocking GC Explicit
08-05 19:52:47.805 30457 30485 I art     : Explicit concurrent mark sweep GC freed 3(96B) AllocSpace objects, 0(0B) LOS objects, 36% free, 27MB/43MB, paused 948us total 27.926ms
08-05 19:52:47.900   918   927 I art     : Background partial concurrent mark sweep GC freed 99471(11MB) AllocSpace objects, 158(3MB) LOS objects, 18% free, 70MB/86MB, paused 1.803ms total 220.259ms
08-05 19:52:48.091 30457 30485 I art     : Starting a blocking GC Explicit
08-05 19:52:48.122 30457 30485 I art     : Explicit concurrent mark sweep GC freed 1396(82KB) AllocSpace objects, 1(20KB) LOS objects, 36% free, 27MB/43MB, paused 921us total 30.631ms
08-05 19:52:48.133 30457 30485 I art     : Starting a blocking GC Explicit
08-05 19:52:48.164 30457 30485 I art     : Explicit concurrent mark sweep GC freed 33(1136B) AllocSpace objects, 0(0B) LOS objects, 36% free, 27MB/43MB, paused 928us total 29.975ms
08-05 19:52:48.175 30457 30485 I art     : Starting a blocking GC Explicit
08-05 19:52:48.204 30457 30485 I art     : Explicit concurrent mark sweep GC freed 3(96B) AllocSpace objects, 0(0B) LOS objects, 36% free, 27MB/43MB, paused 903us total 29.028ms
08-05 19:52:48.215 30457 30485 I art     : Starting a blocking GC Explicit
08-05 19:52:48.244 30457 30485 I art     : Explicit concurrent mark sweep GC freed 3(96B) AllocSpace objects, 0(0B) LOS objects, 36% free, 27MB/43MB, paused 935us total 29.126ms
08-05 19:52:48.255 30457 30485 I art     : Starting a blocking GC Explicit
08-05 19:52:48.285 30457 30485 I art     : Explicit concurrent mark sweep GC freed 3(96B) AllocSpace objects, 0(0B) LOS objects, 36% free, 27MB/43MB, paused 983us total 29.367ms
08-05 19:52:48.467   918   927 I art     : Background partial concurrent mark sweep GC freed 21920(2MB) AllocSpace objects, 3(600KB) LOS objects, 18% free, 68MB/84MB, paused 2.007ms total 200.417ms
08-05 19:52:48.568 30457 30471 I art     : Starting a blocking GC Explicit
08-05 19:52:48.599 30457 30471 I art     : Explicit concurrent mark sweep GC freed 1373(82KB) AllocSpace objects, 1(20KB) LOS objects, 36% free, 27MB/43MB, paused 945us total 30.871ms
08-05 19:52:48.610 30457 30471 I art     : Starting a blocking GC Explicit
08-05 19:52:48.635   918  1209 D NetworkMonitor/NetworkAgentInfo [WIFI () - 159]: Checking http://connectivitycheck.gstatic.com/generate_204 on "H369AA63323", 192.168.2.12=192.168.2.12
08-05 19:52:48.640 30457 30471 I art     : Explicit concurrent mark sweep GC freed 23(752B) AllocSpace objects, 0(0B) LOS objects, 36% free, 27MB/43MB, paused 921us total 29.395ms
08-05 19:52:48.651 30457 30471 I art     : Starting a blocking GC Explicit
08-05 19:52:48.680 30457 30471 I art     : Explicit concurrent mark sweep GC freed 3(96B) AllocSpace objects, 0(0B) LOS objects, 36% free, 27MB/43MB, paused 965us total 29.543ms
08-05 19:52:48.691 30457 30471 I art     : Starting a blocking GC Explicit
08-05 19:52:48.707 24365 12324 I NetworkScheduler.Stats: Task com.google.android.gms/com.google.android.gms.common.stats.net.NetworkReportService finished executing. cause:5 result: 1 elapsed_millis: 991 uptime_millis: 991 exec_start_elapsed_seconds: 1803771 [CONTEXT service_id=218 ]
08-05 19:52:48.722 30457 30471 I art     : Explicit concurrent mark sweep GC freed 3(96B) AllocSpace objects, 0(0B) LOS objects, 36% free, 27MB/43MB, paused 931us total 30.825ms
08-05 19:52:48.734 30457 30471 I art     : Starting a blocking GC Explicit
08-05 19:52:48.761   918  1209 D NetworkMonitor/NetworkAgentInfo [WIFI () - 159]: Probably not a portal: exception java.io.IOException: unexpected end of stream on Connection{connectivitycheck.gstatic.com:80, proxy=HTTP@/192.168.2.12:8080 hostAddress=192.168.2.12 cipherSuite=none protocol=http/1.1} (recycle count=0)
08-05 19:52:48.762   918  3263 D ConnectivityService: NetworkAgentInfo [WIFI () - 159] validation failed
08-05 19:52:48.763   918  3261 E WifiConfigStore:  rewrite network history for "H369AA63323"WPA_PSK
08-05 19:52:48.765 30457 30471 I art     : Explicit concurrent mark sweep GC freed 3(96B) AllocSpace objects, 0(0B) LOS objects, 36% free, 27MB/43MB, paused 918us total 31.352ms
08-05 19:52:49.100 30457 30470 I art     : Starting a blocking GC Explicit
08-05 19:52:49.142 30457 30470 I art     : Explicit concurrent mark sweep GC freed 1401(83KB) AllocSpace objects, 1(20KB) LOS objects, 36% free, 27MB/43MB, paused 1.042ms total 41.741ms
08-05 19:52:49.157 30457 30470 I art     : Starting a blocking GC Explicit
08-05 19:52:49.196 30457 30470 I art     : Explicit concurrent mark sweep GC freed 23(752B) AllocSpace objects, 0(0B) LOS objects, 36% free, 27MB/43MB, paused 1.030ms total 38.818ms
08-05 19:52:49.209 30457 30470 I art     : Starting a blocking GC Explicit
08-05 19:52:49.244 30457 30470 I art     : Explicit concurrent mark sweep GC freed 3(96B) AllocSpace objects, 0(0B) LOS objects, 36% free, 27MB/43MB, paused 1.041ms total 35.518ms
08-05 19:52:49.257 30457 30470 I art     : Starting a blocking GC Explicit
08-05 19:52:49.293 30457 30470 I art     : Explicit concurrent mark sweep GC freed 3(96B) AllocSpace objects, 0(0B) LOS objects, 36% free, 27MB/43MB, paused 1.022ms total 35.783ms
08-05 19:52:49.305 30457 30470 I art     : Starting a blocking GC Explicit
08-05 19:52:49.341 30457 30470 I art     : Explicit concurrent mark sweep GC freed 3(96B) AllocSpace objects, 0(0B) LOS objects, 36% free, 27MB/43MB, paused 980us total 35.453ms
08-05 19:52:49.647 30457 30485 I art     : Starting a blocking GC Explicit
08-05 19:52:49.693 30457 30485 I art     : Explicit concurrent mark sweep GC freed 1370(80KB) AllocSpace objects, 1(20KB) LOS objects, 36% free, 27MB/43MB, paused 1.136ms total 44.882ms
08-05 19:52:49.708 30457 30485 I art     : Starting a blocking GC Explicit
08-05 19:52:49.746 30457 30485 I art     : Explicit concurrent mark sweep GC freed 23(752B) AllocSpace objects, 0(0B) LOS objects, 36% free, 27MB/43MB, paused 1.013ms total 37.367ms
08-05 19:52:49.758 30457 30485 I art     : Starting a blocking GC Explicit
08-05 19:52:49.794 30457 30485 I art     : Explicit concurrent mark sweep GC freed 3(96B) AllocSpace objects, 0(0B) LOS objects, 36% free, 27MB/43MB, paused 1.020ms total 35.195ms
08-05 19:52:49.806 30457 30485 I art     : Starting a blocking GC Explicit
08-05 19:52:49.842 30457 30485 I art     : Explicit concurrent mark sweep GC freed 3(96B) AllocSpace objects, 0(0B) LOS objects, 36% free, 27MB/43MB, paused 978us total 35.484ms
08-05 19:52:49.854 30457 30485 I art     : Starting a blocking GC Explicit
08-05 19:52:49.890 30457 30485 I art     : Explicit concurrent mark sweep GC freed 32(880B) AllocSpace objects, 0(0B) LOS objects, 36% free, 27MB/43MB, paused 960us total 35.583ms
08-05 19:52:50.234 30457 30471 I art     : Starting a blocking GC Explicit
08-05 19:52:50.274 30457 30471 I art     : Explicit concurrent mark sweep GC freed 1366(80KB) AllocSpace objects, 1(20KB) LOS objects, 36% free, 27MB/43MB, paused 1.039ms total 39.840ms
08-05 19:52:50.289 30457 30471 I art     : Starting a blocking GC Explicit
08-05 19:52:50.315 27644 27644 I ServiceManager: Waiting for service AtCmdFwd...
08-05 19:52:50.324 30457 30471 I art     : Explicit concurrent mark sweep GC freed 23(752B) AllocSpace objects, 0(0B) LOS objects, 36% free, 27MB/43MB, paused 1.006ms total 34.787ms
08-05 19:52:50.336 30457 30471 I art     : Starting a blocking GC Explicit
08-05 19:52:50.372 30457 30471 I art     : Explicit concurrent mark sweep GC freed 3(96B) AllocSpace objects, 0(0B) LOS objects, 36% free, 27MB/43MB, paused 1.023ms total 36.369ms
08-05 19:52:50.384 30457 30471 I art     : Starting a blocking GC Explicit
08-05 19:52:50.421 30457 30471 I art     : Explicit concurrent mark sweep GC freed 3(96B) AllocSpace objects, 0(0B) LOS objects, 36% free, 27MB/43MB, paused 1.024ms total 36.760ms
08-05 19:52:50.434 30457 30471 I art     : Starting a blocking GC Explicit
08-05 19:52:50.469 30457 30471 I art     : Explicit concurrent mark sweep GC freed 3(96B) AllocSpace objects, 0(0B) LOS objects, 36% free, 27MB/43MB, paused 1.085ms total 34.751ms
08-05 19:52:50.764   918  1209 D NetworkMonitor/NetworkAgentInfo [WIFI () - 159]: Checking http://connectivitycheck.gstatic.com/generate_204 on "H369AA63323", 192.168.2.12=192.168.2.12
08-05 19:52:50.818 30457 30470 I art     : Starting a blocking GC Explicit
08-05 19:52:50.862 30457 30470 I art     : Explicit concurrent mark sweep GC freed 1367(82KB) AllocSpace objects, 1(20KB) LOS objects, 36% free, 27MB/43MB, paused 1.010ms total 43.420ms
08-05 19:52:50.878 30457 30470 I art     : Starting a blocking GC Explicit
08-05 19:52:50.909   918  1209 D NetworkMonitor/NetworkAgentInfo [WIFI () - 159]: Probably not a portal: exception java.io.IOException: unexpected end of stream on Connection{connectivitycheck.gstatic.com:80, proxy=HTTP@/192.168.2.12:8080 hostAddress=192.168.2.12 cipherSuite=none protocol=http/1.1} (recycle count=0)
08-05 19:52:50.911   918  3263 D ConnectivityService: NetworkAgentInfo [WIFI () - 159] validation failed
08-05 19:52:50.911 30457 30470 I art     : Explicit concurrent mark sweep GC freed 52(1536B) AllocSpace objects, 0(0B) LOS objects, 36% free, 27MB/43MB, paused 926us total 32.491ms
08-05 19:52:50.912   918  3261 E WifiConfigStore:  rewrite network history for "H369AA63323"WPA_PSK
08-05 19:52:50.923 30457 30470 I art     : Starting a blocking GC Explicit
08-05 19:52:50.955 30457 30470 I art     : Explicit concurrent mark sweep GC freed 3(96B) AllocSpace objects, 0(0B) LOS objects, 36% free, 27MB/43MB, paused 939us total 31.779ms
08-05 19:52:50.966 30457 30470 I art     : Starting a blocking GC Explicit
08-05 19:52:50.998 30457 30470 I art     : Explicit concurrent mark sweep GC freed 3(96B) AllocSpace objects, 0(0B) LOS objects, 36% free, 27MB/43MB, paused 1.062ms total 31.755ms
08-05 19:52:51.010 30457 30470 I art     : Starting a blocking GC Explicit
08-05 19:52:51.045 30457 30470 I art     : Explicit concurrent mark sweep GC freed 3(96B) AllocSpace objects, 0(0B) LOS objects, 36% free, 27MB/43MB, paused 1.004ms total 35.055ms
08-05 19:52:51.316 27644 27644 I ServiceManager: Waiting for service AtCmdFwd...
08-05 19:52:51.393 30457 30485 I art     : Starting a blocking GC Explicit
08-05 19:52:51.432 30457 30485 I art     : Explicit concurrent mark sweep GC freed 1366(80KB) AllocSpace objects, 1(20KB) LOS objects, 36% free, 27MB/43MB, paused 1.136ms total 39.330ms
08-05 19:52:51.437 31552 31552 D AndroidRuntime: >>>>>> START com.android.internal.os.RuntimeInit uid 2000 <<<<<<
08-05 19:52:51.443 31552 31552 D AndroidRuntime: CheckJNI is OFF
08-05 19:52:51.447 30457 30485 I art     : Starting a blocking GC Explicit
08-05 19:52:51.481 30457 30485 I art     : Explicit concurrent mark sweep GC freed 23(752B) AllocSpace objects, 0(0B) LOS objects, 36% free, 27MB/43MB, paused 1.039ms total 33.977ms
08-05 19:52:51.490 31552 31552 D ICU     : No timezone override file found: /data/misc/zoneinfo/current/icu/icu_tzdata.dat
08-05 19:52:51.493 30457 30485 I art     : Starting a blocking GC Explicit
08-05 19:52:51.527 30457 30485 I art     : Explicit concurrent mark sweep GC freed 3(96B) AllocSpace objects, 0(0B) LOS objects, 36% free, 27MB/43MB, paused 1.051ms total 33.406ms
08-05 19:52:51.534 31552 31552 I Radio-JNI: register_android_hardware_Radio DONE
08-05 19:52:51.538 30457 30485 I art     : Starting a blocking GC Explicit
08-05 19:52:51.564 31552 31552 D AndroidRuntime: Calling main entry com.android.commands.input.Input
08-05 19:52:51.565 31552 31552 I Input   : injectKeyEvent: KeyEvent { action=ACTION_DOWN, keyCode=KEYCODE_BACK, scanCode=0, metaState=0, flags=0x0, repeatCount=0, eventTime=820387978, downTime=820387978, deviceId=-1, source=0x101 }
08-05 19:52:51.572 30457 30485 I art     : Explicit concurrent mark sweep GC freed 3(96B) AllocSpace objects, 0(0B) LOS objects, 36% free, 27MB/43MB, paused 929us total 33.747ms
08-05 19:52:51.574 31552 31552 I Input   : injectKeyEvent: KeyEvent { action=ACTION_UP, keyCode=KEYCODE_BACK, scanCode=0, metaState=0, flags=0x0, repeatCount=0, eventTime=820387978, downTime=820387978, deviceId=-1, source=0x101 }
08-05 19:52:51.581 31552 31552 D AndroidRuntime: Shutting down VM
08-05 19:52:51.584 30457 30485 I art     : Starting a blocking GC Explicit
08-05 19:52:51.586 30457 30457 V PlaybackController: initServiceNotRunning()
08-05 19:52:51.586 30457 30457 D ExternalPlayerFragment: Loading media info
08-05 19:52:51.591 30457 30457 D UserPreferences: Using default data folder
08-05 19:52:51.592 30457 30986 D DBReader: getNavDrawerData() called with: 
08-05 19:52:51.596 30457 30986 D DBReader: getDownloadedItems() called
08-05 19:52:51.597 30457 30986 D DBReader: getFavoriteIDList() called
08-05 19:52:51.597 30457 30986 D DBReader: getQueueIDList() called
08-05 19:52:51.598 30457 30986 D DBReader: Extracting Feedlist
08-05 19:52:51.614 30457 30485 I art     : Explicit concurrent mark sweep GC freed 553(45KB) AllocSpace objects, 0(0B) LOS objects, 36% free, 27MB/43MB, paused 963us total 30.157ms
08-05 19:52:51.624 30457 30457 D MainActivity: getLastNavFragment() -> AddFeedFragment
08-05 19:52:51.626 13866 13866 I GoogleInputMethodServic: GoogleInputMethodService.onFinishInput():3138 
08-05 19:52:51.628 13866 13866 I GoogleInputMethodServic: GoogleInputMethodService.onStartInput():1808 
08-05 19:52:51.644 30457 31358 D ApOkHttpUrlLoader: buildLoadData() called with: model = [https://content.production.cdn.art19.com/images/89/e0/88/44/89e08844-ac28-4fc0-96fa-15a41fec2014/262c12ed699a8d9720dea0bd66449d998e4a08cf18095bed170ccaa76722045fa5dbf7a366918b2db7e3acf29ad22f6b99fd659a9409cb807bf2781d968932f8.jpeg], width = [140], height = [140]
08-05 19:52:51.911 30457 30485 I art     : Starting a blocking GC Explicit
08-05 19:52:51.944   380   380 W SurfaceFlinger: couldn't log to binary event log: overflow.
08-05 19:52:51.949 30457 30485 I art     : Explicit concurrent mark sweep GC freed 2617(168KB) AllocSpace objects, 1(20KB) LOS objects, 36% free, 28MB/44MB, paused 1.542ms total 37.266ms
08-05 19:52:51.961 30457 30485 I art     : Starting a blocking GC Explicit
08-05 19:52:51.992 30457 30485 I art     : Explicit concurrent mark sweep GC freed 651(30KB) AllocSpace objects, 0(0B) LOS objects, 36% free, 28MB/44MB, paused 1.025ms total 30.588ms
08-05 19:52:52.003 30457 30485 I art     : Starting a blocking GC Explicit
08-05 19:52:52.035 30457 30485 I art     : Explicit concurrent mark sweep GC freed 2463(151KB) AllocSpace objects, 2(248KB) LOS objects, 36% free, 27MB/43MB, paused 1.026ms total 32.126ms
08-05 19:52:52.046 30457 30485 I art     : Starting a blocking GC Explicit
08-05 19:52:52.079 30457 30485 I art     : Explicit concurrent mark sweep GC freed 3(96B) AllocSpace objects, 0(0B) LOS objects, 36% free, 27MB/43MB, paused 1.003ms total 32.395ms
08-05 19:52:52.091 30457 30485 I art     : Starting a blocking GC Explicit
08-05 19:52:52.124 30457 30485 I art     : Explicit concurrent mark sweep GC freed 3(96B) AllocSpace objects, 0(0B) LOS objects, 36% free, 27MB/43MB, paused 991us total 32.785ms
08-05 19:52:52.317 27644 27644 I ServiceManager: Waiting for service AtCmdFwd...
08-05 19:52:52.432 30457 30470 I art     : Starting a blocking GC Explicit
08-05 19:52:52.475 30457 30470 I art     : Explicit concurrent mark sweep GC freed 1373(82KB) AllocSpace objects, 1(20KB) LOS objects, 36% free, 27MB/43MB, paused 1.051ms total 42.899ms
08-05 19:52:52.490 30457 30470 I art     : Starting a blocking GC Explicit
08-05 19:52:52.497   918  1210 D NetlinkSocketObserver: NeighborEvent{elapsedMs=1803776371, 192.168.2.254, [7C3953A63323], RTM_NEWNEIGH, NUD_REACHABLE}
08-05 19:52:52.522 30457 30470 I art     : Explicit concurrent mark sweep GC freed 23(768B) AllocSpace objects, 0(0B) LOS objects, 36% free, 27MB/43MB, paused 1.009ms total 32.429ms
08-05 19:52:52.535 30457 30470 I art     : Starting a blocking GC Explicit
08-05 19:52:52.568 30457 30470 I art     : Explicit concurrent mark sweep GC freed 3(96B) AllocSpace objects, 0(0B) LOS objects, 36% free, 27MB/43MB, paused 1.092ms total 32.815ms
08-05 19:52:52.579 30457 30470 I art     : Starting a blocking GC Explicit
08-05 19:52:52.612 30457 30470 I art     : Explicit concurrent mark sweep GC freed 3(96B) AllocSpace objects, 0(0B) LOS objects, 36% free, 27MB/43MB, paused 967us total 32.197ms
08-05 19:52:52.624 30457 30470 I art     : Starting a blocking GC Explicit
08-05 19:52:52.656 30457 30470 I art     : Explicit concurrent mark sweep GC freed 3(96B) AllocSpace objects, 0(0B) LOS objects, 36% free, 27MB/43MB, paused 985us total 32.417ms
08-05 19:52:52.950 30457 31586 I art     : Starting a blocking GC Explicit
08-05 19:52:52.983 30457 31586 I art     : Explicit concurrent mark sweep GC freed 1397(81KB) AllocSpace objects, 1(20KB) LOS objects, 36% free, 27MB/43MB, paused 1.033ms total 32.222ms
08-05 19:52:52.994 30457 31586 I art     : Starting a blocking GC Explicit
08-05 19:52:53.026 30457 31586 I art     : Explicit concurrent mark sweep GC freed 23(752B) AllocSpace objects, 0(0B) LOS objects, 36% free, 27MB/43MB, paused 1.013ms total 31.609ms
08-05 19:52:53.037 30457 31586 I art     : Starting a blocking GC Explicit
08-05 19:52:53.068 30457 31586 I art     : Explicit concurrent mark sweep GC freed 3(96B) AllocSpace objects, 0(0B) LOS objects, 36% free, 27MB/43MB, paused 1.105ms total 30.627ms
08-05 19:52:53.080 30457 31586 I art     : Starting a blocking GC Explicit
08-05 19:52:53.111 30457 31586 I art     : Explicit concurrent mark sweep GC freed 3(96B) AllocSpace objects, 0(0B) LOS objects, 36% free, 27MB/43MB, paused 1ms total 30.909ms
08-05 19:52:53.122 30457 31586 I art     : Starting a blocking GC Explicit
08-05 19:52:53.154 30457 31586 I art     : Explicit concurrent mark sweep GC freed 3(96B) AllocSpace objects, 0(0B) LOS objects, 36% free, 27MB/43MB, paused 999us total 31.593ms
08-05 19:52:53.318 27644 27644 I ServiceManager: Waiting for service AtCmdFwd...
08-05 19:52:53.354 31599 31599 D AndroidRuntime: >>>>>> START com.android.internal.os.RuntimeInit uid 2000 <<<<<<
08-05 19:52:53.361 31599 31599 D AndroidRuntime: CheckJNI is OFF
08-05 19:52:53.400 31599 31599 D ICU     : No timezone override file found: /data/misc/zoneinfo/current/icu/icu_tzdata.dat
08-05 19:52:53.441 31599 31599 I Radio-JNI: register_android_hardware_Radio DONE
08-05 19:52:53.470 31599 31599 D AndroidRuntime: Calling main entry com.android.commands.input.Input
08-05 19:52:53.473 31599 31599 I Input   : injectMotionEvent: MotionEvent { action=ACTION_DOWN, actionButton=0, id[0]=0, x[0]=639.0, y[0]=762.0, toolType[0]=TOOL_TYPE_UNKNOWN, buttonState=0, metaState=0, flags=0x0, edgeFlags=0x0, pointerCount=1, historySize=0, eventTime=820389885, downTime=820389885, deviceId=0, source=0x1002 }
08-05 19:52:53.474 30457 30470 I art     : Starting a blocking GC Explicit
08-05 19:52:53.482 31599 31599 I Input   : injectMotionEvent: MotionEvent { action=ACTION_UP, actionButton=0, id[0]=0, x[0]=639.0, y[0]=762.0, toolType[0]=TOOL_TYPE_UNKNOWN, buttonState=0, metaState=0, flags=0x0, edgeFlags=0x0, pointerCount=1, historySize=0, eventTime=820389885, downTime=820389885, deviceId=0, source=0x1002 }
08-05 19:52:53.485 31599 31599 D AndroidRuntime: Shutting down VM
08-05 19:52:53.511 30457 30470 I art     : Explicit concurrent mark sweep GC freed 1420(82KB) AllocSpace objects, 1(20KB) LOS objects, 36% free, 27MB/43MB, paused 1.022ms total 36.916ms
08-05 19:52:53.523 30457 30470 I art     : Starting a blocking GC Explicit
08-05 19:52:53.551   512  2967 D audio_hw_primary: out_set_parameters: enter: usecase(1: low-latency-playback) kvpairs: routing=2
08-05 19:52:53.552 30457 30470 I art     : Explicit concurrent mark sweep GC freed 78(3KB) AllocSpace objects, 0(0B) LOS objects, 36% free, 27MB/43MB, paused 1.341ms total 29.148ms
08-05 19:52:53.563 30457 30470 I art     : Starting a blocking GC Explicit
08-05 19:52:53.564   512  2967 D audio_hw_primary: select_devices: out_snd_device(2: speaker) in_snd_device(0: none)
08-05 19:52:53.564   512  2967 D msm8974_platform: platform_send_audio_calibration: sending audio calibration for snd_device(2) acdb_id(15)
08-05 19:52:53.564   512  2967 I soundtrigger: audio_extn_sound_trigger_update_device_status: device 0x2 of type 0 for Event 1
08-05 19:52:53.569 13866 13866 I GoogleInputMethodServic: GoogleInputMethodService.onFinishInput():3138 
08-05 19:52:53.569 13866 13866 I GoogleInputMethodServic: GoogleInputMethodService.onStartInput():1808 
08-05 19:52:53.574   512  2967 D audio_hw_primary: enable_snd_device: snd_device(2: speaker)
08-05 19:52:53.576   512  2967 D audio_hw_primary: enable_audio_route: apply and update mixer path: low-latency-playback speaker
08-05 19:52:53.593 30457 30470 I art     : Explicit concurrent mark sweep GC freed 156(6KB) AllocSpace objects, 0(0B) LOS objects, 36% free, 27MB/43MB, paused 1.031ms total 29.848ms
08-05 19:52:53.604 30457 30470 I art     : Starting a blocking GC Explicit
08-05 19:52:53.634 30457 30470 I art     : Explicit concurrent mark sweep GC freed 24(928B) AllocSpace objects, 0(0B) LOS objects, 36% free, 27MB/43MB, paused 1.021ms total 29.655ms
08-05 19:52:53.645 30457 30470 I art     : Starting a blocking GC Explicit
08-05 19:52:53.677 30457 30470 I art     : Explicit concurrent mark sweep GC freed 15(544B) AllocSpace objects, 0(0B) LOS objects, 36% free, 27MB/43MB, paused 1.111ms total 31.724ms
08-05 19:52:53.788 30457 30478 I NAPPA_EXPERIMENTATION: MetricNetworkRequestExecutionTime: REQUEST_DURATION_SYSTEM='238',REQUEST_DURATION_OKHTTP='235',REQUEST_SYNCHRONOUS='TRUE',RESPONSE_CODE='200',RESPONSE_METHOD='GET',RESPONSE_LENGTH_OKHTTP='-1',RESPONSE_LENGTH_HEADER='622',REQUEST_PROTOCOL='h2',REQUEST_URL='https://itunes.apple.com/lookup?id=360084272',
08-05 19:52:53.799   918  3714 I ActivityManager: START u0 {cmp=baseline.de.danoeh.antennapod.debug/baseline.de.danoeh.antennapod.activity.OnlineFeedViewActivity (has extras)} from uid 10695 on display 0
08-05 19:52:53.821 13866 13866 I GoogleInputMethodServic: GoogleInputMethodService.onFinishInput():3138 
08-05 19:52:53.822 13866 13866 I GoogleInputMethodServic: GoogleInputMethodService.onStartInput():1808 
08-05 19:52:53.845 30457 30457 D UserPreferences: Using default data folder
08-05 19:52:53.846 30457 30457 D OnlineFeedViewActivity: Activity was started with url http://joeroganexp.joerogan.libsynpro.com/rss
08-05 19:52:53.848 30457 30457 D OnlineFeedViewActivity: Starting feed download
08-05 19:52:53.851 30457 30985 D DBReader: Extracting Feedlist
08-05 19:52:53.854   918  3714 D WifiService: acquireWifiLockLocked: WifiLock{Downloader type=1 binder=android.os.BinderProxy@504430f}
08-05 19:52:53.855 30457 30985 D AntennapodHttpClient: Creating new instance of HTTP client
08-05 19:52:53.902 13866 13866 I GoogleInputMethodServic: GoogleInputMethodService.onFinishInput():3138 
08-05 19:52:53.903 13866 13866 I GoogleInputMethodServic: GoogleInputMethodService.onStartInput():1808 
08-05 19:52:53.921 30457 30985 D MYTAG   : interceptor 3a http://joeroganexp.joerogan.libsynpro.com/rss
08-05 19:52:53.921 30457 30985 I NAPPA_EXPERIMENTATION: MetricNetworkRequestExecutionTime: REQUEST_DURATION_SYSTEM='65',REQUEST_DURATION_OKHTTP='55',REQUEST_SYNCHRONOUS='TRUE',RESPONSE_CODE='200',RESPONSE_METHOD='GET',RESPONSE_LENGTH_OKHTTP='-1',RESPONSE_LENGTH_HEADER='307892',REQUEST_PROTOCOL='http/1.1',REQUEST_URL='http://joeroganexp.joerogan.libsynpro.com/rss',
08-05 19:52:53.921 30457 30985 D HttpDownloader: Response code is 200
08-05 19:52:53.922 30457 30985 D UserPreferences: Using default data folder
08-05 19:52:53.924 30457 30985 D HttpDownloader: Getting size of download
08-05 19:52:53.924 30457 30985 D HttpDownloader: Size is -1
08-05 19:52:53.924 30457 30985 D UserPreferences: Using default data folder
08-05 19:52:53.924 30457 30985 D HttpDownloader: Free space is 20176490496
08-05 19:52:53.925 30457 30985 D HttpDownloader: Starting download
08-05 19:52:53.940   918   936 I ActivityManager: Displayed baseline.de.danoeh.antennapod.debug/baseline.de.danoeh.antennapod.activity.OnlineFeedViewActivity: +118ms
08-05 19:52:53.963 30457 30485 I art     : Starting a blocking GC Explicit
08-05 19:52:53.999 30457 30485 I art     : Explicit concurrent mark sweep GC freed 3497(235KB) AllocSpace objects, 1(20KB) LOS objects, 36% free, 27MB/43MB, paused 1.066ms total 35.878ms
08-05 19:52:54.010 30457 30485 I art     : Starting a blocking GC Explicit
08-05 19:52:54.039 30457 30485 I art     : Explicit concurrent mark sweep GC freed 379(16KB) AllocSpace objects, 0(0B) LOS objects, 36% free, 27MB/43MB, paused 1ms total 28.630ms
08-05 19:52:54.050 30457 30485 I art     : Starting a blocking GC Explicit
08-05 19:52:54.052 30457 30985 D HttpDownloader: Download was successful
08-05 19:52:54.053   918  6112 D WifiService: releaseWifiLockLocked: WifiLock{Downloader type=1 binder=android.os.BinderProxy@504430f}
08-05 19:52:54.053 30457 30457 D OnlineFeedViewActivity: Parsing feed
08-05 19:52:54.057 30457 31641 D TypeGetter: Recognized type RSS 2.0
08-05 19:52:54.060 30457 31641 D SyndHandler: Recognized Atom namespace
08-05 19:52:54.060 30457 31641 D SyndHandler: Recognized ITunes namespace
08-05 19:52:54.060 30457 31641 D SyndHandler: Recognized media namespace
08-05 19:52:54.060 30457 31641 D SyndHandler: Recognized Content namespace
08-05 19:52:54.083 30457 30485 I art     : Explicit concurrent mark sweep GC freed 1078(173KB) AllocSpace objects, 3(60KB) LOS objects, 36% free, 28MB/44MB, paused 1.318ms total 32.633ms
08-05 19:52:54.095 30457 30485 I art     : Starting a blocking GC Explicit
08-05 19:52:54.118   512  2967 D audio_hw_primary: disable_audio_route: reset and update mixer path: low-latency-playback speaker
08-05 19:52:54.119   512  2967 D audio_hw_primary: disable_snd_device: snd_device(2: speaker)
08-05 19:52:54.127   512  2967 I soundtrigger: audio_extn_sound_trigger_update_device_status: device 0x2 of type 0 for Event 0
08-05 19:52:54.128 30457 30485 I art     : Explicit concurrent mark sweep GC freed 2339(152KB) AllocSpace objects, 0(0B) LOS objects, 36% free, 28MB/44MB, paused 1.327ms total 32.654ms
08-05 19:52:54.140 30457 30485 I art     : Starting a blocking GC Explicit
08-05 19:52:54.163   380   380 W SurfaceFlinger: couldn't log to binary event log: overflow.
08-05 19:52:54.173 30457 30485 I art     : Explicit concurrent mark sweep GC freed 2684(134KB) AllocSpace objects, 0(0B) LOS objects, 36% free, 28MB/44MB, paused 1.255ms total 33.062ms
08-05 19:52:54.173 30457 30468 I art     : WaitForGcToComplete blocked for 31.040ms for cause HeapTrim
08-05 19:52:54.286 30457 30457 D PlaybackController: Releasing PlaybackController
08-05 19:52:54.318 27644 27644 I ServiceManager: Waiting for service AtCmdFwd...
08-05 19:52:54.473 30457 31586 I art     : Starting a blocking GC Explicit
08-05 19:52:54.514 30457 31586 I art     : Explicit concurrent mark sweep GC freed 19371(1045KB) AllocSpace objects, 1(20KB) LOS objects, 35% free, 28MB/44MB, paused 1.413ms total 40.221ms
08-05 19:52:54.526 30457 31586 I art     : Starting a blocking GC Explicit
08-05 19:52:54.561 30457 31586 I art     : Explicit concurrent mark sweep GC freed 5554(266KB) AllocSpace objects, 0(0B) LOS objects, 35% free, 28MB/44MB, paused 1.333ms total 34.301ms
08-05 19:52:54.572 30457 31586 I art     : Starting a blocking GC Explicit
08-05 19:52:54.606 30457 31586 I art     : Explicit concurrent mark sweep GC freed 4773(230KB) AllocSpace objects, 0(0B) LOS objects, 35% free, 28MB/44MB, paused 1.268ms total 33.034ms
08-05 19:52:54.617 30457 31586 I art     : Starting a blocking GC Explicit
08-05 19:52:54.651 30457 31586 I art     : Explicit concurrent mark sweep GC freed 2635(134KB) AllocSpace objects, 0(0B) LOS objects, 35% free, 28MB/44MB, paused 1.510ms total 33.816ms
08-05 19:52:54.663 30457 31586 I art     : Starting a blocking GC Explicit
08-05 19:52:54.696 30457 31586 I art     : Explicit concurrent mark sweep GC freed 2802(144KB) AllocSpace objects, 0(0B) LOS objects, 35% free, 28MB/44MB, paused 1.318ms total 33.686ms
08-05 19:52:54.915   918  1209 D NetworkMonitor/NetworkAgentInfo [WIFI () - 159]: Checking http://connectivitycheck.gstatic.com/generate_204 on "H369AA63323", 192.168.2.12=192.168.2.12
08-05 19:52:54.995 30457 30471 I art     : Starting a blocking GC Explicit
08-05 19:52:55.006   918  1209 D NetworkMonitor/NetworkAgentInfo [WIFI () - 159]: Probably not a portal: exception java.io.IOException: unexpected end of stream on Connection{connectivitycheck.gstatic.com:80, proxy=HTTP@/192.168.2.12:8080 hostAddress=192.168.2.12 cipherSuite=none protocol=http/1.1} (recycle count=0)
08-05 19:52:55.007   918  3263 D ConnectivityService: NetworkAgentInfo [WIFI () - 159] validation failed
08-05 19:52:55.008   918  3261 E WifiConfigStore:  rewrite network history for "H369AA63323"WPA_PSK
08-05 19:52:55.038 30457 30471 I art     : Explicit concurrent mark sweep GC freed 19614(1036KB) AllocSpace objects, 1(20KB) LOS objects, 35% free, 29MB/45MB, paused 1.361ms total 41.962ms
08-05 19:52:55.051 30457 30471 I art     : Starting a blocking GC Explicit
08-05 19:52:55.088 30457 30471 I art     : Explicit concurrent mark sweep GC freed 4860(236KB) AllocSpace objects, 0(0B) LOS objects, 35% free, 29MB/45MB, paused 1.582ms total 37.175ms
08-05 19:52:55.101 30457 30471 I art     : Starting a blocking GC Explicit
08-05 19:52:55.135 30457 30471 I art     : Explicit concurrent mark sweep GC freed 6027(291KB) AllocSpace objects, 0(0B) LOS objects, 35% free, 29MB/45MB, paused 1.308ms total 34.684ms
08-05 19:52:55.148 30457 30471 I art     : Starting a blocking GC Explicit
08-05 19:52:55.185 30457 30471 I art     : Explicit concurrent mark sweep GC freed 2960(155KB) AllocSpace objects, 0(0B) LOS objects, 35% free, 29MB/45MB, paused 1.332ms total 37.136ms
08-05 19:52:55.197 30457 30471 I art     : Starting a blocking GC Explicit
08-05 19:52:55.234 30457 30471 I art     : Explicit concurrent mark sweep GC freed 2876(145KB) AllocSpace objects, 0(0B) LOS objects, 35% free, 29MB/45MB, paused 1.437ms total 36.951ms
08-05 19:52:55.318 27644 27644 W Atfwd_Sendcmd: AtCmdFwd service not published, waiting... retryCnt : 3
08-05 19:52:55.570 30457 30471 I art     : Starting a blocking GC Explicit
08-05 19:52:55.649 30457 30471 I art     : Explicit concurrent mark sweep GC freed 23345(1270KB) AllocSpace objects, 1(20KB) LOS objects, 34% free, 29MB/45MB, paused 2.076ms total 79.086ms
08-05 19:52:55.665 30457 30471 I art     : Starting a blocking GC Explicit
08-05 19:52:55.705 30457 30471 I art     : Explicit concurrent mark sweep GC freed 7197(344KB) AllocSpace objects, 0(0B) LOS objects, 34% free, 29MB/45MB, paused 1.334ms total 39.730ms
08-05 19:52:55.718 30457 30471 I art     : Starting a blocking GC Explicit
08-05 19:52:55.755 30457 30471 I art     : Explicit concurrent mark sweep GC freed 5935(290KB) AllocSpace objects, 0(0B) LOS objects, 35% free, 29MB/45MB, paused 1.384ms total 37.007ms
08-05 19:52:55.768 30457 30471 I art     : Starting a blocking GC Explicit
08-05 19:52:55.805 30457 30471 I art     : Explicit concurrent mark sweep GC freed 3022(159KB) AllocSpace objects, 0(0B) LOS objects, 35% free, 29MB/45MB, paused 1.370ms total 37.285ms
08-05 19:52:55.818 30457 30471 I art     : Starting a blocking GC Explicit
08-05 19:52:55.857 30457 30471 I art     : Explicit concurrent mark sweep GC freed 3130(170KB) AllocSpace objects, 0(0B) LOS objects, 34% free, 29MB/45MB, paused 1.418ms total 38.366ms
08-05 19:52:56.187 30457 31586 I art     : Starting a blocking GC Explicit
08-05 19:52:56.237 30457 31586 I art     : Explicit concurrent mark sweep GC freed 21470(1201KB) AllocSpace objects, 1(20KB) LOS objects, 34% free, 30MB/46MB, paused 1.455ms total 49.495ms
08-05 19:52:56.251 30457 31586 I art     : Starting a blocking GC Explicit
08-05 19:52:56.293 30457 31586 I art     : Explicit concurrent mark sweep GC freed 6000(283KB) AllocSpace objects, 0(0B) LOS objects, 34% free, 30MB/46MB, paused 1.558ms total 41.588ms
08-05 19:52:56.306 30457 31586 I art     : Starting a blocking GC Explicit
08-05 19:52:56.346 30457 31586 I art     : Explicit concurrent mark sweep GC freed 6585(319KB) AllocSpace objects, 0(0B) LOS objects, 34% free, 30MB/46MB, paused 1.439ms total 39.166ms
08-05 19:52:56.359 30457 31586 I art     : Starting a blocking GC Explicit
08-05 19:52:56.400 30457 31586 I art     : Explicit concurrent mark sweep GC freed 3160(165KB) AllocSpace objects, 0(0B) LOS objects, 34% free, 30MB/46MB, paused 1.347ms total 40.959ms
08-05 19:52:56.413 30457 31586 I art     : Starting a blocking GC Explicit
08-05 19:52:56.454 30457 31586 I art     : Explicit concurrent mark sweep GC freed 3241(165KB) AllocSpace objects, 0(0B) LOS objects, 34% free, 30MB/46MB, paused 1.309ms total 40.500ms
08-05 19:52:56.627 13866 13882 I PeriodicStatsRunner: PeriodicStatsRunner.call():175 call()
08-05 19:52:56.627 13866 13882 I PeriodicStatsRunner: PeriodicStatsRunner.call():179 No submit PeriodicStats since input started.
08-05 19:52:56.785 30457 30485 I art     : Starting a blocking GC Explicit
08-05 19:52:56.837 30457 30485 I art     : Explicit concurrent mark sweep GC freed 21739(1146KB) AllocSpace objects, 1(20KB) LOS objects, 34% free, 31MB/47MB, paused 1.609ms total 51.900ms
08-05 19:52:56.852 30457 30485 I art     : Starting a blocking GC Explicit
08-05 19:52:56.895 30457 30485 I art     : Explicit concurrent mark sweep GC freed 6474(281KB) AllocSpace objects, 0(0B) LOS objects, 34% free, 30MB/46MB, paused 1.612ms total 42.223ms
08-05 19:52:56.909 30457 30485 I art     : Starting a blocking GC Explicit
08-05 19:52:56.950 30457 30485 I art     : Explicit concurrent mark sweep GC freed 6428(281KB) AllocSpace objects, 0(0B) LOS objects, 34% free, 30MB/46MB, paused 1.440ms total 41.230ms
08-05 19:52:56.963 30457 30485 I art     : Starting a blocking GC Explicit
08-05 19:52:57.007 30457 30485 I art     : Explicit concurrent mark sweep GC freed 3348(151KB) AllocSpace objects, 0(0B) LOS objects, 34% free, 30MB/46MB, paused 1.359ms total 43.136ms
08-05 19:52:57.020 30457 30485 I art     : Starting a blocking GC Explicit
08-05 19:52:57.064 30457 30485 I art     : Explicit concurrent mark sweep GC freed 3350(143KB) AllocSpace objects, 0(0B) LOS objects, 34% free, 30MB/46MB, paused 1.538ms total 43.594ms
08-05 19:52:57.262 30457 31641 D OnlineFeedViewActivity: Deleted feed source file. Result: true
08-05 19:52:57.269 30457 30457 D OnlineFeedViewActivity: Removing HTML from shownotes
08-05 19:52:57.394 30457 30485 I art     : Starting a blocking GC Explicit
08-05 19:52:57.449 30457 30485 I art     : Explicit concurrent mark sweep GC freed 66002(5MB) AllocSpace objects, 276(18MB) LOS objects, 32% free, 33MB/49MB, paused 1.407ms total 54.921ms
08-05 19:52:57.465 30457 30485 I art     : Starting a blocking GC Explicit
08-05 19:52:57.518 30457 30485 I art     : Explicit concurrent mark sweep GC freed 46606(3MB) AllocSpace objects, 204(13MB) LOS objects, 32% free, 32MB/48MB, paused 1.461ms total 53.165ms
08-05 19:52:57.533 30457 30485 I art     : Starting a blocking GC Explicit
08-05 19:52:57.587 30457 30485 I art     : Explicit concurrent mark sweep GC freed 44960(3MB) AllocSpace objects, 204(13MB) LOS objects, 32% free, 32MB/48MB, paused 1.456ms total 53.598ms
08-05 19:52:57.602 30457 30485 I art     : Starting a blocking GC Explicit
08-05 19:52:57.657 30457 30485 I art     : Explicit concurrent mark sweep GC freed 45299(3MB) AllocSpace objects, 197(13MB) LOS objects, 32% free, 32MB/48MB, paused 1.504ms total 54.375ms
08-05 19:52:57.672 30457 30485 I art     : Starting a blocking GC Explicit
08-05 19:52:57.729 30457 30485 I art     : Explicit concurrent mark sweep GC freed 43908(3MB) AllocSpace objects, 204(13MB) LOS objects, 32% free, 32MB/48MB, paused 1.301ms total 57.086ms
08-05 19:52:57.828 30457 31358 D ApOkHttpUrlLoader: buildLoadData() called with: model = [http://static.libsyn.com/p/assets/7/1/f/3/71f3014e14ef2722/JREiTunesImage2.jpg], width = [350], height = [350]
08-05 19:52:57.829 30457 30457 I Choreographer: Skipped 32 frames!  The application may be doing too much work on its main thread.
08-05 19:52:57.830 30457 31194 D DBReader: getImageAuthentication() called with: imageUrl = [http://static.libsyn.com/p/assets/7/1/f/3/71f3014e14ef2722/JREiTunesImage2.jpg]
08-05 19:52:57.831 30457 31194 D ApOkHttpUrlLoader: no credentials for 'http://static.libsyn.com/p/assets/7/1/f/3/71f3014e14ef2722/JREiTunesImage2.jpg'
08-05 19:52:57.979 30457 31194 D MYTAG   : interceptor 2a
08-05 19:52:57.979 30457 31194 I NAPPA_EXPERIMENTATION: MetricNetworkRequestExecutionTime: REQUEST_DURATION_SYSTEM='147',REQUEST_DURATION_OKHTTP='41',REQUEST_SYNCHRONOUS='TRUE',RESPONSE_CODE='200',RESPONSE_METHOD='GET',RESPONSE_LENGTH_OKHTTP='402832',RESPONSE_LENGTH_HEADER='402832',REQUEST_PROTOCOL='http/1.1',REQUEST_URL='http://static.libsyn.com/p/assets/7/1/f/3/71f3014e14ef2722/JREiTunesImage2.jpg',
08-05 19:52:58.025 30457 30485 I art     : Starting a blocking GC Explicit
08-05 19:52:58.075 30457 30485 I art     : Explicit concurrent mark sweep GC freed 23043(2MB) AllocSpace objects, 137(9MB) LOS objects, 33% free, 31MB/47MB, paused 1.191ms total 49.879ms
08-05 19:52:58.090 30457 30485 I art     : Starting a blocking GC Explicit
08-05 19:52:58.134 30457 30485 I art     : Explicit concurrent mark sweep GC freed 637(30KB) AllocSpace objects, 1(112KB) LOS objects, 33% free, 31MB/47MB, paused 1.043ms total 43.472ms
08-05 19:52:58.149 30457 30485 I art     : Starting a blocking GC Explicit
08-05 19:52:58.192 30457 30485 I art     : Explicit concurrent mark sweep GC freed 71(13KB) AllocSpace objects, 0(0B) LOS objects, 33% free, 31MB/47MB, paused 1.036ms total 43.192ms
08-05 19:52:58.207 30457 30485 I art     : Starting a blocking GC Explicit
08-05 19:52:58.250 30457 30485 I art     : Explicit concurrent mark sweep GC freed 74(2992B) AllocSpace objects, 0(0B) LOS objects, 33% free, 31MB/47MB, paused 1.059ms total 43.210ms
08-05 19:52:58.265 30457 30485 I art     : Starting a blocking GC Explicit
08-05 19:52:58.291 31704 31704 D AndroidRuntime: >>>>>> START com.android.internal.os.RuntimeInit uid 2000 <<<<<<
08-05 19:52:58.297 31704 31704 D AndroidRuntime: CheckJNI is OFF
08-05 19:52:58.312 30457 30485 I art     : Explicit concurrent mark sweep GC freed 5(176B) AllocSpace objects, 0(0B) LOS objects, 33% free, 31MB/47MB, paused 1.060ms total 47.232ms
08-05 19:52:58.343 31704 31704 D ICU     : No timezone override file found: /data/misc/zoneinfo/current/icu/icu_tzdata.dat
08-05 19:52:58.387 31704 31704 I Radio-JNI: register_android_hardware_Radio DONE
08-05 19:52:58.417 31704 31704 D AndroidRuntime: Calling main entry com.android.commands.input.Input
08-05 19:52:58.420 31704 31704 I Input   : injectMotionEvent: MotionEvent { action=ACTION_DOWN, actionButton=0, id[0]=0, x[0]=693.0, y[0]=821.0, toolType[0]=TOOL_TYPE_UNKNOWN, buttonState=0, metaState=0, flags=0x0, edgeFlags=0x0, pointerCount=1, historySize=0, eventTime=820394832, downTime=820394832, deviceId=0, source=0x1002 }
08-05 19:52:58.428 31704 31704 I Input   : injectMotionEvent: MotionEvent { action=ACTION_UP, actionButton=0, id[0]=0, x[0]=693.0, y[0]=821.0, toolType[0]=TOOL_TYPE_UNKNOWN, buttonState=0, metaState=0, flags=0x0, edgeFlags=0x0, pointerCount=1, historySize=0, eventTime=820394832, downTime=820394832, deviceId=0, source=0x1002 }
08-05 19:52:58.431 31704 31704 D AndroidRuntime: Shutting down VM
08-05 19:52:58.438 30457 30457 D UserPreferences: Using default data folder
08-05 19:52:58.441   512  2967 D audio_hw_primary: out_set_parameters: enter: usecase(1: low-latency-playback) kvpairs: routing=2
08-05 19:52:58.441 30457 30457 D DownloadRequester: partiallyDownloadedFileExists: false
08-05 19:52:58.441 30457 30457 D DownloadRequester: /storage/emulated/0/Android/data/baseline.de.danoeh.antennapod.debug/files/cache/feed-The Joe Rogan Experience is available as a download destination
08-05 19:52:58.442 30457 30457 D DownloadRequester: Requesting download of url http://joeroganexp.joerogan.libsynpro.com/rss
08-05 19:52:58.451   918   931 I ProcessStatsService: Prepared write state in 5ms
08-05 19:52:58.452 30457 30457 D DownloadService: Service started
08-05 19:52:58.453   512  2967 D audio_hw_primary: select_devices: out_snd_device(2: speaker) in_snd_device(0: none)
08-05 19:52:58.454   512  2967 D msm8974_platform: platform_send_audio_calibration: sending audio calibration for snd_device(2) acdb_id(15)
08-05 19:52:58.454   512  2967 I soundtrigger: audio_extn_sound_trigger_update_device_status: device 0x2 of type 0 for Event 1
08-05 19:52:58.455 30457 30457 D DownloadService: parallel downloads: 4
08-05 19:52:58.456 30457 31737 D downloadCompletionThd: downloadCompletionThread was started
08-05 19:52:58.458 30457 30457 D DownloadService: Notification set up
08-05 19:52:58.464 30457 30457 D DownloadService: Received enqueue request
08-05 19:52:58.465 30457 30457 D OnlineFeedViewActivity: onEventMainThread() called with: event = [DownloadEvent{update=DownloaderUpdate{downloaders=[baseline.de.danoeh.antennapod.core.service.download.HttpDownloader@5c087e3], feedIds=[0], mediaIds=[]}}]
08-05 19:52:58.465 30457 30457 D DownloadService: 1 downloads left
08-05 19:52:58.465 30457 30457 D DownloadService: Setting up notification updater
08-05 19:52:58.466   918  3696 D WifiService: acquireWifiLockLocked: WifiLock{Downloader type=1 binder=android.os.BinderProxy@c67411e}
08-05 19:52:58.467 30457 31739 D AntennapodHttpClient: Creating new instance of HTTP client
08-05 19:52:58.471   512  2967 D audio_hw_primary: enable_snd_device: snd_device(2: speaker)
08-05 19:52:58.474   512  2967 D audio_hw_primary: enable_audio_route: apply and update mixer path: low-latency-playback speaker
08-05 19:52:58.569 13866 13882 I PeriodicStatsRunner: PeriodicStatsRunner.call():175 call()
08-05 19:52:58.569 13866 13882 I PeriodicStatsRunner: PeriodicStatsRunner.call():179 No submit PeriodicStats since input started.
08-05 19:52:58.592 30457 31739 D MYTAG   : interceptor 3a http://joeroganexp.joerogan.libsynpro.com/rss
08-05 19:52:58.593 30457 31739 I NAPPA_EXPERIMENTATION: MetricNetworkRequestExecutionTime: REQUEST_DURATION_SYSTEM='124',REQUEST_DURATION_OKHTTP='41',REQUEST_SYNCHRONOUS='TRUE',RESPONSE_CODE='200',RESPONSE_METHOD='GET',RESPONSE_LENGTH_OKHTTP='-1',RESPONSE_LENGTH_HEADER='307892',REQUEST_PROTOCOL='http/1.1',REQUEST_URL='http://joeroganexp.joerogan.libsynpro.com/rss',
08-05 19:52:58.593 30457 31739 D HttpDownloader: Response code is 200
08-05 19:52:58.593 30457 31739 D UserPreferences: Using default data folder
08-05 19:52:58.594 30457 31739 D HttpDownloader: Getting size of download
08-05 19:52:58.594 30457 31739 D HttpDownloader: Size is -1
08-05 19:52:58.594 30457 31739 D UserPreferences: Using default data folder
08-05 19:52:58.595 30457 31739 D HttpDownloader: Free space is 20176031744
08-05 19:52:58.595 30457 31739 D HttpDownloader: Starting download
08-05 19:52:58.609 30457 30485 I art     : Starting a blocking GC Explicit
08-05 19:52:58.652 30457 30485 I art     : Explicit concurrent mark sweep GC freed 2684(157KB) AllocSpace objects, 1(20KB) LOS objects, 33% free, 31MB/47MB, paused 1.163ms total 42.128ms
08-05 19:52:58.665 30457 30485 I art     : Starting a blocking GC Explicit
08-05 19:52:58.706 30457 30485 I art     : Explicit concurrent mark sweep GC freed 34(1296B) AllocSpace objects, 0(0B) LOS objects, 33% free, 31MB/47MB, paused 1.203ms total 40.367ms
08-05 19:52:58.711 30457 31739 D HttpDownloader: Download was successful
08-05 19:52:58.712   918  3696 D WifiService: releaseWifiLockLocked: WifiLock{Downloader type=1 binder=android.os.BinderProxy@c67411e}
08-05 19:52:58.712 30457 31737 D downloadCompletionThd: Received 'Download Complete' - message.
08-05 19:52:58.713 30457 31737 D DownloadService: Handling completed Feed Download
08-05 19:52:58.713 30457 30457 D DownloadService: Removing downloader: http://joeroganexp.joerogan.libsynpro.com/rss
08-05 19:52:58.713 30457 30457 D DownloadService: Result of downloads.remove: true
08-05 19:52:58.719 30457 31750 D TypeGetter: Recognized type RSS 2.0
08-05 19:52:58.720 30457 30485 I art     : Starting a blocking GC Explicit
08-05 19:52:58.721 30457 31750 D SyndHandler: Recognized Atom namespace
08-05 19:52:58.721 30457 31750 D SyndHandler: Recognized ITunes namespace
08-05 19:52:58.722 30457 31750 D SyndHandler: Recognized media namespace
08-05 19:52:58.725 30457 31750 D SyndHandler: Recognized Content namespace
08-05 19:52:58.763 30457 30485 I art     : Explicit concurrent mark sweep GC freed 1957(227KB) AllocSpace objects, 3(60KB) LOS objects, 33% free, 31MB/47MB, paused 1.514ms total 42.737ms
08-05 19:52:58.776 30457 30485 I art     : Starting a blocking GC Explicit
08-05 19:52:58.820 30457 30485 I art     : Explicit concurrent mark sweep GC freed 3057(178KB) AllocSpace objects, 0(0B) LOS objects, 33% free, 31MB/47MB, paused 1.411ms total 43.351ms
08-05 19:52:58.822 13866 13882 I PeriodicStatsRunner: PeriodicStatsRunner.call():175 call()
08-05 19:52:58.822 13866 13882 I PeriodicStatsRunner: PeriodicStatsRunner.call():179 No submit PeriodicStats since input started.
08-05 19:52:58.834 30457 30485 I art     : Starting a blocking GC Explicit
08-05 19:52:58.878 30457 30485 I art     : Explicit concurrent mark sweep GC freed 3367(171KB) AllocSpace objects, 0(0B) LOS objects, 33% free, 31MB/47MB, paused 1.568ms total 43.689ms
08-05 19:52:58.903 13866 13882 I PeriodicStatsRunner: PeriodicStatsRunner.call():175 call()
08-05 19:52:58.903 13866 13882 I PeriodicStatsRunner: PeriodicStatsRunner.call():179 No submit PeriodicStats since input started.
08-05 19:52:59.019   512  2967 D audio_hw_primary: disable_audio_route: reset and update mixer path: low-latency-playback speaker
08-05 19:52:59.021   512  2967 D audio_hw_primary: disable_snd_device: snd_device(2: speaker)
08-05 19:52:59.030   512  2967 I soundtrigger: audio_extn_sound_trigger_update_device_status: device 0x2 of type 0 for Event 0
08-05 19:52:59.179 30457 31586 I art     : Starting a blocking GC Explicit
08-05 19:52:59.234 30457 31586 I art     : Explicit concurrent mark sweep GC freed 19959(1071KB) AllocSpace objects, 1(20KB) LOS objects, 32% free, 32MB/48MB, paused 1.613ms total 54.575ms
08-05 19:52:59.249 30457 31586 I art     : Starting a blocking GC Explicit
08-05 19:52:59.294 30457 31586 I art     : Explicit concurrent mark sweep GC freed 8439(396KB) AllocSpace objects, 0(0B) LOS objects, 33% free, 32MB/48MB, paused 1.546ms total 45.151ms
08-05 19:52:59.309 30457 31586 I art     : Starting a blocking GC Explicit
08-05 19:52:59.356 30457 31586 I art     : Explicit concurrent mark sweep GC freed 3623(194KB) AllocSpace objects, 0(0B) LOS objects, 33% free, 32MB/48MB, paused 1.503ms total 46.760ms
08-05 19:52:59.370 30457 31586 I art     : Starting a blocking GC Explicit
08-05 19:52:59.418 30457 31586 I art     : Explicit concurrent mark sweep GC freed 3605(187KB) AllocSpace objects, 0(0B) LOS objects, 33% free, 32MB/48MB, paused 1.551ms total 47.699ms
08-05 19:52:59.433 30457 31586 I art     : Starting a blocking GC Explicit
08-05 19:52:59.481 30457 31586 I art     : Explicit concurrent mark sweep GC freed 3738(188KB) AllocSpace objects, 0(0B) LOS objects, 33% free, 32MB/48MB, paused 1.463ms total 48.276ms
08-05 19:52:59.810 30457 31586 I art     : Starting a blocking GC Explicit
08-05 19:52:59.870 30457 31586 I art     : Explicit concurrent mark sweep GC freed 21579(1141KB) AllocSpace objects, 1(20KB) LOS objects, 32% free, 33MB/49MB, paused 1.642ms total 59.416ms
08-05 19:52:59.886 30457 31586 I art     : Starting a blocking GC Explicit
08-05 19:52:59.936 30457 31586 I art     : Explicit concurrent mark sweep GC freed 9312(440KB) AllocSpace objects, 0(0B) LOS objects, 32% free, 32MB/48MB, paused 1.634ms total 50.208ms
08-05 19:52:59.951 30457 31586 I art     : Starting a blocking GC Explicit
08-05 19:52:59.965 30457 30457 D OnlineFeedViewActivity: onEventMainThread() called with: event = [DownloadEvent{update=DownloaderUpdate{downloaders=[], feedIds=[], mediaIds=[]}}]
08-05 19:53:00.003 30457 31586 I art     : Explicit concurrent mark sweep GC freed 3951(213KB) AllocSpace objects, 0(0B) LOS objects, 32% free, 32MB/48MB, paused 1.538ms total 51.407ms
08-05 19:53:00.019 30457 31586 I art     : Starting a blocking GC Explicit
08-05 19:53:00.067 30457 31586 I art     : Explicit concurrent mark sweep GC freed 3878(199KB) AllocSpace objects, 0(0B) LOS objects, 32% free, 33MB/49MB, paused 1.575ms total 47.849ms
08-05 19:53:00.082 30457 31586 I art     : Starting a blocking GC Explicit
08-05 19:53:00.135 30457 31586 I art     : Explicit concurrent mark sweep GC freed 3787(209KB) AllocSpace objects, 0(0B) LOS objects, 32% free, 33MB/49MB, paused 1.618ms total 52.369ms
08-05 19:53:00.465 30457 30485 I art     : Starting a blocking GC Explicit
08-05 19:53:00.566 30457 30485 I art     : Explicit concurrent mark sweep GC freed 23460(1270KB) AllocSpace objects, 1(20KB) LOS objects, 32% free, 33MB/49MB, paused 1.636ms total 101.088ms
08-05 19:53:00.583 30457 30485 I art     : Starting a blocking GC Explicit
08-05 19:53:00.634 30457 30485 I art     : Explicit concurrent mark sweep GC freed 10410(506KB) AllocSpace objects, 0(0B) LOS objects, 32% free, 33MB/49MB, paused 1.698ms total 50.865ms
08-05 19:53:00.650 30457 30485 I art     : Starting a blocking GC Explicit
08-05 19:53:00.704 30457 30485 I art     : Explicit concurrent mark sweep GC freed 4045(213KB) AllocSpace objects, 0(0B) LOS objects, 32% free, 33MB/49MB, paused 1.602ms total 53.186ms
08-05 19:53:00.720 30457 30485 I art     : Starting a blocking GC Explicit
08-05 19:53:00.776 30457 30485 I art     : Explicit concurrent mark sweep GC freed 4097(223KB) AllocSpace objects, 0(0B) LOS objects, 32% free, 33MB/49MB, paused 1.750ms total 55.819ms
08-05 19:53:00.792 30457 30485 I art     : Starting a blocking GC Explicit
08-05 19:53:00.851 30457 30485 I art     : Explicit concurrent mark sweep GC freed 4237(234KB) AllocSpace objects, 0(0B) LOS objects, 32% free, 33MB/49MB, paused 1.779ms total 58.017ms
08-05 19:53:01.189 30457 30470 I art     : Starting a blocking GC Explicit
08-05 19:53:01.260 30457 30470 I art     : Explicit concurrent mark sweep GC freed 22326(1194KB) AllocSpace objects, 1(20KB) LOS objects, 31% free, 34MB/50MB, paused 1.690ms total 70.305ms
08-05 19:53:01.278 30457 30470 I art     : Starting a blocking GC Explicit
08-05 19:53:01.332 30457 30470 I art     : Explicit concurrent mark sweep GC freed 9523(461KB) AllocSpace objects, 0(0B) LOS objects, 31% free, 34MB/50MB, paused 1.671ms total 54.604ms
08-05 19:53:01.350 30457 30470 I art     : Starting a blocking GC Explicit
08-05 19:53:01.407 30457 30470 I art     : Explicit concurrent mark sweep GC freed 4802(274KB) AllocSpace objects, 0(0B) LOS objects, 31% free, 34MB/50MB, paused 1.800ms total 57.380ms
08-05 19:53:01.424 30457 30470 I art     : Starting a blocking GC Explicit
08-05 19:53:01.467 30457 30457 D OnlineFeedViewActivity: onEventMainThread() called with: event = [DownloadEvent{update=DownloaderUpdate{downloaders=[], feedIds=[], mediaIds=[]}}]
08-05 19:53:01.483 30457 30470 I art     : Explicit concurrent mark sweep GC freed 4457(253KB) AllocSpace objects, 0(0B) LOS objects, 31% free, 34MB/50MB, paused 1.657ms total 58.495ms
08-05 19:53:01.502 30457 30470 I art     : Starting a blocking GC Explicit
08-05 19:53:01.560 30457 30470 I art     : Explicit concurrent mark sweep GC freed 4479(190KB) AllocSpace objects, 0(0B) LOS objects, 31% free, 34MB/50MB, paused 1.844ms total 57.103ms
08-05 19:53:01.904 30457 31586 I art     : Starting a blocking GC Explicit
08-05 19:53:01.975 30457 31586 I art     : Explicit concurrent mark sweep GC freed 23164(1036KB) AllocSpace objects, 1(20KB) LOS objects, 31% free, 35MB/51MB, paused 1.936ms total 70.275ms
08-05 19:53:01.994 30457 31586 I art     : Starting a blocking GC Explicit
08-05 19:53:02.026 30457 31750 D FeedSyncThread: The Joe Rogan Experience parsed
08-05 19:53:02.032 30457 31750 D FeedSyncThread: Deletion of file '/storage/emulated/0/Android/data/baseline.de.danoeh.antennapod.debug/files/cache/feed-The Joe Rogan Experience' successful
08-05 19:53:02.032 30457 31750 D DBReader: getFeedDownloadLog() called with: feed = [baseline.de.danoeh.antennapod.core.feed.Feed@0]
08-05 19:53:02.034 30457 31738 D FeedSyncThread: Bundling 1 feeds
08-05 19:53:02.035 30457 31801 D DBReader: Extracting Feedlist
08-05 19:53:02.036 30457 31801 D DBTasks : Found no existing Feed with title The Joe Rogan Experience. Adding as new one.
08-05 19:53:02.042 30457 31476 D PodDBAdapter: Setting feed with flattr status The Joe Rogan Experience: 0
08-05 19:53:02.042 30457 31476 D baseline.de.danoeh.antennapod.core.storage.PodDBAdapter@150f982: Inserting new Feed into db
08-05 19:53:02.053 30457 31586 I art     : Explicit concurrent mark sweep GC freed 9575(367KB) AllocSpace objects, 0(0B) LOS objects, 31% free, 35MB/51MB, paused 1.769ms total 58.532ms
08-05 19:53:02.070 30457 31586 I art     : Starting a blocking GC Explicit
08-05 19:53:02.127 30457 31586 I art     : Explicit concurrent mark sweep GC freed 23422(1634KB) AllocSpace objects, 0(0B) LOS objects, 31% free, 34MB/50MB, paused 1.406ms total 57.320ms
08-05 19:53:02.145 30457 31586 I art     : Starting a blocking GC Explicit
08-05 19:53:02.205 30457 31586 I art     : Explicit concurrent mark sweep GC freed 22288(1663KB) AllocSpace objects, 0(0B) LOS objects, 31% free, 34MB/50MB, paused 1.526ms total 60.227ms
08-05 19:53:02.223 30457 31586 I art     : Starting a blocking GC Explicit
08-05 19:53:02.283 30457 31586 I art     : Explicit concurrent mark sweep GC freed 20659(1546KB) AllocSpace objects, 0(0B) LOS objects, 31% free, 34MB/50MB, paused 1.517ms total 59.106ms
08-05 19:53:02.550 30457 30457 D EventDistributor: Processing event queue. Number of events: 1
08-05 19:53:02.551 30457 30457 D EventDistributor: Notifying observers. Data: 1
08-05 19:53:02.551 30457 30457 D DownloadService: 0 downloads left
08-05 19:53:02.551 30457 30986 D DBReader: Extracting Feedlist
08-05 19:53:02.551 30457 30457 D DownloadService: Number of downloads is 0, attempting shutdown
08-05 19:53:02.553 30457 30457 D DownloadService: Service shutting down
08-05 19:53:02.553 30457 30457 D DownloadService: No report is created
08-05 19:53:02.553 30457 30457 D OnlineFeedViewActivity: onEventMainThread() called with: event = [DownloadEvent{update=DownloaderUpdate{downloaders=[], feedIds=[], mediaIds=[]}}]
08-05 19:53:02.555 30457 30457 D DownloadService: NotificationUpdater cancelled. Result: false
08-05 19:53:02.555 30457 31737 E downloadCompletionThd: DownloadCompletionThread was interrupted
08-05 19:53:02.556 30457 30457 D DBTasks : autodownloadUndownloadedItems
08-05 19:53:02.557 30457 31477 D NetworkUtils: Device is connected to Wi-Fi
08-05 19:53:02.558 30457 31477 D NetworkUtils: Auto-dl filter is disabled
08-05 19:53:02.601 30457 31586 I art     : Starting a blocking GC Explicit
08-05 19:53:02.660 30457 31586 I art     : Explicit concurrent mark sweep GC freed 89892(7MB) AllocSpace objects, 2(40KB) LOS objects, 33% free, 31MB/47MB, paused 1.244ms total 58.759ms
08-05 19:53:02.675 30457 31586 I art     : Starting a blocking GC Explicit
08-05 19:53:02.716 30457 31586 I art     : Explicit concurrent mark sweep GC freed 99(4KB) AllocSpace objects, 0(0B) LOS objects, 33% free, 31MB/47MB, paused 1.114ms total 40.518ms
08-05 19:53:02.730 30457 31586 I art     : Starting a blocking GC Explicit
08-05 19:53:02.774 30457 31586 I art     : Explicit concurrent mark sweep GC freed 3(96B) AllocSpace objects, 0(0B) LOS objects, 33% free, 31MB/47MB, paused 1.128ms total 44.200ms
08-05 19:53:02.789 30457 31586 I art     : Starting a blocking GC Explicit
08-05 19:53:02.837 30457 31586 I art     : Explicit concurrent mark sweep GC freed 3(96B) AllocSpace objects, 0(0B) LOS objects, 33% free, 31MB/47MB, paused 1.174ms total 47.275ms
08-05 19:53:02.851 30457 31586 I art     : Starting a blocking GC Explicit
08-05 19:53:02.899 30457 31586 I art     : Explicit concurrent mark sweep GC freed 32(880B) AllocSpace objects, 0(0B) LOS objects, 33% free, 31MB/47MB, paused 1.247ms total 47.586ms
08-05 19:53:03.015   918  1209 D NetworkMonitor/NetworkAgentInfo [WIFI () - 159]: Checking http://connectivitycheck.gstatic.com/generate_204 on "H369AA63323", 192.168.2.12=192.168.2.12
08-05 19:53:03.088   918  1209 D NetworkMonitor/NetworkAgentInfo [WIFI () - 159]: Probably not a portal: exception java.io.IOException: unexpected end of stream on Connection{connectivitycheck.gstatic.com:80, proxy=HTTP@/192.168.2.12:8080 hostAddress=192.168.2.12 cipherSuite=none protocol=http/1.1} (recycle count=0)
08-05 19:53:03.095   918  3263 D ConnectivityService: NetworkAgentInfo [WIFI () - 159] validation failed
08-05 19:53:03.096   918  3261 E WifiConfigStore:  rewrite network history for "H369AA63323"WPA_PSK
08-05 19:53:03.191 31812 31812 D AndroidRuntime: >>>>>> START com.android.internal.os.RuntimeInit uid 2000 <<<<<<
08-05 19:53:03.198 31812 31812 D AndroidRuntime: CheckJNI is OFF
08-05 19:53:03.236 30457 30471 I art     : Starting a blocking GC Explicit
08-05 19:53:03.242 31812 31812 D ICU     : No timezone override file found: /data/misc/zoneinfo/current/icu/icu_tzdata.dat
08-05 19:53:03.284 30457 30471 I art     : Explicit concurrent mark sweep GC freed 1386(82KB) AllocSpace objects, 1(20KB) LOS objects, 33% free, 31MB/47MB, paused 1.262ms total 48.364ms
08-05 19:53:03.290 31812 31812 I Radio-JNI: register_android_hardware_Radio DONE
08-05 19:53:03.300 30457 30471 I art     : Starting a blocking GC Explicit
08-05 19:53:03.320 31812 31812 D AndroidRuntime: Calling main entry com.android.commands.input.Input
08-05 19:53:03.322 31812 31812 I Input   : injectKeyEvent: KeyEvent { action=ACTION_DOWN, keyCode=KEYCODE_BACK, scanCode=0, metaState=0, flags=0x0, repeatCount=0, eventTime=820399735, downTime=820399735, deviceId=-1, source=0x101 }
08-05 19:53:03.328 31812 31812 I Input   : injectKeyEvent: KeyEvent { action=ACTION_UP, keyCode=KEYCODE_BACK, scanCode=0, metaState=0, flags=0x0, repeatCount=0, eventTime=820399735, downTime=820399735, deviceId=-1, source=0x101 }
08-05 19:53:03.336 31812 31812 D AndroidRuntime: Shutting down VM
08-05 19:53:03.338 30457 30457 V PlaybackController: initServiceNotRunning()
08-05 19:53:03.338 30457 30457 D ExternalPlayerFragment: Loading media info
08-05 19:53:03.346 30457 30471 I art     : Explicit concurrent mark sweep GC freed 151(5KB) AllocSpace objects, 0(0B) LOS objects, 33% free, 31MB/47MB, paused 1.442ms total 45.384ms
08-05 19:53:03.347 30457 30457 D UserPreferences: Using default data folder
08-05 19:53:03.347 30457 30986 D DBReader: getNavDrawerData() called with: 
08-05 19:53:03.360 30457 30471 I art     : Starting a blocking GC Explicit
08-05 19:53:03.363 30457 30986 D DBReader: getDownloadedItems() called
08-05 19:53:03.365 30457 30986 D DBReader: getFavoriteIDList() called
08-05 19:53:03.366 30457 30986 D DBReader: getQueueIDList() called
08-05 19:53:03.367 30457 30986 D DBReader: Extracting Feedlist
08-05 19:53:03.402 30457 30471 I art     : Explicit concurrent mark sweep GC freed 567(51KB) AllocSpace objects, 0(0B) LOS objects, 33% free, 31MB/47MB, paused 1.504ms total 40.841ms
08-05 19:53:03.403 13866 13866 I GoogleInputMethodServic: GoogleInputMethodService.onFinishInput():3138 
08-05 19:53:03.403 30457 30457 D MainActivity: getLastNavFragment() -> AddFeedFragment
08-05 19:53:03.403 13866 13866 I GoogleInputMethodServic: GoogleInputMethodService.onStartInput():1808 
08-05 19:53:03.409 30457 31358 D ApOkHttpUrlLoader: buildLoadData() called with: model = [http://static.libsyn.com/p/assets/7/1/f/3/71f3014e14ef2722/JREiTunesImage2.jpg], width = [140], height = [140]
08-05 19:53:03.415 30457 30471 I art     : Starting a blocking GC Explicit
08-05 19:53:03.451 30457 31358 D ApOkHttpUrlLoader: buildLoadData() called with: model = [http://static.libsyn.com/p/assets/7/1/f/3/71f3014e14ef2722/JREiTunesImage2.jpg], width = [140], height = [140]
08-05 19:53:03.459 30457 30471 I art     : Explicit concurrent mark sweep GC freed 855(53KB) AllocSpace objects, 0(0B) LOS objects, 33% free, 31MB/47MB, paused 1.266ms total 43.867ms
08-05 19:53:03.473 30457 30471 I art     : Starting a blocking GC Explicit
08-05 19:53:03.515 30457 30471 I art     : Explicit concurrent mark sweep GC freed 426(20KB) AllocSpace objects, 0(0B) LOS objects, 33% free, 31MB/47MB, paused 1.060ms total 41.369ms
08-05 19:53:03.671   380   380 W SurfaceFlinger: couldn't log to binary event log: overflow.
08-05 19:53:03.813 30457 31586 I art     : Starting a blocking GC Explicit
08-05 19:53:03.856 30457 31586 I art     : Explicit concurrent mark sweep GC freed 2042(108KB) AllocSpace objects, 1(20KB) LOS objects, 33% free, 31MB/47MB, paused 1.127ms total 42.693ms
08-05 19:53:03.870 30457 31586 I art     : Starting a blocking GC Explicit
08-05 19:53:03.906 30457 31586 I art     : Explicit concurrent mark sweep GC freed 33364(3MB) AllocSpace objects, 2(248KB) LOS objects, 36% free, 28MB/44MB, paused 1.125ms total 36.497ms
08-05 19:53:03.917 30457 31586 I art     : Starting a blocking GC Explicit
08-05 19:53:03.948 30457 31586 I art     : Explicit concurrent mark sweep GC freed 3(96B) AllocSpace objects, 0(0B) LOS objects, 36% free, 28MB/44MB, paused 1.212ms total 30.394ms
08-05 19:53:03.959 30457 31586 I art     : Starting a blocking GC Explicit
08-05 19:53:03.990 30457 31586 I art     : Explicit concurrent mark sweep GC freed 3(96B) AllocSpace objects, 0(0B) LOS objects, 36% free, 28MB/44MB, paused 1.174ms total 30.755ms
08-05 19:53:04.001 30457 31586 I art     : Starting a blocking GC Explicit
08-05 19:53:04.032 30457 31586 I art     : Explicit concurrent mark sweep GC freed 3(96B) AllocSpace objects, 0(0B) LOS objects, 36% free, 28MB/44MB, paused 1.129ms total 31.216ms
08-05 19:53:04.343 30457 30485 I art     : Starting a blocking GC Explicit
08-05 19:53:04.384 30457 30485 I art     : Explicit concurrent mark sweep GC freed 1373(82KB) AllocSpace objects, 1(20KB) LOS objects, 36% free, 28MB/44MB, paused 1.223ms total 40.619ms
08-05 19:53:04.399 30457 30485 I art     : Starting a blocking GC Explicit
08-05 19:53:04.433 30457 30485 I art     : Explicit concurrent mark sweep GC freed 23(752B) AllocSpace objects, 0(0B) LOS objects, 36% free, 28MB/44MB, paused 1.163ms total 34.263ms
08-05 19:53:04.445 30457 30485 I art     : Starting a blocking GC Explicit
08-05 19:53:04.480 30457 30485 I art     : Explicit concurrent mark sweep GC freed 3(96B) AllocSpace objects, 0(0B) LOS objects, 36% free, 28MB/44MB, paused 1.168ms total 34.220ms
08-05 19:53:04.491 30457 30485 I art     : Starting a blocking GC Explicit
08-05 19:53:04.527 30457 30485 I art     : Explicit concurrent mark sweep GC freed 3(96B) AllocSpace objects, 0(0B) LOS objects, 36% free, 28MB/44MB, paused 1.132ms total 34.750ms
08-05 19:53:04.538 30457 30485 I art     : Starting a blocking GC Explicit
08-05 19:53:04.572 30457 30485 I art     : Explicit concurrent mark sweep GC freed 3(96B) AllocSpace objects, 0(0B) LOS objects, 36% free, 28MB/44MB, paused 1.092ms total 33.188ms
08-05 19:53:04.872 30457 30470 I art     : Waiting for a blocking GC Explicit
08-05 19:53:04.874 30457 30470 I art     : Starting a blocking GC Explicit
08-05 19:53:04.932 30457 30470 I art     : Explicit concurrent mark sweep GC freed 1402(81KB) AllocSpace objects, 1(20KB) LOS objects, 36% free, 28MB/44MB, paused 1.516ms total 57.357ms
08-05 19:53:04.945 30457 30470 I art     : Starting a blocking GC Explicit
08-05 19:53:04.980 30457 30470 I art     : Explicit concurrent mark sweep GC freed 25(816B) AllocSpace objects, 0(0B) LOS objects, 36% free, 28MB/44MB, paused 1.301ms total 34ms
08-05 19:53:04.992 30457 30470 I art     : Starting a blocking GC Explicit
08-05 19:53:05.028 30457 30470 I art     : Explicit concurrent mark sweep GC freed 9(288B) AllocSpace objects, 0(0B) LOS objects, 36% free, 28MB/44MB, paused 1.184ms total 35.034ms
08-05 19:53:05.040 30457 30470 I art     : Starting a blocking GC Explicit
08-05 19:53:05.073 30457 30470 I art     : Explicit concurrent mark sweep GC freed 7(224B) AllocSpace objects, 0(0B) LOS objects, 36% free, 28MB/44MB, paused 1.113ms total 32.555ms
08-05 19:53:05.085 30457 30470 I art     : Starting a blocking GC Explicit
08-05 19:53:05.114 31856 31856 D AndroidRuntime: >>>>>> START com.android.internal.os.RuntimeInit uid 2000 <<<<<<
08-05 19:53:05.120 31856 31856 D AndroidRuntime: CheckJNI is OFF
08-05 19:53:05.121 30457 30470 I art     : Explicit concurrent mark sweep GC freed 9(288B) AllocSpace objects, 0(0B) LOS objects, 36% free, 28MB/44MB, paused 1.220ms total 35.447ms
08-05 19:53:05.161 31856 31856 D ICU     : No timezone override file found: /data/misc/zoneinfo/current/icu/icu_tzdata.dat
08-05 19:53:05.205 31856 31856 I Radio-JNI: register_android_hardware_Radio DONE
08-05 19:53:05.234 31856 31856 D AndroidRuntime: Calling main entry com.android.commands.input.Input
08-05 19:53:05.236 31856 31856 I Input   : injectMotionEvent: MotionEvent { action=ACTION_DOWN, actionButton=0, id[0]=0, x[0]=639.0, y[0]=762.0, toolType[0]=TOOL_TYPE_UNKNOWN, buttonState=0, metaState=0, flags=0x0, edgeFlags=0x0, pointerCount=1, historySize=0, eventTime=820401648, downTime=820401648, deviceId=0, source=0x1002 }
08-05 19:53:05.243 31856 31856 I Input   : injectMotionEvent: MotionEvent { action=ACTION_UP, actionButton=0, id[0]=0, x[0]=639.0, y[0]=762.0, toolType[0]=TOOL_TYPE_UNKNOWN, buttonState=0, metaState=0, flags=0x0, edgeFlags=0x0, pointerCount=1, historySize=0, eventTime=820401648, downTime=820401648, deviceId=0, source=0x1002 }
08-05 19:53:05.248 31856 31856 D AndroidRuntime: Shutting down VM
08-05 19:53:05.315   512  2967 D audio_hw_primary: out_set_parameters: enter: usecase(1: low-latency-playback) kvpairs: routing=2
08-05 19:53:05.329   512  2967 D audio_hw_primary: select_devices: out_snd_device(2: speaker) in_snd_device(0: none)
08-05 19:53:05.329   512  2967 D msm8974_platform: platform_send_audio_calibration: sending audio calibration for snd_device(2) acdb_id(15)
08-05 19:53:05.329   512  2967 I soundtrigger: audio_extn_sound_trigger_update_device_status: device 0x2 of type 0 for Event 1
08-05 19:53:05.331 13866 13866 I GoogleInputMethodServic: GoogleInputMethodService.onFinishInput():3138 
08-05 19:53:05.331 13866 13866 I GoogleInputMethodServic: GoogleInputMethodService.onStartInput():1808 
08-05 19:53:05.340   512  2967 D audio_hw_primary: enable_snd_device: snd_device(2: speaker)
08-05 19:53:05.342   512  2967 D audio_hw_primary: enable_audio_route: apply and update mixer path: low-latency-playback speaker
08-05 19:53:05.411 30457 30471 I art     : Starting a blocking GC Explicit
08-05 19:53:05.446 30457 30471 I art     : Explicit concurrent mark sweep GC freed 1853(103KB) AllocSpace objects, 1(20KB) LOS objects, 36% free, 28MB/44MB, paused 1.202ms total 34.212ms
08-05 19:53:05.458 30457 30471 I art     : Starting a blocking GC Explicit
08-05 19:53:05.491 30457 30471 I art     : Explicit concurrent mark sweep GC freed 55(1984B) AllocSpace objects, 0(0B) LOS objects, 36% free, 28MB/44MB, paused 1.212ms total 33.146ms
08-05 19:53:05.502 30457 30471 I art     : Starting a blocking GC Explicit
08-05 19:53:05.535 30457 30471 I art     : Explicit concurrent mark sweep GC freed 16(608B) AllocSpace objects, 0(0B) LOS objects, 36% free, 28MB/44MB, paused 1.196ms total 32.401ms
08-05 19:53:05.546 30457 30471 I art     : Starting a blocking GC Explicit
08-05 19:53:05.556 30457 30478 I NAPPA_EXPERIMENTATION: MetricNetworkRequestExecutionTime: REQUEST_DURATION_SYSTEM='242',REQUEST_DURATION_OKHTTP='240',REQUEST_SYNCHRONOUS='TRUE',RESPONSE_CODE='200',RESPONSE_METHOD='GET',RESPONSE_LENGTH_OKHTTP='-1',RESPONSE_LENGTH_HEADER='622',REQUEST_PROTOCOL='h2',REQUEST_URL='https://itunes.apple.com/lookup?id=360084272',
08-05 19:53:05.577   918  5132 I ActivityManager: START u0 {cmp=baseline.de.danoeh.antennapod.debug/baseline.de.danoeh.antennapod.activity.OnlineFeedViewActivity (has extras)} from uid 10695 on display 0
08-05 19:53:05.579 30457 30471 I art     : Explicit concurrent mark sweep GC freed 424(39KB) AllocSpace objects, 0(0B) LOS objects, 36% free, 28MB/44MB, paused 1.406ms total 32.751ms
08-05 19:53:05.590 30457 30471 I art     : Starting a blocking GC Explicit
08-05 19:53:05.604 13866 13866 I GoogleInputMethodServic: GoogleInputMethodService.onFinishInput():3138 
08-05 19:53:05.605 13866 13866 I GoogleInputMethodServic: GoogleInputMethodService.onStartInput():1808 
08-05 19:53:05.625 30457 30471 I art     : Explicit concurrent mark sweep GC freed 438(25KB) AllocSpace objects, 0(0B) LOS objects, 36% free, 28MB/44MB, paused 1.518ms total 34.627ms
08-05 19:53:05.631 30457 30457 D UserPreferences: Using default data folder
08-05 19:53:05.632 30457 30457 D OnlineFeedViewActivity: Activity was started with url http://joeroganexp.joerogan.libsynpro.com/rss
08-05 19:53:05.634 30457 30457 D OnlineFeedViewActivity: Starting feed download
08-05 19:53:05.637 30457 30985 D DBReader: Extracting Feedlist
08-05 19:53:05.641   918  6112 D WifiService: acquireWifiLockLocked: WifiLock{Downloader type=1 binder=android.os.BinderProxy@1b7d2c9}
08-05 19:53:05.642 30457 30985 D AntennapodHttpClient: Creating new instance of HTTP client
08-05 19:53:05.687 30457 30985 D MYTAG   : interceptor 3a http://joeroganexp.joerogan.libsynpro.com/rss
08-05 19:53:05.687 30457 30985 I NAPPA_EXPERIMENTATION: MetricNetworkRequestExecutionTime: REQUEST_DURATION_SYSTEM='44',REQUEST_DURATION_OKHTTP='38',REQUEST_SYNCHRONOUS='TRUE',RESPONSE_CODE='200',RESPONSE_METHOD='GET',RESPONSE_LENGTH_OKHTTP='-1',RESPONSE_LENGTH_HEADER='307892',REQUEST_PROTOCOL='http/1.1',REQUEST_URL='http://joeroganexp.joerogan.libsynpro.com/rss',
08-05 19:53:05.687 30457 30985 D HttpDownloader: Response code is 200
08-05 19:53:05.687 30457 30985 D UserPreferences: Using default data folder
08-05 19:53:05.689 30457 30985 D HttpDownloader: Getting size of download
08-05 19:53:05.689 30457 30985 D HttpDownloader: Size is -1
08-05 19:53:05.689 30457 30985 D UserPreferences: Using default data folder
08-05 19:53:05.689 30457 30985 D HttpDownloader: Free space is 20174798848
08-05 19:53:05.689 30457 30985 D HttpDownloader: Starting download
08-05 19:53:05.700 13866 13866 I GoogleInputMethodServic: GoogleInputMethodService.onFinishInput():3138 
08-05 19:53:05.701 13866 13866 I GoogleInputMethodServic: GoogleInputMethodService.onStartInput():1808 
08-05 19:53:05.732   918   936 I ActivityManager: Displayed baseline.de.danoeh.antennapod.debug/baseline.de.danoeh.antennapod.activity.OnlineFeedViewActivity: +124ms
08-05 19:53:05.765 30457 30479 D OpenGLRenderer: endAllStagingAnimators on 0x7f7ee51c00 (GridView) with handle 0x7f7be7a0a0
08-05 19:53:05.805 30457 30985 D HttpDownloader: Download was successful
08-05 19:53:05.806   918   928 D WifiService: releaseWifiLockLocked: WifiLock{Downloader type=1 binder=android.os.BinderProxy@1b7d2c9}
08-05 19:53:05.807 30457 30457 D OnlineFeedViewActivity: Parsing feed
08-05 19:53:05.811 30457 31896 D TypeGetter: Recognized type RSS 2.0
08-05 19:53:05.813 30457 31896 D SyndHandler: Recognized Atom namespace
08-05 19:53:05.813 30457 31896 D SyndHandler: Recognized ITunes namespace
08-05 19:53:05.813 30457 31896 D SyndHandler: Recognized media namespace
08-05 19:53:05.813 30457 31896 D SyndHandler: Recognized Content namespace
08-05 19:53:05.889   512  2967 D audio_hw_primary: disable_audio_route: reset and update mixer path: low-latency-playback speaker
08-05 19:53:05.891   512  2967 D audio_hw_primary: disable_snd_device: snd_device(2: speaker)
08-05 19:53:05.898   512  2967 I soundtrigger: audio_extn_sound_trigger_update_device_status: device 0x2 of type 0 for Event 0
08-05 19:53:05.913 30457 30471 I art     : Starting a blocking GC Explicit
08-05 19:53:05.949 30457 30471 I art     : Explicit concurrent mark sweep GC freed 9504(677KB) AllocSpace objects, 4(80KB) LOS objects, 35% free, 28MB/44MB, paused 1.468ms total 36.184ms
08-05 19:53:05.961 30457 30471 I art     : Starting a blocking GC Explicit
08-05 19:53:05.974   380   380 W SurfaceFlinger: couldn't log to binary event log: overflow.
08-05 19:53:05.995 30457 30471 I art     : Explicit concurrent mark sweep GC freed 4516(225KB) AllocSpace objects, 0(0B) LOS objects, 35% free, 28MB/44MB, paused 1.376ms total 33.272ms
08-05 19:53:06.006 30457 30471 I art     : Starting a blocking GC Explicit
08-05 19:53:06.039 30457 30471 I art     : Explicit concurrent mark sweep GC freed 2601(130KB) AllocSpace objects, 0(0B) LOS objects, 35% free, 28MB/44MB, paused 1.526ms total 32.603ms
08-05 19:53:06.050 30457 30471 I art     : Starting a blocking GC Explicit
08-05 19:53:06.082 30457 30471 I art     : Explicit concurrent mark sweep GC freed 2592(127KB) AllocSpace objects, 0(0B) LOS objects, 35% free, 28MB/44MB, paused 1.318ms total 32.424ms
08-05 19:53:06.094 30457 30471 I art     : Starting a blocking GC Explicit
08-05 19:53:06.098 30457 30457 D PlaybackController: Releasing PlaybackController
08-05 19:53:06.128 30457 30471 I art     : Explicit concurrent mark sweep GC freed 2889(153KB) AllocSpace objects, 0(0B) LOS objects, 35% free, 28MB/44MB, paused 1.558ms total 34.448ms
08-05 19:53:06.424 30457 31586 I art     : Starting a blocking GC Explicit
08-05 19:53:06.467 30457 31586 I art     : Explicit concurrent mark sweep GC freed 19243(1037KB) AllocSpace objects, 1(20KB) LOS objects, 35% free, 29MB/45MB, paused 1.440ms total 42.866ms
08-05 19:53:06.480 30457 31586 I art     : Starting a blocking GC Explicit
08-05 19:53:06.514 30457 31586 I art     : Explicit concurrent mark sweep GC freed 5569(268KB) AllocSpace objects, 0(0B) LOS objects, 35% free, 29MB/45MB, paused 1.522ms total 34.676ms
08-05 19:53:06.526 30457 31586 I art     : Starting a blocking GC Explicit
08-05 19:53:06.562 30457 31586 I art     : Explicit concurrent mark sweep GC freed 5139(252KB) AllocSpace objects, 0(0B) LOS objects, 35% free, 29MB/45MB, paused 1.657ms total 35.353ms
08-05 19:53:06.574 30457 31586 I art     : Starting a blocking GC Explicit
08-05 19:53:06.609 30457 31586 I art     : Explicit concurrent mark sweep GC freed 2928(145KB) AllocSpace objects, 0(0B) LOS objects, 35% free, 29MB/45MB, paused 1.551ms total 35.071ms
08-05 19:53:06.621 30457 31586 I art     : Starting a blocking GC Explicit
08-05 19:53:06.634   518   646 I ThermalEngine: ACTION: GPU - Setting GPU[0] to 390000000
08-05 19:53:06.668 30457 31586 I art     : Explicit concurrent mark sweep GC freed 2731(137KB) AllocSpace objects, 0(0B) LOS objects, 35% free, 29MB/45MB, paused 2.048ms total 46.894ms
08-05 19:53:06.992 30457 30471 I art     : Starting a blocking GC Explicit
08-05 19:53:07.044 30457 30471 I art     : Explicit concurrent mark sweep GC freed 15762(836KB) AllocSpace objects, 1(20KB) LOS objects, 34% free, 29MB/45MB, paused 2.095ms total 51.053ms
08-05 19:53:07.061 30457 30471 I art     : Starting a blocking GC Explicit
08-05 19:53:07.112 30457 30471 I art     : Explicit concurrent mark sweep GC freed 6978(333KB) AllocSpace objects, 0(0B) LOS objects, 34% free, 29MB/45MB, paused 2.687ms total 51.060ms
08-05 19:53:07.131 30457 30471 I art     : Starting a blocking GC Explicit
08-05 19:53:07.178 30457 30471 I art     : Explicit concurrent mark sweep GC freed 3349(172KB) AllocSpace objects, 0(0B) LOS objects, 34% free, 29MB/45MB, paused 2.116ms total 46.684ms
08-05 19:53:07.195 30457 30471 I art     : Starting a blocking GC Explicit
08-05 19:53:07.244 30457 30471 I art     : Explicit concurrent mark sweep GC freed 2992(158KB) AllocSpace objects, 0(0B) LOS objects, 34% free, 29MB/45MB, paused 1.989ms total 48.609ms
08-05 19:53:07.261 30457 30471 I art     : Starting a blocking GC Explicit
08-05 19:53:07.307 30457 30471 I art     : Explicit concurrent mark sweep GC freed 3075(158KB) AllocSpace objects, 0(0B) LOS objects, 34% free, 29MB/45MB, paused 2.097ms total 45.586ms
08-05 19:53:07.629 30457 30470 I art     : Starting a blocking GC Explicit
08-05 19:53:07.683 30457 30470 I art     : Explicit concurrent mark sweep GC freed 15644(854KB) AllocSpace objects, 1(20KB) LOS objects, 34% free, 30MB/46MB, paused 2.598ms total 54.018ms
08-05 19:53:07.702 30457 30470 I art     : Starting a blocking GC Explicit
08-05 19:53:07.766 30457 30470 I art     : Explicit concurrent mark sweep GC freed 7028(330KB) AllocSpace objects, 0(0B) LOS objects, 34% free, 30MB/46MB, paused 2.212ms total 57.895ms
08-05 19:53:07.784 30457 30470 I art     : Starting a blocking GC Explicit
08-05 19:53:07.833 30457 30470 I art     : Explicit concurrent mark sweep GC freed 3786(198KB) AllocSpace objects, 0(0B) LOS objects, 34% free, 30MB/46MB, paused 2.167ms total 47.919ms
08-05 19:53:07.850 30457 30470 I art     : Starting a blocking GC Explicit
08-05 19:53:07.898 30457 30470 I art     : Explicit concurrent mark sweep GC freed 3329(172KB) AllocSpace objects, 0(0B) LOS objects, 34% free, 30MB/46MB, paused 2.354ms total 47.784ms
08-05 19:53:07.916 30457 30470 I art     : Starting a blocking GC Explicit
08-05 19:53:07.963 30457 30470 I art     : Explicit concurrent mark sweep GC freed 3147(173KB) AllocSpace objects, 0(0B) LOS objects, 34% free, 30MB/46MB, paused 2.121ms total 47.175ms
08-05 19:53:08.293 30457 30485 I art     : Starting a blocking GC Explicit
08-05 19:53:08.354 30457 30485 I art     : Explicit concurrent mark sweep GC freed 15987(906KB) AllocSpace objects, 1(20KB) LOS objects, 34% free, 30MB/46MB, paused 2.278ms total 60.388ms
08-05 19:53:08.374 30457 30485 I art     : Starting a blocking GC Explicit
08-05 19:53:08.403 13866 13882 I PeriodicStatsRunner: PeriodicStatsRunner.call():175 call()
08-05 19:53:08.403 13866 13882 I PeriodicStatsRunner: PeriodicStatsRunner.call():179 No submit PeriodicStats since input started.
08-05 19:53:08.425 30457 30485 I art     : Explicit concurrent mark sweep GC freed 7263(356KB) AllocSpace objects, 0(0B) LOS objects, 34% free, 30MB/46MB, paused 2.169ms total 50.695ms
08-05 19:53:08.443 30457 30485 I art     : Starting a blocking GC Explicit
08-05 19:53:08.493 30457 30485 I art     : Explicit concurrent mark sweep GC freed 3077(153KB) AllocSpace objects, 0(0B) LOS objects, 34% free, 30MB/46MB, paused 2.150ms total 49.848ms
08-05 19:53:08.511 30457 30485 I art     : Starting a blocking GC Explicit
08-05 19:53:08.561 30457 30485 I art     : Explicit concurrent mark sweep GC freed 3214(157KB) AllocSpace objects, 0(0B) LOS objects, 34% free, 30MB/46MB, paused 2.210ms total 49.406ms
08-05 19:53:08.579 30457 30485 I art     : Starting a blocking GC Explicit
08-05 19:53:08.630 30457 30485 I art     : Explicit concurrent mark sweep GC freed 3081(151KB) AllocSpace objects, 0(0B) LOS objects, 34% free, 30MB/46MB, paused 2.193ms total 49.843ms
08-05 19:53:08.746   918  1210 D NetlinkSocketObserver: NeighborEvent{elapsedMs=1803792621, 192.168.2.254, [7C3953A63323], RTM_NEWNEIGH, NUD_STALE}
08-05 19:53:08.962 30457 30470 I art     : Starting a blocking GC Explicit
08-05 19:53:09.024 30457 30470 I art     : Explicit concurrent mark sweep GC freed 15500(839KB) AllocSpace objects, 1(20KB) LOS objects, 33% free, 31MB/47MB, paused 3.540ms total 61.441ms
08-05 19:53:09.044 30457 30470 I art     : Starting a blocking GC Explicit
08-05 19:53:09.098 30457 30470 I art     : Explicit concurrent mark sweep GC freed 7325(374KB) AllocSpace objects, 0(0B) LOS objects, 33% free, 31MB/47MB, paused 2.229ms total 53.031ms
08-05 19:53:09.117 30457 30470 I art     : Starting a blocking GC Explicit
08-05 19:53:09.169 30457 30470 I art     : Explicit concurrent mark sweep GC freed 3405(215KB) AllocSpace objects, 0(0B) LOS objects, 33% free, 31MB/47MB, paused 2.253ms total 52.653ms
08-05 19:53:09.189 30457 30470 I art     : Starting a blocking GC Explicit
08-05 19:53:09.241 30457 30470 I art     : Explicit concurrent mark sweep GC freed 3276(143KB) AllocSpace objects, 0(0B) LOS objects, 33% free, 31MB/47MB, paused 2.059ms total 51.742ms
08-05 19:53:09.260 30457 30470 I art     : Starting a blocking GC Explicit
08-05 19:53:09.313 30457 30470 I art     : Explicit concurrent mark sweep GC freed 3447(146KB) AllocSpace objects, 0(0B) LOS objects, 33% free, 31MB/47MB, paused 2.198ms total 52.114ms
08-05 19:53:09.665 30457 30485 I art     : Starting a blocking GC Explicit
08-05 19:53:09.729 30457 30485 I art     : Explicit concurrent mark sweep GC freed 17258(758KB) AllocSpace objects, 1(20KB) LOS objects, 33% free, 31MB/47MB, paused 2.154ms total 63.213ms
08-05 19:53:09.749 30457 30485 I art     : Starting a blocking GC Explicit
08-05 19:53:09.808 30457 30485 I art     : Explicit concurrent mark sweep GC freed 5736(262KB) AllocSpace objects, 0(0B) LOS objects, 33% free, 31MB/47MB, paused 2.057ms total 58.631ms
08-05 19:53:09.835 30457 30485 I art     : Starting a blocking GC Explicit
08-05 19:53:09.896 30457 30485 I art     : Explicit concurrent mark sweep GC freed 5829(273KB) AllocSpace objects, 0(0B) LOS objects, 33% free, 31MB/47MB, paused 2.141ms total 60.550ms
08-05 19:53:09.915 30457 30485 I art     : Starting a blocking GC Explicit
08-05 19:53:09.962 30457 31896 D OnlineFeedViewActivity: Deleted feed source file. Result: true
08-05 19:53:09.963 30457 30457 D OnlineFeedViewActivity: Removing HTML from shownotes
08-05 19:53:09.968 30457 30485 I art     : Explicit concurrent mark sweep GC freed 3298(159KB) AllocSpace objects, 0(0B) LOS objects, 33% free, 32MB/48MB, paused 2.021ms total 53.036ms
08-05 19:53:09.969 30457 30468 I art     : WaitForGcToComplete blocked for 36.580ms for cause HeapTrim
08-05 19:53:09.988 30457 30485 I art     : Starting a blocking GC Explicit
08-05 19:53:10.049 30457 30485 I art     : Explicit concurrent mark sweep GC freed 38958(3MB) AllocSpace objects, 166(11MB) LOS objects, 32% free, 32MB/48MB, paused 2.082ms total 60.758ms
08-05 19:53:10.150 31956 31956 D AndroidRuntime: >>>>>> START com.android.internal.os.RuntimeInit uid 2000 <<<<<<
08-05 19:53:10.157 31956 31956 D AndroidRuntime: CheckJNI is OFF
08-05 19:53:10.215 31956 31956 D ICU     : No timezone override file found: /data/misc/zoneinfo/current/icu/icu_tzdata.dat
08-05 19:53:10.270 31956 31956 I Radio-JNI: register_android_hardware_Radio DONE
08-05 19:53:10.309 31956 31956 D AndroidRuntime: Calling main entry com.android.commands.input.Input
08-05 19:53:10.310 31956 31956 I Input   : injectKeyEvent: KeyEvent { action=ACTION_DOWN, keyCode=KEYCODE_BACK, scanCode=0, metaState=0, flags=0x0, repeatCount=0, eventTime=820406723, downTime=820406723, deviceId=-1, source=0x101 }
08-05 19:53:10.319 27644 27644 I ServiceManager: Waiting for service AtCmdFwd...
08-05 19:53:10.336 13866 13882 I PeriodicStatsRunner: PeriodicStatsRunner.call():175 call()
08-05 19:53:10.337 13866 13882 I PeriodicStatsRunner: PeriodicStatsRunner.call():179 No submit PeriodicStats since input started.
08-05 19:53:10.381 30457 30471 I art     : Starting a blocking GC Explicit
08-05 19:53:10.455 30457 30471 I art     : Explicit concurrent mark sweep GC freed 80541(6MB) AllocSpace objects, 361(23MB) LOS objects, 31% free, 34MB/50MB, paused 2.236ms total 74.020ms
08-05 19:53:10.478 30457 30471 I art     : Starting a blocking GC Explicit
08-05 19:53:10.547 30457 30471 I art     : Explicit concurrent mark sweep GC freed 58980(5MB) AllocSpace objects, 332(22MB) LOS objects, 30% free, 35MB/51MB, paused 2.193ms total 69.125ms
08-05 19:53:10.571 30457 30471 I art     : Starting a blocking GC Explicit
08-05 19:53:10.595 30457 30457 I Choreographer: Skipped 37 frames!  The application may be doing too much work on its main thread.
08-05 19:53:10.607 13866 13882 I PeriodicStatsRunner: PeriodicStatsRunner.call():175 call()
08-05 19:53:10.607 13866 13882 I PeriodicStatsRunner: PeriodicStatsRunner.call():179 No submit PeriodicStats since input started.
08-05 19:53:10.635 30457 30471 I art     : Explicit concurrent mark sweep GC freed 24228(2MB) AllocSpace objects, 154(10MB) LOS objects, 33% free, 31MB/47MB, paused 2.481ms total 64.041ms
08-05 19:53:10.641 31956 31956 I Input   : injectKeyEvent: KeyEvent { action=ACTION_UP, keyCode=KEYCODE_BACK, scanCode=0, metaState=0, flags=0x0, repeatCount=0, eventTime=820406723, downTime=820406723, deviceId=-1, source=0x101 }
08-05 19:53:10.659 31956 31956 D AndroidRuntime: Shutting down VM
08-05 19:53:10.659 30457 30471 I art     : Starting a blocking GC Explicit
08-05 19:53:10.667 30457 30457 V PlaybackController: initServiceNotRunning()
08-05 19:53:10.667 30457 30457 D ExternalPlayerFragment: Loading media info
08-05 19:53:10.676 30457 30457 D UserPreferences: Using default data folder
08-05 19:53:10.677 30457 30985 D DBReader: getNavDrawerData() called with: 
08-05 19:53:10.693 30457 30985 D DBReader: getDownloadedItems() called
08-05 19:53:10.695 30457 30985 D DBReader: getFavoriteIDList() called
08-05 19:53:10.696 30457 30985 D DBReader: getQueueIDList() called
08-05 19:53:10.698 30457 30985 D DBReader: Extracting Feedlist
08-05 19:53:10.700 13866 13882 I PeriodicStatsRunner: PeriodicStatsRunner.call():175 call()
08-05 19:53:10.701 13866 13882 I PeriodicStatsRunner: PeriodicStatsRunner.call():179 No submit PeriodicStats since input started.
08-05 19:53:10.712 13866 13866 I GoogleInputMethodServic: GoogleInputMethodService.onFinishInput():3138 
08-05 19:53:10.713 13866 13866 I GoogleInputMethodServic: GoogleInputMethodService.onStartInput():1808 
08-05 19:53:10.716 30457 30471 I art     : Explicit concurrent mark sweep GC freed 1579(98KB) AllocSpace objects, 1(112KB) LOS objects, 33% free, 31MB/47MB, paused 2.309ms total 56.252ms
08-05 19:53:10.729 30457 30457 D MainActivity: getLastNavFragment() -> AddFeedFragment
08-05 19:53:10.737 30457 30471 I art     : Starting a blocking GC Explicit
08-05 19:53:10.792 30457 30471 I art     : Explicit concurrent mark sweep GC freed 844(40KB) AllocSpace objects, 0(0B) LOS objects, 33% free, 31MB/47MB, paused 1.892ms total 54.474ms
08-05 19:53:11.012   380   380 W SurfaceFlinger: couldn't log to binary event log: overflow.
08-05 19:53:11.139 30457 30485 I art     : Starting a blocking GC Explicit
08-05 19:53:11.200 30457 30485 I art     : Explicit concurrent mark sweep GC freed 2145(115KB) AllocSpace objects, 1(20KB) LOS objects, 33% free, 31MB/47MB, paused 2.061ms total 60.851ms
08-05 19:53:11.222 30457 30485 I art     : Starting a blocking GC Explicit
08-05 19:53:11.284 30457 30485 I art     : Explicit concurrent mark sweep GC freed 37(1440B) AllocSpace objects, 0(0B) LOS objects, 33% free, 31MB/47MB, paused 2.018ms total 60.954ms
08-05 19:53:11.307 30457 30485 I art     : Starting a blocking GC Explicit
08-05 19:53:11.319 27644 27644 I ServiceManager: Waiting for service AtCmdFwd...
08-05 19:53:11.368 30457 30485 I art     : Explicit concurrent mark sweep GC freed 3(96B) AllocSpace objects, 0(0B) LOS objects, 33% free, 31MB/47MB, paused 1.634ms total 60.115ms
08-05 19:53:11.390 30457 30485 I art     : Starting a blocking GC Explicit
08-05 19:53:11.455 30457 30485 I art     : Explicit concurrent mark sweep GC freed 3(96B) AllocSpace objects, 0(0B) LOS objects, 33% free, 31MB/47MB, paused 1.936ms total 64.519ms
08-05 19:53:11.483 30457 30485 I art     : Starting a blocking GC Explicit
08-05 19:53:11.545 30457 30485 I art     : Explicit concurrent mark sweep GC freed 3(96B) AllocSpace objects, 0(0B) LOS objects, 33% free, 31MB/47MB, paused 1.700ms total 61.152ms
08-05 19:53:11.892 30457 31586 I art     : Starting a blocking GC Explicit
08-05 19:53:11.958 30457 31586 I art     : Explicit concurrent mark sweep GC freed 1403(83KB) AllocSpace objects, 1(20KB) LOS objects, 33% free, 31MB/47MB, paused 1.882ms total 65.411ms
08-05 19:53:11.981 30457 31586 I art     : Starting a blocking GC Explicit
08-05 19:53:12.039 30457 31586 I art     : Explicit concurrent mark sweep GC freed 23(752B) AllocSpace objects, 0(0B) LOS objects, 33% free, 31MB/47MB, paused 1.962ms total 57.615ms
08-05 19:53:12.062 30457 31586 I art     : Starting a blocking GC Explicit
08-05 19:53:12.121 30457 31586 I art     : Explicit concurrent mark sweep GC freed 3(96B) AllocSpace objects, 0(0B) LOS objects, 33% free, 31MB/47MB, paused 1.821ms total 58.406ms
08-05 19:53:12.144 30457 31586 I art     : Starting a blocking GC Explicit
08-05 19:53:12.203 30457 31586 I art     : Explicit concurrent mark sweep GC freed 106(5KB) AllocSpace objects, 0(0B) LOS objects, 33% free, 31MB/47MB, paused 1.948ms total 58.696ms
08-05 19:53:12.225 30457 31586 I art     : Starting a blocking GC Explicit
08-05 19:53:12.273 30457 31586 I art     : Explicit concurrent mark sweep GC freed 33148(3MB) AllocSpace objects, 1(28KB) LOS objects, 36% free, 28MB/44MB, paused 2.033ms total 48.023ms
08-05 19:53:12.320 27644 27644 I ServiceManager: Waiting for service AtCmdFwd...
08-05 19:53:12.571 32010 32010 D AndroidRuntime: >>>>>> START com.android.internal.os.RuntimeInit uid 2000 <<<<<<
08-05 19:53:12.577 32010 32010 D AndroidRuntime: CheckJNI is OFF
08-05 19:53:12.628 32010 32010 D ICU     : No timezone override file found: /data/misc/zoneinfo/current/icu/icu_tzdata.dat
08-05 19:53:12.629 30457 30470 I art     : Starting a blocking GC Explicit
08-05 19:53:12.643   518   646 I ThermalEngine: ACTION: GPU - Setting GPU[0] to 450000000
08-05 19:53:12.668 30457 30470 I art     : Explicit concurrent mark sweep GC freed 1400(81KB) AllocSpace objects, 1(20KB) LOS objects, 36% free, 28MB/44MB, paused 1.325ms total 38.839ms
08-05 19:53:12.674 32010 32010 I Radio-JNI: register_android_hardware_Radio DONE
08-05 19:53:12.680 30457 30470 I art     : Starting a blocking GC Explicit
08-05 19:53:12.704 32010 32010 D AndroidRuntime: Calling main entry com.android.commands.input.Input
08-05 19:53:12.706 32010 32010 I Input   : injectMotionEvent: MotionEvent { action=ACTION_DOWN, actionButton=0, id[0]=0, x[0]=616.0, y[0]=469.0, toolType[0]=TOOL_TYPE_UNKNOWN, buttonState=0, metaState=0, flags=0x0, edgeFlags=0x0, pointerCount=1, historySize=0, eventTime=820409118, downTime=820409118, deviceId=0, source=0x1002 }
08-05 19:53:12.710 32010 32010 I Input   : injectMotionEvent: MotionEvent { action=ACTION_UP, actionButton=0, id[0]=0, x[0]=616.0, y[0]=469.0, toolType[0]=TOOL_TYPE_UNKNOWN, buttonState=0, metaState=0, flags=0x0, edgeFlags=0x0, pointerCount=1, historySize=0, eventTime=820409118, downTime=820409118, deviceId=0, source=0x1002 }
08-05 19:53:12.713 30457 30470 I art     : Explicit concurrent mark sweep GC freed 23(752B) AllocSpace objects, 0(0B) LOS objects, 36% free, 28MB/44MB, paused 1.228ms total 32.595ms
08-05 19:53:12.713 32010 32010 D AndroidRuntime: Shutting down VM
08-05 19:53:12.725 30457 30470 I art     : Starting a blocking GC Explicit
08-05 19:53:12.758 30457 30470 I art     : Explicit concurrent mark sweep GC freed 42(1744B) AllocSpace objects, 0(0B) LOS objects, 36% free, 28MB/44MB, paused 1.129ms total 33.190ms
08-05 19:53:12.770 30457 30470 I art     : Starting a blocking GC Explicit
08-05 19:53:12.780   512  2967 D audio_hw_primary: out_set_parameters: enter: usecase(1: low-latency-playback) kvpairs: routing=2
08-05 19:53:12.786 13866 13866 I GoogleInputMethodServic: GoogleInputMethodService.onFinishInput():3138 
08-05 19:53:12.787 13866 13866 I GoogleInputMethodServic: GoogleInputMethodService.onStartInput():1808 
08-05 19:53:12.793   512  2967 D audio_hw_primary: select_devices: out_snd_device(2: speaker) in_snd_device(0: none)
08-05 19:53:12.793   512  2967 D msm8974_platform: platform_send_audio_calibration: sending audio calibration for snd_device(2) acdb_id(15)
08-05 19:53:12.793   512  2967 I soundtrigger: audio_extn_sound_trigger_update_device_status: device 0x2 of type 0 for Event 1
08-05 19:53:12.806 30457 30470 I art     : Explicit concurrent mark sweep GC freed 211(8KB) AllocSpace objects, 0(0B) LOS objects, 36% free, 28MB/44MB, paused 1.544ms total 35.905ms
08-05 19:53:12.807   512  2967 D audio_hw_primary: enable_snd_device: snd_device(2: speaker)
08-05 19:53:12.810   512  2967 D audio_hw_primary: enable_audio_route: apply and update mixer path: low-latency-playback speaker
08-05 19:53:12.819 30457 30470 I art     : Starting a blocking GC Explicit
08-05 19:53:12.852 30457 30470 I art     : Explicit concurrent mark sweep GC freed 30(1120B) AllocSpace objects, 0(0B) LOS objects, 36% free, 28MB/44MB, paused 1.279ms total 32.033ms
08-05 19:53:13.033 30457 30478 I NAPPA_EXPERIMENTATION: MetricNetworkRequestExecutionTime: REQUEST_DURATION_SYSTEM='255',REQUEST_DURATION_OKHTTP='254',REQUEST_SYNCHRONOUS='TRUE',RESPONSE_CODE='200',RESPONSE_METHOD='GET',RESPONSE_LENGTH_OKHTTP='-1',RESPONSE_LENGTH_HEADER='628',REQUEST_PROTOCOL='h2',REQUEST_URL='https://itunes.apple.com/lookup?id=1524080195',
08-05 19:53:13.049   918  6029 I ActivityManager: START u0 {cmp=baseline.de.danoeh.antennapod.debug/baseline.de.danoeh.antennapod.activity.OnlineFeedViewActivity (has extras)} from uid 10695 on display 0
08-05 19:53:13.070 13866 13866 I GoogleInputMethodServic: GoogleInputMethodService.onFinishInput():3138 
08-05 19:53:13.071 13866 13866 I GoogleInputMethodServic: GoogleInputMethodService.onStartInput():1808 
08-05 19:53:13.095 30457 30457 D UserPreferences: Using default data folder
08-05 19:53:13.096 30457 30457 D OnlineFeedViewActivity: Activity was started with url https://rss.art19.com/nice-white-parents
08-05 19:53:13.098 30457 30457 D OnlineFeedViewActivity: Starting feed download
08-05 19:53:13.101 30457 30986 D DBReader: Extracting Feedlist
08-05 19:53:13.104   918  5952 D WifiService: acquireWifiLockLocked: WifiLock{Downloader type=1 binder=android.os.BinderProxy@ab2d4c4}
08-05 19:53:13.105 30457 30986 D AntennapodHttpClient: Creating new instance of HTTP client
08-05 19:53:13.138 30457 30470 I art     : Starting a blocking GC Explicit
08-05 19:53:13.159 13866 13866 I GoogleInputMethodServic: GoogleInputMethodService.onFinishInput():3138 
08-05 19:53:13.160 13866 13866 I GoogleInputMethodServic: GoogleInputMethodService.onStartInput():1808 
08-05 19:53:13.173 30457 30470 I art     : Explicit concurrent mark sweep GC freed 3226(211KB) AllocSpace objects, 1(20KB) LOS objects, 35% free, 28MB/44MB, paused 1.205ms total 34.906ms
08-05 19:53:13.187 30457 30470 I art     : Starting a blocking GC Explicit
08-05 19:53:13.189   918   936 I ActivityManager: Displayed baseline.de.danoeh.antennapod.debug/baseline.de.danoeh.antennapod.activity.OnlineFeedViewActivity: +117ms
08-05 19:53:13.223 30457 30470 I art     : Explicit concurrent mark sweep GC freed 405(17KB) AllocSpace objects, 0(0B) LOS objects, 35% free, 28MB/44MB, paused 1.205ms total 36.199ms
08-05 19:53:13.237 30457 30470 I art     : Starting a blocking GC Explicit
08-05 19:53:13.269 30457 30470 I art     : Explicit concurrent mark sweep GC freed 892(69KB) AllocSpace objects, 2(120KB) LOS objects, 35% free, 28MB/44MB, paused 1.639ms total 31.372ms
08-05 19:53:13.279 30457 30470 I art     : Starting a blocking GC Explicit
08-05 19:53:13.312 30457 30470 I art     : Explicit concurrent mark sweep GC freed 4113(204KB) AllocSpace objects, 1(80KB) LOS objects, 35% free, 28MB/44MB, paused 1.240ms total 32.191ms
08-05 19:53:13.320 27644 27644 I ServiceManager: Waiting for service AtCmdFwd...
08-05 19:53:13.323 30457 30470 I art     : Starting a blocking GC Explicit
08-05 19:53:13.354 30457 30470 I art     : Explicit concurrent mark sweep GC freed 486(58KB) AllocSpace objects, 0(0B) LOS objects, 35% free, 28MB/44MB, paused 1.175ms total 30.875ms
08-05 19:53:13.359   512  2967 D audio_hw_primary: disable_audio_route: reset and update mixer path: low-latency-playback speaker
08-05 19:53:13.360   512  2967 D audio_hw_primary: disable_snd_device: snd_device(2: speaker)
08-05 19:53:13.368   512  2967 I soundtrigger: audio_extn_sound_trigger_update_device_status: device 0x2 of type 0 for Event 0
08-05 19:53:13.448   380   380 W SurfaceFlinger: couldn't log to binary event log: overflow.
08-05 19:53:13.451 30457 30986 D MYTAG   : interceptor 3a https://rss.art19.com/nice-white-parents
08-05 19:53:13.452 30457 30986 I NAPPA_EXPERIMENTATION: MetricNetworkRequestExecutionTime: REQUEST_DURATION_SYSTEM='346',REQUEST_DURATION_OKHTTP='159',REQUEST_SYNCHRONOUS='TRUE',RESPONSE_CODE='200',RESPONSE_METHOD='GET',RESPONSE_LENGTH_OKHTTP='-1',RESPONSE_LENGTH_HEADER='1803',REQUEST_PROTOCOL='h2',REQUEST_URL='https://rss.art19.com/nice-white-parents',
08-05 19:53:13.452 30457 30986 D HttpDownloader: Response code is 200
08-05 19:53:13.452 30457 30986 D UserPreferences: Using default data folder
08-05 19:53:13.454 30457 30986 D HttpDownloader: Getting size of download
08-05 19:53:13.455 30457 30986 D HttpDownloader: Size is -1
08-05 19:53:13.455 30457 30986 D UserPreferences: Using default data folder
08-05 19:53:13.455 30457 30986 D HttpDownloader: Free space is 20174786560
08-05 19:53:13.455 30457 30986 D HttpDownloader: Starting download
08-05 19:53:13.456 30457 30986 D HttpDownloader: Download was successful
08-05 19:53:13.457   918  3961 D WifiService: releaseWifiLockLocked: WifiLock{Downloader type=1 binder=android.os.BinderProxy@ab2d4c4}
08-05 19:53:13.457 30457 30457 D OnlineFeedViewActivity: Parsing feed
08-05 19:53:13.463 30457 32046 D TypeGetter: Recognized type RSS 2.0
08-05 19:53:13.465 30457 32046 D SyndHandler: Recognized ITunes namespace
08-05 19:53:13.465 30457 32046 D SyndHandler: Recognized Atom namespace
08-05 19:53:13.465 30457 32046 D SyndHandler: Recognized Content namespace
08-05 19:53:13.471 30457 32046 D OnlineFeedViewActivity: Deleted feed source file. Result: true
08-05 19:53:13.471 30457 30457 D OnlineFeedViewActivity: Removing HTML from shownotes
08-05 19:53:13.569 30457 30457 D PlaybackController: Releasing PlaybackController
08-05 19:53:13.657 30457 30471 I art     : Starting a blocking GC Explicit
08-05 19:53:13.694 30457 30471 I art     : Explicit concurrent mark sweep GC freed 3717(378KB) AllocSpace objects, 5(148KB) LOS objects, 35% free, 28MB/44MB, paused 1.245ms total 36.373ms
08-05 19:53:13.706 30457 30471 I art     : Starting a blocking GC Explicit
08-05 19:53:13.740 30457 30471 I art     : Explicit concurrent mark sweep GC freed 657(31KB) AllocSpace objects, 1(112KB) LOS objects, 35% free, 28MB/44MB, paused 1.157ms total 34.491ms
08-05 19:53:13.752 30457 30471 I art     : Starting a blocking GC Explicit
08-05 19:53:13.789 30457 30471 I art     : Explicit concurrent mark sweep GC freed 3(96B) AllocSpace objects, 0(0B) LOS objects, 35% free, 28MB/44MB, paused 1.319ms total 36.210ms
08-05 19:53:13.801 30457 30471 I art     : Starting a blocking GC Explicit
08-05 19:53:13.836 30457 30471 I art     : Explicit concurrent mark sweep GC freed 3(96B) AllocSpace objects, 0(0B) LOS objects, 35% free, 28MB/44MB, paused 1.230ms total 35.173ms
08-05 19:53:13.848 30457 30471 I art     : Starting a blocking GC Explicit
08-05 19:53:13.885 30457 30471 I art     : Explicit concurrent mark sweep GC freed 32(880B) AllocSpace objects, 0(0B) LOS objects, 35% free, 28MB/44MB, paused 1.256ms total 36.727ms
08-05 19:53:14.207 30457 30485 I art     : Starting a blocking GC Explicit
08-05 19:53:14.254 30457 30485 I art     : Explicit concurrent mark sweep GC freed 1374(82KB) AllocSpace objects, 1(20KB) LOS objects, 35% free, 28MB/44MB, paused 1.299ms total 46.361ms
08-05 19:53:14.268 30457 30485 I art     : Starting a blocking GC Explicit
08-05 19:53:14.306 30457 30485 I art     : Explicit concurrent mark sweep GC freed 23(752B) AllocSpace objects, 0(0B) LOS objects, 35% free, 28MB/44MB, paused 1.276ms total 38.092ms
08-05 19:53:14.319 30457 30485 I art     : Starting a blocking GC Explicit
08-05 19:53:14.321 27644 27644 I ServiceManager: Waiting for service AtCmdFwd...
08-05 19:53:14.358 30457 30485 I art     : Explicit concurrent mark sweep GC freed 3(96B) AllocSpace objects, 0(0B) LOS objects, 35% free, 28MB/44MB, paused 1.377ms total 38.792ms
08-05 19:53:14.370 30457 30485 I art     : Starting a blocking GC Explicit
08-05 19:53:14.409 30457 30485 I art     : Explicit concurrent mark sweep GC freed 3(96B) AllocSpace objects, 0(0B) LOS objects, 35% free, 28MB/44MB, paused 1.265ms total 38.229ms
08-05 19:53:14.421 30457 30485 I art     : Starting a blocking GC Explicit
08-05 19:53:14.460 30457 30485 I art     : Explicit concurrent mark sweep GC freed 3(96B) AllocSpace objects, 0(0B) LOS objects, 35% free, 28MB/44MB, paused 1.289ms total 38.942ms
08-05 19:53:14.807 30457 31586 I art     : Starting a blocking GC Explicit
08-05 19:53:14.854 30457 31586 I art     : Explicit concurrent mark sweep GC freed 1372(80KB) AllocSpace objects, 1(20KB) LOS objects, 35% free, 28MB/44MB, paused 1.339ms total 47.134ms
08-05 19:53:14.869 30457 31586 I art     : Starting a blocking GC Explicit
08-05 19:53:14.907 30457 31586 I art     : Explicit concurrent mark sweep GC freed 52(1536B) AllocSpace objects, 0(0B) LOS objects, 35% free, 28MB/44MB, paused 1.351ms total 38.339ms
08-05 19:53:14.920 30457 31586 I art     : Starting a blocking GC Explicit
08-05 19:53:14.958 30457 31586 I art     : Explicit concurrent mark sweep GC freed 3(96B) AllocSpace objects, 0(0B) LOS objects, 35% free, 28MB/44MB, paused 1.450ms total 38.546ms
08-05 19:53:14.971 30457 31586 I art     : Starting a blocking GC Explicit
08-05 19:53:15.010 30457 31586 I art     : Explicit concurrent mark sweep GC freed 3(96B) AllocSpace objects, 0(0B) LOS objects, 35% free, 28MB/44MB, paused 1.240ms total 39.164ms
08-05 19:53:15.023 30457 31586 I art     : Starting a blocking GC Explicit
08-05 19:53:15.062 30457 31586 I art     : Explicit concurrent mark sweep GC freed 3(96B) AllocSpace objects, 0(0B) LOS objects, 35% free, 28MB/44MB, paused 1.282ms total 38.652ms
08-05 19:53:15.062 30457 30468 I art     : WaitForGcToComplete blocked for 12.188ms for cause HeapTrim
08-05 19:53:15.321 27644 27644 W Atfwd_Sendcmd: AtCmdFwd service not published, waiting... retryCnt : 4
08-05 19:53:15.393 30457 30471 I art     : Starting a blocking GC Explicit
08-05 19:53:15.430 30457 30471 I art     : Explicit concurrent mark sweep GC freed 1402(81KB) AllocSpace objects, 1(20KB) LOS objects, 35% free, 28MB/44MB, paused 1.333ms total 37.478ms
08-05 19:53:15.445 30457 30471 I art     : Starting a blocking GC Explicit
08-05 19:53:15.485 30457 30471 I art     : Explicit concurrent mark sweep GC freed 49(2928B) AllocSpace objects, 0(0B) LOS objects, 35% free, 28MB/44MB, paused 1.268ms total 39.623ms
08-05 19:53:15.497 30457 30471 I art     : Starting a blocking GC Explicit
08-05 19:53:15.536 30457 30471 I art     : Explicit concurrent mark sweep GC freed 16(848B) AllocSpace objects, 0(0B) LOS objects, 35% free, 28MB/44MB, paused 1.251ms total 38.371ms
08-05 19:53:15.549 30457 30471 I art     : Starting a blocking GC Explicit
08-05 19:53:15.588 30457 30471 I art     : Explicit concurrent mark sweep GC freed 3(96B) AllocSpace objects, 0(0B) LOS objects, 35% free, 28MB/44MB, paused 1.450ms total 39.329ms
08-05 19:53:15.601 30457 30471 I art     : Starting a blocking GC Explicit
08-05 19:53:15.639 30457 30471 I art     : Explicit concurrent mark sweep GC freed 3(96B) AllocSpace objects, 0(0B) LOS objects, 35% free, 28MB/44MB, paused 1.348ms total 37.716ms
08-05 19:53:15.713 13866 13882 I PeriodicStatsRunner: PeriodicStatsRunner.call():175 call()
08-05 19:53:15.713 13866 13882 I PeriodicStatsRunner: PeriodicStatsRunner.call():179 No submit PeriodicStats since input started.
08-05 19:53:15.985 30457 30485 I art     : Starting a blocking GC Explicit
08-05 19:53:16.033 30457 30485 I art     : Explicit concurrent mark sweep GC freed 1401(81KB) AllocSpace objects, 1(20KB) LOS objects, 35% free, 28MB/44MB, paused 1.308ms total 47.591ms
08-05 19:53:16.048 30457 30485 I art     : Starting a blocking GC Explicit
08-05 19:53:16.088 30457 30485 I art     : Explicit concurrent mark sweep GC freed 23(752B) AllocSpace objects, 0(0B) LOS objects, 35% free, 28MB/44MB, paused 1.367ms total 39.229ms
08-05 19:53:16.100 30457 30485 I art     : Starting a blocking GC Explicit
08-05 19:53:16.139 30457 30485 I art     : Explicit concurrent mark sweep GC freed 3(96B) AllocSpace objects, 0(0B) LOS objects, 35% free, 28MB/44MB, paused 1.287ms total 38.135ms
08-05 19:53:16.151 30457 30485 I art     : Starting a blocking GC Explicit
08-05 19:53:16.189 30457 30485 I art     : Explicit concurrent mark sweep GC freed 83(6KB) AllocSpace objects, 0(0B) LOS objects, 35% free, 28MB/44MB, paused 1.182ms total 37.327ms
08-05 19:53:16.202 30457 30485 I art     : Starting a blocking GC Explicit
08-05 19:53:16.240 30457 30485 I art     : Explicit concurrent mark sweep GC freed 42(2352B) AllocSpace objects, 0(0B) LOS objects, 35% free, 28MB/44MB, paused 1.099ms total 38.076ms
08-05 19:53:16.596 30457 31586 I art     : Starting a blocking GC Explicit
08-05 19:53:16.648 30457 31586 I art     : Explicit concurrent mark sweep GC freed 1372(80KB) AllocSpace objects, 1(20KB) LOS objects, 35% free, 28MB/44MB, paused 1.190ms total 51.216ms
08-05 19:53:16.664 30457 31586 I art     : Starting a blocking GC Explicit
08-05 19:53:16.707 30457 31586 I art     : Explicit concurrent mark sweep GC freed 23(752B) AllocSpace objects, 0(0B) LOS objects, 35% free, 28MB/44MB, paused 1.142ms total 41.983ms
08-05 19:53:16.719 30457 31586 I art     : Starting a blocking GC Explicit
08-05 19:53:16.757 30457 31586 I art     : Explicit concurrent mark sweep GC freed 3(96B) AllocSpace objects, 0(0B) LOS objects, 35% free, 28MB/44MB, paused 1.253ms total 38.037ms
08-05 19:53:16.770 30457 31586 I art     : Starting a blocking GC Explicit
08-05 19:53:16.807 30457 31586 I art     : Explicit concurrent mark sweep GC freed 3(96B) AllocSpace objects, 0(0B) LOS objects, 35% free, 28MB/44MB, paused 1.137ms total 36.878ms
08-05 19:53:16.819 30457 31586 I art     : Starting a blocking GC Explicit
08-05 19:53:16.858 30457 31586 I art     : Explicit concurrent mark sweep GC freed 3(96B) AllocSpace objects, 0(0B) LOS objects, 35% free, 28MB/44MB, paused 1.283ms total 38.543ms
08-05 19:53:17.222 30457 30470 I art     : Starting a blocking GC Explicit
08-05 19:53:17.271 30457 30470 I art     : Explicit concurrent mark sweep GC freed 1402(83KB) AllocSpace objects, 1(20KB) LOS objects, 35% free, 28MB/44MB, paused 1.104ms total 48.522ms
08-05 19:53:17.283 30457 30470 I art     : Starting a blocking GC Explicit
08-05 19:53:17.323 30457 30470 I art     : Explicit concurrent mark sweep GC freed 23(752B) AllocSpace objects, 0(0B) LOS objects, 35% free, 28MB/44MB, paused 1.143ms total 39.451ms
08-05 19:53:17.335 30457 30470 I art     : Starting a blocking GC Explicit
08-05 19:53:17.374 30457 30470 I art     : Explicit concurrent mark sweep GC freed 3(96B) AllocSpace objects, 0(0B) LOS objects, 35% free, 28MB/44MB, paused 1.157ms total 38.667ms
08-05 19:53:17.387 30457 30470 I art     : Starting a blocking GC Explicit
08-05 19:53:17.425 30457 30470 I art     : Explicit concurrent mark sweep GC freed 3(96B) AllocSpace objects, 0(0B) LOS objects, 35% free, 28MB/44MB, paused 1.154ms total 38.253ms
08-05 19:53:17.438 30457 30470 I art     : Starting a blocking GC Explicit
08-05 19:53:17.476 30457 30470 I art     : Explicit concurrent mark sweep GC freed 3(96B) AllocSpace objects, 0(0B) LOS objects, 35% free, 28MB/44MB, paused 1.144ms total 38.602ms
08-05 19:53:17.787 13866 13882 I PeriodicStatsRunner: PeriodicStatsRunner.call():175 call()
08-05 19:53:17.787 13866 13882 I PeriodicStatsRunner: PeriodicStatsRunner.call():179 No submit PeriodicStats since input started.
08-05 19:53:17.835 30457 30471 I art     : Starting a blocking GC Explicit
08-05 19:53:17.883 30457 30471 I art     : Explicit concurrent mark sweep GC freed 1400(81KB) AllocSpace objects, 1(20KB) LOS objects, 35% free, 28MB/44MB, paused 1.233ms total 46.912ms
08-05 19:53:17.895 30457 30471 I art     : Starting a blocking GC Explicit
08-05 19:53:17.933 30457 30471 I art     : Explicit concurrent mark sweep GC freed 24(784B) AllocSpace objects, 0(0B) LOS objects, 35% free, 28MB/44MB, paused 1.150ms total 36.924ms
08-05 19:53:17.945 30457 30471 I art     : Starting a blocking GC Explicit
08-05 19:53:17.984 30457 30471 I art     : Explicit concurrent mark sweep GC freed 3(96B) AllocSpace objects, 0(0B) LOS objects, 35% free, 28MB/44MB, paused 1.152ms total 38.275ms
08-05 19:53:17.996 30457 30471 I art     : Starting a blocking GC Explicit
08-05 19:53:18.035 30457 30471 I art     : Explicit concurrent mark sweep GC freed 3(96B) AllocSpace objects, 0(0B) LOS objects, 35% free, 28MB/44MB, paused 1.141ms total 38.974ms
08-05 19:53:18.048 30457 30471 I art     : Starting a blocking GC Explicit
08-05 19:53:18.071 13866 13882 I PeriodicStatsRunner: PeriodicStatsRunner.call():175 call()
08-05 19:53:18.071 13866 13882 I PeriodicStatsRunner: PeriodicStatsRunner.call():179 No submit PeriodicStats since input started.
08-05 19:53:18.086 30457 30471 I art     : Explicit concurrent mark sweep GC freed 3(96B) AllocSpace objects, 0(0B) LOS objects, 35% free, 28MB/44MB, paused 1.147ms total 37.910ms
08-05 19:53:18.160 13866 13882 I PeriodicStatsRunner: PeriodicStatsRunner.call():175 call()
08-05 19:53:18.160 13866 13882 I PeriodicStatsRunner: PeriodicStatsRunner.call():179 No submit PeriodicStats since input started.
08-05 19:53:18.439 30457 30485 I art     : Starting a blocking GC Explicit
08-05 19:53:18.490 30457 30485 I art     : Explicit concurrent mark sweep GC freed 1372(80KB) AllocSpace objects, 1(20KB) LOS objects, 35% free, 28MB/44MB, paused 1.422ms total 50.563ms
08-05 19:53:18.505 30457 30485 I art     : Starting a blocking GC Explicit
08-05 19:53:18.547 30457 30485 I art     : Explicit concurrent mark sweep GC freed 23(752B) AllocSpace objects, 0(0B) LOS objects, 35% free, 28MB/44MB, paused 1.119ms total 41.394ms
08-05 19:53:18.560 30457 30485 I art     : Starting a blocking GC Explicit
08-05 19:53:18.598 30457 30485 I art     : Explicit concurrent mark sweep GC freed 3(96B) AllocSpace objects, 0(0B) LOS objects, 35% free, 28MB/44MB, paused 1.095ms total 38.335ms
08-05 19:53:18.611 30457 30485 I art     : Starting a blocking GC Explicit
08-05 19:53:18.650 30457 30485 I art     : Explicit concurrent mark sweep GC freed 3(96B) AllocSpace objects, 0(0B) LOS objects, 35% free, 28MB/44MB, paused 1.151ms total 38.695ms
08-05 19:53:18.662 30457 30485 I art     : Starting a blocking GC Explicit
08-05 19:53:18.701 30457 30485 I art     : Explicit concurrent mark sweep GC freed 3(96B) AllocSpace objects, 0(0B) LOS objects, 35% free, 28MB/44MB, paused 1.072ms total 38.421ms
08-05 19:53:19.064 30457 31586 I art     : Starting a blocking GC Explicit
08-05 19:53:19.107   918  1209 D NetworkMonitor/NetworkAgentInfo [WIFI () - 159]: Checking http://connectivitycheck.gstatic.com/generate_204 on "H369AA63323", 192.168.2.12=192.168.2.12
08-05 19:53:19.111 30457 31586 I art     : Explicit concurrent mark sweep GC freed 1401(81KB) AllocSpace objects, 1(20KB) LOS objects, 35% free, 28MB/44MB, paused 1.090ms total 47.280ms
08-05 19:53:19.126 30457 31586 I art     : Starting a blocking GC Explicit
08-05 19:53:19.166 30457 31586 I art     : Explicit concurrent mark sweep GC freed 23(752B) AllocSpace objects, 0(0B) LOS objects, 35% free, 28MB/44MB, paused 1.146ms total 39.868ms
08-05 19:53:19.171   918  1209 D NetworkMonitor/NetworkAgentInfo [WIFI () - 159]: Probably not a portal: exception java.io.IOException: unexpected end of stream on Connection{connectivitycheck.gstatic.com:80, proxy=HTTP@/192.168.2.12:8080 hostAddress=192.168.2.12 cipherSuite=none protocol=http/1.1} (recycle count=0)
08-05 19:53:19.173   918  3263 D ConnectivityService: NetworkAgentInfo [WIFI () - 159] validation failed
08-05 19:53:19.175   918  3261 E WifiConfigStore:  rewrite network history for "H369AA63323"WPA_PSK
08-05 19:53:19.178 30457 31586 I art     : Starting a blocking GC Explicit
08-05 19:53:19.216 30457 31586 I art     : Explicit concurrent mark sweep GC freed 3(96B) AllocSpace objects, 0(0B) LOS objects, 35% free, 28MB/44MB, paused 1.076ms total 37.526ms
08-05 19:53:19.228 30457 31586 I art     : Starting a blocking GC Explicit
08-05 19:53:19.268 30457 31586 I art     : Explicit concurrent mark sweep GC freed 3(96B) AllocSpace objects, 0(0B) LOS objects, 35% free, 28MB/44MB, paused 1.260ms total 39.361ms
08-05 19:53:19.280 30457 31586 I art     : Starting a blocking GC Explicit
08-05 19:53:19.319 30457 31586 I art     : Explicit concurrent mark sweep GC freed 3(96B) AllocSpace objects, 0(0B) LOS objects, 35% free, 28MB/44MB, paused 1.155ms total 38.841ms
08-05 19:53:19.665 30457 30470 I art     : Starting a blocking GC Explicit
08-05 19:53:19.711 30457 30470 I art     : Explicit concurrent mark sweep GC freed 1372(80KB) AllocSpace objects, 1(20KB) LOS objects, 35% free, 28MB/44MB, paused 1.146ms total 45.303ms
08-05 19:53:19.726 30457 30470 I art     : Starting a blocking GC Explicit
08-05 19:53:19.764 30457 30470 I art     : Explicit concurrent mark sweep GC freed 23(752B) AllocSpace objects, 0(0B) LOS objects, 35% free, 28MB/44MB, paused 1.162ms total 38.374ms
08-05 19:53:19.777 30457 30470 I art     : Starting a blocking GC Explicit
08-05 19:53:19.816 30457 30470 I art     : Explicit concurrent mark sweep GC freed 3(96B) AllocSpace objects, 0(0B) LOS objects, 35% free, 28MB/44MB, paused 1.118ms total 39.288ms
08-05 19:53:19.829 30457 30470 I art     : Starting a blocking GC Explicit
08-05 19:53:19.867 30457 30470 I art     : Explicit concurrent mark sweep GC freed 3(96B) AllocSpace objects, 0(0B) LOS objects, 35% free, 28MB/44MB, paused 1.192ms total 38.130ms
08-05 19:53:19.879 30457 30470 I art     : Starting a blocking GC Explicit
08-05 19:53:19.919 30457 30470 I art     : Explicit concurrent mark sweep GC freed 32(880B) AllocSpace objects, 0(0B) LOS objects, 35% free, 28MB/44MB, paused 1.061ms total 39.297ms
08-05 19:53:20.252 30457 30471 I art     : Starting a blocking GC Explicit
08-05 19:53:20.302 30457 30471 I art     : Explicit concurrent mark sweep GC freed 1372(80KB) AllocSpace objects, 1(20KB) LOS objects, 35% free, 28MB/44MB, paused 1.263ms total 50.094ms
08-05 19:53:20.320 30457 30471 I art     : Starting a blocking GC Explicit
08-05 19:53:20.361 30457 30471 I art     : Explicit concurrent mark sweep GC freed 23(752B) AllocSpace objects, 0(0B) LOS objects, 35% free, 28MB/44MB, paused 1.159ms total 40.913ms
08-05 19:53:20.374 30457 30471 I art     : Starting a blocking GC Explicit
08-05 19:53:20.413 30457 30471 I art     : Explicit concurrent mark sweep GC freed 3(96B) AllocSpace objects, 0(0B) LOS objects, 35% free, 28MB/44MB, paused 1.141ms total 38.878ms
08-05 19:53:20.425 30457 30471 I art     : Starting a blocking GC Explicit
08-05 19:53:20.463 30457 30471 I art     : Explicit concurrent mark sweep GC freed 3(96B) AllocSpace objects, 0(0B) LOS objects, 35% free, 28MB/44MB, paused 1.138ms total 37.482ms
08-05 19:53:20.464 30457 30468 I art     : WaitForGcToComplete blocked for 32.768ms for cause HeapTrim
08-05 19:53:20.476 30457 30471 I art     : Starting a blocking GC Explicit
08-05 19:53:20.515 30457 30471 I art     : Explicit concurrent mark sweep GC freed 3(96B) AllocSpace objects, 0(0B) LOS objects, 35% free, 28MB/44MB, paused 1.129ms total 38.924ms
08-05 19:53:20.855 30457 30485 I art     : Starting a blocking GC Explicit
08-05 19:53:20.902 30457 30485 I art     : Explicit concurrent mark sweep GC freed 1401(81KB) AllocSpace objects, 1(20KB) LOS objects, 35% free, 28MB/44MB, paused 1.222ms total 47.159ms
08-05 19:53:20.917 30457 30485 I art     : Starting a blocking GC Explicit
08-05 19:53:20.954 30457 30485 I art     : Explicit concurrent mark sweep GC freed 23(752B) AllocSpace objects, 0(0B) LOS objects, 35% free, 28MB/44MB, paused 1.092ms total 36.779ms
08-05 19:53:20.967 30457 30485 I art     : Starting a blocking GC Explicit
08-05 19:53:21.001 30457 30485 I art     : Explicit concurrent mark sweep GC freed 3(96B) AllocSpace objects, 0(0B) LOS objects, 35% free, 28MB/44MB, paused 1.060ms total 34.670ms
08-05 19:53:21.013 30457 30485 I art     : Starting a blocking GC Explicit
08-05 19:53:21.047 30457 30485 I art     : Explicit concurrent mark sweep GC freed 3(96B) AllocSpace objects, 0(0B) LOS objects, 35% free, 28MB/44MB, paused 1.132ms total 33.451ms
08-05 19:53:21.059 30457 30485 I art     : Starting a blocking GC Explicit
08-05 19:53:21.094 30457 30485 I art     : Explicit concurrent mark sweep GC freed 3(96B) AllocSpace objects, 0(0B) LOS objects, 35% free, 28MB/44MB, paused 1.172ms total 34.891ms
08-05 19:53:21.424 30457 31586 I art     : Starting a blocking GC Explicit
08-05 19:53:21.466 30457 31586 I art     : Explicit concurrent mark sweep GC freed 1372(80KB) AllocSpace objects, 1(20KB) LOS objects, 35% free, 28MB/44MB, paused 1.227ms total 41.649ms
08-05 19:53:21.482 30457 31586 I art     : Starting a blocking GC Explicit
08-05 19:53:21.518 30457 31586 I art     : Explicit concurrent mark sweep GC freed 23(752B) AllocSpace objects, 0(0B) LOS objects, 35% free, 28MB/44MB, paused 1.215ms total 36.263ms
08-05 19:53:21.523 32179 32179 D AndroidRuntime: >>>>>> START com.android.internal.os.RuntimeInit uid 2000 <<<<<<
08-05 19:53:21.529 32179 32179 D AndroidRuntime: CheckJNI is OFF
08-05 19:53:21.530 30457 31586 I art     : Starting a blocking GC Explicit
08-05 19:53:21.566 30457 31586 I art     : Explicit concurrent mark sweep GC freed 3(96B) AllocSpace objects, 0(0B) LOS objects, 35% free, 28MB/44MB, paused 1.148ms total 35.746ms
08-05 19:53:21.575 32179 32179 D ICU     : No timezone override file found: /data/misc/zoneinfo/current/icu/icu_tzdata.dat
08-05 19:53:21.578 30457 31586 I art     : Starting a blocking GC Explicit
08-05 19:53:21.614 30457 31586 I art     : Explicit concurrent mark sweep GC freed 3(96B) AllocSpace objects, 0(0B) LOS objects, 35% free, 28MB/44MB, paused 1.194ms total 35.340ms
08-05 19:53:21.622 32179 32179 I Radio-JNI: register_android_hardware_Radio DONE
08-05 19:53:21.626 30457 31586 I art     : Starting a blocking GC Explicit
08-05 19:53:21.652 32179 32179 D AndroidRuntime: Calling main entry com.android.commands.input.Input
08-05 19:53:21.654 32179 32179 I Input   : injectKeyEvent: KeyEvent { action=ACTION_DOWN, keyCode=KEYCODE_BACK, scanCode=0, metaState=0, flags=0x0, repeatCount=0, eventTime=820418067, downTime=820418067, deviceId=-1, source=0x101 }
08-05 19:53:21.661 30457 31586 I art     : Explicit concurrent mark sweep GC freed 8(528B) AllocSpace objects, 0(0B) LOS objects, 35% free, 28MB/44MB, paused 1.190ms total 35.241ms
08-05 19:53:21.662 32179 32179 I Input   : injectKeyEvent: KeyEvent { action=ACTION_UP, keyCode=KEYCODE_BACK, scanCode=0, metaState=0, flags=0x0, repeatCount=0, eventTime=820418067, downTime=820418067, deviceId=-1, source=0x101 }
08-05 19:53:21.669 32179 32179 D AndroidRuntime: Shutting down VM
08-05 19:53:21.674 30457 30457 V PlaybackController: initServiceNotRunning()
08-05 19:53:21.674 30457 30457 D ExternalPlayerFragment: Loading media info
08-05 19:53:21.681 30457 30457 D UserPreferences: Using default data folder
08-05 19:53:21.682 30457 30986 D DBReader: getNavDrawerData() called with: 
08-05 19:53:21.694 30457 30986 D DBReader: getDownloadedItems() called
08-05 19:53:21.695 30457 30986 D DBReader: getFavoriteIDList() called
08-05 19:53:21.696 30457 30986 D DBReader: getQueueIDList() called
08-05 19:53:21.697 30457 30986 D DBReader: Extracting Feedlist
08-05 19:53:21.714 13866 13866 I GoogleInputMethodServic: GoogleInputMethodService.onFinishInput():3138 
08-05 19:53:21.714 30457 30457 D MainActivity: getLastNavFragment() -> AddFeedFragment
08-05 19:53:21.715 13866 13866 I GoogleInputMethodServic: GoogleInputMethodService.onStartInput():1808 
08-05 19:53:21.951 30457 30470 I art     : Starting a blocking GC Explicit
08-05 19:53:21.995 30457 30470 I art     : Explicit concurrent mark sweep GC freed 2507(153KB) AllocSpace objects, 1(20KB) LOS objects, 35% free, 28MB/44MB, paused 1.246ms total 43.246ms
08-05 19:53:22.009 30457 30470 I art     : Starting a blocking GC Explicit
08-05 19:53:22.022   380   380 W SurfaceFlinger: couldn't log to binary event log: overflow.
08-05 19:53:22.045 30457 30470 I art     : Explicit concurrent mark sweep GC freed 948(45KB) AllocSpace objects, 0(0B) LOS objects, 35% free, 28MB/44MB, paused 1.125ms total 35.439ms
08-05 19:53:22.057 30457 30470 I art     : Starting a blocking GC Explicit
08-05 19:53:22.089 30457 30470 I art     : Explicit concurrent mark sweep GC freed 104(3KB) AllocSpace objects, 0(0B) LOS objects, 35% free, 28MB/44MB, paused 1.106ms total 31.584ms
08-05 19:53:22.100 30457 30470 I art     : Starting a blocking GC Explicit
08-05 19:53:22.134 30457 30470 I art     : Explicit concurrent mark sweep GC freed 2437(152KB) AllocSpace objects, 1(28KB) LOS objects, 36% free, 28MB/44MB, paused 1.079ms total 33.203ms
08-05 19:53:22.145 30457 30470 I art     : Starting a blocking GC Explicit
08-05 19:53:22.179 30457 30470 I art     : Explicit concurrent mark sweep GC freed 3(96B) AllocSpace objects, 0(0B) LOS objects, 36% free, 28MB/44MB, paused 1.131ms total 33.555ms
08-05 19:53:22.504 30457 30485 I art     : Starting a blocking GC Explicit
08-05 19:53:22.549 30457 30485 I art     : Explicit concurrent mark sweep GC freed 1372(80KB) AllocSpace objects, 1(20KB) LOS objects, 36% free, 28MB/44MB, paused 1.300ms total 44.526ms
08-05 19:53:22.563 30457 30485 I art     : Starting a blocking GC Explicit
08-05 19:53:22.598 30457 30485 I art     : Explicit concurrent mark sweep GC freed 23(752B) AllocSpace objects, 0(0B) LOS objects, 36% free, 28MB/44MB, paused 1.200ms total 34.753ms
08-05 19:53:22.610 30457 30485 I art     : Starting a blocking GC Explicit
08-05 19:53:22.645 30457 30485 I art     : Explicit concurrent mark sweep GC freed 3(96B) AllocSpace objects, 0(0B) LOS objects, 36% free, 28MB/44MB, paused 1.098ms total 34.532ms
08-05 19:53:22.657 30457 30485 I art     : Starting a blocking GC Explicit
08-05 19:53:22.691 30457 30485 I art     : Explicit concurrent mark sweep GC freed 3(96B) AllocSpace objects, 0(0B) LOS objects, 36% free, 28MB/44MB, paused 1.125ms total 34.135ms
08-05 19:53:22.703 30457 30485 I art     : Starting a blocking GC Explicit
08-05 19:53:22.737 30457 30485 I art     : Explicit concurrent mark sweep GC freed 3(96B) AllocSpace objects, 0(0B) LOS objects, 36% free, 28MB/44MB, paused 1.235ms total 34.214ms
08-05 19:53:23.034 30457 31586 I art     : Starting a blocking GC Explicit
08-05 19:53:23.074 30457 31586 I art     : Explicit concurrent mark sweep GC freed 1403(83KB) AllocSpace objects, 1(20KB) LOS objects, 36% free, 28MB/44MB, paused 1.183ms total 39.077ms
08-05 19:53:23.087 30457 31586 I art     : Starting a blocking GC Explicit
08-05 19:53:23.121 30457 31586 I art     : Explicit concurrent mark sweep GC freed 23(752B) AllocSpace objects, 0(0B) LOS objects, 36% free, 28MB/44MB, paused 1.106ms total 33.387ms
08-05 19:53:23.133 30457 31586 I art     : Starting a blocking GC Explicit
08-05 19:53:23.166 30457 31586 I art     : Explicit concurrent mark sweep GC freed 3(96B) AllocSpace objects, 0(0B) LOS objects, 36% free, 28MB/44MB, paused 1.147ms total 32.882ms
08-05 19:53:23.178 30457 31586 I art     : Starting a blocking GC Explicit
08-05 19:53:23.211 30457 31586 I art     : Explicit concurrent mark sweep GC freed 3(96B) AllocSpace objects, 0(0B) LOS objects, 36% free, 28MB/44MB, paused 1.121ms total 33.235ms
08-05 19:53:23.223 30457 31586 I art     : Starting a blocking GC Explicit
08-05 19:53:23.257 30457 31586 I art     : Explicit concurrent mark sweep GC freed 3(96B) AllocSpace objects, 0(0B) LOS objects, 36% free, 28MB/44MB, paused 1.121ms total 33.216ms
08-05 19:53:23.449 32224 32224 D AndroidRuntime: >>>>>> START com.android.internal.os.RuntimeInit uid 2000 <<<<<<
08-05 19:53:23.456 32224 32224 D AndroidRuntime: CheckJNI is OFF
08-05 19:53:23.497 32224 32224 D ICU     : No timezone override file found: /data/misc/zoneinfo/current/icu/icu_tzdata.dat
08-05 19:53:23.538 32224 32224 I Radio-JNI: register_android_hardware_Radio DONE
08-05 19:53:23.565 32224 32224 D AndroidRuntime: Calling main entry com.android.commands.input.Input
08-05 19:53:23.567 32224 32224 I Input   : injectKeyEvent: KeyEvent { action=ACTION_DOWN, keyCode=KEYCODE_BACK, scanCode=0, metaState=0, flags=0x0, repeatCount=0, eventTime=820419980, downTime=820419980, deviceId=-1, source=0x101 }
08-05 19:53:23.570 30457 30470 I art     : Starting a blocking GC Explicit
08-05 19:53:23.575 32224 32224 I Input   : injectKeyEvent: KeyEvent { action=ACTION_UP, keyCode=KEYCODE_BACK, scanCode=0, metaState=0, flags=0x0, repeatCount=0, eventTime=820419980, downTime=820419980, deviceId=-1, source=0x101 }
08-05 19:53:23.593 13866 13866 I GoogleInputMethodServic: GoogleInputMethodService.onFinishInput():3138 
08-05 19:53:23.594 13866 13866 I GoogleInputMethodServic: GoogleInputMethodService.onStartInput():1808 
08-05 19:53:23.600 32224 32224 D AndroidRuntime: Shutting down VM
08-05 19:53:23.605 30457 30470 I art     : Explicit concurrent mark sweep GC freed 2341(118KB) AllocSpace objects, 1(20KB) LOS objects, 35% free, 28MB/44MB, paused 1.887ms total 35.119ms
08-05 19:53:23.618 30457 30470 I art     : Starting a blocking GC Explicit
08-05 19:53:23.651 30457 30470 I art     : Explicit concurrent mark sweep GC freed 368(20KB) AllocSpace objects, 0(0B) LOS objects, 36% free, 28MB/44MB, paused 1.024ms total 33.177ms
08-05 19:53:23.662 30457 30470 I art     : Starting a blocking GC Explicit
08-05 19:53:23.696 30457 30470 I art     : Explicit concurrent mark sweep GC freed 2531(167KB) AllocSpace objects, 9(1540KB) LOS objects, 37% free, 26MB/42MB, paused 1.090ms total 33.333ms
08-05 19:53:23.707 30457 30470 I art     : Starting a blocking GC Explicit
08-05 19:53:23.741 30457 30470 I art     : Explicit concurrent mark sweep GC freed 23(896B) AllocSpace objects, 0(0B) LOS objects, 37% free, 26MB/42MB, paused 1.097ms total 33.288ms
08-05 19:53:23.753 30457 30470 I art     : Starting a blocking GC Explicit
08-05 19:53:23.787 30457 30470 I art     : Explicit concurrent mark sweep GC freed 3(96B) AllocSpace objects, 0(0B) LOS objects, 37% free, 26MB/42MB, paused 1.091ms total 33.590ms
08-05 19:53:24.085 30457 30485 I art     : Starting a blocking GC Explicit
08-05 19:53:24.130 30457 30485 I art     : Explicit concurrent mark sweep GC freed 1402(81KB) AllocSpace objects, 1(20KB) LOS objects, 37% free, 26MB/42MB, paused 1.239ms total 44.064ms
08-05 19:53:24.144 30457 30485 I art     : Starting a blocking GC Explicit
08-05 19:53:24.178 30457 30485 I art     : Explicit concurrent mark sweep GC freed 23(752B) AllocSpace objects, 0(0B) LOS objects, 37% free, 26MB/42MB, paused 1.123ms total 33.717ms
08-05 19:53:24.190 30457 30485 I art     : Starting a blocking GC Explicit
08-05 19:53:24.224 30457 30485 I art     : Explicit concurrent mark sweep GC freed 3(96B) AllocSpace objects, 0(0B) LOS objects, 37% free, 26MB/42MB, paused 1.115ms total 33.914ms
08-05 19:53:24.236 30457 30485 I art     : Starting a blocking GC Explicit
08-05 19:53:24.270 30457 30485 I art     : Explicit concurrent mark sweep GC freed 3(96B) AllocSpace objects, 0(0B) LOS objects, 37% free, 26MB/42MB, paused 1.048ms total 33.565ms
08-05 19:53:24.282 30457 30485 I art     : Starting a blocking GC Explicit
08-05 19:53:24.316 30457 30485 I art     : Explicit concurrent mark sweep GC freed 3(96B) AllocSpace objects, 0(0B) LOS objects, 37% free, 26MB/42MB, paused 1.091ms total 33.851ms
08-05 19:53:24.632 30457 31586 I art     : Starting a blocking GC Explicit
08-05 19:53:24.679 30457 31586 I art     : Explicit concurrent mark sweep GC freed 1372(81KB) AllocSpace objects, 1(20KB) LOS objects, 37% free, 26MB/42MB, paused 1.514ms total 46.757ms
08-05 19:53:24.695 30457 31586 I art     : Starting a blocking GC Explicit
08-05 19:53:24.729 30457 31586 I art     : Explicit concurrent mark sweep GC freed 23(752B) AllocSpace objects, 0(0B) LOS objects, 37% free, 26MB/42MB, paused 1.143ms total 33.915ms
08-05 19:53:24.741 30457 31586 I art     : Starting a blocking GC Explicit
08-05 19:53:24.774 30457 31586 I art     : Explicit concurrent mark sweep GC freed 3(96B) AllocSpace objects, 0(0B) LOS objects, 37% free, 26MB/42MB, paused 1.078ms total 33.257ms
08-05 19:53:24.786 30457 31586 I art     : Starting a blocking GC Explicit
08-05 19:53:24.820 30457 31586 I art     : Explicit concurrent mark sweep GC freed 3(96B) AllocSpace objects, 0(0B) LOS objects, 37% free, 26MB/42MB, paused 1.098ms total 33.554ms
08-05 19:53:24.832 30457 31586 I art     : Starting a blocking GC Explicit
08-05 19:53:24.864 30457 31586 I art     : Explicit concurrent mark sweep GC freed 3(96B) AllocSpace objects, 0(0B) LOS objects, 37% free, 26MB/42MB, paused 1.136ms total 31.859ms
08-05 19:53:25.175 30457 30471 I art     : Starting a blocking GC Explicit
08-05 19:53:25.215 30457 30471 I art     : Explicit concurrent mark sweep GC freed 1403(82KB) AllocSpace objects, 1(20KB) LOS objects, 37% free, 26MB/42MB, paused 1.182ms total 40.216ms
08-05 19:53:25.230 30457 30471 I art     : Starting a blocking GC Explicit
08-05 19:53:25.265 30457 30471 I art     : Explicit concurrent mark sweep GC freed 29(944B) AllocSpace objects, 0(0B) LOS objects, 37% free, 26MB/42MB, paused 1.042ms total 34.904ms
08-05 19:53:25.277 30457 30471 I art     : Starting a blocking GC Explicit
08-05 19:53:25.310 30457 30471 I art     : Explicit concurrent mark sweep GC freed 8(256B) AllocSpace objects, 0(0B) LOS objects, 37% free, 26MB/42MB, paused 1.057ms total 32.502ms
08-05 19:53:25.322 30457 30471 I art     : Starting a blocking GC Explicit
08-05 19:53:25.354 30457 30471 I art     : Explicit concurrent mark sweep GC freed 8(256B) AllocSpace objects, 0(0B) LOS objects, 37% free, 26MB/42MB, paused 1.149ms total 32.005ms
08-05 19:53:25.365 30457 30471 I art     : Starting a blocking GC Explicit
08-05 19:53:25.398 30457 30471 I art     : Explicit concurrent mark sweep GC freed 9(288B) AllocSpace objects, 0(0B) LOS objects, 37% free, 26MB/42MB, paused 1.130ms total 32.076ms
08-05 19:53:25.431 32277 32277 D AndroidRuntime: >>>>>> START com.android.internal.os.RuntimeInit uid 2000 <<<<<<
08-05 19:53:25.438 32277 32277 D AndroidRuntime: CheckJNI is OFF
08-05 19:53:25.478 32277 32277 D ICU     : No timezone override file found: /data/misc/zoneinfo/current/icu/icu_tzdata.dat
08-05 19:53:25.524 32277 32277 I Radio-JNI: register_android_hardware_Radio DONE
08-05 19:53:25.552 32277 32277 D AndroidRuntime: Calling main entry com.android.commands.input.Input
08-05 19:53:25.554 32277 32277 I Input   : injectMotionEvent: MotionEvent { action=ACTION_DOWN, actionButton=0, id[0]=0, x[0]=567.0, y[0]=714.0, toolType[0]=TOOL_TYPE_UNKNOWN, buttonState=0, metaState=0, flags=0x0, edgeFlags=0x0, pointerCount=1, historySize=0, eventTime=820421967, downTime=820421967, deviceId=0, source=0x1002 }
08-05 19:53:25.560 32277 32277 I Input   : injectMotionEvent: MotionEvent { action=ACTION_UP, actionButton=0, id[0]=0, x[0]=567.0, y[0]=714.0, toolType[0]=TOOL_TYPE_UNKNOWN, buttonState=0, metaState=0, flags=0x0, edgeFlags=0x0, pointerCount=1, historySize=0, eventTime=820421967, downTime=820421967, deviceId=0, source=0x1002 }
08-05 19:53:25.564 32277 32277 D AndroidRuntime: Shutting down VM
08-05 19:53:25.581   512  2967 D audio_hw_primary: out_set_parameters: enter: usecase(1: low-latency-playback) kvpairs: routing=2
08-05 19:53:25.594   512  2967 D audio_hw_primary: select_devices: out_snd_device(2: speaker) in_snd_device(0: none)
08-05 19:53:25.594   512  2967 D msm8974_platform: platform_send_audio_calibration: sending audio calibration for snd_device(2) acdb_id(15)
08-05 19:53:25.595   512  2967 I soundtrigger: audio_extn_sound_trigger_update_device_status: device 0x2 of type 0 for Event 1
08-05 19:53:25.604   512  2967 D audio_hw_primary: enable_snd_device: snd_device(2: speaker)
08-05 19:53:25.608   512  2967 D audio_hw_primary: enable_audio_route: apply and update mixer path: low-latency-playback speaker
08-05 19:53:25.714 30457 30470 I art     : Starting a blocking GC Explicit
08-05 19:53:25.750 30457 30470 I art     : Explicit concurrent mark sweep GC freed 3736(178KB) AllocSpace objects, 1(20KB) LOS objects, 37% free, 27MB/43MB, paused 1.213ms total 35.357ms
08-05 19:53:25.762 30457 30470 I art     : Starting a blocking GC Explicit
08-05 19:53:25.797 30457 30470 I art     : Explicit concurrent mark sweep GC freed 4320(198KB) AllocSpace objects, 1(220KB) LOS objects, 37% free, 26MB/42MB, paused 1.414ms total 34.642ms
08-05 19:53:25.808 30457 30470 I art     : Starting a blocking GC Explicit
08-05 19:53:25.840 30457 30470 I art     : Explicit concurrent mark sweep GC freed 1084(46KB) AllocSpace objects, 0(0B) LOS objects, 37% free, 26MB/42MB, paused 1.410ms total 32.166ms
08-05 19:53:25.851 30457 30470 I art     : Starting a blocking GC Explicit
08-05 19:53:25.883 30457 30470 I art     : Explicit concurrent mark sweep GC freed 443(30KB) AllocSpace objects, 0(0B) LOS objects, 37% free, 26MB/42MB, paused 1.356ms total 31.671ms
08-05 19:53:25.894 30457 30470 I art     : Starting a blocking GC Explicit
08-05 19:53:25.925 30457 30470 I art     : Explicit concurrent mark sweep GC freed 100(3KB) AllocSpace objects, 0(0B) LOS objects, 37% free, 26MB/42MB, paused 1.169ms total 30.884ms
08-05 19:53:25.984 30457 30985 I NAPPA_EXPERIMENTATION: MetricNetworkRequestExecutionTime: REQUEST_DURATION_SYSTEM='392',REQUEST_DURATION_OKHTTP='154',REQUEST_SYNCHRONOUS='TRUE',RESPONSE_CODE='400',RESPONSE_METHOD='GET',RESPONSE_LENGTH_OKHTTP='0',RESPONSE_LENGTH_HEADER='0',REQUEST_PROTOCOL='h2',REQUEST_URL='https://itunes.apple.com/en/rss/toppodcasts/limit=25/explicit=true/json',
08-05 19:53:26.137 30457 30985 I NAPPA_EXPERIMENTATION: MetricNetworkRequestExecutionTime: REQUEST_DURATION_SYSTEM='152',REQUEST_DURATION_OKHTTP='151',REQUEST_SYNCHRONOUS='TRUE',RESPONSE_CODE='200',RESPONSE_METHOD='GET',RESPONSE_LENGTH_OKHTTP='-1',RESPONSE_LENGTH_HEADER='10075',REQUEST_PROTOCOL='h2',REQUEST_URL='https://itunes.apple.com/us/rss/toppodcasts/limit=25/explicit=true/json',
08-05 19:53:26.149   512  2967 D audio_hw_primary: disable_audio_route: reset and update mixer path: low-latency-playback speaker
08-05 19:53:26.150   512  2967 D audio_hw_primary: disable_snd_device: snd_device(2: speaker)
08-05 19:53:26.159   512  2967 I soundtrigger: audio_extn_sound_trigger_update_device_status: device 0x2 of type 0 for Event 0
08-05 19:53:26.181 30457 31192 D ApOkHttpUrlLoader: buildLoadData() called with: model = [https://is4-ssl.mzstatic.com/image/thumb/Podcasts114/v4/3f/16/74/3f167426-bf50-ce3a-d709-e4301620fc5b/mza_5832671293059882550.jpeg/170x170bb.png], width = [224], height = [224]
08-05 19:53:26.182 30457 31194 D DBReader: getImageAuthentication() called with: imageUrl = [https://is4-ssl.mzstatic.com/image/thumb/Podcasts114/v4/3f/16/74/3f167426-bf50-ce3a-d709-e4301620fc5b/mza_5832671293059882550.jpeg/170x170bb.png]
08-05 19:53:26.185 30457 31194 D ApOkHttpUrlLoader: no credentials for 'https://is4-ssl.mzstatic.com/image/thumb/Podcasts114/v4/3f/16/74/3f167426-bf50-ce3a-d709-e4301620fc5b/mza_5832671293059882550.jpeg/170x170bb.png'
08-05 19:53:26.188 30457 31186 D ApOkHttpUrlLoader: buildLoadData() called with: model = [https://is4-ssl.mzstatic.com/image/thumb/Podcasts113/v4/e5/8a/10/e58a108f-f5d0-f622-c94a-13f66edd570c/mza_3025981348644196724.jpg/170x170bb.png], width = [224], height = [224]
08-05 19:53:26.189 30457 31193 D DBReader: getImageAuthentication() called with: imageUrl = [https://is4-ssl.mzstatic.com/image/thumb/Podcasts113/v4/e5/8a/10/e58a108f-f5d0-f622-c94a-13f66edd570c/mza_3025981348644196724.jpg/170x170bb.png]
08-05 19:53:26.191 30457 31190 D ApOkHttpUrlLoader: buildLoadData() called with: model = [https://is2-ssl.mzstatic.com/image/thumb/Podcasts113/v4/a9/39/cc/a939ccc5-6d60-0c11-0a4c-16d71cdef89b/mza_8787577209688278658.jpg/170x170bb.png], width = [224], height = [224]
08-05 19:53:26.192 30457 31196 D DBReader: getImageAuthentication() called with: imageUrl = [https://is2-ssl.mzstatic.com/image/thumb/Podcasts113/v4/a9/39/cc/a939ccc5-6d60-0c11-0a4c-16d71cdef89b/mza_8787577209688278658.jpg/170x170bb.png]
08-05 19:53:26.194 30457 31188 D ApOkHttpUrlLoader: buildLoadData() called with: model = [https://is5-ssl.mzstatic.com/image/thumb/Podcasts114/v4/93/cf/99/93cf9960-fff3-205e-6655-72c03ddeccb2/mza_10545582232493904175.jpeg/170x170bb.png], width = [224], height = [224]
08-05 19:53:26.194 30457 31193 D ApOkHttpUrlLoader: no credentials for 'https://is4-ssl.mzstatic.com/image/thumb/Podcasts113/v4/e5/8a/10/e58a108f-f5d0-f622-c94a-13f66edd570c/mza_3025981348644196724.jpg/170x170bb.png'
08-05 19:53:26.195 30457 31189 D DBReader: getImageAuthentication() called with: imageUrl = [https://is5-ssl.mzstatic.com/image/thumb/Podcasts114/v4/93/cf/99/93cf9960-fff3-205e-6655-72c03ddeccb2/mza_10545582232493904175.jpeg/170x170bb.png]
08-05 19:53:26.196 30457 31192 D ApOkHttpUrlLoader: buildLoadData() called with: model = [https://is4-ssl.mzstatic.com/image/thumb/Podcasts124/v4/49/a4/91/49a491b7-3daf-c5dc-d7c6-6c4f1486955c/mza_5930014091766152297.png/170x170bb.png], width = [224], height = [224]
08-05 19:53:26.197 30457 31196 D ApOkHttpUrlLoader: no credentials for 'https://is2-ssl.mzstatic.com/image/thumb/Podcasts113/v4/a9/39/cc/a939ccc5-6d60-0c11-0a4c-16d71cdef89b/mza_8787577209688278658.jpg/170x170bb.png'
08-05 19:53:26.197 30457 31187 D DBReader: getImageAuthentication() called with: imageUrl = [https://is4-ssl.mzstatic.com/image/thumb/Podcasts124/v4/49/a4/91/49a491b7-3daf-c5dc-d7c6-6c4f1486955c/mza_5930014091766152297.png/170x170bb.png]
08-05 19:53:26.199 30457 31186 D ApOkHttpUrlLoader: buildLoadData() called with: model = [https://is5-ssl.mzstatic.com/image/thumb/Podcasts113/v4/fd/54/6e/fd546ea0-7ab2-e3f0-6049-884d82917af9/mza_4855349695799758348.jpeg/170x170bb.png], width = [224], height = [224]
08-05 19:53:26.200 30457 31195 D DBReader: getImageAuthentication() called with: imageUrl = [https://is5-ssl.mzstatic.com/image/thumb/Podcasts113/v4/fd/54/6e/fd546ea0-7ab2-e3f0-6049-884d82917af9/mza_4855349695799758348.jpeg/170x170bb.png]
08-05 19:53:26.200 30457 31189 D ApOkHttpUrlLoader: no credentials for 'https://is5-ssl.mzstatic.com/image/thumb/Podcasts114/v4/93/cf/99/93cf9960-fff3-205e-6655-72c03ddeccb2/mza_10545582232493904175.jpeg/170x170bb.png'
08-05 19:53:26.202 30457 31190 D ApOkHttpUrlLoader: buildLoadData() called with: model = [https://is2-ssl.mzstatic.com/image/thumb/Podcasts114/v4/b3/4c/cf/b34ccfc2-cea4-1ca1-0fad-7793af301cc5/mza_2466085192629456364.jpg/170x170bb.png], width = [224], height = [224]
08-05 19:53:26.203 30457 31191 D DBReader: getImageAuthentication() called with: imageUrl = [https://is2-ssl.mzstatic.com/image/thumb/Podcasts114/v4/b3/4c/cf/b34ccfc2-cea4-1ca1-0fad-7793af301cc5/mza_2466085192629456364.jpg/170x170bb.png]
08-05 19:53:26.204 30457 31187 D ApOkHttpUrlLoader: no credentials for 'https://is4-ssl.mzstatic.com/image/thumb/Podcasts124/v4/49/a4/91/49a491b7-3daf-c5dc-d7c6-6c4f1486955c/mza_5930014091766152297.png/170x170bb.png'
08-05 19:53:26.210 30457 31191 D ApOkHttpUrlLoader: no credentials for 'https://is2-ssl.mzstatic.com/image/thumb/Podcasts114/v4/b3/4c/cf/b34ccfc2-cea4-1ca1-0fad-7793af301cc5/mza_2466085192629456364.jpg/170x170bb.png'
08-05 19:53:26.214 30457 31195 D ApOkHttpUrlLoader: no credentials for 'https://is5-ssl.mzstatic.com/image/thumb/Podcasts113/v4/fd/54/6e/fd546ea0-7ab2-e3f0-6049-884d82917af9/mza_4855349695799758348.jpeg/170x170bb.png'
08-05 19:53:26.219 30457 30471 I art     : Starting a blocking GC Explicit
08-05 19:53:26.254 30457 30471 I art     : Explicit concurrent mark sweep GC freed 12799(753KB) AllocSpace objects, 5(372KB) LOS objects, 37% free, 27MB/43MB, paused 1.386ms total 34.890ms
08-05 19:53:26.266 30457 30471 I art     : Starting a blocking GC Explicit
08-05 19:53:26.300 30457 30471 I art     : Explicit concurrent mark sweep GC freed 463(24KB) AllocSpace objects, 0(0B) LOS objects, 37% free, 27MB/43MB, paused 1.466ms total 33.812ms
08-05 19:53:26.311 30457 30471 I art     : Starting a blocking GC Explicit
08-05 19:53:26.347 30457 30471 I art     : Explicit concurrent mark sweep GC freed 2782(118KB) AllocSpace objects, 0(0B) LOS objects, 37% free, 27MB/43MB, paused 1.486ms total 35.536ms
08-05 19:53:26.358 30457 30471 I art     : Starting a blocking GC Explicit
08-05 19:53:26.395 30457 30471 I art     : Explicit concurrent mark sweep GC freed 17332(734KB) AllocSpace objects, 0(0B) LOS objects, 37% free, 27MB/43MB, paused 1.580ms total 36.785ms
08-05 19:53:26.406 30457 30471 I art     : Starting a blocking GC Explicit
08-05 19:53:26.447 30457 30471 I art     : Explicit concurrent mark sweep GC freed 5152(236KB) AllocSpace objects, 0(0B) LOS objects, 36% free, 27MB/43MB, paused 1.635ms total 40.209ms
08-05 19:53:26.533 30457 31196 D MYTAG   : interceptor 2a
08-05 19:53:26.533 30457 31196 I NAPPA_EXPERIMENTATION: MetricNetworkRequestExecutionTime: REQUEST_DURATION_SYSTEM='336',REQUEST_DURATION_OKHTTP='156',REQUEST_SYNCHRONOUS='TRUE',RESPONSE_CODE='200',RESPONSE_METHOD='GET',RESPONSE_LENGTH_OKHTTP='48239',RESPONSE_LENGTH_HEADER='48239',REQUEST_PROTOCOL='h2',REQUEST_URL='https://is2-ssl.mzstatic.com/image/thumb/Podcasts113/v4/a9/39/cc/a939ccc5-6d60-0c11-0a4c-16d71cdef89b/mza_8787577209688278658.jpg/170x170bb.png',
08-05 19:53:26.623 30457 31191 D MYTAG   : interceptor 2a
08-05 19:53:26.623 30457 31191 I NAPPA_EXPERIMENTATION: MetricNetworkRequestExecutionTime: REQUEST_DURATION_SYSTEM='413',REQUEST_DURATION_OKHTTP='204',REQUEST_SYNCHRONOUS='TRUE',RESPONSE_CODE='200',RESPONSE_METHOD='GET',RESPONSE_LENGTH_OKHTTP='42299',RESPONSE_LENGTH_HEADER='42299',REQUEST_PROTOCOL='h2',REQUEST_URL='https://is2-ssl.mzstatic.com/image/thumb/Podcasts114/v4/b3/4c/cf/b34ccfc2-cea4-1ca1-0fad-7793af301cc5/mza_2466085192629456364.jpg/170x170bb.png',
08-05 19:53:26.660 30457 31189 D MYTAG   : interceptor 2a
08-05 19:53:26.661 30457 31189 I NAPPA_EXPERIMENTATION: MetricNetworkRequestExecutionTime: REQUEST_DURATION_SYSTEM='460',REQUEST_DURATION_OKHTTP='246',REQUEST_SYNCHRONOUS='TRUE',RESPONSE_CODE='200',RESPONSE_METHOD='GET',RESPONSE_LENGTH_OKHTTP='22351',RESPONSE_LENGTH_HEADER='22351',REQUEST_PROTOCOL='h2',REQUEST_URL='https://is5-ssl.mzstatic.com/image/thumb/Podcasts114/v4/93/cf/99/93cf9960-fff3-205e-6655-72c03ddeccb2/mza_10545582232493904175.jpeg/170x170bb.png',
08-05 19:53:26.682 30457 31195 D MYTAG   : interceptor 2a
08-05 19:53:26.682 30457 31195 I NAPPA_EXPERIMENTATION: MetricNetworkRequestExecutionTime: REQUEST_DURATION_SYSTEM='468',REQUEST_DURATION_OKHTTP='265',REQUEST_SYNCHRONOUS='TRUE',RESPONSE_CODE='200',RESPONSE_METHOD='GET',RESPONSE_LENGTH_OKHTTP='54835',RESPONSE_LENGTH_HEADER='54835',REQUEST_PROTOCOL='h2',REQUEST_URL='https://is5-ssl.mzstatic.com/image/thumb/Podcasts113/v4/fd/54/6e/fd546ea0-7ab2-e3f0-6049-884d82917af9/mza_4855349695799758348.jpeg/170x170bb.png',
08-05 19:53:26.711 30457 31187 D MYTAG   : interceptor 2a
08-05 19:53:26.711 30457 31187 I NAPPA_EXPERIMENTATION: MetricNetworkRequestExecutionTime: REQUEST_DURATION_SYSTEM='507',REQUEST_DURATION_OKHTTP='292',REQUEST_SYNCHRONOUS='TRUE',RESPONSE_CODE='200',RESPONSE_METHOD='GET',RESPONSE_LENGTH_OKHTTP='12000',RESPONSE_LENGTH_HEADER='12000',REQUEST_PROTOCOL='h2',REQUEST_URL='https://is4-ssl.mzstatic.com/image/thumb/Podcasts124/v4/49/a4/91/49a491b7-3daf-c5dc-d7c6-6c4f1486955c/mza_5930014091766152297.png/170x170bb.png',
08-05 19:53:26.714 30457 31193 D MYTAG   : interceptor 2a
08-05 19:53:26.714 30457 31193 I NAPPA_EXPERIMENTATION: MetricNetworkRequestExecutionTime: REQUEST_DURATION_SYSTEM='520',REQUEST_DURATION_OKHTTP='291',REQUEST_SYNCHRONOUS='TRUE',RESPONSE_CODE='200',RESPONSE_METHOD='GET',RESPONSE_LENGTH_OKHTTP='45995',RESPONSE_LENGTH_HEADER='45995',REQUEST_PROTOCOL='h2',REQUEST_URL='https://is4-ssl.mzstatic.com/image/thumb/Podcasts113/v4/e5/8a/10/e58a108f-f5d0-f622-c94a-13f66edd570c/mza_3025981348644196724.jpg/170x170bb.png',
08-05 19:53:26.716 13866 13882 I PeriodicStatsRunner: PeriodicStatsRunner.call():175 call()
08-05 19:53:26.716 30457 31194 D MYTAG   : interceptor 2a
08-05 19:53:26.717 13866 13882 I PeriodicStatsRunner: PeriodicStatsRunner.call():179 No submit PeriodicStats since input started.
08-05 19:53:26.717 30457 31194 I NAPPA_EXPERIMENTATION: MetricNetworkRequestExecutionTime: REQUEST_DURATION_SYSTEM='531',REQUEST_DURATION_OKHTTP='302',REQUEST_SYNCHRONOUS='TRUE',RESPONSE_CODE='200',RESPONSE_METHOD='GET',RESPONSE_LENGTH_OKHTTP='26177',RESPONSE_LENGTH_HEADER='26177',REQUEST_PROTOCOL='h2',REQUEST_URL='https://is4-ssl.mzstatic.com/image/thumb/Podcasts114/v4/3f/16/74/3f167426-bf50-ce3a-d709-e4301620fc5b/mza_5832671293059882550.jpeg/170x170bb.png',
08-05 19:53:26.752 30457 31586 I art     : Starting a blocking GC Explicit
08-05 19:53:26.784 30457 31586 I art     : Explicit concurrent mark sweep GC freed 5453(435KB) AllocSpace objects, 1(20KB) LOS objects, 36% free, 28MB/44MB, paused 1.158ms total 32.051ms
08-05 19:53:26.795 30457 31586 I art     : Starting a blocking GC Explicit
08-05 19:53:26.828 30457 31586 I art     : Explicit concurrent mark sweep GC freed 467(15KB) AllocSpace objects, 0(0B) LOS objects, 36% free, 28MB/44MB, paused 1.260ms total 32.868ms
08-05 19:53:26.840 30457 31586 I art     : Starting a blocking GC Explicit
08-05 19:53:26.874 30457 31586 I art     : Explicit concurrent mark sweep GC freed 3(96B) AllocSpace objects, 0(0B) LOS objects, 36% free, 28MB/44MB, paused 1.236ms total 34.077ms
08-05 19:53:26.886 30457 31586 I art     : Starting a blocking GC Explicit
08-05 19:53:26.922 30457 31586 I art     : Explicit concurrent mark sweep GC freed 32(880B) AllocSpace objects, 0(0B) LOS objects, 36% free, 28MB/44MB, paused 1.241ms total 35.011ms
08-05 19:53:26.934 30457 31586 I art     : Starting a blocking GC Explicit
08-05 19:53:26.968 30457 31586 I art     : Explicit concurrent mark sweep GC freed 3(96B) AllocSpace objects, 0(0B) LOS objects, 36% free, 28MB/44MB, paused 1.364ms total 34.251ms
08-05 19:53:27.294 30457 30471 I art     : Starting a blocking GC Explicit
08-05 19:53:27.339 30457 30471 I art     : Explicit concurrent mark sweep GC freed 1372(80KB) AllocSpace objects, 1(20KB) LOS objects, 36% free, 28MB/44MB, paused 1.449ms total 45.252ms
08-05 19:53:27.354 30457 30471 I art     : Starting a blocking GC Explicit
08-05 19:53:27.395 30457 30471 I art     : Explicit concurrent mark sweep GC freed 23(752B) AllocSpace objects, 0(0B) LOS objects, 36% free, 28MB/44MB, paused 1.281ms total 40.520ms
08-05 19:53:27.408 30457 30471 I art     : Starting a blocking GC Explicit
08-05 19:53:27.445 30457 30471 I art     : Explicit concurrent mark sweep GC freed 3(96B) AllocSpace objects, 0(0B) LOS objects, 36% free, 28MB/44MB, paused 1.293ms total 37.015ms
08-05 19:53:27.457 30457 30471 I art     : Starting a blocking GC Explicit
08-05 19:53:27.496 30457 30471 I art     : Explicit concurrent mark sweep GC freed 3(96B) AllocSpace objects, 0(0B) LOS objects, 36% free, 28MB/44MB, paused 1.316ms total 38.287ms
08-05 19:53:27.509 30457 30471 I art     : Starting a blocking GC Explicit
08-05 19:53:27.546 30457 30471 I art     : Explicit concurrent mark sweep GC freed 3(96B) AllocSpace objects, 0(0B) LOS objects, 36% free, 28MB/44MB, paused 1.240ms total 37.550ms
08-05 19:53:27.881 30457 31586 I art     : Starting a blocking GC Explicit
08-05 19:53:27.918 30457 31586 I art     : Explicit concurrent mark sweep GC freed 1419(82KB) AllocSpace objects, 1(20KB) LOS objects, 36% free, 28MB/44MB, paused 1.322ms total 36.627ms
08-05 19:53:27.932 30457 31586 I art     : Starting a blocking GC Explicit
08-05 19:53:27.965 30457 31586 I art     : Explicit concurrent mark sweep GC freed 28(912B) AllocSpace objects, 0(0B) LOS objects, 36% free, 28MB/44MB, paused 1.348ms total 32.817ms
08-05 19:53:27.976 30457 31586 I art     : Starting a blocking GC Explicit
08-05 19:53:28.013 30457 31586 I art     : Explicit concurrent mark sweep GC freed 8(256B) AllocSpace objects, 0(0B) LOS objects, 36% free, 28MB/44MB, paused 1.188ms total 36.316ms
08-05 19:53:28.025 30457 31586 I art     : Starting a blocking GC Explicit
08-05 19:53:28.059 30457 31586 I art     : Explicit concurrent mark sweep GC freed 4(128B) AllocSpace objects, 0(0B) LOS objects, 36% free, 28MB/44MB, paused 1.261ms total 34.100ms
08-05 19:53:28.071 30457 31586 I art     : Starting a blocking GC Explicit
08-05 19:53:28.109 30457 31586 I art     : Explicit concurrent mark sweep GC freed 3(96B) AllocSpace objects, 0(0B) LOS objects, 36% free, 28MB/44MB, paused 1.293ms total 37.832ms
08-05 19:53:28.461 30457 30471 I art     : Starting a blocking GC Explicit
08-05 19:53:28.510 30457 30471 I art     : Explicit concurrent mark sweep GC freed 1374(82KB) AllocSpace objects, 1(20KB) LOS objects, 36% free, 28MB/44MB, paused 1.433ms total 48.399ms
08-05 19:53:28.526 30457 30471 I art     : Starting a blocking GC Explicit
08-05 19:53:28.564 30457 30471 I art     : Explicit concurrent mark sweep GC freed 23(752B) AllocSpace objects, 0(0B) LOS objects, 36% free, 28MB/44MB, paused 1.233ms total 37.789ms
08-05 19:53:28.576 30457 30471 I art     : Starting a blocking GC Explicit
08-05 19:53:28.594 13866 13882 I PeriodicStatsRunner: PeriodicStatsRunner.call():175 call()
08-05 19:53:28.594 13866 13882 I PeriodicStatsRunner: PeriodicStatsRunner.call():179 No submit PeriodicStats since input started.
08-05 19:53:28.615 30457 30471 I art     : Explicit concurrent mark sweep GC freed 3(96B) AllocSpace objects, 0(0B) LOS objects, 36% free, 28MB/44MB, paused 1.292ms total 38.205ms
08-05 19:53:28.627 30457 30471 I art     : Starting a blocking GC Explicit
08-05 19:53:28.664 30457 30471 I art     : Explicit concurrent mark sweep GC freed 3(96B) AllocSpace objects, 0(0B) LOS objects, 36% free, 28MB/44MB, paused 1.298ms total 36.363ms
08-05 19:53:28.676 30457 30471 I art     : Starting a blocking GC Explicit
08-05 19:53:28.715 30457 30471 I art     : Explicit concurrent mark sweep GC freed 3(96B) AllocSpace objects, 0(0B) LOS objects, 36% free, 28MB/44MB, paused 1.291ms total 38.431ms
08-05 19:53:29.056 30457 30485 I art     : Starting a blocking GC Explicit
08-05 19:53:29.107 30457 30485 I art     : Explicit concurrent mark sweep GC freed 1402(82KB) AllocSpace objects, 1(20KB) LOS objects, 36% free, 28MB/44MB, paused 1.447ms total 50.572ms
08-05 19:53:29.124 30457 30485 I art     : Starting a blocking GC Explicit
08-05 19:53:29.165 30457 30485 I art     : Explicit concurrent mark sweep GC freed 23(752B) AllocSpace objects, 0(0B) LOS objects, 36% free, 28MB/44MB, paused 1.285ms total 40.562ms
08-05 19:53:29.177 30457 30485 I art     : Starting a blocking GC Explicit
08-05 19:53:29.215 30457 30485 I art     : Explicit concurrent mark sweep GC freed 3(96B) AllocSpace objects, 0(0B) LOS objects, 36% free, 28MB/44MB, paused 1.280ms total 38.082ms
08-05 19:53:29.228 30457 30485 I art     : Starting a blocking GC Explicit
08-05 19:53:29.265 30457 30485 I art     : Explicit concurrent mark sweep GC freed 3(96B) AllocSpace objects, 0(0B) LOS objects, 36% free, 28MB/44MB, paused 1.291ms total 36.779ms
08-05 19:53:29.277 30457 30485 I art     : Starting a blocking GC Explicit
08-05 19:53:29.315 30457 30485 I art     : Explicit concurrent mark sweep GC freed 3(96B) AllocSpace objects, 0(0B) LOS objects, 36% free, 28MB/44MB, paused 1.285ms total 38.011ms
08-05 19:53:29.654 30457 30470 I art     : Starting a blocking GC Explicit
08-05 19:53:29.706 30457 30470 I art     : Explicit concurrent mark sweep GC freed 1373(81KB) AllocSpace objects, 1(20KB) LOS objects, 36% free, 28MB/44MB, paused 1.443ms total 51.066ms
08-05 19:53:29.721 30457 30470 I art     : Starting a blocking GC Explicit
08-05 19:53:29.759 30457 30470 I art     : Explicit concurrent mark sweep GC freed 23(752B) AllocSpace objects, 0(0B) LOS objects, 36% free, 28MB/44MB, paused 1.325ms total 37.825ms
08-05 19:53:29.772 30457 30470 I art     : Starting a blocking GC Explicit
08-05 19:53:29.810 30457 30470 I art     : Explicit concurrent mark sweep GC freed 3(96B) AllocSpace objects, 0(0B) LOS objects, 36% free, 28MB/44MB, paused 1.299ms total 38.425ms
08-05 19:53:29.823 30457 30470 I art     : Starting a blocking GC Explicit
08-05 19:53:29.861 30457 30470 I art     : Explicit concurrent mark sweep GC freed 3(96B) AllocSpace objects, 0(0B) LOS objects, 36% free, 28MB/44MB, paused 1.211ms total 38.256ms
08-05 19:53:29.873 30457 30470 I art     : Starting a blocking GC Explicit
08-05 19:53:29.911 30457 30470 I art     : Explicit concurrent mark sweep GC freed 32(880B) AllocSpace objects, 0(0B) LOS objects, 36% free, 28MB/44MB, paused 1.307ms total 37.851ms
08-05 19:53:30.256 30457 31586 I art     : Starting a blocking GC Explicit
08-05 19:53:30.305 30457 31586 I art     : Explicit concurrent mark sweep GC freed 1374(82KB) AllocSpace objects, 1(20KB) LOS objects, 36% free, 28MB/44MB, paused 1.388ms total 48.690ms
08-05 19:53:30.320 30457 31586 I art     : Starting a blocking GC Explicit
08-05 19:53:30.360 30457 31586 I art     : Explicit concurrent mark sweep GC freed 23(752B) AllocSpace objects, 0(0B) LOS objects, 36% free, 28MB/44MB, paused 1.236ms total 38.921ms
08-05 19:53:30.372 30457 31586 I art     : Starting a blocking GC Explicit
08-05 19:53:30.411 30457 31586 I art     : Explicit concurrent mark sweep GC freed 3(96B) AllocSpace objects, 0(0B) LOS objects, 36% free, 28MB/44MB, paused 1.292ms total 38.389ms
08-05 19:53:30.423 30457 31586 I art     : Starting a blocking GC Explicit
08-05 19:53:30.462 30457 31586 I art     : Explicit concurrent mark sweep GC freed 3(96B) AllocSpace objects, 0(0B) LOS objects, 36% free, 28MB/44MB, paused 1.277ms total 38.463ms
08-05 19:53:30.474 30457 31586 I art     : Starting a blocking GC Explicit
08-05 19:53:30.511 30457 31586 I art     : Explicit concurrent mark sweep GC freed 3(96B) AllocSpace objects, 0(0B) LOS objects, 36% free, 28MB/44MB, paused 1.304ms total 36.492ms
08-05 19:53:30.856 30457 30471 I art     : Starting a blocking GC Explicit
08-05 19:53:30.903 30457 30471 I art     : Explicit concurrent mark sweep GC freed 1401(81KB) AllocSpace objects, 1(20KB) LOS objects, 36% free, 28MB/44MB, paused 1.367ms total 45.243ms
08-05 19:53:30.916 30457 30471 I art     : Starting a blocking GC Explicit
08-05 19:53:30.954 30457 30471 I art     : Explicit concurrent mark sweep GC freed 23(752B) AllocSpace objects, 0(0B) LOS objects, 36% free, 28MB/44MB, paused 1.208ms total 37.211ms
08-05 19:53:30.966 30457 30471 I art     : Starting a blocking GC Explicit
08-05 19:53:31.004 30457 30471 I art     : Explicit concurrent mark sweep GC freed 3(96B) AllocSpace objects, 0(0B) LOS objects, 36% free, 28MB/44MB, paused 1.291ms total 37.357ms
08-05 19:53:31.016 30457 30471 I art     : Starting a blocking GC Explicit
08-05 19:53:31.055 30457 30471 I art     : Explicit concurrent mark sweep GC freed 3(96B) AllocSpace objects, 0(0B) LOS objects, 36% free, 28MB/44MB, paused 1.201ms total 38.256ms
08-05 19:53:31.067 30457 30471 I art     : Starting a blocking GC Explicit
08-05 19:53:31.103 30457 30471 I art     : Explicit concurrent mark sweep GC freed 3(96B) AllocSpace objects, 0(0B) LOS objects, 36% free, 28MB/44MB, paused 1.266ms total 35.038ms
08-05 19:53:31.447 30457 30485 I art     : Starting a blocking GC Explicit
08-05 19:53:31.496 30457 30485 I art     : Explicit concurrent mark sweep GC freed 1372(80KB) AllocSpace objects, 1(20KB) LOS objects, 36% free, 28MB/44MB, paused 1.404ms total 48.336ms
08-05 19:53:31.511 30457 30485 I art     : Starting a blocking GC Explicit
08-05 19:53:31.552 30457 30485 I art     : Explicit concurrent mark sweep GC freed 23(752B) AllocSpace objects, 0(0B) LOS objects, 36% free, 28MB/44MB, paused 1.227ms total 40.403ms
08-05 19:53:31.564 30457 30485 I art     : Starting a blocking GC Explicit
08-05 19:53:31.602 30457 30485 I art     : Explicit concurrent mark sweep GC freed 3(96B) AllocSpace objects, 0(0B) LOS objects, 36% free, 28MB/44MB, paused 1.278ms total 37.097ms
08-05 19:53:31.614 30457 30485 I art     : Starting a blocking GC Explicit
08-05 19:53:31.653 30457 30485 I art     : Explicit concurrent mark sweep GC freed 3(96B) AllocSpace objects, 0(0B) LOS objects, 36% free, 28MB/44MB, paused 1.279ms total 38.189ms
08-05 19:53:31.665 30457 30485 I art     : Starting a blocking GC Explicit
08-05 19:53:31.700 30457 30485 I art     : Explicit concurrent mark sweep GC freed 3(96B) AllocSpace objects, 0(0B) LOS objects, 36% free, 28MB/44MB, paused 1.202ms total 35.223ms
08-05 19:53:32.005 30457 30470 I art     : Starting a blocking GC Explicit
08-05 19:53:32.048 30457 30470 I art     : Explicit concurrent mark sweep GC freed 1401(81KB) AllocSpace objects, 1(20KB) LOS objects, 36% free, 28MB/44MB, paused 1.344ms total 42.321ms
08-05 19:53:32.064 30457 30470 I art     : Starting a blocking GC Explicit
08-05 19:53:32.100 30457 30470 I art     : Explicit concurrent mark sweep GC freed 23(752B) AllocSpace objects, 0(0B) LOS objects, 36% free, 28MB/44MB, paused 1.348ms total 35.482ms
08-05 19:53:32.112 30457 30470 I art     : Starting a blocking GC Explicit
08-05 19:53:32.148 30457 30470 I art     : Explicit concurrent mark sweep GC freed 3(96B) AllocSpace objects, 0(0B) LOS objects, 36% free, 28MB/44MB, paused 1.328ms total 35.833ms
08-05 19:53:32.160 30457 30470 I art     : Starting a blocking GC Explicit
08-05 19:53:32.196 30457 30470 I art     : Explicit concurrent mark sweep GC freed 3(96B) AllocSpace objects, 0(0B) LOS objects, 36% free, 28MB/44MB, paused 1.373ms total 35.124ms
08-05 19:53:32.208 30457 30470 I art     : Starting a blocking GC Explicit
08-05 19:53:32.245 30457 30470 I art     : Explicit concurrent mark sweep GC freed 3(96B) AllocSpace objects, 0(0B) LOS objects, 36% free, 28MB/44MB, paused 1.279ms total 36.490ms
08-05 19:53:32.382 32422 32422 D AndroidRuntime: >>>>>> START com.android.internal.os.RuntimeInit uid 2000 <<<<<<
08-05 19:53:32.389 32422 32422 D AndroidRuntime: CheckJNI is OFF
08-05 19:53:32.433 32422 32422 D ICU     : No timezone override file found: /data/misc/zoneinfo/current/icu/icu_tzdata.dat
08-05 19:53:32.475 32422 32422 I Radio-JNI: register_android_hardware_Radio DONE
08-05 19:53:32.503 32422 32422 D AndroidRuntime: Calling main entry com.android.commands.input.Input
08-05 19:53:32.505 32422 32422 I Input   : injectMotionEvent: MotionEvent { action=ACTION_DOWN, actionButton=0, id[0]=0, x[0]=616.0, y[0]=469.0, toolType[0]=TOOL_TYPE_UNKNOWN, buttonState=0, metaState=0, flags=0x0, edgeFlags=0x0, pointerCount=1, historySize=0, eventTime=820428918, downTime=820428918, deviceId=0, source=0x1002 }
08-05 19:53:32.509 32422 32422 I Input   : injectMotionEvent: MotionEvent { action=ACTION_UP, actionButton=0, id[0]=0, x[0]=616.0, y[0]=469.0, toolType[0]=TOOL_TYPE_UNKNOWN, buttonState=0, metaState=0, flags=0x0, edgeFlags=0x0, pointerCount=1, historySize=0, eventTime=820428918, downTime=820428918, deviceId=0, source=0x1002 }
08-05 19:53:32.511 32422 32422 D AndroidRuntime: Shutting down VM
08-05 19:53:32.573 30457 30470 I art     : Starting a blocking GC Explicit
08-05 19:53:32.577   512  2967 D audio_hw_primary: out_set_parameters: enter: usecase(1: low-latency-playback) kvpairs: routing=2
08-05 19:53:32.590   512  2967 D audio_hw_primary: select_devices: out_snd_device(2: speaker) in_snd_device(0: none)
08-05 19:53:32.591   512  2967 D msm8974_platform: platform_send_audio_calibration: sending audio calibration for snd_device(2) acdb_id(15)
08-05 19:53:32.591   512  2967 I soundtrigger: audio_extn_sound_trigger_update_device_status: device 0x2 of type 0 for Event 1
08-05 19:53:32.602   512  2967 D audio_hw_primary: enable_snd_device: snd_device(2: speaker)
08-05 19:53:32.606   512  2967 D audio_hw_primary: enable_audio_route: apply and update mixer path: low-latency-playback speaker
08-05 19:53:32.616 30457 30470 I art     : Explicit concurrent mark sweep GC freed 1587(89KB) AllocSpace objects, 1(20KB) LOS objects, 36% free, 28MB/44MB, paused 1.410ms total 42.523ms
08-05 19:53:32.630 30457 30470 I art     : Starting a blocking GC Explicit
08-05 19:53:32.663 30457 30470 I art     : Explicit concurrent mark sweep GC freed 48(1712B) AllocSpace objects, 0(0B) LOS objects, 36% free, 28MB/44MB, paused 1.272ms total 32.087ms
08-05 19:53:32.674 30457 30470 I art     : Starting a blocking GC Explicit
08-05 19:53:32.708 30457 30470 I art     : Explicit concurrent mark sweep GC freed 18(672B) AllocSpace objects, 0(0B) LOS objects, 36% free, 28MB/44MB, paused 1.390ms total 33.434ms
08-05 19:53:32.719 30457 30470 I art     : Starting a blocking GC Explicit
08-05 19:53:32.753 30457 30470 I art     : Explicit concurrent mark sweep GC freed 18(672B) AllocSpace objects, 0(0B) LOS objects, 36% free, 28MB/44MB, paused 1.478ms total 33.077ms
08-05 19:53:32.764 30457 30470 I art     : Starting a blocking GC Explicit
08-05 19:53:32.798 30457 30470 I art     : Explicit concurrent mark sweep GC freed 15(544B) AllocSpace objects, 0(0B) LOS objects, 36% free, 28MB/44MB, paused 1.412ms total 33.360ms
08-05 19:53:32.802 30457 30478 I NAPPA_EXPERIMENTATION: MetricNetworkRequestExecutionTime: REQUEST_DURATION_SYSTEM='226',REQUEST_DURATION_OKHTTP='224',REQUEST_SYNCHRONOUS='TRUE',RESPONSE_CODE='200',RESPONSE_METHOD='GET',RESPONSE_LENGTH_OKHTTP='-1',RESPONSE_LENGTH_HEADER='628',REQUEST_PROTOCOL='h2',REQUEST_URL='https://itunes.apple.com/lookup?id=1524080195',
08-05 19:53:32.834   918  3696 I ActivityManager: START u0 {cmp=baseline.de.danoeh.antennapod.debug/baseline.de.danoeh.antennapod.activity.OnlineFeedViewActivity (has extras)} from uid 10695 on display 0
08-05 19:53:32.856 13866 13866 I GoogleInputMethodServic: GoogleInputMethodService.onFinishInput():3138 
08-05 19:53:32.857 13866 13866 I GoogleInputMethodServic: GoogleInputMethodService.onStartInput():1808 
08-05 19:53:32.883 30457 30457 D UserPreferences: Using default data folder
08-05 19:53:32.884 30457 30457 D OnlineFeedViewActivity: Activity was started with url https://rss.art19.com/nice-white-parents
08-05 19:53:32.888 30457 30457 D OnlineFeedViewActivity: Starting feed download
08-05 19:53:32.891 30457 30986 D DBReader: Extracting Feedlist
08-05 19:53:32.894   918  6110 D WifiService: acquireWifiLockLocked: WifiLock{Downloader type=1 binder=android.os.BinderProxy@f8583d5}
08-05 19:53:32.894 30457 30986 D AntennapodHttpClient: Creating new instance of HTTP client
08-05 19:53:32.948 13866 13866 I GoogleInputMethodServic: GoogleInputMethodService.onFinishInput():3138 
08-05 19:53:32.948 13866 13866 I GoogleInputMethodServic: GoogleInputMethodService.onStartInput():1808 
08-05 19:53:32.975   918   936 I ActivityManager: Displayed baseline.de.danoeh.antennapod.debug/baseline.de.danoeh.antennapod.activity.OnlineFeedViewActivity: +118ms
08-05 19:53:33.089 30457 30471 I art     : Starting a blocking GC Explicit
08-05 19:53:33.132 30457 30471 I art     : Explicit concurrent mark sweep GC freed 7842(434KB) AllocSpace objects, 4(220KB) LOS objects, 35% free, 28MB/44MB, paused 1.461ms total 42.286ms
08-05 19:53:33.148 30457 30471 I art     : Starting a blocking GC Explicit
08-05 19:53:33.150   512  2967 D audio_hw_primary: disable_audio_route: reset and update mixer path: low-latency-playback speaker
08-05 19:53:33.152   512  2967 D audio_hw_primary: disable_snd_device: snd_device(2: speaker)
08-05 19:53:33.161   512  2967 I soundtrigger: audio_extn_sound_trigger_update_device_status: device 0x2 of type 0 for Event 0
08-05 19:53:33.188 30457 30471 I art     : Explicit concurrent mark sweep GC freed 1301(132KB) AllocSpace objects, 0(0B) LOS objects, 35% free, 28MB/44MB, paused 1.532ms total 39.856ms
08-05 19:53:33.189 30457 30986 D MYTAG   : interceptor 3a https://rss.art19.com/nice-white-parents
08-05 19:53:33.189 30457 30986 I NAPPA_EXPERIMENTATION: MetricNetworkRequestExecutionTime: REQUEST_DURATION_SYSTEM='294',REQUEST_DURATION_OKHTTP='149',REQUEST_SYNCHRONOUS='TRUE',RESPONSE_CODE='200',RESPONSE_METHOD='GET',RESPONSE_LENGTH_OKHTTP='-1',RESPONSE_LENGTH_HEADER='1803',REQUEST_PROTOCOL='h2',REQUEST_URL='https://rss.art19.com/nice-white-parents',
08-05 19:53:33.189 30457 30986 D HttpDownloader: Response code is 200
08-05 19:53:33.189 30457 30986 D UserPreferences: Using default data folder
08-05 19:53:33.191 30457 30986 D HttpDownloader: Getting size of download
08-05 19:53:33.191 30457 30986 D HttpDownloader: Size is -1
08-05 19:53:33.191 30457 30986 D UserPreferences: Using default data folder
08-05 19:53:33.192 30457 30986 D HttpDownloader: Free space is 20174770176
08-05 19:53:33.192 30457 30986 D HttpDownloader: Starting download
08-05 19:53:33.200 30457 30986 D HttpDownloader: Download was successful
08-05 19:53:33.200 30457 30471 I art     : Starting a blocking GC Explicit
08-05 19:53:33.201   918  6110 D WifiService: releaseWifiLockLocked: WifiLock{Downloader type=1 binder=android.os.BinderProxy@f8583d5}
08-05 19:53:33.210 30457 30457 D OnlineFeedViewActivity: Parsing feed
08-05 19:53:33.215 30457 32468 D TypeGetter: Recognized type RSS 2.0
08-05 19:53:33.217   380   380 W SurfaceFlinger: couldn't log to binary event log: overflow.
08-05 19:53:33.219 30457 32468 D SyndHandler: Recognized ITunes namespace
08-05 19:53:33.219 30457 32468 D SyndHandler: Recognized Atom namespace
08-05 19:53:33.220 30457 32468 D SyndHandler: Recognized Content namespace
08-05 19:53:33.228 30457 32468 D OnlineFeedViewActivity: Deleted feed source file. Result: true
08-05 19:53:33.229 30457 30457 D OnlineFeedViewActivity: Removing HTML from shownotes
08-05 19:53:33.245 30457 30471 I art     : Explicit concurrent mark sweep GC freed 1374(244KB) AllocSpace objects, 4(128KB) LOS objects, 35% free, 28MB/44MB, paused 1.652ms total 44.088ms
08-05 19:53:33.256 30457 30471 I art     : Starting a blocking GC Explicit
08-05 19:53:33.288 30457 30471 I art     : Explicit concurrent mark sweep GC freed 891(48KB) AllocSpace objects, 0(0B) LOS objects, 35% free, 28MB/44MB, paused 1.466ms total 32.510ms
08-05 19:53:33.300 30457 30471 I art     : Starting a blocking GC Explicit
08-05 19:53:33.334 30457 30471 I art     : Explicit concurrent mark sweep GC freed 475(22KB) AllocSpace objects, 0(0B) LOS objects, 35% free, 28MB/44MB, paused 1.206ms total 33.835ms
08-05 19:53:33.356 30457 30457 D PlaybackController: Releasing PlaybackController
08-05 19:53:33.649 30457 31586 I art     : Starting a blocking GC Explicit
08-05 19:53:33.698 30457 31586 I art     : Explicit concurrent mark sweep GC freed 1619(93KB) AllocSpace objects, 2(132KB) LOS objects, 35% free, 28MB/44MB, paused 1.967ms total 48.639ms
08-05 19:53:33.714 30457 31586 I art     : Starting a blocking GC Explicit
08-05 19:53:33.751 30457 31586 I art     : Explicit concurrent mark sweep GC freed 39(1296B) AllocSpace objects, 0(0B) LOS objects, 35% free, 28MB/44MB, paused 1.359ms total 37.535ms
08-05 19:53:33.764 30457 31586 I art     : Starting a blocking GC Explicit
08-05 19:53:33.801 30457 31586 I art     : Explicit concurrent mark sweep GC freed 3(96B) AllocSpace objects, 0(0B) LOS objects, 35% free, 28MB/44MB, paused 1.341ms total 37.161ms
08-05 19:53:33.813 30457 31586 I art     : Starting a blocking GC Explicit
08-05 19:53:33.851 30457 31586 I art     : Explicit concurrent mark sweep GC freed 3(96B) AllocSpace objects, 0(0B) LOS objects, 35% free, 28MB/44MB, paused 1.335ms total 36.957ms
08-05 19:53:33.863 30457 31586 I art     : Starting a blocking GC Explicit
08-05 19:53:33.900 30457 31586 I art     : Explicit concurrent mark sweep GC freed 32(880B) AllocSpace objects, 0(0B) LOS objects, 35% free, 28MB/44MB, paused 1.359ms total 36.888ms
08-05 19:53:34.218 30457 30471 I art     : Starting a blocking GC Explicit
08-05 19:53:34.272 30457 30471 I art     : Explicit concurrent mark sweep GC freed 1372(80KB) AllocSpace objects, 1(20KB) LOS objects, 35% free, 28MB/44MB, paused 1.511ms total 52.696ms
08-05 19:53:34.288 30457 30471 I art     : Starting a blocking GC Explicit
08-05 19:53:34.326 30457 30471 I art     : Explicit concurrent mark sweep GC freed 23(752B) AllocSpace objects, 0(0B) LOS objects, 35% free, 28MB/44MB, paused 1.349ms total 37.636ms
08-05 19:53:34.339 30457 30471 I art     : Starting a blocking GC Explicit
08-05 19:53:34.376 30457 30471 I art     : Explicit concurrent mark sweep GC freed 3(96B) AllocSpace objects, 0(0B) LOS objects, 35% free, 28MB/44MB, paused 1.349ms total 37.326ms
08-05 19:53:34.389 30457 30471 I art     : Starting a blocking GC Explicit
08-05 19:53:34.428 30457 30471 I art     : Explicit concurrent mark sweep GC freed 3(96B) AllocSpace objects, 0(0B) LOS objects, 35% free, 28MB/44MB, paused 1.493ms total 39.042ms
08-05 19:53:34.441 30457 30471 I art     : Starting a blocking GC Explicit
08-05 19:53:34.482 30457 30471 I art     : Explicit concurrent mark sweep GC freed 3(96B) AllocSpace objects, 0(0B) LOS objects, 35% free, 28MB/44MB, paused 1.445ms total 41.021ms
08-05 19:53:34.837 30457 30485 I art     : Starting a blocking GC Explicit
08-05 19:53:34.884 30457 30485 I art     : Explicit concurrent mark sweep GC freed 1404(81KB) AllocSpace objects, 1(20KB) LOS objects, 35% free, 28MB/44MB, paused 1.311ms total 46.657ms
08-05 19:53:34.896 30457 30485 I art     : Starting a blocking GC Explicit
08-05 19:53:34.930 30457 30485 I art     : Explicit concurrent mark sweep GC freed 29(944B) AllocSpace objects, 0(0B) LOS objects, 35% free, 28MB/44MB, paused 1.297ms total 33.065ms
08-05 19:53:34.941 30457 30485 I art     : Starting a blocking GC Explicit
08-05 19:53:34.977 30457 30485 I art     : Explicit concurrent mark sweep GC freed 9(288B) AllocSpace objects, 0(0B) LOS objects, 35% free, 28MB/44MB, paused 1.344ms total 35.443ms
08-05 19:53:34.990 30457 30485 I art     : Starting a blocking GC Explicit
08-05 19:53:35.026 30457 30485 I art     : Explicit concurrent mark sweep GC freed 9(288B) AllocSpace objects, 0(0B) LOS objects, 35% free, 28MB/44MB, paused 1.329ms total 36.388ms
08-05 19:53:35.039 30457 30485 I art     : Starting a blocking GC Explicit
08-05 19:53:35.076 30457 30485 I art     : Explicit concurrent mark sweep GC freed 9(288B) AllocSpace objects, 0(0B) LOS objects, 35% free, 28MB/44MB, paused 1.234ms total 36.635ms
08-05 19:53:35.322 27644 27644 I ServiceManager: Waiting for service AtCmdFwd...
08-05 19:53:35.421 30457 30485 I art     : Starting a blocking GC Explicit
08-05 19:53:35.476 30457 30485 I art     : Explicit concurrent mark sweep GC freed 1375(80KB) AllocSpace objects, 1(20KB) LOS objects, 35% free, 28MB/44MB, paused 1.432ms total 54.601ms
08-05 19:53:35.494 30457 30485 I art     : Starting a blocking GC Explicit
08-05 19:53:35.534 30457 30485 I art     : Explicit concurrent mark sweep GC freed 23(752B) AllocSpace objects, 0(0B) LOS objects, 35% free, 28MB/44MB, paused 1.364ms total 40.289ms
08-05 19:53:35.547 30457 30485 I art     : Starting a blocking GC Explicit
08-05 19:53:35.588 30457 30485 I art     : Explicit concurrent mark sweep GC freed 3(96B) AllocSpace objects, 0(0B) LOS objects, 35% free, 28MB/44MB, paused 1.480ms total 40.874ms
08-05 19:53:35.601 30457 30485 I art     : Starting a blocking GC Explicit
08-05 19:53:35.639 30457 30485 I art     : Explicit concurrent mark sweep GC freed 3(96B) AllocSpace objects, 0(0B) LOS objects, 35% free, 28MB/44MB, paused 1.445ms total 37.937ms
08-05 19:53:35.652 30457 30485 I art     : Starting a blocking GC Explicit
08-05 19:53:35.692 30457 30485 I art     : Explicit concurrent mark sweep GC freed 3(96B) AllocSpace objects, 0(0B) LOS objects, 35% free, 28MB/44MB, paused 1.384ms total 40.174ms
08-05 19:53:36.029 30457 31586 I art     : Starting a blocking GC Explicit
08-05 19:53:36.083 30457 31586 I art     : Explicit concurrent mark sweep GC freed 1401(81KB) AllocSpace objects, 1(20KB) LOS objects, 35% free, 28MB/44MB, paused 1.462ms total 53.558ms
08-05 19:53:36.099 30457 31586 I art     : Starting a blocking GC Explicit
08-05 19:53:36.137 30457 31586 I art     : Explicit concurrent mark sweep GC freed 23(752B) AllocSpace objects, 0(0B) LOS objects, 35% free, 28MB/44MB, paused 1.369ms total 37.429ms
08-05 19:53:36.149 30457 31586 I art     : Starting a blocking GC Explicit
08-05 19:53:36.191 30457 31586 I art     : Explicit concurrent mark sweep GC freed 3(96B) AllocSpace objects, 0(0B) LOS objects, 35% free, 28MB/44MB, paused 1.396ms total 40.849ms
08-05 19:53:36.203 30457 31586 I art     : Starting a blocking GC Explicit
08-05 19:53:36.242 30457 31586 I art     : Explicit concurrent mark sweep GC freed 3(96B) AllocSpace objects, 0(0B) LOS objects, 35% free, 28MB/44MB, paused 1.310ms total 38.853ms
08-05 19:53:36.255 30457 31586 I art     : Starting a blocking GC Explicit
08-05 19:53:36.296 30457 31586 I art     : Explicit concurrent mark sweep GC freed 3(96B) AllocSpace objects, 0(0B) LOS objects, 35% free, 28MB/44MB, paused 1.403ms total 40.342ms
08-05 19:53:36.323 27644 27644 I ServiceManager: Waiting for service AtCmdFwd...
08-05 19:53:36.638 30457 30470 I art     : Starting a blocking GC Explicit
08-05 19:53:36.693 30457 30470 I art     : Explicit concurrent mark sweep GC freed 1372(80KB) AllocSpace objects, 1(20KB) LOS objects, 35% free, 28MB/44MB, paused 1.432ms total 54.149ms
08-05 19:53:36.708 30457 30470 I art     : Starting a blocking GC Explicit
08-05 19:53:36.745 30457 30470 I art     : Explicit concurrent mark sweep GC freed 23(752B) AllocSpace objects, 0(0B) LOS objects, 35% free, 28MB/44MB, paused 1.260ms total 36.781ms
08-05 19:53:36.758 30457 30470 I art     : Starting a blocking GC Explicit
08-05 19:53:36.795 30457 30470 I art     : Explicit concurrent mark sweep GC freed 3(96B) AllocSpace objects, 0(0B) LOS objects, 35% free, 28MB/44MB, paused 1.251ms total 36.422ms
08-05 19:53:36.807 30457 30470 I art     : Starting a blocking GC Explicit
08-05 19:53:36.843 30457 30470 I art     : Explicit concurrent mark sweep GC freed 3(96B) AllocSpace objects, 0(0B) LOS objects, 35% free, 28MB/44MB, paused 1.324ms total 35.136ms
08-05 19:53:36.854 30457 30470 I art     : Starting a blocking GC Explicit
08-05 19:53:36.890 30457 30470 I art     : Explicit concurrent mark sweep GC freed 32(880B) AllocSpace objects, 0(0B) LOS objects, 35% free, 28MB/44MB, paused 1.345ms total 35.532ms
08-05 19:53:37.229 30457 30471 I art     : Starting a blocking GC Explicit
08-05 19:53:37.267 30457 30471 I art     : Explicit concurrent mark sweep GC freed 1373(82KB) AllocSpace objects, 1(20KB) LOS objects, 35% free, 28MB/44MB, paused 1.392ms total 36.913ms
08-05 19:53:37.279 30457 30471 I art     : Starting a blocking GC Explicit
08-05 19:53:37.316 30457 30471 I art     : Explicit concurrent mark sweep GC freed 23(752B) AllocSpace objects, 0(0B) LOS objects, 35% free, 28MB/44MB, paused 1.463ms total 36.965ms
08-05 19:53:37.322 32530 32530 D AndroidRuntime: >>>>>> START com.android.internal.os.RuntimeInit uid 2000 <<<<<<
08-05 19:53:37.323 27644 27644 I ServiceManager: Waiting for service AtCmdFwd...
08-05 19:53:37.328 32530 32530 D AndroidRuntime: CheckJNI is OFF
08-05 19:53:37.328 30457 30471 I art     : Starting a blocking GC Explicit
08-05 19:53:37.365 30457 30471 I art     : Explicit concurrent mark sweep GC freed 3(96B) AllocSpace objects, 0(0B) LOS objects, 35% free, 28MB/44MB, paused 1.370ms total 36.954ms
08-05 19:53:37.374 32530 32530 D ICU     : No timezone override file found: /data/misc/zoneinfo/current/icu/icu_tzdata.dat
08-05 19:53:37.377 30457 30471 I art     : Starting a blocking GC Explicit
08-05 19:53:37.415 30457 30471 I art     : Explicit concurrent mark sweep GC freed 3(96B) AllocSpace objects, 0(0B) LOS objects, 35% free, 28MB/44MB, paused 1.379ms total 37.113ms
08-05 19:53:37.422 32530 32530 I Radio-JNI: register_android_hardware_Radio DONE
08-05 19:53:37.427 30457 30471 I art     : Starting a blocking GC Explicit
08-05 19:53:37.452 32530 32530 D AndroidRuntime: Calling main entry com.android.commands.input.Input
08-05 19:53:37.454 32530 32530 I Input   : injectKeyEvent: KeyEvent { action=ACTION_DOWN, keyCode=KEYCODE_BACK, scanCode=0, metaState=0, flags=0x0, repeatCount=0, eventTime=820433867, downTime=820433867, deviceId=-1, source=0x101 }
08-05 19:53:37.466 30457 30471 I art     : Explicit concurrent mark sweep GC freed 8(528B) AllocSpace objects, 0(0B) LOS objects, 35% free, 28MB/44MB, paused 3.891ms total 38.937ms
08-05 19:53:37.466 32530 32530 I Input   : injectKeyEvent: KeyEvent { action=ACTION_UP, keyCode=KEYCODE_BACK, scanCode=0, metaState=0, flags=0x0, repeatCount=0, eventTime=820433867, downTime=820433867, deviceId=-1, source=0x101 }
08-05 19:53:37.474 32530 32530 D AndroidRuntime: Shutting down VM
08-05 19:53:37.480 30457 30457 V PlaybackController: initServiceNotRunning()
08-05 19:53:37.480 30457 30457 D ExternalPlayerFragment: Loading media info
08-05 19:53:37.485 30457 30457 D UserPreferences: Using default data folder
08-05 19:53:37.486 30457 30986 D DBReader: getNavDrawerData() called with: 
08-05 19:53:37.498 30457 30986 D DBReader: getDownloadedItems() called
08-05 19:53:37.499 30457 30986 D DBReader: getFavoriteIDList() called
08-05 19:53:37.500 30457 30986 D DBReader: getQueueIDList() called
08-05 19:53:37.500 30457 30986 D DBReader: Extracting Feedlist
08-05 19:53:37.516 30457 30457 D MainActivity: getLastNavFragment() -> AddFeedFragment
08-05 19:53:37.517 13866 13866 I GoogleInputMethodServic: GoogleInputMethodService.onFinishInput():3138 
08-05 19:53:37.517 13866 13866 I GoogleInputMethodServic: GoogleInputMethodService.onStartInput():1808 
08-05 19:53:37.779 30457 30471 I art     : Starting a blocking GC Explicit
08-05 19:53:37.821 30457 30471 I art     : Explicit concurrent mark sweep GC freed 2479(152KB) AllocSpace objects, 1(20KB) LOS objects, 35% free, 28MB/44MB, paused 1.416ms total 41.289ms
08-05 19:53:37.821   380   380 W SurfaceFlinger: couldn't log to binary event log: overflow.
08-05 19:53:37.834 30457 30471 I art     : Starting a blocking GC Explicit
08-05 19:53:37.857 13866 13882 I PeriodicStatsRunner: PeriodicStatsRunner.call():175 call()
08-05 19:53:37.857 13866 13882 I PeriodicStatsRunner: PeriodicStatsRunner.call():179 No submit PeriodicStats since input started.
08-05 19:53:37.868 30457 30471 I art     : Explicit concurrent mark sweep GC freed 1046(48KB) AllocSpace objects, 0(0B) LOS objects, 35% free, 28MB/44MB, paused 1.278ms total 34.095ms
08-05 19:53:37.879 30457 30471 I art     : Starting a blocking GC Explicit
08-05 19:53:37.912 30457 30471 I art     : Explicit concurrent mark sweep GC freed 2466(152KB) AllocSpace objects, 1(28KB) LOS objects, 35% free, 28MB/44MB, paused 1.345ms total 32.854ms
08-05 19:53:37.925 30457 30471 I art     : Starting a blocking GC Explicit
08-05 19:53:37.948 13866 13882 I PeriodicStatsRunner: PeriodicStatsRunner.call():175 call()
08-05 19:53:37.948 13866 13882 I PeriodicStatsRunner: PeriodicStatsRunner.call():179 No submit PeriodicStats since input started.
08-05 19:53:37.958 30457 30471 I art     : Explicit concurrent mark sweep GC freed 3(96B) AllocSpace objects, 0(0B) LOS objects, 35% free, 28MB/44MB, paused 1.410ms total 33.185ms
08-05 19:53:37.970 30457 30471 I art     : Starting a blocking GC Explicit
08-05 19:53:38.003 30457 30471 I art     : Explicit concurrent mark sweep GC freed 3(96B) AllocSpace objects, 0(0B) LOS objects, 35% free, 28MB/44MB, paused 1.329ms total 33.388ms
08-05 19:53:38.320 30457 30485 I art     : Starting a blocking GC Explicit
08-05 19:53:38.324 27644 27644 I ServiceManager: Waiting for service AtCmdFwd...
08-05 19:53:38.366 30457 30485 I art     : Explicit concurrent mark sweep GC freed 1373(80KB) AllocSpace objects, 1(20KB) LOS objects, 35% free, 28MB/44MB, paused 1.355ms total 44.731ms
08-05 19:53:38.380 30457 30485 I art     : Starting a blocking GC Explicit
08-05 19:53:38.416 30457 30485 I art     : Explicit concurrent mark sweep GC freed 23(752B) AllocSpace objects, 0(0B) LOS objects, 35% free, 28MB/44MB, paused 1.223ms total 35.444ms
08-05 19:53:38.428 30457 30485 I art     : Starting a blocking GC Explicit
08-05 19:53:38.464 30457 30485 I art     : Explicit concurrent mark sweep GC freed 3(96B) AllocSpace objects, 0(0B) LOS objects, 35% free, 28MB/44MB, paused 1.323ms total 35.847ms
08-05 19:53:38.476 30457 30485 I art     : Starting a blocking GC Explicit
08-05 19:53:38.512 30457 30485 I art     : Explicit concurrent mark sweep GC freed 3(96B) AllocSpace objects, 0(0B) LOS objects, 35% free, 28MB/44MB, paused 1.345ms total 35.089ms
08-05 19:53:38.524 30457 30485 I art     : Starting a blocking GC Explicit
08-05 19:53:38.560 30457 30485 I art     : Explicit concurrent mark sweep GC freed 3(96B) AllocSpace objects, 0(0B) LOS objects, 35% free, 28MB/44MB, paused 1.319ms total 36.099ms
08-05 19:53:38.868 30457 30470 I art     : Starting a blocking GC Explicit
08-05 19:53:38.910 30457 30470 I art     : Explicit concurrent mark sweep GC freed 1403(83KB) AllocSpace objects, 1(20KB) LOS objects, 35% free, 28MB/44MB, paused 1.489ms total 41.644ms
08-05 19:53:38.926 30457 30470 I art     : Starting a blocking GC Explicit
08-05 19:53:38.961 30457 30470 I art     : Explicit concurrent mark sweep GC freed 23(752B) AllocSpace objects, 0(0B) LOS objects, 35% free, 28MB/44MB, paused 1.358ms total 34.738ms
08-05 19:53:38.973 30457 30470 I art     : Starting a blocking GC Explicit
08-05 19:53:39.008 30457 30470 I art     : Explicit concurrent mark sweep GC freed 3(96B) AllocSpace objects, 0(0B) LOS objects, 35% free, 28MB/44MB, paused 1.397ms total 34.771ms
08-05 19:53:39.020 30457 30470 I art     : Starting a blocking GC Explicit
08-05 19:53:39.055 30457 30470 I art     : Explicit concurrent mark sweep GC freed 3(96B) AllocSpace objects, 0(0B) LOS objects, 35% free, 28MB/44MB, paused 1.339ms total 34.904ms
08-05 19:53:39.066 30457 30470 I art     : Starting a blocking GC Explicit
08-05 19:53:39.101 30457 30470 I art     : Explicit concurrent mark sweep GC freed 3(96B) AllocSpace objects, 0(0B) LOS objects, 35% free, 28MB/44MB, paused 1.325ms total 34.661ms
08-05 19:53:39.281 32576 32576 D AndroidRuntime: >>>>>> START com.android.internal.os.RuntimeInit uid 2000 <<<<<<
08-05 19:53:39.287 32576 32576 D AndroidRuntime: CheckJNI is OFF
08-05 19:53:39.325 27644 27644 I ServiceManager: Waiting for service AtCmdFwd...
08-05 19:53:39.328 32576 32576 D ICU     : No timezone override file found: /data/misc/zoneinfo/current/icu/icu_tzdata.dat
08-05 19:53:39.369 32576 32576 I Radio-JNI: register_android_hardware_Radio DONE
08-05 19:53:39.397 32576 32576 D AndroidRuntime: Calling main entry com.android.commands.input.Input
08-05 19:53:39.399 32576 32576 I Input   : injectKeyEvent: KeyEvent { action=ACTION_DOWN, keyCode=KEYCODE_BACK, scanCode=0, metaState=0, flags=0x0, repeatCount=0, eventTime=820435812, downTime=820435812, deviceId=-1, source=0x101 }
08-05 19:53:39.403 32576 32576 I Input   : injectKeyEvent: KeyEvent { action=ACTION_UP, keyCode=KEYCODE_BACK, scanCode=0, metaState=0, flags=0x0, repeatCount=0, eventTime=820435812, downTime=820435812, deviceId=-1, source=0x101 }
08-05 19:53:39.419 13866 13866 I GoogleInputMethodServic: GoogleInputMethodService.onFinishInput():3138 
08-05 19:53:39.419 13866 13866 I GoogleInputMethodServic: GoogleInputMethodService.onStartInput():1808 
08-05 19:53:39.425 32576 32576 D AndroidRuntime: Shutting down VM
08-05 19:53:39.441 30457 30471 I art     : Starting a blocking GC Explicit
08-05 19:53:39.479 30457 30471 I art     : Explicit concurrent mark sweep GC freed 2553(128KB) AllocSpace objects, 1(20KB) LOS objects, 35% free, 28MB/44MB, paused 1.265ms total 37.094ms
08-05 19:53:39.491 30457 30471 I art     : Starting a blocking GC Explicit
08-05 19:53:39.526 30457 30471 I art     : Explicit concurrent mark sweep GC freed 2673(178KB) AllocSpace objects, 9(1540KB) LOS objects, 37% free, 26MB/42MB, paused 1.399ms total 34.919ms
08-05 19:53:39.538 30457 30471 I art     : Starting a blocking GC Explicit
08-05 19:53:39.573 30457 30471 I art     : Explicit concurrent mark sweep GC freed 23(896B) AllocSpace objects, 0(0B) LOS objects, 37% free, 26MB/42MB, paused 1.307ms total 34.961ms
08-05 19:53:39.585 30457 30471 I art     : Starting a blocking GC Explicit
08-05 19:53:39.620 30457 30471 I art     : Explicit concurrent mark sweep GC freed 3(96B) AllocSpace objects, 0(0B) LOS objects, 37% free, 26MB/42MB, paused 1.487ms total 34.958ms
08-05 19:53:39.633 30457 30471 I art     : Starting a blocking GC Explicit
08-05 19:53:39.668 30457 30471 I art     : Explicit concurrent mark sweep GC freed 3(96B) AllocSpace objects, 0(0B) LOS objects, 37% free, 26MB/42MB, paused 1.379ms total 34.905ms
08-05 19:53:39.980 30457 30485 I art     : Starting a blocking GC Explicit
08-05 19:53:40.024 30457 30485 I art     : Explicit concurrent mark sweep GC freed 1440(83KB) AllocSpace objects, 1(20KB) LOS objects, 37% free, 26MB/42MB, paused 1.644ms total 43.521ms
08-05 19:53:40.038 30457 30485 I art     : Starting a blocking GC Explicit
08-05 19:53:40.073 30457 30485 I art     : Explicit concurrent mark sweep GC freed 23(752B) AllocSpace objects, 0(0B) LOS objects, 37% free, 26MB/42MB, paused 1.329ms total 35.143ms
08-05 19:53:40.085 30457 30485 I art     : Starting a blocking GC Explicit
08-05 19:53:40.121 30457 30485 I art     : Explicit concurrent mark sweep GC freed 3(96B) AllocSpace objects, 0(0B) LOS objects, 37% free, 26MB/42MB, paused 1.469ms total 35.734ms
08-05 19:53:40.133 30457 30485 I art     : Starting a blocking GC Explicit
08-05 19:53:40.168 30457 30485 I art     : Explicit concurrent mark sweep GC freed 3(96B) AllocSpace objects, 0(0B) LOS objects, 37% free, 26MB/42MB, paused 1.345ms total 35.065ms
08-05 19:53:40.180 30457 30485 I art     : Starting a blocking GC Explicit
08-05 19:53:40.216 30457 30485 I art     : Explicit concurrent mark sweep GC freed 3(96B) AllocSpace objects, 0(0B) LOS objects, 37% free, 26MB/42MB, paused 1.331ms total 34.928ms
08-05 19:53:40.325 27644 27644 W Atfwd_Sendcmd: AtCmdFwd service not published, waiting... retryCnt : 5
08-05 19:53:40.541 30457 30470 I art     : Starting a blocking GC Explicit
08-05 19:53:40.588 30457 30470 I art     : Explicit concurrent mark sweep GC freed 1372(81KB) AllocSpace objects, 1(20KB) LOS objects, 37% free, 26MB/42MB, paused 1.387ms total 46.486ms
08-05 19:53:40.602 30457 30470 I art     : Starting a blocking GC Explicit
08-05 19:53:40.639 30457 30470 I art     : Explicit concurrent mark sweep GC freed 23(752B) AllocSpace objects, 0(0B) LOS objects, 37% free, 26MB/42MB, paused 1.384ms total 36.337ms
08-05 19:53:40.651 30457 30470 I art     : Starting a blocking GC Explicit
08-05 19:53:40.686 30457 30470 I art     : Explicit concurrent mark sweep GC freed 3(96B) AllocSpace objects, 0(0B) LOS objects, 37% free, 26MB/42MB, paused 1.255ms total 34.300ms
08-05 19:53:40.698 30457 30470 I art     : Starting a blocking GC Explicit
08-05 19:53:40.732 30457 30470 I art     : Explicit concurrent mark sweep GC freed 3(96B) AllocSpace objects, 0(0B) LOS objects, 37% free, 26MB/42MB, paused 1.318ms total 33.125ms
08-05 19:53:40.743 30457 30470 I art     : Starting a blocking GC Explicit
08-05 19:53:40.777 30457 30470 I art     : Explicit concurrent mark sweep GC freed 3(96B) AllocSpace objects, 0(0B) LOS objects, 37% free, 26MB/42MB, paused 1.415ms total 33.555ms
08-05 19:53:41.087 30457 30470 I art     : Starting a blocking GC Explicit
08-05 19:53:41.125 30457 30470 I art     : Explicit concurrent mark sweep GC freed 1411(82KB) AllocSpace objects, 1(20KB) LOS objects, 37% free, 26MB/42MB, paused 1.275ms total 37.736ms
08-05 19:53:41.138 30457 30470 I art     : Starting a blocking GC Explicit
08-05 19:53:41.173 30457 30470 I art     : Explicit concurrent mark sweep GC freed 29(944B) AllocSpace objects, 0(0B) LOS objects, 37% free, 26MB/42MB, paused 1.289ms total 35.135ms
08-05 19:53:41.185 30457 30470 I art     : Starting a blocking GC Explicit
08-05 19:53:41.217 32628 32628 D AndroidRuntime: >>>>>> START com.android.internal.os.RuntimeInit uid 2000 <<<<<<
08-05 19:53:41.219 30457 30470 I art     : Explicit concurrent mark sweep GC freed 9(288B) AllocSpace objects, 0(0B) LOS objects, 37% free, 26MB/42MB, paused 1.405ms total 34.215ms
08-05 19:53:41.222 32628 32628 D AndroidRuntime: CheckJNI is OFF
08-05 19:53:41.231 30457 30470 I art     : Starting a blocking GC Explicit
08-05 19:53:41.265 30457 30470 I art     : Explicit concurrent mark sweep GC freed 9(288B) AllocSpace objects, 0(0B) LOS objects, 37% free, 26MB/42MB, paused 1.488ms total 34.194ms
08-05 19:53:41.267 32628 32628 D ICU     : No timezone override file found: /data/misc/zoneinfo/current/icu/icu_tzdata.dat
08-05 19:53:41.277 30457 30470 I art     : Starting a blocking GC Explicit
08-05 19:53:41.309 32628 32628 I Radio-JNI: register_android_hardware_Radio DONE
08-05 19:53:41.310 30457 30470 I art     : Explicit concurrent mark sweep GC freed 6(192B) AllocSpace objects, 0(0B) LOS objects, 37% free, 26MB/42MB, paused 1.349ms total 32.819ms
08-05 19:53:41.339 32628 32628 D AndroidRuntime: Calling main entry com.android.commands.input.Input
08-05 19:53:41.342 32628 32628 I Input   : injectMotionEvent: MotionEvent { action=ACTION_DOWN, actionButton=0, id[0]=0, x[0]=103.0, y[0]=192.0, toolType[0]=TOOL_TYPE_UNKNOWN, buttonState=0, metaState=0, flags=0x0, edgeFlags=0x0, pointerCount=1, historySize=0, eventTime=820437754, downTime=820437754, deviceId=0, source=0x1002 }
08-05 19:53:41.348 32628 32628 I Input   : injectMotionEvent: MotionEvent { action=ACTION_UP, actionButton=0, id[0]=0, x[0]=103.0, y[0]=192.0, toolType[0]=TOOL_TYPE_UNKNOWN, buttonState=0, metaState=0, flags=0x0, edgeFlags=0x0, pointerCount=1, historySize=0, eventTime=820437754, downTime=820437754, deviceId=0, source=0x1002 }
08-05 19:53:41.350 32628 32628 D AndroidRuntime: Shutting down VM
08-05 19:53:41.362   512  2967 D audio_hw_primary: out_set_parameters: enter: usecase(1: low-latency-playback) kvpairs: routing=2
08-05 19:53:41.375   512  2967 D audio_hw_primary: select_devices: out_snd_device(2: speaker) in_snd_device(0: none)
08-05 19:53:41.375   512  2967 D msm8974_platform: platform_send_audio_calibration: sending audio calibration for snd_device(2) acdb_id(15)
08-05 19:53:41.375   512  2967 I soundtrigger: audio_extn_sound_trigger_update_device_status: device 0x2 of type 0 for Event 1
08-05 19:53:41.386   512  2967 D audio_hw_primary: enable_snd_device: snd_device(2: speaker)
08-05 19:53:41.389   512  2967 D audio_hw_primary: enable_audio_route: apply and update mixer path: low-latency-playback speaker
08-05 19:53:41.399 13866 13866 I GoogleInputMethodServic: GoogleInputMethodService.onFinishInput():3138 
08-05 19:53:41.399 13866 13866 I GoogleInputMethodServic: GoogleInputMethodService.onStartInput():1808 
08-05 19:53:41.606 30457 30485 I art     : Starting a blocking GC Explicit
08-05 19:53:41.642 30457 30485 I art     : Explicit concurrent mark sweep GC freed 1974(110KB) AllocSpace objects, 1(20KB) LOS objects, 37% free, 26MB/42MB, paused 1.288ms total 35.623ms
08-05 19:53:41.654 30457 30485 I art     : Starting a blocking GC Explicit
08-05 19:53:41.690 30457 30485 I art     : Explicit concurrent mark sweep GC freed 102(5KB) AllocSpace objects, 0(0B) LOS objects, 37% free, 26MB/42MB, paused 1.313ms total 35.100ms
08-05 19:53:41.702 30457 30485 I art     : Starting a blocking GC Explicit
08-05 19:53:41.738 30457 30485 I art     : Explicit concurrent mark sweep GC freed 3(96B) AllocSpace objects, 0(0B) LOS objects, 37% free, 26MB/42MB, paused 1.438ms total 36.385ms
08-05 19:53:41.751 30457 30485 I art     : Starting a blocking GC Explicit
08-05 19:53:41.784 30457 30485 I art     : Explicit concurrent mark sweep GC freed 11(384B) AllocSpace objects, 0(0B) LOS objects, 37% free, 26MB/42MB, paused 1.202ms total 32.881ms
08-05 19:53:41.796 30457 30485 I art     : Starting a blocking GC Explicit
08-05 19:53:41.829 30457 30485 I art     : Explicit concurrent mark sweep GC freed 6(192B) AllocSpace objects, 0(0B) LOS objects, 37% free, 26MB/42MB, paused 1.373ms total 33.349ms
08-05 19:53:41.928   512  2967 D audio_hw_primary: disable_audio_route: reset and update mixer path: low-latency-playback speaker
08-05 19:53:41.930   512  2967 D audio_hw_primary: disable_snd_device: snd_device(2: speaker)
08-05 19:53:41.938   512  2967 I soundtrigger: audio_extn_sound_trigger_update_device_status: device 0x2 of type 0 for Event 0
08-05 19:53:42.148 30457 30471 I art     : Starting a blocking GC Explicit
08-05 19:53:42.191 30457 30471 I art     : Explicit concurrent mark sweep GC freed 1400(81KB) AllocSpace objects, 1(20KB) LOS objects, 37% free, 26MB/42MB, paused 1.407ms total 43.175ms
08-05 19:53:42.204 30457 30471 I art     : Starting a blocking GC Explicit
08-05 19:53:42.240 30457 30471 I art     : Explicit concurrent mark sweep GC freed 25(816B) AllocSpace objects, 0(0B) LOS objects, 37% free, 26MB/42MB, paused 1.335ms total 35.730ms
08-05 19:53:42.252 30457 30471 I art     : Starting a blocking GC Explicit
08-05 19:53:42.288 30457 30471 I art     : Explicit concurrent mark sweep GC freed 3(96B) AllocSpace objects, 0(0B) LOS objects, 37% free, 26MB/42MB, paused 1.504ms total 35.161ms
08-05 19:53:42.300 30457 30471 I art     : Starting a blocking GC Explicit
08-05 19:53:42.335 30457 30471 I art     : Explicit concurrent mark sweep GC freed 3(96B) AllocSpace objects, 0(0B) LOS objects, 37% free, 26MB/42MB, paused 1.336ms total 35.255ms
08-05 19:53:42.347 30457 30471 I art     : Starting a blocking GC Explicit
08-05 19:53:42.383 30457 30471 I art     : Explicit concurrent mark sweep GC freed 3(96B) AllocSpace objects, 0(0B) LOS objects, 37% free, 26MB/42MB, paused 1.388ms total 35.241ms
08-05 19:53:42.527 13866 13882 I PeriodicStatsRunner: PeriodicStatsRunner.call():175 call()
08-05 19:53:42.528 13866 13882 I PeriodicStatsRunner: PeriodicStatsRunner.call():179 No submit PeriodicStats since input started.
08-05 19:53:42.687 30457 30485 I art     : Starting a blocking GC Explicit
08-05 19:53:42.726 30457 30485 I art     : Explicit concurrent mark sweep GC freed 1371(80KB) AllocSpace objects, 1(20KB) LOS objects, 37% free, 26MB/42MB, paused 1.601ms total 38.395ms
08-05 19:53:42.741 30457 30485 I art     : Starting a blocking GC Explicit
08-05 19:53:42.774 30457 30485 I art     : Explicit concurrent mark sweep GC freed 23(752B) AllocSpace objects, 0(0B) LOS objects, 37% free, 26MB/42MB, paused 1.290ms total 32.953ms
08-05 19:53:42.786 30457 30485 I art     : Starting a blocking GC Explicit
08-05 19:53:42.820 30457 30485 I art     : Explicit concurrent mark sweep GC freed 3(96B) AllocSpace objects, 0(0B) LOS objects, 37% free, 26MB/42MB, paused 1.355ms total 33.745ms
08-05 19:53:42.831 30457 30485 I art     : Starting a blocking GC Explicit
08-05 19:53:42.865 30457 30485 I art     : Explicit concurrent mark sweep GC freed 3(96B) AllocSpace objects, 0(0B) LOS objects, 37% free, 26MB/42MB, paused 1.313ms total 33.483ms
08-05 19:53:42.877 30457 30485 I art     : Starting a blocking GC Explicit
08-05 19:53:42.910 30457 30485 I art     : Explicit concurrent mark sweep GC freed 27(704B) AllocSpace objects, 0(0B) LOS objects, 37% free, 26MB/42MB, paused 1.333ms total 32.977ms
08-05 19:53:43.124 32677 32677 D AndroidRuntime: >>>>>> START com.android.internal.os.RuntimeInit uid 2000 <<<<<<
08-05 19:53:43.130 32677 32677 D AndroidRuntime: CheckJNI is OFF
08-05 19:53:43.170 32677 32677 D ICU     : No timezone override file found: /data/misc/zoneinfo/current/icu/icu_tzdata.dat
08-05 19:53:43.212 32677 32677 I Radio-JNI: register_android_hardware_Radio DONE
08-05 19:53:43.233 30457 30485 I art     : Starting a blocking GC Explicit
08-05 19:53:43.242 32677 32677 D AndroidRuntime: Calling main entry com.android.commands.input.Input
08-05 19:53:43.244 32677 32677 I Input   : injectMotionEvent: MotionEvent { action=ACTION_DOWN, actionButton=0, id[0]=0, x[0]=625.0, y[0]=1248.0, toolType[0]=TOOL_TYPE_UNKNOWN, buttonState=0, metaState=0, flags=0x0, edgeFlags=0x0, pointerCount=1, historySize=0, eventTime=820439656, downTime=820439656, deviceId=0, source=0x1002 }
08-05 19:53:43.250 32677 32677 I Input   : injectMotionEvent: MotionEvent { action=ACTION_UP, actionButton=0, id[0]=0, x[0]=625.0, y[0]=1248.0, toolType[0]=TOOL_TYPE_UNKNOWN, buttonState=0, metaState=0, flags=0x0, edgeFlags=0x0, pointerCount=1, historySize=0, eventTime=820439656, downTime=820439656, deviceId=0, source=0x1002 }
08-05 19:53:43.252 32677 32677 D AndroidRuntime: Shutting down VM
08-05 19:53:43.270 30457 30485 I art     : Explicit concurrent mark sweep GC freed 1426(82KB) AllocSpace objects, 1(20KB) LOS objects, 37% free, 26MB/42MB, paused 1.426ms total 36.448ms
08-05 19:53:43.282 30457 30485 I art     : Starting a blocking GC Explicit
08-05 19:53:43.313 30457 30485 I art     : Explicit concurrent mark sweep GC freed 40(1408B) AllocSpace objects, 0(0B) LOS objects, 37% free, 26MB/42MB, paused 1.346ms total 31.342ms
08-05 19:53:43.316 30457 30457 D MainActivity: loadFragment(index: 7, args: null)
08-05 19:53:43.318 30457 30457 D MainActivity: saveLastNavFragment(tag: 2)
08-05 19:53:43.318 30457 30457 D MainActivity: getLastNavFragment() -> 2
08-05 19:53:43.319   512  2967 D audio_hw_primary: out_set_parameters: enter: usecase(1: low-latency-playback) kvpairs: routing=2
08-05 19:53:43.325 30457 30485 I art     : Starting a blocking GC Explicit
08-05 19:53:43.332   512  2967 D audio_hw_primary: select_devices: out_snd_device(2: speaker) in_snd_device(0: none)
08-05 19:53:43.332   512  2967 D msm8974_platform: platform_send_audio_calibration: sending audio calibration for snd_device(2) acdb_id(15)
08-05 19:53:43.332   512  2967 I soundtrigger: audio_extn_sound_trigger_update_device_status: device 0x2 of type 0 for Event 1
08-05 19:53:43.341   512  2967 D audio_hw_primary: enable_snd_device: snd_device(2: speaker)
08-05 19:53:43.344   512  2967 D audio_hw_primary: enable_audio_route: apply and update mixer path: low-latency-playback speaker
08-05 19:53:43.351 30457 30457 D ItemlistFragment: onEventMainThread() called with: event = [DownloadEvent{update=DownloaderUpdate{downloaders=[], feedIds=[], mediaIds=[]}}]
08-05 19:53:43.352 30457 30985 D DBReader: getFeed() called with: feedId = [2]
08-05 19:53:43.355 30457 30985 D DBReader: getFeedItemList() called with: feed = [baseline.de.danoeh.antennapod.core.feed.Feed@2]
08-05 19:53:43.360 30457 30485 I art     : Explicit concurrent mark sweep GC freed 2338(124KB) AllocSpace objects, 1(20KB) LOS objects, 36% free, 27MB/43MB, paused 1.877ms total 35.377ms
08-05 19:53:43.372 30457 30485 I art     : Starting a blocking GC Explicit
08-05 19:53:43.408 30457 30485 I art     : Explicit concurrent mark sweep GC freed 886(21KB) AllocSpace objects, 0(0B) LOS objects, 36% free, 27MB/43MB, paused 1.874ms total 35.885ms
08-05 19:53:43.420 30457 30485 I art     : Starting a blocking GC Explicit
08-05 19:53:43.459 30457 30485 I art     : Explicit concurrent mark sweep GC freed 2577(99KB) AllocSpace objects, 0(0B) LOS objects, 35% free, 28MB/44MB, paused 1.762ms total 38.337ms
08-05 19:53:43.466 30457 30985 W PodDBAdapter: Length of id array is larger than 800. Creating multiple cursors
08-05 19:53:43.559 30457 30985 D DBReader: getFavoriteIDList() called
08-05 19:53:43.560 30457 30985 D DBReader: getQueueIDList() called
08-05 19:53:43.562 30457 30985 D DBReader: Extracting Feedlist
08-05 19:53:43.608 30457 30457 D FeedMenuHandler: Preparing options menu
08-05 19:53:43.677 30457 31358 D ApOkHttpUrlLoader: buildLoadData() called with: model = [http://static.libsyn.com/p/assets/7/1/f/3/71f3014e14ef2722/JREiTunesImage2.jpg], width = [1440], height = [462]
08-05 19:53:43.762 30457 30485 I art     : Starting a blocking GC Explicit
08-05 19:53:43.806 30457 30485 I art     : Explicit concurrent mark sweep GC freed 13906(677KB) AllocSpace objects, 3(52KB) LOS objects, 29% free, 37MB/53MB, paused 1.494ms total 44.454ms
08-05 19:53:43.820 30457 30485 I art     : Starting a blocking GC Explicit
08-05 19:53:43.834 30457 30479 V RenderScript: 0x7f7ad2f000 Launching thread(s), CPUs 8
08-05 19:53:43.862 30457 30485 I art     : Explicit concurrent mark sweep GC freed 960(57KB) AllocSpace objects, 0(0B) LOS objects, 29% free, 37MB/53MB, paused 1.415ms total 41.791ms
08-05 19:53:43.875 30457 30485 I art     : Starting a blocking GC Explicit
08-05 19:53:43.888   512  2967 D audio_hw_primary: disable_audio_route: reset and update mixer path: low-latency-playback speaker
08-05 19:53:43.889   512  2967 D audio_hw_primary: disable_snd_device: snd_device(2: speaker)
08-05 19:53:43.899   512  2967 I soundtrigger: audio_extn_sound_trigger_update_device_status: device 0x2 of type 0 for Event 0
08-05 19:53:43.906 13866 13866 I GoogleInputMethodServic: GoogleInputMethodService.onFinishInput():3138 
08-05 19:53:43.907 13866 13866 I GoogleInputMethodServic: GoogleInputMethodService.onStartInput():1808 
08-05 19:53:43.918 30457 30485 I art     : Explicit concurrent mark sweep GC freed 304(30KB) AllocSpace objects, 5(216KB) LOS objects, 29% free, 37MB/53MB, paused 1.484ms total 43.223ms
08-05 19:53:43.931 30457 30485 I art     : Starting a blocking GC Explicit
08-05 19:53:43.973 30457 30485 I art     : Explicit concurrent mark sweep GC freed 160(8KB) AllocSpace objects, 0(0B) LOS objects, 29% free, 37MB/53MB, paused 1.274ms total 41.085ms
08-05 19:53:43.985 30457 30485 I art     : Starting a blocking GC Explicit
08-05 19:53:44.029 30457 30485 I art     : Explicit concurrent mark sweep GC freed 25(1024B) AllocSpace objects, 0(0B) LOS objects, 29% free, 37MB/53MB, paused 1.294ms total 43.959ms
08-05 19:53:44.355 30457 30470 I art     : Starting a blocking GC Explicit
08-05 19:53:44.420 13866 13882 I PeriodicStatsRunner: PeriodicStatsRunner.call():175 call()
08-05 19:53:44.420 13866 13882 I PeriodicStatsRunner: PeriodicStatsRunner.call():179 No submit PeriodicStats since input started.
08-05 19:53:44.421 30457 30470 I art     : Explicit concurrent mark sweep GC freed 1375(80KB) AllocSpace objects, 1(20KB) LOS objects, 29% free, 37MB/53MB, paused 1.450ms total 64.785ms
08-05 19:53:44.438 30457 30470 I art     : Starting a blocking GC Explicit
08-05 19:53:44.484 30457 30470 I art     : Explicit concurrent mark sweep GC freed 59(1984B) AllocSpace objects, 0(0B) LOS objects, 29% free, 37MB/53MB, paused 1.336ms total 45.166ms
08-05 19:53:44.498 30457 30470 I art     : Starting a blocking GC Explicit
08-05 19:53:44.544 30457 30470 I art     : Explicit concurrent mark sweep GC freed 3(96B) AllocSpace objects, 0(0B) LOS objects, 29% free, 37MB/53MB, paused 1.323ms total 45.787ms
08-05 19:53:44.558 30457 30470 I art     : Starting a blocking GC Explicit
08-05 19:53:44.605 30457 30470 I art     : Explicit concurrent mark sweep GC freed 3(96B) AllocSpace objects, 0(0B) LOS objects, 29% free, 37MB/53MB, paused 1.283ms total 46.661ms
08-05 19:53:44.620 30457 30470 I art     : Starting a blocking GC Explicit
08-05 19:53:44.665 30457 30470 I art     : Explicit concurrent mark sweep GC freed 3(96B) AllocSpace objects, 0(0B) LOS objects, 29% free, 37MB/53MB, paused 1.327ms total 45.209ms
08-05 19:53:45.009 30457 30471 I art     : Starting a blocking GC Explicit
08-05 19:53:45.079 30457 30471 I art     : Explicit concurrent mark sweep GC freed 1401(81KB) AllocSpace objects, 1(20KB) LOS objects, 29% free, 37MB/53MB, paused 1.712ms total 69.089ms
08-05 19:53:45.098 30457 30471 I art     : Starting a blocking GC Explicit
08-05 19:53:45.146 30457 30471 I art     : Explicit concurrent mark sweep GC freed 23(752B) AllocSpace objects, 0(0B) LOS objects, 29% free, 37MB/53MB, paused 1.389ms total 47.935ms
08-05 19:53:45.161 30457 30471 I art     : Starting a blocking GC Explicit
08-05 19:53:45.211 30457 30471 I art     : Explicit concurrent mark sweep GC freed 4(128B) AllocSpace objects, 0(0B) LOS objects, 29% free, 37MB/53MB, paused 1.356ms total 49.861ms
08-05 19:53:45.228 30457 30471 I art     : Starting a blocking GC Explicit
08-05 19:53:45.273 30457 30471 I art     : Explicit concurrent mark sweep GC freed 11(352B) AllocSpace objects, 0(0B) LOS objects, 29% free, 37MB/53MB, paused 1.437ms total 44.930ms
08-05 19:53:45.288 30457 30471 I art     : Starting a blocking GC Explicit
08-05 19:53:45.334 30457 30471 I art     : Explicit concurrent mark sweep GC freed 11(352B) AllocSpace objects, 0(0B) LOS objects, 29% free, 37MB/53MB, paused 1.276ms total 45.572ms
08-05 19:53:45.675 30457 30471 I art     : Starting a blocking GC Explicit
08-05 19:53:45.738 30457 30471 I art     : Explicit concurrent mark sweep GC freed 1385(80KB) AllocSpace objects, 1(20KB) LOS objects, 29% free, 37MB/53MB, paused 1.636ms total 63.002ms
08-05 19:53:45.754 30457 30471 I art     : Starting a blocking GC Explicit
08-05 19:53:45.806 30457 30471 I art     : Explicit concurrent mark sweep GC freed 23(752B) AllocSpace objects, 0(0B) LOS objects, 29% free, 37MB/53MB, paused 1.400ms total 51.560ms
08-05 19:53:45.820 30457 30471 I art     : Starting a blocking GC Explicit
08-05 19:53:45.868 30457 30471 I art     : Explicit concurrent mark sweep GC freed 3(96B) AllocSpace objects, 0(0B) LOS objects, 29% free, 37MB/53MB, paused 1.424ms total 47.530ms
08-05 19:53:45.883 30457 30471 I art     : Starting a blocking GC Explicit
08-05 19:53:45.934 30457 30471 I art     : Explicit concurrent mark sweep GC freed 32(880B) AllocSpace objects, 0(0B) LOS objects, 29% free, 37MB/53MB, paused 1.412ms total 50.894ms
08-05 19:53:45.948 30457 30471 I art     : Starting a blocking GC Explicit
08-05 19:53:45.998 30457 30471 I art     : Explicit concurrent mark sweep GC freed 3(96B) AllocSpace objects, 0(0B) LOS objects, 29% free, 37MB/53MB, paused 1.452ms total 49.177ms
08-05 19:53:46.355 30457 31586 I art     : Starting a blocking GC Explicit
08-05 19:53:46.399 13866 13882 I PeriodicStatsRunner: PeriodicStatsRunner.call():175 call()
08-05 19:53:46.400 13866 13882 I PeriodicStatsRunner: PeriodicStatsRunner.call():179 No submit PeriodicStats since input started.
08-05 19:53:46.410 30457 31586 I art     : Explicit concurrent mark sweep GC freed 2074(102KB) AllocSpace objects, 1(20KB) LOS objects, 29% free, 37MB/53MB, paused 1.443ms total 55.108ms
08-05 19:53:46.425 30457 31586 I art     : Starting a blocking GC Explicit
08-05 19:53:46.474 30457 31586 I art     : Explicit concurrent mark sweep GC freed 23(752B) AllocSpace objects, 0(0B) LOS objects, 29% free, 37MB/53MB, paused 1.375ms total 49.330ms
08-05 19:53:46.489 30457 31586 I art     : Starting a blocking GC Explicit
08-05 19:53:46.539 30457 31586 I art     : Explicit concurrent mark sweep GC freed 3(96B) AllocSpace objects, 0(0B) LOS objects, 29% free, 37MB/53MB, paused 1.434ms total 50.344ms
08-05 19:53:46.554 30457 31586 I art     : Starting a blocking GC Explicit
08-05 19:53:46.606 30457 31586 I art     : Explicit concurrent mark sweep GC freed 3(96B) AllocSpace objects, 0(0B) LOS objects, 29% free, 37MB/53MB, paused 1.397ms total 51.617ms
08-05 19:53:46.620 30457 31586 I art     : Starting a blocking GC Explicit
08-05 19:53:46.671 30457 31586 I art     : Explicit concurrent mark sweep GC freed 3(96B) AllocSpace objects, 0(0B) LOS objects, 29% free, 37MB/53MB, paused 1.396ms total 49.955ms
08-05 19:53:47.037 30457 30485 I art     : Starting a blocking GC Explicit
08-05 19:53:47.102 30457 30485 I art     : Explicit concurrent mark sweep GC freed 2289(113KB) AllocSpace objects, 1(20KB) LOS objects, 29% free, 37MB/53MB, paused 1.479ms total 65.278ms
08-05 19:53:47.119 30457 30485 I art     : Starting a blocking GC Explicit
08-05 19:53:47.169 30457 30485 I art     : Explicit concurrent mark sweep GC freed 23(752B) AllocSpace objects, 0(0B) LOS objects, 29% free, 37MB/53MB, paused 1.449ms total 49.241ms
08-05 19:53:47.183 30457 30485 I art     : Starting a blocking GC Explicit
08-05 19:53:47.235 30457 30485 I art     : Explicit concurrent mark sweep GC freed 3(96B) AllocSpace objects, 0(0B) LOS objects, 29% free, 37MB/53MB, paused 1.383ms total 51.284ms
08-05 19:53:47.249 30457 30485 I art     : Starting a blocking GC Explicit
08-05 19:53:47.298 30457 30485 I art     : Explicit concurrent mark sweep GC freed 3(96B) AllocSpace objects, 0(0B) LOS objects, 29% free, 37MB/53MB, paused 1.525ms total 48.838ms
08-05 19:53:47.313 30457 30485 I art     : Starting a blocking GC Explicit
08-05 19:53:47.364 30457 30485 I art     : Explicit concurrent mark sweep GC freed 3(96B) AllocSpace objects, 0(0B) LOS objects, 29% free, 37MB/53MB, paused 1.379ms total 50.503ms
08-05 19:53:47.684 30457 30470 I art     : Starting a blocking GC Explicit
08-05 19:53:47.738 30457 30470 I art     : Explicit concurrent mark sweep GC freed 1374(81KB) AllocSpace objects, 1(20KB) LOS objects, 29% free, 37MB/53MB, paused 1.403ms total 52.920ms
08-05 19:53:47.752 30457 30470 I art     : Starting a blocking GC Explicit
08-05 19:53:47.799 30457 30470 I art     : Explicit concurrent mark sweep GC freed 23(752B) AllocSpace objects, 0(0B) LOS objects, 29% free, 37MB/53MB, paused 1.376ms total 46.291ms
08-05 19:53:47.813 30457 30470 I art     : Starting a blocking GC Explicit
08-05 19:53:47.861 30457 30470 I art     : Explicit concurrent mark sweep GC freed 3(96B) AllocSpace objects, 0(0B) LOS objects, 29% free, 37MB/53MB, paused 1.382ms total 48.004ms
08-05 19:53:47.875 30457 30470 I art     : Starting a blocking GC Explicit
08-05 19:53:47.923 30457 30470 I art     : Explicit concurrent mark sweep GC freed 32(880B) AllocSpace objects, 0(0B) LOS objects, 29% free, 37MB/53MB, paused 1.394ms total 47.910ms
08-05 19:53:47.937 30457 30470 I art     : Starting a blocking GC Explicit
08-05 19:53:47.986 30457 30470 I art     : Explicit concurrent mark sweep GC freed 3(96B) AllocSpace objects, 0(0B) LOS objects, 29% free, 37MB/53MB, paused 1.396ms total 48.741ms
08-05 19:53:48.081   342   342 D AndroidRuntime: >>>>>> START com.android.internal.os.RuntimeInit uid 2000 <<<<<<
08-05 19:53:48.089   342   342 D AndroidRuntime: CheckJNI is OFF
08-05 19:53:48.137   342   342 D ICU     : No timezone override file found: /data/misc/zoneinfo/current/icu/icu_tzdata.dat
08-05 19:53:48.180   342   342 I Radio-JNI: register_android_hardware_Radio DONE
08-05 19:53:48.209   342   342 D AndroidRuntime: Calling main entry com.android.commands.input.Input
08-05 19:53:48.211   342   342 I Input   : injectMotionEvent: MotionEvent { action=ACTION_DOWN, actionButton=0, id[0]=0, x[0]=1363.0, y[0]=517.0, toolType[0]=TOOL_TYPE_UNKNOWN, buttonState=0, metaState=0, flags=0x0, edgeFlags=0x0, pointerCount=1, historySize=0, eventTime=820444624, downTime=820444624, deviceId=0, source=0x1002 }
08-05 19:53:48.217   342   342 I Input   : injectMotionEvent: MotionEvent { action=ACTION_UP, actionButton=0, id[0]=0, x[0]=1363.0, y[0]=517.0, toolType[0]=TOOL_TYPE_UNKNOWN, buttonState=0, metaState=0, flags=0x0, edgeFlags=0x0, pointerCount=1, historySize=0, eventTime=820444624, downTime=820444624, deviceId=0, source=0x1002 }
08-05 19:53:48.220   342   342 D AndroidRuntime: Shutting down VM
08-05 19:53:48.233   918  6110 I ActivityManager: START u0 {cmp=baseline.de.danoeh.antennapod.debug/baseline.de.danoeh.antennapod.activity.FeedSettingsActivity (has extras)} from uid 10695 on display 0
08-05 19:53:48.234   512  2967 D audio_hw_primary: out_set_parameters: enter: usecase(1: low-latency-playback) kvpairs: routing=2
08-05 19:53:48.247   512  2967 D audio_hw_primary: select_devices: out_snd_device(2: speaker) in_snd_device(0: none)
08-05 19:53:48.247   512  2967 D msm8974_platform: platform_send_audio_calibration: sending audio calibration for snd_device(2) acdb_id(15)
08-05 19:53:48.248   512  2967 I soundtrigger: audio_extn_sound_trigger_update_device_status: device 0x2 of type 0 for Event 1
08-05 19:53:48.258   512  2967 D audio_hw_primary: enable_snd_device: snd_device(2: speaker)
08-05 19:53:48.261   512  2967 D audio_hw_primary: enable_audio_route: apply and update mixer path: low-latency-playback speaker
08-05 19:53:48.334 30457 30471 I art     : Starting a blocking GC Explicit
08-05 19:53:48.391 30457 30471 I art     : Explicit concurrent mark sweep GC freed 37622(1620KB) AllocSpace objects, 1(20KB) LOS objects, 29% free, 37MB/53MB, paused 2.116ms total 56.235ms
08-05 19:53:48.405 30457 30471 I art     : Starting a blocking GC Explicit
08-05 19:53:48.454 30457 30471 I art     : Explicit concurrent mark sweep GC freed 12133(543KB) AllocSpace objects, 0(0B) LOS objects, 29% free, 39MB/55MB, paused 1.864ms total 48.384ms
08-05 19:53:48.468 30457 30471 I art     : Starting a blocking GC Explicit
08-05 19:53:48.482 30457 30478 D DBReader: getFeed() called with: feedId = [2]
08-05 19:53:48.483 30457 30478 D DBReader: getFeedItemList() called with: feed = [baseline.de.danoeh.antennapod.core.feed.Feed@2]
08-05 19:53:48.516 30457 30471 I art     : Explicit concurrent mark sweep GC freed 3032(177KB) AllocSpace objects, 0(0B) LOS objects, 28% free, 40MB/56MB, paused 2.249ms total 48.148ms
08-05 19:53:48.531 30457 30471 I art     : Starting a blocking GC Explicit
08-05 19:53:48.583 30457 30471 I art     : Explicit concurrent mark sweep GC freed 2013(55KB) AllocSpace objects, 0(0B) LOS objects, 27% free, 41MB/57MB, paused 2.310ms total 52.140ms
08-05 19:53:48.593 30457 30478 W PodDBAdapter: Length of id array is larger than 800. Creating multiple cursors
08-05 19:53:48.598 30457 30471 I art     : Starting a blocking GC Explicit
08-05 19:53:48.627   918   936 I ActivityManager: Displayed baseline.de.danoeh.antennapod.debug/baseline.de.danoeh.antennapod.activity.FeedSettingsActivity: +384ms
08-05 19:53:48.627 13866 13866 I GoogleInputMethodServic: GoogleInputMethodService.onFinishInput():3138 
08-05 19:53:48.628 13866 13866 I GoogleInputMethodServic: GoogleInputMethodService.onStartInput():1808 
08-05 19:53:48.663 30457 30471 I art     : Explicit concurrent mark sweep GC freed 2100(199KB) AllocSpace objects, 1(16KB) LOS objects, 27% free, 41MB/57MB, paused 1.781ms total 64.880ms
08-05 19:53:48.671 30457 30479 D OpenGLRenderer: endAllStagingAnimators on 0x7f7a77f800 (RippleDrawable) with handle 0x7f7a7113e0
08-05 19:53:48.699 30457 31358 D ApOkHttpUrlLoader: buildLoadData() called with: model = [http://static.libsyn.com/p/assets/7/1/f/3/71f3014e14ef2722/JREiTunesImage2.jpg], width = [1440], height = [462]
08-05 19:53:48.704 13866 13866 I GoogleInputMethodServic: GoogleInputMethodService.onStartInput():1808 
08-05 19:53:48.704 13866 13866 W SessionManager: SessionManager.beginSession():53 Try to begin an already begun session [INPUT_SESSION], end it first
08-05 19:53:48.714 13866 13866 I ShortcutsDataManager: ShortcutsDataManager.onContentChanged():89 onContentChanged()
08-05 19:53:48.716 30457 30457 D FeedSettingsActivity: No filter set
08-05 19:53:48.725   918  3714 W IntentResolver: resolveIntent: multiple matches, only some with CATEGORY_DEFAULT
08-05 19:53:48.790   512  2967 D audio_hw_primary: disable_audio_route: reset and update mixer path: low-latency-playback speaker
08-05 19:53:48.791   512  2967 D audio_hw_primary: disable_snd_device: snd_device(2: speaker)
08-05 19:53:48.803   512  2967 I soundtrigger: audio_extn_sound_trigger_update_device_status: device 0x2 of type 0 for Event 0
08-05 19:53:48.882   380   380 W SurfaceFlinger: couldn't log to binary event log: overflow.
08-05 19:53:48.907 13866 13882 I PeriodicStatsRunner: PeriodicStatsRunner.call():175 call()
08-05 19:53:48.908 13866 13882 I PeriodicStatsRunner: PeriodicStatsRunner.call():179 No submit PeriodicStats since input started.
08-05 19:53:48.997 30457 30485 I art     : Starting a blocking GC Explicit
08-05 19:53:49.018 30457 30457 D PlaybackController: Releasing PlaybackController
08-05 19:53:49.059 30457 30485 I art     : Explicit concurrent mark sweep GC freed 9853(342KB) AllocSpace objects, 2(36KB) LOS objects, 27% free, 42MB/58MB, paused 1.849ms total 62.287ms
08-05 19:53:49.077 30457 30485 I art     : Starting a blocking GC Explicit
08-05 19:53:49.132 30457 30485 I art     : Explicit concurrent mark sweep GC freed 616(42KB) AllocSpace objects, 0(0B) LOS objects, 27% free, 42MB/58MB, paused 1.322ms total 54.767ms
08-05 19:53:49.149 30457 30485 I art     : Starting a blocking GC Explicit
08-05 19:53:49.205 30457 30485 I art     : Explicit concurrent mark sweep GC freed 59(2144B) AllocSpace objects, 0(0B) LOS objects, 27% free, 42MB/58MB, paused 1.471ms total 56.241ms
08-05 19:53:49.222 30457 30485 I art     : Starting a blocking GC Explicit
08-05 19:53:49.276 30457 30485 I art     : Explicit concurrent mark sweep GC freed 54(2352B) AllocSpace objects, 0(0B) LOS objects, 27% free, 42MB/58MB, paused 1.416ms total 53.937ms
08-05 19:53:49.292 30457 30485 I art     : Starting a blocking GC Explicit
08-05 19:53:49.353 30457 30485 I art     : Explicit concurrent mark sweep GC freed 9(288B) AllocSpace objects, 0(0B) LOS objects, 27% free, 42MB/58MB, paused 1.439ms total 60.033ms
08-05 19:53:49.687 30457 31586 I art     : Starting a blocking GC Explicit
08-05 19:53:49.763 30457 31586 I art     : Explicit concurrent mark sweep GC freed 1372(80KB) AllocSpace objects, 1(20KB) LOS objects, 27% free, 42MB/58MB, paused 1.343ms total 75.934ms
08-05 19:53:49.780 30457 31586 I art     : Starting a blocking GC Explicit
08-05 19:53:49.840 30457 31586 I art     : Explicit concurrent mark sweep GC freed 23(768B) AllocSpace objects, 0(0B) LOS objects, 27% free, 42MB/58MB, paused 1.468ms total 59.135ms
08-05 19:53:49.857 30457 31586 I art     : Starting a blocking GC Explicit
08-05 19:53:49.918 30457 31586 I art     : Explicit concurrent mark sweep GC freed 32(880B) AllocSpace objects, 0(0B) LOS objects, 27% free, 42MB/58MB, paused 1.719ms total 61.029ms
08-05 19:53:49.936 30457 31586 I art     : Starting a blocking GC Explicit
08-05 19:53:50.003 30457 31586 I art     : Explicit concurrent mark sweep GC freed 3(96B) AllocSpace objects, 0(0B) LOS objects, 27% free, 42MB/58MB, paused 1.613ms total 66.743ms
08-05 19:53:50.025 30457 31586 I art     : Starting a blocking GC Explicit
08-05 19:53:50.095 30457 31586 I art     : Explicit concurrent mark sweep GC freed 3(96B) AllocSpace objects, 0(0B) LOS objects, 27% free, 42MB/58MB, paused 1.603ms total 70.318ms
08-05 19:53:50.458 30457 30485 I art     : Starting a blocking GC Explicit
08-05 19:53:50.526 30457 30485 I art     : Explicit concurrent mark sweep GC freed 1431(82KB) AllocSpace objects, 1(20KB) LOS objects, 27% free, 42MB/58MB, paused 1.529ms total 67.008ms
08-05 19:53:50.544 30457 30485 I art     : Starting a blocking GC Explicit
08-05 19:53:50.612 30457 30485 I art     : Explicit concurrent mark sweep GC freed 23(752B) AllocSpace objects, 0(0B) LOS objects, 27% free, 42MB/58MB, paused 1.522ms total 67.825ms
08-05 19:53:50.629 30457 30485 I art     : Starting a blocking GC Explicit
08-05 19:53:50.696 30457 30485 I art     : Explicit concurrent mark sweep GC freed 3(96B) AllocSpace objects, 0(0B) LOS objects, 27% free, 42MB/58MB, paused 1.513ms total 66.482ms
08-05 19:53:50.713 30457 30485 I art     : Starting a blocking GC Explicit
08-05 19:53:50.778 30457 30485 I art     : Explicit concurrent mark sweep GC freed 3(96B) AllocSpace objects, 0(0B) LOS objects, 27% free, 42MB/58MB, paused 1.606ms total 63.942ms
08-05 19:53:50.795 30457 30485 I art     : Starting a blocking GC Explicit
08-05 19:53:50.861 30457 30485 I art     : Explicit concurrent mark sweep GC freed 3(96B) AllocSpace objects, 0(0B) LOS objects, 27% free, 42MB/58MB, paused 1.508ms total 65.094ms
08-05 19:53:51.187   918  1209 D NetworkMonitor/NetworkAgentInfo [WIFI () - 159]: Checking http://connectivitycheck.gstatic.com/generate_204 on "H369AA63323", 192.168.2.12=192.168.2.12
08-05 19:53:51.226 30457 30471 I art     : Starting a blocking GC Explicit
08-05 19:53:51.294 30457 30471 I art     : Explicit concurrent mark sweep GC freed 1402(83KB) AllocSpace objects, 1(20KB) LOS objects, 27% free, 42MB/58MB, paused 1.517ms total 68.289ms
08-05 19:53:51.312 30457 30471 I art     : Starting a blocking GC Explicit
08-05 19:53:51.382 30457 30471 I art     : Explicit concurrent mark sweep GC freed 23(752B) AllocSpace objects, 0(0B) LOS objects, 27% free, 42MB/58MB, paused 1.569ms total 69.816ms
08-05 19:53:51.402 30457 30471 I art     : Starting a blocking GC Explicit
08-05 19:53:51.434   918  1209 D NetworkMonitor/NetworkAgentInfo [WIFI () - 159]: Probably not a portal: exception java.io.IOException: unexpected end of stream on Connection{connectivitycheck.gstatic.com:80, proxy=HTTP@/192.168.2.12:8080 hostAddress=192.168.2.12 cipherSuite=none protocol=http/1.1} (recycle count=0)
08-05 19:53:51.435   918  3263 D ConnectivityService: NetworkAgentInfo [WIFI () - 159] validation failed
08-05 19:53:51.437   918  3261 E WifiConfigStore:  rewrite network history for "H369AA63323"WPA_PSK
08-05 19:53:51.468 30457 30471 I art     : Explicit concurrent mark sweep GC freed 3(96B) AllocSpace objects, 0(0B) LOS objects, 27% free, 42MB/58MB, paused 1.733ms total 65.494ms
08-05 19:53:51.469 30457 30468 I art     : WaitForGcToComplete blocked for 57.704ms for cause HeapTrim
08-05 19:53:51.486 30457 30471 I art     : Starting a blocking GC Explicit
08-05 19:53:51.550 30457 30471 I art     : Explicit concurrent mark sweep GC freed 3(96B) AllocSpace objects, 0(0B) LOS objects, 27% free, 42MB/58MB, paused 1.542ms total 63.769ms
08-05 19:53:51.567 30457 30471 I art     : Starting a blocking GC Explicit
08-05 19:53:51.638 30457 30471 I art     : Explicit concurrent mark sweep GC freed 3(96B) AllocSpace objects, 0(0B) LOS objects, 27% free, 42MB/58MB, paused 1.708ms total 70.166ms
08-05 19:53:52.022 30457 30485 I art     : Starting a blocking GC Explicit
08-05 19:53:52.100 30457 30485 I art     : Explicit concurrent mark sweep GC freed 1402(82KB) AllocSpace objects, 1(20KB) LOS objects, 27% free, 42MB/58MB, paused 1.602ms total 77.571ms
08-05 19:53:52.120 30457 30485 I art     : Starting a blocking GC Explicit
08-05 19:53:52.185 30457 30485 I art     : Explicit concurrent mark sweep GC freed 23(752B) AllocSpace objects, 0(0B) LOS objects, 27% free, 42MB/58MB, paused 1.521ms total 65.338ms
08-05 19:53:52.203 30457 30485 I art     : Starting a blocking GC Explicit
08-05 19:53:52.266 30457 30485 I art     : Explicit concurrent mark sweep GC freed 3(96B) AllocSpace objects, 0(0B) LOS objects, 27% free, 42MB/58MB, paused 1.399ms total 62.398ms
08-05 19:53:52.283 30457 30485 I art     : Starting a blocking GC Explicit
08-05 19:53:52.350 30457 30485 I art     : Explicit concurrent mark sweep GC freed 3(96B) AllocSpace objects, 0(0B) LOS objects, 27% free, 42MB/58MB, paused 1.567ms total 66.665ms
08-05 19:53:52.367 30457 30485 I art     : Starting a blocking GC Explicit
08-05 19:53:52.436 30457 30485 I art     : Explicit concurrent mark sweep GC freed 3(96B) AllocSpace objects, 0(0B) LOS objects, 27% free, 42MB/58MB, paused 1.545ms total 68.760ms
08-05 19:53:52.761 30457 30470 I art     : Starting a blocking GC Explicit
08-05 19:53:52.815 30457 30470 I art     : Explicit concurrent mark sweep GC freed 2075(106KB) AllocSpace objects, 1(20KB) LOS objects, 27% free, 42MB/58MB, paused 1.394ms total 53.048ms
08-05 19:53:52.830 30457 30470 I art     : Starting a blocking GC Explicit
08-05 19:53:52.886 30457 30470 I art     : Explicit concurrent mark sweep GC freed 52(1536B) AllocSpace objects, 0(0B) LOS objects, 27% free, 42MB/58MB, paused 1.457ms total 56.203ms
08-05 19:53:52.903 30457 30470 I art     : Starting a blocking GC Explicit
08-05 19:53:52.963 30457 30470 I art     : Explicit concurrent mark sweep GC freed 3(96B) AllocSpace objects, 0(0B) LOS objects, 27% free, 42MB/58MB, paused 1.528ms total 59.667ms
08-05 19:53:52.980 30457 30470 I art     : Starting a blocking GC Explicit
08-05 19:53:53.012   543   543 D AndroidRuntime: >>>>>> START com.android.internal.os.RuntimeInit uid 2000 <<<<<<
08-05 19:53:53.017   543   543 D AndroidRuntime: CheckJNI is OFF
08-05 19:53:53.040 30457 30470 I art     : Explicit concurrent mark sweep GC freed 3(96B) AllocSpace objects, 0(0B) LOS objects, 27% free, 42MB/58MB, paused 1.527ms total 60.053ms
08-05 19:53:53.057 30457 30470 I art     : Starting a blocking GC Explicit
08-05 19:53:53.067   543   543 D ICU     : No timezone override file found: /data/misc/zoneinfo/current/icu/icu_tzdata.dat
08-05 19:53:53.112   543   543 I Radio-JNI: register_android_hardware_Radio DONE
08-05 19:53:53.116 30457 30470 I art     : Explicit concurrent mark sweep GC freed 3(96B) AllocSpace objects, 0(0B) LOS objects, 27% free, 42MB/58MB, paused 1.534ms total 59.121ms
08-05 19:53:53.142   543   543 D AndroidRuntime: Calling main entry com.android.commands.input.Input
08-05 19:53:53.145   543   543 I Input   : injectKeyEvent: KeyEvent { action=ACTION_DOWN, keyCode=KEYCODE_BACK, scanCode=0, metaState=0, flags=0x0, repeatCount=0, eventTime=820449558, downTime=820449558, deviceId=-1, source=0x101 }
08-05 19:53:53.171   543   543 I Input   : injectKeyEvent: KeyEvent { action=ACTION_UP, keyCode=KEYCODE_BACK, scanCode=0, metaState=0, flags=0x0, repeatCount=0, eventTime=820449558, downTime=820449558, deviceId=-1, source=0x101 }
08-05 19:53:53.177   543   543 D AndroidRuntime: Shutting down VM
08-05 19:53:53.181 30457 30457 V PlaybackController: initServiceNotRunning()
08-05 19:53:53.181 30457 30457 D ExternalPlayerFragment: Loading media info
08-05 19:53:53.183 30457 30457 D ItemlistFragment: onEventMainThread() called with: event = [DownloadEvent{update=DownloaderUpdate{downloaders=[], feedIds=[], mediaIds=[]}}]
08-05 19:53:53.184 30457 31358 D ApOkHttpUrlLoader: buildLoadData() called with: model = [http://static.libsyn.com/p/assets/7/1/f/3/71f3014e14ef2722/JREiTunesImage2.jpg], width = [1440], height = [462]
08-05 19:53:53.189 30457 30457 D UserPreferences: Using default data folder
08-05 19:53:53.193 30457 30478 D DBReader: getNavDrawerData() called with: 
08-05 19:53:53.193 30457 30986 D DBReader: getFeed() called with: feedId = [2]
08-05 19:53:53.194 30457 30986 D DBReader: getFeedItemList() called with: feed = [baseline.de.danoeh.antennapod.core.feed.Feed@2]
08-05 19:53:53.211 30457 30457 D FeedMenuHandler: Preparing options menu
08-05 19:53:53.225 30457 30478 D DBReader: getDownloadedItems() called
08-05 19:53:53.227 30457 30478 D DBReader: getFavoriteIDList() called
08-05 19:53:53.228 30457 30478 D DBReader: getQueueIDList() called
08-05 19:53:53.229 30457 30478 D DBReader: Extracting Feedlist
08-05 19:53:53.259 13866 13866 I GoogleInputMethodServic: GoogleInputMethodService.onFinishInput():3138 
08-05 19:53:53.259 30457 30457 D MainActivity: getLastNavFragment() -> 2
08-05 19:53:53.260 13866 13866 I GoogleInputMethodServic: GoogleInputMethodService.onStartInput():1808 
08-05 19:53:53.260 13866 13866 I ShortcutsDataManager: AbstractContentDataManager.startImportContentTask():208 startImportContentTask()
08-05 19:53:53.261 13866 13938 I ShortcutsDataManager: AbstractContentDataManager$ImportContentTask.doInBackground():222 doInBackground()
08-05 19:53:53.262 13866 13938 I PersonalDictionaryDataH: PersonalDictionaryDataHandler.beginProcess():111 LanguageTags = [en-US]
08-05 19:53:53.277 13866 13938 I ShortcutsDataManager: AbstractContentDataManager.importRecords():312 importRecords() : Success : Count = 0
08-05 19:53:53.282 13866 13938 I ShortcutsDataManager: AbstractContentDataManager.importContentData():262 importContentData() : Ending import process
08-05 19:53:53.308 13866 13938 I PersonalLanguageModelUp: PersonalLanguageModelUpdater$UpdateOperation.performInternal():160 run() : Added 0 words and 0 shortcuts
08-05 19:53:53.308 13866 13938 I DynamicLanguageModelOpe: DynamicLanguageModelOperation.perform():37 perform() : 4 : coc : Completed
08-05 19:53:53.308 13866 13950 I Delight5Decoder: Delight5DecoderWrapper.loadLanguageModel():578 loadLanguageModel() : 4, version [n/a]
08-05 19:53:53.309 30457 30986 W PodDBAdapter: Length of id array is larger than 800. Creating multiple cursors
08-05 19:53:53.310 13866 13950 I Delight5Decoder: Delight5DecoderWrapper.loadLanguageModel():616 Loaded dynamic LM 4.en
08-05 19:53:53.311 13866 13866 I ShortcutsDataManager: AbstractContentDataManager$ImportContentTask.onPostExecute():233 onPostExecute() : Result = [2,0]
08-05 19:53:53.311 13866 13866 I ShortcutsDataManager: ShortcutsDataManager.onImportFinished():99 onImportFinished() : Result = 2 : Count = 0
08-05 19:53:53.374   918   927 I art     : Background partial concurrent mark sweep GC freed 66756(10MB) AllocSpace objects, 232(4MB) LOS objects, 18% free, 68MB/84MB, paused 1.746ms total 221.616ms
08-05 19:53:53.403 30457 30986 D DBReader: getFavoriteIDList() called
08-05 19:53:53.403 30457 30986 D DBReader: getQueueIDList() called
08-05 19:53:53.405 30457 30986 D DBReader: Extracting Feedlist
08-05 19:53:53.408 30457 31358 D ApOkHttpUrlLoader: buildLoadData() called with: model = [http://static.libsyn.com/p/assets/7/1/f/3/71f3014e14ef2722/JREiTunesImage2.jpg], width = [1440], height = [462]
08-05 19:53:53.430 30457 30457 D FeedMenuHandler: Preparing options menu
08-05 19:53:53.440 30457 30485 I art     : Starting a blocking GC Explicit
08-05 19:53:53.503 30457 30485 I art     : Explicit concurrent mark sweep GC freed 42631(2MB) AllocSpace objects, 3(52KB) LOS objects, 25% free, 47MB/63MB, paused 1.374ms total 62.876ms
08-05 19:53:53.524 30457 30485 I art     : Starting a blocking GC Explicit
08-05 19:53:53.586   380   380 W SurfaceFlinger: couldn't log to binary event log: overflow.
08-05 19:53:53.588 30457 30485 I art     : Explicit concurrent mark sweep GC freed 2517(162KB) AllocSpace objects, 0(0B) LOS objects, 25% free, 47MB/63MB, paused 1.408ms total 63.644ms
08-05 19:53:53.606 30457 30485 I art     : Starting a blocking GC Explicit
08-05 19:53:53.628 13866 13882 I PeriodicStatsRunner: PeriodicStatsRunner.call():175 call()
08-05 19:53:53.628 13866 13882 I PeriodicStatsRunner: PeriodicStatsRunner.call():179 No submit PeriodicStats since input started.
08-05 19:53:53.660 30457 30485 I art     : Explicit concurrent mark sweep GC freed 620(26KB) AllocSpace objects, 0(0B) LOS objects, 25% free, 47MB/63MB, paused 1.349ms total 53.178ms
08-05 19:53:53.675 30457 30485 I art     : Starting a blocking GC Explicit
08-05 19:53:53.721 30457 30485 I art     : Explicit concurrent mark sweep GC freed 34749(2MB) AllocSpace objects, 44(2MB) LOS objects, 27% free, 42MB/58MB, paused 1.441ms total 45.988ms
08-05 19:53:53.734 30457 30485 I art     : Starting a blocking GC Explicit
08-05 19:53:53.776 30457 30485 I art     : Explicit concurrent mark sweep GC freed 3(96B) AllocSpace objects, 0(0B) LOS objects, 27% free, 42MB/58MB, paused 1.380ms total 41.648ms
08-05 19:53:54.095 30457 31586 I art     : Starting a blocking GC Explicit
08-05 19:53:54.143 30457 31586 I art     : Explicit concurrent mark sweep GC freed 1446(84KB) AllocSpace objects, 1(20KB) LOS objects, 27% free, 42MB/58MB, paused 1.469ms total 48.051ms
08-05 19:53:54.158 30457 31586 I art     : Starting a blocking GC Explicit
08-05 19:53:54.205 30457 31586 I art     : Explicit concurrent mark sweep GC freed 23(752B) AllocSpace objects, 0(0B) LOS objects, 27% free, 42MB/58MB, paused 1.439ms total 46.830ms
08-05 19:53:54.220 30457 31586 I art     : Starting a blocking GC Explicit
08-05 19:53:54.268 30457 31586 I art     : Explicit concurrent mark sweep GC freed 3(96B) AllocSpace objects, 0(0B) LOS objects, 27% free, 42MB/58MB, paused 1.570ms total 47.826ms
08-05 19:53:54.282 30457 31586 I art     : Starting a blocking GC Explicit
08-05 19:53:54.332 30457 31586 I art     : Explicit concurrent mark sweep GC freed 3(96B) AllocSpace objects, 0(0B) LOS objects, 27% free, 42MB/58MB, paused 1.514ms total 49.036ms
08-05 19:53:54.352 30457 31586 I art     : Starting a blocking GC Explicit
08-05 19:53:54.399 30457 31586 I art     : Explicit concurrent mark sweep GC freed 3(96B) AllocSpace objects, 0(0B) LOS objects, 27% free, 42MB/58MB, paused 1.493ms total 46.590ms
08-05 19:53:54.718 30457 30471 I art     : Starting a blocking GC Explicit
08-05 19:53:54.770 30457 30471 I art     : Explicit concurrent mark sweep GC freed 1374(81KB) AllocSpace objects, 1(20KB) LOS objects, 27% free, 42MB/58MB, paused 1.534ms total 51.399ms
08-05 19:53:54.785 30457 30471 I art     : Starting a blocking GC Explicit
08-05 19:53:54.833 30457 30471 I art     : Explicit concurrent mark sweep GC freed 23(752B) AllocSpace objects, 0(0B) LOS objects, 27% free, 42MB/58MB, paused 1.502ms total 47.658ms
08-05 19:53:54.848 30457 30471 I art     : Starting a blocking GC Explicit
08-05 19:53:54.896 30457 30471 I art     : Explicit concurrent mark sweep GC freed 38(1072B) AllocSpace objects, 0(0B) LOS objects, 27% free, 42MB/58MB, paused 1.798ms total 47.666ms
08-05 19:53:54.910 30457 30471 I art     : Starting a blocking GC Explicit
08-05 19:53:54.956 30457 30471 I art     : Explicit concurrent mark sweep GC freed 10(320B) AllocSpace objects, 0(0B) LOS objects, 27% free, 42MB/58MB, paused 1.478ms total 44.890ms
08-05 19:53:54.962   662   662 D AndroidRuntime: >>>>>> START com.android.internal.os.RuntimeInit uid 2000 <<<<<<
08-05 19:53:54.968   662   662 D AndroidRuntime: CheckJNI is OFF
08-05 19:53:54.969 30457 30471 I art     : Starting a blocking GC Explicit
08-05 19:53:55.009   662   662 D ICU     : No timezone override file found: /data/misc/zoneinfo/current/icu/icu_tzdata.dat
08-05 19:53:55.012 30457 30471 I art     : Explicit concurrent mark sweep GC freed 11(352B) AllocSpace objects, 0(0B) LOS objects, 27% free, 42MB/58MB, paused 1.493ms total 42.616ms
08-05 19:53:55.055   662   662 I Radio-JNI: register_android_hardware_Radio DONE
08-05 19:53:55.082   662   662 D AndroidRuntime: Calling main entry com.android.commands.input.Input
08-05 19:53:55.085   662   662 I Input   : injectMotionEvent: MotionEvent { action=ACTION_DOWN, actionButton=0, id[0]=0, x[0]=1372.0, y[0]=384.0, toolType[0]=TOOL_TYPE_UNKNOWN, buttonState=0, metaState=0, flags=0x0, edgeFlags=0x0, pointerCount=1, historySize=0, eventTime=820451497, downTime=820451497, deviceId=0, source=0x1002 }
08-05 19:53:55.091   662   662 I Input   : injectMotionEvent: MotionEvent { action=ACTION_UP, actionButton=0, id[0]=0, x[0]=1372.0, y[0]=384.0, toolType[0]=TOOL_TYPE_UNKNOWN, buttonState=0, metaState=0, flags=0x0, edgeFlags=0x0, pointerCount=1, historySize=0, eventTime=820451497, downTime=820451497, deviceId=0, source=0x1002 }
08-05 19:53:55.092   662   662 D AndroidRuntime: Shutting down VM
08-05 19:53:55.106   918  4400 I ActivityManager: START u0 {cmp=baseline.de.danoeh.antennapod.debug/baseline.de.danoeh.antennapod.activity.FeedInfoActivity (has extras)} from uid 10695 on display 0
08-05 19:53:55.107   512  2967 D audio_hw_primary: out_set_parameters: enter: usecase(1: low-latency-playback) kvpairs: routing=2
08-05 19:53:55.120   512  2967 D audio_hw_primary: select_devices: out_snd_device(2: speaker) in_snd_device(0: none)
08-05 19:53:55.120   512  2967 D msm8974_platform: platform_send_audio_calibration: sending audio calibration for snd_device(2) acdb_id(15)
08-05 19:53:55.120   512  2967 I soundtrigger: audio_extn_sound_trigger_update_device_status: device 0x2 of type 0 for Event 1
08-05 19:53:55.131   512  2967 D audio_hw_primary: enable_snd_device: snd_device(2: speaker)
08-05 19:53:55.134   512  2967 D audio_hw_primary: enable_audio_route: apply and update mixer path: low-latency-playback speaker
08-05 19:53:55.153 30457 30985 D DBReader: getFeed() called with: feedId = [2]
08-05 19:53:55.155 30457 30985 D DBReader: getFeedItemList() called with: feed = [baseline.de.danoeh.antennapod.core.feed.Feed@2]
08-05 19:53:55.164 30457 30457 D androidx.gridlayout.widget.GridLayout: horizontal constraints: x2-x0>=1328, x2-x1<=0, x1-x0<=242 are inconsistent; permanently removing: x2-x1<=0. 
08-05 19:53:55.165 30457 30457 D androidx.gridlayout.widget.GridLayout: vertical constraints: y3-y2>=80, y3-y2<=66, y2-y1<=94, y1-y0<=94 are inconsistent; permanently removing: y3-y2<=66. 
08-05 19:53:55.250   918   936 I ActivityManager: Displayed baseline.de.danoeh.antennapod.debug/baseline.de.danoeh.antennapod.activity.FeedInfoActivity: +133ms
08-05 19:53:55.254 13866 13866 I GoogleInputMethodServic: GoogleInputMethodService.onFinishInput():3138 
08-05 19:53:55.255 30457 30985 W PodDBAdapter: Length of id array is larger than 800. Creating multiple cursors
08-05 19:53:55.256 13866 13866 I GoogleInputMethodServic: GoogleInputMethodService.onStartInput():1808 
08-05 19:53:55.298 30457 30479 D OpenGLRenderer: endAllStagingAnimators on 0x7f7a77f400 (RippleDrawable) with handle 0x7f7983d4c0
08-05 19:53:55.332 30457 30485 I art     : Starting a blocking GC Explicit
08-05 19:53:55.348 30457 30457 D FeedInfoActivity: Language is en
08-05 19:53:55.348 30457 30457 D FeedInfoActivity: Author is Joe Rogan
08-05 19:53:55.349 30457 30457 D FeedInfoActivity: URL is http://joeroganexp.joerogan.libsynpro.com/rss
08-05 19:53:55.356 30457 31358 D ApOkHttpUrlLoader: buildLoadData() called with: model = [http://static.libsyn.com/p/assets/7/1/f/3/71f3014e14ef2722/JREiTunesImage2.jpg], width = [1440], height = [462]
08-05 19:53:55.364   918  5952 W IntentResolver: resolveIntent: multiple matches, only some with CATEGORY_DEFAULT
08-05 19:53:55.371 30457 30457 D androidx.gridlayout.widget.GridLayout: horizontal constraints: x2-x0>=1328, x2-x1<=232, x1-x0<=242 are inconsistent; permanently removing: x2-x1<=232. 
08-05 19:53:55.371 30457 30457 D androidx.gridlayout.widget.GridLayout: vertical constraints: y3-y2>=80, y3-y2<=66, y2-y1<=94, y1-y0<=94 are inconsistent; permanently removing: y3-y2<=66. 
08-05 19:53:55.390 30457 30485 I art     : Explicit concurrent mark sweep GC freed 13835(611KB) AllocSpace objects, 2(36KB) LOS objects, 25% free, 47MB/63MB, paused 1.762ms total 57.050ms
08-05 19:53:55.405 30457 30485 I art     : Starting a blocking GC Explicit
08-05 19:53:55.454 30457 30485 I art     : Explicit concurrent mark sweep GC freed 1984(75KB) AllocSpace objects, 1(16KB) LOS objects, 25% free, 47MB/63MB, paused 1.320ms total 49.430ms
08-05 19:53:55.470 30457 30485 I art     : Starting a blocking GC Explicit
08-05 19:53:55.504   380   380 W SurfaceFlinger: couldn't log to binary event log: overflow.
08-05 19:53:55.519 30457 30485 I art     : Explicit concurrent mark sweep GC freed 223(18KB) AllocSpace objects, 0(0B) LOS objects, 25% free, 47MB/63MB, paused 1.385ms total 49.054ms
08-05 19:53:55.533 30457 30485 I art     : Starting a blocking GC Explicit
08-05 19:53:55.581 30457 30485 I art     : Explicit concurrent mark sweep GC freed 3(96B) AllocSpace objects, 0(0B) LOS objects, 25% free, 47MB/63MB, paused 1.279ms total 47.636ms
08-05 19:53:55.596 30457 30485 I art     : Starting a blocking GC Explicit
08-05 19:53:55.634 30457 30457 D PlaybackController: Releasing PlaybackController
08-05 19:53:55.645 30457 30485 I art     : Explicit concurrent mark sweep GC freed 236(12KB) AllocSpace objects, 0(0B) LOS objects, 25% free, 47MB/63MB, paused 1.362ms total 48.070ms
08-05 19:53:55.668   512  2967 D audio_hw_primary: disable_audio_route: reset and update mixer path: low-latency-playback speaker
08-05 19:53:55.670   512  2967 D audio_hw_primary: disable_snd_device: snd_device(2: speaker)
08-05 19:53:55.677   512  2967 I soundtrigger: audio_extn_sound_trigger_update_device_status: device 0x2 of type 0 for Event 0
08-05 19:53:55.967 30457 31586 I art     : Starting a blocking GC Explicit
08-05 19:53:56.028 30457 31586 I art     : Explicit concurrent mark sweep GC freed 1567(90KB) AllocSpace objects, 1(20KB) LOS objects, 25% free, 47MB/63MB, paused 1.467ms total 60.919ms
08-05 19:53:56.050 30457 31586 I art     : Starting a blocking GC Explicit
08-05 19:53:56.106 30457 31586 I art     : Explicit concurrent mark sweep GC freed 47(1568B) AllocSpace objects, 0(0B) LOS objects, 25% free, 47MB/63MB, paused 1.471ms total 56.274ms
08-05 19:53:56.123 30457 31586 I art     : Starting a blocking GC Explicit
08-05 19:53:56.181 30457 31586 I art     : Explicit concurrent mark sweep GC freed 3(96B) AllocSpace objects, 0(0B) LOS objects, 25% free, 47MB/63MB, paused 1.518ms total 57.599ms
08-05 19:53:56.198 30457 31586 I art     : Starting a blocking GC Explicit
08-05 19:53:56.256 30457 31586 I art     : Explicit concurrent mark sweep GC freed 3(96B) AllocSpace objects, 0(0B) LOS objects, 25% free, 47MB/63MB, paused 1.477ms total 57.934ms
08-05 19:53:56.273 30457 31586 I art     : Starting a blocking GC Explicit
08-05 19:53:56.331 30457 31586 I art     : Explicit concurrent mark sweep GC freed 3(96B) AllocSpace objects, 0(0B) LOS objects, 25% free, 47MB/63MB, paused 1.465ms total 58.640ms
08-05 19:53:56.673 30457 30470 I art     : Starting a blocking GC Explicit
08-05 19:53:56.719   518   646 I ThermalEngine: ACTION: GPU - Setting GPU[0] to 390000000
08-05 19:53:56.787 30457 30470 I art     : Explicit concurrent mark sweep GC freed 1373(80KB) AllocSpace objects, 1(20KB) LOS objects, 25% free, 47MB/63MB, paused 3.401ms total 113.811ms
08-05 19:53:56.821 30457 30470 I art     : Starting a blocking GC Explicit
08-05 19:53:56.902 30457 30470 I art     : Explicit concurrent mark sweep GC freed 65(1952B) AllocSpace objects, 0(0B) LOS objects, 25% free, 47MB/63MB, paused 2.147ms total 81.101ms
08-05 19:53:56.933 30457 30470 I art     : Starting a blocking GC Explicit
08-05 19:53:57.008 30457 30470 I art     : Explicit concurrent mark sweep GC freed 15(480B) AllocSpace objects, 0(0B) LOS objects, 25% free, 47MB/63MB, paused 2.274ms total 75.186ms
08-05 19:53:57.036 30457 30470 I art     : Starting a blocking GC Explicit
08-05 19:53:57.106 30457 30470 I art     : Explicit concurrent mark sweep GC freed 6(192B) AllocSpace objects, 0(0B) LOS objects, 25% free, 47MB/63MB, paused 2.213ms total 69.656ms
08-05 19:53:57.131 30457 30470 I art     : Starting a blocking GC Explicit
08-05 19:53:57.206 30457 30470 I art     : Explicit concurrent mark sweep GC freed 3(96B) AllocSpace objects, 0(0B) LOS objects, 25% free, 47MB/63MB, paused 2.352ms total 73.662ms
08-05 19:53:57.590 30457 31586 I art     : Starting a blocking GC Explicit
08-05 19:53:57.681 30457 31586 I art     : Explicit concurrent mark sweep GC freed 1372(80KB) AllocSpace objects, 1(20KB) LOS objects, 25% free, 47MB/63MB, paused 3.529ms total 90.389ms
08-05 19:53:57.707 30457 31586 I art     : Starting a blocking GC Explicit
08-05 19:53:57.785 30457 31586 I art     : Explicit concurrent mark sweep GC freed 23(752B) AllocSpace objects, 0(0B) LOS objects, 25% free, 47MB/63MB, paused 2.816ms total 77.838ms
08-05 19:53:57.814 30457 31586 I art     : Starting a blocking GC Explicit
08-05 19:53:57.890 30457 31586 I art     : Explicit concurrent mark sweep GC freed 32(880B) AllocSpace objects, 0(0B) LOS objects, 25% free, 47MB/63MB, paused 2.360ms total 75.015ms
08-05 19:53:57.916 30457 31586 I art     : Starting a blocking GC Explicit
08-05 19:53:57.992 30457 31586 I art     : Explicit concurrent mark sweep GC freed 3(96B) AllocSpace objects, 0(0B) LOS objects, 25% free, 47MB/63MB, paused 2.660ms total 75.455ms
08-05 19:53:58.022 30457 31586 I art     : Starting a blocking GC Explicit
08-05 19:53:58.095 30457 31586 I art     : Explicit concurrent mark sweep GC freed 3(96B) AllocSpace objects, 0(0B) LOS objects, 25% free, 47MB/63MB, paused 2.049ms total 72.930ms
08-05 19:53:58.260 13866 13882 I PeriodicStatsRunner: PeriodicStatsRunner.call():175 call()
08-05 19:53:58.260 13866 13882 I PeriodicStatsRunner: PeriodicStatsRunner.call():179 No submit PeriodicStats since input started.
08-05 19:53:58.458 30457 30471 I art     : Starting a blocking GC Explicit
08-05 19:53:58.551 30457 30471 I art     : Explicit concurrent mark sweep GC freed 1373(82KB) AllocSpace objects, 1(20KB) LOS objects, 25% free, 47MB/63MB, paused 2.503ms total 92.760ms
08-05 19:53:58.579 30457 30471 I art     : Starting a blocking GC Explicit
08-05 19:53:58.647 30457 30471 I art     : Explicit concurrent mark sweep GC freed 23(752B) AllocSpace objects, 0(0B) LOS objects, 25% free, 47MB/63MB, paused 1.988ms total 67.649ms
08-05 19:53:58.669 30457 30471 I art     : Starting a blocking GC Explicit
08-05 19:53:58.719   518   646 I ThermalEngine: ACTION: GPU - Setting GPU[0] to 450000000
08-05 19:53:58.729 30457 30471 I art     : Explicit concurrent mark sweep GC freed 3(96B) AllocSpace objects, 0(0B) LOS objects, 25% free, 47MB/63MB, paused 1.544ms total 59.973ms
08-05 19:53:58.745 30457 30471 I art     : Starting a blocking GC Explicit
08-05 19:53:58.795 30457 30471 I art     : Explicit concurrent mark sweep GC freed 3(96B) AllocSpace objects, 0(0B) LOS objects, 25% free, 47MB/63MB, paused 1.320ms total 49.908ms
08-05 19:53:58.810 30457 30471 I art     : Starting a blocking GC Explicit
08-05 19:53:58.859 30457 30471 I art     : Explicit concurrent mark sweep GC freed 3(96B) AllocSpace objects, 0(0B) LOS objects, 25% free, 47MB/63MB, paused 1.433ms total 48.403ms
08-05 19:53:59.229 30457 30471 I art     : Starting a blocking GC Explicit
08-05 19:53:59.307 30457 30471 I art     : Explicit concurrent mark sweep GC freed 1402(82KB) AllocSpace objects, 1(20KB) LOS objects, 25% free, 47MB/63MB, paused 1.596ms total 77.651ms
08-05 19:53:59.326 30457 30471 I art     : Starting a blocking GC Explicit
08-05 19:53:59.383 30457 30471 I art     : Explicit concurrent mark sweep GC freed 35(1232B) AllocSpace objects, 0(0B) LOS objects, 25% free, 47MB/63MB, paused 1.385ms total 56.894ms
08-05 19:53:59.399 30457 30471 I art     : Starting a blocking GC Explicit
08-05 19:53:59.455 30457 30471 I art     : Explicit concurrent mark sweep GC freed 3(96B) AllocSpace objects, 0(0B) LOS objects, 25% free, 47MB/63MB, paused 1.405ms total 55.563ms
08-05 19:53:59.472 30457 30471 I art     : Starting a blocking GC Explicit
08-05 19:53:59.532 30457 30471 I art     : Explicit concurrent mark sweep GC freed 3(96B) AllocSpace objects, 0(0B) LOS objects, 25% free, 47MB/63MB, paused 1.691ms total 59.782ms
08-05 19:53:59.549 30457 30471 I art     : Starting a blocking GC Explicit
08-05 19:53:59.609 30457 30471 I art     : Explicit concurrent mark sweep GC freed 3(96B) AllocSpace objects, 0(0B) LOS objects, 25% free, 47MB/63MB, paused 1.566ms total 59.660ms
08-05 19:53:59.883   764   764 D AndroidRuntime: >>>>>> START com.android.internal.os.RuntimeInit uid 2000 <<<<<<
08-05 19:53:59.889   764   764 D AndroidRuntime: CheckJNI is OFF
08-05 19:53:59.932   764   764 D ICU     : No timezone override file found: /data/misc/zoneinfo/current/icu/icu_tzdata.dat
08-05 19:53:59.974   764   764 I Radio-JNI: register_android_hardware_Radio DONE
08-05 19:53:59.993 30457 31586 I art     : Starting a blocking GC Explicit
08-05 19:54:00.003   764   764 D AndroidRuntime: Calling main entry com.android.commands.input.Input
08-05 19:54:00.005   764   764 I Input   : injectKeyEvent: KeyEvent { action=ACTION_DOWN, keyCode=KEYCODE_BACK, scanCode=0, metaState=0, flags=0x0, repeatCount=0, eventTime=820456418, downTime=820456418, deviceId=-1, source=0x101 }
08-05 19:54:00.014   764   764 I Input   : injectKeyEvent: KeyEvent { action=ACTION_UP, keyCode=KEYCODE_BACK, scanCode=0, metaState=0, flags=0x0, repeatCount=0, eventTime=820456418, downTime=820456418, deviceId=-1, source=0x101 }
08-05 19:54:00.021   764   764 D AndroidRuntime: Shutting down VM
08-05 19:54:00.026 30457 30457 V PlaybackController: initServiceNotRunning()
08-05 19:54:00.027 30457 30457 D ExternalPlayerFragment: Loading media info
08-05 19:54:00.037 30457 30457 D ItemlistFragment: onEventMainThread() called with: event = [DownloadEvent{update=DownloaderUpdate{downloaders=[], feedIds=[], mediaIds=[]}}]
08-05 19:54:00.038 30457 31358 D ApOkHttpUrlLoader: buildLoadData() called with: model = [http://static.libsyn.com/p/assets/7/1/f/3/71f3014e14ef2722/JREiTunesImage2.jpg], width = [1440], height = [462]
08-05 19:54:00.041 30457 30457 D UserPreferences: Using default data folder
08-05 19:54:00.043 30457 30985 D DBReader: getNavDrawerData() called with: 
08-05 19:54:00.043 30457 30478 D DBReader: getFeed() called with: feedId = [2]
08-05 19:54:00.045 30457 30478 D DBReader: getFeedItemList() called with: feed = [baseline.de.danoeh.antennapod.core.feed.Feed@2]
08-05 19:54:00.050 30457 31586 I art     : Explicit concurrent mark sweep GC freed 2551(141KB) AllocSpace objects, 1(20KB) LOS objects, 24% free, 50MB/66MB, paused 2.112ms total 56.493ms
08-05 19:54:00.064 30457 30457 D FeedMenuHandler: Preparing options menu
08-05 19:54:00.065 30457 31586 I art     : Starting a blocking GC Explicit
08-05 19:54:00.081 30457 30985 D DBReader: getDownloadedItems() called
08-05 19:54:00.083 30457 30985 D DBReader: getFavoriteIDList() called
08-05 19:54:00.084 30457 30985 D DBReader: getQueueIDList() called
08-05 19:54:00.085 30457 30985 D DBReader: Extracting Feedlist
08-05 19:54:00.120 30457 31586 I art     : Explicit concurrent mark sweep GC freed 3146(122KB) AllocSpace objects, 0(0B) LOS objects, 23% free, 50MB/66MB, paused 2.808ms total 54.916ms
08-05 19:54:00.136 30457 31586 I art     : Starting a blocking GC Explicit
08-05 19:54:00.148 30457 30457 D MainActivity: getLastNavFragment() -> 2
08-05 19:54:00.150 13866 13866 I GoogleInputMethodServic: GoogleInputMethodService.onFinishInput():3138 
08-05 19:54:00.151 13866 13866 I GoogleInputMethodServic: GoogleInputMethodService.onStartInput():1808 
08-05 19:54:00.159 30457 30478 W PodDBAdapter: Length of id array is larger than 800. Creating multiple cursors
08-05 19:54:00.194 30457 31586 I art     : Explicit concurrent mark sweep GC freed 3469(231KB) AllocSpace objects, 1(16KB) LOS objects, 23% free, 51MB/67MB, paused 1.664ms total 57.752ms
08-05 19:54:00.210 30457 31586 I art     : Starting a blocking GC Explicit
08-05 19:54:00.250 30457 30478 D DBReader: getFavoriteIDList() called
08-05 19:54:00.251 30457 30478 D DBReader: getQueueIDList() called
08-05 19:54:00.252 30457 30478 D DBReader: Extracting Feedlist
08-05 19:54:00.255 13866 13882 I PeriodicStatsRunner: PeriodicStatsRunner.call():175 call()
08-05 19:54:00.255 30457 31358 D ApOkHttpUrlLoader: buildLoadData() called with: model = [http://static.libsyn.com/p/assets/7/1/f/3/71f3014e14ef2722/JREiTunesImage2.jpg], width = [1440], height = [462]
08-05 19:54:00.255 13866 13882 I PeriodicStatsRunner: PeriodicStatsRunner.call():179 No submit PeriodicStats since input started.
08-05 19:54:00.271 30457 31586 I art     : Explicit concurrent mark sweep GC freed 5898(157KB) AllocSpace objects, 0(0B) LOS objects, 22% free, 54MB/70MB, paused 1.947ms total 61.111ms
08-05 19:54:00.276 30457 30457 D FeedMenuHandler: Preparing options menu
08-05 19:54:00.290 30457 31586 I art     : Starting a blocking GC Explicit
08-05 19:54:00.346 30457 31586 I art     : Explicit concurrent mark sweep GC freed 29845(2043KB) AllocSpace objects, 1(16KB) LOS objects, 23% free, 52MB/68MB, paused 1.449ms total 55.282ms
08-05 19:54:00.409   380   380 W SurfaceFlinger: couldn't log to binary event log: overflow.
08-05 19:54:00.666 30457 30485 I art     : Starting a blocking GC Explicit
08-05 19:54:00.744 30457 30485 I art     : Explicit concurrent mark sweep GC freed 2578(152KB) AllocSpace objects, 1(20KB) LOS objects, 23% free, 52MB/68MB, paused 1.620ms total 76.859ms
08-05 19:54:00.763 30457 30485 I art     : Starting a blocking GC Explicit
08-05 19:54:00.815 30457 30485 I art     : Explicit concurrent mark sweep GC freed 29723(2MB) AllocSpace objects, 3(84KB) LOS objects, 24% free, 50MB/66MB, paused 1.508ms total 52.058ms
08-05 19:54:00.830 30457 30485 I art     : Starting a blocking GC Explicit
08-05 19:54:00.877 30457 30485 I art     : Explicit concurrent mark sweep GC freed 3(96B) AllocSpace objects, 0(0B) LOS objects, 24% free, 50MB/66MB, paused 1.534ms total 46.725ms
08-05 19:54:00.892 30457 30485 I art     : Starting a blocking GC Explicit
08-05 19:54:00.940 30457 30485 I art     : Explicit concurrent mark sweep GC freed 32(880B) AllocSpace objects, 0(0B) LOS objects, 24% free, 50MB/66MB, paused 1.476ms total 48.271ms
08-05 19:54:00.955 30457 30485 I art     : Starting a blocking GC Explicit
08-05 19:54:01.004 30457 30485 I art     : Explicit concurrent mark sweep GC freed 3(96B) AllocSpace objects, 0(0B) LOS objects, 24% free, 50MB/66MB, paused 1.442ms total 48.948ms
08-05 19:54:01.338 30457 30470 I art     : Starting a blocking GC Explicit
08-05 19:54:01.393 30457 30470 I art     : Explicit concurrent mark sweep GC freed 1374(81KB) AllocSpace objects, 1(20KB) LOS objects, 24% free, 50MB/66MB, paused 1.672ms total 54.082ms
08-05 19:54:01.407 30457 30470 I art     : Starting a blocking GC Explicit
08-05 19:54:01.455 30457 30470 I art     : Explicit concurrent mark sweep GC freed 23(752B) AllocSpace objects, 0(0B) LOS objects, 24% free, 50MB/66MB, paused 1.443ms total 46.979ms
08-05 19:54:01.469 30457 30470 I art     : Starting a blocking GC Explicit
08-05 19:54:01.515 30457 30470 I art     : Explicit concurrent mark sweep GC freed 3(96B) AllocSpace objects, 0(0B) LOS objects, 24% free, 50MB/66MB, paused 1.448ms total 45.740ms
08-05 19:54:01.529 30457 30470 I art     : Starting a blocking GC Explicit
08-05 19:54:01.575 30457 30470 I art     : Explicit concurrent mark sweep GC freed 3(96B) AllocSpace objects, 0(0B) LOS objects, 24% free, 50MB/66MB, paused 1.444ms total 45.846ms
08-05 19:54:01.590 30457 30470 I art     : Starting a blocking GC Explicit
08-05 19:54:01.637 30457 30470 I art     : Explicit concurrent mark sweep GC freed 3(96B) AllocSpace objects, 0(0B) LOS objects, 24% free, 50MB/66MB, paused 1.456ms total 46.644ms
08-05 19:54:01.814   809   809 D AndroidRuntime: >>>>>> START com.android.internal.os.RuntimeInit uid 2000 <<<<<<
08-05 19:54:01.821   809   809 D AndroidRuntime: CheckJNI is OFF
08-05 19:54:01.861   809   809 D ICU     : No timezone override file found: /data/misc/zoneinfo/current/icu/icu_tzdata.dat
08-05 19:54:01.902   809   809 I Radio-JNI: register_android_hardware_Radio DONE
08-05 19:54:01.930   809   809 D AndroidRuntime: Calling main entry com.android.commands.input.Input
08-05 19:54:01.932   809   809 I Input   : injectMotionEvent: MotionEvent { action=ACTION_DOWN, actionButton=0, id[0]=0, x[0]=733.0, y[0]=896.0, toolType[0]=TOOL_TYPE_UNKNOWN, buttonState=0, metaState=0, flags=0x0, edgeFlags=0x0, pointerCount=1, historySize=0, eventTime=820458345, downTime=820458345, deviceId=0, source=0x1002 }
08-05 19:54:01.938   809   809 I Input   : injectMotionEvent: MotionEvent { action=ACTION_UP, actionButton=0, id[0]=0, x[0]=733.0, y[0]=896.0, toolType[0]=TOOL_TYPE_UNKNOWN, buttonState=0, metaState=0, flags=0x0, edgeFlags=0x0, pointerCount=1, historySize=0, eventTime=820458345, downTime=820458345, deviceId=0, source=0x1002 }
08-05 19:54:01.940   809   809 D AndroidRuntime: Shutting down VM
08-05 19:54:01.958 30457 30470 I art     : Starting a blocking GC Explicit
08-05 19:54:02.006   512  2967 D audio_hw_primary: out_set_parameters: enter: usecase(1: low-latency-playback) kvpairs: routing=2
08-05 19:54:02.008 30457 30470 I art     : Explicit concurrent mark sweep GC freed 1459(85KB) AllocSpace objects, 1(20KB) LOS objects, 24% free, 50MB/66MB, paused 1.776ms total 49.484ms
08-05 19:54:02.020   512  2967 D audio_hw_primary: select_devices: out_snd_device(2: speaker) in_snd_device(0: none)
08-05 19:54:02.020   512  2967 D msm8974_platform: platform_send_audio_calibration: sending audio calibration for snd_device(2) acdb_id(15)
08-05 19:54:02.020   512  2967 I soundtrigger: audio_extn_sound_trigger_update_device_status: device 0x2 of type 0 for Event 1
08-05 19:54:02.023 30457 30470 I art     : Starting a blocking GC Explicit
08-05 19:54:02.031   512  2967 D audio_hw_primary: enable_snd_device: snd_device(2: speaker)
08-05 19:54:02.033   512  2967 D audio_hw_primary: enable_audio_route: apply and update mixer path: low-latency-playback speaker
08-05 19:54:02.034 30457 30457 I WebViewFactory: Loading com.google.android.webview version 84.0.4147.89 (code 414708953)
08-05 19:54:02.072 30457 30470 I art     : Explicit concurrent mark sweep GC freed 997(69KB) AllocSpace objects, 0(0B) LOS objects, 24% free, 50MB/66MB, paused 1.773ms total 49.234ms
08-05 19:54:02.087 30457 30470 I art     : Starting a blocking GC Explicit
08-05 19:54:02.130 30457 30457 I cr_LibraryLoader: Loaded native library version number "84.0.4147.89"
08-05 19:54:02.131 30457 30457 I cr_CachingUmaRecorder: Flushed 5 samples from 5 histograms.
08-05 19:54:02.135 30457 30470 I art     : Explicit concurrent mark sweep GC freed 3623(308KB) AllocSpace objects, 1(20KB) LOS objects, 23% free, 51MB/67MB, paused 1.901ms total 47.365ms
08-05 19:54:02.149 30457 30470 I art     : Starting a blocking GC Explicit
08-05 19:54:02.182 30457 30457 E chromium: [ERROR:filesystem_posix.cc(62)] mkdir /data/user/0/baseline.de.danoeh.antennapod.debug/cache/WebView/Crashpad: No such file or directory (2)
08-05 19:54:02.196 30457 30470 I art     : Explicit concurrent mark sweep GC freed 1269(175KB) AllocSpace objects, 1(20KB) LOS objects, 23% free, 51MB/67MB, paused 1.827ms total 46.759ms
08-05 19:54:02.216 30457 30470 I art     : Starting a blocking GC Explicit
08-05 19:54:02.287 30457 30470 I art     : Explicit concurrent mark sweep GC freed 993(86KB) AllocSpace objects, 0(0B) LOS objects, 23% free, 51MB/67MB, paused 2.315ms total 70.988ms
08-05 19:54:02.293   918  4400 D ConnectivityService: listenForNetwork for Listen from uid/pid:10695/30457 for NetworkRequest [ id=3531, legacyType=-1, [ Capabilities: INTERNET&NOT_RESTRICTED&TRUSTED] ]
08-05 19:54:02.335 30457 30986 D DBReader: getFeedItem() called with: itemId = [2]
08-05 19:54:02.335 30457 30986 D DBReader: Loading feeditem with id 2
08-05 19:54:02.336 30457 30457 D ItemFragment: onEventMainThread() called with: event = [DownloadEvent{update=DownloaderUpdate{downloaders=[], feedIds=[], mediaIds=[]}}]
08-05 19:54:02.338 30457 30986 D DBReader: getFavoriteIDList() called
08-05 19:54:02.339 30457 30986 D DBReader: getQueueIDList() called
08-05 19:54:02.339 30457 30986 D DBReader: Extracting Feedlist
08-05 19:54:02.344 13866 13866 I GoogleInputMethodServic: GoogleInputMethodService.onFinishInput():3138 
08-05 19:54:02.344 13866 13866 I GoogleInputMethodServic: GoogleInputMethodService.onStartInput():1808 
08-05 19:54:02.350 30457 30986 D DBReader: loadExtraInformationOfFeedItem() called with: item = [FeedItem[autoDownload=1,chapters=<null>,contentEncoded=<null>,description=<null>,feed=baseline.de.danoeh.antennapod.core.feed.Feed@fbcfb57,feedId=2,flattrStatus=baseline.de.danoeh.antennapod.core.util.flattr.FlattrStatus@455b644,hasChapters=false,imageUrl=http://static.libsyn.com/p/assets/2/7/8/6/278615fe73b1f0ca/JRE1514.jpg,itemIdentifier=a0870b6b-c887-4883-930c-a06d5e1a8f7e,link=http://traffic.libsyn.com/joeroganexp/p1514.mp3,media=baseline.de.danoeh.antennapod.core.feed.FeedMedia@29f832d,paymentLink=<null>,pubDate=Fri Jul 24 21:00:00 GMT+02:00 2020,state=-1,tags=[],title=#1514 - Joe De Sena,id=2]]
08-05 19:54:02.352 30457 30457 E libEGL  : validate_display:255 error 3008 (EGL_BAD_DISPLAY)
08-05 19:54:02.420   918   935 D BluetoothManagerService: Added callback: android.bluetooth.IBluetoothManagerCallback$Stub$Proxy@7dfb27b:true
08-05 19:54:02.431 30457 31358 D ApOkHttpUrlLoader: buildLoadData() called with: model = [http://static.libsyn.com/p/assets/2/7/8/6/278615fe73b1f0ca/JRE1514.jpg], width = [175], height = [175]
08-05 19:54:02.433 30457 31194 D DBReader: getImageAuthentication() called with: imageUrl = [http://static.libsyn.com/p/assets/2/7/8/6/278615fe73b1f0ca/JRE1514.jpg]
08-05 19:54:02.437 30457 31194 D ApOkHttpUrlLoader: no credentials for 'http://static.libsyn.com/p/assets/2/7/8/6/278615fe73b1f0ca/JRE1514.jpg'
08-05 19:54:02.581   512  2967 D audio_hw_primary: disable_audio_route: reset and update mixer path: low-latency-playback speaker
08-05 19:54:02.582   512  2967 D audio_hw_primary: disable_snd_device: snd_device(2: speaker)
08-05 19:54:02.586 30457 31194 D MYTAG   : interceptor 2a
08-05 19:54:02.586 30457 31194 I NAPPA_EXPERIMENTATION: MetricNetworkRequestExecutionTime: REQUEST_DURATION_SYSTEM='149',REQUEST_DURATION_OKHTTP='149',REQUEST_SYNCHRONOUS='TRUE',RESPONSE_CODE='200',RESPONSE_METHOD='GET',RESPONSE_LENGTH_OKHTTP='364960',RESPONSE_LENGTH_HEADER='364960',REQUEST_PROTOCOL='http/1.1',REQUEST_URL='http://static.libsyn.com/p/assets/2/7/8/6/278615fe73b1f0ca/JRE1514.jpg',
08-05 19:54:02.592   512  2967 I soundtrigger: audio_extn_sound_trigger_update_device_status: device 0x2 of type 0 for Event 0
08-05 19:54:02.645 30457 30485 I art     : Starting a blocking GC Explicit
08-05 19:54:02.696 30457 30485 I art     : Explicit concurrent mark sweep GC freed 7240(523KB) AllocSpace objects, 2(88KB) LOS objects, 23% free, 52MB/68MB, paused 2.048ms total 50.906ms
08-05 19:54:02.712 30457 30485 I art     : Starting a blocking GC Explicit
08-05 19:54:02.760 30457 30485 I art     : Explicit concurrent mark sweep GC freed 1340(74KB) AllocSpace objects, 4(112KB) LOS objects, 23% free, 51MB/67MB, paused 1.574ms total 48.019ms
08-05 19:54:02.775 30457 30485 I art     : Starting a blocking GC Explicit
08-05 19:54:02.822 30457 30485 I art     : Explicit concurrent mark sweep GC freed 110(15KB) AllocSpace objects, 0(0B) LOS objects, 23% free, 51MB/67MB, paused 1.582ms total 46.635ms
08-05 19:54:02.835 30457 30485 I art     : Starting a blocking GC Explicit
08-05 19:54:02.883 30457 30485 I art     : Explicit concurrent mark sweep GC freed 134(4KB) AllocSpace objects, 0(0B) LOS objects, 23% free, 51MB/67MB, paused 1.392ms total 47.335ms
08-05 19:54:02.900 30457 30485 I art     : Starting a blocking GC Explicit
08-05 19:54:02.952 30457 30485 I art     : Explicit concurrent mark sweep GC freed 13(432B) AllocSpace objects, 0(0B) LOS objects, 23% free, 51MB/67MB, paused 1.437ms total 52.432ms
08-05 19:54:03.331 30457 30471 I art     : Starting a blocking GC Explicit
08-05 19:54:03.388 30457 30471 I art     : Explicit concurrent mark sweep GC freed 1471(84KB) AllocSpace objects, 1(20KB) LOS objects, 23% free, 51MB/67MB, paused 1.776ms total 57.034ms
08-05 19:54:03.405 30457 30471 I art     : Starting a blocking GC Explicit
08-05 19:54:03.457 30457 30471 I art     : Explicit concurrent mark sweep GC freed 31(1008B) AllocSpace objects, 0(0B) LOS objects, 23% free, 51MB/67MB, paused 1.629ms total 51.504ms
08-05 19:54:03.472 30457 30471 I art     : Starting a blocking GC Explicit
08-05 19:54:03.524 30457 30471 I art     : Explicit concurrent mark sweep GC freed 11(352B) AllocSpace objects, 0(0B) LOS objects, 23% free, 51MB/67MB, paused 1.563ms total 51.223ms
08-05 19:54:03.539 30457 30471 I art     : Starting a blocking GC Explicit
08-05 19:54:03.593 30457 30471 I art     : Explicit concurrent mark sweep GC freed 11(352B) AllocSpace objects, 0(0B) LOS objects, 23% free, 51MB/67MB, paused 1.583ms total 53.631ms
08-05 19:54:03.608 30457 30471 I art     : Starting a blocking GC Explicit
08-05 19:54:03.663 30457 30471 I art     : Explicit concurrent mark sweep GC freed 11(352B) AllocSpace objects, 0(0B) LOS objects, 23% free, 51MB/67MB, paused 1.460ms total 54.535ms
08-05 19:54:03.734   518   646 I ThermalEngine: ACTION: GPU - Setting GPU[0] to 390000000
08-05 19:54:04.092 30457 30471 I art     : Starting a blocking GC Explicit
08-05 19:54:04.162 30457 30471 I art     : Explicit concurrent mark sweep GC freed 1494(84KB) AllocSpace objects, 1(20KB) LOS objects, 23% free, 51MB/67MB, paused 2.581ms total 69.685ms
08-05 19:54:04.189 30457 30471 I art     : Starting a blocking GC Explicit
08-05 19:54:04.256 30457 30471 I art     : Explicit concurrent mark sweep GC freed 38(1232B) AllocSpace objects, 0(0B) LOS objects, 23% free, 51MB/67MB, paused 2.424ms total 66.511ms
08-05 19:54:04.278 30457 30471 I art     : Starting a blocking GC Explicit
08-05 19:54:04.342 30457 30471 I art     : Explicit concurrent mark sweep GC freed 3(96B) AllocSpace objects, 0(0B) LOS objects, 23% free, 51MB/67MB, paused 2.315ms total 64.062ms
08-05 19:54:04.366 30457 30471 I art     : Starting a blocking GC Explicit
08-05 19:54:04.434 30457 30471 I art     : Explicit concurrent mark sweep GC freed 3(96B) AllocSpace objects, 0(0B) LOS objects, 23% free, 51MB/67MB, paused 2.578ms total 67.598ms
08-05 19:54:04.458 30457 30471 I art     : Starting a blocking GC Explicit
08-05 19:54:04.532 30457 30471 I art     : Explicit concurrent mark sweep GC freed 3(96B) AllocSpace objects, 0(0B) LOS objects, 23% free, 51MB/67MB, paused 3.167ms total 73.908ms
08-05 19:54:04.936 30457 30485 I art     : Starting a blocking GC Explicit
08-05 19:54:05.028 30457 30485 I art     : Explicit concurrent mark sweep GC freed 1410(81KB) AllocSpace objects, 1(20KB) LOS objects, 23% free, 51MB/67MB, paused 2.567ms total 90.478ms
08-05 19:54:05.056 30457 30485 I art     : Starting a blocking GC Explicit
08-05 19:54:05.129 30457 30485 I art     : Explicit concurrent mark sweep GC freed 23(768B) AllocSpace objects, 0(0B) LOS objects, 23% free, 51MB/67MB, paused 3.332ms total 71.992ms
08-05 19:54:05.151 13866 13882 I PeriodicStatsRunner: PeriodicStatsRunner.call():175 call()
08-05 19:54:05.151 13866 13882 I PeriodicStatsRunner: PeriodicStatsRunner.call():179 No submit PeriodicStats since input started.
08-05 19:54:05.157 30457 30485 I art     : Starting a blocking GC Explicit
08-05 19:54:05.231 30457 30485 I art     : Explicit concurrent mark sweep GC freed 3(96B) AllocSpace objects, 0(0B) LOS objects, 23% free, 51MB/67MB, paused 3.191ms total 74.198ms
08-05 19:54:05.258 30457 30485 I art     : Starting a blocking GC Explicit
08-05 19:54:05.326 27644 27644 I Atfwd_Sendcmd: AtCmdFwd service not ready - Exhausted retry attempts - :6
08-05 19:54:05.326 30457 30485 I art     : Explicit concurrent mark sweep GC freed 3(96B) AllocSpace objects, 0(0B) LOS objects, 23% free, 51MB/67MB, paused 2.259ms total 67.377ms
08-05 19:54:05.326 27644 27644 I Atfwd_Daemon: result : -1 	 ,Init step :2 	 ,qmiErrorCode: 0
08-05 19:54:05.351 30457 30485 I art     : Starting a blocking GC Explicit
08-05 19:54:05.425 30457 30485 I art     : Explicit concurrent mark sweep GC freed 3(96B) AllocSpace objects, 0(0B) LOS objects, 23% free, 51MB/67MB, paused 2.396ms total 73.345ms
08-05 19:54:05.868 30457 31586 I art     : Starting a blocking GC Explicit
08-05 19:54:05.958 30457 31586 I art     : Explicit concurrent mark sweep GC freed 1411(82KB) AllocSpace objects, 1(20KB) LOS objects, 23% free, 51MB/67MB, paused 3.184ms total 89.644ms
08-05 19:54:05.987 30457 31586 I art     : Starting a blocking GC Explicit
08-05 19:54:06.062 30457 31586 I art     : Explicit concurrent mark sweep GC freed 47(2864B) AllocSpace objects, 0(0B) LOS objects, 23% free, 51MB/67MB, paused 3.128ms total 74.723ms
08-05 19:54:06.087 30457 31586 I art     : Starting a blocking GC Explicit
08-05 19:54:06.155 30457 31586 I art     : Explicit concurrent mark sweep GC freed 18(912B) AllocSpace objects, 0(0B) LOS objects, 23% free, 51MB/67MB, paused 2.226ms total 67.572ms
08-05 19:54:06.184 30457 31586 I art     : Starting a blocking GC Explicit
08-05 19:54:06.247 30457 31586 I art     : Explicit concurrent mark sweep GC freed 3(96B) AllocSpace objects, 0(0B) LOS objects, 23% free, 51MB/67MB, paused 2.387ms total 62.673ms
08-05 19:54:06.270 30457 31586 I art     : Starting a blocking GC Explicit
08-05 19:54:06.334 30457 31586 I art     : Explicit concurrent mark sweep GC freed 3(96B) AllocSpace objects, 0(0B) LOS objects, 23% free, 51MB/67MB, paused 2.291ms total 63.668ms
08-05 19:54:06.726 30457 30470 I art     : Starting a blocking GC Explicit
08-05 19:54:06.798 30457 30470 I art     : Explicit concurrent mark sweep GC freed 1499(89KB) AllocSpace objects, 1(20KB) LOS objects, 23% free, 51MB/67MB, paused 2.164ms total 71.659ms
08-05 19:54:06.820 30457 30470 I art     : Starting a blocking GC Explicit
08-05 19:54:06.841   965   965 D AndroidRuntime: >>>>>> START com.android.internal.os.RuntimeInit uid 2000 <<<<<<
08-05 19:54:06.847   965   965 D AndroidRuntime: CheckJNI is OFF
08-05 19:54:06.884 30457 30470 I art     : Explicit concurrent mark sweep GC freed 51(1520B) AllocSpace objects, 0(0B) LOS objects, 23% free, 51MB/67MB, paused 2.334ms total 62.928ms
08-05 19:54:06.905   965   965 D ICU     : No timezone override file found: /data/misc/zoneinfo/current/icu/icu_tzdata.dat
08-05 19:54:06.906 30457 30470 I art     : Starting a blocking GC Explicit
08-05 19:54:06.949   965   965 I Radio-JNI: register_android_hardware_Radio DONE
08-05 19:54:06.969 30457 30470 I art     : Explicit concurrent mark sweep GC freed 4(128B) AllocSpace objects, 0(0B) LOS objects, 23% free, 51MB/67MB, paused 2.313ms total 62.940ms
08-05 19:54:06.982   965   965 D AndroidRuntime: Calling main entry com.android.commands.input.Input
08-05 19:54:06.985   965   965 I Input   : injectKeyEvent: KeyEvent { action=ACTION_DOWN, keyCode=KEYCODE_BACK, scanCode=0, metaState=0, flags=0x0, repeatCount=0, eventTime=820463398, downTime=820463398, deviceId=-1, source=0x101 }
08-05 19:54:06.991   965   965 I Input   : injectKeyEvent: KeyEvent { action=ACTION_UP, keyCode=KEYCODE_BACK, scanCode=0, metaState=0, flags=0x0, repeatCount=0, eventTime=820463398, downTime=820463398, deviceId=-1, source=0x101 }
08-05 19:54:06.992 30457 30470 I art     : Starting a blocking GC Explicit
08-05 19:54:07.018 30457 30457 D ItemlistFragment: onEventMainThread() called with: event = [DownloadEvent{update=DownloaderUpdate{downloaders=[], feedIds=[], mediaIds=[]}}]
08-05 19:54:07.020 30457 30985 D DBReader: getFeed() called with: feedId = [2]
08-05 19:54:07.021   965   965 D AndroidRuntime: Shutting down VM
08-05 19:54:07.021 30457 30985 D DBReader: getFeedItemList() called with: feed = [baseline.de.danoeh.antennapod.core.feed.Feed@2]
08-05 19:54:07.022   918  3263 D ConnectivityService: releasing NetworkRequest NetworkRequest [ id=3531, legacyType=-1, [ Capabilities: INTERNET&NOT_RESTRICTED&TRUSTED] ]
08-05 19:54:07.059 30457 30470 I art     : Explicit concurrent mark sweep GC freed 1144(61KB) AllocSpace objects, 0(0B) LOS objects, 23% free, 52MB/68MB, paused 2.591ms total 66.990ms
08-05 19:54:07.059 30457 30468 I art     : WaitForGcToComplete blocked for 50.837ms for cause HeapTrim
08-05 19:54:07.067 30457 30457 D FeedMenuHandler: Preparing options menu
08-05 19:54:07.079 30457 30470 I art     : Starting a blocking GC Explicit
08-05 19:54:07.135 30457 30985 W PodDBAdapter: Length of id array is larger than 800. Creating multiple cursors
08-05 19:54:07.151 30457 30470 I art     : Explicit concurrent mark sweep GC freed 5641(357KB) AllocSpace objects, 0(0B) LOS objects, 22% free, 53MB/69MB, paused 3.607ms total 71.494ms
08-05 19:54:07.154 30457 31358 D ApOkHttpUrlLoader: buildLoadData() called with: model = [http://static.libsyn.com/p/assets/7/1/f/3/71f3014e14ef2722/JREiTunesImage2.jpg], width = [1440], height = [462]
08-05 19:54:07.192 13866 13866 I GoogleInputMethodServic: GoogleInputMethodService.onFinishInput():3138 
08-05 19:54:07.193 13866 13866 I GoogleInputMethodServic: GoogleInputMethodService.onStartInput():1808 
08-05 19:54:07.243 30457 30985 D DBReader: getFavoriteIDList() called
08-05 19:54:07.245 30457 30985 D DBReader: getQueueIDList() called
08-05 19:54:07.246 30457 30985 D DBReader: Extracting Feedlist
08-05 19:54:07.251 30457 31358 D ApOkHttpUrlLoader: buildLoadData() called with: model = [http://static.libsyn.com/p/assets/7/1/f/3/71f3014e14ef2722/JREiTunesImage2.jpg], width = [1440], height = [462]
08-05 19:54:07.277 30457 30457 D FeedMenuHandler: Preparing options menu
08-05 19:54:07.346 13866 13882 I PeriodicStatsRunner: PeriodicStatsRunner.call():175 call()
08-05 19:54:07.347 13866 13882 I PeriodicStatsRunner: PeriodicStatsRunner.call():179 No submit PeriodicStats since input started.
08-05 19:54:07.548 30457 30471 I art     : Starting a blocking GC Explicit
08-05 19:54:07.638 30457 30471 I art     : Explicit concurrent mark sweep GC freed 41443(2MB) AllocSpace objects, 9(3MB) LOS objects, 22% free, 54MB/70MB, paused 2.664ms total 90.192ms
08-05 19:54:07.665 30457 30471 I art     : Starting a blocking GC Explicit
08-05 19:54:07.732 30457 30471 I art     : Explicit concurrent mark sweep GC freed 1237(81KB) AllocSpace objects, 0(0B) LOS objects, 22% free, 54MB/70MB, paused 2.122ms total 66.143ms
08-05 19:54:07.736   518   646 I ThermalEngine: ACTION: GPU - Setting GPU[0] to 450000000
08-05 19:54:07.753 30457 30471 I art     : Starting a blocking GC Explicit
08-05 19:54:07.803 30457 30471 I art     : Explicit concurrent mark sweep GC freed 3(96B) AllocSpace objects, 0(0B) LOS objects, 22% free, 54MB/70MB, paused 1.320ms total 50.118ms
08-05 19:54:07.819 30457 30471 I art     : Starting a blocking GC Explicit
08-05 19:54:07.865 30457 30471 I art     : Explicit concurrent mark sweep GC freed 3(96B) AllocSpace objects, 0(0B) LOS objects, 22% free, 54MB/70MB, paused 1.404ms total 46.186ms
08-05 19:54:07.880 30457 30471 I art     : Starting a blocking GC Explicit
08-05 19:54:07.930 30457 30471 I art     : Explicit concurrent mark sweep GC freed 32(880B) AllocSpace objects, 0(0B) LOS objects, 22% free, 54MB/70MB, paused 1.449ms total 49.735ms
08-05 19:54:08.294 30457 30470 I art     : Starting a blocking GC Explicit
08-05 19:54:08.345 30457 30470 I art     : Explicit concurrent mark sweep GC freed 1381(81KB) AllocSpace objects, 1(20KB) LOS objects, 22% free, 54MB/70MB, paused 1.370ms total 51.133ms
08-05 19:54:08.360 30457 30470 I art     : Starting a blocking GC Explicit
08-05 19:54:08.410 30457 30470 I art     : Explicit concurrent mark sweep GC freed 23(768B) AllocSpace objects, 0(0B) LOS objects, 22% free, 54MB/70MB, paused 1.479ms total 49.682ms
08-05 19:54:08.425 30457 30470 I art     : Starting a blocking GC Explicit
08-05 19:54:08.475 30457 30470 I art     : Explicit concurrent mark sweep GC freed 3(96B) AllocSpace objects, 0(0B) LOS objects, 22% free, 54MB/70MB, paused 1.447ms total 49.803ms
08-05 19:54:08.490 30457 30470 I art     : Starting a blocking GC Explicit
08-05 19:54:08.541 30457 30470 I art     : Explicit concurrent mark sweep GC freed 3(96B) AllocSpace objects, 0(0B) LOS objects, 22% free, 54MB/70MB, paused 1.431ms total 50.699ms
08-05 19:54:08.556 30457 30470 I art     : Starting a blocking GC Explicit
08-05 19:54:08.606 30457 30470 I art     : Explicit concurrent mark sweep GC freed 3(96B) AllocSpace objects, 0(0B) LOS objects, 22% free, 54MB/70MB, paused 1.460ms total 49.718ms
08-05 19:54:08.807  1009  1009 D AndroidRuntime: >>>>>> START com.android.internal.os.RuntimeInit uid 2000 <<<<<<
08-05 19:54:08.814  1009  1009 D AndroidRuntime: CheckJNI is OFF
08-05 19:54:08.854  1009  1009 D ICU     : No timezone override file found: /data/misc/zoneinfo/current/icu/icu_tzdata.dat
08-05 19:54:08.894  1009  1009 I Radio-JNI: register_android_hardware_Radio DONE
08-05 19:54:08.922  1009  1009 D AndroidRuntime: Calling main entry com.android.commands.input.Input
08-05 19:54:08.924  1009  1009 I Input   : injectMotionEvent: MotionEvent { action=ACTION_DOWN, actionButton=0, id[0]=0, x[0]=103.0, y[0]=192.0, toolType[0]=TOOL_TYPE_UNKNOWN, buttonState=0, metaState=0, flags=0x0, edgeFlags=0x0, pointerCount=1, historySize=0, eventTime=820465337, downTime=820465337, deviceId=0, source=0x1002 }
08-05 19:54:08.928  1009  1009 I Input   : injectMotionEvent: MotionEvent { action=ACTION_UP, actionButton=0, id[0]=0, x[0]=103.0, y[0]=192.0, toolType[0]=TOOL_TYPE_UNKNOWN, buttonState=0, metaState=0, flags=0x0, edgeFlags=0x0, pointerCount=1, historySize=0, eventTime=820465337, downTime=820465337, deviceId=0, source=0x1002 }
08-05 19:54:08.930  1009  1009 D AndroidRuntime: Shutting down VM
08-05 19:54:08.937   512  2967 D audio_hw_primary: out_set_parameters: enter: usecase(1: low-latency-playback) kvpairs: routing=2
08-05 19:54:08.950   512  2967 D audio_hw_primary: select_devices: out_snd_device(2: speaker) in_snd_device(0: none)
08-05 19:54:08.950   512  2967 D msm8974_platform: platform_send_audio_calibration: sending audio calibration for snd_device(2) acdb_id(15)
08-05 19:54:08.950   512  2967 I soundtrigger: audio_extn_sound_trigger_update_device_status: device 0x2 of type 0 for Event 1
08-05 19:54:08.964   512  2967 D audio_hw_primary: enable_snd_device: snd_device(2: speaker)
08-05 19:54:08.967   512  2967 D audio_hw_primary: enable_audio_route: apply and update mixer path: low-latency-playback speaker
08-05 19:54:08.974 30457 30471 I art     : Starting a blocking GC Explicit
08-05 19:54:09.027 30457 30471 I art     : Explicit concurrent mark sweep GC freed 1773(102KB) AllocSpace objects, 1(20KB) LOS objects, 22% free, 54MB/70MB, paused 1.418ms total 52.757ms
08-05 19:54:09.042 30457 30471 I art     : Starting a blocking GC Explicit
08-05 19:54:09.093 30457 30471 I art     : Explicit concurrent mark sweep GC freed 125(5KB) AllocSpace objects, 0(0B) LOS objects, 22% free, 54MB/70MB, paused 1.421ms total 50.423ms
08-05 19:54:09.108 30457 30471 I art     : Starting a blocking GC Explicit
08-05 19:54:09.157 30457 30471 I art     : Explicit concurrent mark sweep GC freed 3(96B) AllocSpace objects, 0(0B) LOS objects, 22% free, 54MB/70MB, paused 1.429ms total 49.268ms
08-05 19:54:09.173 30457 30471 I art     : Starting a blocking GC Explicit
08-05 19:54:09.220 30457 30471 I art     : Explicit concurrent mark sweep GC freed 5(160B) AllocSpace objects, 0(0B) LOS objects, 22% free, 54MB/70MB, paused 1.468ms total 47.325ms
08-05 19:54:09.235 30457 30471 I art     : Starting a blocking GC Explicit
08-05 19:54:09.285 30457 30471 I art     : Explicit concurrent mark sweep GC freed 3(96B) AllocSpace objects, 0(0B) LOS objects, 22% free, 54MB/70MB, paused 1.406ms total 50.128ms
08-05 19:54:09.499   512  2967 D audio_hw_primary: disable_audio_route: reset and update mixer path: low-latency-playback speaker
08-05 19:54:09.503   512  2967 D audio_hw_primary: disable_snd_device: snd_device(2: speaker)
08-05 19:54:09.511   512  2967 I soundtrigger: audio_extn_sound_trigger_update_device_status: device 0x2 of type 0 for Event 0
08-05 19:54:09.633 30457 30471 I art     : Starting a blocking GC Explicit
08-05 19:54:09.686 30457 30471 I art     : Explicit concurrent mark sweep GC freed 1391(82KB) AllocSpace objects, 1(20KB) LOS objects, 22% free, 54MB/70MB, paused 1.445ms total 52.876ms
08-05 19:54:09.701 30457 30471 I art     : Starting a blocking GC Explicit
08-05 19:54:09.754 30457 30471 I art     : Explicit concurrent mark sweep GC freed 27(896B) AllocSpace objects, 0(0B) LOS objects, 22% free, 54MB/70MB, paused 1.434ms total 52.581ms
08-05 19:54:09.769 30457 30471 I art     : Starting a blocking GC Explicit
08-05 19:54:09.822 30457 30471 I art     : Explicit concurrent mark sweep GC freed 3(96B) AllocSpace objects, 0(0B) LOS objects, 22% free, 54MB/70MB, paused 1.426ms total 52.217ms
08-05 19:54:09.837 30457 30471 I art     : Starting a blocking GC Explicit
08-05 19:54:09.890 30457 30471 I art     : Explicit concurrent mark sweep GC freed 32(880B) AllocSpace objects, 0(0B) LOS objects, 22% free, 54MB/70MB, paused 1.456ms total 52.679ms
08-05 19:54:09.905 30457 30471 I art     : Starting a blocking GC Explicit
08-05 19:54:09.956 30457 30471 I art     : Explicit concurrent mark sweep GC freed 3(96B) AllocSpace objects, 0(0B) LOS objects, 22% free, 54MB/70MB, paused 1.453ms total 50.744ms
08-05 19:54:10.304 30457 30470 I art     : Starting a blocking GC Explicit
08-05 19:54:10.357 30457 30470 I art     : Explicit concurrent mark sweep GC freed 2084(107KB) AllocSpace objects, 1(20KB) LOS objects, 22% free, 54MB/70MB, paused 1.410ms total 52.395ms
08-05 19:54:10.372 30457 30470 I art     : Starting a blocking GC Explicit
08-05 19:54:10.423 30457 30470 I art     : Explicit concurrent mark sweep GC freed 23(752B) AllocSpace objects, 0(0B) LOS objects, 22% free, 54MB/70MB, paused 1.388ms total 50.214ms
08-05 19:54:10.437 30457 30470 I art     : Starting a blocking GC Explicit
08-05 19:54:10.472   918  3261 D WifiStateMachine: starting scan for "H369AA63323"WPA_PSK with 2412,5180
08-05 19:54:10.487 30457 30470 I art     : Explicit concurrent mark sweep GC freed 3(96B) AllocSpace objects, 0(0B) LOS objects, 22% free, 54MB/70MB, paused 1.467ms total 49.159ms
08-05 19:54:10.502 30457 30470 I art     : Starting a blocking GC Explicit
08-05 19:54:10.552 30457 30470 I art     : Explicit concurrent mark sweep GC freed 3(96B) AllocSpace objects, 0(0B) LOS objects, 22% free, 54MB/70MB, paused 1.565ms total 49.768ms
08-05 19:54:10.566 30457 30470 I art     : Starting a blocking GC Explicit
08-05 19:54:10.616 30457 30470 I art     : Explicit concurrent mark sweep GC freed 7(224B) AllocSpace objects, 0(0B) LOS objects, 22% free, 54MB/70MB, paused 1.473ms total 49.583ms
08-05 19:54:10.735  1052  1052 D AndroidRuntime: >>>>>> START com.android.internal.os.RuntimeInit uid 2000 <<<<<<
08-05 19:54:10.742  1052  1052 D AndroidRuntime: CheckJNI is OFF
08-05 19:54:10.784  1052  1052 D ICU     : No timezone override file found: /data/misc/zoneinfo/current/icu/icu_tzdata.dat
08-05 19:54:10.827  1052  1052 I Radio-JNI: register_android_hardware_Radio DONE
08-05 19:54:10.855  1052  1052 D AndroidRuntime: Calling main entry com.android.commands.input.Input
08-05 19:54:10.857  1052  1052 I Input   : injectMotionEvent: MotionEvent { action=ACTION_DOWN, actionButton=0, id[0]=0, x[0]=409.0, y[0]=1034.0, toolType[0]=TOOL_TYPE_UNKNOWN, buttonState=0, metaState=0, flags=0x0, edgeFlags=0x0, pointerCount=1, historySize=0, eventTime=820467270, downTime=820467270, deviceId=0, source=0x1002 }
08-05 19:54:10.862  1052  1052 I Input   : injectMotionEvent: MotionEvent { action=ACTION_UP, actionButton=0, id[0]=0, x[0]=409.0, y[0]=1034.0, toolType[0]=TOOL_TYPE_UNKNOWN, buttonState=0, metaState=0, flags=0x0, edgeFlags=0x0, pointerCount=1, historySize=0, eventTime=820467270, downTime=820467270, deviceId=0, source=0x1002 }
08-05 19:54:10.864  1052  1052 D AndroidRuntime: Shutting down VM
08-05 19:54:10.928 30457 30457 D MainActivity: loadFragment(index: 5, args: null)
08-05 19:54:10.928 30457 30457 D MainActivity: loadFragment(tag: AddFeedFragment, args: null)
08-05 19:54:10.928 30457 30457 D MainActivity: saveLastNavFragment(tag: AddFeedFragment)
08-05 19:54:10.929 30457 30457 D MainActivity: getLastNavFragment() -> AddFeedFragment
08-05 19:54:10.930   512  2967 D audio_hw_primary: out_set_parameters: enter: usecase(1: low-latency-playback) kvpairs: routing=2
08-05 19:54:10.943   512  2967 D audio_hw_primary: select_devices: out_snd_device(2: speaker) in_snd_device(0: none)
08-05 19:54:10.943   512  2967 D msm8974_platform: platform_send_audio_calibration: sending audio calibration for snd_device(2) acdb_id(15)
08-05 19:54:10.943   512  2967 I soundtrigger: audio_extn_sound_trigger_update_device_status: device 0x2 of type 0 for Event 1
08-05 19:54:10.953   512  2967 D audio_hw_primary: enable_snd_device: snd_device(2: speaker)
08-05 19:54:10.956   512  2967 D audio_hw_primary: enable_audio_route: apply and update mixer path: low-latency-playback speaker
08-05 19:54:10.971 13866 13866 I GoogleInputMethodServic: GoogleInputMethodService.onFinishInput():3138 
08-05 19:54:10.972 13866 13866 I GoogleInputMethodServic: GoogleInputMethodService.onStartInput():1808 
08-05 19:54:10.998 30457 30471 I art     : Starting a blocking GC Explicit
08-05 19:54:11.050 30457 30471 I art     : Explicit concurrent mark sweep GC freed 4702(231KB) AllocSpace objects, 2(40KB) LOS objects, 22% free, 54MB/70MB, paused 1.565ms total 52.200ms
08-05 19:54:11.064 30457 30471 I art     : Starting a blocking GC Explicit
08-05 19:54:11.104 30457 30471 I art     : Explicit concurrent mark sweep GC freed 31472(2MB) AllocSpace objects, 9(3MB) LOS objects, 24% free, 48MB/64MB, paused 1.362ms total 40.075ms
08-05 19:54:11.116 30457 30471 I art     : Starting a blocking GC Explicit
08-05 19:54:11.152 30457 30471 I art     : Explicit concurrent mark sweep GC freed 7(224B) AllocSpace objects, 0(0B) LOS objects, 24% free, 48MB/64MB, paused 1.347ms total 35.392ms
08-05 19:54:11.164 30457 30471 I art     : Starting a blocking GC Explicit
08-05 19:54:11.199 30457 30471 I art     : Explicit concurrent mark sweep GC freed 3(96B) AllocSpace objects, 0(0B) LOS objects, 24% free, 48MB/64MB, paused 1.367ms total 35.317ms
08-05 19:54:11.211 30457 30471 I art     : Starting a blocking GC Explicit
08-05 19:54:11.250 30457 30471 I art     : Explicit concurrent mark sweep GC freed 3(96B) AllocSpace objects, 0(0B) LOS objects, 24% free, 48MB/64MB, paused 1.525ms total 38.395ms
08-05 19:54:11.365 13866 13866 I GoogleInputMethodServic: GoogleInputMethodService.onFinishInput():3138 
08-05 19:54:11.366 13866 13866 I GoogleInputMethodServic: GoogleInputMethodService.onStartInput():1808 
08-05 19:54:11.489   512  2967 D audio_hw_primary: disable_audio_route: reset and update mixer path: low-latency-playback speaker
08-05 19:54:11.491   512  2967 D audio_hw_primary: disable_snd_device: snd_device(2: speaker)
08-05 19:54:11.500   512  2967 I soundtrigger: audio_extn_sound_trigger_update_device_status: device 0x2 of type 0 for Event 0
08-05 19:54:11.609 30457 31586 I art     : Starting a blocking GC Explicit
08-05 19:54:11.651 30457 31586 I art     : Explicit concurrent mark sweep GC freed 1631(91KB) AllocSpace objects, 1(20KB) LOS objects, 24% free, 48MB/64MB, paused 1.468ms total 41.965ms
08-05 19:54:11.665 30457 31586 I art     : Starting a blocking GC Explicit
08-05 19:54:11.706 30457 31586 I art     : Explicit concurrent mark sweep GC freed 122(6KB) AllocSpace objects, 0(0B) LOS objects, 24% free, 48MB/64MB, paused 1.285ms total 40.876ms
08-05 19:54:11.719 30457 31586 I art     : Starting a blocking GC Explicit
08-05 19:54:11.757 30457 31586 I art     : Explicit concurrent mark sweep GC freed 3(96B) AllocSpace objects, 0(0B) LOS objects, 24% free, 48MB/64MB, paused 1.360ms total 37.923ms
08-05 19:54:11.770 30457 31586 I art     : Starting a blocking GC Explicit
08-05 19:54:11.808 30457 31586 I art     : Explicit concurrent mark sweep GC freed 3(96B) AllocSpace objects, 0(0B) LOS objects, 24% free, 48MB/64MB, paused 1.425ms total 38.043ms
08-05 19:54:11.821 30457 31586 I art     : Starting a blocking GC Explicit
08-05 19:54:11.861 30457 31586 I art     : Explicit concurrent mark sweep GC freed 5(160B) AllocSpace objects, 0(0B) LOS objects, 24% free, 48MB/64MB, paused 1.409ms total 39.547ms
08-05 19:54:12.192 13866 13882 I PeriodicStatsRunner: PeriodicStatsRunner.call():175 call()
08-05 19:54:12.193 13866 13882 I PeriodicStatsRunner: PeriodicStatsRunner.call():179 No submit PeriodicStats since input started.
08-05 19:54:12.224 30457 30471 I art     : Starting a blocking GC Explicit
08-05 19:54:12.264 30457 30471 I art     : Explicit concurrent mark sweep GC freed 1410(83KB) AllocSpace objects, 1(20KB) LOS objects, 24% free, 48MB/64MB, paused 1.394ms total 39.973ms
08-05 19:54:12.276 30457 30471 I art     : Starting a blocking GC Explicit
08-05 19:54:12.315 30457 30471 I art     : Explicit concurrent mark sweep GC freed 23(752B) AllocSpace objects, 0(0B) LOS objects, 24% free, 48MB/64MB, paused 1.411ms total 38.757ms
08-05 19:54:12.328 30457 30471 I art     : Starting a blocking GC Explicit
08-05 19:54:12.369 30457 30471 I art     : Explicit concurrent mark sweep GC freed 3(96B) AllocSpace objects, 0(0B) LOS objects, 24% free, 48MB/64MB, paused 1.439ms total 41.101ms
08-05 19:54:12.382 30457 30471 I art     : Starting a blocking GC Explicit
08-05 19:54:12.421 30457 30471 I art     : Explicit concurrent mark sweep GC freed 3(96B) AllocSpace objects, 0(0B) LOS objects, 24% free, 48MB/64MB, paused 1.474ms total 39.261ms
08-05 19:54:12.434 30457 30471 I art     : Starting a blocking GC Explicit
08-05 19:54:12.474 30457 30471 I art     : Explicit concurrent mark sweep GC freed 14(944B) AllocSpace objects, 0(0B) LOS objects, 24% free, 48MB/64MB, paused 1.403ms total 39.048ms
08-05 19:54:12.650  1103  1103 D AndroidRuntime: >>>>>> START com.android.internal.os.RuntimeInit uid 2000 <<<<<<
08-05 19:54:12.655  1103  1103 D AndroidRuntime: CheckJNI is OFF
08-05 19:54:12.694  1103  1103 D ICU     : No timezone override file found: /data/misc/zoneinfo/current/icu/icu_tzdata.dat
08-05 19:54:12.734  1103  1103 I Radio-JNI: register_android_hardware_Radio DONE
08-05 19:54:12.747   518   646 I ThermalEngine: ACTION: GPU - Setting GPU[0] to 390000000
08-05 19:54:12.773  1103  1103 D AndroidRuntime: Calling main entry com.android.commands.input.Input
08-05 19:54:12.776  1103  1103 I Input   : injectMotionEvent: MotionEvent { action=ACTION_DOWN, actionButton=0, id[0]=0, x[0]=603.0, y[0]=1061.0, toolType[0]=TOOL_TYPE_UNKNOWN, buttonState=0, metaState=0, flags=0x0, edgeFlags=0x0, pointerCount=1, historySize=0, eventTime=820469188, downTime=820469188, deviceId=0, source=0x1002 }
08-05 19:54:12.782  1103  1103 I Input   : injectMotionEvent: MotionEvent { action=ACTION_UP, actionButton=0, id[0]=0, x[0]=603.0, y[0]=1061.0, toolType[0]=TOOL_TYPE_UNKNOWN, buttonState=0, metaState=0, flags=0x0, edgeFlags=0x0, pointerCount=1, historySize=0, eventTime=820469188, downTime=820469188, deviceId=0, source=0x1002 }
08-05 19:54:12.785  1103  1103 D AndroidRuntime: Shutting down VM
08-05 19:54:12.799   512  2967 D audio_hw_primary: out_set_parameters: enter: usecase(1: low-latency-playback) kvpairs: routing=2
08-05 19:54:12.813   512  2967 D audio_hw_primary: select_devices: out_snd_device(2: speaker) in_snd_device(0: none)
08-05 19:54:12.813   512  2967 D msm8974_platform: platform_send_audio_calibration: sending audio calibration for snd_device(2) acdb_id(15)
08-05 19:54:12.813   512  2967 I soundtrigger: audio_extn_sound_trigger_update_device_status: device 0x2 of type 0 for Event 1
08-05 19:54:12.823   512  2967 D audio_hw_primary: enable_snd_device: snd_device(2: speaker)
08-05 19:54:12.826   512  2967 D audio_hw_primary: enable_audio_route: apply and update mixer path: low-latency-playback speaker
08-05 19:54:12.871 30457 30471 I art     : Starting a blocking GC Explicit
08-05 19:54:12.901 13866 13866 I GoogleInputMethodServic: GoogleInputMethodService.onFinishInput():3138 
08-05 19:54:12.902 13866 13866 I GoogleInputMethodServic: GoogleInputMethodService.onStartInput():1808 
08-05 19:54:12.926 30457 30471 I art     : Explicit concurrent mark sweep GC freed 3893(298KB) AllocSpace objects, 1(20KB) LOS objects, 24% free, 49MB/65MB, paused 2.745ms total 54.929ms
08-05 19:54:12.944 30457 30471 I art     : Starting a blocking GC Explicit
08-05 19:54:12.998 30457 30471 I art     : Explicit concurrent mark sweep GC freed 1058(43KB) AllocSpace objects, 0(0B) LOS objects, 24% free, 49MB/65MB, paused 2.516ms total 53.624ms
08-05 19:54:13.015 30457 30471 I art     : Starting a blocking GC Explicit
08-05 19:54:13.063 30457 30471 I art     : Explicit concurrent mark sweep GC freed 1714(90KB) AllocSpace objects, 1(220KB) LOS objects, 24% free, 49MB/65MB, paused 2.495ms total 48.255ms
08-05 19:54:13.081 30457 30471 I art     : Starting a blocking GC Explicit
08-05 19:54:13.132 30457 30471 I art     : Explicit concurrent mark sweep GC freed 57(2240B) AllocSpace objects, 0(0B) LOS objects, 24% free, 49MB/65MB, paused 2.504ms total 50.366ms
08-05 19:54:13.150 30457 30471 I art     : Starting a blocking GC Explicit
08-05 19:54:13.200 30457 30471 I art     : Explicit concurrent mark sweep GC freed 43(1632B) AllocSpace objects, 0(0B) LOS objects, 24% free, 49MB/65MB, paused 2.818ms total 50.097ms
08-05 19:54:13.369   512  2967 D audio_hw_primary: disable_audio_route: reset and update mixer path: low-latency-playback speaker
08-05 19:54:13.370   512  2967 D audio_hw_primary: disable_snd_device: snd_device(2: speaker)
08-05 19:54:13.379   512  2967 I soundtrigger: audio_extn_sound_trigger_update_device_status: device 0x2 of type 0 for Event 0
08-05 19:54:13.588 30457 30485 I art     : Starting a blocking GC Explicit
08-05 19:54:13.644 30457 30485 I art     : Explicit concurrent mark sweep GC freed 1555(88KB) AllocSpace objects, 1(20KB) LOS objects, 24% free, 49MB/65MB, paused 2.972ms total 55.135ms
08-05 19:54:13.663 30457 30485 I art     : Starting a blocking GC Explicit
08-05 19:54:13.715 30457 30485 I art     : Explicit concurrent mark sweep GC freed 154(5KB) AllocSpace objects, 0(0B) LOS objects, 24% free, 49MB/65MB, paused 3.336ms total 51.955ms
08-05 19:54:13.734 30457 30485 I art     : Starting a blocking GC Explicit
08-05 19:54:13.771 30457  1127 I NAPPA_EXPERIMENTATION: MetricNetworkRequestExecutionTime: REQUEST_DURATION_SYSTEM='889',REQUEST_DURATION_OKHTTP='38',REQUEST_SYNCHRONOUS='TRUE',RESPONSE_CODE='200',RESPONSE_METHOD='GET',RESPONSE_LENGTH_OKHTTP='37507',RESPONSE_LENGTH_HEADER='37507',REQUEST_PROTOCOL='http/1.1',REQUEST_URL='https://gpodder.net/toplist/50.json',
08-05 19:54:13.786 30457 30485 I art     : Explicit concurrent mark sweep GC freed 3461(142KB) AllocSpace objects, 0(0B) LOS objects, 24% free, 49MB/65MB, paused 2.714ms total 51.347ms
08-05 19:54:13.807 30457 30485 I art     : Starting a blocking GC Explicit
08-05 19:54:13.809 30457  1128 I NAPPA_EXPERIMENTATION: MetricNetworkRequestExecutionTime: REQUEST_DURATION_SYSTEM='921',REQUEST_DURATION_OKHTTP='67',REQUEST_SYNCHRONOUS='TRUE',RESPONSE_CODE='200',RESPONSE_METHOD='GET',RESPONSE_LENGTH_OKHTTP='2923',RESPONSE_LENGTH_HEADER='2923',REQUEST_PROTOCOL='http/1.1',REQUEST_URL='https://gpodder.net/api/2/tags/50.json',
08-05 19:54:13.844 30457 31358 D ApOkHttpUrlLoader: buildLoadData() called with: model = [http://sixgun.org/files/linuxoutlaws.jpg], width = [224], height = [224]
08-05 19:54:13.846 30457 31194 D DBReader: getImageAuthentication() called with: imageUrl = [http://sixgun.org/files/linuxoutlaws.jpg]
08-05 19:54:13.850 30457 31194 D ApOkHttpUrlLoader: no credentials for 'http://sixgun.org/files/linuxoutlaws.jpg'
08-05 19:54:13.860 30457 30485 I art     : Explicit concurrent mark sweep GC freed 4474(329KB) AllocSpace objects, 2(152KB) LOS objects, 24% free, 49MB/65MB, paused 3.076ms total 52.382ms
08-05 19:54:13.863 30457 31358 D ApOkHttpUrlLoader: buildLoadData() called with: model = [https://files.thisamericanlife.org/sites/all/themes/thislife/img/tal-name-1400x1400.png], width = [224], height = [224]
08-05 19:54:13.865 30457 31193 D DBReader: getImageAuthentication() called with: imageUrl = [https://files.thisamericanlife.org/sites/all/themes/thislife/img/tal-name-1400x1400.png]
08-05 19:54:13.869 30457 31193 D ApOkHttpUrlLoader: no credentials for 'https://files.thisamericanlife.org/sites/all/themes/thislife/img/tal-name-1400x1400.png'
08-05 19:54:13.871 30457 31358 D ApOkHttpUrlLoader: buildLoadData() called with: model = [https://elroy.twit.tv/sites/default/files/styles/twit_album_art_2048x2048/public/images/shows/floss_weekly/album_art/audio/floss_albumart_mask.jpg?itok=IUjxKpwt], width = [224], height = [224]
08-05 19:54:13.873 30457 31187 D DBReader: getImageAuthentication() called with: imageUrl = [https://elroy.twit.tv/sites/default/files/styles/twit_album_art_2048x2048/public/images/shows/floss_weekly/album_art/audio/floss_albumart_mask.jpg?itok=IUjxKpwt]
08-05 19:54:13.877 30457 31187 D ApOkHttpUrlLoader: no credentials for 'https://elroy.twit.tv/sites/default/files/styles/twit_album_art_2048x2048/public/images/shows/floss_weekly/album_art/audio/floss_albumart_mask.jpg?itok=IUjxKpwt'
08-05 19:54:13.878 30457 30485 I art     : Starting a blocking GC Explicit
08-05 19:54:13.881 30457 31358 D ApOkHttpUrlLoader: buildLoadData() called with: model = [http://ichef.bbci.co.uk/images/ic/3000x3000/p07kfvzb.jpg], width = [224], height = [224]
08-05 19:54:13.883 30457 31195 D DBReader: getImageAuthentication() called with: imageUrl = [http://ichef.bbci.co.uk/images/ic/3000x3000/p07kfvzb.jpg]
08-05 19:54:13.887 30457 31195 D ApOkHttpUrlLoader: no credentials for 'http://ichef.bbci.co.uk/images/ic/3000x3000/p07kfvzb.jpg'
08-05 19:54:13.889 30457 31358 D ApOkHttpUrlLoader: buildLoadData() called with: model = [https://pl.tedcdn.com/rss_feed_images/ted_talks_main_podcast/video.png], width = [224], height = [224]
08-05 19:54:13.891 30457 31189 D DBReader: getImageAuthentication() called with: imageUrl = [https://pl.tedcdn.com/rss_feed_images/ted_talks_main_podcast/video.png]
08-05 19:54:13.895 30457 31189 D ApOkHttpUrlLoader: no credentials for 'https://pl.tedcdn.com/rss_feed_images/ted_talks_main_podcast/video.png'
08-05 19:54:13.897 30457 31358 D ApOkHttpUrlLoader: buildLoadData() called with: model = [https://elroy.twit.tv/sites/default/files/styles/twit_album_art_2048x2048/public/images/shows/this_week_in_tech/album_art/audio/twit1400audio.jpg?itok=J0vhatZb], width = [224], height = [224]
08-05 19:54:13.899 30457 31191 D DBReader: getImageAuthentication() called with: imageUrl = [https://elroy.twit.tv/sites/default/files/styles/twit_album_art_2048x2048/public/images/shows/this_week_in_tech/album_art/audio/twit1400audio.jpg?itok=J0vhatZb]
08-05 19:54:13.903 30457 31191 D ApOkHttpUrlLoader: no credentials for 'https://elroy.twit.tv/sites/default/files/styles/twit_album_art_2048x2048/public/images/shows/this_week_in_tech/album_art/audio/twit1400audio.jpg?itok=J0vhatZb'
08-05 19:54:13.904 30457 31358 D ApOkHttpUrlLoader: buildLoadData() called with: model = [http://ichef.bbci.co.uk/images/ic/3000x3000/p03gtk3j.jpg], width = [224], height = [224]
08-05 19:54:13.906 30457 31196 D DBReader: getImageAuthentication() called with: imageUrl = [http://ichef.bbci.co.uk/images/ic/3000x3000/p03gtk3j.jpg]
08-05 19:54:13.909 30457 31194 D DBWriter: updateFeedDownloadURL(original: http://sixgun.org/files/linuxoutlaws.jpg, updated: https://fab.industries/sixgun/files/linuxoutlaws.jpg)
08-05 19:54:13.911 30457 31196 D ApOkHttpUrlLoader: no credentials for 'http://ichef.bbci.co.uk/images/ic/3000x3000/p03gtk3j.jpg'
08-05 19:54:13.940 30457 30485 I art     : Explicit concurrent mark sweep GC freed 2752(202KB) AllocSpace objects, 1(40KB) LOS objects, 24% free, 49MB/65MB, paused 3.423ms total 61.951ms
08-05 19:54:13.986 30457 31195 D MYTAG   : interceptor 2a
08-05 19:54:13.986 30457 31195 I NAPPA_EXPERIMENTATION: MetricNetworkRequestExecutionTime: REQUEST_DURATION_SYSTEM='99',REQUEST_DURATION_OKHTTP='94',REQUEST_SYNCHRONOUS='TRUE',RESPONSE_CODE='200',RESPONSE_METHOD='GET',RESPONSE_LENGTH_OKHTTP='589826',RESPONSE_LENGTH_HEADER='589826',REQUEST_PROTOCOL='http/1.1',REQUEST_URL='http://ichef.bbci.co.uk/images/ic/3000x3000/p07kfvzb.jpg',
08-05 19:54:14.027 30457 31196 D MYTAG   : interceptor 2a
08-05 19:54:14.027 30457 31196 I NAPPA_EXPERIMENTATION: MetricNetworkRequestExecutionTime: REQUEST_DURATION_SYSTEM='116',REQUEST_DURATION_OKHTTP='106',REQUEST_SYNCHRONOUS='TRUE',RESPONSE_CODE='200',RESPONSE_METHOD='GET',RESPONSE_LENGTH_OKHTTP='814284',RESPONSE_LENGTH_HEADER='814284',REQUEST_PROTOCOL='http/1.1',REQUEST_URL='http://ichef.bbci.co.uk/images/ic/3000x3000/p03gtk3j.jpg',
08-05 19:54:14.208 30457 31193 D MYTAG   : interceptor 2a
08-05 19:54:14.208 30457 31193 I NAPPA_EXPERIMENTATION: MetricNetworkRequestExecutionTime: REQUEST_DURATION_SYSTEM='339',REQUEST_DURATION_OKHTTP='81',REQUEST_SYNCHRONOUS='TRUE',RESPONSE_CODE='200',RESPONSE_METHOD='GET',RESPONSE_LENGTH_OKHTTP='52553',RESPONSE_LENGTH_HEADER='52553',REQUEST_PROTOCOL='http/1.1',REQUEST_URL='https://files.thisamericanlife.org/sites/all/themes/thislife/img/tal-name-1400x1400.png',
08-05 19:54:14.325 30457 30485 I art     : Starting a blocking GC Explicit
08-05 19:54:14.331 30457 31191 D MYTAG   : interceptor 2a
08-05 19:54:14.332 30457 31191 I NAPPA_EXPERIMENTATION: MetricNetworkRequestExecutionTime: REQUEST_DURATION_SYSTEM='428',REQUEST_DURATION_OKHTTP='224',REQUEST_SYNCHRONOUS='TRUE',RESPONSE_CODE='200',RESPONSE_METHOD='GET',RESPONSE_LENGTH_OKHTTP='465707',RESPONSE_LENGTH_HEADER='465707',REQUEST_PROTOCOL='h2',REQUEST_URL='https://elroy.twit.tv/sites/default/files/styles/twit_album_art_2048x2048/public/images/shows/this_week_in_tech/album_art/audio/twit1400audio.jpg?itok=J0vhatZb',
08-05 19:54:14.372 30457 31189 D MYTAG   : interceptor 2a
08-05 19:54:14.373 30457 31189 I NAPPA_EXPERIMENTATION: MetricNetworkRequestExecutionTime: REQUEST_DURATION_SYSTEM='477',REQUEST_DURATION_OKHTTP='239',REQUEST_SYNCHRONOUS='TRUE',RESPONSE_CODE='200',RESPONSE_METHOD='GET',RESPONSE_LENGTH_OKHTTP='89986',RESPONSE_LENGTH_HEADER='89986',REQUEST_PROTOCOL='h2',REQUEST_URL='https://pl.tedcdn.com/rss_feed_images/ted_talks_main_podcast/video.png',
08-05 19:54:14.388 30457 30485 I art     : Explicit concurrent mark sweep GC freed 13874(762KB) AllocSpace objects, 1(20KB) LOS objects, 24% free, 50MB/66MB, paused 2.969ms total 61.368ms
08-05 19:54:14.407 30457 30485 I art     : Starting a blocking GC Explicit
08-05 19:54:14.457 30457 30485 I art     : Explicit concurrent mark sweep GC freed 894(43KB) AllocSpace objects, 0(0B) LOS objects, 24% free, 50MB/66MB, paused 2.756ms total 49.870ms
08-05 19:54:14.465 30457 31187 D MYTAG   : interceptor 2a
08-05 19:54:14.465 30457 31187 I NAPPA_EXPERIMENTATION: MetricNetworkRequestExecutionTime: REQUEST_DURATION_SYSTEM='588',REQUEST_DURATION_OKHTTP='334',REQUEST_SYNCHRONOUS='TRUE',RESPONSE_CODE='200',RESPONSE_METHOD='GET',RESPONSE_LENGTH_OKHTTP='297964',RESPONSE_LENGTH_HEADER='297964',REQUEST_PROTOCOL='h2',REQUEST_URL='https://elroy.twit.tv/sites/default/files/styles/twit_album_art_2048x2048/public/images/shows/floss_weekly/album_art/audio/floss_albumart_mask.jpg?itok=IUjxKpwt',
08-05 19:54:14.475 30457 30485 I art     : Starting a blocking GC Explicit
08-05 19:54:14.525 30457 31194 D MYTAG   : interceptor 2a
08-05 19:54:14.526 30457 31194 I NAPPA_EXPERIMENTATION: MetricNetworkRequestExecutionTime: REQUEST_DURATION_SYSTEM='675',REQUEST_DURATION_OKHTTP='269',REQUEST_SYNCHRONOUS='TRUE',RESPONSE_CODE='404',RESPONSE_METHOD='GET',RESPONSE_LENGTH_OKHTTP='-1',RESPONSE_LENGTH_HEADER='1503',REQUEST_PROTOCOL='h2',REQUEST_URL='https://fab.industries/sixgun/files/linuxoutlaws.jpg',
08-05 19:54:14.531 30457 30485 I art     : Explicit concurrent mark sweep GC freed 526(134KB) AllocSpace objects, 0(0B) LOS objects, 23% free, 50MB/66MB, paused 3.177ms total 55.218ms
08-05 19:54:14.532 30457 30457 W Glide   : Load failed for http://sixgun.org/files/linuxoutlaws.jpg with size [224x224]
08-05 19:54:14.532 30457 30457 W Glide   : class com.bumptech.glide.load.engine.GlideException: Failed to load resource
08-05 19:54:14.532 30457 30457 W Glide   : There was 1 cause:
08-05 19:54:14.532 30457 30457 W Glide   : com.bumptech.glide.load.HttpException()
08-05 19:54:14.532 30457 30457 W Glide   :  call GlideException#logRootCauses(String) for more detail
08-05 19:54:14.532 30457 30457 W Glide   :   Cause (1 of 1): class com.bumptech.glide.load.engine.GlideException: Fetching data failed, class java.io.InputStream, REMOTE
08-05 19:54:14.532 30457 30457 W Glide   : There was 1 cause:
08-05 19:54:14.532 30457 30457 W Glide   : com.bumptech.glide.load.HttpException()
08-05 19:54:14.532 30457 30457 W Glide   :  call GlideException#logRootCauses(String) for more detail
08-05 19:54:14.532 30457 30457 W Glide   :     Cause (1 of 1): class com.bumptech.glide.load.HttpException: 
08-05 19:54:14.533 30457 30457 I Glide   : Root cause (1 of 1)
08-05 19:54:14.533 30457 30457 I Glide   : com.bumptech.glide.load.HttpException: 
08-05 19:54:14.533 30457 30457 I Glide   : 	at com.bumptech.glide.integration.okhttp3.OkHttpStreamFetcher.onResponse(OkHttpStreamFetcher.java:73)
08-05 19:54:14.533 30457 30457 I Glide   : 	at okhttp3.RealCall$AsyncCall.execute(RealCall.java:174)
08-05 19:54:14.533 30457 30457 I Glide   : 	at okhttp3.internal.NamedRunnable.run(NamedRunnable.java:32)
08-05 19:54:14.533 30457 30457 I Glide   : 	at java.util.concurrent.ThreadPoolExecutor.runWorker(ThreadPoolExecutor.java:1113)
08-05 19:54:14.533 30457 30457 I Glide   : 	at java.util.concurrent.ThreadPoolExecutor$Worker.run(ThreadPoolExecutor.java:588)
08-05 19:54:14.533 30457 30457 I Glide   : 	at java.lang.Thread.run(Thread.java:818)
08-05 19:54:14.535 30457 30457 W Glide   : Load failed for http://sixgun.org/files/linuxoutlaws.jpg with size [224x224]
08-05 19:54:14.535 30457 30457 W Glide   : class com.bumptech.glide.load.engine.GlideException: Failed to load resource
08-05 19:54:14.535 30457 30457 W Glide   : There was 1 cause:
08-05 19:54:14.535 30457 30457 W Glide   : com.bumptech.glide.load.HttpException()
08-05 19:54:14.535 30457 30457 W Glide   :  call GlideException#logRootCauses(String) for more detail
08-05 19:54:14.535 30457 30457 W Glide   :   Cause (1 of 1): class com.bumptech.glide.load.engine.GlideException: Fetching data failed, class java.io.InputStream, REMOTE
08-05 19:54:14.535 30457 30457 W Glide   : There was 1 cause:
08-05 19:54:14.535 30457 30457 W Glide   : com.bumptech.glide.load.HttpException()
08-05 19:54:14.535 30457 30457 W Glide   :  call GlideException#logRootCauses(String) for more detail
08-05 19:54:14.535 30457 30457 W Glide   :     Cause (1 of 1): class com.bumptech.glide.load.HttpException: 
08-05 19:54:14.535 30457 30457 I Glide   : Root cause (1 of 1)
08-05 19:54:14.535 30457 30457 I Glide   : com.bumptech.glide.load.HttpException: 
08-05 19:54:14.535 30457 30457 I Glide   : 	at com.bumptech.glide.integration.okhttp3.OkHttpStreamFetcher.onResponse(OkHttpStreamFetcher.java:73)
08-05 19:54:14.535 30457 30457 I Glide   : 	at okhttp3.RealCall$AsyncCall.execute(RealCall.java:174)
08-05 19:54:14.535 30457 30457 I Glide   : 	at okhttp3.internal.NamedRunnable.run(NamedRunnable.java:32)
08-05 19:54:14.535 30457 30457 I Glide   : 	at java.util.concurrent.ThreadPoolExecutor.runWorker(ThreadPoolExecutor.java:1113)
08-05 19:54:14.535 30457 30457 I Glide   : 	at java.util.concurrent.ThreadPoolExecutor$Worker.run(ThreadPoolExecutor.java:588)
08-05 19:54:14.535 30457 30457 I Glide   : 	at java.lang.Thread.run(Thread.java:818)
08-05 19:54:14.553 30457 30485 I art     : Starting a blocking GC Explicit
08-05 19:54:14.582 30457 31358 D ApOkHttpUrlLoader: buildLoadData() called with: model = [http://sixgun.org/files/linuxoutlaws.jpg], width = [224], height = [224]
08-05 19:54:14.595 30457 31194 D DBReader: getImageAuthentication() called with: imageUrl = [http://sixgun.org/files/linuxoutlaws.jpg]
08-05 19:54:14.612 30457 31194 D ApOkHttpUrlLoader: no credentials for 'http://sixgun.org/files/linuxoutlaws.jpg'
08-05 19:54:14.624 30457 30485 I art     : Explicit concurrent mark sweep GC freed 1245(164KB) AllocSpace objects, 0(0B) LOS objects, 23% free, 50MB/66MB, paused 2.777ms total 70.732ms
08-05 19:54:14.641 30457 30485 I art     : Starting a blocking GC Explicit
08-05 19:54:14.659 30457 31194 D DBWriter: updateFeedDownloadURL(original: http://sixgun.org/files/linuxoutlaws.jpg, updated: https://fab.industries/sixgun/files/linuxoutlaws.jpg)
08-05 19:54:14.696 30457 30485 I art     : Explicit concurrent mark sweep GC freed 773(44KB) AllocSpace objects, 0(0B) LOS objects, 23% free, 50MB/66MB, paused 2.236ms total 54.408ms
08-05 19:54:14.804 30457 31194 D MYTAG   : interceptor 2a
08-05 19:54:14.804 30457 31194 I NAPPA_EXPERIMENTATION: MetricNetworkRequestExecutionTime: REQUEST_DURATION_SYSTEM='191',REQUEST_DURATION_OKHTTP='142',REQUEST_SYNCHRONOUS='TRUE',RESPONSE_CODE='404',RESPONSE_METHOD='GET',RESPONSE_LENGTH_OKHTTP='-1',RESPONSE_LENGTH_HEADER='1503',REQUEST_PROTOCOL='h2',REQUEST_URL='https://fab.industries/sixgun/files/linuxoutlaws.jpg',
08-05 19:54:14.825 30457 30457 W Glide   : Load failed for http://sixgun.org/files/linuxoutlaws.jpg with size [224x224]
08-05 19:54:14.825 30457 30457 W Glide   : class com.bumptech.glide.load.engine.GlideException: Failed to load resource
08-05 19:54:14.825 30457 30457 W Glide   : There was 1 cause:
08-05 19:54:14.825 30457 30457 W Glide   : com.bumptech.glide.load.HttpException()
08-05 19:54:14.825 30457 30457 W Glide   :  call GlideException#logRootCauses(String) for more detail
08-05 19:54:14.825 30457 30457 W Glide   :   Cause (1 of 1): class com.bumptech.glide.load.engine.GlideException: Fetching data failed, class java.io.InputStream, REMOTE
08-05 19:54:14.825 30457 30457 W Glide   : There was 1 cause:
08-05 19:54:14.825 30457 30457 W Glide   : com.bumptech.glide.load.HttpException()
08-05 19:54:14.825 30457 30457 W Glide   :  call GlideException#logRootCauses(String) for more detail
08-05 19:54:14.825 30457 30457 W Glide   :     Cause (1 of 1): class com.bumptech.glide.load.HttpException: 
08-05 19:54:14.826 30457 30457 I Glide   : Root cause (1 of 1)
08-05 19:54:14.826 30457 30457 I Glide   : com.bumptech.glide.load.HttpException: 
08-05 19:54:14.826 30457 30457 I Glide   : 	at com.bumptech.glide.integration.okhttp3.OkHttpStreamFetcher.onResponse(OkHttpStreamFetcher.java:73)
08-05 19:54:14.826 30457 30457 I Glide   : 	at okhttp3.RealCall$AsyncCall.execute(RealCall.java:174)
08-05 19:54:14.826 30457 30457 I Glide   : 	at okhttp3.internal.NamedRunnable.run(NamedRunnable.java:32)
08-05 19:54:14.826 30457 30457 I Glide   : 	at java.util.concurrent.ThreadPoolExecutor.runWorker(ThreadPoolExecutor.java:1113)
08-05 19:54:14.826 30457 30457 I Glide   : 	at java.util.concurrent.ThreadPoolExecutor$Worker.run(ThreadPoolExecutor.java:588)
08-05 19:54:14.826 30457 30457 I Glide   : 	at java.lang.Thread.run(Thread.java:818)
08-05 19:54:15.097 30457 30470 I art     : Starting a blocking GC Explicit
08-05 19:54:15.155 30457 30470 I art     : Explicit concurrent mark sweep GC freed 2013(155KB) AllocSpace objects, 1(20KB) LOS objects, 23% free, 50MB/66MB, paused 2.814ms total 57.774ms
08-05 19:54:15.179 30457 30470 I art     : Starting a blocking GC Explicit
08-05 19:54:15.235 30457 30470 I art     : Explicit concurrent mark sweep GC freed 57(2016B) AllocSpace objects, 0(0B) LOS objects, 23% free, 50MB/66MB, paused 2.225ms total 55.466ms
08-05 19:54:15.255 30457 30470 I art     : Starting a blocking GC Explicit
08-05 19:54:15.311 30457 30470 I art     : Explicit concurrent mark sweep GC freed 3(96B) AllocSpace objects, 0(0B) LOS objects, 23% free, 50MB/66MB, paused 2.536ms total 55.724ms
08-05 19:54:15.330 30457 30470 I art     : Starting a blocking GC Explicit
08-05 19:54:15.386 30457 30470 I art     : Explicit concurrent mark sweep GC freed 3(96B) AllocSpace objects, 0(0B) LOS objects, 23% free, 50MB/66MB, paused 2.273ms total 55.039ms
08-05 19:54:15.405 30457 30470 I art     : Starting a blocking GC Explicit
08-05 19:54:15.463 30457 30470 I art     : Explicit concurrent mark sweep GC freed 8(256B) AllocSpace objects, 0(0B) LOS objects, 23% free, 50MB/66MB, paused 3.063ms total 56.866ms
08-05 19:54:15.883 30457 30470 I art     : Starting a blocking GC Explicit
08-05 19:54:15.950 30457 30470 I art     : Explicit concurrent mark sweep GC freed 1467(83KB) AllocSpace objects, 1(20KB) LOS objects, 23% free, 50MB/66MB, paused 3.160ms total 67.139ms
08-05 19:54:15.972 13866 13882 I PeriodicStatsRunner: PeriodicStatsRunner.call():175 call()
08-05 19:54:15.972 30457 30470 I art     : Starting a blocking GC Explicit
08-05 19:54:15.972 13866 13882 I PeriodicStatsRunner: PeriodicStatsRunner.call():179 No submit PeriodicStats since input started.
08-05 19:54:16.027 30457 30470 I art     : Explicit concurrent mark sweep GC freed 40(1328B) AllocSpace objects, 0(0B) LOS objects, 23% free, 50MB/66MB, paused 2.214ms total 54.785ms
08-05 19:54:16.046 30457 30470 I art     : Starting a blocking GC Explicit
08-05 19:54:16.102 30457 30470 I art     : Explicit concurrent mark sweep GC freed 3(96B) AllocSpace objects, 0(0B) LOS objects, 23% free, 50MB/66MB, paused 2.305ms total 55.304ms
08-05 19:54:16.121 30457 30470 I art     : Starting a blocking GC Explicit
08-05 19:54:16.177 30457 30470 I art     : Explicit concurrent mark sweep GC freed 3(96B) AllocSpace objects, 0(0B) LOS objects, 23% free, 50MB/66MB, paused 2.214ms total 55.529ms
08-05 19:54:16.197 30457 30470 I art     : Starting a blocking GC Explicit
08-05 19:54:16.253 30457 30470 I art     : Explicit concurrent mark sweep GC freed 3(96B) AllocSpace objects, 0(0B) LOS objects, 23% free, 50MB/66MB, paused 2.371ms total 55.030ms
08-05 19:54:16.366 13866 13882 I PeriodicStatsRunner: PeriodicStatsRunner.call():175 call()
08-05 19:54:16.366 13866 13882 I PeriodicStatsRunner: PeriodicStatsRunner.call():179 No submit PeriodicStats since input started.
08-05 19:54:16.674 30457 31586 I art     : Starting a blocking GC Explicit
08-05 19:54:16.743 30457 31586 I art     : Explicit concurrent mark sweep GC freed 1381(81KB) AllocSpace objects, 1(20KB) LOS objects, 23% free, 50MB/66MB, paused 3.090ms total 67.568ms
08-05 19:54:16.767 30457 31586 I art     : Starting a blocking GC Explicit
08-05 19:54:16.825 30457 31586 I art     : Explicit concurrent mark sweep GC freed 23(752B) AllocSpace objects, 0(0B) LOS objects, 23% free, 50MB/66MB, paused 2.669ms total 57.921ms
08-05 19:54:16.849 30457 31586 I art     : Starting a blocking GC Explicit
08-05 19:54:16.907 30457 31586 I art     : Explicit concurrent mark sweep GC freed 32(880B) AllocSpace objects, 0(0B) LOS objects, 23% free, 50MB/66MB, paused 2.458ms total 57.341ms
08-05 19:54:16.931 30457 31586 I art     : Starting a blocking GC Explicit
08-05 19:54:16.990 30457 31586 I art     : Explicit concurrent mark sweep GC freed 3(96B) AllocSpace objects, 0(0B) LOS objects, 23% free, 50MB/66MB, paused 2.975ms total 58.941ms
08-05 19:54:17.014 30457 31586 I art     : Starting a blocking GC Explicit
08-05 19:54:17.072 30457 31586 I art     : Explicit concurrent mark sweep GC freed 3(96B) AllocSpace objects, 0(0B) LOS objects, 23% free, 50MB/66MB, paused 2.421ms total 57.330ms
08-05 19:54:17.509 30457 31586 I art     : Starting a blocking GC Explicit
08-05 19:54:17.565 30457 31586 I art     : Explicit concurrent mark sweep GC freed 1423(83KB) AllocSpace objects, 1(20KB) LOS objects, 23% free, 50MB/66MB, paused 2.219ms total 55.511ms
08-05 19:54:17.584 30457 31586 I art     : Starting a blocking GC Explicit
08-05 19:54:17.640 30457 31586 I art     : Explicit concurrent mark sweep GC freed 29(976B) AllocSpace objects, 0(0B) LOS objects, 23% free, 50MB/66MB, paused 2.574ms total 55.273ms
08-05 19:54:17.660 30457 31586 I art     : Starting a blocking GC Explicit
08-05 19:54:17.715 30457 31586 I art     : Explicit concurrent mark sweep GC freed 3(96B) AllocSpace objects, 0(0B) LOS objects, 23% free, 50MB/66MB, paused 2.180ms total 55.076ms
08-05 19:54:17.735 30457 31586 I art     : Starting a blocking GC Explicit
08-05 19:54:17.755   518   646 I ThermalEngine: ACTION: GPU - Setting GPU[0] to 450000000
08-05 19:54:17.782 30457 31586 I art     : Explicit concurrent mark sweep GC freed 3(96B) AllocSpace objects, 0(0B) LOS objects, 23% free, 50MB/66MB, paused 1.557ms total 46.524ms
08-05 19:54:17.795 30457 31586 I art     : Starting a blocking GC Explicit
08-05 19:54:17.839 30457 31586 I art     : Explicit concurrent mark sweep GC freed 3(96B) AllocSpace objects, 0(0B) LOS objects, 23% free, 50MB/66MB, paused 1.614ms total 43.999ms
08-05 19:54:17.902 13866 13882 I PeriodicStatsRunner: PeriodicStatsRunner.call():175 call()
08-05 19:54:17.902 13866 13882 I PeriodicStatsRunner: PeriodicStatsRunner.call():179 No submit PeriodicStats since input started.
08-05 19:54:18.250 30457 30485 I art     : Starting a blocking GC Explicit
08-05 19:54:18.306 30457 30485 I art     : Explicit concurrent mark sweep GC freed 1412(82KB) AllocSpace objects, 1(20KB) LOS objects, 23% free, 50MB/66MB, paused 1.714ms total 55.192ms
08-05 19:54:18.322 30457 30485 I art     : Starting a blocking GC Explicit
08-05 19:54:18.370 30457 30485 I art     : Explicit concurrent mark sweep GC freed 23(752B) AllocSpace objects, 0(0B) LOS objects, 23% free, 50MB/66MB, paused 1.663ms total 47.919ms
08-05 19:54:18.383 30457 30485 I art     : Starting a blocking GC Explicit
08-05 19:54:18.431 30457 30485 I art     : Explicit concurrent mark sweep GC freed 3(96B) AllocSpace objects, 0(0B) LOS objects, 23% free, 50MB/66MB, paused 1.623ms total 47.093ms
08-05 19:54:18.444 30457 30485 I art     : Starting a blocking GC Explicit
08-05 19:54:18.493 30457 30485 I art     : Explicit concurrent mark sweep GC freed 3(96B) AllocSpace objects, 0(0B) LOS objects, 23% free, 50MB/66MB, paused 1.625ms total 48.043ms
08-05 19:54:18.506 30457 30485 I art     : Starting a blocking GC Explicit
08-05 19:54:18.555 30457 30485 I art     : Explicit concurrent mark sweep GC freed 3(96B) AllocSpace objects, 0(0B) LOS objects, 23% free, 50MB/66MB, paused 1.557ms total 48.775ms
08-05 19:54:18.937 30457 30471 I art     : Starting a blocking GC Explicit
08-05 19:54:18.994 30457 30471 I art     : Explicit concurrent mark sweep GC freed 1411(82KB) AllocSpace objects, 1(20KB) LOS objects, 23% free, 50MB/66MB, paused 1.704ms total 56.597ms
08-05 19:54:19.011 30457 30471 I art     : Starting a blocking GC Explicit
08-05 19:54:19.054 30457 30471 I art     : Explicit concurrent mark sweep GC freed 23(752B) AllocSpace objects, 0(0B) LOS objects, 23% free, 50MB/66MB, paused 1.425ms total 42.308ms
08-05 19:54:19.067 30457 30471 I art     : Starting a blocking GC Explicit
08-05 19:54:19.108 30457 30471 I art     : Explicit concurrent mark sweep GC freed 3(96B) AllocSpace objects, 0(0B) LOS objects, 23% free, 50MB/66MB, paused 1.643ms total 41.411ms
08-05 19:54:19.121 30457 30471 I art     : Starting a blocking GC Explicit
08-05 19:54:19.163 30457 30471 I art     : Explicit concurrent mark sweep GC freed 3(96B) AllocSpace objects, 0(0B) LOS objects, 23% free, 50MB/66MB, paused 1.681ms total 42.125ms
08-05 19:54:19.177 30457 30471 I art     : Starting a blocking GC Explicit
08-05 19:54:19.221 30457 30471 I art     : Explicit concurrent mark sweep GC freed 3(96B) AllocSpace objects, 0(0B) LOS objects, 23% free, 50MB/66MB, paused 1.627ms total 44.398ms
08-05 19:54:19.565 30457 30470 I art     : Starting a blocking GC Explicit
08-05 19:54:19.579  1232  1232 D AndroidRuntime: >>>>>> START com.android.internal.os.RuntimeInit uid 2000 <<<<<<
08-05 19:54:19.585  1232  1232 D AndroidRuntime: CheckJNI is OFF
08-05 19:54:19.619 30457 30470 I art     : Explicit concurrent mark sweep GC freed 1384(81KB) AllocSpace objects, 1(20KB) LOS objects, 23% free, 50MB/66MB, paused 1.934ms total 53.614ms
08-05 19:54:19.632 30457 30470 I art     : Starting a blocking GC Explicit
08-05 19:54:19.639  1232  1232 D ICU     : No timezone override file found: /data/misc/zoneinfo/current/icu/icu_tzdata.dat
08-05 19:54:19.676 30457 30470 I art     : Explicit concurrent mark sweep GC freed 23(752B) AllocSpace objects, 0(0B) LOS objects, 23% free, 50MB/66MB, paused 1.588ms total 43.831ms
08-05 19:54:19.689 30457 30470 I art     : Starting a blocking GC Explicit
08-05 19:54:19.689  1232  1232 I Radio-JNI: register_android_hardware_Radio DONE
08-05 19:54:19.719  1232  1232 D AndroidRuntime: Calling main entry com.android.commands.input.Input
08-05 19:54:19.722  1232  1232 I Input   : injectMotionEvent: MotionEvent { action=ACTION_DOWN, actionButton=0, id[0]=0, x[0]=526.0, y[0]=597.0, toolType[0]=TOOL_TYPE_UNKNOWN, buttonState=0, metaState=0, flags=0x0, edgeFlags=0x0, pointerCount=1, historySize=0, eventTime=820476134, downTime=820476134, deviceId=0, source=0x1002 }
08-05 19:54:19.727  1232  1232 I Input   : injectMotionEvent: MotionEvent { action=ACTION_UP, actionButton=0, id[0]=0, x[0]=526.0, y[0]=597.0, toolType[0]=TOOL_TYPE_UNKNOWN, buttonState=0, metaState=0, flags=0x0, edgeFlags=0x0, pointerCount=1, historySize=0, eventTime=820476134, downTime=820476134, deviceId=0, source=0x1002 }
08-05 19:54:19.732  1232  1232 D AndroidRuntime: Shutting down VM
08-05 19:54:19.732 30457 30470 I art     : Explicit concurrent mark sweep GC freed 13(416B) AllocSpace objects, 0(0B) LOS objects, 23% free, 50MB/66MB, paused 2.137ms total 43.140ms
08-05 19:54:19.746 30457 30470 I art     : Starting a blocking GC Explicit
08-05 19:54:19.789 30457 30470 I art     : Explicit concurrent mark sweep GC freed 15(528B) AllocSpace objects, 0(0B) LOS objects, 23% free, 50MB/66MB, paused 1.485ms total 42.490ms
08-05 19:54:19.797 30457 30457 D PodcastListFragment: Selected podcast: GpodnetPodcast [url=http://feeds.feedburner.com/linuxoutlaws, title=Linux Outlaws, description=Two pragmatic geeks talk about the latest news concerning Linux, free and open
08-05 19:54:19.797 30457 30457 D PodcastListFragment: technology or anything else they deem noteworthy which may include such absurd
08-05 19:54:19.797 30457 30457 D PodcastListFragment: things as hockey or bands you never heard of. This means there's many a joke
08-05 19:54:19.797 30457 30457 D PodcastListFragment: and derailed conversation along the way, so don't come here expecting only
08-05 19:54:19.797 30457 30457 D PodcastListFragment: Linux or software freedom talk  just sit back and relax, partner., subscribers=3321, logoUrl=http://sixgun.org/files/linuxoutlaws.jpg, website=http://sixgun.org, mygpoLink=http://gpodder.net/podcast/linux-outlaws-mp3]
08-05 19:54:19.799   512  2967 D audio_hw_primary: out_set_parameters: enter: usecase(1: low-latency-playback) kvpairs: routing=2
08-05 19:54:19.799   918  5132 I ActivityManager: START u0 {cmp=baseline.de.danoeh.antennapod.debug/baseline.de.danoeh.antennapod.activity.OnlineFeedViewActivity (has extras)} from uid 10695 on display 0
08-05 19:54:19.803 30457 30470 I art     : Starting a blocking GC Explicit
08-05 19:54:19.812   512  2967 D audio_hw_primary: select_devices: out_snd_device(2: speaker) in_snd_device(0: none)
08-05 19:54:19.812   512  2967 D msm8974_platform: platform_send_audio_calibration: sending audio calibration for snd_device(2) acdb_id(15)
08-05 19:54:19.812   512  2967 I soundtrigger: audio_extn_sound_trigger_update_device_status: device 0x2 of type 0 for Event 1
08-05 19:54:19.824   512  2967 D audio_hw_primary: enable_snd_device: snd_device(2: speaker)
08-05 19:54:19.826   512  2967 D audio_hw_primary: enable_audio_route: apply and update mixer path: low-latency-playback speaker
08-05 19:54:19.842 30457 30457 D UserPreferences: Using default data folder
08-05 19:54:19.845 30457 30457 D OnlineFeedViewActivity: Activity was started with url http://feeds.feedburner.com/linuxoutlaws
08-05 19:54:19.846 30457 30470 I art     : Explicit concurrent mark sweep GC freed 727(63KB) AllocSpace objects, 1(20KB) LOS objects, 23% free, 50MB/66MB, paused 1.843ms total 42.889ms
08-05 19:54:19.848 30457 30457 D OnlineFeedViewActivity: Starting feed download
08-05 19:54:19.851 30457 30478 D DBReader: Extracting Feedlist
08-05 19:54:19.853   918  5481 D WifiService: acquireWifiLockLocked: WifiLock{Downloader type=1 binder=android.os.BinderProxy@30d6847}
08-05 19:54:19.854 30457 30478 D AntennapodHttpClient: Creating new instance of HTTP client
08-05 19:54:19.907 13866 13866 I GoogleInputMethodServic: GoogleInputMethodService.onFinishInput():3138 
08-05 19:54:19.908 13866 13866 I GoogleInputMethodServic: GoogleInputMethodService.onStartInput():1808 
08-05 19:54:19.927   918   936 I ActivityManager: Displayed baseline.de.danoeh.antennapod.debug/baseline.de.danoeh.antennapod.activity.OnlineFeedViewActivity: +112ms
08-05 19:54:19.967 30457 30479 D OpenGLRenderer: endAllStagingAnimators on 0x7f7a3da400 (GridView) with handle 0x7f7e45dbc0
08-05 19:54:20.000 30457 30478 D MYTAG   : interceptor 3a http://feeds.feedburner.com/linuxoutlaws
08-05 19:54:20.001 30457 30478 I NAPPA_EXPERIMENTATION: MetricNetworkRequestExecutionTime: REQUEST_DURATION_SYSTEM='146',REQUEST_DURATION_OKHTTP='39',REQUEST_SYNCHRONOUS='TRUE',RESPONSE_CODE='200',RESPONSE_METHOD='GET',RESPONSE_LENGTH_OKHTTP='-1',RESPONSE_LENGTH_HEADER='-2',REQUEST_PROTOCOL='http/1.1',REQUEST_URL='http://feeds.feedburner.com/linuxoutlaws',
08-05 19:54:20.001 30457 30478 D HttpDownloader: Response code is 200
08-05 19:54:20.001 30457 30478 D UserPreferences: Using default data folder
08-05 19:54:20.003 30457 30478 D HttpDownloader: Getting size of download
08-05 19:54:20.003 30457 30478 D HttpDownloader: Size is -1
08-05 19:54:20.003 30457 30478 D UserPreferences: Using default data folder
08-05 19:54:20.004 30457 30478 D HttpDownloader: Free space is 20171591680
08-05 19:54:20.004 30457 30478 D HttpDownloader: Starting download
08-05 19:54:20.020 30457 30478 D HttpDownloader: Download was successful
08-05 19:54:20.021   918  3670 D WifiService: releaseWifiLockLocked: WifiLock{Downloader type=1 binder=android.os.BinderProxy@30d6847}
08-05 19:54:20.021 30457 30457 D OnlineFeedViewActivity: Parsing feed
08-05 19:54:20.024 30457  1263 D TypeGetter: Recognized type RSS 2.0
08-05 19:54:20.026 30457  1263 D SyndHandler: Recognized Content namespace
08-05 19:54:20.026 30457  1263 D SyndHandler: Recognized DublinCore namespace
08-05 19:54:20.026 30457  1263 D SyndHandler: Recognized Atom namespace
08-05 19:54:20.027 30457  1263 D SyndHandler: Recognized ITunes namespace
08-05 19:54:20.027 30457  1263 D SyndHandler: Recognized media namespace
08-05 19:54:20.067 30457  1263 D OnlineFeedViewActivity: Deleted feed source file. Result: true
08-05 19:54:20.068 30457 30457 D OnlineFeedViewActivity: Removing HTML from shownotes
08-05 19:54:20.088 30457 31358 D ApOkHttpUrlLoader: buildLoadData() called with: model = [http://sixgun.org/files/linuxoutlaws.jpg], width = [350], height = [350]
08-05 19:54:20.090 30457 31194 D DBReader: getImageAuthentication() called with: imageUrl = [http://sixgun.org/files/linuxoutlaws.jpg]
08-05 19:54:20.094 30457 31194 D ApOkHttpUrlLoader: no credentials for 'http://sixgun.org/files/linuxoutlaws.jpg'
08-05 19:54:20.128 30457 31194 D DBWriter: updateFeedDownloadURL(original: http://sixgun.org/files/linuxoutlaws.jpg, updated: https://fab.industries/sixgun/files/linuxoutlaws.jpg)
08-05 19:54:20.169 30457 30471 I art     : Starting a blocking GC Explicit
08-05 19:54:20.178   380   380 W SurfaceFlinger: couldn't log to binary event log: overflow.
08-05 19:54:20.217 30457 30471 I art     : Explicit concurrent mark sweep GC freed 14649(1234KB) AllocSpace objects, 15(828KB) LOS objects, 23% free, 51MB/67MB, paused 1.580ms total 47.170ms
08-05 19:54:20.229 30457 30471 I art     : Starting a blocking GC Explicit
08-05 19:54:20.269 30457 30471 I art     : Explicit concurrent mark sweep GC freed 1385(62KB) AllocSpace objects, 0(0B) LOS objects, 23% free, 51MB/67MB, paused 1.541ms total 39.971ms
08-05 19:54:20.276 30457 31194 D MYTAG   : interceptor 2a
08-05 19:54:20.276 30457 31194 I NAPPA_EXPERIMENTATION: MetricNetworkRequestExecutionTime: REQUEST_DURATION_SYSTEM='182',REQUEST_DURATION_OKHTTP='144',REQUEST_SYNCHRONOUS='TRUE',RESPONSE_CODE='404',RESPONSE_METHOD='GET',RESPONSE_LENGTH_OKHTTP='-1',RESPONSE_LENGTH_HEADER='1503',REQUEST_PROTOCOL='h2',REQUEST_URL='https://fab.industries/sixgun/files/linuxoutlaws.jpg',
08-05 19:54:20.279 30457 30457 W Glide   : Load failed for http://sixgun.org/files/linuxoutlaws.jpg with size [350x350]
08-05 19:54:20.279 30457 30457 W Glide   : class com.bumptech.glide.load.engine.GlideException: Failed to load resource
08-05 19:54:20.279 30457 30457 W Glide   : There was 1 cause:
08-05 19:54:20.279 30457 30457 W Glide   : com.bumptech.glide.load.HttpException()
08-05 19:54:20.279 30457 30457 W Glide   :  call GlideException#logRootCauses(String) for more detail
08-05 19:54:20.279 30457 30457 W Glide   :   Cause (1 of 1): class com.bumptech.glide.load.engine.GlideException: Fetching data failed, class java.io.InputStream, REMOTE
08-05 19:54:20.279 30457 30457 W Glide   : There was 1 cause:
08-05 19:54:20.279 30457 30457 W Glide   : com.bumptech.glide.load.HttpException()
08-05 19:54:20.279 30457 30457 W Glide   :  call GlideException#logRootCauses(String) for more detail
08-05 19:54:20.279 30457 30457 W Glide   :     Cause (1 of 1): class com.bumptech.glide.load.HttpException: 
08-05 19:54:20.279 30457 30457 I Glide   : Root cause (1 of 1)
08-05 19:54:20.279 30457 30457 I Glide   : com.bumptech.glide.load.HttpException: 
08-05 19:54:20.279 30457 30457 I Glide   : 	at com.bumptech.glide.integration.okhttp3.OkHttpStreamFetcher.onResponse(OkHttpStreamFetcher.java:73)
08-05 19:54:20.279 30457 30457 I Glide   : 	at okhttp3.RealCall$AsyncCall.execute(RealCall.java:174)
08-05 19:54:20.279 30457 30457 I Glide   : 	at okhttp3.internal.NamedRunnable.run(NamedRunnable.java:32)
08-05 19:54:20.279 30457 30457 I Glide   : 	at java.util.concurrent.ThreadPoolExecutor.runWorker(ThreadPoolExecutor.java:1113)
08-05 19:54:20.279 30457 30457 I Glide   : 	at java.util.concurrent.ThreadPoolExecutor$Worker.run(ThreadPoolExecutor.java:588)
08-05 19:54:20.279 30457 30457 I Glide   : 	at java.lang.Thread.run(Thread.java:818)
08-05 19:54:20.282 30457 30471 I art     : Starting a blocking GC Explicit
08-05 19:54:20.302 30457 30457 D PlaybackController: Releasing PlaybackController
08-05 19:54:20.324 30457 30471 I art     : Explicit concurrent mark sweep GC freed 695(60KB) AllocSpace objects, 0(0B) LOS objects, 23% free, 51MB/67MB, paused 1.587ms total 41.505ms
08-05 19:54:20.339 30457 30471 I art     : Starting a blocking GC Explicit
08-05 19:54:20.368   512  2967 D audio_hw_primary: disable_audio_route: reset and update mixer path: low-latency-playback speaker
08-05 19:54:20.369   512  2967 D audio_hw_primary: disable_snd_device: snd_device(2: speaker)
08-05 19:54:20.376   512  2967 I soundtrigger: audio_extn_sound_trigger_update_device_status: device 0x2 of type 0 for Event 0
08-05 19:54:20.381 30457 30471 I art     : Explicit concurrent mark sweep GC freed 61(3KB) AllocSpace objects, 1(112KB) LOS objects, 23% free, 51MB/67MB, paused 1.487ms total 41.974ms
08-05 19:54:20.394 30457 30471 I art     : Starting a blocking GC Explicit
08-05 19:54:20.438 30457 30471 I art     : Explicit concurrent mark sweep GC freed 27(896B) AllocSpace objects, 0(0B) LOS objects, 23% free, 51MB/67MB, paused 1.666ms total 44.090ms
08-05 19:54:20.809 30457 30470 I art     : Starting a blocking GC Explicit
08-05 19:54:20.864 30457 30470 I art     : Explicit concurrent mark sweep GC freed 1381(81KB) AllocSpace objects, 1(20KB) LOS objects, 23% free, 51MB/67MB, paused 1.547ms total 54.010ms
08-05 19:54:20.877 30457 30470 I art     : Starting a blocking GC Explicit
08-05 19:54:20.924 30457 30470 I art     : Explicit concurrent mark sweep GC freed 52(1536B) AllocSpace objects, 0(0B) LOS objects, 23% free, 51MB/67MB, paused 1.588ms total 46.225ms
08-05 19:54:20.937 30457 30470 I art     : Starting a blocking GC Explicit
08-05 19:54:20.983 30457 30470 I art     : Explicit concurrent mark sweep GC freed 3(96B) AllocSpace objects, 0(0B) LOS objects, 23% free, 51MB/67MB, paused 1.577ms total 45.173ms
08-05 19:54:20.996 30457 30470 I art     : Starting a blocking GC Explicit
08-05 19:54:21.042 30457 30470 I art     : Explicit concurrent mark sweep GC freed 3(96B) AllocSpace objects, 0(0B) LOS objects, 23% free, 51MB/67MB, paused 1.578ms total 45.804ms
08-05 19:54:21.056 30457 30470 I art     : Starting a blocking GC Explicit
08-05 19:54:21.102 30457 30470 I art     : Explicit concurrent mark sweep GC freed 3(96B) AllocSpace objects, 0(0B) LOS objects, 23% free, 51MB/67MB, paused 1.603ms total 45.265ms
08-05 19:54:21.472 30457 30485 I art     : Starting a blocking GC Explicit
08-05 19:54:21.533 30457 30485 I art     : Explicit concurrent mark sweep GC freed 1381(81KB) AllocSpace objects, 1(20KB) LOS objects, 23% free, 51MB/67MB, paused 1.668ms total 60.200ms
08-05 19:54:21.548 30457 30485 I art     : Starting a blocking GC Explicit
08-05 19:54:21.598 30457 30485 I art     : Explicit concurrent mark sweep GC freed 23(752B) AllocSpace objects, 0(0B) LOS objects, 23% free, 51MB/67MB, paused 1.719ms total 49.911ms
08-05 19:54:21.612 30457 30485 I art     : Starting a blocking GC Explicit
08-05 19:54:21.662 30457 30485 I art     : Explicit concurrent mark sweep GC freed 3(96B) AllocSpace objects, 0(0B) LOS objects, 23% free, 51MB/67MB, paused 1.532ms total 49.037ms
08-05 19:54:21.675 30457 30485 I art     : Starting a blocking GC Explicit
08-05 19:54:21.726 30457 30485 I art     : Explicit concurrent mark sweep GC freed 8(256B) AllocSpace objects, 0(0B) LOS objects, 23% free, 51MB/67MB, paused 1.688ms total 50.426ms
08-05 19:54:21.740 30457 30485 I art     : Starting a blocking GC Explicit
08-05 19:54:21.787 30457 30485 I art     : Explicit concurrent mark sweep GC freed 9(288B) AllocSpace objects, 0(0B) LOS objects, 23% free, 51MB/67MB, paused 1.595ms total 46.050ms
08-05 19:54:22.185 30457 30485 I art     : Starting a blocking GC Explicit
08-05 19:54:22.250 30457 30485 I art     : Explicit concurrent mark sweep GC freed 1429(82KB) AllocSpace objects, 1(20KB) LOS objects, 23% free, 51MB/67MB, paused 2.042ms total 64.438ms
08-05 19:54:22.266 30457 30485 I art     : Starting a blocking GC Explicit
08-05 19:54:22.315 30457 30485 I art     : Explicit concurrent mark sweep GC freed 23(752B) AllocSpace objects, 0(0B) LOS objects, 23% free, 51MB/67MB, paused 1.653ms total 48.079ms
08-05 19:54:22.329 30457 30485 I art     : Starting a blocking GC Explicit
08-05 19:54:22.379 30457 30485 I art     : Explicit concurrent mark sweep GC freed 3(96B) AllocSpace objects, 0(0B) LOS objects, 23% free, 51MB/67MB, paused 1.711ms total 49.990ms
08-05 19:54:22.393 30457 30485 I art     : Starting a blocking GC Explicit
08-05 19:54:22.440 30457 30485 I art     : Explicit concurrent mark sweep GC freed 3(96B) AllocSpace objects, 0(0B) LOS objects, 23% free, 51MB/67MB, paused 1.570ms total 46.933ms
08-05 19:54:22.454 30457 30485 I art     : Starting a blocking GC Explicit
08-05 19:54:22.499 30457 30485 I art     : Explicit concurrent mark sweep GC freed 3(96B) AllocSpace objects, 0(0B) LOS objects, 23% free, 51MB/67MB, paused 1.502ms total 45.298ms
08-05 19:54:22.831 30457 30470 I art     : Starting a blocking GC Explicit
08-05 19:54:22.873 30457 30470 I art     : Explicit concurrent mark sweep GC freed 1381(81KB) AllocSpace objects, 1(20KB) LOS objects, 23% free, 51MB/67MB, paused 1.578ms total 41.722ms
08-05 19:54:22.886 30457 30470 I art     : Starting a blocking GC Explicit
08-05 19:54:22.929 30457 30470 I art     : Explicit concurrent mark sweep GC freed 66(1984B) AllocSpace objects, 0(0B) LOS objects, 23% free, 51MB/67MB, paused 1.599ms total 43.217ms
08-05 19:54:22.942 30457 30470 I art     : Starting a blocking GC Explicit
08-05 19:54:22.987 30457 30470 I art     : Explicit concurrent mark sweep GC freed 3(96B) AllocSpace objects, 0(0B) LOS objects, 23% free, 51MB/67MB, paused 1.617ms total 45.099ms
08-05 19:54:23.000 30457 30470 I art     : Starting a blocking GC Explicit
08-05 19:54:23.044 30457 30470 I art     : Explicit concurrent mark sweep GC freed 3(96B) AllocSpace objects, 0(0B) LOS objects, 23% free, 51MB/67MB, paused 1.510ms total 43.224ms
08-05 19:54:23.057 30457 30470 I art     : Starting a blocking GC Explicit
08-05 19:54:23.103 30457 30470 I art     : Explicit concurrent mark sweep GC freed 3(96B) AllocSpace objects, 0(0B) LOS objects, 23% free, 51MB/67MB, paused 1.577ms total 45.672ms
08-05 19:54:23.481 30457 30485 I art     : Starting a blocking GC Explicit
08-05 19:54:23.546 30457 30485 I art     : Explicit concurrent mark sweep GC freed 1382(83KB) AllocSpace objects, 1(20KB) LOS objects, 23% free, 51MB/67MB, paused 1.780ms total 63.783ms
08-05 19:54:23.562 30457 30485 I art     : Starting a blocking GC Explicit
08-05 19:54:23.613 30457 30485 I art     : Explicit concurrent mark sweep GC freed 23(752B) AllocSpace objects, 0(0B) LOS objects, 23% free, 51MB/67MB, paused 1.621ms total 50.700ms
08-05 19:54:23.630 30457 30485 I art     : Starting a blocking GC Explicit
08-05 19:54:23.681 30457 30485 I art     : Explicit concurrent mark sweep GC freed 3(96B) AllocSpace objects, 0(0B) LOS objects, 23% free, 51MB/67MB, paused 1.584ms total 50.190ms
08-05 19:54:23.695 30457 30485 I art     : Starting a blocking GC Explicit
08-05 19:54:23.745 30457 30485 I art     : Explicit concurrent mark sweep GC freed 3(96B) AllocSpace objects, 0(0B) LOS objects, 23% free, 51MB/67MB, paused 1.646ms total 49.861ms
08-05 19:54:23.759 30457 30485 I art     : Starting a blocking GC Explicit
08-05 19:54:23.807 30457 30485 I art     : Explicit concurrent mark sweep GC freed 3(96B) AllocSpace objects, 0(0B) LOS objects, 23% free, 51MB/67MB, paused 1.659ms total 48.013ms
08-05 19:54:24.164 30457 31586 I art     : Starting a blocking GC Explicit
08-05 19:54:24.222 30457 31586 I art     : Explicit concurrent mark sweep GC freed 1411(82KB) AllocSpace objects, 1(20KB) LOS objects, 23% free, 51MB/67MB, paused 1.851ms total 56.880ms
08-05 19:54:24.238 30457 31586 I art     : Starting a blocking GC Explicit
08-05 19:54:24.284 30457 31586 I art     : Explicit concurrent mark sweep GC freed 23(752B) AllocSpace objects, 0(0B) LOS objects, 23% free, 51MB/67MB, paused 1.668ms total 46.370ms
08-05 19:54:24.298 30457 31586 I art     : Starting a blocking GC Explicit
08-05 19:54:24.344 30457 31586 I art     : Explicit concurrent mark sweep GC freed 3(96B) AllocSpace objects, 0(0B) LOS objects, 23% free, 51MB/67MB, paused 1.658ms total 46.202ms
08-05 19:54:24.358 30457 31586 I art     : Starting a blocking GC Explicit
08-05 19:54:24.404 30457 31586 I art     : Explicit concurrent mark sweep GC freed 3(96B) AllocSpace objects, 0(0B) LOS objects, 23% free, 51MB/67MB, paused 1.674ms total 46.319ms
08-05 19:54:24.418 30457 31586 I art     : Starting a blocking GC Explicit
08-05 19:54:24.465 30457 31586 I art     : Explicit concurrent mark sweep GC freed 3(96B) AllocSpace objects, 0(0B) LOS objects, 23% free, 51MB/67MB, paused 1.683ms total 47.131ms
08-05 19:54:24.545  1321  1321 D AndroidRuntime: >>>>>> START com.android.internal.os.RuntimeInit uid 2000 <<<<<<
08-05 19:54:24.552  1321  1321 D AndroidRuntime: CheckJNI is OFF
08-05 19:54:24.601  1321  1321 D ICU     : No timezone override file found: /data/misc/zoneinfo/current/icu/icu_tzdata.dat
08-05 19:54:24.648  1321  1321 I Radio-JNI: register_android_hardware_Radio DONE
08-05 19:54:24.676  1321  1321 D AndroidRuntime: Calling main entry com.android.commands.input.Input
08-05 19:54:24.678  1321  1321 I Input   : injectKeyEvent: KeyEvent { action=ACTION_DOWN, keyCode=KEYCODE_BACK, scanCode=0, metaState=0, flags=0x0, repeatCount=0, eventTime=820481090, downTime=820481090, deviceId=-1, source=0x101 }
08-05 19:54:24.685  1321  1321 I Input   : injectKeyEvent: KeyEvent { action=ACTION_UP, keyCode=KEYCODE_BACK, scanCode=0, metaState=0, flags=0x0, repeatCount=0, eventTime=820481090, downTime=820481090, deviceId=-1, source=0x101 }
08-05 19:54:24.692  1321  1321 D AndroidRuntime: Shutting down VM
08-05 19:54:24.697 30457 30457 V PlaybackController: initServiceNotRunning()
08-05 19:54:24.698 30457 30457 D ExternalPlayerFragment: Loading media info
08-05 19:54:24.701 30457 31358 D ApOkHttpUrlLoader: buildLoadData() called with: model = [http://sixgun.org/files/linuxoutlaws.jpg], width = [224], height = [224]
08-05 19:54:24.702 30457 31194 D DBReader: getImageAuthentication() called with: imageUrl = [http://sixgun.org/files/linuxoutlaws.jpg]
08-05 19:54:24.705 30457 30457 D UserPreferences: Using default data folder
08-05 19:54:24.705 30457 31194 D ApOkHttpUrlLoader: no credentials for 'http://sixgun.org/files/linuxoutlaws.jpg'
08-05 19:54:24.705 30457 30478 D DBReader: getNavDrawerData() called with: 
08-05 19:54:24.721 30457 30478 D DBReader: getDownloadedItems() called
08-05 19:54:24.723 30457 30478 D DBReader: getFavoriteIDList() called
08-05 19:54:24.724 30457 30478 D DBReader: getQueueIDList() called
08-05 19:54:24.725 30457 30478 D DBReader: Extracting Feedlist
08-05 19:54:24.737 13866 13866 I GoogleInputMethodServic: GoogleInputMethodService.onFinishInput():3138 
08-05 19:54:24.738 13866 13866 I GoogleInputMethodServic: GoogleInputMethodService.onStartInput():1808 
08-05 19:54:24.755 30457 30457 D MainActivity: getLastNavFragment() -> AddFeedFragment
08-05 19:54:24.813 30457 31194 D DBWriter: updateFeedDownloadURL(original: http://sixgun.org/files/linuxoutlaws.jpg, updated: https://fab.industries/sixgun/files/linuxoutlaws.jpg)
08-05 19:54:24.842 30457 30470 I art     : Starting a blocking GC Explicit
08-05 19:54:24.893 30457 30470 I art     : Explicit concurrent mark sweep GC freed 3134(186KB) AllocSpace objects, 1(20KB) LOS objects, 23% free, 51MB/67MB, paused 2.261ms total 50.869ms
08-05 19:54:24.908 30457 30470 I art     : Starting a blocking GC Explicit
08-05 19:54:24.908 13866 13882 I PeriodicStatsRunner: PeriodicStatsRunner.call():175 call()
08-05 19:54:24.909 13866 13882 I PeriodicStatsRunner: PeriodicStatsRunner.call():179 No submit PeriodicStats since input started.
08-05 19:54:24.962 30457 31194 D MYTAG   : interceptor 2a
08-05 19:54:24.962 30457 31194 I NAPPA_EXPERIMENTATION: MetricNetworkRequestExecutionTime: REQUEST_DURATION_SYSTEM='257',REQUEST_DURATION_OKHTTP='147',REQUEST_SYNCHRONOUS='TRUE',RESPONSE_CODE='404',RESPONSE_METHOD='GET',RESPONSE_LENGTH_OKHTTP='-1',RESPONSE_LENGTH_HEADER='1503',REQUEST_PROTOCOL='h2',REQUEST_URL='https://fab.industries/sixgun/files/linuxoutlaws.jpg',
08-05 19:54:24.962 30457 30470 I art     : Explicit concurrent mark sweep GC freed 506(27KB) AllocSpace objects, 0(0B) LOS objects, 23% free, 51MB/67MB, paused 1.903ms total 54.279ms
08-05 19:54:24.963 30457 30457 W Glide   : Load failed for http://sixgun.org/files/linuxoutlaws.jpg with size [224x224]
08-05 19:54:24.963 30457 30457 W Glide   : class com.bumptech.glide.load.engine.GlideException: Failed to load resource
08-05 19:54:24.963 30457 30457 W Glide   : There was 1 cause:
08-05 19:54:24.963 30457 30457 W Glide   : com.bumptech.glide.load.HttpException()
08-05 19:54:24.963 30457 30457 W Glide   :  call GlideException#logRootCauses(String) for more detail
08-05 19:54:24.963 30457 30457 W Glide   :   Cause (1 of 1): class com.bumptech.glide.load.engine.GlideException: Fetching data failed, class java.io.InputStream, REMOTE
08-05 19:54:24.963 30457 30457 W Glide   : There was 1 cause:
08-05 19:54:24.963 30457 30457 W Glide   : com.bumptech.glide.load.HttpException()
08-05 19:54:24.963 30457 30457 W Glide   :  call GlideException#logRootCauses(String) for more detail
08-05 19:54:24.963 30457 30457 W Glide   :     Cause (1 of 1): class com.bumptech.glide.load.HttpException: 
08-05 19:54:24.964 30457 30457 I Glide   : Root cause (1 of 1)
08-05 19:54:24.964 30457 30457 I Glide   : com.bumptech.glide.load.HttpException: 
08-05 19:54:24.964 30457 30457 I Glide   : 	at com.bumptech.glide.integration.okhttp3.OkHttpStreamFetcher.onResponse(OkHttpStreamFetcher.java:73)
08-05 19:54:24.964 30457 30457 I Glide   : 	at okhttp3.RealCall$AsyncCall.execute(RealCall.java:174)
08-05 19:54:24.964 30457 30457 I Glide   : 	at okhttp3.internal.NamedRunnable.run(NamedRunnable.java:32)
08-05 19:54:24.964 30457 30457 I Glide   : 	at java.util.concurrent.ThreadPoolExecutor.runWorker(ThreadPoolExecutor.java:1113)
08-05 19:54:24.964 30457 30457 I Glide   : 	at java.util.concurrent.ThreadPoolExecutor$Worker.run(ThreadPoolExecutor.java:588)
08-05 19:54:24.964 30457 30457 I Glide   : 	at java.lang.Thread.run(Thread.java:818)
08-05 19:54:24.964 30457 30457 W Glide   : Load failed for http://sixgun.org/files/linuxoutlaws.jpg with size [224x224]
08-05 19:54:24.964 30457 30457 W Glide   : class com.bumptech.glide.load.engine.GlideException: Failed to load resource
08-05 19:54:24.964 30457 30457 W Glide   : There was 1 cause:
08-05 19:54:24.964 30457 30457 W Glide   : com.bumptech.glide.load.HttpException()
08-05 19:54:24.964 30457 30457 W Glide   :  call GlideException#logRootCauses(String) for more detail
08-05 19:54:24.964 30457 30457 W Glide   :   Cause (1 of 1): class com.bumptech.glide.load.engine.GlideException: Fetching data failed, class java.io.InputStream, REMOTE
08-05 19:54:24.964 30457 30457 W Glide   : There was 1 cause:
08-05 19:54:24.964 30457 30457 W Glide   : com.bumptech.glide.load.HttpException()
08-05 19:54:24.964 30457 30457 W Glide   :  call GlideException#logRootCauses(String) for more detail
08-05 19:54:24.964 30457 30457 W Glide   :     Cause (1 of 1): class com.bumptech.glide.load.HttpException: 
08-05 19:54:24.964 30457 30457 I Glide   : Root cause (1 of 1)
08-05 19:54:24.964 30457 30457 I Glide   : com.bumptech.glide.load.HttpException: 
08-05 19:54:24.964 30457 30457 I Glide   : 	at com.bumptech.glide.integration.okhttp3.OkHttpStreamFetcher.onResponse(OkHttpStreamFetcher.java:73)
08-05 19:54:24.964 30457 30457 I Glide   : 	at okhttp3.RealCall$AsyncCall.execute(RealCall.java:174)
08-05 19:54:24.964 30457 30457 I Glide   : 	at okhttp3.internal.NamedRunnable.run(NamedRunnable.java:32)
08-05 19:54:24.964 30457 30457 I Glide   : 	at java.util.concurrent.ThreadPoolExecutor.runWorker(ThreadPoolExecutor.java:1113)
08-05 19:54:24.964 30457 30457 I Glide   : 	at java.util.concurrent.ThreadPoolExecutor$Worker.run(ThreadPoolExecutor.java:588)
08-05 19:54:24.964 30457 30457 I Glide   : 	at java.lang.Thread.run(Thread.java:818)
08-05 19:54:24.978 30457 30470 I art     : Starting a blocking GC Explicit
08-05 19:54:25.028 30457 30470 I art     : Explicit concurrent mark sweep GC freed 538(73KB) AllocSpace objects, 0(0B) LOS objects, 23% free, 51MB/67MB, paused 1.540ms total 49.226ms
08-05 19:54:25.033   380   380 W SurfaceFlinger: couldn't log to binary event log: overflow.
08-05 19:54:25.043 30457 30470 I art     : Starting a blocking GC Explicit
08-05 19:54:25.087 30457 30470 I art     : Explicit concurrent mark sweep GC freed 607(25KB) AllocSpace objects, 0(0B) LOS objects, 23% free, 51MB/67MB, paused 1.555ms total 43.320ms
08-05 19:54:25.099 30457 30470 I art     : Starting a blocking GC Explicit
08-05 19:54:25.141 30457 30470 I art     : Explicit concurrent mark sweep GC freed 2856(235KB) AllocSpace objects, 1(28KB) LOS objects, 23% free, 50MB/66MB, paused 1.568ms total 41.567ms
08-05 19:54:25.327 27644 27644 I ServiceManager: Waiting for service AtCmdFwd...
08-05 19:54:25.507 30457 30471 I art     : Starting a blocking GC Explicit
08-05 19:54:25.567 30457 30471 I art     : Explicit concurrent mark sweep GC freed 1382(83KB) AllocSpace objects, 1(20KB) LOS objects, 23% free, 50MB/66MB, paused 1.820ms total 59.687ms
08-05 19:54:25.583 30457 30471 I art     : Starting a blocking GC Explicit
08-05 19:54:25.626 30457 30471 I art     : Explicit concurrent mark sweep GC freed 23(752B) AllocSpace objects, 0(0B) LOS objects, 23% free, 50MB/66MB, paused 1.600ms total 43.444ms
08-05 19:54:25.640 30457 30471 I art     : Starting a blocking GC Explicit
08-05 19:54:25.684 30457 30471 I art     : Explicit concurrent mark sweep GC freed 3(96B) AllocSpace objects, 0(0B) LOS objects, 23% free, 50MB/66MB, paused 1.533ms total 44.165ms
08-05 19:54:25.697 30457 30471 I art     : Starting a blocking GC Explicit
08-05 19:54:25.741 30457 30471 I art     : Explicit concurrent mark sweep GC freed 3(96B) AllocSpace objects, 0(0B) LOS objects, 23% free, 50MB/66MB, paused 1.571ms total 43.485ms
08-05 19:54:25.754 30457 30471 I art     : Starting a blocking GC Explicit
08-05 19:54:25.799 30457 30471 I art     : Explicit concurrent mark sweep GC freed 3(96B) AllocSpace objects, 0(0B) LOS objects, 23% free, 50MB/66MB, paused 1.699ms total 44.348ms
08-05 19:54:26.150 30457 30485 I art     : Starting a blocking GC Explicit
08-05 19:54:26.202 30457 30485 I art     : Explicit concurrent mark sweep GC freed 1412(82KB) AllocSpace objects, 1(20KB) LOS objects, 23% free, 50MB/66MB, paused 1.831ms total 51.548ms
08-05 19:54:26.217 30457 30485 I art     : Starting a blocking GC Explicit
08-05 19:54:26.260 30457 30485 I art     : Explicit concurrent mark sweep GC freed 23(752B) AllocSpace objects, 0(0B) LOS objects, 23% free, 50MB/66MB, paused 1.654ms total 42.573ms
08-05 19:54:26.273 30457 30485 I art     : Starting a blocking GC Explicit
08-05 19:54:26.316 30457 30485 I art     : Explicit concurrent mark sweep GC freed 3(96B) AllocSpace objects, 0(0B) LOS objects, 23% free, 50MB/66MB, paused 1.785ms total 43.067ms
08-05 19:54:26.328 27644 27644 I ServiceManager: Waiting for service AtCmdFwd...
08-05 19:54:26.330 30457 30485 I art     : Starting a blocking GC Explicit
08-05 19:54:26.370 30457 30485 I art     : Explicit concurrent mark sweep GC freed 17(544B) AllocSpace objects, 0(0B) LOS objects, 23% free, 50MB/66MB, paused 1.483ms total 40.500ms
08-05 19:54:26.383 30457 30485 I art     : Starting a blocking GC Explicit
08-05 19:54:26.422 30457 30485 I art     : Explicit concurrent mark sweep GC freed 13(416B) AllocSpace objects, 0(0B) LOS objects, 23% free, 50MB/66MB, paused 1.618ms total 39.097ms
08-05 19:54:26.505  1365  1365 D AndroidRuntime: >>>>>> START com.android.internal.os.RuntimeInit uid 2000 <<<<<<
08-05 19:54:26.511  1365  1365 D AndroidRuntime: CheckJNI is OFF
08-05 19:54:26.554  1365  1365 D ICU     : No timezone override file found: /data/misc/zoneinfo/current/icu/icu_tzdata.dat
08-05 19:54:26.598  1365  1365 I Radio-JNI: register_android_hardware_Radio DONE
08-05 19:54:26.625  1365  1365 D AndroidRuntime: Calling main entry com.android.commands.input.Input
08-05 19:54:26.628  1365  1365 I Input   : injectMotionEvent: MotionEvent { action=ACTION_DOWN, actionButton=0, id[0]=0, x[0]=526.0, y[0]=597.0, toolType[0]=TOOL_TYPE_UNKNOWN, buttonState=0, metaState=0, flags=0x0, edgeFlags=0x0, pointerCount=1, historySize=0, eventTime=820483040, downTime=820483040, deviceId=0, source=0x1002 }
08-05 19:54:26.633  1365  1365 I Input   : injectMotionEvent: MotionEvent { action=ACTION_UP, actionButton=0, id[0]=0, x[0]=526.0, y[0]=597.0, toolType[0]=TOOL_TYPE_UNKNOWN, buttonState=0, metaState=0, flags=0x0, edgeFlags=0x0, pointerCount=1, historySize=0, eventTime=820483040, downTime=820483040, deviceId=0, source=0x1002 }
08-05 19:54:26.636  1365  1365 D AndroidRuntime: Shutting down VM
08-05 19:54:26.700 30457 30457 D PodcastListFragment: Selected podcast: GpodnetPodcast [url=http://feeds.feedburner.com/linuxoutlaws, title=Linux Outlaws, description=Two pragmatic geeks talk about the latest news concerning Linux, free and open
08-05 19:54:26.700 30457 30457 D PodcastListFragment: technology or anything else they deem noteworthy which may include such absurd
08-05 19:54:26.700 30457 30457 D PodcastListFragment: things as hockey or bands you never heard of. This means there's many a joke
08-05 19:54:26.700 30457 30457 D PodcastListFragment: and derailed conversation along the way, so don't come here expecting only
08-05 19:54:26.700 30457 30457 D PodcastListFragment: Linux or software freedom talk  just sit back and relax, partner., subscribers=3321, logoUrl=http://sixgun.org/files/linuxoutlaws.jpg, website=http://sixgun.org, mygpoLink=http://gpodder.net/podcast/linux-outlaws-mp3]
08-05 19:54:26.701   918  4400 I ActivityManager: START u0 {cmp=baseline.de.danoeh.antennapod.debug/baseline.de.danoeh.antennapod.activity.OnlineFeedViewActivity (has extras)} from uid 10695 on display 0
08-05 19:54:26.703   512  2967 D audio_hw_primary: out_set_parameters: enter: usecase(1: low-latency-playback) kvpairs: routing=2
08-05 19:54:26.716   512  2967 D audio_hw_primary: select_devices: out_snd_device(2: speaker) in_snd_device(0: none)
08-05 19:54:26.716   512  2967 D msm8974_platform: platform_send_audio_calibration: sending audio calibration for snd_device(2) acdb_id(15)
08-05 19:54:26.716   512  2967 I soundtrigger: audio_extn_sound_trigger_update_device_status: device 0x2 of type 0 for Event 1
08-05 19:54:26.729   512  2967 D audio_hw_primary: enable_snd_device: snd_device(2: speaker)
08-05 19:54:26.731   512  2967 D audio_hw_primary: enable_audio_route: apply and update mixer path: low-latency-playback speaker
08-05 19:54:26.736 30457 30457 D UserPreferences: Using default data folder
08-05 19:54:26.736 30457 30457 D OnlineFeedViewActivity: Activity was started with url http://feeds.feedburner.com/linuxoutlaws
08-05 19:54:26.740 30457 30457 D OnlineFeedViewActivity: Starting feed download
08-05 19:54:26.743 30457 30986 D DBReader: Extracting Feedlist
08-05 19:54:26.746   918  5481 D WifiService: acquireWifiLockLocked: WifiLock{Downloader type=1 binder=android.os.BinderProxy@b11263c}
08-05 19:54:26.747 30457 30986 D AntennapodHttpClient: Creating new instance of HTTP client
08-05 19:54:26.788 30457 30471 I art     : Starting a blocking GC Explicit
08-05 19:54:26.797 13866 13866 I GoogleInputMethodServic: GoogleInputMethodService.onFinishInput():3138 
08-05 19:54:26.798 13866 13866 I GoogleInputMethodServic: GoogleInputMethodService.onStartInput():1808 
08-05 19:54:26.818   918   936 I ActivityManager: Displayed baseline.de.danoeh.antennapod.debug/baseline.de.danoeh.antennapod.activity.OnlineFeedViewActivity: +107ms
08-05 19:54:26.832 30457 30471 I art     : Explicit concurrent mark sweep GC freed 2846(185KB) AllocSpace objects, 1(20KB) LOS objects, 23% free, 51MB/67MB, paused 1.750ms total 43.647ms
08-05 19:54:26.845 30457 30471 I art     : Starting a blocking GC Explicit
08-05 19:54:26.856 30457 30479 D OpenGLRenderer: endAllStagingAnimators on 0x7f7a3da400 (GridView) with handle 0x7f73891320
08-05 19:54:26.863 30457 30986 D MYTAG   : interceptor 3a http://feeds.feedburner.com/linuxoutlaws
08-05 19:54:26.863 30457 30986 I NAPPA_EXPERIMENTATION: MetricNetworkRequestExecutionTime: REQUEST_DURATION_SYSTEM='115',REQUEST_DURATION_OKHTTP='41',REQUEST_SYNCHRONOUS='TRUE',RESPONSE_CODE='200',RESPONSE_METHOD='GET',RESPONSE_LENGTH_OKHTTP='-1',RESPONSE_LENGTH_HEADER='-2',REQUEST_PROTOCOL='http/1.1',REQUEST_URL='http://feeds.feedburner.com/linuxoutlaws',
08-05 19:54:26.864 30457 30986 D HttpDownloader: Response code is 200
08-05 19:54:26.864 30457 30986 D UserPreferences: Using default data folder
08-05 19:54:26.865 30457 30986 D HttpDownloader: Getting size of download
08-05 19:54:26.866 30457 30986 D HttpDownloader: Size is -1
08-05 19:54:26.866 30457 30986 D UserPreferences: Using default data folder
08-05 19:54:26.866 30457 30986 D HttpDownloader: Free space is 20171591680
08-05 19:54:26.866 30457 30986 D HttpDownloader: Starting download
08-05 19:54:26.873 30457 30986 D HttpDownloader: Download was successful
08-05 19:54:26.874   918  3961 D WifiService: releaseWifiLockLocked: WifiLock{Downloader type=1 binder=android.os.BinderProxy@b11263c}
08-05 19:54:26.874 30457 30457 D OnlineFeedViewActivity: Parsing feed
08-05 19:54:26.877 30457  1399 D TypeGetter: Recognized type RSS 2.0
08-05 19:54:26.880 30457  1399 D SyndHandler: Recognized Content namespace
08-05 19:54:26.880 30457  1399 D SyndHandler: Recognized DublinCore namespace
08-05 19:54:26.880 30457  1399 D SyndHandler: Recognized Atom namespace
08-05 19:54:26.880 30457  1399 D SyndHandler: Recognized ITunes namespace
08-05 19:54:26.880 30457  1399 D SyndHandler: Recognized media namespace
08-05 19:54:26.886 30457 30471 I art     : Explicit concurrent mark sweep GC freed 934(190KB) AllocSpace objects, 3(60KB) LOS objects, 23% free, 51MB/67MB, paused 1.750ms total 41.555ms
08-05 19:54:26.899 30457 30471 I art     : Starting a blocking GC Explicit
08-05 19:54:26.927 30457  1399 D OnlineFeedViewActivity: Deleted feed source file. Result: true
08-05 19:54:26.927 30457 30457 D OnlineFeedViewActivity: Removing HTML from shownotes
08-05 19:54:26.943 30457 30471 I art     : Explicit concurrent mark sweep GC freed 3789(494KB) AllocSpace objects, 11(748KB) LOS objects, 23% free, 51MB/67MB, paused 2.219ms total 44.128ms
08-05 19:54:26.953 30457 31358 D ApOkHttpUrlLoader: buildLoadData() called with: model = [http://sixgun.org/files/linuxoutlaws.jpg], width = [350], height = [350]
08-05 19:54:26.955 30457 31194 D DBReader: getImageAuthentication() called with: imageUrl = [http://sixgun.org/files/linuxoutlaws.jpg]
08-05 19:54:26.956 30457 30471 I art     : Starting a blocking GC Explicit
08-05 19:54:26.959 30457 31194 D ApOkHttpUrlLoader: no credentials for 'http://sixgun.org/files/linuxoutlaws.jpg'
08-05 19:54:26.997 30457 31194 D DBWriter: updateFeedDownloadURL(original: http://sixgun.org/files/linuxoutlaws.jpg, updated: https://fab.industries/sixgun/files/linuxoutlaws.jpg)
08-05 19:54:27.001 30457 30471 I art     : Explicit concurrent mark sweep GC freed 1760(111KB) AllocSpace objects, 0(0B) LOS objects, 23% free, 51MB/67MB, paused 1.871ms total 44.460ms
08-05 19:54:27.014 30457 30471 I art     : Starting a blocking GC Explicit
08-05 19:54:27.066 30457 30471 I art     : Explicit concurrent mark sweep GC freed 758(36KB) AllocSpace objects, 0(0B) LOS objects, 23% free, 51MB/67MB, paused 1.755ms total 51.689ms
08-05 19:54:27.069   380   380 W SurfaceFlinger: couldn't log to binary event log: overflow.
08-05 19:54:27.140 30457 31194 D MYTAG   : interceptor 2a
08-05 19:54:27.140 30457 31194 I NAPPA_EXPERIMENTATION: MetricNetworkRequestExecutionTime: REQUEST_DURATION_SYSTEM='181',REQUEST_DURATION_OKHTTP='138',REQUEST_SYNCHRONOUS='TRUE',RESPONSE_CODE='404',RESPONSE_METHOD='GET',RESPONSE_LENGTH_OKHTTP='-1',RESPONSE_LENGTH_HEADER='1503',REQUEST_PROTOCOL='h2',REQUEST_URL='https://fab.industries/sixgun/files/linuxoutlaws.jpg',
08-05 19:54:27.141 30457 30457 W Glide   : Load failed for http://sixgun.org/files/linuxoutlaws.jpg with size [350x350]
08-05 19:54:27.141 30457 30457 W Glide   : class com.bumptech.glide.load.engine.GlideException: Failed to load resource
08-05 19:54:27.141 30457 30457 W Glide   : There was 1 cause:
08-05 19:54:27.141 30457 30457 W Glide   : com.bumptech.glide.load.HttpException()
08-05 19:54:27.141 30457 30457 W Glide   :  call GlideException#logRootCauses(String) for more detail
08-05 19:54:27.141 30457 30457 W Glide   :   Cause (1 of 1): class com.bumptech.glide.load.engine.GlideException: Fetching data failed, class java.io.InputStream, REMOTE
08-05 19:54:27.141 30457 30457 W Glide   : There was 1 cause:
08-05 19:54:27.141 30457 30457 W Glide   : com.bumptech.glide.load.HttpException()
08-05 19:54:27.141 30457 30457 W Glide   :  call GlideException#logRootCauses(String) for more detail
08-05 19:54:27.141 30457 30457 W Glide   :     Cause (1 of 1): class com.bumptech.glide.load.HttpException: 
08-05 19:54:27.142 30457 30457 I Glide   : Root cause (1 of 1)
08-05 19:54:27.142 30457 30457 I Glide   : com.bumptech.glide.load.HttpException: 
08-05 19:54:27.142 30457 30457 I Glide   : 	at com.bumptech.glide.integration.okhttp3.OkHttpStreamFetcher.onResponse(OkHttpStreamFetcher.java:73)
08-05 19:54:27.142 30457 30457 I Glide   : 	at okhttp3.RealCall$AsyncCall.execute(RealCall.java:174)
08-05 19:54:27.142 30457 30457 I Glide   : 	at okhttp3.internal.NamedRunnable.run(NamedRunnable.java:32)
08-05 19:54:27.142 30457 30457 I Glide   : 	at java.util.concurrent.ThreadPoolExecutor.runWorker(ThreadPoolExecutor.java:1113)
08-05 19:54:27.142 30457 30457 I Glide   : 	at java.util.concurrent.ThreadPoolExecutor$Worker.run(ThreadPoolExecutor.java:588)
08-05 19:54:27.142 30457 30457 I Glide   : 	at java.lang.Thread.run(Thread.java:818)
08-05 19:54:27.193 30457 30457 D PlaybackController: Releasing PlaybackController
08-05 19:54:27.269   512  2967 D audio_hw_primary: disable_audio_route: reset and update mixer path: low-latency-playback speaker
08-05 19:54:27.270   512  2967 D audio_hw_primary: disable_snd_device: snd_device(2: speaker)
08-05 19:54:27.278   512  2967 I soundtrigger: audio_extn_sound_trigger_update_device_status: device 0x2 of type 0 for Event 0
08-05 19:54:27.329 27644 27644 I ServiceManager: Waiting for service AtCmdFwd...
08-05 19:54:27.424 30457 30470 I art     : Starting a blocking GC Explicit
08-05 19:54:27.481 30457 30470 I art     : Explicit concurrent mark sweep GC freed 2174(147KB) AllocSpace objects, 2(132KB) LOS objects, 23% free, 51MB/67MB, paused 1.987ms total 56.422ms
08-05 19:54:27.497 30457 30470 I art     : Starting a blocking GC Explicit
08-05 19:54:27.543 30457 30470 I art     : Explicit concurrent mark sweep GC freed 50(1776B) AllocSpace objects, 0(0B) LOS objects, 23% free, 51MB/67MB, paused 1.684ms total 45.569ms
08-05 19:54:27.556 30457 30470 I art     : Starting a blocking GC Explicit
08-05 19:54:27.603 30457 30470 I art     : Explicit concurrent mark sweep GC freed 3(96B) AllocSpace objects, 0(0B) LOS objects, 23% free, 51MB/67MB, paused 1.993ms total 46.669ms
08-05 19:54:27.617 30457 30470 I art     : Starting a blocking GC Explicit
08-05 19:54:27.663 30457 30470 I art     : Explicit concurrent mark sweep GC freed 3(96B) AllocSpace objects, 0(0B) LOS objects, 23% free, 51MB/67MB, paused 1.620ms total 46.292ms
08-05 19:54:27.677 30457 30470 I art     : Starting a blocking GC Explicit
08-05 19:54:27.723 30457 30470 I art     : Explicit concurrent mark sweep GC freed 3(96B) AllocSpace objects, 0(0B) LOS objects, 23% free, 51MB/67MB, paused 1.833ms total 46.129ms
08-05 19:54:28.100 30457 30471 I art     : Starting a blocking GC Explicit
08-05 19:54:28.159 30457 30471 I art     : Explicit concurrent mark sweep GC freed 1413(82KB) AllocSpace objects, 1(20KB) LOS objects, 23% free, 51MB/67MB, paused 1.955ms total 58.597ms
08-05 19:54:28.177 30457 30471 I art     : Starting a blocking GC Explicit
08-05 19:54:28.229 30457 30471 I art     : Explicit concurrent mark sweep GC freed 23(752B) AllocSpace objects, 0(0B) LOS objects, 23% free, 51MB/67MB, paused 1.732ms total 52.148ms
08-05 19:54:28.243 30457 30471 I art     : Starting a blocking GC Explicit
08-05 19:54:28.293 30457 30471 I art     : Explicit concurrent mark sweep GC freed 3(96B) AllocSpace objects, 0(0B) LOS objects, 23% free, 51MB/67MB, paused 1.696ms total 49.616ms
08-05 19:54:28.307 30457 30471 I art     : Starting a blocking GC Explicit
08-05 19:54:28.329 27644 27644 I ServiceManager: Waiting for service AtCmdFwd...
08-05 19:54:28.357 30457 30471 I art     : Explicit concurrent mark sweep GC freed 3(96B) AllocSpace objects, 0(0B) LOS objects, 23% free, 51MB/67MB, paused 1.832ms total 49.982ms
08-05 19:54:28.371 30457 30471 I art     : Starting a blocking GC Explicit
08-05 19:54:28.421 30457 30471 I art     : Explicit concurrent mark sweep GC freed 3(96B) AllocSpace objects, 0(0B) LOS objects, 23% free, 51MB/67MB, paused 1.705ms total 49.183ms
08-05 19:54:28.810 30457 31586 I art     : Starting a blocking GC Explicit
08-05 19:54:28.858 30457 31586 I art     : Explicit concurrent mark sweep GC freed 1411(82KB) AllocSpace objects, 1(20KB) LOS objects, 23% free, 51MB/67MB, paused 1.520ms total 47.263ms
08-05 19:54:28.871 30457 31586 I art     : Starting a blocking GC Explicit
08-05 19:54:28.919 30457 31586 I art     : Explicit concurrent mark sweep GC freed 52(1536B) AllocSpace objects, 0(0B) LOS objects, 23% free, 51MB/67MB, paused 1.686ms total 47.837ms
08-05 19:54:28.933 30457 31586 I art     : Starting a blocking GC Explicit
08-05 19:54:28.983 30457 31586 I art     : Explicit concurrent mark sweep GC freed 3(96B) AllocSpace objects, 0(0B) LOS objects, 23% free, 51MB/67MB, paused 1.681ms total 49.824ms
08-05 19:54:28.997 30457 31586 I art     : Starting a blocking GC Explicit
08-05 19:54:29.047 30457 31586 I art     : Explicit concurrent mark sweep GC freed 3(96B) AllocSpace objects, 0(0B) LOS objects, 23% free, 51MB/67MB, paused 1.711ms total 49.591ms
08-05 19:54:29.065 30457 31586 I art     : Starting a blocking GC Explicit
08-05 19:54:29.115 30457 31586 I art     : Explicit concurrent mark sweep GC freed 3(96B) AllocSpace objects, 0(0B) LOS objects, 23% free, 51MB/67MB, paused 1.564ms total 49.709ms
08-05 19:54:29.330 27644 27644 I ServiceManager: Waiting for service AtCmdFwd...
08-05 19:54:29.504 30457 30471 I art     : Starting a blocking GC Explicit
08-05 19:54:29.566 30457 30471 I art     : Explicit concurrent mark sweep GC freed 1381(81KB) AllocSpace objects, 1(20KB) LOS objects, 23% free, 51MB/67MB, paused 1.807ms total 62.144ms
08-05 19:54:29.582 30457 30471 I art     : Starting a blocking GC Explicit
08-05 19:54:29.631 30457 30471 I art     : Explicit concurrent mark sweep GC freed 23(752B) AllocSpace objects, 0(0B) LOS objects, 23% free, 51MB/67MB, paused 1.591ms total 48.664ms
08-05 19:54:29.645 30457 30471 I art     : Starting a blocking GC Explicit
08-05 19:54:29.696 30457 30471 I art     : Explicit concurrent mark sweep GC freed 3(96B) AllocSpace objects, 0(0B) LOS objects, 23% free, 51MB/67MB, paused 1.688ms total 50.777ms
08-05 19:54:29.710 30457 30471 I art     : Starting a blocking GC Explicit
08-05 19:54:29.738 13866 13882 I PeriodicStatsRunner: PeriodicStatsRunner.call():175 call()
08-05 19:54:29.738 13866 13882 I PeriodicStatsRunner: PeriodicStatsRunner.call():179 No submit PeriodicStats since input started.
08-05 19:54:29.758 30457 30471 I art     : Explicit concurrent mark sweep GC freed 3(96B) AllocSpace objects, 0(0B) LOS objects, 23% free, 51MB/67MB, paused 1.960ms total 48.251ms
08-05 19:54:29.772 30457 30471 I art     : Starting a blocking GC Explicit
08-05 19:54:29.823 30457 30471 I art     : Explicit concurrent mark sweep GC freed 3(96B) AllocSpace objects, 0(0B) LOS objects, 23% free, 51MB/67MB, paused 1.683ms total 50.694ms
08-05 19:54:30.239 30457 30485 I art     : Starting a blocking GC Explicit
08-05 19:54:30.296 30457 30485 I art     : Explicit concurrent mark sweep GC freed 1410(81KB) AllocSpace objects, 1(20KB) LOS objects, 23% free, 51MB/67MB, paused 1.704ms total 55.859ms
08-05 19:54:30.312 30457 30485 I art     : Starting a blocking GC Explicit
08-05 19:54:30.330 27644 27644 W Atfwd_Sendcmd: AtCmdFwd service not published, waiting... retryCnt : 1
08-05 19:54:30.361 30457 30485 I art     : Explicit concurrent mark sweep GC freed 23(752B) AllocSpace objects, 0(0B) LOS objects, 23% free, 51MB/67MB, paused 1.963ms total 48.683ms
08-05 19:54:30.375 30457 30485 I art     : Starting a blocking GC Explicit
08-05 19:54:30.428 30457 30485 I art     : Explicit concurrent mark sweep GC freed 3(96B) AllocSpace objects, 0(0B) LOS objects, 23% free, 51MB/67MB, paused 1.781ms total 51.883ms
08-05 19:54:30.444 30457 30485 I art     : Starting a blocking GC Explicit
08-05 19:54:30.492 30457 30485 I art     : Explicit concurrent mark sweep GC freed 3(96B) AllocSpace objects, 0(0B) LOS objects, 23% free, 51MB/67MB, paused 1.678ms total 47.948ms
08-05 19:54:30.507 30457 30485 I art     : Starting a blocking GC Explicit
08-05 19:54:30.557 30457 30485 I art     : Explicit concurrent mark sweep GC freed 3(96B) AllocSpace objects, 0(0B) LOS objects, 23% free, 51MB/67MB, paused 1.695ms total 49.768ms
08-05 19:54:30.941 30457 30470 I art     : Starting a blocking GC Explicit
08-05 19:54:30.987 30457 30470 I art     : Explicit concurrent mark sweep GC freed 1412(84KB) AllocSpace objects, 1(20KB) LOS objects, 23% free, 51MB/67MB, paused 1.801ms total 45.496ms
08-05 19:54:31.000 30457 30470 I art     : Starting a blocking GC Explicit
08-05 19:54:31.045 30457 30470 I art     : Explicit concurrent mark sweep GC freed 23(752B) AllocSpace objects, 0(0B) LOS objects, 23% free, 51MB/67MB, paused 1.584ms total 44.759ms
08-05 19:54:31.059 30457 30470 I art     : Starting a blocking GC Explicit
08-05 19:54:31.105 30457 30470 I art     : Explicit concurrent mark sweep GC freed 3(96B) AllocSpace objects, 0(0B) LOS objects, 23% free, 51MB/67MB, paused 1.659ms total 46.522ms
08-05 19:54:31.119 30457 30470 I art     : Starting a blocking GC Explicit
08-05 19:54:31.165 30457 30470 I art     : Explicit concurrent mark sweep GC freed 3(96B) AllocSpace objects, 0(0B) LOS objects, 23% free, 51MB/67MB, paused 1.612ms total 46.475ms
08-05 19:54:31.179 30457 30470 I art     : Starting a blocking GC Explicit
08-05 19:54:31.226 30457 30470 I art     : Explicit concurrent mark sweep GC freed 3(96B) AllocSpace objects, 0(0B) LOS objects, 23% free, 51MB/67MB, paused 1.745ms total 47.222ms
08-05 19:54:31.448  1464  1464 D AndroidRuntime: >>>>>> START com.android.internal.os.RuntimeInit uid 2000 <<<<<<
08-05 19:54:31.454  1464  1464 D AndroidRuntime: CheckJNI is OFF
08-05 19:54:31.495  1464  1464 D ICU     : No timezone override file found: /data/misc/zoneinfo/current/icu/icu_tzdata.dat
08-05 19:54:31.546  1464  1464 I Radio-JNI: register_android_hardware_Radio DONE
08-05 19:54:31.576  1464  1464 D AndroidRuntime: Calling main entry com.android.commands.input.Input
08-05 19:54:31.577  1464  1464 I Input   : injectKeyEvent: KeyEvent { action=ACTION_DOWN, keyCode=KEYCODE_BACK, scanCode=0, metaState=0, flags=0x0, repeatCount=0, eventTime=820487990, downTime=820487990, deviceId=-1, source=0x101 }
08-05 19:54:31.583  1464  1464 I Input   : injectKeyEvent: KeyEvent { action=ACTION_UP, keyCode=KEYCODE_BACK, scanCode=0, metaState=0, flags=0x0, repeatCount=0, eventTime=820487990, downTime=820487990, deviceId=-1, source=0x101 }
08-05 19:54:31.588  1464  1464 D AndroidRuntime: Shutting down VM
08-05 19:54:31.594 30457 30457 V PlaybackController: initServiceNotRunning()
08-05 19:54:31.594 30457 30457 D ExternalPlayerFragment: Loading media info
08-05 19:54:31.598 30457 31358 D ApOkHttpUrlLoader: buildLoadData() called with: model = [http://sixgun.org/files/linuxoutlaws.jpg], width = [224], height = [224]
08-05 19:54:31.599 30457 31194 D DBReader: getImageAuthentication() called with: imageUrl = [http://sixgun.org/files/linuxoutlaws.jpg]
08-05 19:54:31.601 30457 30457 D UserPreferences: Using default data folder
08-05 19:54:31.602 30457 30986 D DBReader: getNavDrawerData() called with: 
08-05 19:54:31.603 30457 31194 D ApOkHttpUrlLoader: no credentials for 'http://sixgun.org/files/linuxoutlaws.jpg'
08-05 19:54:31.615 30457 30986 D DBReader: getDownloadedItems() called
08-05 19:54:31.617 30457 30986 D DBReader: getFavoriteIDList() called
08-05 19:54:31.618 30457 30986 D DBReader: getQueueIDList() called
08-05 19:54:31.618 30457 30485 I art     : Starting a blocking GC Explicit
08-05 19:54:31.621 30457 30986 D DBReader: Extracting Feedlist
08-05 19:54:31.634 13866 13866 I GoogleInputMethodServic: GoogleInputMethodService.onFinishInput():3138 
08-05 19:54:31.635 13866 13866 I GoogleInputMethodServic: GoogleInputMethodService.onStartInput():1808 
08-05 19:54:31.653 30457 30457 D MainActivity: getLastNavFragment() -> AddFeedFragment
08-05 19:54:31.662 30457 30485 I art     : Explicit concurrent mark sweep GC freed 2456(153KB) AllocSpace objects, 1(20KB) LOS objects, 23% free, 51MB/67MB, paused 1.981ms total 44.104ms
08-05 19:54:31.670 30457 31194 D DBWriter: updateFeedDownloadURL(original: http://sixgun.org/files/linuxoutlaws.jpg, updated: https://fab.industries/sixgun/files/linuxoutlaws.jpg)
08-05 19:54:31.675 30457 30485 I art     : Starting a blocking GC Explicit
08-05 19:54:31.715 30457 30485 I art     : Explicit concurrent mark sweep GC freed 945(46KB) AllocSpace objects, 0(0B) LOS objects, 23% free, 51MB/67MB, paused 1.479ms total 40.108ms
08-05 19:54:31.729 30457 30485 I art     : Starting a blocking GC Explicit
08-05 19:54:31.770 30457 30485 I art     : Explicit concurrent mark sweep GC freed 198(12KB) AllocSpace objects, 0(0B) LOS objects, 23% free, 51MB/67MB, paused 1.701ms total 41.458ms
08-05 19:54:31.786 30457 30485 I art     : Starting a blocking GC Explicit
08-05 19:54:31.797 13866 13882 I PeriodicStatsRunner: PeriodicStatsRunner.call():175 call()
08-05 19:54:31.798 13866 13882 I PeriodicStatsRunner: PeriodicStatsRunner.call():179 No submit PeriodicStats since input started.
08-05 19:54:31.816 30457 31194 D MYTAG   : interceptor 2a
08-05 19:54:31.816 30457 31194 I NAPPA_EXPERIMENTATION: MetricNetworkRequestExecutionTime: REQUEST_DURATION_SYSTEM='213',REQUEST_DURATION_OKHTTP='143',REQUEST_SYNCHRONOUS='TRUE',RESPONSE_CODE='404',RESPONSE_METHOD='GET',RESPONSE_LENGTH_OKHTTP='-1',RESPONSE_LENGTH_HEADER='1503',REQUEST_PROTOCOL='h2',REQUEST_URL='https://fab.industries/sixgun/files/linuxoutlaws.jpg',
08-05 19:54:31.817 30457 30457 W Glide   : Load failed for http://sixgun.org/files/linuxoutlaws.jpg with size [224x224]
08-05 19:54:31.817 30457 30457 W Glide   : class com.bumptech.glide.load.engine.GlideException: Failed to load resource
08-05 19:54:31.817 30457 30457 W Glide   : There was 1 cause:
08-05 19:54:31.817 30457 30457 W Glide   : com.bumptech.glide.load.HttpException()
08-05 19:54:31.817 30457 30457 W Glide   :  call GlideException#logRootCauses(String) for more detail
08-05 19:54:31.817 30457 30457 W Glide   :   Cause (1 of 1): class com.bumptech.glide.load.engine.GlideException: Fetching data failed, class java.io.InputStream, REMOTE
08-05 19:54:31.817 30457 30457 W Glide   : There was 1 cause:
08-05 19:54:31.817 30457 30457 W Glide   : com.bumptech.glide.load.HttpException()
08-05 19:54:31.817 30457 30457 W Glide   :  call GlideException#logRootCauses(String) for more detail
08-05 19:54:31.817 30457 30457 W Glide   :     Cause (1 of 1): class com.bumptech.glide.load.HttpException: 
08-05 19:54:31.818 30457 30457 I Glide   : Root cause (1 of 1)
08-05 19:54:31.818 30457 30457 I Glide   : com.bumptech.glide.load.HttpException: 
08-05 19:54:31.818 30457 30457 I Glide   : 	at com.bumptech.glide.integration.okhttp3.OkHttpStreamFetcher.onResponse(OkHttpStreamFetcher.java:73)
08-05 19:54:31.818 30457 30457 I Glide   : 	at okhttp3.RealCall$AsyncCall.execute(RealCall.java:174)
08-05 19:54:31.818 30457 30457 I Glide   : 	at okhttp3.internal.NamedRunnable.run(NamedRunnable.java:32)
08-05 19:54:31.818 30457 30457 I Glide   : 	at java.util.concurrent.ThreadPoolExecutor.runWorker(ThreadPoolExecutor.java:1113)
08-05 19:54:31.818 30457 30457 I Glide   : 	at java.util.concurrent.ThreadPoolExecutor$Worker.run(ThreadPoolExecutor.java:588)
08-05 19:54:31.818 30457 30457 I Glide   : 	at java.lang.Thread.run(Thread.java:818)
08-05 19:54:31.818 30457 30457 W Glide   : Load failed for http://sixgun.org/files/linuxoutlaws.jpg with size [224x224]
08-05 19:54:31.818 30457 30457 W Glide   : class com.bumptech.glide.load.engine.GlideException: Failed to load resource
08-05 19:54:31.818 30457 30457 W Glide   : There was 1 cause:
08-05 19:54:31.818 30457 30457 W Glide   : com.bumptech.glide.load.HttpException()
08-05 19:54:31.818 30457 30457 W Glide   :  call GlideException#logRootCauses(String) for more detail
08-05 19:54:31.818 30457 30457 W Glide   :   Cause (1 of 1): class com.bumptech.glide.load.engine.GlideException: Fetching data failed, class java.io.InputStream, REMOTE
08-05 19:54:31.818 30457 30457 W Glide   : There was 1 cause:
08-05 19:54:31.818 30457 30457 W Glide   : com.bumptech.glide.load.HttpException()
08-05 19:54:31.818 30457 30457 W Glide   :  call GlideException#logRootCauses(String) for more detail
08-05 19:54:31.818 30457 30457 W Glide   :     Cause (1 of 1): class com.bumptech.glide.load.HttpException: 
08-05 19:54:31.818 30457 30457 I Glide   : Root cause (1 of 1)
08-05 19:54:31.818 30457 30457 I Glide   : com.bumptech.glide.load.HttpException: 
08-05 19:54:31.818 30457 30457 I Glide   : 	at com.bumptech.glide.integration.okhttp3.OkHttpStreamFetcher.onResponse(OkHttpStreamFetcher.java:73)
08-05 19:54:31.818 30457 30457 I Glide   : 	at okhttp3.RealCall$AsyncCall.execute(RealCall.java:174)
08-05 19:54:31.818 30457 30457 I Glide   : 	at okhttp3.internal.NamedRunnable.run(NamedRunnable.java:32)
08-05 19:54:31.818 30457 30457 I Glide   : 	at java.util.concurrent.ThreadPoolExecutor.runWorker(ThreadPoolExecutor.java:1113)
08-05 19:54:31.818 30457 30457 I Glide   : 	at java.util.concurrent.ThreadPoolExecutor$Worker.run(ThreadPoolExecutor.java:588)
08-05 19:54:31.818 30457 30457 I Glide   : 	at java.lang.Thread.run(Thread.java:818)
08-05 19:54:31.829 30457 30485 I art     : Explicit concurrent mark sweep GC freed 413(68KB) AllocSpace objects, 0(0B) LOS objects, 23% free, 51MB/67MB, paused 1.763ms total 42.674ms
08-05 19:54:31.842 30457 30485 I art     : Starting a blocking GC Explicit
08-05 19:54:31.885 30457 30485 I art     : Explicit concurrent mark sweep GC freed 211(8KB) AllocSpace objects, 0(0B) LOS objects, 23% free, 51MB/67MB, paused 1.473ms total 42.467ms
08-05 19:54:31.922   380   380 W SurfaceFlinger: couldn't log to binary event log: overflow.
08-05 19:54:32.250 30457 30470 I art     : Starting a blocking GC Explicit
08-05 19:54:32.312 30457 30470 I art     : Explicit concurrent mark sweep GC freed 2001(108KB) AllocSpace objects, 1(20KB) LOS objects, 23% free, 51MB/67MB, paused 2.011ms total 61.548ms
08-05 19:54:32.329 30457 30470 I art     : Starting a blocking GC Explicit
08-05 19:54:32.374 30457 30470 I art     : Explicit concurrent mark sweep GC freed 2877(236KB) AllocSpace objects, 1(28KB) LOS objects, 23% free, 50MB/66MB, paused 1.470ms total 44.963ms
08-05 19:54:32.387 30457 30470 I art     : Starting a blocking GC Explicit
08-05 19:54:32.429 30457 30470 I art     : Explicit concurrent mark sweep GC freed 3(96B) AllocSpace objects, 0(0B) LOS objects, 23% free, 50MB/66MB, paused 1.561ms total 42.219ms
08-05 19:54:32.442 30457 30470 I art     : Starting a blocking GC Explicit
08-05 19:54:32.488 30457 30470 I art     : Explicit concurrent mark sweep GC freed 3(96B) AllocSpace objects, 0(0B) LOS objects, 23% free, 50MB/66MB, paused 1.694ms total 45.188ms
08-05 19:54:32.501 30457 30470 I art     : Starting a blocking GC Explicit
08-05 19:54:32.546 30457 30470 I art     : Explicit concurrent mark sweep GC freed 3(96B) AllocSpace objects, 0(0B) LOS objects, 23% free, 50MB/66MB, paused 1.573ms total 44.654ms
08-05 19:54:32.910 30457 30485 I art     : Starting a blocking GC Explicit
08-05 19:54:32.954 30457 30485 I art     : Explicit concurrent mark sweep GC freed 1412(82KB) AllocSpace objects, 1(20KB) LOS objects, 23% free, 50MB/66MB, paused 1.602ms total 43.562ms
08-05 19:54:32.967 30457 30485 I art     : Starting a blocking GC Explicit
08-05 19:54:33.011 30457 30485 I art     : Explicit concurrent mark sweep GC freed 23(752B) AllocSpace objects, 0(0B) LOS objects, 23% free, 50MB/66MB, paused 1.564ms total 42.896ms
08-05 19:54:33.024 30457 30485 I art     : Starting a blocking GC Explicit
08-05 19:54:33.067 30457 30485 I art     : Explicit concurrent mark sweep GC freed 3(96B) AllocSpace objects, 0(0B) LOS objects, 23% free, 50MB/66MB, paused 1.545ms total 42.931ms
08-05 19:54:33.080 30457 30485 I art     : Starting a blocking GC Explicit
08-05 19:54:33.122 30457 30485 I art     : Explicit concurrent mark sweep GC freed 3(96B) AllocSpace objects, 0(0B) LOS objects, 23% free, 50MB/66MB, paused 1.528ms total 42.233ms
08-05 19:54:33.135 30457 30485 I art     : Starting a blocking GC Explicit
08-05 19:54:33.178 30457 30485 I art     : Explicit concurrent mark sweep GC freed 3(96B) AllocSpace objects, 0(0B) LOS objects, 23% free, 50MB/66MB, paused 1.713ms total 42.716ms
08-05 19:54:33.178 30457 30468 I art     : WaitForGcToComplete blocked for 18.703ms for cause HeapTrim
08-05 19:54:33.380  1512  1512 D AndroidRuntime: >>>>>> START com.android.internal.os.RuntimeInit uid 2000 <<<<<<
08-05 19:54:33.386  1512  1512 D AndroidRuntime: CheckJNI is OFF
08-05 19:54:33.426  1512  1512 D ICU     : No timezone override file found: /data/misc/zoneinfo/current/icu/icu_tzdata.dat
08-05 19:54:33.467  1512  1512 I Radio-JNI: register_android_hardware_Radio DONE
08-05 19:54:33.496  1512  1512 D AndroidRuntime: Calling main entry com.android.commands.input.Input
08-05 19:54:33.498  1512  1512 I Input   : injectKeyEvent: KeyEvent { action=ACTION_DOWN, keyCode=KEYCODE_BACK, scanCode=0, metaState=0, flags=0x0, repeatCount=0, eventTime=820489911, downTime=820489911, deviceId=-1, source=0x101 }
08-05 19:54:33.503  1512  1512 I Input   : injectKeyEvent: KeyEvent { action=ACTION_UP, keyCode=KEYCODE_BACK, scanCode=0, metaState=0, flags=0x0, repeatCount=0, eventTime=820489911, downTime=820489911, deviceId=-1, source=0x101 }
08-05 19:54:33.524  1512  1512 D AndroidRuntime: Shutting down VM
08-05 19:54:33.555 30457 30485 I art     : Starting a blocking GC Explicit
08-05 19:54:33.599 30457 30485 I art     : Explicit concurrent mark sweep GC freed 3574(171KB) AllocSpace objects, 1(20KB) LOS objects, 23% free, 50MB/66MB, paused 1.647ms total 43.795ms
08-05 19:54:33.612 30457 30485 I art     : Starting a blocking GC Explicit
08-05 19:54:33.654 30457 30485 I art     : Explicit concurrent mark sweep GC freed 5386(396KB) AllocSpace objects, 9(1620KB) LOS objects, 24% free, 48MB/64MB, paused 1.542ms total 42.328ms
08-05 19:54:33.667 30457 30485 I art     : Starting a blocking GC Explicit
08-05 19:54:33.710 30457 30485 I art     : Explicit concurrent mark sweep GC freed 3(96B) AllocSpace objects, 0(0B) LOS objects, 24% free, 48MB/64MB, paused 1.609ms total 42.312ms
08-05 19:54:33.723 30457 30485 I art     : Starting a blocking GC Explicit
08-05 19:54:33.765 30457 30485 I art     : Explicit concurrent mark sweep GC freed 3(96B) AllocSpace objects, 0(0B) LOS objects, 24% free, 48MB/64MB, paused 1.588ms total 41.612ms
08-05 19:54:33.778 30457 30485 I art     : Starting a blocking GC Explicit
08-05 19:54:33.820 30457 30485 I art     : Explicit concurrent mark sweep GC freed 3(96B) AllocSpace objects, 0(0B) LOS objects, 24% free, 48MB/64MB, paused 1.598ms total 41.496ms
08-05 19:54:34.193 30457 30471 I art     : Starting a blocking GC Explicit
08-05 19:54:34.237 30457 30471 I art     : Explicit concurrent mark sweep GC freed 1411(82KB) AllocSpace objects, 1(20KB) LOS objects, 24% free, 48MB/64MB, paused 1.574ms total 43.578ms
08-05 19:54:34.250 30457 30471 I art     : Starting a blocking GC Explicit
08-05 19:54:34.293 30457 30471 I art     : Explicit concurrent mark sweep GC freed 23(752B) AllocSpace objects, 0(0B) LOS objects, 24% free, 48MB/64MB, paused 1.545ms total 42.336ms
08-05 19:54:34.306 30457 30471 I art     : Starting a blocking GC Explicit
08-05 19:54:34.348 30457 30471 I art     : Explicit concurrent mark sweep GC freed 3(96B) AllocSpace objects, 0(0B) LOS objects, 24% free, 48MB/64MB, paused 1.622ms total 41.567ms
08-05 19:54:34.360 30457 30471 I art     : Starting a blocking GC Explicit
08-05 19:54:34.402 30457 30471 I art     : Explicit concurrent mark sweep GC freed 3(96B) AllocSpace objects, 0(0B) LOS objects, 24% free, 48MB/64MB, paused 1.583ms total 41.635ms
08-05 19:54:34.415 30457 30471 I art     : Starting a blocking GC Explicit
08-05 19:54:34.459 30457 30471 I art     : Explicit concurrent mark sweep GC freed 3(96B) AllocSpace objects, 0(0B) LOS objects, 24% free, 48MB/64MB, paused 1.766ms total 43.041ms
08-05 19:54:34.829 30457 30470 I art     : Starting a blocking GC Explicit
08-05 19:54:34.875 30457 30470 I art     : Explicit concurrent mark sweep GC freed 1381(82KB) AllocSpace objects, 1(20KB) LOS objects, 24% free, 48MB/64MB, paused 1.612ms total 46.296ms
08-05 19:54:34.888 30457 30470 I art     : Starting a blocking GC Explicit
08-05 19:54:34.928 30457 30470 I art     : Explicit concurrent mark sweep GC freed 52(1536B) AllocSpace objects, 0(0B) LOS objects, 24% free, 48MB/64MB, paused 1.596ms total 39.791ms
08-05 19:54:34.941 30457 30470 I art     : Starting a blocking GC Explicit
08-05 19:54:34.981 30457 30470 I art     : Explicit concurrent mark sweep GC freed 3(96B) AllocSpace objects, 0(0B) LOS objects, 24% free, 48MB/64MB, paused 1.561ms total 40.188ms
08-05 19:54:34.994 30457 30470 I art     : Starting a blocking GC Explicit
08-05 19:54:35.034 30457 30470 I art     : Explicit concurrent mark sweep GC freed 3(96B) AllocSpace objects, 0(0B) LOS objects, 24% free, 48MB/64MB, paused 1.571ms total 39.894ms
08-05 19:54:35.047 30457 30470 I art     : Starting a blocking GC Explicit
08-05 19:54:35.087 30457 30470 I art     : Explicit concurrent mark sweep GC freed 3(96B) AllocSpace objects, 0(0B) LOS objects, 24% free, 48MB/64MB, paused 1.679ms total 40.400ms
08-05 19:54:35.300  1556  1556 D AndroidRuntime: >>>>>> START com.android.internal.os.RuntimeInit uid 2000 <<<<<<
08-05 19:54:35.306  1556  1556 D AndroidRuntime: CheckJNI is OFF
08-05 19:54:35.331 27644 27644 I ServiceManager: Waiting for service AtCmdFwd...
08-05 19:54:35.348  1556  1556 D ICU     : No timezone override file found: /data/misc/zoneinfo/current/icu/icu_tzdata.dat
08-05 19:54:35.389  1556  1556 I Radio-JNI: register_android_hardware_Radio DONE
08-05 19:54:35.418  1556  1556 D AndroidRuntime: Calling main entry com.android.commands.input.Input
08-05 19:54:35.420  1556  1556 I Input   : injectMotionEvent: MotionEvent { action=ACTION_DOWN, actionButton=0, id[0]=0, x[0]=603.0, y[0]=1061.0, toolType[0]=TOOL_TYPE_UNKNOWN, buttonState=0, metaState=0, flags=0x0, edgeFlags=0x0, pointerCount=1, historySize=0, eventTime=820491833, downTime=820491833, deviceId=0, source=0x1002 }
08-05 19:54:35.425  1556  1556 I Input   : injectMotionEvent: MotionEvent { action=ACTION_UP, actionButton=0, id[0]=0, x[0]=603.0, y[0]=1061.0, toolType[0]=TOOL_TYPE_UNKNOWN, buttonState=0, metaState=0, flags=0x0, edgeFlags=0x0, pointerCount=1, historySize=0, eventTime=820491833, downTime=820491833, deviceId=0, source=0x1002 }
08-05 19:54:35.427  1556  1556 D AndroidRuntime: Shutting down VM
08-05 19:54:35.450   512  2967 D audio_hw_primary: out_set_parameters: enter: usecase(1: low-latency-playback) kvpairs: routing=2
08-05 19:54:35.453 30457 30485 I art     : Starting a blocking GC Explicit
08-05 19:54:35.463   512  2967 D audio_hw_primary: select_devices: out_snd_device(2: speaker) in_snd_device(0: none)
08-05 19:54:35.463   512  2967 D msm8974_platform: platform_send_audio_calibration: sending audio calibration for snd_device(2) acdb_id(15)
08-05 19:54:35.463   512  2967 I soundtrigger: audio_extn_sound_trigger_update_device_status: device 0x2 of type 0 for Event 1
08-05 19:54:35.474   512  2967 D audio_hw_primary: enable_snd_device: snd_device(2: speaker)
08-05 19:54:35.477   512  2967 D audio_hw_primary: enable_audio_route: apply and update mixer path: low-latency-playback speaker
08-05 19:54:35.496 30457 30485 I art     : Explicit concurrent mark sweep GC freed 3655(177KB) AllocSpace objects, 1(20KB) LOS objects, 24% free, 49MB/65MB, paused 2.185ms total 43.210ms
08-05 19:54:35.508 30457 30485 I art     : Starting a blocking GC Explicit
08-05 19:54:35.549 30457 30485 I art     : Explicit concurrent mark sweep GC freed 2355(109KB) AllocSpace objects, 1(220KB) LOS objects, 24% free, 49MB/65MB, paused 1.761ms total 40.251ms
08-05 19:54:35.561 30457   418 I NAPPA_EXPERIMENTATION: MetricNetworkRequestExecutionTime: REQUEST_DURATION_SYSTEM='89',REQUEST_DURATION_OKHTTP='88',REQUEST_SYNCHRONOUS='TRUE',RESPONSE_CODE='200',RESPONSE_METHOD='GET',RESPONSE_LENGTH_OKHTTP='2923',RESPONSE_LENGTH_HEADER='2923',REQUEST_PROTOCOL='http/1.1',REQUEST_URL='https://gpodder.net/api/2/tags/50.json',
08-05 19:54:35.561 30457 30485 I art     : Starting a blocking GC Explicit
08-05 19:54:35.594 30457  1579 I NAPPA_EXPERIMENTATION: MetricNetworkRequestExecutionTime: REQUEST_DURATION_SYSTEM='125',REQUEST_DURATION_OKHTTP='125',REQUEST_SYNCHRONOUS='TRUE',RESPONSE_CODE='200',RESPONSE_METHOD='GET',RESPONSE_LENGTH_OKHTTP='37507',RESPONSE_LENGTH_HEADER='37507',REQUEST_PROTOCOL='http/1.1',REQUEST_URL='https://gpodder.net/toplist/50.json',
08-05 19:54:35.601 30457 30485 I art     : Explicit concurrent mark sweep GC freed 1360(81KB) AllocSpace objects, 0(0B) LOS objects, 24% free, 49MB/65MB, paused 2.149ms total 39.948ms
08-05 19:54:35.613 30457 30485 I art     : Starting a blocking GC Explicit
08-05 19:54:35.647 30457 31358 D ApOkHttpUrlLoader: buildLoadData() called with: model = [http://sixgun.org/files/linuxoutlaws.jpg], width = [224], height = [224]
08-05 19:54:35.648 30457 31194 D DBReader: getImageAuthentication() called with: imageUrl = [http://sixgun.org/files/linuxoutlaws.jpg]
08-05 19:54:35.653 30457 31194 D ApOkHttpUrlLoader: no credentials for 'http://sixgun.org/files/linuxoutlaws.jpg'
08-05 19:54:35.655 30457 30485 I art     : Explicit concurrent mark sweep GC freed 2293(230KB) AllocSpace objects, 2(116KB) LOS objects, 24% free, 49MB/65MB, paused 2.274ms total 41.526ms
08-05 19:54:35.658 30457 31358 D ApOkHttpUrlLoader: buildLoadData() called with: model = [https://files.thisamericanlife.org/sites/all/themes/thislife/img/tal-name-1400x1400.png], width = [224], height = [224]
08-05 19:54:35.664 30457 31358 D ApOkHttpUrlLoader: buildLoadData() called with: model = [https://elroy.twit.tv/sites/default/files/styles/twit_album_art_2048x2048/public/images/shows/floss_weekly/album_art/audio/floss_albumart_mask.jpg?itok=IUjxKpwt], width = [224], height = [224]
08-05 19:54:35.669 30457 30485 I art     : Starting a blocking GC Explicit
08-05 19:54:35.673 30457 31358 D ApOkHttpUrlLoader: buildLoadData() called with: model = [http://ichef.bbci.co.uk/images/ic/3000x3000/p07kfvzb.jpg], width = [224], height = [224]
08-05 19:54:35.679 30457 31358 D ApOkHttpUrlLoader: buildLoadData() called with: model = [https://pl.tedcdn.com/rss_feed_images/ted_talks_main_podcast/video.png], width = [224], height = [224]
08-05 19:54:35.684 30457 31358 D ApOkHttpUrlLoader: buildLoadData() called with: model = [https://elroy.twit.tv/sites/default/files/styles/twit_album_art_2048x2048/public/images/shows/this_week_in_tech/album_art/audio/twit1400audio.jpg?itok=J0vhatZb], width = [224], height = [224]
08-05 19:54:35.693 30457 31358 D ApOkHttpUrlLoader: buildLoadData() called with: model = [http://ichef.bbci.co.uk/images/ic/3000x3000/p03gtk3j.jpg], width = [224], height = [224]
08-05 19:54:35.694 30457 31194 D DBWriter: updateFeedDownloadURL(original: http://sixgun.org/files/linuxoutlaws.jpg, updated: https://fab.industries/sixgun/files/linuxoutlaws.jpg)
08-05 19:54:35.710 30457 30485 I art     : Explicit concurrent mark sweep GC freed 2522(114KB) AllocSpace objects, 1(76KB) LOS objects, 23% free, 50MB/66MB, paused 1.700ms total 40.576ms
08-05 19:54:35.837 30457 31194 D MYTAG   : interceptor 2a
08-05 19:54:35.838 30457 31194 I NAPPA_EXPERIMENTATION: MetricNetworkRequestExecutionTime: REQUEST_DURATION_SYSTEM='184',REQUEST_DURATION_OKHTTP='141',REQUEST_SYNCHRONOUS='TRUE',RESPONSE_CODE='404',RESPONSE_METHOD='GET',RESPONSE_LENGTH_OKHTTP='-1',RESPONSE_LENGTH_HEADER='1503',REQUEST_PROTOCOL='h2',REQUEST_URL='https://fab.industries/sixgun/files/linuxoutlaws.jpg',
08-05 19:54:35.844 30457 30457 W Glide   : Load failed for http://sixgun.org/files/linuxoutlaws.jpg with size [224x224]
08-05 19:54:35.844 30457 30457 W Glide   : class com.bumptech.glide.load.engine.GlideException: Failed to load resource
08-05 19:54:35.844 30457 30457 W Glide   : There was 1 cause:
08-05 19:54:35.844 30457 30457 W Glide   : com.bumptech.glide.load.HttpException()
08-05 19:54:35.844 30457 30457 W Glide   :  call GlideException#logRootCauses(String) for more detail
08-05 19:54:35.844 30457 30457 W Glide   :   Cause (1 of 1): class com.bumptech.glide.load.engine.GlideException: Fetching data failed, class java.io.InputStream, REMOTE
08-05 19:54:35.844 30457 30457 W Glide   : There was 1 cause:
08-05 19:54:35.844 30457 30457 W Glide   : com.bumptech.glide.load.HttpException()
08-05 19:54:35.844 30457 30457 W Glide   :  call GlideException#logRootCauses(String) for more detail
08-05 19:54:35.844 30457 30457 W Glide   :     Cause (1 of 1): class com.bumptech.glide.load.HttpException: 
08-05 19:54:35.844 30457 30457 I Glide   : Root cause (1 of 1)
08-05 19:54:35.844 30457 30457 I Glide   : com.bumptech.glide.load.HttpException: 
08-05 19:54:35.844 30457 30457 I Glide   : 	at com.bumptech.glide.integration.okhttp3.OkHttpStreamFetcher.onResponse(OkHttpStreamFetcher.java:73)
08-05 19:54:35.844 30457 30457 I Glide   : 	at okhttp3.RealCall$AsyncCall.execute(RealCall.java:174)
08-05 19:54:35.844 30457 30457 I Glide   : 	at okhttp3.internal.NamedRunnable.run(NamedRunnable.java:32)
08-05 19:54:35.844 30457 30457 I Glide   : 	at java.util.concurrent.ThreadPoolExecutor.runWorker(ThreadPoolExecutor.java:1113)
08-05 19:54:35.844 30457 30457 I Glide   : 	at java.util.concurrent.ThreadPoolExecutor$Worker.run(ThreadPoolExecutor.java:588)
08-05 19:54:35.844 30457 30457 I Glide   : 	at java.lang.Thread.run(Thread.java:818)
08-05 19:54:35.845 30457 30457 W Glide   : Load failed for http://sixgun.org/files/linuxoutlaws.jpg with size [224x224]
08-05 19:54:35.845 30457 30457 W Glide   : class com.bumptech.glide.load.engine.GlideException: Failed to load resource
08-05 19:54:35.845 30457 30457 W Glide   : There was 1 cause:
08-05 19:54:35.845 30457 30457 W Glide   : com.bumptech.glide.load.HttpException()
08-05 19:54:35.845 30457 30457 W Glide   :  call GlideException#logRootCauses(String) for more detail
08-05 19:54:35.845 30457 30457 W Glide   :   Cause (1 of 1): class com.bumptech.glide.load.engine.GlideException: Fetching data failed, class java.io.InputStream, REMOTE
08-05 19:54:35.845 30457 30457 W Glide   : There was 1 cause:
08-05 19:54:35.845 30457 30457 W Glide   : com.bumptech.glide.load.HttpException()
08-05 19:54:35.845 30457 30457 W Glide   :  call GlideException#logRootCauses(String) for more detail
08-05 19:54:35.845 30457 30457 W Glide   :     Cause (1 of 1): class com.bumptech.glide.load.HttpException: 
08-05 19:54:35.846 30457 30457 I Glide   : Root cause (1 of 1)
08-05 19:54:35.846 30457 30457 I Glide   : com.bumptech.glide.load.HttpException: 
08-05 19:54:35.846 30457 30457 I Glide   : 	at com.bumptech.glide.integration.okhttp3.OkHttpStreamFetcher.onResponse(OkHttpStreamFetcher.java:73)
08-05 19:54:35.846 30457 30457 I Glide   : 	at okhttp3.RealCall$AsyncCall.execute(RealCall.java:174)
08-05 19:54:35.846 30457 30457 I Glide   : 	at okhttp3.internal.NamedRunnable.run(NamedRunnable.java:32)
08-05 19:54:35.846 30457 30457 I Glide   : 	at java.util.concurrent.ThreadPoolExecutor.runWorker(ThreadPoolExecutor.java:1113)
08-05 19:54:35.846 30457 30457 I Glide   : 	at java.util.concurrent.ThreadPoolExecutor$Worker.run(ThreadPoolExecutor.java:588)
08-05 19:54:35.846 30457 30457 I Glide   : 	at java.lang.Thread.run(Thread.java:818)
08-05 19:54:36.009   512  2967 D audio_hw_primary: disable_audio_route: reset and update mixer path: low-latency-playback speaker
08-05 19:54:36.011   512  2967 D audio_hw_primary: disable_snd_device: snd_device(2: speaker)
08-05 19:54:36.018   512  2967 I soundtrigger: audio_extn_sound_trigger_update_device_status: device 0x2 of type 0 for Event 0
08-05 19:54:36.027 30457 30485 I art     : Starting a blocking GC Explicit
08-05 19:54:36.067 30457 30485 I art     : Explicit concurrent mark sweep GC freed 2582(178KB) AllocSpace objects, 1(20KB) LOS objects, 23% free, 50MB/66MB, paused 1.400ms total 38.907ms
08-05 19:54:36.079 30457 30485 I art     : Starting a blocking GC Explicit
08-05 19:54:36.116 30457 30485 I art     : Explicit concurrent mark sweep GC freed 60(2400B) AllocSpace objects, 0(0B) LOS objects, 23% free, 50MB/66MB, paused 1.473ms total 37.648ms
08-05 19:54:36.128 30457 30485 I art     : Starting a blocking GC Explicit
08-05 19:54:36.169 30457 30485 I art     : Explicit concurrent mark sweep GC freed 20(688B) AllocSpace objects, 0(0B) LOS objects, 23% free, 50MB/66MB, paused 1.582ms total 40.072ms
08-05 19:54:36.181 30457 30485 I art     : Starting a blocking GC Explicit
08-05 19:54:36.221 30457 30485 I art     : Explicit concurrent mark sweep GC freed 3(96B) AllocSpace objects, 0(0B) LOS objects, 23% free, 50MB/66MB, paused 1.520ms total 39.902ms
08-05 19:54:36.233 30457 30485 I art     : Starting a blocking GC Explicit
08-05 19:54:36.275 30457 30485 I art     : Explicit concurrent mark sweep GC freed 3(96B) AllocSpace objects, 0(0B) LOS objects, 23% free, 50MB/66MB, paused 1.546ms total 41.725ms
08-05 19:54:36.332 27644 27644 I ServiceManager: Waiting for service AtCmdFwd...
08-05 19:54:36.634 13866 13882 I PeriodicStatsRunner: PeriodicStatsRunner.call():175 call()
08-05 19:54:36.635 13866 13882 I PeriodicStatsRunner: PeriodicStatsRunner.call():179 No submit PeriodicStats since input started.
08-05 19:54:36.638 30457 31586 I art     : Starting a blocking GC Explicit
08-05 19:54:36.684 30457 31586 I art     : Explicit concurrent mark sweep GC freed 1382(81KB) AllocSpace objects, 1(20KB) LOS objects, 23% free, 50MB/66MB, paused 1.543ms total 45.102ms
08-05 19:54:36.697 30457 31586 I art     : Starting a blocking GC Explicit
08-05 19:54:36.741 30457 31586 I art     : Explicit concurrent mark sweep GC freed 23(768B) AllocSpace objects, 0(0B) LOS objects, 23% free, 50MB/66MB, paused 1.617ms total 43.444ms
08-05 19:54:36.754 30457 31586 I art     : Starting a blocking GC Explicit
08-05 19:54:36.791   518   646 I ThermalEngine: ACTION: GPU - Setting GPU[0] to 390000000
08-05 19:54:36.811 30457 31586 I art     : Explicit concurrent mark sweep GC freed 3(96B) AllocSpace objects, 0(0B) LOS objects, 23% free, 50MB/66MB, paused 2.777ms total 56.752ms
08-05 19:54:36.831 30457 31586 I art     : Starting a blocking GC Explicit
08-05 19:54:36.888 30457 31586 I art     : Explicit concurrent mark sweep GC freed 32(880B) AllocSpace objects, 0(0B) LOS objects, 23% free, 50MB/66MB, paused 2.415ms total 57.110ms
08-05 19:54:36.909 30457 31586 I art     : Starting a blocking GC Explicit
08-05 19:54:36.965 30457 31586 I art     : Explicit concurrent mark sweep GC freed 3(96B) AllocSpace objects, 0(0B) LOS objects, 23% free, 50MB/66MB, paused 2.282ms total 56.112ms
08-05 19:54:37.333 27644 27644 I ServiceManager: Waiting for service AtCmdFwd...
08-05 19:54:37.396 30457 31586 I art     : Starting a blocking GC Explicit
08-05 19:54:37.454 30457 31586 I art     : Explicit concurrent mark sweep GC freed 1431(82KB) AllocSpace objects, 1(20KB) LOS objects, 23% free, 50MB/66MB, paused 2.680ms total 57.645ms
08-05 19:54:37.474 30457 31586 I art     : Starting a blocking GC Explicit
08-05 19:54:37.530 30457 31586 I art     : Explicit concurrent mark sweep GC freed 44(1456B) AllocSpace objects, 0(0B) LOS objects, 23% free, 50MB/66MB, paused 2.373ms total 55.269ms
08-05 19:54:37.548 30457 31586 I art     : Starting a blocking GC Explicit
08-05 19:54:37.603 30457 31586 I art     : Explicit concurrent mark sweep GC freed 3(96B) AllocSpace objects, 0(0B) LOS objects, 23% free, 50MB/66MB, paused 2.555ms total 54.210ms
08-05 19:54:37.622 30457 31586 I art     : Starting a blocking GC Explicit
08-05 19:54:37.678 30457 31586 I art     : Explicit concurrent mark sweep GC freed 3(96B) AllocSpace objects, 0(0B) LOS objects, 23% free, 50MB/66MB, paused 2.443ms total 54.750ms
08-05 19:54:37.697 30457 31586 I art     : Starting a blocking GC Explicit
08-05 19:54:37.751 30457 31586 I art     : Explicit concurrent mark sweep GC freed 3(96B) AllocSpace objects, 0(0B) LOS objects, 23% free, 50MB/66MB, paused 2.526ms total 53.382ms
08-05 19:54:38.182 30457 30470 I art     : Starting a blocking GC Explicit
08-05 19:54:38.251 30457 30470 I art     : Explicit concurrent mark sweep GC freed 1448(83KB) AllocSpace objects, 1(20KB) LOS objects, 23% free, 50MB/66MB, paused 3.454ms total 68.177ms
08-05 19:54:38.274 30457 30470 I art     : Starting a blocking GC Explicit
08-05 19:54:38.332 30457 30470 I art     : Explicit concurrent mark sweep GC freed 23(752B) AllocSpace objects, 0(0B) LOS objects, 23% free, 50MB/66MB, paused 2.984ms total 57.645ms
08-05 19:54:38.333 27644 27644 I ServiceManager: Waiting for service AtCmdFwd...
08-05 19:54:38.356 30457 30470 I art     : Starting a blocking GC Explicit
08-05 19:54:38.414 30457 30470 I art     : Explicit concurrent mark sweep GC freed 3(96B) AllocSpace objects, 0(0B) LOS objects, 23% free, 50MB/66MB, paused 2.600ms total 57.029ms
08-05 19:54:38.433 30457 30470 I art     : Starting a blocking GC Explicit
08-05 19:54:38.490 30457 30470 I art     : Explicit concurrent mark sweep GC freed 3(96B) AllocSpace objects, 0(0B) LOS objects, 23% free, 50MB/66MB, paused 2.440ms total 55.985ms
08-05 19:54:38.510 30457 30470 I art     : Starting a blocking GC Explicit
08-05 19:54:38.566 30457 30470 I art     : Explicit concurrent mark sweep GC freed 3(96B) AllocSpace objects, 0(0B) LOS objects, 23% free, 50MB/66MB, paused 2.265ms total 55.351ms
08-05 19:54:38.794   518   646 I ThermalEngine: ACTION: GPU - Setting GPU[0] to 450000000
08-05 19:54:38.959 30457 30485 I art     : Starting a blocking GC Explicit
08-05 19:54:39.018 30457 30485 I art     : Explicit concurrent mark sweep GC freed 1410(81KB) AllocSpace objects, 1(20KB) LOS objects, 23% free, 50MB/66MB, paused 1.741ms total 58.370ms
08-05 19:54:39.033 30457 30485 I art     : Starting a blocking GC Explicit
08-05 19:54:39.081 30457 30485 I art     : Explicit concurrent mark sweep GC freed 23(752B) AllocSpace objects, 0(0B) LOS objects, 23% free, 50MB/66MB, paused 1.679ms total 47.411ms
08-05 19:54:39.095 30457 30485 I art     : Starting a blocking GC Explicit
08-05 19:54:39.141 30457 30485 I art     : Explicit concurrent mark sweep GC freed 3(96B) AllocSpace objects, 0(0B) LOS objects, 23% free, 50MB/66MB, paused 1.673ms total 46.380ms
08-05 19:54:39.155 30457 30485 I art     : Starting a blocking GC Explicit
08-05 19:54:39.203 30457 30485 I art     : Explicit concurrent mark sweep GC freed 3(96B) AllocSpace objects, 0(0B) LOS objects, 23% free, 50MB/66MB, paused 1.629ms total 48.445ms
08-05 19:54:39.217 30457 30485 I art     : Starting a blocking GC Explicit
08-05 19:54:39.262 30457 30485 I art     : Explicit concurrent mark sweep GC freed 3(96B) AllocSpace objects, 0(0B) LOS objects, 23% free, 50MB/66MB, paused 1.557ms total 44.247ms
08-05 19:54:39.334 27644 27644 I ServiceManager: Waiting for service AtCmdFwd...
08-05 19:54:39.649 30457 30471 I art     : Starting a blocking GC Explicit
08-05 19:54:39.713 30457 30471 I art     : Explicit concurrent mark sweep GC freed 1382(82KB) AllocSpace objects, 1(20KB) LOS objects, 23% free, 50MB/66MB, paused 1.771ms total 63.613ms
08-05 19:54:39.730 30457 30471 I art     : Starting a blocking GC Explicit
08-05 19:54:39.777 30457 30471 I art     : Explicit concurrent mark sweep GC freed 23(752B) AllocSpace objects, 0(0B) LOS objects, 23% free, 50MB/66MB, paused 1.645ms total 45.958ms
08-05 19:54:39.790 30457 30471 I art     : Starting a blocking GC Explicit
08-05 19:54:39.839 30457 30471 I art     : Explicit concurrent mark sweep GC freed 3(96B) AllocSpace objects, 0(0B) LOS objects, 23% free, 50MB/66MB, paused 1.602ms total 48.701ms
08-05 19:54:39.853 30457 30471 I art     : Starting a blocking GC Explicit
08-05 19:54:39.899 30457 30471 I art     : Explicit concurrent mark sweep GC freed 32(880B) AllocSpace objects, 0(0B) LOS objects, 23% free, 50MB/66MB, paused 1.759ms total 45.866ms
08-05 19:54:39.912 30457 30471 I art     : Starting a blocking GC Explicit
08-05 19:54:39.961 30457 30471 I art     : Explicit concurrent mark sweep GC freed 3(96B) AllocSpace objects, 0(0B) LOS objects, 23% free, 50MB/66MB, paused 1.767ms total 48.030ms
08-05 19:54:40.334 27644 27644 W Atfwd_Sendcmd: AtCmdFwd service not published, waiting... retryCnt : 2
08-05 19:54:40.370 30457 31586 I art     : Starting a blocking GC Explicit
08-05 19:54:40.427 30457 31586 I art     : Explicit concurrent mark sweep GC freed 1384(81KB) AllocSpace objects, 1(20KB) LOS objects, 23% free, 50MB/66MB, paused 1.776ms total 56.523ms
08-05 19:54:40.443 30457 31586 I art     : Starting a blocking GC Explicit
08-05 19:54:40.490 30457 31586 I art     : Explicit concurrent mark sweep GC freed 23(752B) AllocSpace objects, 0(0B) LOS objects, 23% free, 50MB/66MB, paused 1.613ms total 47.021ms
08-05 19:54:40.504 30457 31586 I art     : Starting a blocking GC Explicit
08-05 19:54:40.552 30457 31586 I art     : Explicit concurrent mark sweep GC freed 3(96B) AllocSpace objects, 0(0B) LOS objects, 23% free, 50MB/66MB, paused 1.601ms total 47.956ms
08-05 19:54:40.565 30457 31586 I art     : Starting a blocking GC Explicit
08-05 19:54:40.613 30457 31586 I art     : Explicit concurrent mark sweep GC freed 3(96B) AllocSpace objects, 0(0B) LOS objects, 23% free, 50MB/66MB, paused 1.580ms total 47.356ms
08-05 19:54:40.626 30457 31586 I art     : Starting a blocking GC Explicit
08-05 19:54:40.675 30457 31586 I art     : Explicit concurrent mark sweep GC freed 3(96B) AllocSpace objects, 0(0B) LOS objects, 23% free, 50MB/66MB, paused 1.739ms total 47.856ms
08-05 19:54:41.070 30457 30470 I art     : Starting a blocking GC Explicit
08-05 19:54:41.131 30457 30470 I art     : Explicit concurrent mark sweep GC freed 1410(81KB) AllocSpace objects, 1(20KB) LOS objects, 23% free, 50MB/66MB, paused 1.851ms total 60.280ms
08-05 19:54:41.148 30457 30470 I art     : Starting a blocking GC Explicit
08-05 19:54:41.196 30457 30470 I art     : Explicit concurrent mark sweep GC freed 23(752B) AllocSpace objects, 0(0B) LOS objects, 23% free, 50MB/66MB, paused 1.683ms total 47.710ms
08-05 19:54:41.212 30457 30470 I art     : Starting a blocking GC Explicit
08-05 19:54:41.261 30457 30470 I art     : Explicit concurrent mark sweep GC freed 3(96B) AllocSpace objects, 0(0B) LOS objects, 23% free, 50MB/66MB, paused 1.580ms total 48.501ms
08-05 19:54:41.274 30457 30470 I art     : Starting a blocking GC Explicit
08-05 19:54:41.323 30457 30470 I art     : Explicit concurrent mark sweep GC freed 3(96B) AllocSpace objects, 0(0B) LOS objects, 23% free, 50MB/66MB, paused 1.654ms total 48.843ms
08-05 19:54:41.337 30457 30470 I art     : Starting a blocking GC Explicit
08-05 19:54:41.382 30457 30470 I art     : Explicit concurrent mark sweep GC freed 3(96B) AllocSpace objects, 0(0B) LOS objects, 23% free, 50MB/66MB, paused 1.647ms total 44.735ms
08-05 19:54:41.781 30457 30485 I art     : Starting a blocking GC Explicit
08-05 19:54:41.834 30457 30485 I art     : Explicit concurrent mark sweep GC freed 1381(81KB) AllocSpace objects, 1(20KB) LOS objects, 23% free, 50MB/66MB, paused 1.698ms total 52.708ms
08-05 19:54:41.849 30457 30485 I art     : Starting a blocking GC Explicit
08-05 19:54:41.895 30457 30485 I art     : Explicit concurrent mark sweep GC freed 52(1536B) AllocSpace objects, 0(0B) LOS objects, 23% free, 50MB/66MB, paused 1.644ms total 45.659ms
08-05 19:54:41.908 30457 30485 I art     : Starting a blocking GC Explicit
08-05 19:54:41.954 30457 30485 I art     : Explicit concurrent mark sweep GC freed 3(96B) AllocSpace objects, 0(0B) LOS objects, 23% free, 50MB/66MB, paused 1.615ms total 45.329ms
08-05 19:54:41.967 30457 30485 I art     : Starting a blocking GC Explicit
08-05 19:54:42.011 30457 30485 I art     : Explicit concurrent mark sweep GC freed 3(96B) AllocSpace objects, 0(0B) LOS objects, 23% free, 50MB/66MB, paused 1.689ms total 43.702ms
08-05 19:54:42.024 30457 30485 I art     : Starting a blocking GC Explicit
08-05 19:54:42.070 30457 30485 I art     : Explicit concurrent mark sweep GC freed 3(96B) AllocSpace objects, 0(0B) LOS objects, 23% free, 50MB/66MB, paused 1.657ms total 45.480ms
08-05 19:54:42.230  1678  1678 D AndroidRuntime: >>>>>> START com.android.internal.os.RuntimeInit uid 2000 <<<<<<
08-05 19:54:42.237  1678  1678 D AndroidRuntime: CheckJNI is OFF
08-05 19:54:42.278  1678  1678 D ICU     : No timezone override file found: /data/misc/zoneinfo/current/icu/icu_tzdata.dat
08-05 19:54:42.319  1678  1678 I Radio-JNI: register_android_hardware_Radio DONE
08-05 19:54:42.348  1678  1678 D AndroidRuntime: Calling main entry com.android.commands.input.Input
08-05 19:54:42.350  1678  1678 I Input   : injectMotionEvent: MotionEvent { action=ACTION_DOWN, actionButton=0, id[0]=0, x[0]=526.0, y[0]=597.0, toolType[0]=TOOL_TYPE_UNKNOWN, buttonState=0, metaState=0, flags=0x0, edgeFlags=0x0, pointerCount=1, historySize=0, eventTime=820498763, downTime=820498763, deviceId=0, source=0x1002 }
08-05 19:54:42.354  1678  1678 I Input   : injectMotionEvent: MotionEvent { action=ACTION_UP, actionButton=0, id[0]=0, x[0]=526.0, y[0]=597.0, toolType[0]=TOOL_TYPE_UNKNOWN, buttonState=0, metaState=0, flags=0x0, edgeFlags=0x0, pointerCount=1, historySize=0, eventTime=820498763, downTime=820498763, deviceId=0, source=0x1002 }
08-05 19:54:42.356  1678  1678 D AndroidRuntime: Shutting down VM
08-05 19:54:42.421 30457 30457 D PodcastListFragment: Selected podcast: GpodnetPodcast [url=http://feeds.feedburner.com/linuxoutlaws, title=Linux Outlaws, description=Two pragmatic geeks talk about the latest news concerning Linux, free and open
08-05 19:54:42.421 30457 30457 D PodcastListFragment: technology or anything else they deem noteworthy which may include such absurd
08-05 19:54:42.421 30457 30457 D PodcastListFragment: things as hockey or bands you never heard of. This means there's many a joke
08-05 19:54:42.421 30457 30457 D PodcastListFragment: and derailed conversation along the way, so don't come here expecting only
08-05 19:54:42.421 30457 30457 D PodcastListFragment: Linux or software freedom talk  just sit back and relax, partner., subscribers=3321, logoUrl=http://sixgun.org/files/linuxoutlaws.jpg, website=http://sixgun.org, mygpoLink=http://gpodder.net/podcast/linux-outlaws-mp3]
08-05 19:54:42.424   512  2967 D audio_hw_primary: out_set_parameters: enter: usecase(1: low-latency-playback) kvpairs: routing=2
08-05 19:54:42.424   918  6111 I ActivityManager: START u0 {cmp=baseline.de.danoeh.antennapod.debug/baseline.de.danoeh.antennapod.activity.OnlineFeedViewActivity (has extras)} from uid 10695 on display 0
08-05 19:54:42.437   512  2967 D audio_hw_primary: select_devices: out_snd_device(2: speaker) in_snd_device(0: none)
08-05 19:54:42.437   512  2967 D msm8974_platform: platform_send_audio_calibration: sending audio calibration for snd_device(2) acdb_id(15)
08-05 19:54:42.437   512  2967 I soundtrigger: audio_extn_sound_trigger_update_device_status: device 0x2 of type 0 for Event 1
08-05 19:54:42.444 30457 30471 I art     : Starting a blocking GC Explicit
08-05 19:54:42.451   512  2967 D audio_hw_primary: enable_snd_device: snd_device(2: speaker)
08-05 19:54:42.453   512  2967 D audio_hw_primary: enable_audio_route: apply and update mixer path: low-latency-playback speaker
08-05 19:54:42.462 30457 30457 D UserPreferences: Using default data folder
08-05 19:54:42.464 30457 30457 D OnlineFeedViewActivity: Activity was started with url http://feeds.feedburner.com/linuxoutlaws
08-05 19:54:42.467 30457 30457 D OnlineFeedViewActivity: Starting feed download
08-05 19:54:42.470 30457 30985 D DBReader: Extracting Feedlist
08-05 19:54:42.475   918  3670 D WifiService: acquireWifiLockLocked: WifiLock{Downloader type=1 binder=android.os.BinderProxy@9b24db3}
08-05 19:54:42.476 30457 30985 D AntennapodHttpClient: Creating new instance of HTTP client
08-05 19:54:42.490 30457 30471 I art     : Explicit concurrent mark sweep GC freed 2620(180KB) AllocSpace objects, 1(20KB) LOS objects, 23% free, 51MB/67MB, paused 1.814ms total 46.387ms
08-05 19:54:42.502 30457 30471 I art     : Starting a blocking GC Explicit
08-05 19:54:42.529 13866 13866 I GoogleInputMethodServic: GoogleInputMethodService.onFinishInput():3138 
08-05 19:54:42.530 13866 13866 I GoogleInputMethodServic: GoogleInputMethodService.onStartInput():1808 
08-05 19:54:42.542 30457 30471 I art     : Explicit concurrent mark sweep GC freed 430(18KB) AllocSpace objects, 0(0B) LOS objects, 23% free, 51MB/67MB, paused 1.767ms total 39.835ms
08-05 19:54:42.550   918   936 I ActivityManager: Displayed baseline.de.danoeh.antennapod.debug/baseline.de.danoeh.antennapod.activity.OnlineFeedViewActivity: +113ms
08-05 19:54:42.558 30457 30471 I art     : Starting a blocking GC Explicit
08-05 19:54:42.589 30457 30479 D OpenGLRenderer: endAllStagingAnimators on 0x7f796a8c00 (GridView) with handle 0x7f76c178a0
08-05 19:54:42.605 30457 30471 I art     : Explicit concurrent mark sweep GC freed 108(5KB) AllocSpace objects, 0(0B) LOS objects, 23% free, 51MB/67MB, paused 1.543ms total 46.610ms
08-05 19:54:42.618 30457 30471 I art     : Starting a blocking GC Explicit
08-05 19:54:42.630 30457 30985 D MYTAG   : interceptor 3a http://feeds.feedburner.com/linuxoutlaws
08-05 19:54:42.631 30457 30985 I NAPPA_EXPERIMENTATION: MetricNetworkRequestExecutionTime: REQUEST_DURATION_SYSTEM='154',REQUEST_DURATION_OKHTTP='39',REQUEST_SYNCHRONOUS='TRUE',RESPONSE_CODE='200',RESPONSE_METHOD='GET',RESPONSE_LENGTH_OKHTTP='-1',RESPONSE_LENGTH_HEADER='-2',REQUEST_PROTOCOL='http/1.1',REQUEST_URL='http://feeds.feedburner.com/linuxoutlaws',
08-05 19:54:42.631 30457 30985 D HttpDownloader: Response code is 200
08-05 19:54:42.631 30457 30985 D UserPreferences: Using default data folder
08-05 19:54:42.633 30457 30985 D HttpDownloader: Getting size of download
08-05 19:54:42.634 30457 30985 D HttpDownloader: Size is -1
08-05 19:54:42.634 30457 30985 D UserPreferences: Using default data folder
08-05 19:54:42.634 30457 30985 D HttpDownloader: Free space is 20171575296
08-05 19:54:42.634 30457 30985 D HttpDownloader: Starting download
08-05 19:54:42.658 30457 30471 I art     : Explicit concurrent mark sweep GC freed 203(17KB) AllocSpace objects, 0(0B) LOS objects, 23% free, 51MB/67MB, paused 1.583ms total 39.482ms
08-05 19:54:42.661 30457 30985 D HttpDownloader: Download was successful
08-05 19:54:42.662   918  3696 D WifiService: releaseWifiLockLocked: WifiLock{Downloader type=1 binder=android.os.BinderProxy@9b24db3}
08-05 19:54:42.663 30457 30457 D OnlineFeedViewActivity: Parsing feed
08-05 19:54:42.667 30457  1702 D TypeGetter: Recognized type RSS 2.0
08-05 19:54:42.669 30457  1702 D SyndHandler: Recognized Content namespace
08-05 19:54:42.670 30457  1702 D SyndHandler: Recognized DublinCore namespace
08-05 19:54:42.670 30457  1702 D SyndHandler: Recognized Atom namespace
08-05 19:54:42.670 30457  1702 D SyndHandler: Recognized ITunes namespace
08-05 19:54:42.670 30457  1702 D SyndHandler: Recognized media namespace
08-05 19:54:42.671 30457 30471 I art     : Starting a blocking GC Explicit
08-05 19:54:42.716 30457 30471 I art     : Explicit concurrent mark sweep GC freed 1879(400KB) AllocSpace objects, 3(60KB) LOS objects, 23% free, 51MB/67MB, paused 1.973ms total 44.363ms
08-05 19:54:42.719 30457  1702 D OnlineFeedViewActivity: Deleted feed source file. Result: true
08-05 19:54:42.720 30457 30457 D OnlineFeedViewActivity: Removing HTML from shownotes
08-05 19:54:42.739 30457 31358 D ApOkHttpUrlLoader: buildLoadData() called with: model = [http://sixgun.org/files/linuxoutlaws.jpg], width = [350], height = [350]
08-05 19:54:42.741 30457 31194 D DBReader: getImageAuthentication() called with: imageUrl = [http://sixgun.org/files/linuxoutlaws.jpg]
08-05 19:54:42.743 30457 31194 D ApOkHttpUrlLoader: no credentials for 'http://sixgun.org/files/linuxoutlaws.jpg'
08-05 19:54:42.780 30457 31194 D DBWriter: updateFeedDownloadURL(original: http://sixgun.org/files/linuxoutlaws.jpg, updated: https://fab.industries/sixgun/files/linuxoutlaws.jpg)
08-05 19:54:42.784   380   380 W SurfaceFlinger: couldn't log to binary event log: overflow.
08-05 19:54:42.926 30457 30457 D PlaybackController: Releasing PlaybackController
08-05 19:54:42.931 30457 31194 D MYTAG   : interceptor 2a
08-05 19:54:42.932 30457 31194 I NAPPA_EXPERIMENTATION: MetricNetworkRequestExecutionTime: REQUEST_DURATION_SYSTEM='187',REQUEST_DURATION_OKHTTP='149',REQUEST_SYNCHRONOUS='TRUE',RESPONSE_CODE='404',RESPONSE_METHOD='GET',RESPONSE_LENGTH_OKHTTP='-1',RESPONSE_LENGTH_HEADER='1503',REQUEST_PROTOCOL='h2',REQUEST_URL='https://fab.industries/sixgun/files/linuxoutlaws.jpg',
08-05 19:54:42.946 30457 30457 W Glide   : Load failed for http://sixgun.org/files/linuxoutlaws.jpg with size [350x350]
08-05 19:54:42.946 30457 30457 W Glide   : class com.bumptech.glide.load.engine.GlideException: Failed to load resource
08-05 19:54:42.946 30457 30457 W Glide   : There was 1 cause:
08-05 19:54:42.946 30457 30457 W Glide   : com.bumptech.glide.load.HttpException()
08-05 19:54:42.946 30457 30457 W Glide   :  call GlideException#logRootCauses(String) for more detail
08-05 19:54:42.946 30457 30457 W Glide   :   Cause (1 of 1): class com.bumptech.glide.load.engine.GlideException: Fetching data failed, class java.io.InputStream, REMOTE
08-05 19:54:42.946 30457 30457 W Glide   : There was 1 cause:
08-05 19:54:42.946 30457 30457 W Glide   : com.bumptech.glide.load.HttpException()
08-05 19:54:42.946 30457 30457 W Glide   :  call GlideException#logRootCauses(String) for more detail
08-05 19:54:42.946 30457 30457 W Glide   :     Cause (1 of 1): class com.bumptech.glide.load.HttpException: 
08-05 19:54:42.946 30457 30457 I Glide   : Root cause (1 of 1)
08-05 19:54:42.946 30457 30457 I Glide   : com.bumptech.glide.load.HttpException: 
08-05 19:54:42.946 30457 30457 I Glide   : 	at com.bumptech.glide.integration.okhttp3.OkHttpStreamFetcher.onResponse(OkHttpStreamFetcher.java:73)
08-05 19:54:42.946 30457 30457 I Glide   : 	at okhttp3.RealCall$AsyncCall.execute(RealCall.java:174)
08-05 19:54:42.946 30457 30457 I Glide   : 	at okhttp3.internal.NamedRunnable.run(NamedRunnable.java:32)
08-05 19:54:42.946 30457 30457 I Glide   : 	at java.util.concurrent.ThreadPoolExecutor.runWorker(ThreadPoolExecutor.java:1113)
08-05 19:54:42.946 30457 30457 I Glide   : 	at java.util.concurrent.ThreadPoolExecutor$Worker.run(ThreadPoolExecutor.java:588)
08-05 19:54:42.946 30457 30457 I Glide   : 	at java.lang.Thread.run(Thread.java:818)
08-05 19:54:42.998   512  2967 D audio_hw_primary: disable_audio_route: reset and update mixer path: low-latency-playback speaker
08-05 19:54:42.999   512  2967 D audio_hw_primary: disable_snd_device: snd_device(2: speaker)
08-05 19:54:43.007   512  2967 I soundtrigger: audio_extn_sound_trigger_update_device_status: device 0x2 of type 0 for Event 0
08-05 19:54:43.053 30457 30485 I art     : Starting a blocking GC Explicit
08-05 19:54:43.111 30457 30485 I art     : Explicit concurrent mark sweep GC freed 6309(511KB) AllocSpace objects, 12(768KB) LOS objects, 23% free, 51MB/67MB, paused 1.854ms total 57.383ms
08-05 19:54:43.127 30457 30485 I art     : Starting a blocking GC Explicit
08-05 19:54:43.172 30457 30485 I art     : Explicit concurrent mark sweep GC freed 689(32KB) AllocSpace objects, 1(112KB) LOS objects, 23% free, 51MB/67MB, paused 1.620ms total 45.378ms
08-05 19:54:43.186 30457 30485 I art     : Starting a blocking GC Explicit
08-05 19:54:43.233 30457 30485 I art     : Explicit concurrent mark sweep GC freed 3(96B) AllocSpace objects, 0(0B) LOS objects, 23% free, 51MB/67MB, paused 1.605ms total 46.433ms
08-05 19:54:43.246 30457 30485 I art     : Starting a blocking GC Explicit
08-05 19:54:43.291 30457 30485 I art     : Explicit concurrent mark sweep GC freed 3(96B) AllocSpace objects, 0(0B) LOS objects, 23% free, 51MB/67MB, paused 1.570ms total 45.010ms
08-05 19:54:43.305 30457 30485 I art     : Starting a blocking GC Explicit
08-05 19:54:43.350 30457 30485 I art     : Explicit concurrent mark sweep GC freed 3(96B) AllocSpace objects, 0(0B) LOS objects, 23% free, 51MB/67MB, paused 1.617ms total 45.174ms
08-05 19:54:43.726 30457 31586 I art     : Starting a blocking GC Explicit
08-05 19:54:43.787 30457 31586 I art     : Explicit concurrent mark sweep GC freed 1381(81KB) AllocSpace objects, 1(20KB) LOS objects, 23% free, 51MB/67MB, paused 1.728ms total 60.560ms
08-05 19:54:43.802 30457 31586 I art     : Starting a blocking GC Explicit
08-05 19:54:43.848 30457 31586 I art     : Explicit concurrent mark sweep GC freed 23(752B) AllocSpace objects, 0(0B) LOS objects, 23% free, 51MB/67MB, paused 1.751ms total 45.543ms
08-05 19:54:43.862 30457 31586 I art     : Starting a blocking GC Explicit
08-05 19:54:43.908 30457 31586 I art     : Explicit concurrent mark sweep GC freed 32(880B) AllocSpace objects, 0(0B) LOS objects, 23% free, 51MB/67MB, paused 1.765ms total 46.343ms
08-05 19:54:43.922 30457 31586 I art     : Starting a blocking GC Explicit
08-05 19:54:43.967 30457 31586 I art     : Explicit concurrent mark sweep GC freed 3(96B) AllocSpace objects, 0(0B) LOS objects, 23% free, 51MB/67MB, paused 1.688ms total 45.266ms
08-05 19:54:43.981 30457 31586 I art     : Starting a blocking GC Explicit
08-05 19:54:44.028 30457 31586 I art     : Explicit concurrent mark sweep GC freed 3(96B) AllocSpace objects, 0(0B) LOS objects, 23% free, 51MB/67MB, paused 1.686ms total 46.528ms
08-05 19:54:44.028 30457 30468 I art     : WaitForGcToComplete blocked for 9.313ms for cause HeapTrim
08-05 19:54:44.424 30457 30470 I art     : Starting a blocking GC Explicit
08-05 19:54:44.473 30457 30470 I art     : Explicit concurrent mark sweep GC freed 1396(81KB) AllocSpace objects, 1(20KB) LOS objects, 23% free, 51MB/67MB, paused 2.036ms total 48.732ms
08-05 19:54:44.488 30457 30470 I art     : Starting a blocking GC Explicit
08-05 19:54:44.534 30457 30470 I art     : Explicit concurrent mark sweep GC freed 32(1040B) AllocSpace objects, 0(0B) LOS objects, 23% free, 51MB/67MB, paused 1.664ms total 45.516ms
08-05 19:54:44.547 30457 30470 I art     : Starting a blocking GC Explicit
08-05 19:54:44.593 30457 30470 I art     : Explicit concurrent mark sweep GC freed 8(256B) AllocSpace objects, 0(0B) LOS objects, 23% free, 51MB/67MB, paused 1.489ms total 45.469ms
08-05 19:54:44.607 30457 30470 I art     : Starting a blocking GC Explicit
08-05 19:54:44.653 30457 30470 I art     : Explicit concurrent mark sweep GC freed 4(128B) AllocSpace objects, 0(0B) LOS objects, 23% free, 51MB/67MB, paused 1.510ms total 45.585ms
08-05 19:54:44.666 30457 30470 I art     : Starting a blocking GC Explicit
08-05 19:54:44.714 30457 30470 I art     : Explicit concurrent mark sweep GC freed 3(96B) AllocSpace objects, 0(0B) LOS objects, 23% free, 51MB/67MB, paused 1.684ms total 47.313ms
08-05 19:54:45.125 30457 31586 I art     : Starting a blocking GC Explicit
08-05 19:54:45.186 30457 31586 I art     : Explicit concurrent mark sweep GC freed 1410(81KB) AllocSpace objects, 1(20KB) LOS objects, 23% free, 51MB/67MB, paused 1.601ms total 60.401ms
08-05 19:54:45.200 30457 31586 I art     : Starting a blocking GC Explicit
08-05 19:54:45.250 30457 31586 I art     : Explicit concurrent mark sweep GC freed 23(752B) AllocSpace objects, 0(0B) LOS objects, 23% free, 51MB/67MB, paused 1.702ms total 50.255ms
08-05 19:54:45.264 30457 31586 I art     : Starting a blocking GC Explicit
08-05 19:54:45.314 30457 31586 I art     : Explicit concurrent mark sweep GC freed 3(96B) AllocSpace objects, 0(0B) LOS objects, 23% free, 51MB/67MB, paused 1.625ms total 49.083ms
08-05 19:54:45.327 30457 31586 I art     : Starting a blocking GC Explicit
08-05 19:54:45.379 30457 31586 I art     : Explicit concurrent mark sweep GC freed 3(96B) AllocSpace objects, 0(0B) LOS objects, 23% free, 51MB/67MB, paused 1.984ms total 50.927ms
08-05 19:54:45.395 30457 31586 I art     : Starting a blocking GC Explicit
08-05 19:54:45.444 30457 31586 I art     : Explicit concurrent mark sweep GC freed 3(96B) AllocSpace objects, 0(0B) LOS objects, 23% free, 51MB/67MB, paused 1.581ms total 48.272ms
08-05 19:54:45.831 30457 30485 I art     : Starting a blocking GC Explicit
08-05 19:54:45.897 30457 30485 I art     : Explicit concurrent mark sweep GC freed 1410(81KB) AllocSpace objects, 1(20KB) LOS objects, 23% free, 51MB/67MB, paused 1.799ms total 65.883ms
08-05 19:54:45.913 30457 30485 I art     : Starting a blocking GC Explicit
08-05 19:54:45.963 30457 30485 I art     : Explicit concurrent mark sweep GC freed 23(752B) AllocSpace objects, 0(0B) LOS objects, 23% free, 51MB/67MB, paused 1.666ms total 49.654ms
08-05 19:54:45.977 30457 30485 I art     : Starting a blocking GC Explicit
08-05 19:54:46.028 30457 30485 I art     : Explicit concurrent mark sweep GC freed 3(96B) AllocSpace objects, 0(0B) LOS objects, 23% free, 51MB/67MB, paused 1.784ms total 50.239ms
08-05 19:54:46.041 30457 30485 I art     : Starting a blocking GC Explicit
08-05 19:54:46.091 30457 30485 I art     : Explicit concurrent mark sweep GC freed 3(96B) AllocSpace objects, 0(0B) LOS objects, 23% free, 51MB/67MB, paused 1.689ms total 48.890ms
08-05 19:54:46.105 30457 30485 I art     : Starting a blocking GC Explicit
08-05 19:54:46.156 30457 30485 I art     : Explicit concurrent mark sweep GC freed 3(96B) AllocSpace objects, 0(0B) LOS objects, 23% free, 51MB/67MB, paused 1.653ms total 50.979ms
08-05 19:54:46.588 30457 30471 I art     : Starting a blocking GC Explicit
08-05 19:54:46.635 30457 30471 I art     : Explicit concurrent mark sweep GC freed 1382(83KB) AllocSpace objects, 1(20KB) LOS objects, 23% free, 51MB/67MB, paused 1.702ms total 47.249ms
08-05 19:54:46.649 30457 30471 I art     : Starting a blocking GC Explicit
08-05 19:54:46.693 30457 30471 I art     : Explicit concurrent mark sweep GC freed 23(752B) AllocSpace objects, 0(0B) LOS objects, 23% free, 51MB/67MB, paused 1.693ms total 43.163ms
08-05 19:54:46.706 30457 30471 I art     : Starting a blocking GC Explicit
08-05 19:54:46.753 30457 30471 I art     : Explicit concurrent mark sweep GC freed 3(96B) AllocSpace objects, 0(0B) LOS objects, 23% free, 51MB/67MB, paused 1.858ms total 46.707ms
08-05 19:54:46.767 30457 30471 I art     : Starting a blocking GC Explicit
08-05 19:54:46.812 30457 30471 I art     : Explicit concurrent mark sweep GC freed 3(96B) AllocSpace objects, 0(0B) LOS objects, 23% free, 51MB/67MB, paused 1.670ms total 45.397ms
08-05 19:54:46.826 30457 30471 I art     : Starting a blocking GC Explicit
08-05 19:54:46.873 30457 30471 I art     : Explicit concurrent mark sweep GC freed 3(96B) AllocSpace objects, 0(0B) LOS objects, 23% free, 51MB/67MB, paused 1.688ms total 46.618ms
08-05 19:54:47.143  1763  1763 D AndroidRuntime: >>>>>> START com.android.internal.os.RuntimeInit uid 2000 <<<<<<
08-05 19:54:47.149  1763  1763 D AndroidRuntime: CheckJNI is OFF
08-05 19:54:47.192  1763  1763 D ICU     : No timezone override file found: /data/misc/zoneinfo/current/icu/icu_tzdata.dat
08-05 19:54:47.235  1763  1763 I Radio-JNI: register_android_hardware_Radio DONE
08-05 19:54:47.257 30457 30470 I art     : Starting a blocking GC Explicit
08-05 19:54:47.265  1763  1763 D AndroidRuntime: Calling main entry com.android.commands.input.Input
08-05 19:54:47.267  1763  1763 I Input   : injectKeyEvent: KeyEvent { action=ACTION_DOWN, keyCode=KEYCODE_BACK, scanCode=0, metaState=0, flags=0x0, repeatCount=0, eventTime=820503679, downTime=820503679, deviceId=-1, source=0x101 }
08-05 19:54:47.274  1763  1763 I Input   : injectKeyEvent: KeyEvent { action=ACTION_UP, keyCode=KEYCODE_BACK, scanCode=0, metaState=0, flags=0x0, repeatCount=0, eventTime=820503679, downTime=820503679, deviceId=-1, source=0x101 }
08-05 19:54:47.282  1763  1763 D AndroidRuntime: Shutting down VM
08-05 19:54:47.291 30457 30457 V PlaybackController: initServiceNotRunning()
08-05 19:54:47.292 30457 30457 D ExternalPlayerFragment: Loading media info
08-05 19:54:47.295 30457 31358 D ApOkHttpUrlLoader: buildLoadData() called with: model = [http://sixgun.org/files/linuxoutlaws.jpg], width = [224], height = [224]
08-05 19:54:47.298 30457 30457 D UserPreferences: Using default data folder
08-05 19:54:47.298 30457 31194 D DBReader: getImageAuthentication() called with: imageUrl = [http://sixgun.org/files/linuxoutlaws.jpg]
08-05 19:54:47.298 30457 30985 D DBReader: getNavDrawerData() called with: 
08-05 19:54:47.303 30457 30470 I art     : Explicit concurrent mark sweep GC freed 1736(103KB) AllocSpace objects, 1(20KB) LOS objects, 23% free, 51MB/67MB, paused 2.479ms total 45.564ms
08-05 19:54:47.305 30457 31194 D ApOkHttpUrlLoader: no credentials for 'http://sixgun.org/files/linuxoutlaws.jpg'
08-05 19:54:47.317 30457 30470 I art     : Starting a blocking GC Explicit
08-05 19:54:47.320 30457 30985 D DBReader: getDownloadedItems() called
08-05 19:54:47.322 30457 30985 D DBReader: getFavoriteIDList() called
08-05 19:54:47.323 30457 30985 D DBReader: getQueueIDList() called
08-05 19:54:47.323 30457 30985 D DBReader: Extracting Feedlist
08-05 19:54:47.351 30457 30457 D MainActivity: getLastNavFragment() -> AddFeedFragment
08-05 19:54:47.351 13866 13866 I GoogleInputMethodServic: GoogleInputMethodService.onFinishInput():3138 
08-05 19:54:47.351 13866 13866 I GoogleInputMethodServic: GoogleInputMethodService.onStartInput():1808 
08-05 19:54:47.359 30457 30470 I art     : Explicit concurrent mark sweep GC freed 773(53KB) AllocSpace objects, 0(0B) LOS objects, 23% free, 51MB/67MB, paused 2.633ms total 41.704ms
08-05 19:54:47.373 30457 30470 I art     : Starting a blocking GC Explicit
08-05 19:54:47.413 30457 30470 I art     : Explicit concurrent mark sweep GC freed 718(33KB) AllocSpace objects, 0(0B) LOS objects, 23% free, 51MB/67MB, paused 1.512ms total 40.398ms
08-05 19:54:47.426 30457 30470 I art     : Starting a blocking GC Explicit
08-05 19:54:47.438 30457 31194 D DBWriter: updateFeedDownloadURL(original: http://sixgun.org/files/linuxoutlaws.jpg, updated: https://fab.industries/sixgun/files/linuxoutlaws.jpg)
08-05 19:54:47.468 30457 30470 I art     : Explicit concurrent mark sweep GC freed 367(21KB) AllocSpace objects, 0(0B) LOS objects, 23% free, 51MB/67MB, paused 1.717ms total 41.883ms
08-05 19:54:47.481 30457 30470 I art     : Starting a blocking GC Explicit
08-05 19:54:47.524 30457 30470 I art     : Explicit concurrent mark sweep GC freed 19(784B) AllocSpace objects, 0(0B) LOS objects, 23% free, 51MB/67MB, paused 1.499ms total 42.578ms
08-05 19:54:47.529 13866 13882 I PeriodicStatsRunner: PeriodicStatsRunner.call():175 call()
08-05 19:54:47.530 13866 13882 I PeriodicStatsRunner: PeriodicStatsRunner.call():179 No submit PeriodicStats since input started.
08-05 19:54:47.584 30457 31194 D MYTAG   : interceptor 2a
08-05 19:54:47.585 30457 31194 I NAPPA_EXPERIMENTATION: MetricNetworkRequestExecutionTime: REQUEST_DURATION_SYSTEM='279',REQUEST_DURATION_OKHTTP='143',REQUEST_SYNCHRONOUS='TRUE',RESPONSE_CODE='404',RESPONSE_METHOD='GET',RESPONSE_LENGTH_OKHTTP='-1',RESPONSE_LENGTH_HEADER='1503',REQUEST_PROTOCOL='h2',REQUEST_URL='https://fab.industries/sixgun/files/linuxoutlaws.jpg',
08-05 19:54:47.586 30457 30457 W Glide   : Load failed for http://sixgun.org/files/linuxoutlaws.jpg with size [224x224]
08-05 19:54:47.586 30457 30457 W Glide   : class com.bumptech.glide.load.engine.GlideException: Failed to load resource
08-05 19:54:47.586 30457 30457 W Glide   : There was 1 cause:
08-05 19:54:47.586 30457 30457 W Glide   : com.bumptech.glide.load.HttpException()
08-05 19:54:47.586 30457 30457 W Glide   :  call GlideException#logRootCauses(String) for more detail
08-05 19:54:47.586 30457 30457 W Glide   :   Cause (1 of 1): class com.bumptech.glide.load.engine.GlideException: Fetching data failed, class java.io.InputStream, REMOTE
08-05 19:54:47.586 30457 30457 W Glide   : There was 1 cause:
08-05 19:54:47.586 30457 30457 W Glide   : com.bumptech.glide.load.HttpException()
08-05 19:54:47.586 30457 30457 W Glide   :  call GlideException#logRootCauses(String) for more detail
08-05 19:54:47.586 30457 30457 W Glide   :     Cause (1 of 1): class com.bumptech.glide.load.HttpException: 
08-05 19:54:47.586 30457 30457 I Glide   : Root cause (1 of 1)
08-05 19:54:47.586 30457 30457 I Glide   : com.bumptech.glide.load.HttpException: 
08-05 19:54:47.586 30457 30457 I Glide   : 	at com.bumptech.glide.integration.okhttp3.OkHttpStreamFetcher.onResponse(OkHttpStreamFetcher.java:73)
08-05 19:54:47.586 30457 30457 I Glide   : 	at okhttp3.RealCall$AsyncCall.execute(RealCall.java:174)
08-05 19:54:47.586 30457 30457 I Glide   : 	at okhttp3.internal.NamedRunnable.run(NamedRunnable.java:32)
08-05 19:54:47.586 30457 30457 I Glide   : 	at java.util.concurrent.ThreadPoolExecutor.runWorker(ThreadPoolExecutor.java:1113)
08-05 19:54:47.586 30457 30457 I Glide   : 	at java.util.concurrent.ThreadPoolExecutor$Worker.run(ThreadPoolExecutor.java:588)
08-05 19:54:47.586 30457 30457 I Glide   : 	at java.lang.Thread.run(Thread.java:818)
08-05 19:54:47.586 30457 30457 W Glide   : Load failed for http://sixgun.org/files/linuxoutlaws.jpg with size [224x224]
08-05 19:54:47.586 30457 30457 W Glide   : class com.bumptech.glide.load.engine.GlideException: Failed to load resource
08-05 19:54:47.586 30457 30457 W Glide   : There was 1 cause:
08-05 19:54:47.586 30457 30457 W Glide   : com.bumptech.glide.load.HttpException()
08-05 19:54:47.586 30457 30457 W Glide   :  call GlideException#logRootCauses(String) for more detail
08-05 19:54:47.586 30457 30457 W Glide   :   Cause (1 of 1): class com.bumptech.glide.load.engine.GlideException: Fetching data failed, class java.io.InputStream, REMOTE
08-05 19:54:47.586 30457 30457 W Glide   : There was 1 cause:
08-05 19:54:47.586 30457 30457 W Glide   : com.bumptech.glide.load.HttpException()
08-05 19:54:47.586 30457 30457 W Glide   :  call GlideException#logRootCauses(String) for more detail
08-05 19:54:47.586 30457 30457 W Glide   :     Cause (1 of 1): class com.bumptech.glide.load.HttpException: 
08-05 19:54:47.587 30457 30457 I Glide   : Root cause (1 of 1)
08-05 19:54:47.587 30457 30457 I Glide   : com.bumptech.glide.load.HttpException: 
08-05 19:54:47.587 30457 30457 I Glide   : 	at com.bumptech.glide.integration.okhttp3.OkHttpStreamFetcher.onResponse(OkHttpStreamFetcher.java:73)
08-05 19:54:47.587 30457 30457 I Glide   : 	at okhttp3.RealCall$AsyncCall.execute(RealCall.java:174)
08-05 19:54:47.587 30457 30457 I Glide   : 	at okhttp3.internal.NamedRunnable.run(NamedRunnable.java:32)
08-05 19:54:47.587 30457 30457 I Glide   : 	at java.util.concurrent.ThreadPoolExecutor.runWorker(ThreadPoolExecutor.java:1113)
08-05 19:54:47.587 30457 30457 I Glide   : 	at java.util.concurrent.ThreadPoolExecutor$Worker.run(ThreadPoolExecutor.java:588)
08-05 19:54:47.587 30457 30457 I Glide   : 	at java.lang.Thread.run(Thread.java:818)
08-05 19:54:47.638   380   380 W SurfaceFlinger: couldn't log to binary event log: overflow.
08-05 19:54:47.846 30457 30471 I art     : Starting a blocking GC Explicit
08-05 19:54:47.907 30457 30471 I art     : Explicit concurrent mark sweep GC freed 2577(184KB) AllocSpace objects, 1(20KB) LOS objects, 23% free, 51MB/67MB, paused 1.777ms total 60.191ms
08-05 19:54:47.924 30457 30471 I art     : Starting a blocking GC Explicit
08-05 19:54:47.970 30457 30471 I art     : Explicit concurrent mark sweep GC freed 2896(237KB) AllocSpace objects, 1(28KB) LOS objects, 23% free, 50MB/66MB, paused 1.697ms total 45.012ms
08-05 19:54:47.983 30457 30471 I art     : Starting a blocking GC Explicit
08-05 19:54:48.028 30457 30471 I art     : Explicit concurrent mark sweep GC freed 3(96B) AllocSpace objects, 0(0B) LOS objects, 23% free, 50MB/66MB, paused 1.748ms total 44.252ms
08-05 19:54:48.041 30457 30471 I art     : Starting a blocking GC Explicit
08-05 19:54:48.086 30457 30471 I art     : Explicit concurrent mark sweep GC freed 3(96B) AllocSpace objects, 0(0B) LOS objects, 23% free, 50MB/66MB, paused 1.662ms total 44.367ms
08-05 19:54:48.099 30457 30471 I art     : Starting a blocking GC Explicit
08-05 19:54:48.144 30457 30471 I art     : Explicit concurrent mark sweep GC freed 3(96B) AllocSpace objects, 0(0B) LOS objects, 23% free, 50MB/66MB, paused 1.633ms total 44.795ms
08-05 19:54:48.511 30457 31586 I art     : Starting a blocking GC Explicit
08-05 19:54:48.558 30457 31586 I art     : Explicit concurrent mark sweep GC freed 1383(81KB) AllocSpace objects, 1(20KB) LOS objects, 23% free, 50MB/66MB, paused 1.789ms total 46.649ms
08-05 19:54:48.571 30457 31586 I art     : Starting a blocking GC Explicit
08-05 19:54:48.612 30457 31586 I art     : Explicit concurrent mark sweep GC freed 23(768B) AllocSpace objects, 0(0B) LOS objects, 23% free, 50MB/66MB, paused 1.614ms total 41.568ms
08-05 19:54:48.625 30457 31586 I art     : Starting a blocking GC Explicit
08-05 19:54:48.668 30457 31586 I art     : Explicit concurrent mark sweep GC freed 3(96B) AllocSpace objects, 0(0B) LOS objects, 23% free, 50MB/66MB, paused 1.733ms total 42.174ms
08-05 19:54:48.680 30457 31586 I art     : Starting a blocking GC Explicit
08-05 19:54:48.723 30457 31586 I art     : Explicit concurrent mark sweep GC freed 3(96B) AllocSpace objects, 0(0B) LOS objects, 23% free, 50MB/66MB, paused 1.646ms total 42.572ms
08-05 19:54:48.737 30457 31586 I art     : Starting a blocking GC Explicit
08-05 19:54:48.779 30457 31586 I art     : Explicit concurrent mark sweep GC freed 3(96B) AllocSpace objects, 0(0B) LOS objects, 23% free, 50MB/66MB, paused 1.746ms total 42.724ms
08-05 19:54:49.055  1811  1811 D AndroidRuntime: >>>>>> START com.android.internal.os.RuntimeInit uid 2000 <<<<<<
08-05 19:54:49.061  1811  1811 D AndroidRuntime: CheckJNI is OFF
08-05 19:54:49.103  1811  1811 D ICU     : No timezone override file found: /data/misc/zoneinfo/current/icu/icu_tzdata.dat
08-05 19:54:49.144  1811  1811 I Radio-JNI: register_android_hardware_Radio DONE
08-05 19:54:49.151 30457 30470 I art     : Starting a blocking GC Explicit
08-05 19:54:49.175  1811  1811 D AndroidRuntime: Calling main entry com.android.commands.input.Input
08-05 19:54:49.177  1811  1811 I Input   : injectKeyEvent: KeyEvent { action=ACTION_DOWN, keyCode=KEYCODE_BACK, scanCode=0, metaState=0, flags=0x0, repeatCount=0, eventTime=820505589, downTime=820505589, deviceId=-1, source=0x101 }
08-05 19:54:49.182  1811  1811 I Input   : injectKeyEvent: KeyEvent { action=ACTION_UP, keyCode=KEYCODE_BACK, scanCode=0, metaState=0, flags=0x0, repeatCount=0, eventTime=820505589, downTime=820505589, deviceId=-1, source=0x101 }
08-05 19:54:49.196 30457 30470 I art     : Explicit concurrent mark sweep GC freed 2793(141KB) AllocSpace objects, 1(20KB) LOS objects, 23% free, 50MB/66MB, paused 2.262ms total 44.861ms
08-05 19:54:49.209  1811  1811 D AndroidRuntime: Shutting down VM
08-05 19:54:49.209 30457 30470 I art     : Starting a blocking GC Explicit
08-05 19:54:49.251 30457 30470 I art     : Explicit concurrent mark sweep GC freed 849(32KB) AllocSpace objects, 0(0B) LOS objects, 23% free, 50MB/66MB, paused 1.533ms total 41.876ms
08-05 19:54:49.264 30457 30470 I art     : Starting a blocking GC Explicit
08-05 19:54:49.305 30457 30470 I art     : Explicit concurrent mark sweep GC freed 5334(393KB) AllocSpace objects, 9(1620KB) LOS objects, 24% free, 48MB/64MB, paused 1.637ms total 40.322ms
08-05 19:54:49.317 30457 30470 I art     : Starting a blocking GC Explicit
08-05 19:54:49.359 30457 30470 I art     : Explicit concurrent mark sweep GC freed 48(2016B) AllocSpace objects, 0(0B) LOS objects, 24% free, 48MB/64MB, paused 1.686ms total 41.752ms
08-05 19:54:49.372 30457 30470 I art     : Starting a blocking GC Explicit
08-05 19:54:49.415 30457 30470 I art     : Explicit concurrent mark sweep GC freed 3(96B) AllocSpace objects, 0(0B) LOS objects, 24% free, 48MB/64MB, paused 1.647ms total 42.472ms
08-05 19:54:49.761 30457 31586 I art     : Starting a blocking GC Explicit
08-05 19:54:49.815 30457 31586 I art     : Explicit concurrent mark sweep GC freed 1382(82KB) AllocSpace objects, 1(20KB) LOS objects, 24% free, 48MB/64MB, paused 1.758ms total 52.554ms
08-05 19:54:49.829 30457 31586 I art     : Starting a blocking GC Explicit
08-05 19:54:49.872 30457 31586 I art     : Explicit concurrent mark sweep GC freed 23(752B) AllocSpace objects, 0(0B) LOS objects, 24% free, 48MB/64MB, paused 1.611ms total 42.453ms
08-05 19:54:49.885 30457 31586 I art     : Starting a blocking GC Explicit
08-05 19:54:49.926 30457 31586 I art     : Explicit concurrent mark sweep GC freed 32(880B) AllocSpace objects, 0(0B) LOS objects, 24% free, 48MB/64MB, paused 1.627ms total 41.231ms
08-05 19:54:49.939 30457 31586 I art     : Starting a blocking GC Explicit
08-05 19:54:49.981 30457 31586 I art     : Explicit concurrent mark sweep GC freed 3(96B) AllocSpace objects, 0(0B) LOS objects, 24% free, 48MB/64MB, paused 1.639ms total 42.091ms
08-05 19:54:49.994 30457 31586 I art     : Starting a blocking GC Explicit
08-05 19:54:50.036 30457 31586 I art     : Explicit concurrent mark sweep GC freed 3(96B) AllocSpace objects, 0(0B) LOS objects, 24% free, 48MB/64MB, paused 1.639ms total 41.608ms
08-05 19:54:50.336 27644 27644 I ServiceManager: Waiting for service AtCmdFwd...
08-05 19:54:50.412 30457 30471 I art     : Starting a blocking GC Explicit
08-05 19:54:50.466 30457 30471 I art     : Explicit concurrent mark sweep GC freed 1381(82KB) AllocSpace objects, 1(20KB) LOS objects, 24% free, 48MB/64MB, paused 1.515ms total 52.873ms
08-05 19:54:50.477   918  3261 D WifiStateMachine: starting scan for "H369AA63323"WPA_PSK with 2412,5180
08-05 19:54:50.478 30457 30471 I art     : Starting a blocking GC Explicit
08-05 19:54:50.518 30457 30471 I art     : Explicit concurrent mark sweep GC freed 23(752B) AllocSpace objects, 0(0B) LOS objects, 24% free, 48MB/64MB, paused 1.627ms total 39.294ms
08-05 19:54:50.530 30457 30471 I art     : Starting a blocking GC Explicit
08-05 19:54:50.569 30457 30471 I art     : Explicit concurrent mark sweep GC freed 3(96B) AllocSpace objects, 0(0B) LOS objects, 24% free, 48MB/64MB, paused 1.679ms total 39.300ms
08-05 19:54:50.582 30457 30471 I art     : Starting a blocking GC Explicit
08-05 19:54:50.622 30457 30471 I art     : Explicit concurrent mark sweep GC freed 3(96B) AllocSpace objects, 0(0B) LOS objects, 24% free, 48MB/64MB, paused 1.621ms total 39.691ms
08-05 19:54:50.634 30457 30471 I art     : Starting a blocking GC Explicit
08-05 19:54:50.674 30457 30471 I art     : Explicit concurrent mark sweep GC freed 3(96B) AllocSpace objects, 0(0B) LOS objects, 24% free, 48MB/64MB, paused 1.642ms total 40.231ms
08-05 19:54:51.035 30457 30485 I art     : Starting a blocking GC Explicit
08-05 19:54:51.060  1859  1859 D AndroidRuntime: >>>>>> START com.android.internal.os.RuntimeInit uid 2000 <<<<<<
08-05 19:54:51.066  1859  1859 D AndroidRuntime: CheckJNI is OFF
08-05 19:54:51.081 30457 30485 I art     : Explicit concurrent mark sweep GC freed 1440(84KB) AllocSpace objects, 1(20KB) LOS objects, 24% free, 48MB/64MB, paused 1.589ms total 45.922ms
08-05 19:54:51.096 30457 30485 I art     : Starting a blocking GC Explicit
08-05 19:54:51.114  1859  1859 D ICU     : No timezone override file found: /data/misc/zoneinfo/current/icu/icu_tzdata.dat
08-05 19:54:51.136 30457 30485 I art     : Explicit concurrent mark sweep GC freed 24(784B) AllocSpace objects, 0(0B) LOS objects, 24% free, 48MB/64MB, paused 1.741ms total 40.477ms
08-05 19:54:51.149 30457 30485 I art     : Starting a blocking GC Explicit
08-05 19:54:51.159  1859  1859 I Radio-JNI: register_android_hardware_Radio DONE
08-05 19:54:51.188  1859  1859 D AndroidRuntime: Calling main entry com.android.commands.am.Am
08-05 19:54:51.191 30457 30485 I art     : Explicit concurrent mark sweep GC freed 3(96B) AllocSpace objects, 0(0B) LOS objects, 24% free, 48MB/64MB, paused 1.783ms total 41.599ms
08-05 19:54:51.197  5615  5615 I Trepn   : Trepn 6.2s: Received intent: com.quicinc.trepn.stop_profiling
08-05 19:54:51.203 30457 30485 I art     : Starting a blocking GC Explicit
08-05 19:54:51.242 30457 30485 I art     : Explicit concurrent mark sweep GC freed 3(96B) AllocSpace objects, 0(0B) LOS objects, 24% free, 48MB/64MB, paused 1.467ms total 38.708ms
08-05 19:54:51.250  5615  5615 I Trepn   : Trepn 6.2s: Trepn has Stopped Profiling.
08-05 19:54:51.255 30457 30485 I art     : Starting a blocking GC Explicit
08-05 19:54:51.294 30457 30485 I art     : Explicit concurrent mark sweep GC freed 3(96B) AllocSpace objects, 0(0B) LOS objects, 24% free, 48MB/64MB, paused 1.495ms total 38.982ms
08-05 19:54:51.336 27644 27644 I ServiceManager: Waiting for service AtCmdFwd...
08-05 19:54:51.353  1859  1859 D AndroidRuntime: Shutting down VM
08-05 19:54:51.357   918  5952 W AppOps  : Finishing op nesting under-run: uid 10078 pkg com.quicinc.trepn code 24 time=0 duration=0 nesting=0
08-05 19:54:51.679 30457 30471 I art     : Starting a blocking GC Explicit
08-05 19:54:51.721 30457 30471 I art     : Explicit concurrent mark sweep GC freed 1383(81KB) AllocSpace objects, 1(20KB) LOS objects, 24% free, 48MB/64MB, paused 1.596ms total 41.338ms
08-05 19:54:51.734 30457 30471 I art     : Starting a blocking GC Explicit
08-05 19:54:51.774 30457 30471 I art     : Explicit concurrent mark sweep GC freed 23(752B) AllocSpace objects, 0(0B) LOS objects, 24% free, 48MB/64MB, paused 1.617ms total 39.587ms
08-05 19:54:51.787 30457 30471 I art     : Starting a blocking GC Explicit
08-05 19:54:51.826 30457 30471 I art     : Explicit concurrent mark sweep GC freed 3(96B) AllocSpace objects, 0(0B) LOS objects, 24% free, 48MB/64MB, paused 1.689ms total 39.628ms
08-05 19:54:51.839 30457 30471 I art     : Starting a blocking GC Explicit
08-05 19:54:51.881 30457 30471 I art     : Explicit concurrent mark sweep GC freed 31(848B) AllocSpace objects, 0(0B) LOS objects, 24% free, 48MB/64MB, paused 1.555ms total 41.500ms
08-05 19:54:51.894 30457 30471 I art     : Starting a blocking GC Explicit
08-05 19:54:51.934 30457 30471 I art     : Explicit concurrent mark sweep GC freed 4(128B) AllocSpace objects, 0(0B) LOS objects, 24% free, 48MB/64MB, paused 1.616ms total 40.279ms
08-05 19:54:52.337 27644 27644 I ServiceManager: Waiting for service AtCmdFwd...
08-05 19:54:52.352 13866 13882 I PeriodicStatsRunner: PeriodicStatsRunner.call():175 call()
08-05 19:54:52.352 13866 13882 I PeriodicStatsRunner: PeriodicStatsRunner.call():179 No submit PeriodicStats since input started.
08-05 19:54:53.337 27644 27644 I ServiceManager: Waiting for service AtCmdFwd...
08-05 19:54:54.338 27644 27644 I ServiceManager: Waiting for service AtCmdFwd...
