--------- beginning of main
08-05 20:09:14.745  3784  3784 D CarrierServiceBindHelper: Receive action: android.intent.action.PACKAGE_REMOVED
08-05 20:09:14.828   918  5952 I AccountManagerService: getTypesVisibleToCaller: isPermitted? true
08-05 20:09:14.829 15866 15866 I Finsky  : [1] uah.a(18): PackageMonitorReceiverImpl - Received: android.intent.action.PACKAGE_REMOVED, [CFjXe5fo2ooiLur0Ju3smv2h5qnGgIsGl5_C_SkJu8g]
08-05 20:09:14.830 24365 12632 I Fitness : FitCleanupIntentOperation received Intent android.intent.action.PACKAGE_REMOVED [CONTEXT service_id=17 ]
08-05 20:09:14.830 15866 15866 I Finsky  : [1] ubi.d(9): Invalidating cached PackageState for baseline.de.danoeh.antennapod.debug
08-05 20:09:14.837 15866 15866 I Finsky  : [1] lzi.c(2): Frosting ID looked up on UI thread. Caller should move to a background thread.
08-05 20:09:14.838  3784  3784 D CarrierServiceBindHelper: Receive action: android.intent.action.PACKAGE_ADDED
08-05 20:09:14.838  3784  3784 D CarrierServiceBindHelper: Receive action: android.intent.action.PACKAGE_REPLACED
08-05 20:09:14.838  3784  3784 D CarrierServiceBindHelper: mHandler: 3
08-05 20:09:14.838  3784  3784 D CarrierServiceBindHelper: mHandler: 3
08-05 20:09:14.838  3784  3784 D CarrierServiceBindHelper: mHandler: 3
08-05 20:09:14.838  3784  3784 D CarrierConfigLoader: mHandler: 9 phoneId: 0
08-05 20:09:14.843 15866 15866 I Finsky  : [1] nqb.c(3): Installer: package baseline.de.danoeh.antennapod.debug was removed. replacing: true
08-05 20:09:14.844 15866 15866 I Finsky  : [1] nra.a(188): Installer: Notifying status update. package=baseline.de.danoeh.antennapod.debug, status=UNINSTALLED
08-05 20:09:14.882   918  5952 I AccountManagerService: getTypesVisibleToCaller: isPermitted? true
08-05 20:09:14.909 15866 15866 I Finsky  : [1] lzi.c(2): Frosting ID looked up on UI thread. Caller should move to a background thread.
08-05 20:09:14.923 15866 15866 I Finsky  : [1] nra.a(220): Installer: found apps to install. isMultiUserMode=false, apps=[]
08-05 20:09:14.925 15866 12647 I Finsky  : [6231] ejf.a(-1): Cancelled 0 ongoing asset module downloads for package baseline.de.danoeh.antennapod.debug due to a concurrent app update.
08-05 20:09:14.942 15866 16054 I Finsky  : [6134] odj.b(52): IQ: Notifying installation update. package=baseline.de.danoeh.antennapod.debug, status=UNINSTALLED
08-05 20:09:14.980 24577 12637 I Auth    : [SupervisedAccountIntentOperation] onHandleIntent(): android.intent.action.PACKAGE_ADDED
08-05 20:09:14.984 24577 12644 I ChromeSync: [Sync,SyncIntentOperation] Handling the intent: Intent { act=android.intent.action.PACKAGE_ADDED dat=package:baseline.de.danoeh.antennapod.debug flg=0x4000010 cmp=com.google.android.gms/.chimera.GmsIntentOperationService (has extras) }.
08-05 20:09:15.018 15866 12645 I Finsky  : [6229] lyv.run(-1): Wrote row to frosting DB: 2954
08-05 20:09:15.022 15866 15866 I Finsky  : [1] uah.a(18): PackageMonitorReceiverImpl - Received: android.intent.action.PACKAGE_ADDED, [CFjXe5fo2ooiLur0Ju3smv2h5qnGgIsGl5_C_SkJu8g]
08-05 20:09:15.023 15866 15866 I Finsky  : [1] ubi.d(9): Invalidating cached PackageState for baseline.de.danoeh.antennapod.debug
08-05 20:09:15.043 15866 15866 I Finsky  : [1] lzi.c(2): Frosting ID looked up on UI thread. Caller should move to a background thread.
--------- beginning of system
08-05 20:09:15.076   918   928 W ActivityManager: Unable to start service Intent { act=com.google.android.gms.auth.key.retrieval.service.START pkg=com.google.android.gms } U=0: not found
08-05 20:09:15.104 15866 15866 I Finsky  : [1] agsx.a(4): Do not start WearSupportService due to Wear service optimization
08-05 20:09:15.129 15866 12647 I Finsky  : [6231] ejc.a(-1): Asset module broadcast after update successful for package baseline.de.danoeh.antennapod.debug. 0 sessions broadcast.
08-05 20:09:15.132   918  6029 W ActivityManager: Unbind failed: could not find connection for android.os.BinderProxy@6abb258
08-05 20:09:15.142 15866 15866 I Finsky  : [1] lzi.c(2): Frosting ID looked up on UI thread. Caller should move to a background thread.
08-05 20:09:15.144 24577 24621 E GmsClient: unable to connect to service: com.google.android.gms.auth.key.retrieval.service.START on com.google.android.gms
08-05 20:09:15.157   918   928 I AccountManagerService: getTypesVisibleToCaller: isPermitted? true
08-05 20:09:15.158 24577 12644 I ChromeSync: [Persistence,AffiliationManager] One of affiliation or grouping data for android://bz0hZa4nAJEtd0n5sRlXG7KAqctUMWVefv7Ki4mh1p6slZ9YO-n9gS9j8m9YCrsIyI2wIxrDHraumF9Y6pBLTA==@baseline.de.danoeh.antennapod.debug/ was not found. Marking affiliation data as stale...
08-05 20:09:15.164 15866 12646 I Finsky  : [6230] gzn.a(-1): [ContentSync] finished, scheduled=false
08-05 20:09:15.231 15866 12645 I Finsky  : [6229] lyv.run(-1): Wrote row to frosting DB: 2955
08-05 20:09:15.274 15866 16054 I Finsky  : [6134] odj.b(40): IQ: No matching installs to run for jobs: []
08-05 20:09:15.291   918  6029 I AccountManagerService: getTypesVisibleToCaller: isPermitted? true
08-05 20:09:15.299   918  3670 I AccountManagerService: getTypesVisibleToCaller: isPermitted? true
08-05 20:09:15.340 15866 12645 I Finsky  : [6229] lyv.run(-1): Wrote row to frosting DB: 2956
08-05 20:09:15.395 15866 12645 I Finsky  : [6229] lyv.run(-1): Wrote row to frosting DB: 2957
08-05 20:09:15.432 24577 13316 I Icing   : IndexChimeraService.getServiceInterface callingPackage=com.google.android.gms componentName=AppsCorpus serviceId=36
08-05 20:09:15.462 24577 22369 W Icing   : No valid account for uploading user actions
08-05 20:09:15.494 24577 13316 I Icing   : IndexChimeraService.getServiceInterface callingPackage=com.google.android.gms componentName=null serviceId=30
08-05 20:09:15.524 12662 12662 D AndroidRuntime: >>>>>> START com.android.internal.os.RuntimeInit uid 2000 <<<<<<
08-05 20:09:15.527 12662 12662 D AndroidRuntime: CheckJNI is OFF
08-05 20:09:15.532 24577 22369 I Icing   : Usage reports ok 1, Failed Usage reports 0, indexed 0, rejected 0
08-05 20:09:15.535 24577 22369 W Icing   : No valid account for uploading user actions
08-05 20:09:15.551 12662 12662 D ICU     : No timezone override file found: /data/misc/zoneinfo/current/icu/icu_tzdata.dat
08-05 20:09:15.551 24577 22369 I Icing   : Usage reports ok 0, Failed Usage reports 0, indexed 0, rejected 0
08-05 20:09:15.552 24577 22369 I Icing   : Indexing com.google.android.gms-internal.3p:MobileApplication from com.google.android.gms using seqno 763
08-05 20:09:15.555 24577 22369 I Icing   : Indexing com.google.android.gms-internal.3p:MobileApplication from com.google.android.gms using seqno 763
08-05 20:09:15.575 12662 12662 I Radio-JNI: register_android_hardware_Radio DONE
08-05 20:09:15.591 12662 12662 D AndroidRuntime: Calling main entry com.android.commands.monkey.Monkey
08-05 20:09:15.600 24577 13316 I Icing   : IndexChimeraService.getServiceInterface callingPackage=com.google.android.gms componentName=null serviceId=36
08-05 20:09:15.606 24577 22369 W Icing   : No valid account for uploading user actions
08-05 20:09:15.607   918   931 W BroadcastQueue: Skipping deliver [background] BroadcastRecord{21935f7 u-1 android.net.conn.CONNECTIVITY_CHANGE} to ReceiverList{7376c64 12662 (unknown name)/2000/u-1 remote:82d1a91}: process crashing
08-05 20:09:15.618 24577 22369 I Icing   : Usage reports ok 0, Failed Usage reports 0, indexed 0, rejected 0
08-05 20:09:15.619   918  3961 I ActivityManager: START u0 {act=android.intent.action.MAIN cat=[android.intent.category.LAUNCHER] flg=0x10200000 cmp=baseline.de.danoeh.antennapod.debug/baseline.de.danoeh.antennapod.activity.SplashActivity} from uid 2000 on display 0
08-05 20:09:15.636   918  4413 I ActivityManager: Start proc 12674:baseline.de.danoeh.antennapod.debug/u0a695 for activity baseline.de.danoeh.antennapod.debug/baseline.de.danoeh.antennapod.activity.SplashActivity
08-05 20:09:15.637 12674 12674 I art     : Late-enabling -Xcheck:jni
08-05 20:09:15.640 12662 12662 I art     : System.exit called, status: 0
08-05 20:09:15.640 12662 12662 I AndroidRuntime: VM exiting with result code 0.
08-05 20:09:15.679 12674 12674 W System  : ClassLoader referenced unknown path: /data/app/baseline.de.danoeh.antennapod.debug-2/lib/arm64
08-05 20:09:15.691 12674 12674 D UserPreferences: Creating new instance of UserPreferences
08-05 20:09:15.692 12674 12674 D UserPreferences: Using default data folder
08-05 20:09:15.695 12674 12674 D UserPreferences: Import directory already exists
08-05 20:09:15.697 12674 12674 D UpdateManager: old: -1, current: 1070296
08-05 20:09:15.699 12674 12674 D SleepTimerPreferences: Creating new instance of SleepTimerPreferences
08-05 20:09:15.714 12674 12674 D SPAUtil : Sending SP_APPS_QUERY_FEEDS intent
08-05 20:09:15.725 16458 11127 I PBSessionCacheImpl: Deleted sessionId[72384646105454640] from persistence.
08-05 20:09:15.728 16458 16488 W SearchServiceCore: Abort, client detached.
08-05 20:09:15.729 16458 16488 I MicroDetectionState: Should stop hotword detection immediately - true
08-05 20:09:15.738 12674 12674 W art     : Before Android 4.1, method android.graphics.PorterDuffColorFilter androidx.vectordrawable.graphics.drawable.VectorDrawableCompat.updateTintFilter(android.graphics.PorterDuffColorFilter, android.content.res.ColorStateList, android.graphics.PorterDuff$Mode) would have incorrectly overridden the package-private method in android.graphics.drawable.Drawable
08-05 20:09:15.762 12674 12674 I art     : Rejecting re-init on previously-failed class java.lang.Class<androidx.core.view.ViewCompat$2>
08-05 20:09:15.763 12674 12674 I art     : Rejecting re-init on previously-failed class java.lang.Class<androidx.core.view.ViewCompat$2>
08-05 20:09:15.790 12674 12695 D OpenGLRenderer: Use EGL_SWAP_BEHAVIOR_PRESERVED: true
08-05 20:09:15.828 15866 15866 I Finsky  : [1] xmu.a(8): SCH: Jobs in database: 1-1337 3-219 3-220 12-1 24-77777777 26-1414141414 
08-05 20:09:15.831 15866 15866 I Finsky  : [1] xio.a(57): SCH: ConstraintMapping: 24-77777777,  -> L: 0ms, D: 3644689ms, C: false, I: true, N: 0
08-05 20:09:15.831 15866 15866 I Finsky  : [1] xio.a(57): SCH: ConstraintMapping: 1-1337, 12-1,  -> L: 14044ms, D: 6997083ms, C: false, I: false, N: 1
08-05 20:09:15.832 15866 15866 I Finsky  : [1] xio.a(57): SCH: ConstraintMapping: 3-219,  -> L: 0ms, D: 82207693ms, C: false, I: true, N: 2
08-05 20:09:15.833 15866 15866 I Finsky  : [1] xio.a(57): SCH: ConstraintMapping: 3-220,  -> L: 0ms, D: 82207735ms, C: true, I: true, N: 2
08-05 20:09:15.833 15866 15866 I Finsky  : [1] xio.a(57): SCH: ConstraintMapping: 26-1414141414,  -> L: 11644548ms, D: 12544548ms, C: false, I: false, N: 0
08-05 20:09:15.834 12674 12695 I Adreno  : QUALCOMM build                   : fcf4852, I1af360237c
08-05 20:09:15.834 12674 12695 I Adreno  : Build Date                       : 09/23/15
08-05 20:09:15.834 12674 12695 I Adreno  : OpenGL ES Shader Compiler Version: XE031.05.13.02
08-05 20:09:15.834 12674 12695 I Adreno  : Local Branch                     : mybranch14465806
08-05 20:09:15.834 12674 12695 I Adreno  : Remote Branch                    : quic/LA.BF64.1.2.9_v2
08-05 20:09:15.834 12674 12695 I Adreno  : Remote Branch                    : NONE
08-05 20:09:15.834 12674 12695 I Adreno  : Reconstruct Branch               : NOTHING
08-05 20:09:15.835 15866 12646 I Finsky  : [6230] gzn.a(-1): [ContentSync] finished, scheduled=true
08-05 20:09:15.840 12674 12695 I OpenGLRenderer: Initialized EGL, version 1.4
08-05 20:09:15.858 15866 15866 I Finsky  : [1] xle.a(34): Cancelling existing jobscheduler jobs: 9007 9006 9002 9001 9008 9010 9003 9009 9004 9005 
08-05 20:09:15.859 15866 15866 I Finsky  : [1] xle.a(27): Scheduling job Id: 9000, L: 0, D: 3644689, C: false, I: true, N: 0
08-05 20:09:15.861 15866 15866 I Finsky  : [1] xle.a(27): Scheduling job Id: 9011, L: 14044, D: 6997083, C: false, I: false, N: 1
08-05 20:09:15.864 15866 15866 I Finsky  : [1] xle.a(27): Scheduling job Id: 9012, L: 0, D: 82207693, C: false, I: true, N: 2
08-05 20:09:15.866 15866 15866 I Finsky  : [1] xle.a(27): Scheduling job Id: 9013, L: 0, D: 82207735, C: true, I: true, N: 2
08-05 20:09:15.867 15866 15866 I Finsky  : [1] xle.a(27): Scheduling job Id: 9014, L: 11644548, D: 12544548, C: false, I: false, N: 0
08-05 20:09:15.869 15866 15866 I Finsky  : [1] xle.a(27): Scheduling job Id: 9015, L: 0, D: 3644689, C: false, I: true, N: 0
08-05 20:09:15.870   918  6111 I ActivityManager: START u0 {cmp=baseline.de.danoeh.antennapod.debug/baseline.de.danoeh.antennapod.activity.MainActivity} from uid 10695 on display 0
08-05 20:09:15.872 13866 13866 I GoogleInputMethodServic: GoogleInputMethodService.onFinishInput():3138 
08-05 20:09:15.873 13866 13866 I GoogleInputMethodServic: GoogleInputMethodService.onStartInput():1808 
08-05 20:09:15.879 15866 15866 I Finsky  : [1] xle.a(27): Scheduling job Id: 9016, L: 14044, D: 6997083, C: false, I: false, N: 1
08-05 20:09:15.881 15866 15866 I Finsky  : [1] xle.a(27): Scheduling job Id: 9017, L: 0, D: 82207693, C: false, I: true, N: 2
08-05 20:09:15.882 15866 15866 I Finsky  : [1] xle.a(27): Scheduling job Id: 9018, L: 0, D: 82207735, C: true, I: true, N: 2
08-05 20:09:15.884 15866 15866 I Finsky  : [1] xle.a(27): Scheduling job Id: 9019, L: 11644548, D: 12544548, C: false, I: false, N: 0
08-05 20:09:16.012 12674 12674 D UserPreferences: Using default data folder
08-05 20:09:16.079 12674 12674 D MainActivity: getLastNavFragment() -> QueueFragment
08-05 20:09:16.080 12674 12674 D MainActivity: loadFragment(tag: QueueFragment, args: null)
08-05 20:09:16.085 12674 12674 D MainActivity: saveLastNavFragment(tag: QueueFragment)
08-05 20:09:16.085 12674 12674 D MainActivity: getLastNavFragment() -> QueueFragment
08-05 20:09:16.086 12674 12674 D UserPreferences: timeOfDay: []
08-05 20:09:16.088 12674 12674 D AutoUpdateManager: Restarting update alarm.
08-05 20:09:16.090 12674 12674 D AutoUpdateManager: Changed alarm to new interval 12 h
08-05 20:09:16.114 12674 12674 D UserPreferences: timeOfDay: []
08-05 20:09:16.115 12674 12674 D AutoUpdateManager: Restarting update alarm.
08-05 20:09:16.117 12674 12674 D AutoUpdateManager: Changed alarm to new interval 12 h
08-05 20:09:16.154 12674 12674 D ExternalPlayerFragment: Loading media info
08-05 20:09:16.156 12674 12674 D QueueFragment: loadItems()
08-05 20:09:16.159 12674 12694 D DBReader: getQueue() called
08-05 20:09:16.159 12674 12694 D DBReader: getQueue()
08-05 20:09:16.160 12674 12694 D DBReader: getFavoriteIDList() called
08-05 20:09:16.161 12674 12694 D DBReader: getQueueIDList() called
08-05 20:09:16.162 12674 12694 D DBReader: Extracting Feedlist
08-05 20:09:16.164 12674 12674 V PlaybackController: initServiceNotRunning()
08-05 20:09:16.164 12674 12674 D ExternalPlayerFragment: Loading media info
08-05 20:09:16.167 12674 12674 D UserPreferences: Using default data folder
08-05 20:09:16.169 12674 12674 D AutoUpdateManager: last refresh: 443514 hours 9 minutes ago
08-05 20:09:16.170 12674 12694 D DBReader: getNavDrawerData() called with: 
08-05 20:09:16.176 12674 12694 D DBReader: getDownloadedItems() called
08-05 20:09:16.176 12674 12694 D DBReader: getFavoriteIDList() called
08-05 20:09:16.177 12674 12694 D DBReader: getQueueIDList() called
08-05 20:09:16.177 12674 12694 D DBReader: Extracting Feedlist
08-05 20:09:16.191   380   380 W SurfaceFlinger: couldn't log to binary event log: overflow.
08-05 20:09:16.294 12674 12674 D MainActivity: getLastNavFragment() -> QueueFragment
08-05 20:09:16.294 12674 12674 D MainActivity: handleNavIntent()
08-05 20:09:16.451   918   936 I ActivityManager: Displayed baseline.de.danoeh.antennapod.debug/baseline.de.danoeh.antennapod.activity.MainActivity: +471ms (total +829ms)
08-05 20:09:16.454 13866 13866 I GoogleInputMethodServic: GoogleInputMethodService.onFinishInput():3138 
08-05 20:09:16.456 13866 13866 I GoogleInputMethodServic: GoogleInputMethodService.onStartInput():1808 
08-05 20:09:16.477 29532 29532 W PathParser: Points are too far apart 4.030360828967057
08-05 20:09:16.477 29532 29532 W PathParser: Points are too far apart 4.030360538880159
08-05 20:09:16.493 29532 29532 W PathParser: Points are too far apart 4.030360828967057
08-05 20:09:16.493 29532 29532 W PathParser: Points are too far apart 4.030360538880159
08-05 20:09:16.509 29532 29532 W PathParser: Points are too far apart 4.030360828967057
08-05 20:09:16.509 29532 29532 W PathParser: Points are too far apart 4.030360538880159
08-05 20:09:16.526 29532 29532 W PathParser: Points are too far apart 4.030360828967057
08-05 20:09:16.526 29532 29532 W PathParser: Points are too far apart 4.030360538880159
08-05 20:09:16.534 24577 22369 I Icing   : Indexing com.google.android.gms-apps from com.google.android.gms
08-05 20:09:16.544 29532 29532 W PathParser: Points are too far apart 4.030360828967057
08-05 20:09:16.544 29532 29532 W PathParser: Points are too far apart 4.030360538880159
08-05 20:09:16.559 29532 29532 W PathParser: Points are too far apart 4.030360828967057
08-05 20:09:16.559 29532 29532 W PathParser: Points are too far apart 4.030360538880159
08-05 20:09:16.575 29532 29532 W PathParser: Points are too far apart 4.030360828967057
08-05 20:09:16.576 29532 29532 W PathParser: Points are too far apart 4.030360538880159
08-05 20:09:16.592 29532 29532 W PathParser: Points are too far apart 4.030360828967057
08-05 20:09:16.592 29532 29532 W PathParser: Points are too far apart 4.030360538880159
08-05 20:09:16.630 24577 22369 I Icing   : Indexing done com.google.android.gms-apps
08-05 20:09:16.947   918  1210 D NetlinkSocketObserver: NeighborEvent{elapsedMs=1804760822, 192.168.2.254, [7C3953A63323], RTM_NEWNEIGH, NUD_STALE}
08-05 20:09:17.185 12674 12719 D DBReader: Extracting Feedlist
08-05 20:09:17.187 12674 12719 D FlattrUtils: Retrieving access token
08-05 20:09:17.187 12674 12719 D FlattrUtils: No access token found
08-05 20:09:17.190 12674 12719 I art     : Rejecting re-init on previously-failed class java.lang.Class<androidx.core.app.JobIntentService$JobServiceEngineImpl>
08-05 20:09:17.190 12674 12719 I art     : Rejecting re-init on previously-failed class java.lang.Class<androidx.core.app.JobIntentService$JobServiceEngineImpl>
08-05 20:09:17.191 12674 12719 I art     : Rejecting re-init on previously-failed class java.lang.Class<androidx.core.app.SafeJobIntentService$SafeJobServiceEngineImpl>
08-05 20:09:17.191 12674 12719 I art     : Rejecting re-init on previously-failed class java.lang.Class<androidx.core.app.SafeJobIntentService$SafeJobServiceEngineImpl>
08-05 20:09:17.251 12716 12716 D AndroidRuntime: >>>>>> START com.android.internal.os.RuntimeInit uid 2000 <<<<<<
08-05 20:09:17.255 12716 12716 D AndroidRuntime: CheckJNI is OFF
08-05 20:09:17.287 12716 12716 D ICU     : No timezone override file found: /data/misc/zoneinfo/current/icu/icu_tzdata.dat
08-05 20:09:17.325 12716 12716 I Radio-JNI: register_android_hardware_Radio DONE
08-05 20:09:17.342 12716 12716 D AndroidRuntime: Calling main entry com.android.commands.am.Am
08-05 20:09:17.351  5615  5615 I Trepn   : Trepn 6.2s: Received intent: com.quicinc.trepn.start_profiling
08-05 20:09:17.469   518   646 I ThermalEngine: ACTION: GPU - Setting GPU[0] to 510000000
08-05 20:09:17.512  5615  5615 W FileUtils: Failed to chmod(/storage/emulated/0/trepn/Trepn_2020.08.05_200917.db): android.system.ErrnoException: chmod failed: EPERM (Operation not permitted)
08-05 20:09:17.641 13866 13866 I GoogleInputMethodServic: GoogleInputMethodService.onFinishInput():3138 
08-05 20:09:17.642 13866 13866 I GoogleInputMethodServic: GoogleInputMethodService.onStartInput():1808 
08-05 20:09:17.696  5615  5615 I Trepn   : Trepn 6.2s: Trepn has Started Profiling.
08-05 20:09:17.699 12716 12716 D AndroidRuntime: Shutting down VM
08-05 20:09:18.166 12674 12696 I art     : Starting a blocking GC Explicit
08-05 20:09:18.189 12674 12696 I art     : Explicit concurrent mark sweep GC freed 6887(733KB) AllocSpace objects, 4(80KB) LOS objects, 40% free, 23MB/38MB, paused 198us total 22.819ms
08-05 20:09:18.202 12674 12696 I art     : Starting a blocking GC Explicit
08-05 20:09:18.219 12674 12696 I art     : Explicit concurrent mark sweep GC freed 2947(175KB) AllocSpace objects, 2(588KB) LOS objects, 40% free, 22MB/37MB, paused 192us total 16.233ms
08-05 20:09:18.227 12674 12696 I art     : Starting a blocking GC Explicit
08-05 20:09:18.242 12674 12696 I art     : Explicit concurrent mark sweep GC freed 3(96B) AllocSpace objects, 0(0B) LOS objects, 40% free, 22MB/37MB, paused 183us total 15.338ms
08-05 20:09:18.250 12674 12696 I art     : Starting a blocking GC Explicit
08-05 20:09:18.265 12674 12696 I art     : Explicit concurrent mark sweep GC freed 3(96B) AllocSpace objects, 0(0B) LOS objects, 40% free, 22MB/37MB, paused 185us total 15.337ms
08-05 20:09:18.273 12674 12696 I art     : Starting a blocking GC Explicit
08-05 20:09:18.289 12674 12696 I art     : Explicit concurrent mark sweep GC freed 3(96B) AllocSpace objects, 0(0B) LOS objects, 40% free, 22MB/37MB, paused 194us total 15.327ms
08-05 20:09:18.573 12674 12687 I art     : Starting a blocking GC Explicit
08-05 20:09:18.594 12674 12687 I art     : Explicit concurrent mark sweep GC freed 1372(82KB) AllocSpace objects, 1(20KB) LOS objects, 40% free, 22MB/37MB, paused 215us total 21.315ms
08-05 20:09:18.605 12674 12687 I art     : Starting a blocking GC Explicit
08-05 20:09:18.621 12674 12687 I art     : Explicit concurrent mark sweep GC freed 23(752B) AllocSpace objects, 0(0B) LOS objects, 40% free, 22MB/37MB, paused 184us total 15.992ms
08-05 20:09:18.630 12674 12687 I art     : Starting a blocking GC Explicit
08-05 20:09:18.647 12674 12687 I art     : Explicit concurrent mark sweep GC freed 3(96B) AllocSpace objects, 0(0B) LOS objects, 40% free, 22MB/37MB, paused 219us total 17.013ms
08-05 20:09:18.655 12674 12687 I art     : Starting a blocking GC Explicit
08-05 20:09:18.672 12674 12687 I art     : Explicit concurrent mark sweep GC freed 3(96B) AllocSpace objects, 0(0B) LOS objects, 40% free, 22MB/37MB, paused 189us total 16.303ms
08-05 20:09:18.680 12674 12687 I art     : Starting a blocking GC Explicit
08-05 20:09:18.695 12674 12687 I art     : Explicit concurrent mark sweep GC freed 3(96B) AllocSpace objects, 0(0B) LOS objects, 40% free, 22MB/37MB, paused 202us total 15.274ms
08-05 20:09:18.997 12674 12686 I art     : Starting a blocking GC Explicit
08-05 20:09:19.019 12674 12686 I art     : Explicit concurrent mark sweep GC freed 1384(80KB) AllocSpace objects, 1(20KB) LOS objects, 40% free, 22MB/37MB, paused 222us total 21.470ms
08-05 20:09:19.032 12674 12686 I art     : Starting a blocking GC Explicit
08-05 20:09:19.048 12674 12686 I art     : Explicit concurrent mark sweep GC freed 23(752B) AllocSpace objects, 0(0B) LOS objects, 40% free, 22MB/37MB, paused 182us total 16.045ms
08-05 20:09:19.056 12674 12686 I art     : Starting a blocking GC Explicit
08-05 20:09:19.073 12674 12686 I art     : Explicit concurrent mark sweep GC freed 3(96B) AllocSpace objects, 0(0B) LOS objects, 40% free, 22MB/37MB, paused 169us total 16.551ms
08-05 20:09:19.081 12674 12686 I art     : Starting a blocking GC Explicit
08-05 20:09:19.097 12674 12686 I art     : Explicit concurrent mark sweep GC freed 3(96B) AllocSpace objects, 0(0B) LOS objects, 40% free, 22MB/37MB, paused 180us total 16.343ms
08-05 20:09:19.106 12674 12686 I art     : Starting a blocking GC Explicit
08-05 20:09:19.122 12674 12686 I art     : Explicit concurrent mark sweep GC freed 3(96B) AllocSpace objects, 0(0B) LOS objects, 40% free, 22MB/37MB, paused 171us total 16.411ms
08-05 20:09:19.421 12674 12686 I art     : Starting a blocking GC Explicit
08-05 20:09:19.437 12674 12686 I art     : Explicit concurrent mark sweep GC freed 1386(80KB) AllocSpace objects, 1(20KB) LOS objects, 40% free, 22MB/37MB, paused 171us total 15.673ms
08-05 20:09:19.445 12674 12686 I art     : Starting a blocking GC Explicit
08-05 20:09:19.461 12674 12686 I art     : Explicit concurrent mark sweep GC freed 25(816B) AllocSpace objects, 0(0B) LOS objects, 40% free, 22MB/37MB, paused 232us total 16.139ms
08-05 20:09:19.469 12674 12686 I art     : Starting a blocking GC Explicit
08-05 20:09:19.484 12674 12686 I art     : Explicit concurrent mark sweep GC freed 3(96B) AllocSpace objects, 0(0B) LOS objects, 40% free, 22MB/37MB, paused 168us total 14.964ms
08-05 20:09:19.493 12674 12686 I art     : Starting a blocking GC Explicit
08-05 20:09:19.508 12674 12686 I art     : Explicit concurrent mark sweep GC freed 3(96B) AllocSpace objects, 0(0B) LOS objects, 40% free, 22MB/37MB, paused 167us total 14.979ms
08-05 20:09:19.516 12674 12686 I art     : Starting a blocking GC Explicit
08-05 20:09:19.531 12674 12686 I art     : Explicit concurrent mark sweep GC freed 3(96B) AllocSpace objects, 0(0B) LOS objects, 40% free, 22MB/37MB, paused 179us total 15.515ms
08-05 20:09:19.849 12674 12696 I art     : Starting a blocking GC Explicit
08-05 20:09:19.870 12674 12696 I art     : Explicit concurrent mark sweep GC freed 1383(80KB) AllocSpace objects, 1(20KB) LOS objects, 40% free, 22MB/37MB, paused 207us total 20.430ms
08-05 20:09:19.881 12674 12696 I art     : Starting a blocking GC Explicit
08-05 20:09:19.901 12674 12696 I art     : Explicit concurrent mark sweep GC freed 23(752B) AllocSpace objects, 0(0B) LOS objects, 40% free, 22MB/37MB, paused 259us total 19.504ms
08-05 20:09:19.912 12674 12696 I art     : Starting a blocking GC Explicit
08-05 20:09:19.929 12674 12696 I art     : Explicit concurrent mark sweep GC freed 3(96B) AllocSpace objects, 0(0B) LOS objects, 40% free, 22MB/37MB, paused 220us total 16.403ms
08-05 20:09:19.937 12674 12696 I art     : Starting a blocking GC Explicit
08-05 20:09:19.953 12674 12696 I art     : Explicit concurrent mark sweep GC freed 3(96B) AllocSpace objects, 0(0B) LOS objects, 40% free, 22MB/37MB, paused 191us total 16.236ms
08-05 20:09:19.961 12674 12696 I art     : Starting a blocking GC Explicit
08-05 20:09:19.977 12674 12696 I art     : Explicit concurrent mark sweep GC freed 3(96B) AllocSpace objects, 0(0B) LOS objects, 40% free, 22MB/37MB, paused 189us total 16.050ms
08-05 20:09:20.287 12674 12687 I art     : Starting a blocking GC Explicit
08-05 20:09:20.307 12674 12687 I art     : Explicit concurrent mark sweep GC freed 1358(80KB) AllocSpace objects, 1(20KB) LOS objects, 40% free, 22MB/37MB, paused 360us total 20.011ms
08-05 20:09:20.317 12674 12687 I art     : Starting a blocking GC Explicit
08-05 20:09:20.334 12674 12687 I art     : Explicit concurrent mark sweep GC freed 23(752B) AllocSpace objects, 0(0B) LOS objects, 40% free, 22MB/37MB, paused 194us total 16.167ms
08-05 20:09:20.342 12674 12687 I art     : Starting a blocking GC Explicit
08-05 20:09:20.358 12674 12687 I art     : Explicit concurrent mark sweep GC freed 3(96B) AllocSpace objects, 0(0B) LOS objects, 40% free, 22MB/37MB, paused 190us total 16.048ms
08-05 20:09:20.366 12674 12687 I art     : Starting a blocking GC Explicit
08-05 20:09:20.381 12674 12687 I art     : Explicit concurrent mark sweep GC freed 3(96B) AllocSpace objects, 0(0B) LOS objects, 40% free, 22MB/37MB, paused 182us total 15.422ms
08-05 20:09:20.389 12674 12687 I art     : Starting a blocking GC Explicit
08-05 20:09:20.405 12674 12687 I art     : Explicit concurrent mark sweep GC freed 3(96B) AllocSpace objects, 0(0B) LOS objects, 40% free, 22MB/37MB, paused 184us total 15.397ms
08-05 20:09:20.679 12674 12686 I art     : Starting a blocking GC Explicit
08-05 20:09:20.703 12674 12686 I art     : Explicit concurrent mark sweep GC freed 1360(81KB) AllocSpace objects, 1(20KB) LOS objects, 40% free, 22MB/37MB, paused 200us total 23.560ms
08-05 20:09:20.714 12674 12686 I art     : Starting a blocking GC Explicit
08-05 20:09:20.733 12674 12686 I art     : Explicit concurrent mark sweep GC freed 23(752B) AllocSpace objects, 0(0B) LOS objects, 40% free, 22MB/37MB, paused 197us total 18.991ms
08-05 20:09:20.743 12674 12686 I art     : Starting a blocking GC Explicit
08-05 20:09:20.759 12674 12686 I art     : Explicit concurrent mark sweep GC freed 3(96B) AllocSpace objects, 0(0B) LOS objects, 40% free, 22MB/37MB, paused 177us total 15.824ms
08-05 20:09:20.767 12674 12686 I art     : Starting a blocking GC Explicit
08-05 20:09:20.784 12674 12686 I art     : Explicit concurrent mark sweep GC freed 28(784B) AllocSpace objects, 0(0B) LOS objects, 40% free, 22MB/37MB, paused 173us total 16.220ms
08-05 20:09:20.792 12674 12686 I art     : Starting a blocking GC Explicit
08-05 20:09:20.808 12674 12686 I art     : Explicit concurrent mark sweep GC freed 3(96B) AllocSpace objects, 0(0B) LOS objects, 40% free, 22MB/37MB, paused 213us total 16.506ms
08-05 20:09:20.873 13866 13882 I PeriodicStatsRunner: PeriodicStatsRunner.call():175 call()
08-05 20:09:20.873 13866 13882 I PeriodicStatsRunner: PeriodicStatsRunner.call():179 No submit PeriodicStats since input started.
08-05 20:09:21.128 12674 12696 I art     : Starting a blocking GC Explicit
08-05 20:09:21.148 12674 12696 I art     : Explicit concurrent mark sweep GC freed 1359(81KB) AllocSpace objects, 1(20KB) LOS objects, 40% free, 22MB/37MB, paused 254us total 19.368ms
08-05 20:09:21.159 12674 12696 I art     : Starting a blocking GC Explicit
08-05 20:09:21.178 12674 12696 I art     : Explicit concurrent mark sweep GC freed 23(752B) AllocSpace objects, 0(0B) LOS objects, 40% free, 22MB/37MB, paused 199us total 19.012ms
08-05 20:09:21.186 12674 12696 I art     : Starting a blocking GC Explicit
08-05 20:09:21.202 12674 12696 I art     : Explicit concurrent mark sweep GC freed 3(96B) AllocSpace objects, 0(0B) LOS objects, 40% free, 22MB/37MB, paused 190us total 16.463ms
08-05 20:09:21.211 12674 12696 I art     : Starting a blocking GC Explicit
08-05 20:09:21.227 12674 12696 I art     : Explicit concurrent mark sweep GC freed 3(96B) AllocSpace objects, 0(0B) LOS objects, 40% free, 22MB/37MB, paused 210us total 16.419ms
08-05 20:09:21.235 12674 12696 I art     : Starting a blocking GC Explicit
08-05 20:09:21.251 12674 12696 I art     : Explicit concurrent mark sweep GC freed 3(96B) AllocSpace objects, 0(0B) LOS objects, 40% free, 22MB/37MB, paused 182us total 15.697ms
08-05 20:09:21.455 13866 13882 I PeriodicStatsRunner: PeriodicStatsRunner.call():175 call()
08-05 20:09:21.456 13866 13882 I PeriodicStatsRunner: PeriodicStatsRunner.call():179 No submit PeriodicStats since input started.
08-05 20:09:21.558 12674 12687 I art     : Starting a blocking GC Explicit
08-05 20:09:21.572 12674 12687 I art     : Explicit concurrent mark sweep GC freed 1358(79KB) AllocSpace objects, 1(20KB) LOS objects, 40% free, 22MB/37MB, paused 171us total 13.856ms
08-05 20:09:21.579 12674 12687 I art     : Starting a blocking GC Explicit
08-05 20:09:21.593 12674 12687 I art     : Explicit concurrent mark sweep GC freed 23(752B) AllocSpace objects, 0(0B) LOS objects, 40% free, 22MB/37MB, paused 165us total 13.353ms
08-05 20:09:21.600 12674 12687 I art     : Starting a blocking GC Explicit
08-05 20:09:21.614 12674 12687 I art     : Explicit concurrent mark sweep GC freed 3(96B) AllocSpace objects, 0(0B) LOS objects, 40% free, 22MB/37MB, paused 170us total 13.854ms
08-05 20:09:21.621 12674 12687 I art     : Starting a blocking GC Explicit
08-05 20:09:21.635 12674 12687 I art     : Explicit concurrent mark sweep GC freed 3(96B) AllocSpace objects, 0(0B) LOS objects, 40% free, 22MB/37MB, paused 164us total 13.491ms
08-05 20:09:21.642 12674 12687 I art     : Starting a blocking GC Explicit
08-05 20:09:21.656 12674 12687 I art     : Explicit concurrent mark sweep GC freed 3(96B) AllocSpace objects, 0(0B) LOS objects, 40% free, 22MB/37MB, paused 170us total 13.761ms
08-05 20:09:21.948 12674 12686 I art     : Starting a blocking GC Explicit
08-05 20:09:21.968 12674 12686 I art     : Explicit concurrent mark sweep GC freed 1383(80KB) AllocSpace objects, 1(20KB) LOS objects, 40% free, 22MB/37MB, paused 196us total 19.609ms
08-05 20:09:21.980 12674 12686 I art     : Starting a blocking GC Explicit
08-05 20:09:21.999 12674 12686 I art     : Explicit concurrent mark sweep GC freed 23(752B) AllocSpace objects, 0(0B) LOS objects, 40% free, 22MB/37MB, paused 193us total 18.723ms
08-05 20:09:22.008 12674 12686 I art     : Starting a blocking GC Explicit
08-05 20:09:22.025 12674 12686 I art     : Explicit concurrent mark sweep GC freed 3(96B) AllocSpace objects, 0(0B) LOS objects, 40% free, 22MB/37MB, paused 176us total 16.431ms
08-05 20:09:22.033 12674 12686 I art     : Starting a blocking GC Explicit
08-05 20:09:22.050 12674 12686 I art     : Explicit concurrent mark sweep GC freed 3(96B) AllocSpace objects, 0(0B) LOS objects, 40% free, 22MB/37MB, paused 182us total 16.361ms
08-05 20:09:22.058 12674 12686 I art     : Starting a blocking GC Explicit
08-05 20:09:22.074 12674 12686 I art     : Explicit concurrent mark sweep GC freed 3(96B) AllocSpace objects, 0(0B) LOS objects, 40% free, 22MB/37MB, paused 172us total 16.347ms
08-05 20:09:22.381 12674 12696 I art     : Starting a blocking GC Explicit
08-05 20:09:22.401 12674 12696 I art     : Explicit concurrent mark sweep GC freed 1357(79KB) AllocSpace objects, 1(20KB) LOS objects, 40% free, 22MB/37MB, paused 198us total 20.153ms
08-05 20:09:22.409 12674 12696 I art     : Starting a blocking GC Explicit
08-05 20:09:22.425 12674 12696 I art     : Explicit concurrent mark sweep GC freed 23(752B) AllocSpace objects, 0(0B) LOS objects, 40% free, 22MB/37MB, paused 180us total 15.544ms
08-05 20:09:22.433 12674 12696 I art     : Starting a blocking GC Explicit
08-05 20:09:22.448 12674 12696 I art     : Explicit concurrent mark sweep GC freed 3(96B) AllocSpace objects, 0(0B) LOS objects, 40% free, 22MB/37MB, paused 170us total 14.978ms
08-05 20:09:22.456 12674 12696 I art     : Starting a blocking GC Explicit
08-05 20:09:22.472 12674 12696 I art     : Explicit concurrent mark sweep GC freed 3(96B) AllocSpace objects, 0(0B) LOS objects, 40% free, 22MB/37MB, paused 182us total 15.760ms
08-05 20:09:22.479 12674 12696 I art     : Starting a blocking GC Explicit
08-05 20:09:22.494 12674 12696 I art     : Explicit concurrent mark sweep GC freed 3(96B) AllocSpace objects, 0(0B) LOS objects, 40% free, 22MB/37MB, paused 190us total 14.672ms
08-05 20:09:22.641 13866 13882 I PeriodicStatsRunner: PeriodicStatsRunner.call():175 call()
08-05 20:09:22.642 13866 13882 I PeriodicStatsRunner: PeriodicStatsRunner.call():179 No submit PeriodicStats since input started.
08-05 20:09:22.747 12674 12687 I art     : Starting a blocking GC Explicit
08-05 20:09:22.763 12674 12687 I art     : Explicit concurrent mark sweep GC freed 1358(79KB) AllocSpace objects, 1(20KB) LOS objects, 40% free, 22MB/37MB, paused 200us total 16.382ms
08-05 20:09:22.771 12674 12687 I art     : Starting a blocking GC Explicit
08-05 20:09:22.787 12674 12687 I art     : Explicit concurrent mark sweep GC freed 48(1440B) AllocSpace objects, 0(0B) LOS objects, 40% free, 22MB/37MB, paused 205us total 15.270ms
08-05 20:09:22.795 12674 12687 I art     : Starting a blocking GC Explicit
08-05 20:09:22.811 12674 12687 I art     : Explicit concurrent mark sweep GC freed 3(96B) AllocSpace objects, 0(0B) LOS objects, 40% free, 22MB/37MB, paused 190us total 15.800ms
08-05 20:09:22.819 12674 12687 I art     : Starting a blocking GC Explicit
08-05 20:09:22.835 12674 12687 I art     : Explicit concurrent mark sweep GC freed 3(96B) AllocSpace objects, 0(0B) LOS objects, 40% free, 22MB/37MB, paused 182us total 15.422ms
08-05 20:09:22.842 12674 12687 I art     : Starting a blocking GC Explicit
08-05 20:09:22.858 12674 12687 I art     : Explicit concurrent mark sweep GC freed 3(96B) AllocSpace objects, 0(0B) LOS objects, 40% free, 22MB/37MB, paused 187us total 15.454ms
08-05 20:09:23.040 12863 12863 D AndroidRuntime: >>>>>> START com.android.internal.os.RuntimeInit uid 2000 <<<<<<
08-05 20:09:23.046 12863 12863 D AndroidRuntime: CheckJNI is OFF
08-05 20:09:23.080 12863 12863 D ICU     : No timezone override file found: /data/misc/zoneinfo/current/icu/icu_tzdata.dat
08-05 20:09:23.112 12863 12863 I Radio-JNI: register_android_hardware_Radio DONE
08-05 20:09:23.133 12863 12863 D AndroidRuntime: Calling main entry com.android.commands.input.Input
08-05 20:09:23.135 12863 12863 I Input   : injectMotionEvent: MotionEvent { action=ACTION_DOWN, actionButton=0, id[0]=0, x[0]=1233.0, y[0]=1274.0, toolType[0]=TOOL_TYPE_UNKNOWN, buttonState=0, metaState=0, flags=0x0, edgeFlags=0x0, pointerCount=1, historySize=0, eventTime=821379548, downTime=821379548, deviceId=0, source=0x1002 }
08-05 20:09:23.140 12863 12863 I Input   : injectMotionEvent: MotionEvent { action=ACTION_UP, actionButton=0, id[0]=0, x[0]=1233.0, y[0]=1274.0, toolType[0]=TOOL_TYPE_UNKNOWN, buttonState=0, metaState=0, flags=0x0, edgeFlags=0x0, pointerCount=1, historySize=0, eventTime=821379548, downTime=821379548, deviceId=0, source=0x1002 }
08-05 20:09:23.141 12863 12863 D AndroidRuntime: Shutting down VM
08-05 20:09:23.158 12674 12686 I art     : Starting a blocking GC Explicit
08-05 20:09:23.175 12674 12686 I art     : Explicit concurrent mark sweep GC freed 1360(79KB) AllocSpace objects, 1(20KB) LOS objects, 40% free, 22MB/37MB, paused 176us total 17.415ms
08-05 20:09:23.184 12674 12686 I art     : Starting a blocking GC Explicit
08-05 20:09:23.200 12674 12686 I art     : Explicit concurrent mark sweep GC freed 23(752B) AllocSpace objects, 0(0B) LOS objects, 40% free, 22MB/37MB, paused 202us total 15.789ms
08-05 20:09:23.208 12674 12686 I art     : Starting a blocking GC Explicit
08-05 20:09:23.224 12674 12686 I art     : Explicit concurrent mark sweep GC freed 3(96B) AllocSpace objects, 0(0B) LOS objects, 40% free, 22MB/37MB, paused 168us total 15.881ms
08-05 20:09:23.232 12674 12686 I art     : Starting a blocking GC Explicit
08-05 20:09:23.248 12674 12686 I art     : Explicit concurrent mark sweep GC freed 3(96B) AllocSpace objects, 0(0B) LOS objects, 40% free, 22MB/37MB, paused 179us total 15.947ms
08-05 20:09:23.256 12674 12686 I art     : Starting a blocking GC Explicit
08-05 20:09:23.273 12674 12686 I art     : Explicit concurrent mark sweep GC freed 3(96B) AllocSpace objects, 0(0B) LOS objects, 40% free, 22MB/37MB, paused 179us total 16.160ms
08-05 20:09:23.527 12674 12687 I art     : Starting a blocking GC Explicit
08-05 20:09:23.544 12674 12687 I art     : Explicit concurrent mark sweep GC freed 1357(79KB) AllocSpace objects, 1(20KB) LOS objects, 40% free, 22MB/37MB, paused 190us total 16.983ms
08-05 20:09:23.552 12674 12687 I art     : Starting a blocking GC Explicit
08-05 20:09:23.569 12674 12687 I art     : Explicit concurrent mark sweep GC freed 106(3KB) AllocSpace objects, 0(0B) LOS objects, 40% free, 22MB/37MB, paused 381us total 17.048ms
08-05 20:09:23.574 13866 13866 I GoogleInputMethodServic: GoogleInputMethodService.onFinishInput():3138 
08-05 20:09:23.575 13866 13866 I GoogleInputMethodServic: GoogleInputMethodService.onStartInput():1808 
08-05 20:09:23.577 12674 12687 I art     : Starting a blocking GC Explicit
08-05 20:09:23.595 12674 12687 I art     : Explicit concurrent mark sweep GC freed 18(880B) AllocSpace objects, 0(0B) LOS objects, 40% free, 22MB/37MB, paused 188us total 17.975ms
08-05 20:09:23.603 12674 12687 I art     : Starting a blocking GC Explicit
08-05 20:09:23.618 12674 12687 I art     : Explicit concurrent mark sweep GC freed 9(400B) AllocSpace objects, 0(0B) LOS objects, 40% free, 22MB/37MB, paused 163us total 14.384ms
08-05 20:09:23.625 12674 12687 I art     : Starting a blocking GC Explicit
08-05 20:09:23.640 12674 12687 I art     : Explicit concurrent mark sweep GC freed 3(96B) AllocSpace objects, 0(0B) LOS objects, 40% free, 22MB/37MB, paused 164us total 14.660ms
08-05 20:09:23.927 12674 12696 I art     : Starting a blocking GC Explicit
08-05 20:09:23.945 12674 12696 I art     : Explicit concurrent mark sweep GC freed 1383(80KB) AllocSpace objects, 1(20KB) LOS objects, 40% free, 22MB/37MB, paused 214us total 18.242ms
08-05 20:09:23.956 12674 12696 I art     : Starting a blocking GC Explicit
08-05 20:09:23.973 12674 12696 I art     : Explicit concurrent mark sweep GC freed 23(752B) AllocSpace objects, 0(0B) LOS objects, 40% free, 22MB/37MB, paused 194us total 16.480ms
08-05 20:09:23.981 12674 12696 I art     : Starting a blocking GC Explicit
08-05 20:09:23.997 12674 12696 I art     : Explicit concurrent mark sweep GC freed 3(96B) AllocSpace objects, 0(0B) LOS objects, 40% free, 22MB/37MB, paused 175us total 16.065ms
08-05 20:09:24.005 12674 12696 I art     : Starting a blocking GC Explicit
08-05 20:09:24.022 12674 12696 I art     : Explicit concurrent mark sweep GC freed 3(96B) AllocSpace objects, 0(0B) LOS objects, 40% free, 22MB/37MB, paused 194us total 16.052ms
08-05 20:09:24.030 12674 12696 I art     : Starting a blocking GC Explicit
08-05 20:09:24.046 12674 12696 I art     : Explicit concurrent mark sweep GC freed 3(96B) AllocSpace objects, 0(0B) LOS objects, 40% free, 22MB/37MB, paused 183us total 15.732ms
08-05 20:09:24.336 12674 12686 I art     : Starting a blocking GC Explicit
08-05 20:09:24.360 12674 12686 I art     : Explicit concurrent mark sweep GC freed 1358(79KB) AllocSpace objects, 1(20KB) LOS objects, 40% free, 22MB/37MB, paused 212us total 24.037ms
08-05 20:09:24.375 12674 12686 I art     : Starting a blocking GC Explicit
08-05 20:09:24.391 12674 12686 I art     : Explicit concurrent mark sweep GC freed 23(752B) AllocSpace objects, 0(0B) LOS objects, 40% free, 22MB/37MB, paused 166us total 15.120ms
08-05 20:09:24.398 12674 12686 I art     : Starting a blocking GC Explicit
08-05 20:09:24.413 12674 12686 I art     : Explicit concurrent mark sweep GC freed 3(96B) AllocSpace objects, 0(0B) LOS objects, 40% free, 22MB/37MB, paused 184us total 14.833ms
08-05 20:09:24.421 12674 12686 I art     : Starting a blocking GC Explicit
08-05 20:09:24.436 12674 12686 I art     : Explicit concurrent mark sweep GC freed 3(96B) AllocSpace objects, 0(0B) LOS objects, 40% free, 22MB/37MB, paused 175us total 15.078ms
08-05 20:09:24.444 12674 12686 I art     : Starting a blocking GC Explicit
08-05 20:09:24.459 12674 12686 I art     : Explicit concurrent mark sweep GC freed 3(96B) AllocSpace objects, 0(0B) LOS objects, 40% free, 22MB/37MB, paused 179us total 15.043ms
08-05 20:09:24.731 12674 12687 I art     : Starting a blocking GC Explicit
08-05 20:09:24.748 12674 12687 I art     : Explicit concurrent mark sweep GC freed 1357(79KB) AllocSpace objects, 1(20KB) LOS objects, 40% free, 22MB/37MB, paused 198us total 16.360ms
08-05 20:09:24.756 12674 12687 I art     : Starting a blocking GC Explicit
08-05 20:09:24.772 12674 12687 I art     : Explicit concurrent mark sweep GC freed 23(752B) AllocSpace objects, 0(0B) LOS objects, 40% free, 22MB/37MB, paused 184us total 15.217ms
08-05 20:09:24.779 12674 12687 I art     : Starting a blocking GC Explicit
08-05 20:09:24.791 12927 12927 D AndroidRuntime: >>>>>> START com.android.internal.os.RuntimeInit uid 2000 <<<<<<
08-05 20:09:24.795 12674 12687 I art     : Explicit concurrent mark sweep GC freed 28(784B) AllocSpace objects, 0(0B) LOS objects, 40% free, 22MB/37MB, paused 186us total 15.353ms
08-05 20:09:24.796 12927 12927 D AndroidRuntime: CheckJNI is OFF
08-05 20:09:24.802 12674 12687 I art     : Starting a blocking GC Explicit
08-05 20:09:24.818 12674 12687 I art     : Explicit concurrent mark sweep GC freed 3(96B) AllocSpace objects, 0(0B) LOS objects, 40% free, 22MB/37MB, paused 190us total 15.387ms
08-05 20:09:24.826 12674 12687 I art     : Starting a blocking GC Explicit
08-05 20:09:24.833 12927 12927 D ICU     : No timezone override file found: /data/misc/zoneinfo/current/icu/icu_tzdata.dat
08-05 20:09:24.841 12674 12687 I art     : Explicit concurrent mark sweep GC freed 3(96B) AllocSpace objects, 0(0B) LOS objects, 40% free, 22MB/37MB, paused 198us total 15.618ms
08-05 20:09:24.868 12927 12927 I Radio-JNI: register_android_hardware_Radio DONE
08-05 20:09:24.889 12927 12927 D AndroidRuntime: Calling main entry com.android.commands.input.Input
08-05 20:09:24.891 12927 12927 I Input   : injectMotionEvent: MotionEvent { action=ACTION_DOWN, actionButton=0, id[0]=0, x[0]=103.0, y[0]=192.0, toolType[0]=TOOL_TYPE_UNKNOWN, buttonState=0, metaState=0, flags=0x0, edgeFlags=0x0, pointerCount=1, historySize=0, eventTime=821381304, downTime=821381304, deviceId=0, source=0x1002 }
08-05 20:09:24.896 12927 12927 I Input   : injectMotionEvent: MotionEvent { action=ACTION_UP, actionButton=0, id[0]=0, x[0]=103.0, y[0]=192.0, toolType[0]=TOOL_TYPE_UNKNOWN, buttonState=0, metaState=0, flags=0x0, edgeFlags=0x0, pointerCount=1, historySize=0, eventTime=821381304, downTime=821381304, deviceId=0, source=0x1002 }
08-05 20:09:24.898 12927 12927 D AndroidRuntime: Shutting down VM
08-05 20:09:24.905   512  2967 D audio_hw_primary: out_set_parameters: enter: usecase(1: low-latency-playback) kvpairs: routing=2
08-05 20:09:24.919   512  2967 D audio_hw_primary: select_devices: out_snd_device(2: speaker) in_snd_device(0: none)
08-05 20:09:24.920   512  2967 D msm8974_platform: platform_send_audio_calibration: sending audio calibration for snd_device(2) acdb_id(15)
08-05 20:09:24.920   512  2967 I soundtrigger: audio_extn_sound_trigger_update_device_status: device 0x2 of type 0 for Event 1
08-05 20:09:24.931   512  2967 D audio_hw_primary: enable_snd_device: snd_device(2: speaker)
08-05 20:09:24.933   512  2967 D audio_hw_primary: enable_audio_route: apply and update mixer path: low-latency-playback speaker
08-05 20:09:24.942 13866 13866 I GoogleInputMethodServic: GoogleInputMethodService.onFinishInput():3138 
08-05 20:09:24.943 13866 13866 I GoogleInputMethodServic: GoogleInputMethodService.onStartInput():1808 
08-05 20:09:25.082 12674 12687 I art     : Starting a blocking GC Explicit
08-05 20:09:25.099 12674 12687 I art     : Explicit concurrent mark sweep GC freed 1866(104KB) AllocSpace objects, 1(20KB) LOS objects, 40% free, 22MB/37MB, paused 192us total 17.241ms
08-05 20:09:25.108 12674 12687 I art     : Starting a blocking GC Explicit
08-05 20:09:25.125 12674 12687 I art     : Explicit concurrent mark sweep GC freed 35(1488B) AllocSpace objects, 0(0B) LOS objects, 40% free, 22MB/37MB, paused 226us total 16.753ms
08-05 20:09:25.134 12674 12687 I art     : Starting a blocking GC Explicit
08-05 20:09:25.150 12674 12687 I art     : Explicit concurrent mark sweep GC freed 5(160B) AllocSpace objects, 0(0B) LOS objects, 40% free, 22MB/37MB, paused 194us total 16.298ms
08-05 20:09:25.159 12674 12687 I art     : Starting a blocking GC Explicit
08-05 20:09:25.173 12674 12687 I art     : Explicit concurrent mark sweep GC freed 3(96B) AllocSpace objects, 0(0B) LOS objects, 40% free, 22MB/37MB, paused 175us total 14.061ms
08-05 20:09:25.181 12674 12687 I art     : Starting a blocking GC Explicit
08-05 20:09:25.195 12674 12687 I art     : Explicit concurrent mark sweep GC freed 3(96B) AllocSpace objects, 0(0B) LOS objects, 40% free, 22MB/37MB, paused 177us total 14.257ms
08-05 20:09:25.436 12674 12687 I art     : Starting a blocking GC Explicit
08-05 20:09:25.452 12674 12687 I art     : Explicit concurrent mark sweep GC freed 1361(80KB) AllocSpace objects, 1(20KB) LOS objects, 40% free, 22MB/37MB, paused 180us total 16.100ms
08-05 20:09:25.460 12674 12687 I art     : Starting a blocking GC Explicit
08-05 20:09:25.470   512  2967 D audio_hw_primary: disable_audio_route: reset and update mixer path: low-latency-playback speaker
08-05 20:09:25.471   512  2967 D audio_hw_primary: disable_snd_device: snd_device(2: speaker)
08-05 20:09:25.475 12674 12687 I art     : Explicit concurrent mark sweep GC freed 31(1008B) AllocSpace objects, 0(0B) LOS objects, 40% free, 22MB/37MB, paused 178us total 15.545ms
08-05 20:09:25.478   512  2967 I soundtrigger: audio_extn_sound_trigger_update_device_status: device 0x2 of type 0 for Event 0
08-05 20:09:25.483 12674 12687 I art     : Starting a blocking GC Explicit
08-05 20:09:25.497 12674 12687 I art     : Explicit concurrent mark sweep GC freed 3(96B) AllocSpace objects, 0(0B) LOS objects, 40% free, 22MB/37MB, paused 197us total 14.188ms
08-05 20:09:25.504 12674 12687 I art     : Starting a blocking GC Explicit
08-05 20:09:25.519 12674 12687 I art     : Explicit concurrent mark sweep GC freed 3(96B) AllocSpace objects, 0(0B) LOS objects, 40% free, 22MB/37MB, paused 177us total 14.650ms
08-05 20:09:25.526 12674 12687 I art     : Starting a blocking GC Explicit
08-05 20:09:25.541 12674 12687 I art     : Explicit concurrent mark sweep GC freed 3(96B) AllocSpace objects, 0(0B) LOS objects, 40% free, 22MB/37MB, paused 181us total 14.223ms
08-05 20:09:25.545 12963 12963 D AndroidRuntime: >>>>>> START com.android.internal.os.RuntimeInit uid 2000 <<<<<<
08-05 20:09:25.550 12963 12963 D AndroidRuntime: CheckJNI is OFF
08-05 20:09:25.580 12963 12963 D ICU     : No timezone override file found: /data/misc/zoneinfo/current/icu/icu_tzdata.dat
08-05 20:09:25.611 12963 12963 I Radio-JNI: register_android_hardware_Radio DONE
08-05 20:09:25.632 12963 12963 D AndroidRuntime: Calling main entry com.android.commands.input.Input
08-05 20:09:25.634 12963 12963 I Input   : injectMotionEvent: MotionEvent { action=ACTION_DOWN, actionButton=0, id[0]=0, x[0]=324.0, y[0]=2298.0, toolType[0]=TOOL_TYPE_UNKNOWN, buttonState=0, metaState=0, flags=0x0, edgeFlags=0x0, pointerCount=1, historySize=0, eventTime=821382047, downTime=821382047, deviceId=0, source=0x1002 }
08-05 20:09:25.638 12963 12963 I Input   : injectMotionEvent: MotionEvent { action=ACTION_UP, actionButton=0, id[0]=0, x[0]=324.0, y[0]=2298.0, toolType[0]=TOOL_TYPE_UNKNOWN, buttonState=0, metaState=0, flags=0x0, edgeFlags=0x0, pointerCount=1, historySize=0, eventTime=821382047, downTime=821382047, deviceId=0, source=0x1002 }
08-05 20:09:25.640 12963 12963 D AndroidRuntime: Shutting down VM
08-05 20:09:25.654   512  2967 D audio_hw_primary: out_set_parameters: enter: usecase(1: low-latency-playback) kvpairs: routing=2
08-05 20:09:25.656   918  6112 I ActivityManager: START u0 {cmp=baseline.de.danoeh.antennapod.debug/baseline.de.danoeh.antennapod.activity.PreferenceActivity} from uid 10695 on display 0
08-05 20:09:25.666   512  2967 D audio_hw_primary: select_devices: out_snd_device(2: speaker) in_snd_device(0: none)
08-05 20:09:25.667   512  2967 D msm8974_platform: platform_send_audio_calibration: sending audio calibration for snd_device(2) acdb_id(15)
08-05 20:09:25.667   512  2967 I soundtrigger: audio_extn_sound_trigger_update_device_status: device 0x2 of type 0 for Event 1
08-05 20:09:25.682   512  2967 D audio_hw_primary: enable_snd_device: snd_device(2: speaker)
08-05 20:09:25.684   512  2967 D audio_hw_primary: enable_audio_route: apply and update mixer path: low-latency-playback speaker
08-05 20:09:25.726   512  2967 D AudioFlinger: mixer(0xf4740000) throttle end: throttle time(12)
08-05 20:09:25.781 12674 12696 I art     : Starting a blocking GC Explicit
08-05 20:09:25.800 12674 12696 I art     : Explicit concurrent mark sweep GC freed 3282(365KB) AllocSpace objects, 2(40KB) LOS objects, 40% free, 22MB/38MB, paused 556us total 17.887ms
08-05 20:09:25.807 12674 12696 I art     : Starting a blocking GC Explicit
08-05 20:09:25.825 12674 12696 I art     : Explicit concurrent mark sweep GC freed 963(71KB) AllocSpace objects, 0(0B) LOS objects, 40% free, 23MB/38MB, paused 462us total 17.235ms
08-05 20:09:25.832 12674 12696 I art     : Starting a blocking GC Explicit
08-05 20:09:25.850 12674 12696 I art     : Explicit concurrent mark sweep GC freed 312(14KB) AllocSpace objects, 0(0B) LOS objects, 40% free, 23MB/38MB, paused 517us total 17.575ms
08-05 20:09:25.858 12674 12696 I art     : Starting a blocking GC Explicit
08-05 20:09:25.876 12674 12696 I art     : Explicit concurrent mark sweep GC freed 213(9KB) AllocSpace objects, 0(0B) LOS objects, 40% free, 23MB/39MB, paused 408us total 18.088ms
08-05 20:09:25.885 12674 12696 I art     : Starting a blocking GC Explicit
08-05 20:09:25.901 12674 12696 I art     : Explicit concurrent mark sweep GC freed 63(3KB) AllocSpace objects, 0(0B) LOS objects, 40% free, 23MB/38MB, paused 202us total 16.253ms
08-05 20:09:25.968   918   936 I ActivityManager: Displayed baseline.de.danoeh.antennapod.debug/baseline.de.danoeh.antennapod.activity.PreferenceActivity: +280ms
08-05 20:09:25.968 13866 13866 I GoogleInputMethodServic: GoogleInputMethodService.onFinishInput():3138 
08-05 20:09:25.969 13866 13866 I GoogleInputMethodServic: GoogleInputMethodService.onStartInput():1808 
08-05 20:09:26.012 12674 12695 D OpenGLRenderer: endAllStagingAnimators on 0x7f7f361800 (RippleDrawable) with handle 0x7f7e1ff9c0
08-05 20:09:26.145 12674 12686 I art     : Starting a blocking GC Explicit
08-05 20:09:26.168 12674 12686 I art     : Explicit concurrent mark sweep GC freed 1653(90KB) AllocSpace objects, 1(20KB) LOS objects, 40% free, 23MB/38MB, paused 199us total 22.883ms
08-05 20:09:26.168 12674 12685 I art     : WaitForGcToComplete blocked for 20.462ms for cause HeapTrim
08-05 20:09:26.178 12674 12686 I art     : Starting a blocking GC Explicit
08-05 20:09:26.199 12674 12686 I art     : Explicit concurrent mark sweep GC freed 37(1216B) AllocSpace objects, 0(0B) LOS objects, 40% free, 23MB/38MB, paused 193us total 20.843ms
08-05 20:09:26.210 12674 12686 I art     : Starting a blocking GC Explicit
08-05 20:09:26.219   512  2967 D audio_hw_primary: disable_audio_route: reset and update mixer path: low-latency-playback speaker
08-05 20:09:26.220   380   380 W SurfaceFlinger: couldn't log to binary event log: overflow.
08-05 20:09:26.221   512  2967 D audio_hw_primary: disable_snd_device: snd_device(2: speaker)
08-05 20:09:26.230   512  2967 I soundtrigger: audio_extn_sound_trigger_update_device_status: device 0x2 of type 0 for Event 0
08-05 20:09:26.231 12674 12686 I art     : Explicit concurrent mark sweep GC freed 3(96B) AllocSpace objects, 0(0B) LOS objects, 40% free, 23MB/38MB, paused 189us total 21.324ms
08-05 20:09:26.241 12674 12686 I art     : Starting a blocking GC Explicit
08-05 20:09:26.257 12674 12686 I art     : Explicit concurrent mark sweep GC freed 3(96B) AllocSpace objects, 0(0B) LOS objects, 40% free, 23MB/38MB, paused 161us total 15.911ms
08-05 20:09:26.265 12674 12686 I art     : Starting a blocking GC Explicit
08-05 20:09:26.280 12674 12686 I art     : Explicit concurrent mark sweep GC freed 3(96B) AllocSpace objects, 0(0B) LOS objects, 40% free, 23MB/38MB, paused 163us total 15.464ms
08-05 20:09:26.341 12674 12674 D PlaybackController: Releasing PlaybackController
08-05 20:09:26.549 12674 12696 I art     : Starting a blocking GC Explicit
08-05 20:09:26.570 12674 12696 I art     : Explicit concurrent mark sweep GC freed 1619(97KB) AllocSpace objects, 1(20KB) LOS objects, 40% free, 23MB/39MB, paused 204us total 20.333ms
08-05 20:09:26.578 12674 12696 I art     : Starting a blocking GC Explicit
08-05 20:09:26.598 12674 12696 I art     : Explicit concurrent mark sweep GC freed 63(2064B) AllocSpace objects, 0(0B) LOS objects, 40% free, 23MB/39MB, paused 191us total 19.684ms
08-05 20:09:26.607 12674 12696 I art     : Starting a blocking GC Explicit
08-05 20:09:26.626 12674 12696 I art     : Explicit concurrent mark sweep GC freed 3(96B) AllocSpace objects, 0(0B) LOS objects, 40% free, 23MB/39MB, paused 195us total 19.036ms
08-05 20:09:26.634 12674 12696 I art     : Starting a blocking GC Explicit
08-05 20:09:26.653 12674 12696 I art     : Explicit concurrent mark sweep GC freed 3(96B) AllocSpace objects, 0(0B) LOS objects, 40% free, 23MB/39MB, paused 184us total 18.855ms
08-05 20:09:26.661 12674 12696 I art     : Starting a blocking GC Explicit
08-05 20:09:26.681 12674 12696 I art     : Explicit concurrent mark sweep GC freed 3(96B) AllocSpace objects, 0(0B) LOS objects, 40% free, 23MB/39MB, paused 195us total 19.129ms
08-05 20:09:26.950 12674 12687 I art     : Starting a blocking GC Explicit
08-05 20:09:26.969 12674 12687 I art     : Explicit concurrent mark sweep GC freed 1385(80KB) AllocSpace objects, 1(20KB) LOS objects, 40% free, 23MB/39MB, paused 201us total 18.782ms
08-05 20:09:26.978 12674 12687 I art     : Starting a blocking GC Explicit
08-05 20:09:26.997 12674 12687 I art     : Explicit concurrent mark sweep GC freed 23(752B) AllocSpace objects, 0(0B) LOS objects, 40% free, 23MB/39MB, paused 492us total 19.065ms
08-05 20:09:27.005 12674 12687 I art     : Starting a blocking GC Explicit
08-05 20:09:27.023 12674 12687 I art     : Explicit concurrent mark sweep GC freed 3(96B) AllocSpace objects, 0(0B) LOS objects, 40% free, 23MB/39MB, paused 197us total 17.921ms
08-05 20:09:27.031 12674 12687 I art     : Starting a blocking GC Explicit
08-05 20:09:27.049 12674 12687 I art     : Explicit concurrent mark sweep GC freed 3(96B) AllocSpace objects, 0(0B) LOS objects, 40% free, 23MB/39MB, paused 206us total 17.863ms
08-05 20:09:27.057 12674 12687 I art     : Starting a blocking GC Explicit
08-05 20:09:27.075 12674 12687 I art     : Explicit concurrent mark sweep GC freed 3(96B) AllocSpace objects, 0(0B) LOS objects, 40% free, 23MB/39MB, paused 207us total 17.720ms
08-05 20:09:27.293 13023 13023 D AndroidRuntime: >>>>>> START com.android.internal.os.RuntimeInit uid 2000 <<<<<<
08-05 20:09:27.298 13023 13023 D AndroidRuntime: CheckJNI is OFF
08-05 20:09:27.332 13023 13023 D ICU     : No timezone override file found: /data/misc/zoneinfo/current/icu/icu_tzdata.dat
08-05 20:09:27.337 12674 12686 I art     : Starting a blocking GC Explicit
08-05 20:09:27.357 12674 12686 I art     : Explicit concurrent mark sweep GC freed 1361(80KB) AllocSpace objects, 1(20KB) LOS objects, 40% free, 23MB/39MB, paused 184us total 19.398ms
08-05 20:09:27.365 12674 12686 I art     : Starting a blocking GC Explicit
08-05 20:09:27.367 13023 13023 I Radio-JNI: register_android_hardware_Radio DONE
08-05 20:09:27.385 12674 12686 I art     : Explicit concurrent mark sweep GC freed 27(880B) AllocSpace objects, 0(0B) LOS objects, 40% free, 23MB/39MB, paused 182us total 19.913ms
08-05 20:09:27.391 13023 13023 D AndroidRuntime: Calling main entry com.android.commands.input.Input
08-05 20:09:27.393 12674 12686 I art     : Starting a blocking GC Explicit
08-05 20:09:27.393 13023 13023 I Input   : injectMotionEvent: MotionEvent { action=ACTION_DOWN, actionButton=0, id[0]=0, x[0]=400.0, y[0]=997.0, toolType[0]=TOOL_TYPE_UNKNOWN, buttonState=0, metaState=0, flags=0x0, edgeFlags=0x0, pointerCount=1, historySize=0, eventTime=821383806, downTime=821383806, deviceId=0, source=0x1002 }
08-05 20:09:27.399 13023 13023 I Input   : injectMotionEvent: MotionEvent { action=ACTION_UP, actionButton=0, id[0]=0, x[0]=400.0, y[0]=997.0, toolType[0]=TOOL_TYPE_UNKNOWN, buttonState=0, metaState=0, flags=0x0, edgeFlags=0x0, pointerCount=1, historySize=0, eventTime=821383806, downTime=821383806, deviceId=0, source=0x1002 }
08-05 20:09:27.400 13023 13023 D AndroidRuntime: Shutting down VM
08-05 20:09:27.406   512  2967 D audio_hw_primary: out_set_parameters: enter: usecase(1: low-latency-playback) kvpairs: routing=2
08-05 20:09:27.411 12674 12686 I art     : Explicit concurrent mark sweep GC freed 156(6KB) AllocSpace objects, 0(0B) LOS objects, 40% free, 23MB/39MB, paused 225us total 18.251ms
08-05 20:09:27.419   512  2967 D audio_hw_primary: select_devices: out_snd_device(2: speaker) in_snd_device(0: none)
08-05 20:09:27.419 12674 12686 I art     : Starting a blocking GC Explicit
08-05 20:09:27.419   512  2967 D msm8974_platform: platform_send_audio_calibration: sending audio calibration for snd_device(2) acdb_id(15)
08-05 20:09:27.419   512  2967 I soundtrigger: audio_extn_sound_trigger_update_device_status: device 0x2 of type 0 for Event 1
08-05 20:09:27.428   512  2967 D audio_hw_primary: enable_snd_device: snd_device(2: speaker)
08-05 20:09:27.430   512  2967 D audio_hw_primary: enable_audio_route: apply and update mixer path: low-latency-playback speaker
08-05 20:09:27.438 12674 12686 I art     : Explicit concurrent mark sweep GC freed 628(45KB) AllocSpace objects, 1(20KB) LOS objects, 40% free, 23MB/39MB, paused 471us total 19.306ms
08-05 20:09:27.446 12674 12686 I art     : Starting a blocking GC Explicit
08-05 20:09:27.464 12674 12686 I art     : Explicit concurrent mark sweep GC freed 286(17KB) AllocSpace objects, 0(0B) LOS objects, 40% free, 23MB/39MB, paused 425us total 18.106ms
08-05 20:09:27.488   518   646 I ThermalEngine: ACTION: GPU - Setting GPU[0] to 450000000
08-05 20:09:27.547 13866 13866 I GoogleInputMethodServic: GoogleInputMethodService.onFinishInput():3138 
08-05 20:09:27.548 13866 13866 I GoogleInputMethodServic: GoogleInputMethodService.onStartInput():1808 
08-05 20:09:27.736 12674 12686 I art     : Starting a blocking GC Explicit
08-05 20:09:27.762 12674 12686 I art     : Explicit concurrent mark sweep GC freed 1904(119KB) AllocSpace objects, 1(20KB) LOS objects, 40% free, 23MB/39MB, paused 263us total 26.091ms
08-05 20:09:27.773 12674 12686 I art     : Starting a blocking GC Explicit
08-05 20:09:27.799 12674 12686 I art     : Explicit concurrent mark sweep GC freed 125(5KB) AllocSpace objects, 0(0B) LOS objects, 40% free, 23MB/39MB, paused 251us total 25.213ms
08-05 20:09:27.809 12674 12686 I art     : Starting a blocking GC Explicit
08-05 20:09:27.834 12674 12686 I art     : Explicit concurrent mark sweep GC freed 3(96B) AllocSpace objects, 0(0B) LOS objects, 40% free, 23MB/39MB, paused 238us total 24.711ms
08-05 20:09:27.845 12674 12686 I art     : Starting a blocking GC Explicit
08-05 20:09:27.869 12674 12686 I art     : Explicit concurrent mark sweep GC freed 3(96B) AllocSpace objects, 0(0B) LOS objects, 40% free, 23MB/39MB, paused 243us total 24.177ms
08-05 20:09:27.880 12674 12686 I art     : Starting a blocking GC Explicit
08-05 20:09:27.905 12674 12686 I art     : Explicit concurrent mark sweep GC freed 3(96B) AllocSpace objects, 0(0B) LOS objects, 40% free, 23MB/39MB, paused 240us total 24.757ms
08-05 20:09:27.960   512  2967 D audio_hw_primary: disable_audio_route: reset and update mixer path: low-latency-playback speaker
08-05 20:09:27.962   512  2967 D audio_hw_primary: disable_snd_device: snd_device(2: speaker)
08-05 20:09:27.970   512  2967 I soundtrigger: audio_extn_sound_trigger_update_device_status: device 0x2 of type 0 for Event 0
08-05 20:09:28.185 13055 13055 D AndroidRuntime: >>>>>> START com.android.internal.os.RuntimeInit uid 2000 <<<<<<
08-05 20:09:28.186 12674 12687 I art     : Starting a blocking GC Explicit
08-05 20:09:28.191 13055 13055 D AndroidRuntime: CheckJNI is OFF
08-05 20:09:28.212 12674 12687 I art     : Explicit concurrent mark sweep GC freed 1362(80KB) AllocSpace objects, 1(20KB) LOS objects, 40% free, 23MB/39MB, paused 255us total 26.128ms
08-05 20:09:28.223 12674 12687 I art     : Starting a blocking GC Explicit
08-05 20:09:28.239 13055 13055 D ICU     : No timezone override file found: /data/misc/zoneinfo/current/icu/icu_tzdata.dat
08-05 20:09:28.249 12674 12687 I art     : Explicit concurrent mark sweep GC freed 23(752B) AllocSpace objects, 0(0B) LOS objects, 40% free, 23MB/39MB, paused 251us total 25.407ms
08-05 20:09:28.259 12674 12687 I art     : Starting a blocking GC Explicit
08-05 20:09:28.281 13055 13055 I Radio-JNI: register_android_hardware_Radio DONE
08-05 20:09:28.283 12674 12687 I art     : Explicit concurrent mark sweep GC freed 3(96B) AllocSpace objects, 0(0B) LOS objects, 40% free, 23MB/39MB, paused 249us total 24.108ms
08-05 20:09:28.294 12674 12687 I art     : Starting a blocking GC Explicit
08-05 20:09:28.311 13055 13055 D AndroidRuntime: Calling main entry com.android.commands.input.Input
08-05 20:09:28.313 13055 13055 I Input   : injectMotionEvent: MotionEvent { action=ACTION_DOWN, actionButton=0, id[0]=0, x[0]=697.0, y[0]=656.0, toolType[0]=TOOL_TYPE_UNKNOWN, buttonState=0, metaState=0, flags=0x0, edgeFlags=0x0, pointerCount=1, historySize=0, eventTime=821384726, downTime=821384726, deviceId=0, source=0x1002 }
08-05 20:09:28.317 13055 13055 I Input   : injectMotionEvent: MotionEvent { action=ACTION_UP, actionButton=0, id[0]=0, x[0]=697.0, y[0]=656.0, toolType[0]=TOOL_TYPE_UNKNOWN, buttonState=0, metaState=0, flags=0x0, edgeFlags=0x0, pointerCount=1, historySize=0, eventTime=821384726, downTime=821384726, deviceId=0, source=0x1002 }
08-05 20:09:28.318 12674 12687 I art     : Explicit concurrent mark sweep GC freed 3(96B) AllocSpace objects, 0(0B) LOS objects, 40% free, 23MB/39MB, paused 239us total 24.396ms
08-05 20:09:28.319 13055 13055 D AndroidRuntime: Shutting down VM
08-05 20:09:28.325   512  2967 D audio_hw_primary: out_set_parameters: enter: usecase(1: low-latency-playback) kvpairs: routing=2
08-05 20:09:28.330 12674 12687 I art     : Starting a blocking GC Explicit
08-05 20:09:28.338   512  2967 D audio_hw_primary: select_devices: out_snd_device(2: speaker) in_snd_device(0: none)
08-05 20:09:28.338   512  2967 D msm8974_platform: platform_send_audio_calibration: sending audio calibration for snd_device(2) acdb_id(15)
08-05 20:09:28.339   512  2967 I soundtrigger: audio_extn_sound_trigger_update_device_status: device 0x2 of type 0 for Event 1
08-05 20:09:28.350   512  2967 D audio_hw_primary: enable_snd_device: snd_device(2: speaker)
08-05 20:09:28.352   512  2967 D audio_hw_primary: enable_audio_route: apply and update mixer path: low-latency-playback speaker
08-05 20:09:28.356 12674 12687 I art     : Explicit concurrent mark sweep GC freed 273(62KB) AllocSpace objects, 0(0B) LOS objects, 40% free, 23MB/39MB, paused 499us total 25.765ms
08-05 20:09:28.394   512  2967 D AudioFlinger: mixer(0xf4740000) throttle end: throttle time(12)
08-05 20:09:28.406 13866 13866 I GoogleInputMethodServic: GoogleInputMethodService.onFinishInput():3138 
08-05 20:09:28.407 13866 13866 I GoogleInputMethodServic: GoogleInputMethodService.onStartInput():1808 
08-05 20:09:28.575 13866 13882 I PeriodicStatsRunner: PeriodicStatsRunner.call():175 call()
08-05 20:09:28.576 13866 13882 I PeriodicStatsRunner: PeriodicStatsRunner.call():179 No submit PeriodicStats since input started.
08-05 20:09:28.637 12674 12686 I art     : Starting a blocking GC Explicit
08-05 20:09:28.642 29532 29532 W PathParser: Points are too far apart 4.030360828967057
08-05 20:09:28.643 29532 29532 W PathParser: Points are too far apart 4.030360538880159
08-05 20:09:28.657 29532 29532 W PathParser: Points are too far apart 4.030360828967057
08-05 20:09:28.657 29532 29532 W PathParser: Points are too far apart 4.030360538880159
08-05 20:09:28.665 12674 12686 I art     : Explicit concurrent mark sweep GC freed 2263(137KB) AllocSpace objects, 1(20KB) LOS objects, 40% free, 23MB/39MB, paused 241us total 27.483ms
08-05 20:09:28.673 29532 29532 W PathParser: Points are too far apart 4.030360828967057
08-05 20:09:28.674 29532 29532 W PathParser: Points are too far apart 4.030360538880159
08-05 20:09:28.677 12674 12686 I art     : Starting a blocking GC Explicit
08-05 20:09:28.690 29532 29532 W PathParser: Points are too far apart 4.030360828967057
08-05 20:09:28.690 29532 29532 W PathParser: Points are too far apart 4.030360538880159
08-05 20:09:28.704 12674 12686 I art     : Explicit concurrent mark sweep GC freed 42(1664B) AllocSpace objects, 0(0B) LOS objects, 40% free, 23MB/39MB, paused 245us total 26.627ms
08-05 20:09:28.706 29532 29532 W PathParser: Points are too far apart 4.030360828967057
08-05 20:09:28.707 29532 29532 W PathParser: Points are too far apart 4.030360538880159
08-05 20:09:28.715 12674 12686 I art     : Starting a blocking GC Explicit
08-05 20:09:28.723 29532 29532 W PathParser: Points are too far apart 4.030360828967057
08-05 20:09:28.723 29532 29532 W PathParser: Points are too far apart 4.030360538880159
08-05 20:09:28.739 12674 12686 I art     : Explicit concurrent mark sweep GC freed 3(96B) AllocSpace objects, 0(0B) LOS objects, 40% free, 23MB/39MB, paused 277us total 24.041ms
08-05 20:09:28.739 29532 29532 W PathParser: Points are too far apart 4.030360828967057
08-05 20:09:28.740 29532 29532 W PathParser: Points are too far apart 4.030360538880159
08-05 20:09:28.750 12674 12686 I art     : Starting a blocking GC Explicit
08-05 20:09:28.774 12674 12686 I art     : Explicit concurrent mark sweep GC freed 7(224B) AllocSpace objects, 0(0B) LOS objects, 40% free, 23MB/39MB, paused 241us total 24.018ms
08-05 20:09:28.785 12674 12686 I art     : Starting a blocking GC Explicit
08-05 20:09:28.811 12674 12686 I art     : Explicit concurrent mark sweep GC freed 28(784B) AllocSpace objects, 0(0B) LOS objects, 40% free, 23MB/39MB, paused 232us total 26.154ms
08-05 20:09:28.890   512  2967 D audio_hw_primary: disable_audio_route: reset and update mixer path: low-latency-playback speaker
08-05 20:09:28.893   512  2967 D audio_hw_primary: disable_snd_device: snd_device(2: speaker)
08-05 20:09:28.902   512  2967 I soundtrigger: audio_extn_sound_trigger_update_device_status: device 0x2 of type 0 for Event 0
08-05 20:09:29.093 13089 13089 D AndroidRuntime: >>>>>> START com.android.internal.os.RuntimeInit uid 2000 <<<<<<
08-05 20:09:29.100 13089 13089 D AndroidRuntime: CheckJNI is OFF
08-05 20:09:29.110 12674 12686 I art     : Starting a blocking GC Explicit
08-05 20:09:29.139 12674 12686 I art     : Explicit concurrent mark sweep GC freed 1541(87KB) AllocSpace objects, 1(20KB) LOS objects, 40% free, 23MB/39MB, paused 270us total 28.330ms
08-05 20:09:29.146 13089 13089 D ICU     : No timezone override file found: /data/misc/zoneinfo/current/icu/icu_tzdata.dat
08-05 20:09:29.150 12674 12686 I art     : Starting a blocking GC Explicit
08-05 20:09:29.176 12674 12686 I art     : Explicit concurrent mark sweep GC freed 103(3KB) AllocSpace objects, 0(0B) LOS objects, 40% free, 23MB/39MB, paused 410us total 25.140ms
08-05 20:09:29.186 12674 12686 I art     : Starting a blocking GC Explicit
08-05 20:09:29.189 13089 13089 I Radio-JNI: register_android_hardware_Radio DONE
08-05 20:09:29.212 12674 12686 I art     : Explicit concurrent mark sweep GC freed 76(2432B) AllocSpace objects, 0(0B) LOS objects, 40% free, 23MB/39MB, paused 357us total 25.475ms
08-05 20:09:29.219 13089 13089 D AndroidRuntime: Calling main entry com.android.commands.input.Input
08-05 20:09:29.221 13089 13089 I Input   : injectMotionEvent: MotionEvent { action=ACTION_DOWN, actionButton=0, id[0]=0, x[0]=256.0, y[0]=1589.0, toolType[0]=TOOL_TYPE_UNKNOWN, buttonState=0, metaState=0, flags=0x0, edgeFlags=0x0, pointerCount=1, historySize=0, eventTime=821385634, downTime=821385634, deviceId=0, source=0x1002 }
08-05 20:09:29.222 12674 12686 I art     : Starting a blocking GC Explicit
08-05 20:09:29.232 13089 13089 I Input   : injectMotionEvent: MotionEvent { action=ACTION_UP, actionButton=0, id[0]=0, x[0]=256.0, y[0]=1589.0, toolType[0]=TOOL_TYPE_UNKNOWN, buttonState=0, metaState=0, flags=0x0, edgeFlags=0x0, pointerCount=1, historySize=0, eventTime=821385634, downTime=821385634, deviceId=0, source=0x1002 }
08-05 20:09:29.234 13089 13089 D AndroidRuntime: Shutting down VM
08-05 20:09:29.249 12674 12686 I art     : Explicit concurrent mark sweep GC freed 91(2912B) AllocSpace objects, 0(0B) LOS objects, 40% free, 23MB/39MB, paused 287us total 26.100ms
08-05 20:09:29.251 12674 12674 D UserPreferences: timeOfDay: []
08-05 20:09:29.251 12674 12674 D AutoUpdateManager: Restarting update alarm.
08-05 20:09:29.252 12674 12674 D AutoUpdateManager: Automatic update was deactivated
08-05 20:09:29.254   512  2967 D audio_hw_primary: out_set_parameters: enter: usecase(1: low-latency-playback) kvpairs: routing=2
08-05 20:09:29.261 12674 12686 I art     : Starting a blocking GC Explicit
08-05 20:09:29.268   512  2967 D audio_hw_primary: select_devices: out_snd_device(2: speaker) in_snd_device(0: none)
08-05 20:09:29.268   512  2967 D msm8974_platform: platform_send_audio_calibration: sending audio calibration for snd_device(2) acdb_id(15)
08-05 20:09:29.268   512  2967 I soundtrigger: audio_extn_sound_trigger_update_device_status: device 0x2 of type 0 for Event 1
08-05 20:09:29.284   512  2967 D audio_hw_primary: enable_snd_device: snd_device(2: speaker)
08-05 20:09:29.284 13866 13866 I GoogleInputMethodServic: GoogleInputMethodService.onFinishInput():3138 
08-05 20:09:29.285 13866 13866 I GoogleInputMethodServic: GoogleInputMethodService.onStartInput():1808 
08-05 20:09:29.287 12674 12686 I art     : Explicit concurrent mark sweep GC freed 322(26KB) AllocSpace objects, 1(20KB) LOS objects, 40% free, 23MB/39MB, paused 464us total 25.529ms
08-05 20:09:29.287   512  2967 D audio_hw_primary: enable_audio_route: apply and update mixer path: low-latency-playback speaker
08-05 20:09:29.290 29532 29532 W PathParser: Points are too far apart 4.030360828967057
08-05 20:09:29.290 29532 29532 W PathParser: Points are too far apart 4.030360538880159
08-05 20:09:29.306 29532 29532 W PathParser: Points are too far apart 4.030360828967057
08-05 20:09:29.306 29532 29532 W PathParser: Points are too far apart 4.030360538880159
08-05 20:09:29.322 29532 29532 W PathParser: Points are too far apart 4.030360828967057
08-05 20:09:29.323 29532 29532 W PathParser: Points are too far apart 4.030360538880159
08-05 20:09:29.339 29532 29532 W PathParser: Points are too far apart 4.030360828967057
08-05 20:09:29.339 29532 29532 W PathParser: Points are too far apart 4.030360538880159
08-05 20:09:29.341   512  2967 D AudioFlinger: mixer(0xf4740000) throttle end: throttle time(12)
08-05 20:09:29.356 29532 29532 W PathParser: Points are too far apart 4.030360828967057
08-05 20:09:29.356 29532 29532 W PathParser: Points are too far apart 4.030360538880159
08-05 20:09:29.373 29532 29532 W PathParser: Points are too far apart 4.030360828967057
08-05 20:09:29.373 29532 29532 W PathParser: Points are too far apart 4.030360538880159
08-05 20:09:29.389 29532 29532 W PathParser: Points are too far apart 4.030360828967057
08-05 20:09:29.389 29532 29532 W PathParser: Points are too far apart 4.030360538880159
08-05 20:09:29.406 29532 29532 W PathParser: Points are too far apart 4.030360828967057
08-05 20:09:29.406 29532 29532 W PathParser: Points are too far apart 4.030360538880159
08-05 20:09:29.456   380   380 W SurfaceFlinger: couldn't log to binary event log: overflow.
08-05 20:09:29.550 12674 12686 I art     : Starting a blocking GC Explicit
08-05 20:09:29.574 12674 12686 I art     : Explicit concurrent mark sweep GC freed 1527(85KB) AllocSpace objects, 1(20KB) LOS objects, 40% free, 23MB/39MB, paused 248us total 23.791ms
08-05 20:09:29.584 12674 12686 I art     : Starting a blocking GC Explicit
08-05 20:09:29.610 12674 12686 I art     : Explicit concurrent mark sweep GC freed 31(1104B) AllocSpace objects, 0(0B) LOS objects, 40% free, 23MB/39MB, paused 257us total 25.939ms
08-05 20:09:29.621 12674 12686 I art     : Starting a blocking GC Explicit
08-05 20:09:29.647 12674 12686 I art     : Explicit concurrent mark sweep GC freed 3(96B) AllocSpace objects, 0(0B) LOS objects, 40% free, 23MB/39MB, paused 254us total 25.507ms
08-05 20:09:29.657 12674 12686 I art     : Starting a blocking GC Explicit
08-05 20:09:29.682 12674 12686 I art     : Explicit concurrent mark sweep GC freed 3(96B) AllocSpace objects, 0(0B) LOS objects, 40% free, 23MB/39MB, paused 260us total 24.081ms
08-05 20:09:29.692 12674 12686 I art     : Starting a blocking GC Explicit
08-05 20:09:29.718 12674 12686 I art     : Explicit concurrent mark sweep GC freed 3(96B) AllocSpace objects, 0(0B) LOS objects, 40% free, 23MB/39MB, paused 245us total 25.048ms
08-05 20:09:29.839   512  2967 D audio_hw_primary: disable_audio_route: reset and update mixer path: low-latency-playback speaker
08-05 20:09:29.841   512  2967 D audio_hw_primary: disable_snd_device: snd_device(2: speaker)
08-05 20:09:29.851   512  2967 I soundtrigger: audio_extn_sound_trigger_update_device_status: device 0x2 of type 0 for Event 0
08-05 20:09:29.924 15866 15866 I Finsky  : [1] xow.onStartJob(3): SCH: onJobSchedulerWakeup with jobId 9011
08-05 20:09:29.933 15866 15866 I Finsky  : [1] xjw.a(9): Scheduling fallback in 43199998 (absolute: 1847973805)
08-05 20:09:29.937 15866 15866 I Finsky  : [1] xjw.a(9): Scheduling fallback in 64799998 (absolute: 1869573809)
08-05 20:09:29.943 13866 13882 I PeriodicStatsRunner: PeriodicStatsRunner.call():175 call()
08-05 20:09:29.943 13866 13882 I PeriodicStatsRunner: PeriodicStatsRunner.call():179 No submit PeriodicStats since input started.
08-05 20:09:29.951   918  3359 I ActivityManager: Start proc 13136:com.google.android.apps.gcs/u0a11 for service com.google.android.apps.gcs/.service.GcsTaskService
08-05 20:09:29.952 24365 12324 I NetworkScheduler.Stats: Task com.google.android.apps.gcs/ started execution. cause:4 exec_start_elapsed_seconds: 1804773 [CONTEXT service_id=218 ]
08-05 20:09:29.983 13120 13120 D AndroidRuntime: >>>>>> START com.android.internal.os.RuntimeInit uid 2000 <<<<<<
08-05 20:09:29.989 13120 13120 D AndroidRuntime: CheckJNI is OFF
08-05 20:09:30.007 12674 12687 I art     : Starting a blocking GC Explicit
08-05 20:09:30.024 15866 15866 I Finsky  : [1] xkf.handleMessage(8): SCH: DeviceState: DeviceState{currentTime=1596650970019, isCharging=false, isIdle=false, netAny=true, netNotRoaming=true, netUnmetered=true, batteryPercent=100.0}
08-05 20:09:30.029 15866 12646 I Finsky  : [6230] xmu.a(8): SCH: Jobs in database: 1-1337 3-219 3-220 12-1 24-77777777 26-1414141414 
08-05 20:09:30.029 13120 13120 D ICU     : No timezone override file found: /data/misc/zoneinfo/current/icu/icu_tzdata.dat
08-05 20:09:30.031 12674 12687 I art     : Explicit concurrent mark sweep GC freed 1492(86KB) AllocSpace objects, 1(20KB) LOS objects, 40% free, 23MB/39MB, paused 252us total 23.734ms
08-05 20:09:30.032 15866 15866 I Finsky  : [1] xkg.a(16): SCH: Running job: 12-1
08-05 20:09:30.032 15866 15866 I Finsky  : [1] ContentSyncJob.a(16): [ContentSync] job started
08-05 20:09:30.033 15866 15866 I Finsky  : [1] xkf.handleMessage(61): SCH: RunningQueue size: 1, PendingQueue size: 0
08-05 20:09:30.033 15866 15866 I Finsky  : [1] xkf.handleMessage(64): SCH: Running queue: 12-1 
08-05 20:09:30.042 12674 12687 I art     : Starting a blocking GC Explicit
08-05 20:09:30.065 12674 12687 I art     : Explicit concurrent mark sweep GC freed 889(56KB) AllocSpace objects, 1(48KB) LOS objects, 40% free, 23MB/39MB, paused 241us total 23.280ms
08-05 20:09:30.069 13120 13120 I Radio-JNI: register_android_hardware_Radio DONE
08-05 20:09:30.075 12674 12687 I art     : Starting a blocking GC Explicit
08-05 20:09:30.097 12674 12687 I art     : Explicit concurrent mark sweep GC freed 3(96B) AllocSpace objects, 0(0B) LOS objects, 40% free, 23MB/39MB, paused 388us total 21.697ms
08-05 20:09:30.098 13120 13120 D AndroidRuntime: Calling main entry com.android.commands.input.Input
08-05 20:09:30.100 13120 13120 I Input   : injectKeyEvent: KeyEvent { action=ACTION_DOWN, keyCode=KEYCODE_BACK, scanCode=0, metaState=0, flags=0x0, repeatCount=0, eventTime=821386513, downTime=821386513, deviceId=-1, source=0x101 }
08-05 20:09:30.105 13120 13120 I Input   : injectKeyEvent: KeyEvent { action=ACTION_UP, keyCode=KEYCODE_BACK, scanCode=0, metaState=0, flags=0x0, repeatCount=0, eventTime=821386513, downTime=821386513, deviceId=-1, source=0x101 }
08-05 20:09:30.107 12674 12687 I art     : Starting a blocking GC Explicit
08-05 20:09:30.115 13120 13120 D AndroidRuntime: Shutting down VM
08-05 20:09:30.125 15866 12664 I Finsky  : [6235] dzn.a(22): Completed 0 account content syncs with 0 successful.
08-05 20:09:30.126 15866 15866 I Finsky  : [1] ContentSyncJob.a(1): [ContentSync] Installation state replication succeeded.
08-05 20:09:30.126 15866 15866 I Finsky  : [1] xlr.a(13): SCH: jobFinished: 12-1. TimeElapsed: 94ms.
08-05 20:09:30.127 15866 15866 I Finsky  : [1] xkg.a(36): SCH: Job 12-1 finished. Not rescheduling.
08-05 20:09:30.128 15866 15866 I Finsky  : [1] xkf.handleMessage(61): SCH: RunningQueue size: 0, PendingQueue size: 0
08-05 20:09:30.128 15866 15866 I Finsky  : [1] xkf.handleMessage(25): Executor finished
08-05 20:09:30.132 12674 12687 I art     : Explicit concurrent mark sweep GC freed 659(30KB) AllocSpace objects, 0(0B) LOS objects, 40% free, 23MB/39MB, paused 601us total 24.807ms
08-05 20:09:30.143 12674 12687 I art     : Starting a blocking GC Explicit
08-05 20:09:30.164 15866 15866 I Finsky  : [1] xmu.a(8): SCH: Jobs in database: 1-1337 3-219 3-220 24-77777777 26-1414141414 
08-05 20:09:30.166 15866 15866 I Finsky  : [1] xio.a(57): SCH: ConstraintMapping: 24-77777777,  -> L: 0ms, D: 3630354ms, C: false, I: true, N: 0
08-05 20:09:30.166 15866 15866 I Finsky  : [1] xio.a(57): SCH: ConstraintMapping: 1-1337,  -> L: 1434459ms, D: 6982748ms, C: false, I: false, N: 1
08-05 20:09:30.167 15866 15866 I Finsky  : [1] xio.a(57): SCH: ConstraintMapping: 3-219,  -> L: 0ms, D: 82193358ms, C: false, I: true, N: 2
08-05 20:09:30.167 15866 15866 I Finsky  : [1] xio.a(57): SCH: ConstraintMapping: 3-220,  -> L: 0ms, D: 82193400ms, C: true, I: true, N: 2
08-05 20:09:30.168 15866 15866 I Finsky  : [1] xio.a(57): SCH: ConstraintMapping: 26-1414141414,  -> L: 11630213ms, D: 12530213ms, C: false, I: false, N: 0
08-05 20:09:30.168 12674 12687 I art     : Explicit concurrent mark sweep GC freed 5511(333KB) AllocSpace objects, 0(0B) LOS objects, 40% free, 23MB/39MB, paused 758us total 24.308ms
08-05 20:09:30.183 15866 15866 I Finsky  : [1] xle.a(34): Cancelling existing jobscheduler jobs: 9013 9016 9017 9014 9019 9000 9015 9012 9018 
08-05 20:09:30.183 15866 15866 I Finsky  : [1] xle.a(10): Throttling wakeup for job 9001 (expected to run in 0 ms) due to recent wakeup
08-05 20:09:30.184 15866 15866 I Finsky  : [1] xle.a(27): Scheduling job Id: 9001, L: 30000, D: 3630354, C: false, I: true, N: 0
08-05 20:09:30.185 15866 15866 I Finsky  : [1] xle.a(27): Scheduling job Id: 9002, L: 1434459, D: 6982748, C: false, I: false, N: 1
08-05 20:09:30.187 15866 15866 I Finsky  : [1] xle.a(10): Throttling wakeup for job 9003 (expected to run in 0 ms) due to recent wakeup
08-05 20:09:30.187 15866 15866 I Finsky  : [1] xle.a(27): Scheduling job Id: 9003, L: 30000, D: 82193358, C: false, I: true, N: 2
08-05 20:09:30.188 15866 15866 I Finsky  : [1] xle.a(10): Throttling wakeup for job 9004 (expected to run in 0 ms) due to recent wakeup
08-05 20:09:30.189 15866 15866 I Finsky  : [1] xle.a(27): Scheduling job Id: 9004, L: 30000, D: 82193400, C: true, I: true, N: 2
08-05 20:09:30.190 15866 15866 I Finsky  : [1] xle.a(27): Scheduling job Id: 9005, L: 11630213, D: 12530213, C: false, I: false, N: 0
08-05 20:09:30.191 15866 15866 I Finsky  : [1] xle.a(10): Throttling wakeup for job 9006 (expected to run in 0 ms) due to recent wakeup
08-05 20:09:30.191 15866 15866 I Finsky  : [1] xle.a(27): Scheduling job Id: 9006, L: 30000, D: 3630354, C: false, I: true, N: 0
08-05 20:09:30.192 15866 15866 I Finsky  : [1] xle.a(27): Scheduling job Id: 9007, L: 1434459, D: 6982748, C: false, I: false, N: 1
08-05 20:09:30.194 15866 15866 I Finsky  : [1] xle.a(10): Throttling wakeup for job 9008 (expected to run in 0 ms) due to recent wakeup
08-05 20:09:30.194 15866 15866 I Finsky  : [1] xle.a(27): Scheduling job Id: 9008, L: 30000, D: 82193358, C: false, I: true, N: 2
08-05 20:09:30.195 15866 15866 I Finsky  : [1] xle.a(10): Throttling wakeup for job 9009 (expected to run in 0 ms) due to recent wakeup
08-05 20:09:30.195 15866 15866 I Finsky  : [1] xle.a(27): Scheduling job Id: 9009, L: 30000, D: 82193400, C: true, I: true, N: 2
08-05 20:09:30.197 15866 15866 I Finsky  : [1] xle.a(27): Scheduling job Id: 9010, L: 11630213, D: 12530213, C: false, I: false, N: 0
08-05 20:09:30.208 13866 13866 I GoogleInputMethodServic: GoogleInputMethodService.onFinishInput():3138 
08-05 20:09:30.211 13866 13866 I GoogleInputMethodServic: GoogleInputMethodService.onStartInput():1808 
08-05 20:09:30.228   918  3670 I AccountManagerService: getTypesVisibleToCaller: isPermitted? true
08-05 20:09:30.233 13136 13136 W Gcs.AccountsChgRcvr: [1] afk.b: No accounts available. WFA has been deactivated
08-05 20:09:30.252 13136 13136 W PrimesInit: Primes instant initialization
08-05 20:09:30.253 13136 13163 W Primes  : background initialization
08-05 20:09:30.275 13136 13163 I PrimesTesting: GserviceFlagsSupplier.get()
08-05 20:09:30.341   918  5952 I AccountManagerService: getTypesVisibleToCaller: isPermitted? true
08-05 20:09:30.344 13136 13164 W Gcs.WfaEliRefreshTask: [27276] afk.b: NULL eligibility response.
08-05 20:09:30.349 24365 24380 E NetworkScheduler.ATC: Received callback from client for task that is already complete. ComponentInfo{com.google.android.apps.gcs/com.google.android.apps.gcs.service.GcsTaskService} WfaEliRefreshTask [CONTEXT service_id=218 ]
08-05 20:09:30.432 12674 12687 I art     : Starting a blocking GC Explicit
08-05 20:09:30.458 12674 12687 I art     : Explicit concurrent mark sweep GC freed 5458(327KB) AllocSpace objects, 1(20KB) LOS objects, 40% free, 23MB/39MB, paused 255us total 25.552ms
08-05 20:09:30.469 12674 12687 I art     : Starting a blocking GC Explicit
08-05 20:09:30.493 12674 12687 I art     : Explicit concurrent mark sweep GC freed 57(2672B) AllocSpace objects, 0(0B) LOS objects, 40% free, 23MB/39MB, paused 257us total 24.377ms
08-05 20:09:30.504 12674 12687 I art     : Starting a blocking GC Explicit
08-05 20:09:30.517   918  6112 I ActivityManager: Killing 2095:com.google.android.talk/u0a53 (adj 15): empty #17
08-05 20:09:30.527 12674 12687 I art     : Explicit concurrent mark sweep GC freed 3(96B) AllocSpace objects, 0(0B) LOS objects, 40% free, 23MB/39MB, paused 279us total 22.563ms
08-05 20:09:30.537 12674 12687 I art     : Starting a blocking GC Explicit
08-05 20:09:30.559 12674 12687 I art     : Explicit concurrent mark sweep GC freed 3(96B) AllocSpace objects, 0(0B) LOS objects, 40% free, 23MB/39MB, paused 242us total 21.645ms
08-05 20:09:30.569 12674 12687 I art     : Starting a blocking GC Explicit
08-05 20:09:30.593 12674 12687 I art     : Explicit concurrent mark sweep GC freed 3(96B) AllocSpace objects, 0(0B) LOS objects, 40% free, 23MB/39MB, paused 251us total 23.239ms
08-05 20:09:30.638   918  3261 D WifiStateMachine: starting scan for "H369AA63323"WPA_PSK with 2412,5180
08-05 20:09:30.657 11709 11709 I Atfwd_Sendcmd: AtCmdFwd service not ready - Exhausted retry attempts - :6
08-05 20:09:30.657 11709 11709 I Atfwd_Daemon: result : -1 	 ,Init step :2 	 ,qmiErrorCode: 0
08-05 20:09:30.885 12674 12696 I art     : Starting a blocking GC Explicit
08-05 20:09:30.914 12674 12696 I art     : Explicit concurrent mark sweep GC freed 1390(80KB) AllocSpace objects, 1(20KB) LOS objects, 40% free, 23MB/39MB, paused 270us total 28.705ms
08-05 20:09:30.927 12674 12696 I art     : Starting a blocking GC Explicit
08-05 20:09:30.951 12674 12696 I art     : Explicit concurrent mark sweep GC freed 23(752B) AllocSpace objects, 0(0B) LOS objects, 40% free, 23MB/39MB, paused 260us total 24.515ms
08-05 20:09:30.962 12674 12696 I art     : Starting a blocking GC Explicit
08-05 20:09:30.969 13866 13882 I PeriodicStatsRunner: PeriodicStatsRunner.call():175 call()
08-05 20:09:30.970 13866 13882 I PeriodicStatsRunner: PeriodicStatsRunner.call():179 No submit PeriodicStats since input started.
08-05 20:09:30.987 12674 12696 I art     : Explicit concurrent mark sweep GC freed 3(96B) AllocSpace objects, 0(0B) LOS objects, 40% free, 23MB/39MB, paused 278us total 24.805ms
08-05 20:09:30.998 12674 12696 I art     : Starting a blocking GC Explicit
08-05 20:09:31.022 12674 12696 I art     : Explicit concurrent mark sweep GC freed 3(96B) AllocSpace objects, 0(0B) LOS objects, 40% free, 23MB/39MB, paused 259us total 24.205ms
08-05 20:09:31.033 12674 12696 I art     : Starting a blocking GC Explicit
08-05 20:09:31.058 12674 12696 I art     : Explicit concurrent mark sweep GC freed 3(96B) AllocSpace objects, 0(0B) LOS objects, 40% free, 23MB/39MB, paused 253us total 24.255ms
08-05 20:09:31.358 12674 12686 I art     : Starting a blocking GC Explicit
08-05 20:09:31.385 12674 12686 I art     : Explicit concurrent mark sweep GC freed 1365(80KB) AllocSpace objects, 1(20KB) LOS objects, 40% free, 23MB/39MB, paused 264us total 26.230ms
08-05 20:09:31.395 12674 12686 I art     : Starting a blocking GC Explicit
08-05 20:09:31.419 12674 12686 I art     : Explicit concurrent mark sweep GC freed 23(752B) AllocSpace objects, 0(0B) LOS objects, 40% free, 23MB/39MB, paused 247us total 23.330ms
08-05 20:09:31.429 12674 12686 I art     : Starting a blocking GC Explicit
08-05 20:09:31.453 12674 12686 I art     : Explicit concurrent mark sweep GC freed 3(96B) AllocSpace objects, 0(0B) LOS objects, 40% free, 23MB/39MB, paused 250us total 23.096ms
08-05 20:09:31.463 12674 12686 I art     : Starting a blocking GC Explicit
08-05 20:09:31.486 12674 12686 I art     : Explicit concurrent mark sweep GC freed 3(96B) AllocSpace objects, 0(0B) LOS objects, 40% free, 23MB/39MB, paused 248us total 22.580ms
08-05 20:09:31.497 12674 12686 I art     : Starting a blocking GC Explicit
08-05 20:09:31.520 12674 12686 I art     : Explicit concurrent mark sweep GC freed 3(96B) AllocSpace objects, 0(0B) LOS objects, 40% free, 23MB/39MB, paused 253us total 22.987ms
08-05 20:09:31.803 12674 12686 I art     : Starting a blocking GC Explicit
08-05 20:09:31.827 12674 12686 I art     : Explicit concurrent mark sweep GC freed 1563(87KB) AllocSpace objects, 1(20KB) LOS objects, 40% free, 23MB/39MB, paused 464us total 23.940ms
08-05 20:09:31.838 12674 12686 I art     : Starting a blocking GC Explicit
08-05 20:09:31.861 12674 12686 I art     : Explicit concurrent mark sweep GC freed 124(3KB) AllocSpace objects, 0(0B) LOS objects, 40% free, 23MB/39MB, paused 430us total 22.635ms
08-05 20:09:31.871 12674 12686 I art     : Starting a blocking GC Explicit
08-05 20:09:31.881 13197 13197 D AndroidRuntime: >>>>>> START com.android.internal.os.RuntimeInit uid 2000 <<<<<<
08-05 20:09:31.886 13197 13197 D AndroidRuntime: CheckJNI is OFF
08-05 20:09:31.894 12674 12686 I art     : Explicit concurrent mark sweep GC freed 96(3KB) AllocSpace objects, 0(0B) LOS objects, 40% free, 23MB/39MB, paused 501us total 22.900ms
08-05 20:09:31.904 12674 12686 I art     : Starting a blocking GC Explicit
08-05 20:09:31.927 12674 12686 I art     : Explicit concurrent mark sweep GC freed 98(3KB) AllocSpace objects, 0(0B) LOS objects, 40% free, 23MB/39MB, paused 497us total 22.287ms
08-05 20:09:31.928 13197 13197 D ICU     : No timezone override file found: /data/misc/zoneinfo/current/icu/icu_tzdata.dat
08-05 20:09:31.937 12674 12686 I art     : Starting a blocking GC Explicit
08-05 20:09:31.960 12674 12686 I art     : Explicit concurrent mark sweep GC freed 98(3KB) AllocSpace objects, 0(0B) LOS objects, 40% free, 23MB/39MB, paused 472us total 23.093ms
08-05 20:09:31.970 13197 13197 I Radio-JNI: register_android_hardware_Radio DONE
08-05 20:09:31.998 13197 13197 D AndroidRuntime: Calling main entry com.android.commands.input.Input
08-05 20:09:32.000 13197 13197 I Input   : injectKeyEvent: KeyEvent { action=ACTION_DOWN, keyCode=KEYCODE_BACK, scanCode=0, metaState=0, flags=0x0, repeatCount=0, eventTime=821388413, downTime=821388413, deviceId=-1, source=0x101 }
08-05 20:09:32.005 13197 13197 I Input   : injectKeyEvent: KeyEvent { action=ACTION_UP, keyCode=KEYCODE_BACK, scanCode=0, metaState=0, flags=0x0, repeatCount=0, eventTime=821388413, downTime=821388413, deviceId=-1, source=0x101 }
08-05 20:09:32.011 13197 13197 D AndroidRuntime: Shutting down VM
08-05 20:09:32.030 12674 12674 D QueueFragment: loadItems()
08-05 20:09:32.030 12674 12694 D DBReader: getQueue() called
08-05 20:09:32.030 12674 12694 D DBReader: getQueue()
08-05 20:09:32.030 12674 12674 V PlaybackController: initServiceNotRunning()
08-05 20:09:32.031 12674 12674 D ExternalPlayerFragment: Loading media info
08-05 20:09:32.032 12674 12694 D DBReader: getFavoriteIDList() called
08-05 20:09:32.032 12674 12674 D UserPreferences: Using default data folder
08-05 20:09:32.032 12674 12694 D DBReader: getQueueIDList() called
08-05 20:09:32.033 12674 12694 D DBReader: Extracting Feedlist
08-05 20:09:32.034 12674 13220 D DBReader: getNavDrawerData() called with: 
08-05 20:09:32.037 12674 13220 D DBReader: getDownloadedItems() called
08-05 20:09:32.037 12674 13220 D DBReader: getFavoriteIDList() called
08-05 20:09:32.038 12674 13220 D DBReader: getQueueIDList() called
08-05 20:09:32.038 12674 13220 D DBReader: Extracting Feedlist
08-05 20:09:32.089 12674 12674 D MainActivity: getLastNavFragment() -> QueueFragment
08-05 20:09:32.126 13866 13866 I GoogleInputMethodServic: GoogleInputMethodService.onFinishInput():3138 
08-05 20:09:32.131 13866 13866 I GoogleInputMethodServic: GoogleInputMethodService.onStartInput():1808 
08-05 20:09:32.225 12674 12687 I art     : Starting a blocking GC Explicit
08-05 20:09:32.255 12674 12687 I art     : Explicit concurrent mark sweep GC freed 3254(192KB) AllocSpace objects, 1(20KB) LOS objects, 40% free, 23MB/39MB, paused 311us total 29.723ms
08-05 20:09:32.267 12674 12687 I art     : Starting a blocking GC Explicit
08-05 20:09:32.294 12674 12687 I art     : Explicit concurrent mark sweep GC freed 1469(93KB) AllocSpace objects, 0(0B) LOS objects, 40% free, 23MB/39MB, paused 271us total 26.671ms
08-05 20:09:32.309 12674 12687 I art     : Starting a blocking GC Explicit
08-05 20:09:32.337 12674 12687 I art     : Explicit concurrent mark sweep GC freed 3(96B) AllocSpace objects, 0(0B) LOS objects, 40% free, 23MB/39MB, paused 298us total 28.458ms
08-05 20:09:32.349 12674 12687 I art     : Starting a blocking GC Explicit
08-05 20:09:32.376 12674 12687 I art     : Explicit concurrent mark sweep GC freed 3(96B) AllocSpace objects, 0(0B) LOS objects, 40% free, 23MB/39MB, paused 275us total 26.681ms
08-05 20:09:32.387 12674 12687 I art     : Starting a blocking GC Explicit
08-05 20:09:32.392   380   380 W SurfaceFlinger: couldn't log to binary event log: overflow.
08-05 20:09:32.416 12674 12687 I art     : Explicit concurrent mark sweep GC freed 535(22KB) AllocSpace objects, 0(0B) LOS objects, 40% free, 23MB/39MB, paused 342us total 28.526ms
08-05 20:09:32.557 13866 13882 I PeriodicStatsRunner: PeriodicStatsRunner.call():175 call()
08-05 20:09:32.557 13866 13882 I PeriodicStatsRunner: PeriodicStatsRunner.call():179 No submit PeriodicStats since input started.
08-05 20:09:32.713 12674 13232 I art     : Starting a blocking GC Explicit
08-05 20:09:32.744 12674 13232 I art     : Explicit concurrent mark sweep GC freed 1374(82KB) AllocSpace objects, 1(20KB) LOS objects, 40% free, 23MB/39MB, paused 340us total 30.755ms
08-05 20:09:32.757 12674 13232 I art     : Starting a blocking GC Explicit
08-05 20:09:32.780 12674 13232 I art     : Explicit concurrent mark sweep GC freed 6273(391KB) AllocSpace objects, 11(308KB) LOS objects, 40% free, 22MB/38MB, paused 285us total 22.284ms
08-05 20:09:32.790 12674 13232 I art     : Starting a blocking GC Explicit
08-05 20:09:32.812 12674 13232 I art     : Explicit concurrent mark sweep GC freed 7(288B) AllocSpace objects, 0(0B) LOS objects, 40% free, 22MB/38MB, paused 296us total 21.561ms
08-05 20:09:32.822 12674 13232 I art     : Starting a blocking GC Explicit
08-05 20:09:32.844 12674 13232 I art     : Explicit concurrent mark sweep GC freed 3(96B) AllocSpace objects, 0(0B) LOS objects, 40% free, 22MB/38MB, paused 280us total 21.328ms
08-05 20:09:32.854 12674 13232 I art     : Starting a blocking GC Explicit
08-05 20:09:32.876 12674 13232 I art     : Explicit concurrent mark sweep GC freed 3(96B) AllocSpace objects, 0(0B) LOS objects, 40% free, 22MB/38MB, paused 278us total 21.509ms
08-05 20:09:33.167 12674 12696 I art     : Starting a blocking GC Explicit
08-05 20:09:33.193 12674 12696 I art     : Explicit concurrent mark sweep GC freed 1367(82KB) AllocSpace objects, 1(20KB) LOS objects, 40% free, 22MB/38MB, paused 325us total 25.421ms
08-05 20:09:33.206 12674 12696 I art     : Starting a blocking GC Explicit
08-05 20:09:33.230 12674 12696 I art     : Explicit concurrent mark sweep GC freed 23(752B) AllocSpace objects, 0(0B) LOS objects, 40% free, 22MB/38MB, paused 302us total 24.356ms
08-05 20:09:33.245 12674 12696 I art     : Starting a blocking GC Explicit
08-05 20:09:33.265 12674 12696 I art     : Explicit concurrent mark sweep GC freed 3(96B) AllocSpace objects, 0(0B) LOS objects, 40% free, 22MB/38MB, paused 281us total 20.156ms
08-05 20:09:33.277 12674 12696 I art     : Starting a blocking GC Explicit
08-05 20:09:33.296 12674 12696 I art     : Explicit concurrent mark sweep GC freed 3(96B) AllocSpace objects, 0(0B) LOS objects, 40% free, 22MB/38MB, paused 284us total 19.697ms
08-05 20:09:33.306 12674 12696 I art     : Starting a blocking GC Explicit
08-05 20:09:33.327 12674 12696 I art     : Explicit concurrent mark sweep GC freed 3(96B) AllocSpace objects, 0(0B) LOS objects, 40% free, 22MB/38MB, paused 289us total 20.024ms
08-05 20:09:33.407 13866 13882 I PeriodicStatsRunner: PeriodicStatsRunner.call():175 call()
08-05 20:09:33.407 13866 13882 I PeriodicStatsRunner: PeriodicStatsRunner.call():179 No submit PeriodicStats since input started.
08-05 20:09:33.603 12674 12686 I art     : Starting a blocking GC Explicit
08-05 20:09:33.625 12674 12686 I art     : Explicit concurrent mark sweep GC freed 1364(80KB) AllocSpace objects, 1(20KB) LOS objects, 40% free, 22MB/38MB, paused 300us total 21.717ms
08-05 20:09:33.636 12674 12686 I art     : Starting a blocking GC Explicit
08-05 20:09:33.657 12674 12686 I art     : Explicit concurrent mark sweep GC freed 23(752B) AllocSpace objects, 0(0B) LOS objects, 40% free, 22MB/38MB, paused 317us total 21.178ms
08-05 20:09:33.667 12674 12686 I art     : Starting a blocking GC Explicit
08-05 20:09:33.690 12674 12686 I art     : Explicit concurrent mark sweep GC freed 4(160B) AllocSpace objects, 0(0B) LOS objects, 40% free, 22MB/38MB, paused 294us total 21.936ms
08-05 20:09:33.700 12674 12686 I art     : Starting a blocking GC Explicit
08-05 20:09:33.721 12674 12686 I art     : Explicit concurrent mark sweep GC freed 3(96B) AllocSpace objects, 0(0B) LOS objects, 40% free, 22MB/38MB, paused 297us total 21.269ms
08-05 20:09:33.732 12674 12686 I art     : Starting a blocking GC Explicit
08-05 20:09:33.754 12674 12686 I art     : Explicit concurrent mark sweep GC freed 3(96B) AllocSpace objects, 0(0B) LOS objects, 40% free, 22MB/38MB, paused 303us total 21.813ms
08-05 20:09:33.788 13253 13253 D AndroidRuntime: >>>>>> START com.android.internal.os.RuntimeInit uid 2000 <<<<<<
08-05 20:09:33.795 13253 13253 D AndroidRuntime: CheckJNI is OFF
08-05 20:09:33.839 13253 13253 D ICU     : No timezone override file found: /data/misc/zoneinfo/current/icu/icu_tzdata.dat
08-05 20:09:33.884 13253 13253 I Radio-JNI: register_android_hardware_Radio DONE
08-05 20:09:33.913 13253 13253 D AndroidRuntime: Calling main entry com.android.commands.input.Input
08-05 20:09:33.915 13253 13253 I Input   : injectMotionEvent: MotionEvent { action=ACTION_DOWN, actionButton=0, id[0]=0, x[0]=103.0, y[0]=192.0, toolType[0]=TOOL_TYPE_UNKNOWN, buttonState=0, metaState=0, flags=0x0, edgeFlags=0x0, pointerCount=1, historySize=0, eventTime=821390327, downTime=821390327, deviceId=0, source=0x1002 }
08-05 20:09:33.921 13253 13253 I Input   : injectMotionEvent: MotionEvent { action=ACTION_UP, actionButton=0, id[0]=0, x[0]=103.0, y[0]=192.0, toolType[0]=TOOL_TYPE_UNKNOWN, buttonState=0, metaState=0, flags=0x0, edgeFlags=0x0, pointerCount=1, historySize=0, eventTime=821390327, downTime=821390327, deviceId=0, source=0x1002 }
08-05 20:09:33.923 13253 13253 D AndroidRuntime: Shutting down VM
08-05 20:09:33.932   512  2967 D audio_hw_primary: out_set_parameters: enter: usecase(1: low-latency-playback) kvpairs: routing=2
08-05 20:09:33.947   512  2967 D audio_hw_primary: select_devices: out_snd_device(2: speaker) in_snd_device(0: none)
08-05 20:09:33.947   512  2967 D msm8974_platform: platform_send_audio_calibration: sending audio calibration for snd_device(2) acdb_id(15)
08-05 20:09:33.947   512  2967 I soundtrigger: audio_extn_sound_trigger_update_device_status: device 0x2 of type 0 for Event 1
08-05 20:09:33.958   512  2967 D audio_hw_primary: enable_snd_device: snd_device(2: speaker)
08-05 20:09:33.961   512  2967 D audio_hw_primary: enable_audio_route: apply and update mixer path: low-latency-playback speaker
08-05 20:09:33.971 13866 13866 I GoogleInputMethodServic: GoogleInputMethodService.onFinishInput():3138 
08-05 20:09:33.972 13866 13866 I GoogleInputMethodServic: GoogleInputMethodService.onStartInput():1808 
08-05 20:09:34.050 12674 12686 I art     : Starting a blocking GC Explicit
08-05 20:09:34.074 12674 12686 I art     : Explicit concurrent mark sweep GC freed 1886(104KB) AllocSpace objects, 1(20KB) LOS objects, 40% free, 22MB/38MB, paused 285us total 23.288ms
08-05 20:09:34.085 12674 12686 I art     : Starting a blocking GC Explicit
08-05 20:09:34.105 12674 12686 I art     : Explicit concurrent mark sweep GC freed 84(5KB) AllocSpace objects, 0(0B) LOS objects, 40% free, 22MB/38MB, paused 281us total 19.669ms
08-05 20:09:34.114 12674 12686 I art     : Starting a blocking GC Explicit
08-05 20:09:34.136 12674 12686 I art     : Explicit concurrent mark sweep GC freed 3(96B) AllocSpace objects, 0(0B) LOS objects, 40% free, 22MB/38MB, paused 334us total 21.061ms
08-05 20:09:34.146 12674 12686 I art     : Starting a blocking GC Explicit
08-05 20:09:34.168 12674 12686 I art     : Explicit concurrent mark sweep GC freed 5(160B) AllocSpace objects, 0(0B) LOS objects, 40% free, 22MB/38MB, paused 332us total 21.691ms
08-05 20:09:34.178 12674 12686 I art     : Starting a blocking GC Explicit
08-05 20:09:34.198 12674 12686 I art     : Explicit concurrent mark sweep GC freed 3(96B) AllocSpace objects, 0(0B) LOS objects, 40% free, 22MB/38MB, paused 253us total 19.792ms
08-05 20:09:34.285 13866 13882 I PeriodicStatsRunner: PeriodicStatsRunner.call():175 call()
08-05 20:09:34.286 13866 13882 I PeriodicStatsRunner: PeriodicStatsRunner.call():179 No submit PeriodicStats since input started.
08-05 20:09:34.468 12674 12696 I art     : Starting a blocking GC Explicit
08-05 20:09:34.489 12674 12696 I art     : Explicit concurrent mark sweep GC freed 1365(81KB) AllocSpace objects, 1(20KB) LOS objects, 40% free, 22MB/38MB, paused 303us total 21.208ms
08-05 20:09:34.499   512  2967 D audio_hw_primary: disable_audio_route: reset and update mixer path: low-latency-playback speaker
08-05 20:09:34.499 12674 12696 I art     : Starting a blocking GC Explicit
08-05 20:09:34.500   512  2967 D audio_hw_primary: disable_snd_device: snd_device(2: speaker)
08-05 20:09:34.508   512  2967 I soundtrigger: audio_extn_sound_trigger_update_device_status: device 0x2 of type 0 for Event 0
08-05 20:09:34.520 12674 12696 I art     : Explicit concurrent mark sweep GC freed 31(1008B) AllocSpace objects, 0(0B) LOS objects, 40% free, 22MB/38MB, paused 291us total 20.258ms
08-05 20:09:34.530 12674 12696 I art     : Starting a blocking GC Explicit
08-05 20:09:34.551 12674 12696 I art     : Explicit concurrent mark sweep GC freed 3(96B) AllocSpace objects, 0(0B) LOS objects, 40% free, 22MB/38MB, paused 282us total 20.743ms
08-05 20:09:34.561 12674 12696 I art     : Starting a blocking GC Explicit
08-05 20:09:34.582 12674 12696 I art     : Explicit concurrent mark sweep GC freed 3(96B) AllocSpace objects, 0(0B) LOS objects, 40% free, 22MB/38MB, paused 270us total 20.493ms
08-05 20:09:34.592 12674 12696 I art     : Starting a blocking GC Explicit
08-05 20:09:34.613 12674 12696 I art     : Explicit concurrent mark sweep GC freed 3(96B) AllocSpace objects, 0(0B) LOS objects, 40% free, 22MB/38MB, paused 289us total 20.855ms
08-05 20:09:34.901 12674 12687 I art     : Starting a blocking GC Explicit
08-05 20:09:34.930 12674 12687 I art     : Explicit concurrent mark sweep GC freed 1393(81KB) AllocSpace objects, 1(20KB) LOS objects, 40% free, 22MB/38MB, paused 333us total 28.646ms
08-05 20:09:34.946 12674 12687 I art     : Starting a blocking GC Explicit
08-05 20:09:34.971 12674 12687 I art     : Explicit concurrent mark sweep GC freed 25(816B) AllocSpace objects, 0(0B) LOS objects, 40% free, 22MB/38MB, paused 312us total 24.772ms
08-05 20:09:34.983 12674 12687 I art     : Starting a blocking GC Explicit
08-05 20:09:35.003 12674 12687 I art     : Explicit concurrent mark sweep GC freed 3(96B) AllocSpace objects, 0(0B) LOS objects, 40% free, 22MB/38MB, paused 263us total 19.975ms
08-05 20:09:35.013 12674 12687 I art     : Starting a blocking GC Explicit
08-05 20:09:35.032 12674 12687 I art     : Explicit concurrent mark sweep GC freed 3(96B) AllocSpace objects, 0(0B) LOS objects, 40% free, 22MB/38MB, paused 271us total 19.326ms
08-05 20:09:35.042 12674 12687 I art     : Starting a blocking GC Explicit
08-05 20:09:35.063 12674 12687 I art     : Explicit concurrent mark sweep GC freed 3(96B) AllocSpace objects, 0(0B) LOS objects, 40% free, 22MB/38MB, paused 283us total 21.226ms
08-05 20:09:35.211 13866 13882 I PeriodicStatsRunner: PeriodicStatsRunner.call():175 call()
08-05 20:09:35.212 13866 13882 I PeriodicStatsRunner: PeriodicStatsRunner.call():179 No submit PeriodicStats since input started.
08-05 20:09:35.326 12674 13232 I art     : Starting a blocking GC Explicit
08-05 20:09:35.351 12674 13232 I art     : Explicit concurrent mark sweep GC freed 1363(82KB) AllocSpace objects, 1(20KB) LOS objects, 40% free, 22MB/38MB, paused 308us total 24.707ms
08-05 20:09:35.363 12674 13232 I art     : Starting a blocking GC Explicit
08-05 20:09:35.385 12674 13232 I art     : Explicit concurrent mark sweep GC freed 23(752B) AllocSpace objects, 0(0B) LOS objects, 40% free, 22MB/38MB, paused 278us total 21.072ms
08-05 20:09:35.395 12674 13232 I art     : Starting a blocking GC Explicit
08-05 20:09:35.416 12674 13232 I art     : Explicit concurrent mark sweep GC freed 3(96B) AllocSpace objects, 0(0B) LOS objects, 40% free, 22MB/38MB, paused 283us total 21.121ms
08-05 20:09:35.426 12674 13232 I art     : Starting a blocking GC Explicit
08-05 20:09:35.448 12674 13232 I art     : Explicit concurrent mark sweep GC freed 3(96B) AllocSpace objects, 0(0B) LOS objects, 40% free, 22MB/38MB, paused 289us total 21.062ms
08-05 20:09:35.458 12674 13232 I art     : Starting a blocking GC Explicit
08-05 20:09:35.479 12674 13232 I art     : Explicit concurrent mark sweep GC freed 3(96B) AllocSpace objects, 0(0B) LOS objects, 40% free, 22MB/38MB, paused 280us total 20.242ms
08-05 20:09:35.703 13310 13310 D AndroidRuntime: >>>>>> START com.android.internal.os.RuntimeInit uid 2000 <<<<<<
08-05 20:09:35.709 13310 13310 D AndroidRuntime: CheckJNI is OFF
08-05 20:09:35.747 13310 13310 D ICU     : No timezone override file found: /data/misc/zoneinfo/current/icu/icu_tzdata.dat
08-05 20:09:35.748 12674 12696 I art     : Starting a blocking GC Explicit
08-05 20:09:35.768 12674 12696 I art     : Explicit concurrent mark sweep GC freed 1386(80KB) AllocSpace objects, 1(20KB) LOS objects, 40% free, 22MB/38MB, paused 288us total 20.307ms
08-05 20:09:35.778 12674 12696 I art     : Starting a blocking GC Explicit
08-05 20:09:35.788 13310 13310 I Radio-JNI: register_android_hardware_Radio DONE
08-05 20:09:35.798 12674 12696 I art     : Explicit concurrent mark sweep GC freed 56(1664B) AllocSpace objects, 0(0B) LOS objects, 40% free, 22MB/38MB, paused 290us total 19.490ms
08-05 20:09:35.807 12674 12696 I art     : Starting a blocking GC Explicit
08-05 20:09:35.817 13310 13310 D AndroidRuntime: Calling main entry com.android.commands.input.Input
08-05 20:09:35.818 13310 13310 I Input   : injectMotionEvent: MotionEvent { action=ACTION_DOWN, actionButton=0, id[0]=0, x[0]=409.0, y[0]=1034.0, toolType[0]=TOOL_TYPE_UNKNOWN, buttonState=0, metaState=0, flags=0x0, edgeFlags=0x0, pointerCount=1, historySize=0, eventTime=821392231, downTime=821392231, deviceId=0, source=0x1002 }
08-05 20:09:35.822 13310 13310 I Input   : injectMotionEvent: MotionEvent { action=ACTION_UP, actionButton=0, id[0]=0, x[0]=409.0, y[0]=1034.0, toolType[0]=TOOL_TYPE_UNKNOWN, buttonState=0, metaState=0, flags=0x0, edgeFlags=0x0, pointerCount=1, historySize=0, eventTime=821392231, downTime=821392231, deviceId=0, source=0x1002 }
08-05 20:09:35.824 13310 13310 D AndroidRuntime: Shutting down VM
08-05 20:09:35.827 12674 12696 I art     : Explicit concurrent mark sweep GC freed 21(608B) AllocSpace objects, 0(0B) LOS objects, 40% free, 22MB/38MB, paused 338us total 19.267ms
08-05 20:09:35.837 12674 12696 I art     : Starting a blocking GC Explicit
08-05 20:09:35.856 12674 12696 I art     : Explicit concurrent mark sweep GC freed 10(352B) AllocSpace objects, 0(0B) LOS objects, 40% free, 22MB/38MB, paused 274us total 19.074ms
08-05 20:09:35.866 12674 12696 I art     : Starting a blocking GC Explicit
08-05 20:09:35.886 12674 12696 I art     : Explicit concurrent mark sweep GC freed 6(192B) AllocSpace objects, 0(0B) LOS objects, 40% free, 22MB/38MB, paused 265us total 19.561ms
08-05 20:09:35.889 12674 12674 D MainActivity: loadFragment(index: 5, args: null)
08-05 20:09:35.890 12674 12674 D MainActivity: loadFragment(tag: AddFeedFragment, args: null)
08-05 20:09:35.890 12674 12674 D MainActivity: saveLastNavFragment(tag: AddFeedFragment)
08-05 20:09:35.890 12674 12674 D MainActivity: getLastNavFragment() -> AddFeedFragment
08-05 20:09:35.892   512  2967 D audio_hw_primary: out_set_parameters: enter: usecase(1: low-latency-playback) kvpairs: routing=2
08-05 20:09:35.905   512  2967 D audio_hw_primary: select_devices: out_snd_device(2: speaker) in_snd_device(0: none)
08-05 20:09:35.905   512  2967 D msm8974_platform: platform_send_audio_calibration: sending audio calibration for snd_device(2) acdb_id(15)
08-05 20:09:35.905   512  2967 I soundtrigger: audio_extn_sound_trigger_update_device_status: device 0x2 of type 0 for Event 1
08-05 20:09:35.919   512  2967 D audio_hw_primary: enable_snd_device: snd_device(2: speaker)
08-05 20:09:35.921   512  2967 D audio_hw_primary: enable_audio_route: apply and update mixer path: low-latency-playback speaker
08-05 20:09:36.162 12674 12687 I art     : Starting a blocking GC Explicit
08-05 20:09:36.186 12674 12687 I art     : Explicit concurrent mark sweep GC freed 3450(207KB) AllocSpace objects, 2(40KB) LOS objects, 40% free, 23MB/38MB, paused 273us total 23.428ms
08-05 20:09:36.197 12674 12687 I art     : Starting a blocking GC Explicit
08-05 20:09:36.219 12674 12687 I art     : Explicit concurrent mark sweep GC freed 1370(83KB) AllocSpace objects, 2(56KB) LOS objects, 40% free, 22MB/38MB, paused 332us total 22.268ms
08-05 20:09:36.230 12674 12687 I art     : Starting a blocking GC Explicit
08-05 20:09:36.251 12674 12687 I art     : Explicit concurrent mark sweep GC freed 11(352B) AllocSpace objects, 0(0B) LOS objects, 40% free, 22MB/38MB, paused 266us total 21.004ms
08-05 20:09:36.261 12674 12687 I art     : Starting a blocking GC Explicit
08-05 20:09:36.281 12674 12687 I art     : Explicit concurrent mark sweep GC freed 3(96B) AllocSpace objects, 0(0B) LOS objects, 40% free, 22MB/38MB, paused 330us total 19.638ms
08-05 20:09:36.290 12674 12687 I art     : Starting a blocking GC Explicit
08-05 20:09:36.310 12674 12687 I art     : Explicit concurrent mark sweep GC freed 54(2000B) AllocSpace objects, 0(0B) LOS objects, 40% free, 22MB/38MB, paused 288us total 19.405ms
08-05 20:09:36.325 13866 13866 I GoogleInputMethodServic: GoogleInputMethodService.onFinishInput():3138 
08-05 20:09:36.326 13866 13866 I GoogleInputMethodServic: GoogleInputMethodService.onStartInput():1808 
08-05 20:09:36.459   512  2967 D audio_hw_primary: disable_audio_route: reset and update mixer path: low-latency-playback speaker
08-05 20:09:36.461   512  2967 D audio_hw_primary: disable_snd_device: snd_device(2: speaker)
08-05 20:09:36.471   512  2967 I soundtrigger: audio_extn_sound_trigger_update_device_status: device 0x2 of type 0 for Event 0
08-05 20:09:36.609 12674 12696 I art     : Starting a blocking GC Explicit
08-05 20:09:36.632 12674 12696 I art     : Explicit concurrent mark sweep GC freed 1458(83KB) AllocSpace objects, 1(20KB) LOS objects, 40% free, 22MB/38MB, paused 283us total 22.800ms
08-05 20:09:36.643 12674 12696 I art     : Starting a blocking GC Explicit
08-05 20:09:36.665 12674 12696 I art     : Explicit concurrent mark sweep GC freed 101(5KB) AllocSpace objects, 0(0B) LOS objects, 40% free, 22MB/38MB, paused 270us total 21.214ms
08-05 20:09:36.675 12674 12696 I art     : Starting a blocking GC Explicit
08-05 20:09:36.697 12674 12696 I art     : Explicit concurrent mark sweep GC freed 3(96B) AllocSpace objects, 0(0B) LOS objects, 40% free, 22MB/38MB, paused 342us total 21.489ms
08-05 20:09:36.707 12674 12696 I art     : Starting a blocking GC Explicit
08-05 20:09:36.728 12674 12696 I art     : Explicit concurrent mark sweep GC freed 3(96B) AllocSpace objects, 0(0B) LOS objects, 40% free, 22MB/38MB, paused 298us total 20.447ms
08-05 20:09:36.738 12674 12696 I art     : Starting a blocking GC Explicit
08-05 20:09:36.759 12674 12696 I art     : Explicit concurrent mark sweep GC freed 5(160B) AllocSpace objects, 0(0B) LOS objects, 40% free, 22MB/38MB, paused 290us total 20.615ms
08-05 20:09:37.048 12674 12686 I art     : Starting a blocking GC Explicit
08-05 20:09:37.068 12674 12686 I art     : Explicit concurrent mark sweep GC freed 1392(80KB) AllocSpace objects, 1(20KB) LOS objects, 40% free, 22MB/38MB, paused 283us total 20.187ms
08-05 20:09:37.078 12674 12686 I art     : Starting a blocking GC Explicit
08-05 20:09:37.098 12674 12686 I art     : Explicit concurrent mark sweep GC freed 23(752B) AllocSpace objects, 0(0B) LOS objects, 40% free, 22MB/38MB, paused 546us total 19.877ms
08-05 20:09:37.108 12674 12686 I art     : Starting a blocking GC Explicit
08-05 20:09:37.127 13866 13882 I PeriodicStatsRunner: PeriodicStatsRunner.call():175 call()
08-05 20:09:37.127 13866 13882 I PeriodicStatsRunner: PeriodicStatsRunner.call():179 No submit PeriodicStats since input started.
08-05 20:09:37.129 12674 12686 I art     : Explicit concurrent mark sweep GC freed 3(96B) AllocSpace objects, 0(0B) LOS objects, 40% free, 22MB/38MB, paused 277us total 20.717ms
08-05 20:09:37.138 12674 12686 I art     : Starting a blocking GC Explicit
08-05 20:09:37.159 12674 12686 I art     : Explicit concurrent mark sweep GC freed 3(96B) AllocSpace objects, 0(0B) LOS objects, 40% free, 22MB/38MB, paused 278us total 20.634ms
08-05 20:09:37.169 12674 12686 I art     : Starting a blocking GC Explicit
08-05 20:09:37.190 12674 12686 I art     : Explicit concurrent mark sweep GC freed 3(96B) AllocSpace objects, 0(0B) LOS objects, 40% free, 22MB/38MB, paused 268us total 20.550ms
08-05 20:09:37.476 12674 12696 I art     : Starting a blocking GC Explicit
08-05 20:09:37.500 12674 12696 I art     : Explicit concurrent mark sweep GC freed 1362(80KB) AllocSpace objects, 1(20KB) LOS objects, 40% free, 22MB/38MB, paused 326us total 23.950ms
08-05 20:09:37.513 12674 12696 I art     : Starting a blocking GC Explicit
08-05 20:09:37.536 12674 12696 I art     : Explicit concurrent mark sweep GC freed 24(784B) AllocSpace objects, 0(0B) LOS objects, 40% free, 22MB/38MB, paused 310us total 21.875ms
08-05 20:09:37.547 12674 12696 I art     : Starting a blocking GC Explicit
08-05 20:09:37.569 12674 12696 I art     : Explicit concurrent mark sweep GC freed 7(224B) AllocSpace objects, 0(0B) LOS objects, 40% free, 22MB/38MB, paused 289us total 21.864ms
08-05 20:09:37.579 12674 12696 I art     : Starting a blocking GC Explicit
08-05 20:09:37.601 12674 12696 I art     : Explicit concurrent mark sweep GC freed 7(224B) AllocSpace objects, 0(0B) LOS objects, 40% free, 22MB/38MB, paused 286us total 21.554ms
08-05 20:09:37.605 13376 13376 D AndroidRuntime: >>>>>> START com.android.internal.os.RuntimeInit uid 2000 <<<<<<
08-05 20:09:37.612 13376 13376 D AndroidRuntime: CheckJNI is OFF
08-05 20:09:37.613 12674 12696 I art     : Starting a blocking GC Explicit
08-05 20:09:37.633 12674 12696 I art     : Explicit concurrent mark sweep GC freed 7(224B) AllocSpace objects, 0(0B) LOS objects, 40% free, 22MB/38MB, paused 276us total 20.206ms
08-05 20:09:37.655 13376 13376 D ICU     : No timezone override file found: /data/misc/zoneinfo/current/icu/icu_tzdata.dat
08-05 20:09:37.696 13376 13376 I Radio-JNI: register_android_hardware_Radio DONE
08-05 20:09:37.724 13376 13376 D AndroidRuntime: Calling main entry com.android.commands.input.Input
08-05 20:09:37.727 13376 13376 I Input   : injectMotionEvent: MotionEvent { action=ACTION_DOWN, actionButton=0, id[0]=0, x[0]=567.0, y[0]=714.0, toolType[0]=TOOL_TYPE_UNKNOWN, buttonState=0, metaState=0, flags=0x0, edgeFlags=0x0, pointerCount=1, historySize=0, eventTime=821394139, downTime=821394139, deviceId=0, source=0x1002 }
08-05 20:09:37.733 13376 13376 I Input   : injectMotionEvent: MotionEvent { action=ACTION_UP, actionButton=0, id[0]=0, x[0]=567.0, y[0]=714.0, toolType[0]=TOOL_TYPE_UNKNOWN, buttonState=0, metaState=0, flags=0x0, edgeFlags=0x0, pointerCount=1, historySize=0, eventTime=821394139, downTime=821394139, deviceId=0, source=0x1002 }
08-05 20:09:37.737 13376 13376 D AndroidRuntime: Shutting down VM
08-05 20:09:37.752   512  2967 D audio_hw_primary: out_set_parameters: enter: usecase(1: low-latency-playback) kvpairs: routing=2
08-05 20:09:37.765   512  2967 D audio_hw_primary: select_devices: out_snd_device(2: speaker) in_snd_device(0: none)
08-05 20:09:37.765   512  2967 D msm8974_platform: platform_send_audio_calibration: sending audio calibration for snd_device(2) acdb_id(15)
08-05 20:09:37.765   512  2967 I soundtrigger: audio_extn_sound_trigger_update_device_status: device 0x2 of type 0 for Event 1
08-05 20:09:37.777   512  2967 D audio_hw_primary: enable_snd_device: snd_device(2: speaker)
08-05 20:09:37.778 12674 13221 D AntennapodHttpClient: Creating new instance of HTTP client
08-05 20:09:37.779   512  2967 D audio_hw_primary: enable_audio_route: apply and update mixer path: low-latency-playback speaker
08-05 20:09:37.787 13866 13866 I GoogleInputMethodServic: GoogleInputMethodService.onFinishInput():3138 
08-05 20:09:37.788 13866 13866 I GoogleInputMethodServic: GoogleInputMethodService.onStartInput():1808 
08-05 20:09:37.910 12674 12696 I art     : Starting a blocking GC Explicit
08-05 20:09:37.936 12674 12696 I art     : Explicit concurrent mark sweep GC freed 4703(303KB) AllocSpace objects, 1(20KB) LOS objects, 40% free, 23MB/39MB, paused 335us total 25.762ms
08-05 20:09:37.947 12674 12696 I art     : Starting a blocking GC Explicit
08-05 20:09:37.968 12674 12696 I art     : Explicit concurrent mark sweep GC freed 1666(84KB) AllocSpace objects, 1(220KB) LOS objects, 40% free, 23MB/38MB, paused 387us total 21.407ms
08-05 20:09:37.978 12674 12696 I art     : Starting a blocking GC Explicit
08-05 20:09:38.001 12674 12696 I art     : Explicit concurrent mark sweep GC freed 1821(140KB) AllocSpace objects, 1(80KB) LOS objects, 40% free, 23MB/39MB, paused 752us total 22.687ms
08-05 20:09:38.011 12674 12696 I art     : Starting a blocking GC Explicit
08-05 20:09:38.035 12674 12696 I art     : Explicit concurrent mark sweep GC freed 6429(347KB) AllocSpace objects, 2(120KB) LOS objects, 40% free, 23MB/39MB, paused 765us total 23.775ms
08-05 20:09:38.045 12674 12696 I art     : Starting a blocking GC Explicit
08-05 20:09:38.067 12674 12696 I art     : Explicit concurrent mark sweep GC freed 118(11KB) AllocSpace objects, 0(0B) LOS objects, 40% free, 23MB/39MB, paused 595us total 21.951ms
08-05 20:09:38.190 12674 13221 I NAPPA_EXPERIMENTATION: MetricNetworkRequestExecutionTime: REQUEST_DURATION_SYSTEM='393',REQUEST_DURATION_OKHTTP='159',REQUEST_SYNCHRONOUS='TRUE',RESPONSE_CODE='400',RESPONSE_METHOD='GET',RESPONSE_LENGTH_OKHTTP='0',RESPONSE_LENGTH_HEADER='0',REQUEST_PROTOCOL='h2',REQUEST_URL='https://itunes.apple.com/en/rss/toppodcasts/limit=25/explicit=true/json',
08-05 20:09:38.328   512  2967 D audio_hw_primary: disable_audio_route: reset and update mixer path: low-latency-playback speaker
08-05 20:09:38.329   512  2967 D audio_hw_primary: disable_snd_device: snd_device(2: speaker)
08-05 20:09:38.335 12674 13221 I NAPPA_EXPERIMENTATION: MetricNetworkRequestExecutionTime: REQUEST_DURATION_SYSTEM='143',REQUEST_DURATION_OKHTTP='142',REQUEST_SYNCHRONOUS='TRUE',RESPONSE_CODE='200',RESPONSE_METHOD='GET',RESPONSE_LENGTH_OKHTTP='-1',RESPONSE_LENGTH_HEADER='10075',REQUEST_PROTOCOL='h2',REQUEST_URL='https://itunes.apple.com/us/rss/toppodcasts/limit=25/explicit=true/json',
08-05 20:09:38.337 12674 12696 I art     : Starting a blocking GC Explicit
08-05 20:09:38.337   512  2967 I soundtrigger: audio_extn_sound_trigger_update_device_status: device 0x2 of type 0 for Event 0
08-05 20:09:38.365 12674 12696 I art     : Explicit concurrent mark sweep GC freed 4405(292KB) AllocSpace objects, 4(272KB) LOS objects, 40% free, 23MB/39MB, paused 1.119ms total 27.283ms
08-05 20:09:38.375 12674 12696 I art     : Starting a blocking GC Explicit
08-05 20:09:38.401 12674 12696 I art     : Explicit concurrent mark sweep GC freed 6137(276KB) AllocSpace objects, 1(100KB) LOS objects, 40% free, 23MB/39MB, paused 1.425ms total 26.131ms
08-05 20:09:38.413 12674 12696 I art     : Starting a blocking GC Explicit
08-05 20:09:38.422 12674 12674 D AntennapodHttpClient: Creating new instance of HTTP client
08-05 20:09:38.440 12674 12696 I art     : Explicit concurrent mark sweep GC freed 643(75KB) AllocSpace objects, 0(0B) LOS objects, 40% free, 23MB/39MB, paused 1.510ms total 27.183ms
08-05 20:09:38.441 12674 13425 D ApOkHttpUrlLoader: buildLoadData() called with: model = [https://is4-ssl.mzstatic.com/image/thumb/Podcasts114/v4/3f/16/74/3f167426-bf50-ce3a-d709-e4301620fc5b/mza_5832671293059882550.jpeg/170x170bb.png], width = [224], height = [224]
08-05 20:09:38.445 12674 13426 D DBReader: getImageAuthentication() called with: imageUrl = [https://is4-ssl.mzstatic.com/image/thumb/Podcasts114/v4/3f/16/74/3f167426-bf50-ce3a-d709-e4301620fc5b/mza_5832671293059882550.jpeg/170x170bb.png]
08-05 20:09:38.448 12674 13426 D ApOkHttpUrlLoader: no credentials for 'https://is4-ssl.mzstatic.com/image/thumb/Podcasts114/v4/3f/16/74/3f167426-bf50-ce3a-d709-e4301620fc5b/mza_5832671293059882550.jpeg/170x170bb.png'
08-05 20:09:38.450 12674 13427 D ApOkHttpUrlLoader: buildLoadData() called with: model = [https://is4-ssl.mzstatic.com/image/thumb/Podcasts113/v4/e5/8a/10/e58a108f-f5d0-f622-c94a-13f66edd570c/mza_3025981348644196724.jpg/170x170bb.png], width = [224], height = [224]
08-05 20:09:38.452 12674 13429 D DBReader: getImageAuthentication() called with: imageUrl = [https://is4-ssl.mzstatic.com/image/thumb/Podcasts113/v4/e5/8a/10/e58a108f-f5d0-f622-c94a-13f66edd570c/mza_3025981348644196724.jpg/170x170bb.png]
08-05 20:09:38.452 12674 12696 I art     : Starting a blocking GC Explicit
08-05 20:09:38.455 12674 13429 D ApOkHttpUrlLoader: no credentials for 'https://is4-ssl.mzstatic.com/image/thumb/Podcasts113/v4/e5/8a/10/e58a108f-f5d0-f622-c94a-13f66edd570c/mza_3025981348644196724.jpg/170x170bb.png'
08-05 20:09:38.457 12674 13430 D ApOkHttpUrlLoader: buildLoadData() called with: model = [https://is2-ssl.mzstatic.com/image/thumb/Podcasts113/v4/a9/39/cc/a939ccc5-6d60-0c11-0a4c-16d71cdef89b/mza_8787577209688278658.jpg/170x170bb.png], width = [224], height = [224]
08-05 20:09:38.459 12674 13431 D DBReader: getImageAuthentication() called with: imageUrl = [https://is2-ssl.mzstatic.com/image/thumb/Podcasts113/v4/a9/39/cc/a939ccc5-6d60-0c11-0a4c-16d71cdef89b/mza_8787577209688278658.jpg/170x170bb.png]
08-05 20:09:38.461 12674 13431 D ApOkHttpUrlLoader: no credentials for 'https://is2-ssl.mzstatic.com/image/thumb/Podcasts113/v4/a9/39/cc/a939ccc5-6d60-0c11-0a4c-16d71cdef89b/mza_8787577209688278658.jpg/170x170bb.png'
08-05 20:09:38.462 12674 13432 D ApOkHttpUrlLoader: buildLoadData() called with: model = [https://is5-ssl.mzstatic.com/image/thumb/Podcasts114/v4/93/cf/99/93cf9960-fff3-205e-6655-72c03ddeccb2/mza_10545582232493904175.jpeg/170x170bb.png], width = [224], height = [224]
08-05 20:09:38.464 12674 13433 D DBReader: getImageAuthentication() called with: imageUrl = [https://is5-ssl.mzstatic.com/image/thumb/Podcasts114/v4/93/cf/99/93cf9960-fff3-205e-6655-72c03ddeccb2/mza_10545582232493904175.jpeg/170x170bb.png]
08-05 20:09:38.466 12674 13433 D ApOkHttpUrlLoader: no credentials for 'https://is5-ssl.mzstatic.com/image/thumb/Podcasts114/v4/93/cf/99/93cf9960-fff3-205e-6655-72c03ddeccb2/mza_10545582232493904175.jpeg/170x170bb.png'
08-05 20:09:38.466 12674 13425 D ApOkHttpUrlLoader: buildLoadData() called with: model = [https://is4-ssl.mzstatic.com/image/thumb/Podcasts124/v4/49/a4/91/49a491b7-3daf-c5dc-d7c6-6c4f1486955c/mza_5930014091766152297.png/170x170bb.png], width = [224], height = [224]
08-05 20:09:38.468 12674 13434 D DBReader: getImageAuthentication() called with: imageUrl = [https://is4-ssl.mzstatic.com/image/thumb/Podcasts124/v4/49/a4/91/49a491b7-3daf-c5dc-d7c6-6c4f1486955c/mza_5930014091766152297.png/170x170bb.png]
08-05 20:09:38.469 12674 13434 D ApOkHttpUrlLoader: no credentials for 'https://is4-ssl.mzstatic.com/image/thumb/Podcasts124/v4/49/a4/91/49a491b7-3daf-c5dc-d7c6-6c4f1486955c/mza_5930014091766152297.png/170x170bb.png'
08-05 20:09:38.470 12674 13427 D ApOkHttpUrlLoader: buildLoadData() called with: model = [https://is5-ssl.mzstatic.com/image/thumb/Podcasts113/v4/fd/54/6e/fd546ea0-7ab2-e3f0-6049-884d82917af9/mza_4855349695799758348.jpeg/170x170bb.png], width = [224], height = [224]
08-05 20:09:38.472 12674 13435 D DBReader: getImageAuthentication() called with: imageUrl = [https://is5-ssl.mzstatic.com/image/thumb/Podcasts113/v4/fd/54/6e/fd546ea0-7ab2-e3f0-6049-884d82917af9/mza_4855349695799758348.jpeg/170x170bb.png]
08-05 20:09:38.473 12674 13435 D ApOkHttpUrlLoader: no credentials for 'https://is5-ssl.mzstatic.com/image/thumb/Podcasts113/v4/fd/54/6e/fd546ea0-7ab2-e3f0-6049-884d82917af9/mza_4855349695799758348.jpeg/170x170bb.png'
08-05 20:09:38.475 12674 13430 D ApOkHttpUrlLoader: buildLoadData() called with: model = [https://is2-ssl.mzstatic.com/image/thumb/Podcasts114/v4/b3/4c/cf/b34ccfc2-cea4-1ca1-0fad-7793af301cc5/mza_2466085192629456364.jpg/170x170bb.png], width = [224], height = [224]
08-05 20:09:38.478 12674 13436 D DBReader: getImageAuthentication() called with: imageUrl = [https://is2-ssl.mzstatic.com/image/thumb/Podcasts114/v4/b3/4c/cf/b34ccfc2-cea4-1ca1-0fad-7793af301cc5/mza_2466085192629456364.jpg/170x170bb.png]
08-05 20:09:38.480 12674 13436 D ApOkHttpUrlLoader: no credentials for 'https://is2-ssl.mzstatic.com/image/thumb/Podcasts114/v4/b3/4c/cf/b34ccfc2-cea4-1ca1-0fad-7793af301cc5/mza_2466085192629456364.jpg/170x170bb.png'
08-05 20:09:38.480 12674 12696 I art     : Explicit concurrent mark sweep GC freed 2810(228KB) AllocSpace objects, 0(0B) LOS objects, 39% free, 24MB/40MB, paused 1.521ms total 27.380ms
08-05 20:09:38.491 12674 12696 I art     : Starting a blocking GC Explicit
08-05 20:09:38.516 12674 12696 I art     : Explicit concurrent mark sweep GC freed 758(48KB) AllocSpace objects, 0(0B) LOS objects, 39% free, 24MB/40MB, paused 934us total 24.852ms
08-05 20:09:38.801 12674 12686 I art     : Starting a blocking GC Explicit
08-05 20:09:38.820 12674 13426 D MYTAG   : interceptor 2a
08-05 20:09:38.821 12674 13426 I NAPPA_EXPERIMENTATION: MetricNetworkRequestExecutionTime: REQUEST_DURATION_SYSTEM='372',REQUEST_DURATION_OKHTTP='210',REQUEST_SYNCHRONOUS='TRUE',RESPONSE_CODE='200',RESPONSE_METHOD='GET',RESPONSE_LENGTH_OKHTTP='26177',RESPONSE_LENGTH_HEADER='26177',REQUEST_PROTOCOL='h2',REQUEST_URL='https://is4-ssl.mzstatic.com/image/thumb/Podcasts114/v4/3f/16/74/3f167426-bf50-ce3a-d709-e4301620fc5b/mza_5832671293059882550.jpeg/170x170bb.png',
08-05 20:09:38.836 12674 13431 D MYTAG   : interceptor 2a
08-05 20:09:38.837 12674 13431 I NAPPA_EXPERIMENTATION: MetricNetworkRequestExecutionTime: REQUEST_DURATION_SYSTEM='375',REQUEST_DURATION_OKHTTP='217',REQUEST_SYNCHRONOUS='TRUE',RESPONSE_CODE='200',RESPONSE_METHOD='GET',RESPONSE_LENGTH_OKHTTP='48239',RESPONSE_LENGTH_HEADER='48239',REQUEST_PROTOCOL='h2',REQUEST_URL='https://is2-ssl.mzstatic.com/image/thumb/Podcasts113/v4/a9/39/cc/a939ccc5-6d60-0c11-0a4c-16d71cdef89b/mza_8787577209688278658.jpg/170x170bb.png',
08-05 20:09:38.852 12674 12686 I art     : Explicit concurrent mark sweep GC freed 28266(1379KB) AllocSpace objects, 4(220KB) LOS objects, 38% free, 25MB/41MB, paused 1.515ms total 50.734ms
08-05 20:09:38.854 12674 13436 D MYTAG   : interceptor 2a
08-05 20:09:38.854 12674 13436 I NAPPA_EXPERIMENTATION: MetricNetworkRequestExecutionTime: REQUEST_DURATION_SYSTEM='374',REQUEST_DURATION_OKHTTP='200',REQUEST_SYNCHRONOUS='TRUE',RESPONSE_CODE='200',RESPONSE_METHOD='GET',RESPONSE_LENGTH_OKHTTP='42299',RESPONSE_LENGTH_HEADER='42299',REQUEST_PROTOCOL='h2',REQUEST_URL='https://is2-ssl.mzstatic.com/image/thumb/Podcasts114/v4/b3/4c/cf/b34ccfc2-cea4-1ca1-0fad-7793af301cc5/mza_2466085192629456364.jpg/170x170bb.png',
08-05 20:09:38.863 12674 12686 I art     : Starting a blocking GC Explicit
08-05 20:09:38.891 12674 12686 I art     : Explicit concurrent mark sweep GC freed 2247(179KB) AllocSpace objects, 0(0B) LOS objects, 38% free, 25MB/41MB, paused 916us total 27.440ms
08-05 20:09:38.895 12674 13433 D MYTAG   : interceptor 2a
08-05 20:09:38.895 12674 13433 I NAPPA_EXPERIMENTATION: MetricNetworkRequestExecutionTime: REQUEST_DURATION_SYSTEM='429',REQUEST_DURATION_OKHTTP='244',REQUEST_SYNCHRONOUS='TRUE',RESPONSE_CODE='200',RESPONSE_METHOD='GET',RESPONSE_LENGTH_OKHTTP='22351',RESPONSE_LENGTH_HEADER='22351',REQUEST_PROTOCOL='h2',REQUEST_URL='https://is5-ssl.mzstatic.com/image/thumb/Podcasts114/v4/93/cf/99/93cf9960-fff3-205e-6655-72c03ddeccb2/mza_10545582232493904175.jpeg/170x170bb.png',
08-05 20:09:38.901 12674 12686 I art     : Starting a blocking GC Explicit
08-05 20:09:38.915 12674 13435 D MYTAG   : interceptor 2a
08-05 20:09:38.915 12674 13435 I NAPPA_EXPERIMENTATION: MetricNetworkRequestExecutionTime: REQUEST_DURATION_SYSTEM='442',REQUEST_DURATION_OKHTTP='249',REQUEST_SYNCHRONOUS='TRUE',RESPONSE_CODE='200',RESPONSE_METHOD='GET',RESPONSE_LENGTH_OKHTTP='54835',RESPONSE_LENGTH_HEADER='54835',REQUEST_PROTOCOL='h2',REQUEST_URL='https://is5-ssl.mzstatic.com/image/thumb/Podcasts113/v4/fd/54/6e/fd546ea0-7ab2-e3f0-6049-884d82917af9/mza_4855349695799758348.jpeg/170x170bb.png',
08-05 20:09:38.928 12674 12686 I art     : Explicit concurrent mark sweep GC freed 670(46KB) AllocSpace objects, 0(0B) LOS objects, 38% free, 25MB/41MB, paused 910us total 26.679ms
08-05 20:09:38.932 12674 13434 D MYTAG   : interceptor 2a
08-05 20:09:38.932 12674 13434 I NAPPA_EXPERIMENTATION: MetricNetworkRequestExecutionTime: REQUEST_DURATION_SYSTEM='463',REQUEST_DURATION_OKHTTP='271',REQUEST_SYNCHRONOUS='TRUE',RESPONSE_CODE='200',RESPONSE_METHOD='GET',RESPONSE_LENGTH_OKHTTP='12000',RESPONSE_LENGTH_HEADER='12000',REQUEST_PROTOCOL='h2',REQUEST_URL='https://is4-ssl.mzstatic.com/image/thumb/Podcasts124/v4/49/a4/91/49a491b7-3daf-c5dc-d7c6-6c4f1486955c/mza_5930014091766152297.png/170x170bb.png',
08-05 20:09:38.939 12674 12686 I art     : Starting a blocking GC Explicit
08-05 20:09:38.944 12674 13429 D MYTAG   : interceptor 2a
08-05 20:09:38.945 12674 13429 I NAPPA_EXPERIMENTATION: MetricNetworkRequestExecutionTime: REQUEST_DURATION_SYSTEM='489',REQUEST_DURATION_OKHTTP='281',REQUEST_SYNCHRONOUS='TRUE',RESPONSE_CODE='200',RESPONSE_METHOD='GET',RESPONSE_LENGTH_OKHTTP='45995',RESPONSE_LENGTH_HEADER='45995',REQUEST_PROTOCOL='h2',REQUEST_URL='https://is4-ssl.mzstatic.com/image/thumb/Podcasts113/v4/e5/8a/10/e58a108f-f5d0-f622-c94a-13f66edd570c/mza_3025981348644196724.jpg/170x170bb.png',
08-05 20:09:38.965 12674 12686 I art     : Explicit concurrent mark sweep GC freed 958(58KB) AllocSpace objects, 0(0B) LOS objects, 38% free, 25MB/41MB, paused 727us total 26.079ms
08-05 20:09:38.971 13866 13882 I PeriodicStatsRunner: PeriodicStatsRunner.call():175 call()
08-05 20:09:38.972 13866 13882 I PeriodicStatsRunner: PeriodicStatsRunner.call():179 No submit PeriodicStats since input started.
08-05 20:09:38.976 12674 12686 I art     : Starting a blocking GC Explicit
08-05 20:09:39.001 12674 12686 I art     : Explicit concurrent mark sweep GC freed 624(25KB) AllocSpace objects, 0(0B) LOS objects, 38% free, 25MB/41MB, paused 651us total 24.573ms
08-05 20:09:39.293 12674 13232 I art     : Starting a blocking GC Explicit
08-05 20:09:39.332 12674 13232 I art     : Explicit concurrent mark sweep GC freed 1379(81KB) AllocSpace objects, 1(20KB) LOS objects, 38% free, 25MB/41MB, paused 779us total 38.240ms
08-05 20:09:39.347 12674 13232 I art     : Starting a blocking GC Explicit
08-05 20:09:39.377 12674 13232 I art     : Explicit concurrent mark sweep GC freed 23(752B) AllocSpace objects, 0(0B) LOS objects, 38% free, 25MB/41MB, paused 904us total 29.829ms
08-05 20:09:39.389 12674 13232 I art     : Starting a blocking GC Explicit
08-05 20:09:39.420 12674 13232 I art     : Explicit concurrent mark sweep GC freed 3(96B) AllocSpace objects, 0(0B) LOS objects, 38% free, 25MB/41MB, paused 698us total 30.638ms
08-05 20:09:39.431 12674 13232 I art     : Starting a blocking GC Explicit
08-05 20:09:39.461 12674 13232 I art     : Explicit concurrent mark sweep GC freed 3(96B) AllocSpace objects, 0(0B) LOS objects, 38% free, 25MB/41MB, paused 663us total 29.636ms
08-05 20:09:39.472 12674 13232 I art     : Starting a blocking GC Explicit
08-05 20:09:39.503 12674 13232 I art     : Explicit concurrent mark sweep GC freed 3(96B) AllocSpace objects, 0(0B) LOS objects, 38% free, 25MB/41MB, paused 699us total 30.308ms
08-05 20:09:39.846 12674 12696 I art     : Starting a blocking GC Explicit
08-05 20:09:39.884 12674 12696 I art     : Explicit concurrent mark sweep GC freed 1392(80KB) AllocSpace objects, 1(20KB) LOS objects, 38% free, 25MB/41MB, paused 757us total 37.596ms
08-05 20:09:39.897 12674 12696 I art     : Starting a blocking GC Explicit
08-05 20:09:39.928 12674 12696 I art     : Explicit concurrent mark sweep GC freed 23(752B) AllocSpace objects, 0(0B) LOS objects, 38% free, 25MB/41MB, paused 885us total 30.237ms
08-05 20:09:39.939 12674 12696 I art     : Starting a blocking GC Explicit
08-05 20:09:39.969 12674 12696 I art     : Explicit concurrent mark sweep GC freed 3(96B) AllocSpace objects, 0(0B) LOS objects, 38% free, 25MB/41MB, paused 684us total 29.789ms
08-05 20:09:39.980 12674 12696 I art     : Starting a blocking GC Explicit
08-05 20:09:40.012 12674 12696 I art     : Explicit concurrent mark sweep GC freed 6(192B) AllocSpace objects, 0(0B) LOS objects, 38% free, 25MB/41MB, paused 796us total 31.247ms
08-05 20:09:40.024 12674 12696 I art     : Starting a blocking GC Explicit
08-05 20:09:40.054 12674 12696 I art     : Explicit concurrent mark sweep GC freed 9(288B) AllocSpace objects, 0(0B) LOS objects, 38% free, 25MB/41MB, paused 682us total 29.152ms
08-05 20:09:40.380 12674 13232 I art     : Starting a blocking GC Explicit
08-05 20:09:40.413 12674 13232 I art     : Explicit concurrent mark sweep GC freed 1384(80KB) AllocSpace objects, 1(20KB) LOS objects, 38% free, 25MB/41MB, paused 732us total 32.871ms
08-05 20:09:40.427 12674 13232 I art     : Starting a blocking GC Explicit
08-05 20:09:40.456 12674 13232 I art     : Explicit concurrent mark sweep GC freed 23(752B) AllocSpace objects, 0(0B) LOS objects, 38% free, 25MB/41MB, paused 704us total 29.200ms
08-05 20:09:40.468 12674 13232 I art     : Starting a blocking GC Explicit
08-05 20:09:40.498 12674 13232 I art     : Explicit concurrent mark sweep GC freed 3(96B) AllocSpace objects, 0(0B) LOS objects, 38% free, 25MB/41MB, paused 802us total 29.647ms
08-05 20:09:40.509 12674 13232 I art     : Starting a blocking GC Explicit
08-05 20:09:40.540 12674 13232 I art     : Explicit concurrent mark sweep GC freed 3(96B) AllocSpace objects, 0(0B) LOS objects, 38% free, 25MB/41MB, paused 708us total 30.301ms
08-05 20:09:40.551 12674 13232 I art     : Starting a blocking GC Explicit
08-05 20:09:40.580 12674 13232 I art     : Explicit concurrent mark sweep GC freed 3(96B) AllocSpace objects, 0(0B) LOS objects, 38% free, 25MB/41MB, paused 701us total 29.065ms
08-05 20:09:40.658 11709 11709 I ServiceManager: Waiting for service AtCmdFwd...
08-05 20:09:40.904 12674 12686 I art     : Starting a blocking GC Explicit
08-05 20:09:40.943 12674 12686 I art     : Explicit concurrent mark sweep GC freed 1392(80KB) AllocSpace objects, 1(20KB) LOS objects, 38% free, 25MB/41MB, paused 733us total 38.879ms
08-05 20:09:40.958 12674 12686 I art     : Starting a blocking GC Explicit
08-05 20:09:40.989 12674 12686 I art     : Explicit concurrent mark sweep GC freed 23(752B) AllocSpace objects, 0(0B) LOS objects, 38% free, 25MB/41MB, paused 718us total 31.383ms
08-05 20:09:41.001 12674 12686 I art     : Starting a blocking GC Explicit
08-05 20:09:41.032 12674 12686 I art     : Explicit concurrent mark sweep GC freed 3(96B) AllocSpace objects, 0(0B) LOS objects, 38% free, 25MB/41MB, paused 706us total 30.652ms
08-05 20:09:41.043 12674 12686 I art     : Starting a blocking GC Explicit
08-05 20:09:41.072 12674 12686 I art     : Explicit concurrent mark sweep GC freed 3(96B) AllocSpace objects, 0(0B) LOS objects, 38% free, 25MB/41MB, paused 681us total 28.690ms
08-05 20:09:41.083 12674 12686 I art     : Starting a blocking GC Explicit
08-05 20:09:41.113 12674 12686 I art     : Explicit concurrent mark sweep GC freed 3(96B) AllocSpace objects, 0(0B) LOS objects, 38% free, 25MB/41MB, paused 705us total 28.894ms
08-05 20:09:41.328 13866 13882 I PeriodicStatsRunner: PeriodicStatsRunner.call():175 call()
08-05 20:09:41.328 13866 13882 I PeriodicStatsRunner: PeriodicStatsRunner.call():179 No submit PeriodicStats since input started.
08-05 20:09:41.449 12674 12696 I art     : Starting a blocking GC Explicit
08-05 20:09:41.482 12674 12696 I art     : Explicit concurrent mark sweep GC freed 1363(80KB) AllocSpace objects, 1(20KB) LOS objects, 38% free, 25MB/41MB, paused 738us total 32.921ms
08-05 20:09:41.495 12674 12696 I art     : Starting a blocking GC Explicit
08-05 20:09:41.524 12674 12696 I art     : Explicit concurrent mark sweep GC freed 23(752B) AllocSpace objects, 0(0B) LOS objects, 38% free, 25MB/41MB, paused 716us total 28.319ms
08-05 20:09:41.535 12674 12696 I art     : Starting a blocking GC Explicit
08-05 20:09:41.565 12674 12696 I art     : Explicit concurrent mark sweep GC freed 3(96B) AllocSpace objects, 0(0B) LOS objects, 38% free, 25MB/41MB, paused 708us total 29.532ms
08-05 20:09:41.577 12674 12696 I art     : Starting a blocking GC Explicit
08-05 20:09:41.607 12674 12696 I art     : Explicit concurrent mark sweep GC freed 3(96B) AllocSpace objects, 0(0B) LOS objects, 38% free, 25MB/41MB, paused 806us total 30.215ms
08-05 20:09:41.618 12674 12696 I art     : Starting a blocking GC Explicit
08-05 20:09:41.649 12674 12696 I art     : Explicit concurrent mark sweep GC freed 3(96B) AllocSpace objects, 0(0B) LOS objects, 38% free, 25MB/41MB, paused 710us total 30.624ms
08-05 20:09:41.650 12674 12685 I art     : WaitForGcToComplete blocked for 17.057ms for cause HeapTrim
08-05 20:09:41.658 11709 11709 I ServiceManager: Waiting for service AtCmdFwd...
08-05 20:09:42.001 12674 12687 I art     : Starting a blocking GC Explicit
08-05 20:09:42.037 12674 12687 I art     : Explicit concurrent mark sweep GC freed 1392(80KB) AllocSpace objects, 1(20KB) LOS objects, 38% free, 25MB/41MB, paused 764us total 35.565ms
08-05 20:09:42.051 12674 12687 I art     : Starting a blocking GC Explicit
08-05 20:09:42.080 12674 12687 I art     : Explicit concurrent mark sweep GC freed 23(752B) AllocSpace objects, 0(0B) LOS objects, 38% free, 25MB/41MB, paused 699us total 28.798ms
08-05 20:09:42.091 12674 12687 I art     : Starting a blocking GC Explicit
08-05 20:09:42.122 12674 12687 I art     : Explicit concurrent mark sweep GC freed 3(96B) AllocSpace objects, 0(0B) LOS objects, 38% free, 25MB/41MB, paused 730us total 30.255ms
08-05 20:09:42.133 12674 12687 I art     : Starting a blocking GC Explicit
08-05 20:09:42.164 12674 12687 I art     : Explicit concurrent mark sweep GC freed 3(96B) AllocSpace objects, 0(0B) LOS objects, 38% free, 25MB/41MB, paused 713us total 30.506ms
08-05 20:09:42.175 12674 12687 I art     : Starting a blocking GC Explicit
08-05 20:09:42.204 12674 12687 I art     : Explicit concurrent mark sweep GC freed 3(96B) AllocSpace objects, 0(0B) LOS objects, 38% free, 25MB/41MB, paused 696us total 28.929ms
08-05 20:09:42.515 12674 13232 I art     : Starting a blocking GC Explicit
08-05 20:09:42.552 12674 13232 I art     : Explicit concurrent mark sweep GC freed 1363(80KB) AllocSpace objects, 1(20KB) LOS objects, 38% free, 25MB/41MB, paused 753us total 36.073ms
08-05 20:09:42.566 12674 13232 I art     : Starting a blocking GC Explicit
08-05 20:09:42.594 12674 13232 I art     : Explicit concurrent mark sweep GC freed 23(752B) AllocSpace objects, 0(0B) LOS objects, 38% free, 25MB/41MB, paused 676us total 28.244ms
08-05 20:09:42.606 12674 13232 I art     : Starting a blocking GC Explicit
08-05 20:09:42.634 12674 13232 I art     : Explicit concurrent mark sweep GC freed 3(96B) AllocSpace objects, 0(0B) LOS objects, 38% free, 25MB/41MB, paused 663us total 28.056ms
08-05 20:09:42.645 12674 13232 I art     : Starting a blocking GC Explicit
08-05 20:09:42.659 11709 11709 I ServiceManager: Waiting for service AtCmdFwd...
08-05 20:09:42.676 12674 13232 I art     : Explicit concurrent mark sweep GC freed 3(96B) AllocSpace objects, 0(0B) LOS objects, 38% free, 25MB/41MB, paused 702us total 30.567ms
08-05 20:09:42.688 12674 13232 I art     : Starting a blocking GC Explicit
08-05 20:09:42.718 12674 13232 I art     : Explicit concurrent mark sweep GC freed 3(96B) AllocSpace objects, 0(0B) LOS objects, 38% free, 25MB/41MB, paused 843us total 29.726ms
08-05 20:09:42.788 13866 13882 I PeriodicStatsRunner: PeriodicStatsRunner.call():175 call()
08-05 20:09:42.788 13866 13882 I PeriodicStatsRunner: PeriodicStatsRunner.call():179 No submit PeriodicStats since input started.
08-05 20:09:43.055 12674 12686 I art     : Starting a blocking GC Explicit
08-05 20:09:43.089 12674 12686 I art     : Explicit concurrent mark sweep GC freed 1392(80KB) AllocSpace objects, 1(20KB) LOS objects, 38% free, 25MB/41MB, paused 751us total 33.987ms
08-05 20:09:43.103 12674 12686 I art     : Starting a blocking GC Explicit
08-05 20:09:43.133 12674 12686 I art     : Explicit concurrent mark sweep GC freed 23(752B) AllocSpace objects, 0(0B) LOS objects, 38% free, 25MB/41MB, paused 694us total 30.022ms
08-05 20:09:43.145 12674 12686 I art     : Starting a blocking GC Explicit
08-05 20:09:43.175 12674 12686 I art     : Explicit concurrent mark sweep GC freed 3(96B) AllocSpace objects, 0(0B) LOS objects, 38% free, 25MB/41MB, paused 712us total 30.278ms
08-05 20:09:43.187 12674 12686 I art     : Starting a blocking GC Explicit
08-05 20:09:43.218 12674 12686 I art     : Explicit concurrent mark sweep GC freed 3(96B) AllocSpace objects, 0(0B) LOS objects, 38% free, 25MB/41MB, paused 759us total 30.830ms
08-05 20:09:43.229 12674 12686 I art     : Starting a blocking GC Explicit
08-05 20:09:43.259 12674 12686 I art     : Explicit concurrent mark sweep GC freed 3(96B) AllocSpace objects, 0(0B) LOS objects, 38% free, 25MB/41MB, paused 712us total 30.066ms
08-05 20:09:43.574 12674 12696 I art     : Starting a blocking GC Explicit
08-05 20:09:43.610 12674 12696 I art     : Explicit concurrent mark sweep GC freed 1363(80KB) AllocSpace objects, 1(20KB) LOS objects, 38% free, 25MB/41MB, paused 742us total 35.849ms
08-05 20:09:43.623 12674 12696 I art     : Starting a blocking GC Explicit
08-05 20:09:43.653 12674 12696 I art     : Explicit concurrent mark sweep GC freed 23(752B) AllocSpace objects, 0(0B) LOS objects, 38% free, 25MB/41MB, paused 717us total 29.311ms
08-05 20:09:43.660 11709 11709 I ServiceManager: Waiting for service AtCmdFwd...
08-05 20:09:43.664 12674 12696 I art     : Starting a blocking GC Explicit
08-05 20:09:43.693 12674 12696 I art     : Explicit concurrent mark sweep GC freed 3(96B) AllocSpace objects, 0(0B) LOS objects, 38% free, 25MB/41MB, paused 713us total 29.002ms
08-05 20:09:43.705 12674 12696 I art     : Starting a blocking GC Explicit
08-05 20:09:43.735 12674 12696 I art     : Explicit concurrent mark sweep GC freed 3(96B) AllocSpace objects, 0(0B) LOS objects, 38% free, 25MB/41MB, paused 669us total 30.185ms
08-05 20:09:43.747 12674 12696 I art     : Starting a blocking GC Explicit
08-05 20:09:43.778 12674 12696 I art     : Explicit concurrent mark sweep GC freed 18(480B) AllocSpace objects, 0(0B) LOS objects, 38% free, 25MB/41MB, paused 962us total 30.794ms
08-05 20:09:44.086 12674 12687 I art     : Starting a blocking GC Explicit
08-05 20:09:44.116 12674 12687 I art     : Explicit concurrent mark sweep GC freed 1377(80KB) AllocSpace objects, 1(20KB) LOS objects, 38% free, 25MB/41MB, paused 764us total 29.530ms
08-05 20:09:44.130 12674 12687 I art     : Starting a blocking GC Explicit
08-05 20:09:44.159 12674 12687 I art     : Explicit concurrent mark sweep GC freed 23(752B) AllocSpace objects, 0(0B) LOS objects, 38% free, 25MB/41MB, paused 717us total 28.009ms
08-05 20:09:44.170 12674 12687 I art     : Starting a blocking GC Explicit
08-05 20:09:44.199 12674 12687 I art     : Explicit concurrent mark sweep GC freed 3(96B) AllocSpace objects, 0(0B) LOS objects, 38% free, 25MB/41MB, paused 732us total 29.284ms
08-05 20:09:44.210 12674 12687 I art     : Starting a blocking GC Explicit
08-05 20:09:44.239 12674 12687 I art     : Explicit concurrent mark sweep GC freed 3(96B) AllocSpace objects, 0(0B) LOS objects, 38% free, 25MB/41MB, paused 717us total 28.402ms
08-05 20:09:44.250 12674 12687 I art     : Starting a blocking GC Explicit
08-05 20:09:44.279 12674 12687 I art     : Explicit concurrent mark sweep GC freed 3(96B) AllocSpace objects, 0(0B) LOS objects, 38% free, 25MB/41MB, paused 708us total 28.612ms
08-05 20:09:44.537 13555 13555 D AndroidRuntime: >>>>>> START com.android.internal.os.RuntimeInit uid 2000 <<<<<<
08-05 20:09:44.544 13555 13555 D AndroidRuntime: CheckJNI is OFF
08-05 20:09:44.589 13555 13555 D ICU     : No timezone override file found: /data/misc/zoneinfo/current/icu/icu_tzdata.dat
08-05 20:09:44.610 12674 13232 I art     : Starting a blocking GC Explicit
08-05 20:09:44.631 13555 13555 I Radio-JNI: register_android_hardware_Radio DONE
08-05 20:09:44.638 12674 13232 I art     : Explicit concurrent mark sweep GC freed 1363(80KB) AllocSpace objects, 1(20KB) LOS objects, 38% free, 25MB/41MB, paused 767us total 27.474ms
08-05 20:09:44.649 12674 13232 I art     : Starting a blocking GC Explicit
08-05 20:09:44.661 11709 11709 I ServiceManager: Waiting for service AtCmdFwd...
08-05 20:09:44.662 13555 13555 D AndroidRuntime: Calling main entry com.android.commands.input.Input
08-05 20:09:44.664 13555 13555 I Input   : injectMotionEvent: MotionEvent { action=ACTION_DOWN, actionButton=0, id[0]=0, x[0]=616.0, y[0]=469.0, toolType[0]=TOOL_TYPE_UNKNOWN, buttonState=0, metaState=0, flags=0x0, edgeFlags=0x0, pointerCount=1, historySize=0, eventTime=821401077, downTime=821401077, deviceId=0, source=0x1002 }
08-05 20:09:44.669 13555 13555 I Input   : injectMotionEvent: MotionEvent { action=ACTION_UP, actionButton=0, id[0]=0, x[0]=616.0, y[0]=469.0, toolType[0]=TOOL_TYPE_UNKNOWN, buttonState=0, metaState=0, flags=0x0, edgeFlags=0x0, pointerCount=1, historySize=0, eventTime=821401077, downTime=821401077, deviceId=0, source=0x1002 }
08-05 20:09:44.672 13555 13555 D AndroidRuntime: Shutting down VM
08-05 20:09:44.676 12674 13232 I art     : Explicit concurrent mark sweep GC freed 38(1200B) AllocSpace objects, 0(0B) LOS objects, 38% free, 25MB/41MB, paused 706us total 26.739ms
08-05 20:09:44.687 12674 13232 I art     : Starting a blocking GC Explicit
08-05 20:09:44.716 12674 13232 I art     : Explicit concurrent mark sweep GC freed 9(320B) AllocSpace objects, 0(0B) LOS objects, 38% free, 25MB/41MB, paused 665us total 27.812ms
08-05 20:09:44.726 12674 13232 I art     : Starting a blocking GC Explicit
08-05 20:09:44.738   512  2967 D audio_hw_primary: out_set_parameters: enter: usecase(1: low-latency-playback) kvpairs: routing=2
08-05 20:09:44.751   512  2967 D audio_hw_primary: select_devices: out_snd_device(2: speaker) in_snd_device(0: none)
08-05 20:09:44.751   512  2967 D msm8974_platform: platform_send_audio_calibration: sending audio calibration for snd_device(2) acdb_id(15)
08-05 20:09:44.751   512  2967 I soundtrigger: audio_extn_sound_trigger_update_device_status: device 0x2 of type 0 for Event 1
08-05 20:09:44.755 12674 13232 I art     : Explicit concurrent mark sweep GC freed 191(8KB) AllocSpace objects, 0(0B) LOS objects, 38% free, 25MB/41MB, paused 1.143ms total 28.602ms
08-05 20:09:44.765   512  2967 D audio_hw_primary: enable_snd_device: snd_device(2: speaker)
08-05 20:09:44.767   512  2967 D audio_hw_primary: enable_audio_route: apply and update mixer path: low-latency-playback speaker
08-05 20:09:44.769 12674 13232 I art     : Starting a blocking GC Explicit
08-05 20:09:44.798 12674 13232 I art     : Explicit concurrent mark sweep GC freed 73(3KB) AllocSpace objects, 0(0B) LOS objects, 38% free, 25MB/41MB, paused 769us total 29.436ms
08-05 20:09:45.075 12674 12687 I art     : Starting a blocking GC Explicit
08-05 20:09:45.104 12674 12687 I art     : Explicit concurrent mark sweep GC freed 1423(82KB) AllocSpace objects, 1(20KB) LOS objects, 38% free, 25MB/41MB, paused 764us total 28.982ms
08-05 20:09:45.115 12674 12687 I art     : Starting a blocking GC Explicit
08-05 20:09:45.142 12674 12687 I art     : Explicit concurrent mark sweep GC freed 68(2288B) AllocSpace objects, 0(0B) LOS objects, 38% free, 25MB/41MB, paused 840us total 27.289ms
08-05 20:09:45.154 12674 12687 I art     : Starting a blocking GC Explicit
08-05 20:09:45.181 12674 12687 I art     : Explicit concurrent mark sweep GC freed 15(544B) AllocSpace objects, 0(0B) LOS objects, 38% free, 25MB/41MB, paused 760us total 26.786ms
08-05 20:09:45.192 12674 12687 I art     : Starting a blocking GC Explicit
08-05 20:09:45.219 12674 12687 I art     : Explicit concurrent mark sweep GC freed 13(480B) AllocSpace objects, 0(0B) LOS objects, 38% free, 25MB/41MB, paused 767us total 26.945ms
08-05 20:09:45.230 12674 12687 I art     : Starting a blocking GC Explicit
08-05 20:09:45.257 12674 12687 I art     : Explicit concurrent mark sweep GC freed 13(480B) AllocSpace objects, 0(0B) LOS objects, 38% free, 25MB/41MB, paused 1.036ms total 27.344ms
08-05 20:09:45.299   512  2967 D audio_hw_primary: disable_audio_route: reset and update mixer path: low-latency-playback speaker
08-05 20:09:45.300   512  2967 D audio_hw_primary: disable_snd_device: snd_device(2: speaker)
08-05 20:09:45.309   512  2967 I soundtrigger: audio_extn_sound_trigger_update_device_status: device 0x2 of type 0 for Event 0
08-05 20:09:45.498 24365 12324 I NetworkScheduler.Stats: Task com.google.android.gms/com.google.android.gms.icing.service.IcingGcmTaskService started execution. cause:4 exec_start_elapsed_seconds: 1804789 [CONTEXT service_id=218 ]
08-05 20:09:45.512 24365  4416 I NetworkScheduler.Stats: Task com.google.android.gms/com.google.android.gms.icing.service.IcingGcmTaskService finished executing. cause:4 result: 1 elapsed_millis: 37 uptime_millis: 37 exec_start_elapsed_seconds: 1804789 [CONTEXT service_id=218 ]
08-05 20:09:45.531 24365  4416 I NetworkScheduler.Stats: Task com.google.android.apps.gcs/ started execution. cause:5 exec_start_elapsed_seconds: 1804789 [CONTEXT service_id=218 ]
08-05 20:09:45.536 13136 13604 W Gcs.WfaEliRefreshTask: [27279] afk.b: NULL eligibility response.
08-05 20:09:45.538 24365  4416 I NetworkScheduler.Stats: Task com.google.android.apps.gcs/ finished executing. cause:5 result: 3 elapsed_millis: 12 uptime_millis: 12 exec_start_elapsed_seconds: 1804789 [CONTEXT service_id=218 ]
08-05 20:09:45.539 12674 12686 I art     : Starting a blocking GC Explicit
08-05 20:09:45.559 12674 12694 I NAPPA_EXPERIMENTATION: MetricNetworkRequestExecutionTime: REQUEST_DURATION_SYSTEM='821',REQUEST_DURATION_OKHTTP='819',REQUEST_SYNCHRONOUS='TRUE',RESPONSE_CODE='200',RESPONSE_METHOD='GET',RESPONSE_LENGTH_OKHTTP='-1',RESPONSE_LENGTH_HEADER='628',REQUEST_PROTOCOL='h2',REQUEST_URL='https://itunes.apple.com/lookup?id=1524080195',
08-05 20:09:45.565 12674 12686 I art     : Explicit concurrent mark sweep GC freed 1914(126KB) AllocSpace objects, 1(20KB) LOS objects, 38% free, 25MB/41MB, paused 702us total 26.228ms
08-05 20:09:45.569 24365  4416 I NetworkScheduler.Stats: Task com.google.android.apps.gcs/ started execution. cause:5 exec_start_elapsed_seconds: 1804789 [CONTEXT service_id=218 ]
08-05 20:09:45.575 12674 12686 I art     : Starting a blocking GC Explicit
08-05 20:09:45.578   918  5952 I ActivityManager: START u0 {cmp=baseline.de.danoeh.antennapod.debug/baseline.de.danoeh.antennapod.activity.OnlineFeedViewActivity (has extras)} from uid 10695 on display 0
08-05 20:09:45.599 13866 13866 I GoogleInputMethodServic: GoogleInputMethodService.onFinishInput():3138 
08-05 20:09:45.600 12674 12686 I art     : Explicit concurrent mark sweep GC freed 360(14KB) AllocSpace objects, 0(0B) LOS objects, 38% free, 25MB/41MB, paused 756us total 24.245ms
08-05 20:09:45.600 13866 13866 I GoogleInputMethodServic: GoogleInputMethodService.onStartInput():1808 
08-05 20:09:45.610 12674 12686 I art     : Starting a blocking GC Explicit
08-05 20:09:45.624 12674 12674 D UserPreferences: Using default data folder
08-05 20:09:45.625 12674 12674 D OnlineFeedViewActivity: Activity was started with url https://rss.art19.com/nice-white-parents
08-05 20:09:45.629 12674 12674 D OnlineFeedViewActivity: Starting feed download
08-05 20:09:45.634 24365 12324 I NetworkScheduler.Stats: Task com.google.android.apps.gcs/ finished executing. cause:5 result: 1 elapsed_millis: 96 uptime_millis: 95 exec_start_elapsed_seconds: 1804789 [CONTEXT service_id=218 ]
08-05 20:09:45.636 12674 13220 D DBReader: Extracting Feedlist
08-05 20:09:45.636 12674 12686 I art     : Explicit concurrent mark sweep GC freed 616(55KB) AllocSpace objects, 0(0B) LOS objects, 38% free, 25MB/41MB, paused 1.332ms total 26.248ms
08-05 20:09:45.640   918  5132 D WifiService: acquireWifiLockLocked: WifiLock{Downloader type=1 binder=android.os.BinderProxy@204614c}
08-05 20:09:45.641 12674 13220 D AntennapodHttpClient: Creating new instance of HTTP client
08-05 20:09:45.647 12674 12686 I art     : Starting a blocking GC Explicit
08-05 20:09:45.661 11709 11709 W Atfwd_Sendcmd: AtCmdFwd service not published, waiting... retryCnt : 1
08-05 20:09:45.667 24365 12324 I NetworkScheduler.Stats: Task com.google.android.apps.gcs/ started execution. cause:5 exec_start_elapsed_seconds: 1804789 [CONTEXT service_id=218 ]
08-05 20:09:45.668 13136 13608 W Gcs.WfaEliRefreshTask: [27281] afk.b: NULL eligibility response.
08-05 20:09:45.670 24365 12324 I NetworkScheduler.Stats: Task com.google.android.apps.gcs/ finished executing. cause:5 result: 3 elapsed_millis: 7 uptime_millis: 6 exec_start_elapsed_seconds: 1804789 [CONTEXT service_id=218 ]
08-05 20:09:45.672 12674 12686 I art     : Explicit concurrent mark sweep GC freed 1168(58KB) AllocSpace objects, 0(0B) LOS objects, 38% free, 25MB/41MB, paused 784us total 24.437ms
08-05 20:09:45.682 12674 12686 I art     : Starting a blocking GC Explicit
08-05 20:09:45.694 13866 13866 I GoogleInputMethodServic: GoogleInputMethodService.onFinishInput():3138 
08-05 20:09:45.695 13866 13866 I GoogleInputMethodServic: GoogleInputMethodService.onStartInput():1808 
08-05 20:09:45.707 12674 12686 I art     : Explicit concurrent mark sweep GC freed 158(7KB) AllocSpace objects, 0(0B) LOS objects, 38% free, 25MB/41MB, paused 901us total 24.895ms
08-05 20:09:45.731   918   936 I ActivityManager: Displayed baseline.de.danoeh.antennapod.debug/baseline.de.danoeh.antennapod.activity.OnlineFeedViewActivity: +132ms
08-05 20:09:45.745   918   927 I art     : Background partial concurrent mark sweep GC freed 93900(10MB) AllocSpace objects, 151(3MB) LOS objects, 18% free, 69MB/85MB, paused 1.813ms total 210.423ms
08-05 20:09:45.958 12674 13220 D MYTAG   : interceptor 3a https://rss.art19.com/nice-white-parents
08-05 20:09:45.958 12674 13220 I NAPPA_EXPERIMENTATION: MetricNetworkRequestExecutionTime: REQUEST_DURATION_SYSTEM='315',REQUEST_DURATION_OKHTTP='159',REQUEST_SYNCHRONOUS='TRUE',RESPONSE_CODE='200',RESPONSE_METHOD='GET',RESPONSE_LENGTH_OKHTTP='-1',RESPONSE_LENGTH_HEADER='1803',REQUEST_PROTOCOL='h2',REQUEST_URL='https://rss.art19.com/nice-white-parents',
08-05 20:09:45.959 12674 13220 D HttpDownloader: Response code is 200
08-05 20:09:45.959 12674 13220 D UserPreferences: Using default data folder
08-05 20:09:45.962 12674 13220 D HttpDownloader: Getting size of download
08-05 20:09:45.962 12674 13220 D HttpDownloader: Size is -1
08-05 20:09:45.962 12674 13220 D UserPreferences: Using default data folder
08-05 20:09:45.963 12674 13220 D HttpDownloader: Free space is 20177715200
08-05 20:09:45.963 12674 13220 D HttpDownloader: Starting download
08-05 20:09:45.974   380   380 W SurfaceFlinger: couldn't log to binary event log: overflow.
08-05 20:09:45.999 12674 13220 D HttpDownloader: Download was successful
08-05 20:09:46.001   918  4413 D WifiService: releaseWifiLockLocked: WifiLock{Downloader type=1 binder=android.os.BinderProxy@204614c}
08-05 20:09:46.002 12674 12674 D OnlineFeedViewActivity: Parsing feed
08-05 20:09:46.011 12674 13622 D TypeGetter: Recognized type RSS 2.0
08-05 20:09:46.016 12674 13622 D SyndHandler: Recognized ITunes namespace
08-05 20:09:46.017 12674 13622 D SyndHandler: Recognized Atom namespace
08-05 20:09:46.017 12674 13622 D SyndHandler: Recognized Content namespace
08-05 20:09:46.018 12674 12686 I art     : Starting a blocking GC Explicit
08-05 20:09:46.030 12674 13622 D OnlineFeedViewActivity: Deleted feed source file. Result: true
08-05 20:09:46.031 12674 12674 D OnlineFeedViewActivity: Removing HTML from shownotes
08-05 20:09:46.050 12674 12686 I art     : Explicit concurrent mark sweep GC freed 8110(562KB) AllocSpace objects, 7(280KB) LOS objects, 37% free, 26MB/42MB, paused 1.078ms total 32.033ms
08-05 20:09:46.061 12674 12686 I art     : Starting a blocking GC Explicit
08-05 20:09:46.094 12674 12686 I art     : Explicit concurrent mark sweep GC freed 4622(282KB) AllocSpace objects, 0(0B) LOS objects, 37% free, 26MB/42MB, paused 1.142ms total 32.028ms
08-05 20:09:46.101 12674 12674 W art     : Before Android 4.1, method int androidx.appcompat.widget.DropDownListView.lookForSelectablePosition(int, boolean) would have incorrectly overridden the package-private method in android.widget.ListView
08-05 20:09:46.105 12674 12686 I art     : Starting a blocking GC Explicit
08-05 20:09:46.111 12674 12674 I ListPopupWindow: Could not find method setEpicenterBounds(Rect) on PopupWindow. Oh well.
08-05 20:09:46.120 12674 13623 D ApOkHttpUrlLoader: buildLoadData() called with: model = [https://content.production.cdn.art19.com/images/89/e0/88/44/89e08844-ac28-4fc0-96fa-15a41fec2014/262c12ed699a8d9720dea0bd66449d998e4a08cf18095bed170ccaa76722045fa5dbf7a366918b2db7e3acf29ad22f6b99fd659a9409cb807bf2781d968932f8.jpeg], width = [350], height = [350]
08-05 20:09:46.128 12674 13429 D DBReader: getImageAuthentication() called with: imageUrl = [https://content.production.cdn.art19.com/images/89/e0/88/44/89e08844-ac28-4fc0-96fa-15a41fec2014/262c12ed699a8d9720dea0bd66449d998e4a08cf18095bed170ccaa76722045fa5dbf7a366918b2db7e3acf29ad22f6b99fd659a9409cb807bf2781d968932f8.jpeg]
08-05 20:09:46.129 12674 13429 D ApOkHttpUrlLoader: no credentials for 'https://content.production.cdn.art19.com/images/89/e0/88/44/89e08844-ac28-4fc0-96fa-15a41fec2014/262c12ed699a8d9720dea0bd66449d998e4a08cf18095bed170ccaa76722045fa5dbf7a366918b2db7e3acf29ad22f6b99fd659a9409cb807bf2781d968932f8.jpeg'
08-05 20:09:46.141 12674 12686 I art     : Explicit concurrent mark sweep GC freed 3109(277KB) AllocSpace objects, 3(152KB) LOS objects, 37% free, 26MB/42MB, paused 1.580ms total 35.255ms
08-05 20:09:46.153 12674 12686 I art     : Starting a blocking GC Explicit
08-05 20:09:46.163 12674 12674 D PlaybackController: Releasing PlaybackController
08-05 20:09:46.184 12674 12686 I art     : Explicit concurrent mark sweep GC freed 5998(307KB) AllocSpace objects, 0(0B) LOS objects, 37% free, 26MB/42MB, paused 882us total 30.721ms
08-05 20:09:46.195 12674 12686 I art     : Starting a blocking GC Explicit
08-05 20:09:46.226 12674 12686 I art     : Explicit concurrent mark sweep GC freed 1603(88KB) AllocSpace objects, 1(112KB) LOS objects, 37% free, 26MB/42MB, paused 866us total 31.238ms
08-05 20:09:46.461 12674 13429 D MYTAG   : interceptor 2a
08-05 20:09:46.461 12674 13429 I NAPPA_EXPERIMENTATION: MetricNetworkRequestExecutionTime: REQUEST_DURATION_SYSTEM='331',REQUEST_DURATION_OKHTTP='161',REQUEST_SYNCHRONOUS='TRUE',RESPONSE_CODE='200',RESPONSE_METHOD='GET',RESPONSE_LENGTH_OKHTTP='2466122',RESPONSE_LENGTH_HEADER='2466122',REQUEST_PROTOCOL='h2',REQUEST_URL='https://content.production.cdn.art19.com/images/89/e0/88/44/89e08844-ac28-4fc0-96fa-15a41fec2014/262c12ed699a8d9720dea0bd66449d998e4a08cf18095bed170ccaa76722045fa5dbf7a366918b2db7e3acf29ad22f6b99fd659a9409cb807bf2781d968932f8.jpeg',
08-05 20:09:46.550 12674 13232 I art     : Starting a blocking GC Explicit
08-05 20:09:46.584 12674 13232 I art     : Explicit concurrent mark sweep GC freed 5730(275KB) AllocSpace objects, 1(20KB) LOS objects, 37% free, 26MB/42MB, paused 841us total 33.046ms
08-05 20:09:46.595 12674 13232 I art     : Starting a blocking GC Explicit
08-05 20:09:46.626 12674 13232 I art     : Explicit concurrent mark sweep GC freed 125(4KB) AllocSpace objects, 0(0B) LOS objects, 37% free, 26MB/42MB, paused 840us total 30.547ms
08-05 20:09:46.638 12674 13232 I art     : Starting a blocking GC Explicit
08-05 20:09:46.666 12674 13232 I art     : Explicit concurrent mark sweep GC freed 69(2208B) AllocSpace objects, 0(0B) LOS objects, 37% free, 26MB/42MB, paused 991us total 27.985ms
08-05 20:09:46.677 12674 13232 I art     : Starting a blocking GC Explicit
08-05 20:09:46.706 12674 13232 I art     : Explicit concurrent mark sweep GC freed 80(26KB) AllocSpace objects, 0(0B) LOS objects, 37% free, 26MB/42MB, paused 846us total 29.220ms
08-05 20:09:46.717 12674 13232 I art     : Starting a blocking GC Explicit
08-05 20:09:46.747 12674 13232 I art     : Explicit concurrent mark sweep GC freed 91(14KB) AllocSpace objects, 0(0B) LOS objects, 37% free, 26MB/42MB, paused 940us total 29.189ms
08-05 20:09:47.086 12674 12696 I art     : Starting a blocking GC Explicit
08-05 20:09:47.121 12674 12696 I art     : Explicit concurrent mark sweep GC freed 2698(151KB) AllocSpace objects, 1(20KB) LOS objects, 36% free, 27MB/43MB, paused 919us total 34.334ms
08-05 20:09:47.135 12674 12696 I art     : Starting a blocking GC Explicit
08-05 20:09:47.169 12674 12696 I art     : Explicit concurrent mark sweep GC freed 42(1312B) AllocSpace objects, 0(0B) LOS objects, 36% free, 27MB/43MB, paused 878us total 34.250ms
08-05 20:09:47.181 12674 12696 I art     : Starting a blocking GC Explicit
08-05 20:09:47.215 12674 12696 I art     : Explicit concurrent mark sweep GC freed 3(96B) AllocSpace objects, 0(0B) LOS objects, 36% free, 27MB/43MB, paused 866us total 33.016ms
08-05 20:09:47.227 12674 12696 I art     : Starting a blocking GC Explicit
08-05 20:09:47.261 12674 12696 I art     : Explicit concurrent mark sweep GC freed 3(96B) AllocSpace objects, 0(0B) LOS objects, 36% free, 27MB/43MB, paused 856us total 34.264ms
08-05 20:09:47.274 12674 12696 I art     : Starting a blocking GC Explicit
08-05 20:09:47.309 12674 12696 I art     : Explicit concurrent mark sweep GC freed 3(96B) AllocSpace objects, 0(0B) LOS objects, 36% free, 27MB/43MB, paused 824us total 34.788ms
08-05 20:09:47.669 12674 12686 I art     : Starting a blocking GC Explicit
08-05 20:09:47.709 12674 12686 I art     : Explicit concurrent mark sweep GC freed 1369(80KB) AllocSpace objects, 1(20KB) LOS objects, 36% free, 27MB/43MB, paused 833us total 39.585ms
08-05 20:09:47.722 12674 12686 I art     : Starting a blocking GC Explicit
08-05 20:09:47.758 12674 12686 I art     : Explicit concurrent mark sweep GC freed 28(928B) AllocSpace objects, 0(0B) LOS objects, 36% free, 27MB/43MB, paused 836us total 35.901ms
08-05 20:09:47.770 12674 12686 I art     : Starting a blocking GC Explicit
08-05 20:09:47.802 12674 12686 I art     : Explicit concurrent mark sweep GC freed 38(1072B) AllocSpace objects, 0(0B) LOS objects, 36% free, 27MB/43MB, paused 813us total 32.226ms
08-05 20:09:47.814 12674 12686 I art     : Starting a blocking GC Explicit
08-05 20:09:47.846 12674 12686 I art     : Explicit concurrent mark sweep GC freed 8(256B) AllocSpace objects, 0(0B) LOS objects, 36% free, 27MB/43MB, paused 777us total 31.628ms
08-05 20:09:47.858 12674 12686 I art     : Starting a blocking GC Explicit
08-05 20:09:47.891 12674 12686 I art     : Explicit concurrent mark sweep GC freed 8(256B) AllocSpace objects, 0(0B) LOS objects, 36% free, 27MB/43MB, paused 841us total 33.326ms
08-05 20:09:48.205 12674 12687 I art     : Starting a blocking GC Explicit
08-05 20:09:48.247 12674 12687 I art     : Explicit concurrent mark sweep GC freed 1373(80KB) AllocSpace objects, 1(20KB) LOS objects, 36% free, 27MB/43MB, paused 894us total 41.592ms
08-05 20:09:48.262 12674 12687 I art     : Starting a blocking GC Explicit
08-05 20:09:48.301 12674 12687 I art     : Explicit concurrent mark sweep GC freed 23(752B) AllocSpace objects, 0(0B) LOS objects, 36% free, 27MB/43MB, paused 814us total 38.723ms
08-05 20:09:48.313 12674 12687 I art     : Starting a blocking GC Explicit
08-05 20:09:48.349 12674 12687 I art     : Explicit concurrent mark sweep GC freed 3(96B) AllocSpace objects, 0(0B) LOS objects, 36% free, 27MB/43MB, paused 883us total 35.106ms
08-05 20:09:48.361 12674 12687 I art     : Starting a blocking GC Explicit
08-05 20:09:48.396 12674 12687 I art     : Explicit concurrent mark sweep GC freed 3(96B) AllocSpace objects, 0(0B) LOS objects, 36% free, 27MB/43MB, paused 862us total 34.742ms
08-05 20:09:48.408 12674 12687 I art     : Starting a blocking GC Explicit
08-05 20:09:48.441 12674 12687 I art     : Explicit concurrent mark sweep GC freed 3(96B) AllocSpace objects, 0(0B) LOS objects, 36% free, 27MB/43MB, paused 841us total 33.298ms
08-05 20:09:48.772 12674 12686 I art     : Starting a blocking GC Explicit
08-05 20:09:48.814 12674 12686 I art     : Explicit concurrent mark sweep GC freed 1396(82KB) AllocSpace objects, 1(20KB) LOS objects, 36% free, 27MB/43MB, paused 864us total 41.661ms
08-05 20:09:48.828 12674 12686 I art     : Starting a blocking GC Explicit
08-05 20:09:48.864 12674 12686 I art     : Explicit concurrent mark sweep GC freed 23(768B) AllocSpace objects, 0(0B) LOS objects, 36% free, 27MB/43MB, paused 814us total 35.288ms
08-05 20:09:48.876 12674 12686 I art     : Starting a blocking GC Explicit
08-05 20:09:48.910 12674 12686 I art     : Explicit concurrent mark sweep GC freed 3(96B) AllocSpace objects, 0(0B) LOS objects, 36% free, 27MB/43MB, paused 828us total 34.180ms
08-05 20:09:48.922 12674 12686 I art     : Starting a blocking GC Explicit
08-05 20:09:48.953 12674 12686 I art     : Explicit concurrent mark sweep GC freed 3(96B) AllocSpace objects, 0(0B) LOS objects, 36% free, 27MB/43MB, paused 796us total 30.754ms
08-05 20:09:48.965 12674 12686 I art     : Starting a blocking GC Explicit
08-05 20:09:48.996 12674 12686 I art     : Explicit concurrent mark sweep GC freed 3(96B) AllocSpace objects, 0(0B) LOS objects, 36% free, 27MB/43MB, paused 821us total 30.416ms
08-05 20:09:49.314 12674 13232 I art     : Starting a blocking GC Explicit
08-05 20:09:49.352 12674 13232 I art     : Explicit concurrent mark sweep GC freed 1366(80KB) AllocSpace objects, 1(20KB) LOS objects, 36% free, 27MB/43MB, paused 879us total 37.648ms
08-05 20:09:49.367 12674 13232 I art     : Starting a blocking GC Explicit
08-05 20:09:49.403 12674 13232 I art     : Explicit concurrent mark sweep GC freed 23(752B) AllocSpace objects, 0(0B) LOS objects, 36% free, 27MB/43MB, paused 861us total 36.046ms
08-05 20:09:49.415 12674 13232 I art     : Starting a blocking GC Explicit
08-05 20:09:49.449 12674 13232 I art     : Explicit concurrent mark sweep GC freed 3(96B) AllocSpace objects, 0(0B) LOS objects, 36% free, 27MB/43MB, paused 891us total 33.325ms
08-05 20:09:49.460 12674 13232 I art     : Starting a blocking GC Explicit
08-05 20:09:49.471 13676 13676 D AndroidRuntime: >>>>>> START com.android.internal.os.RuntimeInit uid 2000 <<<<<<
08-05 20:09:49.477 13676 13676 D AndroidRuntime: CheckJNI is OFF
08-05 20:09:49.494 12674 13232 I art     : Explicit concurrent mark sweep GC freed 3(96B) AllocSpace objects, 0(0B) LOS objects, 36% free, 27MB/43MB, paused 901us total 33.066ms
08-05 20:09:49.505 12674 13232 I art     : Starting a blocking GC Explicit
08-05 20:09:49.524 13676 13676 D ICU     : No timezone override file found: /data/misc/zoneinfo/current/icu/icu_tzdata.dat
08-05 20:09:49.538 12674 13232 I art     : Explicit concurrent mark sweep GC freed 3(96B) AllocSpace objects, 0(0B) LOS objects, 36% free, 27MB/43MB, paused 994us total 31.990ms
08-05 20:09:49.572 13676 13676 I Radio-JNI: register_android_hardware_Radio DONE
08-05 20:09:49.602 13676 13676 D AndroidRuntime: Calling main entry com.android.commands.input.Input
08-05 20:09:49.605 13676 13676 I Input   : injectMotionEvent: MotionEvent { action=ACTION_DOWN, actionButton=0, id[0]=0, x[0]=625.0, y[0]=832.0, toolType[0]=TOOL_TYPE_UNKNOWN, buttonState=0, metaState=0, flags=0x0, edgeFlags=0x0, pointerCount=1, historySize=0, eventTime=821406017, downTime=821406017, deviceId=0, source=0x1002 }
08-05 20:09:49.611 13676 13676 I Input   : injectMotionEvent: MotionEvent { action=ACTION_UP, actionButton=0, id[0]=0, x[0]=625.0, y[0]=832.0, toolType[0]=TOOL_TYPE_UNKNOWN, buttonState=0, metaState=0, flags=0x0, edgeFlags=0x0, pointerCount=1, historySize=0, eventTime=821406017, downTime=821406017, deviceId=0, source=0x1002 }
08-05 20:09:49.614 13676 13676 D AndroidRuntime: Shutting down VM
08-05 20:09:49.633 12674 12674 D UserPreferences: Using default data folder
08-05 20:09:49.633   512  2967 D audio_hw_primary: out_set_parameters: enter: usecase(1: low-latency-playback) kvpairs: routing=2
08-05 20:09:49.634 12674 12674 D DownloadRequester: partiallyDownloadedFileExists: false
08-05 20:09:49.635 12674 12674 D DownloadRequester: /storage/emulated/0/Android/data/baseline.de.danoeh.antennapod.debug/files/cache/feed-Nice White Parents is available as a download destination
08-05 20:09:49.635 12674 12674 D DownloadRequester: Requesting download of url https://rss.art19.com/nice-white-parents
08-05 20:09:49.647   512  2967 D audio_hw_primary: select_devices: out_snd_device(2: speaker) in_snd_device(0: none)
08-05 20:09:49.647   512  2967 D msm8974_platform: platform_send_audio_calibration: sending audio calibration for snd_device(2) acdb_id(15)
08-05 20:09:49.647   512  2967 I soundtrigger: audio_extn_sound_trigger_update_device_status: device 0x2 of type 0 for Event 1
08-05 20:09:49.647 12674 12674 D DownloadService: Service started
08-05 20:09:49.649 12674 12674 D DownloadService: parallel downloads: 4
08-05 20:09:49.652 12674 13699 D downloadCompletionThd: downloadCompletionThread was started
08-05 20:09:49.656 12674 12674 D DownloadService: Notification set up
08-05 20:09:49.664   512  2967 D audio_hw_primary: enable_snd_device: snd_device(2: speaker)
08-05 20:09:49.667   512  2967 D audio_hw_primary: enable_audio_route: apply and update mixer path: low-latency-playback speaker
08-05 20:09:49.670 12674 12674 D DownloadService: Received enqueue request
08-05 20:09:49.671 12674 12674 D OnlineFeedViewActivity: onEventMainThread() called with: event = [DownloadEvent{update=DownloaderUpdate{downloaders=[baseline.de.danoeh.antennapod.core.service.download.HttpDownloader@c66911b], feedIds=[0], mediaIds=[]}}]
08-05 20:09:49.672 12674 12674 D DownloadService: 1 downloads left
08-05 20:09:49.672 12674 12674 D DownloadService: Setting up notification updater
08-05 20:09:49.684   918  6110 D WifiService: acquireWifiLockLocked: WifiLock{Downloader type=1 binder=android.os.BinderProxy@c08b57c}
08-05 20:09:49.685 12674 13703 D AntennapodHttpClient: Creating new instance of HTTP client
08-05 20:09:49.823 12674 12686 I art     : Starting a blocking GC Explicit
08-05 20:09:49.858 12674 12686 I art     : Explicit concurrent mark sweep GC freed 3662(230KB) AllocSpace objects, 3(140KB) LOS objects, 36% free, 27MB/43MB, paused 1.371ms total 34.238ms
08-05 20:09:49.870 12674 12686 I art     : Starting a blocking GC Explicit
08-05 20:09:49.901 12674 12686 I art     : Explicit concurrent mark sweep GC freed 4195(222KB) AllocSpace objects, 1(80KB) LOS objects, 36% free, 27MB/43MB, paused 1.030ms total 30.888ms
08-05 20:09:49.912 12674 12686 I art     : Starting a blocking GC Explicit
08-05 20:09:49.943 12674 12686 I art     : Explicit concurrent mark sweep GC freed 328(37KB) AllocSpace objects, 0(0B) LOS objects, 36% free, 27MB/43MB, paused 988us total 30.528ms
08-05 20:09:49.953 12674 12686 I art     : Starting a blocking GC Explicit
08-05 20:09:49.985 12674 12686 I art     : Explicit concurrent mark sweep GC freed 10(352B) AllocSpace objects, 0(0B) LOS objects, 36% free, 27MB/43MB, paused 995us total 31.205ms
08-05 20:09:49.996 12674 12686 I art     : Starting a blocking GC Explicit
08-05 20:09:50.023 12674 13703 D MYTAG   : interceptor 3a https://rss.art19.com/nice-white-parents
08-05 20:09:50.023 12674 13703 I NAPPA_EXPERIMENTATION: MetricNetworkRequestExecutionTime: REQUEST_DURATION_SYSTEM='337',REQUEST_DURATION_OKHTTP='146',REQUEST_SYNCHRONOUS='TRUE',RESPONSE_CODE='200',RESPONSE_METHOD='GET',RESPONSE_LENGTH_OKHTTP='-1',RESPONSE_LENGTH_HEADER='1803',REQUEST_PROTOCOL='h2',REQUEST_URL='https://rss.art19.com/nice-white-parents',
08-05 20:09:50.024 12674 13703 D HttpDownloader: Response code is 200
08-05 20:09:50.024 12674 13703 D UserPreferences: Using default data folder
08-05 20:09:50.029 12674 13703 D HttpDownloader: Getting size of download
08-05 20:09:50.029 12674 13703 D HttpDownloader: Size is -1
08-05 20:09:50.029 12674 13703 D UserPreferences: Using default data folder
08-05 20:09:50.029 12674 13703 D HttpDownloader: Free space is 20175192064
08-05 20:09:50.029 12674 13703 D HttpDownloader: Starting download
08-05 20:09:50.029 12674 12686 I art     : Explicit concurrent mark sweep GC freed 272(19KB) AllocSpace objects, 0(0B) LOS objects, 36% free, 27MB/43MB, paused 1.253ms total 32.748ms
08-05 20:09:50.069 12674 13703 D HttpDownloader: Download was successful
08-05 20:09:50.070   918   928 D WifiService: releaseWifiLockLocked: WifiLock{Downloader type=1 binder=android.os.BinderProxy@c08b57c}
08-05 20:09:50.070 12674 13699 D downloadCompletionThd: Received 'Download Complete' - message.
08-05 20:09:50.071 12674 13699 D DownloadService: Handling completed Feed Download
08-05 20:09:50.071 12674 12674 D DownloadService: Removing downloader: https://rss.art19.com/nice-white-parents
08-05 20:09:50.071 12674 12674 D DownloadService: Result of downloads.remove: true
08-05 20:09:50.072 12674 13700 D FeedSyncThread: Waiting for 3000 ms
08-05 20:09:50.072 12674 12674 D OnlineFeedViewActivity: onEventMainThread() called with: event = [DownloadEvent{update=DownloaderUpdate{downloaders=[], feedIds=[], mediaIds=[]}}]
08-05 20:09:50.074 12674 13717 D TypeGetter: Recognized type RSS 2.0
08-05 20:09:50.075 12674 13717 D SyndHandler: Recognized ITunes namespace
08-05 20:09:50.076 12674 13717 D SyndHandler: Recognized Atom namespace
08-05 20:09:50.076 12674 13717 D SyndHandler: Recognized Content namespace
08-05 20:09:50.081 12674 13717 D FeedSyncThread: Nice White Parents parsed
08-05 20:09:50.082 12674 13717 D FeedSyncThread: Deletion of file '/storage/emulated/0/Android/data/baseline.de.danoeh.antennapod.debug/files/cache/feed-Nice White Parents' successful
08-05 20:09:50.082 12674 13717 D DBReader: getFeedDownloadLog() called with: feed = [baseline.de.danoeh.antennapod.core.feed.Feed@0]
08-05 20:09:50.209   512  2967 D audio_hw_primary: disable_audio_route: reset and update mixer path: low-latency-playback speaker
08-05 20:09:50.210   512  2967 D audio_hw_primary: disable_snd_device: snd_device(2: speaker)
08-05 20:09:50.218   512  2967 I soundtrigger: audio_extn_sound_trigger_update_device_status: device 0x2 of type 0 for Event 0
08-05 20:09:50.339 12674 12686 I art     : Starting a blocking GC Explicit
08-05 20:09:50.375 12674 12686 I art     : Explicit concurrent mark sweep GC freed 2118(284KB) AllocSpace objects, 4(80KB) LOS objects, 36% free, 27MB/43MB, paused 980us total 35.726ms
08-05 20:09:50.388 12674 12686 I art     : Starting a blocking GC Explicit
08-05 20:09:50.420 12674 12686 I art     : Explicit concurrent mark sweep GC freed 183(9KB) AllocSpace objects, 0(0B) LOS objects, 36% free, 27MB/43MB, paused 916us total 32.199ms
08-05 20:09:50.432 12674 12686 I art     : Starting a blocking GC Explicit
08-05 20:09:50.465 12674 12686 I art     : Explicit concurrent mark sweep GC freed 3(96B) AllocSpace objects, 0(0B) LOS objects, 36% free, 27MB/43MB, paused 1.071ms total 32.649ms
08-05 20:09:50.476 12674 12686 I art     : Starting a blocking GC Explicit
08-05 20:09:50.510 12674 12686 I art     : Explicit concurrent mark sweep GC freed 6(256B) AllocSpace objects, 0(0B) LOS objects, 36% free, 27MB/43MB, paused 965us total 33.125ms
08-05 20:09:50.522 12674 12686 I art     : Starting a blocking GC Explicit
08-05 20:09:50.555 12674 12686 I art     : Explicit concurrent mark sweep GC freed 3(96B) AllocSpace objects, 0(0B) LOS objects, 36% free, 27MB/43MB, paused 959us total 33.561ms
08-05 20:09:50.599 13866 13882 I PeriodicStatsRunner: PeriodicStatsRunner.call():175 call()
08-05 20:09:50.600 13866 13882 I PeriodicStatsRunner: PeriodicStatsRunner.call():179 No submit PeriodicStats since input started.
08-05 20:09:50.661 11709 11709 I ServiceManager: Waiting for service AtCmdFwd...
08-05 20:09:50.707 13866 13882 I PeriodicStatsRunner: PeriodicStatsRunner.call():175 call()
08-05 20:09:50.707 13866 13882 I PeriodicStatsRunner: PeriodicStatsRunner.call():179 No submit PeriodicStats since input started.
08-05 20:09:50.858 12674 13232 I art     : Starting a blocking GC Explicit
08-05 20:09:50.903 12674 13232 I art     : Explicit concurrent mark sweep GC freed 1398(80KB) AllocSpace objects, 1(20KB) LOS objects, 36% free, 27MB/43MB, paused 1.028ms total 45.049ms
08-05 20:09:50.918 12674 13232 I art     : Starting a blocking GC Explicit
08-05 20:09:50.952 12674 13232 I art     : Explicit concurrent mark sweep GC freed 23(752B) AllocSpace objects, 0(0B) LOS objects, 36% free, 27MB/43MB, paused 971us total 33.450ms
08-05 20:09:50.964 12674 13232 I art     : Starting a blocking GC Explicit
08-05 20:09:50.998 12674 13232 I art     : Explicit concurrent mark sweep GC freed 3(96B) AllocSpace objects, 0(0B) LOS objects, 36% free, 27MB/43MB, paused 1.058ms total 33.692ms
08-05 20:09:51.010 12674 13232 I art     : Starting a blocking GC Explicit
08-05 20:09:51.043 12674 13232 I art     : Explicit concurrent mark sweep GC freed 3(96B) AllocSpace objects, 0(0B) LOS objects, 36% free, 27MB/43MB, paused 958us total 33.183ms
08-05 20:09:51.055 12674 13232 I art     : Starting a blocking GC Explicit
08-05 20:09:51.089 12674 13232 I art     : Explicit concurrent mark sweep GC freed 3(96B) AllocSpace objects, 0(0B) LOS objects, 36% free, 27MB/43MB, paused 976us total 33.711ms
08-05 20:09:51.404 12674 12696 I art     : Starting a blocking GC Explicit
08-05 20:09:51.445 12674 12696 I art     : Explicit concurrent mark sweep GC freed 1366(80KB) AllocSpace objects, 1(20KB) LOS objects, 36% free, 27MB/43MB, paused 1.020ms total 40.379ms
08-05 20:09:51.460 12674 12696 I art     : Starting a blocking GC Explicit
08-05 20:09:51.494 12674 12696 I art     : Explicit concurrent mark sweep GC freed 23(752B) AllocSpace objects, 0(0B) LOS objects, 36% free, 27MB/43MB, paused 975us total 33.729ms
08-05 20:09:51.506 12674 12696 I art     : Starting a blocking GC Explicit
08-05 20:09:51.543 12674 12696 I art     : Explicit concurrent mark sweep GC freed 3(96B) AllocSpace objects, 0(0B) LOS objects, 36% free, 27MB/43MB, paused 1.010ms total 36.803ms
08-05 20:09:51.555 12674 12696 I art     : Starting a blocking GC Explicit
08-05 20:09:51.574 12674 12674 D OnlineFeedViewActivity: onEventMainThread() called with: event = [DownloadEvent{update=DownloaderUpdate{downloaders=[], feedIds=[], mediaIds=[]}}]
08-05 20:09:51.591 12674 12696 I art     : Explicit concurrent mark sweep GC freed 37(2944B) AllocSpace objects, 0(0B) LOS objects, 36% free, 27MB/43MB, paused 979us total 35.367ms
08-05 20:09:51.603 12674 12696 I art     : Starting a blocking GC Explicit
08-05 20:09:51.638 12674 12696 I art     : Explicit concurrent mark sweep GC freed 5(176B) AllocSpace objects, 0(0B) LOS objects, 36% free, 27MB/43MB, paused 1.041ms total 34.808ms
08-05 20:09:51.662 11709 11709 I ServiceManager: Waiting for service AtCmdFwd...
08-05 20:09:51.945   918  1209 D NetworkMonitor/NetworkAgentInfo [WIFI () - 159]: Checking http://connectivitycheck.gstatic.com/generate_204 on "H369AA63323", 192.168.2.12=192.168.2.12
08-05 20:09:51.981 12674 12686 I art     : Starting a blocking GC Explicit
08-05 20:09:52.019 12674 12686 I art     : Explicit concurrent mark sweep GC freed 1395(80KB) AllocSpace objects, 1(20KB) LOS objects, 36% free, 27MB/43MB, paused 957us total 37.103ms
08-05 20:09:52.031 12674 12686 I art     : Starting a blocking GC Explicit
08-05 20:09:52.041   918  1209 D NetworkMonitor/NetworkAgentInfo [WIFI () - 159]: Probably not a portal: exception java.io.IOException: unexpected end of stream on Connection{connectivitycheck.gstatic.com:80, proxy=HTTP@/192.168.2.12:8080 hostAddress=192.168.2.12 cipherSuite=none protocol=http/1.1} (recycle count=0)
08-05 20:09:52.042   918  3263 D ConnectivityService: NetworkAgentInfo [WIFI () - 159] validation failed
08-05 20:09:52.043   918  3261 E WifiConfigStore:  rewrite network history for "H369AA63323"WPA_PSK
08-05 20:09:52.064 12674 12686 I art     : Explicit concurrent mark sweep GC freed 23(752B) AllocSpace objects, 0(0B) LOS objects, 36% free, 27MB/43MB, paused 974us total 33.281ms
08-05 20:09:52.076 12674 12686 I art     : Starting a blocking GC Explicit
08-05 20:09:52.112 12674 12686 I art     : Explicit concurrent mark sweep GC freed 3(96B) AllocSpace objects, 0(0B) LOS objects, 36% free, 27MB/43MB, paused 913us total 35.706ms
08-05 20:09:52.124 12674 12686 I art     : Starting a blocking GC Explicit
08-05 20:09:52.161 12674 12686 I art     : Explicit concurrent mark sweep GC freed 3(96B) AllocSpace objects, 0(0B) LOS objects, 36% free, 27MB/43MB, paused 987us total 36.696ms
08-05 20:09:52.162 12674 12685 I art     : WaitForGcToComplete blocked for 36.962ms for cause HeapTrim
08-05 20:09:52.174 12674 12686 I art     : Starting a blocking GC Explicit
08-05 20:09:52.211 12674 12686 I art     : Explicit concurrent mark sweep GC freed 3(96B) AllocSpace objects, 0(0B) LOS objects, 36% free, 27MB/43MB, paused 980us total 37.002ms
08-05 20:09:52.543 12674 13232 I art     : Starting a blocking GC Explicit
08-05 20:09:52.589 12674 13232 I art     : Explicit concurrent mark sweep GC freed 1366(80KB) AllocSpace objects, 1(20KB) LOS objects, 36% free, 27MB/43MB, paused 1.045ms total 45.727ms
08-05 20:09:52.604 12674 13232 I art     : Starting a blocking GC Explicit
08-05 20:09:52.640 12674 13232 I art     : Explicit concurrent mark sweep GC freed 23(752B) AllocSpace objects, 0(0B) LOS objects, 36% free, 27MB/43MB, paused 975us total 35.256ms
08-05 20:09:52.652 12674 13232 I art     : Starting a blocking GC Explicit
08-05 20:09:52.663 11709 11709 I ServiceManager: Waiting for service AtCmdFwd...
08-05 20:09:52.689 12674 13232 I art     : Explicit concurrent mark sweep GC freed 3(96B) AllocSpace objects, 0(0B) LOS objects, 36% free, 27MB/43MB, paused 968us total 36.493ms
08-05 20:09:52.701 12674 13232 I art     : Starting a blocking GC Explicit
08-05 20:09:52.736 12674 13232 I art     : Explicit concurrent mark sweep GC freed 3(96B) AllocSpace objects, 0(0B) LOS objects, 36% free, 27MB/43MB, paused 996us total 34.943ms
08-05 20:09:52.749 12674 13232 I art     : Starting a blocking GC Explicit
08-05 20:09:52.785 12674 13232 I art     : Explicit concurrent mark sweep GC freed 32(880B) AllocSpace objects, 0(0B) LOS objects, 36% free, 27MB/43MB, paused 989us total 36.245ms
08-05 20:09:53.072 12674 13700 D FeedSyncThread: Bundling 1 feeds
08-05 20:09:53.074 12674 13779 D DBReader: Extracting Feedlist
08-05 20:09:53.076 12674 13779 D DBTasks : Found no existing Feed with title Nice White Parents. Adding as new one.
08-05 20:09:53.076 12674 12674 D OnlineFeedViewActivity: onEventMainThread() called with: event = [DownloadEvent{update=DownloaderUpdate{downloaders=[], feedIds=[], mediaIds=[]}}]
08-05 20:09:53.079 12674 13780 D PodDBAdapter: Setting feed with flattr status Nice White Parents: 0
08-05 20:09:53.079 12674 13780 D baseline.de.danoeh.antennapod.core.storage.PodDBAdapter@c6ea0d0: Inserting new Feed into db
08-05 20:09:53.106 12674 12674 D EventDistributor: Processing event queue. Number of events: 1
08-05 20:09:53.106 12674 12674 D EventDistributor: Notifying observers. Data: 1
08-05 20:09:53.107 12674 12674 D DownloadService: 0 downloads left
08-05 20:09:53.107 12674 13221 D DBReader: Extracting Feedlist
08-05 20:09:53.107 12674 12674 D DownloadService: Number of downloads is 0, attempting shutdown
08-05 20:09:53.109 12674 12674 D DownloadService: Service shutting down
08-05 20:09:53.109 12674 12674 D DownloadService: No report is created
08-05 20:09:53.109 12674 12674 D OnlineFeedViewActivity: onEventMainThread() called with: event = [DownloadEvent{update=DownloaderUpdate{downloaders=[], feedIds=[], mediaIds=[]}}]
08-05 20:09:53.111 12674 12674 D DownloadService: NotificationUpdater cancelled. Result: false
08-05 20:09:53.112 12674 13699 E downloadCompletionThd: DownloadCompletionThread was interrupted
08-05 20:09:53.113 12674 12674 D DBTasks : autodownloadUndownloadedItems
08-05 20:09:53.115 12674 13781 D NetworkUtils: Device is connected to Wi-Fi
08-05 20:09:53.116 12674 13781 D NetworkUtils: Auto-dl filter is disabled
08-05 20:09:53.135 12674 13232 I art     : Starting a blocking GC Explicit
08-05 20:09:53.168 12674 13232 I art     : Explicit concurrent mark sweep GC freed 1921(137KB) AllocSpace objects, 2(40KB) LOS objects, 36% free, 27MB/43MB, paused 1.090ms total 33.111ms
08-05 20:09:53.180 12674 13232 I art     : Starting a blocking GC Explicit
08-05 20:09:53.214 12674 13232 I art     : Explicit concurrent mark sweep GC freed 144(6KB) AllocSpace objects, 0(0B) LOS objects, 36% free, 27MB/43MB, paused 960us total 33.537ms
08-05 20:09:53.226 12674 13232 I art     : Starting a blocking GC Explicit
08-05 20:09:53.260 12674 13232 I art     : Explicit concurrent mark sweep GC freed 3(96B) AllocSpace objects, 0(0B) LOS objects, 36% free, 27MB/43MB, paused 981us total 33.810ms
08-05 20:09:53.272 12674 13232 I art     : Starting a blocking GC Explicit
08-05 20:09:53.308 12674 13232 I art     : Explicit concurrent mark sweep GC freed 3(96B) AllocSpace objects, 0(0B) LOS objects, 36% free, 27MB/43MB, paused 1.076ms total 36.363ms
08-05 20:09:53.320 12674 13232 I art     : Starting a blocking GC Explicit
08-05 20:09:53.355 12674 13232 I art     : Explicit concurrent mark sweep GC freed 3(96B) AllocSpace objects, 0(0B) LOS objects, 36% free, 27MB/43MB, paused 1.005ms total 34.716ms
08-05 20:09:53.663 11709 11709 I ServiceManager: Waiting for service AtCmdFwd...
08-05 20:09:53.691 12674 12687 I art     : Starting a blocking GC Explicit
08-05 20:09:53.731 12674 12687 I art     : Explicit concurrent mark sweep GC freed 1368(80KB) AllocSpace objects, 1(20KB) LOS objects, 36% free, 27MB/43MB, paused 1.001ms total 39.071ms
08-05 20:09:53.743 12674 12687 I art     : Starting a blocking GC Explicit
08-05 20:09:53.777 12674 12687 I art     : Explicit concurrent mark sweep GC freed 23(752B) AllocSpace objects, 0(0B) LOS objects, 36% free, 27MB/43MB, paused 976us total 33.800ms
08-05 20:09:53.789 12674 12687 I art     : Starting a blocking GC Explicit
08-05 20:09:53.826 12674 12687 I art     : Explicit concurrent mark sweep GC freed 32(880B) AllocSpace objects, 0(0B) LOS objects, 36% free, 27MB/43MB, paused 987us total 36.350ms
08-05 20:09:53.838 12674 12687 I art     : Starting a blocking GC Explicit
08-05 20:09:53.873 12674 12687 I art     : Explicit concurrent mark sweep GC freed 3(96B) AllocSpace objects, 0(0B) LOS objects, 36% free, 27MB/43MB, paused 962us total 34.660ms
08-05 20:09:53.885 12674 12687 I art     : Starting a blocking GC Explicit
08-05 20:09:53.917 12674 12687 I art     : Explicit concurrent mark sweep GC freed 3(96B) AllocSpace objects, 0(0B) LOS objects, 36% free, 27MB/43MB, paused 1.126ms total 31.987ms
08-05 20:09:54.239 12674 12696 I art     : Starting a blocking GC Explicit
08-05 20:09:54.281 12674 12696 I art     : Explicit concurrent mark sweep GC freed 1367(82KB) AllocSpace objects, 1(20KB) LOS objects, 36% free, 27MB/43MB, paused 1.090ms total 41.342ms
08-05 20:09:54.295 12674 12696 I art     : Starting a blocking GC Explicit
08-05 20:09:54.330 12674 12696 I art     : Explicit concurrent mark sweep GC freed 23(752B) AllocSpace objects, 0(0B) LOS objects, 36% free, 27MB/43MB, paused 1.050ms total 34.247ms
08-05 20:09:54.342 12674 12696 I art     : Starting a blocking GC Explicit
08-05 20:09:54.376 12674 12696 I art     : Explicit concurrent mark sweep GC freed 3(96B) AllocSpace objects, 0(0B) LOS objects, 36% free, 27MB/43MB, paused 1.027ms total 34.259ms
08-05 20:09:54.388 12674 12696 I art     : Starting a blocking GC Explicit
08-05 20:09:54.419 13792 13792 D AndroidRuntime: >>>>>> START com.android.internal.os.RuntimeInit uid 2000 <<<<<<
08-05 20:09:54.423 12674 12696 I art     : Explicit concurrent mark sweep GC freed 3(96B) AllocSpace objects, 0(0B) LOS objects, 36% free, 27MB/43MB, paused 1.070ms total 35.070ms
08-05 20:09:54.425 13792 13792 D AndroidRuntime: CheckJNI is OFF
08-05 20:09:54.435 12674 12696 I art     : Starting a blocking GC Explicit
08-05 20:09:54.469 12674 12696 I art     : Explicit concurrent mark sweep GC freed 3(96B) AllocSpace objects, 0(0B) LOS objects, 36% free, 27MB/43MB, paused 1.122ms total 33.474ms
08-05 20:09:54.471 13792 13792 D ICU     : No timezone override file found: /data/misc/zoneinfo/current/icu/icu_tzdata.dat
08-05 20:09:54.516 13792 13792 I Radio-JNI: register_android_hardware_Radio DONE
08-05 20:09:54.547 13792 13792 D AndroidRuntime: Calling main entry com.android.commands.input.Input
08-05 20:09:54.549 13792 13792 I Input   : injectKeyEvent: KeyEvent { action=ACTION_DOWN, keyCode=KEYCODE_BACK, scanCode=0, metaState=0, flags=0x0, repeatCount=0, eventTime=821410961, downTime=821410961, deviceId=-1, source=0x101 }
08-05 20:09:54.556 13792 13792 I Input   : injectKeyEvent: KeyEvent { action=ACTION_UP, keyCode=KEYCODE_BACK, scanCode=0, metaState=0, flags=0x0, repeatCount=0, eventTime=821410961, downTime=821410961, deviceId=-1, source=0x101 }
08-05 20:09:54.563 13792 13792 D AndroidRuntime: Shutting down VM
08-05 20:09:54.570 12674 12674 V PlaybackController: initServiceNotRunning()
08-05 20:09:54.570 12674 12674 D ExternalPlayerFragment: Loading media info
08-05 20:09:54.573 12674 12674 D UserPreferences: Using default data folder
08-05 20:09:54.573 12674 13221 D DBReader: getNavDrawerData() called with: 
08-05 20:09:54.578 12674 13221 D DBReader: getDownloadedItems() called
08-05 20:09:54.579 12674 13221 D DBReader: getFavoriteIDList() called
08-05 20:09:54.580 12674 13221 D DBReader: getQueueIDList() called
08-05 20:09:54.580 12674 13221 D DBReader: Extracting Feedlist
08-05 20:09:54.610 12674 12674 D MainActivity: getLastNavFragment() -> AddFeedFragment
08-05 20:09:54.612 13866 13866 I GoogleInputMethodServic: GoogleInputMethodService.onFinishInput():3138 
08-05 20:09:54.613 13866 13866 I GoogleInputMethodServic: GoogleInputMethodService.onStartInput():1808 
08-05 20:09:54.631 12674 13623 D ApOkHttpUrlLoader: buildLoadData() called with: model = [https://content.production.cdn.art19.com/images/89/e0/88/44/89e08844-ac28-4fc0-96fa-15a41fec2014/262c12ed699a8d9720dea0bd66449d998e4a08cf18095bed170ccaa76722045fa5dbf7a366918b2db7e3acf29ad22f6b99fd659a9409cb807bf2781d968932f8.jpeg], width = [140], height = [140]
08-05 20:09:54.664 11709 11709 I ServiceManager: Waiting for service AtCmdFwd...
08-05 20:09:54.753 12674 12686 I art     : Starting a blocking GC Explicit
08-05 20:09:54.798 12674 12686 I art     : Explicit concurrent mark sweep GC freed 2489(179KB) AllocSpace objects, 1(20KB) LOS objects, 36% free, 27MB/43MB, paused 1.695ms total 43.807ms
08-05 20:09:54.811 12674 12686 I art     : Starting a blocking GC Explicit
08-05 20:09:54.845 12674 12686 I art     : Explicit concurrent mark sweep GC freed 672(43KB) AllocSpace objects, 0(0B) LOS objects, 36% free, 27MB/43MB, paused 1.365ms total 32.779ms
08-05 20:09:54.858 12674 12686 I art     : Starting a blocking GC Explicit
08-05 20:09:54.889 12674 12686 I art     : Explicit concurrent mark sweep GC freed 53(1872B) AllocSpace objects, 0(0B) LOS objects, 36% free, 27MB/43MB, paused 945us total 31.043ms
08-05 20:09:54.902 12674 12686 I art     : Starting a blocking GC Explicit
08-05 20:09:54.937 12674 12686 I art     : Explicit concurrent mark sweep GC freed 7(320B) AllocSpace objects, 0(0B) LOS objects, 36% free, 27MB/43MB, paused 1.056ms total 35.079ms
08-05 20:09:54.949 12674 12686 I art     : Starting a blocking GC Explicit
08-05 20:09:54.949   380   380 W SurfaceFlinger: couldn't log to binary event log: overflow.
08-05 20:09:54.981 12674 12686 I art     : Explicit concurrent mark sweep GC freed 632(26KB) AllocSpace objects, 0(0B) LOS objects, 36% free, 27MB/43MB, paused 942us total 31.458ms
08-05 20:09:55.272 12674 13232 I art     : Starting a blocking GC Explicit
08-05 20:09:55.317 12674 13232 I art     : Explicit concurrent mark sweep GC freed 1516(87KB) AllocSpace objects, 1(20KB) LOS objects, 36% free, 27MB/43MB, paused 1.086ms total 44.748ms
08-05 20:09:55.332 12674 13232 I art     : Starting a blocking GC Explicit
08-05 20:09:55.365 12674 13232 I art     : Explicit concurrent mark sweep GC freed 2345(145KB) AllocSpace objects, 2(248KB) LOS objects, 36% free, 27MB/43MB, paused 1.034ms total 33.133ms
08-05 20:09:55.377 12674 13232 I art     : Starting a blocking GC Explicit
08-05 20:09:55.411 12674 13232 I art     : Explicit concurrent mark sweep GC freed 3(96B) AllocSpace objects, 0(0B) LOS objects, 36% free, 27MB/43MB, paused 996us total 33.062ms
08-05 20:09:55.422 12674 13232 I art     : Starting a blocking GC Explicit
08-05 20:09:55.456 12674 13232 I art     : Explicit concurrent mark sweep GC freed 3(96B) AllocSpace objects, 0(0B) LOS objects, 36% free, 27MB/43MB, paused 984us total 33.135ms
08-05 20:09:55.468 12674 13232 I art     : Starting a blocking GC Explicit
08-05 20:09:55.501 12674 13232 I art     : Explicit concurrent mark sweep GC freed 3(96B) AllocSpace objects, 0(0B) LOS objects, 36% free, 27MB/43MB, paused 988us total 32.958ms
08-05 20:09:55.665 11709 11709 W Atfwd_Sendcmd: AtCmdFwd service not published, waiting... retryCnt : 2
08-05 20:09:55.811 12674 12687 I art     : Starting a blocking GC Explicit
08-05 20:09:55.846 12674 12687 I art     : Explicit concurrent mark sweep GC freed 1398(83KB) AllocSpace objects, 1(20KB) LOS objects, 36% free, 27MB/43MB, paused 1.049ms total 34.503ms
08-05 20:09:55.857 12674 12687 I art     : Starting a blocking GC Explicit
08-05 20:09:55.889 12674 12687 I art     : Explicit concurrent mark sweep GC freed 23(752B) AllocSpace objects, 0(0B) LOS objects, 36% free, 27MB/43MB, paused 1.004ms total 31.742ms
08-05 20:09:55.900 12674 12687 I art     : Starting a blocking GC Explicit
08-05 20:09:55.932 12674 12687 I art     : Explicit concurrent mark sweep GC freed 3(96B) AllocSpace objects, 0(0B) LOS objects, 36% free, 27MB/43MB, paused 1.010ms total 31.130ms
08-05 20:09:55.943 12674 12687 I art     : Starting a blocking GC Explicit
08-05 20:09:55.975 12674 12687 I art     : Explicit concurrent mark sweep GC freed 3(96B) AllocSpace objects, 0(0B) LOS objects, 36% free, 27MB/43MB, paused 1.019ms total 31.671ms
08-05 20:09:55.987 12674 12687 I art     : Starting a blocking GC Explicit
08-05 20:09:56.019 12674 12687 I art     : Explicit concurrent mark sweep GC freed 3(96B) AllocSpace objects, 0(0B) LOS objects, 36% free, 27MB/43MB, paused 1.036ms total 31.842ms
08-05 20:09:56.326 12674 13232 I art     : Starting a blocking GC Explicit
08-05 20:09:56.351 13847 13847 D AndroidRuntime: >>>>>> START com.android.internal.os.RuntimeInit uid 2000 <<<<<<
08-05 20:09:56.358 13847 13847 D AndroidRuntime: CheckJNI is OFF
08-05 20:09:56.364 12674 13232 I art     : Explicit concurrent mark sweep GC freed 1386(81KB) AllocSpace objects, 1(20KB) LOS objects, 36% free, 27MB/43MB, paused 1.011ms total 37.016ms
08-05 20:09:56.377 12674 13232 I art     : Starting a blocking GC Explicit
08-05 20:09:56.405 13847 13847 D ICU     : No timezone override file found: /data/misc/zoneinfo/current/icu/icu_tzdata.dat
08-05 20:09:56.408 12674 13232 I art     : Explicit concurrent mark sweep GC freed 29(944B) AllocSpace objects, 0(0B) LOS objects, 36% free, 27MB/43MB, paused 1.146ms total 30.651ms
08-05 20:09:56.419 12674 13232 I art     : Starting a blocking GC Explicit
08-05 20:09:56.447 13847 13847 I Radio-JNI: register_android_hardware_Radio DONE
08-05 20:09:56.449 12674 13232 I art     : Explicit concurrent mark sweep GC freed 6(192B) AllocSpace objects, 0(0B) LOS objects, 36% free, 27MB/43MB, paused 1.070ms total 29.568ms
08-05 20:09:56.460 12674 13232 I art     : Starting a blocking GC Explicit
08-05 20:09:56.477 13847 13847 D AndroidRuntime: Calling main entry com.android.commands.input.Input
08-05 20:09:56.479 13847 13847 I Input   : injectMotionEvent: MotionEvent { action=ACTION_DOWN, actionButton=0, id[0]=0, x[0]=639.0, y[0]=762.0, toolType[0]=TOOL_TYPE_UNKNOWN, buttonState=0, metaState=0, flags=0x0, edgeFlags=0x0, pointerCount=1, historySize=0, eventTime=821412891, downTime=821412891, deviceId=0, source=0x1002 }
08-05 20:09:56.484 13847 13847 I Input   : injectMotionEvent: MotionEvent { action=ACTION_UP, actionButton=0, id[0]=0, x[0]=639.0, y[0]=762.0, toolType[0]=TOOL_TYPE_UNKNOWN, buttonState=0, metaState=0, flags=0x0, edgeFlags=0x0, pointerCount=1, historySize=0, eventTime=821412891, downTime=821412891, deviceId=0, source=0x1002 }
08-05 20:09:56.487 13847 13847 D AndroidRuntime: Shutting down VM
08-05 20:09:56.490 12674 13232 I art     : Explicit concurrent mark sweep GC freed 19(576B) AllocSpace objects, 0(0B) LOS objects, 36% free, 27MB/43MB, paused 978us total 30.174ms
08-05 20:09:56.501 12674 13232 I art     : Starting a blocking GC Explicit
08-05 20:09:56.531 12674 13232 I art     : Explicit concurrent mark sweep GC freed 12(512B) AllocSpace objects, 0(0B) LOS objects, 36% free, 27MB/43MB, paused 978us total 29.588ms
08-05 20:09:56.553   512  2967 D audio_hw_primary: out_set_parameters: enter: usecase(1: low-latency-playback) kvpairs: routing=2
08-05 20:09:56.557 13866 13866 I GoogleInputMethodServic: GoogleInputMethodService.onFinishInput():3138 
08-05 20:09:56.558 13866 13866 I GoogleInputMethodServic: GoogleInputMethodService.onStartInput():1808 
08-05 20:09:56.565   512  2967 D audio_hw_primary: select_devices: out_snd_device(2: speaker) in_snd_device(0: none)
08-05 20:09:56.566   512  2967 D msm8974_platform: platform_send_audio_calibration: sending audio calibration for snd_device(2) acdb_id(15)
08-05 20:09:56.566   512  2967 I soundtrigger: audio_extn_sound_trigger_update_device_status: device 0x2 of type 0 for Event 1
08-05 20:09:56.578   512  2967 D audio_hw_primary: enable_snd_device: snd_device(2: speaker)
08-05 20:09:56.580   512  2967 D audio_hw_primary: enable_audio_route: apply and update mixer path: low-latency-playback speaker
08-05 20:09:56.762 12674 13220 I NAPPA_EXPERIMENTATION: MetricNetworkRequestExecutionTime: REQUEST_DURATION_SYSTEM='211',REQUEST_DURATION_OKHTTP='210',REQUEST_SYNCHRONOUS='TRUE',RESPONSE_CODE='200',RESPONSE_METHOD='GET',RESPONSE_LENGTH_OKHTTP='-1',RESPONSE_LENGTH_HEADER='622',REQUEST_PROTOCOL='h2',REQUEST_URL='https://itunes.apple.com/lookup?id=360084272',
08-05 20:09:56.787   918  3359 I ActivityManager: START u0 {cmp=baseline.de.danoeh.antennapod.debug/baseline.de.danoeh.antennapod.activity.OnlineFeedViewActivity (has extras)} from uid 10695 on display 0
08-05 20:09:56.810 13866 13866 I GoogleInputMethodServic: GoogleInputMethodService.onFinishInput():3138 
08-05 20:09:56.810 13866 13866 I GoogleInputMethodServic: GoogleInputMethodService.onStartInput():1808 
08-05 20:09:56.820 12674 13826 I art     : Starting a blocking GC Explicit
08-05 20:09:56.839 12674 12674 D UserPreferences: Using default data folder
08-05 20:09:56.840 12674 12674 D OnlineFeedViewActivity: Activity was started with url http://joeroganexp.joerogan.libsynpro.com/rss
08-05 20:09:56.843 12674 12674 D OnlineFeedViewActivity: Starting feed download
08-05 20:09:56.847 12674 12694 D DBReader: Extracting Feedlist
08-05 20:09:56.849   918   928 D WifiService: acquireWifiLockLocked: WifiLock{Downloader type=1 binder=android.os.BinderProxy@ae0f75f}
08-05 20:09:56.850 12674 12694 D AntennapodHttpClient: Creating new instance of HTTP client
08-05 20:09:56.859 12674 13826 I art     : Explicit concurrent mark sweep GC freed 3300(215KB) AllocSpace objects, 1(20KB) LOS objects, 36% free, 27MB/43MB, paused 3.227ms total 38.023ms
08-05 20:09:56.870 12674 13826 I art     : Starting a blocking GC Explicit
08-05 20:09:56.892 13866 13866 I GoogleInputMethodServic: GoogleInputMethodService.onFinishInput():3138 
08-05 20:09:56.893 13866 13866 I GoogleInputMethodServic: GoogleInputMethodService.onStartInput():1808 
08-05 20:09:56.896 12674 12694 D MYTAG   : interceptor 3a http://joeroganexp.joerogan.libsynpro.com/rss
08-05 20:09:56.897 12674 12694 I NAPPA_EXPERIMENTATION: MetricNetworkRequestExecutionTime: REQUEST_DURATION_SYSTEM='46',REQUEST_DURATION_OKHTTP='37',REQUEST_SYNCHRONOUS='TRUE',RESPONSE_CODE='200',RESPONSE_METHOD='GET',RESPONSE_LENGTH_OKHTTP='-1',RESPONSE_LENGTH_HEADER='307892',REQUEST_PROTOCOL='http/1.1',REQUEST_URL='http://joeroganexp.joerogan.libsynpro.com/rss',
08-05 20:09:56.897 12674 12694 D HttpDownloader: Response code is 200
08-05 20:09:56.897 12674 12694 D UserPreferences: Using default data folder
08-05 20:09:56.900 12674 12694 D HttpDownloader: Getting size of download
08-05 20:09:56.900 12674 12694 D HttpDownloader: Size is -1
08-05 20:09:56.900 12674 12694 D UserPreferences: Using default data folder
08-05 20:09:56.900 12674 13826 I art     : Explicit concurrent mark sweep GC freed 605(35KB) AllocSpace objects, 0(0B) LOS objects, 36% free, 27MB/43MB, paused 1.195ms total 30.605ms
08-05 20:09:56.901 12674 12694 D HttpDownloader: Free space is 20175142912
08-05 20:09:56.901 12674 12694 D HttpDownloader: Starting download
08-05 20:09:56.913 12674 13826 I art     : Starting a blocking GC Explicit
08-05 20:09:56.926   918   936 I ActivityManager: Displayed baseline.de.danoeh.antennapod.debug/baseline.de.danoeh.antennapod.activity.OnlineFeedViewActivity: +116ms
08-05 20:09:56.946 12674 13826 I art     : Explicit concurrent mark sweep GC freed 186(8KB) AllocSpace objects, 0(0B) LOS objects, 36% free, 27MB/43MB, paused 1.206ms total 33.216ms
08-05 20:09:56.960 12674 13826 I art     : Starting a blocking GC Explicit
08-05 20:09:56.990 12674 13826 I art     : Explicit concurrent mark sweep GC freed 25(1280B) AllocSpace objects, 0(0B) LOS objects, 36% free, 27MB/43MB, paused 1.036ms total 29.004ms
08-05 20:09:57.000 12674 13826 I art     : Starting a blocking GC Explicit
08-05 20:09:57.029 12674 13826 I art     : Explicit concurrent mark sweep GC freed 6(272B) AllocSpace objects, 0(0B) LOS objects, 36% free, 27MB/43MB, paused 1ms total 28.914ms
08-05 20:09:57.035 12674 12694 D HttpDownloader: Download was successful
08-05 20:09:57.036   918  6110 D WifiService: releaseWifiLockLocked: WifiLock{Downloader type=1 binder=android.os.BinderProxy@ae0f75f}
08-05 20:09:57.036 12674 12674 D OnlineFeedViewActivity: Parsing feed
08-05 20:09:57.040 12674 13894 D TypeGetter: Recognized type RSS 2.0
08-05 20:09:57.042 12674 13894 D SyndHandler: Recognized Atom namespace
08-05 20:09:57.042 12674 13894 D SyndHandler: Recognized ITunes namespace
08-05 20:09:57.043 12674 13894 D SyndHandler: Recognized media namespace
08-05 20:09:57.043 12674 13894 D SyndHandler: Recognized Content namespace
08-05 20:09:57.123   512  2967 D audio_hw_primary: disable_audio_route: reset and update mixer path: low-latency-playback speaker
08-05 20:09:57.125   512  2967 D audio_hw_primary: disable_snd_device: snd_device(2: speaker)
08-05 20:09:57.133   512  2967 I soundtrigger: audio_extn_sound_trigger_update_device_status: device 0x2 of type 0 for Event 0
08-05 20:09:57.186   380   380 W SurfaceFlinger: couldn't log to binary event log: overflow.
08-05 20:09:57.306 12674 12674 D PlaybackController: Releasing PlaybackController
08-05 20:09:57.330 12674 12686 I art     : Starting a blocking GC Explicit
08-05 20:09:57.368 12674 12686 I art     : Explicit concurrent mark sweep GC freed 17847(1104KB) AllocSpace objects, 4(80KB) LOS objects, 36% free, 28MB/44MB, paused 1.382ms total 38.157ms
08-05 20:09:57.381 12674 12686 I art     : Starting a blocking GC Explicit
08-05 20:09:57.415 12674 12686 I art     : Explicit concurrent mark sweep GC freed 6182(300KB) AllocSpace objects, 0(0B) LOS objects, 36% free, 28MB/44MB, paused 1.363ms total 34.411ms
08-05 20:09:57.427 12674 12686 I art     : Starting a blocking GC Explicit
08-05 20:09:57.460 12674 12686 I art     : Explicit concurrent mark sweep GC freed 3685(186KB) AllocSpace objects, 0(0B) LOS objects, 36% free, 28MB/44MB, paused 1.319ms total 32.892ms
08-05 20:09:57.471 12674 12686 I art     : Starting a blocking GC Explicit
08-05 20:09:57.505 12674 12686 I art     : Explicit concurrent mark sweep GC freed 2613(132KB) AllocSpace objects, 0(0B) LOS objects, 36% free, 28MB/44MB, paused 1.356ms total 33.152ms
08-05 20:09:57.516 12674 12686 I art     : Starting a blocking GC Explicit
08-05 20:09:57.550 12674 12686 I art     : Explicit concurrent mark sweep GC freed 2626(130KB) AllocSpace objects, 0(0B) LOS objects, 36% free, 28MB/44MB, paused 1.367ms total 33.174ms
08-05 20:09:57.836 12674 13232 I art     : Starting a blocking GC Explicit
08-05 20:09:57.878 12674 13232 I art     : Explicit concurrent mark sweep GC freed 18539(989KB) AllocSpace objects, 1(20KB) LOS objects, 35% free, 28MB/44MB, paused 1.348ms total 42.320ms
08-05 20:09:57.891 12674 13232 I art     : Starting a blocking GC Explicit
08-05 20:09:57.926 12674 13232 I art     : Explicit concurrent mark sweep GC freed 7001(329KB) AllocSpace objects, 0(0B) LOS objects, 35% free, 28MB/44MB, paused 1.330ms total 34.006ms
08-05 20:09:57.938 12674 13232 I art     : Starting a blocking GC Explicit
08-05 20:09:57.972 12674 13232 I art     : Explicit concurrent mark sweep GC freed 3107(155KB) AllocSpace objects, 0(0B) LOS objects, 35% free, 28MB/44MB, paused 1.319ms total 33.894ms
08-05 20:09:57.984 12674 13232 I art     : Starting a blocking GC Explicit
08-05 20:09:58.018 12674 13232 I art     : Explicit concurrent mark sweep GC freed 2844(147KB) AllocSpace objects, 0(0B) LOS objects, 35% free, 28MB/44MB, paused 1.428ms total 34.410ms
08-05 20:09:58.030 12674 13232 I art     : Starting a blocking GC Explicit
08-05 20:09:58.066 12674 13232 I art     : Explicit concurrent mark sweep GC freed 2766(136KB) AllocSpace objects, 0(0B) LOS objects, 35% free, 28MB/44MB, paused 1.416ms total 35.724ms
08-05 20:09:58.399 12674 12687 I art     : Starting a blocking GC Explicit
08-05 20:09:58.446 12674 12687 I art     : Explicit concurrent mark sweep GC freed 21166(1157KB) AllocSpace objects, 1(20KB) LOS objects, 35% free, 29MB/45MB, paused 1.456ms total 46.654ms
08-05 20:09:58.460 12674 12687 I art     : Starting a blocking GC Explicit
08-05 20:09:58.501 12674 12687 I art     : Explicit concurrent mark sweep GC freed 3838(190KB) AllocSpace objects, 0(0B) LOS objects, 35% free, 29MB/45MB, paused 1.550ms total 40.577ms
08-05 20:09:58.513 12674 12687 I art     : Starting a blocking GC Explicit
08-05 20:09:58.550 12674 12687 I art     : Explicit concurrent mark sweep GC freed 7738(360KB) AllocSpace objects, 0(0B) LOS objects, 35% free, 29MB/45MB, paused 1.375ms total 36.776ms
08-05 20:09:58.563 12674 12687 I art     : Starting a blocking GC Explicit
08-05 20:09:58.600 12674 12687 I art     : Explicit concurrent mark sweep GC freed 2964(160KB) AllocSpace objects, 0(0B) LOS objects, 35% free, 29MB/45MB, paused 1.521ms total 37.025ms
08-05 20:09:58.612 12674 12687 I art     : Starting a blocking GC Explicit
08-05 20:09:58.651 12674 12687 I art     : Explicit concurrent mark sweep GC freed 2986(156KB) AllocSpace objects, 0(0B) LOS objects, 35% free, 29MB/45MB, paused 1.492ms total 38.204ms
08-05 20:09:58.983 12674 12696 I art     : Starting a blocking GC Explicit
08-05 20:09:59.031 12674 12696 I art     : Explicit concurrent mark sweep GC freed 21210(1166KB) AllocSpace objects, 1(20KB) LOS objects, 34% free, 29MB/45MB, paused 1.496ms total 47.904ms
08-05 20:09:59.046 12674 12696 I art     : Starting a blocking GC Explicit
08-05 20:09:59.088 12674 12696 I art     : Explicit concurrent mark sweep GC freed 3276(179KB) AllocSpace objects, 0(0B) LOS objects, 34% free, 30MB/46MB, paused 1.769ms total 41.917ms
08-05 20:09:59.101 12674 12696 I art     : Starting a blocking GC Explicit
08-05 20:09:59.140 12674 12696 I art     : Explicit concurrent mark sweep GC freed 8593(419KB) AllocSpace objects, 0(0B) LOS objects, 34% free, 29MB/45MB, paused 1.537ms total 38.887ms
08-05 20:09:59.153 12674 12696 I art     : Starting a blocking GC Explicit
08-05 20:09:59.192 12674 12696 I art     : Explicit concurrent mark sweep GC freed 3120(166KB) AllocSpace objects, 0(0B) LOS objects, 34% free, 29MB/45MB, paused 1.311ms total 38.535ms
08-05 20:09:59.205 12674 12696 I art     : Starting a blocking GC Explicit
08-05 20:09:59.245 12674 12696 I art     : Explicit concurrent mark sweep GC freed 3076(160KB) AllocSpace objects, 0(0B) LOS objects, 34% free, 29MB/45MB, paused 1.381ms total 39.442ms
08-05 20:09:59.557 12674 12686 I art     : Starting a blocking GC Explicit
08-05 20:09:59.606 12674 12686 I art     : Explicit concurrent mark sweep GC freed 20237(1077KB) AllocSpace objects, 1(20KB) LOS objects, 34% free, 30MB/46MB, paused 1.633ms total 48.564ms
08-05 20:09:59.612 13866 13882 I PeriodicStatsRunner: PeriodicStatsRunner.call():175 call()
08-05 20:09:59.613 13866 13882 I PeriodicStatsRunner: PeriodicStatsRunner.call():179 No submit PeriodicStats since input started.
08-05 20:09:59.621 12674 12686 I art     : Starting a blocking GC Explicit
08-05 20:09:59.664 12674 12686 I art     : Explicit concurrent mark sweep GC freed 6700(337KB) AllocSpace objects, 0(0B) LOS objects, 34% free, 30MB/46MB, paused 2.316ms total 42.988ms
08-05 20:09:59.677 12674 12686 I art     : Starting a blocking GC Explicit
08-05 20:09:59.718 12674 12686 I art     : Explicit concurrent mark sweep GC freed 5425(309KB) AllocSpace objects, 0(0B) LOS objects, 34% free, 30MB/46MB, paused 1.433ms total 40.051ms
08-05 20:09:59.731 12674 12686 I art     : Starting a blocking GC Explicit
08-05 20:09:59.773 12674 12686 I art     : Explicit concurrent mark sweep GC freed 3268(159KB) AllocSpace objects, 0(0B) LOS objects, 34% free, 30MB/46MB, paused 1.336ms total 41.620ms
08-05 20:09:59.786 12674 12686 I art     : Starting a blocking GC Explicit
08-05 20:09:59.829 12674 12686 I art     : Explicit concurrent mark sweep GC freed 3420(144KB) AllocSpace objects, 0(0B) LOS objects, 34% free, 30MB/46MB, paused 1.608ms total 42.383ms
08-05 20:10:00.153 12674 12687 I art     : Starting a blocking GC Explicit
08-05 20:10:00.206 12674 12687 I art     : Explicit concurrent mark sweep GC freed 21187(940KB) AllocSpace objects, 1(20KB) LOS objects, 34% free, 31MB/47MB, paused 1.600ms total 52.347ms
08-05 20:10:00.221 12674 12687 I art     : Starting a blocking GC Explicit
08-05 20:10:00.264 12674 12687 I art     : Explicit concurrent mark sweep GC freed 6558(303KB) AllocSpace objects, 0(0B) LOS objects, 34% free, 30MB/46MB, paused 1.604ms total 42.380ms
08-05 20:10:00.277 12674 12687 I art     : Starting a blocking GC Explicit
08-05 20:10:00.308 12674 13894 D OnlineFeedViewActivity: Deleted feed source file. Result: true
08-05 20:10:00.318 12674 12687 I art     : Explicit concurrent mark sweep GC freed 5387(253KB) AllocSpace objects, 0(0B) LOS objects, 34% free, 30MB/46MB, paused 1.111ms total 40.163ms
08-05 20:10:00.323 12674 12674 D OnlineFeedViewActivity: Removing HTML from shownotes
08-05 20:10:00.331 12674 12687 I art     : Starting a blocking GC Explicit
08-05 20:10:00.377 12674 12687 I art     : Explicit concurrent mark sweep GC freed 32208(2MB) AllocSpace objects, 140(9MB) LOS objects, 33% free, 31MB/47MB, paused 1.322ms total 46.132ms
08-05 20:10:00.392 12674 12687 I art     : Starting a blocking GC Explicit
08-05 20:10:00.445 12674 12687 I art     : Explicit concurrent mark sweep GC freed 43651(3MB) AllocSpace objects, 189(12MB) LOS objects, 33% free, 32MB/48MB, paused 1.486ms total 52.995ms
08-05 20:10:00.763 12674 12686 I art     : Waiting for a blocking GC Explicit
08-05 20:10:00.774 12674 12686 I art     : WaitForGcToComplete blocked for 10.265ms for cause Explicit
08-05 20:10:00.774 12674 12686 I art     : Starting a blocking GC Explicit
08-05 20:10:00.831 12674 12686 I art     : Explicit concurrent mark sweep GC freed 39848(4MB) AllocSpace objects, 253(16MB) LOS objects, 31% free, 34MB/50MB, paused 1.460ms total 56.586ms
08-05 20:10:00.845 12674 12686 I art     : Starting a blocking GC Explicit
08-05 20:10:00.866 12674 13623 D ApOkHttpUrlLoader: buildLoadData() called with: model = [http://static.libsyn.com/p/assets/7/1/f/3/71f3014e14ef2722/JREiTunesImage2.jpg], width = [350], height = [350]
08-05 20:10:00.866 12674 12674 I Choreographer: Skipped 31 frames!  The application may be doing too much work on its main thread.
08-05 20:10:00.867 12674 13429 D DBReader: getImageAuthentication() called with: imageUrl = [http://static.libsyn.com/p/assets/7/1/f/3/71f3014e14ef2722/JREiTunesImage2.jpg]
08-05 20:10:00.869 12674 13429 D ApOkHttpUrlLoader: no credentials for 'http://static.libsyn.com/p/assets/7/1/f/3/71f3014e14ef2722/JREiTunesImage2.jpg'
08-05 20:10:00.890 12674 12686 I art     : Explicit concurrent mark sweep GC freed 21227(2MB) AllocSpace objects, 129(8MB) LOS objects, 34% free, 30MB/46MB, paused 1.470ms total 44.788ms
08-05 20:10:00.904 12674 12686 I art     : Starting a blocking GC Explicit
08-05 20:10:00.946 12674 12686 I art     : Explicit concurrent mark sweep GC freed 1222(61KB) AllocSpace objects, 0(0B) LOS objects, 34% free, 30MB/46MB, paused 1.147ms total 41.901ms
08-05 20:10:00.957 12674 13429 D MYTAG   : interceptor 2a
08-05 20:10:00.957 12674 13429 I NAPPA_EXPERIMENTATION: MetricNetworkRequestExecutionTime: REQUEST_DURATION_SYSTEM='88',REQUEST_DURATION_OKHTTP='42',REQUEST_SYNCHRONOUS='TRUE',RESPONSE_CODE='200',RESPONSE_METHOD='GET',RESPONSE_LENGTH_OKHTTP='402832',RESPONSE_LENGTH_HEADER='402832',REQUEST_PROTOCOL='http/1.1',REQUEST_URL='http://static.libsyn.com/p/assets/7/1/f/3/71f3014e14ef2722/JREiTunesImage2.jpg',
08-05 20:10:00.960 12674 12686 I art     : Starting a blocking GC Explicit
08-05 20:10:01.002 12674 12686 I art     : Explicit concurrent mark sweep GC freed 294(23KB) AllocSpace objects, 1(112KB) LOS objects, 34% free, 30MB/46MB, paused 1.114ms total 41.886ms
08-05 20:10:01.016 12674 12686 I art     : Starting a blocking GC Explicit
08-05 20:10:01.061 12674 12686 I art     : Explicit concurrent mark sweep GC freed 53(2736B) AllocSpace objects, 0(0B) LOS objects, 33% free, 31MB/47MB, paused 1.089ms total 44.940ms
08-05 20:10:01.248 13977 13977 D AndroidRuntime: >>>>>> START com.android.internal.os.RuntimeInit uid 2000 <<<<<<
08-05 20:10:01.254 13977 13977 D AndroidRuntime: CheckJNI is OFF
08-05 20:10:01.294 13977 13977 D ICU     : No timezone override file found: /data/misc/zoneinfo/current/icu/icu_tzdata.dat
08-05 20:10:01.336 13977 13977 I Radio-JNI: register_android_hardware_Radio DONE
08-05 20:10:01.366 13977 13977 D AndroidRuntime: Calling main entry com.android.commands.input.Input
08-05 20:10:01.368 13977 13977 I Input   : injectMotionEvent: MotionEvent { action=ACTION_DOWN, actionButton=0, id[0]=0, x[0]=693.0, y[0]=821.0, toolType[0]=TOOL_TYPE_UNKNOWN, buttonState=0, metaState=0, flags=0x0, edgeFlags=0x0, pointerCount=1, historySize=0, eventTime=821417780, downTime=821417780, deviceId=0, source=0x1002 }
08-05 20:10:01.371 12674 13826 I art     : Starting a blocking GC Explicit
08-05 20:10:01.372 13977 13977 I Input   : injectMotionEvent: MotionEvent { action=ACTION_UP, actionButton=0, id[0]=0, x[0]=693.0, y[0]=821.0, toolType[0]=TOOL_TYPE_UNKNOWN, buttonState=0, metaState=0, flags=0x0, edgeFlags=0x0, pointerCount=1, historySize=0, eventTime=821417780, downTime=821417780, deviceId=0, source=0x1002 }
08-05 20:10:01.375 13977 13977 D AndroidRuntime: Shutting down VM
08-05 20:10:01.393 12674 12674 D UserPreferences: Using default data folder
08-05 20:10:01.396   512  2967 D audio_hw_primary: out_set_parameters: enter: usecase(1: low-latency-playback) kvpairs: routing=2
08-05 20:10:01.396 12674 12674 D DownloadRequester: partiallyDownloadedFileExists: false
08-05 20:10:01.396 12674 12674 D DownloadRequester: /storage/emulated/0/Android/data/baseline.de.danoeh.antennapod.debug/files/cache/feed-The Joe Rogan Experience is available as a download destination
08-05 20:10:01.401 12674 12674 D DownloadRequester: Requesting download of url http://joeroganexp.joerogan.libsynpro.com/rss
08-05 20:10:01.409 12674 12674 D DownloadService: Service started
08-05 20:10:01.410   512  2967 D audio_hw_primary: select_devices: out_snd_device(2: speaker) in_snd_device(0: none)
08-05 20:10:01.410   512  2967 D msm8974_platform: platform_send_audio_calibration: sending audio calibration for snd_device(2) acdb_id(15)
08-05 20:10:01.410   512  2967 I soundtrigger: audio_extn_sound_trigger_update_device_status: device 0x2 of type 0 for Event 1
08-05 20:10:01.410 12674 12674 D DownloadService: parallel downloads: 4
08-05 20:10:01.412 12674 14001 D downloadCompletionThd: downloadCompletionThread was started
08-05 20:10:01.413 12674 12674 D DownloadService: Notification set up
08-05 20:10:01.419 12674 12674 D DownloadService: Received enqueue request
08-05 20:10:01.420 12674 12674 D OnlineFeedViewActivity: onEventMainThread() called with: event = [DownloadEvent{update=DownloaderUpdate{downloaders=[baseline.de.danoeh.antennapod.core.service.download.HttpDownloader@985d00c], feedIds=[0], mediaIds=[]}}]
08-05 20:10:01.420 12674 12674 D DownloadService: 1 downloads left
08-05 20:10:01.420 12674 12674 D DownloadService: Setting up notification updater
08-05 20:10:01.422   918  4400 D WifiService: acquireWifiLockLocked: WifiLock{Downloader type=1 binder=android.os.BinderProxy@623d8ae}
08-05 20:10:01.423   512  2967 D audio_hw_primary: enable_snd_device: snd_device(2: speaker)
08-05 20:10:01.426   512  2967 D audio_hw_primary: enable_audio_route: apply and update mixer path: low-latency-playback speaker
08-05 20:10:01.426 12674 14003 D AntennapodHttpClient: Creating new instance of HTTP client
08-05 20:10:01.430 12674 13826 I art     : Explicit concurrent mark sweep GC freed 2205(135KB) AllocSpace objects, 1(20KB) LOS objects, 33% free, 31MB/47MB, paused 1.594ms total 58.442ms
08-05 20:10:01.447 12674 13826 I art     : Starting a blocking GC Explicit
08-05 20:10:01.488 12674 13826 I art     : Explicit concurrent mark sweep GC freed 418(19KB) AllocSpace objects, 0(0B) LOS objects, 33% free, 31MB/47MB, paused 1.208ms total 40.216ms
08-05 20:10:01.501 12674 13826 I art     : Starting a blocking GC Explicit
08-05 20:10:01.543 12674 13826 I art     : Explicit concurrent mark sweep GC freed 32(1472B) AllocSpace objects, 0(0B) LOS objects, 33% free, 31MB/47MB, paused 1.306ms total 40.905ms
08-05 20:10:01.556 12674 13826 I art     : Starting a blocking GC Explicit
08-05 20:10:01.558 13866 13882 I PeriodicStatsRunner: PeriodicStatsRunner.call():175 call()
08-05 20:10:01.558 13866 13882 I PeriodicStatsRunner: PeriodicStatsRunner.call():179 No submit PeriodicStats since input started.
08-05 20:10:01.572 12674 14003 D MYTAG   : interceptor 3a http://joeroganexp.joerogan.libsynpro.com/rss
08-05 20:10:01.572 12674 14003 I NAPPA_EXPERIMENTATION: MetricNetworkRequestExecutionTime: REQUEST_DURATION_SYSTEM='143',REQUEST_DURATION_OKHTTP='43',REQUEST_SYNCHRONOUS='TRUE',RESPONSE_CODE='200',RESPONSE_METHOD='GET',RESPONSE_LENGTH_OKHTTP='-1',RESPONSE_LENGTH_HEADER='307892',REQUEST_PROTOCOL='http/1.1',REQUEST_URL='http://joeroganexp.joerogan.libsynpro.com/rss',
08-05 20:10:01.572 12674 14003 D HttpDownloader: Response code is 200
08-05 20:10:01.572 12674 14003 D UserPreferences: Using default data folder
08-05 20:10:01.575 12674 14003 D HttpDownloader: Getting size of download
08-05 20:10:01.575 12674 14003 D HttpDownloader: Size is -1
08-05 20:10:01.575 12674 14003 D UserPreferences: Using default data folder
08-05 20:10:01.575 12674 14003 D HttpDownloader: Free space is 20174684160
08-05 20:10:01.575 12674 14003 D HttpDownloader: Starting download
08-05 20:10:01.598 12674 13826 I art     : Explicit concurrent mark sweep GC freed 187(16KB) AllocSpace objects, 0(0B) LOS objects, 33% free, 31MB/47MB, paused 1.264ms total 41.372ms
08-05 20:10:01.612 12674 13826 I art     : Starting a blocking GC Explicit
08-05 20:10:01.653 12674 13826 I art     : Explicit concurrent mark sweep GC freed 25(912B) AllocSpace objects, 0(0B) LOS objects, 33% free, 31MB/47MB, paused 1.180ms total 40.488ms
08-05 20:10:01.709 12674 14003 D HttpDownloader: Download was successful
08-05 20:10:01.710   918  6112 D WifiService: releaseWifiLockLocked: WifiLock{Downloader type=1 binder=android.os.BinderProxy@623d8ae}
08-05 20:10:01.711 12674 14001 D downloadCompletionThd: Received 'Download Complete' - message.
08-05 20:10:01.711 12674 14001 D DownloadService: Handling completed Feed Download
08-05 20:10:01.711 12674 12674 D DownloadService: Removing downloader: http://joeroganexp.joerogan.libsynpro.com/rss
08-05 20:10:01.711 12674 12674 D DownloadService: Result of downloads.remove: true
08-05 20:10:01.711 12674 12674 D OnlineFeedViewActivity: onEventMainThread() called with: event = [DownloadEvent{update=DownloaderUpdate{downloaders=[], feedIds=[], mediaIds=[]}}]
08-05 20:10:01.715 12674 14006 D TypeGetter: Recognized type RSS 2.0
08-05 20:10:01.717 12674 14006 D SyndHandler: Recognized Atom namespace
08-05 20:10:01.717 12674 14006 D SyndHandler: Recognized ITunes namespace
08-05 20:10:01.717 12674 14006 D SyndHandler: Recognized media namespace
08-05 20:10:01.717 12674 14006 D SyndHandler: Recognized Content namespace
08-05 20:10:01.810 13866 13882 I PeriodicStatsRunner: PeriodicStatsRunner.call():175 call()
08-05 20:10:01.810 13866 13882 I PeriodicStatsRunner: PeriodicStatsRunner.call():179 No submit PeriodicStats since input started.
08-05 20:10:01.892 13866 13882 I PeriodicStatsRunner: PeriodicStatsRunner.call():175 call()
08-05 20:10:01.893 13866 13882 I PeriodicStatsRunner: PeriodicStatsRunner.call():179 No submit PeriodicStats since input started.
08-05 20:10:01.936 12674 12687 I art     : Starting a blocking GC Explicit
08-05 20:10:01.969   512  2967 D audio_hw_primary: disable_audio_route: reset and update mixer path: low-latency-playback speaker
08-05 20:10:01.970   512  2967 D audio_hw_primary: disable_snd_device: snd_device(2: speaker)
08-05 20:10:01.978   512  2967 I soundtrigger: audio_extn_sound_trigger_update_device_status: device 0x2 of type 0 for Event 0
08-05 20:10:01.988 12674 12687 I art     : Explicit concurrent mark sweep GC freed 14835(936KB) AllocSpace objects, 4(80KB) LOS objects, 33% free, 31MB/47MB, paused 1.648ms total 50.694ms
08-05 20:10:02.003 12674 12687 I art     : Starting a blocking GC Explicit
08-05 20:10:02.048 12674 12687 I art     : Explicit concurrent mark sweep GC freed 6913(338KB) AllocSpace objects, 0(0B) LOS objects, 33% free, 31MB/47MB, paused 1.531ms total 44.968ms
08-05 20:10:02.062 12674 12687 I art     : Starting a blocking GC Explicit
08-05 20:10:02.106 12674 12687 I art     : Explicit concurrent mark sweep GC freed 3519(186KB) AllocSpace objects, 0(0B) LOS objects, 33% free, 31MB/47MB, paused 1.463ms total 44.227ms
08-05 20:10:02.120 12674 12687 I art     : Starting a blocking GC Explicit
08-05 20:10:02.165 12674 12687 I art     : Explicit concurrent mark sweep GC freed 3585(181KB) AllocSpace objects, 0(0B) LOS objects, 33% free, 31MB/47MB, paused 1.471ms total 44.344ms
08-05 20:10:02.179 12674 12687 I art     : Starting a blocking GC Explicit
08-05 20:10:02.224 12674 12687 I art     : Explicit concurrent mark sweep GC freed 3547(182KB) AllocSpace objects, 0(0B) LOS objects, 33% free, 31MB/47MB, paused 1.419ms total 44.543ms
08-05 20:10:02.529 12674 12696 I art     : Starting a blocking GC Explicit
08-05 20:10:02.589 12674 12696 I art     : Explicit concurrent mark sweep GC freed 20332(1077KB) AllocSpace objects, 1(20KB) LOS objects, 32% free, 32MB/48MB, paused 1.744ms total 60.018ms
08-05 20:10:02.606 12674 12696 I art     : Starting a blocking GC Explicit
08-05 20:10:02.652 12674 12696 I art     : Explicit concurrent mark sweep GC freed 8703(418KB) AllocSpace objects, 0(0B) LOS objects, 33% free, 32MB/48MB, paused 1.457ms total 46.653ms
08-05 20:10:02.668 12674 12696 I art     : Starting a blocking GC Explicit
08-05 20:10:02.715 12674 12696 I art     : Explicit concurrent mark sweep GC freed 3842(191KB) AllocSpace objects, 0(0B) LOS objects, 33% free, 32MB/48MB, paused 1.366ms total 46.684ms
08-05 20:10:02.730 12674 12696 I art     : Starting a blocking GC Explicit
08-05 20:10:02.776 12674 12696 I art     : Explicit concurrent mark sweep GC freed 3617(183KB) AllocSpace objects, 0(0B) LOS objects, 32% free, 32MB/48MB, paused 1.420ms total 46.346ms
08-05 20:10:02.791 12674 12696 I art     : Starting a blocking GC Explicit
08-05 20:10:02.840 12674 12696 I art     : Explicit concurrent mark sweep GC freed 3762(199KB) AllocSpace objects, 0(0B) LOS objects, 32% free, 32MB/48MB, paused 1.659ms total 49.467ms
08-05 20:10:03.157 12674 12687 I art     : Starting a blocking GC Explicit
08-05 20:10:03.212 12674 12674 D OnlineFeedViewActivity: onEventMainThread() called with: event = [DownloadEvent{update=DownloaderUpdate{downloaders=[], feedIds=[], mediaIds=[]}}]
08-05 20:10:03.226 12674 12687 I art     : Explicit concurrent mark sweep GC freed 20888(1130KB) AllocSpace objects, 1(20KB) LOS objects, 32% free, 33MB/49MB, paused 1.683ms total 68.346ms
08-05 20:10:03.243 12674 12687 I art     : Starting a blocking GC Explicit
08-05 20:10:03.295 12674 12687 I art     : Explicit concurrent mark sweep GC freed 7661(376KB) AllocSpace objects, 0(0B) LOS objects, 32% free, 33MB/49MB, paused 2.772ms total 51.785ms
08-05 20:10:03.311 12674 12687 I art     : Starting a blocking GC Explicit
08-05 20:10:03.366 12674 12687 I art     : Explicit concurrent mark sweep GC freed 5446(272KB) AllocSpace objects, 0(0B) LOS objects, 32% free, 33MB/49MB, paused 1.556ms total 54.657ms
08-05 20:10:03.382 12674 12687 I art     : Starting a blocking GC Explicit
08-05 20:10:03.439 12674 12687 I art     : Explicit concurrent mark sweep GC freed 4132(207KB) AllocSpace objects, 0(0B) LOS objects, 32% free, 33MB/49MB, paused 1.853ms total 57.047ms
08-05 20:10:03.455 12674 12687 I art     : Starting a blocking GC Explicit
08-05 20:10:03.513 12674 12687 I art     : Explicit concurrent mark sweep GC freed 4267(226KB) AllocSpace objects, 0(0B) LOS objects, 32% free, 33MB/49MB, paused 1.743ms total 56.934ms
08-05 20:10:03.549   518   646 I ThermalEngine: ACTION: GPU - Setting GPU[0] to 390000000
08-05 20:10:03.836 12674 13232 I art     : Starting a blocking GC Explicit
08-05 20:10:03.911 12674 13232 I art     : Explicit concurrent mark sweep GC freed 16178(904KB) AllocSpace objects, 1(20KB) LOS objects, 32% free, 33MB/49MB, paused 2.392ms total 75.197ms
08-05 20:10:03.936 12674 13232 I art     : Starting a blocking GC Explicit
08-05 20:10:04.006 12674 13232 I art     : Explicit concurrent mark sweep GC freed 8023(414KB) AllocSpace objects, 0(0B) LOS objects, 32% free, 33MB/49MB, paused 2.310ms total 69.600ms
08-05 20:10:04.030 12674 13232 I art     : Starting a blocking GC Explicit
08-05 20:10:04.100 12674 13232 I art     : Explicit concurrent mark sweep GC freed 4415(229KB) AllocSpace objects, 0(0B) LOS objects, 32% free, 33MB/49MB, paused 2.498ms total 69.384ms
08-05 20:10:04.124 12674 13232 I art     : Starting a blocking GC Explicit
08-05 20:10:04.194 12674 13232 I art     : Explicit concurrent mark sweep GC freed 4398(216KB) AllocSpace objects, 0(0B) LOS objects, 32% free, 33MB/49MB, paused 2.334ms total 69.799ms
08-05 20:10:04.218 12674 13232 I art     : Starting a blocking GC Explicit
08-05 20:10:04.288 12674 13232 I art     : Explicit concurrent mark sweep GC freed 4418(225KB) AllocSpace objects, 0(0B) LOS objects, 32% free, 33MB/49MB, paused 2.370ms total 69.835ms
08-05 20:10:04.625 12674 12686 I art     : Starting a blocking GC Explicit
08-05 20:10:04.705 12674 12686 I art     : Explicit concurrent mark sweep GC freed 17121(933KB) AllocSpace objects, 1(20KB) LOS objects, 31% free, 34MB/50MB, paused 2.400ms total 79.075ms
08-05 20:10:04.715 12674 12674 D OnlineFeedViewActivity: onEventMainThread() called with: event = [DownloadEvent{update=DownloaderUpdate{downloaders=[], feedIds=[], mediaIds=[]}}]
08-05 20:10:04.731 12674 12686 I art     : Starting a blocking GC Explicit
08-05 20:10:04.801 12674 12686 I art     : Explicit concurrent mark sweep GC freed 8247(451KB) AllocSpace objects, 0(0B) LOS objects, 31% free, 34MB/50MB, paused 2.510ms total 69.195ms
08-05 20:10:04.826 12674 12686 I art     : Starting a blocking GC Explicit
08-05 20:10:04.899 12674 12686 I art     : Explicit concurrent mark sweep GC freed 4408(188KB) AllocSpace objects, 0(0B) LOS objects, 31% free, 34MB/50MB, paused 2.362ms total 72.972ms
08-05 20:10:04.924 12674 12686 I art     : Starting a blocking GC Explicit
08-05 20:10:04.997 12674 12686 I art     : Explicit concurrent mark sweep GC freed 4632(196KB) AllocSpace objects, 0(0B) LOS objects, 31% free, 34MB/50MB, paused 2.181ms total 72.890ms
08-05 20:10:05.022 12674 12686 I art     : Starting a blocking GC Explicit
08-05 20:10:05.097 12674 12686 I art     : Explicit concurrent mark sweep GC freed 4704(198KB) AllocSpace objects, 0(0B) LOS objects, 31% free, 34MB/50MB, paused 2.495ms total 74.709ms
08-05 20:10:05.435 12674 13826 I art     : Starting a blocking GC Explicit
08-05 20:10:05.517 12674 13826 I art     : Explicit concurrent mark sweep GC freed 17975(827KB) AllocSpace objects, 1(20KB) LOS objects, 31% free, 34MB/50MB, paused 2.429ms total 81.861ms
08-05 20:10:05.543 12674 13826 I art     : Starting a blocking GC Explicit
08-05 20:10:05.548   518   646 I ThermalEngine: ACTION: GPU - Setting GPU[0] to 450000000
08-05 20:10:05.560 12674 14006 D FeedSyncThread: The Joe Rogan Experience parsed
08-05 20:10:05.567 12674 14006 D FeedSyncThread: Deletion of file '/storage/emulated/0/Android/data/baseline.de.danoeh.antennapod.debug/files/cache/feed-The Joe Rogan Experience' successful
08-05 20:10:05.567 12674 14006 D DBReader: getFeedDownloadLog() called with: feed = [baseline.de.danoeh.antennapod.core.feed.Feed@0]
08-05 20:10:05.568 12674 14002 D FeedSyncThread: Bundling 1 feeds
08-05 20:10:05.569 12674 14071 D DBReader: Extracting Feedlist
08-05 20:10:05.571 12674 14071 D DBTasks : Found no existing Feed with title The Joe Rogan Experience. Adding as new one.
08-05 20:10:05.574 12674 13780 D PodDBAdapter: Setting feed with flattr status The Joe Rogan Experience: 0
08-05 20:10:05.575 12674 13780 D baseline.de.danoeh.antennapod.core.storage.PodDBAdapter@c6ea0d0: Inserting new Feed into db
08-05 20:10:05.618 12674 13826 I art     : Explicit concurrent mark sweep GC freed 19159(1044KB) AllocSpace objects, 0(0B) LOS objects, 31% free, 34MB/50MB, paused 2.218ms total 74.433ms
08-05 20:10:05.645 12674 13826 I art     : Starting a blocking GC Explicit
08-05 20:10:05.665 11709 11709 I ServiceManager: Waiting for service AtCmdFwd...
08-05 20:10:05.717 12674 13826 I art     : Explicit concurrent mark sweep GC freed 23037(1725KB) AllocSpace objects, 0(0B) LOS objects, 31% free, 34MB/50MB, paused 2.159ms total 72.371ms
08-05 20:10:05.743 12674 13826 I art     : Starting a blocking GC Explicit
08-05 20:10:05.838 12674 13826 I art     : Explicit concurrent mark sweep GC freed 23933(1789KB) AllocSpace objects, 0(0B) LOS objects, 31% free, 34MB/50MB, paused 2.033ms total 93.961ms
08-05 20:10:05.861 12674 13826 I art     : Starting a blocking GC Explicit
08-05 20:10:05.933 12674 13826 I art     : Explicit concurrent mark sweep GC freed 21728(1624KB) AllocSpace objects, 0(0B) LOS objects, 31% free, 34MB/50MB, paused 2.279ms total 71.430ms
08-05 20:10:06.184 12674 12674 D EventDistributor: Processing event queue. Number of events: 1
08-05 20:10:06.185 12674 12674 D EventDistributor: Notifying observers. Data: 1
08-05 20:10:06.185 12674 12674 D DownloadService: 0 downloads left
08-05 20:10:06.185 12674 13221 D DBReader: Extracting Feedlist
08-05 20:10:06.185 12674 12674 D DownloadService: Number of downloads is 0, attempting shutdown
08-05 20:10:06.187 12674 12674 D DownloadService: Service shutting down
08-05 20:10:06.187 12674 12674 D DownloadService: No report is created
08-05 20:10:06.187 12674 12674 D OnlineFeedViewActivity: onEventMainThread() called with: event = [DownloadEvent{update=DownloaderUpdate{downloaders=[], feedIds=[], mediaIds=[]}}]
08-05 20:10:06.192 12674 12674 D DownloadService: NotificationUpdater cancelled. Result: false
08-05 20:10:06.192 12674 14001 E downloadCompletionThd: DownloadCompletionThread was interrupted
08-05 20:10:06.192 12674 12674 D DBTasks : autodownloadUndownloadedItems
08-05 20:10:06.194 12674 13781 D NetworkUtils: Device is connected to Wi-Fi
08-05 20:10:06.194 12674 13781 D NetworkUtils: Auto-dl filter is disabled
08-05 20:10:06.273 14072 14072 D AndroidRuntime: >>>>>> START com.android.internal.os.RuntimeInit uid 2000 <<<<<<
08-05 20:10:06.280 14072 14072 D AndroidRuntime: CheckJNI is OFF
08-05 20:10:06.280 12674 13826 I art     : Starting a blocking GC Explicit
08-05 20:10:06.337 14072 14072 D ICU     : No timezone override file found: /data/misc/zoneinfo/current/icu/icu_tzdata.dat
08-05 20:10:06.348 12674 13826 I art     : Explicit concurrent mark sweep GC freed 75121(6MB) AllocSpace objects, 2(40KB) LOS objects, 33% free, 31MB/47MB, paused 1.784ms total 67.811ms
08-05 20:10:06.370 12674 13826 I art     : Starting a blocking GC Explicit
08-05 20:10:06.382 14072 14072 I Radio-JNI: register_android_hardware_Radio DONE
08-05 20:10:06.413 14072 14072 D AndroidRuntime: Calling main entry com.android.commands.input.Input
08-05 20:10:06.416 14072 14072 I Input   : injectKeyEvent: KeyEvent { action=ACTION_DOWN, keyCode=KEYCODE_BACK, scanCode=0, metaState=0, flags=0x0, repeatCount=0, eventTime=821422829, downTime=821422829, deviceId=-1, source=0x101 }
08-05 20:10:06.422 14072 14072 I Input   : injectKeyEvent: KeyEvent { action=ACTION_UP, keyCode=KEYCODE_BACK, scanCode=0, metaState=0, flags=0x0, repeatCount=0, eventTime=821422829, downTime=821422829, deviceId=-1, source=0x101 }
08-05 20:10:06.427 12674 13826 I art     : Explicit concurrent mark sweep GC freed 104(4KB) AllocSpace objects, 0(0B) LOS objects, 33% free, 31MB/47MB, paused 1.982ms total 56.273ms
08-05 20:10:06.432 14072 14072 D AndroidRuntime: Shutting down VM
08-05 20:10:06.438 12674 12674 V PlaybackController: initServiceNotRunning()
08-05 20:10:06.438 12674 12674 D ExternalPlayerFragment: Loading media info
08-05 20:10:06.445 12674 12674 D UserPreferences: Using default data folder
08-05 20:10:06.446 12674 13221 D DBReader: getNavDrawerData() called with: 
08-05 20:10:06.451 12674 13826 I art     : Starting a blocking GC Explicit
08-05 20:10:06.463 12674 13221 D DBReader: getDownloadedItems() called
08-05 20:10:06.465 12674 13221 D DBReader: getFavoriteIDList() called
08-05 20:10:06.466 12674 13221 D DBReader: getQueueIDList() called
08-05 20:10:06.467 12674 13221 D DBReader: Extracting Feedlist
08-05 20:10:06.480 13866 13866 I GoogleInputMethodServic: GoogleInputMethodService.onFinishInput():3138 
08-05 20:10:06.481 13866 13866 I GoogleInputMethodServic: GoogleInputMethodService.onStartInput():1808 
08-05 20:10:06.499 12674 12674 D MainActivity: getLastNavFragment() -> AddFeedFragment
08-05 20:10:06.513 12674 13826 I art     : Explicit concurrent mark sweep GC freed 757(60KB) AllocSpace objects, 0(0B) LOS objects, 33% free, 31MB/47MB, paused 1.794ms total 60.993ms
08-05 20:10:06.518 12674 13623 D ApOkHttpUrlLoader: buildLoadData() called with: model = [http://static.libsyn.com/p/assets/7/1/f/3/71f3014e14ef2722/JREiTunesImage2.jpg], width = [140], height = [140]
08-05 20:10:06.533 12674 13826 I art     : Starting a blocking GC Explicit
08-05 20:10:06.563 12674 13623 D ApOkHttpUrlLoader: buildLoadData() called with: model = [http://static.libsyn.com/p/assets/7/1/f/3/71f3014e14ef2722/JREiTunesImage2.jpg], width = [140], height = [140]
08-05 20:10:06.578 12674 13826 I art     : Explicit concurrent mark sweep GC freed 829(50KB) AllocSpace objects, 0(0B) LOS objects, 33% free, 31MB/47MB, paused 1.215ms total 45.207ms
08-05 20:10:06.593 12674 13826 I art     : Starting a blocking GC Explicit
08-05 20:10:06.636 12674 13826 I art     : Explicit concurrent mark sweep GC freed 400(19KB) AllocSpace objects, 0(0B) LOS objects, 33% free, 31MB/47MB, paused 1.253ms total 42.960ms
08-05 20:10:06.666 11709 11709 I ServiceManager: Waiting for service AtCmdFwd...
08-05 20:10:06.795   380   380 W SurfaceFlinger: couldn't log to binary event log: overflow.
08-05 20:10:06.934 12674 13826 I art     : Starting a blocking GC Explicit
08-05 20:10:06.982 12674 13826 I art     : Explicit concurrent mark sweep GC freed 2064(111KB) AllocSpace objects, 1(20KB) LOS objects, 33% free, 31MB/47MB, paused 1.215ms total 48.538ms
08-05 20:10:06.998 12674 13826 I art     : Starting a blocking GC Explicit
08-05 20:10:07.036 12674 13826 I art     : Explicit concurrent mark sweep GC freed 33335(3MB) AllocSpace objects, 2(248KB) LOS objects, 36% free, 28MB/44MB, paused 1.120ms total 38.114ms
08-05 20:10:07.047 12674 13826 I art     : Starting a blocking GC Explicit
08-05 20:10:07.081 12674 13826 I art     : Explicit concurrent mark sweep GC freed 3(96B) AllocSpace objects, 0(0B) LOS objects, 36% free, 28MB/44MB, paused 1.128ms total 33.554ms
08-05 20:10:07.093 12674 13826 I art     : Starting a blocking GC Explicit
08-05 20:10:07.127 12674 13826 I art     : Explicit concurrent mark sweep GC freed 3(96B) AllocSpace objects, 0(0B) LOS objects, 36% free, 28MB/44MB, paused 1.145ms total 33.661ms
08-05 20:10:07.139 12674 13826 I art     : Starting a blocking GC Explicit
08-05 20:10:07.173 12674 13826 I art     : Explicit concurrent mark sweep GC freed 3(96B) AllocSpace objects, 0(0B) LOS objects, 36% free, 28MB/44MB, paused 1.128ms total 34.535ms
08-05 20:10:07.495 12674 13232 I art     : Starting a blocking GC Explicit
08-05 20:10:07.536 12674 13232 I art     : Explicit concurrent mark sweep GC freed 1373(82KB) AllocSpace objects, 1(20KB) LOS objects, 36% free, 28MB/44MB, paused 1.236ms total 41.362ms
08-05 20:10:07.551 12674 13232 I art     : Starting a blocking GC Explicit
08-05 20:10:07.586 12674 13232 I art     : Explicit concurrent mark sweep GC freed 23(752B) AllocSpace objects, 0(0B) LOS objects, 36% free, 28MB/44MB, paused 1.145ms total 34.180ms
08-05 20:10:07.598 12674 13232 I art     : Starting a blocking GC Explicit
08-05 20:10:07.632 12674 13232 I art     : Explicit concurrent mark sweep GC freed 3(96B) AllocSpace objects, 0(0B) LOS objects, 36% free, 28MB/44MB, paused 1.150ms total 34.663ms
08-05 20:10:07.633 12674 12685 I art     : WaitForGcToComplete blocked for 34.953ms for cause HeapTrim
08-05 20:10:07.644 12674 13232 I art     : Starting a blocking GC Explicit
08-05 20:10:07.667 11709 11709 I ServiceManager: Waiting for service AtCmdFwd...
08-05 20:10:07.677 12674 13232 I art     : Explicit concurrent mark sweep GC freed 3(96B) AllocSpace objects, 0(0B) LOS objects, 36% free, 28MB/44MB, paused 1.166ms total 32.490ms
08-05 20:10:07.689 12674 13232 I art     : Starting a blocking GC Explicit
08-05 20:10:07.722 12674 13232 I art     : Explicit concurrent mark sweep GC freed 3(96B) AllocSpace objects, 0(0B) LOS objects, 36% free, 28MB/44MB, paused 1.171ms total 32.170ms
08-05 20:10:08.036 12674 12687 I art     : Starting a blocking GC Explicit
08-05 20:10:08.074 12674 12687 I art     : Explicit concurrent mark sweep GC freed 1403(81KB) AllocSpace objects, 1(20KB) LOS objects, 36% free, 28MB/44MB, paused 1.197ms total 38.099ms
08-05 20:10:08.086 12674 12687 I art     : Starting a blocking GC Explicit
08-05 20:10:08.126 12674 12687 I art     : Explicit concurrent mark sweep GC freed 29(944B) AllocSpace objects, 0(0B) LOS objects, 36% free, 28MB/44MB, paused 1.287ms total 39.998ms
08-05 20:10:08.141 12674 12687 I art     : Starting a blocking GC Explicit
08-05 20:10:08.172 12674 12687 I art     : Explicit concurrent mark sweep GC freed 8(256B) AllocSpace objects, 0(0B) LOS objects, 36% free, 28MB/44MB, paused 1.093ms total 30.774ms
08-05 20:10:08.183 12674 12687 I art     : Starting a blocking GC Explicit
08-05 20:10:08.216 12674 12687 I art     : Explicit concurrent mark sweep GC freed 8(256B) AllocSpace objects, 0(0B) LOS objects, 36% free, 28MB/44MB, paused 1.577ms total 32.659ms
08-05 20:10:08.223 14116 14116 D AndroidRuntime: >>>>>> START com.android.internal.os.RuntimeInit uid 2000 <<<<<<
08-05 20:10:08.227 12674 12687 I art     : Starting a blocking GC Explicit
08-05 20:10:08.229 14116 14116 D AndroidRuntime: CheckJNI is OFF
08-05 20:10:08.258 12674 12687 I art     : Explicit concurrent mark sweep GC freed 8(256B) AllocSpace objects, 0(0B) LOS objects, 36% free, 28MB/44MB, paused 1.287ms total 30.588ms
08-05 20:10:08.272 14116 14116 D ICU     : No timezone override file found: /data/misc/zoneinfo/current/icu/icu_tzdata.dat
08-05 20:10:08.315 14116 14116 I Radio-JNI: register_android_hardware_Radio DONE
08-05 20:10:08.342 14116 14116 D AndroidRuntime: Calling main entry com.android.commands.input.Input
08-05 20:10:08.344 14116 14116 I Input   : injectMotionEvent: MotionEvent { action=ACTION_DOWN, actionButton=0, id[0]=0, x[0]=639.0, y[0]=762.0, toolType[0]=TOOL_TYPE_UNKNOWN, buttonState=0, metaState=0, flags=0x0, edgeFlags=0x0, pointerCount=1, historySize=0, eventTime=821424757, downTime=821424757, deviceId=0, source=0x1002 }
08-05 20:10:08.351 14116 14116 I Input   : injectMotionEvent: MotionEvent { action=ACTION_UP, actionButton=0, id[0]=0, x[0]=639.0, y[0]=762.0, toolType[0]=TOOL_TYPE_UNKNOWN, buttonState=0, metaState=0, flags=0x0, edgeFlags=0x0, pointerCount=1, historySize=0, eventTime=821424757, downTime=821424757, deviceId=0, source=0x1002 }
08-05 20:10:08.353 14116 14116 D AndroidRuntime: Shutting down VM
08-05 20:10:08.420   512  2967 D audio_hw_primary: out_set_parameters: enter: usecase(1: low-latency-playback) kvpairs: routing=2
08-05 20:10:08.433   512  2967 D audio_hw_primary: select_devices: out_snd_device(2: speaker) in_snd_device(0: none)
08-05 20:10:08.433   512  2967 D msm8974_platform: platform_send_audio_calibration: sending audio calibration for snd_device(2) acdb_id(15)
08-05 20:10:08.433   512  2967 I soundtrigger: audio_extn_sound_trigger_update_device_status: device 0x2 of type 0 for Event 1
08-05 20:10:08.440 13866 13866 I GoogleInputMethodServic: GoogleInputMethodService.onFinishInput():3138 
08-05 20:10:08.441 13866 13866 I GoogleInputMethodServic: GoogleInputMethodService.onStartInput():1808 
08-05 20:10:08.445   512  2967 D audio_hw_primary: enable_snd_device: snd_device(2: speaker)
08-05 20:10:08.448   512  2967 D audio_hw_primary: enable_audio_route: apply and update mixer path: low-latency-playback speaker
08-05 20:10:08.558 12674 12686 I art     : Starting a blocking GC Explicit
08-05 20:10:08.594 12674 12686 I art     : Explicit concurrent mark sweep GC freed 1854(103KB) AllocSpace objects, 1(20KB) LOS objects, 36% free, 28MB/44MB, paused 1.324ms total 35.429ms
08-05 20:10:08.606 12674 12686 I art     : Starting a blocking GC Explicit
08-05 20:10:08.637 12674 12686 I art     : Explicit concurrent mark sweep GC freed 62(2240B) AllocSpace objects, 0(0B) LOS objects, 36% free, 28MB/44MB, paused 1.198ms total 31.077ms
08-05 20:10:08.637 12674 13220 I NAPPA_EXPERIMENTATION: MetricNetworkRequestExecutionTime: REQUEST_DURATION_SYSTEM='219',REQUEST_DURATION_OKHTTP='216',REQUEST_SYNCHRONOUS='TRUE',RESPONSE_CODE='200',RESPONSE_METHOD='GET',RESPONSE_LENGTH_OKHTTP='-1',RESPONSE_LENGTH_HEADER='622',REQUEST_PROTOCOL='h2',REQUEST_URL='https://itunes.apple.com/lookup?id=360084272',
08-05 20:10:08.649 12674 12686 I art     : Starting a blocking GC Explicit
08-05 20:10:08.665   918  5952 I ActivityManager: START u0 {cmp=baseline.de.danoeh.antennapod.debug/baseline.de.danoeh.antennapod.activity.OnlineFeedViewActivity (has extras)} from uid 10695 on display 0
08-05 20:10:08.667 11709 11709 I ServiceManager: Waiting for service AtCmdFwd...
08-05 20:10:08.682 12674 12686 I art     : Explicit concurrent mark sweep GC freed 426(39KB) AllocSpace objects, 0(0B) LOS objects, 36% free, 28MB/44MB, paused 1.513ms total 33.645ms
08-05 20:10:08.695 12674 12686 I art     : Starting a blocking GC Explicit
08-05 20:10:08.695 13866 13866 I GoogleInputMethodServic: GoogleInputMethodService.onFinishInput():3138 
08-05 20:10:08.695 13866 13866 I GoogleInputMethodServic: GoogleInputMethodService.onStartInput():1808 
08-05 20:10:08.720 12674 12674 D UserPreferences: Using default data folder
08-05 20:10:08.721 12674 12674 D OnlineFeedViewActivity: Activity was started with url http://joeroganexp.joerogan.libsynpro.com/rss
08-05 20:10:08.724 12674 12674 D OnlineFeedViewActivity: Starting feed download
08-05 20:10:08.728 12674 12686 I art     : Explicit concurrent mark sweep GC freed 781(39KB) AllocSpace objects, 0(0B) LOS objects, 36% free, 28MB/44MB, paused 1.938ms total 33.293ms
08-05 20:10:08.729 12674 12694 D DBReader: Extracting Feedlist
08-05 20:10:08.731   918  5132 D WifiService: acquireWifiLockLocked: WifiLock{Downloader type=1 binder=android.os.BinderProxy@faf6299}
08-05 20:10:08.732 12674 12694 D AntennapodHttpClient: Creating new instance of HTTP client
08-05 20:10:08.740 12674 12686 I art     : Starting a blocking GC Explicit
08-05 20:10:08.771 12674 12686 I art     : Explicit concurrent mark sweep GC freed 629(54KB) AllocSpace objects, 0(0B) LOS objects, 36% free, 28MB/44MB, paused 1.346ms total 31.043ms
08-05 20:10:08.784 12674 12694 D MYTAG   : interceptor 3a http://joeroganexp.joerogan.libsynpro.com/rss
08-05 20:10:08.784 12674 12694 I NAPPA_EXPERIMENTATION: MetricNetworkRequestExecutionTime: REQUEST_DURATION_SYSTEM='51',REQUEST_DURATION_OKHTTP='45',REQUEST_SYNCHRONOUS='TRUE',RESPONSE_CODE='200',RESPONSE_METHOD='GET',RESPONSE_LENGTH_OKHTTP='-1',RESPONSE_LENGTH_HEADER='307892',REQUEST_PROTOCOL='http/1.1',REQUEST_URL='http://joeroganexp.joerogan.libsynpro.com/rss',
08-05 20:10:08.784 12674 12694 D HttpDownloader: Response code is 200
08-05 20:10:08.784 12674 12694 D UserPreferences: Using default data folder
08-05 20:10:08.786 12674 12694 D HttpDownloader: Getting size of download
08-05 20:10:08.787 12674 12694 D HttpDownloader: Size is -1
08-05 20:10:08.787 12674 12694 D UserPreferences: Using default data folder
08-05 20:10:08.787 12674 12694 D HttpDownloader: Free space is 20173455360
08-05 20:10:08.787 12674 12694 D HttpDownloader: Starting download
08-05 20:10:08.795 13866 13866 I GoogleInputMethodServic: GoogleInputMethodService.onFinishInput():3138 
08-05 20:10:08.796 13866 13866 I GoogleInputMethodServic: GoogleInputMethodService.onStartInput():1808 
08-05 20:10:08.815   918   936 I ActivityManager: Displayed baseline.de.danoeh.antennapod.debug/baseline.de.danoeh.antennapod.activity.OnlineFeedViewActivity: +118ms
08-05 20:10:08.851 12674 12695 D OpenGLRenderer: endAllStagingAnimators on 0x7f7f3a5800 (GridView) with handle 0x7f7a177200
08-05 20:10:08.982   512  2967 D audio_hw_primary: disable_audio_route: reset and update mixer path: low-latency-playback speaker
08-05 20:10:08.986   512  2967 D audio_hw_primary: disable_snd_device: snd_device(2: speaker)
08-05 20:10:09.000   512  2967 I soundtrigger: audio_extn_sound_trigger_update_device_status: device 0x2 of type 0 for Event 0
08-05 20:10:09.041 12674 12694 D HttpDownloader: Download was successful
08-05 20:10:09.042   918  3696 D WifiService: releaseWifiLockLocked: WifiLock{Downloader type=1 binder=android.os.BinderProxy@faf6299}
08-05 20:10:09.043 12674 12674 D OnlineFeedViewActivity: Parsing feed
08-05 20:10:09.051 12674 14160 D TypeGetter: Recognized type RSS 2.0
08-05 20:10:09.059 12674 14160 D SyndHandler: Recognized Atom namespace
08-05 20:10:09.059 12674 14160 D SyndHandler: Recognized ITunes namespace
08-05 20:10:09.059 12674 14160 D SyndHandler: Recognized media namespace
08-05 20:10:09.060 12674 14160 D SyndHandler: Recognized Content namespace
08-05 20:10:09.065   380   380 W SurfaceFlinger: couldn't log to binary event log: overflow.
08-05 20:10:09.084 12674 12686 I art     : Starting a blocking GC Explicit
08-05 20:10:09.117 12674 12686 I art     : Explicit concurrent mark sweep GC freed 4418(388KB) AllocSpace objects, 4(80KB) LOS objects, 36% free, 28MB/44MB, paused 1.322ms total 32.234ms
08-05 20:10:09.128 12674 12686 I art     : Starting a blocking GC Explicit
08-05 20:10:09.160 12674 12686 I art     : Explicit concurrent mark sweep GC freed 2745(141KB) AllocSpace objects, 0(0B) LOS objects, 36% free, 28MB/44MB, paused 1.435ms total 32.410ms
08-05 20:10:09.172 12674 12686 I art     : Starting a blocking GC Explicit
08-05 20:10:09.184 12674 12674 D PlaybackController: Releasing PlaybackController
08-05 20:10:09.206 12674 12686 I art     : Explicit concurrent mark sweep GC freed 2774(138KB) AllocSpace objects, 0(0B) LOS objects, 35% free, 28MB/44MB, paused 1.444ms total 33.877ms
08-05 20:10:09.217 12674 12686 I art     : Starting a blocking GC Explicit
08-05 20:10:09.250 12674 12686 I art     : Explicit concurrent mark sweep GC freed 2712(143KB) AllocSpace objects, 0(0B) LOS objects, 35% free, 28MB/44MB, paused 1.486ms total 32.936ms
08-05 20:10:09.261 12674 12686 I art     : Starting a blocking GC Explicit
08-05 20:10:09.295 12674 12686 I art     : Explicit concurrent mark sweep GC freed 2730(140KB) AllocSpace objects, 0(0B) LOS objects, 35% free, 28MB/44MB, paused 1.404ms total 33.691ms
08-05 20:10:09.609 12674 12687 I art     : Starting a blocking GC Explicit
08-05 20:10:09.652 12674 12687 I art     : Explicit concurrent mark sweep GC freed 20257(1085KB) AllocSpace objects, 1(20KB) LOS objects, 35% free, 29MB/45MB, paused 1.599ms total 42.839ms
08-05 20:10:09.665 12674 12687 I art     : Starting a blocking GC Explicit
08-05 20:10:09.668 11709 11709 I ServiceManager: Waiting for service AtCmdFwd...
08-05 20:10:09.702 12674 12687 I art     : Explicit concurrent mark sweep GC freed 5555(271KB) AllocSpace objects, 0(0B) LOS objects, 35% free, 29MB/45MB, paused 1.505ms total 36.521ms
08-05 20:10:09.713 12674 12687 I art     : Starting a blocking GC Explicit
08-05 20:10:09.749 12674 12687 I art     : Explicit concurrent mark sweep GC freed 5278(257KB) AllocSpace objects, 0(0B) LOS objects, 35% free, 28MB/44MB, paused 1.488ms total 35.255ms
08-05 20:10:09.760 12674 12687 I art     : Starting a blocking GC Explicit
08-05 20:10:09.797 12674 12687 I art     : Explicit concurrent mark sweep GC freed 2749(137KB) AllocSpace objects, 0(0B) LOS objects, 35% free, 29MB/45MB, paused 1.440ms total 35.995ms
08-05 20:10:09.808 12674 12687 I art     : Starting a blocking GC Explicit
08-05 20:10:09.844 12674 12687 I art     : Explicit concurrent mark sweep GC freed 2786(144KB) AllocSpace objects, 0(0B) LOS objects, 35% free, 29MB/45MB, paused 1.489ms total 35.360ms
08-05 20:10:10.158 12674 13826 I art     : Starting a blocking GC Explicit
08-05 20:10:10.205 12674 13826 I art     : Explicit concurrent mark sweep GC freed 20726(1094KB) AllocSpace objects, 1(20KB) LOS objects, 35% free, 29MB/45MB, paused 1.606ms total 46.475ms
08-05 20:10:10.218 12674 13826 I art     : Starting a blocking GC Explicit
08-05 20:10:10.258 12674 13826 I art     : Explicit concurrent mark sweep GC freed 4684(225KB) AllocSpace objects, 0(0B) LOS objects, 35% free, 29MB/45MB, paused 1.736ms total 39.537ms
08-05 20:10:10.270 12674 13826 I art     : Starting a blocking GC Explicit
08-05 20:10:10.308 12674 13826 I art     : Explicit concurrent mark sweep GC freed 6644(319KB) AllocSpace objects, 0(0B) LOS objects, 35% free, 29MB/45MB, paused 1.610ms total 37.784ms
08-05 20:10:10.320 12674 13826 I art     : Starting a blocking GC Explicit
08-05 20:10:10.357 12674 13826 I art     : Explicit concurrent mark sweep GC freed 2943(160KB) AllocSpace objects, 0(0B) LOS objects, 35% free, 29MB/45MB, paused 1.646ms total 36.919ms
08-05 20:10:10.370 12674 13826 I art     : Starting a blocking GC Explicit
08-05 20:10:10.409 12674 13826 I art     : Explicit concurrent mark sweep GC freed 3020(154KB) AllocSpace objects, 0(0B) LOS objects, 35% free, 29MB/45MB, paused 1.541ms total 38.462ms
08-05 20:10:10.567   518   646 I ThermalEngine: ACTION: GPU - Setting GPU[0] to 390000000
08-05 20:10:10.668 11709 11709 W Atfwd_Sendcmd: AtCmdFwd service not published, waiting... retryCnt : 3
08-05 20:10:10.755 12674 13232 I art     : Starting a blocking GC Explicit
08-05 20:10:10.812 12674 13232 I art     : Explicit concurrent mark sweep GC freed 18187(984KB) AllocSpace objects, 1(20KB) LOS objects, 34% free, 30MB/46MB, paused 2.365ms total 56.671ms
08-05 20:10:10.831 12674 13232 I art     : Starting a blocking GC Explicit
08-05 20:10:10.879 12674 13232 I art     : Explicit concurrent mark sweep GC freed 7175(346KB) AllocSpace objects, 0(0B) LOS objects, 34% free, 30MB/46MB, paused 2.016ms total 47.470ms
08-05 20:10:10.897 12674 13232 I art     : Starting a blocking GC Explicit
08-05 20:10:10.948 12674 13232 I art     : Explicit concurrent mark sweep GC freed 4017(206KB) AllocSpace objects, 0(0B) LOS objects, 34% free, 30MB/46MB, paused 2.115ms total 51.120ms
08-05 20:10:10.968 12674 13232 I art     : Starting a blocking GC Explicit
08-05 20:10:11.016 12674 13232 I art     : Explicit concurrent mark sweep GC freed 3264(179KB) AllocSpace objects, 0(0B) LOS objects, 34% free, 30MB/46MB, paused 2.032ms total 47.717ms
08-05 20:10:11.035 12674 13232 I art     : Starting a blocking GC Explicit
08-05 20:10:11.084 12674 13232 I art     : Explicit concurrent mark sweep GC freed 3128(166KB) AllocSpace objects, 0(0B) LOS objects, 34% free, 30MB/46MB, paused 2.085ms total 48.195ms
08-05 20:10:11.405 12674 12696 I art     : Starting a blocking GC Explicit
08-05 20:10:11.464 12674 12696 I art     : Explicit concurrent mark sweep GC freed 15688(888KB) AllocSpace objects, 1(20KB) LOS objects, 34% free, 30MB/46MB, paused 2.127ms total 58.731ms
08-05 20:10:11.480 13866 13882 I PeriodicStatsRunner: PeriodicStatsRunner.call():175 call()
08-05 20:10:11.481 13866 13882 I PeriodicStatsRunner: PeriodicStatsRunner.call():179 No submit PeriodicStats since input started.
08-05 20:10:11.484 12674 12696 I art     : Starting a blocking GC Explicit
08-05 20:10:11.536 12674 12696 I art     : Explicit concurrent mark sweep GC freed 7036(334KB) AllocSpace objects, 0(0B) LOS objects, 34% free, 30MB/46MB, paused 2.137ms total 51.178ms
08-05 20:10:11.555 12674 12696 I art     : Starting a blocking GC Explicit
08-05 20:10:11.605 12674 12696 I art     : Explicit concurrent mark sweep GC freed 3301(160KB) AllocSpace objects, 0(0B) LOS objects, 34% free, 30MB/46MB, paused 2.392ms total 49.893ms
08-05 20:10:11.623 12674 12696 I art     : Starting a blocking GC Explicit
08-05 20:10:11.675 12674 12696 I art     : Explicit concurrent mark sweep GC freed 3280(169KB) AllocSpace objects, 0(0B) LOS objects, 34% free, 30MB/46MB, paused 2.192ms total 51.229ms
08-05 20:10:11.694 12674 12696 I art     : Starting a blocking GC Explicit
08-05 20:10:11.745 12674 12696 I art     : Explicit concurrent mark sweep GC freed 3424(177KB) AllocSpace objects, 0(0B) LOS objects, 34% free, 30MB/46MB, paused 2.153ms total 50.635ms
08-05 20:10:12.077 12674 13232 I art     : Starting a blocking GC Explicit
08-05 20:10:12.138 12674 13232 I art     : Explicit concurrent mark sweep GC freed 16628(938KB) AllocSpace objects, 1(20KB) LOS objects, 33% free, 31MB/47MB, paused 2.063ms total 60.125ms
08-05 20:10:12.157 12674 13232 I art     : Starting a blocking GC Explicit
08-05 20:10:12.212 12674 13232 I art     : Explicit concurrent mark sweep GC freed 7460(360KB) AllocSpace objects, 0(0B) LOS objects, 34% free, 30MB/46MB, paused 2.264ms total 54.573ms
08-05 20:10:12.231 12674 13232 I art     : Starting a blocking GC Explicit
08-05 20:10:12.284 12674 13232 I art     : Explicit concurrent mark sweep GC freed 3431(145KB) AllocSpace objects, 0(0B) LOS objects, 34% free, 31MB/47MB, paused 2.099ms total 52.412ms
08-05 20:10:12.303 12674 13232 I art     : Starting a blocking GC Explicit
08-05 20:10:12.357 12674 13232 I art     : Explicit concurrent mark sweep GC freed 3422(145KB) AllocSpace objects, 0(0B) LOS objects, 33% free, 31MB/47MB, paused 2.103ms total 52.980ms
08-05 20:10:12.376 12674 13232 I art     : Starting a blocking GC Explicit
08-05 20:10:12.429 12674 13232 I art     : Explicit concurrent mark sweep GC freed 3391(142KB) AllocSpace objects, 0(0B) LOS objects, 33% free, 31MB/47MB, paused 2.281ms total 52.536ms
08-05 20:10:12.786 12674 12687 I art     : Starting a blocking GC Explicit
08-05 20:10:12.850 12674 12687 I art     : Explicit concurrent mark sweep GC freed 17542(798KB) AllocSpace objects, 1(20KB) LOS objects, 33% free, 31MB/47MB, paused 2.180ms total 63.770ms
08-05 20:10:12.871 12674 12687 I art     : Starting a blocking GC Explicit
08-05 20:10:12.941 12674 12687 I art     : Explicit concurrent mark sweep GC freed 8575(392KB) AllocSpace objects, 0(0B) LOS objects, 33% free, 31MB/47MB, paused 2.347ms total 68.921ms
08-05 20:10:12.946 12674 14160 D OnlineFeedViewActivity: Deleted feed source file. Result: true
08-05 20:10:12.953 12674 12674 D OnlineFeedViewActivity: Removing HTML from shownotes
08-05 20:10:12.960 12674 12687 I art     : Starting a blocking GC Explicit
08-05 20:10:13.020 12674 12687 I art     : Explicit concurrent mark sweep GC freed 34547(2MB) AllocSpace objects, 147(9MB) LOS objects, 33% free, 32MB/48MB, paused 2.100ms total 59.593ms
08-05 20:10:13.041 12674 12687 I art     : Starting a blocking GC Explicit
08-05 20:10:13.105 12674 12687 I art     : Explicit concurrent mark sweep GC freed 50487(4MB) AllocSpace objects, 220(14MB) LOS objects, 32% free, 32MB/48MB, paused 2.073ms total 64.254ms
08-05 20:10:13.129 12674 12687 I art     : Starting a blocking GC Explicit
08-05 20:10:13.195 12674 12687 I art     : Explicit concurrent mark sweep GC freed 53932(4MB) AllocSpace objects, 243(16MB) LOS objects, 32% free, 33MB/49MB, paused 2.164ms total 65.580ms
08-05 20:10:13.277 14215 14215 D AndroidRuntime: >>>>>> START com.android.internal.os.RuntimeInit uid 2000 <<<<<<
08-05 20:10:13.283 14215 14215 D AndroidRuntime: CheckJNI is OFF
08-05 20:10:13.341 14215 14215 D ICU     : No timezone override file found: /data/misc/zoneinfo/current/icu/icu_tzdata.dat
08-05 20:10:13.388 14215 14215 I Radio-JNI: register_android_hardware_Radio DONE
08-05 20:10:13.419 14215 14215 D AndroidRuntime: Calling main entry com.android.commands.input.Input
08-05 20:10:13.421 14215 14215 I Input   : injectKeyEvent: KeyEvent { action=ACTION_DOWN, keyCode=KEYCODE_BACK, scanCode=0, metaState=0, flags=0x0, repeatCount=0, eventTime=821429834, downTime=821429834, deviceId=-1, source=0x101 }
08-05 20:10:13.440 13866 13882 I PeriodicStatsRunner: PeriodicStatsRunner.call():175 call()
08-05 20:10:13.441 13866 13882 I PeriodicStatsRunner: PeriodicStatsRunner.call():179 No submit PeriodicStats since input started.
08-05 20:10:13.532 12674 13232 I art     : Starting a blocking GC Explicit
08-05 20:10:13.574 12674 12674 I Choreographer: Skipped 36 frames!  The application may be doing too much work on its main thread.
08-05 20:10:13.597 12674 13232 I art     : Explicit concurrent mark sweep GC freed 21330(2MB) AllocSpace objects, 128(8MB) LOS objects, 33% free, 31MB/47MB, paused 2.489ms total 64.511ms
08-05 20:10:13.618 12674 13232 I art     : Starting a blocking GC Explicit
08-05 20:10:13.623 14215 14215 I Input   : injectKeyEvent: KeyEvent { action=ACTION_UP, keyCode=KEYCODE_BACK, scanCode=0, metaState=0, flags=0x0, repeatCount=0, eventTime=821429834, downTime=821429834, deviceId=-1, source=0x101 }
08-05 20:10:13.639 14215 14215 D AndroidRuntime: Shutting down VM
08-05 20:10:13.645 12674 12674 V PlaybackController: initServiceNotRunning()
08-05 20:10:13.645 12674 12674 D ExternalPlayerFragment: Loading media info
08-05 20:10:13.650 12674 12674 D UserPreferences: Using default data folder
08-05 20:10:13.651 12674 12694 D DBReader: getNavDrawerData() called with: 
08-05 20:10:13.669 12674 12694 D DBReader: getDownloadedItems() called
08-05 20:10:13.672 12674 12694 D DBReader: getFavoriteIDList() called
08-05 20:10:13.674 12674 12694 D DBReader: getQueueIDList() called
08-05 20:10:13.674 12674 13232 I art     : Explicit concurrent mark sweep GC freed 1428(92KB) AllocSpace objects, 1(68KB) LOS objects, 33% free, 31MB/47MB, paused 2.014ms total 55.889ms
08-05 20:10:13.675 12674 12694 D DBReader: Extracting Feedlist
08-05 20:10:13.679 13866 13866 I GoogleInputMethodServic: GoogleInputMethodService.onFinishInput():3138 
08-05 20:10:13.680 13866 13866 I GoogleInputMethodServic: GoogleInputMethodService.onStartInput():1808 
08-05 20:10:13.694 12674 12674 D MainActivity: getLastNavFragment() -> AddFeedFragment
08-05 20:10:13.694 12674 13232 I art     : Starting a blocking GC Explicit
08-05 20:10:13.696 13866 13882 I PeriodicStatsRunner: PeriodicStatsRunner.call():175 call()
08-05 20:10:13.697 13866 13882 I PeriodicStatsRunner: PeriodicStatsRunner.call():179 No submit PeriodicStats since input started.
08-05 20:10:13.752 12674 13232 I art     : Explicit concurrent mark sweep GC freed 1266(71KB) AllocSpace objects, 1(112KB) LOS objects, 33% free, 31MB/47MB, paused 1.721ms total 57.151ms
08-05 20:10:13.771 12674 13232 I art     : Starting a blocking GC Explicit
08-05 20:10:13.796 13866 13882 I PeriodicStatsRunner: PeriodicStatsRunner.call():175 call()
08-05 20:10:13.797 13866 13882 I PeriodicStatsRunner: PeriodicStatsRunner.call():179 No submit PeriodicStats since input started.
08-05 20:10:13.838 12674 13232 I art     : Explicit concurrent mark sweep GC freed 338(18KB) AllocSpace objects, 0(0B) LOS objects, 33% free, 31MB/47MB, paused 1.975ms total 65.739ms
08-05 20:10:13.869 12674 13232 I art     : Starting a blocking GC Explicit
08-05 20:10:13.946 12674 13232 I art     : Explicit concurrent mark sweep GC freed 3(96B) AllocSpace objects, 0(0B) LOS objects, 33% free, 31MB/47MB, paused 3.116ms total 76.633ms
08-05 20:10:13.970   380   380 W SurfaceFlinger: couldn't log to binary event log: overflow.
08-05 20:10:14.292 12674 12686 I art     : Starting a blocking GC Explicit
08-05 20:10:14.377 12674 12686 I art     : Explicit concurrent mark sweep GC freed 1972(105KB) AllocSpace objects, 1(20KB) LOS objects, 33% free, 31MB/47MB, paused 2.446ms total 84.101ms
08-05 20:10:14.402 12674 12686 I art     : Starting a blocking GC Explicit
08-05 20:10:14.463 12674 12686 I art     : Explicit concurrent mark sweep GC freed 37(1440B) AllocSpace objects, 0(0B) LOS objects, 33% free, 31MB/47MB, paused 1.756ms total 61.122ms
08-05 20:10:14.486 12674 12686 I art     : Starting a blocking GC Explicit
08-05 20:10:14.553 12674 12686 I art     : Explicit concurrent mark sweep GC freed 3(96B) AllocSpace objects, 0(0B) LOS objects, 33% free, 31MB/47MB, paused 2.025ms total 66.813ms
08-05 20:10:14.579 12674 12686 I art     : Starting a blocking GC Explicit
08-05 20:10:14.641 12674 12686 I art     : Explicit concurrent mark sweep GC freed 3(96B) AllocSpace objects, 0(0B) LOS objects, 33% free, 31MB/47MB, paused 1.788ms total 61.109ms
08-05 20:10:14.664 12674 12686 I art     : Starting a blocking GC Explicit
08-05 20:10:14.727 12674 12686 I art     : Explicit concurrent mark sweep GC freed 3(96B) AllocSpace objects, 0(0B) LOS objects, 33% free, 31MB/47MB, paused 1.895ms total 62.622ms
08-05 20:10:15.061 12674 13826 I art     : Starting a blocking GC Explicit
08-05 20:10:15.122 12674 13826 I art     : Explicit concurrent mark sweep GC freed 1403(83KB) AllocSpace objects, 1(20KB) LOS objects, 33% free, 31MB/47MB, paused 1.895ms total 60.277ms
08-05 20:10:15.144 12674 13826 I art     : Starting a blocking GC Explicit
08-05 20:10:15.203 12674 13826 I art     : Explicit concurrent mark sweep GC freed 126(6KB) AllocSpace objects, 0(0B) LOS objects, 33% free, 31MB/47MB, paused 1.881ms total 58.308ms
08-05 20:10:15.224 12674 13826 I art     : Starting a blocking GC Explicit
08-05 20:10:15.272 12674 13826 I art     : Explicit concurrent mark sweep GC freed 33148(3MB) AllocSpace objects, 1(28KB) LOS objects, 36% free, 28MB/44MB, paused 1.759ms total 46.942ms
08-05 20:10:15.289 12674 13826 I art     : Starting a blocking GC Explicit
08-05 20:10:15.339 12674 13826 I art     : Explicit concurrent mark sweep GC freed 9(288B) AllocSpace objects, 0(0B) LOS objects, 36% free, 28MB/44MB, paused 2.054ms total 49.466ms
08-05 20:10:15.356 12674 13826 I art     : Starting a blocking GC Explicit
08-05 20:10:15.402 12674 13826 I art     : Explicit concurrent mark sweep GC freed 11(352B) AllocSpace objects, 0(0B) LOS objects, 36% free, 28MB/44MB, paused 1.893ms total 44.926ms
08-05 20:10:15.568   518   646 I ThermalEngine: ACTION: GPU - Setting GPU[0] to 450000000
08-05 20:10:15.577 14258 14258 D AndroidRuntime: >>>>>> START com.android.internal.os.RuntimeInit uid 2000 <<<<<<
08-05 20:10:15.583 14258 14258 D AndroidRuntime: CheckJNI is OFF
08-05 20:10:15.623 14258 14258 D ICU     : No timezone override file found: /data/misc/zoneinfo/current/icu/icu_tzdata.dat
08-05 20:10:15.664 14258 14258 I Radio-JNI: register_android_hardware_Radio DONE
08-05 20:10:15.693 14258 14258 D AndroidRuntime: Calling main entry com.android.commands.input.Input
08-05 20:10:15.695 14258 14258 I Input   : injectMotionEvent: MotionEvent { action=ACTION_DOWN, actionButton=0, id[0]=0, x[0]=616.0, y[0]=469.0, toolType[0]=TOOL_TYPE_UNKNOWN, buttonState=0, metaState=0, flags=0x0, edgeFlags=0x0, pointerCount=1, historySize=0, eventTime=821432107, downTime=821432107, deviceId=0, source=0x1002 }
08-05 20:10:15.700 14258 14258 I Input   : injectMotionEvent: MotionEvent { action=ACTION_UP, actionButton=0, id[0]=0, x[0]=616.0, y[0]=469.0, toolType[0]=TOOL_TYPE_UNKNOWN, buttonState=0, metaState=0, flags=0x0, edgeFlags=0x0, pointerCount=1, historySize=0, eventTime=821432107, downTime=821432107, deviceId=0, source=0x1002 }
08-05 20:10:15.702 14258 14258 D AndroidRuntime: Shutting down VM
08-05 20:10:15.708 12674 13826 I art     : Starting a blocking GC Explicit
08-05 20:10:15.745 12674 13826 I art     : Explicit concurrent mark sweep GC freed 1426(82KB) AllocSpace objects, 1(20KB) LOS objects, 36% free, 28MB/44MB, paused 1.184ms total 35.819ms
08-05 20:10:15.757 12674 13826 I art     : Starting a blocking GC Explicit
08-05 20:10:15.769   512  2967 D audio_hw_primary: out_set_parameters: enter: usecase(1: low-latency-playback) kvpairs: routing=2
08-05 20:10:15.778 13866 13866 I GoogleInputMethodServic: GoogleInputMethodService.onFinishInput():3138 
08-05 20:10:15.779 13866 13866 I GoogleInputMethodServic: GoogleInputMethodService.onStartInput():1808 
08-05 20:10:15.782   512  2967 D audio_hw_primary: select_devices: out_snd_device(2: speaker) in_snd_device(0: none)
08-05 20:10:15.782   512  2967 D msm8974_platform: platform_send_audio_calibration: sending audio calibration for snd_device(2) acdb_id(15)
08-05 20:10:15.782   512  2967 I soundtrigger: audio_extn_sound_trigger_update_device_status: device 0x2 of type 0 for Event 1
08-05 20:10:15.792   512  2967 D audio_hw_primary: enable_snd_device: snd_device(2: speaker)
08-05 20:10:15.793 12674 13826 I art     : Explicit concurrent mark sweep GC freed 259(10KB) AllocSpace objects, 0(0B) LOS objects, 36% free, 28MB/44MB, paused 1.421ms total 35.745ms
08-05 20:10:15.795   512  2967 D audio_hw_primary: enable_audio_route: apply and update mixer path: low-latency-playback speaker
08-05 20:10:15.806 12674 13826 I art     : Starting a blocking GC Explicit
08-05 20:10:15.840 12674 13826 I art     : Explicit concurrent mark sweep GC freed 31(1472B) AllocSpace objects, 0(0B) LOS objects, 36% free, 28MB/44MB, paused 1.708ms total 33.683ms
08-05 20:10:15.851 12674 13826 I art     : Starting a blocking GC Explicit
08-05 20:10:15.883 12674 13826 I art     : Explicit concurrent mark sweep GC freed 18(672B) AllocSpace objects, 0(0B) LOS objects, 36% free, 28MB/44MB, paused 1.230ms total 32.383ms
08-05 20:10:15.895 12674 13826 I art     : Starting a blocking GC Explicit
08-05 20:10:15.927 12674 13826 I art     : Explicit concurrent mark sweep GC freed 18(672B) AllocSpace objects, 0(0B) LOS objects, 36% free, 28MB/44MB, paused 1.223ms total 32.010ms
08-05 20:10:16.015 12674 13221 I NAPPA_EXPERIMENTATION: MetricNetworkRequestExecutionTime: REQUEST_DURATION_SYSTEM='248',REQUEST_DURATION_OKHTTP='247',REQUEST_SYNCHRONOUS='TRUE',RESPONSE_CODE='200',RESPONSE_METHOD='GET',RESPONSE_LENGTH_OKHTTP='-1',RESPONSE_LENGTH_HEADER='628',REQUEST_PROTOCOL='h2',REQUEST_URL='https://itunes.apple.com/lookup?id=1524080195',
08-05 20:10:16.040   918  5481 I ActivityManager: START u0 {cmp=baseline.de.danoeh.antennapod.debug/baseline.de.danoeh.antennapod.activity.OnlineFeedViewActivity (has extras)} from uid 10695 on display 0
08-05 20:10:16.067 13866 13866 I GoogleInputMethodServic: GoogleInputMethodService.onFinishInput():3138 
08-05 20:10:16.068 13866 13866 I GoogleInputMethodServic: GoogleInputMethodService.onStartInput():1808 
08-05 20:10:16.091 12674 12674 D UserPreferences: Using default data folder
08-05 20:10:16.092 12674 12674 D OnlineFeedViewActivity: Activity was started with url https://rss.art19.com/nice-white-parents
08-05 20:10:16.094 12674 12674 D OnlineFeedViewActivity: Starting feed download
08-05 20:10:16.096 12674 13220 D DBReader: Extracting Feedlist
08-05 20:10:16.099   918   929 D WifiService: acquireWifiLockLocked: WifiLock{Downloader type=1 binder=android.os.BinderProxy@95008e6}
08-05 20:10:16.100 12674 13220 D AntennapodHttpClient: Creating new instance of HTTP client
08-05 20:10:16.150 13866 13866 I GoogleInputMethodServic: GoogleInputMethodService.onFinishInput():3138 
08-05 20:10:16.151 13866 13866 I GoogleInputMethodServic: GoogleInputMethodService.onStartInput():1808 
08-05 20:10:16.168   918   936 I ActivityManager: Displayed baseline.de.danoeh.antennapod.debug/baseline.de.danoeh.antennapod.activity.OnlineFeedViewActivity: +104ms
08-05 20:10:16.219 12674 12696 I art     : Starting a blocking GC Explicit
08-05 20:10:16.253 12674 12696 I art     : Explicit concurrent mark sweep GC freed 6749(390KB) AllocSpace objects, 4(220KB) LOS objects, 35% free, 28MB/44MB, paused 1.804ms total 34.494ms
08-05 20:10:16.266 12674 12696 I art     : Starting a blocking GC Explicit
08-05 20:10:16.301 12674 12696 I art     : Explicit concurrent mark sweep GC freed 2254(166KB) AllocSpace objects, 0(0B) LOS objects, 36% free, 28MB/44MB, paused 1.222ms total 35.054ms
08-05 20:10:16.313 12674 12696 I art     : Starting a blocking GC Explicit
08-05 20:10:16.339   512  2967 D audio_hw_primary: disable_audio_route: reset and update mixer path: low-latency-playback speaker
08-05 20:10:16.342   512  2967 D audio_hw_primary: disable_snd_device: snd_device(2: speaker)
08-05 20:10:16.350   512  2967 I soundtrigger: audio_extn_sound_trigger_update_device_status: device 0x2 of type 0 for Event 0
08-05 20:10:16.351 12674 12696 I art     : Explicit concurrent mark sweep GC freed 53(2304B) AllocSpace objects, 0(0B) LOS objects, 36% free, 28MB/44MB, paused 1.320ms total 38.112ms
08-05 20:10:16.365 12674 12696 I art     : Starting a blocking GC Explicit
08-05 20:10:16.404 12674 12696 I art     : Explicit concurrent mark sweep GC freed 3(96B) AllocSpace objects, 0(0B) LOS objects, 36% free, 28MB/44MB, paused 1.332ms total 38.981ms
08-05 20:10:16.419 12674 12696 I art     : Starting a blocking GC Explicit
08-05 20:10:16.422 12674 13220 D MYTAG   : interceptor 3a https://rss.art19.com/nice-white-parents
08-05 20:10:16.422 12674 13220 I NAPPA_EXPERIMENTATION: MetricNetworkRequestExecutionTime: REQUEST_DURATION_SYSTEM='320',REQUEST_DURATION_OKHTTP='151',REQUEST_SYNCHRONOUS='TRUE',RESPONSE_CODE='200',RESPONSE_METHOD='GET',RESPONSE_LENGTH_OKHTTP='-1',RESPONSE_LENGTH_HEADER='1803',REQUEST_PROTOCOL='h2',REQUEST_URL='https://rss.art19.com/nice-white-parents',
08-05 20:10:16.422 12674 13220 D HttpDownloader: Response code is 200
08-05 20:10:16.422 12674 13220 D UserPreferences: Using default data folder
08-05 20:10:16.423   380   380 W SurfaceFlinger: couldn't log to binary event log: overflow.
08-05 20:10:16.425 12674 13220 D HttpDownloader: Getting size of download
08-05 20:10:16.425 12674 13220 D HttpDownloader: Size is -1
08-05 20:10:16.425 12674 13220 D UserPreferences: Using default data folder
08-05 20:10:16.425 12674 13220 D HttpDownloader: Free space is 20173451264
08-05 20:10:16.425 12674 13220 D HttpDownloader: Starting download
08-05 20:10:16.456 12674 12696 I art     : Explicit concurrent mark sweep GC freed 280(20KB) AllocSpace objects, 0(0B) LOS objects, 36% free, 28MB/44MB, paused 1.150ms total 37.061ms
08-05 20:10:16.459 12674 13220 D HttpDownloader: Download was successful
08-05 20:10:16.460   918  4400 D WifiService: releaseWifiLockLocked: WifiLock{Downloader type=1 binder=android.os.BinderProxy@95008e6}
08-05 20:10:16.461 12674 12674 D OnlineFeedViewActivity: Parsing feed
08-05 20:10:16.464 12674 14305 D TypeGetter: Recognized type RSS 2.0
08-05 20:10:16.465 12674 14305 D SyndHandler: Recognized ITunes namespace
08-05 20:10:16.465 12674 14305 D SyndHandler: Recognized Atom namespace
08-05 20:10:16.466 12674 14305 D SyndHandler: Recognized Content namespace
08-05 20:10:16.473 12674 14305 D OnlineFeedViewActivity: Deleted feed source file. Result: true
08-05 20:10:16.473 12674 12674 D OnlineFeedViewActivity: Removing HTML from shownotes
08-05 20:10:16.560 12674 12674 D PlaybackController: Releasing PlaybackController
08-05 20:10:16.767 12674 13826 I art     : Starting a blocking GC Explicit
08-05 20:10:16.815 12674 13826 I art     : Explicit concurrent mark sweep GC freed 3465(359KB) AllocSpace objects, 5(148KB) LOS objects, 35% free, 28MB/44MB, paused 1.330ms total 48.130ms
08-05 20:10:16.829 12674 13826 I art     : Starting a blocking GC Explicit
08-05 20:10:16.866 12674 13826 I art     : Explicit concurrent mark sweep GC freed 657(31KB) AllocSpace objects, 1(112KB) LOS objects, 36% free, 28MB/44MB, paused 1.261ms total 36.576ms
08-05 20:10:16.878 12674 13826 I art     : Starting a blocking GC Explicit
08-05 20:10:16.914 12674 13826 I art     : Explicit concurrent mark sweep GC freed 3(96B) AllocSpace objects, 0(0B) LOS objects, 36% free, 28MB/44MB, paused 1.217ms total 36.111ms
08-05 20:10:16.927 12674 13826 I art     : Starting a blocking GC Explicit
08-05 20:10:16.963 12674 13826 I art     : Explicit concurrent mark sweep GC freed 3(96B) AllocSpace objects, 0(0B) LOS objects, 36% free, 28MB/44MB, paused 1.249ms total 36.408ms
08-05 20:10:16.975 12674 13826 I art     : Starting a blocking GC Explicit
08-05 20:10:17.012 12674 13826 I art     : Explicit concurrent mark sweep GC freed 3(96B) AllocSpace objects, 0(0B) LOS objects, 36% free, 28MB/44MB, paused 1.227ms total 36.612ms
08-05 20:10:17.332 12674 12686 I art     : Starting a blocking GC Explicit
08-05 20:10:17.386 12674 12686 I art     : Explicit concurrent mark sweep GC freed 1374(82KB) AllocSpace objects, 1(20KB) LOS objects, 36% free, 28MB/44MB, paused 1.431ms total 53.549ms
08-05 20:10:17.403 12674 12686 I art     : Starting a blocking GC Explicit
08-05 20:10:17.445 12674 12686 I art     : Explicit concurrent mark sweep GC freed 23(752B) AllocSpace objects, 0(0B) LOS objects, 36% free, 28MB/44MB, paused 1.195ms total 41.148ms
08-05 20:10:17.457 12674 12686 I art     : Starting a blocking GC Explicit
08-05 20:10:17.497 12674 12686 I art     : Explicit concurrent mark sweep GC freed 3(96B) AllocSpace objects, 0(0B) LOS objects, 36% free, 28MB/44MB, paused 1.272ms total 39.471ms
08-05 20:10:17.509 12674 12686 I art     : Starting a blocking GC Explicit
08-05 20:10:17.548 12674 12686 I art     : Explicit concurrent mark sweep GC freed 3(96B) AllocSpace objects, 0(0B) LOS objects, 36% free, 28MB/44MB, paused 1.444ms total 38.572ms
08-05 20:10:17.561 12674 12686 I art     : Starting a blocking GC Explicit
08-05 20:10:17.578   518   646 I ThermalEngine: ACTION: GPU - Setting GPU[0] to 390000000
08-05 20:10:17.640 12674 12686 I art     : Explicit concurrent mark sweep GC freed 3(96B) AllocSpace objects, 0(0B) LOS objects, 36% free, 28MB/44MB, paused 3ms total 78.781ms
08-05 20:10:17.987 12674 12696 I art     : Starting a blocking GC Explicit
08-05 20:10:18.044 12674 12696 I art     : Explicit concurrent mark sweep GC freed 1401(81KB) AllocSpace objects, 1(20KB) LOS objects, 36% free, 28MB/44MB, paused 2.110ms total 56.122ms
08-05 20:10:18.065 12674 12696 I art     : Starting a blocking GC Explicit
08-05 20:10:18.124 12674 12696 I art     : Explicit concurrent mark sweep GC freed 26(848B) AllocSpace objects, 0(0B) LOS objects, 36% free, 28MB/44MB, paused 3.128ms total 58.304ms
08-05 20:10:18.142 12674 12696 I art     : Starting a blocking GC Explicit
08-05 20:10:18.190 12674 12696 I art     : Explicit concurrent mark sweep GC freed 11(352B) AllocSpace objects, 0(0B) LOS objects, 36% free, 28MB/44MB, paused 1.872ms total 47.072ms
08-05 20:10:18.208 12674 12696 I art     : Starting a blocking GC Explicit
08-05 20:10:18.263 12674 12696 I art     : Explicit concurrent mark sweep GC freed 39(2592B) AllocSpace objects, 0(0B) LOS objects, 36% free, 28MB/44MB, paused 2.269ms total 54.961ms
08-05 20:10:18.284 12674 12696 I art     : Starting a blocking GC Explicit
08-05 20:10:18.337 12674 12696 I art     : Explicit concurrent mark sweep GC freed 24(1104B) AllocSpace objects, 0(0B) LOS objects, 36% free, 28MB/44MB, paused 2.146ms total 53.392ms
08-05 20:10:18.577   518   646 I ThermalEngine: ACTION: GPU - Setting GPU[0] to 450000000
08-05 20:10:18.670 12674 12687 I art     : Starting a blocking GC Explicit
08-05 20:10:18.680 13866 13882 I PeriodicStatsRunner: PeriodicStatsRunner.call():175 call()
08-05 20:10:18.681 13866 13882 I PeriodicStatsRunner: PeriodicStatsRunner.call():179 No submit PeriodicStats since input started.
08-05 20:10:18.720 12674 12687 I art     : Explicit concurrent mark sweep GC freed 1373(80KB) AllocSpace objects, 1(20KB) LOS objects, 36% free, 28MB/44MB, paused 1.405ms total 49.803ms
08-05 20:10:18.735 12674 12687 I art     : Starting a blocking GC Explicit
08-05 20:10:18.775 12674 12687 I art     : Explicit concurrent mark sweep GC freed 23(752B) AllocSpace objects, 0(0B) LOS objects, 36% free, 28MB/44MB, paused 1.272ms total 40.013ms
08-05 20:10:18.788 12674 12687 I art     : Starting a blocking GC Explicit
08-05 20:10:18.827 12674 12687 I art     : Explicit concurrent mark sweep GC freed 32(880B) AllocSpace objects, 0(0B) LOS objects, 36% free, 28MB/44MB, paused 1.257ms total 38.315ms
08-05 20:10:18.841 12674 12687 I art     : Starting a blocking GC Explicit
08-05 20:10:18.880 12674 12687 I art     : Explicit concurrent mark sweep GC freed 120(8KB) AllocSpace objects, 0(0B) LOS objects, 36% free, 28MB/44MB, paused 1.183ms total 39.092ms
08-05 20:10:18.893 12674 12687 I art     : Starting a blocking GC Explicit
08-05 20:10:18.932 12674 12687 I art     : Explicit concurrent mark sweep GC freed 3(96B) AllocSpace objects, 0(0B) LOS objects, 36% free, 28MB/44MB, paused 1.105ms total 38.679ms
08-05 20:10:19.260 12674 12686 I art     : Starting a blocking GC Explicit
08-05 20:10:19.308 12674 12686 I art     : Explicit concurrent mark sweep GC freed 1372(80KB) AllocSpace objects, 1(20KB) LOS objects, 36% free, 28MB/44MB, paused 1.132ms total 47.492ms
08-05 20:10:19.323 12674 12686 I art     : Starting a blocking GC Explicit
08-05 20:10:19.361 12674 12686 I art     : Explicit concurrent mark sweep GC freed 23(768B) AllocSpace objects, 0(0B) LOS objects, 36% free, 28MB/44MB, paused 1.109ms total 38.568ms
08-05 20:10:19.374 12674 12686 I art     : Starting a blocking GC Explicit
08-05 20:10:19.414 12674 12686 I art     : Explicit concurrent mark sweep GC freed 3(96B) AllocSpace objects, 0(0B) LOS objects, 36% free, 28MB/44MB, paused 1.148ms total 39.544ms
08-05 20:10:19.426 12674 12686 I art     : Starting a blocking GC Explicit
08-05 20:10:19.464 12674 12686 I art     : Explicit concurrent mark sweep GC freed 3(96B) AllocSpace objects, 0(0B) LOS objects, 36% free, 28MB/44MB, paused 1.141ms total 37.642ms
08-05 20:10:19.477 12674 12686 I art     : Starting a blocking GC Explicit
08-05 20:10:19.516 12674 12686 I art     : Explicit concurrent mark sweep GC freed 3(96B) AllocSpace objects, 0(0B) LOS objects, 36% free, 28MB/44MB, paused 1.157ms total 39.345ms
08-05 20:10:19.547 15866 15897 I Finsky  : [6071] ktr.run(-1): Stats for Executor: BlockingExecutor kvs@43d8fc2[Running, pool size = 1, active threads = 0, queued tasks = 0, completed tasks = 47]
08-05 20:10:19.548 15866 15897 I Finsky  : [6071] ktr.run(-1): Stats for Executor: LightweightExecutor kvs@20f81d3[Running, pool size = 4, active threads = 0, queued tasks = 0, completed tasks = 76]
08-05 20:10:19.866 12674 13232 I art     : Starting a blocking GC Explicit
08-05 20:10:19.911 12674 13232 I art     : Explicit concurrent mark sweep GC freed 1401(81KB) AllocSpace objects, 1(20KB) LOS objects, 36% free, 28MB/44MB, paused 1.178ms total 44.280ms
08-05 20:10:19.925 12674 13232 I art     : Starting a blocking GC Explicit
08-05 20:10:19.964 12674 13232 I art     : Explicit concurrent mark sweep GC freed 23(752B) AllocSpace objects, 0(0B) LOS objects, 36% free, 28MB/44MB, paused 1.122ms total 38.704ms
08-05 20:10:19.977 12674 13232 I art     : Starting a blocking GC Explicit
08-05 20:10:20.017 12674 13232 I art     : Explicit concurrent mark sweep GC freed 3(96B) AllocSpace objects, 0(0B) LOS objects, 36% free, 28MB/44MB, paused 1.135ms total 39.426ms
08-05 20:10:20.029 12674 13232 I art     : Starting a blocking GC Explicit
08-05 20:10:20.067 12674 13232 I art     : Explicit concurrent mark sweep GC freed 3(96B) AllocSpace objects, 0(0B) LOS objects, 36% free, 28MB/44MB, paused 1.240ms total 38.060ms
08-05 20:10:20.080 12674 13232 I art     : Starting a blocking GC Explicit
08-05 20:10:20.120 12674 13232 I art     : Explicit concurrent mark sweep GC freed 3(96B) AllocSpace objects, 0(0B) LOS objects, 36% free, 28MB/44MB, paused 1.164ms total 39.576ms
08-05 20:10:20.456 12674 12696 I art     : Starting a blocking GC Explicit
08-05 20:10:20.502 12674 12696 I art     : Explicit concurrent mark sweep GC freed 1373(82KB) AllocSpace objects, 1(20KB) LOS objects, 36% free, 28MB/44MB, paused 1.215ms total 45.907ms
08-05 20:10:20.518 12674 12696 I art     : Starting a blocking GC Explicit
08-05 20:10:20.557 12674 12696 I art     : Explicit concurrent mark sweep GC freed 23(768B) AllocSpace objects, 0(0B) LOS objects, 36% free, 28MB/44MB, paused 1.202ms total 39.243ms
08-05 20:10:20.569 12674 12696 I art     : Starting a blocking GC Explicit
08-05 20:10:20.605 15866 15897 I Finsky  : [6071] ktr.run(-1): Stats for Executor: bgExecutor kvs@65ac110[Running, pool size = 4, active threads = 0, queued tasks = 0, completed tasks = 160]
08-05 20:10:20.609 12674 12696 I art     : Explicit concurrent mark sweep GC freed 3(96B) AllocSpace objects, 0(0B) LOS objects, 36% free, 28MB/44MB, paused 1.190ms total 38.934ms
08-05 20:10:20.621 12674 12696 I art     : Starting a blocking GC Explicit
08-05 20:10:20.659 12674 12696 I art     : Explicit concurrent mark sweep GC freed 3(96B) AllocSpace objects, 0(0B) LOS objects, 36% free, 28MB/44MB, paused 1.189ms total 38.066ms
08-05 20:10:20.672 12674 12696 I art     : Starting a blocking GC Explicit
08-05 20:10:20.712 12674 12696 I art     : Explicit concurrent mark sweep GC freed 3(96B) AllocSpace objects, 0(0B) LOS objects, 36% free, 28MB/44MB, paused 1.129ms total 39.617ms
08-05 20:10:20.780 13866 13882 I PeriodicStatsRunner: PeriodicStatsRunner.call():175 call()
08-05 20:10:20.781 13866 13882 I PeriodicStatsRunner: PeriodicStatsRunner.call():179 No submit PeriodicStats since input started.
08-05 20:10:21.027 12674 13826 I art     : Starting a blocking GC Explicit
08-05 20:10:21.068 13866 13882 I PeriodicStatsRunner: PeriodicStatsRunner.call():175 call()
08-05 20:10:21.070 13866 13882 I PeriodicStatsRunner: PeriodicStatsRunner.call():179 No submit PeriodicStats since input started.
08-05 20:10:21.078 12674 13826 I art     : Explicit concurrent mark sweep GC freed 1401(81KB) AllocSpace objects, 1(20KB) LOS objects, 36% free, 28MB/44MB, paused 1.251ms total 50.716ms
08-05 20:10:21.094 12674 13826 I art     : Starting a blocking GC Explicit
08-05 20:10:21.135 12674 13826 I art     : Explicit concurrent mark sweep GC freed 23(752B) AllocSpace objects, 0(0B) LOS objects, 36% free, 28MB/44MB, paused 1.140ms total 40.672ms
08-05 20:10:21.147 12674 13826 I art     : Starting a blocking GC Explicit
08-05 20:10:21.154 13866 13882 I PeriodicStatsRunner: PeriodicStatsRunner.call():175 call()
08-05 20:10:21.155 13866 13882 I PeriodicStatsRunner: PeriodicStatsRunner.call():179 No submit PeriodicStats since input started.
08-05 20:10:21.184 12674 13826 I art     : Explicit concurrent mark sweep GC freed 3(96B) AllocSpace objects, 0(0B) LOS objects, 36% free, 28MB/44MB, paused 1.160ms total 37.344ms
08-05 20:10:21.197 12674 13826 I art     : Starting a blocking GC Explicit
08-05 20:10:21.237 12674 13826 I art     : Explicit concurrent mark sweep GC freed 3(96B) AllocSpace objects, 0(0B) LOS objects, 36% free, 28MB/44MB, paused 1.140ms total 39.364ms
08-05 20:10:21.249 12674 13826 I art     : Starting a blocking GC Explicit
08-05 20:10:21.286 12674 13826 I art     : Explicit concurrent mark sweep GC freed 3(96B) AllocSpace objects, 0(0B) LOS objects, 36% free, 28MB/44MB, paused 1.120ms total 36.287ms
08-05 20:10:21.621 12674 12687 I art     : Starting a blocking GC Explicit
08-05 20:10:21.669 12674 12687 I art     : Explicit concurrent mark sweep GC freed 1372(80KB) AllocSpace objects, 1(20KB) LOS objects, 36% free, 28MB/44MB, paused 1.229ms total 47.978ms
08-05 20:10:21.684 12674 12687 I art     : Starting a blocking GC Explicit
08-05 20:10:21.724 12674 12687 I art     : Explicit concurrent mark sweep GC freed 23(768B) AllocSpace objects, 0(0B) LOS objects, 36% free, 28MB/44MB, paused 1.156ms total 39.460ms
08-05 20:10:21.737 12674 12687 I art     : Starting a blocking GC Explicit
08-05 20:10:21.773 12674 12687 I art     : Explicit concurrent mark sweep GC freed 3(96B) AllocSpace objects, 0(0B) LOS objects, 36% free, 28MB/44MB, paused 1.089ms total 36.249ms
08-05 20:10:21.785 12674 12687 I art     : Starting a blocking GC Explicit
08-05 20:10:21.824 12674 12687 I art     : Explicit concurrent mark sweep GC freed 32(880B) AllocSpace objects, 0(0B) LOS objects, 36% free, 28MB/44MB, paused 1.148ms total 38.621ms
08-05 20:10:21.837 12674 12687 I art     : Starting a blocking GC Explicit
08-05 20:10:21.875 12674 12687 I art     : Explicit concurrent mark sweep GC freed 3(96B) AllocSpace objects, 0(0B) LOS objects, 36% free, 28MB/44MB, paused 1.117ms total 38.198ms
08-05 20:10:22.225 12674 12686 I art     : Starting a blocking GC Explicit
08-05 20:10:22.274 12674 12686 I art     : Explicit concurrent mark sweep GC freed 1372(80KB) AllocSpace objects, 1(20KB) LOS objects, 36% free, 28MB/44MB, paused 1.155ms total 48.132ms
08-05 20:10:22.291 12674 12686 I art     : Starting a blocking GC Explicit
08-05 20:10:22.329 12674 12686 I art     : Explicit concurrent mark sweep GC freed 23(752B) AllocSpace objects, 0(0B) LOS objects, 36% free, 28MB/44MB, paused 1.179ms total 37.611ms
08-05 20:10:22.341 12674 12686 I art     : Starting a blocking GC Explicit
08-05 20:10:22.380 12674 12686 I art     : Explicit concurrent mark sweep GC freed 3(96B) AllocSpace objects, 0(0B) LOS objects, 36% free, 28MB/44MB, paused 1.144ms total 38.359ms
08-05 20:10:22.392 12674 12686 I art     : Starting a blocking GC Explicit
08-05 20:10:22.430 12674 12686 I art     : Explicit concurrent mark sweep GC freed 3(96B) AllocSpace objects, 0(0B) LOS objects, 36% free, 28MB/44MB, paused 1.145ms total 37.777ms
08-05 20:10:22.443 12674 12686 I art     : Starting a blocking GC Explicit
08-05 20:10:22.482 12674 12686 I art     : Explicit concurrent mark sweep GC freed 3(96B) AllocSpace objects, 0(0B) LOS objects, 36% free, 28MB/44MB, paused 1.152ms total 38.595ms
08-05 20:10:22.819 12674 13232 I art     : Starting a blocking GC Explicit
08-05 20:10:22.865 12674 13232 I art     : Explicit concurrent mark sweep GC freed 1401(81KB) AllocSpace objects, 1(20KB) LOS objects, 36% free, 28MB/44MB, paused 1.251ms total 46.180ms
08-05 20:10:22.882 12674 13232 I art     : Starting a blocking GC Explicit
08-05 20:10:22.918 12674 13232 I art     : Explicit concurrent mark sweep GC freed 23(768B) AllocSpace objects, 0(0B) LOS objects, 36% free, 28MB/44MB, paused 1.218ms total 35.617ms
08-05 20:10:22.930 12674 13232 I art     : Starting a blocking GC Explicit
08-05 20:10:22.970 12674 13232 I art     : Explicit concurrent mark sweep GC freed 3(96B) AllocSpace objects, 0(0B) LOS objects, 36% free, 28MB/44MB, paused 1.160ms total 39.591ms
08-05 20:10:22.982 12674 13232 I art     : Starting a blocking GC Explicit
08-05 20:10:23.020 12674 13232 I art     : Explicit concurrent mark sweep GC freed 3(96B) AllocSpace objects, 0(0B) LOS objects, 36% free, 28MB/44MB, paused 1.165ms total 37.736ms
08-05 20:10:23.033 12674 13232 I art     : Starting a blocking GC Explicit
08-05 20:10:23.073 12674 13232 I art     : Explicit concurrent mark sweep GC freed 3(96B) AllocSpace objects, 0(0B) LOS objects, 36% free, 28MB/44MB, paused 1.164ms total 39.292ms
08-05 20:10:23.073 12674 12685 I art     : WaitForGcToComplete blocked for 28.748ms for cause HeapTrim
08-05 20:10:23.404 12674 12696 I art     : Starting a blocking GC Explicit
08-05 20:10:23.455 12674 12696 I art     : Explicit concurrent mark sweep GC freed 1372(80KB) AllocSpace objects, 1(20KB) LOS objects, 36% free, 28MB/44MB, paused 1.286ms total 49.790ms
08-05 20:10:23.472 12674 12696 I art     : Starting a blocking GC Explicit
08-05 20:10:23.509 12674 12696 I art     : Explicit concurrent mark sweep GC freed 23(752B) AllocSpace objects, 0(0B) LOS objects, 36% free, 28MB/44MB, paused 1.163ms total 36.826ms
08-05 20:10:23.521 12674 12696 I art     : Starting a blocking GC Explicit
08-05 20:10:23.561 12674 12696 I art     : Explicit concurrent mark sweep GC freed 3(96B) AllocSpace objects, 0(0B) LOS objects, 36% free, 28MB/44MB, paused 1.146ms total 39.361ms
08-05 20:10:23.573 12674 12696 I art     : Starting a blocking GC Explicit
08-05 20:10:23.612 12674 12696 I art     : Explicit concurrent mark sweep GC freed 3(96B) AllocSpace objects, 0(0B) LOS objects, 36% free, 28MB/44MB, paused 1.145ms total 38.624ms
08-05 20:10:23.625 12674 12696 I art     : Starting a blocking GC Explicit
08-05 20:10:23.664 12674 12696 I art     : Explicit concurrent mark sweep GC freed 3(96B) AllocSpace objects, 0(0B) LOS objects, 36% free, 28MB/44MB, paused 1.176ms total 39.183ms
08-05 20:10:24.011 12674 13826 I art     : Starting a blocking GC Explicit
08-05 20:10:24.047 12674 13826 I art     : Explicit concurrent mark sweep GC freed 1401(81KB) AllocSpace objects, 1(20KB) LOS objects, 36% free, 28MB/44MB, paused 1.138ms total 35.827ms
08-05 20:10:24.059 12674 13826 I art     : Starting a blocking GC Explicit
08-05 20:10:24.093 12674 13826 I art     : Explicit concurrent mark sweep GC freed 23(768B) AllocSpace objects, 0(0B) LOS objects, 36% free, 28MB/44MB, paused 1.112ms total 34.023ms
08-05 20:10:24.105 12674 13826 I art     : Starting a blocking GC Explicit
08-05 20:10:24.143 12674 13826 I art     : Explicit concurrent mark sweep GC freed 3(96B) AllocSpace objects, 0(0B) LOS objects, 36% free, 28MB/44MB, paused 1.153ms total 37.250ms
08-05 20:10:24.155 12674 13826 I art     : Starting a blocking GC Explicit
08-05 20:10:24.192 12674 13826 I art     : Explicit concurrent mark sweep GC freed 3(96B) AllocSpace objects, 0(0B) LOS objects, 36% free, 28MB/44MB, paused 1.181ms total 36.932ms
08-05 20:10:24.204 12674 13826 I art     : Starting a blocking GC Explicit
08-05 20:10:24.240 12674 13826 I art     : Explicit concurrent mark sweep GC freed 3(96B) AllocSpace objects, 0(0B) LOS objects, 36% free, 28MB/44MB, paused 1.155ms total 35.995ms
08-05 20:10:24.483 14438 14438 D AndroidRuntime: >>>>>> START com.android.internal.os.RuntimeInit uid 2000 <<<<<<
08-05 20:10:24.489 14438 14438 D AndroidRuntime: CheckJNI is OFF
08-05 20:10:24.534 14438 14438 D ICU     : No timezone override file found: /data/misc/zoneinfo/current/icu/icu_tzdata.dat
08-05 20:10:24.564 12674 12687 I art     : Starting a blocking GC Explicit
08-05 20:10:24.577 14438 14438 I Radio-JNI: register_android_hardware_Radio DONE
08-05 20:10:24.601 12674 12687 I art     : Explicit concurrent mark sweep GC freed 1372(80KB) AllocSpace objects, 1(20KB) LOS objects, 36% free, 28MB/44MB, paused 1.172ms total 36.214ms
08-05 20:10:24.607 14438 14438 D AndroidRuntime: Calling main entry com.android.commands.input.Input
08-05 20:10:24.609 14438 14438 I Input   : injectKeyEvent: KeyEvent { action=ACTION_DOWN, keyCode=KEYCODE_BACK, scanCode=0, metaState=0, flags=0x0, repeatCount=0, eventTime=821441022, downTime=821441022, deviceId=-1, source=0x101 }
08-05 20:10:24.612 12674 12687 I art     : Starting a blocking GC Explicit
08-05 20:10:24.616 14438 14438 I Input   : injectKeyEvent: KeyEvent { action=ACTION_UP, keyCode=KEYCODE_BACK, scanCode=0, metaState=0, flags=0x0, repeatCount=0, eventTime=821441022, downTime=821441022, deviceId=-1, source=0x101 }
08-05 20:10:24.622 14438 14438 D AndroidRuntime: Shutting down VM
08-05 20:10:24.627 12674 12674 V PlaybackController: initServiceNotRunning()
08-05 20:10:24.627 12674 12674 D ExternalPlayerFragment: Loading media info
08-05 20:10:24.632 12674 12674 D UserPreferences: Using default data folder
08-05 20:10:24.633 12674 13220 D DBReader: getNavDrawerData() called with: 
08-05 20:10:24.645 12674 12687 I art     : Explicit concurrent mark sweep GC freed 380(21KB) AllocSpace objects, 0(0B) LOS objects, 36% free, 28MB/44MB, paused 1.224ms total 32.073ms
08-05 20:10:24.649 12674 13220 D DBReader: getDownloadedItems() called
08-05 20:10:24.650 12674 13220 D DBReader: getFavoriteIDList() called
08-05 20:10:24.651 12674 13220 D DBReader: getQueueIDList() called
08-05 20:10:24.652 12674 13220 D DBReader: Extracting Feedlist
08-05 20:10:24.656 12674 12687 I art     : Starting a blocking GC Explicit
08-05 20:10:24.664 13866 13866 I GoogleInputMethodServic: GoogleInputMethodService.onFinishInput():3138 
08-05 20:10:24.664 13866 13866 I GoogleInputMethodServic: GoogleInputMethodService.onStartInput():1808 
08-05 20:10:24.685 12674 12674 D MainActivity: getLastNavFragment() -> AddFeedFragment
08-05 20:10:24.688 12674 12687 I art     : Explicit concurrent mark sweep GC freed 437(37KB) AllocSpace objects, 0(0B) LOS objects, 36% free, 28MB/44MB, paused 1.218ms total 31.289ms
08-05 20:10:24.699 12674 12687 I art     : Starting a blocking GC Explicit
08-05 20:10:24.732 12674 12687 I art     : Explicit concurrent mark sweep GC freed 598(28KB) AllocSpace objects, 0(0B) LOS objects, 36% free, 28MB/44MB, paused 1.135ms total 32.655ms
08-05 20:10:24.743 12674 12687 I art     : Starting a blocking GC Explicit
08-05 20:10:24.775 12674 12687 I art     : Explicit concurrent mark sweep GC freed 157(10KB) AllocSpace objects, 0(0B) LOS objects, 36% free, 28MB/44MB, paused 1.059ms total 31.757ms
08-05 20:10:24.964   380   380 W SurfaceFlinger: couldn't log to binary event log: overflow.
08-05 20:10:25.076 12674 12696 I art     : Starting a blocking GC Explicit
08-05 20:10:25.116 12674 12696 I art     : Explicit concurrent mark sweep GC freed 1998(106KB) AllocSpace objects, 1(20KB) LOS objects, 36% free, 28MB/44MB, paused 1.121ms total 38.979ms
08-05 20:10:25.129 12674 12696 I art     : Starting a blocking GC Explicit
08-05 20:10:25.164 12674 12696 I art     : Explicit concurrent mark sweep GC freed 2457(152KB) AllocSpace objects, 1(28KB) LOS objects, 36% free, 28MB/44MB, paused 1.114ms total 35.319ms
08-05 20:10:25.176 12674 12696 I art     : Starting a blocking GC Explicit
08-05 20:10:25.212 12674 12696 I art     : Explicit concurrent mark sweep GC freed 3(96B) AllocSpace objects, 0(0B) LOS objects, 36% free, 28MB/44MB, paused 1.113ms total 35.035ms
08-05 20:10:25.224 12674 12696 I art     : Starting a blocking GC Explicit
08-05 20:10:25.259 12674 12696 I art     : Explicit concurrent mark sweep GC freed 3(96B) AllocSpace objects, 0(0B) LOS objects, 36% free, 28MB/44MB, paused 1.155ms total 34.931ms
08-05 20:10:25.271 12674 12696 I art     : Starting a blocking GC Explicit
08-05 20:10:25.306 12674 12696 I art     : Explicit concurrent mark sweep GC freed 3(96B) AllocSpace objects, 0(0B) LOS objects, 36% free, 28MB/44MB, paused 1.106ms total 34.738ms
08-05 20:10:25.637 12674 13232 I art     : Starting a blocking GC Explicit
08-05 20:10:25.669 11709 11709 I ServiceManager: Waiting for service AtCmdFwd...
08-05 20:10:25.679 12674 13232 I art     : Explicit concurrent mark sweep GC freed 1374(82KB) AllocSpace objects, 1(20KB) LOS objects, 36% free, 28MB/44MB, paused 1.327ms total 41.802ms
08-05 20:10:25.695 12674 13232 I art     : Starting a blocking GC Explicit
08-05 20:10:25.732 12674 13232 I art     : Explicit concurrent mark sweep GC freed 23(752B) AllocSpace objects, 0(0B) LOS objects, 36% free, 28MB/44MB, paused 1.054ms total 37.484ms
08-05 20:10:25.744 12674 13232 I art     : Starting a blocking GC Explicit
08-05 20:10:25.780 12674 13232 I art     : Explicit concurrent mark sweep GC freed 31(848B) AllocSpace objects, 0(0B) LOS objects, 36% free, 28MB/44MB, paused 1.160ms total 35.071ms
08-05 20:10:25.792 12674 13232 I art     : Starting a blocking GC Explicit
08-05 20:10:25.827 12674 13232 I art     : Explicit concurrent mark sweep GC freed 4(128B) AllocSpace objects, 0(0B) LOS objects, 36% free, 28MB/44MB, paused 1.113ms total 34.883ms
08-05 20:10:25.839 12674 13232 I art     : Starting a blocking GC Explicit
08-05 20:10:25.871 12674 13232 I art     : Explicit concurrent mark sweep GC freed 3(96B) AllocSpace objects, 0(0B) LOS objects, 36% free, 28MB/44MB, paused 1.059ms total 32.507ms
08-05 20:10:26.179 12674 13826 I art     : Starting a blocking GC Explicit
08-05 20:10:26.222 12674 13826 I art     : Explicit concurrent mark sweep GC freed 1373(80KB) AllocSpace objects, 1(20KB) LOS objects, 36% free, 28MB/44MB, paused 1.267ms total 42.133ms
08-05 20:10:26.238 12674 13826 I art     : Starting a blocking GC Explicit
08-05 20:10:26.273 12674 13826 I art     : Explicit concurrent mark sweep GC freed 25(816B) AllocSpace objects, 0(0B) LOS objects, 36% free, 28MB/44MB, paused 1.146ms total 34.759ms
08-05 20:10:26.286 12674 13826 I art     : Starting a blocking GC Explicit
08-05 20:10:26.329 12674 13826 I art     : Explicit concurrent mark sweep GC freed 10(320B) AllocSpace objects, 0(0B) LOS objects, 36% free, 28MB/44MB, paused 1.089ms total 42.677ms
08-05 20:10:26.342 12674 13826 I art     : Starting a blocking GC Explicit
08-05 20:10:26.376 12674 13826 I art     : Explicit concurrent mark sweep GC freed 8(256B) AllocSpace objects, 0(0B) LOS objects, 36% free, 28MB/44MB, paused 1.136ms total 33.960ms
08-05 20:10:26.388 12674 13826 I art     : Starting a blocking GC Explicit
08-05 20:10:26.422 12674 13826 I art     : Explicit concurrent mark sweep GC freed 9(288B) AllocSpace objects, 0(0B) LOS objects, 36% free, 28MB/44MB, paused 1.075ms total 33.552ms
08-05 20:10:26.432 14481 14481 D AndroidRuntime: >>>>>> START com.android.internal.os.RuntimeInit uid 2000 <<<<<<
08-05 20:10:26.438 14481 14481 D AndroidRuntime: CheckJNI is OFF
08-05 20:10:26.478 14481 14481 D ICU     : No timezone override file found: /data/misc/zoneinfo/current/icu/icu_tzdata.dat
08-05 20:10:26.520 14481 14481 I Radio-JNI: register_android_hardware_Radio DONE
08-05 20:10:26.550 14481 14481 D AndroidRuntime: Calling main entry com.android.commands.input.Input
08-05 20:10:26.553 14481 14481 I Input   : injectKeyEvent: KeyEvent { action=ACTION_DOWN, keyCode=KEYCODE_BACK, scanCode=0, metaState=0, flags=0x0, repeatCount=0, eventTime=821442966, downTime=821442966, deviceId=-1, source=0x101 }
08-05 20:10:26.559 14481 14481 I Input   : injectKeyEvent: KeyEvent { action=ACTION_UP, keyCode=KEYCODE_BACK, scanCode=0, metaState=0, flags=0x0, repeatCount=0, eventTime=821442966, downTime=821442966, deviceId=-1, source=0x101 }
08-05 20:10:26.576 13866 13866 I GoogleInputMethodServic: GoogleInputMethodService.onFinishInput():3138 
08-05 20:10:26.577 13866 13866 I GoogleInputMethodServic: GoogleInputMethodService.onStartInput():1808 
08-05 20:10:26.582 14481 14481 D AndroidRuntime: Shutting down VM
08-05 20:10:26.669 11709 11709 I ServiceManager: Waiting for service AtCmdFwd...
08-05 20:10:26.719 12674 13826 I art     : Starting a blocking GC Explicit
08-05 20:10:26.757 12674 13826 I art     : Explicit concurrent mark sweep GC freed 2579(129KB) AllocSpace objects, 1(20KB) LOS objects, 36% free, 28MB/44MB, paused 1.116ms total 37.890ms
08-05 20:10:26.770 12674 13826 I art     : Starting a blocking GC Explicit
08-05 20:10:26.805 12674 13826 I art     : Explicit concurrent mark sweep GC freed 2682(178KB) AllocSpace objects, 9(1540KB) LOS objects, 37% free, 26MB/42MB, paused 1.183ms total 34.265ms
08-05 20:10:26.816 12674 13826 I art     : Starting a blocking GC Explicit
08-05 20:10:26.849 12674 13826 I art     : Explicit concurrent mark sweep GC freed 3(96B) AllocSpace objects, 0(0B) LOS objects, 37% free, 26MB/42MB, paused 1.139ms total 33.046ms
08-05 20:10:26.861 12674 13826 I art     : Starting a blocking GC Explicit
08-05 20:10:26.895 12674 13826 I art     : Explicit concurrent mark sweep GC freed 3(96B) AllocSpace objects, 0(0B) LOS objects, 37% free, 26MB/42MB, paused 1.110ms total 33.748ms
08-05 20:10:26.907 12674 13826 I art     : Starting a blocking GC Explicit
08-05 20:10:26.942 12674 13826 I art     : Explicit concurrent mark sweep GC freed 3(96B) AllocSpace objects, 0(0B) LOS objects, 37% free, 26MB/42MB, paused 1.090ms total 33.946ms
08-05 20:10:27.267 12674 12696 I art     : Starting a blocking GC Explicit
08-05 20:10:27.310 12674 12696 I art     : Explicit concurrent mark sweep GC freed 1373(81KB) AllocSpace objects, 1(20KB) LOS objects, 37% free, 26MB/42MB, paused 1.210ms total 42.133ms
08-05 20:10:27.324 12674 12696 I art     : Starting a blocking GC Explicit
08-05 20:10:27.358 12674 12696 I art     : Explicit concurrent mark sweep GC freed 23(752B) AllocSpace objects, 0(0B) LOS objects, 37% free, 26MB/42MB, paused 1.150ms total 34.004ms
08-05 20:10:27.370 12674 12696 I art     : Starting a blocking GC Explicit
08-05 20:10:27.404 12674 12696 I art     : Explicit concurrent mark sweep GC freed 3(96B) AllocSpace objects, 0(0B) LOS objects, 37% free, 26MB/42MB, paused 1.092ms total 33.992ms
08-05 20:10:27.416 12674 12696 I art     : Starting a blocking GC Explicit
08-05 20:10:27.450 12674 12696 I art     : Explicit concurrent mark sweep GC freed 3(96B) AllocSpace objects, 0(0B) LOS objects, 37% free, 26MB/42MB, paused 1.112ms total 33.874ms
08-05 20:10:27.462 12674 12696 I art     : Starting a blocking GC Explicit
08-05 20:10:27.496 12674 12696 I art     : Explicit concurrent mark sweep GC freed 3(96B) AllocSpace objects, 0(0B) LOS objects, 37% free, 26MB/42MB, paused 1.107ms total 33.381ms
08-05 20:10:27.670 11709 11709 I ServiceManager: Waiting for service AtCmdFwd...
08-05 20:10:27.823 12674 13232 I art     : Starting a blocking GC Explicit
08-05 20:10:27.857 12674 13232 I art     : Explicit concurrent mark sweep GC freed 1402(82KB) AllocSpace objects, 1(20KB) LOS objects, 37% free, 26MB/42MB, paused 1.207ms total 33.742ms
08-05 20:10:27.869 12674 13232 I art     : Starting a blocking GC Explicit
08-05 20:10:27.901 12674 13232 I art     : Explicit concurrent mark sweep GC freed 23(752B) AllocSpace objects, 0(0B) LOS objects, 37% free, 26MB/42MB, paused 1.107ms total 32.143ms
08-05 20:10:27.913 12674 13232 I art     : Starting a blocking GC Explicit
08-05 20:10:27.945 12674 13232 I art     : Explicit concurrent mark sweep GC freed 3(96B) AllocSpace objects, 0(0B) LOS objects, 37% free, 26MB/42MB, paused 1.119ms total 31.924ms
08-05 20:10:27.957 12674 13232 I art     : Starting a blocking GC Explicit
08-05 20:10:27.989 12674 13232 I art     : Explicit concurrent mark sweep GC freed 3(96B) AllocSpace objects, 0(0B) LOS objects, 37% free, 26MB/42MB, paused 1.111ms total 32.720ms
08-05 20:10:28.001 12674 13232 I art     : Starting a blocking GC Explicit
08-05 20:10:28.033 12674 13232 I art     : Explicit concurrent mark sweep GC freed 3(96B) AllocSpace objects, 0(0B) LOS objects, 37% free, 26MB/42MB, paused 1.087ms total 32.097ms
08-05 20:10:28.344 12674 13232 I art     : Starting a blocking GC Explicit
08-05 20:10:28.363 14535 14535 D AndroidRuntime: >>>>>> START com.android.internal.os.RuntimeInit uid 2000 <<<<<<
08-05 20:10:28.369 14535 14535 D AndroidRuntime: CheckJNI is OFF
08-05 20:10:28.381 12674 13232 I art     : Explicit concurrent mark sweep GC freed 1393(83KB) AllocSpace objects, 1(20KB) LOS objects, 37% free, 26MB/42MB, paused 1.103ms total 36.341ms
08-05 20:10:28.393 12674 13232 I art     : Starting a blocking GC Explicit
08-05 20:10:28.416 14535 14535 D ICU     : No timezone override file found: /data/misc/zoneinfo/current/icu/icu_tzdata.dat
08-05 20:10:28.427 12674 13232 I art     : Explicit concurrent mark sweep GC freed 29(944B) AllocSpace objects, 0(0B) LOS objects, 37% free, 26MB/42MB, paused 1.106ms total 33.371ms
08-05 20:10:28.438 12674 13232 I art     : Starting a blocking GC Explicit
08-05 20:10:28.460 14535 14535 I Radio-JNI: register_android_hardware_Radio DONE
08-05 20:10:28.472 12674 13232 I art     : Explicit concurrent mark sweep GC freed 4(128B) AllocSpace objects, 0(0B) LOS objects, 37% free, 26MB/42MB, paused 1.125ms total 33.439ms
08-05 20:10:28.472 12674 12685 I art     : WaitForGcToComplete blocked for 17.048ms for cause HeapTrim
08-05 20:10:28.483 12674 13232 I art     : Starting a blocking GC Explicit
08-05 20:10:28.490 14535 14535 D AndroidRuntime: Calling main entry com.android.commands.input.Input
08-05 20:10:28.492 14535 14535 I Input   : injectMotionEvent: MotionEvent { action=ACTION_DOWN, actionButton=0, id[0]=0, x[0]=567.0, y[0]=714.0, toolType[0]=TOOL_TYPE_UNKNOWN, buttonState=0, metaState=0, flags=0x0, edgeFlags=0x0, pointerCount=1, historySize=0, eventTime=821444904, downTime=821444904, deviceId=0, source=0x1002 }
08-05 20:10:28.498 14535 14535 I Input   : injectMotionEvent: MotionEvent { action=ACTION_UP, actionButton=0, id[0]=0, x[0]=567.0, y[0]=714.0, toolType[0]=TOOL_TYPE_UNKNOWN, buttonState=0, metaState=0, flags=0x0, edgeFlags=0x0, pointerCount=1, historySize=0, eventTime=821444904, downTime=821444904, deviceId=0, source=0x1002 }
08-05 20:10:28.501 14535 14535 D AndroidRuntime: Shutting down VM
08-05 20:10:28.514 12674 13232 I art     : Explicit concurrent mark sweep GC freed 30(1024B) AllocSpace objects, 0(0B) LOS objects, 37% free, 26MB/42MB, paused 1.151ms total 30.394ms
08-05 20:10:28.522   512  2967 D audio_hw_primary: out_set_parameters: enter: usecase(1: low-latency-playback) kvpairs: routing=2
08-05 20:10:28.525 12674 13232 I art     : Starting a blocking GC Explicit
08-05 20:10:28.535   512  2967 D audio_hw_primary: select_devices: out_snd_device(2: speaker) in_snd_device(0: none)
08-05 20:10:28.535   512  2967 D msm8974_platform: platform_send_audio_calibration: sending audio calibration for snd_device(2) acdb_id(15)
08-05 20:10:28.535   512  2967 I soundtrigger: audio_extn_sound_trigger_update_device_status: device 0x2 of type 0 for Event 1
08-05 20:10:28.544   512  2967 D audio_hw_primary: enable_snd_device: snd_device(2: speaker)
08-05 20:10:28.546   512  2967 D audio_hw_primary: enable_audio_route: apply and update mixer path: low-latency-playback speaker
08-05 20:10:28.558 12674 13232 I art     : Explicit concurrent mark sweep GC freed 2173(86KB) AllocSpace objects, 0(0B) LOS objects, 37% free, 26MB/42MB, paused 1.656ms total 33.363ms
08-05 20:10:28.670 11709 11709 I ServiceManager: Waiting for service AtCmdFwd...
08-05 20:10:28.843 12674 12696 I art     : Starting a blocking GC Explicit
08-05 20:10:28.870 12674 12694 I NAPPA_EXPERIMENTATION: MetricNetworkRequestExecutionTime: REQUEST_DURATION_SYSTEM='341',REQUEST_DURATION_OKHTTP='160',REQUEST_SYNCHRONOUS='TRUE',RESPONSE_CODE='400',RESPONSE_METHOD='GET',RESPONSE_LENGTH_OKHTTP='0',RESPONSE_LENGTH_HEADER='0',REQUEST_PROTOCOL='h2',REQUEST_URL='https://itunes.apple.com/en/rss/toppodcasts/limit=25/explicit=true/json',
08-05 20:10:28.878 12674 12696 I art     : Explicit concurrent mark sweep GC freed 7617(385KB) AllocSpace objects, 2(240KB) LOS objects, 37% free, 26MB/42MB, paused 1.310ms total 35.579ms
08-05 20:10:28.890 12674 12696 I art     : Starting a blocking GC Explicit
08-05 20:10:28.922 12674 12696 I art     : Explicit concurrent mark sweep GC freed 298(11KB) AllocSpace objects, 0(0B) LOS objects, 37% free, 26MB/42MB, paused 1.204ms total 31.997ms
08-05 20:10:28.933 12674 12696 I art     : Starting a blocking GC Explicit
08-05 20:10:28.967 12674 12696 I art     : Explicit concurrent mark sweep GC freed 15(544B) AllocSpace objects, 0(0B) LOS objects, 37% free, 26MB/42MB, paused 1.225ms total 32.798ms
08-05 20:10:28.978 12674 12696 I art     : Starting a blocking GC Explicit
08-05 20:10:29.010 12674 12696 I art     : Explicit concurrent mark sweep GC freed 16(608B) AllocSpace objects, 0(0B) LOS objects, 37% free, 26MB/42MB, paused 1.165ms total 31.854ms
08-05 20:10:29.015 12674 12694 I NAPPA_EXPERIMENTATION: MetricNetworkRequestExecutionTime: REQUEST_DURATION_SYSTEM='144',REQUEST_DURATION_OKHTTP='143',REQUEST_SYNCHRONOUS='TRUE',RESPONSE_CODE='200',RESPONSE_METHOD='GET',RESPONSE_LENGTH_OKHTTP='-1',RESPONSE_LENGTH_HEADER='10075',REQUEST_PROTOCOL='h2',REQUEST_URL='https://itunes.apple.com/us/rss/toppodcasts/limit=25/explicit=true/json',
08-05 20:10:29.021 12674 12696 I art     : Starting a blocking GC Explicit
08-05 20:10:29.056 12674 12696 I art     : Explicit concurrent mark sweep GC freed 8322(434KB) AllocSpace objects, 4(352KB) LOS objects, 37% free, 26MB/42MB, paused 1.574ms total 34.318ms
08-05 20:10:29.075 12674 13430 D ApOkHttpUrlLoader: buildLoadData() called with: model = [https://is4-ssl.mzstatic.com/image/thumb/Podcasts114/v4/3f/16/74/3f167426-bf50-ce3a-d709-e4301620fc5b/mza_5832671293059882550.jpeg/170x170bb.png], width = [224], height = [224]
08-05 20:10:29.076 12674 13429 D DBReader: getImageAuthentication() called with: imageUrl = [https://is4-ssl.mzstatic.com/image/thumb/Podcasts114/v4/3f/16/74/3f167426-bf50-ce3a-d709-e4301620fc5b/mza_5832671293059882550.jpeg/170x170bb.png]
08-05 20:10:29.080 12674 13429 D ApOkHttpUrlLoader: no credentials for 'https://is4-ssl.mzstatic.com/image/thumb/Podcasts114/v4/3f/16/74/3f167426-bf50-ce3a-d709-e4301620fc5b/mza_5832671293059882550.jpeg/170x170bb.png'
08-05 20:10:29.084 12674 13425 D ApOkHttpUrlLoader: buildLoadData() called with: model = [https://is4-ssl.mzstatic.com/image/thumb/Podcasts113/v4/e5/8a/10/e58a108f-f5d0-f622-c94a-13f66edd570c/mza_3025981348644196724.jpg/170x170bb.png], width = [224], height = [224]
08-05 20:10:29.086 12674 13434 D DBReader: getImageAuthentication() called with: imageUrl = [https://is4-ssl.mzstatic.com/image/thumb/Podcasts113/v4/e5/8a/10/e58a108f-f5d0-f622-c94a-13f66edd570c/mza_3025981348644196724.jpg/170x170bb.png]
08-05 20:10:29.088   512  2967 D audio_hw_primary: disable_audio_route: reset and update mixer path: low-latency-playback speaker
08-05 20:10:29.089   512  2967 D audio_hw_primary: disable_snd_device: snd_device(2: speaker)
08-05 20:10:29.090 12674 13434 D ApOkHttpUrlLoader: no credentials for 'https://is4-ssl.mzstatic.com/image/thumb/Podcasts113/v4/e5/8a/10/e58a108f-f5d0-f622-c94a-13f66edd570c/mza_3025981348644196724.jpg/170x170bb.png'
08-05 20:10:29.091 12674 13432 D ApOkHttpUrlLoader: buildLoadData() called with: model = [https://is2-ssl.mzstatic.com/image/thumb/Podcasts113/v4/a9/39/cc/a939ccc5-6d60-0c11-0a4c-16d71cdef89b/mza_8787577209688278658.jpg/170x170bb.png], width = [224], height = [224]
08-05 20:10:29.092 12674 13435 D DBReader: getImageAuthentication() called with: imageUrl = [https://is2-ssl.mzstatic.com/image/thumb/Podcasts113/v4/a9/39/cc/a939ccc5-6d60-0c11-0a4c-16d71cdef89b/mza_8787577209688278658.jpg/170x170bb.png]
08-05 20:10:29.095 12674 13435 D ApOkHttpUrlLoader: no credentials for 'https://is2-ssl.mzstatic.com/image/thumb/Podcasts113/v4/a9/39/cc/a939ccc5-6d60-0c11-0a4c-16d71cdef89b/mza_8787577209688278658.jpg/170x170bb.png'
08-05 20:10:29.096 12674 13427 D ApOkHttpUrlLoader: buildLoadData() called with: model = [https://is5-ssl.mzstatic.com/image/thumb/Podcasts114/v4/93/cf/99/93cf9960-fff3-205e-6655-72c03ddeccb2/mza_10545582232493904175.jpeg/170x170bb.png], width = [224], height = [224]
08-05 20:10:29.097 12674 13433 D DBReader: getImageAuthentication() called with: imageUrl = [https://is5-ssl.mzstatic.com/image/thumb/Podcasts114/v4/93/cf/99/93cf9960-fff3-205e-6655-72c03ddeccb2/mza_10545582232493904175.jpeg/170x170bb.png]
08-05 20:10:29.099   512  2967 I soundtrigger: audio_extn_sound_trigger_update_device_status: device 0x2 of type 0 for Event 0
08-05 20:10:29.100 12674 13433 D ApOkHttpUrlLoader: no credentials for 'https://is5-ssl.mzstatic.com/image/thumb/Podcasts114/v4/93/cf/99/93cf9960-fff3-205e-6655-72c03ddeccb2/mza_10545582232493904175.jpeg/170x170bb.png'
08-05 20:10:29.101 12674 13430 D ApOkHttpUrlLoader: buildLoadData() called with: model = [https://is4-ssl.mzstatic.com/image/thumb/Podcasts124/v4/49/a4/91/49a491b7-3daf-c5dc-d7c6-6c4f1486955c/mza_5930014091766152297.png/170x170bb.png], width = [224], height = [224]
08-05 20:10:29.102 12674 13436 D DBReader: getImageAuthentication() called with: imageUrl = [https://is4-ssl.mzstatic.com/image/thumb/Podcasts124/v4/49/a4/91/49a491b7-3daf-c5dc-d7c6-6c4f1486955c/mza_5930014091766152297.png/170x170bb.png]
08-05 20:10:29.105 12674 13425 D ApOkHttpUrlLoader: buildLoadData() called with: model = [https://is5-ssl.mzstatic.com/image/thumb/Podcasts113/v4/fd/54/6e/fd546ea0-7ab2-e3f0-6049-884d82917af9/mza_4855349695799758348.jpeg/170x170bb.png], width = [224], height = [224]
08-05 20:10:29.106 12674 13436 D ApOkHttpUrlLoader: no credentials for 'https://is4-ssl.mzstatic.com/image/thumb/Podcasts124/v4/49/a4/91/49a491b7-3daf-c5dc-d7c6-6c4f1486955c/mza_5930014091766152297.png/170x170bb.png'
08-05 20:10:29.106 12674 13431 D DBReader: getImageAuthentication() called with: imageUrl = [https://is5-ssl.mzstatic.com/image/thumb/Podcasts113/v4/fd/54/6e/fd546ea0-7ab2-e3f0-6049-884d82917af9/mza_4855349695799758348.jpeg/170x170bb.png]
08-05 20:10:29.109 12674 13432 D ApOkHttpUrlLoader: buildLoadData() called with: model = [https://is2-ssl.mzstatic.com/image/thumb/Podcasts114/v4/b3/4c/cf/b34ccfc2-cea4-1ca1-0fad-7793af301cc5/mza_2466085192629456364.jpg/170x170bb.png], width = [224], height = [224]
08-05 20:10:29.110 12674 13431 D ApOkHttpUrlLoader: no credentials for 'https://is5-ssl.mzstatic.com/image/thumb/Podcasts113/v4/fd/54/6e/fd546ea0-7ab2-e3f0-6049-884d82917af9/mza_4855349695799758348.jpeg/170x170bb.png'
08-05 20:10:29.111 12674 13426 D DBReader: getImageAuthentication() called with: imageUrl = [https://is2-ssl.mzstatic.com/image/thumb/Podcasts114/v4/b3/4c/cf/b34ccfc2-cea4-1ca1-0fad-7793af301cc5/mza_2466085192629456364.jpg/170x170bb.png]
08-05 20:10:29.114 12674 13426 D ApOkHttpUrlLoader: no credentials for 'https://is2-ssl.mzstatic.com/image/thumb/Podcasts114/v4/b3/4c/cf/b34ccfc2-cea4-1ca1-0fad-7793af301cc5/mza_2466085192629456364.jpg/170x170bb.png'
08-05 20:10:29.364 12674 13232 I art     : Starting a blocking GC Explicit
08-05 20:10:29.405 12674 13232 I art     : Explicit concurrent mark sweep GC freed 29887(1530KB) AllocSpace objects, 1(20KB) LOS objects, 37% free, 26MB/42MB, paused 1.747ms total 40.831ms
08-05 20:10:29.417 12674 13232 I art     : Starting a blocking GC Explicit
08-05 20:10:29.448 12674 13429 D MYTAG   : interceptor 2a
08-05 20:10:29.448 12674 13429 I NAPPA_EXPERIMENTATION: MetricNetworkRequestExecutionTime: REQUEST_DURATION_SYSTEM='368',REQUEST_DURATION_OKHTTP='227',REQUEST_SYNCHRONOUS='TRUE',RESPONSE_CODE='200',RESPONSE_METHOD='GET',RESPONSE_LENGTH_OKHTTP='26177',RESPONSE_LENGTH_HEADER='26177',REQUEST_PROTOCOL='h2',REQUEST_URL='https://is4-ssl.mzstatic.com/image/thumb/Podcasts114/v4/3f/16/74/3f167426-bf50-ce3a-d709-e4301620fc5b/mza_5832671293059882550.jpeg/170x170bb.png',
08-05 20:10:29.453 12674 13232 I art     : Explicit concurrent mark sweep GC freed 1359(61KB) AllocSpace objects, 0(0B) LOS objects, 37% free, 26MB/42MB, paused 1.780ms total 35.665ms
08-05 20:10:29.465 12674 13232 I art     : Starting a blocking GC Explicit
08-05 20:10:29.501 12674 13232 I art     : Explicit concurrent mark sweep GC freed 286(11KB) AllocSpace objects, 0(0B) LOS objects, 37% free, 26MB/42MB, paused 1.550ms total 36.152ms
08-05 20:10:29.503 12674 13436 D MYTAG   : interceptor 2a
08-05 20:10:29.503 12674 13436 I NAPPA_EXPERIMENTATION: MetricNetworkRequestExecutionTime: REQUEST_DURATION_SYSTEM='397',REQUEST_DURATION_OKHTTP='173',REQUEST_SYNCHRONOUS='TRUE',RESPONSE_CODE='200',RESPONSE_METHOD='GET',RESPONSE_LENGTH_OKHTTP='12000',RESPONSE_LENGTH_HEADER='12000',REQUEST_PROTOCOL='h2',REQUEST_URL='https://is4-ssl.mzstatic.com/image/thumb/Podcasts124/v4/49/a4/91/49a491b7-3daf-c5dc-d7c6-6c4f1486955c/mza_5930014091766152297.png/170x170bb.png',
08-05 20:10:29.514 12674 13232 I art     : Starting a blocking GC Explicit
08-05 20:10:29.518 12674 13434 D MYTAG   : interceptor 2a
08-05 20:10:29.518 12674 13434 I NAPPA_EXPERIMENTATION: MetricNetworkRequestExecutionTime: REQUEST_DURATION_SYSTEM='428',REQUEST_DURATION_OKHTTP='180',REQUEST_SYNCHRONOUS='TRUE',RESPONSE_CODE='200',RESPONSE_METHOD='GET',RESPONSE_LENGTH_OKHTTP='45995',RESPONSE_LENGTH_HEADER='45995',REQUEST_PROTOCOL='h2',REQUEST_URL='https://is4-ssl.mzstatic.com/image/thumb/Podcasts113/v4/e5/8a/10/e58a108f-f5d0-f622-c94a-13f66edd570c/mza_3025981348644196724.jpg/170x170bb.png',
08-05 20:10:29.548 12674 13232 I art     : Explicit concurrent mark sweep GC freed 580(43KB) AllocSpace objects, 0(0B) LOS objects, 36% free, 27MB/43MB, paused 1.564ms total 34.243ms
08-05 20:10:29.559 12674 13232 I art     : Starting a blocking GC Explicit
08-05 20:10:29.592 12674 13232 I art     : Explicit concurrent mark sweep GC freed 372(15KB) AllocSpace objects, 0(0B) LOS objects, 36% free, 27MB/43MB, paused 1.323ms total 32.071ms
08-05 20:10:29.610 12674 13435 D MYTAG   : interceptor 2a
08-05 20:10:29.610 12674 13435 I NAPPA_EXPERIMENTATION: MetricNetworkRequestExecutionTime: REQUEST_DURATION_SYSTEM='515',REQUEST_DURATION_OKHTTP='276',REQUEST_SYNCHRONOUS='TRUE',RESPONSE_CODE='200',RESPONSE_METHOD='GET',RESPONSE_LENGTH_OKHTTP='48239',RESPONSE_LENGTH_HEADER='48239',REQUEST_PROTOCOL='h2',REQUEST_URL='https://is2-ssl.mzstatic.com/image/thumb/Podcasts113/v4/a9/39/cc/a939ccc5-6d60-0c11-0a4c-16d71cdef89b/mza_8787577209688278658.jpg/170x170bb.png',
08-05 20:10:29.621 12674 13426 D MYTAG   : interceptor 2a
08-05 20:10:29.621 12674 13426 I NAPPA_EXPERIMENTATION: MetricNetworkRequestExecutionTime: REQUEST_DURATION_SYSTEM='507',REQUEST_DURATION_OKHTTP='279',REQUEST_SYNCHRONOUS='TRUE',RESPONSE_CODE='200',RESPONSE_METHOD='GET',RESPONSE_LENGTH_OKHTTP='42299',RESPONSE_LENGTH_HEADER='42299',REQUEST_PROTOCOL='h2',REQUEST_URL='https://is2-ssl.mzstatic.com/image/thumb/Podcasts114/v4/b3/4c/cf/b34ccfc2-cea4-1ca1-0fad-7793af301cc5/mza_2466085192629456364.jpg/170x170bb.png',
08-05 20:10:29.637 12674 13431 D MYTAG   : interceptor 2a
08-05 20:10:29.638 12674 13431 I NAPPA_EXPERIMENTATION: MetricNetworkRequestExecutionTime: REQUEST_DURATION_SYSTEM='527',REQUEST_DURATION_OKHTTP='295',REQUEST_SYNCHRONOUS='TRUE',RESPONSE_CODE='200',RESPONSE_METHOD='GET',RESPONSE_LENGTH_OKHTTP='54835',RESPONSE_LENGTH_HEADER='54835',REQUEST_PROTOCOL='h2',REQUEST_URL='https://is5-ssl.mzstatic.com/image/thumb/Podcasts113/v4/fd/54/6e/fd546ea0-7ab2-e3f0-6049-884d82917af9/mza_4855349695799758348.jpeg/170x170bb.png',
08-05 20:10:29.665 12674 13433 D MYTAG   : interceptor 2a
08-05 20:10:29.665 12674 13433 I NAPPA_EXPERIMENTATION: MetricNetworkRequestExecutionTime: REQUEST_DURATION_SYSTEM='565',REQUEST_DURATION_OKHTTP='327',REQUEST_SYNCHRONOUS='TRUE',RESPONSE_CODE='200',RESPONSE_METHOD='GET',RESPONSE_LENGTH_OKHTTP='22351',RESPONSE_LENGTH_HEADER='22351',REQUEST_PROTOCOL='h2',REQUEST_URL='https://is5-ssl.mzstatic.com/image/thumb/Podcasts114/v4/93/cf/99/93cf9960-fff3-205e-6655-72c03ddeccb2/mza_10545582232493904175.jpeg/170x170bb.png',
08-05 20:10:29.666 13866 13882 I PeriodicStatsRunner: PeriodicStatsRunner.call():175 call()
08-05 20:10:29.666 13866 13882 I PeriodicStatsRunner: PeriodicStatsRunner.call():179 No submit PeriodicStats since input started.
08-05 20:10:29.671 11709 11709 I ServiceManager: Waiting for service AtCmdFwd...
08-05 20:10:29.897 12674 12686 I art     : Starting a blocking GC Explicit
08-05 20:10:29.940 12674 12686 I art     : Explicit concurrent mark sweep GC freed 3263(196KB) AllocSpace objects, 1(20KB) LOS objects, 36% free, 28MB/44MB, paused 1.380ms total 42.851ms
08-05 20:10:29.954 12674 12686 I art     : Starting a blocking GC Explicit
08-05 20:10:29.989 12674 12686 I art     : Explicit concurrent mark sweep GC freed 47(2480B) AllocSpace objects, 0(0B) LOS objects, 36% free, 28MB/44MB, paused 1.270ms total 34.664ms
08-05 20:10:30.001 12674 12686 I art     : Starting a blocking GC Explicit
08-05 20:10:30.036 12674 12686 I art     : Explicit concurrent mark sweep GC freed 3(96B) AllocSpace objects, 0(0B) LOS objects, 36% free, 28MB/44MB, paused 1.230ms total 35.484ms
08-05 20:10:30.048 12674 12686 I art     : Starting a blocking GC Explicit
08-05 20:10:30.083 12674 12686 I art     : Explicit concurrent mark sweep GC freed 3(96B) AllocSpace objects, 0(0B) LOS objects, 36% free, 28MB/44MB, paused 1.190ms total 34.778ms
08-05 20:10:30.095 12674 12686 I art     : Starting a blocking GC Explicit
08-05 20:10:30.131 12674 12686 I art     : Explicit concurrent mark sweep GC freed 3(96B) AllocSpace objects, 0(0B) LOS objects, 36% free, 28MB/44MB, paused 1.258ms total 35.566ms
08-05 20:10:30.467 12674 13232 I art     : Starting a blocking GC Explicit
08-05 20:10:30.512 12674 13232 I art     : Explicit concurrent mark sweep GC freed 1372(80KB) AllocSpace objects, 1(20KB) LOS objects, 36% free, 28MB/44MB, paused 1.304ms total 44.830ms
08-05 20:10:30.526 12674 13232 I art     : Starting a blocking GC Explicit
08-05 20:10:30.562 12674 13232 I art     : Explicit concurrent mark sweep GC freed 23(752B) AllocSpace objects, 0(0B) LOS objects, 36% free, 28MB/44MB, paused 1.189ms total 35.185ms
08-05 20:10:30.574 12674 13232 I art     : Starting a blocking GC Explicit
08-05 20:10:30.612 12674 13232 I art     : Explicit concurrent mark sweep GC freed 3(96B) AllocSpace objects, 0(0B) LOS objects, 36% free, 28MB/44MB, paused 1.272ms total 37.587ms
08-05 20:10:30.624 12674 13232 I art     : Starting a blocking GC Explicit
08-05 20:10:30.662 12674 13232 I art     : Explicit concurrent mark sweep GC freed 3(96B) AllocSpace objects, 0(0B) LOS objects, 36% free, 28MB/44MB, paused 1.219ms total 37.690ms
08-05 20:10:30.671 11709 11709 W Atfwd_Sendcmd: AtCmdFwd service not published, waiting... retryCnt : 4
08-05 20:10:30.674 12674 13232 I art     : Starting a blocking GC Explicit
08-05 20:10:30.712 12674 13232 I art     : Explicit concurrent mark sweep GC freed 8(256B) AllocSpace objects, 0(0B) LOS objects, 36% free, 28MB/44MB, paused 1.198ms total 37.469ms
08-05 20:10:31.070 12674 12687 I art     : Starting a blocking GC Explicit
08-05 20:10:31.109 12674 12687 I art     : Explicit concurrent mark sweep GC freed 1427(83KB) AllocSpace objects, 1(20KB) LOS objects, 36% free, 28MB/44MB, paused 1.370ms total 38.839ms
08-05 20:10:31.121 12674 12687 I art     : Starting a blocking GC Explicit
08-05 20:10:31.160 12674 12687 I art     : Explicit concurrent mark sweep GC freed 23(752B) AllocSpace objects, 0(0B) LOS objects, 36% free, 28MB/44MB, paused 1.270ms total 38.493ms
08-05 20:10:31.172 12674 12687 I art     : Starting a blocking GC Explicit
08-05 20:10:31.209 12674 12687 I art     : Explicit concurrent mark sweep GC freed 3(96B) AllocSpace objects, 0(0B) LOS objects, 36% free, 28MB/44MB, paused 1.292ms total 36.845ms
08-05 20:10:31.222 12674 12687 I art     : Starting a blocking GC Explicit
08-05 20:10:31.261 12674 12687 I art     : Explicit concurrent mark sweep GC freed 3(96B) AllocSpace objects, 0(0B) LOS objects, 36% free, 28MB/44MB, paused 1.214ms total 38.704ms
08-05 20:10:31.273 12674 12687 I art     : Starting a blocking GC Explicit
08-05 20:10:31.312 12674 12687 I art     : Explicit concurrent mark sweep GC freed 3(96B) AllocSpace objects, 0(0B) LOS objects, 36% free, 28MB/44MB, paused 1.233ms total 38.230ms
08-05 20:10:31.577 13866 13882 I PeriodicStatsRunner: PeriodicStatsRunner.call():175 call()
08-05 20:10:31.577 13866 13882 I PeriodicStatsRunner: PeriodicStatsRunner.call():179 No submit PeriodicStats since input started.
08-05 20:10:31.655 12674 13826 I art     : Starting a blocking GC Explicit
08-05 20:10:31.699 12674 13826 I art     : Explicit concurrent mark sweep GC freed 1374(82KB) AllocSpace objects, 1(20KB) LOS objects, 36% free, 28MB/44MB, paused 1.471ms total 43.707ms
08-05 20:10:31.713 12674 13826 I art     : Starting a blocking GC Explicit
08-05 20:10:31.751 12674 13826 I art     : Explicit concurrent mark sweep GC freed 23(752B) AllocSpace objects, 0(0B) LOS objects, 36% free, 28MB/44MB, paused 1.277ms total 38.453ms
08-05 20:10:31.764 12674 13826 I art     : Starting a blocking GC Explicit
08-05 20:10:31.802 12674 13826 I art     : Explicit concurrent mark sweep GC freed 32(880B) AllocSpace objects, 0(0B) LOS objects, 36% free, 28MB/44MB, paused 1.213ms total 37.703ms
08-05 20:10:31.814 12674 13826 I art     : Starting a blocking GC Explicit
08-05 20:10:31.852 12674 13826 I art     : Explicit concurrent mark sweep GC freed 3(96B) AllocSpace objects, 0(0B) LOS objects, 36% free, 28MB/44MB, paused 1.282ms total 38.324ms
08-05 20:10:31.865 12674 13826 I art     : Starting a blocking GC Explicit
08-05 20:10:31.903 12674 13826 I art     : Explicit concurrent mark sweep GC freed 3(96B) AllocSpace objects, 0(0B) LOS objects, 36% free, 28MB/44MB, paused 1.304ms total 38.313ms
08-05 20:10:32.238 12674 12696 I art     : Starting a blocking GC Explicit
08-05 20:10:32.280 12674 12696 I art     : Explicit concurrent mark sweep GC freed 1373(81KB) AllocSpace objects, 1(20KB) LOS objects, 36% free, 28MB/44MB, paused 1.334ms total 41.555ms
08-05 20:10:32.294 12674 12696 I art     : Starting a blocking GC Explicit
08-05 20:10:32.333 12674 12696 I art     : Explicit concurrent mark sweep GC freed 23(752B) AllocSpace objects, 0(0B) LOS objects, 36% free, 28MB/44MB, paused 1.288ms total 38.009ms
08-05 20:10:32.345 12674 12696 I art     : Starting a blocking GC Explicit
08-05 20:10:32.382 12674 12696 I art     : Explicit concurrent mark sweep GC freed 3(96B) AllocSpace objects, 0(0B) LOS objects, 36% free, 28MB/44MB, paused 1.212ms total 36.032ms
08-05 20:10:32.393 12674 12696 I art     : Starting a blocking GC Explicit
08-05 20:10:32.430 12674 12696 I art     : Explicit concurrent mark sweep GC freed 3(96B) AllocSpace objects, 0(0B) LOS objects, 36% free, 28MB/44MB, paused 1.319ms total 36.237ms
08-05 20:10:32.442 12674 12696 I art     : Starting a blocking GC Explicit
08-05 20:10:32.481 12674 12696 I art     : Explicit concurrent mark sweep GC freed 3(96B) AllocSpace objects, 0(0B) LOS objects, 36% free, 28MB/44MB, paused 1.297ms total 37.831ms
08-05 20:10:32.827 12674 13232 I art     : Starting a blocking GC Explicit
08-05 20:10:32.874 12674 13232 I art     : Explicit concurrent mark sweep GC freed 1403(83KB) AllocSpace objects, 1(20KB) LOS objects, 36% free, 28MB/44MB, paused 1.276ms total 47.206ms
08-05 20:10:32.889 12674 13232 I art     : Starting a blocking GC Explicit
08-05 20:10:32.927 12674 13232 I art     : Explicit concurrent mark sweep GC freed 23(752B) AllocSpace objects, 0(0B) LOS objects, 36% free, 28MB/44MB, paused 1.283ms total 36.892ms
08-05 20:10:32.939 12674 13232 I art     : Starting a blocking GC Explicit
08-05 20:10:32.977 12674 13232 I art     : Explicit concurrent mark sweep GC freed 3(96B) AllocSpace objects, 0(0B) LOS objects, 36% free, 28MB/44MB, paused 1.216ms total 37.865ms
08-05 20:10:32.989 12674 13232 I art     : Starting a blocking GC Explicit
08-05 20:10:33.027 12674 13232 I art     : Explicit concurrent mark sweep GC freed 3(96B) AllocSpace objects, 0(0B) LOS objects, 36% free, 28MB/44MB, paused 1.252ms total 37.284ms
08-05 20:10:33.039 12674 13232 I art     : Starting a blocking GC Explicit
08-05 20:10:33.078 12674 13232 I art     : Explicit concurrent mark sweep GC freed 3(96B) AllocSpace objects, 0(0B) LOS objects, 36% free, 28MB/44MB, paused 1.323ms total 38.142ms
08-05 20:10:33.420 12674 12686 I art     : Starting a blocking GC Explicit
08-05 20:10:33.469 12674 12686 I art     : Explicit concurrent mark sweep GC freed 1373(81KB) AllocSpace objects, 1(20KB) LOS objects, 36% free, 28MB/44MB, paused 1.482ms total 48.517ms
08-05 20:10:33.485 12674 12686 I art     : Starting a blocking GC Explicit
08-05 20:10:33.521 12674 12686 I art     : Explicit concurrent mark sweep GC freed 23(752B) AllocSpace objects, 0(0B) LOS objects, 36% free, 28MB/44MB, paused 1.229ms total 35.934ms
08-05 20:10:33.521 12674 12685 I art     : WaitForGcToComplete blocked for 7.131ms for cause HeapTrim
08-05 20:10:33.533 12674 12686 I art     : Starting a blocking GC Explicit
08-05 20:10:33.572 12674 12686 I art     : Explicit concurrent mark sweep GC freed 3(96B) AllocSpace objects, 0(0B) LOS objects, 36% free, 28MB/44MB, paused 1.285ms total 38.658ms
08-05 20:10:33.585 12674 12686 I art     : Starting a blocking GC Explicit
08-05 20:10:33.622 12674 12686 I art     : Explicit concurrent mark sweep GC freed 3(96B) AllocSpace objects, 0(0B) LOS objects, 36% free, 28MB/44MB, paused 1.206ms total 37.371ms
08-05 20:10:33.634 12674 12686 I art     : Starting a blocking GC Explicit
08-05 20:10:33.673 12674 12686 I art     : Explicit concurrent mark sweep GC freed 3(96B) AllocSpace objects, 0(0B) LOS objects, 36% free, 28MB/44MB, paused 1.272ms total 38.508ms
08-05 20:10:34.009 12674 12687 I art     : Starting a blocking GC Explicit
08-05 20:10:34.052 12674 12687 I art     : Explicit concurrent mark sweep GC freed 1401(81KB) AllocSpace objects, 1(20KB) LOS objects, 36% free, 28MB/44MB, paused 1.333ms total 42.351ms
08-05 20:10:34.067 12674 12687 I art     : Starting a blocking GC Explicit
08-05 20:10:34.106 12674 12687 I art     : Explicit concurrent mark sweep GC freed 23(752B) AllocSpace objects, 0(0B) LOS objects, 36% free, 28MB/44MB, paused 1.269ms total 39.049ms
08-05 20:10:34.118 12674 12687 I art     : Starting a blocking GC Explicit
08-05 20:10:34.158 12674 12687 I art     : Explicit concurrent mark sweep GC freed 3(96B) AllocSpace objects, 0(0B) LOS objects, 36% free, 28MB/44MB, paused 1.398ms total 38.894ms
08-05 20:10:34.170 12674 12687 I art     : Starting a blocking GC Explicit
08-05 20:10:34.209 12674 12687 I art     : Explicit concurrent mark sweep GC freed 3(96B) AllocSpace objects, 0(0B) LOS objects, 36% free, 28MB/44MB, paused 1.353ms total 38.240ms
08-05 20:10:34.221 12674 12687 I art     : Starting a blocking GC Explicit
08-05 20:10:34.259 12674 12687 I art     : Explicit concurrent mark sweep GC freed 3(96B) AllocSpace objects, 0(0B) LOS objects, 36% free, 28MB/44MB, paused 1.347ms total 37.590ms
08-05 20:10:34.595 12674 13826 I art     : Starting a blocking GC Explicit
08-05 20:10:34.641 12674 13826 I art     : Explicit concurrent mark sweep GC freed 1372(80KB) AllocSpace objects, 1(20KB) LOS objects, 36% free, 28MB/44MB, paused 1.322ms total 45.022ms
08-05 20:10:34.655 12674 13826 I art     : Starting a blocking GC Explicit
08-05 20:10:34.692 12674 13826 I art     : Explicit concurrent mark sweep GC freed 23(752B) AllocSpace objects, 0(0B) LOS objects, 36% free, 28MB/44MB, paused 1.258ms total 35.945ms
08-05 20:10:34.704 12674 13826 I art     : Starting a blocking GC Explicit
08-05 20:10:34.740 12674 13826 I art     : Explicit concurrent mark sweep GC freed 3(96B) AllocSpace objects, 0(0B) LOS objects, 36% free, 28MB/44MB, paused 1.237ms total 36.371ms
08-05 20:10:34.752 12674 13826 I art     : Starting a blocking GC Explicit
08-05 20:10:34.788 12674 13826 I art     : Explicit concurrent mark sweep GC freed 32(880B) AllocSpace objects, 0(0B) LOS objects, 36% free, 28MB/44MB, paused 1.280ms total 34.910ms
08-05 20:10:34.800 12674 13826 I art     : Starting a blocking GC Explicit
08-05 20:10:34.833 12674 13826 I art     : Explicit concurrent mark sweep GC freed 3(96B) AllocSpace objects, 0(0B) LOS objects, 36% free, 28MB/44MB, paused 1.156ms total 32.991ms
08-05 20:10:35.167 12674 12696 I art     : Starting a blocking GC Explicit
08-05 20:10:35.210 12674 12696 I art     : Explicit concurrent mark sweep GC freed 1372(80KB) AllocSpace objects, 1(20KB) LOS objects, 36% free, 28MB/44MB, paused 1.615ms total 42.456ms
08-05 20:10:35.222 12674 12696 I art     : Starting a blocking GC Explicit
08-05 20:10:35.259 12674 12696 I art     : Explicit concurrent mark sweep GC freed 23(752B) AllocSpace objects, 0(0B) LOS objects, 36% free, 28MB/44MB, paused 1.360ms total 36.493ms
08-05 20:10:35.271 12674 12696 I art     : Starting a blocking GC Explicit
08-05 20:10:35.302 14683 14683 D AndroidRuntime: >>>>>> START com.android.internal.os.RuntimeInit uid 2000 <<<<<<
08-05 20:10:35.307 12674 12696 I art     : Explicit concurrent mark sweep GC freed 3(96B) AllocSpace objects, 0(0B) LOS objects, 36% free, 28MB/44MB, paused 1.377ms total 36.035ms
08-05 20:10:35.309 14683 14683 D AndroidRuntime: CheckJNI is OFF
08-05 20:10:35.319 12674 12696 I art     : Starting a blocking GC Explicit
08-05 20:10:35.355 12674 12696 I art     : Explicit concurrent mark sweep GC freed 3(96B) AllocSpace objects, 0(0B) LOS objects, 36% free, 28MB/44MB, paused 1.328ms total 34.951ms
08-05 20:10:35.355 14683 14683 D ICU     : No timezone override file found: /data/misc/zoneinfo/current/icu/icu_tzdata.dat
08-05 20:10:35.367 12674 12696 I art     : Starting a blocking GC Explicit
08-05 20:10:35.402 12674 12696 I art     : Explicit concurrent mark sweep GC freed 3(96B) AllocSpace objects, 0(0B) LOS objects, 36% free, 28MB/44MB, paused 1.401ms total 34.754ms
08-05 20:10:35.402 14683 14683 I Radio-JNI: register_android_hardware_Radio DONE
08-05 20:10:35.432 14683 14683 D AndroidRuntime: Calling main entry com.android.commands.input.Input
08-05 20:10:35.435 14683 14683 I Input   : injectMotionEvent: MotionEvent { action=ACTION_DOWN, actionButton=0, id[0]=0, x[0]=616.0, y[0]=469.0, toolType[0]=TOOL_TYPE_UNKNOWN, buttonState=0, metaState=0, flags=0x0, edgeFlags=0x0, pointerCount=1, historySize=0, eventTime=821451848, downTime=821451848, deviceId=0, source=0x1002 }
08-05 20:10:35.441 14683 14683 I Input   : injectMotionEvent: MotionEvent { action=ACTION_UP, actionButton=0, id[0]=0, x[0]=616.0, y[0]=469.0, toolType[0]=TOOL_TYPE_UNKNOWN, buttonState=0, metaState=0, flags=0x0, edgeFlags=0x0, pointerCount=1, historySize=0, eventTime=821451848, downTime=821451848, deviceId=0, source=0x1002 }
08-05 20:10:35.443 14683 14683 D AndroidRuntime: Shutting down VM
08-05 20:10:35.510   512  2967 D audio_hw_primary: out_set_parameters: enter: usecase(1: low-latency-playback) kvpairs: routing=2
08-05 20:10:35.523   512  2967 D audio_hw_primary: select_devices: out_snd_device(2: speaker) in_snd_device(0: none)
08-05 20:10:35.523   512  2967 D msm8974_platform: platform_send_audio_calibration: sending audio calibration for snd_device(2) acdb_id(15)
08-05 20:10:35.523   512  2967 I soundtrigger: audio_extn_sound_trigger_update_device_status: device 0x2 of type 0 for Event 1
08-05 20:10:35.537   512  2967 D audio_hw_primary: enable_snd_device: snd_device(2: speaker)
08-05 20:10:35.540   512  2967 D audio_hw_primary: enable_audio_route: apply and update mixer path: low-latency-playback speaker
08-05 20:10:35.675 12674 13221 I NAPPA_EXPERIMENTATION: MetricNetworkRequestExecutionTime: REQUEST_DURATION_SYSTEM='167',REQUEST_DURATION_OKHTTP='166',REQUEST_SYNCHRONOUS='TRUE',RESPONSE_CODE='200',RESPONSE_METHOD='GET',RESPONSE_LENGTH_OKHTTP='-1',RESPONSE_LENGTH_HEADER='628',REQUEST_PROTOCOL='h2',REQUEST_URL='https://itunes.apple.com/lookup?id=1524080195',
08-05 20:10:35.693   918   929 I ActivityManager: START u0 {cmp=baseline.de.danoeh.antennapod.debug/baseline.de.danoeh.antennapod.activity.OnlineFeedViewActivity (has extras)} from uid 10695 on display 0
08-05 20:10:35.702 12674 13826 I art     : Starting a blocking GC Explicit
08-05 20:10:35.719 13866 13866 I GoogleInputMethodServic: GoogleInputMethodService.onFinishInput():3138 
08-05 20:10:35.720 13866 13866 I GoogleInputMethodServic: GoogleInputMethodService.onStartInput():1808 
08-05 20:10:35.740 12674 13826 I art     : Explicit concurrent mark sweep GC freed 2541(155KB) AllocSpace objects, 1(20KB) LOS objects, 36% free, 28MB/44MB, paused 1.708ms total 37.370ms
08-05 20:10:35.748 12674 12674 D UserPreferences: Using default data folder
08-05 20:10:35.750 12674 12674 D OnlineFeedViewActivity: Activity was started with url https://rss.art19.com/nice-white-parents
08-05 20:10:35.752 12674 13826 I art     : Starting a blocking GC Explicit
08-05 20:10:35.754 12674 12674 D OnlineFeedViewActivity: Starting feed download
08-05 20:10:35.757 12674 13220 D DBReader: Extracting Feedlist
08-05 20:10:35.759   918  6029 D WifiService: acquireWifiLockLocked: WifiLock{Downloader type=1 binder=android.os.BinderProxy@5f7bca5}
08-05 20:10:35.760 12674 13220 D AntennapodHttpClient: Creating new instance of HTTP client
08-05 20:10:35.784 12674 13826 I art     : Explicit concurrent mark sweep GC freed 926(69KB) AllocSpace objects, 0(0B) LOS objects, 36% free, 28MB/44MB, paused 1.532ms total 32.525ms
08-05 20:10:35.796 12674 13826 I art     : Starting a blocking GC Explicit
08-05 20:10:35.815 13866 13866 I GoogleInputMethodServic: GoogleInputMethodService.onFinishInput():3138 
08-05 20:10:35.816 13866 13866 I GoogleInputMethodServic: GoogleInputMethodService.onStartInput():1808 
08-05 20:10:35.828 12674 13826 I art     : Explicit concurrent mark sweep GC freed 348(16KB) AllocSpace objects, 0(0B) LOS objects, 36% free, 28MB/44MB, paused 1.680ms total 31.708ms
08-05 20:10:35.839 12674 13826 I art     : Starting a blocking GC Explicit
08-05 20:10:35.849   918   936 I ActivityManager: Displayed baseline.de.danoeh.antennapod.debug/baseline.de.danoeh.antennapod.activity.OnlineFeedViewActivity: +130ms
08-05 20:10:35.876 12674 13826 I art     : Explicit concurrent mark sweep GC freed 2462(133KB) AllocSpace objects, 3(200KB) LOS objects, 35% free, 28MB/44MB, paused 2.141ms total 37.625ms
08-05 20:10:35.891 12674 13826 I art     : Starting a blocking GC Explicit
08-05 20:10:35.924 12674 13826 I art     : Explicit concurrent mark sweep GC freed 3091(200KB) AllocSpace objects, 0(0B) LOS objects, 35% free, 28MB/44MB, paused 1.313ms total 32.756ms
08-05 20:10:36.036 12674 13220 D MYTAG   : interceptor 3a https://rss.art19.com/nice-white-parents
08-05 20:10:36.036 12674 13220 I NAPPA_EXPERIMENTATION: MetricNetworkRequestExecutionTime: REQUEST_DURATION_SYSTEM='275',REQUEST_DURATION_OKHTTP='146',REQUEST_SYNCHRONOUS='TRUE',RESPONSE_CODE='200',RESPONSE_METHOD='GET',RESPONSE_LENGTH_OKHTTP='-1',RESPONSE_LENGTH_HEADER='1803',REQUEST_PROTOCOL='h2',REQUEST_URL='https://rss.art19.com/nice-white-parents',
08-05 20:10:36.036 12674 13220 D HttpDownloader: Response code is 200
08-05 20:10:36.037 12674 13220 D UserPreferences: Using default data folder
08-05 20:10:36.039 12674 13220 D HttpDownloader: Getting size of download
08-05 20:10:36.039 12674 13220 D HttpDownloader: Size is -1
08-05 20:10:36.039 12674 13220 D UserPreferences: Using default data folder
08-05 20:10:36.040 12674 13220 D HttpDownloader: Free space is 20173438976
08-05 20:10:36.040 12674 13220 D HttpDownloader: Starting download
08-05 20:10:36.079 12674 13220 D HttpDownloader: Download was successful
08-05 20:10:36.080   512  2967 D audio_hw_primary: disable_audio_route: reset and update mixer path: low-latency-playback speaker
08-05 20:10:36.080   918  3714 D WifiService: releaseWifiLockLocked: WifiLock{Downloader type=1 binder=android.os.BinderProxy@5f7bca5}
08-05 20:10:36.081 12674 12674 D OnlineFeedViewActivity: Parsing feed
08-05 20:10:36.084   512  2967 D audio_hw_primary: disable_snd_device: snd_device(2: speaker)
08-05 20:10:36.086 12674 14721 D TypeGetter: Recognized type RSS 2.0
08-05 20:10:36.090 12674 14721 D SyndHandler: Recognized ITunes namespace
08-05 20:10:36.090 12674 14721 D SyndHandler: Recognized Atom namespace
08-05 20:10:36.090 12674 14721 D SyndHandler: Recognized Content namespace
08-05 20:10:36.097   512  2967 I soundtrigger: audio_extn_sound_trigger_update_device_status: device 0x2 of type 0 for Event 0
08-05 20:10:36.102 12674 14721 D OnlineFeedViewActivity: Deleted feed source file. Result: true
08-05 20:10:36.102 12674 12674 D OnlineFeedViewActivity: Removing HTML from shownotes
08-05 20:10:36.109   380   380 W SurfaceFlinger: couldn't log to binary event log: overflow.
08-05 20:10:36.231 12674 12674 D PlaybackController: Releasing PlaybackController
08-05 20:10:36.241 12674 13232 I art     : Starting a blocking GC Explicit
08-05 20:10:36.277 12674 13232 I art     : Explicit concurrent mark sweep GC freed 3757(379KB) AllocSpace objects, 5(148KB) LOS objects, 35% free, 28MB/44MB, paused 1.205ms total 35.783ms
08-05 20:10:36.289 12674 13232 I art     : Starting a blocking GC Explicit
08-05 20:10:36.324 12674 13232 I art     : Explicit concurrent mark sweep GC freed 657(31KB) AllocSpace objects, 1(112KB) LOS objects, 36% free, 28MB/44MB, paused 1.287ms total 34.638ms
08-05 20:10:36.336 12674 13232 I art     : Starting a blocking GC Explicit
08-05 20:10:36.372 12674 13232 I art     : Explicit concurrent mark sweep GC freed 3(96B) AllocSpace objects, 0(0B) LOS objects, 36% free, 28MB/44MB, paused 1.313ms total 35.408ms
08-05 20:10:36.384 12674 13232 I art     : Starting a blocking GC Explicit
08-05 20:10:36.421 12674 13232 I art     : Explicit concurrent mark sweep GC freed 3(96B) AllocSpace objects, 0(0B) LOS objects, 36% free, 28MB/44MB, paused 1.315ms total 37.053ms
08-05 20:10:36.434 12674 13232 I art     : Starting a blocking GC Explicit
08-05 20:10:36.471 12674 13232 I art     : Explicit concurrent mark sweep GC freed 3(96B) AllocSpace objects, 0(0B) LOS objects, 36% free, 28MB/44MB, paused 1.336ms total 36.813ms
08-05 20:10:36.799 12674 13826 I art     : Starting a blocking GC Explicit
08-05 20:10:36.841 12674 13826 I art     : Explicit concurrent mark sweep GC freed 1401(81KB) AllocSpace objects, 1(20KB) LOS objects, 36% free, 28MB/44MB, paused 1.315ms total 42.194ms
08-05 20:10:36.853 12674 13826 I art     : Starting a blocking GC Explicit
08-05 20:10:36.891 12674 13826 I art     : Explicit concurrent mark sweep GC freed 23(752B) AllocSpace objects, 0(0B) LOS objects, 36% free, 28MB/44MB, paused 1.456ms total 37.671ms
08-05 20:10:36.904 12674 13826 I art     : Starting a blocking GC Explicit
08-05 20:10:36.941 12674 13826 I art     : Explicit concurrent mark sweep GC freed 3(96B) AllocSpace objects, 0(0B) LOS objects, 36% free, 28MB/44MB, paused 1.223ms total 36.776ms
08-05 20:10:36.953 12674 13826 I art     : Starting a blocking GC Explicit
08-05 20:10:36.991 12674 13826 I art     : Explicit concurrent mark sweep GC freed 3(96B) AllocSpace objects, 0(0B) LOS objects, 36% free, 28MB/44MB, paused 1.524ms total 37.716ms
08-05 20:10:37.003 12674 13826 I art     : Starting a blocking GC Explicit
08-05 20:10:37.041 12674 13826 I art     : Explicit concurrent mark sweep GC freed 3(96B) AllocSpace objects, 0(0B) LOS objects, 36% free, 28MB/44MB, paused 1.288ms total 36.793ms
08-05 20:10:37.380 12674 12686 I art     : Starting a blocking GC Explicit
08-05 20:10:37.425 12674 12686 I art     : Explicit concurrent mark sweep GC freed 1372(80KB) AllocSpace objects, 1(20KB) LOS objects, 36% free, 28MB/44MB, paused 1.307ms total 43.850ms
08-05 20:10:37.437 12674 12686 I art     : Starting a blocking GC Explicit
08-05 20:10:37.475 12674 12686 I art     : Explicit concurrent mark sweep GC freed 23(752B) AllocSpace objects, 0(0B) LOS objects, 36% free, 28MB/44MB, paused 1.335ms total 38.027ms
08-05 20:10:37.487 12674 12686 I art     : Starting a blocking GC Explicit
08-05 20:10:37.525 12674 12686 I art     : Explicit concurrent mark sweep GC freed 3(96B) AllocSpace objects, 0(0B) LOS objects, 36% free, 28MB/44MB, paused 1.334ms total 37.133ms
08-05 20:10:37.538 12674 12686 I art     : Starting a blocking GC Explicit
08-05 20:10:37.579 12674 12686 I art     : Explicit concurrent mark sweep GC freed 3(96B) AllocSpace objects, 0(0B) LOS objects, 36% free, 28MB/44MB, paused 1.385ms total 40.878ms
08-05 20:10:37.591 12674 12686 I art     : Starting a blocking GC Explicit
08-05 20:10:37.631 12674 12686 I art     : Explicit concurrent mark sweep GC freed 3(96B) AllocSpace objects, 0(0B) LOS objects, 36% free, 28MB/44MB, paused 1.323ms total 39.275ms
08-05 20:10:37.959 12674 13826 I art     : Starting a blocking GC Explicit
08-05 20:10:37.998 12674 13826 I art     : Explicit concurrent mark sweep GC freed 1429(82KB) AllocSpace objects, 1(20KB) LOS objects, 36% free, 28MB/44MB, paused 1.372ms total 39.239ms
08-05 20:10:38.012 12674 13826 I art     : Starting a blocking GC Explicit
08-05 20:10:38.050 12674 13826 I art     : Explicit concurrent mark sweep GC freed 23(752B) AllocSpace objects, 0(0B) LOS objects, 36% free, 28MB/44MB, paused 1.279ms total 37.601ms
08-05 20:10:38.062 12674 13826 I art     : Starting a blocking GC Explicit
08-05 20:10:38.102 12674 13826 I art     : Explicit concurrent mark sweep GC freed 3(96B) AllocSpace objects, 0(0B) LOS objects, 36% free, 28MB/44MB, paused 1.383ms total 39.512ms
08-05 20:10:38.114 12674 13826 I art     : Starting a blocking GC Explicit
08-05 20:10:38.154 12674 13826 I art     : Explicit concurrent mark sweep GC freed 3(96B) AllocSpace objects, 0(0B) LOS objects, 36% free, 28MB/44MB, paused 1.375ms total 39.390ms
08-05 20:10:38.167 12674 13826 I art     : Starting a blocking GC Explicit
08-05 20:10:38.208 12674 13826 I art     : Explicit concurrent mark sweep GC freed 3(96B) AllocSpace objects, 0(0B) LOS objects, 36% free, 28MB/44MB, paused 1.467ms total 40.593ms
08-05 20:10:38.568 12674 12686 I art     : Starting a blocking GC Explicit
08-05 20:10:38.624 12674 12686 I art     : Explicit concurrent mark sweep GC freed 1372(80KB) AllocSpace objects, 1(20KB) LOS objects, 36% free, 28MB/44MB, paused 1.463ms total 54.797ms
08-05 20:10:38.625 12674 12685 I art     : WaitForGcToComplete blocked for 51.285ms for cause HeapTrim
08-05 20:10:38.638 12674 12686 I art     : Starting a blocking GC Explicit
08-05 20:10:38.679 12674 12686 I art     : Explicit concurrent mark sweep GC freed 23(752B) AllocSpace objects, 0(0B) LOS objects, 36% free, 28MB/44MB, paused 1.418ms total 41.177ms
08-05 20:10:38.692 12674 12686 I art     : Starting a blocking GC Explicit
08-05 20:10:38.732 12674 12686 I art     : Explicit concurrent mark sweep GC freed 3(96B) AllocSpace objects, 0(0B) LOS objects, 36% free, 28MB/44MB, paused 1.372ms total 40.159ms
08-05 20:10:38.745 12674 12686 I art     : Starting a blocking GC Explicit
08-05 20:10:38.785 12674 12686 I art     : Explicit concurrent mark sweep GC freed 32(880B) AllocSpace objects, 0(0B) LOS objects, 36% free, 28MB/44MB, paused 1.260ms total 40.141ms
08-05 20:10:38.798 12674 12686 I art     : Starting a blocking GC Explicit
08-05 20:10:38.839 12674 12686 I art     : Explicit concurrent mark sweep GC freed 3(96B) AllocSpace objects, 0(0B) LOS objects, 36% free, 28MB/44MB, paused 1.392ms total 41.040ms
08-05 20:10:39.184  5179  5194 D QcrilMsgTunnelSocket: readRilMessage: Buffer = [B@671e81d HexData = [010000000404000011000000514f454d484f4f4bef0308000100000003]
08-05 20:10:39.184  5179  5194 D QcrilMsgTunnelSocket: Rcvd UNSOL response with 28 bytes data for SUB0
08-05 20:10:39.184  5179  5194 D QcrilMsgTunnelSocket: Response ID 525295 is not served in this process.
08-05 20:10:39.184  5179  5194 D QcrilMsgTunnelSocket: To broadcast an Intent via the notifier to external apps
08-05 20:10:39.184  5179  5179 D QcrilMsgTunnelIfaceManager: handleMessage what = 0
08-05 20:10:39.184  5179  5179 D QcrilMsgTunnelIfaceManager: Broadcasting intent ACTION_UNSOL_RESPONSE_OEM_HOOK_RAW
08-05 20:10:39.194  5164  5164 D QC_RIL_OEM_HOOK: Received Broadcast Intent ACTION_UNSOL_RESPONSE_OEM_HOOK_RAW
08-05 20:10:39.194  5164  5164 D QC_RIL_OEM_HOOK: Oem ID in QCRILHOOK UNSOL RESP is QOEMHOOK
08-05 20:10:39.204 12674 12687 I art     : Starting a blocking GC Explicit
08-05 20:10:39.242 12674 12687 I art     : Explicit concurrent mark sweep GC freed 1372(80KB) AllocSpace objects, 1(20KB) LOS objects, 36% free, 28MB/44MB, paused 1.327ms total 37.653ms
08-05 20:10:39.254 12674 12687 I art     : Starting a blocking GC Explicit
08-05 20:10:39.293 12674 12687 I art     : Explicit concurrent mark sweep GC freed 23(752B) AllocSpace objects, 0(0B) LOS objects, 36% free, 28MB/44MB, paused 1.476ms total 38.803ms
08-05 20:10:39.306 12674 12687 I art     : Starting a blocking GC Explicit
08-05 20:10:39.346 12674 12687 I art     : Explicit concurrent mark sweep GC freed 3(96B) AllocSpace objects, 0(0B) LOS objects, 36% free, 28MB/44MB, paused 1.321ms total 39.777ms
08-05 20:10:39.358 12674 12687 I art     : Starting a blocking GC Explicit
08-05 20:10:39.399 12674 12687 I art     : Explicit concurrent mark sweep GC freed 3(96B) AllocSpace objects, 0(0B) LOS objects, 36% free, 28MB/44MB, paused 1.335ms total 40.852ms
08-05 20:10:39.412 12674 12687 I art     : Starting a blocking GC Explicit
08-05 20:10:39.453 12674 12687 I art     : Explicit concurrent mark sweep GC freed 3(96B) AllocSpace objects, 0(0B) LOS objects, 36% free, 28MB/44MB, paused 1.357ms total 41.018ms
08-05 20:10:39.790 12674 12696 I art     : Starting a blocking GC Explicit
08-05 20:10:39.832 12674 12696 I art     : Explicit concurrent mark sweep GC freed 1402(83KB) AllocSpace objects, 1(20KB) LOS objects, 36% free, 28MB/44MB, paused 1.396ms total 41.069ms
08-05 20:10:39.844 12674 12696 I art     : Starting a blocking GC Explicit
08-05 20:10:39.882 12674 12696 I art     : Explicit concurrent mark sweep GC freed 23(752B) AllocSpace objects, 0(0B) LOS objects, 36% free, 28MB/44MB, paused 1.405ms total 37.828ms
08-05 20:10:39.894 12674 12696 I art     : Starting a blocking GC Explicit
08-05 20:10:39.933 12674 12696 I art     : Explicit concurrent mark sweep GC freed 3(96B) AllocSpace objects, 0(0B) LOS objects, 36% free, 28MB/44MB, paused 1.374ms total 38.038ms
08-05 20:10:39.945 12674 12696 I art     : Starting a blocking GC Explicit
08-05 20:10:39.983 12674 12696 I art     : Explicit concurrent mark sweep GC freed 3(96B) AllocSpace objects, 0(0B) LOS objects, 36% free, 28MB/44MB, paused 1.381ms total 38.077ms
08-05 20:10:39.995 12674 12696 I art     : Starting a blocking GC Explicit
08-05 20:10:40.033 12674 12696 I art     : Explicit concurrent mark sweep GC freed 3(96B) AllocSpace objects, 0(0B) LOS objects, 36% free, 28MB/44MB, paused 1.422ms total 38ms
08-05 20:10:40.250 14795 14795 D AndroidRuntime: >>>>>> START com.android.internal.os.RuntimeInit uid 2000 <<<<<<
08-05 20:10:40.257 14795 14795 D AndroidRuntime: CheckJNI is OFF
08-05 20:10:40.298 14795 14795 D ICU     : No timezone override file found: /data/misc/zoneinfo/current/icu/icu_tzdata.dat
08-05 20:10:40.340 14795 14795 I Radio-JNI: register_android_hardware_Radio DONE
08-05 20:10:40.370 14795 14795 D AndroidRuntime: Calling main entry com.android.commands.input.Input
08-05 20:10:40.372 14795 14795 I Input   : injectKeyEvent: KeyEvent { action=ACTION_DOWN, keyCode=KEYCODE_BACK, scanCode=0, metaState=0, flags=0x0, repeatCount=0, eventTime=821456785, downTime=821456785, deviceId=-1, source=0x101 }
08-05 20:10:40.377 14795 14795 I Input   : injectKeyEvent: KeyEvent { action=ACTION_UP, keyCode=KEYCODE_BACK, scanCode=0, metaState=0, flags=0x0, repeatCount=0, eventTime=821456785, downTime=821456785, deviceId=-1, source=0x101 }
08-05 20:10:40.378 12674 13232 I art     : Starting a blocking GC Explicit
08-05 20:10:40.382 14795 14795 D AndroidRuntime: Shutting down VM
08-05 20:10:40.388 12674 12674 V PlaybackController: initServiceNotRunning()
08-05 20:10:40.388 12674 12674 D ExternalPlayerFragment: Loading media info
08-05 20:10:40.393 12674 12674 D UserPreferences: Using default data folder
08-05 20:10:40.393 12674 13220 D DBReader: getNavDrawerData() called with: 
08-05 20:10:40.406 12674 13220 D DBReader: getDownloadedItems() called
08-05 20:10:40.408 12674 13220 D DBReader: getFavoriteIDList() called
08-05 20:10:40.409 12674 13220 D DBReader: getQueueIDList() called
08-05 20:10:40.409 12674 13220 D DBReader: Extracting Feedlist
08-05 20:10:40.418 12674 13232 I art     : Explicit concurrent mark sweep GC freed 1925(124KB) AllocSpace objects, 1(20KB) LOS objects, 35% free, 28MB/44MB, paused 1.432ms total 39.262ms
08-05 20:10:40.429 12674 13232 I art     : Starting a blocking GC Explicit
08-05 20:10:40.434 13866 13866 I GoogleInputMethodServic: GoogleInputMethodService.onFinishInput():3138 
08-05 20:10:40.434 13866 13866 I GoogleInputMethodServic: GoogleInputMethodService.onStartInput():1808 
08-05 20:10:40.448 12674 12674 D MainActivity: getLastNavFragment() -> AddFeedFragment
08-05 20:10:40.464 12674 13232 I art     : Explicit concurrent mark sweep GC freed 368(20KB) AllocSpace objects, 0(0B) LOS objects, 36% free, 28MB/44MB, paused 1.318ms total 34.775ms
08-05 20:10:40.475 12674 13232 I art     : Starting a blocking GC Explicit
08-05 20:10:40.509 12674 13232 I art     : Explicit concurrent mark sweep GC freed 508(23KB) AllocSpace objects, 0(0B) LOS objects, 36% free, 28MB/44MB, paused 1.350ms total 33.512ms
08-05 20:10:40.520 12674 13232 I art     : Starting a blocking GC Explicit
08-05 20:10:40.552 12674 13232 I art     : Explicit concurrent mark sweep GC freed 140(9KB) AllocSpace objects, 0(0B) LOS objects, 36% free, 28MB/44MB, paused 1.399ms total 32.217ms
08-05 20:10:40.564 12674 13232 I art     : Starting a blocking GC Explicit
08-05 20:10:40.599 12674 13232 I art     : Explicit concurrent mark sweep GC freed 3(96B) AllocSpace objects, 0(0B) LOS objects, 36% free, 28MB/44MB, paused 1.482ms total 34.823ms
08-05 20:10:40.720 13866 13882 I PeriodicStatsRunner: PeriodicStatsRunner.call():175 call()
08-05 20:10:40.720 13866 13882 I PeriodicStatsRunner: PeriodicStatsRunner.call():179 No submit PeriodicStats since input started.
08-05 20:10:40.746   380   380 W SurfaceFlinger: couldn't log to binary event log: overflow.
08-05 20:10:40.815 13866 13882 I PeriodicStatsRunner: PeriodicStatsRunner.call():175 call()
08-05 20:10:40.816 13866 13882 I PeriodicStatsRunner: PeriodicStatsRunner.call():179 No submit PeriodicStats since input started.
08-05 20:10:40.904 12674 12696 I art     : Starting a blocking GC Explicit
08-05 20:10:40.950 12674 12696 I art     : Explicit concurrent mark sweep GC freed 1998(106KB) AllocSpace objects, 1(20KB) LOS objects, 36% free, 28MB/44MB, paused 1.387ms total 45.204ms
08-05 20:10:40.966 12674 12696 I art     : Starting a blocking GC Explicit
08-05 20:10:41.004 12674 12696 I art     : Explicit concurrent mark sweep GC freed 2457(152KB) AllocSpace objects, 1(28KB) LOS objects, 36% free, 28MB/44MB, paused 1.359ms total 37.825ms
08-05 20:10:41.016 12674 12696 I art     : Starting a blocking GC Explicit
08-05 20:10:41.052 12674 12696 I art     : Explicit concurrent mark sweep GC freed 3(96B) AllocSpace objects, 0(0B) LOS objects, 36% free, 28MB/44MB, paused 1.313ms total 36.358ms
08-05 20:10:41.064 12674 12696 I art     : Starting a blocking GC Explicit
08-05 20:10:41.101 12674 12696 I art     : Explicit concurrent mark sweep GC freed 3(96B) AllocSpace objects, 0(0B) LOS objects, 36% free, 28MB/44MB, paused 1.301ms total 36.219ms
08-05 20:10:41.113 12674 12696 I art     : Starting a blocking GC Explicit
08-05 20:10:41.149 12674 12696 I art     : Explicit concurrent mark sweep GC freed 3(96B) AllocSpace objects, 0(0B) LOS objects, 36% free, 28MB/44MB, paused 1.391ms total 35.889ms
08-05 20:10:41.477 12674 12687 I art     : Starting a blocking GC Explicit
08-05 20:10:41.523 12674 12687 I art     : Explicit concurrent mark sweep GC freed 1374(82KB) AllocSpace objects, 1(20KB) LOS objects, 36% free, 28MB/44MB, paused 1.426ms total 45.480ms
08-05 20:10:41.537 12674 12687 I art     : Starting a blocking GC Explicit
08-05 20:10:41.574 12674 12687 I art     : Explicit concurrent mark sweep GC freed 23(752B) AllocSpace objects, 0(0B) LOS objects, 36% free, 28MB/44MB, paused 1.330ms total 36.170ms
08-05 20:10:41.586 12674 12687 I art     : Starting a blocking GC Explicit
08-05 20:10:41.620 12674 12687 I art     : Explicit concurrent mark sweep GC freed 3(96B) AllocSpace objects, 0(0B) LOS objects, 36% free, 28MB/44MB, paused 1.263ms total 34.615ms
08-05 20:10:41.632 12674 12687 I art     : Starting a blocking GC Explicit
08-05 20:10:41.668 12674 12687 I art     : Explicit concurrent mark sweep GC freed 3(96B) AllocSpace objects, 0(0B) LOS objects, 36% free, 28MB/44MB, paused 1.371ms total 35.044ms
08-05 20:10:41.679 12674 12687 I art     : Starting a blocking GC Explicit
08-05 20:10:41.713 12674 12687 I art     : Explicit concurrent mark sweep GC freed 3(96B) AllocSpace objects, 0(0B) LOS objects, 36% free, 28MB/44MB, paused 1.345ms total 33.981ms
08-05 20:10:42.018 12674 12686 I art     : Starting a blocking GC Explicit
08-05 20:10:42.061 12674 12686 I art     : Explicit concurrent mark sweep GC freed 1406(81KB) AllocSpace objects, 1(20KB) LOS objects, 36% free, 28MB/44MB, paused 1.623ms total 42.062ms
08-05 20:10:42.075 12674 12686 I art     : Starting a blocking GC Explicit
08-05 20:10:42.111 12674 12686 I art     : Explicit concurrent mark sweep GC freed 29(944B) AllocSpace objects, 0(0B) LOS objects, 36% free, 28MB/44MB, paused 1.346ms total 35.411ms
08-05 20:10:42.122 12674 12686 I art     : Starting a blocking GC Explicit
08-05 20:10:42.147 14843 14843 D AndroidRuntime: >>>>>> START com.android.internal.os.RuntimeInit uid 2000 <<<<<<
08-05 20:10:42.152 14843 14843 D AndroidRuntime: CheckJNI is OFF
08-05 20:10:42.157 12674 12686 I art     : Explicit concurrent mark sweep GC freed 9(288B) AllocSpace objects, 0(0B) LOS objects, 36% free, 28MB/44MB, paused 1.370ms total 34.471ms
08-05 20:10:42.169 12674 12686 I art     : Starting a blocking GC Explicit
08-05 20:10:42.196 14843 14843 D ICU     : No timezone override file found: /data/misc/zoneinfo/current/icu/icu_tzdata.dat
08-05 20:10:42.204 12674 12686 I art     : Explicit concurrent mark sweep GC freed 9(288B) AllocSpace objects, 0(0B) LOS objects, 36% free, 28MB/44MB, paused 1.238ms total 34.203ms
08-05 20:10:42.216 12674 12686 I art     : Starting a blocking GC Explicit
08-05 20:10:42.241 14843 14843 I Radio-JNI: register_android_hardware_Radio DONE
08-05 20:10:42.250 12674 12686 I art     : Explicit concurrent mark sweep GC freed 8(256B) AllocSpace objects, 0(0B) LOS objects, 36% free, 28MB/44MB, paused 1.499ms total 33.381ms
08-05 20:10:42.270 14843 14843 D AndroidRuntime: Calling main entry com.android.commands.input.Input
08-05 20:10:42.272 14843 14843 I Input   : injectKeyEvent: KeyEvent { action=ACTION_DOWN, keyCode=KEYCODE_BACK, scanCode=0, metaState=0, flags=0x0, repeatCount=0, eventTime=821458685, downTime=821458685, deviceId=-1, source=0x101 }
08-05 20:10:42.281 14843 14843 I Input   : injectKeyEvent: KeyEvent { action=ACTION_UP, keyCode=KEYCODE_BACK, scanCode=0, metaState=0, flags=0x0, repeatCount=0, eventTime=821458685, downTime=821458685, deviceId=-1, source=0x101 }
08-05 20:10:42.295 13866 13866 I GoogleInputMethodServic: GoogleInputMethodService.onFinishInput():3138 
08-05 20:10:42.296 13866 13866 I GoogleInputMethodServic: GoogleInputMethodService.onStartInput():1808 
08-05 20:10:42.301 14843 14843 D AndroidRuntime: Shutting down VM
08-05 20:10:42.549 12674 12686 I art     : Starting a blocking GC Explicit
08-05 20:10:42.592 12674 12686 I art     : Explicit concurrent mark sweep GC freed 2569(129KB) AllocSpace objects, 1(20KB) LOS objects, 36% free, 28MB/44MB, paused 1.469ms total 42.841ms
08-05 20:10:42.607 12674 12686 I art     : Starting a blocking GC Explicit
08-05 20:10:42.644 12674 12686 I art     : Explicit concurrent mark sweep GC freed 2649(177KB) AllocSpace objects, 9(1540KB) LOS objects, 37% free, 26MB/42MB, paused 1.344ms total 36.311ms
08-05 20:10:42.656 12674 12686 I art     : Starting a blocking GC Explicit
08-05 20:10:42.692 12674 12686 I art     : Explicit concurrent mark sweep GC freed 3(96B) AllocSpace objects, 0(0B) LOS objects, 37% free, 26MB/42MB, paused 1.318ms total 35.736ms
08-05 20:10:42.704 12674 12686 I art     : Starting a blocking GC Explicit
08-05 20:10:42.740 12674 12686 I art     : Explicit concurrent mark sweep GC freed 3(96B) AllocSpace objects, 0(0B) LOS objects, 37% free, 26MB/42MB, paused 1.414ms total 35.610ms
08-05 20:10:42.752 12674 12686 I art     : Starting a blocking GC Explicit
08-05 20:10:42.788 12674 12686 I art     : Explicit concurrent mark sweep GC freed 32(880B) AllocSpace objects, 0(0B) LOS objects, 37% free, 26MB/42MB, paused 1.395ms total 35.508ms
08-05 20:10:43.113 12674 12696 I art     : Starting a blocking GC Explicit
08-05 20:10:43.164 12674 12696 I art     : Explicit concurrent mark sweep GC freed 1373(81KB) AllocSpace objects, 1(20KB) LOS objects, 37% free, 26MB/42MB, paused 1.469ms total 49.927ms
08-05 20:10:43.180 12674 12696 I art     : Starting a blocking GC Explicit
08-05 20:10:43.216 12674 12696 I art     : Explicit concurrent mark sweep GC freed 23(752B) AllocSpace objects, 0(0B) LOS objects, 37% free, 26MB/42MB, paused 1.406ms total 35.947ms
08-05 20:10:43.228 12674 12696 I art     : Starting a blocking GC Explicit
08-05 20:10:43.264 12674 12696 I art     : Explicit concurrent mark sweep GC freed 3(96B) AllocSpace objects, 0(0B) LOS objects, 37% free, 26MB/42MB, paused 1.310ms total 35.465ms
08-05 20:10:43.276 12674 12696 I art     : Starting a blocking GC Explicit
08-05 20:10:43.311 12674 12696 I art     : Explicit concurrent mark sweep GC freed 3(96B) AllocSpace objects, 0(0B) LOS objects, 37% free, 26MB/42MB, paused 1.339ms total 35.162ms
08-05 20:10:43.323 12674 12696 I art     : Starting a blocking GC Explicit
08-05 20:10:43.358 12674 12696 I art     : Explicit concurrent mark sweep GC freed 3(96B) AllocSpace objects, 0(0B) LOS objects, 37% free, 26MB/42MB, paused 1.372ms total 34.935ms
08-05 20:10:43.673 12674 12687 I art     : Starting a blocking GC Explicit
08-05 20:10:43.708 12674 12687 I art     : Explicit concurrent mark sweep GC freed 1373(81KB) AllocSpace objects, 1(20KB) LOS objects, 37% free, 26MB/42MB, paused 1.467ms total 34.886ms
08-05 20:10:43.708 12674 12685 I art     : WaitForGcToComplete blocked for 28.588ms for cause HeapTrim
08-05 20:10:43.720 12674 12687 I art     : Starting a blocking GC Explicit
08-05 20:10:43.754 12674 12687 I art     : Explicit concurrent mark sweep GC freed 23(752B) AllocSpace objects, 0(0B) LOS objects, 37% free, 26MB/42MB, paused 1.271ms total 33.738ms
08-05 20:10:43.765 12674 12687 I art     : Starting a blocking GC Explicit
08-05 20:10:43.799 12674 12687 I art     : Explicit concurrent mark sweep GC freed 32(880B) AllocSpace objects, 0(0B) LOS objects, 37% free, 26MB/42MB, paused 1.360ms total 33.678ms
08-05 20:10:43.811 12674 12687 I art     : Starting a blocking GC Explicit
08-05 20:10:43.845 12674 12687 I art     : Explicit concurrent mark sweep GC freed 3(96B) AllocSpace objects, 0(0B) LOS objects, 37% free, 26MB/42MB, paused 1.294ms total 33.896ms
08-05 20:10:43.856 12674 12687 I art     : Starting a blocking GC Explicit
08-05 20:10:43.890 12674 12687 I art     : Explicit concurrent mark sweep GC freed 3(96B) AllocSpace objects, 0(0B) LOS objects, 37% free, 26MB/42MB, paused 1.333ms total 33.470ms
08-05 20:10:44.093 14891 14891 D AndroidRuntime: >>>>>> START com.android.internal.os.RuntimeInit uid 2000 <<<<<<
08-05 20:10:44.099 14891 14891 D AndroidRuntime: CheckJNI is OFF
08-05 20:10:44.141 14891 14891 D ICU     : No timezone override file found: /data/misc/zoneinfo/current/icu/icu_tzdata.dat
08-05 20:10:44.181 14891 14891 I Radio-JNI: register_android_hardware_Radio DONE
08-05 20:10:44.211 14891 14891 D AndroidRuntime: Calling main entry com.android.commands.input.Input
08-05 20:10:44.213 14891 14891 I Input   : injectMotionEvent: MotionEvent { action=ACTION_DOWN, actionButton=0, id[0]=0, x[0]=103.0, y[0]=192.0, toolType[0]=TOOL_TYPE_UNKNOWN, buttonState=0, metaState=0, flags=0x0, edgeFlags=0x0, pointerCount=1, historySize=0, eventTime=821460626, downTime=821460626, deviceId=0, source=0x1002 }
08-05 20:10:44.218 14891 14891 I Input   : injectMotionEvent: MotionEvent { action=ACTION_UP, actionButton=0, id[0]=0, x[0]=103.0, y[0]=192.0, toolType[0]=TOOL_TYPE_UNKNOWN, buttonState=0, metaState=0, flags=0x0, edgeFlags=0x0, pointerCount=1, historySize=0, eventTime=821460626, downTime=821460626, deviceId=0, source=0x1002 }
08-05 20:10:44.220 14891 14891 D AndroidRuntime: Shutting down VM
08-05 20:10:44.229 12674 13826 I art     : Starting a blocking GC Explicit
08-05 20:10:44.236   512  2967 D audio_hw_primary: out_set_parameters: enter: usecase(1: low-latency-playback) kvpairs: routing=2
08-05 20:10:44.249   512  2967 D audio_hw_primary: select_devices: out_snd_device(2: speaker) in_snd_device(0: none)
08-05 20:10:44.249   512  2967 D msm8974_platform: platform_send_audio_calibration: sending audio calibration for snd_device(2) acdb_id(15)
08-05 20:10:44.249   512  2967 I soundtrigger: audio_extn_sound_trigger_update_device_status: device 0x2 of type 0 for Event 1
08-05 20:10:44.259   512  2967 D audio_hw_primary: enable_snd_device: snd_device(2: speaker)
08-05 20:10:44.261   512  2967 D audio_hw_primary: enable_audio_route: apply and update mixer path: low-latency-playback speaker
08-05 20:10:44.265 12674 13826 I art     : Explicit concurrent mark sweep GC freed 1436(84KB) AllocSpace objects, 1(20KB) LOS objects, 37% free, 26MB/42MB, paused 1.559ms total 35.872ms
08-05 20:10:44.277 12674 13826 I art     : Starting a blocking GC Explicit
08-05 20:10:44.279 13866 13866 I GoogleInputMethodServic: GoogleInputMethodService.onFinishInput():3138 
08-05 20:10:44.280 13866 13866 I GoogleInputMethodServic: GoogleInputMethodService.onStartInput():1808 
08-05 20:10:44.310 12674 13826 I art     : Explicit concurrent mark sweep GC freed 226(9KB) AllocSpace objects, 0(0B) LOS objects, 37% free, 26MB/42MB, paused 1.258ms total 32.695ms
08-05 20:10:44.321 12674 13826 I art     : Starting a blocking GC Explicit
08-05 20:10:44.353 12674 13826 I art     : Explicit concurrent mark sweep GC freed 441(23KB) AllocSpace objects, 0(0B) LOS objects, 37% free, 26MB/42MB, paused 1.349ms total 31.238ms
08-05 20:10:44.364 12674 13826 I art     : Starting a blocking GC Explicit
08-05 20:10:44.394 12674 13826 I art     : Explicit concurrent mark sweep GC freed 7(384B) AllocSpace objects, 0(0B) LOS objects, 37% free, 26MB/42MB, paused 1.262ms total 30.511ms
08-05 20:10:44.405 12674 13826 I art     : Starting a blocking GC Explicit
08-05 20:10:44.439 12674 13826 I art     : Explicit concurrent mark sweep GC freed 3(96B) AllocSpace objects, 0(0B) LOS objects, 37% free, 26MB/42MB, paused 1.390ms total 33.173ms
08-05 20:10:44.742 12674 12696 I art     : Starting a blocking GC Explicit
08-05 20:10:44.778 12674 12696 I art     : Explicit concurrent mark sweep GC freed 1374(80KB) AllocSpace objects, 1(20KB) LOS objects, 37% free, 26MB/42MB, paused 1.459ms total 35.455ms
08-05 20:10:44.790 12674 12696 I art     : Starting a blocking GC Explicit
08-05 20:10:44.809   512  2967 D audio_hw_primary: disable_audio_route: reset and update mixer path: low-latency-playback speaker
08-05 20:10:44.810   512  2967 D audio_hw_primary: disable_snd_device: snd_device(2: speaker)
08-05 20:10:44.818   512  2967 I soundtrigger: audio_extn_sound_trigger_update_device_status: device 0x2 of type 0 for Event 0
08-05 20:10:44.824 12674 12696 I art     : Explicit concurrent mark sweep GC freed 62(1856B) AllocSpace objects, 0(0B) LOS objects, 37% free, 26MB/42MB, paused 1.816ms total 33.798ms
08-05 20:10:44.836 12674 12696 I art     : Starting a blocking GC Explicit
08-05 20:10:44.869 12674 12696 I art     : Explicit concurrent mark sweep GC freed 3(96B) AllocSpace objects, 0(0B) LOS objects, 37% free, 26MB/42MB, paused 1.286ms total 33.332ms
08-05 20:10:44.881 12674 12696 I art     : Starting a blocking GC Explicit
08-05 20:10:44.914 12674 12696 I art     : Explicit concurrent mark sweep GC freed 3(96B) AllocSpace objects, 0(0B) LOS objects, 37% free, 26MB/42MB, paused 1.336ms total 33.255ms
08-05 20:10:44.926 12674 12696 I art     : Starting a blocking GC Explicit
08-05 20:10:44.960 12674 12696 I art     : Explicit concurrent mark sweep GC freed 3(96B) AllocSpace objects, 0(0B) LOS objects, 37% free, 26MB/42MB, paused 1.301ms total 33.878ms
08-05 20:10:45.289 12674 13826 I art     : Starting a blocking GC Explicit
08-05 20:10:45.332 12674 13826 I art     : Explicit concurrent mark sweep GC freed 1373(80KB) AllocSpace objects, 1(20KB) LOS objects, 37% free, 26MB/42MB, paused 1.460ms total 42.050ms
08-05 20:10:45.345 12674 13826 I art     : Starting a blocking GC Explicit
08-05 20:10:45.381 12674 13826 I art     : Explicit concurrent mark sweep GC freed 23(752B) AllocSpace objects, 0(0B) LOS objects, 37% free, 26MB/42MB, paused 1.320ms total 35.854ms
08-05 20:10:45.393 12674 13826 I art     : Starting a blocking GC Explicit
08-05 20:10:45.429 12674 13826 I art     : Explicit concurrent mark sweep GC freed 3(96B) AllocSpace objects, 0(0B) LOS objects, 37% free, 26MB/42MB, paused 1.479ms total 35.469ms
08-05 20:10:45.434 13866 13882 I PeriodicStatsRunner: PeriodicStatsRunner.call():175 call()
08-05 20:10:45.434 13866 13882 I PeriodicStatsRunner: PeriodicStatsRunner.call():179 No submit PeriodicStats since input started.
08-05 20:10:45.441 12674 13826 I art     : Starting a blocking GC Explicit
08-05 20:10:45.475 12674 13826 I art     : Explicit concurrent mark sweep GC freed 3(96B) AllocSpace objects, 0(0B) LOS objects, 37% free, 26MB/42MB, paused 1.472ms total 33.913ms
08-05 20:10:45.486 12674 13826 I art     : Starting a blocking GC Explicit
08-05 20:10:45.521 12674 13826 I art     : Explicit concurrent mark sweep GC freed 3(96B) AllocSpace objects, 0(0B) LOS objects, 37% free, 26MB/42MB, paused 1.323ms total 34.184ms
08-05 20:10:45.700   918   937 W ProcessCpuTracker: Skipping unknown process pid 14944
08-05 20:10:45.705 24365  4416 I NetworkScheduler.Stats: Task com.google.android.apps.gcs/ started execution. cause:4 exec_start_elapsed_seconds: 1804849 [CONTEXT service_id=218 ]
08-05 20:10:45.707 13136 14950 W Gcs.WfaEliRefreshTask: [27282] afk.b: NULL eligibility response.
08-05 20:10:45.712 24365  4416 I NetworkScheduler.Stats: Task com.google.android.apps.gcs/ finished executing. cause:4 result: 3 elapsed_millis: 10 uptime_millis: 10 exec_start_elapsed_seconds: 1804849 [CONTEXT service_id=218 ]
08-05 20:10:45.836 12674 12686 I art     : Starting a blocking GC Explicit
08-05 20:10:45.872 12674 12686 I art     : Explicit concurrent mark sweep GC freed 1401(81KB) AllocSpace objects, 1(20KB) LOS objects, 37% free, 26MB/42MB, paused 1.317ms total 35.235ms
08-05 20:10:45.884 12674 12686 I art     : Starting a blocking GC Explicit
08-05 20:10:45.921 12674 12686 I art     : Explicit concurrent mark sweep GC freed 27(880B) AllocSpace objects, 0(0B) LOS objects, 37% free, 26MB/42MB, paused 1.522ms total 36.966ms
08-05 20:10:45.934 12674 12686 I art     : Starting a blocking GC Explicit
08-05 20:10:45.970 12674 12686 I art     : Explicit concurrent mark sweep GC freed 9(288B) AllocSpace objects, 0(0B) LOS objects, 37% free, 26MB/42MB, paused 1.552ms total 35.885ms
08-05 20:10:45.982 12674 12686 I art     : Starting a blocking GC Explicit
08-05 20:10:46.010 14942 14942 D AndroidRuntime: >>>>>> START com.android.internal.os.RuntimeInit uid 2000 <<<<<<
08-05 20:10:46.016 14942 14942 D AndroidRuntime: CheckJNI is OFF
08-05 20:10:46.017 12674 12686 I art     : Explicit concurrent mark sweep GC freed 8(256B) AllocSpace objects, 0(0B) LOS objects, 37% free, 26MB/42MB, paused 1.405ms total 34.720ms
08-05 20:10:46.029 12674 12686 I art     : Starting a blocking GC Explicit
08-05 20:10:46.060 14942 14942 D ICU     : No timezone override file found: /data/misc/zoneinfo/current/icu/icu_tzdata.dat
08-05 20:10:46.062 12674 12686 I art     : Explicit concurrent mark sweep GC freed 9(288B) AllocSpace objects, 0(0B) LOS objects, 37% free, 26MB/42MB, paused 1.430ms total 32.837ms
08-05 20:10:46.102 14942 14942 I Radio-JNI: register_android_hardware_Radio DONE
08-05 20:10:46.131 14942 14942 D AndroidRuntime: Calling main entry com.android.commands.input.Input
08-05 20:10:46.133 14942 14942 I Input   : injectMotionEvent: MotionEvent { action=ACTION_DOWN, actionButton=0, id[0]=0, x[0]=625.0, y[0]=1248.0, toolType[0]=TOOL_TYPE_UNKNOWN, buttonState=0, metaState=0, flags=0x0, edgeFlags=0x0, pointerCount=1, historySize=0, eventTime=821462545, downTime=821462545, deviceId=0, source=0x1002 }
08-05 20:10:46.138 14942 14942 I Input   : injectMotionEvent: MotionEvent { action=ACTION_UP, actionButton=0, id[0]=0, x[0]=625.0, y[0]=1248.0, toolType[0]=TOOL_TYPE_UNKNOWN, buttonState=0, metaState=0, flags=0x0, edgeFlags=0x0, pointerCount=1, historySize=0, eventTime=821462545, downTime=821462545, deviceId=0, source=0x1002 }
08-05 20:10:46.142 14942 14942 D AndroidRuntime: Shutting down VM
08-05 20:10:46.207 12674 12674 D MainActivity: loadFragment(index: 7, args: null)
08-05 20:10:46.209 12674 12674 D MainActivity: saveLastNavFragment(tag: 2)
08-05 20:10:46.210 12674 12674 D MainActivity: getLastNavFragment() -> 2
08-05 20:10:46.211   512  2967 D audio_hw_primary: out_set_parameters: enter: usecase(1: low-latency-playback) kvpairs: routing=2
08-05 20:10:46.224   512  2967 D audio_hw_primary: select_devices: out_snd_device(2: speaker) in_snd_device(0: none)
08-05 20:10:46.224   512  2967 D msm8974_platform: platform_send_audio_calibration: sending audio calibration for snd_device(2) acdb_id(15)
08-05 20:10:46.225   512  2967 I soundtrigger: audio_extn_sound_trigger_update_device_status: device 0x2 of type 0 for Event 1
08-05 20:10:46.236   512  2967 D audio_hw_primary: enable_snd_device: snd_device(2: speaker)
08-05 20:10:46.238   512  2967 D audio_hw_primary: enable_audio_route: apply and update mixer path: low-latency-playback speaker
08-05 20:10:46.245 12674 12674 D ItemlistFragment: onEventMainThread() called with: event = [DownloadEvent{update=DownloaderUpdate{downloaders=[], feedIds=[], mediaIds=[]}}]
08-05 20:10:46.247 12674 12694 D DBReader: getFeed() called with: feedId = [2]
08-05 20:10:46.249 12674 12694 D DBReader: getFeedItemList() called with: feed = [baseline.de.danoeh.antennapod.core.feed.Feed@2]
08-05 20:10:46.347 12674 12694 W PodDBAdapter: Length of id array is larger than 800. Creating multiple cursors
08-05 20:10:46.371 12674 12696 I art     : Starting a blocking GC Explicit
08-05 20:10:46.417 12674 12696 I art     : Explicit concurrent mark sweep GC freed 7362(433KB) AllocSpace objects, 3(56KB) LOS objects, 35% free, 28MB/44MB, paused 1.799ms total 45.862ms
08-05 20:10:46.431 12674 12696 I art     : Starting a blocking GC Explicit
08-05 20:10:46.445 12674 12694 D DBReader: getFavoriteIDList() called
08-05 20:10:46.447 12674 12694 D DBReader: getQueueIDList() called
08-05 20:10:46.448 12674 12694 D DBReader: Extracting Feedlist
08-05 20:10:46.475 12674 12696 I art     : Explicit concurrent mark sweep GC freed 7040(205KB) AllocSpace objects, 0(0B) LOS objects, 35% free, 29MB/45MB, paused 2.085ms total 43.900ms
08-05 20:10:46.486 12674 12674 D FeedMenuHandler: Preparing options menu
08-05 20:10:46.490 12674 12696 I art     : Starting a blocking GC Explicit
08-05 20:10:46.533 12674 12696 I art     : Explicit concurrent mark sweep GC freed 4784(215KB) AllocSpace objects, 1(16KB) LOS objects, 35% free, 29MB/45MB, paused 1.903ms total 42.533ms
08-05 20:10:46.546 12674 12696 I art     : Starting a blocking GC Explicit
08-05 20:10:46.562 12674 13623 D ApOkHttpUrlLoader: buildLoadData() called with: model = [http://static.libsyn.com/p/assets/7/1/f/3/71f3014e14ef2722/JREiTunesImage2.jpg], width = [1440], height = [462]
08-05 20:10:46.589 12674 12696 I art     : Explicit concurrent mark sweep GC freed 1529(125KB) AllocSpace objects, 0(0B) LOS objects, 30% free, 37MB/53MB, paused 1.587ms total 43.377ms
08-05 20:10:46.603 12674 12696 I art     : Starting a blocking GC Explicit
08-05 20:10:46.644 12674 12696 I art     : Explicit concurrent mark sweep GC freed 176(12KB) AllocSpace objects, 0(0B) LOS objects, 30% free, 37MB/53MB, paused 1.434ms total 41.027ms
08-05 20:10:46.648 12674 12695 V RenderScript: 0x7f7ebfb000 Launching thread(s), CPUs 8
08-05 20:10:46.715 13866 13866 I GoogleInputMethodServic: GoogleInputMethodService.onFinishInput():3138 
08-05 20:10:46.716 13866 13866 I GoogleInputMethodServic: GoogleInputMethodService.onStartInput():1808 
08-05 20:10:46.778   512  2967 D audio_hw_primary: disable_audio_route: reset and update mixer path: low-latency-playback speaker
08-05 20:10:46.779   512  2967 D audio_hw_primary: disable_snd_device: snd_device(2: speaker)
08-05 20:10:46.788   512  2967 I soundtrigger: audio_extn_sound_trigger_update_device_status: device 0x2 of type 0 for Event 0
08-05 20:10:46.958 12674 12696 I art     : Starting a blocking GC Explicit
08-05 20:10:47.006 12674 12696 I art     : Explicit concurrent mark sweep GC freed 1784(116KB) AllocSpace objects, 6(236KB) LOS objects, 30% free, 37MB/53MB, paused 1.619ms total 48.502ms
08-05 20:10:47.021 12674 12696 I art     : Starting a blocking GC Explicit
08-05 20:10:47.064 12674 12696 I art     : Explicit concurrent mark sweep GC freed 155(7KB) AllocSpace objects, 0(0B) LOS objects, 30% free, 37MB/53MB, paused 1.338ms total 43.242ms
08-05 20:10:47.078 12674 12696 I art     : Starting a blocking GC Explicit
08-05 20:10:47.123 12674 12696 I art     : Explicit concurrent mark sweep GC freed 22(736B) AllocSpace objects, 0(0B) LOS objects, 30% free, 37MB/53MB, paused 1.319ms total 44.516ms
08-05 20:10:47.137 12674 12696 I art     : Starting a blocking GC Explicit
08-05 20:10:47.184 12674 12696 I art     : Explicit concurrent mark sweep GC freed 3(96B) AllocSpace objects, 0(0B) LOS objects, 30% free, 37MB/53MB, paused 1.340ms total 46.766ms
08-05 20:10:47.198 12674 12696 I art     : Starting a blocking GC Explicit
08-05 20:10:47.245 12674 12696 I art     : Explicit concurrent mark sweep GC freed 3(96B) AllocSpace objects, 0(0B) LOS objects, 30% free, 37MB/53MB, paused 1.336ms total 46.571ms
08-05 20:10:47.296 13866 13882 I PeriodicStatsRunner: PeriodicStatsRunner.call():175 call()
08-05 20:10:47.296 13866 13882 I PeriodicStatsRunner: PeriodicStatsRunner.call():179 No submit PeriodicStats since input started.
08-05 20:10:47.587 12674 12687 I art     : Starting a blocking GC Explicit
08-05 20:10:47.650 12674 12687 I art     : Explicit concurrent mark sweep GC freed 1375(80KB) AllocSpace objects, 1(20KB) LOS objects, 30% free, 37MB/53MB, paused 1.398ms total 61.949ms
08-05 20:10:47.666 12674 12687 I art     : Starting a blocking GC Explicit
08-05 20:10:47.713 12674 12687 I art     : Explicit concurrent mark sweep GC freed 23(752B) AllocSpace objects, 0(0B) LOS objects, 30% free, 37MB/53MB, paused 1.335ms total 46.217ms
08-05 20:10:47.727 12674 12687 I art     : Starting a blocking GC Explicit
08-05 20:10:47.774 12674 12687 I art     : Explicit concurrent mark sweep GC freed 3(96B) AllocSpace objects, 0(0B) LOS objects, 30% free, 37MB/53MB, paused 1.342ms total 46.326ms
08-05 20:10:47.788 12674 12687 I art     : Starting a blocking GC Explicit
08-05 20:10:47.835 12674 12687 I art     : Explicit concurrent mark sweep GC freed 32(880B) AllocSpace objects, 0(0B) LOS objects, 30% free, 37MB/53MB, paused 1.321ms total 46.871ms
08-05 20:10:47.849 12674 12687 I art     : Starting a blocking GC Explicit
08-05 20:10:47.900 12674 12687 I art     : Explicit concurrent mark sweep GC freed 3(96B) AllocSpace objects, 0(0B) LOS objects, 30% free, 37MB/53MB, paused 1.425ms total 49.934ms
08-05 20:10:48.257 12674 13826 I art     : Starting a blocking GC Explicit
08-05 20:10:48.304 12674 13826 I art     : Explicit concurrent mark sweep GC freed 1399(81KB) AllocSpace objects, 1(20KB) LOS objects, 30% free, 37MB/53MB, paused 1.249ms total 47.558ms
08-05 20:10:48.318 12674 13826 I art     : Starting a blocking GC Explicit
08-05 20:10:48.361 12674 13826 I art     : Explicit concurrent mark sweep GC freed 26(848B) AllocSpace objects, 0(0B) LOS objects, 30% free, 37MB/53MB, paused 1.216ms total 42.704ms
08-05 20:10:48.374 12674 13826 I art     : Starting a blocking GC Explicit
08-05 20:10:48.422 12674 13826 I art     : Explicit concurrent mark sweep GC freed 3(96B) AllocSpace objects, 0(0B) LOS objects, 30% free, 37MB/53MB, paused 1.354ms total 47.443ms
08-05 20:10:48.436 12674 13826 I art     : Starting a blocking GC Explicit
08-05 20:10:48.486 12674 13826 I art     : Explicit concurrent mark sweep GC freed 3(96B) AllocSpace objects, 0(0B) LOS objects, 30% free, 37MB/53MB, paused 1.285ms total 49.610ms
08-05 20:10:48.501 12674 13826 I art     : Starting a blocking GC Explicit
08-05 20:10:48.553 12674 13826 I art     : Explicit concurrent mark sweep GC freed 3(96B) AllocSpace objects, 0(0B) LOS objects, 30% free, 37MB/53MB, paused 1.406ms total 52.010ms
08-05 20:10:48.925 12674 13232 I art     : Starting a blocking GC Explicit
08-05 20:10:48.984 12674 13232 I art     : Explicit concurrent mark sweep GC freed 2103(103KB) AllocSpace objects, 1(20KB) LOS objects, 30% free, 37MB/53MB, paused 1.327ms total 58.328ms
08-05 20:10:49.000 12674 13232 I art     : Starting a blocking GC Explicit
08-05 20:10:49.051 12674 13232 I art     : Explicit concurrent mark sweep GC freed 23(752B) AllocSpace objects, 0(0B) LOS objects, 30% free, 37MB/53MB, paused 1.348ms total 50.663ms
08-05 20:10:49.066 12674 13232 I art     : Starting a blocking GC Explicit
08-05 20:10:49.116 12674 13232 I art     : Explicit concurrent mark sweep GC freed 3(96B) AllocSpace objects, 0(0B) LOS objects, 30% free, 37MB/53MB, paused 1.392ms total 49.571ms
08-05 20:10:49.130 12674 13232 I art     : Starting a blocking GC Explicit
08-05 20:10:49.182 12674 13232 I art     : Explicit concurrent mark sweep GC freed 3(96B) AllocSpace objects, 0(0B) LOS objects, 30% free, 37MB/53MB, paused 1.470ms total 50.965ms
08-05 20:10:49.199 12674 13232 I art     : Starting a blocking GC Explicit
08-05 20:10:49.249 12674 13232 I art     : Explicit concurrent mark sweep GC freed 3(96B) AllocSpace objects, 0(0B) LOS objects, 30% free, 37MB/53MB, paused 1.317ms total 49.612ms
08-05 20:10:49.280 13866 13882 I PeriodicStatsRunner: PeriodicStatsRunner.call():175 call()
08-05 20:10:49.280 13866 13882 I PeriodicStatsRunner: PeriodicStatsRunner.call():179 No submit PeriodicStats since input started.
08-05 20:10:49.592 12674 12686 I art     : Starting a blocking GC Explicit
08-05 20:10:49.652 12674 12686 I art     : Explicit concurrent mark sweep GC freed 2260(112KB) AllocSpace objects, 1(20KB) LOS objects, 30% free, 37MB/53MB, paused 1.403ms total 59.419ms
08-05 20:10:49.670 12674 12686 I art     : Starting a blocking GC Explicit
08-05 20:10:49.721 12674 12686 I art     : Explicit concurrent mark sweep GC freed 23(752B) AllocSpace objects, 0(0B) LOS objects, 30% free, 37MB/53MB, paused 1.409ms total 50.524ms
08-05 20:10:49.739 12674 12686 I art     : Starting a blocking GC Explicit
08-05 20:10:49.789 12674 12686 I art     : Explicit concurrent mark sweep GC freed 32(880B) AllocSpace objects, 0(0B) LOS objects, 30% free, 37MB/53MB, paused 1.355ms total 49.728ms
08-05 20:10:49.807 12674 12686 I art     : Starting a blocking GC Explicit
08-05 20:10:49.856 12674 12686 I art     : Explicit concurrent mark sweep GC freed 3(96B) AllocSpace objects, 0(0B) LOS objects, 30% free, 37MB/53MB, paused 1.278ms total 49.254ms
08-05 20:10:49.871 12674 12686 I art     : Starting a blocking GC Explicit
08-05 20:10:49.921 12674 12686 I art     : Explicit concurrent mark sweep GC freed 3(96B) AllocSpace objects, 0(0B) LOS objects, 30% free, 37MB/53MB, paused 1.405ms total 50.295ms
08-05 20:10:50.279 12674 12696 I art     : Starting a blocking GC Explicit
08-05 20:10:50.342 12674 12696 I art     : Explicit concurrent mark sweep GC freed 1374(81KB) AllocSpace objects, 1(20KB) LOS objects, 30% free, 37MB/53MB, paused 1.323ms total 62.270ms
08-05 20:10:50.356 12674 12696 I art     : Starting a blocking GC Explicit
08-05 20:10:50.403 12674 12696 I art     : Explicit concurrent mark sweep GC freed 23(752B) AllocSpace objects, 0(0B) LOS objects, 30% free, 37MB/53MB, paused 1.230ms total 46.399ms
08-05 20:10:50.417 12674 12696 I art     : Starting a blocking GC Explicit
08-05 20:10:50.461 12674 12696 I art     : Explicit concurrent mark sweep GC freed 3(96B) AllocSpace objects, 0(0B) LOS objects, 30% free, 37MB/53MB, paused 1.295ms total 43.358ms
08-05 20:10:50.475 12674 12696 I art     : Starting a blocking GC Explicit
08-05 20:10:50.521 12674 12696 I art     : Explicit concurrent mark sweep GC freed 3(96B) AllocSpace objects, 0(0B) LOS objects, 30% free, 37MB/53MB, paused 1.402ms total 45.633ms
08-05 20:10:50.535 12674 12696 I art     : Starting a blocking GC Explicit
08-05 20:10:50.582 12674 12696 I art     : Explicit concurrent mark sweep GC freed 3(96B) AllocSpace objects, 0(0B) LOS objects, 30% free, 37MB/53MB, paused 1.393ms total 47.424ms
08-05 20:10:50.650   918  3261 D WifiStateMachine: starting scan for "H369AA63323"WPA_PSK with 2412,5180
08-05 20:10:50.672 11709 11709 I ServiceManager: Waiting for service AtCmdFwd...
08-05 20:10:50.917 12674 12687 I art     : Starting a blocking GC Explicit
08-05 20:10:50.925 15047 15047 D AndroidRuntime: >>>>>> START com.android.internal.os.RuntimeInit uid 2000 <<<<<<
08-05 20:10:50.932 15047 15047 D AndroidRuntime: CheckJNI is OFF
08-05 20:10:50.968 12674 12687 I art     : Explicit concurrent mark sweep GC freed 1402(83KB) AllocSpace objects, 1(20KB) LOS objects, 30% free, 37MB/53MB, paused 1.482ms total 50.156ms
08-05 20:10:50.980 15047 15047 D ICU     : No timezone override file found: /data/misc/zoneinfo/current/icu/icu_tzdata.dat
08-05 20:10:50.982 12674 12687 I art     : Starting a blocking GC Explicit
08-05 20:10:51.027 15047 15047 I Radio-JNI: register_android_hardware_Radio DONE
08-05 20:10:51.028 12674 12687 I art     : Explicit concurrent mark sweep GC freed 23(752B) AllocSpace objects, 0(0B) LOS objects, 30% free, 37MB/53MB, paused 1.564ms total 45.816ms
08-05 20:10:51.042 12674 12687 I art     : Starting a blocking GC Explicit
08-05 20:10:51.058 15047 15047 D AndroidRuntime: Calling main entry com.android.commands.input.Input
08-05 20:10:51.060 15047 15047 I Input   : injectMotionEvent: MotionEvent { action=ACTION_DOWN, actionButton=0, id[0]=0, x[0]=1363.0, y[0]=517.0, toolType[0]=TOOL_TYPE_UNKNOWN, buttonState=0, metaState=0, flags=0x0, edgeFlags=0x0, pointerCount=1, historySize=0, eventTime=821467472, downTime=821467472, deviceId=0, source=0x1002 }
08-05 20:10:51.067 15047 15047 I Input   : injectMotionEvent: MotionEvent { action=ACTION_UP, actionButton=0, id[0]=0, x[0]=1363.0, y[0]=517.0, toolType[0]=TOOL_TYPE_UNKNOWN, buttonState=0, metaState=0, flags=0x0, edgeFlags=0x0, pointerCount=1, historySize=0, eventTime=821467472, downTime=821467472, deviceId=0, source=0x1002 }
08-05 20:10:51.069 15047 15047 D AndroidRuntime: Shutting down VM
08-05 20:10:51.078   918  5952 I ActivityManager: START u0 {cmp=baseline.de.danoeh.antennapod.debug/baseline.de.danoeh.antennapod.activity.FeedSettingsActivity (has extras)} from uid 10695 on display 0
08-05 20:10:51.080   512  2967 D audio_hw_primary: out_set_parameters: enter: usecase(1: low-latency-playback) kvpairs: routing=2
08-05 20:10:51.089 12674 12687 I art     : Explicit concurrent mark sweep GC freed 12(4KB) AllocSpace objects, 0(0B) LOS objects, 30% free, 37MB/53MB, paused 1.449ms total 46.348ms
08-05 20:10:51.094   512  2967 D audio_hw_primary: select_devices: out_snd_device(2: speaker) in_snd_device(0: none)
08-05 20:10:51.094   512  2967 D msm8974_platform: platform_send_audio_calibration: sending audio calibration for snd_device(2) acdb_id(15)
08-05 20:10:51.094   512  2967 I soundtrigger: audio_extn_sound_trigger_update_device_status: device 0x2 of type 0 for Event 1
08-05 20:10:51.103 12674 12687 I art     : Starting a blocking GC Explicit
08-05 20:10:51.109   512  2967 D audio_hw_primary: enable_snd_device: snd_device(2: speaker)
08-05 20:10:51.111   512  2967 D audio_hw_primary: enable_audio_route: apply and update mixer path: low-latency-playback speaker
08-05 20:10:51.149 12674 12687 I art     : Explicit concurrent mark sweep GC freed 6108(286KB) AllocSpace objects, 0(0B) LOS objects, 29% free, 37MB/53MB, paused 2.525ms total 46.450ms
08-05 20:10:51.164 12674 12687 I art     : Starting a blocking GC Explicit
08-05 20:10:51.211 12674 12687 I art     : Explicit concurrent mark sweep GC freed 20227(849KB) AllocSpace objects, 0(0B) LOS objects, 29% free, 37MB/53MB, paused 1.781ms total 46.903ms
08-05 20:10:51.338 12674 13221 D DBReader: getFeed() called with: feedId = [2]
08-05 20:10:51.339 12674 13221 D DBReader: getFeedItemList() called with: feed = [baseline.de.danoeh.antennapod.core.feed.Feed@2]
08-05 20:10:51.445 12674 13221 W PodDBAdapter: Length of id array is larger than 800. Creating multiple cursors
08-05 20:10:51.467   918   936 I ActivityManager: Displayed baseline.de.danoeh.antennapod.debug/baseline.de.danoeh.antennapod.activity.FeedSettingsActivity: +377ms
08-05 20:10:51.471 13866 13866 I GoogleInputMethodServic: GoogleInputMethodService.onFinishInput():3138 
08-05 20:10:51.472 13866 13866 I GoogleInputMethodServic: GoogleInputMethodService.onStartInput():1808 
08-05 20:10:51.517 12674 12695 D OpenGLRenderer: endAllStagingAnimators on 0x7f9945f400 (RippleDrawable) with handle 0x7f7e27f2a0
08-05 20:10:51.526 12674 12696 I art     : Starting a blocking GC Explicit
08-05 20:10:51.544 12674 13623 D ApOkHttpUrlLoader: buildLoadData() called with: model = [http://static.libsyn.com/p/assets/7/1/f/3/71f3014e14ef2722/JREiTunesImage2.jpg], width = [1440], height = [462]
08-05 20:10:51.548 13866 13866 I GoogleInputMethodServic: GoogleInputMethodService.onStartInput():1808 
08-05 20:10:51.548 13866 13866 W SessionManager: SessionManager.beginSession():53 Try to begin an already begun session [INPUT_SESSION], end it first
08-05 20:10:51.558 13866 13866 I ShortcutsDataManager: ShortcutsDataManager.onContentChanged():89 onContentChanged()
08-05 20:10:51.563 12674 12674 D FeedSettingsActivity: No filter set
08-05 20:10:51.572   918  3359 W IntentResolver: resolveIntent: multiple matches, only some with CATEGORY_DEFAULT
08-05 20:10:51.590 12674 12696 I art     : Explicit concurrent mark sweep GC freed 38194(1614KB) AllocSpace objects, 2(36KB) LOS objects, 27% free, 42MB/58MB, paused 2.010ms total 62.804ms
08-05 20:10:51.605 12674 12696 I art     : Starting a blocking GC Explicit
08-05 20:10:51.648   512  2967 D audio_hw_primary: disable_audio_route: reset and update mixer path: low-latency-playback speaker
08-05 20:10:51.649   512  2967 D audio_hw_primary: disable_snd_device: snd_device(2: speaker)
08-05 20:10:51.657   512  2967 I soundtrigger: audio_extn_sound_trigger_update_device_status: device 0x2 of type 0 for Event 0
08-05 20:10:51.661 12674 12696 I art     : Explicit concurrent mark sweep GC freed 4159(212KB) AllocSpace objects, 1(16KB) LOS objects, 27% free, 41MB/57MB, paused 1.489ms total 55.951ms
08-05 20:10:51.672 11709 11709 I ServiceManager: Waiting for service AtCmdFwd...
08-05 20:10:51.681 12674 12696 I art     : Starting a blocking GC Explicit
08-05 20:10:51.716 13866 13882 I PeriodicStatsRunner: PeriodicStatsRunner.call():175 call()
08-05 20:10:51.716 13866 13882 I PeriodicStatsRunner: PeriodicStatsRunner.call():179 No submit PeriodicStats since input started.
08-05 20:10:51.725   380   380 W SurfaceFlinger: couldn't log to binary event log: overflow.
08-05 20:10:51.746 12674 12696 I art     : Explicit concurrent mark sweep GC freed 352(28KB) AllocSpace objects, 0(0B) LOS objects, 27% free, 41MB/57MB, paused 1.321ms total 65.012ms
08-05 20:10:51.762 12674 12696 I art     : Starting a blocking GC Explicit
08-05 20:10:51.814 12674 12696 I art     : Explicit concurrent mark sweep GC freed 83(3KB) AllocSpace objects, 0(0B) LOS objects, 27% free, 41MB/57MB, paused 1.345ms total 52.111ms
08-05 20:10:51.831 12674 12696 I art     : Starting a blocking GC Explicit
08-05 20:10:51.861 12674 12674 D PlaybackController: Releasing PlaybackController
08-05 20:10:51.886 12674 12696 I art     : Explicit concurrent mark sweep GC freed 216(12KB) AllocSpace objects, 0(0B) LOS objects, 27% free, 41MB/57MB, paused 1.567ms total 54.874ms
08-05 20:10:52.222 12674 12686 I art     : Starting a blocking GC Explicit
08-05 20:10:52.302 12674 12686 I art     : Explicit concurrent mark sweep GC freed 1613(91KB) AllocSpace objects, 1(20KB) LOS objects, 27% free, 41MB/57MB, paused 1.455ms total 79.997ms
08-05 20:10:52.320 12674 12686 I art     : Starting a blocking GC Explicit
08-05 20:10:52.381 12674 12686 I art     : Explicit concurrent mark sweep GC freed 77(2512B) AllocSpace objects, 0(0B) LOS objects, 27% free, 41MB/57MB, paused 1.464ms total 60.343ms
08-05 20:10:52.398 12674 12686 I art     : Starting a blocking GC Explicit
08-05 20:10:52.457 12674 12686 I art     : Explicit concurrent mark sweep GC freed 3(96B) AllocSpace objects, 0(0B) LOS objects, 27% free, 41MB/57MB, paused 1.428ms total 58.717ms
08-05 20:10:52.474 12674 12686 I art     : Starting a blocking GC Explicit
08-05 20:10:52.534 12674 12686 I art     : Explicit concurrent mark sweep GC freed 3(96B) AllocSpace objects, 0(0B) LOS objects, 27% free, 41MB/57MB, paused 1.378ms total 60.339ms
08-05 20:10:52.551 12674 12686 I art     : Starting a blocking GC Explicit
08-05 20:10:52.611 12674 12686 I art     : Explicit concurrent mark sweep GC freed 3(96B) AllocSpace objects, 0(0B) LOS objects, 27% free, 41MB/57MB, paused 1.368ms total 59.219ms
08-05 20:10:52.673 11709 11709 I ServiceManager: Waiting for service AtCmdFwd...
08-05 20:10:52.987 12674 13232 I art     : Starting a blocking GC Explicit
08-05 20:10:53.041 12674 13232 I art     : Explicit concurrent mark sweep GC freed 1417(81KB) AllocSpace objects, 1(20KB) LOS objects, 27% free, 41MB/57MB, paused 1.470ms total 53.571ms
08-05 20:10:53.058 12674 13232 I art     : Starting a blocking GC Explicit
08-05 20:10:53.114 12674 13232 I art     : Explicit concurrent mark sweep GC freed 43(1392B) AllocSpace objects, 0(0B) LOS objects, 27% free, 41MB/57MB, paused 1.414ms total 56.047ms
08-05 20:10:53.131 12674 13232 I art     : Starting a blocking GC Explicit
08-05 20:10:53.185 12674 13232 I art     : Explicit concurrent mark sweep GC freed 19(608B) AllocSpace objects, 0(0B) LOS objects, 27% free, 41MB/57MB, paused 1.352ms total 53.739ms
08-05 20:10:53.201 12674 13232 I art     : Starting a blocking GC Explicit
08-05 20:10:53.259 12674 13232 I art     : Explicit concurrent mark sweep GC freed 10(320B) AllocSpace objects, 0(0B) LOS objects, 27% free, 41MB/57MB, paused 1.402ms total 57.996ms
08-05 20:10:53.276 12674 13232 I art     : Starting a blocking GC Explicit
08-05 20:10:53.340 12674 13232 I art     : Explicit concurrent mark sweep GC freed 3(96B) AllocSpace objects, 0(0B) LOS objects, 27% free, 41MB/57MB, paused 1.497ms total 63.526ms
08-05 20:10:53.673 11709 11709 I ServiceManager: Waiting for service AtCmdFwd...
08-05 20:10:53.708 12674 12686 I art     : Starting a blocking GC Explicit
08-05 20:10:53.771 12674 12686 I art     : Explicit concurrent mark sweep GC freed 1372(80KB) AllocSpace objects, 1(20KB) LOS objects, 27% free, 41MB/57MB, paused 1.452ms total 62.531ms
08-05 20:10:53.788 12674 12686 I art     : Starting a blocking GC Explicit
08-05 20:10:53.857 12674 12686 I art     : Explicit concurrent mark sweep GC freed 52(1536B) AllocSpace objects, 0(0B) LOS objects, 27% free, 41MB/57MB, paused 1.593ms total 67.807ms
08-05 20:10:53.877 12674 12686 I art     : Starting a blocking GC Explicit
08-05 20:10:53.944 12674 12686 I art     : Explicit concurrent mark sweep GC freed 3(96B) AllocSpace objects, 0(0B) LOS objects, 27% free, 41MB/57MB, paused 1.501ms total 66.377ms
08-05 20:10:53.961 12674 12686 I art     : Starting a blocking GC Explicit
08-05 20:10:54.031 12674 12686 I art     : Explicit concurrent mark sweep GC freed 3(96B) AllocSpace objects, 0(0B) LOS objects, 27% free, 41MB/57MB, paused 1.637ms total 69.514ms
08-05 20:10:54.032 12674 12685 I art     : WaitForGcToComplete blocked for 46.980ms for cause HeapTrim
08-05 20:10:54.051 12674 12686 I art     : Starting a blocking GC Explicit
08-05 20:10:54.114 12674 12686 I art     : Explicit concurrent mark sweep GC freed 3(96B) AllocSpace objects, 0(0B) LOS objects, 27% free, 41MB/57MB, paused 1.524ms total 63.199ms
08-05 20:10:54.469 12674 12687 I art     : Starting a blocking GC Explicit
08-05 20:10:54.550 12674 12687 I art     : Explicit concurrent mark sweep GC freed 1373(82KB) AllocSpace objects, 1(20KB) LOS objects, 27% free, 41MB/57MB, paused 1.767ms total 79.534ms
08-05 20:10:54.568 12674 12687 I art     : Starting a blocking GC Explicit
08-05 20:10:54.630 12674 12687 I art     : Explicit concurrent mark sweep GC freed 23(752B) AllocSpace objects, 0(0B) LOS objects, 27% free, 41MB/57MB, paused 1.471ms total 61.345ms
08-05 20:10:54.647 12674 12687 I art     : Starting a blocking GC Explicit
08-05 20:10:54.675 11709 11709 I ServiceManager: Waiting for service AtCmdFwd...
08-05 20:10:54.712 12674 12687 I art     : Explicit concurrent mark sweep GC freed 3(96B) AllocSpace objects, 0(0B) LOS objects, 27% free, 41MB/57MB, paused 1.506ms total 64.063ms
08-05 20:10:54.729 12674 12687 I art     : Starting a blocking GC Explicit
08-05 20:10:54.793 12674 12687 I art     : Explicit concurrent mark sweep GC freed 32(880B) AllocSpace objects, 0(0B) LOS objects, 27% free, 41MB/57MB, paused 1.537ms total 63.966ms
08-05 20:10:54.811 12674 12687 I art     : Starting a blocking GC Explicit
08-05 20:10:54.877 12674 12687 I art     : Explicit concurrent mark sweep GC freed 3(96B) AllocSpace objects, 0(0B) LOS objects, 27% free, 41MB/57MB, paused 1.532ms total 65.627ms
08-05 20:10:55.238 12674 13826 I art     : Starting a blocking GC Explicit
08-05 20:10:55.321 12674 13826 I art     : Explicit concurrent mark sweep GC freed 1373(81KB) AllocSpace objects, 1(20KB) LOS objects, 27% free, 41MB/57MB, paused 1.521ms total 82.321ms
08-05 20:10:55.339 12674 13826 I art     : Starting a blocking GC Explicit
08-05 20:10:55.392 12674 13826 I art     : Explicit concurrent mark sweep GC freed 23(752B) AllocSpace objects, 0(0B) LOS objects, 27% free, 41MB/57MB, paused 1.469ms total 51.946ms
08-05 20:10:55.408 12674 13826 I art     : Starting a blocking GC Explicit
08-05 20:10:55.466 12674 13826 I art     : Explicit concurrent mark sweep GC freed 3(96B) AllocSpace objects, 0(0B) LOS objects, 27% free, 41MB/57MB, paused 1.471ms total 57.701ms
08-05 20:10:55.483 12674 13826 I art     : Starting a blocking GC Explicit
08-05 20:10:55.546 12674 13826 I art     : Explicit concurrent mark sweep GC freed 3(96B) AllocSpace objects, 0(0B) LOS objects, 27% free, 41MB/57MB, paused 1.501ms total 62.238ms
08-05 20:10:55.563 12674 13826 I art     : Starting a blocking GC Explicit
08-05 20:10:55.622 12674 13826 I art     : Explicit concurrent mark sweep GC freed 3(96B) AllocSpace objects, 0(0B) LOS objects, 27% free, 41MB/57MB, paused 1.476ms total 58.432ms
08-05 20:10:55.676 11709 11709 W Atfwd_Sendcmd: AtCmdFwd service not published, waiting... retryCnt : 5
08-05 20:10:55.859 15146 15146 D AndroidRuntime: >>>>>> START com.android.internal.os.RuntimeInit uid 2000 <<<<<<
08-05 20:10:55.866 15146 15146 D AndroidRuntime: CheckJNI is OFF
08-05 20:10:55.908 15146 15146 D ICU     : No timezone override file found: /data/misc/zoneinfo/current/icu/icu_tzdata.dat
08-05 20:10:55.951 15146 15146 I Radio-JNI: register_android_hardware_Radio DONE
08-05 20:10:55.972 12674 13232 I art     : Starting a blocking GC Explicit
08-05 20:10:55.981 15146 15146 D AndroidRuntime: Calling main entry com.android.commands.input.Input
08-05 20:10:55.984 15146 15146 I Input   : injectKeyEvent: KeyEvent { action=ACTION_DOWN, keyCode=KEYCODE_BACK, scanCode=0, metaState=0, flags=0x0, repeatCount=0, eventTime=821472397, downTime=821472397, deviceId=-1, source=0x101 }
08-05 20:10:55.996 15146 15146 I Input   : injectKeyEvent: KeyEvent { action=ACTION_UP, keyCode=KEYCODE_BACK, scanCode=0, metaState=0, flags=0x0, repeatCount=0, eventTime=821472397, downTime=821472397, deviceId=-1, source=0x101 }
08-05 20:10:56.002 15146 15146 D AndroidRuntime: Shutting down VM
08-05 20:10:56.007 12674 12674 V PlaybackController: initServiceNotRunning()
08-05 20:10:56.008 12674 12674 D ExternalPlayerFragment: Loading media info
08-05 20:10:56.013 12674 12674 D ItemlistFragment: onEventMainThread() called with: event = [DownloadEvent{update=DownloaderUpdate{downloaders=[], feedIds=[], mediaIds=[]}}]
08-05 20:10:56.014 12674 13623 D ApOkHttpUrlLoader: buildLoadData() called with: model = [http://static.libsyn.com/p/assets/7/1/f/3/71f3014e14ef2722/JREiTunesImage2.jpg], width = [1440], height = [462]
08-05 20:10:56.018 12674 12674 D UserPreferences: Using default data folder
08-05 20:10:56.020 12674 13221 D DBReader: getNavDrawerData() called with: 
08-05 20:10:56.020 12674 13220 D DBReader: getFeed() called with: feedId = [2]
08-05 20:10:56.021 12674 13220 D DBReader: getFeedItemList() called with: feed = [baseline.de.danoeh.antennapod.core.feed.Feed@2]
08-05 20:10:56.032 12674 13232 I art     : Explicit concurrent mark sweep GC freed 2741(150KB) AllocSpace objects, 1(20KB) LOS objects, 26% free, 44MB/60MB, paused 2.004ms total 59.201ms
08-05 20:10:56.036 12674 12674 D FeedMenuHandler: Preparing options menu
08-05 20:10:56.047 12674 13232 I art     : Starting a blocking GC Explicit
08-05 20:10:56.053 12674 13221 D DBReader: getDownloadedItems() called
08-05 20:10:56.054 12674 13221 D DBReader: getFavoriteIDList() called
08-05 20:10:56.055 12674 13221 D DBReader: getQueueIDList() called
08-05 20:10:56.055 12674 13221 D DBReader: Extracting Feedlist
08-05 20:10:56.082 13866 13866 I GoogleInputMethodServic: GoogleInputMethodService.onFinishInput():3138 
08-05 20:10:56.082 12674 12674 D MainActivity: getLastNavFragment() -> 2
08-05 20:10:56.083 13866 13866 I GoogleInputMethodServic: GoogleInputMethodService.onStartInput():1808 
08-05 20:10:56.083 13866 13866 I ShortcutsDataManager: AbstractContentDataManager.startImportContentTask():208 startImportContentTask()
08-05 20:10:56.084 13866 13938 I ShortcutsDataManager: AbstractContentDataManager$ImportContentTask.doInBackground():222 doInBackground()
08-05 20:10:56.085 13866 13938 I PersonalDictionaryDataH: PersonalDictionaryDataHandler.beginProcess():111 LanguageTags = [en-US]
08-05 20:10:56.104 13866 13938 I ShortcutsDataManager: AbstractContentDataManager.importRecords():312 importRecords() : Success : Count = 0
08-05 20:10:56.108 13866 13938 I ShortcutsDataManager: AbstractContentDataManager.importContentData():262 importContentData() : Ending import process
08-05 20:10:56.109 12674 13232 I art     : Explicit concurrent mark sweep GC freed 3508(132KB) AllocSpace objects, 0(0B) LOS objects, 26% free, 45MB/61MB, paused 2.912ms total 62.168ms
08-05 20:10:56.126 12674 13232 I art     : Starting a blocking GC Explicit
08-05 20:10:56.138 13866 13938 I PersonalLanguageModelUp: PersonalLanguageModelUpdater$UpdateOperation.performInternal():160 run() : Added 0 words and 0 shortcuts
08-05 20:10:56.138 13866 13938 I DynamicLanguageModelOpe: DynamicLanguageModelOperation.perform():37 perform() : 4 : coc : Completed
08-05 20:10:56.138 13866 13950 I Delight5Decoder: Delight5DecoderWrapper.loadLanguageModel():578 loadLanguageModel() : 4, version [n/a]
08-05 20:10:56.139 13866 13866 I ShortcutsDataManager: AbstractContentDataManager$ImportContentTask.onPostExecute():233 onPostExecute() : Result = [2,0]
08-05 20:10:56.139 13866 13866 I ShortcutsDataManager: ShortcutsDataManager.onImportFinished():99 onImportFinished() : Result = 2 : Count = 0
08-05 20:10:56.140 13866 13950 I Delight5Decoder: Delight5DecoderWrapper.loadLanguageModel():616 Loaded dynamic LM 4.en
08-05 20:10:56.143 12674 13220 W PodDBAdapter: Length of id array is larger than 800. Creating multiple cursors
08-05 20:10:56.186 12674 13232 I art     : Explicit concurrent mark sweep GC freed 3670(289KB) AllocSpace objects, 1(16KB) LOS objects, 25% free, 45MB/61MB, paused 1.591ms total 60.219ms
08-05 20:10:56.203 12674 13232 I art     : Starting a blocking GC Explicit
08-05 20:10:56.234 12674 13220 D DBReader: getFavoriteIDList() called
08-05 20:10:56.235 12674 13220 D DBReader: getQueueIDList() called
08-05 20:10:56.236 12674 13220 D DBReader: Extracting Feedlist
08-05 20:10:56.240 12674 13623 D ApOkHttpUrlLoader: buildLoadData() called with: model = [http://static.libsyn.com/p/assets/7/1/f/3/71f3014e14ef2722/JREiTunesImage2.jpg], width = [1440], height = [462]
08-05 20:10:56.264 12674 13232 I art     : Explicit concurrent mark sweep GC freed 32379(2039KB) AllocSpace objects, 0(0B) LOS objects, 25% free, 47MB/63MB, paused 1.943ms total 60.059ms
08-05 20:10:56.265 12674 12674 D FeedMenuHandler: Preparing options menu
08-05 20:10:56.280 12674 13232 I art     : Starting a blocking GC Explicit
08-05 20:10:56.332 12674 13232 I art     : Explicit concurrent mark sweep GC freed 2718(111KB) AllocSpace objects, 1(16KB) LOS objects, 25% free, 46MB/62MB, paused 1.454ms total 52.659ms
08-05 20:10:56.412   380   380 W SurfaceFlinger: couldn't log to binary event log: overflow.
08-05 20:10:56.472 13866 13882 I PeriodicStatsRunner: PeriodicStatsRunner.call():175 call()
08-05 20:10:56.472 13866 13882 I PeriodicStatsRunner: PeriodicStatsRunner.call():179 No submit PeriodicStats since input started.
08-05 20:10:56.636 12674 12687 I art     : Starting a blocking GC Explicit
08-05 20:10:56.695 12674 12687 I art     : Explicit concurrent mark sweep GC freed 3022(182KB) AllocSpace objects, 1(20KB) LOS objects, 25% free, 46MB/62MB, paused 1.432ms total 59.253ms
08-05 20:10:56.711 12674 12687 I art     : Starting a blocking GC Explicit
08-05 20:10:56.764 12674 12687 I art     : Explicit concurrent mark sweep GC freed 34795(2MB) AllocSpace objects, 44(2MB) LOS objects, 27% free, 42MB/58MB, paused 1.486ms total 51.874ms
08-05 20:10:56.778 12674 12687 I art     : Starting a blocking GC Explicit
08-05 20:10:56.825 12674 12687 I art     : Explicit concurrent mark sweep GC freed 32(880B) AllocSpace objects, 0(0B) LOS objects, 27% free, 42MB/58MB, paused 1.411ms total 46.606ms
08-05 20:10:56.839 12674 12687 I art     : Starting a blocking GC Explicit
08-05 20:10:56.889 12674 12687 I art     : Explicit concurrent mark sweep GC freed 3(96B) AllocSpace objects, 0(0B) LOS objects, 27% free, 42MB/58MB, paused 1.587ms total 49.550ms
08-05 20:10:56.907 12674 12687 I art     : Starting a blocking GC Explicit
08-05 20:10:56.954 12674 12687 I art     : Explicit concurrent mark sweep GC freed 3(96B) AllocSpace objects, 0(0B) LOS objects, 27% free, 42MB/58MB, paused 1.406ms total 46.240ms
08-05 20:10:57.287 12674 12696 I art     : Starting a blocking GC Explicit
08-05 20:10:57.335 12674 12696 I art     : Explicit concurrent mark sweep GC freed 1374(81KB) AllocSpace objects, 1(20KB) LOS objects, 27% free, 42MB/58MB, paused 1.532ms total 47.627ms
08-05 20:10:57.350 12674 12696 I art     : Starting a blocking GC Explicit
08-05 20:10:57.399 12674 12696 I art     : Explicit concurrent mark sweep GC freed 23(752B) AllocSpace objects, 0(0B) LOS objects, 27% free, 42MB/58MB, paused 1.509ms total 49.458ms
08-05 20:10:57.414 12674 12696 I art     : Starting a blocking GC Explicit
08-05 20:10:57.461 12674 12696 I art     : Explicit concurrent mark sweep GC freed 3(96B) AllocSpace objects, 0(0B) LOS objects, 27% free, 42MB/58MB, paused 1.493ms total 46.710ms
08-05 20:10:57.474 12674 12696 I art     : Starting a blocking GC Explicit
08-05 20:10:57.521 12674 12696 I art     : Explicit concurrent mark sweep GC freed 3(96B) AllocSpace objects, 0(0B) LOS objects, 27% free, 42MB/58MB, paused 1.481ms total 45.817ms
08-05 20:10:57.535 12674 12696 I art     : Starting a blocking GC Explicit
08-05 20:10:57.581 12674 12696 I art     : Explicit concurrent mark sweep GC freed 3(96B) AllocSpace objects, 0(0B) LOS objects, 27% free, 42MB/58MB, paused 1.502ms total 46.188ms
08-05 20:10:57.785 15189 15189 D AndroidRuntime: >>>>>> START com.android.internal.os.RuntimeInit uid 2000 <<<<<<
08-05 20:10:57.791 15189 15189 D AndroidRuntime: CheckJNI is OFF
08-05 20:10:57.832 15189 15189 D ICU     : No timezone override file found: /data/misc/zoneinfo/current/icu/icu_tzdata.dat
08-05 20:10:57.872 15189 15189 I Radio-JNI: register_android_hardware_Radio DONE
08-05 20:10:57.899 15189 15189 D AndroidRuntime: Calling main entry com.android.commands.input.Input
08-05 20:10:57.901 15189 15189 I Input   : injectMotionEvent: MotionEvent { action=ACTION_DOWN, actionButton=0, id[0]=0, x[0]=1372.0, y[0]=384.0, toolType[0]=TOOL_TYPE_UNKNOWN, buttonState=0, metaState=0, flags=0x0, edgeFlags=0x0, pointerCount=1, historySize=0, eventTime=821474314, downTime=821474314, deviceId=0, source=0x1002 }
08-05 20:10:57.907 15189 15189 I Input   : injectMotionEvent: MotionEvent { action=ACTION_UP, actionButton=0, id[0]=0, x[0]=1372.0, y[0]=384.0, toolType[0]=TOOL_TYPE_UNKNOWN, buttonState=0, metaState=0, flags=0x0, edgeFlags=0x0, pointerCount=1, historySize=0, eventTime=821474314, downTime=821474314, deviceId=0, source=0x1002 }
08-05 20:10:57.908 15189 15189 D AndroidRuntime: Shutting down VM
08-05 20:10:57.917   918  3714 I ActivityManager: START u0 {cmp=baseline.de.danoeh.antennapod.debug/baseline.de.danoeh.antennapod.activity.FeedInfoActivity (has extras)} from uid 10695 on display 0
08-05 20:10:57.919   512  2967 D audio_hw_primary: out_set_parameters: enter: usecase(1: low-latency-playback) kvpairs: routing=2
08-05 20:10:57.932 12674 12687 I art     : Starting a blocking GC Explicit
08-05 20:10:57.933   512  2967 D audio_hw_primary: select_devices: out_snd_device(2: speaker) in_snd_device(0: none)
08-05 20:10:57.933   512  2967 D msm8974_platform: platform_send_audio_calibration: sending audio calibration for snd_device(2) acdb_id(15)
08-05 20:10:57.933   512  2967 I soundtrigger: audio_extn_sound_trigger_update_device_status: device 0x2 of type 0 for Event 1
08-05 20:10:57.949   512  2967 D audio_hw_primary: enable_snd_device: snd_device(2: speaker)
08-05 20:10:57.952   512  2967 D audio_hw_primary: enable_audio_route: apply and update mixer path: low-latency-playback speaker
08-05 20:10:57.979 12674 12687 I art     : Explicit concurrent mark sweep GC freed 2003(123KB) AllocSpace objects, 1(20KB) LOS objects, 27% free, 42MB/58MB, paused 1.848ms total 46.742ms
08-05 20:10:57.981 12674 12694 D DBReader: getFeed() called with: feedId = [2]
08-05 20:10:57.982 12674 12694 D DBReader: getFeedItemList() called with: feed = [baseline.de.danoeh.antennapod.core.feed.Feed@2]
08-05 20:10:57.992 12674 12674 D androidx.gridlayout.widget.GridLayout: horizontal constraints: x2-x0>=1328, x2-x1<=0, x1-x0<=242 are inconsistent; permanently removing: x2-x1<=0. 
08-05 20:10:57.993 12674 12687 I art     : Starting a blocking GC Explicit
08-05 20:10:57.993 12674 12674 D androidx.gridlayout.widget.GridLayout: vertical constraints: y3-y2>=80, y3-y2<=66, y2-y1<=94, y1-y0<=94 are inconsistent; permanently removing: y3-y2<=66. 
08-05 20:10:58.042 12674 12687 I art     : Explicit concurrent mark sweep GC freed 3400(149KB) AllocSpace objects, 0(0B) LOS objects, 26% free, 43MB/59MB, paused 2.011ms total 49.420ms
08-05 20:10:58.057 12674 12687 I art     : Starting a blocking GC Explicit
08-05 20:10:58.079   918   936 I ActivityManager: Displayed baseline.de.danoeh.antennapod.debug/baseline.de.danoeh.antennapod.activity.FeedInfoActivity: +142ms
08-05 20:10:58.080 13866 13866 I GoogleInputMethodServic: GoogleInputMethodService.onFinishInput():3138 
08-05 20:10:58.080 13866 13866 I GoogleInputMethodServic: GoogleInputMethodService.onStartInput():1808 
08-05 20:10:58.085 12674 12694 W PodDBAdapter: Length of id array is larger than 800. Creating multiple cursors
08-05 20:10:58.110 12674 12687 I art     : Explicit concurrent mark sweep GC freed 2831(212KB) AllocSpace objects, 1(16KB) LOS objects, 26% free, 44MB/60MB, paused 1.741ms total 53.115ms
08-05 20:10:58.121 12674 12695 D OpenGLRenderer: endAllStagingAnimators on 0x7f9945e000 (RippleDrawable) with handle 0x7f7a1b8fe0
08-05 20:10:58.127 12674 12687 I art     : Starting a blocking GC Explicit
08-05 20:10:58.178 12674 12687 I art     : Explicit concurrent mark sweep GC freed 466(17KB) AllocSpace objects, 0(0B) LOS objects, 26% free, 44MB/60MB, paused 2.449ms total 51.713ms
08-05 20:10:58.185 12674 12674 D FeedInfoActivity: Language is en
08-05 20:10:58.185 12674 12674 D FeedInfoActivity: Author is Joe Rogan
08-05 20:10:58.185 12674 12674 D FeedInfoActivity: URL is http://joeroganexp.joerogan.libsynpro.com/rss
08-05 20:10:58.192 12674 13623 D ApOkHttpUrlLoader: buildLoadData() called with: model = [http://static.libsyn.com/p/assets/7/1/f/3/71f3014e14ef2722/JREiTunesImage2.jpg], width = [1440], height = [462]
08-05 20:10:58.197 12674 12687 I art     : Starting a blocking GC Explicit
08-05 20:10:58.205   918  4413 W IntentResolver: resolveIntent: multiple matches, only some with CATEGORY_DEFAULT
08-05 20:10:58.212 12674 12674 D androidx.gridlayout.widget.GridLayout: horizontal constraints: x2-x0>=1328, x2-x1<=232, x1-x0<=242 are inconsistent; permanently removing: x2-x1<=232. 
08-05 20:10:58.213 12674 12674 D androidx.gridlayout.widget.GridLayout: vertical constraints: y3-y2>=80, y3-y2<=66, y2-y1<=94, y1-y0<=94 are inconsistent; permanently removing: y3-y2<=66. 
08-05 20:10:58.250 12674 12687 I art     : Explicit concurrent mark sweep GC freed 7105(183KB) AllocSpace objects, 1(16KB) LOS objects, 25% free, 47MB/63MB, paused 1.779ms total 52.708ms
08-05 20:10:58.331   380   380 W SurfaceFlinger: couldn't log to binary event log: overflow.
08-05 20:10:58.460 12674 12674 D PlaybackController: Releasing PlaybackController
08-05 20:10:58.488   512  2967 D audio_hw_primary: disable_audio_route: reset and update mixer path: low-latency-playback speaker
08-05 20:10:58.489   512  2967 D audio_hw_primary: disable_snd_device: snd_device(2: speaker)
08-05 20:10:58.497   512  2967 I soundtrigger: audio_extn_sound_trigger_update_device_status: device 0x2 of type 0 for Event 0
08-05 20:10:58.572 12674 13826 I art     : Starting a blocking GC Explicit
08-05 20:10:58.649   518   646 I ThermalEngine: ACTION: GPU - Setting GPU[0] to 390000000
08-05 20:10:58.665 12674 13826 I art     : Explicit concurrent mark sweep GC freed 2024(122KB) AllocSpace objects, 1(20KB) LOS objects, 25% free, 47MB/63MB, paused 3.025ms total 92.600ms
08-05 20:10:58.691 12674 13826 I art     : Starting a blocking GC Explicit
08-05 20:10:58.768 12674 13826 I art     : Explicit concurrent mark sweep GC freed 59(1984B) AllocSpace objects, 0(0B) LOS objects, 25% free, 47MB/63MB, paused 2.518ms total 77.202ms
08-05 20:10:58.798 12674 13826 I art     : Starting a blocking GC Explicit
08-05 20:10:58.881 12674 13826 I art     : Explicit concurrent mark sweep GC freed 32(880B) AllocSpace objects, 0(0B) LOS objects, 25% free, 47MB/63MB, paused 2.374ms total 82.743ms
08-05 20:10:58.913 12674 13826 I art     : Starting a blocking GC Explicit
08-05 20:10:58.995 12674 13826 I art     : Explicit concurrent mark sweep GC freed 3(96B) AllocSpace objects, 0(0B) LOS objects, 25% free, 47MB/63MB, paused 2.553ms total 81.110ms
08-05 20:10:59.024 12674 13826 I art     : Starting a blocking GC Explicit
08-05 20:10:59.100 12674 13826 I art     : Explicit concurrent mark sweep GC freed 3(96B) AllocSpace objects, 0(0B) LOS objects, 25% free, 47MB/63MB, paused 2.133ms total 75.240ms
08-05 20:10:59.486 12674 12686 I art     : Starting a blocking GC Explicit
08-05 20:10:59.578 12674 12686 I art     : Explicit concurrent mark sweep GC freed 1372(80KB) AllocSpace objects, 1(20KB) LOS objects, 25% free, 47MB/63MB, paused 2.328ms total 90.869ms
08-05 20:10:59.607 12674 12686 I art     : Starting a blocking GC Explicit
08-05 20:10:59.685 12674 12686 I art     : Explicit concurrent mark sweep GC freed 31(1008B) AllocSpace objects, 0(0B) LOS objects, 25% free, 47MB/63MB, paused 2.316ms total 78.275ms
08-05 20:10:59.714 12674 12686 I art     : Starting a blocking GC Explicit
08-05 20:10:59.791 12674 12686 I art     : Explicit concurrent mark sweep GC freed 45(1296B) AllocSpace objects, 0(0B) LOS objects, 25% free, 47MB/63MB, paused 2.434ms total 77.200ms
08-05 20:10:59.818 12674 12686 I art     : Starting a blocking GC Explicit
08-05 20:10:59.892 12674 12686 I art     : Explicit concurrent mark sweep GC freed 11(352B) AllocSpace objects, 0(0B) LOS objects, 25% free, 47MB/63MB, paused 2.115ms total 72.886ms
08-05 20:10:59.916 12674 12686 I art     : Starting a blocking GC Explicit
08-05 20:10:59.990 12674 12686 I art     : Explicit concurrent mark sweep GC freed 3(96B) AllocSpace objects, 0(0B) LOS objects, 25% free, 47MB/63MB, paused 2.246ms total 73.885ms
08-05 20:11:00.356 12674 13232 I art     : Starting a blocking GC Explicit
08-05 20:11:00.451 12674 13232 I art     : Explicit concurrent mark sweep GC freed 1372(80KB) AllocSpace objects, 1(20KB) LOS objects, 25% free, 47MB/63MB, paused 2.813ms total 94.951ms
08-05 20:11:00.478 12674 13232 I art     : Starting a blocking GC Explicit
08-05 20:11:00.555 12674 13232 I art     : Explicit concurrent mark sweep GC freed 23(752B) AllocSpace objects, 0(0B) LOS objects, 25% free, 47MB/63MB, paused 2.419ms total 75.663ms
08-05 20:11:00.580 12674 13232 I art     : Starting a blocking GC Explicit
08-05 20:11:00.657 12674 13232 I art     : Explicit concurrent mark sweep GC freed 3(96B) AllocSpace objects, 0(0B) LOS objects, 25% free, 47MB/63MB, paused 2.359ms total 76.251ms
08-05 20:11:00.682 12674 13232 I art     : Starting a blocking GC Explicit
08-05 20:11:00.759 12674 13232 I art     : Explicit concurrent mark sweep GC freed 3(96B) AllocSpace objects, 0(0B) LOS objects, 25% free, 47MB/63MB, paused 2.281ms total 76.388ms
08-05 20:11:00.785 12674 13232 I art     : Starting a blocking GC Explicit
08-05 20:11:00.863 12674 13232 I art     : Explicit concurrent mark sweep GC freed 32(880B) AllocSpace objects, 0(0B) LOS objects, 25% free, 47MB/63MB, paused 3.028ms total 77.135ms
08-05 20:11:01.083 13866 13882 I PeriodicStatsRunner: PeriodicStatsRunner.call():175 call()
08-05 20:11:01.084 13866 13882 I PeriodicStatsRunner: PeriodicStatsRunner.call():179 No submit PeriodicStats since input started.
08-05 20:11:01.243 12674 13826 I art     : Starting a blocking GC Explicit
08-05 20:11:01.335 12674 13826 I art     : Explicit concurrent mark sweep GC freed 1373(82KB) AllocSpace objects, 1(20KB) LOS objects, 25% free, 47MB/63MB, paused 2.853ms total 91.744ms
08-05 20:11:01.367 12674 13826 I art     : Starting a blocking GC Explicit
08-05 20:11:01.450 12674 13826 I art     : Explicit concurrent mark sweep GC freed 23(752B) AllocSpace objects, 0(0B) LOS objects, 25% free, 47MB/63MB, paused 4.928ms total 82.854ms
08-05 20:11:01.475 12674 13826 I art     : Starting a blocking GC Explicit
08-05 20:11:01.535 12674 13826 I art     : Explicit concurrent mark sweep GC freed 3(96B) AllocSpace objects, 0(0B) LOS objects, 25% free, 47MB/63MB, paused 1.922ms total 59.260ms
08-05 20:11:01.556 12674 13826 I art     : Starting a blocking GC Explicit
08-05 20:11:01.619 12674 13826 I art     : Explicit concurrent mark sweep GC freed 3(96B) AllocSpace objects, 0(0B) LOS objects, 25% free, 47MB/63MB, paused 2.310ms total 62.596ms
08-05 20:11:01.642 12674 13826 I art     : Starting a blocking GC Explicit
08-05 20:11:01.647   518   646 I ThermalEngine: ACTION: GPU - Setting GPU[0] to 450000000
08-05 20:11:01.695 12674 13826 I art     : Explicit concurrent mark sweep GC freed 3(96B) AllocSpace objects, 0(0B) LOS objects, 25% free, 47MB/63MB, paused 1.312ms total 52.568ms
08-05 20:11:02.043 12674 13826 I art     : Starting a blocking GC Explicit
08-05 20:11:02.115 12674 13826 I art     : Explicit concurrent mark sweep GC freed 1402(82KB) AllocSpace objects, 1(20KB) LOS objects, 25% free, 47MB/63MB, paused 1.621ms total 72.513ms
08-05 20:11:02.136 12674 13826 I art     : Starting a blocking GC Explicit
08-05 20:11:02.196 12674 13826 I art     : Explicit concurrent mark sweep GC freed 128(4KB) AllocSpace objects, 0(0B) LOS objects, 25% free, 47MB/63MB, paused 1.428ms total 60.417ms
08-05 20:11:02.213 12674 13826 I art     : Starting a blocking GC Explicit
08-05 20:11:02.268 12674 13826 I art     : Explicit concurrent mark sweep GC freed 3(96B) AllocSpace objects, 0(0B) LOS objects, 25% free, 47MB/63MB, paused 1.583ms total 55.034ms
08-05 20:11:02.284 12674 13826 I art     : Starting a blocking GC Explicit
08-05 20:11:02.341 12674 13826 I art     : Explicit concurrent mark sweep GC freed 3(96B) AllocSpace objects, 0(0B) LOS objects, 25% free, 47MB/63MB, paused 1.507ms total 56.859ms
08-05 20:11:02.358 12674 13826 I art     : Starting a blocking GC Explicit
08-05 20:11:02.416 12674 13826 I art     : Explicit concurrent mark sweep GC freed 3(96B) AllocSpace objects, 0(0B) LOS objects, 25% free, 47MB/63MB, paused 1.516ms total 57.782ms
08-05 20:11:02.711 15262 15262 D AndroidRuntime: >>>>>> START com.android.internal.os.RuntimeInit uid 2000 <<<<<<
08-05 20:11:02.717 15262 15262 D AndroidRuntime: CheckJNI is OFF
08-05 20:11:02.760 15262 15262 D ICU     : No timezone override file found: /data/misc/zoneinfo/current/icu/icu_tzdata.dat
08-05 20:11:02.772 12674 12686 I art     : Starting a blocking GC Explicit
08-05 20:11:02.806 15262 15262 I Radio-JNI: register_android_hardware_Radio DONE
08-05 20:11:02.835 12674 12686 I art     : Explicit concurrent mark sweep GC freed 2104(107KB) AllocSpace objects, 1(20KB) LOS objects, 25% free, 47MB/63MB, paused 1.487ms total 62.766ms
08-05 20:11:02.836 15262 15262 D AndroidRuntime: Calling main entry com.android.commands.input.Input
08-05 20:11:02.838 15262 15262 I Input   : injectKeyEvent: KeyEvent { action=ACTION_DOWN, keyCode=KEYCODE_BACK, scanCode=0, metaState=0, flags=0x0, repeatCount=0, eventTime=821479251, downTime=821479251, deviceId=-1, source=0x101 }
08-05 20:11:02.847 15262 15262 I Input   : injectKeyEvent: KeyEvent { action=ACTION_UP, keyCode=KEYCODE_BACK, scanCode=0, metaState=0, flags=0x0, repeatCount=0, eventTime=821479251, downTime=821479251, deviceId=-1, source=0x101 }
08-05 20:11:02.851 12674 12686 I art     : Starting a blocking GC Explicit
08-05 20:11:02.853 15262 15262 D AndroidRuntime: Shutting down VM
08-05 20:11:02.861 12674 12674 V PlaybackController: initServiceNotRunning()
08-05 20:11:02.861 12674 12674 D ExternalPlayerFragment: Loading media info
08-05 20:11:02.863 12674 12674 D ItemlistFragment: onEventMainThread() called with: event = [DownloadEvent{update=DownloaderUpdate{downloaders=[], feedIds=[], mediaIds=[]}}]
08-05 20:11:02.864 12674 13623 D ApOkHttpUrlLoader: buildLoadData() called with: model = [http://static.libsyn.com/p/assets/7/1/f/3/71f3014e14ef2722/JREiTunesImage2.jpg], width = [1440], height = [462]
08-05 20:11:02.866 12674 12674 D UserPreferences: Using default data folder
08-05 20:11:02.867 12674 12694 D DBReader: getNavDrawerData() called with: 
08-05 20:11:02.867 12674 13221 D DBReader: getFeed() called with: feedId = [2]
08-05 20:11:02.870 12674 13221 D DBReader: getFeedItemList() called with: feed = [baseline.de.danoeh.antennapod.core.feed.Feed@2]
08-05 20:11:02.895 12674 12674 D FeedMenuHandler: Preparing options menu
08-05 20:11:02.904 12674 12694 D DBReader: getDownloadedItems() called
08-05 20:11:02.906 12674 12694 D DBReader: getFavoriteIDList() called
08-05 20:11:02.908 12674 12694 D DBReader: getQueueIDList() called
08-05 20:11:02.909 12674 12694 D DBReader: Extracting Feedlist
08-05 20:11:02.922 12674 12686 I art     : Explicit concurrent mark sweep GC freed 2359(119KB) AllocSpace objects, 0(0B) LOS objects, 24% free, 50MB/66MB, paused 1.936ms total 70.570ms
08-05 20:11:02.938 12674 12686 I art     : Starting a blocking GC Explicit
08-05 20:11:02.946 12674 12674 D MainActivity: getLastNavFragment() -> 2
08-05 20:11:02.954 13866 13866 I GoogleInputMethodServic: GoogleInputMethodService.onFinishInput():3138 
08-05 20:11:02.955 13866 13866 I GoogleInputMethodServic: GoogleInputMethodService.onStartInput():1808 
08-05 20:11:02.996 12674 13221 W PodDBAdapter: Length of id array is larger than 800. Creating multiple cursors
08-05 20:11:03.001 12674 12686 I art     : Explicit concurrent mark sweep GC freed 4523(172KB) AllocSpace objects, 1(16KB) LOS objects, 23% free, 51MB/67MB, paused 2.644ms total 62.892ms
08-05 20:11:03.018 12674 12686 I art     : Starting a blocking GC Explicit
08-05 20:11:03.076 12674 12686 I art     : Explicit concurrent mark sweep GC freed 925(164KB) AllocSpace objects, 0(0B) LOS objects, 23% free, 51MB/67MB, paused 1.712ms total 57.409ms
08-05 20:11:03.081 13866 13882 I PeriodicStatsRunner: PeriodicStatsRunner.call():175 call()
08-05 20:11:03.081 13866 13882 I PeriodicStatsRunner: PeriodicStatsRunner.call():179 No submit PeriodicStats since input started.
08-05 20:11:03.088 12674 13221 D DBReader: getFavoriteIDList() called
08-05 20:11:03.089 12674 13221 D DBReader: getQueueIDList() called
08-05 20:11:03.091 12674 13221 D DBReader: Extracting Feedlist
08-05 20:11:03.093 12674 12686 I art     : Starting a blocking GC Explicit
08-05 20:11:03.095 12674 13623 D ApOkHttpUrlLoader: buildLoadData() called with: model = [http://static.libsyn.com/p/assets/7/1/f/3/71f3014e14ef2722/JREiTunesImage2.jpg], width = [1440], height = [462]
08-05 20:11:03.117 12674 12674 D FeedMenuHandler: Preparing options menu
08-05 20:11:03.152 12674 12686 I art     : Explicit concurrent mark sweep GC freed 34592(2MB) AllocSpace objects, 1(16KB) LOS objects, 23% free, 52MB/68MB, paused 1.540ms total 58.743ms
08-05 20:11:03.253   380   380 W SurfaceFlinger: couldn't log to binary event log: overflow.
08-05 20:11:03.471 12674 12696 I art     : Starting a blocking GC Explicit
08-05 20:11:03.548 12674 12696 I art     : Explicit concurrent mark sweep GC freed 2800(160KB) AllocSpace objects, 1(20KB) LOS objects, 23% free, 52MB/68MB, paused 1.606ms total 76.362ms
08-05 20:11:03.570 12674 12696 I art     : Starting a blocking GC Explicit
08-05 20:11:03.622 12674 12696 I art     : Explicit concurrent mark sweep GC freed 29919(2MB) AllocSpace objects, 3(84KB) LOS objects, 24% free, 50MB/66MB, paused 1.541ms total 51.809ms
08-05 20:11:03.637 12674 12696 I art     : Starting a blocking GC Explicit
08-05 20:11:03.683 12674 12696 I art     : Explicit concurrent mark sweep GC freed 3(96B) AllocSpace objects, 0(0B) LOS objects, 24% free, 50MB/66MB, paused 1.452ms total 45.948ms
08-05 20:11:03.698 12674 12696 I art     : Starting a blocking GC Explicit
08-05 20:11:03.747 12674 12696 I art     : Explicit concurrent mark sweep GC freed 3(96B) AllocSpace objects, 0(0B) LOS objects, 24% free, 50MB/66MB, paused 1.471ms total 48.506ms
08-05 20:11:03.761 12674 12696 I art     : Starting a blocking GC Explicit
08-05 20:11:03.809 12674 12696 I art     : Explicit concurrent mark sweep GC freed 32(880B) AllocSpace objects, 0(0B) LOS objects, 24% free, 50MB/66MB, paused 1.468ms total 47.950ms
08-05 20:11:04.147 12674 13826 I art     : Starting a blocking GC Explicit
08-05 20:11:04.203 12674 13826 I art     : Explicit concurrent mark sweep GC freed 1374(81KB) AllocSpace objects, 1(20KB) LOS objects, 24% free, 50MB/66MB, paused 1.582ms total 55.573ms
08-05 20:11:04.217 12674 13826 I art     : Starting a blocking GC Explicit
08-05 20:11:04.263 12674 13826 I art     : Explicit concurrent mark sweep GC freed 23(752B) AllocSpace objects, 0(0B) LOS objects, 24% free, 50MB/66MB, paused 1.430ms total 45.223ms
08-05 20:11:04.277 12674 13826 I art     : Starting a blocking GC Explicit
08-05 20:11:04.323 12674 13826 I art     : Explicit concurrent mark sweep GC freed 3(96B) AllocSpace objects, 0(0B) LOS objects, 24% free, 50MB/66MB, paused 1.393ms total 46.360ms
08-05 20:11:04.338 12674 13826 I art     : Starting a blocking GC Explicit
08-05 20:11:04.385 12674 13826 I art     : Explicit concurrent mark sweep GC freed 3(96B) AllocSpace objects, 0(0B) LOS objects, 24% free, 50MB/66MB, paused 1.470ms total 46.937ms
08-05 20:11:04.399 12674 13826 I art     : Starting a blocking GC Explicit
08-05 20:11:04.445 12674 13826 I art     : Explicit concurrent mark sweep GC freed 3(96B) AllocSpace objects, 0(0B) LOS objects, 24% free, 50MB/66MB, paused 1.485ms total 46.068ms
08-05 20:11:04.652 15305 15305 D AndroidRuntime: >>>>>> START com.android.internal.os.RuntimeInit uid 2000 <<<<<<
08-05 20:11:04.658 15305 15305 D AndroidRuntime: CheckJNI is OFF
08-05 20:11:04.695 15305 15305 D ICU     : No timezone override file found: /data/misc/zoneinfo/current/icu/icu_tzdata.dat
08-05 20:11:04.734 15305 15305 I Radio-JNI: register_android_hardware_Radio DONE
08-05 20:11:04.755 12674 12696 I art     : Starting a blocking GC Explicit
08-05 20:11:04.762 15305 15305 D AndroidRuntime: Calling main entry com.android.commands.input.Input
08-05 20:11:04.764 15305 15305 I Input   : injectMotionEvent: MotionEvent { action=ACTION_DOWN, actionButton=0, id[0]=0, x[0]=733.0, y[0]=896.0, toolType[0]=TOOL_TYPE_UNKNOWN, buttonState=0, metaState=0, flags=0x0, edgeFlags=0x0, pointerCount=1, historySize=0, eventTime=821481176, downTime=821481176, deviceId=0, source=0x1002 }
08-05 20:11:04.770 15305 15305 I Input   : injectMotionEvent: MotionEvent { action=ACTION_UP, actionButton=0, id[0]=0, x[0]=733.0, y[0]=896.0, toolType[0]=TOOL_TYPE_UNKNOWN, buttonState=0, metaState=0, flags=0x0, edgeFlags=0x0, pointerCount=1, historySize=0, eventTime=821481176, downTime=821481176, deviceId=0, source=0x1002 }
08-05 20:11:04.772 15305 15305 D AndroidRuntime: Shutting down VM
08-05 20:11:04.796 12674 12696 I art     : Explicit concurrent mark sweep GC freed 1452(84KB) AllocSpace objects, 1(20KB) LOS objects, 24% free, 50MB/66MB, paused 1.420ms total 40.934ms
08-05 20:11:04.809 12674 12696 I art     : Starting a blocking GC Explicit
08-05 20:11:04.838   512  2967 D audio_hw_primary: out_set_parameters: enter: usecase(1: low-latency-playback) kvpairs: routing=2
08-05 20:11:04.851   512  2967 D audio_hw_primary: select_devices: out_snd_device(2: speaker) in_snd_device(0: none)
08-05 20:11:04.851   512  2967 D msm8974_platform: platform_send_audio_calibration: sending audio calibration for snd_device(2) acdb_id(15)
08-05 20:11:04.851   512  2967 I soundtrigger: audio_extn_sound_trigger_update_device_status: device 0x2 of type 0 for Event 1
08-05 20:11:04.851 12674 12696 I art     : Explicit concurrent mark sweep GC freed 732(35KB) AllocSpace objects, 0(0B) LOS objects, 24% free, 50MB/66MB, paused 2.106ms total 41.831ms
08-05 20:11:04.861 12674 12674 I WebViewFactory: Loading com.google.android.webview version 84.0.4147.89 (code 414708953)
08-05 20:11:04.862   512  2967 D audio_hw_primary: enable_snd_device: snd_device(2: speaker)
08-05 20:11:04.864   512  2967 D audio_hw_primary: enable_audio_route: apply and update mixer path: low-latency-playback speaker
08-05 20:11:04.871 12674 12696 I art     : Starting a blocking GC Explicit
08-05 20:11:04.914 12674 12696 I art     : Explicit concurrent mark sweep GC freed 494(51KB) AllocSpace objects, 0(0B) LOS objects, 23% free, 50MB/66MB, paused 1.986ms total 43.096ms
08-05 20:11:04.927 12674 12696 I art     : Starting a blocking GC Explicit
08-05 20:11:04.954 12674 12674 I cr_LibraryLoader: Loaded native library version number "84.0.4147.89"
08-05 20:11:04.955 12674 12674 I cr_CachingUmaRecorder: Flushed 5 samples from 5 histograms.
08-05 20:11:04.974 12674 12696 I art     : Explicit concurrent mark sweep GC freed 3912(319KB) AllocSpace objects, 2(40KB) LOS objects, 23% free, 51MB/67MB, paused 1.989ms total 46.460ms
08-05 20:11:04.988 12674 12696 I art     : Starting a blocking GC Explicit
08-05 20:11:05.004 12674 12674 E chromium: [ERROR:filesystem_posix.cc(62)] mkdir /data/user/0/baseline.de.danoeh.antennapod.debug/cache/WebView/Crashpad: No such file or directory (2)
08-05 20:11:05.038 12674 12696 I art     : Explicit concurrent mark sweep GC freed 1082(175KB) AllocSpace objects, 0(0B) LOS objects, 23% free, 51MB/67MB, paused 1.858ms total 48.036ms
08-05 20:11:05.077   918   937 W ProcessCpuTracker: Skipping unknown process pid 15313
08-05 20:11:05.077   918   937 W ProcessCpuTracker: Skipping unknown process pid 15315
08-05 20:11:05.077   918   937 W ProcessCpuTracker: Skipping unknown process pid 15316
08-05 20:11:05.109   918  6029 D ConnectivityService: listenForNetwork for Listen from uid/pid:10695/12674 for NetworkRequest [ id=3543, legacyType=-1, [ Capabilities: INTERNET&NOT_RESTRICTED&TRUSTED] ]
08-05 20:11:05.149 12674 13220 D DBReader: getFeedItem() called with: itemId = [2]
08-05 20:11:05.149 12674 13220 D DBReader: Loading feeditem with id 2
08-05 20:11:05.150 12674 12674 D ItemFragment: onEventMainThread() called with: event = [DownloadEvent{update=DownloaderUpdate{downloaders=[], feedIds=[], mediaIds=[]}}]
08-05 20:11:05.151 12674 13220 D DBReader: getFavoriteIDList() called
08-05 20:11:05.152 12674 13220 D DBReader: getQueueIDList() called
08-05 20:11:05.153 12674 13220 D DBReader: Extracting Feedlist
08-05 20:11:05.155 13866 13866 I GoogleInputMethodServic: GoogleInputMethodService.onFinishInput():3138 
08-05 20:11:05.155 13866 13866 I GoogleInputMethodServic: GoogleInputMethodService.onStartInput():1808 
08-05 20:11:05.161 12674 13220 D DBReader: loadExtraInformationOfFeedItem() called with: item = [FeedItem[autoDownload=1,chapters=<null>,contentEncoded=<null>,description=<null>,feed=baseline.de.danoeh.antennapod.core.feed.Feed@715f9ba,feedId=2,flattrStatus=baseline.de.danoeh.antennapod.core.util.flattr.FlattrStatus@64e306b,hasChapters=false,imageUrl=http://static.libsyn.com/p/assets/2/7/8/6/278615fe73b1f0ca/JRE1514.jpg,itemIdentifier=a0870b6b-c887-4883-930c-a06d5e1a8f7e,link=http://traffic.libsyn.com/joeroganexp/p1514.mp3,media=baseline.de.danoeh.antennapod.core.feed.FeedMedia@fcd67c8,paymentLink=<null>,pubDate=Fri Jul 24 21:00:00 GMT+02:00 2020,state=-1,tags=[],title=#1514 - Joe De Sena,id=2]]
08-05 20:11:05.169 12674 12674 E libEGL  : validate_display:255 error 3008 (EGL_BAD_DISPLAY)
08-05 20:11:05.237   918   935 D BluetoothManagerService: Added callback: android.bluetooth.IBluetoothManagerCallback$Stub$Proxy@a4d7cb:true
08-05 20:11:05.246 12674 13623 D ApOkHttpUrlLoader: buildLoadData() called with: model = [http://static.libsyn.com/p/assets/2/7/8/6/278615fe73b1f0ca/JRE1514.jpg], width = [175], height = [175]
08-05 20:11:05.250 12674 13433 D DBReader: getImageAuthentication() called with: imageUrl = [http://static.libsyn.com/p/assets/2/7/8/6/278615fe73b1f0ca/JRE1514.jpg]
08-05 20:11:05.254 12674 13433 D ApOkHttpUrlLoader: no credentials for 'http://static.libsyn.com/p/assets/2/7/8/6/278615fe73b1f0ca/JRE1514.jpg'
08-05 20:11:05.367 12674 13433 D MYTAG   : interceptor 2a
08-05 20:11:05.367 12674 13433 I NAPPA_EXPERIMENTATION: MetricNetworkRequestExecutionTime: REQUEST_DURATION_SYSTEM='113',REQUEST_DURATION_OKHTTP='111',REQUEST_SYNCHRONOUS='TRUE',RESPONSE_CODE='200',RESPONSE_METHOD='GET',RESPONSE_LENGTH_OKHTTP='364960',RESPONSE_LENGTH_HEADER='364960',REQUEST_PROTOCOL='http/1.1',REQUEST_URL='http://static.libsyn.com/p/assets/2/7/8/6/278615fe73b1f0ca/JRE1514.jpg',
08-05 20:11:05.409   512  2967 D audio_hw_primary: disable_audio_route: reset and update mixer path: low-latency-playback speaker
08-05 20:11:05.410   512  2967 D audio_hw_primary: disable_snd_device: snd_device(2: speaker)
08-05 20:11:05.418 12674 12687 I art     : Starting a blocking GC Explicit
08-05 20:11:05.419   512  2967 I soundtrigger: audio_extn_sound_trigger_update_device_status: device 0x2 of type 0 for Event 0
08-05 20:11:05.473 12674 12687 I art     : Explicit concurrent mark sweep GC freed 7898(576KB) AllocSpace objects, 2(88KB) LOS objects, 23% free, 51MB/67MB, paused 1.667ms total 54.926ms
08-05 20:11:05.487 12674 12687 I art     : Starting a blocking GC Explicit
08-05 20:11:05.533 12674 12687 I art     : Explicit concurrent mark sweep GC freed 1381(80KB) AllocSpace objects, 4(112KB) LOS objects, 23% free, 51MB/67MB, paused 1.684ms total 46.190ms
08-05 20:11:05.547 12674 12687 I art     : Starting a blocking GC Explicit
08-05 20:11:05.594 12674 12687 I art     : Explicit concurrent mark sweep GC freed 161(17KB) AllocSpace objects, 0(0B) LOS objects, 23% free, 51MB/67MB, paused 1.463ms total 46.474ms
08-05 20:11:05.608 12674 12687 I art     : Starting a blocking GC Explicit
08-05 20:11:05.655 12674 12687 I art     : Explicit concurrent mark sweep GC freed 19(592B) AllocSpace objects, 0(0B) LOS objects, 23% free, 51MB/67MB, paused 1.512ms total 46.870ms
08-05 20:11:05.670 12674 12687 I art     : Starting a blocking GC Explicit
08-05 20:11:05.721 12674 12687 I art     : Explicit concurrent mark sweep GC freed 11(352B) AllocSpace objects, 0(0B) LOS objects, 23% free, 51MB/67MB, paused 1.455ms total 50.193ms
08-05 20:11:06.095 12674 12696 I art     : Starting a blocking GC Explicit
08-05 20:11:06.151 12674 12696 I art     : Explicit concurrent mark sweep GC freed 1462(83KB) AllocSpace objects, 1(20KB) LOS objects, 23% free, 51MB/67MB, paused 1.825ms total 55.277ms
08-05 20:11:06.168 12674 12696 I art     : Starting a blocking GC Explicit
08-05 20:11:06.218 12674 12696 I art     : Explicit concurrent mark sweep GC freed 31(1008B) AllocSpace objects, 0(0B) LOS objects, 23% free, 51MB/67MB, paused 1.833ms total 49.934ms
08-05 20:11:06.234 12674 12696 I art     : Starting a blocking GC Explicit
08-05 20:11:06.286 12674 12696 I art     : Explicit concurrent mark sweep GC freed 11(352B) AllocSpace objects, 0(0B) LOS objects, 23% free, 51MB/67MB, paused 1.611ms total 51.778ms
08-05 20:11:06.301 12674 12696 I art     : Starting a blocking GC Explicit
08-05 20:11:06.348 12674 12696 I art     : Explicit concurrent mark sweep GC freed 11(352B) AllocSpace objects, 0(0B) LOS objects, 23% free, 51MB/67MB, paused 1.588ms total 47.103ms
08-05 20:11:06.364 12674 12696 I art     : Starting a blocking GC Explicit
08-05 20:11:06.420 12674 12696 I art     : Explicit concurrent mark sweep GC freed 11(352B) AllocSpace objects, 0(0B) LOS objects, 23% free, 51MB/67MB, paused 1.447ms total 55.724ms
08-05 20:11:06.658   518   646 I ThermalEngine: ACTION: GPU - Setting GPU[0] to 390000000
08-05 20:11:06.852 12674 13232 I art     : Starting a blocking GC Explicit
08-05 20:11:06.921 12674 13232 I art     : Explicit concurrent mark sweep GC freed 1488(84KB) AllocSpace objects, 1(20KB) LOS objects, 23% free, 51MB/67MB, paused 2.966ms total 68.851ms
08-05 20:11:06.945 12674 13232 I art     : Starting a blocking GC Explicit
08-05 20:11:07.013 12674 13232 I art     : Explicit concurrent mark sweep GC freed 47(1520B) AllocSpace objects, 0(0B) LOS objects, 23% free, 51MB/67MB, paused 2.536ms total 67.933ms
08-05 20:11:07.039 12674 13232 I art     : Starting a blocking GC Explicit
08-05 20:11:07.098 12674 13232 I art     : Explicit concurrent mark sweep GC freed 6(192B) AllocSpace objects, 0(0B) LOS objects, 23% free, 51MB/67MB, paused 2.205ms total 58.560ms
08-05 20:11:07.121 12674 13232 I art     : Starting a blocking GC Explicit
08-05 20:11:07.188 12674 13232 I art     : Explicit concurrent mark sweep GC freed 3(96B) AllocSpace objects, 0(0B) LOS objects, 23% free, 51MB/67MB, paused 2.582ms total 66.569ms
08-05 20:11:07.211 12674 13232 I art     : Starting a blocking GC Explicit
08-05 20:11:07.279 12674 13232 I art     : Explicit concurrent mark sweep GC freed 3(96B) AllocSpace objects, 0(0B) LOS objects, 23% free, 51MB/67MB, paused 2.641ms total 67.955ms
08-05 20:11:07.728 12674 12696 I art     : Starting a blocking GC Explicit
08-05 20:11:07.810 12674 12696 I art     : Explicit concurrent mark sweep GC freed 1410(81KB) AllocSpace objects, 1(20KB) LOS objects, 23% free, 51MB/67MB, paused 2.871ms total 81.170ms
08-05 20:11:07.836 12674 12696 I art     : Starting a blocking GC Explicit
08-05 20:11:07.903 12674 12696 I art     : Explicit concurrent mark sweep GC freed 23(752B) AllocSpace objects, 0(0B) LOS objects, 23% free, 51MB/67MB, paused 2.299ms total 66.766ms
08-05 20:11:07.927 12674 12696 I art     : Starting a blocking GC Explicit
08-05 20:11:07.955 13866 13882 I PeriodicStatsRunner: PeriodicStatsRunner.call():175 call()
08-05 20:11:07.955 13866 13882 I PeriodicStatsRunner: PeriodicStatsRunner.call():179 No submit PeriodicStats since input started.
08-05 20:11:07.994 12674 12696 I art     : Explicit concurrent mark sweep GC freed 3(96B) AllocSpace objects, 0(0B) LOS objects, 23% free, 51MB/67MB, paused 2.488ms total 66.463ms
08-05 20:11:08.018 12674 12696 I art     : Starting a blocking GC Explicit
08-05 20:11:08.092 12674 12696 I art     : Explicit concurrent mark sweep GC freed 3(96B) AllocSpace objects, 0(0B) LOS objects, 23% free, 51MB/67MB, paused 3.100ms total 73.850ms
08-05 20:11:08.119 12674 12696 I art     : Starting a blocking GC Explicit
08-05 20:11:08.193 12674 12696 I art     : Explicit concurrent mark sweep GC freed 3(96B) AllocSpace objects, 0(0B) LOS objects, 23% free, 51MB/67MB, paused 3.105ms total 74.020ms
08-05 20:11:08.640 12674 13826 I art     : Starting a blocking GC Explicit
08-05 20:11:08.725 12674 13826 I art     : Explicit concurrent mark sweep GC freed 1382(82KB) AllocSpace objects, 1(20KB) LOS objects, 23% free, 51MB/67MB, paused 2.686ms total 83.456ms
08-05 20:11:08.753 12674 13826 I art     : Starting a blocking GC Explicit
08-05 20:11:08.835 12674 13826 I art     : Explicit concurrent mark sweep GC freed 52(1536B) AllocSpace objects, 0(0B) LOS objects, 23% free, 51MB/67MB, paused 2.608ms total 80.604ms
08-05 20:11:08.863 12674 13826 I art     : Starting a blocking GC Explicit
08-05 20:11:08.932 12674 13826 I art     : Explicit concurrent mark sweep GC freed 27(2208B) AllocSpace objects, 0(0B) LOS objects, 23% free, 51MB/67MB, paused 2.336ms total 68.446ms
08-05 20:11:08.955 12674 13826 I art     : Starting a blocking GC Explicit
08-05 20:11:09.021 12674 13826 I art     : Explicit concurrent mark sweep GC freed 18(912B) AllocSpace objects, 0(0B) LOS objects, 23% free, 51MB/67MB, paused 2.542ms total 66.069ms
08-05 20:11:09.044 12674 13826 I art     : Starting a blocking GC Explicit
08-05 20:11:09.107 12674 13826 I art     : Explicit concurrent mark sweep GC freed 3(96B) AllocSpace objects, 0(0B) LOS objects, 23% free, 51MB/67MB, paused 2.214ms total 62.406ms
08-05 20:11:09.514 12674 12686 I art     : Starting a blocking GC Explicit
08-05 20:11:09.592 12674 12686 I art     : Explicit concurrent mark sweep GC freed 1499(89KB) AllocSpace objects, 1(20KB) LOS objects, 23% free, 51MB/67MB, paused 2.695ms total 77.491ms
08-05 20:11:09.616 12674 12686 I art     : Starting a blocking GC Explicit
08-05 20:11:09.670 15415 15415 D AndroidRuntime: >>>>>> START com.android.internal.os.RuntimeInit uid 2000 <<<<<<
08-05 20:11:09.676 15415 15415 D AndroidRuntime: CheckJNI is OFF
08-05 20:11:09.680 12674 12686 I art     : Explicit concurrent mark sweep GC freed 23(752B) AllocSpace objects, 0(0B) LOS objects, 23% free, 51MB/67MB, paused 2.380ms total 63.643ms
08-05 20:11:09.702 12674 12686 I art     : Starting a blocking GC Explicit
08-05 20:11:09.730 15415 15415 D ICU     : No timezone override file found: /data/misc/zoneinfo/current/icu/icu_tzdata.dat
08-05 20:11:09.763 12674 12686 I art     : Explicit concurrent mark sweep GC freed 3(96B) AllocSpace objects, 0(0B) LOS objects, 23% free, 51MB/67MB, paused 2.114ms total 60.451ms
08-05 20:11:09.774 15415 15415 I Radio-JNI: register_android_hardware_Radio DONE
08-05 20:11:09.785 12674 12686 I art     : Starting a blocking GC Explicit
08-05 20:11:09.807 15415 15415 D AndroidRuntime: Calling main entry com.android.commands.input.Input
08-05 20:11:09.809 15415 15415 I Input   : injectKeyEvent: KeyEvent { action=ACTION_DOWN, keyCode=KEYCODE_BACK, scanCode=0, metaState=0, flags=0x0, repeatCount=0, eventTime=821486222, downTime=821486222, deviceId=-1, source=0x101 }
08-05 20:11:09.815 15415 15415 I Input   : injectKeyEvent: KeyEvent { action=ACTION_UP, keyCode=KEYCODE_BACK, scanCode=0, metaState=0, flags=0x0, repeatCount=0, eventTime=821486222, downTime=821486222, deviceId=-1, source=0x101 }
08-05 20:11:09.842 12674 12674 D ItemlistFragment: onEventMainThread() called with: event = [DownloadEvent{update=DownloaderUpdate{downloaders=[], feedIds=[], mediaIds=[]}}]
08-05 20:11:09.847 12674 12694 D DBReader: getFeed() called with: feedId = [2]
08-05 20:11:09.848 12674 12686 I art     : Explicit concurrent mark sweep GC freed 761(34KB) AllocSpace objects, 0(0B) LOS objects, 23% free, 51MB/67MB, paused 3.037ms total 63.032ms
08-05 20:11:09.848 15415 15415 D AndroidRuntime: Shutting down VM
08-05 20:11:09.850 12674 12694 D DBReader: getFeedItemList() called with: feed = [baseline.de.danoeh.antennapod.core.feed.Feed@2]
08-05 20:11:09.851 12674 12685 I art     : WaitForGcToComplete blocked for 54.513ms for cause HeapTrim
08-05 20:11:09.851   918  3263 D ConnectivityService: releasing NetworkRequest NetworkRequest [ id=3543, legacyType=-1, [ Capabilities: INTERNET&NOT_RESTRICTED&TRUSTED] ]
08-05 20:11:09.885 12674 12686 I art     : Starting a blocking GC Explicit
08-05 20:11:09.892 12674 12674 D FeedMenuHandler: Preparing options menu
08-05 20:11:09.956 12674 12686 I art     : Explicit concurrent mark sweep GC freed 3854(163KB) AllocSpace objects, 0(0B) LOS objects, 23% free, 53MB/69MB, paused 3.792ms total 71.381ms
08-05 20:11:09.963 12674 12694 W PodDBAdapter: Length of id array is larger than 800. Creating multiple cursors
08-05 20:11:09.982 12674 13623 D ApOkHttpUrlLoader: buildLoadData() called with: model = [http://static.libsyn.com/p/assets/7/1/f/3/71f3014e14ef2722/JREiTunesImage2.jpg], width = [1440], height = [462]
08-05 20:11:10.016 13866 13866 I GoogleInputMethodServic: GoogleInputMethodService.onFinishInput():3138 
08-05 20:11:10.017 13866 13866 I GoogleInputMethodServic: GoogleInputMethodService.onStartInput():1808 
08-05 20:11:10.070 12674 12694 D DBReader: getFavoriteIDList() called
08-05 20:11:10.071 12674 12694 D DBReader: getQueueIDList() called
08-05 20:11:10.073 12674 12694 D DBReader: Extracting Feedlist
08-05 20:11:10.078 12674 13623 D ApOkHttpUrlLoader: buildLoadData() called with: model = [http://static.libsyn.com/p/assets/7/1/f/3/71f3014e14ef2722/JREiTunesImage2.jpg], width = [1440], height = [462]
08-05 20:11:10.108 12674 12674 D FeedMenuHandler: Preparing options menu
08-05 20:11:10.157 13866 13882 I PeriodicStatsRunner: PeriodicStatsRunner.call():175 call()
08-05 20:11:10.157 13866 13882 I PeriodicStatsRunner: PeriodicStatsRunner.call():179 No submit PeriodicStats since input started.
08-05 20:11:10.351 12674 12696 I art     : Starting a blocking GC Explicit
08-05 20:11:10.445 12674 12696 I art     : Explicit concurrent mark sweep GC freed 43703(2MB) AllocSpace objects, 9(3MB) LOS objects, 22% free, 53MB/69MB, paused 2.482ms total 93.640ms
08-05 20:11:10.470 12674 12696 I art     : Starting a blocking GC Explicit
08-05 20:11:10.536 12674 12696 I art     : Explicit concurrent mark sweep GC freed 1338(85KB) AllocSpace objects, 0(0B) LOS objects, 22% free, 53MB/69MB, paused 2.083ms total 65.616ms
08-05 20:11:10.559 12674 12696 I art     : Starting a blocking GC Explicit
08-05 20:11:10.626 12674 12696 I art     : Explicit concurrent mark sweep GC freed 3(96B) AllocSpace objects, 0(0B) LOS objects, 22% free, 53MB/69MB, paused 2.059ms total 66.113ms
08-05 20:11:10.649 12674 12696 I art     : Starting a blocking GC Explicit
08-05 20:11:10.652   918  3261 D WifiStateMachine: starting scan for "H369AA63323"WPA_PSK with 2412,5180
08-05 20:11:10.664   518   646 I ThermalEngine: ACTION: GPU - Setting GPU[0] to 450000000
08-05 20:11:10.711 12674 12696 I art     : Explicit concurrent mark sweep GC freed 3(96B) AllocSpace objects, 0(0B) LOS objects, 22% free, 53MB/69MB, paused 1.438ms total 61.128ms
08-05 20:11:10.725 12674 12696 I art     : Starting a blocking GC Explicit
08-05 20:11:10.776 12674 12696 I art     : Explicit concurrent mark sweep GC freed 3(96B) AllocSpace objects, 0(0B) LOS objects, 22% free, 53MB/69MB, paused 1.441ms total 50.191ms
08-05 20:11:11.145 12674 13826 I art     : Starting a blocking GC Explicit
08-05 20:11:11.202 12674 13826 I art     : Explicit concurrent mark sweep GC freed 1410(81KB) AllocSpace objects, 1(20KB) LOS objects, 22% free, 53MB/69MB, paused 1.447ms total 56.773ms
08-05 20:11:11.217 12674 13826 I art     : Starting a blocking GC Explicit
08-05 20:11:11.266 12674 13826 I art     : Explicit concurrent mark sweep GC freed 23(768B) AllocSpace objects, 0(0B) LOS objects, 22% free, 53MB/69MB, paused 1.397ms total 48.778ms
08-05 20:11:11.281 12674 13826 I art     : Starting a blocking GC Explicit
08-05 20:11:11.332 12674 13826 I art     : Explicit concurrent mark sweep GC freed 3(96B) AllocSpace objects, 0(0B) LOS objects, 22% free, 53MB/69MB, paused 1.420ms total 50.492ms
08-05 20:11:11.346 12674 13826 I art     : Starting a blocking GC Explicit
08-05 20:11:11.396 12674 13826 I art     : Explicit concurrent mark sweep GC freed 3(96B) AllocSpace objects, 0(0B) LOS objects, 22% free, 53MB/69MB, paused 1.435ms total 49.327ms
08-05 20:11:11.410 12674 13826 I art     : Starting a blocking GC Explicit
08-05 20:11:11.462 12674 13826 I art     : Explicit concurrent mark sweep GC freed 4(128B) AllocSpace objects, 0(0B) LOS objects, 22% free, 53MB/69MB, paused 1.741ms total 51.490ms
08-05 20:11:11.649 15460 15460 D AndroidRuntime: >>>>>> START com.android.internal.os.RuntimeInit uid 2000 <<<<<<
08-05 20:11:11.656 15460 15460 D AndroidRuntime: CheckJNI is OFF
08-05 20:11:11.698 15460 15460 D ICU     : No timezone override file found: /data/misc/zoneinfo/current/icu/icu_tzdata.dat
08-05 20:11:11.739 15460 15460 I Radio-JNI: register_android_hardware_Radio DONE
08-05 20:11:11.768 15460 15460 D AndroidRuntime: Calling main entry com.android.commands.input.Input
08-05 20:11:11.770 15460 15460 I Input   : injectMotionEvent: MotionEvent { action=ACTION_DOWN, actionButton=0, id[0]=0, x[0]=103.0, y[0]=192.0, toolType[0]=TOOL_TYPE_UNKNOWN, buttonState=0, metaState=0, flags=0x0, edgeFlags=0x0, pointerCount=1, historySize=0, eventTime=821488182, downTime=821488182, deviceId=0, source=0x1002 }
08-05 20:11:11.774 15460 15460 I Input   : injectMotionEvent: MotionEvent { action=ACTION_UP, actionButton=0, id[0]=0, x[0]=103.0, y[0]=192.0, toolType[0]=TOOL_TYPE_UNKNOWN, buttonState=0, metaState=0, flags=0x0, edgeFlags=0x0, pointerCount=1, historySize=0, eventTime=821488182, downTime=821488182, deviceId=0, source=0x1002 }
08-05 20:11:11.775 15460 15460 D AndroidRuntime: Shutting down VM
08-05 20:11:11.783   512  2967 D audio_hw_primary: out_set_parameters: enter: usecase(1: low-latency-playback) kvpairs: routing=2
08-05 20:11:11.795   512  2967 D audio_hw_primary: select_devices: out_snd_device(2: speaker) in_snd_device(0: none)
08-05 20:11:11.796   512  2967 D msm8974_platform: platform_send_audio_calibration: sending audio calibration for snd_device(2) acdb_id(15)
08-05 20:11:11.796   512  2967 I soundtrigger: audio_extn_sound_trigger_update_device_status: device 0x2 of type 0 for Event 1
08-05 20:11:11.805   512  2967 D audio_hw_primary: enable_snd_device: snd_device(2: speaker)
08-05 20:11:11.808   512  2967 D audio_hw_primary: enable_audio_route: apply and update mixer path: low-latency-playback speaker
08-05 20:11:11.844 12674 13232 I art     : Starting a blocking GC Explicit
08-05 20:11:11.897 12674 13232 I art     : Explicit concurrent mark sweep GC freed 1862(105KB) AllocSpace objects, 1(20KB) LOS objects, 22% free, 53MB/69MB, paused 1.365ms total 52.555ms
08-05 20:11:11.913 12674 13232 I art     : Starting a blocking GC Explicit
08-05 20:11:11.964 12674 13232 I art     : Explicit concurrent mark sweep GC freed 35(1296B) AllocSpace objects, 0(0B) LOS objects, 22% free, 53MB/69MB, paused 1.390ms total 50.576ms
08-05 20:11:11.980 12674 13232 I art     : Starting a blocking GC Explicit
08-05 20:11:12.029 12674 13232 I art     : Explicit concurrent mark sweep GC freed 3(96B) AllocSpace objects, 0(0B) LOS objects, 22% free, 53MB/69MB, paused 1.367ms total 49.413ms
08-05 20:11:12.045 12674 13232 I art     : Starting a blocking GC Explicit
08-05 20:11:12.095 12674 13232 I art     : Explicit concurrent mark sweep GC freed 5(160B) AllocSpace objects, 0(0B) LOS objects, 22% free, 53MB/69MB, paused 1.417ms total 50.102ms
08-05 20:11:12.111 12674 13232 I art     : Starting a blocking GC Explicit
08-05 20:11:12.162 12674 13232 I art     : Explicit concurrent mark sweep GC freed 3(96B) AllocSpace objects, 0(0B) LOS objects, 22% free, 53MB/69MB, paused 1.527ms total 50.513ms
08-05 20:11:12.348   512  2967 D audio_hw_primary: disable_audio_route: reset and update mixer path: low-latency-playback speaker
08-05 20:11:12.350   512  2967 D audio_hw_primary: disable_snd_device: snd_device(2: speaker)
08-05 20:11:12.359   512  2967 I soundtrigger: audio_extn_sound_trigger_update_device_status: device 0x2 of type 0 for Event 0
08-05 20:11:12.520 12674 12687 I art     : Starting a blocking GC Explicit
08-05 20:11:12.578 12674 12687 I art     : Explicit concurrent mark sweep GC freed 1429(84KB) AllocSpace objects, 1(20KB) LOS objects, 22% free, 53MB/69MB, paused 1.630ms total 57.652ms
08-05 20:11:12.595 12674 12687 I art     : Starting a blocking GC Explicit
08-05 20:11:12.648 12674 12687 I art     : Explicit concurrent mark sweep GC freed 27(880B) AllocSpace objects, 0(0B) LOS objects, 22% free, 53MB/69MB, paused 1.540ms total 52.745ms
08-05 20:11:12.663 12674 12687 I art     : Starting a blocking GC Explicit
08-05 20:11:12.715 12674 12687 I art     : Explicit concurrent mark sweep GC freed 3(96B) AllocSpace objects, 0(0B) LOS objects, 22% free, 53MB/69MB, paused 1.438ms total 51.523ms
08-05 20:11:12.730 12674 12687 I art     : Starting a blocking GC Explicit
08-05 20:11:12.781 12674 12687 I art     : Explicit concurrent mark sweep GC freed 32(880B) AllocSpace objects, 0(0B) LOS objects, 22% free, 53MB/69MB, paused 1.424ms total 51.196ms
08-05 20:11:12.797 12674 12687 I art     : Starting a blocking GC Explicit
08-05 20:11:12.849 12674 12687 I art     : Explicit concurrent mark sweep GC freed 3(96B) AllocSpace objects, 0(0B) LOS objects, 22% free, 53MB/69MB, paused 1.487ms total 51.662ms
08-05 20:11:13.188 12674 13232 I art     : Starting a blocking GC Explicit
08-05 20:11:13.250 12674 13232 I art     : Explicit concurrent mark sweep GC freed 2084(107KB) AllocSpace objects, 1(20KB) LOS objects, 22% free, 53MB/69MB, paused 1.667ms total 61.350ms
08-05 20:11:13.268 12674 13232 I art     : Starting a blocking GC Explicit
08-05 20:11:13.319 12674 13232 I art     : Explicit concurrent mark sweep GC freed 23(752B) AllocSpace objects, 0(0B) LOS objects, 22% free, 53MB/69MB, paused 1.494ms total 50.878ms
08-05 20:11:13.334 12674 13232 I art     : Starting a blocking GC Explicit
08-05 20:11:13.384 12674 13232 I art     : Explicit concurrent mark sweep GC freed 3(96B) AllocSpace objects, 0(0B) LOS objects, 22% free, 53MB/69MB, paused 1.432ms total 50.018ms
08-05 20:11:13.399 12674 13232 I art     : Starting a blocking GC Explicit
08-05 20:11:13.449 12674 13232 I art     : Explicit concurrent mark sweep GC freed 5(160B) AllocSpace objects, 0(0B) LOS objects, 22% free, 53MB/69MB, paused 1.421ms total 49.294ms
08-05 20:11:13.465 12674 13232 I art     : Starting a blocking GC Explicit
08-05 20:11:13.513 12674 13232 I art     : Explicit concurrent mark sweep GC freed 12(384B) AllocSpace objects, 0(0B) LOS objects, 22% free, 53MB/69MB, paused 1.445ms total 47.666ms
08-05 20:11:13.576 15496 15496 D AndroidRuntime: >>>>>> START com.android.internal.os.RuntimeInit uid 2000 <<<<<<
08-05 20:11:13.583 15496 15496 D AndroidRuntime: CheckJNI is OFF
08-05 20:11:13.623 15496 15496 D ICU     : No timezone override file found: /data/misc/zoneinfo/current/icu/icu_tzdata.dat
08-05 20:11:13.666 15496 15496 I Radio-JNI: register_android_hardware_Radio DONE
08-05 20:11:13.694 15496 15496 D AndroidRuntime: Calling main entry com.android.commands.input.Input
08-05 20:11:13.696 15496 15496 I Input   : injectMotionEvent: MotionEvent { action=ACTION_DOWN, actionButton=0, id[0]=0, x[0]=409.0, y[0]=1034.0, toolType[0]=TOOL_TYPE_UNKNOWN, buttonState=0, metaState=0, flags=0x0, edgeFlags=0x0, pointerCount=1, historySize=0, eventTime=821490109, downTime=821490109, deviceId=0, source=0x1002 }
08-05 20:11:13.701 15496 15496 I Input   : injectMotionEvent: MotionEvent { action=ACTION_UP, actionButton=0, id[0]=0, x[0]=409.0, y[0]=1034.0, toolType[0]=TOOL_TYPE_UNKNOWN, buttonState=0, metaState=0, flags=0x0, edgeFlags=0x0, pointerCount=1, historySize=0, eventTime=821490109, downTime=821490109, deviceId=0, source=0x1002 }
08-05 20:11:13.703 15496 15496 D AndroidRuntime: Shutting down VM
08-05 20:11:13.767 12674 12674 D MainActivity: loadFragment(index: 5, args: null)
08-05 20:11:13.767 12674 12674 D MainActivity: loadFragment(tag: AddFeedFragment, args: null)
08-05 20:11:13.768 12674 12674 D MainActivity: saveLastNavFragment(tag: AddFeedFragment)
08-05 20:11:13.768 12674 12674 D MainActivity: getLastNavFragment() -> AddFeedFragment
08-05 20:11:13.771   512  2967 D audio_hw_primary: out_set_parameters: enter: usecase(1: low-latency-playback) kvpairs: routing=2
08-05 20:11:13.784   512  2967 D audio_hw_primary: select_devices: out_snd_device(2: speaker) in_snd_device(0: none)
08-05 20:11:13.784   512  2967 D msm8974_platform: platform_send_audio_calibration: sending audio calibration for snd_device(2) acdb_id(15)
08-05 20:11:13.784   512  2967 I soundtrigger: audio_extn_sound_trigger_update_device_status: device 0x2 of type 0 for Event 1
08-05 20:11:13.793   512  2967 D audio_hw_primary: enable_snd_device: snd_device(2: speaker)
08-05 20:11:13.795   512  2967 D audio_hw_primary: enable_audio_route: apply and update mixer path: low-latency-playback speaker
08-05 20:11:13.813 13866 13866 I GoogleInputMethodServic: GoogleInputMethodService.onFinishInput():3138 
08-05 20:11:13.814 13866 13866 I GoogleInputMethodServic: GoogleInputMethodService.onStartInput():1808 
08-05 20:11:13.876 12674 13826 I art     : Starting a blocking GC Explicit
08-05 20:11:13.930 12674 13826 I art     : Explicit concurrent mark sweep GC freed 4722(232KB) AllocSpace objects, 2(40KB) LOS objects, 22% free, 53MB/69MB, paused 2.052ms total 54.582ms
08-05 20:11:13.946 12674 13826 I art     : Starting a blocking GC Explicit
08-05 20:11:13.987 12674 13826 I art     : Explicit concurrent mark sweep GC freed 31523(2MB) AllocSpace objects, 9(3MB) LOS objects, 24% free, 48MB/64MB, paused 1.339ms total 40.303ms
08-05 20:11:13.999 12674 13826 I art     : Starting a blocking GC Explicit
08-05 20:11:14.034 12674 13826 I art     : Explicit concurrent mark sweep GC freed 7(224B) AllocSpace objects, 0(0B) LOS objects, 24% free, 48MB/64MB, paused 1.522ms total 35.614ms
08-05 20:11:14.046 12674 13826 I art     : Starting a blocking GC Explicit
08-05 20:11:14.082 12674 13826 I art     : Explicit concurrent mark sweep GC freed 3(96B) AllocSpace objects, 0(0B) LOS objects, 24% free, 48MB/64MB, paused 1.306ms total 35.696ms
08-05 20:11:14.094 12674 13826 I art     : Starting a blocking GC Explicit
08-05 20:11:14.130 12674 13826 I art     : Explicit concurrent mark sweep GC freed 3(96B) AllocSpace objects, 0(0B) LOS objects, 24% free, 48MB/64MB, paused 1.592ms total 35.620ms
08-05 20:11:14.209 13866 13866 I GoogleInputMethodServic: GoogleInputMethodService.onFinishInput():3138 
08-05 20:11:14.210 13866 13866 I GoogleInputMethodServic: GoogleInputMethodService.onStartInput():1808 
08-05 20:11:14.339   512  2967 D audio_hw_primary: disable_audio_route: reset and update mixer path: low-latency-playback speaker
08-05 20:11:14.341   512  2967 D audio_hw_primary: disable_snd_device: snd_device(2: speaker)
08-05 20:11:14.351   512  2967 I soundtrigger: audio_extn_sound_trigger_update_device_status: device 0x2 of type 0 for Event 0
08-05 20:11:14.484 12674 12686 I art     : Starting a blocking GC Explicit
08-05 20:11:14.526 12674 12686 I art     : Explicit concurrent mark sweep GC freed 1639(92KB) AllocSpace objects, 1(20KB) LOS objects, 24% free, 48MB/64MB, paused 1.351ms total 41.950ms
08-05 20:11:14.541 12674 12686 I art     : Starting a blocking GC Explicit
08-05 20:11:14.578 12674 12686 I art     : Explicit concurrent mark sweep GC freed 114(6KB) AllocSpace objects, 0(0B) LOS objects, 24% free, 48MB/64MB, paused 1.421ms total 37.119ms
08-05 20:11:14.591 12674 12686 I art     : Starting a blocking GC Explicit
08-05 20:11:14.629 12674 12686 I art     : Explicit concurrent mark sweep GC freed 3(96B) AllocSpace objects, 0(0B) LOS objects, 24% free, 48MB/64MB, paused 1.447ms total 37.745ms
08-05 20:11:14.641 12674 12686 I art     : Starting a blocking GC Explicit
08-05 20:11:14.674   518   646 I ThermalEngine: ACTION: GPU - Setting GPU[0] to 390000000
08-05 20:11:14.691 12674 12686 I art     : Explicit concurrent mark sweep GC freed 5(160B) AllocSpace objects, 0(0B) LOS objects, 24% free, 48MB/64MB, paused 2.610ms total 48.800ms
08-05 20:11:14.711 12674 12686 I art     : Starting a blocking GC Explicit
08-05 20:11:14.763 12674 12686 I art     : Explicit concurrent mark sweep GC freed 3(96B) AllocSpace objects, 0(0B) LOS objects, 24% free, 48MB/64MB, paused 2.050ms total 50.923ms
08-05 20:11:15.026 13866 13882 I PeriodicStatsRunner: PeriodicStatsRunner.call():175 call()
08-05 20:11:15.027 13866 13882 I PeriodicStatsRunner: PeriodicStatsRunner.call():179 No submit PeriodicStats since input started.
08-05 20:11:15.144 12674 12696 I art     : Starting a blocking GC Explicit
08-05 20:11:15.196 12674 12696 I art     : Explicit concurrent mark sweep GC freed 1410(83KB) AllocSpace objects, 1(20KB) LOS objects, 24% free, 48MB/64MB, paused 2.191ms total 50.736ms
08-05 20:11:15.216 12674 12696 I art     : Starting a blocking GC Explicit
08-05 20:11:15.265 12674 12696 I art     : Explicit concurrent mark sweep GC freed 23(752B) AllocSpace objects, 0(0B) LOS objects, 24% free, 48MB/64MB, paused 2.174ms total 48.881ms
08-05 20:11:15.283 12674 12696 I art     : Starting a blocking GC Explicit
08-05 20:11:15.333 12674 12696 I art     : Explicit concurrent mark sweep GC freed 22(1104B) AllocSpace objects, 0(0B) LOS objects, 24% free, 48MB/64MB, paused 2.208ms total 49.308ms
08-05 20:11:15.353 12674 12696 I art     : Starting a blocking GC Explicit
08-05 20:11:15.403 12674 12696 I art     : Explicit concurrent mark sweep GC freed 9(320B) AllocSpace objects, 0(0B) LOS objects, 24% free, 48MB/64MB, paused 2.225ms total 50.452ms
08-05 20:11:15.423 12674 12696 I art     : Starting a blocking GC Explicit
08-05 20:11:15.477 12674 12696 I art     : Explicit concurrent mark sweep GC freed 8(256B) AllocSpace objects, 0(0B) LOS objects, 24% free, 48MB/64MB, paused 2.925ms total 53.957ms
08-05 20:11:15.597 15541 15541 D AndroidRuntime: >>>>>> START com.android.internal.os.RuntimeInit uid 2000 <<<<<<
08-05 20:11:15.603 15541 15541 D AndroidRuntime: CheckJNI is OFF
08-05 20:11:15.668 15541 15541 D ICU     : No timezone override file found: /data/misc/zoneinfo/current/icu/icu_tzdata.dat
08-05 20:11:15.725 15541 15541 I Radio-JNI: register_android_hardware_Radio DONE
08-05 20:11:15.755 15541 15541 D AndroidRuntime: Calling main entry com.android.commands.input.Input
08-05 20:11:15.757 15541 15541 I Input   : injectMotionEvent: MotionEvent { action=ACTION_DOWN, actionButton=0, id[0]=0, x[0]=603.0, y[0]=1061.0, toolType[0]=TOOL_TYPE_UNKNOWN, buttonState=0, metaState=0, flags=0x0, edgeFlags=0x0, pointerCount=1, historySize=0, eventTime=821492170, downTime=821492170, deviceId=0, source=0x1002 }
08-05 20:11:15.763 15541 15541 I Input   : injectMotionEvent: MotionEvent { action=ACTION_UP, actionButton=0, id[0]=0, x[0]=603.0, y[0]=1061.0, toolType[0]=TOOL_TYPE_UNKNOWN, buttonState=0, metaState=0, flags=0x0, edgeFlags=0x0, pointerCount=1, historySize=0, eventTime=821492170, downTime=821492170, deviceId=0, source=0x1002 }
08-05 20:11:15.765 15541 15541 D AndroidRuntime: Shutting down VM
08-05 20:11:15.774   512  2967 D audio_hw_primary: out_set_parameters: enter: usecase(1: low-latency-playback) kvpairs: routing=2
08-05 20:11:15.787   512  2967 D audio_hw_primary: select_devices: out_snd_device(2: speaker) in_snd_device(0: none)
08-05 20:11:15.787   512  2967 D msm8974_platform: platform_send_audio_calibration: sending audio calibration for snd_device(2) acdb_id(15)
08-05 20:11:15.787   512  2967 I soundtrigger: audio_extn_sound_trigger_update_device_status: device 0x2 of type 0 for Event 1
08-05 20:11:15.798   512  2967 D audio_hw_primary: enable_snd_device: snd_device(2: speaker)
08-05 20:11:15.801   512  2967 D audio_hw_primary: enable_audio_route: apply and update mixer path: low-latency-playback speaker
08-05 20:11:15.865 13866 13866 I GoogleInputMethodServic: GoogleInputMethodService.onFinishInput():3138 
08-05 20:11:15.867 13866 13866 I GoogleInputMethodServic: GoogleInputMethodService.onStartInput():1808 
08-05 20:11:15.876 12674 12686 I art     : Starting a blocking GC Explicit
08-05 20:11:15.934 12674 12686 I art     : Explicit concurrent mark sweep GC freed 4899(343KB) AllocSpace objects, 1(20KB) LOS objects, 24% free, 49MB/65MB, paused 2.523ms total 57.185ms
08-05 20:11:15.953 12674 12686 I art     : Starting a blocking GC Explicit
08-05 20:11:16.005 12674 12686 I art     : Explicit concurrent mark sweep GC freed 1773(89KB) AllocSpace objects, 1(220KB) LOS objects, 24% free, 49MB/65MB, paused 2.545ms total 50.864ms
08-05 20:11:16.023 12674 12686 I art     : Starting a blocking GC Explicit
08-05 20:11:16.074 12674 12686 I art     : Explicit concurrent mark sweep GC freed 73(3KB) AllocSpace objects, 0(0B) LOS objects, 24% free, 49MB/65MB, paused 2.822ms total 51.421ms
08-05 20:11:16.093 12674 12686 I art     : Starting a blocking GC Explicit
08-05 20:11:16.143 12674 12686 I art     : Explicit concurrent mark sweep GC freed 47(1792B) AllocSpace objects, 0(0B) LOS objects, 24% free, 49MB/65MB, paused 2.466ms total 50.234ms
08-05 20:11:16.161 12674 12686 I art     : Starting a blocking GC Explicit
08-05 20:11:16.211 12674 12686 I art     : Explicit concurrent mark sweep GC freed 45(1696B) AllocSpace objects, 0(0B) LOS objects, 24% free, 49MB/65MB, paused 3.091ms total 50.124ms
08-05 20:11:16.348   512  2967 D audio_hw_primary: disable_audio_route: reset and update mixer path: low-latency-playback speaker
08-05 20:11:16.350   512  2967 D audio_hw_primary: disable_snd_device: snd_device(2: speaker)
08-05 20:11:16.359   512  2967 I soundtrigger: audio_extn_sound_trigger_update_device_status: device 0x2 of type 0 for Event 0
08-05 20:11:16.604 12674 13826 I art     : Starting a blocking GC Explicit
08-05 20:11:16.659 12674 15573 I NAPPA_EXPERIMENTATION: MetricNetworkRequestExecutionTime: REQUEST_DURATION_SYSTEM='814',REQUEST_DURATION_OKHTTP='41',REQUEST_SYNCHRONOUS='TRUE',RESPONSE_CODE='200',RESPONSE_METHOD='GET',RESPONSE_LENGTH_OKHTTP='37507',RESPONSE_LENGTH_HEADER='37507',REQUEST_PROTOCOL='http/1.1',REQUEST_URL='https://gpodder.net/toplist/50.json',
08-05 20:11:16.660 12674 13826 I art     : Explicit concurrent mark sweep GC freed 4729(212KB) AllocSpace objects, 1(20KB) LOS objects, 24% free, 49MB/65MB, paused 2.623ms total 54.960ms
08-05 20:11:16.678 12674 13826 I art     : Starting a blocking GC Explicit
08-05 20:11:16.689 12674 15574 I NAPPA_EXPERIMENTATION: MetricNetworkRequestExecutionTime: REQUEST_DURATION_SYSTEM='837',REQUEST_DURATION_OKHTTP='67',REQUEST_SYNCHRONOUS='TRUE',RESPONSE_CODE='200',RESPONSE_METHOD='GET',RESPONSE_LENGTH_OKHTTP='2923',RESPONSE_LENGTH_HEADER='2923',REQUEST_PROTOCOL='http/1.1',REQUEST_URL='https://gpodder.net/api/2/tags/50.json',
08-05 20:11:16.708 12674 13623 D ApOkHttpUrlLoader: buildLoadData() called with: model = [http://sixgun.org/files/linuxoutlaws.jpg], width = [224], height = [224]
08-05 20:11:16.710 12674 13433 D DBReader: getImageAuthentication() called with: imageUrl = [http://sixgun.org/files/linuxoutlaws.jpg]
08-05 20:11:16.714 12674 13433 D ApOkHttpUrlLoader: no credentials for 'http://sixgun.org/files/linuxoutlaws.jpg'
08-05 20:11:16.730 12674 13826 I art     : Explicit concurrent mark sweep GC freed 4955(367KB) AllocSpace objects, 3(192KB) LOS objects, 24% free, 49MB/65MB, paused 3.084ms total 52.451ms
08-05 20:11:16.732 12674 13623 D ApOkHttpUrlLoader: buildLoadData() called with: model = [https://files.thisamericanlife.org/sites/all/themes/thislife/img/tal-name-1400x1400.png], width = [224], height = [224]
08-05 20:11:16.735 12674 13431 D DBReader: getImageAuthentication() called with: imageUrl = [https://files.thisamericanlife.org/sites/all/themes/thislife/img/tal-name-1400x1400.png]
08-05 20:11:16.739 12674 13431 D ApOkHttpUrlLoader: no credentials for 'https://files.thisamericanlife.org/sites/all/themes/thislife/img/tal-name-1400x1400.png'
08-05 20:11:16.741 12674 13623 D ApOkHttpUrlLoader: buildLoadData() called with: model = [https://elroy.twit.tv/sites/default/files/styles/twit_album_art_2048x2048/public/images/shows/floss_weekly/album_art/audio/floss_albumart_mask.jpg?itok=IUjxKpwt], width = [224], height = [224]
08-05 20:11:16.744 12674 13426 D DBReader: getImageAuthentication() called with: imageUrl = [https://elroy.twit.tv/sites/default/files/styles/twit_album_art_2048x2048/public/images/shows/floss_weekly/album_art/audio/floss_albumart_mask.jpg?itok=IUjxKpwt]
08-05 20:11:16.748 12674 13826 I art     : Starting a blocking GC Explicit
08-05 20:11:16.752 12674 13426 D ApOkHttpUrlLoader: no credentials for 'https://elroy.twit.tv/sites/default/files/styles/twit_album_art_2048x2048/public/images/shows/floss_weekly/album_art/audio/floss_albumart_mask.jpg?itok=IUjxKpwt'
08-05 20:11:16.756 12674 13623 D ApOkHttpUrlLoader: buildLoadData() called with: model = [http://ichef.bbci.co.uk/images/ic/3000x3000/p07kfvzb.jpg], width = [224], height = [224]
08-05 20:11:16.758 12674 13433 D DBWriter: updateFeedDownloadURL(original: http://sixgun.org/files/linuxoutlaws.jpg, updated: https://fab.industries/sixgun/files/linuxoutlaws.jpg)
08-05 20:11:16.759 12674 13435 D DBReader: getImageAuthentication() called with: imageUrl = [http://ichef.bbci.co.uk/images/ic/3000x3000/p07kfvzb.jpg]
08-05 20:11:16.766 12674 13435 D ApOkHttpUrlLoader: no credentials for 'http://ichef.bbci.co.uk/images/ic/3000x3000/p07kfvzb.jpg'
08-05 20:11:16.771 12674 13623 D ApOkHttpUrlLoader: buildLoadData() called with: model = [https://pl.tedcdn.com/rss_feed_images/ted_talks_main_podcast/video.png], width = [224], height = [224]
08-05 20:11:16.773 12674 13434 D DBReader: getImageAuthentication() called with: imageUrl = [https://pl.tedcdn.com/rss_feed_images/ted_talks_main_podcast/video.png]
08-05 20:11:16.778 12674 13434 D ApOkHttpUrlLoader: no credentials for 'https://pl.tedcdn.com/rss_feed_images/ted_talks_main_podcast/video.png'
08-05 20:11:16.783 12674 13623 D ApOkHttpUrlLoader: buildLoadData() called with: model = [https://elroy.twit.tv/sites/default/files/styles/twit_album_art_2048x2048/public/images/shows/this_week_in_tech/album_art/audio/twit1400audio.jpg?itok=J0vhatZb], width = [224], height = [224]
08-05 20:11:16.787 12674 13436 D DBReader: getImageAuthentication() called with: imageUrl = [https://elroy.twit.tv/sites/default/files/styles/twit_album_art_2048x2048/public/images/shows/this_week_in_tech/album_art/audio/twit1400audio.jpg?itok=J0vhatZb]
08-05 20:11:16.791 12674 13436 D ApOkHttpUrlLoader: no credentials for 'https://elroy.twit.tv/sites/default/files/styles/twit_album_art_2048x2048/public/images/shows/this_week_in_tech/album_art/audio/twit1400audio.jpg?itok=J0vhatZb'
08-05 20:11:16.794 12674 13623 D ApOkHttpUrlLoader: buildLoadData() called with: model = [http://ichef.bbci.co.uk/images/ic/3000x3000/p03gtk3j.jpg], width = [224], height = [224]
08-05 20:11:16.796 12674 13429 D DBReader: getImageAuthentication() called with: imageUrl = [http://ichef.bbci.co.uk/images/ic/3000x3000/p03gtk3j.jpg]
08-05 20:11:16.802 12674 13826 I art     : Explicit concurrent mark sweep GC freed 2390(172KB) AllocSpace objects, 0(0B) LOS objects, 24% free, 49MB/65MB, paused 3.493ms total 54.202ms
08-05 20:11:16.804 12674 13429 D ApOkHttpUrlLoader: no credentials for 'http://ichef.bbci.co.uk/images/ic/3000x3000/p03gtk3j.jpg'
08-05 20:11:16.819 12674 13826 I art     : Starting a blocking GC Explicit
08-05 20:11:16.841 12674 13435 D MYTAG   : interceptor 2a
08-05 20:11:16.842 12674 13435 I NAPPA_EXPERIMENTATION: MetricNetworkRequestExecutionTime: REQUEST_DURATION_SYSTEM='74',REQUEST_DURATION_OKHTTP='69',REQUEST_SYNCHRONOUS='TRUE',RESPONSE_CODE='200',RESPONSE_METHOD='GET',RESPONSE_LENGTH_OKHTTP='589826',RESPONSE_LENGTH_HEADER='589826',REQUEST_PROTOCOL='http/1.1',REQUEST_URL='http://ichef.bbci.co.uk/images/ic/3000x3000/p07kfvzb.jpg',
08-05 20:11:16.871 12674 13826 I art     : Explicit concurrent mark sweep GC freed 1301(96KB) AllocSpace objects, 0(0B) LOS objects, 24% free, 49MB/65MB, paused 2.815ms total 51.607ms
08-05 20:11:16.888 12674 13826 I art     : Starting a blocking GC Explicit
08-05 20:11:16.902 12674 13429 D MYTAG   : interceptor 2a
08-05 20:11:16.903 12674 13429 I NAPPA_EXPERIMENTATION: MetricNetworkRequestExecutionTime: REQUEST_DURATION_SYSTEM='98',REQUEST_DURATION_OKHTTP='94',REQUEST_SYNCHRONOUS='TRUE',RESPONSE_CODE='200',RESPONSE_METHOD='GET',RESPONSE_LENGTH_OKHTTP='814284',RESPONSE_LENGTH_HEADER='814284',REQUEST_PROTOCOL='http/1.1',REQUEST_URL='http://ichef.bbci.co.uk/images/ic/3000x3000/p03gtk3j.jpg',
08-05 20:11:16.945 12674 13826 I art     : Explicit concurrent mark sweep GC freed 1451(73KB) AllocSpace objects, 0(0B) LOS objects, 24% free, 49MB/65MB, paused 3.688ms total 56.292ms
08-05 20:11:17.043 12674 13431 D MYTAG   : interceptor 2a
08-05 20:11:17.043 12674 13431 I NAPPA_EXPERIMENTATION: MetricNetworkRequestExecutionTime: REQUEST_DURATION_SYSTEM='303',REQUEST_DURATION_OKHTTP='66',REQUEST_SYNCHRONOUS='TRUE',RESPONSE_CODE='200',RESPONSE_METHOD='GET',RESPONSE_LENGTH_OKHTTP='52553',RESPONSE_LENGTH_HEADER='52553',REQUEST_PROTOCOL='http/1.1',REQUEST_URL='https://files.thisamericanlife.org/sites/all/themes/thislife/img/tal-name-1400x1400.png',
08-05 20:11:17.169 12674 13426 D MYTAG   : interceptor 2a
08-05 20:11:17.169 12674 13426 I NAPPA_EXPERIMENTATION: MetricNetworkRequestExecutionTime: REQUEST_DURATION_SYSTEM='417',REQUEST_DURATION_OKHTTP='181',REQUEST_SYNCHRONOUS='TRUE',RESPONSE_CODE='200',RESPONSE_METHOD='GET',RESPONSE_LENGTH_OKHTTP='297964',RESPONSE_LENGTH_HEADER='297964',REQUEST_PROTOCOL='h2',REQUEST_URL='https://elroy.twit.tv/sites/default/files/styles/twit_album_art_2048x2048/public/images/shows/floss_weekly/album_art/audio/floss_albumart_mask.jpg?itok=IUjxKpwt',
08-05 20:11:17.248 12674 13433 D MYTAG   : interceptor 2a
08-05 20:11:17.248 12674 13433 I NAPPA_EXPERIMENTATION: MetricNetworkRequestExecutionTime: REQUEST_DURATION_SYSTEM='534',REQUEST_DURATION_OKHTTP='269',REQUEST_SYNCHRONOUS='TRUE',RESPONSE_CODE='404',RESPONSE_METHOD='GET',RESPONSE_LENGTH_OKHTTP='-1',RESPONSE_LENGTH_HEADER='1503',REQUEST_PROTOCOL='h2',REQUEST_URL='https://fab.industries/sixgun/files/linuxoutlaws.jpg',
08-05 20:11:17.250 12674 12674 W Glide   : Load failed for http://sixgun.org/files/linuxoutlaws.jpg with size [224x224]
08-05 20:11:17.250 12674 12674 W Glide   : class com.bumptech.glide.load.engine.GlideException: Failed to load resource
08-05 20:11:17.250 12674 12674 W Glide   : There was 1 cause:
08-05 20:11:17.250 12674 12674 W Glide   : com.bumptech.glide.load.HttpException()
08-05 20:11:17.250 12674 12674 W Glide   :  call GlideException#logRootCauses(String) for more detail
08-05 20:11:17.250 12674 12674 W Glide   :   Cause (1 of 1): class com.bumptech.glide.load.engine.GlideException: Fetching data failed, class java.io.InputStream, REMOTE
08-05 20:11:17.250 12674 12674 W Glide   : There was 1 cause:
08-05 20:11:17.250 12674 12674 W Glide   : com.bumptech.glide.load.HttpException()
08-05 20:11:17.250 12674 12674 W Glide   :  call GlideException#logRootCauses(String) for more detail
08-05 20:11:17.250 12674 12674 W Glide   :     Cause (1 of 1): class com.bumptech.glide.load.HttpException: 
08-05 20:11:17.251 12674 12674 I Glide   : Root cause (1 of 1)
08-05 20:11:17.251 12674 12674 I Glide   : com.bumptech.glide.load.HttpException: 
08-05 20:11:17.251 12674 12674 I Glide   : 	at com.bumptech.glide.integration.okhttp3.OkHttpStreamFetcher.onResponse(OkHttpStreamFetcher.java:73)
08-05 20:11:17.251 12674 12674 I Glide   : 	at okhttp3.RealCall$AsyncCall.execute(RealCall.java:174)
08-05 20:11:17.251 12674 12674 I Glide   : 	at okhttp3.internal.NamedRunnable.run(NamedRunnable.java:32)
08-05 20:11:17.251 12674 12674 I Glide   : 	at java.util.concurrent.ThreadPoolExecutor.runWorker(ThreadPoolExecutor.java:1113)
08-05 20:11:17.251 12674 12674 I Glide   : 	at java.util.concurrent.ThreadPoolExecutor$Worker.run(ThreadPoolExecutor.java:588)
08-05 20:11:17.251 12674 12674 I Glide   : 	at java.lang.Thread.run(Thread.java:818)
08-05 20:11:17.252 12674 12674 W Glide   : Load failed for http://sixgun.org/files/linuxoutlaws.jpg with size [224x224]
08-05 20:11:17.252 12674 12674 W Glide   : class com.bumptech.glide.load.engine.GlideException: Failed to load resource
08-05 20:11:17.252 12674 12674 W Glide   : There was 1 cause:
08-05 20:11:17.252 12674 12674 W Glide   : com.bumptech.glide.load.HttpException()
08-05 20:11:17.252 12674 12674 W Glide   :  call GlideException#logRootCauses(String) for more detail
08-05 20:11:17.252 12674 12674 W Glide   :   Cause (1 of 1): class com.bumptech.glide.load.engine.GlideException: Fetching data failed, class java.io.InputStream, REMOTE
08-05 20:11:17.252 12674 12674 W Glide   : There was 1 cause:
08-05 20:11:17.252 12674 12674 W Glide   : com.bumptech.glide.load.HttpException()
08-05 20:11:17.252 12674 12674 W Glide   :  call GlideException#logRootCauses(String) for more detail
08-05 20:11:17.252 12674 12674 W Glide   :     Cause (1 of 1): class com.bumptech.glide.load.HttpException: 
08-05 20:11:17.252 12674 12674 I Glide   : Root cause (1 of 1)
08-05 20:11:17.252 12674 12674 I Glide   : com.bumptech.glide.load.HttpException: 
08-05 20:11:17.252 12674 12674 I Glide   : 	at com.bumptech.glide.integration.okhttp3.OkHttpStreamFetcher.onResponse(OkHttpStreamFetcher.java:73)
08-05 20:11:17.252 12674 12674 I Glide   : 	at okhttp3.RealCall$AsyncCall.execute(RealCall.java:174)
08-05 20:11:17.252 12674 12674 I Glide   : 	at okhttp3.internal.NamedRunnable.run(NamedRunnable.java:32)
08-05 20:11:17.252 12674 12674 I Glide   : 	at java.util.concurrent.ThreadPoolExecutor.runWorker(ThreadPoolExecutor.java:1113)
08-05 20:11:17.252 12674 12674 I Glide   : 	at java.util.concurrent.ThreadPoolExecutor$Worker.run(ThreadPoolExecutor.java:588)
08-05 20:11:17.252 12674 12674 I Glide   : 	at java.lang.Thread.run(Thread.java:818)
08-05 20:11:17.260 12674 13434 D MYTAG   : interceptor 2a
08-05 20:11:17.260 12674 13434 I NAPPA_EXPERIMENTATION: MetricNetworkRequestExecutionTime: REQUEST_DURATION_SYSTEM='482',REQUEST_DURATION_OKHTTP='252',REQUEST_SYNCHRONOUS='TRUE',RESPONSE_CODE='200',RESPONSE_METHOD='GET',RESPONSE_LENGTH_OKHTTP='89986',RESPONSE_LENGTH_HEADER='89986',REQUEST_PROTOCOL='h2',REQUEST_URL='https://pl.tedcdn.com/rss_feed_images/ted_talks_main_podcast/video.png',
08-05 20:11:17.316 12674 13436 D MYTAG   : interceptor 2a
08-05 20:11:17.317 12674 13436 I NAPPA_EXPERIMENTATION: MetricNetworkRequestExecutionTime: REQUEST_DURATION_SYSTEM='523',REQUEST_DURATION_OKHTTP='313',REQUEST_SYNCHRONOUS='TRUE',RESPONSE_CODE='200',RESPONSE_METHOD='GET',RESPONSE_LENGTH_OKHTTP='465707',RESPONSE_LENGTH_HEADER='465707',REQUEST_PROTOCOL='h2',REQUEST_URL='https://elroy.twit.tv/sites/default/files/styles/twit_album_art_2048x2048/public/images/shows/this_week_in_tech/album_art/audio/twit1400audio.jpg?itok=J0vhatZb',
08-05 20:11:17.386 12674 12696 I art     : Starting a blocking GC Explicit
08-05 20:11:17.443 12674 12696 I art     : Explicit concurrent mark sweep GC freed 12797(755KB) AllocSpace objects, 1(20KB) LOS objects, 23% free, 50MB/66MB, paused 2.572ms total 55.771ms
08-05 20:11:17.454 12674 13623 D ApOkHttpUrlLoader: buildLoadData() called with: model = [http://sixgun.org/files/linuxoutlaws.jpg], width = [224], height = [224]
08-05 20:11:17.458 12674 13436 D DBReader: getImageAuthentication() called with: imageUrl = [http://sixgun.org/files/linuxoutlaws.jpg]
08-05 20:11:17.462 12674 13436 D ApOkHttpUrlLoader: no credentials for 'http://sixgun.org/files/linuxoutlaws.jpg'
08-05 20:11:17.463 12674 12696 I art     : Starting a blocking GC Explicit
08-05 20:11:17.509 12674 13436 D DBWriter: updateFeedDownloadURL(original: http://sixgun.org/files/linuxoutlaws.jpg, updated: https://fab.industries/sixgun/files/linuxoutlaws.jpg)
08-05 20:11:17.517 12674 12696 I art     : Explicit concurrent mark sweep GC freed 1457(81KB) AllocSpace objects, 0(0B) LOS objects, 24% free, 50MB/66MB, paused 2.999ms total 53.792ms
08-05 20:11:17.534 12674 12696 I art     : Starting a blocking GC Explicit
08-05 20:11:17.584 12674 12696 I art     : Explicit concurrent mark sweep GC freed 402(18KB) AllocSpace objects, 0(0B) LOS objects, 24% free, 50MB/66MB, paused 2.966ms total 49.756ms
08-05 20:11:17.603 12674 12696 I art     : Starting a blocking GC Explicit
08-05 20:11:17.657 12674 13436 D MYTAG   : interceptor 2a
08-05 20:11:17.657 12674 12696 I art     : Explicit concurrent mark sweep GC freed 248(17KB) AllocSpace objects, 0(0B) LOS objects, 24% free, 50MB/66MB, paused 2.578ms total 54.238ms
08-05 20:11:17.657 12674 13436 I NAPPA_EXPERIMENTATION: MetricNetworkRequestExecutionTime: REQUEST_DURATION_SYSTEM='195',REQUEST_DURATION_OKHTTP='139',REQUEST_SYNCHRONOUS='TRUE',RESPONSE_CODE='404',RESPONSE_METHOD='GET',RESPONSE_LENGTH_OKHTTP='-1',RESPONSE_LENGTH_HEADER='1503',REQUEST_PROTOCOL='h2',REQUEST_URL='https://fab.industries/sixgun/files/linuxoutlaws.jpg',
08-05 20:11:17.671 12674 12674 W Glide   : Load failed for http://sixgun.org/files/linuxoutlaws.jpg with size [224x224]
08-05 20:11:17.671 12674 12674 W Glide   : class com.bumptech.glide.load.engine.GlideException: Failed to load resource
08-05 20:11:17.671 12674 12674 W Glide   : There was 1 cause:
08-05 20:11:17.671 12674 12674 W Glide   : com.bumptech.glide.load.HttpException()
08-05 20:11:17.671 12674 12674 W Glide   :  call GlideException#logRootCauses(String) for more detail
08-05 20:11:17.671 12674 12674 W Glide   :   Cause (1 of 1): class com.bumptech.glide.load.engine.GlideException: Fetching data failed, class java.io.InputStream, REMOTE
08-05 20:11:17.671 12674 12674 W Glide   : There was 1 cause:
08-05 20:11:17.671 12674 12674 W Glide   : com.bumptech.glide.load.HttpException()
08-05 20:11:17.671 12674 12674 W Glide   :  call GlideException#logRootCauses(String) for more detail
08-05 20:11:17.671 12674 12674 W Glide   :     Cause (1 of 1): class com.bumptech.glide.load.HttpException: 
08-05 20:11:17.671 12674 12674 I Glide   : Root cause (1 of 1)
08-05 20:11:17.671 12674 12674 I Glide   : com.bumptech.glide.load.HttpException: 
08-05 20:11:17.671 12674 12674 I Glide   : 	at com.bumptech.glide.integration.okhttp3.OkHttpStreamFetcher.onResponse(OkHttpStreamFetcher.java:73)
08-05 20:11:17.671 12674 12674 I Glide   : 	at okhttp3.RealCall$AsyncCall.execute(RealCall.java:174)
08-05 20:11:17.671 12674 12674 I Glide   : 	at okhttp3.internal.NamedRunnable.run(NamedRunnable.java:32)
08-05 20:11:17.671 12674 12674 I Glide   : 	at java.util.concurrent.ThreadPoolExecutor.runWorker(ThreadPoolExecutor.java:1113)
08-05 20:11:17.671 12674 12674 I Glide   : 	at java.util.concurrent.ThreadPoolExecutor$Worker.run(ThreadPoolExecutor.java:588)
08-05 20:11:17.671 12674 12674 I Glide   : 	at java.lang.Thread.run(Thread.java:818)
08-05 20:11:17.676 12674 12696 I art     : Starting a blocking GC Explicit
08-05 20:11:17.728 12674 12696 I art     : Explicit concurrent mark sweep GC freed 476(60KB) AllocSpace objects, 0(0B) LOS objects, 24% free, 50MB/66MB, paused 2.202ms total 51.548ms
08-05 20:11:18.171 12674 12687 I art     : Starting a blocking GC Explicit
08-05 20:11:18.240 12674 12687 I art     : Explicit concurrent mark sweep GC freed 1441(83KB) AllocSpace objects, 1(20KB) LOS objects, 24% free, 50MB/66MB, paused 2.805ms total 67.407ms
08-05 20:11:18.264 12674 12687 I art     : Starting a blocking GC Explicit
08-05 20:11:18.322 12674 12687 I art     : Explicit concurrent mark sweep GC freed 24(784B) AllocSpace objects, 0(0B) LOS objects, 24% free, 50MB/66MB, paused 3.617ms total 57.728ms
08-05 20:11:18.345 12674 12687 I art     : Starting a blocking GC Explicit
08-05 20:11:18.402 12674 12687 I art     : Explicit concurrent mark sweep GC freed 13(416B) AllocSpace objects, 0(0B) LOS objects, 24% free, 50MB/66MB, paused 2.458ms total 55.892ms
08-05 20:11:18.421 12674 12687 I art     : Starting a blocking GC Explicit
08-05 20:11:18.478 12674 12687 I art     : Explicit concurrent mark sweep GC freed 36(1184B) AllocSpace objects, 0(0B) LOS objects, 24% free, 50MB/66MB, paused 2.447ms total 56.349ms
08-05 20:11:18.501 12674 12687 I art     : Starting a blocking GC Explicit
08-05 20:11:18.558 12674 12687 I art     : Explicit concurrent mark sweep GC freed 19(608B) AllocSpace objects, 0(0B) LOS objects, 24% free, 50MB/66MB, paused 2.827ms total 57.427ms
08-05 20:11:18.814 13866 13882 I PeriodicStatsRunner: PeriodicStatsRunner.call():175 call()
08-05 20:11:18.814 13866 13882 I PeriodicStatsRunner: PeriodicStatsRunner.call():179 No submit PeriodicStats since input started.
08-05 20:11:18.989 12674 12696 I art     : Starting a blocking GC Explicit
08-05 20:11:19.058 12674 12696 I art     : Explicit concurrent mark sweep GC freed 1417(82KB) AllocSpace objects, 1(20KB) LOS objects, 24% free, 50MB/66MB, paused 3.015ms total 68.116ms
08-05 20:11:19.082 12674 12696 I art     : Starting a blocking GC Explicit
08-05 20:11:19.139 12674 12696 I art     : Explicit concurrent mark sweep GC freed 23(752B) AllocSpace objects, 0(0B) LOS objects, 24% free, 50MB/66MB, paused 2.778ms total 56.691ms
08-05 20:11:19.163 12674 12696 I art     : Starting a blocking GC Explicit
08-05 20:11:19.209 13866 13882 I PeriodicStatsRunner: PeriodicStatsRunner.call():175 call()
08-05 20:11:19.210 13866 13882 I PeriodicStatsRunner: PeriodicStatsRunner.call():179 No submit PeriodicStats since input started.
08-05 20:11:19.219 12674 12696 I art     : Explicit concurrent mark sweep GC freed 3(96B) AllocSpace objects, 0(0B) LOS objects, 24% free, 50MB/66MB, paused 2.566ms total 56.167ms
08-05 20:11:19.239 12674 12696 I art     : Starting a blocking GC Explicit
08-05 20:11:19.295 12674 12696 I art     : Explicit concurrent mark sweep GC freed 3(96B) AllocSpace objects, 0(0B) LOS objects, 24% free, 50MB/66MB, paused 2.427ms total 55.633ms
08-05 20:11:19.315 12674 12696 I art     : Starting a blocking GC Explicit
08-05 20:11:19.374 12674 12696 I art     : Explicit concurrent mark sweep GC freed 3(96B) AllocSpace objects, 0(0B) LOS objects, 24% free, 50MB/66MB, paused 2.665ms total 58.519ms
08-05 20:11:19.681   518   646 I ThermalEngine: ACTION: GPU - Setting GPU[0] to 450000000
08-05 20:11:19.771 12674 13826 I art     : Starting a blocking GC Explicit
08-05 20:11:19.825 12674 13826 I art     : Explicit concurrent mark sweep GC freed 1410(81KB) AllocSpace objects, 1(20KB) LOS objects, 24% free, 50MB/66MB, paused 1.649ms total 53.485ms
08-05 20:11:19.841 12674 13826 I art     : Starting a blocking GC Explicit
08-05 20:11:19.889 12674 13826 I art     : Explicit concurrent mark sweep GC freed 23(752B) AllocSpace objects, 0(0B) LOS objects, 24% free, 50MB/66MB, paused 1.677ms total 47.547ms
08-05 20:11:19.903 12674 13826 I art     : Starting a blocking GC Explicit
08-05 20:11:19.950 12674 13826 I art     : Explicit concurrent mark sweep GC freed 3(96B) AllocSpace objects, 0(0B) LOS objects, 24% free, 50MB/66MB, paused 1.627ms total 47.164ms
08-05 20:11:19.964 12674 13826 I art     : Starting a blocking GC Explicit
08-05 20:11:20.010 12674 13826 I art     : Explicit concurrent mark sweep GC freed 3(96B) AllocSpace objects, 0(0B) LOS objects, 24% free, 50MB/66MB, paused 1.525ms total 45.447ms
08-05 20:11:20.023 12674 13826 I art     : Starting a blocking GC Explicit
08-05 20:11:20.072 12674 13826 I art     : Explicit concurrent mark sweep GC freed 3(96B) AllocSpace objects, 0(0B) LOS objects, 24% free, 50MB/66MB, paused 1.598ms total 48.544ms
08-05 20:11:20.461 12674 12686 I art     : Starting a blocking GC Explicit
08-05 20:11:20.522 12674 12686 I art     : Explicit concurrent mark sweep GC freed 1422(83KB) AllocSpace objects, 1(20KB) LOS objects, 24% free, 50MB/66MB, paused 1.749ms total 60.819ms
08-05 20:11:20.539 12674 12686 I art     : Starting a blocking GC Explicit
08-05 20:11:20.588 12674 12686 I art     : Explicit concurrent mark sweep GC freed 29(976B) AllocSpace objects, 0(0B) LOS objects, 24% free, 50MB/66MB, paused 1.671ms total 48.726ms
08-05 20:11:20.601 12674 12686 I art     : Starting a blocking GC Explicit
08-05 20:11:20.644 12674 12686 I art     : Explicit concurrent mark sweep GC freed 3(96B) AllocSpace objects, 0(0B) LOS objects, 24% free, 50MB/66MB, paused 1.511ms total 42.373ms
08-05 20:11:20.657 12674 12686 I art     : Starting a blocking GC Explicit
08-05 20:11:20.676 11709 11709 I Atfwd_Sendcmd: AtCmdFwd service not ready - Exhausted retry attempts - :6
08-05 20:11:20.676 11709 11709 I Atfwd_Daemon: result : -1 	 ,Init step :2 	 ,qmiErrorCode: 0
08-05 20:11:20.702 12674 12686 I art     : Explicit concurrent mark sweep GC freed 3(96B) AllocSpace objects, 0(0B) LOS objects, 24% free, 50MB/66MB, paused 1.581ms total 45.418ms
08-05 20:11:20.715 12674 12686 I art     : Starting a blocking GC Explicit
08-05 20:11:20.762 12674 12686 I art     : Explicit concurrent mark sweep GC freed 3(96B) AllocSpace objects, 0(0B) LOS objects, 24% free, 50MB/66MB, paused 1.546ms total 46.555ms
08-05 20:11:20.867 13866 13882 I PeriodicStatsRunner: PeriodicStatsRunner.call():175 call()
08-05 20:11:20.867 13866 13882 I PeriodicStatsRunner: PeriodicStatsRunner.call():179 No submit PeriodicStats since input started.
08-05 20:11:21.151 12674 12696 I art     : Starting a blocking GC Explicit
08-05 20:11:21.204 12674 12696 I art     : Explicit concurrent mark sweep GC freed 1410(81KB) AllocSpace objects, 1(20KB) LOS objects, 24% free, 50MB/66MB, paused 1.675ms total 52.438ms
08-05 20:11:21.221 12674 12696 I art     : Starting a blocking GC Explicit
08-05 20:11:21.267 12674 12696 I art     : Explicit concurrent mark sweep GC freed 23(752B) AllocSpace objects, 0(0B) LOS objects, 24% free, 50MB/66MB, paused 1.608ms total 45.660ms
08-05 20:11:21.280 12674 12696 I art     : Starting a blocking GC Explicit
08-05 20:11:21.328 12674 12696 I art     : Explicit concurrent mark sweep GC freed 3(96B) AllocSpace objects, 0(0B) LOS objects, 24% free, 50MB/66MB, paused 1.776ms total 47.279ms
08-05 20:11:21.341 12674 12696 I art     : Starting a blocking GC Explicit
08-05 20:11:21.388 12674 12696 I art     : Explicit concurrent mark sweep GC freed 3(96B) AllocSpace objects, 0(0B) LOS objects, 24% free, 50MB/66MB, paused 1.668ms total 46.319ms
08-05 20:11:21.402 12674 12696 I art     : Starting a blocking GC Explicit
08-05 20:11:21.450 12674 12696 I art     : Explicit concurrent mark sweep GC freed 3(96B) AllocSpace objects, 0(0B) LOS objects, 24% free, 50MB/66MB, paused 1.652ms total 47.708ms
08-05 20:11:21.851 12674 13826 I art     : Starting a blocking GC Explicit
08-05 20:11:21.908 12674 13826 I art     : Explicit concurrent mark sweep GC freed 1411(82KB) AllocSpace objects, 1(20KB) LOS objects, 24% free, 50MB/66MB, paused 1.801ms total 56.734ms
08-05 20:11:21.925 12674 13826 I art     : Starting a blocking GC Explicit
08-05 20:11:21.972 12674 13826 I art     : Explicit concurrent mark sweep GC freed 23(752B) AllocSpace objects, 0(0B) LOS objects, 24% free, 50MB/66MB, paused 1.479ms total 46.198ms
08-05 20:11:21.985 12674 13826 I art     : Starting a blocking GC Explicit
08-05 20:11:22.030 12674 13826 I art     : Explicit concurrent mark sweep GC freed 3(96B) AllocSpace objects, 0(0B) LOS objects, 24% free, 50MB/66MB, paused 1.550ms total 44.683ms
08-05 20:11:22.043 12674 13826 I art     : Starting a blocking GC Explicit
08-05 20:11:22.085 12674 13826 I art     : Explicit concurrent mark sweep GC freed 3(96B) AllocSpace objects, 0(0B) LOS objects, 24% free, 50MB/66MB, paused 1.477ms total 41.188ms
08-05 20:11:22.097 12674 13826 I art     : Starting a blocking GC Explicit
08-05 20:11:22.139 12674 13826 I art     : Explicit concurrent mark sweep GC freed 3(96B) AllocSpace objects, 0(0B) LOS objects, 24% free, 50MB/66MB, paused 1.718ms total 40.870ms
08-05 20:11:22.513 12674 13232 I art     : Starting a blocking GC Explicit
08-05 20:11:22.563 12674 13232 I art     : Explicit concurrent mark sweep GC freed 1384(81KB) AllocSpace objects, 1(20KB) LOS objects, 24% free, 50MB/66MB, paused 1.557ms total 48.831ms
08-05 20:11:22.577 12674 13232 I art     : Starting a blocking GC Explicit
08-05 20:11:22.577 15666 15666 D AndroidRuntime: >>>>>> START com.android.internal.os.RuntimeInit uid 2000 <<<<<<
08-05 20:11:22.583 15666 15666 D AndroidRuntime: CheckJNI is OFF
08-05 20:11:22.621 12674 13232 I art     : Explicit concurrent mark sweep GC freed 23(752B) AllocSpace objects, 0(0B) LOS objects, 24% free, 50MB/66MB, paused 1.624ms total 44.295ms
08-05 20:11:22.628 15666 15666 D ICU     : No timezone override file found: /data/misc/zoneinfo/current/icu/icu_tzdata.dat
08-05 20:11:22.634 12674 13232 I art     : Starting a blocking GC Explicit
08-05 20:11:22.670 15666 15666 I Radio-JNI: register_android_hardware_Radio DONE
08-05 20:11:22.675 12674 13232 I art     : Explicit concurrent mark sweep GC freed 3(96B) AllocSpace objects, 0(0B) LOS objects, 24% free, 50MB/66MB, paused 1.687ms total 41.022ms
08-05 20:11:22.688 12674 13232 I art     : Starting a blocking GC Explicit
08-05 20:11:22.701 15666 15666 D AndroidRuntime: Calling main entry com.android.commands.input.Input
08-05 20:11:22.703 15666 15666 I Input   : injectMotionEvent: MotionEvent { action=ACTION_DOWN, actionButton=0, id[0]=0, x[0]=526.0, y[0]=597.0, toolType[0]=TOOL_TYPE_UNKNOWN, buttonState=0, metaState=0, flags=0x0, edgeFlags=0x0, pointerCount=1, historySize=0, eventTime=821499116, downTime=821499116, deviceId=0, source=0x1002 }
08-05 20:11:22.709 15666 15666 I Input   : injectMotionEvent: MotionEvent { action=ACTION_UP, actionButton=0, id[0]=0, x[0]=526.0, y[0]=597.0, toolType[0]=TOOL_TYPE_UNKNOWN, buttonState=0, metaState=0, flags=0x0, edgeFlags=0x0, pointerCount=1, historySize=0, eventTime=821499116, downTime=821499116, deviceId=0, source=0x1002 }
08-05 20:11:22.711 15666 15666 D AndroidRuntime: Shutting down VM
08-05 20:11:22.731 12674 13232 I art     : Explicit concurrent mark sweep GC freed 21(672B) AllocSpace objects, 0(0B) LOS objects, 24% free, 50MB/66MB, paused 1.985ms total 42.625ms
08-05 20:11:22.744 12674 13232 I art     : Starting a blocking GC Explicit
08-05 20:11:22.775 12674 12674 D PodcastListFragment: Selected podcast: GpodnetPodcast [url=http://feeds.feedburner.com/linuxoutlaws, title=Linux Outlaws, description=Two pragmatic geeks talk about the latest news concerning Linux, free and open
08-05 20:11:22.775 12674 12674 D PodcastListFragment: technology or anything else they deem noteworthy which may include such absurd
08-05 20:11:22.775 12674 12674 D PodcastListFragment: things as hockey or bands you never heard of. This means there's many a joke
08-05 20:11:22.775 12674 12674 D PodcastListFragment: and derailed conversation along the way, so don't come here expecting only
08-05 20:11:22.775 12674 12674 D PodcastListFragment: Linux or software freedom talk  just sit back and relax, partner., subscribers=3321, logoUrl=http://sixgun.org/files/linuxoutlaws.jpg, website=http://sixgun.org, mygpoLink=http://gpodder.net/podcast/linux-outlaws-mp3]
08-05 20:11:22.776   918   929 I ActivityManager: START u0 {cmp=baseline.de.danoeh.antennapod.debug/baseline.de.danoeh.antennapod.activity.OnlineFeedViewActivity (has extras)} from uid 10695 on display 0
08-05 20:11:22.777   512  2967 D audio_hw_primary: out_set_parameters: enter: usecase(1: low-latency-playback) kvpairs: routing=2
08-05 20:11:22.784 12674 13232 I art     : Explicit concurrent mark sweep GC freed 57(11KB) AllocSpace objects, 0(0B) LOS objects, 24% free, 50MB/66MB, paused 1.658ms total 39.701ms
08-05 20:11:22.791   512  2967 D audio_hw_primary: select_devices: out_snd_device(2: speaker) in_snd_device(0: none)
08-05 20:11:22.791   512  2967 D msm8974_platform: platform_send_audio_calibration: sending audio calibration for snd_device(2) acdb_id(15)
08-05 20:11:22.791   512  2967 I soundtrigger: audio_extn_sound_trigger_update_device_status: device 0x2 of type 0 for Event 1
08-05 20:11:22.803   512  2967 D audio_hw_primary: enable_snd_device: snd_device(2: speaker)
08-05 20:11:22.805   512  2967 D audio_hw_primary: enable_audio_route: apply and update mixer path: low-latency-playback speaker
08-05 20:11:22.806   918   937 W ProcessCpuTracker: Skipping unknown process pid 15677
08-05 20:11:22.811 12674 12674 D UserPreferences: Using default data folder
08-05 20:11:22.812 12674 12674 D OnlineFeedViewActivity: Activity was started with url http://feeds.feedburner.com/linuxoutlaws
08-05 20:11:22.814 12674 12674 D OnlineFeedViewActivity: Starting feed download
08-05 20:11:22.818 12674 13221 D DBReader: Extracting Feedlist
08-05 20:11:22.820   918  4400 D WifiService: acquireWifiLockLocked: WifiLock{Downloader type=1 binder=android.os.BinderProxy@779d16}
08-05 20:11:22.821 12674 13221 D AntennapodHttpClient: Creating new instance of HTTP client
08-05 20:11:22.871 13866 13866 I GoogleInputMethodServic: GoogleInputMethodService.onFinishInput():3138 
08-05 20:11:22.872 13866 13866 I GoogleInputMethodServic: GoogleInputMethodService.onStartInput():1808 
08-05 20:11:22.894   918   936 I ActivityManager: Displayed baseline.de.danoeh.antennapod.debug/baseline.de.danoeh.antennapod.activity.OnlineFeedViewActivity: +107ms
08-05 20:11:22.923 12674 12695 D OpenGLRenderer: endAllStagingAnimators on 0x7f7a1b1400 (GridView) with handle 0x7f795f9580
08-05 20:11:22.976 12674 13221 D MYTAG   : interceptor 3a http://feeds.feedburner.com/linuxoutlaws
08-05 20:11:22.976 12674 13221 I NAPPA_EXPERIMENTATION: MetricNetworkRequestExecutionTime: REQUEST_DURATION_SYSTEM='154',REQUEST_DURATION_OKHTTP='37',REQUEST_SYNCHRONOUS='TRUE',RESPONSE_CODE='200',RESPONSE_METHOD='GET',RESPONSE_LENGTH_OKHTTP='-1',RESPONSE_LENGTH_HEADER='-2',REQUEST_PROTOCOL='http/1.1',REQUEST_URL='http://feeds.feedburner.com/linuxoutlaws',
08-05 20:11:22.976 12674 13221 D HttpDownloader: Response code is 200
08-05 20:11:22.976 12674 13221 D UserPreferences: Using default data folder
08-05 20:11:22.981 12674 13221 D HttpDownloader: Getting size of download
08-05 20:11:22.981 12674 13221 D HttpDownloader: Size is -1
08-05 20:11:22.981 12674 13221 D UserPreferences: Using default data folder
08-05 20:11:22.981 12674 13221 D HttpDownloader: Free space is 20170256384
08-05 20:11:22.981 12674 13221 D HttpDownloader: Starting download
08-05 20:11:23.007 12674 13221 D HttpDownloader: Download was successful
08-05 20:11:23.009   918  3359 D WifiService: releaseWifiLockLocked: WifiLock{Downloader type=1 binder=android.os.BinderProxy@779d16}
08-05 20:11:23.010 12674 12674 D OnlineFeedViewActivity: Parsing feed
08-05 20:11:23.015 12674 15702 D TypeGetter: Recognized type RSS 2.0
08-05 20:11:23.017 12674 15702 D SyndHandler: Recognized Content namespace
08-05 20:11:23.017 12674 15702 D SyndHandler: Recognized DublinCore namespace
08-05 20:11:23.017 12674 15702 D SyndHandler: Recognized Atom namespace
08-05 20:11:23.018 12674 15702 D SyndHandler: Recognized ITunes namespace
08-05 20:11:23.018 12674 15702 D SyndHandler: Recognized media namespace
08-05 20:11:23.061 12674 15702 D OnlineFeedViewActivity: Deleted feed source file. Result: true
08-05 20:11:23.061 12674 12674 D OnlineFeedViewActivity: Removing HTML from shownotes
08-05 20:11:23.081 12674 13623 D ApOkHttpUrlLoader: buildLoadData() called with: model = [http://sixgun.org/files/linuxoutlaws.jpg], width = [350], height = [350]
08-05 20:11:23.083 12674 13436 D DBReader: getImageAuthentication() called with: imageUrl = [http://sixgun.org/files/linuxoutlaws.jpg]
08-05 20:11:23.088 12674 13436 D ApOkHttpUrlLoader: no credentials for 'http://sixgun.org/files/linuxoutlaws.jpg'
08-05 20:11:23.129 12674 13436 D DBWriter: updateFeedDownloadURL(original: http://sixgun.org/files/linuxoutlaws.jpg, updated: https://fab.industries/sixgun/files/linuxoutlaws.jpg)
08-05 20:11:23.135 12674 12687 I art     : Starting a blocking GC Explicit
08-05 20:11:23.143   380   380 W SurfaceFlinger: couldn't log to binary event log: overflow.
08-05 20:11:23.184 12674 12687 I art     : Explicit concurrent mark sweep GC freed 15220(1293KB) AllocSpace objects, 16(848KB) LOS objects, 23% free, 51MB/67MB, paused 1.537ms total 49.284ms
08-05 20:11:23.197 12674 12687 I art     : Starting a blocking GC Explicit
08-05 20:11:23.237 12674 12687 I art     : Explicit concurrent mark sweep GC freed 1485(67KB) AllocSpace objects, 0(0B) LOS objects, 23% free, 50MB/66MB, paused 1.489ms total 39.965ms
08-05 20:11:23.249 12674 12687 I art     : Starting a blocking GC Explicit
08-05 20:11:23.272 12674 13436 D MYTAG   : interceptor 2a
08-05 20:11:23.272 12674 13436 I NAPPA_EXPERIMENTATION: MetricNetworkRequestExecutionTime: REQUEST_DURATION_SYSTEM='184',REQUEST_DURATION_OKHTTP='137',REQUEST_SYNCHRONOUS='TRUE',RESPONSE_CODE='404',RESPONSE_METHOD='GET',RESPONSE_LENGTH_OKHTTP='-1',RESPONSE_LENGTH_HEADER='1503',REQUEST_PROTOCOL='h2',REQUEST_URL='https://fab.industries/sixgun/files/linuxoutlaws.jpg',
08-05 20:11:23.285 12674 12674 D PlaybackController: Releasing PlaybackController
08-05 20:11:23.288 12674 12674 W Glide   : Load failed for http://sixgun.org/files/linuxoutlaws.jpg with size [350x350]
08-05 20:11:23.288 12674 12674 W Glide   : class com.bumptech.glide.load.engine.GlideException: Failed to load resource
08-05 20:11:23.288 12674 12674 W Glide   : There was 1 cause:
08-05 20:11:23.288 12674 12674 W Glide   : com.bumptech.glide.load.HttpException()
08-05 20:11:23.288 12674 12674 W Glide   :  call GlideException#logRootCauses(String) for more detail
08-05 20:11:23.288 12674 12674 W Glide   :   Cause (1 of 1): class com.bumptech.glide.load.engine.GlideException: Fetching data failed, class java.io.InputStream, REMOTE
08-05 20:11:23.288 12674 12674 W Glide   : There was 1 cause:
08-05 20:11:23.288 12674 12674 W Glide   : com.bumptech.glide.load.HttpException()
08-05 20:11:23.288 12674 12674 W Glide   :  call GlideException#logRootCauses(String) for more detail
08-05 20:11:23.288 12674 12674 W Glide   :     Cause (1 of 1): class com.bumptech.glide.load.HttpException: 
08-05 20:11:23.288 12674 12674 I Glide   : Root cause (1 of 1)
08-05 20:11:23.288 12674 12674 I Glide   : com.bumptech.glide.load.HttpException: 
08-05 20:11:23.288 12674 12674 I Glide   : 	at com.bumptech.glide.integration.okhttp3.OkHttpStreamFetcher.onResponse(OkHttpStreamFetcher.java:73)
08-05 20:11:23.288 12674 12674 I Glide   : 	at okhttp3.RealCall$AsyncCall.execute(RealCall.java:174)
08-05 20:11:23.288 12674 12674 I Glide   : 	at okhttp3.internal.NamedRunnable.run(NamedRunnable.java:32)
08-05 20:11:23.288 12674 12674 I Glide   : 	at java.util.concurrent.ThreadPoolExecutor.runWorker(ThreadPoolExecutor.java:1113)
08-05 20:11:23.288 12674 12674 I Glide   : 	at java.util.concurrent.ThreadPoolExecutor$Worker.run(ThreadPoolExecutor.java:588)
08-05 20:11:23.288 12674 12674 I Glide   : 	at java.lang.Thread.run(Thread.java:818)
08-05 20:11:23.297 12674 12687 I art     : Explicit concurrent mark sweep GC freed 493(52KB) AllocSpace objects, 0(0B) LOS objects, 23% free, 51MB/67MB, paused 1.657ms total 47.073ms
08-05 20:11:23.311 12674 12687 I art     : Starting a blocking GC Explicit
08-05 20:11:23.338   512  2967 D audio_hw_primary: disable_audio_route: reset and update mixer path: low-latency-playback speaker
08-05 20:11:23.339   512  2967 D audio_hw_primary: disable_snd_device: snd_device(2: speaker)
08-05 20:11:23.346   512  2967 I soundtrigger: audio_extn_sound_trigger_update_device_status: device 0x2 of type 0 for Event 0
08-05 20:11:23.351 12674 12687 I art     : Explicit concurrent mark sweep GC freed 264(11KB) AllocSpace objects, 1(112KB) LOS objects, 23% free, 50MB/66MB, paused 1.559ms total 40.122ms
08-05 20:11:23.365 12674 12687 I art     : Starting a blocking GC Explicit
08-05 20:11:23.409 12674 12687 I art     : Explicit concurrent mark sweep GC freed 30(992B) AllocSpace objects, 0(0B) LOS objects, 23% free, 50MB/66MB, paused 1.590ms total 44.322ms
08-05 20:11:23.771 12674 12696 I art     : Starting a blocking GC Explicit
08-05 20:11:23.828 12674 12696 I art     : Explicit concurrent mark sweep GC freed 1410(81KB) AllocSpace objects, 1(20KB) LOS objects, 23% free, 50MB/66MB, paused 1.703ms total 56.592ms
08-05 20:11:23.845 12674 12696 I art     : Starting a blocking GC Explicit
08-05 20:11:23.894 12674 12696 I art     : Explicit concurrent mark sweep GC freed 23(768B) AllocSpace objects, 0(0B) LOS objects, 23% free, 50MB/66MB, paused 1.617ms total 48.661ms
08-05 20:11:23.908 12674 12696 I art     : Starting a blocking GC Explicit
08-05 20:11:23.954 12674 12696 I art     : Explicit concurrent mark sweep GC freed 3(96B) AllocSpace objects, 0(0B) LOS objects, 23% free, 50MB/66MB, paused 1.598ms total 45.633ms
08-05 20:11:23.968 12674 12696 I art     : Starting a blocking GC Explicit
08-05 20:11:24.014 12674 12696 I art     : Explicit concurrent mark sweep GC freed 3(96B) AllocSpace objects, 0(0B) LOS objects, 23% free, 50MB/66MB, paused 1.604ms total 45.760ms
08-05 20:11:24.027 12674 12696 I art     : Starting a blocking GC Explicit
08-05 20:11:24.073 12674 12696 I art     : Explicit concurrent mark sweep GC freed 3(96B) AllocSpace objects, 0(0B) LOS objects, 23% free, 50MB/66MB, paused 1.596ms total 45.823ms
08-05 20:11:24.442 12674 13232 I art     : Starting a blocking GC Explicit
08-05 20:11:24.492 12674 13232 I art     : Explicit concurrent mark sweep GC freed 1381(81KB) AllocSpace objects, 1(20KB) LOS objects, 23% free, 50MB/66MB, paused 1.654ms total 50.122ms
08-05 20:11:24.507 12674 13232 I art     : Starting a blocking GC Explicit
08-05 20:11:24.556 12674 13232 I art     : Explicit concurrent mark sweep GC freed 23(752B) AllocSpace objects, 0(0B) LOS objects, 23% free, 50MB/66MB, paused 1.649ms total 48.757ms
08-05 20:11:24.569 12674 13232 I art     : Starting a blocking GC Explicit
08-05 20:11:24.621 12674 13232 I art     : Explicit concurrent mark sweep GC freed 3(96B) AllocSpace objects, 0(0B) LOS objects, 23% free, 50MB/66MB, paused 1.771ms total 50.742ms
08-05 20:11:24.637 12674 13232 I art     : Starting a blocking GC Explicit
08-05 20:11:24.686 12674 13232 I art     : Explicit concurrent mark sweep GC freed 4(128B) AllocSpace objects, 0(0B) LOS objects, 23% free, 50MB/66MB, paused 1.661ms total 48.179ms
08-05 20:11:24.702 12674 13232 I art     : Starting a blocking GC Explicit
08-05 20:11:24.744 12674 13232 I art     : Explicit concurrent mark sweep GC freed 9(288B) AllocSpace objects, 0(0B) LOS objects, 23% free, 50MB/66MB, paused 1.477ms total 42.177ms
08-05 20:11:25.126 12674 12687 I art     : Starting a blocking GC Explicit
08-05 20:11:25.190 12674 12687 I art     : Explicit concurrent mark sweep GC freed 1433(82KB) AllocSpace objects, 1(20KB) LOS objects, 23% free, 50MB/66MB, paused 1.793ms total 63.255ms
08-05 20:11:25.206 12674 12687 I art     : Starting a blocking GC Explicit
08-05 20:11:25.255 12674 12687 I art     : Explicit concurrent mark sweep GC freed 23(752B) AllocSpace objects, 0(0B) LOS objects, 23% free, 50MB/66MB, paused 1.652ms total 48.363ms
08-05 20:11:25.269 12674 12687 I art     : Starting a blocking GC Explicit
08-05 20:11:25.315 12674 12687 I art     : Explicit concurrent mark sweep GC freed 3(96B) AllocSpace objects, 0(0B) LOS objects, 23% free, 50MB/66MB, paused 1.455ms total 45.302ms
08-05 20:11:25.327 12674 12687 I art     : Starting a blocking GC Explicit
08-05 20:11:25.366 12674 12687 I art     : Explicit concurrent mark sweep GC freed 3(96B) AllocSpace objects, 0(0B) LOS objects, 23% free, 50MB/66MB, paused 1.384ms total 37.911ms
08-05 20:11:25.377 12674 12687 I art     : Starting a blocking GC Explicit
08-05 20:11:25.416 12674 12687 I art     : Explicit concurrent mark sweep GC freed 3(96B) AllocSpace objects, 0(0B) LOS objects, 23% free, 50MB/66MB, paused 1.401ms total 37.914ms
08-05 20:11:25.770 12674 13826 I art     : Starting a blocking GC Explicit
08-05 20:11:25.823 12674 13826 I art     : Explicit concurrent mark sweep GC freed 1410(81KB) AllocSpace objects, 1(20KB) LOS objects, 23% free, 50MB/66MB, paused 1.674ms total 52.280ms
08-05 20:11:25.837 12674 13826 I art     : Starting a blocking GC Explicit
08-05 20:11:25.887 12674 13826 I art     : Explicit concurrent mark sweep GC freed 37(1200B) AllocSpace objects, 0(0B) LOS objects, 23% free, 50MB/66MB, paused 1.650ms total 50.012ms
08-05 20:11:25.901 12674 13826 I art     : Starting a blocking GC Explicit
08-05 20:11:25.950 12674 13826 I art     : Explicit concurrent mark sweep GC freed 3(96B) AllocSpace objects, 0(0B) LOS objects, 23% free, 50MB/66MB, paused 1.641ms total 49.245ms
08-05 20:11:25.964 12674 13826 I art     : Starting a blocking GC Explicit
08-05 20:11:26.015 12674 13826 I art     : Explicit concurrent mark sweep GC freed 3(96B) AllocSpace objects, 0(0B) LOS objects, 23% free, 50MB/66MB, paused 1.651ms total 50.977ms
08-05 20:11:26.033 12674 13826 I art     : Starting a blocking GC Explicit
08-05 20:11:26.082 12674 13826 I art     : Explicit concurrent mark sweep GC freed 3(96B) AllocSpace objects, 0(0B) LOS objects, 23% free, 50MB/66MB, paused 1.675ms total 48.699ms
08-05 20:11:26.462 12674 13232 I art     : Starting a blocking GC Explicit
08-05 20:11:26.525 12674 13232 I art     : Explicit concurrent mark sweep GC freed 1381(81KB) AllocSpace objects, 1(20KB) LOS objects, 23% free, 50MB/66MB, paused 1.594ms total 63.251ms
08-05 20:11:26.542 12674 13232 I art     : Starting a blocking GC Explicit
08-05 20:11:26.592 12674 13232 I art     : Explicit concurrent mark sweep GC freed 23(752B) AllocSpace objects, 0(0B) LOS objects, 23% free, 50MB/66MB, paused 1.658ms total 49.792ms
08-05 20:11:26.606 12674 13232 I art     : Starting a blocking GC Explicit
08-05 20:11:26.653 12674 13232 I art     : Explicit concurrent mark sweep GC freed 3(96B) AllocSpace objects, 0(0B) LOS objects, 23% free, 50MB/66MB, paused 1.553ms total 47.537ms
08-05 20:11:26.667 12674 13232 I art     : Starting a blocking GC Explicit
08-05 20:11:26.716 12674 13232 I art     : Explicit concurrent mark sweep GC freed 3(96B) AllocSpace objects, 0(0B) LOS objects, 23% free, 50MB/66MB, paused 1.650ms total 48.587ms
08-05 20:11:26.730 12674 13232 I art     : Starting a blocking GC Explicit
08-05 20:11:26.778 12674 13232 I art     : Explicit concurrent mark sweep GC freed 3(96B) AllocSpace objects, 0(0B) LOS objects, 23% free, 50MB/66MB, paused 1.729ms total 48.302ms
08-05 20:11:27.146 12674 12687 I art     : Starting a blocking GC Explicit
08-05 20:11:27.194 12674 12687 I art     : Explicit concurrent mark sweep GC freed 1412(84KB) AllocSpace objects, 1(20KB) LOS objects, 23% free, 50MB/66MB, paused 1.689ms total 48.111ms
08-05 20:11:27.208 12674 12687 I art     : Starting a blocking GC Explicit
08-05 20:11:27.255 12674 12687 I art     : Explicit concurrent mark sweep GC freed 23(752B) AllocSpace objects, 0(0B) LOS objects, 23% free, 50MB/66MB, paused 1.616ms total 46.500ms
08-05 20:11:27.268 12674 12687 I art     : Starting a blocking GC Explicit
08-05 20:11:27.315 12674 12687 I art     : Explicit concurrent mark sweep GC freed 3(96B) AllocSpace objects, 0(0B) LOS objects, 23% free, 50MB/66MB, paused 1.678ms total 46.134ms
08-05 20:11:27.328 12674 12687 I art     : Starting a blocking GC Explicit
08-05 20:11:27.376 12674 12687 I art     : Explicit concurrent mark sweep GC freed 3(96B) AllocSpace objects, 0(0B) LOS objects, 23% free, 50MB/66MB, paused 1.664ms total 47.420ms
08-05 20:11:27.390 12674 12687 I art     : Starting a blocking GC Explicit
08-05 20:11:27.437 12674 12687 I art     : Explicit concurrent mark sweep GC freed 3(96B) AllocSpace objects, 0(0B) LOS objects, 23% free, 50MB/66MB, paused 1.665ms total 46.723ms
08-05 20:11:27.520 15763 15763 D AndroidRuntime: >>>>>> START com.android.internal.os.RuntimeInit uid 2000 <<<<<<
08-05 20:11:27.526 15763 15763 D AndroidRuntime: CheckJNI is OFF
08-05 20:11:27.575 15763 15763 D ICU     : No timezone override file found: /data/misc/zoneinfo/current/icu/icu_tzdata.dat
08-05 20:11:27.623 15763 15763 I Radio-JNI: register_android_hardware_Radio DONE
08-05 20:11:27.651 15763 15763 D AndroidRuntime: Calling main entry com.android.commands.input.Input
08-05 20:11:27.654 15763 15763 I Input   : injectKeyEvent: KeyEvent { action=ACTION_DOWN, keyCode=KEYCODE_BACK, scanCode=0, metaState=0, flags=0x0, repeatCount=0, eventTime=821504067, downTime=821504067, deviceId=-1, source=0x101 }
08-05 20:11:27.661 15763 15763 I Input   : injectKeyEvent: KeyEvent { action=ACTION_UP, keyCode=KEYCODE_BACK, scanCode=0, metaState=0, flags=0x0, repeatCount=0, eventTime=821504067, downTime=821504067, deviceId=-1, source=0x101 }
08-05 20:11:27.668 15763 15763 D AndroidRuntime: Shutting down VM
08-05 20:11:27.673 12674 12674 V PlaybackController: initServiceNotRunning()
08-05 20:11:27.673 12674 12674 D ExternalPlayerFragment: Loading media info
08-05 20:11:27.674 12674 13623 D ApOkHttpUrlLoader: buildLoadData() called with: model = [http://sixgun.org/files/linuxoutlaws.jpg], width = [224], height = [224]
08-05 20:11:27.675 12674 13436 D DBReader: getImageAuthentication() called with: imageUrl = [http://sixgun.org/files/linuxoutlaws.jpg]
08-05 20:11:27.680 12674 12674 D UserPreferences: Using default data folder
08-05 20:11:27.680 12674 13221 D DBReader: getNavDrawerData() called with: 
08-05 20:11:27.681 12674 13436 D ApOkHttpUrlLoader: no credentials for 'http://sixgun.org/files/linuxoutlaws.jpg'
08-05 20:11:27.695 12674 13221 D DBReader: getDownloadedItems() called
08-05 20:11:27.698 12674 13221 D DBReader: getFavoriteIDList() called
08-05 20:11:27.699 12674 13221 D DBReader: getQueueIDList() called
08-05 20:11:27.700 12674 13221 D DBReader: Extracting Feedlist
08-05 20:11:27.714 13866 13866 I GoogleInputMethodServic: GoogleInputMethodService.onFinishInput():3138 
08-05 20:11:27.715 13866 13866 I GoogleInputMethodServic: GoogleInputMethodService.onStartInput():1808 
08-05 20:11:27.732 12674 12674 D MainActivity: getLastNavFragment() -> AddFeedFragment
08-05 20:11:27.783 12674 13436 D DBWriter: updateFeedDownloadURL(original: http://sixgun.org/files/linuxoutlaws.jpg, updated: https://fab.industries/sixgun/files/linuxoutlaws.jpg)
08-05 20:11:27.810 12674 13826 I art     : Starting a blocking GC Explicit
08-05 20:11:27.865 12674 13826 I art     : Explicit concurrent mark sweep GC freed 3137(186KB) AllocSpace objects, 1(20KB) LOS objects, 23% free, 50MB/66MB, paused 1.597ms total 54.864ms
08-05 20:11:27.872 13866 13882 I PeriodicStatsRunner: PeriodicStatsRunner.call():175 call()
08-05 20:11:27.873 13866 13882 I PeriodicStatsRunner: PeriodicStatsRunner.call():179 No submit PeriodicStats since input started.
08-05 20:11:27.884 12674 13826 I art     : Starting a blocking GC Explicit
08-05 20:11:27.928 12674 13826 I art     : Explicit concurrent mark sweep GC freed 494(26KB) AllocSpace objects, 0(0B) LOS objects, 23% free, 50MB/66MB, paused 1.677ms total 44.431ms
08-05 20:11:27.929 12674 13436 D MYTAG   : interceptor 2a
08-05 20:11:27.930 12674 13436 I NAPPA_EXPERIMENTATION: MetricNetworkRequestExecutionTime: REQUEST_DURATION_SYSTEM='248',REQUEST_DURATION_OKHTTP='144',REQUEST_SYNCHRONOUS='TRUE',RESPONSE_CODE='404',RESPONSE_METHOD='GET',RESPONSE_LENGTH_OKHTTP='-1',RESPONSE_LENGTH_HEADER='1503',REQUEST_PROTOCOL='h2',REQUEST_URL='https://fab.industries/sixgun/files/linuxoutlaws.jpg',
08-05 20:11:27.931 12674 12674 W Glide   : Load failed for http://sixgun.org/files/linuxoutlaws.jpg with size [224x224]
08-05 20:11:27.931 12674 12674 W Glide   : class com.bumptech.glide.load.engine.GlideException: Failed to load resource
08-05 20:11:27.931 12674 12674 W Glide   : There was 1 cause:
08-05 20:11:27.931 12674 12674 W Glide   : com.bumptech.glide.load.HttpException()
08-05 20:11:27.931 12674 12674 W Glide   :  call GlideException#logRootCauses(String) for more detail
08-05 20:11:27.931 12674 12674 W Glide   :   Cause (1 of 1): class com.bumptech.glide.load.engine.GlideException: Fetching data failed, class java.io.InputStream, REMOTE
08-05 20:11:27.931 12674 12674 W Glide   : There was 1 cause:
08-05 20:11:27.931 12674 12674 W Glide   : com.bumptech.glide.load.HttpException()
08-05 20:11:27.931 12674 12674 W Glide   :  call GlideException#logRootCauses(String) for more detail
08-05 20:11:27.931 12674 12674 W Glide   :     Cause (1 of 1): class com.bumptech.glide.load.HttpException: 
08-05 20:11:27.931 12674 12674 I Glide   : Root cause (1 of 1)
08-05 20:11:27.931 12674 12674 I Glide   : com.bumptech.glide.load.HttpException: 
08-05 20:11:27.931 12674 12674 I Glide   : 	at com.bumptech.glide.integration.okhttp3.OkHttpStreamFetcher.onResponse(OkHttpStreamFetcher.java:73)
08-05 20:11:27.931 12674 12674 I Glide   : 	at okhttp3.RealCall$AsyncCall.execute(RealCall.java:174)
08-05 20:11:27.931 12674 12674 I Glide   : 	at okhttp3.internal.NamedRunnable.run(NamedRunnable.java:32)
08-05 20:11:27.931 12674 12674 I Glide   : 	at java.util.concurrent.ThreadPoolExecutor.runWorker(ThreadPoolExecutor.java:1113)
08-05 20:11:27.931 12674 12674 I Glide   : 	at java.util.concurrent.ThreadPoolExecutor$Worker.run(ThreadPoolExecutor.java:588)
08-05 20:11:27.931 12674 12674 I Glide   : 	at java.lang.Thread.run(Thread.java:818)
08-05 20:11:27.932 12674 12674 W Glide   : Load failed for http://sixgun.org/files/linuxoutlaws.jpg with size [224x224]
08-05 20:11:27.932 12674 12674 W Glide   : class com.bumptech.glide.load.engine.GlideException: Failed to load resource
08-05 20:11:27.932 12674 12674 W Glide   : There was 1 cause:
08-05 20:11:27.932 12674 12674 W Glide   : com.bumptech.glide.load.HttpException()
08-05 20:11:27.932 12674 12674 W Glide   :  call GlideException#logRootCauses(String) for more detail
08-05 20:11:27.932 12674 12674 W Glide   :   Cause (1 of 1): class com.bumptech.glide.load.engine.GlideException: Fetching data failed, class java.io.InputStream, REMOTE
08-05 20:11:27.932 12674 12674 W Glide   : There was 1 cause:
08-05 20:11:27.932 12674 12674 W Glide   : com.bumptech.glide.load.HttpException()
08-05 20:11:27.932 12674 12674 W Glide   :  call GlideException#logRootCauses(String) for more detail
08-05 20:11:27.932 12674 12674 W Glide   :     Cause (1 of 1): class com.bumptech.glide.load.HttpException: 
08-05 20:11:27.932 12674 12674 I Glide   : Root cause (1 of 1)
08-05 20:11:27.932 12674 12674 I Glide   : com.bumptech.glide.load.HttpException: 
08-05 20:11:27.932 12674 12674 I Glide   : 	at com.bumptech.glide.integration.okhttp3.OkHttpStreamFetcher.onResponse(OkHttpStreamFetcher.java:73)
08-05 20:11:27.932 12674 12674 I Glide   : 	at okhttp3.RealCall$AsyncCall.execute(RealCall.java:174)
08-05 20:11:27.932 12674 12674 I Glide   : 	at okhttp3.internal.NamedRunnable.run(NamedRunnable.java:32)
08-05 20:11:27.932 12674 12674 I Glide   : 	at java.util.concurrent.ThreadPoolExecutor.runWorker(ThreadPoolExecutor.java:1113)
08-05 20:11:27.932 12674 12674 I Glide   : 	at java.util.concurrent.ThreadPoolExecutor$Worker.run(ThreadPoolExecutor.java:588)
08-05 20:11:27.932 12674 12674 I Glide   : 	at java.lang.Thread.run(Thread.java:818)
08-05 20:11:27.942 12674 13826 I art     : Starting a blocking GC Explicit
08-05 20:11:27.984 12674 13826 I art     : Explicit concurrent mark sweep GC freed 576(75KB) AllocSpace objects, 0(0B) LOS objects, 23% free, 50MB/66MB, paused 1.489ms total 41.863ms
08-05 20:11:27.997 12674 13826 I art     : Starting a blocking GC Explicit
08-05 20:11:28.030   380   380 W SurfaceFlinger: couldn't log to binary event log: overflow.
08-05 20:11:28.041 12674 13826 I art     : Explicit concurrent mark sweep GC freed 497(21KB) AllocSpace objects, 0(0B) LOS objects, 23% free, 50MB/66MB, paused 1.511ms total 43.426ms
08-05 20:11:28.056 12674 13826 I art     : Starting a blocking GC Explicit
08-05 20:11:28.096 12674 13826 I art     : Explicit concurrent mark sweep GC freed 113(4KB) AllocSpace objects, 0(0B) LOS objects, 23% free, 50MB/66MB, paused 1.511ms total 39.747ms
08-05 20:11:28.440 12674 13232 I art     : Starting a blocking GC Explicit
08-05 20:11:28.491 12674 13232 I art     : Explicit concurrent mark sweep GC freed 4235(318KB) AllocSpace objects, 2(48KB) LOS objects, 24% free, 50MB/66MB, paused 1.801ms total 51.020ms
08-05 20:11:28.507 12674 13232 I art     : Starting a blocking GC Explicit
08-05 20:11:28.551 12674 13232 I art     : Explicit concurrent mark sweep GC freed 23(752B) AllocSpace objects, 0(0B) LOS objects, 24% free, 50MB/66MB, paused 1.599ms total 44.713ms
08-05 20:11:28.565 12674 13232 I art     : Starting a blocking GC Explicit
08-05 20:11:28.609 12674 13232 I art     : Explicit concurrent mark sweep GC freed 3(96B) AllocSpace objects, 0(0B) LOS objects, 24% free, 50MB/66MB, paused 1.643ms total 44.319ms
08-05 20:11:28.623 12674 13232 I art     : Starting a blocking GC Explicit
08-05 20:11:28.668 12674 13232 I art     : Explicit concurrent mark sweep GC freed 3(96B) AllocSpace objects, 0(0B) LOS objects, 24% free, 50MB/66MB, paused 1.700ms total 44.782ms
08-05 20:11:28.681 12674 13232 I art     : Starting a blocking GC Explicit
08-05 20:11:28.726 12674 13232 I art     : Explicit concurrent mark sweep GC freed 3(96B) AllocSpace objects, 0(0B) LOS objects, 24% free, 50MB/66MB, paused 1.597ms total 44.517ms
08-05 20:11:29.074 12674 12687 I art     : Starting a blocking GC Explicit
08-05 20:11:29.124 12674 12687 I art     : Explicit concurrent mark sweep GC freed 1412(82KB) AllocSpace objects, 1(20KB) LOS objects, 24% free, 50MB/66MB, paused 1.711ms total 49.906ms
08-05 20:11:29.139 12674 12687 I art     : Starting a blocking GC Explicit
08-05 20:11:29.182 12674 12687 I art     : Explicit concurrent mark sweep GC freed 23(752B) AllocSpace objects, 0(0B) LOS objects, 24% free, 50MB/66MB, paused 1.612ms total 42.786ms
08-05 20:11:29.195 12674 12687 I art     : Starting a blocking GC Explicit
08-05 20:11:29.238 12674 12687 I art     : Explicit concurrent mark sweep GC freed 3(96B) AllocSpace objects, 0(0B) LOS objects, 24% free, 50MB/66MB, paused 1.673ms total 42.684ms
08-05 20:11:29.251 12674 12687 I art     : Starting a blocking GC Explicit
08-05 20:11:29.294 12674 12687 I art     : Explicit concurrent mark sweep GC freed 3(96B) AllocSpace objects, 0(0B) LOS objects, 24% free, 50MB/66MB, paused 1.665ms total 43.225ms
08-05 20:11:29.307 12674 12687 I art     : Starting a blocking GC Explicit
08-05 20:11:29.354 12674 12687 I art     : Explicit concurrent mark sweep GC freed 18(576B) AllocSpace objects, 0(0B) LOS objects, 24% free, 50MB/66MB, paused 1.586ms total 46.464ms
08-05 20:11:29.458 15832 15832 D AndroidRuntime: >>>>>> START com.android.internal.os.RuntimeInit uid 2000 <<<<<<
08-05 20:11:29.465 15832 15832 D AndroidRuntime: CheckJNI is OFF
08-05 20:11:29.506 15832 15832 D ICU     : No timezone override file found: /data/misc/zoneinfo/current/icu/icu_tzdata.dat
08-05 20:11:29.547 15832 15832 I Radio-JNI: register_android_hardware_Radio DONE
08-05 20:11:29.574 15832 15832 D AndroidRuntime: Calling main entry com.android.commands.input.Input
08-05 20:11:29.577 15832 15832 I Input   : injectMotionEvent: MotionEvent { action=ACTION_DOWN, actionButton=0, id[0]=0, x[0]=526.0, y[0]=597.0, toolType[0]=TOOL_TYPE_UNKNOWN, buttonState=0, metaState=0, flags=0x0, edgeFlags=0x0, pointerCount=1, historySize=0, eventTime=821505989, downTime=821505989, deviceId=0, source=0x1002 }
08-05 20:11:29.580 15832 15832 I Input   : injectMotionEvent: MotionEvent { action=ACTION_UP, actionButton=0, id[0]=0, x[0]=526.0, y[0]=597.0, toolType[0]=TOOL_TYPE_UNKNOWN, buttonState=0, metaState=0, flags=0x0, edgeFlags=0x0, pointerCount=1, historySize=0, eventTime=821505989, downTime=821505989, deviceId=0, source=0x1002 }
08-05 20:11:29.584 15832 15832 D AndroidRuntime: Shutting down VM
08-05 20:11:29.648 12674 12674 D PodcastListFragment: Selected podcast: GpodnetPodcast [url=http://feeds.feedburner.com/linuxoutlaws, title=Linux Outlaws, description=Two pragmatic geeks talk about the latest news concerning Linux, free and open
08-05 20:11:29.648 12674 12674 D PodcastListFragment: technology or anything else they deem noteworthy which may include such absurd
08-05 20:11:29.648 12674 12674 D PodcastListFragment: things as hockey or bands you never heard of. This means there's many a joke
08-05 20:11:29.648 12674 12674 D PodcastListFragment: and derailed conversation along the way, so don't come here expecting only
08-05 20:11:29.648 12674 12674 D PodcastListFragment: Linux or software freedom talk  just sit back and relax, partner., subscribers=3321, logoUrl=http://sixgun.org/files/linuxoutlaws.jpg, website=http://sixgun.org, mygpoLink=http://gpodder.net/podcast/linux-outlaws-mp3]
08-05 20:11:29.649   918   928 I ActivityManager: START u0 {cmp=baseline.de.danoeh.antennapod.debug/baseline.de.danoeh.antennapod.activity.OnlineFeedViewActivity (has extras)} from uid 10695 on display 0
08-05 20:11:29.650   512  2967 D audio_hw_primary: out_set_parameters: enter: usecase(1: low-latency-playback) kvpairs: routing=2
08-05 20:11:29.663   512  2967 D audio_hw_primary: select_devices: out_snd_device(2: speaker) in_snd_device(0: none)
08-05 20:11:29.664   512  2967 D msm8974_platform: platform_send_audio_calibration: sending audio calibration for snd_device(2) acdb_id(15)
08-05 20:11:29.664   512  2967 I soundtrigger: audio_extn_sound_trigger_update_device_status: device 0x2 of type 0 for Event 1
08-05 20:11:29.676   512  2967 D audio_hw_primary: enable_snd_device: snd_device(2: speaker)
08-05 20:11:29.678   512  2967 D audio_hw_primary: enable_audio_route: apply and update mixer path: low-latency-playback speaker
08-05 20:11:29.687 12674 12674 D UserPreferences: Using default data folder
08-05 20:11:29.687 12674 12674 D OnlineFeedViewActivity: Activity was started with url http://feeds.feedburner.com/linuxoutlaws
08-05 20:11:29.695 12674 12674 D OnlineFeedViewActivity: Starting feed download
08-05 20:11:29.697 12674 13220 D DBReader: Extracting Feedlist
08-05 20:11:29.700   918  3961 D WifiService: acquireWifiLockLocked: WifiLock{Downloader type=1 binder=android.os.BinderProxy@ce4444c}
08-05 20:11:29.700 12674 13220 D AntennapodHttpClient: Creating new instance of HTTP client
08-05 20:11:29.718 12674 12686 I art     : Starting a blocking GC Explicit
08-05 20:11:29.759 12674 12686 I art     : Explicit concurrent mark sweep GC freed 2714(180KB) AllocSpace objects, 1(20KB) LOS objects, 23% free, 50MB/66MB, paused 1.730ms total 40.705ms
08-05 20:11:29.764 13866 13866 I GoogleInputMethodServic: GoogleInputMethodService.onFinishInput():3138 
08-05 20:11:29.764 13866 13866 I GoogleInputMethodServic: GoogleInputMethodService.onStartInput():1808 
08-05 20:11:29.772 12674 12686 I art     : Starting a blocking GC Explicit
08-05 20:11:29.790   918   936 I ActivityManager: Displayed baseline.de.danoeh.antennapod.debug/baseline.de.danoeh.antennapod.activity.OnlineFeedViewActivity: +130ms
08-05 20:11:29.819 12674 12686 I art     : Explicit concurrent mark sweep GC freed 504(21KB) AllocSpace objects, 0(0B) LOS objects, 23% free, 50MB/66MB, paused 1.802ms total 47.099ms
08-05 20:11:29.821 12674 12695 D OpenGLRenderer: endAllStagingAnimators on 0x7f7a1b1400 (GridView) with handle 0x7f7e1ff160
08-05 20:11:29.833 12674 12686 I art     : Starting a blocking GC Explicit
08-05 20:11:29.839 12674 13220 D MYTAG   : interceptor 3a http://feeds.feedburner.com/linuxoutlaws
08-05 20:11:29.839 12674 13220 I NAPPA_EXPERIMENTATION: MetricNetworkRequestExecutionTime: REQUEST_DURATION_SYSTEM='138',REQUEST_DURATION_OKHTTP='40',REQUEST_SYNCHRONOUS='TRUE',RESPONSE_CODE='200',RESPONSE_METHOD='GET',RESPONSE_LENGTH_OKHTTP='-1',RESPONSE_LENGTH_HEADER='-2',REQUEST_PROTOCOL='http/1.1',REQUEST_URL='http://feeds.feedburner.com/linuxoutlaws',
08-05 20:11:29.839 12674 13220 D HttpDownloader: Response code is 200
08-05 20:11:29.839 12674 13220 D UserPreferences: Using default data folder
08-05 20:11:29.841 12674 13220 D HttpDownloader: Getting size of download
08-05 20:11:29.842 12674 13220 D HttpDownloader: Size is -1
08-05 20:11:29.842 12674 13220 D UserPreferences: Using default data folder
08-05 20:11:29.842 12674 13220 D HttpDownloader: Free space is 20170256384
08-05 20:11:29.842 12674 13220 D HttpDownloader: Starting download
08-05 20:11:29.851 12674 13220 D HttpDownloader: Download was successful
08-05 20:11:29.852   918  3359 D WifiService: releaseWifiLockLocked: WifiLock{Downloader type=1 binder=android.os.BinderProxy@ce4444c}
08-05 20:11:29.852 12674 12674 D OnlineFeedViewActivity: Parsing feed
08-05 20:11:29.858 12674 15870 D TypeGetter: Recognized type RSS 2.0
08-05 20:11:29.862 12674 15870 D SyndHandler: Recognized Content namespace
08-05 20:11:29.863 12674 15870 D SyndHandler: Recognized DublinCore namespace
08-05 20:11:29.863 12674 15870 D SyndHandler: Recognized Atom namespace
08-05 20:11:29.863 12674 15870 D SyndHandler: Recognized ITunes namespace
08-05 20:11:29.863 12674 15870 D SyndHandler: Recognized media namespace
08-05 20:11:29.872 12674 12686 I art     : Explicit concurrent mark sweep GC freed 685(179KB) AllocSpace objects, 3(60KB) LOS objects, 23% free, 50MB/66MB, paused 1.802ms total 39.346ms
08-05 20:11:29.884 12674 12686 I art     : Starting a blocking GC Explicit
08-05 20:11:29.908 12674 15870 D OnlineFeedViewActivity: Deleted feed source file. Result: true
08-05 20:11:29.909 12674 12674 D OnlineFeedViewActivity: Removing HTML from shownotes
08-05 20:11:29.927 12674 12686 I art     : Explicit concurrent mark sweep GC freed 3812(472KB) AllocSpace objects, 11(748KB) LOS objects, 23% free, 51MB/67MB, paused 1.944ms total 42.988ms
08-05 20:11:29.933 12674 13623 D ApOkHttpUrlLoader: buildLoadData() called with: model = [http://sixgun.org/files/linuxoutlaws.jpg], width = [350], height = [350]
08-05 20:11:29.935 12674 13436 D DBReader: getImageAuthentication() called with: imageUrl = [http://sixgun.org/files/linuxoutlaws.jpg]
08-05 20:11:29.939 12674 13436 D ApOkHttpUrlLoader: no credentials for 'http://sixgun.org/files/linuxoutlaws.jpg'
08-05 20:11:29.944 12674 12686 I art     : Starting a blocking GC Explicit
08-05 20:11:29.972 12674 13436 D DBWriter: updateFeedDownloadURL(original: http://sixgun.org/files/linuxoutlaws.jpg, updated: https://fab.industries/sixgun/files/linuxoutlaws.jpg)
08-05 20:11:29.989 12674 12686 I art     : Explicit concurrent mark sweep GC freed 1806(137KB) AllocSpace objects, 0(0B) LOS objects, 23% free, 51MB/67MB, paused 2.189ms total 45.076ms
08-05 20:11:30.033   380   380 W SurfaceFlinger: couldn't log to binary event log: overflow.
08-05 20:11:30.118 12674 13436 D MYTAG   : interceptor 2a
08-05 20:11:30.118 12674 13436 I NAPPA_EXPERIMENTATION: MetricNetworkRequestExecutionTime: REQUEST_DURATION_SYSTEM='179',REQUEST_DURATION_OKHTTP='143',REQUEST_SYNCHRONOUS='TRUE',RESPONSE_CODE='404',RESPONSE_METHOD='GET',RESPONSE_LENGTH_OKHTTP='-1',RESPONSE_LENGTH_HEADER='1503',REQUEST_PROTOCOL='h2',REQUEST_URL='https://fab.industries/sixgun/files/linuxoutlaws.jpg',
08-05 20:11:30.120 12674 12674 W Glide   : Load failed for http://sixgun.org/files/linuxoutlaws.jpg with size [350x350]
08-05 20:11:30.120 12674 12674 W Glide   : class com.bumptech.glide.load.engine.GlideException: Failed to load resource
08-05 20:11:30.120 12674 12674 W Glide   : There was 1 cause:
08-05 20:11:30.120 12674 12674 W Glide   : com.bumptech.glide.load.HttpException()
08-05 20:11:30.120 12674 12674 W Glide   :  call GlideException#logRootCauses(String) for more detail
08-05 20:11:30.120 12674 12674 W Glide   :   Cause (1 of 1): class com.bumptech.glide.load.engine.GlideException: Fetching data failed, class java.io.InputStream, REMOTE
08-05 20:11:30.120 12674 12674 W Glide   : There was 1 cause:
08-05 20:11:30.120 12674 12674 W Glide   : com.bumptech.glide.load.HttpException()
08-05 20:11:30.120 12674 12674 W Glide   :  call GlideException#logRootCauses(String) for more detail
08-05 20:11:30.120 12674 12674 W Glide   :     Cause (1 of 1): class com.bumptech.glide.load.HttpException: 
08-05 20:11:30.121 12674 12674 I Glide   : Root cause (1 of 1)
08-05 20:11:30.121 12674 12674 I Glide   : com.bumptech.glide.load.HttpException: 
08-05 20:11:30.121 12674 12674 I Glide   : 	at com.bumptech.glide.integration.okhttp3.OkHttpStreamFetcher.onResponse(OkHttpStreamFetcher.java:73)
08-05 20:11:30.121 12674 12674 I Glide   : 	at okhttp3.RealCall$AsyncCall.execute(RealCall.java:174)
08-05 20:11:30.121 12674 12674 I Glide   : 	at okhttp3.internal.NamedRunnable.run(NamedRunnable.java:32)
08-05 20:11:30.121 12674 12674 I Glide   : 	at java.util.concurrent.ThreadPoolExecutor.runWorker(ThreadPoolExecutor.java:1113)
08-05 20:11:30.121 12674 12674 I Glide   : 	at java.util.concurrent.ThreadPoolExecutor$Worker.run(ThreadPoolExecutor.java:588)
08-05 20:11:30.121 12674 12674 I Glide   : 	at java.lang.Thread.run(Thread.java:818)
08-05 20:11:30.176 12674 12674 D PlaybackController: Releasing PlaybackController
08-05 20:11:30.208   512  2967 D audio_hw_primary: disable_audio_route: reset and update mixer path: low-latency-playback speaker
08-05 20:11:30.209   512  2967 D audio_hw_primary: disable_snd_device: snd_device(2: speaker)
08-05 20:11:30.217   512  2967 I soundtrigger: audio_extn_sound_trigger_update_device_status: device 0x2 of type 0 for Event 0
08-05 20:11:30.337 12674 13232 I art     : Starting a blocking GC Explicit
08-05 20:11:30.385 12674 13232 I art     : Explicit concurrent mark sweep GC freed 2743(175KB) AllocSpace objects, 2(132KB) LOS objects, 23% free, 50MB/66MB, paused 1.645ms total 47.677ms
08-05 20:11:30.399 12674 13232 I art     : Starting a blocking GC Explicit
08-05 20:11:30.444 12674 13232 I art     : Explicit concurrent mark sweep GC freed 52(1872B) AllocSpace objects, 0(0B) LOS objects, 23% free, 50MB/66MB, paused 1.632ms total 45.276ms
08-05 20:11:30.458 12674 13232 I art     : Starting a blocking GC Explicit
08-05 20:11:30.504 12674 13232 I art     : Explicit concurrent mark sweep GC freed 3(96B) AllocSpace objects, 0(0B) LOS objects, 23% free, 50MB/66MB, paused 1.627ms total 45.996ms
08-05 20:11:30.518 12674 13232 I art     : Starting a blocking GC Explicit
08-05 20:11:30.563 12674 13232 I art     : Explicit concurrent mark sweep GC freed 3(96B) AllocSpace objects, 0(0B) LOS objects, 23% free, 50MB/66MB, paused 1.590ms total 45.096ms
08-05 20:11:30.577 12674 13232 I art     : Starting a blocking GC Explicit
08-05 20:11:30.623 12674 13232 I art     : Explicit concurrent mark sweep GC freed 3(96B) AllocSpace objects, 0(0B) LOS objects, 23% free, 50MB/66MB, paused 1.644ms total 45.728ms
08-05 20:11:30.703   518   646 I ThermalEngine: ACTION: GPU - Setting GPU[0] to 390000000
08-05 20:11:31.026 12674 12696 I art     : Starting a blocking GC Explicit
08-05 20:11:31.097 12674 12696 I art     : Explicit concurrent mark sweep GC freed 1413(82KB) AllocSpace objects, 1(20KB) LOS objects, 23% free, 50MB/66MB, paused 2.691ms total 70.486ms
08-05 20:11:31.120 12674 12696 I art     : Starting a blocking GC Explicit
08-05 20:11:31.178 12674 12696 I art     : Explicit concurrent mark sweep GC freed 23(768B) AllocSpace objects, 0(0B) LOS objects, 23% free, 50MB/66MB, paused 2.484ms total 58.245ms
08-05 20:11:31.198 12674 12696 I art     : Starting a blocking GC Explicit
08-05 20:11:31.257 12674 12696 I art     : Explicit concurrent mark sweep GC freed 3(96B) AllocSpace objects, 0(0B) LOS objects, 23% free, 50MB/66MB, paused 2.329ms total 57.827ms
08-05 20:11:31.277 12674 12696 I art     : Starting a blocking GC Explicit
08-05 20:11:31.335 12674 12696 I art     : Explicit concurrent mark sweep GC freed 3(96B) AllocSpace objects, 0(0B) LOS objects, 23% free, 50MB/66MB, paused 2.434ms total 58.017ms
08-05 20:11:31.355 12674 12696 I art     : Starting a blocking GC Explicit
08-05 20:11:31.414 12674 12696 I art     : Explicit concurrent mark sweep GC freed 3(96B) AllocSpace objects, 0(0B) LOS objects, 23% free, 50MB/66MB, paused 2.592ms total 58.606ms
08-05 20:11:31.848 12674 12687 I art     : Starting a blocking GC Explicit
08-05 20:11:31.906 12674 12687 I art     : Explicit concurrent mark sweep GC freed 1440(82KB) AllocSpace objects, 1(20KB) LOS objects, 23% free, 50MB/66MB, paused 2.358ms total 57.250ms
08-05 20:11:31.926 12674 12687 I art     : Starting a blocking GC Explicit
08-05 20:11:31.984 12674 12687 I art     : Explicit concurrent mark sweep GC freed 23(752B) AllocSpace objects, 0(0B) LOS objects, 23% free, 50MB/66MB, paused 2.304ms total 57.622ms
08-05 20:11:32.005 12674 12687 I art     : Starting a blocking GC Explicit
08-05 20:11:32.063 12674 12687 I art     : Explicit concurrent mark sweep GC freed 3(96B) AllocSpace objects, 0(0B) LOS objects, 23% free, 50MB/66MB, paused 2.473ms total 57.767ms
08-05 20:11:32.083 12674 12687 I art     : Starting a blocking GC Explicit
08-05 20:11:32.148 12674 12687 I art     : Explicit concurrent mark sweep GC freed 3(96B) AllocSpace objects, 0(0B) LOS objects, 23% free, 50MB/66MB, paused 2.622ms total 64.046ms
08-05 20:11:32.171 12674 12687 I art     : Starting a blocking GC Explicit
08-05 20:11:32.235 12674 12687 I art     : Explicit concurrent mark sweep GC freed 3(96B) AllocSpace objects, 0(0B) LOS objects, 23% free, 50MB/66MB, paused 2.700ms total 63.443ms
08-05 20:11:32.670 12674 12686 I art     : Starting a blocking GC Explicit
08-05 20:11:32.705   518   646 I ThermalEngine: ACTION: GPU - Setting GPU[0] to 450000000
08-05 20:11:32.716 13866 13882 I PeriodicStatsRunner: PeriodicStatsRunner.call():175 call()
08-05 20:11:32.716 13866 13882 I PeriodicStatsRunner: PeriodicStatsRunner.call():179 No submit PeriodicStats since input started.
08-05 20:11:32.729 12674 12686 I art     : Explicit concurrent mark sweep GC freed 1381(81KB) AllocSpace objects, 1(20KB) LOS objects, 23% free, 50MB/66MB, paused 1.601ms total 58.439ms
08-05 20:11:32.743 12674 12686 I art     : Starting a blocking GC Explicit
08-05 20:11:32.789 12674 12686 I art     : Explicit concurrent mark sweep GC freed 52(1536B) AllocSpace objects, 0(0B) LOS objects, 23% free, 50MB/66MB, paused 1.645ms total 46.042ms
08-05 20:11:32.802 12674 12686 I art     : Starting a blocking GC Explicit
08-05 20:11:32.849 12674 12686 I art     : Explicit concurrent mark sweep GC freed 3(96B) AllocSpace objects, 0(0B) LOS objects, 23% free, 50MB/66MB, paused 1.791ms total 45.870ms
08-05 20:11:32.862 12674 12686 I art     : Starting a blocking GC Explicit
08-05 20:11:32.914 12674 12686 I art     : Explicit concurrent mark sweep GC freed 3(96B) AllocSpace objects, 0(0B) LOS objects, 23% free, 50MB/66MB, paused 1.740ms total 51.388ms
08-05 20:11:32.931 12674 12686 I art     : Starting a blocking GC Explicit
08-05 20:11:32.980 12674 12686 I art     : Explicit concurrent mark sweep GC freed 3(96B) AllocSpace objects, 0(0B) LOS objects, 23% free, 50MB/66MB, paused 1.598ms total 48.790ms
08-05 20:11:33.399 12674 13826 I art     : Starting a blocking GC Explicit
08-05 20:11:33.464 12674 13826 I art     : Explicit concurrent mark sweep GC freed 1381(81KB) AllocSpace objects, 1(20KB) LOS objects, 23% free, 50MB/66MB, paused 1.732ms total 64.732ms
08-05 20:11:33.481 12674 13826 I art     : Starting a blocking GC Explicit
08-05 20:11:33.530 12674 13826 I art     : Explicit concurrent mark sweep GC freed 23(752B) AllocSpace objects, 0(0B) LOS objects, 23% free, 50MB/66MB, paused 1.556ms total 48.173ms
08-05 20:11:33.543 12674 13826 I art     : Starting a blocking GC Explicit
08-05 20:11:33.594 12674 13826 I art     : Explicit concurrent mark sweep GC freed 3(96B) AllocSpace objects, 0(0B) LOS objects, 23% free, 50MB/66MB, paused 1.664ms total 50.653ms
08-05 20:11:33.608 12674 13826 I art     : Starting a blocking GC Explicit
08-05 20:11:33.656 12674 13826 I art     : Explicit concurrent mark sweep GC freed 3(96B) AllocSpace objects, 0(0B) LOS objects, 23% free, 50MB/66MB, paused 1.659ms total 47.808ms
08-05 20:11:33.670 12674 13826 I art     : Starting a blocking GC Explicit
08-05 20:11:33.721 12674 13826 I art     : Explicit concurrent mark sweep GC freed 3(96B) AllocSpace objects, 0(0B) LOS objects, 23% free, 50MB/66MB, paused 1.673ms total 50.451ms
08-05 20:11:34.080 12674 13232 I art     : Starting a blocking GC Explicit
08-05 20:11:34.134 12674 13232 I art     : Explicit concurrent mark sweep GC freed 1412(84KB) AllocSpace objects, 1(20KB) LOS objects, 23% free, 50MB/66MB, paused 1.589ms total 53.464ms
08-05 20:11:34.148 12674 13232 I art     : Starting a blocking GC Explicit
08-05 20:11:34.195 12674 13232 I art     : Explicit concurrent mark sweep GC freed 23(752B) AllocSpace objects, 0(0B) LOS objects, 23% free, 50MB/66MB, paused 1.739ms total 46.830ms
08-05 20:11:34.208 12674 13232 I art     : Starting a blocking GC Explicit
08-05 20:11:34.254 12674 13232 I art     : Explicit concurrent mark sweep GC freed 3(96B) AllocSpace objects, 0(0B) LOS objects, 23% free, 50MB/66MB, paused 1.590ms total 45.651ms
08-05 20:11:34.268 12674 13232 I art     : Starting a blocking GC Explicit
08-05 20:11:34.316 12674 13232 I art     : Explicit concurrent mark sweep GC freed 3(96B) AllocSpace objects, 0(0B) LOS objects, 23% free, 50MB/66MB, paused 1.722ms total 47.761ms
08-05 20:11:34.329 12674 13232 I art     : Starting a blocking GC Explicit
08-05 20:11:34.375 12674 13232 I art     : Explicit concurrent mark sweep GC freed 3(96B) AllocSpace objects, 0(0B) LOS objects, 23% free, 50MB/66MB, paused 1.656ms total 45.576ms
08-05 20:11:34.427 15952 15952 D AndroidRuntime: >>>>>> START com.android.internal.os.RuntimeInit uid 2000 <<<<<<
08-05 20:11:34.434 15952 15952 D AndroidRuntime: CheckJNI is OFF
08-05 20:11:34.483 15952 15952 D ICU     : No timezone override file found: /data/misc/zoneinfo/current/icu/icu_tzdata.dat
08-05 20:11:34.532 15952 15952 I Radio-JNI: register_android_hardware_Radio DONE
08-05 20:11:34.561 15952 15952 D AndroidRuntime: Calling main entry com.android.commands.input.Input
08-05 20:11:34.563 15952 15952 I Input   : injectKeyEvent: KeyEvent { action=ACTION_DOWN, keyCode=KEYCODE_BACK, scanCode=0, metaState=0, flags=0x0, repeatCount=0, eventTime=821510976, downTime=821510976, deviceId=-1, source=0x101 }
08-05 20:11:34.574 15952 15952 I Input   : injectKeyEvent: KeyEvent { action=ACTION_UP, keyCode=KEYCODE_BACK, scanCode=0, metaState=0, flags=0x0, repeatCount=0, eventTime=821510976, downTime=821510976, deviceId=-1, source=0x101 }
08-05 20:11:34.580 15952 15952 D AndroidRuntime: Shutting down VM
08-05 20:11:34.585 12674 12674 V PlaybackController: initServiceNotRunning()
08-05 20:11:34.586 12674 12674 D ExternalPlayerFragment: Loading media info
08-05 20:11:34.587 12674 13623 D ApOkHttpUrlLoader: buildLoadData() called with: model = [http://sixgun.org/files/linuxoutlaws.jpg], width = [224], height = [224]
08-05 20:11:34.588 12674 13436 D DBReader: getImageAuthentication() called with: imageUrl = [http://sixgun.org/files/linuxoutlaws.jpg]
08-05 20:11:34.592 12674 13436 D ApOkHttpUrlLoader: no credentials for 'http://sixgun.org/files/linuxoutlaws.jpg'
08-05 20:11:34.600 12674 12674 D UserPreferences: Using default data folder
08-05 20:11:34.601 12674 13220 D DBReader: getNavDrawerData() called with: 
08-05 20:11:34.614 12674 13220 D DBReader: getDownloadedItems() called
08-05 20:11:34.615 12674 13220 D DBReader: getFavoriteIDList() called
08-05 20:11:34.615 12674 13220 D DBReader: getQueueIDList() called
08-05 20:11:34.616 12674 13220 D DBReader: Extracting Feedlist
08-05 20:11:34.644 12674 13436 D DBWriter: updateFeedDownloadURL(original: http://sixgun.org/files/linuxoutlaws.jpg, updated: https://fab.industries/sixgun/files/linuxoutlaws.jpg)
08-05 20:11:34.651 12674 12674 D MainActivity: getLastNavFragment() -> AddFeedFragment
08-05 20:11:34.651 13866 13866 I GoogleInputMethodServic: GoogleInputMethodService.onFinishInput():3138 
08-05 20:11:34.652 13866 13866 I GoogleInputMethodServic: GoogleInputMethodService.onStartInput():1808 
08-05 20:11:34.738 12674 12687 I art     : Starting a blocking GC Explicit
08-05 20:11:34.765 13866 13882 I PeriodicStatsRunner: PeriodicStatsRunner.call():175 call()
08-05 20:11:34.765 13866 13882 I PeriodicStatsRunner: PeriodicStatsRunner.call():179 No submit PeriodicStats since input started.
08-05 20:11:34.792 12674 12687 I art     : Explicit concurrent mark sweep GC freed 3109(185KB) AllocSpace objects, 1(20KB) LOS objects, 23% free, 50MB/66MB, paused 1.547ms total 54.215ms
08-05 20:11:34.794 12674 13436 D MYTAG   : interceptor 2a
08-05 20:11:34.795 12674 13436 I NAPPA_EXPERIMENTATION: MetricNetworkRequestExecutionTime: REQUEST_DURATION_SYSTEM='202',REQUEST_DURATION_OKHTTP='147',REQUEST_SYNCHRONOUS='TRUE',RESPONSE_CODE='404',RESPONSE_METHOD='GET',RESPONSE_LENGTH_OKHTTP='-1',RESPONSE_LENGTH_HEADER='1503',REQUEST_PROTOCOL='h2',REQUEST_URL='https://fab.industries/sixgun/files/linuxoutlaws.jpg',
08-05 20:11:34.798 12674 12674 W Glide   : Load failed for http://sixgun.org/files/linuxoutlaws.jpg with size [224x224]
08-05 20:11:34.798 12674 12674 W Glide   : class com.bumptech.glide.load.engine.GlideException: Failed to load resource
08-05 20:11:34.798 12674 12674 W Glide   : There was 1 cause:
08-05 20:11:34.798 12674 12674 W Glide   : com.bumptech.glide.load.HttpException()
08-05 20:11:34.798 12674 12674 W Glide   :  call GlideException#logRootCauses(String) for more detail
08-05 20:11:34.798 12674 12674 W Glide   :   Cause (1 of 1): class com.bumptech.glide.load.engine.GlideException: Fetching data failed, class java.io.InputStream, REMOTE
08-05 20:11:34.798 12674 12674 W Glide   : There was 1 cause:
08-05 20:11:34.798 12674 12674 W Glide   : com.bumptech.glide.load.HttpException()
08-05 20:11:34.798 12674 12674 W Glide   :  call GlideException#logRootCauses(String) for more detail
08-05 20:11:34.798 12674 12674 W Glide   :     Cause (1 of 1): class com.bumptech.glide.load.HttpException: 
08-05 20:11:34.799 12674 12674 I Glide   : Root cause (1 of 1)
08-05 20:11:34.799 12674 12674 I Glide   : com.bumptech.glide.load.HttpException: 
08-05 20:11:34.799 12674 12674 I Glide   : 	at com.bumptech.glide.integration.okhttp3.OkHttpStreamFetcher.onResponse(OkHttpStreamFetcher.java:73)
08-05 20:11:34.799 12674 12674 I Glide   : 	at okhttp3.RealCall$AsyncCall.execute(RealCall.java:174)
08-05 20:11:34.799 12674 12674 I Glide   : 	at okhttp3.internal.NamedRunnable.run(NamedRunnable.java:32)
08-05 20:11:34.799 12674 12674 I Glide   : 	at java.util.concurrent.ThreadPoolExecutor.runWorker(ThreadPoolExecutor.java:1113)
08-05 20:11:34.799 12674 12674 I Glide   : 	at java.util.concurrent.ThreadPoolExecutor$Worker.run(ThreadPoolExecutor.java:588)
08-05 20:11:34.799 12674 12674 I Glide   : 	at java.lang.Thread.run(Thread.java:818)
08-05 20:11:34.800 12674 12674 W Glide   : Load failed for http://sixgun.org/files/linuxoutlaws.jpg with size [224x224]
08-05 20:11:34.800 12674 12674 W Glide   : class com.bumptech.glide.load.engine.GlideException: Failed to load resource
08-05 20:11:34.800 12674 12674 W Glide   : There was 1 cause:
08-05 20:11:34.800 12674 12674 W Glide   : com.bumptech.glide.load.HttpException()
08-05 20:11:34.800 12674 12674 W Glide   :  call GlideException#logRootCauses(String) for more detail
08-05 20:11:34.800 12674 12674 W Glide   :   Cause (1 of 1): class com.bumptech.glide.load.engine.GlideException: Fetching data failed, class java.io.InputStream, REMOTE
08-05 20:11:34.800 12674 12674 W Glide   : There was 1 cause:
08-05 20:11:34.800 12674 12674 W Glide   : com.bumptech.glide.load.HttpException()
08-05 20:11:34.800 12674 12674 W Glide   :  call GlideException#logRootCauses(String) for more detail
08-05 20:11:34.800 12674 12674 W Glide   :     Cause (1 of 1): class com.bumptech.glide.load.HttpException: 
08-05 20:11:34.800 12674 12674 I Glide   : Root cause (1 of 1)
08-05 20:11:34.800 12674 12674 I Glide   : com.bumptech.glide.load.HttpException: 
08-05 20:11:34.800 12674 12674 I Glide   : 	at com.bumptech.glide.integration.okhttp3.OkHttpStreamFetcher.onResponse(OkHttpStreamFetcher.java:73)
08-05 20:11:34.800 12674 12674 I Glide   : 	at okhttp3.RealCall$AsyncCall.execute(RealCall.java:174)
08-05 20:11:34.800 12674 12674 I Glide   : 	at okhttp3.internal.NamedRunnable.run(NamedRunnable.java:32)
08-05 20:11:34.800 12674 12674 I Glide   : 	at java.util.concurrent.ThreadPoolExecutor.runWorker(ThreadPoolExecutor.java:1113)
08-05 20:11:34.800 12674 12674 I Glide   : 	at java.util.concurrent.ThreadPoolExecutor$Worker.run(ThreadPoolExecutor.java:588)
08-05 20:11:34.800 12674 12674 I Glide   : 	at java.lang.Thread.run(Thread.java:818)
08-05 20:11:34.810 12674 12687 I art     : Starting a blocking GC Explicit
08-05 20:11:34.865 12674 12687 I art     : Explicit concurrent mark sweep GC freed 1060(101KB) AllocSpace objects, 0(0B) LOS objects, 23% free, 50MB/66MB, paused 1.888ms total 54.983ms
08-05 20:11:34.880 12674 12687 I art     : Starting a blocking GC Explicit
08-05 20:11:34.921   380   380 W SurfaceFlinger: couldn't log to binary event log: overflow.
08-05 20:11:34.934 12674 12687 I art     : Explicit concurrent mark sweep GC freed 66(2288B) AllocSpace objects, 0(0B) LOS objects, 23% free, 50MB/66MB, paused 2.358ms total 53.716ms
08-05 20:11:34.950 12674 12687 I art     : Starting a blocking GC Explicit
08-05 20:11:34.990 12674 12687 I art     : Explicit concurrent mark sweep GC freed 561(24KB) AllocSpace objects, 0(0B) LOS objects, 23% free, 50MB/66MB, paused 1.620ms total 39.825ms
08-05 20:11:35.003 12674 12687 I art     : Starting a blocking GC Explicit
08-05 20:11:35.046 12674 12687 I art     : Explicit concurrent mark sweep GC freed 2866(236KB) AllocSpace objects, 1(28KB) LOS objects, 24% free, 50MB/66MB, paused 1.568ms total 42.791ms
08-05 20:11:35.399 12674 13826 I art     : Starting a blocking GC Explicit
08-05 20:11:35.455 12674 13826 I art     : Explicit concurrent mark sweep GC freed 1382(83KB) AllocSpace objects, 1(20KB) LOS objects, 24% free, 50MB/66MB, paused 1.697ms total 55.334ms
08-05 20:11:35.471 12674 13826 I art     : Starting a blocking GC Explicit
08-05 20:11:35.520 12674 13826 I art     : Explicit concurrent mark sweep GC freed 23(752B) AllocSpace objects, 0(0B) LOS objects, 24% free, 50MB/66MB, paused 1.646ms total 48.893ms
08-05 20:11:35.534 12674 13826 I art     : Starting a blocking GC Explicit
08-05 20:11:35.577 12674 13826 I art     : Explicit concurrent mark sweep GC freed 3(96B) AllocSpace objects, 0(0B) LOS objects, 24% free, 50MB/66MB, paused 1.554ms total 42.822ms
08-05 20:11:35.590 12674 13826 I art     : Starting a blocking GC Explicit
08-05 20:11:35.634 12674 13826 I art     : Explicit concurrent mark sweep GC freed 3(96B) AllocSpace objects, 0(0B) LOS objects, 24% free, 50MB/66MB, paused 1.594ms total 44.029ms
08-05 20:11:35.647 12674 13826 I art     : Starting a blocking GC Explicit
08-05 20:11:35.677 11709 11709 I ServiceManager: Waiting for service AtCmdFwd...
08-05 20:11:35.686 12674 13826 I art     : Explicit concurrent mark sweep GC freed 3(96B) AllocSpace objects, 0(0B) LOS objects, 24% free, 50MB/66MB, paused 1.541ms total 39.039ms
08-05 20:11:36.023 12674 13232 I art     : Starting a blocking GC Explicit
08-05 20:11:36.075 12674 13232 I art     : Explicit concurrent mark sweep GC freed 1412(82KB) AllocSpace objects, 1(20KB) LOS objects, 24% free, 50MB/66MB, paused 1.690ms total 51.584ms
08-05 20:11:36.092 12674 13232 I art     : Starting a blocking GC Explicit
08-05 20:11:36.135 12674 13232 I art     : Explicit concurrent mark sweep GC freed 23(752B) AllocSpace objects, 0(0B) LOS objects, 24% free, 50MB/66MB, paused 1.619ms total 42.262ms
08-05 20:11:36.135 12674 12685 I art     : WaitForGcToComplete blocked for 37.418ms for cause HeapTrim
08-05 20:11:36.148 12674 13232 I art     : Starting a blocking GC Explicit
08-05 20:11:36.191 12674 13232 I art     : Explicit concurrent mark sweep GC freed 3(96B) AllocSpace objects, 0(0B) LOS objects, 24% free, 50MB/66MB, paused 1.541ms total 42.930ms
08-05 20:11:36.204 12674 13232 I art     : Starting a blocking GC Explicit
08-05 20:11:36.248 12674 13232 I art     : Explicit concurrent mark sweep GC freed 10(320B) AllocSpace objects, 0(0B) LOS objects, 24% free, 50MB/66MB, paused 1.754ms total 44.146ms
08-05 20:11:36.262 12674 13232 I art     : Starting a blocking GC Explicit
08-05 20:11:36.305 12674 13232 I art     : Explicit concurrent mark sweep GC freed 15(480B) AllocSpace objects, 0(0B) LOS objects, 24% free, 50MB/66MB, paused 1.558ms total 42.665ms
08-05 20:11:36.383 16041 16041 D AndroidRuntime: >>>>>> START com.android.internal.os.RuntimeInit uid 2000 <<<<<<
08-05 20:11:36.390 16041 16041 D AndroidRuntime: CheckJNI is OFF
08-05 20:11:36.431 16041 16041 D ICU     : No timezone override file found: /data/misc/zoneinfo/current/icu/icu_tzdata.dat
08-05 20:11:36.475 16041 16041 I Radio-JNI: register_android_hardware_Radio DONE
08-05 20:11:36.503 16041 16041 D AndroidRuntime: Calling main entry com.android.commands.input.Input
08-05 20:11:36.505 16041 16041 I Input   : injectKeyEvent: KeyEvent { action=ACTION_DOWN, keyCode=KEYCODE_BACK, scanCode=0, metaState=0, flags=0x0, repeatCount=0, eventTime=821512918, downTime=821512918, deviceId=-1, source=0x101 }
08-05 20:11:36.510 16041 16041 I Input   : injectKeyEvent: KeyEvent { action=ACTION_UP, keyCode=KEYCODE_BACK, scanCode=0, metaState=0, flags=0x0, repeatCount=0, eventTime=821512918, downTime=821512918, deviceId=-1, source=0x101 }
08-05 20:11:36.533 16041 16041 D AndroidRuntime: Shutting down VM
08-05 20:11:36.664 12674 12687 I art     : Starting a blocking GC Explicit
08-05 20:11:36.678 11709 11709 I ServiceManager: Waiting for service AtCmdFwd...
08-05 20:11:36.711 12674 12687 I art     : Explicit concurrent mark sweep GC freed 3601(172KB) AllocSpace objects, 1(20KB) LOS objects, 23% free, 50MB/66MB, paused 1.649ms total 46.635ms
08-05 20:11:36.724 12674 12687 I art     : Starting a blocking GC Explicit
08-05 20:11:36.767 12674 12687 I art     : Explicit concurrent mark sweep GC freed 5359(394KB) AllocSpace objects, 9(1620KB) LOS objects, 24% free, 48MB/64MB, paused 1.570ms total 42.986ms
08-05 20:11:36.780 12674 12687 I art     : Starting a blocking GC Explicit
08-05 20:11:36.822 12674 12687 I art     : Explicit concurrent mark sweep GC freed 32(880B) AllocSpace objects, 0(0B) LOS objects, 24% free, 48MB/64MB, paused 1.546ms total 41.536ms
08-05 20:11:36.835 12674 12687 I art     : Starting a blocking GC Explicit
08-05 20:11:36.878 12674 12687 I art     : Explicit concurrent mark sweep GC freed 3(96B) AllocSpace objects, 0(0B) LOS objects, 24% free, 48MB/64MB, paused 1.652ms total 42.522ms
08-05 20:11:36.892 12674 12687 I art     : Starting a blocking GC Explicit
08-05 20:11:36.934 12674 12687 I art     : Explicit concurrent mark sweep GC freed 3(96B) AllocSpace objects, 0(0B) LOS objects, 24% free, 48MB/64MB, paused 1.570ms total 42.319ms
08-05 20:11:37.292 12674 13232 I art     : Starting a blocking GC Explicit
08-05 20:11:37.348 12674 13232 I art     : Explicit concurrent mark sweep GC freed 1382(82KB) AllocSpace objects, 1(20KB) LOS objects, 24% free, 48MB/64MB, paused 1.786ms total 54.901ms
08-05 20:11:37.361 12674 13232 I art     : Starting a blocking GC Explicit
08-05 20:11:37.404 12674 13232 I art     : Explicit concurrent mark sweep GC freed 23(752B) AllocSpace objects, 0(0B) LOS objects, 24% free, 48MB/64MB, paused 1.586ms total 42.372ms
08-05 20:11:37.417 12674 13232 I art     : Starting a blocking GC Explicit
08-05 20:11:37.459 12674 13232 I art     : Explicit concurrent mark sweep GC freed 3(96B) AllocSpace objects, 0(0B) LOS objects, 24% free, 48MB/64MB, paused 1.516ms total 42.302ms
08-05 20:11:37.472 12674 13232 I art     : Starting a blocking GC Explicit
08-05 20:11:37.515 12674 13232 I art     : Explicit concurrent mark sweep GC freed 3(96B) AllocSpace objects, 0(0B) LOS objects, 24% free, 48MB/64MB, paused 1.563ms total 42.029ms
08-05 20:11:37.528 12674 13232 I art     : Starting a blocking GC Explicit
08-05 20:11:37.570 12674 13232 I art     : Explicit concurrent mark sweep GC freed 3(96B) AllocSpace objects, 0(0B) LOS objects, 24% free, 48MB/64MB, paused 1.511ms total 42.245ms
08-05 20:11:37.678 11709 11709 I ServiceManager: Waiting for service AtCmdFwd...
08-05 20:11:37.923 12674 13826 I art     : Starting a blocking GC Explicit
08-05 20:11:37.969 12674 13826 I art     : Explicit concurrent mark sweep GC freed 1410(82KB) AllocSpace objects, 1(20KB) LOS objects, 24% free, 48MB/64MB, paused 1.775ms total 44.955ms
08-05 20:11:37.982 12674 13826 I art     : Starting a blocking GC Explicit
08-05 20:11:38.022 12674 13826 I art     : Explicit concurrent mark sweep GC freed 23(752B) AllocSpace objects, 0(0B) LOS objects, 24% free, 48MB/64MB, paused 1.531ms total 39.744ms
08-05 20:11:38.034 12674 13826 I art     : Starting a blocking GC Explicit
08-05 20:11:38.074 12674 13826 I art     : Explicit concurrent mark sweep GC freed 3(96B) AllocSpace objects, 0(0B) LOS objects, 24% free, 48MB/64MB, paused 1.558ms total 39.863ms
08-05 20:11:38.087 12674 13826 I art     : Starting a blocking GC Explicit
08-05 20:11:38.130 12674 13826 I art     : Explicit concurrent mark sweep GC freed 3(96B) AllocSpace objects, 0(0B) LOS objects, 24% free, 48MB/64MB, paused 1.587ms total 42.328ms
08-05 20:11:38.143 12674 13826 I art     : Starting a blocking GC Explicit
08-05 20:11:38.181 12674 13826 I art     : Explicit concurrent mark sweep GC freed 9(288B) AllocSpace objects, 0(0B) LOS objects, 24% free, 48MB/64MB, paused 1.499ms total 38.037ms
08-05 20:11:38.312 16102 16102 D AndroidRuntime: >>>>>> START com.android.internal.os.RuntimeInit uid 2000 <<<<<<
08-05 20:11:38.319 16102 16102 D AndroidRuntime: CheckJNI is OFF
08-05 20:11:38.361 16102 16102 D ICU     : No timezone override file found: /data/misc/zoneinfo/current/icu/icu_tzdata.dat
08-05 20:11:38.404 16102 16102 I Radio-JNI: register_android_hardware_Radio DONE
08-05 20:11:38.432 16102 16102 D AndroidRuntime: Calling main entry com.android.commands.input.Input
08-05 20:11:38.434 16102 16102 I Input   : injectMotionEvent: MotionEvent { action=ACTION_DOWN, actionButton=0, id[0]=0, x[0]=603.0, y[0]=1061.0, toolType[0]=TOOL_TYPE_UNKNOWN, buttonState=0, metaState=0, flags=0x0, edgeFlags=0x0, pointerCount=1, historySize=0, eventTime=821514847, downTime=821514847, deviceId=0, source=0x1002 }
08-05 20:11:38.438 16102 16102 I Input   : injectMotionEvent: MotionEvent { action=ACTION_UP, actionButton=0, id[0]=0, x[0]=603.0, y[0]=1061.0, toolType[0]=TOOL_TYPE_UNKNOWN, buttonState=0, metaState=0, flags=0x0, edgeFlags=0x0, pointerCount=1, historySize=0, eventTime=821514847, downTime=821514847, deviceId=0, source=0x1002 }
08-05 20:11:38.440 16102 16102 D AndroidRuntime: Shutting down VM
08-05 20:11:38.445   512  2967 D audio_hw_primary: out_set_parameters: enter: usecase(1: low-latency-playback) kvpairs: routing=2
08-05 20:11:38.458   512  2967 D audio_hw_primary: select_devices: out_snd_device(2: speaker) in_snd_device(0: none)
08-05 20:11:38.458   512  2967 D msm8974_platform: platform_send_audio_calibration: sending audio calibration for snd_device(2) acdb_id(15)
08-05 20:11:38.458   512  2967 I soundtrigger: audio_extn_sound_trigger_update_device_status: device 0x2 of type 0 for Event 1
08-05 20:11:38.469   512  2967 D audio_hw_primary: enable_snd_device: snd_device(2: speaker)
08-05 20:11:38.471   512  2967 D audio_hw_primary: enable_audio_route: apply and update mixer path: low-latency-playback speaker
08-05 20:11:38.543 12674 16130 I NAPPA_EXPERIMENTATION: MetricNetworkRequestExecutionTime: REQUEST_DURATION_SYSTEM='78',REQUEST_DURATION_OKHTTP='77',REQUEST_SYNCHRONOUS='TRUE',RESPONSE_CODE='200',RESPONSE_METHOD='GET',RESPONSE_LENGTH_OKHTTP='37507',RESPONSE_LENGTH_HEADER='37507',REQUEST_PROTOCOL='http/1.1',REQUEST_URL='https://gpodder.net/toplist/50.json',
08-05 20:11:38.566 12674 12696 I art     : Starting a blocking GC Explicit
08-05 20:11:38.577 12674 15074 I NAPPA_EXPERIMENTATION: MetricNetworkRequestExecutionTime: REQUEST_DURATION_SYSTEM='109',REQUEST_DURATION_OKHTTP='108',REQUEST_SYNCHRONOUS='TRUE',RESPONSE_CODE='200',RESPONSE_METHOD='GET',RESPONSE_LENGTH_OKHTTP='2923',RESPONSE_LENGTH_HEADER='2923',REQUEST_PROTOCOL='http/1.1',REQUEST_URL='https://gpodder.net/api/2/tags/50.json',
08-05 20:11:38.611 12674 12696 I art     : Explicit concurrent mark sweep GC freed 8526(522KB) AllocSpace objects, 3(172KB) LOS objects, 24% free, 49MB/65MB, paused 1.664ms total 44.938ms
08-05 20:11:38.613 12674 13623 D ApOkHttpUrlLoader: buildLoadData() called with: model = [http://sixgun.org/files/linuxoutlaws.jpg], width = [224], height = [224]
08-05 20:11:38.615 12674 13436 D DBReader: getImageAuthentication() called with: imageUrl = [http://sixgun.org/files/linuxoutlaws.jpg]
08-05 20:11:38.619 12674 13436 D ApOkHttpUrlLoader: no credentials for 'http://sixgun.org/files/linuxoutlaws.jpg'
08-05 20:11:38.623 12674 12696 I art     : Starting a blocking GC Explicit
08-05 20:11:38.626 12674 13623 D ApOkHttpUrlLoader: buildLoadData() called with: model = [https://files.thisamericanlife.org/sites/all/themes/thislife/img/tal-name-1400x1400.png], width = [224], height = [224]
08-05 20:11:38.633 12674 13623 D ApOkHttpUrlLoader: buildLoadData() called with: model = [https://elroy.twit.tv/sites/default/files/styles/twit_album_art_2048x2048/public/images/shows/floss_weekly/album_art/audio/floss_albumart_mask.jpg?itok=IUjxKpwt], width = [224], height = [224]
08-05 20:11:38.639 12674 13623 D ApOkHttpUrlLoader: buildLoadData() called with: model = [http://ichef.bbci.co.uk/images/ic/3000x3000/p07kfvzb.jpg], width = [224], height = [224]
08-05 20:11:38.646 12674 13623 D ApOkHttpUrlLoader: buildLoadData() called with: model = [https://pl.tedcdn.com/rss_feed_images/ted_talks_main_podcast/video.png], width = [224], height = [224]
08-05 20:11:38.654 12674 13623 D ApOkHttpUrlLoader: buildLoadData() called with: model = [https://elroy.twit.tv/sites/default/files/styles/twit_album_art_2048x2048/public/images/shows/this_week_in_tech/album_art/audio/twit1400audio.jpg?itok=J0vhatZb], width = [224], height = [224]
08-05 20:11:38.655 12674 13436 D DBWriter: updateFeedDownloadURL(original: http://sixgun.org/files/linuxoutlaws.jpg, updated: https://fab.industries/sixgun/files/linuxoutlaws.jpg)
08-05 20:11:38.665 12674 12696 I art     : Explicit concurrent mark sweep GC freed 3232(173KB) AllocSpace objects, 2(260KB) LOS objects, 24% free, 50MB/66MB, paused 2.390ms total 41.743ms
08-05 20:11:38.666 12674 13623 D ApOkHttpUrlLoader: buildLoadData() called with: model = [http://ichef.bbci.co.uk/images/ic/3000x3000/p03gtk3j.jpg], width = [224], height = [224]
08-05 20:11:38.677 12674 12696 I art     : Starting a blocking GC Explicit
08-05 20:11:38.679 11709 11709 I ServiceManager: Waiting for service AtCmdFwd...
08-05 20:11:38.717 12674 12696 I art     : Explicit concurrent mark sweep GC freed 786(28KB) AllocSpace objects, 0(0B) LOS objects, 24% free, 50MB/66MB, paused 1.682ms total 39.624ms
08-05 20:11:38.729 12674 12696 I art     : Starting a blocking GC Explicit
08-05 20:11:38.768 12674 12696 I art     : Explicit concurrent mark sweep GC freed 45(1808B) AllocSpace objects, 0(0B) LOS objects, 24% free, 50MB/66MB, paused 1.745ms total 38.933ms
08-05 20:11:38.781 12674 12696 I art     : Starting a blocking GC Explicit
08-05 20:11:38.803 12674 13436 D MYTAG   : interceptor 2a
08-05 20:11:38.803 12674 13436 I NAPPA_EXPERIMENTATION: MetricNetworkRequestExecutionTime: REQUEST_DURATION_SYSTEM='183',REQUEST_DURATION_OKHTTP='142',REQUEST_SYNCHRONOUS='TRUE',RESPONSE_CODE='404',RESPONSE_METHOD='GET',RESPONSE_LENGTH_OKHTTP='-1',RESPONSE_LENGTH_HEADER='1503',REQUEST_PROTOCOL='h2',REQUEST_URL='https://fab.industries/sixgun/files/linuxoutlaws.jpg',
08-05 20:11:38.804 12674 12674 W Glide   : Load failed for http://sixgun.org/files/linuxoutlaws.jpg with size [224x224]
08-05 20:11:38.804 12674 12674 W Glide   : class com.bumptech.glide.load.engine.GlideException: Failed to load resource
08-05 20:11:38.804 12674 12674 W Glide   : There was 1 cause:
08-05 20:11:38.804 12674 12674 W Glide   : com.bumptech.glide.load.HttpException()
08-05 20:11:38.804 12674 12674 W Glide   :  call GlideException#logRootCauses(String) for more detail
08-05 20:11:38.804 12674 12674 W Glide   :   Cause (1 of 1): class com.bumptech.glide.load.engine.GlideException: Fetching data failed, class java.io.InputStream, REMOTE
08-05 20:11:38.804 12674 12674 W Glide   : There was 1 cause:
08-05 20:11:38.804 12674 12674 W Glide   : com.bumptech.glide.load.HttpException()
08-05 20:11:38.804 12674 12674 W Glide   :  call GlideException#logRootCauses(String) for more detail
08-05 20:11:38.804 12674 12674 W Glide   :     Cause (1 of 1): class com.bumptech.glide.load.HttpException: 
08-05 20:11:38.804 12674 12674 I Glide   : Root cause (1 of 1)
08-05 20:11:38.804 12674 12674 I Glide   : com.bumptech.glide.load.HttpException: 
08-05 20:11:38.804 12674 12674 I Glide   : 	at com.bumptech.glide.integration.okhttp3.OkHttpStreamFetcher.onResponse(OkHttpStreamFetcher.java:73)
08-05 20:11:38.804 12674 12674 I Glide   : 	at okhttp3.RealCall$AsyncCall.execute(RealCall.java:174)
08-05 20:11:38.804 12674 12674 I Glide   : 	at okhttp3.internal.NamedRunnable.run(NamedRunnable.java:32)
08-05 20:11:38.804 12674 12674 I Glide   : 	at java.util.concurrent.ThreadPoolExecutor.runWorker(ThreadPoolExecutor.java:1113)
08-05 20:11:38.804 12674 12674 I Glide   : 	at java.util.concurrent.ThreadPoolExecutor$Worker.run(ThreadPoolExecutor.java:588)
08-05 20:11:38.804 12674 12674 I Glide   : 	at java.lang.Thread.run(Thread.java:818)
08-05 20:11:38.805 12674 12674 W Glide   : Load failed for http://sixgun.org/files/linuxoutlaws.jpg with size [224x224]
08-05 20:11:38.805 12674 12674 W Glide   : class com.bumptech.glide.load.engine.GlideException: Failed to load resource
08-05 20:11:38.805 12674 12674 W Glide   : There was 1 cause:
08-05 20:11:38.805 12674 12674 W Glide   : com.bumptech.glide.load.HttpException()
08-05 20:11:38.805 12674 12674 W Glide   :  call GlideException#logRootCauses(String) for more detail
08-05 20:11:38.805 12674 12674 W Glide   :   Cause (1 of 1): class com.bumptech.glide.load.engine.GlideException: Fetching data failed, class java.io.InputStream, REMOTE
08-05 20:11:38.805 12674 12674 W Glide   : There was 1 cause:
08-05 20:11:38.805 12674 12674 W Glide   : com.bumptech.glide.load.HttpException()
08-05 20:11:38.805 12674 12674 W Glide   :  call GlideException#logRootCauses(String) for more detail
08-05 20:11:38.805 12674 12674 W Glide   :     Cause (1 of 1): class com.bumptech.glide.load.HttpException: 
08-05 20:11:38.805 12674 12674 I Glide   : Root cause (1 of 1)
08-05 20:11:38.805 12674 12674 I Glide   : com.bumptech.glide.load.HttpException: 
08-05 20:11:38.805 12674 12674 I Glide   : 	at com.bumptech.glide.integration.okhttp3.OkHttpStreamFetcher.onResponse(OkHttpStreamFetcher.java:73)
08-05 20:11:38.805 12674 12674 I Glide   : 	at okhttp3.RealCall$AsyncCall.execute(RealCall.java:174)
08-05 20:11:38.805 12674 12674 I Glide   : 	at okhttp3.internal.NamedRunnable.run(NamedRunnable.java:32)
08-05 20:11:38.805 12674 12674 I Glide   : 	at java.util.concurrent.ThreadPoolExecutor.runWorker(ThreadPoolExecutor.java:1113)
08-05 20:11:38.805 12674 12674 I Glide   : 	at java.util.concurrent.ThreadPoolExecutor$Worker.run(ThreadPoolExecutor.java:588)
08-05 20:11:38.805 12674 12674 I Glide   : 	at java.lang.Thread.run(Thread.java:818)
08-05 20:11:38.824 12674 12696 I art     : Explicit concurrent mark sweep GC freed 453(70KB) AllocSpace objects, 0(0B) LOS objects, 24% free, 50MB/66MB, paused 1.642ms total 43.361ms
08-05 20:11:39.009   512  2967 D audio_hw_primary: disable_audio_route: reset and update mixer path: low-latency-playback speaker
08-05 20:11:39.010   512  2967 D audio_hw_primary: disable_snd_device: snd_device(2: speaker)
08-05 20:11:39.018   512  2967 I soundtrigger: audio_extn_sound_trigger_update_device_status: device 0x2 of type 0 for Event 0
08-05 20:11:39.185 12674 12687 I art     : Starting a blocking GC Explicit
08-05 20:11:39.230 12674 12687 I art     : Explicit concurrent mark sweep GC freed 1557(88KB) AllocSpace objects, 1(20KB) LOS objects, 24% free, 50MB/66MB, paused 1.448ms total 44.767ms
08-05 20:11:39.245 12674 12687 I art     : Starting a blocking GC Explicit
08-05 20:11:39.286 12674 12687 I art     : Explicit concurrent mark sweep GC freed 26(848B) AllocSpace objects, 0(0B) LOS objects, 24% free, 50MB/66MB, paused 1.559ms total 41.105ms
08-05 20:11:39.299 12674 12687 I art     : Starting a blocking GC Explicit
08-05 20:11:39.342 12674 12687 I art     : Explicit concurrent mark sweep GC freed 20(688B) AllocSpace objects, 0(0B) LOS objects, 24% free, 50MB/66MB, paused 1.556ms total 42.486ms
08-05 20:11:39.355 12674 12687 I art     : Starting a blocking GC Explicit
08-05 20:11:39.399 12674 12687 I art     : Explicit concurrent mark sweep GC freed 3(96B) AllocSpace objects, 0(0B) LOS objects, 24% free, 50MB/66MB, paused 1.627ms total 44.169ms
08-05 20:11:39.412 12674 12687 I art     : Starting a blocking GC Explicit
08-05 20:11:39.457 12674 12687 I art     : Explicit concurrent mark sweep GC freed 3(96B) AllocSpace objects, 0(0B) LOS objects, 24% free, 50MB/66MB, paused 1.591ms total 44.001ms
08-05 20:11:39.652 13866 13882 I PeriodicStatsRunner: PeriodicStatsRunner.call():175 call()
08-05 20:11:39.652 13866 13882 I PeriodicStatsRunner: PeriodicStatsRunner.call():179 No submit PeriodicStats since input started.
08-05 20:11:39.679 11709 11709 I ServiceManager: Waiting for service AtCmdFwd...
08-05 20:11:39.831 12674 12696 I art     : Starting a blocking GC Explicit
08-05 20:11:39.887 12674 12696 I art     : Explicit concurrent mark sweep GC freed 1410(81KB) AllocSpace objects, 1(20KB) LOS objects, 24% free, 50MB/66MB, paused 1.660ms total 55.186ms
08-05 20:11:39.901 12674 12696 I art     : Starting a blocking GC Explicit
08-05 20:11:39.946 12674 12696 I art     : Explicit concurrent mark sweep GC freed 23(768B) AllocSpace objects, 0(0B) LOS objects, 24% free, 50MB/66MB, paused 1.559ms total 44.267ms
08-05 20:11:39.959 12674 12696 I art     : Starting a blocking GC Explicit
08-05 20:11:40.004 12674 12696 I art     : Explicit concurrent mark sweep GC freed 3(96B) AllocSpace objects, 0(0B) LOS objects, 24% free, 50MB/66MB, paused 1.556ms total 44.556ms
08-05 20:11:40.017 12674 12696 I art     : Starting a blocking GC Explicit
08-05 20:11:40.062 12674 12696 I art     : Explicit concurrent mark sweep GC freed 3(96B) AllocSpace objects, 0(0B) LOS objects, 24% free, 50MB/66MB, paused 1.601ms total 44.570ms
08-05 20:11:40.076 12674 12696 I art     : Starting a blocking GC Explicit
08-05 20:11:40.124 12674 12696 I art     : Explicit concurrent mark sweep GC freed 3(96B) AllocSpace objects, 0(0B) LOS objects, 24% free, 50MB/66MB, paused 1.692ms total 47.749ms
08-05 20:11:40.502 12674 12696 I art     : Starting a blocking GC Explicit
08-05 20:11:40.550 12674 12696 I art     : Explicit concurrent mark sweep GC freed 1443(83KB) AllocSpace objects, 1(20KB) LOS objects, 24% free, 50MB/66MB, paused 1.563ms total 47.984ms
08-05 20:11:40.563 12674 12696 I art     : Starting a blocking GC Explicit
08-05 20:11:40.611 12674 12696 I art     : Explicit concurrent mark sweep GC freed 40(1328B) AllocSpace objects, 0(0B) LOS objects, 24% free, 50MB/66MB, paused 1.730ms total 47.029ms
08-05 20:11:40.624 12674 12696 I art     : Starting a blocking GC Explicit
08-05 20:11:40.671 12674 12696 I art     : Explicit concurrent mark sweep GC freed 3(96B) AllocSpace objects, 0(0B) LOS objects, 24% free, 50MB/66MB, paused 1.662ms total 46.464ms
08-05 20:11:40.680 11709 11709 W Atfwd_Sendcmd: AtCmdFwd service not published, waiting... retryCnt : 1
08-05 20:11:40.685 12674 12696 I art     : Starting a blocking GC Explicit
08-05 20:11:40.732 12674 12696 I art     : Explicit concurrent mark sweep GC freed 3(96B) AllocSpace objects, 0(0B) LOS objects, 24% free, 50MB/66MB, paused 1.498ms total 47.063ms
08-05 20:11:40.746 12674 12696 I art     : Starting a blocking GC Explicit
08-05 20:11:40.793 12674 12696 I art     : Explicit concurrent mark sweep GC freed 32(880B) AllocSpace objects, 0(0B) LOS objects, 24% free, 50MB/66MB, paused 1.640ms total 47.566ms
08-05 20:11:41.197 12674 12686 I art     : Starting a blocking GC Explicit
08-05 20:11:41.254 12674 12686 I art     : Explicit concurrent mark sweep GC freed 1381(81KB) AllocSpace objects, 1(20KB) LOS objects, 24% free, 50MB/66MB, paused 1.749ms total 57.050ms
08-05 20:11:41.271 12674 12686 I art     : Starting a blocking GC Explicit
08-05 20:11:41.320 12674 12686 I art     : Explicit concurrent mark sweep GC freed 23(752B) AllocSpace objects, 0(0B) LOS objects, 24% free, 50MB/66MB, paused 1.640ms total 47.983ms
08-05 20:11:41.333 12674 12686 I art     : Starting a blocking GC Explicit
08-05 20:11:41.381 12674 12686 I art     : Explicit concurrent mark sweep GC freed 3(96B) AllocSpace objects, 0(0B) LOS objects, 24% free, 50MB/66MB, paused 1.662ms total 47.958ms
08-05 20:11:41.395 12674 12686 I art     : Starting a blocking GC Explicit
08-05 20:11:41.443 12674 12686 I art     : Explicit concurrent mark sweep GC freed 3(96B) AllocSpace objects, 0(0B) LOS objects, 24% free, 50MB/66MB, paused 1.643ms total 47.708ms
08-05 20:11:41.457 12674 12686 I art     : Starting a blocking GC Explicit
08-05 20:11:41.506 12674 12686 I art     : Explicit concurrent mark sweep GC freed 3(96B) AllocSpace objects, 0(0B) LOS objects, 24% free, 50MB/66MB, paused 1.674ms total 48.499ms
08-05 20:11:41.896 12674 13232 I art     : Starting a blocking GC Explicit
08-05 20:11:41.957 12674 13232 I art     : Explicit concurrent mark sweep GC freed 1410(81KB) AllocSpace objects, 1(20KB) LOS objects, 24% free, 50MB/66MB, paused 1.760ms total 60.366ms
08-05 20:11:41.972 12674 13232 I art     : Starting a blocking GC Explicit
08-05 20:11:42.021 12674 13232 I art     : Explicit concurrent mark sweep GC freed 23(752B) AllocSpace objects, 0(0B) LOS objects, 24% free, 50MB/66MB, paused 1.675ms total 48.298ms
08-05 20:11:42.034 12674 13232 I art     : Starting a blocking GC Explicit
08-05 20:11:42.082 12674 13232 I art     : Explicit concurrent mark sweep GC freed 3(96B) AllocSpace objects, 0(0B) LOS objects, 24% free, 50MB/66MB, paused 1.626ms total 46.900ms
08-05 20:11:42.095 12674 13232 I art     : Starting a blocking GC Explicit
08-05 20:11:42.143 12674 13232 I art     : Explicit concurrent mark sweep GC freed 3(96B) AllocSpace objects, 0(0B) LOS objects, 24% free, 50MB/66MB, paused 1.659ms total 47.875ms
08-05 20:11:42.157 12674 13232 I art     : Starting a blocking GC Explicit
08-05 20:11:42.204 12674 13232 I art     : Explicit concurrent mark sweep GC freed 3(96B) AllocSpace objects, 0(0B) LOS objects, 24% free, 50MB/66MB, paused 1.660ms total 46.973ms
08-05 20:11:42.602 12674 12687 I art     : Starting a blocking GC Explicit
08-05 20:11:42.661 12674 12687 I art     : Explicit concurrent mark sweep GC freed 1382(82KB) AllocSpace objects, 1(20KB) LOS objects, 24% free, 50MB/66MB, paused 1.835ms total 58.762ms
08-05 20:11:42.678 12674 12687 I art     : Starting a blocking GC Explicit
08-05 20:11:42.731 12674 12687 I art     : Explicit concurrent mark sweep GC freed 23(752B) AllocSpace objects, 0(0B) LOS objects, 24% free, 50MB/66MB, paused 1.678ms total 52.292ms
08-05 20:11:42.744 12674 12687 I art     : Starting a blocking GC Explicit
08-05 20:11:42.791 12674 12687 I art     : Explicit concurrent mark sweep GC freed 32(880B) AllocSpace objects, 0(0B) LOS objects, 24% free, 50MB/66MB, paused 1.661ms total 46.189ms
08-05 20:11:42.805 12674 12687 I art     : Starting a blocking GC Explicit
08-05 20:11:42.853 12674 12687 I art     : Explicit concurrent mark sweep GC freed 3(96B) AllocSpace objects, 0(0B) LOS objects, 24% free, 50MB/66MB, paused 1.511ms total 47.382ms
08-05 20:11:42.867 12674 12687 I art     : Starting a blocking GC Explicit
08-05 20:11:42.915 12674 12687 I art     : Explicit concurrent mark sweep GC freed 3(96B) AllocSpace objects, 0(0B) LOS objects, 24% free, 50MB/66MB, paused 1.676ms total 48.425ms
08-05 20:11:43.316 12674 13826 I art     : Starting a blocking GC Explicit
08-05 20:11:43.375 12674 13826 I art     : Explicit concurrent mark sweep GC freed 1384(81KB) AllocSpace objects, 1(20KB) LOS objects, 24% free, 50MB/66MB, paused 1.632ms total 57.895ms
08-05 20:11:43.392 12674 13826 I art     : Starting a blocking GC Explicit
08-05 20:11:43.443 12674 13826 I art     : Explicit concurrent mark sweep GC freed 23(752B) AllocSpace objects, 0(0B) LOS objects, 24% free, 50MB/66MB, paused 1.667ms total 50.616ms
08-05 20:11:43.457 12674 13826 I art     : Starting a blocking GC Explicit
08-05 20:11:43.505 12674 13826 I art     : Explicit concurrent mark sweep GC freed 3(96B) AllocSpace objects, 0(0B) LOS objects, 24% free, 50MB/66MB, paused 1.658ms total 47.400ms
08-05 20:11:43.519 12674 13826 I art     : Starting a blocking GC Explicit
08-05 20:11:43.567 12674 13826 I art     : Explicit concurrent mark sweep GC freed 3(96B) AllocSpace objects, 0(0B) LOS objects, 24% free, 50MB/66MB, paused 1.516ms total 47.495ms
08-05 20:11:43.580 12674 13826 I art     : Starting a blocking GC Explicit
08-05 20:11:43.629 12674 13826 I art     : Explicit concurrent mark sweep GC freed 3(96B) AllocSpace objects, 0(0B) LOS objects, 24% free, 50MB/66MB, paused 1.698ms total 48.804ms
08-05 20:11:44.023 12674 12696 I art     : Starting a blocking GC Explicit
08-05 20:11:44.086 12674 12696 I art     : Explicit concurrent mark sweep GC freed 1410(81KB) AllocSpace objects, 1(20KB) LOS objects, 24% free, 50MB/66MB, paused 1.703ms total 63.005ms
08-05 20:11:44.102 12674 12696 I art     : Starting a blocking GC Explicit
08-05 20:11:44.149 12674 12696 I art     : Explicit concurrent mark sweep GC freed 23(752B) AllocSpace objects, 0(0B) LOS objects, 24% free, 50MB/66MB, paused 1.714ms total 46.800ms
08-05 20:11:44.163 12674 12696 I art     : Starting a blocking GC Explicit
08-05 20:11:44.211 12674 12696 I art     : Explicit concurrent mark sweep GC freed 3(96B) AllocSpace objects, 0(0B) LOS objects, 24% free, 50MB/66MB, paused 1.674ms total 47.537ms
08-05 20:11:44.225 12674 12696 I art     : Starting a blocking GC Explicit
08-05 20:11:44.273 12674 12696 I art     : Explicit concurrent mark sweep GC freed 3(96B) AllocSpace objects, 0(0B) LOS objects, 24% free, 50MB/66MB, paused 1.667ms total 47.678ms
08-05 20:11:44.286 12674 12696 I art     : Starting a blocking GC Explicit
08-05 20:11:44.336 12674 12696 I art     : Explicit concurrent mark sweep GC freed 3(96B) AllocSpace objects, 0(0B) LOS objects, 24% free, 50MB/66MB, paused 1.761ms total 49.377ms
08-05 20:11:44.745 12674 12686 I art     : Starting a blocking GC Explicit
08-05 20:11:44.790 12674 12686 I art     : Explicit concurrent mark sweep GC freed 1410(81KB) AllocSpace objects, 1(20KB) LOS objects, 24% free, 50MB/66MB, paused 1.660ms total 44.019ms
08-05 20:11:44.803 12674 12686 I art     : Starting a blocking GC Explicit
08-05 20:11:44.846 12674 12686 I art     : Explicit concurrent mark sweep GC freed 23(752B) AllocSpace objects, 0(0B) LOS objects, 24% free, 50MB/66MB, paused 1.594ms total 43.238ms
08-05 20:11:44.859 12674 12686 I art     : Starting a blocking GC Explicit
08-05 20:11:44.905 12674 12686 I art     : Explicit concurrent mark sweep GC freed 3(96B) AllocSpace objects, 0(0B) LOS objects, 24% free, 50MB/66MB, paused 1.663ms total 45.221ms
08-05 20:11:44.918 12674 12686 I art     : Starting a blocking GC Explicit
08-05 20:11:44.963 12674 12686 I art     : Explicit concurrent mark sweep GC freed 3(96B) AllocSpace objects, 0(0B) LOS objects, 24% free, 50MB/66MB, paused 1.627ms total 44.809ms
08-05 20:11:44.976 12674 12686 I art     : Starting a blocking GC Explicit
08-05 20:11:45.023 12674 12686 I art     : Explicit concurrent mark sweep GC freed 3(96B) AllocSpace objects, 0(0B) LOS objects, 24% free, 50MB/66MB, paused 1.681ms total 45.979ms
08-05 20:11:45.234 16226 16226 D AndroidRuntime: >>>>>> START com.android.internal.os.RuntimeInit uid 2000 <<<<<<
08-05 20:11:45.240 16226 16226 D AndroidRuntime: CheckJNI is OFF
08-05 20:11:45.281 16226 16226 D ICU     : No timezone override file found: /data/misc/zoneinfo/current/icu/icu_tzdata.dat
08-05 20:11:45.324 16226 16226 I Radio-JNI: register_android_hardware_Radio DONE
08-05 20:11:45.354 16226 16226 D AndroidRuntime: Calling main entry com.android.commands.input.Input
08-05 20:11:45.357 16226 16226 I Input   : injectMotionEvent: MotionEvent { action=ACTION_DOWN, actionButton=0, id[0]=0, x[0]=526.0, y[0]=597.0, toolType[0]=TOOL_TYPE_UNKNOWN, buttonState=0, metaState=0, flags=0x0, edgeFlags=0x0, pointerCount=1, historySize=0, eventTime=821521769, downTime=821521769, deviceId=0, source=0x1002 }
08-05 20:11:45.362 16226 16226 I Input   : injectMotionEvent: MotionEvent { action=ACTION_UP, actionButton=0, id[0]=0, x[0]=526.0, y[0]=597.0, toolType[0]=TOOL_TYPE_UNKNOWN, buttonState=0, metaState=0, flags=0x0, edgeFlags=0x0, pointerCount=1, historySize=0, eventTime=821521769, downTime=821521769, deviceId=0, source=0x1002 }
08-05 20:11:45.365 16226 16226 D AndroidRuntime: Shutting down VM
08-05 20:11:45.397 12674 13232 I art     : Starting a blocking GC Explicit
08-05 20:11:45.429 12674 12674 D PodcastListFragment: Selected podcast: GpodnetPodcast [url=http://feeds.feedburner.com/linuxoutlaws, title=Linux Outlaws, description=Two pragmatic geeks talk about the latest news concerning Linux, free and open
08-05 20:11:45.429 12674 12674 D PodcastListFragment: technology or anything else they deem noteworthy which may include such absurd
08-05 20:11:45.429 12674 12674 D PodcastListFragment: things as hockey or bands you never heard of. This means there's many a joke
08-05 20:11:45.429 12674 12674 D PodcastListFragment: and derailed conversation along the way, so don't come here expecting only
08-05 20:11:45.429 12674 12674 D PodcastListFragment: Linux or software freedom talk  just sit back and relax, partner., subscribers=3321, logoUrl=http://sixgun.org/files/linuxoutlaws.jpg, website=http://sixgun.org, mygpoLink=http://gpodder.net/podcast/linux-outlaws-mp3]
08-05 20:11:45.430   918  5481 I ActivityManager: START u0 {cmp=baseline.de.danoeh.antennapod.debug/baseline.de.danoeh.antennapod.activity.OnlineFeedViewActivity (has extras)} from uid 10695 on display 0
08-05 20:11:45.432   512  2967 D audio_hw_primary: out_set_parameters: enter: usecase(1: low-latency-playback) kvpairs: routing=2
08-05 20:11:45.445   512  2967 D audio_hw_primary: select_devices: out_snd_device(2: speaker) in_snd_device(0: none)
08-05 20:11:45.446   512  2967 D msm8974_platform: platform_send_audio_calibration: sending audio calibration for snd_device(2) acdb_id(15)
08-05 20:11:45.446   512  2967 I soundtrigger: audio_extn_sound_trigger_update_device_status: device 0x2 of type 0 for Event 1
08-05 20:11:45.448 12674 13232 I art     : Explicit concurrent mark sweep GC freed 1505(96KB) AllocSpace objects, 1(20KB) LOS objects, 24% free, 50MB/66MB, paused 1.982ms total 49.809ms
08-05 20:11:45.461   512  2967 D audio_hw_primary: enable_snd_device: snd_device(2: speaker)
08-05 20:11:45.462 12674 13232 I art     : Starting a blocking GC Explicit
08-05 20:11:45.464   512  2967 D audio_hw_primary: enable_audio_route: apply and update mixer path: low-latency-playback speaker
08-05 20:11:45.481 12674 12674 D UserPreferences: Using default data folder
08-05 20:11:45.484 12674 12674 D OnlineFeedViewActivity: Activity was started with url http://feeds.feedburner.com/linuxoutlaws
08-05 20:11:45.486 12674 12674 D OnlineFeedViewActivity: Starting feed download
08-05 20:11:45.489 12674 12694 D DBReader: Extracting Feedlist
08-05 20:11:45.492   918  6029 D WifiService: acquireWifiLockLocked: WifiLock{Downloader type=1 binder=android.os.BinderProxy@8a16fbd}
08-05 20:11:45.492 12674 12694 D AntennapodHttpClient: Creating new instance of HTTP client
08-05 20:11:45.504 12674 13232 I art     : Explicit concurrent mark sweep GC freed 1165(85KB) AllocSpace objects, 0(0B) LOS objects, 23% free, 50MB/66MB, paused 1.908ms total 41.537ms
08-05 20:11:45.516 12674 13232 I art     : Starting a blocking GC Explicit
08-05 20:11:45.546 13866 13866 I GoogleInputMethodServic: GoogleInputMethodService.onFinishInput():3138 
08-05 20:11:45.547 13866 13866 I GoogleInputMethodServic: GoogleInputMethodService.onStartInput():1808 
08-05 20:11:45.555 12674 13232 I art     : Explicit concurrent mark sweep GC freed 384(16KB) AllocSpace objects, 0(0B) LOS objects, 23% free, 50MB/66MB, paused 1.871ms total 39.361ms
08-05 20:11:45.571 12674 13232 I art     : Starting a blocking GC Explicit
08-05 20:11:45.576   918   936 I ActivityManager: Displayed baseline.de.danoeh.antennapod.debug/baseline.de.danoeh.antennapod.activity.OnlineFeedViewActivity: +126ms
08-05 20:11:45.606 12674 12695 D OpenGLRenderer: endAllStagingAnimators on 0x7f7bbab000 (GridView) with handle 0x7f795f9d60
08-05 20:11:45.606 12674 12694 D MYTAG   : interceptor 3a http://feeds.feedburner.com/linuxoutlaws
08-05 20:11:45.607 12674 12694 I NAPPA_EXPERIMENTATION: MetricNetworkRequestExecutionTime: REQUEST_DURATION_SYSTEM='114',REQUEST_DURATION_OKHTTP='39',REQUEST_SYNCHRONOUS='TRUE',RESPONSE_CODE='200',RESPONSE_METHOD='GET',RESPONSE_LENGTH_OKHTTP='-1',RESPONSE_LENGTH_HEADER='-2',REQUEST_PROTOCOL='http/1.1',REQUEST_URL='http://feeds.feedburner.com/linuxoutlaws',
08-05 20:11:45.607 12674 12694 D HttpDownloader: Response code is 200
08-05 20:11:45.607 12674 12694 D UserPreferences: Using default data folder
08-05 20:11:45.610 12674 12694 D HttpDownloader: Getting size of download
08-05 20:11:45.610 12674 12694 D HttpDownloader: Size is -1
08-05 20:11:45.610 12674 12694 D UserPreferences: Using default data folder
08-05 20:11:45.610 12674 12694 D HttpDownloader: Free space is 20170244096
08-05 20:11:45.610 12674 12694 D HttpDownloader: Starting download
08-05 20:11:45.618 12674 13232 I art     : Explicit concurrent mark sweep GC freed 275(21KB) AllocSpace objects, 0(0B) LOS objects, 23% free, 50MB/66MB, paused 1.710ms total 46.847ms
08-05 20:11:45.630 12674 12694 D HttpDownloader: Download was successful
08-05 20:11:45.631 12674 13232 I art     : Starting a blocking GC Explicit
08-05 20:11:45.632   918   928 D WifiService: releaseWifiLockLocked: WifiLock{Downloader type=1 binder=android.os.BinderProxy@8a16fbd}
08-05 20:11:45.635 12674 12674 D OnlineFeedViewActivity: Parsing feed
08-05 20:11:45.638 12674 16251 D TypeGetter: Recognized type RSS 2.0
08-05 20:11:45.640 12674 16251 D SyndHandler: Recognized Content namespace
08-05 20:11:45.640 12674 16251 D SyndHandler: Recognized DublinCore namespace
08-05 20:11:45.640 12674 16251 D SyndHandler: Recognized Atom namespace
08-05 20:11:45.640 12674 16251 D SyndHandler: Recognized ITunes namespace
08-05 20:11:45.641 12674 16251 D SyndHandler: Recognized media namespace
08-05 20:11:45.673 12674 13232 I art     : Explicit concurrent mark sweep GC freed 1605(376KB) AllocSpace objects, 3(60KB) LOS objects, 23% free, 50MB/66MB, paused 1.870ms total 41.456ms
08-05 20:11:45.680 11709 11709 I ServiceManager: Waiting for service AtCmdFwd...
08-05 20:11:45.683 12674 16251 D OnlineFeedViewActivity: Deleted feed source file. Result: true
08-05 20:11:45.683 12674 12674 D OnlineFeedViewActivity: Removing HTML from shownotes
08-05 20:11:45.701 12674 13623 D ApOkHttpUrlLoader: buildLoadData() called with: model = [http://sixgun.org/files/linuxoutlaws.jpg], width = [350], height = [350]
08-05 20:11:45.702 12674 13436 D DBReader: getImageAuthentication() called with: imageUrl = [http://sixgun.org/files/linuxoutlaws.jpg]
08-05 20:11:45.705 12674 13436 D ApOkHttpUrlLoader: no credentials for 'http://sixgun.org/files/linuxoutlaws.jpg'
08-05 20:11:45.741 12674 13436 D DBWriter: updateFeedDownloadURL(original: http://sixgun.org/files/linuxoutlaws.jpg, updated: https://fab.industries/sixgun/files/linuxoutlaws.jpg)
08-05 20:11:45.817   380   380 W SurfaceFlinger: couldn't log to binary event log: overflow.
08-05 20:11:45.889 12674 13436 D MYTAG   : interceptor 2a
08-05 20:11:45.889 12674 13436 I NAPPA_EXPERIMENTATION: MetricNetworkRequestExecutionTime: REQUEST_DURATION_SYSTEM='184',REQUEST_DURATION_OKHTTP='146',REQUEST_SYNCHRONOUS='TRUE',RESPONSE_CODE='404',RESPONSE_METHOD='GET',RESPONSE_LENGTH_OKHTTP='-1',RESPONSE_LENGTH_HEADER='1503',REQUEST_PROTOCOL='h2',REQUEST_URL='https://fab.industries/sixgun/files/linuxoutlaws.jpg',
08-05 20:11:45.890 12674 12674 W Glide   : Load failed for http://sixgun.org/files/linuxoutlaws.jpg with size [350x350]
08-05 20:11:45.890 12674 12674 W Glide   : class com.bumptech.glide.load.engine.GlideException: Failed to load resource
08-05 20:11:45.890 12674 12674 W Glide   : There was 1 cause:
08-05 20:11:45.890 12674 12674 W Glide   : com.bumptech.glide.load.HttpException()
08-05 20:11:45.890 12674 12674 W Glide   :  call GlideException#logRootCauses(String) for more detail
08-05 20:11:45.890 12674 12674 W Glide   :   Cause (1 of 1): class com.bumptech.glide.load.engine.GlideException: Fetching data failed, class java.io.InputStream, REMOTE
08-05 20:11:45.890 12674 12674 W Glide   : There was 1 cause:
08-05 20:11:45.890 12674 12674 W Glide   : com.bumptech.glide.load.HttpException()
08-05 20:11:45.890 12674 12674 W Glide   :  call GlideException#logRootCauses(String) for more detail
08-05 20:11:45.890 12674 12674 W Glide   :     Cause (1 of 1): class com.bumptech.glide.load.HttpException: 
08-05 20:11:45.890 12674 12674 I Glide   : Root cause (1 of 1)
08-05 20:11:45.890 12674 12674 I Glide   : com.bumptech.glide.load.HttpException: 
08-05 20:11:45.890 12674 12674 I Glide   : 	at com.bumptech.glide.integration.okhttp3.OkHttpStreamFetcher.onResponse(OkHttpStreamFetcher.java:73)
08-05 20:11:45.890 12674 12674 I Glide   : 	at okhttp3.RealCall$AsyncCall.execute(RealCall.java:174)
08-05 20:11:45.890 12674 12674 I Glide   : 	at okhttp3.internal.NamedRunnable.run(NamedRunnable.java:32)
08-05 20:11:45.890 12674 12674 I Glide   : 	at java.util.concurrent.ThreadPoolExecutor.runWorker(ThreadPoolExecutor.java:1113)
08-05 20:11:45.890 12674 12674 I Glide   : 	at java.util.concurrent.ThreadPoolExecutor$Worker.run(ThreadPoolExecutor.java:588)
08-05 20:11:45.890 12674 12674 I Glide   : 	at java.lang.Thread.run(Thread.java:818)
08-05 20:11:45.940 12674 12674 D PlaybackController: Releasing PlaybackController
08-05 20:11:46.008   512  2967 D audio_hw_primary: disable_audio_route: reset and update mixer path: low-latency-playback speaker
08-05 20:11:46.010   512  2967 D audio_hw_primary: disable_snd_device: snd_device(2: speaker)
08-05 20:11:46.016 12674 12686 I art     : Starting a blocking GC Explicit
08-05 20:11:46.017   512  2967 I soundtrigger: audio_extn_sound_trigger_update_device_status: device 0x2 of type 0 for Event 0
08-05 20:11:46.064 12674 12686 I art     : Explicit concurrent mark sweep GC freed 6525(532KB) AllocSpace objects, 12(768KB) LOS objects, 23% free, 51MB/67MB, paused 1.609ms total 47.580ms
08-05 20:11:46.077 12674 12686 I art     : Starting a blocking GC Explicit
08-05 20:11:46.123 12674 12686 I art     : Explicit concurrent mark sweep GC freed 789(36KB) AllocSpace objects, 1(112KB) LOS objects, 23% free, 50MB/66MB, paused 1.747ms total 45.785ms
08-05 20:11:46.137 12674 12686 I art     : Starting a blocking GC Explicit
08-05 20:11:46.184 12674 12686 I art     : Explicit concurrent mark sweep GC freed 3(96B) AllocSpace objects, 0(0B) LOS objects, 23% free, 50MB/66MB, paused 1.588ms total 46.308ms
08-05 20:11:46.197 12674 12686 I art     : Starting a blocking GC Explicit
08-05 20:11:46.242 12674 12686 I art     : Explicit concurrent mark sweep GC freed 3(96B) AllocSpace objects, 0(0B) LOS objects, 23% free, 50MB/66MB, paused 1.545ms total 44.699ms
08-05 20:11:46.256 12674 12686 I art     : Starting a blocking GC Explicit
08-05 20:11:46.302 12674 12686 I art     : Explicit concurrent mark sweep GC freed 3(96B) AllocSpace objects, 0(0B) LOS objects, 23% free, 50MB/66MB, paused 1.605ms total 46.089ms
08-05 20:11:46.302 12674 12685 I art     : WaitForGcToComplete blocked for 46.395ms for cause HeapTrim
08-05 20:11:46.674 12674 12696 I art     : Starting a blocking GC Explicit
08-05 20:11:46.681 11709 11709 I ServiceManager: Waiting for service AtCmdFwd...
08-05 20:11:46.732 12674 12696 I art     : Explicit concurrent mark sweep GC freed 1381(81KB) AllocSpace objects, 1(20KB) LOS objects, 23% free, 50MB/66MB, paused 1.705ms total 57.397ms
08-05 20:11:46.749 12674 12696 I art     : Starting a blocking GC Explicit
08-05 20:11:46.796 12674 12696 I art     : Explicit concurrent mark sweep GC freed 52(1552B) AllocSpace objects, 0(0B) LOS objects, 23% free, 50MB/66MB, paused 1.584ms total 46.679ms
08-05 20:11:46.809 12674 12696 I art     : Starting a blocking GC Explicit
08-05 20:11:46.855 12674 12696 I art     : Explicit concurrent mark sweep GC freed 3(96B) AllocSpace objects, 0(0B) LOS objects, 23% free, 50MB/66MB, paused 1.604ms total 45.339ms
08-05 20:11:46.868 12674 12696 I art     : Starting a blocking GC Explicit
08-05 20:11:46.914 12674 12696 I art     : Explicit concurrent mark sweep GC freed 3(96B) AllocSpace objects, 0(0B) LOS objects, 23% free, 50MB/66MB, paused 1.609ms total 45.748ms
08-05 20:11:46.928 12674 12696 I art     : Starting a blocking GC Explicit
08-05 20:11:46.974 12674 12696 I art     : Explicit concurrent mark sweep GC freed 3(96B) AllocSpace objects, 0(0B) LOS objects, 23% free, 50MB/66MB, paused 1.595ms total 46.433ms
08-05 20:11:47.383 12674 12696 I art     : Starting a blocking GC Explicit
08-05 20:11:47.430 12674 12696 I art     : Explicit concurrent mark sweep GC freed 1396(81KB) AllocSpace objects, 1(20KB) LOS objects, 23% free, 50MB/66MB, paused 1.629ms total 46.090ms
08-05 20:11:47.444 12674 12696 I art     : Starting a blocking GC Explicit
08-05 20:11:47.491 12674 12696 I art     : Explicit concurrent mark sweep GC freed 31(1008B) AllocSpace objects, 0(0B) LOS objects, 23% free, 50MB/66MB, paused 1.461ms total 46.177ms
08-05 20:11:47.505 12674 12696 I art     : Starting a blocking GC Explicit
08-05 20:11:47.550 12674 12696 I art     : Explicit concurrent mark sweep GC freed 9(288B) AllocSpace objects, 0(0B) LOS objects, 23% free, 50MB/66MB, paused 1.641ms total 44.470ms
08-05 20:11:47.563 12674 12696 I art     : Starting a blocking GC Explicit
08-05 20:11:47.610 12674 12696 I art     : Explicit concurrent mark sweep GC freed 4(128B) AllocSpace objects, 0(0B) LOS objects, 23% free, 50MB/66MB, paused 1.555ms total 46.338ms
08-05 20:11:47.624 12674 12696 I art     : Starting a blocking GC Explicit
08-05 20:11:47.672 12674 12696 I art     : Explicit concurrent mark sweep GC freed 3(96B) AllocSpace objects, 0(0B) LOS objects, 23% free, 50MB/66MB, paused 1.687ms total 48.448ms
08-05 20:11:47.681 11709 11709 I ServiceManager: Waiting for service AtCmdFwd...
08-05 20:11:48.062 12674 13826 I art     : Starting a blocking GC Explicit
08-05 20:11:48.125 12674 13826 I art     : Explicit concurrent mark sweep GC freed 1410(81KB) AllocSpace objects, 1(20KB) LOS objects, 23% free, 50MB/66MB, paused 1.600ms total 62.713ms
08-05 20:11:48.141 12674 13826 I art     : Starting a blocking GC Explicit
08-05 20:11:48.191 12674 13826 I art     : Explicit concurrent mark sweep GC freed 23(752B) AllocSpace objects, 0(0B) LOS objects, 23% free, 50MB/66MB, paused 1.670ms total 49.943ms
08-05 20:11:48.205 12674 13826 I art     : Starting a blocking GC Explicit
08-05 20:11:48.255 12674 13826 I art     : Explicit concurrent mark sweep GC freed 3(96B) AllocSpace objects, 0(0B) LOS objects, 23% free, 50MB/66MB, paused 1.598ms total 49.893ms
08-05 20:11:48.269 12674 13826 I art     : Starting a blocking GC Explicit
08-05 20:11:48.319 12674 13826 I art     : Explicit concurrent mark sweep GC freed 3(96B) AllocSpace objects, 0(0B) LOS objects, 23% free, 50MB/66MB, paused 1.681ms total 50.189ms
08-05 20:11:48.333 12674 13826 I art     : Starting a blocking GC Explicit
08-05 20:11:48.384 12674 13826 I art     : Explicit concurrent mark sweep GC freed 3(96B) AllocSpace objects, 0(0B) LOS objects, 23% free, 50MB/66MB, paused 1.653ms total 50.696ms
08-05 20:11:48.682 11709 11709 I ServiceManager: Waiting for service AtCmdFwd...
08-05 20:11:48.772 12674 13232 I art     : Starting a blocking GC Explicit
08-05 20:11:48.832 12674 13232 I art     : Explicit concurrent mark sweep GC freed 1410(81KB) AllocSpace objects, 1(20KB) LOS objects, 23% free, 50MB/66MB, paused 1.845ms total 59.794ms
08-05 20:11:48.849 12674 13232 I art     : Starting a blocking GC Explicit
08-05 20:11:48.900 12674 13232 I art     : Explicit concurrent mark sweep GC freed 23(752B) AllocSpace objects, 0(0B) LOS objects, 23% free, 50MB/66MB, paused 1.668ms total 50.269ms
08-05 20:11:48.918 12674 13232 I art     : Starting a blocking GC Explicit
08-05 20:11:48.969 12674 13232 I art     : Explicit concurrent mark sweep GC freed 3(96B) AllocSpace objects, 0(0B) LOS objects, 23% free, 50MB/66MB, paused 1.708ms total 51.142ms
08-05 20:11:48.983 12674 13232 I art     : Starting a blocking GC Explicit
08-05 20:11:49.031 12674 13232 I art     : Explicit concurrent mark sweep GC freed 3(96B) AllocSpace objects, 0(0B) LOS objects, 23% free, 50MB/66MB, paused 1.681ms total 47.319ms
08-05 20:11:49.045 12674 13232 I art     : Starting a blocking GC Explicit
08-05 20:11:49.096 12674 13232 I art     : Explicit concurrent mark sweep GC freed 3(96B) AllocSpace objects, 0(0B) LOS objects, 23% free, 50MB/66MB, paused 1.648ms total 50.511ms
08-05 20:11:49.498 12674 12686 I art     : Starting a blocking GC Explicit
08-05 20:11:49.561 12674 12686 I art     : Explicit concurrent mark sweep GC freed 1382(83KB) AllocSpace objects, 1(20KB) LOS objects, 23% free, 50MB/66MB, paused 1.763ms total 62.584ms
08-05 20:11:49.578 12674 12686 I art     : Starting a blocking GC Explicit
08-05 20:11:49.627 12674 12686 I art     : Explicit concurrent mark sweep GC freed 23(752B) AllocSpace objects, 0(0B) LOS objects, 23% free, 50MB/66MB, paused 1.611ms total 47.941ms
08-05 20:11:49.640 12674 12686 I art     : Starting a blocking GC Explicit
08-05 20:11:49.681 12674 12686 I art     : Explicit concurrent mark sweep GC freed 3(96B) AllocSpace objects, 0(0B) LOS objects, 23% free, 50MB/66MB, paused 1.584ms total 40.937ms
08-05 20:11:49.682 11709 11709 I ServiceManager: Waiting for service AtCmdFwd...
08-05 20:11:49.693 12674 12686 I art     : Starting a blocking GC Explicit
08-05 20:11:49.737 12674 12686 I art     : Explicit concurrent mark sweep GC freed 3(96B) AllocSpace objects, 0(0B) LOS objects, 23% free, 50MB/66MB, paused 1.568ms total 42.968ms
08-05 20:11:49.749 12674 12686 I art     : Starting a blocking GC Explicit
08-05 20:11:49.797 12674 12686 I art     : Explicit concurrent mark sweep GC freed 32(880B) AllocSpace objects, 0(0B) LOS objects, 23% free, 50MB/66MB, paused 1.628ms total 47.204ms
08-05 20:11:50.171 16313 16313 D AndroidRuntime: >>>>>> START com.android.internal.os.RuntimeInit uid 2000 <<<<<<
08-05 20:11:50.178 16313 16313 D AndroidRuntime: CheckJNI is OFF
08-05 20:11:50.179 12674 12687 I art     : Starting a blocking GC Explicit
08-05 20:11:50.225 16313 16313 D ICU     : No timezone override file found: /data/misc/zoneinfo/current/icu/icu_tzdata.dat
08-05 20:11:50.228 12674 12687 I art     : Explicit concurrent mark sweep GC freed 1383(82KB) AllocSpace objects, 1(20KB) LOS objects, 23% free, 50MB/66MB, paused 1.853ms total 48.806ms
08-05 20:11:50.241 12674 12687 I art     : Starting a blocking GC Explicit
08-05 20:11:50.271 16313 16313 I Radio-JNI: register_android_hardware_Radio DONE
08-05 20:11:50.287 12674 12687 I art     : Explicit concurrent mark sweep GC freed 23(752B) AllocSpace objects, 0(0B) LOS objects, 23% free, 50MB/66MB, paused 1.764ms total 45.741ms
08-05 20:11:50.301 12674 12687 I art     : Starting a blocking GC Explicit
08-05 20:11:50.301 16313 16313 D AndroidRuntime: Calling main entry com.android.commands.input.Input
08-05 20:11:50.303 16313 16313 I Input   : injectKeyEvent: KeyEvent { action=ACTION_DOWN, keyCode=KEYCODE_BACK, scanCode=0, metaState=0, flags=0x0, repeatCount=0, eventTime=821526716, downTime=821526716, deviceId=-1, source=0x101 }
08-05 20:11:50.310 16313 16313 I Input   : injectKeyEvent: KeyEvent { action=ACTION_UP, keyCode=KEYCODE_BACK, scanCode=0, metaState=0, flags=0x0, repeatCount=0, eventTime=821526716, downTime=821526716, deviceId=-1, source=0x101 }
08-05 20:11:50.316 16313 16313 D AndroidRuntime: Shutting down VM
08-05 20:11:50.321 12674 12674 V PlaybackController: initServiceNotRunning()
08-05 20:11:50.321 12674 12674 D ExternalPlayerFragment: Loading media info
08-05 20:11:50.322 12674 13623 D ApOkHttpUrlLoader: buildLoadData() called with: model = [http://sixgun.org/files/linuxoutlaws.jpg], width = [224], height = [224]
08-05 20:11:50.327 12674 13436 D DBReader: getImageAuthentication() called with: imageUrl = [http://sixgun.org/files/linuxoutlaws.jpg]
08-05 20:11:50.329 12674 12674 D UserPreferences: Using default data folder
08-05 20:11:50.329 12674 12694 D DBReader: getNavDrawerData() called with: 
08-05 20:11:50.331 12674 13436 D ApOkHttpUrlLoader: no credentials for 'http://sixgun.org/files/linuxoutlaws.jpg'
08-05 20:11:50.345 12674 12687 I art     : Explicit concurrent mark sweep GC freed 663(39KB) AllocSpace objects, 0(0B) LOS objects, 23% free, 50MB/66MB, paused 2.011ms total 44.122ms
08-05 20:11:50.346 12674 12694 D DBReader: getDownloadedItems() called
08-05 20:11:50.349 12674 12694 D DBReader: getFavoriteIDList() called
08-05 20:11:50.349 12674 12694 D DBReader: getQueueIDList() called
08-05 20:11:50.350 12674 12694 D DBReader: Extracting Feedlist
08-05 20:11:50.358 12674 12687 I art     : Starting a blocking GC Explicit
08-05 20:11:50.368 12674 12674 D MainActivity: getLastNavFragment() -> AddFeedFragment
08-05 20:11:50.376 13866 13866 I GoogleInputMethodServic: GoogleInputMethodService.onFinishInput():3138 
08-05 20:11:50.377 13866 13866 I GoogleInputMethodServic: GoogleInputMethodService.onStartInput():1808 
08-05 20:11:50.398 12674 12687 I art     : Explicit concurrent mark sweep GC freed 803(52KB) AllocSpace objects, 0(0B) LOS objects, 23% free, 50MB/66MB, paused 1.735ms total 40.014ms
08-05 20:11:50.411 12674 12687 I art     : Starting a blocking GC Explicit
08-05 20:11:50.413 12674 13436 D DBWriter: updateFeedDownloadURL(original: http://sixgun.org/files/linuxoutlaws.jpg, updated: https://fab.industries/sixgun/files/linuxoutlaws.jpg)
08-05 20:11:50.449 12674 12687 I art     : Explicit concurrent mark sweep GC freed 588(29KB) AllocSpace objects, 0(0B) LOS objects, 23% free, 50MB/66MB, paused 1.541ms total 38.402ms
08-05 20:11:50.547 13866 13882 I PeriodicStatsRunner: PeriodicStatsRunner.call():175 call()
08-05 20:11:50.548 13866 13882 I PeriodicStatsRunner: PeriodicStatsRunner.call():179 No submit PeriodicStats since input started.
08-05 20:11:50.561 12674 13436 D MYTAG   : interceptor 2a
08-05 20:11:50.561 12674 13436 I NAPPA_EXPERIMENTATION: MetricNetworkRequestExecutionTime: REQUEST_DURATION_SYSTEM='229',REQUEST_DURATION_OKHTTP='144',REQUEST_SYNCHRONOUS='TRUE',RESPONSE_CODE='404',RESPONSE_METHOD='GET',RESPONSE_LENGTH_OKHTTP='-1',RESPONSE_LENGTH_HEADER='1503',REQUEST_PROTOCOL='h2',REQUEST_URL='https://fab.industries/sixgun/files/linuxoutlaws.jpg',
08-05 20:11:50.562 12674 12674 W Glide   : Load failed for http://sixgun.org/files/linuxoutlaws.jpg with size [224x224]
08-05 20:11:50.562 12674 12674 W Glide   : class com.bumptech.glide.load.engine.GlideException: Failed to load resource
08-05 20:11:50.562 12674 12674 W Glide   : There was 1 cause:
08-05 20:11:50.562 12674 12674 W Glide   : com.bumptech.glide.load.HttpException()
08-05 20:11:50.562 12674 12674 W Glide   :  call GlideException#logRootCauses(String) for more detail
08-05 20:11:50.562 12674 12674 W Glide   :   Cause (1 of 1): class com.bumptech.glide.load.engine.GlideException: Fetching data failed, class java.io.InputStream, REMOTE
08-05 20:11:50.562 12674 12674 W Glide   : There was 1 cause:
08-05 20:11:50.562 12674 12674 W Glide   : com.bumptech.glide.load.HttpException()
08-05 20:11:50.562 12674 12674 W Glide   :  call GlideException#logRootCauses(String) for more detail
08-05 20:11:50.562 12674 12674 W Glide   :     Cause (1 of 1): class com.bumptech.glide.load.HttpException: 
08-05 20:11:50.562 12674 12674 I Glide   : Root cause (1 of 1)
08-05 20:11:50.562 12674 12674 I Glide   : com.bumptech.glide.load.HttpException: 
08-05 20:11:50.562 12674 12674 I Glide   : 	at com.bumptech.glide.integration.okhttp3.OkHttpStreamFetcher.onResponse(OkHttpStreamFetcher.java:73)
08-05 20:11:50.562 12674 12674 I Glide   : 	at okhttp3.RealCall$AsyncCall.execute(RealCall.java:174)
08-05 20:11:50.562 12674 12674 I Glide   : 	at okhttp3.internal.NamedRunnable.run(NamedRunnable.java:32)
08-05 20:11:50.562 12674 12674 I Glide   : 	at java.util.concurrent.ThreadPoolExecutor.runWorker(ThreadPoolExecutor.java:1113)
08-05 20:11:50.562 12674 12674 I Glide   : 	at java.util.concurrent.ThreadPoolExecutor$Worker.run(ThreadPoolExecutor.java:588)
08-05 20:11:50.562 12674 12674 I Glide   : 	at java.lang.Thread.run(Thread.java:818)
08-05 20:11:50.562 12674 12674 W Glide   : Load failed for http://sixgun.org/files/linuxoutlaws.jpg with size [224x224]
08-05 20:11:50.562 12674 12674 W Glide   : class com.bumptech.glide.load.engine.GlideException: Failed to load resource
08-05 20:11:50.562 12674 12674 W Glide   : There was 1 cause:
08-05 20:11:50.562 12674 12674 W Glide   : com.bumptech.glide.load.HttpException()
08-05 20:11:50.562 12674 12674 W Glide   :  call GlideException#logRootCauses(String) for more detail
08-05 20:11:50.562 12674 12674 W Glide   :   Cause (1 of 1): class com.bumptech.glide.load.engine.GlideException: Fetching data failed, class java.io.InputStream, REMOTE
08-05 20:11:50.562 12674 12674 W Glide   : There was 1 cause:
08-05 20:11:50.562 12674 12674 W Glide   : com.bumptech.glide.load.HttpException()
08-05 20:11:50.562 12674 12674 W Glide   :  call GlideException#logRootCauses(String) for more detail
08-05 20:11:50.562 12674 12674 W Glide   :     Cause (1 of 1): class com.bumptech.glide.load.HttpException: 
08-05 20:11:50.563 12674 12674 I Glide   : Root cause (1 of 1)
08-05 20:11:50.563 12674 12674 I Glide   : com.bumptech.glide.load.HttpException: 
08-05 20:11:50.563 12674 12674 I Glide   : 	at com.bumptech.glide.integration.okhttp3.OkHttpStreamFetcher.onResponse(OkHttpStreamFetcher.java:73)
08-05 20:11:50.563 12674 12674 I Glide   : 	at okhttp3.RealCall$AsyncCall.execute(RealCall.java:174)
08-05 20:11:50.563 12674 12674 I Glide   : 	at okhttp3.internal.NamedRunnable.run(NamedRunnable.java:32)
08-05 20:11:50.563 12674 12674 I Glide   : 	at java.util.concurrent.ThreadPoolExecutor.runWorker(ThreadPoolExecutor.java:1113)
08-05 20:11:50.563 12674 12674 I Glide   : 	at java.util.concurrent.ThreadPoolExecutor$Worker.run(ThreadPoolExecutor.java:588)
08-05 20:11:50.563 12674 12674 I Glide   : 	at java.lang.Thread.run(Thread.java:818)
08-05 20:11:50.656   918  3261 D WifiStateMachine: starting scan for "H369AA63323"WPA_PSK with 2412,5180
08-05 20:11:50.671   380   380 W SurfaceFlinger: couldn't log to binary event log: overflow.
08-05 20:11:50.683 11709 11709 W Atfwd_Sendcmd: AtCmdFwd service not published, waiting... retryCnt : 2
08-05 20:11:50.775 12674 12687 I art     : Starting a blocking GC Explicit
08-05 20:11:50.828 12674 12687 I art     : Explicit concurrent mark sweep GC freed 2724(193KB) AllocSpace objects, 1(20KB) LOS objects, 23% free, 50MB/66MB, paused 1.755ms total 52.549ms
08-05 20:11:50.844 12674 12687 I art     : Starting a blocking GC Explicit
08-05 20:11:50.890 12674 12687 I art     : Explicit concurrent mark sweep GC freed 2896(237KB) AllocSpace objects, 1(28KB) LOS objects, 24% free, 50MB/66MB, paused 1.674ms total 45.687ms
08-05 20:11:50.903 12674 12687 I art     : Starting a blocking GC Explicit
08-05 20:11:50.948 12674 12687 I art     : Explicit concurrent mark sweep GC freed 3(96B) AllocSpace objects, 0(0B) LOS objects, 24% free, 50MB/66MB, paused 1.709ms total 44.550ms
08-05 20:11:50.961 12674 12687 I art     : Starting a blocking GC Explicit
08-05 20:11:51.007 12674 12687 I art     : Explicit concurrent mark sweep GC freed 3(96B) AllocSpace objects, 0(0B) LOS objects, 24% free, 50MB/66MB, paused 1.616ms total 45.125ms
08-05 20:11:51.020 12674 12687 I art     : Starting a blocking GC Explicit
08-05 20:11:51.065 12674 12687 I art     : Explicit concurrent mark sweep GC freed 3(96B) AllocSpace objects, 0(0B) LOS objects, 24% free, 50MB/66MB, paused 1.769ms total 44.725ms
08-05 20:11:51.429 12674 12686 I art     : Starting a blocking GC Explicit
08-05 20:11:51.488 12674 12686 I art     : Explicit concurrent mark sweep GC freed 1383(81KB) AllocSpace objects, 1(20KB) LOS objects, 24% free, 50MB/66MB, paused 1.638ms total 58.462ms
08-05 20:11:51.503 12674 12686 I art     : Starting a blocking GC Explicit
08-05 20:11:51.548 12674 12686 I art     : Explicit concurrent mark sweep GC freed 23(752B) AllocSpace objects, 0(0B) LOS objects, 24% free, 50MB/66MB, paused 1.602ms total 44.258ms
08-05 20:11:51.561 12674 12686 I art     : Starting a blocking GC Explicit
08-05 20:11:51.602 12674 12686 I art     : Explicit concurrent mark sweep GC freed 3(96B) AllocSpace objects, 0(0B) LOS objects, 24% free, 50MB/66MB, paused 1.581ms total 40.249ms
08-05 20:11:51.615 12674 12686 I art     : Starting a blocking GC Explicit
08-05 20:11:51.657 12674 12686 I art     : Explicit concurrent mark sweep GC freed 3(96B) AllocSpace objects, 0(0B) LOS objects, 24% free, 50MB/66MB, paused 1.659ms total 41.856ms
08-05 20:11:51.670 12674 12686 I art     : Starting a blocking GC Explicit
08-05 20:11:51.713 12674 12686 I art     : Explicit concurrent mark sweep GC freed 3(96B) AllocSpace objects, 0(0B) LOS objects, 24% free, 50MB/66MB, paused 1.574ms total 42.640ms
08-05 20:11:52.069 12674 13826 I art     : Starting a blocking GC Explicit
08-05 20:11:52.097 16357 16357 D AndroidRuntime: >>>>>> START com.android.internal.os.RuntimeInit uid 2000 <<<<<<
08-05 20:11:52.104 16357 16357 D AndroidRuntime: CheckJNI is OFF
08-05 20:11:52.116 12674 13826 I art     : Explicit concurrent mark sweep GC freed 1450(83KB) AllocSpace objects, 1(20KB) LOS objects, 24% free, 50MB/66MB, paused 1.752ms total 46.777ms
08-05 20:11:52.129 12674 13826 I art     : Starting a blocking GC Explicit
08-05 20:11:52.150 16357 16357 D ICU     : No timezone override file found: /data/misc/zoneinfo/current/icu/icu_tzdata.dat
08-05 20:11:52.170 12674 13826 I art     : Explicit concurrent mark sweep GC freed 35(1136B) AllocSpace objects, 0(0B) LOS objects, 24% free, 50MB/66MB, paused 1.495ms total 40.986ms
08-05 20:11:52.183 12674 13826 I art     : Starting a blocking GC Explicit
08-05 20:11:52.196 16357 16357 I Radio-JNI: register_android_hardware_Radio DONE
08-05 20:11:52.225 12674 13826 I art     : Explicit concurrent mark sweep GC freed 10(320B) AllocSpace objects, 0(0B) LOS objects, 24% free, 50MB/66MB, paused 1.528ms total 41.810ms
08-05 20:11:52.225 16357 16357 D AndroidRuntime: Calling main entry com.android.commands.input.Input
08-05 20:11:52.227 16357 16357 I Input   : injectKeyEvent: KeyEvent { action=ACTION_DOWN, keyCode=KEYCODE_BACK, scanCode=0, metaState=0, flags=0x0, repeatCount=0, eventTime=821528640, downTime=821528640, deviceId=-1, source=0x101 }
08-05 20:11:52.234 16357 16357 I Input   : injectKeyEvent: KeyEvent { action=ACTION_UP, keyCode=KEYCODE_BACK, scanCode=0, metaState=0, flags=0x0, repeatCount=0, eventTime=821528640, downTime=821528640, deviceId=-1, source=0x101 }
08-05 20:11:52.238 12674 13826 I art     : Starting a blocking GC Explicit
08-05 20:11:52.259 16357 16357 D AndroidRuntime: Shutting down VM
08-05 20:11:52.280 12674 13826 I art     : Explicit concurrent mark sweep GC freed 2068(85KB) AllocSpace objects, 0(0B) LOS objects, 23% free, 50MB/66MB, paused 1.888ms total 41.738ms
08-05 20:11:52.292 12674 13826 I art     : Starting a blocking GC Explicit
08-05 20:11:52.333 12674 13826 I art     : Explicit concurrent mark sweep GC freed 295(18KB) AllocSpace objects, 0(0B) LOS objects, 24% free, 50MB/66MB, paused 1.530ms total 40.128ms
08-05 20:11:52.673 12674 12687 I art     : Starting a blocking GC Explicit
08-05 20:11:52.726 12674 12687 I art     : Explicit concurrent mark sweep GC freed 6517(461KB) AllocSpace objects, 10(1640KB) LOS objects, 24% free, 48MB/64MB, paused 1.722ms total 52.145ms
08-05 20:11:52.744 12674 12687 I art     : Starting a blocking GC Explicit
08-05 20:11:52.785 12674 12687 I art     : Explicit concurrent mark sweep GC freed 52(1536B) AllocSpace objects, 0(0B) LOS objects, 24% free, 48MB/64MB, paused 1.594ms total 40.787ms
08-05 20:11:52.798 12674 12687 I art     : Starting a blocking GC Explicit
08-05 20:11:52.840 12674 12687 I art     : Explicit concurrent mark sweep GC freed 3(96B) AllocSpace objects, 0(0B) LOS objects, 24% free, 48MB/64MB, paused 1.648ms total 41.964ms
08-05 20:11:52.853 12674 12687 I art     : Starting a blocking GC Explicit
08-05 20:11:52.896 12674 12687 I art     : Explicit concurrent mark sweep GC freed 3(96B) AllocSpace objects, 0(0B) LOS objects, 24% free, 48MB/64MB, paused 1.620ms total 42.215ms
08-05 20:11:52.909 12674 12687 I art     : Starting a blocking GC Explicit
08-05 20:11:52.951 12674 12687 I art     : Explicit concurrent mark sweep GC freed 3(96B) AllocSpace objects, 0(0B) LOS objects, 24% free, 48MB/64MB, paused 1.620ms total 42.479ms
08-05 20:11:53.316 12674 12686 I art     : Starting a blocking GC Explicit
08-05 20:11:53.370 12674 12686 I art     : Explicit concurrent mark sweep GC freed 1381(82KB) AllocSpace objects, 1(20KB) LOS objects, 24% free, 48MB/64MB, paused 1.860ms total 53.728ms
08-05 20:11:53.385 12674 12686 I art     : Starting a blocking GC Explicit
08-05 20:11:53.428 12674 12686 I art     : Explicit concurrent mark sweep GC freed 23(752B) AllocSpace objects, 0(0B) LOS objects, 24% free, 48MB/64MB, paused 1.799ms total 42.758ms
08-05 20:11:53.441 12674 12686 I art     : Starting a blocking GC Explicit
08-05 20:11:53.484 12674 12686 I art     : Explicit concurrent mark sweep GC freed 3(96B) AllocSpace objects, 0(0B) LOS objects, 24% free, 48MB/64MB, paused 1.611ms total 42.757ms
08-05 20:11:53.497 12674 12686 I art     : Starting a blocking GC Explicit
08-05 20:11:53.537 12674 12686 I art     : Explicit concurrent mark sweep GC freed 3(96B) AllocSpace objects, 0(0B) LOS objects, 24% free, 48MB/64MB, paused 1.574ms total 39.514ms
08-05 20:11:53.549 12674 12686 I art     : Starting a blocking GC Explicit
08-05 20:11:53.589 12674 12686 I art     : Explicit concurrent mark sweep GC freed 3(96B) AllocSpace objects, 0(0B) LOS objects, 24% free, 48MB/64MB, paused 1.665ms total 39.630ms
08-05 20:11:53.940 12674 13826 I art     : Starting a blocking GC Explicit
08-05 20:11:53.984 12674 13826 I art     : Explicit concurrent mark sweep GC freed 1424(84KB) AllocSpace objects, 1(20KB) LOS objects, 24% free, 48MB/64MB, paused 1.556ms total 43.295ms
08-05 20:11:53.998 12674 13826 I art     : Starting a blocking GC Explicit
08-05 20:11:54.039 12674 13826 I art     : Explicit concurrent mark sweep GC freed 29(944B) AllocSpace objects, 0(0B) LOS objects, 24% free, 48MB/64MB, paused 1.686ms total 41.116ms
08-05 20:11:54.052 12674 13826 I art     : Starting a blocking GC Explicit
08-05 20:11:54.092 12674 13826 I art     : Explicit concurrent mark sweep GC freed 9(288B) AllocSpace objects, 0(0B) LOS objects, 24% free, 48MB/64MB, paused 1.589ms total 40.362ms
08-05 20:11:54.094 16408 16408 D AndroidRuntime: >>>>>> START com.android.internal.os.RuntimeInit uid 2000 <<<<<<
08-05 20:11:54.100 16408 16408 D AndroidRuntime: CheckJNI is OFF
08-05 20:11:54.105 12674 13826 I art     : Starting a blocking GC Explicit
08-05 20:11:54.144 16408 16408 D ICU     : No timezone override file found: /data/misc/zoneinfo/current/icu/icu_tzdata.dat
08-05 20:11:54.145 12674 13826 I art     : Explicit concurrent mark sweep GC freed 6(192B) AllocSpace objects, 0(0B) LOS objects, 24% free, 48MB/64MB, paused 1.587ms total 39.931ms
08-05 20:11:54.158 12674 13826 I art     : Starting a blocking GC Explicit
08-05 20:11:54.189 16408 16408 I Radio-JNI: register_android_hardware_Radio DONE
08-05 20:11:54.198 12674 13826 I art     : Explicit concurrent mark sweep GC freed 3(96B) AllocSpace objects, 0(0B) LOS objects, 24% free, 48MB/64MB, paused 1.785ms total 40.188ms
08-05 20:11:54.219 16408 16408 D AndroidRuntime: Calling main entry com.android.commands.am.Am
08-05 20:11:54.230  5615  5615 I Trepn   : Trepn 6.2s: Received intent: com.quicinc.trepn.stop_profiling
08-05 20:11:54.271  5615  5615 I Trepn   : Trepn 6.2s: Trepn has Stopped Profiling.
08-05 20:11:54.483 16408 16408 D AndroidRuntime: Shutting down VM
08-05 20:11:54.488   918   929 W AppOps  : Finishing op nesting under-run: uid 10078 pkg com.quicinc.trepn code 24 time=0 duration=0 nesting=0
08-05 20:11:54.551 12674 12686 I art     : Starting a blocking GC Explicit
08-05 20:11:54.593 12674 12686 I art     : Explicit concurrent mark sweep GC freed 1383(81KB) AllocSpace objects, 1(20KB) LOS objects, 24% free, 48MB/64MB, paused 1.632ms total 41.827ms
08-05 20:11:54.606 12674 12686 I art     : Starting a blocking GC Explicit
08-05 20:11:54.652 12674 12686 I art     : Explicit concurrent mark sweep GC freed 23(752B) AllocSpace objects, 0(0B) LOS objects, 24% free, 48MB/64MB, paused 1.675ms total 45.035ms
08-05 20:11:54.665 12674 12686 I art     : Starting a blocking GC Explicit
08-05 20:11:54.710 12674 12686 I art     : Explicit concurrent mark sweep GC freed 3(96B) AllocSpace objects, 0(0B) LOS objects, 24% free, 48MB/64MB, paused 1.594ms total 44.239ms
08-05 20:11:54.723 12674 12686 I art     : Starting a blocking GC Explicit
08-05 20:11:54.768 12674 12686 I art     : Explicit concurrent mark sweep GC freed 3(96B) AllocSpace objects, 0(0B) LOS objects, 24% free, 48MB/64MB, paused 1.557ms total 44.511ms
08-05 20:11:54.781 12674 12686 I art     : Starting a blocking GC Explicit
08-05 20:11:54.821 12674 12686 I art     : Explicit concurrent mark sweep GC freed 32(880B) AllocSpace objects, 0(0B) LOS objects, 24% free, 48MB/64MB, paused 1.471ms total 39.975ms
08-05 20:11:55.386 13866 13882 I PeriodicStatsRunner: PeriodicStatsRunner.call():175 call()
08-05 20:11:55.386 13866 13882 I PeriodicStatsRunner: PeriodicStatsRunner.call():179 No submit PeriodicStats since input started.
