08-05 02:57:06.373 27610 28150 D HttpDownloader: Getting size of download
08-05 02:57:06.373 27610 28150 D HttpDownloader: Size is -1
08-05 02:57:06.373 27610 28150 D UserPreferences: Using default data folder
08-05 02:57:06.374 27610 28150 D HttpDownloader: Free space is 20304834560
08-05 02:57:06.374 27610 28150 D HttpDownloader: Starting download
08-05 02:57:06.379 27610 28150 D HttpDownloader: Download was successful
08-05 02:57:06.382   918  4413 D WifiService: releaseWifiLockLocked: WifiLock{Downloader type=1 binder=android.os.BinderProxy@df450c3}
08-05 02:57:06.383 27610 27610 D OnlineFeedViewActivity: Parsing feed
08-05 02:57:06.395 27610 28547 D TypeGetter: Recognized type RSS 2.0
08-05 02:57:06.403 27610 28547 D SyndHandler: Recognized ITunes namespace
08-05 02:57:06.404 27610 28547 D SyndHandler: Recognized Atom namespace
08-05 02:57:06.404 27610 28547 D SyndHandler: Recognized Content namespace
08-05 02:57:06.413 27610 28547 D OnlineFeedViewActivity: Deleted feed source file. Result: true
08-05 02:57:06.414 27610 27610 D OnlineFeedViewActivity: Removing HTML from shownotes
08-05 02:57:06.414   380   380 W SurfaceFlinger: couldn't log to binary event log: overflow.
08-05 02:57:06.419   512  2967 D audio_hw_primary: disable_audio_route: reset and update mixer path: low-latency-playback speaker
08-05 02:57:06.421   512  2967 D audio_hw_primary: disable_snd_device: snd_device(2: speaker)
08-05 02:57:06.421 27610 27684 I art     : Starting a blocking GC Explicit
08-05 02:57:06.431   512  2967 I soundtrigger: audio_extn_sound_trigger_update_device_status: device 0x2 of type 0 for Event 0
08-05 02:57:06.449 27610 27684 I art     : Explicit concurrent mark sweep GC freed 9361(633KB) AllocSpace objects, 7(280KB) LOS objects, 37% free, 26MB/42MB, paused 609us total 28.399ms
08-05 02:57:06.456 27610 27684 I art     : Starting a blocking GC Explicit
08-05 02:57:06.473 27610 27610 W art     : Before Android 4.1, method int androidx.appcompat.widget.DropDownListView.lookForSelectablePosition(int, boolean) would have incorrectly overridden the package-private method in android.widget.ListView
08-05 02:57:06.476 27610 27684 I art     : Explicit concurrent mark sweep GC freed 3532(243KB) AllocSpace objects, 0(0B) LOS objects, 37% free, 27MB/43MB, paused 816us total 19.596ms
08-05 02:57:06.479 27610 27610 I ListPopupWindow: Could not find method setEpicenterBounds(Rect) on PopupWindow. Oh well.
08-05 02:57:06.483 27610 27684 I art     : Starting a blocking GC Explicit
08-05 02:57:06.488 27610 28548 D ApOkHttpUrlLoader: buildLoadData() called with: model = [https://content.production.cdn.art19.com/images/89/e0/88/44/89e08844-ac28-4fc0-96fa-15a41fec2014/262c12ed699a8d9720dea0bd66449d998e4a08cf18095bed170ccaa76722045fa5dbf7a366918b2db7e3acf29ad22f6b99fd659a9409cb807bf2781d968932f8.jpeg], width = [350], height = [350]
08-05 02:57:06.492 27610 28364 D DBReader: getImageAuthentication() called with: imageUrl = [https://content.production.cdn.art19.com/images/89/e0/88/44/89e08844-ac28-4fc0-96fa-15a41fec2014/262c12ed699a8d9720dea0bd66449d998e4a08cf18095bed170ccaa76722045fa5dbf7a366918b2db7e3acf29ad22f6b99fd659a9409cb807bf2781d968932f8.jpeg]
08-05 02:57:06.494 27610 28364 D ApOkHttpUrlLoader: no credentials for 'https://content.production.cdn.art19.com/images/89/e0/88/44/89e08844-ac28-4fc0-96fa-15a41fec2014/262c12ed699a8d9720dea0bd66449d998e4a08cf18095bed170ccaa76722045fa5dbf7a366918b2db7e3acf29ad22f6b99fd659a9409cb807bf2781d968932f8.jpeg'
08-05 02:57:06.504 27610 27684 I art     : Explicit concurrent mark sweep GC freed 5269(355KB) AllocSpace objects, 3(152KB) LOS objects, 36% free, 27MB/43MB, paused 868us total 20.446ms
08-05 02:57:06.511 27610 27684 I art     : Starting a blocking GC Explicit
08-05 02:57:06.529 27610 27684 I art     : Explicit concurrent mark sweep GC freed 8008(403KB) AllocSpace objects, 0(0B) LOS objects, 37% free, 27MB/43MB, paused 459us total 18.206ms
08-05 02:57:06.535 27610 27684 I art     : Starting a blocking GC Explicit
08-05 02:57:06.549 27610 27610 D PlaybackController: Releasing PlaybackController
08-05 02:57:06.554 27610 27684 I art     : Explicit concurrent mark sweep GC freed 182(12KB) AllocSpace objects, 0(0B) LOS objects, 37% free, 27MB/43MB, paused 792us total 18.850ms
08-05 02:57:06.775 27610 28364 D MYTAG   : interceptor 2a
08-05 02:57:06.775 27610 28364 I NAPPA_EXPERIMENTATION: MetricNetworkRequestExecutionTime: REQUEST_DURATION_SYSTEM='281',REQUEST_DURATION_OKHTTP='159',REQUEST_SYNCHRONOUS='TRUE',RESPONSE_CODE='200',RESPONSE_METHOD='GET',RESPONSE_LENGTH_OKHTTP='2466122',RESPONSE_LENGTH_HEADER='2466122',REQUEST_PROTOCOL='h2',REQUEST_URL='https://content.production.cdn.art19.com/images/89/e0/88/44/89e08844-ac28-4fc0-96fa-15a41fec2014/262c12ed699a8d9720dea0bd66449d998e4a08cf18095bed170ccaa76722045fa5dbf7a366918b2db7e3acf29ad22f6b99fd659a9409cb807bf2781d968932f8.jpeg',
08-05 02:57:06.806 27610 27623 I art     : Starting a blocking GC Explicit
08-05 02:57:06.827 27610 27623 I art     : Explicit concurrent mark sweep GC freed 5590(267KB) AllocSpace objects, 2(132KB) LOS objects, 37% free, 27MB/43MB, paused 526us total 21.330ms
08-05 02:57:06.834 27610 27623 I art     : Starting a blocking GC Explicit
08-05 02:57:06.852 27610 27623 I art     : Explicit concurrent mark sweep GC freed 114(3KB) AllocSpace objects, 0(0B) LOS objects, 37% free, 27MB/43MB, paused 449us total 18.249ms
08-05 02:57:06.859 27610 27623 I art     : Starting a blocking GC Explicit
08-05 02:57:06.877 27610 27623 I art     : Explicit concurrent mark sweep GC freed 30(960B) AllocSpace objects, 0(0B) LOS objects, 37% free, 27MB/43MB, paused 491us total 18.093ms
08-05 02:57:06.884 27610 27623 I art     : Starting a blocking GC Explicit
08-05 02:57:06.902 27610 27623 I art     : Explicit concurrent mark sweep GC freed 32(1024B) AllocSpace objects, 0(0B) LOS objects, 37% free, 27MB/43MB, paused 513us total 18.267ms
08-05 02:57:06.909 27610 27623 I art     : Starting a blocking GC Explicit
08-05 02:57:06.927 27610 27623 I art     : Explicit concurrent mark sweep GC freed 37(1184B) AllocSpace objects, 0(0B) LOS objects, 37% free, 27MB/43MB, paused 467us total 18ms
08-05 02:57:07.156 27610 27684 I art     : Starting a blocking GC Explicit
08-05 02:57:07.180 27610 27684 I art     : Explicit concurrent mark sweep GC freed 2768(143KB) AllocSpace objects, 1(20KB) LOS objects, 36% free, 27MB/43MB, paused 1.136ms total 23.276ms
08-05 02:57:07.188 27610 27684 I art     : Starting a blocking GC Explicit
08-05 02:57:07.206 27610 27684 I art     : Explicit concurrent mark sweep GC freed 153(15KB) AllocSpace objects, 0(0B) LOS objects, 36% free, 27MB/43MB, paused 412us total 18.178ms
08-05 02:57:07.212 27610 27684 I art     : Starting a blocking GC Explicit
08-05 02:57:07.230 27610 27684 I art     : Explicit concurrent mark sweep GC freed 9(288B) AllocSpace objects, 0(0B) LOS objects, 36% free, 27MB/43MB, paused 460us total 17.553ms
08-05 02:57:07.237 27610 27684 I art     : Starting a blocking GC Explicit
08-05 02:57:07.255 27610 27684 I art     : Explicit concurrent mark sweep GC freed 3(96B) AllocSpace objects, 0(0B) LOS objects, 36% free, 27MB/43MB, paused 442us total 18.373ms
08-05 02:57:07.262 27610 27684 I art     : Starting a blocking GC Explicit
08-05 02:57:07.281 27610 27684 I art     : Explicit concurrent mark sweep GC freed 3(96B) AllocSpace objects, 0(0B) LOS objects, 36% free, 27MB/43MB, paused 464us total 18.815ms
08-05 02:57:07.562 27610 28549 I art     : Starting a blocking GC Explicit
08-05 02:57:07.591 27610 28549 I art     : Explicit concurrent mark sweep GC freed 1398(80KB) AllocSpace objects, 1(20KB) LOS objects, 36% free, 27MB/43MB, paused 535us total 28.794ms
08-05 02:57:07.602 27610 28549 I art     : Starting a blocking GC Explicit
08-05 02:57:07.627 27610 28549 I art     : Explicit concurrent mark sweep GC freed 23(752B) AllocSpace objects, 0(0B) LOS objects, 36% free, 27MB/43MB, paused 580us total 24.482ms
08-05 02:57:07.634 27610 28549 I art     : Starting a blocking GC Explicit
08-05 02:57:07.655 27610 28549 I art     : Explicit concurrent mark sweep GC freed 3(96B) AllocSpace objects, 0(0B) LOS objects, 36% free, 27MB/43MB, paused 462us total 20.522ms
08-05 02:57:07.662 27610 28549 I art     : Starting a blocking GC Explicit
08-05 02:57:07.682 27610 28549 I art     : Explicit concurrent mark sweep GC freed 3(96B) AllocSpace objects, 0(0B) LOS objects, 36% free, 27MB/43MB, paused 471us total 20.142ms
08-05 02:57:07.690 27610 28549 I art     : Starting a blocking GC Explicit
08-05 02:57:07.710 27610 28549 I art     : Explicit concurrent mark sweep GC freed 3(96B) AllocSpace objects, 0(0B) LOS objects, 36% free, 27MB/43MB, paused 446us total 20.042ms
08-05 02:57:08.019 27610 27623 I art     : Starting a blocking GC Explicit
08-05 02:57:08.047 27610 27623 I art     : Explicit concurrent mark sweep GC freed 1366(80KB) AllocSpace objects, 1(20KB) LOS objects, 36% free, 27MB/43MB, paused 517us total 28.039ms
08-05 02:57:08.059 27610 27623 I art     : Starting a blocking GC Explicit
08-05 02:57:08.065   518   646 I ThermalEngine: ACTION: GPU - Setting GPU[0] to 510000000
08-05 02:57:08.084 27610 27623 I art     : Explicit concurrent mark sweep GC freed 24(784B) AllocSpace objects, 0(0B) LOS objects, 36% free, 27MB/43MB, paused 639us total 25.044ms
08-05 02:57:08.094 27610 27623 I art     : Starting a blocking GC Explicit
08-05 02:57:08.120 27610 27623 I art     : Explicit concurrent mark sweep GC freed 7(224B) AllocSpace objects, 0(0B) LOS objects, 36% free, 27MB/43MB, paused 572us total 26.167ms
08-05 02:57:08.131 27610 27623 I art     : Starting a blocking GC Explicit
08-05 02:57:08.157 27610 27623 I art     : Explicit concurrent mark sweep GC freed 7(224B) AllocSpace objects, 0(0B) LOS objects, 36% free, 27MB/43MB, paused 597us total 25.585ms
08-05 02:57:08.166 27610 27623 I art     : Starting a blocking GC Explicit
08-05 02:57:08.191 27610 27623 I art     : Explicit concurrent mark sweep GC freed 8(256B) AllocSpace objects, 0(0B) LOS objects, 36% free, 27MB/43MB, paused 616us total 25.182ms
08-05 02:57:08.501 27610 27623 I art     : Starting a blocking GC Explicit
08-05 02:57:08.535 27610 27623 I art     : Explicit concurrent mark sweep GC freed 1412(83KB) AllocSpace objects, 1(20KB) LOS objects, 36% free, 27MB/43MB, paused 684us total 33.308ms
08-05 02:57:08.548 27610 27623 I art     : Starting a blocking GC Explicit
08-05 02:57:08.574 27610 27623 I art     : Explicit concurrent mark sweep GC freed 23(752B) AllocSpace objects, 0(0B) LOS objects, 36% free, 27MB/43MB, paused 643us total 26.342ms
08-05 02:57:08.584 27610 27623 I art     : Starting a blocking GC Explicit
08-05 02:57:08.610 27610 27623 I art     : Explicit concurrent mark sweep GC freed 3(96B) AllocSpace objects, 0(0B) LOS objects, 36% free, 27MB/43MB, paused 676us total 26.234ms
08-05 02:57:08.619 27610 27623 I art     : Starting a blocking GC Explicit
08-05 02:57:08.646 27610 27623 I art     : Explicit concurrent mark sweep GC freed 3(96B) AllocSpace objects, 0(0B) LOS objects, 36% free, 27MB/43MB, paused 641us total 26.346ms
08-05 02:57:08.655 27610 27623 I art     : Starting a blocking GC Explicit
08-05 02:57:08.682 27610 27623 I art     : Explicit concurrent mark sweep GC freed 3(96B) AllocSpace objects, 0(0B) LOS objects, 36% free, 27MB/43MB, paused 610us total 26.261ms
08-05 02:57:09.020 27610 28549 I art     : Starting a blocking GC Explicit
08-05 02:57:09.052 27610 28549 I art     : Explicit concurrent mark sweep GC freed 1366(80KB) AllocSpace objects, 1(20KB) LOS objects, 36% free, 27MB/43MB, paused 681us total 32.089ms
08-05 02:57:09.067 27610 28549 I art     : Starting a blocking GC Explicit
08-05 02:57:09.093 27610 28549 I art     : Explicit concurrent mark sweep GC freed 23(752B) AllocSpace objects, 0(0B) LOS objects, 36% free, 27MB/43MB, paused 629us total 25.941ms
08-05 02:57:09.102 27610 28549 I art     : Starting a blocking GC Explicit
08-05 02:57:09.128 27610 28549 I art     : Explicit concurrent mark sweep GC freed 3(96B) AllocSpace objects, 0(0B) LOS objects, 36% free, 27MB/43MB, paused 630us total 25.826ms
08-05 02:57:09.138 27610 28549 I art     : Starting a blocking GC Explicit
08-05 02:57:09.164 27610 28549 I art     : Explicit concurrent mark sweep GC freed 3(96B) AllocSpace objects, 0(0B) LOS objects, 36% free, 27MB/43MB, paused 631us total 25.878ms
08-05 02:57:09.173 27610 28549 I art     : Starting a blocking GC Explicit
08-05 02:57:09.199 27610 28549 I art     : Explicit concurrent mark sweep GC freed 3(96B) AllocSpace objects, 0(0B) LOS objects, 36% free, 27MB/43MB, paused 631us total 26.054ms
08-05 02:57:09.521 27610 27684 I art     : Starting a blocking GC Explicit
08-05 02:57:09.557 27610 27684 I art     : Explicit concurrent mark sweep GC freed 1395(80KB) AllocSpace objects, 1(20KB) LOS objects, 36% free, 27MB/43MB, paused 674us total 36.244ms
08-05 02:57:09.570 27610 27684 I art     : Starting a blocking GC Explicit
08-05 02:57:09.598 27610 27684 I art     : Explicit concurrent mark sweep GC freed 23(752B) AllocSpace objects, 0(0B) LOS objects, 36% free, 27MB/43MB, paused 651us total 27.166ms
08-05 02:57:09.607 27610 27684 I art     : Starting a blocking GC Explicit
08-05 02:57:09.633 27610 27684 I art     : Explicit concurrent mark sweep GC freed 3(96B) AllocSpace objects, 0(0B) LOS objects, 36% free, 27MB/43MB, paused 611us total 25.504ms
08-05 02:57:09.642 27610 27684 I art     : Starting a blocking GC Explicit
08-05 02:57:09.668 27610 27684 I art     : Explicit concurrent mark sweep GC freed 3(96B) AllocSpace objects, 0(0B) LOS objects, 36% free, 27MB/43MB, paused 650us total 25.883ms
08-05 02:57:09.677 27610 27684 I art     : Starting a blocking GC Explicit
08-05 02:57:09.703 27610 27684 I art     : Explicit concurrent mark sweep GC freed 3(96B) AllocSpace objects, 0(0B) LOS objects, 36% free, 27MB/43MB, paused 617us total 25.844ms
08-05 02:57:10.015 27610 27622 I art     : Starting a blocking GC Explicit
08-05 02:57:10.043 27610 27622 I art     : Explicit concurrent mark sweep GC freed 1366(80KB) AllocSpace objects, 1(20KB) LOS objects, 36% free, 27MB/43MB, paused 599us total 27.922ms
08-05 02:57:10.052 27610 27622 I art     : Starting a blocking GC Explicit
08-05 02:57:10.076 27610 27622 I art     : Explicit concurrent mark sweep GC freed 23(752B) AllocSpace objects, 0(0B) LOS objects, 36% free, 27MB/43MB, paused 681us total 23.417ms
08-05 02:57:10.085 27610 27622 I art     : Starting a blocking GC Explicit
08-05 02:57:10.110 27610 27622 I art     : Explicit concurrent mark sweep GC freed 3(96B) AllocSpace objects, 0(0B) LOS objects, 36% free, 27MB/43MB, paused 655us total 24.655ms
08-05 02:57:10.118 27610 27622 I art     : Starting a blocking GC Explicit
08-05 02:57:10.143 27610 27622 I art     : Explicit concurrent mark sweep GC freed 3(96B) AllocSpace objects, 0(0B) LOS objects, 36% free, 27MB/43MB, paused 624us total 24.395ms
08-05 02:57:10.152 27610 27622 I art     : Starting a blocking GC Explicit
08-05 02:57:10.176 27610 27622 I art     : Explicit concurrent mark sweep GC freed 3(96B) AllocSpace objects, 0(0B) LOS objects, 36% free, 27MB/43MB, paused 687us total 24.312ms
08-05 02:57:10.443 28633 28633 D AndroidRuntime: >>>>>> START com.android.internal.os.RuntimeInit uid 2000 <<<<<<
08-05 02:57:10.448 28633 28633 D AndroidRuntime: CheckJNI is OFF
08-05 02:57:10.478 27610 27623 I art     : Starting a blocking GC Explicit
08-05 02:57:10.483 28633 28633 D ICU     : No timezone override file found: /data/misc/zoneinfo/current/icu/icu_tzdata.dat
08-05 02:57:10.505 27610 27623 I art     : Explicit concurrent mark sweep GC freed 1395(80KB) AllocSpace objects, 1(20KB) LOS objects, 36% free, 27MB/43MB, paused 657us total 26.191ms
08-05 02:57:10.514 27610 27623 I art     : Starting a blocking GC Explicit
08-05 02:57:10.517 28633 28633 I Radio-JNI: register_android_hardware_Radio DONE
08-05 02:57:10.539 28633 28633 D AndroidRuntime: Calling main entry com.android.commands.input.Input
08-05 02:57:10.540 27610 27623 I art     : Explicit concurrent mark sweep GC freed 23(752B) AllocSpace objects, 0(0B) LOS objects, 36% free, 27MB/43MB, paused 664us total 25.524ms
08-05 02:57:10.541 28633 28633 I Input   : injectMotionEvent: MotionEvent { action=ACTION_DOWN, actionButton=0, id[0]=0, x[0]=625.0, y[0]=832.0, toolType[0]=TOOL_TYPE_UNKNOWN, buttonState=0, metaState=0, flags=0x0, edgeFlags=0x0, pointerCount=1, historySize=0, eventTime=759446954, downTime=759446954, deviceId=0, source=0x1002 }
08-05 02:57:10.546 28633 28633 I Input   : injectMotionEvent: MotionEvent { action=ACTION_UP, actionButton=0, id[0]=0, x[0]=625.0, y[0]=832.0, toolType[0]=TOOL_TYPE_UNKNOWN, buttonState=0, metaState=0, flags=0x0, edgeFlags=0x0, pointerCount=1, historySize=0, eventTime=759446954, downTime=759446954, deviceId=0, source=0x1002 }
08-05 02:57:10.548 28633 28633 D AndroidRuntime: Shutting down VM
08-05 02:57:10.549 27610 27623 I art     : Starting a blocking GC Explicit
08-05 02:57:10.556 27610 27610 D UserPreferences: Using default data folder
08-05 02:57:10.557 27610 27610 D DownloadRequester: partiallyDownloadedFileExists: false
08-05 02:57:10.557 27610 27610 D DownloadRequester: /storage/emulated/0/Android/data/baseline.de.danoeh.antennapod.debug/files/cache/feed-Nice White Parents is available as a download destination
08-05 02:57:10.559   512  2967 D audio_hw_primary: out_set_parameters: enter: usecase(1: low-latency-playback) kvpairs: routing=2
08-05 02:57:10.559 27610 27610 D DownloadRequester: Requesting download of url https://rss.art19.com/nice-white-parents
08-05 02:57:10.564 27610 27610 D DownloadService: Service started
08-05 02:57:10.566 27610 27610 D DownloadService: parallel downloads: 4
08-05 02:57:10.567 27610 28656 D downloadCompletionThd: downloadCompletionThread was started
08-05 02:57:10.569 27610 27610 D DownloadService: Notification set up
08-05 02:57:10.571   512  2967 D audio_hw_primary: select_devices: out_snd_device(2: speaker) in_snd_device(0: none)
08-05 02:57:10.571   512  2967 D msm8974_platform: platform_send_audio_calibration: sending audio calibration for snd_device(2) acdb_id(15)
08-05 02:57:10.572   512  2967 I soundtrigger: audio_extn_sound_trigger_update_device_status: device 0x2 of type 0 for Event 1
08-05 02:57:10.578 27610 27623 I art     : Explicit concurrent mark sweep GC freed 227(14KB) AllocSpace objects, 0(0B) LOS objects, 36% free, 27MB/43MB, paused 1.196ms total 28.461ms
08-05 02:57:10.583   512  2967 D audio_hw_primary: enable_snd_device: snd_device(2: speaker)
08-05 02:57:10.584 27610 27610 D DownloadService: Received enqueue request
08-05 02:57:10.585   512  2967 D audio_hw_primary: enable_audio_route: apply and update mixer path: low-latency-playback speaker
08-05 02:57:10.586 27610 27610 D OnlineFeedViewActivity: onEventMainThread() called with: event = [DownloadEvent{update=DownloaderUpdate{downloaders=[baseline.de.danoeh.antennapod.core.service.download.HttpDownloader@34e85cc], feedIds=[0], mediaIds=[]}}]
08-05 02:57:10.586 27610 27610 D DownloadService: 1 downloads left
08-05 02:57:10.586 27610 27610 D DownloadService: Setting up notification updater
08-05 02:57:10.587 27610 27623 I art     : Starting a blocking GC Explicit
08-05 02:57:10.588   918  3359 D WifiService: acquireWifiLockLocked: WifiLock{Downloader type=1 binder=android.os.BinderProxy@147ee22}
08-05 02:57:10.591 27610 28658 D AntennapodHttpClient: Creating new instance of HTTP client
08-05 02:57:10.612 27610 27623 I art     : Explicit concurrent mark sweep GC freed 959(55KB) AllocSpace objects, 0(0B) LOS objects, 36% free, 27MB/43MB, paused 866us total 25.407ms
08-05 02:57:10.621 27610 27623 I art     : Starting a blocking GC Explicit
08-05 02:57:10.644 27610 27623 I art     : Explicit concurrent mark sweep GC freed 24(1104B) AllocSpace objects, 0(0B) LOS objects, 36% free, 27MB/43MB, paused 726us total 22.916ms
08-05 02:57:10.880 27610 28549 I art     : Starting a blocking GC Explicit
08-05 02:57:10.905 27610 28549 I art     : Explicit concurrent mark sweep GC freed 5975(300KB) AllocSpace objects, 4(220KB) LOS objects, 36% free, 27MB/43MB, paused 847us total 24.861ms
08-05 02:57:10.914 27610 28549 I art     : Starting a blocking GC Explicit
08-05 02:57:10.938 27610 28549 I art     : Explicit concurrent mark sweep GC freed 958(116KB) AllocSpace objects, 0(0B) LOS objects, 36% free, 27MB/43MB, paused 779us total 24.083ms
08-05 02:57:10.947 27610 28549 I art     : Starting a blocking GC Explicit
08-05 02:57:10.957 27610 28658 D MYTAG   : interceptor 3a https://rss.art19.com/nice-white-parents
08-05 02:57:10.957 27610 28658 I NAPPA_EXPERIMENTATION: MetricNetworkRequestExecutionTime: REQUEST_DURATION_SYSTEM='365',REQUEST_DURATION_OKHTTP='153',REQUEST_SYNCHRONOUS='TRUE',RESPONSE_CODE='200',RESPONSE_METHOD='GET',RESPONSE_LENGTH_OKHTTP='-1',RESPONSE_LENGTH_HEADER='1803',REQUEST_PROTOCOL='h2',REQUEST_URL='https://rss.art19.com/nice-white-parents',
08-05 02:57:10.957 27610 28658 D HttpDownloader: Response code is 200
08-05 02:57:10.957 27610 28658 D UserPreferences: Using default data folder
08-05 02:57:10.960 27610 28658 D HttpDownloader: Getting size of download
08-05 02:57:10.960 27610 28658 D HttpDownloader: Size is -1
08-05 02:57:10.960 27610 28658 D UserPreferences: Using default data folder
08-05 02:57:10.961 27610 28658 D HttpDownloader: Free space is 20302323712
08-05 02:57:10.961 27610 28658 D HttpDownloader: Starting download
08-05 02:57:10.971 27610 28549 I art     : Explicit concurrent mark sweep GC freed 279(20KB) AllocSpace objects, 0(0B) LOS objects, 36% free, 27MB/43MB, paused 860us total 23.871ms
08-05 02:57:10.979 27610 28549 I art     : Starting a blocking GC Explicit
08-05 02:57:11.004 27610 28549 I art     : Explicit concurrent mark sweep GC freed 36(1568B) AllocSpace objects, 0(0B) LOS objects, 36% free, 27MB/43MB, paused 867us total 24.730ms
08-05 02:57:11.009 27610 28658 D HttpDownloader: Download was successful
08-05 02:57:11.010   918  4400 D WifiService: releaseWifiLockLocked: WifiLock{Downloader type=1 binder=android.os.BinderProxy@147ee22}
08-05 02:57:11.010 27610 28656 D downloadCompletionThd: Received 'Download Complete' - message.
08-05 02:57:11.011 27610 28656 D DownloadService: Handling completed Feed Download
08-05 02:57:11.011 27610 27610 D DownloadService: Removing downloader: https://rss.art19.com/nice-white-parents
08-05 02:57:11.011 27610 27610 D DownloadService: Result of downloads.remove: true
08-05 02:57:11.012 27610 27610 D OnlineFeedViewActivity: onEventMainThread() called with: event = [DownloadEvent{update=DownloaderUpdate{downloaders=[], feedIds=[], mediaIds=[]}}]
08-05 02:57:11.014 27610 28549 I art     : Starting a blocking GC Explicit
08-05 02:57:11.016 27610 28674 D TypeGetter: Recognized type RSS 2.0
08-05 02:57:11.018 27610 28674 D SyndHandler: Recognized ITunes namespace
08-05 02:57:11.018 27610 28674 D SyndHandler: Recognized Atom namespace
08-05 02:57:11.018 27610 28674 D SyndHandler: Recognized Content namespace
08-05 02:57:11.023 27610 28674 D FeedSyncThread: Nice White Parents parsed
08-05 02:57:11.023 27610 28674 D FeedSyncThread: Deletion of file '/storage/emulated/0/Android/data/baseline.de.danoeh.antennapod.debug/files/cache/feed-Nice White Parents' successful
08-05 02:57:11.023 27610 28674 D DBReader: getFeedDownloadLog() called with: feed = [baseline.de.danoeh.antennapod.core.feed.Feed@0]
08-05 02:57:11.024 27610 28657 D FeedSyncThread: Bundling 1 feeds
08-05 02:57:11.025 27610 28675 D DBReader: Extracting Feedlist
08-05 02:57:11.026 27610 28675 D DBTasks : Found no existing Feed with title Nice White Parents. Adding as new one.
08-05 02:57:11.028 27610 28676 D PodDBAdapter: Setting feed with flattr status Nice White Parents: 0
08-05 02:57:11.028 27610 28676 D baseline.de.danoeh.antennapod.core.storage.PodDBAdapter@1666ccd: Inserting new Feed into db
08-05 02:57:11.039 27610 28549 I art     : Explicit concurrent mark sweep GC freed 819(192KB) AllocSpace objects, 2(40KB) LOS objects, 36% free, 27MB/43MB, paused 780us total 25.073ms
08-05 02:57:11.044 27610 27610 D EventDistributor: Processing event queue. Number of events: 1
08-05 02:57:11.044 27610 27610 D EventDistributor: Notifying observers. Data: 1
08-05 02:57:11.045 27610 27610 D DownloadService: 0 downloads left
08-05 02:57:11.045 27610 28151 D DBReader: Extracting Feedlist
08-05 02:57:11.045 27610 27610 D DownloadService: Number of downloads is 0, attempting shutdown
08-05 02:57:11.046 27610 27610 D DownloadService: Service shutting down
08-05 02:57:11.046 27610 27610 D DownloadService: No report is created
08-05 02:57:11.046 27610 27610 D OnlineFeedViewActivity: onEventMainThread() called with: event = [DownloadEvent{update=DownloaderUpdate{downloaders=[], feedIds=[], mediaIds=[]}}]
08-05 02:57:11.047 27610 27610 D DownloadService: NotificationUpdater cancelled. Result: false
08-05 02:57:11.048 27610 28656 E downloadCompletionThd: DownloadCompletionThread was interrupted
08-05 02:57:11.048 27610 27610 D DBTasks : autodownloadUndownloadedItems
08-05 02:57:11.050 27610 28677 D NetworkUtils: Device is connected to Wi-Fi
08-05 02:57:11.051 27610 28677 D NetworkUtils: Auto-dl filter is disabled
08-05 02:57:11.118   512  2967 D audio_hw_primary: disable_audio_route: reset and update mixer path: low-latency-playback speaker
08-05 02:57:11.121   512  2967 D audio_hw_primary: disable_snd_device: snd_device(2: speaker)
08-05 02:57:11.129   512  2967 I soundtrigger: audio_extn_sound_trigger_update_device_status: device 0x2 of type 0 for Event 0
08-05 02:57:11.313 27610 27684 I art     : Starting a blocking GC Explicit
08-05 02:57:11.337 27610 27684 I art     : Explicit concurrent mark sweep GC freed 1969(155KB) AllocSpace objects, 3(60KB) LOS objects, 36% free, 27MB/43MB, paused 725us total 24.484ms
08-05 02:57:11.346 27610 27684 I art     : Starting a blocking GC Explicit
08-05 02:57:11.371 27610 27684 I art     : Explicit concurrent mark sweep GC freed 116(4KB) AllocSpace objects, 0(0B) LOS objects, 36% free, 27MB/43MB, paused 710us total 25.334ms
08-05 02:57:11.380 27610 27684 I art     : Starting a blocking GC Explicit
08-05 02:57:11.407 27610 27684 I art     : Explicit concurrent mark sweep GC freed 33(976B) AllocSpace objects, 0(0B) LOS objects, 36% free, 27MB/43MB, paused 866us total 26.188ms
08-05 02:57:11.416 27610 27684 I art     : Starting a blocking GC Explicit
08-05 02:57:11.442 27610 27684 I art     : Explicit concurrent mark sweep GC freed 5(160B) AllocSpace objects, 0(0B) LOS objects, 36% free, 27MB/43MB, paused 752us total 26.118ms
08-05 02:57:11.451 27610 27684 I art     : Starting a blocking GC Explicit
08-05 02:57:11.478 27610 27684 I art     : Explicit concurrent mark sweep GC freed 3(96B) AllocSpace objects, 0(0B) LOS objects, 36% free, 27MB/43MB, paused 791us total 26.466ms
08-05 02:57:11.774 27610 28549 I art     : Starting a blocking GC Explicit
08-05 02:57:11.811 27610 28549 I art     : Explicit concurrent mark sweep GC freed 1369(82KB) AllocSpace objects, 1(20KB) LOS objects, 36% free, 27MB/43MB, paused 844us total 36.918ms
08-05 02:57:11.824 27610 28549 I art     : Starting a blocking GC Explicit
08-05 02:57:11.853 27610 28549 I art     : Explicit concurrent mark sweep GC freed 23(752B) AllocSpace objects, 0(0B) LOS objects, 36% free, 27MB/43MB, paused 804us total 28.654ms
08-05 02:57:11.862 27610 28549 I art     : Starting a blocking GC Explicit
08-05 02:57:11.890 27610 28549 I art     : Explicit concurrent mark sweep GC freed 3(96B) AllocSpace objects, 0(0B) LOS objects, 36% free, 27MB/43MB, paused 770us total 27.447ms
08-05 02:57:11.900 27610 28549 I art     : Starting a blocking GC Explicit
08-05 02:57:11.928 27610 28549 I art     : Explicit concurrent mark sweep GC freed 3(96B) AllocSpace objects, 0(0B) LOS objects, 36% free, 27MB/43MB, paused 805us total 27.632ms
08-05 02:57:11.937 27610 28549 I art     : Starting a blocking GC Explicit
08-05 02:57:11.965 27610 28549 I art     : Explicit concurrent mark sweep GC freed 3(96B) AllocSpace objects, 0(0B) LOS objects, 36% free, 27MB/43MB, paused 786us total 27.481ms
08-05 02:57:12.254 27610 27622 I art     : Starting a blocking GC Explicit
08-05 02:57:12.293 27610 27622 I art     : Explicit concurrent mark sweep GC freed 1373(82KB) AllocSpace objects, 1(20KB) LOS objects, 36% free, 27MB/43MB, paused 776us total 38.173ms
08-05 02:57:12.307 27610 27622 I art     : Starting a blocking GC Explicit
08-05 02:57:12.334 27610 27622 I art     : Explicit concurrent mark sweep GC freed 23(752B) AllocSpace objects, 0(0B) LOS objects, 36% free, 27MB/43MB, paused 766us total 26.596ms
08-05 02:57:12.343 27610 27622 I art     : Starting a blocking GC Explicit
08-05 02:57:12.370 27610 27622 I art     : Explicit concurrent mark sweep GC freed 4(144B) AllocSpace objects, 0(0B) LOS objects, 36% free, 27MB/43MB, paused 822us total 27.331ms
08-05 02:57:12.380 27610 27622 I art     : Starting a blocking GC Explicit
08-05 02:57:12.408 27610 27622 I art     : Explicit concurrent mark sweep GC freed 31(832B) AllocSpace objects, 0(0B) LOS objects, 36% free, 27MB/43MB, paused 820us total 27.897ms
08-05 02:57:12.417 27610 27622 I art     : Starting a blocking GC Explicit
08-05 02:57:12.445 27610 27622 I art     : Explicit concurrent mark sweep GC freed 3(96B) AllocSpace objects, 0(0B) LOS objects, 36% free, 27MB/43MB, paused 775us total 27.734ms
08-05 02:57:12.774 27610 27623 I art     : Starting a blocking GC Explicit
08-05 02:57:12.807 27610 27623 I art     : Explicit concurrent mark sweep GC freed 1372(82KB) AllocSpace objects, 1(20KB) LOS objects, 36% free, 27MB/43MB, paused 762us total 33.230ms
08-05 02:57:12.819 27610 27623 I art     : Starting a blocking GC Explicit
08-05 02:57:12.846 27610 27623 I art     : Explicit concurrent mark sweep GC freed 23(752B) AllocSpace objects, 0(0B) LOS objects, 36% free, 27MB/43MB, paused 758us total 27.251ms
08-05 02:57:12.856 27610 27623 I art     : Starting a blocking GC Explicit
08-05 02:57:12.884 27610 27623 I art     : Explicit concurrent mark sweep GC freed 3(96B) AllocSpace objects, 0(0B) LOS objects, 36% free, 27MB/43MB, paused 760us total 27.399ms
08-05 02:57:12.894 27610 27623 I art     : Starting a blocking GC Explicit
08-05 02:57:12.921 27610 27623 I art     : Explicit concurrent mark sweep GC freed 3(96B) AllocSpace objects, 0(0B) LOS objects, 36% free, 27MB/43MB, paused 758us total 27.316ms
08-05 02:57:12.931 27610 27623 I art     : Starting a blocking GC Explicit
08-05 02:57:12.958 27610 27623 I art     : Explicit concurrent mark sweep GC freed 3(96B) AllocSpace objects, 0(0B) LOS objects, 36% free, 27MB/43MB, paused 775us total 27.007ms
08-05 02:57:13.268 27610 27684 I art     : Starting a blocking GC Explicit
08-05 02:57:13.303 27610 27684 I art     : Explicit concurrent mark sweep GC freed 1370(80KB) AllocSpace objects, 1(20KB) LOS objects, 36% free, 27MB/43MB, paused 827us total 34.419ms
08-05 02:57:13.316 27610 27684 I art     : Starting a blocking GC Explicit
08-05 02:57:13.343 27610 27684 I art     : Explicit concurrent mark sweep GC freed 23(752B) AllocSpace objects, 0(0B) LOS objects, 36% free, 27MB/43MB, paused 777us total 27.145ms
08-05 02:57:13.352 27610 27684 I art     : Starting a blocking GC Explicit
08-05 02:57:13.380 27610 27684 I art     : Explicit concurrent mark sweep GC freed 32(880B) AllocSpace objects, 0(0B) LOS objects, 36% free, 27MB/43MB, paused 781us total 27.101ms
08-05 02:57:13.389 27610 27684 I art     : Starting a blocking GC Explicit
08-05 02:57:13.417 27610 27684 I art     : Explicit concurrent mark sweep GC freed 3(96B) AllocSpace objects, 0(0B) LOS objects, 36% free, 27MB/43MB, paused 854us total 27.733ms
08-05 02:57:13.427 27610 27684 I art     : Starting a blocking GC Explicit
08-05 02:57:13.454 27610 27684 I art     : Explicit concurrent mark sweep GC freed 3(96B) AllocSpace objects, 0(0B) LOS objects, 36% free, 27MB/43MB, paused 773us total 27.529ms
08-05 02:57:13.767 27610 28549 I art     : Starting a blocking GC Explicit
08-05 02:57:13.797 27610 28549 I art     : Explicit concurrent mark sweep GC freed 1366(80KB) AllocSpace objects, 1(20KB) LOS objects, 36% free, 27MB/43MB, paused 784us total 29.614ms
08-05 02:57:13.806 27610 28549 I art     : Starting a blocking GC Explicit
08-05 02:57:13.833 27610 28549 I art     : Explicit concurrent mark sweep GC freed 23(752B) AllocSpace objects, 0(0B) LOS objects, 36% free, 27MB/43MB, paused 766us total 26.943ms
08-05 02:57:13.843 27610 28549 I art     : Starting a blocking GC Explicit
08-05 02:57:13.870 27610 28549 I art     : Explicit concurrent mark sweep GC freed 3(96B) AllocSpace objects, 0(0B) LOS objects, 36% free, 27MB/43MB, paused 756us total 27.327ms
08-05 02:57:13.880 27610 28549 I art     : Starting a blocking GC Explicit
08-05 02:57:13.907 27610 28549 I art     : Explicit concurrent mark sweep GC freed 3(96B) AllocSpace objects, 0(0B) LOS objects, 36% free, 27MB/43MB, paused 821us total 26.721ms
08-05 02:57:13.916 27610 28549 I art     : Starting a blocking GC Explicit
08-05 02:57:13.943 27610 28549 I art     : Explicit concurrent mark sweep GC freed 3(96B) AllocSpace objects, 0(0B) LOS objects, 36% free, 27MB/43MB, paused 773us total 27.038ms
08-05 02:57:14.271 27610 27622 I art     : Starting a blocking GC Explicit
08-05 02:57:14.306 27610 27622 I art     : Explicit concurrent mark sweep GC freed 1367(82KB) AllocSpace objects, 1(20KB) LOS objects, 36% free, 27MB/43MB, paused 837us total 34.734ms
08-05 02:57:14.316 27610 27622 I art     : Starting a blocking GC Explicit
08-05 02:57:14.345 27610 27622 I art     : Explicit concurrent mark sweep GC freed 23(752B) AllocSpace objects, 0(0B) LOS objects, 36% free, 27MB/43MB, paused 768us total 27.783ms
08-05 02:57:14.354 27610 27622 I art     : Starting a blocking GC Explicit
08-05 02:57:14.381 27610 27622 I art     : Explicit concurrent mark sweep GC freed 32(880B) AllocSpace objects, 0(0B) LOS objects, 36% free, 27MB/43MB, paused 789us total 26.873ms
08-05 02:57:14.391 27610 27622 I art     : Starting a blocking GC Explicit
08-05 02:57:14.418 27610 27622 I art     : Explicit concurrent mark sweep GC freed 3(96B) AllocSpace objects, 0(0B) LOS objects, 36% free, 27MB/43MB, paused 801us total 26.777ms
08-05 02:57:14.427 27610 27622 I art     : Starting a blocking GC Explicit
08-05 02:57:14.454 27610 27622 I art     : Explicit concurrent mark sweep GC freed 3(96B) AllocSpace objects, 0(0B) LOS objects, 36% free, 27MB/43MB, paused 783us total 27.240ms
08-05 02:57:14.762 27610 27623 I art     : Starting a blocking GC Explicit
08-05 02:57:14.797 27610 27623 I art     : Explicit concurrent mark sweep GC freed 1366(80KB) AllocSpace objects, 1(20KB) LOS objects, 36% free, 27MB/43MB, paused 1.097ms total 34.225ms
08-05 02:57:14.809 27610 27623 I art     : Starting a blocking GC Explicit
08-05 02:57:14.835 27610 27623 I art     : Explicit concurrent mark sweep GC freed 23(752B) AllocSpace objects, 0(0B) LOS objects, 36% free, 27MB/43MB, paused 700us total 25.577ms
08-05 02:57:14.845 27610 27623 I art     : Starting a blocking GC Explicit
08-05 02:57:14.870 27610 27623 I art     : Explicit concurrent mark sweep GC freed 3(96B) AllocSpace objects, 0(0B) LOS objects, 36% free, 27MB/43MB, paused 810us total 25.492ms
08-05 02:57:14.879 27610 27623 I art     : Starting a blocking GC Explicit
08-05 02:57:14.905 27610 27623 I art     : Explicit concurrent mark sweep GC freed 3(96B) AllocSpace objects, 0(0B) LOS objects, 36% free, 27MB/43MB, paused 787us total 25.360ms
08-05 02:57:14.914 27610 27623 I art     : Starting a blocking GC Explicit
08-05 02:57:14.940 27610 27623 I art     : Explicit concurrent mark sweep GC freed 3(96B) AllocSpace objects, 0(0B) LOS objects, 36% free, 27MB/43MB, paused 748us total 25.667ms
08-05 02:57:15.077   518   646 I ThermalEngine: ACTION: GPU - Setting GPU[0] to 600000000
08-05 02:57:15.194 28760 28760 D AndroidRuntime: >>>>>> START com.android.internal.os.RuntimeInit uid 2000 <<<<<<
08-05 02:57:15.198 28760 28760 D AndroidRuntime: CheckJNI is OFF
08-05 02:57:15.226 28760 28760 D ICU     : No timezone override file found: /data/misc/zoneinfo/current/icu/icu_tzdata.dat
08-05 02:57:15.226 27610 27684 I art     : Starting a blocking GC Explicit
08-05 02:57:15.248 27610 27684 I art     : Explicit concurrent mark sweep GC freed 1366(80KB) AllocSpace objects, 1(20KB) LOS objects, 36% free, 27MB/43MB, paused 624us total 22.182ms
08-05 02:57:15.252 28760 28760 I Radio-JNI: register_android_hardware_Radio DONE
08-05 02:57:15.255 27610 27684 I art     : Starting a blocking GC Explicit
08-05 02:57:15.269 28760 28760 D AndroidRuntime: Calling main entry com.android.commands.input.Input
08-05 02:57:15.271 28760 28760 I Input   : injectKeyEvent: KeyEvent { action=ACTION_DOWN, keyCode=KEYCODE_BACK, scanCode=0, metaState=0, flags=0x0, repeatCount=0, eventTime=759451684, downTime=759451684, deviceId=-1, source=0x101 }
08-05 02:57:15.276 28760 28760 I Input   : injectKeyEvent: KeyEvent { action=ACTION_UP, keyCode=KEYCODE_BACK, scanCode=0, metaState=0, flags=0x0, repeatCount=0, eventTime=759451684, downTime=759451684, deviceId=-1, source=0x101 }
08-05 02:57:15.277 27610 27684 I art     : Explicit concurrent mark sweep GC freed 28(1184B) AllocSpace objects, 0(0B) LOS objects, 36% free, 27MB/43MB, paused 638us total 21.241ms
08-05 02:57:15.281 28760 28760 D AndroidRuntime: Shutting down VM
08-05 02:57:15.284 27610 27684 I art     : Starting a blocking GC Explicit
08-05 02:57:15.285 27610 27610 V PlaybackController: initServiceNotRunning()
08-05 02:57:15.285 27610 27610 D ExternalPlayerFragment: Loading media info
08-05 02:57:15.287 27610 27610 D UserPreferences: Using default data folder
08-05 02:57:15.288 27610 28151 D DBReader: getNavDrawerData() called with: 
08-05 02:57:15.290 27610 28151 D DBReader: getDownloadedItems() called
08-05 02:57:15.291 27610 28151 D DBReader: getFavoriteIDList() called
08-05 02:57:15.291 27610 28151 D DBReader: getQueueIDList() called
08-05 02:57:15.292 27610 28151 D DBReader: Extracting Feedlist
08-05 02:57:15.303 27610 27684 I art     : Explicit concurrent mark sweep GC freed 561(45KB) AllocSpace objects, 0(0B) LOS objects, 36% free, 27MB/43MB, paused 557us total 19.765ms
08-05 02:57:15.311 27610 27684 I art     : Starting a blocking GC Explicit
08-05 02:57:15.314 27610 27610 D MainActivity: getLastNavFragment() -> AddFeedFragment
08-05 02:57:15.315 13866 13866 I GoogleInputMethodServic: GoogleInputMethodService.onFinishInput():3138 
08-05 02:57:15.316 13866 13866 I GoogleInputMethodServic: GoogleInputMethodService.onStartInput():1808 
08-05 02:57:15.325 27610 28548 D ApOkHttpUrlLoader: buildLoadData() called with: model = [https://content.production.cdn.art19.com/images/89/e0/88/44/89e08844-ac28-4fc0-96fa-15a41fec2014/262c12ed699a8d9720dea0bd66449d998e4a08cf18095bed170ccaa76722045fa5dbf7a366918b2db7e3acf29ad22f6b99fd659a9409cb807bf2781d968932f8.jpeg], width = [140], height = [140]
08-05 02:57:15.332 27610 27684 I art     : Explicit concurrent mark sweep GC freed 674(46KB) AllocSpace objects, 0(0B) LOS objects, 36% free, 28MB/44MB, paused 989us total 20.698ms
08-05 02:57:15.339 27610 27684 I art     : Starting a blocking GC Explicit
08-05 02:57:15.359 27610 27684 I art     : Explicit concurrent mark sweep GC freed 149(14KB) AllocSpace objects, 0(0B) LOS objects, 36% free, 28MB/44MB, paused 721us total 19.895ms
08-05 02:57:15.510 23120 23120 I ServiceManager: Waiting for service AtCmdFwd...
08-05 02:57:15.608 27610 27622 I art     : Starting a blocking GC Explicit
08-05 02:57:15.625   380   380 W SurfaceFlinger: couldn't log to binary event log: overflow.
08-05 02:57:15.633 27610 27622 I art     : Explicit concurrent mark sweep GC freed 2252(130KB) AllocSpace objects, 1(20KB) LOS objects, 36% free, 28MB/44MB, paused 593us total 24.497ms
08-05 02:57:15.642 27610 27622 I art     : Starting a blocking GC Explicit
08-05 02:57:15.664 27610 27622 I art     : Explicit concurrent mark sweep GC freed 196(8KB) AllocSpace objects, 0(0B) LOS objects, 36% free, 28MB/44MB, paused 578us total 21.572ms
08-05 02:57:15.671 27610 27622 I art     : Starting a blocking GC Explicit
08-05 02:57:15.690 27610 27622 I art     : Explicit concurrent mark sweep GC freed 2463(151KB) AllocSpace objects, 2(248KB) LOS objects, 36% free, 27MB/43MB, paused 562us total 19.224ms
08-05 02:57:15.697 27610 27622 I art     : Starting a blocking GC Explicit
08-05 02:57:15.717 27610 27622 I art     : Explicit concurrent mark sweep GC freed 3(96B) AllocSpace objects, 0(0B) LOS objects, 36% free, 27MB/43MB, paused 725us total 20.254ms
08-05 02:57:15.724 27610 27622 I art     : Starting a blocking GC Explicit
08-05 02:57:15.745 27610 27622 I art     : Explicit concurrent mark sweep GC freed 3(96B) AllocSpace objects, 0(0B) LOS objects, 36% free, 27MB/43MB, paused 571us total 20.591ms
08-05 02:57:16.044 27610 28549 I art     : Starting a blocking GC Explicit
08-05 02:57:16.077 27610 28549 I art     : Explicit concurrent mark sweep GC freed 1372(82KB) AllocSpace objects, 1(20KB) LOS objects, 36% free, 27MB/43MB, paused 621us total 32.887ms
08-05 02:57:16.088 27610 28549 I art     : Starting a blocking GC Explicit
08-05 02:57:16.110 27610 28549 I art     : Explicit concurrent mark sweep GC freed 23(752B) AllocSpace objects, 0(0B) LOS objects, 36% free, 27MB/43MB, paused 574us total 21.210ms
08-05 02:57:16.117 27610 28549 I art     : Starting a blocking GC Explicit
08-05 02:57:16.138 27610 28549 I art     : Explicit concurrent mark sweep GC freed 3(96B) AllocSpace objects, 0(0B) LOS objects, 36% free, 27MB/43MB, paused 565us total 20.792ms
08-05 02:57:16.145 27610 28549 I art     : Starting a blocking GC Explicit
08-05 02:57:16.166 27610 28549 I art     : Explicit concurrent mark sweep GC freed 3(96B) AllocSpace objects, 0(0B) LOS objects, 36% free, 27MB/43MB, paused 565us total 20.404ms
08-05 02:57:16.173 27610 28549 I art     : Starting a blocking GC Explicit
08-05 02:57:16.193 27610 28549 I art     : Explicit concurrent mark sweep GC freed 3(96B) AllocSpace objects, 0(0B) LOS objects, 36% free, 27MB/43MB, paused 587us total 20.308ms
08-05 02:57:16.476 27610 27684 I art     : Starting a blocking GC Explicit
08-05 02:57:16.499 27610 27684 I art     : Explicit concurrent mark sweep GC freed 1397(81KB) AllocSpace objects, 1(20KB) LOS objects, 36% free, 27MB/43MB, paused 525us total 22.895ms
08-05 02:57:16.507 27610 27684 I art     : Starting a blocking GC Explicit
08-05 02:57:16.511 23120 23120 I ServiceManager: Waiting for service AtCmdFwd...
08-05 02:57:16.527 27610 27684 I art     : Explicit concurrent mark sweep GC freed 23(752B) AllocSpace objects, 0(0B) LOS objects, 36% free, 27MB/43MB, paused 681us total 19.774ms
08-05 02:57:16.534 27610 27684 I art     : Starting a blocking GC Explicit
08-05 02:57:16.553 27610 27684 I art     : Explicit concurrent mark sweep GC freed 3(96B) AllocSpace objects, 0(0B) LOS objects, 36% free, 27MB/43MB, paused 535us total 18.700ms
08-05 02:57:16.559 27610 27684 I art     : Starting a blocking GC Explicit
08-05 02:57:16.578 27610 27684 I art     : Explicit concurrent mark sweep GC freed 3(96B) AllocSpace objects, 0(0B) LOS objects, 36% free, 27MB/43MB, paused 972us total 18.458ms
08-05 02:57:16.585 27610 27684 I art     : Starting a blocking GC Explicit
08-05 02:57:16.604 27610 27684 I art     : Explicit concurrent mark sweep GC freed 3(96B) AllocSpace objects, 0(0B) LOS objects, 36% free, 27MB/43MB, paused 553us total 19.367ms
08-05 02:57:16.816 28814 28814 D AndroidRuntime: >>>>>> START com.android.internal.os.RuntimeInit uid 2000 <<<<<<
08-05 02:57:16.821 28814 28814 D AndroidRuntime: CheckJNI is OFF
08-05 02:57:16.848 28814 28814 D ICU     : No timezone override file found: /data/misc/zoneinfo/current/icu/icu_tzdata.dat
08-05 02:57:16.857 27610 27623 I art     : Starting a blocking GC Explicit
08-05 02:57:16.873 28814 28814 I Radio-JNI: register_android_hardware_Radio DONE
08-05 02:57:16.878 27610 27623 I art     : Explicit concurrent mark sweep GC freed 1368(80KB) AllocSpace objects, 1(20KB) LOS objects, 36% free, 27MB/43MB, paused 649us total 20.582ms
08-05 02:57:16.885 27610 27623 I art     : Starting a blocking GC Explicit
08-05 02:57:16.890 28814 28814 D AndroidRuntime: Calling main entry com.android.commands.input.Input
08-05 02:57:16.892 28814 28814 I Input   : injectMotionEvent: MotionEvent { action=ACTION_DOWN, actionButton=0, id[0]=0, x[0]=639.0, y[0]=762.0, toolType[0]=TOOL_TYPE_UNKNOWN, buttonState=0, metaState=0, flags=0x0, edgeFlags=0x0, pointerCount=1, historySize=0, eventTime=759453305, downTime=759453305, deviceId=0, source=0x1002 }
08-05 02:57:16.898 28814 28814 I Input   : injectMotionEvent: MotionEvent { action=ACTION_UP, actionButton=0, id[0]=0, x[0]=639.0, y[0]=762.0, toolType[0]=TOOL_TYPE_UNKNOWN, buttonState=0, metaState=0, flags=0x0, edgeFlags=0x0, pointerCount=1, historySize=0, eventTime=759453305, downTime=759453305, deviceId=0, source=0x1002 }
08-05 02:57:16.899 28814 28814 D AndroidRuntime: Shutting down VM
08-05 02:57:16.906 27610 27623 I art     : Explicit concurrent mark sweep GC freed 39(1232B) AllocSpace objects, 0(0B) LOS objects, 36% free, 27MB/43MB, paused 618us total 20.801ms
08-05 02:57:16.915 27610 27623 I art     : Starting a blocking GC Explicit
08-05 02:57:16.936 27610 27623 I art     : Explicit concurrent mark sweep GC freed 14(576B) AllocSpace objects, 0(0B) LOS objects, 36% free, 27MB/43MB, paused 543us total 20.282ms
08-05 02:57:16.943 27610 27623 I art     : Starting a blocking GC Explicit
08-05 02:57:16.963 27610 27623 I art     : Explicit concurrent mark sweep GC freed 9(288B) AllocSpace objects, 0(0B) LOS objects, 36% free, 27MB/43MB, paused 557us total 20.215ms
08-05 02:57:16.971 27610 27623 I art     : Starting a blocking GC Explicit
08-05 02:57:16.978   512  2967 D audio_hw_primary: out_set_parameters: enter: usecase(1: low-latency-playback) kvpairs: routing=2
08-05 02:57:16.991   512  2967 D audio_hw_primary: select_devices: out_snd_device(2: speaker) in_snd_device(0: none)
08-05 02:57:16.991   512  2967 D msm8974_platform: platform_send_audio_calibration: sending audio calibration for snd_device(2) acdb_id(15)
08-05 02:57:16.991   512  2967 I soundtrigger: audio_extn_sound_trigger_update_device_status: device 0x2 of type 0 for Event 1
08-05 02:57:16.992 27610 27623 I art     : Explicit concurrent mark sweep GC freed 172(7KB) AllocSpace objects, 0(0B) LOS objects, 36% free, 27MB/43MB, paused 619us total 20.425ms
08-05 02:57:17.000 13866 13866 I GoogleInputMethodServic: GoogleInputMethodService.onFinishInput():3138 
08-05 02:57:17.001 13866 13866 I GoogleInputMethodServic: GoogleInputMethodService.onStartInput():1808 
08-05 02:57:17.002   512  2967 D audio_hw_primary: enable_snd_device: snd_device(2: speaker)
08-05 02:57:17.004   512  2967 D audio_hw_primary: enable_audio_route: apply and update mixer path: low-latency-playback speaker
08-05 02:57:17.083   518   646 I ThermalEngine: ACTION: GPU - Setting GPU[0] to 510000000
08-05 02:57:17.181 27610 27630 I NAPPA_EXPERIMENTATION: MetricNetworkRequestExecutionTime: REQUEST_DURATION_SYSTEM='203',REQUEST_DURATION_OKHTTP='203',REQUEST_SYNCHRONOUS='TRUE',RESPONSE_CODE='200',RESPONSE_METHOD='GET',RESPONSE_LENGTH_OKHTTP='-1',RESPONSE_LENGTH_HEADER='622',REQUEST_PROTOCOL='h2',REQUEST_URL='https://itunes.apple.com/lookup?id=360084272',
08-05 02:57:17.195   918   928 I ActivityManager: START u0 {cmp=baseline.de.danoeh.antennapod.debug/baseline.de.danoeh.antennapod.activity.OnlineFeedViewActivity (has extras)} from uid 10691 on display 0
08-05 02:57:17.218 13866 13866 I GoogleInputMethodServic: GoogleInputMethodService.onFinishInput():3138 
08-05 02:57:17.218 13866 13866 I GoogleInputMethodServic: GoogleInputMethodService.onStartInput():1808 
08-05 02:57:17.241 27610 27610 D UserPreferences: Using default data folder
08-05 02:57:17.242 27610 27610 D OnlineFeedViewActivity: Activity was started with url http://joeroganexp.joerogan.libsynpro.com/rss
08-05 02:57:17.244 27610 27610 D OnlineFeedViewActivity: Starting feed download
08-05 02:57:17.247 27610 28150 D DBReader: Extracting Feedlist
08-05 02:57:17.248   918  3961 D WifiService: acquireWifiLockLocked: WifiLock{Downloader type=1 binder=android.os.BinderProxy@8058e5d}
08-05 02:57:17.249 27610 28150 D AntennapodHttpClient: Creating new instance of HTTP client
08-05 02:57:17.269 27610 28549 I art     : Starting a blocking GC Explicit
08-05 02:57:17.294 27610 28549 I art     : Explicit concurrent mark sweep GC freed 3193(214KB) AllocSpace objects, 1(20KB) LOS objects, 36% free, 27MB/43MB, paused 759us total 24.709ms
08-05 02:57:17.296 27610 28150 D MYTAG   : interceptor 3a http://joeroganexp.joerogan.libsynpro.com/rss
08-05 02:57:17.296 27610 28150 I NAPPA_EXPERIMENTATION: MetricNetworkRequestExecutionTime: REQUEST_DURATION_SYSTEM='46',REQUEST_DURATION_OKHTTP='40',REQUEST_SYNCHRONOUS='TRUE',RESPONSE_CODE='200',RESPONSE_METHOD='GET',RESPONSE_LENGTH_OKHTTP='-1',RESPONSE_LENGTH_HEADER='307892',REQUEST_PROTOCOL='http/1.1',REQUEST_URL='http://joeroganexp.joerogan.libsynpro.com/rss',
08-05 02:57:17.296 27610 28150 D HttpDownloader: Response code is 200
08-05 02:57:17.296 27610 28150 D UserPreferences: Using default data folder
08-05 02:57:17.298 27610 28150 D HttpDownloader: Getting size of download
08-05 02:57:17.299 27610 28150 D HttpDownloader: Size is -1
08-05 02:57:17.299 27610 28150 D UserPreferences: Using default data folder
08-05 02:57:17.299 27610 28150 D HttpDownloader: Free space is 20302254080
08-05 02:57:17.299 27610 28150 D HttpDownloader: Starting download
08-05 02:57:17.303 27610 28549 I art     : Starting a blocking GC Explicit
08-05 02:57:17.306 13866 13866 I GoogleInputMethodServic: GoogleInputMethodService.onFinishInput():3138 
08-05 02:57:17.306 13866 13866 I GoogleInputMethodServic: GoogleInputMethodService.onStartInput():1808 
08-05 02:57:17.327 27610 28549 I art     : Explicit concurrent mark sweep GC freed 674(38KB) AllocSpace objects, 0(0B) LOS objects, 36% free, 27MB/43MB, paused 870us total 24.315ms
