--------- beginning of main
08-03 19:32:31.706 22913 22913 D AndroidRuntime: >>>>>> START com.android.internal.os.RuntimeInit uid 2000 <<<<<<
08-03 19:32:31.712 22913 22913 D AndroidRuntime: CheckJNI is OFF
08-03 19:32:31.743 22913 22913 D ICU     : No timezone override file found: /data/misc/zoneinfo/current/icu/icu_tzdata.dat
08-03 19:32:31.776 22913 22913 I Radio-JNI: register_android_hardware_Radio DONE
08-03 19:32:31.794 22913 22913 D AndroidRuntime: Calling main entry com.android.commands.monkey.Monkey
--------- beginning of system
08-03 19:32:31.811   918   931 W BroadcastQueue: Skipping deliver [background] BroadcastRecord{5d7a1c5 u-1 android.net.conn.CONNECTIVITY_CHANGE} to ReceiverList{947f24b 22913 (unknown name)/2000/u-1 remote:c3d622f}: process crashing
08-03 19:32:31.822   918  6111 I ActivityManager: START u0 {act=android.intent.action.MAIN cat=[android.intent.category.LAUNCHER] flg=0x10200000 cmp=baseline.appteam.nith.hillffair/.activities.SplashActivity} from uid 2000 on display 0
08-03 19:32:31.857 22923 22923 I art     : Late-enabling -Xcheck:jni
08-03 19:32:31.858   918  3359 I ActivityManager: Start proc 22923:baseline.appteam.nith.hillffair/u0a624 for activity baseline.appteam.nith.hillffair/.activities.SplashActivity
08-03 19:32:31.875 22913 22913 I art     : System.exit called, status: 0
08-03 19:32:31.875 22913 22913 I AndroidRuntime: VM exiting with result code 0.
08-03 19:32:31.930  6202 13515 I PBSessionCacheImpl: Deleted sessionId[27278280657311515] from persistence.
08-03 19:32:31.937  6202  6241 W SearchServiceCore: Abort, client detached.
08-03 19:32:31.938  6202  6241 I MicroDetectionState: Should stop hotword detection immediately - true
08-03 19:32:31.965 22923 22923 W System  : ClassLoader referenced unknown path: /data/app/baseline.appteam.nith.hillffair-1/lib/arm64
08-03 19:32:31.995 22816 22816 I ServiceManager: Waiting for service AtCmdFwd...
08-03 19:32:32.087 22923 22923 W OneSignal: GCM Library detected, please upgrade to Firebase FCM library as GCM is deprecated!
08-03 19:32:32.214 22923 22923 W art     : Before Android 4.1, method android.graphics.PorterDuffColorFilter androidx.vectordrawable.graphics.drawable.VectorDrawableCompat.updateTintFilter(android.graphics.PorterDuffColorFilter, android.content.res.ColorStateList, android.graphics.PorterDuff$Mode) would have incorrectly overridden the package-private method in android.graphics.drawable.Drawable
08-03 19:32:32.260 22923 22923 I art     : Rejecting re-init on previously-failed class java.lang.Class<androidx.core.view.ViewCompat$2>
08-03 19:32:32.260 22923 22923 I art     : Rejecting re-init on previously-failed class java.lang.Class<androidx.core.view.ViewCompat$2>
08-03 19:32:32.367 22923 22949 D OpenGLRenderer: Use EGL_SWAP_BEHAVIOR_PRESERVED: true
08-03 19:32:32.413 22923 22949 I Adreno  : QUALCOMM build                   : fcf4852, I1af360237c
08-03 19:32:32.413 22923 22949 I Adreno  : Build Date                       : 09/23/15
08-03 19:32:32.413 22923 22949 I Adreno  : OpenGL ES Shader Compiler Version: XE031.05.13.02
08-03 19:32:32.413 22923 22949 I Adreno  : Local Branch                     : mybranch14465806
08-03 19:32:32.413 22923 22949 I Adreno  : Remote Branch                    : quic/LA.BF64.1.2.9_v2
08-03 19:32:32.413 22923 22949 I Adreno  : Remote Branch                    : NONE
08-03 19:32:32.413 22923 22949 I Adreno  : Reconstruct Branch               : NOTHING
08-03 19:32:32.418 22923 22949 I OpenGLRenderer: Initialized EGL, version 1.4
08-03 19:32:32.456 13866 13866 I GoogleInputMethodServic: GoogleInputMethodService.onFinishInput():3138 
08-03 19:32:32.458 13866 13866 I GoogleInputMethodServic: GoogleInputMethodService.onStartInput():1808 
08-03 19:32:32.509   918   936 I ActivityManager: Displayed baseline.appteam.nith.hillffair/.activities.SplashActivity: +680ms
08-03 19:32:32.675 22923 22959 W GCM     : GCM SDK is deprecated, baseline.appteam.nith.hillffair should update to use FCM
08-03 19:32:32.712 24365 23406 W Conscrypt: Could not set socket write timeout: java.net.SocketException: Socket closed
08-03 19:32:32.712 24365 23406 E art     : invalid stream - problem with parameter iterator in /data/app/com.google.android.gms-2/base.apk:classes3.dex for method void com.google.android.gms.org.conscrypt.ConscryptFileDescriptorSocket.setSoWriteTimeout(int)
08-03 19:32:32.712 24365 23406 W Conscrypt: 	at com.google.android.gms.org.conscrypt.Platform.setSocketWriteTimeout(:com.google.android.gms@202614019@20.26.14 (040400-320008519):2)
08-03 19:32:32.712 24365 23406 W Conscrypt: 	at com.google.android.gms.org.conscrypt.ConscryptFileDescriptorSocket.setSoWriteTimeout(:com.google.android.gms@202614019@20.26.14 (040400-320008519))
08-03 19:32:32.730 24365 23406 W Conscrypt: Could not set socket write timeout: java.net.SocketException: Socket closed
08-03 19:32:32.731 24365 23406 E art     : invalid stream - problem with parameter iterator in /data/app/com.google.android.gms-2/base.apk:classes3.dex for method void com.google.android.gms.org.conscrypt.ConscryptFileDescriptorSocket.setSoWriteTimeout(int)
08-03 19:32:32.731 24365 23406 W Conscrypt: 	at com.google.android.gms.org.conscrypt.Platform.setSocketWriteTimeout(:com.google.android.gms@202614019@20.26.14 (040400-320008519):2)
08-03 19:32:32.731 24365 23406 W Conscrypt: 	at com.google.android.gms.org.conscrypt.ConscryptFileDescriptorSocket.setSoWriteTimeout(:com.google.android.gms@202614019@20.26.14 (040400-320008519))
08-03 19:32:32.790 24365 23406 W Conscrypt: Could not set socket write timeout: java.net.SocketException: Socket closed
08-03 19:32:32.791 24365 23406 E art     : invalid stream - problem with parameter iterator in /data/app/com.google.android.gms-2/base.apk:classes3.dex for method void com.google.android.gms.org.conscrypt.ConscryptFileDescriptorSocket.setSoWriteTimeout(int)
08-03 19:32:32.791 24365 23406 W Conscrypt: 	at com.google.android.gms.org.conscrypt.Platform.setSocketWriteTimeout(:com.google.android.gms@202614019@20.26.14 (040400-320008519):2)
08-03 19:32:32.791 24365 23406 W Conscrypt: 	at com.google.android.gms.org.conscrypt.ConscryptFileDescriptorSocket.setSoWriteTimeout(:com.google.android.gms@202614019@20.26.14 (040400-320008519))
08-03 19:32:32.809 24365 23406 W Conscrypt: Could not set socket write timeout: java.net.SocketException: Socket closed
08-03 19:32:32.809 24365 23406 E art     : invalid stream - problem with parameter iterator in /data/app/com.google.android.gms-2/base.apk:classes3.dex for method void com.google.android.gms.org.conscrypt.ConscryptFileDescriptorSocket.setSoWriteTimeout(int)
08-03 19:32:32.810 24365 23406 W Conscrypt: 	at com.google.android.gms.org.conscrypt.Platform.setSocketWriteTimeout(:com.google.android.gms@202614019@20.26.14 (040400-320008519):2)
08-03 19:32:32.810 24365 23406 W Conscrypt: 	at com.google.android.gms.org.conscrypt.ConscryptFileDescriptorSocket.setSoWriteTimeout(:com.google.android.gms@202614019@20.26.14 (040400-320008519))
08-03 19:32:32.985 22923 22959 E OneSignal: Error Getting GCM Token
08-03 19:32:32.985 22923 22959 E OneSignal: java.io.IOException: INVALID_SENDER
08-03 19:32:32.985 22923 22959 E OneSignal: 	at com.google.android.gms.gcm.GoogleCloudMessaging.zzd(Unknown Source)
08-03 19:32:32.985 22923 22959 E OneSignal: 	at com.google.android.gms.gcm.GoogleCloudMessaging.register(Unknown Source)
08-03 19:32:32.985 22923 22959 E OneSignal: 	at com.onesignal.PushRegistratorGCM.getToken(PushRegistratorGCM.java:42)
08-03 19:32:32.985 22923 22959 E OneSignal: 	at com.onesignal.PushRegistratorAbstractGoogle.attemptRegistration(PushRegistratorAbstractGoogle.java:97)
08-03 19:32:32.985 22923 22959 E OneSignal: 	at com.onesignal.PushRegistratorAbstractGoogle.access$100(PushRegistratorAbstractGoogle.java:37)
08-03 19:32:32.985 22923 22959 E OneSignal: 	at com.onesignal.PushRegistratorAbstractGoogle$1.run(PushRegistratorAbstractGoogle.java:84)
08-03 19:32:32.985 22923 22959 E OneSignal: 	at java.lang.Thread.run(Thread.java:818)
08-03 19:32:32.996 22816 22816 I ServiceManager: Waiting for service AtCmdFwd...
08-03 19:32:33.000 22923 22969 I art     : Rejecting re-init on previously-failed class java.lang.Class<com.onesignal.OneSignalChromeTab$OneSignalCustomTabsServiceConnection>
08-03 19:32:33.000 22923 22969 I art     : Rejecting re-init on previously-failed class java.lang.Class<com.onesignal.OneSignalChromeTab$OneSignalCustomTabsServiceConnection>
08-03 19:32:33.417 22973 22973 D AndroidRuntime: >>>>>> START com.android.internal.os.RuntimeInit uid 2000 <<<<<<
08-03 19:32:33.423 22973 22973 D AndroidRuntime: CheckJNI is OFF
08-03 19:32:33.455 22973 22973 D ICU     : No timezone override file found: /data/misc/zoneinfo/current/icu/icu_tzdata.dat
08-03 19:32:33.488 22973 22973 I Radio-JNI: register_android_hardware_Radio DONE
08-03 19:32:33.506 22973 22973 D AndroidRuntime: Calling main entry com.android.commands.am.Am
08-03 19:32:33.517 29687 29687 I Trepn   : Trepn 6.2s: Received intent: com.quicinc.trepn.start_profiling
08-03 19:32:33.623 29687 29687 W FileUtils: Failed to chmod(/storage/emulated/0/trepn/Trepn_2020.08.03_193233.db): android.system.ErrnoException: chmod failed: EPERM (Operation not permitted)
08-03 19:32:33.697 29687 29687 I Trepn   : Trepn 6.2s: Trepn has Started Profiling.
08-03 19:32:33.698 22973 22973 D AndroidRuntime: Shutting down VM
08-03 19:32:33.837   918  5952 I ActivityManager: START u0 {cmp=baseline.appteam.nith.hillffair/.activities.WelcomeActivity} from uid 10624 on display 0
08-03 19:32:33.868   918   928 I ActivityManager: START u0 {cmp=baseline.appteam.nith.hillffair/.activities.HomeActivity} from uid 10624 on display 0
08-03 19:32:33.876   918   928 W ActivityManager: Duplicate finish request for ActivityRecord{82b5a59 u0 baseline.appteam.nith.hillffair/.activities.WelcomeActivity t3735 f}
08-03 19:32:33.996 22816 22816 I ServiceManager: Waiting for service AtCmdFwd...
08-03 19:32:34.087 22923 22956 I art     : Starting a blocking GC Explicit
08-03 19:32:34.102 22923 22956 I art     : Explicit concurrent mark sweep GC freed 1873(290KB) AllocSpace objects, 0(0B) LOS objects, 26% free, 45MB/61MB, paused 276us total 14.704ms
08-03 19:32:34.108 22923 22956 I art     : Starting a blocking GC Explicit
08-03 19:32:34.119 22923 22956 I art     : Explicit concurrent mark sweep GC freed 227(51KB) AllocSpace objects, 0(0B) LOS objects, 26% free, 45MB/61MB, paused 593us total 11.092ms
08-03 19:32:34.124 22923 22956 I art     : Starting a blocking GC Explicit
08-03 19:32:34.136 22923 22956 I art     : Explicit concurrent mark sweep GC freed 562(52KB) AllocSpace objects, 0(0B) LOS objects, 26% free, 45MB/61MB, paused 169us total 11.202ms
08-03 19:32:34.141 22923 22956 I art     : Starting a blocking GC Explicit
08-03 19:32:34.151 22923 22956 I art     : Explicit concurrent mark sweep GC freed 29(4KB) AllocSpace objects, 0(0B) LOS objects, 26% free, 45MB/61MB, paused 140us total 9.773ms
08-03 19:32:34.157 22923 22956 I art     : Starting a blocking GC Explicit
08-03 19:32:34.167 22923 22956 I art     : Explicit concurrent mark sweep GC freed 64(10KB) AllocSpace objects, 0(0B) LOS objects, 26% free, 45MB/61MB, paused 349us total 10.670ms
08-03 19:32:34.309   918   936 I ActivityManager: Displayed baseline.appteam.nith.hillffair/.activities.HomeActivity: +389ms (total +456ms)
08-03 19:32:34.309 13866 13866 I GoogleInputMethodServic: GoogleInputMethodService.onFinishInput():3138 
08-03 19:32:34.310 13866 13866 I GoogleInputMethodServic: GoogleInputMethodService.onStartInput():1808 
08-03 19:32:34.409 22923 22936 I art     : Starting a blocking GC Explicit
08-03 19:32:34.421 22923 22936 I art     : Explicit concurrent mark sweep GC freed 2252(255KB) AllocSpace objects, 1(20KB) LOS objects, 24% free, 48MB/64MB, paused 150us total 11.004ms
08-03 19:32:34.426 22923 22936 I art     : Starting a blocking GC Explicit
08-03 19:32:34.440 22923 22936 I art     : Explicit concurrent mark sweep GC freed 1220(81KB) AllocSpace objects, 0(0B) LOS objects, 25% free, 47MB/63MB, paused 159us total 12.971ms
08-03 19:32:34.447 22923 22936 I art     : Starting a blocking GC Explicit
08-03 19:32:34.460 22923 22936 I art     : Explicit concurrent mark sweep GC freed 3(96B) AllocSpace objects, 0(0B) LOS objects, 25% free, 47MB/63MB, paused 166us total 12.775ms
08-03 19:32:34.467 22923 22936 I art     : Starting a blocking GC Explicit
08-03 19:32:34.481 22923 22936 I art     : Explicit concurrent mark sweep GC freed 3(96B) AllocSpace objects, 0(0B) LOS objects, 25% free, 47MB/63MB, paused 142us total 13.976ms
08-03 19:32:34.488 22923 22936 I art     : Starting a blocking GC Explicit
08-03 19:32:34.501 22923 22936 I art     : Explicit concurrent mark sweep GC freed 3(96B) AllocSpace objects, 0(0B) LOS objects, 25% free, 47MB/63MB, paused 168us total 12.971ms
08-03 19:32:34.557   380   380 W SurfaceFlinger: couldn't log to binary event log: overflow.
08-03 19:32:34.778 22923 22936 I art     : Starting a blocking GC Explicit
08-03 19:32:34.790 22923 22936 I art     : Explicit concurrent mark sweep GC freed 2015(113KB) AllocSpace objects, 1(20KB) LOS objects, 25% free, 47MB/63MB, paused 148us total 11.895ms
08-03 19:32:34.795 22923 22936 I art     : Starting a blocking GC Explicit
08-03 19:32:34.807 22923 22936 I art     : Explicit concurrent mark sweep GC freed 907(59KB) AllocSpace objects, 0(0B) LOS objects, 25% free, 47MB/63MB, paused 164us total 11.420ms
08-03 19:32:34.813 22923 22936 I art     : Starting a blocking GC Explicit
08-03 19:32:34.824 22923 22936 I art     : Explicit concurrent mark sweep GC freed 3(96B) AllocSpace objects, 0(0B) LOS objects, 25% free, 47MB/63MB, paused 147us total 11.094ms
08-03 19:32:34.830 22923 22936 I art     : Starting a blocking GC Explicit
08-03 19:32:34.841 22923 22936 I art     : Explicit concurrent mark sweep GC freed 3(96B) AllocSpace objects, 0(0B) LOS objects, 25% free, 47MB/63MB, paused 154us total 10.762ms
08-03 19:32:34.847 22923 22936 I art     : Starting a blocking GC Explicit
08-03 19:32:34.858 22923 22936 I art     : Explicit concurrent mark sweep GC freed 3(96B) AllocSpace objects, 0(0B) LOS objects, 25% free, 47MB/63MB, paused 156us total 10.466ms
08-03 19:32:34.997 22816 22816 I ServiceManager: Waiting for service AtCmdFwd...
08-03 19:32:35.140 22923 22956 I art     : Starting a blocking GC Explicit
08-03 19:32:35.158 22923 22956 I art     : Explicit concurrent mark sweep GC freed 1342(78KB) AllocSpace objects, 1(20KB) LOS objects, 25% free, 47MB/63MB, paused 340us total 17.727ms
08-03 19:32:35.167 22923 22956 I art     : Starting a blocking GC Explicit
08-03 19:32:35.183 22923 22956 I art     : Explicit concurrent mark sweep GC freed 20(704B) AllocSpace objects, 0(0B) LOS objects, 25% free, 47MB/63MB, paused 166us total 14.814ms
08-03 19:32:35.193 22923 22956 I art     : Starting a blocking GC Explicit
08-03 19:32:35.205 22923 22956 I art     : Explicit concurrent mark sweep GC freed 3(96B) AllocSpace objects, 0(0B) LOS objects, 25% free, 47MB/63MB, paused 150us total 11.949ms
08-03 19:32:35.211 22923 22956 I art     : Starting a blocking GC Explicit
08-03 19:32:35.223 22923 22956 I art     : Explicit concurrent mark sweep GC freed 3(96B) AllocSpace objects, 0(0B) LOS objects, 25% free, 47MB/63MB, paused 146us total 11.643ms
08-03 19:32:35.229 22923 22956 I art     : Starting a blocking GC Explicit
08-03 19:32:35.240 22923 22956 I art     : Explicit concurrent mark sweep GC freed 3(96B) AllocSpace objects, 0(0B) LOS objects, 25% free, 47MB/63MB, paused 140us total 11.186ms
08-03 19:32:35.539 22923 22934 I art     : Starting a blocking GC Explicit
08-03 19:32:35.553 22923 22934 I art     : Explicit concurrent mark sweep GC freed 1341(78KB) AllocSpace objects, 1(20KB) LOS objects, 25% free, 47MB/63MB, paused 145us total 13.437ms
08-03 19:32:35.559 22923 22934 I art     : Starting a blocking GC Explicit
08-03 19:32:35.572 22923 22934 I art     : Explicit concurrent mark sweep GC freed 20(704B) AllocSpace objects, 0(0B) LOS objects, 25% free, 47MB/63MB, paused 148us total 12.192ms
08-03 19:32:35.578 22923 22934 I art     : Starting a blocking GC Explicit
08-03 19:32:35.590 22923 22934 I art     : Explicit concurrent mark sweep GC freed 3(96B) AllocSpace objects, 0(0B) LOS objects, 25% free, 47MB/63MB, paused 148us total 11.653ms
08-03 19:32:35.596 22923 22934 I art     : Starting a blocking GC Explicit
08-03 19:32:35.608 22923 22934 I art     : Explicit concurrent mark sweep GC freed 3(96B) AllocSpace objects, 0(0B) LOS objects, 25% free, 47MB/63MB, paused 143us total 11.367ms
08-03 19:32:35.614 22923 22934 I art     : Starting a blocking GC Explicit
08-03 19:32:35.625 22923 22934 I art     : Explicit concurrent mark sweep GC freed 3(96B) AllocSpace objects, 0(0B) LOS objects, 25% free, 47MB/63MB, paused 135us total 11.293ms
08-03 19:32:35.932 22923 22936 I art     : Starting a blocking GC Explicit
08-03 19:32:35.947 22923 22936 I art     : Explicit concurrent mark sweep GC freed 1339(78KB) AllocSpace objects, 1(20KB) LOS objects, 25% free, 47MB/63MB, paused 204us total 14.347ms
08-03 19:32:35.957 22923 22936 I art     : Starting a blocking GC Explicit
08-03 19:32:35.969 22923 22936 I art     : Explicit concurrent mark sweep GC freed 20(704B) AllocSpace objects, 0(0B) LOS objects, 25% free, 47MB/63MB, paused 155us total 11.971ms
08-03 19:32:35.975 22923 22936 I art     : Starting a blocking GC Explicit
08-03 19:32:35.986 22923 22936 I art     : Explicit concurrent mark sweep GC freed 3(96B) AllocSpace objects, 0(0B) LOS objects, 25% free, 47MB/63MB, paused 157us total 10.820ms
08-03 19:32:35.992 22923 22936 I art     : Starting a blocking GC Explicit
08-03 19:32:35.997 22816 22816 I ServiceManager: Waiting for service AtCmdFwd...
08-03 19:32:36.003 22923 22936 I art     : Explicit concurrent mark sweep GC freed 3(96B) AllocSpace objects, 0(0B) LOS objects, 25% free, 47MB/63MB, paused 156us total 10.985ms
08-03 19:32:36.009 22923 22936 I art     : Starting a blocking GC Explicit
08-03 19:32:36.021 22923 22936 I art     : Explicit concurrent mark sweep GC freed 3(96B) AllocSpace objects, 0(0B) LOS objects, 25% free, 47MB/63MB, paused 152us total 11.472ms
08-03 19:32:36.329 22923 22956 I art     : Starting a blocking GC Explicit
08-03 19:32:36.349 22923 22956 I art     : Explicit concurrent mark sweep GC freed 1339(78KB) AllocSpace objects, 1(20KB) LOS objects, 25% free, 47MB/63MB, paused 175us total 18.981ms
08-03 19:32:36.358 22923 22956 I art     : Starting a blocking GC Explicit
08-03 19:32:36.374 22923 22956 I art     : Explicit concurrent mark sweep GC freed 20(704B) AllocSpace objects, 0(0B) LOS objects, 25% free, 47MB/63MB, paused 169us total 14.974ms
08-03 19:32:36.382 22923 22956 I art     : Starting a blocking GC Explicit
08-03 19:32:36.394 22923 22956 I art     : Explicit concurrent mark sweep GC freed 3(96B) AllocSpace objects, 0(0B) LOS objects, 25% free, 47MB/63MB, paused 153us total 11.875ms
08-03 19:32:36.400 22923 22956 I art     : Starting a blocking GC Explicit
08-03 19:32:36.413 22923 22956 I art     : Explicit concurrent mark sweep GC freed 3(96B) AllocSpace objects, 0(0B) LOS objects, 25% free, 47MB/63MB, paused 147us total 11.899ms
08-03 19:32:36.419 22923 22956 I art     : Starting a blocking GC Explicit
08-03 19:32:36.430 22923 22956 I art     : Explicit concurrent mark sweep GC freed 3(96B) AllocSpace objects, 0(0B) LOS objects, 25% free, 47MB/63MB, paused 138us total 11.311ms
08-03 19:32:36.731 22923 22934 I art     : Starting a blocking GC Explicit
08-03 19:32:36.745 22923 22934 I art     : Explicit concurrent mark sweep GC freed 1339(78KB) AllocSpace objects, 1(20KB) LOS objects, 25% free, 47MB/63MB, paused 166us total 13.778ms
08-03 19:32:36.753 22923 22934 I art     : Starting a blocking GC Explicit
08-03 19:32:36.768 22923 22934 I art     : Explicit concurrent mark sweep GC freed 20(704B) AllocSpace objects, 0(0B) LOS objects, 25% free, 47MB/63MB, paused 164us total 14.932ms
08-03 19:32:36.777 22923 22934 I art     : Starting a blocking GC Explicit
08-03 19:32:36.789 22923 22934 I art     : Explicit concurrent mark sweep GC freed 3(96B) AllocSpace objects, 0(0B) LOS objects, 25% free, 47MB/63MB, paused 142us total 11.900ms
08-03 19:32:36.796 22923 22934 I art     : Starting a blocking GC Explicit
08-03 19:32:36.808 22923 22934 I art     : Explicit concurrent mark sweep GC freed 3(96B) AllocSpace objects, 0(0B) LOS objects, 25% free, 47MB/63MB, paused 140us total 11.786ms
08-03 19:32:36.814 22923 22934 I art     : Starting a blocking GC Explicit
08-03 19:32:36.826 22923 22934 I art     : Explicit concurrent mark sweep GC freed 3(96B) AllocSpace objects, 0(0B) LOS objects, 25% free, 47MB/63MB, paused 144us total 11.599ms
08-03 19:32:36.998 22816 22816 W Atfwd_Sendcmd: AtCmdFwd service not published, waiting... retryCnt : 5
08-03 19:32:37.143 22923 22936 I art     : Starting a blocking GC Explicit
08-03 19:32:37.160 22923 22936 I art     : Explicit concurrent mark sweep GC freed 1339(78KB) AllocSpace objects, 1(20KB) LOS objects, 25% free, 47MB/63MB, paused 197us total 17.440ms
08-03 19:32:37.170 22923 22936 I art     : Starting a blocking GC Explicit
08-03 19:32:37.185 22923 22936 I art     : Explicit concurrent mark sweep GC freed 20(704B) AllocSpace objects, 0(0B) LOS objects, 25% free, 47MB/63MB, paused 176us total 14.286ms
08-03 19:32:37.193 22923 22936 I art     : Starting a blocking GC Explicit
08-03 19:32:37.205 22923 22936 I art     : Explicit concurrent mark sweep GC freed 3(96B) AllocSpace objects, 0(0B) LOS objects, 25% free, 47MB/63MB, paused 161us total 11.764ms
08-03 19:32:37.211 22923 22936 I art     : Starting a blocking GC Explicit
08-03 19:32:37.223 22923 22936 I art     : Explicit concurrent mark sweep GC freed 3(96B) AllocSpace objects, 0(0B) LOS objects, 25% free, 47MB/63MB, paused 158us total 11.726ms
08-03 19:32:37.229 22923 22936 I art     : Starting a blocking GC Explicit
08-03 19:32:37.241 22923 22936 I art     : Explicit concurrent mark sweep GC freed 3(96B) AllocSpace objects, 0(0B) LOS objects, 25% free, 47MB/63MB, paused 159us total 11.608ms
08-03 19:32:37.514 22923 22956 I art     : Starting a blocking GC Explicit
08-03 19:32:37.529 22923 22956 I art     : Explicit concurrent mark sweep GC freed 1338(78KB) AllocSpace objects, 1(20KB) LOS objects, 25% free, 47MB/63MB, paused 179us total 14.953ms
08-03 19:32:37.541 22923 22956 I art     : Starting a blocking GC Explicit
08-03 19:32:37.553 22923 22956 I art     : Explicit concurrent mark sweep GC freed 20(704B) AllocSpace objects, 0(0B) LOS objects, 25% free, 47MB/63MB, paused 153us total 11.725ms
08-03 19:32:37.559 22923 22956 I art     : Starting a blocking GC Explicit
08-03 19:32:37.570 22923 22956 I art     : Explicit concurrent mark sweep GC freed 3(96B) AllocSpace objects, 0(0B) LOS objects, 25% free, 47MB/63MB, paused 149us total 11.336ms
08-03 19:32:37.576 22923 22956 I art     : Starting a blocking GC Explicit
08-03 19:32:37.588 22923 22956 I art     : Explicit concurrent mark sweep GC freed 3(96B) AllocSpace objects, 0(0B) LOS objects, 25% free, 47MB/63MB, paused 145us total 11.378ms
08-03 19:32:37.594 22923 22956 I art     : Starting a blocking GC Explicit
08-03 19:32:37.606 22923 22956 I art     : Explicit concurrent mark sweep GC freed 3(96B) AllocSpace objects, 0(0B) LOS objects, 25% free, 47MB/63MB, paused 155us total 11.801ms
08-03 19:32:37.861 22923 22934 I art     : Starting a blocking GC Explicit
08-03 19:32:37.874 22923 22934 I art     : Explicit concurrent mark sweep GC freed 1339(78KB) AllocSpace objects, 1(20KB) LOS objects, 25% free, 47MB/63MB, paused 165us total 12.828ms
08-03 19:32:37.880 22923 22934 I art     : Starting a blocking GC Explicit
08-03 19:32:37.892 22923 22934 I art     : Explicit concurrent mark sweep GC freed 20(704B) AllocSpace objects, 0(0B) LOS objects, 25% free, 47MB/63MB, paused 140us total 11.607ms
08-03 19:32:37.898 22923 22934 I art     : Starting a blocking GC Explicit
08-03 19:32:37.908 22923 22934 I art     : Explicit concurrent mark sweep GC freed 3(96B) AllocSpace objects, 0(0B) LOS objects, 25% free, 47MB/63MB, paused 125us total 9.678ms
08-03 19:32:37.913 22923 22934 I art     : Starting a blocking GC Explicit
08-03 19:32:37.923 22923 22934 I art     : Explicit concurrent mark sweep GC freed 3(96B) AllocSpace objects, 0(0B) LOS objects, 25% free, 47MB/63MB, paused 130us total 9.667ms
08-03 19:32:37.928 22923 22934 I art     : Starting a blocking GC Explicit
08-03 19:32:37.938 22923 22934 I art     : Explicit concurrent mark sweep GC freed 3(96B) AllocSpace objects, 0(0B) LOS objects, 25% free, 47MB/63MB, paused 134us total 9.820ms
08-03 19:32:38.126 22923 23129 W OneSignal: OneSignalRestClient: POST Error thrown from network stack. 
08-03 19:32:38.126 22923 23129 W OneSignal: java.io.IOException: unexpected end of stream on Connection{api.onesignal.com:443, proxy=HTTP@192.168.2.12:8080 hostAddress=192.168.2.12 cipherSuite=TLS_ECDHE_RSA_WITH_AES_128_GCM_SHA256 protocol=http/1.1} (recycle count=1)
08-03 19:32:38.126 22923 23129 W OneSignal: 	at com.android.okhttp.internal.http.HttpConnection.readResponse(HttpConnection.java:210)
08-03 19:32:38.126 22923 23129 W OneSignal: 	at com.android.okhttp.internal.http.HttpTransport.readResponseHeaders(HttpTransport.java:80)
08-03 19:32:38.126 22923 23129 W OneSignal: 	at com.android.okhttp.internal.http.HttpEngine.readNetworkResponse(HttpEngine.java:904)
08-03 19:32:38.126 22923 23129 W OneSignal: 	at com.android.okhttp.internal.http.HttpEngine.readResponse(HttpEngine.java:788)
08-03 19:32:38.126 22923 23129 W OneSignal: 	at com.android.okhttp.internal.huc.HttpURLConnectionImpl.execute(HttpURLConnectionImpl.java:439)
08-03 19:32:38.126 22923 23129 W OneSignal: 	at com.android.okhttp.internal.huc.HttpURLConnectionImpl.getResponse(HttpURLConnectionImpl.java:384)
08-03 19:32:38.126 22923 23129 W OneSignal: 	at com.android.okhttp.internal.huc.HttpURLConnectionImpl.getResponseCode(HttpURLConnectionImpl.java:497)
08-03 19:32:38.126 22923 23129 W OneSignal: 	at com.android.okhttp.internal.huc.DelegatingHttpsURLConnection.getResponseCode(DelegatingHttpsURLConnection.java:105)
08-03 19:32:38.126 22923 23129 W OneSignal: 	at com.android.okhttp.internal.huc.HttpsURLConnectionImpl.getResponseCode(HttpsURLConnectionImpl.java)
08-03 19:32:38.126 22923 23129 W OneSignal: 	at com.onesignal.OneSignalRestClient.startHTTPConnection(OneSignalRestClient.java:180)
08-03 19:32:38.126 22923 23129 W OneSignal: 	at com.onesignal.OneSignalRestClient.access$100(OneSignalRestClient.java:44)
08-03 19:32:38.126 22923 23129 W OneSignal: 	at com.onesignal.OneSignalRestClient$4.run(OneSignalRestClient.java:110)
08-03 19:32:38.126 22923 23129 W OneSignal: 	at java.lang.Thread.run(Thread.java:818)
08-03 19:32:38.126 22923 23129 W OneSignal: Caused by: java.io.EOFException: \n not found: size=0 content=...
08-03 19:32:38.126 22923 23129 W OneSignal: 	at com.android.okhttp.okio.RealBufferedSource.readUtf8LineStrict(RealBufferedSource.java:200)
08-03 19:32:38.126 22923 23129 W OneSignal: 	at com.android.okhttp.internal.http.HttpConnection.readResponse(HttpConnection.java:191)
08-03 19:32:38.126 22923 23129 W OneSignal: 	... 12 more
08-03 19:32:38.127 22923 23136 W OneSignal: Failed last request. statusCode: -1
08-03 19:32:38.127 22923 23136 W OneSignal: response: null
08-03 19:32:38.223 22923 22936 I art     : Starting a blocking GC Explicit
08-03 19:32:38.240 22923 22936 I art     : Explicit concurrent mark sweep GC freed 1975(154KB) AllocSpace objects, 1(20KB) LOS objects, 25% free, 47MB/63MB, paused 180us total 16.588ms
08-03 19:32:38.246 22923 22936 I art     : Starting a blocking GC Explicit
08-03 19:32:38.258 22923 22936 I art     : Explicit concurrent mark sweep GC freed 30(1168B) AllocSpace objects, 0(0B) LOS objects, 25% free, 47MB/63MB, paused 151us total 11.844ms
08-03 19:32:38.265 22923 22936 I art     : Starting a blocking GC Explicit
08-03 19:32:38.276 22923 22936 I art     : Explicit concurrent mark sweep GC freed 3(96B) AllocSpace objects, 0(0B) LOS objects, 25% free, 47MB/63MB, paused 154us total 10.868ms
08-03 19:32:38.282 22923 22936 I art     : Starting a blocking GC Explicit
08-03 19:32:38.293 22923 22936 I art     : Explicit concurrent mark sweep GC freed 3(96B) AllocSpace objects, 0(0B) LOS objects, 25% free, 47MB/63MB, paused 150us total 10.617ms
08-03 19:32:38.298 22923 22936 I art     : Starting a blocking GC Explicit
08-03 19:32:38.309 22923 22936 I art     : Explicit concurrent mark sweep GC freed 3(96B) AllocSpace objects, 0(0B) LOS objects, 25% free, 47MB/63MB, paused 149us total 10.768ms
08-03 19:32:38.576 22923 22956 I art     : Starting a blocking GC Explicit
08-03 19:32:38.589 22923 22956 I art     : Explicit concurrent mark sweep GC freed 1339(78KB) AllocSpace objects, 1(20KB) LOS objects, 25% free, 47MB/63MB, paused 158us total 12.087ms
08-03 19:32:38.595 22923 22956 I art     : Starting a blocking GC Explicit
08-03 19:32:38.606 22923 22956 I art     : Explicit concurrent mark sweep GC freed 20(704B) AllocSpace objects, 0(0B) LOS objects, 25% free, 47MB/63MB, paused 149us total 11.080ms
08-03 19:32:38.612 22923 22956 I art     : Starting a blocking GC Explicit
08-03 19:32:38.623 22923 22956 I art     : Explicit concurrent mark sweep GC freed 3(96B) AllocSpace objects, 0(0B) LOS objects, 25% free, 47MB/63MB, paused 155us total 11.059ms
08-03 19:32:38.629 23144 23144 D AndroidRuntime: >>>>>> START com.android.internal.os.RuntimeInit uid 2000 <<<<<<
08-03 19:32:38.630 22923 22956 I art     : Starting a blocking GC Explicit
08-03 19:32:38.634 23144 23144 D AndroidRuntime: CheckJNI is OFF
08-03 19:32:38.640 22923 22956 I art     : Explicit concurrent mark sweep GC freed 3(96B) AllocSpace objects, 0(0B) LOS objects, 25% free, 47MB/63MB, paused 141us total 10.708ms
08-03 19:32:38.646 22923 22956 I art     : Starting a blocking GC Explicit
08-03 19:32:38.656 22923 22956 I art     : Explicit concurrent mark sweep GC freed 3(96B) AllocSpace objects, 0(0B) LOS objects, 25% free, 47MB/63MB, paused 150us total 10.011ms
08-03 19:32:38.659 23144 23144 D ICU     : No timezone override file found: /data/misc/zoneinfo/current/icu/icu_tzdata.dat
08-03 19:32:38.683 23144 23144 I Radio-JNI: register_android_hardware_Radio DONE
08-03 19:32:38.698 23144 23144 D AndroidRuntime: Calling main entry com.android.commands.input.Input
08-03 19:32:38.699 23144 23144 I Input   : injectMotionEvent: MotionEvent { action=ACTION_DOWN, actionButton=0, id[0]=0, x[0]=337.0, y[0]=1104.0, toolType[0]=TOOL_TYPE_UNKNOWN, buttonState=0, metaState=0, flags=0x0, edgeFlags=0x0, pointerCount=1, historySize=0, eventTime=646375112, downTime=646375112, deviceId=0, source=0x1002 }
08-03 19:32:38.705 23144 23144 I Input   : injectMotionEvent: MotionEvent { action=ACTION_UP, actionButton=0, id[0]=0, x[0]=337.0, y[0]=1104.0, toolType[0]=TOOL_TYPE_UNKNOWN, buttonState=0, metaState=0, flags=0x0, edgeFlags=0x0, pointerCount=1, historySize=0, eventTime=646375112, downTime=646375112, deviceId=0, source=0x1002 }
08-03 19:32:38.706   918  5132 I ActivityManager: START u0 {cmp=baseline.appteam.nith.hillffair/.activities.BattleDayActivity} from uid 10624 on display 0
08-03 19:32:38.718 23144 23144 D AndroidRuntime: Shutting down VM
08-03 19:32:38.830 13866 13866 I GoogleInputMethodServic: GoogleInputMethodService.onFinishInput():3138 
08-03 19:32:38.831 13866 13866 I GoogleInputMethodServic: GoogleInputMethodService.onStartInput():1808 
08-03 19:32:38.861   918   936 I ActivityManager: Displayed baseline.appteam.nith.hillffair/.activities.BattleDayActivity: +144ms
08-03 19:32:38.864 22923 22934 I art     : Starting a blocking GC Explicit
08-03 19:32:38.879 22923 22934 I art     : Explicit concurrent mark sweep GC freed 8944(584KB) AllocSpace objects, 1(20KB) LOS objects, 24% free, 48MB/64MB, paused 225us total 14.682ms
08-03 19:32:38.889 22923 22934 I art     : Starting a blocking GC Explicit
08-03 19:32:38.904 22923 22934 I art     : Explicit concurrent mark sweep GC freed 269(11KB) AllocSpace objects, 0(0B) LOS objects, 24% free, 48MB/64MB, paused 182us total 14.700ms
08-03 19:32:38.911 22923 22934 I art     : Starting a blocking GC Explicit
08-03 19:32:38.922 22923 22934 I art     : Explicit concurrent mark sweep GC freed 3(96B) AllocSpace objects, 0(0B) LOS objects, 24% free, 48MB/64MB, paused 183us total 11.224ms
08-03 19:32:38.928 22923 22934 I art     : Starting a blocking GC Explicit
08-03 19:32:38.940 22923 22934 I art     : Explicit concurrent mark sweep GC freed 3(96B) AllocSpace objects, 0(0B) LOS objects, 24% free, 48MB/64MB, paused 181us total 11.396ms
08-03 19:32:38.946 22923 22934 I art     : Starting a blocking GC Explicit
08-03 19:32:38.958 22923 22934 I art     : Explicit concurrent mark sweep GC freed 3(96B) AllocSpace objects, 0(0B) LOS objects, 24% free, 48MB/64MB, paused 182us total 12.018ms
08-03 19:32:39.123   380   380 W SurfaceFlinger: couldn't log to binary event log: overflow.
08-03 19:32:39.204 22923 22956 I art     : Starting a blocking GC Explicit
08-03 19:32:39.217 22923 22956 I art     : Explicit concurrent mark sweep GC freed 1388(80KB) AllocSpace objects, 1(20KB) LOS objects, 24% free, 48MB/64MB, paused 221us total 12.112ms
08-03 19:32:39.223 22923 22956 I art     : Starting a blocking GC Explicit
08-03 19:32:39.235 22923 22956 I art     : Explicit concurrent mark sweep GC freed 949(70KB) AllocSpace objects, 2(120KB) LOS objects, 24% free, 48MB/64MB, paused 286us total 11.725ms
08-03 19:32:39.240 22923 22956 I art     : Starting a blocking GC Explicit
08-03 19:32:39.252 22923 22956 I art     : Explicit concurrent mark sweep GC freed 2145(85KB) AllocSpace objects, 0(0B) LOS objects, 24% free, 48MB/64MB, paused 173us total 11.275ms
08-03 19:32:39.257 22923 23169 D OkHttp  : --> GET https://api-hillfair-2k16.herokuapp.com/api/app/events/special http/1.1
08-03 19:32:39.257 22923 22956 I art     : Starting a blocking GC Explicit
08-03 19:32:39.268 22923 22956 I art     : Explicit concurrent mark sweep GC freed 592(106KB) AllocSpace objects, 1(80KB) LOS objects, 24% free, 48MB/64MB, paused 175us total 10.674ms
08-03 19:32:39.273 22923 22956 I art     : Starting a blocking GC Explicit
08-03 19:32:39.284 22923 22956 I art     : Explicit concurrent mark sweep GC freed 20(832B) AllocSpace objects, 0(0B) LOS objects, 24% free, 48MB/64MB, paused 173us total 10.636ms
08-03 19:32:39.301 22923 23169 D OkHttp  : <-- 200 OK https://api-hillfair-2k16.herokuapp.com/api/app/events/special (43ms, 554-byte body)
08-03 19:32:39.346 22923 22923 I NAPPA_EXPERIMENTATION: MetricNetworkRequestExecutionTime: REQUEST_DURATION_SYSTEM='569',REQUEST_DURATION_OKHTTP='43',REQUEST_SYNCHRONOUS='FALSE',RESPONSE_CODE='200',RESPONSE_METHOD='GET',RESPONSE_LENGTH_OKHTTP='554',RESPONSE_LENGTH_HEADER='554',REQUEST_PROTOCOL='http/1.1',REQUEST_URL='https://api-hillfair-2k16.herokuapp.com/api/app/events/special',
08-03 19:32:39.526 22923 22956 I art     : Starting a blocking GC Explicit
08-03 19:32:39.540 22923 22956 I art     : Explicit concurrent mark sweep GC freed 3251(240KB) AllocSpace objects, 1(20KB) LOS objects, 24% free, 48MB/64MB, paused 274us total 13.772ms
08-03 19:32:39.545 22923 22956 I art     : Starting a blocking GC Explicit
08-03 19:32:39.559 22923 22956 I art     : Explicit concurrent mark sweep GC freed 169(6KB) AllocSpace objects, 0(0B) LOS objects, 24% free, 48MB/64MB, paused 275us total 13.516ms
08-03 19:32:39.565 22923 22956 I art     : Starting a blocking GC Explicit
08-03 19:32:39.579 22923 22956 I art     : Explicit concurrent mark sweep GC freed 3(96B) AllocSpace objects, 0(0B) LOS objects, 24% free, 48MB/64MB, paused 285us total 13.494ms
08-03 19:32:39.585 22923 22956 I art     : Starting a blocking GC Explicit
08-03 19:32:39.599 22923 22956 I art     : Explicit concurrent mark sweep GC freed 3(96B) AllocSpace objects, 0(0B) LOS objects, 24% free, 48MB/64MB, paused 273us total 13.533ms
08-03 19:32:39.605 22923 22956 I art     : Starting a blocking GC Explicit
08-03 19:32:39.618 22923 22956 I art     : Explicit concurrent mark sweep GC freed 3(96B) AllocSpace objects, 0(0B) LOS objects, 24% free, 48MB/64MB, paused 281us total 13.301ms
08-03 19:32:39.881 22923 22934 I art     : Starting a blocking GC Explicit
08-03 19:32:39.899 22923 22934 I art     : Explicit concurrent mark sweep GC freed 8791(373KB) AllocSpace objects, 1(20KB) LOS objects, 24% free, 48MB/64MB, paused 347us total 17.016ms
08-03 19:32:39.906 22923 22934 I art     : Starting a blocking GC Explicit
08-03 19:32:39.920 22923 22934 I art     : Explicit concurrent mark sweep GC freed 192(6KB) AllocSpace objects, 0(0B) LOS objects, 24% free, 48MB/64MB, paused 266us total 14.327ms
08-03 19:32:39.927 22923 22934 I art     : Starting a blocking GC Explicit
08-03 19:32:39.941 22923 22934 I art     : Explicit concurrent mark sweep GC freed 3(96B) AllocSpace objects, 0(0B) LOS objects, 24% free, 48MB/64MB, paused 284us total 14.441ms
08-03 19:32:39.948 22923 22934 I art     : Starting a blocking GC Explicit
08-03 19:32:39.962 22923 22934 I art     : Explicit concurrent mark sweep GC freed 267(31KB) AllocSpace objects, 0(0B) LOS objects, 24% free, 49MB/65MB, paused 464us total 14.006ms
08-03 19:32:39.969 22923 22934 I art     : Starting a blocking GC Explicit
08-03 19:32:39.982 22923 22934 I art     : Explicit concurrent mark sweep GC freed 352(74KB) AllocSpace objects, 0(0B) LOS objects, 23% free, 51MB/67MB, paused 270us total 13.173ms
08-03 19:32:40.241 22923 22936 I art     : Starting a blocking GC Explicit
08-03 19:32:40.261 22923 22936 I art     : Explicit concurrent mark sweep GC freed 1513(168KB) AllocSpace objects, 1(20KB) LOS objects, 23% free, 52MB/68MB, paused 260us total 19.679ms
08-03 19:32:40.271 22923 22936 I art     : Starting a blocking GC Explicit
08-03 19:32:40.285 22923 22936 I art     : Explicit concurrent mark sweep GC freed 55(1984B) AllocSpace objects, 0(0B) LOS objects, 23% free, 52MB/68MB, paused 223us total 14.162ms
08-03 19:32:40.292 22923 22936 I art     : Starting a blocking GC Explicit
08-03 19:32:40.306 22923 22936 I art     : Explicit concurrent mark sweep GC freed 3(96B) AllocSpace objects, 0(0B) LOS objects, 23% free, 52MB/68MB, paused 219us total 14.545ms
08-03 19:32:40.313 22923 22936 I art     : Starting a blocking GC Explicit
08-03 19:32:40.327 22923 22936 I art     : Explicit concurrent mark sweep GC freed 3(96B) AllocSpace objects, 0(0B) LOS objects, 23% free, 52MB/68MB, paused 229us total 14.033ms
08-03 19:32:40.334 22923 22936 I art     : Starting a blocking GC Explicit
08-03 19:32:40.348 22923 22936 I art     : Explicit concurrent mark sweep GC freed 3(96B) AllocSpace objects, 0(0B) LOS objects, 23% free, 52MB/68MB, paused 222us total 14.353ms
08-03 19:32:40.666 22923 23189 I art     : Starting a blocking GC Explicit
08-03 19:32:40.687 22923 23189 I art     : Explicit concurrent mark sweep GC freed 1340(78KB) AllocSpace objects, 1(20KB) LOS objects, 23% free, 52MB/68MB, paused 263us total 20.237ms
08-03 19:32:40.696 22923 23189 I art     : Starting a blocking GC Explicit
08-03 19:32:40.711 22923 23189 I art     : Explicit concurrent mark sweep GC freed 20(704B) AllocSpace objects, 0(0B) LOS objects, 23% free, 52MB/68MB, paused 225us total 14.423ms
08-03 19:32:40.718 22923 23189 I art     : Starting a blocking GC Explicit
08-03 19:32:40.732 22923 23189 I art     : Explicit concurrent mark sweep GC freed 3(96B) AllocSpace objects, 0(0B) LOS objects, 23% free, 52MB/68MB, paused 202us total 14.145ms
08-03 19:32:40.739 22923 23189 I art     : Starting a blocking GC Explicit
08-03 19:32:40.753 22923 23189 I art     : Explicit concurrent mark sweep GC freed 3(96B) AllocSpace objects, 0(0B) LOS objects, 23% free, 52MB/68MB, paused 211us total 13.998ms
08-03 19:32:40.759 22923 23189 I art     : Starting a blocking GC Explicit
08-03 19:32:40.774 22923 23189 I art     : Explicit concurrent mark sweep GC freed 3(96B) AllocSpace objects, 0(0B) LOS objects, 23% free, 52MB/68MB, paused 277us total 14.232ms
08-03 19:32:41.085 22923 22956 I art     : Starting a blocking GC Explicit
08-03 19:32:41.106 22923 22956 I art     : Explicit concurrent mark sweep GC freed 1340(78KB) AllocSpace objects, 1(20KB) LOS objects, 23% free, 52MB/68MB, paused 256us total 20.274ms
08-03 19:32:41.121 22923 22956 I art     : Starting a blocking GC Explicit
08-03 19:32:41.135 22923 22956 I art     : Explicit concurrent mark sweep GC freed 20(704B) AllocSpace objects, 0(0B) LOS objects, 23% free, 52MB/68MB, paused 211us total 14.239ms
08-03 19:32:41.141 22923 22956 I art     : Starting a blocking GC Explicit
08-03 19:32:41.155 22923 22956 I art     : Explicit concurrent mark sweep GC freed 3(96B) AllocSpace objects, 0(0B) LOS objects, 23% free, 52MB/68MB, paused 211us total 13.646ms
08-03 19:32:41.162 22923 22956 I art     : Starting a blocking GC Explicit
08-03 19:32:41.175 22923 22956 I art     : Explicit concurrent mark sweep GC freed 3(96B) AllocSpace objects, 0(0B) LOS objects, 23% free, 52MB/68MB, paused 204us total 13.686ms
08-03 19:32:41.182 22923 22956 I art     : Starting a blocking GC Explicit
08-03 19:32:41.195 22923 22956 I art     : Explicit concurrent mark sweep GC freed 3(96B) AllocSpace objects, 0(0B) LOS objects, 23% free, 52MB/68MB, paused 199us total 13.381ms
08-03 19:32:41.505 22923 22934 I art     : Starting a blocking GC Explicit
08-03 19:32:41.523 22923 22934 I art     : Explicit concurrent mark sweep GC freed 1340(78KB) AllocSpace objects, 1(20KB) LOS objects, 23% free, 52MB/68MB, paused 259us total 18.064ms
08-03 19:32:41.534 22923 22934 I art     : Starting a blocking GC Explicit
08-03 19:32:41.548 22923 22934 I art     : Explicit concurrent mark sweep GC freed 20(704B) AllocSpace objects, 0(0B) LOS objects, 23% free, 52MB/68MB, paused 211us total 14.544ms
08-03 19:32:41.555 22923 22934 I art     : Starting a blocking GC Explicit
08-03 19:32:41.569 22923 22934 I art     : Explicit concurrent mark sweep GC freed 3(96B) AllocSpace objects, 0(0B) LOS objects, 23% free, 52MB/68MB, paused 239us total 13.836ms
08-03 19:32:41.575 22923 22934 I art     : Starting a blocking GC Explicit
08-03 19:32:41.590 22923 22934 I art     : Explicit concurrent mark sweep GC freed 3(96B) AllocSpace objects, 0(0B) LOS objects, 23% free, 52MB/68MB, paused 213us total 14.048ms
08-03 19:32:41.596 22923 22934 I art     : Starting a blocking GC Explicit
08-03 19:32:41.610 22923 22934 I art     : Explicit concurrent mark sweep GC freed 3(96B) AllocSpace objects, 0(0B) LOS objects, 23% free, 52MB/68MB, paused 198us total 13.627ms
08-03 19:32:41.931 22923 22936 I art     : Starting a blocking GC Explicit
08-03 19:32:41.952 22923 22936 I art     : Explicit concurrent mark sweep GC freed 1340(78KB) AllocSpace objects, 1(20KB) LOS objects, 23% free, 52MB/68MB, paused 254us total 20.451ms
08-03 19:32:41.961 22923 22936 I art     : Starting a blocking GC Explicit
08-03 19:32:41.975 22923 22936 I art     : Explicit concurrent mark sweep GC freed 20(704B) AllocSpace objects, 0(0B) LOS objects, 23% free, 52MB/68MB, paused 216us total 14.649ms
08-03 19:32:41.982 22923 22936 I art     : Starting a blocking GC Explicit
08-03 19:32:41.997 22923 22936 I art     : Explicit concurrent mark sweep GC freed 3(96B) AllocSpace objects, 0(0B) LOS objects, 23% free, 52MB/68MB, paused 271us total 14.316ms
08-03 19:32:42.003 22923 22936 I art     : Starting a blocking GC Explicit
08-03 19:32:42.017 22923 22936 I art     : Explicit concurrent mark sweep GC freed 3(96B) AllocSpace objects, 0(0B) LOS objects, 23% free, 52MB/68MB, paused 225us total 14.076ms
08-03 19:32:42.024 22923 22936 I art     : Starting a blocking GC Explicit
08-03 19:32:42.037 22923 22936 I art     : Explicit concurrent mark sweep GC freed 3(96B) AllocSpace objects, 0(0B) LOS objects, 23% free, 52MB/68MB, paused 205us total 13.232ms
08-03 19:32:42.354 22923 23189 I art     : Starting a blocking GC Explicit
08-03 19:32:42.375 22923 23189 I art     : Explicit concurrent mark sweep GC freed 1340(78KB) AllocSpace objects, 1(20KB) LOS objects, 23% free, 52MB/68MB, paused 251us total 20.308ms
08-03 19:32:42.385 22923 23189 I art     : Starting a blocking GC Explicit
08-03 19:32:42.403 22923 23189 I art     : Explicit concurrent mark sweep GC freed 20(704B) AllocSpace objects, 0(0B) LOS objects, 23% free, 52MB/68MB, paused 232us total 17.642ms
08-03 19:32:42.412 22923 23189 I art     : Starting a blocking GC Explicit
08-03 19:32:42.426 22923 23189 I art     : Explicit concurrent mark sweep GC freed 3(96B) AllocSpace objects, 0(0B) LOS objects, 23% free, 52MB/68MB, paused 219us total 14.422ms
08-03 19:32:42.433 22923 23189 I art     : Starting a blocking GC Explicit
08-03 19:32:42.447 22923 23189 I art     : Explicit concurrent mark sweep GC freed 3(96B) AllocSpace objects, 0(0B) LOS objects, 23% free, 52MB/68MB, paused 220us total 14.310ms
08-03 19:32:42.454 22923 23189 I art     : Starting a blocking GC Explicit
08-03 19:32:42.468 22923 23189 I art     : Explicit concurrent mark sweep GC freed 3(96B) AllocSpace objects, 0(0B) LOS objects, 23% free, 52MB/68MB, paused 207us total 13.860ms
08-03 19:32:42.477   518   646 I ThermalEngine: ACTION: GPU - Setting GPU[0] to 510000000
08-03 19:32:42.777 22923 22956 I art     : Starting a blocking GC Explicit
08-03 19:32:42.799 22923 22956 I art     : Explicit concurrent mark sweep GC freed 1340(78KB) AllocSpace objects, 1(20KB) LOS objects, 23% free, 52MB/68MB, paused 331us total 22.505ms
08-03 19:32:42.812 22923 22956 I art     : Starting a blocking GC Explicit
08-03 19:32:42.834 22923 22956 I art     : Explicit concurrent mark sweep GC freed 20(704B) AllocSpace objects, 0(0B) LOS objects, 23% free, 52MB/68MB, paused 316us total 21.728ms
08-03 19:32:42.845 22923 22956 I art     : Starting a blocking GC Explicit
08-03 19:32:42.863 22923 22956 I art     : Explicit concurrent mark sweep GC freed 3(96B) AllocSpace objects, 0(0B) LOS objects, 23% free, 52MB/68MB, paused 288us total 17.932ms
08-03 19:32:42.871 22923 22956 I art     : Starting a blocking GC Explicit
08-03 19:32:42.889 22923 22956 I art     : Explicit concurrent mark sweep GC freed 3(96B) AllocSpace objects, 0(0B) LOS objects, 23% free, 52MB/68MB, paused 285us total 18.022ms
08-03 19:32:42.898 22923 22956 I art     : Starting a blocking GC Explicit
08-03 19:32:42.916 22923 22956 I art     : Explicit concurrent mark sweep GC freed 3(96B) AllocSpace objects, 0(0B) LOS objects, 23% free, 52MB/68MB, paused 281us total 17.659ms
08-03 19:32:43.216 22923 22934 I art     : Starting a blocking GC Explicit
08-03 19:32:43.239 22923 22934 I art     : Explicit concurrent mark sweep GC freed 1340(78KB) AllocSpace objects, 1(20KB) LOS objects, 23% free, 52MB/68MB, paused 309us total 22.393ms
08-03 19:32:43.249 22923 22934 I art     : Starting a blocking GC Explicit
08-03 19:32:43.267 22923 22934 I art     : Explicit concurrent mark sweep GC freed 20(704B) AllocSpace objects, 0(0B) LOS objects, 23% free, 52MB/68MB, paused 314us total 17.862ms
08-03 19:32:43.276 22923 22934 I art     : Starting a blocking GC Explicit
08-03 19:32:43.293 22923 22934 I art     : Explicit concurrent mark sweep GC freed 3(96B) AllocSpace objects, 0(0B) LOS objects, 23% free, 52MB/68MB, paused 286us total 17.323ms
08-03 19:32:43.301 22923 22934 I art     : Starting a blocking GC Explicit
08-03 19:32:43.319 22923 22934 I art     : Explicit concurrent mark sweep GC freed 3(96B) AllocSpace objects, 0(0B) LOS objects, 23% free, 52MB/68MB, paused 279us total 17.493ms
08-03 19:32:43.327 22923 22934 I art     : Starting a blocking GC Explicit
08-03 19:32:43.345 22923 22934 I art     : Explicit concurrent mark sweep GC freed 3(96B) AllocSpace objects, 0(0B) LOS objects, 23% free, 52MB/68MB, paused 288us total 17.453ms
08-03 19:32:43.655 22923 22936 I art     : Starting a blocking GC Explicit
08-03 19:32:43.678 22923 22936 I art     : Explicit concurrent mark sweep GC freed 1340(78KB) AllocSpace objects, 1(20KB) LOS objects, 23% free, 52MB/68MB, paused 325us total 22.105ms
08-03 19:32:43.691 22923 22936 I art     : Starting a blocking GC Explicit
08-03 19:32:43.709 22923 22936 I art     : Explicit concurrent mark sweep GC freed 20(704B) AllocSpace objects, 0(0B) LOS objects, 23% free, 52MB/68MB, paused 305us total 18.217ms
08-03 19:32:43.718 22923 22936 I art     : Starting a blocking GC Explicit
08-03 19:32:43.735 22923 22936 I art     : Explicit concurrent mark sweep GC freed 3(96B) AllocSpace objects, 0(0B) LOS objects, 23% free, 52MB/68MB, paused 297us total 17.154ms
08-03 19:32:43.744 22923 22936 I art     : Starting a blocking GC Explicit
08-03 19:32:43.760 22923 22936 I art     : Explicit concurrent mark sweep GC freed 3(96B) AllocSpace objects, 0(0B) LOS objects, 23% free, 52MB/68MB, paused 278us total 16.412ms
08-03 19:32:43.768 22923 22936 I art     : Starting a blocking GC Explicit
08-03 19:32:43.784 22923 22936 I art     : Explicit concurrent mark sweep GC freed 3(96B) AllocSpace objects, 0(0B) LOS objects, 23% free, 52MB/68MB, paused 283us total 15.544ms
08-03 19:32:44.093 22923 23189 I art     : Starting a blocking GC Explicit
08-03 19:32:44.117 22923 23189 I art     : Explicit concurrent mark sweep GC freed 1340(78KB) AllocSpace objects, 1(20KB) LOS objects, 23% free, 52MB/68MB, paused 312us total 23.887ms
08-03 19:32:44.129 22923 23189 I art     : Starting a blocking GC Explicit
08-03 19:32:44.147 22923 23189 I art     : Explicit concurrent mark sweep GC freed 20(704B) AllocSpace objects, 0(0B) LOS objects, 23% free, 52MB/68MB, paused 311us total 18.179ms
08-03 19:32:44.155 22923 23189 I art     : Starting a blocking GC Explicit
08-03 19:32:44.173 22923 23189 I art     : Explicit concurrent mark sweep GC freed 3(96B) AllocSpace objects, 0(0B) LOS objects, 23% free, 52MB/68MB, paused 280us total 17.673ms
08-03 19:32:44.182 22923 23189 I art     : Starting a blocking GC Explicit
08-03 19:32:44.199 22923 23189 I art     : Explicit concurrent mark sweep GC freed 3(96B) AllocSpace objects, 0(0B) LOS objects, 23% free, 52MB/68MB, paused 291us total 16.931ms
08-03 19:32:44.207 22923 23189 I art     : Starting a blocking GC Explicit
08-03 19:32:44.225 22923 23189 I art     : Explicit concurrent mark sweep GC freed 3(96B) AllocSpace objects, 0(0B) LOS objects, 23% free, 52MB/68MB, paused 286us total 17.637ms
08-03 19:32:44.525 22923 22956 I art     : Starting a blocking GC Explicit
08-03 19:32:44.545 22923 22956 I art     : Explicit concurrent mark sweep GC freed 1340(78KB) AllocSpace objects, 1(20KB) LOS objects, 23% free, 52MB/68MB, paused 310us total 19.960ms
08-03 19:32:44.556 22923 22956 I art     : Starting a blocking GC Explicit
08-03 19:32:44.574 22923 22956 I art     : Explicit concurrent mark sweep GC freed 20(704B) AllocSpace objects, 0(0B) LOS objects, 23% free, 52MB/68MB, paused 270us total 17.253ms
08-03 19:32:44.582 22923 22956 I art     : Starting a blocking GC Explicit
08-03 19:32:44.600 22923 22956 I art     : Explicit concurrent mark sweep GC freed 3(96B) AllocSpace objects, 0(0B) LOS objects, 23% free, 52MB/68MB, paused 285us total 17.420ms
08-03 19:32:44.608 22923 22956 I art     : Starting a blocking GC Explicit
08-03 19:32:44.626 22923 22956 I art     : Explicit concurrent mark sweep GC freed 3(96B) AllocSpace objects, 0(0B) LOS objects, 23% free, 52MB/68MB, paused 283us total 17.650ms
08-03 19:32:44.634 22923 22956 I art     : Starting a blocking GC Explicit
08-03 19:32:44.652 22923 22956 I art     : Explicit concurrent mark sweep GC freed 3(96B) AllocSpace objects, 0(0B) LOS objects, 23% free, 52MB/68MB, paused 287us total 17.648ms
08-03 19:32:44.981 22923 22934 I art     : Starting a blocking GC Explicit
08-03 19:32:45.004 22923 22934 I art     : Explicit concurrent mark sweep GC freed 1340(78KB) AllocSpace objects, 1(20KB) LOS objects, 23% free, 52MB/68MB, paused 310us total 22.227ms
08-03 19:32:45.015 22923 22934 I art     : Starting a blocking GC Explicit
08-03 19:32:45.037 22923 22934 I art     : Explicit concurrent mark sweep GC freed 20(704B) AllocSpace objects, 0(0B) LOS objects, 23% free, 52MB/68MB, paused 296us total 21.556ms
08-03 19:32:45.045 22923 22934 I art     : Starting a blocking GC Explicit
08-03 19:32:45.062 22923 22934 I art     : Explicit concurrent mark sweep GC freed 3(96B) AllocSpace objects, 0(0B) LOS objects, 23% free, 52MB/68MB, paused 279us total 17.191ms
08-03 19:32:45.071 22923 22934 I art     : Starting a blocking GC Explicit
08-03 19:32:45.088 22923 22934 I art     : Explicit concurrent mark sweep GC freed 3(96B) AllocSpace objects, 0(0B) LOS objects, 23% free, 52MB/68MB, paused 283us total 17.052ms
08-03 19:32:45.096 22923 22934 I art     : Starting a blocking GC Explicit
08-03 19:32:45.114 22923 22934 I art     : Explicit concurrent mark sweep GC freed 3(96B) AllocSpace objects, 0(0B) LOS objects, 23% free, 52MB/68MB, paused 282us total 17.045ms
08-03 19:32:45.426 22923 22936 I art     : Starting a blocking GC Explicit
08-03 19:32:45.449 22923 22936 I art     : Explicit concurrent mark sweep GC freed 1340(78KB) AllocSpace objects, 1(20KB) LOS objects, 23% free, 52MB/68MB, paused 319us total 22.130ms
08-03 19:32:45.460 22923 22936 I art     : Starting a blocking GC Explicit
08-03 19:32:45.480 22923 22936 I art     : Explicit concurrent mark sweep GC freed 20(704B) AllocSpace objects, 0(0B) LOS objects, 23% free, 52MB/68MB, paused 295us total 19.232ms
08-03 19:32:45.488 22923 22936 I art     : Starting a blocking GC Explicit
08-03 19:32:45.506 22923 22936 I art     : Explicit concurrent mark sweep GC freed 3(96B) AllocSpace objects, 0(0B) LOS objects, 23% free, 52MB/68MB, paused 290us total 17.752ms
08-03 19:32:45.515 22923 22936 I art     : Starting a blocking GC Explicit
08-03 19:32:45.533 22923 22936 I art     : Explicit concurrent mark sweep GC freed 3(96B) AllocSpace objects, 0(0B) LOS objects, 23% free, 52MB/68MB, paused 276us total 17.861ms
08-03 19:32:45.541 22923 22936 I art     : Starting a blocking GC Explicit
08-03 19:32:45.558 22923 22936 I art     : Explicit concurrent mark sweep GC freed 3(96B) AllocSpace objects, 0(0B) LOS objects, 23% free, 52MB/68MB, paused 280us total 17.079ms
08-03 19:32:45.853 22923 23189 I art     : Starting a blocking GC Explicit
08-03 19:32:45.875 22923 23189 I art     : Explicit concurrent mark sweep GC freed 1340(78KB) AllocSpace objects, 1(20KB) LOS objects, 23% free, 52MB/68MB, paused 325us total 21.420ms
08-03 19:32:45.885 22923 23189 I art     : Starting a blocking GC Explicit
08-03 19:32:45.903 22923 23189 I art     : Explicit concurrent mark sweep GC freed 20(704B) AllocSpace objects, 0(0B) LOS objects, 23% free, 52MB/68MB, paused 277us total 17.738ms
08-03 19:32:45.912 22923 23189 I art     : Starting a blocking GC Explicit
08-03 19:32:45.929 22923 23189 I art     : Explicit concurrent mark sweep GC freed 3(96B) AllocSpace objects, 0(0B) LOS objects, 23% free, 52MB/68MB, paused 280us total 17.089ms
08-03 19:32:45.937 22923 23189 I art     : Starting a blocking GC Explicit
08-03 19:32:45.955 22923 23189 I art     : Explicit concurrent mark sweep GC freed 3(96B) AllocSpace objects, 0(0B) LOS objects, 23% free, 52MB/68MB, paused 286us total 17.933ms
08-03 19:32:45.964 22923 23189 I art     : Starting a blocking GC Explicit
08-03 19:32:45.982 22923 23189 I art     : Explicit concurrent mark sweep GC freed 3(96B) AllocSpace objects, 0(0B) LOS objects, 23% free, 52MB/68MB, paused 293us total 17.787ms
08-03 19:32:46.293 22923 22956 I art     : Starting a blocking GC Explicit
08-03 19:32:46.313 22923 22956 I art     : Explicit concurrent mark sweep GC freed 1340(78KB) AllocSpace objects, 1(20KB) LOS objects, 23% free, 52MB/68MB, paused 303us total 19.948ms
08-03 19:32:46.321 22923 22956 I art     : Starting a blocking GC Explicit
08-03 19:32:46.340 22923 22956 I art     : Explicit concurrent mark sweep GC freed 20(704B) AllocSpace objects, 0(0B) LOS objects, 23% free, 52MB/68MB, paused 340us total 17.905ms
08-03 19:32:46.348 22923 22956 I art     : Starting a blocking GC Explicit
08-03 19:32:46.366 22923 22956 I art     : Explicit concurrent mark sweep GC freed 3(96B) AllocSpace objects, 0(0B) LOS objects, 23% free, 52MB/68MB, paused 289us total 17.567ms
08-03 19:32:46.374 22923 22956 I art     : Starting a blocking GC Explicit
08-03 19:32:46.392 22923 22956 I art     : Explicit concurrent mark sweep GC freed 3(96B) AllocSpace objects, 0(0B) LOS objects, 23% free, 52MB/68MB, paused 286us total 17.971ms
08-03 19:32:46.401 22923 22956 I art     : Starting a blocking GC Explicit
08-03 19:32:46.418 22923 22956 I art     : Explicit concurrent mark sweep GC freed 3(96B) AllocSpace objects, 0(0B) LOS objects, 23% free, 52MB/68MB, paused 270us total 17.088ms
08-03 19:32:46.486   518   646 I ThermalEngine: ACTION: GPU - Setting GPU[0] to 600000000
08-03 19:32:46.732 22923 22934 I art     : Starting a blocking GC Explicit
08-03 19:32:46.755 22923 22934 I art     : Explicit concurrent mark sweep GC freed 1340(78KB) AllocSpace objects, 1(20KB) LOS objects, 23% free, 52MB/68MB, paused 257us total 22.799ms
08-03 19:32:46.765 22923 22934 I art     : Starting a blocking GC Explicit
08-03 19:32:46.783 22923 22934 I art     : Explicit concurrent mark sweep GC freed 20(704B) AllocSpace objects, 0(0B) LOS objects, 23% free, 52MB/68MB, paused 230us total 17.624ms
08-03 19:32:46.790 22923 22934 I art     : Starting a blocking GC Explicit
08-03 19:32:46.804 22923 22934 I art     : Explicit concurrent mark sweep GC freed 3(96B) AllocSpace objects, 0(0B) LOS objects, 23% free, 52MB/68MB, paused 208us total 13.729ms
08-03 19:32:46.811 22923 22934 I art     : Starting a blocking GC Explicit
08-03 19:32:46.825 22923 22934 I art     : Explicit concurrent mark sweep GC freed 3(96B) AllocSpace objects, 0(0B) LOS objects, 23% free, 52MB/68MB, paused 213us total 14.123ms
08-03 19:32:46.831 22923 22934 I art     : Starting a blocking GC Explicit
08-03 19:32:46.845 22923 22934 I art     : Explicit concurrent mark sweep GC freed 3(96B) AllocSpace objects, 0(0B) LOS objects, 23% free, 52MB/68MB, paused 197us total 13.412ms
08-03 19:32:47.112 22923 22936 I art     : Starting a blocking GC Explicit
08-03 19:32:47.126 22923 22936 I art     : Explicit concurrent mark sweep GC freed 1340(78KB) AllocSpace objects, 1(20KB) LOS objects, 23% free, 52MB/68MB, paused 218us total 13.915ms
08-03 19:32:47.132 22923 22936 I art     : Starting a blocking GC Explicit
08-03 19:32:47.147 22923 22936 I art     : Explicit concurrent mark sweep GC freed 20(704B) AllocSpace objects, 0(0B) LOS objects, 23% free, 52MB/68MB, paused 224us total 14.245ms
08-03 19:32:47.154 22923 22936 I art     : Starting a blocking GC Explicit
08-03 19:32:47.166 22923 22936 I art     : Explicit concurrent mark sweep GC freed 3(96B) AllocSpace objects, 0(0B) LOS objects, 23% free, 52MB/68MB, paused 210us total 11.977ms
08-03 19:32:47.171 22923 22936 I art     : Starting a blocking GC Explicit
08-03 19:32:47.184 22923 22936 I art     : Explicit concurrent mark sweep GC freed 3(96B) AllocSpace objects, 0(0B) LOS objects, 23% free, 52MB/68MB, paused 212us total 12.036ms
08-03 19:32:47.189 22923 22936 I art     : Starting a blocking GC Explicit
08-03 19:32:47.201 22923 22936 I art     : Explicit concurrent mark sweep GC freed 3(96B) AllocSpace objects, 0(0B) LOS objects, 23% free, 52MB/68MB, paused 213us total 12.038ms
08-03 19:32:47.338 23381 23381 D AndroidRuntime: >>>>>> START com.android.internal.os.RuntimeInit uid 2000 <<<<<<
08-03 19:32:47.343 23381 23381 D AndroidRuntime: CheckJNI is OFF
08-03 19:32:47.371 23381 23381 D ICU     : No timezone override file found: /data/misc/zoneinfo/current/icu/icu_tzdata.dat
08-03 19:32:47.396 23381 23381 I Radio-JNI: register_android_hardware_Radio DONE
08-03 19:32:47.412 23381 23381 D AndroidRuntime: Calling main entry com.android.commands.input.Input
08-03 19:32:47.414 23381 23381 I Input   : injectMotionEvent: MotionEvent { action=ACTION_DOWN, actionButton=0, id[0]=0, x[0]=733.0, y[0]=645.0, toolType[0]=TOOL_TYPE_UNKNOWN, buttonState=0, metaState=0, flags=0x0, edgeFlags=0x0, pointerCount=1, historySize=0, eventTime=646383826, downTime=646383826, deviceId=0, source=0x1002 }
08-03 19:32:47.419 23381 23381 I Input   : injectMotionEvent: MotionEvent { action=ACTION_UP, actionButton=0, id[0]=0, x[0]=733.0, y[0]=645.0, toolType[0]=TOOL_TYPE_UNKNOWN, buttonState=0, metaState=0, flags=0x0, edgeFlags=0x0, pointerCount=1, historySize=0, eventTime=646383826, downTime=646383826, deviceId=0, source=0x1002 }
08-03 19:32:47.420   918  4400 I ActivityManager: START u0 {cmp=baseline.appteam.nith.hillffair/.activities.ClubActivity (has extras)} from uid 10624 on display 0
08-03 19:32:47.429 23381 23381 D AndroidRuntime: Shutting down VM
08-03 19:32:47.468 22923 22934 I art     : Starting a blocking GC Explicit
08-03 19:32:47.483 22923 22934 I art     : Explicit concurrent mark sweep GC freed 5015(316KB) AllocSpace objects, 1(20KB) LOS objects, 23% free, 52MB/68MB, paused 288us total 14.431ms
08-03 19:32:47.490 22923 22934 I art     : Starting a blocking GC Explicit
08-03 19:32:47.503 22923 22934 I art     : Explicit concurrent mark sweep GC freed 199(9KB) AllocSpace objects, 0(0B) LOS objects, 23% free, 52MB/68MB, paused 246us total 13.060ms
08-03 19:32:47.509 22923 22934 I art     : Starting a blocking GC Explicit
08-03 19:32:47.524 22923 22934 I art     : Explicit concurrent mark sweep GC freed 170(7KB) AllocSpace objects, 0(0B) LOS objects, 23% free, 52MB/68MB, paused 305us total 14.908ms
08-03 19:32:47.527   918   936 I ActivityManager: Displayed baseline.appteam.nith.hillffair/.activities.ClubActivity: +98ms
08-03 19:32:47.529 13866 13866 I GoogleInputMethodServic: GoogleInputMethodService.onFinishInput():3138 
08-03 19:32:47.530 13866 13866 I GoogleInputMethodServic: GoogleInputMethodService.onStartInput():1808 
08-03 19:32:47.531 22923 22934 I art     : Starting a blocking GC Explicit
08-03 19:32:47.546 22923 22934 I art     : Explicit concurrent mark sweep GC freed 97(5KB) AllocSpace objects, 0(0B) LOS objects, 23% free, 52MB/68MB, paused 289us total 14.882ms
08-03 19:32:47.553 22923 22934 I art     : Starting a blocking GC Explicit
08-03 19:32:47.567 22923 22934 I art     : Explicit concurrent mark sweep GC freed 14(544B) AllocSpace objects, 0(0B) LOS objects, 23% free, 52MB/68MB, paused 238us total 13.831ms
08-03 19:32:47.785   380   380 W SurfaceFlinger: couldn't log to binary event log: overflow.
08-03 19:32:47.805 22923 23189 I art     : Starting a blocking GC Explicit
08-03 19:32:47.819 22923 23189 I art     : Explicit concurrent mark sweep GC freed 1343(78KB) AllocSpace objects, 1(20KB) LOS objects, 23% free, 52MB/68MB, paused 235us total 13.647ms
08-03 19:32:47.825 22923 23189 I art     : Starting a blocking GC Explicit
08-03 19:32:47.838 22923 23189 I art     : Explicit concurrent mark sweep GC freed 20(704B) AllocSpace objects, 0(0B) LOS objects, 23% free, 52MB/68MB, paused 223us total 12.839ms
08-03 19:32:47.844 22923 23189 I art     : Starting a blocking GC Explicit
08-03 19:32:47.858 22923 23189 I art     : Explicit concurrent mark sweep GC freed 3(96B) AllocSpace objects, 0(0B) LOS objects, 23% free, 52MB/68MB, paused 235us total 13.654ms
08-03 19:32:47.864 22923 23189 I art     : Starting a blocking GC Explicit
08-03 19:32:47.877 22923 23189 I art     : Explicit concurrent mark sweep GC freed 3(96B) AllocSpace objects, 0(0B) LOS objects, 23% free, 52MB/68MB, paused 240us total 12.958ms
08-03 19:32:47.883 22923 23189 I art     : Starting a blocking GC Explicit
08-03 19:32:47.896 22923 23189 I art     : Explicit concurrent mark sweep GC freed 3(96B) AllocSpace objects, 0(0B) LOS objects, 23% free, 52MB/68MB, paused 268us total 12.790ms
08-03 19:32:47.938 22923 23416 D OkHttp  : --> GET https://api-hillfair-2k16.herokuapp.com/api/app/events/special/event?id=5806551bdcba0f490c70fd1f http/1.1
08-03 19:32:47.978 22923 23416 D OkHttp  : <-- 200 OK https://api-hillfair-2k16.herokuapp.com/api/app/events/special/event?id=5806551bdcba0f490c70fd1f (39ms, 795-byte body)
08-03 19:32:48.038 22923 22923 I NAPPA_EXPERIMENTATION: MetricNetworkRequestExecutionTime: REQUEST_DURATION_SYSTEM='581',REQUEST_DURATION_OKHTTP='39',REQUEST_SYNCHRONOUS='FALSE',RESPONSE_CODE='200',RESPONSE_METHOD='GET',RESPONSE_LENGTH_OKHTTP='795',RESPONSE_LENGTH_HEADER='795',REQUEST_PROTOCOL='http/1.1',REQUEST_URL='https://api-hillfair-2k16.herokuapp.com/api/app/events/special/event?id=5806551bdcba0f490c70fd1f',
08-03 19:32:48.150 22923 23189 I art     : Starting a blocking GC Explicit
08-03 19:32:48.167 22923 23189 I art     : Explicit concurrent mark sweep GC freed 4914(346KB) AllocSpace objects, 4(220KB) LOS objects, 23% free, 52MB/68MB, paused 245us total 16.715ms
08-03 19:32:48.174 22923 23189 I art     : Starting a blocking GC Explicit
08-03 19:32:48.191 22923 23189 I art     : Explicit concurrent mark sweep GC freed 1035(119KB) AllocSpace objects, 0(0B) LOS objects, 23% free, 52MB/68MB, paused 246us total 16.452ms
08-03 19:32:48.198 22923 23189 I art     : Starting a blocking GC Explicit
08-03 19:32:48.212 22923 23189 I art     : Explicit concurrent mark sweep GC freed 3(96B) AllocSpace objects, 0(0B) LOS objects, 23% free, 52MB/68MB, paused 198us total 13.456ms
08-03 19:32:48.219 22923 23189 I art     : Starting a blocking GC Explicit
08-03 19:32:48.232 22923 23189 I art     : Explicit concurrent mark sweep GC freed 3(96B) AllocSpace objects, 0(0B) LOS objects, 23% free, 52MB/68MB, paused 221us total 13.146ms
08-03 19:32:48.238 22923 23189 I art     : Starting a blocking GC Explicit
08-03 19:32:48.253 22923 23189 I art     : Explicit concurrent mark sweep GC freed 3(96B) AllocSpace objects, 0(0B) LOS objects, 23% free, 52MB/68MB, paused 338us total 14.035ms
08-03 19:32:48.493   518   646 I ThermalEngine: ACTION: GPU - Setting GPU[0] to 510000000
08-03 19:32:48.540 22923 22956 I art     : Starting a blocking GC Explicit
08-03 19:32:48.560 22923 22956 I art     : Explicit concurrent mark sweep GC freed 1342(78KB) AllocSpace objects, 1(20KB) LOS objects, 23% free, 52MB/68MB, paused 320us total 19.440ms
08-03 19:32:48.568 22923 22956 I art     : Starting a blocking GC Explicit
08-03 19:32:48.587 22923 22956 I art     : Explicit concurrent mark sweep GC freed 36(1264B) AllocSpace objects, 0(0B) LOS objects, 23% free, 52MB/68MB, paused 363us total 18.834ms
08-03 19:32:48.596 22923 22956 I art     : Starting a blocking GC Explicit
08-03 19:32:48.615 22923 22956 I art     : Explicit concurrent mark sweep GC freed 3(96B) AllocSpace objects, 0(0B) LOS objects, 23% free, 52MB/68MB, paused 313us total 19.330ms
08-03 19:32:48.624 22923 22956 I art     : Starting a blocking GC Explicit
08-03 19:32:48.643 22923 22956 I art     : Explicit concurrent mark sweep GC freed 3(96B) AllocSpace objects, 0(0B) LOS objects, 23% free, 52MB/68MB, paused 342us total 18.877ms
08-03 19:32:48.652 22923 22956 I art     : Starting a blocking GC Explicit
08-03 19:32:48.671 22923 22956 I art     : Explicit concurrent mark sweep GC freed 3(96B) AllocSpace objects, 0(0B) LOS objects, 23% free, 52MB/68MB, paused 319us total 18.930ms
08-03 19:32:48.915 22923 22936 I art     : Starting a blocking GC Explicit
08-03 19:32:48.936 22923 22936 I art     : Explicit concurrent mark sweep GC freed 1341(78KB) AllocSpace objects, 1(20KB) LOS objects, 23% free, 52MB/68MB, paused 325us total 20.040ms
08-03 19:32:48.944 22923 22936 I art     : Starting a blocking GC Explicit
08-03 19:32:48.964 22923 22936 I art     : Explicit concurrent mark sweep GC freed 26(928B) AllocSpace objects, 0(0B) LOS objects, 23% free, 52MB/68MB, paused 330us total 19.439ms
08-03 19:32:48.972 22923 22936 I art     : Starting a blocking GC Explicit
08-03 19:32:48.991 22923 22936 I art     : Explicit concurrent mark sweep GC freed 3(96B) AllocSpace objects, 0(0B) LOS objects, 23% free, 52MB/68MB, paused 355us total 18.985ms
08-03 19:32:49.000 22923 22936 I art     : Starting a blocking GC Explicit
08-03 19:32:49.019 22923 22936 I art     : Explicit concurrent mark sweep GC freed 3(96B) AllocSpace objects, 0(0B) LOS objects, 23% free, 52MB/68MB, paused 326us total 19.050ms
08-03 19:32:49.028 22923 22936 I art     : Starting a blocking GC Explicit
08-03 19:32:49.047 22923 22936 I art     : Explicit concurrent mark sweep GC freed 3(96B) AllocSpace objects, 0(0B) LOS objects, 23% free, 52MB/68MB, paused 354us total 19.204ms
08-03 19:32:49.368 22923 22956 I art     : Starting a blocking GC Explicit
08-03 19:32:49.392 22923 22956 I art     : Explicit concurrent mark sweep GC freed 1341(78KB) AllocSpace objects, 1(20KB) LOS objects, 23% free, 52MB/68MB, paused 406us total 23.677ms
08-03 19:32:49.403 22923 22956 I art     : Starting a blocking GC Explicit
08-03 19:32:49.423 22923 22956 I art     : Explicit concurrent mark sweep GC freed 20(704B) AllocSpace objects, 0(0B) LOS objects, 23% free, 52MB/68MB, paused 311us total 19.033ms
08-03 19:32:49.431 22923 22956 I art     : Starting a blocking GC Explicit
08-03 19:32:49.449 22923 22956 I art     : Explicit concurrent mark sweep GC freed 3(96B) AllocSpace objects, 0(0B) LOS objects, 23% free, 52MB/68MB, paused 320us total 18.040ms
08-03 19:32:49.458 22923 22956 I art     : Starting a blocking GC Explicit
08-03 19:32:49.478 22923 22956 I art     : Explicit concurrent mark sweep GC freed 3(96B) AllocSpace objects, 0(0B) LOS objects, 23% free, 52MB/68MB, paused 317us total 19.580ms
08-03 19:32:49.486 22923 22956 I art     : Starting a blocking GC Explicit
08-03 19:32:49.505 22923 22956 I art     : Explicit concurrent mark sweep GC freed 3(96B) AllocSpace objects, 0(0B) LOS objects, 23% free, 52MB/68MB, paused 307us total 18.396ms
08-03 19:32:49.831 22923 22934 I art     : Starting a blocking GC Explicit
08-03 19:32:49.855 22923 22934 I art     : Explicit concurrent mark sweep GC freed 1341(78KB) AllocSpace objects, 1(20KB) LOS objects, 23% free, 52MB/68MB, paused 343us total 23.331ms
08-03 19:32:49.868 22923 22934 I art     : Starting a blocking GC Explicit
08-03 19:32:49.887 22923 22934 I art     : Explicit concurrent mark sweep GC freed 20(704B) AllocSpace objects, 0(0B) LOS objects, 23% free, 52MB/68MB, paused 388us total 18.520ms
08-03 19:32:49.895 22923 22934 I art     : Starting a blocking GC Explicit
08-03 19:32:49.914 22923 22934 I art     : Explicit concurrent mark sweep GC freed 3(96B) AllocSpace objects, 0(0B) LOS objects, 23% free, 52MB/68MB, paused 301us total 18.530ms
08-03 19:32:49.922 22923 22934 I art     : Starting a blocking GC Explicit
08-03 19:32:49.941 22923 22934 I art     : Explicit concurrent mark sweep GC freed 3(96B) AllocSpace objects, 0(0B) LOS objects, 23% free, 52MB/68MB, paused 307us total 18.567ms
08-03 19:32:49.950 22923 22934 I art     : Starting a blocking GC Explicit
08-03 19:32:49.969 22923 22934 I art     : Explicit concurrent mark sweep GC freed 3(96B) AllocSpace objects, 0(0B) LOS objects, 23% free, 52MB/68MB, paused 316us total 18.989ms
08-03 19:32:50.191   918  3261 D WifiStateMachine: starting scan for "H369AA63323"WPA_PSK with 2412,5180
08-03 19:32:50.288 22923 23189 I art     : Starting a blocking GC Explicit
08-03 19:32:50.311 22923 23189 I art     : Explicit concurrent mark sweep GC freed 1341(78KB) AllocSpace objects, 1(20KB) LOS objects, 23% free, 52MB/68MB, paused 330us total 22.054ms
08-03 19:32:50.323 22923 23189 I art     : Starting a blocking GC Explicit
08-03 19:32:50.342 22923 23189 I art     : Explicit concurrent mark sweep GC freed 20(704B) AllocSpace objects, 0(0B) LOS objects, 23% free, 52MB/68MB, paused 306us total 18.703ms
08-03 19:32:50.350 22923 23189 I art     : Starting a blocking GC Explicit
08-03 19:32:50.369 22923 23189 I art     : Explicit concurrent mark sweep GC freed 3(96B) AllocSpace objects, 0(0B) LOS objects, 23% free, 52MB/68MB, paused 313us total 18.464ms
08-03 19:32:50.378 22923 23189 I art     : Starting a blocking GC Explicit
08-03 19:32:50.397 22923 23189 I art     : Explicit concurrent mark sweep GC freed 3(96B) AllocSpace objects, 0(0B) LOS objects, 23% free, 52MB/68MB, paused 388us total 19.123ms
08-03 19:32:50.405 22923 23189 I art     : Starting a blocking GC Explicit
08-03 19:32:50.424 22923 23189 I art     : Explicit concurrent mark sweep GC freed 3(96B) AllocSpace objects, 0(0B) LOS objects, 23% free, 52MB/68MB, paused 287us total 18.788ms
08-03 19:32:50.762 22923 22936 I art     : Starting a blocking GC Explicit
08-03 19:32:50.790 22923 22936 I art     : Explicit concurrent mark sweep GC freed 1341(78KB) AllocSpace objects, 1(20KB) LOS objects, 23% free, 52MB/68MB, paused 390us total 27.286ms
08-03 19:32:50.802 22923 22936 I art     : Starting a blocking GC Explicit
08-03 19:32:50.823 22923 22936 I art     : Explicit concurrent mark sweep GC freed 20(704B) AllocSpace objects, 0(0B) LOS objects, 23% free, 52MB/68MB, paused 318us total 20.977ms
08-03 19:32:50.832 22923 22936 I art     : Starting a blocking GC Explicit
08-03 19:32:50.851 22923 22936 I art     : Explicit concurrent mark sweep GC freed 3(96B) AllocSpace objects, 0(0B) LOS objects, 23% free, 52MB/68MB, paused 317us total 18.881ms
08-03 19:32:50.859 22923 22936 I art     : Starting a blocking GC Explicit
08-03 19:32:50.878 22923 22936 I art     : Explicit concurrent mark sweep GC freed 3(96B) AllocSpace objects, 0(0B) LOS objects, 23% free, 52MB/68MB, paused 318us total 18.639ms
08-03 19:32:50.886 22923 22936 I art     : Starting a blocking GC Explicit
08-03 19:32:50.905 22923 22936 I art     : Explicit concurrent mark sweep GC freed 3(96B) AllocSpace objects, 0(0B) LOS objects, 23% free, 52MB/68MB, paused 323us total 18.698ms
08-03 19:32:51.205 22923 22956 I art     : Starting a blocking GC Explicit
08-03 19:32:51.229 22923 22956 I art     : Explicit concurrent mark sweep GC freed 1341(78KB) AllocSpace objects, 1(20KB) LOS objects, 23% free, 52MB/68MB, paused 343us total 23.777ms
08-03 19:32:51.238 22923 22956 I art     : Starting a blocking GC Explicit
08-03 19:32:51.258 22923 22956 I art     : Explicit concurrent mark sweep GC freed 20(704B) AllocSpace objects, 0(0B) LOS objects, 23% free, 52MB/68MB, paused 312us total 19.251ms
08-03 19:32:51.266 22923 22956 I art     : Starting a blocking GC Explicit
08-03 19:32:51.285 22923 22956 I art     : Explicit concurrent mark sweep GC freed 3(96B) AllocSpace objects, 0(0B) LOS objects, 23% free, 52MB/68MB, paused 305us total 18.173ms
08-03 19:32:51.293 22923 22956 I art     : Starting a blocking GC Explicit
08-03 19:32:51.312 22923 22956 I art     : Explicit concurrent mark sweep GC freed 3(96B) AllocSpace objects, 0(0B) LOS objects, 23% free, 52MB/68MB, paused 314us total 18.910ms
08-03 19:32:51.321 22923 22956 I art     : Starting a blocking GC Explicit
08-03 19:32:51.340 22923 22956 I art     : Explicit concurrent mark sweep GC freed 3(96B) AllocSpace objects, 0(0B) LOS objects, 23% free, 52MB/68MB, paused 308us total 19.093ms
08-03 19:32:51.670 22923 22934 I art     : Starting a blocking GC Explicit
08-03 19:32:51.699 22923 22934 I art     : Explicit concurrent mark sweep GC freed 1341(78KB) AllocSpace objects, 1(20KB) LOS objects, 23% free, 52MB/68MB, paused 372us total 28.293ms
08-03 19:32:51.712 22923 22934 I art     : Starting a blocking GC Explicit
08-03 19:32:51.734 22923 22934 I art     : Explicit concurrent mark sweep GC freed 20(704B) AllocSpace objects, 0(0B) LOS objects, 23% free, 52MB/68MB, paused 319us total 22.176ms
08-03 19:32:51.743 22923 22934 I art     : Starting a blocking GC Explicit
08-03 19:32:51.762 22923 22934 I art     : Explicit concurrent mark sweep GC freed 3(96B) AllocSpace objects, 0(0B) LOS objects, 23% free, 52MB/68MB, paused 301us total 19.194ms
08-03 19:32:51.770 22923 22934 I art     : Starting a blocking GC Explicit
08-03 19:32:51.789 22923 22934 I art     : Explicit concurrent mark sweep GC freed 3(96B) AllocSpace objects, 0(0B) LOS objects, 23% free, 52MB/68MB, paused 314us total 18.511ms
08-03 19:32:51.797 22923 22934 I art     : Starting a blocking GC Explicit
08-03 19:32:51.816 22923 22934 I art     : Explicit concurrent mark sweep GC freed 3(96B) AllocSpace objects, 0(0B) LOS objects, 23% free, 52MB/68MB, paused 302us total 18.617ms
08-03 19:32:51.947   918 13198 D NetlinkSocketObserver: NeighborEvent{elapsedMs=1629775822, 192.168.2.254, [7C3953A63323], RTM_NEWNEIGH, NUD_STALE}
08-03 19:32:52.117 22923 23189 I art     : Starting a blocking GC Explicit
08-03 19:32:52.141 22923 23189 I art     : Explicit concurrent mark sweep GC freed 1341(78KB) AllocSpace objects, 1(20KB) LOS objects, 23% free, 52MB/68MB, paused 327us total 23.491ms
08-03 19:32:52.152 22923 23189 I art     : Starting a blocking GC Explicit
08-03 19:32:52.171 22923 23189 I art     : Explicit concurrent mark sweep GC freed 20(704B) AllocSpace objects, 0(0B) LOS objects, 23% free, 52MB/68MB, paused 310us total 19.016ms
08-03 19:32:52.179 22923 23189 I art     : Starting a blocking GC Explicit
08-03 19:32:52.198 22923 23189 I art     : Explicit concurrent mark sweep GC freed 3(96B) AllocSpace objects, 0(0B) LOS objects, 23% free, 52MB/68MB, paused 303us total 18.362ms
08-03 19:32:52.206 22923 23189 I art     : Starting a blocking GC Explicit
08-03 19:32:52.225 22923 23189 I art     : Explicit concurrent mark sweep GC freed 3(96B) AllocSpace objects, 0(0B) LOS objects, 23% free, 52MB/68MB, paused 325us total 18.841ms
08-03 19:32:52.234 22923 23189 I art     : Starting a blocking GC Explicit
08-03 19:32:52.253 22923 23189 I art     : Explicit concurrent mark sweep GC freed 3(96B) AllocSpace objects, 0(0B) LOS objects, 23% free, 52MB/68MB, paused 303us total 19.054ms
08-03 19:32:52.573 22923 22936 I art     : Starting a blocking GC Explicit
08-03 19:32:52.600 22923 22936 I art     : Explicit concurrent mark sweep GC freed 1341(78KB) AllocSpace objects, 1(20KB) LOS objects, 23% free, 52MB/68MB, paused 377us total 27.262ms
08-03 19:32:52.613 22923 22936 I art     : Starting a blocking GC Explicit
08-03 19:32:52.634 22923 22936 I art     : Explicit concurrent mark sweep GC freed 20(704B) AllocSpace objects, 0(0B) LOS objects, 23% free, 52MB/68MB, paused 353us total 20.518ms
08-03 19:32:52.642 22923 22936 I art     : Starting a blocking GC Explicit
08-03 19:32:52.661 22923 22936 I art     : Explicit concurrent mark sweep GC freed 3(96B) AllocSpace objects, 0(0B) LOS objects, 23% free, 52MB/68MB, paused 373us total 18.636ms
08-03 19:32:52.669 22923 22936 I art     : Starting a blocking GC Explicit
08-03 19:32:52.688 22923 22936 I art     : Explicit concurrent mark sweep GC freed 3(96B) AllocSpace objects, 0(0B) LOS objects, 23% free, 52MB/68MB, paused 325us total 18.574ms
08-03 19:32:52.696 22923 22936 I art     : Starting a blocking GC Explicit
08-03 19:32:52.715 22923 22936 I art     : Explicit concurrent mark sweep GC freed 3(96B) AllocSpace objects, 0(0B) LOS objects, 23% free, 52MB/68MB, paused 311us total 18.345ms
08-03 19:32:53.015 22923 22956 I art     : Starting a blocking GC Explicit
08-03 19:32:53.040 22923 22956 I art     : Explicit concurrent mark sweep GC freed 1341(78KB) AllocSpace objects, 1(20KB) LOS objects, 23% free, 52MB/68MB, paused 338us total 23.864ms
08-03 19:32:53.051 22923 22956 I art     : Starting a blocking GC Explicit
08-03 19:32:53.074 22923 22956 I art     : Explicit concurrent mark sweep GC freed 20(704B) AllocSpace objects, 0(0B) LOS objects, 23% free, 52MB/68MB, paused 315us total 22.618ms
08-03 19:32:53.085 22923 22956 I art     : Starting a blocking GC Explicit
08-03 19:32:53.104 22923 22956 I art     : Explicit concurrent mark sweep GC freed 3(96B) AllocSpace objects, 0(0B) LOS objects, 23% free, 52MB/68MB, paused 300us total 18.386ms
08-03 19:32:53.112 22923 22956 I art     : Starting a blocking GC Explicit
08-03 19:32:53.131 22923 22956 I art     : Explicit concurrent mark sweep GC freed 3(96B) AllocSpace objects, 0(0B) LOS objects, 23% free, 52MB/68MB, paused 306us total 19.014ms
08-03 19:32:53.140 22923 22956 I art     : Starting a blocking GC Explicit
08-03 19:32:53.159 22923 22956 I art     : Explicit concurrent mark sweep GC freed 194(12KB) AllocSpace objects, 0(0B) LOS objects, 23% free, 52MB/68MB, paused 386us total 18.820ms
08-03 19:32:53.406 22923 23549 W OneSignal: OneSignalRestClient: POST Error thrown from network stack. 
08-03 19:32:53.406 22923 23549 W OneSignal: java.io.IOException: unexpected end of stream on Connection{api.onesignal.com:443, proxy=HTTP@192.168.2.12:8080 hostAddress=192.168.2.12 cipherSuite=TLS_ECDHE_RSA_WITH_AES_128_GCM_SHA256 protocol=http/1.1} (recycle count=0)
08-03 19:32:53.406 22923 23549 W OneSignal: 	at com.android.okhttp.internal.http.HttpConnection.readResponse(HttpConnection.java:210)
08-03 19:32:53.406 22923 23549 W OneSignal: 	at com.android.okhttp.internal.http.HttpTransport.readResponseHeaders(HttpTransport.java:80)
08-03 19:32:53.406 22923 23549 W OneSignal: 	at com.android.okhttp.internal.http.HttpEngine.readNetworkResponse(HttpEngine.java:904)
08-03 19:32:53.406 22923 23549 W OneSignal: 	at com.android.okhttp.internal.http.HttpEngine.readResponse(HttpEngine.java:788)
08-03 19:32:53.406 22923 23549 W OneSignal: 	at com.android.okhttp.internal.huc.HttpURLConnectionImpl.execute(HttpURLConnectionImpl.java:439)
08-03 19:32:53.406 22923 23549 W OneSignal: 	at com.android.okhttp.internal.huc.HttpURLConnectionImpl.getResponse(HttpURLConnectionImpl.java:384)
08-03 19:32:53.406 22923 23549 W OneSignal: 	at com.android.okhttp.internal.huc.HttpURLConnectionImpl.getResponseCode(HttpURLConnectionImpl.java:497)
08-03 19:32:53.406 22923 23549 W OneSignal: 	at com.android.okhttp.internal.huc.DelegatingHttpsURLConnection.getResponseCode(DelegatingHttpsURLConnection.java:105)
08-03 19:32:53.406 22923 23549 W OneSignal: 	at com.android.okhttp.internal.huc.HttpsURLConnectionImpl.getResponseCode(HttpsURLConnectionImpl.java)
08-03 19:32:53.406 22923 23549 W OneSignal: 	at com.onesignal.OneSignalRestClient.startHTTPConnection(OneSignalRestClient.java:180)
08-03 19:32:53.406 22923 23549 W OneSignal: 	at com.onesignal.OneSignalRestClient.access$100(OneSignalRestClient.java:44)
08-03 19:32:53.406 22923 23549 W OneSignal: 	at com.onesignal.OneSignalRestClient$4.run(OneSignalRestClient.java:110)
08-03 19:32:53.406 22923 23549 W OneSignal: 	at java.lang.Thread.run(Thread.java:818)
08-03 19:32:53.406 22923 23549 W OneSignal: Caused by: java.io.EOFException: \n not found: size=0 content=...
08-03 19:32:53.406 22923 23549 W OneSignal: 	at com.android.okhttp.okio.RealBufferedSource.readUtf8LineStrict(RealBufferedSource.java:200)
08-03 19:32:53.406 22923 23549 W OneSignal: 	at com.android.okhttp.internal.http.HttpConnection.readResponse(HttpConnection.java:191)
08-03 19:32:53.406 22923 23549 W OneSignal: 	... 12 more
08-03 19:32:53.408 22923 23560 W OneSignal: Failed last request. statusCode: -1
08-03 19:32:53.408 22923 23560 W OneSignal: response: null
08-03 19:32:53.470 22923 22934 I art     : Starting a blocking GC Explicit
08-03 19:32:53.493 22923 22934 I art     : Explicit concurrent mark sweep GC freed 3729(231KB) AllocSpace objects, 1(20KB) LOS objects, 23% free, 52MB/68MB, paused 345us total 23.051ms
08-03 19:32:53.505 22923 22934 I art     : Starting a blocking GC Explicit
08-03 19:32:53.527 22923 22934 I art     : Explicit concurrent mark sweep GC freed 67(2432B) AllocSpace objects, 0(0B) LOS objects, 23% free, 52MB/68MB, paused 415us total 21.652ms
08-03 19:32:53.535 22923 22934 I art     : Starting a blocking GC Explicit
08-03 19:32:53.555 22923 22934 I art     : Explicit concurrent mark sweep GC freed 3(96B) AllocSpace objects, 0(0B) LOS objects, 23% free, 52MB/68MB, paused 293us total 19.027ms
08-03 19:32:53.563 22923 22934 I art     : Starting a blocking GC Explicit
08-03 19:32:53.582 22923 22934 I art     : Explicit concurrent mark sweep GC freed 3(96B) AllocSpace objects, 0(0B) LOS objects, 23% free, 52MB/68MB, paused 305us total 18.769ms
08-03 19:32:53.591 22923 22934 I art     : Starting a blocking GC Explicit
08-03 19:32:53.609 22923 22934 I art     : Explicit concurrent mark sweep GC freed 3(96B) AllocSpace objects, 0(0B) LOS objects, 23% free, 52MB/68MB, paused 303us total 17.915ms
08-03 19:32:53.791   918   937 W ProcessCpuTracker: Skipping unknown process pid 23561
08-03 19:32:53.915 22923 23189 I art     : Starting a blocking GC Explicit
08-03 19:32:53.939 22923 23189 I art     : Explicit concurrent mark sweep GC freed 1341(78KB) AllocSpace objects, 1(20KB) LOS objects, 23% free, 52MB/68MB, paused 337us total 23.496ms
08-03 19:32:53.950 22923 23189 I art     : Starting a blocking GC Explicit
08-03 19:32:53.969 22923 23189 I art     : Explicit concurrent mark sweep GC freed 20(704B) AllocSpace objects, 0(0B) LOS objects, 23% free, 52MB/68MB, paused 319us total 18.810ms
08-03 19:32:53.977 22923 23189 I art     : Starting a blocking GC Explicit
08-03 19:32:53.997 22923 23189 I art     : Explicit concurrent mark sweep GC freed 3(96B) AllocSpace objects, 0(0B) LOS objects, 23% free, 52MB/68MB, paused 316us total 19.847ms
08-03 19:32:54.006 22923 23189 I art     : Starting a blocking GC Explicit
08-03 19:32:54.025 22923 23189 I art     : Explicit concurrent mark sweep GC freed 3(96B) AllocSpace objects, 0(0B) LOS objects, 23% free, 52MB/68MB, paused 308us total 18.963ms
08-03 19:32:54.033 22923 23189 I art     : Starting a blocking GC Explicit
08-03 19:32:54.053 22923 23189 I art     : Explicit concurrent mark sweep GC freed 3(96B) AllocSpace objects, 0(0B) LOS objects, 23% free, 52MB/68MB, paused 309us total 19.092ms
08-03 19:32:54.355 22923 22936 I art     : Starting a blocking GC Explicit
08-03 19:32:54.378 22923 22936 I art     : Explicit concurrent mark sweep GC freed 1341(78KB) AllocSpace objects, 1(20KB) LOS objects, 23% free, 52MB/68MB, paused 332us total 22.899ms
08-03 19:32:54.387 22923 22936 I art     : Starting a blocking GC Explicit
08-03 19:32:54.406 22923 22936 I art     : Explicit concurrent mark sweep GC freed 20(704B) AllocSpace objects, 0(0B) LOS objects, 23% free, 52MB/68MB, paused 318us total 19.207ms
08-03 19:32:54.414 22923 22936 I art     : Starting a blocking GC Explicit
08-03 19:32:54.433 22923 22936 I art     : Explicit concurrent mark sweep GC freed 3(96B) AllocSpace objects, 0(0B) LOS objects, 23% free, 52MB/68MB, paused 334us total 18.628ms
08-03 19:32:54.442 22923 22936 I art     : Starting a blocking GC Explicit
08-03 19:32:54.461 22923 22936 I art     : Explicit concurrent mark sweep GC freed 3(96B) AllocSpace objects, 0(0B) LOS objects, 23% free, 52MB/68MB, paused 319us total 18.901ms
08-03 19:32:54.469 22923 22936 I art     : Starting a blocking GC Explicit
08-03 19:32:54.488 22923 22936 I art     : Explicit concurrent mark sweep GC freed 3(96B) AllocSpace objects, 0(0B) LOS objects, 23% free, 52MB/68MB, paused 300us total 18.487ms
08-03 19:32:54.784 22923 22956 I art     : Starting a blocking GC Explicit
08-03 19:32:54.807 22923 22956 I art     : Explicit concurrent mark sweep GC freed 1341(78KB) AllocSpace objects, 1(20KB) LOS objects, 23% free, 52MB/68MB, paused 358us total 22.977ms
08-03 19:32:54.821 22923 22956 I art     : Starting a blocking GC Explicit
08-03 19:32:54.839 22923 22956 I art     : Explicit concurrent mark sweep GC freed 20(704B) AllocSpace objects, 0(0B) LOS objects, 23% free, 52MB/68MB, paused 293us total 18.266ms
08-03 19:32:54.848 22923 22956 I art     : Starting a blocking GC Explicit
08-03 19:32:54.867 22923 22956 I art     : Explicit concurrent mark sweep GC freed 3(96B) AllocSpace objects, 0(0B) LOS objects, 23% free, 52MB/68MB, paused 302us total 18.507ms
08-03 19:32:54.875 22923 22956 I art     : Starting a blocking GC Explicit
08-03 19:32:54.893 22923 22956 I art     : Explicit concurrent mark sweep GC freed 3(96B) AllocSpace objects, 0(0B) LOS objects, 23% free, 52MB/68MB, paused 304us total 18.454ms
08-03 19:32:54.902 22923 22956 I art     : Starting a blocking GC Explicit
08-03 19:32:54.921 22923 22956 I art     : Explicit concurrent mark sweep GC freed 3(96B) AllocSpace objects, 0(0B) LOS objects, 23% free, 52MB/68MB, paused 318us total 19.022ms
08-03 19:32:55.220 22923 22934 I art     : Starting a blocking GC Explicit
08-03 19:32:55.243 22923 22934 I art     : Explicit concurrent mark sweep GC freed 1341(78KB) AllocSpace objects, 1(20KB) LOS objects, 23% free, 52MB/68MB, paused 336us total 22.913ms
08-03 19:32:55.254 22923 22934 I art     : Starting a blocking GC Explicit
08-03 19:32:55.273 22923 22934 I art     : Explicit concurrent mark sweep GC freed 20(704B) AllocSpace objects, 0(0B) LOS objects, 23% free, 52MB/68MB, paused 311us total 19.136ms
08-03 19:32:55.282 22923 22934 I art     : Starting a blocking GC Explicit
08-03 19:32:55.301 22923 22934 I art     : Explicit concurrent mark sweep GC freed 3(96B) AllocSpace objects, 0(0B) LOS objects, 23% free, 52MB/68MB, paused 302us total 18.784ms
08-03 19:32:55.309 22923 22934 I art     : Starting a blocking GC Explicit
08-03 19:32:55.328 22923 22934 I art     : Explicit concurrent mark sweep GC freed 3(96B) AllocSpace objects, 0(0B) LOS objects, 23% free, 52MB/68MB, paused 321us total 18.923ms
08-03 19:32:55.337 22923 22934 I art     : Starting a blocking GC Explicit
08-03 19:32:55.356 22923 22934 I art     : Explicit concurrent mark sweep GC freed 3(96B) AllocSpace objects, 0(0B) LOS objects, 23% free, 52MB/68MB, paused 307us total 18.388ms
08-03 19:32:55.655 22923 23189 I art     : Starting a blocking GC Explicit
08-03 19:32:55.677 22923 23189 I art     : Explicit concurrent mark sweep GC freed 1341(78KB) AllocSpace objects, 1(20KB) LOS objects, 23% free, 52MB/68MB, paused 333us total 21.504ms
08-03 19:32:55.688 22923 23189 I art     : Starting a blocking GC Explicit
08-03 19:32:55.707 22923 23189 I art     : Explicit concurrent mark sweep GC freed 20(704B) AllocSpace objects, 0(0B) LOS objects, 23% free, 52MB/68MB, paused 361us total 18.222ms
08-03 19:32:55.715 22923 23189 I art     : Starting a blocking GC Explicit
08-03 19:32:55.734 22923 23189 I art     : Explicit concurrent mark sweep GC freed 3(96B) AllocSpace objects, 0(0B) LOS objects, 23% free, 52MB/68MB, paused 306us total 18.784ms
08-03 19:32:55.743 22923 23189 I art     : Starting a blocking GC Explicit
08-03 19:32:55.762 22923 23189 I art     : Explicit concurrent mark sweep GC freed 3(96B) AllocSpace objects, 0(0B) LOS objects, 23% free, 52MB/68MB, paused 312us total 18.985ms
08-03 19:32:55.770 22923 23189 I art     : Starting a blocking GC Explicit
08-03 19:32:55.789 22923 23189 I art     : Explicit concurrent mark sweep GC freed 3(96B) AllocSpace objects, 0(0B) LOS objects, 23% free, 52MB/68MB, paused 307us total 18.421ms
08-03 19:32:56.109 22923 22936 I art     : Starting a blocking GC Explicit
08-03 19:32:56.133 22923 22936 I art     : Explicit concurrent mark sweep GC freed 1341(78KB) AllocSpace objects, 1(20KB) LOS objects, 23% free, 52MB/68MB, paused 358us total 23.642ms
08-03 19:32:56.146 22923 22936 I art     : Starting a blocking GC Explicit
08-03 19:32:56.169 22923 22936 I art     : Explicit concurrent mark sweep GC freed 20(704B) AllocSpace objects, 0(0B) LOS objects, 23% free, 52MB/68MB, paused 338us total 22.554ms
08-03 19:32:56.179 22923 22936 I art     : Starting a blocking GC Explicit
08-03 19:32:56.197 22923 22936 I art     : Explicit concurrent mark sweep GC freed 3(96B) AllocSpace objects, 0(0B) LOS objects, 23% free, 52MB/68MB, paused 342us total 18.564ms
08-03 19:32:56.206 22923 22936 I art     : Starting a blocking GC Explicit
08-03 19:32:56.225 22923 22936 I art     : Explicit concurrent mark sweep GC freed 3(96B) AllocSpace objects, 0(0B) LOS objects, 23% free, 52MB/68MB, paused 320us total 18.418ms
08-03 19:32:56.233 22923 22936 I art     : Starting a blocking GC Explicit
08-03 19:32:56.252 22923 22936 I art     : Explicit concurrent mark sweep GC freed 3(96B) AllocSpace objects, 0(0B) LOS objects, 23% free, 52MB/68MB, paused 325us total 18.549ms
08-03 19:32:56.574 22923 22956 I art     : Starting a blocking GC Explicit
08-03 19:32:56.598 22923 22956 I art     : Explicit concurrent mark sweep GC freed 1341(78KB) AllocSpace objects, 1(20KB) LOS objects, 23% free, 52MB/68MB, paused 366us total 23.570ms
08-03 19:32:56.610 22923 22956 I art     : Starting a blocking GC Explicit
08-03 19:32:56.633 22923 22956 I art     : Explicit concurrent mark sweep GC freed 20(704B) AllocSpace objects, 0(0B) LOS objects, 23% free, 52MB/68MB, paused 337us total 22.651ms
08-03 19:32:56.645 22923 22956 I art     : Starting a blocking GC Explicit
08-03 19:32:56.665 22923 22956 I art     : Explicit concurrent mark sweep GC freed 3(96B) AllocSpace objects, 0(0B) LOS objects, 23% free, 52MB/68MB, paused 306us total 18.939ms
08-03 19:32:56.673 22923 22956 I art     : Starting a blocking GC Explicit
08-03 19:32:56.692 22923 22956 I art     : Explicit concurrent mark sweep GC freed 3(96B) AllocSpace objects, 0(0B) LOS objects, 23% free, 52MB/68MB, paused 319us total 19.089ms
08-03 19:32:56.701 22923 22956 I art     : Starting a blocking GC Explicit
08-03 19:32:56.720 22923 22956 I art     : Explicit concurrent mark sweep GC freed 3(96B) AllocSpace objects, 0(0B) LOS objects, 23% free, 52MB/68MB, paused 307us total 18.890ms
08-03 19:32:57.052 22923 22934 I art     : Starting a blocking GC Explicit
08-03 19:32:57.076 22923 22934 I art     : Explicit concurrent mark sweep GC freed 1341(78KB) AllocSpace objects, 1(20KB) LOS objects, 23% free, 52MB/68MB, paused 329us total 23.459ms
08-03 19:32:57.087 22923 22934 I art     : Starting a blocking GC Explicit
08-03 19:32:57.105 22923 22934 I art     : Explicit concurrent mark sweep GC freed 20(704B) AllocSpace objects, 0(0B) LOS objects, 23% free, 52MB/68MB, paused 311us total 18.550ms
08-03 19:32:57.114 22923 22934 I art     : Starting a blocking GC Explicit
08-03 19:32:57.133 22923 22934 I art     : Explicit concurrent mark sweep GC freed 3(96B) AllocSpace objects, 0(0B) LOS objects, 23% free, 52MB/68MB, paused 300us total 18.738ms
08-03 19:32:57.141 22923 22934 I art     : Starting a blocking GC Explicit
08-03 19:32:57.161 22923 22934 I art     : Explicit concurrent mark sweep GC freed 3(96B) AllocSpace objects, 0(0B) LOS objects, 23% free, 52MB/68MB, paused 311us total 19.266ms
08-03 19:32:57.170 22923 22934 I art     : Starting a blocking GC Explicit
08-03 19:32:57.188 22923 22934 I art     : Explicit concurrent mark sweep GC freed 3(96B) AllocSpace objects, 0(0B) LOS objects, 23% free, 52MB/68MB, paused 298us total 18.292ms
08-03 19:32:57.497 22923 23189 I art     : Starting a blocking GC Explicit
08-03 19:32:57.519 22923 23189 I art     : Explicit concurrent mark sweep GC freed 1341(78KB) AllocSpace objects, 1(20KB) LOS objects, 23% free, 52MB/68MB, paused 300us total 21.974ms
08-03 19:32:57.528 22923 23189 I art     : Starting a blocking GC Explicit
08-03 19:32:57.547 22923 23189 I art     : Explicit concurrent mark sweep GC freed 20(704B) AllocSpace objects, 0(0B) LOS objects, 23% free, 52MB/68MB, paused 450us total 19.252ms
08-03 19:32:57.555 22923 23189 I art     : Starting a blocking GC Explicit
08-03 19:32:57.574 22923 23189 I art     : Explicit concurrent mark sweep GC freed 3(96B) AllocSpace objects, 0(0B) LOS objects, 23% free, 52MB/68MB, paused 312us total 18.600ms
08-03 19:32:57.582 22923 23189 I art     : Starting a blocking GC Explicit
08-03 19:32:57.601 22923 23189 I art     : Explicit concurrent mark sweep GC freed 3(96B) AllocSpace objects, 0(0B) LOS objects, 23% free, 52MB/68MB, paused 316us total 18.727ms
08-03 19:32:57.610 22923 23189 I art     : Starting a blocking GC Explicit
08-03 19:32:57.629 22923 23189 I art     : Explicit concurrent mark sweep GC freed 3(96B) AllocSpace objects, 0(0B) LOS objects, 23% free, 52MB/68MB, paused 294us total 18.391ms
08-03 19:32:57.929 22923 22936 I art     : Starting a blocking GC Explicit
08-03 19:32:57.954 22923 22936 I art     : Explicit concurrent mark sweep GC freed 1341(78KB) AllocSpace objects, 1(20KB) LOS objects, 23% free, 52MB/68MB, paused 415us total 23.961ms
08-03 19:32:57.965 22923 22936 I art     : Starting a blocking GC Explicit
08-03 19:32:57.988 22923 22936 I art     : Explicit concurrent mark sweep GC freed 20(704B) AllocSpace objects, 0(0B) LOS objects, 23% free, 52MB/68MB, paused 366us total 22.651ms
08-03 19:32:57.998 22923 22936 I art     : Starting a blocking GC Explicit
08-03 19:32:58.017 22923 22936 I art     : Explicit concurrent mark sweep GC freed 3(96B) AllocSpace objects, 0(0B) LOS objects, 23% free, 52MB/68MB, paused 380us total 18.501ms
08-03 19:32:58.025 22923 22936 I art     : Starting a blocking GC Explicit
08-03 19:32:58.044 22923 22936 I art     : Explicit concurrent mark sweep GC freed 3(96B) AllocSpace objects, 0(0B) LOS objects, 23% free, 52MB/68MB, paused 314us total 18.815ms
08-03 19:32:58.052 22923 22936 I art     : Starting a blocking GC Explicit
08-03 19:32:58.071 22923 22936 I art     : Explicit concurrent mark sweep GC freed 3(96B) AllocSpace objects, 0(0B) LOS objects, 23% free, 52MB/68MB, paused 323us total 18.753ms
08-03 19:32:58.395 22923 22956 I art     : Starting a blocking GC Explicit
08-03 19:32:58.421 22923 22956 I art     : Explicit concurrent mark sweep GC freed 1341(78KB) AllocSpace objects, 1(20KB) LOS objects, 23% free, 52MB/68MB, paused 345us total 25.103ms
08-03 19:32:58.432 22923 22956 I art     : Starting a blocking GC Explicit
08-03 19:32:58.452 22923 22956 I art     : Explicit concurrent mark sweep GC freed 20(704B) AllocSpace objects, 0(0B) LOS objects, 23% free, 52MB/68MB, paused 310us total 19.253ms
08-03 19:32:58.460 22923 22956 I art     : Starting a blocking GC Explicit
08-03 19:32:58.479 22923 22956 I art     : Explicit concurrent mark sweep GC freed 3(96B) AllocSpace objects, 0(0B) LOS objects, 23% free, 52MB/68MB, paused 305us total 18.807ms
08-03 19:32:58.488 22923 22956 I art     : Starting a blocking GC Explicit
08-03 19:32:58.507 22923 22956 I art     : Explicit concurrent mark sweep GC freed 3(96B) AllocSpace objects, 0(0B) LOS objects, 23% free, 52MB/68MB, paused 448us total 18.988ms
08-03 19:32:58.515 22923 22956 I art     : Starting a blocking GC Explicit
08-03 19:32:58.534 22923 22956 I art     : Explicit concurrent mark sweep GC freed 3(96B) AllocSpace objects, 0(0B) LOS objects, 23% free, 52MB/68MB, paused 309us total 18.236ms
08-03 19:32:58.840 22923 22934 I art     : Starting a blocking GC Explicit
08-03 19:32:58.860 22923 22934 I art     : Explicit concurrent mark sweep GC freed 1341(78KB) AllocSpace objects, 1(20KB) LOS objects, 23% free, 52MB/68MB, paused 314us total 19.127ms
08-03 19:32:58.868 22923 22934 I art     : Starting a blocking GC Explicit
08-03 19:32:58.887 22923 22934 I art     : Explicit concurrent mark sweep GC freed 20(704B) AllocSpace objects, 0(0B) LOS objects, 23% free, 52MB/68MB, paused 301us total 18.466ms
08-03 19:32:58.895 22923 22934 I art     : Starting a blocking GC Explicit
08-03 19:32:58.914 22923 22934 I art     : Explicit concurrent mark sweep GC freed 3(96B) AllocSpace objects, 0(0B) LOS objects, 23% free, 52MB/68MB, paused 306us total 19.102ms
08-03 19:32:58.923 22923 22934 I art     : Starting a blocking GC Explicit
08-03 19:32:58.942 22923 22934 I art     : Explicit concurrent mark sweep GC freed 3(96B) AllocSpace objects, 0(0B) LOS objects, 23% free, 52MB/68MB, paused 303us total 18.542ms
08-03 19:32:58.950 22923 22934 I art     : Starting a blocking GC Explicit
08-03 19:32:58.969 22923 22934 I art     : Explicit concurrent mark sweep GC freed 3(96B) AllocSpace objects, 0(0B) LOS objects, 23% free, 52MB/68MB, paused 317us total 18.715ms
08-03 19:32:59.275 22923 23189 I art     : Starting a blocking GC Explicit
08-03 19:32:59.299 22923 23189 I art     : Explicit concurrent mark sweep GC freed 1341(78KB) AllocSpace objects, 1(20KB) LOS objects, 23% free, 52MB/68MB, paused 346us total 23.475ms
08-03 19:32:59.310 22923 23189 I art     : Starting a blocking GC Explicit
08-03 19:32:59.330 22923 23189 I art     : Explicit concurrent mark sweep GC freed 20(704B) AllocSpace objects, 0(0B) LOS objects, 23% free, 52MB/68MB, paused 309us total 19.668ms
08-03 19:32:59.339 22923 23189 I art     : Starting a blocking GC Explicit
08-03 19:32:59.357 22923 23189 I art     : Explicit concurrent mark sweep GC freed 3(96B) AllocSpace objects, 0(0B) LOS objects, 23% free, 52MB/68MB, paused 313us total 18.358ms
08-03 19:32:59.366 22923 23189 I art     : Starting a blocking GC Explicit
08-03 19:32:59.384 22923 23189 I art     : Explicit concurrent mark sweep GC freed 3(96B) AllocSpace objects, 0(0B) LOS objects, 23% free, 52MB/68MB, paused 292us total 18.103ms
08-03 19:32:59.392 22923 23189 I art     : Starting a blocking GC Explicit
08-03 19:32:59.411 22923 23189 I art     : Explicit concurrent mark sweep GC freed 3(96B) AllocSpace objects, 0(0B) LOS objects, 23% free, 52MB/68MB, paused 305us total 18.843ms
08-03 19:32:59.724 22923 22936 I art     : Starting a blocking GC Explicit
08-03 19:32:59.748 22923 22936 I art     : Explicit concurrent mark sweep GC freed 1341(78KB) AllocSpace objects, 1(20KB) LOS objects, 23% free, 52MB/68MB, paused 415us total 23.698ms
08-03 19:32:59.758 22923 22936 I art     : Starting a blocking GC Explicit
08-03 19:32:59.777 22923 22936 I art     : Explicit concurrent mark sweep GC freed 20(704B) AllocSpace objects, 0(0B) LOS objects, 23% free, 52MB/68MB, paused 416us total 18.806ms
08-03 19:32:59.786 22923 22936 I art     : Starting a blocking GC Explicit
08-03 19:32:59.804 22923 22936 I art     : Explicit concurrent mark sweep GC freed 3(96B) AllocSpace objects, 0(0B) LOS objects, 23% free, 52MB/68MB, paused 316us total 17.730ms
08-03 19:32:59.812 22923 22936 I art     : Starting a blocking GC Explicit
08-03 19:32:59.830 22923 22936 I art     : Explicit concurrent mark sweep GC freed 3(96B) AllocSpace objects, 0(0B) LOS objects, 23% free, 52MB/68MB, paused 318us total 17.887ms
08-03 19:32:59.838 22923 22936 I art     : Starting a blocking GC Explicit
08-03 19:32:59.856 22923 22936 I art     : Explicit concurrent mark sweep GC freed 3(96B) AllocSpace objects, 0(0B) LOS objects, 23% free, 52MB/68MB, paused 325us total 17.629ms
08-03 19:33:00.088 23707 23707 D AndroidRuntime: >>>>>> START com.android.internal.os.RuntimeInit uid 2000 <<<<<<
08-03 19:33:00.093 23707 23707 D AndroidRuntime: CheckJNI is OFF
08-03 19:33:00.124 23707 23707 D ICU     : No timezone override file found: /data/misc/zoneinfo/current/icu/icu_tzdata.dat
08-03 19:33:00.142 22923 22956 I art     : Starting a blocking GC Explicit
08-03 19:33:00.156 23707 23707 I Radio-JNI: register_android_hardware_Radio DONE
08-03 19:33:00.160 22923 22956 I art     : Explicit concurrent mark sweep GC freed 1341(78KB) AllocSpace objects, 1(20KB) LOS objects, 23% free, 52MB/68MB, paused 347us total 17.641ms
08-03 19:33:00.169 22923 22956 I art     : Starting a blocking GC Explicit
08-03 19:33:00.180 23707 23707 D AndroidRuntime: Calling main entry com.android.commands.input.Input
08-03 19:33:00.182 23707 23707 I Input   : injectKeyEvent: KeyEvent { action=ACTION_DOWN, keyCode=KEYCODE_BACK, scanCode=0, metaState=0, flags=0x0, repeatCount=0, eventTime=646396595, downTime=646396595, deviceId=-1, source=0x101 }
08-03 19:33:00.187 22923 22956 I art     : Explicit concurrent mark sweep GC freed 20(704B) AllocSpace objects, 0(0B) LOS objects, 23% free, 52MB/68MB, paused 469us total 18.271ms
08-03 19:33:00.190 23707 23707 I Input   : injectKeyEvent: KeyEvent { action=ACTION_UP, keyCode=KEYCODE_BACK, scanCode=0, metaState=0, flags=0x0, repeatCount=0, eventTime=646396595, downTime=646396595, deviceId=-1, source=0x101 }
08-03 19:33:00.195 22923 22956 I art     : Starting a blocking GC Explicit
08-03 19:33:00.195 23707 23707 D AndroidRuntime: Shutting down VM
08-03 19:33:00.213 22923 22956 I art     : Explicit concurrent mark sweep GC freed 149(7KB) AllocSpace objects, 0(0B) LOS objects, 23% free, 52MB/68MB, paused 281us total 17.116ms
08-03 19:33:00.221 22923 22956 I art     : Starting a blocking GC Explicit
08-03 19:33:00.234 13866 13866 I GoogleInputMethodServic: GoogleInputMethodService.onFinishInput():3138 
08-03 19:33:00.235 13866 13866 I GoogleInputMethodServic: GoogleInputMethodService.onStartInput():1808 
08-03 19:33:00.237 22923 22956 I art     : Explicit concurrent mark sweep GC freed 4(128B) AllocSpace objects, 0(0B) LOS objects, 23% free, 52MB/68MB, paused 293us total 15.808ms
08-03 19:33:00.245 22923 22956 I art     : Starting a blocking GC Explicit
08-03 19:33:00.262 22923 22956 I art     : Explicit concurrent mark sweep GC freed 30(1120B) AllocSpace objects, 0(0B) LOS objects, 23% free, 52MB/68MB, paused 292us total 17.392ms
08-03 19:33:00.528 22923 22956 I art     : Starting a blocking GC Explicit
08-03 19:33:00.531   380   380 W SurfaceFlinger: couldn't log to binary event log: overflow.
08-03 19:33:00.552 22923 22956 I art     : Explicit concurrent mark sweep GC freed 1456(87KB) AllocSpace objects, 1(20KB) LOS objects, 23% free, 52MB/68MB, paused 317us total 23.126ms
08-03 19:33:00.560 22923 22956 I art     : Starting a blocking GC Explicit
08-03 19:33:00.577 22923 22956 I art     : Explicit concurrent mark sweep GC freed 1673(107KB) AllocSpace objects, 3(400KB) LOS objects, 23% free, 51MB/67MB, paused 297us total 16.680ms
08-03 19:33:00.584 22923 22956 I art     : Starting a blocking GC Explicit
08-03 19:33:00.600 22923 22956 I art     : Explicit concurrent mark sweep GC freed 3(96B) AllocSpace objects, 0(0B) LOS objects, 23% free, 51MB/67MB, paused 298us total 15.864ms
08-03 19:33:00.607 22923 22956 I art     : Starting a blocking GC Explicit
08-03 19:33:00.623 22923 22956 I art     : Explicit concurrent mark sweep GC freed 3(96B) AllocSpace objects, 0(0B) LOS objects, 23% free, 51MB/67MB, paused 292us total 15.863ms
08-03 19:33:00.631 22923 22956 I art     : Starting a blocking GC Explicit
08-03 19:33:00.647 22923 22956 I art     : Explicit concurrent mark sweep GC freed 3(96B) AllocSpace objects, 0(0B) LOS objects, 23% free, 51MB/67MB, paused 307us total 15.893ms
08-03 19:33:00.912 22923 23189 I art     : Starting a blocking GC Explicit
08-03 19:33:00.929 22923 23189 I art     : Explicit concurrent mark sweep GC freed 1341(78KB) AllocSpace objects, 1(20KB) LOS objects, 23% free, 51MB/67MB, paused 332us total 16.938ms
08-03 19:33:00.937 22923 23189 I art     : Starting a blocking GC Explicit
08-03 19:33:00.953 22923 23189 I art     : Explicit concurrent mark sweep GC freed 20(704B) AllocSpace objects, 0(0B) LOS objects, 23% free, 51MB/67MB, paused 291us total 16.292ms
08-03 19:33:00.961 22923 23189 I art     : Starting a blocking GC Explicit
08-03 19:33:00.978 22923 23189 I art     : Explicit concurrent mark sweep GC freed 3(96B) AllocSpace objects, 0(0B) LOS objects, 23% free, 51MB/67MB, paused 305us total 17.216ms
08-03 19:33:00.986 22923 23189 I art     : Starting a blocking GC Explicit
08-03 19:33:01.003 22923 23189 I art     : Explicit concurrent mark sweep GC freed 3(96B) AllocSpace objects, 0(0B) LOS objects, 23% free, 51MB/67MB, paused 306us total 16.818ms
08-03 19:33:01.011 22923 23189 I art     : Starting a blocking GC Explicit
08-03 19:33:01.029 22923 23189 I art     : Explicit concurrent mark sweep GC freed 3(96B) AllocSpace objects, 0(0B) LOS objects, 23% free, 51MB/67MB, paused 293us total 17.188ms
08-03 19:33:01.317 22923 22936 I art     : Starting a blocking GC Explicit
08-03 19:33:01.342 22923 22936 I art     : Explicit concurrent mark sweep GC freed 1340(78KB) AllocSpace objects, 1(20KB) LOS objects, 23% free, 51MB/67MB, paused 343us total 25.048ms
08-03 19:33:01.354 22923 22936 I art     : Starting a blocking GC Explicit
08-03 19:33:01.373 22923 22936 I art     : Explicit concurrent mark sweep GC freed 20(704B) AllocSpace objects, 0(0B) LOS objects, 23% free, 51MB/67MB, paused 329us total 18.325ms
08-03 19:33:01.381 22923 22936 I art     : Starting a blocking GC Explicit
08-03 19:33:01.400 22923 22936 I art     : Explicit concurrent mark sweep GC freed 3(96B) AllocSpace objects, 0(0B) LOS objects, 23% free, 51MB/67MB, paused 316us total 18.409ms
08-03 19:33:01.408 22923 22936 I art     : Starting a blocking GC Explicit
08-03 19:33:01.426 22923 22936 I art     : Explicit concurrent mark sweep GC freed 3(96B) AllocSpace objects, 0(0B) LOS objects, 23% free, 51MB/67MB, paused 302us total 17.797ms
08-03 19:33:01.435 22923 22936 I art     : Starting a blocking GC Explicit
08-03 19:33:01.452 22923 22936 I art     : Explicit concurrent mark sweep GC freed 3(96B) AllocSpace objects, 0(0B) LOS objects, 23% free, 51MB/67MB, paused 335us total 16.885ms
08-03 19:33:01.703 22923 22934 I art     : Starting a blocking GC Explicit
08-03 19:33:01.722 22923 22934 I art     : Explicit concurrent mark sweep GC freed 1340(78KB) AllocSpace objects, 1(20KB) LOS objects, 23% free, 51MB/67MB, paused 301us total 18.767ms
08-03 19:33:01.730 22923 22934 I art     : Starting a blocking GC Explicit
08-03 19:33:01.748 22923 22934 I art     : Explicit concurrent mark sweep GC freed 20(704B) AllocSpace objects, 0(0B) LOS objects, 23% free, 51MB/67MB, paused 323us total 17.983ms
08-03 19:33:01.757 22923 22934 I art     : Starting a blocking GC Explicit
08-03 19:33:01.774 22923 22934 I art     : Explicit concurrent mark sweep GC freed 3(96B) AllocSpace objects, 0(0B) LOS objects, 23% free, 51MB/67MB, paused 324us total 17.516ms
08-03 19:33:01.783 22923 22934 I art     : Starting a blocking GC Explicit
08-03 19:33:01.800 22923 22934 I art     : Explicit concurrent mark sweep GC freed 3(96B) AllocSpace objects, 0(0B) LOS objects, 23% free, 51MB/67MB, paused 322us total 17.150ms
08-03 19:33:01.808 22923 22934 I art     : Starting a blocking GC Explicit
08-03 19:33:01.826 22923 22934 I art     : Explicit concurrent mark sweep GC freed 3(96B) AllocSpace objects, 0(0B) LOS objects, 23% free, 51MB/67MB, paused 303us total 17.130ms
08-03 19:33:01.852 23761 23761 D AndroidRuntime: >>>>>> START com.android.internal.os.RuntimeInit uid 2000 <<<<<<
08-03 19:33:01.857 23761 23761 D AndroidRuntime: CheckJNI is OFF
08-03 19:33:01.890 23761 23761 D ICU     : No timezone override file found: /data/misc/zoneinfo/current/icu/icu_tzdata.dat
08-03 19:33:01.923 23761 23761 I Radio-JNI: register_android_hardware_Radio DONE
08-03 19:33:01.946 23761 23761 D AndroidRuntime: Calling main entry com.android.commands.input.Input
08-03 19:33:01.948 23761 23761 I Input   : injectMotionEvent: MotionEvent { action=ACTION_DOWN, actionButton=0, id[0]=0, x[0]=733.0, y[0]=1370.0, toolType[0]=TOOL_TYPE_UNKNOWN, buttonState=0, metaState=0, flags=0x0, edgeFlags=0x0, pointerCount=1, historySize=0, eventTime=646398360, downTime=646398360, deviceId=0, source=0x1002 }
08-03 19:33:01.953 23761 23761 I Input   : injectMotionEvent: MotionEvent { action=ACTION_UP, actionButton=0, id[0]=0, x[0]=733.0, y[0]=1370.0, toolType[0]=TOOL_TYPE_UNKNOWN, buttonState=0, metaState=0, flags=0x0, edgeFlags=0x0, pointerCount=1, historySize=0, eventTime=646398360, downTime=646398360, deviceId=0, source=0x1002 }
08-03 19:33:01.955   918   928 I ActivityManager: START u0 {cmp=baseline.appteam.nith.hillffair/.activities.ClubActivity (has extras)} from uid 10624 on display 0
08-03 19:33:01.961 23761 23761 D AndroidRuntime: Shutting down VM
08-03 19:33:01.998 22816 22816 I Atfwd_Sendcmd: AtCmdFwd service not ready - Exhausted retry attempts - :6
08-03 19:33:01.998 22816 22816 I Atfwd_Daemon: result : -1 	 ,Init step :2 	 ,qmiErrorCode: 0
08-03 19:33:02.059   918   936 I ActivityManager: Displayed baseline.appteam.nith.hillffair/.activities.ClubActivity: +97ms
08-03 19:33:02.059 13866 13866 I GoogleInputMethodServic: GoogleInputMethodService.onFinishInput():3138 
08-03 19:33:02.060 13866 13866 I GoogleInputMethodServic: GoogleInputMethodService.onStartInput():1808 
08-03 19:33:02.074 22923 23189 I art     : Starting a blocking GC Explicit
08-03 19:33:02.096 22923 23189 I art     : Explicit concurrent mark sweep GC freed 4974(290KB) AllocSpace objects, 1(20KB) LOS objects, 23% free, 52MB/68MB, paused 365us total 21.051ms
08-03 19:33:02.105 22923 23189 I art     : Starting a blocking GC Explicit
08-03 19:33:02.121 22923 23189 I art     : Explicit concurrent mark sweep GC freed 213(9KB) AllocSpace objects, 0(0B) LOS objects, 23% free, 52MB/68MB, paused 327us total 16.007ms
08-03 19:33:02.128 22923 23189 I art     : Starting a blocking GC Explicit
08-03 19:33:02.145 22923 23189 I art     : Explicit concurrent mark sweep GC freed 3(96B) AllocSpace objects, 0(0B) LOS objects, 23% free, 52MB/68MB, paused 344us total 16.083ms
08-03 19:33:02.153 22923 23189 I art     : Starting a blocking GC Explicit
08-03 19:33:02.169 22923 23189 I art     : Explicit concurrent mark sweep GC freed 3(96B) AllocSpace objects, 0(0B) LOS objects, 23% free, 52MB/68MB, paused 372us total 16.400ms
08-03 19:33:02.177 22923 23189 I art     : Starting a blocking GC Explicit
08-03 19:33:02.193 22923 23189 I art     : Explicit concurrent mark sweep GC freed 3(96B) AllocSpace objects, 0(0B) LOS objects, 23% free, 52MB/68MB, paused 323us total 16.336ms
08-03 19:33:02.316   380   380 W SurfaceFlinger: couldn't log to binary event log: overflow.
08-03 19:33:02.444 22923 22936 I art     : Starting a blocking GC Explicit
08-03 19:33:02.463 22923 22936 I art     : Explicit concurrent mark sweep GC freed 1551(88KB) AllocSpace objects, 1(20KB) LOS objects, 23% free, 52MB/68MB, paused 453us total 18.977ms
08-03 19:33:02.471 22923 22936 I art     : Starting a blocking GC Explicit
08-03 19:33:02.489 22923 22936 I art     : Explicit concurrent mark sweep GC freed 942(68KB) AllocSpace objects, 2(120KB) LOS objects, 23% free, 52MB/68MB, paused 467us total 18.006ms
08-03 19:33:02.497 22923 22936 I art     : Starting a blocking GC Explicit
08-03 19:33:02.506 22923 23790 D OkHttp  : --> GET https://api-hillfair-2k16.herokuapp.com/api/app/events/special/event?id=580655cddcba0f490c70fdd0 http/1.1
08-03 19:33:02.514 22923 22936 I art     : Explicit concurrent mark sweep GC freed 2296(147KB) AllocSpace objects, 1(80KB) LOS objects, 23% free, 52MB/68MB, paused 371us total 17.248ms
08-03 19:33:02.522 22923 22936 I art     : Starting a blocking GC Explicit
08-03 19:33:02.539 22923 22936 I art     : Explicit concurrent mark sweep GC freed 280(33KB) AllocSpace objects, 0(0B) LOS objects, 23% free, 52MB/68MB, paused 375us total 17.035ms
08-03 19:33:02.546 22923 22936 I art     : Starting a blocking GC Explicit
08-03 19:33:02.548 22923 23790 D OkHttp  : <-- 200 OK https://api-hillfair-2k16.herokuapp.com/api/app/events/special/event?id=580655cddcba0f490c70fdd0 (41ms, 721-byte body)
08-03 19:33:02.564 22923 22936 I art     : Explicit concurrent mark sweep GC freed 175(35KB) AllocSpace objects, 0(0B) LOS objects, 23% free, 52MB/68MB, paused 356us total 17.283ms
08-03 19:33:02.601 22923 22923 I NAPPA_EXPERIMENTATION: MetricNetworkRequestExecutionTime: REQUEST_DURATION_SYSTEM='608',REQUEST_DURATION_OKHTTP='42',REQUEST_SYNCHRONOUS='FALSE',RESPONSE_CODE='200',RESPONSE_METHOD='GET',RESPONSE_LENGTH_OKHTTP='721',RESPONSE_LENGTH_HEADER='721',REQUEST_PROTOCOL='http/1.1',REQUEST_URL='https://api-hillfair-2k16.herokuapp.com/api/app/events/special/event?id=580655cddcba0f490c70fdd0',
08-03 19:33:02.840 22923 22936 I art     : Starting a blocking GC Explicit
08-03 19:33:02.860 22923 22936 I art     : Explicit concurrent mark sweep GC freed 2024(169KB) AllocSpace objects, 1(20KB) LOS objects, 23% free, 52MB/68MB, paused 334us total 19.190ms
08-03 19:33:02.868 22923 22936 I art     : Starting a blocking GC Explicit
08-03 19:33:02.887 22923 22936 I art     : Explicit concurrent mark sweep GC freed 68(2240B) AllocSpace objects, 0(0B) LOS objects, 23% free, 52MB/68MB, paused 350us total 18.727ms
08-03 19:33:02.896 22923 22936 I art     : Starting a blocking GC Explicit
08-03 19:33:02.914 22923 22936 I art     : Explicit concurrent mark sweep GC freed 3(96B) AllocSpace objects, 0(0B) LOS objects, 23% free, 52MB/68MB, paused 342us total 18.558ms
08-03 19:33:02.923 22923 22936 I art     : Starting a blocking GC Explicit
08-03 19:33:02.941 22923 22936 I art     : Explicit concurrent mark sweep GC freed 3(96B) AllocSpace objects, 0(0B) LOS objects, 23% free, 52MB/68MB, paused 330us total 18.208ms
08-03 19:33:02.949 22923 22936 I art     : Starting a blocking GC Explicit
08-03 19:33:02.969 22923 22936 I art     : Explicit concurrent mark sweep GC freed 3(96B) AllocSpace objects, 0(0B) LOS objects, 23% free, 52MB/68MB, paused 376us total 19.072ms
08-03 19:33:03.254 22923 22956 I art     : Starting a blocking GC Explicit
08-03 19:33:03.278 22923 22956 I art     : Explicit concurrent mark sweep GC freed 1341(78KB) AllocSpace objects, 1(20KB) LOS objects, 23% free, 52MB/68MB, paused 358us total 24.208ms
08-03 19:33:03.289 22923 22956 I art     : Starting a blocking GC Explicit
08-03 19:33:03.309 22923 22956 I art     : Explicit concurrent mark sweep GC freed 36(1264B) AllocSpace objects, 0(0B) LOS objects, 23% free, 52MB/68MB, paused 324us total 19.156ms
08-03 19:33:03.317 22923 22956 I art     : Starting a blocking GC Explicit
08-03 19:33:03.336 22923 22956 I art     : Explicit concurrent mark sweep GC freed 3(96B) AllocSpace objects, 0(0B) LOS objects, 23% free, 52MB/68MB, paused 321us total 19.171ms
08-03 19:33:03.345 22923 22956 I art     : Starting a blocking GC Explicit
08-03 19:33:03.364 22923 22956 I art     : Explicit concurrent mark sweep GC freed 3(96B) AllocSpace objects, 0(0B) LOS objects, 23% free, 52MB/68MB, paused 334us total 19.159ms
08-03 19:33:03.373 22923 22956 I art     : Starting a blocking GC Explicit
08-03 19:33:03.392 22923 22956 I art     : Explicit concurrent mark sweep GC freed 3(96B) AllocSpace objects, 0(0B) LOS objects, 23% free, 52MB/68MB, paused 321us total 19.249ms
08-03 19:33:03.676 22923 22936 I art     : Starting a blocking GC Explicit
08-03 19:33:03.699 22923 22936 I art     : Explicit concurrent mark sweep GC freed 1341(78KB) AllocSpace objects, 1(20KB) LOS objects, 23% free, 52MB/68MB, paused 405us total 22.448ms
08-03 19:33:03.710 22923 22936 I art     : Starting a blocking GC Explicit
08-03 19:33:03.730 22923 22936 I art     : Explicit concurrent mark sweep GC freed 20(704B) AllocSpace objects, 0(0B) LOS objects, 23% free, 52MB/68MB, paused 341us total 19.407ms
08-03 19:33:03.739 22923 22936 I art     : Starting a blocking GC Explicit
08-03 19:33:03.758 22923 22936 I art     : Explicit concurrent mark sweep GC freed 3(96B) AllocSpace objects, 0(0B) LOS objects, 23% free, 52MB/68MB, paused 315us total 19.191ms
08-03 19:33:03.766 22923 22936 I art     : Starting a blocking GC Explicit
08-03 19:33:03.786 22923 22936 I art     : Explicit concurrent mark sweep GC freed 3(96B) AllocSpace objects, 0(0B) LOS objects, 23% free, 52MB/68MB, paused 337us total 19.359ms
08-03 19:33:03.795 22923 22936 I art     : Starting a blocking GC Explicit
08-03 19:33:03.814 22923 22936 I art     : Explicit concurrent mark sweep GC freed 3(96B) AllocSpace objects, 0(0B) LOS objects, 23% free, 52MB/68MB, paused 359us total 18.716ms
08-03 19:33:04.095 22923 22934 I art     : Starting a blocking GC Explicit
08-03 19:33:04.115 22923 22934 I art     : Explicit concurrent mark sweep GC freed 1341(78KB) AllocSpace objects, 1(20KB) LOS objects, 23% free, 52MB/68MB, paused 336us total 20.040ms
08-03 19:33:04.125 22923 22934 I art     : Starting a blocking GC Explicit
08-03 19:33:04.149 22923 22934 I art     : Explicit concurrent mark sweep GC freed 20(704B) AllocSpace objects, 0(0B) LOS objects, 23% free, 52MB/68MB, paused 352us total 23.001ms
08-03 19:33:04.160 22923 22934 I art     : Starting a blocking GC Explicit
08-03 19:33:04.180 22923 22934 I art     : Explicit concurrent mark sweep GC freed 3(96B) AllocSpace objects, 0(0B) LOS objects, 23% free, 52MB/68MB, paused 382us total 19.524ms
08-03 19:33:04.189 22923 22934 I art     : Starting a blocking GC Explicit
08-03 19:33:04.208 22923 22934 I art     : Explicit concurrent mark sweep GC freed 3(96B) AllocSpace objects, 0(0B) LOS objects, 23% free, 52MB/68MB, paused 329us total 19.278ms
08-03 19:33:04.216 22923 22934 I art     : Starting a blocking GC Explicit
08-03 19:33:04.236 22923 22934 I art     : Explicit concurrent mark sweep GC freed 3(96B) AllocSpace objects, 0(0B) LOS objects, 23% free, 52MB/68MB, paused 308us total 19.023ms
08-03 19:33:04.560 22923 23189 I art     : Starting a blocking GC Explicit
08-03 19:33:04.587 22923 23189 I art     : Explicit concurrent mark sweep GC freed 1341(78KB) AllocSpace objects, 1(20KB) LOS objects, 23% free, 52MB/68MB, paused 408us total 26.457ms
08-03 19:33:04.600 22923 23189 I art     : Starting a blocking GC Explicit
08-03 19:33:04.620 22923 23189 I art     : Explicit concurrent mark sweep GC freed 20(704B) AllocSpace objects, 0(0B) LOS objects, 23% free, 52MB/68MB, paused 334us total 19.715ms
08-03 19:33:04.629 22923 23189 I art     : Starting a blocking GC Explicit
08-03 19:33:04.648 22923 23189 I art     : Explicit concurrent mark sweep GC freed 3(96B) AllocSpace objects, 0(0B) LOS objects, 23% free, 52MB/68MB, paused 336us total 19.021ms
08-03 19:33:04.656 22923 23189 I art     : Starting a blocking GC Explicit
08-03 19:33:04.675 22923 23189 I art     : Explicit concurrent mark sweep GC freed 3(96B) AllocSpace objects, 0(0B) LOS objects, 23% free, 52MB/68MB, paused 322us total 18.865ms
08-03 19:33:04.684 22923 23189 I art     : Starting a blocking GC Explicit
08-03 19:33:04.703 22923 23189 I art     : Explicit concurrent mark sweep GC freed 3(96B) AllocSpace objects, 0(0B) LOS objects, 23% free, 52MB/68MB, paused 328us total 19.119ms
08-03 19:33:05.040 22923 22956 I art     : Starting a blocking GC Explicit
08-03 19:33:05.065 22923 22956 I art     : Explicit concurrent mark sweep GC freed 1341(78KB) AllocSpace objects, 1(20KB) LOS objects, 23% free, 52MB/68MB, paused 374us total 23.886ms
08-03 19:33:05.076 22923 22956 I art     : Starting a blocking GC Explicit
08-03 19:33:05.098 22923 22956 I art     : Explicit concurrent mark sweep GC freed 20(704B) AllocSpace objects, 0(0B) LOS objects, 23% free, 52MB/68MB, paused 334us total 21.277ms
08-03 19:33:05.106 22923 22956 I art     : Starting a blocking GC Explicit
08-03 19:33:05.125 22923 22956 I art     : Explicit concurrent mark sweep GC freed 3(96B) AllocSpace objects, 0(0B) LOS objects, 23% free, 52MB/68MB, paused 331us total 18.952ms
08-03 19:33:05.134 22923 22956 I art     : Starting a blocking GC Explicit
08-03 19:33:05.153 22923 22956 I art     : Explicit concurrent mark sweep GC freed 3(96B) AllocSpace objects, 0(0B) LOS objects, 23% free, 52MB/68MB, paused 331us total 18.840ms
08-03 19:33:05.161 22923 22956 I art     : Starting a blocking GC Explicit
08-03 19:33:05.180 22923 22956 I art     : Explicit concurrent mark sweep GC freed 3(96B) AllocSpace objects, 0(0B) LOS objects, 23% free, 52MB/68MB, paused 330us total 18.925ms
08-03 19:33:05.489 22923 22936 I art     : Starting a blocking GC Explicit
08-03 19:33:05.513 22923 22936 I art     : Explicit concurrent mark sweep GC freed 1341(78KB) AllocSpace objects, 1(20KB) LOS objects, 23% free, 52MB/68MB, paused 349us total 24.084ms
08-03 19:33:05.525 22923 22936 I art     : Starting a blocking GC Explicit
08-03 19:33:05.548 22923 22936 I art     : Explicit concurrent mark sweep GC freed 20(704B) AllocSpace objects, 0(0B) LOS objects, 23% free, 52MB/68MB, paused 366us total 23.199ms
08-03 19:33:05.559 22923 22936 I art     : Starting a blocking GC Explicit
08-03 19:33:05.579 22923 22936 I art     : Explicit concurrent mark sweep GC freed 3(96B) AllocSpace objects, 0(0B) LOS objects, 23% free, 52MB/68MB, paused 342us total 19.753ms
08-03 19:33:05.587 22923 22936 I art     : Starting a blocking GC Explicit
08-03 19:33:05.607 22923 22936 I art     : Explicit concurrent mark sweep GC freed 3(96B) AllocSpace objects, 0(0B) LOS objects, 23% free, 52MB/68MB, paused 370us total 19.285ms
08-03 19:33:05.615 22923 22936 I art     : Starting a blocking GC Explicit
08-03 19:33:05.635 22923 22936 I art     : Explicit concurrent mark sweep GC freed 3(96B) AllocSpace objects, 0(0B) LOS objects, 23% free, 52MB/68MB, paused 337us total 19.520ms
08-03 19:33:05.955 22923 22934 I art     : Starting a blocking GC Explicit
08-03 19:33:05.983 22923 22934 I art     : Explicit concurrent mark sweep GC freed 1341(78KB) AllocSpace objects, 1(20KB) LOS objects, 23% free, 52MB/68MB, paused 339us total 28.118ms
08-03 19:33:05.995 22923 22934 I art     : Starting a blocking GC Explicit
08-03 19:33:06.014 22923 22934 I art     : Explicit concurrent mark sweep GC freed 20(704B) AllocSpace objects, 0(0B) LOS objects, 23% free, 52MB/68MB, paused 312us total 18.698ms
08-03 19:33:06.022 22923 22934 I art     : Starting a blocking GC Explicit
08-03 19:33:06.040 22923 22934 I art     : Explicit concurrent mark sweep GC freed 3(96B) AllocSpace objects, 0(0B) LOS objects, 23% free, 52MB/68MB, paused 340us total 18.115ms
08-03 19:33:06.049 22923 22934 I art     : Starting a blocking GC Explicit
08-03 19:33:06.067 22923 22934 I art     : Explicit concurrent mark sweep GC freed 3(96B) AllocSpace objects, 0(0B) LOS objects, 23% free, 52MB/68MB, paused 391us total 18.017ms
08-03 19:33:06.075 22923 22934 I art     : Starting a blocking GC Explicit
08-03 19:33:06.093 22923 22934 I art     : Explicit concurrent mark sweep GC freed 3(96B) AllocSpace objects, 0(0B) LOS objects, 23% free, 52MB/68MB, paused 338us total 18.394ms
08-03 19:33:06.357 22923 23189 I art     : Starting a blocking GC Explicit
08-03 19:33:06.377 22923 23189 I art     : Explicit concurrent mark sweep GC freed 1341(78KB) AllocSpace objects, 1(20KB) LOS objects, 23% free, 52MB/68MB, paused 362us total 19.309ms
08-03 19:33:06.385 22923 23189 I art     : Starting a blocking GC Explicit
08-03 19:33:06.404 22923 23189 I art     : Explicit concurrent mark sweep GC freed 20(704B) AllocSpace objects, 0(0B) LOS objects, 23% free, 52MB/68MB, paused 334us total 18.563ms
08-03 19:33:06.412 22923 23189 I art     : Starting a blocking GC Explicit
08-03 19:33:06.431 22923 23189 I art     : Explicit concurrent mark sweep GC freed 3(96B) AllocSpace objects, 0(0B) LOS objects, 23% free, 52MB/68MB, paused 337us total 18.497ms
08-03 19:33:06.439 22923 23189 I art     : Starting a blocking GC Explicit
08-03 19:33:06.457 22923 23189 I art     : Explicit concurrent mark sweep GC freed 3(96B) AllocSpace objects, 0(0B) LOS objects, 23% free, 52MB/68MB, paused 344us total 18.024ms
08-03 19:33:06.465 22923 23189 I art     : Starting a blocking GC Explicit
08-03 19:33:06.484 22923 23189 I art     : Explicit concurrent mark sweep GC freed 3(96B) AllocSpace objects, 0(0B) LOS objects, 23% free, 52MB/68MB, paused 344us total 18.173ms
08-03 19:33:06.651 23886 23886 D AndroidRuntime: >>>>>> START com.android.internal.os.RuntimeInit uid 2000 <<<<<<
08-03 19:33:06.657 23886 23886 D AndroidRuntime: CheckJNI is OFF
08-03 19:33:06.689 23886 23886 D ICU     : No timezone override file found: /data/misc/zoneinfo/current/icu/icu_tzdata.dat
08-03 19:33:06.722 23886 23886 I Radio-JNI: register_android_hardware_Radio DONE
08-03 19:33:06.744 23886 23886 D AndroidRuntime: Calling main entry com.android.commands.input.Input
08-03 19:33:06.746 23886 23886 I Input   : injectKeyEvent: KeyEvent { action=ACTION_DOWN, keyCode=KEYCODE_BACK, scanCode=0, metaState=0, flags=0x0, repeatCount=0, eventTime=646403159, downTime=646403159, deviceId=-1, source=0x101 }
08-03 19:33:06.751 23886 23886 I Input   : injectKeyEvent: KeyEvent { action=ACTION_UP, keyCode=KEYCODE_BACK, scanCode=0, metaState=0, flags=0x0, repeatCount=0, eventTime=646403159, downTime=646403159, deviceId=-1, source=0x101 }
08-03 19:33:06.756 23886 23886 D AndroidRuntime: Shutting down VM
08-03 19:33:06.770 22923 23189 I art     : Starting a blocking GC Explicit
08-03 19:33:06.789 22923 23189 I art     : Explicit concurrent mark sweep GC freed 1482(84KB) AllocSpace objects, 1(20KB) LOS objects, 23% free, 52MB/68MB, paused 323us total 18.015ms
08-03 19:33:06.798 22923 23189 I art     : Starting a blocking GC Explicit
08-03 19:33:06.798 13866 13866 I GoogleInputMethodServic: GoogleInputMethodService.onFinishInput():3138 
08-03 19:33:06.799 13866 13866 I GoogleInputMethodServic: GoogleInputMethodService.onStartInput():1808 
08-03 19:33:06.816 22923 23189 I art     : Explicit concurrent mark sweep GC freed 46(1712B) AllocSpace objects, 0(0B) LOS objects, 23% free, 52MB/68MB, paused 339us total 17.467ms
08-03 19:33:06.825 22923 23189 I art     : Starting a blocking GC Explicit
08-03 19:33:06.844 22923 23189 I art     : Explicit concurrent mark sweep GC freed 11(384B) AllocSpace objects, 0(0B) LOS objects, 23% free, 52MB/68MB, paused 337us total 18.904ms
08-03 19:33:06.852 22923 23189 I art     : Starting a blocking GC Explicit
08-03 19:33:06.869 22923 23189 I art     : Explicit concurrent mark sweep GC freed 4(144B) AllocSpace objects, 0(0B) LOS objects, 23% free, 52MB/68MB, paused 293us total 17.025ms
08-03 19:33:06.877 22923 23189 I art     : Starting a blocking GC Explicit
08-03 19:33:06.893 22923 23189 I art     : Explicit concurrent mark sweep GC freed 3(96B) AllocSpace objects, 0(0B) LOS objects, 23% free, 52MB/68MB, paused 297us total 16.016ms
08-03 19:33:06.999 22816 22816 I ServiceManager: Waiting for service AtCmdFwd...
08-03 19:33:07.103   380   380 W SurfaceFlinger: couldn't log to binary event log: overflow.
08-03 19:33:07.153 22923 22956 I art     : Starting a blocking GC Explicit
08-03 19:33:07.173 22923 22956 I art     : Explicit concurrent mark sweep GC freed 1450(87KB) AllocSpace objects, 1(20KB) LOS objects, 23% free, 52MB/68MB, paused 326us total 19.281ms
08-03 19:33:07.181 22923 22956 I art     : Starting a blocking GC Explicit
08-03 19:33:07.200 22923 22956 I art     : Explicit concurrent mark sweep GC freed 1672(106KB) AllocSpace objects, 3(400KB) LOS objects, 23% free, 51MB/67MB, paused 348us total 18.404ms
08-03 19:33:07.208 22923 22956 I art     : Starting a blocking GC Explicit
08-03 19:33:07.226 22923 22956 I art     : Explicit concurrent mark sweep GC freed 3(96B) AllocSpace objects, 0(0B) LOS objects, 23% free, 51MB/67MB, paused 333us total 17.629ms
08-03 19:33:07.234 22923 22956 I art     : Starting a blocking GC Explicit
08-03 19:33:07.251 22923 22956 I art     : Explicit concurrent mark sweep GC freed 3(96B) AllocSpace objects, 0(0B) LOS objects, 23% free, 51MB/67MB, paused 317us total 16.698ms
08-03 19:33:07.259 22923 22956 I art     : Starting a blocking GC Explicit
08-03 19:33:07.276 22923 22956 I art     : Explicit concurrent mark sweep GC freed 3(96B) AllocSpace objects, 0(0B) LOS objects, 23% free, 51MB/67MB, paused 313us total 16.904ms
08-03 19:33:07.559 22923 22934 I art     : Starting a blocking GC Explicit
08-03 19:33:07.583 22923 22934 I art     : Explicit concurrent mark sweep GC freed 1341(78KB) AllocSpace objects, 1(20KB) LOS objects, 23% free, 51MB/67MB, paused 420us total 23.472ms
08-03 19:33:07.594 22923 22934 I art     : Starting a blocking GC Explicit
08-03 19:33:07.613 22923 22934 I art     : Explicit concurrent mark sweep GC freed 20(704B) AllocSpace objects, 0(0B) LOS objects, 23% free, 51MB/67MB, paused 329us total 19.049ms
08-03 19:33:07.622 22923 22934 I art     : Starting a blocking GC Explicit
08-03 19:33:07.641 22923 22934 I art     : Explicit concurrent mark sweep GC freed 3(96B) AllocSpace objects, 0(0B) LOS objects, 23% free, 51MB/67MB, paused 332us total 18.843ms
08-03 19:33:07.649 22923 22934 I art     : Starting a blocking GC Explicit
08-03 19:33:07.668 22923 22934 I art     : Explicit concurrent mark sweep GC freed 3(96B) AllocSpace objects, 0(0B) LOS objects, 23% free, 51MB/67MB, paused 323us total 18.327ms
08-03 19:33:07.676 22923 22934 I art     : Starting a blocking GC Explicit
08-03 19:33:07.695 22923 22934 I art     : Explicit concurrent mark sweep GC freed 3(96B) AllocSpace objects, 0(0B) LOS objects, 23% free, 51MB/67MB, paused 331us total 18.658ms
08-03 19:33:07.981 22923 22936 I art     : Starting a blocking GC Explicit
08-03 19:33:08.000 22816 22816 I ServiceManager: Waiting for service AtCmdFwd...
08-03 19:33:08.007 22923 22936 I art     : Explicit concurrent mark sweep GC freed 1340(78KB) AllocSpace objects, 1(20KB) LOS objects, 23% free, 51MB/67MB, paused 416us total 25.520ms
08-03 19:33:08.020 22923 22936 I art     : Starting a blocking GC Explicit
08-03 19:33:08.037 22923 22936 I art     : Explicit concurrent mark sweep GC freed 20(704B) AllocSpace objects, 0(0B) LOS objects, 23% free, 51MB/67MB, paused 335us total 17.051ms
08-03 19:33:08.045 22923 22936 I art     : Starting a blocking GC Explicit
08-03 19:33:08.063 22923 22936 I art     : Explicit concurrent mark sweep GC freed 3(96B) AllocSpace objects, 0(0B) LOS objects, 23% free, 51MB/67MB, paused 336us total 17.404ms
08-03 19:33:08.071 22923 22936 I art     : Starting a blocking GC Explicit
08-03 19:33:08.089 22923 22936 I art     : Explicit concurrent mark sweep GC freed 3(96B) AllocSpace objects, 0(0B) LOS objects, 23% free, 51MB/67MB, paused 341us total 17.339ms
08-03 19:33:08.097 22923 22936 I art     : Starting a blocking GC Explicit
08-03 19:33:08.115 22923 22936 I art     : Explicit concurrent mark sweep GC freed 3(96B) AllocSpace objects, 0(0B) LOS objects, 23% free, 51MB/67MB, paused 328us total 17.867ms
08-03 19:33:08.381 22923 23189 I art     : Starting a blocking GC Explicit
08-03 19:33:08.404 22923 23189 I art     : Explicit concurrent mark sweep GC freed 1340(78KB) AllocSpace objects, 1(20KB) LOS objects, 23% free, 51MB/67MB, paused 385us total 22.975ms
08-03 19:33:08.417 22923 23189 I art     : Starting a blocking GC Explicit
08-03 19:33:08.418 23952 23952 D AndroidRuntime: >>>>>> START com.android.internal.os.RuntimeInit uid 2000 <<<<<<
08-03 19:33:08.422 23952 23952 D AndroidRuntime: CheckJNI is OFF
08-03 19:33:08.435 22923 23189 I art     : Explicit concurrent mark sweep GC freed 20(704B) AllocSpace objects, 0(0B) LOS objects, 23% free, 51MB/67MB, paused 350us total 17.901ms
08-03 19:33:08.443 22923 23189 I art     : Starting a blocking GC Explicit
08-03 19:33:08.458 23952 23952 D ICU     : No timezone override file found: /data/misc/zoneinfo/current/icu/icu_tzdata.dat
08-03 19:33:08.460 22923 23189 I art     : Explicit concurrent mark sweep GC freed 3(96B) AllocSpace objects, 0(0B) LOS objects, 23% free, 51MB/67MB, paused 367us total 17.418ms
08-03 19:33:08.468 22923 23189 I art     : Starting a blocking GC Explicit
08-03 19:33:08.486 22923 23189 I art     : Explicit concurrent mark sweep GC freed 3(96B) AllocSpace objects, 0(0B) LOS objects, 23% free, 51MB/67MB, paused 331us total 17.897ms
08-03 19:33:08.494 23952 23952 I Radio-JNI: register_android_hardware_Radio DONE
08-03 19:33:08.494 22923 23189 I art     : Starting a blocking GC Explicit
08-03 19:33:08.512 22923 23189 I art     : Explicit concurrent mark sweep GC freed 3(96B) AllocSpace objects, 0(0B) LOS objects, 23% free, 51MB/67MB, paused 311us total 17.245ms
08-03 19:33:08.517 23952 23952 D AndroidRuntime: Calling main entry com.android.commands.input.Input
08-03 19:33:08.519 23952 23952 I Input   : injectMotionEvent: MotionEvent { action=ACTION_DOWN, actionButton=0, id[0]=0, x[0]=733.0, y[0]=1957.0, toolType[0]=TOOL_TYPE_UNKNOWN, buttonState=0, metaState=0, flags=0x0, edgeFlags=0x0, pointerCount=1, historySize=0, eventTime=646404932, downTime=646404932, deviceId=0, source=0x1002 }
08-03 19:33:08.525 23952 23952 I Input   : injectMotionEvent: MotionEvent { action=ACTION_UP, actionButton=0, id[0]=0, x[0]=733.0, y[0]=1957.0, toolType[0]=TOOL_TYPE_UNKNOWN, buttonState=0, metaState=0, flags=0x0, edgeFlags=0x0, pointerCount=1, historySize=0, eventTime=646404932, downTime=646404932, deviceId=0, source=0x1002 }
08-03 19:33:08.526   918  6112 I ActivityManager: START u0 {cmp=baseline.appteam.nith.hillffair/.activities.ClubActivity (has extras)} from uid 10624 on display 0
08-03 19:33:08.533 23952 23952 D AndroidRuntime: Shutting down VM
08-03 19:33:08.638   918   936 I ActivityManager: Displayed baseline.appteam.nith.hillffair/.activities.ClubActivity: +104ms
08-03 19:33:08.638 13866 13866 I GoogleInputMethodServic: GoogleInputMethodService.onFinishInput():3138 
08-03 19:33:08.639 13866 13866 I GoogleInputMethodServic: GoogleInputMethodService.onStartInput():1808 
08-03 19:33:08.754 22923 22956 I art     : Starting a blocking GC Explicit
08-03 19:33:08.779 22923 22956 I art     : Explicit concurrent mark sweep GC freed 5042(296KB) AllocSpace objects, 1(20KB) LOS objects, 23% free, 52MB/68MB, paused 419us total 25.431ms
08-03 19:33:08.791 22923 22956 I art     : Starting a blocking GC Explicit
08-03 19:33:08.817 22923 22956 I art     : Explicit concurrent mark sweep GC freed 209(9KB) AllocSpace objects, 0(0B) LOS objects, 23% free, 52MB/68MB, paused 378us total 25.640ms
08-03 19:33:08.827 22923 22956 I art     : Starting a blocking GC Explicit
08-03 19:33:08.851 22923 22956 I art     : Explicit concurrent mark sweep GC freed 3(96B) AllocSpace objects, 0(0B) LOS objects, 23% free, 52MB/68MB, paused 508us total 23.532ms
08-03 19:33:08.863 22923 22956 I art     : Starting a blocking GC Explicit
08-03 19:33:08.886 22923 22956 I art     : Explicit concurrent mark sweep GC freed 3(96B) AllocSpace objects, 0(0B) LOS objects, 23% free, 52MB/68MB, paused 366us total 22.511ms
08-03 19:33:08.889   380   380 W SurfaceFlinger: couldn't log to binary event log: overflow.
08-03 19:33:08.895 22923 22956 I art     : Starting a blocking GC Explicit
08-03 19:33:08.912 22923 22956 I art     : Explicit concurrent mark sweep GC freed 3(96B) AllocSpace objects, 0(0B) LOS objects, 23% free, 52MB/68MB, paused 353us total 16.921ms
08-03 19:33:09.001 22816 22816 I ServiceManager: Waiting for service AtCmdFwd...
08-03 19:33:09.055 22923 23975 D OkHttp  : --> GET https://api-hillfair-2k16.herokuapp.com/api/app/events/special/event?id=58065620dcba0f490c70fe09 http/1.1
08-03 19:33:09.095 22923 23975 D OkHttp  : <-- 200 OK https://api-hillfair-2k16.herokuapp.com/api/app/events/special/event?id=58065620dcba0f490c70fe09 (40ms, 682-byte body)
08-03 19:33:09.140 22923 22923 I NAPPA_EXPERIMENTATION: MetricNetworkRequestExecutionTime: REQUEST_DURATION_SYSTEM='580',REQUEST_DURATION_OKHTTP='40',REQUEST_SYNCHRONOUS='FALSE',RESPONSE_CODE='200',RESPONSE_METHOD='GET',RESPONSE_LENGTH_OKHTTP='682',RESPONSE_LENGTH_HEADER='682',REQUEST_PROTOCOL='http/1.1',REQUEST_URL='https://api-hillfair-2k16.herokuapp.com/api/app/events/special/event?id=58065620dcba0f490c70fe09',
08-03 19:33:09.184 22923 22934 I art     : Starting a blocking GC Explicit
08-03 19:33:09.208 22923 22934 I art     : Explicit concurrent mark sweep GC freed 4895(343KB) AllocSpace objects, 4(220KB) LOS objects, 23% free, 52MB/68MB, paused 1.186ms total 24.093ms
08-03 19:33:09.217 22923 22934 I art     : Starting a blocking GC Explicit
08-03 19:33:09.237 22923 22934 I art     : Explicit concurrent mark sweep GC freed 1032(119KB) AllocSpace objects, 0(0B) LOS objects, 23% free, 52MB/68MB, paused 339us total 19.500ms
08-03 19:33:09.244 22923 22934 I art     : Starting a blocking GC Explicit
08-03 19:33:09.262 22923 22934 I art     : Explicit concurrent mark sweep GC freed 3(96B) AllocSpace objects, 0(0B) LOS objects, 23% free, 52MB/68MB, paused 340us total 17.699ms
08-03 19:33:09.271 22923 22934 I art     : Starting a blocking GC Explicit
08-03 19:33:09.289 22923 22934 I art     : Explicit concurrent mark sweep GC freed 3(96B) AllocSpace objects, 0(0B) LOS objects, 23% free, 52MB/68MB, paused 456us total 18.608ms
08-03 19:33:09.298 22923 22934 I art     : Starting a blocking GC Explicit
08-03 19:33:09.318 22923 22934 I art     : Explicit concurrent mark sweep GC freed 3(96B) AllocSpace objects, 0(0B) LOS objects, 23% free, 52MB/68MB, paused 368us total 19.469ms
08-03 19:33:09.616 22923 22934 I art     : Starting a blocking GC Explicit
08-03 19:33:09.638 22923 22934 I art     : Explicit concurrent mark sweep GC freed 1341(78KB) AllocSpace objects, 1(20KB) LOS objects, 23% free, 52MB/68MB, paused 377us total 20.948ms
08-03 19:33:09.650 22923 22934 I art     : Starting a blocking GC Explicit
08-03 19:33:09.669 22923 22934 I art     : Explicit concurrent mark sweep GC freed 36(1264B) AllocSpace objects, 0(0B) LOS objects, 23% free, 52MB/68MB, paused 353us total 19.053ms
08-03 19:33:09.677 22923 22934 I art     : Starting a blocking GC Explicit
08-03 19:33:09.696 22923 22934 I art     : Explicit concurrent mark sweep GC freed 3(96B) AllocSpace objects, 0(0B) LOS objects, 23% free, 52MB/68MB, paused 347us total 18.572ms
08-03 19:33:09.705 22923 22934 I art     : Starting a blocking GC Explicit
08-03 19:33:09.724 22923 22934 I art     : Explicit concurrent mark sweep GC freed 3(96B) AllocSpace objects, 0(0B) LOS objects, 23% free, 52MB/68MB, paused 354us total 19.273ms
08-03 19:33:09.732 22923 22934 I art     : Starting a blocking GC Explicit
08-03 19:33:09.752 22923 22934 I art     : Explicit concurrent mark sweep GC freed 3(96B) AllocSpace objects, 0(0B) LOS objects, 23% free, 52MB/68MB, paused 361us total 19.101ms
08-03 19:33:10.001 22816 22816 I ServiceManager: Waiting for service AtCmdFwd...
08-03 19:33:10.044 22923 22936 I art     : Starting a blocking GC Explicit
08-03 19:33:10.073 22923 22936 I art     : Explicit concurrent mark sweep GC freed 1341(78KB) AllocSpace objects, 1(20KB) LOS objects, 23% free, 52MB/68MB, paused 424us total 28.517ms
08-03 19:33:10.086 22923 22936 I art     : Starting a blocking GC Explicit
08-03 19:33:10.109 22923 22936 I art     : Explicit concurrent mark sweep GC freed 20(704B) AllocSpace objects, 0(0B) LOS objects, 23% free, 52MB/68MB, paused 356us total 22.809ms
08-03 19:33:10.118 22923 22936 I art     : Starting a blocking GC Explicit
08-03 19:33:10.139 22923 22936 I art     : Explicit concurrent mark sweep GC freed 3(96B) AllocSpace objects, 0(0B) LOS objects, 23% free, 52MB/68MB, paused 379us total 20.444ms
08-03 19:33:10.148 22923 22936 I art     : Starting a blocking GC Explicit
08-03 19:33:10.167 22923 22936 I art     : Explicit concurrent mark sweep GC freed 3(96B) AllocSpace objects, 0(0B) LOS objects, 23% free, 52MB/68MB, paused 378us total 19.395ms
08-03 19:33:10.176 22923 22936 I art     : Starting a blocking GC Explicit
08-03 19:33:10.194   918  3261 D WifiStateMachine: starting scan for "H369AA63323"WPA_PSK with 2412,5180
08-03 19:33:10.195 22923 22936 I art     : Explicit concurrent mark sweep GC freed 3(96B) AllocSpace objects, 0(0B) LOS objects, 23% free, 52MB/68MB, paused 345us total 19.490ms
08-03 19:33:10.522 22923 22956 I art     : Starting a blocking GC Explicit
08-03 19:33:10.531   518   646 I ThermalEngine: ACTION: GPU - Setting GPU[0] to 450000000
08-03 19:33:10.555 22923 22956 I art     : Explicit concurrent mark sweep GC freed 1341(78KB) AllocSpace objects, 1(20KB) LOS objects, 23% free, 52MB/68MB, paused 478us total 32.907ms
08-03 19:33:10.566 22923 22956 I art     : Starting a blocking GC Explicit
08-03 19:33:10.592 22923 22956 I art     : Explicit concurrent mark sweep GC freed 20(704B) AllocSpace objects, 0(0B) LOS objects, 23% free, 52MB/68MB, paused 498us total 26.173ms
08-03 19:33:10.603 22923 22956 I art     : Starting a blocking GC Explicit
08-03 19:33:10.630 22923 22956 I art     : Explicit concurrent mark sweep GC freed 3(96B) AllocSpace objects, 0(0B) LOS objects, 23% free, 52MB/68MB, paused 476us total 26.512ms
08-03 19:33:10.641 22923 22956 I art     : Starting a blocking GC Explicit
08-03 19:33:10.668 22923 22956 I art     : Explicit concurrent mark sweep GC freed 3(96B) AllocSpace objects, 0(0B) LOS objects, 23% free, 52MB/68MB, paused 503us total 26.567ms
08-03 19:33:10.679 22923 22956 I art     : Starting a blocking GC Explicit
08-03 19:33:10.706 22923 22956 I art     : Explicit concurrent mark sweep GC freed 3(96B) AllocSpace objects, 0(0B) LOS objects, 23% free, 52MB/68MB, paused 492us total 26.090ms
08-03 19:33:10.989 22923 23189 I art     : Starting a blocking GC Explicit
08-03 19:33:11.002 22816 22816 I ServiceManager: Waiting for service AtCmdFwd...
08-03 19:33:11.015 22923 23189 I art     : Explicit concurrent mark sweep GC freed 1341(78KB) AllocSpace objects, 1(20KB) LOS objects, 23% free, 52MB/68MB, paused 502us total 26.160ms
08-03 19:33:11.026 22923 23189 I art     : Starting a blocking GC Explicit
08-03 19:33:11.051 22923 23189 I art     : Explicit concurrent mark sweep GC freed 20(704B) AllocSpace objects, 0(0B) LOS objects, 23% free, 52MB/68MB, paused 500us total 24.807ms
08-03 19:33:11.062 22923 23189 I art     : Starting a blocking GC Explicit
08-03 19:33:11.087 22923 23189 I art     : Explicit concurrent mark sweep GC freed 3(96B) AllocSpace objects, 0(0B) LOS objects, 23% free, 52MB/68MB, paused 534us total 25.330ms
08-03 19:33:11.098 22923 23189 I art     : Starting a blocking GC Explicit
08-03 19:33:11.123 22923 23189 I art     : Explicit concurrent mark sweep GC freed 3(96B) AllocSpace objects, 0(0B) LOS objects, 23% free, 52MB/68MB, paused 486us total 24.557ms
08-03 19:33:11.134 22923 23189 I art     : Starting a blocking GC Explicit
08-03 19:33:11.159 22923 23189 I art     : Explicit concurrent mark sweep GC freed 3(96B) AllocSpace objects, 0(0B) LOS objects, 23% free, 52MB/68MB, paused 545us total 25.092ms
08-03 19:33:11.344 24027 24027 D AndroidRuntime: >>>>>> START com.android.internal.os.RuntimeInit uid 2000 <<<<<<
08-03 19:33:11.351 24027 24027 D AndroidRuntime: CheckJNI is OFF
08-03 19:33:11.392 24027 24027 D ICU     : No timezone override file found: /data/misc/zoneinfo/current/icu/icu_tzdata.dat
08-03 19:33:11.434 24027 24027 I Radio-JNI: register_android_hardware_Radio DONE
08-03 19:33:11.463 24027 24027 D AndroidRuntime: Calling main entry com.android.commands.input.Input
08-03 19:33:11.465 24027 24027 I Input   : injectKeyEvent: KeyEvent { action=ACTION_DOWN, keyCode=KEYCODE_BACK, scanCode=0, metaState=0, flags=0x0, repeatCount=0, eventTime=646407878, downTime=646407878, deviceId=-1, source=0x101 }
08-03 19:33:11.470 24027 24027 I Input   : injectKeyEvent: KeyEvent { action=ACTION_UP, keyCode=KEYCODE_BACK, scanCode=0, metaState=0, flags=0x0, repeatCount=0, eventTime=646407878, downTime=646407878, deviceId=-1, source=0x101 }
08-03 19:33:11.477 24027 24027 D AndroidRuntime: Shutting down VM
08-03 19:33:11.490 22923 23189 I art     : Starting a blocking GC Explicit
08-03 19:33:11.514 22923 23189 I art     : Explicit concurrent mark sweep GC freed 1482(84KB) AllocSpace objects, 1(20KB) LOS objects, 23% free, 52MB/68MB, paused 467us total 24.023ms
08-03 19:33:11.518 13866 13866 I GoogleInputMethodServic: GoogleInputMethodService.onFinishInput():3138 
08-03 19:33:11.519 13866 13866 I GoogleInputMethodServic: GoogleInputMethodService.onStartInput():1808 
08-03 19:33:11.524 22923 23189 I art     : Starting a blocking GC Explicit
08-03 19:33:11.528   518   646 I ThermalEngine: ACTION: GPU - Setting GPU[0] to 510000000
08-03 19:33:11.550 22923 23189 I art     : Explicit concurrent mark sweep GC freed 48(1760B) AllocSpace objects, 0(0B) LOS objects, 23% free, 52MB/68MB, paused 512us total 25.255ms
08-03 19:33:11.561 22923 23189 I art     : Starting a blocking GC Explicit
08-03 19:33:11.583 22923 23189 I art     : Explicit concurrent mark sweep GC freed 10(384B) AllocSpace objects, 0(0B) LOS objects, 23% free, 52MB/68MB, paused 445us total 21.744ms
08-03 19:33:11.592 22923 23189 I art     : Starting a blocking GC Explicit
08-03 19:33:11.610 22923 23189 I art     : Explicit concurrent mark sweep GC freed 3(96B) AllocSpace objects, 0(0B) LOS objects, 23% free, 52MB/68MB, paused 328us total 17.457ms
08-03 19:33:11.618 22923 23189 I art     : Starting a blocking GC Explicit
08-03 19:33:11.637 22923 23189 I art     : Explicit concurrent mark sweep GC freed 3(96B) AllocSpace objects, 0(0B) LOS objects, 23% free, 52MB/68MB, paused 354us total 18.772ms
08-03 19:33:11.824   380   380 W SurfaceFlinger: couldn't log to binary event log: overflow.
08-03 19:33:11.886 22923 22934 I art     : Starting a blocking GC Explicit
08-03 19:33:11.905 22923 22934 I art     : Explicit concurrent mark sweep GC freed 1450(87KB) AllocSpace objects, 1(20KB) LOS objects, 23% free, 52MB/68MB, paused 356us total 19.290ms
08-03 19:33:11.913 22923 22934 I art     : Starting a blocking GC Explicit
08-03 19:33:11.932 22923 22934 I art     : Explicit concurrent mark sweep GC freed 1672(106KB) AllocSpace objects, 3(400KB) LOS objects, 23% free, 51MB/67MB, paused 355us total 18.724ms
08-03 19:33:11.940 22923 22934 I art     : Starting a blocking GC Explicit
08-03 19:33:11.959 22923 22934 I art     : Explicit concurrent mark sweep GC freed 3(96B) AllocSpace objects, 0(0B) LOS objects, 23% free, 51MB/67MB, paused 357us total 18.545ms
08-03 19:33:11.967 22923 22934 I art     : Starting a blocking GC Explicit
08-03 19:33:11.986 22923 22934 I art     : Explicit concurrent mark sweep GC freed 3(96B) AllocSpace objects, 0(0B) LOS objects, 23% free, 51MB/67MB, paused 363us total 18.841ms
08-03 19:33:11.995 22923 22934 I art     : Starting a blocking GC Explicit
08-03 19:33:12.002 22816 22816 W Atfwd_Sendcmd: AtCmdFwd service not published, waiting... retryCnt : 1
08-03 19:33:12.014 22923 22934 I art     : Explicit concurrent mark sweep GC freed 3(96B) AllocSpace objects, 0(0B) LOS objects, 23% free, 51MB/67MB, paused 362us total 18.862ms
08-03 19:33:12.308 22923 22956 I art     : Starting a blocking GC Explicit
08-03 19:33:12.336 22923 22956 I art     : Explicit concurrent mark sweep GC freed 1341(78KB) AllocSpace objects, 1(20KB) LOS objects, 23% free, 51MB/67MB, paused 426us total 27.829ms
08-03 19:33:12.348 22923 22956 I art     : Starting a blocking GC Explicit
08-03 19:33:12.367 22923 22956 I art     : Explicit concurrent mark sweep GC freed 20(704B) AllocSpace objects, 0(0B) LOS objects, 23% free, 51MB/67MB, paused 384us total 19.148ms
08-03 19:33:12.376 22923 22956 I art     : Starting a blocking GC Explicit
08-03 19:33:12.395 22923 22956 I art     : Explicit concurrent mark sweep GC freed 3(96B) AllocSpace objects, 0(0B) LOS objects, 23% free, 51MB/67MB, paused 346us total 19.128ms
08-03 19:33:12.404 22923 22956 I art     : Starting a blocking GC Explicit
08-03 19:33:12.423 22923 22956 I art     : Explicit concurrent mark sweep GC freed 3(96B) AllocSpace objects, 0(0B) LOS objects, 23% free, 51MB/67MB, paused 360us total 19.254ms
08-03 19:33:12.432 22923 22956 I art     : Starting a blocking GC Explicit
08-03 19:33:12.451 22923 22956 I art     : Explicit concurrent mark sweep GC freed 3(96B) AllocSpace objects, 0(0B) LOS objects, 23% free, 51MB/67MB, paused 364us total 19.452ms
08-03 19:33:12.723 22923 22936 I art     : Starting a blocking GC Explicit
08-03 19:33:12.742 22923 22936 I art     : Explicit concurrent mark sweep GC freed 1340(78KB) AllocSpace objects, 1(20KB) LOS objects, 23% free, 51MB/67MB, paused 375us total 19.126ms
08-03 19:33:12.750 22923 22936 I art     : Starting a blocking GC Explicit
08-03 19:33:12.769 22923 22936 I art     : Explicit concurrent mark sweep GC freed 20(704B) AllocSpace objects, 0(0B) LOS objects, 23% free, 51MB/67MB, paused 351us total 18.547ms
08-03 19:33:12.778 22923 22936 I art     : Starting a blocking GC Explicit
08-03 19:33:12.795 22923 22936 I art     : Explicit concurrent mark sweep GC freed 3(96B) AllocSpace objects, 0(0B) LOS objects, 23% free, 51MB/67MB, paused 365us total 17.327ms
08-03 19:33:12.803 22923 22936 I art     : Starting a blocking GC Explicit
08-03 19:33:12.822 22923 22936 I art     : Explicit concurrent mark sweep GC freed 3(96B) AllocSpace objects, 0(0B) LOS objects, 23% free, 51MB/67MB, paused 365us total 18.029ms
08-03 19:33:12.830 22923 22936 I art     : Starting a blocking GC Explicit
08-03 19:33:12.848 22923 22936 I art     : Explicit concurrent mark sweep GC freed 3(96B) AllocSpace objects, 0(0B) LOS objects, 23% free, 51MB/67MB, paused 366us total 17.824ms
08-03 19:33:13.111 22923 23189 I art     : Starting a blocking GC Explicit
08-03 19:33:13.114 24090 24090 D AndroidRuntime: >>>>>> START com.android.internal.os.RuntimeInit uid 2000 <<<<<<
08-03 19:33:13.119 24090 24090 D AndroidRuntime: CheckJNI is OFF
08-03 19:33:13.131 22923 23189 I art     : Explicit concurrent mark sweep GC freed 1340(78KB) AllocSpace objects, 1(20KB) LOS objects, 23% free, 51MB/67MB, paused 396us total 19.241ms
08-03 19:33:13.139 22923 23189 I art     : Starting a blocking GC Explicit
08-03 19:33:13.156 24090 24090 D ICU     : No timezone override file found: /data/misc/zoneinfo/current/icu/icu_tzdata.dat
08-03 19:33:13.158 22923 23189 I art     : Explicit concurrent mark sweep GC freed 20(704B) AllocSpace objects, 0(0B) LOS objects, 23% free, 51MB/67MB, paused 397us total 18.471ms
08-03 19:33:13.167 22923 23189 I art     : Starting a blocking GC Explicit
08-03 19:33:13.185 22923 23189 I art     : Explicit concurrent mark sweep GC freed 3(96B) AllocSpace objects, 0(0B) LOS objects, 23% free, 51MB/67MB, paused 366us total 17.743ms
08-03 19:33:13.193 22923 23189 I art     : Starting a blocking GC Explicit
08-03 19:33:13.195 24090 24090 I Radio-JNI: register_android_hardware_Radio DONE
08-03 19:33:13.212 22923 23189 I art     : Explicit concurrent mark sweep GC freed 3(96B) AllocSpace objects, 0(0B) LOS objects, 23% free, 51MB/67MB, paused 363us total 18.589ms
08-03 19:33:13.217 24090 24090 D AndroidRuntime: Calling main entry com.android.commands.input.Input
08-03 19:33:13.220 24090 24090 I Input   : injectMotionEvent: MotionEvent { action=ACTION_DOWN, actionButton=0, id[0]=0, x[0]=733.0, y[0]=1957.0, toolType[0]=TOOL_TYPE_UNKNOWN, buttonState=0, metaState=0, flags=0x0, edgeFlags=0x0, pointerCount=1, historySize=0, eventTime=646409632, downTime=646409632, deviceId=0, source=0x1002 }
08-03 19:33:13.220 22923 23189 I art     : Starting a blocking GC Explicit
08-03 19:33:13.225 24090 24090 I Input   : injectMotionEvent: MotionEvent { action=ACTION_UP, actionButton=0, id[0]=0, x[0]=733.0, y[0]=1957.0, toolType[0]=TOOL_TYPE_UNKNOWN, buttonState=0, metaState=0, flags=0x0, edgeFlags=0x0, pointerCount=1, historySize=0, eventTime=646409632, downTime=646409632, deviceId=0, source=0x1002 }
08-03 19:33:13.227   918  5132 I ActivityManager: START u0 {cmp=baseline.appteam.nith.hillffair/.activities.ClubActivity (has extras)} from uid 10624 on display 0
08-03 19:33:13.233 24090 24090 D AndroidRuntime: Shutting down VM
08-03 19:33:13.237 22923 23189 I art     : Explicit concurrent mark sweep GC freed 28(896B) AllocSpace objects, 0(0B) LOS objects, 23% free, 51MB/67MB, paused 451us total 17.187ms
08-03 19:33:13.336   918   936 I ActivityManager: Displayed baseline.appteam.nith.hillffair/.activities.ClubActivity: +102ms
08-03 19:33:13.336 13866 13866 I GoogleInputMethodServic: GoogleInputMethodService.onFinishInput():3138 
08-03 19:33:13.339 13866 13866 I GoogleInputMethodServic: GoogleInputMethodService.onStartInput():1808 
08-03 19:33:13.476 22923 22934 I art     : Starting a blocking GC Explicit
08-03 19:33:13.501 22923 22934 I art     : Explicit concurrent mark sweep GC freed 5273(332KB) AllocSpace objects, 1(20KB) LOS objects, 23% free, 52MB/68MB, paused 395us total 24.332ms
08-03 19:33:13.510 22923 22934 I art     : Starting a blocking GC Explicit
08-03 19:33:13.536 22923 22934 I art     : Explicit concurrent mark sweep GC freed 211(9KB) AllocSpace objects, 0(0B) LOS objects, 23% free, 52MB/68MB, paused 462us total 24.761ms
08-03 19:33:13.547 22923 22934 I art     : Starting a blocking GC Explicit
08-03 19:33:13.571 22923 22934 I art     : Explicit concurrent mark sweep GC freed 3(96B) AllocSpace objects, 0(0B) LOS objects, 23% free, 52MB/68MB, paused 423us total 23.426ms
08-03 19:33:13.581 22923 22934 I art     : Starting a blocking GC Explicit
08-03 19:33:13.593   380   380 W SurfaceFlinger: couldn't log to binary event log: overflow.
08-03 19:33:13.605 22923 22934 I art     : Explicit concurrent mark sweep GC freed 3(96B) AllocSpace objects, 0(0B) LOS objects, 23% free, 52MB/68MB, paused 380us total 22.813ms
08-03 19:33:13.612 22923 22934 I art     : Starting a blocking GC Explicit
08-03 19:33:13.630 22923 22934 I art     : Explicit concurrent mark sweep GC freed 3(96B) AllocSpace objects, 0(0B) LOS objects, 23% free, 52MB/68MB, paused 359us total 17.256ms
08-03 19:33:13.751 22923 24113 D OkHttp  : --> GET https://api-hillfair-2k16.herokuapp.com/api/app/events/special/event?id=58065620dcba0f490c70fe09 http/1.1
08-03 19:33:13.792 22923 24113 D OkHttp  : <-- 200 OK https://api-hillfair-2k16.herokuapp.com/api/app/events/special/event?id=58065620dcba0f490c70fe09 (40ms, 682-byte body)
08-03 19:33:13.844 22923 22923 I NAPPA_EXPERIMENTATION: MetricNetworkRequestExecutionTime: REQUEST_DURATION_SYSTEM='584',REQUEST_DURATION_OKHTTP='40',REQUEST_SYNCHRONOUS='FALSE',RESPONSE_CODE='200',RESPONSE_METHOD='GET',RESPONSE_LENGTH_OKHTTP='682',RESPONSE_LENGTH_HEADER='682',REQUEST_PROTOCOL='http/1.1',REQUEST_URL='https://api-hillfair-2k16.herokuapp.com/api/app/events/special/event?id=58065620dcba0f490c70fe09',
08-03 19:33:13.907 22923 23189 I art     : Starting a blocking GC Explicit
08-03 19:33:13.931 22923 23189 I art     : Explicit concurrent mark sweep GC freed 4862(315KB) AllocSpace objects, 4(220KB) LOS objects, 23% free, 52MB/68MB, paused 405us total 23.241ms
08-03 19:33:13.939 22923 23189 I art     : Starting a blocking GC Explicit
08-03 19:33:13.959 22923 23189 I art     : Explicit concurrent mark sweep GC freed 1032(119KB) AllocSpace objects, 0(0B) LOS objects, 23% free, 52MB/68MB, paused 371us total 19.552ms
08-03 19:33:13.968 22923 23189 I art     : Starting a blocking GC Explicit
08-03 19:33:13.986 22923 23189 I art     : Explicit concurrent mark sweep GC freed 3(96B) AllocSpace objects, 0(0B) LOS objects, 23% free, 52MB/68MB, paused 370us total 18.415ms
08-03 19:33:13.994 22923 23189 I art     : Starting a blocking GC Explicit
08-03 19:33:14.014 22923 23189 I art     : Explicit concurrent mark sweep GC freed 3(96B) AllocSpace objects, 0(0B) LOS objects, 23% free, 52MB/68MB, paused 374us total 19.450ms
08-03 19:33:14.022 22923 23189 I art     : Starting a blocking GC Explicit
08-03 19:33:14.042 22923 23189 I art     : Explicit concurrent mark sweep GC freed 3(96B) AllocSpace objects, 0(0B) LOS objects, 23% free, 52MB/68MB, paused 389us total 19.423ms
08-03 19:33:14.334 22923 22936 I art     : Starting a blocking GC Explicit
08-03 19:33:14.356 22923 22936 I art     : Explicit concurrent mark sweep GC freed 1341(78KB) AllocSpace objects, 1(20KB) LOS objects, 23% free, 52MB/68MB, paused 405us total 21.651ms
08-03 19:33:14.364 22923 22936 I art     : Starting a blocking GC Explicit
08-03 19:33:14.385 22923 22936 I art     : Explicit concurrent mark sweep GC freed 36(1264B) AllocSpace objects, 0(0B) LOS objects, 23% free, 52MB/68MB, paused 401us total 20.272ms
08-03 19:33:14.393 22923 22936 I art     : Starting a blocking GC Explicit
08-03 19:33:14.413 22923 22936 I art     : Explicit concurrent mark sweep GC freed 3(96B) AllocSpace objects, 0(0B) LOS objects, 23% free, 52MB/68MB, paused 381us total 19.895ms
08-03 19:33:14.422 22923 22936 I art     : Starting a blocking GC Explicit
08-03 19:33:14.442 22923 22936 I art     : Explicit concurrent mark sweep GC freed 3(96B) AllocSpace objects, 0(0B) LOS objects, 23% free, 52MB/68MB, paused 383us total 20.248ms
08-03 19:33:14.451 22923 22936 I art     : Starting a blocking GC Explicit
08-03 19:33:14.471 22923 22936 I art     : Explicit concurrent mark sweep GC freed 3(96B) AllocSpace objects, 0(0B) LOS objects, 23% free, 52MB/68MB, paused 377us total 19.909ms
08-03 19:33:14.537   518   646 I ThermalEngine: ACTION: GPU - Setting GPU[0] to 450000000
08-03 19:33:14.779 22923 22956 I art     : Starting a blocking GC Explicit
08-03 19:33:14.814 22923 22956 I art     : Explicit concurrent mark sweep GC freed 1341(78KB) AllocSpace objects, 1(20KB) LOS objects, 23% free, 52MB/68MB, paused 571us total 34.646ms
08-03 19:33:14.827 22923 22956 I art     : Starting a blocking GC Explicit
08-03 19:33:14.858 22923 22956 I art     : Explicit concurrent mark sweep GC freed 20(704B) AllocSpace objects, 0(0B) LOS objects, 23% free, 52MB/68MB, paused 542us total 30.035ms
08-03 19:33:14.869 22923 22956 I art     : Starting a blocking GC Explicit
08-03 19:33:14.896 22923 22956 I art     : Explicit concurrent mark sweep GC freed 3(96B) AllocSpace objects, 0(0B) LOS objects, 23% free, 52MB/68MB, paused 522us total 26.545ms
08-03 19:33:14.907 22923 22956 I art     : Starting a blocking GC Explicit
08-03 19:33:14.934 22923 22956 I art     : Explicit concurrent mark sweep GC freed 3(96B) AllocSpace objects, 0(0B) LOS objects, 23% free, 52MB/68MB, paused 523us total 27.070ms
08-03 19:33:14.945 22923 22956 I art     : Starting a blocking GC Explicit
08-03 19:33:14.974 22923 22956 I art     : Explicit concurrent mark sweep GC freed 3(96B) AllocSpace objects, 0(0B) LOS objects, 23% free, 52MB/68MB, paused 529us total 27.996ms
08-03 19:33:15.281 22923 22934 I art     : Starting a blocking GC Explicit
08-03 19:33:15.316 22923 22934 I art     : Explicit concurrent mark sweep GC freed 1341(78KB) AllocSpace objects, 1(20KB) LOS objects, 23% free, 52MB/68MB, paused 542us total 34.658ms
08-03 19:33:15.329 22923 22934 I art     : Starting a blocking GC Explicit
08-03 19:33:15.357 22923 22934 I art     : Explicit concurrent mark sweep GC freed 20(704B) AllocSpace objects, 0(0B) LOS objects, 23% free, 52MB/68MB, paused 521us total 27.069ms
08-03 19:33:15.368 22923 22934 I art     : Starting a blocking GC Explicit
08-03 19:33:15.395 22923 22934 I art     : Explicit concurrent mark sweep GC freed 3(96B) AllocSpace objects, 0(0B) LOS objects, 23% free, 52MB/68MB, paused 523us total 26.858ms
08-03 19:33:15.406 22923 22934 I art     : Starting a blocking GC Explicit
08-03 19:33:15.434 22923 22934 I art     : Explicit concurrent mark sweep GC freed 3(96B) AllocSpace objects, 0(0B) LOS objects, 23% free, 52MB/68MB, paused 527us total 27.503ms
08-03 19:33:15.445 22923 22934 I art     : Starting a blocking GC Explicit
08-03 19:33:15.472 22923 22934 I art     : Explicit concurrent mark sweep GC freed 3(96B) AllocSpace objects, 0(0B) LOS objects, 23% free, 52MB/68MB, paused 497us total 26.327ms
08-03 19:33:15.771 22923 23189 I art     : Starting a blocking GC Explicit
08-03 19:33:15.801 22923 23189 I art     : Explicit concurrent mark sweep GC freed 1341(78KB) AllocSpace objects, 1(20KB) LOS objects, 23% free, 52MB/68MB, paused 578us total 29.977ms
08-03 19:33:15.814 22923 23189 I art     : Starting a blocking GC Explicit
08-03 19:33:15.840 22923 23189 I art     : Explicit concurrent mark sweep GC freed 20(704B) AllocSpace objects, 0(0B) LOS objects, 23% free, 52MB/68MB, paused 584us total 25.783ms
08-03 19:33:15.852 22923 23189 I art     : Starting a blocking GC Explicit
08-03 19:33:15.878 22923 23189 I art     : Explicit concurrent mark sweep GC freed 3(96B) AllocSpace objects, 0(0B) LOS objects, 23% free, 52MB/68MB, paused 542us total 26.379ms
08-03 19:33:15.889 22923 23189 I art     : Starting a blocking GC Explicit
08-03 19:33:15.916 22923 23189 I art     : Explicit concurrent mark sweep GC freed 3(96B) AllocSpace objects, 0(0B) LOS objects, 23% free, 52MB/68MB, paused 526us total 26.336ms
08-03 19:33:15.927 22923 23189 I art     : Starting a blocking GC Explicit
08-03 19:33:15.953 22923 23189 I art     : Explicit concurrent mark sweep GC freed 3(96B) AllocSpace objects, 0(0B) LOS objects, 23% free, 52MB/68MB, paused 545us total 26.267ms
08-03 19:33:16.033 24167 24167 D AndroidRuntime: >>>>>> START com.android.internal.os.RuntimeInit uid 2000 <<<<<<
08-03 19:33:16.040 24167 24167 D AndroidRuntime: CheckJNI is OFF
08-03 19:33:16.089 24167 24167 D ICU     : No timezone override file found: /data/misc/zoneinfo/current/icu/icu_tzdata.dat
08-03 19:33:16.135 24167 24167 I Radio-JNI: register_android_hardware_Radio DONE
08-03 19:33:16.164 24167 24167 D AndroidRuntime: Calling main entry com.android.commands.input.Input
08-03 19:33:16.166 24167 24167 I Input   : injectKeyEvent: KeyEvent { action=ACTION_DOWN, keyCode=KEYCODE_BACK, scanCode=0, metaState=0, flags=0x0, repeatCount=0, eventTime=646412579, downTime=646412579, deviceId=-1, source=0x101 }
08-03 19:33:16.172 24167 24167 I Input   : injectKeyEvent: KeyEvent { action=ACTION_UP, keyCode=KEYCODE_BACK, scanCode=0, metaState=0, flags=0x0, repeatCount=0, eventTime=646412579, downTime=646412579, deviceId=-1, source=0x101 }
08-03 19:33:16.198 24167 24167 D AndroidRuntime: Shutting down VM
08-03 19:33:16.244 13866 13866 I GoogleInputMethodServic: GoogleInputMethodService.onFinishInput():3138 
08-03 19:33:16.245 13866 13866 I GoogleInputMethodServic: GoogleInputMethodService.onStartInput():1808 
08-03 19:33:16.275 22923 23189 I art     : Starting a blocking GC Explicit
08-03 19:33:16.297 22923 23189 I art     : Explicit concurrent mark sweep GC freed 1511(85KB) AllocSpace objects, 1(20KB) LOS objects, 23% free, 52MB/68MB, paused 482us total 21.718ms
08-03 19:33:16.307 22923 23189 I art     : Starting a blocking GC Explicit
08-03 19:33:16.329 22923 23189 I art     : Explicit concurrent mark sweep GC freed 32(1168B) AllocSpace objects, 0(0B) LOS objects, 23% free, 52MB/68MB, paused 455us total 21.881ms
08-03 19:33:16.340 22923 23189 I art     : Starting a blocking GC Explicit
08-03 19:33:16.363 22923 23189 I art     : Explicit concurrent mark sweep GC freed 3(96B) AllocSpace objects, 0(0B) LOS objects, 23% free, 52MB/68MB, paused 453us total 22.328ms
08-03 19:33:16.375 22923 23189 I art     : Starting a blocking GC Explicit
08-03 19:33:16.399 22923 23189 I art     : Explicit concurrent mark sweep GC freed 3(96B) AllocSpace objects, 0(0B) LOS objects, 23% free, 52MB/68MB, paused 468us total 23.286ms
08-03 19:33:16.410 22923 23189 I art     : Starting a blocking GC Explicit
08-03 19:33:16.434 22923 23189 I art     : Explicit concurrent mark sweep GC freed 3(96B) AllocSpace objects, 0(0B) LOS objects, 23% free, 52MB/68MB, paused 475us total 23.457ms
08-03 19:33:16.545   380   380 W SurfaceFlinger: couldn't log to binary event log: overflow.
08-03 19:33:16.710 22923 23189 I art     : Starting a blocking GC Explicit
08-03 19:33:16.737 22923 23189 I art     : Explicit concurrent mark sweep GC freed 1450(87KB) AllocSpace objects, 1(20KB) LOS objects, 23% free, 52MB/68MB, paused 522us total 26.398ms
08-03 19:33:16.748 22923 23189 I art     : Starting a blocking GC Explicit
08-03 19:33:16.776 22923 23189 I art     : Explicit concurrent mark sweep GC freed 1672(106KB) AllocSpace objects, 3(400KB) LOS objects, 23% free, 52MB/68MB, paused 519us total 27.704ms
08-03 19:33:16.789 22923 23189 I art     : Starting a blocking GC Explicit
08-03 19:33:16.813 22923 23189 I art     : Explicit concurrent mark sweep GC freed 3(96B) AllocSpace objects, 0(0B) LOS objects, 23% free, 52MB/68MB, paused 507us total 24.088ms
08-03 19:33:16.824 22923 23189 I art     : Starting a blocking GC Explicit
08-03 19:33:16.849 22923 23189 I art     : Explicit concurrent mark sweep GC freed 3(96B) AllocSpace objects, 0(0B) LOS objects, 23% free, 52MB/68MB, paused 506us total 24.030ms
08-03 19:33:16.859 22923 23189 I art     : Starting a blocking GC Explicit
08-03 19:33:16.884 22923 23189 I art     : Explicit concurrent mark sweep GC freed 3(96B) AllocSpace objects, 0(0B) LOS objects, 23% free, 52MB/68MB, paused 504us total 24.377ms
08-03 19:33:17.003 22816 22816 I ServiceManager: Waiting for service AtCmdFwd...
08-03 19:33:17.194 22923 22956 I art     : Starting a blocking GC Explicit
08-03 19:33:17.224 22923 22956 I art     : Explicit concurrent mark sweep GC freed 1341(78KB) AllocSpace objects, 1(20KB) LOS objects, 23% free, 52MB/68MB, paused 547us total 30.180ms
08-03 19:33:17.237 22923 22956 I art     : Starting a blocking GC Explicit
08-03 19:33:17.262 22923 22956 I art     : Explicit concurrent mark sweep GC freed 20(704B) AllocSpace objects, 0(0B) LOS objects, 23% free, 52MB/68MB, paused 521us total 24.691ms
08-03 19:33:17.273 22923 22956 I art     : Starting a blocking GC Explicit
08-03 19:33:17.297 22923 22956 I art     : Explicit concurrent mark sweep GC freed 3(96B) AllocSpace objects, 0(0B) LOS objects, 23% free, 52MB/68MB, paused 544us total 24.333ms
08-03 19:33:17.308 22923 22956 I art     : Starting a blocking GC Explicit
08-03 19:33:17.333 22923 22956 I art     : Explicit concurrent mark sweep GC freed 3(96B) AllocSpace objects, 0(0B) LOS objects, 23% free, 52MB/68MB, paused 508us total 24.755ms
08-03 19:33:17.344 22923 22956 I art     : Starting a blocking GC Explicit
08-03 19:33:17.369 22923 22956 I art     : Explicit concurrent mark sweep GC freed 3(96B) AllocSpace objects, 0(0B) LOS objects, 23% free, 52MB/68MB, paused 508us total 24.746ms
08-03 19:33:17.661 22923 22934 I art     : Starting a blocking GC Explicit
08-03 19:33:17.689 22923 22934 I art     : Explicit concurrent mark sweep GC freed 1340(78KB) AllocSpace objects, 1(20KB) LOS objects, 23% free, 52MB/68MB, paused 554us total 28.061ms
08-03 19:33:17.704 22923 22934 I art     : Starting a blocking GC Explicit
08-03 19:33:17.728 22923 22934 I art     : Explicit concurrent mark sweep GC freed 20(704B) AllocSpace objects, 0(0B) LOS objects, 23% free, 52MB/68MB, paused 518us total 23.904ms
08-03 19:33:17.739 22923 22934 I art     : Starting a blocking GC Explicit
08-03 19:33:17.764 22923 22934 I art     : Explicit concurrent mark sweep GC freed 3(96B) AllocSpace objects, 0(0B) LOS objects, 23% free, 52MB/68MB, paused 526us total 24.637ms
08-03 19:33:17.775 22923 22934 I art     : Starting a blocking GC Explicit
08-03 19:33:17.799 22923 22934 I art     : Explicit concurrent mark sweep GC freed 3(96B) AllocSpace objects, 0(0B) LOS objects, 23% free, 52MB/68MB, paused 504us total 24.106ms
08-03 19:33:17.810 22923 22934 I art     : Starting a blocking GC Explicit
08-03 19:33:17.835 22923 22934 I art     : Explicit concurrent mark sweep GC freed 3(96B) AllocSpace objects, 0(0B) LOS objects, 23% free, 52MB/68MB, paused 526us total 25.403ms
08-03 19:33:18.003 22816 22816 I ServiceManager: Waiting for service AtCmdFwd...
08-03 19:33:18.009 24220 24220 D AndroidRuntime: >>>>>> START com.android.internal.os.RuntimeInit uid 2000 <<<<<<
08-03 19:33:18.016 24220 24220 D AndroidRuntime: CheckJNI is OFF
08-03 19:33:18.057 24220 24220 D ICU     : No timezone override file found: /data/misc/zoneinfo/current/icu/icu_tzdata.dat
08-03 19:33:18.098 24220 24220 I Radio-JNI: register_android_hardware_Radio DONE
08-03 19:33:18.127 24220 24220 D AndroidRuntime: Calling main entry com.android.commands.input.Input
08-03 19:33:18.129 24220 24220 I Input   : injectMotionEvent: MotionEvent { action=ACTION_DOWN, actionButton=0, id[0]=0, x[0]=733.0, y[0]=645.0, toolType[0]=TOOL_TYPE_UNKNOWN, buttonState=0, metaState=0, flags=0x0, edgeFlags=0x0, pointerCount=1, historySize=0, eventTime=646414542, downTime=646414542, deviceId=0, source=0x1002 }
08-03 19:33:18.133 24220 24220 I Input   : injectMotionEvent: MotionEvent { action=ACTION_UP, actionButton=0, id[0]=0, x[0]=733.0, y[0]=645.0, toolType[0]=TOOL_TYPE_UNKNOWN, buttonState=0, metaState=0, flags=0x0, edgeFlags=0x0, pointerCount=1, historySize=0, eventTime=646414542, downTime=646414542, deviceId=0, source=0x1002 }
08-03 19:33:18.135   918  3359 I ActivityManager: START u0 {cmp=baseline.appteam.nith.hillffair/.activities.ClubActivity (has extras)} from uid 10624 on display 0
08-03 19:33:18.140 24220 24220 D AndroidRuntime: Shutting down VM
08-03 19:33:18.152 22923 22934 I art     : Starting a blocking GC Explicit
08-03 19:33:18.178 22923 22934 I art     : Explicit concurrent mark sweep GC freed 2636(164KB) AllocSpace objects, 1(20KB) LOS objects, 23% free, 52MB/68MB, paused 984us total 25.751ms
08-03 19:33:18.191 22923 22934 I art     : Starting a blocking GC Explicit
08-03 19:33:18.215 22923 22934 I art     : Explicit concurrent mark sweep GC freed 2535(161KB) AllocSpace objects, 0(0B) LOS objects, 23% free, 52MB/68MB, paused 613us total 23.892ms
08-03 19:33:18.225 22923 22934 I art     : Starting a blocking GC Explicit
08-03 19:33:18.249 22923 22934 I art     : Explicit concurrent mark sweep GC freed 207(7KB) AllocSpace objects, 0(0B) LOS objects, 23% free, 52MB/68MB, paused 819us total 23.602ms
08-03 19:33:18.253 13866 13866 I GoogleInputMethodServic: GoogleInputMethodService.onFinishInput():3138 
08-03 19:33:18.253   918   936 I ActivityManager: Displayed baseline.appteam.nith.hillffair/.activities.ClubActivity: +113ms
08-03 19:33:18.254 13866 13866 I GoogleInputMethodServic: GoogleInputMethodService.onStartInput():1808 
08-03 19:33:18.261 22923 22934 I art     : Starting a blocking GC Explicit
08-03 19:33:18.286 22923 22934 I art     : Explicit concurrent mark sweep GC freed 113(6KB) AllocSpace objects, 0(0B) LOS objects, 23% free, 52MB/68MB, paused 534us total 24.759ms
08-03 19:33:18.296 22923 22934 I art     : Starting a blocking GC Explicit
08-03 19:33:18.318 22923 22934 I art     : Explicit concurrent mark sweep GC freed 12(432B) AllocSpace objects, 0(0B) LOS objects, 23% free, 52MB/68MB, paused 521us total 22.246ms
08-03 19:33:18.497   380   380 W SurfaceFlinger: couldn't log to binary event log: overflow.
08-03 19:33:18.587 22923 22936 I art     : Starting a blocking GC Explicit
08-03 19:33:18.610 22923 22936 I art     : Explicit concurrent mark sweep GC freed 1342(78KB) AllocSpace objects, 1(20KB) LOS objects, 23% free, 52MB/68MB, paused 551us total 22.899ms
08-03 19:33:18.621 22923 22936 I art     : Starting a blocking GC Explicit
08-03 19:33:18.645 22923 22936 I art     : Explicit concurrent mark sweep GC freed 549(39KB) AllocSpace objects, 0(0B) LOS objects, 23% free, 52MB/68MB, paused 694us total 23.807ms
08-03 19:33:18.655 22923 22936 I art     : Starting a blocking GC Explicit
08-03 19:33:18.681 22923 22936 I art     : Explicit concurrent mark sweep GC freed 2107(97KB) AllocSpace objects, 2(120KB) LOS objects, 23% free, 52MB/68MB, paused 587us total 25.230ms
08-03 19:33:18.683 22923 24253 D OkHttp  : --> GET https://api-hillfair-2k16.herokuapp.com/api/app/events/special/event?id=5806551bdcba0f490c70fd1f http/1.1
08-03 19:33:18.691 22923 22936 I art     : Starting a blocking GC Explicit
08-03 19:33:18.715 22923 22936 I art     : Explicit concurrent mark sweep GC freed 1010(118KB) AllocSpace objects, 1(80KB) LOS objects, 23% free, 52MB/68MB, paused 780us total 24.127ms
08-03 19:33:18.720 22923 24253 D OkHttp  : <-- 200 OK https://api-hillfair-2k16.herokuapp.com/api/app/events/special/event?id=5806551bdcba0f490c70fd1f (37ms, 795-byte body)
08-03 19:33:18.726 22923 22936 I art     : Starting a blocking GC Explicit
08-03 19:33:18.750 22923 22936 I art     : Explicit concurrent mark sweep GC freed 229(36KB) AllocSpace objects, 0(0B) LOS objects, 23% free, 52MB/68MB, paused 537us total 24.238ms
08-03 19:33:18.767 22923 22923 I NAPPA_EXPERIMENTATION: MetricNetworkRequestExecutionTime: REQUEST_DURATION_SYSTEM='586',REQUEST_DURATION_OKHTTP='37',REQUEST_SYNCHRONOUS='FALSE',RESPONSE_CODE='200',RESPONSE_METHOD='GET',RESPONSE_LENGTH_OKHTTP='795',RESPONSE_LENGTH_HEADER='795',REQUEST_PROTOCOL='http/1.1',REQUEST_URL='https://api-hillfair-2k16.herokuapp.com/api/app/events/special/event?id=5806551bdcba0f490c70fd1f',
08-03 19:33:19.004 22816 22816 I ServiceManager: Waiting for service AtCmdFwd...
08-03 19:33:19.033 22923 22936 I art     : Starting a blocking GC Explicit
08-03 19:33:19.059 22923 22936 I art     : Explicit concurrent mark sweep GC freed 1968(143KB) AllocSpace objects, 1(20KB) LOS objects, 23% free, 52MB/68MB, paused 541us total 26.251ms
08-03 19:33:19.070 22923 22936 I art     : Starting a blocking GC Explicit
08-03 19:33:19.093 22923 22936 I art     : Explicit concurrent mark sweep GC freed 63(2112B) AllocSpace objects, 0(0B) LOS objects, 23% free, 52MB/68MB, paused 528us total 23.043ms
08-03 19:33:19.103 22923 22936 I art     : Starting a blocking GC Explicit
08-03 19:33:19.128 22923 22936 I art     : Explicit concurrent mark sweep GC freed 3(96B) AllocSpace objects, 0(0B) LOS objects, 23% free, 52MB/68MB, paused 543us total 24.324ms
08-03 19:33:19.139 22923 22936 I art     : Starting a blocking GC Explicit
08-03 19:33:19.163 22923 22936 I art     : Explicit concurrent mark sweep GC freed 19(656B) AllocSpace objects, 0(0B) LOS objects, 23% free, 52MB/68MB, paused 524us total 24.462ms
08-03 19:33:19.174 22923 22936 I art     : Starting a blocking GC Explicit
08-03 19:33:19.199 22923 22936 I art     : Explicit concurrent mark sweep GC freed 3(96B) AllocSpace objects, 0(0B) LOS objects, 23% free, 52MB/68MB, paused 580us total 24.293ms
08-03 19:33:19.509 22923 22956 I art     : Starting a blocking GC Explicit
08-03 19:33:19.542 22923 22956 I art     : Explicit concurrent mark sweep GC freed 1341(78KB) AllocSpace objects, 1(20KB) LOS objects, 23% free, 52MB/68MB, paused 594us total 33.212ms
08-03 19:33:19.557 22923 22956 I art     : Starting a blocking GC Explicit
08-03 19:33:19.583 22923 22956 I art     : Explicit concurrent mark sweep GC freed 20(704B) AllocSpace objects, 0(0B) LOS objects, 23% free, 52MB/68MB, paused 539us total 25.772ms
08-03 19:33:19.594 22923 22956 I art     : Starting a blocking GC Explicit
08-03 19:33:19.620 22923 22956 I art     : Explicit concurrent mark sweep GC freed 3(96B) AllocSpace objects, 0(0B) LOS objects, 23% free, 52MB/68MB, paused 539us total 25.970ms
08-03 19:33:19.631 22923 22956 I art     : Starting a blocking GC Explicit
08-03 19:33:19.657 22923 22956 I art     : Explicit concurrent mark sweep GC freed 3(96B) AllocSpace objects, 0(0B) LOS objects, 23% free, 52MB/68MB, paused 532us total 25.260ms
08-03 19:33:19.668 22923 22956 I art     : Starting a blocking GC Explicit
08-03 19:33:19.694 22923 22956 I art     : Explicit concurrent mark sweep GC freed 3(96B) AllocSpace objects, 0(0B) LOS objects, 23% free, 52MB/68MB, paused 542us total 26.082ms
08-03 19:33:20.005 22816 22816 I ServiceManager: Waiting for service AtCmdFwd...
08-03 19:33:20.012 22923 23189 I art     : Starting a blocking GC Explicit
08-03 19:33:20.046 22923 23189 I art     : Explicit concurrent mark sweep GC freed 1341(78KB) AllocSpace objects, 1(20KB) LOS objects, 23% free, 52MB/68MB, paused 596us total 33.357ms
08-03 19:33:20.059 22923 23189 I art     : Starting a blocking GC Explicit
08-03 19:33:20.087 22923 23189 I art     : Explicit concurrent mark sweep GC freed 20(704B) AllocSpace objects, 0(0B) LOS objects, 23% free, 52MB/68MB, paused 611us total 27.404ms
08-03 19:33:20.098 22923 23189 I art     : Starting a blocking GC Explicit
08-03 19:33:20.125 22923 23189 I art     : Explicit concurrent mark sweep GC freed 3(96B) AllocSpace objects, 0(0B) LOS objects, 23% free, 52MB/68MB, paused 523us total 26.435ms
08-03 19:33:20.136 22923 23189 I art     : Starting a blocking GC Explicit
08-03 19:33:20.164 22923 23189 I art     : Explicit concurrent mark sweep GC freed 3(96B) AllocSpace objects, 0(0B) LOS objects, 23% free, 52MB/68MB, paused 554us total 27.734ms
08-03 19:33:20.176 22923 23189 I art     : Starting a blocking GC Explicit
08-03 19:33:20.204 22923 23189 I art     : Explicit concurrent mark sweep GC freed 3(96B) AllocSpace objects, 0(0B) LOS objects, 23% free, 52MB/68MB, paused 602us total 27.796ms
08-03 19:33:20.539 22923 22934 I art     : Starting a blocking GC Explicit
08-03 19:33:20.574 22923 22934 I art     : Explicit concurrent mark sweep GC freed 1341(78KB) AllocSpace objects, 1(20KB) LOS objects, 23% free, 52MB/68MB, paused 605us total 34.931ms
08-03 19:33:20.590 22923 22934 I art     : Starting a blocking GC Explicit
08-03 19:33:20.618 22923 22934 I art     : Explicit concurrent mark sweep GC freed 20(704B) AllocSpace objects, 0(0B) LOS objects, 23% free, 52MB/68MB, paused 565us total 28.558ms
08-03 19:33:20.630 22923 22934 I art     : Starting a blocking GC Explicit
08-03 19:33:20.656 22923 22934 I art     : Explicit concurrent mark sweep GC freed 3(96B) AllocSpace objects, 0(0B) LOS objects, 23% free, 52MB/68MB, paused 523us total 25.993ms
08-03 19:33:20.667 22923 22934 I art     : Starting a blocking GC Explicit
08-03 19:33:20.695 22923 22934 I art     : Explicit concurrent mark sweep GC freed 3(96B) AllocSpace objects, 0(0B) LOS objects, 23% free, 52MB/68MB, paused 542us total 27.851ms
08-03 19:33:20.707 22923 22934 I art     : Starting a blocking GC Explicit
08-03 19:33:20.736 22923 22934 I art     : Explicit concurrent mark sweep GC freed 3(96B) AllocSpace objects, 0(0B) LOS objects, 23% free, 52MB/68MB, paused 543us total 28.568ms
08-03 19:33:21.005 22816 22816 I ServiceManager: Waiting for service AtCmdFwd...
08-03 19:33:21.074 22923 22936 I art     : Starting a blocking GC Explicit
08-03 19:33:21.108 22923 22936 I art     : Explicit concurrent mark sweep GC freed 1341(78KB) AllocSpace objects, 1(20KB) LOS objects, 23% free, 52MB/68MB, paused 679us total 33.478ms
08-03 19:33:21.123 22923 22936 I art     : Starting a blocking GC Explicit
08-03 19:33:21.150 22923 22936 I art     : Explicit concurrent mark sweep GC freed 20(704B) AllocSpace objects, 0(0B) LOS objects, 23% free, 52MB/68MB, paused 545us total 26.621ms
08-03 19:33:21.161 22923 22936 I art     : Starting a blocking GC Explicit
08-03 19:33:21.190 22923 22936 I art     : Explicit concurrent mark sweep GC freed 3(96B) AllocSpace objects, 0(0B) LOS objects, 23% free, 52MB/68MB, paused 566us total 28.092ms
08-03 19:33:21.201 22923 22936 I art     : Starting a blocking GC Explicit
08-03 19:33:21.229 22923 22936 I art     : Explicit concurrent mark sweep GC freed 3(96B) AllocSpace objects, 0(0B) LOS objects, 23% free, 52MB/68MB, paused 563us total 28.343ms
08-03 19:33:21.241 22923 22936 I art     : Starting a blocking GC Explicit
08-03 19:33:21.268 22923 22936 I art     : Explicit concurrent mark sweep GC freed 3(96B) AllocSpace objects, 0(0B) LOS objects, 23% free, 52MB/68MB, paused 571us total 27.276ms
08-03 19:33:21.605 22923 22956 I art     : Starting a blocking GC Explicit
08-03 19:33:21.641 22923 22956 I art     : Explicit concurrent mark sweep GC freed 1341(78KB) AllocSpace objects, 1(20KB) LOS objects, 23% free, 52MB/68MB, paused 583us total 35.583ms
08-03 19:33:21.655 22923 22956 I art     : Starting a blocking GC Explicit
08-03 19:33:21.686 22923 22956 I art     : Explicit concurrent mark sweep GC freed 20(704B) AllocSpace objects, 0(0B) LOS objects, 23% free, 52MB/68MB, paused 541us total 30.576ms
08-03 19:33:21.697 22923 22956 I art     : Starting a blocking GC Explicit
08-03 19:33:21.725 22923 22956 I art     : Explicit concurrent mark sweep GC freed 3(96B) AllocSpace objects, 0(0B) LOS objects, 23% free, 52MB/68MB, paused 543us total 27.176ms
08-03 19:33:21.736 22923 22956 I art     : Starting a blocking GC Explicit
08-03 19:33:21.763 22923 22956 I art     : Explicit concurrent mark sweep GC freed 3(96B) AllocSpace objects, 0(0B) LOS objects, 23% free, 52MB/68MB, paused 552us total 27.135ms
08-03 19:33:21.775 22923 22956 I art     : Starting a blocking GC Explicit
08-03 19:33:21.803 22923 22956 I art     : Explicit concurrent mark sweep GC freed 3(96B) AllocSpace objects, 0(0B) LOS objects, 23% free, 52MB/68MB, paused 567us total 27.857ms
08-03 19:33:22.006 22816 22816 W Atfwd_Sendcmd: AtCmdFwd service not published, waiting... retryCnt : 2
08-03 19:33:22.136 22923 23189 I art     : Starting a blocking GC Explicit
08-03 19:33:22.161 22923 23189 I art     : Explicit concurrent mark sweep GC freed 1341(78KB) AllocSpace objects, 1(20KB) LOS objects, 23% free, 52MB/68MB, paused 513us total 24.471ms
08-03 19:33:22.171 22923 23189 I art     : Starting a blocking GC Explicit
08-03 19:33:22.198 22923 23189 I art     : Explicit concurrent mark sweep GC freed 20(704B) AllocSpace objects, 0(0B) LOS objects, 23% free, 52MB/68MB, paused 547us total 26.654ms
08-03 19:33:22.209 22923 23189 I art     : Starting a blocking GC Explicit
08-03 19:33:22.235 22923 23189 I art     : Explicit concurrent mark sweep GC freed 3(96B) AllocSpace objects, 0(0B) LOS objects, 23% free, 52MB/68MB, paused 523us total 25.159ms
08-03 19:33:22.246 22923 23189 I art     : Starting a blocking GC Explicit
08-03 19:33:22.273 22923 23189 I art     : Explicit concurrent mark sweep GC freed 3(96B) AllocSpace objects, 0(0B) LOS objects, 23% free, 52MB/68MB, paused 542us total 27.189ms
08-03 19:33:22.284 22923 23189 I art     : Starting a blocking GC Explicit
08-03 19:33:22.312 22923 23189 I art     : Explicit concurrent mark sweep GC freed 3(96B) AllocSpace objects, 0(0B) LOS objects, 23% free, 52MB/68MB, paused 556us total 27.267ms
08-03 19:33:22.550   518   646 I ThermalEngine: ACTION: GPU - Setting GPU[0] to 510000000
08-03 19:33:22.594 22923 22934 I art     : Starting a blocking GC Explicit
08-03 19:33:22.618 22923 22934 I art     : Explicit concurrent mark sweep GC freed 1341(78KB) AllocSpace objects, 1(20KB) LOS objects, 23% free, 52MB/68MB, paused 421us total 24.022ms
08-03 19:33:22.627 22923 22934 I art     : Starting a blocking GC Explicit
08-03 19:33:22.648 22923 22934 I art     : Explicit concurrent mark sweep GC freed 20(704B) AllocSpace objects, 0(0B) LOS objects, 23% free, 52MB/68MB, paused 427us total 20.507ms
08-03 19:33:22.656 22923 22934 I art     : Starting a blocking GC Explicit
08-03 19:33:22.676 22923 22934 I art     : Explicit concurrent mark sweep GC freed 3(96B) AllocSpace objects, 0(0B) LOS objects, 23% free, 52MB/68MB, paused 408us total 19.313ms
08-03 19:33:22.684 22923 22934 I art     : Starting a blocking GC Explicit
08-03 19:33:22.703 22923 22934 I art     : Explicit concurrent mark sweep GC freed 3(96B) AllocSpace objects, 0(0B) LOS objects, 23% free, 52MB/68MB, paused 400us total 19.467ms
08-03 19:33:22.712 22923 22934 I art     : Starting a blocking GC Explicit
08-03 19:33:22.731 22923 22934 I art     : Explicit concurrent mark sweep GC freed 3(96B) AllocSpace objects, 0(0B) LOS objects, 23% free, 52MB/68MB, paused 397us total 19.037ms
08-03 19:33:22.862 24335 24335 D AndroidRuntime: >>>>>> START com.android.internal.os.RuntimeInit uid 2000 <<<<<<
08-03 19:33:22.867 24335 24335 D AndroidRuntime: CheckJNI is OFF
08-03 19:33:22.899 24335 24335 D ICU     : No timezone override file found: /data/misc/zoneinfo/current/icu/icu_tzdata.dat
08-03 19:33:22.931 24335 24335 I Radio-JNI: register_android_hardware_Radio DONE
08-03 19:33:22.953 24335 24335 D AndroidRuntime: Calling main entry com.android.commands.input.Input
08-03 19:33:22.955 24335 24335 I Input   : injectKeyEvent: KeyEvent { action=ACTION_DOWN, keyCode=KEYCODE_BACK, scanCode=0, metaState=0, flags=0x0, repeatCount=0, eventTime=646419368, downTime=646419368, deviceId=-1, source=0x101 }
08-03 19:33:22.963 24335 24335 I Input   : injectKeyEvent: KeyEvent { action=ACTION_UP, keyCode=KEYCODE_BACK, scanCode=0, metaState=0, flags=0x0, repeatCount=0, eventTime=646419368, downTime=646419368, deviceId=-1, source=0x101 }
08-03 19:33:22.970 24335 24335 D AndroidRuntime: Shutting down VM
08-03 19:33:23.010 13866 13866 I GoogleInputMethodServic: GoogleInputMethodService.onFinishInput():3138 
08-03 19:33:23.011 13866 13866 I GoogleInputMethodServic: GoogleInputMethodService.onStartInput():1808 
08-03 19:33:23.019 22923 22936 I art     : Starting a blocking GC Explicit
08-03 19:33:23.041 22923 22936 I art     : Explicit concurrent mark sweep GC freed 1509(85KB) AllocSpace objects, 1(20KB) LOS objects, 23% free, 52MB/68MB, paused 442us total 21.746ms
08-03 19:33:23.050 22923 22936 I art     : Starting a blocking GC Explicit
08-03 19:33:23.070 22923 22936 I art     : Explicit concurrent mark sweep GC freed 27(992B) AllocSpace objects, 0(0B) LOS objects, 23% free, 52MB/68MB, paused 367us total 20.312ms
08-03 19:33:23.078 22923 22936 I art     : Starting a blocking GC Explicit
08-03 19:33:23.096 22923 22936 I art     : Explicit concurrent mark sweep GC freed 3(96B) AllocSpace objects, 0(0B) LOS objects, 23% free, 52MB/68MB, paused 389us total 17.245ms
08-03 19:33:23.104 22923 22936 I art     : Starting a blocking GC Explicit
08-03 19:33:23.123 22923 22936 I art     : Explicit concurrent mark sweep GC freed 3(96B) AllocSpace objects, 0(0B) LOS objects, 23% free, 52MB/68MB, paused 384us total 19.099ms
08-03 19:33:23.131 22923 22936 I art     : Starting a blocking GC Explicit
08-03 19:33:23.150 22923 22936 I art     : Explicit concurrent mark sweep GC freed 3(96B) AllocSpace objects, 0(0B) LOS objects, 23% free, 52MB/68MB, paused 389us total 18.242ms
08-03 19:33:23.301   380   380 W SurfaceFlinger: couldn't log to binary event log: overflow.
08-03 19:33:23.400 22923 22934 I art     : Starting a blocking GC Explicit
08-03 19:33:23.421 22923 22934 I art     : Explicit concurrent mark sweep GC freed 1450(87KB) AllocSpace objects, 1(20KB) LOS objects, 23% free, 52MB/68MB, paused 437us total 20.473ms
08-03 19:33:23.429 22923 22934 I art     : Starting a blocking GC Explicit
08-03 19:33:23.448 22923 22934 I art     : Explicit concurrent mark sweep GC freed 1862(120KB) AllocSpace objects, 3(400KB) LOS objects, 23% free, 52MB/68MB, paused 475us total 19.229ms
08-03 19:33:23.457 22923 22934 I art     : Starting a blocking GC Explicit
08-03 19:33:23.476 22923 22934 I art     : Explicit concurrent mark sweep GC freed 88(4KB) AllocSpace objects, 0(0B) LOS objects, 23% free, 52MB/68MB, paused 438us total 18.971ms
08-03 19:33:23.484 22923 22934 I art     : Starting a blocking GC Explicit
08-03 19:33:23.503 22923 22934 I art     : Explicit concurrent mark sweep GC freed 45(1568B) AllocSpace objects, 0(0B) LOS objects, 23% free, 52MB/68MB, paused 442us total 19.213ms
08-03 19:33:23.512 22923 22934 I art     : Starting a blocking GC Explicit
08-03 19:33:23.532 22923 22934 I art     : Explicit concurrent mark sweep GC freed 3(96B) AllocSpace objects, 0(0B) LOS objects, 23% free, 52MB/68MB, paused 495us total 19.938ms
08-03 19:33:23.633 22923 24397 W OneSignal: OneSignalRestClient: POST Error thrown from network stack. 
08-03 19:33:23.633 22923 24397 W OneSignal: java.io.IOException: unexpected end of stream on Connection{api.onesignal.com:443, proxy=HTTP@192.168.2.12:8080 hostAddress=192.168.2.12 cipherSuite=TLS_ECDHE_RSA_WITH_AES_128_GCM_SHA256 protocol=http/1.1} (recycle count=0)
08-03 19:33:23.633 22923 24397 W OneSignal: 	at com.android.okhttp.internal.http.HttpConnection.readResponse(HttpConnection.java:210)
08-03 19:33:23.633 22923 24397 W OneSignal: 	at com.android.okhttp.internal.http.HttpTransport.readResponseHeaders(HttpTransport.java:80)
08-03 19:33:23.633 22923 24397 W OneSignal: 	at com.android.okhttp.internal.http.HttpEngine.readNetworkResponse(HttpEngine.java:904)
08-03 19:33:23.633 22923 24397 W OneSignal: 	at com.android.okhttp.internal.http.HttpEngine.readResponse(HttpEngine.java:788)
08-03 19:33:23.633 22923 24397 W OneSignal: 	at com.android.okhttp.internal.huc.HttpURLConnectionImpl.execute(HttpURLConnectionImpl.java:439)
08-03 19:33:23.633 22923 24397 W OneSignal: 	at com.android.okhttp.internal.huc.HttpURLConnectionImpl.getResponse(HttpURLConnectionImpl.java:384)
08-03 19:33:23.633 22923 24397 W OneSignal: 	at com.android.okhttp.internal.huc.HttpURLConnectionImpl.getResponseCode(HttpURLConnectionImpl.java:497)
08-03 19:33:23.633 22923 24397 W OneSignal: 	at com.android.okhttp.internal.huc.DelegatingHttpsURLConnection.getResponseCode(DelegatingHttpsURLConnection.java:105)
08-03 19:33:23.633 22923 24397 W OneSignal: 	at com.android.okhttp.internal.huc.HttpsURLConnectionImpl.getResponseCode(HttpsURLConnectionImpl.java)
08-03 19:33:23.633 22923 24397 W OneSignal: 	at com.onesignal.OneSignalRestClient.startHTTPConnection(OneSignalRestClient.java:180)
08-03 19:33:23.633 22923 24397 W OneSignal: 	at com.onesignal.OneSignalRestClient.access$100(OneSignalRestClient.java:44)
08-03 19:33:23.633 22923 24397 W OneSignal: 	at com.onesignal.OneSignalRestClient$4.run(OneSignalRestClient.java:110)
08-03 19:33:23.633 22923 24397 W OneSignal: 	at java.lang.Thread.run(Thread.java:818)
08-03 19:33:23.633 22923 24397 W OneSignal: Caused by: java.io.EOFException: \n not found: size=0 content=...
08-03 19:33:23.633 22923 24397 W OneSignal: 	at com.android.okhttp.okio.RealBufferedSource.readUtf8LineStrict(RealBufferedSource.java:200)
08-03 19:33:23.633 22923 24397 W OneSignal: 	at com.android.okhttp.internal.http.HttpConnection.readResponse(HttpConnection.java:191)
08-03 19:33:23.633 22923 24397 W OneSignal: 	... 12 more
08-03 19:33:23.634 22923 24398 W OneSignal: Failed last request. statusCode: -1
08-03 19:33:23.634 22923 24398 W OneSignal: response: null
08-03 19:33:23.807 22923 23189 I art     : Starting a blocking GC Explicit
08-03 19:33:23.829 22923 23189 I art     : Explicit concurrent mark sweep GC freed 3593(224KB) AllocSpace objects, 1(20KB) LOS objects, 23% free, 52MB/68MB, paused 447us total 21.707ms
08-03 19:33:23.841 22923 23189 I art     : Starting a blocking GC Explicit
08-03 19:33:23.862 22923 23189 I art     : Explicit concurrent mark sweep GC freed 67(2432B) AllocSpace objects, 0(0B) LOS objects, 23% free, 52MB/68MB, paused 406us total 20.222ms
08-03 19:33:23.871 22923 23189 I art     : Starting a blocking GC Explicit
08-03 19:33:23.891 22923 23189 I art     : Explicit concurrent mark sweep GC freed 3(96B) AllocSpace objects, 0(0B) LOS objects, 23% free, 52MB/68MB, paused 429us total 19.547ms
08-03 19:33:23.899 22923 23189 I art     : Starting a blocking GC Explicit
08-03 19:33:23.919 22923 23189 I art     : Explicit concurrent mark sweep GC freed 3(96B) AllocSpace objects, 0(0B) LOS objects, 23% free, 52MB/68MB, paused 387us total 19.743ms
08-03 19:33:23.928 22923 23189 I art     : Starting a blocking GC Explicit
08-03 19:33:23.947 22923 23189 I art     : Explicit concurrent mark sweep GC freed 3(96B) AllocSpace objects, 0(0B) LOS objects, 23% free, 52MB/68MB, paused 418us total 19.360ms
08-03 19:33:24.228 22923 22956 I art     : Starting a blocking GC Explicit
08-03 19:33:24.248 22923 22956 I art     : Explicit concurrent mark sweep GC freed 1340(78KB) AllocSpace objects, 1(20KB) LOS objects, 23% free, 52MB/68MB, paused 446us total 20.056ms
08-03 19:33:24.257 22923 22956 I art     : Starting a blocking GC Explicit
08-03 19:33:24.277 22923 22956 I art     : Explicit concurrent mark sweep GC freed 20(704B) AllocSpace objects, 0(0B) LOS objects, 23% free, 52MB/68MB, paused 460us total 19.777ms
08-03 19:33:24.285 22923 22956 I art     : Starting a blocking GC Explicit
08-03 19:33:24.304 22923 22956 I art     : Explicit concurrent mark sweep GC freed 3(96B) AllocSpace objects, 0(0B) LOS objects, 23% free, 52MB/68MB, paused 417us total 18.703ms
08-03 19:33:24.312 22923 22956 I art     : Starting a blocking GC Explicit
08-03 19:33:24.331 22923 22956 I art     : Explicit concurrent mark sweep GC freed 3(96B) AllocSpace objects, 0(0B) LOS objects, 23% free, 52MB/68MB, paused 384us total 19.103ms
08-03 19:33:24.340 22923 22956 I art     : Starting a blocking GC Explicit
08-03 19:33:24.359 22923 22956 I art     : Explicit concurrent mark sweep GC freed 3(96B) AllocSpace objects, 0(0B) LOS objects, 23% free, 52MB/68MB, paused 390us total 18.966ms
08-03 19:33:24.625 24420 24420 D AndroidRuntime: >>>>>> START com.android.internal.os.RuntimeInit uid 2000 <<<<<<
08-03 19:33:24.630 24420 24420 D AndroidRuntime: CheckJNI is OFF
08-03 19:33:24.643 22923 22936 I art     : Starting a blocking GC Explicit
08-03 19:33:24.663 22923 22936 I art     : Explicit concurrent mark sweep GC freed 1340(78KB) AllocSpace objects, 1(20KB) LOS objects, 23% free, 52MB/68MB, paused 451us total 19.756ms
08-03 19:33:24.666 24420 24420 D ICU     : No timezone override file found: /data/misc/zoneinfo/current/icu/icu_tzdata.dat
08-03 19:33:24.672 22923 22936 I art     : Starting a blocking GC Explicit
08-03 19:33:24.691 22923 22936 I art     : Explicit concurrent mark sweep GC freed 20(704B) AllocSpace objects, 0(0B) LOS objects, 23% free, 52MB/68MB, paused 444us total 19.484ms
08-03 19:33:24.700 22923 22936 I art     : Starting a blocking GC Explicit
08-03 19:33:24.701 24420 24420 I Radio-JNI: register_android_hardware_Radio DONE
08-03 19:33:24.718 22923 22936 I art     : Explicit concurrent mark sweep GC freed 3(96B) AllocSpace objects, 0(0B) LOS objects, 23% free, 52MB/68MB, paused 394us total 17.723ms
08-03 19:33:24.722 24420 24420 D AndroidRuntime: Calling main entry com.android.commands.input.Input
08-03 19:33:24.724 24420 24420 I Input   : injectKeyEvent: KeyEvent { action=ACTION_DOWN, keyCode=KEYCODE_BACK, scanCode=0, metaState=0, flags=0x0, repeatCount=0, eventTime=646421137, downTime=646421137, deviceId=-1, source=0x101 }
08-03 19:33:24.725 22923 22936 I art     : Starting a blocking GC Explicit
08-03 19:33:24.729 24420 24420 I Input   : injectKeyEvent: KeyEvent { action=ACTION_UP, keyCode=KEYCODE_BACK, scanCode=0, metaState=0, flags=0x0, repeatCount=0, eventTime=646421137, downTime=646421137, deviceId=-1, source=0x101 }
08-03 19:33:24.735 24420 24420 D AndroidRuntime: Shutting down VM
08-03 19:33:24.743 22923 22936 I art     : Explicit concurrent mark sweep GC freed 139(6KB) AllocSpace objects, 0(0B) LOS objects, 23% free, 52MB/68MB, paused 445us total 17.429ms
08-03 19:33:24.751 22923 22936 I art     : Starting a blocking GC Explicit
08-03 19:33:24.768 22923 22936 I art     : Explicit concurrent mark sweep GC freed 14(544B) AllocSpace objects, 0(0B) LOS objects, 23% free, 52MB/68MB, paused 382us total 17.163ms
08-03 19:33:24.776 13866 13866 I GoogleInputMethodServic: GoogleInputMethodService.onFinishInput():3138 
08-03 19:33:24.776 13866 13866 I GoogleInputMethodServic: GoogleInputMethodService.onStartInput():1808 
08-03 19:33:25.018 22923 23189 I art     : Starting a blocking GC Explicit
08-03 19:33:25.037 22923 23189 I art     : Explicit concurrent mark sweep GC freed 1403(80KB) AllocSpace objects, 1(20KB) LOS objects, 23% free, 52MB/68MB, paused 421us total 18.733ms
08-03 19:33:25.046 22923 23189 I art     : Starting a blocking GC Explicit
08-03 19:33:25.065 22923 23189 I art     : Explicit concurrent mark sweep GC freed 24(864B) AllocSpace objects, 0(0B) LOS objects, 23% free, 52MB/68MB, paused 380us total 18.035ms
08-03 19:33:25.073 22923 23189 I art     : Starting a blocking GC Explicit
08-03 19:33:25.092 22923 23189 I art     : Explicit concurrent mark sweep GC freed 524(26KB) AllocSpace objects, 0(0B) LOS objects, 23% free, 52MB/68MB, paused 405us total 18.963ms
08-03 19:33:25.101 22923 23189 I art     : Starting a blocking GC Explicit
08-03 19:33:25.120 22923 23189 I art     : Explicit concurrent mark sweep GC freed 546(25KB) AllocSpace objects, 0(0B) LOS objects, 23% free, 52MB/68MB, paused 385us total 19.027ms
08-03 19:33:25.128 22923 23189 I art     : Starting a blocking GC Explicit
08-03 19:33:25.145 22923 23189 I art     : Explicit concurrent mark sweep GC freed 2083(127KB) AllocSpace objects, 2(140KB) LOS objects, 23% free, 51MB/67MB, paused 386us total 16.944ms
08-03 19:33:25.417   918  3188 I hubconnection: sensorhub said: 'set_bias 3: -5.7984, 0.0000, 0.0000'
08-03 19:33:25.428 22923 22956 I art     : Starting a blocking GC Explicit
08-03 19:33:25.452 22923 22956 I art     : Explicit concurrent mark sweep GC freed 1340(78KB) AllocSpace objects, 1(20KB) LOS objects, 23% free, 51MB/67MB, paused 445us total 23.786ms
08-03 19:33:25.465 22923 22956 I art     : Starting a blocking GC Explicit
08-03 19:33:25.484 22923 22956 I art     : Explicit concurrent mark sweep GC freed 20(704B) AllocSpace objects, 0(0B) LOS objects, 23% free, 51MB/67MB, paused 397us total 18.777ms
08-03 19:33:25.493 22923 22956 I art     : Starting a blocking GC Explicit
08-03 19:33:25.511 22923 22956 I art     : Explicit concurrent mark sweep GC freed 3(96B) AllocSpace objects, 0(0B) LOS objects, 23% free, 51MB/67MB, paused 398us total 18.422ms
08-03 19:33:25.520 22923 22956 I art     : Starting a blocking GC Explicit
08-03 19:33:25.539 22923 22956 I art     : Explicit concurrent mark sweep GC freed 3(96B) AllocSpace objects, 0(0B) LOS objects, 23% free, 51MB/67MB, paused 393us total 19.273ms
08-03 19:33:25.548 22923 22956 I art     : Starting a blocking GC Explicit
08-03 19:33:25.556   518   646 I ThermalEngine: ACTION: GPU - Setting GPU[0] to 450000000
08-03 19:33:25.571 22923 22956 I art     : Explicit concurrent mark sweep GC freed 3(96B) AllocSpace objects, 0(0B) LOS objects, 23% free, 51MB/67MB, paused 544us total 22.787ms
08-03 19:33:25.872 22923 22936 I art     : Starting a blocking GC Explicit
08-03 19:33:25.907 22923 22936 I art     : Explicit concurrent mark sweep GC freed 1338(78KB) AllocSpace objects, 1(20KB) LOS objects, 23% free, 51MB/67MB, paused 895us total 34.197ms
08-03 19:33:25.923 22923 22936 I art     : Starting a blocking GC Explicit
08-03 19:33:25.947 22923 22936 I art     : Explicit concurrent mark sweep GC freed 20(704B) AllocSpace objects, 0(0B) LOS objects, 23% free, 51MB/67MB, paused 533us total 23.475ms
08-03 19:33:25.957 22923 22936 I art     : Starting a blocking GC Explicit
08-03 19:33:25.980 22923 22936 I art     : Explicit concurrent mark sweep GC freed 3(96B) AllocSpace objects, 0(0B) LOS objects, 23% free, 51MB/67MB, paused 520us total 22.189ms
08-03 19:33:25.990 22923 22936 I art     : Starting a blocking GC Explicit
08-03 19:33:26.013 22923 22936 I art     : Explicit concurrent mark sweep GC freed 3(96B) AllocSpace objects, 0(0B) LOS objects, 23% free, 51MB/67MB, paused 707us total 22.374ms
08-03 19:33:26.023 22923 22936 I art     : Starting a blocking GC Explicit
08-03 19:33:26.046 22923 22936 I art     : Explicit concurrent mark sweep GC freed 3(96B) AllocSpace objects, 0(0B) LOS objects, 23% free, 51MB/67MB, paused 546us total 22.476ms
08-03 19:33:26.328 22923 22934 I art     : Starting a blocking GC Explicit
08-03 19:33:26.356 22923 22934 I art     : Explicit concurrent mark sweep GC freed 1338(78KB) AllocSpace objects, 1(20KB) LOS objects, 23% free, 51MB/67MB, paused 588us total 27.438ms
08-03 19:33:26.367 22923 22934 I art     : Starting a blocking GC Explicit
08-03 19:33:26.391 22923 22934 I art     : Explicit concurrent mark sweep GC freed 20(704B) AllocSpace objects, 0(0B) LOS objects, 23% free, 51MB/67MB, paused 550us total 23.354ms
08-03 19:33:26.402 22923 22934 I art     : Starting a blocking GC Explicit
08-03 19:33:26.425 22923 22934 I art     : Explicit concurrent mark sweep GC freed 3(96B) AllocSpace objects, 0(0B) LOS objects, 23% free, 51MB/67MB, paused 543us total 22.821ms
08-03 19:33:26.435 22923 22934 I art     : Starting a blocking GC Explicit
08-03 19:33:26.459 22923 22934 I art     : Explicit concurrent mark sweep GC freed 3(96B) AllocSpace objects, 0(0B) LOS objects, 23% free, 51MB/67MB, paused 558us total 23.692ms
08-03 19:33:26.470 22923 22934 I art     : Starting a blocking GC Explicit
08-03 19:33:26.493 22923 22934 I art     : Explicit concurrent mark sweep GC freed 3(96B) AllocSpace objects, 0(0B) LOS objects, 23% free, 51MB/67MB, paused 643us total 23.144ms
08-03 19:33:26.502 24482 24482 D AndroidRuntime: >>>>>> START com.android.internal.os.RuntimeInit uid 2000 <<<<<<
08-03 19:33:26.508 24482 24482 D AndroidRuntime: CheckJNI is OFF
08-03 19:33:26.553 24482 24482 D ICU     : No timezone override file found: /data/misc/zoneinfo/current/icu/icu_tzdata.dat
08-03 19:33:26.600 24482 24482 I Radio-JNI: register_android_hardware_Radio DONE
08-03 19:33:26.632 24482 24482 D AndroidRuntime: Calling main entry com.android.commands.input.Input
08-03 19:33:26.635 24482 24482 I Input   : injectMotionEvent: MotionEvent { action=ACTION_DOWN, actionButton=0, id[0]=0, x[0]=337.0, y[0]=1104.0, toolType[0]=TOOL_TYPE_UNKNOWN, buttonState=0, metaState=0, flags=0x0, edgeFlags=0x0, pointerCount=1, historySize=0, eventTime=646423047, downTime=646423047, deviceId=0, source=0x1002 }
08-03 19:33:26.644 24482 24482 I Input   : injectMotionEvent: MotionEvent { action=ACTION_UP, actionButton=0, id[0]=0, x[0]=337.0, y[0]=1104.0, toolType[0]=TOOL_TYPE_UNKNOWN, buttonState=0, metaState=0, flags=0x0, edgeFlags=0x0, pointerCount=1, historySize=0, eventTime=646423047, downTime=646423047, deviceId=0, source=0x1002 }
08-03 19:33:26.648   918  3696 I ActivityManager: START u0 {cmp=baseline.appteam.nith.hillffair/.activities.BattleDayActivity} from uid 10624 on display 0
08-03 19:33:26.658 24482 24482 D AndroidRuntime: Shutting down VM
08-03 19:33:26.750 13866 13866 I GoogleInputMethodServic: GoogleInputMethodService.onFinishInput():3138 
08-03 19:33:26.751 13866 13866 I GoogleInputMethodServic: GoogleInputMethodService.onStartInput():1808 
08-03 19:33:26.769   918   936 I ActivityManager: Displayed baseline.appteam.nith.hillffair/.activities.BattleDayActivity: +110ms
08-03 19:33:26.793 22923 22934 I art     : Starting a blocking GC Explicit
08-03 19:33:26.820 22923 22934 I art     : Explicit concurrent mark sweep GC freed 6361(383KB) AllocSpace objects, 1(20KB) LOS objects, 23% free, 52MB/68MB, paused 570us total 26.835ms
08-03 19:33:26.830 22923 22934 I art     : Starting a blocking GC Explicit
08-03 19:33:26.852 22923 22934 I art     : Explicit concurrent mark sweep GC freed 258(11KB) AllocSpace objects, 0(0B) LOS objects, 23% free, 52MB/68MB, paused 574us total 21.278ms
08-03 19:33:26.862 22923 22934 I art     : Starting a blocking GC Explicit
08-03 19:33:26.886 22923 22934 I art     : Explicit concurrent mark sweep GC freed 3(96B) AllocSpace objects, 0(0B) LOS objects, 23% free, 52MB/68MB, paused 565us total 23.032ms
08-03 19:33:26.897 22923 22934 I art     : Starting a blocking GC Explicit
08-03 19:33:26.921 22923 22934 I art     : Explicit concurrent mark sweep GC freed 3(96B) AllocSpace objects, 0(0B) LOS objects, 23% free, 52MB/68MB, paused 590us total 24.378ms
08-03 19:33:26.934 22923 22934 I art     : Starting a blocking GC Explicit
08-03 19:33:26.963 22923 22934 I art     : Explicit concurrent mark sweep GC freed 3(96B) AllocSpace objects, 0(0B) LOS objects, 23% free, 52MB/68MB, paused 855us total 28.601ms
08-03 19:33:27.022   380   380 W SurfaceFlinger: couldn't log to binary event log: overflow.
08-03 19:33:27.175 22923 24513 D OkHttp  : --> GET https://api-hillfair-2k16.herokuapp.com/api/app/events/special http/1.1
08-03 19:33:27.213 22923 24513 D OkHttp  : <-- 200 OK https://api-hillfair-2k16.herokuapp.com/api/app/events/special (37ms, 554-byte body)
08-03 19:33:27.250 22923 23189 I art     : Starting a blocking GC Explicit
08-03 19:33:27.257 22923 22923 I NAPPA_EXPERIMENTATION: MetricNetworkRequestExecutionTime: REQUEST_DURATION_SYSTEM='569',REQUEST_DURATION_OKHTTP='38',REQUEST_SYNCHRONOUS='FALSE',RESPONSE_CODE='200',RESPONSE_METHOD='GET',RESPONSE_LENGTH_OKHTTP='554',RESPONSE_LENGTH_HEADER='554',REQUEST_PROTOCOL='http/1.1',REQUEST_URL='https://api-hillfair-2k16.herokuapp.com/api/app/events/special',
08-03 19:33:27.277 22923 23189 I art     : Explicit concurrent mark sweep GC freed 4673(303KB) AllocSpace objects, 4(220KB) LOS objects, 23% free, 52MB/68MB, paused 608us total 26.384ms
08-03 19:33:27.288 22923 23189 I art     : Starting a blocking GC Explicit
08-03 19:33:27.311 22923 23189 I art     : Explicit concurrent mark sweep GC freed 1396(133KB) AllocSpace objects, 0(0B) LOS objects, 23% free, 52MB/68MB, paused 580us total 23.411ms
08-03 19:33:27.321 22923 23189 I art     : Starting a blocking GC Explicit
08-03 19:33:27.344 22923 23189 I art     : Explicit concurrent mark sweep GC freed 36(1776B) AllocSpace objects, 0(0B) LOS objects, 23% free, 52MB/68MB, paused 528us total 22.258ms
08-03 19:33:27.354 22923 23189 I art     : Starting a blocking GC Explicit
08-03 19:33:27.379 22923 23189 I art     : Explicit concurrent mark sweep GC freed 9(352B) AllocSpace objects, 0(0B) LOS objects, 23% free, 52MB/68MB, paused 562us total 23.948ms
08-03 19:33:27.390 22923 23189 I art     : Starting a blocking GC Explicit
08-03 19:33:27.415 22923 23189 I art     : Explicit concurrent mark sweep GC freed 3(96B) AllocSpace objects, 0(0B) LOS objects, 23% free, 52MB/68MB, paused 564us total 24.795ms
08-03 19:33:27.711 22923 22956 I art     : Starting a blocking GC Explicit
08-03 19:33:27.746 22923 22956 I art     : Explicit concurrent mark sweep GC freed 1340(78KB) AllocSpace objects, 1(20KB) LOS objects, 23% free, 52MB/68MB, paused 644us total 34.064ms
08-03 19:33:27.758 22923 22956 I art     : Starting a blocking GC Explicit
08-03 19:33:27.783 22923 22956 I art     : Explicit concurrent mark sweep GC freed 20(704B) AllocSpace objects, 0(0B) LOS objects, 23% free, 52MB/68MB, paused 570us total 25.443ms
08-03 19:33:27.794 22923 22956 I art     : Starting a blocking GC Explicit
08-03 19:33:27.820 22923 22956 I art     : Explicit concurrent mark sweep GC freed 3(96B) AllocSpace objects, 0(0B) LOS objects, 23% free, 52MB/68MB, paused 563us total 25.610ms
08-03 19:33:27.831 22923 22956 I art     : Starting a blocking GC Explicit
08-03 19:33:27.857 22923 22956 I art     : Explicit concurrent mark sweep GC freed 3(96B) AllocSpace objects, 0(0B) LOS objects, 23% free, 52MB/68MB, paused 672us total 25.814ms
08-03 19:33:27.868 22923 22956 I art     : Starting a blocking GC Explicit
08-03 19:33:27.894 22923 22956 I art     : Explicit concurrent mark sweep GC freed 3(96B) AllocSpace objects, 0(0B) LOS objects, 23% free, 52MB/68MB, paused 550us total 25.374ms
08-03 19:33:28.200 22923 22936 I art     : Starting a blocking GC Explicit
08-03 19:33:28.232 22923 22936 I art     : Explicit concurrent mark sweep GC freed 1340(78KB) AllocSpace objects, 1(20KB) LOS objects, 23% free, 52MB/68MB, paused 620us total 31.655ms
08-03 19:33:28.247 22923 22936 I art     : Starting a blocking GC Explicit
08-03 19:33:28.275 22923 22936 I art     : Explicit concurrent mark sweep GC freed 20(704B) AllocSpace objects, 0(0B) LOS objects, 23% free, 52MB/68MB, paused 552us total 27.791ms
08-03 19:33:28.286 22923 22936 I art     : Starting a blocking GC Explicit
08-03 19:33:28.314 22923 22936 I art     : Explicit concurrent mark sweep GC freed 3(96B) AllocSpace objects, 0(0B) LOS objects, 23% free, 52MB/68MB, paused 538us total 27.772ms
08-03 19:33:28.325 22923 22936 I art     : Starting a blocking GC Explicit
08-03 19:33:28.353 22923 22936 I art     : Explicit concurrent mark sweep GC freed 3(96B) AllocSpace objects, 0(0B) LOS objects, 23% free, 52MB/68MB, paused 583us total 27.224ms
08-03 19:33:28.364 22923 22936 I art     : Starting a blocking GC Explicit
08-03 19:33:28.392 22923 22936 I art     : Explicit concurrent mark sweep GC freed 3(96B) AllocSpace objects, 0(0B) LOS objects, 23% free, 52MB/68MB, paused 586us total 27.470ms
08-03 19:33:28.722 22923 22934 I art     : Starting a blocking GC Explicit
08-03 19:33:28.755 22923 22934 I art     : Explicit concurrent mark sweep GC freed 1340(78KB) AllocSpace objects, 1(20KB) LOS objects, 23% free, 52MB/68MB, paused 595us total 32.969ms
08-03 19:33:28.769 22923 22934 I art     : Starting a blocking GC Explicit
08-03 19:33:28.796 22923 22934 I art     : Explicit concurrent mark sweep GC freed 20(704B) AllocSpace objects, 0(0B) LOS objects, 23% free, 52MB/68MB, paused 568us total 27.225ms
08-03 19:33:28.808 22923 22934 I art     : Starting a blocking GC Explicit
08-03 19:33:28.834 22923 22934 I art     : Explicit concurrent mark sweep GC freed 3(96B) AllocSpace objects, 0(0B) LOS objects, 23% free, 52MB/68MB, paused 571us total 26.292ms
08-03 19:33:28.845 22923 22934 I art     : Starting a blocking GC Explicit
08-03 19:33:28.873 22923 22934 I art     : Explicit concurrent mark sweep GC freed 3(96B) AllocSpace objects, 0(0B) LOS objects, 23% free, 52MB/68MB, paused 560us total 27.800ms
08-03 19:33:28.885 22923 22934 I art     : Starting a blocking GC Explicit
08-03 19:33:28.910 22923 22934 I art     : Explicit concurrent mark sweep GC freed 3(96B) AllocSpace objects, 0(0B) LOS objects, 23% free, 52MB/68MB, paused 565us total 24.923ms
08-03 19:33:29.244 22923 23189 I art     : Starting a blocking GC Explicit
08-03 19:33:29.280 22923 23189 I art     : Explicit concurrent mark sweep GC freed 1340(78KB) AllocSpace objects, 1(20KB) LOS objects, 23% free, 52MB/68MB, paused 637us total 36.104ms
08-03 19:33:29.294 22923 23189 I art     : Starting a blocking GC Explicit
08-03 19:33:29.321 22923 23189 I art     : Explicit concurrent mark sweep GC freed 20(704B) AllocSpace objects, 0(0B) LOS objects, 23% free, 52MB/68MB, paused 566us total 26.696ms
08-03 19:33:29.332 22923 23189 I art     : Starting a blocking GC Explicit
08-03 19:33:29.359 22923 23189 I art     : Explicit concurrent mark sweep GC freed 3(96B) AllocSpace objects, 0(0B) LOS objects, 23% free, 52MB/68MB, paused 571us total 26.667ms
08-03 19:33:29.370 22923 23189 I art     : Starting a blocking GC Explicit
08-03 19:33:29.398 22923 23189 I art     : Explicit concurrent mark sweep GC freed 3(96B) AllocSpace objects, 0(0B) LOS objects, 23% free, 52MB/68MB, paused 571us total 27.219ms
08-03 19:33:29.409 22923 23189 I art     : Starting a blocking GC Explicit
08-03 19:33:29.435 22923 23189 I art     : Explicit concurrent mark sweep GC freed 3(96B) AllocSpace objects, 0(0B) LOS objects, 23% free, 52MB/68MB, paused 552us total 25.683ms
08-03 19:33:29.767 22923 22956 I art     : Starting a blocking GC Explicit
08-03 19:33:29.803 22923 22956 I art     : Explicit concurrent mark sweep GC freed 1340(78KB) AllocSpace objects, 1(20KB) LOS objects, 23% free, 52MB/68MB, paused 594us total 35.201ms
08-03 19:33:29.819 22923 22956 I art     : Starting a blocking GC Explicit
08-03 19:33:29.846 22923 22956 I art     : Explicit concurrent mark sweep GC freed 20(704B) AllocSpace objects, 0(0B) LOS objects, 23% free, 52MB/68MB, paused 655us total 27.249ms
08-03 19:33:29.858 22923 22956 I art     : Starting a blocking GC Explicit
08-03 19:33:29.886 22923 22956 I art     : Explicit concurrent mark sweep GC freed 3(96B) AllocSpace objects, 0(0B) LOS objects, 23% free, 52MB/68MB, paused 575us total 27.876ms
08-03 19:33:29.897 22923 22956 I art     : Starting a blocking GC Explicit
08-03 19:33:29.925 22923 22956 I art     : Explicit concurrent mark sweep GC freed 3(96B) AllocSpace objects, 0(0B) LOS objects, 23% free, 52MB/68MB, paused 552us total 27.163ms
08-03 19:33:29.936 22923 22956 I art     : Starting a blocking GC Explicit
08-03 19:33:29.963 22923 22956 I art     : Explicit concurrent mark sweep GC freed 3(96B) AllocSpace objects, 0(0B) LOS objects, 23% free, 52MB/68MB, paused 575us total 27.388ms
08-03 19:33:30.280 22923 22936 I art     : Starting a blocking GC Explicit
08-03 19:33:30.313 22923 22936 I art     : Explicit concurrent mark sweep GC freed 1340(78KB) AllocSpace objects, 1(20KB) LOS objects, 23% free, 52MB/68MB, paused 592us total 32.107ms
08-03 19:33:30.326 22923 22936 I art     : Starting a blocking GC Explicit
08-03 19:33:30.355 22923 22936 I art     : Explicit concurrent mark sweep GC freed 20(704B) AllocSpace objects, 0(0B) LOS objects, 23% free, 52MB/68MB, paused 593us total 28.044ms
08-03 19:33:30.366 22923 22936 I art     : Starting a blocking GC Explicit
08-03 19:33:30.394 22923 22936 I art     : Explicit concurrent mark sweep GC freed 3(96B) AllocSpace objects, 0(0B) LOS objects, 23% free, 52MB/68MB, paused 578us total 27.693ms
08-03 19:33:30.405 22923 22936 I art     : Starting a blocking GC Explicit
08-03 19:33:30.432 22923 22936 I art     : Explicit concurrent mark sweep GC freed 3(96B) AllocSpace objects, 0(0B) LOS objects, 23% free, 52MB/68MB, paused 554us total 26.258ms
08-03 19:33:30.443 22923 22936 I art     : Starting a blocking GC Explicit
08-03 19:33:30.471 22923 22936 I art     : Explicit concurrent mark sweep GC freed 3(96B) AllocSpace objects, 0(0B) LOS objects, 23% free, 52MB/68MB, paused 588us total 27.711ms
08-03 19:33:30.805 22923 22934 I art     : Starting a blocking GC Explicit
08-03 19:33:30.837 22923 22934 I art     : Explicit concurrent mark sweep GC freed 1340(78KB) AllocSpace objects, 1(20KB) LOS objects, 23% free, 52MB/68MB, paused 606us total 31.715ms
08-03 19:33:30.850 22923 22934 I art     : Starting a blocking GC Explicit
08-03 19:33:30.878 22923 22934 I art     : Explicit concurrent mark sweep GC freed 20(704B) AllocSpace objects, 0(0B) LOS objects, 23% free, 52MB/68MB, paused 594us total 27.708ms
08-03 19:33:30.889 22923 22934 I art     : Starting a blocking GC Explicit
08-03 19:33:30.914 22923 22934 I art     : Explicit concurrent mark sweep GC freed 3(96B) AllocSpace objects, 0(0B) LOS objects, 23% free, 52MB/68MB, paused 538us total 24.941ms
08-03 19:33:30.925 22923 22934 I art     : Starting a blocking GC Explicit
08-03 19:33:30.950 22923 22934 I art     : Explicit concurrent mark sweep GC freed 3(96B) AllocSpace objects, 0(0B) LOS objects, 23% free, 52MB/68MB, paused 539us total 24.569ms
08-03 19:33:30.960 22923 22934 I art     : Starting a blocking GC Explicit
08-03 19:33:30.985 22923 22934 I art     : Explicit concurrent mark sweep GC freed 3(96B) AllocSpace objects, 0(0B) LOS objects, 23% free, 52MB/68MB, paused 574us total 24.068ms
08-03 19:33:31.303 22923 23189 I art     : Starting a blocking GC Explicit
08-03 19:33:31.331 22923 23189 I art     : Explicit concurrent mark sweep GC freed 1340(78KB) AllocSpace objects, 1(20KB) LOS objects, 23% free, 52MB/68MB, paused 588us total 27.245ms
08-03 19:33:31.342 22923 23189 I art     : Starting a blocking GC Explicit
08-03 19:33:31.368 22923 23189 I art     : Explicit concurrent mark sweep GC freed 20(704B) AllocSpace objects, 0(0B) LOS objects, 23% free, 52MB/68MB, paused 601us total 26.131ms
08-03 19:33:31.379 22923 23189 I art     : Starting a blocking GC Explicit
08-03 19:33:31.405 22923 23189 I art     : Explicit concurrent mark sweep GC freed 3(96B) AllocSpace objects, 0(0B) LOS objects, 23% free, 52MB/68MB, paused 586us total 25.319ms
08-03 19:33:31.416 22923 23189 I art     : Starting a blocking GC Explicit
08-03 19:33:31.442 22923 23189 I art     : Explicit concurrent mark sweep GC freed 3(96B) AllocSpace objects, 0(0B) LOS objects, 23% free, 52MB/68MB, paused 599us total 26.174ms
08-03 19:33:31.453 22923 23189 I art     : Starting a blocking GC Explicit
08-03 19:33:31.477 24609 24609 D AndroidRuntime: >>>>>> START com.android.internal.os.RuntimeInit uid 2000 <<<<<<
08-03 19:33:31.479 22923 23189 I art     : Explicit concurrent mark sweep GC freed 3(96B) AllocSpace objects, 0(0B) LOS objects, 23% free, 52MB/68MB, paused 653us total 26.004ms
08-03 19:33:31.483 24609 24609 D AndroidRuntime: CheckJNI is OFF
08-03 19:33:31.527 24609 24609 D ICU     : No timezone override file found: /data/misc/zoneinfo/current/icu/icu_tzdata.dat
08-03 19:33:31.566   518   646 I ThermalEngine: ACTION: GPU - Setting GPU[0] to 510000000
08-03 19:33:31.573 24609 24609 I Radio-JNI: register_android_hardware_Radio DONE
08-03 19:33:31.603 24609 24609 D AndroidRuntime: Calling main entry com.android.commands.input.Input
08-03 19:33:31.605 24609 24609 I Input   : injectMotionEvent: MotionEvent { action=ACTION_DOWN, actionButton=0, id[0]=0, x[0]=733.0, y[0]=645.0, toolType[0]=TOOL_TYPE_UNKNOWN, buttonState=0, metaState=0, flags=0x0, edgeFlags=0x0, pointerCount=1, historySize=0, eventTime=646428017, downTime=646428017, deviceId=0, source=0x1002 }
08-03 19:33:31.612 24609 24609 I Input   : injectMotionEvent: MotionEvent { action=ACTION_UP, actionButton=0, id[0]=0, x[0]=733.0, y[0]=645.0, toolType[0]=TOOL_TYPE_UNKNOWN, buttonState=0, metaState=0, flags=0x0, edgeFlags=0x0, pointerCount=1, historySize=0, eventTime=646428017, downTime=646428017, deviceId=0, source=0x1002 }
08-03 19:33:31.615   918  3714 I ActivityManager: START u0 {cmp=baseline.appteam.nith.hillffair/.activities.ClubActivity (has extras)} from uid 10624 on display 0
08-03 19:33:31.632 24609 24609 D AndroidRuntime: Shutting down VM
08-03 19:33:31.710 13866 13866 I GoogleInputMethodServic: GoogleInputMethodService.onFinishInput():3138 
08-03 19:33:31.710   918   936 I ActivityManager: Displayed baseline.appteam.nith.hillffair/.activities.ClubActivity: +78ms
08-03 19:33:31.711 13866 13866 I GoogleInputMethodServic: GoogleInputMethodService.onStartInput():1808 
08-03 19:33:31.741 22923 22934 I art     : Starting a blocking GC Explicit
08-03 19:33:31.760 22923 22934 I art     : Explicit concurrent mark sweep GC freed 5243(327KB) AllocSpace objects, 1(20KB) LOS objects, 23% free, 52MB/68MB, paused 580us total 19.112ms
08-03 19:33:31.768 22923 22934 I art     : Starting a blocking GC Explicit
08-03 19:33:31.786 22923 22934 I art     : Explicit concurrent mark sweep GC freed 268(14KB) AllocSpace objects, 0(0B) LOS objects, 23% free, 52MB/68MB, paused 434us total 17.879ms
08-03 19:33:31.794 22923 22934 I art     : Starting a blocking GC Explicit
08-03 19:33:31.812 22923 22934 I art     : Explicit concurrent mark sweep GC freed 9(464B) AllocSpace objects, 0(0B) LOS objects, 23% free, 52MB/68MB, paused 428us total 17.794ms
08-03 19:33:31.820 22923 22934 I art     : Starting a blocking GC Explicit
08-03 19:33:31.838 22923 22934 I art     : Explicit concurrent mark sweep GC freed 3(96B) AllocSpace objects, 0(0B) LOS objects, 23% free, 52MB/68MB, paused 440us total 17.785ms
08-03 19:33:31.846 22923 22934 I art     : Starting a blocking GC Explicit
08-03 19:33:31.865 22923 22934 I art     : Explicit concurrent mark sweep GC freed 3(96B) AllocSpace objects, 0(0B) LOS objects, 23% free, 52MB/68MB, paused 473us total 19.058ms
08-03 19:33:31.959   380   380 W SurfaceFlinger: couldn't log to binary event log: overflow.
08-03 19:33:32.006 22816 22816 I ServiceManager: Waiting for service AtCmdFwd...
08-03 19:33:32.123 22923 23189 I art     : Starting a blocking GC Explicit
08-03 19:33:32.144 22923 23189 I art     : Explicit concurrent mark sweep GC freed 1852(102KB) AllocSpace objects, 1(20KB) LOS objects, 23% free, 52MB/68MB, paused 751us total 20.751ms
08-03 19:33:32.153 22923 23189 I art     : Starting a blocking GC Explicit
08-03 19:33:32.174 22923 23189 I art     : Explicit concurrent mark sweep GC freed 2026(108KB) AllocSpace objects, 2(120KB) LOS objects, 23% free, 52MB/68MB, paused 663us total 21.639ms
08-03 19:33:32.183 22923 23189 I art     : Starting a blocking GC Explicit
08-03 19:33:32.202 22923 23189 I art     : Explicit concurrent mark sweep GC freed 1045(117KB) AllocSpace objects, 1(80KB) LOS objects, 23% free, 52MB/68MB, paused 497us total 19.185ms
08-03 19:33:32.210 22923 23189 I art     : Starting a blocking GC Explicit
08-03 19:33:32.230 22923 23189 I art     : Explicit concurrent mark sweep GC freed 29(3KB) AllocSpace objects, 0(0B) LOS objects, 23% free, 52MB/68MB, paused 462us total 19.390ms
08-03 19:33:32.238 22923 23189 I art     : Starting a blocking GC Explicit
08-03 19:33:32.257 22923 23189 I art     : Explicit concurrent mark sweep GC freed 10(352B) AllocSpace objects, 0(0B) LOS objects, 23% free, 52MB/68MB, paused 473us total 19.329ms
08-03 19:33:32.422 22923 24639 D OkHttp  : --> GET https://api-hillfair-2k16.herokuapp.com/api/app/events/special/event?id=5806551bdcba0f490c70fd1f http/1.1
08-03 19:33:32.462 22923 24639 D OkHttp  : <-- 200 OK https://api-hillfair-2k16.herokuapp.com/api/app/events/special/event?id=5806551bdcba0f490c70fd1f (39ms, 795-byte body)
08-03 19:33:32.540 22923 23189 I art     : Starting a blocking GC Explicit
08-03 19:33:32.563 22923 23189 I art     : Explicit concurrent mark sweep GC freed 1697(119KB) AllocSpace objects, 1(20KB) LOS objects, 23% free, 52MB/68MB, paused 569us total 22.524ms
08-03 19:33:32.571   518   646 I ThermalEngine: ACTION: GPU - Setting GPU[0] to 450000000
08-03 19:33:32.574 22923 23189 I art     : Starting a blocking GC Explicit
08-03 19:33:32.599 22923 23189 I art     : Explicit concurrent mark sweep GC freed 95(3KB) AllocSpace objects, 0(0B) LOS objects, 23% free, 52MB/68MB, paused 623us total 25.352ms
08-03 19:33:32.610 22923 23189 I art     : Starting a blocking GC Explicit
08-03 19:33:32.637 22923 23189 I art     : Explicit concurrent mark sweep GC freed 14(496B) AllocSpace objects, 0(0B) LOS objects, 23% free, 52MB/68MB, paused 667us total 26.200ms
08-03 19:33:32.647 22923 23189 I art     : Starting a blocking GC Explicit
08-03 19:33:32.673 22923 23189 I art     : Explicit concurrent mark sweep GC freed 12(464B) AllocSpace objects, 0(0B) LOS objects, 23% free, 52MB/68MB, paused 614us total 25.510ms
08-03 19:33:32.684 22923 23189 I art     : Starting a blocking GC Explicit
08-03 19:33:32.709 22923 23189 I art     : Explicit concurrent mark sweep GC freed 15(544B) AllocSpace objects, 0(0B) LOS objects, 23% free, 52MB/68MB, paused 609us total 25.487ms
08-03 19:33:32.745 22923 22923 I NAPPA_EXPERIMENTATION: MetricNetworkRequestExecutionTime: REQUEST_DURATION_SYSTEM='1088',REQUEST_DURATION_OKHTTP='39',REQUEST_SYNCHRONOUS='FALSE',RESPONSE_CODE='200',RESPONSE_METHOD='GET',RESPONSE_LENGTH_OKHTTP='795',RESPONSE_LENGTH_HEADER='795',REQUEST_PROTOCOL='http/1.1',REQUEST_URL='https://api-hillfair-2k16.herokuapp.com/api/app/events/special/event?id=5806551bdcba0f490c70fd1f',
08-03 19:33:32.999 22923 22956 I art     : Starting a blocking GC Explicit
08-03 19:33:33.007 22816 22816 I ServiceManager: Waiting for service AtCmdFwd...
08-03 19:33:33.027 22923 22956 I art     : Explicit concurrent mark sweep GC freed 1942(142KB) AllocSpace objects, 1(20KB) LOS objects, 23% free, 52MB/68MB, paused 590us total 27.258ms
08-03 19:33:33.039 22923 22956 I art     : Starting a blocking GC Explicit
08-03 19:33:33.065 22923 22956 I art     : Explicit concurrent mark sweep GC freed 65(2176B) AllocSpace objects, 0(0B) LOS objects, 23% free, 52MB/68MB, paused 574us total 25.570ms
08-03 19:33:33.076 22923 22956 I art     : Starting a blocking GC Explicit
08-03 19:33:33.102 22923 22956 I art     : Explicit concurrent mark sweep GC freed 3(96B) AllocSpace objects, 0(0B) LOS objects, 23% free, 52MB/68MB, paused 572us total 25.640ms
08-03 19:33:33.112 22923 22956 I art     : Starting a blocking GC Explicit
08-03 19:33:33.138 22923 22956 I art     : Explicit concurrent mark sweep GC freed 3(96B) AllocSpace objects, 0(0B) LOS objects, 23% free, 52MB/68MB, paused 597us total 25.800ms
08-03 19:33:33.149 22923 22956 I art     : Starting a blocking GC Explicit
08-03 19:33:33.175 22923 22956 I art     : Explicit concurrent mark sweep GC freed 19(656B) AllocSpace objects, 0(0B) LOS objects, 23% free, 52MB/68MB, paused 584us total 25.897ms
08-03 19:33:33.473 22923 22934 I art     : Starting a blocking GC Explicit
08-03 19:33:33.508 22923 22934 I art     : Explicit concurrent mark sweep GC freed 1341(78KB) AllocSpace objects, 1(20KB) LOS objects, 23% free, 52MB/68MB, paused 822us total 34.471ms
08-03 19:33:33.521 22923 22934 I art     : Starting a blocking GC Explicit
08-03 19:33:33.551 22923 22934 I art     : Explicit concurrent mark sweep GC freed 20(704B) AllocSpace objects, 0(0B) LOS objects, 23% free, 52MB/68MB, paused 614us total 29.178ms
08-03 19:33:33.562 22923 22934 I art     : Starting a blocking GC Explicit
08-03 19:33:33.590 22923 22934 I art     : Explicit concurrent mark sweep GC freed 3(96B) AllocSpace objects, 0(0B) LOS objects, 23% free, 52MB/68MB, paused 577us total 27.318ms
08-03 19:33:33.601 22923 22934 I art     : Starting a blocking GC Explicit
08-03 19:33:33.631 22923 22934 I art     : Explicit concurrent mark sweep GC freed 3(96B) AllocSpace objects, 0(0B) LOS objects, 23% free, 52MB/68MB, paused 598us total 29.116ms
08-03 19:33:33.642 22923 22934 I art     : Starting a blocking GC Explicit
08-03 19:33:33.671 22923 22934 I art     : Explicit concurrent mark sweep GC freed 3(96B) AllocSpace objects, 0(0B) LOS objects, 23% free, 52MB/68MB, paused 597us total 28.753ms
08-03 19:33:33.977 22923 23189 I art     : Starting a blocking GC Explicit
08-03 19:33:34.005 22923 23189 I art     : Explicit concurrent mark sweep GC freed 1341(78KB) AllocSpace objects, 1(20KB) LOS objects, 23% free, 52MB/68MB, paused 581us total 27.517ms
08-03 19:33:34.007 22816 22816 I ServiceManager: Waiting for service AtCmdFwd...
08-03 19:33:34.016 22923 23189 I art     : Starting a blocking GC Explicit
08-03 19:33:34.043 22923 23189 I art     : Explicit concurrent mark sweep GC freed 20(704B) AllocSpace objects, 0(0B) LOS objects, 23% free, 52MB/68MB, paused 592us total 26.603ms
08-03 19:33:34.054 22923 23189 I art     : Starting a blocking GC Explicit
08-03 19:33:34.081 22923 23189 I art     : Explicit concurrent mark sweep GC freed 3(96B) AllocSpace objects, 0(0B) LOS objects, 23% free, 52MB/68MB, paused 600us total 26.336ms
08-03 19:33:34.092 22923 23189 I art     : Starting a blocking GC Explicit
08-03 19:33:34.119 22923 23189 I art     : Explicit concurrent mark sweep GC freed 3(96B) AllocSpace objects, 0(0B) LOS objects, 23% free, 52MB/68MB, paused 580us total 26.640ms
08-03 19:33:34.130 22923 23189 I art     : Starting a blocking GC Explicit
08-03 19:33:34.156 22923 23189 I art     : Explicit concurrent mark sweep GC freed 3(96B) AllocSpace objects, 0(0B) LOS objects, 23% free, 52MB/68MB, paused 586us total 26.418ms
08-03 19:33:34.493 22923 22936 I art     : Starting a blocking GC Explicit
08-03 19:33:34.531 22923 22936 I art     : Explicit concurrent mark sweep GC freed 1341(78KB) AllocSpace objects, 1(20KB) LOS objects, 23% free, 52MB/68MB, paused 681us total 37.970ms
08-03 19:33:34.546 22923 22936 I art     : Starting a blocking GC Explicit
08-03 19:33:34.576 22923 22936 I art     : Explicit concurrent mark sweep GC freed 20(704B) AllocSpace objects, 0(0B) LOS objects, 23% free, 52MB/68MB, paused 601us total 29.937ms
08-03 19:33:34.588 22923 22936 I art     : Starting a blocking GC Explicit
08-03 19:33:34.617 22923 22936 I art     : Explicit concurrent mark sweep GC freed 3(96B) AllocSpace objects, 0(0B) LOS objects, 23% free, 52MB/68MB, paused 695us total 29.313ms
08-03 19:33:34.628 22923 22936 I art     : Starting a blocking GC Explicit
08-03 19:33:34.658 22923 22936 I art     : Explicit concurrent mark sweep GC freed 3(96B) AllocSpace objects, 0(0B) LOS objects, 23% free, 52MB/68MB, paused 634us total 29.175ms
08-03 19:33:34.669 22923 22936 I art     : Starting a blocking GC Explicit
08-03 19:33:34.697 22923 22936 I art     : Explicit concurrent mark sweep GC freed 3(96B) AllocSpace objects, 0(0B) LOS objects, 23% free, 52MB/68MB, paused 691us total 27.465ms
08-03 19:33:35.008 22816 22816 I ServiceManager: Waiting for service AtCmdFwd...
08-03 19:33:35.029 22923 22956 I art     : Starting a blocking GC Explicit
08-03 19:33:35.063 22923 22956 I art     : Explicit concurrent mark sweep GC freed 1341(78KB) AllocSpace objects, 1(20KB) LOS objects, 23% free, 52MB/68MB, paused 618us total 33.659ms
08-03 19:33:35.077 22923 22956 I art     : Starting a blocking GC Explicit
08-03 19:33:35.110 22923 22956 I art     : Explicit concurrent mark sweep GC freed 20(704B) AllocSpace objects, 0(0B) LOS objects, 23% free, 52MB/68MB, paused 614us total 32.477ms
08-03 19:33:35.121 22923 22956 I art     : Starting a blocking GC Explicit
08-03 19:33:35.151 22923 22956 I art     : Explicit concurrent mark sweep GC freed 3(96B) AllocSpace objects, 0(0B) LOS objects, 23% free, 52MB/68MB, paused 587us total 29.570ms
08-03 19:33:35.162 22923 22956 I art     : Starting a blocking GC Explicit
08-03 19:33:35.191 22923 22956 I art     : Explicit concurrent mark sweep GC freed 3(96B) AllocSpace objects, 0(0B) LOS objects, 23% free, 52MB/68MB, paused 604us total 28.367ms
08-03 19:33:35.203 22923 22956 I art     : Starting a blocking GC Explicit
08-03 19:33:35.232 22923 22956 I art     : Explicit concurrent mark sweep GC freed 3(96B) AllocSpace objects, 0(0B) LOS objects, 23% free, 52MB/68MB, paused 606us total 28.935ms
08-03 19:33:35.567 22923 22934 I art     : Starting a blocking GC Explicit
08-03 19:33:35.598 22923 22934 I art     : Explicit concurrent mark sweep GC freed 1341(78KB) AllocSpace objects, 1(20KB) LOS objects, 23% free, 52MB/68MB, paused 629us total 31.122ms
08-03 19:33:35.612 22923 22934 I art     : Starting a blocking GC Explicit
08-03 19:33:35.643 22923 22934 I art     : Explicit concurrent mark sweep GC freed 20(704B) AllocSpace objects, 0(0B) LOS objects, 23% free, 52MB/68MB, paused 601us total 30.612ms
08-03 19:33:35.654 22923 22934 I art     : Starting a blocking GC Explicit
08-03 19:33:35.683 22923 22934 I art     : Explicit concurrent mark sweep GC freed 3(96B) AllocSpace objects, 0(0B) LOS objects, 23% free, 52MB/68MB, paused 600us total 28.592ms
08-03 19:33:35.695 22923 22934 I art     : Starting a blocking GC Explicit
08-03 19:33:35.724 22923 22934 I art     : Explicit concurrent mark sweep GC freed 3(96B) AllocSpace objects, 0(0B) LOS objects, 23% free, 52MB/68MB, paused 583us total 29.451ms
08-03 19:33:35.736 22923 22934 I art     : Starting a blocking GC Explicit
08-03 19:33:35.765 22923 22934 I art     : Explicit concurrent mark sweep GC freed 3(96B) AllocSpace objects, 0(0B) LOS objects, 23% free, 52MB/68MB, paused 577us total 28.709ms
08-03 19:33:36.008 22816 22816 I ServiceManager: Waiting for service AtCmdFwd...
08-03 19:33:36.041 22923 23189 I art     : Starting a blocking GC Explicit
08-03 19:33:36.068 22923 23189 I art     : Explicit concurrent mark sweep GC freed 1341(78KB) AllocSpace objects, 1(20KB) LOS objects, 23% free, 52MB/68MB, paused 629us total 26.567ms
08-03 19:33:36.079 22923 23189 I art     : Starting a blocking GC Explicit
08-03 19:33:36.108 22923 23189 I art     : Explicit concurrent mark sweep GC freed 20(704B) AllocSpace objects, 0(0B) LOS objects, 23% free, 52MB/68MB, paused 643us total 27.893ms
08-03 19:33:36.119 22923 23189 I art     : Starting a blocking GC Explicit
08-03 19:33:36.146 22923 23189 I art     : Explicit concurrent mark sweep GC freed 3(96B) AllocSpace objects, 0(0B) LOS objects, 23% free, 52MB/68MB, paused 636us total 26.754ms
08-03 19:33:36.157 22923 23189 I art     : Starting a blocking GC Explicit
08-03 19:33:36.184 22923 23189 I art     : Explicit concurrent mark sweep GC freed 3(96B) AllocSpace objects, 0(0B) LOS objects, 23% free, 52MB/68MB, paused 628us total 26.859ms
08-03 19:33:36.195 22923 23189 I art     : Starting a blocking GC Explicit
08-03 19:33:36.223 22923 23189 I art     : Explicit concurrent mark sweep GC freed 3(96B) AllocSpace objects, 0(0B) LOS objects, 23% free, 52MB/68MB, paused 602us total 27.915ms
08-03 19:33:36.426 24729 24729 D AndroidRuntime: >>>>>> START com.android.internal.os.RuntimeInit uid 2000 <<<<<<
08-03 19:33:36.432 24729 24729 D AndroidRuntime: CheckJNI is OFF
08-03 19:33:36.472 24729 24729 D ICU     : No timezone override file found: /data/misc/zoneinfo/current/icu/icu_tzdata.dat
08-03 19:33:36.516 24729 24729 I Radio-JNI: register_android_hardware_Radio DONE
08-03 19:33:36.543 22923 22936 I art     : Starting a blocking GC Explicit
08-03 19:33:36.545 24729 24729 D AndroidRuntime: Calling main entry com.android.commands.input.Input
08-03 19:33:36.546 24729 24729 I Input   : injectKeyEvent: KeyEvent { action=ACTION_DOWN, keyCode=KEYCODE_BACK, scanCode=0, metaState=0, flags=0x0, repeatCount=0, eventTime=646432959, downTime=646432959, deviceId=-1, source=0x101 }
08-03 19:33:36.551 24729 24729 I Input   : injectKeyEvent: KeyEvent { action=ACTION_UP, keyCode=KEYCODE_BACK, scanCode=0, metaState=0, flags=0x0, repeatCount=0, eventTime=646432959, downTime=646432959, deviceId=-1, source=0x101 }
08-03 19:33:36.557 24729 24729 D AndroidRuntime: Shutting down VM
08-03 19:33:36.570 22923 22936 I art     : Explicit concurrent mark sweep GC freed 1466(83KB) AllocSpace objects, 1(20KB) LOS objects, 23% free, 52MB/68MB, paused 671us total 26.632ms
08-03 19:33:36.578   518   646 I ThermalEngine: ACTION: GPU - Setting GPU[0] to 510000000
08-03 19:33:36.581 22923 22936 I art     : Starting a blocking GC Explicit
08-03 19:33:36.595 13866 13866 I GoogleInputMethodServic: GoogleInputMethodService.onFinishInput():3138 
08-03 19:33:36.595 13866 13866 I GoogleInputMethodServic: GoogleInputMethodService.onStartInput():1808 
08-03 19:33:36.607 22923 22936 I art     : Explicit concurrent mark sweep GC freed 40(1648B) AllocSpace objects, 0(0B) LOS objects, 23% free, 52MB/68MB, paused 712us total 25.235ms
08-03 19:33:36.617 22923 22936 I art     : Starting a blocking GC Explicit
08-03 19:33:36.638 22923 22936 I art     : Explicit concurrent mark sweep GC freed 31(1024B) AllocSpace objects, 0(0B) LOS objects, 23% free, 52MB/68MB, paused 419us total 20.392ms
08-03 19:33:36.647 22923 22936 I art     : Starting a blocking GC Explicit
08-03 19:33:36.665 22923 22936 I art     : Explicit concurrent mark sweep GC freed 6(224B) AllocSpace objects, 0(0B) LOS objects, 23% free, 52MB/68MB, paused 398us total 17.419ms
08-03 19:33:36.673 22923 22936 I art     : Starting a blocking GC Explicit
08-03 19:33:36.691 22923 22936 I art     : Explicit concurrent mark sweep GC freed 3(96B) AllocSpace objects, 0(0B) LOS objects, 23% free, 52MB/68MB, paused 403us total 18.233ms
08-03 19:33:36.897   380   380 W SurfaceFlinger: couldn't log to binary event log: overflow.
08-03 19:33:36.940 22923 22934 I art     : Starting a blocking GC Explicit
08-03 19:33:36.960 22923 22934 I art     : Explicit concurrent mark sweep GC freed 1450(87KB) AllocSpace objects, 1(20KB) LOS objects, 23% free, 52MB/68MB, paused 427us total 19.672ms
08-03 19:33:36.968 22923 22934 I art     : Starting a blocking GC Explicit
08-03 19:33:36.987 22923 22934 I art     : Explicit concurrent mark sweep GC freed 1672(107KB) AllocSpace objects, 3(400KB) LOS objects, 23% free, 52MB/68MB, paused 473us total 18.994ms
08-03 19:33:36.995 22923 22934 I art     : Starting a blocking GC Explicit
08-03 19:33:37.009 22816 22816 W Atfwd_Sendcmd: AtCmdFwd service not published, waiting... retryCnt : 3
08-03 19:33:37.014 22923 22934 I art     : Explicit concurrent mark sweep GC freed 3(96B) AllocSpace objects, 0(0B) LOS objects, 23% free, 52MB/68MB, paused 433us total 19.446ms
08-03 19:33:37.023 22923 22934 I art     : Starting a blocking GC Explicit
08-03 19:33:37.043 22923 22934 I art     : Explicit concurrent mark sweep GC freed 3(96B) AllocSpace objects, 0(0B) LOS objects, 23% free, 52MB/68MB, paused 429us total 19.761ms
08-03 19:33:37.051 22923 22934 I art     : Starting a blocking GC Explicit
08-03 19:33:37.070 22923 22934 I art     : Explicit concurrent mark sweep GC freed 3(96B) AllocSpace objects, 0(0B) LOS objects, 23% free, 52MB/68MB, paused 433us total 19.401ms
08-03 19:33:37.325 22923 23189 I art     : Starting a blocking GC Explicit
08-03 19:33:37.347 22923 23189 I art     : Explicit concurrent mark sweep GC freed 1341(78KB) AllocSpace objects, 1(20KB) LOS objects, 23% free, 52MB/68MB, paused 434us total 20.863ms
08-03 19:33:37.358 22923 23189 I art     : Starting a blocking GC Explicit
08-03 19:33:37.383 22923 23189 I art     : Explicit concurrent mark sweep GC freed 20(704B) AllocSpace objects, 0(0B) LOS objects, 23% free, 52MB/68MB, paused 484us total 24.033ms
08-03 19:33:37.391 22923 23189 I art     : Starting a blocking GC Explicit
08-03 19:33:37.413 22923 23189 I art     : Explicit concurrent mark sweep GC freed 3(96B) AllocSpace objects, 0(0B) LOS objects, 23% free, 52MB/68MB, paused 449us total 21.021ms
08-03 19:33:37.421 22923 23189 I art     : Starting a blocking GC Explicit
08-03 19:33:37.442 22923 23189 I art     : Explicit concurrent mark sweep GC freed 3(96B) AllocSpace objects, 0(0B) LOS objects, 23% free, 52MB/68MB, paused 441us total 20.447ms
08-03 19:33:37.451 22923 23189 I art     : Starting a blocking GC Explicit
08-03 19:33:37.471 22923 23189 I art     : Explicit concurrent mark sweep GC freed 3(96B) AllocSpace objects, 0(0B) LOS objects, 23% free, 52MB/68MB, paused 447us total 20.386ms
08-03 19:33:37.582   518   646 I ThermalEngine: ACTION: GPU - Setting GPU[0] to 450000000
08-03 19:33:37.776 22923 22956 I art     : Starting a blocking GC Explicit
08-03 19:33:37.806 22923 22956 I art     : Explicit concurrent mark sweep GC freed 1340(78KB) AllocSpace objects, 1(20KB) LOS objects, 23% free, 52MB/68MB, paused 592us total 29.928ms
08-03 19:33:37.822 22923 22956 I art     : Starting a blocking GC Explicit
08-03 19:33:37.846 22923 22956 I art     : Explicit concurrent mark sweep GC freed 20(704B) AllocSpace objects, 0(0B) LOS objects, 23% free, 52MB/68MB, paused 594us total 24.053ms
08-03 19:33:37.857 22923 22956 I art     : Starting a blocking GC Explicit
08-03 19:33:37.881 22923 22956 I art     : Explicit concurrent mark sweep GC freed 3(96B) AllocSpace objects, 0(0B) LOS objects, 23% free, 52MB/68MB, paused 580us total 24.414ms
08-03 19:33:37.892 22923 22956 I art     : Starting a blocking GC Explicit
08-03 19:33:37.917 22923 22956 I art     : Explicit concurrent mark sweep GC freed 3(96B) AllocSpace objects, 0(0B) LOS objects, 23% free, 52MB/68MB, paused 592us total 24.259ms
08-03 19:33:37.927 22923 22956 I art     : Starting a blocking GC Explicit
08-03 19:33:37.952 22923 22956 I art     : Explicit concurrent mark sweep GC freed 3(96B) AllocSpace objects, 0(0B) LOS objects, 23% free, 52MB/68MB, paused 596us total 24.378ms
08-03 19:33:38.246 22923 22936 I art     : Starting a blocking GC Explicit
08-03 19:33:38.277 22923 22936 I art     : Explicit concurrent mark sweep GC freed 1340(78KB) AllocSpace objects, 1(20KB) LOS objects, 23% free, 52MB/68MB, paused 664us total 30.237ms
08-03 19:33:38.288 22923 22936 I art     : Starting a blocking GC Explicit
08-03 19:33:38.314 22923 22936 I art     : Explicit concurrent mark sweep GC freed 20(704B) AllocSpace objects, 0(0B) LOS objects, 23% free, 52MB/68MB, paused 621us total 26.363ms
08-03 19:33:38.325 22923 22936 I art     : Starting a blocking GC Explicit
08-03 19:33:38.340 24800 24800 D AndroidRuntime: >>>>>> START com.android.internal.os.RuntimeInit uid 2000 <<<<<<
08-03 19:33:38.346 24800 24800 D AndroidRuntime: CheckJNI is OFF
08-03 19:33:38.351 22923 22936 I art     : Explicit concurrent mark sweep GC freed 3(96B) AllocSpace objects, 0(0B) LOS objects, 23% free, 52MB/68MB, paused 644us total 25.845ms
08-03 19:33:38.362 22923 22936 I art     : Starting a blocking GC Explicit
08-03 19:33:38.388 22923 22936 I art     : Explicit concurrent mark sweep GC freed 3(96B) AllocSpace objects, 0(0B) LOS objects, 23% free, 52MB/68MB, paused 648us total 25.782ms
08-03 19:33:38.392 24800 24800 D ICU     : No timezone override file found: /data/misc/zoneinfo/current/icu/icu_tzdata.dat
08-03 19:33:38.400 22923 22936 I art     : Starting a blocking GC Explicit
08-03 19:33:38.425 22923 22936 I art     : Explicit concurrent mark sweep GC freed 3(96B) AllocSpace objects, 0(0B) LOS objects, 23% free, 52MB/68MB, paused 662us total 25.426ms
08-03 19:33:38.440 24800 24800 I Radio-JNI: register_android_hardware_Radio DONE
08-03 19:33:38.470 24800 24800 D AndroidRuntime: Calling main entry com.android.commands.input.Input
08-03 19:33:38.472 24800 24800 I Input   : injectKeyEvent: KeyEvent { action=ACTION_DOWN, keyCode=KEYCODE_BACK, scanCode=0, metaState=0, flags=0x0, repeatCount=0, eventTime=646434885, downTime=646434885, deviceId=-1, source=0x101 }
08-03 19:33:38.478 24800 24800 I Input   : injectKeyEvent: KeyEvent { action=ACTION_UP, keyCode=KEYCODE_BACK, scanCode=0, metaState=0, flags=0x0, repeatCount=0, eventTime=646434885, downTime=646434885, deviceId=-1, source=0x101 }
08-03 19:33:38.484 24800 24800 D AndroidRuntime: Shutting down VM
08-03 19:33:38.529 13866 13866 I GoogleInputMethodServic: GoogleInputMethodService.onFinishInput():3138 
08-03 19:33:38.530 13866 13866 I GoogleInputMethodServic: GoogleInputMethodService.onStartInput():1808 
08-03 19:33:38.705 22923 22936 I art     : Starting a blocking GC Explicit
08-03 19:33:38.730 22923 22936 I art     : Explicit concurrent mark sweep GC freed 1550(87KB) AllocSpace objects, 1(20KB) LOS objects, 23% free, 52MB/68MB, paused 582us total 24.250ms
08-03 19:33:38.741 22923 22936 I art     : Starting a blocking GC Explicit
08-03 19:33:38.764 22923 22936 I art     : Explicit concurrent mark sweep GC freed 24(864B) AllocSpace objects, 0(0B) LOS objects, 23% free, 52MB/68MB, paused 595us total 23.561ms
08-03 19:33:38.776 22923 22936 I art     : Starting a blocking GC Explicit
08-03 19:33:38.801 22923 22936 I art     : Explicit concurrent mark sweep GC freed 3(96B) AllocSpace objects, 0(0B) LOS objects, 23% free, 52MB/68MB, paused 563us total 24.909ms
08-03 19:33:38.812 22923 22936 I art     : Starting a blocking GC Explicit
08-03 19:33:38.837 22923 22936 I art     : Explicit concurrent mark sweep GC freed 642(31KB) AllocSpace objects, 0(0B) LOS objects, 23% free, 52MB/68MB, paused 625us total 24.128ms
08-03 19:33:38.848 22923 22936 I art     : Starting a blocking GC Explicit
08-03 19:33:38.872 22923 22936 I art     : Explicit concurrent mark sweep GC freed 120(6KB) AllocSpace objects, 0(0B) LOS objects, 23% free, 52MB/68MB, paused 600us total 23.583ms
08-03 19:33:39.167 22923 22956 I art     : Starting a blocking GC Explicit
08-03 19:33:39.197 22923 22956 I art     : Explicit concurrent mark sweep GC freed 3310(199KB) AllocSpace objects, 3(160KB) LOS objects, 23% free, 52MB/68MB, paused 740us total 30.446ms
08-03 19:33:39.211 22923 22956 I art     : Starting a blocking GC Explicit
08-03 19:33:39.236 22923 22956 I art     : Explicit concurrent mark sweep GC freed 20(704B) AllocSpace objects, 0(0B) LOS objects, 23% free, 52MB/68MB, paused 588us total 24.821ms
08-03 19:33:39.247 22923 22956 I art     : Starting a blocking GC Explicit
08-03 19:33:39.272 22923 22956 I art     : Explicit concurrent mark sweep GC freed 3(96B) AllocSpace objects, 0(0B) LOS objects, 23% free, 52MB/68MB, paused 592us total 24.905ms
08-03 19:33:39.283 22923 22956 I art     : Starting a blocking GC Explicit
08-03 19:33:39.308 22923 22956 I art     : Explicit concurrent mark sweep GC freed 3(96B) AllocSpace objects, 0(0B) LOS objects, 23% free, 52MB/68MB, paused 601us total 24.963ms
08-03 19:33:39.319 22923 22956 I art     : Starting a blocking GC Explicit
08-03 19:33:39.344 22923 22956 I art     : Explicit concurrent mark sweep GC freed 5(160B) AllocSpace objects, 0(0B) LOS objects, 23% free, 52MB/68MB, paused 586us total 24.817ms
08-03 19:33:39.653 22923 23189 I art     : Starting a blocking GC Explicit
08-03 19:33:39.687 22923 23189 I art     : Explicit concurrent mark sweep GC freed 1349(78KB) AllocSpace objects, 1(20KB) LOS objects, 23% free, 52MB/68MB, paused 639us total 33.810ms
08-03 19:33:39.701 22923 23189 I art     : Starting a blocking GC Explicit
08-03 19:33:39.728 22923 23189 I art     : Explicit concurrent mark sweep GC freed 34(1136B) AllocSpace objects, 0(0B) LOS objects, 23% free, 52MB/68MB, paused 564us total 26.118ms
08-03 19:33:39.739 22923 23189 I art     : Starting a blocking GC Explicit
08-03 19:33:39.763 22923 23189 I art     : Explicit concurrent mark sweep GC freed 3(96B) AllocSpace objects, 0(0B) LOS objects, 23% free, 52MB/68MB, paused 579us total 24.101ms
08-03 19:33:39.773 22923 23189 I art     : Starting a blocking GC Explicit
08-03 19:33:39.797 22923 23189 I art     : Explicit concurrent mark sweep GC freed 3(96B) AllocSpace objects, 0(0B) LOS objects, 23% free, 52MB/68MB, paused 644us total 23.420ms
08-03 19:33:39.807 22923 23189 I art     : Starting a blocking GC Explicit
08-03 19:33:39.831 22923 23189 I art     : Explicit concurrent mark sweep GC freed 3(96B) AllocSpace objects, 0(0B) LOS objects, 23% free, 52MB/68MB, paused 576us total 22.958ms
08-03 19:33:40.121 22923 24834 I art     : Starting a blocking GC Explicit
08-03 19:33:40.150 22923 24834 I art     : Explicit concurrent mark sweep GC freed 1338(78KB) AllocSpace objects, 1(20KB) LOS objects, 23% free, 52MB/68MB, paused 581us total 27.823ms
08-03 19:33:40.160 22923 24834 I art     : Starting a blocking GC Explicit
08-03 19:33:40.185 22923 24834 I art     : Explicit concurrent mark sweep GC freed 20(704B) AllocSpace objects, 0(0B) LOS objects, 23% free, 52MB/68MB, paused 588us total 24.372ms
08-03 19:33:40.196 22923 24834 I art     : Starting a blocking GC Explicit
08-03 19:33:40.220 22923 24834 I art     : Explicit concurrent mark sweep GC freed 3(96B) AllocSpace objects, 0(0B) LOS objects, 23% free, 52MB/68MB, paused 581us total 24.180ms
08-03 19:33:40.231 22923 24834 I art     : Starting a blocking GC Explicit
08-03 19:33:40.255 22923 24834 I art     : Explicit concurrent mark sweep GC freed 3(96B) AllocSpace objects, 0(0B) LOS objects, 23% free, 52MB/68MB, paused 597us total 24.261ms
08-03 19:33:40.258 24855 24855 D AndroidRuntime: >>>>>> START com.android.internal.os.RuntimeInit uid 2000 <<<<<<
08-03 19:33:40.264 24855 24855 D AndroidRuntime: CheckJNI is OFF
08-03 19:33:40.266 22923 24834 I art     : Starting a blocking GC Explicit
08-03 19:33:40.291 22923 24834 I art     : Explicit concurrent mark sweep GC freed 3(96B) AllocSpace objects, 0(0B) LOS objects, 23% free, 52MB/68MB, paused 595us total 24.873ms
08-03 19:33:40.314 24855 24855 D ICU     : No timezone override file found: /data/misc/zoneinfo/current/icu/icu_tzdata.dat
08-03 19:33:40.358 24855 24855 I Radio-JNI: register_android_hardware_Radio DONE
08-03 19:33:40.389 24855 24855 D AndroidRuntime: Calling main entry com.android.commands.input.Input
08-03 19:33:40.391 24855 24855 I Input   : injectMotionEvent: MotionEvent { action=ACTION_DOWN, actionButton=0, id[0]=0, x[0]=1053.0, y[0]=1173.0, toolType[0]=TOOL_TYPE_UNKNOWN, buttonState=0, metaState=0, flags=0x0, edgeFlags=0x0, pointerCount=1, historySize=0, eventTime=646436803, downTime=646436803, deviceId=0, source=0x1002 }
08-03 19:33:40.398 24855 24855 I Input   : injectMotionEvent: MotionEvent { action=ACTION_UP, actionButton=0, id[0]=0, x[0]=1053.0, y[0]=1173.0, toolType[0]=TOOL_TYPE_UNKNOWN, buttonState=0, metaState=0, flags=0x0, edgeFlags=0x0, pointerCount=1, historySize=0, eventTime=646436803, downTime=646436803, deviceId=0, source=0x1002 }
08-03 19:33:40.400   918  6111 I ActivityManager: START u0 {cmp=baseline.appteam.nith.hillffair/.activities.QuizActivity} from uid 10624 on display 0
08-03 19:33:40.412 24855 24855 D AndroidRuntime: Shutting down VM
08-03 19:33:40.557 13866 13866 I GoogleInputMethodServic: GoogleInputMethodService.onFinishInput():3138 
08-03 19:33:40.558 13866 13866 I GoogleInputMethodServic: GoogleInputMethodService.onStartInput():1808 
08-03 19:33:40.560   918   936 I ActivityManager: Displayed baseline.appteam.nith.hillffair/.activities.QuizActivity: +147ms
08-03 19:33:40.575 22923 22934 I art     : Starting a blocking GC Explicit
08-03 19:33:40.602 22923 22934 I art     : Explicit concurrent mark sweep GC freed 2157(142KB) AllocSpace objects, 1(20KB) LOS objects, 23% free, 52MB/68MB, paused 601us total 26.719ms
08-03 19:33:40.612 22923 22934 I art     : Starting a blocking GC Explicit
08-03 19:33:40.637 22923 22934 I art     : Explicit concurrent mark sweep GC freed 195(8KB) AllocSpace objects, 0(0B) LOS objects, 23% free, 52MB/68MB, paused 563us total 24.245ms
08-03 19:33:40.647 22923 22934 I art     : Starting a blocking GC Explicit
08-03 19:33:40.673 22923 22934 I art     : Explicit concurrent mark sweep GC freed 15(576B) AllocSpace objects, 0(0B) LOS objects, 23% free, 52MB/68MB, paused 582us total 25.106ms
08-03 19:33:40.684 22923 22934 I art     : Starting a blocking GC Explicit
08-03 19:33:40.713 22923 22934 I art     : Explicit concurrent mark sweep GC freed 3(96B) AllocSpace objects, 0(0B) LOS objects, 23% free, 52MB/68MB, paused 558us total 28.229ms
08-03 19:33:40.726 22923 22934 I art     : Starting a blocking GC Explicit
08-03 19:33:40.755 22923 22934 I art     : Explicit concurrent mark sweep GC freed 3(96B) AllocSpace objects, 0(0B) LOS objects, 23% free, 52MB/68MB, paused 571us total 28.630ms
08-03 19:33:40.801   380   380 W SurfaceFlinger: couldn't log to binary event log: overflow.
08-03 19:33:41.049 22923 22934 I art     : Starting a blocking GC Explicit
08-03 19:33:41.079 22923 22934 I art     : Explicit concurrent mark sweep GC freed 1410(82KB) AllocSpace objects, 1(20KB) LOS objects, 23% free, 52MB/68MB, paused 638us total 28.628ms
08-03 19:33:41.091 22923 22934 I art     : Starting a blocking GC Explicit
08-03 19:33:41.117 22923 22934 I art     : Explicit concurrent mark sweep GC freed 20(704B) AllocSpace objects, 0(0B) LOS objects, 23% free, 52MB/68MB, paused 660us total 25.858ms
08-03 19:33:41.128 22923 22934 I art     : Starting a blocking GC Explicit
08-03 19:33:41.154 22923 22934 I art     : Explicit concurrent mark sweep GC freed 3(96B) AllocSpace objects, 0(0B) LOS objects, 23% free, 52MB/68MB, paused 582us total 25.975ms
08-03 19:33:41.165 22923 22934 I art     : Starting a blocking GC Explicit
08-03 19:33:41.192 22923 22934 I art     : Explicit concurrent mark sweep GC freed 3(96B) AllocSpace objects, 0(0B) LOS objects, 23% free, 52MB/68MB, paused 566us total 26.242ms
08-03 19:33:41.203 22923 22934 I art     : Starting a blocking GC Explicit
08-03 19:33:41.229 22923 22934 I art     : Explicit concurrent mark sweep GC freed 3(96B) AllocSpace objects, 0(0B) LOS objects, 23% free, 52MB/68MB, paused 574us total 25.803ms
08-03 19:33:41.543 22923 22956 I art     : Starting a blocking GC Explicit
08-03 19:33:41.577 22923 22956 I art     : Explicit concurrent mark sweep GC freed 1340(78KB) AllocSpace objects, 1(20KB) LOS objects, 23% free, 52MB/68MB, paused 643us total 33.701ms
08-03 19:33:41.593 22923 22956 I art     : Starting a blocking GC Explicit
08-03 19:33:41.623 22923 22956 I art     : Explicit concurrent mark sweep GC freed 20(704B) AllocSpace objects, 0(0B) LOS objects, 23% free, 52MB/68MB, paused 621us total 30.285ms
08-03 19:33:41.636 22923 22956 I art     : Starting a blocking GC Explicit
08-03 19:33:41.662 22923 22956 I art     : Explicit concurrent mark sweep GC freed 3(96B) AllocSpace objects, 0(0B) LOS objects, 23% free, 52MB/68MB, paused 573us total 25.756ms
08-03 19:33:41.673 22923 22956 I art     : Starting a blocking GC Explicit
08-03 19:33:41.699 22923 22956 I art     : Explicit concurrent mark sweep GC freed 3(96B) AllocSpace objects, 0(0B) LOS objects, 23% free, 52MB/68MB, paused 573us total 26ms
08-03 19:33:41.710 22923 22956 I art     : Starting a blocking GC Explicit
08-03 19:33:41.737 22923 22956 I art     : Explicit concurrent mark sweep GC freed 3(96B) AllocSpace objects, 0(0B) LOS objects, 23% free, 52MB/68MB, paused 563us total 26.245ms
08-03 19:33:42.031 22923 24834 I art     : Starting a blocking GC Explicit
08-03 19:33:42.063 22923 24834 I art     : Explicit concurrent mark sweep GC freed 1340(78KB) AllocSpace objects, 1(20KB) LOS objects, 23% free, 52MB/68MB, paused 596us total 31.479ms
08-03 19:33:42.079 22923 24834 I art     : Starting a blocking GC Explicit
08-03 19:33:42.106 22923 24834 I art     : Explicit concurrent mark sweep GC freed 25(864B) AllocSpace objects, 0(0B) LOS objects, 23% free, 52MB/68MB, paused 812us total 27.010ms
08-03 19:33:42.117 22923 24834 I art     : Starting a blocking GC Explicit
08-03 19:33:42.140 22923 24834 I art     : Explicit concurrent mark sweep GC freed 7(224B) AllocSpace objects, 0(0B) LOS objects, 23% free, 52MB/68MB, paused 552us total 22.743ms
08-03 19:33:42.151 22923 24834 I art     : Starting a blocking GC Explicit
08-03 19:33:42.175 22923 24834 I art     : Explicit concurrent mark sweep GC freed 6(192B) AllocSpace objects, 0(0B) LOS objects, 23% free, 52MB/68MB, paused 748us total 24.409ms
08-03 19:33:42.186 22923 24834 I art     : Starting a blocking GC Explicit
08-03 19:33:42.212 22923 24834 I art     : Explicit concurrent mark sweep GC freed 9(288B) AllocSpace objects, 0(0B) LOS objects, 23% free, 52MB/68MB, paused 531us total 25.080ms
08-03 19:33:42.542 22923 22934 I art     : Starting a blocking GC Explicit
08-03 19:33:42.573 22923 22934 I art     : Explicit concurrent mark sweep GC freed 1350(78KB) AllocSpace objects, 1(20KB) LOS objects, 23% free, 52MB/68MB, paused 616us total 30.738ms
08-03 19:33:42.586 22923 22934 I art     : Starting a blocking GC Explicit
08-03 19:33:42.612 22923 22934 I art     : Explicit concurrent mark sweep GC freed 20(704B) AllocSpace objects, 0(0B) LOS objects, 23% free, 52MB/68MB, paused 566us total 25.795ms
08-03 19:33:42.623 22923 22934 I art     : Starting a blocking GC Explicit
08-03 19:33:42.651 22923 22934 I art     : Explicit concurrent mark sweep GC freed 3(96B) AllocSpace objects, 0(0B) LOS objects, 23% free, 52MB/68MB, paused 547us total 26.906ms
08-03 19:33:42.662 22923 22934 I art     : Starting a blocking GC Explicit
08-03 19:33:42.687 22923 22934 I art     : Explicit concurrent mark sweep GC freed 3(96B) AllocSpace objects, 0(0B) LOS objects, 23% free, 52MB/68MB, paused 568us total 24.556ms
08-03 19:33:42.698 22923 22934 I art     : Starting a blocking GC Explicit
08-03 19:33:42.722 22923 22934 I art     : Explicit concurrent mark sweep GC freed 3(96B) AllocSpace objects, 0(0B) LOS objects, 23% free, 52MB/68MB, paused 545us total 24.065ms
08-03 19:33:43.035 22923 22934 I art     : Starting a blocking GC Explicit
08-03 19:33:43.060 22923 22934 I art     : Explicit concurrent mark sweep GC freed 1340(78KB) AllocSpace objects, 1(20KB) LOS objects, 23% free, 52MB/68MB, paused 548us total 24.926ms
08-03 19:33:43.071 22923 22934 I art     : Starting a blocking GC Explicit
08-03 19:33:43.095 22923 22934 I art     : Explicit concurrent mark sweep GC freed 32(1152B) AllocSpace objects, 0(0B) LOS objects, 23% free, 52MB/68MB, paused 570us total 24.458ms
08-03 19:33:43.106 22923 22934 I art     : Starting a blocking GC Explicit
08-03 19:33:43.133 22923 22934 I art     : Explicit concurrent mark sweep GC freed 3(96B) AllocSpace objects, 0(0B) LOS objects, 23% free, 52MB/68MB, paused 594us total 26.421ms
08-03 19:33:43.144 22923 22934 I art     : Starting a blocking GC Explicit
08-03 19:33:43.170 22923 22934 I art     : Explicit concurrent mark sweep GC freed 3(96B) AllocSpace objects, 0(0B) LOS objects, 23% free, 52MB/68MB, paused 598us total 25.523ms
08-03 19:33:43.181 22923 22934 I art     : Starting a blocking GC Explicit
08-03 19:33:43.208 22923 22934 I art     : Explicit concurrent mark sweep GC freed 3(96B) AllocSpace objects, 0(0B) LOS objects, 23% free, 52MB/68MB, paused 688us total 26.827ms
08-03 19:33:43.208 24929 24929 D AndroidRuntime: >>>>>> START com.android.internal.os.RuntimeInit uid 2000 <<<<<<
08-03 19:33:43.214 24929 24929 D AndroidRuntime: CheckJNI is OFF
08-03 19:33:43.258 24929 24929 D ICU     : No timezone override file found: /data/misc/zoneinfo/current/icu/icu_tzdata.dat
08-03 19:33:43.302 24929 24929 I Radio-JNI: register_android_hardware_Radio DONE
08-03 19:33:43.332 24929 24929 D AndroidRuntime: Calling main entry com.android.commands.input.Input
08-03 19:33:43.335 24929 24929 I Input   : injectMotionEvent: MotionEvent { action=ACTION_DOWN, actionButton=0, id[0]=0, x[0]=756.0, y[0]=1530.0, toolType[0]=TOOL_TYPE_UNKNOWN, buttonState=0, metaState=0, flags=0x0, edgeFlags=0x0, pointerCount=1, historySize=0, eventTime=646439747, downTime=646439747, deviceId=0, source=0x1002 }
08-03 19:33:43.343 24929 24929 I Input   : injectMotionEvent: MotionEvent { action=ACTION_UP, actionButton=0, id[0]=0, x[0]=756.0, y[0]=1530.0, toolType[0]=TOOL_TYPE_UNKNOWN, buttonState=0, metaState=0, flags=0x0, edgeFlags=0x0, pointerCount=1, historySize=0, eventTime=646439747, downTime=646439747, deviceId=0, source=0x1002 }
08-03 19:33:43.345 24929 24929 D AndroidRuntime: Shutting down VM
08-03 19:33:43.365   918   928 I ActivityManager: START u0 {cmp=baseline.appteam.nith.hillffair/.activities.LeaderBoardActivity} from uid 10624 on display 0
08-03 19:33:43.367   512  2967 D audio_hw_primary: out_set_parameters: enter: usecase(1: low-latency-playback) kvpairs: routing=2
08-03 19:33:43.383   512  2967 D audio_hw_primary: select_devices: out_snd_device(2: speaker) in_snd_device(0: none)
08-03 19:33:43.383   512  2967 D msm8974_platform: platform_send_audio_calibration: sending audio calibration for snd_device(2) acdb_id(15)
08-03 19:33:43.383   512  2967 I soundtrigger: audio_extn_sound_trigger_update_device_status: device 0x2 of type 0 for Event 1
08-03 19:33:43.396   512  2967 D audio_hw_primary: enable_snd_device: snd_device(2: speaker)
08-03 19:33:43.398   512  2967 D audio_hw_primary: enable_audio_route: apply and update mixer path: low-latency-playback speaker
08-03 19:33:43.492 22923 22923 E RecyclerView: No adapter attached; skipping layout
08-03 19:33:43.497 22923 22923 E RecyclerView: No adapter attached; skipping layout
08-03 19:33:43.497 22923 24834 I art     : Starting a blocking GC Explicit
08-03 19:33:43.526   918   936 I ActivityManager: Displayed baseline.appteam.nith.hillffair/.activities.LeaderBoardActivity: +148ms
08-03 19:33:43.526 22923 24834 I art     : Explicit concurrent mark sweep GC freed 6384(375KB) AllocSpace objects, 1(20KB) LOS objects, 23% free, 52MB/68MB, paused 754us total 28.326ms
08-03 19:33:43.529 13866 13866 I GoogleInputMethodServic: GoogleInputMethodService.onFinishInput():3138 
08-03 19:33:43.529 13866 13866 I GoogleInputMethodServic: GoogleInputMethodService.onStartInput():1808 
08-03 19:33:43.530 22923 22923 E RecyclerView: No adapter attached; skipping layout
08-03 19:33:43.539 22923 24834 I art     : Starting a blocking GC Explicit
08-03 19:33:43.559 22923 22949 D OpenGLRenderer: endAllStagingAnimators on 0x7f82784400 (RippleDrawable) with handle 0x7f9a1dcb40
08-03 19:33:43.569 22923 24834 I art     : Explicit concurrent mark sweep GC freed 343(17KB) AllocSpace objects, 0(0B) LOS objects, 23% free, 52MB/68MB, paused 1.129ms total 29.130ms
08-03 19:33:43.580 22923 24834 I art     : Starting a blocking GC Explicit
08-03 19:33:43.604 22923 24834 I art     : Explicit concurrent mark sweep GC freed 29(1296B) AllocSpace objects, 0(0B) LOS objects, 23% free, 52MB/68MB, paused 641us total 24.439ms
08-03 19:33:43.615 22923 24834 I art     : Starting a blocking GC Explicit
08-03 19:33:43.639 22923 24834 I art     : Explicit concurrent mark sweep GC freed 13(416B) AllocSpace objects, 0(0B) LOS objects, 23% free, 52MB/68MB, paused 606us total 23.206ms
08-03 19:33:43.649 22923 24834 I art     : Starting a blocking GC Explicit
08-03 19:33:43.673 22923 24834 I art     : Explicit concurrent mark sweep GC freed 3(96B) AllocSpace objects, 0(0B) LOS objects, 23% free, 52MB/68MB, paused 600us total 23.948ms
08-03 19:33:43.771   380   380 W SurfaceFlinger: couldn't log to binary event log: overflow.
08-03 19:33:43.949   512  2967 D audio_hw_primary: disable_audio_route: reset and update mixer path: low-latency-playback speaker
08-03 19:33:43.949   512  2967 D audio_hw_primary: disable_snd_device: snd_device(2: speaker)
08-03 19:33:43.956 22923 22956 I art     : Starting a blocking GC Explicit
08-03 19:33:43.964   512  2967 I soundtrigger: audio_extn_sound_trigger_update_device_status: device 0x2 of type 0 for Event 0
08-03 19:33:43.974 22923 24958 D OkHttp  : --> GET https://api-hillfair-2k16.herokuapp.com/api/app/quiz/leaderboard?from=1 http/1.1
08-03 19:33:43.985   918   918 I ActivityManager: Start proc 24974:baseline.com.newsblur/u0a625 for service baseline.com.newsblur/.service.NBSyncService
08-03 19:33:43.985 24974 24974 I art     : Late-enabling -Xcheck:jni
08-03 19:33:43.986 22923 22956 I art     : Explicit concurrent mark sweep GC freed 4035(217KB) AllocSpace objects, 3(140KB) LOS objects, 23% free, 52MB/68MB, paused 641us total 29.985ms
08-03 19:33:43.996 22923 22956 I art     : Starting a blocking GC Explicit
08-03 19:33:44.010 22923 24958 D OkHttp  : <-- 200 OK https://api-hillfair-2k16.herokuapp.com/api/app/quiz/leaderboard?from=1 (36ms, 56744-byte body)
08-03 19:33:44.019 22923 22956 I art     : Explicit concurrent mark sweep GC freed 1159(151KB) AllocSpace objects, 1(80KB) LOS objects, 23% free, 52MB/68MB, paused 599us total 22.575ms
08-03 19:33:44.029 22923 22956 I art     : Starting a blocking GC Explicit
08-03 19:33:44.040 24974 24974 W System  : ClassLoader referenced unknown path: /data/app/baseline.com.newsblur-1/lib/arm64
08-03 19:33:44.053 22923 22956 I art     : Explicit concurrent mark sweep GC freed 8770(391KB) AllocSpace objects, 0(0B) LOS objects, 23% free, 52MB/68MB, paused 705us total 24.182ms
08-03 19:33:44.063 22923 22956 I art     : Starting a blocking GC Explicit
08-03 19:33:44.074   918  3961 I ActivityManager: Killing 14748:com.android.keychain/1000 (adj 15): empty #17
08-03 19:33:44.089 22923 22956 I art     : Explicit concurrent mark sweep GC freed 14319(650KB) AllocSpace objects, 0(0B) LOS objects, 23% free, 52MB/68MB, paused 760us total 25.188ms
08-03 19:33:44.099 22923 22956 I art     : Starting a blocking GC Explicit
08-03 19:33:44.105 22923 22923 I NAPPA_EXPERIMENTATION: MetricNetworkRequestExecutionTime: REQUEST_DURATION_SYSTEM='696',REQUEST_DURATION_OKHTTP='36',REQUEST_SYNCHRONOUS='FALSE',RESPONSE_CODE='200',RESPONSE_METHOD='GET',RESPONSE_LENGTH_OKHTTP='56744',RESPONSE_LENGTH_HEADER='56744',REQUEST_PROTOCOL='http/1.1',REQUEST_URL='https://api-hillfair-2k16.herokuapp.com/api/app/quiz/leaderboard?from=1',
08-03 19:33:44.124 22923 22956 I art     : Explicit concurrent mark sweep GC freed 2050(122KB) AllocSpace objects, 0(0B) LOS objects, 23% free, 52MB/68MB, paused 924us total 25.170ms
08-03 19:33:44.411 22923 22934 I art     : Starting a blocking GC Explicit
08-03 19:33:44.446 22923 22934 I art     : Explicit concurrent mark sweep GC freed 2454(122KB) AllocSpace objects, 1(20KB) LOS objects, 23% free, 52MB/68MB, paused 622us total 34.588ms
08-03 19:33:44.461 22923 22934 I art     : Starting a blocking GC Explicit
08-03 19:33:44.490 22923 22934 I art     : Explicit concurrent mark sweep GC freed 49(2080B) AllocSpace objects, 0(0B) LOS objects, 23% free, 52MB/68MB, paused 606us total 28.917ms
08-03 19:33:44.501 22923 22934 I art     : Starting a blocking GC Explicit
08-03 19:33:44.529 22923 22934 I art     : Explicit concurrent mark sweep GC freed 3(96B) AllocSpace objects, 0(0B) LOS objects, 23% free, 52MB/68MB, paused 607us total 27.738ms
08-03 19:33:44.541 22923 22934 I art     : Starting a blocking GC Explicit
08-03 19:33:44.569 22923 22934 I art     : Explicit concurrent mark sweep GC freed 3(96B) AllocSpace objects, 0(0B) LOS objects, 23% free, 52MB/68MB, paused 561us total 27.873ms
08-03 19:33:44.580 22923 22934 I art     : Starting a blocking GC Explicit
08-03 19:33:44.609 22923 22934 I art     : Explicit concurrent mark sweep GC freed 3(96B) AllocSpace objects, 0(0B) LOS objects, 23% free, 52MB/68MB, paused 601us total 28.505ms
08-03 19:33:44.704  5179  5194 D QcrilMsgTunnelSocket: readRilMessage: Buffer = [B@671e81d HexData = [010000000404000011000000514f454d484f4f4bef0308000100000003]
08-03 19:33:44.704  5179  5194 D QcrilMsgTunnelSocket: Rcvd UNSOL response with 28 bytes data for SUB0
08-03 19:33:44.704  5179  5194 D QcrilMsgTunnelSocket: Response ID 525295 is not served in this process.
08-03 19:33:44.704  5179  5194 D QcrilMsgTunnelSocket: To broadcast an Intent via the notifier to external apps
08-03 19:33:44.704  5179  5179 D QcrilMsgTunnelIfaceManager: handleMessage what = 0
08-03 19:33:44.704  5179  5179 D QcrilMsgTunnelIfaceManager: Broadcasting intent ACTION_UNSOL_RESPONSE_OEM_HOOK_RAW
08-03 19:33:44.708  5164  5164 D QC_RIL_OEM_HOOK: Received Broadcast Intent ACTION_UNSOL_RESPONSE_OEM_HOOK_RAW
08-03 19:33:44.708  5164  5164 D QC_RIL_OEM_HOOK: Oem ID in QCRILHOOK UNSOL RESP is QOEMHOOK
08-03 19:33:44.904 22923 22936 I art     : Starting a blocking GC Explicit
08-03 19:33:44.944 22923 22936 I art     : Explicit concurrent mark sweep GC freed 1344(78KB) AllocSpace objects, 1(20KB) LOS objects, 23% free, 52MB/68MB, paused 697us total 39.510ms
08-03 19:33:44.960 22923 22936 I art     : Starting a blocking GC Explicit
08-03 19:33:44.988 22923 22936 I art     : Explicit concurrent mark sweep GC freed 20(704B) AllocSpace objects, 0(0B) LOS objects, 23% free, 52MB/68MB, paused 625us total 28.050ms
08-03 19:33:45.000 22923 22936 I art     : Starting a blocking GC Explicit
08-03 19:33:45.032 22923 22936 I art     : Explicit concurrent mark sweep GC freed 3(96B) AllocSpace objects, 0(0B) LOS objects, 23% free, 52MB/68MB, paused 621us total 31.721ms
08-03 19:33:45.043 22923 22936 I art     : Starting a blocking GC Explicit
08-03 19:33:45.074 22923 22936 I art     : Explicit concurrent mark sweep GC freed 3(96B) AllocSpace objects, 0(0B) LOS objects, 23% free, 52MB/68MB, paused 587us total 30.494ms
08-03 19:33:45.086 22923 22936 I art     : Starting a blocking GC Explicit
08-03 19:33:45.116 22923 22936 I art     : Explicit concurrent mark sweep GC freed 3(96B) AllocSpace objects, 0(0B) LOS objects, 23% free, 52MB/68MB, paused 612us total 29.477ms
08-03 19:33:45.437 22923 22956 I art     : Starting a blocking GC Explicit
08-03 19:33:45.473 22923 22956 I art     : Explicit concurrent mark sweep GC freed 1344(78KB) AllocSpace objects, 1(20KB) LOS objects, 23% free, 52MB/68MB, paused 655us total 35.535ms
08-03 19:33:45.487 22923 22956 I art     : Starting a blocking GC Explicit
08-03 19:33:45.519 22923 22956 I art     : Explicit concurrent mark sweep GC freed 20(704B) AllocSpace objects, 0(0B) LOS objects, 23% free, 52MB/68MB, paused 644us total 31.650ms
08-03 19:33:45.530 22923 22956 I art     : Starting a blocking GC Explicit
08-03 19:33:45.562 22923 22956 I art     : Explicit concurrent mark sweep GC freed 3(96B) AllocSpace objects, 0(0B) LOS objects, 23% free, 52MB/68MB, paused 619us total 31.219ms
08-03 19:33:45.574 22923 22956 I art     : Starting a blocking GC Explicit
08-03 19:33:45.603 22923 22956 I art     : Explicit concurrent mark sweep GC freed 3(96B) AllocSpace objects, 0(0B) LOS objects, 23% free, 52MB/68MB, paused 584us total 28.862ms
08-03 19:33:45.614 22923 22956 I art     : Starting a blocking GC Explicit
08-03 19:33:45.646 22923 22956 I art     : Explicit concurrent mark sweep GC freed 3(96B) AllocSpace objects, 0(0B) LOS objects, 23% free, 52MB/68MB, paused 620us total 31.280ms
08-03 19:33:45.961 22923 24834 I art     : Starting a blocking GC Explicit
08-03 19:33:45.996 22923 24834 I art     : Explicit concurrent mark sweep GC freed 1344(78KB) AllocSpace objects, 1(20KB) LOS objects, 23% free, 52MB/68MB, paused 631us total 33.879ms
08-03 19:33:46.009 22923 24834 I art     : Starting a blocking GC Explicit
08-03 19:33:46.041 22923 24834 I art     : Explicit concurrent mark sweep GC freed 20(704B) AllocSpace objects, 0(0B) LOS objects, 23% free, 52MB/68MB, paused 626us total 31.143ms
08-03 19:33:46.053 22923 24834 I art     : Starting a blocking GC Explicit
08-03 19:33:46.082 22923 24834 I art     : Explicit concurrent mark sweep GC freed 3(96B) AllocSpace objects, 0(0B) LOS objects, 23% free, 52MB/68MB, paused 587us total 28.963ms
08-03 19:33:46.093 22923 24834 I art     : Starting a blocking GC Explicit
08-03 19:33:46.124 22923 24834 I art     : Explicit concurrent mark sweep GC freed 3(96B) AllocSpace objects, 0(0B) LOS objects, 23% free, 52MB/68MB, paused 612us total 30.383ms
08-03 19:33:46.136 22923 24834 I art     : Starting a blocking GC Explicit
08-03 19:33:46.167 22923 24834 I art     : Explicit concurrent mark sweep GC freed 3(96B) AllocSpace objects, 0(0B) LOS objects, 23% free, 52MB/68MB, paused 694us total 31.185ms
08-03 19:33:46.496 22923 23189 I art     : Starting a blocking GC Explicit
08-03 19:33:46.537 22923 23189 I art     : Explicit concurrent mark sweep GC freed 1344(78KB) AllocSpace objects, 1(20KB) LOS objects, 23% free, 52MB/68MB, paused 679us total 40.799ms
08-03 19:33:46.554 22923 23189 I art     : Starting a blocking GC Explicit
08-03 19:33:46.586 22923 23189 I art     : Explicit concurrent mark sweep GC freed 20(704B) AllocSpace objects, 0(0B) LOS objects, 23% free, 52MB/68MB, paused 610us total 32.025ms
08-03 19:33:46.598 22923 23189 I art     : Starting a blocking GC Explicit
08-03 19:33:46.629 22923 23189 I art     : Explicit concurrent mark sweep GC freed 3(96B) AllocSpace objects, 0(0B) LOS objects, 23% free, 52MB/68MB, paused 623us total 31.206ms
08-03 19:33:46.641 22923 23189 I art     : Starting a blocking GC Explicit
08-03 19:33:46.673 22923 23189 I art     : Explicit concurrent mark sweep GC freed 3(96B) AllocSpace objects, 0(0B) LOS objects, 23% free, 52MB/68MB, paused 584us total 31.170ms
08-03 19:33:46.684 22923 23189 I art     : Starting a blocking GC Explicit
08-03 19:33:46.713 22923 23189 I art     : Explicit concurrent mark sweep GC freed 3(96B) AllocSpace objects, 0(0B) LOS objects, 23% free, 52MB/68MB, paused 615us total 29.102ms
08-03 19:33:47.055 22923 22934 I art     : Starting a blocking GC Explicit
08-03 19:33:47.096 22923 22934 I art     : Explicit concurrent mark sweep GC freed 1344(78KB) AllocSpace objects, 1(20KB) LOS objects, 23% free, 52MB/68MB, paused 680us total 41.118ms
08-03 19:33:47.111 22923 22934 I art     : Starting a blocking GC Explicit
08-03 19:33:47.144 22923 22934 I art     : Explicit concurrent mark sweep GC freed 20(704B) AllocSpace objects, 0(0B) LOS objects, 23% free, 52MB/68MB, paused 617us total 32.118ms
08-03 19:33:47.155 22923 22934 I art     : Starting a blocking GC Explicit
08-03 19:33:47.185 22923 22934 I art     : Explicit concurrent mark sweep GC freed 3(96B) AllocSpace objects, 0(0B) LOS objects, 23% free, 52MB/68MB, paused 584us total 29.948ms
08-03 19:33:47.197 22923 22934 I art     : Starting a blocking GC Explicit
08-03 19:33:47.229 22923 22934 I art     : Explicit concurrent mark sweep GC freed 3(96B) AllocSpace objects, 0(0B) LOS objects, 23% free, 52MB/68MB, paused 624us total 31.139ms
08-03 19:33:47.240 22923 22934 I art     : Starting a blocking GC Explicit
08-03 19:33:47.272 22923 22934 I art     : Explicit concurrent mark sweep GC freed 3(96B) AllocSpace objects, 0(0B) LOS objects, 23% free, 52MB/68MB, paused 581us total 31.027ms
08-03 19:33:47.617 22923 22936 I art     : Starting a blocking GC Explicit
08-03 19:33:47.649 22923 22936 I art     : Explicit concurrent mark sweep GC freed 1344(78KB) AllocSpace objects, 1(20KB) LOS objects, 23% free, 52MB/68MB, paused 613us total 32.466ms
08-03 19:33:47.661 22923 22936 I art     : Starting a blocking GC Explicit
08-03 19:33:47.689 22923 22936 I art     : Explicit concurrent mark sweep GC freed 20(704B) AllocSpace objects, 0(0B) LOS objects, 23% free, 52MB/68MB, paused 612us total 27.884ms
08-03 19:33:47.700 22923 22936 I art     : Starting a blocking GC Explicit
08-03 19:33:47.729 22923 22936 I art     : Explicit concurrent mark sweep GC freed 3(96B) AllocSpace objects, 0(0B) LOS objects, 23% free, 52MB/68MB, paused 702us total 28.150ms
08-03 19:33:47.740 22923 22936 I art     : Starting a blocking GC Explicit
08-03 19:33:47.769 22923 22936 I art     : Explicit concurrent mark sweep GC freed 3(96B) AllocSpace objects, 0(0B) LOS objects, 23% free, 52MB/68MB, paused 622us total 28.656ms
08-03 19:33:47.780 22923 22936 I art     : Starting a blocking GC Explicit
08-03 19:33:47.809 22923 22936 I art     : Explicit concurrent mark sweep GC freed 3(96B) AllocSpace objects, 0(0B) LOS objects, 23% free, 52MB/68MB, paused 628us total 29.094ms
08-03 19:33:48.130 22923 22956 I art     : Starting a blocking GC Explicit
08-03 19:33:48.139 25076 25076 D AndroidRuntime: >>>>>> START com.android.internal.os.RuntimeInit uid 2000 <<<<<<
08-03 19:33:48.146 25076 25076 D AndroidRuntime: CheckJNI is OFF
08-03 19:33:48.164 22923 22956 I art     : Explicit concurrent mark sweep GC freed 1357(78KB) AllocSpace objects, 1(20KB) LOS objects, 23% free, 52MB/68MB, paused 643us total 34.139ms
08-03 19:33:48.176 22923 22956 I art     : Starting a blocking GC Explicit
08-03 19:33:48.195 25076 25076 D ICU     : No timezone override file found: /data/misc/zoneinfo/current/icu/icu_tzdata.dat
08-03 19:33:48.205 22923 22956 I art     : Explicit concurrent mark sweep GC freed 34(1136B) AllocSpace objects, 0(0B) LOS objects, 23% free, 52MB/68MB, paused 613us total 28.943ms
08-03 19:33:48.217 22923 22956 I art     : Starting a blocking GC Explicit
08-03 19:33:48.243 25076 25076 I Radio-JNI: register_android_hardware_Radio DONE
08-03 19:33:48.245 22923 22956 I art     : Explicit concurrent mark sweep GC freed 3(96B) AllocSpace objects, 0(0B) LOS objects, 23% free, 52MB/68MB, paused 602us total 28.596ms
08-03 19:33:48.257 22923 22956 I art     : Starting a blocking GC Explicit
08-03 19:33:48.273 25076 25076 D AndroidRuntime: Calling main entry com.android.commands.input.Input
08-03 19:33:48.276 25076 25076 I Input   : injectKeyEvent: KeyEvent { action=ACTION_DOWN, keyCode=KEYCODE_BACK, scanCode=0, metaState=0, flags=0x0, repeatCount=0, eventTime=646444688, downTime=646444688, deviceId=-1, source=0x101 }
08-03 19:33:48.282 25076 25076 I Input   : injectKeyEvent: KeyEvent { action=ACTION_UP, keyCode=KEYCODE_BACK, scanCode=0, metaState=0, flags=0x0, repeatCount=0, eventTime=646444688, downTime=646444688, deviceId=-1, source=0x101 }
08-03 19:33:48.285 22923 22956 I art     : Explicit concurrent mark sweep GC freed 5(208B) AllocSpace objects, 0(0B) LOS objects, 23% free, 52MB/68MB, paused 826us total 27.813ms
08-03 19:33:48.291 25076 25076 D AndroidRuntime: Shutting down VM
08-03 19:33:48.296 22923 22956 I art     : Starting a blocking GC Explicit
08-03 19:33:48.322 22923 22956 I art     : Explicit concurrent mark sweep GC freed 103(5KB) AllocSpace objects, 0(0B) LOS objects, 23% free, 52MB/68MB, paused 554us total 26.368ms
08-03 19:33:48.336 13866 13866 I GoogleInputMethodServic: GoogleInputMethodService.onFinishInput():3138 
08-03 19:33:48.336 13866 13866 I GoogleInputMethodServic: GoogleInputMethodService.onStartInput():1808 
08-03 19:33:48.626 22923 24834 I art     : Starting a blocking GC Explicit
08-03 19:33:48.642   380   380 W SurfaceFlinger: couldn't log to binary event log: overflow.
08-03 19:33:48.654 22923 24834 I art     : Explicit concurrent mark sweep GC freed 1480(87KB) AllocSpace objects, 1(20KB) LOS objects, 23% free, 52MB/68MB, paused 598us total 27.801ms
08-03 19:33:48.666 22923 24834 I art     : Starting a blocking GC Explicit
08-03 19:33:48.693 22923 24834 I art     : Explicit concurrent mark sweep GC freed 45(1792B) AllocSpace objects, 0(0B) LOS objects, 23% free, 52MB/68MB, paused 628us total 26.296ms
08-03 19:33:48.703 22923 24834 I art     : Starting a blocking GC Explicit
08-03 19:33:48.729 22923 24834 I art     : Explicit concurrent mark sweep GC freed 4681(268KB) AllocSpace objects, 2(140KB) LOS objects, 23% free, 52MB/68MB, paused 564us total 25.928ms
08-03 19:33:48.740 22923 24834 I art     : Starting a blocking GC Explicit
08-03 19:33:48.766 22923 24834 I art     : Explicit concurrent mark sweep GC freed 3(96B) AllocSpace objects, 0(0B) LOS objects, 23% free, 52MB/68MB, paused 597us total 25.982ms
08-03 19:33:48.777 22923 24834 I art     : Starting a blocking GC Explicit
08-03 19:33:48.804 22923 24834 I art     : Explicit concurrent mark sweep GC freed 3(96B) AllocSpace objects, 0(0B) LOS objects, 23% free, 52MB/68MB, paused 597us total 26.715ms
08-03 19:33:49.104 22923 22956 I art     : Starting a blocking GC Explicit
08-03 19:33:49.137 22923 22956 I art     : Explicit concurrent mark sweep GC freed 1344(78KB) AllocSpace objects, 1(20KB) LOS objects, 23% free, 52MB/68MB, paused 653us total 32.306ms
08-03 19:33:49.156 22923 22956 I art     : Starting a blocking GC Explicit
08-03 19:33:49.181 22923 22956 I art     : Explicit concurrent mark sweep GC freed 20(704B) AllocSpace objects, 0(0B) LOS objects, 23% free, 52MB/68MB, paused 581us total 23.953ms
08-03 19:33:49.191 22923 22956 I art     : Starting a blocking GC Explicit
08-03 19:33:49.217 22923 22956 I art     : Explicit concurrent mark sweep GC freed 3(96B) AllocSpace objects, 0(0B) LOS objects, 23% free, 52MB/68MB, paused 576us total 25.205ms
08-03 19:33:49.227 22923 22956 I art     : Starting a blocking GC Explicit
08-03 19:33:49.253 22923 22956 I art     : Explicit concurrent mark sweep GC freed 3(96B) AllocSpace objects, 0(0B) LOS objects, 23% free, 52MB/68MB, paused 577us total 25.370ms
08-03 19:33:49.264 22923 22956 I art     : Starting a blocking GC Explicit
08-03 19:33:49.290 22923 22956 I art     : Explicit concurrent mark sweep GC freed 3(96B) AllocSpace objects, 0(0B) LOS objects, 23% free, 52MB/68MB, paused 611us total 25.952ms
08-03 19:33:49.599 22923 23189 I art     : Starting a blocking GC Explicit
08-03 19:33:49.628 22923 23189 I art     : Explicit concurrent mark sweep GC freed 1343(78KB) AllocSpace objects, 1(20KB) LOS objects, 23% free, 52MB/68MB, paused 698us total 28.810ms
08-03 19:33:49.645 22923 23189 I art     : Starting a blocking GC Explicit
08-03 19:33:49.670 22923 23189 I art     : Explicit concurrent mark sweep GC freed 20(704B) AllocSpace objects, 0(0B) LOS objects, 23% free, 52MB/68MB, paused 597us total 24.795ms
08-03 19:33:49.680 22923 23189 I art     : Starting a blocking GC Explicit
08-03 19:33:49.706 22923 23189 I art     : Explicit concurrent mark sweep GC freed 3(96B) AllocSpace objects, 0(0B) LOS objects, 23% free, 52MB/68MB, paused 600us total 25.280ms
08-03 19:33:49.717 22923 23189 I art     : Starting a blocking GC Explicit
08-03 19:33:49.743 22923 23189 I art     : Explicit concurrent mark sweep GC freed 3(96B) AllocSpace objects, 0(0B) LOS objects, 23% free, 52MB/68MB, paused 591us total 25.981ms
08-03 19:33:49.754 22923 23189 I art     : Starting a blocking GC Explicit
08-03 19:33:49.780 22923 23189 I art     : Explicit concurrent mark sweep GC freed 3(96B) AllocSpace objects, 0(0B) LOS objects, 23% free, 52MB/68MB, paused 580us total 25.879ms
08-03 19:33:50.074 25132 25132 D AndroidRuntime: >>>>>> START com.android.internal.os.RuntimeInit uid 2000 <<<<<<
08-03 19:33:50.080 25132 25132 D AndroidRuntime: CheckJNI is OFF
08-03 19:33:50.083 22923 23189 I art     : Starting a blocking GC Explicit
08-03 19:33:50.110 22923 23189 I art     : Explicit concurrent mark sweep GC freed 1365(79KB) AllocSpace objects, 1(20KB) LOS objects, 23% free, 52MB/68MB, paused 605us total 26.936ms
08-03 19:33:50.121 22923 23189 I art     : Starting a blocking GC Explicit
08-03 19:33:50.128 25132 25132 D ICU     : No timezone override file found: /data/misc/zoneinfo/current/icu/icu_tzdata.dat
08-03 19:33:50.148 22923 23189 I art     : Explicit concurrent mark sweep GC freed 25(864B) AllocSpace objects, 0(0B) LOS objects, 23% free, 52MB/68MB, paused 582us total 26.625ms
08-03 19:33:50.159 22923 23189 I art     : Starting a blocking GC Explicit
08-03 19:33:50.178 25132 25132 I Radio-JNI: register_android_hardware_Radio DONE
08-03 19:33:50.185 22923 23189 I art     : Explicit concurrent mark sweep GC freed 4(128B) AllocSpace objects, 0(0B) LOS objects, 23% free, 52MB/68MB, paused 640us total 25.385ms
08-03 19:33:50.197 22923 23189 I art     : Starting a blocking GC Explicit
08-03 19:33:50.208 25132 25132 D AndroidRuntime: Calling main entry com.android.commands.input.Input
08-03 19:33:50.210 25132 25132 I Input   : injectMotionEvent: MotionEvent { action=ACTION_DOWN, actionButton=0, id[0]=0, x[0]=648.0, y[0]=1050.0, toolType[0]=TOOL_TYPE_UNKNOWN, buttonState=0, metaState=0, flags=0x0, edgeFlags=0x0, pointerCount=1, historySize=0, eventTime=646446622, downTime=646446622, deviceId=0, source=0x1002 }
08-03 19:33:50.212   918  3261 D WifiStateMachine: starting scan for "H369AA63323"WPA_PSK with 2412,5180
08-03 19:33:50.217 25132 25132 I Input   : injectMotionEvent: MotionEvent { action=ACTION_UP, actionButton=0, id[0]=0, x[0]=648.0, y[0]=1050.0, toolType[0]=TOOL_TYPE_UNKNOWN, buttonState=0, metaState=0, flags=0x0, edgeFlags=0x0, pointerCount=1, historySize=0, eventTime=646446622, downTime=646446622, deviceId=0, source=0x1002 }
08-03 19:33:50.219 25132 25132 D AndroidRuntime: Shutting down VM
08-03 19:33:50.220 22923 23189 I art     : Explicit concurrent mark sweep GC freed 28(960B) AllocSpace objects, 0(0B) LOS objects, 23% free, 52MB/68MB, paused 660us total 23.218ms
08-03 19:33:50.231 22923 23189 I art     : Starting a blocking GC Explicit
08-03 19:33:50.232   512  2967 D audio_hw_primary: out_set_parameters: enter: usecase(1: low-latency-playback) kvpairs: routing=2
08-03 19:33:50.233   918  3961 I ActivityManager: START u0 {cmp=baseline.appteam.nith.hillffair/.activities.InformationActivity} from uid 10624 on display 0
08-03 19:33:50.245   512  2967 D audio_hw_primary: select_devices: out_snd_device(2: speaker) in_snd_device(0: none)
08-03 19:33:50.245   512  2967 D msm8974_platform: platform_send_audio_calibration: sending audio calibration for snd_device(2) acdb_id(15)
08-03 19:33:50.246   512  2967 I soundtrigger: audio_extn_sound_trigger_update_device_status: device 0x2 of type 0 for Event 1
08-03 19:33:50.254   512  2967 D audio_hw_primary: enable_snd_device: snd_device(2: speaker)
08-03 19:33:50.256 22923 23189 I art     : Explicit concurrent mark sweep GC freed 190(15KB) AllocSpace objects, 0(0B) LOS objects, 23% free, 52MB/68MB, paused 947us total 25.310ms
08-03 19:33:50.257   512  2967 D audio_hw_primary: enable_audio_route: apply and update mixer path: low-latency-playback speaker
08-03 19:33:50.391 13866 13866 I GoogleInputMethodServic: GoogleInputMethodService.onFinishInput():3138 
08-03 19:33:50.391   918   936 I ActivityManager: Displayed baseline.appteam.nith.hillffair/.activities.InformationActivity: +150ms
08-03 19:33:50.393 13866 13866 I GoogleInputMethodServic: GoogleInputMethodService.onStartInput():1808 
08-03 19:33:50.442 22923 22949 D OpenGLRenderer: endAllStagingAnimators on 0x7f994fe000 (RippleDrawable) with handle 0x7f9a1dcc60
08-03 19:33:50.548 22923 22936 I art     : Starting a blocking GC Explicit
08-03 19:33:50.576 22923 22936 I art     : Explicit concurrent mark sweep GC freed 2185(142KB) AllocSpace objects, 1(20KB) LOS objects, 23% free, 52MB/68MB, paused 596us total 28.451ms
08-03 19:33:50.589 22923 22936 I art     : Starting a blocking GC Explicit
08-03 19:33:50.615 22923 22936 I art     : Explicit concurrent mark sweep GC freed 163(6KB) AllocSpace objects, 0(0B) LOS objects, 23% free, 52MB/68MB, paused 552us total 25.955ms
08-03 19:33:50.626 22923 22936 I art     : Starting a blocking GC Explicit
08-03 19:33:50.629   380   380 W SurfaceFlinger: couldn't log to binary event log: overflow.
08-03 19:33:50.651 22923 22936 I art     : Explicit concurrent mark sweep GC freed 5(160B) AllocSpace objects, 0(0B) LOS objects, 23% free, 52MB/68MB, paused 545us total 24.726ms
08-03 19:33:50.661 22923 22936 I art     : Starting a blocking GC Explicit
08-03 19:33:50.684 22923 22936 I art     : Explicit concurrent mark sweep GC freed 5(160B) AllocSpace objects, 0(0B) LOS objects, 23% free, 52MB/68MB, paused 527us total 22.768ms
08-03 19:33:50.695 22923 22936 I art     : Starting a blocking GC Explicit
08-03 19:33:50.719 22923 22936 I art     : Explicit concurrent mark sweep GC freed 5(160B) AllocSpace objects, 0(0B) LOS objects, 23% free, 52MB/68MB, paused 541us total 24.129ms
08-03 19:33:50.800   512  2967 D audio_hw_primary: disable_audio_route: reset and update mixer path: low-latency-playback speaker
08-03 19:33:50.802   512  2967 D audio_hw_primary: disable_snd_device: snd_device(2: speaker)
08-03 19:33:50.810   512  2967 I soundtrigger: audio_extn_sound_trigger_update_device_status: device 0x2 of type 0 for Event 0
08-03 19:33:51.006 22923 22934 I art     : Starting a blocking GC Explicit
08-03 19:33:51.034 22923 22934 I art     : Explicit concurrent mark sweep GC freed 1490(86KB) AllocSpace objects, 1(20KB) LOS objects, 23% free, 52MB/68MB, paused 588us total 27.322ms
08-03 19:33:51.045 22923 22934 I art     : Starting a blocking GC Explicit
08-03 19:33:51.073 22923 22934 I art     : Explicit concurrent mark sweep GC freed 28(960B) AllocSpace objects, 0(0B) LOS objects, 23% free, 52MB/68MB, paused 585us total 27.305ms
08-03 19:33:51.084 22923 22934 I art     : Starting a blocking GC Explicit
08-03 19:33:51.111 22923 22934 I art     : Explicit concurrent mark sweep GC freed 3(96B) AllocSpace objects, 0(0B) LOS objects, 23% free, 52MB/68MB, paused 576us total 27.010ms
08-03 19:33:51.123 22923 22934 I art     : Starting a blocking GC Explicit
08-03 19:33:51.149 22923 22934 I art     : Explicit concurrent mark sweep GC freed 3(96B) AllocSpace objects, 0(0B) LOS objects, 23% free, 52MB/68MB, paused 580us total 26.528ms
08-03 19:33:51.161 22923 22934 I art     : Starting a blocking GC Explicit
08-03 19:33:51.188 22923 22934 I art     : Explicit concurrent mark sweep GC freed 3(96B) AllocSpace objects, 0(0B) LOS objects, 23% free, 52MB/68MB, paused 599us total 27.356ms
08-03 19:33:51.491 22923 22956 I art     : Starting a blocking GC Explicit
08-03 19:33:51.524 22923 22956 I art     : Explicit concurrent mark sweep GC freed 1344(78KB) AllocSpace objects, 1(20KB) LOS objects, 23% free, 52MB/68MB, paused 614us total 32.344ms
08-03 19:33:51.537 22923 22956 I art     : Starting a blocking GC Explicit
08-03 19:33:51.564 22923 22956 I art     : Explicit concurrent mark sweep GC freed 20(704B) AllocSpace objects, 0(0B) LOS objects, 23% free, 52MB/68MB, paused 588us total 26.991ms
08-03 19:33:51.576 22923 22956 I art     : Starting a blocking GC Explicit
08-03 19:33:51.602 22923 22956 I art     : Explicit concurrent mark sweep GC freed 3(96B) AllocSpace objects, 0(0B) LOS objects, 23% free, 52MB/68MB, paused 580us total 26.332ms
08-03 19:33:51.614 22923 22956 I art     : Starting a blocking GC Explicit
08-03 19:33:51.641 22923 22956 I art     : Explicit concurrent mark sweep GC freed 3(96B) AllocSpace objects, 0(0B) LOS objects, 23% free, 52MB/68MB, paused 583us total 27.315ms
08-03 19:33:51.652 22923 22956 I art     : Starting a blocking GC Explicit
08-03 19:33:51.680 22923 22956 I art     : Explicit concurrent mark sweep GC freed 3(96B) AllocSpace objects, 0(0B) LOS objects, 23% free, 52MB/68MB, paused 585us total 27.088ms
08-03 19:33:51.987 22923 23189 I art     : Starting a blocking GC Explicit
08-03 19:33:52.009 22816 22816 I ServiceManager: Waiting for service AtCmdFwd...
08-03 19:33:52.013 22923 23189 I art     : Explicit concurrent mark sweep GC freed 1360(78KB) AllocSpace objects, 1(20KB) LOS objects, 23% free, 52MB/68MB, paused 728us total 25.576ms
08-03 19:33:52.025 22923 23189 I art     : Starting a blocking GC Explicit
08-03 19:33:52.054 22923 23189 I art     : Explicit concurrent mark sweep GC freed 25(864B) AllocSpace objects, 0(0B) LOS objects, 23% free, 52MB/68MB, paused 565us total 27.721ms
08-03 19:33:52.065 22923 23189 I art     : Starting a blocking GC Explicit
08-03 19:33:52.092 22923 23189 I art     : Explicit concurrent mark sweep GC freed 7(224B) AllocSpace objects, 0(0B) LOS objects, 23% free, 52MB/68MB, paused 555us total 26.473ms
08-03 19:33:52.102 22923 23189 I art     : Starting a blocking GC Explicit
08-03 19:33:52.128 22923 23189 I art     : Explicit concurrent mark sweep GC freed 8(256B) AllocSpace objects, 0(0B) LOS objects, 23% free, 52MB/68MB, paused 702us total 25.572ms
08-03 19:33:52.139 22923 23189 I art     : Starting a blocking GC Explicit
08-03 19:33:52.165 22923 23189 I art     : Explicit concurrent mark sweep GC freed 3(96B) AllocSpace objects, 0(0B) LOS objects, 23% free, 52MB/68MB, paused 531us total 25.605ms
08-03 19:33:52.488 22923 22936 I art     : Starting a blocking GC Explicit
08-03 19:33:52.524 22923 22936 I art     : Explicit concurrent mark sweep GC freed 1344(78KB) AllocSpace objects, 1(20KB) LOS objects, 23% free, 52MB/68MB, paused 660us total 35.125ms
08-03 19:33:52.540 22923 22936 I art     : Starting a blocking GC Explicit
08-03 19:33:52.569 22923 22936 I art     : Explicit concurrent mark sweep GC freed 20(704B) AllocSpace objects, 0(0B) LOS objects, 23% free, 52MB/68MB, paused 624us total 28.101ms
08-03 19:33:52.580 22923 22936 I art     : Starting a blocking GC Explicit
08-03 19:33:52.610 22923 22936 I art     : Explicit concurrent mark sweep GC freed 3(96B) AllocSpace objects, 0(0B) LOS objects, 23% free, 52MB/68MB, paused 589us total 29.861ms
08-03 19:33:52.622 22923 22936 I art     : Starting a blocking GC Explicit
08-03 19:33:52.652 22923 22936 I art     : Explicit concurrent mark sweep GC freed 3(96B) AllocSpace objects, 0(0B) LOS objects, 23% free, 52MB/68MB, paused 597us total 30.005ms
08-03 19:33:52.663 22923 22936 I art     : Starting a blocking GC Explicit
08-03 19:33:52.691 22923 22936 I art     : Explicit concurrent mark sweep GC freed 3(96B) AllocSpace objects, 0(0B) LOS objects, 23% free, 52MB/68MB, paused 569us total 27.157ms
08-03 19:33:53.010 22816 22816 I ServiceManager: Waiting for service AtCmdFwd...
08-03 19:33:53.033 22923 22934 I art     : Starting a blocking GC Explicit
08-03 19:33:53.065 22923 22934 I art     : Explicit concurrent mark sweep GC freed 1344(78KB) AllocSpace objects, 1(20KB) LOS objects, 23% free, 52MB/68MB, paused 579us total 31.984ms
08-03 19:33:53.079 22923 22934 I art     : Starting a blocking GC Explicit
08-03 19:33:53.108 22923 22934 I art     : Explicit concurrent mark sweep GC freed 20(704B) AllocSpace objects, 0(0B) LOS objects, 23% free, 52MB/68MB, paused 651us total 28.573ms
08-03 19:33:53.119 22923 22934 I art     : Starting a blocking GC Explicit
08-03 19:33:53.149 22923 22934 I art     : Explicit concurrent mark sweep GC freed 3(96B) AllocSpace objects, 0(0B) LOS objects, 23% free, 52MB/68MB, paused 549us total 29.128ms
08-03 19:33:53.160 22923 22934 I art     : Starting a blocking GC Explicit
08-03 19:33:53.188 22923 22934 I art     : Explicit concurrent mark sweep GC freed 3(96B) AllocSpace objects, 0(0B) LOS objects, 23% free, 52MB/68MB, paused 601us total 27.329ms
08-03 19:33:53.199 22923 22934 I art     : Starting a blocking GC Explicit
08-03 19:33:53.229 22923 22934 I art     : Explicit concurrent mark sweep GC freed 3(96B) AllocSpace objects, 0(0B) LOS objects, 23% free, 52MB/68MB, paused 599us total 29.578ms
08-03 19:33:53.569 22923 24834 I art     : Starting a blocking GC Explicit
08-03 19:33:53.603 22923 24834 I art     : Explicit concurrent mark sweep GC freed 1344(78KB) AllocSpace objects, 1(20KB) LOS objects, 23% free, 52MB/68MB, paused 624us total 34.032ms
08-03 19:33:53.617 22923 24834 I art     : Starting a blocking GC Explicit
08-03 19:33:53.649 22923 24834 I art     : Explicit concurrent mark sweep GC freed 20(704B) AllocSpace objects, 0(0B) LOS objects, 23% free, 52MB/68MB, paused 569us total 31.793ms
08-03 19:33:53.661 22923 24834 I art     : Starting a blocking GC Explicit
08-03 19:33:53.689 22923 24834 I art     : Explicit concurrent mark sweep GC freed 3(96B) AllocSpace objects, 0(0B) LOS objects, 23% free, 52MB/68MB, paused 602us total 28.259ms
08-03 19:33:53.701 22923 24834 I art     : Starting a blocking GC Explicit
08-03 19:33:53.731 22923 24834 I art     : Explicit concurrent mark sweep GC freed 3(96B) AllocSpace objects, 0(0B) LOS objects, 23% free, 52MB/68MB, paused 595us total 29.609ms
08-03 19:33:53.742 22923 24834 I art     : Starting a blocking GC Explicit
08-03 19:33:53.771 22923 24834 I art     : Explicit concurrent mark sweep GC freed 3(96B) AllocSpace objects, 0(0B) LOS objects, 23% free, 52MB/68MB, paused 552us total 28.167ms
08-03 19:33:54.010 22816 22816 I ServiceManager: Waiting for service AtCmdFwd...
08-03 19:33:54.085 22923 22956 I art     : Starting a blocking GC Explicit
08-03 19:33:54.120 22923 22956 I art     : Explicit concurrent mark sweep GC freed 1344(78KB) AllocSpace objects, 1(20KB) LOS objects, 23% free, 52MB/68MB, paused 600us total 34.817ms
08-03 19:33:54.134 22923 22956 I art     : Starting a blocking GC Explicit
08-03 19:33:54.162 22923 22956 I art     : Explicit concurrent mark sweep GC freed 20(704B) AllocSpace objects, 0(0B) LOS objects, 23% free, 52MB/68MB, paused 612us total 27.540ms
08-03 19:33:54.173 22923 22956 I art     : Starting a blocking GC Explicit
08-03 19:33:54.200 22923 22956 I art     : Explicit concurrent mark sweep GC freed 3(96B) AllocSpace objects, 0(0B) LOS objects, 23% free, 52MB/68MB, paused 585us total 26.387ms
08-03 19:33:54.211 22923 22956 I art     : Starting a blocking GC Explicit
08-03 19:33:54.240 22923 22956 I art     : Explicit concurrent mark sweep GC freed 3(96B) AllocSpace objects, 0(0B) LOS objects, 23% free, 52MB/68MB, paused 601us total 28.501ms
08-03 19:33:54.251 22923 22956 I art     : Starting a blocking GC Explicit
08-03 19:33:54.278 22923 22956 I art     : Explicit concurrent mark sweep GC freed 3(96B) AllocSpace objects, 0(0B) LOS objects, 23% free, 52MB/68MB, paused 630us total 26.833ms
08-03 19:33:54.594 22923 23189 I art     : Starting a blocking GC Explicit
08-03 19:33:54.628 22923 23189 I art     : Explicit concurrent mark sweep GC freed 1344(78KB) AllocSpace objects, 1(20KB) LOS objects, 23% free, 52MB/68MB, paused 627us total 33.161ms
08-03 19:33:54.639 22923 23189 I art     : Starting a blocking GC Explicit
08-03 19:33:54.667 22923 23189 I art     : Explicit concurrent mark sweep GC freed 20(704B) AllocSpace objects, 0(0B) LOS objects, 23% free, 52MB/68MB, paused 693us total 27.243ms
08-03 19:33:54.667 22923 22933 I art     : WaitForGcToComplete blocked for 27.388ms for cause HeapTrim
08-03 19:33:54.678 22923 23189 I art     : Starting a blocking GC Explicit
08-03 19:33:54.706 22923 23189 I art     : Explicit concurrent mark sweep GC freed 3(96B) AllocSpace objects, 0(0B) LOS objects, 23% free, 52MB/68MB, paused 610us total 27.921ms
08-03 19:33:54.718 22923 23189 I art     : Starting a blocking GC Explicit
08-03 19:33:54.746 22923 23189 I art     : Explicit concurrent mark sweep GC freed 3(96B) AllocSpace objects, 0(0B) LOS objects, 23% free, 52MB/68MB, paused 604us total 28.037ms
08-03 19:33:54.757 22923 23189 I art     : Starting a blocking GC Explicit
08-03 19:33:54.784 22923 23189 I art     : Explicit concurrent mark sweep GC freed 3(96B) AllocSpace objects, 0(0B) LOS objects, 23% free, 52MB/68MB, paused 591us total 26.409ms
08-03 19:33:55.011 22816 22816 I ServiceManager: Waiting for service AtCmdFwd...
08-03 19:33:55.020 25240 25240 D AndroidRuntime: >>>>>> START com.android.internal.os.RuntimeInit uid 2000 <<<<<<
08-03 19:33:55.026 25240 25240 D AndroidRuntime: CheckJNI is OFF
08-03 19:33:55.069 25240 25240 D ICU     : No timezone override file found: /data/misc/zoneinfo/current/icu/icu_tzdata.dat
08-03 19:33:55.101 22923 22936 I art     : Starting a blocking GC Explicit
08-03 19:33:55.112 25240 25240 I Radio-JNI: register_android_hardware_Radio DONE
08-03 19:33:55.129 22923 22936 I art     : Explicit concurrent mark sweep GC freed 1344(78KB) AllocSpace objects, 1(20KB) LOS objects, 23% free, 52MB/68MB, paused 604us total 27.357ms
08-03 19:33:55.140 22923 22936 I art     : Starting a blocking GC Explicit
08-03 19:33:55.142 25240 25240 D AndroidRuntime: Calling main entry com.android.commands.input.Input
08-03 19:33:55.144 25240 25240 I Input   : injectKeyEvent: KeyEvent { action=ACTION_DOWN, keyCode=KEYCODE_BACK, scanCode=0, metaState=0, flags=0x0, repeatCount=0, eventTime=646451557, downTime=646451557, deviceId=-1, source=0x101 }
08-03 19:33:55.152 25240 25240 I Input   : injectKeyEvent: KeyEvent { action=ACTION_UP, keyCode=KEYCODE_BACK, scanCode=0, metaState=0, flags=0x0, repeatCount=0, eventTime=646451557, downTime=646451557, deviceId=-1, source=0x101 }
08-03 19:33:55.158 25240 25240 D AndroidRuntime: Shutting down VM
08-03 19:33:55.166 22923 22936 I art     : Explicit concurrent mark sweep GC freed 111(5KB) AllocSpace objects, 0(0B) LOS objects, 23% free, 52MB/68MB, paused 614us total 25.454ms
08-03 19:33:55.177 22923 22936 I art     : Starting a blocking GC Explicit
08-03 19:33:55.193 13866 13866 I GoogleInputMethodServic: GoogleInputMethodService.onFinishInput():3138 
08-03 19:33:55.193 13866 13866 I GoogleInputMethodServic: GoogleInputMethodService.onStartInput():1808 
08-03 19:33:55.200 22923 22936 I art     : Explicit concurrent mark sweep GC freed 23(816B) AllocSpace objects, 0(0B) LOS objects, 23% free, 52MB/68MB, paused 563us total 23.572ms
08-03 19:33:55.214 22923 22936 I art     : Starting a blocking GC Explicit
08-03 19:33:55.239 22923 22936 I art     : Explicit concurrent mark sweep GC freed 31(1152B) AllocSpace objects, 0(0B) LOS objects, 23% free, 52MB/68MB, paused 541us total 24.679ms
08-03 19:33:55.250 22923 22936 I art     : Starting a blocking GC Explicit
08-03 19:33:55.273 22923 22936 I art     : Explicit concurrent mark sweep GC freed 9(336B) AllocSpace objects, 0(0B) LOS objects, 23% free, 52MB/68MB, paused 535us total 22.794ms
08-03 19:33:55.482   380   380 W SurfaceFlinger: couldn't log to binary event log: overflow.
08-03 19:33:55.553 22923 22936 I art     : Starting a blocking GC Explicit
08-03 19:33:55.580 22923 22936 I art     : Explicit concurrent mark sweep GC freed 1454(87KB) AllocSpace objects, 1(20KB) LOS objects, 23% free, 52MB/68MB, paused 644us total 26.971ms
08-03 19:33:55.591 22923 22936 I art     : Starting a blocking GC Explicit
08-03 19:33:55.617 22923 22936 I art     : Explicit concurrent mark sweep GC freed 1401(90KB) AllocSpace objects, 1(28KB) LOS objects, 23% free, 52MB/68MB, paused 592us total 25.997ms
08-03 19:33:55.628 22923 22936 I art     : Starting a blocking GC Explicit
08-03 19:33:55.654 22923 22936 I art     : Explicit concurrent mark sweep GC freed 3(96B) AllocSpace objects, 0(0B) LOS objects, 23% free, 52MB/68MB, paused 594us total 25.732ms
08-03 19:33:55.665 22923 22936 I art     : Starting a blocking GC Explicit
08-03 19:33:55.691 22923 22936 I art     : Explicit concurrent mark sweep GC freed 3(96B) AllocSpace objects, 0(0B) LOS objects, 23% free, 52MB/68MB, paused 582us total 26.483ms
08-03 19:33:55.703 22923 22936 I art     : Starting a blocking GC Explicit
08-03 19:33:55.729 22923 22936 I art     : Explicit concurrent mark sweep GC freed 3(96B) AllocSpace objects, 0(0B) LOS objects, 23% free, 52MB/68MB, paused 608us total 26.492ms
08-03 19:33:56.011 22816 22816 I ServiceManager: Waiting for service AtCmdFwd...
08-03 19:33:56.034 22923 24834 I art     : Starting a blocking GC Explicit
08-03 19:33:56.069 22923 24834 I art     : Explicit concurrent mark sweep GC freed 1344(78KB) AllocSpace objects, 1(20KB) LOS objects, 23% free, 52MB/68MB, paused 605us total 34.709ms
08-03 19:33:56.082 22923 24834 I art     : Starting a blocking GC Explicit
08-03 19:33:56.109 22923 24834 I art     : Explicit concurrent mark sweep GC freed 20(704B) AllocSpace objects, 0(0B) LOS objects, 23% free, 52MB/68MB, paused 573us total 26.165ms
08-03 19:33:56.120 22923 24834 I art     : Starting a blocking GC Explicit
08-03 19:33:56.146 22923 24834 I art     : Explicit concurrent mark sweep GC freed 3(96B) AllocSpace objects, 0(0B) LOS objects, 23% free, 52MB/68MB, paused 563us total 26.299ms
08-03 19:33:56.157 22923 24834 I art     : Starting a blocking GC Explicit
08-03 19:33:56.183 22923 24834 I art     : Explicit concurrent mark sweep GC freed 3(96B) AllocSpace objects, 0(0B) LOS objects, 23% free, 52MB/68MB, paused 611us total 25.554ms
08-03 19:33:56.194 22923 24834 I art     : Starting a blocking GC Explicit
08-03 19:33:56.221 22923 24834 I art     : Explicit concurrent mark sweep GC freed 3(96B) AllocSpace objects, 0(0B) LOS objects, 23% free, 52MB/68MB, paused 580us total 26.472ms
08-03 19:33:56.515 22923 23189 I art     : Starting a blocking GC Explicit
08-03 19:33:56.542 22923 23189 I art     : Explicit concurrent mark sweep GC freed 1343(78KB) AllocSpace objects, 1(20KB) LOS objects, 23% free, 52MB/68MB, paused 579us total 26.098ms
08-03 19:33:56.544   918  3188 I hubconnection: sensorhub said: 'set_bias 3: -6.2400, 0.0000, 0.0000'
08-03 19:33:56.553 22923 23189 I art     : Starting a blocking GC Explicit
08-03 19:33:56.578 22923 23189 I art     : Explicit concurrent mark sweep GC freed 20(704B) AllocSpace objects, 0(0B) LOS objects, 23% free, 52MB/68MB, paused 575us total 25.695ms
08-03 19:33:56.589 22923 23189 I art     : Starting a blocking GC Explicit
08-03 19:33:56.615 22923 23189 I art     : Explicit concurrent mark sweep GC freed 3(96B) AllocSpace objects, 0(0B) LOS objects, 23% free, 52MB/68MB, paused 575us total 25.773ms
08-03 19:33:56.626 22923 23189 I art     : Starting a blocking GC Explicit
08-03 19:33:56.651 22923 23189 I art     : Explicit concurrent mark sweep GC freed 3(96B) AllocSpace objects, 0(0B) LOS objects, 23% free, 52MB/68MB, paused 585us total 25.222ms
08-03 19:33:56.662 22923 23189 I art     : Starting a blocking GC Explicit
08-03 19:33:56.688 22923 23189 I art     : Explicit concurrent mark sweep GC freed 3(96B) AllocSpace objects, 0(0B) LOS objects, 23% free, 52MB/68MB, paused 616us total 25.065ms
08-03 19:33:56.934 25296 25296 D AndroidRuntime: >>>>>> START com.android.internal.os.RuntimeInit uid 2000 <<<<<<
08-03 19:33:56.940 25296 25296 D AndroidRuntime: CheckJNI is OFF
08-03 19:33:56.980 22923 22936 I art     : Starting a blocking GC Explicit
08-03 19:33:56.980 25296 25296 D ICU     : No timezone override file found: /data/misc/zoneinfo/current/icu/icu_tzdata.dat
08-03 19:33:57.005 22923 22936 I art     : Explicit concurrent mark sweep GC freed 1370(79KB) AllocSpace objects, 1(20KB) LOS objects, 23% free, 52MB/68MB, paused 555us total 24.876ms
08-03 19:33:57.012 22816 22816 W Atfwd_Sendcmd: AtCmdFwd service not published, waiting... retryCnt : 4
08-03 19:33:57.017 22923 22936 I art     : Starting a blocking GC Explicit
08-03 19:33:57.022 25296 25296 I Radio-JNI: register_android_hardware_Radio DONE
08-03 19:33:57.043 22923 22936 I art     : Explicit concurrent mark sweep GC freed 23(800B) AllocSpace objects, 0(0B) LOS objects, 23% free, 52MB/68MB, paused 567us total 26.350ms
08-03 19:33:57.053 25296 25296 D AndroidRuntime: Calling main entry com.android.commands.input.Input
08-03 19:33:57.054 22923 22936 I art     : Starting a blocking GC Explicit
08-03 19:33:57.055 25296 25296 I Input   : injectMotionEvent: MotionEvent { action=ACTION_DOWN, actionButton=0, id[0]=0, x[0]=756.0, y[0]=1530.0, toolType[0]=TOOL_TYPE_UNKNOWN, buttonState=0, metaState=0, flags=0x0, edgeFlags=0x0, pointerCount=1, historySize=0, eventTime=646453467, downTime=646453467, deviceId=0, source=0x1002 }
08-03 19:33:57.061 25296 25296 I Input   : injectMotionEvent: MotionEvent { action=ACTION_UP, actionButton=0, id[0]=0, x[0]=756.0, y[0]=1530.0, toolType[0]=TOOL_TYPE_UNKNOWN, buttonState=0, metaState=0, flags=0x0, edgeFlags=0x0, pointerCount=1, historySize=0, eventTime=646453467, downTime=646453467, deviceId=0, source=0x1002 }
08-03 19:33:57.063 25296 25296 D AndroidRuntime: Shutting down VM
08-03 19:33:57.072   918  6111 I ActivityManager: START u0 {cmp=baseline.appteam.nith.hillffair/.activities.LeaderBoardActivity} from uid 10624 on display 0
08-03 19:33:57.073   512  2967 D audio_hw_primary: out_set_parameters: enter: usecase(1: low-latency-playback) kvpairs: routing=2
08-03 19:33:57.079 22923 22936 I art     : Explicit concurrent mark sweep GC freed 30(1024B) AllocSpace objects, 0(0B) LOS objects, 23% free, 52MB/68MB, paused 661us total 24.555ms
08-03 19:33:57.086   512  2967 D audio_hw_primary: select_devices: out_snd_device(2: speaker) in_snd_device(0: none)
08-03 19:33:57.086   512  2967 D msm8974_platform: platform_send_audio_calibration: sending audio calibration for snd_device(2) acdb_id(15)
08-03 19:33:57.087   512  2967 I soundtrigger: audio_extn_sound_trigger_update_device_status: device 0x2 of type 0 for Event 1
08-03 19:33:57.090 22923 22936 I art     : Starting a blocking GC Explicit
08-03 19:33:57.097   512  2967 D audio_hw_primary: enable_snd_device: snd_device(2: speaker)
08-03 19:33:57.099   512  2967 D audio_hw_primary: enable_audio_route: apply and update mixer path: low-latency-playback speaker
08-03 19:33:57.116 22923 22936 I art     : Explicit concurrent mark sweep GC freed 3556(191KB) AllocSpace objects, 0(0B) LOS objects, 23% free, 52MB/68MB, paused 953us total 26.272ms
08-03 19:33:57.127 22923 22936 I art     : Starting a blocking GC Explicit
08-03 19:33:57.152 22923 22936 I art     : Explicit concurrent mark sweep GC freed 1651(128KB) AllocSpace objects, 0(0B) LOS objects, 23% free, 52MB/68MB, paused 667us total 24.890ms
08-03 19:33:57.173 22923 22923 E RecyclerView: No adapter attached; skipping layout
08-03 19:33:57.181 22923 22923 E RecyclerView: No adapter attached; skipping layout
08-03 19:33:57.198   918   936 I ActivityManager: Displayed baseline.appteam.nith.hillffair/.activities.LeaderBoardActivity: +116ms
08-03 19:33:57.199 13866 13866 I GoogleInputMethodServic: GoogleInputMethodService.onFinishInput():3138 
08-03 19:33:57.199 13866 13866 I GoogleInputMethodServic: GoogleInputMethodService.onStartInput():1808 
08-03 19:33:57.200 22923 22923 E RecyclerView: No adapter attached; skipping layout
08-03 19:33:57.253 22923 22949 D OpenGLRenderer: endAllStagingAnimators on 0x7f82784400 (RippleDrawable) with handle 0x7f81113440
08-03 19:33:57.429 22923 22934 I art     : Starting a blocking GC Explicit
08-03 19:33:57.451   380   380 W SurfaceFlinger: couldn't log to binary event log: overflow.
08-03 19:33:57.461 22923 22934 I art     : Explicit concurrent mark sweep GC freed 1642(92KB) AllocSpace objects, 1(20KB) LOS objects, 23% free, 52MB/68MB, paused 633us total 32.284ms
08-03 19:33:57.472 22923 22934 I art     : Starting a blocking GC Explicit
08-03 19:33:57.497 22923 22934 I art     : Explicit concurrent mark sweep GC freed 43(1456B) AllocSpace objects, 0(0B) LOS objects, 23% free, 52MB/68MB, paused 641us total 24.116ms
08-03 19:33:57.507 22923 22934 I art     : Starting a blocking GC Explicit
08-03 19:33:57.530 22923 22934 I art     : Explicit concurrent mark sweep GC freed 5(160B) AllocSpace objects, 0(0B) LOS objects, 23% free, 52MB/68MB, paused 617us total 23.179ms
08-03 19:33:57.540 22923 22934 I art     : Starting a blocking GC Explicit
08-03 19:33:57.563 22923 22934 I art     : Explicit concurrent mark sweep GC freed 5(160B) AllocSpace objects, 0(0B) LOS objects, 23% free, 52MB/68MB, paused 629us total 22.846ms
08-03 19:33:57.573 22923 22934 I art     : Starting a blocking GC Explicit
08-03 19:33:57.597 22923 22934 I art     : Explicit concurrent mark sweep GC freed 80(5KB) AllocSpace objects, 0(0B) LOS objects, 23% free, 52MB/68MB, paused 755us total 23.568ms
08-03 19:33:57.639   512  2967 D audio_hw_primary: disable_audio_route: reset and update mixer path: low-latency-playback speaker
08-03 19:33:57.640   512  2967 D audio_hw_primary: disable_snd_device: snd_device(2: speaker)
08-03 19:33:57.647   512  2967 I soundtrigger: audio_extn_sound_trigger_update_device_status: device 0x2 of type 0 for Event 0
08-03 19:33:57.882 22923 22936 I art     : Starting a blocking GC Explicit
08-03 19:33:57.892 22923 25325 D OkHttp  : --> GET https://api-hillfair-2k16.herokuapp.com/api/app/quiz/leaderboard?from=1 http/1.1
08-03 19:33:57.914 22923 22936 I art     : Explicit concurrent mark sweep GC freed 3969(214KB) AllocSpace objects, 4(220KB) LOS objects, 23% free, 53MB/69MB, paused 709us total 31.265ms
08-03 19:33:57.925 22923 22936 I art     : Starting a blocking GC Explicit
08-03 19:33:57.932 22923 25325 D OkHttp  : <-- 200 OK https://api-hillfair-2k16.herokuapp.com/api/app/quiz/leaderboard?from=1 (39ms, 56744-byte body)
08-03 19:33:57.952 22923 22936 I art     : Explicit concurrent mark sweep GC freed 1250(152KB) AllocSpace objects, 0(0B) LOS objects, 23% free, 53MB/69MB, paused 610us total 26.813ms
08-03 19:33:57.963 22923 22936 I art     : Starting a blocking GC Explicit
08-03 19:33:57.991 22923 22936 I art     : Explicit concurrent mark sweep GC freed 14079(638KB) AllocSpace objects, 0(0B) LOS objects, 23% free, 53MB/69MB, paused 745us total 28.099ms
08-03 19:33:58.002 22923 22936 I art     : Starting a blocking GC Explicit
08-03 19:33:58.019 22923 22923 I NAPPA_EXPERIMENTATION: MetricNetworkRequestExecutionTime: REQUEST_DURATION_SYSTEM='903',REQUEST_DURATION_OKHTTP='40',REQUEST_SYNCHRONOUS='FALSE',RESPONSE_CODE='200',RESPONSE_METHOD='GET',RESPONSE_LENGTH_OKHTTP='56744',RESPONSE_LENGTH_HEADER='56744',REQUEST_PROTOCOL='http/1.1',REQUEST_URL='https://api-hillfair-2k16.herokuapp.com/api/app/quiz/leaderboard?from=1',
08-03 19:33:58.029 22923 22936 I art     : Explicit concurrent mark sweep GC freed 10734(491KB) AllocSpace objects, 0(0B) LOS objects, 23% free, 53MB/69MB, paused 665us total 27.146ms
08-03 19:33:58.040 22923 22936 I art     : Starting a blocking GC Explicit
08-03 19:33:58.067 22923 22936 I art     : Explicit concurrent mark sweep GC freed 1048(60KB) AllocSpace objects, 0(0B) LOS objects, 23% free, 53MB/69MB, paused 1.171ms total 27.070ms
08-03 19:33:58.362 22923 24834 I art     : Starting a blocking GC Explicit
08-03 19:33:58.403 22923 24834 I art     : Explicit concurrent mark sweep GC freed 1815(95KB) AllocSpace objects, 1(20KB) LOS objects, 23% free, 53MB/69MB, paused 700us total 40.504ms
08-03 19:33:58.420 22923 24834 I art     : Starting a blocking GC Explicit
08-03 19:33:58.448 22923 24834 I art     : Explicit concurrent mark sweep GC freed 26(992B) AllocSpace objects, 0(0B) LOS objects, 23% free, 53MB/69MB, paused 644us total 28.500ms
08-03 19:33:58.460 22923 24834 I art     : Starting a blocking GC Explicit
08-03 19:33:58.489 22923 24834 I art     : Explicit concurrent mark sweep GC freed 3(96B) AllocSpace objects, 0(0B) LOS objects, 23% free, 53MB/69MB, paused 593us total 29.153ms
08-03 19:33:58.501 22923 24834 I art     : Starting a blocking GC Explicit
08-03 19:33:58.531 22923 24834 I art     : Explicit concurrent mark sweep GC freed 3(96B) AllocSpace objects, 0(0B) LOS objects, 23% free, 53MB/69MB, paused 613us total 29.361ms
08-03 19:33:58.542 22923 24834 I art     : Starting a blocking GC Explicit
08-03 19:33:58.571 22923 24834 I art     : Explicit concurrent mark sweep GC freed 3(96B) AllocSpace objects, 0(0B) LOS objects, 23% free, 53MB/69MB, paused 617us total 28.470ms
08-03 19:33:58.902 22923 22956 I art     : Starting a blocking GC Explicit
08-03 19:33:58.932 22923 22956 I art     : Explicit concurrent mark sweep GC freed 1344(78KB) AllocSpace objects, 1(20KB) LOS objects, 23% free, 53MB/69MB, paused 637us total 30.175ms
08-03 19:33:58.944 22923 22956 I art     : Starting a blocking GC Explicit
08-03 19:33:58.973 22923 22956 I art     : Explicit concurrent mark sweep GC freed 20(704B) AllocSpace objects, 0(0B) LOS objects, 23% free, 53MB/69MB, paused 610us total 29.466ms
08-03 19:33:58.985 22923 22956 I art     : Starting a blocking GC Explicit
08-03 19:33:59.014 22923 22956 I art     : Explicit concurrent mark sweep GC freed 3(96B) AllocSpace objects, 0(0B) LOS objects, 23% free, 53MB/69MB, paused 585us total 28.351ms
08-03 19:33:59.025 22923 22956 I art     : Starting a blocking GC Explicit
08-03 19:33:59.054 22923 22956 I art     : Explicit concurrent mark sweep GC freed 3(96B) AllocSpace objects, 0(0B) LOS objects, 23% free, 53MB/69MB, paused 621us total 29.178ms
08-03 19:33:59.066 22923 22956 I art     : Starting a blocking GC Explicit
08-03 19:33:59.095 22923 22956 I art     : Explicit concurrent mark sweep GC freed 3(96B) AllocSpace objects, 0(0B) LOS objects, 23% free, 53MB/69MB, paused 598us total 28.556ms
08-03 19:33:59.394 22923 22936 I art     : Starting a blocking GC Explicit
08-03 19:33:59.435 22923 22936 I art     : Explicit concurrent mark sweep GC freed 1344(78KB) AllocSpace objects, 1(20KB) LOS objects, 23% free, 53MB/69MB, paused 695us total 40.518ms
08-03 19:33:59.449 22923 22936 I art     : Starting a blocking GC Explicit
08-03 19:33:59.480 22923 22936 I art     : Explicit concurrent mark sweep GC freed 20(704B) AllocSpace objects, 0(0B) LOS objects, 23% free, 53MB/69MB, paused 628us total 30.894ms
08-03 19:33:59.492 22923 22936 I art     : Starting a blocking GC Explicit
08-03 19:33:59.524 22923 22936 I art     : Explicit concurrent mark sweep GC freed 3(96B) AllocSpace objects, 0(0B) LOS objects, 23% free, 53MB/69MB, paused 658us total 31.674ms
08-03 19:33:59.536 22923 22936 I art     : Starting a blocking GC Explicit
08-03 19:33:59.568 22923 22936 I art     : Explicit concurrent mark sweep GC freed 3(96B) AllocSpace objects, 0(0B) LOS objects, 23% free, 53MB/69MB, paused 685us total 31.778ms
08-03 19:33:59.580 22923 22936 I art     : Starting a blocking GC Explicit
08-03 19:33:59.609 22923 22936 I art     : Explicit concurrent mark sweep GC freed 3(96B) AllocSpace objects, 0(0B) LOS objects, 23% free, 53MB/69MB, paused 633us total 29.070ms
08-03 19:33:59.937 22923 23189 I art     : Starting a blocking GC Explicit
08-03 19:33:59.973 22923 23189 I art     : Explicit concurrent mark sweep GC freed 1344(78KB) AllocSpace objects, 1(20KB) LOS objects, 23% free, 53MB/69MB, paused 650us total 35.359ms
08-03 19:33:59.987 22923 23189 I art     : Starting a blocking GC Explicit
08-03 19:34:00.017 22923 23189 I art     : Explicit concurrent mark sweep GC freed 20(704B) AllocSpace objects, 0(0B) LOS objects, 23% free, 53MB/69MB, paused 737us total 29.768ms
08-03 19:34:00.028 22923 23189 I art     : Starting a blocking GC Explicit
08-03 19:34:00.057 22923 23189 I art     : Explicit concurrent mark sweep GC freed 3(96B) AllocSpace objects, 0(0B) LOS objects, 23% free, 53MB/69MB, paused 571us total 27.830ms
08-03 19:34:00.068 22923 23189 I art     : Starting a blocking GC Explicit
08-03 19:34:00.096 22923 23189 I art     : Explicit concurrent mark sweep GC freed 3(96B) AllocSpace objects, 0(0B) LOS objects, 23% free, 53MB/69MB, paused 599us total 27.411ms
08-03 19:34:00.107 22923 23189 I art     : Starting a blocking GC Explicit
08-03 19:34:00.138 22923 23189 I art     : Explicit concurrent mark sweep GC freed 3(96B) AllocSpace objects, 0(0B) LOS objects, 23% free, 53MB/69MB, paused 645us total 30.172ms
08-03 19:34:00.465 22923 22934 I art     : Starting a blocking GC Explicit
08-03 19:34:00.500 22923 22934 I art     : Explicit concurrent mark sweep GC freed 1344(78KB) AllocSpace objects, 1(20KB) LOS objects, 23% free, 53MB/69MB, paused 611us total 34.518ms
08-03 19:34:00.515 22923 22934 I art     : Starting a blocking GC Explicit
08-03 19:34:00.545 22923 22934 I art     : Explicit concurrent mark sweep GC freed 20(704B) AllocSpace objects, 0(0B) LOS objects, 23% free, 53MB/69MB, paused 610us total 29.086ms
08-03 19:34:00.556 22923 22934 I art     : Starting a blocking GC Explicit
08-03 19:34:00.586 22923 22934 I art     : Explicit concurrent mark sweep GC freed 3(96B) AllocSpace objects, 0(0B) LOS objects, 23% free, 53MB/69MB, paused 585us total 29.196ms
08-03 19:34:00.598 22923 22934 I art     : Starting a blocking GC Explicit
08-03 19:34:00.628 22923 22934 I art     : Explicit concurrent mark sweep GC freed 3(96B) AllocSpace objects, 0(0B) LOS objects, 23% free, 53MB/69MB, paused 699us total 29.796ms
08-03 19:34:00.640 22923 22934 I art     : Starting a blocking GC Explicit
08-03 19:34:00.672 22923 22934 I art     : Explicit concurrent mark sweep GC freed 3(96B) AllocSpace objects, 0(0B) LOS objects, 23% free, 53MB/69MB, paused 638us total 31.936ms
08-03 19:34:01.004 22923 24834 I art     : Starting a blocking GC Explicit
08-03 19:34:01.045 22923 24834 I art     : Explicit concurrent mark sweep GC freed 1344(78KB) AllocSpace objects, 1(20KB) LOS objects, 23% free, 53MB/69MB, paused 725us total 40.349ms
08-03 19:34:01.062 22923 24834 I art     : Starting a blocking GC Explicit
08-03 19:34:01.092 22923 24834 I art     : Explicit concurrent mark sweep GC freed 20(704B) AllocSpace objects, 0(0B) LOS objects, 23% free, 53MB/69MB, paused 643us total 29.856ms
08-03 19:34:01.104 22923 24834 I art     : Starting a blocking GC Explicit
08-03 19:34:01.136 22923 24834 I art     : Explicit concurrent mark sweep GC freed 3(96B) AllocSpace objects, 0(0B) LOS objects, 23% free, 53MB/69MB, paused 627us total 31.887ms
08-03 19:34:01.148 22923 24834 I art     : Starting a blocking GC Explicit
08-03 19:34:01.179 22923 24834 I art     : Explicit concurrent mark sweep GC freed 3(96B) AllocSpace objects, 0(0B) LOS objects, 23% free, 53MB/69MB, paused 625us total 30.887ms
08-03 19:34:01.191 22923 24834 I art     : Starting a blocking GC Explicit
08-03 19:34:01.221 22923 24834 I art     : Explicit concurrent mark sweep GC freed 3(96B) AllocSpace objects, 0(0B) LOS objects, 23% free, 53MB/69MB, paused 609us total 29.106ms
08-03 19:34:01.509 22923 22956 I art     : Starting a blocking GC Explicit
08-03 19:34:01.544 22923 22956 I art     : Explicit concurrent mark sweep GC freed 1344(78KB) AllocSpace objects, 1(20KB) LOS objects, 23% free, 53MB/69MB, paused 675us total 34.145ms
08-03 19:34:01.559 22923 22956 I art     : Starting a blocking GC Explicit
08-03 19:34:01.589 22923 22956 I art     : Explicit concurrent mark sweep GC freed 20(704B) AllocSpace objects, 0(0B) LOS objects, 23% free, 53MB/69MB, paused 681us total 29.569ms
08-03 19:34:01.601 22923 22956 I art     : Starting a blocking GC Explicit
08-03 19:34:01.631 22923 22956 I art     : Explicit concurrent mark sweep GC freed 3(96B) AllocSpace objects, 0(0B) LOS objects, 23% free, 53MB/69MB, paused 636us total 29.673ms
08-03 19:34:01.642 22923 22956 I art     : Starting a blocking GC Explicit
08-03 19:34:01.672 22923 22956 I art     : Explicit concurrent mark sweep GC freed 3(96B) AllocSpace objects, 0(0B) LOS objects, 23% free, 53MB/69MB, paused 650us total 30.085ms
08-03 19:34:01.684 22923 22956 I art     : Starting a blocking GC Explicit
08-03 19:34:01.713 22923 22956 I art     : Explicit concurrent mark sweep GC freed 3(96B) AllocSpace objects, 0(0B) LOS objects, 23% free, 53MB/69MB, paused 635us total 29.185ms
08-03 19:34:01.884 25408 25408 D AndroidRuntime: >>>>>> START com.android.internal.os.RuntimeInit uid 2000 <<<<<<
08-03 19:34:01.892 25408 25408 D AndroidRuntime: CheckJNI is OFF
08-03 19:34:01.934 25408 25408 D ICU     : No timezone override file found: /data/misc/zoneinfo/current/icu/icu_tzdata.dat
08-03 19:34:01.975 25408 25408 I Radio-JNI: register_android_hardware_Radio DONE
08-03 19:34:02.003 25408 25408 D AndroidRuntime: Calling main entry com.android.commands.input.Input
08-03 19:34:02.005 25408 25408 I Input   : injectKeyEvent: KeyEvent { action=ACTION_DOWN, keyCode=KEYCODE_BACK, scanCode=0, metaState=0, flags=0x0, repeatCount=0, eventTime=646458418, downTime=646458418, deviceId=-1, source=0x101 }
08-03 19:34:02.011 25408 25408 I Input   : injectKeyEvent: KeyEvent { action=ACTION_UP, keyCode=KEYCODE_BACK, scanCode=0, metaState=0, flags=0x0, repeatCount=0, eventTime=646458418, downTime=646458418, deviceId=-1, source=0x101 }
08-03 19:34:02.017 25408 25408 D AndroidRuntime: Shutting down VM
08-03 19:34:02.033 22923 22956 I art     : Starting a blocking GC Explicit
08-03 19:34:02.049 13866 13866 I GoogleInputMethodServic: GoogleInputMethodService.onFinishInput():3138 
08-03 19:34:02.050 13866 13866 I GoogleInputMethodServic: GoogleInputMethodService.onStartInput():1808 
08-03 19:34:02.064 22923 22956 I art     : Explicit concurrent mark sweep GC freed 1465(84KB) AllocSpace objects, 1(20KB) LOS objects, 23% free, 53MB/69MB, paused 669us total 30.059ms
08-03 19:34:02.077 22923 22956 I art     : Starting a blocking GC Explicit
08-03 19:34:02.103 22923 22956 I art     : Explicit concurrent mark sweep GC freed 42(1456B) AllocSpace objects, 0(0B) LOS objects, 23% free, 53MB/69MB, paused 618us total 26.424ms
08-03 19:34:02.114 22923 22956 I art     : Starting a blocking GC Explicit
08-03 19:34:02.139 22923 22956 I art     : Explicit concurrent mark sweep GC freed 3(96B) AllocSpace objects, 0(0B) LOS objects, 23% free, 53MB/69MB, paused 1.100ms total 25.430ms
08-03 19:34:02.153 22923 22956 I art     : Starting a blocking GC Explicit
08-03 19:34:02.184 22923 22956 I art     : Explicit concurrent mark sweep GC freed 3(96B) AllocSpace objects, 0(0B) LOS objects, 23% free, 53MB/69MB, paused 617us total 30.853ms
08-03 19:34:02.197 22923 22956 I art     : Starting a blocking GC Explicit
08-03 19:34:02.232 22923 22956 I art     : Explicit concurrent mark sweep GC freed 3(96B) AllocSpace objects, 0(0B) LOS objects, 23% free, 53MB/69MB, paused 788us total 34.392ms
08-03 19:34:02.338   380   380 W SurfaceFlinger: couldn't log to binary event log: overflow.
08-03 19:34:02.511 22923 23189 I art     : Starting a blocking GC Explicit
08-03 19:34:02.541 22923 23189 I art     : Explicit concurrent mark sweep GC freed 1463(87KB) AllocSpace objects, 1(20KB) LOS objects, 23% free, 53MB/69MB, paused 597us total 29.432ms
08-03 19:34:02.552 22923 23189 I art     : Starting a blocking GC Explicit
08-03 19:34:02.580 22923 23189 I art     : Explicit concurrent mark sweep GC freed 4698(269KB) AllocSpace objects, 2(140KB) LOS objects, 23% free, 52MB/68MB, paused 601us total 27.829ms
08-03 19:34:02.591 22923 23189 I art     : Starting a blocking GC Explicit
08-03 19:34:02.618 22923 23189 I art     : Explicit concurrent mark sweep GC freed 7(224B) AllocSpace objects, 0(0B) LOS objects, 23% free, 52MB/68MB, paused 623us total 27.009ms
08-03 19:34:02.629 22923 23189 I art     : Starting a blocking GC Explicit
08-03 19:34:02.656 22923 23189 I art     : Explicit concurrent mark sweep GC freed 12(576B) AllocSpace objects, 0(0B) LOS objects, 23% free, 52MB/68MB, paused 577us total 26.095ms
08-03 19:34:02.667 22923 23189 I art     : Starting a blocking GC Explicit
08-03 19:34:02.694 22923 23189 I art     : Explicit concurrent mark sweep GC freed 17(528B) AllocSpace objects, 0(0B) LOS objects, 23% free, 52MB/68MB, paused 592us total 26.459ms
08-03 19:34:03.002 22923 24834 I art     : Starting a blocking GC Explicit
08-03 19:34:03.035 22923 24834 I art     : Explicit concurrent mark sweep GC freed 1344(78KB) AllocSpace objects, 1(20KB) LOS objects, 23% free, 52MB/68MB, paused 617us total 32.496ms
08-03 19:34:03.048 22923 24834 I art     : Starting a blocking GC Explicit
08-03 19:34:03.076 22923 24834 I art     : Explicit concurrent mark sweep GC freed 20(704B) AllocSpace objects, 0(0B) LOS objects, 23% free, 52MB/68MB, paused 600us total 27.066ms
08-03 19:34:03.087 22923 24834 I art     : Starting a blocking GC Explicit
08-03 19:34:03.113 22923 24834 I art     : Explicit concurrent mark sweep GC freed 3(96B) AllocSpace objects, 0(0B) LOS objects, 23% free, 52MB/68MB, paused 571us total 26.192ms
08-03 19:34:03.125 22923 24834 I art     : Starting a blocking GC Explicit
08-03 19:34:03.152 22923 24834 I art     : Explicit concurrent mark sweep GC freed 3(96B) AllocSpace objects, 0(0B) LOS objects, 23% free, 52MB/68MB, paused 588us total 27.297ms
08-03 19:34:03.163 22923 24834 I art     : Starting a blocking GC Explicit
08-03 19:34:03.191 22923 24834 I art     : Explicit concurrent mark sweep GC freed 3(96B) AllocSpace objects, 0(0B) LOS objects, 23% free, 52MB/68MB, paused 592us total 27.036ms
08-03 19:34:03.419   918   927 I art     : Background sticky concurrent mark sweep GC freed 56268(5MB) AllocSpace objects, 161(4MB) LOS objects, 12% free, 73MB/84MB, paused 5.368ms total 45.437ms
08-03 19:34:03.476 22923 22956 I art     : Starting a blocking GC Explicit
08-03 19:34:03.501 22923 22956 I art     : Explicit concurrent mark sweep GC freed 1343(78KB) AllocSpace objects, 1(20KB) LOS objects, 23% free, 52MB/68MB, paused 608us total 25.589ms
08-03 19:34:03.512 22923 22956 I art     : Starting a blocking GC Explicit
08-03 19:34:03.539 22923 22956 I art     : Explicit concurrent mark sweep GC freed 26(928B) AllocSpace objects, 0(0B) LOS objects, 23% free, 52MB/68MB, paused 608us total 25.853ms
08-03 19:34:03.549 22923 22956 I art     : Starting a blocking GC Explicit
08-03 19:34:03.576 22923 22956 I art     : Explicit concurrent mark sweep GC freed 3(96B) AllocSpace objects, 0(0B) LOS objects, 23% free, 52MB/68MB, paused 602us total 26.262ms
08-03 19:34:03.587 22923 22956 I art     : Starting a blocking GC Explicit
08-03 19:34:03.615 22923 22956 I art     : Explicit concurrent mark sweep GC freed 3(96B) AllocSpace objects, 0(0B) LOS objects, 23% free, 52MB/68MB, paused 632us total 27.864ms
08-03 19:34:03.626 22923 22956 I art     : Starting a blocking GC Explicit
08-03 19:34:03.655 22923 22956 I art     : Explicit concurrent mark sweep GC freed 4(128B) AllocSpace objects, 0(0B) LOS objects, 23% free, 52MB/68MB, paused 589us total 28.218ms
08-03 19:34:03.800 25461 25461 D AndroidRuntime: >>>>>> START com.android.internal.os.RuntimeInit uid 2000 <<<<<<
08-03 19:34:03.806 25461 25461 D AndroidRuntime: CheckJNI is OFF
08-03 19:34:03.846 25461 25461 D ICU     : No timezone override file found: /data/misc/zoneinfo/current/icu/icu_tzdata.dat
08-03 19:34:03.886 25461 25461 I Radio-JNI: register_android_hardware_Radio DONE
08-03 19:34:03.914 25461 25461 D AndroidRuntime: Calling main entry com.android.commands.input.Input
08-03 19:34:03.916 25461 25461 I Input   : injectKeyEvent: KeyEvent { action=ACTION_DOWN, keyCode=KEYCODE_BACK, scanCode=0, metaState=0, flags=0x0, repeatCount=0, eventTime=646460328, downTime=646460328, deviceId=-1, source=0x101 }
08-03 19:34:03.925 25461 25461 I Input   : injectKeyEvent: KeyEvent { action=ACTION_UP, keyCode=KEYCODE_BACK, scanCode=0, metaState=0, flags=0x0, repeatCount=0, eventTime=646460328, downTime=646460328, deviceId=-1, source=0x101 }
08-03 19:34:03.930 25461 25461 D AndroidRuntime: Shutting down VM
08-03 19:34:03.965 13866 13866 I GoogleInputMethodServic: GoogleInputMethodService.onFinishInput():3138 
08-03 19:34:03.965 13866 13866 I GoogleInputMethodServic: GoogleInputMethodService.onStartInput():1808 
08-03 19:34:03.984 22923 24834 I art     : Starting a blocking GC Explicit
08-03 19:34:04.011 22923 24834 I art     : Explicit concurrent mark sweep GC freed 1574(87KB) AllocSpace objects, 1(20KB) LOS objects, 23% free, 52MB/68MB, paused 578us total 26.711ms
08-03 19:34:04.021 22923 24834 I art     : Starting a blocking GC Explicit
08-03 19:34:04.043 22923 24834 I art     : Explicit concurrent mark sweep GC freed 24(864B) AllocSpace objects, 0(0B) LOS objects, 23% free, 52MB/68MB, paused 539us total 22.219ms
08-03 19:34:04.054 22923 24834 I art     : Starting a blocking GC Explicit
08-03 19:34:04.079 22923 24834 I art     : Explicit concurrent mark sweep GC freed 3(96B) AllocSpace objects, 0(0B) LOS objects, 23% free, 52MB/68MB, paused 570us total 24.257ms
08-03 19:34:04.089 22923 24834 I art     : Starting a blocking GC Explicit
08-03 19:34:04.117 22923 24834 I art     : Explicit concurrent mark sweep GC freed 3(96B) AllocSpace objects, 0(0B) LOS objects, 23% free, 52MB/68MB, paused 543us total 27.265ms
08-03 19:34:04.128 22923 24834 I art     : Starting a blocking GC Explicit
08-03 19:34:04.157 22923 24834 I art     : Explicit concurrent mark sweep GC freed 3(96B) AllocSpace objects, 0(0B) LOS objects, 23% free, 52MB/68MB, paused 633us total 28.798ms
08-03 19:34:04.257   380   380 W SurfaceFlinger: couldn't log to binary event log: overflow.
08-03 19:34:04.446 22923 24834 I art     : Starting a blocking GC Explicit
08-03 19:34:04.479 22923 24834 I art     : Explicit concurrent mark sweep GC freed 1461(87KB) AllocSpace objects, 1(20KB) LOS objects, 23% free, 52MB/68MB, paused 806us total 32.630ms
08-03 19:34:04.493 22923 24834 I art     : Starting a blocking GC Explicit
08-03 19:34:04.520 22923 24834 I art     : Explicit concurrent mark sweep GC freed 2096(122KB) AllocSpace objects, 3(340KB) LOS objects, 23% free, 52MB/68MB, paused 628us total 26.511ms
08-03 19:34:04.531 22923 24834 I art     : Starting a blocking GC Explicit
08-03 19:34:04.557 22923 24834 I art     : Explicit concurrent mark sweep GC freed 3(96B) AllocSpace objects, 0(0B) LOS objects, 23% free, 52MB/68MB, paused 651us total 25.982ms
08-03 19:34:04.568 22923 24834 I art     : Starting a blocking GC Explicit
08-03 19:34:04.594 22923 24834 I art     : Explicit concurrent mark sweep GC freed 3(96B) AllocSpace objects, 0(0B) LOS objects, 23% free, 52MB/68MB, paused 588us total 25.971ms
08-03 19:34:04.605 22923 24834 I art     : Starting a blocking GC Explicit
08-03 19:34:04.632 22923 24834 I art     : Explicit concurrent mark sweep GC freed 3(96B) AllocSpace objects, 0(0B) LOS objects, 23% free, 52MB/68MB, paused 601us total 26.285ms
08-03 19:34:04.946 22923 22934 I art     : Starting a blocking GC Explicit
08-03 19:34:04.978 22923 22934 I art     : Explicit concurrent mark sweep GC freed 1343(78KB) AllocSpace objects, 1(20KB) LOS objects, 23% free, 52MB/68MB, paused 743us total 31.252ms
08-03 19:34:04.990 22923 22934 I art     : Starting a blocking GC Explicit
08-03 19:34:05.017 22923 22934 I art     : Explicit concurrent mark sweep GC freed 20(704B) AllocSpace objects, 0(0B) LOS objects, 23% free, 52MB/68MB, paused 608us total 25.946ms
08-03 19:34:05.028 22923 22934 I art     : Starting a blocking GC Explicit
08-03 19:34:05.054 22923 22934 I art     : Explicit concurrent mark sweep GC freed 3(96B) AllocSpace objects, 0(0B) LOS objects, 23% free, 52MB/68MB, paused 591us total 25.638ms
08-03 19:34:05.065 22923 22934 I art     : Starting a blocking GC Explicit
08-03 19:34:05.090 22923 22934 I art     : Explicit concurrent mark sweep GC freed 3(96B) AllocSpace objects, 0(0B) LOS objects, 23% free, 52MB/68MB, paused 593us total 25.308ms
08-03 19:34:05.101 22923 22934 I art     : Starting a blocking GC Explicit
08-03 19:34:05.128 22923 22934 I art     : Explicit concurrent mark sweep GC freed 3(96B) AllocSpace objects, 0(0B) LOS objects, 23% free, 52MB/68MB, paused 638us total 25.898ms
08-03 19:34:05.422 22923 22956 I art     : Starting a blocking GC Explicit
08-03 19:34:05.448 22923 22956 I art     : Explicit concurrent mark sweep GC freed 1341(78KB) AllocSpace objects, 1(20KB) LOS objects, 23% free, 52MB/68MB, paused 648us total 25.899ms
08-03 19:34:05.459 22923 22956 I art     : Starting a blocking GC Explicit
08-03 19:34:05.486 22923 22956 I art     : Explicit concurrent mark sweep GC freed 20(704B) AllocSpace objects, 0(0B) LOS objects, 23% free, 52MB/68MB, paused 639us total 26.832ms
08-03 19:34:05.497 22923 22956 I art     : Starting a blocking GC Explicit
08-03 19:34:05.524 22923 22956 I art     : Explicit concurrent mark sweep GC freed 3(96B) AllocSpace objects, 0(0B) LOS objects, 23% free, 52MB/68MB, paused 652us total 26.442ms
08-03 19:34:05.535 22923 22956 I art     : Starting a blocking GC Explicit
08-03 19:34:05.562 22923 22956 I art     : Explicit concurrent mark sweep GC freed 3(96B) AllocSpace objects, 0(0B) LOS objects, 23% free, 52MB/68MB, paused 594us total 26.304ms
08-03 19:34:05.572 22923 22956 I art     : Starting a blocking GC Explicit
08-03 19:34:05.599 22923 22956 I art     : Explicit concurrent mark sweep GC freed 3(96B) AllocSpace objects, 0(0B) LOS objects, 23% free, 52MB/68MB, paused 612us total 26.559ms
08-03 19:34:05.715 25515 25515 D AndroidRuntime: >>>>>> START com.android.internal.os.RuntimeInit uid 2000 <<<<<<
08-03 19:34:05.723 25515 25515 D AndroidRuntime: CheckJNI is OFF
08-03 19:34:05.768 25515 25515 D ICU     : No timezone override file found: /data/misc/zoneinfo/current/icu/icu_tzdata.dat
08-03 19:34:05.811 25515 25515 I Radio-JNI: register_android_hardware_Radio DONE
08-03 19:34:05.839 25515 25515 D AndroidRuntime: Calling main entry com.android.commands.input.Input
08-03 19:34:05.841 25515 25515 I Input   : injectMotionEvent: MotionEvent { action=ACTION_DOWN, actionButton=0, id[0]=0, x[0]=1053.0, y[0]=1173.0, toolType[0]=TOOL_TYPE_UNKNOWN, buttonState=0, metaState=0, flags=0x0, edgeFlags=0x0, pointerCount=1, historySize=0, eventTime=646462254, downTime=646462254, deviceId=0, source=0x1002 }
08-03 19:34:05.847 25515 25515 I Input   : injectMotionEvent: MotionEvent { action=ACTION_UP, actionButton=0, id[0]=0, x[0]=1053.0, y[0]=1173.0, toolType[0]=TOOL_TYPE_UNKNOWN, buttonState=0, metaState=0, flags=0x0, edgeFlags=0x0, pointerCount=1, historySize=0, eventTime=646462254, downTime=646462254, deviceId=0, source=0x1002 }
08-03 19:34:05.849   918  6111 I ActivityManager: START u0 {cmp=baseline.appteam.nith.hillffair/.activities.QuizActivity} from uid 10624 on display 0
08-03 19:34:05.855 25515 25515 D AndroidRuntime: Shutting down VM
08-03 19:34:05.921 22923 22936 I art     : Starting a blocking GC Explicit
08-03 19:34:05.950 22923 22936 I art     : Explicit concurrent mark sweep GC freed 2076(130KB) AllocSpace objects, 1(20KB) LOS objects, 23% free, 52MB/68MB, paused 1.285ms total 28.995ms
08-03 19:34:05.954   918   936 I ActivityManager: Displayed baseline.appteam.nith.hillffair/.activities.QuizActivity: +98ms
08-03 19:34:05.954 13866 13866 I GoogleInputMethodServic: GoogleInputMethodService.onFinishInput():3138 
08-03 19:34:05.955 13866 13866 I GoogleInputMethodServic: GoogleInputMethodService.onStartInput():1808 
08-03 19:34:05.962 22923 22936 I art     : Starting a blocking GC Explicit
08-03 19:34:05.987 22923 22936 I art     : Explicit concurrent mark sweep GC freed 225(10KB) AllocSpace objects, 0(0B) LOS objects, 23% free, 52MB/68MB, paused 682us total 25.425ms
08-03 19:34:05.994 24365 28171 E WakeLock: GCM_HB_ALARM release without a matched acquire!
08-03 19:34:05.998 22923 22936 I art     : Starting a blocking GC Explicit
08-03 19:34:06.021 22923 22936 I art     : Explicit concurrent mark sweep GC freed 7(240B) AllocSpace objects, 0(0B) LOS objects, 23% free, 52MB/68MB, paused 589us total 22.623ms
08-03 19:34:06.031 22923 22936 I art     : Starting a blocking GC Explicit
08-03 19:34:06.055 22923 22936 I art     : Explicit concurrent mark sweep GC freed 30(1248B) AllocSpace objects, 0(0B) LOS objects, 23% free, 52MB/68MB, paused 572us total 24.042ms
08-03 19:34:06.066 22923 22936 I art     : Starting a blocking GC Explicit
08-03 19:34:06.092 22923 22936 I art     : Explicit concurrent mark sweep GC freed 3(96B) AllocSpace objects, 0(0B) LOS objects, 23% free, 52MB/68MB, paused 567us total 25.032ms
08-03 19:34:06.209   380   380 W SurfaceFlinger: couldn't log to binary event log: overflow.
08-03 19:34:06.365 22923 24834 I art     : Starting a blocking GC Explicit
08-03 19:34:06.392 22923 24834 I art     : Explicit concurrent mark sweep GC freed 1413(82KB) AllocSpace objects, 1(20KB) LOS objects, 23% free, 52MB/68MB, paused 607us total 26.713ms
08-03 19:34:06.403 22923 24834 I art     : Starting a blocking GC Explicit
08-03 19:34:06.430 22923 24834 I art     : Explicit concurrent mark sweep GC freed 20(704B) AllocSpace objects, 0(0B) LOS objects, 23% free, 52MB/68MB, paused 680us total 25.856ms
08-03 19:34:06.441 22923 24834 I art     : Starting a blocking GC Explicit
08-03 19:34:06.467 22923 24834 I art     : Explicit concurrent mark sweep GC freed 3(96B) AllocSpace objects, 0(0B) LOS objects, 23% free, 52MB/68MB, paused 685us total 26.516ms
08-03 19:34:06.478 22923 24834 I art     : Starting a blocking GC Explicit
08-03 19:34:06.505 22923 24834 I art     : Explicit concurrent mark sweep GC freed 3(96B) AllocSpace objects, 0(0B) LOS objects, 23% free, 52MB/68MB, paused 593us total 26.440ms
08-03 19:34:06.517 22923 24834 I art     : Starting a blocking GC Explicit
08-03 19:34:06.544 22923 24834 I art     : Explicit concurrent mark sweep GC freed 3(96B) AllocSpace objects, 0(0B) LOS objects, 23% free, 52MB/68MB, paused 594us total 26.957ms
08-03 19:34:06.867 22923 22934 I art     : Starting a blocking GC Explicit
08-03 19:34:06.899 22923 22934 I art     : Explicit concurrent mark sweep GC freed 1343(78KB) AllocSpace objects, 1(20KB) LOS objects, 23% free, 52MB/68MB, paused 639us total 31.822ms
08-03 19:34:06.912 22923 22934 I art     : Starting a blocking GC Explicit
08-03 19:34:06.940 22923 22934 I art     : Explicit concurrent mark sweep GC freed 20(704B) AllocSpace objects, 0(0B) LOS objects, 23% free, 52MB/68MB, paused 606us total 26.926ms
08-03 19:34:06.951 22923 22934 I art     : Starting a blocking GC Explicit
08-03 19:34:06.978 22923 22934 I art     : Explicit concurrent mark sweep GC freed 3(96B) AllocSpace objects, 0(0B) LOS objects, 23% free, 52MB/68MB, paused 622us total 26.725ms
08-03 19:34:06.989 22923 22934 I art     : Starting a blocking GC Explicit
08-03 19:34:07.016 22923 22934 I art     : Explicit concurrent mark sweep GC freed 3(96B) AllocSpace objects, 0(0B) LOS objects, 23% free, 52MB/68MB, paused 583us total 27.192ms
08-03 19:34:07.028 22923 22934 I art     : Starting a blocking GC Explicit
08-03 19:34:07.055 22923 22934 I art     : Explicit concurrent mark sweep GC freed 3(96B) AllocSpace objects, 0(0B) LOS objects, 23% free, 52MB/68MB, paused 589us total 27.110ms
08-03 19:34:07.352 22923 22956 I art     : Starting a blocking GC Explicit
08-03 19:34:07.387 22923 22956 I art     : Explicit concurrent mark sweep GC freed 1343(78KB) AllocSpace objects, 1(20KB) LOS objects, 23% free, 52MB/68MB, paused 638us total 34.344ms
08-03 19:34:07.400 22923 22956 I art     : Starting a blocking GC Explicit
08-03 19:34:07.428 22923 22956 I art     : Explicit concurrent mark sweep GC freed 20(704B) AllocSpace objects, 0(0B) LOS objects, 23% free, 52MB/68MB, paused 646us total 27.207ms
08-03 19:34:07.439 22923 22956 I art     : Starting a blocking GC Explicit
08-03 19:34:07.466 22923 22956 I art     : Explicit concurrent mark sweep GC freed 3(96B) AllocSpace objects, 0(0B) LOS objects, 23% free, 52MB/68MB, paused 587us total 27.261ms
08-03 19:34:07.478 22923 22956 I art     : Starting a blocking GC Explicit
08-03 19:34:07.505 22923 22956 I art     : Explicit concurrent mark sweep GC freed 3(96B) AllocSpace objects, 0(0B) LOS objects, 23% free, 52MB/68MB, paused 567us total 26.731ms
08-03 19:34:07.517 22923 22956 I art     : Starting a blocking GC Explicit
08-03 19:34:07.545 22923 22956 I art     : Explicit concurrent mark sweep GC freed 8(256B) AllocSpace objects, 0(0B) LOS objects, 23% free, 52MB/68MB, paused 550us total 27.519ms
08-03 19:34:07.852 22923 22936 I art     : Starting a blocking GC Explicit
08-03 19:34:07.880 22923 22936 I art     : Explicit concurrent mark sweep GC freed 1368(79KB) AllocSpace objects, 1(20KB) LOS objects, 23% free, 52MB/68MB, paused 626us total 28.064ms
08-03 19:34:07.892 22923 22936 I art     : Starting a blocking GC Explicit
08-03 19:34:07.919 22923 22936 I art     : Explicit concurrent mark sweep GC freed 20(704B) AllocSpace objects, 0(0B) LOS objects, 23% free, 52MB/68MB, paused 613us total 26.509ms
08-03 19:34:07.930 22923 22936 I art     : Starting a blocking GC Explicit
08-03 19:34:07.958 22923 22936 I art     : Explicit concurrent mark sweep GC freed 3(96B) AllocSpace objects, 0(0B) LOS objects, 23% free, 52MB/68MB, paused 656us total 27.104ms
08-03 19:34:07.969 22923 22936 I art     : Starting a blocking GC Explicit
08-03 19:34:07.996 22923 22936 I art     : Explicit concurrent mark sweep GC freed 3(96B) AllocSpace objects, 0(0B) LOS objects, 23% free, 52MB/68MB, paused 612us total 27.098ms
08-03 19:34:08.008 22923 22936 I art     : Starting a blocking GC Explicit
08-03 19:34:08.037 22923 22936 I art     : Explicit concurrent mark sweep GC freed 3(96B) AllocSpace objects, 0(0B) LOS objects, 23% free, 52MB/68MB, paused 733us total 29.325ms
08-03 19:34:08.326 22923 24834 I art     : Starting a blocking GC Explicit
08-03 19:34:08.356 22923 24834 I art     : Explicit concurrent mark sweep GC freed 1343(78KB) AllocSpace objects, 1(20KB) LOS objects, 23% free, 52MB/68MB, paused 640us total 29.969ms
08-03 19:34:08.370 22923 24834 I art     : Starting a blocking GC Explicit
08-03 19:34:08.398 22923 24834 I art     : Explicit concurrent mark sweep GC freed 20(704B) AllocSpace objects, 0(0B) LOS objects, 23% free, 52MB/68MB, paused 651us total 27.961ms
08-03 19:34:08.409 22923 24834 I art     : Starting a blocking GC Explicit
08-03 19:34:08.437 22923 24834 I art     : Explicit concurrent mark sweep GC freed 3(96B) AllocSpace objects, 0(0B) LOS objects, 23% free, 52MB/68MB, paused 652us total 27.382ms
08-03 19:34:08.448 22923 24834 I art     : Starting a blocking GC Explicit
08-03 19:34:08.475 22923 24834 I art     : Explicit concurrent mark sweep GC freed 3(96B) AllocSpace objects, 0(0B) LOS objects, 23% free, 52MB/68MB, paused 621us total 26.626ms
08-03 19:34:08.486 22923 24834 I art     : Starting a blocking GC Explicit
08-03 19:34:08.515 22923 24834 I art     : Explicit concurrent mark sweep GC freed 3(96B) AllocSpace objects, 0(0B) LOS objects, 23% free, 52MB/68MB, paused 613us total 28.320ms
08-03 19:34:08.686 25590 25590 D AndroidRuntime: >>>>>> START com.android.internal.os.RuntimeInit uid 2000 <<<<<<
08-03 19:34:08.693 25590 25590 D AndroidRuntime: CheckJNI is OFF
08-03 19:34:08.734 25590 25590 D ICU     : No timezone override file found: /data/misc/zoneinfo/current/icu/icu_tzdata.dat
08-03 19:34:08.776 25590 25590 I Radio-JNI: register_android_hardware_Radio DONE
08-03 19:34:08.804 25590 25590 D AndroidRuntime: Calling main entry com.android.commands.input.Input
08-03 19:34:08.817 25590 25590 I Input   : injectMotionEvent: MotionEvent { action=ACTION_DOWN, actionButton=0, id[0]=0, x[0]=756.0, y[0]=1530.0, toolType[0]=TOOL_TYPE_UNKNOWN, buttonState=0, metaState=0, flags=0x0, edgeFlags=0x0, pointerCount=1, historySize=0, eventTime=646465219, downTime=646465219, deviceId=0, source=0x1002 }
08-03 19:34:08.822 25590 25590 I Input   : injectMotionEvent: MotionEvent { action=ACTION_UP, actionButton=0, id[0]=0, x[0]=756.0, y[0]=1530.0, toolType[0]=TOOL_TYPE_UNKNOWN, buttonState=0, metaState=0, flags=0x0, edgeFlags=0x0, pointerCount=1, historySize=0, eventTime=646465219, downTime=646465219, deviceId=0, source=0x1002 }
08-03 19:34:08.825 25590 25590 D AndroidRuntime: Shutting down VM
08-03 19:34:08.830   918  3696 I ActivityManager: START u0 {cmp=baseline.appteam.nith.hillffair/.activities.LeaderBoardActivity} from uid 10624 on display 0
08-03 19:34:08.834   512  2967 D audio_hw_primary: out_set_parameters: enter: usecase(1: low-latency-playback) kvpairs: routing=2
08-03 19:34:08.834 22923 23189 I art     : Starting a blocking GC Explicit
08-03 19:34:08.847   512  2967 D audio_hw_primary: select_devices: out_snd_device(2: speaker) in_snd_device(0: none)
08-03 19:34:08.847   512  2967 D msm8974_platform: platform_send_audio_calibration: sending audio calibration for snd_device(2) acdb_id(15)
08-03 19:34:08.847   512  2967 I soundtrigger: audio_extn_sound_trigger_update_device_status: device 0x2 of type 0 for Event 1
08-03 19:34:08.858   512  2967 D audio_hw_primary: enable_snd_device: snd_device(2: speaker)
08-03 19:34:08.860   512  2967 D audio_hw_primary: enable_audio_route: apply and update mixer path: low-latency-playback speaker
08-03 19:34:08.864 22923 25604 W OneSignal: OneSignalRestClient: POST Error thrown from network stack. 
08-03 19:34:08.864 22923 25604 W OneSignal: java.io.IOException: unexpected end of stream on Connection{api.onesignal.com:443, proxy=HTTP@192.168.2.12:8080 hostAddress=192.168.2.12 cipherSuite=TLS_ECDHE_RSA_WITH_AES_128_GCM_SHA256 protocol=http/1.1} (recycle count=0)
08-03 19:34:08.864 22923 25604 W OneSignal: 	at com.android.okhttp.internal.http.HttpConnection.readResponse(HttpConnection.java:210)
08-03 19:34:08.864 22923 25604 W OneSignal: 	at com.android.okhttp.internal.http.HttpTransport.readResponseHeaders(HttpTransport.java:80)
08-03 19:34:08.864 22923 25604 W OneSignal: 	at com.android.okhttp.internal.http.HttpEngine.readNetworkResponse(HttpEngine.java:904)
08-03 19:34:08.864 22923 25604 W OneSignal: 	at com.android.okhttp.internal.http.HttpEngine.readResponse(HttpEngine.java:788)
08-03 19:34:08.864 22923 25604 W OneSignal: 	at com.android.okhttp.internal.huc.HttpURLConnectionImpl.execute(HttpURLConnectionImpl.java:439)
08-03 19:34:08.864 22923 25604 W OneSignal: 	at com.android.okhttp.internal.huc.HttpURLConnectionImpl.getResponse(HttpURLConnectionImpl.java:384)
08-03 19:34:08.864 22923 25604 W OneSignal: 	at com.android.okhttp.internal.huc.HttpURLConnectionImpl.getResponseCode(HttpURLConnectionImpl.java:497)
08-03 19:34:08.864 22923 25604 W OneSignal: 	at com.android.okhttp.internal.huc.DelegatingHttpsURLConnection.getResponseCode(DelegatingHttpsURLConnection.java:105)
08-03 19:34:08.864 22923 25604 W OneSignal: 	at com.android.okhttp.internal.huc.HttpsURLConnectionImpl.getResponseCode(HttpsURLConnectionImpl.java)
08-03 19:34:08.864 22923 25604 W OneSignal: 	at com.onesignal.OneSignalRestClient.startHTTPConnection(OneSignalRestClient.java:180)
08-03 19:34:08.864 22923 25604 W OneSignal: 	at com.onesignal.OneSignalRestClient.access$100(OneSignalRestClient.java:44)
08-03 19:34:08.864 22923 25604 W OneSignal: 	at com.onesignal.OneSignalRestClient$4.run(OneSignalRestClient.java:110)
08-03 19:34:08.864 22923 25604 W OneSignal: 	at java.lang.Thread.run(Thread.java:818)
08-03 19:34:08.864 22923 25604 W OneSignal: Caused by: java.io.EOFException: \n not found: size=0 content=...
08-03 19:34:08.864 22923 25604 W OneSignal: 	at com.android.okhttp.okio.RealBufferedSource.readUtf8LineStrict(RealBufferedSource.java:200)
08-03 19:34:08.864 22923 25604 W OneSignal: 	at com.android.okhttp.internal.http.HttpConnection.readResponse(HttpConnection.java:191)
08-03 19:34:08.864 22923 25604 W OneSignal: 	... 12 more
08-03 19:34:08.866 22923 25624 W OneSignal: Failed last request. statusCode: -1
08-03 19:34:08.866 22923 25624 W OneSignal: response: null
08-03 19:34:08.866 22923 23189 I art     : Explicit concurrent mark sweep GC freed 4049(202KB) AllocSpace objects, 1(20KB) LOS objects, 23% free, 52MB/68MB, paused 1.726ms total 31.407ms
08-03 19:34:08.877 22923 23189 I art     : Starting a blocking GC Explicit
08-03 19:34:08.902 22923 23189 I art     : Explicit concurrent mark sweep GC freed 5152(363KB) AllocSpace objects, 0(0B) LOS objects, 23% free, 52MB/68MB, paused 680us total 25.479ms
08-03 19:34:08.913 22923 23189 I art     : Starting a blocking GC Explicit
08-03 19:34:08.915 22923 22923 E RecyclerView: No adapter attached; skipping layout
08-03 19:34:08.917 22923 22923 E RecyclerView: No adapter attached; skipping layout
08-03 19:34:08.934   918   936 I ActivityManager: Displayed baseline.appteam.nith.hillffair/.activities.LeaderBoardActivity: +96ms
08-03 19:34:08.935 13866 13866 I GoogleInputMethodServic: GoogleInputMethodService.onFinishInput():3138 
08-03 19:34:08.936 13866 13866 I GoogleInputMethodServic: GoogleInputMethodService.onStartInput():1808 
08-03 19:34:08.936 22923 22923 E RecyclerView: No adapter attached; skipping layout
08-03 19:34:08.941 22923 23189 I art     : Explicit concurrent mark sweep GC freed 323(14KB) AllocSpace objects, 0(0B) LOS objects, 23% free, 52MB/68MB, paused 783us total 27.379ms
08-03 19:34:08.952 22923 23189 I art     : Starting a blocking GC Explicit
08-03 19:34:08.968 22923 22949 D OpenGLRenderer: endAllStagingAnimators on 0x7f94d0dc00 (RippleDrawable) with handle 0x7f81113400
08-03 19:34:08.980 22923 23189 I art     : Explicit concurrent mark sweep GC freed 27(1168B) AllocSpace objects, 0(0B) LOS objects, 23% free, 52MB/68MB, paused 698us total 27.370ms
08-03 19:34:08.991 22923 23189 I art     : Starting a blocking GC Explicit
08-03 19:34:09.018 22923 23189 I art     : Explicit concurrent mark sweep GC freed 28(1008B) AllocSpace objects, 0(0B) LOS objects, 23% free, 52MB/68MB, paused 686us total 26.475ms
08-03 19:34:09.204   380   380 W SurfaceFlinger: couldn't log to binary event log: overflow.
08-03 19:34:09.310 22923 23189 I art     : Starting a blocking GC Explicit
08-03 19:34:09.342 22923 23189 I art     : Explicit concurrent mark sweep GC freed 2168(142KB) AllocSpace objects, 3(140KB) LOS objects, 23% free, 53MB/69MB, paused 787us total 32.044ms
08-03 19:34:09.353 22923 23189 I art     : Starting a blocking GC Explicit
08-03 19:34:09.369 22923 25625 D OkHttp  : --> GET https://api-hillfair-2k16.herokuapp.com/api/app/quiz/leaderboard?from=1 http/1.1
08-03 19:34:09.379 22923 23189 I art     : Explicit concurrent mark sweep GC freed 2136(84KB) AllocSpace objects, 0(0B) LOS objects, 23% free, 53MB/69MB, paused 681us total 25.356ms
08-03 19:34:09.389 22923 23189 I art     : Starting a blocking GC Explicit
08-03 19:34:09.399   512  2967 D audio_hw_primary: disable_audio_route: reset and update mixer path: low-latency-playback speaker
08-03 19:34:09.400   512  2967 D audio_hw_primary: disable_snd_device: snd_device(2: speaker)
08-03 19:34:09.406 22923 25625 D OkHttp  : <-- 200 OK https://api-hillfair-2k16.herokuapp.com/api/app/quiz/leaderboard?from=1 (37ms, 56744-byte body)
08-03 19:34:09.407   512  2967 I soundtrigger: audio_extn_sound_trigger_update_device_status: device 0x2 of type 0 for Event 0
08-03 19:34:09.415 22923 23189 I art     : Explicit concurrent mark sweep GC freed 965(141KB) AllocSpace objects, 1(80KB) LOS objects, 23% free, 52MB/68MB, paused 735us total 25.043ms
08-03 19:34:09.425 22923 23189 I art     : Starting a blocking GC Explicit
08-03 19:34:09.451 22923 23189 I art     : Explicit concurrent mark sweep GC freed 11519(531KB) AllocSpace objects, 0(0B) LOS objects, 23% free, 52MB/68MB, paused 695us total 26.038ms
08-03 19:34:09.462 22923 23189 I art     : Starting a blocking GC Explicit
08-03 19:34:09.489 22923 23189 I art     : Explicit concurrent mark sweep GC freed 13222(592KB) AllocSpace objects, 0(0B) LOS objects, 23% free, 53MB/69MB, paused 655us total 27.166ms
08-03 19:34:09.497 22923 22923 I NAPPA_EXPERIMENTATION: MetricNetworkRequestExecutionTime: REQUEST_DURATION_SYSTEM='622',REQUEST_DURATION_OKHTTP='37',REQUEST_SYNCHRONOUS='FALSE',RESPONSE_CODE='200',RESPONSE_METHOD='GET',RESPONSE_LENGTH_OKHTTP='56744',RESPONSE_LENGTH_HEADER='56744',REQUEST_PROTOCOL='http/1.1',REQUEST_URL='https://api-hillfair-2k16.herokuapp.com/api/app/quiz/leaderboard?from=1',
08-03 19:34:09.774 22923 22936 I art     : Starting a blocking GC Explicit
08-03 19:34:09.816 22923 22936 I art     : Explicit concurrent mark sweep GC freed 2866(161KB) AllocSpace objects, 1(20KB) LOS objects, 23% free, 53MB/69MB, paused 708us total 40.716ms
08-03 19:34:09.833 22923 22936 I art     : Starting a blocking GC Explicit
08-03 19:34:09.864 22923 22936 I art     : Explicit concurrent mark sweep GC freed 87(3KB) AllocSpace objects, 0(0B) LOS objects, 23% free, 53MB/69MB, paused 623us total 30.501ms
08-03 19:34:09.875 22923 22936 I art     : Starting a blocking GC Explicit
08-03 19:34:09.905 22923 22936 I art     : Explicit concurrent mark sweep GC freed 3(96B) AllocSpace objects, 0(0B) LOS objects, 23% free, 53MB/69MB, paused 630us total 29.221ms
08-03 19:34:09.916 22923 22936 I art     : Starting a blocking GC Explicit
08-03 19:34:09.946 22923 22936 I art     : Explicit concurrent mark sweep GC freed 3(96B) AllocSpace objects, 0(0B) LOS objects, 23% free, 53MB/69MB, paused 677us total 29.077ms
08-03 19:34:09.957 22923 22936 I art     : Starting a blocking GC Explicit
08-03 19:34:09.988 22923 22936 I art     : Explicit concurrent mark sweep GC freed 3(96B) AllocSpace objects, 0(0B) LOS objects, 23% free, 53MB/69MB, paused 687us total 29.912ms
08-03 19:34:10.214   918  3261 D WifiStateMachine: starting scan for "H369AA63323"WPA_PSK with 2412,5180
08-03 19:34:10.305 22923 23189 I art     : Starting a blocking GC Explicit
08-03 19:34:10.341 22923 23189 I art     : Explicit concurrent mark sweep GC freed 1344(78KB) AllocSpace objects, 1(20KB) LOS objects, 23% free, 53MB/69MB, paused 660us total 35.284ms
08-03 19:34:10.357 22923 23189 I art     : Starting a blocking GC Explicit
08-03 19:34:10.390 22923 23189 I art     : Explicit concurrent mark sweep GC freed 20(704B) AllocSpace objects, 0(0B) LOS objects, 23% free, 53MB/69MB, paused 657us total 32.725ms
08-03 19:34:10.402 22923 23189 I art     : Starting a blocking GC Explicit
08-03 19:34:10.433 22923 23189 I art     : Explicit concurrent mark sweep GC freed 3(96B) AllocSpace objects, 0(0B) LOS objects, 23% free, 53MB/69MB, paused 652us total 31.374ms
08-03 19:34:10.445 22923 23189 I art     : Starting a blocking GC Explicit
08-03 19:34:10.478 22923 23189 I art     : Explicit concurrent mark sweep GC freed 3(96B) AllocSpace objects, 0(0B) LOS objects, 23% free, 53MB/69MB, paused 668us total 32.422ms
08-03 19:34:10.490 22923 23189 I art     : Starting a blocking GC Explicit
08-03 19:34:10.522 22923 23189 I art     : Explicit concurrent mark sweep GC freed 3(96B) AllocSpace objects, 0(0B) LOS objects, 23% free, 53MB/69MB, paused 613us total 32.068ms
08-03 19:34:10.861 22923 22934 I art     : Starting a blocking GC Explicit
08-03 19:34:10.898 22923 22934 I art     : Explicit concurrent mark sweep GC freed 1344(78KB) AllocSpace objects, 1(20KB) LOS objects, 23% free, 53MB/69MB, paused 783us total 35.855ms
08-03 19:34:10.911 22923 22934 I art     : Starting a blocking GC Explicit
08-03 19:34:10.943 22923 22934 I art     : Explicit concurrent mark sweep GC freed 20(704B) AllocSpace objects, 0(0B) LOS objects, 23% free, 53MB/69MB, paused 648us total 31.616ms
08-03 19:34:10.955 22923 22934 I art     : Starting a blocking GC Explicit
08-03 19:34:10.987 22923 22934 I art     : Explicit concurrent mark sweep GC freed 3(96B) AllocSpace objects, 0(0B) LOS objects, 23% free, 53MB/69MB, paused 807us total 32.271ms
08-03 19:34:10.997   918 13198 D NetlinkSocketObserver: NeighborEvent{elapsedMs=1629854872, 192.168.2.254, [7C3953A63323], RTM_NEWNEIGH, NUD_REACHABLE}
08-03 19:34:10.999 22923 22934 I art     : Starting a blocking GC Explicit
08-03 19:34:11.031 22923 22934 I art     : Explicit concurrent mark sweep GC freed 3(96B) AllocSpace objects, 0(0B) LOS objects, 23% free, 53MB/69MB, paused 617us total 31.642ms
08-03 19:34:11.043 22923 22934 I art     : Starting a blocking GC Explicit
08-03 19:34:11.071 22923 22934 I art     : Explicit concurrent mark sweep GC freed 3(96B) AllocSpace objects, 0(0B) LOS objects, 23% free, 53MB/69MB, paused 586us total 27.871ms
08-03 19:34:11.379 22923 24834 I art     : Starting a blocking GC Explicit
08-03 19:34:11.420 22923 24834 I art     : Explicit concurrent mark sweep GC freed 1344(78KB) AllocSpace objects, 1(20KB) LOS objects, 23% free, 53MB/69MB, paused 709us total 41.082ms
08-03 19:34:11.436 22923 24834 I art     : Starting a blocking GC Explicit
08-03 19:34:11.469 22923 24834 I art     : Explicit concurrent mark sweep GC freed 20(704B) AllocSpace objects, 0(0B) LOS objects, 23% free, 53MB/69MB, paused 652us total 33.107ms
08-03 19:34:11.481 22923 24834 I art     : Starting a blocking GC Explicit
08-03 19:34:11.513 22923 24834 I art     : Explicit concurrent mark sweep GC freed 3(96B) AllocSpace objects, 0(0B) LOS objects, 23% free, 53MB/69MB, paused 653us total 31.720ms
08-03 19:34:11.525 22923 24834 I art     : Starting a blocking GC Explicit
08-03 19:34:11.555 22923 24834 I art     : Explicit concurrent mark sweep GC freed 3(96B) AllocSpace objects, 0(0B) LOS objects, 23% free, 53MB/69MB, paused 623us total 30.164ms
08-03 19:34:11.568 22923 24834 I art     : Starting a blocking GC Explicit
08-03 19:34:11.601 22923 24834 I art     : Explicit concurrent mark sweep GC freed 3(96B) AllocSpace objects, 0(0B) LOS objects, 23% free, 53MB/69MB, paused 634us total 32.891ms
08-03 19:34:11.936 22923 22956 I art     : Starting a blocking GC Explicit
08-03 19:34:11.971 22923 22956 I art     : Explicit concurrent mark sweep GC freed 1344(78KB) AllocSpace objects, 1(20KB) LOS objects, 23% free, 53MB/69MB, paused 656us total 35.119ms
08-03 19:34:11.986 22923 22956 I art     : Starting a blocking GC Explicit
08-03 19:34:12.021 22923 22956 I art     : Explicit concurrent mark sweep GC freed 20(704B) AllocSpace objects, 0(0B) LOS objects, 23% free, 53MB/69MB, paused 649us total 35.159ms
08-03 19:34:12.036 22923 22956 I art     : Starting a blocking GC Explicit
08-03 19:34:12.072 22923 22956 I art     : Explicit concurrent mark sweep GC freed 3(96B) AllocSpace objects, 0(0B) LOS objects, 23% free, 53MB/69MB, paused 633us total 35.166ms
08-03 19:34:12.084 22923 22956 I art     : Starting a blocking GC Explicit
08-03 19:34:12.115 22923 22956 I art     : Explicit concurrent mark sweep GC freed 3(96B) AllocSpace objects, 0(0B) LOS objects, 23% free, 53MB/69MB, paused 635us total 31.625ms
08-03 19:34:12.128 22923 22956 I art     : Starting a blocking GC Explicit
08-03 19:34:12.158 22923 22956 I art     : Explicit concurrent mark sweep GC freed 3(96B) AllocSpace objects, 0(0B) LOS objects, 23% free, 53MB/69MB, paused 626us total 30.581ms
08-03 19:34:12.487 22923 22936 I art     : Starting a blocking GC Explicit
08-03 19:34:12.522 22923 22936 I art     : Explicit concurrent mark sweep GC freed 1344(78KB) AllocSpace objects, 1(20KB) LOS objects, 23% free, 53MB/69MB, paused 636us total 35.192ms
08-03 19:34:12.536 22923 22936 I art     : Starting a blocking GC Explicit
08-03 19:34:12.568 22923 22936 I art     : Explicit concurrent mark sweep GC freed 20(704B) AllocSpace objects, 0(0B) LOS objects, 23% free, 53MB/69MB, paused 695us total 31.650ms
08-03 19:34:12.580 22923 22936 I art     : Starting a blocking GC Explicit
08-03 19:34:12.611 22923 22936 I art     : Explicit concurrent mark sweep GC freed 3(96B) AllocSpace objects, 0(0B) LOS objects, 23% free, 53MB/69MB, paused 600us total 31.229ms
08-03 19:34:12.623 22923 22936 I art     : Starting a blocking GC Explicit
08-03 19:34:12.655 22923 22936 I art     : Explicit concurrent mark sweep GC freed 3(96B) AllocSpace objects, 0(0B) LOS objects, 23% free, 53MB/69MB, paused 614us total 31.128ms
08-03 19:34:12.667 22923 22936 I art     : Starting a blocking GC Explicit
08-03 19:34:12.699 22923 22936 I art     : Explicit concurrent mark sweep GC freed 3(96B) AllocSpace objects, 0(0B) LOS objects, 23% free, 53MB/69MB, paused 625us total 32.103ms
08-03 19:34:13.026 22923 23189 I art     : Starting a blocking GC Explicit
08-03 19:34:13.057 22923 23189 I art     : Explicit concurrent mark sweep GC freed 1344(78KB) AllocSpace objects, 1(20KB) LOS objects, 23% free, 53MB/69MB, paused 658us total 31.241ms
08-03 19:34:13.069 22923 23189 I art     : Starting a blocking GC Explicit
08-03 19:34:13.097 22923 23189 I art     : Explicit concurrent mark sweep GC freed 20(704B) AllocSpace objects, 0(0B) LOS objects, 23% free, 53MB/69MB, paused 621us total 27.965ms
08-03 19:34:13.109 22923 23189 I art     : Starting a blocking GC Explicit
08-03 19:34:13.137 22923 23189 I art     : Explicit concurrent mark sweep GC freed 3(96B) AllocSpace objects, 0(0B) LOS objects, 23% free, 53MB/69MB, paused 645us total 27.999ms
08-03 19:34:13.148 22923 23189 I art     : Starting a blocking GC Explicit
08-03 19:34:13.177 22923 23189 I art     : Explicit concurrent mark sweep GC freed 3(96B) AllocSpace objects, 0(0B) LOS objects, 23% free, 53MB/69MB, paused 687us total 28.275ms
08-03 19:34:13.188 22923 23189 I art     : Starting a blocking GC Explicit
08-03 19:34:13.218 22923 23189 I art     : Explicit concurrent mark sweep GC freed 3(96B) AllocSpace objects, 0(0B) LOS objects, 23% free, 53MB/69MB, paused 670us total 29.557ms
08-03 19:34:13.550 22923 22934 I art     : Starting a blocking GC Explicit
08-03 19:34:13.584 22923 22934 I art     : Explicit concurrent mark sweep GC freed 1344(78KB) AllocSpace objects, 1(20KB) LOS objects, 23% free, 53MB/69MB, paused 683us total 34.123ms
08-03 19:34:13.598 22923 22934 I art     : Starting a blocking GC Explicit
08-03 19:34:13.623 25708 25708 D AndroidRuntime: >>>>>> START com.android.internal.os.RuntimeInit uid 2000 <<<<<<
08-03 19:34:13.627 22923 22934 I art     : Explicit concurrent mark sweep GC freed 20(704B) AllocSpace objects, 0(0B) LOS objects, 23% free, 53MB/69MB, paused 723us total 29.007ms
08-03 19:34:13.629 25708 25708 D AndroidRuntime: CheckJNI is OFF
08-03 19:34:13.639 22923 22934 I art     : Starting a blocking GC Explicit
08-03 19:34:13.668 22923 22934 I art     : Explicit concurrent mark sweep GC freed 3(96B) AllocSpace objects, 0(0B) LOS objects, 23% free, 53MB/69MB, paused 657us total 28.926ms
08-03 19:34:13.674 25708 25708 D ICU     : No timezone override file found: /data/misc/zoneinfo/current/icu/icu_tzdata.dat
08-03 19:34:13.680 22923 22934 I art     : Starting a blocking GC Explicit
08-03 19:34:13.709 22923 22934 I art     : Explicit concurrent mark sweep GC freed 3(96B) AllocSpace objects, 0(0B) LOS objects, 23% free, 53MB/69MB, paused 647us total 29.402ms
08-03 19:34:13.721 22923 22934 I art     : Starting a blocking GC Explicit
08-03 19:34:13.722 25708 25708 I Radio-JNI: register_android_hardware_Radio DONE
08-03 19:34:13.751 25708 25708 D AndroidRuntime: Calling main entry com.android.commands.input.Input
08-03 19:34:13.751 22923 22934 I art     : Explicit concurrent mark sweep GC freed 3(96B) AllocSpace objects, 0(0B) LOS objects, 23% free, 53MB/69MB, paused 650us total 30.186ms
08-03 19:34:13.753 25708 25708 I Input   : injectKeyEvent: KeyEvent { action=ACTION_DOWN, keyCode=KEYCODE_BACK, scanCode=0, metaState=0, flags=0x0, repeatCount=0, eventTime=646470165, downTime=646470165, deviceId=-1, source=0x101 }
08-03 19:34:13.762 25708 25708 I Input   : injectKeyEvent: KeyEvent { action=ACTION_UP, keyCode=KEYCODE_BACK, scanCode=0, metaState=0, flags=0x0, repeatCount=0, eventTime=646470165, downTime=646470165, deviceId=-1, source=0x101 }
08-03 19:34:13.768 25708 25708 D AndroidRuntime: Shutting down VM
08-03 19:34:13.814 13866 13866 I GoogleInputMethodServic: GoogleInputMethodService.onFinishInput():3138 
08-03 19:34:13.815 13866 13866 I GoogleInputMethodServic: GoogleInputMethodService.onStartInput():1808 
08-03 19:34:14.025 22923 24834 I art     : Starting a blocking GC Explicit
08-03 19:34:14.053 22923 24834 I art     : Explicit concurrent mark sweep GC freed 1502(85KB) AllocSpace objects, 1(20KB) LOS objects, 23% free, 53MB/69MB, paused 587us total 27.454ms
08-03 19:34:14.065 22923 24834 I art     : Starting a blocking GC Explicit
08-03 19:34:14.094 22923 24834 I art     : Explicit concurrent mark sweep GC freed 42(1456B) AllocSpace objects, 0(0B) LOS objects, 23% free, 53MB/69MB, paused 602us total 28.350ms
08-03 19:34:14.100   380   380 W SurfaceFlinger: couldn't log to binary event log: overflow.
08-03 19:34:14.107 22923 24834 I art     : Starting a blocking GC Explicit
08-03 19:34:14.132 22923 24834 I art     : Explicit concurrent mark sweep GC freed 119(8KB) AllocSpace objects, 0(0B) LOS objects, 23% free, 53MB/69MB, paused 594us total 24.787ms
08-03 19:34:14.143 22923 24834 I art     : Starting a blocking GC Explicit
08-03 19:34:14.170 22923 24834 I art     : Explicit concurrent mark sweep GC freed 117(6KB) AllocSpace objects, 0(0B) LOS objects, 23% free, 53MB/69MB, paused 596us total 26.740ms
08-03 19:34:14.181 22923 24834 I art     : Starting a blocking GC Explicit
08-03 19:34:14.206 22923 24834 I art     : Explicit concurrent mark sweep GC freed 4570(262KB) AllocSpace objects, 2(140KB) LOS objects, 23% free, 52MB/68MB, paused 583us total 25.066ms
08-03 19:34:14.523 22923 22934 I art     : Starting a blocking GC Explicit
08-03 19:34:14.556 22923 22934 I art     : Explicit concurrent mark sweep GC freed 1344(78KB) AllocSpace objects, 1(20KB) LOS objects, 23% free, 52MB/68MB, paused 638us total 32.298ms
08-03 19:34:14.568 22923 22934 I art     : Starting a blocking GC Explicit
08-03 19:34:14.596 22923 22934 I art     : Explicit concurrent mark sweep GC freed 20(704B) AllocSpace objects, 0(0B) LOS objects, 23% free, 52MB/68MB, paused 595us total 27.264ms
08-03 19:34:14.607 22923 22934 I art     : Starting a blocking GC Explicit
08-03 19:34:14.634 22923 22934 I art     : Explicit concurrent mark sweep GC freed 3(96B) AllocSpace objects, 0(0B) LOS objects, 23% free, 52MB/68MB, paused 571us total 26.673ms
08-03 19:34:14.645 22923 22934 I art     : Starting a blocking GC Explicit
08-03 19:34:14.672 22923 22934 I art     : Explicit concurrent mark sweep GC freed 3(96B) AllocSpace objects, 0(0B) LOS objects, 23% free, 52MB/68MB, paused 599us total 26.974ms
08-03 19:34:14.684 22923 22934 I art     : Starting a blocking GC Explicit
08-03 19:34:14.711 22923 22934 I art     : Explicit concurrent mark sweep GC freed 3(96B) AllocSpace objects, 0(0B) LOS objects, 23% free, 52MB/68MB, paused 598us total 27.595ms
08-03 19:34:15.024 22923 23189 I art     : Starting a blocking GC Explicit
08-03 19:34:15.051 22923 23189 I art     : Explicit concurrent mark sweep GC freed 1343(78KB) AllocSpace objects, 1(20KB) LOS objects, 23% free, 52MB/68MB, paused 602us total 26.362ms
08-03 19:34:15.062 22923 23189 I art     : Starting a blocking GC Explicit
08-03 19:34:15.088 22923 23189 I art     : Explicit concurrent mark sweep GC freed 20(704B) AllocSpace objects, 0(0B) LOS objects, 23% free, 52MB/68MB, paused 612us total 26.441ms
08-03 19:34:15.099 22923 23189 I art     : Starting a blocking GC Explicit
08-03 19:34:15.125 22923 23189 I art     : Explicit concurrent mark sweep GC freed 3(96B) AllocSpace objects, 0(0B) LOS objects, 23% free, 52MB/68MB, paused 576us total 25.493ms
08-03 19:34:15.136 22923 23189 I art     : Starting a blocking GC Explicit
08-03 19:34:15.163 22923 23189 I art     : Explicit concurrent mark sweep GC freed 3(96B) AllocSpace objects, 0(0B) LOS objects, 23% free, 52MB/68MB, paused 590us total 26.354ms
08-03 19:34:15.174 22923 23189 I art     : Starting a blocking GC Explicit
08-03 19:34:15.200 22923 23189 I art     : Explicit concurrent mark sweep GC freed 3(96B) AllocSpace objects, 0(0B) LOS objects, 23% free, 52MB/68MB, paused 593us total 26.330ms
08-03 19:34:15.513 22923 24834 I art     : Starting a blocking GC Explicit
08-03 19:34:15.531 25763 25763 D AndroidRuntime: >>>>>> START com.android.internal.os.RuntimeInit uid 2000 <<<<<<
08-03 19:34:15.537 25763 25763 D AndroidRuntime: CheckJNI is OFF
08-03 19:34:15.542 22923 24834 I art     : Explicit concurrent mark sweep GC freed 1360(78KB) AllocSpace objects, 1(20KB) LOS objects, 23% free, 52MB/68MB, paused 694us total 29.048ms
08-03 19:34:15.554 22923 24834 I art     : Starting a blocking GC Explicit
08-03 19:34:15.580 22923 24834 I art     : Explicit concurrent mark sweep GC freed 24(832B) AllocSpace objects, 0(0B) LOS objects, 23% free, 52MB/68MB, paused 636us total 26.001ms
08-03 19:34:15.583 25763 25763 D ICU     : No timezone override file found: /data/misc/zoneinfo/current/icu/icu_tzdata.dat
08-03 19:34:15.591 22923 24834 I art     : Starting a blocking GC Explicit
08-03 19:34:15.617 22923 24834 I art     : Explicit concurrent mark sweep GC freed 8(256B) AllocSpace objects, 0(0B) LOS objects, 23% free, 52MB/68MB, paused 663us total 25.665ms
08-03 19:34:15.625 25763 25763 I Radio-JNI: register_android_hardware_Radio DONE
08-03 19:34:15.628 22923 24834 I art     : Starting a blocking GC Explicit
08-03 19:34:15.655 22923 24834 I art     : Explicit concurrent mark sweep GC freed 5(160B) AllocSpace objects, 0(0B) LOS objects, 23% free, 52MB/68MB, paused 729us total 27.207ms
08-03 19:34:15.655 25763 25763 D AndroidRuntime: Calling main entry com.android.commands.input.Input
08-03 19:34:15.658 25763 25763 I Input   : injectKeyEvent: KeyEvent { action=ACTION_DOWN, keyCode=KEYCODE_BACK, scanCode=0, metaState=0, flags=0x0, repeatCount=0, eventTime=646472070, downTime=646472070, deviceId=-1, source=0x101 }
08-03 19:34:15.664 25763 25763 I Input   : injectKeyEvent: KeyEvent { action=ACTION_UP, keyCode=KEYCODE_BACK, scanCode=0, metaState=0, flags=0x0, repeatCount=0, eventTime=646472070, downTime=646472070, deviceId=-1, source=0x101 }
08-03 19:34:15.666 22923 24834 I art     : Starting a blocking GC Explicit
08-03 19:34:15.670 25763 25763 D AndroidRuntime: Shutting down VM
08-03 19:34:15.691 22923 24834 I art     : Explicit concurrent mark sweep GC freed 140(6KB) AllocSpace objects, 0(0B) LOS objects, 23% free, 52MB/68MB, paused 598us total 24.114ms
08-03 19:34:15.710 13866 13866 I GoogleInputMethodServic: GoogleInputMethodService.onFinishInput():3138 
08-03 19:34:15.711 13866 13866 I GoogleInputMethodServic: GoogleInputMethodService.onStartInput():1808 
08-03 19:34:15.991 22923 22956 I art     : Starting a blocking GC Explicit
08-03 19:34:16.002   380   380 W SurfaceFlinger: couldn't log to binary event log: overflow.
08-03 19:34:16.019 22923 22956 I art     : Explicit concurrent mark sweep GC freed 1518(89KB) AllocSpace objects, 1(20KB) LOS objects, 23% free, 52MB/68MB, paused 565us total 27.500ms
08-03 19:34:16.029 22923 22956 I art     : Starting a blocking GC Explicit
08-03 19:34:16.054 22923 22956 I art     : Explicit concurrent mark sweep GC freed 28(992B) AllocSpace objects, 0(0B) LOS objects, 23% free, 52MB/68MB, paused 600us total 24.649ms
08-03 19:34:16.065 22923 22956 I art     : Starting a blocking GC Explicit
08-03 19:34:16.088 22923 22956 I art     : Explicit concurrent mark sweep GC freed 2061(121KB) AllocSpace objects, 2(180KB) LOS objects, 23% free, 52MB/68MB, paused 638us total 22.904ms
08-03 19:34:16.098 22923 22956 I art     : Starting a blocking GC Explicit
08-03 19:34:16.123 22923 22956 I art     : Explicit concurrent mark sweep GC freed 3(96B) AllocSpace objects, 0(0B) LOS objects, 23% free, 52MB/68MB, paused 588us total 24.407ms
08-03 19:34:16.133 22923 22956 I art     : Starting a blocking GC Explicit
08-03 19:34:16.158 22923 22956 I art     : Explicit concurrent mark sweep GC freed 3(96B) AllocSpace objects, 0(0B) LOS objects, 23% free, 52MB/68MB, paused 627us total 24.741ms
08-03 19:34:16.471 22923 24834 I art     : Starting a blocking GC Explicit
08-03 19:34:16.506 22923 24834 I art     : Explicit concurrent mark sweep GC freed 1343(78KB) AllocSpace objects, 1(20KB) LOS objects, 23% free, 52MB/68MB, paused 633us total 34.560ms
08-03 19:34:16.520 22923 24834 I art     : Starting a blocking GC Explicit
08-03 19:34:16.549 22923 24834 I art     : Explicit concurrent mark sweep GC freed 20(704B) AllocSpace objects, 0(0B) LOS objects, 23% free, 52MB/68MB, paused 594us total 28.199ms
08-03 19:34:16.560 22923 24834 I art     : Starting a blocking GC Explicit
08-03 19:34:16.587 22923 24834 I art     : Explicit concurrent mark sweep GC freed 3(96B) AllocSpace objects, 0(0B) LOS objects, 23% free, 52MB/68MB, paused 598us total 26.567ms
08-03 19:34:16.598 22923 24834 I art     : Starting a blocking GC Explicit
08-03 19:34:16.624 22923 24834 I art     : Explicit concurrent mark sweep GC freed 3(96B) AllocSpace objects, 0(0B) LOS objects, 23% free, 52MB/68MB, paused 584us total 26.632ms
08-03 19:34:16.636 22923 24834 I art     : Starting a blocking GC Explicit
08-03 19:34:16.662 22923 24834 I art     : Explicit concurrent mark sweep GC freed 3(96B) AllocSpace objects, 0(0B) LOS objects, 23% free, 52MB/68MB, paused 590us total 26.490ms
08-03 19:34:16.960 22923 22934 I art     : Starting a blocking GC Explicit
08-03 19:34:16.987 22923 22934 I art     : Explicit concurrent mark sweep GC freed 1341(78KB) AllocSpace objects, 1(20KB) LOS objects, 23% free, 52MB/68MB, paused 611us total 26.319ms
08-03 19:34:16.998 22923 22934 I art     : Starting a blocking GC Explicit
08-03 19:34:17.012 22816 22816 I ServiceManager: Waiting for service AtCmdFwd...
08-03 19:34:17.023 22923 22934 I art     : Explicit concurrent mark sweep GC freed 20(704B) AllocSpace objects, 0(0B) LOS objects, 23% free, 52MB/68MB, paused 611us total 25.509ms
08-03 19:34:17.034 22923 22934 I art     : Starting a blocking GC Explicit
08-03 19:34:17.060 22923 22934 I art     : Explicit concurrent mark sweep GC freed 3(96B) AllocSpace objects, 0(0B) LOS objects, 23% free, 52MB/68MB, paused 597us total 25.191ms
08-03 19:34:17.071 22923 22934 I art     : Starting a blocking GC Explicit
08-03 19:34:17.096 22923 22934 I art     : Explicit concurrent mark sweep GC freed 3(96B) AllocSpace objects, 0(0B) LOS objects, 23% free, 52MB/68MB, paused 590us total 25.281ms
08-03 19:34:17.107 22923 22934 I art     : Starting a blocking GC Explicit
08-03 19:34:17.133 22923 22934 I art     : Explicit concurrent mark sweep GC freed 3(96B) AllocSpace objects, 0(0B) LOS objects, 23% free, 52MB/68MB, paused 604us total 25.300ms
08-03 19:34:17.424 22923 22936 I art     : Starting a blocking GC Explicit
08-03 19:34:17.455 22923 22936 I art     : Explicit concurrent mark sweep GC freed 1341(78KB) AllocSpace objects, 1(20KB) LOS objects, 23% free, 52MB/68MB, paused 695us total 30.359ms
08-03 19:34:17.461 25817 25817 D AndroidRuntime: >>>>>> START com.android.internal.os.RuntimeInit uid 2000 <<<<<<
08-03 19:34:17.468 25817 25817 D AndroidRuntime: CheckJNI is OFF
08-03 19:34:17.470 22923 22936 I art     : Starting a blocking GC Explicit
08-03 19:34:17.497 22923 22936 I art     : Explicit concurrent mark sweep GC freed 20(704B) AllocSpace objects, 0(0B) LOS objects, 23% free, 52MB/68MB, paused 687us total 26.857ms
08-03 19:34:17.508 22923 22936 I art     : Starting a blocking GC Explicit
08-03 19:34:17.516 25817 25817 D ICU     : No timezone override file found: /data/misc/zoneinfo/current/icu/icu_tzdata.dat
08-03 19:34:17.534 22923 22936 I art     : Explicit concurrent mark sweep GC freed 3(96B) AllocSpace objects, 0(0B) LOS objects, 23% free, 52MB/68MB, paused 579us total 26.334ms
08-03 19:34:17.545 22923 22936 I art     : Starting a blocking GC Explicit
08-03 19:34:17.563 25817 25817 I Radio-JNI: register_android_hardware_Radio DONE
08-03 19:34:17.572 22923 22936 I art     : Explicit concurrent mark sweep GC freed 3(96B) AllocSpace objects, 0(0B) LOS objects, 23% free, 52MB/68MB, paused 665us total 25.914ms
08-03 19:34:17.583 22923 22936 I art     : Starting a blocking GC Explicit
08-03 19:34:17.593 25817 25817 D AndroidRuntime: Calling main entry com.android.commands.input.Input
08-03 19:34:17.595 25817 25817 I Input   : injectMotionEvent: MotionEvent { action=ACTION_DOWN, actionButton=0, id[0]=0, x[0]=1084.0, y[0]=2213.0, toolType[0]=TOOL_TYPE_UNKNOWN, buttonState=0, metaState=0, flags=0x0, edgeFlags=0x0, pointerCount=1, historySize=0, eventTime=646474007, downTime=646474007, deviceId=0, source=0x1002 }
08-03 19:34:17.602 25817 25817 I Input   : injectMotionEvent: MotionEvent { action=ACTION_UP, actionButton=0, id[0]=0, x[0]=1084.0, y[0]=2213.0, toolType[0]=TOOL_TYPE_UNKNOWN, buttonState=0, metaState=0, flags=0x0, edgeFlags=0x0, pointerCount=1, historySize=0, eventTime=646474007, downTime=646474007, deviceId=0, source=0x1002 }
08-03 19:34:17.604   918  6112 I ActivityManager: START u0 {cmp=baseline.appteam.nith.hillffair/.activities.EventActivity} from uid 10624 on display 0
08-03 19:34:17.608 22923 22936 I art     : Explicit concurrent mark sweep GC freed 7(4KB) AllocSpace objects, 0(0B) LOS objects, 23% free, 52MB/68MB, paused 742us total 25.487ms
08-03 19:34:17.614 25817 25817 D AndroidRuntime: Shutting down VM
08-03 19:34:17.694 13866 13866 I GoogleInputMethodServic: GoogleInputMethodService.onFinishInput():3138 
08-03 19:34:17.694 13866 13866 I GoogleInputMethodServic: GoogleInputMethodService.onStartInput():1808 
08-03 19:34:17.722   918   936 I ActivityManager: Displayed baseline.appteam.nith.hillffair/.activities.EventActivity: +107ms
08-03 19:34:17.894 22923 24834 I art     : Starting a blocking GC Explicit
08-03 19:34:17.932 22923 24834 I art     : Explicit concurrent mark sweep GC freed 6165(366KB) AllocSpace objects, 1(20KB) LOS objects, 23% free, 52MB/68MB, paused 746us total 38.209ms
08-03 19:34:17.948 22923 24834 I art     : Starting a blocking GC Explicit
08-03 19:34:17.971   380   380 W SurfaceFlinger: couldn't log to binary event log: overflow.
08-03 19:34:17.980 22923 24834 I art     : Explicit concurrent mark sweep GC freed 264(11KB) AllocSpace objects, 0(0B) LOS objects, 23% free, 52MB/68MB, paused 706us total 31.597ms
08-03 19:34:17.991 22923 24834 I art     : Starting a blocking GC Explicit
08-03 19:34:18.013 22816 22816 I ServiceManager: Waiting for service AtCmdFwd...
08-03 19:34:18.015 22923 24834 I art     : Explicit concurrent mark sweep GC freed 3(96B) AllocSpace objects, 0(0B) LOS objects, 23% free, 52MB/68MB, paused 636us total 23.809ms
08-03 19:34:18.026 22923 24834 I art     : Starting a blocking GC Explicit
08-03 19:34:18.051 22923 24834 I art     : Explicit concurrent mark sweep GC freed 3(96B) AllocSpace objects, 0(0B) LOS objects, 23% free, 52MB/68MB, paused 645us total 25.348ms
08-03 19:34:18.062 22923 24834 I art     : Starting a blocking GC Explicit
08-03 19:34:18.088 22923 24834 I art     : Explicit concurrent mark sweep GC freed 3(96B) AllocSpace objects, 0(0B) LOS objects, 23% free, 52MB/68MB, paused 817us total 26.071ms
08-03 19:34:18.173 22923 25840 D OkHttp  : --> GET https://api-hillfair-2k16.herokuapp.com/api/app/club http/1.1
08-03 19:34:18.213 22923 25840 D OkHttp  : <-- 200 OK https://api-hillfair-2k16.herokuapp.com/api/app/club (40ms, 1870-byte body)
08-03 19:34:18.222 22923 22923 I NAPPA_EXPERIMENTATION: MetricNetworkRequestExecutionTime: REQUEST_DURATION_SYSTEM='572',REQUEST_DURATION_OKHTTP='40',REQUEST_SYNCHRONOUS='FALSE',RESPONSE_CODE='200',RESPONSE_METHOD='GET',RESPONSE_LENGTH_OKHTTP='1870',RESPONSE_LENGTH_HEADER='1870',REQUEST_PROTOCOL='http/1.1',REQUEST_URL='https://api-hillfair-2k16.herokuapp.com/api/app/club',
08-03 19:34:18.382 22923 23189 I art     : Starting a blocking GC Explicit
08-03 19:34:18.417 22923 23189 I art     : Explicit concurrent mark sweep GC freed 6312(381KB) AllocSpace objects, 4(220KB) LOS objects, 23% free, 53MB/69MB, paused 1.139ms total 34.135ms
08-03 19:34:18.433 22923 23189 I art     : Starting a blocking GC Explicit
08-03 19:34:18.462 22923 23189 I art     : Explicit concurrent mark sweep GC freed 1751(276KB) AllocSpace objects, 0(0B) LOS objects, 23% free, 53MB/69MB, paused 1.050ms total 28.456ms
08-03 19:34:18.473 22923 23189 I art     : Starting a blocking GC Explicit
08-03 19:34:18.499 22923 23189 I art     : Explicit concurrent mark sweep GC freed 346(48KB) AllocSpace objects, 0(0B) LOS objects, 23% free, 53MB/69MB, paused 864us total 25.654ms
08-03 19:34:18.510 22923 23189 I art     : Starting a blocking GC Explicit
08-03 19:34:18.536 22923 23189 I art     : Explicit concurrent mark sweep GC freed 21(672B) AllocSpace objects, 0(0B) LOS objects, 23% free, 53MB/69MB, paused 783us total 25.081ms
08-03 19:34:18.546 22923 23189 I art     : Starting a blocking GC Explicit
08-03 19:34:18.570 22923 23189 I art     : Explicit concurrent mark sweep GC freed 3(96B) AllocSpace objects, 0(0B) LOS objects, 23% free, 53MB/69MB, paused 797us total 24.490ms
08-03 19:34:18.858 22923 24834 I art     : Starting a blocking GC Explicit
08-03 19:34:18.886 22923 24834 I art     : Explicit concurrent mark sweep GC freed 8716(370KB) AllocSpace objects, 1(20KB) LOS objects, 23% free, 53MB/69MB, paused 834us total 27.478ms
08-03 19:34:18.898 22923 24834 I art     : Starting a blocking GC Explicit
08-03 19:34:18.926 22923 24834 I art     : Explicit concurrent mark sweep GC freed 411(18KB) AllocSpace objects, 0(0B) LOS objects, 23% free, 53MB/69MB, paused 810us total 27.871ms
08-03 19:34:18.937 22923 24834 I art     : Starting a blocking GC Explicit
08-03 19:34:18.965 22923 24834 I art     : Explicit concurrent mark sweep GC freed 21(736B) AllocSpace objects, 0(0B) LOS objects, 23% free, 53MB/69MB, paused 787us total 27.950ms
08-03 19:34:18.976 22923 24834 I art     : Starting a blocking GC Explicit
08-03 19:34:19.005 22923 24834 I art     : Explicit concurrent mark sweep GC freed 260(53KB) AllocSpace objects, 0(0B) LOS objects, 23% free, 53MB/69MB, paused 1.282ms total 28.531ms
08-03 19:34:19.013 22816 22816 I ServiceManager: Waiting for service AtCmdFwd...
08-03 19:34:19.017 22923 24834 I art     : Starting a blocking GC Explicit
08-03 19:34:19.043 22923 24834 I art     : Explicit concurrent mark sweep GC freed 328(100KB) AllocSpace objects, 0(0B) LOS objects, 23% free, 53MB/69MB, paused 744us total 25.580ms
08-03 19:34:19.358 22923 23189 I art     : Starting a blocking GC Explicit
08-03 19:34:19.396 22923 23189 I art     : Explicit concurrent mark sweep GC freed 1393(95KB) AllocSpace objects, 1(20KB) LOS objects, 23% free, 53MB/69MB, paused 728us total 37.665ms
08-03 19:34:19.410 22923 23189 I art     : Starting a blocking GC Explicit
08-03 19:34:19.443 22923 23189 I art     : Explicit concurrent mark sweep GC freed 29(992B) AllocSpace objects, 0(0B) LOS objects, 23% free, 53MB/69MB, paused 768us total 32.665ms
08-03 19:34:19.455 22923 23189 I art     : Starting a blocking GC Explicit
08-03 19:34:19.486 22923 23189 I art     : Explicit concurrent mark sweep GC freed 3(96B) AllocSpace objects, 0(0B) LOS objects, 23% free, 53MB/69MB, paused 693us total 30.828ms
08-03 19:34:19.498 22923 23189 I art     : Starting a blocking GC Explicit
08-03 19:34:19.530 22923 23189 I art     : Explicit concurrent mark sweep GC freed 3(96B) AllocSpace objects, 0(0B) LOS objects, 23% free, 53MB/69MB, paused 684us total 31.558ms
08-03 19:34:19.542 22923 23189 I art     : Starting a blocking GC Explicit
08-03 19:34:19.573 22923 23189 I art     : Explicit concurrent mark sweep GC freed 3(96B) AllocSpace objects, 0(0B) LOS objects, 23% free, 53MB/69MB, paused 666us total 30.867ms
08-03 19:34:19.896 22923 22956 I art     : Starting a blocking GC Explicit
08-03 19:34:19.938 22923 22956 I art     : Explicit concurrent mark sweep GC freed 1344(78KB) AllocSpace objects, 1(20KB) LOS objects, 23% free, 53MB/69MB, paused 756us total 40.968ms
08-03 19:34:19.955 22923 22956 I art     : Starting a blocking GC Explicit
08-03 19:34:19.986 22923 22956 I art     : Explicit concurrent mark sweep GC freed 20(704B) AllocSpace objects, 0(0B) LOS objects, 23% free, 53MB/69MB, paused 687us total 30.019ms
08-03 19:34:19.997 22923 22956 I art     : Starting a blocking GC Explicit
08-03 19:34:20.014 22816 22816 I ServiceManager: Waiting for service AtCmdFwd...
08-03 19:34:20.029 22923 22956 I art     : Explicit concurrent mark sweep GC freed 3(96B) AllocSpace objects, 0(0B) LOS objects, 23% free, 53MB/69MB, paused 710us total 31.684ms
08-03 19:34:20.041 22923 22956 I art     : Starting a blocking GC Explicit
08-03 19:34:20.073 22923 22956 I art     : Explicit concurrent mark sweep GC freed 3(96B) AllocSpace objects, 0(0B) LOS objects, 23% free, 53MB/69MB, paused 659us total 31.746ms
08-03 19:34:20.085 22923 22956 I art     : Starting a blocking GC Explicit
08-03 19:34:20.117 22923 22956 I art     : Explicit concurrent mark sweep GC freed 3(96B) AllocSpace objects, 0(0B) LOS objects, 23% free, 53MB/69MB, paused 795us total 32.057ms
08-03 19:34:20.437 22923 22936 I art     : Starting a blocking GC Explicit
08-03 19:34:20.477 22923 22936 I art     : Explicit concurrent mark sweep GC freed 1344(78KB) AllocSpace objects, 1(20KB) LOS objects, 23% free, 53MB/69MB, paused 754us total 39.704ms
08-03 19:34:20.492 22923 22936 I art     : Starting a blocking GC Explicit
08-03 19:34:20.529 22923 22936 I art     : Explicit concurrent mark sweep GC freed 20(704B) AllocSpace objects, 0(0B) LOS objects, 23% free, 53MB/69MB, paused 715us total 36.542ms
08-03 19:34:20.544 22923 22936 I art     : Starting a blocking GC Explicit
08-03 19:34:20.576 22923 22936 I art     : Explicit concurrent mark sweep GC freed 3(96B) AllocSpace objects, 0(0B) LOS objects, 23% free, 53MB/69MB, paused 654us total 31.607ms
08-03 19:34:20.576 22923 22933 I art     : WaitForGcToComplete blocked for 32.277ms for cause HeapTrim
08-03 19:34:20.587 22923 22936 I art     : Starting a blocking GC Explicit
08-03 19:34:20.620 22923 22936 I art     : Explicit concurrent mark sweep GC freed 3(96B) AllocSpace objects, 0(0B) LOS objects, 23% free, 53MB/69MB, paused 682us total 32.119ms
08-03 19:34:20.632 22923 22936 I art     : Starting a blocking GC Explicit
08-03 19:34:20.664 22923 22936 I art     : Explicit concurrent mark sweep GC freed 3(96B) AllocSpace objects, 0(0B) LOS objects, 23% free, 53MB/69MB, paused 695us total 31.646ms
08-03 19:34:21.000 22923 24834 I art     : Starting a blocking GC Explicit
08-03 19:34:21.015 22816 22816 I ServiceManager: Waiting for service AtCmdFwd...
08-03 19:34:21.040 22923 24834 I art     : Explicit concurrent mark sweep GC freed 1344(78KB) AllocSpace objects, 1(20KB) LOS objects, 23% free, 53MB/69MB, paused 724us total 39.109ms
08-03 19:34:21.056 22923 24834 I art     : Starting a blocking GC Explicit
08-03 19:34:21.089 22923 24834 I art     : Explicit concurrent mark sweep GC freed 20(704B) AllocSpace objects, 0(0B) LOS objects, 23% free, 53MB/69MB, paused 681us total 31.974ms
08-03 19:34:21.100 22923 24834 I art     : Starting a blocking GC Explicit
08-03 19:34:21.128 22923 24834 I art     : Explicit concurrent mark sweep GC freed 3(96B) AllocSpace objects, 0(0B) LOS objects, 23% free, 53MB/69MB, paused 657us total 27.139ms
08-03 19:34:21.139 22923 24834 I art     : Starting a blocking GC Explicit
08-03 19:34:21.169 22923 24834 I art     : Explicit concurrent mark sweep GC freed 3(96B) AllocSpace objects, 0(0B) LOS objects, 23% free, 53MB/69MB, paused 684us total 30.463ms
08-03 19:34:21.181 22923 24834 I art     : Starting a blocking GC Explicit
08-03 19:34:21.211 22923 24834 I art     : Explicit concurrent mark sweep GC freed 3(96B) AllocSpace objects, 0(0B) LOS objects, 23% free, 53MB/69MB, paused 659us total 29.273ms
08-03 19:34:21.559 22923 22934 I art     : Starting a blocking GC Explicit
08-03 19:34:21.591 22923 22934 I art     : Explicit concurrent mark sweep GC freed 1344(78KB) AllocSpace objects, 1(20KB) LOS objects, 23% free, 53MB/69MB, paused 665us total 32.482ms
08-03 19:34:21.603 22923 22934 I art     : Starting a blocking GC Explicit
08-03 19:34:21.633 22923 22934 I art     : Explicit concurrent mark sweep GC freed 20(704B) AllocSpace objects, 0(0B) LOS objects, 23% free, 53MB/69MB, paused 694us total 29.854ms
08-03 19:34:21.645 22923 22934 I art     : Starting a blocking GC Explicit
08-03 19:34:21.677 22923 22934 I art     : Explicit concurrent mark sweep GC freed 3(96B) AllocSpace objects, 0(0B) LOS objects, 23% free, 53MB/69MB, paused 746us total 31.586ms
08-03 19:34:21.689 22923 22934 I art     : Starting a blocking GC Explicit
08-03 19:34:21.719 22923 22934 I art     : Explicit concurrent mark sweep GC freed 3(96B) AllocSpace objects, 0(0B) LOS objects, 23% free, 53MB/69MB, paused 703us total 30.278ms
08-03 19:34:21.731 22923 22934 I art     : Starting a blocking GC Explicit
08-03 19:34:21.763 22923 22934 I art     : Explicit concurrent mark sweep GC freed 3(96B) AllocSpace objects, 0(0B) LOS objects, 23% free, 53MB/69MB, paused 688us total 31.605ms
08-03 19:34:22.015 22816 22816 W Atfwd_Sendcmd: AtCmdFwd service not published, waiting... retryCnt : 5
08-03 19:34:22.109 22923 23189 I art     : Starting a blocking GC Explicit
08-03 19:34:22.139 22923 23189 I art     : Explicit concurrent mark sweep GC freed 1344(78KB) AllocSpace objects, 1(20KB) LOS objects, 23% free, 53MB/69MB, paused 684us total 29.677ms
08-03 19:34:22.151 22923 23189 I art     : Starting a blocking GC Explicit
08-03 19:34:22.179 22923 23189 I art     : Explicit concurrent mark sweep GC freed 20(704B) AllocSpace objects, 0(0B) LOS objects, 23% free, 53MB/69MB, paused 678us total 27.501ms
08-03 19:34:22.190 22923 23189 I art     : Starting a blocking GC Explicit
08-03 19:34:22.220 22923 23189 I art     : Explicit concurrent mark sweep GC freed 3(96B) AllocSpace objects, 0(0B) LOS objects, 23% free, 53MB/69MB, paused 674us total 29.605ms
08-03 19:34:22.231 22923 23189 I art     : Starting a blocking GC Explicit
08-03 19:34:22.262 22923 23189 I art     : Explicit concurrent mark sweep GC freed 3(96B) AllocSpace objects, 0(0B) LOS objects, 23% free, 53MB/69MB, paused 774us total 30.694ms
08-03 19:34:22.274 22923 23189 I art     : Starting a blocking GC Explicit
08-03 19:34:22.305 22923 23189 I art     : Explicit concurrent mark sweep GC freed 3(96B) AllocSpace objects, 0(0B) LOS objects, 23% free, 53MB/69MB, paused 685us total 30.291ms
08-03 19:34:22.636 22923 22956 I art     : Starting a blocking GC Explicit
08-03 19:34:22.673 22923 22956 I art     : Explicit concurrent mark sweep GC freed 1344(78KB) AllocSpace objects, 1(20KB) LOS objects, 23% free, 53MB/69MB, paused 758us total 36.975ms
08-03 19:34:22.686 22923 22956 I art     : Starting a blocking GC Explicit
08-03 19:34:22.718 22923 22956 I art     : Explicit concurrent mark sweep GC freed 20(704B) AllocSpace objects, 0(0B) LOS objects, 23% free, 53MB/69MB, paused 721us total 31.802ms
08-03 19:34:22.730 22923 22956 I art     : Starting a blocking GC Explicit
08-03 19:34:22.762 22923 22956 I art     : Explicit concurrent mark sweep GC freed 3(96B) AllocSpace objects, 0(0B) LOS objects, 23% free, 53MB/69MB, paused 669us total 31.375ms
08-03 19:34:22.774 22923 22956 I art     : Starting a blocking GC Explicit
08-03 19:34:22.805 22923 22956 I art     : Explicit concurrent mark sweep GC freed 3(96B) AllocSpace objects, 0(0B) LOS objects, 23% free, 53MB/69MB, paused 694us total 30.861ms
08-03 19:34:22.817 22923 22956 I art     : Starting a blocking GC Explicit
08-03 19:34:22.849 22923 22956 I art     : Explicit concurrent mark sweep GC freed 3(96B) AllocSpace objects, 0(0B) LOS objects, 23% free, 53MB/69MB, paused 703us total 31.844ms
08-03 19:34:23.180 22923 22936 I art     : Starting a blocking GC Explicit
08-03 19:34:23.221 22923 22936 I art     : Explicit concurrent mark sweep GC freed 1344(78KB) AllocSpace objects, 1(20KB) LOS objects, 23% free, 53MB/69MB, paused 743us total 40.191ms
08-03 19:34:23.237 22923 22936 I art     : Starting a blocking GC Explicit
08-03 19:34:23.269 22923 22936 I art     : Explicit concurrent mark sweep GC freed 20(704B) AllocSpace objects, 0(0B) LOS objects, 23% free, 53MB/69MB, paused 685us total 31.585ms
08-03 19:34:23.281 22923 22936 I art     : Starting a blocking GC Explicit
08-03 19:34:23.313 22923 22936 I art     : Explicit concurrent mark sweep GC freed 3(96B) AllocSpace objects, 0(0B) LOS objects, 23% free, 53MB/69MB, paused 679us total 31.900ms
08-03 19:34:23.325 22923 22936 I art     : Starting a blocking GC Explicit
08-03 19:34:23.358 22923 22936 I art     : Explicit concurrent mark sweep GC freed 3(96B) AllocSpace objects, 0(0B) LOS objects, 23% free, 53MB/69MB, paused 721us total 32.260ms
08-03 19:34:23.370 22923 22936 I art     : Starting a blocking GC Explicit
08-03 19:34:23.400 22923 22936 I art     : Explicit concurrent mark sweep GC freed 3(96B) AllocSpace objects, 0(0B) LOS objects, 23% free, 53MB/69MB, paused 632us total 29.845ms
08-03 19:34:23.750 22923 24834 I art     : Starting a blocking GC Explicit
08-03 19:34:23.788 22923 24834 I art     : Explicit concurrent mark sweep GC freed 1344(78KB) AllocSpace objects, 1(20KB) LOS objects, 23% free, 53MB/69MB, paused 835us total 37.779ms
08-03 19:34:23.802 22923 24834 I art     : Starting a blocking GC Explicit
08-03 19:34:23.834 22923 24834 I art     : Explicit concurrent mark sweep GC freed 20(704B) AllocSpace objects, 0(0B) LOS objects, 23% free, 53MB/69MB, paused 696us total 31.886ms
08-03 19:34:23.846 22923 24834 I art     : Starting a blocking GC Explicit
08-03 19:34:23.876 22923 24834 I art     : Explicit concurrent mark sweep GC freed 3(96B) AllocSpace objects, 0(0B) LOS objects, 23% free, 53MB/69MB, paused 676us total 29.990ms
08-03 19:34:23.888 22923 24834 I art     : Starting a blocking GC Explicit
08-03 19:34:23.919 22923 24834 I art     : Explicit concurrent mark sweep GC freed 3(96B) AllocSpace objects, 0(0B) LOS objects, 23% free, 53MB/69MB, paused 673us total 31.042ms
08-03 19:34:23.931 22923 24834 I art     : Starting a blocking GC Explicit
08-03 19:34:23.963 22923 24834 I art     : Explicit concurrent mark sweep GC freed 3(96B) AllocSpace objects, 0(0B) LOS objects, 23% free, 53MB/69MB, paused 680us total 31.691ms
08-03 19:34:24.289 22923 22934 I art     : Starting a blocking GC Explicit
08-03 19:34:24.329 22923 22934 I art     : Explicit concurrent mark sweep GC freed 1344(78KB) AllocSpace objects, 1(20KB) LOS objects, 23% free, 53MB/69MB, paused 762us total 39.694ms
08-03 19:34:24.346 22923 22934 I art     : Starting a blocking GC Explicit
08-03 19:34:24.376 22923 22934 I art     : Explicit concurrent mark sweep GC freed 20(704B) AllocSpace objects, 0(0B) LOS objects, 23% free, 53MB/69MB, paused 672us total 29.755ms
08-03 19:34:24.388 22923 22934 I art     : Starting a blocking GC Explicit
08-03 19:34:24.420 22923 22934 I art     : Explicit concurrent mark sweep GC freed 3(96B) AllocSpace objects, 0(0B) LOS objects, 23% free, 53MB/69MB, paused 671us total 31.708ms
08-03 19:34:24.432 22923 22934 I art     : Starting a blocking GC Explicit
08-03 19:34:24.464 22923 22934 I art     : Explicit concurrent mark sweep GC freed 3(96B) AllocSpace objects, 0(0B) LOS objects, 23% free, 53MB/69MB, paused 679us total 31.920ms
08-03 19:34:24.476 22923 22934 I art     : Starting a blocking GC Explicit
08-03 19:34:24.506 22923 22934 I art     : Explicit concurrent mark sweep GC freed 3(96B) AllocSpace objects, 0(0B) LOS objects, 23% free, 53MB/69MB, paused 664us total 30.070ms
08-03 19:34:24.858 22923 23189 I art     : Starting a blocking GC Explicit
08-03 19:34:24.896 22923 23189 I art     : Explicit concurrent mark sweep GC freed 1344(78KB) AllocSpace objects, 1(20KB) LOS objects, 23% free, 53MB/69MB, paused 732us total 37.240ms
08-03 19:34:24.910 22923 23189 I art     : Starting a blocking GC Explicit
08-03 19:34:24.942 22923 23189 I art     : Explicit concurrent mark sweep GC freed 20(704B) AllocSpace objects, 0(0B) LOS objects, 23% free, 53MB/69MB, paused 685us total 32.089ms
08-03 19:34:24.954 22923 23189 I art     : Starting a blocking GC Explicit
08-03 19:34:24.984 22923 23189 I art     : Explicit concurrent mark sweep GC freed 3(96B) AllocSpace objects, 0(0B) LOS objects, 23% free, 53MB/69MB, paused 664us total 29.843ms
08-03 19:34:24.996 22923 23189 I art     : Starting a blocking GC Explicit
08-03 19:34:25.027   918 13198 D NetlinkSocketObserver: NeighborEvent{elapsedMs=1629868902, 192.168.2.254, [7C3953A63323], RTM_NEWNEIGH, NUD_STALE}
08-03 19:34:25.028 22923 23189 I art     : Explicit concurrent mark sweep GC freed 3(96B) AllocSpace objects, 0(0B) LOS objects, 23% free, 53MB/69MB, paused 663us total 31.957ms
08-03 19:34:25.040 22923 23189 I art     : Starting a blocking GC Explicit
08-03 19:34:25.072 22923 23189 I art     : Explicit concurrent mark sweep GC freed 3(96B) AllocSpace objects, 0(0B) LOS objects, 23% free, 53MB/69MB, paused 679us total 31.792ms
08-03 19:34:25.411 22923 22956 I art     : Starting a blocking GC Explicit
08-03 19:34:25.448 22923 22956 I art     : Explicit concurrent mark sweep GC freed 1344(78KB) AllocSpace objects, 1(20KB) LOS objects, 23% free, 53MB/69MB, paused 832us total 36.430ms
08-03 19:34:25.463 22923 22956 I art     : Starting a blocking GC Explicit
08-03 19:34:25.494 22923 22956 I art     : Explicit concurrent mark sweep GC freed 20(704B) AllocSpace objects, 0(0B) LOS objects, 23% free, 53MB/69MB, paused 704us total 30.733ms
08-03 19:34:25.505 22923 22956 I art     : Starting a blocking GC Explicit
08-03 19:34:25.537 22923 22956 I art     : Explicit concurrent mark sweep GC freed 3(96B) AllocSpace objects, 0(0B) LOS objects, 23% free, 53MB/69MB, paused 785us total 31.807ms
08-03 19:34:25.549 22923 22956 I art     : Starting a blocking GC Explicit
08-03 19:34:25.581 22923 22956 I art     : Explicit concurrent mark sweep GC freed 3(96B) AllocSpace objects, 0(0B) LOS objects, 23% free, 53MB/69MB, paused 751us total 31.492ms
08-03 19:34:25.593 22923 22956 I art     : Starting a blocking GC Explicit
08-03 19:34:25.624 22923 22956 I art     : Explicit concurrent mark sweep GC freed 3(96B) AllocSpace objects, 0(0B) LOS objects, 23% free, 53MB/69MB, paused 664us total 31.067ms
08-03 19:34:25.963 22923 22936 I art     : Starting a blocking GC Explicit
08-03 19:34:25.995 22923 22936 I art     : Explicit concurrent mark sweep GC freed 1344(78KB) AllocSpace objects, 1(20KB) LOS objects, 23% free, 53MB/69MB, paused 669us total 31.372ms
08-03 19:34:26.006 22923 22936 I art     : Starting a blocking GC Explicit
08-03 19:34:26.035 22923 22936 I art     : Explicit concurrent mark sweep GC freed 20(704B) AllocSpace objects, 0(0B) LOS objects, 23% free, 53MB/69MB, paused 679us total 28.126ms
08-03 19:34:26.046 22923 22936 I art     : Starting a blocking GC Explicit
08-03 19:34:26.074 22923 22936 I art     : Explicit concurrent mark sweep GC freed 3(96B) AllocSpace objects, 0(0B) LOS objects, 23% free, 53MB/69MB, paused 672us total 28.225ms
08-03 19:34:26.086 22923 22936 I art     : Starting a blocking GC Explicit
08-03 19:34:26.114 22923 22936 I art     : Explicit concurrent mark sweep GC freed 3(96B) AllocSpace objects, 0(0B) LOS objects, 23% free, 53MB/69MB, paused 648us total 28.439ms
08-03 19:34:26.126 22923 22936 I art     : Starting a blocking GC Explicit
08-03 19:34:26.152 22923 22936 I art     : Explicit concurrent mark sweep GC freed 3(96B) AllocSpace objects, 0(0B) LOS objects, 23% free, 53MB/69MB, paused 630us total 25.828ms
08-03 19:34:26.407 26004 26004 D AndroidRuntime: >>>>>> START com.android.internal.os.RuntimeInit uid 2000 <<<<<<
08-03 19:34:26.413 26004 26004 D AndroidRuntime: CheckJNI is OFF
08-03 19:34:26.457 26004 26004 D ICU     : No timezone override file found: /data/misc/zoneinfo/current/icu/icu_tzdata.dat
08-03 19:34:26.475 22923 23189 I art     : Starting a blocking GC Explicit
08-03 19:34:26.499 26004 26004 I Radio-JNI: register_android_hardware_Radio DONE
08-03 19:34:26.505 22923 23189 I art     : Explicit concurrent mark sweep GC freed 1344(78KB) AllocSpace objects, 1(20KB) LOS objects, 23% free, 53MB/69MB, paused 733us total 28.923ms
08-03 19:34:26.516 22923 23189 I art     : Starting a blocking GC Explicit
08-03 19:34:26.531 26004 26004 D AndroidRuntime: Calling main entry com.android.commands.input.Input
08-03 19:34:26.534 26004 26004 I Input   : injectMotionEvent: MotionEvent { action=ACTION_DOWN, actionButton=0, id[0]=0, x[0]=369.0, y[0]=554.0, toolType[0]=TOOL_TYPE_UNKNOWN, buttonState=0, metaState=0, flags=0x0, edgeFlags=0x0, pointerCount=1, historySize=0, eventTime=646482946, downTime=646482946, deviceId=0, source=0x1002 }
08-03 19:34:26.540 26004 26004 I Input   : injectMotionEvent: MotionEvent { action=ACTION_UP, actionButton=0, id[0]=0, x[0]=369.0, y[0]=554.0, toolType[0]=TOOL_TYPE_UNKNOWN, buttonState=0, metaState=0, flags=0x0, edgeFlags=0x0, pointerCount=1, historySize=0, eventTime=646482946, downTime=646482946, deviceId=0, source=0x1002 }
08-03 19:34:26.541   918  3696 I ActivityManager: START u0 {cmp=baseline.appteam.nith.hillffair/.activities.ClubActivity (has extras)} from uid 10624 on display 0
08-03 19:34:26.544 22923 23189 I art     : Explicit concurrent mark sweep GC freed 26(928B) AllocSpace objects, 0(0B) LOS objects, 23% free, 53MB/69MB, paused 746us total 27.541ms
08-03 19:34:26.550 26004 26004 D AndroidRuntime: Shutting down VM
08-03 19:34:26.555 22923 23189 I art     : Starting a blocking GC Explicit
08-03 19:34:26.584 22923 23189 I art     : Explicit concurrent mark sweep GC freed 1340(77KB) AllocSpace objects, 0(0B) LOS objects, 23% free, 53MB/69MB, paused 1.335ms total 28.264ms
08-03 19:34:26.594 22923 23189 I art     : Starting a blocking GC Explicit
08-03 19:34:26.623 22923 23189 I art     : Explicit concurrent mark sweep GC freed 2363(150KB) AllocSpace objects, 0(0B) LOS objects, 23% free, 53MB/69MB, paused 728us total 27.822ms
08-03 19:34:26.633 22923 23189 I art     : Starting a blocking GC Explicit
08-03 19:34:26.655 13866 13866 I GoogleInputMethodServic: GoogleInputMethodService.onFinishInput():3138 
08-03 19:34:26.655   918   936 I ActivityManager: Displayed baseline.appteam.nith.hillffair/.activities.ClubActivity: +104ms
08-03 19:34:26.656 13866 13866 I GoogleInputMethodServic: GoogleInputMethodService.onStartInput():1808 
08-03 19:34:26.670 22923 23189 I art     : Explicit concurrent mark sweep GC freed 324(14KB) AllocSpace objects, 0(0B) LOS objects, 23% free, 53MB/69MB, paused 1.065ms total 36.802ms
08-03 19:34:26.929   380   380 W SurfaceFlinger: couldn't log to binary event log: overflow.
08-03 19:34:26.980 22923 22956 I art     : Starting a blocking GC Explicit
08-03 19:34:27.007 22923 22956 I art     : Explicit concurrent mark sweep GC freed 1366(79KB) AllocSpace objects, 1(20KB) LOS objects, 23% free, 53MB/69MB, paused 681us total 26.367ms
08-03 19:34:27.017 22923 22956 I art     : Starting a blocking GC Explicit
08-03 19:34:27.050 22923 22956 I art     : Explicit concurrent mark sweep GC freed 563(41KB) AllocSpace objects, 0(0B) LOS objects, 22% free, 53MB/69MB, paused 1.118ms total 32.021ms
08-03 19:34:27.064 22923 22956 I art     : Starting a blocking GC Explicit
08-03 19:34:27.091 22923 26031 D OkHttp  : --> GET https://api-hillfair-2k16.herokuapp.com/api/app/club/PR%20Club http/1.1
08-03 19:34:27.094 22923 22956 I art     : Explicit concurrent mark sweep GC freed 2172(99KB) AllocSpace objects, 2(120KB) LOS objects, 22% free, 53MB/69MB, paused 849us total 29.995ms
08-03 19:34:27.105 22923 22956 I art     : Starting a blocking GC Explicit
08-03 19:34:27.132 22923 26031 D OkHttp  : <-- 200 OK https://api-hillfair-2k16.herokuapp.com/api/app/club/PR%20Club (40ms, 979-byte body)
08-03 19:34:27.133 22923 22956 I art     : Explicit concurrent mark sweep GC freed 1004(119KB) AllocSpace objects, 1(80KB) LOS objects, 22% free, 53MB/69MB, paused 777us total 27.841ms
08-03 19:34:27.144 22923 22956 I art     : Starting a blocking GC Explicit
08-03 19:34:27.173 22923 22956 I art     : Explicit concurrent mark sweep GC freed 169(33KB) AllocSpace objects, 0(0B) LOS objects, 22% free, 53MB/69MB, paused 735us total 28.552ms
08-03 19:34:27.181 22923 22923 I NAPPA_EXPERIMENTATION: MetricNetworkRequestExecutionTime: REQUEST_DURATION_SYSTEM='594',REQUEST_DURATION_OKHTTP='40',REQUEST_SYNCHRONOUS='FALSE',RESPONSE_CODE='200',RESPONSE_METHOD='GET',RESPONSE_LENGTH_OKHTTP='979',RESPONSE_LENGTH_HEADER='979',REQUEST_PROTOCOL='http/1.1',REQUEST_URL='https://api-hillfair-2k16.herokuapp.com/api/app/club/PR%20Club',
08-03 19:34:27.470 22923 23189 I art     : Starting a blocking GC Explicit
08-03 19:34:27.500 22923 23189 I art     : Explicit concurrent mark sweep GC freed 2013(177KB) AllocSpace objects, 1(20KB) LOS objects, 22% free, 53MB/69MB, paused 635us total 30.645ms
08-03 19:34:27.513 22923 23189 I art     : Starting a blocking GC Explicit
08-03 19:34:27.542 22923 23189 I art     : Explicit concurrent mark sweep GC freed 80(2624B) AllocSpace objects, 0(0B) LOS objects, 22% free, 53MB/69MB, paused 625us total 28.454ms
08-03 19:34:27.553 22923 23189 I art     : Starting a blocking GC Explicit
08-03 19:34:27.582 22923 23189 I art     : Explicit concurrent mark sweep GC freed 19(656B) AllocSpace objects, 0(0B) LOS objects, 22% free, 53MB/69MB, paused 607us total 28.501ms
08-03 19:34:27.593 22923 23189 I art     : Starting a blocking GC Explicit
08-03 19:34:27.622 22923 23189 I art     : Explicit concurrent mark sweep GC freed 3(96B) AllocSpace objects, 0(0B) LOS objects, 22% free, 53MB/69MB, paused 652us total 28.818ms
08-03 19:34:27.633 22923 23189 I art     : Starting a blocking GC Explicit
08-03 19:34:27.663 22923 23189 I art     : Explicit concurrent mark sweep GC freed 3(96B) AllocSpace objects, 0(0B) LOS objects, 22% free, 53MB/69MB, paused 661us total 29.704ms
08-03 19:34:27.980 22923 24834 I art     : Starting a blocking GC Explicit
08-03 19:34:28.018 22923 24834 I art     : Explicit concurrent mark sweep GC freed 1344(78KB) AllocSpace objects, 1(20KB) LOS objects, 22% free, 53MB/69MB, paused 804us total 37.061ms
08-03 19:34:28.030 22923 24834 I art     : Starting a blocking GC Explicit
08-03 19:34:28.061 22923 24834 I art     : Explicit concurrent mark sweep GC freed 20(704B) AllocSpace objects, 0(0B) LOS objects, 22% free, 53MB/69MB, paused 663us total 30.502ms
08-03 19:34:28.073 22923 24834 I art     : Starting a blocking GC Explicit
08-03 19:34:28.103 22923 24834 I art     : Explicit concurrent mark sweep GC freed 3(96B) AllocSpace objects, 0(0B) LOS objects, 22% free, 53MB/69MB, paused 669us total 30.064ms
08-03 19:34:28.115 22923 24834 I art     : Starting a blocking GC Explicit
08-03 19:34:28.146 22923 24834 I art     : Explicit concurrent mark sweep GC freed 3(96B) AllocSpace objects, 0(0B) LOS objects, 22% free, 53MB/69MB, paused 684us total 30.949ms
08-03 19:34:28.158 22923 24834 I art     : Starting a blocking GC Explicit
08-03 19:34:28.191 22923 24834 I art     : Explicit concurrent mark sweep GC freed 3(96B) AllocSpace objects, 0(0B) LOS objects, 22% free, 53MB/69MB, paused 736us total 33.002ms
08-03 19:34:28.540 22923 22956 I art     : Starting a blocking GC Explicit
08-03 19:34:28.579 22923 22956 I art     : Explicit concurrent mark sweep GC freed 1344(78KB) AllocSpace objects, 1(20KB) LOS objects, 22% free, 53MB/69MB, paused 733us total 38.970ms
08-03 19:34:28.593 22923 22956 I art     : Starting a blocking GC Explicit
08-03 19:34:28.627 22923 22956 I art     : Explicit concurrent mark sweep GC freed 20(704B) AllocSpace objects, 0(0B) LOS objects, 22% free, 53MB/69MB, paused 844us total 33.653ms
08-03 19:34:28.639 22923 22956 I art     : Starting a blocking GC Explicit
08-03 19:34:28.673 22923 22956 I art     : Explicit concurrent mark sweep GC freed 3(96B) AllocSpace objects, 0(0B) LOS objects, 22% free, 53MB/69MB, paused 690us total 33.430ms
08-03 19:34:28.685 22923 22956 I art     : Starting a blocking GC Explicit
08-03 19:34:28.716 22923 22956 I art     : Explicit concurrent mark sweep GC freed 3(96B) AllocSpace objects, 0(0B) LOS objects, 22% free, 53MB/69MB, paused 649us total 31.029ms
08-03 19:34:28.728 22923 22956 I art     : Starting a blocking GC Explicit
08-03 19:34:28.762 22923 22956 I art     : Explicit concurrent mark sweep GC freed 3(96B) AllocSpace objects, 0(0B) LOS objects, 22% free, 53MB/69MB, paused 698us total 33.709ms
08-03 19:34:29.091 22923 22936 I art     : Starting a blocking GC Explicit
08-03 19:34:29.132 22923 22936 I art     : Explicit concurrent mark sweep GC freed 1344(78KB) AllocSpace objects, 1(20KB) LOS objects, 22% free, 53MB/69MB, paused 737us total 39.919ms
08-03 19:34:29.146 22923 22936 I art     : Starting a blocking GC Explicit
08-03 19:34:29.185 22923 22936 I art     : Explicit concurrent mark sweep GC freed 20(704B) AllocSpace objects, 0(0B) LOS objects, 22% free, 53MB/69MB, paused 739us total 37.915ms
08-03 19:34:29.200 22923 22936 I art     : Starting a blocking GC Explicit
08-03 19:34:29.233 22923 22936 I art     : Explicit concurrent mark sweep GC freed 3(96B) AllocSpace objects, 0(0B) LOS objects, 22% free, 53MB/69MB, paused 660us total 32.594ms
08-03 19:34:29.245 22923 22936 I art     : Starting a blocking GC Explicit
08-03 19:34:29.279 22923 22936 I art     : Explicit concurrent mark sweep GC freed 3(96B) AllocSpace objects, 0(0B) LOS objects, 22% free, 53MB/69MB, paused 709us total 33.905ms
08-03 19:34:29.291 22923 22936 I art     : Starting a blocking GC Explicit
08-03 19:34:29.325 22923 22936 I art     : Explicit concurrent mark sweep GC freed 3(96B) AllocSpace objects, 0(0B) LOS objects, 22% free, 53MB/69MB, paused 686us total 33.510ms
08-03 19:34:29.668 22923 22934 I art     : Starting a blocking GC Explicit
08-03 19:34:29.707 22923 22934 I art     : Explicit concurrent mark sweep GC freed 1344(78KB) AllocSpace objects, 1(20KB) LOS objects, 22% free, 53MB/69MB, paused 707us total 38.937ms
08-03 19:34:29.722 22923 22934 I art     : Starting a blocking GC Explicit
08-03 19:34:29.754 22923 22934 I art     : Explicit concurrent mark sweep GC freed 20(704B) AllocSpace objects, 0(0B) LOS objects, 22% free, 53MB/69MB, paused 699us total 32.093ms
08-03 19:34:29.766 22923 22934 I art     : Starting a blocking GC Explicit
08-03 19:34:29.800 22923 22934 I art     : Explicit concurrent mark sweep GC freed 3(96B) AllocSpace objects, 0(0B) LOS objects, 22% free, 53MB/69MB, paused 694us total 33.088ms
08-03 19:34:29.812 22923 22934 I art     : Starting a blocking GC Explicit
08-03 19:34:29.844 22923 22934 I art     : Explicit concurrent mark sweep GC freed 3(96B) AllocSpace objects, 0(0B) LOS objects, 22% free, 53MB/69MB, paused 672us total 32.322ms
08-03 19:34:29.856 22923 22934 I art     : Starting a blocking GC Explicit
08-03 19:34:29.888 22923 22934 I art     : Explicit concurrent mark sweep GC freed 3(96B) AllocSpace objects, 0(0B) LOS objects, 22% free, 53MB/69MB, paused 722us total 31.818ms
08-03 19:34:30.217   918  3261 D WifiStateMachine: starting scan for "H369AA63323"WPA_PSK with 2412,5180
08-03 19:34:30.226 22923 23189 I art     : Starting a blocking GC Explicit
08-03 19:34:30.263 22923 23189 I art     : Explicit concurrent mark sweep GC freed 1344(78KB) AllocSpace objects, 1(20KB) LOS objects, 22% free, 53MB/69MB, paused 703us total 37.377ms
08-03 19:34:30.276 22923 23189 I art     : Starting a blocking GC Explicit
08-03 19:34:30.307 22923 23189 I art     : Explicit concurrent mark sweep GC freed 20(704B) AllocSpace objects, 0(0B) LOS objects, 22% free, 53MB/69MB, paused 765us total 31.576ms
08-03 19:34:30.320 22923 23189 I art     : Starting a blocking GC Explicit
08-03 19:34:30.351 22923 23189 I art     : Explicit concurrent mark sweep GC freed 3(96B) AllocSpace objects, 0(0B) LOS objects, 22% free, 53MB/69MB, paused 734us total 31.644ms
08-03 19:34:30.364 22923 23189 I art     : Starting a blocking GC Explicit
08-03 19:34:30.397 22923 23189 I art     : Explicit concurrent mark sweep GC freed 3(96B) AllocSpace objects, 0(0B) LOS objects, 22% free, 53MB/69MB, paused 830us total 33.452ms
08-03 19:34:30.409 22923 23189 I art     : Starting a blocking GC Explicit
08-03 19:34:30.443 22923 23189 I art     : Explicit concurrent mark sweep GC freed 3(96B) AllocSpace objects, 0(0B) LOS objects, 22% free, 53MB/69MB, paused 667us total 32.938ms
08-03 19:34:30.778 22923 24834 I art     : Starting a blocking GC Explicit
08-03 19:34:30.815 22923 24834 I art     : Explicit concurrent mark sweep GC freed 1344(78KB) AllocSpace objects, 1(20KB) LOS objects, 22% free, 53MB/69MB, paused 781us total 36.416ms
08-03 19:34:30.828 22923 24834 I art     : Starting a blocking GC Explicit
08-03 19:34:30.858 22923 24834 I art     : Explicit concurrent mark sweep GC freed 20(704B) AllocSpace objects, 0(0B) LOS objects, 22% free, 53MB/69MB, paused 1.311ms total 29.722ms
08-03 19:34:30.869 22923 24834 I art     : Starting a blocking GC Explicit
08-03 19:34:30.899 22923 24834 I art     : Explicit concurrent mark sweep GC freed 3(96B) AllocSpace objects, 0(0B) LOS objects, 22% free, 53MB/69MB, paused 711us total 29.267ms
08-03 19:34:30.910 22923 24834 I art     : Starting a blocking GC Explicit
08-03 19:34:30.940 22923 24834 I art     : Explicit concurrent mark sweep GC freed 3(96B) AllocSpace objects, 0(0B) LOS objects, 22% free, 53MB/69MB, paused 715us total 29.700ms
08-03 19:34:30.951 22923 24834 I art     : Starting a blocking GC Explicit
08-03 19:34:30.983 22923 24834 I art     : Explicit concurrent mark sweep GC freed 3(96B) AllocSpace objects, 0(0B) LOS objects, 22% free, 53MB/69MB, paused 815us total 31.055ms
08-03 19:34:31.165   918   937 W ProcessCpuTracker: Skipping unknown process pid 26117
08-03 19:34:31.297 22923 22956 I art     : Starting a blocking GC Explicit
08-03 19:34:31.331 22923 22956 I art     : Explicit concurrent mark sweep GC freed 1344(78KB) AllocSpace objects, 1(20KB) LOS objects, 22% free, 53MB/69MB, paused 807us total 33.928ms
08-03 19:34:31.339 26115 26115 D AndroidRuntime: >>>>>> START com.android.internal.os.RuntimeInit uid 2000 <<<<<<
08-03 19:34:31.344 22923 22956 I art     : Starting a blocking GC Explicit
08-03 19:34:31.345 26115 26115 D AndroidRuntime: CheckJNI is OFF
08-03 19:34:31.376 22923 22956 I art     : Explicit concurrent mark sweep GC freed 20(704B) AllocSpace objects, 0(0B) LOS objects, 22% free, 53MB/69MB, paused 1.011ms total 31.178ms
08-03 19:34:31.387 22923 22956 I art     : Starting a blocking GC Explicit
08-03 19:34:31.394 26115 26115 D ICU     : No timezone override file found: /data/misc/zoneinfo/current/icu/icu_tzdata.dat
08-03 19:34:31.418 22923 22956 I art     : Explicit concurrent mark sweep GC freed 3(96B) AllocSpace objects, 0(0B) LOS objects, 22% free, 53MB/69MB, paused 722us total 30.707ms
08-03 19:34:31.429 22923 22956 I art     : Starting a blocking GC Explicit
08-03 19:34:31.441 26115 26115 I Radio-JNI: register_android_hardware_Radio DONE
08-03 19:34:31.460 22923 22956 I art     : Explicit concurrent mark sweep GC freed 3(96B) AllocSpace objects, 0(0B) LOS objects, 22% free, 53MB/69MB, paused 652us total 30.034ms
08-03 19:34:31.471 26115 26115 D AndroidRuntime: Calling main entry com.android.commands.input.Input
08-03 19:34:31.471 22923 22956 I art     : Starting a blocking GC Explicit
08-03 19:34:31.473 26115 26115 I Input   : injectKeyEvent: KeyEvent { action=ACTION_DOWN, keyCode=KEYCODE_BACK, scanCode=0, metaState=0, flags=0x0, repeatCount=0, eventTime=646487885, downTime=646487885, deviceId=-1, source=0x101 }
08-03 19:34:31.479 26115 26115 I Input   : injectKeyEvent: KeyEvent { action=ACTION_UP, keyCode=KEYCODE_BACK, scanCode=0, metaState=0, flags=0x0, repeatCount=0, eventTime=646487885, downTime=646487885, deviceId=-1, source=0x101 }
08-03 19:34:31.485 26115 26115 D AndroidRuntime: Shutting down VM
08-03 19:34:31.500 22923 22956 I art     : Explicit concurrent mark sweep GC freed 132(5KB) AllocSpace objects, 0(0B) LOS objects, 22% free, 53MB/69MB, paused 632us total 28.280ms
08-03 19:34:31.529 13866 13866 I GoogleInputMethodServic: GoogleInputMethodService.onFinishInput():3138 
08-03 19:34:31.530 13866 13866 I GoogleInputMethodServic: GoogleInputMethodService.onStartInput():1808 
08-03 19:34:31.806 22923 22956 I art     : Starting a blocking GC Explicit
08-03 19:34:31.834   380   380 W SurfaceFlinger: couldn't log to binary event log: overflow.
08-03 19:34:31.837 22923 22956 I art     : Explicit concurrent mark sweep GC freed 1481(87KB) AllocSpace objects, 1(20KB) LOS objects, 22% free, 53MB/69MB, paused 947us total 31.424ms
08-03 19:34:31.852 22923 22956 I art     : Starting a blocking GC Explicit
08-03 19:34:31.879 22923 22956 I art     : Explicit concurrent mark sweep GC freed 50(2112B) AllocSpace objects, 0(0B) LOS objects, 22% free, 53MB/69MB, paused 709us total 27.149ms
08-03 19:34:31.890 22923 22956 I art     : Starting a blocking GC Explicit
08-03 19:34:31.917 22923 22956 I art     : Explicit concurrent mark sweep GC freed 1654(107KB) AllocSpace objects, 3(184KB) LOS objects, 23% free, 53MB/69MB, paused 646us total 26.422ms
08-03 19:34:31.928 22923 22956 I art     : Starting a blocking GC Explicit
08-03 19:34:31.956 22923 22956 I art     : Explicit concurrent mark sweep GC freed 3(96B) AllocSpace objects, 0(0B) LOS objects, 23% free, 53MB/69MB, paused 649us total 28.219ms
08-03 19:34:31.968 22923 22956 I art     : Starting a blocking GC Explicit
08-03 19:34:31.997 22923 22956 I art     : Explicit concurrent mark sweep GC freed 3(96B) AllocSpace objects, 0(0B) LOS objects, 23% free, 53MB/69MB, paused 667us total 28.683ms
08-03 19:34:32.297 22923 22934 I art     : Starting a blocking GC Explicit
08-03 19:34:32.339 22923 22934 I art     : Explicit concurrent mark sweep GC freed 1344(78KB) AllocSpace objects, 1(20KB) LOS objects, 23% free, 53MB/69MB, paused 798us total 41.604ms
08-03 19:34:32.357 22923 22934 I art     : Starting a blocking GC Explicit
08-03 19:34:32.384 22923 22934 I art     : Explicit concurrent mark sweep GC freed 20(704B) AllocSpace objects, 0(0B) LOS objects, 23% free, 53MB/69MB, paused 649us total 26.894ms
08-03 19:34:32.396 22923 22934 I art     : Starting a blocking GC Explicit
08-03 19:34:32.425 22923 22934 I art     : Explicit concurrent mark sweep GC freed 3(96B) AllocSpace objects, 0(0B) LOS objects, 23% free, 53MB/69MB, paused 652us total 28.800ms
08-03 19:34:32.436 22923 22934 I art     : Starting a blocking GC Explicit
08-03 19:34:32.465 22923 22934 I art     : Explicit concurrent mark sweep GC freed 3(96B) AllocSpace objects, 0(0B) LOS objects, 23% free, 53MB/69MB, paused 681us total 28.980ms
08-03 19:34:32.477 22923 22934 I art     : Starting a blocking GC Explicit
08-03 19:34:32.506 22923 22934 I art     : Explicit concurrent mark sweep GC freed 3(96B) AllocSpace objects, 0(0B) LOS objects, 23% free, 53MB/69MB, paused 666us total 28.861ms
08-03 19:34:32.807 22923 22936 I art     : Starting a blocking GC Explicit
08-03 19:34:32.840 22923 22936 I art     : Explicit concurrent mark sweep GC freed 1365(79KB) AllocSpace objects, 1(20KB) LOS objects, 23% free, 53MB/69MB, paused 664us total 32.493ms
08-03 19:34:32.852 22923 22936 I art     : Starting a blocking GC Explicit
08-03 19:34:32.880 22923 22936 I art     : Explicit concurrent mark sweep GC freed 36(1216B) AllocSpace objects, 0(0B) LOS objects, 23% free, 53MB/69MB, paused 647us total 28.330ms
08-03 19:34:32.891 22923 22936 I art     : Starting a blocking GC Explicit
08-03 19:34:32.920 22923 22936 I art     : Explicit concurrent mark sweep GC freed 3(96B) AllocSpace objects, 0(0B) LOS objects, 23% free, 53MB/69MB, paused 611us total 28.328ms
08-03 19:34:32.931 22923 22936 I art     : Starting a blocking GC Explicit
08-03 19:34:32.960 22923 22936 I art     : Explicit concurrent mark sweep GC freed 3(96B) AllocSpace objects, 0(0B) LOS objects, 23% free, 53MB/69MB, paused 666us total 28.781ms
08-03 19:34:32.972 22923 22936 I art     : Starting a blocking GC Explicit
08-03 19:34:33.001 22923 22936 I art     : Explicit concurrent mark sweep GC freed 3(96B) AllocSpace objects, 0(0B) LOS objects, 23% free, 53MB/69MB, paused 653us total 28.930ms
08-03 19:34:33.255 26168 26168 D AndroidRuntime: >>>>>> START com.android.internal.os.RuntimeInit uid 2000 <<<<<<
08-03 19:34:33.261 26168 26168 D AndroidRuntime: CheckJNI is OFF
08-03 19:34:33.298 22923 24834 I art     : Starting a blocking GC Explicit
08-03 19:34:33.306 26168 26168 D ICU     : No timezone override file found: /data/misc/zoneinfo/current/icu/icu_tzdata.dat
08-03 19:34:33.329 22923 24834 I art     : Explicit concurrent mark sweep GC freed 1344(78KB) AllocSpace objects, 1(20KB) LOS objects, 23% free, 53MB/69MB, paused 732us total 31.011ms
08-03 19:34:33.341 22923 24834 I art     : Starting a blocking GC Explicit
08-03 19:34:33.352 26168 26168 I Radio-JNI: register_android_hardware_Radio DONE
08-03 19:34:33.370 22923 24834 I art     : Explicit concurrent mark sweep GC freed 20(704B) AllocSpace objects, 0(0B) LOS objects, 23% free, 53MB/69MB, paused 688us total 28.739ms
08-03 19:34:33.381 22923 24834 I art     : Starting a blocking GC Explicit
08-03 19:34:33.382 26168 26168 D AndroidRuntime: Calling main entry com.android.commands.input.Input
08-03 19:34:33.384 26168 26168 I Input   : injectMotionEvent: MotionEvent { action=ACTION_DOWN, actionButton=0, id[0]=0, x[0]=1012.0, y[0]=1152.0, toolType[0]=TOOL_TYPE_UNKNOWN, buttonState=0, metaState=0, flags=0x0, edgeFlags=0x0, pointerCount=1, historySize=0, eventTime=646489796, downTime=646489796, deviceId=0, source=0x1002 }
08-03 19:34:33.391 26168 26168 I Input   : injectMotionEvent: MotionEvent { action=ACTION_UP, actionButton=0, id[0]=0, x[0]=1012.0, y[0]=1152.0, toolType[0]=TOOL_TYPE_UNKNOWN, buttonState=0, metaState=0, flags=0x0, edgeFlags=0x0, pointerCount=1, historySize=0, eventTime=646489796, downTime=646489796, deviceId=0, source=0x1002 }
08-03 19:34:33.393   918  3359 I ActivityManager: START u0 {cmp=baseline.appteam.nith.hillffair/.activities.ClubActivity (has extras)} from uid 10624 on display 0
08-03 19:34:33.399 26168 26168 D AndroidRuntime: Shutting down VM
08-03 19:34:33.409 22923 24834 I art     : Explicit concurrent mark sweep GC freed 28(896B) AllocSpace objects, 0(0B) LOS objects, 23% free, 53MB/69MB, paused 767us total 27.480ms
08-03 19:34:33.422 22923 24834 I art     : Starting a blocking GC Explicit
08-03 19:34:33.451 22923 24834 I art     : Explicit concurrent mark sweep GC freed 3300(199KB) AllocSpace objects, 0(0B) LOS objects, 23% free, 53MB/69MB, paused 1.152ms total 29.066ms
08-03 19:34:33.462 22923 24834 I art     : Starting a blocking GC Explicit
08-03 19:34:33.488 22923 24834 I art     : Explicit concurrent mark sweep GC freed 194(20KB) AllocSpace objects, 0(0B) LOS objects, 23% free, 53MB/69MB, paused 691us total 26.680ms
08-03 19:34:33.514   918   936 I ActivityManager: Displayed baseline.appteam.nith.hillffair/.activities.ClubActivity: +114ms
08-03 19:34:33.514 13866 13866 I GoogleInputMethodServic: GoogleInputMethodService.onFinishInput():3138 
08-03 19:34:33.515 13866 13866 I GoogleInputMethodServic: GoogleInputMethodService.onStartInput():1808 
08-03 19:34:33.780   380   380 W SurfaceFlinger: couldn't log to binary event log: overflow.
08-03 19:34:33.790 22923 22936 I art     : Starting a blocking GC Explicit
08-03 19:34:33.822 22923 22936 I art     : Explicit concurrent mark sweep GC freed 1625(91KB) AllocSpace objects, 1(20KB) LOS objects, 22% free, 53MB/69MB, paused 689us total 31.092ms
08-03 19:34:33.833 22923 22936 I art     : Starting a blocking GC Explicit
08-03 19:34:33.859 22923 22936 I art     : Explicit concurrent mark sweep GC freed 34(1168B) AllocSpace objects, 0(0B) LOS objects, 22% free, 53MB/69MB, paused 669us total 25.990ms
08-03 19:34:33.870 22923 22936 I art     : Starting a blocking GC Explicit
08-03 19:34:33.901 22923 22936 I art     : Explicit concurrent mark sweep GC freed 97(5KB) AllocSpace objects, 0(0B) LOS objects, 22% free, 53MB/69MB, paused 755us total 31.052ms
08-03 19:34:33.915 22923 22936 I art     : Starting a blocking GC Explicit
08-03 19:34:33.944 22923 26193 D OkHttp  : --> GET https://api-hillfair-2k16.herokuapp.com/api/app/club/Design%20and%20Decoration%20Club http/1.1
08-03 19:34:33.945 22923 22936 I art     : Explicit concurrent mark sweep GC freed 2564(131KB) AllocSpace objects, 2(120KB) LOS objects, 22% free, 53MB/69MB, paused 982us total 30.171ms
08-03 19:34:33.956 22923 22936 I art     : Starting a blocking GC Explicit
08-03 19:34:33.980 22923 26193 D OkHttp  : <-- 200 OK https://api-hillfair-2k16.herokuapp.com/api/app/club/Design%20and%20Decoration%20Club (35ms, 760-byte body)
08-03 19:34:33.985 22923 22936 I art     : Explicit concurrent mark sweep GC freed 1130(151KB) AllocSpace objects, 1(80KB) LOS objects, 22% free, 53MB/69MB, paused 846us total 28.805ms
08-03 19:34:34.039 22923 22923 I NAPPA_EXPERIMENTATION: MetricNetworkRequestExecutionTime: REQUEST_DURATION_SYSTEM='601',REQUEST_DURATION_OKHTTP='36',REQUEST_SYNCHRONOUS='FALSE',RESPONSE_CODE='200',RESPONSE_METHOD='GET',RESPONSE_LENGTH_OKHTTP='760',RESPONSE_LENGTH_HEADER='760',REQUEST_PROTOCOL='http/1.1',REQUEST_URL='https://api-hillfair-2k16.herokuapp.com/api/app/club/Design%20and%20Decoration%20Club',
08-03 19:34:34.282 22923 23189 I art     : Starting a blocking GC Explicit
08-03 19:34:34.314 22923 23189 I art     : Explicit concurrent mark sweep GC freed 2075(173KB) AllocSpace objects, 1(20KB) LOS objects, 22% free, 53MB/69MB, paused 687us total 31.438ms
08-03 19:34:34.326 22923 23189 I art     : Starting a blocking GC Explicit
08-03 19:34:34.356 22923 23189 I art     : Explicit concurrent mark sweep GC freed 86(3056B) AllocSpace objects, 0(0B) LOS objects, 22% free, 53MB/69MB, paused 668us total 29.416ms
08-03 19:34:34.367 22923 23189 I art     : Starting a blocking GC Explicit
08-03 19:34:34.397 22923 23189 I art     : Explicit concurrent mark sweep GC freed 3(96B) AllocSpace objects, 0(0B) LOS objects, 22% free, 53MB/69MB, paused 669us total 29.942ms
08-03 19:34:34.409 22923 23189 I art     : Starting a blocking GC Explicit
08-03 19:34:34.438 22923 23189 I art     : Explicit concurrent mark sweep GC freed 3(96B) AllocSpace objects, 0(0B) LOS objects, 22% free, 53MB/69MB, paused 660us total 28.562ms
08-03 19:34:34.449 22923 23189 I art     : Starting a blocking GC Explicit
08-03 19:34:34.479 22923 23189 I art     : Explicit concurrent mark sweep GC freed 19(656B) AllocSpace objects, 0(0B) LOS objects, 22% free, 53MB/69MB, paused 669us total 29.615ms
08-03 19:34:34.791 22923 22956 I art     : Starting a blocking GC Explicit
08-03 19:34:34.835 22923 22956 I art     : Explicit concurrent mark sweep GC freed 1344(78KB) AllocSpace objects, 1(20KB) LOS objects, 22% free, 53MB/69MB, paused 791us total 43.409ms
08-03 19:34:34.852 22923 22956 I art     : Starting a blocking GC Explicit
08-03 19:34:34.885 22923 22956 I art     : Explicit concurrent mark sweep GC freed 20(704B) AllocSpace objects, 0(0B) LOS objects, 22% free, 53MB/69MB, paused 702us total 31.914ms
08-03 19:34:34.897 22923 22956 I art     : Starting a blocking GC Explicit
08-03 19:34:34.928 22923 22956 I art     : Explicit concurrent mark sweep GC freed 3(96B) AllocSpace objects, 0(0B) LOS objects, 22% free, 53MB/69MB, paused 721us total 31.095ms
08-03 19:34:34.940 22923 22956 I art     : Starting a blocking GC Explicit
08-03 19:34:34.971 22923 22956 I art     : Explicit concurrent mark sweep GC freed 3(96B) AllocSpace objects, 0(0B) LOS objects, 22% free, 53MB/69MB, paused 786us total 31.198ms
08-03 19:34:34.983 22923 22956 I art     : Starting a blocking GC Explicit
08-03 19:34:35.014 22923 22956 I art     : Explicit concurrent mark sweep GC freed 3(96B) AllocSpace objects, 0(0B) LOS objects, 22% free, 53MB/69MB, paused 700us total 30.971ms
08-03 19:34:35.349 22923 22934 I art     : Starting a blocking GC Explicit
08-03 19:34:35.391 22923 22934 I art     : Explicit concurrent mark sweep GC freed 1344(78KB) AllocSpace objects, 1(20KB) LOS objects, 22% free, 53MB/69MB, paused 776us total 41.691ms
08-03 19:34:35.406 22923 22934 I art     : Starting a blocking GC Explicit
08-03 19:34:35.441 22923 22934 I art     : Explicit concurrent mark sweep GC freed 20(704B) AllocSpace objects, 0(0B) LOS objects, 22% free, 53MB/69MB, paused 698us total 35.503ms
08-03 19:34:35.453 22923 22934 I art     : Starting a blocking GC Explicit
08-03 19:34:35.487 22923 22934 I art     : Explicit concurrent mark sweep GC freed 3(96B) AllocSpace objects, 0(0B) LOS objects, 22% free, 53MB/69MB, paused 705us total 32.996ms
08-03 19:34:35.499 22923 22934 I art     : Starting a blocking GC Explicit
08-03 19:34:35.533 22923 22934 I art     : Explicit concurrent mark sweep GC freed 3(96B) AllocSpace objects, 0(0B) LOS objects, 22% free, 53MB/69MB, paused 703us total 33.710ms
08-03 19:34:35.545 22923 22934 I art     : Starting a blocking GC Explicit
08-03 19:34:35.578 22923 22934 I art     : Explicit concurrent mark sweep GC freed 3(96B) AllocSpace objects, 0(0B) LOS objects, 22% free, 53MB/69MB, paused 700us total 32.510ms
08-03 19:34:35.942 22923 22936 I art     : Starting a blocking GC Explicit
08-03 19:34:35.984 22923 22936 I art     : Explicit concurrent mark sweep GC freed 1344(78KB) AllocSpace objects, 1(20KB) LOS objects, 22% free, 53MB/69MB, paused 821us total 41.789ms
08-03 19:34:35.999 22923 22936 I art     : Starting a blocking GC Explicit
08-03 19:34:36.034 22923 22936 I art     : Explicit concurrent mark sweep GC freed 20(704B) AllocSpace objects, 0(0B) LOS objects, 22% free, 53MB/69MB, paused 704us total 34.515ms
08-03 19:34:36.046 22923 22936 I art     : Starting a blocking GC Explicit
08-03 19:34:36.078 22923 22936 I art     : Explicit concurrent mark sweep GC freed 3(96B) AllocSpace objects, 0(0B) LOS objects, 22% free, 53MB/69MB, paused 704us total 31.797ms
08-03 19:34:36.090 22923 22936 I art     : Starting a blocking GC Explicit
08-03 19:34:36.123 22923 22936 I art     : Explicit concurrent mark sweep GC freed 3(96B) AllocSpace objects, 0(0B) LOS objects, 22% free, 53MB/69MB, paused 708us total 33.148ms
08-03 19:34:36.135 22923 22936 I art     : Starting a blocking GC Explicit
08-03 19:34:36.169 22923 22936 I art     : Explicit concurrent mark sweep GC freed 3(96B) AllocSpace objects, 0(0B) LOS objects, 22% free, 53MB/69MB, paused 667us total 33.839ms
08-03 19:34:36.205   918   937 W ProcessCpuTracker: Skipping unknown process pid 26241
08-03 19:34:36.206   918   937 W ProcessCpuTracker: Skipping unknown process pid 26243
08-03 19:34:36.206   918   937 W ProcessCpuTracker: Skipping unknown process pid 26244
08-03 19:34:36.486 22923 24834 I art     : Starting a blocking GC Explicit
08-03 19:34:36.531 22923 24834 I art     : Explicit concurrent mark sweep GC freed 1344(78KB) AllocSpace objects, 1(20KB) LOS objects, 22% free, 53MB/69MB, paused 783us total 44.700ms
08-03 19:34:36.546 22923 24834 I art     : Starting a blocking GC Explicit
08-03 19:34:36.582 22923 24834 I art     : Explicit concurrent mark sweep GC freed 20(704B) AllocSpace objects, 0(0B) LOS objects, 22% free, 53MB/69MB, paused 789us total 35.952ms
08-03 19:34:36.594 22923 24834 I art     : Starting a blocking GC Explicit
08-03 19:34:36.628 22923 24834 I art     : Explicit concurrent mark sweep GC freed 3(96B) AllocSpace objects, 0(0B) LOS objects, 22% free, 53MB/69MB, paused 752us total 33.512ms
08-03 19:34:36.640 22923 24834 I art     : Starting a blocking GC Explicit
08-03 19:34:36.674 22923 24834 I art     : Explicit concurrent mark sweep GC freed 3(96B) AllocSpace objects, 0(0B) LOS objects, 22% free, 53MB/69MB, paused 670us total 33.100ms
08-03 19:34:36.685 22923 24834 I art     : Starting a blocking GC Explicit
08-03 19:34:36.718 22923 24834 I art     : Explicit concurrent mark sweep GC freed 3(96B) AllocSpace objects, 0(0B) LOS objects, 22% free, 53MB/69MB, paused 762us total 32.268ms
08-03 19:34:37.053 22923 23189 I art     : Starting a blocking GC Explicit
08-03 19:34:37.086 22923 23189 I art     : Explicit concurrent mark sweep GC freed 1344(78KB) AllocSpace objects, 1(20KB) LOS objects, 22% free, 53MB/69MB, paused 745us total 32.536ms
08-03 19:34:37.101 22923 23189 I art     : Starting a blocking GC Explicit
08-03 19:34:37.134 22923 23189 I art     : Explicit concurrent mark sweep GC freed 20(704B) AllocSpace objects, 0(0B) LOS objects, 22% free, 53MB/69MB, paused 708us total 33.407ms
08-03 19:34:37.147 22923 23189 I art     : Starting a blocking GC Explicit
08-03 19:34:37.179 22923 23189 I art     : Explicit concurrent mark sweep GC freed 3(96B) AllocSpace objects, 0(0B) LOS objects, 22% free, 53MB/69MB, paused 771us total 32.347ms
08-03 19:34:37.192 22923 23189 I art     : Starting a blocking GC Explicit
08-03 19:34:37.225 22923 23189 I art     : Explicit concurrent mark sweep GC freed 3(96B) AllocSpace objects, 0(0B) LOS objects, 22% free, 53MB/69MB, paused 710us total 33.260ms
08-03 19:34:37.237 22923 23189 I art     : Starting a blocking GC Explicit
08-03 19:34:37.272 22923 23189 I art     : Explicit concurrent mark sweep GC freed 3(96B) AllocSpace objects, 0(0B) LOS objects, 22% free, 53MB/69MB, paused 653us total 33.956ms
08-03 19:34:37.601 22923 22956 I art     : Starting a blocking GC Explicit
08-03 19:34:37.645 22923 22956 I art     : Explicit concurrent mark sweep GC freed 1344(78KB) AllocSpace objects, 1(20KB) LOS objects, 22% free, 53MB/69MB, paused 767us total 43.678ms
08-03 19:34:37.662 22923 22956 I art     : Starting a blocking GC Explicit
08-03 19:34:37.693 22923 22956 I art     : Explicit concurrent mark sweep GC freed 20(704B) AllocSpace objects, 0(0B) LOS objects, 22% free, 53MB/69MB, paused 667us total 30.572ms
08-03 19:34:37.705 22923 22956 I art     : Starting a blocking GC Explicit
08-03 19:34:37.734 22923 22956 I art     : Explicit concurrent mark sweep GC freed 3(96B) AllocSpace objects, 0(0B) LOS objects, 22% free, 53MB/69MB, paused 684us total 29.024ms
08-03 19:34:37.745 22923 22956 I art     : Starting a blocking GC Explicit
08-03 19:34:37.775 22923 22956 I art     : Explicit concurrent mark sweep GC freed 3(96B) AllocSpace objects, 0(0B) LOS objects, 22% free, 53MB/69MB, paused 672us total 29.268ms
08-03 19:34:37.786 22923 22956 I art     : Starting a blocking GC Explicit
08-03 19:34:37.817 22923 22956 I art     : Explicit concurrent mark sweep GC freed 3(96B) AllocSpace objects, 0(0B) LOS objects, 22% free, 53MB/69MB, paused 782us total 30.741ms
08-03 19:34:38.149 22923 22934 I art     : Starting a blocking GC Explicit
08-03 19:34:38.186 22923 22934 I art     : Explicit concurrent mark sweep GC freed 1344(78KB) AllocSpace objects, 1(20KB) LOS objects, 22% free, 53MB/69MB, paused 761us total 36.128ms
08-03 19:34:38.202 22923 22934 I art     : Starting a blocking GC Explicit
08-03 19:34:38.217 26275 26275 D AndroidRuntime: >>>>>> START com.android.internal.os.RuntimeInit uid 2000 <<<<<<
08-03 19:34:38.223 26275 26275 D AndroidRuntime: CheckJNI is OFF
08-03 19:34:38.234 22923 22934 I art     : Explicit concurrent mark sweep GC freed 20(704B) AllocSpace objects, 0(0B) LOS objects, 22% free, 53MB/69MB, paused 735us total 31.961ms
08-03 19:34:38.246 22923 22934 I art     : Starting a blocking GC Explicit
08-03 19:34:38.270 26275 26275 D ICU     : No timezone override file found: /data/misc/zoneinfo/current/icu/icu_tzdata.dat
08-03 19:34:38.277 22923 22934 I art     : Explicit concurrent mark sweep GC freed 3(96B) AllocSpace objects, 0(0B) LOS objects, 22% free, 53MB/69MB, paused 716us total 30.455ms
08-03 19:34:38.288 22923 22934 I art     : Starting a blocking GC Explicit
08-03 19:34:38.317 26275 26275 I Radio-JNI: register_android_hardware_Radio DONE
08-03 19:34:38.320 22923 22934 I art     : Explicit concurrent mark sweep GC freed 3(96B) AllocSpace objects, 0(0B) LOS objects, 22% free, 53MB/69MB, paused 722us total 31.334ms
08-03 19:34:38.331 22923 22934 I art     : Starting a blocking GC Explicit
08-03 19:34:38.347 26275 26275 D AndroidRuntime: Calling main entry com.android.commands.input.Input
08-03 19:34:38.349 26275 26275 I Input   : injectKeyEvent: KeyEvent { action=ACTION_DOWN, keyCode=KEYCODE_BACK, scanCode=0, metaState=0, flags=0x0, repeatCount=0, eventTime=646494762, downTime=646494762, deviceId=-1, source=0x101 }
08-03 19:34:38.355 26275 26275 I Input   : injectKeyEvent: KeyEvent { action=ACTION_UP, keyCode=KEYCODE_BACK, scanCode=0, metaState=0, flags=0x0, repeatCount=0, eventTime=646494762, downTime=646494762, deviceId=-1, source=0x101 }
08-03 19:34:38.362 22923 22934 I art     : Explicit concurrent mark sweep GC freed 5(208B) AllocSpace objects, 0(0B) LOS objects, 22% free, 53MB/69MB, paused 732us total 30.043ms
08-03 19:34:38.364 26275 26275 D AndroidRuntime: Shutting down VM
08-03 19:34:38.402 13866 13866 I GoogleInputMethodServic: GoogleInputMethodService.onFinishInput():3138 
08-03 19:34:38.402 13866 13866 I GoogleInputMethodServic: GoogleInputMethodService.onStartInput():1808 
08-03 19:34:38.668 22923 22956 I art     : Starting a blocking GC Explicit
08-03 19:34:38.701 22923 22956 I art     : Explicit concurrent mark sweep GC freed 1524(85KB) AllocSpace objects, 1(20KB) LOS objects, 22% free, 53MB/69MB, paused 631us total 32.449ms
08-03 19:34:38.707   380   380 W SurfaceFlinger: couldn't log to binary event log: overflow.
08-03 19:34:38.715 22923 22956 I art     : Starting a blocking GC Explicit
08-03 19:34:38.742 22923 22956 I art     : Explicit concurrent mark sweep GC freed 135(9KB) AllocSpace objects, 0(0B) LOS objects, 22% free, 53MB/69MB, paused 662us total 26.579ms
08-03 19:34:38.753 22923 22956 I art     : Starting a blocking GC Explicit
08-03 19:34:38.781 22923 22956 I art     : Explicit concurrent mark sweep GC freed 1654(107KB) AllocSpace objects, 3(180KB) LOS objects, 23% free, 53MB/69MB, paused 673us total 27.634ms
08-03 19:34:38.792 22923 22956 I art     : Starting a blocking GC Explicit
08-03 19:34:38.821 22923 22956 I art     : Explicit concurrent mark sweep GC freed 3(96B) AllocSpace objects, 0(0B) LOS objects, 23% free, 53MB/69MB, paused 687us total 28.879ms
08-03 19:34:38.833 22923 22956 I art     : Starting a blocking GC Explicit
08-03 19:34:38.863 22923 22956 I art     : Explicit concurrent mark sweep GC freed 3(96B) AllocSpace objects, 0(0B) LOS objects, 23% free, 53MB/69MB, paused 687us total 29.993ms
08-03 19:34:39.182 22923 24834 I art     : Starting a blocking GC Explicit
08-03 19:34:39.221 22923 24834 I art     : Explicit concurrent mark sweep GC freed 1344(78KB) AllocSpace objects, 1(20KB) LOS objects, 23% free, 53MB/69MB, paused 717us total 39.240ms
08-03 19:34:39.236 22923 24834 I art     : Starting a blocking GC Explicit
08-03 19:34:39.267 22923 24834 I art     : Explicit concurrent mark sweep GC freed 20(704B) AllocSpace objects, 0(0B) LOS objects, 23% free, 53MB/69MB, paused 685us total 30.530ms
08-03 19:34:39.278 22923 24834 I art     : Starting a blocking GC Explicit
08-03 19:34:39.309 22923 24834 I art     : Explicit concurrent mark sweep GC freed 3(96B) AllocSpace objects, 0(0B) LOS objects, 23% free, 53MB/69MB, paused 701us total 30.228ms
08-03 19:34:39.320 22923 24834 I art     : Starting a blocking GC Explicit
08-03 19:34:39.351 22923 24834 I art     : Explicit concurrent mark sweep GC freed 3(96B) AllocSpace objects, 0(0B) LOS objects, 23% free, 53MB/69MB, paused 684us total 29.921ms
08-03 19:34:39.362 22923 24834 I art     : Starting a blocking GC Explicit
08-03 19:34:39.392 22923 24834 I art     : Explicit concurrent mark sweep GC freed 3(96B) AllocSpace objects, 0(0B) LOS objects, 23% free, 53MB/69MB, paused 694us total 29.080ms
08-03 19:34:39.707 22923 22936 I art     : Starting a blocking GC Explicit
08-03 19:34:39.739 22923 22936 I art     : Explicit concurrent mark sweep GC freed 1344(78KB) AllocSpace objects, 1(20KB) LOS objects, 23% free, 53MB/69MB, paused 695us total 32.318ms
08-03 19:34:39.751 22923 22936 I art     : Starting a blocking GC Explicit
08-03 19:34:39.781 22923 22936 I art     : Explicit concurrent mark sweep GC freed 20(704B) AllocSpace objects, 0(0B) LOS objects, 23% free, 53MB/69MB, paused 677us total 28.959ms
08-03 19:34:39.793 22923 22936 I art     : Starting a blocking GC Explicit
08-03 19:34:39.822 22923 22936 I art     : Explicit concurrent mark sweep GC freed 3(96B) AllocSpace objects, 0(0B) LOS objects, 23% free, 53MB/69MB, paused 699us total 29.479ms
08-03 19:34:39.834 22923 22936 I art     : Starting a blocking GC Explicit
08-03 19:34:39.863 22923 22936 I art     : Explicit concurrent mark sweep GC freed 3(96B) AllocSpace objects, 0(0B) LOS objects, 23% free, 53MB/69MB, paused 703us total 28.618ms
08-03 19:34:39.874 22923 22936 I art     : Starting a blocking GC Explicit
08-03 19:34:39.904 22923 22936 I art     : Explicit concurrent mark sweep GC freed 3(96B) AllocSpace objects, 0(0B) LOS objects, 23% free, 53MB/69MB, paused 703us total 29.163ms
08-03 19:34:40.156 26324 26324 D AndroidRuntime: >>>>>> START com.android.internal.os.RuntimeInit uid 2000 <<<<<<
08-03 19:34:40.162 26324 26324 D AndroidRuntime: CheckJNI is OFF
08-03 19:34:40.206 26324 26324 D ICU     : No timezone override file found: /data/misc/zoneinfo/current/icu/icu_tzdata.dat
08-03 19:34:40.227 22923 23189 I art     : Starting a blocking GC Explicit
08-03 19:34:40.248 26324 26324 I Radio-JNI: register_android_hardware_Radio DONE
08-03 19:34:40.257 22923 23189 I art     : Explicit concurrent mark sweep GC freed 1344(78KB) AllocSpace objects, 1(20KB) LOS objects, 23% free, 53MB/69MB, paused 820us total 29.627ms
08-03 19:34:40.269 22923 23189 I art     : Starting a blocking GC Explicit
08-03 19:34:40.277 26324 26324 D AndroidRuntime: Calling main entry com.android.commands.input.Input
08-03 19:34:40.279 26324 26324 I Input   : injectMotionEvent: MotionEvent { action=ACTION_DOWN, actionButton=0, id[0]=0, x[0]=255.0, y[0]=1845.0, toolType[0]=TOOL_TYPE_UNKNOWN, buttonState=0, metaState=0, flags=0x0, edgeFlags=0x0, pointerCount=1, historySize=0, eventTime=646496692, downTime=646496692, deviceId=0, source=0x1002 }
08-03 19:34:40.286 26324 26324 I Input   : injectMotionEvent: MotionEvent { action=ACTION_UP, actionButton=0, id[0]=0, x[0]=255.0, y[0]=1845.0, toolType[0]=TOOL_TYPE_UNKNOWN, buttonState=0, metaState=0, flags=0x0, edgeFlags=0x0, pointerCount=1, historySize=0, eventTime=646496692, downTime=646496692, deviceId=0, source=0x1002 }
08-03 19:34:40.289   918  6111 I ActivityManager: START u0 {cmp=baseline.appteam.nith.hillffair/.activities.ClubActivity (has extras)} from uid 10624 on display 0
08-03 19:34:40.298 22923 23189 I art     : Explicit concurrent mark sweep GC freed 20(704B) AllocSpace objects, 0(0B) LOS objects, 23% free, 53MB/69MB, paused 854us total 29.164ms
08-03 19:34:40.299 26324 26324 D AndroidRuntime: Shutting down VM
08-03 19:34:40.310 22923 23189 I art     : Starting a blocking GC Explicit
08-03 19:34:40.342 22923 23189 I art     : Explicit concurrent mark sweep GC freed 3264(200KB) AllocSpace objects, 0(0B) LOS objects, 22% free, 53MB/69MB, paused 1.055ms total 31.960ms
08-03 19:34:40.354 22923 23189 I art     : Starting a blocking GC Explicit
08-03 19:34:40.381 22923 23189 I art     : Explicit concurrent mark sweep GC freed 407(32KB) AllocSpace objects, 0(0B) LOS objects, 22% free, 53MB/69MB, paused 1.058ms total 27.340ms
08-03 19:34:40.394 22923 23189 I art     : Starting a blocking GC Explicit
08-03 19:34:40.402 13866 13866 I GoogleInputMethodServic: GoogleInputMethodService.onFinishInput():3138 
08-03 19:34:40.402   918   936 I ActivityManager: Displayed baseline.appteam.nith.hillffair/.activities.ClubActivity: +102ms
08-03 19:34:40.402 13866 13866 I GoogleInputMethodServic: GoogleInputMethodService.onStartInput():1808 
08-03 19:34:40.423 22923 23189 I art     : Explicit concurrent mark sweep GC freed 167(6KB) AllocSpace objects, 0(0B) LOS objects, 22% free, 53MB/69MB, paused 809us total 29.568ms
08-03 19:34:40.672   380   380 W SurfaceFlinger: couldn't log to binary event log: overflow.
08-03 19:34:40.731 22923 22936 I art     : Starting a blocking GC Explicit
08-03 19:34:40.759 22923 22936 I art     : Explicit concurrent mark sweep GC freed 1365(79KB) AllocSpace objects, 1(20KB) LOS objects, 22% free, 53MB/69MB, paused 720us total 27.742ms
08-03 19:34:40.771 22923 22936 I art     : Starting a blocking GC Explicit
08-03 19:34:40.800 22923 26351 D OkHttp  : --> GET https://api-hillfair-2k16.herokuapp.com/api/app/club/Technical%20Committee http/1.1
08-03 19:34:40.803 22923 22936 I art     : Explicit concurrent mark sweep GC freed 2668(137KB) AllocSpace objects, 2(120KB) LOS objects, 22% free, 54MB/70MB, paused 1.061ms total 31.522ms
08-03 19:34:40.816 22923 22936 I art     : Starting a blocking GC Explicit
08-03 19:34:40.844 22923 26351 D OkHttp  : <-- 200 OK https://api-hillfair-2k16.herokuapp.com/api/app/club/Technical%20Committee (42ms, 1171-byte body)
08-03 19:34:40.845 22923 22936 I art     : Explicit concurrent mark sweep GC freed 1028(120KB) AllocSpace objects, 1(80KB) LOS objects, 22% free, 53MB/69MB, paused 1.095ms total 28.199ms
08-03 19:34:40.856 22923 22936 I art     : Starting a blocking GC Explicit
08-03 19:34:40.885 22923 22936 I art     : Explicit concurrent mark sweep GC freed 226(42KB) AllocSpace objects, 0(0B) LOS objects, 22% free, 53MB/69MB, paused 714us total 29.444ms
08-03 19:34:40.895 22923 22923 I NAPPA_EXPERIMENTATION: MetricNetworkRequestExecutionTime: REQUEST_DURATION_SYSTEM='563',REQUEST_DURATION_OKHTTP='41',REQUEST_SYNCHRONOUS='FALSE',RESPONSE_CODE='200',RESPONSE_METHOD='GET',RESPONSE_LENGTH_OKHTTP='1171',RESPONSE_LENGTH_HEADER='1171',REQUEST_PROTOCOL='http/1.1',REQUEST_URL='https://api-hillfair-2k16.herokuapp.com/api/app/club/Technical%20Committee',
08-03 19:34:40.897 22923 22936 I art     : Starting a blocking GC Explicit
08-03 19:34:40.926 22923 22936 I art     : Explicit concurrent mark sweep GC freed 624(86KB) AllocSpace objects, 0(0B) LOS objects, 22% free, 53MB/69MB, paused 987us total 29.091ms
08-03 19:34:41.227 22923 22934 I art     : Starting a blocking GC Explicit
08-03 19:34:41.258 22923 22934 I art     : Explicit concurrent mark sweep GC freed 1405(80KB) AllocSpace objects, 1(20KB) LOS objects, 22% free, 53MB/69MB, paused 781us total 30.468ms
08-03 19:34:41.270 22923 22934 I art     : Starting a blocking GC Explicit
08-03 19:34:41.299 22923 22934 I art     : Explicit concurrent mark sweep GC freed 36(1264B) AllocSpace objects, 0(0B) LOS objects, 22% free, 53MB/69MB, paused 660us total 28.862ms
08-03 19:34:41.310 22923 22934 I art     : Starting a blocking GC Explicit
08-03 19:34:41.340 22923 22934 I art     : Explicit concurrent mark sweep GC freed 3(96B) AllocSpace objects, 0(0B) LOS objects, 22% free, 53MB/69MB, paused 680us total 29.869ms
08-03 19:34:41.352 22923 22934 I art     : Starting a blocking GC Explicit
08-03 19:34:41.383 22923 22934 I art     : Explicit concurrent mark sweep GC freed 3(96B) AllocSpace objects, 0(0B) LOS objects, 22% free, 53MB/69MB, paused 736us total 31.433ms
08-03 19:34:41.395 22923 22934 I art     : Starting a blocking GC Explicit
08-03 19:34:41.427 22923 22934 I art     : Explicit concurrent mark sweep GC freed 3(96B) AllocSpace objects, 0(0B) LOS objects, 22% free, 53MB/69MB, paused 668us total 31.391ms
08-03 19:34:41.726 22923 22936 I art     : Starting a blocking GC Explicit
08-03 19:34:41.763 22923 22936 I art     : Explicit concurrent mark sweep GC freed 1345(78KB) AllocSpace objects, 1(20KB) LOS objects, 22% free, 53MB/69MB, paused 716us total 37.324ms
08-03 19:34:41.778 22923 22936 I art     : Starting a blocking GC Explicit
08-03 19:34:41.809 22923 22936 I art     : Explicit concurrent mark sweep GC freed 20(704B) AllocSpace objects, 0(0B) LOS objects, 22% free, 53MB/69MB, paused 747us total 30.489ms
08-03 19:34:41.820 22923 22936 I art     : Starting a blocking GC Explicit
08-03 19:34:41.855 22923 22936 I art     : Explicit concurrent mark sweep GC freed 3(96B) AllocSpace objects, 0(0B) LOS objects, 22% free, 53MB/69MB, paused 738us total 34.452ms
08-03 19:34:41.867 22923 22936 I art     : Starting a blocking GC Explicit
08-03 19:34:41.901 22923 22936 I art     : Explicit concurrent mark sweep GC freed 3(96B) AllocSpace objects, 0(0B) LOS objects, 22% free, 53MB/69MB, paused 696us total 33.635ms
08-03 19:34:41.913 22923 22936 I art     : Starting a blocking GC Explicit
08-03 19:34:41.947 22923 22936 I art     : Explicit concurrent mark sweep GC freed 3(96B) AllocSpace objects, 0(0B) LOS objects, 22% free, 53MB/69MB, paused 734us total 33.015ms
08-03 19:34:42.281 22923 22956 I art     : Starting a blocking GC Explicit
08-03 19:34:42.321 22923 22956 I art     : Explicit concurrent mark sweep GC freed 1344(78KB) AllocSpace objects, 1(20KB) LOS objects, 22% free, 53MB/69MB, paused 785us total 39.568ms
08-03 19:34:42.336 22923 22956 I art     : Starting a blocking GC Explicit
08-03 19:34:42.371 22923 22956 I art     : Explicit concurrent mark sweep GC freed 20(704B) AllocSpace objects, 0(0B) LOS objects, 22% free, 53MB/69MB, paused 713us total 34.386ms
08-03 19:34:42.383 22923 22956 I art     : Starting a blocking GC Explicit
08-03 19:34:42.415 22923 22956 I art     : Explicit concurrent mark sweep GC freed 3(96B) AllocSpace objects, 0(0B) LOS objects, 22% free, 53MB/69MB, paused 714us total 31.507ms
08-03 19:34:42.427 22923 22956 I art     : Starting a blocking GC Explicit
08-03 19:34:42.461 22923 22956 I art     : Explicit concurrent mark sweep GC freed 3(96B) AllocSpace objects, 0(0B) LOS objects, 22% free, 53MB/69MB, paused 719us total 34.579ms
08-03 19:34:42.474 22923 22956 I art     : Starting a blocking GC Explicit
08-03 19:34:42.508 22923 22956 I art     : Explicit concurrent mark sweep GC freed 3(96B) AllocSpace objects, 0(0B) LOS objects, 22% free, 53MB/69MB, paused 752us total 34.148ms
08-03 19:34:42.838 22923 23189 I art     : Starting a blocking GC Explicit
08-03 19:34:42.882 22923 23189 I art     : Explicit concurrent mark sweep GC freed 1344(78KB) AllocSpace objects, 1(20KB) LOS objects, 22% free, 53MB/69MB, paused 823us total 43.732ms
08-03 19:34:42.899 22923 23189 I art     : Starting a blocking GC Explicit
08-03 19:34:42.932 22923 23189 I art     : Explicit concurrent mark sweep GC freed 20(704B) AllocSpace objects, 0(0B) LOS objects, 22% free, 53MB/69MB, paused 715us total 31.899ms
08-03 19:34:42.944 22923 23189 I art     : Starting a blocking GC Explicit
08-03 19:34:42.978 22923 23189 I art     : Explicit concurrent mark sweep GC freed 3(96B) AllocSpace objects, 0(0B) LOS objects, 22% free, 53MB/69MB, paused 750us total 34.274ms
08-03 19:34:42.990 22923 23189 I art     : Starting a blocking GC Explicit
08-03 19:34:43.024 22923 23189 I art     : Explicit concurrent mark sweep GC freed 3(96B) AllocSpace objects, 0(0B) LOS objects, 22% free, 53MB/69MB, paused 722us total 33.363ms
08-03 19:34:43.036 22923 23189 I art     : Starting a blocking GC Explicit
08-03 19:34:43.070 22923 23189 I art     : Explicit concurrent mark sweep GC freed 3(96B) AllocSpace objects, 0(0B) LOS objects, 22% free, 53MB/69MB, paused 733us total 33.079ms
08-03 19:34:43.399 22923 24834 I art     : Starting a blocking GC Explicit
08-03 19:34:43.437 22923 24834 I art     : Explicit concurrent mark sweep GC freed 1344(78KB) AllocSpace objects, 1(20KB) LOS objects, 22% free, 53MB/69MB, paused 761us total 37.813ms
08-03 19:34:43.451 22923 24834 I art     : Starting a blocking GC Explicit
08-03 19:34:43.486 22923 24834 I art     : Explicit concurrent mark sweep GC freed 20(704B) AllocSpace objects, 0(0B) LOS objects, 22% free, 53MB/69MB, paused 678us total 34.493ms
08-03 19:34:43.500 22923 24834 I art     : Starting a blocking GC Explicit
08-03 19:34:43.535 22923 24834 I art     : Explicit concurrent mark sweep GC freed 3(96B) AllocSpace objects, 0(0B) LOS objects, 22% free, 53MB/69MB, paused 695us total 33.805ms
08-03 19:34:43.547 22923 24834 I art     : Starting a blocking GC Explicit
08-03 19:34:43.581 22923 24834 I art     : Explicit concurrent mark sweep GC freed 3(96B) AllocSpace objects, 0(0B) LOS objects, 22% free, 53MB/69MB, paused 740us total 34.352ms
08-03 19:34:43.593 22923 24834 I art     : Starting a blocking GC Explicit
08-03 19:34:43.627 22923 24834 I art     : Explicit concurrent mark sweep GC freed 3(96B) AllocSpace objects, 0(0B) LOS objects, 22% free, 53MB/69MB, paused 819us total 33.676ms
08-03 19:34:43.990 22923 22934 I art     : Starting a blocking GC Explicit
08-03 19:34:44.031 22923 22934 I art     : Explicit concurrent mark sweep GC freed 1344(78KB) AllocSpace objects, 1(20KB) LOS objects, 22% free, 53MB/69MB, paused 711us total 40.487ms
08-03 19:34:44.043 22923 22934 I art     : Starting a blocking GC Explicit
08-03 19:34:44.077 22923 22934 I art     : Explicit concurrent mark sweep GC freed 20(704B) AllocSpace objects, 0(0B) LOS objects, 22% free, 53MB/69MB, paused 788us total 34.253ms
08-03 19:34:44.090 22923 22934 I art     : Starting a blocking GC Explicit
08-03 19:34:44.123 22923 22934 I art     : Explicit concurrent mark sweep GC freed 7(224B) AllocSpace objects, 0(0B) LOS objects, 22% free, 53MB/69MB, paused 718us total 33.418ms
08-03 19:34:44.135 22923 22934 I art     : Starting a blocking GC Explicit
08-03 19:34:44.168 22923 22934 I art     : Explicit concurrent mark sweep GC freed 12(576B) AllocSpace objects, 0(0B) LOS objects, 22% free, 53MB/69MB, paused 726us total 32.096ms
08-03 19:34:44.180 22923 22934 I art     : Starting a blocking GC Explicit
08-03 19:34:44.214 22923 22934 I art     : Explicit concurrent mark sweep GC freed 17(528B) AllocSpace objects, 0(0B) LOS objects, 22% free, 53MB/69MB, paused 659us total 33.924ms
08-03 19:34:44.551 22923 22936 I art     : Starting a blocking GC Explicit
08-03 19:34:44.582 22923 22936 I art     : Explicit concurrent mark sweep GC freed 1344(78KB) AllocSpace objects, 1(20KB) LOS objects, 22% free, 53MB/69MB, paused 719us total 31.202ms
08-03 19:34:44.594 22923 22936 I art     : Starting a blocking GC Explicit
08-03 19:34:44.624 22923 22936 I art     : Explicit concurrent mark sweep GC freed 20(704B) AllocSpace objects, 0(0B) LOS objects, 22% free, 53MB/69MB, paused 706us total 30.006ms
08-03 19:34:44.636 22923 22936 I art     : Starting a blocking GC Explicit
08-03 19:34:44.666 22923 22936 I art     : Explicit concurrent mark sweep GC freed 3(96B) AllocSpace objects, 0(0B) LOS objects, 22% free, 53MB/69MB, paused 714us total 29.834ms
08-03 19:34:44.678 22923 22936 I art     : Starting a blocking GC Explicit
08-03 19:34:44.710 22923 22936 I art     : Explicit concurrent mark sweep GC freed 3(96B) AllocSpace objects, 0(0B) LOS objects, 22% free, 53MB/69MB, paused 723us total 32.056ms
08-03 19:34:44.722 22923 22936 I art     : Starting a blocking GC Explicit
08-03 19:34:44.754 22923 22936 I art     : Explicit concurrent mark sweep GC freed 3(96B) AllocSpace objects, 0(0B) LOS objects, 22% free, 53MB/69MB, paused 698us total 32.003ms
08-03 19:34:45.082 22923 22956 I art     : Starting a blocking GC Explicit
08-03 19:34:45.108 26433 26433 D AndroidRuntime: >>>>>> START com.android.internal.os.RuntimeInit uid 2000 <<<<<<
08-03 19:34:45.114 26433 26433 D AndroidRuntime: CheckJNI is OFF
08-03 19:34:45.116 22923 22956 I art     : Explicit concurrent mark sweep GC freed 1344(78KB) AllocSpace objects, 1(20KB) LOS objects, 22% free, 53MB/69MB, paused 740us total 33.745ms
08-03 19:34:45.128 22923 22956 I art     : Starting a blocking GC Explicit
08-03 19:34:45.157 22923 22956 I art     : Explicit concurrent mark sweep GC freed 20(704B) AllocSpace objects, 0(0B) LOS objects, 22% free, 53MB/69MB, paused 759us total 28.787ms
08-03 19:34:45.158 26433 26433 D ICU     : No timezone override file found: /data/misc/zoneinfo/current/icu/icu_tzdata.dat
08-03 19:34:45.169 22923 22956 I art     : Starting a blocking GC Explicit
08-03 19:34:45.200 22923 22956 I art     : Explicit concurrent mark sweep GC freed 3(96B) AllocSpace objects, 0(0B) LOS objects, 22% free, 53MB/69MB, paused 787us total 31.103ms
08-03 19:34:45.201 26433 26433 I Radio-JNI: register_android_hardware_Radio DONE
08-03 19:34:45.212 22923 22956 I art     : Starting a blocking GC Explicit
08-03 19:34:45.231 26433 26433 D AndroidRuntime: Calling main entry com.android.commands.input.Input
08-03 19:34:45.233 26433 26433 I Input   : injectKeyEvent: KeyEvent { action=ACTION_DOWN, keyCode=KEYCODE_BACK, scanCode=0, metaState=0, flags=0x0, repeatCount=0, eventTime=646501646, downTime=646501646, deviceId=-1, source=0x101 }
08-03 19:34:45.240 26433 26433 I Input   : injectKeyEvent: KeyEvent { action=ACTION_UP, keyCode=KEYCODE_BACK, scanCode=0, metaState=0, flags=0x0, repeatCount=0, eventTime=646501646, downTime=646501646, deviceId=-1, source=0x101 }
08-03 19:34:45.242 22923 22956 I art     : Explicit concurrent mark sweep GC freed 3(96B) AllocSpace objects, 0(0B) LOS objects, 22% free, 53MB/69MB, paused 820us total 29.973ms
08-03 19:34:45.249 26433 26433 D AndroidRuntime: Shutting down VM
08-03 19:34:45.254 22923 22956 I art     : Starting a blocking GC Explicit
08-03 19:34:45.280 22923 22956 I art     : Explicit concurrent mark sweep GC freed 148(6KB) AllocSpace objects, 0(0B) LOS objects, 22% free, 53MB/69MB, paused 645us total 26.416ms
08-03 19:34:45.287 13866 13866 I GoogleInputMethodServic: GoogleInputMethodService.onFinishInput():3138 
08-03 19:34:45.288 13866 13866 I GoogleInputMethodServic: GoogleInputMethodService.onStartInput():1808 
08-03 19:34:45.580 22923 23189 I art     : Starting a blocking GC Explicit
08-03 19:34:45.597   380   380 W SurfaceFlinger: couldn't log to binary event log: overflow.
08-03 19:34:45.612 22923 23189 I art     : Explicit concurrent mark sweep GC freed 1472(87KB) AllocSpace objects, 1(20KB) LOS objects, 22% free, 53MB/69MB, paused 700us total 31.022ms
08-03 19:34:45.624 22923 23189 I art     : Starting a blocking GC Explicit
08-03 19:34:45.652 22923 23189 I art     : Explicit concurrent mark sweep GC freed 44(1760B) AllocSpace objects, 0(0B) LOS objects, 22% free, 53MB/69MB, paused 676us total 28.405ms
08-03 19:34:45.664 22923 23189 I art     : Starting a blocking GC Explicit
08-03 19:34:45.694 22923 23189 I art     : Explicit concurrent mark sweep GC freed 1653(108KB) AllocSpace objects, 3(180KB) LOS objects, 22% free, 53MB/69MB, paused 692us total 29.695ms
08-03 19:34:45.705 22923 23189 I art     : Starting a blocking GC Explicit
08-03 19:34:45.735 22923 23189 I art     : Explicit concurrent mark sweep GC freed 3(96B) AllocSpace objects, 0(0B) LOS objects, 22% free, 53MB/69MB, paused 692us total 29.938ms
08-03 19:34:45.747 22923 23189 I art     : Starting a blocking GC Explicit
08-03 19:34:45.778 22923 23189 I art     : Explicit concurrent mark sweep GC freed 3(96B) AllocSpace objects, 0(0B) LOS objects, 22% free, 53MB/69MB, paused 793us total 30.746ms
08-03 19:34:46.085 22923 22934 I art     : Starting a blocking GC Explicit
08-03 19:34:46.126 22923 22934 I art     : Explicit concurrent mark sweep GC freed 1344(78KB) AllocSpace objects, 1(20KB) LOS objects, 22% free, 53MB/69MB, paused 844us total 40.354ms
08-03 19:34:46.140 22923 22934 I art     : Starting a blocking GC Explicit
08-03 19:34:46.170 22923 22934 I art     : Explicit concurrent mark sweep GC freed 20(704B) AllocSpace objects, 0(0B) LOS objects, 22% free, 53MB/69MB, paused 688us total 29.510ms
08-03 19:34:46.181 22923 22934 I art     : Starting a blocking GC Explicit
08-03 19:34:46.212 22923 22934 I art     : Explicit concurrent mark sweep GC freed 3(96B) AllocSpace objects, 0(0B) LOS objects, 22% free, 53MB/69MB, paused 637us total 29.924ms
08-03 19:34:46.224 22923 22934 I art     : Starting a blocking GC Explicit
08-03 19:34:46.252 22923 22934 I art     : Explicit concurrent mark sweep GC freed 3(96B) AllocSpace objects, 0(0B) LOS objects, 22% free, 53MB/69MB, paused 682us total 28.177ms
08-03 19:34:46.263 22923 22934 I art     : Starting a blocking GC Explicit
08-03 19:34:46.292 22923 22934 I art     : Explicit concurrent mark sweep GC freed 3(96B) AllocSpace objects, 0(0B) LOS objects, 22% free, 53MB/69MB, paused 677us total 28.757ms
08-03 19:34:46.602 22923 22936 I art     : Starting a blocking GC Explicit
08-03 19:34:46.636 22923 22936 I art     : Explicit concurrent mark sweep GC freed 1344(78KB) AllocSpace objects, 1(20KB) LOS objects, 22% free, 53MB/69MB, paused 758us total 33.405ms
08-03 19:34:46.650 22923 22936 I art     : Starting a blocking GC Explicit
08-03 19:34:46.679 22923 22936 I art     : Explicit concurrent mark sweep GC freed 20(704B) AllocSpace objects, 0(0B) LOS objects, 22% free, 53MB/69MB, paused 709us total 29.153ms
08-03 19:34:46.690 22923 22936 I art     : Starting a blocking GC Explicit
08-03 19:34:46.719 22923 22936 I art     : Explicit concurrent mark sweep GC freed 3(96B) AllocSpace objects, 0(0B) LOS objects, 22% free, 53MB/69MB, paused 694us total 28.575ms
08-03 19:34:46.731 22923 22936 I art     : Starting a blocking GC Explicit
08-03 19:34:46.760 22923 22936 I art     : Explicit concurrent mark sweep GC freed 3(96B) AllocSpace objects, 0(0B) LOS objects, 22% free, 53MB/69MB, paused 706us total 29.227ms
08-03 19:34:46.771 22923 22936 I art     : Starting a blocking GC Explicit
08-03 19:34:46.801 22923 22936 I art     : Explicit concurrent mark sweep GC freed 3(96B) AllocSpace objects, 0(0B) LOS objects, 22% free, 53MB/69MB, paused 730us total 29.574ms
08-03 19:34:46.801 22923 22933 I art     : WaitForGcToComplete blocked for 29.856ms for cause HeapTrim
08-03 19:34:47.015 22816 22816 I Atfwd_Sendcmd: AtCmdFwd service not ready - Exhausted retry attempts - :6
08-03 19:34:47.015 22816 22816 I Atfwd_Daemon: result : -1 	 ,Init step :2 	 ,qmiErrorCode: 0
08-03 19:34:47.040 26482 26482 D AndroidRuntime: >>>>>> START com.android.internal.os.RuntimeInit uid 2000 <<<<<<
08-03 19:34:47.046 26482 26482 D AndroidRuntime: CheckJNI is OFF
08-03 19:34:47.090 26482 26482 D ICU     : No timezone override file found: /data/misc/zoneinfo/current/icu/icu_tzdata.dat
08-03 19:34:47.111 22923 22956 I art     : Starting a blocking GC Explicit
08-03 19:34:47.133 26482 26482 I Radio-JNI: register_android_hardware_Radio DONE
08-03 19:34:47.142 22923 22956 I art     : Explicit concurrent mark sweep GC freed 1344(78KB) AllocSpace objects, 1(20KB) LOS objects, 22% free, 53MB/69MB, paused 826us total 31.264ms
08-03 19:34:47.155 22923 22956 I art     : Starting a blocking GC Explicit
08-03 19:34:47.164 26482 26482 D AndroidRuntime: Calling main entry com.android.commands.input.Input
08-03 19:34:47.166 26482 26482 I Input   : injectMotionEvent: MotionEvent { action=ACTION_DOWN, actionButton=0, id[0]=0, x[0]=255.0, y[0]=1845.0, toolType[0]=TOOL_TYPE_UNKNOWN, buttonState=0, metaState=0, flags=0x0, edgeFlags=0x0, pointerCount=1, historySize=0, eventTime=646503578, downTime=646503578, deviceId=0, source=0x1002 }
08-03 19:34:47.172 26482 26482 I Input   : injectMotionEvent: MotionEvent { action=ACTION_UP, actionButton=0, id[0]=0, x[0]=255.0, y[0]=1845.0, toolType[0]=TOOL_TYPE_UNKNOWN, buttonState=0, metaState=0, flags=0x0, edgeFlags=0x0, pointerCount=1, historySize=0, eventTime=646503578, downTime=646503578, deviceId=0, source=0x1002 }
08-03 19:34:47.173   918  3696 I ActivityManager: START u0 {cmp=baseline.appteam.nith.hillffair/.activities.ClubActivity (has extras)} from uid 10624 on display 0
08-03 19:34:47.181 26482 26482 D AndroidRuntime: Shutting down VM
08-03 19:34:47.183 22923 22956 I art     : Explicit concurrent mark sweep GC freed 45(1504B) AllocSpace objects, 0(0B) LOS objects, 22% free, 53MB/69MB, paused 706us total 28.611ms
08-03 19:34:47.195 22923 22956 I art     : Starting a blocking GC Explicit
08-03 19:34:47.227 22923 22956 I art     : Explicit concurrent mark sweep GC freed 3405(226KB) AllocSpace objects, 0(0B) LOS objects, 22% free, 53MB/69MB, paused 1.194ms total 31.421ms
08-03 19:34:47.238 22923 22956 I art     : Starting a blocking GC Explicit
08-03 19:34:47.266 22923 22956 I art     : Explicit concurrent mark sweep GC freed 446(68KB) AllocSpace objects, 0(0B) LOS objects, 22% free, 53MB/69MB, paused 666us total 27.296ms
08-03 19:34:47.277 22923 22956 I art     : Starting a blocking GC Explicit
08-03 19:34:47.284 22923 22923 I NAPPA_EXPERIMENTATION: MetricNetworkRequestExecutionTime: REQUEST_DURATION_SYSTEM='69',REQUEST_DURATION_OKHTTP='41',REQUEST_SYNCHRONOUS='FALSE',RESPONSE_CODE='200',RESPONSE_METHOD='GET',RESPONSE_LENGTH_OKHTTP='1171',RESPONSE_LENGTH_HEADER='-2',REQUEST_PROTOCOL='http/1.1',REQUEST_URL='https://api-hillfair-2k16.herokuapp.com/api/app/club/Technical%20Committee',
08-03 19:34:47.290 13866 13866 I GoogleInputMethodServic: GoogleInputMethodService.onFinishInput():3138 
08-03 19:34:47.290 13866 13866 I GoogleInputMethodServic: GoogleInputMethodService.onStartInput():1808 
08-03 19:34:47.291   918   936 I ActivityManager: Displayed baseline.appteam.nith.hillffair/.activities.ClubActivity: +107ms
08-03 19:34:47.307 22923 22956 I art     : Explicit concurrent mark sweep GC freed 732(51KB) AllocSpace objects, 0(0B) LOS objects, 22% free, 53MB/69MB, paused 827us total 30.351ms
08-03 19:34:47.564   380   380 W SurfaceFlinger: couldn't log to binary event log: overflow.
08-03 19:34:47.620 22923 24834 I art     : Starting a blocking GC Explicit
08-03 19:34:47.648 22923 24834 I art     : Explicit concurrent mark sweep GC freed 1415(80KB) AllocSpace objects, 1(20KB) LOS objects, 22% free, 53MB/69MB, paused 739us total 27.676ms
08-03 19:34:47.660 22923 24834 I art     : Starting a blocking GC Explicit
08-03 19:34:47.692 22923 24834 I art     : Explicit concurrent mark sweep GC freed 121(6KB) AllocSpace objects, 0(0B) LOS objects, 22% free, 53MB/69MB, paused 747us total 32.430ms
08-03 19:34:47.704 22923 24834 I art     : Starting a blocking GC Explicit
08-03 19:34:47.733 22923 24834 I art     : Explicit concurrent mark sweep GC freed 4(128B) AllocSpace objects, 0(0B) LOS objects, 22% free, 53MB/69MB, paused 725us total 28.995ms
08-03 19:34:47.744 22923 24834 I art     : Starting a blocking GC Explicit
08-03 19:34:47.774 22923 24834 I art     : Explicit concurrent mark sweep GC freed 19(656B) AllocSpace objects, 0(0B) LOS objects, 22% free, 53MB/69MB, paused 721us total 29.182ms
08-03 19:34:47.785 22923 24834 I art     : Starting a blocking GC Explicit
08-03 19:34:47.816 22923 24834 I art     : Explicit concurrent mark sweep GC freed 3(96B) AllocSpace objects, 0(0B) LOS objects, 22% free, 53MB/69MB, paused 709us total 30.872ms
08-03 19:34:48.123 22923 22934 I art     : Starting a blocking GC Explicit
08-03 19:34:48.168 22923 22934 I art     : Explicit concurrent mark sweep GC freed 1344(78KB) AllocSpace objects, 1(20KB) LOS objects, 22% free, 53MB/69MB, paused 827us total 44.721ms
08-03 19:34:48.185 22923 22934 I art     : Starting a blocking GC Explicit
08-03 19:34:48.217 22923 22934 I art     : Explicit concurrent mark sweep GC freed 20(704B) AllocSpace objects, 0(0B) LOS objects, 22% free, 53MB/69MB, paused 786us total 32.221ms
08-03 19:34:48.229 22923 22934 I art     : Starting a blocking GC Explicit
08-03 19:34:48.260 22923 22934 I art     : Explicit concurrent mark sweep GC freed 3(96B) AllocSpace objects, 0(0B) LOS objects, 22% free, 53MB/69MB, paused 716us total 30.958ms
08-03 19:34:48.272 22923 22934 I art     : Starting a blocking GC Explicit
08-03 19:34:48.303 22923 22934 I art     : Explicit concurrent mark sweep GC freed 3(96B) AllocSpace objects, 0(0B) LOS objects, 22% free, 53MB/69MB, paused 713us total 31.325ms
08-03 19:34:48.315 22923 22934 I art     : Starting a blocking GC Explicit
08-03 19:34:48.347 22923 22934 I art     : Explicit concurrent mark sweep GC freed 3(96B) AllocSpace objects, 0(0B) LOS objects, 22% free, 53MB/69MB, paused 856us total 31.460ms
08-03 19:34:48.668 22923 22936 I art     : Starting a blocking GC Explicit
08-03 19:34:48.706 22923 22936 I art     : Explicit concurrent mark sweep GC freed 1344(78KB) AllocSpace objects, 1(20KB) LOS objects, 22% free, 53MB/69MB, paused 756us total 37.774ms
08-03 19:34:48.721 22923 22936 I art     : Starting a blocking GC Explicit
08-03 19:34:48.755 22923 22936 I art     : Explicit concurrent mark sweep GC freed 20(704B) AllocSpace objects, 0(0B) LOS objects, 22% free, 53MB/69MB, paused 709us total 33.414ms
08-03 19:34:48.767 22923 22936 I art     : Starting a blocking GC Explicit
08-03 19:34:48.802 22923 22936 I art     : Explicit concurrent mark sweep GC freed 3(96B) AllocSpace objects, 0(0B) LOS objects, 22% free, 53MB/69MB, paused 731us total 34.588ms
08-03 19:34:48.814 22923 22936 I art     : Starting a blocking GC Explicit
08-03 19:34:48.848 22923 22936 I art     : Explicit concurrent mark sweep GC freed 3(96B) AllocSpace objects, 0(0B) LOS objects, 22% free, 53MB/69MB, paused 795us total 34.053ms
08-03 19:34:48.860 22923 22936 I art     : Starting a blocking GC Explicit
08-03 19:34:48.893 22923 22936 I art     : Explicit concurrent mark sweep GC freed 3(96B) AllocSpace objects, 0(0B) LOS objects, 22% free, 53MB/69MB, paused 740us total 32.588ms
08-03 19:34:49.241 22923 23189 I art     : Starting a blocking GC Explicit
08-03 19:34:49.277 22923 23189 I art     : Explicit concurrent mark sweep GC freed 1344(78KB) AllocSpace objects, 1(20KB) LOS objects, 22% free, 53MB/69MB, paused 726us total 35.639ms
08-03 19:34:49.289 22923 23189 I art     : Starting a blocking GC Explicit
08-03 19:34:49.323 22923 23189 I art     : Explicit concurrent mark sweep GC freed 20(704B) AllocSpace objects, 0(0B) LOS objects, 22% free, 53MB/69MB, paused 747us total 34.236ms
08-03 19:34:49.335 22923 23189 I art     : Starting a blocking GC Explicit
08-03 19:34:49.369 22923 23189 I art     : Explicit concurrent mark sweep GC freed 3(96B) AllocSpace objects, 0(0B) LOS objects, 22% free, 53MB/69MB, paused 688us total 33.475ms
08-03 19:34:49.381 22923 23189 I art     : Starting a blocking GC Explicit
08-03 19:34:49.415 22923 23189 I art     : Explicit concurrent mark sweep GC freed 3(96B) AllocSpace objects, 0(0B) LOS objects, 22% free, 53MB/69MB, paused 739us total 33.998ms
08-03 19:34:49.428 22923 23189 I art     : Starting a blocking GC Explicit
08-03 19:34:49.462 22923 23189 I art     : Explicit concurrent mark sweep GC freed 3(96B) AllocSpace objects, 0(0B) LOS objects, 22% free, 53MB/69MB, paused 750us total 33.828ms
08-03 19:34:49.813 22923 22956 I art     : Starting a blocking GC Explicit
08-03 19:34:49.855 22923 22956 I art     : Explicit concurrent mark sweep GC freed 1344(78KB) AllocSpace objects, 1(20KB) LOS objects, 22% free, 53MB/69MB, paused 792us total 42.226ms
08-03 19:34:49.871 22923 22956 I art     : Starting a blocking GC Explicit
08-03 19:34:49.904 22923 22956 I art     : Explicit concurrent mark sweep GC freed 20(704B) AllocSpace objects, 0(0B) LOS objects, 22% free, 53MB/69MB, paused 743us total 32.872ms
08-03 19:34:49.916 22923 22956 I art     : Starting a blocking GC Explicit
08-03 19:34:49.951 22923 22956 I art     : Explicit concurrent mark sweep GC freed 3(96B) AllocSpace objects, 0(0B) LOS objects, 22% free, 53MB/69MB, paused 748us total 34.140ms
08-03 19:34:49.963 22923 22956 I art     : Starting a blocking GC Explicit
08-03 19:34:49.997 22923 22956 I art     : Explicit concurrent mark sweep GC freed 3(96B) AllocSpace objects, 0(0B) LOS objects, 22% free, 53MB/69MB, paused 814us total 33.583ms
08-03 19:34:50.009 22923 22956 I art     : Starting a blocking GC Explicit
08-03 19:34:50.041 22923 22956 I art     : Explicit concurrent mark sweep GC freed 3(96B) AllocSpace objects, 0(0B) LOS objects, 22% free, 53MB/69MB, paused 732us total 32.635ms
08-03 19:34:50.219   918  3261 D WifiStateMachine: starting scan for "H369AA63323"WPA_PSK with 2412,5180
08-03 19:34:50.378 22923 24834 I art     : Starting a blocking GC Explicit
08-03 19:34:50.416 22923 24834 I art     : Explicit concurrent mark sweep GC freed 1344(78KB) AllocSpace objects, 1(20KB) LOS objects, 22% free, 53MB/69MB, paused 754us total 37.508ms
08-03 19:34:50.431 22923 24834 I art     : Starting a blocking GC Explicit
08-03 19:34:50.469 22923 24834 I art     : Explicit concurrent mark sweep GC freed 20(704B) AllocSpace objects, 0(0B) LOS objects, 22% free, 53MB/69MB, paused 717us total 38.170ms
08-03 19:34:50.484 22923 24834 I art     : Starting a blocking GC Explicit
08-03 19:34:50.518 22923 24834 I art     : Explicit concurrent mark sweep GC freed 3(96B) AllocSpace objects, 0(0B) LOS objects, 22% free, 53MB/69MB, paused 721us total 33.806ms
08-03 19:34:50.530 22923 24834 I art     : Starting a blocking GC Explicit
08-03 19:34:50.565 22923 24834 I art     : Explicit concurrent mark sweep GC freed 3(96B) AllocSpace objects, 0(0B) LOS objects, 22% free, 53MB/69MB, paused 728us total 34.404ms
08-03 19:34:50.577 22923 24834 I art     : Starting a blocking GC Explicit
08-03 19:34:50.612 22923 24834 I art     : Explicit concurrent mark sweep GC freed 3(96B) AllocSpace objects, 0(0B) LOS objects, 22% free, 53MB/69MB, paused 744us total 34.324ms
08-03 19:34:50.962 22923 22934 I art     : Starting a blocking GC Explicit
08-03 19:34:51.004 22923 22934 I art     : Explicit concurrent mark sweep GC freed 1344(78KB) AllocSpace objects, 1(20KB) LOS objects, 22% free, 53MB/69MB, paused 844us total 41.097ms
08-03 19:34:51.018 22923 22934 I art     : Starting a blocking GC Explicit
08-03 19:34:51.052 22923 22934 I art     : Explicit concurrent mark sweep GC freed 20(704B) AllocSpace objects, 0(0B) LOS objects, 22% free, 53MB/69MB, paused 733us total 33.554ms
08-03 19:34:51.064 22923 22934 I art     : Starting a blocking GC Explicit
08-03 19:34:51.098 22923 22934 I art     : Explicit concurrent mark sweep GC freed 3(96B) AllocSpace objects, 0(0B) LOS objects, 22% free, 53MB/69MB, paused 752us total 34.128ms
08-03 19:34:51.111 22923 22934 I art     : Starting a blocking GC Explicit
08-03 19:34:51.143 22923 22934 I art     : Explicit concurrent mark sweep GC freed 3(96B) AllocSpace objects, 0(0B) LOS objects, 22% free, 53MB/69MB, paused 725us total 32.370ms
08-03 19:34:51.155 22923 22934 I art     : Starting a blocking GC Explicit
08-03 19:34:51.190 22923 22934 I art     : Explicit concurrent mark sweep GC freed 3(96B) AllocSpace objects, 0(0B) LOS objects, 22% free, 53MB/69MB, paused 741us total 34.253ms
08-03 19:34:51.511 22923 22956 I art     : Starting a blocking GC Explicit
08-03 19:34:51.543 22923 22956 I art     : Explicit concurrent mark sweep GC freed 1344(78KB) AllocSpace objects, 1(20KB) LOS objects, 22% free, 53MB/69MB, paused 784us total 31.866ms
08-03 19:34:51.559 22923 22956 I art     : Starting a blocking GC Explicit
08-03 19:34:51.589 22923 22956 I art     : Explicit concurrent mark sweep GC freed 26(928B) AllocSpace objects, 0(0B) LOS objects, 22% free, 53MB/69MB, paused 717us total 30.081ms
08-03 19:34:51.601 22923 22956 I art     : Starting a blocking GC Explicit
08-03 19:34:51.634 22923 22956 I art     : Explicit concurrent mark sweep GC freed 3(96B) AllocSpace objects, 0(0B) LOS objects, 22% free, 53MB/69MB, paused 727us total 32.797ms
08-03 19:34:51.645 22923 22956 I art     : Starting a blocking GC Explicit
08-03 19:34:51.678 22923 22956 I art     : Explicit concurrent mark sweep GC freed 3(96B) AllocSpace objects, 0(0B) LOS objects, 22% free, 53MB/69MB, paused 818us total 32.686ms
08-03 19:34:51.690 22923 22956 I art     : Starting a blocking GC Explicit
08-03 19:34:51.722 22923 22956 I art     : Explicit concurrent mark sweep GC freed 3(96B) AllocSpace objects, 0(0B) LOS objects, 22% free, 53MB/69MB, paused 727us total 31.365ms
08-03 19:34:51.962 26589 26589 D AndroidRuntime: >>>>>> START com.android.internal.os.RuntimeInit uid 2000 <<<<<<
08-03 19:34:51.968 26589 26589 D AndroidRuntime: CheckJNI is OFF
08-03 19:34:52.012 26589 26589 D ICU     : No timezone override file found: /data/misc/zoneinfo/current/icu/icu_tzdata.dat
08-03 19:34:52.043 22923 24834 I art     : Starting a blocking GC Explicit
08-03 19:34:52.054 26589 26589 I Radio-JNI: register_android_hardware_Radio DONE
08-03 19:34:52.075 22923 24834 I art     : Explicit concurrent mark sweep GC freed 1344(78KB) AllocSpace objects, 1(20KB) LOS objects, 22% free, 53MB/69MB, paused 728us total 31.234ms
08-03 19:34:52.085 26589 26589 D AndroidRuntime: Calling main entry com.android.commands.input.Input
08-03 19:34:52.086 22923 24834 I art     : Starting a blocking GC Explicit
08-03 19:34:52.087 26589 26589 I Input   : injectKeyEvent: KeyEvent { action=ACTION_DOWN, keyCode=KEYCODE_BACK, scanCode=0, metaState=0, flags=0x0, repeatCount=0, eventTime=646508500, downTime=646508500, deviceId=-1, source=0x101 }
08-03 19:34:52.095 26589 26589 I Input   : injectKeyEvent: KeyEvent { action=ACTION_UP, keyCode=KEYCODE_BACK, scanCode=0, metaState=0, flags=0x0, repeatCount=0, eventTime=646508500, downTime=646508500, deviceId=-1, source=0x101 }
08-03 19:34:52.102 26589 26589 D AndroidRuntime: Shutting down VM
08-03 19:34:52.116 22923 24834 I art     : Explicit concurrent mark sweep GC freed 44(1472B) AllocSpace objects, 0(0B) LOS objects, 22% free, 53MB/69MB, paused 1.012ms total 29.321ms
08-03 19:34:52.128 22923 24834 I art     : Starting a blocking GC Explicit
08-03 19:34:52.144 13866 13866 I GoogleInputMethodServic: GoogleInputMethodService.onFinishInput():3138 
08-03 19:34:52.144 13866 13866 I GoogleInputMethodServic: GoogleInputMethodService.onStartInput():1808 
08-03 19:34:52.157 22923 24834 I art     : Explicit concurrent mark sweep GC freed 128(5KB) AllocSpace objects, 0(0B) LOS objects, 22% free, 53MB/69MB, paused 898us total 28.093ms
08-03 19:34:52.157 22923 22933 I art     : WaitForGcToComplete blocked for 14.104ms for cause HeapTrim
08-03 19:34:52.167 22923 24834 I art     : Starting a blocking GC Explicit
08-03 19:34:52.195 22923 24834 I art     : Explicit concurrent mark sweep GC freed 39(1280B) AllocSpace objects, 0(0B) LOS objects, 22% free, 53MB/69MB, paused 648us total 27.855ms
08-03 19:34:52.208 22923 24834 I art     : Starting a blocking GC Explicit
08-03 19:34:52.234 22923 24834 I art     : Explicit concurrent mark sweep GC freed 6(224B) AllocSpace objects, 0(0B) LOS objects, 22% free, 53MB/69MB, paused 671us total 25.804ms
08-03 19:34:52.453   380   380 W SurfaceFlinger: couldn't log to binary event log: overflow.
08-03 19:34:52.514 22923 22934 I art     : Starting a blocking GC Explicit
08-03 19:34:52.546 22923 22934 I art     : Explicit concurrent mark sweep GC freed 1453(86KB) AllocSpace objects, 1(20KB) LOS objects, 22% free, 53MB/69MB, paused 711us total 31.169ms
08-03 19:34:52.558 22923 22934 I art     : Starting a blocking GC Explicit
08-03 19:34:52.589 22923 22934 I art     : Explicit concurrent mark sweep GC freed 1671(108KB) AllocSpace objects, 3(180KB) LOS objects, 22% free, 53MB/69MB, paused 736us total 30.533ms
08-03 19:34:52.600 22923 22934 I art     : Starting a blocking GC Explicit
08-03 19:34:52.630 22923 22934 I art     : Explicit concurrent mark sweep GC freed 3(96B) AllocSpace objects, 0(0B) LOS objects, 22% free, 53MB/69MB, paused 719us total 30.326ms
08-03 19:34:52.642 22923 22934 I art     : Starting a blocking GC Explicit
08-03 19:34:52.673 22923 22934 I art     : Explicit concurrent mark sweep GC freed 3(96B) AllocSpace objects, 0(0B) LOS objects, 22% free, 53MB/69MB, paused 705us total 30.307ms
08-03 19:34:52.684 22923 22934 I art     : Starting a blocking GC Explicit
08-03 19:34:52.715 22923 22934 I art     : Explicit concurrent mark sweep GC freed 3(96B) AllocSpace objects, 0(0B) LOS objects, 22% free, 53MB/69MB, paused 722us total 30.515ms
08-03 19:34:53.024 22923 23189 I art     : Starting a blocking GC Explicit
08-03 19:34:53.064 22923 23189 I art     : Explicit concurrent mark sweep GC freed 1344(78KB) AllocSpace objects, 1(20KB) LOS objects, 22% free, 53MB/69MB, paused 803us total 39.819ms
08-03 19:34:53.080 22923 23189 I art     : Starting a blocking GC Explicit
08-03 19:34:53.113 22923 23189 I art     : Explicit concurrent mark sweep GC freed 20(704B) AllocSpace objects, 0(0B) LOS objects, 22% free, 53MB/69MB, paused 712us total 32.069ms
08-03 19:34:53.124 22923 23189 I art     : Starting a blocking GC Explicit
08-03 19:34:53.153 22923 23189 I art     : Explicit concurrent mark sweep GC freed 3(96B) AllocSpace objects, 0(0B) LOS objects, 22% free, 53MB/69MB, paused 691us total 28.911ms
08-03 19:34:53.165 22923 23189 I art     : Starting a blocking GC Explicit
08-03 19:34:53.195 22923 23189 I art     : Explicit concurrent mark sweep GC freed 3(96B) AllocSpace objects, 0(0B) LOS objects, 22% free, 53MB/69MB, paused 701us total 30.167ms
08-03 19:34:53.207 22923 23189 I art     : Starting a blocking GC Explicit
08-03 19:34:53.238 22923 23189 I art     : Explicit concurrent mark sweep GC freed 3(96B) AllocSpace objects, 0(0B) LOS objects, 22% free, 53MB/69MB, paused 742us total 30.449ms
08-03 19:34:53.519 22923 24834 I art     : Starting a blocking GC Explicit
08-03 19:34:53.554 22923 24834 I art     : Explicit concurrent mark sweep GC freed 1344(78KB) AllocSpace objects, 1(20KB) LOS objects, 22% free, 53MB/69MB, paused 747us total 34.647ms
08-03 19:34:53.569 22923 24834 I art     : Starting a blocking GC Explicit
08-03 19:34:53.599 22923 24834 I art     : Explicit concurrent mark sweep GC freed 20(704B) AllocSpace objects, 0(0B) LOS objects, 22% free, 53MB/69MB, paused 734us total 29.731ms
08-03 19:34:53.611 22923 24834 I art     : Starting a blocking GC Explicit
08-03 19:34:53.640 22923 24834 I art     : Explicit concurrent mark sweep GC freed 3(96B) AllocSpace objects, 0(0B) LOS objects, 22% free, 53MB/69MB, paused 732us total 29.570ms
08-03 19:34:53.652 22923 24834 I art     : Starting a blocking GC Explicit
08-03 19:34:53.681 22923 24834 I art     : Explicit concurrent mark sweep GC freed 3(96B) AllocSpace objects, 0(0B) LOS objects, 22% free, 53MB/69MB, paused 705us total 28.756ms
08-03 19:34:53.692 22923 24834 I art     : Starting a blocking GC Explicit
08-03 19:34:53.722 22923 24834 I art     : Explicit concurrent mark sweep GC freed 3(96B) AllocSpace objects, 0(0B) LOS objects, 22% free, 53MB/69MB, paused 723us total 28.979ms
08-03 19:34:53.896 26634 26634 D AndroidRuntime: >>>>>> START com.android.internal.os.RuntimeInit uid 2000 <<<<<<
08-03 19:34:53.903 26634 26634 D AndroidRuntime: CheckJNI is OFF
08-03 19:34:53.945 26634 26634 D ICU     : No timezone override file found: /data/misc/zoneinfo/current/icu/icu_tzdata.dat
08-03 19:34:53.986 26634 26634 I Radio-JNI: register_android_hardware_Radio DONE
08-03 19:34:54.015 26634 26634 D AndroidRuntime: Calling main entry com.android.commands.input.Input
08-03 19:34:54.018 26634 26634 I Input   : injectMotionEvent: MotionEvent { action=ACTION_DOWN, actionButton=0, id[0]=0, x[0]=369.0, y[0]=554.0, toolType[0]=TOOL_TYPE_UNKNOWN, buttonState=0, metaState=0, flags=0x0, edgeFlags=0x0, pointerCount=1, historySize=0, eventTime=646510430, downTime=646510430, deviceId=0, source=0x1002 }
08-03 19:34:54.024 26634 26634 I Input   : injectMotionEvent: MotionEvent { action=ACTION_UP, actionButton=0, id[0]=0, x[0]=369.0, y[0]=554.0, toolType[0]=TOOL_TYPE_UNKNOWN, buttonState=0, metaState=0, flags=0x0, edgeFlags=0x0, pointerCount=1, historySize=0, eventTime=646510430, downTime=646510430, deviceId=0, source=0x1002 }
08-03 19:34:54.026   918   929 I ActivityManager: START u0 {cmp=baseline.appteam.nith.hillffair/.activities.ClubActivity (has extras)} from uid 10624 on display 0
08-03 19:34:54.033 26634 26634 D AndroidRuntime: Shutting down VM
08-03 19:34:54.043 22923 23189 I art     : Starting a blocking GC Explicit
08-03 19:34:54.073 22923 23189 I art     : Explicit concurrent mark sweep GC freed 4550(279KB) AllocSpace objects, 1(20KB) LOS objects, 22% free, 53MB/69MB, paused 1.071ms total 29.795ms
08-03 19:34:54.085 22923 23189 I art     : Starting a blocking GC Explicit
08-03 19:34:54.113 22923 23189 I art     : Explicit concurrent mark sweep GC freed 660(89KB) AllocSpace objects, 0(0B) LOS objects, 22% free, 53MB/69MB, paused 1.074ms total 27.439ms
08-03 19:34:54.125 22923 22923 I NAPPA_EXPERIMENTATION: MetricNetworkRequestExecutionTime: REQUEST_DURATION_SYSTEM='59',REQUEST_DURATION_OKHTTP='40',REQUEST_SYNCHRONOUS='FALSE',RESPONSE_CODE='200',RESPONSE_METHOD='GET',RESPONSE_LENGTH_OKHTTP='979',RESPONSE_LENGTH_HEADER='-2',REQUEST_PROTOCOL='http/1.1',REQUEST_URL='https://api-hillfair-2k16.herokuapp.com/api/app/club/PR%20Club',
08-03 19:34:54.126 22923 23189 I art     : Starting a blocking GC Explicit
08-03 19:34:54.130   918   936 I ActivityManager: Displayed baseline.appteam.nith.hillffair/.activities.ClubActivity: +97ms
08-03 19:34:54.131 13866 13866 I GoogleInputMethodServic: GoogleInputMethodService.onFinishInput():3138 
08-03 19:34:54.131 13866 13866 I GoogleInputMethodServic: GoogleInputMethodService.onStartInput():1808 
08-03 19:34:54.154 22923 23189 I art     : Explicit concurrent mark sweep GC freed 760(54KB) AllocSpace objects, 0(0B) LOS objects, 22% free, 53MB/69MB, paused 885us total 27.966ms
08-03 19:34:54.166 22923 23189 I art     : Starting a blocking GC Explicit
08-03 19:34:54.192 22923 23189 I art     : Explicit concurrent mark sweep GC freed 64(2272B) AllocSpace objects, 0(0B) LOS objects, 22% free, 53MB/69MB, paused 665us total 26.340ms
08-03 19:34:54.203 22923 23189 I art     : Starting a blocking GC Explicit
08-03 19:34:54.231 22923 23189 I art     : Explicit concurrent mark sweep GC freed 6(192B) AllocSpace objects, 0(0B) LOS objects, 22% free, 53MB/69MB, paused 670us total 27.416ms
08-03 19:34:54.389   380   380 W SurfaceFlinger: couldn't log to binary event log: overflow.
08-03 19:34:54.514 22923 22956 I art     : Starting a blocking GC Explicit
08-03 19:34:54.544 22923 22956 I art     : Explicit concurrent mark sweep GC freed 1443(84KB) AllocSpace objects, 1(20KB) LOS objects, 22% free, 53MB/69MB, paused 759us total 29.839ms
08-03 19:34:54.556 22923 22956 I art     : Starting a blocking GC Explicit
08-03 19:34:54.584 22923 22956 I art     : Explicit concurrent mark sweep GC freed 21(736B) AllocSpace objects, 0(0B) LOS objects, 22% free, 53MB/69MB, paused 711us total 28.442ms
08-03 19:34:54.595 22923 22956 I art     : Starting a blocking GC Explicit
08-03 19:34:54.624 22923 22956 I art     : Explicit concurrent mark sweep GC freed 19(656B) AllocSpace objects, 0(0B) LOS objects, 22% free, 53MB/69MB, paused 724us total 28.825ms
08-03 19:34:54.635 22923 22956 I art     : Starting a blocking GC Explicit
08-03 19:34:54.666 22923 22956 I art     : Explicit concurrent mark sweep GC freed 3(96B) AllocSpace objects, 0(0B) LOS objects, 22% free, 53MB/69MB, paused 732us total 30.412ms
08-03 19:34:54.678 22923 22956 I art     : Starting a blocking GC Explicit
08-03 19:34:54.709 22923 22956 I art     : Explicit concurrent mark sweep GC freed 3(96B) AllocSpace objects, 0(0B) LOS objects, 22% free, 53MB/69MB, paused 882us total 30.886ms
08-03 19:34:55.020 22923 22934 I art     : Starting a blocking GC Explicit
08-03 19:34:55.059 22923 22934 I art     : Explicit concurrent mark sweep GC freed 1344(78KB) AllocSpace objects, 1(20KB) LOS objects, 22% free, 53MB/69MB, paused 939us total 38.214ms
08-03 19:34:55.071 22923 22934 I art     : Starting a blocking GC Explicit
08-03 19:34:55.103 22923 22934 I art     : Explicit concurrent mark sweep GC freed 20(704B) AllocSpace objects, 0(0B) LOS objects, 22% free, 53MB/69MB, paused 737us total 31.420ms
08-03 19:34:55.115 22923 22934 I art     : Starting a blocking GC Explicit
08-03 19:34:55.147 22923 22934 I art     : Explicit concurrent mark sweep GC freed 3(96B) AllocSpace objects, 0(0B) LOS objects, 22% free, 53MB/69MB, paused 780us total 31.612ms
08-03 19:34:55.159 22923 22934 I art     : Starting a blocking GC Explicit
08-03 19:34:55.191 22923 22934 I art     : Explicit concurrent mark sweep GC freed 3(96B) AllocSpace objects, 0(0B) LOS objects, 22% free, 53MB/69MB, paused 730us total 32.173ms
08-03 19:34:55.203 22923 22934 I art     : Starting a blocking GC Explicit
08-03 19:34:55.234 22923 22934 I art     : Explicit concurrent mark sweep GC freed 3(96B) AllocSpace objects, 0(0B) LOS objects, 22% free, 53MB/69MB, paused 727us total 30.841ms
08-03 19:34:55.538 22923 22936 I art     : Starting a blocking GC Explicit
08-03 19:34:55.578 22923 22936 I art     : Explicit concurrent mark sweep GC freed 1344(78KB) AllocSpace objects, 1(20KB) LOS objects, 22% free, 53MB/69MB, paused 804us total 39.141ms
08-03 19:34:55.591 22923 22936 I art     : Starting a blocking GC Explicit
08-03 19:34:55.623 22923 22936 I art     : Explicit concurrent mark sweep GC freed 20(704B) AllocSpace objects, 0(0B) LOS objects, 22% free, 53MB/69MB, paused 747us total 31.632ms
08-03 19:34:55.635 22923 22936 I art     : Starting a blocking GC Explicit
08-03 19:34:55.667 22923 22936 I art     : Explicit concurrent mark sweep GC freed 3(96B) AllocSpace objects, 0(0B) LOS objects, 22% free, 53MB/69MB, paused 859us total 31.771ms
08-03 19:34:55.679 22923 22936 I art     : Starting a blocking GC Explicit
08-03 19:34:55.711 22923 22936 I art     : Explicit concurrent mark sweep GC freed 3(96B) AllocSpace objects, 0(0B) LOS objects, 22% free, 53MB/69MB, paused 738us total 31.612ms
08-03 19:34:55.723 22923 22936 I art     : Starting a blocking GC Explicit
08-03 19:34:55.758 22923 22936 I art     : Explicit concurrent mark sweep GC freed 3(96B) AllocSpace objects, 0(0B) LOS objects, 22% free, 53MB/69MB, paused 817us total 34.843ms
08-03 19:34:56.093 22923 24834 I art     : Starting a blocking GC Explicit
08-03 19:34:56.139 22923 24834 I art     : Explicit concurrent mark sweep GC freed 1344(78KB) AllocSpace objects, 1(20KB) LOS objects, 22% free, 53MB/69MB, paused 992us total 45.463ms
08-03 19:34:56.154 22923 24834 I art     : Starting a blocking GC Explicit
08-03 19:34:56.189 22923 24834 I art     : Explicit concurrent mark sweep GC freed 20(704B) AllocSpace objects, 0(0B) LOS objects, 22% free, 53MB/69MB, paused 764us total 34.322ms
08-03 19:34:56.201 22923 24834 I art     : Starting a blocking GC Explicit
08-03 19:34:56.235 22923 24834 I art     : Explicit concurrent mark sweep GC freed 3(96B) AllocSpace objects, 0(0B) LOS objects, 22% free, 53MB/69MB, paused 694us total 33.658ms
08-03 19:34:56.247 22923 24834 I art     : Starting a blocking GC Explicit
08-03 19:34:56.278 22923 24834 I art     : Explicit concurrent mark sweep GC freed 3(96B) AllocSpace objects, 0(0B) LOS objects, 22% free, 53MB/69MB, paused 685us total 30.537ms
08-03 19:34:56.290 22923 24834 I art     : Starting a blocking GC Explicit
08-03 19:34:56.322 22923 24834 I art     : Explicit concurrent mark sweep GC freed 3(96B) AllocSpace objects, 0(0B) LOS objects, 22% free, 53MB/69MB, paused 699us total 31.634ms
08-03 19:34:56.637 22923 23189 I art     : Starting a blocking GC Explicit
08-03 19:34:56.681 22923 23189 I art     : Explicit concurrent mark sweep GC freed 1344(78KB) AllocSpace objects, 1(20KB) LOS objects, 22% free, 53MB/69MB, paused 777us total 42.815ms
08-03 19:34:56.696 22923 23189 I art     : Starting a blocking GC Explicit
08-03 19:34:56.729 22923 23189 I art     : Explicit concurrent mark sweep GC freed 20(704B) AllocSpace objects, 0(0B) LOS objects, 22% free, 53MB/69MB, paused 706us total 33.208ms
08-03 19:34:56.741 22923 23189 I art     : Starting a blocking GC Explicit
08-03 19:34:56.776 22923 23189 I art     : Explicit concurrent mark sweep GC freed 3(96B) AllocSpace objects, 0(0B) LOS objects, 22% free, 53MB/69MB, paused 745us total 34.635ms
08-03 19:34:56.789 22923 23189 I art     : Starting a blocking GC Explicit
08-03 19:34:56.822 22923 23189 I art     : Explicit concurrent mark sweep GC freed 3(96B) AllocSpace objects, 0(0B) LOS objects, 22% free, 53MB/69MB, paused 716us total 33.188ms
08-03 19:34:56.834 22923 23189 I art     : Starting a blocking GC Explicit
08-03 19:34:56.868 22923 23189 I art     : Explicit concurrent mark sweep GC freed 3(96B) AllocSpace objects, 0(0B) LOS objects, 22% free, 53MB/69MB, paused 775us total 34.347ms
08-03 19:34:57.017 22816 22816 I ServiceManager: Waiting for service AtCmdFwd...
08-03 19:34:57.215 22923 22956 I art     : Starting a blocking GC Explicit
08-03 19:34:57.261 22923 22956 I art     : Explicit concurrent mark sweep GC freed 1344(78KB) AllocSpace objects, 1(20KB) LOS objects, 22% free, 53MB/69MB, paused 831us total 45.435ms
08-03 19:34:57.277 22923 22956 I art     : Starting a blocking GC Explicit
08-03 19:34:57.315 22923 22956 I art     : Explicit concurrent mark sweep GC freed 20(704B) AllocSpace objects, 0(0B) LOS objects, 22% free, 53MB/69MB, paused 751us total 37.985ms
08-03 19:34:57.331 22923 22956 I art     : Starting a blocking GC Explicit
08-03 19:34:57.365 22923 22956 I art     : Explicit concurrent mark sweep GC freed 3(96B) AllocSpace objects, 0(0B) LOS objects, 22% free, 53MB/69MB, paused 745us total 33.972ms
08-03 19:34:57.378 22923 22956 I art     : Starting a blocking GC Explicit
08-03 19:34:57.412 22923 22956 I art     : Explicit concurrent mark sweep GC freed 3(96B) AllocSpace objects, 0(0B) LOS objects, 22% free, 53MB/69MB, paused 753us total 34.550ms
08-03 19:34:57.425 22923 22956 I art     : Starting a blocking GC Explicit
08-03 19:34:57.456 22923 22956 I art     : Explicit concurrent mark sweep GC freed 3(96B) AllocSpace objects, 0(0B) LOS objects, 22% free, 53MB/69MB, paused 705us total 31.315ms
08-03 19:34:57.788 22923 22934 I art     : Starting a blocking GC Explicit
08-03 19:34:57.829 22923 22934 I art     : Explicit concurrent mark sweep GC freed 1344(78KB) AllocSpace objects, 1(20KB) LOS objects, 22% free, 53MB/69MB, paused 826us total 40.802ms
08-03 19:34:57.843 22923 22934 I art     : Starting a blocking GC Explicit
08-03 19:34:57.878 22923 22934 I art     : Explicit concurrent mark sweep GC freed 20(704B) AllocSpace objects, 0(0B) LOS objects, 22% free, 53MB/69MB, paused 805us total 34.433ms
08-03 19:34:57.890 22923 22934 I art     : Starting a blocking GC Explicit
08-03 19:34:57.925 22923 22934 I art     : Explicit concurrent mark sweep GC freed 3(96B) AllocSpace objects, 0(0B) LOS objects, 22% free, 53MB/69MB, paused 738us total 34.560ms
08-03 19:34:57.937 22923 22934 I art     : Starting a blocking GC Explicit
08-03 19:34:57.969 22923 22934 I art     : Explicit concurrent mark sweep GC freed 3(96B) AllocSpace objects, 0(0B) LOS objects, 22% free, 53MB/69MB, paused 743us total 31.685ms
08-03 19:34:57.981 22923 22934 I art     : Starting a blocking GC Explicit
08-03 19:34:58.016 22923 22934 I art     : Explicit concurrent mark sweep GC freed 3(96B) AllocSpace objects, 0(0B) LOS objects, 22% free, 53MB/69MB, paused 743us total 34.426ms
08-03 19:34:58.018 22816 22816 I ServiceManager: Waiting for service AtCmdFwd...
08-03 19:34:58.351 22923 22936 I art     : Starting a blocking GC Explicit
08-03 19:34:58.385 22923 22936 I art     : Explicit concurrent mark sweep GC freed 1365(79KB) AllocSpace objects, 1(20KB) LOS objects, 22% free, 53MB/69MB, paused 793us total 34.201ms
08-03 19:34:58.401 22923 22936 I art     : Starting a blocking GC Explicit
08-03 19:34:58.432 22923 22936 I art     : Explicit concurrent mark sweep GC freed 36(1216B) AllocSpace objects, 0(0B) LOS objects, 22% free, 53MB/69MB, paused 735us total 30.905ms
08-03 19:34:58.444 22923 22936 I art     : Starting a blocking GC Explicit
08-03 19:34:58.477 22923 22936 I art     : Explicit concurrent mark sweep GC freed 3(96B) AllocSpace objects, 0(0B) LOS objects, 22% free, 53MB/69MB, paused 744us total 32.620ms
08-03 19:34:58.489 22923 22936 I art     : Starting a blocking GC Explicit
08-03 19:34:58.522 22923 22936 I art     : Explicit concurrent mark sweep GC freed 3(96B) AllocSpace objects, 0(0B) LOS objects, 22% free, 53MB/69MB, paused 759us total 32.869ms
08-03 19:34:58.534 22923 22936 I art     : Starting a blocking GC Explicit
08-03 19:34:58.565 22923 22936 I art     : Explicit concurrent mark sweep GC freed 3(96B) AllocSpace objects, 0(0B) LOS objects, 22% free, 53MB/69MB, paused 710us total 31.397ms
08-03 19:34:58.829 26750 26750 D AndroidRuntime: >>>>>> START com.android.internal.os.RuntimeInit uid 2000 <<<<<<
08-03 19:34:58.835 26750 26750 D AndroidRuntime: CheckJNI is OFF
08-03 19:34:58.879 26750 26750 D ICU     : No timezone override file found: /data/misc/zoneinfo/current/icu/icu_tzdata.dat
08-03 19:34:58.900 22923 24834 I art     : Starting a blocking GC Explicit
08-03 19:34:58.921 26750 26750 I Radio-JNI: register_android_hardware_Radio DONE
08-03 19:34:58.931 22923 24834 I art     : Explicit concurrent mark sweep GC freed 1344(78KB) AllocSpace objects, 1(20KB) LOS objects, 22% free, 53MB/69MB, paused 777us total 30.600ms
08-03 19:34:58.943 22923 24834 I art     : Starting a blocking GC Explicit
08-03 19:34:58.952 26750 26750 D AndroidRuntime: Calling main entry com.android.commands.input.Input
08-03 19:34:58.953 26750 26750 I Input   : injectKeyEvent: KeyEvent { action=ACTION_DOWN, keyCode=KEYCODE_BACK, scanCode=0, metaState=0, flags=0x0, repeatCount=0, eventTime=646515366, downTime=646515366, deviceId=-1, source=0x101 }
08-03 19:34:58.960 26750 26750 I Input   : injectKeyEvent: KeyEvent { action=ACTION_UP, keyCode=KEYCODE_BACK, scanCode=0, metaState=0, flags=0x0, repeatCount=0, eventTime=646515366, downTime=646515366, deviceId=-1, source=0x101 }
08-03 19:34:58.966 26750 26750 D AndroidRuntime: Shutting down VM
08-03 19:34:58.973 22923 24834 I art     : Explicit concurrent mark sweep GC freed 104(4KB) AllocSpace objects, 0(0B) LOS objects, 22% free, 53MB/69MB, paused 806us total 29.593ms
08-03 19:34:58.984 22923 24834 I art     : Starting a blocking GC Explicit
08-03 19:34:59.007 13866 13866 I GoogleInputMethodServic: GoogleInputMethodService.onFinishInput():3138 
08-03 19:34:59.008 13866 13866 I GoogleInputMethodServic: GoogleInputMethodService.onStartInput():1808 
08-03 19:34:59.011 22923 24834 I art     : Explicit concurrent mark sweep GC freed 65(2272B) AllocSpace objects, 0(0B) LOS objects, 22% free, 53MB/69MB, paused 654us total 26.697ms
08-03 19:34:59.019 22816 22816 I ServiceManager: Waiting for service AtCmdFwd...
08-03 19:34:59.023 22923 24834 I art     : Starting a blocking GC Explicit
08-03 19:34:59.051 22923 24834 I art     : Explicit concurrent mark sweep GC freed 38(1376B) AllocSpace objects, 0(0B) LOS objects, 22% free, 53MB/69MB, paused 696us total 27.965ms
08-03 19:34:59.062 22923 24834 I art     : Starting a blocking GC Explicit
08-03 19:34:59.089 22923 24834 I art     : Explicit concurrent mark sweep GC freed 10(384B) AllocSpace objects, 0(0B) LOS objects, 22% free, 53MB/69MB, paused 677us total 25.754ms
08-03 19:34:59.327   380   380 W SurfaceFlinger: couldn't log to binary event log: overflow.
08-03 19:34:59.369 22923 24834 I art     : Starting a blocking GC Explicit
08-03 19:34:59.401 22923 24834 I art     : Explicit concurrent mark sweep GC freed 1453(86KB) AllocSpace objects, 1(20KB) LOS objects, 22% free, 53MB/69MB, paused 716us total 31.359ms
08-03 19:34:59.413 22923 24834 I art     : Starting a blocking GC Explicit
08-03 19:34:59.443 22923 24834 I art     : Explicit concurrent mark sweep GC freed 1671(107KB) AllocSpace objects, 3(184KB) LOS objects, 22% free, 53MB/69MB, paused 718us total 30.013ms
08-03 19:34:59.455 22923 24834 I art     : Starting a blocking GC Explicit
08-03 19:34:59.486 22923 24834 I art     : Explicit concurrent mark sweep GC freed 3(96B) AllocSpace objects, 0(0B) LOS objects, 22% free, 53MB/69MB, paused 732us total 30.390ms
08-03 19:34:59.497 22923 24834 I art     : Starting a blocking GC Explicit
08-03 19:34:59.528 22923 24834 I art     : Explicit concurrent mark sweep GC freed 3(96B) AllocSpace objects, 0(0B) LOS objects, 22% free, 53MB/69MB, paused 730us total 30.628ms
08-03 19:34:59.540 22923 24834 I art     : Starting a blocking GC Explicit
08-03 19:34:59.571 22923 24834 I art     : Explicit concurrent mark sweep GC freed 3(96B) AllocSpace objects, 0(0B) LOS objects, 22% free, 53MB/69MB, paused 699us total 30.993ms
08-03 19:34:59.890 22923 23189 I art     : Starting a blocking GC Explicit
08-03 19:34:59.930 22923 23189 I art     : Explicit concurrent mark sweep GC freed 1344(78KB) AllocSpace objects, 1(20KB) LOS objects, 22% free, 53MB/69MB, paused 820us total 39.089ms
08-03 19:34:59.944 22923 23189 I art     : Starting a blocking GC Explicit
08-03 19:34:59.975 22923 23189 I art     : Explicit concurrent mark sweep GC freed 20(704B) AllocSpace objects, 0(0B) LOS objects, 22% free, 53MB/69MB, paused 666us total 30.445ms
08-03 19:34:59.987 22923 23189 I art     : Starting a blocking GC Explicit
08-03 19:35:00.016 22923 23189 I art     : Explicit concurrent mark sweep GC freed 3(96B) AllocSpace objects, 0(0B) LOS objects, 22% free, 53MB/69MB, paused 651us total 28.636ms
08-03 19:35:00.019 22816 22816 I ServiceManager: Waiting for service AtCmdFwd...
08-03 19:35:00.028 22923 23189 I art     : Starting a blocking GC Explicit
08-03 19:35:00.054 22923 23189 I art     : Explicit concurrent mark sweep GC freed 3(96B) AllocSpace objects, 0(0B) LOS objects, 22% free, 53MB/69MB, paused 647us total 26.201ms
08-03 19:35:00.065 22923 23189 I art     : Starting a blocking GC Explicit
08-03 19:35:00.092 22923 23189 I art     : Explicit concurrent mark sweep GC freed 3(96B) AllocSpace objects, 0(0B) LOS objects, 22% free, 53MB/69MB, paused 691us total 26.856ms
08-03 19:35:00.379 22923 22956 I art     : Starting a blocking GC Explicit
08-03 19:35:00.416 22923 22956 I art     : Explicit concurrent mark sweep GC freed 1344(78KB) AllocSpace objects, 1(20KB) LOS objects, 22% free, 53MB/69MB, paused 772us total 35.958ms
08-03 19:35:00.431 22923 22956 I art     : Starting a blocking GC Explicit
08-03 19:35:00.461 22923 22956 I art     : Explicit concurrent mark sweep GC freed 20(704B) AllocSpace objects, 0(0B) LOS objects, 22% free, 53MB/69MB, paused 737us total 29.530ms
08-03 19:35:00.472 22923 22956 I art     : Starting a blocking GC Explicit
08-03 19:35:00.501 22923 22956 I art     : Explicit concurrent mark sweep GC freed 3(96B) AllocSpace objects, 0(0B) LOS objects, 22% free, 53MB/69MB, paused 707us total 28.822ms
08-03 19:35:00.513 22923 22956 I art     : Starting a blocking GC Explicit
08-03 19:35:00.542 22923 22956 I art     : Explicit concurrent mark sweep GC freed 3(96B) AllocSpace objects, 0(0B) LOS objects, 22% free, 53MB/69MB, paused 665us total 29.065ms
08-03 19:35:00.553 22923 22956 I art     : Starting a blocking GC Explicit
08-03 19:35:00.583 22923 22956 I art     : Explicit concurrent mark sweep GC freed 3(96B) AllocSpace objects, 0(0B) LOS objects, 22% free, 53MB/69MB, paused 797us total 29.505ms
08-03 19:35:00.763 26793 26793 D AndroidRuntime: >>>>>> START com.android.internal.os.RuntimeInit uid 2000 <<<<<<
08-03 19:35:00.770 26793 26793 D AndroidRuntime: CheckJNI is OFF
08-03 19:35:00.812 26793 26793 D ICU     : No timezone override file found: /data/misc/zoneinfo/current/icu/icu_tzdata.dat
08-03 19:35:00.854 26793 26793 I Radio-JNI: register_android_hardware_Radio DONE
08-03 19:35:00.883 26793 26793 D AndroidRuntime: Calling main entry com.android.commands.input.Input
08-03 19:35:00.885 26793 26793 I Input   : injectKeyEvent: KeyEvent { action=ACTION_DOWN, keyCode=KEYCODE_BACK, scanCode=0, metaState=0, flags=0x0, repeatCount=0, eventTime=646517298, downTime=646517298, deviceId=-1, source=0x101 }
08-03 19:35:00.891 26793 26793 I Input   : injectKeyEvent: KeyEvent { action=ACTION_UP, keyCode=KEYCODE_BACK, scanCode=0, metaState=0, flags=0x0, repeatCount=0, eventTime=646517298, downTime=646517298, deviceId=-1, source=0x101 }
08-03 19:35:00.896 26793 26793 D AndroidRuntime: Shutting down VM
08-03 19:35:00.919 22923 22956 I art     : Starting a blocking GC Explicit
08-03 19:35:00.941 13866 13866 I GoogleInputMethodServic: GoogleInputMethodService.onFinishInput():3138 
08-03 19:35:00.941 13866 13866 I GoogleInputMethodServic: GoogleInputMethodService.onStartInput():1808 
08-03 19:35:00.950 22923 22956 I art     : Explicit concurrent mark sweep GC freed 1493(85KB) AllocSpace objects, 1(20KB) LOS objects, 22% free, 53MB/69MB, paused 979us total 30.862ms
08-03 19:35:00.962 22923 22956 I art     : Starting a blocking GC Explicit
08-03 19:35:00.991 22923 22956 I art     : Explicit concurrent mark sweep GC freed 80(2832B) AllocSpace objects, 0(0B) LOS objects, 22% free, 53MB/69MB, paused 685us total 28.961ms
08-03 19:35:01.002 22923 22956 I art     : Starting a blocking GC Explicit
08-03 19:35:01.019 22816 22816 I ServiceManager: Waiting for service AtCmdFwd...
08-03 19:35:01.028 22923 22956 I art     : Explicit concurrent mark sweep GC freed 7(256B) AllocSpace objects, 0(0B) LOS objects, 22% free, 53MB/69MB, paused 695us total 25.729ms
08-03 19:35:01.038 22923 22956 I art     : Starting a blocking GC Explicit
08-03 19:35:01.066 22923 22956 I art     : Explicit concurrent mark sweep GC freed 3(96B) AllocSpace objects, 0(0B) LOS objects, 22% free, 53MB/69MB, paused 760us total 27.365ms
08-03 19:35:01.080 22923 22956 I art     : Starting a blocking GC Explicit
08-03 19:35:01.112 22923 22956 I art     : Explicit concurrent mark sweep GC freed 3(96B) AllocSpace objects, 0(0B) LOS objects, 22% free, 53MB/69MB, paused 751us total 32.208ms
08-03 19:35:01.405 22923 22956 I art     : Starting a blocking GC Explicit
08-03 19:35:01.434 22923 22956 I art     : Explicit concurrent mark sweep GC freed 2977(154KB) AllocSpace objects, 1(20KB) LOS objects, 22% free, 53MB/69MB, paused 709us total 28.399ms
08-03 19:35:01.444 22923 22956 I art     : Starting a blocking GC Explicit
08-03 19:35:01.470 22923 22956 I art     : Explicit concurrent mark sweep GC freed 2858(181KB) AllocSpace objects, 2(140KB) LOS objects, 23% free, 53MB/69MB, paused 691us total 25.729ms
08-03 19:35:01.480 22923 22956 I art     : Starting a blocking GC Explicit
08-03 19:35:01.506 22923 22956 I art     : Explicit concurrent mark sweep GC freed 3(96B) AllocSpace objects, 0(0B) LOS objects, 23% free, 53MB/69MB, paused 698us total 25.597ms
08-03 19:35:01.517 22923 22956 I art     : Starting a blocking GC Explicit
08-03 19:35:01.543 22923 22956 I art     : Explicit concurrent mark sweep GC freed 3(96B) AllocSpace objects, 0(0B) LOS objects, 23% free, 53MB/69MB, paused 696us total 26ms
08-03 19:35:01.554 22923 22956 I art     : Starting a blocking GC Explicit
08-03 19:35:01.580 22923 22956 I art     : Explicit concurrent mark sweep GC freed 3(96B) AllocSpace objects, 0(0B) LOS objects, 23% free, 53MB/69MB, paused 686us total 25.824ms
08-03 19:35:01.875 22923 22934 I art     : Starting a blocking GC Explicit
08-03 19:35:01.904 22923 22934 I art     : Explicit concurrent mark sweep GC freed 1344(78KB) AllocSpace objects, 1(20KB) LOS objects, 23% free, 53MB/69MB, paused 671us total 28.972ms
08-03 19:35:01.916 22923 22934 I art     : Starting a blocking GC Explicit
08-03 19:35:01.945 22923 22934 I art     : Explicit concurrent mark sweep GC freed 20(704B) AllocSpace objects, 0(0B) LOS objects, 23% free, 53MB/69MB, paused 714us total 28.992ms
08-03 19:35:01.957 22923 22934 I art     : Starting a blocking GC Explicit
08-03 19:35:01.986 22923 22934 I art     : Explicit concurrent mark sweep GC freed 3(96B) AllocSpace objects, 0(0B) LOS objects, 23% free, 53MB/69MB, paused 720us total 28.789ms
08-03 19:35:01.997 22923 22934 I art     : Starting a blocking GC Explicit
08-03 19:35:02.020 22816 22816 W Atfwd_Sendcmd: AtCmdFwd service not published, waiting... retryCnt : 1
08-03 19:35:02.026 22923 22934 I art     : Explicit concurrent mark sweep GC freed 3(96B) AllocSpace objects, 0(0B) LOS objects, 23% free, 53MB/69MB, paused 715us total 28.550ms
08-03 19:35:02.037 22923 22934 I art     : Starting a blocking GC Explicit
08-03 19:35:02.066 22923 22934 I art     : Explicit concurrent mark sweep GC freed 3(96B) AllocSpace objects, 0(0B) LOS objects, 23% free, 53MB/69MB, paused 667us total 28.509ms
08-03 19:35:02.361 22923 22936 I art     : Starting a blocking GC Explicit
08-03 19:35:02.395 22923 22936 I art     : Explicit concurrent mark sweep GC freed 1341(78KB) AllocSpace objects, 1(20KB) LOS objects, 23% free, 53MB/69MB, paused 774us total 33.342ms
08-03 19:35:02.407 22923 22936 I art     : Starting a blocking GC Explicit
08-03 19:35:02.434 22923 22936 I art     : Explicit concurrent mark sweep GC freed 20(704B) AllocSpace objects, 0(0B) LOS objects, 23% free, 53MB/69MB, paused 743us total 27.269ms
08-03 19:35:02.445 22923 22936 I art     : Starting a blocking GC Explicit
08-03 19:35:02.473 22923 22936 I art     : Explicit concurrent mark sweep GC freed 3(96B) AllocSpace objects, 0(0B) LOS objects, 23% free, 53MB/69MB, paused 714us total 27.263ms
08-03 19:35:02.484 22923 22936 I art     : Starting a blocking GC Explicit
08-03 19:35:02.512 22923 22936 I art     : Explicit concurrent mark sweep GC freed 3(96B) AllocSpace objects, 0(0B) LOS objects, 23% free, 53MB/69MB, paused 709us total 27.641ms
08-03 19:35:02.523 22923 22936 I art     : Starting a blocking GC Explicit
08-03 19:35:02.551 22923 22936 I art     : Explicit concurrent mark sweep GC freed 3(96B) AllocSpace objects, 0(0B) LOS objects, 23% free, 53MB/69MB, paused 684us total 27.511ms
08-03 19:35:02.686 26846 26846 D AndroidRuntime: >>>>>> START com.android.internal.os.RuntimeInit uid 2000 <<<<<<
08-03 19:35:02.693 26846 26846 D AndroidRuntime: CheckJNI is OFF
08-03 19:35:02.740 26846 26846 D ICU     : No timezone override file found: /data/misc/zoneinfo/current/icu/icu_tzdata.dat
08-03 19:35:02.783 26846 26846 I Radio-JNI: register_android_hardware_Radio DONE
08-03 19:35:02.811 26846 26846 D AndroidRuntime: Calling main entry com.android.commands.input.Input
08-03 19:35:02.813 26846 26846 I Input   : injectMotionEvent: MotionEvent { action=ACTION_DOWN, actionButton=0, id[0]=0, x[0]=1084.0, y[0]=2213.0, toolType[0]=TOOL_TYPE_UNKNOWN, buttonState=0, metaState=0, flags=0x0, edgeFlags=0x0, pointerCount=1, historySize=0, eventTime=646519226, downTime=646519226, deviceId=0, source=0x1002 }
08-03 19:35:02.817 26846 26846 I Input   : injectMotionEvent: MotionEvent { action=ACTION_UP, actionButton=0, id[0]=0, x[0]=1084.0, y[0]=2213.0, toolType[0]=TOOL_TYPE_UNKNOWN, buttonState=0, metaState=0, flags=0x0, edgeFlags=0x0, pointerCount=1, historySize=0, eventTime=646519226, downTime=646519226, deviceId=0, source=0x1002 }
08-03 19:35:02.819   918  3714 I ActivityManager: START u0 {cmp=baseline.appteam.nith.hillffair/.activities.EventActivity} from uid 10624 on display 0
08-03 19:35:02.824 26846 26846 D AndroidRuntime: Shutting down VM
08-03 19:35:02.884 22923 24834 I art     : Starting a blocking GC Explicit
08-03 19:35:02.907 22923 22923 I NAPPA_EXPERIMENTATION: MetricNetworkRequestExecutionTime: REQUEST_DURATION_SYSTEM='51',REQUEST_DURATION_OKHTTP='40',REQUEST_SYNCHRONOUS='FALSE',RESPONSE_CODE='200',RESPONSE_METHOD='GET',RESPONSE_LENGTH_OKHTTP='1870',RESPONSE_LENGTH_HEADER='-2',REQUEST_PROTOCOL='http/1.1',REQUEST_URL='https://api-hillfair-2k16.herokuapp.com/api/app/club',
08-03 19:35:02.909 13866 13866 I GoogleInputMethodServic: GoogleInputMethodService.onFinishInput():3138 
08-03 19:35:02.909 13866 13866 I GoogleInputMethodServic: GoogleInputMethodService.onStartInput():1808 
08-03 19:35:02.912 22923 24834 I art     : Explicit concurrent mark sweep GC freed 6948(472KB) AllocSpace objects, 1(20KB) LOS objects, 23% free, 53MB/69MB, paused 714us total 28.172ms
08-03 19:35:02.923 22923 24834 I art     : Starting a blocking GC Explicit
08-03 19:35:02.951 22923 24834 I art     : Explicit concurrent mark sweep GC freed 678(27KB) AllocSpace objects, 0(0B) LOS objects, 23% free, 53MB/69MB, paused 864us total 27.240ms
08-03 19:35:02.959   918   936 I ActivityManager: Displayed baseline.appteam.nith.hillffair/.activities.EventActivity: +134ms
08-03 19:35:02.963 22923 24834 I art     : Starting a blocking GC Explicit
08-03 19:35:02.991 22923 24834 I art     : Explicit concurrent mark sweep GC freed 236(8KB) AllocSpace objects, 0(0B) LOS objects, 23% free, 53MB/69MB, paused 682us total 27.933ms
08-03 19:35:03.002 22923 24834 I art     : Starting a blocking GC Explicit
08-03 19:35:03.028 22923 24834 I art     : Explicit concurrent mark sweep GC freed 5(192B) AllocSpace objects, 0(0B) LOS objects, 23% free, 53MB/69MB, paused 1.059ms total 25.752ms
08-03 19:35:03.039 22923 24834 I art     : Starting a blocking GC Explicit
08-03 19:35:03.068 22923 24834 I art     : Explicit concurrent mark sweep GC freed 3(96B) AllocSpace objects, 0(0B) LOS objects, 23% free, 53MB/69MB, paused 728us total 27.900ms
08-03 19:35:03.215   380   380 W SurfaceFlinger: couldn't log to binary event log: overflow.
08-03 19:35:03.358 22923 24834 I art     : Starting a blocking GC Explicit
08-03 19:35:03.389 22923 24834 I art     : Explicit concurrent mark sweep GC freed 1413(83KB) AllocSpace objects, 1(20KB) LOS objects, 23% free, 53MB/69MB, paused 766us total 30.805ms
08-03 19:35:03.400 22923 24834 I art     : Starting a blocking GC Explicit
08-03 19:35:03.431 22923 24834 I art     : Explicit concurrent mark sweep GC freed 20(704B) AllocSpace objects, 0(0B) LOS objects, 23% free, 53MB/69MB, paused 744us total 30.100ms
08-03 19:35:03.442 22923 24834 I art     : Starting a blocking GC Explicit
08-03 19:35:03.472 22923 24834 I art     : Explicit concurrent mark sweep GC freed 3(96B) AllocSpace objects, 0(0B) LOS objects, 23% free, 53MB/69MB, paused 734us total 29.323ms
08-03 19:35:03.484 22923 24834 I art     : Starting a blocking GC Explicit
08-03 19:35:03.514 22923 24834 I art     : Explicit concurrent mark sweep GC freed 3(96B) AllocSpace objects, 0(0B) LOS objects, 23% free, 53MB/69MB, paused 738us total 29.968ms
08-03 19:35:03.526 22923 24834 I art     : Starting a blocking GC Explicit
08-03 19:35:03.556 22923 24834 I art     : Explicit concurrent mark sweep GC freed 3(96B) AllocSpace objects, 0(0B) LOS objects, 23% free, 53MB/69MB, paused 839us total 30.392ms
08-03 19:35:03.864 22923 22934 I art     : Starting a blocking GC Explicit
08-03 19:35:03.900 22923 22934 I art     : Explicit concurrent mark sweep GC freed 1344(78KB) AllocSpace objects, 1(20KB) LOS objects, 23% free, 53MB/69MB, paused 774us total 36.072ms
08-03 19:35:03.914 22923 22934 I art     : Starting a blocking GC Explicit
08-03 19:35:03.945 22923 22934 I art     : Explicit concurrent mark sweep GC freed 20(704B) AllocSpace objects, 0(0B) LOS objects, 23% free, 53MB/69MB, paused 734us total 30.215ms
08-03 19:35:03.956 22923 22934 I art     : Starting a blocking GC Explicit
08-03 19:35:03.987 22923 22934 I art     : Explicit concurrent mark sweep GC freed 3(96B) AllocSpace objects, 0(0B) LOS objects, 23% free, 53MB/69MB, paused 875us total 30.620ms
08-03 19:35:03.999 22923 22934 I art     : Starting a blocking GC Explicit
08-03 19:35:04.028 22923 22934 I art     : Explicit concurrent mark sweep GC freed 3(96B) AllocSpace objects, 0(0B) LOS objects, 23% free, 53MB/69MB, paused 768us total 29.244ms
08-03 19:35:04.040 22923 22934 I art     : Starting a blocking GC Explicit
08-03 19:35:04.070 22923 22934 I art     : Explicit concurrent mark sweep GC freed 3(96B) AllocSpace objects, 0(0B) LOS objects, 23% free, 53MB/69MB, paused 726us total 29.779ms
08-03 19:35:04.376 22923 22956 I art     : Starting a blocking GC Explicit
08-03 19:35:04.412 22923 22956 I art     : Explicit concurrent mark sweep GC freed 1344(78KB) AllocSpace objects, 1(20KB) LOS objects, 23% free, 53MB/69MB, paused 797us total 35.848ms
08-03 19:35:04.426 22923 22956 I art     : Starting a blocking GC Explicit
08-03 19:35:04.457 22923 22956 I art     : Explicit concurrent mark sweep GC freed 20(704B) AllocSpace objects, 0(0B) LOS objects, 23% free, 53MB/69MB, paused 761us total 30.185ms
08-03 19:35:04.469 22923 22956 I art     : Starting a blocking GC Explicit
08-03 19:35:04.500 22923 22956 I art     : Explicit concurrent mark sweep GC freed 3(96B) AllocSpace objects, 0(0B) LOS objects, 23% free, 53MB/69MB, paused 741us total 31.325ms
08-03 19:35:04.512 22923 22956 I art     : Starting a blocking GC Explicit
08-03 19:35:04.546 22923 22956 I art     : Explicit concurrent mark sweep GC freed 3(96B) AllocSpace objects, 0(0B) LOS objects, 23% free, 53MB/69MB, paused 748us total 32.952ms
08-03 19:35:04.558 22923 22956 I art     : Starting a blocking GC Explicit
08-03 19:35:04.591 22923 22956 I art     : Explicit concurrent mark sweep GC freed 3(96B) AllocSpace objects, 0(0B) LOS objects, 23% free, 53MB/69MB, paused 741us total 33.095ms
08-03 19:35:04.926 22923 22936 I art     : Starting a blocking GC Explicit
08-03 19:35:04.967 22923 22936 I art     : Explicit concurrent mark sweep GC freed 1344(78KB) AllocSpace objects, 1(20KB) LOS objects, 23% free, 53MB/69MB, paused 891us total 40.174ms
08-03 19:35:04.982 22923 22936 I art     : Starting a blocking GC Explicit
08-03 19:35:05.014 22923 22936 I art     : Explicit concurrent mark sweep GC freed 20(704B) AllocSpace objects, 0(0B) LOS objects, 23% free, 53MB/69MB, paused 762us total 31.888ms
08-03 19:35:05.026 22923 22936 I art     : Starting a blocking GC Explicit
08-03 19:35:05.060 22923 22936 I art     : Explicit concurrent mark sweep GC freed 3(96B) AllocSpace objects, 0(0B) LOS objects, 23% free, 53MB/69MB, paused 762us total 32.910ms
08-03 19:35:05.072 22923 22936 I art     : Starting a blocking GC Explicit
08-03 19:35:05.105 22923 22936 I art     : Explicit concurrent mark sweep GC freed 3(96B) AllocSpace objects, 0(0B) LOS objects, 23% free, 53MB/69MB, paused 759us total 32.723ms
08-03 19:35:05.117 22923 22936 I art     : Starting a blocking GC Explicit
08-03 19:35:05.149 22923 22936 I art     : Explicit concurrent mark sweep GC freed 3(96B) AllocSpace objects, 0(0B) LOS objects, 23% free, 53MB/69MB, paused 772us total 32.332ms
08-03 19:35:05.488 22923 23189 I art     : Starting a blocking GC Explicit
08-03 19:35:05.524 22923 23189 I art     : Explicit concurrent mark sweep GC freed 1344(78KB) AllocSpace objects, 1(20KB) LOS objects, 23% free, 53MB/69MB, paused 774us total 36.336ms
08-03 19:35:05.538 22923 23189 I art     : Starting a blocking GC Explicit
08-03 19:35:05.568 22923 23189 I art     : Explicit concurrent mark sweep GC freed 20(704B) AllocSpace objects, 0(0B) LOS objects, 23% free, 53MB/69MB, paused 759us total 30.160ms
08-03 19:35:05.580 22923 23189 I art     : Starting a blocking GC Explicit
08-03 19:35:05.610 22923 23189 I art     : Explicit concurrent mark sweep GC freed 3(96B) AllocSpace objects, 0(0B) LOS objects, 23% free, 53MB/69MB, paused 722us total 29.494ms
08-03 19:35:05.621 22923 23189 I art     : Starting a blocking GC Explicit
08-03 19:35:05.654 22923 23189 I art     : Explicit concurrent mark sweep GC freed 3(96B) AllocSpace objects, 0(0B) LOS objects, 23% free, 53MB/69MB, paused 757us total 32.707ms
08-03 19:35:05.666 22923 23189 I art     : Starting a blocking GC Explicit
08-03 19:35:05.700 22923 23189 I art     : Explicit concurrent mark sweep GC freed 3(96B) AllocSpace objects, 0(0B) LOS objects, 23% free, 53MB/69MB, paused 753us total 33.071ms
08-03 19:35:06.044 22923 24834 I art     : Starting a blocking GC Explicit
08-03 19:35:06.085 22923 24834 I art     : Explicit concurrent mark sweep GC freed 1344(78KB) AllocSpace objects, 1(20KB) LOS objects, 23% free, 53MB/69MB, paused 780us total 40.377ms
08-03 19:35:06.100 22923 24834 I art     : Starting a blocking GC Explicit
08-03 19:35:06.132 22923 24834 I art     : Explicit concurrent mark sweep GC freed 20(704B) AllocSpace objects, 0(0B) LOS objects, 23% free, 53MB/69MB, paused 766us total 31.995ms
08-03 19:35:06.144 22923 24834 I art     : Starting a blocking GC Explicit
08-03 19:35:06.177 22923 24834 I art     : Explicit concurrent mark sweep GC freed 3(96B) AllocSpace objects, 0(0B) LOS objects, 23% free, 53MB/69MB, paused 763us total 32.465ms
08-03 19:35:06.189 22923 24834 I art     : Starting a blocking GC Explicit
08-03 19:35:06.221 22923 24834 I art     : Explicit concurrent mark sweep GC freed 3(96B) AllocSpace objects, 0(0B) LOS objects, 23% free, 53MB/69MB, paused 718us total 31.457ms
08-03 19:35:06.232 22923 24834 I art     : Starting a blocking GC Explicit
08-03 19:35:06.265 22923 24834 I art     : Explicit concurrent mark sweep GC freed 3(96B) AllocSpace objects, 0(0B) LOS objects, 23% free, 53MB/69MB, paused 744us total 32.713ms
08-03 19:35:06.604 22923 22934 I art     : Starting a blocking GC Explicit
08-03 19:35:06.641 22923 22934 I art     : Explicit concurrent mark sweep GC freed 1344(78KB) AllocSpace objects, 1(20KB) LOS objects, 23% free, 53MB/69MB, paused 778us total 35.871ms
08-03 19:35:06.655 22923 22934 I art     : Starting a blocking GC Explicit
08-03 19:35:06.689 22923 22934 I art     : Explicit concurrent mark sweep GC freed 20(704B) AllocSpace objects, 0(0B) LOS objects, 23% free, 53MB/69MB, paused 702us total 33.862ms
08-03 19:35:06.700 22923 22934 I art     : Starting a blocking GC Explicit
08-03 19:35:06.731 22923 22934 I art     : Explicit concurrent mark sweep GC freed 3(96B) AllocSpace objects, 0(0B) LOS objects, 23% free, 53MB/69MB, paused 729us total 29.904ms
08-03 19:35:06.742 22923 22934 I art     : Starting a blocking GC Explicit
08-03 19:35:06.773 22923 22934 I art     : Explicit concurrent mark sweep GC freed 3(96B) AllocSpace objects, 0(0B) LOS objects, 23% free, 53MB/69MB, paused 774us total 30.977ms
08-03 19:35:06.785 22923 22934 I art     : Starting a blocking GC Explicit
08-03 19:35:06.816 22923 22934 I art     : Explicit concurrent mark sweep GC freed 3(96B) AllocSpace objects, 0(0B) LOS objects, 23% free, 53MB/69MB, paused 727us total 30.449ms
08-03 19:35:07.020 22816 22816 I ServiceManager: Waiting for service AtCmdFwd...
08-03 19:35:07.168 22923 22956 I art     : Starting a blocking GC Explicit
08-03 19:35:07.202 22923 22956 I art     : Explicit concurrent mark sweep GC freed 1344(78KB) AllocSpace objects, 1(20KB) LOS objects, 23% free, 53MB/69MB, paused 816us total 34.258ms
08-03 19:35:07.214 22923 22956 I art     : Starting a blocking GC Explicit
08-03 19:35:07.243 22923 22956 I art     : Explicit concurrent mark sweep GC freed 20(704B) AllocSpace objects, 0(0B) LOS objects, 23% free, 53MB/69MB, paused 730us total 29.414ms
08-03 19:35:07.255 22923 22956 I art     : Starting a blocking GC Explicit
08-03 19:35:07.285 22923 22956 I art     : Explicit concurrent mark sweep GC freed 3(96B) AllocSpace objects, 0(0B) LOS objects, 23% free, 53MB/69MB, paused 749us total 29.881ms
08-03 19:35:07.297 22923 22956 I art     : Starting a blocking GC Explicit
08-03 19:35:07.328 22923 22956 I art     : Explicit concurrent mark sweep GC freed 3(96B) AllocSpace objects, 0(0B) LOS objects, 23% free, 53MB/69MB, paused 894us total 30.488ms
08-03 19:35:07.339 22923 22956 I art     : Starting a blocking GC Explicit
08-03 19:35:07.370 22923 22956 I art     : Explicit concurrent mark sweep GC freed 3(96B) AllocSpace objects, 0(0B) LOS objects, 23% free, 53MB/69MB, paused 781us total 30.459ms
08-03 19:35:07.611 26961 26961 D AndroidRuntime: >>>>>> START com.android.internal.os.RuntimeInit uid 2000 <<<<<<
08-03 19:35:07.617 26961 26961 D AndroidRuntime: CheckJNI is OFF
08-03 19:35:07.659 26961 26961 D ICU     : No timezone override file found: /data/misc/zoneinfo/current/icu/icu_tzdata.dat
08-03 19:35:07.701 22923 22936 I art     : Starting a blocking GC Explicit
08-03 19:35:07.702 26961 26961 I Radio-JNI: register_android_hardware_Radio DONE
08-03 19:35:07.731 22923 22936 I art     : Explicit concurrent mark sweep GC freed 1344(78KB) AllocSpace objects, 1(20KB) LOS objects, 23% free, 53MB/69MB, paused 831us total 30.424ms
08-03 19:35:07.731 26961 26961 D AndroidRuntime: Calling main entry com.android.commands.input.Input
08-03 19:35:07.734 26961 26961 I Input   : injectMotionEvent: MotionEvent { action=ACTION_DOWN, actionButton=0, id[0]=0, x[0]=255.0, y[0]=1845.0, toolType[0]=TOOL_TYPE_UNKNOWN, buttonState=0, metaState=0, flags=0x0, edgeFlags=0x0, pointerCount=1, historySize=0, eventTime=646524146, downTime=646524146, deviceId=0, source=0x1002 }
08-03 19:35:07.741 26961 26961 I Input   : injectMotionEvent: MotionEvent { action=ACTION_UP, actionButton=0, id[0]=0, x[0]=255.0, y[0]=1845.0, toolType[0]=TOOL_TYPE_UNKNOWN, buttonState=0, metaState=0, flags=0x0, edgeFlags=0x0, pointerCount=1, historySize=0, eventTime=646524146, downTime=646524146, deviceId=0, source=0x1002 }
08-03 19:35:07.743 22923 22936 I art     : Starting a blocking GC Explicit
08-03 19:35:07.743   918  6029 I ActivityManager: START u0 {cmp=baseline.appteam.nith.hillffair/.activities.ClubActivity (has extras)} from uid 10624 on display 0
08-03 19:35:07.752 26961 26961 D AndroidRuntime: Shutting down VM
08-03 19:35:07.771 22923 22936 I art     : Explicit concurrent mark sweep GC freed 150(9KB) AllocSpace objects, 0(0B) LOS objects, 23% free, 53MB/69MB, paused 936us total 27.515ms
08-03 19:35:07.782 22923 22936 I art     : Starting a blocking GC Explicit
08-03 19:35:07.812 22923 22936 I art     : Explicit concurrent mark sweep GC freed 3568(278KB) AllocSpace objects, 0(0B) LOS objects, 22% free, 53MB/69MB, paused 858us total 29.979ms
08-03 19:35:07.823 22923 22936 I art     : Starting a blocking GC Explicit
08-03 19:35:07.850 22923 22936 I art     : Explicit concurrent mark sweep GC freed 324(13KB) AllocSpace objects, 0(0B) LOS objects, 22% free, 53MB/69MB, paused 1.149ms total 27.497ms
08-03 19:35:07.858 22923 22923 I NAPPA_EXPERIMENTATION: MetricNetworkRequestExecutionTime: REQUEST_DURATION_SYSTEM='68',REQUEST_DURATION_OKHTTP='41',REQUEST_SYNCHRONOUS='FALSE',RESPONSE_CODE='200',RESPONSE_METHOD='GET',RESPONSE_LENGTH_OKHTTP='1171',RESPONSE_LENGTH_HEADER='-2',REQUEST_PROTOCOL='http/1.1',REQUEST_URL='https://api-hillfair-2k16.herokuapp.com/api/app/club/Technical%20Committee',
08-03 19:35:07.862 22923 22936 I art     : Starting a blocking GC Explicit
08-03 19:35:07.864   918   936 I ActivityManager: Displayed baseline.appteam.nith.hillffair/.activities.ClubActivity: +108ms
08-03 19:35:07.865 13866 13866 I GoogleInputMethodServic: GoogleInputMethodService.onFinishInput():3138 
08-03 19:35:07.865 13866 13866 I GoogleInputMethodServic: GoogleInputMethodService.onStartInput():1808 
08-03 19:35:07.890 22923 22936 I art     : Explicit concurrent mark sweep GC freed 585(46KB) AllocSpace objects, 0(0B) LOS objects, 22% free, 53MB/69MB, paused 760us total 27.920ms
08-03 19:35:08.021 22816 22816 I ServiceManager: Waiting for service AtCmdFwd...
08-03 19:35:08.105   380   380 W SurfaceFlinger: couldn't log to binary event log: overflow.
08-03 19:35:08.197 22923 23189 I art     : Starting a blocking GC Explicit
08-03 19:35:08.229 22923 23189 I art     : Explicit concurrent mark sweep GC freed 1415(80KB) AllocSpace objects, 1(20KB) LOS objects, 22% free, 53MB/69MB, paused 760us total 31.948ms
08-03 19:35:08.242 22923 23189 I art     : Starting a blocking GC Explicit
08-03 19:35:08.270 22923 23189 I art     : Explicit concurrent mark sweep GC freed 118(6KB) AllocSpace objects, 0(0B) LOS objects, 22% free, 53MB/69MB, paused 710us total 28.388ms
08-03 19:35:08.281 22923 23189 I art     : Starting a blocking GC Explicit
08-03 19:35:08.310 22923 23189 I art     : Explicit concurrent mark sweep GC freed 19(656B) AllocSpace objects, 0(0B) LOS objects, 22% free, 53MB/69MB, paused 725us total 28.737ms
08-03 19:35:08.321 22923 23189 I art     : Starting a blocking GC Explicit
08-03 19:35:08.351 22923 23189 I art     : Explicit concurrent mark sweep GC freed 3(96B) AllocSpace objects, 0(0B) LOS objects, 22% free, 53MB/69MB, paused 748us total 29.317ms
08-03 19:35:08.362 22923 23189 I art     : Starting a blocking GC Explicit
08-03 19:35:08.393 22923 23189 I art     : Explicit concurrent mark sweep GC freed 3(96B) AllocSpace objects, 0(0B) LOS objects, 22% free, 53MB/69MB, paused 745us total 30.395ms
08-03 19:35:08.711 22923 22956 I art     : Starting a blocking GC Explicit
08-03 19:35:08.749 22923 22956 I art     : Explicit concurrent mark sweep GC freed 1344(78KB) AllocSpace objects, 1(20KB) LOS objects, 22% free, 53MB/69MB, paused 871us total 37.020ms
08-03 19:35:08.763 22923 22956 I art     : Starting a blocking GC Explicit
08-03 19:35:08.793 22923 22956 I art     : Explicit concurrent mark sweep GC freed 20(704B) AllocSpace objects, 0(0B) LOS objects, 22% free, 53MB/69MB, paused 739us total 29.688ms
08-03 19:35:08.805 22923 22956 I art     : Starting a blocking GC Explicit
08-03 19:35:08.836 22923 22956 I art     : Explicit concurrent mark sweep GC freed 3(96B) AllocSpace objects, 0(0B) LOS objects, 22% free, 53MB/69MB, paused 735us total 30.849ms
08-03 19:35:08.848 22923 22956 I art     : Starting a blocking GC Explicit
08-03 19:35:08.879 22923 22956 I art     : Explicit concurrent mark sweep GC freed 3(96B) AllocSpace objects, 0(0B) LOS objects, 22% free, 53MB/69MB, paused 838us total 30.848ms
08-03 19:35:08.890 22923 22956 I art     : Starting a blocking GC Explicit
08-03 19:35:08.921 22923 22956 I art     : Explicit concurrent mark sweep GC freed 3(96B) AllocSpace objects, 0(0B) LOS objects, 22% free, 53MB/69MB, paused 767us total 30.736ms
08-03 19:35:09.022 22816 22816 I ServiceManager: Waiting for service AtCmdFwd...
08-03 19:35:09.242 22923 24834 I art     : Starting a blocking GC Explicit
08-03 19:35:09.285 22923 24834 I art     : Explicit concurrent mark sweep GC freed 1344(78KB) AllocSpace objects, 1(20KB) LOS objects, 22% free, 53MB/69MB, paused 864us total 42.624ms
08-03 19:35:09.299 22923 24834 I art     : Starting a blocking GC Explicit
08-03 19:35:09.331 22923 24834 I art     : Explicit concurrent mark sweep GC freed 20(704B) AllocSpace objects, 0(0B) LOS objects, 22% free, 53MB/69MB, paused 765us total 31.251ms
08-03 19:35:09.343 22923 24834 I art     : Starting a blocking GC Explicit
08-03 19:35:09.375 22923 24834 I art     : Explicit concurrent mark sweep GC freed 3(96B) AllocSpace objects, 0(0B) LOS objects, 22% free, 53MB/69MB, paused 762us total 32.059ms
08-03 19:35:09.387 22923 24834 I art     : Starting a blocking GC Explicit
08-03 19:35:09.421 22923 24834 I art     : Explicit concurrent mark sweep GC freed 3(96B) AllocSpace objects, 0(0B) LOS objects, 22% free, 53MB/69MB, paused 774us total 34.024ms
08-03 19:35:09.433 22923 24834 I art     : Starting a blocking GC Explicit
08-03 19:35:09.468 22923 24834 I art     : Explicit concurrent mark sweep GC freed 3(96B) AllocSpace objects, 0(0B) LOS objects, 22% free, 53MB/69MB, paused 843us total 34.233ms
08-03 19:35:09.830 22923 22934 I art     : Starting a blocking GC Explicit
08-03 19:35:09.870 22923 22934 I art     : Explicit concurrent mark sweep GC freed 1365(79KB) AllocSpace objects, 1(20KB) LOS objects, 22% free, 53MB/69MB, paused 768us total 39.920ms
08-03 19:35:09.885 22923 22934 I art     : Starting a blocking GC Explicit
08-03 19:35:09.919 22923 22934 I art     : Explicit concurrent mark sweep GC freed 36(1216B) AllocSpace objects, 0(0B) LOS objects, 22% free, 53MB/69MB, paused 769us total 34.181ms
08-03 19:35:09.932 22923 22934 I art     : Starting a blocking GC Explicit
08-03 19:35:09.966 22923 22934 I art     : Explicit concurrent mark sweep GC freed 3(96B) AllocSpace objects, 0(0B) LOS objects, 22% free, 53MB/69MB, paused 735us total 33.840ms
08-03 19:35:09.978 22923 22934 I art     : Starting a blocking GC Explicit
08-03 19:35:10.010 22923 22934 I art     : Explicit concurrent mark sweep GC freed 3(96B) AllocSpace objects, 0(0B) LOS objects, 22% free, 53MB/69MB, paused 710us total 31.684ms
08-03 19:35:10.022 22923 22934 I art     : Starting a blocking GC Explicit
08-03 19:35:10.022 22816 22816 I ServiceManager: Waiting for service AtCmdFwd...
08-03 19:35:10.056 22923 22934 I art     : Explicit concurrent mark sweep GC freed 3(96B) AllocSpace objects, 0(0B) LOS objects, 22% free, 53MB/69MB, paused 755us total 33.326ms
08-03 19:35:10.220   918  3261 D WifiStateMachine: starting scan for "H369AA63323"WPA_PSK with 2412,5180
08-03 19:35:10.387 22923 22936 I art     : Starting a blocking GC Explicit
08-03 19:35:10.424 22923 22936 I art     : Explicit concurrent mark sweep GC freed 1344(78KB) AllocSpace objects, 1(20KB) LOS objects, 22% free, 53MB/69MB, paused 783us total 36.774ms
08-03 19:35:10.439 22923 22936 I art     : Starting a blocking GC Explicit
08-03 19:35:10.474 22923 22936 I art     : Explicit concurrent mark sweep GC freed 20(704B) AllocSpace objects, 0(0B) LOS objects, 22% free, 53MB/69MB, paused 724us total 34.646ms
08-03 19:35:10.486 22923 22936 I art     : Starting a blocking GC Explicit
08-03 19:35:10.518 22923 22936 I art     : Explicit concurrent mark sweep GC freed 3(96B) AllocSpace objects, 0(0B) LOS objects, 22% free, 53MB/69MB, paused 825us total 32.175ms
08-03 19:35:10.530 22923 22936 I art     : Starting a blocking GC Explicit
08-03 19:35:10.564 22923 22936 I art     : Explicit concurrent mark sweep GC freed 3(96B) AllocSpace objects, 0(0B) LOS objects, 22% free, 53MB/69MB, paused 751us total 34.061ms
08-03 19:35:10.577 22923 22936 I art     : Starting a blocking GC Explicit
08-03 19:35:10.610 22923 22936 I art     : Explicit concurrent mark sweep GC freed 3(96B) AllocSpace objects, 0(0B) LOS objects, 22% free, 53MB/69MB, paused 760us total 33.661ms
08-03 19:35:10.965 22923 23189 I art     : Starting a blocking GC Explicit
08-03 19:35:11.003 22923 23189 I art     : Explicit concurrent mark sweep GC freed 1344(78KB) AllocSpace objects, 1(20KB) LOS objects, 22% free, 53MB/69MB, paused 725us total 37.889ms
08-03 19:35:11.015 22923 23189 I art     : Starting a blocking GC Explicit
08-03 19:35:11.023 22816 22816 I ServiceManager: Waiting for service AtCmdFwd...
08-03 19:35:11.050 22923 23189 I art     : Explicit concurrent mark sweep GC freed 20(704B) AllocSpace objects, 0(0B) LOS objects, 22% free, 53MB/69MB, paused 766us total 33.908ms
08-03 19:35:11.062 22923 23189 I art     : Starting a blocking GC Explicit
08-03 19:35:11.095 22923 23189 I art     : Explicit concurrent mark sweep GC freed 3(96B) AllocSpace objects, 0(0B) LOS objects, 22% free, 53MB/69MB, paused 777us total 33.097ms
08-03 19:35:11.107 22923 23189 I art     : Starting a blocking GC Explicit
08-03 19:35:11.140 22923 23189 I art     : Explicit concurrent mark sweep GC freed 3(96B) AllocSpace objects, 0(0B) LOS objects, 22% free, 53MB/69MB, paused 759us total 32.076ms
08-03 19:35:11.152 22923 23189 I art     : Starting a blocking GC Explicit
08-03 19:35:11.186 22923 23189 I art     : Explicit concurrent mark sweep GC freed 3(96B) AllocSpace objects, 0(0B) LOS objects, 22% free, 53MB/69MB, paused 737us total 33.797ms
08-03 19:35:11.513 22923 22956 I art     : Starting a blocking GC Explicit
08-03 19:35:11.560 22923 22956 I art     : Explicit concurrent mark sweep GC freed 1344(78KB) AllocSpace objects, 1(20KB) LOS objects, 22% free, 53MB/69MB, paused 901us total 46.501ms
08-03 19:35:11.578 22923 22956 I art     : Starting a blocking GC Explicit
08-03 19:35:11.610 22923 22956 I art     : Explicit concurrent mark sweep GC freed 20(704B) AllocSpace objects, 0(0B) LOS objects, 22% free, 53MB/69MB, paused 740us total 31.539ms
08-03 19:35:11.622 22923 22956 I art     : Starting a blocking GC Explicit
08-03 19:35:11.656 22923 22956 I art     : Explicit concurrent mark sweep GC freed 3(96B) AllocSpace objects, 0(0B) LOS objects, 22% free, 53MB/69MB, paused 741us total 33.723ms
08-03 19:35:11.668 22923 22956 I art     : Starting a blocking GC Explicit
08-03 19:35:11.702 22923 22956 I art     : Explicit concurrent mark sweep GC freed 3(96B) AllocSpace objects, 0(0B) LOS objects, 22% free, 53MB/69MB, paused 761us total 33.724ms
08-03 19:35:11.714 22923 22956 I art     : Starting a blocking GC Explicit
08-03 19:35:11.747 22923 22956 I art     : Explicit concurrent mark sweep GC freed 3(96B) AllocSpace objects, 0(0B) LOS objects, 22% free, 53MB/69MB, paused 738us total 32.125ms
08-03 19:35:12.023 22816 22816 W Atfwd_Sendcmd: AtCmdFwd service not published, waiting... retryCnt : 2
08-03 19:35:12.094 22923 24834 I art     : Starting a blocking GC Explicit
08-03 19:35:12.128 22923 24834 I art     : Explicit concurrent mark sweep GC freed 1344(78KB) AllocSpace objects, 1(20KB) LOS objects, 22% free, 53MB/69MB, paused 987us total 33.750ms
08-03 19:35:12.141 22923 24834 I art     : Starting a blocking GC Explicit
08-03 19:35:12.174 22923 24834 I art     : Explicit concurrent mark sweep GC freed 20(704B) AllocSpace objects, 0(0B) LOS objects, 22% free, 53MB/69MB, paused 781us total 32.387ms
08-03 19:35:12.186 22923 24834 I art     : Starting a blocking GC Explicit
08-03 19:35:12.218 22923 24834 I art     : Explicit concurrent mark sweep GC freed 3(96B) AllocSpace objects, 0(0B) LOS objects, 22% free, 53MB/69MB, paused 764us total 32.327ms
08-03 19:35:12.230 22923 24834 I art     : Starting a blocking GC Explicit
08-03 19:35:12.261 22923 24834 I art     : Explicit concurrent mark sweep GC freed 3(96B) AllocSpace objects, 0(0B) LOS objects, 22% free, 53MB/69MB, paused 763us total 30.736ms
08-03 19:35:12.273 22923 24834 I art     : Starting a blocking GC Explicit
08-03 19:35:12.305 22923 24834 I art     : Explicit concurrent mark sweep GC freed 3(96B) AllocSpace objects, 0(0B) LOS objects, 22% free, 53MB/69MB, paused 747us total 31.978ms
08-03 19:35:12.566 27064 27064 D AndroidRuntime: >>>>>> START com.android.internal.os.RuntimeInit uid 2000 <<<<<<
08-03 19:35:12.573 27064 27064 D AndroidRuntime: CheckJNI is OFF
08-03 19:35:12.616 27064 27064 D ICU     : No timezone override file found: /data/misc/zoneinfo/current/icu/icu_tzdata.dat
08-03 19:35:12.638 22923 22934 I art     : Starting a blocking GC Explicit
08-03 19:35:12.658 27064 27064 I Radio-JNI: register_android_hardware_Radio DONE
08-03 19:35:12.668 22923 22934 I art     : Explicit concurrent mark sweep GC freed 1344(78KB) AllocSpace objects, 1(20KB) LOS objects, 22% free, 53MB/69MB, paused 847us total 30.601ms
08-03 19:35:12.680 22923 22934 I art     : Starting a blocking GC Explicit
08-03 19:35:12.688 27064 27064 D AndroidRuntime: Calling main entry com.android.commands.input.Input
08-03 19:35:12.690 27064 27064 I Input   : injectKeyEvent: KeyEvent { action=ACTION_DOWN, keyCode=KEYCODE_BACK, scanCode=0, metaState=0, flags=0x0, repeatCount=0, eventTime=646529103, downTime=646529103, deviceId=-1, source=0x101 }
08-03 19:35:12.697 27064 27064 I Input   : injectKeyEvent: KeyEvent { action=ACTION_UP, keyCode=KEYCODE_BACK, scanCode=0, metaState=0, flags=0x0, repeatCount=0, eventTime=646529103, downTime=646529103, deviceId=-1, source=0x101 }
08-03 19:35:12.704 27064 27064 D AndroidRuntime: Shutting down VM
08-03 19:35:12.710 22923 22934 I art     : Explicit concurrent mark sweep GC freed 62(2048B) AllocSpace objects, 0(0B) LOS objects, 22% free, 53MB/69MB, paused 1.170ms total 29.867ms
08-03 19:35:12.721 22923 22934 I art     : Starting a blocking GC Explicit
08-03 19:35:12.747 13866 13866 I GoogleInputMethodServic: GoogleInputMethodService.onFinishInput():3138 
08-03 19:35:12.748 13866 13866 I GoogleInputMethodServic: GoogleInputMethodService.onStartInput():1808 
08-03 19:35:12.749 22923 22934 I art     : Explicit concurrent mark sweep GC freed 105(5KB) AllocSpace objects, 0(0B) LOS objects, 22% free, 53MB/69MB, paused 971us total 27.775ms
08-03 19:35:12.749 22923 22933 I art     : WaitForGcToComplete blocked for 17.855ms for cause HeapTrim
08-03 19:35:12.761 22923 22934 I art     : Starting a blocking GC Explicit
08-03 19:35:12.790 22923 22934 I art     : Explicit concurrent mark sweep GC freed 38(1376B) AllocSpace objects, 0(0B) LOS objects, 22% free, 53MB/69MB, paused 687us total 29.301ms
08-03 19:35:12.802 22923 22934 I art     : Starting a blocking GC Explicit
08-03 19:35:12.831 22923 22934 I art     : Explicit concurrent mark sweep GC freed 10(384B) AllocSpace objects, 0(0B) LOS objects, 22% free, 53MB/69MB, paused 685us total 28.565ms
08-03 19:35:13.057   380   380 W SurfaceFlinger: couldn't log to binary event log: overflow.
08-03 19:35:13.114 22923 22934 I art     : Starting a blocking GC Explicit
08-03 19:35:13.147 22923 22934 I art     : Explicit concurrent mark sweep GC freed 1453(86KB) AllocSpace objects, 1(20KB) LOS objects, 22% free, 53MB/69MB, paused 755us total 32.060ms
08-03 19:35:13.158 22923 22934 I art     : Starting a blocking GC Explicit
08-03 19:35:13.189 22923 22934 I art     : Explicit concurrent mark sweep GC freed 1670(108KB) AllocSpace objects, 3(180KB) LOS objects, 23% free, 53MB/69MB, paused 763us total 30.312ms
08-03 19:35:13.200 22923 22934 I art     : Starting a blocking GC Explicit
08-03 19:35:13.231 22923 22934 I art     : Explicit concurrent mark sweep GC freed 3(96B) AllocSpace objects, 0(0B) LOS objects, 23% free, 53MB/69MB, paused 727us total 30.169ms
08-03 19:35:13.242 22923 22934 I art     : Starting a blocking GC Explicit
08-03 19:35:13.273 22923 22934 I art     : Explicit concurrent mark sweep GC freed 3(96B) AllocSpace objects, 0(0B) LOS objects, 23% free, 53MB/69MB, paused 727us total 30.358ms
08-03 19:35:13.285 22923 22934 I art     : Starting a blocking GC Explicit
08-03 19:35:13.315 22923 22934 I art     : Explicit concurrent mark sweep GC freed 3(96B) AllocSpace objects, 0(0B) LOS objects, 23% free, 53MB/69MB, paused 724us total 30.178ms
08-03 19:35:13.623 22923 22936 I art     : Starting a blocking GC Explicit
08-03 19:35:13.659 22923 22936 I art     : Explicit concurrent mark sweep GC freed 1344(78KB) AllocSpace objects, 1(20KB) LOS objects, 23% free, 53MB/69MB, paused 806us total 36.106ms
08-03 19:35:13.672 22923 22936 I art     : Starting a blocking GC Explicit
08-03 19:35:13.702 22923 22936 I art     : Explicit concurrent mark sweep GC freed 20(704B) AllocSpace objects, 0(0B) LOS objects, 23% free, 53MB/69MB, paused 750us total 30.021ms
08-03 19:35:13.714 22923 22936 I art     : Starting a blocking GC Explicit
08-03 19:35:13.744 22923 22936 I art     : Explicit concurrent mark sweep GC freed 3(96B) AllocSpace objects, 0(0B) LOS objects, 23% free, 53MB/69MB, paused 734us total 30.261ms
08-03 19:35:13.756 22923 22936 I art     : Starting a blocking GC Explicit
08-03 19:35:13.787 22923 22936 I art     : Explicit concurrent mark sweep GC freed 3(96B) AllocSpace objects, 0(0B) LOS objects, 23% free, 53MB/69MB, paused 739us total 30.261ms
08-03 19:35:13.798 22923 22936 I art     : Starting a blocking GC Explicit
08-03 19:35:13.829 22923 22936 I art     : Explicit concurrent mark sweep GC freed 3(96B) AllocSpace objects, 0(0B) LOS objects, 23% free, 53MB/69MB, paused 747us total 30.193ms
08-03 19:35:14.116 22923 23189 I art     : Starting a blocking GC Explicit
08-03 19:35:14.147 22923 23189 I art     : Explicit concurrent mark sweep GC freed 1344(78KB) AllocSpace objects, 1(20KB) LOS objects, 23% free, 53MB/69MB, paused 911us total 31.651ms
08-03 19:35:14.163 22923 23189 I art     : Starting a blocking GC Explicit
08-03 19:35:14.192 22923 23189 I art     : Explicit concurrent mark sweep GC freed 20(704B) AllocSpace objects, 0(0B) LOS objects, 23% free, 53MB/69MB, paused 718us total 28.598ms
08-03 19:35:14.203 22923 23189 I art     : Starting a blocking GC Explicit
08-03 19:35:14.232 22923 23189 I art     : Explicit concurrent mark sweep GC freed 3(96B) AllocSpace objects, 0(0B) LOS objects, 23% free, 53MB/69MB, paused 733us total 28.641ms
08-03 19:35:14.243 22923 23189 I art     : Starting a blocking GC Explicit
08-03 19:35:14.272 22923 23189 I art     : Explicit concurrent mark sweep GC freed 3(96B) AllocSpace objects, 0(0B) LOS objects, 23% free, 53MB/69MB, paused 766us total 28.708ms
08-03 19:35:14.284 22923 23189 I art     : Starting a blocking GC Explicit
08-03 19:35:14.314 22923 23189 I art     : Explicit concurrent mark sweep GC freed 3(96B) AllocSpace objects, 0(0B) LOS objects, 23% free, 53MB/69MB, paused 754us total 29.692ms
08-03 19:35:14.512 27111 27111 D AndroidRuntime: >>>>>> START com.android.internal.os.RuntimeInit uid 2000 <<<<<<
08-03 19:35:14.520 27111 27111 D AndroidRuntime: CheckJNI is OFF
08-03 19:35:14.562 27111 27111 D ICU     : No timezone override file found: /data/misc/zoneinfo/current/icu/icu_tzdata.dat
08-03 19:35:14.604 27111 27111 I Radio-JNI: register_android_hardware_Radio DONE
08-03 19:35:14.634 27111 27111 D AndroidRuntime: Calling main entry com.android.commands.input.Input
08-03 19:35:14.635 27111 27111 I Input   : injectKeyEvent: KeyEvent { action=ACTION_DOWN, keyCode=KEYCODE_BACK, scanCode=0, metaState=0, flags=0x0, repeatCount=0, eventTime=646531048, downTime=646531048, deviceId=-1, source=0x101 }
08-03 19:35:14.640 27111 27111 I Input   : injectKeyEvent: KeyEvent { action=ACTION_UP, keyCode=KEYCODE_BACK, scanCode=0, metaState=0, flags=0x0, repeatCount=0, eventTime=646531048, downTime=646531048, deviceId=-1, source=0x101 }
08-03 19:35:14.647 27111 27111 D AndroidRuntime: Shutting down VM
08-03 19:35:14.650 22923 22936 I art     : Starting a blocking GC Explicit
08-03 19:35:14.680 22923 22936 I art     : Explicit concurrent mark sweep GC freed 1491(85KB) AllocSpace objects, 1(20KB) LOS objects, 23% free, 53MB/69MB, paused 745us total 29.012ms
08-03 19:35:14.687 13866 13866 I GoogleInputMethodServic: GoogleInputMethodService.onFinishInput():3138 
08-03 19:35:14.688 13866 13866 I GoogleInputMethodServic: GoogleInputMethodService.onStartInput():1808 
08-03 19:35:14.692 22923 22936 I art     : Starting a blocking GC Explicit
08-03 19:35:14.720 22923 22936 I art     : Explicit concurrent mark sweep GC freed 79(2768B) AllocSpace objects, 0(0B) LOS objects, 23% free, 53MB/69MB, paused 878us total 28.553ms
08-03 19:35:14.732 22923 22936 I art     : Starting a blocking GC Explicit
08-03 19:35:14.757 22923 22936 I art     : Explicit concurrent mark sweep GC freed 10(384B) AllocSpace objects, 0(0B) LOS objects, 23% free, 53MB/69MB, paused 803us total 25.235ms
08-03 19:35:14.768 22923 22936 I art     : Starting a blocking GC Explicit
08-03 19:35:14.795 22923 22936 I art     : Explicit concurrent mark sweep GC freed 3(96B) AllocSpace objects, 0(0B) LOS objects, 23% free, 53MB/69MB, paused 731us total 26.865ms
08-03 19:35:14.807 22923 22936 I art     : Starting a blocking GC Explicit
08-03 19:35:14.837 22923 22936 I art     : Explicit concurrent mark sweep GC freed 3(96B) AllocSpace objects, 0(0B) LOS objects, 23% free, 53MB/69MB, paused 779us total 30.069ms
08-03 19:35:15.121 22923 22936 I art     : Starting a blocking GC Explicit
08-03 19:35:15.158 22923 22936 I art     : Explicit concurrent mark sweep GC freed 2020(110KB) AllocSpace objects, 1(20KB) LOS objects, 23% free, 53MB/69MB, paused 831us total 36.638ms
08-03 19:35:15.172 22923 22936 I art     : Starting a blocking GC Explicit
08-03 19:35:15.202 22923 22936 I art     : Explicit concurrent mark sweep GC freed 2678(174KB) AllocSpace objects, 1(28KB) LOS objects, 23% free, 53MB/69MB, paused 735us total 29.249ms
08-03 19:35:15.213 22923 22936 I art     : Starting a blocking GC Explicit
08-03 19:35:15.242 22923 22936 I art     : Explicit concurrent mark sweep GC freed 3(96B) AllocSpace objects, 0(0B) LOS objects, 23% free, 53MB/69MB, paused 752us total 28.642ms
08-03 19:35:15.254 22923 22936 I art     : Starting a blocking GC Explicit
08-03 19:35:15.283 22923 22936 I art     : Explicit concurrent mark sweep GC freed 3(96B) AllocSpace objects, 0(0B) LOS objects, 23% free, 53MB/69MB, paused 725us total 29.369ms
08-03 19:35:15.295 22923 22936 I art     : Starting a blocking GC Explicit
08-03 19:35:15.324 22923 22936 I art     : Explicit concurrent mark sweep GC freed 3(96B) AllocSpace objects, 0(0B) LOS objects, 23% free, 53MB/69MB, paused 739us total 28.947ms
08-03 19:35:15.627 22923 24834 I art     : Starting a blocking GC Explicit
08-03 19:35:15.663 22923 24834 I art     : Explicit concurrent mark sweep GC freed 1344(78KB) AllocSpace objects, 1(20KB) LOS objects, 23% free, 53MB/69MB, paused 812us total 36.399ms
08-03 19:35:15.676 22923 24834 I art     : Starting a blocking GC Explicit
08-03 19:35:15.705 22923 24834 I art     : Explicit concurrent mark sweep GC freed 20(704B) AllocSpace objects, 0(0B) LOS objects, 23% free, 53MB/69MB, paused 734us total 27.957ms
08-03 19:35:15.716 22923 24834 I art     : Starting a blocking GC Explicit
08-03 19:35:15.745 22923 24834 I art     : Explicit concurrent mark sweep GC freed 3(96B) AllocSpace objects, 0(0B) LOS objects, 23% free, 53MB/69MB, paused 724us total 28.521ms
08-03 19:35:15.756 22923 24834 I art     : Starting a blocking GC Explicit
08-03 19:35:15.785 22923 24834 I art     : Explicit concurrent mark sweep GC freed 3(96B) AllocSpace objects, 0(0B) LOS objects, 23% free, 53MB/69MB, paused 733us total 28.778ms
08-03 19:35:15.797 22923 24834 I art     : Starting a blocking GC Explicit
08-03 19:35:15.826 22923 24834 I art     : Explicit concurrent mark sweep GC freed 3(96B) AllocSpace objects, 0(0B) LOS objects, 23% free, 53MB/69MB, paused 742us total 28.895ms
08-03 19:35:16.110 22923 22956 I art     : Starting a blocking GC Explicit
08-03 19:35:16.142 22923 22956 I art     : Explicit concurrent mark sweep GC freed 1341(78KB) AllocSpace objects, 1(20KB) LOS objects, 23% free, 53MB/69MB, paused 757us total 31.995ms
08-03 19:35:16.153 22923 22956 I art     : Starting a blocking GC Explicit
08-03 19:35:16.181 22923 22956 I art     : Explicit concurrent mark sweep GC freed 20(704B) AllocSpace objects, 0(0B) LOS objects, 23% free, 53MB/69MB, paused 743us total 27.245ms
08-03 19:35:16.192 22923 22956 I art     : Starting a blocking GC Explicit
08-03 19:35:16.220 22923 22956 I art     : Explicit concurrent mark sweep GC freed 3(96B) AllocSpace objects, 0(0B) LOS objects, 23% free, 53MB/69MB, paused 740us total 27.643ms
08-03 19:35:16.231 22923 22956 I art     : Starting a blocking GC Explicit
08-03 19:35:16.259 22923 22956 I art     : Explicit concurrent mark sweep GC freed 3(96B) AllocSpace objects, 0(0B) LOS objects, 23% free, 53MB/69MB, paused 760us total 27.676ms
08-03 19:35:16.270 22923 22956 I art     : Starting a blocking GC Explicit
08-03 19:35:16.298 22923 22956 I art     : Explicit concurrent mark sweep GC freed 3(96B) AllocSpace objects, 0(0B) LOS objects, 23% free, 53MB/69MB, paused 766us total 27.648ms
08-03 19:35:16.481 27169 27169 D AndroidRuntime: >>>>>> START com.android.internal.os.RuntimeInit uid 2000 <<<<<<
08-03 19:35:16.487 27169 27169 D AndroidRuntime: CheckJNI is OFF
08-03 19:35:16.531 27169 27169 D ICU     : No timezone override file found: /data/misc/zoneinfo/current/icu/icu_tzdata.dat
08-03 19:35:16.572 27169 27169 I Radio-JNI: register_android_hardware_Radio DONE
08-03 19:35:16.600 27169 27169 D AndroidRuntime: Calling main entry com.android.commands.am.Am
08-03 19:35:16.603 22923 24834 I art     : Starting a blocking GC Explicit
08-03 19:35:16.606 29687 29687 I Trepn   : Trepn 6.2s: Received intent: com.quicinc.trepn.stop_profiling
08-03 19:35:16.630 22923 24834 I art     : Explicit concurrent mark sweep GC freed 1341(78KB) AllocSpace objects, 1(20KB) LOS objects, 23% free, 53MB/69MB, paused 657us total 26.838ms
08-03 19:35:16.639 29687 29687 I Trepn   : Trepn 6.2s: Trepn has Stopped Profiling.
08-03 19:35:16.640 22923 24834 I art     : Starting a blocking GC Explicit
08-03 19:35:16.668 22923 24834 I art     : Explicit concurrent mark sweep GC freed 29(1040B) AllocSpace objects, 0(0B) LOS objects, 23% free, 53MB/69MB, paused 710us total 26.915ms
08-03 19:35:16.679 22923 24834 I art     : Starting a blocking GC Explicit
08-03 19:35:16.706 22923 24834 I art     : Explicit concurrent mark sweep GC freed 3(96B) AllocSpace objects, 0(0B) LOS objects, 23% free, 53MB/69MB, paused 720us total 26.927ms
08-03 19:35:16.717 22923 24834 I art     : Starting a blocking GC Explicit
08-03 19:35:16.745 22923 24834 I art     : Explicit concurrent mark sweep GC freed 3(96B) AllocSpace objects, 0(0B) LOS objects, 23% free, 53MB/69MB, paused 696us total 26.956ms
08-03 19:35:16.756 22923 24834 I art     : Starting a blocking GC Explicit
08-03 19:35:16.782 22923 24834 I art     : Explicit concurrent mark sweep GC freed 3(96B) AllocSpace objects, 0(0B) LOS objects, 23% free, 53MB/69MB, paused 686us total 26.374ms
08-03 19:35:16.800 27169 27169 D AndroidRuntime: Shutting down VM
08-03 19:35:16.804   918  5132 W AppOps  : Finishing op nesting under-run: uid 10078 pkg com.quicinc.trepn code 24 time=0 duration=0 nesting=0
08-03 19:35:17.125 22923 22956 I art     : Starting a blocking GC Explicit
08-03 19:35:17.154 22923 22956 I art     : Explicit concurrent mark sweep GC freed 1341(78KB) AllocSpace objects, 1(20KB) LOS objects, 23% free, 53MB/69MB, paused 734us total 28.455ms
08-03 19:35:17.165 22923 22956 I art     : Starting a blocking GC Explicit
08-03 19:35:17.193 22923 22956 I art     : Explicit concurrent mark sweep GC freed 20(704B) AllocSpace objects, 0(0B) LOS objects, 23% free, 53MB/69MB, paused 707us total 27.138ms
08-03 19:35:17.204 22923 22956 I art     : Starting a blocking GC Explicit
08-03 19:35:17.231 22923 22956 I art     : Explicit concurrent mark sweep GC freed 3(96B) AllocSpace objects, 0(0B) LOS objects, 23% free, 53MB/69MB, paused 685us total 26.610ms
08-03 19:35:17.242 22923 22956 I art     : Starting a blocking GC Explicit
08-03 19:35:17.270 22923 22956 I art     : Explicit concurrent mark sweep GC freed 3(96B) AllocSpace objects, 0(0B) LOS objects, 23% free, 53MB/69MB, paused 684us total 26.931ms
08-03 19:35:17.281 22923 22956 I art     : Starting a blocking GC Explicit
08-03 19:35:17.308 22923 22956 I art     : Explicit concurrent mark sweep GC freed 3(96B) AllocSpace objects, 0(0B) LOS objects, 23% free, 53MB/69MB, paused 768us total 27.023ms
