--------- beginning of system
08-03 18:31:41.434   918   937 W ProcessCpuTracker: Skipping unknown process pid 4003
--------- beginning of main
08-03 18:31:41.790  4005  4005 D AndroidRuntime: >>>>>> START com.android.internal.os.RuntimeInit uid 2000 <<<<<<
08-03 18:31:41.795  4005  4005 D AndroidRuntime: CheckJNI is OFF
08-03 18:31:41.827  4005  4005 D ICU     : No timezone override file found: /data/misc/zoneinfo/current/icu/icu_tzdata.dat
08-03 18:31:41.857  4005  4005 I Radio-JNI: register_android_hardware_Radio DONE
08-03 18:31:41.876  4005  4005 D AndroidRuntime: Calling main entry com.android.commands.monkey.Monkey
08-03 18:31:41.895   918   931 W BroadcastQueue: Skipping deliver [background] BroadcastRecord{afcc817 u-1 android.net.conn.CONNECTIVITY_CHANGE} to ReceiverList{b626404 4005 (unknown name)/2000/u-1 remote:aa097b1}: process crashing
08-03 18:31:41.905   918  5132 I ActivityManager: START u0 {act=android.intent.action.MAIN cat=[android.intent.category.LAUNCHER] flg=0x10200000 cmp=baseline.appteam.nith.hillffair/.activities.SplashActivity} from uid 2000 on display 0
08-03 18:31:41.936   918  4400 I ActivityManager: Start proc 4014:baseline.appteam.nith.hillffair/u0a624 for activity baseline.appteam.nith.hillffair/.activities.SplashActivity
08-03 18:31:41.941  4014  4014 I art     : Late-enabling -Xcheck:jni
08-03 18:31:41.947  4005  4005 I art     : System.exit called, status: 0
08-03 18:31:41.947  4005  4005 I AndroidRuntime: VM exiting with result code 0.
08-03 18:31:42.013  6202 18847 I PBSessionCacheImpl: Deleted sessionId[27278280657311515] from persistence.
08-03 18:31:42.019  4014  4014 W System  : ClassLoader referenced unknown path: /data/app/baseline.appteam.nith.hillffair-1/lib/arm64
08-03 18:31:42.023  6202  6241 W SearchServiceCore: Abort, client detached.
08-03 18:31:42.024  6202  6241 I MicroDetectionState: Should stop hotword detection immediately - true
08-03 18:31:42.038  4014  4014 W OneSignal: GCM Library detected, please upgrade to Firebase FCM library as GCM is deprecated!
08-03 18:31:42.082  4014  4014 W art     : Before Android 4.1, method android.graphics.PorterDuffColorFilter androidx.vectordrawable.graphics.drawable.VectorDrawableCompat.updateTintFilter(android.graphics.PorterDuffColorFilter, android.content.res.ColorStateList, android.graphics.PorterDuff$Mode) would have incorrectly overridden the package-private method in android.graphics.drawable.Drawable
08-03 18:31:42.105  4014  4014 I art     : Rejecting re-init on previously-failed class java.lang.Class<androidx.core.view.ViewCompat$2>
08-03 18:31:42.105  4014  4014 I art     : Rejecting re-init on previously-failed class java.lang.Class<androidx.core.view.ViewCompat$2>
08-03 18:31:42.151  4014  4037 D OpenGLRenderer: Use EGL_SWAP_BEHAVIOR_PRESERVED: true
08-03 18:31:42.201  4014  4037 I Adreno  : QUALCOMM build                   : fcf4852, I1af360237c
08-03 18:31:42.201  4014  4037 I Adreno  : Build Date                       : 09/23/15
08-03 18:31:42.201  4014  4037 I Adreno  : OpenGL ES Shader Compiler Version: XE031.05.13.02
08-03 18:31:42.201  4014  4037 I Adreno  : Local Branch                     : mybranch14465806
08-03 18:31:42.201  4014  4037 I Adreno  : Remote Branch                    : quic/LA.BF64.1.2.9_v2
08-03 18:31:42.201  4014  4037 I Adreno  : Remote Branch                    : NONE
08-03 18:31:42.201  4014  4037 I Adreno  : Reconstruct Branch               : NOTHING
08-03 18:31:42.211  4014  4037 I OpenGLRenderer: Initialized EGL, version 1.4
08-03 18:31:42.265 13866 13866 I GoogleInputMethodServic: GoogleInputMethodService.onFinishInput():3138 
08-03 18:31:42.267 13866 13866 I GoogleInputMethodServic: GoogleInputMethodService.onStartInput():1808 
08-03 18:31:42.330  4014  4025 I art     : Background sticky concurrent mark sweep GC freed 34941(2MB) AllocSpace objects, 8(160KB) LOS objects, 25% free, 22MB/30MB, paused 6.126ms total 38.233ms
08-03 18:31:42.332   918   936 I ActivityManager: Displayed baseline.appteam.nith.hillffair/.activities.SplashActivity: +421ms
08-03 18:31:42.419  4014  4047 W GCM     : GCM SDK is deprecated, baseline.appteam.nith.hillffair should update to use FCM
08-03 18:31:42.486 24365 30222 W Conscrypt: Could not set socket write timeout: java.net.SocketException: Socket closed
08-03 18:31:42.486 24365 30222 E art     : invalid stream - problem with parameter iterator in /data/app/com.google.android.gms-2/base.apk:classes3.dex for method void com.google.android.gms.org.conscrypt.ConscryptFileDescriptorSocket.setSoWriteTimeout(int)
08-03 18:31:42.502 24365 30222 W Conscrypt: 	at com.google.android.gms.org.conscrypt.Platform.setSocketWriteTimeout(:com.google.android.gms@202614019@20.26.14 (040400-320008519):2)
08-03 18:31:42.503 24365 30222 W Conscrypt: 	at com.google.android.gms.org.conscrypt.ConscryptFileDescriptorSocket.setSoWriteTimeout(:com.google.android.gms@202614019@20.26.14 (040400-320008519))
08-03 18:31:42.529 24365 30222 W Conscrypt: Could not set socket write timeout: java.net.SocketException: Socket closed
08-03 18:31:42.530 24365 30222 E art     : invalid stream - problem with parameter iterator in /data/app/com.google.android.gms-2/base.apk:classes3.dex for method void com.google.android.gms.org.conscrypt.ConscryptFileDescriptorSocket.setSoWriteTimeout(int)
08-03 18:31:42.530 24365 30222 W Conscrypt: 	at com.google.android.gms.org.conscrypt.Platform.setSocketWriteTimeout(:com.google.android.gms@202614019@20.26.14 (040400-320008519):2)
08-03 18:31:42.530 24365 30222 W Conscrypt: 	at com.google.android.gms.org.conscrypt.ConscryptFileDescriptorSocket.setSoWriteTimeout(:com.google.android.gms@202614019@20.26.14 (040400-320008519))
08-03 18:31:42.602 24365 30222 W Conscrypt: Could not set socket write timeout: java.net.SocketException: Socket closed
08-03 18:31:42.602 24365 30222 E art     : invalid stream - problem with parameter iterator in /data/app/com.google.android.gms-2/base.apk:classes3.dex for method void com.google.android.gms.org.conscrypt.ConscryptFileDescriptorSocket.setSoWriteTimeout(int)
08-03 18:31:42.602 24365 30222 W Conscrypt: 	at com.google.android.gms.org.conscrypt.Platform.setSocketWriteTimeout(:com.google.android.gms@202614019@20.26.14 (040400-320008519):2)
08-03 18:31:42.602 24365 30222 W Conscrypt: 	at com.google.android.gms.org.conscrypt.ConscryptFileDescriptorSocket.setSoWriteTimeout(:com.google.android.gms@202614019@20.26.14 (040400-320008519))
08-03 18:31:42.619 24365 30222 W Conscrypt: Could not set socket write timeout: java.net.SocketException: Socket closed
08-03 18:31:42.619 24365 30222 E art     : invalid stream - problem with parameter iterator in /data/app/com.google.android.gms-2/base.apk:classes3.dex for method void com.google.android.gms.org.conscrypt.ConscryptFileDescriptorSocket.setSoWriteTimeout(int)
08-03 18:31:42.619 24365 30222 W Conscrypt: 	at com.google.android.gms.org.conscrypt.Platform.setSocketWriteTimeout(:com.google.android.gms@202614019@20.26.14 (040400-320008519):2)
08-03 18:31:42.619 24365 30222 W Conscrypt: 	at com.google.android.gms.org.conscrypt.ConscryptFileDescriptorSocket.setSoWriteTimeout(:com.google.android.gms@202614019@20.26.14 (040400-320008519))
08-03 18:31:42.784  4014  4047 E OneSignal: Error Getting GCM Token
08-03 18:31:42.784  4014  4047 E OneSignal: java.io.IOException: INVALID_SENDER
08-03 18:31:42.784  4014  4047 E OneSignal: 	at com.google.android.gms.gcm.GoogleCloudMessaging.zzd(Unknown Source)
08-03 18:31:42.784  4014  4047 E OneSignal: 	at com.google.android.gms.gcm.GoogleCloudMessaging.register(Unknown Source)
08-03 18:31:42.784  4014  4047 E OneSignal: 	at com.onesignal.PushRegistratorGCM.getToken(PushRegistratorGCM.java:42)
08-03 18:31:42.784  4014  4047 E OneSignal: 	at com.onesignal.PushRegistratorAbstractGoogle.attemptRegistration(PushRegistratorAbstractGoogle.java:97)
08-03 18:31:42.784  4014  4047 E OneSignal: 	at com.onesignal.PushRegistratorAbstractGoogle.access$100(PushRegistratorAbstractGoogle.java:37)
08-03 18:31:42.784  4014  4047 E OneSignal: 	at com.onesignal.PushRegistratorAbstractGoogle$1.run(PushRegistratorAbstractGoogle.java:84)
08-03 18:31:42.784  4014  4047 E OneSignal: 	at java.lang.Thread.run(Thread.java:818)
08-03 18:31:42.810  4014  4052 I art     : Rejecting re-init on previously-failed class java.lang.Class<com.onesignal.OneSignalChromeTab$OneSignalCustomTabsServiceConnection>
08-03 18:31:42.810  4014  4052 I art     : Rejecting re-init on previously-failed class java.lang.Class<com.onesignal.OneSignalChromeTab$OneSignalCustomTabsServiceConnection>
08-03 18:31:43.611  4064  4064 D AndroidRuntime: >>>>>> START com.android.internal.os.RuntimeInit uid 2000 <<<<<<
08-03 18:31:43.617  4064  4064 D AndroidRuntime: CheckJNI is OFF
08-03 18:31:43.638   918  3961 I ActivityManager: START u0 {cmp=baseline.appteam.nith.hillffair/.activities.WelcomeActivity} from uid 10624 on display 0
08-03 18:31:43.648  4064  4064 D ICU     : No timezone override file found: /data/misc/zoneinfo/current/icu/icu_tzdata.dat
08-03 18:31:43.673  4064  4064 I Radio-JNI: register_android_hardware_Radio DONE
08-03 18:31:43.674   918  6029 I ActivityManager: START u0 {cmp=baseline.appteam.nith.hillffair/.activities.HomeActivity} from uid 10624 on display 0
08-03 18:31:43.680   918  3359 W ActivityManager: Duplicate finish request for ActivityRecord{d45bb82 u0 baseline.appteam.nith.hillffair/.activities.WelcomeActivity t3720 f}
08-03 18:31:43.688  4064  4064 D AndroidRuntime: Calling main entry com.android.commands.am.Am
08-03 18:31:43.693 29687 29687 I Trepn   : Trepn 6.2s: Received intent: com.quicinc.trepn.start_profiling
08-03 18:31:43.765 29687 29687 W FileUtils: Failed to chmod(/storage/emulated/0/trepn/Trepn_2020.08.03_183143.db): android.system.ErrnoException: chmod failed: EPERM (Operation not permitted)
08-03 18:31:43.833 29687 29687 I Trepn   : Trepn 6.2s: Trepn has Started Profiling.
08-03 18:31:43.834  4064  4064 D AndroidRuntime: Shutting down VM
08-03 18:31:44.159   918   936 I ActivityManager: Displayed baseline.appteam.nith.hillffair/.activities.HomeActivity: +437ms (total +506ms)
08-03 18:31:44.160 13866 13866 I GoogleInputMethodServic: GoogleInputMethodService.onFinishInput():3138 
08-03 18:31:44.160 13866 13866 I GoogleInputMethodServic: GoogleInputMethodService.onStartInput():1808 
08-03 18:31:44.229  4014  4027 I art     : Starting a blocking GC Explicit
08-03 18:31:44.242  4014  4027 I art     : Explicit concurrent mark sweep GC freed 3494(578KB) AllocSpace objects, 0(0B) LOS objects, 24% free, 48MB/64MB, paused 142us total 12.424ms
08-03 18:31:44.247  4014  4027 I art     : Starting a blocking GC Explicit
08-03 18:31:44.258  4014  4027 I art     : Explicit concurrent mark sweep GC freed 1318(85KB) AllocSpace objects, 0(0B) LOS objects, 25% free, 47MB/63MB, paused 130us total 10.282ms
08-03 18:31:44.263  4014  4027 I art     : Starting a blocking GC Explicit
08-03 18:31:44.274  4014  4027 I art     : Explicit concurrent mark sweep GC freed 3(96B) AllocSpace objects, 0(0B) LOS objects, 25% free, 47MB/63MB, paused 130us total 10.015ms
08-03 18:31:44.279  4014  4027 I art     : Starting a blocking GC Explicit
08-03 18:31:44.291  4014  4027 I art     : Explicit concurrent mark sweep GC freed 3(96B) AllocSpace objects, 0(0B) LOS objects, 25% free, 47MB/63MB, paused 141us total 10.896ms
08-03 18:31:44.297  4014  4027 I art     : Starting a blocking GC Explicit
08-03 18:31:44.308  4014  4027 I art     : Explicit concurrent mark sweep GC freed 3(96B) AllocSpace objects, 0(0B) LOS objects, 25% free, 47MB/63MB, paused 139us total 11.120ms
08-03 18:31:44.408   380   380 W SurfaceFlinger: couldn't log to binary event log: overflow.
08-03 18:31:44.587  4014  4027 I art     : Starting a blocking GC Explicit
08-03 18:31:44.601  4014  4027 I art     : Explicit concurrent mark sweep GC freed 2021(114KB) AllocSpace objects, 1(20KB) LOS objects, 25% free, 47MB/63MB, paused 171us total 13.127ms
08-03 18:31:44.607  4014  4027 I art     : Starting a blocking GC Explicit
08-03 18:31:44.619  4014  4027 I art     : Explicit concurrent mark sweep GC freed 908(59KB) AllocSpace objects, 0(0B) LOS objects, 25% free, 47MB/63MB, paused 146us total 10.903ms
08-03 18:31:44.624  4014  4027 I art     : Starting a blocking GC Explicit
08-03 18:31:44.636  4014  4027 I art     : Explicit concurrent mark sweep GC freed 3(96B) AllocSpace objects, 0(0B) LOS objects, 25% free, 47MB/63MB, paused 154us total 11.801ms
08-03 18:31:44.642  4014  4027 I art     : Starting a blocking GC Explicit
08-03 18:31:44.654  4014  4027 I art     : Explicit concurrent mark sweep GC freed 3(96B) AllocSpace objects, 0(0B) LOS objects, 25% free, 47MB/63MB, paused 147us total 11.459ms
08-03 18:31:44.660  4014  4027 I art     : Starting a blocking GC Explicit
08-03 18:31:44.672  4014  4027 I art     : Explicit concurrent mark sweep GC freed 3(96B) AllocSpace objects, 0(0B) LOS objects, 25% free, 47MB/63MB, paused 152us total 11.350ms
08-03 18:31:44.977  4014  4026 I art     : Starting a blocking GC Explicit
08-03 18:31:44.991  4014  4026 I art     : Explicit concurrent mark sweep GC freed 1341(78KB) AllocSpace objects, 1(20KB) LOS objects, 25% free, 47MB/63MB, paused 168us total 13.443ms
08-03 18:31:44.998  4014  4026 I art     : Starting a blocking GC Explicit
08-03 18:31:45.010  4014  4026 I art     : Explicit concurrent mark sweep GC freed 20(704B) AllocSpace objects, 0(0B) LOS objects, 25% free, 47MB/63MB, paused 160us total 12.119ms
08-03 18:31:45.017  4014  4026 I art     : Starting a blocking GC Explicit
08-03 18:31:45.028  4014  4026 I art     : Explicit concurrent mark sweep GC freed 3(96B) AllocSpace objects, 0(0B) LOS objects, 25% free, 47MB/63MB, paused 151us total 11.401ms
08-03 18:31:45.034  4014  4026 I art     : Starting a blocking GC Explicit
08-03 18:31:45.046  4014  4026 I art     : Explicit concurrent mark sweep GC freed 3(96B) AllocSpace objects, 0(0B) LOS objects, 25% free, 47MB/63MB, paused 141us total 11.753ms
08-03 18:31:45.052  4014  4026 I art     : Starting a blocking GC Explicit
08-03 18:31:45.064  4014  4026 I art     : Explicit concurrent mark sweep GC freed 3(96B) AllocSpace objects, 0(0B) LOS objects, 25% free, 47MB/63MB, paused 146us total 11.323ms
08-03 18:31:45.352  4014  4027 I art     : Starting a blocking GC Explicit
08-03 18:31:45.368  4014  4027 I art     : Explicit concurrent mark sweep GC freed 1342(78KB) AllocSpace objects, 1(20KB) LOS objects, 25% free, 47MB/63MB, paused 190us total 15.862ms
08-03 18:31:45.377  4014  4027 I art     : Starting a blocking GC Explicit
08-03 18:31:45.389  4014  4027 I art     : Explicit concurrent mark sweep GC freed 20(704B) AllocSpace objects, 0(0B) LOS objects, 25% free, 47MB/63MB, paused 154us total 12.095ms
08-03 18:31:45.396  4014  4027 I art     : Starting a blocking GC Explicit
08-03 18:31:45.407  4014  4027 I art     : Explicit concurrent mark sweep GC freed 3(96B) AllocSpace objects, 0(0B) LOS objects, 25% free, 47MB/63MB, paused 154us total 11.289ms
08-03 18:31:45.413  4014  4027 I art     : Starting a blocking GC Explicit
08-03 18:31:45.425  4014  4027 I art     : Explicit concurrent mark sweep GC freed 3(96B) AllocSpace objects, 0(0B) LOS objects, 25% free, 47MB/63MB, paused 137us total 11.523ms
08-03 18:31:45.431  4014  4027 I art     : Starting a blocking GC Explicit
08-03 18:31:45.443  4014  4027 I art     : Explicit concurrent mark sweep GC freed 3(96B) AllocSpace objects, 0(0B) LOS objects, 25% free, 47MB/63MB, paused 153us total 11.388ms
08-03 18:31:45.574 30381 30381 I ServiceManager: Waiting for service AtCmdFwd...
08-03 18:31:45.744  4014  4026 I art     : Starting a blocking GC Explicit
08-03 18:31:45.761  4014  4026 I art     : Explicit concurrent mark sweep GC freed 1340(78KB) AllocSpace objects, 1(20KB) LOS objects, 25% free, 47MB/63MB, paused 185us total 17.052ms
08-03 18:31:45.771  4014  4026 I art     : Starting a blocking GC Explicit
08-03 18:31:45.786  4014  4026 I art     : Explicit concurrent mark sweep GC freed 20(704B) AllocSpace objects, 0(0B) LOS objects, 25% free, 47MB/63MB, paused 168us total 14.883ms
08-03 18:31:45.796  4014  4026 I art     : Starting a blocking GC Explicit
08-03 18:31:45.808  4014  4026 I art     : Explicit concurrent mark sweep GC freed 3(96B) AllocSpace objects, 0(0B) LOS objects, 25% free, 47MB/63MB, paused 153us total 11.816ms
08-03 18:31:45.814  4014  4026 I art     : Starting a blocking GC Explicit
08-03 18:31:45.826  4014  4026 I art     : Explicit concurrent mark sweep GC freed 3(96B) AllocSpace objects, 0(0B) LOS objects, 25% free, 47MB/63MB, paused 138us total 11.612ms
08-03 18:31:45.832  4014  4026 I art     : Starting a blocking GC Explicit
08-03 18:31:45.844  4014  4026 I art     : Explicit concurrent mark sweep GC freed 3(96B) AllocSpace objects, 0(0B) LOS objects, 25% free, 47MB/63MB, paused 149us total 11.538ms
08-03 18:31:46.174  4014  4027 I art     : Starting a blocking GC Explicit
08-03 18:31:46.192  4014  4027 I art     : Explicit concurrent mark sweep GC freed 1339(78KB) AllocSpace objects, 1(20KB) LOS objects, 25% free, 47MB/63MB, paused 198us total 17.502ms
08-03 18:31:46.202  4014  4027 I art     : Starting a blocking GC Explicit
08-03 18:31:46.217  4014  4027 I art     : Explicit concurrent mark sweep GC freed 20(704B) AllocSpace objects, 0(0B) LOS objects, 25% free, 47MB/63MB, paused 288us total 14.936ms
08-03 18:31:46.227  4014  4027 I art     : Starting a blocking GC Explicit
08-03 18:31:46.239  4014  4027 I art     : Explicit concurrent mark sweep GC freed 3(96B) AllocSpace objects, 0(0B) LOS objects, 25% free, 47MB/63MB, paused 153us total 11.278ms
08-03 18:31:46.245  4014  4027 I art     : Starting a blocking GC Explicit
08-03 18:31:46.257  4014  4027 I art     : Explicit concurrent mark sweep GC freed 3(96B) AllocSpace objects, 0(0B) LOS objects, 25% free, 47MB/63MB, paused 222us total 11.633ms
08-03 18:31:46.263  4014  4027 I art     : Starting a blocking GC Explicit
08-03 18:31:46.275  4014  4027 I art     : Explicit concurrent mark sweep GC freed 3(96B) AllocSpace objects, 0(0B) LOS objects, 25% free, 47MB/63MB, paused 147us total 11.934ms
08-03 18:31:46.447   918   937 W ProcessCpuTracker: Skipping unknown process pid 4165
08-03 18:31:46.568  4014  4026 I art     : Starting a blocking GC Explicit
08-03 18:31:46.574 30381 30381 I ServiceManager: Waiting for service AtCmdFwd...
08-03 18:31:46.582  4014  4026 I art     : Explicit concurrent mark sweep GC freed 1339(78KB) AllocSpace objects, 1(20KB) LOS objects, 25% free, 47MB/63MB, paused 157us total 14.060ms
08-03 18:31:46.589  4014  4026 I art     : Starting a blocking GC Explicit
08-03 18:31:46.601  4014  4026 I art     : Explicit concurrent mark sweep GC freed 20(704B) AllocSpace objects, 0(0B) LOS objects, 25% free, 47MB/63MB, paused 145us total 11.463ms
08-03 18:31:46.607  4014  4026 I art     : Starting a blocking GC Explicit
08-03 18:31:46.618  4014  4026 I art     : Explicit concurrent mark sweep GC freed 3(96B) AllocSpace objects, 0(0B) LOS objects, 25% free, 47MB/63MB, paused 144us total 11.203ms
08-03 18:31:46.624  4014  4026 I art     : Starting a blocking GC Explicit
08-03 18:31:46.635  4014  4026 I art     : Explicit concurrent mark sweep GC freed 3(96B) AllocSpace objects, 0(0B) LOS objects, 25% free, 47MB/63MB, paused 149us total 11.183ms
08-03 18:31:46.641  4014  4026 I art     : Starting a blocking GC Explicit
08-03 18:31:46.653  4014  4026 I art     : Explicit concurrent mark sweep GC freed 3(96B) AllocSpace objects, 0(0B) LOS objects, 25% free, 47MB/63MB, paused 140us total 11.332ms
08-03 18:31:46.961  4014  4027 I art     : Starting a blocking GC Explicit
08-03 18:31:46.978  4014  4027 I art     : Explicit concurrent mark sweep GC freed 1339(78KB) AllocSpace objects, 1(20KB) LOS objects, 25% free, 47MB/63MB, paused 185us total 17.304ms
08-03 18:31:46.988  4014  4027 I art     : Starting a blocking GC Explicit
08-03 18:31:47.003  4014  4027 I art     : Explicit concurrent mark sweep GC freed 20(704B) AllocSpace objects, 0(0B) LOS objects, 25% free, 47MB/63MB, paused 172us total 14.937ms
08-03 18:31:47.012  4014  4027 I art     : Starting a blocking GC Explicit
08-03 18:31:47.027  4014  4027 I art     : Explicit concurrent mark sweep GC freed 3(96B) AllocSpace objects, 0(0B) LOS objects, 25% free, 47MB/63MB, paused 168us total 14.417ms
08-03 18:31:47.033  4014  4027 I art     : Starting a blocking GC Explicit
08-03 18:31:47.045  4014  4027 I art     : Explicit concurrent mark sweep GC freed 3(96B) AllocSpace objects, 0(0B) LOS objects, 25% free, 47MB/63MB, paused 143us total 11.261ms
08-03 18:31:47.051  4014  4027 I art     : Starting a blocking GC Explicit
08-03 18:31:47.063  4014  4027 I art     : Explicit concurrent mark sweep GC freed 3(96B) AllocSpace objects, 0(0B) LOS objects, 25% free, 47MB/63MB, paused 154us total 10.774ms
08-03 18:31:47.397  4014  4026 I art     : Starting a blocking GC Explicit
08-03 18:31:47.419  4014  4026 I art     : Explicit concurrent mark sweep GC freed 1339(78KB) AllocSpace objects, 1(20KB) LOS objects, 25% free, 47MB/63MB, paused 208us total 21.459ms
08-03 18:31:47.429  4014  4026 I art     : Starting a blocking GC Explicit
08-03 18:31:47.443  4014  4026 I art     : Explicit concurrent mark sweep GC freed 20(704B) AllocSpace objects, 0(0B) LOS objects, 25% free, 47MB/63MB, paused 149us total 13.407ms
08-03 18:31:47.449  4014  4026 I art     : Starting a blocking GC Explicit
08-03 18:31:47.460  4014  4026 I art     : Explicit concurrent mark sweep GC freed 3(96B) AllocSpace objects, 0(0B) LOS objects, 25% free, 47MB/63MB, paused 139us total 11.034ms
08-03 18:31:47.466  4014  4026 I art     : Starting a blocking GC Explicit
08-03 18:31:47.478  4014  4026 I art     : Explicit concurrent mark sweep GC freed 3(96B) AllocSpace objects, 0(0B) LOS objects, 25% free, 47MB/63MB, paused 153us total 11.267ms
08-03 18:31:47.484  4014  4026 I art     : Starting a blocking GC Explicit
08-03 18:31:47.495  4014  4026 I art     : Explicit concurrent mark sweep GC freed 3(96B) AllocSpace objects, 0(0B) LOS objects, 25% free, 47MB/63MB, paused 149us total 11.322ms
08-03 18:31:47.575 30381 30381 I ServiceManager: Waiting for service AtCmdFwd...
08-03 18:31:47.577   918 13198 D NetlinkSocketObserver: NeighborEvent{elapsedMs=1626111452, 192.168.2.254, [7C3953A63323], RTM_NEWNEIGH, NUD_REACHABLE}
08-03 18:31:47.798  4014  4027 I art     : Starting a blocking GC Explicit
08-03 18:31:47.810  4014  4027 I art     : Explicit concurrent mark sweep GC freed 1338(78KB) AllocSpace objects, 1(20KB) LOS objects, 25% free, 47MB/63MB, paused 169us total 11.997ms
08-03 18:31:47.817  4014  4027 I art     : Starting a blocking GC Explicit
08-03 18:31:47.842  4014  4027 I art     : Explicit concurrent mark sweep GC freed 201(13KB) AllocSpace objects, 0(0B) LOS objects, 25% free, 47MB/63MB, paused 232us total 25.279ms
08-03 18:31:47.849  4014  4027 I art     : Starting a blocking GC Explicit
08-03 18:31:47.859  4014  4027 I art     : Explicit concurrent mark sweep GC freed 27(1872B) AllocSpace objects, 0(0B) LOS objects, 25% free, 47MB/63MB, paused 175us total 10.374ms
08-03 18:31:47.865  4014  4027 I art     : Starting a blocking GC Explicit
08-03 18:31:47.875  4014  4027 I art     : Explicit concurrent mark sweep GC freed 8(304B) AllocSpace objects, 0(0B) LOS objects, 25% free, 47MB/63MB, paused 163us total 9.974ms
08-03 18:31:47.880  4014  4027 I art     : Starting a blocking GC Explicit
08-03 18:31:47.890  4014  4027 I art     : Explicit concurrent mark sweep GC freed 3(96B) AllocSpace objects, 0(0B) LOS objects, 25% free, 47MB/63MB, paused 164us total 9.929ms
08-03 18:31:47.970  4014  4205 W OneSignal: OneSignalRestClient: POST Error thrown from network stack. 
08-03 18:31:47.970  4014  4205 W OneSignal: java.io.IOException: unexpected end of stream on Connection{api.onesignal.com:443, proxy=HTTP@192.168.2.12:8080 hostAddress=192.168.2.12 cipherSuite=TLS_ECDHE_RSA_WITH_AES_128_GCM_SHA256 protocol=http/1.1} (recycle count=1)
08-03 18:31:47.970  4014  4205 W OneSignal: 	at com.android.okhttp.internal.http.HttpConnection.readResponse(HttpConnection.java:210)
08-03 18:31:47.970  4014  4205 W OneSignal: 	at com.android.okhttp.internal.http.HttpTransport.readResponseHeaders(HttpTransport.java:80)
08-03 18:31:47.970  4014  4205 W OneSignal: 	at com.android.okhttp.internal.http.HttpEngine.readNetworkResponse(HttpEngine.java:904)
08-03 18:31:47.970  4014  4205 W OneSignal: 	at com.android.okhttp.internal.http.HttpEngine.readResponse(HttpEngine.java:788)
08-03 18:31:47.970  4014  4205 W OneSignal: 	at com.android.okhttp.internal.huc.HttpURLConnectionImpl.execute(HttpURLConnectionImpl.java:439)
08-03 18:31:47.970  4014  4205 W OneSignal: 	at com.android.okhttp.internal.huc.HttpURLConnectionImpl.getResponse(HttpURLConnectionImpl.java:384)
08-03 18:31:47.970  4014  4205 W OneSignal: 	at com.android.okhttp.internal.huc.HttpURLConnectionImpl.getResponseCode(HttpURLConnectionImpl.java:497)
08-03 18:31:47.970  4014  4205 W OneSignal: 	at com.android.okhttp.internal.huc.DelegatingHttpsURLConnection.getResponseCode(DelegatingHttpsURLConnection.java:105)
08-03 18:31:47.970  4014  4205 W OneSignal: 	at com.android.okhttp.internal.huc.HttpsURLConnectionImpl.getResponseCode(HttpsURLConnectionImpl.java)
08-03 18:31:47.970  4014  4205 W OneSignal: 	at com.onesignal.OneSignalRestClient.startHTTPConnection(OneSignalRestClient.java:180)
08-03 18:31:47.970  4014  4205 W OneSignal: 	at com.onesignal.OneSignalRestClient.access$100(OneSignalRestClient.java:44)
08-03 18:31:47.970  4014  4205 W OneSignal: 	at com.onesignal.OneSignalRestClient$4.run(OneSignalRestClient.java:110)
08-03 18:31:47.970  4014  4205 W OneSignal: 	at java.lang.Thread.run(Thread.java:818)
08-03 18:31:47.970  4014  4205 W OneSignal: Caused by: java.io.EOFException: \n not found: size=0 content=...
08-03 18:31:47.970  4014  4205 W OneSignal: 	at com.android.okhttp.okio.RealBufferedSource.readUtf8LineStrict(RealBufferedSource.java:200)
08-03 18:31:47.970  4014  4205 W OneSignal: 	at com.android.okhttp.internal.http.HttpConnection.readResponse(HttpConnection.java:191)
08-03 18:31:47.970  4014  4205 W OneSignal: 	... 12 more
08-03 18:31:47.971  4014  4206 W OneSignal: Failed last request. statusCode: -1
08-03 18:31:47.971  4014  4206 W OneSignal: response: null
08-03 18:31:48.144  4014  4026 I art     : Starting a blocking GC Explicit
08-03 18:31:48.162  4014  4026 I art     : Explicit concurrent mark sweep GC freed 1698(138KB) AllocSpace objects, 1(20KB) LOS objects, 25% free, 47MB/63MB, paused 179us total 17.148ms
08-03 18:31:48.171  4014  4026 I art     : Starting a blocking GC Explicit
08-03 18:31:48.183  4014  4026 I art     : Explicit concurrent mark sweep GC freed 24(896B) AllocSpace objects, 0(0B) LOS objects, 25% free, 47MB/63MB, paused 153us total 12.091ms
08-03 18:31:48.189  4014  4026 I art     : Starting a blocking GC Explicit
08-03 18:31:48.202  4014  4026 I art     : Explicit concurrent mark sweep GC freed 3(96B) AllocSpace objects, 0(0B) LOS objects, 25% free, 47MB/63MB, paused 139us total 11.855ms
08-03 18:31:48.208  4014  4026 I art     : Starting a blocking GC Explicit
08-03 18:31:48.219  4014  4026 I art     : Explicit concurrent mark sweep GC freed 3(96B) AllocSpace objects, 0(0B) LOS objects, 25% free, 47MB/63MB, paused 146us total 11.612ms
08-03 18:31:48.226  4014  4026 I art     : Starting a blocking GC Explicit
08-03 18:31:48.237  4014  4026 I art     : Explicit concurrent mark sweep GC freed 3(96B) AllocSpace objects, 0(0B) LOS objects, 25% free, 47MB/63MB, paused 150us total 11.400ms
08-03 18:31:48.519  4014  4027 I art     : Starting a blocking GC Explicit
08-03 18:31:48.532  4014  4027 I art     : Explicit concurrent mark sweep GC freed 1339(78KB) AllocSpace objects, 1(20KB) LOS objects, 25% free, 47MB/63MB, paused 173us total 13.217ms
08-03 18:31:48.539  4014  4027 I art     : Starting a blocking GC Explicit
08-03 18:31:48.550  4014  4027 I art     : Explicit concurrent mark sweep GC freed 20(704B) AllocSpace objects, 0(0B) LOS objects, 25% free, 47MB/63MB, paused 158us total 11.710ms
08-03 18:31:48.557  4014  4027 I art     : Starting a blocking GC Explicit
08-03 18:31:48.568  4014  4027 I art     : Explicit concurrent mark sweep GC freed 3(96B) AllocSpace objects, 0(0B) LOS objects, 25% free, 47MB/63MB, paused 155us total 11.316ms
08-03 18:31:48.574  4014  4027 I art     : Starting a blocking GC Explicit
08-03 18:31:48.575 30381 30381 I ServiceManager: Waiting for service AtCmdFwd...
08-03 18:31:48.586  4014  4027 I art     : Explicit concurrent mark sweep GC freed 3(96B) AllocSpace objects, 0(0B) LOS objects, 25% free, 47MB/63MB, paused 149us total 11.586ms
08-03 18:31:48.591  4014  4027 I art     : Starting a blocking GC Explicit
08-03 18:31:48.603  4014  4027 I art     : Explicit concurrent mark sweep GC freed 3(96B) AllocSpace objects, 0(0B) LOS objects, 25% free, 47MB/63MB, paused 146us total 11.045ms
08-03 18:31:48.790  4228  4228 D AndroidRuntime: >>>>>> START com.android.internal.os.RuntimeInit uid 2000 <<<<<<
08-03 18:31:48.794  4228  4228 D AndroidRuntime: CheckJNI is OFF
08-03 18:31:48.818  4228  4228 D ICU     : No timezone override file found: /data/misc/zoneinfo/current/icu/icu_tzdata.dat
08-03 18:31:48.844  4228  4228 I Radio-JNI: register_android_hardware_Radio DONE
08-03 18:31:48.859  4228  4228 D AndroidRuntime: Calling main entry com.android.commands.input.Input
08-03 18:31:48.861  4228  4228 I Input   : injectMotionEvent: MotionEvent { action=ACTION_DOWN, actionButton=0, id[0]=0, x[0]=337.0, y[0]=1104.0, toolType[0]=TOOL_TYPE_UNKNOWN, buttonState=0, metaState=0, flags=0x0, edgeFlags=0x0, pointerCount=1, historySize=0, eventTime=642725274, downTime=642725274, deviceId=0, source=0x1002 }
08-03 18:31:48.886  4228  4228 I Input   : injectMotionEvent: MotionEvent { action=ACTION_UP, actionButton=0, id[0]=0, x[0]=337.0, y[0]=1104.0, toolType[0]=TOOL_TYPE_UNKNOWN, buttonState=0, metaState=0, flags=0x0, edgeFlags=0x0, pointerCount=1, historySize=0, eventTime=642725274, downTime=642725274, deviceId=0, source=0x1002 }
08-03 18:31:48.889   918  5952 I ActivityManager: START u0 {cmp=baseline.appteam.nith.hillffair/.activities.BattleDayActivity} from uid 10624 on display 0
08-03 18:31:48.890  4014  4026 I art     : Starting a blocking GC Explicit
08-03 18:31:48.903  4228  4228 D AndroidRuntime: Shutting down VM
08-03 18:31:48.919  4014  4026 I art     : Explicit concurrent mark sweep GC freed 1393(88KB) AllocSpace objects, 1(20KB) LOS objects, 24% free, 48MB/64MB, paused 341us total 28.453ms
08-03 18:31:48.926  4014  4026 I art     : Starting a blocking GC Explicit
08-03 18:31:48.945  4014  4026 I art     : Explicit concurrent mark sweep GC freed 473(45KB) AllocSpace objects, 0(0B) LOS objects, 24% free, 48MB/64MB, paused 272us total 18.683ms
08-03 18:31:48.951  4014  4026 I art     : Starting a blocking GC Explicit
08-03 18:31:48.966  4014  4026 I art     : Explicit concurrent mark sweep GC freed 1790(145KB) AllocSpace objects, 0(0B) LOS objects, 24% free, 48MB/64MB, paused 1.723ms total 15.266ms
08-03 18:31:48.972  4014  4026 I art     : Starting a blocking GC Explicit
08-03 18:31:48.994  4014  4026 I art     : Explicit concurrent mark sweep GC freed 4852(263KB) AllocSpace objects, 0(0B) LOS objects, 24% free, 48MB/64MB, paused 1.002ms total 21.829ms
08-03 18:31:49.000  4014  4026 I art     : Starting a blocking GC Explicit
08-03 18:31:49.013  4014  4026 I art     : Explicit concurrent mark sweep GC freed 440(36KB) AllocSpace objects, 0(0B) LOS objects, 24% free, 48MB/64MB, paused 252us total 12.714ms
08-03 18:31:49.037 13866 13866 I GoogleInputMethodServic: GoogleInputMethodService.onFinishInput():3138 
08-03 18:31:49.038 13866 13866 I GoogleInputMethodServic: GoogleInputMethodService.onStartInput():1808 
08-03 18:31:49.074   918   936 I ActivityManager: Displayed baseline.appteam.nith.hillffair/.activities.BattleDayActivity: +169ms
08-03 18:31:49.241  4014  4027 I art     : Starting a blocking GC Explicit
08-03 18:31:49.258  4014  4027 I art     : Explicit concurrent mark sweep GC freed 1602(94KB) AllocSpace objects, 1(20KB) LOS objects, 24% free, 48MB/64MB, paused 223us total 16.909ms
08-03 18:31:49.267  4014  4027 I art     : Starting a blocking GC Explicit
08-03 18:31:49.282  4014  4027 I art     : Explicit concurrent mark sweep GC freed 34(1168B) AllocSpace objects, 0(0B) LOS objects, 24% free, 48MB/64MB, paused 231us total 15.259ms
08-03 18:31:49.290  4014  4027 I art     : Starting a blocking GC Explicit
08-03 18:31:49.305  4014  4027 I art     : Explicit concurrent mark sweep GC freed 3(96B) AllocSpace objects, 0(0B) LOS objects, 24% free, 48MB/64MB, paused 188us total 15.207ms
08-03 18:31:49.313  4014  4027 I art     : Starting a blocking GC Explicit
08-03 18:31:49.329   380   380 W SurfaceFlinger: couldn't log to binary event log: overflow.
08-03 18:31:49.330  4014  4027 I art     : Explicit concurrent mark sweep GC freed 3(96B) AllocSpace objects, 0(0B) LOS objects, 24% free, 48MB/64MB, paused 443us total 16.047ms
08-03 18:31:49.339  4014  4027 I art     : Starting a blocking GC Explicit
08-03 18:31:49.353  4014  4027 I art     : Explicit concurrent mark sweep GC freed 3(96B) AllocSpace objects, 0(0B) LOS objects, 24% free, 48MB/64MB, paused 212us total 14.046ms
08-03 18:31:49.519  4014  4254 D OkHttp  : --> GET https://api-hillfair-2k16.herokuapp.com/api/app/events/special http/1.1
08-03 18:31:49.556  4014  4254 D OkHttp  : <-- 200 OK https://api-hillfair-2k16.herokuapp.com/api/app/events/special (36ms, 554-byte body)
08-03 18:31:49.576 30381 30381 I ServiceManager: Waiting for service AtCmdFwd...
08-03 18:31:49.598  4014  4014 I NAPPA_EXPERIMENTATION: MetricNetworkRequestExecutionTime: REQUEST_DURATION_SYSTEM='609',REQUEST_DURATION_OKHTTP='36',REQUEST_SYNCHRONOUS='FALSE',RESPONSE_CODE='200',RESPONSE_METHOD='GET',RESPONSE_LENGTH_OKHTTP='554',RESPONSE_LENGTH_HEADER='554',REQUEST_PROTOCOL='http/1.1',REQUEST_URL='https://api-hillfair-2k16.herokuapp.com/api/app/events/special',
08-03 18:31:49.617  4014  4027 I art     : Starting a blocking GC Explicit
08-03 18:31:49.635  4014  4027 I art     : Explicit concurrent mark sweep GC freed 4910(329KB) AllocSpace objects, 4(220KB) LOS objects, 24% free, 48MB/64MB, paused 390us total 16.775ms
08-03 18:31:49.641  4014  4027 I art     : Starting a blocking GC Explicit
08-03 18:31:49.649   918  3261 D WifiStateMachine: starting scan for "H369AA63323"WPA_PSK with 2412,5180
08-03 18:31:49.657  4014  4027 I art     : Explicit concurrent mark sweep GC freed 1391(136KB) AllocSpace objects, 0(0B) LOS objects, 24% free, 48MB/64MB, paused 459us total 15.464ms
08-03 18:31:49.663  4014  4027 I art     : Starting a blocking GC Explicit
08-03 18:31:49.676  4014  4027 I art     : Explicit concurrent mark sweep GC freed 362(14KB) AllocSpace objects, 0(0B) LOS objects, 24% free, 48MB/64MB, paused 335us total 12.254ms
08-03 18:31:49.681  4014  4027 I art     : Starting a blocking GC Explicit
08-03 18:31:49.694  4014  4027 I art     : Explicit concurrent mark sweep GC freed 39(1440B) AllocSpace objects, 0(0B) LOS objects, 24% free, 48MB/64MB, paused 372us total 12.302ms
08-03 18:31:49.700  4014  4027 I art     : Starting a blocking GC Explicit
08-03 18:31:49.713  4014  4027 I art     : Explicit concurrent mark sweep GC freed 3(96B) AllocSpace objects, 0(0B) LOS objects, 24% free, 48MB/64MB, paused 290us total 12.648ms
08-03 18:31:49.983  4014  4026 I art     : Starting a blocking GC Explicit
08-03 18:31:50.002  4014  4026 I art     : Explicit concurrent mark sweep GC freed 1736(104KB) AllocSpace objects, 1(20KB) LOS objects, 24% free, 48MB/64MB, paused 334us total 17.812ms
08-03 18:31:50.012  4014  4026 I art     : Starting a blocking GC Explicit
08-03 18:31:50.026  4014  4026 I art     : Explicit concurrent mark sweep GC freed 20(704B) AllocSpace objects, 0(0B) LOS objects, 24% free, 48MB/64MB, paused 377us total 14.273ms
08-03 18:31:50.033  4014  4026 I art     : Starting a blocking GC Explicit
08-03 18:31:50.047  4014  4026 I art     : Explicit concurrent mark sweep GC freed 3(96B) AllocSpace objects, 0(0B) LOS objects, 24% free, 48MB/64MB, paused 351us total 13.933ms
08-03 18:31:50.053  4014  4026 I art     : Starting a blocking GC Explicit
08-03 18:31:50.067  4014  4026 I art     : Explicit concurrent mark sweep GC freed 3(96B) AllocSpace objects, 0(0B) LOS objects, 24% free, 48MB/64MB, paused 318us total 13.858ms
08-03 18:31:50.073  4014  4026 I art     : Starting a blocking GC Explicit
08-03 18:31:50.087  4014  4026 I art     : Explicit concurrent mark sweep GC freed 3(96B) AllocSpace objects, 0(0B) LOS objects, 24% free, 48MB/64MB, paused 283us total 13.811ms
08-03 18:31:50.349  4014  4252 I art     : Starting a blocking GC Explicit
08-03 18:31:50.366  4014  4252 I art     : Explicit concurrent mark sweep GC freed 9417(479KB) AllocSpace objects, 1(20KB) LOS objects, 23% free, 51MB/67MB, paused 824us total 16.679ms
08-03 18:31:50.373  4014  4252 I art     : Starting a blocking GC Explicit
08-03 18:31:50.385  4014  4252 I art     : Explicit concurrent mark sweep GC freed 291(12KB) AllocSpace objects, 0(0B) LOS objects, 23% free, 52MB/68MB, paused 222us total 12.121ms
08-03 18:31:50.391  4014  4252 I art     : Starting a blocking GC Explicit
08-03 18:31:50.403  4014  4252 I art     : Explicit concurrent mark sweep GC freed 29(22KB) AllocSpace objects, 0(0B) LOS objects, 23% free, 52MB/68MB, paused 217us total 11.855ms
08-03 18:31:50.409  4014  4252 I art     : Starting a blocking GC Explicit
08-03 18:31:50.420  4014  4252 I art     : Explicit concurrent mark sweep GC freed 21(12KB) AllocSpace objects, 0(0B) LOS objects, 23% free, 52MB/68MB, paused 211us total 11.699ms
08-03 18:31:50.426  4014  4252 I art     : Starting a blocking GC Explicit
08-03 18:31:50.439  4014  4252 I art     : Explicit concurrent mark sweep GC freed 28(28KB) AllocSpace objects, 0(0B) LOS objects, 23% free, 52MB/68MB, paused 228us total 12.264ms
08-03 18:31:50.576 30381 30381 W Atfwd_Sendcmd: AtCmdFwd service not published, waiting... retryCnt : 1
08-03 18:31:50.704  4014  4253 I art     : Starting a blocking GC Explicit
08-03 18:31:50.720  4014  4253 I art     : Explicit concurrent mark sweep GC freed 1363(98KB) AllocSpace objects, 1(20KB) LOS objects, 23% free, 51MB/67MB, paused 224us total 15.996ms
08-03 18:31:50.727  4014  4253 I art     : Starting a blocking GC Explicit
08-03 18:31:50.741  4014  4253 I art     : Explicit concurrent mark sweep GC freed 23(800B) AllocSpace objects, 0(0B) LOS objects, 23% free, 51MB/67MB, paused 212us total 14.215ms
08-03 18:31:50.748  4014  4253 I art     : Starting a blocking GC Explicit
08-03 18:31:50.762  4014  4253 I art     : Explicit concurrent mark sweep GC freed 3(96B) AllocSpace objects, 0(0B) LOS objects, 23% free, 51MB/67MB, paused 250us total 14.217ms
08-03 18:31:50.769  4014  4253 I art     : Starting a blocking GC Explicit
08-03 18:31:50.783  4014  4253 I art     : Explicit concurrent mark sweep GC freed 3(96B) AllocSpace objects, 0(0B) LOS objects, 23% free, 51MB/67MB, paused 207us total 13.956ms
08-03 18:31:50.790  4014  4253 I art     : Starting a blocking GC Explicit
08-03 18:31:50.804  4014  4253 I art     : Explicit concurrent mark sweep GC freed 3(96B) AllocSpace objects, 0(0B) LOS objects, 23% free, 51MB/67MB, paused 229us total 13.937ms
08-03 18:31:51.116  4014  4252 I art     : Starting a blocking GC Explicit
08-03 18:31:51.140  4014  4252 I art     : Explicit concurrent mark sweep GC freed 1340(78KB) AllocSpace objects, 1(20KB) LOS objects, 23% free, 51MB/67MB, paused 288us total 24.133ms
08-03 18:31:51.152  4014  4252 I art     : Starting a blocking GC Explicit
08-03 18:31:51.169  4014  4252 I art     : Explicit concurrent mark sweep GC freed 20(704B) AllocSpace objects, 0(0B) LOS objects, 23% free, 51MB/67MB, paused 216us total 16.397ms
08-03 18:31:51.175  4014  4252 I art     : Starting a blocking GC Explicit
08-03 18:31:51.190  4014  4252 I art     : Explicit concurrent mark sweep GC freed 3(96B) AllocSpace objects, 0(0B) LOS objects, 23% free, 51MB/67MB, paused 212us total 13.988ms
08-03 18:31:51.196  4014  4252 I art     : Starting a blocking GC Explicit
08-03 18:31:51.210  4014  4252 I art     : Explicit concurrent mark sweep GC freed 3(96B) AllocSpace objects, 0(0B) LOS objects, 23% free, 51MB/67MB, paused 208us total 13.974ms
08-03 18:31:51.217  4014  4252 I art     : Starting a blocking GC Explicit
08-03 18:31:51.231  4014  4252 I art     : Explicit concurrent mark sweep GC freed 3(96B) AllocSpace objects, 0(0B) LOS objects, 23% free, 51MB/67MB, paused 208us total 13.720ms
08-03 18:31:51.520  4014  4027 I art     : Starting a blocking GC Explicit
08-03 18:31:51.537  4014  4027 I art     : Explicit concurrent mark sweep GC freed 1340(78KB) AllocSpace objects, 1(20KB) LOS objects, 23% free, 51MB/67MB, paused 298us total 16.104ms
08-03 18:31:51.544  4014  4027 I art     : Starting a blocking GC Explicit
08-03 18:31:51.558  4014  4027 I art     : Explicit concurrent mark sweep GC freed 20(704B) AllocSpace objects, 0(0B) LOS objects, 23% free, 51MB/67MB, paused 214us total 14.528ms
08-03 18:31:51.565  4014  4027 I art     : Starting a blocking GC Explicit
08-03 18:31:51.579  4014  4027 I art     : Explicit concurrent mark sweep GC freed 3(96B) AllocSpace objects, 0(0B) LOS objects, 23% free, 51MB/67MB, paused 207us total 14.172ms
08-03 18:31:51.586  4014  4027 I art     : Starting a blocking GC Explicit
08-03 18:31:51.599  4014  4027 I art     : Explicit concurrent mark sweep GC freed 3(96B) AllocSpace objects, 0(0B) LOS objects, 23% free, 51MB/67MB, paused 219us total 13.516ms
08-03 18:31:51.606  4014  4027 I art     : Starting a blocking GC Explicit
08-03 18:31:51.620  4014  4027 I art     : Explicit concurrent mark sweep GC freed 3(96B) AllocSpace objects, 0(0B) LOS objects, 23% free, 51MB/67MB, paused 216us total 13.743ms
08-03 18:31:51.933  4014  4026 I art     : Starting a blocking GC Explicit
08-03 18:31:51.950  4014  4026 I art     : Explicit concurrent mark sweep GC freed 1340(78KB) AllocSpace objects, 1(20KB) LOS objects, 23% free, 51MB/67MB, paused 259us total 17.255ms
08-03 18:31:51.960  4014  4026 I art     : Starting a blocking GC Explicit
08-03 18:31:51.977  4014  4026 I art     : Explicit concurrent mark sweep GC freed 20(704B) AllocSpace objects, 0(0B) LOS objects, 23% free, 51MB/67MB, paused 293us total 16.127ms
08-03 18:31:51.983  4014  4026 I art     : Starting a blocking GC Explicit
08-03 18:31:51.997  4014  4026 I art     : Explicit concurrent mark sweep GC freed 3(96B) AllocSpace objects, 0(0B) LOS objects, 23% free, 51MB/67MB, paused 214us total 13.914ms
08-03 18:31:52.004  4014  4026 I art     : Starting a blocking GC Explicit
08-03 18:31:52.018  4014  4026 I art     : Explicit concurrent mark sweep GC freed 3(96B) AllocSpace objects, 0(0B) LOS objects, 23% free, 51MB/67MB, paused 204us total 14.078ms
08-03 18:31:52.025  4014  4026 I art     : Starting a blocking GC Explicit
08-03 18:31:52.039  4014  4026 I art     : Explicit concurrent mark sweep GC freed 3(96B) AllocSpace objects, 0(0B) LOS objects, 23% free, 51MB/67MB, paused 210us total 13.794ms
08-03 18:31:52.369  4014  4253 I art     : Starting a blocking GC Explicit
08-03 18:31:52.390  4014  4253 I art     : Explicit concurrent mark sweep GC freed 1340(78KB) AllocSpace objects, 1(20KB) LOS objects, 23% free, 51MB/67MB, paused 224us total 20.712ms
08-03 18:31:52.397  4014  4253 I art     : Starting a blocking GC Explicit
08-03 18:31:52.412  4014  4253 I art     : Explicit concurrent mark sweep GC freed 20(704B) AllocSpace objects, 0(0B) LOS objects, 23% free, 51MB/67MB, paused 213us total 14.115ms
08-03 18:31:52.419  4014  4253 I art     : Starting a blocking GC Explicit
08-03 18:31:52.432  4014  4253 I art     : Explicit concurrent mark sweep GC freed 3(96B) AllocSpace objects, 0(0B) LOS objects, 23% free, 51MB/67MB, paused 204us total 13.710ms
08-03 18:31:52.433  4014  4025 I art     : WaitForGcToComplete blocked for 13.877ms for cause HeapTrim
08-03 18:31:52.439  4014  4253 I art     : Starting a blocking GC Explicit
08-03 18:31:52.453  4014  4253 I art     : Explicit concurrent mark sweep GC freed 3(96B) AllocSpace objects, 0(0B) LOS objects, 23% free, 51MB/67MB, paused 202us total 13.658ms
08-03 18:31:52.459  4014  4253 I art     : Starting a blocking GC Explicit
08-03 18:31:52.473  4014  4253 I art     : Explicit concurrent mark sweep GC freed 3(96B) AllocSpace objects, 0(0B) LOS objects, 23% free, 51MB/67MB, paused 207us total 13.488ms
08-03 18:31:52.784  4014  4252 I art     : Starting a blocking GC Explicit
08-03 18:31:52.804  4014  4252 I art     : Explicit concurrent mark sweep GC freed 1340(78KB) AllocSpace objects, 1(20KB) LOS objects, 23% free, 51MB/67MB, paused 260us total 19.543ms
08-03 18:31:52.814  4014  4252 I art     : Starting a blocking GC Explicit
08-03 18:31:52.828  4014  4252 I art     : Explicit concurrent mark sweep GC freed 20(704B) AllocSpace objects, 0(0B) LOS objects, 23% free, 51MB/67MB, paused 214us total 14.259ms
08-03 18:31:52.835  4014  4252 I art     : Starting a blocking GC Explicit
08-03 18:31:52.849  4014  4252 I art     : Explicit concurrent mark sweep GC freed 3(96B) AllocSpace objects, 0(0B) LOS objects, 23% free, 51MB/67MB, paused 220us total 14.303ms
08-03 18:31:52.856  4014  4252 I art     : Starting a blocking GC Explicit
08-03 18:31:52.871  4014  4252 I art     : Explicit concurrent mark sweep GC freed 3(96B) AllocSpace objects, 0(0B) LOS objects, 23% free, 51MB/67MB, paused 219us total 14.433ms
08-03 18:31:52.877  4014  4252 I art     : Starting a blocking GC Explicit
08-03 18:31:52.892  4014  4252 I art     : Explicit concurrent mark sweep GC freed 3(96B) AllocSpace objects, 0(0B) LOS objects, 23% free, 51MB/67MB, paused 214us total 14.416ms
08-03 18:31:53.192  4014  4027 I art     : Starting a blocking GC Explicit
08-03 18:31:53.208  4014  4027 I art     : Explicit concurrent mark sweep GC freed 1340(78KB) AllocSpace objects, 1(20KB) LOS objects, 23% free, 51MB/67MB, paused 227us total 15.905ms
08-03 18:31:53.215  4014  4027 I art     : Starting a blocking GC Explicit
08-03 18:31:53.230  4014  4027 I art     : Explicit concurrent mark sweep GC freed 20(704B) AllocSpace objects, 0(0B) LOS objects, 23% free, 51MB/67MB, paused 220us total 14.580ms
08-03 18:31:53.237  4014  4027 I art     : Starting a blocking GC Explicit
08-03 18:31:53.251  4014  4027 I art     : Explicit concurrent mark sweep GC freed 3(96B) AllocSpace objects, 0(0B) LOS objects, 23% free, 51MB/67MB, paused 199us total 14.148ms
08-03 18:31:53.257  4014  4027 I art     : Starting a blocking GC Explicit
08-03 18:31:53.272  4014  4027 I art     : Explicit concurrent mark sweep GC freed 3(96B) AllocSpace objects, 0(0B) LOS objects, 23% free, 51MB/67MB, paused 214us total 13.907ms
08-03 18:31:53.278  4014  4027 I art     : Starting a blocking GC Explicit
08-03 18:31:53.292  4014  4027 I art     : Explicit concurrent mark sweep GC freed 3(96B) AllocSpace objects, 0(0B) LOS objects, 23% free, 51MB/67MB, paused 209us total 14.135ms
08-03 18:31:53.592  4014  4026 I art     : Starting a blocking GC Explicit
08-03 18:31:53.612  4014  4026 I art     : Explicit concurrent mark sweep GC freed 1340(78KB) AllocSpace objects, 1(20KB) LOS objects, 23% free, 51MB/67MB, paused 251us total 19.664ms
08-03 18:31:53.621  4014  4026 I art     : Starting a blocking GC Explicit
08-03 18:31:53.636  4014  4026 I art     : Explicit concurrent mark sweep GC freed 20(704B) AllocSpace objects, 0(0B) LOS objects, 23% free, 51MB/67MB, paused 215us total 14.285ms
08-03 18:31:53.642  4014  4026 I art     : Starting a blocking GC Explicit
08-03 18:31:53.656  4014  4026 I art     : Explicit concurrent mark sweep GC freed 3(96B) AllocSpace objects, 0(0B) LOS objects, 23% free, 51MB/67MB, paused 210us total 13.618ms
08-03 18:31:53.662  4014  4026 I art     : Starting a blocking GC Explicit
08-03 18:31:53.676  4014  4026 I art     : Explicit concurrent mark sweep GC freed 3(96B) AllocSpace objects, 0(0B) LOS objects, 23% free, 51MB/67MB, paused 204us total 13.854ms
08-03 18:31:53.683  4014  4026 I art     : Starting a blocking GC Explicit
08-03 18:31:53.696  4014  4026 I art     : Explicit concurrent mark sweep GC freed 3(96B) AllocSpace objects, 0(0B) LOS objects, 23% free, 51MB/67MB, paused 195us total 13.467ms
08-03 18:31:53.990  4014  4253 I art     : Starting a blocking GC Explicit
08-03 18:31:54.007  4014  4253 I art     : Explicit concurrent mark sweep GC freed 1340(78KB) AllocSpace objects, 1(20KB) LOS objects, 23% free, 51MB/67MB, paused 230us total 16.352ms
08-03 18:31:54.018  4014  4253 I art     : Starting a blocking GC Explicit
08-03 18:31:54.035  4014  4253 I art     : Explicit concurrent mark sweep GC freed 20(704B) AllocSpace objects, 0(0B) LOS objects, 23% free, 51MB/67MB, paused 229us total 17.593ms
08-03 18:31:54.044  4014  4253 I art     : Starting a blocking GC Explicit
08-03 18:31:54.058  4014  4253 I art     : Explicit concurrent mark sweep GC freed 3(96B) AllocSpace objects, 0(0B) LOS objects, 23% free, 51MB/67MB, paused 202us total 14.233ms
08-03 18:31:54.065  4014  4253 I art     : Starting a blocking GC Explicit
08-03 18:31:54.079  4014  4253 I art     : Explicit concurrent mark sweep GC freed 3(96B) AllocSpace objects, 0(0B) LOS objects, 23% free, 51MB/67MB, paused 247us total 14.358ms
08-03 18:31:54.086  4014  4253 I art     : Starting a blocking GC Explicit
08-03 18:31:54.100  4014  4253 I art     : Explicit concurrent mark sweep GC freed 3(96B) AllocSpace objects, 0(0B) LOS objects, 23% free, 51MB/67MB, paused 204us total 13.673ms
08-03 18:31:54.413  4014  4252 I art     : Starting a blocking GC Explicit
08-03 18:31:54.429  4014  4252 I art     : Explicit concurrent mark sweep GC freed 1340(78KB) AllocSpace objects, 1(20KB) LOS objects, 23% free, 51MB/67MB, paused 218us total 15.942ms
08-03 18:31:54.436  4014  4252 I art     : Starting a blocking GC Explicit
08-03 18:31:54.451  4014  4252 I art     : Explicit concurrent mark sweep GC freed 20(704B) AllocSpace objects, 0(0B) LOS objects, 23% free, 51MB/67MB, paused 245us total 14.205ms
08-03 18:31:54.458  4014  4252 I art     : Starting a blocking GC Explicit
08-03 18:31:54.472  4014  4252 I art     : Explicit concurrent mark sweep GC freed 3(96B) AllocSpace objects, 0(0B) LOS objects, 23% free, 51MB/67MB, paused 203us total 14.088ms
08-03 18:31:54.478  4014  4252 I art     : Starting a blocking GC Explicit
08-03 18:31:54.492  4014  4252 I art     : Explicit concurrent mark sweep GC freed 3(96B) AllocSpace objects, 0(0B) LOS objects, 23% free, 51MB/67MB, paused 207us total 13.576ms
08-03 18:31:54.498  4014  4252 I art     : Starting a blocking GC Explicit
08-03 18:31:54.512  4014  4252 I art     : Explicit concurrent mark sweep GC freed 3(96B) AllocSpace objects, 0(0B) LOS objects, 23% free, 51MB/67MB, paused 211us total 13.609ms
08-03 18:31:54.823  4014  4027 I art     : Starting a blocking GC Explicit
08-03 18:31:54.843  4014  4027 I art     : Explicit concurrent mark sweep GC freed 1340(78KB) AllocSpace objects, 1(20KB) LOS objects, 23% free, 51MB/67MB, paused 253us total 20.028ms
08-03 18:31:54.853  4014  4027 I art     : Starting a blocking GC Explicit
08-03 18:31:54.867  4014  4027 I art     : Explicit concurrent mark sweep GC freed 20(704B) AllocSpace objects, 0(0B) LOS objects, 23% free, 51MB/67MB, paused 212us total 14.595ms
08-03 18:31:54.874  4014  4027 I art     : Starting a blocking GC Explicit
08-03 18:31:54.888  4014  4027 I art     : Explicit concurrent mark sweep GC freed 3(96B) AllocSpace objects, 0(0B) LOS objects, 23% free, 51MB/67MB, paused 219us total 14.270ms
08-03 18:31:54.895  4014  4027 I art     : Starting a blocking GC Explicit
08-03 18:31:54.909  4014  4027 I art     : Explicit concurrent mark sweep GC freed 3(96B) AllocSpace objects, 0(0B) LOS objects, 23% free, 51MB/67MB, paused 238us total 13.785ms
08-03 18:31:54.915  4014  4027 I art     : Starting a blocking GC Explicit
08-03 18:31:54.930  4014  4027 I art     : Explicit concurrent mark sweep GC freed 3(96B) AllocSpace objects, 0(0B) LOS objects, 23% free, 51MB/67MB, paused 206us total 14.090ms
08-03 18:31:55.241  4014  4026 I art     : Starting a blocking GC Explicit
08-03 18:31:55.262  4014  4026 I art     : Explicit concurrent mark sweep GC freed 1340(78KB) AllocSpace objects, 1(20KB) LOS objects, 23% free, 51MB/67MB, paused 255us total 20.511ms
08-03 18:31:55.272  4014  4026 I art     : Starting a blocking GC Explicit
08-03 18:31:55.290  4014  4026 I art     : Explicit concurrent mark sweep GC freed 20(704B) AllocSpace objects, 0(0B) LOS objects, 23% free, 51MB/67MB, paused 209us total 17.585ms
08-03 18:31:55.296  4014  4026 I art     : Starting a blocking GC Explicit
08-03 18:31:55.311  4014  4026 I art     : Explicit concurrent mark sweep GC freed 3(96B) AllocSpace objects, 0(0B) LOS objects, 23% free, 51MB/67MB, paused 206us total 14.361ms
08-03 18:31:55.318  4014  4026 I art     : Starting a blocking GC Explicit
08-03 18:31:55.332  4014  4026 I art     : Explicit concurrent mark sweep GC freed 3(96B) AllocSpace objects, 0(0B) LOS objects, 23% free, 51MB/67MB, paused 197us total 14.174ms
08-03 18:31:55.339  4014  4026 I art     : Starting a blocking GC Explicit
08-03 18:31:55.353  4014  4026 I art     : Explicit concurrent mark sweep GC freed 3(96B) AllocSpace objects, 0(0B) LOS objects, 23% free, 51MB/67MB, paused 212us total 13.835ms
08-03 18:31:55.577 30381 30381 I ServiceManager: Waiting for service AtCmdFwd...
08-03 18:31:55.651  4014  4253 I art     : Starting a blocking GC Explicit
08-03 18:31:55.672  4014  4253 I art     : Explicit concurrent mark sweep GC freed 1340(78KB) AllocSpace objects, 1(20KB) LOS objects, 23% free, 51MB/67MB, paused 248us total 19.945ms
08-03 18:31:55.683  4014  4253 I art     : Starting a blocking GC Explicit
08-03 18:31:55.703  4014  4253 I art     : Explicit concurrent mark sweep GC freed 20(704B) AllocSpace objects, 0(0B) LOS objects, 23% free, 51MB/67MB, paused 226us total 19.327ms
08-03 18:31:55.711  4014  4253 I art     : Starting a blocking GC Explicit
08-03 18:31:55.725  4014  4253 I art     : Explicit concurrent mark sweep GC freed 3(96B) AllocSpace objects, 0(0B) LOS objects, 23% free, 51MB/67MB, paused 204us total 13.818ms
08-03 18:31:55.732  4014  4253 I art     : Starting a blocking GC Explicit
08-03 18:31:55.746  4014  4253 I art     : Explicit concurrent mark sweep GC freed 3(96B) AllocSpace objects, 0(0B) LOS objects, 23% free, 51MB/67MB, paused 202us total 13.843ms
08-03 18:31:55.752  4014  4253 I art     : Starting a blocking GC Explicit
08-03 18:31:55.766  4014  4253 I art     : Explicit concurrent mark sweep GC freed 3(96B) AllocSpace objects, 0(0B) LOS objects, 23% free, 51MB/67MB, paused 201us total 14.028ms
08-03 18:31:56.062  4014  4252 I art     : Starting a blocking GC Explicit
08-03 18:31:56.086  4014  4252 I art     : Explicit concurrent mark sweep GC freed 1340(78KB) AllocSpace objects, 1(20KB) LOS objects, 23% free, 51MB/67MB, paused 249us total 23.286ms
08-03 18:31:56.098  4014  4252 I art     : Starting a blocking GC Explicit
08-03 18:31:56.113  4014  4252 I art     : Explicit concurrent mark sweep GC freed 20(704B) AllocSpace objects, 0(0B) LOS objects, 23% free, 51MB/67MB, paused 214us total 14.752ms
08-03 18:31:56.120  4014  4252 I art     : Starting a blocking GC Explicit
08-03 18:31:56.134  4014  4252 I art     : Explicit concurrent mark sweep GC freed 3(96B) AllocSpace objects, 0(0B) LOS objects, 23% free, 51MB/67MB, paused 206us total 13.754ms
08-03 18:31:56.140  4014  4252 I art     : Starting a blocking GC Explicit
08-03 18:31:56.155  4014  4252 I art     : Explicit concurrent mark sweep GC freed 3(96B) AllocSpace objects, 0(0B) LOS objects, 23% free, 51MB/67MB, paused 209us total 14.336ms
08-03 18:31:56.161  4014  4252 I art     : Starting a blocking GC Explicit
08-03 18:31:56.175  4014  4252 I art     : Explicit concurrent mark sweep GC freed 3(96B) AllocSpace objects, 0(0B) LOS objects, 23% free, 51MB/67MB, paused 210us total 13.600ms
08-03 18:31:56.468  4014  4027 I art     : Starting a blocking GC Explicit
08-03 18:31:56.489  4014  4027 I art     : Explicit concurrent mark sweep GC freed 1340(78KB) AllocSpace objects, 1(20KB) LOS objects, 23% free, 51MB/67MB, paused 293us total 20.896ms
08-03 18:31:56.507  4014  4027 I art     : Starting a blocking GC Explicit
08-03 18:31:56.519  4014  4027 I art     : Explicit concurrent mark sweep GC freed 20(704B) AllocSpace objects, 0(0B) LOS objects, 23% free, 51MB/67MB, paused 198us total 12.334ms
08-03 18:31:56.525  4014  4027 I art     : Starting a blocking GC Explicit
08-03 18:31:56.538  4014  4027 I art     : Explicit concurrent mark sweep GC freed 3(96B) AllocSpace objects, 0(0B) LOS objects, 23% free, 51MB/67MB, paused 197us total 12.388ms
08-03 18:31:56.544  4014  4027 I art     : Starting a blocking GC Explicit
08-03 18:31:56.557  4014  4027 I art     : Explicit concurrent mark sweep GC freed 3(96B) AllocSpace objects, 0(0B) LOS objects, 23% free, 51MB/67MB, paused 255us total 12.946ms
08-03 18:31:56.563  4014  4027 I art     : Starting a blocking GC Explicit
08-03 18:31:56.575  4014  4027 I art     : Explicit concurrent mark sweep GC freed 3(96B) AllocSpace objects, 0(0B) LOS objects, 23% free, 51MB/67MB, paused 202us total 12.465ms
08-03 18:31:56.578 30381 30381 I ServiceManager: Waiting for service AtCmdFwd...
08-03 18:31:56.838  4014  4252 I art     : Starting a blocking GC Explicit
08-03 18:31:56.852  4014  4252 I art     : Explicit concurrent mark sweep GC freed 1340(78KB) AllocSpace objects, 1(20KB) LOS objects, 23% free, 51MB/67MB, paused 208us total 12.957ms
08-03 18:31:56.857  4014  4252 I art     : Starting a blocking GC Explicit
08-03 18:31:56.871  4014  4252 I art     : Explicit concurrent mark sweep GC freed 26(928B) AllocSpace objects, 0(0B) LOS objects, 23% free, 51MB/67MB, paused 207us total 14.013ms
08-03 18:31:56.878  4014  4252 I art     : Starting a blocking GC Explicit
08-03 18:31:56.892  4014  4252 I art     : Explicit concurrent mark sweep GC freed 3(96B) AllocSpace objects, 0(0B) LOS objects, 23% free, 51MB/67MB, paused 205us total 14.002ms
08-03 18:31:56.899  4014  4252 I art     : Starting a blocking GC Explicit
08-03 18:31:56.912  4014  4252 I art     : Explicit concurrent mark sweep GC freed 3(96B) AllocSpace objects, 0(0B) LOS objects, 23% free, 51MB/67MB, paused 204us total 13.479ms
08-03 18:31:56.919  4014  4252 I art     : Starting a blocking GC Explicit
08-03 18:31:56.933  4014  4252 I art     : Explicit concurrent mark sweep GC freed 3(96B) AllocSpace objects, 0(0B) LOS objects, 23% free, 51MB/67MB, paused 211us total 13.488ms
08-03 18:31:57.222  4014  4027 I art     : Starting a blocking GC Explicit
08-03 18:31:57.237  4014  4027 I art     : Explicit concurrent mark sweep GC freed 1340(78KB) AllocSpace objects, 1(20KB) LOS objects, 23% free, 51MB/67MB, paused 254us total 15.123ms
08-03 18:31:57.244  4014  4027 I art     : Starting a blocking GC Explicit
08-03 18:31:57.258  4014  4027 I art     : Explicit concurrent mark sweep GC freed 20(704B) AllocSpace objects, 0(0B) LOS objects, 23% free, 51MB/67MB, paused 251us total 13.963ms
08-03 18:31:57.264  4014  4027 I art     : Starting a blocking GC Explicit
08-03 18:31:57.278  4014  4027 I art     : Explicit concurrent mark sweep GC freed 3(96B) AllocSpace objects, 0(0B) LOS objects, 23% free, 51MB/67MB, paused 222us total 13.347ms
08-03 18:31:57.284  4014  4027 I art     : Starting a blocking GC Explicit
08-03 18:31:57.298  4014  4027 I art     : Explicit concurrent mark sweep GC freed 3(96B) AllocSpace objects, 0(0B) LOS objects, 23% free, 51MB/67MB, paused 246us total 13.850ms
08-03 18:31:57.304  4014  4027 I art     : Starting a blocking GC Explicit
08-03 18:31:57.317  4014  4027 I art     : Explicit concurrent mark sweep GC freed 3(96B) AllocSpace objects, 0(0B) LOS objects, 23% free, 51MB/67MB, paused 274us total 12.761ms
08-03 18:31:57.478   518   646 I ThermalEngine: ACTION: GPU - Setting GPU[0] to 510000000
08-03 18:31:57.483  4479  4479 D AndroidRuntime: >>>>>> START com.android.internal.os.RuntimeInit uid 2000 <<<<<<
08-03 18:31:57.492  4479  4479 D AndroidRuntime: CheckJNI is OFF
08-03 18:31:57.526  4479  4479 D ICU     : No timezone override file found: /data/misc/zoneinfo/current/icu/icu_tzdata.dat
08-03 18:31:57.558  4479  4479 I Radio-JNI: register_android_hardware_Radio DONE
08-03 18:31:57.578 30381 30381 I ServiceManager: Waiting for service AtCmdFwd...
08-03 18:31:57.580  4479  4479 D AndroidRuntime: Calling main entry com.android.commands.input.Input
08-03 18:31:57.581  4479  4479 I Input   : injectMotionEvent: MotionEvent { action=ACTION_DOWN, actionButton=0, id[0]=0, x[0]=733.0, y[0]=645.0, toolType[0]=TOOL_TYPE_UNKNOWN, buttonState=0, metaState=0, flags=0x0, edgeFlags=0x0, pointerCount=1, historySize=0, eventTime=642733994, downTime=642733994, deviceId=0, source=0x1002 }
08-03 18:31:57.586  4479  4479 I Input   : injectMotionEvent: MotionEvent { action=ACTION_UP, actionButton=0, id[0]=0, x[0]=733.0, y[0]=645.0, toolType[0]=TOOL_TYPE_UNKNOWN, buttonState=0, metaState=0, flags=0x0, edgeFlags=0x0, pointerCount=1, historySize=0, eventTime=642733994, downTime=642733994, deviceId=0, source=0x1002 }
08-03 18:31:57.588   918  6029 I ActivityManager: START u0 {cmp=baseline.appteam.nith.hillffair/.activities.ClubActivity (has extras)} from uid 10624 on display 0
08-03 18:31:57.595  4479  4479 D AndroidRuntime: Shutting down VM
08-03 18:31:57.611  4014  4027 I art     : Starting a blocking GC Explicit
08-03 18:31:57.632  4014  4027 I art     : Explicit concurrent mark sweep GC freed 1657(137KB) AllocSpace objects, 1(20KB) LOS objects, 23% free, 52MB/68MB, paused 576us total 20.827ms
08-03 18:31:57.641  4014  4027 I art     : Starting a blocking GC Explicit
08-03 18:31:57.660  4014  4027 I art     : Explicit concurrent mark sweep GC freed 3346(165KB) AllocSpace objects, 0(0B) LOS objects, 23% free, 52MB/68MB, paused 895us total 18.268ms
08-03 18:31:57.667  4014  4027 I art     : Starting a blocking GC Explicit
08-03 18:31:57.684  4014  4027 I art     : Explicit concurrent mark sweep GC freed 210(23KB) AllocSpace objects, 0(0B) LOS objects, 23% free, 52MB/68MB, paused 328us total 16.510ms
08-03 18:31:57.691  4014  4027 I art     : Starting a blocking GC Explicit
08-03 18:31:57.709  4014  4027 I art     : Explicit concurrent mark sweep GC freed 145(5KB) AllocSpace objects, 0(0B) LOS objects, 23% free, 52MB/68MB, paused 568us total 17.261ms
08-03 18:31:57.712   918   936 I ActivityManager: Displayed baseline.appteam.nith.hillffair/.activities.ClubActivity: +116ms
08-03 18:31:57.713 13866 13866 I GoogleInputMethodServic: GoogleInputMethodService.onFinishInput():3138 
08-03 18:31:57.713 13866 13866 I GoogleInputMethodServic: GoogleInputMethodService.onStartInput():1808 
08-03 18:31:57.717  4014  4027 I art     : Starting a blocking GC Explicit
08-03 18:31:57.735  4014  4027 I art     : Explicit concurrent mark sweep GC freed 51(2032B) AllocSpace objects, 0(0B) LOS objects, 23% free, 52MB/68MB, paused 388us total 18.281ms
08-03 18:31:57.972   380   380 W SurfaceFlinger: couldn't log to binary event log: overflow.
08-03 18:31:58.010  4014  4253 I art     : Starting a blocking GC Explicit
08-03 18:31:58.028  4014  4253 I art     : Explicit concurrent mark sweep GC freed 1429(84KB) AllocSpace objects, 1(20KB) LOS objects, 23% free, 52MB/68MB, paused 316us total 17.653ms
08-03 18:31:58.036  4014  4253 I art     : Starting a blocking GC Explicit
08-03 18:31:58.053  4014  4253 I art     : Explicit concurrent mark sweep GC freed 20(704B) AllocSpace objects, 0(0B) LOS objects, 23% free, 52MB/68MB, paused 315us total 17.026ms
08-03 18:31:58.061  4014  4253 I art     : Starting a blocking GC Explicit
08-03 18:31:58.079  4014  4253 I art     : Explicit concurrent mark sweep GC freed 3(96B) AllocSpace objects, 0(0B) LOS objects, 23% free, 52MB/68MB, paused 357us total 17.293ms
08-03 18:31:58.087  4014  4253 I art     : Starting a blocking GC Explicit
08-03 18:31:58.104  4014  4253 I art     : Explicit concurrent mark sweep GC freed 3(96B) AllocSpace objects, 0(0B) LOS objects, 23% free, 52MB/68MB, paused 311us total 17.355ms
08-03 18:31:58.113  4014  4253 I art     : Starting a blocking GC Explicit
08-03 18:31:58.134  4014  4253 I art     : Explicit concurrent mark sweep GC freed 112(7KB) AllocSpace objects, 0(0B) LOS objects, 23% free, 52MB/68MB, paused 313us total 21.001ms
08-03 18:31:58.213  4014  4507 D OkHttp  : --> GET https://api-hillfair-2k16.herokuapp.com/api/app/events/special/event?id=5806551bdcba0f490c70fd1f http/1.1
08-03 18:31:58.250  4014  4507 D OkHttp  : <-- 200 OK https://api-hillfair-2k16.herokuapp.com/api/app/events/special/event?id=5806551bdcba0f490c70fd1f (37ms, 795-byte body)
08-03 18:31:58.325  4014  4014 I NAPPA_EXPERIMENTATION: MetricNetworkRequestExecutionTime: REQUEST_DURATION_SYSTEM='672',REQUEST_DURATION_OKHTTP='37',REQUEST_SYNCHRONOUS='FALSE',RESPONSE_CODE='200',RESPONSE_METHOD='GET',RESPONSE_LENGTH_OKHTTP='795',RESPONSE_LENGTH_HEADER='795',REQUEST_PROTOCOL='http/1.1',REQUEST_URL='https://api-hillfair-2k16.herokuapp.com/api/app/events/special/event?id=5806551bdcba0f490c70fd1f',
08-03 18:31:58.408  4014  4027 I art     : Starting a blocking GC Explicit
08-03 18:31:58.431  4014  4027 I art     : Explicit concurrent mark sweep GC freed 4812(339KB) AllocSpace objects, 4(220KB) LOS objects, 23% free, 52MB/68MB, paused 486us total 21.940ms
08-03 18:31:58.440  4014  4027 I art     : Starting a blocking GC Explicit
08-03 18:31:58.459  4014  4027 I art     : Explicit concurrent mark sweep GC freed 1043(119KB) AllocSpace objects, 0(0B) LOS objects, 23% free, 52MB/68MB, paused 287us total 18.944ms
08-03 18:31:58.468  4014  4027 I art     : Starting a blocking GC Explicit
08-03 18:31:58.487  4014  4027 I art     : Explicit concurrent mark sweep GC freed 3(96B) AllocSpace objects, 0(0B) LOS objects, 23% free, 52MB/68MB, paused 344us total 18.482ms
08-03 18:31:58.495  4014  4027 I art     : Starting a blocking GC Explicit
08-03 18:31:58.513  4014  4027 I art     : Explicit concurrent mark sweep GC freed 3(96B) AllocSpace objects, 0(0B) LOS objects, 23% free, 52MB/68MB, paused 315us total 18.605ms
08-03 18:31:58.521  4014  4027 I art     : Starting a blocking GC Explicit
08-03 18:31:58.540  4014  4027 I art     : Explicit concurrent mark sweep GC freed 3(96B) AllocSpace objects, 0(0B) LOS objects, 23% free, 52MB/68MB, paused 335us total 18.329ms
08-03 18:31:58.579 30381 30381 I ServiceManager: Waiting for service AtCmdFwd...
08-03 18:31:58.807  4014  4253 I art     : Starting a blocking GC Explicit
08-03 18:31:58.825  4014  4253 I art     : Explicit concurrent mark sweep GC freed 1342(78KB) AllocSpace objects, 1(20KB) LOS objects, 23% free, 52MB/68MB, paused 321us total 18.353ms
08-03 18:31:58.834  4014  4253 I art     : Starting a blocking GC Explicit
08-03 18:31:58.852  4014  4253 I art     : Explicit concurrent mark sweep GC freed 36(1264B) AllocSpace objects, 0(0B) LOS objects, 23% free, 52MB/68MB, paused 305us total 18.064ms
08-03 18:31:58.861  4014  4253 I art     : Starting a blocking GC Explicit
08-03 18:31:58.879  4014  4253 I art     : Explicit concurrent mark sweep GC freed 3(96B) AllocSpace objects, 0(0B) LOS objects, 23% free, 52MB/68MB, paused 311us total 18.473ms
08-03 18:31:58.887  4014  4253 I art     : Starting a blocking GC Explicit
08-03 18:31:58.906  4014  4253 I art     : Explicit concurrent mark sweep GC freed 3(96B) AllocSpace objects, 0(0B) LOS objects, 23% free, 52MB/68MB, paused 306us total 18.032ms
08-03 18:31:58.914  4014  4253 I art     : Starting a blocking GC Explicit
08-03 18:31:58.932  4014  4253 I art     : Explicit concurrent mark sweep GC freed 3(96B) AllocSpace objects, 0(0B) LOS objects, 23% free, 52MB/68MB, paused 309us total 18.344ms
08-03 18:31:59.207  4014  4252 I art     : Starting a blocking GC Explicit
08-03 18:31:59.229  4014  4252 I art     : Explicit concurrent mark sweep GC freed 1341(78KB) AllocSpace objects, 1(20KB) LOS objects, 23% free, 52MB/68MB, paused 331us total 22.231ms
08-03 18:31:59.238  4014  4252 I art     : Starting a blocking GC Explicit
08-03 18:31:59.257  4014  4252 I art     : Explicit concurrent mark sweep GC freed 20(704B) AllocSpace objects, 0(0B) LOS objects, 23% free, 52MB/68MB, paused 332us total 18.871ms
08-03 18:31:59.265  4014  4252 I art     : Starting a blocking GC Explicit
08-03 18:31:59.284  4014  4252 I art     : Explicit concurrent mark sweep GC freed 3(96B) AllocSpace objects, 0(0B) LOS objects, 23% free, 52MB/68MB, paused 309us total 18.782ms
08-03 18:31:59.293  4014  4252 I art     : Starting a blocking GC Explicit
08-03 18:31:59.312  4014  4252 I art     : Explicit concurrent mark sweep GC freed 3(96B) AllocSpace objects, 0(0B) LOS objects, 23% free, 52MB/68MB, paused 328us total 18.768ms
08-03 18:31:59.320  4014  4252 I art     : Starting a blocking GC Explicit
08-03 18:31:59.339  4014  4252 I art     : Explicit concurrent mark sweep GC freed 3(96B) AllocSpace objects, 0(0B) LOS objects, 23% free, 52MB/68MB, paused 323us total 18.517ms
08-03 18:31:59.387   918 13198 D NetlinkSocketObserver: NeighborEvent{elapsedMs=1626123262, 192.168.2.254, [7C3953A63323], RTM_NEWNEIGH, NUD_STALE}
08-03 18:31:59.579 30381 30381 I ServiceManager: Waiting for service AtCmdFwd...
08-03 18:31:59.659  4014  4026 I art     : Starting a blocking GC Explicit
08-03 18:31:59.682  4014  4026 I art     : Explicit concurrent mark sweep GC freed 1341(78KB) AllocSpace objects, 1(20KB) LOS objects, 23% free, 52MB/68MB, paused 336us total 22.928ms
08-03 18:31:59.692  4014  4026 I art     : Starting a blocking GC Explicit
08-03 18:31:59.712  4014  4026 I art     : Explicit concurrent mark sweep GC freed 20(704B) AllocSpace objects, 0(0B) LOS objects, 23% free, 52MB/68MB, paused 320us total 19.066ms
08-03 18:31:59.720  4014  4026 I art     : Starting a blocking GC Explicit
08-03 18:31:59.739  4014  4026 I art     : Explicit concurrent mark sweep GC freed 3(96B) AllocSpace objects, 0(0B) LOS objects, 23% free, 52MB/68MB, paused 311us total 19.040ms
08-03 18:31:59.748  4014  4026 I art     : Starting a blocking GC Explicit
08-03 18:31:59.767  4014  4026 I art     : Explicit concurrent mark sweep GC freed 3(96B) AllocSpace objects, 0(0B) LOS objects, 23% free, 52MB/68MB, paused 330us total 19.188ms
08-03 18:31:59.776  4014  4026 I art     : Starting a blocking GC Explicit
08-03 18:31:59.795  4014  4026 I art     : Explicit concurrent mark sweep GC freed 3(96B) AllocSpace objects, 0(0B) LOS objects, 23% free, 52MB/68MB, paused 347us total 19.454ms
08-03 18:32:00.097  4014  4027 I art     : Starting a blocking GC Explicit
08-03 18:32:00.116  4014  4027 I art     : Explicit concurrent mark sweep GC freed 1341(78KB) AllocSpace objects, 1(20KB) LOS objects, 23% free, 52MB/68MB, paused 319us total 18.890ms
08-03 18:32:00.124  4014  4027 I art     : Starting a blocking GC Explicit
08-03 18:32:00.144  4014  4027 I art     : Explicit concurrent mark sweep GC freed 20(704B) AllocSpace objects, 0(0B) LOS objects, 23% free, 52MB/68MB, paused 322us total 19.407ms
08-03 18:32:00.152  4014  4027 I art     : Starting a blocking GC Explicit
08-03 18:32:00.170  4014  4027 I art     : Explicit concurrent mark sweep GC freed 3(96B) AllocSpace objects, 0(0B) LOS objects, 23% free, 52MB/68MB, paused 318us total 18.249ms
08-03 18:32:00.179  4014  4027 I art     : Starting a blocking GC Explicit
08-03 18:32:00.198  4014  4027 I art     : Explicit concurrent mark sweep GC freed 3(96B) AllocSpace objects, 0(0B) LOS objects, 23% free, 52MB/68MB, paused 332us total 18.843ms
08-03 18:32:00.206  4014  4027 I art     : Starting a blocking GC Explicit
08-03 18:32:00.225  4014  4027 I art     : Explicit concurrent mark sweep GC freed 3(96B) AllocSpace objects, 0(0B) LOS objects, 23% free, 52MB/68MB, paused 314us total 18.672ms
08-03 18:32:00.547  4014  4253 I art     : Starting a blocking GC Explicit
08-03 18:32:00.571  4014  4253 I art     : Explicit concurrent mark sweep GC freed 1341(78KB) AllocSpace objects, 1(20KB) LOS objects, 23% free, 52MB/68MB, paused 328us total 23.526ms
08-03 18:32:00.580 30381 30381 W Atfwd_Sendcmd: AtCmdFwd service not published, waiting... retryCnt : 2
08-03 18:32:00.584  4014  4253 I art     : Starting a blocking GC Explicit
08-03 18:32:00.603  4014  4253 I art     : Explicit concurrent mark sweep GC freed 20(704B) AllocSpace objects, 0(0B) LOS objects, 23% free, 52MB/68MB, paused 311us total 18.783ms
08-03 18:32:00.611  4014  4253 I art     : Starting a blocking GC Explicit
08-03 18:32:00.630  4014  4253 I art     : Explicit concurrent mark sweep GC freed 3(96B) AllocSpace objects, 0(0B) LOS objects, 23% free, 52MB/68MB, paused 308us total 18.328ms
08-03 18:32:00.638  4014  4253 I art     : Starting a blocking GC Explicit
08-03 18:32:00.657  4014  4253 I art     : Explicit concurrent mark sweep GC freed 3(96B) AllocSpace objects, 0(0B) LOS objects, 23% free, 52MB/68MB, paused 341us total 19.041ms
08-03 18:32:00.666  4014  4253 I art     : Starting a blocking GC Explicit
08-03 18:32:00.685  4014  4253 I art     : Explicit concurrent mark sweep GC freed 3(96B) AllocSpace objects, 0(0B) LOS objects, 23% free, 52MB/68MB, paused 310us total 18.824ms
08-03 18:32:01.000  4014  4252 I art     : Starting a blocking GC Explicit
08-03 18:32:01.026  4014  4252 I art     : Explicit concurrent mark sweep GC freed 1341(78KB) AllocSpace objects, 1(20KB) LOS objects, 23% free, 52MB/68MB, paused 376us total 25.260ms
08-03 18:32:01.040  4014  4252 I art     : Starting a blocking GC Explicit
08-03 18:32:01.060  4014  4252 I art     : Explicit concurrent mark sweep GC freed 20(704B) AllocSpace objects, 0(0B) LOS objects, 23% free, 52MB/68MB, paused 316us total 19.642ms
08-03 18:32:01.069  4014  4252 I art     : Starting a blocking GC Explicit
08-03 18:32:01.088  4014  4252 I art     : Explicit concurrent mark sweep GC freed 3(96B) AllocSpace objects, 0(0B) LOS objects, 23% free, 52MB/68MB, paused 312us total 18.982ms
08-03 18:32:01.096  4014  4252 I art     : Starting a blocking GC Explicit
08-03 18:32:01.115  4014  4252 I art     : Explicit concurrent mark sweep GC freed 3(96B) AllocSpace objects, 0(0B) LOS objects, 23% free, 52MB/68MB, paused 314us total 18.790ms
08-03 18:32:01.124  4014  4252 I art     : Starting a blocking GC Explicit
08-03 18:32:01.143  4014  4252 I art     : Explicit concurrent mark sweep GC freed 3(96B) AllocSpace objects, 0(0B) LOS objects, 23% free, 52MB/68MB, paused 328us total 19.079ms
08-03 18:32:01.457  4014  4026 I art     : Starting a blocking GC Explicit
08-03 18:32:01.481  4014  4026 I art     : Explicit concurrent mark sweep GC freed 1341(78KB) AllocSpace objects, 1(20KB) LOS objects, 23% free, 52MB/68MB, paused 316us total 23.100ms
08-03 18:32:01.489  4014  4026 I art     : Starting a blocking GC Explicit
08-03 18:32:01.508  4014  4026 I art     : Explicit concurrent mark sweep GC freed 20(704B) AllocSpace objects, 0(0B) LOS objects, 23% free, 52MB/68MB, paused 366us total 19.073ms
08-03 18:32:01.517  4014  4026 I art     : Starting a blocking GC Explicit
08-03 18:32:01.535  4014  4026 I art     : Explicit concurrent mark sweep GC freed 3(96B) AllocSpace objects, 0(0B) LOS objects, 23% free, 52MB/68MB, paused 288us total 17.934ms
08-03 18:32:01.543  4014  4026 I art     : Starting a blocking GC Explicit
08-03 18:32:01.560  4014  4026 I art     : Explicit concurrent mark sweep GC freed 3(96B) AllocSpace objects, 0(0B) LOS objects, 23% free, 52MB/68MB, paused 288us total 16.426ms
08-03 18:32:01.567  4014  4026 I art     : Starting a blocking GC Explicit
08-03 18:32:01.585  4014  4026 I art     : Explicit concurrent mark sweep GC freed 3(96B) AllocSpace objects, 0(0B) LOS objects, 23% free, 52MB/68MB, paused 300us total 16.985ms
08-03 18:32:01.885  4014  4027 I art     : Starting a blocking GC Explicit
08-03 18:32:01.909  4014  4027 I art     : Explicit concurrent mark sweep GC freed 1341(78KB) AllocSpace objects, 1(20KB) LOS objects, 23% free, 52MB/68MB, paused 342us total 23.857ms
08-03 18:32:01.921  4014  4027 I art     : Starting a blocking GC Explicit
08-03 18:32:01.944  4014  4027 I art     : Explicit concurrent mark sweep GC freed 20(704B) AllocSpace objects, 0(0B) LOS objects, 23% free, 52MB/68MB, paused 337us total 22.591ms
08-03 18:32:01.955  4014  4027 I art     : Starting a blocking GC Explicit
08-03 18:32:01.974  4014  4027 I art     : Explicit concurrent mark sweep GC freed 3(96B) AllocSpace objects, 0(0B) LOS objects, 23% free, 52MB/68MB, paused 346us total 18.779ms
08-03 18:32:01.982  4014  4027 I art     : Starting a blocking GC Explicit
08-03 18:32:02.001  4014  4027 I art     : Explicit concurrent mark sweep GC freed 3(96B) AllocSpace objects, 0(0B) LOS objects, 23% free, 52MB/68MB, paused 320us total 18.642ms
08-03 18:32:02.009  4014  4027 I art     : Starting a blocking GC Explicit
08-03 18:32:02.028  4014  4027 I art     : Explicit concurrent mark sweep GC freed 3(96B) AllocSpace objects, 0(0B) LOS objects, 23% free, 52MB/68MB, paused 311us total 18.364ms
08-03 18:32:02.350  4014  4253 I art     : Starting a blocking GC Explicit
08-03 18:32:02.375  4014  4253 I art     : Explicit concurrent mark sweep GC freed 1341(78KB) AllocSpace objects, 1(20KB) LOS objects, 23% free, 52MB/68MB, paused 441us total 23.990ms
08-03 18:32:02.385  4014  4253 I art     : Starting a blocking GC Explicit
08-03 18:32:02.404  4014  4253 I art     : Explicit concurrent mark sweep GC freed 20(704B) AllocSpace objects, 0(0B) LOS objects, 23% free, 52MB/68MB, paused 300us total 18.635ms
08-03 18:32:02.413  4014  4253 I art     : Starting a blocking GC Explicit
08-03 18:32:02.432  4014  4253 I art     : Explicit concurrent mark sweep GC freed 3(96B) AllocSpace objects, 0(0B) LOS objects, 23% free, 52MB/68MB, paused 304us total 19.078ms
08-03 18:32:02.440  4014  4253 I art     : Starting a blocking GC Explicit
08-03 18:32:02.460  4014  4253 I art     : Explicit concurrent mark sweep GC freed 3(96B) AllocSpace objects, 0(0B) LOS objects, 23% free, 52MB/68MB, paused 288us total 19.002ms
08-03 18:32:02.468  4014  4253 I art     : Starting a blocking GC Explicit
08-03 18:32:02.486  4014  4253 I art     : Explicit concurrent mark sweep GC freed 3(96B) AllocSpace objects, 0(0B) LOS objects, 23% free, 52MB/68MB, paused 303us total 18.126ms
08-03 18:32:02.787  4014  4252 I art     : Starting a blocking GC Explicit
08-03 18:32:02.809  4014  4252 I art     : Explicit concurrent mark sweep GC freed 1341(78KB) AllocSpace objects, 1(20KB) LOS objects, 23% free, 52MB/68MB, paused 337us total 21.702ms
08-03 18:32:02.820  4014  4252 I art     : Starting a blocking GC Explicit
08-03 18:32:02.839  4014  4252 I art     : Explicit concurrent mark sweep GC freed 20(704B) AllocSpace objects, 0(0B) LOS objects, 23% free, 52MB/68MB, paused 308us total 18.896ms
08-03 18:32:02.848  4014  4252 I art     : Starting a blocking GC Explicit
08-03 18:32:02.867  4014  4252 I art     : Explicit concurrent mark sweep GC freed 3(96B) AllocSpace objects, 0(0B) LOS objects, 23% free, 52MB/68MB, paused 420us total 19.087ms
08-03 18:32:02.875  4014  4252 I art     : Starting a blocking GC Explicit
08-03 18:32:02.895  4014  4252 I art     : Explicit concurrent mark sweep GC freed 3(96B) AllocSpace objects, 0(0B) LOS objects, 23% free, 52MB/68MB, paused 305us total 19.112ms
08-03 18:32:02.903  4014  4252 I art     : Starting a blocking GC Explicit
08-03 18:32:02.923  4014  4252 I art     : Explicit concurrent mark sweep GC freed 3(96B) AllocSpace objects, 0(0B) LOS objects, 23% free, 52MB/68MB, paused 305us total 19.006ms
08-03 18:32:03.221  4014  4631 W OneSignal: OneSignalRestClient: POST Error thrown from network stack. 
08-03 18:32:03.221  4014  4631 W OneSignal: java.io.IOException: unexpected end of stream on Connection{api.onesignal.com:443, proxy=HTTP@192.168.2.12:8080 hostAddress=192.168.2.12 cipherSuite=TLS_ECDHE_RSA_WITH_AES_128_GCM_SHA256 protocol=http/1.1} (recycle count=0)
08-03 18:32:03.221  4014  4631 W OneSignal: 	at com.android.okhttp.internal.http.HttpConnection.readResponse(HttpConnection.java:210)
08-03 18:32:03.221  4014  4631 W OneSignal: 	at com.android.okhttp.internal.http.HttpTransport.readResponseHeaders(HttpTransport.java:80)
08-03 18:32:03.221  4014  4631 W OneSignal: 	at com.android.okhttp.internal.http.HttpEngine.readNetworkResponse(HttpEngine.java:904)
08-03 18:32:03.221  4014  4631 W OneSignal: 	at com.android.okhttp.internal.http.HttpEngine.readResponse(HttpEngine.java:788)
08-03 18:32:03.221  4014  4631 W OneSignal: 	at com.android.okhttp.internal.huc.HttpURLConnectionImpl.execute(HttpURLConnectionImpl.java:439)
08-03 18:32:03.221  4014  4631 W OneSignal: 	at com.android.okhttp.internal.huc.HttpURLConnectionImpl.getResponse(HttpURLConnectionImpl.java:384)
08-03 18:32:03.221  4014  4631 W OneSignal: 	at com.android.okhttp.internal.huc.HttpURLConnectionImpl.getResponseCode(HttpURLConnectionImpl.java:497)
08-03 18:32:03.221  4014  4631 W OneSignal: 	at com.android.okhttp.internal.huc.DelegatingHttpsURLConnection.getResponseCode(DelegatingHttpsURLConnection.java:105)
08-03 18:32:03.221  4014  4631 W OneSignal: 	at com.android.okhttp.internal.huc.HttpsURLConnectionImpl.getResponseCode(HttpsURLConnectionImpl.java)
08-03 18:32:03.221  4014  4631 W OneSignal: 	at com.onesignal.OneSignalRestClient.startHTTPConnection(OneSignalRestClient.java:180)
08-03 18:32:03.221  4014  4631 W OneSignal: 	at com.onesignal.OneSignalRestClient.access$100(OneSignalRestClient.java:44)
08-03 18:32:03.221  4014  4631 W OneSignal: 	at com.onesignal.OneSignalRestClient$4.run(OneSignalRestClient.java:110)
08-03 18:32:03.221  4014  4631 W OneSignal: 	at java.lang.Thread.run(Thread.java:818)
08-03 18:32:03.221  4014  4631 W OneSignal: Caused by: java.io.EOFException: \n not found: size=0 content=...
08-03 18:32:03.221  4014  4631 W OneSignal: 	at com.android.okhttp.okio.RealBufferedSource.readUtf8LineStrict(RealBufferedSource.java:200)
08-03 18:32:03.221  4014  4631 W OneSignal: 	at com.android.okhttp.internal.http.HttpConnection.readResponse(HttpConnection.java:191)
08-03 18:32:03.221  4014  4631 W OneSignal: 	... 12 more
08-03 18:32:03.222  4014  4642 W OneSignal: Failed last request. statusCode: -1
08-03 18:32:03.222  4014  4642 W OneSignal: response: null
08-03 18:32:03.261  4014  4026 I art     : Starting a blocking GC Explicit
08-03 18:32:03.285  4014  4026 I art     : Explicit concurrent mark sweep GC freed 3987(245KB) AllocSpace objects, 1(20KB) LOS objects, 23% free, 52MB/68MB, paused 333us total 24.522ms
08-03 18:32:03.297  4014  4026 I art     : Starting a blocking GC Explicit
08-03 18:32:03.320  4014  4026 I art     : Explicit concurrent mark sweep GC freed 73(2704B) AllocSpace objects, 0(0B) LOS objects, 23% free, 52MB/68MB, paused 323us total 22.177ms
08-03 18:32:03.330  4014  4026 I art     : Starting a blocking GC Explicit
08-03 18:32:03.349  4014  4026 I art     : Explicit concurrent mark sweep GC freed 3(96B) AllocSpace objects, 0(0B) LOS objects, 23% free, 52MB/68MB, paused 296us total 19.021ms
08-03 18:32:03.357  4014  4026 I art     : Starting a blocking GC Explicit
08-03 18:32:03.376  4014  4026 I art     : Explicit concurrent mark sweep GC freed 3(96B) AllocSpace objects, 0(0B) LOS objects, 23% free, 52MB/68MB, paused 329us total 18.441ms
08-03 18:32:03.384  4014  4026 I art     : Starting a blocking GC Explicit
08-03 18:32:03.403  4014  4026 I art     : Explicit concurrent mark sweep GC freed 3(96B) AllocSpace objects, 0(0B) LOS objects, 23% free, 52MB/68MB, paused 297us total 18.808ms
08-03 18:32:03.701  4014  4027 I art     : Starting a blocking GC Explicit
08-03 18:32:03.724  4014  4027 I art     : Explicit concurrent mark sweep GC freed 1341(78KB) AllocSpace objects, 1(20KB) LOS objects, 23% free, 52MB/68MB, paused 324us total 22.512ms
08-03 18:32:03.736  4014  4027 I art     : Starting a blocking GC Explicit
08-03 18:32:03.755  4014  4027 I art     : Explicit concurrent mark sweep GC freed 20(704B) AllocSpace objects, 0(0B) LOS objects, 23% free, 52MB/68MB, paused 312us total 19.439ms
08-03 18:32:03.764  4014  4027 I art     : Starting a blocking GC Explicit
08-03 18:32:03.783  4014  4027 I art     : Explicit concurrent mark sweep GC freed 3(96B) AllocSpace objects, 0(0B) LOS objects, 23% free, 52MB/68MB, paused 316us total 18.876ms
08-03 18:32:03.792  4014  4027 I art     : Starting a blocking GC Explicit
08-03 18:32:03.811  4014  4027 I art     : Explicit concurrent mark sweep GC freed 3(96B) AllocSpace objects, 0(0B) LOS objects, 23% free, 52MB/68MB, paused 312us total 19.062ms
08-03 18:32:03.819  4014  4027 I art     : Starting a blocking GC Explicit
08-03 18:32:03.838  4014  4027 I art     : Explicit concurrent mark sweep GC freed 3(96B) AllocSpace objects, 0(0B) LOS objects, 23% free, 52MB/68MB, paused 328us total 18.771ms
08-03 18:32:04.143  4014  4253 I art     : Starting a blocking GC Explicit
08-03 18:32:04.167  4014  4253 I art     : Explicit concurrent mark sweep GC freed 1341(78KB) AllocSpace objects, 1(20KB) LOS objects, 23% free, 52MB/68MB, paused 328us total 23.589ms
08-03 18:32:04.181  4014  4253 I art     : Starting a blocking GC Explicit
08-03 18:32:04.199  4014  4253 I art     : Explicit concurrent mark sweep GC freed 20(704B) AllocSpace objects, 0(0B) LOS objects, 23% free, 52MB/68MB, paused 281us total 17.993ms
08-03 18:32:04.207  4014  4253 I art     : Starting a blocking GC Explicit
08-03 18:32:04.225  4014  4253 I art     : Explicit concurrent mark sweep GC freed 3(96B) AllocSpace objects, 0(0B) LOS objects, 23% free, 52MB/68MB, paused 291us total 17.782ms
08-03 18:32:04.234  4014  4253 I art     : Starting a blocking GC Explicit
08-03 18:32:04.252  4014  4253 I art     : Explicit concurrent mark sweep GC freed 3(96B) AllocSpace objects, 0(0B) LOS objects, 23% free, 52MB/68MB, paused 295us total 18.261ms
08-03 18:32:04.260  4014  4253 I art     : Starting a blocking GC Explicit
08-03 18:32:04.282  4014  4253 I art     : Explicit concurrent mark sweep GC freed 3(96B) AllocSpace objects, 0(0B) LOS objects, 23% free, 52MB/68MB, paused 338us total 21.755ms
08-03 18:32:04.576  4014  4252 I art     : Starting a blocking GC Explicit
08-03 18:32:04.600  4014  4252 I art     : Explicit concurrent mark sweep GC freed 1341(78KB) AllocSpace objects, 1(20KB) LOS objects, 23% free, 52MB/68MB, paused 351us total 23.900ms
08-03 18:32:04.611  4014  4252 I art     : Starting a blocking GC Explicit
08-03 18:32:04.630  4014  4252 I art     : Explicit concurrent mark sweep GC freed 20(704B) AllocSpace objects, 0(0B) LOS objects, 23% free, 52MB/68MB, paused 314us total 19.032ms
08-03 18:32:04.639  4014  4252 I art     : Starting a blocking GC Explicit
08-03 18:32:04.658  4014  4252 I art     : Explicit concurrent mark sweep GC freed 3(96B) AllocSpace objects, 0(0B) LOS objects, 23% free, 52MB/68MB, paused 321us total 18.752ms
08-03 18:32:04.666  4014  4252 I art     : Starting a blocking GC Explicit
08-03 18:32:04.685  4014  4252 I art     : Explicit concurrent mark sweep GC freed 3(96B) AllocSpace objects, 0(0B) LOS objects, 23% free, 52MB/68MB, paused 322us total 18.636ms
08-03 18:32:04.694  4014  4252 I art     : Starting a blocking GC Explicit
08-03 18:32:04.713  4014  4252 I art     : Explicit concurrent mark sweep GC freed 3(96B) AllocSpace objects, 0(0B) LOS objects, 23% free, 52MB/68MB, paused 314us total 18.731ms
08-03 18:32:05.019  4014  4026 I art     : Starting a blocking GC Explicit
08-03 18:32:05.045  4014  4026 I art     : Explicit concurrent mark sweep GC freed 1341(78KB) AllocSpace objects, 1(20KB) LOS objects, 23% free, 52MB/68MB, paused 338us total 26.246ms
08-03 18:32:05.058  4014  4026 I art     : Starting a blocking GC Explicit
08-03 18:32:05.080  4014  4026 I art     : Explicit concurrent mark sweep GC freed 20(704B) AllocSpace objects, 0(0B) LOS objects, 23% free, 52MB/68MB, paused 304us total 21.337ms
08-03 18:32:05.088  4014  4026 I art     : Starting a blocking GC Explicit
08-03 18:32:05.108  4014  4026 I art     : Explicit concurrent mark sweep GC freed 3(96B) AllocSpace objects, 0(0B) LOS objects, 23% free, 52MB/68MB, paused 313us total 19.329ms
08-03 18:32:05.116  4014  4026 I art     : Starting a blocking GC Explicit
08-03 18:32:05.135  4014  4026 I art     : Explicit concurrent mark sweep GC freed 3(96B) AllocSpace objects, 0(0B) LOS objects, 23% free, 52MB/68MB, paused 301us total 18.485ms
08-03 18:32:05.143  4014  4026 I art     : Starting a blocking GC Explicit
08-03 18:32:05.162  4014  4026 I art     : Explicit concurrent mark sweep GC freed 3(96B) AllocSpace objects, 0(0B) LOS objects, 23% free, 52MB/68MB, paused 315us total 18.365ms
08-03 18:32:05.488  4014  4027 I art     : Starting a blocking GC Explicit
08-03 18:32:05.513  4014  4027 I art     : Explicit concurrent mark sweep GC freed 1341(78KB) AllocSpace objects, 1(20KB) LOS objects, 23% free, 52MB/68MB, paused 375us total 24.617ms
08-03 18:32:05.526  4014  4027 I art     : Starting a blocking GC Explicit
08-03 18:32:05.545  4014  4027 I art     : Explicit concurrent mark sweep GC freed 20(704B) AllocSpace objects, 0(0B) LOS objects, 23% free, 52MB/68MB, paused 324us total 18.417ms
08-03 18:32:05.553  4014  4027 I art     : Starting a blocking GC Explicit
08-03 18:32:05.572  4014  4027 I art     : Explicit concurrent mark sweep GC freed 3(96B) AllocSpace objects, 0(0B) LOS objects, 23% free, 52MB/68MB, paused 302us total 18.845ms
08-03 18:32:05.581  4014  4027 I art     : Starting a blocking GC Explicit
08-03 18:32:05.599  4014  4027 I art     : Explicit concurrent mark sweep GC freed 3(96B) AllocSpace objects, 0(0B) LOS objects, 23% free, 52MB/68MB, paused 313us total 18.635ms
08-03 18:32:05.608  4014  4027 I art     : Starting a blocking GC Explicit
08-03 18:32:05.627  4014  4027 I art     : Explicit concurrent mark sweep GC freed 3(96B) AllocSpace objects, 0(0B) LOS objects, 23% free, 52MB/68MB, paused 362us total 18.966ms
08-03 18:32:05.931  4014  4253 I art     : Starting a blocking GC Explicit
08-03 18:32:05.952  4014  4253 I art     : Explicit concurrent mark sweep GC freed 1341(78KB) AllocSpace objects, 1(20KB) LOS objects, 23% free, 52MB/68MB, paused 336us total 20.571ms
08-03 18:32:05.963  4014  4253 I art     : Starting a blocking GC Explicit
08-03 18:32:05.984  4014  4253 I art     : Explicit concurrent mark sweep GC freed 20(704B) AllocSpace objects, 0(0B) LOS objects, 23% free, 52MB/68MB, paused 306us total 20.935ms
08-03 18:32:05.993  4014  4253 I art     : Starting a blocking GC Explicit
08-03 18:32:06.012  4014  4253 I art     : Explicit concurrent mark sweep GC freed 3(96B) AllocSpace objects, 0(0B) LOS objects, 23% free, 52MB/68MB, paused 300us total 19.099ms
08-03 18:32:06.021  4014  4253 I art     : Starting a blocking GC Explicit
08-03 18:32:06.039  4014  4253 I art     : Explicit concurrent mark sweep GC freed 3(96B) AllocSpace objects, 0(0B) LOS objects, 23% free, 52MB/68MB, paused 326us total 18.204ms
08-03 18:32:06.047  4014  4253 I art     : Starting a blocking GC Explicit
08-03 18:32:06.066  4014  4253 I art     : Explicit concurrent mark sweep GC freed 3(96B) AllocSpace objects, 0(0B) LOS objects, 23% free, 52MB/68MB, paused 299us total 18.816ms
08-03 18:32:06.309  4716  4716 W ps      : type=1400 audit(0.0:734884): avc: denied { getattr } for path="/proc/1" dev="proc" ino=16498519 scontext=u:r:untrusted_app:s0:c512,c768 tcontext=u:r:init:s0 tclass=dir permissive=0
08-03 18:32:06.309  4716  4716 W ps      : type=1400 audit(0.0:734885): avc: denied { search } for name="1" dev="proc" ino=16498519 scontext=u:r:untrusted_app:s0:c512,c768 tcontext=u:r:init:s0 tclass=dir permissive=0
08-03 18:32:06.309  4716  4716 W ps      : type=1400 audit(0.0:734886): avc: denied { search } for name="1" dev="proc" ino=16498519 scontext=u:r:untrusted_app:s0:c512,c768 tcontext=u:r:init:s0 tclass=dir permissive=0
08-03 18:32:06.309  4716  4716 W ps      : type=1400 audit(0.0:734887): avc: denied { getattr } for path="/proc/2" dev="proc" ino=16498520 scontext=u:r:untrusted_app:s0:c512,c768 tcontext=u:r:kernel:s0 tclass=dir permissive=0
08-03 18:32:06.309  4716  4716 W ps      : type=1400 audit(0.0:734888): avc: denied { search } for name="2" dev="proc" ino=16498520 scontext=u:r:untrusted_app:s0:c512,c768 tcontext=u:r:kernel:s0 tclass=dir permissive=0
08-03 18:32:06.309  4716  4716 W ps      : type=1400 audit(0.0:734889): avc: denied { search } for name="2" dev="proc" ino=16498520 scontext=u:r:untrusted_app:s0:c512,c768 tcontext=u:r:kernel:s0 tclass=dir permissive=0
08-03 18:32:06.309  4716  4716 W ps      : type=1400 audit(0.0:734890): avc: denied { getattr } for path="/proc/3" dev="proc" ino=16498521 scontext=u:r:untrusted_app:s0:c512,c768 tcontext=u:r:kernel:s0 tclass=dir permissive=0
08-03 18:32:06.309  4716  4716 W ps      : type=1400 audit(0.0:734891): avc: denied { search } for name="3" dev="proc" ino=16498521 scontext=u:r:untrusted_app:s0:c512,c768 tcontext=u:r:kernel:s0 tclass=dir permissive=0
08-03 18:32:06.309  4716  4716 W ps      : type=1400 audit(0.0:734892): avc: denied { search } for name="3" dev="proc" ino=16498521 scontext=u:r:untrusted_app:s0:c512,c768 tcontext=u:r:kernel:s0 tclass=dir permissive=0
08-03 18:32:06.309  4716  4716 W ps      : type=1400 audit(0.0:734893): avc: denied { getattr } for path="/proc/5" dev="proc" ino=16498522 scontext=u:r:untrusted_app:s0:c512,c768 tcontext=u:r:kernel:s0 tclass=dir permissive=0
08-03 18:32:06.309  4716  4716 W ps      : type=1400 audit(0.0:734894): avc: denied { search } for name="5" dev="proc" ino=16498522 scontext=u:r:untrusted_app:s0:c512,c768 tcontext=u:r:kernel:s0 tclass=dir permissive=0
08-03 18:32:06.309  4716  4716 W ps      : type=1400 audit(0.0:734895): avc: denied { search } for name="5" dev="proc" ino=16498522 scontext=u:r:untrusted_app:s0:c512,c768 tcontext=u:r:kernel:s0 tclass=dir permissive=0
08-03 18:32:06.309  4716  4716 W ps      : type=1400 audit(0.0:734896): avc: denied { getattr } for path="/proc/6" dev="proc" ino=16498523 scontext=u:r:untrusted_app:s0:c512,c768 tcontext=u:r:kernel:s0 tclass=dir permissive=0
08-03 18:32:06.309  4716  4716 W ps      : type=1400 audit(0.0:734897): avc: denied { search } for name="6" dev="proc" ino=16498523 scontext=u:r:untrusted_app:s0:c512,c768 tcontext=u:r:kernel:s0 tclass=dir permissive=0
08-03 18:32:06.309  4716  4716 W ps      : type=1400 audit(0.0:734898): avc: denied { search } for name="6" dev="proc" ino=16498523 scontext=u:r:untrusted_app:s0:c512,c768 tcontext=u:r:kernel:s0 tclass=dir permissive=0
08-03 18:32:06.309  4716  4716 W ps      : type=1400 audit(0.0:734899): avc: denied { getattr } for path="/proc/7" dev="proc" ino=16498524 scontext=u:r:untrusted_app:s0:c512,c768 tcontext=u:r:kernel:s0 tclass=dir permissive=0
08-03 18:32:06.309  4716  4716 W ps      : type=1400 audit(0.0:734900): avc: denied { search } for name="7" dev="proc" ino=16498524 scontext=u:r:untrusted_app:s0:c512,c768 tcontext=u:r:kernel:s0 tclass=dir permissive=0
08-03 18:32:06.309  4716  4716 W ps      : type=1400 audit(0.0:734901): avc: denied { search } for name="7" dev="proc" ino=16498524 scontext=u:r:untrusted_app:s0:c512,c768 tcontext=u:r:kernel:s0 tclass=dir permissive=0
08-03 18:32:06.309  4716  4716 W ps      : type=1400 audit(0.0:734902): avc: denied { getattr } for path="/proc/8" dev="proc" ino=16498525 scontext=u:r:untrusted_app:s0:c512,c768 tcontext=u:r:kernel:s0 tclass=dir permissive=0
08-03 18:32:06.309  4716  4716 W ps      : type=1400 audit(0.0:734903): avc: denied { search } for name="8" dev="proc" ino=16498525 scontext=u:r:untrusted_app:s0:c512,c768 tcontext=u:r:kernel:s0 tclass=dir permissive=0
08-03 18:32:06.309  4716  4716 W ps      : type=1400 audit(0.0:734904): avc: denied { search } for name="8" dev="proc" ino=16498525 scontext=u:r:untrusted_app:s0:c512,c768 tcontext=u:r:kernel:s0 tclass=dir permissive=0
08-03 18:32:06.309  4716  4716 W ps      : type=1400 audit(0.0:734905): avc: denied { getattr } for path="/proc/9" dev="proc" ino=16498526 scontext=u:r:untrusted_app:s0:c512,c768 tcontext=u:r:kernel:s0 tclass=dir permissive=0
08-03 18:32:06.309  4716  4716 W ps      : type=1400 audit(0.0:734906): avc: denied { search } for name="9" dev="proc" ino=16498526 scontext=u:r:untrusted_app:s0:c512,c768 tcontext=u:r:kernel:s0 tclass=dir permissive=0
08-03 18:32:06.309  4716  4716 W ps      : type=1400 audit(0.0:734907): avc: denied { search } for name="9" dev="proc" ino=16498526 scontext=u:r:untrusted_app:s0:c512,c768 tcontext=u:r:kernel:s0 tclass=dir permissive=0
08-03 18:32:06.309  4716  4716 W ps      : type=1400 audit(0.0:734908): avc: denied { getattr } for path="/proc/10" dev="proc" ino=16498527 scontext=u:r:untrusted_app:s0:c512,c768 tcontext=u:r:kernel:s0 tclass=dir permissive=0
08-03 18:32:06.309  4716  4716 W ps      : type=1400 audit(0.0:734909): avc: denied { search } for name="10" dev="proc" ino=16498527 scontext=u:r:untrusted_app:s0:c512,c768 tcontext=u:r:kernel:s0 tclass=dir permissive=0
08-03 18:32:06.309  4716  4716 W ps      : type=1400 audit(0.0:734910): avc: denied { search } for name="10" dev="proc" ino=16498527 scontext=u:r:untrusted_app:s0:c512,c768 tcontext=u:r:kernel:s0 tclass=dir permissive=0
08-03 18:32:06.309  4716  4716 W ps      : type=1400 audit(0.0:734911): avc: denied { getattr } for path="/proc/11" dev="proc" ino=16498528 scontext=u:r:untrusted_app:s0:c512,c768 tcontext=u:r:kernel:s0 tclass=dir permissive=0
08-03 18:32:06.309  4716  4716 W ps      : type=1400 audit(0.0:734912): avc: denied { search } for name="11" dev="proc" ino=16498528 scontext=u:r:untrusted_app:s0:c512,c768 tcontext=u:r:kernel:s0 tclass=dir permissive=0
08-03 18:32:06.309  4716  4716 W ps      : type=1400 audit(0.0:734913): avc: denied { search } for name="11" dev="proc" ino=16498528 scontext=u:r:untrusted_app:s0:c512,c768 tcontext=u:r:kernel:s0 tclass=dir permissive=0
08-03 18:32:06.309  4716  4716 W ps      : type=1400 audit(0.0:734914): avc: denied { getattr } for path="/proc/12" dev="proc" ino=16498529 scontext=u:r:untrusted_app:s0:c512,c768 tcontext=u:r:kernel:s0 tclass=dir permissive=0
08-03 18:32:06.309  4716  4716 W ps      : type=1400 audit(0.0:734915): avc: denied { search } for name="12" dev="proc" ino=16498529 scontext=u:r:untrusted_app:s0:c512,c768 tcontext=u:r:kernel:s0 tclass=dir permissive=0
08-03 18:32:06.309  4716  4716 W ps      : type=1400 audit(0.0:734916): avc: denied { search } for name="12" dev="proc" ino=16498529 scontext=u:r:untrusted_app:s0:c512,c768 tcontext=u:r:kernel:s0 tclass=dir permissive=0
08-03 18:32:06.309  4716  4716 W ps      : type=1400 audit(0.0:734917): avc: denied { getattr } for path="/proc/14" dev="proc" ino=16498530 scontext=u:r:untrusted_app:s0:c512,c768 tcontext=u:r:kernel:s0 tclass=dir permissive=0
08-03 18:32:06.309  4716  4716 W ps      : type=1400 audit(0.0:734918): avc: denied { search } for name="14" dev="proc" ino=16498530 scontext=u:r:untrusted_app:s0:c512,c768 tcontext=u:r:kernel:s0 tclass=dir permissive=0
08-03 18:32:06.309  4716  4716 W ps      : type=1400 audit(0.0:734919): avc: denied { search } for name="14" dev="proc" ino=16498530 scontext=u:r:untrusted_app:s0:c512,c768 tcontext=u:r:kernel:s0 tclass=dir permissive=0
08-03 18:32:06.309  4716  4716 W ps      : type=1400 audit(0.0:734920): avc: denied { getattr } for path="/proc/15" dev="proc" ino=16498531 scontext=u:r:untrusted_app:s0:c512,c768 tcontext=u:r:kernel:s0 tclass=dir permissive=0
08-03 18:32:06.309  4716  4716 W ps      : type=1400 audit(0.0:734921): avc: denied { search } for name="15" dev="proc" ino=16498531 scontext=u:r:untrusted_app:s0:c512,c768 tcontext=u:r:kernel:s0 tclass=dir permissive=0
08-03 18:32:06.347  4014  4252 I art     : Starting a blocking GC Explicit
08-03 18:32:06.367  4014  4252 I art     : Explicit concurrent mark sweep GC freed 1341(78KB) AllocSpace objects, 1(20KB) LOS objects, 23% free, 52MB/68MB, paused 336us total 19.175ms
08-03 18:32:06.375  4014  4252 I art     : Starting a blocking GC Explicit
08-03 18:32:06.393  4014  4252 I art     : Explicit concurrent mark sweep GC freed 20(704B) AllocSpace objects, 0(0B) LOS objects, 23% free, 52MB/68MB, paused 340us total 17.283ms
08-03 18:32:06.401  4014  4252 I art     : Starting a blocking GC Explicit
08-03 18:32:06.418  4014  4252 I art     : Explicit concurrent mark sweep GC freed 3(96B) AllocSpace objects, 0(0B) LOS objects, 23% free, 52MB/68MB, paused 683us total 16.877ms
08-03 18:32:06.426  4014  4252 I art     : Starting a blocking GC Explicit
08-03 18:32:06.444  4014  4252 I art     : Explicit concurrent mark sweep GC freed 3(96B) AllocSpace objects, 0(0B) LOS objects, 23% free, 52MB/68MB, paused 354us total 17.748ms
08-03 18:32:06.452  4014  4252 I art     : Starting a blocking GC Explicit
08-03 18:32:06.469  4014  4252 I art     : Explicit concurrent mark sweep GC freed 3(96B) AllocSpace objects, 0(0B) LOS objects, 23% free, 52MB/68MB, paused 326us total 16.261ms
08-03 18:32:06.733  4014  4026 I art     : Starting a blocking GC Explicit
08-03 18:32:06.756  4014  4026 I art     : Explicit concurrent mark sweep GC freed 1341(78KB) AllocSpace objects, 1(20KB) LOS objects, 23% free, 52MB/68MB, paused 324us total 23.045ms
08-03 18:32:06.767  4014  4026 I art     : Starting a blocking GC Explicit
08-03 18:32:06.786  4014  4026 I art     : Explicit concurrent mark sweep GC freed 20(704B) AllocSpace objects, 0(0B) LOS objects, 23% free, 52MB/68MB, paused 306us total 19.039ms
08-03 18:32:06.795  4014  4026 I art     : Starting a blocking GC Explicit
08-03 18:32:06.815  4014  4026 I art     : Explicit concurrent mark sweep GC freed 3(96B) AllocSpace objects, 0(0B) LOS objects, 23% free, 52MB/68MB, paused 294us total 19.338ms
08-03 18:32:06.823  4014  4026 I art     : Starting a blocking GC Explicit
08-03 18:32:06.842  4014  4026 I art     : Explicit concurrent mark sweep GC freed 3(96B) AllocSpace objects, 0(0B) LOS objects, 23% free, 52MB/68MB, paused 314us total 18.307ms
08-03 18:32:06.850  4014  4026 I art     : Starting a blocking GC Explicit
08-03 18:32:06.869  4014  4026 I art     : Explicit concurrent mark sweep GC freed 3(96B) AllocSpace objects, 0(0B) LOS objects, 23% free, 52MB/68MB, paused 292us total 18.161ms
08-03 18:32:07.182  4014  4027 I art     : Starting a blocking GC Explicit
08-03 18:32:07.208  4014  4027 I art     : Explicit concurrent mark sweep GC freed 1341(78KB) AllocSpace objects, 1(20KB) LOS objects, 23% free, 52MB/68MB, paused 374us total 25.339ms
08-03 18:32:07.219  4014  4027 I art     : Starting a blocking GC Explicit
08-03 18:32:07.237  4014  4027 I art     : Explicit concurrent mark sweep GC freed 20(704B) AllocSpace objects, 0(0B) LOS objects, 23% free, 52MB/68MB, paused 315us total 18.448ms
08-03 18:32:07.246  4014  4027 I art     : Starting a blocking GC Explicit
08-03 18:32:07.264  4014  4027 I art     : Explicit concurrent mark sweep GC freed 3(96B) AllocSpace objects, 0(0B) LOS objects, 23% free, 52MB/68MB, paused 314us total 18.446ms
08-03 18:32:07.273  4014  4027 I art     : Starting a blocking GC Explicit
08-03 18:32:07.292  4014  4027 I art     : Explicit concurrent mark sweep GC freed 3(96B) AllocSpace objects, 0(0B) LOS objects, 23% free, 52MB/68MB, paused 296us total 18.660ms
08-03 18:32:07.300  4014  4027 I art     : Starting a blocking GC Explicit
08-03 18:32:07.319  4014  4027 I art     : Explicit concurrent mark sweep GC freed 3(96B) AllocSpace objects, 0(0B) LOS objects, 23% free, 52MB/68MB, paused 289us total 18.377ms
08-03 18:32:07.630  4014  4253 I art     : Starting a blocking GC Explicit
08-03 18:32:07.654  4014  4253 I art     : Explicit concurrent mark sweep GC freed 1341(78KB) AllocSpace objects, 1(20KB) LOS objects, 23% free, 52MB/68MB, paused 323us total 23.356ms
08-03 18:32:07.665  4014  4253 I art     : Starting a blocking GC Explicit
08-03 18:32:07.687  4014  4253 I art     : Explicit concurrent mark sweep GC freed 20(704B) AllocSpace objects, 0(0B) LOS objects, 23% free, 52MB/68MB, paused 322us total 22.099ms
08-03 18:32:07.696  4014  4253 I art     : Starting a blocking GC Explicit
08-03 18:32:07.715  4014  4253 I art     : Explicit concurrent mark sweep GC freed 3(96B) AllocSpace objects, 0(0B) LOS objects, 23% free, 52MB/68MB, paused 307us total 19.233ms
08-03 18:32:07.724  4014  4253 I art     : Starting a blocking GC Explicit
08-03 18:32:07.743  4014  4253 I art     : Explicit concurrent mark sweep GC freed 3(96B) AllocSpace objects, 0(0B) LOS objects, 23% free, 52MB/68MB, paused 306us total 18.402ms
08-03 18:32:07.751  4014  4253 I art     : Starting a blocking GC Explicit
08-03 18:32:07.770  4014  4253 I art     : Explicit concurrent mark sweep GC freed 3(96B) AllocSpace objects, 0(0B) LOS objects, 23% free, 52MB/68MB, paused 316us total 18.758ms
08-03 18:32:08.074  4014  4252 I art     : Starting a blocking GC Explicit
08-03 18:32:08.098  4014  4252 I art     : Explicit concurrent mark sweep GC freed 1341(78KB) AllocSpace objects, 1(20KB) LOS objects, 23% free, 52MB/68MB, paused 447us total 23.607ms
08-03 18:32:08.110  4014  4252 I art     : Starting a blocking GC Explicit
08-03 18:32:08.132  4014  4252 I art     : Explicit concurrent mark sweep GC freed 20(704B) AllocSpace objects, 0(0B) LOS objects, 23% free, 52MB/68MB, paused 321us total 21.429ms
08-03 18:32:08.141  4014  4252 I art     : Starting a blocking GC Explicit
08-03 18:32:08.160  4014  4252 I art     : Explicit concurrent mark sweep GC freed 3(96B) AllocSpace objects, 0(0B) LOS objects, 23% free, 52MB/68MB, paused 306us total 18.643ms
08-03 18:32:08.168  4014  4252 I art     : Starting a blocking GC Explicit
08-03 18:32:08.187  4014  4252 I art     : Explicit concurrent mark sweep GC freed 3(96B) AllocSpace objects, 0(0B) LOS objects, 23% free, 52MB/68MB, paused 409us total 18.611ms
08-03 18:32:08.195  4014  4252 I art     : Starting a blocking GC Explicit
08-03 18:32:08.214  4014  4252 I art     : Explicit concurrent mark sweep GC freed 3(96B) AllocSpace objects, 0(0B) LOS objects, 23% free, 52MB/68MB, paused 308us total 18.692ms
08-03 18:32:08.496  4014  4026 I art     : Starting a blocking GC Explicit
08-03 18:32:08.516  4014  4026 I art     : Explicit concurrent mark sweep GC freed 1341(78KB) AllocSpace objects, 1(20KB) LOS objects, 23% free, 52MB/68MB, paused 295us total 19.487ms
08-03 18:32:08.524  4014  4026 I art     : Starting a blocking GC Explicit
08-03 18:32:08.543  4014  4026 I art     : Explicit concurrent mark sweep GC freed 20(704B) AllocSpace objects, 0(0B) LOS objects, 23% free, 52MB/68MB, paused 306us total 18.732ms
08-03 18:32:08.551  4014  4026 I art     : Starting a blocking GC Explicit
08-03 18:32:08.571  4014  4026 I art     : Explicit concurrent mark sweep GC freed 3(96B) AllocSpace objects, 0(0B) LOS objects, 23% free, 52MB/68MB, paused 299us total 18.926ms
08-03 18:32:08.579  4014  4026 I art     : Starting a blocking GC Explicit
08-03 18:32:08.599  4014  4026 I art     : Explicit concurrent mark sweep GC freed 3(96B) AllocSpace objects, 0(0B) LOS objects, 23% free, 52MB/68MB, paused 301us total 19.128ms
08-03 18:32:08.607  4014  4026 I art     : Starting a blocking GC Explicit
08-03 18:32:08.626  4014  4026 I art     : Explicit concurrent mark sweep GC freed 3(96B) AllocSpace objects, 0(0B) LOS objects, 23% free, 52MB/68MB, paused 292us total 19.185ms
08-03 18:32:08.933  4014  4027 I art     : Starting a blocking GC Explicit
08-03 18:32:08.962  4014  4027 I art     : Explicit concurrent mark sweep GC freed 1341(78KB) AllocSpace objects, 1(20KB) LOS objects, 23% free, 52MB/68MB, paused 351us total 27.768ms
08-03 18:32:08.974  4014  4027 I art     : Starting a blocking GC Explicit
08-03 18:32:08.997  4014  4027 I art     : Explicit concurrent mark sweep GC freed 20(704B) AllocSpace objects, 0(0B) LOS objects, 23% free, 52MB/68MB, paused 372us total 22.119ms
08-03 18:32:09.005  4014  4027 I art     : Starting a blocking GC Explicit
08-03 18:32:09.024  4014  4027 I art     : Explicit concurrent mark sweep GC freed 3(96B) AllocSpace objects, 0(0B) LOS objects, 23% free, 52MB/68MB, paused 318us total 18.823ms
08-03 18:32:09.033  4014  4027 I art     : Starting a blocking GC Explicit
08-03 18:32:09.052  4014  4027 I art     : Explicit concurrent mark sweep GC freed 3(96B) AllocSpace objects, 0(0B) LOS objects, 23% free, 52MB/68MB, paused 301us total 18.306ms
08-03 18:32:09.060  4014  4027 I art     : Starting a blocking GC Explicit
08-03 18:32:09.078  4014  4027 I art     : Explicit concurrent mark sweep GC freed 3(96B) AllocSpace objects, 0(0B) LOS objects, 23% free, 52MB/68MB, paused 304us total 18.082ms
08-03 18:32:09.387  4014  4253 I art     : Starting a blocking GC Explicit
08-03 18:32:09.411  4014  4253 I art     : Explicit concurrent mark sweep GC freed 1341(78KB) AllocSpace objects, 1(20KB) LOS objects, 23% free, 52MB/68MB, paused 405us total 24.061ms
08-03 18:32:09.423  4014  4253 I art     : Starting a blocking GC Explicit
08-03 18:32:09.446  4014  4253 I art     : Explicit concurrent mark sweep GC freed 20(704B) AllocSpace objects, 0(0B) LOS objects, 23% free, 52MB/68MB, paused 321us total 22.539ms
08-03 18:32:09.456  4014  4253 I art     : Starting a blocking GC Explicit
08-03 18:32:09.475  4014  4253 I art     : Explicit concurrent mark sweep GC freed 3(96B) AllocSpace objects, 0(0B) LOS objects, 23% free, 52MB/68MB, paused 303us total 18.691ms
08-03 18:32:09.484  4014  4253 I art     : Starting a blocking GC Explicit
08-03 18:32:09.503  4014  4253 I art     : Explicit concurrent mark sweep GC freed 3(96B) AllocSpace objects, 0(0B) LOS objects, 23% free, 52MB/68MB, paused 308us total 18.784ms
08-03 18:32:09.511  4014  4253 I art     : Starting a blocking GC Explicit
08-03 18:32:09.530  4014  4253 I art     : Explicit concurrent mark sweep GC freed 3(96B) AllocSpace objects, 0(0B) LOS objects, 23% free, 52MB/68MB, paused 303us total 18.936ms
08-03 18:32:09.850  4014  4252 I art     : Starting a blocking GC Explicit
08-03 18:32:09.871  4014  4252 I art     : Explicit concurrent mark sweep GC freed 1341(78KB) AllocSpace objects, 1(20KB) LOS objects, 23% free, 52MB/68MB, paused 325us total 20.522ms
08-03 18:32:09.879  4014  4252 I art     : Starting a blocking GC Explicit
08-03 18:32:09.896  4014  4252 I art     : Explicit concurrent mark sweep GC freed 20(704B) AllocSpace objects, 0(0B) LOS objects, 23% free, 52MB/68MB, paused 310us total 16.644ms
08-03 18:32:09.904  4014  4252 I art     : Starting a blocking GC Explicit
08-03 18:32:09.921  4014  4252 I art     : Explicit concurrent mark sweep GC freed 3(96B) AllocSpace objects, 0(0B) LOS objects, 23% free, 52MB/68MB, paused 313us total 16.716ms
08-03 18:32:09.929  4014  4252 I art     : Starting a blocking GC Explicit
08-03 18:32:09.947  4014  4252 I art     : Explicit concurrent mark sweep GC freed 3(96B) AllocSpace objects, 0(0B) LOS objects, 23% free, 52MB/68MB, paused 373us total 17.548ms
08-03 18:32:09.955  4014  4252 I art     : Starting a blocking GC Explicit
08-03 18:32:09.972  4014  4252 I art     : Explicit concurrent mark sweep GC freed 3(96B) AllocSpace objects, 0(0B) LOS objects, 23% free, 52MB/68MB, paused 350us total 17.381ms
08-03 18:32:10.238  4821  4821 D AndroidRuntime: >>>>>> START com.android.internal.os.RuntimeInit uid 2000 <<<<<<
08-03 18:32:10.243  4821  4821 D AndroidRuntime: CheckJNI is OFF
08-03 18:32:10.277  4821  4821 D ICU     : No timezone override file found: /data/misc/zoneinfo/current/icu/icu_tzdata.dat
08-03 18:32:10.287  4014  4026 I art     : Starting a blocking GC Explicit
08-03 18:32:10.306  4014  4026 I art     : Explicit concurrent mark sweep GC freed 1341(78KB) AllocSpace objects, 1(20KB) LOS objects, 23% free, 52MB/68MB, paused 340us total 19.090ms
08-03 18:32:10.313  4821  4821 I Radio-JNI: register_android_hardware_Radio DONE
08-03 18:32:10.315  4014  4026 I art     : Starting a blocking GC Explicit
08-03 18:32:10.334  4014  4026 I art     : Explicit concurrent mark sweep GC freed 20(704B) AllocSpace objects, 0(0B) LOS objects, 23% free, 52MB/68MB, paused 301us total 18.378ms
08-03 18:32:10.335  4821  4821 D AndroidRuntime: Calling main entry com.android.commands.input.Input
08-03 18:32:10.337  4821  4821 I Input   : injectKeyEvent: KeyEvent { action=ACTION_DOWN, keyCode=KEYCODE_BACK, scanCode=0, metaState=0, flags=0x0, repeatCount=0, eventTime=642746750, downTime=642746750, deviceId=-1, source=0x101 }
08-03 18:32:10.342  4014  4026 I art     : Starting a blocking GC Explicit
08-03 18:32:10.348  4821  4821 I Input   : injectKeyEvent: KeyEvent { action=ACTION_UP, keyCode=KEYCODE_BACK, scanCode=0, metaState=0, flags=0x0, repeatCount=0, eventTime=642746750, downTime=642746750, deviceId=-1, source=0x101 }
08-03 18:32:10.356  4821  4821 D AndroidRuntime: Shutting down VM
08-03 18:32:10.360  4014  4026 I art     : Explicit concurrent mark sweep GC freed 20(704B) AllocSpace objects, 0(0B) LOS objects, 23% free, 52MB/68MB, paused 313us total 17.536ms
08-03 18:32:10.367  4014  4026 I art     : Starting a blocking GC Explicit
08-03 18:32:10.384  4014  4026 I art     : Explicit concurrent mark sweep GC freed 130(6KB) AllocSpace objects, 0(0B) LOS objects, 23% free, 52MB/68MB, paused 282us total 16.352ms
08-03 18:32:10.391  4014  4026 I art     : Starting a blocking GC Explicit
08-03 18:32:10.396 13866 13866 I GoogleInputMethodServic: GoogleInputMethodService.onFinishInput():3138 
08-03 18:32:10.397 13866 13866 I GoogleInputMethodServic: GoogleInputMethodService.onStartInput():1808 
08-03 18:32:10.408  4014  4026 I art     : Explicit concurrent mark sweep GC freed 25(976B) AllocSpace objects, 0(0B) LOS objects, 23% free, 52MB/68MB, paused 343us total 16.059ms
08-03 18:32:10.580 30381 30381 I ServiceManager: Waiting for service AtCmdFwd...
08-03 18:32:10.658  4014  4252 I art     : Starting a blocking GC Explicit
08-03 18:32:10.680  4014  4252 I art     : Explicit concurrent mark sweep GC freed 1354(78KB) AllocSpace objects, 1(20KB) LOS objects, 23% free, 52MB/68MB, paused 359us total 22.412ms
08-03 18:32:10.689  4014  4252 I art     : Starting a blocking GC Explicit
08-03 18:32:10.700   380   380 W SurfaceFlinger: couldn't log to binary event log: overflow.
08-03 18:32:10.708  4014  4252 I art     : Explicit concurrent mark sweep GC freed 113(8KB) AllocSpace objects, 0(0B) LOS objects, 23% free, 52MB/68MB, paused 303us total 18.872ms
08-03 18:32:10.719  4014  4252 I art     : Starting a blocking GC Explicit
08-03 18:32:10.736  4014  4252 I art     : Explicit concurrent mark sweep GC freed 21(912B) AllocSpace objects, 0(0B) LOS objects, 23% free, 52MB/68MB, paused 294us total 16.821ms
08-03 18:32:10.743  4014  4252 I art     : Starting a blocking GC Explicit
08-03 18:32:10.761  4014  4252 I art     : Explicit concurrent mark sweep GC freed 1655(107KB) AllocSpace objects, 3(400KB) LOS objects, 23% free, 51MB/67MB, paused 309us total 17.443ms
08-03 18:32:10.769  4014  4252 I art     : Starting a blocking GC Explicit
08-03 18:32:10.787  4014  4252 I art     : Explicit concurrent mark sweep GC freed 3(96B) AllocSpace objects, 0(0B) LOS objects, 23% free, 51MB/67MB, paused 340us total 17.788ms
08-03 18:32:11.059  4014  4027 I art     : Starting a blocking GC Explicit
08-03 18:32:11.082  4014  4027 I art     : Explicit concurrent mark sweep GC freed 1341(78KB) AllocSpace objects, 1(20KB) LOS objects, 23% free, 51MB/67MB, paused 344us total 22.732ms
08-03 18:32:11.092  4014  4027 I art     : Starting a blocking GC Explicit
08-03 18:32:11.110  4014  4027 I art     : Explicit concurrent mark sweep GC freed 20(704B) AllocSpace objects, 0(0B) LOS objects, 23% free, 51MB/67MB, paused 322us total 18.225ms
08-03 18:32:11.119  4014  4027 I art     : Starting a blocking GC Explicit
08-03 18:32:11.137  4014  4027 I art     : Explicit concurrent mark sweep GC freed 3(96B) AllocSpace objects, 0(0B) LOS objects, 23% free, 51MB/67MB, paused 372us total 17.697ms
08-03 18:32:11.145  4014  4027 I art     : Starting a blocking GC Explicit
08-03 18:32:11.164  4014  4027 I art     : Explicit concurrent mark sweep GC freed 3(96B) AllocSpace objects, 0(0B) LOS objects, 23% free, 51MB/67MB, paused 312us total 18.202ms
08-03 18:32:11.172  4014  4027 I art     : Starting a blocking GC Explicit
08-03 18:32:11.191  4014  4027 I art     : Explicit concurrent mark sweep GC freed 3(96B) AllocSpace objects, 0(0B) LOS objects, 23% free, 51MB/67MB, paused 306us total 18.038ms
08-03 18:32:11.474  4014  4026 I art     : Starting a blocking GC Explicit
08-03 18:32:11.497  4014  4026 I art     : Explicit concurrent mark sweep GC freed 1340(78KB) AllocSpace objects, 1(20KB) LOS objects, 23% free, 51MB/67MB, paused 334us total 22.822ms
08-03 18:32:11.507  4014  4026 I art     : Starting a blocking GC Explicit
08-03 18:32:11.526  4014  4026 I art     : Explicit concurrent mark sweep GC freed 20(704B) AllocSpace objects, 0(0B) LOS objects, 23% free, 51MB/67MB, paused 309us total 18.406ms
08-03 18:32:11.534  4014  4026 I art     : Starting a blocking GC Explicit
08-03 18:32:11.552  4014  4026 I art     : Explicit concurrent mark sweep GC freed 3(96B) AllocSpace objects, 0(0B) LOS objects, 23% free, 51MB/67MB, paused 268us total 17.942ms
08-03 18:32:11.561  4014  4026 I art     : Starting a blocking GC Explicit
08-03 18:32:11.579  4014  4026 I art     : Explicit concurrent mark sweep GC freed 3(96B) AllocSpace objects, 0(0B) LOS objects, 23% free, 51MB/67MB, paused 299us total 17.788ms
08-03 18:32:11.581 30381 30381 I ServiceManager: Waiting for service AtCmdFwd...
08-03 18:32:11.587  4014  4026 I art     : Starting a blocking GC Explicit
08-03 18:32:11.603  4014  4026 I art     : Explicit concurrent mark sweep GC freed 3(96B) AllocSpace objects, 0(0B) LOS objects, 23% free, 51MB/67MB, paused 283us total 16.279ms
08-03 18:32:11.884  4014  4253 I art     : Starting a blocking GC Explicit
08-03 18:32:11.908  4014  4253 I art     : Explicit concurrent mark sweep GC freed 1340(78KB) AllocSpace objects, 1(20KB) LOS objects, 23% free, 51MB/67MB, paused 571us total 23.209ms
08-03 18:32:11.920  4014  4253 I art     : Starting a blocking GC Explicit
08-03 18:32:11.938  4014  4253 I art     : Explicit concurrent mark sweep GC freed 20(704B) AllocSpace objects, 0(0B) LOS objects, 23% free, 51MB/67MB, paused 314us total 17.589ms
08-03 18:32:11.946  4014  4253 I art     : Starting a blocking GC Explicit
08-03 18:32:11.964  4014  4253 I art     : Explicit concurrent mark sweep GC freed 3(96B) AllocSpace objects, 0(0B) LOS objects, 23% free, 51MB/67MB, paused 306us total 17.676ms
08-03 18:32:11.972  4014  4253 I art     : Starting a blocking GC Explicit
08-03 18:32:11.989  4014  4253 I art     : Explicit concurrent mark sweep GC freed 3(96B) AllocSpace objects, 0(0B) LOS objects, 23% free, 51MB/67MB, paused 307us total 17.058ms
08-03 18:32:11.997  4014  4253 I art     : Starting a blocking GC Explicit
08-03 18:32:12.009  4877  4877 D AndroidRuntime: >>>>>> START com.android.internal.os.RuntimeInit uid 2000 <<<<<<
08-03 18:32:12.014  4877  4877 D AndroidRuntime: CheckJNI is OFF
08-03 18:32:12.014  4014  4253 I art     : Explicit concurrent mark sweep GC freed 3(96B) AllocSpace objects, 0(0B) LOS objects, 23% free, 51MB/67MB, paused 319us total 17.264ms
08-03 18:32:12.048  4877  4877 D ICU     : No timezone override file found: /data/misc/zoneinfo/current/icu/icu_tzdata.dat
08-03 18:32:12.080  4877  4877 I Radio-JNI: register_android_hardware_Radio DONE
08-03 18:32:12.102  4877  4877 D AndroidRuntime: Calling main entry com.android.commands.input.Input
08-03 18:32:12.104  4877  4877 I Input   : injectMotionEvent: MotionEvent { action=ACTION_DOWN, actionButton=0, id[0]=0, x[0]=733.0, y[0]=1370.0, toolType[0]=TOOL_TYPE_UNKNOWN, buttonState=0, metaState=0, flags=0x0, edgeFlags=0x0, pointerCount=1, historySize=0, eventTime=642748517, downTime=642748517, deviceId=0, source=0x1002 }
08-03 18:32:12.110  4877  4877 I Input   : injectMotionEvent: MotionEvent { action=ACTION_UP, actionButton=0, id[0]=0, x[0]=733.0, y[0]=1370.0, toolType[0]=TOOL_TYPE_UNKNOWN, buttonState=0, metaState=0, flags=0x0, edgeFlags=0x0, pointerCount=1, historySize=0, eventTime=642748517, downTime=642748517, deviceId=0, source=0x1002 }
08-03 18:32:12.112   918  3696 I ActivityManager: START u0 {cmp=baseline.appteam.nith.hillffair/.activities.ClubActivity (has extras)} from uid 10624 on display 0
08-03 18:32:12.119  4877  4877 D AndroidRuntime: Shutting down VM
08-03 18:32:12.227   918   936 I ActivityManager: Displayed baseline.appteam.nith.hillffair/.activities.ClubActivity: +107ms
08-03 18:32:12.227 13866 13866 I GoogleInputMethodServic: GoogleInputMethodService.onFinishInput():3138 
08-03 18:32:12.228 13866 13866 I GoogleInputMethodServic: GoogleInputMethodService.onStartInput():1808 
08-03 18:32:12.264  4014  4026 I art     : Starting a blocking GC Explicit
08-03 18:32:12.283  4014  4026 I art     : Explicit concurrent mark sweep GC freed 4901(284KB) AllocSpace objects, 1(20KB) LOS objects, 23% free, 52MB/68MB, paused 335us total 18.360ms
08-03 18:32:12.290  4014  4026 I art     : Starting a blocking GC Explicit
08-03 18:32:12.308  4014  4026 I art     : Explicit concurrent mark sweep GC freed 211(9KB) AllocSpace objects, 0(0B) LOS objects, 23% free, 52MB/68MB, paused 345us total 18.034ms
08-03 18:32:12.316  4014  4026 I art     : Starting a blocking GC Explicit
08-03 18:32:12.334  4014  4026 I art     : Explicit concurrent mark sweep GC freed 3(96B) AllocSpace objects, 0(0B) LOS objects, 23% free, 52MB/68MB, paused 404us total 17.868ms
08-03 18:32:12.343  4014  4026 I art     : Starting a blocking GC Explicit
08-03 18:32:12.363  4014  4026 I art     : Explicit concurrent mark sweep GC freed 3(96B) AllocSpace objects, 0(0B) LOS objects, 23% free, 52MB/68MB, paused 384us total 19.997ms
08-03 18:32:12.373  4014  4026 I art     : Starting a blocking GC Explicit
08-03 18:32:12.393  4014  4026 I art     : Explicit concurrent mark sweep GC freed 3(96B) AllocSpace objects, 0(0B) LOS objects, 23% free, 52MB/68MB, paused 340us total 20.221ms
08-03 18:32:12.469   380   380 W SurfaceFlinger: couldn't log to binary event log: overflow.
08-03 18:32:12.581 30381 30381 I ServiceManager: Waiting for service AtCmdFwd...
08-03 18:32:12.632  4014  4027 I art     : Starting a blocking GC Explicit
08-03 18:32:12.651  4014  4027 I art     : Explicit concurrent mark sweep GC freed 1523(89KB) AllocSpace objects, 1(20KB) LOS objects, 23% free, 52MB/68MB, paused 350us total 18.260ms
08-03 18:32:12.659  4014  4027 I art     : Starting a blocking GC Explicit
08-03 18:32:12.677  4014  4027 I art     : Explicit concurrent mark sweep GC freed 32(1152B) AllocSpace objects, 0(0B) LOS objects, 23% free, 52MB/68MB, paused 368us total 18.061ms
08-03 18:32:12.685  4014  4027 I art     : Starting a blocking GC Explicit
08-03 18:32:12.703  4014  4027 I art     : Explicit concurrent mark sweep GC freed 9(304B) AllocSpace objects, 0(0B) LOS objects, 23% free, 52MB/68MB, paused 414us total 17.961ms
08-03 18:32:12.712  4014  4027 I art     : Starting a blocking GC Explicit
08-03 18:32:12.729  4014  4027 I art     : Explicit concurrent mark sweep GC freed 10(400B) AllocSpace objects, 0(0B) LOS objects, 23% free, 52MB/68MB, paused 371us total 17.305ms
08-03 18:32:12.737  4014  4027 I art     : Starting a blocking GC Explicit
08-03 18:32:12.755  4014  4027 I art     : Explicit concurrent mark sweep GC freed 15(544B) AllocSpace objects, 0(0B) LOS objects, 23% free, 52MB/68MB, paused 341us total 17.793ms
08-03 18:32:13.031  4014  4253 I art     : Starting a blocking GC Explicit
08-03 18:32:13.052  4014  4253 I art     : Explicit concurrent mark sweep GC freed 3906(209KB) AllocSpace objects, 4(220KB) LOS objects, 23% free, 52MB/68MB, paused 354us total 21.158ms
08-03 18:32:13.061  4014  4253 I art     : Starting a blocking GC Explicit
08-03 18:32:13.079  4014  4253 I art     : Explicit concurrent mark sweep GC freed 984(117KB) AllocSpace objects, 0(0B) LOS objects, 23% free, 52MB/68MB, paused 341us total 17.879ms
08-03 18:32:13.087  4014  4253 I art     : Starting a blocking GC Explicit
08-03 18:32:13.105  4014  4253 I art     : Explicit concurrent mark sweep GC freed 13(480B) AllocSpace objects, 0(0B) LOS objects, 23% free, 52MB/68MB, paused 331us total 17.828ms
08-03 18:32:13.106  4014  4025 I art     : WaitForGcToComplete blocked for 7.994ms for cause HeapTrim
08-03 18:32:13.114  4014  4253 I art     : Starting a blocking GC Explicit
08-03 18:32:13.133  4014  4253 I art     : Explicit concurrent mark sweep GC freed 10(352B) AllocSpace objects, 0(0B) LOS objects, 23% free, 52MB/68MB, paused 349us total 18.094ms
08-03 18:32:13.141  4014  4253 I art     : Starting a blocking GC Explicit
08-03 18:32:13.160  4014  4253 I art     : Explicit concurrent mark sweep GC freed 11(416B) AllocSpace objects, 0(0B) LOS objects, 23% free, 52MB/68MB, paused 351us total 19.276ms
08-03 18:32:13.213  4014  4905 D OkHttp  : --> GET https://api-hillfair-2k16.herokuapp.com/api/app/events/special/event?id=580655cddcba0f490c70fdd0 http/1.1
08-03 18:32:13.257  4014  4905 D OkHttp  : <-- 200 OK https://api-hillfair-2k16.herokuapp.com/api/app/events/special/event?id=580655cddcba0f490c70fdd0 (43ms, 721-byte body)
08-03 18:32:13.304  4014  4014 I NAPPA_EXPERIMENTATION: MetricNetworkRequestExecutionTime: REQUEST_DURATION_SYSTEM='1152',REQUEST_DURATION_OKHTTP='43',REQUEST_SYNCHRONOUS='FALSE',RESPONSE_CODE='200',RESPONSE_METHOD='GET',RESPONSE_LENGTH_OKHTTP='721',RESPONSE_LENGTH_HEADER='721',REQUEST_PROTOCOL='http/1.1',REQUEST_URL='https://api-hillfair-2k16.herokuapp.com/api/app/events/special/event?id=580655cddcba0f490c70fdd0',
08-03 18:32:13.423  4014  4027 I art     : Starting a blocking GC Explicit
08-03 18:32:13.444  4014  4027 I art     : Explicit concurrent mark sweep GC freed 2278(208KB) AllocSpace objects, 1(20KB) LOS objects, 23% free, 52MB/68MB, paused 333us total 20.478ms
08-03 18:32:13.452  4014  4027 I art     : Starting a blocking GC Explicit
08-03 18:32:13.472  4014  4027 I art     : Explicit concurrent mark sweep GC freed 107(3KB) AllocSpace objects, 0(0B) LOS objects, 23% free, 52MB/68MB, paused 307us total 19.151ms
08-03 18:32:13.480  4014  4027 I art     : Starting a blocking GC Explicit
08-03 18:32:13.499  4014  4027 I art     : Explicit concurrent mark sweep GC freed 3(96B) AllocSpace objects, 0(0B) LOS objects, 23% free, 52MB/68MB, paused 344us total 18.642ms
08-03 18:32:13.508  4014  4027 I art     : Starting a blocking GC Explicit
08-03 18:32:13.527  4014  4027 I art     : Explicit concurrent mark sweep GC freed 3(96B) AllocSpace objects, 0(0B) LOS objects, 23% free, 52MB/68MB, paused 393us total 18.761ms
08-03 18:32:13.535  4014  4027 I art     : Starting a blocking GC Explicit
08-03 18:32:13.554  4014  4027 I art     : Explicit concurrent mark sweep GC freed 3(96B) AllocSpace objects, 0(0B) LOS objects, 23% free, 52MB/68MB, paused 442us total 18.701ms
08-03 18:32:13.582 30381 30381 I ServiceManager: Waiting for service AtCmdFwd...
08-03 18:32:13.856  4014  4252 I art     : Starting a blocking GC Explicit
08-03 18:32:13.874  4014  4252 I art     : Explicit concurrent mark sweep GC freed 1341(78KB) AllocSpace objects, 1(20KB) LOS objects, 23% free, 52MB/68MB, paused 365us total 17.700ms
08-03 18:32:13.882  4014  4252 I art     : Starting a blocking GC Explicit
08-03 18:32:13.901  4014  4252 I art     : Explicit concurrent mark sweep GC freed 36(1264B) AllocSpace objects, 0(0B) LOS objects, 23% free, 52MB/68MB, paused 326us total 18.515ms
08-03 18:32:13.909  4014  4252 I art     : Starting a blocking GC Explicit
08-03 18:32:13.927  4014  4252 I art     : Explicit concurrent mark sweep GC freed 3(96B) AllocSpace objects, 0(0B) LOS objects, 23% free, 52MB/68MB, paused 330us total 18.018ms
08-03 18:32:13.935  4014  4252 I art     : Starting a blocking GC Explicit
08-03 18:32:13.954  4014  4252 I art     : Explicit concurrent mark sweep GC freed 3(96B) AllocSpace objects, 0(0B) LOS objects, 23% free, 52MB/68MB, paused 341us total 18.887ms
08-03 18:32:13.963  4014  4252 I art     : Starting a blocking GC Explicit
08-03 18:32:13.982  4014  4252 I art     : Explicit concurrent mark sweep GC freed 3(96B) AllocSpace objects, 0(0B) LOS objects, 23% free, 52MB/68MB, paused 327us total 19.412ms
08-03 18:32:14.294  4014  4027 I art     : Starting a blocking GC Explicit
08-03 18:32:14.316  4014  4027 I art     : Explicit concurrent mark sweep GC freed 1341(78KB) AllocSpace objects, 1(20KB) LOS objects, 23% free, 52MB/68MB, paused 358us total 21.751ms
08-03 18:32:14.327  4014  4027 I art     : Starting a blocking GC Explicit
08-03 18:32:14.346  4014  4027 I art     : Explicit concurrent mark sweep GC freed 20(704B) AllocSpace objects, 0(0B) LOS objects, 23% free, 52MB/68MB, paused 334us total 18.921ms
08-03 18:32:14.355  4014  4027 I art     : Starting a blocking GC Explicit
08-03 18:32:14.374  4014  4027 I art     : Explicit concurrent mark sweep GC freed 3(96B) AllocSpace objects, 0(0B) LOS objects, 23% free, 52MB/68MB, paused 335us total 19.195ms
08-03 18:32:14.383  4014  4027 I art     : Starting a blocking GC Explicit
08-03 18:32:14.402  4014  4027 I art     : Explicit concurrent mark sweep GC freed 3(96B) AllocSpace objects, 0(0B) LOS objects, 23% free, 52MB/68MB, paused 336us total 19.467ms
08-03 18:32:14.411  4014  4027 I art     : Starting a blocking GC Explicit
08-03 18:32:14.430  4014  4027 I art     : Explicit concurrent mark sweep GC freed 3(96B) AllocSpace objects, 0(0B) LOS objects, 23% free, 52MB/68MB, paused 328us total 19.044ms
08-03 18:32:14.582 30381 30381 I ServiceManager: Waiting for service AtCmdFwd...
08-03 18:32:14.740  4014  4026 I art     : Starting a blocking GC Explicit
08-03 18:32:14.764  4014  4026 I art     : Explicit concurrent mark sweep GC freed 1341(78KB) AllocSpace objects, 1(20KB) LOS objects, 23% free, 52MB/68MB, paused 354us total 24.167ms
08-03 18:32:14.776  4014  4026 I art     : Starting a blocking GC Explicit
08-03 18:32:14.800  4014  4026 I art     : Explicit concurrent mark sweep GC freed 20(704B) AllocSpace objects, 0(0B) LOS objects, 23% free, 52MB/68MB, paused 389us total 23.058ms
08-03 18:32:14.810  4014  4026 I art     : Starting a blocking GC Explicit
08-03 18:32:14.829  4014  4026 I art     : Explicit concurrent mark sweep GC freed 3(96B) AllocSpace objects, 0(0B) LOS objects, 23% free, 52MB/68MB, paused 363us total 19.351ms
08-03 18:32:14.838  4014  4026 I art     : Starting a blocking GC Explicit
08-03 18:32:14.857  4014  4026 I art     : Explicit concurrent mark sweep GC freed 3(96B) AllocSpace objects, 0(0B) LOS objects, 23% free, 52MB/68MB, paused 326us total 18.880ms
08-03 18:32:14.865  4014  4026 I art     : Starting a blocking GC Explicit
08-03 18:32:14.884  4014  4026 I art     : Explicit concurrent mark sweep GC freed 3(96B) AllocSpace objects, 0(0B) LOS objects, 23% free, 52MB/68MB, paused 318us total 18.829ms
08-03 18:32:15.188  4014  4253 I art     : Starting a blocking GC Explicit
08-03 18:32:15.212  4014  4253 I art     : Explicit concurrent mark sweep GC freed 1341(78KB) AllocSpace objects, 1(20KB) LOS objects, 23% free, 52MB/68MB, paused 345us total 24.159ms
08-03 18:32:15.223  4014  4253 I art     : Starting a blocking GC Explicit
08-03 18:32:15.243  4014  4253 I art     : Explicit concurrent mark sweep GC freed 20(704B) AllocSpace objects, 0(0B) LOS objects, 23% free, 52MB/68MB, paused 330us total 19.637ms
08-03 18:32:15.251  4014  4253 I art     : Starting a blocking GC Explicit
08-03 18:32:15.271  4014  4253 I art     : Explicit concurrent mark sweep GC freed 3(96B) AllocSpace objects, 0(0B) LOS objects, 23% free, 52MB/68MB, paused 317us total 19.065ms
08-03 18:32:15.279  4014  4253 I art     : Starting a blocking GC Explicit
08-03 18:32:15.298  4014  4253 I art     : Explicit concurrent mark sweep GC freed 3(96B) AllocSpace objects, 0(0B) LOS objects, 23% free, 52MB/68MB, paused 319us total 19.045ms
08-03 18:32:15.307  4014  4253 I art     : Starting a blocking GC Explicit
08-03 18:32:15.327  4014  4253 I art     : Explicit concurrent mark sweep GC freed 3(96B) AllocSpace objects, 0(0B) LOS objects, 23% free, 52MB/68MB, paused 376us total 19.623ms
08-03 18:32:15.583 30381 30381 W Atfwd_Sendcmd: AtCmdFwd service not published, waiting... retryCnt : 3
08-03 18:32:15.652  4014  4252 I art     : Starting a blocking GC Explicit
08-03 18:32:15.680  4014  4252 I art     : Explicit concurrent mark sweep GC freed 1341(78KB) AllocSpace objects, 1(20KB) LOS objects, 23% free, 52MB/68MB, paused 369us total 28.322ms
08-03 18:32:15.692  4014  4252 I art     : Starting a blocking GC Explicit
08-03 18:32:15.715  4014  4252 I art     : Explicit concurrent mark sweep GC freed 20(704B) AllocSpace objects, 0(0B) LOS objects, 23% free, 52MB/68MB, paused 337us total 22.805ms
08-03 18:32:15.724  4014  4252 I art     : Starting a blocking GC Explicit
08-03 18:32:15.743  4014  4252 I art     : Explicit concurrent mark sweep GC freed 3(96B) AllocSpace objects, 0(0B) LOS objects, 23% free, 52MB/68MB, paused 362us total 19.532ms
08-03 18:32:15.752  4014  4252 I art     : Starting a blocking GC Explicit
08-03 18:32:15.771  4014  4252 I art     : Explicit concurrent mark sweep GC freed 3(96B) AllocSpace objects, 0(0B) LOS objects, 23% free, 52MB/68MB, paused 336us total 18.678ms
08-03 18:32:15.779  4014  4252 I art     : Starting a blocking GC Explicit
08-03 18:32:15.798  4014  4252 I art     : Explicit concurrent mark sweep GC freed 3(96B) AllocSpace objects, 0(0B) LOS objects, 23% free, 52MB/68MB, paused 332us total 18.716ms
08-03 18:32:16.106  4014  4027 I art     : Starting a blocking GC Explicit
08-03 18:32:16.130  4014  4027 I art     : Explicit concurrent mark sweep GC freed 1341(78KB) AllocSpace objects, 1(20KB) LOS objects, 23% free, 52MB/68MB, paused 372us total 23.894ms
08-03 18:32:16.142  4014  4027 I art     : Starting a blocking GC Explicit
08-03 18:32:16.165  4014  4027 I art     : Explicit concurrent mark sweep GC freed 20(704B) AllocSpace objects, 0(0B) LOS objects, 23% free, 52MB/68MB, paused 369us total 23.374ms
08-03 18:32:16.176  4014  4027 I art     : Starting a blocking GC Explicit
08-03 18:32:16.196  4014  4027 I art     : Explicit concurrent mark sweep GC freed 3(96B) AllocSpace objects, 0(0B) LOS objects, 23% free, 52MB/68MB, paused 339us total 19.510ms
08-03 18:32:16.204  4014  4027 I art     : Starting a blocking GC Explicit
08-03 18:32:16.224  4014  4027 I art     : Explicit concurrent mark sweep GC freed 3(96B) AllocSpace objects, 0(0B) LOS objects, 23% free, 52MB/68MB, paused 330us total 19.641ms
08-03 18:32:16.233  4014  4027 I art     : Starting a blocking GC Explicit
08-03 18:32:16.252  4014  4027 I art     : Explicit concurrent mark sweep GC freed 3(96B) AllocSpace objects, 0(0B) LOS objects, 23% free, 52MB/68MB, paused 333us total 19.270ms
08-03 18:32:16.525  4014  4026 I art     : Starting a blocking GC Explicit
08-03 18:32:16.544  4014  4026 I art     : Explicit concurrent mark sweep GC freed 1341(78KB) AllocSpace objects, 1(20KB) LOS objects, 23% free, 52MB/68MB, paused 341us total 19.061ms
08-03 18:32:16.553  4014  4026 I art     : Starting a blocking GC Explicit
08-03 18:32:16.572  4014  4026 I art     : Explicit concurrent mark sweep GC freed 20(704B) AllocSpace objects, 0(0B) LOS objects, 23% free, 52MB/68MB, paused 351us total 18.592ms
08-03 18:32:16.580  4014  4026 I art     : Starting a blocking GC Explicit
08-03 18:32:16.597  4014  4026 I art     : Explicit concurrent mark sweep GC freed 3(96B) AllocSpace objects, 0(0B) LOS objects, 23% free, 52MB/68MB, paused 330us total 16.933ms
08-03 18:32:16.605  4014  4026 I art     : Starting a blocking GC Explicit
08-03 18:32:16.621  4014  4026 I art     : Explicit concurrent mark sweep GC freed 3(96B) AllocSpace objects, 0(0B) LOS objects, 23% free, 52MB/68MB, paused 311us total 16.532ms
08-03 18:32:16.629  4014  4026 I art     : Starting a blocking GC Explicit
08-03 18:32:16.646  4014  4026 I art     : Explicit concurrent mark sweep GC freed 3(96B) AllocSpace objects, 0(0B) LOS objects, 23% free, 52MB/68MB, paused 357us total 16.567ms
08-03 18:32:16.808  5007  5007 D AndroidRuntime: >>>>>> START com.android.internal.os.RuntimeInit uid 2000 <<<<<<
08-03 18:32:16.813  5007  5007 D AndroidRuntime: CheckJNI is OFF
08-03 18:32:16.844  5007  5007 D ICU     : No timezone override file found: /data/misc/zoneinfo/current/icu/icu_tzdata.dat
08-03 18:32:16.877  5007  5007 I Radio-JNI: register_android_hardware_Radio DONE
08-03 18:32:16.895  4014  4253 I art     : Starting a blocking GC Explicit
08-03 18:32:16.900  5007  5007 D AndroidRuntime: Calling main entry com.android.commands.input.Input
08-03 18:32:16.901  5007  5007 I Input   : injectKeyEvent: KeyEvent { action=ACTION_DOWN, keyCode=KEYCODE_BACK, scanCode=0, metaState=0, flags=0x0, repeatCount=0, eventTime=642753315, downTime=642753315, deviceId=-1, source=0x101 }
08-03 18:32:16.907  5007  5007 I Input   : injectKeyEvent: KeyEvent { action=ACTION_UP, keyCode=KEYCODE_BACK, scanCode=0, metaState=0, flags=0x0, repeatCount=0, eventTime=642753315, downTime=642753315, deviceId=-1, source=0x101 }
08-03 18:32:16.914  5007  5007 D AndroidRuntime: Shutting down VM
08-03 18:32:16.914  4014  4253 I art     : Explicit concurrent mark sweep GC freed 1343(78KB) AllocSpace objects, 1(20KB) LOS objects, 23% free, 52MB/68MB, paused 435us total 18.661ms
08-03 18:32:16.923  4014  4253 I art     : Starting a blocking GC Explicit
08-03 18:32:16.941  4014  4253 I art     : Explicit concurrent mark sweep GC freed 159(6KB) AllocSpace objects, 0(0B) LOS objects, 23% free, 52MB/68MB, paused 310us total 17.867ms
08-03 18:32:16.949 13866 13866 I GoogleInputMethodServic: GoogleInputMethodService.onFinishInput():3138 
08-03 18:32:16.949  4014  4253 I art     : Starting a blocking GC Explicit
08-03 18:32:16.949 13866 13866 I GoogleInputMethodServic: GoogleInputMethodService.onStartInput():1808 
08-03 18:32:16.965  4014  4253 I art     : Explicit concurrent mark sweep GC freed 26(1008B) AllocSpace objects, 0(0B) LOS objects, 23% free, 52MB/68MB, paused 308us total 16.534ms
08-03 18:32:16.974  4014  4253 I art     : Starting a blocking GC Explicit
08-03 18:32:16.992  4014  4253 I art     : Explicit concurrent mark sweep GC freed 13(448B) AllocSpace objects, 0(0B) LOS objects, 23% free, 52MB/68MB, paused 305us total 17.710ms
08-03 18:32:16.999  4014  4253 I art     : Starting a blocking GC Explicit
08-03 18:32:17.015  4014  4253 I art     : Explicit concurrent mark sweep GC freed 5(176B) AllocSpace objects, 0(0B) LOS objects, 23% free, 52MB/68MB, paused 288us total 15.824ms
08-03 18:32:17.240   380   380 W SurfaceFlinger: couldn't log to binary event log: overflow.
08-03 18:32:17.272  4014  4027 I art     : Starting a blocking GC Explicit
08-03 18:32:17.292  4014  4027 I art     : Explicit concurrent mark sweep GC freed 1451(87KB) AllocSpace objects, 1(20KB) LOS objects, 23% free, 52MB/68MB, paused 339us total 19.718ms
08-03 18:32:17.300  4014  4027 I art     : Starting a blocking GC Explicit
08-03 18:32:17.319  4014  4027 I art     : Explicit concurrent mark sweep GC freed 1672(106KB) AllocSpace objects, 3(400KB) LOS objects, 23% free, 51MB/67MB, paused 335us total 18.418ms
08-03 18:32:17.327  4014  4027 I art     : Starting a blocking GC Explicit
08-03 18:32:17.345  4014  4027 I art     : Explicit concurrent mark sweep GC freed 3(96B) AllocSpace objects, 0(0B) LOS objects, 23% free, 51MB/67MB, paused 335us total 18.032ms
08-03 18:32:17.353  4014  4027 I art     : Starting a blocking GC Explicit
08-03 18:32:17.372  4014  4027 I art     : Explicit concurrent mark sweep GC freed 3(96B) AllocSpace objects, 0(0B) LOS objects, 23% free, 51MB/67MB, paused 330us total 18.316ms
08-03 18:32:17.380  4014  4027 I art     : Starting a blocking GC Explicit
08-03 18:32:17.399  4014  4027 I art     : Explicit concurrent mark sweep GC freed 3(96B) AllocSpace objects, 0(0B) LOS objects, 23% free, 51MB/67MB, paused 337us total 18.357ms
08-03 18:32:17.675  4014  4026 I art     : Starting a blocking GC Explicit
08-03 18:32:17.697  4014  4026 I art     : Explicit concurrent mark sweep GC freed 1341(78KB) AllocSpace objects, 1(20KB) LOS objects, 23% free, 51MB/67MB, paused 340us total 21.352ms
08-03 18:32:17.708  4014  4026 I art     : Starting a blocking GC Explicit
08-03 18:32:17.728  4014  4026 I art     : Explicit concurrent mark sweep GC freed 20(704B) AllocSpace objects, 0(0B) LOS objects, 23% free, 51MB/67MB, paused 332us total 19.106ms
08-03 18:32:17.736  4014  4026 I art     : Starting a blocking GC Explicit
08-03 18:32:17.755  4014  4026 I art     : Explicit concurrent mark sweep GC freed 3(96B) AllocSpace objects, 0(0B) LOS objects, 23% free, 51MB/67MB, paused 351us total 18.369ms
08-03 18:32:17.763  4014  4026 I art     : Starting a blocking GC Explicit
08-03 18:32:17.782  4014  4026 I art     : Explicit concurrent mark sweep GC freed 3(96B) AllocSpace objects, 0(0B) LOS objects, 23% free, 51MB/67MB, paused 332us total 18.511ms
08-03 18:32:17.790  4014  4026 I art     : Starting a blocking GC Explicit
08-03 18:32:17.809  4014  4026 I art     : Explicit concurrent mark sweep GC freed 3(96B) AllocSpace objects, 0(0B) LOS objects, 23% free, 51MB/67MB, paused 327us total 18.467ms
08-03 18:32:18.098  4014  4252 I art     : Starting a blocking GC Explicit
08-03 18:32:18.121  4014  4252 I art     : Explicit concurrent mark sweep GC freed 1340(78KB) AllocSpace objects, 1(20KB) LOS objects, 23% free, 51MB/67MB, paused 357us total 23.317ms
08-03 18:32:18.131  4014  4252 I art     : Starting a blocking GC Explicit
08-03 18:32:18.149  4014  4252 I art     : Explicit concurrent mark sweep GC freed 20(704B) AllocSpace objects, 0(0B) LOS objects, 23% free, 51MB/67MB, paused 329us total 18.099ms
08-03 18:32:18.150  4014  4025 I art     : WaitForGcToComplete blocked for 16.998ms for cause HeapTrim
08-03 18:32:18.159  4014  4252 I art     : Starting a blocking GC Explicit
08-03 18:32:18.176  4014  4252 I art     : Explicit concurrent mark sweep GC freed 3(96B) AllocSpace objects, 0(0B) LOS objects, 23% free, 51MB/67MB, paused 313us total 16.664ms
08-03 18:32:18.184  4014  4252 I art     : Starting a blocking GC Explicit
08-03 18:32:18.201  4014  4252 I art     : Explicit concurrent mark sweep GC freed 3(96B) AllocSpace objects, 0(0B) LOS objects, 23% free, 51MB/67MB, paused 374us total 16.924ms
08-03 18:32:18.209  4014  4252 I art     : Starting a blocking GC Explicit
08-03 18:32:18.226  4014  4252 I art     : Explicit concurrent mark sweep GC freed 3(96B) AllocSpace objects, 0(0B) LOS objects, 23% free, 51MB/67MB, paused 361us total 17.068ms
08-03 18:32:18.496  4014  4253 I art     : Starting a blocking GC Explicit
08-03 18:32:18.519  4014  4253 I art     : Explicit concurrent mark sweep GC freed 1340(78KB) AllocSpace objects, 1(20KB) LOS objects, 23% free, 51MB/67MB, paused 361us total 22.493ms
08-03 18:32:18.529  4014  4253 I art     : Starting a blocking GC Explicit
08-03 18:32:18.548  4014  4253 I art     : Explicit concurrent mark sweep GC freed 20(704B) AllocSpace objects, 0(0B) LOS objects, 23% free, 51MB/67MB, paused 338us total 18.124ms
08-03 18:32:18.556  4014  4253 I art     : Starting a blocking GC Explicit
08-03 18:32:18.572  5079  5079 D AndroidRuntime: >>>>>> START com.android.internal.os.RuntimeInit uid 2000 <<<<<<
08-03 18:32:18.574  4014  4253 I art     : Explicit concurrent mark sweep GC freed 3(96B) AllocSpace objects, 0(0B) LOS objects, 23% free, 51MB/67MB, paused 348us total 17.563ms
08-03 18:32:18.577  5079  5079 D AndroidRuntime: CheckJNI is OFF
08-03 18:32:18.582  4014  4253 I art     : Starting a blocking GC Explicit
08-03 18:32:18.600  4014  4253 I art     : Explicit concurrent mark sweep GC freed 3(96B) AllocSpace objects, 0(0B) LOS objects, 23% free, 51MB/67MB, paused 334us total 17.932ms
08-03 18:32:18.608  4014  4253 I art     : Starting a blocking GC Explicit
08-03 18:32:18.613  5079  5079 D ICU     : No timezone override file found: /data/misc/zoneinfo/current/icu/icu_tzdata.dat
08-03 18:32:18.625  4014  4253 I art     : Explicit concurrent mark sweep GC freed 3(96B) AllocSpace objects, 0(0B) LOS objects, 23% free, 51MB/67MB, paused 319us total 17.259ms
08-03 18:32:18.648  5079  5079 I Radio-JNI: register_android_hardware_Radio DONE
08-03 18:32:18.669  5079  5079 D AndroidRuntime: Calling main entry com.android.commands.input.Input
08-03 18:32:18.671  5079  5079 I Input   : injectMotionEvent: MotionEvent { action=ACTION_DOWN, actionButton=0, id[0]=0, x[0]=733.0, y[0]=1957.0, toolType[0]=TOOL_TYPE_UNKNOWN, buttonState=0, metaState=0, flags=0x0, edgeFlags=0x0, pointerCount=1, historySize=0, eventTime=642755084, downTime=642755084, deviceId=0, source=0x1002 }
08-03 18:32:18.677  5079  5079 I Input   : injectMotionEvent: MotionEvent { action=ACTION_UP, actionButton=0, id[0]=0, x[0]=733.0, y[0]=1957.0, toolType[0]=TOOL_TYPE_UNKNOWN, buttonState=0, metaState=0, flags=0x0, edgeFlags=0x0, pointerCount=1, historySize=0, eventTime=642755084, downTime=642755084, deviceId=0, source=0x1002 }
08-03 18:32:18.678   918  3961 I ActivityManager: START u0 {cmp=baseline.appteam.nith.hillffair/.activities.ClubActivity (has extras)} from uid 10624 on display 0
08-03 18:32:18.686  5079  5079 D AndroidRuntime: Shutting down VM
08-03 18:32:18.787   918   936 I ActivityManager: Displayed baseline.appteam.nith.hillffair/.activities.ClubActivity: +101ms
08-03 18:32:18.788 13866 13866 I GoogleInputMethodServic: GoogleInputMethodService.onFinishInput():3138 
08-03 18:32:18.788 13866 13866 I GoogleInputMethodServic: GoogleInputMethodService.onStartInput():1808 
08-03 18:32:18.867  4014  4253 I art     : Starting a blocking GC Explicit
08-03 18:32:18.887  4014  4253 I art     : Explicit concurrent mark sweep GC freed 5045(296KB) AllocSpace objects, 1(20KB) LOS objects, 23% free, 51MB/67MB, paused 354us total 19.387ms
08-03 18:32:18.895  4014  4253 I art     : Starting a blocking GC Explicit
08-03 18:32:18.916  4014  4253 I art     : Explicit concurrent mark sweep GC freed 211(9KB) AllocSpace objects, 0(0B) LOS objects, 23% free, 51MB/67MB, paused 382us total 20.271ms
08-03 18:32:18.926  4014  4253 I art     : Starting a blocking GC Explicit
08-03 18:32:18.948  4014  4253 I art     : Explicit concurrent mark sweep GC freed 3(96B) AllocSpace objects, 0(0B) LOS objects, 23% free, 51MB/67MB, paused 388us total 22.660ms
08-03 18:32:18.958  4014  4253 I art     : Starting a blocking GC Explicit
08-03 18:32:18.980  4014  4253 I art     : Explicit concurrent mark sweep GC freed 3(96B) AllocSpace objects, 0(0B) LOS objects, 23% free, 51MB/67MB, paused 360us total 22.017ms
08-03 18:32:18.989  4014  4253 I art     : Starting a blocking GC Explicit
08-03 18:32:19.012  4014  4253 I art     : Explicit concurrent mark sweep GC freed 3(96B) AllocSpace objects, 0(0B) LOS objects, 23% free, 51MB/67MB, paused 396us total 22.232ms
08-03 18:32:19.042   380   380 W SurfaceFlinger: couldn't log to binary event log: overflow.
08-03 18:32:19.200  4014  5104 D OkHttp  : --> GET https://api-hillfair-2k16.herokuapp.com/api/app/events/special/event?id=58065620dcba0f490c70fe09 http/1.1
08-03 18:32:19.238  4014  5104 D OkHttp  : <-- 200 OK https://api-hillfair-2k16.herokuapp.com/api/app/events/special/event?id=58065620dcba0f490c70fe09 (36ms, 682-byte body)
08-03 18:32:19.290  4014  4252 I art     : Starting a blocking GC Explicit
08-03 18:32:19.294  4014  4014 I NAPPA_EXPERIMENTATION: MetricNetworkRequestExecutionTime: REQUEST_DURATION_SYSTEM='580',REQUEST_DURATION_OKHTTP='36',REQUEST_SYNCHRONOUS='FALSE',RESPONSE_CODE='200',RESPONSE_METHOD='GET',RESPONSE_LENGTH_OKHTTP='682',RESPONSE_LENGTH_HEADER='682',REQUEST_PROTOCOL='http/1.1',REQUEST_URL='https://api-hillfair-2k16.herokuapp.com/api/app/events/special/event?id=58065620dcba0f490c70fe09',
08-03 18:32:19.308  4014  4252 I art     : Explicit concurrent mark sweep GC freed 4827(320KB) AllocSpace objects, 4(220KB) LOS objects, 23% free, 52MB/68MB, paused 420us total 18.152ms
08-03 18:32:19.316  4014  4252 I art     : Starting a blocking GC Explicit
08-03 18:32:19.332  4014  4252 I art     : Explicit concurrent mark sweep GC freed 1069(133KB) AllocSpace objects, 0(0B) LOS objects, 23% free, 52MB/68MB, paused 341us total 16.196ms
08-03 18:32:19.340  4014  4252 I art     : Starting a blocking GC Explicit
08-03 18:32:19.356  4014  4252 I art     : Explicit concurrent mark sweep GC freed 26(8KB) AllocSpace objects, 0(0B) LOS objects, 23% free, 52MB/68MB, paused 325us total 16.567ms
08-03 18:32:19.364  4014  4252 I art     : Starting a blocking GC Explicit
08-03 18:32:19.381  4014  4252 I art     : Explicit concurrent mark sweep GC freed 6(192B) AllocSpace objects, 0(0B) LOS objects, 23% free, 52MB/68MB, paused 345us total 16.599ms
08-03 18:32:19.388  4014  4252 I art     : Starting a blocking GC Explicit
08-03 18:32:19.405  4014  4252 I art     : Explicit concurrent mark sweep GC freed 3(96B) AllocSpace objects, 0(0B) LOS objects, 23% free, 52MB/68MB, paused 329us total 16.654ms
08-03 18:32:19.697  4014  4253 I art     : Starting a blocking GC Explicit
08-03 18:32:19.718  4014  4253 I art     : Explicit concurrent mark sweep GC freed 1341(78KB) AllocSpace objects, 1(20KB) LOS objects, 23% free, 52MB/68MB, paused 420us total 19.365ms
08-03 18:32:19.726  4014  4253 I art     : Starting a blocking GC Explicit
08-03 18:32:19.744  4014  4253 I art     : Explicit concurrent mark sweep GC freed 36(1264B) AllocSpace objects, 0(0B) LOS objects, 23% free, 52MB/68MB, paused 342us total 18.498ms
08-03 18:32:19.752  4014  4253 I art     : Starting a blocking GC Explicit
08-03 18:32:19.772  4014  4253 I art     : Explicit concurrent mark sweep GC freed 3(96B) AllocSpace objects, 0(0B) LOS objects, 23% free, 52MB/68MB, paused 340us total 19.239ms
08-03 18:32:19.780  4014  4253 I art     : Starting a blocking GC Explicit
08-03 18:32:19.799  4014  4253 I art     : Explicit concurrent mark sweep GC freed 3(96B) AllocSpace objects, 0(0B) LOS objects, 23% free, 52MB/68MB, paused 344us total 19.042ms
08-03 18:32:19.808  4014  4253 I art     : Starting a blocking GC Explicit
08-03 18:32:19.827  4014  4253 I art     : Explicit concurrent mark sweep GC freed 3(96B) AllocSpace objects, 0(0B) LOS objects, 23% free, 52MB/68MB, paused 425us total 18.936ms
08-03 18:32:20.124  4014  4026 I art     : Starting a blocking GC Explicit
08-03 18:32:20.152  4014  4026 I art     : Explicit concurrent mark sweep GC freed 1341(78KB) AllocSpace objects, 1(20KB) LOS objects, 23% free, 52MB/68MB, paused 398us total 27.816ms
08-03 18:32:20.164  4014  4026 I art     : Starting a blocking GC Explicit
08-03 18:32:20.184  4014  4026 I art     : Explicit concurrent mark sweep GC freed 20(704B) AllocSpace objects, 0(0B) LOS objects, 23% free, 52MB/68MB, paused 354us total 19.699ms
08-03 18:32:20.192  4014  4026 I art     : Starting a blocking GC Explicit
08-03 18:32:20.212  4014  4026 I art     : Explicit concurrent mark sweep GC freed 3(96B) AllocSpace objects, 0(0B) LOS objects, 23% free, 52MB/68MB, paused 419us total 19.563ms
08-03 18:32:20.221  4014  4026 I art     : Starting a blocking GC Explicit
08-03 18:32:20.241  4014  4026 I art     : Explicit concurrent mark sweep GC freed 3(96B) AllocSpace objects, 0(0B) LOS objects, 23% free, 52MB/68MB, paused 354us total 19.942ms
08-03 18:32:20.250  4014  4026 I art     : Starting a blocking GC Explicit
08-03 18:32:20.269  4014  4026 I art     : Explicit concurrent mark sweep GC freed 3(96B) AllocSpace objects, 0(0B) LOS objects, 23% free, 52MB/68MB, paused 349us total 19.522ms
08-03 18:32:20.519   518   646 I ThermalEngine: ACTION: GPU - Setting GPU[0] to 450000000
08-03 18:32:20.573  4014  4252 I art     : Starting a blocking GC Explicit
08-03 18:32:20.605  4014  4252 I art     : Explicit concurrent mark sweep GC freed 1341(78KB) AllocSpace objects, 1(20KB) LOS objects, 23% free, 52MB/68MB, paused 490us total 31.279ms
08-03 18:32:20.619  4014  4252 I art     : Starting a blocking GC Explicit
08-03 18:32:20.647  4014  4252 I art     : Explicit concurrent mark sweep GC freed 20(704B) AllocSpace objects, 0(0B) LOS objects, 23% free, 52MB/68MB, paused 473us total 27.198ms
08-03 18:32:20.658  4014  4252 I art     : Starting a blocking GC Explicit
08-03 18:32:20.685  4014  4252 I art     : Explicit concurrent mark sweep GC freed 3(96B) AllocSpace objects, 0(0B) LOS objects, 23% free, 52MB/68MB, paused 469us total 26.814ms
08-03 18:32:20.696  4014  4252 I art     : Starting a blocking GC Explicit
08-03 18:32:20.721  4014  4252 I art     : Explicit concurrent mark sweep GC freed 3(96B) AllocSpace objects, 0(0B) LOS objects, 23% free, 52MB/68MB, paused 474us total 24.956ms
08-03 18:32:20.732  4014  4252 I art     : Starting a blocking GC Explicit
08-03 18:32:20.759  4014  4252 I art     : Explicit concurrent mark sweep GC freed 3(96B) AllocSpace objects, 0(0B) LOS objects, 23% free, 52MB/68MB, paused 469us total 26.211ms
08-03 18:32:21.061  4014  4027 I art     : Starting a blocking GC Explicit
08-03 18:32:21.089  4014  4027 I art     : Explicit concurrent mark sweep GC freed 1341(78KB) AllocSpace objects, 1(20KB) LOS objects, 23% free, 52MB/68MB, paused 512us total 27.881ms
08-03 18:32:21.101  4014  4027 I art     : Starting a blocking GC Explicit
08-03 18:32:21.127  4014  4027 I art     : Explicit concurrent mark sweep GC freed 20(704B) AllocSpace objects, 0(0B) LOS objects, 23% free, 52MB/68MB, paused 489us total 25.272ms
08-03 18:32:21.138  4014  4027 I art     : Starting a blocking GC Explicit
08-03 18:32:21.163  4014  4027 I art     : Explicit concurrent mark sweep GC freed 3(96B) AllocSpace objects, 0(0B) LOS objects, 23% free, 52MB/68MB, paused 490us total 25.422ms
08-03 18:32:21.174  4014  4027 I art     : Starting a blocking GC Explicit
08-03 18:32:21.199  4014  4027 I art     : Explicit concurrent mark sweep GC freed 3(96B) AllocSpace objects, 0(0B) LOS objects, 23% free, 52MB/68MB, paused 469us total 24.581ms
08-03 18:32:21.210  4014  4027 I art     : Starting a blocking GC Explicit
08-03 18:32:21.235  4014  4027 I art     : Explicit concurrent mark sweep GC freed 3(96B) AllocSpace objects, 0(0B) LOS objects, 23% free, 52MB/68MB, paused 504us total 25.081ms
08-03 18:32:21.465  5196  5196 D AndroidRuntime: >>>>>> START com.android.internal.os.RuntimeInit uid 2000 <<<<<<
08-03 18:32:21.471  5196  5196 D AndroidRuntime: CheckJNI is OFF
08-03 18:32:21.516  5196  5196 D ICU     : No timezone override file found: /data/misc/zoneinfo/current/icu/icu_tzdata.dat
08-03 18:32:21.533  4014  4253 I art     : Starting a blocking GC Explicit
08-03 18:32:21.559  4014  4253 I art     : Explicit concurrent mark sweep GC freed 1341(78KB) AllocSpace objects, 1(20KB) LOS objects, 23% free, 52MB/68MB, paused 550us total 25.905ms
08-03 18:32:21.562  5196  5196 I Radio-JNI: register_android_hardware_Radio DONE
08-03 18:32:21.570  4014  4253 I art     : Starting a blocking GC Explicit
08-03 18:32:21.593  5196  5196 D AndroidRuntime: Calling main entry com.android.commands.input.Input
08-03 18:32:21.594  5196  5196 I Input   : injectKeyEvent: KeyEvent { action=ACTION_DOWN, keyCode=KEYCODE_BACK, scanCode=0, metaState=0, flags=0x0, repeatCount=0, eventTime=642758007, downTime=642758007, deviceId=-1, source=0x101 }
08-03 18:32:21.595  4014  4253 I art     : Explicit concurrent mark sweep GC freed 20(704B) AllocSpace objects, 0(0B) LOS objects, 23% free, 52MB/68MB, paused 522us total 24.332ms
08-03 18:32:21.604  5196  5196 I Input   : injectKeyEvent: KeyEvent { action=ACTION_UP, keyCode=KEYCODE_BACK, scanCode=0, metaState=0, flags=0x0, repeatCount=0, eventTime=642758007, downTime=642758007, deviceId=-1, source=0x101 }
08-03 18:32:21.605  4014  4253 I art     : Starting a blocking GC Explicit
08-03 18:32:21.614  5196  5196 D AndroidRuntime: Shutting down VM
08-03 18:32:21.628  4014  4253 I art     : Explicit concurrent mark sweep GC freed 135(6KB) AllocSpace objects, 0(0B) LOS objects, 23% free, 52MB/68MB, paused 477us total 22.504ms
08-03 18:32:21.638  4014  4253 I art     : Starting a blocking GC Explicit
08-03 18:32:21.651 13866 13866 I GoogleInputMethodServic: GoogleInputMethodService.onFinishInput():3138 
08-03 18:32:21.652 13866 13866 I GoogleInputMethodServic: GoogleInputMethodService.onStartInput():1808 
08-03 18:32:21.660  4014  4253 I art     : Explicit concurrent mark sweep GC freed 16(704B) AllocSpace objects, 0(0B) LOS objects, 23% free, 52MB/68MB, paused 457us total 21.421ms
08-03 18:32:21.671  4014  4253 I art     : Starting a blocking GC Explicit
08-03 18:32:21.693  4014  4253 I art     : Explicit concurrent mark sweep GC freed 31(1024B) AllocSpace objects, 0(0B) LOS objects, 23% free, 52MB/68MB, paused 454us total 21.896ms
08-03 18:32:21.961   380   380 W SurfaceFlinger: couldn't log to binary event log: overflow.
08-03 18:32:21.961  4014  4252 I art     : Starting a blocking GC Explicit
08-03 18:32:21.985  4014  4252 I art     : Explicit concurrent mark sweep GC freed 1449(86KB) AllocSpace objects, 1(20KB) LOS objects, 23% free, 52MB/68MB, paused 445us total 23.638ms
08-03 18:32:21.995  4014  4252 I art     : Starting a blocking GC Explicit
08-03 18:32:22.018  4014  4252 I art     : Explicit concurrent mark sweep GC freed 134(6KB) AllocSpace objects, 0(0B) LOS objects, 23% free, 52MB/68MB, paused 536us total 22.299ms
08-03 18:32:22.028  4014  4252 I art     : Starting a blocking GC Explicit
08-03 18:32:22.050  4014  4252 I art     : Explicit concurrent mark sweep GC freed 1545(100KB) AllocSpace objects, 3(400KB) LOS objects, 23% free, 51MB/67MB, paused 453us total 22.275ms
08-03 18:32:22.060  4014  4252 I art     : Starting a blocking GC Explicit
08-03 18:32:22.084  4014  4252 I art     : Explicit concurrent mark sweep GC freed 3(96B) AllocSpace objects, 0(0B) LOS objects, 23% free, 51MB/67MB, paused 457us total 23.179ms
08-03 18:32:22.094  4014  4252 I art     : Starting a blocking GC Explicit
08-03 18:32:22.118  4014  4252 I art     : Explicit concurrent mark sweep GC freed 3(96B) AllocSpace objects, 0(0B) LOS objects, 23% free, 51MB/67MB, paused 480us total 23.271ms
08-03 18:32:22.406  4014  4027 I art     : Starting a blocking GC Explicit
08-03 18:32:22.435  4014  4027 I art     : Explicit concurrent mark sweep GC freed 1341(78KB) AllocSpace objects, 1(20KB) LOS objects, 23% free, 51MB/67MB, paused 499us total 28.127ms
08-03 18:32:22.448  4014  4027 I art     : Starting a blocking GC Explicit
08-03 18:32:22.473  4014  4027 I art     : Explicit concurrent mark sweep GC freed 20(704B) AllocSpace objects, 0(0B) LOS objects, 23% free, 51MB/67MB, paused 472us total 24.904ms
08-03 18:32:22.484  4014  4027 I art     : Starting a blocking GC Explicit
08-03 18:32:22.508  4014  4027 I art     : Explicit concurrent mark sweep GC freed 3(96B) AllocSpace objects, 0(0B) LOS objects, 23% free, 51MB/67MB, paused 469us total 24.211ms
08-03 18:32:22.519  4014  4027 I art     : Starting a blocking GC Explicit
08-03 18:32:22.543  4014  4027 I art     : Explicit concurrent mark sweep GC freed 3(96B) AllocSpace objects, 0(0B) LOS objects, 23% free, 51MB/67MB, paused 464us total 23.966ms
08-03 18:32:22.554  4014  4027 I art     : Starting a blocking GC Explicit
08-03 18:32:22.578  4014  4027 I art     : Explicit concurrent mark sweep GC freed 3(96B) AllocSpace objects, 0(0B) LOS objects, 23% free, 51MB/67MB, paused 443us total 23.938ms
08-03 18:32:22.878  4014  4026 I art     : Starting a blocking GC Explicit
08-03 18:32:22.903  4014  4026 I art     : Explicit concurrent mark sweep GC freed 1340(78KB) AllocSpace objects, 1(20KB) LOS objects, 23% free, 51MB/67MB, paused 506us total 25.458ms
08-03 18:32:22.914  4014  4026 I art     : Starting a blocking GC Explicit
08-03 18:32:22.937  4014  4026 I art     : Explicit concurrent mark sweep GC freed 20(704B) AllocSpace objects, 0(0B) LOS objects, 23% free, 51MB/67MB, paused 481us total 23.072ms
08-03 18:32:22.948  4014  4026 I art     : Starting a blocking GC Explicit
08-03 18:32:22.970  4014  4026 I art     : Explicit concurrent mark sweep GC freed 3(96B) AllocSpace objects, 0(0B) LOS objects, 23% free, 51MB/67MB, paused 457us total 22.374ms
08-03 18:32:22.981  4014  4026 I art     : Starting a blocking GC Explicit
08-03 18:32:23.004  4014  4026 I art     : Explicit concurrent mark sweep GC freed 3(96B) AllocSpace objects, 0(0B) LOS objects, 23% free, 51MB/67MB, paused 457us total 23.028ms
08-03 18:32:23.014  4014  4026 I art     : Starting a blocking GC Explicit
08-03 18:32:23.037  4014  4026 I art     : Explicit concurrent mark sweep GC freed 3(96B) AllocSpace objects, 0(0B) LOS objects, 23% free, 51MB/67MB, paused 512us total 22.159ms
08-03 18:32:23.313  4014  4253 I art     : Starting a blocking GC Explicit
08-03 18:32:23.341  4014  4253 I art     : Explicit concurrent mark sweep GC freed 1340(78KB) AllocSpace objects, 1(20KB) LOS objects, 23% free, 51MB/67MB, paused 498us total 26.715ms
08-03 18:32:23.354  4014  4253 I art     : Starting a blocking GC Explicit
08-03 18:32:23.378  4014  4253 I art     : Explicit concurrent mark sweep GC freed 20(704B) AllocSpace objects, 0(0B) LOS objects, 23% free, 51MB/67MB, paused 475us total 24.414ms
08-03 18:32:23.389  4014  4253 I art     : Starting a blocking GC Explicit
08-03 18:32:23.401  5257  5257 D AndroidRuntime: >>>>>> START com.android.internal.os.RuntimeInit uid 2000 <<<<<<
08-03 18:32:23.407  5257  5257 D AndroidRuntime: CheckJNI is OFF
08-03 18:32:23.413  4014  4253 I art     : Explicit concurrent mark sweep GC freed 3(96B) AllocSpace objects, 0(0B) LOS objects, 23% free, 51MB/67MB, paused 527us total 24.221ms
08-03 18:32:23.424  4014  4253 I art     : Starting a blocking GC Explicit
08-03 18:32:23.448  4014  4253 I art     : Explicit concurrent mark sweep GC freed 3(96B) AllocSpace objects, 0(0B) LOS objects, 23% free, 51MB/67MB, paused 496us total 23.403ms
08-03 18:32:23.453  5257  5257 D ICU     : No timezone override file found: /data/misc/zoneinfo/current/icu/icu_tzdata.dat
08-03 18:32:23.459  4014  4253 I art     : Starting a blocking GC Explicit
08-03 18:32:23.483  4014  4253 I art     : Explicit concurrent mark sweep GC freed 3(96B) AllocSpace objects, 0(0B) LOS objects, 23% free, 51MB/67MB, paused 518us total 23.989ms
08-03 18:32:23.502  5257  5257 I Radio-JNI: register_android_hardware_Radio DONE
08-03 18:32:23.525   518   646 I ThermalEngine: ACTION: GPU - Setting GPU[0] to 510000000
08-03 18:32:23.531  5257  5257 D AndroidRuntime: Calling main entry com.android.commands.input.Input
08-03 18:32:23.533  5257  5257 I Input   : injectMotionEvent: MotionEvent { action=ACTION_DOWN, actionButton=0, id[0]=0, x[0]=733.0, y[0]=1957.0, toolType[0]=TOOL_TYPE_UNKNOWN, buttonState=0, metaState=0, flags=0x0, edgeFlags=0x0, pointerCount=1, historySize=0, eventTime=642759946, downTime=642759946, deviceId=0, source=0x1002 }
08-03 18:32:23.539  5257  5257 I Input   : injectMotionEvent: MotionEvent { action=ACTION_UP, actionButton=0, id[0]=0, x[0]=733.0, y[0]=1957.0, toolType[0]=TOOL_TYPE_UNKNOWN, buttonState=0, metaState=0, flags=0x0, edgeFlags=0x0, pointerCount=1, historySize=0, eventTime=642759946, downTime=642759946, deviceId=0, source=0x1002 }
08-03 18:32:23.541   918  5481 I ActivityManager: START u0 {cmp=baseline.appteam.nith.hillffair/.activities.ClubActivity (has extras)} from uid 10624 on display 0
08-03 18:32:23.549  5257  5257 D AndroidRuntime: Shutting down VM
08-03 18:32:23.663   918   936 I ActivityManager: Displayed baseline.appteam.nith.hillffair/.activities.ClubActivity: +114ms
08-03 18:32:23.667 13866 13866 I GoogleInputMethodServic: GoogleInputMethodService.onFinishInput():3138 
08-03 18:32:23.667 13866 13866 I GoogleInputMethodServic: GoogleInputMethodService.onStartInput():1808 
08-03 18:32:23.732  4014  4026 I art     : Starting a blocking GC Explicit
08-03 18:32:23.753  4014  4026 I art     : Explicit concurrent mark sweep GC freed 5295(332KB) AllocSpace objects, 1(20KB) LOS objects, 23% free, 52MB/68MB, paused 539us total 20.665ms
08-03 18:32:23.763  4014  4026 I art     : Starting a blocking GC Explicit
08-03 18:32:23.790  4014  4026 I art     : Explicit concurrent mark sweep GC freed 209(9KB) AllocSpace objects, 0(0B) LOS objects, 23% free, 52MB/68MB, paused 483us total 26.308ms
08-03 18:32:23.800  4014  4026 I art     : Starting a blocking GC Explicit
08-03 18:32:23.822  4014  4026 I art     : Explicit concurrent mark sweep GC freed 3(96B) AllocSpace objects, 0(0B) LOS objects, 23% free, 52MB/68MB, paused 379us total 22.225ms
08-03 18:32:23.833  4014  4026 I art     : Starting a blocking GC Explicit
08-03 18:32:23.855  4014  4026 I art     : Explicit concurrent mark sweep GC freed 3(96B) AllocSpace objects, 0(0B) LOS objects, 23% free, 52MB/68MB, paused 375us total 22.507ms
08-03 18:32:23.866  4014  4026 I art     : Starting a blocking GC Explicit
08-03 18:32:23.888  4014  4026 I art     : Explicit concurrent mark sweep GC freed 3(96B) AllocSpace objects, 0(0B) LOS objects, 23% free, 52MB/68MB, paused 376us total 22.397ms
08-03 18:32:23.913   380   380 W SurfaceFlinger: couldn't log to binary event log: overflow.
08-03 18:32:24.013  4014  5280 D OkHttp  : --> GET https://api-hillfair-2k16.herokuapp.com/api/app/events/special/event?id=58065620dcba0f490c70fe09 http/1.1
08-03 18:32:24.058  4014  5280 D OkHttp  : <-- 200 OK https://api-hillfair-2k16.herokuapp.com/api/app/events/special/event?id=58065620dcba0f490c70fe09 (44ms, 682-byte body)
08-03 18:32:24.114  4014  4014 I NAPPA_EXPERIMENTATION: MetricNetworkRequestExecutionTime: REQUEST_DURATION_SYSTEM='532',REQUEST_DURATION_OKHTTP='45',REQUEST_SYNCHRONOUS='FALSE',RESPONSE_CODE='200',RESPONSE_METHOD='GET',RESPONSE_LENGTH_OKHTTP='682',RESPONSE_LENGTH_HEADER='682',REQUEST_PROTOCOL='http/1.1',REQUEST_URL='https://api-hillfair-2k16.herokuapp.com/api/app/events/special/event?id=58065620dcba0f490c70fe09',
08-03 18:32:24.154  4014  4253 I art     : Starting a blocking GC Explicit
08-03 18:32:24.175  4014  4253 I art     : Explicit concurrent mark sweep GC freed 4853(315KB) AllocSpace objects, 4(220KB) LOS objects, 23% free, 52MB/68MB, paused 349us total 20.210ms
08-03 18:32:24.183  4014  4253 I art     : Starting a blocking GC Explicit
08-03 18:32:24.203  4014  4253 I art     : Explicit concurrent mark sweep GC freed 1026(119KB) AllocSpace objects, 0(0B) LOS objects, 23% free, 52MB/68MB, paused 358us total 19.686ms
08-03 18:32:24.211  4014  4253 I art     : Starting a blocking GC Explicit
08-03 18:32:24.229  4014  4253 I art     : Explicit concurrent mark sweep GC freed 3(96B) AllocSpace objects, 0(0B) LOS objects, 23% free, 52MB/68MB, paused 344us total 18.193ms
08-03 18:32:24.237  4014  4253 I art     : Starting a blocking GC Explicit
08-03 18:32:24.255  4014  4253 I art     : Explicit concurrent mark sweep GC freed 3(96B) AllocSpace objects, 0(0B) LOS objects, 23% free, 52MB/68MB, paused 358us total 17.730ms
08-03 18:32:24.263  4014  4253 I art     : Starting a blocking GC Explicit
08-03 18:32:24.281  4014  4253 I art     : Explicit concurrent mark sweep GC freed 3(96B) AllocSpace objects, 0(0B) LOS objects, 23% free, 52MB/68MB, paused 324us total 17.745ms
08-03 18:32:24.527   518   646 I ThermalEngine: ACTION: GPU - Setting GPU[0] to 450000000
08-03 18:32:24.562  4014  4027 I art     : Starting a blocking GC Explicit
08-03 18:32:24.588  4014  4027 I art     : Explicit concurrent mark sweep GC freed 1342(78KB) AllocSpace objects, 1(20KB) LOS objects, 23% free, 52MB/68MB, paused 510us total 25.980ms
08-03 18:32:24.599  4014  4027 I art     : Starting a blocking GC Explicit
08-03 18:32:24.625  4014  4027 I art     : Explicit concurrent mark sweep GC freed 36(1264B) AllocSpace objects, 0(0B) LOS objects, 23% free, 52MB/68MB, paused 497us total 25.421ms
08-03 18:32:24.636  4014  4027 I art     : Starting a blocking GC Explicit
08-03 18:32:24.661  4014  4027 I art     : Explicit concurrent mark sweep GC freed 3(96B) AllocSpace objects, 0(0B) LOS objects, 23% free, 52MB/68MB, paused 497us total 24.561ms
08-03 18:32:24.672  4014  4027 I art     : Starting a blocking GC Explicit
08-03 18:32:24.698  4014  4027 I art     : Explicit concurrent mark sweep GC freed 3(96B) AllocSpace objects, 0(0B) LOS objects, 23% free, 52MB/68MB, paused 515us total 25.628ms
08-03 18:32:24.709  4014  4027 I art     : Starting a blocking GC Explicit
08-03 18:32:24.734  4014  4027 I art     : Explicit concurrent mark sweep GC freed 3(96B) AllocSpace objects, 0(0B) LOS objects, 23% free, 52MB/68MB, paused 575us total 25.228ms
08-03 18:32:25.041  4014  4253 I art     : Starting a blocking GC Explicit
08-03 18:32:25.075  4014  4253 I art     : Explicit concurrent mark sweep GC freed 1341(78KB) AllocSpace objects, 1(20KB) LOS objects, 23% free, 52MB/68MB, paused 559us total 33.476ms
08-03 18:32:25.089  4014  4253 I art     : Starting a blocking GC Explicit
08-03 18:32:25.117  4014  4253 I art     : Explicit concurrent mark sweep GC freed 20(704B) AllocSpace objects, 0(0B) LOS objects, 23% free, 52MB/68MB, paused 575us total 27.786ms
08-03 18:32:25.128  4014  4253 I art     : Starting a blocking GC Explicit
08-03 18:32:25.156  4014  4253 I art     : Explicit concurrent mark sweep GC freed 3(96B) AllocSpace objects, 0(0B) LOS objects, 23% free, 52MB/68MB, paused 522us total 27.445ms
08-03 18:32:25.167  4014  4253 I art     : Starting a blocking GC Explicit
08-03 18:32:25.195  4014  4253 I art     : Explicit concurrent mark sweep GC freed 3(96B) AllocSpace objects, 0(0B) LOS objects, 23% free, 52MB/68MB, paused 505us total 27.591ms
08-03 18:32:25.207  4014  4253 I art     : Starting a blocking GC Explicit
08-03 18:32:25.233  4014  4253 I art     : Explicit concurrent mark sweep GC freed 3(96B) AllocSpace objects, 0(0B) LOS objects, 23% free, 52MB/68MB, paused 493us total 26.430ms
08-03 18:32:25.549  4014  4252 I art     : Starting a blocking GC Explicit
08-03 18:32:25.584  4014  4252 I art     : Explicit concurrent mark sweep GC freed 1341(78KB) AllocSpace objects, 1(20KB) LOS objects, 23% free, 52MB/68MB, paused 534us total 35.132ms
08-03 18:32:25.598  4014  4252 I art     : Starting a blocking GC Explicit
08-03 18:32:25.626  4014  4252 I art     : Explicit concurrent mark sweep GC freed 20(704B) AllocSpace objects, 0(0B) LOS objects, 23% free, 52MB/68MB, paused 514us total 27.440ms
08-03 18:32:25.638  4014  4252 I art     : Starting a blocking GC Explicit
08-03 18:32:25.666  4014  4252 I art     : Explicit concurrent mark sweep GC freed 3(96B) AllocSpace objects, 0(0B) LOS objects, 23% free, 52MB/68MB, paused 507us total 28.045ms
08-03 18:32:25.677  4014  4252 I art     : Starting a blocking GC Explicit
08-03 18:32:25.705  4014  4252 I art     : Explicit concurrent mark sweep GC freed 3(96B) AllocSpace objects, 0(0B) LOS objects, 23% free, 52MB/68MB, paused 517us total 27.701ms
08-03 18:32:25.716  4014  4252 I art     : Starting a blocking GC Explicit
08-03 18:32:25.743  4014  4252 I art     : Explicit concurrent mark sweep GC freed 3(96B) AllocSpace objects, 0(0B) LOS objects, 23% free, 52MB/68MB, paused 525us total 25.991ms
08-03 18:32:26.010  4014  4026 I art     : Starting a blocking GC Explicit
08-03 18:32:26.040  4014  4026 I art     : Explicit concurrent mark sweep GC freed 1341(78KB) AllocSpace objects, 1(20KB) LOS objects, 23% free, 52MB/68MB, paused 521us total 29.547ms
08-03 18:32:26.053  4014  4026 I art     : Starting a blocking GC Explicit
08-03 18:32:26.077  4014  4026 I art     : Explicit concurrent mark sweep GC freed 20(704B) AllocSpace objects, 0(0B) LOS objects, 23% free, 52MB/68MB, paused 517us total 24.448ms
08-03 18:32:26.088  4014  4026 I art     : Starting a blocking GC Explicit
08-03 18:32:26.112  4014  4026 I art     : Explicit concurrent mark sweep GC freed 3(96B) AllocSpace objects, 0(0B) LOS objects, 23% free, 52MB/68MB, paused 497us total 24.103ms
08-03 18:32:26.123  4014  4026 I art     : Starting a blocking GC Explicit
08-03 18:32:26.148  4014  4026 I art     : Explicit concurrent mark sweep GC freed 3(96B) AllocSpace objects, 0(0B) LOS objects, 23% free, 52MB/68MB, paused 523us total 25.315ms
08-03 18:32:26.159  4014  4026 I art     : Starting a blocking GC Explicit
08-03 18:32:26.186  4014  4026 I art     : Explicit concurrent mark sweep GC freed 3(96B) AllocSpace objects, 0(0B) LOS objects, 23% free, 52MB/68MB, paused 558us total 26.025ms
08-03 18:32:26.375  5333  5333 D AndroidRuntime: >>>>>> START com.android.internal.os.RuntimeInit uid 2000 <<<<<<
08-03 18:32:26.383  5333  5333 D AndroidRuntime: CheckJNI is OFF
08-03 18:32:26.425  5333  5333 D ICU     : No timezone override file found: /data/misc/zoneinfo/current/icu/icu_tzdata.dat
08-03 18:32:26.467  5333  5333 I Radio-JNI: register_android_hardware_Radio DONE
08-03 18:32:26.497  5333  5333 D AndroidRuntime: Calling main entry com.android.commands.input.Input
08-03 18:32:26.498  5333  5333 I Input   : injectKeyEvent: KeyEvent { action=ACTION_DOWN, keyCode=KEYCODE_BACK, scanCode=0, metaState=0, flags=0x0, repeatCount=0, eventTime=642762911, downTime=642762911, deviceId=-1, source=0x101 }
08-03 18:32:26.503  5333  5333 I Input   : injectKeyEvent: KeyEvent { action=ACTION_UP, keyCode=KEYCODE_BACK, scanCode=0, metaState=0, flags=0x0, repeatCount=0, eventTime=642762911, downTime=642762911, deviceId=-1, source=0x101 }
08-03 18:32:26.508  5333  5333 D AndroidRuntime: Shutting down VM
08-03 18:32:26.510  4014  4252 I art     : Starting a blocking GC Explicit
08-03 18:32:26.534  4014  4252 I art     : Explicit concurrent mark sweep GC freed 1482(84KB) AllocSpace objects, 1(20KB) LOS objects, 23% free, 52MB/68MB, paused 513us total 24.045ms
08-03 18:32:26.543 13866 13866 I GoogleInputMethodServic: GoogleInputMethodService.onFinishInput():3138 
08-03 18:32:26.545 13866 13866 I GoogleInputMethodServic: GoogleInputMethodService.onStartInput():1808 
08-03 18:32:26.546  4014  4252 I art     : Starting a blocking GC Explicit
08-03 18:32:26.570  4014  4252 I art     : Explicit concurrent mark sweep GC freed 48(1760B) AllocSpace objects, 0(0B) LOS objects, 23% free, 52MB/68MB, paused 529us total 22.994ms
08-03 18:32:26.581  4014  4252 I art     : Starting a blocking GC Explicit
08-03 18:32:26.602  4014  4252 I art     : Explicit concurrent mark sweep GC freed 10(384B) AllocSpace objects, 0(0B) LOS objects, 23% free, 52MB/68MB, paused 454us total 20.984ms
08-03 18:32:26.612  4014  4252 I art     : Starting a blocking GC Explicit
08-03 18:32:26.634  4014  4252 I art     : Explicit concurrent mark sweep GC freed 3(96B) AllocSpace objects, 0(0B) LOS objects, 23% free, 52MB/68MB, paused 463us total 21.907ms
08-03 18:32:26.645  4014  4252 I art     : Starting a blocking GC Explicit
08-03 18:32:26.668  4014  4252 I art     : Explicit concurrent mark sweep GC freed 3(96B) AllocSpace objects, 0(0B) LOS objects, 23% free, 52MB/68MB, paused 483us total 22.368ms
08-03 18:32:26.832   380   380 W SurfaceFlinger: couldn't log to binary event log: overflow.
08-03 18:32:26.939  4014  4026 I art     : Starting a blocking GC Explicit
08-03 18:32:26.966  4014  4026 I art     : Explicit concurrent mark sweep GC freed 1450(87KB) AllocSpace objects, 1(20KB) LOS objects, 23% free, 52MB/68MB, paused 511us total 26.801ms
08-03 18:32:26.977  4014  4026 I art     : Starting a blocking GC Explicit
08-03 18:32:27.002  4014  4026 I art     : Explicit concurrent mark sweep GC freed 1672(106KB) AllocSpace objects, 3(400KB) LOS objects, 23% free, 51MB/67MB, paused 484us total 24.607ms
08-03 18:32:27.013  4014  4026 I art     : Starting a blocking GC Explicit
08-03 18:32:27.038  4014  4026 I art     : Explicit concurrent mark sweep GC freed 3(96B) AllocSpace objects, 0(0B) LOS objects, 23% free, 51MB/67MB, paused 515us total 24.753ms
08-03 18:32:27.048  4014  4026 I art     : Starting a blocking GC Explicit
08-03 18:32:27.073  4014  4026 I art     : Explicit concurrent mark sweep GC freed 3(96B) AllocSpace objects, 0(0B) LOS objects, 23% free, 51MB/67MB, paused 480us total 24.149ms
08-03 18:32:27.084  4014  4026 I art     : Starting a blocking GC Explicit
08-03 18:32:27.108  4014  4026 I art     : Explicit concurrent mark sweep GC freed 3(96B) AllocSpace objects, 0(0B) LOS objects, 23% free, 51MB/67MB, paused 486us total 24.605ms
08-03 18:32:27.395  4014  4253 I art     : Starting a blocking GC Explicit
08-03 18:32:27.424  4014  4253 I art     : Explicit concurrent mark sweep GC freed 1341(78KB) AllocSpace objects, 1(20KB) LOS objects, 23% free, 51MB/67MB, paused 526us total 29.111ms
08-03 18:32:27.438  4014  4253 I art     : Starting a blocking GC Explicit
08-03 18:32:27.466  4014  4253 I art     : Explicit concurrent mark sweep GC freed 20(704B) AllocSpace objects, 0(0B) LOS objects, 23% free, 51MB/67MB, paused 472us total 27.987ms
08-03 18:32:27.477  4014  4253 I art     : Starting a blocking GC Explicit
08-03 18:32:27.502  4014  4253 I art     : Explicit concurrent mark sweep GC freed 3(96B) AllocSpace objects, 0(0B) LOS objects, 23% free, 51MB/67MB, paused 489us total 24.549ms
08-03 18:32:27.512  4014  4253 I art     : Starting a blocking GC Explicit
08-03 18:32:27.537  4014  4253 I art     : Explicit concurrent mark sweep GC freed 3(96B) AllocSpace objects, 0(0B) LOS objects, 23% free, 51MB/67MB, paused 522us total 24.740ms
08-03 18:32:27.548  4014  4253 I art     : Starting a blocking GC Explicit
08-03 18:32:27.573  4014  4253 I art     : Explicit concurrent mark sweep GC freed 3(96B) AllocSpace objects, 0(0B) LOS objects, 23% free, 51MB/67MB, paused 493us total 24.832ms
08-03 18:32:27.851  4014  4027 I art     : Starting a blocking GC Explicit
08-03 18:32:27.876  4014  4027 I art     : Explicit concurrent mark sweep GC freed 1340(78KB) AllocSpace objects, 1(20KB) LOS objects, 23% free, 51MB/67MB, paused 527us total 24.645ms
08-03 18:32:27.887  4014  4027 I art     : Starting a blocking GC Explicit
08-03 18:32:27.911  4014  4027 I art     : Explicit concurrent mark sweep GC freed 20(704B) AllocSpace objects, 0(0B) LOS objects, 23% free, 51MB/67MB, paused 486us total 23.902ms
08-03 18:32:27.922  4014  4027 I art     : Starting a blocking GC Explicit
08-03 18:32:27.945  4014  4027 I art     : Explicit concurrent mark sweep GC freed 3(96B) AllocSpace objects, 0(0B) LOS objects, 23% free, 51MB/67MB, paused 512us total 23.510ms
08-03 18:32:27.956  4014  4027 I art     : Starting a blocking GC Explicit
08-03 18:32:27.980  4014  4027 I art     : Explicit concurrent mark sweep GC freed 3(96B) AllocSpace objects, 0(0B) LOS objects, 23% free, 51MB/67MB, paused 529us total 23.522ms
08-03 18:32:27.990  4014  4027 I art     : Starting a blocking GC Explicit
08-03 18:32:28.014  4014  4027 I art     : Explicit concurrent mark sweep GC freed 3(96B) AllocSpace objects, 0(0B) LOS objects, 23% free, 51MB/67MB, paused 510us total 23.297ms
08-03 18:32:28.293  5391  5391 D AndroidRuntime: >>>>>> START com.android.internal.os.RuntimeInit uid 2000 <<<<<<
08-03 18:32:28.299  5391  5391 D AndroidRuntime: CheckJNI is OFF
08-03 18:32:28.310  4014  4252 I art     : Starting a blocking GC Explicit
08-03 18:32:28.339  4014  4252 I art     : Explicit concurrent mark sweep GC freed 1340(78KB) AllocSpace objects, 1(20KB) LOS objects, 23% free, 51MB/67MB, paused 568us total 27.973ms
08-03 18:32:28.352  5391  5391 D ICU     : No timezone override file found: /data/misc/zoneinfo/current/icu/icu_tzdata.dat
08-03 18:32:28.352  4014  4252 I art     : Starting a blocking GC Explicit
08-03 18:32:28.377  4014  4252 I art     : Explicit concurrent mark sweep GC freed 20(704B) AllocSpace objects, 0(0B) LOS objects, 23% free, 51MB/67MB, paused 614us total 24.878ms
08-03 18:32:28.377  4014  4025 I art     : WaitForGcToComplete blocked for 25.228ms for cause HeapTrim
08-03 18:32:28.388  4014  4252 I art     : Starting a blocking GC Explicit
08-03 18:32:28.399  5391  5391 I Radio-JNI: register_android_hardware_Radio DONE
08-03 18:32:28.412  4014  4252 I art     : Explicit concurrent mark sweep GC freed 3(96B) AllocSpace objects, 0(0B) LOS objects, 23% free, 51MB/67MB, paused 516us total 23.803ms
08-03 18:32:28.423  4014  4252 I art     : Starting a blocking GC Explicit
08-03 18:32:28.429  5391  5391 D AndroidRuntime: Calling main entry com.android.commands.input.Input
08-03 18:32:28.432  5391  5391 I Input   : injectMotionEvent: MotionEvent { action=ACTION_DOWN, actionButton=0, id[0]=0, x[0]=733.0, y[0]=645.0, toolType[0]=TOOL_TYPE_UNKNOWN, buttonState=0, metaState=0, flags=0x0, edgeFlags=0x0, pointerCount=1, historySize=0, eventTime=642764844, downTime=642764844, deviceId=0, source=0x1002 }
08-03 18:32:28.439  5391  5391 I Input   : injectMotionEvent: MotionEvent { action=ACTION_UP, actionButton=0, id[0]=0, x[0]=733.0, y[0]=645.0, toolType[0]=TOOL_TYPE_UNKNOWN, buttonState=0, metaState=0, flags=0x0, edgeFlags=0x0, pointerCount=1, historySize=0, eventTime=642764844, downTime=642764844, deviceId=0, source=0x1002 }
08-03 18:32:28.440   918  3714 I ActivityManager: START u0 {cmp=baseline.appteam.nith.hillffair/.activities.ClubActivity (has extras)} from uid 10624 on display 0
08-03 18:32:28.446  4014  4252 I art     : Explicit concurrent mark sweep GC freed 3(96B) AllocSpace objects, 0(0B) LOS objects, 23% free, 51MB/67MB, paused 617us total 22.927ms
08-03 18:32:28.449  5391  5391 D AndroidRuntime: Shutting down VM
08-03 18:32:28.457  4014  4252 I art     : Starting a blocking GC Explicit
08-03 18:32:28.481  4014  4252 I art     : Explicit concurrent mark sweep GC freed 876(60KB) AllocSpace objects, 0(0B) LOS objects, 23% free, 52MB/68MB, paused 893us total 23.675ms
08-03 18:32:28.535   518   646 I ThermalEngine: ACTION: GPU - Setting GPU[0] to 510000000
08-03 18:32:28.560 13866 13866 I GoogleInputMethodServic: GoogleInputMethodService.onFinishInput():3138 
08-03 18:32:28.561   918   936 I ActivityManager: Displayed baseline.appteam.nith.hillffair/.activities.ClubActivity: +110ms
08-03 18:32:28.562 13866 13866 I GoogleInputMethodServic: GoogleInputMethodService.onStartInput():1808 
08-03 18:32:28.736  4014  4026 I art     : Starting a blocking GC Explicit
08-03 18:32:28.769  4014  4026 I art     : Explicit concurrent mark sweep GC freed 4539(276KB) AllocSpace objects, 1(20KB) LOS objects, 23% free, 52MB/68MB, paused 593us total 32.352ms
08-03 18:32:28.782  4014  4026 I art     : Starting a blocking GC Explicit
08-03 18:32:28.808  4014  4026 I art     : Explicit concurrent mark sweep GC freed 88(3KB) AllocSpace objects, 0(0B) LOS objects, 23% free, 52MB/68MB, paused 458us total 26.134ms
08-03 18:32:28.818   380   380 W SurfaceFlinger: couldn't log to binary event log: overflow.
08-03 18:32:28.820  4014  4026 I art     : Starting a blocking GC Explicit
08-03 18:32:28.843  4014  4026 I art     : Explicit concurrent mark sweep GC freed 3(96B) AllocSpace objects, 0(0B) LOS objects, 23% free, 52MB/68MB, paused 397us total 22.357ms
08-03 18:32:28.851  4014  4026 I art     : Starting a blocking GC Explicit
08-03 18:32:28.868  4014  4026 I art     : Explicit concurrent mark sweep GC freed 3(96B) AllocSpace objects, 0(0B) LOS objects, 23% free, 52MB/68MB, paused 402us total 17.539ms
08-03 18:32:28.876  4014  4026 I art     : Starting a blocking GC Explicit
08-03 18:32:28.894  4014  4026 I art     : Explicit concurrent mark sweep GC freed 3(96B) AllocSpace objects, 0(0B) LOS objects, 23% free, 52MB/68MB, paused 385us total 17.361ms
08-03 18:32:29.037  4014  5420 D OkHttp  : --> GET https://api-hillfair-2k16.herokuapp.com/api/app/events/special/event?id=5806551bdcba0f490c70fd1f http/1.1
08-03 18:32:29.076  4014  5420 D OkHttp  : <-- 200 OK https://api-hillfair-2k16.herokuapp.com/api/app/events/special/event?id=5806551bdcba0f490c70fd1f (38ms, 795-byte body)
08-03 18:32:29.137  4014  4014 I NAPPA_EXPERIMENTATION: MetricNetworkRequestExecutionTime: REQUEST_DURATION_SYSTEM='653',REQUEST_DURATION_OKHTTP='39',REQUEST_SYNCHRONOUS='FALSE',RESPONSE_CODE='200',RESPONSE_METHOD='GET',RESPONSE_LENGTH_OKHTTP='795',RESPONSE_LENGTH_HEADER='795',REQUEST_PROTOCOL='http/1.1',REQUEST_URL='https://api-hillfair-2k16.herokuapp.com/api/app/events/special/event?id=5806551bdcba0f490c70fd1f',
08-03 18:32:29.150  4014  4253 I art     : Starting a blocking GC Explicit
08-03 18:32:29.173  4014  4253 I art     : Explicit concurrent mark sweep GC freed 4875(317KB) AllocSpace objects, 4(220KB) LOS objects, 23% free, 52MB/68MB, paused 870us total 22.377ms
08-03 18:32:29.182  4014  4253 I art     : Starting a blocking GC Explicit
08-03 18:32:29.203  4014  4253 I art     : Explicit concurrent mark sweep GC freed 1043(119KB) AllocSpace objects, 0(0B) LOS objects, 23% free, 52MB/68MB, paused 358us total 21.186ms
08-03 18:32:29.211  4014  4253 I art     : Starting a blocking GC Explicit
08-03 18:32:29.229  4014  4253 I art     : Explicit concurrent mark sweep GC freed 3(96B) AllocSpace objects, 0(0B) LOS objects, 23% free, 52MB/68MB, paused 349us total 17.331ms
08-03 18:32:29.237  4014  4253 I art     : Starting a blocking GC Explicit
08-03 18:32:29.256  4014  4253 I art     : Explicit concurrent mark sweep GC freed 3(96B) AllocSpace objects, 0(0B) LOS objects, 23% free, 52MB/68MB, paused 368us total 17.930ms
08-03 18:32:29.264  4014  4253 I art     : Starting a blocking GC Explicit
08-03 18:32:29.282  4014  4253 I art     : Explicit concurrent mark sweep GC freed 3(96B) AllocSpace objects, 0(0B) LOS objects, 23% free, 52MB/68MB, paused 376us total 17.969ms
08-03 18:32:29.539   518   646 I ThermalEngine: ACTION: GPU - Setting GPU[0] to 450000000
08-03 18:32:29.572  4014  4252 I art     : Starting a blocking GC Explicit
08-03 18:32:29.599  4014  4252 I art     : Explicit concurrent mark sweep GC freed 1341(78KB) AllocSpace objects, 1(20KB) LOS objects, 23% free, 52MB/68MB, paused 539us total 26.154ms
08-03 18:32:29.611  4014  4252 I art     : Starting a blocking GC Explicit
08-03 18:32:29.636  4014  4252 I art     : Explicit concurrent mark sweep GC freed 36(1264B) AllocSpace objects, 0(0B) LOS objects, 23% free, 52MB/68MB, paused 532us total 24.497ms
08-03 18:32:29.647  4014  4252 I art     : Starting a blocking GC Explicit
08-03 18:32:29.656   918  3261 D WifiStateMachine: starting scan for "H369AA63323"WPA_PSK with 2412,5180
08-03 18:32:29.672  4014  4252 I art     : Explicit concurrent mark sweep GC freed 3(96B) AllocSpace objects, 0(0B) LOS objects, 23% free, 52MB/68MB, paused 506us total 25.123ms
08-03 18:32:29.683  4014  4252 I art     : Starting a blocking GC Explicit
08-03 18:32:29.708  4014  4252 I art     : Explicit concurrent mark sweep GC freed 3(96B) AllocSpace objects, 0(0B) LOS objects, 23% free, 52MB/68MB, paused 525us total 25.241ms
08-03 18:32:29.719  4014  4252 I art     : Starting a blocking GC Explicit
08-03 18:32:29.744  4014  4252 I art     : Explicit concurrent mark sweep GC freed 3(96B) AllocSpace objects, 0(0B) LOS objects, 23% free, 52MB/68MB, paused 582us total 24.728ms
08-03 18:32:30.029  4014  4252 I art     : Starting a blocking GC Explicit
08-03 18:32:30.061  4014  4252 I art     : Explicit concurrent mark sweep GC freed 1341(78KB) AllocSpace objects, 1(20KB) LOS objects, 23% free, 52MB/68MB, paused 584us total 31.529ms
08-03 18:32:30.077  4014  4252 I art     : Starting a blocking GC Explicit
08-03 18:32:30.105  4014  4252 I art     : Explicit concurrent mark sweep GC freed 29(1040B) AllocSpace objects, 0(0B) LOS objects, 23% free, 52MB/68MB, paused 541us total 26.850ms
08-03 18:32:30.116  4014  4252 I art     : Starting a blocking GC Explicit
08-03 18:32:30.144  4014  4252 I art     : Explicit concurrent mark sweep GC freed 3(96B) AllocSpace objects, 0(0B) LOS objects, 23% free, 52MB/68MB, paused 549us total 27.922ms
08-03 18:32:30.155  4014  4252 I art     : Starting a blocking GC Explicit
08-03 18:32:30.183  4014  4252 I art     : Explicit concurrent mark sweep GC freed 3(96B) AllocSpace objects, 0(0B) LOS objects, 23% free, 52MB/68MB, paused 549us total 27.275ms
08-03 18:32:30.194  4014  4252 I art     : Starting a blocking GC Explicit
08-03 18:32:30.221  4014  4252 I art     : Explicit concurrent mark sweep GC freed 3(96B) AllocSpace objects, 0(0B) LOS objects, 23% free, 52MB/68MB, paused 547us total 26.832ms
08-03 18:32:30.524  4014  4027 I art     : Starting a blocking GC Explicit
08-03 18:32:30.557  4014  4027 I art     : Explicit concurrent mark sweep GC freed 1341(78KB) AllocSpace objects, 1(20KB) LOS objects, 23% free, 52MB/68MB, paused 574us total 32.337ms
08-03 18:32:30.572  4014  4027 I art     : Starting a blocking GC Explicit
08-03 18:32:30.583 30381 30381 I ServiceManager: Waiting for service AtCmdFwd...
08-03 18:32:30.599  4014  4027 I art     : Explicit concurrent mark sweep GC freed 20(704B) AllocSpace objects, 0(0B) LOS objects, 23% free, 52MB/68MB, paused 573us total 26.409ms
08-03 18:32:30.611  4014  4027 I art     : Starting a blocking GC Explicit
08-03 18:32:30.639  4014  4027 I art     : Explicit concurrent mark sweep GC freed 3(96B) AllocSpace objects, 0(0B) LOS objects, 23% free, 52MB/68MB, paused 555us total 27.850ms
08-03 18:32:30.650  4014  4027 I art     : Starting a blocking GC Explicit
08-03 18:32:30.677  4014  4027 I art     : Explicit concurrent mark sweep GC freed 3(96B) AllocSpace objects, 0(0B) LOS objects, 23% free, 52MB/68MB, paused 642us total 27.133ms
08-03 18:32:30.689  4014  4027 I art     : Starting a blocking GC Explicit
08-03 18:32:30.715  4014  4027 I art     : Explicit concurrent mark sweep GC freed 3(96B) AllocSpace objects, 0(0B) LOS objects, 23% free, 52MB/68MB, paused 529us total 26.452ms
08-03 18:32:31.035  4014  4026 I art     : Starting a blocking GC Explicit
08-03 18:32:31.068  4014  4026 I art     : Explicit concurrent mark sweep GC freed 1341(78KB) AllocSpace objects, 1(20KB) LOS objects, 23% free, 52MB/68MB, paused 757us total 32.722ms
08-03 18:32:31.084  4014  4026 I art     : Starting a blocking GC Explicit
08-03 18:32:31.110  4014  4026 I art     : Explicit concurrent mark sweep GC freed 20(704B) AllocSpace objects, 0(0B) LOS objects, 23% free, 52MB/68MB, paused 533us total 25.571ms
08-03 18:32:31.121  4014  4026 I art     : Starting a blocking GC Explicit
08-03 18:32:31.147  4014  4026 I art     : Explicit concurrent mark sweep GC freed 3(96B) AllocSpace objects, 0(0B) LOS objects, 23% free, 52MB/68MB, paused 614us total 25.659ms
08-03 18:32:31.158  4014  4026 I art     : Starting a blocking GC Explicit
08-03 18:32:31.184  4014  4026 I art     : Explicit concurrent mark sweep GC freed 3(96B) AllocSpace objects, 0(0B) LOS objects, 23% free, 52MB/68MB, paused 540us total 26.009ms
08-03 18:32:31.196  4014  4026 I art     : Starting a blocking GC Explicit
08-03 18:32:31.223  4014  4026 I art     : Explicit concurrent mark sweep GC freed 3(96B) AllocSpace objects, 0(0B) LOS objects, 23% free, 52MB/68MB, paused 538us total 27.461ms
08-03 18:32:31.541  4014  4253 I art     : Starting a blocking GC Explicit
08-03 18:32:31.574  4014  4253 I art     : Explicit concurrent mark sweep GC freed 1341(78KB) AllocSpace objects, 1(20KB) LOS objects, 23% free, 52MB/68MB, paused 526us total 33.017ms
08-03 18:32:31.584 30381 30381 I ServiceManager: Waiting for service AtCmdFwd...
08-03 18:32:31.588  4014  4253 I art     : Starting a blocking GC Explicit
08-03 18:32:31.616  4014  4253 I art     : Explicit concurrent mark sweep GC freed 20(704B) AllocSpace objects, 0(0B) LOS objects, 23% free, 52MB/68MB, paused 513us total 28.400ms
08-03 18:32:31.627  4014  4253 I art     : Starting a blocking GC Explicit
08-03 18:32:31.652  4014  4253 I art     : Explicit concurrent mark sweep GC freed 3(96B) AllocSpace objects, 0(0B) LOS objects, 23% free, 52MB/68MB, paused 495us total 24.518ms
08-03 18:32:31.663  4014  4253 I art     : Starting a blocking GC Explicit
08-03 18:32:31.686  4014  4253 I art     : Explicit concurrent mark sweep GC freed 3(96B) AllocSpace objects, 0(0B) LOS objects, 23% free, 52MB/68MB, paused 513us total 23.362ms
08-03 18:32:31.698  4014  4253 I art     : Starting a blocking GC Explicit
08-03 18:32:31.723  4014  4253 I art     : Explicit concurrent mark sweep GC freed 3(96B) AllocSpace objects, 0(0B) LOS objects, 23% free, 52MB/68MB, paused 525us total 24.828ms
08-03 18:32:32.042  4014  4252 I art     : Starting a blocking GC Explicit
08-03 18:32:32.075  4014  4252 I art     : Explicit concurrent mark sweep GC freed 1341(78KB) AllocSpace objects, 1(20KB) LOS objects, 23% free, 52MB/68MB, paused 578us total 33.138ms
08-03 18:32:32.089  4014  4252 I art     : Starting a blocking GC Explicit
08-03 18:32:32.118  4014  4252 I art     : Explicit concurrent mark sweep GC freed 20(704B) AllocSpace objects, 0(0B) LOS objects, 23% free, 52MB/68MB, paused 594us total 28.369ms
08-03 18:32:32.129  4014  4252 I art     : Starting a blocking GC Explicit
08-03 18:32:32.156  4014  4252 I art     : Explicit concurrent mark sweep GC freed 3(96B) AllocSpace objects, 0(0B) LOS objects, 23% free, 52MB/68MB, paused 523us total 26.531ms
08-03 18:32:32.167  4014  4252 I art     : Starting a blocking GC Explicit
08-03 18:32:32.195  4014  4252 I art     : Explicit concurrent mark sweep GC freed 3(96B) AllocSpace objects, 0(0B) LOS objects, 23% free, 52MB/68MB, paused 549us total 27.218ms
08-03 18:32:32.206  4014  4252 I art     : Starting a blocking GC Explicit
08-03 18:32:32.234  4014  4252 I art     : Explicit concurrent mark sweep GC freed 3(96B) AllocSpace objects, 0(0B) LOS objects, 23% free, 52MB/68MB, paused 541us total 27.989ms
08-03 18:32:32.542   518   646 I ThermalEngine: ACTION: GPU - Setting GPU[0] to 510000000
08-03 18:32:32.554  4014  4027 I art     : Starting a blocking GC Explicit
08-03 18:32:32.585  4014  4027 I art     : Explicit concurrent mark sweep GC freed 1341(78KB) AllocSpace objects, 1(20KB) LOS objects, 23% free, 52MB/68MB, paused 430us total 29.936ms
08-03 18:32:32.586 30381 30381 I ServiceManager: Waiting for service AtCmdFwd...
08-03 18:32:32.597  4014  4027 I art     : Starting a blocking GC Explicit
08-03 18:32:32.618  4014  4027 I art     : Explicit concurrent mark sweep GC freed 20(704B) AllocSpace objects, 0(0B) LOS objects, 23% free, 52MB/68MB, paused 427us total 20.082ms
08-03 18:32:32.626  4014  4027 I art     : Starting a blocking GC Explicit
08-03 18:32:32.646  4014  4027 I art     : Explicit concurrent mark sweep GC freed 3(96B) AllocSpace objects, 0(0B) LOS objects, 23% free, 52MB/68MB, paused 412us total 19.918ms
08-03 18:32:32.655  4014  4027 I art     : Starting a blocking GC Explicit
08-03 18:32:32.676  4014  4027 I art     : Explicit concurrent mark sweep GC freed 3(96B) AllocSpace objects, 0(0B) LOS objects, 23% free, 52MB/68MB, paused 415us total 21.019ms
08-03 18:32:32.685  4014  4027 I art     : Starting a blocking GC Explicit
08-03 18:32:32.704  4014  4027 I art     : Explicit concurrent mark sweep GC freed 3(96B) AllocSpace objects, 0(0B) LOS objects, 23% free, 52MB/68MB, paused 388us total 19.482ms
08-03 18:32:32.951  4014  4026 I art     : Starting a blocking GC Explicit
08-03 18:32:32.972  4014  4026 I art     : Explicit concurrent mark sweep GC freed 1341(78KB) AllocSpace objects, 1(20KB) LOS objects, 23% free, 52MB/68MB, paused 420us total 20.905ms
08-03 18:32:32.981  4014  4026 I art     : Starting a blocking GC Explicit
08-03 18:32:33.001  4014  4026 I art     : Explicit concurrent mark sweep GC freed 20(704B) AllocSpace objects, 0(0B) LOS objects, 23% free, 52MB/68MB, paused 415us total 20.048ms
08-03 18:32:33.010  4014  4026 I art     : Starting a blocking GC Explicit
08-03 18:32:33.030  4014  4026 I art     : Explicit concurrent mark sweep GC freed 3(96B) AllocSpace objects, 0(0B) LOS objects, 23% free, 52MB/68MB, paused 390us total 19.413ms
08-03 18:32:33.038  4014  4026 I art     : Starting a blocking GC Explicit
08-03 18:32:33.058  4014  4026 I art     : Explicit concurrent mark sweep GC freed 3(96B) AllocSpace objects, 0(0B) LOS objects, 23% free, 52MB/68MB, paused 382us total 19.305ms
08-03 18:32:33.066  4014  4026 I art     : Starting a blocking GC Explicit
08-03 18:32:33.086  4014  4026 I art     : Explicit concurrent mark sweep GC freed 3(96B) AllocSpace objects, 0(0B) LOS objects, 23% free, 52MB/68MB, paused 396us total 19.730ms
08-03 18:32:33.141  5513  5513 D AndroidRuntime: >>>>>> START com.android.internal.os.RuntimeInit uid 2000 <<<<<<
08-03 18:32:33.146  5513  5513 D AndroidRuntime: CheckJNI is OFF
08-03 18:32:33.180  5513  5513 D ICU     : No timezone override file found: /data/misc/zoneinfo/current/icu/icu_tzdata.dat
08-03 18:32:33.218  5513  5513 I Radio-JNI: register_android_hardware_Radio DONE
08-03 18:32:33.240  5513  5513 D AndroidRuntime: Calling main entry com.android.commands.input.Input
08-03 18:32:33.242  5513  5513 I Input   : injectKeyEvent: KeyEvent { action=ACTION_DOWN, keyCode=KEYCODE_BACK, scanCode=0, metaState=0, flags=0x0, repeatCount=0, eventTime=642769655, downTime=642769655, deviceId=-1, source=0x101 }
08-03 18:32:33.255  5513  5513 I Input   : injectKeyEvent: KeyEvent { action=ACTION_UP, keyCode=KEYCODE_BACK, scanCode=0, metaState=0, flags=0x0, repeatCount=0, eventTime=642769655, downTime=642769655, deviceId=-1, source=0x101 }
08-03 18:32:33.262  5513  5513 D AndroidRuntime: Shutting down VM
08-03 18:32:33.298 13866 13866 I GoogleInputMethodServic: GoogleInputMethodService.onFinishInput():3138 
08-03 18:32:33.299 13866 13866 I GoogleInputMethodServic: GoogleInputMethodService.onStartInput():1808 
08-03 18:32:33.356  4014  4253 I art     : Starting a blocking GC Explicit
08-03 18:32:33.376  4014  4253 I art     : Explicit concurrent mark sweep GC freed 3603(174KB) AllocSpace objects, 1(20KB) LOS objects, 23% free, 52MB/68MB, paused 433us total 19.828ms
08-03 18:32:33.384  4014  4253 I art     : Starting a blocking GC Explicit
08-03 18:32:33.403  4014  4253 I art     : Explicit concurrent mark sweep GC freed 171(6KB) AllocSpace objects, 0(0B) LOS objects, 23% free, 52MB/68MB, paused 434us total 18.730ms
08-03 18:32:33.412  4014  4253 I art     : Starting a blocking GC Explicit
08-03 18:32:33.413  4014  5532 W OneSignal: OneSignalRestClient: POST Error thrown from network stack. 
08-03 18:32:33.413  4014  5532 W OneSignal: java.io.IOException: unexpected end of stream on Connection{api.onesignal.com:443, proxy=HTTP@192.168.2.12:8080 hostAddress=192.168.2.12 cipherSuite=TLS_ECDHE_RSA_WITH_AES_128_GCM_SHA256 protocol=http/1.1} (recycle count=0)
08-03 18:32:33.413  4014  5532 W OneSignal: 	at com.android.okhttp.internal.http.HttpConnection.readResponse(HttpConnection.java:210)
08-03 18:32:33.413  4014  5532 W OneSignal: 	at com.android.okhttp.internal.http.HttpTransport.readResponseHeaders(HttpTransport.java:80)
08-03 18:32:33.413  4014  5532 W OneSignal: 	at com.android.okhttp.internal.http.HttpEngine.readNetworkResponse(HttpEngine.java:904)
08-03 18:32:33.413  4014  5532 W OneSignal: 	at com.android.okhttp.internal.http.HttpEngine.readResponse(HttpEngine.java:788)
08-03 18:32:33.413  4014  5532 W OneSignal: 	at com.android.okhttp.internal.huc.HttpURLConnectionImpl.execute(HttpURLConnectionImpl.java:439)
08-03 18:32:33.413  4014  5532 W OneSignal: 	at com.android.okhttp.internal.huc.HttpURLConnectionImpl.getResponse(HttpURLConnectionImpl.java:384)
08-03 18:32:33.413  4014  5532 W OneSignal: 	at com.android.okhttp.internal.huc.HttpURLConnectionImpl.getResponseCode(HttpURLConnectionImpl.java:497)
08-03 18:32:33.413  4014  5532 W OneSignal: 	at com.android.okhttp.internal.huc.DelegatingHttpsURLConnection.getResponseCode(DelegatingHttpsURLConnection.java:105)
08-03 18:32:33.413  4014  5532 W OneSignal: 	at com.android.okhttp.internal.huc.HttpsURLConnectionImpl.getResponseCode(HttpsURLConnectionImpl.java)
08-03 18:32:33.413  4014  5532 W OneSignal: 	at com.onesignal.OneSignalRestClient.startHTTPConnection(OneSignalRestClient.java:180)
08-03 18:32:33.413  4014  5532 W OneSignal: 	at com.onesignal.OneSignalRestClient.access$100(OneSignalRestClient.java:44)
08-03 18:32:33.413  4014  5532 W OneSignal: 	at com.onesignal.OneSignalRestClient$4.run(OneSignalRestClient.java:110)
08-03 18:32:33.413  4014  5532 W OneSignal: 	at java.lang.Thread.run(Thread.java:818)
08-03 18:32:33.413  4014  5532 W OneSignal: Caused by: java.io.EOFException: \n not found: size=0 content=...
08-03 18:32:33.413  4014  5532 W OneSignal: 	at com.android.okhttp.okio.RealBufferedSource.readUtf8LineStrict(RealBufferedSource.java:200)
08-03 18:32:33.413  4014  5532 W OneSignal: 	at com.android.okhttp.internal.http.HttpConnection.readResponse(HttpConnection.java:191)
08-03 18:32:33.413  4014  5532 W OneSignal: 	... 12 more
08-03 18:32:33.414  4014  5548 W OneSignal: Failed last request. statusCode: -1
08-03 18:32:33.414  4014  5548 W OneSignal: response: null
08-03 18:32:33.432  4014  4253 I art     : Explicit concurrent mark sweep GC freed 139(33KB) AllocSpace objects, 0(0B) LOS objects, 23% free, 52MB/68MB, paused 370us total 20.243ms
08-03 18:32:33.432  4014  4025 I art     : WaitForGcToComplete blocked for 18.501ms for cause HeapTrim
08-03 18:32:33.441  4014  4253 I art     : Starting a blocking GC Explicit
08-03 18:32:33.463  4014  4253 I art     : Explicit concurrent mark sweep GC freed 243(38KB) AllocSpace objects, 0(0B) LOS objects, 23% free, 52MB/68MB, paused 415us total 21.623ms
08-03 18:32:33.472  4014  4253 I art     : Starting a blocking GC Explicit
08-03 18:32:33.496  4014  4253 I art     : Explicit concurrent mark sweep GC freed 7(288B) AllocSpace objects, 0(0B) LOS objects, 23% free, 52MB/68MB, paused 419us total 23.839ms
08-03 18:32:33.587 30381 30381 I ServiceManager: Waiting for service AtCmdFwd...
08-03 18:32:33.605   380   380 W SurfaceFlinger: couldn't log to binary event log: overflow.
08-03 18:32:33.751  4014  4027 I art     : Starting a blocking GC Explicit
08-03 18:32:33.770  4014  4027 I art     : Explicit concurrent mark sweep GC freed 1450(87KB) AllocSpace objects, 1(20KB) LOS objects, 23% free, 52MB/68MB, paused 389us total 18.882ms
08-03 18:32:33.778  4014  4027 I art     : Starting a blocking GC Explicit
08-03 18:32:33.796  4014  4027 I art     : Explicit concurrent mark sweep GC freed 1672(107KB) AllocSpace objects, 3(400KB) LOS objects, 23% free, 52MB/68MB, paused 374us total 17.530ms
08-03 18:32:33.803  4014  4027 I art     : Starting a blocking GC Explicit
08-03 18:32:33.821  4014  4027 I art     : Explicit concurrent mark sweep GC freed 3(96B) AllocSpace objects, 0(0B) LOS objects, 23% free, 52MB/68MB, paused 383us total 17.819ms
08-03 18:32:33.829  4014  4027 I art     : Starting a blocking GC Explicit
08-03 18:32:33.847  4014  4027 I art     : Explicit concurrent mark sweep GC freed 3(96B) AllocSpace objects, 0(0B) LOS objects, 23% free, 52MB/68MB, paused 425us total 17.493ms
08-03 18:32:33.854  4014  4027 I art     : Starting a blocking GC Explicit
08-03 18:32:33.872  4014  4027 I art     : Explicit concurrent mark sweep GC freed 3(96B) AllocSpace objects, 0(0B) LOS objects, 23% free, 52MB/68MB, paused 390us total 17.440ms
08-03 18:32:34.146  4014  4252 I art     : Starting a blocking GC Explicit
08-03 18:32:34.166  4014  4252 I art     : Explicit concurrent mark sweep GC freed 1341(78KB) AllocSpace objects, 1(20KB) LOS objects, 23% free, 52MB/68MB, paused 392us total 20.170ms
08-03 18:32:34.175  4014  4252 I art     : Starting a blocking GC Explicit
08-03 18:32:34.195  4014  4252 I art     : Explicit concurrent mark sweep GC freed 20(704B) AllocSpace objects, 0(0B) LOS objects, 23% free, 52MB/68MB, paused 407us total 19.480ms
08-03 18:32:34.203  4014  4252 I art     : Starting a blocking GC Explicit
08-03 18:32:34.223  4014  4252 I art     : Explicit concurrent mark sweep GC freed 3(96B) AllocSpace objects, 0(0B) LOS objects, 23% free, 52MB/68MB, paused 395us total 19.552ms
08-03 18:32:34.232  4014  4252 I art     : Starting a blocking GC Explicit
08-03 18:32:34.252  4014  4252 I art     : Explicit concurrent mark sweep GC freed 3(96B) AllocSpace objects, 0(0B) LOS objects, 23% free, 52MB/68MB, paused 399us total 20.136ms
08-03 18:32:34.261  4014  4252 I art     : Starting a blocking GC Explicit
08-03 18:32:34.280  4014  4252 I art     : Explicit concurrent mark sweep GC freed 3(96B) AllocSpace objects, 0(0B) LOS objects, 23% free, 52MB/68MB, paused 406us total 19.222ms
08-03 18:32:34.565  4014  4026 I art     : Starting a blocking GC Explicit
08-03 18:32:34.585  4014  4026 I art     : Explicit concurrent mark sweep GC freed 1340(78KB) AllocSpace objects, 1(20KB) LOS objects, 23% free, 52MB/68MB, paused 410us total 19.957ms
08-03 18:32:34.587 30381 30381 I ServiceManager: Waiting for service AtCmdFwd...
08-03 18:32:34.594  4014  4026 I art     : Starting a blocking GC Explicit
08-03 18:32:34.613  4014  4026 I art     : Explicit concurrent mark sweep GC freed 20(704B) AllocSpace objects, 0(0B) LOS objects, 23% free, 52MB/68MB, paused 402us total 18.347ms
08-03 18:32:34.621  4014  4026 I art     : Starting a blocking GC Explicit
08-03 18:32:34.640  4014  4026 I art     : Explicit concurrent mark sweep GC freed 3(96B) AllocSpace objects, 0(0B) LOS objects, 23% free, 52MB/68MB, paused 392us total 18.747ms
08-03 18:32:34.648  4014  4026 I art     : Starting a blocking GC Explicit
08-03 18:32:34.667  4014  4026 I art     : Explicit concurrent mark sweep GC freed 3(96B) AllocSpace objects, 0(0B) LOS objects, 23% free, 52MB/68MB, paused 430us total 19.122ms
08-03 18:32:34.676  4014  4026 I art     : Starting a blocking GC Explicit
08-03 18:32:34.694  4014  4026 I art     : Explicit concurrent mark sweep GC freed 3(96B) AllocSpace objects, 0(0B) LOS objects, 23% free, 52MB/68MB, paused 385us total 18.387ms
08-03 18:32:34.927  5575  5575 D AndroidRuntime: >>>>>> START com.android.internal.os.RuntimeInit uid 2000 <<<<<<
08-03 18:32:34.932  5575  5575 D AndroidRuntime: CheckJNI is OFF
08-03 18:32:34.957  4014  4253 I art     : Starting a blocking GC Explicit
08-03 18:32:34.967  5575  5575 D ICU     : No timezone override file found: /data/misc/zoneinfo/current/icu/icu_tzdata.dat
08-03 18:32:34.977  4014  4253 I art     : Explicit concurrent mark sweep GC freed 1340(78KB) AllocSpace objects, 1(20KB) LOS objects, 23% free, 52MB/68MB, paused 498us total 20.337ms
08-03 18:32:34.987  4014  4253 I art     : Starting a blocking GC Explicit
08-03 18:32:35.002  5575  5575 I Radio-JNI: register_android_hardware_Radio DONE
08-03 18:32:35.005  4014  4253 I art     : Explicit concurrent mark sweep GC freed 20(704B) AllocSpace objects, 0(0B) LOS objects, 23% free, 52MB/68MB, paused 414us total 18.337ms
08-03 18:32:35.013  4014  4253 I art     : Starting a blocking GC Explicit
08-03 18:32:35.024  5575  5575 D AndroidRuntime: Calling main entry com.android.commands.input.Input
08-03 18:32:35.025  5575  5575 I Input   : injectKeyEvent: KeyEvent { action=ACTION_DOWN, keyCode=KEYCODE_BACK, scanCode=0, metaState=0, flags=0x0, repeatCount=0, eventTime=642771438, downTime=642771438, deviceId=-1, source=0x101 }
08-03 18:32:35.031  5575  5575 I Input   : injectKeyEvent: KeyEvent { action=ACTION_UP, keyCode=KEYCODE_BACK, scanCode=0, metaState=0, flags=0x0, repeatCount=0, eventTime=642771438, downTime=642771438, deviceId=-1, source=0x101 }
08-03 18:32:35.032  4014  4253 I art     : Explicit concurrent mark sweep GC freed 3(96B) AllocSpace objects, 0(0B) LOS objects, 23% free, 52MB/68MB, paused 389us total 18.238ms
08-03 18:32:35.037  5575  5575 D AndroidRuntime: Shutting down VM
08-03 18:32:35.040  4014  4253 I art     : Starting a blocking GC Explicit
08-03 18:32:35.059  4014  4253 I art     : Explicit concurrent mark sweep GC freed 150(6KB) AllocSpace objects, 0(0B) LOS objects, 23% free, 52MB/68MB, paused 384us total 18.982ms
08-03 18:32:35.067  4014  4253 I art     : Starting a blocking GC Explicit
08-03 18:32:35.082 13866 13866 I GoogleInputMethodServic: GoogleInputMethodService.onFinishInput():3138 
08-03 18:32:35.082 13866 13866 I GoogleInputMethodServic: GoogleInputMethodService.onStartInput():1808 
08-03 18:32:35.085  4014  4253 I art     : Explicit concurrent mark sweep GC freed 5(160B) AllocSpace objects, 0(0B) LOS objects, 23% free, 52MB/68MB, paused 555us total 17.196ms
08-03 18:32:35.346  4014  4252 I art     : Starting a blocking GC Explicit
08-03 18:32:35.370  4014  4252 I art     : Explicit concurrent mark sweep GC freed 1402(80KB) AllocSpace objects, 1(20KB) LOS objects, 23% free, 52MB/68MB, paused 411us total 24.311ms
08-03 18:32:35.380  4014  4252 I art     : Starting a blocking GC Explicit
08-03 18:32:35.397  4014  4252 I art     : Explicit concurrent mark sweep GC freed 549(27KB) AllocSpace objects, 0(0B) LOS objects, 23% free, 52MB/68MB, paused 398us total 17.295ms
08-03 18:32:35.405  4014  4252 I art     : Starting a blocking GC Explicit
08-03 18:32:35.423  4014  4252 I art     : Explicit concurrent mark sweep GC freed 542(24KB) AllocSpace objects, 0(0B) LOS objects, 23% free, 52MB/68MB, paused 398us total 17.390ms
08-03 18:32:35.431  4014  4252 I art     : Starting a blocking GC Explicit
08-03 18:32:35.448  4014  4252 I art     : Explicit concurrent mark sweep GC freed 2083(127KB) AllocSpace objects, 2(140KB) LOS objects, 23% free, 51MB/67MB, paused 377us total 17.245ms
08-03 18:32:35.456  4014  4252 I art     : Starting a blocking GC Explicit
08-03 18:32:35.473  4014  4252 I art     : Explicit concurrent mark sweep GC freed 3(96B) AllocSpace objects, 0(0B) LOS objects, 23% free, 51MB/67MB, paused 386us total 17.061ms
08-03 18:32:35.552   518   646 I ThermalEngine: ACTION: GPU - Setting GPU[0] to 450000000
08-03 18:32:35.587 30381 30381 W Atfwd_Sendcmd: AtCmdFwd service not published, waiting... retryCnt : 4
08-03 18:32:35.767  4014  4027 I art     : Starting a blocking GC Explicit
08-03 18:32:35.796  4014  4027 I art     : Explicit concurrent mark sweep GC freed 1340(78KB) AllocSpace objects, 1(20KB) LOS objects, 23% free, 51MB/67MB, paused 578us total 28.275ms
08-03 18:32:35.810  4014  4027 I art     : Starting a blocking GC Explicit
08-03 18:32:35.834  4014  4027 I art     : Explicit concurrent mark sweep GC freed 20(704B) AllocSpace objects, 0(0B) LOS objects, 23% free, 51MB/67MB, paused 541us total 23.697ms
08-03 18:32:35.844  4014  4027 I art     : Starting a blocking GC Explicit
08-03 18:32:35.868  4014  4027 I art     : Explicit concurrent mark sweep GC freed 3(96B) AllocSpace objects, 0(0B) LOS objects, 23% free, 51MB/67MB, paused 551us total 23.794ms
08-03 18:32:35.879  4014  4027 I art     : Starting a blocking GC Explicit
08-03 18:32:35.903  4014  4027 I art     : Explicit concurrent mark sweep GC freed 3(96B) AllocSpace objects, 0(0B) LOS objects, 23% free, 51MB/67MB, paused 535us total 24.225ms
08-03 18:32:35.914  4014  4027 I art     : Starting a blocking GC Explicit
08-03 18:32:35.938  4014  4027 I art     : Explicit concurrent mark sweep GC freed 3(96B) AllocSpace objects, 0(0B) LOS objects, 23% free, 51MB/67MB, paused 572us total 23.778ms
08-03 18:32:36.246  4014  4253 I art     : Starting a blocking GC Explicit
08-03 18:32:36.278  4014  4253 I art     : Explicit concurrent mark sweep GC freed 1338(78KB) AllocSpace objects, 1(20KB) LOS objects, 23% free, 51MB/67MB, paused 526us total 31.627ms
08-03 18:32:36.289  4014  4253 I art     : Starting a blocking GC Explicit
08-03 18:32:36.312  4014  4253 I art     : Explicit concurrent mark sweep GC freed 20(704B) AllocSpace objects, 0(0B) LOS objects, 23% free, 51MB/67MB, paused 578us total 22.699ms
08-03 18:32:36.322  4014  4253 I art     : Starting a blocking GC Explicit
08-03 18:32:36.345  4014  4253 I art     : Explicit concurrent mark sweep GC freed 3(96B) AllocSpace objects, 0(0B) LOS objects, 23% free, 51MB/67MB, paused 510us total 22.596ms
08-03 18:32:36.355  4014  4253 I art     : Starting a blocking GC Explicit
08-03 18:32:36.378  4014  4253 I art     : Explicit concurrent mark sweep GC freed 3(96B) AllocSpace objects, 0(0B) LOS objects, 23% free, 51MB/67MB, paused 554us total 22.606ms
08-03 18:32:36.388  4014  4253 I art     : Starting a blocking GC Explicit
08-03 18:32:36.411  4014  4253 I art     : Explicit concurrent mark sweep GC freed 3(96B) AllocSpace objects, 0(0B) LOS objects, 23% free, 51MB/67MB, paused 551us total 22.460ms
08-03 18:32:36.694  4014  5613 I art     : Starting a blocking GC Explicit
08-03 18:32:36.718  4014  5613 I art     : Explicit concurrent mark sweep GC freed 1338(78KB) AllocSpace objects, 1(20KB) LOS objects, 23% free, 51MB/67MB, paused 609us total 23.392ms
08-03 18:32:36.728  4014  5613 I art     : Starting a blocking GC Explicit
08-03 18:32:36.751  4014  5613 I art     : Explicit concurrent mark sweep GC freed 20(704B) AllocSpace objects, 0(0B) LOS objects, 23% free, 51MB/67MB, paused 548us total 22.630ms
08-03 18:32:36.762  4014  5613 I art     : Starting a blocking GC Explicit
08-03 18:32:36.785  4014  5613 I art     : Explicit concurrent mark sweep GC freed 3(96B) AllocSpace objects, 0(0B) LOS objects, 23% free, 51MB/67MB, paused 548us total 23.066ms
08-03 18:32:36.795  4014  5613 I art     : Starting a blocking GC Explicit
08-03 18:32:36.810  5634  5634 D AndroidRuntime: >>>>>> START com.android.internal.os.RuntimeInit uid 2000 <<<<<<
08-03 18:32:36.816  5634  5634 D AndroidRuntime: CheckJNI is OFF
08-03 18:32:36.818  4014  5613 I art     : Explicit concurrent mark sweep GC freed 3(96B) AllocSpace objects, 0(0B) LOS objects, 23% free, 51MB/67MB, paused 540us total 22.891ms
08-03 18:32:36.829  4014  5613 I art     : Starting a blocking GC Explicit
08-03 18:32:36.852  4014  5613 I art     : Explicit concurrent mark sweep GC freed 3(96B) AllocSpace objects, 0(0B) LOS objects, 23% free, 51MB/67MB, paused 547us total 22.760ms
08-03 18:32:36.862  5634  5634 D ICU     : No timezone override file found: /data/misc/zoneinfo/current/icu/icu_tzdata.dat
08-03 18:32:36.907  5634  5634 I Radio-JNI: register_android_hardware_Radio DONE
08-03 18:32:36.938  5634  5634 D AndroidRuntime: Calling main entry com.android.commands.input.Input
08-03 18:32:36.942  5634  5634 I Input   : injectMotionEvent: MotionEvent { action=ACTION_DOWN, actionButton=0, id[0]=0, x[0]=337.0, y[0]=1104.0, toolType[0]=TOOL_TYPE_UNKNOWN, buttonState=0, metaState=0, flags=0x0, edgeFlags=0x0, pointerCount=1, historySize=0, eventTime=642773354, downTime=642773354, deviceId=0, source=0x1002 }
08-03 18:32:36.953  5634  5634 I Input   : injectMotionEvent: MotionEvent { action=ACTION_UP, actionButton=0, id[0]=0, x[0]=337.0, y[0]=1104.0, toolType[0]=TOOL_TYPE_UNKNOWN, buttonState=0, metaState=0, flags=0x0, edgeFlags=0x0, pointerCount=1, historySize=0, eventTime=642773354, downTime=642773354, deviceId=0, source=0x1002 }
08-03 18:32:36.956   918  6029 I ActivityManager: START u0 {cmp=baseline.appteam.nith.hillffair/.activities.BattleDayActivity} from uid 10624 on display 0
08-03 18:32:36.968  5634  5634 D AndroidRuntime: Shutting down VM
08-03 18:32:37.048 13866 13866 I GoogleInputMethodServic: GoogleInputMethodService.onFinishInput():3138 
08-03 18:32:37.049 13866 13866 I GoogleInputMethodServic: GoogleInputMethodService.onStartInput():1808 
08-03 18:32:37.074   918   936 I ActivityManager: Displayed baseline.appteam.nith.hillffair/.activities.BattleDayActivity: +105ms
08-03 18:32:37.130  4014  4026 I art     : Starting a blocking GC Explicit
08-03 18:32:37.153  4014  4026 I art     : Explicit concurrent mark sweep GC freed 6361(383KB) AllocSpace objects, 1(20KB) LOS objects, 23% free, 52MB/68MB, paused 556us total 22.861ms
08-03 18:32:37.165  4014  4026 I art     : Starting a blocking GC Explicit
08-03 18:32:37.193  4014  4026 I art     : Explicit concurrent mark sweep GC freed 258(11KB) AllocSpace objects, 0(0B) LOS objects, 23% free, 52MB/68MB, paused 629us total 27.389ms
08-03 18:32:37.206  4014  4026 I art     : Starting a blocking GC Explicit
08-03 18:32:37.233  4014  4026 I art     : Explicit concurrent mark sweep GC freed 3(96B) AllocSpace objects, 0(0B) LOS objects, 23% free, 52MB/68MB, paused 610us total 27.597ms
08-03 18:32:37.245  4014  4026 I art     : Starting a blocking GC Explicit
08-03 18:32:37.272  4014  4026 I art     : Explicit concurrent mark sweep GC freed 3(96B) AllocSpace objects, 0(0B) LOS objects, 23% free, 52MB/68MB, paused 591us total 26.610ms
08-03 18:32:37.285  4014  4026 I art     : Starting a blocking GC Explicit
08-03 18:32:37.310   380   380 W SurfaceFlinger: couldn't log to binary event log: overflow.
08-03 18:32:37.314  4014  4026 I art     : Explicit concurrent mark sweep GC freed 3(96B) AllocSpace objects, 0(0B) LOS objects, 23% free, 52MB/68MB, paused 821us total 29.315ms
08-03 18:32:37.532  4014  5660 D OkHttp  : --> GET https://api-hillfair-2k16.herokuapp.com/api/app/events/special http/1.1
08-03 18:32:37.567  4014  5660 D OkHttp  : <-- 200 OK https://api-hillfair-2k16.herokuapp.com/api/app/events/special (34ms, 554-byte body)
08-03 18:32:37.602  4014  4027 I art     : Starting a blocking GC Explicit
08-03 18:32:37.626  4014  4027 I art     : Explicit concurrent mark sweep GC freed 4271(251KB) AllocSpace objects, 4(220KB) LOS objects, 23% free, 52MB/68MB, paused 539us total 23.938ms
08-03 18:32:37.629  4014  4014 I NAPPA_EXPERIMENTATION: MetricNetworkRequestExecutionTime: REQUEST_DURATION_SYSTEM='629',REQUEST_DURATION_OKHTTP='35',REQUEST_SYNCHRONOUS='FALSE',RESPONSE_CODE='200',RESPONSE_METHOD='GET',RESPONSE_LENGTH_OKHTTP='554',RESPONSE_LENGTH_HEADER='554',REQUEST_PROTOCOL='http/1.1',REQUEST_URL='https://api-hillfair-2k16.herokuapp.com/api/app/events/special',
08-03 18:32:37.638  4014  4027 I art     : Starting a blocking GC Explicit
08-03 18:32:37.660  4014  4027 I art     : Explicit concurrent mark sweep GC freed 1595(177KB) AllocSpace objects, 0(0B) LOS objects, 23% free, 52MB/68MB, paused 828us total 21.836ms
08-03 18:32:37.670  4014  4027 I art     : Starting a blocking GC Explicit
08-03 18:32:37.692  4014  4027 I art     : Explicit concurrent mark sweep GC freed 246(8KB) AllocSpace objects, 0(0B) LOS objects, 23% free, 52MB/68MB, paused 518us total 22.107ms
08-03 18:32:37.702  4014  4027 I art     : Starting a blocking GC Explicit
08-03 18:32:37.723  4014  4027 I art     : Explicit concurrent mark sweep GC freed 13(624B) AllocSpace objects, 0(0B) LOS objects, 23% free, 52MB/68MB, paused 544us total 20.840ms
08-03 18:32:37.733  4014  4027 I art     : Starting a blocking GC Explicit
08-03 18:32:37.755  4014  4027 I art     : Explicit concurrent mark sweep GC freed 3(96B) AllocSpace objects, 0(0B) LOS objects, 23% free, 52MB/68MB, paused 530us total 22.127ms
08-03 18:32:38.037  4014  4253 I art     : Starting a blocking GC Explicit
08-03 18:32:38.069  4014  4253 I art     : Explicit concurrent mark sweep GC freed 1340(78KB) AllocSpace objects, 1(20KB) LOS objects, 23% free, 52MB/68MB, paused 790us total 31.589ms
08-03 18:32:38.082  4014  4253 I art     : Starting a blocking GC Explicit
08-03 18:32:38.106  4014  4253 I art     : Explicit concurrent mark sweep GC freed 20(704B) AllocSpace objects, 0(0B) LOS objects, 23% free, 52MB/68MB, paused 518us total 23.756ms
08-03 18:32:38.117  4014  4253 I art     : Starting a blocking GC Explicit
08-03 18:32:38.142  4014  4253 I art     : Explicit concurrent mark sweep GC freed 3(96B) AllocSpace objects, 0(0B) LOS objects, 23% free, 52MB/68MB, paused 566us total 24.917ms
08-03 18:32:38.153  4014  4253 I art     : Starting a blocking GC Explicit
08-03 18:32:38.178  4014  4253 I art     : Explicit concurrent mark sweep GC freed 3(96B) AllocSpace objects, 0(0B) LOS objects, 23% free, 52MB/68MB, paused 565us total 25.019ms
08-03 18:32:38.189  4014  4253 I art     : Starting a blocking GC Explicit
08-03 18:32:38.214  4014  4253 I art     : Explicit concurrent mark sweep GC freed 3(96B) AllocSpace objects, 0(0B) LOS objects, 23% free, 52MB/68MB, paused 534us total 24.226ms
08-03 18:32:38.514  4014  5613 I art     : Starting a blocking GC Explicit
08-03 18:32:38.549  4014  5613 I art     : Explicit concurrent mark sweep GC freed 1340(78KB) AllocSpace objects, 1(20KB) LOS objects, 23% free, 52MB/68MB, paused 628us total 34.167ms
08-03 18:32:38.563  4014  5613 I art     : Starting a blocking GC Explicit
08-03 18:32:38.588  4014  5613 I art     : Explicit concurrent mark sweep GC freed 20(704B) AllocSpace objects, 0(0B) LOS objects, 23% free, 52MB/68MB, paused 575us total 25.265ms
08-03 18:32:38.599  4014  5613 I art     : Starting a blocking GC Explicit
08-03 18:32:38.627  4014  5613 I art     : Explicit concurrent mark sweep GC freed 3(96B) AllocSpace objects, 0(0B) LOS objects, 23% free, 52MB/68MB, paused 654us total 27.188ms
08-03 18:32:38.638  4014  5613 I art     : Starting a blocking GC Explicit
08-03 18:32:38.665  4014  5613 I art     : Explicit concurrent mark sweep GC freed 3(96B) AllocSpace objects, 0(0B) LOS objects, 23% free, 52MB/68MB, paused 572us total 26.348ms
08-03 18:32:38.676  4014  5613 I art     : Starting a blocking GC Explicit
08-03 18:32:38.702  4014  5613 I art     : Explicit concurrent mark sweep GC freed 3(96B) AllocSpace objects, 0(0B) LOS objects, 23% free, 52MB/68MB, paused 545us total 25.767ms
08-03 18:32:39.034  4014  4026 I art     : Starting a blocking GC Explicit
08-03 18:32:39.067  4014  4026 I art     : Explicit concurrent mark sweep GC freed 1340(78KB) AllocSpace objects, 1(20KB) LOS objects, 23% free, 52MB/68MB, paused 593us total 31.963ms
08-03 18:32:39.080  4014  4026 I art     : Starting a blocking GC Explicit
08-03 18:32:39.105  4014  4026 I art     : Explicit concurrent mark sweep GC freed 20(704B) AllocSpace objects, 0(0B) LOS objects, 23% free, 52MB/68MB, paused 567us total 25.325ms
08-03 18:32:39.116  4014  4026 I art     : Starting a blocking GC Explicit
08-03 18:32:39.144  4014  4026 I art     : Explicit concurrent mark sweep GC freed 3(96B) AllocSpace objects, 0(0B) LOS objects, 23% free, 52MB/68MB, paused 579us total 27.469ms
08-03 18:32:39.155  4014  4026 I art     : Starting a blocking GC Explicit
08-03 18:32:39.181  4014  4026 I art     : Explicit concurrent mark sweep GC freed 3(96B) AllocSpace objects, 0(0B) LOS objects, 23% free, 52MB/68MB, paused 542us total 25.434ms
08-03 18:32:39.192  4014  4026 I art     : Starting a blocking GC Explicit
08-03 18:32:39.220  4014  4026 I art     : Explicit concurrent mark sweep GC freed 3(96B) AllocSpace objects, 0(0B) LOS objects, 23% free, 52MB/68MB, paused 534us total 27.681ms
08-03 18:32:39.543  4014  4252 I art     : Starting a blocking GC Explicit
08-03 18:32:39.574  4014  4252 I art     : Explicit concurrent mark sweep GC freed 1340(78KB) AllocSpace objects, 1(20KB) LOS objects, 23% free, 52MB/68MB, paused 578us total 30.210ms
08-03 18:32:39.587  4014  4252 I art     : Starting a blocking GC Explicit
08-03 18:32:39.615  4014  4252 I art     : Explicit concurrent mark sweep GC freed 20(704B) AllocSpace objects, 0(0B) LOS objects, 23% free, 52MB/68MB, paused 572us total 27.615ms
08-03 18:32:39.626  4014  4252 I art     : Starting a blocking GC Explicit
08-03 18:32:39.654  4014  4252 I art     : Explicit concurrent mark sweep GC freed 3(96B) AllocSpace objects, 0(0B) LOS objects, 23% free, 52MB/68MB, paused 562us total 27.698ms
08-03 18:32:39.666  4014  4252 I art     : Starting a blocking GC Explicit
08-03 18:32:39.693  4014  4252 I art     : Explicit concurrent mark sweep GC freed 3(96B) AllocSpace objects, 0(0B) LOS objects, 23% free, 52MB/68MB, paused 539us total 27.080ms
08-03 18:32:39.704  4014  4252 I art     : Starting a blocking GC Explicit
08-03 18:32:39.731  4014  4252 I art     : Explicit concurrent mark sweep GC freed 3(96B) AllocSpace objects, 0(0B) LOS objects, 23% free, 52MB/68MB, paused 564us total 26.356ms
08-03 18:32:40.074  4014  4027 I art     : Starting a blocking GC Explicit
08-03 18:32:40.104  4014  4027 I art     : Explicit concurrent mark sweep GC freed 1340(78KB) AllocSpace objects, 1(20KB) LOS objects, 23% free, 52MB/68MB, paused 580us total 29.766ms
08-03 18:32:40.116  4014  4027 I art     : Starting a blocking GC Explicit
08-03 18:32:40.142  4014  4027 I art     : Explicit concurrent mark sweep GC freed 20(704B) AllocSpace objects, 0(0B) LOS objects, 23% free, 52MB/68MB, paused 543us total 25.184ms
08-03 18:32:40.153  4014  4027 I art     : Starting a blocking GC Explicit
08-03 18:32:40.179  4014  4027 I art     : Explicit concurrent mark sweep GC freed 3(96B) AllocSpace objects, 0(0B) LOS objects, 23% free, 52MB/68MB, paused 570us total 26.203ms
08-03 18:32:40.190  4014  4027 I art     : Starting a blocking GC Explicit
08-03 18:32:40.218  4014  4027 I art     : Explicit concurrent mark sweep GC freed 3(96B) AllocSpace objects, 0(0B) LOS objects, 23% free, 52MB/68MB, paused 595us total 27.404ms
08-03 18:32:40.229  4014  4027 I art     : Starting a blocking GC Explicit
08-03 18:32:40.257  4014  4027 I art     : Explicit concurrent mark sweep GC freed 3(96B) AllocSpace objects, 0(0B) LOS objects, 23% free, 52MB/68MB, paused 641us total 27.399ms
08-03 18:32:40.605  4014  4253 I art     : Starting a blocking GC Explicit
08-03 18:32:40.635  4014  4253 I art     : Explicit concurrent mark sweep GC freed 1340(78KB) AllocSpace objects, 1(20KB) LOS objects, 23% free, 52MB/68MB, paused 587us total 29.933ms
08-03 18:32:40.649  4014  4253 I art     : Starting a blocking GC Explicit
08-03 18:32:40.675  4014  4253 I art     : Explicit concurrent mark sweep GC freed 20(704B) AllocSpace objects, 0(0B) LOS objects, 23% free, 52MB/68MB, paused 548us total 26.538ms
08-03 18:32:40.687  4014  4253 I art     : Starting a blocking GC Explicit
08-03 18:32:40.713  4014  4253 I art     : Explicit concurrent mark sweep GC freed 3(96B) AllocSpace objects, 0(0B) LOS objects, 23% free, 52MB/68MB, paused 554us total 26.270ms
08-03 18:32:40.724  4014  4253 I art     : Starting a blocking GC Explicit
08-03 18:32:40.752  4014  4253 I art     : Explicit concurrent mark sweep GC freed 3(96B) AllocSpace objects, 0(0B) LOS objects, 23% free, 52MB/68MB, paused 561us total 27.273ms
08-03 18:32:40.763  4014  4253 I art     : Starting a blocking GC Explicit
08-03 18:32:40.791  4014  4253 I art     : Explicit concurrent mark sweep GC freed 3(96B) AllocSpace objects, 0(0B) LOS objects, 23% free, 52MB/68MB, paused 568us total 26.954ms
08-03 18:32:41.128  4014  5613 I art     : Starting a blocking GC Explicit
08-03 18:32:41.162  4014  5613 I art     : Explicit concurrent mark sweep GC freed 1340(78KB) AllocSpace objects, 1(20KB) LOS objects, 23% free, 52MB/68MB, paused 611us total 33.704ms
08-03 18:32:41.178  4014  5613 I art     : Starting a blocking GC Explicit
08-03 18:32:41.203  4014  5613 I art     : Explicit concurrent mark sweep GC freed 20(704B) AllocSpace objects, 0(0B) LOS objects, 23% free, 52MB/68MB, paused 536us total 24.628ms
08-03 18:32:41.214  4014  5613 I art     : Starting a blocking GC Explicit
08-03 18:32:41.239  4014  5613 I art     : Explicit concurrent mark sweep GC freed 3(96B) AllocSpace objects, 0(0B) LOS objects, 23% free, 52MB/68MB, paused 546us total 24.741ms
08-03 18:32:41.250  4014  5613 I art     : Starting a blocking GC Explicit
08-03 18:32:41.274  4014  5613 I art     : Explicit concurrent mark sweep GC freed 3(96B) AllocSpace objects, 0(0B) LOS objects, 23% free, 52MB/68MB, paused 574us total 23.524ms
08-03 18:32:41.285  4014  5613 I art     : Starting a blocking GC Explicit
08-03 18:32:41.309  4014  5613 I art     : Explicit concurrent mark sweep GC freed 3(96B) AllocSpace objects, 0(0B) LOS objects, 23% free, 52MB/68MB, paused 548us total 23.888ms
08-03 18:32:41.562   518   646 I ThermalEngine: ACTION: GPU - Setting GPU[0] to 510000000
08-03 18:32:41.620  4014  4026 I art     : Starting a blocking GC Explicit
08-03 18:32:41.645  4014  4026 I art     : Explicit concurrent mark sweep GC freed 1340(78KB) AllocSpace objects, 1(20KB) LOS objects, 23% free, 52MB/68MB, paused 478us total 24.771ms
08-03 18:32:41.658  4014  4026 I art     : Starting a blocking GC Explicit
08-03 18:32:41.680  4014  4026 I art     : Explicit concurrent mark sweep GC freed 20(704B) AllocSpace objects, 0(0B) LOS objects, 23% free, 52MB/68MB, paused 457us total 21.050ms
08-03 18:32:41.688  4014  4026 I art     : Starting a blocking GC Explicit
08-03 18:32:41.706  4014  4026 I art     : Explicit concurrent mark sweep GC freed 3(96B) AllocSpace objects, 0(0B) LOS objects, 23% free, 52MB/68MB, paused 413us total 18.264ms
08-03 18:32:41.714  4014  4026 I art     : Starting a blocking GC Explicit
08-03 18:32:41.728  5752  5752 D AndroidRuntime: >>>>>> START com.android.internal.os.RuntimeInit uid 2000 <<<<<<
08-03 18:32:41.731  4014  4026 I art     : Explicit concurrent mark sweep GC freed 3(96B) AllocSpace objects, 0(0B) LOS objects, 23% free, 52MB/68MB, paused 409us total 17.523ms
08-03 18:32:41.733  5752  5752 D AndroidRuntime: CheckJNI is OFF
08-03 18:32:41.739  4014  4026 I art     : Starting a blocking GC Explicit
08-03 18:32:41.758  4014  4026 I art     : Explicit concurrent mark sweep GC freed 3(96B) AllocSpace objects, 0(0B) LOS objects, 23% free, 52MB/68MB, paused 422us total 18.463ms
08-03 18:32:41.767  5752  5752 D ICU     : No timezone override file found: /data/misc/zoneinfo/current/icu/icu_tzdata.dat
08-03 18:32:41.799  5752  5752 I Radio-JNI: register_android_hardware_Radio DONE
08-03 18:32:41.821  5752  5752 D AndroidRuntime: Calling main entry com.android.commands.input.Input
08-03 18:32:41.823  5752  5752 I Input   : injectMotionEvent: MotionEvent { action=ACTION_DOWN, actionButton=0, id[0]=0, x[0]=733.0, y[0]=645.0, toolType[0]=TOOL_TYPE_UNKNOWN, buttonState=0, metaState=0, flags=0x0, edgeFlags=0x0, pointerCount=1, historySize=0, eventTime=642778236, downTime=642778236, deviceId=0, source=0x1002 }
08-03 18:32:41.829  5752  5752 I Input   : injectMotionEvent: MotionEvent { action=ACTION_UP, actionButton=0, id[0]=0, x[0]=733.0, y[0]=645.0, toolType[0]=TOOL_TYPE_UNKNOWN, buttonState=0, metaState=0, flags=0x0, edgeFlags=0x0, pointerCount=1, historySize=0, eventTime=642778236, downTime=642778236, deviceId=0, source=0x1002 }
08-03 18:32:41.830   918  5132 I ActivityManager: START u0 {cmp=baseline.appteam.nith.hillffair/.activities.ClubActivity (has extras)} from uid 10624 on display 0
08-03 18:32:41.836  5752  5752 D AndroidRuntime: Shutting down VM
08-03 18:32:41.943   918   936 I ActivityManager: Displayed baseline.appteam.nith.hillffair/.activities.ClubActivity: +107ms
08-03 18:32:41.946 13866 13866 I GoogleInputMethodServic: GoogleInputMethodService.onFinishInput():3138 
08-03 18:32:41.947 13866 13866 I GoogleInputMethodServic: GoogleInputMethodService.onStartInput():1808 
08-03 18:32:42.004  4014  4027 I art     : Starting a blocking GC Explicit
08-03 18:32:42.024  4014  4027 I art     : Explicit concurrent mark sweep GC freed 5309(332KB) AllocSpace objects, 1(20KB) LOS objects, 23% free, 52MB/68MB, paused 438us total 20.258ms
08-03 18:32:42.034  4014  4027 I art     : Starting a blocking GC Explicit
08-03 18:32:42.054  4014  4027 I art     : Explicit concurrent mark sweep GC freed 214(10KB) AllocSpace objects, 0(0B) LOS objects, 23% free, 52MB/68MB, paused 492us total 19.764ms
08-03 18:32:42.062  4014  4027 I art     : Starting a blocking GC Explicit
08-03 18:32:42.082  4014  4027 I art     : Explicit concurrent mark sweep GC freed 3(96B) AllocSpace objects, 0(0B) LOS objects, 23% free, 52MB/68MB, paused 450us total 19.701ms
08-03 18:32:42.090  4014  4027 I art     : Starting a blocking GC Explicit
08-03 18:32:42.110  4014  4027 I art     : Explicit concurrent mark sweep GC freed 3(96B) AllocSpace objects, 0(0B) LOS objects, 23% free, 52MB/68MB, paused 436us total 19.218ms
08-03 18:32:42.119  4014  4027 I art     : Starting a blocking GC Explicit
08-03 18:32:42.143  4014  4027 I art     : Explicit concurrent mark sweep GC freed 3(96B) AllocSpace objects, 0(0B) LOS objects, 23% free, 52MB/68MB, paused 647us total 22.992ms
08-03 18:32:42.197   380   380 W SurfaceFlinger: couldn't log to binary event log: overflow.
08-03 18:32:42.344  4014  5775 D OkHttp  : --> GET https://api-hillfair-2k16.herokuapp.com/api/app/events/special/event?id=5806551bdcba0f490c70fd1f http/1.1
08-03 18:32:42.383  4014  5775 D OkHttp  : <-- 200 OK https://api-hillfair-2k16.herokuapp.com/api/app/events/special/event?id=5806551bdcba0f490c70fd1f (38ms, 795-byte body)
08-03 18:32:42.430  4014  4252 I art     : Starting a blocking GC Explicit
08-03 18:32:42.433  4014  4014 I NAPPA_EXPERIMENTATION: MetricNetworkRequestExecutionTime: REQUEST_DURATION_SYSTEM='571',REQUEST_DURATION_OKHTTP='38',REQUEST_SYNCHRONOUS='FALSE',RESPONSE_CODE='200',RESPONSE_METHOD='GET',RESPONSE_LENGTH_OKHTTP='795',RESPONSE_LENGTH_HEADER='795',REQUEST_PROTOCOL='http/1.1',REQUEST_URL='https://api-hillfair-2k16.herokuapp.com/api/app/events/special/event?id=5806551bdcba0f490c70fd1f',
08-03 18:32:42.452  4014  4252 I art     : Explicit concurrent mark sweep GC freed 4837(315KB) AllocSpace objects, 4(220KB) LOS objects, 23% free, 52MB/68MB, paused 580us total 22.280ms
08-03 18:32:42.461  4014  4252 I art     : Starting a blocking GC Explicit
08-03 18:32:42.482  4014  4252 I art     : Explicit concurrent mark sweep GC freed 1047(119KB) AllocSpace objects, 0(0B) LOS objects, 23% free, 52MB/68MB, paused 523us total 20.819ms
08-03 18:32:42.495  4014  4252 I art     : Starting a blocking GC Explicit
08-03 18:32:42.515  4014  4252 I art     : Explicit concurrent mark sweep GC freed 3(96B) AllocSpace objects, 0(0B) LOS objects, 23% free, 52MB/68MB, paused 514us total 19.611ms
08-03 18:32:42.524  4014  4252 I art     : Starting a blocking GC Explicit
08-03 18:32:42.544  4014  4252 I art     : Explicit concurrent mark sweep GC freed 3(96B) AllocSpace objects, 0(0B) LOS objects, 23% free, 52MB/68MB, paused 445us total 20.186ms
08-03 18:32:42.553  4014  4252 I art     : Starting a blocking GC Explicit
08-03 18:32:42.574  4014  4252 I art     : Explicit concurrent mark sweep GC freed 3(96B) AllocSpace objects, 0(0B) LOS objects, 23% free, 52MB/68MB, paused 495us total 20.459ms
08-03 18:32:42.856  4014  5613 I art     : Starting a blocking GC Explicit
08-03 18:32:42.879  4014  5613 I art     : Explicit concurrent mark sweep GC freed 1341(78KB) AllocSpace objects, 1(20KB) LOS objects, 23% free, 52MB/68MB, paused 451us total 22.277ms
08-03 18:32:42.890  4014  5613 I art     : Starting a blocking GC Explicit
08-03 18:32:42.911  4014  5613 I art     : Explicit concurrent mark sweep GC freed 36(1264B) AllocSpace objects, 0(0B) LOS objects, 23% free, 52MB/68MB, paused 429us total 20.134ms
08-03 18:32:42.919  4014  5613 I art     : Starting a blocking GC Explicit
08-03 18:32:42.939  4014  5613 I art     : Explicit concurrent mark sweep GC freed 3(96B) AllocSpace objects, 0(0B) LOS objects, 23% free, 52MB/68MB, paused 445us total 19.979ms
08-03 18:32:42.948  4014  5613 I art     : Starting a blocking GC Explicit
08-03 18:32:42.969  4014  5613 I art     : Explicit concurrent mark sweep GC freed 3(96B) AllocSpace objects, 0(0B) LOS objects, 23% free, 52MB/68MB, paused 445us total 20.585ms
08-03 18:32:42.977  4014  5613 I art     : Starting a blocking GC Explicit
08-03 18:32:42.998  4014  5613 I art     : Explicit concurrent mark sweep GC freed 3(96B) AllocSpace objects, 0(0B) LOS objects, 23% free, 52MB/68MB, paused 432us total 20.920ms
08-03 18:32:43.262   918  3188 I hubconnection: sensorhub said: 'set_bias 3: -5.6160, 0.0000, 0.0000'
08-03 18:32:43.289  4014  4253 I art     : Starting a blocking GC Explicit
08-03 18:32:43.316  4014  4253 I art     : Explicit concurrent mark sweep GC freed 1341(78KB) AllocSpace objects, 1(20KB) LOS objects, 23% free, 52MB/68MB, paused 486us total 26.615ms
08-03 18:32:43.326  4014  4253 I art     : Starting a blocking GC Explicit
08-03 18:32:43.348  4014  4253 I art     : Explicit concurrent mark sweep GC freed 20(704B) AllocSpace objects, 0(0B) LOS objects, 23% free, 52MB/68MB, paused 451us total 21.565ms
08-03 18:32:43.357  4014  4253 I art     : Starting a blocking GC Explicit
08-03 18:32:43.378  4014  4253 I art     : Explicit concurrent mark sweep GC freed 3(96B) AllocSpace objects, 0(0B) LOS objects, 23% free, 52MB/68MB, paused 497us total 20.969ms
08-03 18:32:43.387  4014  4253 I art     : Starting a blocking GC Explicit
08-03 18:32:43.408  4014  4253 I art     : Explicit concurrent mark sweep GC freed 3(96B) AllocSpace objects, 0(0B) LOS objects, 23% free, 52MB/68MB, paused 453us total 21.058ms
08-03 18:32:43.417  4014  4253 I art     : Starting a blocking GC Explicit
08-03 18:32:43.438  4014  4253 I art     : Explicit concurrent mark sweep GC freed 3(96B) AllocSpace objects, 0(0B) LOS objects, 23% free, 52MB/68MB, paused 447us total 21.196ms
08-03 18:32:43.566   518   646 I ThermalEngine: ACTION: GPU - Setting GPU[0] to 450000000
08-03 18:32:43.754  4014  4026 I art     : Starting a blocking GC Explicit
08-03 18:32:43.782  4014  4026 I art     : Explicit concurrent mark sweep GC freed 1341(78KB) AllocSpace objects, 1(20KB) LOS objects, 23% free, 52MB/68MB, paused 665us total 28.113ms
08-03 18:32:43.793  4014  4026 I art     : Starting a blocking GC Explicit
08-03 18:32:43.822  4014  4026 I art     : Explicit concurrent mark sweep GC freed 20(704B) AllocSpace objects, 0(0B) LOS objects, 23% free, 52MB/68MB, paused 597us total 28.712ms
08-03 18:32:43.834  4014  4026 I art     : Starting a blocking GC Explicit
08-03 18:32:43.862  4014  4026 I art     : Explicit concurrent mark sweep GC freed 3(96B) AllocSpace objects, 0(0B) LOS objects, 23% free, 52MB/68MB, paused 596us total 28.514ms
08-03 18:32:43.874  4014  4026 I art     : Starting a blocking GC Explicit
08-03 18:32:43.903  4014  4026 I art     : Explicit concurrent mark sweep GC freed 3(96B) AllocSpace objects, 0(0B) LOS objects, 23% free, 52MB/68MB, paused 610us total 28.641ms
08-03 18:32:43.914  4014  4026 I art     : Starting a blocking GC Explicit
08-03 18:32:43.944  4014  4026 I art     : Explicit concurrent mark sweep GC freed 3(96B) AllocSpace objects, 0(0B) LOS objects, 23% free, 52MB/68MB, paused 614us total 29.267ms
08-03 18:32:44.285  4014  4027 I art     : Starting a blocking GC Explicit
08-03 18:32:44.313  4014  4027 I art     : Explicit concurrent mark sweep GC freed 1341(78KB) AllocSpace objects, 1(20KB) LOS objects, 23% free, 52MB/68MB, paused 588us total 28.085ms
08-03 18:32:44.324  4014  4027 I art     : Starting a blocking GC Explicit
08-03 18:32:44.354  4014  4027 I art     : Explicit concurrent mark sweep GC freed 20(704B) AllocSpace objects, 0(0B) LOS objects, 23% free, 52MB/68MB, paused 608us total 29.378ms
08-03 18:32:44.365  4014  4027 I art     : Starting a blocking GC Explicit
08-03 18:32:44.394  4014  4027 I art     : Explicit concurrent mark sweep GC freed 3(96B) AllocSpace objects, 0(0B) LOS objects, 23% free, 52MB/68MB, paused 610us total 28.676ms
08-03 18:32:44.406  4014  4027 I art     : Starting a blocking GC Explicit
08-03 18:32:44.434  4014  4027 I art     : Explicit concurrent mark sweep GC freed 3(96B) AllocSpace objects, 0(0B) LOS objects, 23% free, 52MB/68MB, paused 586us total 28.124ms
08-03 18:32:44.445  4014  4027 I art     : Starting a blocking GC Explicit
08-03 18:32:44.475  4014  4027 I art     : Explicit concurrent mark sweep GC freed 3(96B) AllocSpace objects, 0(0B) LOS objects, 23% free, 52MB/68MB, paused 562us total 29.100ms
08-03 18:32:44.805  4014  4252 I art     : Starting a blocking GC Explicit
08-03 18:32:44.837  4014  4252 I art     : Explicit concurrent mark sweep GC freed 1341(78KB) AllocSpace objects, 1(20KB) LOS objects, 23% free, 52MB/68MB, paused 589us total 31.544ms
08-03 18:32:44.850  4014  4252 I art     : Starting a blocking GC Explicit
08-03 18:32:44.880  4014  4252 I art     : Explicit concurrent mark sweep GC freed 20(704B) AllocSpace objects, 0(0B) LOS objects, 23% free, 52MB/68MB, paused 614us total 29.269ms
08-03 18:32:44.891  4014  4252 I art     : Starting a blocking GC Explicit
08-03 18:32:44.920  4014  4252 I art     : Explicit concurrent mark sweep GC freed 3(96B) AllocSpace objects, 0(0B) LOS objects, 23% free, 52MB/68MB, paused 596us total 28.419ms
08-03 18:32:44.931  4014  4252 I art     : Starting a blocking GC Explicit
08-03 18:32:44.961  4014  4252 I art     : Explicit concurrent mark sweep GC freed 3(96B) AllocSpace objects, 0(0B) LOS objects, 23% free, 52MB/68MB, paused 595us total 29.192ms
08-03 18:32:44.972  4014  4252 I art     : Starting a blocking GC Explicit
08-03 18:32:45.000  4014  4252 I art     : Explicit concurrent mark sweep GC freed 3(96B) AllocSpace objects, 0(0B) LOS objects, 23% free, 52MB/68MB, paused 587us total 27.920ms
08-03 18:32:45.343  4014  5613 I art     : Starting a blocking GC Explicit
08-03 18:32:45.377  4014  5613 I art     : Explicit concurrent mark sweep GC freed 1341(78KB) AllocSpace objects, 1(20KB) LOS objects, 23% free, 52MB/68MB, paused 703us total 34.068ms
08-03 18:32:45.391  4014  5613 I art     : Starting a blocking GC Explicit
08-03 18:32:45.420  4014  5613 I art     : Explicit concurrent mark sweep GC freed 20(704B) AllocSpace objects, 0(0B) LOS objects, 23% free, 52MB/68MB, paused 617us total 28.864ms
08-03 18:32:45.431  4014  5613 I art     : Starting a blocking GC Explicit
08-03 18:32:45.461  4014  5613 I art     : Explicit concurrent mark sweep GC freed 3(96B) AllocSpace objects, 0(0B) LOS objects, 23% free, 52MB/68MB, paused 606us total 29.176ms
08-03 18:32:45.472  4014  5613 I art     : Starting a blocking GC Explicit
08-03 18:32:45.500  4014  5613 I art     : Explicit concurrent mark sweep GC freed 3(96B) AllocSpace objects, 0(0B) LOS objects, 23% free, 52MB/68MB, paused 604us total 27.586ms
08-03 18:32:45.512  4014  5613 I art     : Starting a blocking GC Explicit
08-03 18:32:45.541  4014  5613 I art     : Explicit concurrent mark sweep GC freed 3(96B) AllocSpace objects, 0(0B) LOS objects, 23% free, 52MB/68MB, paused 608us total 29.115ms
08-03 18:32:45.855  4014  4253 I art     : Starting a blocking GC Explicit
08-03 18:32:45.894  4014  4253 I art     : Explicit concurrent mark sweep GC freed 1341(78KB) AllocSpace objects, 1(20KB) LOS objects, 23% free, 52MB/68MB, paused 627us total 38.764ms
08-03 18:32:45.911  4014  4253 I art     : Starting a blocking GC Explicit
08-03 18:32:45.941  4014  4253 I art     : Explicit concurrent mark sweep GC freed 20(704B) AllocSpace objects, 0(0B) LOS objects, 23% free, 52MB/68MB, paused 616us total 29.408ms
08-03 18:32:45.952  4014  4253 I art     : Starting a blocking GC Explicit
08-03 18:32:45.982  4014  4253 I art     : Explicit concurrent mark sweep GC freed 3(96B) AllocSpace objects, 0(0B) LOS objects, 23% free, 52MB/68MB, paused 606us total 29.244ms
08-03 18:32:45.993  4014  4253 I art     : Starting a blocking GC Explicit
08-03 18:32:46.022  4014  4253 I art     : Explicit concurrent mark sweep GC freed 3(96B) AllocSpace objects, 0(0B) LOS objects, 23% free, 52MB/68MB, paused 609us total 28.734ms
08-03 18:32:46.034  4014  4253 I art     : Starting a blocking GC Explicit
08-03 18:32:46.063  4014  4253 I art     : Explicit concurrent mark sweep GC freed 3(96B) AllocSpace objects, 0(0B) LOS objects, 23% free, 52MB/68MB, paused 588us total 29.116ms
08-03 18:32:46.354  4014  4026 I art     : Starting a blocking GC Explicit
08-03 18:32:46.386  4014  4026 I art     : Explicit concurrent mark sweep GC freed 1341(78KB) AllocSpace objects, 1(20KB) LOS objects, 23% free, 52MB/68MB, paused 660us total 30.945ms
08-03 18:32:46.400  4014  4026 I art     : Starting a blocking GC Explicit
08-03 18:32:46.428  4014  4026 I art     : Explicit concurrent mark sweep GC freed 20(704B) AllocSpace objects, 0(0B) LOS objects, 23% free, 52MB/68MB, paused 607us total 27.388ms
08-03 18:32:46.439  4014  4026 I art     : Starting a blocking GC Explicit
08-03 18:32:46.467  4014  4026 I art     : Explicit concurrent mark sweep GC freed 3(96B) AllocSpace objects, 0(0B) LOS objects, 23% free, 52MB/68MB, paused 717us total 27.747ms
08-03 18:32:46.479  4014  4026 I art     : Starting a blocking GC Explicit
08-03 18:32:46.507  4014  4026 I art     : Explicit concurrent mark sweep GC freed 3(96B) AllocSpace objects, 0(0B) LOS objects, 23% free, 52MB/68MB, paused 610us total 27.776ms
08-03 18:32:46.518  4014  4026 I art     : Starting a blocking GC Explicit
08-03 18:32:46.545  4014  4026 I art     : Explicit concurrent mark sweep GC freed 3(96B) AllocSpace objects, 0(0B) LOS objects, 23% free, 52MB/68MB, paused 607us total 26.540ms
08-03 18:32:46.572   518   646 I ThermalEngine: ACTION: GPU - Setting GPU[0] to 510000000
08-03 18:32:46.647  5867  5867 D AndroidRuntime: >>>>>> START com.android.internal.os.RuntimeInit uid 2000 <<<<<<
08-03 18:32:46.654  5867  5867 D AndroidRuntime: CheckJNI is OFF
08-03 18:32:46.692  5867  5867 D ICU     : No timezone override file found: /data/misc/zoneinfo/current/icu/icu_tzdata.dat
08-03 18:32:46.723  5867  5867 I Radio-JNI: register_android_hardware_Radio DONE
08-03 18:32:46.743  5867  5867 D AndroidRuntime: Calling main entry com.android.commands.input.Input
08-03 18:32:46.744  5867  5867 I Input   : injectKeyEvent: KeyEvent { action=ACTION_DOWN, keyCode=KEYCODE_BACK, scanCode=0, metaState=0, flags=0x0, repeatCount=0, eventTime=642783157, downTime=642783157, deviceId=-1, source=0x101 }
08-03 18:32:46.750  5867  5867 I Input   : injectKeyEvent: KeyEvent { action=ACTION_UP, keyCode=KEYCODE_BACK, scanCode=0, metaState=0, flags=0x0, repeatCount=0, eventTime=642783157, downTime=642783157, deviceId=-1, source=0x101 }
08-03 18:32:46.755  5867  5867 D AndroidRuntime: Shutting down VM
08-03 18:32:46.789 13866 13866 I GoogleInputMethodServic: GoogleInputMethodService.onFinishInput():3138 
08-03 18:32:46.790 13866 13866 I GoogleInputMethodServic: GoogleInputMethodService.onStartInput():1808 
08-03 18:32:46.822  4014  4253 I art     : Starting a blocking GC Explicit
08-03 18:32:46.841  4014  4253 I art     : Explicit concurrent mark sweep GC freed 1510(85KB) AllocSpace objects, 1(20KB) LOS objects, 23% free, 52MB/68MB, paused 404us total 19.249ms
08-03 18:32:46.849  4014  4253 I art     : Starting a blocking GC Explicit
08-03 18:32:46.867  4014  4253 I art     : Explicit concurrent mark sweep GC freed 26(944B) AllocSpace objects, 0(0B) LOS objects, 23% free, 52MB/68MB, paused 443us total 17.984ms
08-03 18:32:46.875  4014  4253 I art     : Starting a blocking GC Explicit
08-03 18:32:46.897  4014  4253 I art     : Explicit concurrent mark sweep GC freed 3(96B) AllocSpace objects, 0(0B) LOS objects, 23% free, 52MB/68MB, paused 447us total 21.350ms
08-03 18:32:46.905  4014  4253 I art     : Starting a blocking GC Explicit
08-03 18:32:46.928  4014  4253 I art     : Explicit concurrent mark sweep GC freed 3(96B) AllocSpace objects, 0(0B) LOS objects, 23% free, 52MB/68MB, paused 949us total 22.662ms
08-03 18:32:46.937  4014  4253 I art     : Starting a blocking GC Explicit
08-03 18:32:46.962  4014  4253 I art     : Explicit concurrent mark sweep GC freed 3(96B) AllocSpace objects, 0(0B) LOS objects, 23% free, 52MB/68MB, paused 603us total 25.065ms
08-03 18:32:47.085   380   380 W SurfaceFlinger: couldn't log to binary event log: overflow.
08-03 18:32:47.217  4014  4253 I art     : Starting a blocking GC Explicit
08-03 18:32:47.238  4014  4253 I art     : Explicit concurrent mark sweep GC freed 1450(87KB) AllocSpace objects, 1(20KB) LOS objects, 23% free, 52MB/68MB, paused 495us total 21.643ms
08-03 18:32:47.247  4014  4253 I art     : Starting a blocking GC Explicit
08-03 18:32:47.268  4014  4253 I art     : Explicit concurrent mark sweep GC freed 1672(107KB) AllocSpace objects, 3(400KB) LOS objects, 23% free, 52MB/68MB, paused 459us total 20.440ms
08-03 18:32:47.276  4014  4253 I art     : Starting a blocking GC Explicit
08-03 18:32:47.296  4014  4253 I art     : Explicit concurrent mark sweep GC freed 3(96B) AllocSpace objects, 0(0B) LOS objects, 23% free, 52MB/68MB, paused 482us total 19.522ms
08-03 18:32:47.305  4014  4253 I art     : Starting a blocking GC Explicit
08-03 18:32:47.325  4014  4253 I art     : Explicit concurrent mark sweep GC freed 3(96B) AllocSpace objects, 0(0B) LOS objects, 23% free, 52MB/68MB, paused 442us total 20.243ms
08-03 18:32:47.334  4014  4253 I art     : Starting a blocking GC Explicit
08-03 18:32:47.355  4014  4253 I art     : Explicit concurrent mark sweep GC freed 3(96B) AllocSpace objects, 0(0B) LOS objects, 23% free, 52MB/68MB, paused 443us total 20.647ms
08-03 18:32:47.646  4014  4027 I art     : Starting a blocking GC Explicit
08-03 18:32:47.677  4014  4027 I art     : Explicit concurrent mark sweep GC freed 1341(78KB) AllocSpace objects, 1(20KB) LOS objects, 23% free, 52MB/68MB, paused 501us total 30.713ms
08-03 18:32:47.690  4014  4027 I art     : Starting a blocking GC Explicit
08-03 18:32:47.712  4014  4027 I art     : Explicit concurrent mark sweep GC freed 20(704B) AllocSpace objects, 0(0B) LOS objects, 23% free, 52MB/68MB, paused 443us total 22.098ms
08-03 18:32:47.721  4014  4027 I art     : Starting a blocking GC Explicit
08-03 18:32:47.741  4014  4027 I art     : Explicit concurrent mark sweep GC freed 3(96B) AllocSpace objects, 0(0B) LOS objects, 23% free, 52MB/68MB, paused 425us total 19.944ms
08-03 18:32:47.750  4014  4027 I art     : Starting a blocking GC Explicit
08-03 18:32:47.770  4014  4027 I art     : Explicit concurrent mark sweep GC freed 3(96B) AllocSpace objects, 0(0B) LOS objects, 23% free, 52MB/68MB, paused 434us total 20.105ms
08-03 18:32:47.779  4014  4027 I art     : Starting a blocking GC Explicit
08-03 18:32:47.799  4014  4027 I art     : Explicit concurrent mark sweep GC freed 3(96B) AllocSpace objects, 0(0B) LOS objects, 23% free, 52MB/68MB, paused 519us total 20.455ms
08-03 18:32:48.073  4014  4026 I art     : Starting a blocking GC Explicit
08-03 18:32:48.094  4014  4026 I art     : Explicit concurrent mark sweep GC freed 1340(78KB) AllocSpace objects, 1(20KB) LOS objects, 23% free, 52MB/68MB, paused 460us total 20.750ms
08-03 18:32:48.103  4014  4026 I art     : Starting a blocking GC Explicit
08-03 18:32:48.123  4014  4026 I art     : Explicit concurrent mark sweep GC freed 20(704B) AllocSpace objects, 0(0B) LOS objects, 23% free, 52MB/68MB, paused 449us total 19.567ms
08-03 18:32:48.131  4014  4026 I art     : Starting a blocking GC Explicit
08-03 18:32:48.150  4014  4026 I art     : Explicit concurrent mark sweep GC freed 3(96B) AllocSpace objects, 0(0B) LOS objects, 23% free, 52MB/68MB, paused 445us total 19.036ms
08-03 18:32:48.159  4014  4026 I art     : Starting a blocking GC Explicit
08-03 18:32:48.178  4014  4026 I art     : Explicit concurrent mark sweep GC freed 3(96B) AllocSpace objects, 0(0B) LOS objects, 23% free, 52MB/68MB, paused 453us total 19.413ms
08-03 18:32:48.187  4014  4026 I art     : Starting a blocking GC Explicit
08-03 18:32:48.206  4014  4026 I art     : Explicit concurrent mark sweep GC freed 3(96B) AllocSpace objects, 0(0B) LOS objects, 23% free, 52MB/68MB, paused 433us total 19.469ms
08-03 18:32:48.417  5927  5927 D AndroidRuntime: >>>>>> START com.android.internal.os.RuntimeInit uid 2000 <<<<<<
08-03 18:32:48.422  5927  5927 D AndroidRuntime: CheckJNI is OFF
08-03 18:32:48.454  5927  5927 D ICU     : No timezone override file found: /data/misc/zoneinfo/current/icu/icu_tzdata.dat
08-03 18:32:48.487  5927  5927 I Radio-JNI: register_android_hardware_Radio DONE
08-03 18:32:48.502  4014  4252 I art     : Starting a blocking GC Explicit
08-03 18:32:48.510  5927  5927 D AndroidRuntime: Calling main entry com.android.commands.input.Input
08-03 18:32:48.512  5927  5927 I Input   : injectKeyEvent: KeyEvent { action=ACTION_DOWN, keyCode=KEYCODE_BACK, scanCode=0, metaState=0, flags=0x0, repeatCount=0, eventTime=642784925, downTime=642784925, deviceId=-1, source=0x101 }
08-03 18:32:48.517  5927  5927 I Input   : injectKeyEvent: KeyEvent { action=ACTION_UP, keyCode=KEYCODE_BACK, scanCode=0, metaState=0, flags=0x0, repeatCount=0, eventTime=642784925, downTime=642784925, deviceId=-1, source=0x101 }
08-03 18:32:48.523  5927  5927 D AndroidRuntime: Shutting down VM
08-03 18:32:48.523  4014  4252 I art     : Explicit concurrent mark sweep GC freed 1341(78KB) AllocSpace objects, 1(20KB) LOS objects, 23% free, 52MB/68MB, paused 536us total 20.470ms
08-03 18:32:48.532  4014  4252 I art     : Starting a blocking GC Explicit
08-03 18:32:48.551  4014  4252 I art     : Explicit concurrent mark sweep GC freed 166(7KB) AllocSpace objects, 0(0B) LOS objects, 23% free, 52MB/68MB, paused 422us total 18.824ms
08-03 18:32:48.558 13866 13866 I GoogleInputMethodServic: GoogleInputMethodService.onFinishInput():3138 
08-03 18:32:48.558 13866 13866 I GoogleInputMethodServic: GoogleInputMethodService.onStartInput():1808 
08-03 18:32:48.558  4014  4252 I art     : Starting a blocking GC Explicit
08-03 18:32:48.578  4014  4252 I art     : Explicit concurrent mark sweep GC freed 63(2192B) AllocSpace objects, 0(0B) LOS objects, 23% free, 52MB/68MB, paused 627us total 19.517ms
08-03 18:32:48.586  4014  4252 I art     : Starting a blocking GC Explicit
08-03 18:32:48.605  4014  4252 I art     : Explicit concurrent mark sweep GC freed 10(384B) AllocSpace objects, 0(0B) LOS objects, 23% free, 52MB/68MB, paused 405us total 18.442ms
08-03 18:32:48.613  4014  4252 I art     : Starting a blocking GC Explicit
08-03 18:32:48.630  4014  4252 I art     : Explicit concurrent mark sweep GC freed 3(96B) AllocSpace objects, 0(0B) LOS objects, 23% free, 52MB/68MB, paused 389us total 17.199ms
08-03 18:32:48.892  4014  4252 I art     : Starting a blocking GC Explicit
08-03 18:32:48.913  4014  4252 I art     : Explicit concurrent mark sweep GC freed 1980(109KB) AllocSpace objects, 1(20KB) LOS objects, 23% free, 52MB/68MB, paused 440us total 20.393ms
08-03 18:32:48.920  4014  4252 I art     : Starting a blocking GC Explicit
08-03 18:32:48.939  4014  4252 I art     : Explicit concurrent mark sweep GC freed 2106(128KB) AllocSpace objects, 2(140KB) LOS objects, 23% free, 51MB/67MB, paused 436us total 17.855ms
08-03 18:32:48.946  4014  4252 I art     : Starting a blocking GC Explicit
08-03 18:32:48.966  4014  4252 I art     : Explicit concurrent mark sweep GC freed 3(96B) AllocSpace objects, 0(0B) LOS objects, 23% free, 51MB/67MB, paused 431us total 19.460ms
08-03 18:32:48.974  4014  4252 I art     : Starting a blocking GC Explicit
08-03 18:32:48.994  4014  4252 I art     : Explicit concurrent mark sweep GC freed 3(96B) AllocSpace objects, 0(0B) LOS objects, 23% free, 51MB/67MB, paused 428us total 19.211ms
08-03 18:32:49.002  4014  4252 I art     : Starting a blocking GC Explicit
08-03 18:32:49.022  4014  4252 I art     : Explicit concurrent mark sweep GC freed 3(96B) AllocSpace objects, 0(0B) LOS objects, 23% free, 51MB/67MB, paused 448us total 20.080ms
08-03 18:32:49.330  4014  5613 I art     : Starting a blocking GC Explicit
08-03 18:32:49.357  4014  5613 I art     : Explicit concurrent mark sweep GC freed 1340(78KB) AllocSpace objects, 1(20KB) LOS objects, 23% free, 51MB/67MB, paused 561us total 26.578ms
08-03 18:32:49.369  4014  5613 I art     : Starting a blocking GC Explicit
08-03 18:32:49.390  4014  5613 I art     : Explicit concurrent mark sweep GC freed 20(704B) AllocSpace objects, 0(0B) LOS objects, 23% free, 51MB/67MB, paused 443us total 20.622ms
08-03 18:32:49.399  4014  5613 I art     : Starting a blocking GC Explicit
08-03 18:32:49.419  4014  5613 I art     : Explicit concurrent mark sweep GC freed 3(96B) AllocSpace objects, 0(0B) LOS objects, 23% free, 51MB/67MB, paused 448us total 20.231ms
08-03 18:32:49.428  4014  5613 I art     : Starting a blocking GC Explicit
08-03 18:32:49.448  4014  5613 I art     : Explicit concurrent mark sweep GC freed 3(96B) AllocSpace objects, 0(0B) LOS objects, 23% free, 51MB/67MB, paused 458us total 20ms
08-03 18:32:49.457  4014  5613 I art     : Starting a blocking GC Explicit
08-03 18:32:49.477  4014  5613 I art     : Explicit concurrent mark sweep GC freed 3(96B) AllocSpace objects, 0(0B) LOS objects, 23% free, 51MB/67MB, paused 526us total 19.968ms
08-03 18:32:49.579   518   646 I ThermalEngine: ACTION: GPU - Setting GPU[0] to 450000000
08-03 18:32:49.657   918  3261 D WifiStateMachine: starting scan for "H369AA63323"WPA_PSK with 2412,5180
08-03 18:32:49.769  4014  4253 I art     : Starting a blocking GC Explicit
08-03 18:32:49.794  4014  4253 I art     : Explicit concurrent mark sweep GC freed 1351(78KB) AllocSpace objects, 1(20KB) LOS objects, 23% free, 51MB/67MB, paused 628us total 24.968ms
08-03 18:32:49.805  4014  4253 I art     : Starting a blocking GC Explicit
08-03 18:32:49.830  4014  4253 I art     : Explicit concurrent mark sweep GC freed 34(1136B) AllocSpace objects, 0(0B) LOS objects, 23% free, 51MB/67MB, paused 585us total 24.160ms
08-03 18:32:49.840  4014  4253 I art     : Starting a blocking GC Explicit
08-03 18:32:49.864  4014  4253 I art     : Explicit concurrent mark sweep GC freed 3(96B) AllocSpace objects, 0(0B) LOS objects, 23% free, 51MB/67MB, paused 581us total 23.874ms
08-03 18:32:49.875  4014  4253 I art     : Starting a blocking GC Explicit
08-03 18:32:49.898  4014  4253 I art     : Explicit concurrent mark sweep GC freed 3(96B) AllocSpace objects, 0(0B) LOS objects, 23% free, 51MB/67MB, paused 587us total 23.443ms
08-03 18:32:49.909  4014  4253 I art     : Starting a blocking GC Explicit
08-03 18:32:49.933  4014  4253 I art     : Explicit concurrent mark sweep GC freed 3(96B) AllocSpace objects, 0(0B) LOS objects, 23% free, 51MB/67MB, paused 582us total 23.486ms
08-03 18:32:50.225  4014  4027 I art     : Starting a blocking GC Explicit
08-03 18:32:50.255  4014  4027 I art     : Explicit concurrent mark sweep GC freed 1338(78KB) AllocSpace objects, 1(20KB) LOS objects, 23% free, 51MB/67MB, paused 644us total 29.449ms
08-03 18:32:50.269  4014  4027 I art     : Starting a blocking GC Explicit
08-03 18:32:50.297  4014  4027 I art     : Explicit concurrent mark sweep GC freed 20(704B) AllocSpace objects, 0(0B) LOS objects, 23% free, 51MB/67MB, paused 594us total 27.194ms
08-03 18:32:50.308  4014  4027 I art     : Starting a blocking GC Explicit
08-03 18:32:50.316  5985  5985 D AndroidRuntime: >>>>>> START com.android.internal.os.RuntimeInit uid 2000 <<<<<<
08-03 18:32:50.322  5985  5985 D AndroidRuntime: CheckJNI is OFF
08-03 18:32:50.334  4014  4027 I art     : Explicit concurrent mark sweep GC freed 3(96B) AllocSpace objects, 0(0B) LOS objects, 23% free, 51MB/67MB, paused 590us total 25.940ms
08-03 18:32:50.345  4014  4027 I art     : Starting a blocking GC Explicit
08-03 18:32:50.368  5985  5985 D ICU     : No timezone override file found: /data/misc/zoneinfo/current/icu/icu_tzdata.dat
08-03 18:32:50.369  4014  4027 I art     : Explicit concurrent mark sweep GC freed 3(96B) AllocSpace objects, 0(0B) LOS objects, 23% free, 51MB/67MB, paused 646us total 23.727ms
08-03 18:32:50.379  4014  4027 I art     : Starting a blocking GC Explicit
08-03 18:32:50.405  4014  4027 I art     : Explicit concurrent mark sweep GC freed 3(96B) AllocSpace objects, 0(0B) LOS objects, 23% free, 51MB/67MB, paused 613us total 24.870ms
08-03 18:32:50.415  5985  5985 I Radio-JNI: register_android_hardware_Radio DONE
08-03 18:32:50.445  5985  5985 D AndroidRuntime: Calling main entry com.android.commands.input.Input
08-03 18:32:50.447  5985  5985 I Input   : injectMotionEvent: MotionEvent { action=ACTION_DOWN, actionButton=0, id[0]=0, x[0]=1053.0, y[0]=1173.0, toolType[0]=TOOL_TYPE_UNKNOWN, buttonState=0, metaState=0, flags=0x0, edgeFlags=0x0, pointerCount=1, historySize=0, eventTime=642786859, downTime=642786859, deviceId=0, source=0x1002 }
08-03 18:32:50.453  5985  5985 I Input   : injectMotionEvent: MotionEvent { action=ACTION_UP, actionButton=0, id[0]=0, x[0]=1053.0, y[0]=1173.0, toolType[0]=TOOL_TYPE_UNKNOWN, buttonState=0, metaState=0, flags=0x0, edgeFlags=0x0, pointerCount=1, historySize=0, eventTime=642786859, downTime=642786859, deviceId=0, source=0x1002 }
08-03 18:32:50.455   918   928 I ActivityManager: START u0 {cmp=baseline.appteam.nith.hillffair/.activities.QuizActivity} from uid 10624 on display 0
08-03 18:32:50.461  5985  5985 D AndroidRuntime: Shutting down VM
08-03 18:32:50.618   918   936 I ActivityManager: Displayed baseline.appteam.nith.hillffair/.activities.QuizActivity: +156ms
08-03 18:32:50.618 13866 13866 I GoogleInputMethodServic: GoogleInputMethodService.onFinishInput():3138 
08-03 18:32:50.619 13866 13866 I GoogleInputMethodServic: GoogleInputMethodService.onStartInput():1808 
08-03 18:32:50.686  4014  4026 I art     : Starting a blocking GC Explicit
08-03 18:32:50.711  4014  4026 I art     : Explicit concurrent mark sweep GC freed 2184(143KB) AllocSpace objects, 1(20KB) LOS objects, 23% free, 52MB/68MB, paused 662us total 25.535ms
08-03 18:32:50.722  4014  4026 I art     : Starting a blocking GC Explicit
08-03 18:32:50.748  4014  4026 I art     : Explicit concurrent mark sweep GC freed 180(8KB) AllocSpace objects, 0(0B) LOS objects, 23% free, 52MB/68MB, paused 624us total 25.261ms
08-03 18:32:50.760  4014  4026 I art     : Starting a blocking GC Explicit
08-03 18:32:50.785  4014  4026 I art     : Explicit concurrent mark sweep GC freed 3(96B) AllocSpace objects, 0(0B) LOS objects, 23% free, 52MB/68MB, paused 598us total 24.940ms
08-03 18:32:50.799  4014  4026 I art     : Starting a blocking GC Explicit
08-03 18:32:50.832  4014  4026 I art     : Explicit concurrent mark sweep GC freed 3(96B) AllocSpace objects, 0(0B) LOS objects, 23% free, 52MB/68MB, paused 611us total 32.187ms
08-03 18:32:50.845  4014  4026 I art     : Starting a blocking GC Explicit
08-03 18:32:50.873   380   380 W SurfaceFlinger: couldn't log to binary event log: overflow.
08-03 18:32:50.878  4014  4026 I art     : Explicit concurrent mark sweep GC freed 3(96B) AllocSpace objects, 0(0B) LOS objects, 23% free, 52MB/68MB, paused 695us total 32.413ms
08-03 18:32:51.171  4014  4252 I art     : Starting a blocking GC Explicit
08-03 18:32:51.207  4014  4252 I art     : Explicit concurrent mark sweep GC freed 1410(82KB) AllocSpace objects, 1(20KB) LOS objects, 23% free, 52MB/68MB, paused 638us total 35.318ms
08-03 18:32:51.223  4014  4252 I art     : Starting a blocking GC Explicit
08-03 18:32:51.250  4014  4252 I art     : Explicit concurrent mark sweep GC freed 20(704B) AllocSpace objects, 0(0B) LOS objects, 23% free, 52MB/68MB, paused 564us total 26.738ms
08-03 18:32:51.261  4014  4252 I art     : Starting a blocking GC Explicit
08-03 18:32:51.287  4014  4252 I art     : Explicit concurrent mark sweep GC freed 3(96B) AllocSpace objects, 0(0B) LOS objects, 23% free, 52MB/68MB, paused 644us total 26.073ms
08-03 18:32:51.298  4014  4252 I art     : Starting a blocking GC Explicit
08-03 18:32:51.324  4014  4252 I art     : Explicit concurrent mark sweep GC freed 3(96B) AllocSpace objects, 0(0B) LOS objects, 23% free, 52MB/68MB, paused 561us total 25.916ms
08-03 18:32:51.335  4014  4252 I art     : Starting a blocking GC Explicit
08-03 18:32:51.361  4014  4252 I art     : Explicit concurrent mark sweep GC freed 3(96B) AllocSpace objects, 0(0B) LOS objects, 23% free, 52MB/68MB, paused 556us total 25.429ms
08-03 18:32:51.674  4014  4026 I art     : Starting a blocking GC Explicit
08-03 18:32:51.706  4014  4026 I art     : Explicit concurrent mark sweep GC freed 1340(78KB) AllocSpace objects, 1(20KB) LOS objects, 23% free, 52MB/68MB, paused 618us total 30.977ms
08-03 18:32:51.720  4014  4026 I art     : Starting a blocking GC Explicit
08-03 18:32:51.745  4014  4026 I art     : Explicit concurrent mark sweep GC freed 20(704B) AllocSpace objects, 0(0B) LOS objects, 23% free, 52MB/68MB, paused 546us total 24.115ms
08-03 18:32:51.755  4014  4026 I art     : Starting a blocking GC Explicit
08-03 18:32:51.779  4014  4026 I art     : Explicit concurrent mark sweep GC freed 3(96B) AllocSpace objects, 0(0B) LOS objects, 23% free, 52MB/68MB, paused 565us total 23.504ms
08-03 18:32:51.790  4014  4026 I art     : Starting a blocking GC Explicit
08-03 18:32:51.815  4014  4026 I art     : Explicit concurrent mark sweep GC freed 3(96B) AllocSpace objects, 0(0B) LOS objects, 23% free, 52MB/68MB, paused 524us total 25.084ms
08-03 18:32:51.826  4014  4026 I art     : Starting a blocking GC Explicit
08-03 18:32:51.852  4014  4026 I art     : Explicit concurrent mark sweep GC freed 3(96B) AllocSpace objects, 0(0B) LOS objects, 23% free, 52MB/68MB, paused 564us total 25.462ms
08-03 18:32:52.165  4014  4252 I art     : Starting a blocking GC Explicit
08-03 18:32:52.192  4014  4252 I art     : Explicit concurrent mark sweep GC freed 1351(78KB) AllocSpace objects, 1(20KB) LOS objects, 23% free, 52MB/68MB, paused 576us total 27.328ms
08-03 18:32:52.206  4014  4252 I art     : Starting a blocking GC Explicit
08-03 18:32:52.233  4014  4252 I art     : Explicit concurrent mark sweep GC freed 25(864B) AllocSpace objects, 0(0B) LOS objects, 23% free, 52MB/68MB, paused 558us total 26.907ms
08-03 18:32:52.244  4014  4252 I art     : Starting a blocking GC Explicit
08-03 18:32:52.270  4014  4252 I art     : Explicit concurrent mark sweep GC freed 6(192B) AllocSpace objects, 0(0B) LOS objects, 23% free, 52MB/68MB, paused 542us total 25.921ms
08-03 18:32:52.281  4014  4252 I art     : Starting a blocking GC Explicit
08-03 18:32:52.307  4014  4252 I art     : Explicit concurrent mark sweep GC freed 7(224B) AllocSpace objects, 0(0B) LOS objects, 23% free, 52MB/68MB, paused 630us total 25.911ms
08-03 18:32:52.319  4014  4252 I art     : Starting a blocking GC Explicit
08-03 18:32:52.345  4014  4252 I art     : Explicit concurrent mark sweep GC freed 8(256B) AllocSpace objects, 0(0B) LOS objects, 23% free, 52MB/68MB, paused 531us total 25.352ms
08-03 18:32:52.672  4014  4253 I art     : Starting a blocking GC Explicit
08-03 18:32:52.706  4014  4253 I art     : Explicit concurrent mark sweep GC freed 1342(78KB) AllocSpace objects, 1(20KB) LOS objects, 23% free, 52MB/68MB, paused 578us total 33.327ms
08-03 18:32:52.722  4014  4253 I art     : Starting a blocking GC Explicit
08-03 18:32:52.746  4014  4253 I art     : Explicit concurrent mark sweep GC freed 20(704B) AllocSpace objects, 0(0B) LOS objects, 23% free, 52MB/68MB, paused 542us total 23.708ms
08-03 18:32:52.757  4014  4253 I art     : Starting a blocking GC Explicit
08-03 18:32:52.781  4014  4253 I art     : Explicit concurrent mark sweep GC freed 3(96B) AllocSpace objects, 0(0B) LOS objects, 23% free, 52MB/68MB, paused 565us total 23.847ms
08-03 18:32:52.791  4014  4253 I art     : Starting a blocking GC Explicit
08-03 18:32:52.815  4014  4253 I art     : Explicit concurrent mark sweep GC freed 3(96B) AllocSpace objects, 0(0B) LOS objects, 23% free, 52MB/68MB, paused 567us total 23.927ms
08-03 18:32:52.826  4014  4253 I art     : Starting a blocking GC Explicit
08-03 18:32:52.852  4014  4253 I art     : Explicit concurrent mark sweep GC freed 3(96B) AllocSpace objects, 0(0B) LOS objects, 23% free, 52MB/68MB, paused 578us total 25.643ms
08-03 18:32:53.144  4014  4027 I art     : Starting a blocking GC Explicit
08-03 18:32:53.176  4014  4027 I art     : Explicit concurrent mark sweep GC freed 1340(78KB) AllocSpace objects, 1(20KB) LOS objects, 23% free, 52MB/68MB, paused 632us total 31.565ms
08-03 18:32:53.191  4014  4027 I art     : Starting a blocking GC Explicit
08-03 18:32:53.217  4014  4027 I art     : Explicit concurrent mark sweep GC freed 20(704B) AllocSpace objects, 0(0B) LOS objects, 23% free, 52MB/68MB, paused 682us total 26.454ms
08-03 18:32:53.228  4014  4027 I art     : Starting a blocking GC Explicit
08-03 18:32:53.253  6060  6060 D AndroidRuntime: >>>>>> START com.android.internal.os.RuntimeInit uid 2000 <<<<<<
08-03 18:32:53.254  4014  4027 I art     : Explicit concurrent mark sweep GC freed 3(96B) AllocSpace objects, 0(0B) LOS objects, 23% free, 52MB/68MB, paused 614us total 25.536ms
08-03 18:32:53.259  6060  6060 D AndroidRuntime: CheckJNI is OFF
08-03 18:32:53.265  4014  4027 I art     : Starting a blocking GC Explicit
08-03 18:32:53.290  4014  4027 I art     : Explicit concurrent mark sweep GC freed 3(96B) AllocSpace objects, 0(0B) LOS objects, 23% free, 52MB/68MB, paused 599us total 25.388ms
08-03 18:32:53.301  4014  4027 I art     : Starting a blocking GC Explicit
08-03 18:32:53.306  6060  6060 D ICU     : No timezone override file found: /data/misc/zoneinfo/current/icu/icu_tzdata.dat
08-03 18:32:53.327  4014  4027 I art     : Explicit concurrent mark sweep GC freed 3(96B) AllocSpace objects, 0(0B) LOS objects, 23% free, 52MB/68MB, paused 557us total 25.735ms
08-03 18:32:53.355  6060  6060 I Radio-JNI: register_android_hardware_Radio DONE
08-03 18:32:53.383  6060  6060 D AndroidRuntime: Calling main entry com.android.commands.input.Input
08-03 18:32:53.385  6060  6060 I Input   : injectMotionEvent: MotionEvent { action=ACTION_DOWN, actionButton=0, id[0]=0, x[0]=756.0, y[0]=1530.0, toolType[0]=TOOL_TYPE_UNKNOWN, buttonState=0, metaState=0, flags=0x0, edgeFlags=0x0, pointerCount=1, historySize=0, eventTime=642789798, downTime=642789798, deviceId=0, source=0x1002 }
08-03 18:32:53.393  6060  6060 I Input   : injectMotionEvent: MotionEvent { action=ACTION_UP, actionButton=0, id[0]=0, x[0]=756.0, y[0]=1530.0, toolType[0]=TOOL_TYPE_UNKNOWN, buttonState=0, metaState=0, flags=0x0, edgeFlags=0x0, pointerCount=1, historySize=0, eventTime=642789798, downTime=642789798, deviceId=0, source=0x1002 }
08-03 18:32:53.395  6060  6060 D AndroidRuntime: Shutting down VM
08-03 18:32:53.413   918  6112 I ActivityManager: START u0 {cmp=baseline.appteam.nith.hillffair/.activities.LeaderBoardActivity} from uid 10624 on display 0
08-03 18:32:53.415   512  2967 D audio_hw_primary: out_set_parameters: enter: usecase(1: low-latency-playback) kvpairs: routing=2
08-03 18:32:53.428   512  2967 D audio_hw_primary: select_devices: out_snd_device(2: speaker) in_snd_device(0: none)
08-03 18:32:53.429   512  2967 D msm8974_platform: platform_send_audio_calibration: sending audio calibration for snd_device(2) acdb_id(15)
08-03 18:32:53.429   512  2967 I soundtrigger: audio_extn_sound_trigger_update_device_status: device 0x2 of type 0 for Event 1
08-03 18:32:53.440   512  2967 D audio_hw_primary: enable_snd_device: snd_device(2: speaker)
08-03 18:32:53.442   512  2967 D audio_hw_primary: enable_audio_route: apply and update mixer path: low-latency-playback speaker
08-03 18:32:53.533  4014  4014 E RecyclerView: No adapter attached; skipping layout
08-03 18:32:53.539  4014  4014 E RecyclerView: No adapter attached; skipping layout
08-03 18:32:53.571 13866 13866 I GoogleInputMethodServic: GoogleInputMethodService.onFinishInput():3138 
08-03 18:32:53.571   918   936 I ActivityManager: Displayed baseline.appteam.nith.hillffair/.activities.LeaderBoardActivity: +148ms
08-03 18:32:53.572 13866 13866 I GoogleInputMethodServic: GoogleInputMethodService.onStartInput():1808 
08-03 18:32:53.573  4014  4014 E RecyclerView: No adapter attached; skipping layout
08-03 18:32:53.613  4014  4037 D OpenGLRenderer: endAllStagingAnimators on 0x7f7d9b2c00 (RippleDrawable) with handle 0x7f7ccacaa0
08-03 18:32:53.618  4014  4027 I art     : Starting a blocking GC Explicit
08-03 18:32:53.645  4014  4027 I art     : Explicit concurrent mark sweep GC freed 6478(380KB) AllocSpace objects, 1(20KB) LOS objects, 23% free, 52MB/68MB, paused 631us total 26.956ms
08-03 18:32:53.655  4014  4027 I art     : Starting a blocking GC Explicit
08-03 18:32:53.680  4014  4027 I art     : Explicit concurrent mark sweep GC freed 275(11KB) AllocSpace objects, 0(0B) LOS objects, 23% free, 52MB/68MB, paused 596us total 24.053ms
08-03 18:32:53.690  4014  4027 I art     : Starting a blocking GC Explicit
08-03 18:32:53.718  4014  4027 I art     : Explicit concurrent mark sweep GC freed 5(160B) AllocSpace objects, 0(0B) LOS objects, 23% free, 52MB/68MB, paused 611us total 27.781ms
08-03 18:32:53.730  4014  4027 I art     : Starting a blocking GC Explicit
08-03 18:32:53.760  4014  4027 I art     : Explicit concurrent mark sweep GC freed 6(192B) AllocSpace objects, 0(0B) LOS objects, 23% free, 52MB/68MB, paused 696us total 29.613ms
08-03 18:32:53.773  4014  4027 I art     : Starting a blocking GC Explicit
08-03 18:32:53.802  4014  4027 I art     : Explicit concurrent mark sweep GC freed 5(160B) AllocSpace objects, 0(0B) LOS objects, 23% free, 52MB/68MB, paused 592us total 28.957ms
08-03 18:32:53.825   380   380 W SurfaceFlinger: couldn't log to binary event log: overflow.
08-03 18:32:53.990   512  2967 D audio_hw_primary: disable_audio_route: reset and update mixer path: low-latency-playback speaker
08-03 18:32:53.992   512  2967 D audio_hw_primary: disable_snd_device: snd_device(2: speaker)
08-03 18:32:53.999   512  2967 I soundtrigger: audio_extn_sound_trigger_update_device_status: device 0x2 of type 0 for Event 0
08-03 18:32:54.026  4014  6085 D OkHttp  : --> GET https://api-hillfair-2k16.herokuapp.com/api/app/quiz/leaderboard?from=1 http/1.1
08-03 18:32:54.067  4014  6085 D OkHttp  : <-- 200 OK https://api-hillfair-2k16.herokuapp.com/api/app/quiz/leaderboard?from=1 (40ms, 56744-byte body)
08-03 18:32:54.104  4014  4027 I art     : Starting a blocking GC Explicit
08-03 18:32:54.135  4014  4027 I art     : Explicit concurrent mark sweep GC freed 18369(894KB) AllocSpace objects, 4(220KB) LOS objects, 23% free, 52MB/68MB, paused 868us total 30.541ms
08-03 18:32:54.146  4014  4027 I art     : Starting a blocking GC Explicit
08-03 18:32:54.161  4014  4014 I NAPPA_EXPERIMENTATION: MetricNetworkRequestExecutionTime: REQUEST_DURATION_SYSTEM='703',REQUEST_DURATION_OKHTTP='41',REQUEST_SYNCHRONOUS='FALSE',RESPONSE_CODE='200',RESPONSE_METHOD='GET',RESPONSE_LENGTH_OKHTTP='56744',RESPONSE_LENGTH_HEADER='56744',REQUEST_PROTOCOL='http/1.1',REQUEST_URL='https://api-hillfair-2k16.herokuapp.com/api/app/quiz/leaderboard?from=1',
08-03 18:32:54.175  4014  4027 I art     : Explicit concurrent mark sweep GC freed 11654(609KB) AllocSpace objects, 0(0B) LOS objects, 23% free, 52MB/68MB, paused 764us total 28.995ms
08-03 18:32:54.186  4014  4027 I art     : Starting a blocking GC Explicit
08-03 18:32:54.214  4014  4027 I art     : Explicit concurrent mark sweep GC freed 994(59KB) AllocSpace objects, 0(0B) LOS objects, 23% free, 52MB/68MB, paused 1.073ms total 27.237ms
08-03 18:32:54.225  4014  4027 I art     : Starting a blocking GC Explicit
08-03 18:32:54.252  4014  4027 I art     : Explicit concurrent mark sweep GC freed 393(14KB) AllocSpace objects, 0(0B) LOS objects, 23% free, 52MB/68MB, paused 631us total 27.205ms
08-03 18:32:54.263  4014  4027 I art     : Starting a blocking GC Explicit
08-03 18:32:54.290  4014  4027 I art     : Explicit concurrent mark sweep GC freed 114(3KB) AllocSpace objects, 0(0B) LOS objects, 23% free, 52MB/68MB, paused 587us total 27.207ms
08-03 18:32:54.599  4014  4252 I art     : Starting a blocking GC Explicit
08-03 18:32:54.632  4014  4252 I art     : Explicit concurrent mark sweep GC freed 1341(78KB) AllocSpace objects, 1(20KB) LOS objects, 23% free, 52MB/68MB, paused 598us total 33.020ms
08-03 18:32:54.644  4014  4252 I art     : Starting a blocking GC Explicit
08-03 18:32:54.672  4014  4252 I art     : Explicit concurrent mark sweep GC freed 20(704B) AllocSpace objects, 0(0B) LOS objects, 23% free, 52MB/68MB, paused 601us total 28.448ms
08-03 18:32:54.684  4014  4252 I art     : Starting a blocking GC Explicit
08-03 18:32:54.713  4014  4252 I art     : Explicit concurrent mark sweep GC freed 3(96B) AllocSpace objects, 0(0B) LOS objects, 23% free, 52MB/68MB, paused 611us total 28.808ms
08-03 18:32:54.724  4014  4252 I art     : Starting a blocking GC Explicit
08-03 18:32:54.753  4014  4252 I art     : Explicit concurrent mark sweep GC freed 3(96B) AllocSpace objects, 0(0B) LOS objects, 23% free, 52MB/68MB, paused 602us total 28.004ms
08-03 18:32:54.764  4014  4252 I art     : Starting a blocking GC Explicit
08-03 18:32:54.793  4014  4252 I art     : Explicit concurrent mark sweep GC freed 3(96B) AllocSpace objects, 0(0B) LOS objects, 23% free, 52MB/68MB, paused 589us total 28.499ms
08-03 18:32:55.106  4014  4026 I art     : Starting a blocking GC Explicit
08-03 18:32:55.145  4014  4026 I art     : Explicit concurrent mark sweep GC freed 1344(78KB) AllocSpace objects, 1(20KB) LOS objects, 23% free, 52MB/68MB, paused 668us total 38.527ms
08-03 18:32:55.159  4014  4026 I art     : Starting a blocking GC Explicit
08-03 18:32:55.189  4014  4026 I art     : Explicit concurrent mark sweep GC freed 20(704B) AllocSpace objects, 0(0B) LOS objects, 23% free, 52MB/68MB, paused 631us total 30.541ms
08-03 18:32:55.201  4014  4026 I art     : Starting a blocking GC Explicit
08-03 18:32:55.233  4014  4026 I art     : Explicit concurrent mark sweep GC freed 3(96B) AllocSpace objects, 0(0B) LOS objects, 23% free, 52MB/68MB, paused 598us total 31.158ms
08-03 18:32:55.244  4014  4026 I art     : Starting a blocking GC Explicit
08-03 18:32:55.276  4014  4026 I art     : Explicit concurrent mark sweep GC freed 3(96B) AllocSpace objects, 0(0B) LOS objects, 23% free, 52MB/68MB, paused 624us total 31.696ms
08-03 18:32:55.288  4014  4026 I art     : Starting a blocking GC Explicit
08-03 18:32:55.319  4014  4026 I art     : Explicit concurrent mark sweep GC freed 3(96B) AllocSpace objects, 0(0B) LOS objects, 23% free, 52MB/68MB, paused 640us total 30.835ms
08-03 18:32:55.588 30381 30381 I ServiceManager: Waiting for service AtCmdFwd...
08-03 18:32:55.655  4014  4253 I art     : Starting a blocking GC Explicit
08-03 18:32:55.692  4014  4253 I art     : Explicit concurrent mark sweep GC freed 1344(78KB) AllocSpace objects, 1(20KB) LOS objects, 23% free, 52MB/68MB, paused 640us total 36.749ms
08-03 18:32:55.706  4014  4253 I art     : Starting a blocking GC Explicit
08-03 18:32:55.738  4014  4253 I art     : Explicit concurrent mark sweep GC freed 20(704B) AllocSpace objects, 0(0B) LOS objects, 23% free, 52MB/68MB, paused 608us total 31.084ms
08-03 18:32:55.749  4014  4253 I art     : Starting a blocking GC Explicit
08-03 18:32:55.780  4014  4253 I art     : Explicit concurrent mark sweep GC freed 3(96B) AllocSpace objects, 0(0B) LOS objects, 23% free, 52MB/68MB, paused 629us total 30.518ms
08-03 18:32:55.792  4014  4253 I art     : Starting a blocking GC Explicit
08-03 18:32:55.824  4014  4253 I art     : Explicit concurrent mark sweep GC freed 3(96B) AllocSpace objects, 0(0B) LOS objects, 23% free, 52MB/68MB, paused 623us total 31.417ms
08-03 18:32:55.835  4014  4253 I art     : Starting a blocking GC Explicit
08-03 18:32:55.867  4014  4253 I art     : Explicit concurrent mark sweep GC freed 3(96B) AllocSpace objects, 0(0B) LOS objects, 23% free, 52MB/68MB, paused 752us total 31.292ms
08-03 18:32:56.203  4014  5613 I art     : Starting a blocking GC Explicit
08-03 18:32:56.243  4014  5613 I art     : Explicit concurrent mark sweep GC freed 1344(78KB) AllocSpace objects, 1(20KB) LOS objects, 23% free, 52MB/68MB, paused 675us total 40.177ms
08-03 18:32:56.257  4014  5613 I art     : Starting a blocking GC Explicit
08-03 18:32:56.289  4014  5613 I art     : Explicit concurrent mark sweep GC freed 20(704B) AllocSpace objects, 0(0B) LOS objects, 23% free, 52MB/68MB, paused 659us total 31.598ms
08-03 18:32:56.300  4014  5613 I art     : Starting a blocking GC Explicit
08-03 18:32:56.332  4014  5613 I art     : Explicit concurrent mark sweep GC freed 3(96B) AllocSpace objects, 0(0B) LOS objects, 23% free, 52MB/68MB, paused 625us total 31.250ms
08-03 18:32:56.344  4014  5613 I art     : Starting a blocking GC Explicit
08-03 18:32:56.374  4014  5613 I art     : Explicit concurrent mark sweep GC freed 3(96B) AllocSpace objects, 0(0B) LOS objects, 23% free, 52MB/68MB, paused 632us total 30.462ms
08-03 18:32:56.386  4014  5613 I art     : Starting a blocking GC Explicit
08-03 18:32:56.418  4014  5613 I art     : Explicit concurrent mark sweep GC freed 3(96B) AllocSpace objects, 0(0B) LOS objects, 23% free, 52MB/68MB, paused 640us total 31.509ms
08-03 18:32:56.589 30381 30381 I ServiceManager: Waiting for service AtCmdFwd...
08-03 18:32:56.756  4014  4027 I art     : Starting a blocking GC Explicit
08-03 18:32:56.784  4014  4027 I art     : Explicit concurrent mark sweep GC freed 1344(78KB) AllocSpace objects, 1(20KB) LOS objects, 23% free, 52MB/68MB, paused 601us total 27.483ms
08-03 18:32:56.795  4014  4027 I art     : Starting a blocking GC Explicit
08-03 18:32:56.823  4014  4027 I art     : Explicit concurrent mark sweep GC freed 20(704B) AllocSpace objects, 0(0B) LOS objects, 23% free, 52MB/68MB, paused 601us total 28.097ms
08-03 18:32:56.835  4014  4027 I art     : Starting a blocking GC Explicit
08-03 18:32:56.863  4014  4027 I art     : Explicit concurrent mark sweep GC freed 3(96B) AllocSpace objects, 0(0B) LOS objects, 23% free, 52MB/68MB, paused 602us total 28.632ms
08-03 18:32:56.875  4014  4027 I art     : Starting a blocking GC Explicit
08-03 18:32:56.904  4014  4027 I art     : Explicit concurrent mark sweep GC freed 3(96B) AllocSpace objects, 0(0B) LOS objects, 23% free, 52MB/68MB, paused 589us total 28.788ms
08-03 18:32:56.916  4014  4027 I art     : Starting a blocking GC Explicit
08-03 18:32:56.946  4014  4027 I art     : Explicit concurrent mark sweep GC freed 3(96B) AllocSpace objects, 0(0B) LOS objects, 23% free, 52MB/68MB, paused 595us total 29.631ms
08-03 18:32:57.287  4014  4252 I art     : Starting a blocking GC Explicit
08-03 18:32:57.330  4014  4252 I art     : Explicit concurrent mark sweep GC freed 1344(78KB) AllocSpace objects, 1(20KB) LOS objects, 23% free, 52MB/68MB, paused 698us total 42.693ms
08-03 18:32:57.348  4014  4252 I art     : Starting a blocking GC Explicit
08-03 18:32:57.384  4014  4252 I art     : Explicit concurrent mark sweep GC freed 20(704B) AllocSpace objects, 0(0B) LOS objects, 23% free, 52MB/68MB, paused 654us total 35.696ms
08-03 18:32:57.397  4014  4252 I art     : Starting a blocking GC Explicit
08-03 18:32:57.428  4014  4252 I art     : Explicit concurrent mark sweep GC freed 3(96B) AllocSpace objects, 0(0B) LOS objects, 23% free, 52MB/68MB, paused 623us total 31.225ms
08-03 18:32:57.440  4014  4252 I art     : Starting a blocking GC Explicit
08-03 18:32:57.471  4014  4252 I art     : Explicit concurrent mark sweep GC freed 3(96B) AllocSpace objects, 0(0B) LOS objects, 23% free, 52MB/68MB, paused 614us total 31.033ms
08-03 18:32:57.483  4014  4252 I art     : Starting a blocking GC Explicit
08-03 18:32:57.514  4014  4252 I art     : Explicit concurrent mark sweep GC freed 3(96B) AllocSpace objects, 0(0B) LOS objects, 23% free, 52MB/68MB, paused 649us total 30.921ms
08-03 18:32:57.590 30381 30381 I ServiceManager: Waiting for service AtCmdFwd...
08-03 18:32:57.808  4014  4026 I art     : Starting a blocking GC Explicit
08-03 18:32:57.837  4014  4026 I art     : Explicit concurrent mark sweep GC freed 1344(78KB) AllocSpace objects, 1(20KB) LOS objects, 23% free, 52MB/68MB, paused 628us total 28.696ms
08-03 18:32:57.853  4014  4026 I art     : Starting a blocking GC Explicit
08-03 18:32:57.882  4014  4026 I art     : Explicit concurrent mark sweep GC freed 20(704B) AllocSpace objects, 0(0B) LOS objects, 23% free, 52MB/68MB, paused 617us total 28.166ms
08-03 18:32:57.893  4014  4026 I art     : Starting a blocking GC Explicit
08-03 18:32:57.921  4014  4026 I art     : Explicit concurrent mark sweep GC freed 3(96B) AllocSpace objects, 0(0B) LOS objects, 23% free, 52MB/68MB, paused 642us total 27.735ms
08-03 18:32:57.932  4014  4026 I art     : Starting a blocking GC Explicit
08-03 18:32:57.961  4014  4026 I art     : Explicit concurrent mark sweep GC freed 3(96B) AllocSpace objects, 0(0B) LOS objects, 23% free, 52MB/68MB, paused 649us total 28.633ms
08-03 18:32:57.973  4014  4026 I art     : Starting a blocking GC Explicit
08-03 18:32:58.002  4014  4026 I art     : Explicit concurrent mark sweep GC freed 3(96B) AllocSpace objects, 0(0B) LOS objects, 23% free, 52MB/68MB, paused 636us total 29.198ms
08-03 18:32:58.196  6168  6168 D AndroidRuntime: >>>>>> START com.android.internal.os.RuntimeInit uid 2000 <<<<<<
08-03 18:32:58.204  6168  6168 D AndroidRuntime: CheckJNI is OFF
08-03 18:32:58.245  6168  6168 D ICU     : No timezone override file found: /data/misc/zoneinfo/current/icu/icu_tzdata.dat
08-03 18:32:58.287  6168  6168 I Radio-JNI: register_android_hardware_Radio DONE
08-03 18:32:58.317  6168  6168 D AndroidRuntime: Calling main entry com.android.commands.input.Input
08-03 18:32:58.319  6168  6168 I Input   : injectKeyEvent: KeyEvent { action=ACTION_DOWN, keyCode=KEYCODE_BACK, scanCode=0, metaState=0, flags=0x0, repeatCount=0, eventTime=642794732, downTime=642794732, deviceId=-1, source=0x101 }
08-03 18:32:58.323  6168  6168 I Input   : injectKeyEvent: KeyEvent { action=ACTION_UP, keyCode=KEYCODE_BACK, scanCode=0, metaState=0, flags=0x0, repeatCount=0, eventTime=642794732, downTime=642794732, deviceId=-1, source=0x101 }
08-03 18:32:58.326  4014  4253 I art     : Starting a blocking GC Explicit
08-03 18:32:58.329  6168  6168 D AndroidRuntime: Shutting down VM
08-03 18:32:58.354  4014  4253 I art     : Explicit concurrent mark sweep GC freed 1457(83KB) AllocSpace objects, 1(20KB) LOS objects, 23% free, 52MB/68MB, paused 717us total 28.263ms
08-03 18:32:58.366  4014  4253 I art     : Starting a blocking GC Explicit
08-03 18:32:58.371 13866 13866 I GoogleInputMethodServic: GoogleInputMethodService.onFinishInput():3138 
08-03 18:32:58.372 13866 13866 I GoogleInputMethodServic: GoogleInputMethodService.onStartInput():1808 
08-03 18:32:58.393  4014  4253 I art     : Explicit concurrent mark sweep GC freed 71(2528B) AllocSpace objects, 0(0B) LOS objects, 23% free, 52MB/68MB, paused 615us total 26.844ms
08-03 18:32:58.405  4014  4253 I art     : Starting a blocking GC Explicit
08-03 18:32:58.429  4014  4253 I art     : Explicit concurrent mark sweep GC freed 10(368B) AllocSpace objects, 0(0B) LOS objects, 23% free, 52MB/68MB, paused 549us total 24.371ms
08-03 18:32:58.440  4014  4253 I art     : Starting a blocking GC Explicit
08-03 18:32:58.465  4014  4253 I art     : Explicit concurrent mark sweep GC freed 3(96B) AllocSpace objects, 0(0B) LOS objects, 23% free, 52MB/68MB, paused 533us total 24.799ms
08-03 18:32:58.476  4014  4253 I art     : Starting a blocking GC Explicit
08-03 18:32:58.502  4014  4253 I art     : Explicit concurrent mark sweep GC freed 3(96B) AllocSpace objects, 0(0B) LOS objects, 23% free, 52MB/68MB, paused 594us total 25.366ms
08-03 18:32:58.590 30381 30381 I ServiceManager: Waiting for service AtCmdFwd...
08-03 18:32:58.663   380   380 W SurfaceFlinger: couldn't log to binary event log: overflow.
08-03 18:32:58.785  4014  4253 I art     : Starting a blocking GC Explicit
08-03 18:32:58.814  4014  4253 I art     : Explicit concurrent mark sweep GC freed 1463(87KB) AllocSpace objects, 1(20KB) LOS objects, 23% free, 52MB/68MB, paused 688us total 29.473ms
08-03 18:32:58.826  4014  4253 I art     : Starting a blocking GC Explicit
08-03 18:32:58.854  4014  4253 I art     : Explicit concurrent mark sweep GC freed 4698(269KB) AllocSpace objects, 2(140KB) LOS objects, 23% free, 52MB/68MB, paused 602us total 27.933ms
08-03 18:32:58.865  4014  4253 I art     : Starting a blocking GC Explicit
08-03 18:32:58.892  4014  4253 I art     : Explicit concurrent mark sweep GC freed 3(96B) AllocSpace objects, 0(0B) LOS objects, 23% free, 52MB/68MB, paused 580us total 26.844ms
08-03 18:32:58.903  4014  4253 I art     : Starting a blocking GC Explicit
08-03 18:32:58.930  4014  4253 I art     : Explicit concurrent mark sweep GC freed 3(96B) AllocSpace objects, 0(0B) LOS objects, 23% free, 52MB/68MB, paused 591us total 26.449ms
08-03 18:32:58.941  4014  4253 I art     : Starting a blocking GC Explicit
08-03 18:32:58.968  4014  4253 I art     : Explicit concurrent mark sweep GC freed 3(96B) AllocSpace objects, 0(0B) LOS objects, 23% free, 52MB/68MB, paused 607us total 26.783ms
08-03 18:32:59.274  4014  4027 I art     : Starting a blocking GC Explicit
08-03 18:32:59.306  4014  4027 I art     : Explicit concurrent mark sweep GC freed 1345(78KB) AllocSpace objects, 1(20KB) LOS objects, 23% free, 52MB/68MB, paused 633us total 31.889ms
08-03 18:32:59.319  4014  4027 I art     : Starting a blocking GC Explicit
08-03 18:32:59.346  4014  4027 I art     : Explicit concurrent mark sweep GC freed 20(704B) AllocSpace objects, 0(0B) LOS objects, 23% free, 52MB/68MB, paused 592us total 26.257ms
08-03 18:32:59.357  4014  4027 I art     : Starting a blocking GC Explicit
08-03 18:32:59.383  4014  4027 I art     : Explicit concurrent mark sweep GC freed 3(96B) AllocSpace objects, 0(0B) LOS objects, 23% free, 52MB/68MB, paused 590us total 26.045ms
08-03 18:32:59.394  4014  4027 I art     : Starting a blocking GC Explicit
08-03 18:32:59.421  4014  4027 I art     : Explicit concurrent mark sweep GC freed 3(96B) AllocSpace objects, 0(0B) LOS objects, 23% free, 52MB/68MB, paused 582us total 26.755ms
08-03 18:32:59.432  4014  4027 I art     : Starting a blocking GC Explicit
08-03 18:32:59.459  4014  4027 I art     : Explicit concurrent mark sweep GC freed 3(96B) AllocSpace objects, 0(0B) LOS objects, 23% free, 52MB/68MB, paused 576us total 26.515ms
08-03 18:32:59.591 30381 30381 I ServiceManager: Waiting for service AtCmdFwd...
08-03 18:32:59.733  4014  4252 I art     : Starting a blocking GC Explicit
08-03 18:32:59.760  4014  4252 I art     : Explicit concurrent mark sweep GC freed 1343(78KB) AllocSpace objects, 1(20KB) LOS objects, 23% free, 52MB/68MB, paused 591us total 26.725ms
08-03 18:32:59.771  4014  4252 I art     : Starting a blocking GC Explicit
08-03 18:32:59.797  4014  4252 I art     : Explicit concurrent mark sweep GC freed 20(704B) AllocSpace objects, 0(0B) LOS objects, 23% free, 52MB/68MB, paused 651us total 25.656ms
08-03 18:32:59.808  4014  4252 I art     : Starting a blocking GC Explicit
08-03 18:32:59.833  4014  4252 I art     : Explicit concurrent mark sweep GC freed 3(96B) AllocSpace objects, 0(0B) LOS objects, 23% free, 52MB/68MB, paused 648us total 25.227ms
08-03 18:32:59.845  4014  4252 I art     : Starting a blocking GC Explicit
08-03 18:32:59.870  4014  4252 I art     : Explicit concurrent mark sweep GC freed 3(96B) AllocSpace objects, 0(0B) LOS objects, 23% free, 52MB/68MB, paused 582us total 24.721ms
08-03 18:32:59.880  4014  4252 I art     : Starting a blocking GC Explicit
08-03 18:32:59.906  4014  4252 I art     : Explicit concurrent mark sweep GC freed 3(96B) AllocSpace objects, 0(0B) LOS objects, 23% free, 52MB/68MB, paused 569us total 25.149ms
08-03 18:33:00.108  6240  6240 D AndroidRuntime: >>>>>> START com.android.internal.os.RuntimeInit uid 2000 <<<<<<
08-03 18:33:00.113  6240  6240 D AndroidRuntime: CheckJNI is OFF
08-03 18:33:00.155  6240  6240 D ICU     : No timezone override file found: /data/misc/zoneinfo/current/icu/icu_tzdata.dat
08-03 18:33:00.195  6240  6240 I Radio-JNI: register_android_hardware_Radio DONE
08-03 18:33:00.203  4014  5613 I art     : Starting a blocking GC Explicit
08-03 18:33:00.225  6240  6240 D AndroidRuntime: Calling main entry com.android.commands.input.Input
08-03 18:33:00.227  6240  6240 I Input   : injectMotionEvent: MotionEvent { action=ACTION_DOWN, actionButton=0, id[0]=0, x[0]=648.0, y[0]=1050.0, toolType[0]=TOOL_TYPE_UNKNOWN, buttonState=0, metaState=0, flags=0x0, edgeFlags=0x0, pointerCount=1, historySize=0, eventTime=642796639, downTime=642796639, deviceId=0, source=0x1002 }
08-03 18:33:00.230  4014  5613 I art     : Explicit concurrent mark sweep GC freed 1371(79KB) AllocSpace objects, 1(20KB) LOS objects, 23% free, 52MB/68MB, paused 589us total 26.406ms
08-03 18:33:00.235  6240  6240 I Input   : injectMotionEvent: MotionEvent { action=ACTION_UP, actionButton=0, id[0]=0, x[0]=648.0, y[0]=1050.0, toolType[0]=TOOL_TYPE_UNKNOWN, buttonState=0, metaState=0, flags=0x0, edgeFlags=0x0, pointerCount=1, historySize=0, eventTime=642796639, downTime=642796639, deviceId=0, source=0x1002 }
08-03 18:33:00.238  6240  6240 D AndroidRuntime: Shutting down VM
08-03 18:33:00.242  4014  5613 I art     : Starting a blocking GC Explicit
08-03 18:33:00.255   512  2967 D audio_hw_primary: out_set_parameters: enter: usecase(1: low-latency-playback) kvpairs: routing=2
08-03 18:33:00.255   918  4400 I ActivityManager: START u0 {cmp=baseline.appteam.nith.hillffair/.activities.InformationActivity} from uid 10624 on display 0
08-03 18:33:00.268   512  2967 D audio_hw_primary: select_devices: out_snd_device(2: speaker) in_snd_device(0: none)
08-03 18:33:00.268   512  2967 D msm8974_platform: platform_send_audio_calibration: sending audio calibration for snd_device(2) acdb_id(15)
08-03 18:33:00.269  4014  5613 I art     : Explicit concurrent mark sweep GC freed 75(6KB) AllocSpace objects, 0(0B) LOS objects, 23% free, 52MB/68MB, paused 633us total 26.460ms
08-03 18:33:00.269   512  2967 I soundtrigger: audio_extn_sound_trigger_update_device_status: device 0x2 of type 0 for Event 1
08-03 18:33:00.280   512  2967 D audio_hw_primary: enable_snd_device: snd_device(2: speaker)
08-03 18:33:00.282  4014  5613 I art     : Starting a blocking GC Explicit
08-03 18:33:00.283   512  2967 D audio_hw_primary: enable_audio_route: apply and update mixer path: low-latency-playback speaker
08-03 18:33:00.309  4014  5613 I art     : Explicit concurrent mark sweep GC freed 778(59KB) AllocSpace objects, 0(0B) LOS objects, 23% free, 52MB/68MB, paused 858us total 27.497ms
08-03 18:33:00.320  4014  5613 I art     : Starting a blocking GC Explicit
08-03 18:33:00.344  4014  5613 I art     : Explicit concurrent mark sweep GC freed 173(14KB) AllocSpace objects, 0(0B) LOS objects, 23% free, 52MB/68MB, paused 554us total 23.727ms
08-03 18:33:00.354  4014  5613 I art     : Starting a blocking GC Explicit
08-03 18:33:00.379  4014  5613 I art     : Explicit concurrent mark sweep GC freed 108(3KB) AllocSpace objects, 0(0B) LOS objects, 23% free, 52MB/68MB, paused 686us total 24.744ms
08-03 18:33:00.406   918   936 I ActivityManager: Displayed baseline.appteam.nith.hillffair/.activities.InformationActivity: +141ms
08-03 18:33:00.406 13866 13866 I GoogleInputMethodServic: GoogleInputMethodService.onFinishInput():3138 
08-03 18:33:00.408 13866 13866 I GoogleInputMethodServic: GoogleInputMethodService.onStartInput():1808 
08-03 18:33:00.432  4014  4037 D OpenGLRenderer: endAllStagingAnimators on 0x7f7d9b2400 (RippleDrawable) with handle 0x7f7ccacb00
08-03 18:33:00.591 30381 30381 W Atfwd_Sendcmd: AtCmdFwd service not published, waiting... retryCnt : 5
08-03 18:33:00.666   380   380 W SurfaceFlinger: couldn't log to binary event log: overflow.
08-03 18:33:00.678  4014  4027 I art     : Starting a blocking GC Explicit
08-03 18:33:00.703  4014  4027 I art     : Explicit concurrent mark sweep GC freed 1431(81KB) AllocSpace objects, 1(20KB) LOS objects, 23% free, 52MB/68MB, paused 538us total 24.665ms
08-03 18:33:00.713  4014  4027 I art     : Starting a blocking GC Explicit
08-03 18:33:00.736  4014  4027 I art     : Explicit concurrent mark sweep GC freed 34(1168B) AllocSpace objects, 0(0B) LOS objects, 23% free, 52MB/68MB, paused 532us total 23.034ms
08-03 18:33:00.746  4014  4027 I art     : Starting a blocking GC Explicit
08-03 18:33:00.772  4014  4027 I art     : Explicit concurrent mark sweep GC freed 56(4KB) AllocSpace objects, 0(0B) LOS objects, 23% free, 52MB/68MB, paused 697us total 25.072ms
08-03 18:33:00.783  4014  4027 I art     : Starting a blocking GC Explicit
08-03 18:33:00.808  4014  4027 I art     : Explicit concurrent mark sweep GC freed 97(4KB) AllocSpace objects, 0(0B) LOS objects, 23% free, 52MB/68MB, paused 568us total 25.168ms
08-03 18:33:00.819  4014  4027 I art     : Starting a blocking GC Explicit
08-03 18:33:00.828   512  2967 D audio_hw_primary: disable_audio_route: reset and update mixer path: low-latency-playback speaker
08-03 18:33:00.829   512  2967 D audio_hw_primary: disable_snd_device: snd_device(2: speaker)
08-03 18:33:00.837   512  2967 I soundtrigger: audio_extn_sound_trigger_update_device_status: device 0x2 of type 0 for Event 0
08-03 18:33:00.845  4014  4027 I art     : Explicit concurrent mark sweep GC freed 11(352B) AllocSpace objects, 0(0B) LOS objects, 23% free, 52MB/68MB, paused 585us total 25.538ms
08-03 18:33:01.151  4014  4252 I art     : Starting a blocking GC Explicit
08-03 18:33:01.190  4014  4252 I art     : Explicit concurrent mark sweep GC freed 1344(78KB) AllocSpace objects, 1(20KB) LOS objects, 23% free, 52MB/68MB, paused 898us total 38.518ms
08-03 18:33:01.207  4014  4252 I art     : Starting a blocking GC Explicit
08-03 18:33:01.234  4014  4252 I art     : Explicit concurrent mark sweep GC freed 20(704B) AllocSpace objects, 0(0B) LOS objects, 23% free, 52MB/68MB, paused 555us total 27.328ms
08-03 18:33:01.246  4014  4252 I art     : Starting a blocking GC Explicit
08-03 18:33:01.273  4014  4252 I art     : Explicit concurrent mark sweep GC freed 3(96B) AllocSpace objects, 0(0B) LOS objects, 23% free, 52MB/68MB, paused 550us total 26.803ms
08-03 18:33:01.284  4014  4252 I art     : Starting a blocking GC Explicit
08-03 18:33:01.311  4014  4252 I art     : Explicit concurrent mark sweep GC freed 3(96B) AllocSpace objects, 0(0B) LOS objects, 23% free, 52MB/68MB, paused 584us total 26.721ms
08-03 18:33:01.322  4014  4252 I art     : Starting a blocking GC Explicit
08-03 18:33:01.350  4014  4252 I art     : Explicit concurrent mark sweep GC freed 3(96B) AllocSpace objects, 0(0B) LOS objects, 23% free, 52MB/68MB, paused 572us total 27.420ms
08-03 18:33:01.665  4014  5613 I art     : Starting a blocking GC Explicit
08-03 18:33:01.697  4014  5613 I art     : Explicit concurrent mark sweep GC freed 1344(78KB) AllocSpace objects, 1(20KB) LOS objects, 23% free, 52MB/68MB, paused 615us total 31.861ms
08-03 18:33:01.711  4014  5613 I art     : Starting a blocking GC Explicit
08-03 18:33:01.739  4014  5613 I art     : Explicit concurrent mark sweep GC freed 20(704B) AllocSpace objects, 0(0B) LOS objects, 23% free, 52MB/68MB, paused 586us total 27.505ms
08-03 18:33:01.750  4014  5613 I art     : Starting a blocking GC Explicit
08-03 18:33:01.775  4014  5613 I art     : Explicit concurrent mark sweep GC freed 3(96B) AllocSpace objects, 0(0B) LOS objects, 23% free, 52MB/68MB, paused 636us total 25.213ms
08-03 18:33:01.786  4014  5613 I art     : Starting a blocking GC Explicit
08-03 18:33:01.811  4014  5613 I art     : Explicit concurrent mark sweep GC freed 3(96B) AllocSpace objects, 0(0B) LOS objects, 23% free, 52MB/68MB, paused 642us total 24.055ms
08-03 18:33:01.821  4014  5613 I art     : Starting a blocking GC Explicit
08-03 18:33:01.848  4014  5613 I art     : Explicit concurrent mark sweep GC freed 3(96B) AllocSpace objects, 0(0B) LOS objects, 23% free, 52MB/68MB, paused 586us total 26.696ms
08-03 18:33:02.192  4014  4252 I art     : Starting a blocking GC Explicit
08-03 18:33:02.218  4014  4252 I art     : Explicit concurrent mark sweep GC freed 1374(79KB) AllocSpace objects, 1(20KB) LOS objects, 23% free, 52MB/68MB, paused 629us total 25.600ms
08-03 18:33:02.228  4014  4252 I art     : Starting a blocking GC Explicit
08-03 18:33:02.256  4014  4252 I art     : Explicit concurrent mark sweep GC freed 29(1040B) AllocSpace objects, 0(0B) LOS objects, 23% free, 52MB/68MB, paused 591us total 27.015ms
08-03 18:33:02.267  4014  4252 I art     : Starting a blocking GC Explicit
08-03 18:33:02.296  4014  4252 I art     : Explicit concurrent mark sweep GC freed 3(96B) AllocSpace objects, 0(0B) LOS objects, 23% free, 52MB/68MB, paused 585us total 28.842ms
08-03 18:33:02.308  4014  4252 I art     : Starting a blocking GC Explicit
08-03 18:33:02.336  4014  4252 I art     : Explicit concurrent mark sweep GC freed 3(96B) AllocSpace objects, 0(0B) LOS objects, 23% free, 52MB/68MB, paused 617us total 28.414ms
08-03 18:33:02.348  4014  4252 I art     : Starting a blocking GC Explicit
08-03 18:33:02.377  4014  4252 I art     : Explicit concurrent mark sweep GC freed 3(96B) AllocSpace objects, 0(0B) LOS objects, 23% free, 52MB/68MB, paused 605us total 28.414ms
08-03 18:33:02.699  4014  4026 I art     : Starting a blocking GC Explicit
08-03 18:33:02.731  4014  4026 I art     : Explicit concurrent mark sweep GC freed 1344(78KB) AllocSpace objects, 1(20KB) LOS objects, 23% free, 52MB/68MB, paused 573us total 32.120ms
08-03 18:33:02.743  4014  4026 I art     : Starting a blocking GC Explicit
08-03 18:33:02.773  4014  4026 I art     : Explicit concurrent mark sweep GC freed 20(704B) AllocSpace objects, 0(0B) LOS objects, 23% free, 52MB/68MB, paused 587us total 29.923ms
08-03 18:33:02.784  4014  4026 I art     : Starting a blocking GC Explicit
08-03 18:33:02.814  4014  4026 I art     : Explicit concurrent mark sweep GC freed 3(96B) AllocSpace objects, 0(0B) LOS objects, 23% free, 52MB/68MB, paused 601us total 29.526ms
08-03 18:33:02.825  4014  4026 I art     : Starting a blocking GC Explicit
08-03 18:33:02.854  4014  4026 I art     : Explicit concurrent mark sweep GC freed 3(96B) AllocSpace objects, 0(0B) LOS objects, 23% free, 52MB/68MB, paused 585us total 28.090ms
08-03 18:33:02.865  4014  4026 I art     : Starting a blocking GC Explicit
08-03 18:33:02.896  4014  4026 I art     : Explicit concurrent mark sweep GC freed 3(96B) AllocSpace objects, 0(0B) LOS objects, 23% free, 52MB/68MB, paused 585us total 29.873ms
08-03 18:33:03.239  4014  4027 I art     : Starting a blocking GC Explicit
08-03 18:33:03.274  4014  4027 I art     : Explicit concurrent mark sweep GC freed 1344(78KB) AllocSpace objects, 1(20KB) LOS objects, 23% free, 52MB/68MB, paused 644us total 34.754ms
08-03 18:33:03.288  4014  4027 I art     : Starting a blocking GC Explicit
08-03 18:33:03.318  4014  4027 I art     : Explicit concurrent mark sweep GC freed 20(704B) AllocSpace objects, 0(0B) LOS objects, 23% free, 52MB/68MB, paused 656us total 29.723ms
08-03 18:33:03.329  4014  4027 I art     : Starting a blocking GC Explicit
08-03 18:33:03.357  4014  4027 I art     : Explicit concurrent mark sweep GC freed 3(96B) AllocSpace objects, 0(0B) LOS objects, 23% free, 52MB/68MB, paused 702us total 27.918ms
08-03 18:33:03.369  4014  4027 I art     : Starting a blocking GC Explicit
08-03 18:33:03.399  4014  4027 I art     : Explicit concurrent mark sweep GC freed 3(96B) AllocSpace objects, 0(0B) LOS objects, 23% free, 52MB/68MB, paused 601us total 29.778ms
08-03 18:33:03.410  4014  4027 I art     : Starting a blocking GC Explicit
08-03 18:33:03.440  4014  4027 I art     : Explicit concurrent mark sweep GC freed 3(96B) AllocSpace objects, 0(0B) LOS objects, 23% free, 52MB/68MB, paused 605us total 29.271ms
08-03 18:33:03.771  4014  5613 I art     : Starting a blocking GC Explicit
08-03 18:33:03.809  4014  5613 I art     : Explicit concurrent mark sweep GC freed 1344(78KB) AllocSpace objects, 1(20KB) LOS objects, 23% free, 52MB/68MB, paused 690us total 37.134ms
08-03 18:33:03.823  4014  5613 I art     : Starting a blocking GC Explicit
08-03 18:33:03.851  4014  5613 I art     : Explicit concurrent mark sweep GC freed 20(704B) AllocSpace objects, 0(0B) LOS objects, 23% free, 52MB/68MB, paused 584us total 27.334ms
08-03 18:33:03.862  4014  5613 I art     : Starting a blocking GC Explicit
08-03 18:33:03.892  4014  5613 I art     : Explicit concurrent mark sweep GC freed 3(96B) AllocSpace objects, 0(0B) LOS objects, 23% free, 52MB/68MB, paused 593us total 29.068ms
08-03 18:33:03.903  4014  5613 I art     : Starting a blocking GC Explicit
08-03 18:33:03.932  4014  5613 I art     : Explicit concurrent mark sweep GC freed 3(96B) AllocSpace objects, 0(0B) LOS objects, 23% free, 52MB/68MB, paused 583us total 28.087ms
08-03 18:33:03.943  4014  5613 I art     : Starting a blocking GC Explicit
08-03 18:33:03.971  4014  5613 I art     : Explicit concurrent mark sweep GC freed 3(96B) AllocSpace objects, 0(0B) LOS objects, 23% free, 52MB/68MB, paused 610us total 28.010ms
08-03 18:33:04.304  4014  4253 I art     : Starting a blocking GC Explicit
08-03 18:33:04.337  4014  4253 I art     : Explicit concurrent mark sweep GC freed 1344(78KB) AllocSpace objects, 1(20KB) LOS objects, 23% free, 52MB/68MB, paused 630us total 32.692ms
08-03 18:33:04.337  4014  4025 I art     : WaitForGcToComplete blocked for 30.535ms for cause HeapTrim
08-03 18:33:04.350  4014  4253 I art     : Starting a blocking GC Explicit
08-03 18:33:04.380  4014  4253 I art     : Explicit concurrent mark sweep GC freed 20(704B) AllocSpace objects, 0(0B) LOS objects, 23% free, 52MB/68MB, paused 601us total 29.787ms
08-03 18:33:04.392  4014  4253 I art     : Starting a blocking GC Explicit
08-03 18:33:04.422  4014  4253 I art     : Explicit concurrent mark sweep GC freed 3(96B) AllocSpace objects, 0(0B) LOS objects, 23% free, 52MB/68MB, paused 590us total 29.647ms
08-03 18:33:04.433  4014  4253 I art     : Starting a blocking GC Explicit
08-03 18:33:04.461  4014  4253 I art     : Explicit concurrent mark sweep GC freed 3(96B) AllocSpace objects, 0(0B) LOS objects, 23% free, 52MB/68MB, paused 582us total 27.906ms
08-03 18:33:04.472  4014  4253 I art     : Starting a blocking GC Explicit
08-03 18:33:04.500  4014  4253 I art     : Explicit concurrent mark sweep GC freed 3(96B) AllocSpace objects, 0(0B) LOS objects, 23% free, 52MB/68MB, paused 572us total 27.458ms
08-03 18:33:04.792  4014  4252 I art     : Starting a blocking GC Explicit
08-03 18:33:04.820  4014  4252 I art     : Explicit concurrent mark sweep GC freed 1344(78KB) AllocSpace objects, 1(20KB) LOS objects, 23% free, 52MB/68MB, paused 601us total 27.966ms
08-03 18:33:04.832  4014  4252 I art     : Starting a blocking GC Explicit
08-03 18:33:04.860  4014  4252 I art     : Explicit concurrent mark sweep GC freed 20(704B) AllocSpace objects, 0(0B) LOS objects, 23% free, 52MB/68MB, paused 652us total 28.124ms
08-03 18:33:04.871  4014  4252 I art     : Starting a blocking GC Explicit
08-03 18:33:04.900  4014  4252 I art     : Explicit concurrent mark sweep GC freed 3(96B) AllocSpace objects, 0(0B) LOS objects, 23% free, 52MB/68MB, paused 602us total 28.241ms
08-03 18:33:04.911  4014  4252 I art     : Starting a blocking GC Explicit
08-03 18:33:04.939  4014  4252 I art     : Explicit concurrent mark sweep GC freed 3(96B) AllocSpace objects, 0(0B) LOS objects, 23% free, 52MB/68MB, paused 620us total 27.364ms
08-03 18:33:04.950  4014  4252 I art     : Starting a blocking GC Explicit
08-03 18:33:04.978  4014  4252 I art     : Explicit concurrent mark sweep GC freed 3(96B) AllocSpace objects, 0(0B) LOS objects, 23% free, 52MB/68MB, paused 641us total 27.958ms
08-03 18:33:05.046  6371  6371 D AndroidRuntime: >>>>>> START com.android.internal.os.RuntimeInit uid 2000 <<<<<<
08-03 18:33:05.053  6371  6371 D AndroidRuntime: CheckJNI is OFF
08-03 18:33:05.104  6371  6371 D ICU     : No timezone override file found: /data/misc/zoneinfo/current/icu/icu_tzdata.dat
08-03 18:33:05.151  6371  6371 I Radio-JNI: register_android_hardware_Radio DONE
08-03 18:33:05.180  6371  6371 D AndroidRuntime: Calling main entry com.android.commands.input.Input
08-03 18:33:05.182  6371  6371 I Input   : injectKeyEvent: KeyEvent { action=ACTION_DOWN, keyCode=KEYCODE_BACK, scanCode=0, metaState=0, flags=0x0, repeatCount=0, eventTime=642801595, downTime=642801595, deviceId=-1, source=0x101 }
08-03 18:33:05.187  6371  6371 I Input   : injectKeyEvent: KeyEvent { action=ACTION_UP, keyCode=KEYCODE_BACK, scanCode=0, metaState=0, flags=0x0, repeatCount=0, eventTime=642801595, downTime=642801595, deviceId=-1, source=0x101 }
08-03 18:33:05.194  6371  6371 D AndroidRuntime: Shutting down VM
08-03 18:33:05.230 13866 13866 I GoogleInputMethodServic: GoogleInputMethodService.onFinishInput():3138 
08-03 18:33:05.231 13866 13866 I GoogleInputMethodServic: GoogleInputMethodService.onStartInput():1808 
08-03 18:33:05.290  4014  4252 I art     : Starting a blocking GC Explicit
08-03 18:33:05.315  4014  4252 I art     : Explicit concurrent mark sweep GC freed 1484(84KB) AllocSpace objects, 1(20KB) LOS objects, 23% free, 52MB/68MB, paused 571us total 24.260ms
08-03 18:33:05.325  4014  4252 I art     : Starting a blocking GC Explicit
08-03 18:33:05.350  4014  4252 I art     : Explicit concurrent mark sweep GC freed 26(944B) AllocSpace objects, 0(0B) LOS objects, 23% free, 52MB/68MB, paused 576us total 25.040ms
08-03 18:33:05.362  4014  4252 I art     : Starting a blocking GC Explicit
08-03 18:33:05.391  4014  4252 I art     : Explicit concurrent mark sweep GC freed 3(96B) AllocSpace objects, 0(0B) LOS objects, 23% free, 52MB/68MB, paused 640us total 28.401ms
08-03 18:33:05.405  4014  4252 I art     : Starting a blocking GC Explicit
08-03 18:33:05.436  4014  4252 I art     : Explicit concurrent mark sweep GC freed 3(96B) AllocSpace objects, 0(0B) LOS objects, 23% free, 52MB/68MB, paused 554us total 30.954ms
08-03 18:33:05.450  4014  4252 I art     : Starting a blocking GC Explicit
08-03 18:33:05.482  4014  4252 I art     : Explicit concurrent mark sweep GC freed 3(96B) AllocSpace objects, 0(0B) LOS objects, 23% free, 52MB/68MB, paused 580us total 31.521ms
08-03 18:33:05.536   380   380 W SurfaceFlinger: couldn't log to binary event log: overflow.
08-03 18:33:05.764  4014  4252 I art     : Starting a blocking GC Explicit
08-03 18:33:05.797  4014  4252 I art     : Explicit concurrent mark sweep GC freed 1454(87KB) AllocSpace objects, 1(20KB) LOS objects, 23% free, 52MB/68MB, paused 624us total 32.818ms
08-03 18:33:05.810  4014  4252 I art     : Starting a blocking GC Explicit
08-03 18:33:05.837  4014  4252 I art     : Explicit concurrent mark sweep GC freed 1401(90KB) AllocSpace objects, 1(28KB) LOS objects, 23% free, 52MB/68MB, paused 565us total 26.084ms
08-03 18:33:05.848  4014  4252 I art     : Starting a blocking GC Explicit
08-03 18:33:05.874  4014  4252 I art     : Explicit concurrent mark sweep GC freed 3(96B) AllocSpace objects, 0(0B) LOS objects, 23% free, 52MB/68MB, paused 574us total 26.115ms
08-03 18:33:05.885  4014  4252 I art     : Starting a blocking GC Explicit
08-03 18:33:05.912  4014  4252 I art     : Explicit concurrent mark sweep GC freed 3(96B) AllocSpace objects, 0(0B) LOS objects, 23% free, 52MB/68MB, paused 570us total 26.544ms
08-03 18:33:05.923  4014  4252 I art     : Starting a blocking GC Explicit
08-03 18:33:05.949  4014  4252 I art     : Explicit concurrent mark sweep GC freed 3(96B) AllocSpace objects, 0(0B) LOS objects, 23% free, 52MB/68MB, paused 575us total 26.108ms
08-03 18:33:06.261  4014  5613 I art     : Starting a blocking GC Explicit
08-03 18:33:06.297  4014  5613 I art     : Explicit concurrent mark sweep GC freed 1344(78KB) AllocSpace objects, 1(20KB) LOS objects, 23% free, 52MB/68MB, paused 651us total 35.131ms
08-03 18:33:06.311  4014  5613 I art     : Starting a blocking GC Explicit
08-03 18:33:06.337  4014  5613 I art     : Explicit concurrent mark sweep GC freed 20(704B) AllocSpace objects, 0(0B) LOS objects, 23% free, 52MB/68MB, paused 649us total 26.034ms
08-03 18:33:06.348  4014  5613 I art     : Starting a blocking GC Explicit
08-03 18:33:06.375  4014  5613 I art     : Explicit concurrent mark sweep GC freed 3(96B) AllocSpace objects, 0(0B) LOS objects, 23% free, 52MB/68MB, paused 588us total 26.682ms
08-03 18:33:06.386  4014  5613 I art     : Starting a blocking GC Explicit
08-03 18:33:06.412  4014  5613 I art     : Explicit concurrent mark sweep GC freed 3(96B) AllocSpace objects, 0(0B) LOS objects, 23% free, 52MB/68MB, paused 585us total 26.173ms
08-03 18:33:06.424  4014  5613 I art     : Starting a blocking GC Explicit
08-03 18:33:06.449  4014  5613 I art     : Explicit concurrent mark sweep GC freed 3(96B) AllocSpace objects, 0(0B) LOS objects, 23% free, 52MB/68MB, paused 563us total 24.972ms
08-03 18:33:06.734  4014  4026 I art     : Starting a blocking GC Explicit
08-03 18:33:06.760  4014  4026 I art     : Explicit concurrent mark sweep GC freed 1343(78KB) AllocSpace objects, 1(20KB) LOS objects, 23% free, 52MB/68MB, paused 591us total 26.270ms
08-03 18:33:06.771  4014  4026 I art     : Starting a blocking GC Explicit
08-03 18:33:06.795  4014  4026 I art     : Explicit concurrent mark sweep GC freed 20(704B) AllocSpace objects, 0(0B) LOS objects, 23% free, 52MB/68MB, paused 569us total 23.093ms
08-03 18:33:06.805  4014  4026 I art     : Starting a blocking GC Explicit
08-03 18:33:06.829  4014  4026 I art     : Explicit concurrent mark sweep GC freed 4(128B) AllocSpace objects, 0(0B) LOS objects, 23% free, 52MB/68MB, paused 574us total 24.020ms
08-03 18:33:06.841  4014  4026 I art     : Starting a blocking GC Explicit
08-03 18:33:06.867  4014  4026 I art     : Explicit concurrent mark sweep GC freed 7(224B) AllocSpace objects, 0(0B) LOS objects, 23% free, 52MB/68MB, paused 660us total 25.843ms
08-03 18:33:06.878  4014  4026 I art     : Starting a blocking GC Explicit
08-03 18:33:06.904  4014  4026 I art     : Explicit concurrent mark sweep GC freed 8(256B) AllocSpace objects, 0(0B) LOS objects, 23% free, 52MB/68MB, paused 583us total 25.796ms
08-03 18:33:06.970  6425  6425 D AndroidRuntime: >>>>>> START com.android.internal.os.RuntimeInit uid 2000 <<<<<<
08-03 18:33:06.976  6425  6425 D AndroidRuntime: CheckJNI is OFF
08-03 18:33:07.020  6425  6425 D ICU     : No timezone override file found: /data/misc/zoneinfo/current/icu/icu_tzdata.dat
08-03 18:33:07.065  6425  6425 I Radio-JNI: register_android_hardware_Radio DONE
08-03 18:33:07.093  6425  6425 D AndroidRuntime: Calling main entry com.android.commands.input.Input
08-03 18:33:07.096  6425  6425 I Input   : injectMotionEvent: MotionEvent { action=ACTION_DOWN, actionButton=0, id[0]=0, x[0]=756.0, y[0]=1530.0, toolType[0]=TOOL_TYPE_UNKNOWN, buttonState=0, metaState=0, flags=0x0, edgeFlags=0x0, pointerCount=1, historySize=0, eventTime=642803509, downTime=642803509, deviceId=0, source=0x1002 }
08-03 18:33:07.103  6425  6425 I Input   : injectMotionEvent: MotionEvent { action=ACTION_UP, actionButton=0, id[0]=0, x[0]=756.0, y[0]=1530.0, toolType[0]=TOOL_TYPE_UNKNOWN, buttonState=0, metaState=0, flags=0x0, edgeFlags=0x0, pointerCount=1, historySize=0, eventTime=642803509, downTime=642803509, deviceId=0, source=0x1002 }
08-03 18:33:07.107  6425  6425 D AndroidRuntime: Shutting down VM
08-03 18:33:07.124   918  3359 I ActivityManager: START u0 {cmp=baseline.appteam.nith.hillffair/.activities.LeaderBoardActivity} from uid 10624 on display 0
08-03 18:33:07.124   512  2967 D audio_hw_primary: out_set_parameters: enter: usecase(1: low-latency-playback) kvpairs: routing=2
08-03 18:33:07.137   512  2967 D audio_hw_primary: select_devices: out_snd_device(2: speaker) in_snd_device(0: none)
08-03 18:33:07.137   512  2967 D msm8974_platform: platform_send_audio_calibration: sending audio calibration for snd_device(2) acdb_id(15)
08-03 18:33:07.138   512  2967 I soundtrigger: audio_extn_sound_trigger_update_device_status: device 0x2 of type 0 for Event 1
08-03 18:33:07.148   512  2967 D audio_hw_primary: enable_snd_device: snd_device(2: speaker)
08-03 18:33:07.150   512  2967 D audio_hw_primary: enable_audio_route: apply and update mixer path: low-latency-playback speaker
08-03 18:33:07.211  4014  4014 E RecyclerView: No adapter attached; skipping layout
08-03 18:33:07.215  4014  4014 E RecyclerView: No adapter attached; skipping layout
08-03 18:33:07.219  4014  5613 I art     : Starting a blocking GC Explicit
08-03 18:33:07.234   918   936 I ActivityManager: Displayed baseline.appteam.nith.hillffair/.activities.LeaderBoardActivity: +101ms
08-03 18:33:07.235 13866 13866 I GoogleInputMethodServic: GoogleInputMethodService.onFinishInput():3138 
08-03 18:33:07.236 13866 13866 I GoogleInputMethodServic: GoogleInputMethodService.onStartInput():1808 
08-03 18:33:07.237  4014  4014 E RecyclerView: No adapter attached; skipping layout
08-03 18:33:07.252  4014  5613 I art     : Explicit concurrent mark sweep GC freed 6617(400KB) AllocSpace objects, 1(20KB) LOS objects, 23% free, 52MB/68MB, paused 696us total 32.051ms
08-03 18:33:07.263  4014  4037 D OpenGLRenderer: endAllStagingAnimators on 0x7f7d9b2c00 (RippleDrawable) with handle 0x7f80751980
08-03 18:33:07.264  4014  5613 I art     : Starting a blocking GC Explicit
08-03 18:33:07.290  4014  5613 I art     : Explicit concurrent mark sweep GC freed 279(12KB) AllocSpace objects, 0(0B) LOS objects, 23% free, 52MB/68MB, paused 675us total 26.224ms
08-03 18:33:07.301  4014  5613 I art     : Starting a blocking GC Explicit
08-03 18:33:07.326  4014  5613 I art     : Explicit concurrent mark sweep GC freed 27(960B) AllocSpace objects, 0(0B) LOS objects, 23% free, 52MB/68MB, paused 701us total 25.094ms
08-03 18:33:07.336  4014  5613 I art     : Starting a blocking GC Explicit
08-03 18:33:07.361  4014  5613 I art     : Explicit concurrent mark sweep GC freed 10(384B) AllocSpace objects, 0(0B) LOS objects, 23% free, 52MB/68MB, paused 600us total 24.307ms
08-03 18:33:07.371  4014  5613 I art     : Starting a blocking GC Explicit
08-03 18:33:07.399  4014  5613 I art     : Explicit concurrent mark sweep GC freed 5(160B) AllocSpace objects, 0(0B) LOS objects, 23% free, 52MB/68MB, paused 621us total 27.393ms
08-03 18:33:07.489   380   380 W SurfaceFlinger: couldn't log to binary event log: overflow.
08-03 18:33:07.649  4014  6458 D OkHttp  : --> GET https://api-hillfair-2k16.herokuapp.com/api/app/quiz/leaderboard?from=1 http/1.1
08-03 18:33:07.683  4014  5613 I art     : Starting a blocking GC Explicit
08-03 18:33:07.685  4014  6458 D OkHttp  : <-- 200 OK https://api-hillfair-2k16.herokuapp.com/api/app/quiz/leaderboard?from=1 (35ms, 56744-byte body)
08-03 18:33:07.690   512  2967 D audio_hw_primary: disable_audio_route: reset and update mixer path: low-latency-playback speaker
08-03 18:33:07.691   512  2967 D audio_hw_primary: disable_snd_device: snd_device(2: speaker)
08-03 18:33:07.700   512  2967 I soundtrigger: audio_extn_sound_trigger_update_device_status: device 0x2 of type 0 for Event 0
08-03 18:33:07.711  4014  5613 I art     : Explicit concurrent mark sweep GC freed 4281(252KB) AllocSpace objects, 4(220KB) LOS objects, 23% free, 53MB/69MB, paused 692us total 28.101ms
08-03 18:33:07.722  4014  5613 I art     : Starting a blocking GC Explicit
08-03 18:33:07.750  4014  5613 I art     : Explicit concurrent mark sweep GC freed 12531(648KB) AllocSpace objects, 0(0B) LOS objects, 23% free, 53MB/69MB, paused 775us total 27.870ms
08-03 18:33:07.762  4014  5613 I art     : Starting a blocking GC Explicit
08-03 18:33:07.788  4014  5613 I art     : Explicit concurrent mark sweep GC freed 13155(589KB) AllocSpace objects, 0(0B) LOS objects, 23% free, 53MB/69MB, paused 688us total 26.452ms
08-03 18:33:07.790  4014  4014 I NAPPA_EXPERIMENTATION: MetricNetworkRequestExecutionTime: REQUEST_DURATION_SYSTEM='622',REQUEST_DURATION_OKHTTP='35',REQUEST_SYNCHRONOUS='FALSE',RESPONSE_CODE='200',RESPONSE_METHOD='GET',RESPONSE_LENGTH_OKHTTP='56744',RESPONSE_LENGTH_HEADER='56744',REQUEST_PROTOCOL='http/1.1',REQUEST_URL='https://api-hillfair-2k16.herokuapp.com/api/app/quiz/leaderboard?from=1',
08-03 18:33:07.799  4014  5613 I art     : Starting a blocking GC Explicit
08-03 18:33:07.825  4014  5613 I art     : Explicit concurrent mark sweep GC freed 845(57KB) AllocSpace objects, 0(0B) LOS objects, 23% free, 53MB/69MB, paused 1.015ms total 25.868ms
08-03 18:33:07.835  4014  5613 I art     : Starting a blocking GC Explicit
08-03 18:33:07.863  4014  5613 I art     : Explicit concurrent mark sweep GC freed 672(25KB) AllocSpace objects, 0(0B) LOS objects, 23% free, 53MB/69MB, paused 735us total 27.500ms
08-03 18:33:08.178  4014  4253 I art     : Starting a blocking GC Explicit
08-03 18:33:08.219  4014  4253 I art     : Explicit concurrent mark sweep GC freed 1419(80KB) AllocSpace objects, 1(20KB) LOS objects, 23% free, 53MB/69MB, paused 694us total 40.628ms
08-03 18:33:08.237  4014  4253 I art     : Starting a blocking GC Explicit
08-03 18:33:08.266  4014  4253 I art     : Explicit concurrent mark sweep GC freed 22(800B) AllocSpace objects, 0(0B) LOS objects, 23% free, 53MB/69MB, paused 613us total 28.924ms
08-03 18:33:08.278  4014  4253 I art     : Starting a blocking GC Explicit
08-03 18:33:08.308  4014  4253 I art     : Explicit concurrent mark sweep GC freed 3(96B) AllocSpace objects, 0(0B) LOS objects, 23% free, 53MB/69MB, paused 643us total 29.563ms
08-03 18:33:08.319  4014  4253 I art     : Starting a blocking GC Explicit
08-03 18:33:08.348  4014  4253 I art     : Explicit concurrent mark sweep GC freed 3(96B) AllocSpace objects, 0(0B) LOS objects, 23% free, 53MB/69MB, paused 623us total 28.523ms
08-03 18:33:08.360  4014  4253 I art     : Starting a blocking GC Explicit
08-03 18:33:08.389  4014  4253 I art     : Explicit concurrent mark sweep GC freed 3(96B) AllocSpace objects, 0(0B) LOS objects, 23% free, 53MB/69MB, paused 593us total 28.874ms
08-03 18:33:08.707  4014  4252 I art     : Starting a blocking GC Explicit
08-03 18:33:08.744  4014  4252 I art     : Explicit concurrent mark sweep GC freed 1344(78KB) AllocSpace objects, 1(20KB) LOS objects, 23% free, 53MB/69MB, paused 688us total 36.841ms
08-03 18:33:08.762  4014  4252 I art     : Starting a blocking GC Explicit
08-03 18:33:08.797  4014  4252 I art     : Explicit concurrent mark sweep GC freed 20(704B) AllocSpace objects, 0(0B) LOS objects, 23% free, 53MB/69MB, paused 702us total 35.377ms
08-03 18:33:08.809  4014  4252 I art     : Starting a blocking GC Explicit
08-03 18:33:08.841  4014  4252 I art     : Explicit concurrent mark sweep GC freed 3(96B) AllocSpace objects, 0(0B) LOS objects, 23% free, 53MB/69MB, paused 648us total 31.929ms
08-03 18:33:08.853  4014  4252 I art     : Starting a blocking GC Explicit
08-03 18:33:08.885  4014  4252 I art     : Explicit concurrent mark sweep GC freed 3(96B) AllocSpace objects, 0(0B) LOS objects, 23% free, 53MB/69MB, paused 635us total 31.672ms
08-03 18:33:08.897  4014  4252 I art     : Starting a blocking GC Explicit
08-03 18:33:08.928  4014  4252 I art     : Explicit concurrent mark sweep GC freed 3(96B) AllocSpace objects, 0(0B) LOS objects, 23% free, 53MB/69MB, paused 658us total 30.994ms
08-03 18:33:09.268  4014  4027 I art     : Starting a blocking GC Explicit
08-03 18:33:09.306  4014  4027 I art     : Explicit concurrent mark sweep GC freed 1344(78KB) AllocSpace objects, 1(20KB) LOS objects, 23% free, 53MB/69MB, paused 636us total 37.055ms
08-03 18:33:09.320  4014  4027 I art     : Starting a blocking GC Explicit
08-03 18:33:09.353  4014  4027 I art     : Explicit concurrent mark sweep GC freed 20(704B) AllocSpace objects, 0(0B) LOS objects, 23% free, 53MB/69MB, paused 598us total 32.885ms
08-03 18:33:09.365  4014  4027 I art     : Starting a blocking GC Explicit
08-03 18:33:09.395  4014  4027 I art     : Explicit concurrent mark sweep GC freed 3(96B) AllocSpace objects, 0(0B) LOS objects, 23% free, 53MB/69MB, paused 637us total 29.673ms
08-03 18:33:09.395  4014  4025 I art     : WaitForGcToComplete blocked for 14.507ms for cause HeapTrim
08-03 18:33:09.407  4014  4027 I art     : Starting a blocking GC Explicit
08-03 18:33:09.439  4014  4027 I art     : Explicit concurrent mark sweep GC freed 3(96B) AllocSpace objects, 0(0B) LOS objects, 23% free, 53MB/69MB, paused 634us total 31.837ms
08-03 18:33:09.451  4014  4027 I art     : Starting a blocking GC Explicit
08-03 18:33:09.482  4014  4027 I art     : Explicit concurrent mark sweep GC freed 3(96B) AllocSpace objects, 0(0B) LOS objects, 23% free, 53MB/69MB, paused 621us total 31.246ms
08-03 18:33:09.660   918  3261 D WifiStateMachine: starting scan for "H369AA63323"WPA_PSK with 2412,5180
08-03 18:33:09.817  4014  5613 I art     : Starting a blocking GC Explicit
08-03 18:33:09.853  4014  5613 I art     : Explicit concurrent mark sweep GC freed 1344(78KB) AllocSpace objects, 1(20KB) LOS objects, 23% free, 53MB/69MB, paused 651us total 34.904ms
08-03 18:33:09.867  4014  5613 I art     : Starting a blocking GC Explicit
08-03 18:33:09.899  4014  5613 I art     : Explicit concurrent mark sweep GC freed 20(704B) AllocSpace objects, 0(0B) LOS objects, 23% free, 53MB/69MB, paused 632us total 31.898ms
08-03 18:33:09.911  4014  5613 I art     : Starting a blocking GC Explicit
08-03 18:33:09.944  4014  5613 I art     : Explicit concurrent mark sweep GC freed 3(96B) AllocSpace objects, 0(0B) LOS objects, 23% free, 53MB/69MB, paused 624us total 31.994ms
08-03 18:33:09.955  4014  5613 I art     : Starting a blocking GC Explicit
08-03 18:33:09.987  4014  5613 I art     : Explicit concurrent mark sweep GC freed 3(96B) AllocSpace objects, 0(0B) LOS objects, 23% free, 53MB/69MB, paused 723us total 31.169ms
08-03 18:33:09.999  4014  5613 I art     : Starting a blocking GC Explicit
08-03 18:33:10.030  4014  5613 I art     : Explicit concurrent mark sweep GC freed 3(96B) AllocSpace objects, 0(0B) LOS objects, 23% free, 53MB/69MB, paused 629us total 31.463ms
08-03 18:33:10.365  4014  4026 I art     : Starting a blocking GC Explicit
08-03 18:33:10.408  4014  4026 I art     : Explicit concurrent mark sweep GC freed 1344(78KB) AllocSpace objects, 1(20KB) LOS objects, 23% free, 53MB/69MB, paused 675us total 41.961ms
08-03 18:33:10.424  4014  4026 I art     : Starting a blocking GC Explicit
08-03 18:33:10.456  4014  4026 I art     : Explicit concurrent mark sweep GC freed 20(704B) AllocSpace objects, 0(0B) LOS objects, 23% free, 53MB/69MB, paused 601us total 31.084ms
08-03 18:33:10.467  4014  4026 I art     : Starting a blocking GC Explicit
08-03 18:33:10.499  4014  4026 I art     : Explicit concurrent mark sweep GC freed 3(96B) AllocSpace objects, 0(0B) LOS objects, 23% free, 53MB/69MB, paused 626us total 31.800ms
08-03 18:33:10.511  4014  4026 I art     : Starting a blocking GC Explicit
08-03 18:33:10.544  4014  4026 I art     : Explicit concurrent mark sweep GC freed 3(96B) AllocSpace objects, 0(0B) LOS objects, 23% free, 53MB/69MB, paused 659us total 32.083ms
08-03 18:33:10.555  4014  4026 I art     : Starting a blocking GC Explicit
08-03 18:33:10.587  4014  4026 I art     : Explicit concurrent mark sweep GC freed 3(96B) AllocSpace objects, 0(0B) LOS objects, 23% free, 53MB/69MB, paused 796us total 31.484ms
08-03 18:33:10.907  4014  4253 I art     : Starting a blocking GC Explicit
08-03 18:33:10.946  4014  4253 I art     : Explicit concurrent mark sweep GC freed 1344(78KB) AllocSpace objects, 1(20KB) LOS objects, 23% free, 53MB/69MB, paused 670us total 37.787ms
08-03 18:33:10.960  4014  4253 I art     : Starting a blocking GC Explicit
08-03 18:33:10.992  4014  4253 I art     : Explicit concurrent mark sweep GC freed 20(704B) AllocSpace objects, 0(0B) LOS objects, 23% free, 53MB/69MB, paused 630us total 32.254ms
08-03 18:33:11.004  4014  4253 I art     : Starting a blocking GC Explicit
08-03 18:33:11.036  4014  4253 I art     : Explicit concurrent mark sweep GC freed 3(96B) AllocSpace objects, 0(0B) LOS objects, 23% free, 53MB/69MB, paused 621us total 31.463ms
08-03 18:33:11.047  4014  4253 I art     : Starting a blocking GC Explicit
08-03 18:33:11.079  4014  4253 I art     : Explicit concurrent mark sweep GC freed 3(96B) AllocSpace objects, 0(0B) LOS objects, 23% free, 53MB/69MB, paused 621us total 31.107ms
08-03 18:33:11.091  4014  4253 I art     : Starting a blocking GC Explicit
08-03 18:33:11.123  4014  4253 I art     : Explicit concurrent mark sweep GC freed 3(96B) AllocSpace objects, 0(0B) LOS objects, 23% free, 53MB/69MB, paused 614us total 31.546ms
08-03 18:33:11.453  4014  4252 I art     : Starting a blocking GC Explicit
08-03 18:33:11.488  4014  4252 I art     : Explicit concurrent mark sweep GC freed 1344(78KB) AllocSpace objects, 1(20KB) LOS objects, 23% free, 53MB/69MB, paused 695us total 34.028ms
08-03 18:33:11.502  4014  4252 I art     : Starting a blocking GC Explicit
08-03 18:33:11.532  4014  4252 I art     : Explicit concurrent mark sweep GC freed 20(704B) AllocSpace objects, 0(0B) LOS objects, 23% free, 53MB/69MB, paused 645us total 29.785ms
08-03 18:33:11.544  4014  4252 I art     : Starting a blocking GC Explicit
08-03 18:33:11.574  4014  4252 I art     : Explicit concurrent mark sweep GC freed 3(96B) AllocSpace objects, 0(0B) LOS objects, 23% free, 53MB/69MB, paused 643us total 30.207ms
08-03 18:33:11.586  4014  4252 I art     : Starting a blocking GC Explicit
08-03 18:33:11.616  4014  4252 I art     : Explicit concurrent mark sweep GC freed 3(96B) AllocSpace objects, 0(0B) LOS objects, 23% free, 53MB/69MB, paused 673us total 30.318ms
08-03 18:33:11.628  4014  4252 I art     : Starting a blocking GC Explicit
08-03 18:33:11.658  4014  4252 I art     : Explicit concurrent mark sweep GC freed 3(96B) AllocSpace objects, 0(0B) LOS objects, 23% free, 53MB/69MB, paused 665us total 30.095ms
08-03 18:33:11.898  6536  6536 D AndroidRuntime: >>>>>> START com.android.internal.os.RuntimeInit uid 2000 <<<<<<
08-03 18:33:11.904  6536  6536 D AndroidRuntime: CheckJNI is OFF
08-03 18:33:11.947  6536  6536 D ICU     : No timezone override file found: /data/misc/zoneinfo/current/icu/icu_tzdata.dat
08-03 18:33:11.958  4014  4027 I art     : Starting a blocking GC Explicit
08-03 18:33:11.987  4014  4027 I art     : Explicit concurrent mark sweep GC freed 1344(78KB) AllocSpace objects, 1(20KB) LOS objects, 23% free, 53MB/69MB, paused 769us total 28.905ms
08-03 18:33:11.990  6536  6536 I Radio-JNI: register_android_hardware_Radio DONE
08-03 18:33:11.999  4014  4027 I art     : Starting a blocking GC Explicit
08-03 18:33:12.020  6536  6536 D AndroidRuntime: Calling main entry com.android.commands.input.Input
08-03 18:33:12.022  6536  6536 I Input   : injectKeyEvent: KeyEvent { action=ACTION_DOWN, keyCode=KEYCODE_BACK, scanCode=0, metaState=0, flags=0x0, repeatCount=0, eventTime=642808435, downTime=642808435, deviceId=-1, source=0x101 }
08-03 18:33:12.026  4014  4027 I art     : Explicit concurrent mark sweep GC freed 20(704B) AllocSpace objects, 0(0B) LOS objects, 23% free, 53MB/69MB, paused 673us total 27.364ms
08-03 18:33:12.027  6536  6536 I Input   : injectKeyEvent: KeyEvent { action=ACTION_UP, keyCode=KEYCODE_BACK, scanCode=0, metaState=0, flags=0x0, repeatCount=0, eventTime=642808435, downTime=642808435, deviceId=-1, source=0x101 }
08-03 18:33:12.032  6536  6536 D AndroidRuntime: Shutting down VM
08-03 18:33:12.037  4014  4027 I art     : Starting a blocking GC Explicit
08-03 18:33:12.064  4014  4027 I art     : Explicit concurrent mark sweep GC freed 105(5KB) AllocSpace objects, 0(0B) LOS objects, 23% free, 53MB/69MB, paused 693us total 26.397ms
08-03 18:33:12.065 13866 13866 I GoogleInputMethodServic: GoogleInputMethodService.onFinishInput():3138 
08-03 18:33:12.066 13866 13866 I GoogleInputMethodServic: GoogleInputMethodService.onStartInput():1808 
08-03 18:33:12.076  4014  4027 I art     : Starting a blocking GC Explicit
08-03 18:33:12.105  4014  4027 I art     : Explicit concurrent mark sweep GC freed 39(1408B) AllocSpace objects, 0(0B) LOS objects, 23% free, 53MB/69MB, paused 640us total 29.007ms
08-03 18:33:12.116  4014  4027 I art     : Starting a blocking GC Explicit
08-03 18:33:12.142  4014  4027 I art     : Explicit concurrent mark sweep GC freed 9(336B) AllocSpace objects, 0(0B) LOS objects, 23% free, 53MB/69MB, paused 596us total 25.216ms
08-03 18:33:12.376   380   380 W SurfaceFlinger: couldn't log to binary event log: overflow.
08-03 18:33:12.433  4014  4027 I art     : Starting a blocking GC Explicit
08-03 18:33:12.462  4014  4027 I art     : Explicit concurrent mark sweep GC freed 1463(87KB) AllocSpace objects, 1(20KB) LOS objects, 23% free, 53MB/69MB, paused 626us total 29.657ms
08-03 18:33:12.474  4014  4027 I art     : Starting a blocking GC Explicit
08-03 18:33:12.501  4014  4027 I art     : Explicit concurrent mark sweep GC freed 4698(269KB) AllocSpace objects, 2(140KB) LOS objects, 23% free, 52MB/68MB, paused 598us total 27.236ms
08-03 18:33:12.512  4014  4027 I art     : Starting a blocking GC Explicit
08-03 18:33:12.539  4014  4027 I art     : Explicit concurrent mark sweep GC freed 3(96B) AllocSpace objects, 0(0B) LOS objects, 23% free, 52MB/68MB, paused 617us total 26.607ms
08-03 18:33:12.550  4014  4027 I art     : Starting a blocking GC Explicit
08-03 18:33:12.577  4014  4027 I art     : Explicit concurrent mark sweep GC freed 3(96B) AllocSpace objects, 0(0B) LOS objects, 23% free, 52MB/68MB, paused 680us total 26.816ms
08-03 18:33:12.589  4014  4027 I art     : Starting a blocking GC Explicit
08-03 18:33:12.616  4014  4027 I art     : Explicit concurrent mark sweep GC freed 3(96B) AllocSpace objects, 0(0B) LOS objects, 23% free, 52MB/68MB, paused 619us total 27.116ms
08-03 18:33:12.921  4014  4026 I art     : Starting a blocking GC Explicit
08-03 18:33:12.954  4014  4026 I art     : Explicit concurrent mark sweep GC freed 1344(78KB) AllocSpace objects, 1(20KB) LOS objects, 23% free, 52MB/68MB, paused 655us total 32.254ms
08-03 18:33:12.969  4014  4026 I art     : Starting a blocking GC Explicit
08-03 18:33:12.997  4014  4026 I art     : Explicit concurrent mark sweep GC freed 20(704B) AllocSpace objects, 0(0B) LOS objects, 23% free, 52MB/68MB, paused 604us total 27.796ms
08-03 18:33:13.008  4014  4026 I art     : Starting a blocking GC Explicit
08-03 18:33:13.035  4014  4026 I art     : Explicit concurrent mark sweep GC freed 3(96B) AllocSpace objects, 0(0B) LOS objects, 23% free, 52MB/68MB, paused 611us total 27.150ms
08-03 18:33:13.046  4014  4026 I art     : Starting a blocking GC Explicit
08-03 18:33:13.074  4014  4026 I art     : Explicit concurrent mark sweep GC freed 3(96B) AllocSpace objects, 0(0B) LOS objects, 23% free, 52MB/68MB, paused 615us total 27.179ms
08-03 18:33:13.085  4014  4026 I art     : Starting a blocking GC Explicit
08-03 18:33:13.112  4014  4026 I art     : Explicit concurrent mark sweep GC freed 3(96B) AllocSpace objects, 0(0B) LOS objects, 23% free, 52MB/68MB, paused 572us total 27.077ms
08-03 18:33:13.404  4014  5613 I art     : Starting a blocking GC Explicit
08-03 18:33:13.433  4014  5613 I art     : Explicit concurrent mark sweep GC freed 1356(78KB) AllocSpace objects, 1(20KB) LOS objects, 23% free, 52MB/68MB, paused 647us total 27.732ms
08-03 18:33:13.447  4014  5613 I art     : Starting a blocking GC Explicit
08-03 18:33:13.473  4014  5613 I art     : Explicit concurrent mark sweep GC freed 34(1136B) AllocSpace objects, 0(0B) LOS objects, 23% free, 52MB/68MB, paused 592us total 26.021ms
08-03 18:33:13.484  4014  5613 I art     : Starting a blocking GC Explicit
08-03 18:33:13.510  4014  5613 I art     : Explicit concurrent mark sweep GC freed 3(96B) AllocSpace objects, 0(0B) LOS objects, 23% free, 52MB/68MB, paused 613us total 25.829ms
08-03 18:33:13.521  4014  5613 I art     : Starting a blocking GC Explicit
08-03 18:33:13.547  4014  5613 I art     : Explicit concurrent mark sweep GC freed 3(96B) AllocSpace objects, 0(0B) LOS objects, 23% free, 52MB/68MB, paused 658us total 25.776ms
08-03 18:33:13.558  4014  5613 I art     : Starting a blocking GC Explicit
08-03 18:33:13.584  4014  5613 I art     : Explicit concurrent mark sweep GC freed 3(96B) AllocSpace objects, 0(0B) LOS objects, 23% free, 52MB/68MB, paused 586us total 25.578ms
08-03 18:33:13.815  6585  6585 D AndroidRuntime: >>>>>> START com.android.internal.os.RuntimeInit uid 2000 <<<<<<
08-03 18:33:13.822  6585  6585 D AndroidRuntime: CheckJNI is OFF
08-03 18:33:13.863  6585  6585 D ICU     : No timezone override file found: /data/misc/zoneinfo/current/icu/icu_tzdata.dat
08-03 18:33:13.880  4014  4026 I art     : Starting a blocking GC Explicit
08-03 18:33:13.908  4014  4026 I art     : Explicit concurrent mark sweep GC freed 1372(79KB) AllocSpace objects, 1(20KB) LOS objects, 23% free, 52MB/68MB, paused 682us total 27.665ms
08-03 18:33:13.909  6585  6585 I Radio-JNI: register_android_hardware_Radio DONE
08-03 18:33:13.920  4014  4026 I art     : Starting a blocking GC Explicit
08-03 18:33:13.941  6585  6585 D AndroidRuntime: Calling main entry com.android.commands.input.Input
08-03 18:33:13.942  6585  6585 I Input   : injectKeyEvent: KeyEvent { action=ACTION_DOWN, keyCode=KEYCODE_BACK, scanCode=0, metaState=0, flags=0x0, repeatCount=0, eventTime=642810355, downTime=642810355, deviceId=-1, source=0x101 }
08-03 18:33:13.945  4014  4026 I art     : Explicit concurrent mark sweep GC freed 21(736B) AllocSpace objects, 0(0B) LOS objects, 23% free, 52MB/68MB, paused 621us total 24.617ms
08-03 18:33:13.949  6585  6585 I Input   : injectKeyEvent: KeyEvent { action=ACTION_UP, keyCode=KEYCODE_BACK, scanCode=0, metaState=0, flags=0x0, repeatCount=0, eventTime=642810355, downTime=642810355, deviceId=-1, source=0x101 }
08-03 18:33:13.954  6585  6585 D AndroidRuntime: Shutting down VM
08-03 18:33:13.955  4014  4026 I art     : Starting a blocking GC Explicit
08-03 18:33:13.979  4014  4026 I art     : Explicit concurrent mark sweep GC freed 142(6KB) AllocSpace objects, 0(0B) LOS objects, 23% free, 52MB/68MB, paused 620us total 23.337ms
08-03 18:33:13.987 13866 13866 I GoogleInputMethodServic: GoogleInputMethodService.onFinishInput():3138 
08-03 18:33:13.988 13866 13866 I GoogleInputMethodServic: GoogleInputMethodService.onStartInput():1808 
08-03 18:33:13.989  4014  4026 I art     : Starting a blocking GC Explicit
08-03 18:33:14.014  4014  4026 I art     : Explicit concurrent mark sweep GC freed 62(2160B) AllocSpace objects, 0(0B) LOS objects, 23% free, 52MB/68MB, paused 643us total 25.623ms
08-03 18:33:14.025  4014  4026 I art     : Starting a blocking GC Explicit
08-03 18:33:14.049  4014  4026 I art     : Explicit concurrent mark sweep GC freed 11(384B) AllocSpace objects, 0(0B) LOS objects, 23% free, 52MB/68MB, paused 546us total 23.252ms
08-03 18:33:14.295   380   380 W SurfaceFlinger: couldn't log to binary event log: overflow.
08-03 18:33:14.339  4014  4026 I art     : Starting a blocking GC Explicit
08-03 18:33:14.366  4014  4026 I art     : Explicit concurrent mark sweep GC freed 1461(87KB) AllocSpace objects, 1(20KB) LOS objects, 23% free, 52MB/68MB, paused 607us total 27.301ms
08-03 18:33:14.378  4014  4026 I art     : Starting a blocking GC Explicit
08-03 18:33:14.402  4014  4026 I art     : Explicit concurrent mark sweep GC freed 2096(122KB) AllocSpace objects, 3(340KB) LOS objects, 23% free, 52MB/68MB, paused 577us total 24.609ms
08-03 18:33:14.406   918  3188 I hubconnection: sensorhub said: 'set_bias 3: -6.2400, 0.0000, 0.0000'
08-03 18:33:14.413  4014  4026 I art     : Starting a blocking GC Explicit
08-03 18:33:14.439  4014  4026 I art     : Explicit concurrent mark sweep GC freed 3(96B) AllocSpace objects, 0(0B) LOS objects, 23% free, 52MB/68MB, paused 618us total 25.595ms
08-03 18:33:14.450  4014  4026 I art     : Starting a blocking GC Explicit
08-03 18:33:14.476  4014  4026 I art     : Explicit concurrent mark sweep GC freed 3(96B) AllocSpace objects, 0(0B) LOS objects, 23% free, 52MB/68MB, paused 640us total 25.489ms
08-03 18:33:14.487  4014  4026 I art     : Starting a blocking GC Explicit
08-03 18:33:14.513  4014  4026 I art     : Explicit concurrent mark sweep GC freed 3(96B) AllocSpace objects, 0(0B) LOS objects, 23% free, 52MB/68MB, paused 622us total 25.590ms
08-03 18:33:14.823  4014  4253 I art     : Starting a blocking GC Explicit
08-03 18:33:14.856  4014  4253 I art     : Explicit concurrent mark sweep GC freed 1343(78KB) AllocSpace objects, 1(20KB) LOS objects, 23% free, 52MB/68MB, paused 641us total 32.217ms
08-03 18:33:14.868  4014  4253 I art     : Starting a blocking GC Explicit
08-03 18:33:14.895  4014  4253 I art     : Explicit concurrent mark sweep GC freed 20(704B) AllocSpace objects, 0(0B) LOS objects, 23% free, 52MB/68MB, paused 604us total 26.373ms
08-03 18:33:14.906  4014  4253 I art     : Starting a blocking GC Explicit
08-03 18:33:14.933  4014  4253 I art     : Explicit concurrent mark sweep GC freed 3(96B) AllocSpace objects, 0(0B) LOS objects, 23% free, 52MB/68MB, paused 593us total 26.267ms
08-03 18:33:14.944  4014  4253 I art     : Starting a blocking GC Explicit
08-03 18:33:14.969  4014  4253 I art     : Explicit concurrent mark sweep GC freed 3(96B) AllocSpace objects, 0(0B) LOS objects, 23% free, 52MB/68MB, paused 607us total 25.579ms
08-03 18:33:14.981  4014  4253 I art     : Starting a blocking GC Explicit
08-03 18:33:15.007  4014  4253 I art     : Explicit concurrent mark sweep GC freed 3(96B) AllocSpace objects, 0(0B) LOS objects, 23% free, 52MB/68MB, paused 689us total 26.154ms
08-03 18:33:15.305  4014  4252 I art     : Starting a blocking GC Explicit
08-03 18:33:15.334  4014  4252 I art     : Explicit concurrent mark sweep GC freed 1341(78KB) AllocSpace objects, 1(20KB) LOS objects, 23% free, 52MB/68MB, paused 606us total 28.835ms
08-03 18:33:15.345  4014  4252 I art     : Starting a blocking GC Explicit
08-03 18:33:15.371  4014  4252 I art     : Explicit concurrent mark sweep GC freed 20(704B) AllocSpace objects, 0(0B) LOS objects, 23% free, 52MB/68MB, paused 625us total 25.261ms
08-03 18:33:15.381  4014  4252 I art     : Starting a blocking GC Explicit
08-03 18:33:15.406  4014  4252 I art     : Explicit concurrent mark sweep GC freed 3(96B) AllocSpace objects, 0(0B) LOS objects, 23% free, 52MB/68MB, paused 572us total 24.978ms
08-03 18:33:15.417  4014  4252 I art     : Starting a blocking GC Explicit
08-03 18:33:15.442  4014  4252 I art     : Explicit concurrent mark sweep GC freed 3(96B) AllocSpace objects, 0(0B) LOS objects, 23% free, 52MB/68MB, paused 630us total 24.866ms
08-03 18:33:15.453  4014  4252 I art     : Starting a blocking GC Explicit
08-03 18:33:15.478  4014  4252 I art     : Explicit concurrent mark sweep GC freed 3(96B) AllocSpace objects, 0(0B) LOS objects, 23% free, 52MB/68MB, paused 587us total 24.686ms
08-03 18:33:15.752  6640  6640 D AndroidRuntime: >>>>>> START com.android.internal.os.RuntimeInit uid 2000 <<<<<<
08-03 18:33:15.758  6640  6640 D AndroidRuntime: CheckJNI is OFF
08-03 18:33:15.797  4014  4027 I art     : Starting a blocking GC Explicit
08-03 18:33:15.801  6640  6640 D ICU     : No timezone override file found: /data/misc/zoneinfo/current/icu/icu_tzdata.dat
08-03 18:33:15.823  4014  4027 I art     : Explicit concurrent mark sweep GC freed 1341(78KB) AllocSpace objects, 1(20KB) LOS objects, 23% free, 52MB/68MB, paused 658us total 25.708ms
08-03 18:33:15.833  4014  4027 I art     : Starting a blocking GC Explicit
08-03 18:33:15.844  6640  6640 I Radio-JNI: register_android_hardware_Radio DONE
08-03 18:33:15.859  4014  4027 I art     : Explicit concurrent mark sweep GC freed 20(704B) AllocSpace objects, 0(0B) LOS objects, 23% free, 52MB/68MB, paused 638us total 25.704ms
08-03 18:33:15.871  4014  4027 I art     : Starting a blocking GC Explicit
08-03 18:33:15.875  6640  6640 D AndroidRuntime: Calling main entry com.android.commands.input.Input
08-03 18:33:15.877  6640  6640 I Input   : injectMotionEvent: MotionEvent { action=ACTION_DOWN, actionButton=0, id[0]=0, x[0]=1053.0, y[0]=1173.0, toolType[0]=TOOL_TYPE_UNKNOWN, buttonState=0, metaState=0, flags=0x0, edgeFlags=0x0, pointerCount=1, historySize=0, eventTime=642812290, downTime=642812290, deviceId=0, source=0x1002 }
08-03 18:33:15.884  6640  6640 I Input   : injectMotionEvent: MotionEvent { action=ACTION_UP, actionButton=0, id[0]=0, x[0]=1053.0, y[0]=1173.0, toolType[0]=TOOL_TYPE_UNKNOWN, buttonState=0, metaState=0, flags=0x0, edgeFlags=0x0, pointerCount=1, historySize=0, eventTime=642812290, downTime=642812290, deviceId=0, source=0x1002 }
08-03 18:33:15.886   918  5481 I ActivityManager: START u0 {cmp=baseline.appteam.nith.hillffair/.activities.QuizActivity} from uid 10624 on display 0
08-03 18:33:15.895  4014  4027 I art     : Explicit concurrent mark sweep GC freed 6(192B) AllocSpace objects, 0(0B) LOS objects, 23% free, 52MB/68MB, paused 715us total 24.021ms
08-03 18:33:15.896  6640  6640 D AndroidRuntime: Shutting down VM
08-03 18:33:15.906  4014  4027 I art     : Starting a blocking GC Explicit
08-03 18:33:15.931  4014  4027 I art     : Explicit concurrent mark sweep GC freed 479(40KB) AllocSpace objects, 0(0B) LOS objects, 23% free, 52MB/68MB, paused 833us total 25.042ms
08-03 18:33:15.943  4014  4027 I art     : Starting a blocking GC Explicit
08-03 18:33:15.967  4014  4027 I art     : Explicit concurrent mark sweep GC freed 303(15KB) AllocSpace objects, 0(0B) LOS objects, 23% free, 52MB/68MB, paused 742us total 24.359ms
08-03 18:33:16.005   918   936 I ActivityManager: Displayed baseline.appteam.nith.hillffair/.activities.QuizActivity: +108ms
08-03 18:33:16.006 13866 13866 I GoogleInputMethodServic: GoogleInputMethodService.onFinishInput():3138 
08-03 18:33:16.010 13866 13866 I GoogleInputMethodServic: GoogleInputMethodService.onStartInput():1808 
08-03 18:33:16.281   380   408 W SurfaceFlinger: couldn't log to binary event log: overflow.
08-03 18:33:16.285  4014  4253 I art     : Starting a blocking GC Explicit
08-03 18:33:16.313  4014  4253 I art     : Explicit concurrent mark sweep GC freed 1527(85KB) AllocSpace objects, 1(20KB) LOS objects, 23% free, 52MB/68MB, paused 566us total 27.878ms
08-03 18:33:16.323  4014  4253 I art     : Starting a blocking GC Explicit
08-03 18:33:16.347  4014  4253 I art     : Explicit concurrent mark sweep GC freed 26(912B) AllocSpace objects, 0(0B) LOS objects, 23% free, 52MB/68MB, paused 614us total 23.334ms
08-03 18:33:16.357  4014  4253 I art     : Starting a blocking GC Explicit
08-03 18:33:16.381  4014  4253 I art     : Explicit concurrent mark sweep GC freed 3(96B) AllocSpace objects, 0(0B) LOS objects, 23% free, 52MB/68MB, paused 615us total 24.092ms
08-03 18:33:16.392  4014  4253 I art     : Starting a blocking GC Explicit
08-03 18:33:16.416  4014  4253 I art     : Explicit concurrent mark sweep GC freed 73(4KB) AllocSpace objects, 0(0B) LOS objects, 23% free, 52MB/68MB, paused 545us total 24.146ms
08-03 18:33:16.427  4014  4253 I art     : Starting a blocking GC Explicit
08-03 18:33:16.453  4014  4253 I art     : Explicit concurrent mark sweep GC freed 3(96B) AllocSpace objects, 0(0B) LOS objects, 23% free, 52MB/68MB, paused 578us total 25.761ms
08-03 18:33:16.763  4014  4027 I art     : Starting a blocking GC Explicit
08-03 18:33:16.796  4014  4027 I art     : Explicit concurrent mark sweep GC freed 1343(78KB) AllocSpace objects, 1(20KB) LOS objects, 23% free, 52MB/68MB, paused 648us total 32.244ms
08-03 18:33:16.809  4014  4027 I art     : Starting a blocking GC Explicit
08-03 18:33:16.834  4014  4027 I art     : Explicit concurrent mark sweep GC freed 20(704B) AllocSpace objects, 0(0B) LOS objects, 23% free, 52MB/68MB, paused 551us total 24.974ms
08-03 18:33:16.845  4014  4027 I art     : Starting a blocking GC Explicit
08-03 18:33:16.870  4014  4027 I art     : Explicit concurrent mark sweep GC freed 3(96B) AllocSpace objects, 0(0B) LOS objects, 23% free, 52MB/68MB, paused 588us total 24.739ms
08-03 18:33:16.881  4014  4027 I art     : Starting a blocking GC Explicit
08-03 18:33:16.907  4014  4027 I art     : Explicit concurrent mark sweep GC freed 3(96B) AllocSpace objects, 0(0B) LOS objects, 23% free, 52MB/68MB, paused 669us total 26.189ms
08-03 18:33:16.918  4014  4027 I art     : Starting a blocking GC Explicit
08-03 18:33:16.944  4014  4027 I art     : Explicit concurrent mark sweep GC freed 3(96B) AllocSpace objects, 0(0B) LOS objects, 23% free, 52MB/68MB, paused 607us total 25.694ms
08-03 18:33:17.267  4014  4252 I art     : Starting a blocking GC Explicit
08-03 18:33:17.299  4014  4252 I art     : Explicit concurrent mark sweep GC freed 1343(78KB) AllocSpace objects, 1(20KB) LOS objects, 23% free, 52MB/68MB, paused 623us total 32.202ms
08-03 18:33:17.312  4014  4252 I art     : Starting a blocking GC Explicit
08-03 18:33:17.340  4014  4252 I art     : Explicit concurrent mark sweep GC freed 20(704B) AllocSpace objects, 0(0B) LOS objects, 23% free, 52MB/68MB, paused 598us total 27.185ms
08-03 18:33:17.351  4014  4252 I art     : Starting a blocking GC Explicit
08-03 18:33:17.378  4014  4252 I art     : Explicit concurrent mark sweep GC freed 3(96B) AllocSpace objects, 0(0B) LOS objects, 23% free, 52MB/68MB, paused 616us total 27.096ms
08-03 18:33:17.389  4014  4252 I art     : Starting a blocking GC Explicit
08-03 18:33:17.416  4014  4252 I art     : Explicit concurrent mark sweep GC freed 3(96B) AllocSpace objects, 0(0B) LOS objects, 23% free, 52MB/68MB, paused 588us total 26.871ms
08-03 18:33:17.428  4014  4252 I art     : Starting a blocking GC Explicit
08-03 18:33:17.455  4014  4252 I art     : Explicit concurrent mark sweep GC freed 3(96B) AllocSpace objects, 0(0B) LOS objects, 23% free, 52MB/68MB, paused 598us total 26.968ms
08-03 18:33:17.762  4014  4253 I art     : Starting a blocking GC Explicit
08-03 18:33:17.789  4014  4253 I art     : Explicit concurrent mark sweep GC freed 1372(79KB) AllocSpace objects, 1(20KB) LOS objects, 23% free, 52MB/68MB, paused 665us total 27.281ms
08-03 18:33:17.802  4014  4253 I art     : Starting a blocking GC Explicit
08-03 18:33:17.829  4014  4253 I art     : Explicit concurrent mark sweep GC freed 21(736B) AllocSpace objects, 0(0B) LOS objects, 23% free, 52MB/68MB, paused 596us total 27.356ms
08-03 18:33:17.840  4014  4253 I art     : Starting a blocking GC Explicit
08-03 18:33:17.867  4014  4253 I art     : Explicit concurrent mark sweep GC freed 3(96B) AllocSpace objects, 0(0B) LOS objects, 23% free, 52MB/68MB, paused 604us total 26.945ms
08-03 18:33:17.879  4014  4253 I art     : Starting a blocking GC Explicit
08-03 18:33:17.908  4014  4253 I art     : Explicit concurrent mark sweep GC freed 3(96B) AllocSpace objects, 0(0B) LOS objects, 23% free, 52MB/68MB, paused 611us total 28.685ms
08-03 18:33:17.919  4014  4253 I art     : Starting a blocking GC Explicit
08-03 18:33:17.949  4014  4253 I art     : Explicit concurrent mark sweep GC freed 3(96B) AllocSpace objects, 0(0B) LOS objects, 23% free, 52MB/68MB, paused 575us total 29.401ms
08-03 18:33:18.252  4014  4026 I art     : Starting a blocking GC Explicit
08-03 18:33:18.278  4014  4026 I art     : Explicit concurrent mark sweep GC freed 1343(78KB) AllocSpace objects, 1(20KB) LOS objects, 23% free, 52MB/68MB, paused 624us total 26.510ms
08-03 18:33:18.289  4014  4026 I art     : Starting a blocking GC Explicit
08-03 18:33:18.316  4014  4026 I art     : Explicit concurrent mark sweep GC freed 20(704B) AllocSpace objects, 0(0B) LOS objects, 23% free, 52MB/68MB, paused 596us total 26.007ms
08-03 18:33:18.327  4014  4026 I art     : Starting a blocking GC Explicit
08-03 18:33:18.354  4014  4026 I art     : Explicit concurrent mark sweep GC freed 3(96B) AllocSpace objects, 0(0B) LOS objects, 23% free, 52MB/68MB, paused 619us total 26.885ms
08-03 18:33:18.365  4014  4026 I art     : Starting a blocking GC Explicit
08-03 18:33:18.392  4014  4026 I art     : Explicit concurrent mark sweep GC freed 3(96B) AllocSpace objects, 0(0B) LOS objects, 23% free, 52MB/68MB, paused 588us total 27.096ms
08-03 18:33:18.403  4014  4026 I art     : Starting a blocking GC Explicit
08-03 18:33:18.431  4014  4026 I art     : Explicit concurrent mark sweep GC freed 3(96B) AllocSpace objects, 0(0B) LOS objects, 23% free, 52MB/68MB, paused 619us total 27.709ms
08-03 18:33:18.637  4014  6724 W OneSignal: OneSignalRestClient: POST Error thrown from network stack. 
08-03 18:33:18.637  4014  6724 W OneSignal: java.io.IOException: unexpected end of stream on Connection{api.onesignal.com:443, proxy=HTTP@192.168.2.12:8080 hostAddress=192.168.2.12 cipherSuite=TLS_ECDHE_RSA_WITH_AES_128_GCM_SHA256 protocol=http/1.1} (recycle count=0)
08-03 18:33:18.637  4014  6724 W OneSignal: 	at com.android.okhttp.internal.http.HttpConnection.readResponse(HttpConnection.java:210)
08-03 18:33:18.637  4014  6724 W OneSignal: 	at com.android.okhttp.internal.http.HttpTransport.readResponseHeaders(HttpTransport.java:80)
08-03 18:33:18.637  4014  6724 W OneSignal: 	at com.android.okhttp.internal.http.HttpEngine.readNetworkResponse(HttpEngine.java:904)
08-03 18:33:18.637  4014  6724 W OneSignal: 	at com.android.okhttp.internal.http.HttpEngine.readResponse(HttpEngine.java:788)
08-03 18:33:18.637  4014  6724 W OneSignal: 	at com.android.okhttp.internal.huc.HttpURLConnectionImpl.execute(HttpURLConnectionImpl.java:439)
08-03 18:33:18.637  4014  6724 W OneSignal: 	at com.android.okhttp.internal.huc.HttpURLConnectionImpl.getResponse(HttpURLConnectionImpl.java:384)
08-03 18:33:18.637  4014  6724 W OneSignal: 	at com.android.okhttp.internal.huc.HttpURLConnectionImpl.getResponseCode(HttpURLConnectionImpl.java:497)
08-03 18:33:18.637  4014  6724 W OneSignal: 	at com.android.okhttp.internal.huc.DelegatingHttpsURLConnection.getResponseCode(DelegatingHttpsURLConnection.java:105)
08-03 18:33:18.637  4014  6724 W OneSignal: 	at com.android.okhttp.internal.huc.HttpsURLConnectionImpl.getResponseCode(HttpsURLConnectionImpl.java)
08-03 18:33:18.637  4014  6724 W OneSignal: 	at com.onesignal.OneSignalRestClient.startHTTPConnection(OneSignalRestClient.java:180)
08-03 18:33:18.637  4014  6724 W OneSignal: 	at com.onesignal.OneSignalRestClient.access$100(OneSignalRestClient.java:44)
08-03 18:33:18.637  4014  6724 W OneSignal: 	at com.onesignal.OneSignalRestClient$4.run(OneSignalRestClient.java:110)
08-03 18:33:18.637  4014  6724 W OneSignal: 	at java.lang.Thread.run(Thread.java:818)
08-03 18:33:18.637  4014  6724 W OneSignal: Caused by: java.io.EOFException: \n not found: size=0 content=...
08-03 18:33:18.637  4014  6724 W OneSignal: 	at com.android.okhttp.okio.RealBufferedSource.readUtf8LineStrict(RealBufferedSource.java:200)
08-03 18:33:18.637  4014  6724 W OneSignal: 	at com.android.okhttp.internal.http.HttpConnection.readResponse(HttpConnection.java:191)
08-03 18:33:18.637  4014  6724 W OneSignal: 	... 12 more
08-03 18:33:18.638  4014  6731 W OneSignal: Failed last request. statusCode: -1
08-03 18:33:18.638  4014  6731 W OneSignal: response: null
08-03 18:33:18.674  6714  6714 D AndroidRuntime: >>>>>> START com.android.internal.os.RuntimeInit uid 2000 <<<<<<
08-03 18:33:18.680  6714  6714 D AndroidRuntime: CheckJNI is OFF
08-03 18:33:18.724  6714  6714 D ICU     : No timezone override file found: /data/misc/zoneinfo/current/icu/icu_tzdata.dat
08-03 18:33:18.751  4014  5613 I art     : Starting a blocking GC Explicit
08-03 18:33:18.766  6714  6714 I Radio-JNI: register_android_hardware_Radio DONE
08-03 18:33:18.779  4014  5613 I art     : Explicit concurrent mark sweep GC freed 3980(245KB) AllocSpace objects, 1(20KB) LOS objects, 23% free, 52MB/68MB, paused 706us total 27.876ms
08-03 18:33:18.790  4014  5613 I art     : Starting a blocking GC Explicit
08-03 18:33:18.796  6714  6714 D AndroidRuntime: Calling main entry com.android.commands.input.Input
08-03 18:33:18.798  6714  6714 I Input   : injectMotionEvent: MotionEvent { action=ACTION_DOWN, actionButton=0, id[0]=0, x[0]=756.0, y[0]=1530.0, toolType[0]=TOOL_TYPE_UNKNOWN, buttonState=0, metaState=0, flags=0x0, edgeFlags=0x0, pointerCount=1, historySize=0, eventTime=642815211, downTime=642815211, deviceId=0, source=0x1002 }
08-03 18:33:18.805  6714  6714 I Input   : injectMotionEvent: MotionEvent { action=ACTION_UP, actionButton=0, id[0]=0, x[0]=756.0, y[0]=1530.0, toolType[0]=TOOL_TYPE_UNKNOWN, buttonState=0, metaState=0, flags=0x0, edgeFlags=0x0, pointerCount=1, historySize=0, eventTime=642815211, downTime=642815211, deviceId=0, source=0x1002 }
08-03 18:33:18.807  6714  6714 D AndroidRuntime: Shutting down VM
08-03 18:33:18.816  4014  5613 I art     : Explicit concurrent mark sweep GC freed 121(4KB) AllocSpace objects, 0(0B) LOS objects, 23% free, 52MB/68MB, paused 616us total 25.712ms
08-03 18:33:18.822   918  4400 I ActivityManager: START u0 {cmp=baseline.appteam.nith.hillffair/.activities.LeaderBoardActivity} from uid 10624 on display 0
08-03 18:33:18.823   512  2967 D audio_hw_primary: out_set_parameters: enter: usecase(1: low-latency-playback) kvpairs: routing=2
08-03 18:33:18.828  4014  5613 I art     : Starting a blocking GC Explicit
08-03 18:33:18.836   512  2967 D audio_hw_primary: select_devices: out_snd_device(2: speaker) in_snd_device(0: none)
08-03 18:33:18.836   512  2967 D msm8974_platform: platform_send_audio_calibration: sending audio calibration for snd_device(2) acdb_id(15)
08-03 18:33:18.836   512  2967 I soundtrigger: audio_extn_sound_trigger_update_device_status: device 0x2 of type 0 for Event 1
08-03 18:33:18.847   512  2967 D audio_hw_primary: enable_snd_device: snd_device(2: speaker)
08-03 18:33:18.850   512  2967 D audio_hw_primary: enable_audio_route: apply and update mixer path: low-latency-playback speaker
08-03 18:33:18.856  4014  5613 I art     : Explicit concurrent mark sweep GC freed 422(23KB) AllocSpace objects, 0(0B) LOS objects, 23% free, 52MB/68MB, paused 856us total 27.358ms
08-03 18:33:18.868  4014  5613 I art     : Starting a blocking GC Explicit
08-03 18:33:18.895  4014  5613 I art     : Explicit concurrent mark sweep GC freed 4590(288KB) AllocSpace objects, 0(0B) LOS objects, 23% free, 52MB/68MB, paused 885us total 26.679ms
08-03 18:33:18.906  4014  5613 I art     : Starting a blocking GC Explicit
08-03 18:33:18.923  4014  4014 E RecyclerView: No adapter attached; skipping layout
08-03 18:33:18.928  4014  4014 E RecyclerView: No adapter attached; skipping layout
08-03 18:33:18.931  4014  5613 I art     : Explicit concurrent mark sweep GC freed 318(12KB) AllocSpace objects, 0(0B) LOS objects, 23% free, 52MB/68MB, paused 1.092ms total 24.395ms
08-03 18:33:18.950   918   936 I ActivityManager: Displayed baseline.appteam.nith.hillffair/.activities.LeaderBoardActivity: +113ms
08-03 18:33:18.950 13866 13866 I GoogleInputMethodServic: GoogleInputMethodService.onFinishInput():3138 
08-03 18:33:18.951  4014  4014 E RecyclerView: No adapter attached; skipping layout
08-03 18:33:18.952 13866 13866 I GoogleInputMethodServic: GoogleInputMethodService.onStartInput():1808 
08-03 18:33:18.968  4014  4037 D OpenGLRenderer: endAllStagingAnimators on 0x7f7d9bcc00 (RippleDrawable) with handle 0x7f8012c1a0
08-03 18:33:19.216   380   380 W SurfaceFlinger: couldn't log to binary event log: overflow.
08-03 18:33:19.234  4014  4027 I art     : Starting a blocking GC Explicit
08-03 18:33:19.260  4014  4027 I art     : Explicit concurrent mark sweep GC freed 1566(89KB) AllocSpace objects, 1(20KB) LOS objects, 23% free, 52MB/68MB, paused 612us total 25.359ms
08-03 18:33:19.271  4014  4027 I art     : Starting a blocking GC Explicit
08-03 18:33:19.295  4014  4027 I art     : Explicit concurrent mark sweep GC freed 46(1552B) AllocSpace objects, 0(0B) LOS objects, 23% free, 52MB/68MB, paused 666us total 24.291ms
08-03 18:33:19.306  4014  4027 I art     : Starting a blocking GC Explicit
08-03 18:33:19.332  4014  4027 I art     : Explicit concurrent mark sweep GC freed 87(5KB) AllocSpace objects, 0(0B) LOS objects, 23% free, 52MB/68MB, paused 613us total 26.085ms
08-03 18:33:19.345  4014  4027 I art     : Starting a blocking GC Explicit
08-03 18:33:19.371  4014  4027 I art     : Explicit concurrent mark sweep GC freed 100(4KB) AllocSpace objects, 0(0B) LOS objects, 23% free, 52MB/68MB, paused 595us total 25.312ms
08-03 18:33:19.382  4014  4027 I art     : Starting a blocking GC Explicit
08-03 18:33:19.389   512  2967 D audio_hw_primary: disable_audio_route: reset and update mixer path: low-latency-playback speaker
08-03 18:33:19.390   512  2967 D audio_hw_primary: disable_snd_device: snd_device(2: speaker)
08-03 18:33:19.401   512  2967 I soundtrigger: audio_extn_sound_trigger_update_device_status: device 0x2 of type 0 for Event 0
08-03 18:33:19.409  4014  4027 I art     : Explicit concurrent mark sweep GC freed 1021(71KB) AllocSpace objects, 2(120KB) LOS objects, 23% free, 53MB/69MB, paused 914us total 26.732ms
08-03 18:33:19.424  4014  6747 D OkHttp  : --> GET https://api-hillfair-2k16.herokuapp.com/api/app/quiz/leaderboard?from=1 http/1.1
08-03 18:33:19.467  4014  6747 D OkHttp  : <-- 200 OK https://api-hillfair-2k16.herokuapp.com/api/app/quiz/leaderboard?from=1 (42ms, 56744-byte body)
08-03 18:33:19.536  4014  4014 I NAPPA_EXPERIMENTATION: MetricNetworkRequestExecutionTime: REQUEST_DURATION_SYSTEM='659',REQUEST_DURATION_OKHTTP='42',REQUEST_SYNCHRONOUS='FALSE',RESPONSE_CODE='200',RESPONSE_METHOD='GET',RESPONSE_LENGTH_OKHTTP='56744',RESPONSE_LENGTH_HEADER='56744',REQUEST_PROTOCOL='http/1.1',REQUEST_URL='https://api-hillfair-2k16.herokuapp.com/api/app/quiz/leaderboard?from=1',
08-03 18:33:19.688  4014  5613 I art     : Starting a blocking GC Explicit
08-03 18:33:19.722  4014  5613 I art     : Explicit concurrent mark sweep GC freed 30040(1468KB) AllocSpace objects, 2(100KB) LOS objects, 23% free, 53MB/69MB, paused 598us total 33.822ms
08-03 18:33:19.734  4014  5613 I art     : Starting a blocking GC Explicit
08-03 18:33:19.763  4014  5613 I art     : Explicit concurrent mark sweep GC freed 320(27KB) AllocSpace objects, 0(0B) LOS objects, 23% free, 53MB/69MB, paused 617us total 28.776ms
08-03 18:33:19.774  4014  5613 I art     : Starting a blocking GC Explicit
08-03 18:33:19.803  4014  5613 I art     : Explicit concurrent mark sweep GC freed 3(96B) AllocSpace objects, 0(0B) LOS objects, 23% free, 53MB/69MB, paused 611us total 28.669ms
08-03 18:33:19.815  4014  5613 I art     : Starting a blocking GC Explicit
08-03 18:33:19.845  4014  5613 I art     : Explicit concurrent mark sweep GC freed 3(96B) AllocSpace objects, 0(0B) LOS objects, 23% free, 53MB/69MB, paused 564us total 29.447ms
08-03 18:33:19.856  4014  5613 I art     : Starting a blocking GC Explicit
08-03 18:33:19.885  4014  5613 I art     : Explicit concurrent mark sweep GC freed 3(96B) AllocSpace objects, 0(0B) LOS objects, 23% free, 53MB/69MB, paused 611us total 28.500ms
08-03 18:33:20.201  4014  4253 I art     : Starting a blocking GC Explicit
08-03 18:33:20.232  4014  4253 I art     : Explicit concurrent mark sweep GC freed 1344(78KB) AllocSpace objects, 1(20KB) LOS objects, 23% free, 53MB/69MB, paused 617us total 30.841ms
08-03 18:33:20.244  4014  4253 I art     : Starting a blocking GC Explicit
08-03 18:33:20.274  4014  4253 I art     : Explicit concurrent mark sweep GC freed 20(704B) AllocSpace objects, 0(0B) LOS objects, 23% free, 53MB/69MB, paused 607us total 29.791ms
08-03 18:33:20.285  4014  4253 I art     : Starting a blocking GC Explicit
08-03 18:33:20.315  4014  4253 I art     : Explicit concurrent mark sweep GC freed 3(96B) AllocSpace objects, 0(0B) LOS objects, 23% free, 53MB/69MB, paused 561us total 29.525ms
08-03 18:33:20.327  4014  4253 I art     : Starting a blocking GC Explicit
08-03 18:33:20.357  4014  4253 I art     : Explicit concurrent mark sweep GC freed 3(96B) AllocSpace objects, 0(0B) LOS objects, 23% free, 53MB/69MB, paused 613us total 29.601ms
08-03 18:33:20.368  4014  4253 I art     : Starting a blocking GC Explicit
08-03 18:33:20.398  4014  4253 I art     : Explicit concurrent mark sweep GC freed 3(96B) AllocSpace objects, 0(0B) LOS objects, 23% free, 53MB/69MB, paused 624us total 29.643ms
08-03 18:33:20.734  4014  4027 I art     : Starting a blocking GC Explicit
08-03 18:33:20.774  4014  4027 I art     : Explicit concurrent mark sweep GC freed 1344(78KB) AllocSpace objects, 1(20KB) LOS objects, 23% free, 53MB/69MB, paused 670us total 39.529ms
08-03 18:33:20.789  4014  4027 I art     : Starting a blocking GC Explicit
08-03 18:33:20.820  4014  4027 I art     : Explicit concurrent mark sweep GC freed 20(704B) AllocSpace objects, 0(0B) LOS objects, 23% free, 53MB/69MB, paused 624us total 31.130ms
08-03 18:33:20.832  4014  4027 I art     : Starting a blocking GC Explicit
08-03 18:33:20.865  4014  4027 I art     : Explicit concurrent mark sweep GC freed 3(96B) AllocSpace objects, 0(0B) LOS objects, 23% free, 53MB/69MB, paused 633us total 32.304ms
08-03 18:33:20.877  4014  4027 I art     : Starting a blocking GC Explicit
08-03 18:33:20.909  4014  4027 I art     : Explicit concurrent mark sweep GC freed 3(96B) AllocSpace objects, 0(0B) LOS objects, 23% free, 53MB/69MB, paused 640us total 32.123ms
08-03 18:33:20.921  4014  4027 I art     : Starting a blocking GC Explicit
08-03 18:33:20.953  4014  4027 I art     : Explicit concurrent mark sweep GC freed 3(96B) AllocSpace objects, 0(0B) LOS objects, 23% free, 53MB/69MB, paused 684us total 31.448ms
08-03 18:33:21.295  4014  4252 I art     : Starting a blocking GC Explicit
08-03 18:33:21.338  4014  4252 I art     : Explicit concurrent mark sweep GC freed 1344(78KB) AllocSpace objects, 1(20KB) LOS objects, 23% free, 53MB/69MB, paused 699us total 42.075ms
08-03 18:33:21.353  4014  4252 I art     : Starting a blocking GC Explicit
08-03 18:33:21.385  4014  4252 I art     : Explicit concurrent mark sweep GC freed 20(704B) AllocSpace objects, 0(0B) LOS objects, 23% free, 53MB/69MB, paused 627us total 31.744ms
08-03 18:33:21.397  4014  4252 I art     : Starting a blocking GC Explicit
08-03 18:33:21.427  4014  4252 I art     : Explicit concurrent mark sweep GC freed 3(96B) AllocSpace objects, 0(0B) LOS objects, 23% free, 53MB/69MB, paused 762us total 30.072ms
08-03 18:33:21.439  4014  4252 I art     : Starting a blocking GC Explicit
08-03 18:33:21.471  4014  4252 I art     : Explicit concurrent mark sweep GC freed 3(96B) AllocSpace objects, 0(0B) LOS objects, 23% free, 53MB/69MB, paused 628us total 31.857ms
08-03 18:33:21.483  4014  4252 I art     : Starting a blocking GC Explicit
08-03 18:33:21.516  4014  4252 I art     : Explicit concurrent mark sweep GC freed 3(96B) AllocSpace objects, 0(0B) LOS objects, 23% free, 53MB/69MB, paused 628us total 32.440ms
08-03 18:33:21.833  4014  4026 I art     : Starting a blocking GC Explicit
08-03 18:33:21.861  4014  4026 I art     : Explicit concurrent mark sweep GC freed 1344(78KB) AllocSpace objects, 1(20KB) LOS objects, 23% free, 53MB/69MB, paused 608us total 28.139ms
08-03 18:33:21.872  4014  4026 I art     : Starting a blocking GC Explicit
08-03 18:33:21.900  4014  4026 I art     : Explicit concurrent mark sweep GC freed 20(704B) AllocSpace objects, 0(0B) LOS objects, 23% free, 53MB/69MB, paused 587us total 27.851ms
08-03 18:33:21.912  4014  4026 I art     : Starting a blocking GC Explicit
08-03 18:33:21.944  4014  4026 I art     : Explicit concurrent mark sweep GC freed 3(96B) AllocSpace objects, 0(0B) LOS objects, 23% free, 53MB/69MB, paused 619us total 31.604ms
08-03 18:33:21.956  4014  4026 I art     : Starting a blocking GC Explicit
08-03 18:33:21.988  4014  4026 I art     : Explicit concurrent mark sweep GC freed 3(96B) AllocSpace objects, 0(0B) LOS objects, 23% free, 53MB/69MB, paused 631us total 32.676ms
08-03 18:33:22.001  4014  4026 I art     : Starting a blocking GC Explicit
08-03 18:33:22.032  4014  4026 I art     : Explicit concurrent mark sweep GC freed 3(96B) AllocSpace objects, 0(0B) LOS objects, 23% free, 53MB/69MB, paused 625us total 30.718ms
08-03 18:33:22.362  4014  5613 I art     : Starting a blocking GC Explicit
08-03 18:33:22.397  4014  5613 I art     : Explicit concurrent mark sweep GC freed 1344(78KB) AllocSpace objects, 1(20KB) LOS objects, 23% free, 53MB/69MB, paused 638us total 34.876ms
08-03 18:33:22.411  4014  5613 I art     : Starting a blocking GC Explicit
08-03 18:33:22.441  4014  5613 I art     : Explicit concurrent mark sweep GC freed 20(704B) AllocSpace objects, 0(0B) LOS objects, 23% free, 53MB/69MB, paused 600us total 29.763ms
08-03 18:33:22.453  4014  5613 I art     : Starting a blocking GC Explicit
08-03 18:33:22.485  4014  5613 I art     : Explicit concurrent mark sweep GC freed 3(96B) AllocSpace objects, 0(0B) LOS objects, 23% free, 53MB/69MB, paused 592us total 32.410ms
08-03 18:33:22.497  4014  5613 I art     : Starting a blocking GC Explicit
08-03 18:33:22.530  4014  5613 I art     : Explicit concurrent mark sweep GC freed 3(96B) AllocSpace objects, 0(0B) LOS objects, 23% free, 53MB/69MB, paused 614us total 32.224ms
08-03 18:33:22.542  4014  5613 I art     : Starting a blocking GC Explicit
08-03 18:33:22.574  4014  5613 I art     : Explicit concurrent mark sweep GC freed 3(96B) AllocSpace objects, 0(0B) LOS objects, 23% free, 53MB/69MB, paused 613us total 32.218ms
08-03 18:33:22.909  4014  4253 I art     : Starting a blocking GC Explicit
08-03 18:33:22.947  4014  4253 I art     : Explicit concurrent mark sweep GC freed 1344(78KB) AllocSpace objects, 1(20KB) LOS objects, 23% free, 53MB/69MB, paused 651us total 36.788ms
08-03 18:33:22.965  4014  4253 I art     : Starting a blocking GC Explicit
08-03 18:33:22.996  4014  4253 I art     : Explicit concurrent mark sweep GC freed 20(704B) AllocSpace objects, 0(0B) LOS objects, 23% free, 53MB/69MB, paused 629us total 30.504ms
08-03 18:33:23.008  4014  4253 I art     : Starting a blocking GC Explicit
08-03 18:33:23.040  4014  4253 I art     : Explicit concurrent mark sweep GC freed 3(96B) AllocSpace objects, 0(0B) LOS objects, 23% free, 53MB/69MB, paused 599us total 31.587ms
08-03 18:33:23.051  4014  4253 I art     : Starting a blocking GC Explicit
08-03 18:33:23.081  4014  4253 I art     : Explicit concurrent mark sweep GC freed 3(96B) AllocSpace objects, 0(0B) LOS objects, 23% free, 53MB/69MB, paused 581us total 29.542ms
08-03 18:33:23.093  4014  4253 I art     : Starting a blocking GC Explicit
08-03 18:33:23.120  4014  4253 I art     : Explicit concurrent mark sweep GC freed 3(96B) AllocSpace objects, 0(0B) LOS objects, 23% free, 53MB/69MB, paused 618us total 26.856ms
08-03 18:33:23.442  4014  4027 I art     : Starting a blocking GC Explicit
08-03 18:33:23.475  4014  4027 I art     : Explicit concurrent mark sweep GC freed 1344(78KB) AllocSpace objects, 1(20KB) LOS objects, 23% free, 53MB/69MB, paused 631us total 32.615ms
08-03 18:33:23.487  4014  4027 I art     : Starting a blocking GC Explicit
08-03 18:33:23.518  4014  4027 I art     : Explicit concurrent mark sweep GC freed 20(704B) AllocSpace objects, 0(0B) LOS objects, 23% free, 53MB/69MB, paused 693us total 30.632ms
08-03 18:33:23.530  4014  4027 I art     : Starting a blocking GC Explicit
08-03 18:33:23.560  4014  4027 I art     : Explicit concurrent mark sweep GC freed 3(96B) AllocSpace objects, 0(0B) LOS objects, 23% free, 53MB/69MB, paused 625us total 30.466ms
08-03 18:33:23.572  4014  4027 I art     : Starting a blocking GC Explicit
08-03 18:33:23.601  4014  4027 I art     : Explicit concurrent mark sweep GC freed 3(96B) AllocSpace objects, 0(0B) LOS objects, 23% free, 53MB/69MB, paused 659us total 29.104ms
08-03 18:33:23.603  6829  6829 D AndroidRuntime: >>>>>> START com.android.internal.os.RuntimeInit uid 2000 <<<<<<
08-03 18:33:23.610  6829  6829 D AndroidRuntime: CheckJNI is OFF
08-03 18:33:23.613  4014  4027 I art     : Starting a blocking GC Explicit
08-03 18:33:23.643  4014  4027 I art     : Explicit concurrent mark sweep GC freed 3(96B) AllocSpace objects, 0(0B) LOS objects, 23% free, 53MB/69MB, paused 635us total 29.293ms
08-03 18:33:23.656  6829  6829 D ICU     : No timezone override file found: /data/misc/zoneinfo/current/icu/icu_tzdata.dat
08-03 18:33:23.701  6829  6829 I Radio-JNI: register_android_hardware_Radio DONE
08-03 18:33:23.730  6829  6829 D AndroidRuntime: Calling main entry com.android.commands.input.Input
08-03 18:33:23.732  6829  6829 I Input   : injectKeyEvent: KeyEvent { action=ACTION_DOWN, keyCode=KEYCODE_BACK, scanCode=0, metaState=0, flags=0x0, repeatCount=0, eventTime=642820144, downTime=642820144, deviceId=-1, source=0x101 }
08-03 18:33:23.738  6829  6829 I Input   : injectKeyEvent: KeyEvent { action=ACTION_UP, keyCode=KEYCODE_BACK, scanCode=0, metaState=0, flags=0x0, repeatCount=0, eventTime=642820144, downTime=642820144, deviceId=-1, source=0x101 }
08-03 18:33:23.743  6829  6829 D AndroidRuntime: Shutting down VM
08-03 18:33:23.784 13866 13866 I GoogleInputMethodServic: GoogleInputMethodService.onFinishInput():3138 
08-03 18:33:23.785 13866 13866 I GoogleInputMethodServic: GoogleInputMethodService.onStartInput():1808 
08-03 18:33:23.930  4014  4027 I art     : Starting a blocking GC Explicit
08-03 18:33:23.967  4014  4027 I art     : Explicit concurrent mark sweep GC freed 1481(84KB) AllocSpace objects, 1(20KB) LOS objects, 23% free, 53MB/69MB, paused 648us total 36.315ms
08-03 18:33:23.980  4014  4027 I art     : Starting a blocking GC Explicit
08-03 18:33:24.013  4014  4027 I art     : Explicit concurrent mark sweep GC freed 26(944B) AllocSpace objects, 0(0B) LOS objects, 23% free, 53MB/69MB, paused 645us total 32.436ms
08-03 18:33:24.024  4014  4027 I art     : Starting a blocking GC Explicit
08-03 18:33:24.056  4014  4027 I art     : Explicit concurrent mark sweep GC freed 3(96B) AllocSpace objects, 0(0B) LOS objects, 23% free, 53MB/69MB, paused 664us total 31.575ms
08-03 18:33:24.068  4014  4027 I art     : Starting a blocking GC Explicit
08-03 18:33:24.071   380   380 W SurfaceFlinger: couldn't log to binary event log: overflow.
08-03 18:33:24.096  4014  4027 I art     : Explicit concurrent mark sweep GC freed 121(9KB) AllocSpace objects, 0(0B) LOS objects, 23% free, 53MB/69MB, paused 558us total 27.899ms
08-03 18:33:24.107  4014  4027 I art     : Starting a blocking GC Explicit
08-03 18:33:24.133  4014  4027 I art     : Explicit concurrent mark sweep GC freed 134(7KB) AllocSpace objects, 0(0B) LOS objects, 23% free, 53MB/69MB, paused 574us total 25.965ms
08-03 18:33:24.443  4014  4026 I art     : Starting a blocking GC Explicit
08-03 18:33:24.480  4014  4026 I art     : Explicit concurrent mark sweep GC freed 5929(341KB) AllocSpace objects, 3(160KB) LOS objects, 23% free, 52MB/68MB, paused 633us total 36.741ms
08-03 18:33:24.494  4014  4026 I art     : Starting a blocking GC Explicit
08-03 18:33:24.521  4014  4026 I art     : Explicit concurrent mark sweep GC freed 20(704B) AllocSpace objects, 0(0B) LOS objects, 23% free, 52MB/68MB, paused 589us total 26.724ms
08-03 18:33:24.532  4014  4026 I art     : Starting a blocking GC Explicit
08-03 18:33:24.559  4014  4026 I art     : Explicit concurrent mark sweep GC freed 3(96B) AllocSpace objects, 0(0B) LOS objects, 23% free, 52MB/68MB, paused 563us total 27.449ms
08-03 18:33:24.571  4014  4026 I art     : Starting a blocking GC Explicit
08-03 18:33:24.598  4014  4026 I art     : Explicit concurrent mark sweep GC freed 3(96B) AllocSpace objects, 0(0B) LOS objects, 23% free, 52MB/68MB, paused 593us total 27.658ms
08-03 18:33:24.610  4014  4026 I art     : Starting a blocking GC Explicit
08-03 18:33:24.637  4014  4026 I art     : Explicit concurrent mark sweep GC freed 3(96B) AllocSpace objects, 0(0B) LOS objects, 23% free, 52MB/68MB, paused 666us total 27.199ms
08-03 18:33:24.950  4014  4253 I art     : Starting a blocking GC Explicit
08-03 18:33:24.984  4014  4253 I art     : Explicit concurrent mark sweep GC freed 1343(78KB) AllocSpace objects, 1(20KB) LOS objects, 23% free, 52MB/68MB, paused 593us total 33.340ms
08-03 18:33:24.996  4014  4253 I art     : Starting a blocking GC Explicit
08-03 18:33:25.022  4014  4253 I art     : Explicit concurrent mark sweep GC freed 20(704B) AllocSpace objects, 0(0B) LOS objects, 23% free, 52MB/68MB, paused 574us total 26.623ms
08-03 18:33:25.033  4014  4253 I art     : Starting a blocking GC Explicit
08-03 18:33:25.059  4014  4253 I art     : Explicit concurrent mark sweep GC freed 3(96B) AllocSpace objects, 0(0B) LOS objects, 23% free, 52MB/68MB, paused 558us total 25.665ms
08-03 18:33:25.070  4014  4253 I art     : Starting a blocking GC Explicit
08-03 18:33:25.096  4014  4253 I art     : Explicit concurrent mark sweep GC freed 3(96B) AllocSpace objects, 0(0B) LOS objects, 23% free, 52MB/68MB, paused 590us total 25.616ms
08-03 18:33:25.107  4014  4253 I art     : Starting a blocking GC Explicit
08-03 18:33:25.133  4014  4253 I art     : Explicit concurrent mark sweep GC freed 3(96B) AllocSpace objects, 0(0B) LOS objects, 23% free, 52MB/68MB, paused 587us total 25.914ms
08-03 18:33:25.426  4014  4026 I art     : Starting a blocking GC Explicit
08-03 18:33:25.456  4014  4026 I art     : Explicit concurrent mark sweep GC freed 1352(78KB) AllocSpace objects, 1(20KB) LOS objects, 23% free, 52MB/68MB, paused 575us total 29.257ms
08-03 18:33:25.469  4014  4026 I art     : Starting a blocking GC Explicit
08-03 18:33:25.498  4014  4026 I art     : Explicit concurrent mark sweep GC freed 26(896B) AllocSpace objects, 0(0B) LOS objects, 23% free, 52MB/68MB, paused 765us total 28.102ms
08-03 18:33:25.509  4014  4026 I art     : Starting a blocking GC Explicit
08-03 18:33:25.536  4014  4026 I art     : Explicit concurrent mark sweep GC freed 7(224B) AllocSpace objects, 0(0B) LOS objects, 23% free, 52MB/68MB, paused 640us total 26.911ms
08-03 18:33:25.543  6882  6882 D AndroidRuntime: >>>>>> START com.android.internal.os.RuntimeInit uid 2000 <<<<<<
08-03 18:33:25.547  4014  4026 I art     : Starting a blocking GC Explicit
08-03 18:33:25.549  6882  6882 D AndroidRuntime: CheckJNI is OFF
08-03 18:33:25.574  4014  4026 I art     : Explicit concurrent mark sweep GC freed 8(256B) AllocSpace objects, 0(0B) LOS objects, 23% free, 52MB/68MB, paused 576us total 26.537ms
08-03 18:33:25.585  4014  4026 I art     : Starting a blocking GC Explicit
08-03 18:33:25.592 30381 30381 I Atfwd_Sendcmd: AtCmdFwd service not ready - Exhausted retry attempts - :6
08-03 18:33:25.592 30381 30381 I Atfwd_Daemon: result : -1 	 ,Init step :2 	 ,qmiErrorCode: 0
08-03 18:33:25.596  6882  6882 D ICU     : No timezone override file found: /data/misc/zoneinfo/current/icu/icu_tzdata.dat
08-03 18:33:25.613  4014  4026 I art     : Explicit concurrent mark sweep GC freed 8(256B) AllocSpace objects, 0(0B) LOS objects, 23% free, 52MB/68MB, paused 615us total 27.237ms
08-03 18:33:25.641  6882  6882 I Radio-JNI: register_android_hardware_Radio DONE
08-03 18:33:25.670  6882  6882 D AndroidRuntime: Calling main entry com.android.commands.input.Input
08-03 18:33:25.672  6882  6882 I Input   : injectKeyEvent: KeyEvent { action=ACTION_DOWN, keyCode=KEYCODE_BACK, scanCode=0, metaState=0, flags=0x0, repeatCount=0, eventTime=642822085, downTime=642822085, deviceId=-1, source=0x101 }
08-03 18:33:25.678  6882  6882 I Input   : injectKeyEvent: KeyEvent { action=ACTION_UP, keyCode=KEYCODE_BACK, scanCode=0, metaState=0, flags=0x0, repeatCount=0, eventTime=642822085, downTime=642822085, deviceId=-1, source=0x101 }
08-03 18:33:25.683  6882  6882 D AndroidRuntime: Shutting down VM
08-03 18:33:25.719 13866 13866 I GoogleInputMethodServic: GoogleInputMethodService.onFinishInput():3138 
08-03 18:33:25.719 13866 13866 I GoogleInputMethodServic: GoogleInputMethodService.onStartInput():1808 
08-03 18:33:25.894  4014  4252 I art     : Starting a blocking GC Explicit
08-03 18:33:25.920  4014  4252 I art     : Explicit concurrent mark sweep GC freed 1545(86KB) AllocSpace objects, 1(20KB) LOS objects, 23% free, 52MB/68MB, paused 586us total 25.748ms
08-03 18:33:25.931  4014  4252 I art     : Starting a blocking GC Explicit
08-03 18:33:25.956  4014  4252 I art     : Explicit concurrent mark sweep GC freed 24(864B) AllocSpace objects, 0(0B) LOS objects, 23% free, 52MB/68MB, paused 529us total 24.861ms
08-03 18:33:25.968  4014  4252 I art     : Starting a blocking GC Explicit
08-03 18:33:25.997  4014  4252 I art     : Explicit concurrent mark sweep GC freed 3(96B) AllocSpace objects, 0(0B) LOS objects, 23% free, 52MB/68MB, paused 1.403ms total 29ms
08-03 18:33:26.008  4014  4252 I art     : Starting a blocking GC Explicit
08-03 18:33:26.023   380   380 W SurfaceFlinger: couldn't log to binary event log: overflow.
08-03 18:33:26.034  4014  4252 I art     : Explicit concurrent mark sweep GC freed 99(7KB) AllocSpace objects, 0(0B) LOS objects, 23% free, 52MB/68MB, paused 562us total 25.612ms
08-03 18:33:26.046  4014  4252 I art     : Starting a blocking GC Explicit
08-03 18:33:26.071  4014  4252 I art     : Explicit concurrent mark sweep GC freed 22(944B) AllocSpace objects, 0(0B) LOS objects, 23% free, 52MB/68MB, paused 574us total 25.257ms
08-03 18:33:26.374  4014  4027 I art     : Starting a blocking GC Explicit
08-03 18:33:26.410  4014  4027 I art     : Explicit concurrent mark sweep GC freed 3401(199KB) AllocSpace objects, 3(200KB) LOS objects, 23% free, 52MB/68MB, paused 639us total 35.185ms
08-03 18:33:26.424  4014  4027 I art     : Starting a blocking GC Explicit
08-03 18:33:26.452  4014  4027 I art     : Explicit concurrent mark sweep GC freed 20(704B) AllocSpace objects, 0(0B) LOS objects, 23% free, 52MB/68MB, paused 600us total 28.486ms
08-03 18:33:26.464  4014  4027 I art     : Starting a blocking GC Explicit
08-03 18:33:26.491  4014  4027 I art     : Explicit concurrent mark sweep GC freed 3(96B) AllocSpace objects, 0(0B) LOS objects, 23% free, 52MB/68MB, paused 610us total 26.743ms
08-03 18:33:26.502  4014  4027 I art     : Starting a blocking GC Explicit
08-03 18:33:26.529  4014  4027 I art     : Explicit concurrent mark sweep GC freed 3(96B) AllocSpace objects, 0(0B) LOS objects, 23% free, 52MB/68MB, paused 596us total 26.767ms
08-03 18:33:26.540  4014  4027 I art     : Starting a blocking GC Explicit
08-03 18:33:26.567  4014  4027 I art     : Explicit concurrent mark sweep GC freed 3(96B) AllocSpace objects, 0(0B) LOS objects, 23% free, 52MB/68MB, paused 703us total 27.093ms
08-03 18:33:26.870  4014  5613 I art     : Starting a blocking GC Explicit
08-03 18:33:26.896  4014  5613 I art     : Explicit concurrent mark sweep GC freed 1341(78KB) AllocSpace objects, 1(20KB) LOS objects, 23% free, 52MB/68MB, paused 556us total 25.778ms
08-03 18:33:26.907  4014  5613 I art     : Starting a blocking GC Explicit
08-03 18:33:26.932  4014  5613 I art     : Explicit concurrent mark sweep GC freed 20(704B) AllocSpace objects, 0(0B) LOS objects, 23% free, 52MB/68MB, paused 552us total 24.672ms
08-03 18:33:26.943  4014  5613 I art     : Starting a blocking GC Explicit
08-03 18:33:26.968  4014  5613 I art     : Explicit concurrent mark sweep GC freed 3(96B) AllocSpace objects, 0(0B) LOS objects, 23% free, 52MB/68MB, paused 595us total 25.077ms
08-03 18:33:26.979  4014  5613 I art     : Starting a blocking GC Explicit
08-03 18:33:27.004  4014  5613 I art     : Explicit concurrent mark sweep GC freed 3(96B) AllocSpace objects, 0(0B) LOS objects, 23% free, 52MB/68MB, paused 590us total 25.071ms
08-03 18:33:27.015  4014  5613 I art     : Starting a blocking GC Explicit
08-03 18:33:27.041  4014  5613 I art     : Explicit concurrent mark sweep GC freed 3(96B) AllocSpace objects, 0(0B) LOS objects, 23% free, 52MB/68MB, paused 598us total 25.287ms
08-03 18:33:27.337  4014  4253 I art     : Starting a blocking GC Explicit
08-03 18:33:27.368  4014  4253 I art     : Explicit concurrent mark sweep GC freed 1341(78KB) AllocSpace objects, 1(20KB) LOS objects, 23% free, 52MB/68MB, paused 814us total 30.624ms
08-03 18:33:27.381  4014  4253 I art     : Starting a blocking GC Explicit
08-03 18:33:27.409  4014  4253 I art     : Explicit concurrent mark sweep GC freed 20(704B) AllocSpace objects, 0(0B) LOS objects, 23% free, 52MB/68MB, paused 630us total 27.052ms
08-03 18:33:27.420  4014  4253 I art     : Starting a blocking GC Explicit
08-03 18:33:27.447  4014  4253 I art     : Explicit concurrent mark sweep GC freed 3(96B) AllocSpace objects, 0(0B) LOS objects, 23% free, 52MB/68MB, paused 723us total 27.104ms
08-03 18:33:27.458  4014  4253 I art     : Starting a blocking GC Explicit
08-03 18:33:27.469  6937  6937 D AndroidRuntime: >>>>>> START com.android.internal.os.RuntimeInit uid 2000 <<<<<<
08-03 18:33:27.474  6937  6937 D AndroidRuntime: CheckJNI is OFF
08-03 18:33:27.484  4014  4253 I art     : Explicit concurrent mark sweep GC freed 3(96B) AllocSpace objects, 0(0B) LOS objects, 23% free, 52MB/68MB, paused 590us total 26.123ms
08-03 18:33:27.495  4014  4253 I art     : Starting a blocking GC Explicit
08-03 18:33:27.521  6937  6937 D ICU     : No timezone override file found: /data/misc/zoneinfo/current/icu/icu_tzdata.dat
08-03 18:33:27.522  4014  4253 I art     : Explicit concurrent mark sweep GC freed 3(96B) AllocSpace objects, 0(0B) LOS objects, 23% free, 52MB/68MB, paused 660us total 26.400ms
08-03 18:33:27.570  6937  6937 I Radio-JNI: register_android_hardware_Radio DONE
08-03 18:33:27.599  6937  6937 D AndroidRuntime: Calling main entry com.android.commands.input.Input
08-03 18:33:27.601  6937  6937 I Input   : injectMotionEvent: MotionEvent { action=ACTION_DOWN, actionButton=0, id[0]=0, x[0]=1084.0, y[0]=2213.0, toolType[0]=TOOL_TYPE_UNKNOWN, buttonState=0, metaState=0, flags=0x0, edgeFlags=0x0, pointerCount=1, historySize=0, eventTime=642824014, downTime=642824014, deviceId=0, source=0x1002 }
08-03 18:33:27.608  6937  6937 I Input   : injectMotionEvent: MotionEvent { action=ACTION_UP, actionButton=0, id[0]=0, x[0]=1084.0, y[0]=2213.0, toolType[0]=TOOL_TYPE_UNKNOWN, buttonState=0, metaState=0, flags=0x0, edgeFlags=0x0, pointerCount=1, historySize=0, eventTime=642824014, downTime=642824014, deviceId=0, source=0x1002 }
08-03 18:33:27.610   918  6112 I ActivityManager: START u0 {cmp=baseline.appteam.nith.hillffair/.activities.EventActivity} from uid 10624 on display 0
08-03 18:33:27.620  6937  6937 D AndroidRuntime: Shutting down VM
08-03 18:33:27.705 13866 13866 I GoogleInputMethodServic: GoogleInputMethodService.onFinishInput():3138 
08-03 18:33:27.705 13866 13866 I GoogleInputMethodServic: GoogleInputMethodService.onStartInput():1808 
08-03 18:33:27.724   918   936 I ActivityManager: Displayed baseline.appteam.nith.hillffair/.activities.EventActivity: +104ms
08-03 18:33:27.813  4014  5613 I art     : Starting a blocking GC Explicit
08-03 18:33:27.840  4014  5613 I art     : Explicit concurrent mark sweep GC freed 6167(370KB) AllocSpace objects, 1(20KB) LOS objects, 23% free, 52MB/68MB, paused 728us total 26.497ms
08-03 18:33:27.852  4014  5613 I art     : Starting a blocking GC Explicit
08-03 18:33:27.882  4014  5613 I art     : Explicit concurrent mark sweep GC freed 266(11KB) AllocSpace objects, 0(0B) LOS objects, 23% free, 52MB/68MB, paused 641us total 30.110ms
08-03 18:33:27.894  4014  5613 I art     : Starting a blocking GC Explicit
08-03 18:33:27.927  4014  5613 I art     : Explicit concurrent mark sweep GC freed 3(96B) AllocSpace objects, 0(0B) LOS objects, 23% free, 52MB/68MB, paused 802us total 32.607ms
08-03 18:33:27.942  4014  5613 I art     : Starting a blocking GC Explicit
08-03 18:33:27.972  4014  5613 I art     : Explicit concurrent mark sweep GC freed 3(96B) AllocSpace objects, 0(0B) LOS objects, 23% free, 52MB/68MB, paused 683us total 30.140ms
08-03 18:33:27.976   380   380 W SurfaceFlinger: couldn't log to binary event log: overflow.
08-03 18:33:27.986  4014  5613 I art     : Starting a blocking GC Explicit
08-03 18:33:28.010  4014  5613 I art     : Explicit concurrent mark sweep GC freed 3(96B) AllocSpace objects, 0(0B) LOS objects, 23% free, 52MB/68MB, paused 589us total 23.975ms
08-03 18:33:28.120  4014  6960 D OkHttp  : --> GET https://api-hillfair-2k16.herokuapp.com/api/app/club http/1.1
08-03 18:33:28.159  4014  6960 D OkHttp  : <-- 200 OK https://api-hillfair-2k16.herokuapp.com/api/app/club (39ms, 1870-byte body)
08-03 18:33:28.181  4014  4014 I NAPPA_EXPERIMENTATION: MetricNetworkRequestExecutionTime: REQUEST_DURATION_SYSTEM='530',REQUEST_DURATION_OKHTTP='39',REQUEST_SYNCHRONOUS='FALSE',RESPONSE_CODE='200',RESPONSE_METHOD='GET',RESPONSE_LENGTH_OKHTTP='1870',RESPONSE_LENGTH_HEADER='1870',REQUEST_PROTOCOL='http/1.1',REQUEST_URL='https://api-hillfair-2k16.herokuapp.com/api/app/club',
08-03 18:33:28.294  4014  5613 I art     : Starting a blocking GC Explicit
08-03 18:33:28.327  4014  5613 I art     : Explicit concurrent mark sweep GC freed 6324(393KB) AllocSpace objects, 4(220KB) LOS objects, 23% free, 53MB/69MB, paused 1.088ms total 32.305ms
08-03 18:33:28.338  4014  5613 I art     : Starting a blocking GC Explicit
08-03 18:33:28.365  4014  5613 I art     : Explicit concurrent mark sweep GC freed 1602(243KB) AllocSpace objects, 0(0B) LOS objects, 23% free, 53MB/69MB, paused 1.013ms total 26.817ms
08-03 18:33:28.376  4014  5613 I art     : Starting a blocking GC Explicit
08-03 18:33:28.403  4014  5613 I art     : Explicit concurrent mark sweep GC freed 390(56KB) AllocSpace objects, 0(0B) LOS objects, 23% free, 53MB/69MB, paused 786us total 27.050ms
08-03 18:33:28.414  4014  5613 I art     : Starting a blocking GC Explicit
08-03 18:33:28.440  4014  5613 I art     : Explicit concurrent mark sweep GC freed 87(3KB) AllocSpace objects, 0(0B) LOS objects, 23% free, 53MB/69MB, paused 798us total 26.269ms
08-03 18:33:28.451  4014  5613 I art     : Starting a blocking GC Explicit
08-03 18:33:28.478  4014  5613 I art     : Explicit concurrent mark sweep GC freed 6(192B) AllocSpace objects, 0(0B) LOS objects, 23% free, 53MB/69MB, paused 817us total 26.769ms
08-03 18:33:28.781  4014  4027 I art     : Starting a blocking GC Explicit
08-03 18:33:28.816  4014  4027 I art     : Explicit concurrent mark sweep GC freed 4244(199KB) AllocSpace objects, 1(20KB) LOS objects, 23% free, 53MB/69MB, paused 1.823ms total 34.975ms
08-03 18:33:28.827  4014  4027 I art     : Starting a blocking GC Explicit
08-03 18:33:28.855  4014  4027 I art     : Explicit concurrent mark sweep GC freed 4649(177KB) AllocSpace objects, 0(0B) LOS objects, 23% free, 53MB/69MB, paused 776us total 27.837ms
08-03 18:33:28.866  4014  4027 I art     : Starting a blocking GC Explicit
08-03 18:33:28.895  4014  4027 I art     : Explicit concurrent mark sweep GC freed 113(4KB) AllocSpace objects, 0(0B) LOS objects, 23% free, 53MB/69MB, paused 826us total 28.306ms
08-03 18:33:28.906  4014  4027 I art     : Starting a blocking GC Explicit
08-03 18:33:28.935  4014  4027 I art     : Explicit concurrent mark sweep GC freed 346(57KB) AllocSpace objects, 0(0B) LOS objects, 23% free, 53MB/69MB, paused 946us total 28.185ms
08-03 18:33:28.946  4014  4027 I art     : Starting a blocking GC Explicit
08-03 18:33:28.973  4014  4027 I art     : Explicit concurrent mark sweep GC freed 192(85KB) AllocSpace objects, 0(0B) LOS objects, 23% free, 53MB/69MB, paused 685us total 26.504ms
08-03 18:33:29.280  4014  4026 I art     : Starting a blocking GC Explicit
08-03 18:33:29.318  4014  4026 I art     : Explicit concurrent mark sweep GC freed 1575(125KB) AllocSpace objects, 1(20KB) LOS objects, 23% free, 53MB/69MB, paused 906us total 37.544ms
08-03 18:33:29.333  4014  4026 I art     : Starting a blocking GC Explicit
08-03 18:33:29.365  4014  4026 I art     : Explicit concurrent mark sweep GC freed 47(1568B) AllocSpace objects, 0(0B) LOS objects, 23% free, 53MB/69MB, paused 676us total 31.651ms
08-03 18:33:29.377  4014  4026 I art     : Starting a blocking GC Explicit
08-03 18:33:29.408  4014  4026 I art     : Explicit concurrent mark sweep GC freed 3(96B) AllocSpace objects, 0(0B) LOS objects, 23% free, 53MB/69MB, paused 687us total 31.513ms
08-03 18:33:29.420  4014  4026 I art     : Starting a blocking GC Explicit
08-03 18:33:29.451  4014  4026 I art     : Explicit concurrent mark sweep GC freed 3(96B) AllocSpace objects, 0(0B) LOS objects, 23% free, 53MB/69MB, paused 654us total 30.239ms
08-03 18:33:29.463  4014  4026 I art     : Starting a blocking GC Explicit
08-03 18:33:29.494  4014  4026 I art     : Explicit concurrent mark sweep GC freed 3(96B) AllocSpace objects, 0(0B) LOS objects, 23% free, 53MB/69MB, paused 752us total 31.337ms
08-03 18:33:29.662   918  3261 D WifiStateMachine: starting scan for "H369AA63323"WPA_PSK with 2412,5180
08-03 18:33:29.807  4014  4253 I art     : Starting a blocking GC Explicit
08-03 18:33:29.842  4014  4253 I art     : Explicit concurrent mark sweep GC freed 1344(78KB) AllocSpace objects, 1(20KB) LOS objects, 23% free, 53MB/69MB, paused 683us total 34.417ms
08-03 18:33:29.856  4014  4253 I art     : Starting a blocking GC Explicit
08-03 18:33:29.889  4014  4253 I art     : Explicit concurrent mark sweep GC freed 20(704B) AllocSpace objects, 0(0B) LOS objects, 23% free, 53MB/69MB, paused 694us total 33.442ms
08-03 18:33:29.905  4014  4253 I art     : Starting a blocking GC Explicit
08-03 18:33:29.936  4014  4253 I art     : Explicit concurrent mark sweep GC freed 3(96B) AllocSpace objects, 0(0B) LOS objects, 23% free, 53MB/69MB, paused 667us total 30.884ms
08-03 18:33:29.948  4014  4253 I art     : Starting a blocking GC Explicit
08-03 18:33:29.980  4014  4253 I art     : Explicit concurrent mark sweep GC freed 3(96B) AllocSpace objects, 0(0B) LOS objects, 23% free, 53MB/69MB, paused 673us total 31.880ms
08-03 18:33:29.992  4014  4253 I art     : Starting a blocking GC Explicit
08-03 18:33:30.024  4014  4253 I art     : Explicit concurrent mark sweep GC freed 3(96B) AllocSpace objects, 0(0B) LOS objects, 23% free, 53MB/69MB, paused 654us total 31.698ms
08-03 18:33:30.024  4014  4025 I art     : WaitForGcToComplete blocked for 31.834ms for cause HeapTrim
08-03 18:33:30.357  4014  4027 I art     : Starting a blocking GC Explicit
08-03 18:33:30.395  4014  4027 I art     : Explicit concurrent mark sweep GC freed 1344(78KB) AllocSpace objects, 1(20KB) LOS objects, 23% free, 53MB/69MB, paused 702us total 37.550ms
08-03 18:33:30.410  4014  4027 I art     : Starting a blocking GC Explicit
08-03 18:33:30.441  4014  4027 I art     : Explicit concurrent mark sweep GC freed 20(704B) AllocSpace objects, 0(0B) LOS objects, 23% free, 53MB/69MB, paused 689us total 30.875ms
08-03 18:33:30.453  4014  4027 I art     : Starting a blocking GC Explicit
08-03 18:33:30.485  4014  4027 I art     : Explicit concurrent mark sweep GC freed 3(96B) AllocSpace objects, 0(0B) LOS objects, 23% free, 53MB/69MB, paused 656us total 31.777ms
08-03 18:33:30.497  4014  4027 I art     : Starting a blocking GC Explicit
08-03 18:33:30.529  4014  4027 I art     : Explicit concurrent mark sweep GC freed 3(96B) AllocSpace objects, 0(0B) LOS objects, 23% free, 53MB/69MB, paused 655us total 31.767ms
08-03 18:33:30.540  4014  4027 I art     : Starting a blocking GC Explicit
08-03 18:33:30.573  4014  4027 I art     : Explicit concurrent mark sweep GC freed 3(96B) AllocSpace objects, 0(0B) LOS objects, 23% free, 53MB/69MB, paused 678us total 31.872ms
08-03 18:33:30.907  4014  4252 I art     : Starting a blocking GC Explicit
08-03 18:33:30.947  4014  4252 I art     : Explicit concurrent mark sweep GC freed 1344(78KB) AllocSpace objects, 1(20KB) LOS objects, 23% free, 53MB/69MB, paused 769us total 40.169ms
08-03 18:33:30.964  4014  4252 I art     : Starting a blocking GC Explicit
08-03 18:33:31.000  4014  4252 I art     : Explicit concurrent mark sweep GC freed 20(704B) AllocSpace objects, 0(0B) LOS objects, 23% free, 53MB/69MB, paused 707us total 35.761ms
08-03 18:33:31.017  4014  4252 I art     : Starting a blocking GC Explicit
08-03 18:33:31.047  4014  4252 I art     : Explicit concurrent mark sweep GC freed 3(96B) AllocSpace objects, 0(0B) LOS objects, 23% free, 53MB/69MB, paused 655us total 29.473ms
08-03 18:33:31.058  4014  4252 I art     : Starting a blocking GC Explicit
08-03 18:33:31.090  4014  4252 I art     : Explicit concurrent mark sweep GC freed 3(96B) AllocSpace objects, 0(0B) LOS objects, 23% free, 53MB/69MB, paused 673us total 31.890ms
08-03 18:33:31.102  4014  4252 I art     : Starting a blocking GC Explicit
08-03 18:33:31.134  4014  4252 I art     : Explicit concurrent mark sweep GC freed 3(96B) AllocSpace objects, 0(0B) LOS objects, 23% free, 53MB/69MB, paused 674us total 31.321ms
08-03 18:33:31.470  4014  5613 I art     : Starting a blocking GC Explicit
08-03 18:33:31.508  4014  5613 I art     : Explicit concurrent mark sweep GC freed 1344(78KB) AllocSpace objects, 1(20KB) LOS objects, 23% free, 53MB/69MB, paused 1.057ms total 37.816ms
08-03 18:33:31.521  4014  5613 I art     : Starting a blocking GC Explicit
08-03 18:33:31.552  4014  5613 I art     : Explicit concurrent mark sweep GC freed 20(704B) AllocSpace objects, 0(0B) LOS objects, 23% free, 53MB/69MB, paused 668us total 30.012ms
08-03 18:33:31.564  4014  5613 I art     : Starting a blocking GC Explicit
08-03 18:33:31.596  4014  5613 I art     : Explicit concurrent mark sweep GC freed 3(96B) AllocSpace objects, 0(0B) LOS objects, 23% free, 53MB/69MB, paused 674us total 32.245ms
08-03 18:33:31.608  4014  5613 I art     : Starting a blocking GC Explicit
08-03 18:33:31.640  4014  5613 I art     : Explicit concurrent mark sweep GC freed 3(96B) AllocSpace objects, 0(0B) LOS objects, 23% free, 53MB/69MB, paused 662us total 32.130ms
08-03 18:33:31.652  4014  5613 I art     : Starting a blocking GC Explicit
08-03 18:33:31.684  4014  5613 I art     : Explicit concurrent mark sweep GC freed 3(96B) AllocSpace objects, 0(0B) LOS objects, 23% free, 53MB/69MB, paused 666us total 31.242ms
08-03 18:33:31.869   918   937 W ProcessCpuTracker: Skipping unknown process pid 7049
08-03 18:33:32.011  4014  4026 I art     : Starting a blocking GC Explicit
08-03 18:33:32.044  4014  4026 I art     : Explicit concurrent mark sweep GC freed 1344(78KB) AllocSpace objects, 1(20KB) LOS objects, 23% free, 53MB/69MB, paused 657us total 32.459ms
08-03 18:33:32.058  4014  4026 I art     : Starting a blocking GC Explicit
08-03 18:33:32.090  4014  4026 I art     : Explicit concurrent mark sweep GC freed 20(704B) AllocSpace objects, 0(0B) LOS objects, 23% free, 53MB/69MB, paused 679us total 31.859ms
08-03 18:33:32.102  4014  4026 I art     : Starting a blocking GC Explicit
08-03 18:33:32.134  4014  4026 I art     : Explicit concurrent mark sweep GC freed 3(96B) AllocSpace objects, 0(0B) LOS objects, 23% free, 53MB/69MB, paused 666us total 32.087ms
08-03 18:33:32.146  4014  4026 I art     : Starting a blocking GC Explicit
08-03 18:33:32.176  4014  4026 I art     : Explicit concurrent mark sweep GC freed 3(96B) AllocSpace objects, 0(0B) LOS objects, 23% free, 53MB/69MB, paused 669us total 29.743ms
08-03 18:33:32.188  4014  4026 I art     : Starting a blocking GC Explicit
08-03 18:33:32.220  4014  4026 I art     : Explicit concurrent mark sweep GC freed 3(96B) AllocSpace objects, 0(0B) LOS objects, 23% free, 53MB/69MB, paused 667us total 31.770ms
08-03 18:33:32.566  4014  4253 I art     : Starting a blocking GC Explicit
08-03 18:33:32.607  4014  4253 I art     : Explicit concurrent mark sweep GC freed 1344(78KB) AllocSpace objects, 1(20KB) LOS objects, 23% free, 53MB/69MB, paused 721us total 40.430ms
08-03 18:33:32.623  4014  4253 I art     : Starting a blocking GC Explicit
08-03 18:33:32.652  4014  4253 I art     : Explicit concurrent mark sweep GC freed 20(704B) AllocSpace objects, 0(0B) LOS objects, 23% free, 53MB/69MB, paused 649us total 28.456ms
08-03 18:33:32.663  4014  4253 I art     : Starting a blocking GC Explicit
08-03 18:33:32.693  4014  4253 I art     : Explicit concurrent mark sweep GC freed 3(96B) AllocSpace objects, 0(0B) LOS objects, 23% free, 53MB/69MB, paused 650us total 28.898ms
08-03 18:33:32.705  4014  4253 I art     : Starting a blocking GC Explicit
08-03 18:33:32.737  4014  4253 I art     : Explicit concurrent mark sweep GC freed 3(96B) AllocSpace objects, 0(0B) LOS objects, 23% free, 53MB/69MB, paused 681us total 31.979ms
08-03 18:33:32.748  4014  4253 I art     : Starting a blocking GC Explicit
08-03 18:33:32.780  4014  4253 I art     : Explicit concurrent mark sweep GC freed 3(96B) AllocSpace objects, 0(0B) LOS objects, 23% free, 53MB/69MB, paused 671us total 31.674ms
08-03 18:33:33.122  4014  4027 I art     : Starting a blocking GC Explicit
08-03 18:33:33.158  4014  4027 I art     : Explicit concurrent mark sweep GC freed 1344(78KB) AllocSpace objects, 1(20KB) LOS objects, 23% free, 53MB/69MB, paused 735us total 35.440ms
08-03 18:33:33.173  4014  4027 I art     : Starting a blocking GC Explicit
08-03 18:33:33.209  4014  4027 I art     : Explicit concurrent mark sweep GC freed 20(704B) AllocSpace objects, 0(0B) LOS objects, 23% free, 53MB/69MB, paused 727us total 36.297ms
08-03 18:33:33.225  4014  4027 I art     : Starting a blocking GC Explicit
08-03 18:33:33.256  4014  4027 I art     : Explicit concurrent mark sweep GC freed 3(96B) AllocSpace objects, 0(0B) LOS objects, 23% free, 53MB/69MB, paused 643us total 29.974ms
08-03 18:33:33.267  4014  4027 I art     : Starting a blocking GC Explicit
08-03 18:33:33.299  4014  4027 I art     : Explicit concurrent mark sweep GC freed 3(96B) AllocSpace objects, 0(0B) LOS objects, 23% free, 53MB/69MB, paused 685us total 31.539ms
08-03 18:33:33.311  4014  4027 I art     : Starting a blocking GC Explicit
08-03 18:33:33.343  4014  4027 I art     : Explicit concurrent mark sweep GC freed 3(96B) AllocSpace objects, 0(0B) LOS objects, 23% free, 53MB/69MB, paused 675us total 32.240ms
08-03 18:33:33.703  4014  4252 I art     : Starting a blocking GC Explicit
08-03 18:33:33.745  4014  4252 I art     : Explicit concurrent mark sweep GC freed 1344(78KB) AllocSpace objects, 1(20KB) LOS objects, 23% free, 53MB/69MB, paused 695us total 40.615ms
08-03 18:33:33.761  4014  4252 I art     : Starting a blocking GC Explicit
08-03 18:33:33.793  4014  4252 I art     : Explicit concurrent mark sweep GC freed 20(704B) AllocSpace objects, 0(0B) LOS objects, 23% free, 53MB/69MB, paused 667us total 31.807ms
08-03 18:33:33.805  4014  4252 I art     : Starting a blocking GC Explicit
08-03 18:33:33.836  4014  4252 I art     : Explicit concurrent mark sweep GC freed 3(96B) AllocSpace objects, 0(0B) LOS objects, 23% free, 53MB/69MB, paused 671us total 31.127ms
08-03 18:33:33.848  4014  4252 I art     : Starting a blocking GC Explicit
08-03 18:33:33.879  4014  4252 I art     : Explicit concurrent mark sweep GC freed 3(96B) AllocSpace objects, 0(0B) LOS objects, 23% free, 53MB/69MB, paused 707us total 30.370ms
08-03 18:33:33.890  4014  4252 I art     : Starting a blocking GC Explicit
08-03 18:33:33.922  4014  4252 I art     : Explicit concurrent mark sweep GC freed 3(96B) AllocSpace objects, 0(0B) LOS objects, 23% free, 53MB/69MB, paused 648us total 31.115ms
08-03 18:33:34.240  4014  5613 I art     : Starting a blocking GC Explicit
08-03 18:33:34.275  4014  5613 I art     : Explicit concurrent mark sweep GC freed 1344(78KB) AllocSpace objects, 1(20KB) LOS objects, 23% free, 53MB/69MB, paused 682us total 34.701ms
08-03 18:33:34.289  4014  5613 I art     : Starting a blocking GC Explicit
08-03 18:33:34.322  4014  5613 I art     : Explicit concurrent mark sweep GC freed 20(704B) AllocSpace objects, 0(0B) LOS objects, 23% free, 53MB/69MB, paused 639us total 33.224ms
08-03 18:33:34.334  4014  5613 I art     : Starting a blocking GC Explicit
08-03 18:33:34.364  4014  5613 I art     : Explicit concurrent mark sweep GC freed 3(96B) AllocSpace objects, 0(0B) LOS objects, 23% free, 53MB/69MB, paused 670us total 29.738ms
08-03 18:33:34.376  4014  5613 I art     : Starting a blocking GC Explicit
08-03 18:33:34.408  4014  5613 I art     : Explicit concurrent mark sweep GC freed 3(96B) AllocSpace objects, 0(0B) LOS objects, 23% free, 53MB/69MB, paused 725us total 31.595ms
08-03 18:33:34.420  4014  5613 I art     : Starting a blocking GC Explicit
08-03 18:33:34.452  4014  5613 I art     : Explicit concurrent mark sweep GC freed 3(96B) AllocSpace objects, 0(0B) LOS objects, 23% free, 53MB/69MB, paused 668us total 31.768ms
08-03 18:33:34.808  4014  4026 I art     : Starting a blocking GC Explicit
08-03 18:33:34.848  4014  4026 I art     : Explicit concurrent mark sweep GC freed 1344(78KB) AllocSpace objects, 1(20KB) LOS objects, 23% free, 53MB/69MB, paused 754us total 39.402ms
08-03 18:33:34.859  4014  4026 I art     : Starting a blocking GC Explicit
08-03 18:33:34.891  4014  4026 I art     : Explicit concurrent mark sweep GC freed 20(704B) AllocSpace objects, 0(0B) LOS objects, 23% free, 53MB/69MB, paused 664us total 31.652ms
08-03 18:33:34.903  4014  4026 I art     : Starting a blocking GC Explicit
08-03 18:33:34.934  4014  4026 I art     : Explicit concurrent mark sweep GC freed 3(96B) AllocSpace objects, 0(0B) LOS objects, 23% free, 53MB/69MB, paused 673us total 30.474ms
08-03 18:33:34.946  4014  4026 I art     : Starting a blocking GC Explicit
08-03 18:33:34.976  4014  4026 I art     : Explicit concurrent mark sweep GC freed 3(96B) AllocSpace objects, 0(0B) LOS objects, 23% free, 53MB/69MB, paused 648us total 29.877ms
08-03 18:33:34.988  4014  4026 I art     : Starting a blocking GC Explicit
08-03 18:33:35.020  4014  4026 I art     : Explicit concurrent mark sweep GC freed 3(96B) AllocSpace objects, 0(0B) LOS objects, 23% free, 53MB/69MB, paused 688us total 31.428ms
08-03 18:33:35.359  4014  4253 I art     : Starting a blocking GC Explicit
08-03 18:33:35.400  4014  4253 I art     : Explicit concurrent mark sweep GC freed 1344(78KB) AllocSpace objects, 1(20KB) LOS objects, 23% free, 53MB/69MB, paused 774us total 40.697ms
08-03 18:33:35.401  4014  4025 I art     : WaitForGcToComplete blocked for 5.695ms for cause HeapTrim
08-03 18:33:35.417  4014  4253 I art     : Starting a blocking GC Explicit
08-03 18:33:35.449  4014  4253 I art     : Explicit concurrent mark sweep GC freed 20(704B) AllocSpace objects, 0(0B) LOS objects, 23% free, 53MB/69MB, paused 646us total 31.516ms
08-03 18:33:35.461  4014  4253 I art     : Starting a blocking GC Explicit
08-03 18:33:35.493  4014  4253 I art     : Explicit concurrent mark sweep GC freed 3(96B) AllocSpace objects, 0(0B) LOS objects, 23% free, 53MB/69MB, paused 653us total 32.013ms
08-03 18:33:35.505  4014  4253 I art     : Starting a blocking GC Explicit
08-03 18:33:35.536  4014  4253 I art     : Explicit concurrent mark sweep GC freed 3(96B) AllocSpace objects, 0(0B) LOS objects, 23% free, 53MB/69MB, paused 670us total 31.291ms
08-03 18:33:35.548  4014  4253 I art     : Starting a blocking GC Explicit
08-03 18:33:35.579  4014  4253 I art     : Explicit concurrent mark sweep GC freed 3(96B) AllocSpace objects, 0(0B) LOS objects, 23% free, 53MB/69MB, paused 614us total 30.248ms
08-03 18:33:35.909  4014  4027 I art     : Starting a blocking GC Explicit
08-03 18:33:35.938  4014  4027 I art     : Explicit concurrent mark sweep GC freed 1344(78KB) AllocSpace objects, 1(20KB) LOS objects, 23% free, 53MB/69MB, paused 712us total 28.600ms
08-03 18:33:35.950  4014  4027 I art     : Starting a blocking GC Explicit
08-03 18:33:35.978  4014  4027 I art     : Explicit concurrent mark sweep GC freed 20(704B) AllocSpace objects, 0(0B) LOS objects, 23% free, 53MB/69MB, paused 689us total 28.150ms
08-03 18:33:35.989  4014  4027 I art     : Starting a blocking GC Explicit
08-03 18:33:36.019  4014  4027 I art     : Explicit concurrent mark sweep GC freed 3(96B) AllocSpace objects, 0(0B) LOS objects, 23% free, 53MB/69MB, paused 681us total 29.786ms
08-03 18:33:36.031  4014  4027 I art     : Starting a blocking GC Explicit
08-03 18:33:36.061  4014  4027 I art     : Explicit concurrent mark sweep GC freed 3(96B) AllocSpace objects, 0(0B) LOS objects, 23% free, 53MB/69MB, paused 674us total 30.492ms
08-03 18:33:36.073  4014  4027 I art     : Starting a blocking GC Explicit
08-03 18:33:36.102  4014  4027 I art     : Explicit concurrent mark sweep GC freed 3(96B) AllocSpace objects, 0(0B) LOS objects, 23% free, 53MB/69MB, paused 684us total 28.892ms
08-03 18:33:36.414  7129  7129 D AndroidRuntime: >>>>>> START com.android.internal.os.RuntimeInit uid 2000 <<<<<<
08-03 18:33:36.420  7129  7129 D AndroidRuntime: CheckJNI is OFF
08-03 18:33:36.428  4014  4253 I art     : Starting a blocking GC Explicit
08-03 18:33:36.455  4014  4253 I art     : Explicit concurrent mark sweep GC freed 1344(78KB) AllocSpace objects, 1(20KB) LOS objects, 23% free, 53MB/69MB, paused 677us total 26.347ms
08-03 18:33:36.463  7129  7129 D ICU     : No timezone override file found: /data/misc/zoneinfo/current/icu/icu_tzdata.dat
08-03 18:33:36.466  4014  4253 I art     : Starting a blocking GC Explicit
08-03 18:33:36.494  4014  4253 I art     : Explicit concurrent mark sweep GC freed 29(1040B) AllocSpace objects, 0(0B) LOS objects, 23% free, 53MB/69MB, paused 671us total 27.806ms
08-03 18:33:36.505  4014  4253 I art     : Starting a blocking GC Explicit
08-03 18:33:36.506  7129  7129 I Radio-JNI: register_android_hardware_Radio DONE
08-03 18:33:36.534  4014  4253 I art     : Explicit concurrent mark sweep GC freed 3(96B) AllocSpace objects, 0(0B) LOS objects, 23% free, 53MB/69MB, paused 699us total 29ms
08-03 18:33:36.535  7129  7129 D AndroidRuntime: Calling main entry com.android.commands.input.Input
08-03 18:33:36.538  7129  7129 I Input   : injectMotionEvent: MotionEvent { action=ACTION_DOWN, actionButton=0, id[0]=0, x[0]=369.0, y[0]=554.0, toolType[0]=TOOL_TYPE_UNKNOWN, buttonState=0, metaState=0, flags=0x0, edgeFlags=0x0, pointerCount=1, historySize=0, eventTime=642832950, downTime=642832950, deviceId=0, source=0x1002 }
08-03 18:33:36.544  7129  7129 I Input   : injectMotionEvent: MotionEvent { action=ACTION_UP, actionButton=0, id[0]=0, x[0]=369.0, y[0]=554.0, toolType[0]=TOOL_TYPE_UNKNOWN, buttonState=0, metaState=0, flags=0x0, edgeFlags=0x0, pointerCount=1, historySize=0, eventTime=642832950, downTime=642832950, deviceId=0, source=0x1002 }
08-03 18:33:36.546  4014  4253 I art     : Starting a blocking GC Explicit
08-03 18:33:36.546   918  4413 I ActivityManager: START u0 {cmp=baseline.appteam.nith.hillffair/.activities.ClubActivity (has extras)} from uid 10624 on display 0
08-03 18:33:36.554  7129  7129 D AndroidRuntime: Shutting down VM
08-03 18:33:36.574  4014  4253 I art     : Explicit concurrent mark sweep GC freed 151(13KB) AllocSpace objects, 0(0B) LOS objects, 23% free, 53MB/69MB, paused 1.031ms total 28.579ms
08-03 18:33:36.585  4014  4253 I art     : Starting a blocking GC Explicit
08-03 18:33:36.615  4014  4253 I art     : Explicit concurrent mark sweep GC freed 3408(207KB) AllocSpace objects, 0(0B) LOS objects, 23% free, 53MB/69MB, paused 860us total 29.577ms
08-03 18:33:36.652   518   646 I ThermalEngine: ACTION: GPU - Setting GPU[0] to 510000000
08-03 18:33:36.662 13866 13866 I GoogleInputMethodServic: GoogleInputMethodService.onFinishInput():3138 
08-03 18:33:36.662   918   936 I ActivityManager: Displayed baseline.appteam.nith.hillffair/.activities.ClubActivity: +107ms
08-03 18:33:36.663 13866 13866 I GoogleInputMethodServic: GoogleInputMethodService.onStartInput():1808 
08-03 18:33:36.885  4014  5613 I art     : Starting a blocking GC Explicit
08-03 18:33:36.916  4014  5613 I art     : Explicit concurrent mark sweep GC freed 1815(100KB) AllocSpace objects, 1(20KB) LOS objects, 23% free, 53MB/69MB, paused 541us total 30.678ms
08-03 18:33:36.918   380   380 W SurfaceFlinger: couldn't log to binary event log: overflow.
08-03 18:33:36.926  4014  5613 I art     : Starting a blocking GC Explicit
08-03 18:33:36.947  4014  5613 I art     : Explicit concurrent mark sweep GC freed 38(1328B) AllocSpace objects, 0(0B) LOS objects, 23% free, 53MB/69MB, paused 533us total 20.561ms
08-03 18:33:36.955  4014  5613 I art     : Starting a blocking GC Explicit
08-03 18:33:36.975  4014  5613 I art     : Explicit concurrent mark sweep GC freed 3(96B) AllocSpace objects, 0(0B) LOS objects, 23% free, 53MB/69MB, paused 479us total 20.034ms
08-03 18:33:36.983  4014  5613 I art     : Starting a blocking GC Explicit
08-03 18:33:37.005  4014  5613 I art     : Explicit concurrent mark sweep GC freed 3(96B) AllocSpace objects, 0(0B) LOS objects, 23% free, 53MB/69MB, paused 500us total 21.630ms
08-03 18:33:37.014  4014  5613 I art     : Starting a blocking GC Explicit
08-03 18:33:37.038  4014  5613 I art     : Explicit concurrent mark sweep GC freed 3(96B) AllocSpace objects, 0(0B) LOS objects, 23% free, 53MB/69MB, paused 609us total 23.557ms
08-03 18:33:37.133  4014  7152 D OkHttp  : --> GET https://api-hillfair-2k16.herokuapp.com/api/app/club/PR%20Club http/1.1
08-03 18:33:37.172  4014  7152 D OkHttp  : <-- 200 OK https://api-hillfair-2k16.herokuapp.com/api/app/club/PR%20Club (39ms, 979-byte body)
08-03 18:33:37.219  4014  4014 I NAPPA_EXPERIMENTATION: MetricNetworkRequestExecutionTime: REQUEST_DURATION_SYSTEM='628',REQUEST_DURATION_OKHTTP='39',REQUEST_SYNCHRONOUS='FALSE',RESPONSE_CODE='200',RESPONSE_METHOD='GET',RESPONSE_LENGTH_OKHTTP='979',RESPONSE_LENGTH_HEADER='979',REQUEST_PROTOCOL='http/1.1',REQUEST_URL='https://api-hillfair-2k16.herokuapp.com/api/app/club/PR%20Club',
08-03 18:33:37.322  4014  4253 I art     : Starting a blocking GC Explicit
08-03 18:33:37.349  4014  4253 I art     : Explicit concurrent mark sweep GC freed 4903(352KB) AllocSpace objects, 4(220KB) LOS objects, 22% free, 53MB/69MB, paused 604us total 26.767ms
08-03 18:33:37.359  4014  4253 I art     : Starting a blocking GC Explicit
08-03 18:33:37.383  4014  4253 I art     : Explicit concurrent mark sweep GC freed 1035(119KB) AllocSpace objects, 0(0B) LOS objects, 22% free, 53MB/69MB, paused 558us total 23.493ms
08-03 18:33:37.392  4014  4253 I art     : Starting a blocking GC Explicit
08-03 18:33:37.416  4014  4253 I art     : Explicit concurrent mark sweep GC freed 3(96B) AllocSpace objects, 0(0B) LOS objects, 22% free, 53MB/69MB, paused 513us total 23.262ms
08-03 18:33:37.424  4014  4253 I art     : Starting a blocking GC Explicit
08-03 18:33:37.448  4014  4253 I art     : Explicit concurrent mark sweep GC freed 3(96B) AllocSpace objects, 0(0B) LOS objects, 22% free, 53MB/69MB, paused 631us total 23.519ms
08-03 18:33:37.457  4014  4253 I art     : Starting a blocking GC Explicit
08-03 18:33:37.481  4014  4253 I art     : Explicit concurrent mark sweep GC freed 3(96B) AllocSpace objects, 0(0B) LOS objects, 22% free, 53MB/69MB, paused 492us total 23.549ms
08-03 18:33:37.658   518   646 I ThermalEngine: ACTION: GPU - Setting GPU[0] to 450000000
08-03 18:33:37.788  4014  4253 I art     : Starting a blocking GC Explicit
08-03 18:33:37.830  4014  4253 I art     : Explicit concurrent mark sweep GC freed 1365(79KB) AllocSpace objects, 1(20KB) LOS objects, 22% free, 53MB/69MB, paused 742us total 41.773ms
08-03 18:33:37.847  4014  4253 I art     : Starting a blocking GC Explicit
08-03 18:33:37.878  4014  4253 I art     : Explicit concurrent mark sweep GC freed 52(1776B) AllocSpace objects, 0(0B) LOS objects, 22% free, 53MB/69MB, paused 712us total 30.424ms
08-03 18:33:37.890  4014  4253 I art     : Starting a blocking GC Explicit
08-03 18:33:37.920  4014  4253 I art     : Explicit concurrent mark sweep GC freed 3(96B) AllocSpace objects, 0(0B) LOS objects, 22% free, 53MB/69MB, paused 649us total 30.147ms
08-03 18:33:37.932  4014  4253 I art     : Starting a blocking GC Explicit
08-03 18:33:37.962  4014  4253 I art     : Explicit concurrent mark sweep GC freed 3(96B) AllocSpace objects, 0(0B) LOS objects, 22% free, 53MB/69MB, paused 674us total 29.986ms
08-03 18:33:37.974  4014  4253 I art     : Starting a blocking GC Explicit
08-03 18:33:38.004  4014  4253 I art     : Explicit concurrent mark sweep GC freed 3(96B) AllocSpace objects, 0(0B) LOS objects, 22% free, 53MB/69MB, paused 660us total 29.923ms
08-03 18:33:38.319  4014  5613 I art     : Starting a blocking GC Explicit
08-03 18:33:38.357  4014  5613 I art     : Explicit concurrent mark sweep GC freed 1344(78KB) AllocSpace objects, 1(20KB) LOS objects, 22% free, 53MB/69MB, paused 727us total 37.561ms
08-03 18:33:38.370  4014  5613 I art     : Starting a blocking GC Explicit
08-03 18:33:38.404  4014  5613 I art     : Explicit concurrent mark sweep GC freed 20(704B) AllocSpace objects, 0(0B) LOS objects, 22% free, 53MB/69MB, paused 689us total 33.706ms
08-03 18:33:38.416  4014  5613 I art     : Starting a blocking GC Explicit
08-03 18:33:38.449  4014  5613 I art     : Explicit concurrent mark sweep GC freed 3(96B) AllocSpace objects, 0(0B) LOS objects, 22% free, 53MB/69MB, paused 702us total 32.636ms
08-03 18:33:38.461  4014  5613 I art     : Starting a blocking GC Explicit
08-03 18:33:38.494  4014  5613 I art     : Explicit concurrent mark sweep GC freed 3(96B) AllocSpace objects, 0(0B) LOS objects, 22% free, 53MB/69MB, paused 668us total 33.282ms
08-03 18:33:38.507  4014  5613 I art     : Starting a blocking GC Explicit
08-03 18:33:38.539  4014  5613 I art     : Explicit concurrent mark sweep GC freed 3(96B) AllocSpace objects, 0(0B) LOS objects, 22% free, 53MB/69MB, paused 736us total 32.482ms
08-03 18:33:38.880  4014  4027 I art     : Starting a blocking GC Explicit
08-03 18:33:38.920  4014  4027 I art     : Explicit concurrent mark sweep GC freed 1344(78KB) AllocSpace objects, 1(20KB) LOS objects, 22% free, 53MB/69MB, paused 774us total 39.630ms
08-03 18:33:38.936  4014  4027 I art     : Starting a blocking GC Explicit
08-03 18:33:38.973  4014  4027 I art     : Explicit concurrent mark sweep GC freed 20(704B) AllocSpace objects, 0(0B) LOS objects, 22% free, 53MB/69MB, paused 699us total 35.861ms
08-03 18:33:38.985  4014  4027 I art     : Starting a blocking GC Explicit
08-03 18:33:39.018  4014  4027 I art     : Explicit concurrent mark sweep GC freed 3(96B) AllocSpace objects, 0(0B) LOS objects, 22% free, 53MB/69MB, paused 751us total 33.140ms
08-03 18:33:39.030  4014  4027 I art     : Starting a blocking GC Explicit
08-03 18:33:39.061  4014  4027 I art     : Explicit concurrent mark sweep GC freed 3(96B) AllocSpace objects, 0(0B) LOS objects, 22% free, 53MB/69MB, paused 670us total 31.021ms
08-03 18:33:39.073  4014  4027 I art     : Starting a blocking GC Explicit
08-03 18:33:39.107  4014  4027 I art     : Explicit concurrent mark sweep GC freed 3(96B) AllocSpace objects, 0(0B) LOS objects, 22% free, 53MB/69MB, paused 757us total 33.615ms
08-03 18:33:39.441  4014  4026 I art     : Starting a blocking GC Explicit
08-03 18:33:39.478  4014  4026 I art     : Explicit concurrent mark sweep GC freed 1344(78KB) AllocSpace objects, 1(20KB) LOS objects, 22% free, 53MB/69MB, paused 797us total 36.463ms
08-03 18:33:39.491  4014  4026 I art     : Starting a blocking GC Explicit
08-03 18:33:39.522  4014  4026 I art     : Explicit concurrent mark sweep GC freed 20(704B) AllocSpace objects, 0(0B) LOS objects, 22% free, 53MB/69MB, paused 688us total 30.876ms
08-03 18:33:39.533  4014  4026 I art     : Starting a blocking GC Explicit
08-03 18:33:39.564  4014  4026 I art     : Explicit concurrent mark sweep GC freed 3(96B) AllocSpace objects, 0(0B) LOS objects, 22% free, 53MB/69MB, paused 660us total 30.352ms
08-03 18:33:39.576  4014  4026 I art     : Starting a blocking GC Explicit
08-03 18:33:39.609  4014  4026 I art     : Explicit concurrent mark sweep GC freed 3(96B) AllocSpace objects, 0(0B) LOS objects, 22% free, 53MB/69MB, paused 671us total 32.768ms
08-03 18:33:39.621  4014  4026 I art     : Starting a blocking GC Explicit
08-03 18:33:39.655  4014  4026 I art     : Explicit concurrent mark sweep GC freed 3(96B) AllocSpace objects, 0(0B) LOS objects, 22% free, 53MB/69MB, paused 686us total 33.121ms
08-03 18:33:39.999  4014  4252 I art     : Starting a blocking GC Explicit
08-03 18:33:40.040  4014  4252 I art     : Explicit concurrent mark sweep GC freed 1344(78KB) AllocSpace objects, 1(20KB) LOS objects, 22% free, 53MB/69MB, paused 689us total 40.631ms
08-03 18:33:40.056  4014  4252 I art     : Starting a blocking GC Explicit
08-03 18:33:40.088  4014  4252 I art     : Explicit concurrent mark sweep GC freed 20(704B) AllocSpace objects, 0(0B) LOS objects, 22% free, 53MB/69MB, paused 707us total 32.144ms
08-03 18:33:40.100  4014  4252 I art     : Starting a blocking GC Explicit
08-03 18:33:40.134  4014  4252 I art     : Explicit concurrent mark sweep GC freed 3(96B) AllocSpace objects, 0(0B) LOS objects, 22% free, 53MB/69MB, paused 687us total 33.268ms
08-03 18:33:40.146  4014  4252 I art     : Starting a blocking GC Explicit
08-03 18:33:40.177  4014  4252 I art     : Explicit concurrent mark sweep GC freed 3(96B) AllocSpace objects, 0(0B) LOS objects, 22% free, 53MB/69MB, paused 756us total 31.421ms
08-03 18:33:40.189  4014  4252 I art     : Starting a blocking GC Explicit
08-03 18:33:40.223  4014  4252 I art     : Explicit concurrent mark sweep GC freed 3(96B) AllocSpace objects, 0(0B) LOS objects, 22% free, 53MB/69MB, paused 692us total 33.378ms
08-03 18:33:40.561  4014  4253 I art     : Starting a blocking GC Explicit
08-03 18:33:40.604  4014  4253 I art     : Explicit concurrent mark sweep GC freed 1344(78KB) AllocSpace objects, 1(20KB) LOS objects, 22% free, 53MB/69MB, paused 708us total 42.081ms
08-03 18:33:40.618  4014  4253 I art     : Starting a blocking GC Explicit
08-03 18:33:40.651  4014  4253 I art     : Explicit concurrent mark sweep GC freed 20(704B) AllocSpace objects, 0(0B) LOS objects, 22% free, 53MB/69MB, paused 728us total 32.622ms
08-03 18:33:40.663  4014  4253 I art     : Starting a blocking GC Explicit
08-03 18:33:40.695  4014  4253 I art     : Explicit concurrent mark sweep GC freed 3(96B) AllocSpace objects, 0(0B) LOS objects, 22% free, 53MB/69MB, paused 679us total 31.443ms
08-03 18:33:40.707  4014  4253 I art     : Starting a blocking GC Explicit
08-03 18:33:40.740  4014  4253 I art     : Explicit concurrent mark sweep GC freed 3(96B) AllocSpace objects, 0(0B) LOS objects, 22% free, 53MB/69MB, paused 664us total 32.866ms
08-03 18:33:40.752  4014  4253 I art     : Starting a blocking GC Explicit
08-03 18:33:40.785  4014  4253 I art     : Explicit concurrent mark sweep GC freed 3(96B) AllocSpace objects, 0(0B) LOS objects, 22% free, 53MB/69MB, paused 663us total 32.373ms
08-03 18:33:41.083  4014  5613 I art     : Starting a blocking GC Explicit
08-03 18:33:41.120  4014  5613 I art     : Explicit concurrent mark sweep GC freed 1344(78KB) AllocSpace objects, 1(20KB) LOS objects, 22% free, 53MB/69MB, paused 752us total 35.997ms
08-03 18:33:41.135  4014  5613 I art     : Starting a blocking GC Explicit
08-03 18:33:41.165  4014  5613 I art     : Explicit concurrent mark sweep GC freed 20(704B) AllocSpace objects, 0(0B) LOS objects, 22% free, 53MB/69MB, paused 708us total 30.393ms
08-03 18:33:41.177  4014  5613 I art     : Starting a blocking GC Explicit
08-03 18:33:41.209  4014  5613 I art     : Explicit concurrent mark sweep GC freed 3(96B) AllocSpace objects, 0(0B) LOS objects, 22% free, 53MB/69MB, paused 703us total 31.691ms
08-03 18:33:41.221  4014  5613 I art     : Starting a blocking GC Explicit
08-03 18:33:41.253  4014  5613 I art     : Explicit concurrent mark sweep GC freed 3(96B) AllocSpace objects, 0(0B) LOS objects, 22% free, 53MB/69MB, paused 687us total 32.195ms
08-03 18:33:41.265  4014  5613 I art     : Starting a blocking GC Explicit
08-03 18:33:41.297  4014  5613 I art     : Explicit concurrent mark sweep GC freed 3(96B) AllocSpace objects, 0(0B) LOS objects, 22% free, 53MB/69MB, paused 710us total 31.431ms
08-03 18:33:41.374  7234  7234 D AndroidRuntime: >>>>>> START com.android.internal.os.RuntimeInit uid 2000 <<<<<<
08-03 18:33:41.380  7234  7234 D AndroidRuntime: CheckJNI is OFF
08-03 18:33:41.427  7234  7234 D ICU     : No timezone override file found: /data/misc/zoneinfo/current/icu/icu_tzdata.dat
08-03 18:33:41.471  7234  7234 I Radio-JNI: register_android_hardware_Radio DONE
08-03 18:33:41.500  7234  7234 D AndroidRuntime: Calling main entry com.android.commands.input.Input
08-03 18:33:41.502  7234  7234 I Input   : injectKeyEvent: KeyEvent { action=ACTION_DOWN, keyCode=KEYCODE_BACK, scanCode=0, metaState=0, flags=0x0, repeatCount=0, eventTime=642837915, downTime=642837915, deviceId=-1, source=0x101 }
08-03 18:33:41.509  7234  7234 I Input   : injectKeyEvent: KeyEvent { action=ACTION_UP, keyCode=KEYCODE_BACK, scanCode=0, metaState=0, flags=0x0, repeatCount=0, eventTime=642837915, downTime=642837915, deviceId=-1, source=0x101 }
08-03 18:33:41.517  7234  7234 D AndroidRuntime: Shutting down VM
08-03 18:33:41.559 13866 13866 I GoogleInputMethodServic: GoogleInputMethodService.onFinishInput():3138 
08-03 18:33:41.560 13866 13866 I GoogleInputMethodServic: GoogleInputMethodService.onStartInput():1808 
08-03 18:33:41.614  4014  5613 I art     : Starting a blocking GC Explicit
08-03 18:33:41.641  4014  5613 I art     : Explicit concurrent mark sweep GC freed 1525(86KB) AllocSpace objects, 1(20KB) LOS objects, 22% free, 53MB/69MB, paused 639us total 26.740ms
08-03 18:33:41.652  4014  5613 I art     : Starting a blocking GC Explicit
08-03 18:33:41.678  4014  5613 I art     : Explicit concurrent mark sweep GC freed 26(944B) AllocSpace objects, 0(0B) LOS objects, 22% free, 53MB/69MB, paused 628us total 25.951ms
08-03 18:33:41.689  4014  5613 I art     : Starting a blocking GC Explicit
08-03 18:33:41.717  4014  5613 I art     : Explicit concurrent mark sweep GC freed 3(96B) AllocSpace objects, 0(0B) LOS objects, 22% free, 53MB/69MB, paused 641us total 27.102ms
08-03 18:33:41.730  4014  5613 I art     : Starting a blocking GC Explicit
08-03 18:33:41.758  4014  5613 I art     : Explicit concurrent mark sweep GC freed 3(96B) AllocSpace objects, 0(0B) LOS objects, 22% free, 53MB/69MB, paused 672us total 27.561ms
08-03 18:33:41.770  4014  5613 I art     : Starting a blocking GC Explicit
08-03 18:33:41.798  4014  5613 I art     : Explicit concurrent mark sweep GC freed 3(96B) AllocSpace objects, 0(0B) LOS objects, 22% free, 53MB/69MB, paused 608us total 27.441ms
08-03 18:33:41.872   380   380 W SurfaceFlinger: couldn't log to binary event log: overflow.
08-03 18:33:42.081  4014  4253 I art     : Starting a blocking GC Explicit
08-03 18:33:42.119  4014  4253 I art     : Explicit concurrent mark sweep GC freed 1453(86KB) AllocSpace objects, 1(20KB) LOS objects, 22% free, 53MB/69MB, paused 835us total 37.870ms
08-03 18:33:42.133  4014  4253 I art     : Starting a blocking GC Explicit
08-03 18:33:42.163  4014  4253 I art     : Explicit concurrent mark sweep GC freed 1671(107KB) AllocSpace objects, 3(184KB) LOS objects, 23% free, 53MB/69MB, paused 654us total 29.996ms
08-03 18:33:42.174  4014  4253 I art     : Starting a blocking GC Explicit
08-03 18:33:42.204  4014  4253 I art     : Explicit concurrent mark sweep GC freed 3(96B) AllocSpace objects, 0(0B) LOS objects, 23% free, 53MB/69MB, paused 668us total 29.097ms
08-03 18:33:42.215  4014  4253 I art     : Starting a blocking GC Explicit
08-03 18:33:42.245  4014  4253 I art     : Explicit concurrent mark sweep GC freed 3(96B) AllocSpace objects, 0(0B) LOS objects, 23% free, 53MB/69MB, paused 668us total 29.753ms
08-03 18:33:42.257  4014  4253 I art     : Starting a blocking GC Explicit
08-03 18:33:42.287  4014  4253 I art     : Explicit concurrent mark sweep GC freed 3(96B) AllocSpace objects, 0(0B) LOS objects, 23% free, 53MB/69MB, paused 737us total 29.793ms
08-03 18:33:42.608  4014  4026 I art     : Starting a blocking GC Explicit
08-03 18:33:42.641  4014  4026 I art     : Explicit concurrent mark sweep GC freed 1365(79KB) AllocSpace objects, 1(20KB) LOS objects, 23% free, 53MB/69MB, paused 650us total 33.413ms
08-03 18:33:42.653  4014  4026 I art     : Starting a blocking GC Explicit
08-03 18:33:42.682  4014  4026 I art     : Explicit concurrent mark sweep GC freed 36(1216B) AllocSpace objects, 0(0B) LOS objects, 23% free, 53MB/69MB, paused 644us total 29.240ms
08-03 18:33:42.694  4014  4026 I art     : Starting a blocking GC Explicit
08-03 18:33:42.723  4014  4026 I art     : Explicit concurrent mark sweep GC freed 3(96B) AllocSpace objects, 0(0B) LOS objects, 23% free, 53MB/69MB, paused 637us total 28.985ms
08-03 18:33:42.735  4014  4026 I art     : Starting a blocking GC Explicit
08-03 18:33:42.763  4014  4026 I art     : Explicit concurrent mark sweep GC freed 3(96B) AllocSpace objects, 0(0B) LOS objects, 23% free, 53MB/69MB, paused 645us total 28.492ms
08-03 18:33:42.775  4014  4026 I art     : Starting a blocking GC Explicit
08-03 18:33:42.802  4014  4026 I art     : Explicit concurrent mark sweep GC freed 3(96B) AllocSpace objects, 0(0B) LOS objects, 23% free, 53MB/69MB, paused 620us total 26.988ms
08-03 18:33:43.107  4014  4027 I art     : Starting a blocking GC Explicit
08-03 18:33:43.137  4014  4027 I art     : Explicit concurrent mark sweep GC freed 1344(78KB) AllocSpace objects, 1(20KB) LOS objects, 23% free, 53MB/69MB, paused 722us total 30.016ms
08-03 18:33:43.149  4014  4027 I art     : Starting a blocking GC Explicit
08-03 18:33:43.180  4014  4027 I art     : Explicit concurrent mark sweep GC freed 20(704B) AllocSpace objects, 0(0B) LOS objects, 23% free, 53MB/69MB, paused 697us total 31.003ms
08-03 18:33:43.192  4014  4027 I art     : Starting a blocking GC Explicit
08-03 18:33:43.221  4014  4027 I art     : Explicit concurrent mark sweep GC freed 3(96B) AllocSpace objects, 0(0B) LOS objects, 23% free, 53MB/69MB, paused 675us total 28.941ms
08-03 18:33:43.233  4014  4027 I art     : Starting a blocking GC Explicit
08-03 18:33:43.263  4014  4027 I art     : Explicit concurrent mark sweep GC freed 3(96B) AllocSpace objects, 0(0B) LOS objects, 23% free, 53MB/69MB, paused 699us total 29.914ms
08-03 18:33:43.274  4014  4027 I art     : Starting a blocking GC Explicit
08-03 18:33:43.304  4014  4027 I art     : Explicit concurrent mark sweep GC freed 3(96B) AllocSpace objects, 0(0B) LOS objects, 23% free, 53MB/69MB, paused 671us total 29.762ms
08-03 18:33:43.316  7288  7288 D AndroidRuntime: >>>>>> START com.android.internal.os.RuntimeInit uid 2000 <<<<<<
08-03 18:33:43.322  7288  7288 D AndroidRuntime: CheckJNI is OFF
08-03 18:33:43.365  7288  7288 D ICU     : No timezone override file found: /data/misc/zoneinfo/current/icu/icu_tzdata.dat
08-03 18:33:43.414  7288  7288 I Radio-JNI: register_android_hardware_Radio DONE
08-03 18:33:43.445  7288  7288 D AndroidRuntime: Calling main entry com.android.commands.input.Input
08-03 18:33:43.448  7288  7288 I Input   : injectMotionEvent: MotionEvent { action=ACTION_DOWN, actionButton=0, id[0]=0, x[0]=1012.0, y[0]=1152.0, toolType[0]=TOOL_TYPE_UNKNOWN, buttonState=0, metaState=0, flags=0x0, edgeFlags=0x0, pointerCount=1, historySize=0, eventTime=642839860, downTime=642839860, deviceId=0, source=0x1002 }
08-03 18:33:43.454  7288  7288 I Input   : injectMotionEvent: MotionEvent { action=ACTION_UP, actionButton=0, id[0]=0, x[0]=1012.0, y[0]=1152.0, toolType[0]=TOOL_TYPE_UNKNOWN, buttonState=0, metaState=0, flags=0x0, edgeFlags=0x0, pointerCount=1, historySize=0, eventTime=642839860, downTime=642839860, deviceId=0, source=0x1002 }
08-03 18:33:43.456   918  3961 I ActivityManager: START u0 {cmp=baseline.appteam.nith.hillffair/.activities.ClubActivity (has extras)} from uid 10624 on display 0
08-03 18:33:43.467  7288  7288 D AndroidRuntime: Shutting down VM
08-03 18:33:43.568   918   936 I ActivityManager: Displayed baseline.appteam.nith.hillffair/.activities.ClubActivity: +100ms
08-03 18:33:43.568 13866 13866 I GoogleInputMethodServic: GoogleInputMethodService.onFinishInput():3138 
08-03 18:33:43.569 13866 13866 I GoogleInputMethodServic: GoogleInputMethodService.onStartInput():1808 
08-03 18:33:43.604  4014  5613 I art     : Starting a blocking GC Explicit
08-03 18:33:43.633  4014  5613 I art     : Explicit concurrent mark sweep GC freed 4954(303KB) AllocSpace objects, 1(20KB) LOS objects, 22% free, 53MB/69MB, paused 664us total 28.495ms
08-03 18:33:43.644  4014  5613 I art     : Starting a blocking GC Explicit
08-03 18:33:43.674  4014  5613 I art     : Explicit concurrent mark sweep GC freed 218(10KB) AllocSpace objects, 0(0B) LOS objects, 22% free, 53MB/69MB, paused 693us total 29.753ms
08-03 18:33:43.687  4014  5613 I art     : Starting a blocking GC Explicit
08-03 18:33:43.720  4014  5613 I art     : Explicit concurrent mark sweep GC freed 3(96B) AllocSpace objects, 0(0B) LOS objects, 22% free, 53MB/69MB, paused 748us total 32.971ms
08-03 18:33:43.733  4014  5613 I art     : Starting a blocking GC Explicit
08-03 18:33:43.768  4014  5613 I art     : Explicit concurrent mark sweep GC freed 3(96B) AllocSpace objects, 0(0B) LOS objects, 22% free, 53MB/69MB, paused 712us total 34.729ms
08-03 18:33:43.783  4014  5613 I art     : Starting a blocking GC Explicit
08-03 18:33:43.818  4014  5613 I art     : Explicit concurrent mark sweep GC freed 3(96B) AllocSpace objects, 0(0B) LOS objects, 22% free, 53MB/69MB, paused 698us total 34.494ms
08-03 18:33:43.824   380   380 W SurfaceFlinger: couldn't log to binary event log: overflow.
08-03 18:33:44.000  4014  7318 D OkHttp  : --> GET https://api-hillfair-2k16.herokuapp.com/api/app/club/Design%20and%20Decoration%20Club http/1.1
08-03 18:33:44.036  4014  7318 D OkHttp  : <-- 200 OK https://api-hillfair-2k16.herokuapp.com/api/app/club/Design%20and%20Decoration%20Club (36ms, 760-byte body)
08-03 18:33:44.075  4014  4014 I NAPPA_EXPERIMENTATION: MetricNetworkRequestExecutionTime: REQUEST_DURATION_SYSTEM='579',REQUEST_DURATION_OKHTTP='36',REQUEST_SYNCHRONOUS='FALSE',RESPONSE_CODE='200',RESPONSE_METHOD='GET',RESPONSE_LENGTH_OKHTTP='760',RESPONSE_LENGTH_HEADER='760',REQUEST_PROTOCOL='http/1.1',REQUEST_URL='https://api-hillfair-2k16.herokuapp.com/api/app/club/Design%20and%20Decoration%20Club',
08-03 18:33:44.107  4014  4027 I art     : Starting a blocking GC Explicit
08-03 18:33:44.135  4014  4027 I art     : Explicit concurrent mark sweep GC freed 4903(344KB) AllocSpace objects, 4(220KB) LOS objects, 22% free, 53MB/69MB, paused 692us total 28.075ms
08-03 18:33:44.145  4014  4027 I art     : Starting a blocking GC Explicit
08-03 18:33:44.171  4014  4027 I art     : Explicit concurrent mark sweep GC freed 1029(119KB) AllocSpace objects, 0(0B) LOS objects, 22% free, 53MB/69MB, paused 622us total 25.476ms
08-03 18:33:44.181  4014  4027 I art     : Starting a blocking GC Explicit
08-03 18:33:44.208  4014  4027 I art     : Explicit concurrent mark sweep GC freed 3(96B) AllocSpace objects, 0(0B) LOS objects, 22% free, 53MB/69MB, paused 614us total 26.076ms
08-03 18:33:44.218  4014  4027 I art     : Starting a blocking GC Explicit
08-03 18:33:44.244  4014  4027 I art     : Explicit concurrent mark sweep GC freed 3(96B) AllocSpace objects, 0(0B) LOS objects, 22% free, 53MB/69MB, paused 612us total 25.832ms
08-03 18:33:44.255  4014  4027 I art     : Starting a blocking GC Explicit
08-03 18:33:44.282  4014  4027 I art     : Explicit concurrent mark sweep GC freed 3(96B) AllocSpace objects, 0(0B) LOS objects, 22% free, 53MB/69MB, paused 650us total 26.634ms
08-03 18:33:44.582  4014  4026 I art     : Starting a blocking GC Explicit
08-03 18:33:44.612  4014  4026 I art     : Explicit concurrent mark sweep GC freed 1344(78KB) AllocSpace objects, 1(20KB) LOS objects, 22% free, 53MB/69MB, paused 685us total 29.934ms
08-03 18:33:44.624  4014  4026 I art     : Starting a blocking GC Explicit
08-03 18:33:44.655  4014  4026 I art     : Explicit concurrent mark sweep GC freed 36(1264B) AllocSpace objects, 0(0B) LOS objects, 22% free, 53MB/69MB, paused 682us total 30.382ms
08-03 18:33:44.666  4014  4026 I art     : Starting a blocking GC Explicit
08-03 18:33:44.698  4014  4026 I art     : Explicit concurrent mark sweep GC freed 3(96B) AllocSpace objects, 0(0B) LOS objects, 22% free, 53MB/69MB, paused 715us total 30.860ms
08-03 18:33:44.709  4014  4026 I art     : Starting a blocking GC Explicit
08-03 18:33:44.741  4014  4026 I art     : Explicit concurrent mark sweep GC freed 3(96B) AllocSpace objects, 0(0B) LOS objects, 22% free, 53MB/69MB, paused 665us total 31.180ms
08-03 18:33:44.752  4014  4026 I art     : Starting a blocking GC Explicit
08-03 18:33:44.784  4014  4026 I art     : Explicit concurrent mark sweep GC freed 3(96B) AllocSpace objects, 0(0B) LOS objects, 22% free, 53MB/69MB, paused 675us total 30.961ms
08-03 18:33:45.096  4014  4252 I art     : Starting a blocking GC Explicit
08-03 18:33:45.141  4014  4252 I art     : Explicit concurrent mark sweep GC freed 1344(78KB) AllocSpace objects, 1(20KB) LOS objects, 22% free, 53MB/69MB, paused 792us total 44.591ms
08-03 18:33:45.157  4014  4252 I art     : Starting a blocking GC Explicit
08-03 18:33:45.192  4014  4252 I art     : Explicit concurrent mark sweep GC freed 20(704B) AllocSpace objects, 0(0B) LOS objects, 22% free, 53MB/69MB, paused 698us total 35.023ms
08-03 18:33:45.205  4014  4252 I art     : Starting a blocking GC Explicit
08-03 18:33:45.238  4014  4252 I art     : Explicit concurrent mark sweep GC freed 3(96B) AllocSpace objects, 0(0B) LOS objects, 22% free, 53MB/69MB, paused 718us total 33.512ms
08-03 18:33:45.250  4014  4252 I art     : Starting a blocking GC Explicit
08-03 18:33:45.284  4014  4252 I art     : Explicit concurrent mark sweep GC freed 3(96B) AllocSpace objects, 0(0B) LOS objects, 22% free, 53MB/69MB, paused 709us total 33.015ms
08-03 18:33:45.296  4014  4252 I art     : Starting a blocking GC Explicit
08-03 18:33:45.330  4014  4252 I art     : Explicit concurrent mark sweep GC freed 3(96B) AllocSpace objects, 0(0B) LOS objects, 22% free, 53MB/69MB, paused 722us total 33.682ms
08-03 18:33:45.676  4014  4253 I art     : Starting a blocking GC Explicit
08-03 18:33:45.720  4014  4253 I art     : Explicit concurrent mark sweep GC freed 1344(78KB) AllocSpace objects, 1(20KB) LOS objects, 22% free, 53MB/69MB, paused 817us total 42.928ms
08-03 18:33:45.737  4014  4253 I art     : Starting a blocking GC Explicit
08-03 18:33:45.769  4014  4253 I art     : Explicit concurrent mark sweep GC freed 20(704B) AllocSpace objects, 0(0B) LOS objects, 22% free, 53MB/69MB, paused 646us total 32.349ms
08-03 18:33:45.781  4014  4253 I art     : Starting a blocking GC Explicit
08-03 18:33:45.815  4014  4253 I art     : Explicit concurrent mark sweep GC freed 3(96B) AllocSpace objects, 0(0B) LOS objects, 22% free, 53MB/69MB, paused 698us total 33.966ms
08-03 18:33:45.827  4014  4253 I art     : Starting a blocking GC Explicit
08-03 18:33:45.860  4014  4253 I art     : Explicit concurrent mark sweep GC freed 3(96B) AllocSpace objects, 0(0B) LOS objects, 22% free, 53MB/69MB, paused 664us total 33.101ms
08-03 18:33:45.873  4014  4253 I art     : Starting a blocking GC Explicit
08-03 18:33:45.905  4014  4253 I art     : Explicit concurrent mark sweep GC freed 3(96B) AllocSpace objects, 0(0B) LOS objects, 22% free, 53MB/69MB, paused 699us total 31.992ms
08-03 18:33:46.257  4014  4027 I art     : Starting a blocking GC Explicit
08-03 18:33:46.300  4014  4027 I art     : Explicit concurrent mark sweep GC freed 1344(78KB) AllocSpace objects, 1(20KB) LOS objects, 22% free, 53MB/69MB, paused 815us total 42.246ms
08-03 18:33:46.315  4014  4027 I art     : Starting a blocking GC Explicit
08-03 18:33:46.351  4014  4027 I art     : Explicit concurrent mark sweep GC freed 20(704B) AllocSpace objects, 0(0B) LOS objects, 22% free, 53MB/69MB, paused 704us total 35.778ms
08-03 18:33:46.364  4014  4027 I art     : Starting a blocking GC Explicit
08-03 18:33:46.397  4014  4027 I art     : Explicit concurrent mark sweep GC freed 3(96B) AllocSpace objects, 0(0B) LOS objects, 22% free, 53MB/69MB, paused 685us total 32.705ms
08-03 18:33:46.408  4014  4027 I art     : Starting a blocking GC Explicit
08-03 18:33:46.442  4014  4027 I art     : Explicit concurrent mark sweep GC freed 3(96B) AllocSpace objects, 0(0B) LOS objects, 22% free, 53MB/69MB, paused 699us total 33.698ms
08-03 18:33:46.454  4014  4027 I art     : Starting a blocking GC Explicit
08-03 18:33:46.489  4014  4027 I art     : Explicit concurrent mark sweep GC freed 3(96B) AllocSpace objects, 0(0B) LOS objects, 22% free, 53MB/69MB, paused 695us total 34.040ms
08-03 18:33:46.828  4014  5613 I art     : Starting a blocking GC Explicit
08-03 18:33:46.871  4014  5613 I art     : Explicit concurrent mark sweep GC freed 1344(78KB) AllocSpace objects, 1(20KB) LOS objects, 22% free, 53MB/69MB, paused 766us total 42.465ms
08-03 18:33:46.888  4014  5613 I art     : Starting a blocking GC Explicit
08-03 18:33:46.923  4014  5613 I art     : Explicit concurrent mark sweep GC freed 20(704B) AllocSpace objects, 0(0B) LOS objects, 22% free, 53MB/69MB, paused 690us total 35.119ms
08-03 18:33:46.935  4014  5613 I art     : Starting a blocking GC Explicit
08-03 18:33:46.964  4014  5613 I art     : Explicit concurrent mark sweep GC freed 3(96B) AllocSpace objects, 0(0B) LOS objects, 22% free, 53MB/69MB, paused 635us total 28.399ms
08-03 18:33:46.975  4014  5613 I art     : Starting a blocking GC Explicit
08-03 18:33:47.007  4014  5613 I art     : Explicit concurrent mark sweep GC freed 3(96B) AllocSpace objects, 0(0B) LOS objects, 22% free, 53MB/69MB, paused 750us total 31.655ms
08-03 18:33:47.018  4014  5613 I art     : Starting a blocking GC Explicit
08-03 18:33:47.051  4014  5613 I art     : Explicit concurrent mark sweep GC freed 3(96B) AllocSpace objects, 0(0B) LOS objects, 22% free, 53MB/69MB, paused 683us total 32.289ms
08-03 18:33:47.388  4014  4026 I art     : Starting a blocking GC Explicit
08-03 18:33:47.429  4014  4026 I art     : Explicit concurrent mark sweep GC freed 1344(78KB) AllocSpace objects, 1(20KB) LOS objects, 22% free, 53MB/69MB, paused 685us total 40.271ms
08-03 18:33:47.444  4014  4026 I art     : Starting a blocking GC Explicit
08-03 18:33:47.478  4014  4026 I art     : Explicit concurrent mark sweep GC freed 20(704B) AllocSpace objects, 0(0B) LOS objects, 22% free, 53MB/69MB, paused 744us total 33.880ms
08-03 18:33:47.490  4014  4026 I art     : Starting a blocking GC Explicit
08-03 18:33:47.524  4014  4026 I art     : Explicit concurrent mark sweep GC freed 3(96B) AllocSpace objects, 0(0B) LOS objects, 22% free, 53MB/69MB, paused 686us total 33.228ms
08-03 18:33:47.536  4014  4026 I art     : Starting a blocking GC Explicit
08-03 18:33:47.570  4014  4026 I art     : Explicit concurrent mark sweep GC freed 3(96B) AllocSpace objects, 0(0B) LOS objects, 22% free, 53MB/69MB, paused 679us total 33.855ms
08-03 18:33:47.582  4014  4026 I art     : Starting a blocking GC Explicit
08-03 18:33:47.615  4014  4026 I art     : Explicit concurrent mark sweep GC freed 3(96B) AllocSpace objects, 0(0B) LOS objects, 22% free, 53MB/69MB, paused 645us total 32.724ms
08-03 18:33:47.896  4014  4252 I art     : Starting a blocking GC Explicit
08-03 18:33:47.932  4014  4252 I art     : Explicit concurrent mark sweep GC freed 1344(78KB) AllocSpace objects, 1(20KB) LOS objects, 22% free, 53MB/69MB, paused 708us total 35.765ms
08-03 18:33:47.945  4014  4252 I art     : Starting a blocking GC Explicit
08-03 18:33:47.975  4014  4252 I art     : Explicit concurrent mark sweep GC freed 20(704B) AllocSpace objects, 0(0B) LOS objects, 22% free, 53MB/69MB, paused 684us total 29.143ms
08-03 18:33:47.986  4014  4252 I art     : Starting a blocking GC Explicit
08-03 18:33:48.017  4014  4252 I art     : Explicit concurrent mark sweep GC freed 3(96B) AllocSpace objects, 0(0B) LOS objects, 22% free, 53MB/69MB, paused 739us total 31.040ms
08-03 18:33:48.029  4014  4252 I art     : Starting a blocking GC Explicit
08-03 18:33:48.061  4014  4252 I art     : Explicit concurrent mark sweep GC freed 3(96B) AllocSpace objects, 0(0B) LOS objects, 22% free, 53MB/69MB, paused 732us total 32.082ms
08-03 18:33:48.073  4014  4252 I art     : Starting a blocking GC Explicit
08-03 18:33:48.104  4014  4252 I art     : Explicit concurrent mark sweep GC freed 3(96B) AllocSpace objects, 0(0B) LOS objects, 22% free, 53MB/69MB, paused 700us total 30.604ms
08-03 18:33:48.277  7394  7394 D AndroidRuntime: >>>>>> START com.android.internal.os.RuntimeInit uid 2000 <<<<<<
08-03 18:33:48.284  7394  7394 D AndroidRuntime: CheckJNI is OFF
08-03 18:33:48.325  7394  7394 D ICU     : No timezone override file found: /data/misc/zoneinfo/current/icu/icu_tzdata.dat
08-03 18:33:48.367  7394  7394 I Radio-JNI: register_android_hardware_Radio DONE
08-03 18:33:48.395  7394  7394 D AndroidRuntime: Calling main entry com.android.commands.input.Input
08-03 18:33:48.396  7394  7394 I Input   : injectKeyEvent: KeyEvent { action=ACTION_DOWN, keyCode=KEYCODE_BACK, scanCode=0, metaState=0, flags=0x0, repeatCount=0, eventTime=642844810, downTime=642844810, deviceId=-1, source=0x101 }
08-03 18:33:48.401  7394  7394 I Input   : injectKeyEvent: KeyEvent { action=ACTION_UP, keyCode=KEYCODE_BACK, scanCode=0, metaState=0, flags=0x0, repeatCount=0, eventTime=642844810, downTime=642844810, deviceId=-1, source=0x101 }
08-03 18:33:48.407  7394  7394 D AndroidRuntime: Shutting down VM
08-03 18:33:48.418  4014  4026 I art     : Starting a blocking GC Explicit
08-03 18:33:48.439 13866 13866 I GoogleInputMethodServic: GoogleInputMethodService.onFinishInput():3138 
08-03 18:33:48.440 13866 13866 I GoogleInputMethodServic: GoogleInputMethodService.onStartInput():1808 
08-03 18:33:48.448  4014  4026 I art     : Explicit concurrent mark sweep GC freed 1490(84KB) AllocSpace objects, 1(20KB) LOS objects, 22% free, 53MB/69MB, paused 1.137ms total 28.974ms
08-03 18:33:48.459  4014  4026 I art     : Starting a blocking GC Explicit
08-03 18:33:48.487  4014  4026 I art     : Explicit concurrent mark sweep GC freed 55(1984B) AllocSpace objects, 0(0B) LOS objects, 22% free, 53MB/69MB, paused 790us total 28.254ms
08-03 18:33:48.499  4014  4026 I art     : Starting a blocking GC Explicit
08-03 18:33:48.525  4014  4026 I art     : Explicit concurrent mark sweep GC freed 10(384B) AllocSpace objects, 0(0B) LOS objects, 22% free, 53MB/69MB, paused 646us total 25.517ms
08-03 18:33:48.536  4014  4026 I art     : Starting a blocking GC Explicit
08-03 18:33:48.565  4014  4026 I art     : Explicit concurrent mark sweep GC freed 3(96B) AllocSpace objects, 0(0B) LOS objects, 22% free, 53MB/69MB, paused 704us total 29.148ms
08-03 18:33:48.578  4014  4026 I art     : Starting a blocking GC Explicit
08-03 18:33:48.611  4014  4026 I art     : Explicit concurrent mark sweep GC freed 3(96B) AllocSpace objects, 0(0B) LOS objects, 22% free, 53MB/69MB, paused 672us total 32.447ms
08-03 18:33:48.762   380   380 W SurfaceFlinger: couldn't log to binary event log: overflow.
08-03 18:33:48.895  4014  4252 I art     : Starting a blocking GC Explicit
08-03 18:33:48.924  4014  4252 I art     : Explicit concurrent mark sweep GC freed 1453(86KB) AllocSpace objects, 1(20KB) LOS objects, 22% free, 53MB/69MB, paused 659us total 28.189ms
08-03 18:33:48.935  4014  4252 I art     : Starting a blocking GC Explicit
08-03 18:33:48.962  4014  4252 I art     : Explicit concurrent mark sweep GC freed 1671(107KB) AllocSpace objects, 3(180KB) LOS objects, 23% free, 53MB/69MB, paused 641us total 26.933ms
08-03 18:33:48.972  4014  4252 I art     : Starting a blocking GC Explicit
08-03 18:33:49.000  4014  4252 I art     : Explicit concurrent mark sweep GC freed 3(96B) AllocSpace objects, 0(0B) LOS objects, 23% free, 53MB/69MB, paused 657us total 27.214ms
08-03 18:33:49.010  4014  4252 I art     : Starting a blocking GC Explicit
08-03 18:33:49.037  4014  4252 I art     : Explicit concurrent mark sweep GC freed 3(96B) AllocSpace objects, 0(0B) LOS objects, 23% free, 53MB/69MB, paused 796us total 26.714ms
08-03 18:33:49.048  4014  4252 I art     : Starting a blocking GC Explicit
08-03 18:33:49.075  4014  4252 I art     : Explicit concurrent mark sweep GC freed 3(96B) AllocSpace objects, 0(0B) LOS objects, 23% free, 53MB/69MB, paused 655us total 26.645ms
08-03 18:33:49.381  4014  4253 I art     : Starting a blocking GC Explicit
08-03 18:33:49.417  4014  4253 I art     : Explicit concurrent mark sweep GC freed 1344(78KB) AllocSpace objects, 1(20KB) LOS objects, 23% free, 53MB/69MB, paused 684us total 35.391ms
08-03 18:33:49.432  4014  4253 I art     : Starting a blocking GC Explicit
08-03 18:33:49.462  4014  4253 I art     : Explicit concurrent mark sweep GC freed 20(704B) AllocSpace objects, 0(0B) LOS objects, 23% free, 53MB/69MB, paused 694us total 29.901ms
08-03 18:33:49.473  4014  4253 I art     : Starting a blocking GC Explicit
08-03 18:33:49.503  4014  4253 I art     : Explicit concurrent mark sweep GC freed 3(96B) AllocSpace objects, 0(0B) LOS objects, 23% free, 53MB/69MB, paused 670us total 29.730ms
08-03 18:33:49.515  4014  4253 I art     : Starting a blocking GC Explicit
08-03 18:33:49.546  4014  4253 I art     : Explicit concurrent mark sweep GC freed 3(96B) AllocSpace objects, 0(0B) LOS objects, 23% free, 53MB/69MB, paused 670us total 30.054ms
08-03 18:33:49.557  4014  4253 I art     : Starting a blocking GC Explicit
08-03 18:33:49.588  4014  4253 I art     : Explicit concurrent mark sweep GC freed 3(96B) AllocSpace objects, 0(0B) LOS objects, 23% free, 53MB/69MB, paused 697us total 29.947ms
08-03 18:33:49.665   918  3261 D WifiStateMachine: starting scan for "H369AA63323"WPA_PSK with 2412,5180
08-03 18:33:49.881  4014  5613 I art     : Starting a blocking GC Explicit
08-03 18:33:49.913  4014  5613 I art     : Explicit concurrent mark sweep GC freed 1344(78KB) AllocSpace objects, 1(20KB) LOS objects, 23% free, 53MB/69MB, paused 752us total 32.005ms
08-03 18:33:49.928  4014  5613 I art     : Starting a blocking GC Explicit
08-03 18:33:49.957  4014  5613 I art     : Explicit concurrent mark sweep GC freed 20(704B) AllocSpace objects, 0(0B) LOS objects, 23% free, 53MB/69MB, paused 724us total 29.054ms
08-03 18:33:49.968  4014  5613 I art     : Starting a blocking GC Explicit
08-03 18:33:49.997  4014  5613 I art     : Explicit concurrent mark sweep GC freed 3(96B) AllocSpace objects, 0(0B) LOS objects, 23% free, 53MB/69MB, paused 756us total 28.719ms
08-03 18:33:50.009  4014  5613 I art     : Starting a blocking GC Explicit
08-03 18:33:50.038  4014  5613 I art     : Explicit concurrent mark sweep GC freed 3(96B) AllocSpace objects, 0(0B) LOS objects, 23% free, 53MB/69MB, paused 700us total 29.061ms
08-03 18:33:50.049  4014  5613 I art     : Starting a blocking GC Explicit
08-03 18:33:50.081  4014  5613 I art     : Explicit concurrent mark sweep GC freed 3(96B) AllocSpace objects, 0(0B) LOS objects, 23% free, 53MB/69MB, paused 706us total 31.608ms
08-03 18:33:50.216  7448  7448 D AndroidRuntime: >>>>>> START com.android.internal.os.RuntimeInit uid 2000 <<<<<<
08-03 18:33:50.224  7448  7448 D AndroidRuntime: CheckJNI is OFF
08-03 18:33:50.268  7448  7448 D ICU     : No timezone override file found: /data/misc/zoneinfo/current/icu/icu_tzdata.dat
08-03 18:33:50.310  7448  7448 I Radio-JNI: register_android_hardware_Radio DONE
08-03 18:33:50.339  7448  7448 D AndroidRuntime: Calling main entry com.android.commands.input.Input
08-03 18:33:50.341  7448  7448 I Input   : injectMotionEvent: MotionEvent { action=ACTION_DOWN, actionButton=0, id[0]=0, x[0]=255.0, y[0]=1845.0, toolType[0]=TOOL_TYPE_UNKNOWN, buttonState=0, metaState=0, flags=0x0, edgeFlags=0x0, pointerCount=1, historySize=0, eventTime=642846753, downTime=642846753, deviceId=0, source=0x1002 }
08-03 18:33:50.345  7448  7448 I Input   : injectMotionEvent: MotionEvent { action=ACTION_UP, actionButton=0, id[0]=0, x[0]=255.0, y[0]=1845.0, toolType[0]=TOOL_TYPE_UNKNOWN, buttonState=0, metaState=0, flags=0x0, edgeFlags=0x0, pointerCount=1, historySize=0, eventTime=642846753, downTime=642846753, deviceId=0, source=0x1002 }
08-03 18:33:50.346   918   929 I ActivityManager: START u0 {cmp=baseline.appteam.nith.hillffair/.activities.ClubActivity (has extras)} from uid 10624 on display 0
08-03 18:33:50.354  7448  7448 D AndroidRuntime: Shutting down VM
08-03 18:33:50.409  4014  4253 I art     : Starting a blocking GC Explicit
08-03 18:33:50.439  4014  4253 I art     : Explicit concurrent mark sweep GC freed 4805(301KB) AllocSpace objects, 1(20KB) LOS objects, 22% free, 53MB/69MB, paused 865us total 29.730ms
08-03 18:33:50.452  4014  4253 I art     : Starting a blocking GC Explicit
08-03 18:33:50.459   918   936 I ActivityManager: Displayed baseline.appteam.nith.hillffair/.activities.ClubActivity: +104ms
08-03 18:33:50.460 13866 13866 I GoogleInputMethodServic: GoogleInputMethodService.onFinishInput():3138 
08-03 18:33:50.460 13866 13866 I GoogleInputMethodServic: GoogleInputMethodService.onStartInput():1808 
08-03 18:33:50.483  4014  4253 I art     : Explicit concurrent mark sweep GC freed 390(16KB) AllocSpace objects, 0(0B) LOS objects, 22% free, 53MB/69MB, paused 830us total 29.628ms
08-03 18:33:50.495  4014  4253 I art     : Starting a blocking GC Explicit
08-03 18:33:50.523  4014  4253 I art     : Explicit concurrent mark sweep GC freed 22(800B) AllocSpace objects, 0(0B) LOS objects, 22% free, 53MB/69MB, paused 696us total 27.186ms
08-03 18:33:50.534  4014  4253 I art     : Starting a blocking GC Explicit
08-03 18:33:50.561  4014  4253 I art     : Explicit concurrent mark sweep GC freed 3(96B) AllocSpace objects, 0(0B) LOS objects, 22% free, 53MB/69MB, paused 680us total 26.985ms
08-03 18:33:50.573  4014  4253 I art     : Starting a blocking GC Explicit
08-03 18:33:50.596 30381 30383 E QC-QMI  : qmi_client [30381] 478: failed to locate client data
08-03 18:33:50.597   519   519 E QC-QMI  : qmuxd: RX on fd=18 returned error=0 errno[2:No such file or directory]
08-03 18:33:50.597   519   519 E QC-QMI  : QMUX qmux_client_id=478 not found in qmux client list, unable to remove
08-03 18:33:50.604 30381 30381 I Atfwd_Daemon: Stop the daemon....
08-03 18:33:50.606  4014  4253 I art     : Explicit concurrent mark sweep GC freed 3(96B) AllocSpace objects, 0(0B) LOS objects, 22% free, 53MB/69MB, paused 771us total 32.907ms
08-03 18:33:50.619  7484  7484 W ATFWD-daemon: type=1400 audit(0.0:738331): avc: denied { read write } for name="diag" dev="tmpfs" ino=1296 scontext=u:r:atfwd:s0 tcontext=u:object_r:diag_device:s0 tclass=chr_file permissive=0
08-03 18:33:50.630  7484  7484 I libmdmdetect: ESOC framework not supported
08-03 18:33:50.630  7484  7484 I libmdmdetect: Found internal modem: modem
08-03 18:33:50.631  7484  7484 E Diag_Lib:  Diag_LSM_Init: Failed to open handle to diag driver, error = 13
08-03 18:33:50.635  7484  7484 I Atfwd_Daemon: result : 255 	 ,Init step :0 	 ,qmiErrorCode: 0
08-03 18:33:50.635  7484  7484 I Atfwd_Daemon: result : 0 	 ,Init step :1 	 ,qmiErrorCode: 0
08-03 18:33:50.636  7484  7484 I ServiceManager: Waiting for service AtCmdFwd...
08-03 18:33:50.714   380   380 W SurfaceFlinger: couldn't log to binary event log: overflow.
08-03 18:33:50.852  4014  7481 D OkHttp  : --> GET https://api-hillfair-2k16.herokuapp.com/api/app/club/Technical%20Committee http/1.1
08-03 18:33:50.890  4014  7481 D OkHttp  : <-- 200 OK https://api-hillfair-2k16.herokuapp.com/api/app/club/Technical%20Committee (37ms, 1171-byte body)
08-03 18:33:50.895  4014  4252 I art     : Starting a blocking GC Explicit
08-03 18:33:50.928  4014  4252 I art     : Explicit concurrent mark sweep GC freed 4265(254KB) AllocSpace objects, 4(220KB) LOS objects, 22% free, 53MB/69MB, paused 1.093ms total 33.207ms
08-03 18:33:50.941  4014  4252 I art     : Starting a blocking GC Explicit
08-03 18:33:50.949  4014  4014 I NAPPA_EXPERIMENTATION: MetricNetworkRequestExecutionTime: REQUEST_DURATION_SYSTEM='563',REQUEST_DURATION_OKHTTP='38',REQUEST_SYNCHRONOUS='FALSE',RESPONSE_CODE='200',RESPONSE_METHOD='GET',RESPONSE_LENGTH_OKHTTP='1171',RESPONSE_LENGTH_HEADER='1171',REQUEST_PROTOCOL='http/1.1',REQUEST_URL='https://api-hillfair-2k16.herokuapp.com/api/app/club/Technical%20Committee',
08-03 18:33:50.970  4014  4252 I art     : Explicit concurrent mark sweep GC freed 1585(208KB) AllocSpace objects, 0(0B) LOS objects, 22% free, 53MB/69MB, paused 852us total 29.413ms
08-03 18:33:50.982  4014  4252 I art     : Starting a blocking GC Explicit
08-03 18:33:51.010  4014  4252 I art     : Explicit concurrent mark sweep GC freed 95(4KB) AllocSpace objects, 0(0B) LOS objects, 22% free, 53MB/69MB, paused 738us total 27.984ms
08-03 18:33:51.022  4014  4252 I art     : Starting a blocking GC Explicit
08-03 18:33:51.051  4014  4252 I art     : Explicit concurrent mark sweep GC freed 3(96B) AllocSpace objects, 0(0B) LOS objects, 22% free, 53MB/69MB, paused 659us total 29.407ms
08-03 18:33:51.063  4014  4252 I art     : Starting a blocking GC Explicit
08-03 18:33:51.093  4014  4252 I art     : Explicit concurrent mark sweep GC freed 3(96B) AllocSpace objects, 0(0B) LOS objects, 22% free, 53MB/69MB, paused 686us total 30.437ms
08-03 18:33:51.396  4014  4026 I art     : Starting a blocking GC Explicit
08-03 18:33:51.429  4014  4026 I art     : Explicit concurrent mark sweep GC freed 1344(78KB) AllocSpace objects, 1(20KB) LOS objects, 22% free, 53MB/69MB, paused 755us total 32.237ms
08-03 18:33:51.442  4014  4026 I art     : Starting a blocking GC Explicit
08-03 18:33:51.473  4014  4026 I art     : Explicit concurrent mark sweep GC freed 36(1264B) AllocSpace objects, 0(0B) LOS objects, 22% free, 53MB/69MB, paused 712us total 31.313ms
08-03 18:33:51.485  4014  4026 I art     : Starting a blocking GC Explicit
08-03 18:33:51.516  4014  4026 I art     : Explicit concurrent mark sweep GC freed 3(96B) AllocSpace objects, 0(0B) LOS objects, 22% free, 53MB/69MB, paused 707us total 30.861ms
08-03 18:33:51.528  4014  4026 I art     : Starting a blocking GC Explicit
08-03 18:33:51.560  4014  4026 I art     : Explicit concurrent mark sweep GC freed 3(96B) AllocSpace objects, 0(0B) LOS objects, 22% free, 53MB/69MB, paused 717us total 31.766ms
08-03 18:33:51.572  4014  4026 I art     : Starting a blocking GC Explicit
08-03 18:33:51.604  4014  4026 I art     : Explicit concurrent mark sweep GC freed 3(96B) AllocSpace objects, 0(0B) LOS objects, 22% free, 53MB/69MB, paused 700us total 31.540ms
08-03 18:33:51.636  7484  7484 I ServiceManager: Waiting for service AtCmdFwd...
08-03 18:33:51.918  4014  4253 I art     : Starting a blocking GC Explicit
08-03 18:33:51.958  4014  4253 I art     : Explicit concurrent mark sweep GC freed 1345(78KB) AllocSpace objects, 1(20KB) LOS objects, 22% free, 53MB/69MB, paused 822us total 39.301ms
08-03 18:33:51.971  4014  4253 I art     : Starting a blocking GC Explicit
08-03 18:33:52.000  4014  4253 I art     : Explicit concurrent mark sweep GC freed 20(704B) AllocSpace objects, 0(0B) LOS objects, 22% free, 53MB/69MB, paused 691us total 29.266ms
08-03 18:33:52.012  4014  4253 I art     : Starting a blocking GC Explicit
08-03 18:33:52.042  4014  4253 I art     : Explicit concurrent mark sweep GC freed 3(96B) AllocSpace objects, 0(0B) LOS objects, 22% free, 53MB/69MB, paused 703us total 29.959ms
08-03 18:33:52.054  4014  4253 I art     : Starting a blocking GC Explicit
08-03 18:33:52.085  4014  4253 I art     : Explicit concurrent mark sweep GC freed 3(96B) AllocSpace objects, 0(0B) LOS objects, 22% free, 53MB/69MB, paused 705us total 30.712ms
08-03 18:33:52.097  4014  4253 I art     : Starting a blocking GC Explicit
08-03 18:33:52.131  4014  4253 I art     : Explicit concurrent mark sweep GC freed 3(96B) AllocSpace objects, 0(0B) LOS objects, 22% free, 53MB/69MB, paused 726us total 33.957ms
08-03 18:33:52.477  4014  4027 I art     : Starting a blocking GC Explicit
08-03 18:33:52.519  4014  4027 I art     : Explicit concurrent mark sweep GC freed 1344(78KB) AllocSpace objects, 1(20KB) LOS objects, 22% free, 53MB/69MB, paused 774us total 42.324ms
08-03 18:33:52.534  4014  4027 I art     : Starting a blocking GC Explicit
08-03 18:33:52.566  4014  4027 I art     : Explicit concurrent mark sweep GC freed 20(704B) AllocSpace objects, 0(0B) LOS objects, 22% free, 53MB/69MB, paused 732us total 32.221ms
08-03 18:33:52.578  4014  4027 I art     : Starting a blocking GC Explicit
08-03 18:33:52.613  4014  4027 I art     : Explicit concurrent mark sweep GC freed 3(96B) AllocSpace objects, 0(0B) LOS objects, 22% free, 53MB/69MB, paused 733us total 34.139ms
08-03 18:33:52.625  4014  4027 I art     : Starting a blocking GC Explicit
08-03 18:33:52.637  7484  7484 I ServiceManager: Waiting for service AtCmdFwd...
08-03 18:33:52.658  4014  4027 I art     : Explicit concurrent mark sweep GC freed 3(96B) AllocSpace objects, 0(0B) LOS objects, 22% free, 53MB/69MB, paused 707us total 33.056ms
08-03 18:33:52.670  4014  4027 I art     : Starting a blocking GC Explicit
08-03 18:33:52.703  4014  4027 I art     : Explicit concurrent mark sweep GC freed 3(96B) AllocSpace objects, 0(0B) LOS objects, 22% free, 53MB/69MB, paused 745us total 32.847ms
08-03 18:33:53.036  4014  5613 I art     : Starting a blocking GC Explicit
08-03 18:33:53.072  4014  5613 I art     : Explicit concurrent mark sweep GC freed 1344(78KB) AllocSpace objects, 1(20KB) LOS objects, 22% free, 53MB/69MB, paused 716us total 36.264ms
08-03 18:33:53.084  4014  5613 I art     : Starting a blocking GC Explicit
08-03 18:33:53.119  4014  5613 I art     : Explicit concurrent mark sweep GC freed 20(704B) AllocSpace objects, 0(0B) LOS objects, 22% free, 53MB/69MB, paused 729us total 34.338ms
08-03 18:33:53.131  4014  5613 I art     : Starting a blocking GC Explicit
08-03 18:33:53.163  4014  5613 I art     : Explicit concurrent mark sweep GC freed 3(96B) AllocSpace objects, 0(0B) LOS objects, 22% free, 53MB/69MB, paused 698us total 32.032ms
08-03 18:33:53.175  4014  5613 I art     : Starting a blocking GC Explicit
08-03 18:33:53.208  4014  5613 I art     : Explicit concurrent mark sweep GC freed 3(96B) AllocSpace objects, 0(0B) LOS objects, 22% free, 53MB/69MB, paused 770us total 32.514ms
08-03 18:33:53.220  4014  5613 I art     : Starting a blocking GC Explicit
08-03 18:33:53.254  4014  5613 I art     : Explicit concurrent mark sweep GC freed 3(96B) AllocSpace objects, 0(0B) LOS objects, 22% free, 53MB/69MB, paused 709us total 34.058ms
08-03 18:33:53.603  4014  4252 I art     : Starting a blocking GC Explicit
08-03 18:33:53.637  7484  7484 I ServiceManager: Waiting for service AtCmdFwd...
08-03 18:33:53.646  4014  4252 I art     : Explicit concurrent mark sweep GC freed 1344(78KB) AllocSpace objects, 1(20KB) LOS objects, 22% free, 53MB/69MB, paused 775us total 42.393ms
08-03 18:33:53.660  4014  4252 I art     : Starting a blocking GC Explicit
08-03 18:33:53.692  4014  4252 I art     : Explicit concurrent mark sweep GC freed 20(704B) AllocSpace objects, 0(0B) LOS objects, 22% free, 53MB/69MB, paused 710us total 31.893ms
08-03 18:33:53.705  4014  4252 I art     : Starting a blocking GC Explicit
08-03 18:33:53.739  4014  4252 I art     : Explicit concurrent mark sweep GC freed 3(96B) AllocSpace objects, 0(0B) LOS objects, 22% free, 53MB/69MB, paused 733us total 34.170ms
08-03 18:33:53.751  4014  4252 I art     : Starting a blocking GC Explicit
08-03 18:33:53.785  4014  4252 I art     : Explicit concurrent mark sweep GC freed 3(96B) AllocSpace objects, 0(0B) LOS objects, 22% free, 53MB/69MB, paused 729us total 33.710ms
08-03 18:33:53.797  4014  4252 I art     : Starting a blocking GC Explicit
08-03 18:33:53.831  4014  4252 I art     : Explicit concurrent mark sweep GC freed 3(96B) AllocSpace objects, 0(0B) LOS objects, 22% free, 53MB/69MB, paused 733us total 33.510ms
08-03 18:33:54.178  4014  4026 I art     : Starting a blocking GC Explicit
08-03 18:33:54.223  4014  4026 I art     : Explicit concurrent mark sweep GC freed 1357(78KB) AllocSpace objects, 1(20KB) LOS objects, 22% free, 53MB/69MB, paused 744us total 44.798ms
08-03 18:33:54.238  4014  4026 I art     : Starting a blocking GC Explicit
08-03 18:33:54.270  4014  4026 I art     : Explicit concurrent mark sweep GC freed 34(1136B) AllocSpace objects, 0(0B) LOS objects, 22% free, 53MB/69MB, paused 699us total 32.498ms
08-03 18:33:54.282  4014  4026 I art     : Starting a blocking GC Explicit
08-03 18:33:54.316  4014  4026 I art     : Explicit concurrent mark sweep GC freed 3(96B) AllocSpace objects, 0(0B) LOS objects, 22% free, 53MB/69MB, paused 711us total 32.992ms
08-03 18:33:54.328  4014  4026 I art     : Starting a blocking GC Explicit
08-03 18:33:54.362  4014  4026 I art     : Explicit concurrent mark sweep GC freed 3(96B) AllocSpace objects, 0(0B) LOS objects, 22% free, 53MB/69MB, paused 674us total 33.973ms
08-03 18:33:54.374  4014  4026 I art     : Starting a blocking GC Explicit
08-03 18:33:54.409  4014  4026 I art     : Explicit concurrent mark sweep GC freed 3(96B) AllocSpace objects, 0(0B) LOS objects, 22% free, 53MB/69MB, paused 678us total 34.281ms
08-03 18:33:54.638  7484  7484 I ServiceManager: Waiting for service AtCmdFwd...
08-03 18:33:54.727  4014  4253 I art     : Starting a blocking GC Explicit
08-03 18:33:54.763  4014  4253 I art     : Explicit concurrent mark sweep GC freed 1344(78KB) AllocSpace objects, 1(20KB) LOS objects, 22% free, 53MB/69MB, paused 701us total 35.675ms
08-03 18:33:54.775  4014  4253 I art     : Starting a blocking GC Explicit
08-03 18:33:54.806  4014  4253 I art     : Explicit concurrent mark sweep GC freed 20(704B) AllocSpace objects, 0(0B) LOS objects, 22% free, 53MB/69MB, paused 701us total 31.361ms
08-03 18:33:54.818  4014  4253 I art     : Starting a blocking GC Explicit
08-03 18:33:54.850  4014  4253 I art     : Explicit concurrent mark sweep GC freed 3(96B) AllocSpace objects, 0(0B) LOS objects, 22% free, 53MB/69MB, paused 741us total 32.104ms
08-03 18:33:54.862  4014  4253 I art     : Starting a blocking GC Explicit
08-03 18:33:54.895  4014  4253 I art     : Explicit concurrent mark sweep GC freed 3(96B) AllocSpace objects, 0(0B) LOS objects, 22% free, 53MB/69MB, paused 753us total 32.095ms
08-03 18:33:54.907  4014  4253 I art     : Starting a blocking GC Explicit
08-03 18:33:54.940  4014  4253 I art     : Explicit concurrent mark sweep GC freed 3(96B) AllocSpace objects, 0(0B) LOS objects, 22% free, 53MB/69MB, paused 742us total 32.731ms
08-03 18:33:55.143  7563  7563 D AndroidRuntime: >>>>>> START com.android.internal.os.RuntimeInit uid 2000 <<<<<<
08-03 18:33:55.152  7563  7563 D AndroidRuntime: CheckJNI is OFF
08-03 18:33:55.193  7563  7563 D ICU     : No timezone override file found: /data/misc/zoneinfo/current/icu/icu_tzdata.dat
08-03 18:33:55.235  7563  7563 I Radio-JNI: register_android_hardware_Radio DONE
08-03 18:33:55.264  7563  7563 D AndroidRuntime: Calling main entry com.android.commands.input.Input
08-03 18:33:55.266  7563  7563 I Input   : injectKeyEvent: KeyEvent { action=ACTION_DOWN, keyCode=KEYCODE_BACK, scanCode=0, metaState=0, flags=0x0, repeatCount=0, eventTime=642851679, downTime=642851679, deviceId=-1, source=0x101 }
08-03 18:33:55.270  4014  4027 I art     : Starting a blocking GC Explicit
08-03 18:33:55.272  7563  7563 I Input   : injectKeyEvent: KeyEvent { action=ACTION_UP, keyCode=KEYCODE_BACK, scanCode=0, metaState=0, flags=0x0, repeatCount=0, eventTime=642851679, downTime=642851679, deviceId=-1, source=0x101 }
08-03 18:33:55.278  7563  7563 D AndroidRuntime: Shutting down VM
08-03 18:33:55.299  4014  4027 I art     : Explicit concurrent mark sweep GC freed 1481(84KB) AllocSpace objects, 1(20KB) LOS objects, 22% free, 53MB/69MB, paused 709us total 29.144ms
08-03 18:33:55.310  4014  4027 I art     : Starting a blocking GC Explicit
08-03 18:33:55.317 13866 13866 I GoogleInputMethodServic: GoogleInputMethodService.onFinishInput():3138 
08-03 18:33:55.319 13866 13866 I GoogleInputMethodServic: GoogleInputMethodService.onStartInput():1808 
08-03 18:33:55.339  4014  4027 I art     : Explicit concurrent mark sweep GC freed 63(2224B) AllocSpace objects, 0(0B) LOS objects, 22% free, 53MB/69MB, paused 769us total 28.426ms
08-03 18:33:55.350  4014  4027 I art     : Starting a blocking GC Explicit
08-03 18:33:55.377  4014  4027 I art     : Explicit concurrent mark sweep GC freed 11(416B) AllocSpace objects, 0(0B) LOS objects, 22% free, 53MB/69MB, paused 716us total 27.275ms
08-03 18:33:55.388  4014  4027 I art     : Starting a blocking GC Explicit
08-03 18:33:55.415  4014  4027 I art     : Explicit concurrent mark sweep GC freed 3(96B) AllocSpace objects, 0(0B) LOS objects, 22% free, 53MB/69MB, paused 673us total 27.093ms
08-03 18:33:55.427  4014  4027 I art     : Starting a blocking GC Explicit
08-03 18:33:55.455  4014  4027 I art     : Explicit concurrent mark sweep GC freed 3(96B) AllocSpace objects, 0(0B) LOS objects, 22% free, 53MB/69MB, paused 645us total 27.125ms
08-03 18:33:55.602   380   380 W SurfaceFlinger: couldn't log to binary event log: overflow.
08-03 18:33:55.638  7484  7484 W Atfwd_Sendcmd: AtCmdFwd service not published, waiting... retryCnt : 1
08-03 18:33:55.741  4014  4027 I art     : Starting a blocking GC Explicit
08-03 18:33:55.772  4014  4027 I art     : Explicit concurrent mark sweep GC freed 1454(86KB) AllocSpace objects, 1(20KB) LOS objects, 22% free, 53MB/69MB, paused 708us total 31.075ms
08-03 18:33:55.784  4014  4027 I art     : Starting a blocking GC Explicit
08-03 18:33:55.814  4014  4027 I art     : Explicit concurrent mark sweep GC freed 1670(108KB) AllocSpace objects, 3(180KB) LOS objects, 22% free, 53MB/69MB, paused 676us total 29.527ms
08-03 18:33:55.825  4014  4027 I art     : Starting a blocking GC Explicit
08-03 18:33:55.855  4014  4027 I art     : Explicit concurrent mark sweep GC freed 3(96B) AllocSpace objects, 0(0B) LOS objects, 22% free, 53MB/69MB, paused 672us total 29.568ms
08-03 18:33:55.867  4014  4027 I art     : Starting a blocking GC Explicit
08-03 18:33:55.898  4014  4027 I art     : Explicit concurrent mark sweep GC freed 3(96B) AllocSpace objects, 0(0B) LOS objects, 22% free, 53MB/69MB, paused 745us total 30.510ms
08-03 18:33:55.909  4014  4027 I art     : Starting a blocking GC Explicit
08-03 18:33:55.940  4014  4027 I art     : Explicit concurrent mark sweep GC freed 3(96B) AllocSpace objects, 0(0B) LOS objects, 22% free, 53MB/69MB, paused 675us total 30.502ms
08-03 18:33:55.940  4014  4025 I art     : WaitForGcToComplete blocked for 11.366ms for cause HeapTrim
08-03 18:33:56.265  4014  4253 I art     : Starting a blocking GC Explicit
08-03 18:33:56.302  4014  4253 I art     : Explicit concurrent mark sweep GC freed 1344(78KB) AllocSpace objects, 1(20KB) LOS objects, 22% free, 53MB/69MB, paused 720us total 36.948ms
08-03 18:33:56.315  4014  4253 I art     : Starting a blocking GC Explicit
08-03 18:33:56.346  4014  4253 I art     : Explicit concurrent mark sweep GC freed 20(704B) AllocSpace objects, 0(0B) LOS objects, 22% free, 53MB/69MB, paused 694us total 30.413ms
08-03 18:33:56.358  4014  4253 I art     : Starting a blocking GC Explicit
08-03 18:33:56.388  4014  4253 I art     : Explicit concurrent mark sweep GC freed 3(96B) AllocSpace objects, 0(0B) LOS objects, 22% free, 53MB/69MB, paused 695us total 30.377ms
08-03 18:33:56.400  4014  4253 I art     : Starting a blocking GC Explicit
08-03 18:33:56.431  4014  4253 I art     : Explicit concurrent mark sweep GC freed 3(96B) AllocSpace objects, 0(0B) LOS objects, 22% free, 53MB/69MB, paused 680us total 30.781ms
08-03 18:33:56.443  4014  4253 I art     : Starting a blocking GC Explicit
08-03 18:33:56.473  4014  4253 I art     : Explicit concurrent mark sweep GC freed 3(96B) AllocSpace objects, 0(0B) LOS objects, 22% free, 53MB/69MB, paused 760us total 30.443ms
08-03 18:33:56.766  4014  5613 I art     : Starting a blocking GC Explicit
08-03 18:33:56.798  4014  5613 I art     : Explicit concurrent mark sweep GC freed 1344(78KB) AllocSpace objects, 1(20KB) LOS objects, 22% free, 53MB/69MB, paused 758us total 31.976ms
08-03 18:33:56.809  4014  5613 I art     : Starting a blocking GC Explicit
08-03 18:33:56.840  4014  5613 I art     : Explicit concurrent mark sweep GC freed 20(704B) AllocSpace objects, 0(0B) LOS objects, 22% free, 53MB/69MB, paused 707us total 29.993ms
08-03 18:33:56.851  4014  5613 I art     : Starting a blocking GC Explicit
08-03 18:33:56.881  4014  5613 I art     : Explicit concurrent mark sweep GC freed 3(96B) AllocSpace objects, 0(0B) LOS objects, 22% free, 53MB/69MB, paused 679us total 29.562ms
08-03 18:33:56.893  4014  5613 I art     : Starting a blocking GC Explicit
08-03 18:33:56.925  4014  5613 I art     : Explicit concurrent mark sweep GC freed 3(96B) AllocSpace objects, 0(0B) LOS objects, 22% free, 53MB/69MB, paused 707us total 31.686ms
08-03 18:33:56.937  4014  5613 I art     : Starting a blocking GC Explicit
08-03 18:33:56.967  4014  5613 I art     : Explicit concurrent mark sweep GC freed 3(96B) AllocSpace objects, 0(0B) LOS objects, 22% free, 53MB/69MB, paused 668us total 29.782ms
08-03 18:33:56.988   918   937 W ProcessCpuTracker: Skipping unknown process pid 7642
08-03 18:33:56.990   918   937 W ProcessCpuTracker: Skipping unknown process pid 7644
08-03 18:33:56.990   918   937 W ProcessCpuTracker: Skipping unknown process pid 7645
08-03 18:33:57.070  7634  7634 D AndroidRuntime: >>>>>> START com.android.internal.os.RuntimeInit uid 2000 <<<<<<
08-03 18:33:57.076  7634  7634 D AndroidRuntime: CheckJNI is OFF
08-03 18:33:57.122  7634  7634 D ICU     : No timezone override file found: /data/misc/zoneinfo/current/icu/icu_tzdata.dat
08-03 18:33:57.164  7634  7634 I Radio-JNI: register_android_hardware_Radio DONE
08-03 18:33:57.192  7634  7634 D AndroidRuntime: Calling main entry com.android.commands.input.Input
08-03 18:33:57.194  7634  7634 I Input   : injectMotionEvent: MotionEvent { action=ACTION_DOWN, actionButton=0, id[0]=0, x[0]=255.0, y[0]=1845.0, toolType[0]=TOOL_TYPE_UNKNOWN, buttonState=0, metaState=0, flags=0x0, edgeFlags=0x0, pointerCount=1, historySize=0, eventTime=642853606, downTime=642853606, deviceId=0, source=0x1002 }
08-03 18:33:57.199  7634  7634 I Input   : injectMotionEvent: MotionEvent { action=ACTION_UP, actionButton=0, id[0]=0, x[0]=255.0, y[0]=1845.0, toolType[0]=TOOL_TYPE_UNKNOWN, buttonState=0, metaState=0, flags=0x0, edgeFlags=0x0, pointerCount=1, historySize=0, eventTime=642853606, downTime=642853606, deviceId=0, source=0x1002 }
08-03 18:33:57.200   918   928 I ActivityManager: START u0 {cmp=baseline.appteam.nith.hillffair/.activities.ClubActivity (has extras)} from uid 10624 on display 0
08-03 18:33:57.209  7634  7634 D AndroidRuntime: Shutting down VM
08-03 18:33:57.285  4014  4026 I art     : Starting a blocking GC Explicit
08-03 18:33:57.310  4014  4014 I NAPPA_EXPERIMENTATION: MetricNetworkRequestExecutionTime: REQUEST_DURATION_SYSTEM='69',REQUEST_DURATION_OKHTTP='38',REQUEST_SYNCHRONOUS='FALSE',RESPONSE_CODE='200',RESPONSE_METHOD='GET',RESPONSE_LENGTH_OKHTTP='1171',RESPONSE_LENGTH_HEADER='-2',REQUEST_PROTOCOL='http/1.1',REQUEST_URL='https://api-hillfair-2k16.herokuapp.com/api/app/club/Technical%20Committee',
08-03 18:33:57.318  4014  4026 I art     : Explicit concurrent mark sweep GC freed 5667(411KB) AllocSpace objects, 1(20KB) LOS objects, 22% free, 53MB/69MB, paused 811us total 32.967ms
08-03 18:33:57.319   918   936 I ActivityManager: Displayed baseline.appteam.nith.hillffair/.activities.ClubActivity: +109ms
08-03 18:33:57.325 13866 13866 I GoogleInputMethodServic: GoogleInputMethodService.onFinishInput():3138 
08-03 18:33:57.326 13866 13866 I GoogleInputMethodServic: GoogleInputMethodService.onStartInput():1808 
08-03 18:33:57.330  4014  4026 I art     : Starting a blocking GC Explicit
08-03 18:33:57.361  4014  4026 I art     : Explicit concurrent mark sweep GC freed 360(16KB) AllocSpace objects, 0(0B) LOS objects, 22% free, 53MB/69MB, paused 678us total 29.977ms
08-03 18:33:57.372  4014  4026 I art     : Starting a blocking GC Explicit
08-03 18:33:57.399  4014  4026 I art     : Explicit concurrent mark sweep GC freed 13(432B) AllocSpace objects, 0(0B) LOS objects, 22% free, 53MB/69MB, paused 656us total 26.950ms
08-03 18:33:57.411  4014  4026 I art     : Starting a blocking GC Explicit
08-03 18:33:57.440  4014  4026 I art     : Explicit concurrent mark sweep GC freed 3(96B) AllocSpace objects, 0(0B) LOS objects, 22% free, 53MB/69MB, paused 658us total 29.015ms
08-03 18:33:57.452  4014  4026 I art     : Starting a blocking GC Explicit
08-03 18:33:57.486  4014  4026 I art     : Explicit concurrent mark sweep GC freed 3(96B) AllocSpace objects, 0(0B) LOS objects, 22% free, 53MB/69MB, paused 722us total 34.084ms
08-03 18:33:57.779  4014  4253 I art     : Starting a blocking GC Explicit
08-03 18:33:57.810  4014  4253 I art     : Explicit concurrent mark sweep GC freed 1444(84KB) AllocSpace objects, 1(20KB) LOS objects, 22% free, 53MB/69MB, paused 874us total 31.395ms
08-03 18:33:57.822  4014  4253 I art     : Starting a blocking GC Explicit
08-03 18:33:57.853  4014  4253 I art     : Explicit concurrent mark sweep GC freed 20(704B) AllocSpace objects, 0(0B) LOS objects, 22% free, 53MB/69MB, paused 703us total 30.796ms
08-03 18:33:57.865  4014  4253 I art     : Starting a blocking GC Explicit
08-03 18:33:57.895  4014  4253 I art     : Explicit concurrent mark sweep GC freed 3(96B) AllocSpace objects, 0(0B) LOS objects, 22% free, 53MB/69MB, paused 685us total 29.796ms
08-03 18:33:57.906  4014  4253 I art     : Starting a blocking GC Explicit
08-03 18:33:57.937  4014  4253 I art     : Explicit concurrent mark sweep GC freed 3(96B) AllocSpace objects, 0(0B) LOS objects, 22% free, 53MB/69MB, paused 708us total 30.051ms
08-03 18:33:57.949  4014  4253 I art     : Starting a blocking GC Explicit
08-03 18:33:57.979  4014  4253 I art     : Explicit concurrent mark sweep GC freed 3(96B) AllocSpace objects, 0(0B) LOS objects, 22% free, 53MB/69MB, paused 782us total 29.882ms
08-03 18:33:58.279  4014  5613 I art     : Starting a blocking GC Explicit
08-03 18:33:58.322  4014  5613 I art     : Explicit concurrent mark sweep GC freed 1344(78KB) AllocSpace objects, 1(20KB) LOS objects, 22% free, 53MB/69MB, paused 786us total 42.683ms
08-03 18:33:58.338  4014  5613 I art     : Starting a blocking GC Explicit
08-03 18:33:58.375  4014  5613 I art     : Explicit concurrent mark sweep GC freed 36(1264B) AllocSpace objects, 0(0B) LOS objects, 22% free, 53MB/69MB, paused 758us total 36.421ms
08-03 18:33:58.393  4014  5613 I art     : Starting a blocking GC Explicit
08-03 18:33:58.424  4014  5613 I art     : Explicit concurrent mark sweep GC freed 3(96B) AllocSpace objects, 0(0B) LOS objects, 22% free, 53MB/69MB, paused 694us total 31.378ms
08-03 18:33:58.436  4014  5613 I art     : Starting a blocking GC Explicit
08-03 18:33:58.468  4014  5613 I art     : Explicit concurrent mark sweep GC freed 3(96B) AllocSpace objects, 0(0B) LOS objects, 22% free, 53MB/69MB, paused 770us total 31.476ms
08-03 18:33:58.479  4014  5613 I art     : Starting a blocking GC Explicit
08-03 18:33:58.510  4014  5613 I art     : Explicit concurrent mark sweep GC freed 3(96B) AllocSpace objects, 0(0B) LOS objects, 22% free, 53MB/69MB, paused 760us total 30.426ms
08-03 18:33:58.820  4014  4027 I art     : Starting a blocking GC Explicit
08-03 18:33:58.863  4014  4027 I art     : Explicit concurrent mark sweep GC freed 1344(78KB) AllocSpace objects, 1(20KB) LOS objects, 22% free, 53MB/69MB, paused 828us total 42.506ms
08-03 18:33:58.879  4014  4027 I art     : Starting a blocking GC Explicit
08-03 18:33:58.916  4014  4027 I art     : Explicit concurrent mark sweep GC freed 20(704B) AllocSpace objects, 0(0B) LOS objects, 22% free, 53MB/69MB, paused 734us total 36.214ms
08-03 18:33:58.928  4014  4027 I art     : Starting a blocking GC Explicit
08-03 18:33:58.962  4014  4027 I art     : Explicit concurrent mark sweep GC freed 3(96B) AllocSpace objects, 0(0B) LOS objects, 22% free, 53MB/69MB, paused 699us total 33.532ms
08-03 18:33:58.974  4014  4027 I art     : Starting a blocking GC Explicit
08-03 18:33:59.007  4014  4027 I art     : Explicit concurrent mark sweep GC freed 3(96B) AllocSpace objects, 0(0B) LOS objects, 22% free, 53MB/69MB, paused 737us total 32.786ms
08-03 18:33:59.019  4014  4027 I art     : Starting a blocking GC Explicit
08-03 18:33:59.053  4014  4027 I art     : Explicit concurrent mark sweep GC freed 3(96B) AllocSpace objects, 0(0B) LOS objects, 22% free, 53MB/69MB, paused 727us total 34.282ms
08-03 18:33:59.397  4014  4252 I art     : Starting a blocking GC Explicit
08-03 18:33:59.439  4014  4252 I art     : Explicit concurrent mark sweep GC freed 1344(78KB) AllocSpace objects, 1(20KB) LOS objects, 22% free, 53MB/69MB, paused 799us total 41.564ms
08-03 18:33:59.454  4014  4252 I art     : Starting a blocking GC Explicit
08-03 18:33:59.487  4014  4252 I art     : Explicit concurrent mark sweep GC freed 20(704B) AllocSpace objects, 0(0B) LOS objects, 22% free, 53MB/69MB, paused 701us total 33.051ms
08-03 18:33:59.499  4014  4252 I art     : Starting a blocking GC Explicit
08-03 18:33:59.534  4014  4252 I art     : Explicit concurrent mark sweep GC freed 3(96B) AllocSpace objects, 0(0B) LOS objects, 22% free, 53MB/69MB, paused 726us total 34.417ms
08-03 18:33:59.546  4014  4252 I art     : Starting a blocking GC Explicit
08-03 18:33:59.580  4014  4252 I art     : Explicit concurrent mark sweep GC freed 3(96B) AllocSpace objects, 0(0B) LOS objects, 22% free, 53MB/69MB, paused 721us total 33.339ms
08-03 18:33:59.592  4014  4252 I art     : Starting a blocking GC Explicit
08-03 18:33:59.625  4014  4252 I art     : Explicit concurrent mark sweep GC freed 3(96B) AllocSpace objects, 0(0B) LOS objects, 22% free, 53MB/69MB, paused 722us total 33.089ms
08-03 18:33:59.959  4014  4026 I art     : Starting a blocking GC Explicit
08-03 18:33:59.998  4014  4026 I art     : Explicit concurrent mark sweep GC freed 1344(78KB) AllocSpace objects, 1(20KB) LOS objects, 22% free, 53MB/69MB, paused 761us total 38.562ms
08-03 18:34:00.015  4014  4026 I art     : Starting a blocking GC Explicit
08-03 18:34:00.047  4014  4026 I art     : Explicit concurrent mark sweep GC freed 20(704B) AllocSpace objects, 0(0B) LOS objects, 22% free, 53MB/69MB, paused 803us total 31.812ms
08-03 18:34:00.059  4014  4026 I art     : Starting a blocking GC Explicit
08-03 18:34:00.088  4014  4026 I art     : Explicit concurrent mark sweep GC freed 3(96B) AllocSpace objects, 0(0B) LOS objects, 22% free, 53MB/69MB, paused 677us total 29.476ms
08-03 18:34:00.100  4014  4026 I art     : Starting a blocking GC Explicit
08-03 18:34:00.133  4014  4026 I art     : Explicit concurrent mark sweep GC freed 3(96B) AllocSpace objects, 0(0B) LOS objects, 22% free, 53MB/69MB, paused 733us total 33.121ms
08-03 18:34:00.145  4014  4026 I art     : Starting a blocking GC Explicit
08-03 18:34:00.178  4014  4026 I art     : Explicit concurrent mark sweep GC freed 3(96B) AllocSpace objects, 0(0B) LOS objects, 22% free, 53MB/69MB, paused 712us total 32.456ms
08-03 18:34:00.513  4014  4253 I art     : Starting a blocking GC Explicit
08-03 18:34:00.555  4014  4253 I art     : Explicit concurrent mark sweep GC freed 1344(78KB) AllocSpace objects, 1(20KB) LOS objects, 22% free, 53MB/69MB, paused 748us total 42.399ms
08-03 18:34:00.570  4014  4253 I art     : Starting a blocking GC Explicit
08-03 18:34:00.607  4014  4253 I art     : Explicit concurrent mark sweep GC freed 20(704B) AllocSpace objects, 0(0B) LOS objects, 22% free, 53MB/69MB, paused 742us total 35.872ms
08-03 18:34:00.619  4014  4253 I art     : Starting a blocking GC Explicit
08-03 18:34:00.639  7484  7484 I ServiceManager: Waiting for service AtCmdFwd...
08-03 18:34:00.653  4014  4253 I art     : Explicit concurrent mark sweep GC freed 3(96B) AllocSpace objects, 0(0B) LOS objects, 22% free, 53MB/69MB, paused 747us total 34.412ms
08-03 18:34:00.665  4014  4253 I art     : Starting a blocking GC Explicit
08-03 18:34:00.698  4014  4253 I art     : Explicit concurrent mark sweep GC freed 3(96B) AllocSpace objects, 0(0B) LOS objects, 22% free, 53MB/69MB, paused 754us total 32.744ms
08-03 18:34:00.711  4014  4253 I art     : Starting a blocking GC Explicit
08-03 18:34:00.745  4014  4253 I art     : Explicit concurrent mark sweep GC freed 3(96B) AllocSpace objects, 0(0B) LOS objects, 22% free, 53MB/69MB, paused 740us total 34.443ms
08-03 18:34:01.087  4014  5613 I art     : Starting a blocking GC Explicit
08-03 18:34:01.130  4014  5613 I art     : Explicit concurrent mark sweep GC freed 1344(78KB) AllocSpace objects, 1(20KB) LOS objects, 22% free, 53MB/69MB, paused 832us total 42.188ms
08-03 18:34:01.147  4014  5613 I art     : Starting a blocking GC Explicit
08-03 18:34:01.183  4014  5613 I art     : Explicit concurrent mark sweep GC freed 20(704B) AllocSpace objects, 0(0B) LOS objects, 22% free, 53MB/69MB, paused 747us total 35.952ms
08-03 18:34:01.195  4014  5613 I art     : Starting a blocking GC Explicit
08-03 18:34:01.229  4014  5613 I art     : Explicit concurrent mark sweep GC freed 3(96B) AllocSpace objects, 0(0B) LOS objects, 22% free, 53MB/69MB, paused 759us total 33.622ms
08-03 18:34:01.241  4014  5613 I art     : Starting a blocking GC Explicit
08-03 18:34:01.276  4014  5613 I art     : Explicit concurrent mark sweep GC freed 3(96B) AllocSpace objects, 0(0B) LOS objects, 22% free, 53MB/69MB, paused 703us total 34.224ms
08-03 18:34:01.287  4014  5613 I art     : Starting a blocking GC Explicit
08-03 18:34:01.321  4014  5613 I art     : Explicit concurrent mark sweep GC freed 3(96B) AllocSpace objects, 0(0B) LOS objects, 22% free, 53MB/69MB, paused 744us total 33.198ms
08-03 18:34:01.321  4014  4025 I art     : WaitForGcToComplete blocked for 18.799ms for cause HeapTrim
08-03 18:34:01.629  4014  4027 I art     : Starting a blocking GC Explicit
08-03 18:34:01.639  7484  7484 I ServiceManager: Waiting for service AtCmdFwd...
08-03 18:34:01.666  4014  4027 I art     : Explicit concurrent mark sweep GC freed 1344(78KB) AllocSpace objects, 1(20KB) LOS objects, 22% free, 53MB/69MB, paused 742us total 35.850ms
08-03 18:34:01.682  4014  4027 I art     : Starting a blocking GC Explicit
08-03 18:34:01.711  4014  4027 I art     : Explicit concurrent mark sweep GC freed 20(704B) AllocSpace objects, 0(0B) LOS objects, 22% free, 53MB/69MB, paused 702us total 29.361ms
08-03 18:34:01.722  4014  4027 I art     : Starting a blocking GC Explicit
08-03 18:34:01.755  4014  4027 I art     : Explicit concurrent mark sweep GC freed 3(96B) AllocSpace objects, 0(0B) LOS objects, 22% free, 53MB/69MB, paused 767us total 32.020ms
08-03 18:34:01.767  4014  4027 I art     : Starting a blocking GC Explicit
08-03 18:34:01.798  4014  4027 I art     : Explicit concurrent mark sweep GC freed 3(96B) AllocSpace objects, 0(0B) LOS objects, 22% free, 53MB/69MB, paused 754us total 31.404ms
08-03 18:34:01.810  4014  4027 I art     : Starting a blocking GC Explicit
08-03 18:34:01.843  4014  4027 I art     : Explicit concurrent mark sweep GC freed 3(96B) AllocSpace objects, 0(0B) LOS objects, 22% free, 53MB/69MB, paused 741us total 32.753ms
08-03 18:34:02.020   918   937 W ProcessCpuTracker: Skipping unknown process pid 7756
08-03 18:34:02.048  7743  7743 D AndroidRuntime: >>>>>> START com.android.internal.os.RuntimeInit uid 2000 <<<<<<
08-03 18:34:02.054  7743  7743 D AndroidRuntime: CheckJNI is OFF
08-03 18:34:02.096  7743  7743 D ICU     : No timezone override file found: /data/misc/zoneinfo/current/icu/icu_tzdata.dat
08-03 18:34:02.137  7743  7743 I Radio-JNI: register_android_hardware_Radio DONE
08-03 18:34:02.149  4014  4252 I art     : Starting a blocking GC Explicit
08-03 18:34:02.167  7743  7743 D AndroidRuntime: Calling main entry com.android.commands.input.Input
08-03 18:34:02.169  7743  7743 I Input   : injectKeyEvent: KeyEvent { action=ACTION_DOWN, keyCode=KEYCODE_BACK, scanCode=0, metaState=0, flags=0x0, repeatCount=0, eventTime=642858582, downTime=642858582, deviceId=-1, source=0x101 }
08-03 18:34:02.174  7743  7743 I Input   : injectKeyEvent: KeyEvent { action=ACTION_UP, keyCode=KEYCODE_BACK, scanCode=0, metaState=0, flags=0x0, repeatCount=0, eventTime=642858582, downTime=642858582, deviceId=-1, source=0x101 }
08-03 18:34:02.180  4014  4252 I art     : Explicit concurrent mark sweep GC freed 1346(78KB) AllocSpace objects, 1(20KB) LOS objects, 22% free, 53MB/69MB, paused 824us total 30.257ms
08-03 18:34:02.181  7743  7743 D AndroidRuntime: Shutting down VM
08-03 18:34:02.192  4014  4252 I art     : Starting a blocking GC Explicit
08-03 18:34:02.213 13866 13866 I GoogleInputMethodServic: GoogleInputMethodService.onFinishInput():3138 
08-03 18:34:02.213 13866 13866 I GoogleInputMethodServic: GoogleInputMethodService.onStartInput():1808 
08-03 18:34:02.218  4014  4252 I art     : Explicit concurrent mark sweep GC freed 164(6KB) AllocSpace objects, 0(0B) LOS objects, 22% free, 53MB/69MB, paused 670us total 26.636ms
08-03 18:34:02.229  4014  4252 I art     : Starting a blocking GC Explicit
08-03 18:34:02.259  4014  4252 I art     : Explicit concurrent mark sweep GC freed 38(1376B) AllocSpace objects, 0(0B) LOS objects, 22% free, 53MB/69MB, paused 685us total 29.138ms
08-03 18:34:02.270  4014  4252 I art     : Starting a blocking GC Explicit
08-03 18:34:02.297  4014  4252 I art     : Explicit concurrent mark sweep GC freed 10(384B) AllocSpace objects, 0(0B) LOS objects, 22% free, 53MB/69MB, paused 716us total 26.744ms
08-03 18:34:02.308  4014  4252 I art     : Starting a blocking GC Explicit
08-03 18:34:02.336  4014  4252 I art     : Explicit concurrent mark sweep GC freed 3(96B) AllocSpace objects, 0(0B) LOS objects, 22% free, 53MB/69MB, paused 632us total 27.883ms
08-03 18:34:02.525   380   380 W SurfaceFlinger: couldn't log to binary event log: overflow.
08-03 18:34:02.628  4014  4252 I art     : Starting a blocking GC Explicit
08-03 18:34:02.639  7484  7484 I ServiceManager: Waiting for service AtCmdFwd...
08-03 18:34:02.660  4014  4252 I art     : Explicit concurrent mark sweep GC freed 1453(86KB) AllocSpace objects, 1(20KB) LOS objects, 22% free, 53MB/69MB, paused 705us total 31.307ms
08-03 18:34:02.672  4014  4252 I art     : Starting a blocking GC Explicit
08-03 18:34:02.703  4014  4252 I art     : Explicit concurrent mark sweep GC freed 1671(108KB) AllocSpace objects, 3(180KB) LOS objects, 22% free, 53MB/69MB, paused 785us total 30.643ms
08-03 18:34:02.714  4014  4252 I art     : Starting a blocking GC Explicit
08-03 18:34:02.745  4014  4252 I art     : Explicit concurrent mark sweep GC freed 3(96B) AllocSpace objects, 0(0B) LOS objects, 22% free, 53MB/69MB, paused 719us total 30.047ms
08-03 18:34:02.756  4014  4252 I art     : Starting a blocking GC Explicit
08-03 18:34:02.788  4014  4252 I art     : Explicit concurrent mark sweep GC freed 3(96B) AllocSpace objects, 0(0B) LOS objects, 22% free, 53MB/69MB, paused 740us total 30.960ms
08-03 18:34:02.799  4014  4252 I art     : Starting a blocking GC Explicit
08-03 18:34:02.831  4014  4252 I art     : Explicit concurrent mark sweep GC freed 3(96B) AllocSpace objects, 0(0B) LOS objects, 22% free, 53MB/69MB, paused 691us total 30.988ms
08-03 18:34:03.114  4014  4027 I art     : Starting a blocking GC Explicit
08-03 18:34:03.150  4014  4027 I art     : Explicit concurrent mark sweep GC freed 1344(78KB) AllocSpace objects, 1(20KB) LOS objects, 22% free, 53MB/69MB, paused 750us total 35.768ms
08-03 18:34:03.165  4014  4027 I art     : Starting a blocking GC Explicit
08-03 18:34:03.198  4014  4027 I art     : Explicit concurrent mark sweep GC freed 20(704B) AllocSpace objects, 0(0B) LOS objects, 22% free, 53MB/69MB, paused 721us total 32.753ms
08-03 18:34:03.210  4014  4027 I art     : Starting a blocking GC Explicit
08-03 18:34:03.241  4014  4027 I art     : Explicit concurrent mark sweep GC freed 3(96B) AllocSpace objects, 0(0B) LOS objects, 22% free, 53MB/69MB, paused 703us total 30.283ms
08-03 18:34:03.253  4014  4027 I art     : Starting a blocking GC Explicit
08-03 18:34:03.284  4014  4027 I art     : Explicit concurrent mark sweep GC freed 3(96B) AllocSpace objects, 0(0B) LOS objects, 22% free, 53MB/69MB, paused 700us total 30.687ms
08-03 18:34:03.295  4014  4027 I art     : Starting a blocking GC Explicit
08-03 18:34:03.325  4014  4027 I art     : Explicit concurrent mark sweep GC freed 3(96B) AllocSpace objects, 0(0B) LOS objects, 22% free, 53MB/69MB, paused 703us total 29.742ms
08-03 18:34:03.617  4014  5613 I art     : Starting a blocking GC Explicit
08-03 18:34:03.640  7484  7484 I ServiceManager: Waiting for service AtCmdFwd...
08-03 18:34:03.653  4014  5613 I art     : Explicit concurrent mark sweep GC freed 1344(78KB) AllocSpace objects, 1(20KB) LOS objects, 22% free, 53MB/69MB, paused 783us total 35.316ms
08-03 18:34:03.668  4014  5613 I art     : Starting a blocking GC Explicit
08-03 18:34:03.697  4014  5613 I art     : Explicit concurrent mark sweep GC freed 20(704B) AllocSpace objects, 0(0B) LOS objects, 22% free, 53MB/69MB, paused 793us total 28.718ms
08-03 18:34:03.708  4014  5613 I art     : Starting a blocking GC Explicit
08-03 18:34:03.738  4014  5613 I art     : Explicit concurrent mark sweep GC freed 3(96B) AllocSpace objects, 0(0B) LOS objects, 22% free, 53MB/69MB, paused 744us total 29.269ms
08-03 18:34:03.749  4014  5613 I art     : Starting a blocking GC Explicit
08-03 18:34:03.778  4014  5613 I art     : Explicit concurrent mark sweep GC freed 3(96B) AllocSpace objects, 0(0B) LOS objects, 22% free, 53MB/69MB, paused 750us total 28.269ms
08-03 18:34:03.789  4014  5613 I art     : Starting a blocking GC Explicit
08-03 18:34:03.819  4014  5613 I art     : Explicit concurrent mark sweep GC freed 3(96B) AllocSpace objects, 0(0B) LOS objects, 22% free, 53MB/69MB, paused 712us total 29.920ms
08-03 18:34:03.980  7797  7797 D AndroidRuntime: >>>>>> START com.android.internal.os.RuntimeInit uid 2000 <<<<<<
08-03 18:34:03.987  7797  7797 D AndroidRuntime: CheckJNI is OFF
08-03 18:34:04.028  7797  7797 D ICU     : No timezone override file found: /data/misc/zoneinfo/current/icu/icu_tzdata.dat
08-03 18:34:04.070  7797  7797 I Radio-JNI: register_android_hardware_Radio DONE
08-03 18:34:04.099  7797  7797 D AndroidRuntime: Calling main entry com.android.commands.input.Input
08-03 18:34:04.101  7797  7797 I Input   : injectMotionEvent: MotionEvent { action=ACTION_DOWN, actionButton=0, id[0]=0, x[0]=369.0, y[0]=554.0, toolType[0]=TOOL_TYPE_UNKNOWN, buttonState=0, metaState=0, flags=0x0, edgeFlags=0x0, pointerCount=1, historySize=0, eventTime=642860513, downTime=642860513, deviceId=0, source=0x1002 }
08-03 18:34:04.106  7797  7797 I Input   : injectMotionEvent: MotionEvent { action=ACTION_UP, actionButton=0, id[0]=0, x[0]=369.0, y[0]=554.0, toolType[0]=TOOL_TYPE_UNKNOWN, buttonState=0, metaState=0, flags=0x0, edgeFlags=0x0, pointerCount=1, historySize=0, eventTime=642860513, downTime=642860513, deviceId=0, source=0x1002 }
08-03 18:34:04.108   918  6029 I ActivityManager: START u0 {cmp=baseline.appteam.nith.hillffair/.activities.ClubActivity (has extras)} from uid 10624 on display 0
08-03 18:34:04.114  7797  7797 D AndroidRuntime: Shutting down VM
08-03 18:34:04.142  4014  4027 I art     : Starting a blocking GC Explicit
08-03 18:34:04.176  4014  4027 I art     : Explicit concurrent mark sweep GC freed 4959(355KB) AllocSpace objects, 1(20KB) LOS objects, 22% free, 53MB/69MB, paused 840us total 33.435ms
08-03 18:34:04.189  4014  4027 I art     : Starting a blocking GC Explicit
08-03 18:34:04.205  4014  4014 I NAPPA_EXPERIMENTATION: MetricNetworkRequestExecutionTime: REQUEST_DURATION_SYSTEM='59',REQUEST_DURATION_OKHTTP='39',REQUEST_SYNCHRONOUS='FALSE',RESPONSE_CODE='200',RESPONSE_METHOD='GET',RESPONSE_LENGTH_OKHTTP='979',RESPONSE_LENGTH_HEADER='-2',REQUEST_PROTOCOL='http/1.1',REQUEST_URL='https://api-hillfair-2k16.herokuapp.com/api/app/club/PR%20Club',
08-03 18:34:04.219  4014  4027 I art     : Explicit concurrent mark sweep GC freed 881(62KB) AllocSpace objects, 0(0B) LOS objects, 22% free, 53MB/69MB, paused 1.585ms total 29.832ms
08-03 18:34:04.225   918   936 I ActivityManager: Displayed baseline.appteam.nith.hillffair/.activities.ClubActivity: +110ms
08-03 18:34:04.225 13866 13866 I GoogleInputMethodServic: GoogleInputMethodService.onFinishInput():3138 
08-03 18:34:04.226 13866 13866 I GoogleInputMethodServic: GoogleInputMethodService.onStartInput():1808 
08-03 18:34:04.230  4014  4027 I art     : Starting a blocking GC Explicit
08-03 18:34:04.260  4014  4027 I art     : Explicit concurrent mark sweep GC freed 107(3KB) AllocSpace objects, 0(0B) LOS objects, 22% free, 53MB/69MB, paused 698us total 29.438ms
08-03 18:34:04.271  4014  4027 I art     : Starting a blocking GC Explicit
08-03 18:34:04.298  4014  4027 I art     : Explicit concurrent mark sweep GC freed 7(240B) AllocSpace objects, 0(0B) LOS objects, 22% free, 53MB/69MB, paused 700us total 26.589ms
08-03 18:34:04.309  4014  4027 I art     : Starting a blocking GC Explicit
08-03 18:34:04.335  4014  4027 I art     : Explicit concurrent mark sweep GC freed 3(96B) AllocSpace objects, 0(0B) LOS objects, 22% free, 53MB/69MB, paused 722us total 26.641ms
08-03 18:34:04.461   380   380 W SurfaceFlinger: couldn't log to binary event log: overflow.
08-03 18:34:04.617  4014  4253 I art     : Starting a blocking GC Explicit
08-03 18:34:04.641  7484  7484 I ServiceManager: Waiting for service AtCmdFwd...
08-03 18:34:04.644  4014  4253 I art     : Explicit concurrent mark sweep GC freed 1444(84KB) AllocSpace objects, 1(20KB) LOS objects, 22% free, 53MB/69MB, paused 669us total 26.996ms
08-03 18:34:04.655  4014  4253 I art     : Starting a blocking GC Explicit
08-03 18:34:04.683  4014  4253 I art     : Explicit concurrent mark sweep GC freed 36(1264B) AllocSpace objects, 0(0B) LOS objects, 22% free, 53MB/69MB, paused 718us total 27.559ms
08-03 18:34:04.694  4014  4253 I art     : Starting a blocking GC Explicit
08-03 18:34:04.723  4014  4253 I art     : Explicit concurrent mark sweep GC freed 3(96B) AllocSpace objects, 0(0B) LOS objects, 22% free, 53MB/69MB, paused 720us total 28.526ms
08-03 18:34:04.734  4014  4253 I art     : Starting a blocking GC Explicit
08-03 18:34:04.762  4014  4253 I art     : Explicit concurrent mark sweep GC freed 3(96B) AllocSpace objects, 0(0B) LOS objects, 22% free, 53MB/69MB, paused 774us total 28.235ms
08-03 18:34:04.774  4014  4253 I art     : Starting a blocking GC Explicit
08-03 18:34:04.804  4014  4253 I art     : Explicit concurrent mark sweep GC freed 3(96B) AllocSpace objects, 0(0B) LOS objects, 22% free, 53MB/69MB, paused 724us total 30.259ms
08-03 18:34:05.108  4014  4027 I art     : Starting a blocking GC Explicit
08-03 18:34:05.147  4014  4027 I art     : Explicit concurrent mark sweep GC freed 1344(78KB) AllocSpace objects, 1(20KB) LOS objects, 22% free, 53MB/69MB, paused 772us total 38.009ms
08-03 18:34:05.161  4014  4027 I art     : Starting a blocking GC Explicit
08-03 18:34:05.193  4014  4027 I art     : Explicit concurrent mark sweep GC freed 20(704B) AllocSpace objects, 0(0B) LOS objects, 22% free, 53MB/69MB, paused 724us total 31.808ms
08-03 18:34:05.205  4014  4027 I art     : Starting a blocking GC Explicit
08-03 18:34:05.236  4014  4027 I art     : Explicit concurrent mark sweep GC freed 3(96B) AllocSpace objects, 0(0B) LOS objects, 22% free, 53MB/69MB, paused 739us total 30.993ms
08-03 18:34:05.248  4014  4027 I art     : Starting a blocking GC Explicit
08-03 18:34:05.280  4014  4027 I art     : Explicit concurrent mark sweep GC freed 3(96B) AllocSpace objects, 0(0B) LOS objects, 22% free, 53MB/69MB, paused 740us total 31.581ms
08-03 18:34:05.292  4014  4027 I art     : Starting a blocking GC Explicit
08-03 18:34:05.324  4014  4027 I art     : Explicit concurrent mark sweep GC freed 3(96B) AllocSpace objects, 0(0B) LOS objects, 22% free, 53MB/69MB, paused 719us total 31.534ms
08-03 18:34:05.629  4014  5613 I art     : Starting a blocking GC Explicit
08-03 18:34:05.641  7484  7484 W Atfwd_Sendcmd: AtCmdFwd service not published, waiting... retryCnt : 2
08-03 18:34:05.674  4014  5613 I art     : Explicit concurrent mark sweep GC freed 1344(78KB) AllocSpace objects, 1(20KB) LOS objects, 22% free, 53MB/69MB, paused 845us total 44.406ms
08-03 18:34:05.690  4014  5613 I art     : Starting a blocking GC Explicit
08-03 18:34:05.723  4014  5613 I art     : Explicit concurrent mark sweep GC freed 20(704B) AllocSpace objects, 0(0B) LOS objects, 22% free, 53MB/69MB, paused 754us total 32.901ms
08-03 18:34:05.735  4014  5613 I art     : Starting a blocking GC Explicit
08-03 18:34:05.769  4014  5613 I art     : Explicit concurrent mark sweep GC freed 3(96B) AllocSpace objects, 0(0B) LOS objects, 22% free, 53MB/69MB, paused 775us total 33.999ms
08-03 18:34:05.782  4014  5613 I art     : Starting a blocking GC Explicit
08-03 18:34:05.816  4014  5613 I art     : Explicit concurrent mark sweep GC freed 3(96B) AllocSpace objects, 0(0B) LOS objects, 22% free, 53MB/69MB, paused 780us total 33.722ms
08-03 18:34:05.828  4014  5613 I art     : Starting a blocking GC Explicit
08-03 18:34:05.863  4014  5613 I art     : Explicit concurrent mark sweep GC freed 3(96B) AllocSpace objects, 0(0B) LOS objects, 22% free, 53MB/69MB, paused 746us total 34.517ms
08-03 18:34:06.190  4014  4252 I art     : Starting a blocking GC Explicit
08-03 18:34:06.237  4014  4252 I art     : Explicit concurrent mark sweep GC freed 1344(78KB) AllocSpace objects, 1(20KB) LOS objects, 22% free, 53MB/69MB, paused 769us total 46.194ms
08-03 18:34:06.251  4014  4252 I art     : Starting a blocking GC Explicit
08-03 18:34:06.283  4014  4252 I art     : Explicit concurrent mark sweep GC freed 20(704B) AllocSpace objects, 0(0B) LOS objects, 22% free, 53MB/69MB, paused 729us total 31.396ms
08-03 18:34:06.295  4014  4252 I art     : Starting a blocking GC Explicit
08-03 18:34:06.329  4014  4252 I art     : Explicit concurrent mark sweep GC freed 3(96B) AllocSpace objects, 0(0B) LOS objects, 22% free, 53MB/69MB, paused 729us total 33.513ms
08-03 18:34:06.341  4014  4252 I art     : Starting a blocking GC Explicit
08-03 18:34:06.375  4014  4252 I art     : Explicit concurrent mark sweep GC freed 3(96B) AllocSpace objects, 0(0B) LOS objects, 22% free, 53MB/69MB, paused 755us total 33.547ms
08-03 18:34:06.387  4014  4252 I art     : Starting a blocking GC Explicit
08-03 18:34:06.420  4014  4252 I art     : Explicit concurrent mark sweep GC freed 3(96B) AllocSpace objects, 0(0B) LOS objects, 22% free, 53MB/69MB, paused 764us total 33.047ms
08-03 18:34:06.769  4014  4026 I art     : Starting a blocking GC Explicit
08-03 18:34:06.813  4014  4026 I art     : Explicit concurrent mark sweep GC freed 1344(78KB) AllocSpace objects, 1(20KB) LOS objects, 22% free, 53MB/69MB, paused 776us total 43.034ms
08-03 18:34:06.828  4014  4026 I art     : Starting a blocking GC Explicit
08-03 18:34:06.860  4014  4026 I art     : Explicit concurrent mark sweep GC freed 20(704B) AllocSpace objects, 0(0B) LOS objects, 22% free, 53MB/69MB, paused 732us total 32.328ms
08-03 18:34:06.872  4014  4026 I art     : Starting a blocking GC Explicit
08-03 18:34:06.904  4014  4026 I art     : Explicit concurrent mark sweep GC freed 3(96B) AllocSpace objects, 0(0B) LOS objects, 22% free, 53MB/69MB, paused 713us total 32.059ms
08-03 18:34:06.917  4014  4026 I art     : Starting a blocking GC Explicit
08-03 18:34:06.951  4014  4026 I art     : Explicit concurrent mark sweep GC freed 3(96B) AllocSpace objects, 0(0B) LOS objects, 22% free, 53MB/69MB, paused 760us total 34.492ms
08-03 18:34:06.964  4014  4026 I art     : Starting a blocking GC Explicit
08-03 18:34:06.998  4014  4026 I art     : Explicit concurrent mark sweep GC freed 3(96B) AllocSpace objects, 0(0B) LOS objects, 22% free, 53MB/69MB, paused 790us total 34.207ms
08-03 18:34:07.319  4014  4253 I art     : Starting a blocking GC Explicit
08-03 18:34:07.362  4014  4253 I art     : Explicit concurrent mark sweep GC freed 1344(78KB) AllocSpace objects, 1(20KB) LOS objects, 22% free, 53MB/69MB, paused 830us total 42.552ms
08-03 18:34:07.380  4014  4253 I art     : Starting a blocking GC Explicit
08-03 18:34:07.412  4014  4253 I art     : Explicit concurrent mark sweep GC freed 20(704B) AllocSpace objects, 0(0B) LOS objects, 22% free, 53MB/69MB, paused 740us total 31.815ms
08-03 18:34:07.424  4014  4253 I art     : Starting a blocking GC Explicit
08-03 18:34:07.459  4014  4253 I art     : Explicit concurrent mark sweep GC freed 3(96B) AllocSpace objects, 0(0B) LOS objects, 22% free, 53MB/69MB, paused 755us total 34.349ms
08-03 18:34:07.471  4014  4253 I art     : Starting a blocking GC Explicit
08-03 18:34:07.506  4014  4253 I art     : Explicit concurrent mark sweep GC freed 3(96B) AllocSpace objects, 0(0B) LOS objects, 22% free, 53MB/69MB, paused 757us total 34.267ms
08-03 18:34:07.518  4014  4253 I art     : Starting a blocking GC Explicit
08-03 18:34:07.552  4014  4253 I art     : Explicit concurrent mark sweep GC freed 3(96B) AllocSpace objects, 0(0B) LOS objects, 22% free, 53MB/69MB, paused 825us total 33.681ms
08-03 18:34:07.898  4014  4027 I art     : Starting a blocking GC Explicit
08-03 18:34:07.935  4014  4027 I art     : Explicit concurrent mark sweep GC freed 1365(79KB) AllocSpace objects, 1(20KB) LOS objects, 22% free, 53MB/69MB, paused 762us total 37.195ms
08-03 18:34:07.950  4014  4027 I art     : Starting a blocking GC Explicit
08-03 18:34:07.985  4014  4027 I art     : Explicit concurrent mark sweep GC freed 36(1216B) AllocSpace objects, 0(0B) LOS objects, 22% free, 53MB/69MB, paused 737us total 35.017ms
08-03 18:34:07.997  4014  4027 I art     : Starting a blocking GC Explicit
08-03 18:34:08.030  4014  4027 I art     : Explicit concurrent mark sweep GC freed 3(96B) AllocSpace objects, 0(0B) LOS objects, 22% free, 53MB/69MB, paused 738us total 32.489ms
08-03 18:34:08.042  4014  4027 I art     : Starting a blocking GC Explicit
08-03 18:34:08.074  4014  4027 I art     : Explicit concurrent mark sweep GC freed 3(96B) AllocSpace objects, 0(0B) LOS objects, 22% free, 53MB/69MB, paused 775us total 31.380ms
08-03 18:34:08.086  4014  4027 I art     : Starting a blocking GC Explicit
08-03 18:34:08.116  4014  4027 I art     : Explicit concurrent mark sweep GC freed 3(96B) AllocSpace objects, 0(0B) LOS objects, 22% free, 53MB/69MB, paused 710us total 29.930ms
08-03 18:34:08.451  4014  4253 I art     : Starting a blocking GC Explicit
08-03 18:34:08.486  4014  4253 I art     : Explicit concurrent mark sweep GC freed 1344(78KB) AllocSpace objects, 1(20KB) LOS objects, 22% free, 53MB/69MB, paused 718us total 34.337ms
08-03 18:34:08.498  4014  4253 I art     : Starting a blocking GC Explicit
08-03 18:34:08.526  4014  4253 I art     : Explicit concurrent mark sweep GC freed 29(1040B) AllocSpace objects, 0(0B) LOS objects, 22% free, 53MB/69MB, paused 693us total 27.523ms
08-03 18:34:08.536  4014  4253 I art     : Starting a blocking GC Explicit
08-03 18:34:08.566  4014  4253 I art     : Explicit concurrent mark sweep GC freed 3(96B) AllocSpace objects, 0(0B) LOS objects, 22% free, 53MB/69MB, paused 703us total 29.514ms
08-03 18:34:08.578  4014  4253 I art     : Starting a blocking GC Explicit
08-03 18:34:08.608  4014  4253 I art     : Explicit concurrent mark sweep GC freed 3(96B) AllocSpace objects, 0(0B) LOS objects, 22% free, 53MB/69MB, paused 752us total 29.735ms
08-03 18:34:08.620  4014  4253 I art     : Starting a blocking GC Explicit
08-03 18:34:08.650  4014  4253 I art     : Explicit concurrent mark sweep GC freed 3(96B) AllocSpace objects, 0(0B) LOS objects, 22% free, 53MB/69MB, paused 731us total 30.409ms
08-03 18:34:08.898  7915  7915 D AndroidRuntime: >>>>>> START com.android.internal.os.RuntimeInit uid 2000 <<<<<<
08-03 18:34:08.904  7915  7915 D AndroidRuntime: CheckJNI is OFF
08-03 18:34:08.948  7915  7915 D ICU     : No timezone override file found: /data/misc/zoneinfo/current/icu/icu_tzdata.dat
08-03 18:34:08.969  4014  5613 I art     : Starting a blocking GC Explicit
08-03 18:34:08.990  7915  7915 I Radio-JNI: register_android_hardware_Radio DONE
08-03 18:34:09.000  4014  5613 I art     : Explicit concurrent mark sweep GC freed 1344(78KB) AllocSpace objects, 1(20KB) LOS objects, 22% free, 53MB/69MB, paused 800us total 30.736ms
08-03 18:34:09.012  4014  5613 I art     : Starting a blocking GC Explicit
08-03 18:34:09.022  7915  7915 D AndroidRuntime: Calling main entry com.android.commands.input.Input
08-03 18:34:09.023  7915  7915 I Input   : injectKeyEvent: KeyEvent { action=ACTION_DOWN, keyCode=KEYCODE_BACK, scanCode=0, metaState=0, flags=0x0, repeatCount=0, eventTime=642865436, downTime=642865436, deviceId=-1, source=0x101 }
08-03 18:34:09.032  7915  7915 I Input   : injectKeyEvent: KeyEvent { action=ACTION_UP, keyCode=KEYCODE_BACK, scanCode=0, metaState=0, flags=0x0, repeatCount=0, eventTime=642865436, downTime=642865436, deviceId=-1, source=0x101 }
08-03 18:34:09.038  7915  7915 D AndroidRuntime: Shutting down VM
08-03 18:34:09.042  4014  5613 I art     : Explicit concurrent mark sweep GC freed 36(1264B) AllocSpace objects, 0(0B) LOS objects, 22% free, 53MB/69MB, paused 732us total 30.011ms
08-03 18:34:09.053  4014  5613 I art     : Starting a blocking GC Explicit
08-03 18:34:09.075 13866 13866 I GoogleInputMethodServic: GoogleInputMethodService.onFinishInput():3138 
08-03 18:34:09.075 13866 13866 I GoogleInputMethodServic: GoogleInputMethodService.onStartInput():1808 
08-03 18:34:09.081  4014  5613 I art     : Explicit concurrent mark sweep GC freed 133(5KB) AllocSpace objects, 0(0B) LOS objects, 22% free, 53MB/69MB, paused 810us total 27.697ms
08-03 18:34:09.092  4014  5613 I art     : Starting a blocking GC Explicit
08-03 18:34:09.120  4014  5613 I art     : Explicit concurrent mark sweep GC freed 38(1376B) AllocSpace objects, 0(0B) LOS objects, 22% free, 53MB/69MB, paused 864us total 27.799ms
08-03 18:34:09.131  4014  5613 I art     : Starting a blocking GC Explicit
08-03 18:34:09.157  4014  5613 I art     : Explicit concurrent mark sweep GC freed 10(384B) AllocSpace objects, 0(0B) LOS objects, 22% free, 53MB/69MB, paused 654us total 25.442ms
08-03 18:34:09.382   380   380 W SurfaceFlinger: couldn't log to binary event log: overflow.
08-03 18:34:09.448  4014  5613 I art     : Starting a blocking GC Explicit
08-03 18:34:09.479  4014  5613 I art     : Explicit concurrent mark sweep GC freed 1453(86KB) AllocSpace objects, 1(20KB) LOS objects, 22% free, 53MB/69MB, paused 749us total 31.035ms
08-03 18:34:09.490  4014  5613 I art     : Starting a blocking GC Explicit
08-03 18:34:09.521  4014  5613 I art     : Explicit concurrent mark sweep GC freed 1569(103KB) AllocSpace objects, 2(72KB) LOS objects, 22% free, 53MB/69MB, paused 714us total 30.313ms
08-03 18:34:09.532  4014  5613 I art     : Starting a blocking GC Explicit
08-03 18:34:09.564  4014  5613 I art     : Explicit concurrent mark sweep GC freed 3(96B) AllocSpace objects, 0(0B) LOS objects, 22% free, 53MB/69MB, paused 717us total 30.910ms
08-03 18:34:09.575  4014  5613 I art     : Starting a blocking GC Explicit
08-03 18:34:09.606  4014  5613 I art     : Explicit concurrent mark sweep GC freed 3(96B) AllocSpace objects, 0(0B) LOS objects, 22% free, 53MB/69MB, paused 718us total 30.989ms
08-03 18:34:09.618  4014  5613 I art     : Starting a blocking GC Explicit
08-03 18:34:09.649  4014  5613 I art     : Explicit concurrent mark sweep GC freed 3(96B) AllocSpace objects, 0(0B) LOS objects, 22% free, 53MB/69MB, paused 706us total 30.201ms
08-03 18:34:09.667   918  3261 D WifiStateMachine: starting scan for "H369AA63323"WPA_PSK with 2412,5180
08-03 18:34:09.957  4014  4027 I art     : Starting a blocking GC Explicit
08-03 18:34:09.994  4014  4027 I art     : Explicit concurrent mark sweep GC freed 1344(78KB) AllocSpace objects, 1(20KB) LOS objects, 22% free, 53MB/69MB, paused 694us total 36.742ms
08-03 18:34:10.002 21861 21919 I Finsky  : [5499] ktr.run(-1): Stats for Executor: BlockingExecutor kvs@3f58937[Running, pool size = 0, active threads = 0, queued tasks = 0, completed tasks = 17]
08-03 18:34:10.002 21861 21919 I Finsky  : [5499] ktr.run(-1): Stats for Executor: LightweightExecutor kvs@6e45ea4[Running, pool size = 4, active threads = 0, queued tasks = 0, completed tasks = 75]
08-03 18:34:10.006  4014  4027 I art     : Starting a blocking GC Explicit
08-03 18:34:10.036  4014  4027 I art     : Explicit concurrent mark sweep GC freed 20(704B) AllocSpace objects, 0(0B) LOS objects, 22% free, 53MB/69MB, paused 700us total 29.932ms
08-03 18:34:10.047  4014  4027 I art     : Starting a blocking GC Explicit
08-03 18:34:10.078  4014  4027 I art     : Explicit concurrent mark sweep GC freed 3(96B) AllocSpace objects, 0(0B) LOS objects, 22% free, 53MB/69MB, paused 753us total 29.988ms
08-03 18:34:10.089  4014  4027 I art     : Starting a blocking GC Explicit
08-03 18:34:10.120  4014  4027 I art     : Explicit concurrent mark sweep GC freed 3(96B) AllocSpace objects, 0(0B) LOS objects, 22% free, 53MB/69MB, paused 717us total 29.814ms
08-03 18:34:10.131  4014  4027 I art     : Starting a blocking GC Explicit
08-03 18:34:10.162  4014  4027 I art     : Explicit concurrent mark sweep GC freed 3(96B) AllocSpace objects, 0(0B) LOS objects, 22% free, 53MB/69MB, paused 699us total 30.765ms
08-03 18:34:10.450  4014  4252 I art     : Starting a blocking GC Explicit
08-03 18:34:10.487  4014  4252 I art     : Explicit concurrent mark sweep GC freed 1344(78KB) AllocSpace objects, 1(20KB) LOS objects, 22% free, 53MB/69MB, paused 733us total 35.751ms
08-03 18:34:10.499  4014  4252 I art     : Starting a blocking GC Explicit
08-03 18:34:10.510 21861 21919 I Finsky  : [5499] ktr.run(-1): Stats for Executor: bgExecutor kvs@aea740d[Running, pool size = 4, active threads = 0, queued tasks = 0, completed tasks = 73]
08-03 18:34:10.529  4014  4252 I art     : Explicit concurrent mark sweep GC freed 20(704B) AllocSpace objects, 0(0B) LOS objects, 22% free, 53MB/69MB, paused 715us total 29.492ms
08-03 18:34:10.541  4014  4252 I art     : Starting a blocking GC Explicit
08-03 18:34:10.572  4014  4252 I art     : Explicit concurrent mark sweep GC freed 3(96B) AllocSpace objects, 0(0B) LOS objects, 22% free, 53MB/69MB, paused 739us total 30.959ms
08-03 18:34:10.583  4014  4252 I art     : Starting a blocking GC Explicit
08-03 18:34:10.615  4014  4252 I art     : Explicit concurrent mark sweep GC freed 3(96B) AllocSpace objects, 0(0B) LOS objects, 22% free, 53MB/69MB, paused 737us total 31.174ms
08-03 18:34:10.626  4014  4252 I art     : Starting a blocking GC Explicit
08-03 18:34:10.658  4014  4252 I art     : Explicit concurrent mark sweep GC freed 3(96B) AllocSpace objects, 0(0B) LOS objects, 22% free, 53MB/69MB, paused 810us total 31.489ms
08-03 18:34:10.843  7963  7963 D AndroidRuntime: >>>>>> START com.android.internal.os.RuntimeInit uid 2000 <<<<<<
08-03 18:34:10.849  7963  7963 D AndroidRuntime: CheckJNI is OFF
08-03 18:34:10.890  7963  7963 D ICU     : No timezone override file found: /data/misc/zoneinfo/current/icu/icu_tzdata.dat
08-03 18:34:10.932  7963  7963 I Radio-JNI: register_android_hardware_Radio DONE
08-03 18:34:10.961  7963  7963 D AndroidRuntime: Calling main entry com.android.commands.input.Input
08-03 18:34:10.963  7963  7963 I Input   : injectKeyEvent: KeyEvent { action=ACTION_DOWN, keyCode=KEYCODE_BACK, scanCode=0, metaState=0, flags=0x0, repeatCount=0, eventTime=642867376, downTime=642867376, deviceId=-1, source=0x101 }
08-03 18:34:10.968  7963  7963 I Input   : injectKeyEvent: KeyEvent { action=ACTION_UP, keyCode=KEYCODE_BACK, scanCode=0, metaState=0, flags=0x0, repeatCount=0, eventTime=642867376, downTime=642867376, deviceId=-1, source=0x101 }
08-03 18:34:10.974  7963  7963 D AndroidRuntime: Shutting down VM
08-03 18:34:10.982  4014  4027 I art     : Starting a blocking GC Explicit
08-03 18:34:11.012  4014  4027 I art     : Explicit concurrent mark sweep GC freed 1491(85KB) AllocSpace objects, 1(20KB) LOS objects, 22% free, 53MB/69MB, paused 699us total 29.606ms
08-03 18:34:11.015 13866 13866 I GoogleInputMethodServic: GoogleInputMethodService.onFinishInput():3138 
08-03 18:34:11.016 13866 13866 I GoogleInputMethodServic: GoogleInputMethodService.onStartInput():1808 
08-03 18:34:11.024  4014  4027 I art     : Starting a blocking GC Explicit
08-03 18:34:11.054  4014  4027 I art     : Explicit concurrent mark sweep GC freed 79(2768B) AllocSpace objects, 0(0B) LOS objects, 22% free, 53MB/69MB, paused 795us total 29.397ms
08-03 18:34:11.065  4014  4027 I art     : Starting a blocking GC Explicit
08-03 18:34:11.091  4014  4027 I art     : Explicit concurrent mark sweep GC freed 10(384B) AllocSpace objects, 0(0B) LOS objects, 22% free, 53MB/69MB, paused 653us total 25.616ms
08-03 18:34:11.102  4014  4027 I art     : Starting a blocking GC Explicit
08-03 18:34:11.130  4014  4027 I art     : Explicit concurrent mark sweep GC freed 3(96B) AllocSpace objects, 0(0B) LOS objects, 22% free, 53MB/69MB, paused 667us total 27.008ms
08-03 18:34:11.141  4014  4027 I art     : Starting a blocking GC Explicit
08-03 18:34:11.170  4014  4027 I art     : Explicit concurrent mark sweep GC freed 3(96B) AllocSpace objects, 0(0B) LOS objects, 22% free, 53MB/69MB, paused 657us total 28.898ms
08-03 18:34:11.465  4014  4027 I art     : Starting a blocking GC Explicit
08-03 18:34:11.499  4014  4027 I art     : Explicit concurrent mark sweep GC freed 2977(154KB) AllocSpace objects, 1(20KB) LOS objects, 22% free, 53MB/69MB, paused 791us total 34.083ms
08-03 18:34:11.514  4014  4027 I art     : Starting a blocking GC Explicit
08-03 18:34:11.542  4014  4027 I art     : Explicit concurrent mark sweep GC freed 2858(181KB) AllocSpace objects, 2(140KB) LOS objects, 23% free, 53MB/69MB, paused 706us total 28.271ms
08-03 18:34:11.553  4014  4027 I art     : Starting a blocking GC Explicit
08-03 18:34:11.581  4014  4027 I art     : Explicit concurrent mark sweep GC freed 3(96B) AllocSpace objects, 0(0B) LOS objects, 23% free, 53MB/69MB, paused 722us total 27.721ms
08-03 18:34:11.592  4014  4027 I art     : Starting a blocking GC Explicit
08-03 18:34:11.620  4014  4027 I art     : Explicit concurrent mark sweep GC freed 3(96B) AllocSpace objects, 0(0B) LOS objects, 23% free, 53MB/69MB, paused 729us total 27.452ms
08-03 18:34:11.631  4014  4027 I art     : Starting a blocking GC Explicit
08-03 18:34:11.660  4014  4027 I art     : Explicit concurrent mark sweep GC freed 3(96B) AllocSpace objects, 0(0B) LOS objects, 23% free, 53MB/69MB, paused 707us total 28.002ms
08-03 18:34:11.963  4014  5613 I art     : Starting a blocking GC Explicit
08-03 18:34:11.997  4014  5613 I art     : Explicit concurrent mark sweep GC freed 1344(78KB) AllocSpace objects, 1(20KB) LOS objects, 23% free, 53MB/69MB, paused 778us total 33.729ms
08-03 18:34:12.011  4014  5613 I art     : Starting a blocking GC Explicit
08-03 18:34:12.040  4014  5613 I art     : Explicit concurrent mark sweep GC freed 20(704B) AllocSpace objects, 0(0B) LOS objects, 23% free, 53MB/69MB, paused 705us total 28.746ms
08-03 18:34:12.051  4014  5613 I art     : Starting a blocking GC Explicit
08-03 18:34:12.077  4014  5613 I art     : Explicit concurrent mark sweep GC freed 3(96B) AllocSpace objects, 0(0B) LOS objects, 23% free, 53MB/69MB, paused 711us total 25.989ms
08-03 18:34:12.088  4014  5613 I art     : Starting a blocking GC Explicit
08-03 18:34:12.114  4014  5613 I art     : Explicit concurrent mark sweep GC freed 3(96B) AllocSpace objects, 0(0B) LOS objects, 23% free, 53MB/69MB, paused 695us total 26.070ms
08-03 18:34:12.126  4014  5613 I art     : Starting a blocking GC Explicit
08-03 18:34:12.154  4014  5613 I art     : Explicit concurrent mark sweep GC freed 3(96B) AllocSpace objects, 0(0B) LOS objects, 23% free, 53MB/69MB, paused 698us total 27.668ms
08-03 18:34:12.439  4014  4026 I art     : Starting a blocking GC Explicit
08-03 18:34:12.472  4014  4026 I art     : Explicit concurrent mark sweep GC freed 1341(78KB) AllocSpace objects, 1(20KB) LOS objects, 23% free, 53MB/69MB, paused 794us total 32.446ms
08-03 18:34:12.485  4014  4026 I art     : Starting a blocking GC Explicit
08-03 18:34:12.513  4014  4026 I art     : Explicit concurrent mark sweep GC freed 20(704B) AllocSpace objects, 0(0B) LOS objects, 23% free, 53MB/69MB, paused 720us total 27.635ms
08-03 18:34:12.525  4014  4026 I art     : Starting a blocking GC Explicit
08-03 18:34:12.553  4014  4026 I art     : Explicit concurrent mark sweep GC freed 3(96B) AllocSpace objects, 0(0B) LOS objects, 23% free, 53MB/69MB, paused 712us total 27.669ms
08-03 18:34:12.564  4014  4026 I art     : Starting a blocking GC Explicit
08-03 18:34:12.592  4014  4026 I art     : Explicit concurrent mark sweep GC freed 3(96B) AllocSpace objects, 0(0B) LOS objects, 23% free, 53MB/69MB, paused 712us total 27.698ms
08-03 18:34:12.603  4014  4026 I art     : Starting a blocking GC Explicit
08-03 18:34:12.630  4014  4026 I art     : Explicit concurrent mark sweep GC freed 3(96B) AllocSpace objects, 0(0B) LOS objects, 23% free, 53MB/69MB, paused 714us total 27.417ms
08-03 18:34:12.762  8019  8019 D AndroidRuntime: >>>>>> START com.android.internal.os.RuntimeInit uid 2000 <<<<<<
08-03 18:34:12.771  8019  8019 D AndroidRuntime: CheckJNI is OFF
08-03 18:34:12.815  8019  8019 D ICU     : No timezone override file found: /data/misc/zoneinfo/current/icu/icu_tzdata.dat
08-03 18:34:12.857  8019  8019 I Radio-JNI: register_android_hardware_Radio DONE
08-03 18:34:12.886  8019  8019 D AndroidRuntime: Calling main entry com.android.commands.input.Input
08-03 18:34:12.888  8019  8019 I Input   : injectMotionEvent: MotionEvent { action=ACTION_DOWN, actionButton=0, id[0]=0, x[0]=1084.0, y[0]=2213.0, toolType[0]=TOOL_TYPE_UNKNOWN, buttonState=0, metaState=0, flags=0x0, edgeFlags=0x0, pointerCount=1, historySize=0, eventTime=642869301, downTime=642869301, deviceId=0, source=0x1002 }
08-03 18:34:12.892  8019  8019 I Input   : injectMotionEvent: MotionEvent { action=ACTION_UP, actionButton=0, id[0]=0, x[0]=1084.0, y[0]=2213.0, toolType[0]=TOOL_TYPE_UNKNOWN, buttonState=0, metaState=0, flags=0x0, edgeFlags=0x0, pointerCount=1, historySize=0, eventTime=642869301, downTime=642869301, deviceId=0, source=0x1002 }
08-03 18:34:12.894   918  3670 I ActivityManager: START u0 {cmp=baseline.appteam.nith.hillffair/.activities.EventActivity} from uid 10624 on display 0
08-03 18:34:12.902  8019  8019 D AndroidRuntime: Shutting down VM
08-03 18:34:12.937  4014  5613 I art     : Starting a blocking GC Explicit
08-03 18:34:12.970  4014  5613 I art     : Explicit concurrent mark sweep GC freed 6422(430KB) AllocSpace objects, 1(20KB) LOS objects, 23% free, 53MB/69MB, paused 742us total 33.367ms
08-03 18:34:12.981  4014  5613 I art     : Starting a blocking GC Explicit
08-03 18:34:12.998  4014  4014 I NAPPA_EXPERIMENTATION: MetricNetworkRequestExecutionTime: REQUEST_DURATION_SYSTEM='62',REQUEST_DURATION_OKHTTP='39',REQUEST_SYNCHRONOUS='FALSE',RESPONSE_CODE='200',RESPONSE_METHOD='GET',RESPONSE_LENGTH_OKHTTP='1870',RESPONSE_LENGTH_HEADER='-2',REQUEST_PROTOCOL='http/1.1',REQUEST_URL='https://api-hillfair-2k16.herokuapp.com/api/app/club',
08-03 18:34:12.999 13866 13866 I GoogleInputMethodServic: GoogleInputMethodService.onFinishInput():3138 
08-03 18:34:12.999 13866 13866 I GoogleInputMethodServic: GoogleInputMethodService.onStartInput():1808 
08-03 18:34:13.008  4014  5613 I art     : Explicit concurrent mark sweep GC freed 797(54KB) AllocSpace objects, 0(0B) LOS objects, 23% free, 53MB/69MB, paused 1.069ms total 26.783ms
08-03 18:34:13.019  4014  5613 I art     : Starting a blocking GC Explicit
08-03 18:34:13.046  4014  5613 I art     : Explicit concurrent mark sweep GC freed 420(16KB) AllocSpace objects, 0(0B) LOS objects, 23% free, 53MB/69MB, paused 1.020ms total 26.851ms
08-03 18:34:13.050   918   936 I ActivityManager: Displayed baseline.appteam.nith.hillffair/.activities.EventActivity: +148ms
08-03 18:34:13.058  4014  5613 I art     : Starting a blocking GC Explicit
08-03 18:34:13.087  4014  5613 I art     : Explicit concurrent mark sweep GC freed 224(7KB) AllocSpace objects, 0(0B) LOS objects, 23% free, 53MB/69MB, paused 681us total 28.037ms
08-03 18:34:13.097  4014  5613 I art     : Starting a blocking GC Explicit
08-03 18:34:13.124  4014  5613 I art     : Explicit concurrent mark sweep GC freed 5(192B) AllocSpace objects, 0(0B) LOS objects, 23% free, 53MB/69MB, paused 793us total 26.458ms
08-03 18:34:13.287   380   380 W SurfaceFlinger: couldn't log to binary event log: overflow.
08-03 18:34:13.416  4014  5613 I art     : Starting a blocking GC Explicit
08-03 18:34:13.442  4014  5613 I art     : Explicit concurrent mark sweep GC freed 1413(83KB) AllocSpace objects, 1(20KB) LOS objects, 23% free, 53MB/69MB, paused 663us total 25.723ms
08-03 18:34:13.453  4014  5613 I art     : Starting a blocking GC Explicit
08-03 18:34:13.480  4014  5613 I art     : Explicit concurrent mark sweep GC freed 20(704B) AllocSpace objects, 0(0B) LOS objects, 23% free, 53MB/69MB, paused 697us total 26.375ms
08-03 18:34:13.491  4014  5613 I art     : Starting a blocking GC Explicit
08-03 18:34:13.518  4014  5613 I art     : Explicit concurrent mark sweep GC freed 3(96B) AllocSpace objects, 0(0B) LOS objects, 23% free, 53MB/69MB, paused 725us total 27.359ms
08-03 18:34:13.529  4014  5613 I art     : Starting a blocking GC Explicit
08-03 18:34:13.556  4014  5613 I art     : Explicit concurrent mark sweep GC freed 3(96B) AllocSpace objects, 0(0B) LOS objects, 23% free, 53MB/69MB, paused 850us total 27.047ms
08-03 18:34:13.567  4014  5613 I art     : Starting a blocking GC Explicit
08-03 18:34:13.594  4014  5613 I art     : Explicit concurrent mark sweep GC freed 3(96B) AllocSpace objects, 0(0B) LOS objects, 23% free, 53MB/69MB, paused 703us total 26.988ms
08-03 18:34:13.888  4014  4026 I art     : Starting a blocking GC Explicit
08-03 18:34:13.919  4014  4026 I art     : Explicit concurrent mark sweep GC freed 1344(78KB) AllocSpace objects, 1(20KB) LOS objects, 23% free, 53MB/69MB, paused 737us total 30.462ms
08-03 18:34:13.931  4014  4026 I art     : Starting a blocking GC Explicit
08-03 18:34:13.961  4014  4026 I art     : Explicit concurrent mark sweep GC freed 20(704B) AllocSpace objects, 0(0B) LOS objects, 23% free, 53MB/69MB, paused 728us total 29.909ms
08-03 18:34:13.973  4014  4026 I art     : Starting a blocking GC Explicit
08-03 18:34:14.003  4014  4026 I art     : Explicit concurrent mark sweep GC freed 3(96B) AllocSpace objects, 0(0B) LOS objects, 23% free, 53MB/69MB, paused 738us total 30.170ms
08-03 18:34:14.015  4014  4026 I art     : Starting a blocking GC Explicit
08-03 18:34:14.045  4014  4026 I art     : Explicit concurrent mark sweep GC freed 3(96B) AllocSpace objects, 0(0B) LOS objects, 23% free, 53MB/69MB, paused 717us total 29.680ms
08-03 18:34:14.056  4014  4026 I art     : Starting a blocking GC Explicit
08-03 18:34:14.087  4014  4026 I art     : Explicit concurrent mark sweep GC freed 3(96B) AllocSpace objects, 0(0B) LOS objects, 23% free, 53MB/69MB, paused 724us total 30.382ms
08-03 18:34:14.400  4014  4252 I art     : Starting a blocking GC Explicit
08-03 18:34:14.439  4014  4252 I art     : Explicit concurrent mark sweep GC freed 1344(78KB) AllocSpace objects, 1(20KB) LOS objects, 23% free, 53MB/69MB, paused 836us total 38.534ms
08-03 18:34:14.452  4014  4252 I art     : Starting a blocking GC Explicit
08-03 18:34:14.484  4014  4252 I art     : Explicit concurrent mark sweep GC freed 20(704B) AllocSpace objects, 0(0B) LOS objects, 23% free, 53MB/69MB, paused 765us total 31.340ms
08-03 18:34:14.496  4014  4252 I art     : Starting a blocking GC Explicit
08-03 18:34:14.529  4014  4252 I art     : Explicit concurrent mark sweep GC freed 3(96B) AllocSpace objects, 0(0B) LOS objects, 23% free, 53MB/69MB, paused 794us total 32.708ms
08-03 18:34:14.541  4014  4252 I art     : Starting a blocking GC Explicit
08-03 18:34:14.573  4014  4252 I art     : Explicit concurrent mark sweep GC freed 3(96B) AllocSpace objects, 0(0B) LOS objects, 23% free, 53MB/69MB, paused 724us total 32.413ms
08-03 18:34:14.585  4014  4252 I art     : Starting a blocking GC Explicit
08-03 18:34:14.619  4014  4252 I art     : Explicit concurrent mark sweep GC freed 3(96B) AllocSpace objects, 0(0B) LOS objects, 23% free, 53MB/69MB, paused 783us total 33.084ms
08-03 18:34:14.970  4014  4253 I art     : Starting a blocking GC Explicit
08-03 18:34:15.011  4014  4253 I art     : Explicit concurrent mark sweep GC freed 1344(78KB) AllocSpace objects, 1(20KB) LOS objects, 23% free, 53MB/69MB, paused 834us total 40.246ms
08-03 18:34:15.025  4014  4253 I art     : Starting a blocking GC Explicit
08-03 18:34:15.057  4014  4253 I art     : Explicit concurrent mark sweep GC freed 20(704B) AllocSpace objects, 0(0B) LOS objects, 23% free, 53MB/69MB, paused 839us total 32.440ms
08-03 18:34:15.069  4014  4253 I art     : Starting a blocking GC Explicit
08-03 18:34:15.102  4014  4253 I art     : Explicit concurrent mark sweep GC freed 3(96B) AllocSpace objects, 0(0B) LOS objects, 23% free, 53MB/69MB, paused 760us total 32.126ms
08-03 18:34:15.113  4014  4253 I art     : Starting a blocking GC Explicit
08-03 18:34:15.147  4014  4253 I art     : Explicit concurrent mark sweep GC freed 3(96B) AllocSpace objects, 0(0B) LOS objects, 23% free, 53MB/69MB, paused 757us total 32.986ms
08-03 18:34:15.159  4014  4253 I art     : Starting a blocking GC Explicit
08-03 18:34:15.191  4014  4253 I art     : Explicit concurrent mark sweep GC freed 3(96B) AllocSpace objects, 0(0B) LOS objects, 23% free, 53MB/69MB, paused 727us total 31.636ms
08-03 18:34:15.509  4014  4027 I art     : Starting a blocking GC Explicit
08-03 18:34:15.550  4014  4027 I art     : Explicit concurrent mark sweep GC freed 1344(78KB) AllocSpace objects, 1(20KB) LOS objects, 23% free, 53MB/69MB, paused 851us total 39.894ms
08-03 18:34:15.568  4014  4027 I art     : Starting a blocking GC Explicit
08-03 18:34:15.605  4014  4027 I art     : Explicit concurrent mark sweep GC freed 20(704B) AllocSpace objects, 0(0B) LOS objects, 23% free, 53MB/69MB, paused 790us total 36.841ms
08-03 18:34:15.618  4014  4027 I art     : Starting a blocking GC Explicit
08-03 18:34:15.643  7484  7484 I ServiceManager: Waiting for service AtCmdFwd...
08-03 18:34:15.651  4014  4027 I art     : Explicit concurrent mark sweep GC freed 3(96B) AllocSpace objects, 0(0B) LOS objects, 23% free, 53MB/69MB, paused 752us total 32.950ms
08-03 18:34:15.663  4014  4027 I art     : Starting a blocking GC Explicit
08-03 18:34:15.695  4014  4027 I art     : Explicit concurrent mark sweep GC freed 3(96B) AllocSpace objects, 0(0B) LOS objects, 23% free, 53MB/69MB, paused 732us total 31.295ms
08-03 18:34:15.707  4014  4027 I art     : Starting a blocking GC Explicit
08-03 18:34:15.740  4014  4027 I art     : Explicit concurrent mark sweep GC freed 3(96B) AllocSpace objects, 0(0B) LOS objects, 23% free, 53MB/69MB, paused 766us total 33.282ms
08-03 18:34:16.054  4014  5613 I art     : Starting a blocking GC Explicit
08-03 18:34:16.094  4014  5613 I art     : Explicit concurrent mark sweep GC freed 1344(78KB) AllocSpace objects, 1(20KB) LOS objects, 23% free, 53MB/69MB, paused 820us total 39.923ms
08-03 18:34:16.112  4014  5613 I art     : Starting a blocking GC Explicit
08-03 18:34:16.148  4014  5613 I art     : Explicit concurrent mark sweep GC freed 20(704B) AllocSpace objects, 0(0B) LOS objects, 23% free, 53MB/69MB, paused 931us total 35.350ms
08-03 18:34:16.162  4014  5613 I art     : Starting a blocking GC Explicit
08-03 18:34:16.197  4014  5613 I art     : Explicit concurrent mark sweep GC freed 3(96B) AllocSpace objects, 0(0B) LOS objects, 23% free, 53MB/69MB, paused 828us total 34.725ms
08-03 18:34:16.209  4014  5613 I art     : Starting a blocking GC Explicit
08-03 18:34:16.243  4014  5613 I art     : Explicit concurrent mark sweep GC freed 3(96B) AllocSpace objects, 0(0B) LOS objects, 23% free, 53MB/69MB, paused 757us total 33.120ms
08-03 18:34:16.255  4014  5613 I art     : Starting a blocking GC Explicit
08-03 18:34:16.287  4014  5613 I art     : Explicit concurrent mark sweep GC freed 3(96B) AllocSpace objects, 0(0B) LOS objects, 23% free, 53MB/69MB, paused 804us total 32.057ms
08-03 18:34:16.630  4014  4026 I art     : Starting a blocking GC Explicit
08-03 18:34:16.643  7484  7484 I ServiceManager: Waiting for service AtCmdFwd...
08-03 18:34:16.671  4014  4026 I art     : Explicit concurrent mark sweep GC freed 1344(78KB) AllocSpace objects, 1(20KB) LOS objects, 23% free, 53MB/69MB, paused 815us total 41.470ms
08-03 18:34:16.688  4014  4026 I art     : Starting a blocking GC Explicit
08-03 18:34:16.690   918  3188 I hubconnection: sensorhub said: 'set_bias 3: -5.4048, 0.0000, 0.0000'
08-03 18:34:16.724  4014  4026 I art     : Explicit concurrent mark sweep GC freed 20(704B) AllocSpace objects, 0(0B) LOS objects, 23% free, 53MB/69MB, paused 768us total 35.870ms
08-03 18:34:16.736  4014  4026 I art     : Starting a blocking GC Explicit
08-03 18:34:16.770  4014  4026 I art     : Explicit concurrent mark sweep GC freed 3(96B) AllocSpace objects, 0(0B) LOS objects, 23% free, 53MB/69MB, paused 756us total 33.154ms
08-03 18:34:16.782  4014  4026 I art     : Starting a blocking GC Explicit
08-03 18:34:16.813  4014  4026 I art     : Explicit concurrent mark sweep GC freed 3(96B) AllocSpace objects, 0(0B) LOS objects, 23% free, 53MB/69MB, paused 764us total 30.892ms
08-03 18:34:16.825  4014  4026 I art     : Starting a blocking GC Explicit
08-03 18:34:16.858  4014  4026 I art     : Explicit concurrent mark sweep GC freed 3(96B) AllocSpace objects, 0(0B) LOS objects, 23% free, 53MB/69MB, paused 790us total 32.967ms
08-03 18:34:17.085   918   937 W ProcessCpuTracker: Skipping unknown process pid 8127
08-03 18:34:17.172  4014  4252 I art     : Starting a blocking GC Explicit
08-03 18:34:17.202  4014  4252 I art     : Explicit concurrent mark sweep GC freed 1344(78KB) AllocSpace objects, 1(20KB) LOS objects, 23% free, 53MB/69MB, paused 757us total 29.687ms
08-03 18:34:17.214  4014  4252 I art     : Starting a blocking GC Explicit
08-03 18:34:17.243  4014  4252 I art     : Explicit concurrent mark sweep GC freed 20(704B) AllocSpace objects, 0(0B) LOS objects, 23% free, 53MB/69MB, paused 751us total 29.527ms
08-03 18:34:17.255  4014  4252 I art     : Starting a blocking GC Explicit
08-03 18:34:17.284  4014  4252 I art     : Explicit concurrent mark sweep GC freed 3(96B) AllocSpace objects, 0(0B) LOS objects, 23% free, 53MB/69MB, paused 759us total 28.569ms
08-03 18:34:17.295  4014  4252 I art     : Starting a blocking GC Explicit
08-03 18:34:17.323  4014  4252 I art     : Explicit concurrent mark sweep GC freed 3(96B) AllocSpace objects, 0(0B) LOS objects, 23% free, 53MB/69MB, paused 752us total 28.300ms
08-03 18:34:17.335  4014  4252 I art     : Starting a blocking GC Explicit
08-03 18:34:17.367  4014  4252 I art     : Explicit concurrent mark sweep GC freed 3(96B) AllocSpace objects, 0(0B) LOS objects, 23% free, 53MB/69MB, paused 788us total 31.258ms
08-03 18:34:17.644  7484  7484 I ServiceManager: Waiting for service AtCmdFwd...
08-03 18:34:17.677  8135  8135 D AndroidRuntime: >>>>>> START com.android.internal.os.RuntimeInit uid 2000 <<<<<<
08-03 18:34:17.683  8135  8135 D AndroidRuntime: CheckJNI is OFF
08-03 18:34:17.701  4014  4253 I art     : Starting a blocking GC Explicit
08-03 18:34:17.732  8135  8135 D ICU     : No timezone override file found: /data/misc/zoneinfo/current/icu/icu_tzdata.dat
08-03 18:34:17.736  4014  4253 I art     : Explicit concurrent mark sweep GC freed 1344(78KB) AllocSpace objects, 1(20KB) LOS objects, 23% free, 53MB/69MB, paused 879us total 34.143ms
08-03 18:34:17.749  4014  4253 I art     : Starting a blocking GC Explicit
08-03 18:34:17.778  8135  8135 I Radio-JNI: register_android_hardware_Radio DONE
08-03 18:34:17.780  4014  4253 I art     : Explicit concurrent mark sweep GC freed 20(704B) AllocSpace objects, 0(0B) LOS objects, 23% free, 53MB/69MB, paused 796us total 30.492ms
08-03 18:34:17.792  4014  4253 I art     : Starting a blocking GC Explicit
08-03 18:34:17.810  8135  8135 D AndroidRuntime: Calling main entry com.android.commands.input.Input
08-03 18:34:17.812  8135  8135 I Input   : injectMotionEvent: MotionEvent { action=ACTION_DOWN, actionButton=0, id[0]=0, x[0]=255.0, y[0]=1845.0, toolType[0]=TOOL_TYPE_UNKNOWN, buttonState=0, metaState=0, flags=0x0, edgeFlags=0x0, pointerCount=1, historySize=0, eventTime=642874224, downTime=642874224, deviceId=0, source=0x1002 }
08-03 18:34:17.817  8135  8135 I Input   : injectMotionEvent: MotionEvent { action=ACTION_UP, actionButton=0, id[0]=0, x[0]=255.0, y[0]=1845.0, toolType[0]=TOOL_TYPE_UNKNOWN, buttonState=0, metaState=0, flags=0x0, edgeFlags=0x0, pointerCount=1, historySize=0, eventTime=642874224, downTime=642874224, deviceId=0, source=0x1002 }
08-03 18:34:17.819   918  6110 I ActivityManager: START u0 {cmp=baseline.appteam.nith.hillffair/.activities.ClubActivity (has extras)} from uid 10624 on display 0
08-03 18:34:17.822  4014  4253 I art     : Explicit concurrent mark sweep GC freed 3(96B) AllocSpace objects, 0(0B) LOS objects, 23% free, 53MB/69MB, paused 959us total 29.658ms
08-03 18:34:17.829  8135  8135 D AndroidRuntime: Shutting down VM
08-03 18:34:17.833  4014  4253 I art     : Starting a blocking GC Explicit
08-03 18:34:17.863  4014  4253 I art     : Explicit concurrent mark sweep GC freed 1513(91KB) AllocSpace objects, 0(0B) LOS objects, 22% free, 53MB/69MB, paused 1.197ms total 29.404ms
08-03 18:34:17.874  4014  4253 I art     : Starting a blocking GC Explicit
08-03 18:34:17.902  4014  4253 I art     : Explicit concurrent mark sweep GC freed 2315(202KB) AllocSpace objects, 0(0B) LOS objects, 22% free, 53MB/69MB, paused 712us total 27.983ms
08-03 18:34:17.926  4014  4014 I NAPPA_EXPERIMENTATION: MetricNetworkRequestExecutionTime: REQUEST_DURATION_SYSTEM='62',REQUEST_DURATION_OKHTTP='38',REQUEST_SYNCHRONOUS='FALSE',RESPONSE_CODE='200',RESPONSE_METHOD='GET',RESPONSE_LENGTH_OKHTTP='1171',RESPONSE_LENGTH_HEADER='-2',REQUEST_PROTOCOL='http/1.1',REQUEST_URL='https://api-hillfair-2k16.herokuapp.com/api/app/club/Technical%20Committee',
08-03 18:34:17.932   918   936 I ActivityManager: Displayed baseline.appteam.nith.hillffair/.activities.ClubActivity: +101ms
08-03 18:34:17.932 13866 13866 I GoogleInputMethodServic: GoogleInputMethodService.onFinishInput():3138 
08-03 18:34:17.933 13866 13866 I GoogleInputMethodServic: GoogleInputMethodService.onStartInput():1808 
08-03 18:34:18.181  4014  4026 I art     : Starting a blocking GC Explicit
08-03 18:34:18.191   380   380 W SurfaceFlinger: couldn't log to binary event log: overflow.
08-03 18:34:18.209  4014  4026 I art     : Explicit concurrent mark sweep GC freed 2137(132KB) AllocSpace objects, 1(20KB) LOS objects, 22% free, 53MB/69MB, paused 720us total 27.074ms
08-03 18:34:18.219  4014  4026 I art     : Starting a blocking GC Explicit
08-03 18:34:18.246  4014  4026 I art     : Explicit concurrent mark sweep GC freed 72(2480B) AllocSpace objects, 0(0B) LOS objects, 22% free, 53MB/69MB, paused 692us total 26.046ms
08-03 18:34:18.256  4014  4026 I art     : Starting a blocking GC Explicit
08-03 18:34:18.283  4014  4026 I art     : Explicit concurrent mark sweep GC freed 3(96B) AllocSpace objects, 0(0B) LOS objects, 22% free, 53MB/69MB, paused 691us total 26.971ms
08-03 18:34:18.294  4014  4026 I art     : Starting a blocking GC Explicit
08-03 18:34:18.322  4014  4026 I art     : Explicit concurrent mark sweep GC freed 3(96B) AllocSpace objects, 0(0B) LOS objects, 22% free, 53MB/69MB, paused 816us total 27.175ms
08-03 18:34:18.335  4014  4026 I art     : Starting a blocking GC Explicit
08-03 18:34:18.365  4014  4026 I art     : Explicit concurrent mark sweep GC freed 102(5KB) AllocSpace objects, 0(0B) LOS objects, 22% free, 53MB/69MB, paused 693us total 29.550ms
08-03 18:34:18.645  7484  7484 I ServiceManager: Waiting for service AtCmdFwd...
08-03 18:34:18.671  4014  4253 I art     : Starting a blocking GC Explicit
08-03 18:34:18.703  4014  4253 I art     : Explicit concurrent mark sweep GC freed 1344(78KB) AllocSpace objects, 1(20KB) LOS objects, 22% free, 53MB/69MB, paused 761us total 31.844ms
08-03 18:34:18.714  4014  4253 I art     : Starting a blocking GC Explicit
08-03 18:34:18.746  4014  4253 I art     : Explicit concurrent mark sweep GC freed 36(1264B) AllocSpace objects, 0(0B) LOS objects, 22% free, 53MB/69MB, paused 763us total 30.857ms
08-03 18:34:18.757  4014  4253 I art     : Starting a blocking GC Explicit
08-03 18:34:18.788  4014  4253 I art     : Explicit concurrent mark sweep GC freed 3(96B) AllocSpace objects, 0(0B) LOS objects, 22% free, 53MB/69MB, paused 791us total 30.322ms
08-03 18:34:18.800  4014  4253 I art     : Starting a blocking GC Explicit
08-03 18:34:18.831  4014  4253 I art     : Explicit concurrent mark sweep GC freed 3(96B) AllocSpace objects, 0(0B) LOS objects, 22% free, 53MB/69MB, paused 765us total 30.791ms
08-03 18:34:18.843  4014  4253 I art     : Starting a blocking GC Explicit
08-03 18:34:18.874  4014  4253 I art     : Explicit concurrent mark sweep GC freed 3(96B) AllocSpace objects, 0(0B) LOS objects, 22% free, 53MB/69MB, paused 761us total 31.231ms
08-03 18:34:19.176  4014  5613 I art     : Starting a blocking GC Explicit
08-03 18:34:19.216  4014  5613 I art     : Explicit concurrent mark sweep GC freed 1344(78KB) AllocSpace objects, 1(20KB) LOS objects, 22% free, 53MB/69MB, paused 860us total 38.568ms
08-03 18:34:19.232  4014  5613 I art     : Starting a blocking GC Explicit
08-03 18:34:19.263  4014  5613 I art     : Explicit concurrent mark sweep GC freed 20(704B) AllocSpace objects, 0(0B) LOS objects, 22% free, 53MB/69MB, paused 765us total 30.525ms
08-03 18:34:19.275  4014  5613 I art     : Starting a blocking GC Explicit
08-03 18:34:19.307  4014  5613 I art     : Explicit concurrent mark sweep GC freed 3(96B) AllocSpace objects, 0(0B) LOS objects, 22% free, 53MB/69MB, paused 757us total 31.191ms
08-03 18:34:19.318  4014  5613 I art     : Starting a blocking GC Explicit
08-03 18:34:19.349  4014  5613 I art     : Explicit concurrent mark sweep GC freed 3(96B) AllocSpace objects, 0(0B) LOS objects, 22% free, 53MB/69MB, paused 758us total 30.702ms
08-03 18:34:19.361  4014  5613 I art     : Starting a blocking GC Explicit
08-03 18:34:19.392  4014  5613 I art     : Explicit concurrent mark sweep GC freed 3(96B) AllocSpace objects, 0(0B) LOS objects, 22% free, 53MB/69MB, paused 758us total 30.986ms
08-03 18:34:19.645  7484  7484 I ServiceManager: Waiting for service AtCmdFwd...
08-03 18:34:19.732  4014  4026 I art     : Starting a blocking GC Explicit
08-03 18:34:19.772  4014  4026 I art     : Explicit concurrent mark sweep GC freed 1365(79KB) AllocSpace objects, 1(20KB) LOS objects, 22% free, 53MB/69MB, paused 784us total 39.581ms
08-03 18:34:19.786  4014  4026 I art     : Starting a blocking GC Explicit
08-03 18:34:19.823  4014  4026 I art     : Explicit concurrent mark sweep GC freed 36(1216B) AllocSpace objects, 0(0B) LOS objects, 22% free, 53MB/69MB, paused 810us total 36.162ms
08-03 18:34:19.835  4014  4026 I art     : Starting a blocking GC Explicit
08-03 18:34:19.867  4014  4026 I art     : Explicit concurrent mark sweep GC freed 3(96B) AllocSpace objects, 0(0B) LOS objects, 22% free, 53MB/69MB, paused 745us total 31.734ms
08-03 18:34:19.879  4014  4026 I art     : Starting a blocking GC Explicit
08-03 18:34:19.913  4014  4026 I art     : Explicit concurrent mark sweep GC freed 3(96B) AllocSpace objects, 0(0B) LOS objects, 22% free, 53MB/69MB, paused 763us total 33.637ms
08-03 18:34:19.925  4014  4026 I art     : Starting a blocking GC Explicit
08-03 18:34:19.959  4014  4026 I art     : Explicit concurrent mark sweep GC freed 3(96B) AllocSpace objects, 0(0B) LOS objects, 22% free, 53MB/69MB, paused 715us total 33.756ms
08-03 18:34:20.299  4014  4252 I art     : Starting a blocking GC Explicit
08-03 18:34:20.342  4014  4252 I art     : Explicit concurrent mark sweep GC freed 1344(78KB) AllocSpace objects, 1(20KB) LOS objects, 22% free, 53MB/69MB, paused 735us total 42.494ms
08-03 18:34:20.354  4014  4252 I art     : Starting a blocking GC Explicit
08-03 18:34:20.389  4014  4252 I art     : Explicit concurrent mark sweep GC freed 20(704B) AllocSpace objects, 0(0B) LOS objects, 22% free, 53MB/69MB, paused 772us total 34.293ms
08-03 18:34:20.401  4014  4252 I art     : Starting a blocking GC Explicit
08-03 18:34:20.434  4014  4252 I art     : Explicit concurrent mark sweep GC freed 3(96B) AllocSpace objects, 0(0B) LOS objects, 22% free, 53MB/69MB, paused 729us total 33.049ms
08-03 18:34:20.446  4014  4252 I art     : Starting a blocking GC Explicit
08-03 18:34:20.478  4014  4252 I art     : Explicit concurrent mark sweep GC freed 3(96B) AllocSpace objects, 0(0B) LOS objects, 22% free, 53MB/69MB, paused 786us total 32.157ms
08-03 18:34:20.490  4014  4252 I art     : Starting a blocking GC Explicit
08-03 18:34:20.525  4014  4252 I art     : Explicit concurrent mark sweep GC freed 3(96B) AllocSpace objects, 0(0B) LOS objects, 22% free, 53MB/69MB, paused 765us total 34.236ms
08-03 18:34:20.646  7484  7484 W Atfwd_Sendcmd: AtCmdFwd service not published, waiting... retryCnt : 3
08-03 18:34:20.867  4014  4027 I art     : Starting a blocking GC Explicit
08-03 18:34:20.904  4014  4027 I art     : Explicit concurrent mark sweep GC freed 1344(78KB) AllocSpace objects, 1(20KB) LOS objects, 22% free, 53MB/69MB, paused 780us total 36.670ms
08-03 18:34:20.919  4014  4027 I art     : Starting a blocking GC Explicit
08-03 18:34:20.952  4014  4027 I art     : Explicit concurrent mark sweep GC freed 20(704B) AllocSpace objects, 0(0B) LOS objects, 22% free, 53MB/69MB, paused 775us total 33.048ms
08-03 18:34:20.964  4014  4027 I art     : Starting a blocking GC Explicit
08-03 18:34:20.998  4014  4027 I art     : Explicit concurrent mark sweep GC freed 3(96B) AllocSpace objects, 0(0B) LOS objects, 22% free, 53MB/69MB, paused 765us total 33.804ms
08-03 18:34:21.011  4014  4027 I art     : Starting a blocking GC Explicit
08-03 18:34:21.044  4014  4027 I art     : Explicit concurrent mark sweep GC freed 3(96B) AllocSpace objects, 0(0B) LOS objects, 22% free, 53MB/69MB, paused 736us total 32.806ms
08-03 18:34:21.056  4014  4027 I art     : Starting a blocking GC Explicit
08-03 18:34:21.088  4014  4027 I art     : Explicit concurrent mark sweep GC freed 3(96B) AllocSpace objects, 0(0B) LOS objects, 22% free, 53MB/69MB, paused 783us total 32.323ms
08-03 18:34:21.444  4014  4253 I art     : Starting a blocking GC Explicit
08-03 18:34:21.479  4014  4253 I art     : Explicit concurrent mark sweep GC freed 1344(78KB) AllocSpace objects, 1(20KB) LOS objects, 22% free, 53MB/69MB, paused 767us total 34.810ms
08-03 18:34:21.491  4014  4253 I art     : Starting a blocking GC Explicit
08-03 18:34:21.522  4014  4253 I art     : Explicit concurrent mark sweep GC freed 20(704B) AllocSpace objects, 0(0B) LOS objects, 22% free, 53MB/69MB, paused 752us total 31.421ms
08-03 18:34:21.534  4014  4253 I art     : Starting a blocking GC Explicit
08-03 18:34:21.567  4014  4253 I art     : Explicit concurrent mark sweep GC freed 3(96B) AllocSpace objects, 0(0B) LOS objects, 22% free, 53MB/69MB, paused 821us total 32.723ms
08-03 18:34:21.579  4014  4253 I art     : Starting a blocking GC Explicit
08-03 18:34:21.614  4014  4253 I art     : Explicit concurrent mark sweep GC freed 3(96B) AllocSpace objects, 0(0B) LOS objects, 22% free, 53MB/69MB, paused 752us total 34.177ms
08-03 18:34:21.626  4014  4253 I art     : Starting a blocking GC Explicit
08-03 18:34:21.659  4014  4253 I art     : Explicit concurrent mark sweep GC freed 3(96B) AllocSpace objects, 0(0B) LOS objects, 22% free, 53MB/69MB, paused 768us total 32.626ms
08-03 18:34:22.000  4014  5613 I art     : Starting a blocking GC Explicit
08-03 18:34:22.046  4014  5613 I art     : Explicit concurrent mark sweep GC freed 1344(78KB) AllocSpace objects, 1(20KB) LOS objects, 22% free, 53MB/69MB, paused 789us total 45.475ms
08-03 18:34:22.065  4014  5613 I art     : Starting a blocking GC Explicit
08-03 18:34:22.094  4014  5613 I art     : Explicit concurrent mark sweep GC freed 20(704B) AllocSpace objects, 0(0B) LOS objects, 22% free, 53MB/69MB, paused 732us total 28.881ms
08-03 18:34:22.105  4014  5613 I art     : Starting a blocking GC Explicit
08-03 18:34:22.132  4014  5613 I art     : Explicit concurrent mark sweep GC freed 3(96B) AllocSpace objects, 0(0B) LOS objects, 22% free, 53MB/69MB, paused 725us total 26.975ms
08-03 18:34:22.143  4014  5613 I art     : Starting a blocking GC Explicit
08-03 18:34:22.171  4014  5613 I art     : Explicit concurrent mark sweep GC freed 3(96B) AllocSpace objects, 0(0B) LOS objects, 22% free, 53MB/69MB, paused 823us total 27.785ms
08-03 18:34:22.182  4014  5613 I art     : Starting a blocking GC Explicit
08-03 18:34:22.212  4014  5613 I art     : Explicit concurrent mark sweep GC freed 3(96B) AllocSpace objects, 0(0B) LOS objects, 22% free, 53MB/69MB, paused 757us total 29.546ms
08-03 18:34:22.212  4014  4025 I art     : WaitForGcToComplete blocked for 10.029ms for cause HeapTrim
08-03 18:34:22.543  4014  4026 I art     : Starting a blocking GC Explicit
08-03 18:34:22.580  4014  4026 I art     : Explicit concurrent mark sweep GC freed 1344(78KB) AllocSpace objects, 1(20KB) LOS objects, 22% free, 53MB/69MB, paused 838us total 37.469ms
08-03 18:34:22.595  4014  4026 I art     : Starting a blocking GC Explicit
08-03 18:34:22.625  8239  8239 D AndroidRuntime: >>>>>> START com.android.internal.os.RuntimeInit uid 2000 <<<<<<
08-03 18:34:22.628  4014  4026 I art     : Explicit concurrent mark sweep GC freed 20(704B) AllocSpace objects, 0(0B) LOS objects, 22% free, 53MB/69MB, paused 915us total 32.013ms
08-03 18:34:22.631  8239  8239 D AndroidRuntime: CheckJNI is OFF
08-03 18:34:22.639  4014  4026 I art     : Starting a blocking GC Explicit
08-03 18:34:22.670  4014  4026 I art     : Explicit concurrent mark sweep GC freed 3(96B) AllocSpace objects, 0(0B) LOS objects, 22% free, 53MB/69MB, paused 736us total 29.874ms
08-03 18:34:22.676  8239  8239 D ICU     : No timezone override file found: /data/misc/zoneinfo/current/icu/icu_tzdata.dat
08-03 18:34:22.681  4014  4026 I art     : Starting a blocking GC Explicit
08-03 18:34:22.713  4014  4026 I art     : Explicit concurrent mark sweep GC freed 3(96B) AllocSpace objects, 0(0B) LOS objects, 22% free, 53MB/69MB, paused 798us total 31.137ms
08-03 18:34:22.721  8239  8239 I Radio-JNI: register_android_hardware_Radio DONE
08-03 18:34:22.724  4014  4026 I art     : Starting a blocking GC Explicit
08-03 18:34:22.751  8239  8239 D AndroidRuntime: Calling main entry com.android.commands.input.Input
08-03 18:34:22.753  8239  8239 I Input   : injectKeyEvent: KeyEvent { action=ACTION_DOWN, keyCode=KEYCODE_BACK, scanCode=0, metaState=0, flags=0x0, repeatCount=0, eventTime=642879166, downTime=642879166, deviceId=-1, source=0x101 }
08-03 18:34:22.755  4014  4026 I art     : Explicit concurrent mark sweep GC freed 3(96B) AllocSpace objects, 0(0B) LOS objects, 22% free, 53MB/69MB, paused 827us total 30.916ms
08-03 18:34:22.761  8239  8239 I Input   : injectKeyEvent: KeyEvent { action=ACTION_UP, keyCode=KEYCODE_BACK, scanCode=0, metaState=0, flags=0x0, repeatCount=0, eventTime=642879166, downTime=642879166, deviceId=-1, source=0x101 }
08-03 18:34:22.767  8239  8239 D AndroidRuntime: Shutting down VM
08-03 18:34:22.804 13866 13866 I GoogleInputMethodServic: GoogleInputMethodService.onFinishInput():3138 
08-03 18:34:22.805 13866 13866 I GoogleInputMethodServic: GoogleInputMethodService.onStartInput():1808 
08-03 18:34:23.047  4014  4252 I art     : Starting a blocking GC Explicit
08-03 18:34:23.082  4014  4252 I art     : Explicit concurrent mark sweep GC freed 1524(85KB) AllocSpace objects, 1(20KB) LOS objects, 22% free, 53MB/69MB, paused 786us total 34.947ms
08-03 18:34:23.094  4014  4252 I art     : Starting a blocking GC Explicit
08-03 18:34:23.095   380   380 W SurfaceFlinger: couldn't log to binary event log: overflow.
08-03 18:34:23.123  4014  4252 I art     : Explicit concurrent mark sweep GC freed 134(9KB) AllocSpace objects, 0(0B) LOS objects, 22% free, 53MB/69MB, paused 728us total 28.869ms
08-03 18:34:23.134  4014  4252 I art     : Starting a blocking GC Explicit
08-03 18:34:23.162  4014  4252 I art     : Explicit concurrent mark sweep GC freed 1654(108KB) AllocSpace objects, 3(180KB) LOS objects, 23% free, 53MB/69MB, paused 706us total 27.338ms
08-03 18:34:23.173  4014  4252 I art     : Starting a blocking GC Explicit
08-03 18:34:23.203  4014  4252 I art     : Explicit concurrent mark sweep GC freed 3(96B) AllocSpace objects, 0(0B) LOS objects, 23% free, 53MB/69MB, paused 726us total 29.176ms
08-03 18:34:23.214  4014  4252 I art     : Starting a blocking GC Explicit
08-03 18:34:23.244  4014  4252 I art     : Explicit concurrent mark sweep GC freed 3(96B) AllocSpace objects, 0(0B) LOS objects, 23% free, 53MB/69MB, paused 747us total 29.792ms
08-03 18:34:23.562  4014  4253 I art     : Starting a blocking GC Explicit
08-03 18:34:23.605  4014  4253 I art     : Explicit concurrent mark sweep GC freed 1344(78KB) AllocSpace objects, 1(20KB) LOS objects, 23% free, 53MB/69MB, paused 816us total 42.150ms
08-03 18:34:23.620  4014  4253 I art     : Starting a blocking GC Explicit
08-03 18:34:23.654  4014  4253 I art     : Explicit concurrent mark sweep GC freed 20(704B) AllocSpace objects, 0(0B) LOS objects, 23% free, 53MB/69MB, paused 761us total 33.893ms
08-03 18:34:23.666  4014  4253 I art     : Starting a blocking GC Explicit
08-03 18:34:23.697  4014  4253 I art     : Explicit concurrent mark sweep GC freed 3(96B) AllocSpace objects, 0(0B) LOS objects, 23% free, 53MB/69MB, paused 757us total 30.096ms
08-03 18:34:23.708  4014  4253 I art     : Starting a blocking GC Explicit
08-03 18:34:23.739  4014  4253 I art     : Explicit concurrent mark sweep GC freed 3(96B) AllocSpace objects, 0(0B) LOS objects, 23% free, 53MB/69MB, paused 753us total 30.248ms
08-03 18:34:23.750  4014  4253 I art     : Starting a blocking GC Explicit
08-03 18:34:23.781  4014  4253 I art     : Explicit concurrent mark sweep GC freed 3(96B) AllocSpace objects, 0(0B) LOS objects, 23% free, 53MB/69MB, paused 727us total 29.903ms
08-03 18:34:24.090  4014  4027 I art     : Starting a blocking GC Explicit
08-03 18:34:24.121  4014  4027 I art     : Explicit concurrent mark sweep GC freed 1344(78KB) AllocSpace objects, 1(20KB) LOS objects, 23% free, 53MB/69MB, paused 820us total 30.480ms
08-03 18:34:24.136  4014  4027 I art     : Starting a blocking GC Explicit
08-03 18:34:24.165  4014  4027 I art     : Explicit concurrent mark sweep GC freed 20(704B) AllocSpace objects, 0(0B) LOS objects, 23% free, 53MB/69MB, paused 805us total 28.832ms
08-03 18:34:24.176  4014  4027 I art     : Starting a blocking GC Explicit
08-03 18:34:24.205  4014  4027 I art     : Explicit concurrent mark sweep GC freed 3(96B) AllocSpace objects, 0(0B) LOS objects, 23% free, 53MB/69MB, paused 727us total 28.591ms
08-03 18:34:24.217  4014  4027 I art     : Starting a blocking GC Explicit
08-03 18:34:24.245  4014  4027 I art     : Explicit concurrent mark sweep GC freed 3(96B) AllocSpace objects, 0(0B) LOS objects, 23% free, 53MB/69MB, paused 745us total 28.600ms
08-03 18:34:24.257  4014  4027 I art     : Starting a blocking GC Explicit
08-03 18:34:24.286  4014  4027 I art     : Explicit concurrent mark sweep GC freed 3(96B) AllocSpace objects, 0(0B) LOS objects, 23% free, 53MB/69MB, paused 745us total 28.725ms
08-03 18:34:24.549  8288  8288 D AndroidRuntime: >>>>>> START com.android.internal.os.RuntimeInit uid 2000 <<<<<<
08-03 18:34:24.556  8288  8288 D AndroidRuntime: CheckJNI is OFF
08-03 18:34:24.600  8288  8288 D ICU     : No timezone override file found: /data/misc/zoneinfo/current/icu/icu_tzdata.dat
08-03 18:34:24.611  4014  5613 I art     : Starting a blocking GC Explicit
08-03 18:34:24.643  4014  5613 I art     : Explicit concurrent mark sweep GC freed 1344(78KB) AllocSpace objects, 1(20KB) LOS objects, 23% free, 53MB/69MB, paused 817us total 31.107ms
08-03 18:34:24.648  8288  8288 I Radio-JNI: register_android_hardware_Radio DONE
08-03 18:34:24.654  4014  5613 I art     : Starting a blocking GC Explicit
08-03 18:34:24.679  8288  8288 D AndroidRuntime: Calling main entry com.android.commands.input.Input
08-03 18:34:24.681  8288  8288 I Input   : injectKeyEvent: KeyEvent { action=ACTION_DOWN, keyCode=KEYCODE_BACK, scanCode=0, metaState=0, flags=0x0, repeatCount=0, eventTime=642881094, downTime=642881094, deviceId=-1, source=0x101 }
08-03 18:34:24.685  4014  5613 I art     : Explicit concurrent mark sweep GC freed 20(704B) AllocSpace objects, 0(0B) LOS objects, 23% free, 53MB/69MB, paused 714us total 30.938ms
08-03 18:34:24.688  8288  8288 I Input   : injectKeyEvent: KeyEvent { action=ACTION_UP, keyCode=KEYCODE_BACK, scanCode=0, metaState=0, flags=0x0, repeatCount=0, eventTime=642881094, downTime=642881094, deviceId=-1, source=0x101 }
08-03 18:34:24.695  8288  8288 D AndroidRuntime: Shutting down VM
08-03 18:34:24.697  4014  5613 I art     : Starting a blocking GC Explicit
08-03 18:34:24.724  4014  5613 I art     : Explicit concurrent mark sweep GC freed 150(6KB) AllocSpace objects, 0(0B) LOS objects, 23% free, 53MB/69MB, paused 694us total 27.018ms
08-03 18:34:24.734  4014  5613 I art     : Starting a blocking GC Explicit
08-03 18:34:24.738 13866 13866 I GoogleInputMethodServic: GoogleInputMethodService.onFinishInput():3138 
08-03 18:34:24.739 13866 13866 I GoogleInputMethodServic: GoogleInputMethodService.onStartInput():1808 
08-03 18:34:24.762  4014  5613 I art     : Explicit concurrent mark sweep GC freed 61(2128B) AllocSpace objects, 0(0B) LOS objects, 23% free, 53MB/69MB, paused 733us total 27.301ms
08-03 18:34:24.773  4014  5613 I art     : Starting a blocking GC Explicit
08-03 18:34:24.800  4014  5613 I art     : Explicit concurrent mark sweep GC freed 11(416B) AllocSpace objects, 0(0B) LOS objects, 23% free, 53MB/69MB, paused 651us total 25.956ms
08-03 18:34:25.089  4014  4252 I art     : Starting a blocking GC Explicit
08-03 18:34:25.120  4014  4252 I art     : Explicit concurrent mark sweep GC freed 2020(110KB) AllocSpace objects, 1(20KB) LOS objects, 23% free, 53MB/69MB, paused 796us total 31.002ms
08-03 18:34:25.132  4014  4252 I art     : Starting a blocking GC Explicit
08-03 18:34:25.161  4014  4252 I art     : Explicit concurrent mark sweep GC freed 2678(174KB) AllocSpace objects, 1(28KB) LOS objects, 23% free, 53MB/69MB, paused 745us total 29.496ms
08-03 18:34:25.173  4014  4252 I art     : Starting a blocking GC Explicit
08-03 18:34:25.201  4014  4252 I art     : Explicit concurrent mark sweep GC freed 3(96B) AllocSpace objects, 0(0B) LOS objects, 23% free, 53MB/69MB, paused 746us total 27.985ms
08-03 18:34:25.212  4014  4252 I art     : Starting a blocking GC Explicit
08-03 18:34:25.242  4014  4252 I art     : Explicit concurrent mark sweep GC freed 3(96B) AllocSpace objects, 0(0B) LOS objects, 23% free, 53MB/69MB, paused 742us total 28.952ms
08-03 18:34:25.253  4014  4252 I art     : Starting a blocking GC Explicit
08-03 18:34:25.282  4014  4252 I art     : Explicit concurrent mark sweep GC freed 3(96B) AllocSpace objects, 0(0B) LOS objects, 23% free, 53MB/69MB, paused 734us total 28.864ms
08-03 18:34:25.585  4014  4027 I art     : Starting a blocking GC Explicit
08-03 18:34:25.622  4014  4027 I art     : Explicit concurrent mark sweep GC freed 1344(78KB) AllocSpace objects, 1(20KB) LOS objects, 23% free, 53MB/69MB, paused 834us total 36.715ms
08-03 18:34:25.638  4014  4027 I art     : Starting a blocking GC Explicit
08-03 18:34:25.667  4014  4027 I art     : Explicit concurrent mark sweep GC freed 20(704B) AllocSpace objects, 0(0B) LOS objects, 23% free, 53MB/69MB, paused 823us total 28.902ms
08-03 18:34:25.679  4014  4027 I art     : Starting a blocking GC Explicit
08-03 18:34:25.707  4014  4027 I art     : Explicit concurrent mark sweep GC freed 3(96B) AllocSpace objects, 0(0B) LOS objects, 23% free, 53MB/69MB, paused 875us total 28.443ms
08-03 18:34:25.719  4014  4027 I art     : Starting a blocking GC Explicit
08-03 18:34:25.748  4014  4027 I art     : Explicit concurrent mark sweep GC freed 3(96B) AllocSpace objects, 0(0B) LOS objects, 23% free, 53MB/69MB, paused 789us total 28.884ms
08-03 18:34:25.759  4014  4027 I art     : Starting a blocking GC Explicit
08-03 18:34:25.788  4014  4027 I art     : Explicit concurrent mark sweep GC freed 3(96B) AllocSpace objects, 0(0B) LOS objects, 23% free, 53MB/69MB, paused 769us total 28.800ms
08-03 18:34:26.080  4014  4026 I art     : Starting a blocking GC Explicit
08-03 18:34:26.111  4014  4026 I art     : Explicit concurrent mark sweep GC freed 1341(78KB) AllocSpace objects, 1(20KB) LOS objects, 23% free, 53MB/69MB, paused 715us total 30.982ms
08-03 18:34:26.122  4014  4026 I art     : Starting a blocking GC Explicit
08-03 18:34:26.150  4014  4026 I art     : Explicit concurrent mark sweep GC freed 20(704B) AllocSpace objects, 0(0B) LOS objects, 23% free, 53MB/69MB, paused 737us total 28.017ms
08-03 18:34:26.161  4014  4026 I art     : Starting a blocking GC Explicit
08-03 18:34:26.189  4014  4026 I art     : Explicit concurrent mark sweep GC freed 3(96B) AllocSpace objects, 0(0B) LOS objects, 23% free, 53MB/69MB, paused 765us total 27.781ms
08-03 18:34:26.201  4014  4026 I art     : Starting a blocking GC Explicit
08-03 18:34:26.228  4014  4026 I art     : Explicit concurrent mark sweep GC freed 3(96B) AllocSpace objects, 0(0B) LOS objects, 23% free, 53MB/69MB, paused 773us total 27.087ms
08-03 18:34:26.239  4014  4026 I art     : Starting a blocking GC Explicit
08-03 18:34:26.266  4014  4026 I art     : Explicit concurrent mark sweep GC freed 3(96B) AllocSpace objects, 0(0B) LOS objects, 23% free, 53MB/69MB, paused 738us total 26.652ms
08-03 18:34:26.527  8345  8345 D AndroidRuntime: >>>>>> START com.android.internal.os.RuntimeInit uid 2000 <<<<<<
08-03 18:34:26.533  8345  8345 D AndroidRuntime: CheckJNI is OFF
08-03 18:34:26.575  8345  8345 D ICU     : No timezone override file found: /data/misc/zoneinfo/current/icu/icu_tzdata.dat
08-03 18:34:26.599  4014  4253 I art     : Starting a blocking GC Explicit
08-03 18:34:26.619  8345  8345 I Radio-JNI: register_android_hardware_Radio DONE
08-03 18:34:26.628  4014  4253 I art     : Explicit concurrent mark sweep GC freed 1341(78KB) AllocSpace objects, 1(20KB) LOS objects, 23% free, 53MB/69MB, paused 945us total 28.634ms
08-03 18:34:26.639  4014  4253 I art     : Starting a blocking GC Explicit
08-03 18:34:26.648  8345  8345 D AndroidRuntime: Calling main entry com.android.commands.am.Am
08-03 18:34:26.663 29687 29687 I Trepn   : Trepn 6.2s: Received intent: com.quicinc.trepn.stop_profiling
08-03 18:34:26.668  4014  4253 I art     : Explicit concurrent mark sweep GC freed 20(704B) AllocSpace objects, 0(0B) LOS objects, 23% free, 53MB/69MB, paused 1.037ms total 28.592ms
08-03 18:34:26.679  4014  4253 I art     : Starting a blocking GC Explicit
08-03 18:34:26.704 29687 29687 I Trepn   : Trepn 6.2s: Trepn has Stopped Profiling.
08-03 18:34:26.705  4014  4253 I art     : Explicit concurrent mark sweep GC freed 3(96B) AllocSpace objects, 0(0B) LOS objects, 23% free, 53MB/69MB, paused 670us total 25.543ms
08-03 18:34:26.716  4014  4253 I art     : Starting a blocking GC Explicit
08-03 18:34:26.742  4014  4253 I art     : Explicit concurrent mark sweep GC freed 3(96B) AllocSpace objects, 0(0B) LOS objects, 23% free, 53MB/69MB, paused 705us total 25.928ms
08-03 18:34:26.753  4014  4253 I art     : Starting a blocking GC Explicit
08-03 18:34:26.781  4014  4253 I art     : Explicit concurrent mark sweep GC freed 3(96B) AllocSpace objects, 0(0B) LOS objects, 23% free, 53MB/69MB, paused 727us total 28.071ms
08-03 18:34:26.905  8345  8345 D AndroidRuntime: Shutting down VM
08-03 18:34:26.912   918  3359 W AppOps  : Finishing op nesting under-run: uid 10078 pkg com.quicinc.trepn code 24 time=0 duration=0 nesting=0
08-03 18:34:27.084  4014  5613 I art     : Starting a blocking GC Explicit
08-03 18:34:27.119  4014  5613 I art     : Explicit concurrent mark sweep GC freed 1341(78KB) AllocSpace objects, 1(20KB) LOS objects, 23% free, 53MB/69MB, paused 792us total 34.207ms
08-03 18:34:27.130  4014  5613 I art     : Starting a blocking GC Explicit
08-03 18:34:27.157  4014  5613 I art     : Explicit concurrent mark sweep GC freed 20(704B) AllocSpace objects, 0(0B) LOS objects, 23% free, 53MB/69MB, paused 796us total 27.533ms
08-03 18:34:27.169  4014  5613 I art     : Starting a blocking GC Explicit
08-03 18:34:27.196  4014  5613 I art     : Explicit concurrent mark sweep GC freed 3(96B) AllocSpace objects, 0(0B) LOS objects, 23% free, 53MB/69MB, paused 710us total 27.566ms
08-03 18:34:27.208  4014  5613 I art     : Starting a blocking GC Explicit
08-03 18:34:27.234  4014  5613 I art     : Explicit concurrent mark sweep GC freed 3(96B) AllocSpace objects, 0(0B) LOS objects, 23% free, 53MB/69MB, paused 687us total 26.262ms
08-03 18:34:27.245  4014  5613 I art     : Starting a blocking GC Explicit
08-03 18:34:27.272  4014  5613 I art     : Explicit concurrent mark sweep GC freed 3(96B) AllocSpace objects, 0(0B) LOS objects, 23% free, 53MB/69MB, paused 712us total 26.774ms
08-03 18:34:29.669   918  3261 D WifiStateMachine: starting scan for "H369AA63323"WPA_PSK with 2412,5180
