--------- beginning of main
08-03 21:20:12.710  3784  3784 D CarrierServiceBindHelper: Receive action: android.intent.action.PACKAGE_REMOVED
08-03 21:20:12.726   918   930 W ResourceType: ResTable_typeSpec entry count inconsistent: given 37, previously 42
08-03 21:20:12.726   918   930 W ResourceType: ResTable_typeSpec entry count inconsistent: given 2527, previously 2530
08-03 21:20:12.727   918   930 W ResourceType: ResTable_typeSpec entry count inconsistent: given 2542, previously 2545
08-03 21:20:12.727   918   930 W ResourceType: ResTable_typeSpec entry count inconsistent: given 303, previously 1691
08-03 21:20:12.737 24365 17879 I Fitness : FitCleanupIntentOperation received Intent android.intent.action.PACKAGE_REMOVED [CONTEXT service_id=17 ]
08-03 21:20:12.785 18789 18789 I Finsky  : [1] uah.a(18): PackageMonitorReceiverImpl - Received: android.intent.action.PACKAGE_REMOVED, [qwMcuNBrFniC8-RDXX5ag0-NcINAqoCZ39aYv0Km7OY]
08-03 21:20:12.786 18789 18789 I Finsky  : [1] ubi.d(9): Invalidating cached PackageState for nappatfpr.io.github.hidroh.materialistic
08-03 21:20:12.787 18789 18789 I Finsky  : [1] ubi.j(3): Package no longer installed: nappatfpr.io.github.hidroh.materialistic
08-03 21:20:12.789 18789 18789 I Finsky  : [1] nqb.c(3): Installer: package nappatfpr.io.github.hidroh.materialistic was removed. replacing: false
08-03 21:20:12.790 18789 18789 I Finsky  : [1] nra.a(188): Installer: Notifying status update. package=nappatfpr.io.github.hidroh.materialistic, status=UNINSTALLED
08-03 21:20:12.810 18789 18789 I Finsky  : [1] agsx.a(4): Do not start WearSupportService due to Wear service optimization
08-03 21:20:12.811   918  3961 I AccountManagerService: getTypesVisibleToCaller: isPermitted? true
08-03 21:20:12.814 18789 18789 I Finsky  : [1] agsx.a(4): Do not start WearSupportService due to Wear service optimization
08-03 21:20:12.842 18789 18789 I Finsky  : [1] zko.a(1): Clearing split related stale data.
08-03 21:20:12.849 18789 17893 I Finsky  : [5892] eji.a(-1): Asset module storage cleared for package nappatfpr.io.github.hidroh.materialistic.
08-03 21:20:12.850 18789 18789 I Finsky  : [1] ubi.j(3): Package no longer installed: nappatfpr.io.github.hidroh.materialistic
08-03 21:20:12.884 24577  9205 I ContentMaintenance: Internal cache bytes used: 0; limit: 100000000; download size: 0
08-03 21:20:12.947 18789 18789 I Finsky  : [1] nra.a(220): Installer: found apps to install. isMultiUserMode=false, apps=[]
08-03 21:20:12.963 24577 14404 I Icing   : doRemovePackageData nappatfpr.io.github.hidroh.materialistic
08-03 21:20:12.984 18789 18789 I Finsky  : [1] uah.a(18): PackageMonitorReceiverImpl - Received: android.intent.action.PACKAGE_FULLY_REMOVED, [qwMcuNBrFniC8-RDXX5ag0-NcINAqoCZ39aYv0Km7OY]
08-03 21:20:12.984 18789 18789 I Finsky  : [1] ubi.d(9): Invalidating cached PackageState for nappatfpr.io.github.hidroh.materialistic
08-03 21:20:12.985 18789 18789 I Finsky  : [1] ubi.j(3): Package no longer installed: nappatfpr.io.github.hidroh.materialistic
08-03 21:20:12.986 18789 18789 I Finsky  : [1] uah.a(21): PackageMonitorReceiverImpl - Deduping intent android.intent.action.PACKAGE_FULLY_REMOVED
08-03 21:20:13.013 24577  9205 I RealtimeCacheCleanup: Beginning Realtime garbage collection.
08-03 21:20:13.014 24577  9205 I RealtimeCacheCleanup: Finished Realtime garbage collection.
08-03 21:20:13.014 18789 17887 I Finsky  : [5890] lyx.run(-1): Frosting DB delete succeeded: true
08-03 21:20:13.015 18789 17887 I Finsky  : [5890] lyx.run(-1): Frosting DB delete succeeded: false
08-03 21:20:13.017 18789 18981 I Finsky  : [5590] odj.b(52): IQ: Notifying installation update. package=nappatfpr.io.github.hidroh.materialistic, status=UNINSTALLED
08-03 21:20:13.025 24577 13316 I Icing   : IndexChimeraService.getServiceInterface callingPackage=com.google.android.gms componentName=AppsCorpus serviceId=36
08-03 21:20:13.043 18789 17887 I Finsky  : [5890] lyx.run(-1): Frosting DB delete succeeded: false
08-03 21:20:13.055 18789 18981 I Finsky  : [5590] odj.b(40): IQ: No matching installs to run for jobs: []
08-03 21:20:13.084 24577 14404 W Icing   : No valid account for uploading user actions
08-03 21:20:13.112 24577 14404 I Icing   : Usage reports ok 0, Failed Usage reports 0, indexed 0, rejected 0
08-03 21:20:13.114 24577 13293 I Icing   : IndexChimeraService.getServiceInterface callingPackage=com.google.android.gms componentName=null serviceId=30
08-03 21:20:13.114 24577 13316 I Icing   : IndexChimeraService.getServiceInterface callingPackage=com.google.android.gms componentName=null serviceId=36
08-03 21:20:13.123 18789 18789 I Finsky  : [1] xmu.a(8): SCH: Jobs in database: 1-1337 3-181 3-182 12-1 26-1414141414 
08-03 21:20:13.125 18789 18789 I Finsky  : [1] xio.a(57): SCH: ConstraintMapping: 1-1337, 12-1,  -> L: 14723ms, D: 45939782ms, C: false, I: false, N: 1
08-03 21:20:13.127 18789 18789 I Finsky  : [1] xio.a(57): SCH: ConstraintMapping: 3-181,  -> L: 0ms, D: 77196089ms, C: false, I: true, N: 2
08-03 21:20:13.128 18789 18789 I Finsky  : [1] xio.a(57): SCH: ConstraintMapping: 3-182,  -> L: 0ms, D: 77196162ms, C: true, I: true, N: 2
08-03 21:20:13.128 18789 18789 I Finsky  : [1] xio.a(57): SCH: ConstraintMapping: 26-1414141414,  -> L: 6812030ms, D: 7712030ms, C: false, I: false, N: 0
08-03 21:20:13.130 18789 17892 I Finsky  : [5891] gzn.a(-1): [ContentSync] finished, scheduled=true
08-03 21:20:13.138 24577 12906 W Icing   : No valid account for uploading user actions
08-03 21:20:13.148 18789 18789 I Finsky  : [1] xle.a(34): Cancelling existing jobscheduler jobs: 9001 9013 9011 9015 9012 9010 9014 9006 
08-03 21:20:13.149 24577 12906 I Icing   : Usage reports ok 0, Failed Usage reports 0, indexed 0, rejected 0
08-03 21:20:13.149 18789 18789 I Finsky  : [1] xle.a(27): Scheduling job Id: 9000, L: 14723, D: 45939782, C: false, I: false, N: 1
08-03 21:20:13.151 18789 18789 I Finsky  : [1] xle.a(27): Scheduling job Id: 9002, L: 0, D: 77196089, C: false, I: true, N: 2
08-03 21:20:13.152 24577 12906 W Icing   : No valid account for uploading user actions
08-03 21:20:13.152 18789 18789 I Finsky  : [1] xle.a(27): Scheduling job Id: 9003, L: 0, D: 77196162, C: true, I: true, N: 2
08-03 21:20:13.153 18789 18789 I Finsky  : [1] xle.a(27): Scheduling job Id: 9004, L: 6812030, D: 7712030, C: false, I: false, N: 0
08-03 21:20:13.155 18789 18789 I Finsky  : [1] xle.a(27): Scheduling job Id: 9005, L: 14723, D: 45939782, C: false, I: false, N: 1
08-03 21:20:13.156 18789 18789 I Finsky  : [1] xle.a(27): Scheduling job Id: 9007, L: 0, D: 77196089, C: false, I: true, N: 2
08-03 21:20:13.159 18789 18789 I Finsky  : [1] xle.a(27): Scheduling job Id: 9008, L: 0, D: 77196162, C: true, I: true, N: 2
08-03 21:20:13.160 18789 18789 I Finsky  : [1] xle.a(27): Scheduling job Id: 9009, L: 6812030, D: 7712030, C: false, I: false, N: 0
08-03 21:20:13.167 24577 12906 I Icing   : Usage reports ok 0, Failed Usage reports 0, indexed 0, rejected 0
08-03 21:20:13.519 17916 17916 D AndroidRuntime: >>>>>> START com.android.internal.os.RuntimeInit uid 2000 <<<<<<
08-03 21:20:13.526 17916 17916 D AndroidRuntime: CheckJNI is OFF
08-03 21:20:13.560 17916 17916 D ICU     : No timezone override file found: /data/misc/zoneinfo/current/icu/icu_tzdata.dat
08-03 21:20:13.601 17916 17916 I Radio-JNI: register_android_hardware_Radio DONE
08-03 21:20:13.620 17916 17916 D AndroidRuntime: Calling main entry com.android.commands.monkey.Monkey
--------- beginning of system
08-03 21:20:13.637   918   931 W BroadcastQueue: Skipping deliver [background] BroadcastRecord{94a025 u-1 android.net.conn.CONNECTIVITY_CHANGE} to ReceiverList{9b1a5fa 17916 (unknown name)/2000/u-1 remote:6fee18f}: process crashing
08-03 21:20:13.649   918   928 I ActivityManager: START u0 {act=android.intent.action.MAIN cat=[android.intent.category.LAUNCHER] flg=0x10200000 cmp=baseline.appteam.nith.hillffair/.activities.SplashActivity} from uid 2000 on display 0
08-03 21:20:13.675   918  5481 I ActivityManager: Start proc 17925:baseline.appteam.nith.hillffair/u0a624 for activity baseline.appteam.nith.hillffair/.activities.SplashActivity
08-03 21:20:13.678 17925 17925 I art     : Late-enabling -Xcheck:jni
08-03 21:20:13.680 17916 17916 I art     : System.exit called, status: 0
08-03 21:20:13.680 17916 17916 I AndroidRuntime: VM exiting with result code 0.
08-03 21:20:13.757  6202  6095 I PBSessionCacheImpl: Deleted sessionId[27278280657311515] from persistence.
08-03 21:20:13.767  6202  6241 W SearchServiceCore: Abort, client detached.
08-03 21:20:13.768  6202  6241 I MicroDetectionState: Should stop hotword detection immediately - true
08-03 21:20:13.787 17925 17925 W System  : ClassLoader referenced unknown path: /data/app/baseline.appteam.nith.hillffair-1/lib/arm64
08-03 21:20:13.862 17925 17925 W OneSignal: GCM Library detected, please upgrade to Firebase FCM library as GCM is deprecated!
08-03 21:20:13.950 17925 17925 W art     : Before Android 4.1, method android.graphics.PorterDuffColorFilter androidx.vectordrawable.graphics.drawable.VectorDrawableCompat.updateTintFilter(android.graphics.PorterDuffColorFilter, android.content.res.ColorStateList, android.graphics.PorterDuff$Mode) would have incorrectly overridden the package-private method in android.graphics.drawable.Drawable
08-03 21:20:13.976 17925 17925 I art     : Rejecting re-init on previously-failed class java.lang.Class<androidx.core.view.ViewCompat$2>
08-03 21:20:13.976 17925 17925 I art     : Rejecting re-init on previously-failed class java.lang.Class<androidx.core.view.ViewCompat$2>
08-03 21:20:14.021 17925 17948 D OpenGLRenderer: Use EGL_SWAP_BEHAVIOR_PRESERVED: true
08-03 21:20:14.058 17925 17948 I Adreno  : QUALCOMM build                   : fcf4852, I1af360237c
08-03 21:20:14.058 17925 17948 I Adreno  : Build Date                       : 09/23/15
08-03 21:20:14.058 17925 17948 I Adreno  : OpenGL ES Shader Compiler Version: XE031.05.13.02
08-03 21:20:14.058 17925 17948 I Adreno  : Local Branch                     : mybranch14465806
08-03 21:20:14.058 17925 17948 I Adreno  : Remote Branch                    : quic/LA.BF64.1.2.9_v2
08-03 21:20:14.058 17925 17948 I Adreno  : Remote Branch                    : NONE
08-03 21:20:14.058 17925 17948 I Adreno  : Reconstruct Branch               : NOTHING
08-03 21:20:14.064 17925 17948 I OpenGLRenderer: Initialized EGL, version 1.4
08-03 21:20:14.095 13866 13866 I GoogleInputMethodServic: GoogleInputMethodService.onFinishInput():3138 
08-03 21:20:14.096 13866 13866 I GoogleInputMethodServic: GoogleInputMethodService.onStartInput():1808 
08-03 21:20:14.114 24577 12906 I Icing   : Indexing com.google.android.gms-apps from com.google.android.gms
08-03 21:20:14.125 24577 12906 I Icing   : Indexing done com.google.android.gms-apps
08-03 21:20:14.130   918   936 I ActivityManager: Displayed baseline.appteam.nith.hillffair/.activities.SplashActivity: +473ms
08-03 21:20:14.246 16351 16351 I Atfwd_Sendcmd: AtCmdFwd service not ready - Exhausted retry attempts - :6
08-03 21:20:14.246 16351 16351 I Atfwd_Daemon: result : -1 	 ,Init step :2 	 ,qmiErrorCode: 0
08-03 21:20:14.317 17925 17962 W GCM     : GCM SDK is deprecated, baseline.appteam.nith.hillffair should update to use FCM
08-03 21:20:14.364 24365 30222 W Conscrypt: Could not set socket write timeout: java.net.SocketException: Socket closed
08-03 21:20:14.364 24365 30222 E art     : invalid stream - problem with parameter iterator in /data/app/com.google.android.gms-2/base.apk:classes3.dex for method void com.google.android.gms.org.conscrypt.ConscryptFileDescriptorSocket.setSoWriteTimeout(int)
08-03 21:20:14.372 24365 30222 W Conscrypt: 	at com.google.android.gms.org.conscrypt.Platform.setSocketWriteTimeout(:com.google.android.gms@202614019@20.26.14 (040400-320008519):2)
08-03 21:20:14.372 24365 30222 W Conscrypt: 	at com.google.android.gms.org.conscrypt.ConscryptFileDescriptorSocket.setSoWriteTimeout(:com.google.android.gms@202614019@20.26.14 (040400-320008519))
08-03 21:20:14.391 24365 30222 W Conscrypt: Could not set socket write timeout: java.net.SocketException: Socket closed
08-03 21:20:14.391 24365 30222 E art     : invalid stream - problem with parameter iterator in /data/app/com.google.android.gms-2/base.apk:classes3.dex for method void com.google.android.gms.org.conscrypt.ConscryptFileDescriptorSocket.setSoWriteTimeout(int)
08-03 21:20:14.392 24365 30222 W Conscrypt: 	at com.google.android.gms.org.conscrypt.Platform.setSocketWriteTimeout(:com.google.android.gms@202614019@20.26.14 (040400-320008519):2)
08-03 21:20:14.392 24365 30222 W Conscrypt: 	at com.google.android.gms.org.conscrypt.ConscryptFileDescriptorSocket.setSoWriteTimeout(:com.google.android.gms@202614019@20.26.14 (040400-320008519))
08-03 21:20:14.457 24365 30222 W Conscrypt: Could not set socket write timeout: java.net.SocketException: Socket closed
08-03 21:20:14.457 24365 30222 E art     : invalid stream - problem with parameter iterator in /data/app/com.google.android.gms-2/base.apk:classes3.dex for method void com.google.android.gms.org.conscrypt.ConscryptFileDescriptorSocket.setSoWriteTimeout(int)
08-03 21:20:14.457 24365 30222 W Conscrypt: 	at com.google.android.gms.org.conscrypt.Platform.setSocketWriteTimeout(:com.google.android.gms@202614019@20.26.14 (040400-320008519):2)
08-03 21:20:14.457 24365 30222 W Conscrypt: 	at com.google.android.gms.org.conscrypt.ConscryptFileDescriptorSocket.setSoWriteTimeout(:com.google.android.gms@202614019@20.26.14 (040400-320008519))
08-03 21:20:14.474 24365 30222 W Conscrypt: Could not set socket write timeout: java.net.SocketException: Socket closed
08-03 21:20:14.474 24365 30222 E art     : invalid stream - problem with parameter iterator in /data/app/com.google.android.gms-2/base.apk:classes3.dex for method void com.google.android.gms.org.conscrypt.ConscryptFileDescriptorSocket.setSoWriteTimeout(int)
08-03 21:20:14.475 24365 30222 W Conscrypt: 	at com.google.android.gms.org.conscrypt.Platform.setSocketWriteTimeout(:com.google.android.gms@202614019@20.26.14 (040400-320008519):2)
08-03 21:20:14.475 24365 30222 W Conscrypt: 	at com.google.android.gms.org.conscrypt.ConscryptFileDescriptorSocket.setSoWriteTimeout(:com.google.android.gms@202614019@20.26.14 (040400-320008519))
08-03 21:20:14.622 17925 17962 E OneSignal: Error Getting GCM Token
08-03 21:20:14.622 17925 17962 E OneSignal: java.io.IOException: INVALID_SENDER
08-03 21:20:14.622 17925 17962 E OneSignal: 	at com.google.android.gms.gcm.GoogleCloudMessaging.zzd(Unknown Source)
08-03 21:20:14.622 17925 17962 E OneSignal: 	at com.google.android.gms.gcm.GoogleCloudMessaging.register(Unknown Source)
08-03 21:20:14.622 17925 17962 E OneSignal: 	at com.onesignal.PushRegistratorGCM.getToken(PushRegistratorGCM.java:42)
08-03 21:20:14.622 17925 17962 E OneSignal: 	at com.onesignal.PushRegistratorAbstractGoogle.attemptRegistration(PushRegistratorAbstractGoogle.java:97)
08-03 21:20:14.622 17925 17962 E OneSignal: 	at com.onesignal.PushRegistratorAbstractGoogle.access$100(PushRegistratorAbstractGoogle.java:37)
08-03 21:20:14.622 17925 17962 E OneSignal: 	at com.onesignal.PushRegistratorAbstractGoogle$1.run(PushRegistratorAbstractGoogle.java:84)
08-03 21:20:14.622 17925 17962 E OneSignal: 	at java.lang.Thread.run(Thread.java:818)
08-03 21:20:14.636 17925 17966 I art     : Rejecting re-init on previously-failed class java.lang.Class<com.onesignal.OneSignalChromeTab$OneSignalCustomTabsServiceConnection>
08-03 21:20:14.636 17925 17966 I art     : Rejecting re-init on previously-failed class java.lang.Class<com.onesignal.OneSignalChromeTab$OneSignalCustomTabsServiceConnection>
08-03 21:20:14.842   918   930 I UsageStatsService: User[0] Flushing usage stats to disk
08-03 21:20:15.245 17977 17977 D AndroidRuntime: >>>>>> START com.android.internal.os.RuntimeInit uid 2000 <<<<<<
08-03 21:20:15.251 17977 17977 D AndroidRuntime: CheckJNI is OFF
08-03 21:20:15.283 17977 17977 D ICU     : No timezone override file found: /data/misc/zoneinfo/current/icu/icu_tzdata.dat
08-03 21:20:15.316 17977 17977 I Radio-JNI: register_android_hardware_Radio DONE
08-03 21:20:15.334 17977 17977 D AndroidRuntime: Calling main entry com.android.commands.am.Am
08-03 21:20:15.345 29687 29687 I Trepn   : Trepn 6.2s: Received intent: com.quicinc.trepn.start_profiling
08-03 21:20:15.442 29687 29687 W FileUtils: Failed to chmod(/storage/emulated/0/trepn/Trepn_2020.08.03_212015.db): android.system.ErrnoException: chmod failed: EPERM (Operation not permitted)
08-03 21:20:15.510   918  6110 I ActivityManager: START u0 {cmp=baseline.appteam.nith.hillffair/.activities.WelcomeActivity} from uid 10624 on display 0
08-03 21:20:15.530 29687 29687 I Trepn   : Trepn 6.2s: Trepn has Started Profiling.
08-03 21:20:15.531 17977 17977 D AndroidRuntime: Shutting down VM
08-03 21:20:15.532   918  5132 I ActivityManager: START u0 {cmp=baseline.appteam.nith.hillffair/.activities.HomeActivity} from uid 10624 on display 0
08-03 21:20:15.547   918   928 W ActivityManager: Duplicate finish request for ActivityRecord{719dfbd u0 baseline.appteam.nith.hillffair/.activities.WelcomeActivity t3762 f}
08-03 21:20:15.971 17925 17937 I art     : Starting a blocking GC Explicit
08-03 21:20:15.983 17925 17937 I art     : Explicit concurrent mark sweep GC freed 3427(539KB) AllocSpace objects, 0(0B) LOS objects, 25% free, 47MB/63MB, paused 184us total 12.609ms
08-03 21:20:15.989 17925 17937 I art     : Starting a blocking GC Explicit
08-03 21:20:16.000 17925 17937 I art     : Explicit concurrent mark sweep GC freed 311(15KB) AllocSpace objects, 0(0B) LOS objects, 25% free, 47MB/63MB, paused 160us total 10.449ms
08-03 21:20:16.005 17925 17937 I art     : Starting a blocking GC Explicit
08-03 21:20:16.017 17925 17937 I art     : Explicit concurrent mark sweep GC freed 46(18KB) AllocSpace objects, 0(0B) LOS objects, 24% free, 48MB/64MB, paused 170us total 11.522ms
08-03 21:20:16.019   918   936 I ActivityManager: Displayed baseline.appteam.nith.hillffair/.activities.HomeActivity: +433ms (total +500ms)
08-03 21:20:16.020 13866 13866 I GoogleInputMethodServic: GoogleInputMethodService.onFinishInput():3138 
08-03 21:20:16.021 13866 13866 I GoogleInputMethodServic: GoogleInputMethodService.onStartInput():1808 
08-03 21:20:16.022 17925 17937 I art     : Starting a blocking GC Explicit
08-03 21:20:16.033 17925 17937 I art     : Explicit concurrent mark sweep GC freed 130(22KB) AllocSpace objects, 0(0B) LOS objects, 24% free, 48MB/64MB, paused 149us total 10.732ms
08-03 21:20:16.040 17925 17937 I art     : Starting a blocking GC Explicit
08-03 21:20:16.053 17925 17937 I art     : Explicit concurrent mark sweep GC freed 53(1904B) AllocSpace objects, 0(0B) LOS objects, 24% free, 48MB/64MB, paused 143us total 12.306ms
08-03 21:20:16.251   380   380 W SurfaceFlinger: couldn't log to binary event log: overflow.
08-03 21:20:16.340 17925 17937 I art     : Starting a blocking GC Explicit
08-03 21:20:16.355 17925 17937 I art     : Explicit concurrent mark sweep GC freed 1418(84KB) AllocSpace objects, 1(20KB) LOS objects, 24% free, 48MB/64MB, paused 170us total 14.824ms
08-03 21:20:16.363 17925 17937 I art     : Starting a blocking GC Explicit
08-03 21:20:16.376 17925 17937 I art     : Explicit concurrent mark sweep GC freed 1005(70KB) AllocSpace objects, 0(0B) LOS objects, 25% free, 47MB/63MB, paused 155us total 13.495ms
08-03 21:20:16.383 17925 17937 I art     : Starting a blocking GC Explicit
08-03 21:20:16.396 17925 17937 I art     : Explicit concurrent mark sweep GC freed 106(8KB) AllocSpace objects, 0(0B) LOS objects, 25% free, 47MB/63MB, paused 373us total 12.269ms
08-03 21:20:16.402 17925 17937 I art     : Starting a blocking GC Explicit
08-03 21:20:16.415 17925 17937 I art     : Explicit concurrent mark sweep GC freed 571(26KB) AllocSpace objects, 0(0B) LOS objects, 25% free, 47MB/63MB, paused 147us total 12.447ms
08-03 21:20:16.420 17925 17937 I art     : Starting a blocking GC Explicit
08-03 21:20:16.432 17925 17937 I art     : Explicit concurrent mark sweep GC freed 14(656B) AllocSpace objects, 0(0B) LOS objects, 25% free, 47MB/63MB, paused 141us total 11.184ms
08-03 21:20:16.710 17925 18034 I art     : Starting a blocking GC Explicit
08-03 21:20:16.725 17925 18034 I art     : Explicit concurrent mark sweep GC freed 2223(136KB) AllocSpace objects, 1(20KB) LOS objects, 25% free, 47MB/63MB, paused 187us total 14.498ms
08-03 21:20:16.732 17925 18034 I art     : Starting a blocking GC Explicit
08-03 21:20:16.744 17925 18034 I art     : Explicit concurrent mark sweep GC freed 20(704B) AllocSpace objects, 0(0B) LOS objects, 25% free, 47MB/63MB, paused 159us total 12.543ms
08-03 21:20:16.751 17925 18034 I art     : Starting a blocking GC Explicit
08-03 21:20:16.763 17925 18034 I art     : Explicit concurrent mark sweep GC freed 3(96B) AllocSpace objects, 0(0B) LOS objects, 25% free, 47MB/63MB, paused 150us total 11.968ms
08-03 21:20:16.770 17925 18034 I art     : Starting a blocking GC Explicit
08-03 21:20:16.782 17925 18034 I art     : Explicit concurrent mark sweep GC freed 3(96B) AllocSpace objects, 0(0B) LOS objects, 25% free, 47MB/63MB, paused 150us total 12.021ms
08-03 21:20:16.788 17925 18034 I art     : Starting a blocking GC Explicit
08-03 21:20:16.799 17925 18034 I art     : Explicit concurrent mark sweep GC freed 3(96B) AllocSpace objects, 0(0B) LOS objects, 25% free, 47MB/63MB, paused 147us total 10.876ms
08-03 21:20:17.109 17925 18017 I art     : Starting a blocking GC Explicit
08-03 21:20:17.127 17925 18017 I art     : Explicit concurrent mark sweep GC freed 1342(78KB) AllocSpace objects, 1(20KB) LOS objects, 25% free, 47MB/63MB, paused 212us total 17.187ms
08-03 21:20:17.139 17925 18017 I art     : Starting a blocking GC Explicit
08-03 21:20:17.153 17925 18017 I art     : Explicit concurrent mark sweep GC freed 20(704B) AllocSpace objects, 0(0B) LOS objects, 25% free, 47MB/63MB, paused 150us total 13.573ms
08-03 21:20:17.159 17925 18017 I art     : Starting a blocking GC Explicit
08-03 21:20:17.170 17925 18017 I art     : Explicit concurrent mark sweep GC freed 3(96B) AllocSpace objects, 0(0B) LOS objects, 25% free, 47MB/63MB, paused 154us total 10.884ms
08-03 21:20:17.176 17925 18017 I art     : Starting a blocking GC Explicit
08-03 21:20:17.187 17925 18017 I art     : Explicit concurrent mark sweep GC freed 3(96B) AllocSpace objects, 0(0B) LOS objects, 25% free, 47MB/63MB, paused 157us total 11.368ms
08-03 21:20:17.193 17925 18017 I art     : Starting a blocking GC Explicit
08-03 21:20:17.204 17925 18017 I art     : Explicit concurrent mark sweep GC freed 3(96B) AllocSpace objects, 0(0B) LOS objects, 25% free, 47MB/63MB, paused 147us total 10.877ms
08-03 21:20:17.476 17925 17938 I art     : Starting a blocking GC Explicit
08-03 21:20:17.493 17925 17938 I art     : Explicit concurrent mark sweep GC freed 1340(78KB) AllocSpace objects, 1(20KB) LOS objects, 25% free, 47MB/63MB, paused 185us total 16.625ms
08-03 21:20:17.501 17925 17938 I art     : Starting a blocking GC Explicit
08-03 21:20:17.514 17925 17938 I art     : Explicit concurrent mark sweep GC freed 20(704B) AllocSpace objects, 0(0B) LOS objects, 25% free, 47MB/63MB, paused 157us total 12.367ms
08-03 21:20:17.520 17925 17938 I art     : Starting a blocking GC Explicit
08-03 21:20:17.532 17925 17938 I art     : Explicit concurrent mark sweep GC freed 3(96B) AllocSpace objects, 0(0B) LOS objects, 25% free, 47MB/63MB, paused 159us total 11.981ms
08-03 21:20:17.539 17925 17938 I art     : Starting a blocking GC Explicit
08-03 21:20:17.550 17925 17938 I art     : Explicit concurrent mark sweep GC freed 3(96B) AllocSpace objects, 0(0B) LOS objects, 25% free, 47MB/63MB, paused 152us total 11.414ms
08-03 21:20:17.556 17925 17938 I art     : Starting a blocking GC Explicit
08-03 21:20:17.568 17925 17938 I art     : Explicit concurrent mark sweep GC freed 3(96B) AllocSpace objects, 0(0B) LOS objects, 25% free, 47MB/63MB, paused 154us total 11.706ms
08-03 21:20:17.879 17925 17937 I art     : Starting a blocking GC Explicit
08-03 21:20:17.900 17925 17937 I art     : Explicit concurrent mark sweep GC freed 1339(78KB) AllocSpace objects, 1(20KB) LOS objects, 25% free, 47MB/63MB, paused 189us total 21.215ms
08-03 21:20:17.912 17925 17937 I art     : Starting a blocking GC Explicit
08-03 21:20:17.927 17925 17937 I art     : Explicit concurrent mark sweep GC freed 20(704B) AllocSpace objects, 0(0B) LOS objects, 25% free, 47MB/63MB, paused 182us total 14.746ms
08-03 21:20:17.936 17925 17937 I art     : Starting a blocking GC Explicit
08-03 21:20:17.948 17925 17937 I art     : Explicit concurrent mark sweep GC freed 3(96B) AllocSpace objects, 0(0B) LOS objects, 25% free, 47MB/63MB, paused 140us total 11.918ms
08-03 21:20:17.954 17925 17937 I art     : Starting a blocking GC Explicit
08-03 21:20:17.965 17925 17937 I art     : Explicit concurrent mark sweep GC freed 3(96B) AllocSpace objects, 0(0B) LOS objects, 25% free, 47MB/63MB, paused 152us total 11.397ms
08-03 21:20:17.972 17925 17937 I art     : Starting a blocking GC Explicit
08-03 21:20:17.984 17925 17937 I art     : Explicit concurrent mark sweep GC freed 3(96B) AllocSpace objects, 0(0B) LOS objects, 25% free, 47MB/63MB, paused 142us total 11.849ms
08-03 21:20:18.284 17925 18034 I art     : Starting a blocking GC Explicit
08-03 21:20:18.302 17925 18034 I art     : Explicit concurrent mark sweep GC freed 1339(78KB) AllocSpace objects, 1(20KB) LOS objects, 25% free, 47MB/63MB, paused 166us total 17.145ms
08-03 21:20:18.311 17925 18034 I art     : Starting a blocking GC Explicit
08-03 21:20:18.326 17925 18034 I art     : Explicit concurrent mark sweep GC freed 20(704B) AllocSpace objects, 0(0B) LOS objects, 25% free, 47MB/63MB, paused 153us total 14.337ms
08-03 21:20:18.337 17925 18034 I art     : Starting a blocking GC Explicit
08-03 21:20:18.348 17925 18034 I art     : Explicit concurrent mark sweep GC freed 3(96B) AllocSpace objects, 0(0B) LOS objects, 25% free, 47MB/63MB, paused 143us total 11.294ms
08-03 21:20:18.354 17925 18034 I art     : Starting a blocking GC Explicit
08-03 21:20:18.366 17925 18034 I art     : Explicit concurrent mark sweep GC freed 3(96B) AllocSpace objects, 0(0B) LOS objects, 25% free, 47MB/63MB, paused 144us total 11.426ms
08-03 21:20:18.372 17925 18034 I art     : Starting a blocking GC Explicit
08-03 21:20:18.383 17925 18034 I art     : Explicit concurrent mark sweep GC freed 3(96B) AllocSpace objects, 0(0B) LOS objects, 25% free, 47MB/63MB, paused 144us total 11.344ms
08-03 21:20:18.684 17925 18017 I art     : Starting a blocking GC Explicit
08-03 21:20:18.699 17925 18017 I art     : Explicit concurrent mark sweep GC freed 1339(78KB) AllocSpace objects, 1(20KB) LOS objects, 25% free, 47MB/63MB, paused 187us total 14.785ms
08-03 21:20:18.709 17925 18017 I art     : Starting a blocking GC Explicit
08-03 21:20:18.723 17925 18017 I art     : Explicit concurrent mark sweep GC freed 20(704B) AllocSpace objects, 0(0B) LOS objects, 25% free, 47MB/63MB, paused 151us total 13.902ms
08-03 21:20:18.729 17925 18017 I art     : Starting a blocking GC Explicit
08-03 21:20:18.741 17925 18017 I art     : Explicit concurrent mark sweep GC freed 3(96B) AllocSpace objects, 0(0B) LOS objects, 25% free, 47MB/63MB, paused 159us total 11.953ms
08-03 21:20:18.748 17925 18017 I art     : Starting a blocking GC Explicit
08-03 21:20:18.760 17925 18017 I art     : Explicit concurrent mark sweep GC freed 3(96B) AllocSpace objects, 0(0B) LOS objects, 25% free, 47MB/63MB, paused 163us total 11.813ms
08-03 21:20:18.766 17925 18017 I art     : Starting a blocking GC Explicit
08-03 21:20:18.778 17925 18017 I art     : Explicit concurrent mark sweep GC freed 3(96B) AllocSpace objects, 0(0B) LOS objects, 25% free, 47MB/63MB, paused 148us total 11.322ms
08-03 21:20:19.110 17925 17938 I art     : Starting a blocking GC Explicit
08-03 21:20:19.133 17925 17938 I art     : Explicit concurrent mark sweep GC freed 1339(78KB) AllocSpace objects, 1(20KB) LOS objects, 25% free, 47MB/63MB, paused 218us total 21.974ms
08-03 21:20:19.143 17925 17938 I art     : Starting a blocking GC Explicit
08-03 21:20:19.159 17925 17938 I art     : Explicit concurrent mark sweep GC freed 20(704B) AllocSpace objects, 0(0B) LOS objects, 25% free, 47MB/63MB, paused 169us total 15.568ms
08-03 21:20:19.165 17925 17938 I art     : Starting a blocking GC Explicit
08-03 21:20:19.177 17925 17938 I art     : Explicit concurrent mark sweep GC freed 3(96B) AllocSpace objects, 0(0B) LOS objects, 25% free, 47MB/63MB, paused 169us total 11.534ms
08-03 21:20:19.183 17925 17938 I art     : Starting a blocking GC Explicit
08-03 21:20:19.195 17925 17938 I art     : Explicit concurrent mark sweep GC freed 3(96B) AllocSpace objects, 0(0B) LOS objects, 25% free, 47MB/63MB, paused 158us total 11.878ms
08-03 21:20:19.202 17925 17938 I art     : Starting a blocking GC Explicit
08-03 21:20:19.214 17925 17938 I art     : Explicit concurrent mark sweep GC freed 3(96B) AllocSpace objects, 0(0B) LOS objects, 25% free, 47MB/63MB, paused 152us total 11.305ms
08-03 21:20:19.436   918 13198 D NetlinkSocketObserver: NeighborEvent{elapsedMs=1636223311, 192.168.2.254, [7C3953A63323], RTM_NEWNEIGH, NUD_REACHABLE}
08-03 21:20:19.508 17925 17937 I art     : Starting a blocking GC Explicit
08-03 21:20:19.522 17925 17937 I art     : Explicit concurrent mark sweep GC freed 1338(78KB) AllocSpace objects, 1(20KB) LOS objects, 25% free, 47MB/63MB, paused 146us total 13.306ms
08-03 21:20:19.530 17925 17937 I art     : Starting a blocking GC Explicit
08-03 21:20:19.540 17925 17937 I art     : Explicit concurrent mark sweep GC freed 20(704B) AllocSpace objects, 0(0B) LOS objects, 25% free, 47MB/63MB, paused 123us total 9.780ms
08-03 21:20:19.545 17925 17937 I art     : Starting a blocking GC Explicit
08-03 21:20:19.554 17925 17937 I art     : Explicit concurrent mark sweep GC freed 3(96B) AllocSpace objects, 0(0B) LOS objects, 25% free, 47MB/63MB, paused 128us total 9.128ms
08-03 21:20:19.559 17925 17937 I art     : Starting a blocking GC Explicit
08-03 21:20:19.569 17925 17937 I art     : Explicit concurrent mark sweep GC freed 3(96B) AllocSpace objects, 0(0B) LOS objects, 25% free, 47MB/63MB, paused 127us total 9.262ms
08-03 21:20:19.574 17925 17937 I art     : Starting a blocking GC Explicit
08-03 21:20:19.583 17925 17937 I art     : Explicit concurrent mark sweep GC freed 3(96B) AllocSpace objects, 0(0B) LOS objects, 25% free, 47MB/63MB, paused 124us total 9.272ms
08-03 21:20:19.771 17925 18143 W OneSignal: OneSignalRestClient: POST Error thrown from network stack. 
08-03 21:20:19.771 17925 18143 W OneSignal: java.io.IOException: unexpected end of stream on Connection{api.onesignal.com:443, proxy=HTTP@192.168.2.12:8080 hostAddress=192.168.2.12 cipherSuite=TLS_ECDHE_RSA_WITH_AES_128_GCM_SHA256 protocol=http/1.1} (recycle count=1)
08-03 21:20:19.771 17925 18143 W OneSignal: 	at com.android.okhttp.internal.http.HttpConnection.readResponse(HttpConnection.java:210)
08-03 21:20:19.771 17925 18143 W OneSignal: 	at com.android.okhttp.internal.http.HttpTransport.readResponseHeaders(HttpTransport.java:80)
08-03 21:20:19.771 17925 18143 W OneSignal: 	at com.android.okhttp.internal.http.HttpEngine.readNetworkResponse(HttpEngine.java:904)
08-03 21:20:19.771 17925 18143 W OneSignal: 	at com.android.okhttp.internal.http.HttpEngine.readResponse(HttpEngine.java:788)
08-03 21:20:19.771 17925 18143 W OneSignal: 	at com.android.okhttp.internal.huc.HttpURLConnectionImpl.execute(HttpURLConnectionImpl.java:439)
08-03 21:20:19.771 17925 18143 W OneSignal: 	at com.android.okhttp.internal.huc.HttpURLConnectionImpl.getResponse(HttpURLConnectionImpl.java:384)
08-03 21:20:19.771 17925 18143 W OneSignal: 	at com.android.okhttp.internal.huc.HttpURLConnectionImpl.getResponseCode(HttpURLConnectionImpl.java:497)
08-03 21:20:19.771 17925 18143 W OneSignal: 	at com.android.okhttp.internal.huc.DelegatingHttpsURLConnection.getResponseCode(DelegatingHttpsURLConnection.java:105)
08-03 21:20:19.771 17925 18143 W OneSignal: 	at com.android.okhttp.internal.huc.HttpsURLConnectionImpl.getResponseCode(HttpsURLConnectionImpl.java)
08-03 21:20:19.771 17925 18143 W OneSignal: 	at com.onesignal.OneSignalRestClient.startHTTPConnection(OneSignalRestClient.java:180)
08-03 21:20:19.771 17925 18143 W OneSignal: 	at com.onesignal.OneSignalRestClient.access$100(OneSignalRestClient.java:44)
08-03 21:20:19.771 17925 18143 W OneSignal: 	at com.onesignal.OneSignalRestClient$4.run(OneSignalRestClient.java:110)
08-03 21:20:19.771 17925 18143 W OneSignal: 	at java.lang.Thread.run(Thread.java:818)
08-03 21:20:19.771 17925 18143 W OneSignal: Caused by: java.io.EOFException: \n not found: size=0 content=...
08-03 21:20:19.771 17925 18143 W OneSignal: 	at com.android.okhttp.okio.RealBufferedSource.readUtf8LineStrict(RealBufferedSource.java:200)
08-03 21:20:19.771 17925 18143 W OneSignal: 	at com.android.okhttp.internal.http.HttpConnection.readResponse(HttpConnection.java:191)
08-03 21:20:19.771 17925 18143 W OneSignal: 	... 12 more
08-03 21:20:19.772 17925 18156 W OneSignal: Failed last request. statusCode: -1
08-03 21:20:19.772 17925 18156 W OneSignal: response: null
08-03 21:20:19.841 17925 18034 I art     : Starting a blocking GC Explicit
08-03 21:20:19.859 17925 18034 I art     : Explicit concurrent mark sweep GC freed 1905(152KB) AllocSpace objects, 1(20KB) LOS objects, 25% free, 47MB/63MB, paused 163us total 17.729ms
08-03 21:20:19.870 17925 18034 I art     : Starting a blocking GC Explicit
08-03 21:20:19.886 17925 18034 I art     : Explicit concurrent mark sweep GC freed 30(1168B) AllocSpace objects, 0(0B) LOS objects, 25% free, 47MB/63MB, paused 177us total 14.987ms
08-03 21:20:19.894 17925 18034 I art     : Starting a blocking GC Explicit
08-03 21:20:19.905 17925 18034 I art     : Explicit concurrent mark sweep GC freed 3(96B) AllocSpace objects, 0(0B) LOS objects, 25% free, 47MB/63MB, paused 145us total 11.599ms
08-03 21:20:19.912 17925 18034 I art     : Starting a blocking GC Explicit
08-03 21:20:19.924 17925 18034 I art     : Explicit concurrent mark sweep GC freed 3(96B) AllocSpace objects, 0(0B) LOS objects, 25% free, 47MB/63MB, paused 146us total 11.657ms
08-03 21:20:19.930 17925 18034 I art     : Starting a blocking GC Explicit
08-03 21:20:19.942 17925 18034 I art     : Explicit concurrent mark sweep GC freed 3(96B) AllocSpace objects, 0(0B) LOS objects, 25% free, 47MB/63MB, paused 148us total 11.558ms
08-03 21:20:20.221 17925 18017 I art     : Starting a blocking GC Explicit
08-03 21:20:20.234 17925 18017 I art     : Explicit concurrent mark sweep GC freed 1339(78KB) AllocSpace objects, 1(20KB) LOS objects, 25% free, 47MB/63MB, paused 175us total 12.754ms
08-03 21:20:20.240 17925 18017 I art     : Starting a blocking GC Explicit
08-03 21:20:20.253 17925 18017 I art     : Explicit concurrent mark sweep GC freed 20(704B) AllocSpace objects, 0(0B) LOS objects, 25% free, 47MB/63MB, paused 165us total 11.883ms
08-03 21:20:20.259 17925 18017 I art     : Starting a blocking GC Explicit
08-03 21:20:20.270 17925 18017 I art     : Explicit concurrent mark sweep GC freed 3(96B) AllocSpace objects, 0(0B) LOS objects, 25% free, 47MB/63MB, paused 147us total 10.149ms
08-03 21:20:20.275 17925 18017 I art     : Starting a blocking GC Explicit
08-03 21:20:20.285 17925 18017 I art     : Explicit concurrent mark sweep GC freed 3(96B) AllocSpace objects, 0(0B) LOS objects, 25% free, 47MB/63MB, paused 150us total 10.196ms
08-03 21:20:20.291 17925 18017 I art     : Starting a blocking GC Explicit
08-03 21:20:20.301 17925 18017 I art     : Explicit concurrent mark sweep GC freed 3(96B) AllocSpace objects, 0(0B) LOS objects, 25% free, 47MB/63MB, paused 149us total 10.219ms
08-03 21:20:20.500 18172 18172 D AndroidRuntime: >>>>>> START com.android.internal.os.RuntimeInit uid 2000 <<<<<<
08-03 21:20:20.504 18172 18172 D AndroidRuntime: CheckJNI is OFF
08-03 21:20:20.530 18172 18172 D ICU     : No timezone override file found: /data/misc/zoneinfo/current/icu/icu_tzdata.dat
08-03 21:20:20.555 18172 18172 I Radio-JNI: register_android_hardware_Radio DONE
08-03 21:20:20.571 18172 18172 D AndroidRuntime: Calling main entry com.android.commands.input.Input
08-03 21:20:20.573 18172 18172 I Input   : injectMotionEvent: MotionEvent { action=ACTION_DOWN, actionButton=0, id[0]=0, x[0]=337.0, y[0]=1104.0, toolType[0]=TOOL_TYPE_UNKNOWN, buttonState=0, metaState=0, flags=0x0, edgeFlags=0x0, pointerCount=1, historySize=0, eventTime=652836986, downTime=652836986, deviceId=0, source=0x1002 }
08-03 21:20:20.578 18172 18172 I Input   : injectMotionEvent: MotionEvent { action=ACTION_UP, actionButton=0, id[0]=0, x[0]=337.0, y[0]=1104.0, toolType[0]=TOOL_TYPE_UNKNOWN, buttonState=0, metaState=0, flags=0x0, edgeFlags=0x0, pointerCount=1, historySize=0, eventTime=652836986, downTime=652836986, deviceId=0, source=0x1002 }
08-03 21:20:20.581   918  5952 I ActivityManager: START u0 {cmp=baseline.appteam.nith.hillffair/.activities.BattleDayActivity} from uid 10624 on display 0
08-03 21:20:20.587 18172 18172 D AndroidRuntime: Shutting down VM
08-03 21:20:20.587 17925 18034 I art     : Starting a blocking GC Explicit
08-03 21:20:20.600 17925 18034 I art     : Explicit concurrent mark sweep GC freed 1373(87KB) AllocSpace objects, 1(20KB) LOS objects, 24% free, 48MB/64MB, paused 293us total 13.148ms
08-03 21:20:20.607 17925 18034 I art     : Starting a blocking GC Explicit
08-03 21:20:20.620 17925 18034 I art     : Explicit concurrent mark sweep GC freed 774(77KB) AllocSpace objects, 0(0B) LOS objects, 24% free, 48MB/64MB, paused 619us total 12.459ms
08-03 21:20:20.626 17925 18034 I art     : Starting a blocking GC Explicit
08-03 21:20:20.652 17925 18034 I art     : Explicit concurrent mark sweep GC freed 2272(159KB) AllocSpace objects, 0(0B) LOS objects, 24% free, 48MB/64MB, paused 855us total 26.390ms
08-03 21:20:20.658 17925 18034 I art     : Starting a blocking GC Explicit
08-03 21:20:20.674 17925 18034 I art     : Explicit concurrent mark sweep GC freed 4416(243KB) AllocSpace objects, 0(0B) LOS objects, 24% free, 48MB/64MB, paused 274us total 15.588ms
08-03 21:20:20.680 17925 18034 I art     : Starting a blocking GC Explicit
08-03 21:20:20.692 17925 18034 I art     : Explicit concurrent mark sweep GC freed 123(11KB) AllocSpace objects, 0(0B) LOS objects, 24% free, 48MB/64MB, paused 204us total 11.833ms
08-03 21:20:20.708 13866 13866 I GoogleInputMethodServic: GoogleInputMethodService.onFinishInput():3138 
08-03 21:20:20.709 13866 13866 I GoogleInputMethodServic: GoogleInputMethodService.onStartInput():1808 
08-03 21:20:20.741   918   936 I ActivityManager: Displayed baseline.appteam.nith.hillffair/.activities.BattleDayActivity: +154ms
08-03 21:20:20.937 17925 17937 I art     : Starting a blocking GC Explicit
08-03 21:20:20.961 17925 17937 I art     : Explicit concurrent mark sweep GC freed 1590(94KB) AllocSpace objects, 1(20KB) LOS objects, 24% free, 48MB/64MB, paused 234us total 23.580ms
08-03 21:20:20.972 17925 17937 I art     : Starting a blocking GC Explicit
08-03 21:20:20.989   380   380 W SurfaceFlinger: couldn't log to binary event log: overflow.
08-03 21:20:20.989 17925 17937 I art     : Explicit concurrent mark sweep GC freed 34(1168B) AllocSpace objects, 0(0B) LOS objects, 24% free, 48MB/64MB, paused 218us total 17.610ms
08-03 21:20:20.998 17925 17937 I art     : Starting a blocking GC Explicit
08-03 21:20:21.007   518   646 I ThermalEngine: ACTION: GPU - Setting GPU[0] to 510000000
08-03 21:20:21.013 17925 17937 I art     : Explicit concurrent mark sweep GC freed 3(96B) AllocSpace objects, 0(0B) LOS objects, 24% free, 48MB/64MB, paused 240us total 14.472ms
08-03 21:20:21.021 17925 17937 I art     : Starting a blocking GC Explicit
08-03 21:20:21.035 17925 17937 I art     : Explicit concurrent mark sweep GC freed 3(96B) AllocSpace objects, 0(0B) LOS objects, 24% free, 48MB/64MB, paused 275us total 14.213ms
08-03 21:20:21.042 17925 17937 I art     : Starting a blocking GC Explicit
08-03 21:20:21.057 17925 17937 I art     : Explicit concurrent mark sweep GC freed 3(96B) AllocSpace objects, 0(0B) LOS objects, 24% free, 48MB/64MB, paused 247us total 14.564ms
08-03 21:20:21.210 17925 18208 D OkHttp  : --> GET https://api-hillfair-2k16.herokuapp.com/api/app/events/special http/1.1
08-03 21:20:21.243 17925 18208 D OkHttp  : <-- 200 OK https://api-hillfair-2k16.herokuapp.com/api/app/events/special (33ms, 554-byte body)
08-03 21:20:21.309 17925 17925 I NAPPA_EXPERIMENTATION: MetricNetworkRequestExecutionTime: REQUEST_DURATION_SYSTEM='650',REQUEST_DURATION_OKHTTP='32',REQUEST_SYNCHRONOUS='FALSE',RESPONSE_CODE='200',RESPONSE_METHOD='GET',RESPONSE_LENGTH_OKHTTP='554',RESPONSE_LENGTH_HEADER='554',REQUEST_PROTOCOL='http/1.1',REQUEST_URL='https://api-hillfair-2k16.herokuapp.com/api/app/events/special',
08-03 21:20:21.320 17925 17937 I art     : Starting a blocking GC Explicit
08-03 21:20:21.339 17925 17937 I art     : Explicit concurrent mark sweep GC freed 4929(330KB) AllocSpace objects, 4(220KB) LOS objects, 24% free, 48MB/64MB, paused 690us total 18.862ms
08-03 21:20:21.349 17925 17937 I art     : Starting a blocking GC Explicit
08-03 21:20:21.365 17925 17937 I art     : Explicit concurrent mark sweep GC freed 1814(159KB) AllocSpace objects, 0(0B) LOS objects, 24% free, 48MB/64MB, paused 452us total 16.133ms
08-03 21:20:21.372 17925 17937 I art     : Starting a blocking GC Explicit
08-03 21:20:21.389 17925 17937 I art     : Explicit concurrent mark sweep GC freed 121(5KB) AllocSpace objects, 0(0B) LOS objects, 24% free, 48MB/64MB, paused 488us total 16.055ms
08-03 21:20:21.396 17925 17937 I art     : Starting a blocking GC Explicit
08-03 21:20:21.412 17925 17937 I art     : Explicit concurrent mark sweep GC freed 230(12KB) AllocSpace objects, 0(0B) LOS objects, 24% free, 48MB/64MB, paused 432us total 15.917ms
08-03 21:20:21.419 17925 17937 I art     : Starting a blocking GC Explicit
08-03 21:20:21.435 17925 17937 I art     : Explicit concurrent mark sweep GC freed 23(976B) AllocSpace objects, 0(0B) LOS objects, 24% free, 48MB/64MB, paused 414us total 15.676ms
08-03 21:20:21.706 17925 18017 I art     : Starting a blocking GC Explicit
08-03 21:20:21.729 17925 18017 I art     : Explicit concurrent mark sweep GC freed 1341(78KB) AllocSpace objects, 1(20KB) LOS objects, 24% free, 48MB/64MB, paused 423us total 22.531ms
08-03 21:20:21.741 17925 18017 I art     : Starting a blocking GC Explicit
08-03 21:20:21.761 17925 18017 I art     : Explicit concurrent mark sweep GC freed 20(704B) AllocSpace objects, 0(0B) LOS objects, 24% free, 48MB/64MB, paused 376us total 19.499ms
08-03 21:20:21.769 17925 18017 I art     : Starting a blocking GC Explicit
08-03 21:20:21.787 17925 18017 I art     : Explicit concurrent mark sweep GC freed 3(96B) AllocSpace objects, 0(0B) LOS objects, 24% free, 48MB/64MB, paused 614us total 18.099ms
08-03 21:20:21.795 17925 18017 I art     : Starting a blocking GC Explicit
08-03 21:20:21.813 17925 18017 I art     : Explicit concurrent mark sweep GC freed 7180(286KB) AllocSpace objects, 0(0B) LOS objects, 24% free, 48MB/64MB, paused 378us total 17.815ms
08-03 21:20:21.821 17925 18017 I art     : Starting a blocking GC Explicit
08-03 21:20:21.839 17925 18017 I art     : Explicit concurrent mark sweep GC freed 436(14KB) AllocSpace objects, 0(0B) LOS objects, 24% free, 48MB/64MB, paused 431us total 17.336ms
08-03 21:20:22.100 17925 18017 I art     : Starting a blocking GC Explicit
08-03 21:20:22.119 17925 18017 I art     : Explicit concurrent mark sweep GC freed 2082(272KB) AllocSpace objects, 1(20KB) LOS objects, 23% free, 51MB/67MB, paused 286us total 18.079ms
08-03 21:20:22.127 17925 18017 I art     : Starting a blocking GC Explicit
08-03 21:20:22.144 17925 18017 I art     : Explicit concurrent mark sweep GC freed 111(3KB) AllocSpace objects, 0(0B) LOS objects, 23% free, 51MB/67MB, paused 291us total 17.131ms
08-03 21:20:22.152 17925 18017 I art     : Starting a blocking GC Explicit
08-03 21:20:22.170 17925 18017 I art     : Explicit concurrent mark sweep GC freed 3(96B) AllocSpace objects, 0(0B) LOS objects, 23% free, 51MB/67MB, paused 286us total 17.774ms
08-03 21:20:22.179 17925 18017 I art     : Starting a blocking GC Explicit
08-03 21:20:22.196 17925 18017 I art     : Explicit concurrent mark sweep GC freed 3(96B) AllocSpace objects, 0(0B) LOS objects, 23% free, 51MB/67MB, paused 280us total 17.102ms
08-03 21:20:22.204 17925 18017 I art     : Starting a blocking GC Explicit
08-03 21:20:22.222 17925 18017 I art     : Explicit concurrent mark sweep GC freed 3(96B) AllocSpace objects, 0(0B) LOS objects, 23% free, 51MB/67MB, paused 293us total 17.171ms
08-03 21:20:22.542 17925 17938 I art     : Starting a blocking GC Explicit
08-03 21:20:22.564 17925 17938 I art     : Explicit concurrent mark sweep GC freed 1340(78KB) AllocSpace objects, 1(20KB) LOS objects, 23% free, 51MB/67MB, paused 304us total 21.484ms
08-03 21:20:22.574 17925 17938 I art     : Starting a blocking GC Explicit
08-03 21:20:22.592 17925 17938 I art     : Explicit concurrent mark sweep GC freed 20(704B) AllocSpace objects, 0(0B) LOS objects, 23% free, 51MB/67MB, paused 291us total 17.925ms
08-03 21:20:22.601 17925 17938 I art     : Starting a blocking GC Explicit
08-03 21:20:22.619 17925 17938 I art     : Explicit concurrent mark sweep GC freed 3(96B) AllocSpace objects, 0(0B) LOS objects, 23% free, 51MB/67MB, paused 291us total 17.799ms
08-03 21:20:22.627 17925 17938 I art     : Starting a blocking GC Explicit
08-03 21:20:22.645 17925 17938 I art     : Explicit concurrent mark sweep GC freed 3(96B) AllocSpace objects, 0(0B) LOS objects, 23% free, 51MB/67MB, paused 299us total 17.838ms
08-03 21:20:22.653 17925 17938 I art     : Starting a blocking GC Explicit
08-03 21:20:22.670 17925 17938 I art     : Explicit concurrent mark sweep GC freed 3(96B) AllocSpace objects, 0(0B) LOS objects, 23% free, 51MB/67MB, paused 279us total 17.169ms
08-03 21:20:22.985 17925 18034 I art     : Starting a blocking GC Explicit
08-03 21:20:23.007 17925 18034 I art     : Explicit concurrent mark sweep GC freed 1340(78KB) AllocSpace objects, 1(20KB) LOS objects, 23% free, 51MB/67MB, paused 374us total 22.275ms
08-03 21:20:23.019 17925 18034 I art     : Starting a blocking GC Explicit
08-03 21:20:23.040 17925 18034 I art     : Explicit concurrent mark sweep GC freed 20(704B) AllocSpace objects, 0(0B) LOS objects, 23% free, 51MB/67MB, paused 304us total 20.894ms
08-03 21:20:23.052 17925 18034 I art     : Starting a blocking GC Explicit
08-03 21:20:23.070 17925 18034 I art     : Explicit concurrent mark sweep GC freed 3(96B) AllocSpace objects, 0(0B) LOS objects, 23% free, 51MB/67MB, paused 276us total 17.594ms
08-03 21:20:23.078 17925 18034 I art     : Starting a blocking GC Explicit
08-03 21:20:23.096 17925 18034 I art     : Explicit concurrent mark sweep GC freed 3(96B) AllocSpace objects, 0(0B) LOS objects, 23% free, 51MB/67MB, paused 277us total 18.001ms
08-03 21:20:23.105 17925 18034 I art     : Starting a blocking GC Explicit
08-03 21:20:23.123 17925 18034 I art     : Explicit concurrent mark sweep GC freed 3(96B) AllocSpace objects, 0(0B) LOS objects, 23% free, 51MB/67MB, paused 281us total 17.796ms
08-03 21:20:23.433 17925 17937 I art     : Starting a blocking GC Explicit
08-03 21:20:23.456 17925 17937 I art     : Explicit concurrent mark sweep GC freed 1340(78KB) AllocSpace objects, 1(20KB) LOS objects, 23% free, 51MB/67MB, paused 319us total 22.291ms
08-03 21:20:23.467 17925 17937 I art     : Starting a blocking GC Explicit
08-03 21:20:23.488 17925 17937 I art     : Explicit concurrent mark sweep GC freed 20(704B) AllocSpace objects, 0(0B) LOS objects, 23% free, 51MB/67MB, paused 288us total 20.973ms
08-03 21:20:23.497 17925 17937 I art     : Starting a blocking GC Explicit
08-03 21:20:23.515 17925 17937 I art     : Explicit concurrent mark sweep GC freed 3(96B) AllocSpace objects, 0(0B) LOS objects, 23% free, 51MB/67MB, paused 285us total 17.901ms
08-03 21:20:23.523 17925 17937 I art     : Starting a blocking GC Explicit
08-03 21:20:23.540 17925 17937 I art     : Explicit concurrent mark sweep GC freed 3(96B) AllocSpace objects, 0(0B) LOS objects, 23% free, 51MB/67MB, paused 281us total 17.071ms
08-03 21:20:23.548 17925 17937 I art     : Starting a blocking GC Explicit
08-03 21:20:23.566 17925 17937 I art     : Explicit concurrent mark sweep GC freed 3(96B) AllocSpace objects, 0(0B) LOS objects, 23% free, 51MB/67MB, paused 278us total 17.355ms
08-03 21:20:23.874 17925 18017 I art     : Starting a blocking GC Explicit
08-03 21:20:23.896 17925 18017 I art     : Explicit concurrent mark sweep GC freed 1340(78KB) AllocSpace objects, 1(20KB) LOS objects, 23% free, 51MB/67MB, paused 308us total 21.815ms
08-03 21:20:23.908 17925 18017 I art     : Starting a blocking GC Explicit
08-03 21:20:23.926 17925 18017 I art     : Explicit concurrent mark sweep GC freed 20(704B) AllocSpace objects, 0(0B) LOS objects, 23% free, 51MB/67MB, paused 288us total 18.031ms
08-03 21:20:23.934 17925 18017 I art     : Starting a blocking GC Explicit
08-03 21:20:23.952 17925 18017 I art     : Explicit concurrent mark sweep GC freed 3(96B) AllocSpace objects, 0(0B) LOS objects, 23% free, 51MB/67MB, paused 299us total 17.815ms
08-03 21:20:23.961 17925 18017 I art     : Starting a blocking GC Explicit
08-03 21:20:23.979 17925 18017 I art     : Explicit concurrent mark sweep GC freed 3(96B) AllocSpace objects, 0(0B) LOS objects, 23% free, 51MB/67MB, paused 292us total 17.575ms
08-03 21:20:23.987 17925 18017 I art     : Starting a blocking GC Explicit
08-03 21:20:24.005 17925 18017 I art     : Explicit concurrent mark sweep GC freed 3(96B) AllocSpace objects, 0(0B) LOS objects, 23% free, 51MB/67MB, paused 291us total 17.655ms
08-03 21:20:24.247 16351 16351 I ServiceManager: Waiting for service AtCmdFwd...
08-03 21:20:24.303 17925 17938 I art     : Starting a blocking GC Explicit
08-03 21:20:24.325 17925 17938 I art     : Explicit concurrent mark sweep GC freed 1340(78KB) AllocSpace objects, 1(20KB) LOS objects, 23% free, 51MB/67MB, paused 286us total 21.168ms
08-03 21:20:24.333 17925 17938 I art     : Starting a blocking GC Explicit
08-03 21:20:24.351 17925 17938 I art     : Explicit concurrent mark sweep GC freed 20(704B) AllocSpace objects, 0(0B) LOS objects, 23% free, 51MB/67MB, paused 325us total 17.790ms
08-03 21:20:24.359 17925 17938 I art     : Starting a blocking GC Explicit
08-03 21:20:24.377 17925 17938 I art     : Explicit concurrent mark sweep GC freed 3(96B) AllocSpace objects, 0(0B) LOS objects, 23% free, 51MB/67MB, paused 300us total 17.477ms
08-03 21:20:24.385 17925 17938 I art     : Starting a blocking GC Explicit
08-03 21:20:24.403 17925 17938 I art     : Explicit concurrent mark sweep GC freed 3(96B) AllocSpace objects, 0(0B) LOS objects, 23% free, 51MB/67MB, paused 293us total 17.638ms
08-03 21:20:24.411 17925 17938 I art     : Starting a blocking GC Explicit
08-03 21:20:24.429 17925 17938 I art     : Explicit concurrent mark sweep GC freed 3(96B) AllocSpace objects, 0(0B) LOS objects, 23% free, 51MB/67MB, paused 289us total 17.494ms
08-03 21:20:24.735 17925 18034 I art     : Starting a blocking GC Explicit
08-03 21:20:24.757 17925 18034 I art     : Explicit concurrent mark sweep GC freed 1340(78KB) AllocSpace objects, 1(20KB) LOS objects, 23% free, 51MB/67MB, paused 303us total 22.295ms
08-03 21:20:24.769 17925 18034 I art     : Starting a blocking GC Explicit
08-03 21:20:24.787 17925 18034 I art     : Explicit concurrent mark sweep GC freed 20(704B) AllocSpace objects, 0(0B) LOS objects, 23% free, 51MB/67MB, paused 295us total 18.176ms
08-03 21:20:24.795 17925 18034 I art     : Starting a blocking GC Explicit
08-03 21:20:24.813 17925 18034 I art     : Explicit concurrent mark sweep GC freed 3(96B) AllocSpace objects, 0(0B) LOS objects, 23% free, 51MB/67MB, paused 273us total 17.211ms
08-03 21:20:24.821 17925 18034 I art     : Starting a blocking GC Explicit
08-03 21:20:24.838 17925 18034 I art     : Explicit concurrent mark sweep GC freed 3(96B) AllocSpace objects, 0(0B) LOS objects, 23% free, 51MB/67MB, paused 271us total 17.437ms
08-03 21:20:24.846 17925 18034 I art     : Starting a blocking GC Explicit
08-03 21:20:24.864 17925 18034 I art     : Explicit concurrent mark sweep GC freed 3(96B) AllocSpace objects, 0(0B) LOS objects, 23% free, 51MB/67MB, paused 284us total 17.671ms
08-03 21:20:25.179 17925 17937 I art     : Starting a blocking GC Explicit
08-03 21:20:25.201 17925 17937 I art     : Explicit concurrent mark sweep GC freed 1340(78KB) AllocSpace objects, 1(20KB) LOS objects, 23% free, 51MB/67MB, paused 300us total 22.157ms
08-03 21:20:25.212 17925 17937 I art     : Starting a blocking GC Explicit
08-03 21:20:25.234 17925 17937 I art     : Explicit concurrent mark sweep GC freed 20(704B) AllocSpace objects, 0(0B) LOS objects, 23% free, 51MB/67MB, paused 336us total 21.425ms
08-03 21:20:25.245 17925 17937 I art     : Starting a blocking GC Explicit
08-03 21:20:25.247 16351 16351 I ServiceManager: Waiting for service AtCmdFwd...
08-03 21:20:25.263 17925 17937 I art     : Explicit concurrent mark sweep GC freed 3(96B) AllocSpace objects, 0(0B) LOS objects, 23% free, 51MB/67MB, paused 286us total 17.805ms
08-03 21:20:25.272 17925 17937 I art     : Starting a blocking GC Explicit
08-03 21:20:25.290 17925 17937 I art     : Explicit concurrent mark sweep GC freed 3(96B) AllocSpace objects, 0(0B) LOS objects, 23% free, 51MB/67MB, paused 282us total 17.873ms
08-03 21:20:25.298 17925 17937 I art     : Starting a blocking GC Explicit
08-03 21:20:25.316 17925 17937 I art     : Explicit concurrent mark sweep GC freed 3(96B) AllocSpace objects, 0(0B) LOS objects, 23% free, 51MB/67MB, paused 282us total 17.870ms
08-03 21:20:25.647 17925 18017 I art     : Starting a blocking GC Explicit
08-03 21:20:25.672 17925 18017 I art     : Explicit concurrent mark sweep GC freed 1340(78KB) AllocSpace objects, 1(20KB) LOS objects, 23% free, 51MB/67MB, paused 344us total 25.036ms
08-03 21:20:25.684 17925 18017 I art     : Starting a blocking GC Explicit
08-03 21:20:25.702 17925 18017 I art     : Explicit concurrent mark sweep GC freed 20(704B) AllocSpace objects, 0(0B) LOS objects, 23% free, 51MB/67MB, paused 287us total 17.838ms
08-03 21:20:25.710 17925 18017 I art     : Starting a blocking GC Explicit
08-03 21:20:25.728 17925 18017 I art     : Explicit concurrent mark sweep GC freed 3(96B) AllocSpace objects, 0(0B) LOS objects, 23% free, 51MB/67MB, paused 290us total 17.557ms
08-03 21:20:25.736 17925 18017 I art     : Starting a blocking GC Explicit
08-03 21:20:25.754 17925 18017 I art     : Explicit concurrent mark sweep GC freed 3(96B) AllocSpace objects, 0(0B) LOS objects, 23% free, 51MB/67MB, paused 279us total 17.521ms
08-03 21:20:25.762 17925 18017 I art     : Starting a blocking GC Explicit
08-03 21:20:25.780 17925 18017 I art     : Explicit concurrent mark sweep GC freed 3(96B) AllocSpace objects, 0(0B) LOS objects, 23% free, 51MB/67MB, paused 283us total 17.819ms
08-03 21:20:26.116 17925 17938 I art     : Starting a blocking GC Explicit
08-03 21:20:26.142 17925 17938 I art     : Explicit concurrent mark sweep GC freed 1340(78KB) AllocSpace objects, 1(20KB) LOS objects, 23% free, 51MB/67MB, paused 315us total 25.235ms
08-03 21:20:26.153 17925 17938 I art     : Starting a blocking GC Explicit
08-03 21:20:26.172 17925 17938 I art     : Explicit concurrent mark sweep GC freed 20(704B) AllocSpace objects, 0(0B) LOS objects, 23% free, 51MB/67MB, paused 279us total 18.989ms
08-03 21:20:26.181 17925 17938 I art     : Starting a blocking GC Explicit
08-03 21:20:26.199 17925 17938 I art     : Explicit concurrent mark sweep GC freed 3(96B) AllocSpace objects, 0(0B) LOS objects, 23% free, 51MB/67MB, paused 283us total 17.683ms
08-03 21:20:26.207 17925 17938 I art     : Starting a blocking GC Explicit
08-03 21:20:26.225 17925 17938 I art     : Explicit concurrent mark sweep GC freed 3(96B) AllocSpace objects, 0(0B) LOS objects, 23% free, 51MB/67MB, paused 272us total 17.118ms
08-03 21:20:26.233 17925 17938 I art     : Starting a blocking GC Explicit
08-03 21:20:26.248 16351 16351 I ServiceManager: Waiting for service AtCmdFwd...
08-03 21:20:26.250 17925 17938 I art     : Explicit concurrent mark sweep GC freed 3(96B) AllocSpace objects, 0(0B) LOS objects, 23% free, 51MB/67MB, paused 291us total 17.205ms
08-03 21:20:26.571 17925 18034 I art     : Starting a blocking GC Explicit
08-03 21:20:26.592 17925 18034 I art     : Explicit concurrent mark sweep GC freed 1340(78KB) AllocSpace objects, 1(20KB) LOS objects, 23% free, 51MB/67MB, paused 310us total 20.890ms
08-03 21:20:26.603 17925 18034 I art     : Starting a blocking GC Explicit
08-03 21:20:26.620 17925 18034 I art     : Explicit concurrent mark sweep GC freed 20(704B) AllocSpace objects, 0(0B) LOS objects, 23% free, 51MB/67MB, paused 278us total 17.637ms
08-03 21:20:26.629 17925 18034 I art     : Starting a blocking GC Explicit
08-03 21:20:26.646 17925 18034 I art     : Explicit concurrent mark sweep GC freed 3(96B) AllocSpace objects, 0(0B) LOS objects, 23% free, 51MB/67MB, paused 295us total 17.386ms
08-03 21:20:26.655 17925 18034 I art     : Starting a blocking GC Explicit
08-03 21:20:26.673 17925 18034 I art     : Explicit concurrent mark sweep GC freed 3(96B) AllocSpace objects, 0(0B) LOS objects, 23% free, 51MB/67MB, paused 335us total 18.079ms
08-03 21:20:26.681 17925 18034 I art     : Starting a blocking GC Explicit
08-03 21:20:26.699 17925 18034 I art     : Explicit concurrent mark sweep GC freed 3(96B) AllocSpace objects, 0(0B) LOS objects, 23% free, 51MB/67MB, paused 274us total 17.801ms
08-03 21:20:27.024 17925 17937 I art     : Starting a blocking GC Explicit
08-03 21:20:27.050 17925 17937 I art     : Explicit concurrent mark sweep GC freed 1340(78KB) AllocSpace objects, 1(20KB) LOS objects, 23% free, 51MB/67MB, paused 336us total 26.103ms
08-03 21:20:27.062 17925 17937 I art     : Starting a blocking GC Explicit
08-03 21:20:27.081 17925 17937 I art     : Explicit concurrent mark sweep GC freed 20(704B) AllocSpace objects, 0(0B) LOS objects, 23% free, 51MB/67MB, paused 268us total 19.456ms
08-03 21:20:27.089 17925 17937 I art     : Starting a blocking GC Explicit
08-03 21:20:27.107 17925 17937 I art     : Explicit concurrent mark sweep GC freed 3(96B) AllocSpace objects, 0(0B) LOS objects, 23% free, 51MB/67MB, paused 289us total 17.389ms
08-03 21:20:27.115 17925 17937 I art     : Starting a blocking GC Explicit
08-03 21:20:27.133 17925 17937 I art     : Explicit concurrent mark sweep GC freed 3(96B) AllocSpace objects, 0(0B) LOS objects, 23% free, 51MB/67MB, paused 289us total 17.465ms
08-03 21:20:27.141 17925 17937 I art     : Starting a blocking GC Explicit
08-03 21:20:27.158 17925 17937 I art     : Explicit concurrent mark sweep GC freed 3(96B) AllocSpace objects, 0(0B) LOS objects, 23% free, 51MB/67MB, paused 271us total 16.818ms
08-03 21:20:27.249 16351 16351 I ServiceManager: Waiting for service AtCmdFwd...
08-03 21:20:27.492 17925 18017 I art     : Starting a blocking GC Explicit
08-03 21:20:27.517 17925 18017 I art     : Explicit concurrent mark sweep GC freed 1340(78KB) AllocSpace objects, 1(20KB) LOS objects, 23% free, 51MB/67MB, paused 424us total 25.101ms
08-03 21:20:27.529 17925 18017 I art     : Starting a blocking GC Explicit
08-03 21:20:27.549 17925 18017 I art     : Explicit concurrent mark sweep GC freed 20(704B) AllocSpace objects, 0(0B) LOS objects, 23% free, 51MB/67MB, paused 281us total 20.448ms
08-03 21:20:27.558 17925 18017 I art     : Starting a blocking GC Explicit
08-03 21:20:27.576 17925 18017 I art     : Explicit concurrent mark sweep GC freed 3(96B) AllocSpace objects, 0(0B) LOS objects, 23% free, 51MB/67MB, paused 304us total 17.550ms
08-03 21:20:27.584 17925 18017 I art     : Starting a blocking GC Explicit
08-03 21:20:27.601 17925 18017 I art     : Explicit concurrent mark sweep GC freed 3(96B) AllocSpace objects, 0(0B) LOS objects, 23% free, 51MB/67MB, paused 290us total 16.811ms
08-03 21:20:27.609 17925 18017 I art     : Starting a blocking GC Explicit
08-03 21:20:27.627 17925 18017 I art     : Explicit concurrent mark sweep GC freed 3(96B) AllocSpace objects, 0(0B) LOS objects, 23% free, 51MB/67MB, paused 413us total 17.303ms
08-03 21:20:27.890   918   918 I ActivityManager: Start proc 18401:baseline.com.newsblur/u0a625 for service baseline.com.newsblur/.service.NBSyncService
08-03 21:20:27.890 18401 18401 I art     : Late-enabling -Xcheck:jni
08-03 21:20:27.907 18789 18789 I Finsky  : [1] xow.onStartJob(3): SCH: onJobSchedulerWakeup with jobId 9000
08-03 21:20:27.914 18789 18789 I Finsky  : [1] xjw.a(9): Scheduling fallback in 43199998 (absolute: 1679431786)
08-03 21:20:27.927   918   931 I ActivityManager: Start proc 18414:com.google.android.apps.plus/u0a77 for broadcast com.google.android.apps.plus/.service.MandatorySyncAlarmReceiver
08-03 21:20:27.932 18789 18789 I Finsky  : [1] xjw.a(9): Scheduling fallback in 64799983 (absolute: 1701031789)
08-03 21:20:27.942 18401 18401 W System  : ClassLoader referenced unknown path: /data/app/baseline.com.newsblur-1/lib/arm64
08-03 21:20:27.957 17925 17938 I art     : Starting a blocking GC Explicit
08-03 21:20:27.972 17925 17938 I art     : Explicit concurrent mark sweep GC freed 1340(78KB) AllocSpace objects, 1(20KB) LOS objects, 23% free, 51MB/67MB, paused 259us total 15.190ms
08-03 21:20:27.980 17925 17938 I art     : Starting a blocking GC Explicit
08-03 21:20:27.995 17925 17938 I art     : Explicit concurrent mark sweep GC freed 20(704B) AllocSpace objects, 0(0B) LOS objects, 23% free, 51MB/67MB, paused 263us total 14.995ms
08-03 21:20:28.002 17925 17938 I art     : Starting a blocking GC Explicit
08-03 21:20:28.017 17925 17938 I art     : Explicit concurrent mark sweep GC freed 3(96B) AllocSpace objects, 0(0B) LOS objects, 23% free, 51MB/67MB, paused 250us total 15.128ms
08-03 21:20:28.025 17925 17938 I art     : Starting a blocking GC Explicit
08-03 21:20:28.040 17925 17938 I art     : Explicit concurrent mark sweep GC freed 3(96B) AllocSpace objects, 0(0B) LOS objects, 23% free, 51MB/67MB, paused 287us total 15.108ms
08-03 21:20:28.047 17925 17938 I art     : Starting a blocking GC Explicit
08-03 21:20:28.062 17925 17938 I art     : Explicit concurrent mark sweep GC freed 3(96B) AllocSpace objects, 0(0B) LOS objects, 23% free, 51MB/67MB, paused 259us total 14.683ms
08-03 21:20:28.078 18789 18789 I Finsky  : [1] xkf.handleMessage(8): SCH: DeviceState: DeviceState{currentTime=1596482428075, isCharging=false, isIdle=false, netAny=true, netNotRoaming=true, netUnmetered=true, batteryPercent=100.0}
08-03 21:20:28.082 18789 17892 I Finsky  : [5891] xmu.a(8): SCH: Jobs in database: 1-1337 3-181 3-182 12-1 26-1414141414 
08-03 21:20:28.084 18789 18789 I Finsky  : [1] xkg.a(16): SCH: Running job: 12-1
08-03 21:20:28.085 18789 18789 I Finsky  : [1] ContentSyncJob.a(16): [ContentSync] job started
08-03 21:20:28.085 18789 18789 I Finsky  : [1] xkf.handleMessage(61): SCH: RunningQueue size: 1, PendingQueue size: 0
08-03 21:20:28.085 18789 18789 I Finsky  : [1] xkf.handleMessage(64): SCH: Running queue: 12-1 
08-03 21:20:28.086 18414 18423 W art     : Suspending all threads took: 13.130ms
08-03 21:20:28.234 18789 17909 I Finsky  : [5901] dzn.a(22): Completed 0 account content syncs with 0 successful.
08-03 21:20:28.236 18789 18789 I Finsky  : [1] ContentSyncJob.a(1): [ContentSync] Installation state replication succeeded.
08-03 21:20:28.237 18789 18789 I Finsky  : [1] xlr.a(13): SCH: jobFinished: 12-1. TimeElapsed: 152ms.
08-03 21:20:28.237 18789 18789 I Finsky  : [1] xkg.a(36): SCH: Job 12-1 finished. Not rescheduling.
08-03 21:20:28.238 18789 18789 I Finsky  : [1] xkf.handleMessage(61): SCH: RunningQueue size: 0, PendingQueue size: 0
08-03 21:20:28.238 18789 18789 I Finsky  : [1] xkf.handleMessage(25): Executor finished
08-03 21:20:28.249 16351 16351 I ServiceManager: Waiting for service AtCmdFwd...
08-03 21:20:28.250   918  3359 I ActivityManager: Killing 10906:nappagreedy.com.newsblur/u0a628 (adj 15): empty #17
08-03 21:20:28.276 18789 18789 I Finsky  : [1] xmu.a(8): SCH: Jobs in database: 1-1337 3-181 3-182 26-1414141414 
08-03 21:20:28.278 18789 18789 I Finsky  : [1] xio.a(57): SCH: ConstraintMapping: 1-1337,  -> L: 2724628ms, D: 45924628ms, C: false, I: false, N: 1
08-03 21:20:28.279 18789 18789 I Finsky  : [1] xio.a(57): SCH: ConstraintMapping: 3-181,  -> L: 0ms, D: 77180936ms, C: false, I: true, N: 2
08-03 21:20:28.286 18789 18789 I Finsky  : [1] xio.a(57): SCH: ConstraintMapping: 3-182,  -> L: 0ms, D: 77181008ms, C: true, I: true, N: 2
08-03 21:20:28.288 18789 18789 I Finsky  : [1] xio.a(57): SCH: ConstraintMapping: 26-1414141414,  -> L: 6796876ms, D: 7696876ms, C: false, I: false, N: 0
08-03 21:20:28.314 18789 18789 I Finsky  : [1] xle.a(34): Cancelling existing jobscheduler jobs: 9004 9002 9005 9003 9009 9007 9008 
08-03 21:20:28.314 18789 18789 I Finsky  : [1] xle.a(27): Scheduling job Id: 9001, L: 2724628, D: 45924628, C: false, I: false, N: 1
08-03 21:20:28.315 18789 18789 I Finsky  : [1] xle.a(10): Throttling wakeup for job 9006 (expected to run in 0 ms) due to recent wakeup
08-03 21:20:28.316 18789 18789 I Finsky  : [1] xle.a(27): Scheduling job Id: 9006, L: 30000, D: 77180936, C: false, I: true, N: 2
08-03 21:20:28.323 18789 18789 I Finsky  : [1] xle.a(10): Throttling wakeup for job 9010 (expected to run in 0 ms) due to recent wakeup
08-03 21:20:28.324 18789 18789 I Finsky  : [1] xle.a(27): Scheduling job Id: 9010, L: 30000, D: 77181008, C: true, I: true, N: 2
08-03 21:20:28.325 18789 18789 I Finsky  : [1] xle.a(27): Scheduling job Id: 9011, L: 6796876, D: 7696876, C: false, I: false, N: 0
08-03 21:20:28.327 18789 18789 I Finsky  : [1] xle.a(27): Scheduling job Id: 9012, L: 2724628, D: 45924628, C: false, I: false, N: 1
08-03 21:20:28.329 18789 18789 I Finsky  : [1] xle.a(10): Throttling wakeup for job 9013 (expected to run in 0 ms) due to recent wakeup
08-03 21:20:28.329 18789 18789 I Finsky  : [1] xle.a(27): Scheduling job Id: 9013, L: 30000, D: 77180936, C: false, I: true, N: 2
08-03 21:20:28.330 18789 18789 I Finsky  : [1] xle.a(10): Throttling wakeup for job 9014 (expected to run in 0 ms) due to recent wakeup
08-03 21:20:28.331 18789 18789 I Finsky  : [1] xle.a(27): Scheduling job Id: 9014, L: 30000, D: 77181008, C: true, I: true, N: 2
08-03 21:20:28.333 18789 18789 I Finsky  : [1] xle.a(27): Scheduling job Id: 9015, L: 6796876, D: 7696876, C: false, I: false, N: 0
08-03 21:20:28.353 17925 18034 I art     : Starting a blocking GC Explicit
08-03 21:20:28.370 17925 18034 I art     : Explicit concurrent mark sweep GC freed 1340(78KB) AllocSpace objects, 1(20KB) LOS objects, 23% free, 51MB/67MB, paused 287us total 17.129ms
08-03 21:20:28.378 17925 18034 I art     : Starting a blocking GC Explicit
08-03 21:20:28.394 17925 18034 I art     : Explicit concurrent mark sweep GC freed 20(704B) AllocSpace objects, 0(0B) LOS objects, 23% free, 51MB/67MB, paused 286us total 15.689ms
08-03 21:20:28.402 17925 18034 I art     : Starting a blocking GC Explicit
08-03 21:20:28.417 17925 18034 I art     : Explicit concurrent mark sweep GC freed 3(96B) AllocSpace objects, 0(0B) LOS objects, 23% free, 51MB/67MB, paused 263us total 15.244ms
08-03 21:20:28.424 17925 18034 I art     : Starting a blocking GC Explicit
08-03 21:20:28.440 17925 18034 I art     : Explicit concurrent mark sweep GC freed 3(96B) AllocSpace objects, 0(0B) LOS objects, 23% free, 51MB/67MB, paused 255us total 15.164ms
08-03 21:20:28.447 17925 18034 I art     : Starting a blocking GC Explicit
08-03 21:20:28.462 17925 18034 I art     : Explicit concurrent mark sweep GC freed 3(96B) AllocSpace objects, 0(0B) LOS objects, 23% free, 51MB/67MB, paused 249us total 14.480ms
08-03 21:20:28.738   918  3696 I AccountManagerService: getTypesVisibleToCaller: isPermitted? true
08-03 21:20:28.738 17925 17937 I art     : Starting a blocking GC Explicit
08-03 21:20:28.746   918  4413 I AccountManagerService: getTypesVisibleToCaller: isPermitted? true
08-03 21:20:28.755 17925 17937 I art     : Explicit concurrent mark sweep GC freed 1340(78KB) AllocSpace objects, 1(20KB) LOS objects, 23% free, 51MB/67MB, paused 256us total 16.444ms
08-03 21:20:28.763 17925 17937 I art     : Starting a blocking GC Explicit
08-03 21:20:28.765   918  5952 I AccountManagerService: getTypesVisibleToCaller: isPermitted? true
08-03 21:20:28.771   918  6029 I ActivityManager: Killing 2328:com.google.android.partnersetup/u0a18 (adj 15): empty #17
08-03 21:20:28.779 17925 17937 I art     : Explicit concurrent mark sweep GC freed 20(704B) AllocSpace objects, 0(0B) LOS objects, 23% free, 51MB/67MB, paused 256us total 15.925ms
08-03 21:20:28.787 17925 17937 I art     : Starting a blocking GC Explicit
08-03 21:20:28.804 17925 17937 I art     : Explicit concurrent mark sweep GC freed 3(96B) AllocSpace objects, 0(0B) LOS objects, 23% free, 51MB/67MB, paused 270us total 17.009ms
08-03 21:20:28.812 17925 17937 I art     : Starting a blocking GC Explicit
08-03 21:20:28.828 17925 17937 I art     : Explicit concurrent mark sweep GC freed 3(96B) AllocSpace objects, 0(0B) LOS objects, 23% free, 51MB/67MB, paused 300us total 15.614ms
08-03 21:20:28.836 17925 17937 I art     : Starting a blocking GC Explicit
08-03 21:20:28.852 17925 17937 I art     : Explicit concurrent mark sweep GC freed 3(96B) AllocSpace objects, 0(0B) LOS objects, 23% free, 51MB/67MB, paused 266us total 15.764ms
08-03 21:20:29.158 17925 18017 I art     : Starting a blocking GC Explicit
08-03 21:20:29.179 17925 18017 I art     : Explicit concurrent mark sweep GC freed 1340(78KB) AllocSpace objects, 1(20KB) LOS objects, 23% free, 51MB/67MB, paused 313us total 20.181ms
08-03 21:20:29.187 17925 18017 I art     : Starting a blocking GC Explicit
08-03 21:20:29.204 17925 18017 I art     : Explicit concurrent mark sweep GC freed 20(704B) AllocSpace objects, 0(0B) LOS objects, 23% free, 51MB/67MB, paused 301us total 17.371ms
08-03 21:20:29.213 17925 18017 I art     : Starting a blocking GC Explicit
08-03 21:20:29.230 17925 18017 I art     : Explicit concurrent mark sweep GC freed 3(96B) AllocSpace objects, 0(0B) LOS objects, 23% free, 51MB/67MB, paused 283us total 16.871ms
08-03 21:20:29.233 18466 18466 D AndroidRuntime: >>>>>> START com.android.internal.os.RuntimeInit uid 2000 <<<<<<
08-03 21:20:29.238 17925 18017 I art     : Starting a blocking GC Explicit
08-03 21:20:29.238 18466 18466 D AndroidRuntime: CheckJNI is OFF
08-03 21:20:29.250 16351 16351 W Atfwd_Sendcmd: AtCmdFwd service not published, waiting... retryCnt : 1
08-03 21:20:29.255 17925 18017 I art     : Explicit concurrent mark sweep GC freed 3(96B) AllocSpace objects, 0(0B) LOS objects, 23% free, 51MB/67MB, paused 289us total 17.014ms
08-03 21:20:29.263 17925 18017 I art     : Starting a blocking GC Explicit
08-03 21:20:29.275 18466 18466 D ICU     : No timezone override file found: /data/misc/zoneinfo/current/icu/icu_tzdata.dat
08-03 21:20:29.279 17925 18017 I art     : Explicit concurrent mark sweep GC freed 3(96B) AllocSpace objects, 0(0B) LOS objects, 23% free, 51MB/67MB, paused 272us total 16.318ms
08-03 21:20:29.311 18466 18466 I Radio-JNI: register_android_hardware_Radio DONE
08-03 21:20:29.332 18466 18466 D AndroidRuntime: Calling main entry com.android.commands.input.Input
08-03 21:20:29.334 18466 18466 I Input   : injectMotionEvent: MotionEvent { action=ACTION_DOWN, actionButton=0, id[0]=0, x[0]=733.0, y[0]=645.0, toolType[0]=TOOL_TYPE_UNKNOWN, buttonState=0, metaState=0, flags=0x0, edgeFlags=0x0, pointerCount=1, historySize=0, eventTime=652845746, downTime=652845746, deviceId=0, source=0x1002 }
08-03 21:20:29.339 18466 18466 I Input   : injectMotionEvent: MotionEvent { action=ACTION_UP, actionButton=0, id[0]=0, x[0]=733.0, y[0]=645.0, toolType[0]=TOOL_TYPE_UNKNOWN, buttonState=0, metaState=0, flags=0x0, edgeFlags=0x0, pointerCount=1, historySize=0, eventTime=652845746, downTime=652845746, deviceId=0, source=0x1002 }
08-03 21:20:29.340   918  5952 I ActivityManager: START u0 {cmp=baseline.appteam.nith.hillffair/.activities.ClubActivity (has extras)} from uid 10624 on display 0
08-03 21:20:29.348 18466 18466 D AndroidRuntime: Shutting down VM
08-03 21:20:29.461   918   936 I ActivityManager: Displayed baseline.appteam.nith.hillffair/.activities.ClubActivity: +112ms
08-03 21:20:29.462 13866 13866 I GoogleInputMethodServic: GoogleInputMethodService.onFinishInput():3138 
08-03 21:20:29.462 13866 13866 I GoogleInputMethodServic: GoogleInputMethodService.onStartInput():1808 
08-03 21:20:29.534 17925 18017 I art     : Starting a blocking GC Explicit
08-03 21:20:29.554 17925 18017 I art     : Explicit concurrent mark sweep GC freed 5269(328KB) AllocSpace objects, 1(20KB) LOS objects, 23% free, 52MB/68MB, paused 320us total 19.272ms
08-03 21:20:29.562 17925 18017 I art     : Starting a blocking GC Explicit
08-03 21:20:29.583 17925 18017 I art     : Explicit concurrent mark sweep GC freed 211(9KB) AllocSpace objects, 0(0B) LOS objects, 23% free, 52MB/68MB, paused 348us total 20.226ms
08-03 21:20:29.592 17925 18017 I art     : Starting a blocking GC Explicit
08-03 21:20:29.611 17925 18017 I art     : Explicit concurrent mark sweep GC freed 3(96B) AllocSpace objects, 0(0B) LOS objects, 23% free, 52MB/68MB, paused 344us total 19.083ms
08-03 21:20:29.621 17925 18017 I art     : Starting a blocking GC Explicit
08-03 21:20:29.640 17925 18017 I art     : Explicit concurrent mark sweep GC freed 3(96B) AllocSpace objects, 0(0B) LOS objects, 23% free, 52MB/68MB, paused 311us total 19.470ms
08-03 21:20:29.650 17925 18017 I art     : Starting a blocking GC Explicit
08-03 21:20:29.671 17925 18017 I art     : Explicit concurrent mark sweep GC freed 3(96B) AllocSpace objects, 0(0B) LOS objects, 23% free, 52MB/68MB, paused 350us total 20.675ms
08-03 21:20:29.698   380   380 W SurfaceFlinger: couldn't log to binary event log: overflow.
08-03 21:20:29.910 17925 18490 D OkHttp  : --> GET https://api-hillfair-2k16.herokuapp.com/api/app/events/special/event?id=5806551bdcba0f490c70fd1f http/1.1
08-03 21:20:29.951 17925 17938 I art     : Starting a blocking GC Explicit
08-03 21:20:29.952 17925 18490 D OkHttp  : <-- 200 OK https://api-hillfair-2k16.herokuapp.com/api/app/events/special/event?id=5806551bdcba0f490c70fd1f (40ms, 795-byte body)
08-03 21:20:29.969 17925 17938 I art     : Explicit concurrent mark sweep GC freed 4238(255KB) AllocSpace objects, 4(220KB) LOS objects, 23% free, 52MB/68MB, paused 337us total 17.857ms
08-03 21:20:29.977 17925 17938 I art     : Starting a blocking GC Explicit
08-03 21:20:29.993 17925 17938 I art     : Explicit concurrent mark sweep GC freed 1100(124KB) AllocSpace objects, 0(0B) LOS objects, 23% free, 52MB/68MB, paused 299us total 16.162ms
08-03 21:20:29.999 17925 17925 I NAPPA_EXPERIMENTATION: MetricNetworkRequestExecutionTime: REQUEST_DURATION_SYSTEM='616',REQUEST_DURATION_OKHTTP='40',REQUEST_SYNCHRONOUS='FALSE',RESPONSE_CODE='200',RESPONSE_METHOD='GET',RESPONSE_LENGTH_OKHTTP='795',RESPONSE_LENGTH_HEADER='795',REQUEST_PROTOCOL='http/1.1',REQUEST_URL='https://api-hillfair-2k16.herokuapp.com/api/app/events/special/event?id=5806551bdcba0f490c70fd1f',
08-03 21:20:30.001 17925 17938 I art     : Starting a blocking GC Explicit
08-03 21:20:30.017 17925 17938 I art     : Explicit concurrent mark sweep GC freed 240(49KB) AllocSpace objects, 0(0B) LOS objects, 23% free, 52MB/68MB, paused 492us total 16.364ms
08-03 21:20:30.024 17925 17938 I art     : Starting a blocking GC Explicit
08-03 21:20:30.040 17925 17938 I art     : Explicit concurrent mark sweep GC freed 316(14KB) AllocSpace objects, 0(0B) LOS objects, 23% free, 52MB/68MB, paused 306us total 15.652ms
08-03 21:20:30.047 17925 17938 I art     : Starting a blocking GC Explicit
08-03 21:20:30.064 17925 17938 I art     : Explicit concurrent mark sweep GC freed 48(21KB) AllocSpace objects, 0(0B) LOS objects, 23% free, 52MB/68MB, paused 359us total 16.799ms
08-03 21:20:30.335 17925 18034 I art     : Starting a blocking GC Explicit
08-03 21:20:30.354 17925 18034 I art     : Explicit concurrent mark sweep GC freed 1360(78KB) AllocSpace objects, 1(20KB) LOS objects, 23% free, 52MB/68MB, paused 315us total 17.981ms
08-03 21:20:30.362 17925 18034 I art     : Starting a blocking GC Explicit
08-03 21:20:30.380 17925 18034 I art     : Explicit concurrent mark sweep GC freed 20(704B) AllocSpace objects, 0(0B) LOS objects, 23% free, 52MB/68MB, paused 291us total 17.805ms
08-03 21:20:30.388 17925 18034 I art     : Starting a blocking GC Explicit
08-03 21:20:30.404 17925 18034 I art     : Explicit concurrent mark sweep GC freed 3(96B) AllocSpace objects, 0(0B) LOS objects, 23% free, 52MB/68MB, paused 287us total 16.555ms
08-03 21:20:30.412 17925 18034 I art     : Starting a blocking GC Explicit
08-03 21:20:30.430 17925 18034 I art     : Explicit concurrent mark sweep GC freed 3(96B) AllocSpace objects, 0(0B) LOS objects, 23% free, 52MB/68MB, paused 297us total 18.122ms
08-03 21:20:30.438 17925 18034 I art     : Starting a blocking GC Explicit
08-03 21:20:30.456 17925 18034 I art     : Explicit concurrent mark sweep GC freed 19(656B) AllocSpace objects, 0(0B) LOS objects, 23% free, 52MB/68MB, paused 300us total 17.312ms
08-03 21:20:30.587   918 13198 D NetlinkSocketObserver: NeighborEvent{elapsedMs=1636234461, 192.168.2.254, [7C3953A63323], RTM_NEWNEIGH, NUD_STALE}
08-03 21:20:30.748 17925 17938 I art     : Starting a blocking GC Explicit
08-03 21:20:30.776 17925 17938 I art     : Explicit concurrent mark sweep GC freed 1341(78KB) AllocSpace objects, 1(20KB) LOS objects, 23% free, 52MB/68MB, paused 317us total 27.050ms
08-03 21:20:30.788 17925 17938 I art     : Starting a blocking GC Explicit
08-03 21:20:30.807 17925 17938 I art     : Explicit concurrent mark sweep GC freed 20(704B) AllocSpace objects, 0(0B) LOS objects, 23% free, 52MB/68MB, paused 317us total 18.866ms
08-03 21:20:30.815 17925 17938 I art     : Starting a blocking GC Explicit
08-03 21:20:30.834 17925 17938 I art     : Explicit concurrent mark sweep GC freed 3(96B) AllocSpace objects, 0(0B) LOS objects, 23% free, 52MB/68MB, paused 304us total 18.272ms
08-03 21:20:30.842 17925 17938 I art     : Starting a blocking GC Explicit
08-03 21:20:30.861 17925 17938 I art     : Explicit concurrent mark sweep GC freed 3(96B) AllocSpace objects, 0(0B) LOS objects, 23% free, 52MB/68MB, paused 311us total 18.957ms
08-03 21:20:30.870 17925 17938 I art     : Starting a blocking GC Explicit
08-03 21:20:30.889 17925 17938 I art     : Explicit concurrent mark sweep GC freed 3(96B) AllocSpace objects, 0(0B) LOS objects, 23% free, 52MB/68MB, paused 318us total 19.046ms
08-03 21:20:31.161   918  3261 D WifiStateMachine: starting scan for "H369AA63323"WPA_PSK with 2412,5180
08-03 21:20:31.193 17925 18017 I art     : Starting a blocking GC Explicit
08-03 21:20:31.217 17925 18017 I art     : Explicit concurrent mark sweep GC freed 1341(78KB) AllocSpace objects, 1(20KB) LOS objects, 23% free, 52MB/68MB, paused 320us total 23.548ms
08-03 21:20:31.228 17925 18017 I art     : Starting a blocking GC Explicit
08-03 21:20:31.248 17925 18017 I art     : Explicit concurrent mark sweep GC freed 20(704B) AllocSpace objects, 0(0B) LOS objects, 23% free, 52MB/68MB, paused 325us total 19.129ms
08-03 21:20:31.256 17925 18017 I art     : Starting a blocking GC Explicit
08-03 21:20:31.275 17925 18017 I art     : Explicit concurrent mark sweep GC freed 3(96B) AllocSpace objects, 0(0B) LOS objects, 23% free, 52MB/68MB, paused 305us total 19.091ms
08-03 21:20:31.284 17925 18017 I art     : Starting a blocking GC Explicit
08-03 21:20:31.303 17925 18017 I art     : Explicit concurrent mark sweep GC freed 3(96B) AllocSpace objects, 0(0B) LOS objects, 23% free, 52MB/68MB, paused 305us total 18.542ms
08-03 21:20:31.311 17925 18017 I art     : Starting a blocking GC Explicit
08-03 21:20:31.330 17925 18017 I art     : Explicit concurrent mark sweep GC freed 3(96B) AllocSpace objects, 0(0B) LOS objects, 23% free, 52MB/68MB, paused 297us total 18.184ms
08-03 21:20:31.645 17925 17937 I art     : Starting a blocking GC Explicit
08-03 21:20:31.668 17925 17937 I art     : Explicit concurrent mark sweep GC freed 1341(78KB) AllocSpace objects, 1(20KB) LOS objects, 23% free, 52MB/68MB, paused 385us total 22.968ms
08-03 21:20:31.679 17925 17937 I art     : Starting a blocking GC Explicit
08-03 21:20:31.701 17925 17937 I art     : Explicit concurrent mark sweep GC freed 20(704B) AllocSpace objects, 0(0B) LOS objects, 23% free, 52MB/68MB, paused 316us total 21.436ms
08-03 21:20:31.709 17925 17937 I art     : Starting a blocking GC Explicit
08-03 21:20:31.729 17925 17937 I art     : Explicit concurrent mark sweep GC freed 3(96B) AllocSpace objects, 0(0B) LOS objects, 23% free, 52MB/68MB, paused 298us total 19.066ms
08-03 21:20:31.737 17925 17937 I art     : Starting a blocking GC Explicit
08-03 21:20:31.757 17925 17937 I art     : Explicit concurrent mark sweep GC freed 3(96B) AllocSpace objects, 0(0B) LOS objects, 23% free, 52MB/68MB, paused 308us total 19.063ms
08-03 21:20:31.765 17925 17937 I art     : Starting a blocking GC Explicit
08-03 21:20:31.783 17925 17937 I art     : Explicit concurrent mark sweep GC freed 3(96B) AllocSpace objects, 0(0B) LOS objects, 23% free, 52MB/68MB, paused 300us total 18.318ms
08-03 21:20:32.127 17925 18034 I art     : Starting a blocking GC Explicit
08-03 21:20:32.153 17925 18034 I art     : Explicit concurrent mark sweep GC freed 1341(78KB) AllocSpace objects, 1(20KB) LOS objects, 23% free, 52MB/68MB, paused 332us total 26.066ms
08-03 21:20:32.167 17925 18034 I art     : Starting a blocking GC Explicit
08-03 21:20:32.186 17925 18034 I art     : Explicit concurrent mark sweep GC freed 20(704B) AllocSpace objects, 0(0B) LOS objects, 23% free, 52MB/68MB, paused 306us total 19.088ms
08-03 21:20:32.195 17925 18034 I art     : Starting a blocking GC Explicit
08-03 21:20:32.213 17925 18034 I art     : Explicit concurrent mark sweep GC freed 3(96B) AllocSpace objects, 0(0B) LOS objects, 23% free, 52MB/68MB, paused 286us total 17.793ms
08-03 21:20:32.221 17925 18034 I art     : Starting a blocking GC Explicit
08-03 21:20:32.240 17925 18034 I art     : Explicit concurrent mark sweep GC freed 3(96B) AllocSpace objects, 0(0B) LOS objects, 23% free, 52MB/68MB, paused 299us total 18.601ms
08-03 21:20:32.248 17925 18034 I art     : Starting a blocking GC Explicit
08-03 21:20:32.268 17925 18034 I art     : Explicit concurrent mark sweep GC freed 3(96B) AllocSpace objects, 0(0B) LOS objects, 23% free, 52MB/68MB, paused 305us total 19.257ms
08-03 21:20:32.607 17925 17938 I art     : Starting a blocking GC Explicit
08-03 21:20:32.636 17925 17938 I art     : Explicit concurrent mark sweep GC freed 1341(78KB) AllocSpace objects, 1(20KB) LOS objects, 23% free, 52MB/68MB, paused 356us total 28.183ms
08-03 21:20:32.648 17925 17938 I art     : Starting a blocking GC Explicit
08-03 21:20:32.668 17925 17938 I art     : Explicit concurrent mark sweep GC freed 20(704B) AllocSpace objects, 0(0B) LOS objects, 23% free, 52MB/68MB, paused 302us total 19.007ms
08-03 21:20:32.676 17925 17938 I art     : Starting a blocking GC Explicit
08-03 21:20:32.695 17925 17938 I art     : Explicit concurrent mark sweep GC freed 3(96B) AllocSpace objects, 0(0B) LOS objects, 23% free, 52MB/68MB, paused 350us total 18.677ms
08-03 21:20:32.703 17925 17938 I art     : Starting a blocking GC Explicit
08-03 21:20:32.722 17925 17938 I art     : Explicit concurrent mark sweep GC freed 3(96B) AllocSpace objects, 0(0B) LOS objects, 23% free, 52MB/68MB, paused 302us total 18.467ms
08-03 21:20:32.730 17925 17938 I art     : Starting a blocking GC Explicit
08-03 21:20:32.749 17925 17938 I art     : Explicit concurrent mark sweep GC freed 3(96B) AllocSpace objects, 0(0B) LOS objects, 23% free, 52MB/68MB, paused 309us total 18.393ms
08-03 21:20:33.053 17925 18017 I art     : Starting a blocking GC Explicit
08-03 21:20:33.072 17925 18017 I art     : Explicit concurrent mark sweep GC freed 1341(78KB) AllocSpace objects, 1(20KB) LOS objects, 23% free, 52MB/68MB, paused 314us total 18.953ms
08-03 21:20:33.081 17925 18017 I art     : Starting a blocking GC Explicit
08-03 21:20:33.100 17925 18017 I art     : Explicit concurrent mark sweep GC freed 20(704B) AllocSpace objects, 0(0B) LOS objects, 23% free, 52MB/68MB, paused 318us total 19.044ms
08-03 21:20:33.108 17925 18017 I art     : Starting a blocking GC Explicit
08-03 21:20:33.128 17925 18017 I art     : Explicit concurrent mark sweep GC freed 3(96B) AllocSpace objects, 0(0B) LOS objects, 23% free, 52MB/68MB, paused 304us total 19.204ms
08-03 21:20:33.136 17925 18017 I art     : Starting a blocking GC Explicit
08-03 21:20:33.154 17925 18017 I art     : Explicit concurrent mark sweep GC freed 3(96B) AllocSpace objects, 0(0B) LOS objects, 23% free, 52MB/68MB, paused 288us total 17.579ms
08-03 21:20:33.163 17925 18017 I art     : Starting a blocking GC Explicit
08-03 21:20:33.180 17925 18017 I art     : Explicit concurrent mark sweep GC freed 3(96B) AllocSpace objects, 0(0B) LOS objects, 23% free, 52MB/68MB, paused 294us total 17.055ms
08-03 21:20:33.456 17925 17937 I art     : Starting a blocking GC Explicit
08-03 21:20:33.476 17925 17937 I art     : Explicit concurrent mark sweep GC freed 1341(78KB) AllocSpace objects, 1(20KB) LOS objects, 23% free, 52MB/68MB, paused 309us total 19.654ms
08-03 21:20:33.488 17925 17937 I art     : Starting a blocking GC Explicit
08-03 21:20:33.507 17925 17937 I art     : Explicit concurrent mark sweep GC freed 20(704B) AllocSpace objects, 0(0B) LOS objects, 23% free, 52MB/68MB, paused 411us total 18.583ms
08-03 21:20:33.515 17925 17937 I art     : Starting a blocking GC Explicit
08-03 21:20:33.533 17925 17937 I art     : Explicit concurrent mark sweep GC freed 3(96B) AllocSpace objects, 0(0B) LOS objects, 23% free, 52MB/68MB, paused 298us total 18.277ms
08-03 21:20:33.542 17925 17937 I art     : Starting a blocking GC Explicit
08-03 21:20:33.561 17925 17937 I art     : Explicit concurrent mark sweep GC freed 3(96B) AllocSpace objects, 0(0B) LOS objects, 23% free, 52MB/68MB, paused 296us total 18.797ms
08-03 21:20:33.569 17925 17937 I art     : Starting a blocking GC Explicit
08-03 21:20:33.588 17925 17937 I art     : Explicit concurrent mark sweep GC freed 3(96B) AllocSpace objects, 0(0B) LOS objects, 23% free, 52MB/68MB, paused 288us total 18.544ms
08-03 21:20:33.896 17925 18034 I art     : Starting a blocking GC Explicit
08-03 21:20:33.916 17925 18034 I art     : Explicit concurrent mark sweep GC freed 1341(78KB) AllocSpace objects, 1(20KB) LOS objects, 23% free, 52MB/68MB, paused 312us total 19.971ms
08-03 21:20:33.928 17925 18034 I art     : Starting a blocking GC Explicit
08-03 21:20:33.951 17925 18034 I art     : Explicit concurrent mark sweep GC freed 20(704B) AllocSpace objects, 0(0B) LOS objects, 23% free, 52MB/68MB, paused 325us total 22.816ms
08-03 21:20:33.960 17925 18034 I art     : Starting a blocking GC Explicit
08-03 21:20:33.980 17925 18034 I art     : Explicit concurrent mark sweep GC freed 3(96B) AllocSpace objects, 0(0B) LOS objects, 23% free, 52MB/68MB, paused 298us total 18.977ms
08-03 21:20:33.988 17925 18034 I art     : Starting a blocking GC Explicit
08-03 21:20:34.007 17925 18034 I art     : Explicit concurrent mark sweep GC freed 3(96B) AllocSpace objects, 0(0B) LOS objects, 23% free, 52MB/68MB, paused 313us total 18.159ms
08-03 21:20:34.015 17925 18034 I art     : Starting a blocking GC Explicit
08-03 21:20:34.033 17925 18034 I art     : Explicit concurrent mark sweep GC freed 3(96B) AllocSpace objects, 0(0B) LOS objects, 23% free, 52MB/68MB, paused 297us total 18.453ms
08-03 21:20:34.250 16351 16351 I ServiceManager: Waiting for service AtCmdFwd...
08-03 21:20:34.352 17925 17938 I art     : Starting a blocking GC Explicit
08-03 21:20:34.376 17925 17938 I art     : Explicit concurrent mark sweep GC freed 1341(78KB) AllocSpace objects, 1(20KB) LOS objects, 23% free, 52MB/68MB, paused 346us total 23.238ms
08-03 21:20:34.387 17925 17938 I art     : Starting a blocking GC Explicit
08-03 21:20:34.406 17925 17938 I art     : Explicit concurrent mark sweep GC freed 20(704B) AllocSpace objects, 0(0B) LOS objects, 23% free, 52MB/68MB, paused 323us total 19.007ms
08-03 21:20:34.415 17925 17938 I art     : Starting a blocking GC Explicit
08-03 21:20:34.434 17925 17938 I art     : Explicit concurrent mark sweep GC freed 3(96B) AllocSpace objects, 0(0B) LOS objects, 23% free, 52MB/68MB, paused 304us total 19.145ms
08-03 21:20:34.443 17925 17938 I art     : Starting a blocking GC Explicit
08-03 21:20:34.462 17925 17938 I art     : Explicit concurrent mark sweep GC freed 3(96B) AllocSpace objects, 0(0B) LOS objects, 23% free, 52MB/68MB, paused 299us total 19.257ms
08-03 21:20:34.471 17925 17938 I art     : Starting a blocking GC Explicit
08-03 21:20:34.489 17925 17938 I art     : Explicit concurrent mark sweep GC freed 3(96B) AllocSpace objects, 0(0B) LOS objects, 23% free, 52MB/68MB, paused 314us total 18.416ms
08-03 21:20:34.787 17925 18017 I art     : Starting a blocking GC Explicit
08-03 21:20:34.811 17925 18017 I art     : Explicit concurrent mark sweep GC freed 1532(90KB) AllocSpace objects, 1(20KB) LOS objects, 23% free, 52MB/68MB, paused 405us total 23.918ms
08-03 21:20:34.819 17925 18017 I art     : Starting a blocking GC Explicit
08-03 21:20:34.839 17925 18017 I art     : Explicit concurrent mark sweep GC freed 25(912B) AllocSpace objects, 0(0B) LOS objects, 23% free, 52MB/68MB, paused 369us total 19.730ms
08-03 21:20:34.848 17925 18017 I art     : Starting a blocking GC Explicit
08-03 21:20:34.866 17925 18017 I art     : Explicit concurrent mark sweep GC freed 3(96B) AllocSpace objects, 0(0B) LOS objects, 23% free, 52MB/68MB, paused 358us total 18.345ms
08-03 21:20:34.875 17925 18017 I art     : Starting a blocking GC Explicit
08-03 21:20:34.894 17925 18017 I art     : Explicit concurrent mark sweep GC freed 20(976B) AllocSpace objects, 0(0B) LOS objects, 23% free, 52MB/68MB, paused 440us total 19.148ms
08-03 21:20:34.902 17925 18017 I art     : Starting a blocking GC Explicit
08-03 21:20:34.922 17925 18017 I art     : Explicit concurrent mark sweep GC freed 64(3KB) AllocSpace objects, 0(0B) LOS objects, 23% free, 52MB/68MB, paused 356us total 19.121ms
08-03 21:20:35.063 17925 18624 W OneSignal: OneSignalRestClient: POST Error thrown from network stack. 
08-03 21:20:35.063 17925 18624 W OneSignal: java.io.IOException: unexpected end of stream on Connection{api.onesignal.com:443, proxy=HTTP@192.168.2.12:8080 hostAddress=192.168.2.12 cipherSuite=TLS_ECDHE_RSA_WITH_AES_128_GCM_SHA256 protocol=http/1.1} (recycle count=0)
08-03 21:20:35.063 17925 18624 W OneSignal: 	at com.android.okhttp.internal.http.HttpConnection.readResponse(HttpConnection.java:210)
08-03 21:20:35.063 17925 18624 W OneSignal: 	at com.android.okhttp.internal.http.HttpTransport.readResponseHeaders(HttpTransport.java:80)
08-03 21:20:35.063 17925 18624 W OneSignal: 	at com.android.okhttp.internal.http.HttpEngine.readNetworkResponse(HttpEngine.java:904)
08-03 21:20:35.063 17925 18624 W OneSignal: 	at com.android.okhttp.internal.http.HttpEngine.readResponse(HttpEngine.java:788)
08-03 21:20:35.063 17925 18624 W OneSignal: 	at com.android.okhttp.internal.huc.HttpURLConnectionImpl.execute(HttpURLConnectionImpl.java:439)
08-03 21:20:35.063 17925 18624 W OneSignal: 	at com.android.okhttp.internal.huc.HttpURLConnectionImpl.getResponse(HttpURLConnectionImpl.java:384)
08-03 21:20:35.063 17925 18624 W OneSignal: 	at com.android.okhttp.internal.huc.HttpURLConnectionImpl.getResponseCode(HttpURLConnectionImpl.java:497)
08-03 21:20:35.063 17925 18624 W OneSignal: 	at com.android.okhttp.internal.huc.DelegatingHttpsURLConnection.getResponseCode(DelegatingHttpsURLConnection.java:105)
08-03 21:20:35.063 17925 18624 W OneSignal: 	at com.android.okhttp.internal.huc.HttpsURLConnectionImpl.getResponseCode(HttpsURLConnectionImpl.java)
08-03 21:20:35.063 17925 18624 W OneSignal: 	at com.onesignal.OneSignalRestClient.startHTTPConnection(OneSignalRestClient.java:180)
08-03 21:20:35.063 17925 18624 W OneSignal: 	at com.onesignal.OneSignalRestClient.access$100(OneSignalRestClient.java:44)
08-03 21:20:35.063 17925 18624 W OneSignal: 	at com.onesignal.OneSignalRestClient$4.run(OneSignalRestClient.java:110)
08-03 21:20:35.063 17925 18624 W OneSignal: 	at java.lang.Thread.run(Thread.java:818)
08-03 21:20:35.063 17925 18624 W OneSignal: Caused by: java.io.EOFException: \n not found: size=0 content=...
08-03 21:20:35.063 17925 18624 W OneSignal: 	at com.android.okhttp.okio.RealBufferedSource.readUtf8LineStrict(RealBufferedSource.java:200)
08-03 21:20:35.063 17925 18624 W OneSignal: 	at com.android.okhttp.internal.http.HttpConnection.readResponse(HttpConnection.java:191)
08-03 21:20:35.063 17925 18624 W OneSignal: 	... 12 more
08-03 21:20:35.066 17925 18627 W OneSignal: Failed last request. statusCode: -1
08-03 21:20:35.066 17925 18627 W OneSignal: response: null
08-03 21:20:35.235 17925 17937 I art     : Starting a blocking GC Explicit
08-03 21:20:35.251 16351 16351 I ServiceManager: Waiting for service AtCmdFwd...
08-03 21:20:35.259 17925 17937 I art     : Explicit concurrent mark sweep GC freed 3644(226KB) AllocSpace objects, 1(20KB) LOS objects, 23% free, 52MB/68MB, paused 344us total 23.511ms
08-03 21:20:35.268 17925 17937 I art     : Starting a blocking GC Explicit
08-03 21:20:35.287 17925 17937 I art     : Explicit concurrent mark sweep GC freed 67(2432B) AllocSpace objects, 0(0B) LOS objects, 23% free, 52MB/68MB, paused 314us total 19.115ms
08-03 21:20:35.296 17925 17937 I art     : Starting a blocking GC Explicit
08-03 21:20:35.315 17925 17937 I art     : Explicit concurrent mark sweep GC freed 3(96B) AllocSpace objects, 0(0B) LOS objects, 23% free, 52MB/68MB, paused 301us total 18.881ms
08-03 21:20:35.324 17925 17937 I art     : Starting a blocking GC Explicit
08-03 21:20:35.343 17925 17937 I art     : Explicit concurrent mark sweep GC freed 3(96B) AllocSpace objects, 0(0B) LOS objects, 23% free, 52MB/68MB, paused 308us total 18.717ms
08-03 21:20:35.351 17925 17937 I art     : Starting a blocking GC Explicit
08-03 21:20:35.369 17925 17937 I art     : Explicit concurrent mark sweep GC freed 3(96B) AllocSpace objects, 0(0B) LOS objects, 23% free, 52MB/68MB, paused 293us total 18.001ms
08-03 21:20:35.684 17925 18034 I art     : Starting a blocking GC Explicit
08-03 21:20:35.709 17925 18034 I art     : Explicit concurrent mark sweep GC freed 1341(78KB) AllocSpace objects, 1(20KB) LOS objects, 23% free, 52MB/68MB, paused 338us total 23.752ms
08-03 21:20:35.720 17925 18034 I art     : Starting a blocking GC Explicit
08-03 21:20:35.740 17925 18034 I art     : Explicit concurrent mark sweep GC freed 20(704B) AllocSpace objects, 0(0B) LOS objects, 23% free, 52MB/68MB, paused 296us total 19.769ms
08-03 21:20:35.749 17925 18034 I art     : Starting a blocking GC Explicit
08-03 21:20:35.768 17925 18034 I art     : Explicit concurrent mark sweep GC freed 3(96B) AllocSpace objects, 0(0B) LOS objects, 23% free, 52MB/68MB, paused 322us total 19.120ms
08-03 21:20:35.776 17925 18034 I art     : Starting a blocking GC Explicit
08-03 21:20:35.795 17925 18034 I art     : Explicit concurrent mark sweep GC freed 3(96B) AllocSpace objects, 0(0B) LOS objects, 23% free, 52MB/68MB, paused 295us total 18.498ms
08-03 21:20:35.804 17925 18034 I art     : Starting a blocking GC Explicit
08-03 21:20:35.822 17925 18034 I art     : Explicit concurrent mark sweep GC freed 3(96B) AllocSpace objects, 0(0B) LOS objects, 23% free, 52MB/68MB, paused 307us total 18.671ms
08-03 21:20:36.126 17925 17938 I art     : Starting a blocking GC Explicit
08-03 21:20:36.149 17925 17938 I art     : Explicit concurrent mark sweep GC freed 1341(78KB) AllocSpace objects, 1(20KB) LOS objects, 23% free, 52MB/68MB, paused 343us total 23.288ms
08-03 21:20:36.160 17925 17938 I art     : Starting a blocking GC Explicit
08-03 21:20:36.179 17925 17938 I art     : Explicit concurrent mark sweep GC freed 20(704B) AllocSpace objects, 0(0B) LOS objects, 23% free, 52MB/68MB, paused 321us total 19.304ms
08-03 21:20:36.188 17925 17938 I art     : Starting a blocking GC Explicit
08-03 21:20:36.207 17925 17938 I art     : Explicit concurrent mark sweep GC freed 3(96B) AllocSpace objects, 0(0B) LOS objects, 23% free, 52MB/68MB, paused 346us total 19.155ms
08-03 21:20:36.216 17925 17938 I art     : Starting a blocking GC Explicit
08-03 21:20:36.234 17925 17938 I art     : Explicit concurrent mark sweep GC freed 3(96B) AllocSpace objects, 0(0B) LOS objects, 23% free, 52MB/68MB, paused 299us total 18.465ms
08-03 21:20:36.243 17925 17938 I art     : Starting a blocking GC Explicit
08-03 21:20:36.251 16351 16351 I ServiceManager: Waiting for service AtCmdFwd...
08-03 21:20:36.262 17925 17938 I art     : Explicit concurrent mark sweep GC freed 3(96B) AllocSpace objects, 0(0B) LOS objects, 23% free, 52MB/68MB, paused 313us total 18.620ms
08-03 21:20:36.565 17925 18017 I art     : Starting a blocking GC Explicit
08-03 21:20:36.587 17925 18017 I art     : Explicit concurrent mark sweep GC freed 1341(78KB) AllocSpace objects, 1(20KB) LOS objects, 23% free, 52MB/68MB, paused 333us total 21.792ms
08-03 21:20:36.599 17925 18017 I art     : Starting a blocking GC Explicit
08-03 21:20:36.617 17925 18017 I art     : Explicit concurrent mark sweep GC freed 20(704B) AllocSpace objects, 0(0B) LOS objects, 23% free, 52MB/68MB, paused 315us total 18.647ms
08-03 21:20:36.626 17925 18017 I art     : Starting a blocking GC Explicit
08-03 21:20:36.645 17925 18017 I art     : Explicit concurrent mark sweep GC freed 3(96B) AllocSpace objects, 0(0B) LOS objects, 23% free, 52MB/68MB, paused 317us total 19.103ms
08-03 21:20:36.654 17925 18017 I art     : Starting a blocking GC Explicit
08-03 21:20:36.673 17925 18017 I art     : Explicit concurrent mark sweep GC freed 3(96B) AllocSpace objects, 0(0B) LOS objects, 23% free, 52MB/68MB, paused 321us total 19.093ms
08-03 21:20:36.682 17925 18017 I art     : Starting a blocking GC Explicit
08-03 21:20:36.701 17925 18017 I art     : Explicit concurrent mark sweep GC freed 3(96B) AllocSpace objects, 0(0B) LOS objects, 23% free, 52MB/68MB, paused 308us total 19.097ms
08-03 21:20:37.008 17925 17937 I art     : Starting a blocking GC Explicit
08-03 21:20:37.032 17925 17937 I art     : Explicit concurrent mark sweep GC freed 1341(78KB) AllocSpace objects, 1(20KB) LOS objects, 23% free, 52MB/68MB, paused 345us total 23.600ms
08-03 21:20:37.043 17925 17937 I art     : Starting a blocking GC Explicit
08-03 21:20:37.062 17925 17937 I art     : Explicit concurrent mark sweep GC freed 20(704B) AllocSpace objects, 0(0B) LOS objects, 23% free, 52MB/68MB, paused 307us total 19.352ms
08-03 21:20:37.071 17925 17937 I art     : Starting a blocking GC Explicit
08-03 21:20:37.090 17925 17937 I art     : Explicit concurrent mark sweep GC freed 3(96B) AllocSpace objects, 0(0B) LOS objects, 23% free, 52MB/68MB, paused 303us total 18.540ms
08-03 21:20:37.098 17925 17937 I art     : Starting a blocking GC Explicit
08-03 21:20:37.117 17925 17937 I art     : Explicit concurrent mark sweep GC freed 3(96B) AllocSpace objects, 0(0B) LOS objects, 23% free, 52MB/68MB, paused 387us total 18.740ms
08-03 21:20:37.125 17925 17937 I art     : Starting a blocking GC Explicit
08-03 21:20:37.144 17925 17937 I art     : Explicit concurrent mark sweep GC freed 3(96B) AllocSpace objects, 0(0B) LOS objects, 23% free, 52MB/68MB, paused 312us total 18.898ms
08-03 21:20:37.252 16351 16351 I ServiceManager: Waiting for service AtCmdFwd...
08-03 21:20:37.470 17925 18034 I art     : Starting a blocking GC Explicit
08-03 21:20:37.498 17925 18034 I art     : Explicit concurrent mark sweep GC freed 1341(78KB) AllocSpace objects, 1(20KB) LOS objects, 23% free, 52MB/68MB, paused 339us total 28.480ms
08-03 21:20:37.510 17925 18034 I art     : Starting a blocking GC Explicit
08-03 21:20:37.533 17925 18034 I art     : Explicit concurrent mark sweep GC freed 20(704B) AllocSpace objects, 0(0B) LOS objects, 23% free, 52MB/68MB, paused 401us total 22.575ms
08-03 21:20:37.542 17925 18034 I art     : Starting a blocking GC Explicit
08-03 21:20:37.562 17925 18034 I art     : Explicit concurrent mark sweep GC freed 3(96B) AllocSpace objects, 0(0B) LOS objects, 23% free, 52MB/68MB, paused 308us total 18.944ms
08-03 21:20:37.570 17925 18034 I art     : Starting a blocking GC Explicit
08-03 21:20:37.589 17925 18034 I art     : Explicit concurrent mark sweep GC freed 3(96B) AllocSpace objects, 0(0B) LOS objects, 23% free, 52MB/68MB, paused 298us total 18.295ms
08-03 21:20:37.597 17925 18034 I art     : Starting a blocking GC Explicit
08-03 21:20:37.616 17925 18034 I art     : Explicit concurrent mark sweep GC freed 3(96B) AllocSpace objects, 0(0B) LOS objects, 23% free, 52MB/68MB, paused 295us total 18.589ms
08-03 21:20:37.906 17925 17938 I art     : Starting a blocking GC Explicit
08-03 21:20:37.926 17925 17938 I art     : Explicit concurrent mark sweep GC freed 1341(78KB) AllocSpace objects, 1(20KB) LOS objects, 23% free, 52MB/68MB, paused 309us total 19.204ms
08-03 21:20:37.934 17925 17938 I art     : Starting a blocking GC Explicit
08-03 21:20:37.952 17925 17938 I art     : Explicit concurrent mark sweep GC freed 20(704B) AllocSpace objects, 0(0B) LOS objects, 23% free, 52MB/68MB, paused 300us total 18.142ms
08-03 21:20:37.960 17925 17938 I art     : Starting a blocking GC Explicit
08-03 21:20:37.979 17925 17938 I art     : Explicit concurrent mark sweep GC freed 3(96B) AllocSpace objects, 0(0B) LOS objects, 23% free, 52MB/68MB, paused 321us total 18.333ms
08-03 21:20:37.987 17925 17938 I art     : Starting a blocking GC Explicit
08-03 21:20:38.006 17925 17938 I art     : Explicit concurrent mark sweep GC freed 3(96B) AllocSpace objects, 0(0B) LOS objects, 23% free, 52MB/68MB, paused 306us total 18.770ms
08-03 21:20:38.015 17925 17938 I art     : Starting a blocking GC Explicit
08-03 21:20:38.034 17925 17938 I art     : Explicit concurrent mark sweep GC freed 3(96B) AllocSpace objects, 0(0B) LOS objects, 23% free, 52MB/68MB, paused 314us total 18.999ms
08-03 21:20:38.253 16351 16351 I ServiceManager: Waiting for service AtCmdFwd...
08-03 21:20:38.349 17925 18017 I art     : Starting a blocking GC Explicit
08-03 21:20:38.373 17925 18017 I art     : Explicit concurrent mark sweep GC freed 1341(78KB) AllocSpace objects, 1(20KB) LOS objects, 23% free, 52MB/68MB, paused 344us total 23.491ms
08-03 21:20:38.385 17925 18017 I art     : Starting a blocking GC Explicit
08-03 21:20:38.404 17925 18017 I art     : Explicit concurrent mark sweep GC freed 20(704B) AllocSpace objects, 0(0B) LOS objects, 23% free, 52MB/68MB, paused 313us total 19.218ms
08-03 21:20:38.413 17925 18017 I art     : Starting a blocking GC Explicit
08-03 21:20:38.431 17925 18017 I art     : Explicit concurrent mark sweep GC freed 3(96B) AllocSpace objects, 0(0B) LOS objects, 23% free, 52MB/68MB, paused 301us total 18.334ms
08-03 21:20:38.440 17925 18017 I art     : Starting a blocking GC Explicit
08-03 21:20:38.459 17925 18017 I art     : Explicit concurrent mark sweep GC freed 3(96B) AllocSpace objects, 0(0B) LOS objects, 23% free, 52MB/68MB, paused 319us total 18.850ms
08-03 21:20:38.468 17925 18017 I art     : Starting a blocking GC Explicit
08-03 21:20:38.487 17925 18017 I art     : Explicit concurrent mark sweep GC freed 3(96B) AllocSpace objects, 0(0B) LOS objects, 23% free, 52MB/68MB, paused 317us total 18.888ms
08-03 21:20:38.813 17925 17937 I art     : Starting a blocking GC Explicit
08-03 21:20:38.836 17925 17937 I art     : Explicit concurrent mark sweep GC freed 1341(78KB) AllocSpace objects, 1(20KB) LOS objects, 23% free, 52MB/68MB, paused 329us total 23.430ms
08-03 21:20:38.848 17925 17937 I art     : Starting a blocking GC Explicit
08-03 21:20:38.869 17925 17937 I art     : Explicit concurrent mark sweep GC freed 20(704B) AllocSpace objects, 0(0B) LOS objects, 23% free, 52MB/68MB, paused 316us total 20.836ms
08-03 21:20:38.878 17925 17937 I art     : Starting a blocking GC Explicit
08-03 21:20:38.897 17925 17937 I art     : Explicit concurrent mark sweep GC freed 3(96B) AllocSpace objects, 0(0B) LOS objects, 23% free, 52MB/68MB, paused 330us total 19.255ms
08-03 21:20:38.905 17925 17937 I art     : Starting a blocking GC Explicit
08-03 21:20:38.923 17925 17937 I art     : Explicit concurrent mark sweep GC freed 3(96B) AllocSpace objects, 0(0B) LOS objects, 23% free, 52MB/68MB, paused 304us total 17.945ms
08-03 21:20:38.932 17925 17937 I art     : Starting a blocking GC Explicit
08-03 21:20:38.951 17925 17937 I art     : Explicit concurrent mark sweep GC freed 3(96B) AllocSpace objects, 0(0B) LOS objects, 23% free, 52MB/68MB, paused 303us total 18.812ms
08-03 21:20:39.253 16351 16351 W Atfwd_Sendcmd: AtCmdFwd service not published, waiting... retryCnt : 2
08-03 21:20:39.267 17925 18034 I art     : Starting a blocking GC Explicit
08-03 21:20:39.289 17925 18034 I art     : Explicit concurrent mark sweep GC freed 1341(78KB) AllocSpace objects, 1(20KB) LOS objects, 23% free, 52MB/68MB, paused 313us total 21.334ms
08-03 21:20:39.297 17925 18034 I art     : Starting a blocking GC Explicit
08-03 21:20:39.317 17925 18034 I art     : Explicit concurrent mark sweep GC freed 20(704B) AllocSpace objects, 0(0B) LOS objects, 23% free, 52MB/68MB, paused 369us total 19.089ms
08-03 21:20:39.325 17925 18034 I art     : Starting a blocking GC Explicit
08-03 21:20:39.344 17925 18034 I art     : Explicit concurrent mark sweep GC freed 3(96B) AllocSpace objects, 0(0B) LOS objects, 23% free, 52MB/68MB, paused 301us total 19.058ms
08-03 21:20:39.353 17925 18034 I art     : Starting a blocking GC Explicit
08-03 21:20:39.372 17925 18034 I art     : Explicit concurrent mark sweep GC freed 3(96B) AllocSpace objects, 0(0B) LOS objects, 23% free, 52MB/68MB, paused 300us total 19.178ms
08-03 21:20:39.381 17925 18034 I art     : Starting a blocking GC Explicit
08-03 21:20:39.400 17925 18034 I art     : Explicit concurrent mark sweep GC freed 3(96B) AllocSpace objects, 0(0B) LOS objects, 23% free, 52MB/68MB, paused 301us total 18.496ms
08-03 21:20:39.725 17925 17938 I art     : Starting a blocking GC Explicit
08-03 21:20:39.754 17925 17938 I art     : Explicit concurrent mark sweep GC freed 1341(78KB) AllocSpace objects, 1(20KB) LOS objects, 23% free, 52MB/68MB, paused 359us total 28.271ms
08-03 21:20:39.770 17925 17938 I art     : Starting a blocking GC Explicit
08-03 21:20:39.789 17925 17938 I art     : Explicit concurrent mark sweep GC freed 20(704B) AllocSpace objects, 0(0B) LOS objects, 23% free, 52MB/68MB, paused 324us total 18.718ms
08-03 21:20:39.798 17925 17938 I art     : Starting a blocking GC Explicit
08-03 21:20:39.817 17925 17938 I art     : Explicit concurrent mark sweep GC freed 3(96B) AllocSpace objects, 0(0B) LOS objects, 23% free, 52MB/68MB, paused 349us total 19.186ms
08-03 21:20:39.818 17925 17936 I art     : WaitForGcToComplete blocked for 5.838ms for cause HeapTrim
08-03 21:20:39.826 17925 17938 I art     : Starting a blocking GC Explicit
08-03 21:20:39.845 17925 17938 I art     : Explicit concurrent mark sweep GC freed 3(96B) AllocSpace objects, 0(0B) LOS objects, 23% free, 52MB/68MB, paused 310us total 19.092ms
08-03 21:20:39.853 17925 17938 I art     : Starting a blocking GC Explicit
08-03 21:20:39.873 17925 17938 I art     : Explicit concurrent mark sweep GC freed 3(96B) AllocSpace objects, 0(0B) LOS objects, 23% free, 52MB/68MB, paused 306us total 19.058ms
08-03 21:20:40.188 17925 18017 I art     : Starting a blocking GC Explicit
08-03 21:20:40.212 17925 18017 I art     : Explicit concurrent mark sweep GC freed 1341(78KB) AllocSpace objects, 1(20KB) LOS objects, 23% free, 52MB/68MB, paused 348us total 23.570ms
08-03 21:20:40.223 17925 18017 I art     : Starting a blocking GC Explicit
08-03 21:20:40.246 17925 18017 I art     : Explicit concurrent mark sweep GC freed 20(704B) AllocSpace objects, 0(0B) LOS objects, 23% free, 52MB/68MB, paused 332us total 22.712ms
08-03 21:20:40.256 17925 18017 I art     : Starting a blocking GC Explicit
08-03 21:20:40.275 17925 18017 I art     : Explicit concurrent mark sweep GC freed 3(96B) AllocSpace objects, 0(0B) LOS objects, 23% free, 52MB/68MB, paused 312us total 18.917ms
08-03 21:20:40.283 17925 18017 I art     : Starting a blocking GC Explicit
08-03 21:20:40.302 17925 18017 I art     : Explicit concurrent mark sweep GC freed 3(96B) AllocSpace objects, 0(0B) LOS objects, 23% free, 52MB/68MB, paused 299us total 18.186ms
08-03 21:20:40.310 17925 18017 I art     : Starting a blocking GC Explicit
08-03 21:20:40.329 17925 18017 I art     : Explicit concurrent mark sweep GC freed 3(96B) AllocSpace objects, 0(0B) LOS objects, 23% free, 52MB/68MB, paused 310us total 18.779ms
08-03 21:20:40.640 17925 17937 I art     : Starting a blocking GC Explicit
08-03 21:20:40.665 17925 17937 I art     : Explicit concurrent mark sweep GC freed 1341(78KB) AllocSpace objects, 1(20KB) LOS objects, 23% free, 52MB/68MB, paused 336us total 24.923ms
08-03 21:20:40.677 17925 17937 I art     : Starting a blocking GC Explicit
08-03 21:20:40.697 17925 17937 I art     : Explicit concurrent mark sweep GC freed 20(704B) AllocSpace objects, 0(0B) LOS objects, 23% free, 52MB/68MB, paused 384us total 19.960ms
08-03 21:20:40.705 17925 17937 I art     : Starting a blocking GC Explicit
08-03 21:20:40.725 17925 17937 I art     : Explicit concurrent mark sweep GC freed 3(96B) AllocSpace objects, 0(0B) LOS objects, 23% free, 52MB/68MB, paused 299us total 19.112ms
08-03 21:20:40.733 17925 17937 I art     : Starting a blocking GC Explicit
08-03 21:20:40.752 17925 17937 I art     : Explicit concurrent mark sweep GC freed 3(96B) AllocSpace objects, 0(0B) LOS objects, 23% free, 52MB/68MB, paused 313us total 18.902ms
08-03 21:20:40.761 17925 17937 I art     : Starting a blocking GC Explicit
08-03 21:20:40.779 17925 17937 I art     : Explicit concurrent mark sweep GC freed 3(96B) AllocSpace objects, 0(0B) LOS objects, 23% free, 52MB/68MB, paused 291us total 18.439ms
08-03 21:20:41.100 17925 18034 I art     : Starting a blocking GC Explicit
08-03 21:20:41.128 17925 18034 I art     : Explicit concurrent mark sweep GC freed 1341(78KB) AllocSpace objects, 1(20KB) LOS objects, 23% free, 52MB/68MB, paused 357us total 27.128ms
08-03 21:20:41.139 17925 18034 I art     : Starting a blocking GC Explicit
08-03 21:20:41.158 17925 18034 I art     : Explicit concurrent mark sweep GC freed 20(704B) AllocSpace objects, 0(0B) LOS objects, 23% free, 52MB/68MB, paused 301us total 18.847ms
08-03 21:20:41.167 17925 18034 I art     : Starting a blocking GC Explicit
08-03 21:20:41.185 17925 18034 I art     : Explicit concurrent mark sweep GC freed 3(96B) AllocSpace objects, 0(0B) LOS objects, 23% free, 52MB/68MB, paused 294us total 18.483ms
08-03 21:20:41.194 17925 18034 I art     : Starting a blocking GC Explicit
08-03 21:20:41.213 17925 18034 I art     : Explicit concurrent mark sweep GC freed 3(96B) AllocSpace objects, 0(0B) LOS objects, 23% free, 52MB/68MB, paused 307us total 18.744ms
08-03 21:20:41.221 17925 18034 I art     : Starting a blocking GC Explicit
08-03 21:20:41.240 17925 18034 I art     : Explicit concurrent mark sweep GC freed 3(96B) AllocSpace objects, 0(0B) LOS objects, 23% free, 52MB/68MB, paused 304us total 18.786ms
08-03 21:20:41.559 17925 17938 I art     : Starting a blocking GC Explicit
08-03 21:20:41.583 17925 17938 I art     : Explicit concurrent mark sweep GC freed 1341(78KB) AllocSpace objects, 1(20KB) LOS objects, 23% free, 52MB/68MB, paused 325us total 23.666ms
08-03 21:20:41.597 17925 17938 I art     : Starting a blocking GC Explicit
08-03 21:20:41.616 17925 17938 I art     : Explicit concurrent mark sweep GC freed 20(704B) AllocSpace objects, 0(0B) LOS objects, 23% free, 52MB/68MB, paused 320us total 18.651ms
08-03 21:20:41.624 17925 17938 I art     : Starting a blocking GC Explicit
08-03 21:20:41.641 17925 17938 I art     : Explicit concurrent mark sweep GC freed 3(96B) AllocSpace objects, 0(0B) LOS objects, 23% free, 52MB/68MB, paused 296us total 16.861ms
08-03 21:20:41.649 17925 17938 I art     : Starting a blocking GC Explicit
08-03 21:20:41.667 17925 17938 I art     : Explicit concurrent mark sweep GC freed 3(96B) AllocSpace objects, 0(0B) LOS objects, 23% free, 52MB/68MB, paused 432us total 17.426ms
08-03 21:20:41.675 17925 17938 I art     : Starting a blocking GC Explicit
08-03 21:20:41.692 17925 17938 I art     : Explicit concurrent mark sweep GC freed 3(96B) AllocSpace objects, 0(0B) LOS objects, 23% free, 52MB/68MB, paused 360us total 17.240ms
08-03 21:20:41.990 17925 18017 I art     : Starting a blocking GC Explicit
08-03 21:20:41.997 18786 18786 D AndroidRuntime: >>>>>> START com.android.internal.os.RuntimeInit uid 2000 <<<<<<
08-03 21:20:42.002 18786 18786 D AndroidRuntime: CheckJNI is OFF
08-03 21:20:42.010 17925 18017 I art     : Explicit concurrent mark sweep GC freed 1341(78KB) AllocSpace objects, 1(20KB) LOS objects, 23% free, 52MB/68MB, paused 325us total 19.117ms
08-03 21:20:42.018 17925 18017 I art     : Starting a blocking GC Explicit
08-03 21:20:42.036 17925 18017 I art     : Explicit concurrent mark sweep GC freed 20(704B) AllocSpace objects, 0(0B) LOS objects, 23% free, 52MB/68MB, paused 333us total 18.178ms
08-03 21:20:42.038 18786 18786 D ICU     : No timezone override file found: /data/misc/zoneinfo/current/icu/icu_tzdata.dat
08-03 21:20:42.045 17925 18017 I art     : Starting a blocking GC Explicit
08-03 21:20:42.063 17925 18017 I art     : Explicit concurrent mark sweep GC freed 3(96B) AllocSpace objects, 0(0B) LOS objects, 23% free, 52MB/68MB, paused 321us total 17.933ms
08-03 21:20:42.071 17925 18017 I art     : Starting a blocking GC Explicit
08-03 21:20:42.075 18786 18786 I Radio-JNI: register_android_hardware_Radio DONE
08-03 21:20:42.090 17925 18017 I art     : Explicit concurrent mark sweep GC freed 3(96B) AllocSpace objects, 0(0B) LOS objects, 23% free, 52MB/68MB, paused 301us total 18.505ms
08-03 21:20:42.097 18786 18786 D AndroidRuntime: Calling main entry com.android.commands.input.Input
08-03 21:20:42.098 17925 18017 I art     : Starting a blocking GC Explicit
08-03 21:20:42.100 18786 18786 I Input   : injectKeyEvent: KeyEvent { action=ACTION_DOWN, keyCode=KEYCODE_BACK, scanCode=0, metaState=0, flags=0x0, repeatCount=0, eventTime=652858513, downTime=652858513, deviceId=-1, source=0x101 }
08-03 21:20:42.110 18786 18786 I Input   : injectKeyEvent: KeyEvent { action=ACTION_UP, keyCode=KEYCODE_BACK, scanCode=0, metaState=0, flags=0x0, repeatCount=0, eventTime=652858513, downTime=652858513, deviceId=-1, source=0x101 }
08-03 21:20:42.115 17925 18017 I art     : Explicit concurrent mark sweep GC freed 6(256B) AllocSpace objects, 0(0B) LOS objects, 23% free, 52MB/68MB, paused 355us total 17.109ms
08-03 21:20:42.117 18786 18786 D AndroidRuntime: Shutting down VM
08-03 21:20:42.151 13866 13866 I GoogleInputMethodServic: GoogleInputMethodService.onFinishInput():3138 
08-03 21:20:42.152 13866 13866 I GoogleInputMethodServic: GoogleInputMethodService.onStartInput():1808 
08-03 21:20:42.367 17925 18034 I art     : Starting a blocking GC Explicit
08-03 21:20:42.390 17925 18034 I art     : Explicit concurrent mark sweep GC freed 1512(86KB) AllocSpace objects, 1(20KB) LOS objects, 23% free, 52MB/68MB, paused 300us total 22.603ms
08-03 21:20:42.400 17925 18034 I art     : Starting a blocking GC Explicit
08-03 21:20:42.422 17925 18034 I art     : Explicit concurrent mark sweep GC freed 26(944B) AllocSpace objects, 0(0B) LOS objects, 23% free, 52MB/68MB, paused 305us total 21.928ms
08-03 21:20:42.431 17925 18034 I art     : Starting a blocking GC Explicit
08-03 21:20:42.443   380   380 W SurfaceFlinger: couldn't log to binary event log: overflow.
08-03 21:20:42.450 17925 18034 I art     : Explicit concurrent mark sweep GC freed 90(7KB) AllocSpace objects, 0(0B) LOS objects, 23% free, 52MB/68MB, paused 335us total 19.508ms
08-03 21:20:42.460 17925 18034 I art     : Starting a blocking GC Explicit
08-03 21:20:42.478 17925 18034 I art     : Explicit concurrent mark sweep GC freed 25(1200B) AllocSpace objects, 0(0B) LOS objects, 23% free, 52MB/68MB, paused 332us total 17.907ms
08-03 21:20:42.486 17925 18034 I art     : Starting a blocking GC Explicit
08-03 21:20:42.503 17925 18034 I art     : Explicit concurrent mark sweep GC freed 1655(107KB) AllocSpace objects, 3(400KB) LOS objects, 23% free, 51MB/67MB, paused 292us total 16.323ms
08-03 21:20:42.784 17925 17938 I art     : Starting a blocking GC Explicit
08-03 21:20:42.807 17925 17938 I art     : Explicit concurrent mark sweep GC freed 1342(78KB) AllocSpace objects, 1(20KB) LOS objects, 23% free, 51MB/67MB, paused 345us total 22.911ms
08-03 21:20:42.816 17925 17938 I art     : Starting a blocking GC Explicit
08-03 21:20:42.835 17925 17938 I art     : Explicit concurrent mark sweep GC freed 20(704B) AllocSpace objects, 0(0B) LOS objects, 23% free, 51MB/67MB, paused 316us total 18.442ms
08-03 21:20:42.844 17925 17938 I art     : Starting a blocking GC Explicit
08-03 21:20:42.862 17925 17938 I art     : Explicit concurrent mark sweep GC freed 3(96B) AllocSpace objects, 0(0B) LOS objects, 23% free, 51MB/67MB, paused 313us total 18.082ms
08-03 21:20:42.870 17925 17938 I art     : Starting a blocking GC Explicit
08-03 21:20:42.888 17925 17938 I art     : Explicit concurrent mark sweep GC freed 3(96B) AllocSpace objects, 0(0B) LOS objects, 23% free, 51MB/67MB, paused 305us total 18.060ms
08-03 21:20:42.897 17925 17938 I art     : Starting a blocking GC Explicit
08-03 21:20:42.915 17925 17938 I art     : Explicit concurrent mark sweep GC freed 3(96B) AllocSpace objects, 0(0B) LOS objects, 23% free, 51MB/67MB, paused 309us total 17.636ms
08-03 21:20:43.203 17925 17937 I art     : Starting a blocking GC Explicit
08-03 21:20:43.224 17925 17937 I art     : Explicit concurrent mark sweep GC freed 1340(78KB) AllocSpace objects, 1(20KB) LOS objects, 23% free, 51MB/67MB, paused 333us total 20.329ms
08-03 21:20:43.235 17925 17937 I art     : Starting a blocking GC Explicit
08-03 21:20:43.254 17925 17937 I art     : Explicit concurrent mark sweep GC freed 20(704B) AllocSpace objects, 0(0B) LOS objects, 23% free, 51MB/67MB, paused 316us total 17.875ms
08-03 21:20:43.262 17925 17937 I art     : Starting a blocking GC Explicit
08-03 21:20:43.280 17925 17937 I art     : Explicit concurrent mark sweep GC freed 3(96B) AllocSpace objects, 0(0B) LOS objects, 23% free, 51MB/67MB, paused 310us total 18.068ms
08-03 21:20:43.289 17925 17937 I art     : Starting a blocking GC Explicit
08-03 21:20:43.307 17925 17937 I art     : Explicit concurrent mark sweep GC freed 3(96B) AllocSpace objects, 0(0B) LOS objects, 23% free, 51MB/67MB, paused 342us total 18.586ms
08-03 21:20:43.316 17925 17937 I art     : Starting a blocking GC Explicit
08-03 21:20:43.334 17925 17937 I art     : Explicit concurrent mark sweep GC freed 3(96B) AllocSpace objects, 0(0B) LOS objects, 23% free, 51MB/67MB, paused 311us total 18.225ms
08-03 21:20:43.594 17925 18827 I art     : Starting a blocking GC Explicit
08-03 21:20:43.612 17925 18827 I art     : Explicit concurrent mark sweep GC freed 1340(78KB) AllocSpace objects, 1(20KB) LOS objects, 23% free, 51MB/67MB, paused 316us total 18.319ms
08-03 21:20:43.621 17925 18827 I art     : Starting a blocking GC Explicit
08-03 21:20:43.638 17925 18827 I art     : Explicit concurrent mark sweep GC freed 20(704B) AllocSpace objects, 0(0B) LOS objects, 23% free, 51MB/67MB, paused 303us total 17.529ms
08-03 21:20:43.646 17925 18827 I art     : Starting a blocking GC Explicit
08-03 21:20:43.664 17925 18827 I art     : Explicit concurrent mark sweep GC freed 3(96B) AllocSpace objects, 0(0B) LOS objects, 23% free, 51MB/67MB, paused 298us total 17.707ms
08-03 21:20:43.672 17925 18827 I art     : Starting a blocking GC Explicit
08-03 21:20:43.689 17925 18827 I art     : Explicit concurrent mark sweep GC freed 3(96B) AllocSpace objects, 0(0B) LOS objects, 23% free, 51MB/67MB, paused 322us total 16.916ms
08-03 21:20:43.697 17925 18827 I art     : Starting a blocking GC Explicit
08-03 21:20:43.715 17925 18827 I art     : Explicit concurrent mark sweep GC freed 3(96B) AllocSpace objects, 0(0B) LOS objects, 23% free, 51MB/67MB, paused 306us total 17.409ms
08-03 21:20:43.787 18853 18853 D AndroidRuntime: >>>>>> START com.android.internal.os.RuntimeInit uid 2000 <<<<<<
08-03 21:20:43.792 18853 18853 D AndroidRuntime: CheckJNI is OFF
08-03 21:20:43.825 18853 18853 D ICU     : No timezone override file found: /data/misc/zoneinfo/current/icu/icu_tzdata.dat
08-03 21:20:43.859 18853 18853 I Radio-JNI: register_android_hardware_Radio DONE
08-03 21:20:43.880 18853 18853 D AndroidRuntime: Calling main entry com.android.commands.input.Input
08-03 21:20:43.882 18853 18853 I Input   : injectMotionEvent: MotionEvent { action=ACTION_DOWN, actionButton=0, id[0]=0, x[0]=733.0, y[0]=1370.0, toolType[0]=TOOL_TYPE_UNKNOWN, buttonState=0, metaState=0, flags=0x0, edgeFlags=0x0, pointerCount=1, historySize=0, eventTime=652860295, downTime=652860295, deviceId=0, source=0x1002 }
08-03 21:20:43.887 18853 18853 I Input   : injectMotionEvent: MotionEvent { action=ACTION_UP, actionButton=0, id[0]=0, x[0]=733.0, y[0]=1370.0, toolType[0]=TOOL_TYPE_UNKNOWN, buttonState=0, metaState=0, flags=0x0, edgeFlags=0x0, pointerCount=1, historySize=0, eventTime=652860295, downTime=652860295, deviceId=0, source=0x1002 }
08-03 21:20:43.888   918  6029 I ActivityManager: START u0 {cmp=baseline.appteam.nith.hillffair/.activities.ClubActivity (has extras)} from uid 10624 on display 0
08-03 21:20:43.898 18853 18853 D AndroidRuntime: Shutting down VM
08-03 21:20:43.982   918   936 I ActivityManager: Displayed baseline.appteam.nith.hillffair/.activities.ClubActivity: +84ms
08-03 21:20:43.982 13866 13866 I GoogleInputMethodServic: GoogleInputMethodService.onFinishInput():3138 
08-03 21:20:43.983 13866 13866 I GoogleInputMethodServic: GoogleInputMethodService.onStartInput():1808 
08-03 21:20:43.985 17925 18827 I art     : Starting a blocking GC Explicit
08-03 21:20:44.006 17925 18827 I art     : Explicit concurrent mark sweep GC freed 4896(284KB) AllocSpace objects, 1(20KB) LOS objects, 23% free, 52MB/68MB, paused 463us total 20.462ms
08-03 21:20:44.015 17925 18827 I art     : Starting a blocking GC Explicit
08-03 21:20:44.031 17925 18827 I art     : Explicit concurrent mark sweep GC freed 280(14KB) AllocSpace objects, 0(0B) LOS objects, 23% free, 52MB/68MB, paused 331us total 16.217ms
08-03 21:20:44.038 17925 18827 I art     : Starting a blocking GC Explicit
08-03 21:20:44.055 17925 18827 I art     : Explicit concurrent mark sweep GC freed 9(464B) AllocSpace objects, 0(0B) LOS objects, 23% free, 52MB/68MB, paused 347us total 15.963ms
08-03 21:20:44.063 17925 18827 I art     : Starting a blocking GC Explicit
08-03 21:20:44.081 17925 18827 I art     : Explicit concurrent mark sweep GC freed 3(96B) AllocSpace objects, 0(0B) LOS objects, 23% free, 52MB/68MB, paused 332us total 17.375ms
08-03 21:20:44.089 17925 18827 I art     : Starting a blocking GC Explicit
08-03 21:20:44.106 17925 18827 I art     : Explicit concurrent mark sweep GC freed 3(96B) AllocSpace objects, 0(0B) LOS objects, 23% free, 52MB/68MB, paused 324us total 17.133ms
08-03 21:20:44.213   380   380 W SurfaceFlinger: couldn't log to binary event log: overflow.
08-03 21:20:44.354 17925 18827 I art     : Starting a blocking GC Explicit
08-03 21:20:44.375 17925 18827 I art     : Explicit concurrent mark sweep GC freed 1445(84KB) AllocSpace objects, 1(20KB) LOS objects, 23% free, 52MB/68MB, paused 346us total 20.011ms
08-03 21:20:44.383 17925 18827 I art     : Starting a blocking GC Explicit
08-03 21:20:44.402 17925 18827 I art     : Explicit concurrent mark sweep GC freed 30(1088B) AllocSpace objects, 0(0B) LOS objects, 23% free, 52MB/68MB, paused 343us total 19.113ms
08-03 21:20:44.410 17925 18827 I art     : Starting a blocking GC Explicit
08-03 21:20:44.428 17925 18827 I art     : Explicit concurrent mark sweep GC freed 735(58KB) AllocSpace objects, 2(120KB) LOS objects, 23% free, 52MB/68MB, paused 527us total 17.612ms
08-03 21:20:44.435 17925 18827 I art     : Starting a blocking GC Explicit
08-03 21:20:44.451 17925 18913 D OkHttp  : --> GET https://api-hillfair-2k16.herokuapp.com/api/app/events/special/event?id=580655cddcba0f490c70fdd0 http/1.1
08-03 21:20:44.453 17925 18827 I art     : Explicit concurrent mark sweep GC freed 2122(83KB) AllocSpace objects, 0(0B) LOS objects, 23% free, 52MB/68MB, paused 415us total 17.742ms
08-03 21:20:44.461 17925 18827 I art     : Starting a blocking GC Explicit
08-03 21:20:44.479 17925 18827 I art     : Explicit concurrent mark sweep GC freed 698(108KB) AllocSpace objects, 1(80KB) LOS objects, 23% free, 52MB/68MB, paused 517us total 18.216ms
08-03 21:20:44.486 17925 18913 D OkHttp  : <-- 200 OK https://api-hillfair-2k16.herokuapp.com/api/app/events/special/event?id=580655cddcba0f490c70fdd0 (35ms, 721-byte body)
08-03 21:20:44.529 17925 17925 I NAPPA_EXPERIMENTATION: MetricNetworkRequestExecutionTime: REQUEST_DURATION_SYSTEM='605',REQUEST_DURATION_OKHTTP='35',REQUEST_SYNCHRONOUS='FALSE',RESPONSE_CODE='200',RESPONSE_METHOD='GET',RESPONSE_LENGTH_OKHTTP='721',RESPONSE_LENGTH_HEADER='721',REQUEST_PROTOCOL='http/1.1',REQUEST_URL='https://api-hillfair-2k16.herokuapp.com/api/app/events/special/event?id=580655cddcba0f490c70fdd0',
08-03 21:20:44.783 17925 18017 I art     : Starting a blocking GC Explicit
08-03 21:20:44.804 17925 18017 I art     : Explicit concurrent mark sweep GC freed 2175(203KB) AllocSpace objects, 1(20KB) LOS objects, 23% free, 52MB/68MB, paused 331us total 20.328ms
08-03 21:20:44.813 17925 18017 I art     : Starting a blocking GC Explicit
08-03 21:20:44.832 17925 18017 I art     : Explicit concurrent mark sweep GC freed 94(3KB) AllocSpace objects, 0(0B) LOS objects, 23% free, 52MB/68MB, paused 348us total 18.693ms
08-03 21:20:44.841 17925 18017 I art     : Starting a blocking GC Explicit
08-03 21:20:44.859 17925 18017 I art     : Explicit concurrent mark sweep GC freed 3(96B) AllocSpace objects, 0(0B) LOS objects, 23% free, 52MB/68MB, paused 325us total 18.746ms
08-03 21:20:44.860 17925 17936 I art     : WaitForGcToComplete blocked for 13.950ms for cause HeapTrim
08-03 21:20:44.868 17925 18017 I art     : Starting a blocking GC Explicit
08-03 21:20:44.886 17925 18017 I art     : Explicit concurrent mark sweep GC freed 3(96B) AllocSpace objects, 0(0B) LOS objects, 23% free, 52MB/68MB, paused 331us total 18.190ms
08-03 21:20:44.894 17925 18017 I art     : Starting a blocking GC Explicit
08-03 21:20:44.913 17925 18017 I art     : Explicit concurrent mark sweep GC freed 3(96B) AllocSpace objects, 0(0B) LOS objects, 23% free, 52MB/68MB, paused 406us total 18.765ms
08-03 21:20:45.199 17925 18034 I art     : Starting a blocking GC Explicit
08-03 21:20:45.224 17925 18034 I art     : Explicit concurrent mark sweep GC freed 1357(78KB) AllocSpace objects, 1(20KB) LOS objects, 23% free, 52MB/68MB, paused 354us total 24.770ms
08-03 21:20:45.233 17925 18034 I art     : Starting a blocking GC Explicit
08-03 21:20:45.253 17925 18034 I art     : Explicit concurrent mark sweep GC freed 20(704B) AllocSpace objects, 0(0B) LOS objects, 23% free, 52MB/68MB, paused 330us total 19.562ms
08-03 21:20:45.261 17925 18034 I art     : Starting a blocking GC Explicit
08-03 21:20:45.281 17925 18034 I art     : Explicit concurrent mark sweep GC freed 3(96B) AllocSpace objects, 0(0B) LOS objects, 23% free, 52MB/68MB, paused 361us total 19.349ms
08-03 21:20:45.290 17925 18034 I art     : Starting a blocking GC Explicit
08-03 21:20:45.309 17925 18034 I art     : Explicit concurrent mark sweep GC freed 3(96B) AllocSpace objects, 0(0B) LOS objects, 23% free, 52MB/68MB, paused 364us total 19.323ms
08-03 21:20:45.318 17925 18034 I art     : Starting a blocking GC Explicit
08-03 21:20:45.337 17925 18034 I art     : Explicit concurrent mark sweep GC freed 3(96B) AllocSpace objects, 0(0B) LOS objects, 23% free, 52MB/68MB, paused 390us total 19.001ms
08-03 21:20:45.627 17925 17938 I art     : Starting a blocking GC Explicit
08-03 21:20:45.649 17925 17938 I art     : Explicit concurrent mark sweep GC freed 1341(78KB) AllocSpace objects, 1(20KB) LOS objects, 23% free, 52MB/68MB, paused 349us total 22.291ms
08-03 21:20:45.661 17925 17938 I art     : Starting a blocking GC Explicit
08-03 21:20:45.681 17925 17938 I art     : Explicit concurrent mark sweep GC freed 20(704B) AllocSpace objects, 0(0B) LOS objects, 23% free, 52MB/68MB, paused 334us total 19.838ms
08-03 21:20:45.689 17925 17938 I art     : Starting a blocking GC Explicit
08-03 21:20:45.709 17925 17938 I art     : Explicit concurrent mark sweep GC freed 3(96B) AllocSpace objects, 0(0B) LOS objects, 23% free, 52MB/68MB, paused 372us total 19.580ms
08-03 21:20:45.718 17925 17938 I art     : Starting a blocking GC Explicit
08-03 21:20:45.738 17925 17938 I art     : Explicit concurrent mark sweep GC freed 3(96B) AllocSpace objects, 0(0B) LOS objects, 23% free, 52MB/68MB, paused 339us total 19.574ms
08-03 21:20:45.746 17925 17938 I art     : Starting a blocking GC Explicit
08-03 21:20:45.765 17925 17938 I art     : Explicit concurrent mark sweep GC freed 3(96B) AllocSpace objects, 0(0B) LOS objects, 23% free, 52MB/68MB, paused 332us total 18.807ms
08-03 21:20:46.085 17925 17937 I art     : Starting a blocking GC Explicit
08-03 21:20:46.113 17925 17937 I art     : Explicit concurrent mark sweep GC freed 1341(78KB) AllocSpace objects, 1(20KB) LOS objects, 23% free, 52MB/68MB, paused 590us total 27.603ms
08-03 21:20:46.127 17925 17937 I art     : Starting a blocking GC Explicit
08-03 21:20:46.147 17925 17937 I art     : Explicit concurrent mark sweep GC freed 20(704B) AllocSpace objects, 0(0B) LOS objects, 23% free, 52MB/68MB, paused 396us total 19.624ms
08-03 21:20:46.155 17925 17937 I art     : Starting a blocking GC Explicit
08-03 21:20:46.175 17925 17937 I art     : Explicit concurrent mark sweep GC freed 3(96B) AllocSpace objects, 0(0B) LOS objects, 23% free, 52MB/68MB, paused 363us total 19.353ms
08-03 21:20:46.184 17925 17937 I art     : Starting a blocking GC Explicit
08-03 21:20:46.203 17925 17937 I art     : Explicit concurrent mark sweep GC freed 3(96B) AllocSpace objects, 0(0B) LOS objects, 23% free, 52MB/68MB, paused 370us total 19.753ms
08-03 21:20:46.212 17925 17937 I art     : Starting a blocking GC Explicit
08-03 21:20:46.232 17925 17937 I art     : Explicit concurrent mark sweep GC freed 3(96B) AllocSpace objects, 0(0B) LOS objects, 23% free, 52MB/68MB, paused 334us total 19.924ms
08-03 21:20:46.536 17925 18017 I art     : Starting a blocking GC Explicit
08-03 21:20:46.560 17925 18017 I art     : Explicit concurrent mark sweep GC freed 1341(78KB) AllocSpace objects, 1(20KB) LOS objects, 23% free, 52MB/68MB, paused 362us total 23.881ms
08-03 21:20:46.571 17925 18017 I art     : Starting a blocking GC Explicit
08-03 21:20:46.590 17925 18017 I art     : Explicit concurrent mark sweep GC freed 20(704B) AllocSpace objects, 0(0B) LOS objects, 23% free, 52MB/68MB, paused 344us total 19.535ms
08-03 21:20:46.599 17925 18017 I art     : Starting a blocking GC Explicit
08-03 21:20:46.619 17925 18017 I art     : Explicit concurrent mark sweep GC freed 3(96B) AllocSpace objects, 0(0B) LOS objects, 23% free, 52MB/68MB, paused 350us total 19.501ms
08-03 21:20:46.627 17925 18017 I art     : Starting a blocking GC Explicit
08-03 21:20:46.647 17925 18017 I art     : Explicit concurrent mark sweep GC freed 3(96B) AllocSpace objects, 0(0B) LOS objects, 23% free, 52MB/68MB, paused 362us total 19.704ms
08-03 21:20:46.656 17925 18017 I art     : Starting a blocking GC Explicit
08-03 21:20:46.675 17925 18017 I art     : Explicit concurrent mark sweep GC freed 3(96B) AllocSpace objects, 0(0B) LOS objects, 23% free, 52MB/68MB, paused 329us total 19.223ms
08-03 21:20:46.996 17925 18827 I art     : Starting a blocking GC Explicit
08-03 21:20:47.021 17925 18827 I art     : Explicit concurrent mark sweep GC freed 1341(78KB) AllocSpace objects, 1(20KB) LOS objects, 23% free, 52MB/68MB, paused 436us total 24.360ms
08-03 21:20:47.032 17925 18827 I art     : Starting a blocking GC Explicit
08-03 21:20:47.051 17925 18827 I art     : Explicit concurrent mark sweep GC freed 20(704B) AllocSpace objects, 0(0B) LOS objects, 23% free, 52MB/68MB, paused 327us total 18.769ms
08-03 21:20:47.059 17925 18827 I art     : Starting a blocking GC Explicit
08-03 21:20:47.078 17925 18827 I art     : Explicit concurrent mark sweep GC freed 3(96B) AllocSpace objects, 0(0B) LOS objects, 23% free, 52MB/68MB, paused 351us total 18.552ms
08-03 21:20:47.087 17925 18827 I art     : Starting a blocking GC Explicit
08-03 21:20:47.106 17925 18827 I art     : Explicit concurrent mark sweep GC freed 3(96B) AllocSpace objects, 0(0B) LOS objects, 23% free, 52MB/68MB, paused 331us total 19.620ms
08-03 21:20:47.115 17925 18827 I art     : Starting a blocking GC Explicit
08-03 21:20:47.135 17925 18827 I art     : Explicit concurrent mark sweep GC freed 3(96B) AllocSpace objects, 0(0B) LOS objects, 23% free, 52MB/68MB, paused 327us total 19.323ms
08-03 21:20:47.456 17925 18034 I art     : Starting a blocking GC Explicit
08-03 21:20:47.481 17925 18034 I art     : Explicit concurrent mark sweep GC freed 1341(78KB) AllocSpace objects, 1(20KB) LOS objects, 23% free, 52MB/68MB, paused 351us total 24.200ms
08-03 21:20:47.493 17925 18034 I art     : Starting a blocking GC Explicit
08-03 21:20:47.515 17925 18034 I art     : Explicit concurrent mark sweep GC freed 20(704B) AllocSpace objects, 0(0B) LOS objects, 23% free, 52MB/68MB, paused 333us total 21.695ms
08-03 21:20:47.523 17925 18034 I art     : Starting a blocking GC Explicit
08-03 21:20:47.543 17925 18034 I art     : Explicit concurrent mark sweep GC freed 3(96B) AllocSpace objects, 0(0B) LOS objects, 23% free, 52MB/68MB, paused 329us total 19.739ms
08-03 21:20:47.552 17925 18034 I art     : Starting a blocking GC Explicit
08-03 21:20:47.571 17925 18034 I art     : Explicit concurrent mark sweep GC freed 3(96B) AllocSpace objects, 0(0B) LOS objects, 23% free, 52MB/68MB, paused 315us total 18.935ms
08-03 21:20:47.579 17925 18034 I art     : Starting a blocking GC Explicit
08-03 21:20:47.599 17925 18034 I art     : Explicit concurrent mark sweep GC freed 3(96B) AllocSpace objects, 0(0B) LOS objects, 23% free, 52MB/68MB, paused 326us total 19.212ms
08-03 21:20:47.914 17925 17938 I art     : Starting a blocking GC Explicit
08-03 21:20:47.938 17925 17938 I art     : Explicit concurrent mark sweep GC freed 1341(78KB) AllocSpace objects, 1(20KB) LOS objects, 23% free, 52MB/68MB, paused 369us total 24.201ms
08-03 21:20:47.950 17925 17938 I art     : Starting a blocking GC Explicit
08-03 21:20:47.972 17925 17938 I art     : Explicit concurrent mark sweep GC freed 20(704B) AllocSpace objects, 0(0B) LOS objects, 23% free, 52MB/68MB, paused 326us total 21.555ms
08-03 21:20:47.980 17925 17938 I art     : Starting a blocking GC Explicit
08-03 21:20:48.000 17925 17938 I art     : Explicit concurrent mark sweep GC freed 3(96B) AllocSpace objects, 0(0B) LOS objects, 23% free, 52MB/68MB, paused 331us total 19.310ms
08-03 21:20:48.008 17925 17938 I art     : Starting a blocking GC Explicit
08-03 21:20:48.028 17925 17938 I art     : Explicit concurrent mark sweep GC freed 3(96B) AllocSpace objects, 0(0B) LOS objects, 23% free, 52MB/68MB, paused 345us total 19.427ms
08-03 21:20:48.036 17925 17938 I art     : Starting a blocking GC Explicit
08-03 21:20:48.056 17925 17938 I art     : Explicit concurrent mark sweep GC freed 3(96B) AllocSpace objects, 0(0B) LOS objects, 23% free, 52MB/68MB, paused 332us total 19.314ms
08-03 21:20:48.323 17925 17937 I art     : Starting a blocking GC Explicit
08-03 21:20:48.342 17925 17937 I art     : Explicit concurrent mark sweep GC freed 1341(78KB) AllocSpace objects, 1(20KB) LOS objects, 23% free, 52MB/68MB, paused 346us total 19.118ms
08-03 21:20:48.351 17925 17937 I art     : Starting a blocking GC Explicit
08-03 21:20:48.369 17925 17937 I art     : Explicit concurrent mark sweep GC freed 20(704B) AllocSpace objects, 0(0B) LOS objects, 23% free, 52MB/68MB, paused 329us total 18.473ms
08-03 21:20:48.378 17925 17937 I art     : Starting a blocking GC Explicit
08-03 21:20:48.397 17925 17937 I art     : Explicit concurrent mark sweep GC freed 3(96B) AllocSpace objects, 0(0B) LOS objects, 23% free, 52MB/68MB, paused 330us total 18.624ms
08-03 21:20:48.404 17925 17937 I art     : Starting a blocking GC Explicit
08-03 21:20:48.423 17925 17937 I art     : Explicit concurrent mark sweep GC freed 3(96B) AllocSpace objects, 0(0B) LOS objects, 23% free, 52MB/68MB, paused 326us total 18.177ms
08-03 21:20:48.431 17925 17937 I art     : Starting a blocking GC Explicit
08-03 21:20:48.449 17925 17937 I art     : Explicit concurrent mark sweep GC freed 3(96B) AllocSpace objects, 0(0B) LOS objects, 23% free, 52MB/68MB, paused 329us total 18.014ms
08-03 21:20:48.599 19019 19019 D AndroidRuntime: >>>>>> START com.android.internal.os.RuntimeInit uid 2000 <<<<<<
08-03 21:20:48.606 19019 19019 D AndroidRuntime: CheckJNI is OFF
08-03 21:20:48.639 19019 19019 D ICU     : No timezone override file found: /data/misc/zoneinfo/current/icu/icu_tzdata.dat
08-03 21:20:48.672 19019 19019 I Radio-JNI: register_android_hardware_Radio DONE
08-03 21:20:48.694 19019 19019 D AndroidRuntime: Calling main entry com.android.commands.input.Input
08-03 21:20:48.695 19019 19019 I Input   : injectKeyEvent: KeyEvent { action=ACTION_DOWN, keyCode=KEYCODE_BACK, scanCode=0, metaState=0, flags=0x0, repeatCount=0, eventTime=652865108, downTime=652865108, deviceId=-1, source=0x101 }
08-03 21:20:48.702 19019 19019 I Input   : injectKeyEvent: KeyEvent { action=ACTION_UP, keyCode=KEYCODE_BACK, scanCode=0, metaState=0, flags=0x0, repeatCount=0, eventTime=652865108, downTime=652865108, deviceId=-1, source=0x101 }
08-03 21:20:48.707 19019 19019 D AndroidRuntime: Shutting down VM
08-03 21:20:48.744 13866 13866 I GoogleInputMethodServic: GoogleInputMethodService.onFinishInput():3138 
08-03 21:20:48.744 13866 13866 I GoogleInputMethodServic: GoogleInputMethodService.onStartInput():1808 
08-03 21:20:48.747 17925 17937 I art     : Starting a blocking GC Explicit
08-03 21:20:48.766 17925 17937 I art     : Explicit concurrent mark sweep GC freed 1510(85KB) AllocSpace objects, 1(20KB) LOS objects, 23% free, 52MB/68MB, paused 342us total 18.993ms
08-03 21:20:48.775 17925 17937 I art     : Starting a blocking GC Explicit
08-03 21:20:48.792 17925 17937 I art     : Explicit concurrent mark sweep GC freed 26(944B) AllocSpace objects, 0(0B) LOS objects, 23% free, 52MB/68MB, paused 320us total 17.078ms
08-03 21:20:48.800 17925 17937 I art     : Starting a blocking GC Explicit
08-03 21:20:48.816 17925 17937 I art     : Explicit concurrent mark sweep GC freed 4(144B) AllocSpace objects, 0(0B) LOS objects, 23% free, 52MB/68MB, paused 290us total 16.036ms
08-03 21:20:48.824 17925 17937 I art     : Starting a blocking GC Explicit
08-03 21:20:48.840 17925 17937 I art     : Explicit concurrent mark sweep GC freed 3(96B) AllocSpace objects, 0(0B) LOS objects, 23% free, 52MB/68MB, paused 294us total 16.196ms
08-03 21:20:48.847 17925 17937 I art     : Starting a blocking GC Explicit
08-03 21:20:48.865 17925 17937 I art     : Explicit concurrent mark sweep GC freed 3(96B) AllocSpace objects, 0(0B) LOS objects, 23% free, 52MB/68MB, paused 318us total 17.386ms
08-03 21:20:49.050   380   380 W SurfaceFlinger: couldn't log to binary event log: overflow.
08-03 21:20:49.121 17925 18017 I art     : Starting a blocking GC Explicit
08-03 21:20:49.139 17925 18017 I art     : Explicit concurrent mark sweep GC freed 1450(87KB) AllocSpace objects, 1(20KB) LOS objects, 23% free, 52MB/68MB, paused 332us total 18.074ms
08-03 21:20:49.147 17925 18017 I art     : Starting a blocking GC Explicit
08-03 21:20:49.165 17925 18017 I art     : Explicit concurrent mark sweep GC freed 1672(106KB) AllocSpace objects, 3(400KB) LOS objects, 23% free, 51MB/67MB, paused 331us total 17.813ms
08-03 21:20:49.173 17925 18017 I art     : Starting a blocking GC Explicit
08-03 21:20:49.191 17925 18017 I art     : Explicit concurrent mark sweep GC freed 3(96B) AllocSpace objects, 0(0B) LOS objects, 23% free, 51MB/67MB, paused 332us total 17.467ms
08-03 21:20:49.199 17925 18017 I art     : Starting a blocking GC Explicit
08-03 21:20:49.217 17925 18017 I art     : Explicit concurrent mark sweep GC freed 3(96B) AllocSpace objects, 0(0B) LOS objects, 23% free, 51MB/67MB, paused 384us total 17.781ms
08-03 21:20:49.225 17925 18017 I art     : Starting a blocking GC Explicit
08-03 21:20:49.243 17925 18017 I art     : Explicit concurrent mark sweep GC freed 3(96B) AllocSpace objects, 0(0B) LOS objects, 23% free, 51MB/67MB, paused 327us total 17.837ms
08-03 21:20:49.254 16351 16351 I ServiceManager: Waiting for service AtCmdFwd...
08-03 21:20:49.538 17925 18034 I art     : Starting a blocking GC Explicit
08-03 21:20:49.562 17925 18034 I art     : Explicit concurrent mark sweep GC freed 1341(78KB) AllocSpace objects, 1(20KB) LOS objects, 23% free, 51MB/67MB, paused 361us total 23.625ms
08-03 21:20:49.574 17925 18034 I art     : Starting a blocking GC Explicit
08-03 21:20:49.592 17925 18034 I art     : Explicit concurrent mark sweep GC freed 20(704B) AllocSpace objects, 0(0B) LOS objects, 23% free, 51MB/67MB, paused 309us total 18.364ms
08-03 21:20:49.600 17925 18034 I art     : Starting a blocking GC Explicit
08-03 21:20:49.619 17925 18034 I art     : Explicit concurrent mark sweep GC freed 3(96B) AllocSpace objects, 0(0B) LOS objects, 23% free, 51MB/67MB, paused 330us total 18.458ms
08-03 21:20:49.627 17925 18034 I art     : Starting a blocking GC Explicit
08-03 21:20:49.646 17925 18034 I art     : Explicit concurrent mark sweep GC freed 3(96B) AllocSpace objects, 0(0B) LOS objects, 23% free, 51MB/67MB, paused 323us total 18.630ms
08-03 21:20:49.655 17925 18034 I art     : Starting a blocking GC Explicit
08-03 21:20:49.673 17925 18034 I art     : Explicit concurrent mark sweep GC freed 3(96B) AllocSpace objects, 0(0B) LOS objects, 23% free, 51MB/67MB, paused 324us total 18.531ms
08-03 21:20:49.960 17925 17938 I art     : Starting a blocking GC Explicit
08-03 21:20:49.979 17925 17938 I art     : Explicit concurrent mark sweep GC freed 1340(78KB) AllocSpace objects, 1(20KB) LOS objects, 23% free, 51MB/67MB, paused 355us total 18.638ms
08-03 21:20:49.987 17925 17938 I art     : Starting a blocking GC Explicit
08-03 21:20:50.006 17925 17938 I art     : Explicit concurrent mark sweep GC freed 20(704B) AllocSpace objects, 0(0B) LOS objects, 23% free, 51MB/67MB, paused 337us total 18.423ms
08-03 21:20:50.015 17925 17938 I art     : Starting a blocking GC Explicit
08-03 21:20:50.032 17925 17938 I art     : Explicit concurrent mark sweep GC freed 3(96B) AllocSpace objects, 0(0B) LOS objects, 23% free, 51MB/67MB, paused 371us total 17.347ms
08-03 21:20:50.040 17925 17938 I art     : Starting a blocking GC Explicit
08-03 21:20:50.058 17925 17938 I art     : Explicit concurrent mark sweep GC freed 3(96B) AllocSpace objects, 0(0B) LOS objects, 23% free, 51MB/67MB, paused 364us total 17.739ms
08-03 21:20:50.066 17925 17938 I art     : Starting a blocking GC Explicit
08-03 21:20:50.084 17925 17938 I art     : Explicit concurrent mark sweep GC freed 3(96B) AllocSpace objects, 0(0B) LOS objects, 23% free, 51MB/67MB, paused 325us total 17.004ms
08-03 21:20:50.254 16351 16351 I ServiceManager: Waiting for service AtCmdFwd...
08-03 21:20:50.342 19082 19082 D AndroidRuntime: >>>>>> START com.android.internal.os.RuntimeInit uid 2000 <<<<<<
08-03 21:20:50.348 19082 19082 D AndroidRuntime: CheckJNI is OFF
08-03 21:20:50.362 17925 18827 I art     : Starting a blocking GC Explicit
08-03 21:20:50.381 17925 18827 I art     : Explicit concurrent mark sweep GC freed 1340(78KB) AllocSpace objects, 1(20KB) LOS objects, 23% free, 51MB/67MB, paused 388us total 18.498ms
08-03 21:20:50.383 19082 19082 D ICU     : No timezone override file found: /data/misc/zoneinfo/current/icu/icu_tzdata.dat
08-03 21:20:50.389 17925 18827 I art     : Starting a blocking GC Explicit
08-03 21:20:50.408 17925 18827 I art     : Explicit concurrent mark sweep GC freed 20(704B) AllocSpace objects, 0(0B) LOS objects, 23% free, 51MB/67MB, paused 371us total 18.206ms
08-03 21:20:50.416 17925 18827 I art     : Starting a blocking GC Explicit
08-03 21:20:50.417 19082 19082 I Radio-JNI: register_android_hardware_Radio DONE
08-03 21:20:50.433 17925 18827 I art     : Explicit concurrent mark sweep GC freed 3(96B) AllocSpace objects, 0(0B) LOS objects, 23% free, 51MB/67MB, paused 327us total 16.587ms
08-03 21:20:50.439 19082 19082 D AndroidRuntime: Calling main entry com.android.commands.input.Input
08-03 21:20:50.440 17925 18827 I art     : Starting a blocking GC Explicit
08-03 21:20:50.440 19082 19082 I Input   : injectMotionEvent: MotionEvent { action=ACTION_DOWN, actionButton=0, id[0]=0, x[0]=733.0, y[0]=1957.0, toolType[0]=TOOL_TYPE_UNKNOWN, buttonState=0, metaState=0, flags=0x0, edgeFlags=0x0, pointerCount=1, historySize=0, eventTime=652866853, downTime=652866853, deviceId=0, source=0x1002 }
08-03 21:20:50.445 19082 19082 I Input   : injectMotionEvent: MotionEvent { action=ACTION_UP, actionButton=0, id[0]=0, x[0]=733.0, y[0]=1957.0, toolType[0]=TOOL_TYPE_UNKNOWN, buttonState=0, metaState=0, flags=0x0, edgeFlags=0x0, pointerCount=1, historySize=0, eventTime=652866853, downTime=652866853, deviceId=0, source=0x1002 }
08-03 21:20:50.447   918  3961 I ActivityManager: START u0 {cmp=baseline.appteam.nith.hillffair/.activities.ClubActivity (has extras)} from uid 10624 on display 0
08-03 21:20:50.457 17925 18827 I art     : Explicit concurrent mark sweep GC freed 3(96B) AllocSpace objects, 0(0B) LOS objects, 23% free, 51MB/67MB, paused 562us total 16.469ms
08-03 21:20:50.461 19082 19082 D AndroidRuntime: Shutting down VM
08-03 21:20:50.465 17925 18827 I art     : Starting a blocking GC Explicit
08-03 21:20:50.483 17925 18827 I art     : Explicit concurrent mark sweep GC freed 697(52KB) AllocSpace objects, 0(0B) LOS objects, 23% free, 51MB/67MB, paused 595us total 17.760ms
08-03 21:20:50.560   918   936 I ActivityManager: Displayed baseline.appteam.nith.hillffair/.activities.ClubActivity: +103ms
08-03 21:20:50.563 13866 13866 I GoogleInputMethodServic: GoogleInputMethodService.onFinishInput():3138 
08-03 21:20:50.563 13866 13866 I GoogleInputMethodServic: GoogleInputMethodService.onStartInput():1808 
08-03 21:20:50.736 17925 18827 I art     : Starting a blocking GC Explicit
08-03 21:20:50.763 17925 18827 I art     : Explicit concurrent mark sweep GC freed 4465(249KB) AllocSpace objects, 1(20KB) LOS objects, 23% free, 51MB/67MB, paused 407us total 26.426ms
08-03 21:20:50.775 17925 18827 I art     : Starting a blocking GC Explicit
08-03 21:20:50.799 17925 18827 I art     : Explicit concurrent mark sweep GC freed 99(4KB) AllocSpace objects, 0(0B) LOS objects, 23% free, 51MB/67MB, paused 382us total 23.603ms
08-03 21:20:50.810 17925 18827 I art     : Starting a blocking GC Explicit
08-03 21:20:50.819   380   380 W SurfaceFlinger: couldn't log to binary event log: overflow.
08-03 21:20:50.832 17925 18827 I art     : Explicit concurrent mark sweep GC freed 3(96B) AllocSpace objects, 0(0B) LOS objects, 23% free, 51MB/67MB, paused 366us total 22.060ms
08-03 21:20:50.841 17925 18827 I art     : Starting a blocking GC Explicit
08-03 21:20:50.858 17925 18827 I art     : Explicit concurrent mark sweep GC freed 3(96B) AllocSpace objects, 0(0B) LOS objects, 23% free, 51MB/67MB, paused 337us total 16.827ms
08-03 21:20:50.865 17925 18827 I art     : Starting a blocking GC Explicit
08-03 21:20:50.882 17925 18827 I art     : Explicit concurrent mark sweep GC freed 3(96B) AllocSpace objects, 0(0B) LOS objects, 23% free, 51MB/67MB, paused 366us total 16.425ms
08-03 21:20:51.009 17925 19105 D OkHttp  : --> GET https://api-hillfair-2k16.herokuapp.com/api/app/events/special/event?id=58065620dcba0f490c70fe09 http/1.1
08-03 21:20:51.047 17925 19105 D OkHttp  : <-- 200 OK https://api-hillfair-2k16.herokuapp.com/api/app/events/special/event?id=58065620dcba0f490c70fe09 (38ms, 682-byte body)
08-03 21:20:51.056   518   646 I ThermalEngine: ACTION: GPU - Setting GPU[0] to 450000000
08-03 21:20:51.104 17925 17925 I NAPPA_EXPERIMENTATION: MetricNetworkRequestExecutionTime: REQUEST_DURATION_SYSTEM='618',REQUEST_DURATION_OKHTTP='38',REQUEST_SYNCHRONOUS='FALSE',RESPONSE_CODE='200',RESPONSE_METHOD='GET',RESPONSE_LENGTH_OKHTTP='682',RESPONSE_LENGTH_HEADER='682',REQUEST_PROTOCOL='http/1.1',REQUEST_URL='https://api-hillfair-2k16.herokuapp.com/api/app/events/special/event?id=58065620dcba0f490c70fe09',
08-03 21:20:51.162   918  3261 D WifiStateMachine: starting scan for "H369AA63323"WPA_PSK with 2412,5180
08-03 21:20:51.166 17925 17937 I art     : Starting a blocking GC Explicit
08-03 21:20:51.192 17925 17937 I art     : Explicit concurrent mark sweep GC freed 4900(343KB) AllocSpace objects, 4(220KB) LOS objects, 23% free, 52MB/68MB, paused 443us total 25.741ms
08-03 21:20:51.203 17925 17937 I art     : Starting a blocking GC Explicit
08-03 21:20:51.227 17925 17937 I art     : Explicit concurrent mark sweep GC freed 1035(119KB) AllocSpace objects, 0(0B) LOS objects, 23% free, 52MB/68MB, paused 539us total 23.745ms
08-03 21:20:51.239 17925 17937 I art     : Starting a blocking GC Explicit
08-03 21:20:51.255 16351 16351 I ServiceManager: Waiting for service AtCmdFwd...
08-03 21:20:51.263 17925 17937 I art     : Explicit concurrent mark sweep GC freed 3(96B) AllocSpace objects, 0(0B) LOS objects, 23% free, 52MB/68MB, paused 466us total 23.423ms
08-03 21:20:51.273 17925 17937 I art     : Starting a blocking GC Explicit
08-03 21:20:51.297 17925 17937 I art     : Explicit concurrent mark sweep GC freed 3(96B) AllocSpace objects, 0(0B) LOS objects, 23% free, 52MB/68MB, paused 525us total 23.810ms
08-03 21:20:51.308 17925 17937 I art     : Starting a blocking GC Explicit
08-03 21:20:51.331 17925 17937 I art     : Explicit concurrent mark sweep GC freed 3(96B) AllocSpace objects, 0(0B) LOS objects, 23% free, 52MB/68MB, paused 464us total 23.332ms
08-03 21:20:51.629 17925 17938 I art     : Starting a blocking GC Explicit
08-03 21:20:51.655 17925 17938 I art     : Explicit concurrent mark sweep GC freed 1341(78KB) AllocSpace objects, 1(20KB) LOS objects, 23% free, 52MB/68MB, paused 500us total 26.045ms
08-03 21:20:51.668 17925 17938 I art     : Starting a blocking GC Explicit
08-03 21:20:51.694 17925 17938 I art     : Explicit concurrent mark sweep GC freed 36(1264B) AllocSpace objects, 0(0B) LOS objects, 23% free, 52MB/68MB, paused 468us total 24.976ms
08-03 21:20:51.704 17925 17938 I art     : Starting a blocking GC Explicit
08-03 21:20:51.729 17925 17938 I art     : Explicit concurrent mark sweep GC freed 3(96B) AllocSpace objects, 0(0B) LOS objects, 23% free, 52MB/68MB, paused 473us total 24.114ms
08-03 21:20:51.740 17925 17938 I art     : Starting a blocking GC Explicit
08-03 21:20:51.765 17925 17938 I art     : Explicit concurrent mark sweep GC freed 3(96B) AllocSpace objects, 0(0B) LOS objects, 23% free, 52MB/68MB, paused 470us total 24.945ms
08-03 21:20:51.776 17925 17938 I art     : Starting a blocking GC Explicit
08-03 21:20:51.801 17925 17938 I art     : Explicit concurrent mark sweep GC freed 3(96B) AllocSpace objects, 0(0B) LOS objects, 23% free, 52MB/68MB, paused 467us total 24.888ms
08-03 21:20:52.133 17925 18017 I art     : Starting a blocking GC Explicit
08-03 21:20:52.166 17925 18017 I art     : Explicit concurrent mark sweep GC freed 1341(78KB) AllocSpace objects, 1(20KB) LOS objects, 23% free, 52MB/68MB, paused 508us total 32.126ms
08-03 21:20:52.179 17925 18017 I art     : Starting a blocking GC Explicit
08-03 21:20:52.206 17925 18017 I art     : Explicit concurrent mark sweep GC freed 20(704B) AllocSpace objects, 0(0B) LOS objects, 23% free, 52MB/68MB, paused 489us total 26.661ms
08-03 21:20:52.218 17925 18017 I art     : Starting a blocking GC Explicit
08-03 21:20:52.244 17925 18017 I art     : Explicit concurrent mark sweep GC freed 3(96B) AllocSpace objects, 0(0B) LOS objects, 23% free, 52MB/68MB, paused 530us total 26.025ms
08-03 21:20:52.255 17925 18017 I art     : Starting a blocking GC Explicit
08-03 21:20:52.255 16351 16351 I ServiceManager: Waiting for service AtCmdFwd...
08-03 21:20:52.283 17925 18017 I art     : Explicit concurrent mark sweep GC freed 3(96B) AllocSpace objects, 0(0B) LOS objects, 23% free, 52MB/68MB, paused 469us total 27.250ms
08-03 21:20:52.294 17925 18017 I art     : Starting a blocking GC Explicit
08-03 21:20:52.320 17925 18017 I art     : Explicit concurrent mark sweep GC freed 3(96B) AllocSpace objects, 0(0B) LOS objects, 23% free, 52MB/68MB, paused 487us total 25.718ms
08-03 21:20:52.640 17925 18827 I art     : Starting a blocking GC Explicit
08-03 21:20:52.674 17925 18827 I art     : Explicit concurrent mark sweep GC freed 1341(78KB) AllocSpace objects, 1(20KB) LOS objects, 23% free, 52MB/68MB, paused 525us total 32.709ms
08-03 21:20:52.689 17925 18827 I art     : Starting a blocking GC Explicit
08-03 21:20:52.715 17925 18827 I art     : Explicit concurrent mark sweep GC freed 20(704B) AllocSpace objects, 0(0B) LOS objects, 23% free, 52MB/68MB, paused 468us total 25.144ms
08-03 21:20:52.725 17925 18827 I art     : Starting a blocking GC Explicit
08-03 21:20:52.749 17925 18827 I art     : Explicit concurrent mark sweep GC freed 3(96B) AllocSpace objects, 0(0B) LOS objects, 23% free, 52MB/68MB, paused 480us total 23.512ms
08-03 21:20:52.760 17925 18827 I art     : Starting a blocking GC Explicit
08-03 21:20:52.783 17925 18827 I art     : Explicit concurrent mark sweep GC freed 3(96B) AllocSpace objects, 0(0B) LOS objects, 23% free, 52MB/68MB, paused 461us total 23.476ms
08-03 21:20:52.794 17925 18827 I art     : Starting a blocking GC Explicit
08-03 21:20:52.817 17925 18827 I art     : Explicit concurrent mark sweep GC freed 3(96B) AllocSpace objects, 0(0B) LOS objects, 23% free, 52MB/68MB, paused 641us total 23.586ms
08-03 21:20:53.123 17925 17937 I art     : Starting a blocking GC Explicit
08-03 21:20:53.152 17925 17937 I art     : Explicit concurrent mark sweep GC freed 1341(78KB) AllocSpace objects, 1(20KB) LOS objects, 23% free, 52MB/68MB, paused 528us total 28.265ms
08-03 21:20:53.165 17925 17937 I art     : Starting a blocking GC Explicit
08-03 21:20:53.192 17925 17937 I art     : Explicit concurrent mark sweep GC freed 20(704B) AllocSpace objects, 0(0B) LOS objects, 23% free, 52MB/68MB, paused 488us total 26.363ms
08-03 21:20:53.203 17925 17937 I art     : Starting a blocking GC Explicit
08-03 21:20:53.229 17925 17937 I art     : Explicit concurrent mark sweep GC freed 3(96B) AllocSpace objects, 0(0B) LOS objects, 23% free, 52MB/68MB, paused 502us total 25.628ms
08-03 21:20:53.239 17925 17937 I art     : Starting a blocking GC Explicit
08-03 21:20:53.256 19160 19160 D AndroidRuntime: >>>>>> START com.android.internal.os.RuntimeInit uid 2000 <<<<<<
08-03 21:20:53.256 16351 16351 I ServiceManager: Waiting for service AtCmdFwd...
08-03 21:20:53.263 19160 19160 D AndroidRuntime: CheckJNI is OFF
08-03 21:20:53.265 17925 17937 I art     : Explicit concurrent mark sweep GC freed 3(96B) AllocSpace objects, 0(0B) LOS objects, 23% free, 52MB/68MB, paused 511us total 24.921ms
08-03 21:20:53.275 17925 17937 I art     : Starting a blocking GC Explicit
08-03 21:20:53.300 17925 17937 I art     : Explicit concurrent mark sweep GC freed 3(96B) AllocSpace objects, 0(0B) LOS objects, 23% free, 52MB/68MB, paused 497us total 24.415ms
08-03 21:20:53.309 19160 19160 D ICU     : No timezone override file found: /data/misc/zoneinfo/current/icu/icu_tzdata.dat
08-03 21:20:53.352 19160 19160 I Radio-JNI: register_android_hardware_Radio DONE
08-03 21:20:53.382 19160 19160 D AndroidRuntime: Calling main entry com.android.commands.input.Input
08-03 21:20:53.384 19160 19160 I Input   : injectKeyEvent: KeyEvent { action=ACTION_DOWN, keyCode=KEYCODE_BACK, scanCode=0, metaState=0, flags=0x0, repeatCount=0, eventTime=652869797, downTime=652869797, deviceId=-1, source=0x101 }
08-03 21:20:53.391 19160 19160 I Input   : injectKeyEvent: KeyEvent { action=ACTION_UP, keyCode=KEYCODE_BACK, scanCode=0, metaState=0, flags=0x0, repeatCount=0, eventTime=652869797, downTime=652869797, deviceId=-1, source=0x101 }
08-03 21:20:53.397 19160 19160 D AndroidRuntime: Shutting down VM
08-03 21:20:53.437 13866 13866 I GoogleInputMethodServic: GoogleInputMethodService.onFinishInput():3138 
08-03 21:20:53.438 13866 13866 I GoogleInputMethodServic: GoogleInputMethodService.onStartInput():1808 
08-03 21:20:53.577 17925 18827 I art     : Starting a blocking GC Explicit
08-03 21:20:53.605 17925 18827 I art     : Explicit concurrent mark sweep GC freed 1510(85KB) AllocSpace objects, 1(20KB) LOS objects, 23% free, 52MB/68MB, paused 466us total 27.629ms
08-03 21:20:53.619 17925 18827 I art     : Starting a blocking GC Explicit
08-03 21:20:53.646 17925 18827 I art     : Explicit concurrent mark sweep GC freed 26(944B) AllocSpace objects, 0(0B) LOS objects, 23% free, 52MB/68MB, paused 505us total 26.521ms
08-03 21:20:53.657 17925 18827 I art     : Starting a blocking GC Explicit
08-03 21:20:53.685 17925 18827 I art     : Explicit concurrent mark sweep GC freed 3(96B) AllocSpace objects, 0(0B) LOS objects, 23% free, 52MB/68MB, paused 466us total 27.602ms
08-03 21:20:53.698 17925 18827 I art     : Starting a blocking GC Explicit
08-03 21:20:53.725 17925 18827 I art     : Explicit concurrent mark sweep GC freed 3(96B) AllocSpace objects, 0(0B) LOS objects, 23% free, 52MB/68MB, paused 443us total 26.292ms
08-03 21:20:53.736 17925 18827 I art     : Starting a blocking GC Explicit
08-03 21:20:53.738   380   380 W SurfaceFlinger: couldn't log to binary event log: overflow.
08-03 21:20:53.758 17925 18827 I art     : Explicit concurrent mark sweep GC freed 112(8KB) AllocSpace objects, 0(0B) LOS objects, 23% free, 52MB/68MB, paused 538us total 21.992ms
08-03 21:20:54.054 17925 18017 I art     : Starting a blocking GC Explicit
08-03 21:20:54.084 17925 18017 I art     : Explicit concurrent mark sweep GC freed 2993(184KB) AllocSpace objects, 4(420KB) LOS objects, 23% free, 51MB/67MB, paused 505us total 28.732ms
08-03 21:20:54.096 17925 18017 I art     : Starting a blocking GC Explicit
08-03 21:20:54.120 17925 18017 I art     : Explicit concurrent mark sweep GC freed 24(864B) AllocSpace objects, 0(0B) LOS objects, 23% free, 51MB/67MB, paused 466us total 23.559ms
08-03 21:20:54.131 17925 18017 I art     : Starting a blocking GC Explicit
08-03 21:20:54.155 17925 18017 I art     : Explicit concurrent mark sweep GC freed 3(96B) AllocSpace objects, 0(0B) LOS objects, 23% free, 51MB/67MB, paused 472us total 23.498ms
08-03 21:20:54.165 17925 18017 I art     : Starting a blocking GC Explicit
08-03 21:20:54.189 17925 18017 I art     : Explicit concurrent mark sweep GC freed 3(96B) AllocSpace objects, 0(0B) LOS objects, 23% free, 51MB/67MB, paused 476us total 23.517ms
08-03 21:20:54.200 17925 18017 I art     : Starting a blocking GC Explicit
08-03 21:20:54.224 17925 18017 I art     : Explicit concurrent mark sweep GC freed 3(96B) AllocSpace objects, 0(0B) LOS objects, 23% free, 51MB/67MB, paused 462us total 23.893ms
08-03 21:20:54.257 16351 16351 W Atfwd_Sendcmd: AtCmdFwd service not published, waiting... retryCnt : 3
08-03 21:20:54.528 17925 17938 I art     : Starting a blocking GC Explicit
08-03 21:20:54.559 17925 17938 I art     : Explicit concurrent mark sweep GC freed 1340(78KB) AllocSpace objects, 1(20KB) LOS objects, 23% free, 51MB/67MB, paused 514us total 30.200ms
08-03 21:20:54.572 17925 17938 I art     : Starting a blocking GC Explicit
08-03 21:20:54.596 17925 17938 I art     : Explicit concurrent mark sweep GC freed 20(704B) AllocSpace objects, 0(0B) LOS objects, 23% free, 51MB/67MB, paused 516us total 24.260ms
08-03 21:20:54.607 17925 17938 I art     : Starting a blocking GC Explicit
08-03 21:20:54.631 17925 17938 I art     : Explicit concurrent mark sweep GC freed 3(96B) AllocSpace objects, 0(0B) LOS objects, 23% free, 51MB/67MB, paused 451us total 23.642ms
08-03 21:20:54.641 17925 17938 I art     : Starting a blocking GC Explicit
08-03 21:20:54.664 17925 17938 I art     : Explicit concurrent mark sweep GC freed 3(96B) AllocSpace objects, 0(0B) LOS objects, 23% free, 51MB/67MB, paused 481us total 22.416ms
08-03 21:20:54.674 17925 17938 I art     : Starting a blocking GC Explicit
08-03 21:20:54.697 17925 17938 I art     : Explicit concurrent mark sweep GC freed 3(96B) AllocSpace objects, 0(0B) LOS objects, 23% free, 51MB/67MB, paused 525us total 22.588ms
08-03 21:20:54.982 17925 18034 I art     : Starting a blocking GC Explicit
08-03 21:20:55.007 17925 18034 I art     : Explicit concurrent mark sweep GC freed 1340(78KB) AllocSpace objects, 1(20KB) LOS objects, 23% free, 51MB/67MB, paused 474us total 24.061ms
08-03 21:20:55.018 17925 18034 I art     : Starting a blocking GC Explicit
08-03 21:20:55.041 17925 18034 I art     : Explicit concurrent mark sweep GC freed 20(704B) AllocSpace objects, 0(0B) LOS objects, 23% free, 51MB/67MB, paused 478us total 23.564ms
08-03 21:20:55.052 17925 18034 I art     : Starting a blocking GC Explicit
08-03 21:20:55.077 17925 18034 I art     : Explicit concurrent mark sweep GC freed 3(96B) AllocSpace objects, 0(0B) LOS objects, 23% free, 51MB/67MB, paused 569us total 24.647ms
08-03 21:20:55.088 17925 18034 I art     : Starting a blocking GC Explicit
08-03 21:20:55.112 17925 18034 I art     : Explicit concurrent mark sweep GC freed 3(96B) AllocSpace objects, 0(0B) LOS objects, 23% free, 51MB/67MB, paused 487us total 23.454ms
08-03 21:20:55.122 17925 18034 I art     : Starting a blocking GC Explicit
08-03 21:20:55.147 17925 18034 I art     : Explicit concurrent mark sweep GC freed 3(96B) AllocSpace objects, 0(0B) LOS objects, 23% free, 51MB/67MB, paused 558us total 24.643ms
08-03 21:20:55.190 19213 19213 D AndroidRuntime: >>>>>> START com.android.internal.os.RuntimeInit uid 2000 <<<<<<
08-03 21:20:55.197 19213 19213 D AndroidRuntime: CheckJNI is OFF
08-03 21:20:55.242 19213 19213 D ICU     : No timezone override file found: /data/misc/zoneinfo/current/icu/icu_tzdata.dat
08-03 21:20:55.290 19213 19213 I Radio-JNI: register_android_hardware_Radio DONE
08-03 21:20:55.319 19213 19213 D AndroidRuntime: Calling main entry com.android.commands.input.Input
08-03 21:20:55.322 19213 19213 I Input   : injectMotionEvent: MotionEvent { action=ACTION_DOWN, actionButton=0, id[0]=0, x[0]=733.0, y[0]=1957.0, toolType[0]=TOOL_TYPE_UNKNOWN, buttonState=0, metaState=0, flags=0x0, edgeFlags=0x0, pointerCount=1, historySize=0, eventTime=652871734, downTime=652871734, deviceId=0, source=0x1002 }
08-03 21:20:55.328 19213 19213 I Input   : injectMotionEvent: MotionEvent { action=ACTION_UP, actionButton=0, id[0]=0, x[0]=733.0, y[0]=1957.0, toolType[0]=TOOL_TYPE_UNKNOWN, buttonState=0, metaState=0, flags=0x0, edgeFlags=0x0, pointerCount=1, historySize=0, eventTime=652871734, downTime=652871734, deviceId=0, source=0x1002 }
08-03 21:20:55.330   918  5952 I ActivityManager: START u0 {cmp=baseline.appteam.nith.hillffair/.activities.ClubActivity (has extras)} from uid 10624 on display 0
08-03 21:20:55.337 19213 19213 D AndroidRuntime: Shutting down VM
08-03 21:20:55.429   918   936 I ActivityManager: Displayed baseline.appteam.nith.hillffair/.activities.ClubActivity: +92ms
08-03 21:20:55.429 13866 13866 I GoogleInputMethodServic: GoogleInputMethodService.onFinishInput():3138 
08-03 21:20:55.430 13866 13866 I GoogleInputMethodServic: GoogleInputMethodService.onStartInput():1808 
08-03 21:20:55.442 17925 18827 I art     : Starting a blocking GC Explicit
08-03 21:20:55.471 17925 18827 I art     : Explicit concurrent mark sweep GC freed 5221(327KB) AllocSpace objects, 1(20KB) LOS objects, 23% free, 52MB/68MB, paused 525us total 29.019ms
08-03 21:20:55.481 17925 18827 I art     : Starting a blocking GC Explicit
08-03 21:20:55.503 17925 18827 I art     : Explicit concurrent mark sweep GC freed 282(14KB) AllocSpace objects, 0(0B) LOS objects, 23% free, 52MB/68MB, paused 515us total 21.290ms
08-03 21:20:55.514 17925 18827 I art     : Starting a blocking GC Explicit
08-03 21:20:55.536 17925 18827 I art     : Explicit concurrent mark sweep GC freed 9(464B) AllocSpace objects, 0(0B) LOS objects, 23% free, 52MB/68MB, paused 511us total 22.106ms
08-03 21:20:55.546 17925 18827 I art     : Starting a blocking GC Explicit
08-03 21:20:55.572 17925 18827 I art     : Explicit concurrent mark sweep GC freed 3(96B) AllocSpace objects, 0(0B) LOS objects, 23% free, 52MB/68MB, paused 549us total 25.793ms
08-03 21:20:55.585 17925 18827 I art     : Starting a blocking GC Explicit
08-03 21:20:55.613 17925 18827 I art     : Explicit concurrent mark sweep GC freed 3(96B) AllocSpace objects, 0(0B) LOS objects, 23% free, 52MB/68MB, paused 522us total 27.925ms
08-03 21:20:55.690   380   380 W SurfaceFlinger: couldn't log to binary event log: overflow.
08-03 21:20:55.892 17925 17938 I art     : Starting a blocking GC Explicit
08-03 21:20:55.917 17925 17938 I art     : Explicit concurrent mark sweep GC freed 1460(84KB) AllocSpace objects, 1(20KB) LOS objects, 23% free, 52MB/68MB, paused 541us total 24.605ms
08-03 21:20:55.928 17925 17938 I art     : Starting a blocking GC Explicit
08-03 21:20:55.953 17925 17938 I art     : Explicit concurrent mark sweep GC freed 40(1408B) AllocSpace objects, 0(0B) LOS objects, 23% free, 52MB/68MB, paused 554us total 24.703ms
08-03 21:20:55.964 17925 17938 I art     : Starting a blocking GC Explicit
08-03 21:20:55.988 17925 17938 I art     : Explicit concurrent mark sweep GC freed 13(480B) AllocSpace objects, 0(0B) LOS objects, 23% free, 52MB/68MB, paused 550us total 23.788ms
08-03 21:20:55.999 17925 17938 I art     : Starting a blocking GC Explicit
08-03 21:20:56.022 17925 17938 I art     : Explicit concurrent mark sweep GC freed 13(480B) AllocSpace objects, 0(0B) LOS objects, 23% free, 52MB/68MB, paused 534us total 23.418ms
08-03 21:20:56.033 17925 17938 I art     : Starting a blocking GC Explicit
08-03 21:20:56.057 17925 17938 I art     : Explicit concurrent mark sweep GC freed 13(480B) AllocSpace objects, 0(0B) LOS objects, 23% free, 52MB/68MB, paused 521us total 23.834ms
08-03 21:20:56.237 17925 19250 D OkHttp  : --> GET https://api-hillfair-2k16.herokuapp.com/api/app/events/special/event?id=58065620dcba0f490c70fe09 http/1.1
08-03 21:20:56.279 17925 19250 D OkHttp  : <-- 200 OK https://api-hillfair-2k16.herokuapp.com/api/app/events/special/event?id=58065620dcba0f490c70fe09 (42ms, 682-byte body)
08-03 21:20:56.325 17925 17925 I NAPPA_EXPERIMENTATION: MetricNetworkRequestExecutionTime: REQUEST_DURATION_SYSTEM='957',REQUEST_DURATION_OKHTTP='42',REQUEST_SYNCHRONOUS='FALSE',RESPONSE_CODE='200',RESPONSE_METHOD='GET',RESPONSE_LENGTH_OKHTTP='682',RESPONSE_LENGTH_HEADER='682',REQUEST_PROTOCOL='http/1.1',REQUEST_URL='https://api-hillfair-2k16.herokuapp.com/api/app/events/special/event?id=58065620dcba0f490c70fe09',
08-03 21:20:56.350 17925 18827 I art     : Starting a blocking GC Explicit
08-03 21:20:56.375 17925 18827 I art     : Explicit concurrent mark sweep GC freed 4795(311KB) AllocSpace objects, 4(220KB) LOS objects, 23% free, 52MB/68MB, paused 460us total 25.309ms
08-03 21:20:56.386 17925 18827 I art     : Starting a blocking GC Explicit
08-03 21:20:56.409 17925 18827 I art     : Explicit concurrent mark sweep GC freed 1062(120KB) AllocSpace objects, 0(0B) LOS objects, 23% free, 52MB/68MB, paused 706us total 23.075ms
08-03 21:20:56.420 17925 18827 I art     : Starting a blocking GC Explicit
08-03 21:20:56.444 17925 18827 I art     : Explicit concurrent mark sweep GC freed 3(96B) AllocSpace objects, 0(0B) LOS objects, 23% free, 52MB/68MB, paused 467us total 23.490ms
08-03 21:20:56.454 17925 18827 I art     : Starting a blocking GC Explicit
08-03 21:20:56.479 17925 18827 I art     : Explicit concurrent mark sweep GC freed 3(96B) AllocSpace objects, 0(0B) LOS objects, 23% free, 52MB/68MB, paused 486us total 24.234ms
08-03 21:20:56.489 17925 18827 I art     : Starting a blocking GC Explicit
08-03 21:20:56.514 17925 18827 I art     : Explicit concurrent mark sweep GC freed 3(96B) AllocSpace objects, 0(0B) LOS objects, 23% free, 52MB/68MB, paused 582us total 24.155ms
08-03 21:20:56.820 17925 18034 I art     : Starting a blocking GC Explicit
08-03 21:20:56.847 17925 18034 I art     : Explicit concurrent mark sweep GC freed 1341(78KB) AllocSpace objects, 1(20KB) LOS objects, 23% free, 52MB/68MB, paused 545us total 26.651ms
08-03 21:20:56.859 17925 18034 I art     : Starting a blocking GC Explicit
08-03 21:20:56.885 17925 18034 I art     : Explicit concurrent mark sweep GC freed 36(1264B) AllocSpace objects, 0(0B) LOS objects, 23% free, 52MB/68MB, paused 500us total 25.263ms
08-03 21:20:56.896 17925 18034 I art     : Starting a blocking GC Explicit
08-03 21:20:56.923 17925 18034 I art     : Explicit concurrent mark sweep GC freed 3(96B) AllocSpace objects, 0(0B) LOS objects, 23% free, 52MB/68MB, paused 515us total 26.787ms
08-03 21:20:56.934 17925 18034 I art     : Starting a blocking GC Explicit
08-03 21:20:56.961 17925 18034 I art     : Explicit concurrent mark sweep GC freed 3(96B) AllocSpace objects, 0(0B) LOS objects, 23% free, 52MB/68MB, paused 513us total 25.941ms
08-03 21:20:56.972 17925 18034 I art     : Starting a blocking GC Explicit
08-03 21:20:57.000 17925 18034 I art     : Explicit concurrent mark sweep GC freed 3(96B) AllocSpace objects, 0(0B) LOS objects, 23% free, 52MB/68MB, paused 505us total 27.797ms
08-03 21:20:57.318 17925 18017 I art     : Starting a blocking GC Explicit
08-03 21:20:57.351 17925 18017 I art     : Explicit concurrent mark sweep GC freed 1341(78KB) AllocSpace objects, 1(20KB) LOS objects, 23% free, 52MB/68MB, paused 530us total 32.026ms
08-03 21:20:57.364 17925 18017 I art     : Starting a blocking GC Explicit
08-03 21:20:57.393 17925 18017 I art     : Explicit concurrent mark sweep GC freed 20(704B) AllocSpace objects, 0(0B) LOS objects, 23% free, 52MB/68MB, paused 515us total 28.428ms
08-03 21:20:57.404 17925 18017 I art     : Starting a blocking GC Explicit
08-03 21:20:57.430 17925 18017 I art     : Explicit concurrent mark sweep GC freed 3(96B) AllocSpace objects, 0(0B) LOS objects, 23% free, 52MB/68MB, paused 494us total 25.184ms
08-03 21:20:57.441 17925 18017 I art     : Starting a blocking GC Explicit
08-03 21:20:57.468 17925 18017 I art     : Explicit concurrent mark sweep GC freed 3(96B) AllocSpace objects, 0(0B) LOS objects, 23% free, 52MB/68MB, paused 555us total 26.392ms
08-03 21:20:57.479 17925 18017 I art     : Starting a blocking GC Explicit
08-03 21:20:57.507 17925 18017 I art     : Explicit concurrent mark sweep GC freed 3(96B) AllocSpace objects, 0(0B) LOS objects, 23% free, 52MB/68MB, paused 500us total 27.780ms
08-03 21:20:57.789 17925 18827 I art     : Starting a blocking GC Explicit
08-03 21:20:57.817 17925 18827 I art     : Explicit concurrent mark sweep GC freed 1341(78KB) AllocSpace objects, 1(20KB) LOS objects, 23% free, 52MB/68MB, paused 493us total 26.824ms
08-03 21:20:57.827 17925 18827 I art     : Starting a blocking GC Explicit
08-03 21:20:57.853 17925 18827 I art     : Explicit concurrent mark sweep GC freed 20(704B) AllocSpace objects, 0(0B) LOS objects, 23% free, 52MB/68MB, paused 526us total 25.622ms
08-03 21:20:57.864 17925 18827 I art     : Starting a blocking GC Explicit
08-03 21:20:57.890 17925 18827 I art     : Explicit concurrent mark sweep GC freed 3(96B) AllocSpace objects, 0(0B) LOS objects, 23% free, 52MB/68MB, paused 529us total 25.664ms
08-03 21:20:57.901 17925 18827 I art     : Starting a blocking GC Explicit
08-03 21:20:57.926 17925 18827 I art     : Explicit concurrent mark sweep GC freed 3(96B) AllocSpace objects, 0(0B) LOS objects, 23% free, 52MB/68MB, paused 522us total 25.013ms
08-03 21:20:57.937 17925 18827 I art     : Starting a blocking GC Explicit
08-03 21:20:57.963 17925 18827 I art     : Explicit concurrent mark sweep GC freed 3(96B) AllocSpace objects, 0(0B) LOS objects, 23% free, 52MB/68MB, paused 546us total 25.013ms
08-03 21:20:58.149 19294 19294 D AndroidRuntime: >>>>>> START com.android.internal.os.RuntimeInit uid 2000 <<<<<<
08-03 21:20:58.155 19294 19294 D AndroidRuntime: CheckJNI is OFF
08-03 21:20:58.196 19294 19294 D ICU     : No timezone override file found: /data/misc/zoneinfo/current/icu/icu_tzdata.dat
08-03 21:20:58.238 19294 19294 I Radio-JNI: register_android_hardware_Radio DONE
08-03 21:20:58.267 19294 19294 D AndroidRuntime: Calling main entry com.android.commands.input.Input
08-03 21:20:58.268 19294 19294 I Input   : injectKeyEvent: KeyEvent { action=ACTION_DOWN, keyCode=KEYCODE_BACK, scanCode=0, metaState=0, flags=0x0, repeatCount=0, eventTime=652874681, downTime=652874681, deviceId=-1, source=0x101 }
08-03 21:20:58.273 19294 19294 I Input   : injectKeyEvent: KeyEvent { action=ACTION_UP, keyCode=KEYCODE_BACK, scanCode=0, metaState=0, flags=0x0, repeatCount=0, eventTime=652874681, downTime=652874681, deviceId=-1, source=0x101 }
08-03 21:20:58.283 19294 19294 D AndroidRuntime: Shutting down VM
08-03 21:20:58.286 17925 18017 I art     : Starting a blocking GC Explicit
08-03 21:20:58.309 17925 18017 I art     : Explicit concurrent mark sweep GC freed 1482(84KB) AllocSpace objects, 1(20KB) LOS objects, 23% free, 52MB/68MB, paused 480us total 22.942ms
08-03 21:20:58.318 13866 13866 I GoogleInputMethodServic: GoogleInputMethodService.onFinishInput():3138 
08-03 21:20:58.319 13866 13866 I GoogleInputMethodServic: GoogleInputMethodService.onStartInput():1808 
08-03 21:20:58.319 17925 18017 I art     : Starting a blocking GC Explicit
08-03 21:20:58.341 17925 18017 I art     : Explicit concurrent mark sweep GC freed 47(1744B) AllocSpace objects, 0(0B) LOS objects, 23% free, 52MB/68MB, paused 485us total 22.324ms
08-03 21:20:58.352 17925 18017 I art     : Starting a blocking GC Explicit
08-03 21:20:58.373 17925 18017 I art     : Explicit concurrent mark sweep GC freed 11(400B) AllocSpace objects, 0(0B) LOS objects, 23% free, 52MB/68MB, paused 455us total 21.258ms
08-03 21:20:58.374 24365 30222 I NetworkScheduler.Stats: Task com.google.android.gms/com.google.android.gms.icing.service.IcingGcmTaskService started execution. cause:4 exec_start_elapsed_seconds: 1636262 [CONTEXT service_id=218 ]
08-03 21:20:58.383 17925 18017 I art     : Starting a blocking GC Explicit
08-03 21:20:58.383 24365 23406 I NetworkScheduler.Stats: Task com.google.android.gms/com.google.android.gms.icing.service.IcingGcmTaskService finished executing. cause:4 result: 1 elapsed_millis: 40 uptime_millis: 40 exec_start_elapsed_seconds: 1636262 [CONTEXT service_id=218 ]
08-03 21:20:58.404 17925 18017 I art     : Explicit concurrent mark sweep GC freed 3(96B) AllocSpace objects, 0(0B) LOS objects, 23% free, 52MB/68MB, paused 458us total 20.425ms
08-03 21:20:58.414 17925 18017 I art     : Starting a blocking GC Explicit
08-03 21:20:58.435 17925 18017 I art     : Explicit concurrent mark sweep GC freed 3(96B) AllocSpace objects, 0(0B) LOS objects, 23% free, 52MB/68MB, paused 444us total 20.914ms
08-03 21:20:58.626   380   380 W SurfaceFlinger: couldn't log to binary event log: overflow.
08-03 21:20:58.721 17925 18827 I art     : Starting a blocking GC Explicit
08-03 21:20:58.748 17925 18827 I art     : Explicit concurrent mark sweep GC freed 1450(87KB) AllocSpace objects, 1(20KB) LOS objects, 23% free, 52MB/68MB, paused 524us total 26.330ms
08-03 21:20:58.763 17925 18827 I art     : Starting a blocking GC Explicit
08-03 21:20:58.787 17925 18827 I art     : Explicit concurrent mark sweep GC freed 1672(106KB) AllocSpace objects, 3(400KB) LOS objects, 23% free, 51MB/67MB, paused 487us total 23.322ms
08-03 21:20:58.797 17925 18827 I art     : Starting a blocking GC Explicit
08-03 21:20:58.821 17925 18827 I art     : Explicit concurrent mark sweep GC freed 3(96B) AllocSpace objects, 0(0B) LOS objects, 23% free, 51MB/67MB, paused 560us total 23.675ms
08-03 21:20:58.832 17925 18827 I art     : Starting a blocking GC Explicit
08-03 21:20:58.856 17925 18827 I art     : Explicit concurrent mark sweep GC freed 3(96B) AllocSpace objects, 0(0B) LOS objects, 23% free, 51MB/67MB, paused 498us total 23.658ms
08-03 21:20:58.866 17925 18827 I art     : Starting a blocking GC Explicit
08-03 21:20:58.891 17925 18827 I art     : Explicit concurrent mark sweep GC freed 3(96B) AllocSpace objects, 0(0B) LOS objects, 23% free, 51MB/67MB, paused 505us total 24.302ms
08-03 21:20:59.198 17925 18034 I art     : Starting a blocking GC Explicit
08-03 21:20:59.224 17925 18034 I art     : Explicit concurrent mark sweep GC freed 1341(78KB) AllocSpace objects, 1(20KB) LOS objects, 23% free, 51MB/67MB, paused 561us total 25.701ms
08-03 21:20:59.235 17925 18034 I art     : Starting a blocking GC Explicit
08-03 21:20:59.260 17925 18034 I art     : Explicit concurrent mark sweep GC freed 20(704B) AllocSpace objects, 0(0B) LOS objects, 23% free, 51MB/67MB, paused 507us total 24.762ms
08-03 21:20:59.271 17925 18034 I art     : Starting a blocking GC Explicit
08-03 21:20:59.295 17925 18034 I art     : Explicit concurrent mark sweep GC freed 3(96B) AllocSpace objects, 0(0B) LOS objects, 23% free, 51MB/67MB, paused 497us total 24.049ms
08-03 21:20:59.306 17925 18034 I art     : Starting a blocking GC Explicit
08-03 21:20:59.330 17925 18034 I art     : Explicit concurrent mark sweep GC freed 3(96B) AllocSpace objects, 0(0B) LOS objects, 23% free, 51MB/67MB, paused 505us total 24.523ms
08-03 21:20:59.341 17925 18034 I art     : Starting a blocking GC Explicit
08-03 21:20:59.366 17925 18034 I art     : Explicit concurrent mark sweep GC freed 3(96B) AllocSpace objects, 0(0B) LOS objects, 23% free, 51MB/67MB, paused 499us total 24.383ms
08-03 21:20:59.655 17925 17937 I art     : Starting a blocking GC Explicit
08-03 21:20:59.684 17925 17937 I art     : Explicit concurrent mark sweep GC freed 1340(78KB) AllocSpace objects, 1(20KB) LOS objects, 23% free, 51MB/67MB, paused 532us total 27.907ms
08-03 21:20:59.694 17925 17937 I art     : Starting a blocking GC Explicit
08-03 21:20:59.718 17925 17937 I art     : Explicit concurrent mark sweep GC freed 20(704B) AllocSpace objects, 0(0B) LOS objects, 23% free, 51MB/67MB, paused 503us total 23.770ms
08-03 21:20:59.729 17925 17937 I art     : Starting a blocking GC Explicit
08-03 21:20:59.753 17925 17937 I art     : Explicit concurrent mark sweep GC freed 3(96B) AllocSpace objects, 0(0B) LOS objects, 23% free, 51MB/67MB, paused 527us total 23.366ms
08-03 21:20:59.763 17925 17937 I art     : Starting a blocking GC Explicit
08-03 21:20:59.787 17925 17937 I art     : Explicit concurrent mark sweep GC freed 3(96B) AllocSpace objects, 0(0B) LOS objects, 23% free, 51MB/67MB, paused 528us total 23.500ms
08-03 21:20:59.797 17925 17937 I art     : Starting a blocking GC Explicit
08-03 21:20:59.821 17925 17937 I art     : Explicit concurrent mark sweep GC freed 3(96B) AllocSpace objects, 0(0B) LOS objects, 23% free, 51MB/67MB, paused 505us total 23.309ms
08-03 21:21:00.067 19350 19350 D AndroidRuntime: >>>>>> START com.android.internal.os.RuntimeInit uid 2000 <<<<<<
08-03 21:21:00.073 19350 19350 D AndroidRuntime: CheckJNI is OFF
08-03 21:21:00.114 19350 19350 D ICU     : No timezone override file found: /data/misc/zoneinfo/current/icu/icu_tzdata.dat
08-03 21:21:00.135 17925 17938 I art     : Starting a blocking GC Explicit
08-03 21:21:00.155 19350 19350 I Radio-JNI: register_android_hardware_Radio DONE
08-03 21:21:00.160 17925 17938 I art     : Explicit concurrent mark sweep GC freed 1340(78KB) AllocSpace objects, 1(20KB) LOS objects, 23% free, 51MB/67MB, paused 515us total 24.403ms
08-03 21:21:00.170 17925 17938 I art     : Starting a blocking GC Explicit
08-03 21:21:00.186 19350 19350 D AndroidRuntime: Calling main entry com.android.commands.input.Input
08-03 21:21:00.188 19350 19350 I Input   : injectMotionEvent: MotionEvent { action=ACTION_DOWN, actionButton=0, id[0]=0, x[0]=733.0, y[0]=645.0, toolType[0]=TOOL_TYPE_UNKNOWN, buttonState=0, metaState=0, flags=0x0, edgeFlags=0x0, pointerCount=1, historySize=0, eventTime=652876601, downTime=652876601, deviceId=0, source=0x1002 }
08-03 21:21:00.192 19350 19350 I Input   : injectMotionEvent: MotionEvent { action=ACTION_UP, actionButton=0, id[0]=0, x[0]=733.0, y[0]=645.0, toolType[0]=TOOL_TYPE_UNKNOWN, buttonState=0, metaState=0, flags=0x0, edgeFlags=0x0, pointerCount=1, historySize=0, eventTime=652876601, downTime=652876601, deviceId=0, source=0x1002 }
08-03 21:21:00.194 17925 17938 I art     : Explicit concurrent mark sweep GC freed 20(704B) AllocSpace objects, 0(0B) LOS objects, 23% free, 51MB/67MB, paused 535us total 23.588ms
08-03 21:21:00.194   918  3714 I ActivityManager: START u0 {cmp=baseline.appteam.nith.hillffair/.activities.ClubActivity (has extras)} from uid 10624 on display 0
08-03 21:21:00.201 19350 19350 D AndroidRuntime: Shutting down VM
08-03 21:21:00.205 17925 17938 I art     : Starting a blocking GC Explicit
08-03 21:21:00.228 17925 17938 I art     : Explicit concurrent mark sweep GC freed 322(25KB) AllocSpace objects, 0(0B) LOS objects, 23% free, 52MB/68MB, paused 730us total 23.102ms
08-03 21:21:00.239 17925 17938 I art     : Starting a blocking GC Explicit
08-03 21:21:00.265 17925 17938 I art     : Explicit concurrent mark sweep GC freed 3454(219KB) AllocSpace objects, 0(0B) LOS objects, 23% free, 52MB/68MB, paused 678us total 26.309ms
08-03 21:21:00.275 17925 17938 I art     : Starting a blocking GC Explicit
08-03 21:21:00.299 17925 17938 I art     : Explicit concurrent mark sweep GC freed 248(10KB) AllocSpace objects, 0(0B) LOS objects, 23% free, 52MB/68MB, paused 851us total 23.651ms
08-03 21:21:00.303 13866 13866 I GoogleInputMethodServic: GoogleInputMethodService.onFinishInput():3138 
08-03 21:21:00.303   918   936 I ActivityManager: Displayed baseline.appteam.nith.hillffair/.activities.ClubActivity: +100ms
08-03 21:21:00.303 13866 13866 I GoogleInputMethodServic: GoogleInputMethodService.onStartInput():1808 
08-03 21:21:00.595   380   380 W SurfaceFlinger: couldn't log to binary event log: overflow.
08-03 21:21:00.603 17925 17937 I art     : Starting a blocking GC Explicit
08-03 21:21:00.629 17925 17937 I art     : Explicit concurrent mark sweep GC freed 1456(85KB) AllocSpace objects, 1(20KB) LOS objects, 23% free, 52MB/68MB, paused 653us total 25.577ms
08-03 21:21:00.639 17925 17937 I art     : Starting a blocking GC Explicit
08-03 21:21:00.662 17925 17937 I art     : Explicit concurrent mark sweep GC freed 28(976B) AllocSpace objects, 0(0B) LOS objects, 23% free, 52MB/68MB, paused 536us total 22.238ms
08-03 21:21:00.672 17925 17937 I art     : Starting a blocking GC Explicit
08-03 21:21:00.698 17925 17937 I art     : Explicit concurrent mark sweep GC freed 103(5KB) AllocSpace objects, 0(0B) LOS objects, 23% free, 52MB/68MB, paused 594us total 26.149ms
08-03 21:21:00.712 17925 17937 I art     : Starting a blocking GC Explicit
08-03 21:21:00.736 17925 17937 I art     : Explicit concurrent mark sweep GC freed 13(496B) AllocSpace objects, 0(0B) LOS objects, 23% free, 52MB/68MB, paused 531us total 23.314ms
08-03 21:21:00.746 17925 17937 I art     : Starting a blocking GC Explicit
08-03 21:21:00.771 17925 17937 I art     : Explicit concurrent mark sweep GC freed 15(544B) AllocSpace objects, 0(0B) LOS objects, 23% free, 52MB/68MB, paused 558us total 24.122ms
08-03 21:21:00.835 17925 19381 D OkHttp  : --> GET https://api-hillfair-2k16.herokuapp.com/api/app/events/special/event?id=5806551bdcba0f490c70fd1f http/1.1
08-03 21:21:00.873 17925 19381 D OkHttp  : <-- 200 OK https://api-hillfair-2k16.herokuapp.com/api/app/events/special/event?id=5806551bdcba0f490c70fd1f (38ms, 795-byte body)
08-03 21:21:00.915 17925 17925 I NAPPA_EXPERIMENTATION: MetricNetworkRequestExecutionTime: REQUEST_DURATION_SYSTEM='678',REQUEST_DURATION_OKHTTP='38',REQUEST_SYNCHRONOUS='FALSE',RESPONSE_CODE='200',RESPONSE_METHOD='GET',RESPONSE_LENGTH_OKHTTP='795',RESPONSE_LENGTH_HEADER='795',REQUEST_PROTOCOL='http/1.1',REQUEST_URL='https://api-hillfair-2k16.herokuapp.com/api/app/events/special/event?id=5806551bdcba0f490c70fd1f',
08-03 21:21:01.059 17925 18827 I art     : Starting a blocking GC Explicit
08-03 21:21:01.087 17925 18827 I art     : Explicit concurrent mark sweep GC freed 4772(311KB) AllocSpace objects, 4(220KB) LOS objects, 23% free, 52MB/68MB, paused 551us total 27.492ms
08-03 21:21:01.098 17925 18827 I art     : Starting a blocking GC Explicit
08-03 21:21:01.125 17925 18827 I art     : Explicit concurrent mark sweep GC freed 1034(119KB) AllocSpace objects, 0(0B) LOS objects, 23% free, 52MB/68MB, paused 543us total 26.640ms
08-03 21:21:01.136 17925 18827 I art     : Starting a blocking GC Explicit
08-03 21:21:01.161 17925 18827 I art     : Explicit concurrent mark sweep GC freed 3(96B) AllocSpace objects, 0(0B) LOS objects, 23% free, 52MB/68MB, paused 532us total 24.646ms
08-03 21:21:01.171 17925 18827 I art     : Starting a blocking GC Explicit
08-03 21:21:01.196 17925 18827 I art     : Explicit concurrent mark sweep GC freed 3(96B) AllocSpace objects, 0(0B) LOS objects, 23% free, 52MB/68MB, paused 664us total 24.599ms
08-03 21:21:01.207 17925 18827 I art     : Starting a blocking GC Explicit
08-03 21:21:01.232 17925 18827 I art     : Explicit concurrent mark sweep GC freed 3(96B) AllocSpace objects, 0(0B) LOS objects, 23% free, 52MB/68MB, paused 575us total 24.010ms
08-03 21:21:01.522 17925 18034 I art     : Starting a blocking GC Explicit
08-03 21:21:01.557 17925 18034 I art     : Explicit concurrent mark sweep GC freed 1341(78KB) AllocSpace objects, 1(20KB) LOS objects, 23% free, 52MB/68MB, paused 576us total 34.456ms
08-03 21:21:01.570 17925 18034 I art     : Starting a blocking GC Explicit
08-03 21:21:01.597 17925 18034 I art     : Explicit concurrent mark sweep GC freed 36(1264B) AllocSpace objects, 0(0B) LOS objects, 23% free, 52MB/68MB, paused 525us total 26.362ms
08-03 21:21:01.608 17925 18034 I art     : Starting a blocking GC Explicit
08-03 21:21:01.634 17925 18034 I art     : Explicit concurrent mark sweep GC freed 3(96B) AllocSpace objects, 0(0B) LOS objects, 23% free, 52MB/68MB, paused 583us total 25.645ms
08-03 21:21:01.644 17925 18034 I art     : Starting a blocking GC Explicit
08-03 21:21:01.671 17925 18034 I art     : Explicit concurrent mark sweep GC freed 3(96B) AllocSpace objects, 0(0B) LOS objects, 23% free, 52MB/68MB, paused 535us total 26.117ms
08-03 21:21:01.682 17925 18034 I art     : Starting a blocking GC Explicit
08-03 21:21:01.708 17925 18034 I art     : Explicit concurrent mark sweep GC freed 3(96B) AllocSpace objects, 0(0B) LOS objects, 23% free, 52MB/68MB, paused 596us total 25.529ms
08-03 21:21:02.032 17925 17938 I art     : Starting a blocking GC Explicit
08-03 21:21:02.064 17925 17938 I art     : Explicit concurrent mark sweep GC freed 1341(78KB) AllocSpace objects, 1(20KB) LOS objects, 23% free, 52MB/68MB, paused 561us total 30.993ms
08-03 21:21:02.078 17925 17938 I art     : Starting a blocking GC Explicit
08-03 21:21:02.110 17925 17938 I art     : Explicit concurrent mark sweep GC freed 20(704B) AllocSpace objects, 0(0B) LOS objects, 23% free, 52MB/68MB, paused 568us total 32.124ms
08-03 21:21:02.123 17925 17938 I art     : Starting a blocking GC Explicit
08-03 21:21:02.149 17925 17938 I art     : Explicit concurrent mark sweep GC freed 3(96B) AllocSpace objects, 0(0B) LOS objects, 23% free, 52MB/68MB, paused 509us total 25.907ms
08-03 21:21:02.160 17925 17938 I art     : Starting a blocking GC Explicit
08-03 21:21:02.187 17925 17938 I art     : Explicit concurrent mark sweep GC freed 3(96B) AllocSpace objects, 0(0B) LOS objects, 23% free, 52MB/68MB, paused 680us total 26.760ms
08-03 21:21:02.198 17925 17938 I art     : Starting a blocking GC Explicit
08-03 21:21:02.227 17925 17938 I art     : Explicit concurrent mark sweep GC freed 3(96B) AllocSpace objects, 0(0B) LOS objects, 23% free, 52MB/68MB, paused 544us total 28.311ms
08-03 21:21:02.553 17925 17937 I art     : Starting a blocking GC Explicit
08-03 21:21:02.586 17925 17937 I art     : Explicit concurrent mark sweep GC freed 1341(78KB) AllocSpace objects, 1(20KB) LOS objects, 23% free, 52MB/68MB, paused 575us total 32.052ms
08-03 21:21:02.599 17925 17937 I art     : Starting a blocking GC Explicit
08-03 21:21:02.628 17925 17937 I art     : Explicit concurrent mark sweep GC freed 20(704B) AllocSpace objects, 0(0B) LOS objects, 23% free, 52MB/68MB, paused 594us total 28.181ms
08-03 21:21:02.639 17925 17937 I art     : Starting a blocking GC Explicit
08-03 21:21:02.668 17925 17937 I art     : Explicit concurrent mark sweep GC freed 3(96B) AllocSpace objects, 0(0B) LOS objects, 23% free, 52MB/68MB, paused 582us total 28.502ms
08-03 21:21:02.679 17925 17937 I art     : Starting a blocking GC Explicit
08-03 21:21:02.707 17925 17937 I art     : Explicit concurrent mark sweep GC freed 3(96B) AllocSpace objects, 0(0B) LOS objects, 23% free, 52MB/68MB, paused 554us total 27.058ms
08-03 21:21:02.718 17925 17937 I art     : Starting a blocking GC Explicit
08-03 21:21:02.746 17925 17937 I art     : Explicit concurrent mark sweep GC freed 3(96B) AllocSpace objects, 0(0B) LOS objects, 23% free, 52MB/68MB, paused 560us total 28.241ms
08-03 21:21:03.070 17925 18017 I art     : Starting a blocking GC Explicit
08-03 21:21:03.101 17925 18017 I art     : Explicit concurrent mark sweep GC freed 1341(78KB) AllocSpace objects, 1(20KB) LOS objects, 23% free, 52MB/68MB, paused 554us total 31.169ms
08-03 21:21:03.115 17925 18017 I art     : Starting a blocking GC Explicit
08-03 21:21:03.143 17925 18017 I art     : Explicit concurrent mark sweep GC freed 20(704B) AllocSpace objects, 0(0B) LOS objects, 23% free, 52MB/68MB, paused 558us total 27.766ms
08-03 21:21:03.154 17925 18017 I art     : Starting a blocking GC Explicit
08-03 21:21:03.181 17925 18017 I art     : Explicit concurrent mark sweep GC freed 3(96B) AllocSpace objects, 0(0B) LOS objects, 23% free, 52MB/68MB, paused 545us total 26.866ms
08-03 21:21:03.193 17925 18017 I art     : Starting a blocking GC Explicit
08-03 21:21:03.221 17925 18017 I art     : Explicit concurrent mark sweep GC freed 3(96B) AllocSpace objects, 0(0B) LOS objects, 23% free, 52MB/68MB, paused 535us total 28.367ms
08-03 21:21:03.233 17925 18017 I art     : Starting a blocking GC Explicit
08-03 21:21:03.261 17925 18017 I art     : Explicit concurrent mark sweep GC freed 3(96B) AllocSpace objects, 0(0B) LOS objects, 23% free, 52MB/68MB, paused 544us total 27.966ms
08-03 21:21:03.614 17925 18827 I art     : Starting a blocking GC Explicit
08-03 21:21:03.652 17925 18827 I art     : Explicit concurrent mark sweep GC freed 1341(78KB) AllocSpace objects, 1(20KB) LOS objects, 23% free, 52MB/68MB, paused 574us total 36.929ms
08-03 21:21:03.665 17925 18827 I art     : Starting a blocking GC Explicit
08-03 21:21:03.691 17925 18827 I art     : Explicit concurrent mark sweep GC freed 20(704B) AllocSpace objects, 0(0B) LOS objects, 23% free, 52MB/68MB, paused 547us total 25.905ms
08-03 21:21:03.702 17925 18827 I art     : Starting a blocking GC Explicit
08-03 21:21:03.728 17925 18827 I art     : Explicit concurrent mark sweep GC freed 3(96B) AllocSpace objects, 0(0B) LOS objects, 23% free, 52MB/68MB, paused 551us total 25.604ms
08-03 21:21:03.739 17925 18827 I art     : Starting a blocking GC Explicit
08-03 21:21:03.767 17925 18827 I art     : Explicit concurrent mark sweep GC freed 3(96B) AllocSpace objects, 0(0B) LOS objects, 23% free, 52MB/68MB, paused 628us total 27.913ms
08-03 21:21:03.778 17925 18827 I art     : Starting a blocking GC Explicit
08-03 21:21:03.805 17925 18827 I art     : Explicit concurrent mark sweep GC freed 3(96B) AllocSpace objects, 0(0B) LOS objects, 23% free, 52MB/68MB, paused 536us total 26.323ms
08-03 21:21:04.161 17925 18034 I art     : Starting a blocking GC Explicit
08-03 21:21:04.194 17925 18034 I art     : Explicit concurrent mark sweep GC freed 1341(78KB) AllocSpace objects, 1(20KB) LOS objects, 23% free, 52MB/68MB, paused 562us total 32.555ms
08-03 21:21:04.207 17925 18034 I art     : Starting a blocking GC Explicit
08-03 21:21:04.235 17925 18034 I art     : Explicit concurrent mark sweep GC freed 20(704B) AllocSpace objects, 0(0B) LOS objects, 23% free, 52MB/68MB, paused 523us total 27.563ms
08-03 21:21:04.246 17925 18034 I art     : Starting a blocking GC Explicit
08-03 21:21:04.272 17925 18034 I art     : Explicit concurrent mark sweep GC freed 3(96B) AllocSpace objects, 0(0B) LOS objects, 23% free, 52MB/68MB, paused 516us total 25.716ms
08-03 21:21:04.283 17925 18034 I art     : Starting a blocking GC Explicit
08-03 21:21:04.312 17925 18034 I art     : Explicit concurrent mark sweep GC freed 3(96B) AllocSpace objects, 0(0B) LOS objects, 23% free, 52MB/68MB, paused 543us total 28.182ms
08-03 21:21:04.323 17925 18034 I art     : Starting a blocking GC Explicit
08-03 21:21:04.351 17925 18034 I art     : Explicit concurrent mark sweep GC freed 3(96B) AllocSpace objects, 0(0B) LOS objects, 23% free, 52MB/68MB, paused 555us total 27.799ms
08-03 21:21:04.645 17925 17938 I art     : Starting a blocking GC Explicit
08-03 21:21:04.675 17925 17938 I art     : Explicit concurrent mark sweep GC freed 1341(78KB) AllocSpace objects, 1(20KB) LOS objects, 23% free, 52MB/68MB, paused 567us total 30.104ms
08-03 21:21:04.689 17925 17938 I art     : Starting a blocking GC Explicit
08-03 21:21:04.718 17925 17938 I art     : Explicit concurrent mark sweep GC freed 20(704B) AllocSpace objects, 0(0B) LOS objects, 23% free, 52MB/68MB, paused 568us total 28.522ms
08-03 21:21:04.729 17925 17938 I art     : Starting a blocking GC Explicit
08-03 21:21:04.755 17925 17938 I art     : Explicit concurrent mark sweep GC freed 3(96B) AllocSpace objects, 0(0B) LOS objects, 23% free, 52MB/68MB, paused 529us total 25.476ms
08-03 21:21:04.766 17925 17938 I art     : Starting a blocking GC Explicit
08-03 21:21:04.792 17925 17938 I art     : Explicit concurrent mark sweep GC freed 3(96B) AllocSpace objects, 0(0B) LOS objects, 23% free, 52MB/68MB, paused 548us total 26.278ms
08-03 21:21:04.803 17925 17938 I art     : Starting a blocking GC Explicit
08-03 21:21:04.830 17925 17938 I art     : Explicit concurrent mark sweep GC freed 3(96B) AllocSpace objects, 0(0B) LOS objects, 23% free, 52MB/68MB, paused 546us total 26.861ms
08-03 21:21:05.038 19464 19464 D AndroidRuntime: >>>>>> START com.android.internal.os.RuntimeInit uid 2000 <<<<<<
08-03 21:21:05.044 19464 19464 D AndroidRuntime: CheckJNI is OFF
08-03 21:21:05.085 19464 19464 D ICU     : No timezone override file found: /data/misc/zoneinfo/current/icu/icu_tzdata.dat
08-03 21:21:05.127 19464 19464 I Radio-JNI: register_android_hardware_Radio DONE
08-03 21:21:05.152 17925 17937 I art     : Starting a blocking GC Explicit
08-03 21:21:05.156 19464 19464 D AndroidRuntime: Calling main entry com.android.commands.input.Input
08-03 21:21:05.158 19464 19464 I Input   : injectKeyEvent: KeyEvent { action=ACTION_DOWN, keyCode=KEYCODE_BACK, scanCode=0, metaState=0, flags=0x0, repeatCount=0, eventTime=652881571, downTime=652881571, deviceId=-1, source=0x101 }
08-03 21:21:05.164 19464 19464 I Input   : injectKeyEvent: KeyEvent { action=ACTION_UP, keyCode=KEYCODE_BACK, scanCode=0, metaState=0, flags=0x0, repeatCount=0, eventTime=652881571, downTime=652881571, deviceId=-1, source=0x101 }
08-03 21:21:05.172 19464 19464 D AndroidRuntime: Shutting down VM
08-03 21:21:05.178 17925 17937 I art     : Explicit concurrent mark sweep GC freed 1626(93KB) AllocSpace objects, 1(20KB) LOS objects, 23% free, 52MB/68MB, paused 810us total 25.679ms
08-03 21:21:05.178 17925 17936 I art     : WaitForGcToComplete blocked for 17.572ms for cause HeapTrim
08-03 21:21:05.189 17925 17937 I art     : Starting a blocking GC Explicit
08-03 21:21:05.212 17925 17937 I art     : Explicit concurrent mark sweep GC freed 165(7KB) AllocSpace objects, 0(0B) LOS objects, 23% free, 52MB/68MB, paused 595us total 22.841ms
08-03 21:21:05.214 13866 13866 I GoogleInputMethodServic: GoogleInputMethodService.onFinishInput():3138 
08-03 21:21:05.217 13866 13866 I GoogleInputMethodServic: GoogleInputMethodService.onStartInput():1808 
08-03 21:21:05.224 17925 17937 I art     : Starting a blocking GC Explicit
08-03 21:21:05.247 17925 17937 I art     : Explicit concurrent mark sweep GC freed 112(5KB) AllocSpace objects, 0(0B) LOS objects, 23% free, 52MB/68MB, paused 637us total 23.063ms
08-03 21:21:05.257 17925 17937 I art     : Starting a blocking GC Explicit
08-03 21:21:05.280 17925 17937 I art     : Explicit concurrent mark sweep GC freed 33(1120B) AllocSpace objects, 0(0B) LOS objects, 23% free, 52MB/68MB, paused 583us total 22.752ms
08-03 21:21:05.290 17925 17937 I art     : Starting a blocking GC Explicit
08-03 21:21:05.314 17925 17937 I art     : Explicit concurrent mark sweep GC freed 1878(74KB) AllocSpace objects, 0(0B) LOS objects, 23% free, 52MB/68MB, paused 606us total 23.749ms
08-03 21:21:05.349 17925 19486 W OneSignal: OneSignalRestClient: POST Error thrown from network stack. 
08-03 21:21:05.349 17925 19486 W OneSignal: java.io.IOException: unexpected end of stream on Connection{api.onesignal.com:443, proxy=HTTP@192.168.2.12:8080 hostAddress=192.168.2.12 cipherSuite=TLS_ECDHE_RSA_WITH_AES_128_GCM_SHA256 protocol=http/1.1} (recycle count=0)
08-03 21:21:05.349 17925 19486 W OneSignal: 	at com.android.okhttp.internal.http.HttpConnection.readResponse(HttpConnection.java:210)
08-03 21:21:05.349 17925 19486 W OneSignal: 	at com.android.okhttp.internal.http.HttpTransport.readResponseHeaders(HttpTransport.java:80)
08-03 21:21:05.349 17925 19486 W OneSignal: 	at com.android.okhttp.internal.http.HttpEngine.readNetworkResponse(HttpEngine.java:904)
08-03 21:21:05.349 17925 19486 W OneSignal: 	at com.android.okhttp.internal.http.HttpEngine.readResponse(HttpEngine.java:788)
08-03 21:21:05.349 17925 19486 W OneSignal: 	at com.android.okhttp.internal.huc.HttpURLConnectionImpl.execute(HttpURLConnectionImpl.java:439)
08-03 21:21:05.349 17925 19486 W OneSignal: 	at com.android.okhttp.internal.huc.HttpURLConnectionImpl.getResponse(HttpURLConnectionImpl.java:384)
08-03 21:21:05.349 17925 19486 W OneSignal: 	at com.android.okhttp.internal.huc.HttpURLConnectionImpl.getResponseCode(HttpURLConnectionImpl.java:497)
08-03 21:21:05.349 17925 19486 W OneSignal: 	at com.android.okhttp.internal.huc.DelegatingHttpsURLConnection.getResponseCode(DelegatingHttpsURLConnection.java:105)
08-03 21:21:05.349 17925 19486 W OneSignal: 	at com.android.okhttp.internal.huc.HttpsURLConnectionImpl.getResponseCode(HttpsURLConnectionImpl.java)
08-03 21:21:05.349 17925 19486 W OneSignal: 	at com.onesignal.OneSignalRestClient.startHTTPConnection(OneSignalRestClient.java:180)
08-03 21:21:05.349 17925 19486 W OneSignal: 	at com.onesignal.OneSignalRestClient.access$100(OneSignalRestClient.java:44)
08-03 21:21:05.349 17925 19486 W OneSignal: 	at com.onesignal.OneSignalRestClient$4.run(OneSignalRestClient.java:110)
08-03 21:21:05.349 17925 19486 W OneSignal: 	at java.lang.Thread.run(Thread.java:818)
08-03 21:21:05.349 17925 19486 W OneSignal: Caused by: java.io.EOFException: \n not found: size=0 content=...
08-03 21:21:05.349 17925 19486 W OneSignal: 	at com.android.okhttp.okio.RealBufferedSource.readUtf8LineStrict(RealBufferedSource.java:200)
08-03 21:21:05.349 17925 19486 W OneSignal: 	at com.android.okhttp.internal.http.HttpConnection.readResponse(HttpConnection.java:191)
08-03 21:21:05.349 17925 19486 W OneSignal: 	... 12 more
08-03 21:21:05.350 17925 19499 W OneSignal: Failed last request. statusCode: -1
08-03 21:21:05.350 17925 19499 W OneSignal: response: null
08-03 21:21:05.500   380   380 W SurfaceFlinger: couldn't log to binary event log: overflow.
08-03 21:21:05.595 17925 17937 I art     : Starting a blocking GC Explicit
08-03 21:21:05.622 17925 17937 I art     : Explicit concurrent mark sweep GC freed 1870(160KB) AllocSpace objects, 1(20KB) LOS objects, 23% free, 52MB/68MB, paused 539us total 26.533ms
08-03 21:21:05.636 17925 17937 I art     : Starting a blocking GC Explicit
08-03 21:21:05.661 17925 17937 I art     : Explicit concurrent mark sweep GC freed 1676(107KB) AllocSpace objects, 3(400KB) LOS objects, 23% free, 52MB/68MB, paused 519us total 24.382ms
08-03 21:21:05.671 17925 17937 I art     : Starting a blocking GC Explicit
08-03 21:21:05.696 17925 17937 I art     : Explicit concurrent mark sweep GC freed 3(96B) AllocSpace objects, 0(0B) LOS objects, 23% free, 52MB/68MB, paused 526us total 24.067ms
08-03 21:21:05.706 17925 17937 I art     : Starting a blocking GC Explicit
08-03 21:21:05.731 17925 17937 I art     : Explicit concurrent mark sweep GC freed 3(96B) AllocSpace objects, 0(0B) LOS objects, 23% free, 52MB/68MB, paused 526us total 24.254ms
08-03 21:21:05.742 17925 17937 I art     : Starting a blocking GC Explicit
08-03 21:21:05.767 17925 17937 I art     : Explicit concurrent mark sweep GC freed 3(96B) AllocSpace objects, 0(0B) LOS objects, 23% free, 52MB/68MB, paused 521us total 24.701ms
08-03 21:21:06.066 17925 18034 I art     : Starting a blocking GC Explicit
08-03 21:21:06.098 17925 18034 I art     : Explicit concurrent mark sweep GC freed 1341(78KB) AllocSpace objects, 1(20KB) LOS objects, 23% free, 52MB/68MB, paused 729us total 31.361ms
08-03 21:21:06.114 17925 18034 I art     : Starting a blocking GC Explicit
08-03 21:21:06.138 17925 18034 I art     : Explicit concurrent mark sweep GC freed 20(704B) AllocSpace objects, 0(0B) LOS objects, 23% free, 52MB/68MB, paused 549us total 24.114ms
08-03 21:21:06.149 17925 18034 I art     : Starting a blocking GC Explicit
08-03 21:21:06.175 17925 18034 I art     : Explicit concurrent mark sweep GC freed 3(96B) AllocSpace objects, 0(0B) LOS objects, 23% free, 52MB/68MB, paused 528us total 25.071ms
08-03 21:21:06.185 17925 18034 I art     : Starting a blocking GC Explicit
08-03 21:21:06.211 17925 18034 I art     : Explicit concurrent mark sweep GC freed 3(96B) AllocSpace objects, 0(0B) LOS objects, 23% free, 52MB/68MB, paused 536us total 25.074ms
08-03 21:21:06.221 17925 18034 I art     : Starting a blocking GC Explicit
08-03 21:21:06.246 17925 18034 I art     : Explicit concurrent mark sweep GC freed 3(96B) AllocSpace objects, 0(0B) LOS objects, 23% free, 52MB/68MB, paused 527us total 24.569ms
08-03 21:21:06.530 17925 18017 I art     : Starting a blocking GC Explicit
08-03 21:21:06.557 17925 18017 I art     : Explicit concurrent mark sweep GC freed 1340(78KB) AllocSpace objects, 1(20KB) LOS objects, 23% free, 52MB/68MB, paused 578us total 27.038ms
08-03 21:21:06.572 17925 18017 I art     : Starting a blocking GC Explicit
08-03 21:21:06.595 17925 18017 I art     : Explicit concurrent mark sweep GC freed 20(704B) AllocSpace objects, 0(0B) LOS objects, 23% free, 52MB/68MB, paused 539us total 23.151ms
08-03 21:21:06.605 17925 18017 I art     : Starting a blocking GC Explicit
08-03 21:21:06.630 17925 18017 I art     : Explicit concurrent mark sweep GC freed 3(96B) AllocSpace objects, 0(0B) LOS objects, 23% free, 52MB/68MB, paused 529us total 24.121ms
08-03 21:21:06.640 17925 18017 I art     : Starting a blocking GC Explicit
08-03 21:21:06.664 17925 18017 I art     : Explicit concurrent mark sweep GC freed 3(96B) AllocSpace objects, 0(0B) LOS objects, 23% free, 52MB/68MB, paused 545us total 23.551ms
08-03 21:21:06.675 17925 18017 I art     : Starting a blocking GC Explicit
08-03 21:21:06.699 17925 18017 I art     : Explicit concurrent mark sweep GC freed 3(96B) AllocSpace objects, 0(0B) LOS objects, 23% free, 52MB/68MB, paused 519us total 23.848ms
08-03 21:21:06.962 19522 19522 D AndroidRuntime: >>>>>> START com.android.internal.os.RuntimeInit uid 2000 <<<<<<
08-03 21:21:06.968 19522 19522 D AndroidRuntime: CheckJNI is OFF
08-03 21:21:07.001 17925 18827 I art     : Starting a blocking GC Explicit
08-03 21:21:07.013 19522 19522 D ICU     : No timezone override file found: /data/misc/zoneinfo/current/icu/icu_tzdata.dat
08-03 21:21:07.026 17925 18827 I art     : Explicit concurrent mark sweep GC freed 1340(78KB) AllocSpace objects, 1(20KB) LOS objects, 23% free, 52MB/68MB, paused 586us total 24.960ms
08-03 21:21:07.037 17925 18827 I art     : Starting a blocking GC Explicit
08-03 21:21:07.058 19522 19522 I Radio-JNI: register_android_hardware_Radio DONE
08-03 21:21:07.062 17925 18827 I art     : Explicit concurrent mark sweep GC freed 20(704B) AllocSpace objects, 0(0B) LOS objects, 23% free, 52MB/68MB, paused 535us total 25.098ms
08-03 21:21:07.073 17925 18827 I art     : Starting a blocking GC Explicit
08-03 21:21:07.088 19522 19522 D AndroidRuntime: Calling main entry com.android.commands.input.Input
08-03 21:21:07.090 19522 19522 I Input   : injectKeyEvent: KeyEvent { action=ACTION_DOWN, keyCode=KEYCODE_BACK, scanCode=0, metaState=0, flags=0x0, repeatCount=0, eventTime=652883503, downTime=652883503, deviceId=-1, source=0x101 }
08-03 21:21:07.096 19522 19522 I Input   : injectKeyEvent: KeyEvent { action=ACTION_UP, keyCode=KEYCODE_BACK, scanCode=0, metaState=0, flags=0x0, repeatCount=0, eventTime=652883503, downTime=652883503, deviceId=-1, source=0x101 }
08-03 21:21:07.097 17925 18827 I art     : Explicit concurrent mark sweep GC freed 3(96B) AllocSpace objects, 0(0B) LOS objects, 23% free, 52MB/68MB, paused 630us total 24.347ms
08-03 21:21:07.103 19522 19522 D AndroidRuntime: Shutting down VM
08-03 21:21:07.108 17925 18827 I art     : Starting a blocking GC Explicit
08-03 21:21:07.131 17925 18827 I art     : Explicit concurrent mark sweep GC freed 150(6KB) AllocSpace objects, 0(0B) LOS objects, 23% free, 52MB/68MB, paused 507us total 22.594ms
08-03 21:21:07.142 17925 18827 I art     : Starting a blocking GC Explicit
08-03 21:21:07.148 13866 13866 I GoogleInputMethodServic: GoogleInputMethodService.onFinishInput():3138 
08-03 21:21:07.149 13866 13866 I GoogleInputMethodServic: GoogleInputMethodService.onStartInput():1808 
08-03 21:21:07.164 17925 18827 I art     : Explicit concurrent mark sweep GC freed 54(1920B) AllocSpace objects, 0(0B) LOS objects, 23% free, 52MB/68MB, paused 567us total 22.046ms
08-03 21:21:07.440 17925 17938 I art     : Starting a blocking GC Explicit
08-03 21:21:07.465 17925 17938 I art     : Explicit concurrent mark sweep GC freed 1356(78KB) AllocSpace objects, 1(20KB) LOS objects, 23% free, 52MB/68MB, paused 555us total 24.679ms
08-03 21:21:07.476 17925 17938 I art     : Starting a blocking GC Explicit
08-03 21:21:07.499 17925 17938 I art     : Explicit concurrent mark sweep GC freed 1084(52KB) AllocSpace objects, 0(0B) LOS objects, 23% free, 52MB/68MB, paused 534us total 22.413ms
08-03 21:21:07.509 17925 17938 I art     : Starting a blocking GC Explicit
08-03 21:21:07.531 17925 17938 I art     : Explicit concurrent mark sweep GC freed 2083(127KB) AllocSpace objects, 2(140KB) LOS objects, 23% free, 51MB/67MB, paused 539us total 21.991ms
08-03 21:21:07.541 17925 17938 I art     : Starting a blocking GC Explicit
08-03 21:21:07.565 17925 17938 I art     : Explicit concurrent mark sweep GC freed 3(96B) AllocSpace objects, 0(0B) LOS objects, 23% free, 51MB/67MB, paused 554us total 23.096ms
08-03 21:21:07.575 17925 17938 I art     : Starting a blocking GC Explicit
08-03 21:21:07.598 17925 17938 I art     : Explicit concurrent mark sweep GC freed 3(96B) AllocSpace objects, 0(0B) LOS objects, 23% free, 51MB/67MB, paused 521us total 22.685ms
08-03 21:21:07.901 17925 18017 I art     : Starting a blocking GC Explicit
08-03 21:21:07.927 17925 18017 I art     : Explicit concurrent mark sweep GC freed 1340(78KB) AllocSpace objects, 1(20KB) LOS objects, 23% free, 51MB/67MB, paused 553us total 25.969ms
08-03 21:21:07.940 17925 18017 I art     : Starting a blocking GC Explicit
08-03 21:21:07.964 17925 18017 I art     : Explicit concurrent mark sweep GC freed 20(704B) AllocSpace objects, 0(0B) LOS objects, 23% free, 51MB/67MB, paused 571us total 23.636ms
08-03 21:21:07.975 17925 18017 I art     : Starting a blocking GC Explicit
08-03 21:21:07.999 17925 18017 I art     : Explicit concurrent mark sweep GC freed 3(96B) AllocSpace objects, 0(0B) LOS objects, 23% free, 51MB/67MB, paused 522us total 23.480ms
08-03 21:21:08.009 17925 18017 I art     : Starting a blocking GC Explicit
08-03 21:21:08.034 17925 18017 I art     : Explicit concurrent mark sweep GC freed 3(96B) AllocSpace objects, 0(0B) LOS objects, 23% free, 51MB/67MB, paused 516us total 23.881ms
08-03 21:21:08.044 17925 18017 I art     : Starting a blocking GC Explicit
08-03 21:21:08.068 17925 18017 I art     : Explicit concurrent mark sweep GC freed 3(96B) AllocSpace objects, 0(0B) LOS objects, 23% free, 51MB/67MB, paused 556us total 23.489ms
08-03 21:21:08.361 17925 18034 I art     : Starting a blocking GC Explicit
08-03 21:21:08.385 17925 18034 I art     : Explicit concurrent mark sweep GC freed 1338(78KB) AllocSpace objects, 1(20KB) LOS objects, 23% free, 51MB/67MB, paused 548us total 23.633ms
08-03 21:21:08.395 17925 18034 I art     : Starting a blocking GC Explicit
08-03 21:21:08.418 17925 18034 I art     : Explicit concurrent mark sweep GC freed 20(704B) AllocSpace objects, 0(0B) LOS objects, 23% free, 51MB/67MB, paused 551us total 22.758ms
08-03 21:21:08.429 17925 18034 I art     : Starting a blocking GC Explicit
08-03 21:21:08.452 17925 18034 I art     : Explicit concurrent mark sweep GC freed 3(96B) AllocSpace objects, 0(0B) LOS objects, 23% free, 51MB/67MB, paused 604us total 22.783ms
08-03 21:21:08.462 17925 18034 I art     : Starting a blocking GC Explicit
08-03 21:21:08.485 17925 18034 I art     : Explicit concurrent mark sweep GC freed 3(96B) AllocSpace objects, 0(0B) LOS objects, 23% free, 51MB/67MB, paused 539us total 23.123ms
08-03 21:21:08.496 17925 18034 I art     : Starting a blocking GC Explicit
08-03 21:21:08.519 17925 18034 I art     : Explicit concurrent mark sweep GC freed 3(96B) AllocSpace objects, 0(0B) LOS objects, 23% free, 51MB/67MB, paused 584us total 22.568ms
08-03 21:21:08.822 17925 18827 I art     : Starting a blocking GC Explicit
08-03 21:21:08.848 17925 18827 I art     : Explicit concurrent mark sweep GC freed 1338(78KB) AllocSpace objects, 1(20KB) LOS objects, 23% free, 51MB/67MB, paused 760us total 25.604ms
08-03 21:21:08.862 17925 18827 I art     : Starting a blocking GC Explicit
08-03 21:21:08.869 19584 19584 D AndroidRuntime: >>>>>> START com.android.internal.os.RuntimeInit uid 2000 <<<<<<
08-03 21:21:08.875 19584 19584 D AndroidRuntime: CheckJNI is OFF
08-03 21:21:08.886 17925 18827 I art     : Explicit concurrent mark sweep GC freed 20(704B) AllocSpace objects, 0(0B) LOS objects, 23% free, 51MB/67MB, paused 552us total 23.641ms
08-03 21:21:08.896 17925 18827 I art     : Starting a blocking GC Explicit
08-03 21:21:08.920 17925 18827 I art     : Explicit concurrent mark sweep GC freed 3(96B) AllocSpace objects, 0(0B) LOS objects, 23% free, 51MB/67MB, paused 553us total 23.312ms
08-03 21:21:08.920 19584 19584 D ICU     : No timezone override file found: /data/misc/zoneinfo/current/icu/icu_tzdata.dat
08-03 21:21:08.930 17925 18827 I art     : Starting a blocking GC Explicit
08-03 21:21:08.955 17925 18827 I art     : Explicit concurrent mark sweep GC freed 3(96B) AllocSpace objects, 0(0B) LOS objects, 23% free, 51MB/67MB, paused 569us total 23.816ms
08-03 21:21:08.965 17925 18827 I art     : Starting a blocking GC Explicit
08-03 21:21:08.968 19584 19584 I Radio-JNI: register_android_hardware_Radio DONE
08-03 21:21:08.989 17925 18827 I art     : Explicit concurrent mark sweep GC freed 3(96B) AllocSpace objects, 0(0B) LOS objects, 23% free, 51MB/67MB, paused 566us total 24.130ms
08-03 21:21:08.998 19584 19584 D AndroidRuntime: Calling main entry com.android.commands.input.Input
08-03 21:21:09.000 19584 19584 I Input   : injectMotionEvent: MotionEvent { action=ACTION_DOWN, actionButton=0, id[0]=0, x[0]=337.0, y[0]=1104.0, toolType[0]=TOOL_TYPE_UNKNOWN, buttonState=0, metaState=0, flags=0x0, edgeFlags=0x0, pointerCount=1, historySize=0, eventTime=652885413, downTime=652885413, deviceId=0, source=0x1002 }
08-03 21:21:09.007 19584 19584 I Input   : injectMotionEvent: MotionEvent { action=ACTION_UP, actionButton=0, id[0]=0, x[0]=337.0, y[0]=1104.0, toolType[0]=TOOL_TYPE_UNKNOWN, buttonState=0, metaState=0, flags=0x0, edgeFlags=0x0, pointerCount=1, historySize=0, eventTime=652885413, downTime=652885413, deviceId=0, source=0x1002 }
08-03 21:21:09.009   918  3714 I ActivityManager: START u0 {cmp=baseline.appteam.nith.hillffair/.activities.BattleDayActivity} from uid 10624 on display 0
08-03 21:21:09.017 19584 19584 D AndroidRuntime: Shutting down VM
08-03 21:21:09.114 13866 13866 I GoogleInputMethodServic: GoogleInputMethodService.onFinishInput():3138 
08-03 21:21:09.115 13866 13866 I GoogleInputMethodServic: GoogleInputMethodService.onStartInput():1808 
08-03 21:21:09.138   918   936 I ActivityManager: Displayed baseline.appteam.nith.hillffair/.activities.BattleDayActivity: +120ms
08-03 21:21:09.257 16351 16351 I ServiceManager: Waiting for service AtCmdFwd...
08-03 21:21:09.268 17925 17938 I art     : Starting a blocking GC Explicit
08-03 21:21:09.299 17925 17938 I art     : Explicit concurrent mark sweep GC freed 6364(383KB) AllocSpace objects, 1(20KB) LOS objects, 23% free, 52MB/68MB, paused 717us total 31.100ms
08-03 21:21:09.314 17925 17938 I art     : Starting a blocking GC Explicit
08-03 21:21:09.346 17925 17938 I art     : Explicit concurrent mark sweep GC freed 260(11KB) AllocSpace objects, 0(0B) LOS objects, 23% free, 52MB/68MB, paused 614us total 31.204ms
08-03 21:21:09.361 17925 17938 I art     : Starting a blocking GC Explicit
08-03 21:21:09.387   380   380 W SurfaceFlinger: couldn't log to binary event log: overflow.
08-03 21:21:09.390 17925 17938 I art     : Explicit concurrent mark sweep GC freed 3(96B) AllocSpace objects, 0(0B) LOS objects, 23% free, 52MB/68MB, paused 568us total 28.882ms
08-03 21:21:09.401 17925 17938 I art     : Starting a blocking GC Explicit
08-03 21:21:09.426 17925 17938 I art     : Explicit concurrent mark sweep GC freed 3(96B) AllocSpace objects, 0(0B) LOS objects, 23% free, 52MB/68MB, paused 565us total 24.522ms
08-03 21:21:09.436 17925 17938 I art     : Starting a blocking GC Explicit
08-03 21:21:09.459 17925 17938 I art     : Explicit concurrent mark sweep GC freed 3(96B) AllocSpace objects, 0(0B) LOS objects, 23% free, 52MB/68MB, paused 551us total 22.287ms
08-03 21:21:09.535 17925 19607 D OkHttp  : --> GET https://api-hillfair-2k16.herokuapp.com/api/app/events/special http/1.1
08-03 21:21:09.571 17925 19607 D OkHttp  : <-- 200 OK https://api-hillfair-2k16.herokuapp.com/api/app/events/special (35ms, 554-byte body)
08-03 21:21:09.624 17925 17925 I NAPPA_EXPERIMENTATION: MetricNetworkRequestExecutionTime: REQUEST_DURATION_SYSTEM='575',REQUEST_DURATION_OKHTTP='36',REQUEST_SYNCHRONOUS='FALSE',RESPONSE_CODE='200',RESPONSE_METHOD='GET',RESPONSE_LENGTH_OKHTTP='554',RESPONSE_LENGTH_HEADER='554',REQUEST_PROTOCOL='http/1.1',REQUEST_URL='https://api-hillfair-2k16.herokuapp.com/api/app/events/special',
08-03 21:21:09.740 17925 18017 I art     : Starting a blocking GC Explicit
08-03 21:21:09.768 17925 18017 I art     : Explicit concurrent mark sweep GC freed 5042(317KB) AllocSpace objects, 4(220KB) LOS objects, 23% free, 52MB/68MB, paused 586us total 27.785ms
08-03 21:21:09.783 17925 18017 I art     : Starting a blocking GC Explicit
08-03 21:21:09.808 17925 18017 I art     : Explicit concurrent mark sweep GC freed 1060(121KB) AllocSpace objects, 0(0B) LOS objects, 23% free, 52MB/68MB, paused 593us total 24.551ms
08-03 21:21:09.819 17925 18017 I art     : Starting a blocking GC Explicit
08-03 21:21:09.844 17925 18017 I art     : Explicit concurrent mark sweep GC freed 3(96B) AllocSpace objects, 0(0B) LOS objects, 23% free, 52MB/68MB, paused 551us total 24.633ms
08-03 21:21:09.854 17925 18017 I art     : Starting a blocking GC Explicit
08-03 21:21:09.879 17925 18017 I art     : Explicit concurrent mark sweep GC freed 3(96B) AllocSpace objects, 0(0B) LOS objects, 23% free, 52MB/68MB, paused 568us total 24.674ms
08-03 21:21:09.890 17925 18017 I art     : Starting a blocking GC Explicit
08-03 21:21:09.916 17925 18017 I art     : Explicit concurrent mark sweep GC freed 3(96B) AllocSpace objects, 0(0B) LOS objects, 23% free, 52MB/68MB, paused 680us total 25.325ms
08-03 21:21:10.224 17925 18827 I art     : Starting a blocking GC Explicit
08-03 21:21:10.258 16351 16351 I ServiceManager: Waiting for service AtCmdFwd...
08-03 21:21:10.259 17925 18827 I art     : Explicit concurrent mark sweep GC freed 1340(78KB) AllocSpace objects, 1(20KB) LOS objects, 23% free, 52MB/68MB, paused 871us total 33.818ms
08-03 21:21:10.277 17925 18827 I art     : Starting a blocking GC Explicit
08-03 21:21:10.303 17925 18827 I art     : Explicit concurrent mark sweep GC freed 20(704B) AllocSpace objects, 0(0B) LOS objects, 23% free, 52MB/68MB, paused 567us total 25.868ms
08-03 21:21:10.314 17925 18827 I art     : Starting a blocking GC Explicit
08-03 21:21:10.339 17925 18827 I art     : Explicit concurrent mark sweep GC freed 3(96B) AllocSpace objects, 0(0B) LOS objects, 23% free, 52MB/68MB, paused 552us total 24.774ms
08-03 21:21:10.350 17925 18827 I art     : Starting a blocking GC Explicit
08-03 21:21:10.376 17925 18827 I art     : Explicit concurrent mark sweep GC freed 3(96B) AllocSpace objects, 0(0B) LOS objects, 23% free, 52MB/68MB, paused 623us total 25.257ms
08-03 21:21:10.387 17925 18827 I art     : Starting a blocking GC Explicit
08-03 21:21:10.412 17925 18827 I art     : Explicit concurrent mark sweep GC freed 3(96B) AllocSpace objects, 0(0B) LOS objects, 23% free, 52MB/68MB, paused 555us total 24.859ms
08-03 21:21:10.704 17925 18034 I art     : Starting a blocking GC Explicit
08-03 21:21:10.737 17925 18034 I art     : Explicit concurrent mark sweep GC freed 1340(78KB) AllocSpace objects, 1(20KB) LOS objects, 23% free, 52MB/68MB, paused 593us total 32.758ms
08-03 21:21:10.754 17925 18034 I art     : Starting a blocking GC Explicit
08-03 21:21:10.782 17925 18034 I art     : Explicit concurrent mark sweep GC freed 20(704B) AllocSpace objects, 0(0B) LOS objects, 23% free, 52MB/68MB, paused 575us total 27.334ms
08-03 21:21:10.793 17925 18034 I art     : Starting a blocking GC Explicit
08-03 21:21:10.821 17925 18034 I art     : Explicit concurrent mark sweep GC freed 3(96B) AllocSpace objects, 0(0B) LOS objects, 23% free, 52MB/68MB, paused 553us total 27.682ms
08-03 21:21:10.832 17925 18034 I art     : Starting a blocking GC Explicit
08-03 21:21:10.859 17925 18034 I art     : Explicit concurrent mark sweep GC freed 3(96B) AllocSpace objects, 0(0B) LOS objects, 23% free, 52MB/68MB, paused 539us total 26.566ms
08-03 21:21:10.870 17925 18034 I art     : Starting a blocking GC Explicit
08-03 21:21:10.897 17925 18034 I art     : Explicit concurrent mark sweep GC freed 3(96B) AllocSpace objects, 0(0B) LOS objects, 23% free, 52MB/68MB, paused 629us total 27.231ms
08-03 21:21:11.166   918  3261 D WifiStateMachine: starting scan for "H369AA63323"WPA_PSK with 2412,5180
08-03 21:21:11.231 17925 17937 I art     : Starting a blocking GC Explicit
08-03 21:21:11.259 16351 16351 I ServiceManager: Waiting for service AtCmdFwd...
08-03 21:21:11.261 17925 17937 I art     : Explicit concurrent mark sweep GC freed 1340(78KB) AllocSpace objects, 1(20KB) LOS objects, 23% free, 52MB/68MB, paused 564us total 29.430ms
08-03 21:21:11.274 17925 17937 I art     : Starting a blocking GC Explicit
08-03 21:21:11.300 17925 17937 I art     : Explicit concurrent mark sweep GC freed 20(704B) AllocSpace objects, 0(0B) LOS objects, 23% free, 52MB/68MB, paused 555us total 25.835ms
08-03 21:21:11.311 17925 17937 I art     : Starting a blocking GC Explicit
08-03 21:21:11.339 17925 17937 I art     : Explicit concurrent mark sweep GC freed 3(96B) AllocSpace objects, 0(0B) LOS objects, 23% free, 52MB/68MB, paused 575us total 27.695ms
08-03 21:21:11.350 17925 17937 I art     : Starting a blocking GC Explicit
08-03 21:21:11.377 17925 17937 I art     : Explicit concurrent mark sweep GC freed 3(96B) AllocSpace objects, 0(0B) LOS objects, 23% free, 52MB/68MB, paused 702us total 27.014ms
08-03 21:21:11.388 17925 17937 I art     : Starting a blocking GC Explicit
08-03 21:21:11.416 17925 17937 I art     : Explicit concurrent mark sweep GC freed 3(96B) AllocSpace objects, 0(0B) LOS objects, 23% free, 52MB/68MB, paused 579us total 27.479ms
08-03 21:21:11.734 17925 17938 I art     : Starting a blocking GC Explicit
08-03 21:21:11.766 17925 17938 I art     : Explicit concurrent mark sweep GC freed 1340(78KB) AllocSpace objects, 1(20KB) LOS objects, 23% free, 52MB/68MB, paused 586us total 31.687ms
08-03 21:21:11.779 17925 17938 I art     : Starting a blocking GC Explicit
08-03 21:21:11.807 17925 17938 I art     : Explicit concurrent mark sweep GC freed 20(704B) AllocSpace objects, 0(0B) LOS objects, 23% free, 52MB/68MB, paused 569us total 27.821ms
08-03 21:21:11.818 17925 17938 I art     : Starting a blocking GC Explicit
08-03 21:21:11.846 17925 17938 I art     : Explicit concurrent mark sweep GC freed 3(96B) AllocSpace objects, 0(0B) LOS objects, 23% free, 52MB/68MB, paused 549us total 27.554ms
08-03 21:21:11.857 17925 17938 I art     : Starting a blocking GC Explicit
08-03 21:21:11.883 17925 17938 I art     : Explicit concurrent mark sweep GC freed 3(96B) AllocSpace objects, 0(0B) LOS objects, 23% free, 52MB/68MB, paused 611us total 25.978ms
08-03 21:21:11.894 17925 17938 I art     : Starting a blocking GC Explicit
08-03 21:21:11.922 17925 17938 I art     : Explicit concurrent mark sweep GC freed 3(96B) AllocSpace objects, 0(0B) LOS objects, 23% free, 52MB/68MB, paused 559us total 27.295ms
08-03 21:21:12.254 17925 18017 I art     : Starting a blocking GC Explicit
08-03 21:21:12.259 16351 16351 I ServiceManager: Waiting for service AtCmdFwd...
08-03 21:21:12.290 17925 18017 I art     : Explicit concurrent mark sweep GC freed 1340(78KB) AllocSpace objects, 1(20KB) LOS objects, 23% free, 52MB/68MB, paused 606us total 35.525ms
08-03 21:21:12.305 17925 18017 I art     : Starting a blocking GC Explicit
08-03 21:21:12.333 17925 18017 I art     : Explicit concurrent mark sweep GC freed 20(704B) AllocSpace objects, 0(0B) LOS objects, 23% free, 52MB/68MB, paused 564us total 27.782ms
08-03 21:21:12.344 17925 18017 I art     : Starting a blocking GC Explicit
08-03 21:21:12.371 17925 18017 I art     : Explicit concurrent mark sweep GC freed 3(96B) AllocSpace objects, 0(0B) LOS objects, 23% free, 52MB/68MB, paused 576us total 26.779ms
08-03 21:21:12.383 17925 18017 I art     : Starting a blocking GC Explicit
08-03 21:21:12.411 17925 18017 I art     : Explicit concurrent mark sweep GC freed 3(96B) AllocSpace objects, 0(0B) LOS objects, 23% free, 52MB/68MB, paused 589us total 27.670ms
08-03 21:21:12.422 17925 18017 I art     : Starting a blocking GC Explicit
08-03 21:21:12.450 17925 18017 I art     : Explicit concurrent mark sweep GC freed 3(96B) AllocSpace objects, 0(0B) LOS objects, 23% free, 52MB/68MB, paused 569us total 27.781ms
08-03 21:21:12.776 17925 18827 I art     : Starting a blocking GC Explicit
08-03 21:21:12.811 17925 18827 I art     : Explicit concurrent mark sweep GC freed 1340(78KB) AllocSpace objects, 1(20KB) LOS objects, 23% free, 52MB/68MB, paused 632us total 34.237ms
08-03 21:21:12.827 17925 18827 I art     : Starting a blocking GC Explicit
08-03 21:21:12.853 17925 18827 I art     : Explicit concurrent mark sweep GC freed 20(704B) AllocSpace objects, 0(0B) LOS objects, 23% free, 52MB/68MB, paused 540us total 25.920ms
08-03 21:21:12.865 17925 18827 I art     : Starting a blocking GC Explicit
08-03 21:21:12.892 17925 18827 I art     : Explicit concurrent mark sweep GC freed 3(96B) AllocSpace objects, 0(0B) LOS objects, 23% free, 52MB/68MB, paused 574us total 27.214ms
08-03 21:21:12.903 17925 18827 I art     : Starting a blocking GC Explicit
08-03 21:21:12.932 17925 18827 I art     : Explicit concurrent mark sweep GC freed 3(96B) AllocSpace objects, 0(0B) LOS objects, 23% free, 52MB/68MB, paused 568us total 27.982ms
08-03 21:21:12.943 17925 18827 I art     : Starting a blocking GC Explicit
08-03 21:21:12.970 17925 18827 I art     : Explicit concurrent mark sweep GC freed 3(96B) AllocSpace objects, 0(0B) LOS objects, 23% free, 52MB/68MB, paused 551us total 26.356ms
08-03 21:21:13.260 16351 16351 I ServiceManager: Waiting for service AtCmdFwd...
08-03 21:21:13.296 17925 18034 I art     : Starting a blocking GC Explicit
08-03 21:21:13.323 17925 18034 I art     : Explicit concurrent mark sweep GC freed 1340(78KB) AllocSpace objects, 1(20KB) LOS objects, 23% free, 52MB/68MB, paused 592us total 26.694ms
08-03 21:21:13.334 17925 18034 I art     : Starting a blocking GC Explicit
08-03 21:21:13.360 17925 18034 I art     : Explicit concurrent mark sweep GC freed 20(704B) AllocSpace objects, 0(0B) LOS objects, 23% free, 52MB/68MB, paused 584us total 25.317ms
08-03 21:21:13.371 17925 18034 I art     : Starting a blocking GC Explicit
08-03 21:21:13.396 17925 18034 I art     : Explicit concurrent mark sweep GC freed 3(96B) AllocSpace objects, 0(0B) LOS objects, 23% free, 52MB/68MB, paused 596us total 25.193ms
08-03 21:21:13.407 17925 18034 I art     : Starting a blocking GC Explicit
08-03 21:21:13.433 17925 18034 I art     : Explicit concurrent mark sweep GC freed 3(96B) AllocSpace objects, 0(0B) LOS objects, 23% free, 52MB/68MB, paused 585us total 26.074ms
08-03 21:21:13.444 17925 18034 I art     : Starting a blocking GC Explicit
08-03 21:21:13.470 17925 18034 I art     : Explicit concurrent mark sweep GC freed 3(96B) AllocSpace objects, 0(0B) LOS objects, 23% free, 52MB/68MB, paused 573us total 25.452ms
08-03 21:21:13.793 19701 19701 D AndroidRuntime: >>>>>> START com.android.internal.os.RuntimeInit uid 2000 <<<<<<
08-03 21:21:13.797 17925 17937 I art     : Starting a blocking GC Explicit
08-03 21:21:13.799 19701 19701 D AndroidRuntime: CheckJNI is OFF
08-03 21:21:13.827 17925 17937 I art     : Explicit concurrent mark sweep GC freed 1340(78KB) AllocSpace objects, 1(20KB) LOS objects, 23% free, 52MB/68MB, paused 621us total 29.683ms
08-03 21:21:13.840 17925 17937 I art     : Starting a blocking GC Explicit
08-03 21:21:13.853 19701 19701 D ICU     : No timezone override file found: /data/misc/zoneinfo/current/icu/icu_tzdata.dat
08-03 21:21:13.866 17925 17937 I art     : Explicit concurrent mark sweep GC freed 20(704B) AllocSpace objects, 0(0B) LOS objects, 23% free, 52MB/68MB, paused 645us total 25.530ms
08-03 21:21:13.877 17925 17937 I art     : Starting a blocking GC Explicit
08-03 21:21:13.900 19701 19701 I Radio-JNI: register_android_hardware_Radio DONE
08-03 21:21:13.902 17925 17937 I art     : Explicit concurrent mark sweep GC freed 3(96B) AllocSpace objects, 0(0B) LOS objects, 23% free, 52MB/68MB, paused 603us total 24.698ms
08-03 21:21:13.913 17925 17937 I art     : Starting a blocking GC Explicit
08-03 21:21:13.930 19701 19701 D AndroidRuntime: Calling main entry com.android.commands.input.Input
08-03 21:21:13.933 19701 19701 I Input   : injectMotionEvent: MotionEvent { action=ACTION_DOWN, actionButton=0, id[0]=0, x[0]=733.0, y[0]=645.0, toolType[0]=TOOL_TYPE_UNKNOWN, buttonState=0, metaState=0, flags=0x0, edgeFlags=0x0, pointerCount=1, historySize=0, eventTime=652890345, downTime=652890345, deviceId=0, source=0x1002 }
08-03 21:21:13.938 17925 17937 I art     : Explicit concurrent mark sweep GC freed 3(96B) AllocSpace objects, 0(0B) LOS objects, 23% free, 52MB/68MB, paused 535us total 25.066ms
08-03 21:21:13.940 19701 19701 I Input   : injectMotionEvent: MotionEvent { action=ACTION_UP, actionButton=0, id[0]=0, x[0]=733.0, y[0]=645.0, toolType[0]=TOOL_TYPE_UNKNOWN, buttonState=0, metaState=0, flags=0x0, edgeFlags=0x0, pointerCount=1, historySize=0, eventTime=652890345, downTime=652890345, deviceId=0, source=0x1002 }
08-03 21:21:13.942   918  3961 I ActivityManager: START u0 {cmp=baseline.appteam.nith.hillffair/.activities.ClubActivity (has extras)} from uid 10624 on display 0
08-03 21:21:13.948 19701 19701 D AndroidRuntime: Shutting down VM
08-03 21:21:13.949 17925 17937 I art     : Starting a blocking GC Explicit
08-03 21:21:13.975 17925 17937 I art     : Explicit concurrent mark sweep GC freed 335(25KB) AllocSpace objects, 0(0B) LOS objects, 23% free, 52MB/68MB, paused 819us total 25.750ms
08-03 21:21:14.050   918   936 I ActivityManager: Displayed baseline.appteam.nith.hillffair/.activities.ClubActivity: +101ms
08-03 21:21:14.051 13866 13866 I GoogleInputMethodServic: GoogleInputMethodService.onFinishInput():3138 
08-03 21:21:14.052 13866 13866 I GoogleInputMethodServic: GoogleInputMethodService.onStartInput():1808 
08-03 21:21:14.090   518   646 I ThermalEngine: ACTION: GPU - Setting GPU[0] to 510000000
08-03 21:21:14.246 17925 18827 I art     : Starting a blocking GC Explicit
08-03 21:21:14.260 16351 16351 W Atfwd_Sendcmd: AtCmdFwd service not published, waiting... retryCnt : 4
08-03 21:21:14.275 17925 18827 I art     : Explicit concurrent mark sweep GC freed 5071(312KB) AllocSpace objects, 1(20KB) LOS objects, 23% free, 52MB/68MB, paused 496us total 28.702ms
08-03 21:21:14.286 17925 18827 I art     : Starting a blocking GC Explicit
08-03 21:21:14.309   380   380 W SurfaceFlinger: couldn't log to binary event log: overflow.
08-03 21:21:14.311 17925 18827 I art     : Explicit concurrent mark sweep GC freed 121(5KB) AllocSpace objects, 0(0B) LOS objects, 23% free, 52MB/68MB, paused 512us total 24.402ms
08-03 21:21:14.322 17925 18827 I art     : Starting a blocking GC Explicit
08-03 21:21:14.341 17925 18827 I art     : Explicit concurrent mark sweep GC freed 3(96B) AllocSpace objects, 0(0B) LOS objects, 23% free, 52MB/68MB, paused 443us total 19.298ms
08-03 21:21:14.350 17925 18827 I art     : Starting a blocking GC Explicit
08-03 21:21:14.367 17925 18827 I art     : Explicit concurrent mark sweep GC freed 3(96B) AllocSpace objects, 0(0B) LOS objects, 23% free, 52MB/68MB, paused 450us total 17.426ms
08-03 21:21:14.375 17925 18827 I art     : Starting a blocking GC Explicit
08-03 21:21:14.393 17925 18827 I art     : Explicit concurrent mark sweep GC freed 3(96B) AllocSpace objects, 0(0B) LOS objects, 23% free, 52MB/68MB, paused 422us total 18.339ms
08-03 21:21:14.575 17925 19724 D OkHttp  : --> GET https://api-hillfair-2k16.herokuapp.com/api/app/events/special/event?id=5806551bdcba0f490c70fd1f http/1.1
08-03 21:21:14.618 17925 19724 D OkHttp  : <-- 200 OK https://api-hillfair-2k16.herokuapp.com/api/app/events/special/event?id=5806551bdcba0f490c70fd1f (43ms, 795-byte body)
08-03 21:21:14.678 17925 17925 I NAPPA_EXPERIMENTATION: MetricNetworkRequestExecutionTime: REQUEST_DURATION_SYSTEM='697',REQUEST_DURATION_OKHTTP='43',REQUEST_SYNCHRONOUS='FALSE',RESPONSE_CODE='200',RESPONSE_METHOD='GET',RESPONSE_LENGTH_OKHTTP='795',RESPONSE_LENGTH_HEADER='795',REQUEST_PROTOCOL='http/1.1',REQUEST_URL='https://api-hillfair-2k16.herokuapp.com/api/app/events/special/event?id=5806551bdcba0f490c70fd1f',
08-03 21:21:14.682 17925 17937 I art     : Starting a blocking GC Explicit
08-03 21:21:14.705 17925 17937 I art     : Explicit concurrent mark sweep GC freed 4865(317KB) AllocSpace objects, 4(220KB) LOS objects, 23% free, 52MB/68MB, paused 501us total 22.609ms
08-03 21:21:14.715 17925 17937 I art     : Starting a blocking GC Explicit
08-03 21:21:14.739 17925 17937 I art     : Explicit concurrent mark sweep GC freed 1063(120KB) AllocSpace objects, 0(0B) LOS objects, 23% free, 52MB/68MB, paused 447us total 23.844ms
08-03 21:21:14.749 17925 17937 I art     : Starting a blocking GC Explicit
08-03 21:21:14.769 17925 17937 I art     : Explicit concurrent mark sweep GC freed 6(192B) AllocSpace objects, 0(0B) LOS objects, 23% free, 52MB/68MB, paused 426us total 19.742ms
08-03 21:21:14.777 17925 17937 I art     : Starting a blocking GC Explicit
08-03 21:21:14.796 17925 17937 I art     : Explicit concurrent mark sweep GC freed 3(96B) AllocSpace objects, 0(0B) LOS objects, 23% free, 52MB/68MB, paused 514us total 19.191ms
08-03 21:21:14.806 17925 17937 I art     : Starting a blocking GC Explicit
08-03 21:21:14.825 17925 17937 I art     : Explicit concurrent mark sweep GC freed 3(96B) AllocSpace objects, 0(0B) LOS objects, 23% free, 52MB/68MB, paused 417us total 19.216ms
08-03 21:21:15.093   518   646 I ThermalEngine: ACTION: GPU - Setting GPU[0] to 450000000
08-03 21:21:15.098 17925 18017 I art     : Starting a blocking GC Explicit
08-03 21:21:15.125 17925 18017 I art     : Explicit concurrent mark sweep GC freed 1341(78KB) AllocSpace objects, 1(20KB) LOS objects, 23% free, 52MB/68MB, paused 633us total 27.215ms
08-03 21:21:15.136 17925 18017 I art     : Starting a blocking GC Explicit
08-03 21:21:15.164 17925 18017 I art     : Explicit concurrent mark sweep GC freed 36(1264B) AllocSpace objects, 0(0B) LOS objects, 23% free, 52MB/68MB, paused 603us total 26.885ms
08-03 21:21:15.175 17925 18017 I art     : Starting a blocking GC Explicit
08-03 21:21:15.201 17925 18017 I art     : Explicit concurrent mark sweep GC freed 3(96B) AllocSpace objects, 0(0B) LOS objects, 23% free, 52MB/68MB, paused 642us total 26.398ms
08-03 21:21:15.212 17925 18017 I art     : Starting a blocking GC Explicit
08-03 21:21:15.240 17925 18017 I art     : Explicit concurrent mark sweep GC freed 3(96B) AllocSpace objects, 0(0B) LOS objects, 23% free, 52MB/68MB, paused 625us total 26.837ms
08-03 21:21:15.251 17925 18017 I art     : Starting a blocking GC Explicit
08-03 21:21:15.278 17925 18017 I art     : Explicit concurrent mark sweep GC freed 3(96B) AllocSpace objects, 0(0B) LOS objects, 23% free, 52MB/68MB, paused 601us total 27.067ms
08-03 21:21:15.278 17925 17936 I art     : WaitForGcToComplete blocked for 19.690ms for cause HeapTrim
08-03 21:21:15.590 17925 17938 I art     : Starting a blocking GC Explicit
08-03 21:21:15.625 17925 17938 I art     : Explicit concurrent mark sweep GC freed 1341(78KB) AllocSpace objects, 1(20KB) LOS objects, 23% free, 52MB/68MB, paused 628us total 34.102ms
08-03 21:21:15.638 17925 17938 I art     : Starting a blocking GC Explicit
08-03 21:21:15.668 17925 17938 I art     : Explicit concurrent mark sweep GC freed 20(704B) AllocSpace objects, 0(0B) LOS objects, 23% free, 52MB/68MB, paused 644us total 29.123ms
08-03 21:21:15.679 17925 17938 I art     : Starting a blocking GC Explicit
08-03 21:21:15.708 17925 17938 I art     : Explicit concurrent mark sweep GC freed 3(96B) AllocSpace objects, 0(0B) LOS objects, 23% free, 52MB/68MB, paused 639us total 28.742ms
08-03 21:21:15.719 17925 17938 I art     : Starting a blocking GC Explicit
08-03 21:21:15.749 17925 17938 I art     : Explicit concurrent mark sweep GC freed 3(96B) AllocSpace objects, 0(0B) LOS objects, 23% free, 52MB/68MB, paused 609us total 29.125ms
08-03 21:21:15.760 17925 17938 I art     : Starting a blocking GC Explicit
08-03 21:21:15.789 17925 17938 I art     : Explicit concurrent mark sweep GC freed 3(96B) AllocSpace objects, 0(0B) LOS objects, 23% free, 52MB/68MB, paused 624us total 28.442ms
08-03 21:21:16.125 17925 18034 I art     : Starting a blocking GC Explicit
08-03 21:21:16.158 17925 18034 I art     : Explicit concurrent mark sweep GC freed 1341(78KB) AllocSpace objects, 1(20KB) LOS objects, 23% free, 52MB/68MB, paused 726us total 32.455ms
08-03 21:21:16.172 17925 18034 I art     : Starting a blocking GC Explicit
08-03 21:21:16.201 17925 18034 I art     : Explicit concurrent mark sweep GC freed 20(704B) AllocSpace objects, 0(0B) LOS objects, 23% free, 52MB/68MB, paused 596us total 29.320ms
08-03 21:21:16.212 17925 18034 I art     : Starting a blocking GC Explicit
08-03 21:21:16.242 17925 18034 I art     : Explicit concurrent mark sweep GC freed 3(96B) AllocSpace objects, 0(0B) LOS objects, 23% free, 52MB/68MB, paused 592us total 29.073ms
08-03 21:21:16.253 17925 18034 I art     : Starting a blocking GC Explicit
08-03 21:21:16.282 17925 18034 I art     : Explicit concurrent mark sweep GC freed 3(96B) AllocSpace objects, 0(0B) LOS objects, 23% free, 52MB/68MB, paused 603us total 28.098ms
08-03 21:21:16.293 17925 18034 I art     : Starting a blocking GC Explicit
08-03 21:21:16.322 17925 18034 I art     : Explicit concurrent mark sweep GC freed 3(96B) AllocSpace objects, 0(0B) LOS objects, 23% free, 52MB/68MB, paused 597us total 28.402ms
08-03 21:21:16.656 17925 17937 I art     : Starting a blocking GC Explicit
08-03 21:21:16.692 17925 17937 I art     : Explicit concurrent mark sweep GC freed 1341(78KB) AllocSpace objects, 1(20KB) LOS objects, 23% free, 52MB/68MB, paused 663us total 35.757ms
08-03 21:21:16.708 17925 17937 I art     : Starting a blocking GC Explicit
08-03 21:21:16.739 17925 17937 I art     : Explicit concurrent mark sweep GC freed 20(704B) AllocSpace objects, 0(0B) LOS objects, 23% free, 52MB/68MB, paused 602us total 29.889ms
08-03 21:21:16.750 17925 17937 I art     : Starting a blocking GC Explicit
08-03 21:21:16.779 17925 17937 I art     : Explicit concurrent mark sweep GC freed 3(96B) AllocSpace objects, 0(0B) LOS objects, 23% free, 52MB/68MB, paused 598us total 29.249ms
08-03 21:21:16.791 17925 17937 I art     : Starting a blocking GC Explicit
08-03 21:21:16.820 17925 17937 I art     : Explicit concurrent mark sweep GC freed 3(96B) AllocSpace objects, 0(0B) LOS objects, 23% free, 52MB/68MB, paused 596us total 28.595ms
08-03 21:21:16.831 17925 17937 I art     : Starting a blocking GC Explicit
08-03 21:21:16.859 17925 17937 I art     : Explicit concurrent mark sweep GC freed 3(96B) AllocSpace objects, 0(0B) LOS objects, 23% free, 52MB/68MB, paused 585us total 27.725ms
08-03 21:21:17.187 17925 18827 I art     : Starting a blocking GC Explicit
08-03 21:21:17.222 17925 18827 I art     : Explicit concurrent mark sweep GC freed 1341(78KB) AllocSpace objects, 1(20KB) LOS objects, 23% free, 52MB/68MB, paused 637us total 34.777ms
08-03 21:21:17.236 17925 18827 I art     : Starting a blocking GC Explicit
08-03 21:21:17.264 17925 18827 I art     : Explicit concurrent mark sweep GC freed 20(704B) AllocSpace objects, 0(0B) LOS objects, 23% free, 52MB/68MB, paused 597us total 27.440ms
08-03 21:21:17.275 17925 18827 I art     : Starting a blocking GC Explicit
08-03 21:21:17.304 17925 18827 I art     : Explicit concurrent mark sweep GC freed 3(96B) AllocSpace objects, 0(0B) LOS objects, 23% free, 52MB/68MB, paused 581us total 29ms
08-03 21:21:17.316 17925 18827 I art     : Starting a blocking GC Explicit
08-03 21:21:17.344 17925 18827 I art     : Explicit concurrent mark sweep GC freed 3(96B) AllocSpace objects, 0(0B) LOS objects, 23% free, 52MB/68MB, paused 580us total 28.112ms
08-03 21:21:17.355 17925 18827 I art     : Starting a blocking GC Explicit
08-03 21:21:17.384 17925 18827 I art     : Explicit concurrent mark sweep GC freed 3(96B) AllocSpace objects, 0(0B) LOS objects, 23% free, 52MB/68MB, paused 602us total 28.669ms
08-03 21:21:17.722 17925 18017 I art     : Starting a blocking GC Explicit
08-03 21:21:17.756 17925 18017 I art     : Explicit concurrent mark sweep GC freed 1341(78KB) AllocSpace objects, 1(20KB) LOS objects, 23% free, 52MB/68MB, paused 641us total 33.656ms
08-03 21:21:17.770 17925 18017 I art     : Starting a blocking GC Explicit
08-03 21:21:17.799 17925 18017 I art     : Explicit concurrent mark sweep GC freed 20(704B) AllocSpace objects, 0(0B) LOS objects, 23% free, 52MB/68MB, paused 612us total 29.234ms
08-03 21:21:17.811 17925 18017 I art     : Starting a blocking GC Explicit
08-03 21:21:17.840 17925 18017 I art     : Explicit concurrent mark sweep GC freed 3(96B) AllocSpace objects, 0(0B) LOS objects, 23% free, 52MB/68MB, paused 583us total 28.814ms
08-03 21:21:17.851 17925 18017 I art     : Starting a blocking GC Explicit
08-03 21:21:17.880 17925 18017 I art     : Explicit concurrent mark sweep GC freed 3(96B) AllocSpace objects, 0(0B) LOS objects, 23% free, 52MB/68MB, paused 613us total 29.207ms
08-03 21:21:17.892 17925 18017 I art     : Starting a blocking GC Explicit
08-03 21:21:17.921 17925 18017 I art     : Explicit concurrent mark sweep GC freed 3(96B) AllocSpace objects, 0(0B) LOS objects, 23% free, 52MB/68MB, paused 615us total 28.758ms
08-03 21:21:18.248 17925 17938 I art     : Starting a blocking GC Explicit
08-03 21:21:18.275 17925 17938 I art     : Explicit concurrent mark sweep GC freed 1341(78KB) AllocSpace objects, 1(20KB) LOS objects, 23% free, 52MB/68MB, paused 607us total 26.696ms
08-03 21:21:18.286 17925 17938 I art     : Starting a blocking GC Explicit
08-03 21:21:18.314 17925 17938 I art     : Explicit concurrent mark sweep GC freed 20(704B) AllocSpace objects, 0(0B) LOS objects, 23% free, 52MB/68MB, paused 588us total 27.071ms
08-03 21:21:18.325 17925 17938 I art     : Starting a blocking GC Explicit
08-03 21:21:18.351 17925 17938 I art     : Explicit concurrent mark sweep GC freed 3(96B) AllocSpace objects, 0(0B) LOS objects, 23% free, 52MB/68MB, paused 611us total 26.497ms
08-03 21:21:18.362 17925 17938 I art     : Starting a blocking GC Explicit
08-03 21:21:18.390 17925 17938 I art     : Explicit concurrent mark sweep GC freed 3(96B) AllocSpace objects, 0(0B) LOS objects, 23% free, 52MB/68MB, paused 613us total 27.705ms
08-03 21:21:18.401 17925 17938 I art     : Starting a blocking GC Explicit
08-03 21:21:18.428 17925 17938 I art     : Explicit concurrent mark sweep GC freed 3(96B) AllocSpace objects, 0(0B) LOS objects, 23% free, 52MB/68MB, paused 631us total 26.717ms
08-03 21:21:18.739 19816 19816 D AndroidRuntime: >>>>>> START com.android.internal.os.RuntimeInit uid 2000 <<<<<<
08-03 21:21:18.745 19816 19816 D AndroidRuntime: CheckJNI is OFF
08-03 21:21:18.762 17925 18034 I art     : Starting a blocking GC Explicit
08-03 21:21:18.788 17925 18034 I art     : Explicit concurrent mark sweep GC freed 1341(78KB) AllocSpace objects, 1(20KB) LOS objects, 23% free, 52MB/68MB, paused 663us total 25.901ms
08-03 21:21:18.790 19816 19816 D ICU     : No timezone override file found: /data/misc/zoneinfo/current/icu/icu_tzdata.dat
08-03 21:21:18.800 17925 18034 I art     : Starting a blocking GC Explicit
08-03 21:21:18.825 17925 18034 I art     : Explicit concurrent mark sweep GC freed 20(704B) AllocSpace objects, 0(0B) LOS objects, 23% free, 52MB/68MB, paused 614us total 25.346ms
08-03 21:21:18.836 17925 18034 I art     : Starting a blocking GC Explicit
08-03 21:21:18.837 19816 19816 I Radio-JNI: register_android_hardware_Radio DONE
08-03 21:21:18.863 17925 18034 I art     : Explicit concurrent mark sweep GC freed 3(96B) AllocSpace objects, 0(0B) LOS objects, 23% free, 52MB/68MB, paused 597us total 27.087ms
08-03 21:21:18.866 19816 19816 D AndroidRuntime: Calling main entry com.android.commands.input.Input
08-03 21:21:18.868 19816 19816 I Input   : injectKeyEvent: KeyEvent { action=ACTION_DOWN, keyCode=KEYCODE_BACK, scanCode=0, metaState=0, flags=0x0, repeatCount=0, eventTime=652895281, downTime=652895281, deviceId=-1, source=0x101 }
08-03 21:21:18.874 17925 18034 I art     : Starting a blocking GC Explicit
08-03 21:21:18.874 19816 19816 I Input   : injectKeyEvent: KeyEvent { action=ACTION_UP, keyCode=KEYCODE_BACK, scanCode=0, metaState=0, flags=0x0, repeatCount=0, eventTime=652895281, downTime=652895281, deviceId=-1, source=0x101 }
08-03 21:21:18.880 19816 19816 D AndroidRuntime: Shutting down VM
08-03 21:21:18.899 17925 18034 I art     : Explicit concurrent mark sweep GC freed 133(6KB) AllocSpace objects, 0(0B) LOS objects, 23% free, 52MB/68MB, paused 593us total 24.837ms
08-03 21:21:18.911 17925 18034 I art     : Starting a blocking GC Explicit
08-03 21:21:18.925 13866 13866 I GoogleInputMethodServic: GoogleInputMethodService.onFinishInput():3138 
08-03 21:21:18.926 13866 13866 I GoogleInputMethodServic: GoogleInputMethodService.onStartInput():1808 
08-03 21:21:18.935 17925 18034 I art     : Explicit concurrent mark sweep GC freed 17(752B) AllocSpace objects, 0(0B) LOS objects, 23% free, 52MB/68MB, paused 578us total 23.914ms
08-03 21:21:19.102   518   646 I ThermalEngine: ACTION: GPU - Setting GPU[0] to 510000000
08-03 21:21:19.211 17925 17938 I art     : Starting a blocking GC Explicit
08-03 21:21:19.213   380   380 W SurfaceFlinger: couldn't log to binary event log: overflow.
08-03 21:21:19.233 17925 17938 I art     : Explicit concurrent mark sweep GC freed 1478(88KB) AllocSpace objects, 1(20KB) LOS objects, 23% free, 52MB/68MB, paused 406us total 21.012ms
08-03 21:21:19.241 17925 17938 I art     : Starting a blocking GC Explicit
08-03 21:21:19.259 17925 17938 I art     : Explicit concurrent mark sweep GC freed 1675(107KB) AllocSpace objects, 3(400KB) LOS objects, 23% free, 52MB/68MB, paused 407us total 17.819ms
08-03 21:21:19.266 17925 17938 I art     : Starting a blocking GC Explicit
08-03 21:21:19.284 17925 17938 I art     : Explicit concurrent mark sweep GC freed 3(96B) AllocSpace objects, 0(0B) LOS objects, 23% free, 52MB/68MB, paused 422us total 17.802ms
08-03 21:21:19.294 17925 17938 I art     : Starting a blocking GC Explicit
08-03 21:21:19.312 17925 17938 I art     : Explicit concurrent mark sweep GC freed 3(96B) AllocSpace objects, 0(0B) LOS objects, 23% free, 52MB/68MB, paused 425us total 17.942ms
08-03 21:21:19.320 17925 17938 I art     : Starting a blocking GC Explicit
08-03 21:21:19.338 17925 17938 I art     : Explicit concurrent mark sweep GC freed 3(96B) AllocSpace objects, 0(0B) LOS objects, 23% free, 52MB/68MB, paused 422us total 18.409ms
08-03 21:21:19.608 17925 17937 I art     : Starting a blocking GC Explicit
08-03 21:21:19.629 17925 17937 I art     : Explicit concurrent mark sweep GC freed 1341(78KB) AllocSpace objects, 1(20KB) LOS objects, 23% free, 52MB/68MB, paused 498us total 20.467ms
08-03 21:21:19.638 17925 17937 I art     : Starting a blocking GC Explicit
08-03 21:21:19.657 17925 17937 I art     : Explicit concurrent mark sweep GC freed 20(704B) AllocSpace objects, 0(0B) LOS objects, 23% free, 52MB/68MB, paused 484us total 19.626ms
08-03 21:21:19.666 17925 17937 I art     : Starting a blocking GC Explicit
08-03 21:21:19.686 17925 17937 I art     : Explicit concurrent mark sweep GC freed 3(96B) AllocSpace objects, 0(0B) LOS objects, 23% free, 52MB/68MB, paused 449us total 20.491ms
08-03 21:21:19.695 17925 17937 I art     : Starting a blocking GC Explicit
08-03 21:21:19.716 17925 17937 I art     : Explicit concurrent mark sweep GC freed 3(96B) AllocSpace objects, 0(0B) LOS objects, 23% free, 52MB/68MB, paused 438us total 20.439ms
08-03 21:21:19.724 17925 17937 I art     : Starting a blocking GC Explicit
08-03 21:21:19.745 17925 17937 I art     : Explicit concurrent mark sweep GC freed 3(96B) AllocSpace objects, 0(0B) LOS objects, 23% free, 52MB/68MB, paused 445us total 20.096ms
08-03 21:21:20.025 17925 18034 I art     : Starting a blocking GC Explicit
08-03 21:21:20.052 17925 18034 I art     : Explicit concurrent mark sweep GC freed 1340(78KB) AllocSpace objects, 1(20KB) LOS objects, 23% free, 52MB/68MB, paused 499us total 26.496ms
08-03 21:21:20.066 17925 18034 I art     : Starting a blocking GC Explicit
08-03 21:21:20.087 17925 18034 I art     : Explicit concurrent mark sweep GC freed 20(704B) AllocSpace objects, 0(0B) LOS objects, 23% free, 52MB/68MB, paused 453us total 20.818ms
08-03 21:21:20.096 17925 18034 I art     : Starting a blocking GC Explicit
08-03 21:21:20.105   518   646 I ThermalEngine: ACTION: GPU - Setting GPU[0] to 450000000
08-03 21:21:20.119 17925 18034 I art     : Explicit concurrent mark sweep GC freed 3(96B) AllocSpace objects, 0(0B) LOS objects, 23% free, 52MB/68MB, paused 551us total 22.879ms
08-03 21:21:20.129 17925 18034 I art     : Starting a blocking GC Explicit
08-03 21:21:20.153 17925 18034 I art     : Explicit concurrent mark sweep GC freed 3(96B) AllocSpace objects, 0(0B) LOS objects, 23% free, 52MB/68MB, paused 589us total 23.724ms
08-03 21:21:20.164 17925 18034 I art     : Starting a blocking GC Explicit
08-03 21:21:20.188 17925 18034 I art     : Explicit concurrent mark sweep GC freed 3(96B) AllocSpace objects, 0(0B) LOS objects, 23% free, 52MB/68MB, paused 577us total 24.064ms
08-03 21:21:20.473 17925 18827 I art     : Starting a blocking GC Explicit
08-03 21:21:20.503 17925 18827 I art     : Explicit concurrent mark sweep GC freed 1340(78KB) AllocSpace objects, 1(20KB) LOS objects, 23% free, 52MB/68MB, paused 656us total 30.228ms
08-03 21:21:20.518 17925 18827 I art     : Starting a blocking GC Explicit
08-03 21:21:20.545 17925 18827 I art     : Explicit concurrent mark sweep GC freed 20(704B) AllocSpace objects, 0(0B) LOS objects, 23% free, 52MB/68MB, paused 631us total 26.520ms
08-03 21:21:20.556 17925 18827 I art     : Starting a blocking GC Explicit
08-03 21:21:20.582 17925 18827 I art     : Explicit concurrent mark sweep GC freed 3(96B) AllocSpace objects, 0(0B) LOS objects, 23% free, 52MB/68MB, paused 610us total 26.016ms
08-03 21:21:20.593 17925 18827 I art     : Starting a blocking GC Explicit
08-03 21:21:20.620 17925 18827 I art     : Explicit concurrent mark sweep GC freed 3(96B) AllocSpace objects, 0(0B) LOS objects, 23% free, 52MB/68MB, paused 608us total 26.873ms
08-03 21:21:20.631 17925 18827 I art     : Starting a blocking GC Explicit
08-03 21:21:20.654 19870 19870 D AndroidRuntime: >>>>>> START com.android.internal.os.RuntimeInit uid 2000 <<<<<<
08-03 21:21:20.658 17925 18827 I art     : Explicit concurrent mark sweep GC freed 3(96B) AllocSpace objects, 0(0B) LOS objects, 23% free, 52MB/68MB, paused 653us total 26.125ms
08-03 21:21:20.658 17925 17936 I art     : WaitForGcToComplete blocked for 26.249ms for cause HeapTrim
08-03 21:21:20.661 19870 19870 D AndroidRuntime: CheckJNI is OFF
08-03 21:21:20.705 19870 19870 D ICU     : No timezone override file found: /data/misc/zoneinfo/current/icu/icu_tzdata.dat
08-03 21:21:20.750 19870 19870 I Radio-JNI: register_android_hardware_Radio DONE
08-03 21:21:20.780 19870 19870 D AndroidRuntime: Calling main entry com.android.commands.input.Input
08-03 21:21:20.783 19870 19870 I Input   : injectKeyEvent: KeyEvent { action=ACTION_DOWN, keyCode=KEYCODE_BACK, scanCode=0, metaState=0, flags=0x0, repeatCount=0, eventTime=652897195, downTime=652897195, deviceId=-1, source=0x101 }
08-03 21:21:20.793 19870 19870 I Input   : injectKeyEvent: KeyEvent { action=ACTION_UP, keyCode=KEYCODE_BACK, scanCode=0, metaState=0, flags=0x0, repeatCount=0, eventTime=652897195, downTime=652897195, deviceId=-1, source=0x101 }
08-03 21:21:20.801 19870 19870 D AndroidRuntime: Shutting down VM
08-03 21:21:20.848 13866 13866 I GoogleInputMethodServic: GoogleInputMethodService.onFinishInput():3138 
08-03 21:21:20.849 13866 13866 I GoogleInputMethodServic: GoogleInputMethodService.onStartInput():1808 
08-03 21:21:20.942 17925 18034 I art     : Starting a blocking GC Explicit
08-03 21:21:20.973 17925 18034 I art     : Explicit concurrent mark sweep GC freed 1550(87KB) AllocSpace objects, 1(20KB) LOS objects, 23% free, 52MB/68MB, paused 641us total 30.793ms
08-03 21:21:20.987 17925 18034 I art     : Starting a blocking GC Explicit
08-03 21:21:21.016 17925 18034 I art     : Explicit concurrent mark sweep GC freed 24(864B) AllocSpace objects, 0(0B) LOS objects, 23% free, 52MB/68MB, paused 610us total 28.079ms
08-03 21:21:21.031 17925 18034 I art     : Starting a blocking GC Explicit
08-03 21:21:21.058 17925 18034 I art     : Explicit concurrent mark sweep GC freed 3(96B) AllocSpace objects, 0(0B) LOS objects, 23% free, 52MB/68MB, paused 547us total 27.051ms
08-03 21:21:21.069 17925 18034 I art     : Starting a blocking GC Explicit
08-03 21:21:21.096 17925 18034 I art     : Explicit concurrent mark sweep GC freed 3(96B) AllocSpace objects, 0(0B) LOS objects, 23% free, 52MB/68MB, paused 585us total 26.556ms
08-03 21:21:21.108 17925 18034 I art     : Starting a blocking GC Explicit
08-03 21:21:21.133 17925 18034 I art     : Explicit concurrent mark sweep GC freed 3(96B) AllocSpace objects, 0(0B) LOS objects, 23% free, 52MB/68MB, paused 626us total 24.406ms
08-03 21:21:21.422 17925 18017 I art     : Starting a blocking GC Explicit
08-03 21:21:21.459 17925 18017 I art     : Explicit concurrent mark sweep GC freed 1993(110KB) AllocSpace objects, 1(20KB) LOS objects, 23% free, 52MB/68MB, paused 658us total 36.098ms
08-03 21:21:21.475 17925 18017 I art     : Starting a blocking GC Explicit
08-03 21:21:21.498 17925 18017 I art     : Explicit concurrent mark sweep GC freed 2120(128KB) AllocSpace objects, 2(140KB) LOS objects, 23% free, 51MB/67MB, paused 571us total 23.623ms
08-03 21:21:21.509 17925 18017 I art     : Starting a blocking GC Explicit
08-03 21:21:21.534 17925 18017 I art     : Explicit concurrent mark sweep GC freed 3(96B) AllocSpace objects, 0(0B) LOS objects, 23% free, 51MB/67MB, paused 578us total 24.533ms
08-03 21:21:21.545 17925 18017 I art     : Starting a blocking GC Explicit
08-03 21:21:21.569 17925 18017 I art     : Explicit concurrent mark sweep GC freed 3(96B) AllocSpace objects, 0(0B) LOS objects, 23% free, 51MB/67MB, paused 560us total 24.701ms
08-03 21:21:21.580 17925 18017 I art     : Starting a blocking GC Explicit
08-03 21:21:21.605 17925 18017 I art     : Explicit concurrent mark sweep GC freed 3(96B) AllocSpace objects, 0(0B) LOS objects, 23% free, 51MB/67MB, paused 572us total 24.340ms
08-03 21:21:21.912 17925 18827 I art     : Starting a blocking GC Explicit
08-03 21:21:21.942 17925 18827 I art     : Explicit concurrent mark sweep GC freed 1340(78KB) AllocSpace objects, 1(20KB) LOS objects, 23% free, 51MB/67MB, paused 616us total 29.700ms
08-03 21:21:21.956 17925 18827 I art     : Starting a blocking GC Explicit
08-03 21:21:21.981 17925 18827 I art     : Explicit concurrent mark sweep GC freed 20(704B) AllocSpace objects, 0(0B) LOS objects, 23% free, 51MB/67MB, paused 543us total 25.055ms
08-03 21:21:21.992 17925 18827 I art     : Starting a blocking GC Explicit
08-03 21:21:22.017 17925 18827 I art     : Explicit concurrent mark sweep GC freed 3(96B) AllocSpace objects, 0(0B) LOS objects, 23% free, 51MB/67MB, paused 674us total 24.897ms
08-03 21:21:22.028 17925 18827 I art     : Starting a blocking GC Explicit
08-03 21:21:22.052 17925 18827 I art     : Explicit concurrent mark sweep GC freed 3(96B) AllocSpace objects, 0(0B) LOS objects, 23% free, 51MB/67MB, paused 538us total 23.592ms
08-03 21:21:22.062 17925 18827 I art     : Starting a blocking GC Explicit
08-03 21:21:22.086 17925 18827 I art     : Explicit concurrent mark sweep GC freed 3(96B) AllocSpace objects, 0(0B) LOS objects, 23% free, 51MB/67MB, paused 593us total 23.088ms
08-03 21:21:22.372 17925 17938 I art     : Starting a blocking GC Explicit
08-03 21:21:22.399 17925 17938 I art     : Explicit concurrent mark sweep GC freed 1338(78KB) AllocSpace objects, 1(20KB) LOS objects, 23% free, 51MB/67MB, paused 600us total 27.084ms
08-03 21:21:22.411 17925 17938 I art     : Starting a blocking GC Explicit
08-03 21:21:22.437 17925 17938 I art     : Explicit concurrent mark sweep GC freed 20(704B) AllocSpace objects, 0(0B) LOS objects, 23% free, 51MB/67MB, paused 595us total 25.698ms
08-03 21:21:22.448 17925 17938 I art     : Starting a blocking GC Explicit
08-03 21:21:22.473 17925 17938 I art     : Explicit concurrent mark sweep GC freed 3(96B) AllocSpace objects, 0(0B) LOS objects, 23% free, 51MB/67MB, paused 605us total 25.213ms
08-03 21:21:22.484 17925 17938 I art     : Starting a blocking GC Explicit
08-03 21:21:22.509 17925 17938 I art     : Explicit concurrent mark sweep GC freed 3(96B) AllocSpace objects, 0(0B) LOS objects, 23% free, 51MB/67MB, paused 596us total 24.511ms
08-03 21:21:22.519 17925 17938 I art     : Starting a blocking GC Explicit
08-03 21:21:22.545 17925 17938 I art     : Explicit concurrent mark sweep GC freed 3(96B) AllocSpace objects, 0(0B) LOS objects, 23% free, 51MB/67MB, paused 610us total 25.043ms
08-03 21:21:22.587 19923 19923 D AndroidRuntime: >>>>>> START com.android.internal.os.RuntimeInit uid 2000 <<<<<<
08-03 21:21:22.594 19923 19923 D AndroidRuntime: CheckJNI is OFF
08-03 21:21:22.639 19923 19923 D ICU     : No timezone override file found: /data/misc/zoneinfo/current/icu/icu_tzdata.dat
08-03 21:21:22.689 19923 19923 I Radio-JNI: register_android_hardware_Radio DONE
08-03 21:21:22.720 19923 19923 D AndroidRuntime: Calling main entry com.android.commands.input.Input
08-03 21:21:22.723 19923 19923 I Input   : injectMotionEvent: MotionEvent { action=ACTION_DOWN, actionButton=0, id[0]=0, x[0]=1053.0, y[0]=1173.0, toolType[0]=TOOL_TYPE_UNKNOWN, buttonState=0, metaState=0, flags=0x0, edgeFlags=0x0, pointerCount=1, historySize=0, eventTime=652899136, downTime=652899136, deviceId=0, source=0x1002 }
08-03 21:21:22.731 19923 19923 I Input   : injectMotionEvent: MotionEvent { action=ACTION_UP, actionButton=0, id[0]=0, x[0]=1053.0, y[0]=1173.0, toolType[0]=TOOL_TYPE_UNKNOWN, buttonState=0, metaState=0, flags=0x0, edgeFlags=0x0, pointerCount=1, historySize=0, eventTime=652899136, downTime=652899136, deviceId=0, source=0x1002 }
08-03 21:21:22.734   918  5481 I ActivityManager: START u0 {cmp=baseline.appteam.nith.hillffair/.activities.QuizActivity} from uid 10624 on display 0
08-03 21:21:22.743 19923 19923 D AndroidRuntime: Shutting down VM
08-03 21:21:22.853 17925 18017 I art     : Starting a blocking GC Explicit
08-03 21:21:22.879 17925 18017 I art     : Explicit concurrent mark sweep GC freed 2128(141KB) AllocSpace objects, 1(20KB) LOS objects, 23% free, 52MB/68MB, paused 617us total 25.548ms
08-03 21:21:22.891 17925 18017 I art     : Starting a blocking GC Explicit
08-03 21:21:22.898   918   936 I ActivityManager: Displayed baseline.appteam.nith.hillffair/.activities.QuizActivity: +153ms
08-03 21:21:22.898 13866 13866 I GoogleInputMethodServic: GoogleInputMethodService.onFinishInput():3138 
08-03 21:21:22.899 13866 13866 I GoogleInputMethodServic: GoogleInputMethodService.onStartInput():1808 
08-03 21:21:22.916 17925 18017 I art     : Explicit concurrent mark sweep GC freed 196(8KB) AllocSpace objects, 0(0B) LOS objects, 23% free, 52MB/68MB, paused 620us total 24.433ms
08-03 21:21:22.926 17925 18017 I art     : Starting a blocking GC Explicit
08-03 21:21:22.949 17925 18017 I art     : Explicit concurrent mark sweep GC freed 15(576B) AllocSpace objects, 0(0B) LOS objects, 23% free, 52MB/68MB, paused 564us total 22.278ms
08-03 21:21:22.959 17925 18017 I art     : Starting a blocking GC Explicit
08-03 21:21:22.981 17925 18017 I art     : Explicit concurrent mark sweep GC freed 18(768B) AllocSpace objects, 0(0B) LOS objects, 23% free, 52MB/68MB, paused 541us total 22.188ms
08-03 21:21:22.991 17925 18017 I art     : Starting a blocking GC Explicit
08-03 21:21:23.015 17925 18017 I art     : Explicit concurrent mark sweep GC freed 15(576B) AllocSpace objects, 0(0B) LOS objects, 23% free, 52MB/68MB, paused 556us total 23.605ms
08-03 21:21:23.152   380   380 W SurfaceFlinger: couldn't log to binary event log: overflow.
08-03 21:21:23.307 17925 18827 I art     : Starting a blocking GC Explicit
08-03 21:21:23.333 17925 18827 I art     : Explicit concurrent mark sweep GC freed 1410(82KB) AllocSpace objects, 1(20KB) LOS objects, 23% free, 52MB/68MB, paused 558us total 25.792ms
08-03 21:21:23.344 17925 18827 I art     : Starting a blocking GC Explicit
08-03 21:21:23.369 17925 18827 I art     : Explicit concurrent mark sweep GC freed 20(704B) AllocSpace objects, 0(0B) LOS objects, 23% free, 52MB/68MB, paused 568us total 25.088ms
08-03 21:21:23.380 17925 18827 I art     : Starting a blocking GC Explicit
08-03 21:21:23.405 17925 18827 I art     : Explicit concurrent mark sweep GC freed 3(96B) AllocSpace objects, 0(0B) LOS objects, 23% free, 52MB/68MB, paused 552us total 25.253ms
08-03 21:21:23.416 17925 18827 I art     : Starting a blocking GC Explicit
08-03 21:21:23.442 17925 18827 I art     : Explicit concurrent mark sweep GC freed 3(96B) AllocSpace objects, 0(0B) LOS objects, 23% free, 52MB/68MB, paused 557us total 25.527ms
08-03 21:21:23.453 17925 18827 I art     : Starting a blocking GC Explicit
08-03 21:21:23.479 17925 18827 I art     : Explicit concurrent mark sweep GC freed 3(96B) AllocSpace objects, 0(0B) LOS objects, 23% free, 52MB/68MB, paused 552us total 26.085ms
08-03 21:21:23.785 17925 17938 I art     : Starting a blocking GC Explicit
08-03 21:21:23.817 17925 17938 I art     : Explicit concurrent mark sweep GC freed 1340(78KB) AllocSpace objects, 1(20KB) LOS objects, 23% free, 52MB/68MB, paused 606us total 31.153ms
08-03 21:21:23.830 17925 17938 I art     : Starting a blocking GC Explicit
08-03 21:21:23.858 17925 17938 I art     : Explicit concurrent mark sweep GC freed 20(704B) AllocSpace objects, 0(0B) LOS objects, 23% free, 52MB/68MB, paused 606us total 26.782ms
08-03 21:21:23.868 17925 17938 I art     : Starting a blocking GC Explicit
08-03 21:21:23.894 17925 17938 I art     : Explicit concurrent mark sweep GC freed 3(96B) AllocSpace objects, 0(0B) LOS objects, 23% free, 52MB/68MB, paused 579us total 25.703ms
08-03 21:21:23.905 17925 17938 I art     : Starting a blocking GC Explicit
08-03 21:21:23.932 17925 17938 I art     : Explicit concurrent mark sweep GC freed 3(96B) AllocSpace objects, 0(0B) LOS objects, 23% free, 52MB/68MB, paused 564us total 25.935ms
08-03 21:21:23.943 17925 17938 I art     : Starting a blocking GC Explicit
08-03 21:21:23.969 17925 17938 I art     : Explicit concurrent mark sweep GC freed 3(96B) AllocSpace objects, 0(0B) LOS objects, 23% free, 52MB/68MB, paused 565us total 26.042ms
08-03 21:21:24.264 17925 18034 I art     : Starting a blocking GC Explicit
08-03 21:21:24.298 17925 18034 I art     : Explicit concurrent mark sweep GC freed 1340(78KB) AllocSpace objects, 1(20KB) LOS objects, 23% free, 52MB/68MB, paused 874us total 33.290ms
08-03 21:21:24.313 17925 18034 I art     : Starting a blocking GC Explicit
08-03 21:21:24.341 17925 18034 I art     : Explicit concurrent mark sweep GC freed 20(704B) AllocSpace objects, 0(0B) LOS objects, 23% free, 52MB/68MB, paused 590us total 26.825ms
08-03 21:21:24.352 17925 18034 I art     : Starting a blocking GC Explicit
08-03 21:21:24.380 17925 18034 I art     : Explicit concurrent mark sweep GC freed 3(96B) AllocSpace objects, 0(0B) LOS objects, 23% free, 52MB/68MB, paused 567us total 27.863ms
08-03 21:21:24.394 17925 18034 I art     : Starting a blocking GC Explicit
08-03 21:21:24.425 17925 18034 I art     : Explicit concurrent mark sweep GC freed 8(256B) AllocSpace objects, 0(0B) LOS objects, 23% free, 52MB/68MB, paused 535us total 30.118ms
08-03 21:21:24.438 17925 18034 I art     : Starting a blocking GC Explicit
08-03 21:21:24.461 17925 18034 I art     : Explicit concurrent mark sweep GC freed 8(256B) AllocSpace objects, 0(0B) LOS objects, 23% free, 52MB/68MB, paused 529us total 23.036ms
08-03 21:21:24.779 17925 17938 I art     : Starting a blocking GC Explicit
08-03 21:21:24.809 17925 17938 I art     : Explicit concurrent mark sweep GC freed 1360(78KB) AllocSpace objects, 1(20KB) LOS objects, 23% free, 52MB/68MB, paused 598us total 29.263ms
08-03 21:21:24.823 17925 17938 I art     : Starting a blocking GC Explicit
08-03 21:21:24.849 17925 17938 I art     : Explicit concurrent mark sweep GC freed 20(704B) AllocSpace objects, 0(0B) LOS objects, 23% free, 52MB/68MB, paused 583us total 26.423ms
08-03 21:21:24.860 17925 17938 I art     : Starting a blocking GC Explicit
08-03 21:21:24.888 17925 17938 I art     : Explicit concurrent mark sweep GC freed 3(96B) AllocSpace objects, 0(0B) LOS objects, 23% free, 52MB/68MB, paused 573us total 27.427ms
08-03 21:21:24.899 17925 17938 I art     : Starting a blocking GC Explicit
08-03 21:21:24.927 17925 17938 I art     : Explicit concurrent mark sweep GC freed 3(96B) AllocSpace objects, 0(0B) LOS objects, 23% free, 52MB/68MB, paused 562us total 27.384ms
08-03 21:21:24.938 17925 17938 I art     : Starting a blocking GC Explicit
08-03 21:21:24.964 17925 17938 I art     : Explicit concurrent mark sweep GC freed 3(96B) AllocSpace objects, 0(0B) LOS objects, 23% free, 52MB/68MB, paused 585us total 26.092ms
08-03 21:21:25.252 17925 18034 I art     : Starting a blocking GC Explicit
08-03 21:21:25.280 17925 18034 I art     : Explicit concurrent mark sweep GC freed 1340(78KB) AllocSpace objects, 1(20KB) LOS objects, 23% free, 52MB/68MB, paused 615us total 27.904ms
08-03 21:21:25.295 17925 18034 I art     : Starting a blocking GC Explicit
08-03 21:21:25.321 17925 18034 I art     : Explicit concurrent mark sweep GC freed 20(704B) AllocSpace objects, 0(0B) LOS objects, 23% free, 52MB/68MB, paused 559us total 25.815ms
08-03 21:21:25.332 17925 18034 I art     : Starting a blocking GC Explicit
08-03 21:21:25.359 17925 18034 I art     : Explicit concurrent mark sweep GC freed 3(96B) AllocSpace objects, 0(0B) LOS objects, 23% free, 52MB/68MB, paused 600us total 26.463ms
08-03 21:21:25.370 17925 18034 I art     : Starting a blocking GC Explicit
08-03 21:21:25.397 17925 18034 I art     : Explicit concurrent mark sweep GC freed 3(96B) AllocSpace objects, 0(0B) LOS objects, 23% free, 52MB/68MB, paused 611us total 26.876ms
08-03 21:21:25.408 17925 18034 I art     : Starting a blocking GC Explicit
08-03 21:21:25.434 17925 18034 I art     : Explicit concurrent mark sweep GC freed 3(96B) AllocSpace objects, 0(0B) LOS objects, 23% free, 52MB/68MB, paused 595us total 25.898ms
08-03 21:21:25.553 19998 19998 D AndroidRuntime: >>>>>> START com.android.internal.os.RuntimeInit uid 2000 <<<<<<
08-03 21:21:25.560 19998 19998 D AndroidRuntime: CheckJNI is OFF
08-03 21:21:25.603 19998 19998 D ICU     : No timezone override file found: /data/misc/zoneinfo/current/icu/icu_tzdata.dat
08-03 21:21:25.645 19998 19998 I Radio-JNI: register_android_hardware_Radio DONE
08-03 21:21:25.674 19998 19998 D AndroidRuntime: Calling main entry com.android.commands.input.Input
08-03 21:21:25.676 19998 19998 I Input   : injectMotionEvent: MotionEvent { action=ACTION_DOWN, actionButton=0, id[0]=0, x[0]=756.0, y[0]=1530.0, toolType[0]=TOOL_TYPE_UNKNOWN, buttonState=0, metaState=0, flags=0x0, edgeFlags=0x0, pointerCount=1, historySize=0, eventTime=652902089, downTime=652902089, deviceId=0, source=0x1002 }
08-03 21:21:25.681 19998 19998 I Input   : injectMotionEvent: MotionEvent { action=ACTION_UP, actionButton=0, id[0]=0, x[0]=756.0, y[0]=1530.0, toolType[0]=TOOL_TYPE_UNKNOWN, buttonState=0, metaState=0, flags=0x0, edgeFlags=0x0, pointerCount=1, historySize=0, eventTime=652902089, downTime=652902089, deviceId=0, source=0x1002 }
08-03 21:21:25.683 19998 19998 D AndroidRuntime: Shutting down VM
08-03 21:21:25.692   918   929 I ActivityManager: START u0 {cmp=baseline.appteam.nith.hillffair/.activities.LeaderBoardActivity} from uid 10624 on display 0
08-03 21:21:25.693   512  2967 D audio_hw_primary: out_set_parameters: enter: usecase(1: low-latency-playback) kvpairs: routing=2
08-03 21:21:25.706   512  2967 D audio_hw_primary: select_devices: out_snd_device(2: speaker) in_snd_device(0: none)
08-03 21:21:25.706   512  2967 D msm8974_platform: platform_send_audio_calibration: sending audio calibration for snd_device(2) acdb_id(15)
08-03 21:21:25.706   512  2967 I soundtrigger: audio_extn_sound_trigger_update_device_status: device 0x2 of type 0 for Event 1
08-03 21:21:25.716   512  2967 D audio_hw_primary: enable_snd_device: snd_device(2: speaker)
08-03 21:21:25.719   512  2967 D audio_hw_primary: enable_audio_route: apply and update mixer path: low-latency-playback speaker
08-03 21:21:25.752 17925 17937 I art     : Starting a blocking GC Explicit
08-03 21:21:25.780 17925 17937 I art     : Explicit concurrent mark sweep GC freed 6225(367KB) AllocSpace objects, 1(20KB) LOS objects, 23% free, 52MB/68MB, paused 767us total 27.028ms
08-03 21:21:25.790 17925 17937 I art     : Starting a blocking GC Explicit
08-03 21:21:25.811 17925 17925 E RecyclerView: No adapter attached; skipping layout
08-03 21:21:25.815 17925 17937 I art     : Explicit concurrent mark sweep GC freed 335(16KB) AllocSpace objects, 0(0B) LOS objects, 23% free, 52MB/68MB, paused 699us total 24.362ms
08-03 21:21:25.818 17925 17925 E RecyclerView: No adapter attached; skipping layout
08-03 21:21:25.826 17925 17937 I art     : Starting a blocking GC Explicit
08-03 21:21:25.846   918   936 I ActivityManager: Displayed baseline.appteam.nith.hillffair/.activities.LeaderBoardActivity: +143ms
08-03 21:21:25.849 13866 13866 I GoogleInputMethodServic: GoogleInputMethodService.onFinishInput():3138 
08-03 21:21:25.849 13866 13866 I GoogleInputMethodServic: GoogleInputMethodService.onStartInput():1808 
08-03 21:21:25.849 17925 17925 E RecyclerView: No adapter attached; skipping layout
08-03 21:21:25.856 17925 17937 I art     : Explicit concurrent mark sweep GC freed 150(5KB) AllocSpace objects, 0(0B) LOS objects, 23% free, 52MB/68MB, paused 801us total 29.462ms
08-03 21:21:25.869 17925 17937 I art     : Starting a blocking GC Explicit
08-03 21:21:25.875 17925 17948 D OpenGLRenderer: endAllStagingAnimators on 0x7f994b5800 (RippleDrawable) with handle 0x7f805b7580
08-03 21:21:25.894 17925 17937 I art     : Explicit concurrent mark sweep GC freed 33(1424B) AllocSpace objects, 0(0B) LOS objects, 23% free, 52MB/68MB, paused 632us total 24.410ms
08-03 21:21:25.905 17925 17937 I art     : Starting a blocking GC Explicit
08-03 21:21:25.929 17925 17937 I art     : Explicit concurrent mark sweep GC freed 18(592B) AllocSpace objects, 0(0B) LOS objects, 23% free, 52MB/68MB, paused 594us total 24.302ms
08-03 21:21:26.089   380   380 W SurfaceFlinger: couldn't log to binary event log: overflow.
08-03 21:21:26.219 17925 18017 I art     : Starting a blocking GC Explicit
08-03 21:21:26.231 17925 20031 D OkHttp  : --> GET https://api-hillfair-2k16.herokuapp.com/api/app/quiz/leaderboard?from=1 http/1.1
08-03 21:21:26.246 17925 18017 I art     : Explicit concurrent mark sweep GC freed 4049(218KB) AllocSpace objects, 4(220KB) LOS objects, 23% free, 52MB/68MB, paused 715us total 26.996ms
08-03 21:21:26.256 17925 18017 I art     : Starting a blocking GC Explicit
08-03 21:21:26.269   512  2967 D audio_hw_primary: disable_audio_route: reset and update mixer path: low-latency-playback speaker
08-03 21:21:26.270 17925 20031 D OkHttp  : <-- 200 OK https://api-hillfair-2k16.herokuapp.com/api/app/quiz/leaderboard?from=1 (38ms, 56744-byte body)
08-03 21:21:26.271   512  2967 D audio_hw_primary: disable_snd_device: snd_device(2: speaker)
08-03 21:21:26.278   512  2967 I soundtrigger: audio_extn_sound_trigger_update_device_status: device 0x2 of type 0 for Event 0
08-03 21:21:26.279 17925 18017 I art     : Explicit concurrent mark sweep GC freed 1193(153KB) AllocSpace objects, 0(0B) LOS objects, 23% free, 52MB/68MB, paused 600us total 22.830ms
08-03 21:21:26.290 17925 18017 I art     : Starting a blocking GC Explicit
08-03 21:21:26.316 17925 18017 I art     : Explicit concurrent mark sweep GC freed 13730(623KB) AllocSpace objects, 0(0B) LOS objects, 23% free, 52MB/68MB, paused 691us total 25.663ms
08-03 21:21:26.326 17925 18017 I art     : Starting a blocking GC Explicit
08-03 21:21:26.352 17925 18017 I art     : Explicit concurrent mark sweep GC freed 10995(498KB) AllocSpace objects, 0(0B) LOS objects, 23% free, 52MB/68MB, paused 585us total 25.203ms
08-03 21:21:26.356 17925 17925 I NAPPA_EXPERIMENTATION: MetricNetworkRequestExecutionTime: REQUEST_DURATION_SYSTEM='620',REQUEST_DURATION_OKHTTP='39',REQUEST_SYNCHRONOUS='FALSE',RESPONSE_CODE='200',RESPONSE_METHOD='GET',RESPONSE_LENGTH_OKHTTP='56744',RESPONSE_LENGTH_HEADER='56744',REQUEST_PROTOCOL='http/1.1',REQUEST_URL='https://api-hillfair-2k16.herokuapp.com/api/app/quiz/leaderboard?from=1',
08-03 21:21:26.362 17925 18017 I art     : Starting a blocking GC Explicit
08-03 21:21:26.387 17925 18017 I art     : Explicit concurrent mark sweep GC freed 579(47KB) AllocSpace objects, 0(0B) LOS objects, 23% free, 52MB/68MB, paused 993us total 25.105ms
08-03 21:21:26.671 17925 17937 I art     : Starting a blocking GC Explicit
08-03 21:21:26.702 17925 17937 I art     : Explicit concurrent mark sweep GC freed 2335(116KB) AllocSpace objects, 1(20KB) LOS objects, 23% free, 52MB/68MB, paused 575us total 30.325ms
08-03 21:21:26.713 17925 17937 I art     : Starting a blocking GC Explicit
08-03 21:21:26.742 17925 17937 I art     : Explicit concurrent mark sweep GC freed 34(1376B) AllocSpace objects, 0(0B) LOS objects, 23% free, 52MB/68MB, paused 602us total 28.819ms
08-03 21:21:26.754 17925 17937 I art     : Starting a blocking GC Explicit
08-03 21:21:26.782 17925 17937 I art     : Explicit concurrent mark sweep GC freed 3(96B) AllocSpace objects, 0(0B) LOS objects, 23% free, 52MB/68MB, paused 564us total 28.622ms
08-03 21:21:26.794 17925 17937 I art     : Starting a blocking GC Explicit
08-03 21:21:26.823 17925 17937 I art     : Explicit concurrent mark sweep GC freed 3(96B) AllocSpace objects, 0(0B) LOS objects, 23% free, 52MB/68MB, paused 619us total 28.419ms
08-03 21:21:26.835 17925 17937 I art     : Starting a blocking GC Explicit
08-03 21:21:26.864 17925 17937 I art     : Explicit concurrent mark sweep GC freed 3(96B) AllocSpace objects, 0(0B) LOS objects, 23% free, 52MB/68MB, paused 608us total 29.035ms
08-03 21:21:27.164 17925 18827 I art     : Starting a blocking GC Explicit
08-03 21:21:27.204 17925 18827 I art     : Explicit concurrent mark sweep GC freed 1344(78KB) AllocSpace objects, 1(20KB) LOS objects, 23% free, 52MB/68MB, paused 634us total 39.445ms
08-03 21:21:27.218 17925 18827 I art     : Starting a blocking GC Explicit
08-03 21:21:27.247 17925 18827 I art     : Explicit concurrent mark sweep GC freed 20(704B) AllocSpace objects, 0(0B) LOS objects, 23% free, 52MB/68MB, paused 656us total 28.045ms
08-03 21:21:27.258 17925 18827 I art     : Starting a blocking GC Explicit
08-03 21:21:27.287 17925 18827 I art     : Explicit concurrent mark sweep GC freed 3(96B) AllocSpace objects, 0(0B) LOS objects, 23% free, 52MB/68MB, paused 612us total 28.279ms
08-03 21:21:27.298 17925 18827 I art     : Starting a blocking GC Explicit
08-03 21:21:27.326 17925 18827 I art     : Explicit concurrent mark sweep GC freed 3(96B) AllocSpace objects, 0(0B) LOS objects, 23% free, 52MB/68MB, paused 612us total 28.206ms
08-03 21:21:27.338 17925 18827 I art     : Starting a blocking GC Explicit
08-03 21:21:27.367 17925 18827 I art     : Explicit concurrent mark sweep GC freed 3(96B) AllocSpace objects, 0(0B) LOS objects, 23% free, 52MB/68MB, paused 677us total 28.725ms
08-03 21:21:27.717 17925 18017 I art     : Starting a blocking GC Explicit
08-03 21:21:27.752 17925 18017 I art     : Explicit concurrent mark sweep GC freed 1344(78KB) AllocSpace objects, 1(20KB) LOS objects, 23% free, 52MB/68MB, paused 650us total 34.429ms
08-03 21:21:27.766 17925 18017 I art     : Starting a blocking GC Explicit
08-03 21:21:27.798 17925 18017 I art     : Explicit concurrent mark sweep GC freed 20(704B) AllocSpace objects, 0(0B) LOS objects, 23% free, 52MB/68MB, paused 675us total 31.600ms
08-03 21:21:27.809 17925 18017 I art     : Starting a blocking GC Explicit
08-03 21:21:27.840 17925 18017 I art     : Explicit concurrent mark sweep GC freed 3(96B) AllocSpace objects, 0(0B) LOS objects, 23% free, 52MB/68MB, paused 716us total 30.711ms
08-03 21:21:27.852 17925 18017 I art     : Starting a blocking GC Explicit
08-03 21:21:27.884 17925 18017 I art     : Explicit concurrent mark sweep GC freed 3(96B) AllocSpace objects, 0(0B) LOS objects, 23% free, 52MB/68MB, paused 627us total 31.600ms
08-03 21:21:27.896 17925 18017 I art     : Starting a blocking GC Explicit
08-03 21:21:27.926 17925 18017 I art     : Explicit concurrent mark sweep GC freed 3(96B) AllocSpace objects, 0(0B) LOS objects, 23% free, 52MB/68MB, paused 635us total 29.990ms
08-03 21:21:28.233 17925 17938 I art     : Starting a blocking GC Explicit
08-03 21:21:28.268 17925 17938 I art     : Explicit concurrent mark sweep GC freed 1344(78KB) AllocSpace objects, 1(20KB) LOS objects, 23% free, 52MB/68MB, paused 854us total 34.292ms
08-03 21:21:28.282 17925 17938 I art     : Starting a blocking GC Explicit
08-03 21:21:28.312 17925 17938 I art     : Explicit concurrent mark sweep GC freed 20(704B) AllocSpace objects, 0(0B) LOS objects, 23% free, 52MB/68MB, paused 612us total 29.957ms
08-03 21:21:28.324 17925 17938 I art     : Starting a blocking GC Explicit
08-03 21:21:28.355 17925 17938 I art     : Explicit concurrent mark sweep GC freed 3(96B) AllocSpace objects, 0(0B) LOS objects, 23% free, 52MB/68MB, paused 625us total 30.888ms
08-03 21:21:28.367 17925 17938 I art     : Starting a blocking GC Explicit
08-03 21:21:28.399 17925 17938 I art     : Explicit concurrent mark sweep GC freed 3(96B) AllocSpace objects, 0(0B) LOS objects, 23% free, 52MB/68MB, paused 635us total 31.420ms
08-03 21:21:28.411 17925 17938 I art     : Starting a blocking GC Explicit
08-03 21:21:28.441 17925 17938 I art     : Explicit concurrent mark sweep GC freed 3(96B) AllocSpace objects, 0(0B) LOS objects, 23% free, 52MB/68MB, paused 618us total 30.068ms
08-03 21:21:28.789 17925 18034 I art     : Starting a blocking GC Explicit
08-03 21:21:28.825 17925 18034 I art     : Explicit concurrent mark sweep GC freed 1344(78KB) AllocSpace objects, 1(20KB) LOS objects, 23% free, 52MB/68MB, paused 599us total 35.592ms
08-03 21:21:28.836 17925 18034 I art     : Starting a blocking GC Explicit
08-03 21:21:28.868 17925 18034 I art     : Explicit concurrent mark sweep GC freed 20(704B) AllocSpace objects, 0(0B) LOS objects, 23% free, 52MB/68MB, paused 682us total 31.218ms
08-03 21:21:28.880 17925 18034 I art     : Starting a blocking GC Explicit
08-03 21:21:28.911 17925 18034 I art     : Explicit concurrent mark sweep GC freed 3(96B) AllocSpace objects, 0(0B) LOS objects, 23% free, 52MB/68MB, paused 626us total 30.658ms
08-03 21:21:28.922 17925 18034 I art     : Starting a blocking GC Explicit
08-03 21:21:28.952 17925 18034 I art     : Explicit concurrent mark sweep GC freed 3(96B) AllocSpace objects, 0(0B) LOS objects, 23% free, 52MB/68MB, paused 615us total 29.632ms
08-03 21:21:28.964 17925 18034 I art     : Starting a blocking GC Explicit
08-03 21:21:28.996 17925 18034 I art     : Explicit concurrent mark sweep GC freed 3(96B) AllocSpace objects, 0(0B) LOS objects, 23% free, 52MB/68MB, paused 617us total 31.537ms
08-03 21:21:29.337 17925 17937 I art     : Starting a blocking GC Explicit
08-03 21:21:29.374 17925 17937 I art     : Explicit concurrent mark sweep GC freed 1344(78KB) AllocSpace objects, 1(20KB) LOS objects, 23% free, 52MB/68MB, paused 691us total 36.777ms
08-03 21:21:29.391 17925 17937 I art     : Starting a blocking GC Explicit
08-03 21:21:29.420 17925 17937 I art     : Explicit concurrent mark sweep GC freed 20(704B) AllocSpace objects, 0(0B) LOS objects, 23% free, 52MB/68MB, paused 567us total 29.075ms
08-03 21:21:29.431 17925 17937 I art     : Starting a blocking GC Explicit
08-03 21:21:29.463 17925 17937 I art     : Explicit concurrent mark sweep GC freed 3(96B) AllocSpace objects, 0(0B) LOS objects, 23% free, 52MB/68MB, paused 620us total 31.489ms
08-03 21:21:29.475 17925 17937 I art     : Starting a blocking GC Explicit
08-03 21:21:29.507 17925 17937 I art     : Explicit concurrent mark sweep GC freed 3(96B) AllocSpace objects, 0(0B) LOS objects, 23% free, 52MB/68MB, paused 749us total 31.684ms
08-03 21:21:29.519 17925 17937 I art     : Starting a blocking GC Explicit
08-03 21:21:29.549 17925 17937 I art     : Explicit concurrent mark sweep GC freed 3(96B) AllocSpace objects, 0(0B) LOS objects, 23% free, 52MB/68MB, paused 601us total 29.531ms
08-03 21:21:29.899 17925 18827 I art     : Starting a blocking GC Explicit
08-03 21:21:29.934 17925 18827 I art     : Explicit concurrent mark sweep GC freed 1344(78KB) AllocSpace objects, 1(20KB) LOS objects, 23% free, 52MB/68MB, paused 576us total 34.715ms
08-03 21:21:29.945 17925 18827 I art     : Starting a blocking GC Explicit
08-03 21:21:29.971 17925 18827 I art     : Explicit concurrent mark sweep GC freed 20(704B) AllocSpace objects, 0(0B) LOS objects, 23% free, 52MB/68MB, paused 596us total 25.842ms
08-03 21:21:29.981 17925 18827 I art     : Starting a blocking GC Explicit
08-03 21:21:30.008 17925 18827 I art     : Explicit concurrent mark sweep GC freed 7(224B) AllocSpace objects, 0(0B) LOS objects, 23% free, 52MB/68MB, paused 598us total 26.635ms
08-03 21:21:30.019 17925 18827 I art     : Starting a blocking GC Explicit
08-03 21:21:30.046 17925 18827 I art     : Explicit concurrent mark sweep GC freed 12(576B) AllocSpace objects, 0(0B) LOS objects, 23% free, 52MB/68MB, paused 598us total 26.372ms
08-03 21:21:30.057 17925 18827 I art     : Starting a blocking GC Explicit
08-03 21:21:30.084 17925 18827 I art     : Explicit concurrent mark sweep GC freed 17(528B) AllocSpace objects, 0(0B) LOS objects, 23% free, 52MB/68MB, paused 650us total 27.309ms
08-03 21:21:30.414 17925 18017 I art     : Starting a blocking GC Explicit
08-03 21:21:30.447 17925 18017 I art     : Explicit concurrent mark sweep GC freed 1344(78KB) AllocSpace objects, 1(20KB) LOS objects, 23% free, 52MB/68MB, paused 656us total 32.689ms
08-03 21:21:30.460 17925 18017 I art     : Starting a blocking GC Explicit
08-03 21:21:30.480 20117 20117 D AndroidRuntime: >>>>>> START com.android.internal.os.RuntimeInit uid 2000 <<<<<<
08-03 21:21:30.486 20117 20117 D AndroidRuntime: CheckJNI is OFF
08-03 21:21:30.490 17925 18017 I art     : Explicit concurrent mark sweep GC freed 20(704B) AllocSpace objects, 0(0B) LOS objects, 23% free, 52MB/68MB, paused 643us total 29.402ms
08-03 21:21:30.501 17925 18017 I art     : Starting a blocking GC Explicit
08-03 21:21:30.529 17925 18017 I art     : Explicit concurrent mark sweep GC freed 3(96B) AllocSpace objects, 0(0B) LOS objects, 23% free, 52MB/68MB, paused 664us total 28.003ms
08-03 21:21:30.532 20117 20117 D ICU     : No timezone override file found: /data/misc/zoneinfo/current/icu/icu_tzdata.dat
08-03 21:21:30.541 17925 18017 I art     : Starting a blocking GC Explicit
08-03 21:21:30.570 17925 18017 I art     : Explicit concurrent mark sweep GC freed 3(96B) AllocSpace objects, 0(0B) LOS objects, 23% free, 52MB/68MB, paused 620us total 27.941ms
08-03 21:21:30.576 20117 20117 I Radio-JNI: register_android_hardware_Radio DONE
08-03 21:21:30.581 17925 18017 I art     : Starting a blocking GC Explicit
08-03 21:21:30.606 20117 20117 D AndroidRuntime: Calling main entry com.android.commands.input.Input
08-03 21:21:30.608 20117 20117 I Input   : injectKeyEvent: KeyEvent { action=ACTION_DOWN, keyCode=KEYCODE_BACK, scanCode=0, metaState=0, flags=0x0, repeatCount=0, eventTime=652907021, downTime=652907021, deviceId=-1, source=0x101 }
08-03 21:21:30.610 17925 18017 I art     : Explicit concurrent mark sweep GC freed 3(96B) AllocSpace objects, 0(0B) LOS objects, 23% free, 52MB/68MB, paused 600us total 28.780ms
08-03 21:21:30.616 20117 20117 I Input   : injectKeyEvent: KeyEvent { action=ACTION_UP, keyCode=KEYCODE_BACK, scanCode=0, metaState=0, flags=0x0, repeatCount=0, eventTime=652907021, downTime=652907021, deviceId=-1, source=0x101 }
08-03 21:21:30.621 20117 20117 D AndroidRuntime: Shutting down VM
08-03 21:21:30.663 13866 13866 I GoogleInputMethodServic: GoogleInputMethodService.onFinishInput():3138 
08-03 21:21:30.664 13866 13866 I GoogleInputMethodServic: GoogleInputMethodService.onStartInput():1808 
08-03 21:21:30.905 17925 17938 I art     : Starting a blocking GC Explicit
08-03 21:21:30.940 17925 17938 I art     : Explicit concurrent mark sweep GC freed 1482(84KB) AllocSpace objects, 1(20KB) LOS objects, 23% free, 52MB/68MB, paused 595us total 34.252ms
08-03 21:21:30.953 17925 17938 I art     : Starting a blocking GC Explicit
08-03 21:21:30.976   380   380 W SurfaceFlinger: couldn't log to binary event log: overflow.
08-03 21:21:30.983 17925 17938 I art     : Explicit concurrent mark sweep GC freed 121(8KB) AllocSpace objects, 0(0B) LOS objects, 23% free, 52MB/68MB, paused 696us total 29.202ms
08-03 21:21:30.995 17925 17938 I art     : Starting a blocking GC Explicit
08-03 21:21:31.021 17925 17938 I art     : Explicit concurrent mark sweep GC freed 27(1264B) AllocSpace objects, 0(0B) LOS objects, 23% free, 52MB/68MB, paused 561us total 25.141ms
08-03 21:21:31.031 17925 17938 I art     : Starting a blocking GC Explicit
08-03 21:21:31.057 17925 17938 I art     : Explicit concurrent mark sweep GC freed 4681(268KB) AllocSpace objects, 2(140KB) LOS objects, 23% free, 52MB/68MB, paused 571us total 25.335ms
08-03 21:21:31.067 17925 17938 I art     : Starting a blocking GC Explicit
08-03 21:21:31.091 17925 17938 I art     : Explicit concurrent mark sweep GC freed 3(96B) AllocSpace objects, 0(0B) LOS objects, 23% free, 52MB/68MB, paused 577us total 23.935ms
08-03 21:21:31.167   918  3261 D WifiStateMachine: starting scan for "H369AA63323"WPA_PSK with 2412,5180
08-03 21:21:31.392 17925 18034 I art     : Starting a blocking GC Explicit
08-03 21:21:31.425 17925 18034 I art     : Explicit concurrent mark sweep GC freed 1344(78KB) AllocSpace objects, 1(20KB) LOS objects, 23% free, 52MB/68MB, paused 629us total 32.068ms
08-03 21:21:31.440 17925 18034 I art     : Starting a blocking GC Explicit
08-03 21:21:31.467 17925 18034 I art     : Explicit concurrent mark sweep GC freed 20(704B) AllocSpace objects, 0(0B) LOS objects, 23% free, 52MB/68MB, paused 591us total 26.576ms
08-03 21:21:31.478 17925 18034 I art     : Starting a blocking GC Explicit
08-03 21:21:31.504 17925 18034 I art     : Explicit concurrent mark sweep GC freed 3(96B) AllocSpace objects, 0(0B) LOS objects, 23% free, 52MB/68MB, paused 578us total 26.438ms
08-03 21:21:31.516 17925 18034 I art     : Starting a blocking GC Explicit
08-03 21:21:31.542 17925 18034 I art     : Explicit concurrent mark sweep GC freed 3(96B) AllocSpace objects, 0(0B) LOS objects, 23% free, 52MB/68MB, paused 597us total 25.703ms
08-03 21:21:31.553 17925 18034 I art     : Starting a blocking GC Explicit
08-03 21:21:31.580 17925 18034 I art     : Explicit concurrent mark sweep GC freed 3(96B) AllocSpace objects, 0(0B) LOS objects, 23% free, 52MB/68MB, paused 588us total 26.693ms
08-03 21:21:31.889 17925 17937 I art     : Starting a blocking GC Explicit
08-03 21:21:31.915 17925 17937 I art     : Explicit concurrent mark sweep GC freed 1343(78KB) AllocSpace objects, 1(20KB) LOS objects, 23% free, 52MB/68MB, paused 597us total 25.942ms
08-03 21:21:31.926 17925 17937 I art     : Starting a blocking GC Explicit
08-03 21:21:31.952 17925 17937 I art     : Explicit concurrent mark sweep GC freed 20(704B) AllocSpace objects, 0(0B) LOS objects, 23% free, 52MB/68MB, paused 592us total 25.674ms
08-03 21:21:31.963 17925 17937 I art     : Starting a blocking GC Explicit
08-03 21:21:31.989 17925 17937 I art     : Explicit concurrent mark sweep GC freed 3(96B) AllocSpace objects, 0(0B) LOS objects, 23% free, 52MB/68MB, paused 588us total 25.030ms
08-03 21:21:31.999 17925 17937 I art     : Starting a blocking GC Explicit
08-03 21:21:32.025 17925 17937 I art     : Explicit concurrent mark sweep GC freed 3(96B) AllocSpace objects, 0(0B) LOS objects, 23% free, 52MB/68MB, paused 594us total 25.627ms
08-03 21:21:32.036 17925 17937 I art     : Starting a blocking GC Explicit
08-03 21:21:32.062 17925 17937 I art     : Explicit concurrent mark sweep GC freed 3(96B) AllocSpace objects, 0(0B) LOS objects, 23% free, 52MB/68MB, paused 583us total 25.540ms
08-03 21:21:32.365 17925 18827 I art     : Starting a blocking GC Explicit
08-03 21:21:32.392 17925 18827 I art     : Explicit concurrent mark sweep GC freed 1358(78KB) AllocSpace objects, 1(20KB) LOS objects, 23% free, 52MB/68MB, paused 592us total 26.719ms
08-03 21:21:32.404 17925 18827 I art     : Starting a blocking GC Explicit
08-03 21:21:32.412 20171 20171 D AndroidRuntime: >>>>>> START com.android.internal.os.RuntimeInit uid 2000 <<<<<<
08-03 21:21:32.419 20171 20171 D AndroidRuntime: CheckJNI is OFF
08-03 21:21:32.430 17925 18827 I art     : Explicit concurrent mark sweep GC freed 25(864B) AllocSpace objects, 0(0B) LOS objects, 23% free, 52MB/68MB, paused 600us total 26.337ms
08-03 21:21:32.442 17925 18827 I art     : Starting a blocking GC Explicit
08-03 21:21:32.462 20171 20171 D ICU     : No timezone override file found: /data/misc/zoneinfo/current/icu/icu_tzdata.dat
08-03 21:21:32.466 17925 18827 I art     : Explicit concurrent mark sweep GC freed 8(256B) AllocSpace objects, 0(0B) LOS objects, 23% free, 52MB/68MB, paused 597us total 23.767ms
08-03 21:21:32.477 17925 18827 I art     : Starting a blocking GC Explicit
08-03 21:21:32.502 17925 18827 I art     : Explicit concurrent mark sweep GC freed 6(192B) AllocSpace objects, 0(0B) LOS objects, 23% free, 52MB/68MB, paused 641us total 24.718ms
08-03 21:21:32.505 20171 20171 I Radio-JNI: register_android_hardware_Radio DONE
08-03 21:21:32.512 17925 18827 I art     : Starting a blocking GC Explicit
08-03 21:21:32.534 20171 20171 D AndroidRuntime: Calling main entry com.android.commands.input.Input
08-03 21:21:32.537 20171 20171 I Input   : injectMotionEvent: MotionEvent { action=ACTION_DOWN, actionButton=0, id[0]=0, x[0]=648.0, y[0]=1050.0, toolType[0]=TOOL_TYPE_UNKNOWN, buttonState=0, metaState=0, flags=0x0, edgeFlags=0x0, pointerCount=1, historySize=0, eventTime=652908949, downTime=652908949, deviceId=0, source=0x1002 }
08-03 21:21:32.538 17925 18827 I art     : Explicit concurrent mark sweep GC freed 3(96B) AllocSpace objects, 0(0B) LOS objects, 23% free, 52MB/68MB, paused 624us total 25.375ms
08-03 21:21:32.544 20171 20171 I Input   : injectMotionEvent: MotionEvent { action=ACTION_UP, actionButton=0, id[0]=0, x[0]=648.0, y[0]=1050.0, toolType[0]=TOOL_TYPE_UNKNOWN, buttonState=0, metaState=0, flags=0x0, edgeFlags=0x0, pointerCount=1, historySize=0, eventTime=652908949, downTime=652908949, deviceId=0, source=0x1002 }
08-03 21:21:32.546 20171 20171 D AndroidRuntime: Shutting down VM
08-03 21:21:32.567   918  3670 I ActivityManager: START u0 {cmp=baseline.appteam.nith.hillffair/.activities.InformationActivity} from uid 10624 on display 0
08-03 21:21:32.567   512  2967 D audio_hw_primary: out_set_parameters: enter: usecase(1: low-latency-playback) kvpairs: routing=2
08-03 21:21:32.580   512  2967 D audio_hw_primary: select_devices: out_snd_device(2: speaker) in_snd_device(0: none)
08-03 21:21:32.580   512  2967 D msm8974_platform: platform_send_audio_calibration: sending audio calibration for snd_device(2) acdb_id(15)
08-03 21:21:32.580   512  2967 I soundtrigger: audio_extn_sound_trigger_update_device_status: device 0x2 of type 0 for Event 1
08-03 21:21:32.590   512  2967 D audio_hw_primary: enable_snd_device: snd_device(2: speaker)
08-03 21:21:32.592   512  2967 D audio_hw_primary: enable_audio_route: apply and update mixer path: low-latency-playback speaker
08-03 21:21:32.709 13866 13866 I GoogleInputMethodServic: GoogleInputMethodService.onFinishInput():3138 
08-03 21:21:32.710   918   936 I ActivityManager: Displayed baseline.appteam.nith.hillffair/.activities.InformationActivity: +133ms
08-03 21:21:32.714 13866 13866 I GoogleInputMethodServic: GoogleInputMethodService.onStartInput():1808 
08-03 21:21:32.735 17925 17948 D OpenGLRenderer: endAllStagingAnimators on 0x7f94cda400 (RippleDrawable) with handle 0x7f8056c9e0
08-03 21:21:32.823 17925 17938 I art     : Starting a blocking GC Explicit
08-03 21:21:32.850 17925 17938 I art     : Explicit concurrent mark sweep GC freed 2371(156KB) AllocSpace objects, 1(20KB) LOS objects, 23% free, 52MB/68MB, paused 638us total 27.307ms
08-03 21:21:32.862 17925 17938 I art     : Starting a blocking GC Explicit
08-03 21:21:32.892 17925 17938 I art     : Explicit concurrent mark sweep GC freed 185(8KB) AllocSpace objects, 0(0B) LOS objects, 23% free, 52MB/68MB, paused 588us total 29.209ms
08-03 21:21:32.905 17925 17938 I art     : Starting a blocking GC Explicit
08-03 21:21:32.935 17925 17938 I art     : Explicit concurrent mark sweep GC freed 6(192B) AllocSpace objects, 0(0B) LOS objects, 23% free, 52MB/68MB, paused 730us total 30.333ms
08-03 21:21:32.948 17925 17938 I art     : Starting a blocking GC Explicit
08-03 21:21:32.962   380   380 W SurfaceFlinger: couldn't log to binary event log: overflow.
08-03 21:21:32.977 17925 17938 I art     : Explicit concurrent mark sweep GC freed 5(160B) AllocSpace objects, 0(0B) LOS objects, 23% free, 52MB/68MB, paused 622us total 28.487ms
08-03 21:21:32.987 17925 17938 I art     : Starting a blocking GC Explicit
08-03 21:21:33.010 17925 17938 I art     : Explicit concurrent mark sweep GC freed 6(192B) AllocSpace objects, 0(0B) LOS objects, 23% free, 52MB/68MB, paused 555us total 23.199ms
08-03 21:21:33.129   512  2967 D audio_hw_primary: disable_audio_route: reset and update mixer path: low-latency-playback speaker
08-03 21:21:33.130   512  2967 D audio_hw_primary: disable_snd_device: snd_device(2: speaker)
08-03 21:21:33.142   512  2967 I soundtrigger: audio_extn_sound_trigger_update_device_status: device 0x2 of type 0 for Event 0
08-03 21:21:33.304 17925 18017 I art     : Starting a blocking GC Explicit
08-03 21:21:33.337 17925 18017 I art     : Explicit concurrent mark sweep GC freed 1494(86KB) AllocSpace objects, 1(20KB) LOS objects, 23% free, 52MB/68MB, paused 769us total 33.087ms
08-03 21:21:33.350 17925 18017 I art     : Starting a blocking GC Explicit
08-03 21:21:33.377 17925 18017 I art     : Explicit concurrent mark sweep GC freed 28(960B) AllocSpace objects, 0(0B) LOS objects, 23% free, 52MB/68MB, paused 667us total 26.842ms
08-03 21:21:33.388 17925 18017 I art     : Starting a blocking GC Explicit
08-03 21:21:33.416 17925 18017 I art     : Explicit concurrent mark sweep GC freed 3(96B) AllocSpace objects, 0(0B) LOS objects, 23% free, 52MB/68MB, paused 587us total 27.291ms
08-03 21:21:33.427 17925 18017 I art     : Starting a blocking GC Explicit
08-03 21:21:33.455 17925 18017 I art     : Explicit concurrent mark sweep GC freed 3(96B) AllocSpace objects, 0(0B) LOS objects, 23% free, 52MB/68MB, paused 596us total 27.418ms
08-03 21:21:33.466 17925 18017 I art     : Starting a blocking GC Explicit
08-03 21:21:33.493 17925 18017 I art     : Explicit concurrent mark sweep GC freed 3(96B) AllocSpace objects, 0(0B) LOS objects, 23% free, 52MB/68MB, paused 589us total 26.939ms
08-03 21:21:33.804 17925 17938 I art     : Starting a blocking GC Explicit
08-03 21:21:33.842 17925 17938 I art     : Explicit concurrent mark sweep GC freed 1344(78KB) AllocSpace objects, 1(20KB) LOS objects, 23% free, 52MB/68MB, paused 839us total 38.047ms
08-03 21:21:33.856 17925 17938 I art     : Starting a blocking GC Explicit
08-03 21:21:33.883 17925 17938 I art     : Explicit concurrent mark sweep GC freed 20(704B) AllocSpace objects, 0(0B) LOS objects, 23% free, 52MB/68MB, paused 590us total 27.323ms
08-03 21:21:33.895 17925 17938 I art     : Starting a blocking GC Explicit
08-03 21:21:33.922 17925 17938 I art     : Explicit concurrent mark sweep GC freed 3(96B) AllocSpace objects, 0(0B) LOS objects, 23% free, 52MB/68MB, paused 589us total 27.323ms
08-03 21:21:33.933 17925 17938 I art     : Starting a blocking GC Explicit
08-03 21:21:33.960 17925 17938 I art     : Explicit concurrent mark sweep GC freed 3(96B) AllocSpace objects, 0(0B) LOS objects, 23% free, 52MB/68MB, paused 603us total 26.615ms
08-03 21:21:33.972 17925 17938 I art     : Starting a blocking GC Explicit
08-03 21:21:33.999 17925 17938 I art     : Explicit concurrent mark sweep GC freed 3(96B) AllocSpace objects, 0(0B) LOS objects, 23% free, 52MB/68MB, paused 603us total 27.126ms
08-03 21:21:34.261 16351 16351 I ServiceManager: Waiting for service AtCmdFwd...
08-03 21:21:34.311 17925 18827 I art     : Starting a blocking GC Explicit
08-03 21:21:34.339 17925 18827 I art     : Explicit concurrent mark sweep GC freed 1359(78KB) AllocSpace objects, 1(20KB) LOS objects, 23% free, 52MB/68MB, paused 634us total 27.909ms
08-03 21:21:34.351 17925 18827 I art     : Starting a blocking GC Explicit
08-03 21:21:34.379 17925 18827 I art     : Explicit concurrent mark sweep GC freed 24(832B) AllocSpace objects, 0(0B) LOS objects, 23% free, 52MB/68MB, paused 552us total 27.956ms
08-03 21:21:34.390 17925 18827 I art     : Starting a blocking GC Explicit
08-03 21:21:34.417 17925 18827 I art     : Explicit concurrent mark sweep GC freed 9(288B) AllocSpace objects, 0(0B) LOS objects, 23% free, 52MB/68MB, paused 669us total 26.445ms
08-03 21:21:34.429 17925 18827 I art     : Starting a blocking GC Explicit
08-03 21:21:34.457 17925 18827 I art     : Explicit concurrent mark sweep GC freed 7(224B) AllocSpace objects, 0(0B) LOS objects, 23% free, 52MB/68MB, paused 665us total 27.753ms
08-03 21:21:34.468 17925 18827 I art     : Starting a blocking GC Explicit
08-03 21:21:34.496 17925 18827 I art     : Explicit concurrent mark sweep GC freed 4(128B) AllocSpace objects, 0(0B) LOS objects, 23% free, 52MB/68MB, paused 584us total 27.239ms
08-03 21:21:34.848 17925 17937 I art     : Starting a blocking GC Explicit
08-03 21:21:34.884 17925 17937 I art     : Explicit concurrent mark sweep GC freed 1344(78KB) AllocSpace objects, 1(20KB) LOS objects, 23% free, 52MB/68MB, paused 647us total 35.425ms
08-03 21:21:34.898 17925 17937 I art     : Starting a blocking GC Explicit
08-03 21:21:34.927 17925 17937 I art     : Explicit concurrent mark sweep GC freed 20(704B) AllocSpace objects, 0(0B) LOS objects, 23% free, 52MB/68MB, paused 668us total 28.765ms
08-03 21:21:34.939 17925 17937 I art     : Starting a blocking GC Explicit
08-03 21:21:34.969 17925 17937 I art     : Explicit concurrent mark sweep GC freed 3(96B) AllocSpace objects, 0(0B) LOS objects, 23% free, 52MB/68MB, paused 615us total 29.906ms
08-03 21:21:34.980 17925 17937 I art     : Starting a blocking GC Explicit
08-03 21:21:35.009 17925 17937 I art     : Explicit concurrent mark sweep GC freed 3(96B) AllocSpace objects, 0(0B) LOS objects, 23% free, 52MB/68MB, paused 548us total 28.764ms
08-03 21:21:35.021 17925 17937 I art     : Starting a blocking GC Explicit
08-03 21:21:35.050 17925 17937 I art     : Explicit concurrent mark sweep GC freed 3(96B) AllocSpace objects, 0(0B) LOS objects, 23% free, 52MB/68MB, paused 612us total 29.386ms
08-03 21:21:35.261 16351 16351 I ServiceManager: Waiting for service AtCmdFwd...
08-03 21:21:35.386 17925 17938 I art     : Starting a blocking GC Explicit
08-03 21:21:35.424 17925 17938 I art     : Explicit concurrent mark sweep GC freed 1344(78KB) AllocSpace objects, 1(20KB) LOS objects, 23% free, 52MB/68MB, paused 660us total 37.216ms
08-03 21:21:35.439 17925 17938 I art     : Starting a blocking GC Explicit
08-03 21:21:35.471 17925 17938 I art     : Explicit concurrent mark sweep GC freed 20(704B) AllocSpace objects, 0(0B) LOS objects, 23% free, 52MB/68MB, paused 617us total 31.750ms
08-03 21:21:35.483 17925 17938 I art     : Starting a blocking GC Explicit
08-03 21:21:35.512 17925 17938 I art     : Explicit concurrent mark sweep GC freed 3(96B) AllocSpace objects, 0(0B) LOS objects, 23% free, 52MB/68MB, paused 609us total 28.428ms
08-03 21:21:35.523 17925 17938 I art     : Starting a blocking GC Explicit
08-03 21:21:35.552 17925 17938 I art     : Explicit concurrent mark sweep GC freed 3(96B) AllocSpace objects, 0(0B) LOS objects, 23% free, 52MB/68MB, paused 611us total 29.138ms
08-03 21:21:35.564 17925 17938 I art     : Starting a blocking GC Explicit
08-03 21:21:35.594 17925 17938 I art     : Explicit concurrent mark sweep GC freed 3(96B) AllocSpace objects, 0(0B) LOS objects, 23% free, 52MB/68MB, paused 601us total 29.791ms
08-03 21:21:35.915 17925 18017 I art     : Starting a blocking GC Explicit
08-03 21:21:35.953 17925 18017 I art     : Explicit concurrent mark sweep GC freed 1344(78KB) AllocSpace objects, 1(20KB) LOS objects, 23% free, 52MB/68MB, paused 660us total 37.713ms
08-03 21:21:35.968 17925 18017 I art     : Starting a blocking GC Explicit
08-03 21:21:35.997 17925 18017 I art     : Explicit concurrent mark sweep GC freed 20(704B) AllocSpace objects, 0(0B) LOS objects, 23% free, 52MB/68MB, paused 600us total 28.720ms
08-03 21:21:36.008 17925 18017 I art     : Starting a blocking GC Explicit
08-03 21:21:36.038 17925 18017 I art     : Explicit concurrent mark sweep GC freed 3(96B) AllocSpace objects, 0(0B) LOS objects, 23% free, 52MB/68MB, paused 608us total 29.833ms
08-03 21:21:36.050 17925 18017 I art     : Starting a blocking GC Explicit
08-03 21:21:36.081 17925 18017 I art     : Explicit concurrent mark sweep GC freed 3(96B) AllocSpace objects, 0(0B) LOS objects, 23% free, 52MB/68MB, paused 600us total 30.516ms
08-03 21:21:36.092 17925 18017 I art     : Starting a blocking GC Explicit
08-03 21:21:36.120 17925 18017 I art     : Explicit concurrent mark sweep GC freed 3(96B) AllocSpace objects, 0(0B) LOS objects, 23% free, 52MB/68MB, paused 603us total 27.886ms
08-03 21:21:36.262 16351 16351 I ServiceManager: Waiting for service AtCmdFwd...
08-03 21:21:36.464 17925 18034 I art     : Starting a blocking GC Explicit
08-03 21:21:36.498 17925 18034 I art     : Explicit concurrent mark sweep GC freed 1344(78KB) AllocSpace objects, 1(20KB) LOS objects, 23% free, 52MB/68MB, paused 735us total 34.018ms
08-03 21:21:36.512 17925 18034 I art     : Starting a blocking GC Explicit
08-03 21:21:36.542 17925 18034 I art     : Explicit concurrent mark sweep GC freed 20(704B) AllocSpace objects, 0(0B) LOS objects, 23% free, 52MB/68MB, paused 605us total 29.991ms
08-03 21:21:36.553 17925 18034 I art     : Starting a blocking GC Explicit
08-03 21:21:36.584 17925 18034 I art     : Explicit concurrent mark sweep GC freed 3(96B) AllocSpace objects, 0(0B) LOS objects, 23% free, 52MB/68MB, paused 561us total 30.099ms
08-03 21:21:36.595 17925 18034 I art     : Starting a blocking GC Explicit
08-03 21:21:36.625 17925 18034 I art     : Explicit concurrent mark sweep GC freed 3(96B) AllocSpace objects, 0(0B) LOS objects, 23% free, 52MB/68MB, paused 600us total 29.591ms
08-03 21:21:36.637 17925 18034 I art     : Starting a blocking GC Explicit
08-03 21:21:36.666 17925 18034 I art     : Explicit concurrent mark sweep GC freed 3(96B) AllocSpace objects, 0(0B) LOS objects, 23% free, 52MB/68MB, paused 619us total 29.210ms
08-03 21:21:36.965 17925 18827 I art     : Starting a blocking GC Explicit
08-03 21:21:36.997 17925 18827 I art     : Explicit concurrent mark sweep GC freed 1344(78KB) AllocSpace objects, 1(20KB) LOS objects, 23% free, 52MB/68MB, paused 653us total 31.728ms
08-03 21:21:37.012 17925 18827 I art     : Starting a blocking GC Explicit
08-03 21:21:37.042 17925 18827 I art     : Explicit concurrent mark sweep GC freed 20(704B) AllocSpace objects, 0(0B) LOS objects, 23% free, 52MB/68MB, paused 634us total 29.724ms
08-03 21:21:37.053 17925 18827 I art     : Starting a blocking GC Explicit
08-03 21:21:37.081 17925 18827 I art     : Explicit concurrent mark sweep GC freed 3(96B) AllocSpace objects, 0(0B) LOS objects, 23% free, 52MB/68MB, paused 593us total 26.992ms
08-03 21:21:37.092 17925 18827 I art     : Starting a blocking GC Explicit
08-03 21:21:37.119 17925 18827 I art     : Explicit concurrent mark sweep GC freed 3(96B) AllocSpace objects, 0(0B) LOS objects, 23% free, 52MB/68MB, paused 636us total 27.352ms
08-03 21:21:37.130 17925 18827 I art     : Starting a blocking GC Explicit
08-03 21:21:37.158 17925 18827 I art     : Explicit concurrent mark sweep GC freed 3(96B) AllocSpace objects, 0(0B) LOS objects, 23% free, 52MB/68MB, paused 586us total 27.828ms
08-03 21:21:37.263 16351 16351 I ServiceManager: Waiting for service AtCmdFwd...
08-03 21:21:37.361 20275 20275 D AndroidRuntime: >>>>>> START com.android.internal.os.RuntimeInit uid 2000 <<<<<<
08-03 21:21:37.367 20275 20275 D AndroidRuntime: CheckJNI is OFF
08-03 21:21:37.408 20275 20275 D ICU     : No timezone override file found: /data/misc/zoneinfo/current/icu/icu_tzdata.dat
08-03 21:21:37.449 20275 20275 I Radio-JNI: register_android_hardware_Radio DONE
08-03 21:21:37.466 17925 17937 I art     : Starting a blocking GC Explicit
08-03 21:21:37.479 20275 20275 D AndroidRuntime: Calling main entry com.android.commands.input.Input
08-03 21:21:37.481 20275 20275 I Input   : injectKeyEvent: KeyEvent { action=ACTION_DOWN, keyCode=KEYCODE_BACK, scanCode=0, metaState=0, flags=0x0, repeatCount=0, eventTime=652913894, downTime=652913894, deviceId=-1, source=0x101 }
08-03 21:21:37.485 20275 20275 I Input   : injectKeyEvent: KeyEvent { action=ACTION_UP, keyCode=KEYCODE_BACK, scanCode=0, metaState=0, flags=0x0, repeatCount=0, eventTime=652913894, downTime=652913894, deviceId=-1, source=0x101 }
08-03 21:21:37.493 20275 20275 D AndroidRuntime: Shutting down VM
08-03 21:21:37.494 17925 17937 I art     : Explicit concurrent mark sweep GC freed 1346(78KB) AllocSpace objects, 1(20KB) LOS objects, 23% free, 52MB/68MB, paused 708us total 26.846ms
08-03 21:21:37.504 17925 17937 I art     : Starting a blocking GC Explicit
08-03 21:21:37.530 17925 17937 I art     : Explicit concurrent mark sweep GC freed 120(5KB) AllocSpace objects, 0(0B) LOS objects, 23% free, 52MB/68MB, paused 604us total 24.957ms
08-03 21:21:37.535 13866 13866 I GoogleInputMethodServic: GoogleInputMethodService.onFinishInput():3138 
08-03 21:21:37.536 13866 13866 I GoogleInputMethodServic: GoogleInputMethodService.onStartInput():1808 
08-03 21:21:37.541 17925 17937 I art     : Starting a blocking GC Explicit
08-03 21:21:37.569 17925 17937 I art     : Explicit concurrent mark sweep GC freed 38(1392B) AllocSpace objects, 0(0B) LOS objects, 23% free, 52MB/68MB, paused 593us total 27.228ms
08-03 21:21:37.581 17925 17937 I art     : Starting a blocking GC Explicit
08-03 21:21:37.605 17925 17937 I art     : Explicit concurrent mark sweep GC freed 12(416B) AllocSpace objects, 0(0B) LOS objects, 23% free, 52MB/68MB, paused 544us total 23.293ms
08-03 21:21:37.615 17925 17937 I art     : Starting a blocking GC Explicit
08-03 21:21:37.640 17925 17937 I art     : Explicit concurrent mark sweep GC freed 3(96B) AllocSpace objects, 0(0B) LOS objects, 23% free, 52MB/68MB, paused 545us total 24.364ms
08-03 21:21:37.817   380   380 W SurfaceFlinger: couldn't log to binary event log: overflow.
08-03 21:21:37.921 17925 17937 I art     : Starting a blocking GC Explicit
08-03 21:21:37.949 17925 17937 I art     : Explicit concurrent mark sweep GC freed 1454(87KB) AllocSpace objects, 1(20KB) LOS objects, 23% free, 52MB/68MB, paused 611us total 27.600ms
08-03 21:21:37.960 17925 17937 I art     : Starting a blocking GC Explicit
08-03 21:21:37.986 17925 17937 I art     : Explicit concurrent mark sweep GC freed 1401(90KB) AllocSpace objects, 1(28KB) LOS objects, 23% free, 52MB/68MB, paused 589us total 26.551ms
08-03 21:21:37.997 17925 17937 I art     : Starting a blocking GC Explicit
08-03 21:21:38.024 17925 17937 I art     : Explicit concurrent mark sweep GC freed 3(96B) AllocSpace objects, 0(0B) LOS objects, 23% free, 52MB/68MB, paused 593us total 26.144ms
08-03 21:21:38.035 17925 17937 I art     : Starting a blocking GC Explicit
08-03 21:21:38.062 17925 17937 I art     : Explicit concurrent mark sweep GC freed 3(96B) AllocSpace objects, 0(0B) LOS objects, 23% free, 52MB/68MB, paused 633us total 26.719ms
08-03 21:21:38.073 17925 17937 I art     : Starting a blocking GC Explicit
08-03 21:21:38.100 17925 17937 I art     : Explicit concurrent mark sweep GC freed 3(96B) AllocSpace objects, 0(0B) LOS objects, 23% free, 52MB/68MB, paused 585us total 26.775ms
08-03 21:21:38.263 16351 16351 I ServiceManager: Waiting for service AtCmdFwd...
08-03 21:21:38.407 17925 18017 I art     : Starting a blocking GC Explicit
08-03 21:21:38.445 17925 18017 I art     : Explicit concurrent mark sweep GC freed 1344(78KB) AllocSpace objects, 1(20KB) LOS objects, 23% free, 52MB/68MB, paused 817us total 37.428ms
08-03 21:21:38.461 17925 18017 I art     : Starting a blocking GC Explicit
08-03 21:21:38.488 17925 18017 I art     : Explicit concurrent mark sweep GC freed 20(704B) AllocSpace objects, 0(0B) LOS objects, 23% free, 52MB/68MB, paused 609us total 26.764ms
08-03 21:21:38.499 17925 18017 I art     : Starting a blocking GC Explicit
08-03 21:21:38.526 17925 18017 I art     : Explicit concurrent mark sweep GC freed 3(96B) AllocSpace objects, 0(0B) LOS objects, 23% free, 52MB/68MB, paused 591us total 26.622ms
08-03 21:21:38.537 17925 18017 I art     : Starting a blocking GC Explicit
08-03 21:21:38.564 17925 18017 I art     : Explicit concurrent mark sweep GC freed 3(96B) AllocSpace objects, 0(0B) LOS objects, 23% free, 52MB/68MB, paused 632us total 26.324ms
08-03 21:21:38.575 17925 18017 I art     : Starting a blocking GC Explicit
08-03 21:21:38.601 17925 18017 I art     : Explicit concurrent mark sweep GC freed 3(96B) AllocSpace objects, 0(0B) LOS objects, 23% free, 52MB/68MB, paused 575us total 26.019ms
08-03 21:21:38.887 17925 18827 I art     : Starting a blocking GC Explicit
08-03 21:21:38.916 17925 18827 I art     : Explicit concurrent mark sweep GC freed 1343(78KB) AllocSpace objects, 1(20KB) LOS objects, 23% free, 52MB/68MB, paused 578us total 29.152ms
08-03 21:21:38.927 17925 18827 I art     : Starting a blocking GC Explicit
08-03 21:21:38.953 17925 18827 I art     : Explicit concurrent mark sweep GC freed 20(704B) AllocSpace objects, 0(0B) LOS objects, 23% free, 52MB/68MB, paused 589us total 25.809ms
08-03 21:21:38.964 17925 18827 I art     : Starting a blocking GC Explicit
08-03 21:21:38.990 17925 18827 I art     : Explicit concurrent mark sweep GC freed 3(96B) AllocSpace objects, 0(0B) LOS objects, 23% free, 52MB/68MB, paused 585us total 25.402ms
08-03 21:21:39.000 17925 18827 I art     : Starting a blocking GC Explicit
08-03 21:21:39.026 17925 18827 I art     : Explicit concurrent mark sweep GC freed 3(96B) AllocSpace objects, 0(0B) LOS objects, 23% free, 52MB/68MB, paused 580us total 24.909ms
08-03 21:21:39.036 17925 18827 I art     : Starting a blocking GC Explicit
08-03 21:21:39.062 17925 18827 I art     : Explicit concurrent mark sweep GC freed 3(96B) AllocSpace objects, 0(0B) LOS objects, 23% free, 52MB/68MB, paused 614us total 25.490ms
08-03 21:21:39.264 16351 16351 W Atfwd_Sendcmd: AtCmdFwd service not published, waiting... retryCnt : 5
08-03 21:21:39.277 20328 20328 D AndroidRuntime: >>>>>> START com.android.internal.os.RuntimeInit uid 2000 <<<<<<
08-03 21:21:39.283 20328 20328 D AndroidRuntime: CheckJNI is OFF
08-03 21:21:39.325 20328 20328 D ICU     : No timezone override file found: /data/misc/zoneinfo/current/icu/icu_tzdata.dat
08-03 21:21:39.359 17925 17938 I art     : Starting a blocking GC Explicit
08-03 21:21:39.368 20328 20328 I Radio-JNI: register_android_hardware_Radio DONE
08-03 21:21:39.387 17925 17938 I art     : Explicit concurrent mark sweep GC freed 1373(79KB) AllocSpace objects, 1(20KB) LOS objects, 23% free, 52MB/68MB, paused 563us total 27.401ms
08-03 21:21:39.399 17925 17938 I art     : Starting a blocking GC Explicit
08-03 21:21:39.401 20328 20328 D AndroidRuntime: Calling main entry com.android.commands.input.Input
08-03 21:21:39.402 20328 20328 I Input   : injectMotionEvent: MotionEvent { action=ACTION_DOWN, actionButton=0, id[0]=0, x[0]=756.0, y[0]=1530.0, toolType[0]=TOOL_TYPE_UNKNOWN, buttonState=0, metaState=0, flags=0x0, edgeFlags=0x0, pointerCount=1, historySize=0, eventTime=652915815, downTime=652915815, deviceId=0, source=0x1002 }
08-03 21:21:39.407 20328 20328 I Input   : injectMotionEvent: MotionEvent { action=ACTION_UP, actionButton=0, id[0]=0, x[0]=756.0, y[0]=1530.0, toolType[0]=TOOL_TYPE_UNKNOWN, buttonState=0, metaState=0, flags=0x0, edgeFlags=0x0, pointerCount=1, historySize=0, eventTime=652915815, downTime=652915815, deviceId=0, source=0x1002 }
08-03 21:21:39.409 20328 20328 D AndroidRuntime: Shutting down VM
08-03 21:21:39.420   918  5481 I ActivityManager: START u0 {cmp=baseline.appteam.nith.hillffair/.activities.LeaderBoardActivity} from uid 10624 on display 0
08-03 21:21:39.423   512  2967 D audio_hw_primary: out_set_parameters: enter: usecase(1: low-latency-playback) kvpairs: routing=2
08-03 21:21:39.425 17925 17938 I art     : Explicit concurrent mark sweep GC freed 47(1632B) AllocSpace objects, 0(0B) LOS objects, 23% free, 52MB/68MB, paused 888us total 25.943ms
08-03 21:21:39.436   512  2967 D audio_hw_primary: select_devices: out_snd_device(2: speaker) in_snd_device(0: none)
08-03 21:21:39.436   512  2967 D msm8974_platform: platform_send_audio_calibration: sending audio calibration for snd_device(2) acdb_id(15)
08-03 21:21:39.436   512  2967 I soundtrigger: audio_extn_sound_trigger_update_device_status: device 0x2 of type 0 for Event 1
08-03 21:21:39.437 17925 17938 I art     : Starting a blocking GC Explicit
08-03 21:21:39.445   512  2967 D audio_hw_primary: enable_snd_device: snd_device(2: speaker)
08-03 21:21:39.447   512  2967 D audio_hw_primary: enable_audio_route: apply and update mixer path: low-latency-playback speaker
08-03 21:21:39.463 17925 17938 I art     : Explicit concurrent mark sweep GC freed 1368(77KB) AllocSpace objects, 0(0B) LOS objects, 23% free, 52MB/68MB, paused 1.074ms total 25.328ms
08-03 21:21:39.473 17925 17938 I art     : Starting a blocking GC Explicit
08-03 21:21:39.499 17925 17938 I art     : Explicit concurrent mark sweep GC freed 3802(240KB) AllocSpace objects, 0(0B) LOS objects, 23% free, 52MB/68MB, paused 680us total 25.445ms
08-03 21:21:39.509 17925 17938 I art     : Starting a blocking GC Explicit
08-03 21:21:39.512 17925 17925 E RecyclerView: No adapter attached; skipping layout
08-03 21:21:39.514 17925 17925 E RecyclerView: No adapter attached; skipping layout
08-03 21:21:39.530   918   936 I ActivityManager: Displayed baseline.appteam.nith.hillffair/.activities.LeaderBoardActivity: +99ms
08-03 21:21:39.531 13866 13866 I GoogleInputMethodServic: GoogleInputMethodService.onFinishInput():3138 
08-03 21:21:39.531 17925 17925 E RecyclerView: No adapter attached; skipping layout
08-03 21:21:39.532 13866 13866 I GoogleInputMethodServic: GoogleInputMethodService.onStartInput():1808 
08-03 21:21:39.537 17925 17938 I art     : Explicit concurrent mark sweep GC freed 290(13KB) AllocSpace objects, 0(0B) LOS objects, 23% free, 52MB/68MB, paused 1ms total 27.953ms
08-03 21:21:39.560 17925 17948 D OpenGLRenderer: endAllStagingAnimators on 0x7f994b5800 (RippleDrawable) with handle 0x7f7d750220
08-03 21:21:39.796   380   380 W SurfaceFlinger: couldn't log to binary event log: overflow.
08-03 21:21:39.839 17925 17938 I art     : Starting a blocking GC Explicit
08-03 21:21:39.863 17925 17938 I art     : Explicit concurrent mark sweep GC freed 1409(81KB) AllocSpace objects, 1(20KB) LOS objects, 23% free, 52MB/68MB, paused 607us total 23.578ms
08-03 21:21:39.873 17925 17938 I art     : Starting a blocking GC Explicit
08-03 21:21:39.898 17925 17938 I art     : Explicit concurrent mark sweep GC freed 36(1232B) AllocSpace objects, 0(0B) LOS objects, 23% free, 52MB/68MB, paused 634us total 24.200ms
08-03 21:21:39.908 17925 17938 I art     : Starting a blocking GC Explicit
08-03 21:21:39.936 17925 17938 I art     : Explicit concurrent mark sweep GC freed 947(69KB) AllocSpace objects, 2(120KB) LOS objects, 23% free, 53MB/69MB, paused 929us total 27.224ms
08-03 21:21:39.948 17925 17938 I art     : Starting a blocking GC Explicit
08-03 21:21:39.962 17925 20363 D OkHttp  : --> GET https://api-hillfair-2k16.herokuapp.com/api/app/quiz/leaderboard?from=1 http/1.1
08-03 21:21:39.973 17925 17938 I art     : Explicit concurrent mark sweep GC freed 2227(131KB) AllocSpace objects, 1(80KB) LOS objects, 23% free, 53MB/69MB, paused 666us total 25.492ms
08-03 21:21:39.979   512  2967 D audio_hw_primary: disable_audio_route: reset and update mixer path: low-latency-playback speaker
08-03 21:21:39.980   512  2967 D audio_hw_primary: disable_snd_device: snd_device(2: speaker)
08-03 21:21:39.984 17925 17938 I art     : Starting a blocking GC Explicit
08-03 21:21:39.989   512  2967 I soundtrigger: audio_extn_sound_trigger_update_device_status: device 0x2 of type 0 for Event 0
08-03 21:21:40.001 17925 20363 D OkHttp  : <-- 200 OK https://api-hillfair-2k16.herokuapp.com/api/app/quiz/leaderboard?from=1 (38ms, 56744-byte body)
08-03 21:21:40.010 17925 17938 I art     : Explicit concurrent mark sweep GC freed 688(88KB) AllocSpace objects, 0(0B) LOS objects, 23% free, 52MB/68MB, paused 670us total 25.602ms
08-03 21:21:40.104 17925 17925 I NAPPA_EXPERIMENTATION: MetricNetworkRequestExecutionTime: REQUEST_DURATION_SYSTEM='638',REQUEST_DURATION_OKHTTP='39',REQUEST_SYNCHRONOUS='FALSE',RESPONSE_CODE='200',RESPONSE_METHOD='GET',RESPONSE_LENGTH_OKHTTP='56744',RESPONSE_LENGTH_HEADER='56744',REQUEST_PROTOCOL='http/1.1',REQUEST_URL='https://api-hillfair-2k16.herokuapp.com/api/app/quiz/leaderboard?from=1',
08-03 21:21:40.296 17925 17938 I art     : Starting a blocking GC Explicit
08-03 21:21:40.327 17925 17938 I art     : Explicit concurrent mark sweep GC freed 27614(1282KB) AllocSpace objects, 1(20KB) LOS objects, 23% free, 53MB/69MB, paused 622us total 31.047ms
08-03 21:21:40.338 17925 17938 I art     : Starting a blocking GC Explicit
08-03 21:21:40.366 17925 17938 I art     : Explicit concurrent mark sweep GC freed 101(3KB) AllocSpace objects, 0(0B) LOS objects, 23% free, 53MB/69MB, paused 626us total 27.961ms
08-03 21:21:40.377 17925 17938 I art     : Starting a blocking GC Explicit
08-03 21:21:40.406 17925 17938 I art     : Explicit concurrent mark sweep GC freed 3(96B) AllocSpace objects, 0(0B) LOS objects, 23% free, 53MB/69MB, paused 603us total 28.576ms
08-03 21:21:40.418 17925 17938 I art     : Starting a blocking GC Explicit
08-03 21:21:40.447 17925 17938 I art     : Explicit concurrent mark sweep GC freed 3(96B) AllocSpace objects, 0(0B) LOS objects, 23% free, 53MB/69MB, paused 702us total 29.123ms
08-03 21:21:40.459 17925 17938 I art     : Starting a blocking GC Explicit
08-03 21:21:40.488 17925 17938 I art     : Explicit concurrent mark sweep GC freed 3(96B) AllocSpace objects, 0(0B) LOS objects, 23% free, 53MB/69MB, paused 630us total 29.298ms
08-03 21:21:40.785 17925 18034 I art     : Starting a blocking GC Explicit
08-03 21:21:40.822 17925 18034 I art     : Explicit concurrent mark sweep GC freed 1344(78KB) AllocSpace objects, 1(20KB) LOS objects, 23% free, 53MB/69MB, paused 617us total 37.268ms
08-03 21:21:40.837 17925 18034 I art     : Starting a blocking GC Explicit
08-03 21:21:40.866 17925 18034 I art     : Explicit concurrent mark sweep GC freed 20(704B) AllocSpace objects, 0(0B) LOS objects, 23% free, 53MB/69MB, paused 637us total 28.599ms
08-03 21:21:40.877 17925 18034 I art     : Starting a blocking GC Explicit
08-03 21:21:40.906 17925 18034 I art     : Explicit concurrent mark sweep GC freed 3(96B) AllocSpace objects, 0(0B) LOS objects, 23% free, 53MB/69MB, paused 575us total 29.051ms
08-03 21:21:40.918 17925 18034 I art     : Starting a blocking GC Explicit
08-03 21:21:40.948 17925 18034 I art     : Explicit concurrent mark sweep GC freed 3(96B) AllocSpace objects, 0(0B) LOS objects, 23% free, 53MB/69MB, paused 648us total 29.566ms
08-03 21:21:40.959 17925 18034 I art     : Starting a blocking GC Explicit
08-03 21:21:40.988 17925 18034 I art     : Explicit concurrent mark sweep GC freed 3(96B) AllocSpace objects, 0(0B) LOS objects, 23% free, 53MB/69MB, paused 650us total 28.460ms
08-03 21:21:41.296 17925 18827 I art     : Starting a blocking GC Explicit
08-03 21:21:41.328 17925 18827 I art     : Explicit concurrent mark sweep GC freed 1344(78KB) AllocSpace objects, 1(20KB) LOS objects, 23% free, 53MB/69MB, paused 631us total 32.541ms
08-03 21:21:41.340 17925 18827 I art     : Starting a blocking GC Explicit
08-03 21:21:41.369 17925 18827 I art     : Explicit concurrent mark sweep GC freed 20(704B) AllocSpace objects, 0(0B) LOS objects, 23% free, 53MB/69MB, paused 633us total 29.130ms
08-03 21:21:41.381 17925 18827 I art     : Starting a blocking GC Explicit
08-03 21:21:41.413 17925 18827 I art     : Explicit concurrent mark sweep GC freed 3(96B) AllocSpace objects, 0(0B) LOS objects, 23% free, 53MB/69MB, paused 644us total 31.620ms
08-03 21:21:41.425 17925 18827 I art     : Starting a blocking GC Explicit
08-03 21:21:41.455 17925 18827 I art     : Explicit concurrent mark sweep GC freed 3(96B) AllocSpace objects, 0(0B) LOS objects, 23% free, 53MB/69MB, paused 619us total 30.132ms
08-03 21:21:41.467 17925 18827 I art     : Starting a blocking GC Explicit
08-03 21:21:41.499 17925 18827 I art     : Explicit concurrent mark sweep GC freed 3(96B) AllocSpace objects, 0(0B) LOS objects, 23% free, 53MB/69MB, paused 752us total 31.998ms
08-03 21:21:41.838 17925 18017 I art     : Starting a blocking GC Explicit
08-03 21:21:41.879 17925 18017 I art     : Explicit concurrent mark sweep GC freed 1344(78KB) AllocSpace objects, 1(20KB) LOS objects, 23% free, 53MB/69MB, paused 756us total 40.703ms
08-03 21:21:41.894 17925 18017 I art     : Starting a blocking GC Explicit
08-03 21:21:41.924 17925 18017 I art     : Explicit concurrent mark sweep GC freed 20(704B) AllocSpace objects, 0(0B) LOS objects, 23% free, 53MB/69MB, paused 651us total 30.296ms
08-03 21:21:41.936 17925 18017 I art     : Starting a blocking GC Explicit
08-03 21:21:41.968 17925 18017 I art     : Explicit concurrent mark sweep GC freed 3(96B) AllocSpace objects, 0(0B) LOS objects, 23% free, 53MB/69MB, paused 643us total 31.764ms
08-03 21:21:41.980 17925 18017 I art     : Starting a blocking GC Explicit
08-03 21:21:42.012 17925 18017 I art     : Explicit concurrent mark sweep GC freed 3(96B) AllocSpace objects, 0(0B) LOS objects, 23% free, 53MB/69MB, paused 646us total 31.648ms
08-03 21:21:42.024 17925 18017 I art     : Starting a blocking GC Explicit
08-03 21:21:42.054 17925 18017 I art     : Explicit concurrent mark sweep GC freed 3(96B) AllocSpace objects, 0(0B) LOS objects, 23% free, 53MB/69MB, paused 599us total 30.070ms
08-03 21:21:42.393 17925 17937 I art     : Starting a blocking GC Explicit
08-03 21:21:42.432 17925 17937 I art     : Explicit concurrent mark sweep GC freed 1344(78KB) AllocSpace objects, 1(20KB) LOS objects, 23% free, 53MB/69MB, paused 925us total 38.222ms
08-03 21:21:42.448 17925 17937 I art     : Starting a blocking GC Explicit
08-03 21:21:42.479 17925 17937 I art     : Explicit concurrent mark sweep GC freed 20(704B) AllocSpace objects, 0(0B) LOS objects, 23% free, 53MB/69MB, paused 634us total 30.385ms
08-03 21:21:42.491 17925 17937 I art     : Starting a blocking GC Explicit
08-03 21:21:42.523 17925 17937 I art     : Explicit concurrent mark sweep GC freed 3(96B) AllocSpace objects, 0(0B) LOS objects, 23% free, 53MB/69MB, paused 626us total 31.789ms
08-03 21:21:42.535 17925 17937 I art     : Starting a blocking GC Explicit
08-03 21:21:42.567 17925 17937 I art     : Explicit concurrent mark sweep GC freed 3(96B) AllocSpace objects, 0(0B) LOS objects, 23% free, 53MB/69MB, paused 700us total 32.117ms
08-03 21:21:42.579 17925 17937 I art     : Starting a blocking GC Explicit
08-03 21:21:42.609 17925 17937 I art     : Explicit concurrent mark sweep GC freed 3(96B) AllocSpace objects, 0(0B) LOS objects, 23% free, 53MB/69MB, paused 643us total 30.191ms
08-03 21:21:42.949 17925 17938 I art     : Starting a blocking GC Explicit
08-03 21:21:42.992 17925 17938 I art     : Explicit concurrent mark sweep GC freed 1344(78KB) AllocSpace objects, 1(20KB) LOS objects, 23% free, 53MB/69MB, paused 719us total 42.858ms
08-03 21:21:43.008 17925 17938 I art     : Starting a blocking GC Explicit
08-03 21:21:43.042 17925 17938 I art     : Explicit concurrent mark sweep GC freed 20(704B) AllocSpace objects, 0(0B) LOS objects, 23% free, 53MB/69MB, paused 655us total 33.991ms
08-03 21:21:43.054 17925 17938 I art     : Starting a blocking GC Explicit
08-03 21:21:43.085 17925 17938 I art     : Explicit concurrent mark sweep GC freed 3(96B) AllocSpace objects, 0(0B) LOS objects, 23% free, 53MB/69MB, paused 647us total 30.281ms
08-03 21:21:43.097 17925 17938 I art     : Starting a blocking GC Explicit
08-03 21:21:43.129 17925 17938 I art     : Explicit concurrent mark sweep GC freed 3(96B) AllocSpace objects, 0(0B) LOS objects, 23% free, 53MB/69MB, paused 645us total 31.715ms
08-03 21:21:43.141 17925 17938 I art     : Starting a blocking GC Explicit
08-03 21:21:43.173 17925 17938 I art     : Explicit concurrent mark sweep GC freed 3(96B) AllocSpace objects, 0(0B) LOS objects, 23% free, 53MB/69MB, paused 636us total 31.856ms
08-03 21:21:43.531 17925 18034 I art     : Starting a blocking GC Explicit
08-03 21:21:43.571 17925 18034 I art     : Explicit concurrent mark sweep GC freed 1344(78KB) AllocSpace objects, 1(20KB) LOS objects, 23% free, 53MB/69MB, paused 660us total 39.705ms
08-03 21:21:43.587 17925 18034 I art     : Starting a blocking GC Explicit
08-03 21:21:43.619 17925 18034 I art     : Explicit concurrent mark sweep GC freed 20(704B) AllocSpace objects, 0(0B) LOS objects, 23% free, 53MB/69MB, paused 635us total 31.982ms
08-03 21:21:43.631 17925 18034 I art     : Starting a blocking GC Explicit
08-03 21:21:43.661 17925 18034 I art     : Explicit concurrent mark sweep GC freed 3(96B) AllocSpace objects, 0(0B) LOS objects, 23% free, 53MB/69MB, paused 612us total 29.817ms
08-03 21:21:43.673 17925 18034 I art     : Starting a blocking GC Explicit
08-03 21:21:43.700 17925 18034 I art     : Explicit concurrent mark sweep GC freed 3(96B) AllocSpace objects, 0(0B) LOS objects, 23% free, 53MB/69MB, paused 592us total 26.893ms
08-03 21:21:43.711 17925 18034 I art     : Starting a blocking GC Explicit
08-03 21:21:43.739 17925 18034 I art     : Explicit concurrent mark sweep GC freed 3(96B) AllocSpace objects, 0(0B) LOS objects, 23% free, 53MB/69MB, paused 617us total 27.197ms
08-03 21:21:44.073 17925 18827 I art     : Starting a blocking GC Explicit
08-03 21:21:44.107 17925 18827 I art     : Explicit concurrent mark sweep GC freed 1344(78KB) AllocSpace objects, 1(20KB) LOS objects, 23% free, 53MB/69MB, paused 668us total 34.020ms
08-03 21:21:44.122 17925 18827 I art     : Starting a blocking GC Explicit
08-03 21:21:44.152 17925 18827 I art     : Explicit concurrent mark sweep GC freed 20(704B) AllocSpace objects, 0(0B) LOS objects, 23% free, 53MB/69MB, paused 621us total 30.010ms
08-03 21:21:44.164 17925 18827 I art     : Starting a blocking GC Explicit
08-03 21:21:44.194 17925 18827 I art     : Explicit concurrent mark sweep GC freed 3(96B) AllocSpace objects, 0(0B) LOS objects, 23% free, 53MB/69MB, paused 638us total 29.673ms
08-03 21:21:44.206 17925 18827 I art     : Starting a blocking GC Explicit
08-03 21:21:44.208 20447 20447 D AndroidRuntime: >>>>>> START com.android.internal.os.RuntimeInit uid 2000 <<<<<<
08-03 21:21:44.214 20447 20447 D AndroidRuntime: CheckJNI is OFF
08-03 21:21:44.236 17925 18827 I art     : Explicit concurrent mark sweep GC freed 3(96B) AllocSpace objects, 0(0B) LOS objects, 23% free, 53MB/69MB, paused 610us total 29.620ms
08-03 21:21:44.247 17925 18827 I art     : Starting a blocking GC Explicit
08-03 21:21:44.262 20447 20447 D ICU     : No timezone override file found: /data/misc/zoneinfo/current/icu/icu_tzdata.dat
08-03 21:21:44.276 17925 18827 I art     : Explicit concurrent mark sweep GC freed 3(96B) AllocSpace objects, 0(0B) LOS objects, 23% free, 53MB/69MB, paused 1.167ms total 29.389ms
08-03 21:21:44.311 20447 20447 I Radio-JNI: register_android_hardware_Radio DONE
08-03 21:21:44.341 20447 20447 D AndroidRuntime: Calling main entry com.android.commands.input.Input
08-03 21:21:44.342 20447 20447 I Input   : injectKeyEvent: KeyEvent { action=ACTION_DOWN, keyCode=KEYCODE_BACK, scanCode=0, metaState=0, flags=0x0, repeatCount=0, eventTime=652920756, downTime=652920756, deviceId=-1, source=0x101 }
08-03 21:21:44.349 20447 20447 I Input   : injectKeyEvent: KeyEvent { action=ACTION_UP, keyCode=KEYCODE_BACK, scanCode=0, metaState=0, flags=0x0, repeatCount=0, eventTime=652920756, downTime=652920756, deviceId=-1, source=0x101 }
08-03 21:21:44.354 20447 20447 D AndroidRuntime: Shutting down VM
08-03 21:21:44.402 13866 13866 I GoogleInputMethodServic: GoogleInputMethodService.onFinishInput():3138 
08-03 21:21:44.402 13866 13866 I GoogleInputMethodServic: GoogleInputMethodService.onStartInput():1808 
08-03 21:21:44.559 17925 18017 I art     : Starting a blocking GC Explicit
08-03 21:21:44.592 17925 18017 I art     : Explicit concurrent mark sweep GC freed 1494(85KB) AllocSpace objects, 1(20KB) LOS objects, 23% free, 53MB/69MB, paused 574us total 32.980ms
08-03 21:21:44.607 17925 18017 I art     : Starting a blocking GC Explicit
08-03 21:21:44.639 17925 18017 I art     : Explicit concurrent mark sweep GC freed 40(1376B) AllocSpace objects, 0(0B) LOS objects, 23% free, 53MB/69MB, paused 654us total 32.033ms
08-03 21:21:44.654 17925 18017 I art     : Starting a blocking GC Explicit
08-03 21:21:44.684 17925 18017 I art     : Explicit concurrent mark sweep GC freed 3(96B) AllocSpace objects, 0(0B) LOS objects, 23% free, 53MB/69MB, paused 558us total 29.656ms
08-03 21:21:44.690   380   380 W SurfaceFlinger: couldn't log to binary event log: overflow.
08-03 21:21:44.697 17925 18017 I art     : Starting a blocking GC Explicit
08-03 21:21:44.723 17925 18017 I art     : Explicit concurrent mark sweep GC freed 122(9KB) AllocSpace objects, 0(0B) LOS objects, 23% free, 53MB/69MB, paused 580us total 25.956ms
08-03 21:21:44.733 17925 18017 I art     : Starting a blocking GC Explicit
08-03 21:21:44.759 17925 18017 I art     : Explicit concurrent mark sweep GC freed 4681(268KB) AllocSpace objects, 2(140KB) LOS objects, 23% free, 52MB/68MB, paused 597us total 25.194ms
08-03 21:21:45.057 17925 17937 I art     : Starting a blocking GC Explicit
08-03 21:21:45.092 17925 17937 I art     : Explicit concurrent mark sweep GC freed 1344(78KB) AllocSpace objects, 1(20KB) LOS objects, 23% free, 52MB/68MB, paused 638us total 33.914ms
08-03 21:21:45.105 17925 17937 I art     : Starting a blocking GC Explicit
08-03 21:21:45.133 17925 17937 I art     : Explicit concurrent mark sweep GC freed 24(864B) AllocSpace objects, 0(0B) LOS objects, 23% free, 52MB/68MB, paused 610us total 26.964ms
08-03 21:21:45.144 17925 17937 I art     : Starting a blocking GC Explicit
08-03 21:21:45.171 17925 17937 I art     : Explicit concurrent mark sweep GC freed 3(96B) AllocSpace objects, 0(0B) LOS objects, 23% free, 52MB/68MB, paused 586us total 26.875ms
08-03 21:21:45.183 17925 17937 I art     : Starting a blocking GC Explicit
08-03 21:21:45.210 17925 17937 I art     : Explicit concurrent mark sweep GC freed 3(96B) AllocSpace objects, 0(0B) LOS objects, 23% free, 52MB/68MB, paused 596us total 27.168ms
08-03 21:21:45.222 17925 17937 I art     : Starting a blocking GC Explicit
08-03 21:21:45.249 17925 17937 I art     : Explicit concurrent mark sweep GC freed 3(96B) AllocSpace objects, 0(0B) LOS objects, 23% free, 52MB/68MB, paused 609us total 26.840ms
08-03 21:21:45.557 17925 18034 I art     : Starting a blocking GC Explicit
08-03 21:21:45.593 17925 18034 I art     : Explicit concurrent mark sweep GC freed 1343(78KB) AllocSpace objects, 1(20KB) LOS objects, 23% free, 52MB/68MB, paused 600us total 35.308ms
08-03 21:21:45.607 17925 18034 I art     : Starting a blocking GC Explicit
08-03 21:21:45.632 17925 18034 I art     : Explicit concurrent mark sweep GC freed 20(704B) AllocSpace objects, 0(0B) LOS objects, 23% free, 52MB/68MB, paused 590us total 24.997ms
08-03 21:21:45.643 17925 18034 I art     : Starting a blocking GC Explicit
08-03 21:21:45.668 17925 18034 I art     : Explicit concurrent mark sweep GC freed 3(96B) AllocSpace objects, 0(0B) LOS objects, 23% free, 52MB/68MB, paused 603us total 25.507ms
08-03 21:21:45.679 17925 18034 I art     : Starting a blocking GC Explicit
08-03 21:21:45.705 17925 18034 I art     : Explicit concurrent mark sweep GC freed 3(96B) AllocSpace objects, 0(0B) LOS objects, 23% free, 52MB/68MB, paused 618us total 25.594ms
08-03 21:21:45.716 17925 18034 I art     : Starting a blocking GC Explicit
08-03 21:21:45.742 17925 18034 I art     : Explicit concurrent mark sweep GC freed 3(96B) AllocSpace objects, 0(0B) LOS objects, 23% free, 52MB/68MB, paused 578us total 25.820ms
08-03 21:21:46.042 17925 17937 I art     : Starting a blocking GC Explicit
08-03 21:21:46.072 17925 17937 I art     : Explicit concurrent mark sweep GC freed 1352(78KB) AllocSpace objects, 1(20KB) LOS objects, 23% free, 52MB/68MB, paused 617us total 29.395ms
08-03 21:21:46.084 17925 17937 I art     : Starting a blocking GC Explicit
08-03 21:21:46.111 17925 17937 I art     : Explicit concurrent mark sweep GC freed 26(896B) AllocSpace objects, 0(0B) LOS objects, 23% free, 52MB/68MB, paused 636us total 26.619ms
08-03 21:21:46.123 17925 17937 I art     : Starting a blocking GC Explicit
08-03 21:21:46.130 20501 20501 D AndroidRuntime: >>>>>> START com.android.internal.os.RuntimeInit uid 2000 <<<<<<
08-03 21:21:46.136 20501 20501 D AndroidRuntime: CheckJNI is OFF
08-03 21:21:46.150 17925 17937 I art     : Explicit concurrent mark sweep GC freed 7(224B) AllocSpace objects, 0(0B) LOS objects, 23% free, 52MB/68MB, paused 603us total 26.607ms
08-03 21:21:46.160 17925 17937 I art     : Starting a blocking GC Explicit
08-03 21:21:46.180 20501 20501 D ICU     : No timezone override file found: /data/misc/zoneinfo/current/icu/icu_tzdata.dat
08-03 21:21:46.186 17925 17937 I art     : Explicit concurrent mark sweep GC freed 8(256B) AllocSpace objects, 0(0B) LOS objects, 23% free, 52MB/68MB, paused 620us total 25.408ms
08-03 21:21:46.197 17925 17937 I art     : Starting a blocking GC Explicit
08-03 21:21:46.221 17925 17937 I art     : Explicit concurrent mark sweep GC freed 6(192B) AllocSpace objects, 0(0B) LOS objects, 23% free, 52MB/68MB, paused 617us total 24.237ms
08-03 21:21:46.225 20501 20501 I Radio-JNI: register_android_hardware_Radio DONE
08-03 21:21:46.252 20501 20501 D AndroidRuntime: Calling main entry com.android.commands.input.Input
08-03 21:21:46.254 20501 20501 I Input   : injectKeyEvent: KeyEvent { action=ACTION_DOWN, keyCode=KEYCODE_BACK, scanCode=0, metaState=0, flags=0x0, repeatCount=0, eventTime=652922667, downTime=652922667, deviceId=-1, source=0x101 }
08-03 21:21:46.260 20501 20501 I Input   : injectKeyEvent: KeyEvent { action=ACTION_UP, keyCode=KEYCODE_BACK, scanCode=0, metaState=0, flags=0x0, repeatCount=0, eventTime=652922667, downTime=652922667, deviceId=-1, source=0x101 }
08-03 21:21:46.265 20501 20501 D AndroidRuntime: Shutting down VM
08-03 21:21:46.297 13866 13866 I GoogleInputMethodServic: GoogleInputMethodService.onFinishInput():3138 
08-03 21:21:46.298 13866 13866 I GoogleInputMethodServic: GoogleInputMethodService.onStartInput():1808 
08-03 21:21:46.506 17925 18034 I art     : Starting a blocking GC Explicit
08-03 21:21:46.539 17925 18034 I art     : Explicit concurrent mark sweep GC freed 1546(86KB) AllocSpace objects, 1(20KB) LOS objects, 23% free, 52MB/68MB, paused 592us total 32.508ms
08-03 21:21:46.553 17925 18034 I art     : Starting a blocking GC Explicit
08-03 21:21:46.578 17925 18034 I art     : Explicit concurrent mark sweep GC freed 24(864B) AllocSpace objects, 0(0B) LOS objects, 23% free, 52MB/68MB, paused 567us total 25.244ms
08-03 21:21:46.588 17925 18034 I art     : Starting a blocking GC Explicit
08-03 21:21:46.591   380   380 W SurfaceFlinger: couldn't log to binary event log: overflow.
08-03 21:21:46.612 17925 18034 I art     : Explicit concurrent mark sweep GC freed 120(8KB) AllocSpace objects, 0(0B) LOS objects, 23% free, 52MB/68MB, paused 579us total 23.756ms
08-03 21:21:46.623 17925 18034 I art     : Starting a blocking GC Explicit
08-03 21:21:46.647 17925 18034 I art     : Explicit concurrent mark sweep GC freed 2080(122KB) AllocSpace objects, 3(340KB) LOS objects, 23% free, 52MB/68MB, paused 567us total 24.557ms
08-03 21:21:46.658 17925 18034 I art     : Starting a blocking GC Explicit
08-03 21:21:46.683 17925 18034 I art     : Explicit concurrent mark sweep GC freed 3(96B) AllocSpace objects, 0(0B) LOS objects, 23% free, 52MB/68MB, paused 630us total 24.722ms
08-03 21:21:46.992 17925 17938 I art     : Starting a blocking GC Explicit
08-03 21:21:47.026 17925 17938 I art     : Explicit concurrent mark sweep GC freed 1343(78KB) AllocSpace objects, 1(20KB) LOS objects, 23% free, 52MB/68MB, paused 646us total 33.085ms
08-03 21:21:47.040 17925 17938 I art     : Starting a blocking GC Explicit
08-03 21:21:47.066 17925 17938 I art     : Explicit concurrent mark sweep GC freed 20(704B) AllocSpace objects, 0(0B) LOS objects, 23% free, 52MB/68MB, paused 609us total 26.215ms
08-03 21:21:47.077 17925 17938 I art     : Starting a blocking GC Explicit
08-03 21:21:47.104 17925 17938 I art     : Explicit concurrent mark sweep GC freed 3(96B) AllocSpace objects, 0(0B) LOS objects, 23% free, 52MB/68MB, paused 602us total 26.104ms
08-03 21:21:47.115 17925 17938 I art     : Starting a blocking GC Explicit
08-03 21:21:47.141 17925 17938 I art     : Explicit concurrent mark sweep GC freed 3(96B) AllocSpace objects, 0(0B) LOS objects, 23% free, 52MB/68MB, paused 610us total 26.093ms
08-03 21:21:47.152 17925 17938 I art     : Starting a blocking GC Explicit
08-03 21:21:47.178 17925 17938 I art     : Explicit concurrent mark sweep GC freed 3(96B) AllocSpace objects, 0(0B) LOS objects, 23% free, 52MB/68MB, paused 608us total 26.105ms
08-03 21:21:47.493 17925 18827 I art     : Starting a blocking GC Explicit
08-03 21:21:47.524 17925 18827 I art     : Explicit concurrent mark sweep GC freed 1341(78KB) AllocSpace objects, 1(20KB) LOS objects, 23% free, 52MB/68MB, paused 666us total 30.976ms
08-03 21:21:47.537 17925 18827 I art     : Starting a blocking GC Explicit
08-03 21:21:47.562 17925 18827 I art     : Explicit concurrent mark sweep GC freed 20(704B) AllocSpace objects, 0(0B) LOS objects, 23% free, 52MB/68MB, paused 631us total 25.117ms
08-03 21:21:47.574 17925 18827 I art     : Starting a blocking GC Explicit
08-03 21:21:47.599 17925 18827 I art     : Explicit concurrent mark sweep GC freed 3(96B) AllocSpace objects, 0(0B) LOS objects, 23% free, 52MB/68MB, paused 627us total 24.665ms
08-03 21:21:47.609 17925 18827 I art     : Starting a blocking GC Explicit
08-03 21:21:47.634 17925 18827 I art     : Explicit concurrent mark sweep GC freed 3(96B) AllocSpace objects, 0(0B) LOS objects, 23% free, 52MB/68MB, paused 601us total 24.820ms
08-03 21:21:47.645 17925 18827 I art     : Starting a blocking GC Explicit
08-03 21:21:47.670 17925 18827 I art     : Explicit concurrent mark sweep GC freed 3(96B) AllocSpace objects, 0(0B) LOS objects, 23% free, 52MB/68MB, paused 615us total 24.725ms
08-03 21:21:47.962 17925 18017 I art     : Starting a blocking GC Explicit
08-03 21:21:47.993 17925 18017 I art     : Explicit concurrent mark sweep GC freed 1341(78KB) AllocSpace objects, 1(20KB) LOS objects, 23% free, 52MB/68MB, paused 658us total 30.144ms
08-03 21:21:48.004 17925 18017 I art     : Starting a blocking GC Explicit
08-03 21:21:48.031 17925 18017 I art     : Explicit concurrent mark sweep GC freed 20(704B) AllocSpace objects, 0(0B) LOS objects, 23% free, 52MB/68MB, paused 598us total 26.089ms
08-03 21:21:48.042 17925 18017 I art     : Starting a blocking GC Explicit
08-03 21:21:48.055 20562 20562 D AndroidRuntime: >>>>>> START com.android.internal.os.RuntimeInit uid 2000 <<<<<<
08-03 21:21:48.061 20562 20562 D AndroidRuntime: CheckJNI is OFF
08-03 21:21:48.069 17925 18017 I art     : Explicit concurrent mark sweep GC freed 3(96B) AllocSpace objects, 0(0B) LOS objects, 23% free, 52MB/68MB, paused 702us total 26.931ms
08-03 21:21:48.080 17925 18017 I art     : Starting a blocking GC Explicit
08-03 21:21:48.105 17925 18017 I art     : Explicit concurrent mark sweep GC freed 3(96B) AllocSpace objects, 0(0B) LOS objects, 23% free, 52MB/68MB, paused 655us total 25.340ms
08-03 21:21:48.108 20562 20562 D ICU     : No timezone override file found: /data/misc/zoneinfo/current/icu/icu_tzdata.dat
08-03 21:21:48.116 17925 18017 I art     : Starting a blocking GC Explicit
08-03 21:21:48.142 17925 18017 I art     : Explicit concurrent mark sweep GC freed 3(96B) AllocSpace objects, 0(0B) LOS objects, 23% free, 52MB/68MB, paused 616us total 25.670ms
08-03 21:21:48.155 20562 20562 I Radio-JNI: register_android_hardware_Radio DONE
08-03 21:21:48.184 20562 20562 D AndroidRuntime: Calling main entry com.android.commands.input.Input
08-03 21:21:48.186 20562 20562 I Input   : injectMotionEvent: MotionEvent { action=ACTION_DOWN, actionButton=0, id[0]=0, x[0]=1053.0, y[0]=1173.0, toolType[0]=TOOL_TYPE_UNKNOWN, buttonState=0, metaState=0, flags=0x0, edgeFlags=0x0, pointerCount=1, historySize=0, eventTime=652924599, downTime=652924599, deviceId=0, source=0x1002 }
08-03 21:21:48.192 20562 20562 I Input   : injectMotionEvent: MotionEvent { action=ACTION_UP, actionButton=0, id[0]=0, x[0]=1053.0, y[0]=1173.0, toolType[0]=TOOL_TYPE_UNKNOWN, buttonState=0, metaState=0, flags=0x0, edgeFlags=0x0, pointerCount=1, historySize=0, eventTime=652924599, downTime=652924599, deviceId=0, source=0x1002 }
08-03 21:21:48.194   918  6112 I ActivityManager: START u0 {cmp=baseline.appteam.nith.hillffair/.activities.QuizActivity} from uid 10624 on display 0
08-03 21:21:48.203 20562 20562 D AndroidRuntime: Shutting down VM
08-03 21:21:48.307 13866 13866 I GoogleInputMethodServic: GoogleInputMethodService.onFinishInput():3138 
08-03 21:21:48.308 13866 13866 I GoogleInputMethodServic: GoogleInputMethodService.onStartInput():1808 
08-03 21:21:48.309   918   936 I ActivityManager: Displayed baseline.appteam.nith.hillffair/.activities.QuizActivity: +103ms
08-03 21:21:48.426 17925 17937 I art     : Starting a blocking GC Explicit
08-03 21:21:48.462 17925 17937 I art     : Explicit concurrent mark sweep GC freed 2145(133KB) AllocSpace objects, 1(20KB) LOS objects, 23% free, 52MB/68MB, paused 723us total 36.372ms
08-03 21:21:48.478 17925 17937 I art     : Starting a blocking GC Explicit
08-03 21:21:48.508 17925 17937 I art     : Explicit concurrent mark sweep GC freed 187(8KB) AllocSpace objects, 0(0B) LOS objects, 23% free, 52MB/68MB, paused 704us total 29.948ms
08-03 21:21:48.523 17925 17937 I art     : Starting a blocking GC Explicit
08-03 21:21:48.556 17925 17937 I art     : Explicit concurrent mark sweep GC freed 3(96B) AllocSpace objects, 0(0B) LOS objects, 23% free, 52MB/68MB, paused 615us total 32.828ms
08-03 21:21:48.570 17925 17937 I art     : Starting a blocking GC Explicit
08-03 21:21:48.572   380   380 W SurfaceFlinger: couldn't log to binary event log: overflow.
08-03 21:21:48.600 17925 17937 I art     : Explicit concurrent mark sweep GC freed 3(96B) AllocSpace objects, 0(0B) LOS objects, 23% free, 52MB/68MB, paused 559us total 29.330ms
08-03 21:21:48.610 17925 17937 I art     : Starting a blocking GC Explicit
08-03 21:21:48.633 17925 17937 I art     : Explicit concurrent mark sweep GC freed 3(96B) AllocSpace objects, 0(0B) LOS objects, 23% free, 52MB/68MB, paused 547us total 22.875ms
08-03 21:21:48.945 17925 18034 I art     : Starting a blocking GC Explicit
08-03 21:21:48.973 17925 18034 I art     : Explicit concurrent mark sweep GC freed 1413(82KB) AllocSpace objects, 1(20KB) LOS objects, 23% free, 52MB/68MB, paused 619us total 27.855ms
08-03 21:21:48.984 17925 18034 I art     : Starting a blocking GC Explicit
08-03 21:21:49.011 17925 18034 I art     : Explicit concurrent mark sweep GC freed 20(704B) AllocSpace objects, 0(0B) LOS objects, 23% free, 52MB/68MB, paused 584us total 26.587ms
08-03 21:21:49.022 17925 18034 I art     : Starting a blocking GC Explicit
08-03 21:21:49.049 17925 18034 I art     : Explicit concurrent mark sweep GC freed 3(96B) AllocSpace objects, 0(0B) LOS objects, 23% free, 52MB/68MB, paused 584us total 27.036ms
08-03 21:21:49.061 17925 18034 I art     : Starting a blocking GC Explicit
08-03 21:21:49.087 17925 18034 I art     : Explicit concurrent mark sweep GC freed 3(96B) AllocSpace objects, 0(0B) LOS objects, 23% free, 52MB/68MB, paused 689us total 26.267ms
08-03 21:21:49.098 17925 18034 I art     : Starting a blocking GC Explicit
08-03 21:21:49.125 17925 18034 I art     : Explicit concurrent mark sweep GC freed 3(96B) AllocSpace objects, 0(0B) LOS objects, 23% free, 52MB/68MB, paused 592us total 26.959ms
08-03 21:21:49.443 17925 17937 I art     : Starting a blocking GC Explicit
08-03 21:21:49.480 17925 17937 I art     : Explicit concurrent mark sweep GC freed 1343(78KB) AllocSpace objects, 1(20KB) LOS objects, 23% free, 52MB/68MB, paused 634us total 37.108ms
08-03 21:21:49.494 17925 17937 I art     : Starting a blocking GC Explicit
08-03 21:21:49.522 17925 17937 I art     : Explicit concurrent mark sweep GC freed 20(704B) AllocSpace objects, 0(0B) LOS objects, 23% free, 52MB/68MB, paused 578us total 27.955ms
08-03 21:21:49.534 17925 17937 I art     : Starting a blocking GC Explicit
08-03 21:21:49.561 17925 17937 I art     : Explicit concurrent mark sweep GC freed 3(96B) AllocSpace objects, 0(0B) LOS objects, 23% free, 52MB/68MB, paused 658us total 27.319ms
08-03 21:21:49.572 17925 17937 I art     : Starting a blocking GC Explicit
08-03 21:21:49.600 17925 17937 I art     : Explicit concurrent mark sweep GC freed 3(96B) AllocSpace objects, 0(0B) LOS objects, 23% free, 52MB/68MB, paused 595us total 27.043ms
08-03 21:21:49.611 17925 17937 I art     : Starting a blocking GC Explicit
08-03 21:21:49.637 17925 17937 I art     : Explicit concurrent mark sweep GC freed 3(96B) AllocSpace objects, 0(0B) LOS objects, 23% free, 52MB/68MB, paused 704us total 26.262ms
08-03 21:21:49.891   918  3188 I hubconnection: sensorhub said: 'set_bias 3: -5.9616, 0.0000, 0.0000'
08-03 21:21:49.959 17925 17938 I art     : Starting a blocking GC Explicit
08-03 21:21:49.988 17925 17938 I art     : Explicit concurrent mark sweep GC freed 1358(78KB) AllocSpace objects, 1(20KB) LOS objects, 23% free, 52MB/68MB, paused 597us total 28.789ms
08-03 21:21:49.999 17925 17938 I art     : Starting a blocking GC Explicit
08-03 21:21:50.028 17925 17938 I art     : Explicit concurrent mark sweep GC freed 24(832B) AllocSpace objects, 0(0B) LOS objects, 23% free, 52MB/68MB, paused 601us total 28.176ms
08-03 21:21:50.040 17925 17938 I art     : Starting a blocking GC Explicit
08-03 21:21:50.067 17925 17938 I art     : Explicit concurrent mark sweep GC freed 9(288B) AllocSpace objects, 0(0B) LOS objects, 23% free, 52MB/68MB, paused 638us total 27.147ms
08-03 21:21:50.079 17925 17938 I art     : Starting a blocking GC Explicit
08-03 21:21:50.107 17925 17938 I art     : Explicit concurrent mark sweep GC freed 6(192B) AllocSpace objects, 0(0B) LOS objects, 23% free, 52MB/68MB, paused 592us total 27.056ms
08-03 21:21:50.118 17925 17938 I art     : Starting a blocking GC Explicit
08-03 21:21:50.145 17925 17938 I art     : Explicit concurrent mark sweep GC freed 3(96B) AllocSpace objects, 0(0B) LOS objects, 23% free, 52MB/68MB, paused 595us total 26.485ms
08-03 21:21:50.481 17925 18017 I art     : Starting a blocking GC Explicit
08-03 21:21:50.508 17925 18017 I art     : Explicit concurrent mark sweep GC freed 1634(95KB) AllocSpace objects, 1(20KB) LOS objects, 23% free, 52MB/68MB, paused 744us total 27.326ms
08-03 21:21:50.519 17925 18017 I art     : Starting a blocking GC Explicit
08-03 21:21:50.545 17925 18017 I art     : Explicit concurrent mark sweep GC freed 48(1648B) AllocSpace objects, 0(0B) LOS objects, 23% free, 52MB/68MB, paused 676us total 26.057ms
08-03 21:21:50.556 17925 18017 I art     : Starting a blocking GC Explicit
08-03 21:21:50.584 17925 18017 I art     : Explicit concurrent mark sweep GC freed 3(96B) AllocSpace objects, 0(0B) LOS objects, 23% free, 52MB/68MB, paused 710us total 27.469ms
08-03 21:21:50.595 17925 18017 I art     : Starting a blocking GC Explicit
08-03 21:21:50.623 17925 18017 I art     : Explicit concurrent mark sweep GC freed 3(96B) AllocSpace objects, 0(0B) LOS objects, 23% free, 52MB/68MB, paused 707us total 27.762ms
08-03 21:21:50.635 17925 18017 I art     : Starting a blocking GC Explicit
08-03 21:21:50.663 17925 18017 I art     : Explicit concurrent mark sweep GC freed 3(96B) AllocSpace objects, 0(0B) LOS objects, 23% free, 52MB/68MB, paused 686us total 28.441ms
08-03 21:21:50.920 17925 20635 W OneSignal: OneSignalRestClient: POST Error thrown from network stack. 
08-03 21:21:50.920 17925 20635 W OneSignal: java.io.IOException: unexpected end of stream on Connection{api.onesignal.com:443, proxy=HTTP@192.168.2.12:8080 hostAddress=192.168.2.12 cipherSuite=TLS_ECDHE_RSA_WITH_AES_128_GCM_SHA256 protocol=http/1.1} (recycle count=0)
08-03 21:21:50.920 17925 20635 W OneSignal: 	at com.android.okhttp.internal.http.HttpConnection.readResponse(HttpConnection.java:210)
08-03 21:21:50.920 17925 20635 W OneSignal: 	at com.android.okhttp.internal.http.HttpTransport.readResponseHeaders(HttpTransport.java:80)
08-03 21:21:50.920 17925 20635 W OneSignal: 	at com.android.okhttp.internal.http.HttpEngine.readNetworkResponse(HttpEngine.java:904)
08-03 21:21:50.920 17925 20635 W OneSignal: 	at com.android.okhttp.internal.http.HttpEngine.readResponse(HttpEngine.java:788)
08-03 21:21:50.920 17925 20635 W OneSignal: 	at com.android.okhttp.internal.huc.HttpURLConnectionImpl.execute(HttpURLConnectionImpl.java:439)
08-03 21:21:50.920 17925 20635 W OneSignal: 	at com.android.okhttp.internal.huc.HttpURLConnectionImpl.getResponse(HttpURLConnectionImpl.java:384)
08-03 21:21:50.920 17925 20635 W OneSignal: 	at com.android.okhttp.internal.huc.HttpURLConnectionImpl.getResponseCode(HttpURLConnectionImpl.java:497)
08-03 21:21:50.920 17925 20635 W OneSignal: 	at com.android.okhttp.internal.huc.DelegatingHttpsURLConnection.getResponseCode(DelegatingHttpsURLConnection.java:105)
08-03 21:21:50.920 17925 20635 W OneSignal: 	at com.android.okhttp.internal.huc.HttpsURLConnectionImpl.getResponseCode(HttpsURLConnectionImpl.java)
08-03 21:21:50.920 17925 20635 W OneSignal: 	at com.onesignal.OneSignalRestClient.startHTTPConnection(OneSignalRestClient.java:180)
08-03 21:21:50.920 17925 20635 W OneSignal: 	at com.onesignal.OneSignalRestClient.access$100(OneSignalRestClient.java:44)
08-03 21:21:50.920 17925 20635 W OneSignal: 	at com.onesignal.OneSignalRestClient$4.run(OneSignalRestClient.java:110)
08-03 21:21:50.920 17925 20635 W OneSignal: 	at java.lang.Thread.run(Thread.java:818)
08-03 21:21:50.920 17925 20635 W OneSignal: Caused by: java.io.EOFException: \n not found: size=0 content=...
08-03 21:21:50.920 17925 20635 W OneSignal: 	at com.android.okhttp.okio.RealBufferedSource.readUtf8LineStrict(RealBufferedSource.java:200)
08-03 21:21:50.920 17925 20635 W OneSignal: 	at com.android.okhttp.internal.http.HttpConnection.readResponse(HttpConnection.java:191)
08-03 21:21:50.920 17925 20635 W OneSignal: 	... 12 more
08-03 21:21:50.922 17925 20650 W OneSignal: Failed last request. statusCode: -1
08-03 21:21:50.922 17925 20650 W OneSignal: response: null
08-03 21:21:50.980 17925 17937 I art     : Starting a blocking GC Explicit
08-03 21:21:50.984 20638 20638 D AndroidRuntime: >>>>>> START com.android.internal.os.RuntimeInit uid 2000 <<<<<<
08-03 21:21:50.991 20638 20638 D AndroidRuntime: CheckJNI is OFF
08-03 21:21:51.012 17925 17937 I art     : Explicit concurrent mark sweep GC freed 3615(225KB) AllocSpace objects, 1(20KB) LOS objects, 23% free, 52MB/68MB, paused 615us total 31.861ms
08-03 21:21:51.023 17925 17937 I art     : Starting a blocking GC Explicit
08-03 21:21:51.041 20638 20638 D ICU     : No timezone override file found: /data/misc/zoneinfo/current/icu/icu_tzdata.dat
08-03 21:21:51.051 17925 17937 I art     : Explicit concurrent mark sweep GC freed 67(2432B) AllocSpace objects, 0(0B) LOS objects, 23% free, 52MB/68MB, paused 632us total 27.776ms
08-03 21:21:51.062 17925 17937 I art     : Starting a blocking GC Explicit
08-03 21:21:51.088 20638 20638 I Radio-JNI: register_android_hardware_Radio DONE
08-03 21:21:51.088 17925 17937 I art     : Explicit concurrent mark sweep GC freed 3(96B) AllocSpace objects, 0(0B) LOS objects, 23% free, 52MB/68MB, paused 647us total 26.143ms
08-03 21:21:51.099 17925 17937 I art     : Starting a blocking GC Explicit
08-03 21:21:51.119 20638 20638 D AndroidRuntime: Calling main entry com.android.commands.input.Input
08-03 21:21:51.121 20638 20638 I Input   : injectMotionEvent: MotionEvent { action=ACTION_DOWN, actionButton=0, id[0]=0, x[0]=756.0, y[0]=1530.0, toolType[0]=TOOL_TYPE_UNKNOWN, buttonState=0, metaState=0, flags=0x0, edgeFlags=0x0, pointerCount=1, historySize=0, eventTime=652927533, downTime=652927533, deviceId=0, source=0x1002 }
08-03 21:21:51.126 17925 17937 I art     : Explicit concurrent mark sweep GC freed 16(704B) AllocSpace objects, 0(0B) LOS objects, 23% free, 52MB/68MB, paused 618us total 26.139ms
08-03 21:21:51.127 20638 20638 I Input   : injectMotionEvent: MotionEvent { action=ACTION_UP, actionButton=0, id[0]=0, x[0]=756.0, y[0]=1530.0, toolType[0]=TOOL_TYPE_UNKNOWN, buttonState=0, metaState=0, flags=0x0, edgeFlags=0x0, pointerCount=1, historySize=0, eventTime=652927533, downTime=652927533, deviceId=0, source=0x1002 }
08-03 21:21:51.130 20638 20638 D AndroidRuntime: Shutting down VM
08-03 21:21:51.137 17925 17937 I art     : Starting a blocking GC Explicit
08-03 21:21:51.149   918  6111 I ActivityManager: START u0 {cmp=baseline.appteam.nith.hillffair/.activities.LeaderBoardActivity} from uid 10624 on display 0
08-03 21:21:51.150   512  2967 D audio_hw_primary: out_set_parameters: enter: usecase(1: low-latency-playback) kvpairs: routing=2
08-03 21:21:51.163 17925 17937 I art     : Explicit concurrent mark sweep GC freed 69(2352B) AllocSpace objects, 0(0B) LOS objects, 23% free, 52MB/68MB, paused 646us total 25.790ms
08-03 21:21:51.165   512  2967 D audio_hw_primary: select_devices: out_snd_device(2: speaker) in_snd_device(0: none)
08-03 21:21:51.165   512  2967 D msm8974_platform: platform_send_audio_calibration: sending audio calibration for snd_device(2) acdb_id(15)
08-03 21:21:51.165   512  2967 I soundtrigger: audio_extn_sound_trigger_update_device_status: device 0x2 of type 0 for Event 1
08-03 21:21:51.167   918  3261 D WifiStateMachine: starting scan for "H369AA63323"WPA_PSK with 2412,5180
08-03 21:21:51.181   512  2967 D audio_hw_primary: enable_snd_device: snd_device(2: speaker)
08-03 21:21:51.183   512  2967 D audio_hw_primary: enable_audio_route: apply and update mixer path: low-latency-playback speaker
08-03 21:21:51.235 17925 17925 E RecyclerView: No adapter attached; skipping layout
08-03 21:21:51.240 17925 17925 E RecyclerView: No adapter attached; skipping layout
08-03 21:21:51.256   918   936 I ActivityManager: Displayed baseline.appteam.nith.hillffair/.activities.LeaderBoardActivity: +95ms
08-03 21:21:51.259 13866 13866 I GoogleInputMethodServic: GoogleInputMethodService.onFinishInput():3138 
08-03 21:21:51.260 17925 17925 E RecyclerView: No adapter attached; skipping layout
08-03 21:21:51.260 13866 13866 I GoogleInputMethodServic: GoogleInputMethodService.onStartInput():1808 
08-03 21:21:51.286 17925 17948 D OpenGLRenderer: endAllStagingAnimators on 0x7f7fd54000 (RippleDrawable) with handle 0x7f7bc8e760
08-03 21:21:51.437 17925 18017 I art     : Starting a blocking GC Explicit
08-03 21:21:51.478 17925 18017 I art     : Explicit concurrent mark sweep GC freed 6626(402KB) AllocSpace objects, 1(20KB) LOS objects, 23% free, 52MB/68MB, paused 988us total 39.800ms
08-03 21:21:51.491 17925 18017 I art     : Starting a blocking GC Explicit
08-03 21:21:51.513   380   380 W SurfaceFlinger: couldn't log to binary event log: overflow.
08-03 21:21:51.523 17925 18017 I art     : Explicit concurrent mark sweep GC freed 276(11KB) AllocSpace objects, 0(0B) LOS objects, 23% free, 52MB/68MB, paused 638us total 31.375ms
08-03 21:21:51.534 17925 18017 I art     : Starting a blocking GC Explicit
08-03 21:21:51.558 17925 18017 I art     : Explicit concurrent mark sweep GC freed 5(160B) AllocSpace objects, 0(0B) LOS objects, 23% free, 52MB/68MB, paused 609us total 24.023ms
08-03 21:21:51.569 17925 18017 I art     : Starting a blocking GC Explicit
08-03 21:21:51.594 17925 18017 I art     : Explicit concurrent mark sweep GC freed 5(160B) AllocSpace objects, 0(0B) LOS objects, 23% free, 52MB/68MB, paused 654us total 25.603ms
08-03 21:21:51.605 17925 18017 I art     : Starting a blocking GC Explicit
08-03 21:21:51.631 17925 18017 I art     : Explicit concurrent mark sweep GC freed 6(192B) AllocSpace objects, 0(0B) LOS objects, 23% free, 52MB/68MB, paused 779us total 25.467ms
08-03 21:21:51.729   512  2967 D audio_hw_primary: disable_audio_route: reset and update mixer path: low-latency-playback speaker
08-03 21:21:51.730   512  2967 D audio_hw_primary: disable_snd_device: snd_device(2: speaker)
08-03 21:21:51.739   512  2967 I soundtrigger: audio_extn_sound_trigger_update_device_status: device 0x2 of type 0 for Event 0
08-03 21:21:51.921 17925 18034 I art     : Starting a blocking GC Explicit
08-03 21:21:51.949 17925 18034 I art     : Explicit concurrent mark sweep GC freed 1543(88KB) AllocSpace objects, 1(20KB) LOS objects, 23% free, 52MB/68MB, paused 789us total 27.969ms
08-03 21:21:51.961 17925 18034 I art     : Starting a blocking GC Explicit
08-03 21:21:51.989 17925 18034 I art     : Explicit concurrent mark sweep GC freed 71(2416B) AllocSpace objects, 0(0B) LOS objects, 23% free, 52MB/68MB, paused 656us total 27.474ms
08-03 21:21:52.000 17925 18034 I art     : Starting a blocking GC Explicit
08-03 21:21:52.028 17925 18034 I art     : Explicit concurrent mark sweep GC freed 1296(82KB) AllocSpace objects, 2(120KB) LOS objects, 23% free, 53MB/69MB, paused 1.198ms total 28.612ms
08-03 21:21:52.039 17925 20662 D OkHttp  : --> GET https://api-hillfair-2k16.herokuapp.com/api/app/quiz/leaderboard?from=1 http/1.1
08-03 21:21:52.040 17925 18034 I art     : Starting a blocking GC Explicit
08-03 21:21:52.067 17925 18034 I art     : Explicit concurrent mark sweep GC freed 2241(164KB) AllocSpace objects, 1(80KB) LOS objects, 23% free, 52MB/68MB, paused 636us total 26.914ms
08-03 21:21:52.074 17925 20662 D OkHttp  : <-- 200 OK https://api-hillfair-2k16.herokuapp.com/api/app/quiz/leaderboard?from=1 (35ms, 56744-byte body)
08-03 21:21:52.078 17925 18034 I art     : Starting a blocking GC Explicit
08-03 21:21:52.105 17925 18034 I art     : Explicit concurrent mark sweep GC freed 3919(188KB) AllocSpace objects, 0(0B) LOS objects, 23% free, 52MB/68MB, paused 731us total 27.099ms
08-03 21:21:52.164 17925 17925 I NAPPA_EXPERIMENTATION: MetricNetworkRequestExecutionTime: REQUEST_DURATION_SYSTEM='968',REQUEST_DURATION_OKHTTP='35',REQUEST_SYNCHRONOUS='FALSE',RESPONSE_CODE='200',RESPONSE_METHOD='GET',RESPONSE_LENGTH_OKHTTP='56744',RESPONSE_LENGTH_HEADER='56744',REQUEST_PROTOCOL='http/1.1',REQUEST_URL='https://api-hillfair-2k16.herokuapp.com/api/app/quiz/leaderboard?from=1',
08-03 21:21:52.384 17925 18827 I art     : Starting a blocking GC Explicit
08-03 21:21:52.419 17925 18827 I art     : Explicit concurrent mark sweep GC freed 23876(1128KB) AllocSpace objects, 1(20KB) LOS objects, 23% free, 53MB/69MB, paused 649us total 34.080ms
08-03 21:21:52.433 17925 18827 I art     : Starting a blocking GC Explicit
08-03 21:21:52.462 17925 18827 I art     : Explicit concurrent mark sweep GC freed 91(3KB) AllocSpace objects, 0(0B) LOS objects, 23% free, 53MB/69MB, paused 617us total 28.857ms
08-03 21:21:52.474 17925 18827 I art     : Starting a blocking GC Explicit
08-03 21:21:52.504 17925 18827 I art     : Explicit concurrent mark sweep GC freed 3(96B) AllocSpace objects, 0(0B) LOS objects, 23% free, 53MB/69MB, paused 620us total 29.766ms
08-03 21:21:52.516 17925 18827 I art     : Starting a blocking GC Explicit
08-03 21:21:52.545 17925 18827 I art     : Explicit concurrent mark sweep GC freed 3(96B) AllocSpace objects, 0(0B) LOS objects, 23% free, 53MB/69MB, paused 615us total 29.454ms
08-03 21:21:52.557 17925 18827 I art     : Starting a blocking GC Explicit
08-03 21:21:52.587 17925 18827 I art     : Explicit concurrent mark sweep GC freed 3(96B) AllocSpace objects, 0(0B) LOS objects, 23% free, 53MB/69MB, paused 673us total 29.325ms
08-03 21:21:52.899 17925 17938 I art     : Starting a blocking GC Explicit
08-03 21:21:52.928 17925 17938 I art     : Explicit concurrent mark sweep GC freed 1344(78KB) AllocSpace objects, 1(20KB) LOS objects, 23% free, 53MB/69MB, paused 657us total 29.124ms
08-03 21:21:52.939 17925 17938 I art     : Starting a blocking GC Explicit
08-03 21:21:52.970 17925 17938 I art     : Explicit concurrent mark sweep GC freed 20(704B) AllocSpace objects, 0(0B) LOS objects, 23% free, 53MB/69MB, paused 623us total 30.329ms
08-03 21:21:52.981 17925 17938 I art     : Starting a blocking GC Explicit
08-03 21:21:53.014 17925 17938 I art     : Explicit concurrent mark sweep GC freed 3(96B) AllocSpace objects, 0(0B) LOS objects, 23% free, 53MB/69MB, paused 629us total 32.245ms
08-03 21:21:53.026 17925 17938 I art     : Starting a blocking GC Explicit
08-03 21:21:53.057 17925 17938 I art     : Explicit concurrent mark sweep GC freed 3(96B) AllocSpace objects, 0(0B) LOS objects, 23% free, 53MB/69MB, paused 733us total 30.953ms
08-03 21:21:53.069 17925 17938 I art     : Starting a blocking GC Explicit
08-03 21:21:53.102 17925 17938 I art     : Explicit concurrent mark sweep GC freed 3(96B) AllocSpace objects, 0(0B) LOS objects, 23% free, 53MB/69MB, paused 624us total 32.308ms
08-03 21:21:53.434 17925 18034 I art     : Starting a blocking GC Explicit
08-03 21:21:53.472 17925 18034 I art     : Explicit concurrent mark sweep GC freed 1344(78KB) AllocSpace objects, 1(20KB) LOS objects, 23% free, 53MB/69MB, paused 669us total 38.281ms
08-03 21:21:53.488 17925 18034 I art     : Starting a blocking GC Explicit
08-03 21:21:53.520 17925 18034 I art     : Explicit concurrent mark sweep GC freed 20(704B) AllocSpace objects, 0(0B) LOS objects, 23% free, 53MB/69MB, paused 601us total 31.719ms
08-03 21:21:53.531 17925 18034 I art     : Starting a blocking GC Explicit
08-03 21:21:53.563 17925 18034 I art     : Explicit concurrent mark sweep GC freed 3(96B) AllocSpace objects, 0(0B) LOS objects, 23% free, 53MB/69MB, paused 633us total 32.043ms
08-03 21:21:53.576 17925 18034 I art     : Starting a blocking GC Explicit
08-03 21:21:53.608 17925 18034 I art     : Explicit concurrent mark sweep GC freed 3(96B) AllocSpace objects, 0(0B) LOS objects, 23% free, 53MB/69MB, paused 637us total 32.357ms
08-03 21:21:53.620 17925 18034 I art     : Starting a blocking GC Explicit
08-03 21:21:53.651 17925 18034 I art     : Explicit concurrent mark sweep GC freed 3(96B) AllocSpace objects, 0(0B) LOS objects, 23% free, 53MB/69MB, paused 601us total 30.777ms
08-03 21:21:53.974 17925 17937 I art     : Starting a blocking GC Explicit
08-03 21:21:54.016 17925 17937 I art     : Explicit concurrent mark sweep GC freed 1344(78KB) AllocSpace objects, 1(20KB) LOS objects, 23% free, 53MB/69MB, paused 669us total 41.313ms
08-03 21:21:54.030 17925 17937 I art     : Starting a blocking GC Explicit
08-03 21:21:54.062 17925 17937 I art     : Explicit concurrent mark sweep GC freed 20(704B) AllocSpace objects, 0(0B) LOS objects, 23% free, 53MB/69MB, paused 630us total 31.275ms
08-03 21:21:54.074 17925 17937 I art     : Starting a blocking GC Explicit
08-03 21:21:54.106 17925 17937 I art     : Explicit concurrent mark sweep GC freed 3(96B) AllocSpace objects, 0(0B) LOS objects, 23% free, 53MB/69MB, paused 627us total 32.430ms
08-03 21:21:54.118 17925 17937 I art     : Starting a blocking GC Explicit
08-03 21:21:54.150 17925 17937 I art     : Explicit concurrent mark sweep GC freed 3(96B) AllocSpace objects, 0(0B) LOS objects, 23% free, 53MB/69MB, paused 595us total 31.680ms
08-03 21:21:54.162 17925 17937 I art     : Starting a blocking GC Explicit
08-03 21:21:54.194 17925 17937 I art     : Explicit concurrent mark sweep GC freed 3(96B) AllocSpace objects, 0(0B) LOS objects, 23% free, 53MB/69MB, paused 654us total 31.759ms
08-03 21:21:54.522 17925 18017 I art     : Starting a blocking GC Explicit
08-03 21:21:54.563 17925 18017 I art     : Explicit concurrent mark sweep GC freed 1344(78KB) AllocSpace objects, 1(20KB) LOS objects, 23% free, 53MB/69MB, paused 676us total 40.873ms
08-03 21:21:54.580 17925 18017 I art     : Starting a blocking GC Explicit
08-03 21:21:54.618 17925 18017 I art     : Explicit concurrent mark sweep GC freed 20(704B) AllocSpace objects, 0(0B) LOS objects, 23% free, 53MB/69MB, paused 702us total 37.529ms
08-03 21:21:54.632 17925 18017 I art     : Starting a blocking GC Explicit
08-03 21:21:54.666 17925 18017 I art     : Explicit concurrent mark sweep GC freed 3(96B) AllocSpace objects, 0(0B) LOS objects, 23% free, 53MB/69MB, paused 620us total 33.750ms
08-03 21:21:54.678 17925 18017 I art     : Starting a blocking GC Explicit
08-03 21:21:54.711 17925 18017 I art     : Explicit concurrent mark sweep GC freed 3(96B) AllocSpace objects, 0(0B) LOS objects, 23% free, 53MB/69MB, paused 638us total 32.321ms
08-03 21:21:54.723 17925 18017 I art     : Starting a blocking GC Explicit
08-03 21:21:54.755 17925 18017 I art     : Explicit concurrent mark sweep GC freed 3(96B) AllocSpace objects, 0(0B) LOS objects, 23% free, 53MB/69MB, paused 569us total 32.221ms
08-03 21:21:55.105 17925 18827 I art     : Starting a blocking GC Explicit
08-03 21:21:55.144 17925 18827 I art     : Explicit concurrent mark sweep GC freed 1344(78KB) AllocSpace objects, 1(20KB) LOS objects, 23% free, 53MB/69MB, paused 638us total 38.792ms
08-03 21:21:55.158 17925 18827 I art     : Starting a blocking GC Explicit
08-03 21:21:55.191 17925 18827 I art     : Explicit concurrent mark sweep GC freed 20(704B) AllocSpace objects, 0(0B) LOS objects, 23% free, 53MB/69MB, paused 743us total 32.118ms
08-03 21:21:55.203 17925 18827 I art     : Starting a blocking GC Explicit
08-03 21:21:55.235 17925 18827 I art     : Explicit concurrent mark sweep GC freed 3(96B) AllocSpace objects, 0(0B) LOS objects, 23% free, 53MB/69MB, paused 630us total 32.338ms
08-03 21:21:55.248 17925 18827 I art     : Starting a blocking GC Explicit
08-03 21:21:55.278 17925 18827 I art     : Explicit concurrent mark sweep GC freed 3(96B) AllocSpace objects, 0(0B) LOS objects, 23% free, 53MB/69MB, paused 621us total 30.650ms
08-03 21:21:55.290 17925 18827 I art     : Starting a blocking GC Explicit
08-03 21:21:55.323 17925 18827 I art     : Explicit concurrent mark sweep GC freed 3(96B) AllocSpace objects, 0(0B) LOS objects, 23% free, 53MB/69MB, paused 634us total 32.460ms
08-03 21:21:55.605 17925 17938 I art     : Starting a blocking GC Explicit
08-03 21:21:55.639 17925 17938 I art     : Explicit concurrent mark sweep GC freed 1344(78KB) AllocSpace objects, 1(20KB) LOS objects, 23% free, 53MB/69MB, paused 682us total 34.084ms
08-03 21:21:55.654 17925 17938 I art     : Starting a blocking GC Explicit
08-03 21:21:55.685 17925 17938 I art     : Explicit concurrent mark sweep GC freed 20(704B) AllocSpace objects, 0(0B) LOS objects, 23% free, 53MB/69MB, paused 634us total 30.898ms
08-03 21:21:55.697 17925 17938 I art     : Starting a blocking GC Explicit
08-03 21:21:55.727 17925 17938 I art     : Explicit concurrent mark sweep GC freed 3(96B) AllocSpace objects, 0(0B) LOS objects, 23% free, 53MB/69MB, paused 716us total 30.502ms
08-03 21:21:55.739 17925 17938 I art     : Starting a blocking GC Explicit
08-03 21:21:55.769 17925 17938 I art     : Explicit concurrent mark sweep GC freed 3(96B) AllocSpace objects, 0(0B) LOS objects, 23% free, 53MB/69MB, paused 635us total 29.940ms
08-03 21:21:55.781 17925 17938 I art     : Starting a blocking GC Explicit
08-03 21:21:55.812 17925 17938 I art     : Explicit concurrent mark sweep GC freed 3(96B) AllocSpace objects, 0(0B) LOS objects, 23% free, 53MB/69MB, paused 620us total 30.794ms
08-03 21:21:55.959 20745 20745 D AndroidRuntime: >>>>>> START com.android.internal.os.RuntimeInit uid 2000 <<<<<<
08-03 21:21:55.967 20745 20745 D AndroidRuntime: CheckJNI is OFF
08-03 21:21:56.009 20745 20745 D ICU     : No timezone override file found: /data/misc/zoneinfo/current/icu/icu_tzdata.dat
08-03 21:21:56.050 20745 20745 I Radio-JNI: register_android_hardware_Radio DONE
08-03 21:21:56.080 20745 20745 D AndroidRuntime: Calling main entry com.android.commands.input.Input
08-03 21:21:56.082 20745 20745 I Input   : injectKeyEvent: KeyEvent { action=ACTION_DOWN, keyCode=KEYCODE_BACK, scanCode=0, metaState=0, flags=0x0, repeatCount=0, eventTime=652932495, downTime=652932495, deviceId=-1, source=0x101 }
08-03 21:21:56.086 20745 20745 I Input   : injectKeyEvent: KeyEvent { action=ACTION_UP, keyCode=KEYCODE_BACK, scanCode=0, metaState=0, flags=0x0, repeatCount=0, eventTime=652932495, downTime=652932495, deviceId=-1, source=0x101 }
08-03 21:21:56.092 20745 20745 D AndroidRuntime: Shutting down VM
08-03 21:21:56.116 17925 17938 I art     : Starting a blocking GC Explicit
08-03 21:21:56.132 13866 13866 I GoogleInputMethodServic: GoogleInputMethodService.onFinishInput():3138 
08-03 21:21:56.133 13866 13866 I GoogleInputMethodServic: GoogleInputMethodService.onStartInput():1808 
08-03 21:21:56.145 17925 17938 I art     : Explicit concurrent mark sweep GC freed 1464(84KB) AllocSpace objects, 1(20KB) LOS objects, 23% free, 53MB/69MB, paused 609us total 28.179ms
08-03 21:21:56.157 17925 17938 I art     : Starting a blocking GC Explicit
08-03 21:21:56.184 17925 17938 I art     : Explicit concurrent mark sweep GC freed 43(1504B) AllocSpace objects, 0(0B) LOS objects, 23% free, 53MB/69MB, paused 573us total 26.652ms
08-03 21:21:56.195 17925 17938 I art     : Starting a blocking GC Explicit
08-03 21:21:56.222 17925 17938 I art     : Explicit concurrent mark sweep GC freed 4(112B) AllocSpace objects, 0(0B) LOS objects, 23% free, 53MB/69MB, paused 734us total 26.547ms
08-03 21:21:56.235 17925 17938 I art     : Starting a blocking GC Explicit
08-03 21:21:56.267 17925 17938 I art     : Explicit concurrent mark sweep GC freed 3(96B) AllocSpace objects, 0(0B) LOS objects, 23% free, 53MB/69MB, paused 602us total 31.181ms
08-03 21:21:56.280 17925 17938 I art     : Starting a blocking GC Explicit
08-03 21:21:56.316 17925 17938 I art     : Explicit concurrent mark sweep GC freed 3(96B) AllocSpace objects, 0(0B) LOS objects, 23% free, 53MB/69MB, paused 663us total 34.928ms
08-03 21:21:56.434   380   380 W SurfaceFlinger: couldn't log to binary event log: overflow.
08-03 21:21:56.604 17925 17938 I art     : Starting a blocking GC Explicit
08-03 21:21:56.640 17925 17938 I art     : Explicit concurrent mark sweep GC freed 1523(90KB) AllocSpace objects, 1(20KB) LOS objects, 23% free, 53MB/69MB, paused 749us total 35.771ms
08-03 21:21:56.655 17925 17938 I art     : Starting a blocking GC Explicit
08-03 21:21:56.683 17925 17938 I art     : Explicit concurrent mark sweep GC freed 4714(270KB) AllocSpace objects, 2(140KB) LOS objects, 23% free, 52MB/68MB, paused 581us total 27.462ms
08-03 21:21:56.694 17925 17938 I art     : Starting a blocking GC Explicit
08-03 21:21:56.722 17925 17938 I art     : Explicit concurrent mark sweep GC freed 3(96B) AllocSpace objects, 0(0B) LOS objects, 23% free, 52MB/68MB, paused 584us total 27.553ms
08-03 21:21:56.733 17925 17938 I art     : Starting a blocking GC Explicit
08-03 21:21:56.761 17925 17938 I art     : Explicit concurrent mark sweep GC freed 3(96B) AllocSpace objects, 0(0B) LOS objects, 23% free, 52MB/68MB, paused 573us total 27.652ms
08-03 21:21:56.772 17925 17938 I art     : Starting a blocking GC Explicit
08-03 21:21:56.800 17925 17938 I art     : Explicit concurrent mark sweep GC freed 3(96B) AllocSpace objects, 0(0B) LOS objects, 23% free, 52MB/68MB, paused 599us total 27.437ms
08-03 21:21:57.123 17925 18827 I art     : Starting a blocking GC Explicit
08-03 21:21:57.156 17925 18827 I art     : Explicit concurrent mark sweep GC freed 1344(78KB) AllocSpace objects, 1(20KB) LOS objects, 23% free, 52MB/68MB, paused 629us total 32.716ms
08-03 21:21:57.170 17925 18827 I art     : Starting a blocking GC Explicit
08-03 21:21:57.198 17925 18827 I art     : Explicit concurrent mark sweep GC freed 20(704B) AllocSpace objects, 0(0B) LOS objects, 23% free, 52MB/68MB, paused 739us total 28.300ms
08-03 21:21:57.210 17925 18827 I art     : Starting a blocking GC Explicit
08-03 21:21:57.237 17925 18827 I art     : Explicit concurrent mark sweep GC freed 3(96B) AllocSpace objects, 0(0B) LOS objects, 23% free, 52MB/68MB, paused 621us total 26.955ms
08-03 21:21:57.248 17925 18827 I art     : Starting a blocking GC Explicit
08-03 21:21:57.275 17925 18827 I art     : Explicit concurrent mark sweep GC freed 3(96B) AllocSpace objects, 0(0B) LOS objects, 23% free, 52MB/68MB, paused 581us total 27.208ms
08-03 21:21:57.287 17925 18827 I art     : Starting a blocking GC Explicit
08-03 21:21:57.314 17925 18827 I art     : Explicit concurrent mark sweep GC freed 3(96B) AllocSpace objects, 0(0B) LOS objects, 23% free, 52MB/68MB, paused 600us total 27.368ms
08-03 21:21:57.606 17925 17937 I art     : Starting a blocking GC Explicit
08-03 21:21:57.639 17925 17937 I art     : Explicit concurrent mark sweep GC freed 1343(78KB) AllocSpace objects, 1(20KB) LOS objects, 23% free, 52MB/68MB, paused 693us total 32.625ms
08-03 21:21:57.654 17925 17937 I art     : Starting a blocking GC Explicit
08-03 21:21:57.683 17925 17937 I art     : Explicit concurrent mark sweep GC freed 20(704B) AllocSpace objects, 0(0B) LOS objects, 23% free, 52MB/68MB, paused 615us total 29.315ms
08-03 21:21:57.694 17925 17937 I art     : Starting a blocking GC Explicit
08-03 21:21:57.727 17925 17937 I art     : Explicit concurrent mark sweep GC freed 4(128B) AllocSpace objects, 0(0B) LOS objects, 23% free, 52MB/68MB, paused 596us total 32.508ms
08-03 21:21:57.738 17925 17937 I art     : Starting a blocking GC Explicit
08-03 21:21:57.769 17925 17937 I art     : Explicit concurrent mark sweep GC freed 8(256B) AllocSpace objects, 0(0B) LOS objects, 23% free, 52MB/68MB, paused 703us total 29.937ms
08-03 21:21:57.779 17925 17937 I art     : Starting a blocking GC Explicit
08-03 21:21:57.806 17925 17937 I art     : Explicit concurrent mark sweep GC freed 7(224B) AllocSpace objects, 0(0B) LOS objects, 23% free, 52MB/68MB, paused 752us total 26.882ms
08-03 21:21:57.876 20798 20798 D AndroidRuntime: >>>>>> START com.android.internal.os.RuntimeInit uid 2000 <<<<<<
08-03 21:21:57.883 20798 20798 D AndroidRuntime: CheckJNI is OFF
08-03 21:21:57.925 20798 20798 D ICU     : No timezone override file found: /data/misc/zoneinfo/current/icu/icu_tzdata.dat
08-03 21:21:57.970 20798 20798 I Radio-JNI: register_android_hardware_Radio DONE
08-03 21:21:57.998 20798 20798 D AndroidRuntime: Calling main entry com.android.commands.input.Input
08-03 21:21:58.000 20798 20798 I Input   : injectKeyEvent: KeyEvent { action=ACTION_DOWN, keyCode=KEYCODE_BACK, scanCode=0, metaState=0, flags=0x0, repeatCount=0, eventTime=652934413, downTime=652934413, deviceId=-1, source=0x101 }
08-03 21:21:58.006 20798 20798 I Input   : injectKeyEvent: KeyEvent { action=ACTION_UP, keyCode=KEYCODE_BACK, scanCode=0, metaState=0, flags=0x0, repeatCount=0, eventTime=652934413, downTime=652934413, deviceId=-1, source=0x101 }
08-03 21:21:58.012 20798 20798 D AndroidRuntime: Shutting down VM
08-03 21:21:58.045 13866 13866 I GoogleInputMethodServic: GoogleInputMethodService.onFinishInput():3138 
08-03 21:21:58.045 13866 13866 I GoogleInputMethodServic: GoogleInputMethodService.onStartInput():1808 
08-03 21:21:58.117 17925 18827 I art     : Starting a blocking GC Explicit
08-03 21:21:58.144 17925 18827 I art     : Explicit concurrent mark sweep GC freed 1562(87KB) AllocSpace objects, 1(20KB) LOS objects, 23% free, 52MB/68MB, paused 595us total 26.980ms
08-03 21:21:58.156 17925 18827 I art     : Starting a blocking GC Explicit
08-03 21:21:58.182 17925 18827 I art     : Explicit concurrent mark sweep GC freed 24(864B) AllocSpace objects, 0(0B) LOS objects, 23% free, 52MB/68MB, paused 562us total 26.109ms
08-03 21:21:58.197 17925 18827 I art     : Starting a blocking GC Explicit
08-03 21:21:58.225 17925 18827 I art     : Explicit concurrent mark sweep GC freed 3(96B) AllocSpace objects, 0(0B) LOS objects, 23% free, 52MB/68MB, paused 593us total 27.772ms
08-03 21:21:58.238 17925 18827 I art     : Starting a blocking GC Explicit
08-03 21:21:58.265 17925 18827 I art     : Explicit concurrent mark sweep GC freed 3(96B) AllocSpace objects, 0(0B) LOS objects, 23% free, 52MB/68MB, paused 585us total 26.379ms
08-03 21:21:58.277 17925 18827 I art     : Starting a blocking GC Explicit
08-03 21:21:58.305 17925 18827 I art     : Explicit concurrent mark sweep GC freed 3(96B) AllocSpace objects, 0(0B) LOS objects, 23% free, 52MB/68MB, paused 641us total 28.288ms
08-03 21:21:58.336   380   380 W SurfaceFlinger: couldn't log to binary event log: overflow.
08-03 21:21:58.600 17925 17937 I art     : Starting a blocking GC Explicit
08-03 21:21:58.634 17925 17937 I art     : Explicit concurrent mark sweep GC freed 1458(87KB) AllocSpace objects, 1(20KB) LOS objects, 23% free, 52MB/68MB, paused 642us total 33.140ms
08-03 21:21:58.649 17925 17937 I art     : Starting a blocking GC Explicit
08-03 21:21:58.675 17925 17937 I art     : Explicit concurrent mark sweep GC freed 2082(122KB) AllocSpace objects, 2(180KB) LOS objects, 23% free, 52MB/68MB, paused 594us total 26.472ms
08-03 21:21:58.686 17925 17937 I art     : Starting a blocking GC Explicit
08-03 21:21:58.713 17925 17937 I art     : Explicit concurrent mark sweep GC freed 3(96B) AllocSpace objects, 0(0B) LOS objects, 23% free, 52MB/68MB, paused 599us total 26.324ms
08-03 21:21:58.724 17925 17937 I art     : Starting a blocking GC Explicit
08-03 21:21:58.751 17925 17937 I art     : Explicit concurrent mark sweep GC freed 3(96B) AllocSpace objects, 0(0B) LOS objects, 23% free, 52MB/68MB, paused 587us total 26.499ms
08-03 21:21:58.762 17925 17937 I art     : Starting a blocking GC Explicit
08-03 21:21:58.789 17925 17937 I art     : Explicit concurrent mark sweep GC freed 3(96B) AllocSpace objects, 0(0B) LOS objects, 23% free, 52MB/68MB, paused 582us total 26.558ms
08-03 21:21:59.101 17925 18034 I art     : Starting a blocking GC Explicit
08-03 21:21:59.133 17925 18034 I art     : Explicit concurrent mark sweep GC freed 1343(78KB) AllocSpace objects, 1(20KB) LOS objects, 23% free, 52MB/68MB, paused 647us total 31.610ms
08-03 21:21:59.146 17925 18034 I art     : Starting a blocking GC Explicit
08-03 21:21:59.173 17925 18034 I art     : Explicit concurrent mark sweep GC freed 20(704B) AllocSpace objects, 0(0B) LOS objects, 23% free, 52MB/68MB, paused 591us total 26.335ms
08-03 21:21:59.184 17925 18034 I art     : Starting a blocking GC Explicit
08-03 21:21:59.210 17925 18034 I art     : Explicit concurrent mark sweep GC freed 3(96B) AllocSpace objects, 0(0B) LOS objects, 23% free, 52MB/68MB, paused 608us total 26.126ms
08-03 21:21:59.222 17925 18034 I art     : Starting a blocking GC Explicit
08-03 21:21:59.247 17925 18034 I art     : Explicit concurrent mark sweep GC freed 3(96B) AllocSpace objects, 0(0B) LOS objects, 23% free, 52MB/68MB, paused 640us total 25.398ms
08-03 21:21:59.258 17925 18034 I art     : Starting a blocking GC Explicit
08-03 21:21:59.284 17925 18034 I art     : Explicit concurrent mark sweep GC freed 3(96B) AllocSpace objects, 0(0B) LOS objects, 23% free, 52MB/68MB, paused 597us total 25.292ms
08-03 21:21:59.576 17925 18017 I art     : Starting a blocking GC Explicit
08-03 21:21:59.609 17925 18017 I art     : Explicit concurrent mark sweep GC freed 1341(78KB) AllocSpace objects, 1(20KB) LOS objects, 23% free, 52MB/68MB, paused 619us total 32.474ms
08-03 21:21:59.620 17925 18017 I art     : Starting a blocking GC Explicit
08-03 21:21:59.649 17925 18017 I art     : Explicit concurrent mark sweep GC freed 20(704B) AllocSpace objects, 0(0B) LOS objects, 23% free, 52MB/68MB, paused 606us total 28.152ms
08-03 21:21:59.660 17925 18017 I art     : Starting a blocking GC Explicit
08-03 21:21:59.687 17925 18017 I art     : Explicit concurrent mark sweep GC freed 3(96B) AllocSpace objects, 0(0B) LOS objects, 23% free, 52MB/68MB, paused 704us total 27.497ms
08-03 21:21:59.698 17925 18017 I art     : Starting a blocking GC Explicit
08-03 21:21:59.725 17925 18017 I art     : Explicit concurrent mark sweep GC freed 3(96B) AllocSpace objects, 0(0B) LOS objects, 23% free, 52MB/68MB, paused 617us total 26.520ms
08-03 21:21:59.736 17925 18017 I art     : Starting a blocking GC Explicit
08-03 21:21:59.764 17925 18017 I art     : Explicit concurrent mark sweep GC freed 3(96B) AllocSpace objects, 0(0B) LOS objects, 23% free, 52MB/68MB, paused 613us total 27.394ms
08-03 21:21:59.802 20853 20853 D AndroidRuntime: >>>>>> START com.android.internal.os.RuntimeInit uid 2000 <<<<<<
08-03 21:21:59.808 20853 20853 D AndroidRuntime: CheckJNI is OFF
08-03 21:21:59.855 20853 20853 D ICU     : No timezone override file found: /data/misc/zoneinfo/current/icu/icu_tzdata.dat
08-03 21:21:59.905 20853 20853 I Radio-JNI: register_android_hardware_Radio DONE
08-03 21:21:59.936 20853 20853 D AndroidRuntime: Calling main entry com.android.commands.input.Input
08-03 21:21:59.938 20853 20853 I Input   : injectMotionEvent: MotionEvent { action=ACTION_DOWN, actionButton=0, id[0]=0, x[0]=1084.0, y[0]=2213.0, toolType[0]=TOOL_TYPE_UNKNOWN, buttonState=0, metaState=0, flags=0x0, edgeFlags=0x0, pointerCount=1, historySize=0, eventTime=652936351, downTime=652936351, deviceId=0, source=0x1002 }
08-03 21:21:59.944 20853 20853 I Input   : injectMotionEvent: MotionEvent { action=ACTION_UP, actionButton=0, id[0]=0, x[0]=1084.0, y[0]=2213.0, toolType[0]=TOOL_TYPE_UNKNOWN, buttonState=0, metaState=0, flags=0x0, edgeFlags=0x0, pointerCount=1, historySize=0, eventTime=652936351, downTime=652936351, deviceId=0, source=0x1002 }
08-03 21:21:59.946   918  6029 I ActivityManager: START u0 {cmp=baseline.appteam.nith.hillffair/.activities.EventActivity} from uid 10624 on display 0
08-03 21:21:59.956 20853 20853 D AndroidRuntime: Shutting down VM
08-03 21:22:00.046 13866 13866 I GoogleInputMethodServic: GoogleInputMethodService.onFinishInput():3138 
08-03 21:22:00.047 13866 13866 I GoogleInputMethodServic: GoogleInputMethodService.onStartInput():1808 
08-03 21:22:00.069   918   936 I ActivityManager: Displayed baseline.appteam.nith.hillffair/.activities.EventActivity: +113ms
08-03 21:22:00.071 17925 18034 I art     : Starting a blocking GC Explicit
08-03 21:22:00.100 17925 18034 I art     : Explicit concurrent mark sweep GC freed 6097(365KB) AllocSpace objects, 1(20KB) LOS objects, 23% free, 52MB/68MB, paused 735us total 29.076ms
08-03 21:22:00.111 17925 18034 I art     : Starting a blocking GC Explicit
08-03 21:22:00.136 17925 18034 I art     : Explicit concurrent mark sweep GC freed 329(16KB) AllocSpace objects, 0(0B) LOS objects, 23% free, 52MB/68MB, paused 626us total 23.876ms
08-03 21:22:00.147 17925 18034 I art     : Starting a blocking GC Explicit
08-03 21:22:00.173 17925 18034 I art     : Explicit concurrent mark sweep GC freed 5(160B) AllocSpace objects, 0(0B) LOS objects, 23% free, 52MB/68MB, paused 701us total 25.376ms
08-03 21:22:00.184 17925 18034 I art     : Starting a blocking GC Explicit
08-03 21:22:00.213 17925 18034 I art     : Explicit concurrent mark sweep GC freed 3(96B) AllocSpace objects, 0(0B) LOS objects, 23% free, 52MB/68MB, paused 786us total 28.148ms
08-03 21:22:00.224 17925 18034 I art     : Starting a blocking GC Explicit
08-03 21:22:00.253 17925 18034 I art     : Explicit concurrent mark sweep GC freed 3(96B) AllocSpace objects, 0(0B) LOS objects, 23% free, 52MB/68MB, paused 671us total 28.567ms
08-03 21:22:00.322   380   380 W SurfaceFlinger: couldn't log to binary event log: overflow.
08-03 21:22:00.529 17925 20886 D OkHttp  : --> GET https://api-hillfair-2k16.herokuapp.com/api/app/club http/1.1
08-03 21:22:00.552 17925 18034 I art     : Starting a blocking GC Explicit
08-03 21:22:00.568 17925 20886 D OkHttp  : <-- 200 OK https://api-hillfair-2k16.herokuapp.com/api/app/club (38ms, 1870-byte body)
08-03 21:22:00.581 17925 18034 I art     : Explicit concurrent mark sweep GC freed 4401(277KB) AllocSpace objects, 4(220KB) LOS objects, 23% free, 52MB/68MB, paused 672us total 28.768ms
08-03 21:22:00.590 17925 17925 I NAPPA_EXPERIMENTATION: MetricNetworkRequestExecutionTime: REQUEST_DURATION_SYSTEM='603',REQUEST_DURATION_OKHTTP='39',REQUEST_SYNCHRONOUS='FALSE',RESPONSE_CODE='200',RESPONSE_METHOD='GET',RESPONSE_LENGTH_OKHTTP='1870',RESPONSE_LENGTH_HEADER='1870',REQUEST_PROTOCOL='http/1.1',REQUEST_URL='https://api-hillfair-2k16.herokuapp.com/api/app/club',
08-03 21:22:00.593 17925 18034 I art     : Starting a blocking GC Explicit
08-03 21:22:00.620 17925 18034 I art     : Explicit concurrent mark sweep GC freed 1507(159KB) AllocSpace objects, 0(0B) LOS objects, 23% free, 52MB/68MB, paused 889us total 26.755ms
08-03 21:22:00.631 17925 18034 I art     : Starting a blocking GC Explicit
08-03 21:22:00.670 17925 18034 I art     : Explicit concurrent mark sweep GC freed 1296(53KB) AllocSpace objects, 0(0B) LOS objects, 23% free, 52MB/68MB, paused 1.439ms total 38.732ms
08-03 21:22:00.681 17925 18034 I art     : Starting a blocking GC Explicit
08-03 21:22:00.710 17925 18034 I art     : Explicit concurrent mark sweep GC freed 158(5KB) AllocSpace objects, 0(0B) LOS objects, 23% free, 52MB/68MB, paused 1.017ms total 28.048ms
08-03 21:22:00.720 17925 18034 I art     : Starting a blocking GC Explicit
08-03 21:22:00.750 17925 18034 I art     : Explicit concurrent mark sweep GC freed 193(54KB) AllocSpace objects, 0(0B) LOS objects, 23% free, 52MB/68MB, paused 1.335ms total 28.925ms
08-03 21:22:01.041 17925 18034 I art     : Starting a blocking GC Explicit
08-03 21:22:01.069 17925 18034 I art     : Explicit concurrent mark sweep GC freed 2202(232KB) AllocSpace objects, 1(20KB) LOS objects, 23% free, 53MB/69MB, paused 801us total 27.505ms
08-03 21:22:01.080 17925 18034 I art     : Starting a blocking GC Explicit
08-03 21:22:01.109 17925 18034 I art     : Explicit concurrent mark sweep GC freed 69(2272B) AllocSpace objects, 0(0B) LOS objects, 23% free, 53MB/69MB, paused 803us total 28.500ms
08-03 21:22:01.120 17925 18034 I art     : Starting a blocking GC Explicit
08-03 21:22:01.150 17925 18034 I art     : Explicit concurrent mark sweep GC freed 33(1216B) AllocSpace objects, 0(0B) LOS objects, 23% free, 53MB/69MB, paused 795us total 29.396ms
08-03 21:22:01.161 17925 18034 I art     : Starting a blocking GC Explicit
08-03 21:22:01.191 17925 18034 I art     : Explicit concurrent mark sweep GC freed 3(96B) AllocSpace objects, 0(0B) LOS objects, 23% free, 53MB/69MB, paused 792us total 29.723ms
08-03 21:22:01.202 17925 18034 I art     : Starting a blocking GC Explicit
08-03 21:22:01.232 17925 18034 I art     : Explicit concurrent mark sweep GC freed 6078(241KB) AllocSpace objects, 0(0B) LOS objects, 23% free, 53MB/69MB, paused 967us total 29.767ms
08-03 21:22:01.514 17925 18034 I art     : Starting a blocking GC Explicit
08-03 21:22:01.546 17925 18034 I art     : Explicit concurrent mark sweep GC freed 3557(314KB) AllocSpace objects, 1(20KB) LOS objects, 23% free, 53MB/69MB, paused 648us total 31.169ms
08-03 21:22:01.559 17925 18034 I art     : Starting a blocking GC Explicit
08-03 21:22:01.589 17925 18034 I art     : Explicit concurrent mark sweep GC freed 112(4KB) AllocSpace objects, 0(0B) LOS objects, 23% free, 53MB/69MB, paused 660us total 28.925ms
08-03 21:22:01.600 17925 18034 I art     : Starting a blocking GC Explicit
08-03 21:22:01.630 17925 18034 I art     : Explicit concurrent mark sweep GC freed 3(96B) AllocSpace objects, 0(0B) LOS objects, 23% free, 53MB/69MB, paused 667us total 30.141ms
08-03 21:22:01.642 17925 18034 I art     : Starting a blocking GC Explicit
08-03 21:22:01.674 17925 18034 I art     : Explicit concurrent mark sweep GC freed 3(96B) AllocSpace objects, 0(0B) LOS objects, 23% free, 53MB/69MB, paused 663us total 32.033ms
08-03 21:22:01.686 17925 18034 I art     : Starting a blocking GC Explicit
08-03 21:22:01.718 17925 18034 I art     : Explicit concurrent mark sweep GC freed 3(96B) AllocSpace objects, 0(0B) LOS objects, 23% free, 53MB/69MB, paused 697us total 31.338ms
08-03 21:22:02.061 17925 18017 I art     : Starting a blocking GC Explicit
08-03 21:22:02.102 17925 18017 I art     : Explicit concurrent mark sweep GC freed 1344(78KB) AllocSpace objects, 1(20KB) LOS objects, 23% free, 53MB/69MB, paused 737us total 40.347ms
08-03 21:22:02.118 17925 18017 I art     : Starting a blocking GC Explicit
08-03 21:22:02.150 17925 18017 I art     : Explicit concurrent mark sweep GC freed 20(704B) AllocSpace objects, 0(0B) LOS objects, 23% free, 53MB/69MB, paused 685us total 31.376ms
08-03 21:22:02.162 17925 18017 I art     : Starting a blocking GC Explicit
08-03 21:22:02.194 17925 18017 I art     : Explicit concurrent mark sweep GC freed 3(96B) AllocSpace objects, 0(0B) LOS objects, 23% free, 53MB/69MB, paused 674us total 31.924ms
08-03 21:22:02.194 17925 17936 I art     : WaitForGcToComplete blocked for 32.197ms for cause HeapTrim
08-03 21:22:02.205 17925 18017 I art     : Starting a blocking GC Explicit
08-03 21:22:02.235 17925 18017 I art     : Explicit concurrent mark sweep GC freed 3(96B) AllocSpace objects, 0(0B) LOS objects, 23% free, 53MB/69MB, paused 642us total 29.012ms
08-03 21:22:02.246 17925 18017 I art     : Starting a blocking GC Explicit
08-03 21:22:02.277 17925 18017 I art     : Explicit concurrent mark sweep GC freed 3(96B) AllocSpace objects, 0(0B) LOS objects, 23% free, 53MB/69MB, paused 737us total 30.242ms
08-03 21:22:02.619 17925 17938 I art     : Starting a blocking GC Explicit
08-03 21:22:02.654 17925 17938 I art     : Explicit concurrent mark sweep GC freed 1344(78KB) AllocSpace objects, 1(20KB) LOS objects, 23% free, 53MB/69MB, paused 698us total 34.618ms
08-03 21:22:02.667 17925 17938 I art     : Starting a blocking GC Explicit
08-03 21:22:02.698 17925 17938 I art     : Explicit concurrent mark sweep GC freed 20(704B) AllocSpace objects, 0(0B) LOS objects, 23% free, 53MB/69MB, paused 722us total 30.927ms
08-03 21:22:02.710 17925 17938 I art     : Starting a blocking GC Explicit
08-03 21:22:02.740 17925 17938 I art     : Explicit concurrent mark sweep GC freed 3(96B) AllocSpace objects, 0(0B) LOS objects, 23% free, 53MB/69MB, paused 668us total 30.251ms
08-03 21:22:02.752 17925 17938 I art     : Starting a blocking GC Explicit
08-03 21:22:02.784 17925 17938 I art     : Explicit concurrent mark sweep GC freed 3(96B) AllocSpace objects, 0(0B) LOS objects, 23% free, 53MB/69MB, paused 629us total 31.349ms
08-03 21:22:02.796 17925 17938 I art     : Starting a blocking GC Explicit
08-03 21:22:02.828 17925 17938 I art     : Explicit concurrent mark sweep GC freed 3(96B) AllocSpace objects, 0(0B) LOS objects, 23% free, 53MB/69MB, paused 701us total 32.103ms
08-03 21:22:03.201 17925 18827 I art     : Starting a blocking GC Explicit
08-03 21:22:03.243 17925 18827 I art     : Explicit concurrent mark sweep GC freed 1344(78KB) AllocSpace objects, 1(20KB) LOS objects, 23% free, 53MB/69MB, paused 715us total 41.281ms
08-03 21:22:03.255 17925 18827 I art     : Starting a blocking GC Explicit
08-03 21:22:03.287 17925 18827 I art     : Explicit concurrent mark sweep GC freed 20(704B) AllocSpace objects, 0(0B) LOS objects, 23% free, 53MB/69MB, paused 629us total 31.563ms
08-03 21:22:03.298 17925 18827 I art     : Starting a blocking GC Explicit
08-03 21:22:03.331 17925 18827 I art     : Explicit concurrent mark sweep GC freed 3(96B) AllocSpace objects, 0(0B) LOS objects, 23% free, 53MB/69MB, paused 660us total 31.878ms
08-03 21:22:03.342 17925 18827 I art     : Starting a blocking GC Explicit
08-03 21:22:03.373 17925 18827 I art     : Explicit concurrent mark sweep GC freed 3(96B) AllocSpace objects, 0(0B) LOS objects, 23% free, 53MB/69MB, paused 672us total 30.148ms
08-03 21:22:03.385 17925 18827 I art     : Starting a blocking GC Explicit
08-03 21:22:03.417 17925 18827 I art     : Explicit concurrent mark sweep GC freed 3(96B) AllocSpace objects, 0(0B) LOS objects, 23% free, 53MB/69MB, paused 680us total 31.881ms
08-03 21:22:03.761 17925 17937 I art     : Starting a blocking GC Explicit
08-03 21:22:03.799 17925 17937 I art     : Explicit concurrent mark sweep GC freed 1344(78KB) AllocSpace objects, 1(20KB) LOS objects, 23% free, 53MB/69MB, paused 727us total 37.114ms
08-03 21:22:03.813 17925 17937 I art     : Starting a blocking GC Explicit
08-03 21:22:03.844 17925 17937 I art     : Explicit concurrent mark sweep GC freed 20(704B) AllocSpace objects, 0(0B) LOS objects, 23% free, 53MB/69MB, paused 689us total 31.090ms
08-03 21:22:03.855 17925 17937 I art     : Starting a blocking GC Explicit
08-03 21:22:03.887 17925 17937 I art     : Explicit concurrent mark sweep GC freed 3(96B) AllocSpace objects, 0(0B) LOS objects, 23% free, 53MB/69MB, paused 622us total 31.039ms
08-03 21:22:03.899 17925 17937 I art     : Starting a blocking GC Explicit
08-03 21:22:03.931 17925 17937 I art     : Explicit concurrent mark sweep GC freed 3(96B) AllocSpace objects, 0(0B) LOS objects, 23% free, 53MB/69MB, paused 669us total 31.986ms
08-03 21:22:03.943 17925 17937 I art     : Starting a blocking GC Explicit
08-03 21:22:03.974 17925 17937 I art     : Explicit concurrent mark sweep GC freed 3(96B) AllocSpace objects, 0(0B) LOS objects, 23% free, 53MB/69MB, paused 648us total 30.569ms
08-03 21:22:04.264 16351 16351 I Atfwd_Sendcmd: AtCmdFwd service not ready - Exhausted retry attempts - :6
08-03 21:22:04.264 16351 16351 I Atfwd_Daemon: result : -1 	 ,Init step :2 	 ,qmiErrorCode: 0
08-03 21:22:04.295 17925 18034 I art     : Starting a blocking GC Explicit
08-03 21:22:04.331 17925 18034 I art     : Explicit concurrent mark sweep GC freed 1344(78KB) AllocSpace objects, 1(20KB) LOS objects, 23% free, 53MB/69MB, paused 680us total 35.646ms
08-03 21:22:04.345 17925 18034 I art     : Starting a blocking GC Explicit
08-03 21:22:04.376 17925 18034 I art     : Explicit concurrent mark sweep GC freed 20(704B) AllocSpace objects, 0(0B) LOS objects, 23% free, 53MB/69MB, paused 646us total 30.407ms
08-03 21:22:04.388 17925 18034 I art     : Starting a blocking GC Explicit
08-03 21:22:04.420 17925 18034 I art     : Explicit concurrent mark sweep GC freed 3(96B) AllocSpace objects, 0(0B) LOS objects, 23% free, 53MB/69MB, paused 679us total 32.203ms
08-03 21:22:04.432 17925 18034 I art     : Starting a blocking GC Explicit
08-03 21:22:04.463 17925 18034 I art     : Explicit concurrent mark sweep GC freed 3(96B) AllocSpace objects, 0(0B) LOS objects, 23% free, 53MB/69MB, paused 631us total 30.569ms
08-03 21:22:04.474 17925 18034 I art     : Starting a blocking GC Explicit
08-03 21:22:04.506 17925 18034 I art     : Explicit concurrent mark sweep GC freed 3(96B) AllocSpace objects, 0(0B) LOS objects, 23% free, 53MB/69MB, paused 680us total 30.989ms
08-03 21:22:04.837 17925 18017 I art     : Starting a blocking GC Explicit
08-03 21:22:04.875 17925 18017 I art     : Explicit concurrent mark sweep GC freed 1344(78KB) AllocSpace objects, 1(20KB) LOS objects, 23% free, 53MB/69MB, paused 701us total 37.725ms
08-03 21:22:04.889 17925 18017 I art     : Starting a blocking GC Explicit
08-03 21:22:04.921 17925 18017 I art     : Explicit concurrent mark sweep GC freed 20(704B) AllocSpace objects, 0(0B) LOS objects, 23% free, 53MB/69MB, paused 674us total 31.721ms
08-03 21:22:04.933 17925 18017 I art     : Starting a blocking GC Explicit
08-03 21:22:04.965 17925 18017 I art     : Explicit concurrent mark sweep GC freed 3(96B) AllocSpace objects, 0(0B) LOS objects, 23% free, 53MB/69MB, paused 641us total 31.189ms
08-03 21:22:04.976 17925 18017 I art     : Starting a blocking GC Explicit
08-03 21:22:05.007 17925 18017 I art     : Explicit concurrent mark sweep GC freed 3(96B) AllocSpace objects, 0(0B) LOS objects, 23% free, 53MB/69MB, paused 664us total 30.429ms
08-03 21:22:05.018 17925 18017 I art     : Starting a blocking GC Explicit
08-03 21:22:05.051 17925 18017 I art     : Explicit concurrent mark sweep GC freed 3(96B) AllocSpace objects, 0(0B) LOS objects, 23% free, 53MB/69MB, paused 671us total 31.857ms
08-03 21:22:05.391 17925 17938 I art     : Starting a blocking GC Explicit
08-03 21:22:05.430 17925 17938 I art     : Explicit concurrent mark sweep GC freed 1344(78KB) AllocSpace objects, 1(20KB) LOS objects, 23% free, 53MB/69MB, paused 756us total 38.494ms
08-03 21:22:05.447 17925 17938 I art     : Starting a blocking GC Explicit
08-03 21:22:05.482 17925 17938 I art     : Explicit concurrent mark sweep GC freed 20(704B) AllocSpace objects, 0(0B) LOS objects, 23% free, 53MB/69MB, paused 724us total 34.424ms
08-03 21:22:05.495 17925 17938 I art     : Starting a blocking GC Explicit
08-03 21:22:05.527 17925 17938 I art     : Explicit concurrent mark sweep GC freed 3(96B) AllocSpace objects, 0(0B) LOS objects, 23% free, 53MB/69MB, paused 696us total 31.799ms
08-03 21:22:05.539 17925 17938 I art     : Starting a blocking GC Explicit
08-03 21:22:05.571 17925 17938 I art     : Explicit concurrent mark sweep GC freed 3(96B) AllocSpace objects, 0(0B) LOS objects, 23% free, 53MB/69MB, paused 678us total 31.809ms
08-03 21:22:05.582 17925 17938 I art     : Starting a blocking GC Explicit
08-03 21:22:05.611 17925 17938 I art     : Explicit concurrent mark sweep GC freed 3(96B) AllocSpace objects, 0(0B) LOS objects, 23% free, 53MB/69MB, paused 643us total 28.538ms
08-03 21:22:05.962 17925 18827 I art     : Starting a blocking GC Explicit
08-03 21:22:05.992 17925 18827 I art     : Explicit concurrent mark sweep GC freed 1344(78KB) AllocSpace objects, 1(20KB) LOS objects, 23% free, 53MB/69MB, paused 660us total 30.300ms
08-03 21:22:06.004 17925 18827 I art     : Starting a blocking GC Explicit
08-03 21:22:06.032 17925 18827 I art     : Explicit concurrent mark sweep GC freed 20(704B) AllocSpace objects, 0(0B) LOS objects, 23% free, 53MB/69MB, paused 653us total 28.189ms
08-03 21:22:06.043 17925 18827 I art     : Starting a blocking GC Explicit
08-03 21:22:06.072 17925 18827 I art     : Explicit concurrent mark sweep GC freed 3(96B) AllocSpace objects, 0(0B) LOS objects, 23% free, 53MB/69MB, paused 640us total 28.907ms
08-03 21:22:06.084 17925 18827 I art     : Starting a blocking GC Explicit
08-03 21:22:06.114 17925 18827 I art     : Explicit concurrent mark sweep GC freed 3(96B) AllocSpace objects, 0(0B) LOS objects, 23% free, 53MB/69MB, paused 670us total 30.355ms
08-03 21:22:06.126 17925 18827 I art     : Starting a blocking GC Explicit
08-03 21:22:06.159 17925 18827 I art     : Explicit concurrent mark sweep GC freed 3(96B) AllocSpace objects, 0(0B) LOS objects, 23% free, 53MB/69MB, paused 685us total 32.150ms
08-03 21:22:06.517 17925 17937 I art     : Starting a blocking GC Explicit
08-03 21:22:06.557 17925 17937 I art     : Explicit concurrent mark sweep GC freed 1344(78KB) AllocSpace objects, 1(20KB) LOS objects, 23% free, 53MB/69MB, paused 706us total 40.071ms
08-03 21:22:06.571 17925 17937 I art     : Starting a blocking GC Explicit
08-03 21:22:06.602 17925 17937 I art     : Explicit concurrent mark sweep GC freed 20(704B) AllocSpace objects, 0(0B) LOS objects, 23% free, 53MB/69MB, paused 610us total 30.365ms
08-03 21:22:06.614 17925 17937 I art     : Starting a blocking GC Explicit
08-03 21:22:06.646 17925 17937 I art     : Explicit concurrent mark sweep GC freed 3(96B) AllocSpace objects, 0(0B) LOS objects, 23% free, 53MB/69MB, paused 646us total 32.057ms
08-03 21:22:06.658 17925 17937 I art     : Starting a blocking GC Explicit
08-03 21:22:06.689 17925 17937 I art     : Explicit concurrent mark sweep GC freed 3(96B) AllocSpace objects, 0(0B) LOS objects, 23% free, 53MB/69MB, paused 673us total 31.230ms
08-03 21:22:06.701 17925 17937 I art     : Starting a blocking GC Explicit
08-03 21:22:06.731 17925 17937 I art     : Explicit concurrent mark sweep GC freed 3(96B) AllocSpace objects, 0(0B) LOS objects, 23% free, 53MB/69MB, paused 671us total 29.458ms
08-03 21:22:07.057 17925 18034 I art     : Starting a blocking GC Explicit
08-03 21:22:07.095 17925 18034 I art     : Explicit concurrent mark sweep GC freed 1344(78KB) AllocSpace objects, 1(20KB) LOS objects, 23% free, 53MB/69MB, paused 711us total 37.303ms
08-03 21:22:07.109 17925 18034 I art     : Starting a blocking GC Explicit
08-03 21:22:07.142 17925 18034 I art     : Explicit concurrent mark sweep GC freed 20(704B) AllocSpace objects, 0(0B) LOS objects, 23% free, 53MB/69MB, paused 670us total 32.214ms
08-03 21:22:07.154 17925 18034 I art     : Starting a blocking GC Explicit
08-03 21:22:07.186 17925 18034 I art     : Explicit concurrent mark sweep GC freed 3(96B) AllocSpace objects, 0(0B) LOS objects, 23% free, 53MB/69MB, paused 663us total 31.861ms
08-03 21:22:07.198 17925 18034 I art     : Starting a blocking GC Explicit
08-03 21:22:07.227 17925 18034 I art     : Explicit concurrent mark sweep GC freed 3(96B) AllocSpace objects, 0(0B) LOS objects, 23% free, 53MB/69MB, paused 736us total 29.182ms
08-03 21:22:07.239 17925 18034 I art     : Starting a blocking GC Explicit
08-03 21:22:07.271 17925 18034 I art     : Explicit concurrent mark sweep GC freed 3(96B) AllocSpace objects, 0(0B) LOS objects, 23% free, 53MB/69MB, paused 685us total 31.747ms
08-03 21:22:07.271 17925 17936 I art     : WaitForGcToComplete blocked for 31.924ms for cause HeapTrim
08-03 21:22:07.618 17925 18017 I art     : Starting a blocking GC Explicit
08-03 21:22:07.659 17925 18017 I art     : Explicit concurrent mark sweep GC freed 1344(78KB) AllocSpace objects, 1(20KB) LOS objects, 23% free, 53MB/69MB, paused 769us total 40.347ms
08-03 21:22:07.673 17925 18017 I art     : Starting a blocking GC Explicit
08-03 21:22:07.704 17925 18017 I art     : Explicit concurrent mark sweep GC freed 20(704B) AllocSpace objects, 0(0B) LOS objects, 23% free, 53MB/69MB, paused 615us total 30.242ms
08-03 21:22:07.715 17925 18017 I art     : Starting a blocking GC Explicit
08-03 21:22:07.744 17925 18017 I art     : Explicit concurrent mark sweep GC freed 3(96B) AllocSpace objects, 0(0B) LOS objects, 23% free, 53MB/69MB, paused 665us total 28.274ms
08-03 21:22:07.755 17925 18017 I art     : Starting a blocking GC Explicit
08-03 21:22:07.784 17925 18017 I art     : Explicit concurrent mark sweep GC freed 3(96B) AllocSpace objects, 0(0B) LOS objects, 23% free, 53MB/69MB, paused 634us total 28.562ms
08-03 21:22:07.795 17925 18017 I art     : Starting a blocking GC Explicit
08-03 21:22:07.825 17925 18017 I art     : Explicit concurrent mark sweep GC freed 3(96B) AllocSpace objects, 0(0B) LOS objects, 23% free, 53MB/69MB, paused 676us total 29.804ms
08-03 21:22:08.189 17925 17938 I art     : Starting a blocking GC Explicit
08-03 21:22:08.224 17925 17938 I art     : Explicit concurrent mark sweep GC freed 1344(78KB) AllocSpace objects, 1(20KB) LOS objects, 23% free, 53MB/69MB, paused 609us total 34.375ms
08-03 21:22:08.235 17925 17938 I art     : Starting a blocking GC Explicit
08-03 21:22:08.261 17925 17938 I art     : Explicit concurrent mark sweep GC freed 20(704B) AllocSpace objects, 0(0B) LOS objects, 23% free, 53MB/69MB, paused 610us total 25.232ms
08-03 21:22:08.272 17925 17938 I art     : Starting a blocking GC Explicit
08-03 21:22:08.299 17925 17938 I art     : Explicit concurrent mark sweep GC freed 3(96B) AllocSpace objects, 0(0B) LOS objects, 23% free, 53MB/69MB, paused 662us total 26.682ms
08-03 21:22:08.309 17925 17938 I art     : Starting a blocking GC Explicit
08-03 21:22:08.336 17925 17938 I art     : Explicit concurrent mark sweep GC freed 3(96B) AllocSpace objects, 0(0B) LOS objects, 23% free, 53MB/69MB, paused 656us total 26.446ms
08-03 21:22:08.348 17925 17938 I art     : Starting a blocking GC Explicit
08-03 21:22:08.378 17925 17938 I art     : Explicit concurrent mark sweep GC freed 3(96B) AllocSpace objects, 0(0B) LOS objects, 23% free, 53MB/69MB, paused 715us total 29.842ms
08-03 21:22:08.698 17925 18827 I art     : Starting a blocking GC Explicit
08-03 21:22:08.732 17925 18827 I art     : Explicit concurrent mark sweep GC freed 1344(78KB) AllocSpace objects, 1(20KB) LOS objects, 23% free, 53MB/69MB, paused 718us total 32.875ms
08-03 21:22:08.744 17925 18827 I art     : Starting a blocking GC Explicit
08-03 21:22:08.774 21043 21043 D AndroidRuntime: >>>>>> START com.android.internal.os.RuntimeInit uid 2000 <<<<<<
08-03 21:22:08.775 17925 18827 I art     : Explicit concurrent mark sweep GC freed 20(704B) AllocSpace objects, 0(0B) LOS objects, 23% free, 53MB/69MB, paused 770us total 30.410ms
08-03 21:22:08.780 21043 21043 D AndroidRuntime: CheckJNI is OFF
08-03 21:22:08.786 17925 18827 I art     : Starting a blocking GC Explicit
08-03 21:22:08.815 17925 18827 I art     : Explicit concurrent mark sweep GC freed 3(96B) AllocSpace objects, 0(0B) LOS objects, 23% free, 53MB/69MB, paused 676us total 28.946ms
08-03 21:22:08.827 17925 18827 I art     : Starting a blocking GC Explicit
08-03 21:22:08.827 21043 21043 D ICU     : No timezone override file found: /data/misc/zoneinfo/current/icu/icu_tzdata.dat
08-03 21:22:08.855 17925 18827 I art     : Explicit concurrent mark sweep GC freed 3(96B) AllocSpace objects, 0(0B) LOS objects, 23% free, 53MB/69MB, paused 696us total 27.961ms
08-03 21:22:08.867 17925 18827 I art     : Starting a blocking GC Explicit
08-03 21:22:08.875 21043 21043 I Radio-JNI: register_android_hardware_Radio DONE
08-03 21:22:08.896 17925 18827 I art     : Explicit concurrent mark sweep GC freed 3(96B) AllocSpace objects, 0(0B) LOS objects, 23% free, 53MB/69MB, paused 697us total 29.360ms
08-03 21:22:08.906 21043 21043 D AndroidRuntime: Calling main entry com.android.commands.input.Input
08-03 21:22:08.908 21043 21043 I Input   : injectMotionEvent: MotionEvent { action=ACTION_DOWN, actionButton=0, id[0]=0, x[0]=369.0, y[0]=554.0, toolType[0]=TOOL_TYPE_UNKNOWN, buttonState=0, metaState=0, flags=0x0, edgeFlags=0x0, pointerCount=1, historySize=0, eventTime=652945320, downTime=652945320, deviceId=0, source=0x1002 }
08-03 21:22:08.916 21043 21043 I Input   : injectMotionEvent: MotionEvent { action=ACTION_UP, actionButton=0, id[0]=0, x[0]=369.0, y[0]=554.0, toolType[0]=TOOL_TYPE_UNKNOWN, buttonState=0, metaState=0, flags=0x0, edgeFlags=0x0, pointerCount=1, historySize=0, eventTime=652945320, downTime=652945320, deviceId=0, source=0x1002 }
08-03 21:22:08.919   918  3359 I ActivityManager: START u0 {cmp=baseline.appteam.nith.hillffair/.activities.ClubActivity (has extras)} from uid 10624 on display 0
08-03 21:22:08.926 21043 21043 D AndroidRuntime: Shutting down VM
08-03 21:22:09.027   918   936 I ActivityManager: Displayed baseline.appteam.nith.hillffair/.activities.ClubActivity: +100ms
08-03 21:22:09.027 13866 13866 I GoogleInputMethodServic: GoogleInputMethodService.onFinishInput():3138 
08-03 21:22:09.028 13866 13866 I GoogleInputMethodServic: GoogleInputMethodService.onStartInput():1808 
08-03 21:22:09.182 17925 18034 I art     : Starting a blocking GC Explicit
08-03 21:22:09.221 17925 18034 I art     : Explicit concurrent mark sweep GC freed 5183(312KB) AllocSpace objects, 1(20KB) LOS objects, 23% free, 53MB/69MB, paused 746us total 38.045ms
08-03 21:22:09.234 17925 18034 I art     : Starting a blocking GC Explicit
08-03 21:22:09.269 17925 18034 I art     : Explicit concurrent mark sweep GC freed 222(10KB) AllocSpace objects, 0(0B) LOS objects, 23% free, 53MB/69MB, paused 826us total 33.914ms
08-03 21:22:09.281 17925 18034 I art     : Starting a blocking GC Explicit
08-03 21:22:09.282   380   380 W SurfaceFlinger: couldn't log to binary event log: overflow.
08-03 21:22:09.309 17925 18034 I art     : Explicit concurrent mark sweep GC freed 3(96B) AllocSpace objects, 0(0B) LOS objects, 23% free, 53MB/69MB, paused 696us total 28.205ms
08-03 21:22:09.320 17925 18034 I art     : Starting a blocking GC Explicit
08-03 21:22:09.346 17925 18034 I art     : Explicit concurrent mark sweep GC freed 3(96B) AllocSpace objects, 0(0B) LOS objects, 23% free, 53MB/69MB, paused 706us total 26.094ms
08-03 21:22:09.357 17925 18034 I art     : Starting a blocking GC Explicit
08-03 21:22:09.384 17925 18034 I art     : Explicit concurrent mark sweep GC freed 3(96B) AllocSpace objects, 0(0B) LOS objects, 23% free, 53MB/69MB, paused 737us total 27.153ms
08-03 21:22:09.440 17925 21066 D OkHttp  : --> GET https://api-hillfair-2k16.herokuapp.com/api/app/club/PR%20Club http/1.1
08-03 21:22:09.473 17925 21066 D OkHttp  : <-- 200 OK https://api-hillfair-2k16.herokuapp.com/api/app/club/PR%20Club (33ms, 979-byte body)
08-03 21:22:09.517 17925 17925 I NAPPA_EXPERIMENTATION: MetricNetworkRequestExecutionTime: REQUEST_DURATION_SYSTEM='558',REQUEST_DURATION_OKHTTP='33',REQUEST_SYNCHRONOUS='FALSE',RESPONSE_CODE='200',RESPONSE_METHOD='GET',RESPONSE_LENGTH_OKHTTP='979',RESPONSE_LENGTH_HEADER='979',REQUEST_PROTOCOL='http/1.1',REQUEST_URL='https://api-hillfair-2k16.herokuapp.com/api/app/club/PR%20Club',
08-03 21:22:09.697 17925 17937 I art     : Starting a blocking GC Explicit
08-03 21:22:09.731 17925 17937 I art     : Explicit concurrent mark sweep GC freed 4908(352KB) AllocSpace objects, 4(220KB) LOS objects, 22% free, 53MB/69MB, paused 690us total 33.441ms
08-03 21:22:09.744 17925 17937 I art     : Starting a blocking GC Explicit
08-03 21:22:09.773 17925 17937 I art     : Explicit concurrent mark sweep GC freed 1045(119KB) AllocSpace objects, 0(0B) LOS objects, 22% free, 53MB/69MB, paused 654us total 29.161ms
08-03 21:22:09.785 17925 17937 I art     : Starting a blocking GC Explicit
08-03 21:22:09.814 17925 17937 I art     : Explicit concurrent mark sweep GC freed 3(96B) AllocSpace objects, 0(0B) LOS objects, 22% free, 53MB/69MB, paused 713us total 29.051ms
08-03 21:22:09.826 17925 17937 I art     : Starting a blocking GC Explicit
08-03 21:22:09.854 17925 17937 I art     : Explicit concurrent mark sweep GC freed 3(96B) AllocSpace objects, 0(0B) LOS objects, 22% free, 53MB/69MB, paused 662us total 28.489ms
08-03 21:22:09.866 17925 17937 I art     : Starting a blocking GC Explicit
08-03 21:22:09.895 17925 17937 I art     : Explicit concurrent mark sweep GC freed 3(96B) AllocSpace objects, 0(0B) LOS objects, 22% free, 53MB/69MB, paused 671us total 28.811ms
08-03 21:22:10.195 17925 18827 I art     : Starting a blocking GC Explicit
08-03 21:22:10.234 17925 18827 I art     : Explicit concurrent mark sweep GC freed 1360(78KB) AllocSpace objects, 1(20KB) LOS objects, 22% free, 53MB/69MB, paused 692us total 39.040ms
08-03 21:22:10.248 17925 18827 I art     : Starting a blocking GC Explicit
08-03 21:22:10.279 17925 18827 I art     : Explicit concurrent mark sweep GC freed 20(704B) AllocSpace objects, 0(0B) LOS objects, 22% free, 53MB/69MB, paused 666us total 30.298ms
08-03 21:22:10.291 17925 18827 I art     : Starting a blocking GC Explicit
08-03 21:22:10.321 17925 18827 I art     : Explicit concurrent mark sweep GC freed 3(96B) AllocSpace objects, 0(0B) LOS objects, 22% free, 53MB/69MB, paused 670us total 30.241ms
08-03 21:22:10.333 17925 18827 I art     : Starting a blocking GC Explicit
08-03 21:22:10.363 17925 18827 I art     : Explicit concurrent mark sweep GC freed 3(96B) AllocSpace objects, 0(0B) LOS objects, 22% free, 53MB/69MB, paused 655us total 29.700ms
08-03 21:22:10.374 17925 18827 I art     : Starting a blocking GC Explicit
08-03 21:22:10.405 17925 18827 I art     : Explicit concurrent mark sweep GC freed 3(96B) AllocSpace objects, 0(0B) LOS objects, 22% free, 53MB/69MB, paused 675us total 30.559ms
08-03 21:22:10.720 17925 18017 I art     : Starting a blocking GC Explicit
08-03 21:22:10.765 17925 18017 I art     : Explicit concurrent mark sweep GC freed 1344(78KB) AllocSpace objects, 1(20KB) LOS objects, 22% free, 53MB/69MB, paused 698us total 44.079ms
08-03 21:22:10.781 17925 18017 I art     : Starting a blocking GC Explicit
08-03 21:22:10.813 17925 18017 I art     : Explicit concurrent mark sweep GC freed 20(704B) AllocSpace objects, 0(0B) LOS objects, 22% free, 53MB/69MB, paused 706us total 31.422ms
08-03 21:22:10.825 17925 18017 I art     : Starting a blocking GC Explicit
08-03 21:22:10.859 17925 18017 I art     : Explicit concurrent mark sweep GC freed 3(96B) AllocSpace objects, 0(0B) LOS objects, 22% free, 53MB/69MB, paused 710us total 33.647ms
08-03 21:22:10.871 17925 18017 I art     : Starting a blocking GC Explicit
08-03 21:22:10.904 17925 18017 I art     : Explicit concurrent mark sweep GC freed 3(96B) AllocSpace objects, 0(0B) LOS objects, 22% free, 53MB/69MB, paused 691us total 33.319ms
08-03 21:22:10.916 17925 18017 I art     : Starting a blocking GC Explicit
08-03 21:22:10.947 17925 18017 I art     : Explicit concurrent mark sweep GC freed 3(96B) AllocSpace objects, 0(0B) LOS objects, 22% free, 53MB/69MB, paused 718us total 30.651ms
08-03 21:22:11.169   918  3261 D WifiStateMachine: starting scan for "H369AA63323"WPA_PSK with 2412,5180
08-03 21:22:11.291 17925 17938 I art     : Starting a blocking GC Explicit
08-03 21:22:11.330 17925 17938 I art     : Explicit concurrent mark sweep GC freed 1344(78KB) AllocSpace objects, 1(20KB) LOS objects, 22% free, 53MB/69MB, paused 762us total 38.705ms
08-03 21:22:11.344 17925 17938 I art     : Starting a blocking GC Explicit
08-03 21:22:11.378 17925 17938 I art     : Explicit concurrent mark sweep GC freed 20(704B) AllocSpace objects, 0(0B) LOS objects, 22% free, 53MB/69MB, paused 739us total 33.158ms
08-03 21:22:11.390 17925 17938 I art     : Starting a blocking GC Explicit
08-03 21:22:11.421 17925 17938 I art     : Explicit concurrent mark sweep GC freed 3(96B) AllocSpace objects, 0(0B) LOS objects, 22% free, 53MB/69MB, paused 677us total 31.026ms
08-03 21:22:11.433 17925 17938 I art     : Starting a blocking GC Explicit
08-03 21:22:11.466 17925 17938 I art     : Explicit concurrent mark sweep GC freed 3(96B) AllocSpace objects, 0(0B) LOS objects, 22% free, 53MB/69MB, paused 701us total 32.675ms
08-03 21:22:11.478 17925 17938 I art     : Starting a blocking GC Explicit
08-03 21:22:11.512 17925 17938 I art     : Explicit concurrent mark sweep GC freed 3(96B) AllocSpace objects, 0(0B) LOS objects, 22% free, 53MB/69MB, paused 683us total 33.476ms
08-03 21:22:11.847 17925 17937 I art     : Starting a blocking GC Explicit
08-03 21:22:11.888 17925 17937 I art     : Explicit concurrent mark sweep GC freed 1344(78KB) AllocSpace objects, 1(20KB) LOS objects, 22% free, 53MB/69MB, paused 874us total 40.604ms
08-03 21:22:11.903 17925 17937 I art     : Starting a blocking GC Explicit
08-03 21:22:11.935 17925 17937 I art     : Explicit concurrent mark sweep GC freed 20(704B) AllocSpace objects, 0(0B) LOS objects, 22% free, 53MB/69MB, paused 691us total 31.697ms
08-03 21:22:11.947 17925 17937 I art     : Starting a blocking GC Explicit
08-03 21:22:11.980 17925 17937 I art     : Explicit concurrent mark sweep GC freed 3(96B) AllocSpace objects, 0(0B) LOS objects, 22% free, 53MB/69MB, paused 685us total 32.991ms
08-03 21:22:11.992 17925 17937 I art     : Starting a blocking GC Explicit
08-03 21:22:12.024 17925 17937 I art     : Explicit concurrent mark sweep GC freed 3(96B) AllocSpace objects, 0(0B) LOS objects, 22% free, 53MB/69MB, paused 663us total 32.314ms
08-03 21:22:12.036 17925 17937 I art     : Starting a blocking GC Explicit
08-03 21:22:12.069 17925 17937 I art     : Explicit concurrent mark sweep GC freed 3(96B) AllocSpace objects, 0(0B) LOS objects, 22% free, 53MB/69MB, paused 702us total 32.378ms
08-03 21:22:12.416 17925 18034 I art     : Starting a blocking GC Explicit
08-03 21:22:12.453 17925 18034 I art     : Explicit concurrent mark sweep GC freed 1344(78KB) AllocSpace objects, 1(20KB) LOS objects, 22% free, 53MB/69MB, paused 725us total 37.173ms
08-03 21:22:12.468 17925 18034 I art     : Starting a blocking GC Explicit
08-03 21:22:12.506 17925 18034 I art     : Explicit concurrent mark sweep GC freed 20(704B) AllocSpace objects, 0(0B) LOS objects, 22% free, 53MB/69MB, paused 712us total 37.909ms
08-03 21:22:12.522 17925 18034 I art     : Starting a blocking GC Explicit
08-03 21:22:12.554 17925 18034 I art     : Explicit concurrent mark sweep GC freed 3(96B) AllocSpace objects, 0(0B) LOS objects, 22% free, 53MB/69MB, paused 689us total 31.779ms
08-03 21:22:12.566 17925 18034 I art     : Starting a blocking GC Explicit
08-03 21:22:12.599 17925 18034 I art     : Explicit concurrent mark sweep GC freed 3(96B) AllocSpace objects, 0(0B) LOS objects, 22% free, 53MB/69MB, paused 704us total 32.761ms
08-03 21:22:12.611 17925 18034 I art     : Starting a blocking GC Explicit
08-03 21:22:12.645 17925 18034 I art     : Explicit concurrent mark sweep GC freed 3(96B) AllocSpace objects, 0(0B) LOS objects, 22% free, 53MB/69MB, paused 685us total 33.216ms
08-03 21:22:12.981 17925 18827 I art     : Starting a blocking GC Explicit
08-03 21:22:13.022 17925 18827 I art     : Explicit concurrent mark sweep GC freed 1344(78KB) AllocSpace objects, 1(20KB) LOS objects, 22% free, 53MB/69MB, paused 732us total 39.685ms
08-03 21:22:13.039 17925 18827 I art     : Starting a blocking GC Explicit
08-03 21:22:13.076 17925 18827 I art     : Explicit concurrent mark sweep GC freed 20(704B) AllocSpace objects, 0(0B) LOS objects, 22% free, 53MB/69MB, paused 689us total 36.252ms
08-03 21:22:13.088 17925 18827 I art     : Starting a blocking GC Explicit
08-03 21:22:13.122 17925 18827 I art     : Explicit concurrent mark sweep GC freed 3(96B) AllocSpace objects, 0(0B) LOS objects, 22% free, 53MB/69MB, paused 696us total 33.544ms
08-03 21:22:13.134 17925 18827 I art     : Starting a blocking GC Explicit
08-03 21:22:13.164 17925 18827 I art     : Explicit concurrent mark sweep GC freed 3(96B) AllocSpace objects, 0(0B) LOS objects, 22% free, 53MB/69MB, paused 624us total 30.140ms
08-03 21:22:13.176 17925 18827 I art     : Starting a blocking GC Explicit
08-03 21:22:13.206 17925 18827 I art     : Explicit concurrent mark sweep GC freed 3(96B) AllocSpace objects, 0(0B) LOS objects, 22% free, 53MB/69MB, paused 627us total 30.061ms
08-03 21:22:13.498 17925 18017 I art     : Starting a blocking GC Explicit
08-03 21:22:13.532 17925 18017 I art     : Explicit concurrent mark sweep GC freed 1344(78KB) AllocSpace objects, 1(20KB) LOS objects, 22% free, 53MB/69MB, paused 706us total 34.403ms
08-03 21:22:13.547 17925 18017 I art     : Starting a blocking GC Explicit
08-03 21:22:13.578 17925 18017 I art     : Explicit concurrent mark sweep GC freed 20(704B) AllocSpace objects, 0(0B) LOS objects, 22% free, 53MB/69MB, paused 702us total 30.592ms
08-03 21:22:13.590 17925 18017 I art     : Starting a blocking GC Explicit
08-03 21:22:13.620 17925 18017 I art     : Explicit concurrent mark sweep GC freed 3(96B) AllocSpace objects, 0(0B) LOS objects, 22% free, 53MB/69MB, paused 672us total 30.347ms
08-03 21:22:13.632 17925 18017 I art     : Starting a blocking GC Explicit
08-03 21:22:13.663 17925 18017 I art     : Explicit concurrent mark sweep GC freed 3(96B) AllocSpace objects, 0(0B) LOS objects, 22% free, 53MB/69MB, paused 709us total 31.152ms
08-03 21:22:13.675 17925 18017 I art     : Starting a blocking GC Explicit
08-03 21:22:13.707 17925 18017 I art     : Explicit concurrent mark sweep GC freed 3(96B) AllocSpace objects, 0(0B) LOS objects, 22% free, 53MB/69MB, paused 718us total 31.724ms
08-03 21:22:13.748 21150 21150 D AndroidRuntime: >>>>>> START com.android.internal.os.RuntimeInit uid 2000 <<<<<<
08-03 21:22:13.754 21150 21150 D AndroidRuntime: CheckJNI is OFF
08-03 21:22:13.799 21150 21150 D ICU     : No timezone override file found: /data/misc/zoneinfo/current/icu/icu_tzdata.dat
08-03 21:22:13.847 21150 21150 I Radio-JNI: register_android_hardware_Radio DONE
08-03 21:22:13.878 21150 21150 D AndroidRuntime: Calling main entry com.android.commands.input.Input
08-03 21:22:13.879 21150 21150 I Input   : injectKeyEvent: KeyEvent { action=ACTION_DOWN, keyCode=KEYCODE_BACK, scanCode=0, metaState=0, flags=0x0, repeatCount=0, eventTime=652950292, downTime=652950292, deviceId=-1, source=0x101 }
08-03 21:22:13.885 21150 21150 I Input   : injectKeyEvent: KeyEvent { action=ACTION_UP, keyCode=KEYCODE_BACK, scanCode=0, metaState=0, flags=0x0, repeatCount=0, eventTime=652950292, downTime=652950292, deviceId=-1, source=0x101 }
08-03 21:22:13.893 21150 21150 D AndroidRuntime: Shutting down VM
08-03 21:22:13.931 13866 13866 I GoogleInputMethodServic: GoogleInputMethodService.onFinishInput():3138 
08-03 21:22:13.932 13866 13866 I GoogleInputMethodServic: GoogleInputMethodService.onStartInput():1808 
08-03 21:22:14.018 17925 18827 I art     : Starting a blocking GC Explicit
08-03 21:22:14.049 17925 18827 I art     : Explicit concurrent mark sweep GC freed 1525(86KB) AllocSpace objects, 1(20KB) LOS objects, 22% free, 53MB/69MB, paused 684us total 31.159ms
08-03 21:22:14.062 17925 18827 I art     : Starting a blocking GC Explicit
08-03 21:22:14.091 17925 18827 I art     : Explicit concurrent mark sweep GC freed 26(944B) AllocSpace objects, 0(0B) LOS objects, 22% free, 53MB/69MB, paused 698us total 29.025ms
08-03 21:22:14.103 17925 18827 I art     : Starting a blocking GC Explicit
08-03 21:22:14.133 17925 18827 I art     : Explicit concurrent mark sweep GC freed 3(96B) AllocSpace objects, 0(0B) LOS objects, 22% free, 53MB/69MB, paused 679us total 29.325ms
08-03 21:22:14.147 17925 18827 I art     : Starting a blocking GC Explicit
08-03 21:22:14.177 17925 18827 I art     : Explicit concurrent mark sweep GC freed 3(96B) AllocSpace objects, 0(0B) LOS objects, 22% free, 53MB/69MB, paused 698us total 30.150ms
08-03 21:22:14.189 17925 18827 I art     : Starting a blocking GC Explicit
08-03 21:22:14.219 17925 18827 I art     : Explicit concurrent mark sweep GC freed 3(96B) AllocSpace objects, 0(0B) LOS objects, 22% free, 53MB/69MB, paused 670us total 29.733ms
08-03 21:22:14.253   380   380 W SurfaceFlinger: couldn't log to binary event log: overflow.
08-03 21:22:14.527 17925 18017 I art     : Starting a blocking GC Explicit
08-03 21:22:14.565 17925 18017 I art     : Explicit concurrent mark sweep GC freed 1453(86KB) AllocSpace objects, 1(20KB) LOS objects, 22% free, 53MB/69MB, paused 700us total 37.004ms
08-03 21:22:14.578 17925 18017 I art     : Starting a blocking GC Explicit
08-03 21:22:14.608 17925 18017 I art     : Explicit concurrent mark sweep GC freed 1671(107KB) AllocSpace objects, 3(184KB) LOS objects, 23% free, 53MB/69MB, paused 700us total 29.558ms
08-03 21:22:14.620 17925 18017 I art     : Starting a blocking GC Explicit
08-03 21:22:14.649 17925 18017 I art     : Explicit concurrent mark sweep GC freed 3(96B) AllocSpace objects, 0(0B) LOS objects, 23% free, 53MB/69MB, paused 663us total 29.591ms
08-03 21:22:14.661 17925 18017 I art     : Starting a blocking GC Explicit
08-03 21:22:14.691 17925 18017 I art     : Explicit concurrent mark sweep GC freed 7(224B) AllocSpace objects, 0(0B) LOS objects, 23% free, 53MB/69MB, paused 637us total 29.054ms
08-03 21:22:14.702 17925 18017 I art     : Starting a blocking GC Explicit
08-03 21:22:14.732 17925 18017 I art     : Explicit concurrent mark sweep GC freed 20(976B) AllocSpace objects, 0(0B) LOS objects, 23% free, 53MB/69MB, paused 650us total 29.756ms
08-03 21:22:15.048 17925 17938 I art     : Starting a blocking GC Explicit
08-03 21:22:15.090 17925 17938 I art     : Explicit concurrent mark sweep GC freed 1360(78KB) AllocSpace objects, 1(20KB) LOS objects, 23% free, 53MB/69MB, paused 737us total 41.159ms
08-03 21:22:15.107 17925 17938 I art     : Starting a blocking GC Explicit
08-03 21:22:15.135 17925 17938 I art     : Explicit concurrent mark sweep GC freed 20(704B) AllocSpace objects, 0(0B) LOS objects, 23% free, 53MB/69MB, paused 623us total 27.755ms
08-03 21:22:15.146 17925 17938 I art     : Starting a blocking GC Explicit
08-03 21:22:15.175 17925 17938 I art     : Explicit concurrent mark sweep GC freed 3(96B) AllocSpace objects, 0(0B) LOS objects, 23% free, 53MB/69MB, paused 650us total 27.850ms
08-03 21:22:15.186 17925 17938 I art     : Starting a blocking GC Explicit
08-03 21:22:15.214 17925 17938 I art     : Explicit concurrent mark sweep GC freed 3(96B) AllocSpace objects, 0(0B) LOS objects, 23% free, 53MB/69MB, paused 695us total 27.656ms
08-03 21:22:15.226 17925 17938 I art     : Starting a blocking GC Explicit
08-03 21:22:15.253 17925 17938 I art     : Explicit concurrent mark sweep GC freed 3(96B) AllocSpace objects, 0(0B) LOS objects, 23% free, 53MB/69MB, paused 655us total 27.408ms
08-03 21:22:15.549 17925 18034 I art     : Starting a blocking GC Explicit
08-03 21:22:15.581 17925 18034 I art     : Explicit concurrent mark sweep GC freed 1344(78KB) AllocSpace objects, 1(20KB) LOS objects, 23% free, 53MB/69MB, paused 713us total 31.377ms
08-03 21:22:15.595 17925 18034 I art     : Starting a blocking GC Explicit
08-03 21:22:15.625 17925 18034 I art     : Explicit concurrent mark sweep GC freed 20(704B) AllocSpace objects, 0(0B) LOS objects, 23% free, 53MB/69MB, paused 686us total 29.897ms
08-03 21:22:15.637 17925 18034 I art     : Starting a blocking GC Explicit
08-03 21:22:15.667 17925 18034 I art     : Explicit concurrent mark sweep GC freed 3(96B) AllocSpace objects, 0(0B) LOS objects, 23% free, 53MB/69MB, paused 686us total 29.735ms
08-03 21:22:15.676 21204 21204 D AndroidRuntime: >>>>>> START com.android.internal.os.RuntimeInit uid 2000 <<<<<<
08-03 21:22:15.679 17925 18034 I art     : Starting a blocking GC Explicit
08-03 21:22:15.682 21204 21204 D AndroidRuntime: CheckJNI is OFF
08-03 21:22:15.708 17925 18034 I art     : Explicit concurrent mark sweep GC freed 3(96B) AllocSpace objects, 0(0B) LOS objects, 23% free, 53MB/69MB, paused 699us total 29.111ms
08-03 21:22:15.719 17925 18034 I art     : Starting a blocking GC Explicit
08-03 21:22:15.730 21204 21204 D ICU     : No timezone override file found: /data/misc/zoneinfo/current/icu/icu_tzdata.dat
08-03 21:22:15.749 17925 18034 I art     : Explicit concurrent mark sweep GC freed 3(96B) AllocSpace objects, 0(0B) LOS objects, 23% free, 53MB/69MB, paused 653us total 29.359ms
08-03 21:22:15.779 21204 21204 I Radio-JNI: register_android_hardware_Radio DONE
08-03 21:22:15.808 21204 21204 D AndroidRuntime: Calling main entry com.android.commands.input.Input
08-03 21:22:15.813 21204 21204 I Input   : injectMotionEvent: MotionEvent { action=ACTION_DOWN, actionButton=0, id[0]=0, x[0]=1012.0, y[0]=1152.0, toolType[0]=TOOL_TYPE_UNKNOWN, buttonState=0, metaState=0, flags=0x0, edgeFlags=0x0, pointerCount=1, historySize=0, eventTime=652952225, downTime=652952225, deviceId=0, source=0x1002 }
08-03 21:22:15.819 21204 21204 I Input   : injectMotionEvent: MotionEvent { action=ACTION_UP, actionButton=0, id[0]=0, x[0]=1012.0, y[0]=1152.0, toolType[0]=TOOL_TYPE_UNKNOWN, buttonState=0, metaState=0, flags=0x0, edgeFlags=0x0, pointerCount=1, historySize=0, eventTime=652952225, downTime=652952225, deviceId=0, source=0x1002 }
08-03 21:22:15.821   918  4413 I ActivityManager: START u0 {cmp=baseline.appteam.nith.hillffair/.activities.ClubActivity (has extras)} from uid 10624 on display 0
08-03 21:22:15.831 21204 21204 D AndroidRuntime: Shutting down VM
08-03 21:22:15.937   918   936 I ActivityManager: Displayed baseline.appteam.nith.hillffair/.activities.ClubActivity: +105ms
08-03 21:22:15.937 13866 13866 I GoogleInputMethodServic: GoogleInputMethodService.onFinishInput():3138 
08-03 21:22:15.938 13866 13866 I GoogleInputMethodServic: GoogleInputMethodService.onStartInput():1808 
08-03 21:22:16.035 17925 18827 I art     : Starting a blocking GC Explicit
08-03 21:22:16.078 17925 18827 I art     : Explicit concurrent mark sweep GC freed 4951(303KB) AllocSpace objects, 1(20KB) LOS objects, 22% free, 53MB/69MB, paused 868us total 42.769ms
08-03 21:22:16.093 17925 18827 I art     : Starting a blocking GC Explicit
08-03 21:22:16.124 17925 18827 I art     : Explicit concurrent mark sweep GC freed 216(10KB) AllocSpace objects, 0(0B) LOS objects, 22% free, 53MB/69MB, paused 749us total 30.726ms
08-03 21:22:16.137 17925 18827 I art     : Starting a blocking GC Explicit
08-03 21:22:16.170 17925 18827 I art     : Explicit concurrent mark sweep GC freed 3(96B) AllocSpace objects, 0(0B) LOS objects, 22% free, 53MB/69MB, paused 713us total 32.757ms
08-03 21:22:16.185 17925 18827 I art     : Starting a blocking GC Explicit
08-03 21:22:16.200   380   380 W SurfaceFlinger: couldn't log to binary event log: overflow.
08-03 21:22:16.223 17925 18827 I art     : Explicit concurrent mark sweep GC freed 3(96B) AllocSpace objects, 0(0B) LOS objects, 22% free, 53MB/69MB, paused 706us total 37.599ms
08-03 21:22:16.233 17925 18827 I art     : Starting a blocking GC Explicit
08-03 21:22:16.260 17925 18827 I art     : Explicit concurrent mark sweep GC freed 3(96B) AllocSpace objects, 0(0B) LOS objects, 22% free, 53MB/69MB, paused 646us total 26.280ms
08-03 21:22:16.412 17925 21227 D OkHttp  : --> GET https://api-hillfair-2k16.herokuapp.com/api/app/club/Design%20and%20Decoration%20Club http/1.1
08-03 21:22:16.453 17925 21227 D OkHttp  : <-- 200 OK https://api-hillfair-2k16.herokuapp.com/api/app/club/Design%20and%20Decoration%20Club (40ms, 760-byte body)
08-03 21:22:16.508 17925 17925 I NAPPA_EXPERIMENTATION: MetricNetworkRequestExecutionTime: REQUEST_DURATION_SYSTEM='649',REQUEST_DURATION_OKHTTP='41',REQUEST_SYNCHRONOUS='FALSE',RESPONSE_CODE='200',RESPONSE_METHOD='GET',RESPONSE_LENGTH_OKHTTP='760',RESPONSE_LENGTH_HEADER='760',REQUEST_PROTOCOL='http/1.1',REQUEST_URL='https://api-hillfair-2k16.herokuapp.com/api/app/club/Design%20and%20Decoration%20Club',
08-03 21:22:16.559 17925 18034 I art     : Starting a blocking GC Explicit
08-03 21:22:16.596 17925 18034 I art     : Explicit concurrent mark sweep GC freed 4915(345KB) AllocSpace objects, 4(220KB) LOS objects, 22% free, 53MB/69MB, paused 643us total 36.191ms
08-03 21:22:16.609 17925 18034 I art     : Starting a blocking GC Explicit
08-03 21:22:16.641 17925 18034 I art     : Explicit concurrent mark sweep GC freed 1037(119KB) AllocSpace objects, 0(0B) LOS objects, 22% free, 53MB/69MB, paused 654us total 31.145ms
08-03 21:22:16.652 17925 18034 I art     : Starting a blocking GC Explicit
08-03 21:22:16.682 17925 18034 I art     : Explicit concurrent mark sweep GC freed 3(96B) AllocSpace objects, 0(0B) LOS objects, 22% free, 53MB/69MB, paused 667us total 29.336ms
08-03 21:22:16.694 17925 18034 I art     : Starting a blocking GC Explicit
08-03 21:22:16.723 17925 18034 I art     : Explicit concurrent mark sweep GC freed 3(96B) AllocSpace objects, 0(0B) LOS objects, 22% free, 53MB/69MB, paused 637us total 29.242ms
08-03 21:22:16.735 17925 18034 I art     : Starting a blocking GC Explicit
08-03 21:22:16.764 17925 18034 I art     : Explicit concurrent mark sweep GC freed 3(96B) AllocSpace objects, 0(0B) LOS objects, 22% free, 53MB/69MB, paused 682us total 28.794ms
08-03 21:22:17.077 17925 18034 I art     : Starting a blocking GC Explicit
08-03 21:22:17.114 17925 18034 I art     : Explicit concurrent mark sweep GC freed 1344(78KB) AllocSpace objects, 1(20KB) LOS objects, 22% free, 53MB/69MB, paused 708us total 37.091ms
08-03 21:22:17.128 17925 18034 I art     : Starting a blocking GC Explicit
08-03 21:22:17.160 17925 18034 I art     : Explicit concurrent mark sweep GC freed 36(1264B) AllocSpace objects, 0(0B) LOS objects, 22% free, 53MB/69MB, paused 692us total 31.107ms
08-03 21:22:17.171 17925 18034 I art     : Starting a blocking GC Explicit
08-03 21:22:17.202 17925 18034 I art     : Explicit concurrent mark sweep GC freed 3(96B) AllocSpace objects, 0(0B) LOS objects, 22% free, 53MB/69MB, paused 652us total 30.634ms
08-03 21:22:17.214 17925 18034 I art     : Starting a blocking GC Explicit
08-03 21:22:17.245 17925 18034 I art     : Explicit concurrent mark sweep GC freed 3(96B) AllocSpace objects, 0(0B) LOS objects, 22% free, 53MB/69MB, paused 677us total 30.828ms
08-03 21:22:17.257 17925 18034 I art     : Starting a blocking GC Explicit
08-03 21:22:17.288 17925 18034 I art     : Explicit concurrent mark sweep GC freed 3(96B) AllocSpace objects, 0(0B) LOS objects, 22% free, 53MB/69MB, paused 707us total 30.815ms
08-03 21:22:17.601 17925 17938 I art     : Starting a blocking GC Explicit
08-03 21:22:17.645 17925 17938 I art     : Explicit concurrent mark sweep GC freed 1344(78KB) AllocSpace objects, 1(20KB) LOS objects, 22% free, 53MB/69MB, paused 797us total 43.536ms
08-03 21:22:17.665 17925 17938 I art     : Starting a blocking GC Explicit
08-03 21:22:17.697 17925 17938 I art     : Explicit concurrent mark sweep GC freed 20(704B) AllocSpace objects, 0(0B) LOS objects, 22% free, 53MB/69MB, paused 869us total 31.839ms
08-03 21:22:17.709 17925 17938 I art     : Starting a blocking GC Explicit
08-03 21:22:17.743 17925 17938 I art     : Explicit concurrent mark sweep GC freed 3(96B) AllocSpace objects, 0(0B) LOS objects, 22% free, 53MB/69MB, paused 702us total 33.461ms
08-03 21:22:17.755 17925 17938 I art     : Starting a blocking GC Explicit
08-03 21:22:17.788 17925 17938 I art     : Explicit concurrent mark sweep GC freed 3(96B) AllocSpace objects, 0(0B) LOS objects, 22% free, 53MB/69MB, paused 760us total 32.900ms
08-03 21:22:17.800 17925 17938 I art     : Starting a blocking GC Explicit
08-03 21:22:17.833 17925 17938 I art     : Explicit concurrent mark sweep GC freed 3(96B) AllocSpace objects, 0(0B) LOS objects, 22% free, 53MB/69MB, paused 714us total 32.596ms
08-03 21:22:18.161 17925 17937 I art     : Starting a blocking GC Explicit
08-03 21:22:18.199 17925 17937 I art     : Explicit concurrent mark sweep GC freed 1344(78KB) AllocSpace objects, 1(20KB) LOS objects, 22% free, 53MB/69MB, paused 793us total 37.857ms
08-03 21:22:18.214 17925 17937 I art     : Starting a blocking GC Explicit
08-03 21:22:18.251 17925 17937 I art     : Explicit concurrent mark sweep GC freed 20(704B) AllocSpace objects, 0(0B) LOS objects, 22% free, 53MB/69MB, paused 686us total 37.232ms
08-03 21:22:18.263 17925 17937 I art     : Starting a blocking GC Explicit
08-03 21:22:18.296 17925 17937 I art     : Explicit concurrent mark sweep GC freed 3(96B) AllocSpace objects, 0(0B) LOS objects, 22% free, 53MB/69MB, paused 648us total 32.970ms
08-03 21:22:18.308 17925 17937 I art     : Starting a blocking GC Explicit
08-03 21:22:18.342 17925 17937 I art     : Explicit concurrent mark sweep GC freed 3(96B) AllocSpace objects, 0(0B) LOS objects, 22% free, 53MB/69MB, paused 707us total 33.805ms
08-03 21:22:18.354 17925 17937 I art     : Starting a blocking GC Explicit
08-03 21:22:18.389 17925 17937 I art     : Explicit concurrent mark sweep GC freed 3(96B) AllocSpace objects, 0(0B) LOS objects, 22% free, 53MB/69MB, paused 721us total 34.125ms
08-03 21:22:18.741 17925 18017 I art     : Starting a blocking GC Explicit
08-03 21:22:18.782 17925 18017 I art     : Explicit concurrent mark sweep GC freed 1344(78KB) AllocSpace objects, 1(20KB) LOS objects, 22% free, 53MB/69MB, paused 751us total 40.997ms
08-03 21:22:18.796 17925 18017 I art     : Starting a blocking GC Explicit
08-03 21:22:18.830 17925 18017 I art     : Explicit concurrent mark sweep GC freed 20(704B) AllocSpace objects, 0(0B) LOS objects, 22% free, 53MB/69MB, paused 714us total 32.989ms
08-03 21:22:18.842 17925 18017 I art     : Starting a blocking GC Explicit
08-03 21:22:18.875 17925 18017 I art     : Explicit concurrent mark sweep GC freed 3(96B) AllocSpace objects, 0(0B) LOS objects, 22% free, 53MB/69MB, paused 695us total 33.547ms
08-03 21:22:18.888 17925 18017 I art     : Starting a blocking GC Explicit
08-03 21:22:18.921 17925 18017 I art     : Explicit concurrent mark sweep GC freed 3(96B) AllocSpace objects, 0(0B) LOS objects, 22% free, 53MB/69MB, paused 672us total 32.867ms
08-03 21:22:18.933 17925 18017 I art     : Starting a blocking GC Explicit
08-03 21:22:18.967 17925 18017 I art     : Explicit concurrent mark sweep GC freed 3(96B) AllocSpace objects, 0(0B) LOS objects, 22% free, 53MB/69MB, paused 720us total 33.663ms
08-03 21:22:19.265 16351 16351 I ServiceManager: Waiting for service AtCmdFwd...
08-03 21:22:19.299 17925 18827 I art     : Starting a blocking GC Explicit
08-03 21:22:19.341 17925 18827 I art     : Explicit concurrent mark sweep GC freed 1344(78KB) AllocSpace objects, 1(20KB) LOS objects, 22% free, 53MB/69MB, paused 726us total 40.999ms
08-03 21:22:19.355 17925 18827 I art     : Starting a blocking GC Explicit
08-03 21:22:19.389 17925 18827 I art     : Explicit concurrent mark sweep GC freed 20(704B) AllocSpace objects, 0(0B) LOS objects, 22% free, 53MB/69MB, paused 696us total 33.929ms
08-03 21:22:19.401 17925 18827 I art     : Starting a blocking GC Explicit
08-03 21:22:19.433 17925 18827 I art     : Explicit concurrent mark sweep GC freed 3(96B) AllocSpace objects, 0(0B) LOS objects, 22% free, 53MB/69MB, paused 701us total 32.189ms
08-03 21:22:19.446 17925 18827 I art     : Starting a blocking GC Explicit
08-03 21:22:19.479 17925 18827 I art     : Explicit concurrent mark sweep GC freed 3(96B) AllocSpace objects, 0(0B) LOS objects, 22% free, 53MB/69MB, paused 699us total 33.619ms
08-03 21:22:19.492 17925 18827 I art     : Starting a blocking GC Explicit
08-03 21:22:19.526 17925 18827 I art     : Explicit concurrent mark sweep GC freed 3(96B) AllocSpace objects, 0(0B) LOS objects, 22% free, 53MB/69MB, paused 651us total 33.931ms
08-03 21:22:19.835 17925 18034 I art     : Starting a blocking GC Explicit
08-03 21:22:19.879 17925 18034 I art     : Explicit concurrent mark sweep GC freed 1344(78KB) AllocSpace objects, 1(20KB) LOS objects, 22% free, 53MB/69MB, paused 870us total 43.512ms
08-03 21:22:19.895 17925 18034 I art     : Starting a blocking GC Explicit
08-03 21:22:19.928 17925 18034 I art     : Explicit concurrent mark sweep GC freed 20(704B) AllocSpace objects, 0(0B) LOS objects, 22% free, 53MB/69MB, paused 786us total 32.603ms
08-03 21:22:19.940 17925 18034 I art     : Starting a blocking GC Explicit
08-03 21:22:19.973 17925 18034 I art     : Explicit concurrent mark sweep GC freed 3(96B) AllocSpace objects, 0(0B) LOS objects, 22% free, 53MB/69MB, paused 674us total 33.389ms
08-03 21:22:19.985 17925 18034 I art     : Starting a blocking GC Explicit
08-03 21:22:20.019 17925 18034 I art     : Explicit concurrent mark sweep GC freed 3(96B) AllocSpace objects, 0(0B) LOS objects, 22% free, 53MB/69MB, paused 669us total 32.962ms
08-03 21:22:20.030 17925 18034 I art     : Starting a blocking GC Explicit
08-03 21:22:20.064 17925 18034 I art     : Explicit concurrent mark sweep GC freed 3(96B) AllocSpace objects, 0(0B) LOS objects, 22% free, 53MB/69MB, paused 750us total 33.158ms
08-03 21:22:20.265 16351 16351 I ServiceManager: Waiting for service AtCmdFwd...
08-03 21:22:20.349 17925 17938 I art     : Starting a blocking GC Explicit
08-03 21:22:20.385 17925 17938 I art     : Explicit concurrent mark sweep GC freed 1344(78KB) AllocSpace objects, 1(20KB) LOS objects, 22% free, 53MB/69MB, paused 741us total 35.668ms
08-03 21:22:20.400 17925 17938 I art     : Starting a blocking GC Explicit
08-03 21:22:20.432 17925 17938 I art     : Explicit concurrent mark sweep GC freed 20(704B) AllocSpace objects, 0(0B) LOS objects, 22% free, 53MB/69MB, paused 748us total 31.459ms
08-03 21:22:20.444 17925 17938 I art     : Starting a blocking GC Explicit
08-03 21:22:20.476 17925 17938 I art     : Explicit concurrent mark sweep GC freed 3(96B) AllocSpace objects, 0(0B) LOS objects, 22% free, 53MB/69MB, paused 713us total 31.546ms
08-03 21:22:20.487 17925 17938 I art     : Starting a blocking GC Explicit
08-03 21:22:20.519 17925 17938 I art     : Explicit concurrent mark sweep GC freed 3(96B) AllocSpace objects, 0(0B) LOS objects, 22% free, 53MB/69MB, paused 692us total 31.702ms
08-03 21:22:20.531 17925 17938 I art     : Starting a blocking GC Explicit
08-03 21:22:20.563 17925 17938 I art     : Explicit concurrent mark sweep GC freed 3(96B) AllocSpace objects, 0(0B) LOS objects, 22% free, 53MB/69MB, paused 708us total 32.138ms
08-03 21:22:20.657 21311 21311 D AndroidRuntime: >>>>>> START com.android.internal.os.RuntimeInit uid 2000 <<<<<<
08-03 21:22:20.664 21311 21311 D AndroidRuntime: CheckJNI is OFF
08-03 21:22:20.712 21311 21311 D ICU     : No timezone override file found: /data/misc/zoneinfo/current/icu/icu_tzdata.dat
08-03 21:22:20.757 21311 21311 I Radio-JNI: register_android_hardware_Radio DONE
08-03 21:22:20.785 21311 21311 D AndroidRuntime: Calling main entry com.android.commands.input.Input
08-03 21:22:20.787 21311 21311 I Input   : injectKeyEvent: KeyEvent { action=ACTION_DOWN, keyCode=KEYCODE_BACK, scanCode=0, metaState=0, flags=0x0, repeatCount=0, eventTime=652957200, downTime=652957200, deviceId=-1, source=0x101 }
08-03 21:22:20.793 21311 21311 I Input   : injectKeyEvent: KeyEvent { action=ACTION_UP, keyCode=KEYCODE_BACK, scanCode=0, metaState=0, flags=0x0, repeatCount=0, eventTime=652957200, downTime=652957200, deviceId=-1, source=0x101 }
08-03 21:22:20.798 21311 21311 D AndroidRuntime: Shutting down VM
08-03 21:22:20.832 13866 13866 I GoogleInputMethodServic: GoogleInputMethodService.onFinishInput():3138 
08-03 21:22:20.833 13866 13866 I GoogleInputMethodServic: GoogleInputMethodService.onStartInput():1808 
08-03 21:22:20.874 17925 18017 I art     : Starting a blocking GC Explicit
08-03 21:22:20.903 17925 18017 I art     : Explicit concurrent mark sweep GC freed 1526(86KB) AllocSpace objects, 1(20KB) LOS objects, 22% free, 53MB/69MB, paused 632us total 28.546ms
08-03 21:22:20.914 17925 18017 I art     : Starting a blocking GC Explicit
08-03 21:22:20.941 17925 18017 I art     : Explicit concurrent mark sweep GC freed 26(944B) AllocSpace objects, 0(0B) LOS objects, 22% free, 53MB/69MB, paused 669us total 26.911ms
08-03 21:22:20.952 17925 18017 I art     : Starting a blocking GC Explicit
08-03 21:22:20.980 17925 18017 I art     : Explicit concurrent mark sweep GC freed 3(96B) AllocSpace objects, 0(0B) LOS objects, 22% free, 53MB/69MB, paused 622us total 28.113ms
08-03 21:22:20.994 17925 18017 I art     : Starting a blocking GC Explicit
08-03 21:22:21.009   918  3188 I hubconnection: sensorhub said: 'set_bias 3: -6.2400, 0.0000, 0.0000'
08-03 21:22:21.028 17925 18017 I art     : Explicit concurrent mark sweep GC freed 3(96B) AllocSpace objects, 0(0B) LOS objects, 22% free, 53MB/69MB, paused 653us total 34.304ms
08-03 21:22:21.044 17925 18017 I art     : Starting a blocking GC Explicit
08-03 21:22:21.078 17925 18017 I art     : Explicit concurrent mark sweep GC freed 3(96B) AllocSpace objects, 0(0B) LOS objects, 22% free, 53MB/69MB, paused 650us total 34.471ms
08-03 21:22:21.144   380   380 W SurfaceFlinger: couldn't log to binary event log: overflow.
08-03 21:22:21.266 16351 16351 I ServiceManager: Waiting for service AtCmdFwd...
08-03 21:22:21.375 17925 18017 I art     : Starting a blocking GC Explicit
08-03 21:22:21.407 17925 18017 I art     : Explicit concurrent mark sweep GC freed 1453(86KB) AllocSpace objects, 1(20KB) LOS objects, 22% free, 53MB/69MB, paused 690us total 31.473ms
08-03 21:22:21.419 17925 18017 I art     : Starting a blocking GC Explicit
08-03 21:22:21.449 17925 18017 I art     : Explicit concurrent mark sweep GC freed 1671(107KB) AllocSpace objects, 3(180KB) LOS objects, 23% free, 53MB/69MB, paused 679us total 30.103ms
08-03 21:22:21.460 17925 18017 I art     : Starting a blocking GC Explicit
08-03 21:22:21.491 17925 18017 I art     : Explicit concurrent mark sweep GC freed 3(96B) AllocSpace objects, 0(0B) LOS objects, 23% free, 53MB/69MB, paused 691us total 29.809ms
08-03 21:22:21.502 17925 18017 I art     : Starting a blocking GC Explicit
08-03 21:22:21.533 17925 18017 I art     : Explicit concurrent mark sweep GC freed 3(96B) AllocSpace objects, 0(0B) LOS objects, 23% free, 53MB/69MB, paused 689us total 30.142ms
08-03 21:22:21.544 17925 18017 I art     : Starting a blocking GC Explicit
08-03 21:22:21.574 17925 18017 I art     : Explicit concurrent mark sweep GC freed 3(96B) AllocSpace objects, 0(0B) LOS objects, 23% free, 53MB/69MB, paused 707us total 29.600ms
08-03 21:22:21.882 17925 17938 I art     : Starting a blocking GC Explicit
08-03 21:22:21.921 17925 17938 I art     : Explicit concurrent mark sweep GC freed 1344(78KB) AllocSpace objects, 1(20KB) LOS objects, 23% free, 53MB/69MB, paused 767us total 38.659ms
08-03 21:22:21.935 17925 17938 I art     : Starting a blocking GC Explicit
08-03 21:22:21.965 17925 17938 I art     : Explicit concurrent mark sweep GC freed 20(704B) AllocSpace objects, 0(0B) LOS objects, 23% free, 53MB/69MB, paused 681us total 30.078ms
08-03 21:22:21.977 17925 17938 I art     : Starting a blocking GC Explicit
08-03 21:22:22.008 17925 17938 I art     : Explicit concurrent mark sweep GC freed 3(96B) AllocSpace objects, 0(0B) LOS objects, 23% free, 53MB/69MB, paused 713us total 30.265ms
08-03 21:22:22.019 17925 17938 I art     : Starting a blocking GC Explicit
08-03 21:22:22.048 17925 17938 I art     : Explicit concurrent mark sweep GC freed 3(96B) AllocSpace objects, 0(0B) LOS objects, 23% free, 53MB/69MB, paused 699us total 28.061ms
08-03 21:22:22.059 17925 17938 I art     : Starting a blocking GC Explicit
08-03 21:22:22.087 17925 17938 I art     : Explicit concurrent mark sweep GC freed 3(96B) AllocSpace objects, 0(0B) LOS objects, 23% free, 53MB/69MB, paused 782us total 27.549ms
08-03 21:22:22.267 16351 16351 I ServiceManager: Waiting for service AtCmdFwd...
08-03 21:22:22.382 17925 17937 I art     : Starting a blocking GC Explicit
08-03 21:22:22.413 17925 17937 I art     : Explicit concurrent mark sweep GC freed 1344(78KB) AllocSpace objects, 1(20KB) LOS objects, 23% free, 53MB/69MB, paused 699us total 30.265ms
08-03 21:22:22.425 17925 17937 I art     : Starting a blocking GC Explicit
08-03 21:22:22.457 17925 17937 I art     : Explicit concurrent mark sweep GC freed 20(704B) AllocSpace objects, 0(0B) LOS objects, 23% free, 53MB/69MB, paused 777us total 32.028ms
08-03 21:22:22.469 17925 17937 I art     : Starting a blocking GC Explicit
08-03 21:22:22.499 17925 17937 I art     : Explicit concurrent mark sweep GC freed 3(96B) AllocSpace objects, 0(0B) LOS objects, 23% free, 53MB/69MB, paused 691us total 29.511ms
08-03 21:22:22.511 17925 17937 I art     : Starting a blocking GC Explicit
08-03 21:22:22.542 17925 17937 I art     : Explicit concurrent mark sweep GC freed 3(96B) AllocSpace objects, 0(0B) LOS objects, 23% free, 53MB/69MB, paused 710us total 30.820ms
08-03 21:22:22.554 17925 17937 I art     : Starting a blocking GC Explicit
08-03 21:22:22.584 17925 17937 I art     : Explicit concurrent mark sweep GC freed 3(96B) AllocSpace objects, 0(0B) LOS objects, 23% free, 53MB/69MB, paused 738us total 30.084ms
08-03 21:22:22.586 21364 21364 D AndroidRuntime: >>>>>> START com.android.internal.os.RuntimeInit uid 2000 <<<<<<
08-03 21:22:22.592 21364 21364 D AndroidRuntime: CheckJNI is OFF
08-03 21:22:22.636 21364 21364 D ICU     : No timezone override file found: /data/misc/zoneinfo/current/icu/icu_tzdata.dat
08-03 21:22:22.682 21364 21364 I Radio-JNI: register_android_hardware_Radio DONE
08-03 21:22:22.714 21364 21364 D AndroidRuntime: Calling main entry com.android.commands.input.Input
08-03 21:22:22.718 21364 21364 I Input   : injectMotionEvent: MotionEvent { action=ACTION_DOWN, actionButton=0, id[0]=0, x[0]=255.0, y[0]=1845.0, toolType[0]=TOOL_TYPE_UNKNOWN, buttonState=0, metaState=0, flags=0x0, edgeFlags=0x0, pointerCount=1, historySize=0, eventTime=652959129, downTime=652959129, deviceId=0, source=0x1002 }
08-03 21:22:22.726 21364 21364 I Input   : injectMotionEvent: MotionEvent { action=ACTION_UP, actionButton=0, id[0]=0, x[0]=255.0, y[0]=1845.0, toolType[0]=TOOL_TYPE_UNKNOWN, buttonState=0, metaState=0, flags=0x0, edgeFlags=0x0, pointerCount=1, historySize=0, eventTime=652959129, downTime=652959129, deviceId=0, source=0x1002 }
08-03 21:22:22.729   918  5952 I ActivityManager: START u0 {cmp=baseline.appteam.nith.hillffair/.activities.ClubActivity (has extras)} from uid 10624 on display 0
08-03 21:22:22.744 21364 21364 D AndroidRuntime: Shutting down VM
08-03 21:22:22.832 13866 13866 I GoogleInputMethodServic: GoogleInputMethodService.onFinishInput():3138 
08-03 21:22:22.833 13866 13866 I GoogleInputMethodServic: GoogleInputMethodService.onStartInput():1808 
08-03 21:22:22.839   918   936 I ActivityManager: Displayed baseline.appteam.nith.hillffair/.activities.ClubActivity: +95ms
08-03 21:22:22.889 17925 18034 I art     : Starting a blocking GC Explicit
08-03 21:22:22.917 17925 18034 I art     : Explicit concurrent mark sweep GC freed 4996(308KB) AllocSpace objects, 1(20KB) LOS objects, 22% free, 53MB/69MB, paused 748us total 27.874ms
08-03 21:22:22.928 17925 18034 I art     : Starting a blocking GC Explicit
08-03 21:22:22.955 17925 18034 I art     : Explicit concurrent mark sweep GC freed 218(10KB) AllocSpace objects, 0(0B) LOS objects, 22% free, 53MB/69MB, paused 767us total 27.117ms
08-03 21:22:22.967 17925 18034 I art     : Starting a blocking GC Explicit
08-03 21:22:22.999 17925 18034 I art     : Explicit concurrent mark sweep GC freed 3(96B) AllocSpace objects, 0(0B) LOS objects, 22% free, 53MB/69MB, paused 749us total 32.446ms
08-03 21:22:23.011 17925 18034 I art     : Starting a blocking GC Explicit
08-03 21:22:23.045 17925 18034 I art     : Explicit concurrent mark sweep GC freed 3(96B) AllocSpace objects, 0(0B) LOS objects, 22% free, 53MB/69MB, paused 777us total 33.384ms
08-03 21:22:23.059 17925 18034 I art     : Starting a blocking GC Explicit
08-03 21:22:23.097   380   380 W SurfaceFlinger: couldn't log to binary event log: overflow.
08-03 21:22:23.097 17925 18034 I art     : Explicit concurrent mark sweep GC freed 3(96B) AllocSpace objects, 0(0B) LOS objects, 22% free, 53MB/69MB, paused 1.082ms total 37.650ms
08-03 21:22:23.267 16351 16351 I ServiceManager: Waiting for service AtCmdFwd...
08-03 21:22:23.403 17925 17938 I art     : Starting a blocking GC Explicit
08-03 21:22:23.434 17925 17938 I art     : Explicit concurrent mark sweep GC freed 1482(85KB) AllocSpace objects, 1(20KB) LOS objects, 22% free, 53MB/69MB, paused 787us total 31.221ms
08-03 21:22:23.446 17925 17938 I art     : Starting a blocking GC Explicit
08-03 21:22:23.475 17925 17938 I art     : Explicit concurrent mark sweep GC freed 50(1728B) AllocSpace objects, 0(0B) LOS objects, 22% free, 53MB/69MB, paused 715us total 29.172ms
08-03 21:22:23.487 17925 17938 I art     : Starting a blocking GC Explicit
08-03 21:22:23.516 17925 17938 I art     : Explicit concurrent mark sweep GC freed 14(528B) AllocSpace objects, 0(0B) LOS objects, 22% free, 53MB/69MB, paused 1.048ms total 29.039ms
08-03 21:22:23.528 17925 17938 I art     : Starting a blocking GC Explicit
08-03 21:22:23.557 17925 17938 I art     : Explicit concurrent mark sweep GC freed 18(672B) AllocSpace objects, 0(0B) LOS objects, 22% free, 53MB/69MB, paused 869us total 29.273ms
08-03 21:22:23.569 17925 17938 I art     : Starting a blocking GC Explicit
08-03 21:22:23.599 17925 17938 I art     : Explicit concurrent mark sweep GC freed 15(544B) AllocSpace objects, 0(0B) LOS objects, 22% free, 53MB/69MB, paused 1.313ms total 29.545ms
08-03 21:22:23.678 17925 21394 D OkHttp  : --> GET https://api-hillfair-2k16.herokuapp.com/api/app/club/Technical%20Committee http/1.1
08-03 21:22:23.715 17925 21394 D OkHttp  : <-- 200 OK https://api-hillfair-2k16.herokuapp.com/api/app/club/Technical%20Committee (36ms, 1171-byte body)
08-03 21:22:23.767 17925 17925 I NAPPA_EXPERIMENTATION: MetricNetworkRequestExecutionTime: REQUEST_DURATION_SYSTEM='992',REQUEST_DURATION_OKHTTP='37',REQUEST_SYNCHRONOUS='FALSE',RESPONSE_CODE='200',RESPONSE_METHOD='GET',RESPONSE_LENGTH_OKHTTP='1171',RESPONSE_LENGTH_HEADER='1171',REQUEST_PROTOCOL='http/1.1',REQUEST_URL='https://api-hillfair-2k16.herokuapp.com/api/app/club/Technical%20Committee',
08-03 21:22:23.892 17925 17938 I art     : Starting a blocking GC Explicit
08-03 21:22:23.925 17925 17938 I art     : Explicit concurrent mark sweep GC freed 4831(342KB) AllocSpace objects, 4(220KB) LOS objects, 22% free, 54MB/70MB, paused 722us total 32.891ms
08-03 21:22:23.937 17925 17938 I art     : Starting a blocking GC Explicit
08-03 21:22:23.969 17925 17938 I art     : Explicit concurrent mark sweep GC freed 1035(119KB) AllocSpace objects, 0(0B) LOS objects, 22% free, 53MB/69MB, paused 709us total 31.415ms
08-03 21:22:23.980 17925 17938 I art     : Starting a blocking GC Explicit
08-03 21:22:24.011 17925 17938 I art     : Explicit concurrent mark sweep GC freed 3(96B) AllocSpace objects, 0(0B) LOS objects, 22% free, 53MB/69MB, paused 710us total 30.304ms
08-03 21:22:24.022 17925 17938 I art     : Starting a blocking GC Explicit
08-03 21:22:24.052 17925 17938 I art     : Explicit concurrent mark sweep GC freed 3(96B) AllocSpace objects, 0(0B) LOS objects, 22% free, 53MB/69MB, paused 737us total 29.634ms
08-03 21:22:24.064 17925 17938 I art     : Starting a blocking GC Explicit
08-03 21:22:24.095 17925 17938 I art     : Explicit concurrent mark sweep GC freed 3(96B) AllocSpace objects, 0(0B) LOS objects, 22% free, 53MB/69MB, paused 707us total 30.720ms
08-03 21:22:24.267 16351 16351 W Atfwd_Sendcmd: AtCmdFwd service not published, waiting... retryCnt : 1
08-03 21:22:24.397 17925 17938 I art     : Starting a blocking GC Explicit
08-03 21:22:24.434 17925 17938 I art     : Explicit concurrent mark sweep GC freed 1345(78KB) AllocSpace objects, 1(20KB) LOS objects, 22% free, 53MB/69MB, paused 770us total 36.444ms
08-03 21:22:24.449 17925 17938 I art     : Starting a blocking GC Explicit
08-03 21:22:24.482 17925 17938 I art     : Explicit concurrent mark sweep GC freed 36(1264B) AllocSpace objects, 0(0B) LOS objects, 22% free, 53MB/69MB, paused 734us total 32.835ms
08-03 21:22:24.494 17925 17938 I art     : Starting a blocking GC Explicit
08-03 21:22:24.529 17925 17938 I art     : Explicit concurrent mark sweep GC freed 3(96B) AllocSpace objects, 0(0B) LOS objects, 22% free, 53MB/69MB, paused 753us total 34.187ms
08-03 21:22:24.541 17925 17938 I art     : Starting a blocking GC Explicit
08-03 21:22:24.575 17925 17938 I art     : Explicit concurrent mark sweep GC freed 3(96B) AllocSpace objects, 0(0B) LOS objects, 22% free, 53MB/69MB, paused 711us total 34.105ms
08-03 21:22:24.587 17925 17938 I art     : Starting a blocking GC Explicit
08-03 21:22:24.620 17925 17938 I art     : Explicit concurrent mark sweep GC freed 3(96B) AllocSpace objects, 0(0B) LOS objects, 22% free, 53MB/69MB, paused 740us total 32.692ms
08-03 21:22:24.950 17925 18017 I art     : Starting a blocking GC Explicit
08-03 21:22:24.992 17925 18017 I art     : Explicit concurrent mark sweep GC freed 1344(78KB) AllocSpace objects, 1(20KB) LOS objects, 22% free, 53MB/69MB, paused 789us total 41.274ms
08-03 21:22:25.007 17925 18017 I art     : Starting a blocking GC Explicit
08-03 21:22:25.041 17925 18017 I art     : Explicit concurrent mark sweep GC freed 20(704B) AllocSpace objects, 0(0B) LOS objects, 22% free, 53MB/69MB, paused 747us total 33.565ms
08-03 21:22:25.053 17925 18017 I art     : Starting a blocking GC Explicit
08-03 21:22:25.087 17925 18017 I art     : Explicit concurrent mark sweep GC freed 3(96B) AllocSpace objects, 0(0B) LOS objects, 22% free, 53MB/69MB, paused 857us total 34.289ms
08-03 21:22:25.099 17925 18017 I art     : Starting a blocking GC Explicit
08-03 21:22:25.132 17925 18017 I art     : Explicit concurrent mark sweep GC freed 3(96B) AllocSpace objects, 0(0B) LOS objects, 22% free, 53MB/69MB, paused 730us total 32.737ms
08-03 21:22:25.145 17925 18017 I art     : Starting a blocking GC Explicit
08-03 21:22:25.180 17925 18017 I art     : Explicit concurrent mark sweep GC freed 3(96B) AllocSpace objects, 0(0B) LOS objects, 22% free, 53MB/69MB, paused 733us total 34.762ms
08-03 21:22:25.510 17925 17937 I art     : Starting a blocking GC Explicit
08-03 21:22:25.557 17925 17937 I art     : Explicit concurrent mark sweep GC freed 1344(78KB) AllocSpace objects, 1(20KB) LOS objects, 22% free, 53MB/69MB, paused 779us total 46.407ms
08-03 21:22:25.572 17925 17937 I art     : Starting a blocking GC Explicit
08-03 21:22:25.606 17925 17937 I art     : Explicit concurrent mark sweep GC freed 20(704B) AllocSpace objects, 0(0B) LOS objects, 22% free, 53MB/69MB, paused 708us total 33.728ms
08-03 21:22:25.618 17925 17937 I art     : Starting a blocking GC Explicit
08-03 21:22:25.652 17925 17937 I art     : Explicit concurrent mark sweep GC freed 3(96B) AllocSpace objects, 0(0B) LOS objects, 22% free, 53MB/69MB, paused 734us total 33.856ms
08-03 21:22:25.664 17925 17937 I art     : Starting a blocking GC Explicit
08-03 21:22:25.699 17925 17937 I art     : Explicit concurrent mark sweep GC freed 3(96B) AllocSpace objects, 0(0B) LOS objects, 22% free, 53MB/69MB, paused 740us total 34.472ms
08-03 21:22:25.711 17925 17937 I art     : Starting a blocking GC Explicit
08-03 21:22:25.744 17925 17937 I art     : Explicit concurrent mark sweep GC freed 3(96B) AllocSpace objects, 0(0B) LOS objects, 22% free, 53MB/69MB, paused 686us total 32.733ms
08-03 21:22:26.095 17925 18827 I art     : Starting a blocking GC Explicit
08-03 21:22:26.136 17925 18827 I art     : Explicit concurrent mark sweep GC freed 1344(78KB) AllocSpace objects, 1(20KB) LOS objects, 22% free, 53MB/69MB, paused 759us total 40.707ms
08-03 21:22:26.154 17925 18827 I art     : Starting a blocking GC Explicit
08-03 21:22:26.190 17925 18827 I art     : Explicit concurrent mark sweep GC freed 20(704B) AllocSpace objects, 0(0B) LOS objects, 22% free, 53MB/69MB, paused 711us total 36.025ms
08-03 21:22:26.202 17925 18827 I art     : Starting a blocking GC Explicit
08-03 21:22:26.235 17925 18827 I art     : Explicit concurrent mark sweep GC freed 3(96B) AllocSpace objects, 0(0B) LOS objects, 22% free, 53MB/69MB, paused 716us total 32.284ms
08-03 21:22:26.247 17925 18827 I art     : Starting a blocking GC Explicit
08-03 21:22:26.282 17925 18827 I art     : Explicit concurrent mark sweep GC freed 3(96B) AllocSpace objects, 0(0B) LOS objects, 22% free, 53MB/69MB, paused 732us total 34.302ms
08-03 21:22:26.294 17925 18827 I art     : Starting a blocking GC Explicit
08-03 21:22:26.328 17925 18827 I art     : Explicit concurrent mark sweep GC freed 3(96B) AllocSpace objects, 0(0B) LOS objects, 22% free, 53MB/69MB, paused 742us total 34.330ms
08-03 21:22:26.658 17925 18034 I art     : Starting a blocking GC Explicit
08-03 21:22:26.701 17925 18034 I art     : Explicit concurrent mark sweep GC freed 1357(78KB) AllocSpace objects, 1(20KB) LOS objects, 22% free, 53MB/69MB, paused 750us total 42.922ms
08-03 21:22:26.718 17925 18034 I art     : Starting a blocking GC Explicit
08-03 21:22:26.754 17925 18034 I art     : Explicit concurrent mark sweep GC freed 34(1136B) AllocSpace objects, 0(0B) LOS objects, 22% free, 53MB/69MB, paused 727us total 35.008ms
08-03 21:22:26.766 17925 18034 I art     : Starting a blocking GC Explicit
08-03 21:22:26.801 17925 18034 I art     : Explicit concurrent mark sweep GC freed 3(96B) AllocSpace objects, 0(0B) LOS objects, 22% free, 53MB/69MB, paused 707us total 34.264ms
08-03 21:22:26.813 17925 18034 I art     : Starting a blocking GC Explicit
08-03 21:22:26.846 17925 18034 I art     : Explicit concurrent mark sweep GC freed 3(96B) AllocSpace objects, 0(0B) LOS objects, 22% free, 53MB/69MB, paused 753us total 32.609ms
08-03 21:22:26.858 17925 18034 I art     : Starting a blocking GC Explicit
08-03 21:22:26.891 17925 18034 I art     : Explicit concurrent mark sweep GC freed 3(96B) AllocSpace objects, 0(0B) LOS objects, 22% free, 53MB/69MB, paused 715us total 33.063ms
08-03 21:22:27.189 17925 17938 I art     : Starting a blocking GC Explicit
08-03 21:22:27.225 17925 17938 I art     : Explicit concurrent mark sweep GC freed 1344(78KB) AllocSpace objects, 1(20KB) LOS objects, 22% free, 53MB/69MB, paused 798us total 35.140ms
08-03 21:22:27.238 17925 17938 I art     : Starting a blocking GC Explicit
08-03 21:22:27.269 17925 17938 I art     : Explicit concurrent mark sweep GC freed 20(704B) AllocSpace objects, 0(0B) LOS objects, 22% free, 53MB/69MB, paused 739us total 30.759ms
08-03 21:22:27.281 17925 17938 I art     : Starting a blocking GC Explicit
08-03 21:22:27.313 17925 17938 I art     : Explicit concurrent mark sweep GC freed 3(96B) AllocSpace objects, 0(0B) LOS objects, 22% free, 53MB/69MB, paused 717us total 31.985ms
08-03 21:22:27.325 17925 17938 I art     : Starting a blocking GC Explicit
08-03 21:22:27.356 17925 17938 I art     : Explicit concurrent mark sweep GC freed 3(96B) AllocSpace objects, 0(0B) LOS objects, 22% free, 53MB/69MB, paused 717us total 30.805ms
08-03 21:22:27.368 17925 17938 I art     : Starting a blocking GC Explicit
08-03 21:22:27.401 17925 17938 I art     : Explicit concurrent mark sweep GC freed 3(96B) AllocSpace objects, 0(0B) LOS objects, 22% free, 53MB/69MB, paused 724us total 32.715ms
08-03 21:22:27.550 21470 21470 D AndroidRuntime: >>>>>> START com.android.internal.os.RuntimeInit uid 2000 <<<<<<
08-03 21:22:27.558 21470 21470 D AndroidRuntime: CheckJNI is OFF
08-03 21:22:27.602 21470 21470 D ICU     : No timezone override file found: /data/misc/zoneinfo/current/icu/icu_tzdata.dat
08-03 21:22:27.644 21470 21470 I Radio-JNI: register_android_hardware_Radio DONE
08-03 21:22:27.673 21470 21470 D AndroidRuntime: Calling main entry com.android.commands.input.Input
08-03 21:22:27.675 21470 21470 I Input   : injectKeyEvent: KeyEvent { action=ACTION_DOWN, keyCode=KEYCODE_BACK, scanCode=0, metaState=0, flags=0x0, repeatCount=0, eventTime=652964088, downTime=652964088, deviceId=-1, source=0x101 }
08-03 21:22:27.680 21470 21470 I Input   : injectKeyEvent: KeyEvent { action=ACTION_UP, keyCode=KEYCODE_BACK, scanCode=0, metaState=0, flags=0x0, repeatCount=0, eventTime=652964088, downTime=652964088, deviceId=-1, source=0x101 }
08-03 21:22:27.686 21470 21470 D AndroidRuntime: Shutting down VM
08-03 21:22:27.728 13866 13866 I GoogleInputMethodServic: GoogleInputMethodService.onFinishInput():3138 
08-03 21:22:27.729 13866 13866 I GoogleInputMethodServic: GoogleInputMethodService.onStartInput():1808 
08-03 21:22:27.739 17925 17938 I art     : Starting a blocking GC Explicit
08-03 21:22:27.773 17925 17938 I art     : Explicit concurrent mark sweep GC freed 1525(85KB) AllocSpace objects, 1(20KB) LOS objects, 22% free, 53MB/69MB, paused 833us total 33.448ms
08-03 21:22:27.786 17925 17938 I art     : Starting a blocking GC Explicit
08-03 21:22:27.812 17925 17938 I art     : Explicit concurrent mark sweep GC freed 27(992B) AllocSpace objects, 0(0B) LOS objects, 22% free, 53MB/69MB, paused 659us total 25.661ms
08-03 21:22:27.822 17925 17938 I art     : Starting a blocking GC Explicit
08-03 21:22:27.851 17925 17938 I art     : Explicit concurrent mark sweep GC freed 3(96B) AllocSpace objects, 0(0B) LOS objects, 22% free, 53MB/69MB, paused 713us total 27.875ms
08-03 21:22:27.862 17925 17938 I art     : Starting a blocking GC Explicit
08-03 21:22:27.893 17925 17938 I art     : Explicit concurrent mark sweep GC freed 3(96B) AllocSpace objects, 0(0B) LOS objects, 22% free, 53MB/69MB, paused 730us total 30.467ms
08-03 21:22:27.905 17925 17938 I art     : Starting a blocking GC Explicit
08-03 21:22:27.941 17925 17938 I art     : Explicit concurrent mark sweep GC freed 3(96B) AllocSpace objects, 0(0B) LOS objects, 22% free, 53MB/69MB, paused 780us total 35.272ms
08-03 21:22:28.034   380   380 W SurfaceFlinger: couldn't log to binary event log: overflow.
08-03 21:22:28.231 17925 18827 I art     : Starting a blocking GC Explicit
08-03 21:22:28.271 17925 18827 I art     : Explicit concurrent mark sweep GC freed 1453(86KB) AllocSpace objects, 1(20KB) LOS objects, 22% free, 53MB/69MB, paused 866us total 39.308ms
08-03 21:22:28.286 17925 18827 I art     : Starting a blocking GC Explicit
08-03 21:22:28.317 17925 18827 I art     : Explicit concurrent mark sweep GC freed 1670(108KB) AllocSpace objects, 3(180KB) LOS objects, 22% free, 53MB/69MB, paused 681us total 31.025ms
08-03 21:22:28.329 17925 18827 I art     : Starting a blocking GC Explicit
08-03 21:22:28.359 17925 18827 I art     : Explicit concurrent mark sweep GC freed 3(96B) AllocSpace objects, 0(0B) LOS objects, 22% free, 53MB/69MB, paused 691us total 29.982ms
08-03 21:22:28.371 17925 18827 I art     : Starting a blocking GC Explicit
08-03 21:22:28.400 17925 18827 I art     : Explicit concurrent mark sweep GC freed 3(96B) AllocSpace objects, 0(0B) LOS objects, 22% free, 53MB/69MB, paused 684us total 29.691ms
08-03 21:22:28.412 17925 18827 I art     : Starting a blocking GC Explicit
08-03 21:22:28.443 17925 18827 I art     : Explicit concurrent mark sweep GC freed 3(96B) AllocSpace objects, 0(0B) LOS objects, 22% free, 53MB/69MB, paused 661us total 30.565ms
08-03 21:22:28.443 17925 17936 I art     : WaitForGcToComplete blocked for 8.574ms for cause HeapTrim
08-03 21:22:28.755 17925 18034 I art     : Starting a blocking GC Explicit
08-03 21:22:28.795 17925 18034 I art     : Explicit concurrent mark sweep GC freed 1344(78KB) AllocSpace objects, 1(20KB) LOS objects, 22% free, 53MB/69MB, paused 772us total 39.278ms
08-03 21:22:28.811 17925 18034 I art     : Starting a blocking GC Explicit
08-03 21:22:28.842 17925 18034 I art     : Explicit concurrent mark sweep GC freed 20(704B) AllocSpace objects, 0(0B) LOS objects, 22% free, 53MB/69MB, paused 685us total 30.282ms
08-03 21:22:28.853 17925 18034 I art     : Starting a blocking GC Explicit
08-03 21:22:28.884 17925 18034 I art     : Explicit concurrent mark sweep GC freed 3(96B) AllocSpace objects, 0(0B) LOS objects, 22% free, 53MB/69MB, paused 642us total 30.420ms
08-03 21:22:28.896 17925 18034 I art     : Starting a blocking GC Explicit
08-03 21:22:28.925 17925 18034 I art     : Explicit concurrent mark sweep GC freed 3(96B) AllocSpace objects, 0(0B) LOS objects, 22% free, 53MB/69MB, paused 664us total 29.267ms
08-03 21:22:28.937 17925 18034 I art     : Starting a blocking GC Explicit
08-03 21:22:28.966 17925 18034 I art     : Explicit concurrent mark sweep GC freed 3(96B) AllocSpace objects, 0(0B) LOS objects, 22% free, 53MB/69MB, paused 692us total 28.620ms
08-03 21:22:29.266 17925 17937 I art     : Starting a blocking GC Explicit
08-03 21:22:29.268 16351 16351 I ServiceManager: Waiting for service AtCmdFwd...
08-03 21:22:29.301 17925 17937 I art     : Explicit concurrent mark sweep GC freed 1344(78KB) AllocSpace objects, 1(20KB) LOS objects, 22% free, 53MB/69MB, paused 741us total 34.249ms
08-03 21:22:29.315 17925 17937 I art     : Starting a blocking GC Explicit
08-03 21:22:29.347 17925 17937 I art     : Explicit concurrent mark sweep GC freed 20(704B) AllocSpace objects, 0(0B) LOS objects, 22% free, 53MB/69MB, paused 790us total 31.831ms
08-03 21:22:29.359 17925 17937 I art     : Starting a blocking GC Explicit
08-03 21:22:29.391 17925 17937 I art     : Explicit concurrent mark sweep GC freed 3(96B) AllocSpace objects, 0(0B) LOS objects, 22% free, 53MB/69MB, paused 700us total 31.768ms
08-03 21:22:29.403 17925 17937 I art     : Starting a blocking GC Explicit
08-03 21:22:29.434 17925 17937 I art     : Explicit concurrent mark sweep GC freed 3(96B) AllocSpace objects, 0(0B) LOS objects, 22% free, 53MB/69MB, paused 733us total 30.656ms
08-03 21:22:29.445 17925 17937 I art     : Starting a blocking GC Explicit
08-03 21:22:29.464 21524 21524 D AndroidRuntime: >>>>>> START com.android.internal.os.RuntimeInit uid 2000 <<<<<<
08-03 21:22:29.469 21524 21524 D AndroidRuntime: CheckJNI is OFF
08-03 21:22:29.476 17925 17937 I art     : Explicit concurrent mark sweep GC freed 3(96B) AllocSpace objects, 0(0B) LOS objects, 22% free, 53MB/69MB, paused 785us total 30.864ms
08-03 21:22:29.515 21524 21524 D ICU     : No timezone override file found: /data/misc/zoneinfo/current/icu/icu_tzdata.dat
08-03 21:22:29.561 21524 21524 I Radio-JNI: register_android_hardware_Radio DONE
08-03 21:22:29.590 21524 21524 D AndroidRuntime: Calling main entry com.android.commands.input.Input
08-03 21:22:29.592 21524 21524 I Input   : injectMotionEvent: MotionEvent { action=ACTION_DOWN, actionButton=0, id[0]=0, x[0]=255.0, y[0]=1845.0, toolType[0]=TOOL_TYPE_UNKNOWN, buttonState=0, metaState=0, flags=0x0, edgeFlags=0x0, pointerCount=1, historySize=0, eventTime=652966005, downTime=652966005, deviceId=0, source=0x1002 }
08-03 21:22:29.598 21524 21524 I Input   : injectMotionEvent: MotionEvent { action=ACTION_UP, actionButton=0, id[0]=0, x[0]=255.0, y[0]=1845.0, toolType[0]=TOOL_TYPE_UNKNOWN, buttonState=0, metaState=0, flags=0x0, edgeFlags=0x0, pointerCount=1, historySize=0, eventTime=652966005, downTime=652966005, deviceId=0, source=0x1002 }
08-03 21:22:29.599   918  3961 I ActivityManager: START u0 {cmp=baseline.appteam.nith.hillffair/.activities.ClubActivity (has extras)} from uid 10624 on display 0
08-03 21:22:29.607 21524 21524 D AndroidRuntime: Shutting down VM
08-03 21:22:29.708 17925 17925 I NAPPA_EXPERIMENTATION: MetricNetworkRequestExecutionTime: REQUEST_DURATION_SYSTEM='70',REQUEST_DURATION_OKHTTP='37',REQUEST_SYNCHRONOUS='FALSE',RESPONSE_CODE='200',RESPONSE_METHOD='GET',RESPONSE_LENGTH_OKHTTP='1171',RESPONSE_LENGTH_HEADER='-2',REQUEST_PROTOCOL='http/1.1',REQUEST_URL='https://api-hillfair-2k16.herokuapp.com/api/app/club/Technical%20Committee',
08-03 21:22:29.714   918   936 I ActivityManager: Displayed baseline.appteam.nith.hillffair/.activities.ClubActivity: +107ms
08-03 21:22:29.715 13866 13866 I GoogleInputMethodServic: GoogleInputMethodService.onFinishInput():3138 
08-03 21:22:29.715 13866 13866 I GoogleInputMethodServic: GoogleInputMethodService.onStartInput():1808 
08-03 21:22:29.773 17925 17938 I art     : Starting a blocking GC Explicit
08-03 21:22:29.804 17925 17938 I art     : Explicit concurrent mark sweep GC freed 5758(416KB) AllocSpace objects, 1(20KB) LOS objects, 22% free, 53MB/69MB, paused 740us total 30.107ms
08-03 21:22:29.817 17925 17938 I art     : Starting a blocking GC Explicit
08-03 21:22:29.852 17925 17938 I art     : Explicit concurrent mark sweep GC freed 278(12KB) AllocSpace objects, 0(0B) LOS objects, 22% free, 53MB/69MB, paused 717us total 33.871ms
08-03 21:22:29.865 17925 17938 I art     : Starting a blocking GC Explicit
08-03 21:22:29.902 17925 17938 I art     : Explicit concurrent mark sweep GC freed 3(96B) AllocSpace objects, 0(0B) LOS objects, 22% free, 53MB/69MB, paused 759us total 35.785ms
08-03 21:22:29.917 17925 17938 I art     : Starting a blocking GC Explicit
08-03 21:22:29.953 17925 17938 I art     : Explicit concurrent mark sweep GC freed 3(96B) AllocSpace objects, 0(0B) LOS objects, 22% free, 53MB/69MB, paused 763us total 35.960ms
08-03 21:22:29.953   380   380 W SurfaceFlinger: couldn't log to binary event log: overflow.
08-03 21:22:29.968 17925 17938 I art     : Starting a blocking GC Explicit
08-03 21:22:29.995 17925 17938 I art     : Explicit concurrent mark sweep GC freed 3(96B) AllocSpace objects, 0(0B) LOS objects, 22% free, 53MB/69MB, paused 639us total 26.733ms
08-03 21:22:30.268 16351 16351 I ServiceManager: Waiting for service AtCmdFwd...
08-03 21:22:30.286 17925 17937 I art     : Starting a blocking GC Explicit
08-03 21:22:30.323 17925 17937 I art     : Explicit concurrent mark sweep GC freed 1444(84KB) AllocSpace objects, 1(20KB) LOS objects, 22% free, 53MB/69MB, paused 749us total 37.395ms
08-03 21:22:30.338 17925 17937 I art     : Starting a blocking GC Explicit
08-03 21:22:30.370 17925 17937 I art     : Explicit concurrent mark sweep GC freed 36(1264B) AllocSpace objects, 0(0B) LOS objects, 22% free, 53MB/69MB, paused 725us total 31.889ms
08-03 21:22:30.382 17925 17937 I art     : Starting a blocking GC Explicit
08-03 21:22:30.414 17925 17937 I art     : Explicit concurrent mark sweep GC freed 3(96B) AllocSpace objects, 0(0B) LOS objects, 22% free, 53MB/69MB, paused 713us total 31.460ms
08-03 21:22:30.426 17925 17937 I art     : Starting a blocking GC Explicit
08-03 21:22:30.457 17925 17937 I art     : Explicit concurrent mark sweep GC freed 3(96B) AllocSpace objects, 0(0B) LOS objects, 22% free, 53MB/69MB, paused 788us total 31.024ms
08-03 21:22:30.469 17925 17937 I art     : Starting a blocking GC Explicit
08-03 21:22:30.501 17925 17937 I art     : Explicit concurrent mark sweep GC freed 3(96B) AllocSpace objects, 0(0B) LOS objects, 22% free, 53MB/69MB, paused 705us total 31.712ms
08-03 21:22:30.819 17925 18017 I art     : Starting a blocking GC Explicit
08-03 21:22:30.860 17925 18017 I art     : Explicit concurrent mark sweep GC freed 1344(78KB) AllocSpace objects, 1(20KB) LOS objects, 22% free, 53MB/69MB, paused 758us total 41.230ms
08-03 21:22:30.876 17925 18017 I art     : Starting a blocking GC Explicit
08-03 21:22:30.907 17925 18017 I art     : Explicit concurrent mark sweep GC freed 20(704B) AllocSpace objects, 0(0B) LOS objects, 22% free, 53MB/69MB, paused 802us total 30.860ms
08-03 21:22:30.919 17925 18017 I art     : Starting a blocking GC Explicit
08-03 21:22:30.951 17925 18017 I art     : Explicit concurrent mark sweep GC freed 3(96B) AllocSpace objects, 0(0B) LOS objects, 22% free, 53MB/69MB, paused 697us total 31.603ms
08-03 21:22:30.963 17925 18017 I art     : Starting a blocking GC Explicit
08-03 21:22:30.995 17925 18017 I art     : Explicit concurrent mark sweep GC freed 3(96B) AllocSpace objects, 0(0B) LOS objects, 22% free, 53MB/69MB, paused 713us total 31.580ms
08-03 21:22:31.007 17925 18017 I art     : Starting a blocking GC Explicit
08-03 21:22:31.039 17925 18017 I art     : Explicit concurrent mark sweep GC freed 3(96B) AllocSpace objects, 0(0B) LOS objects, 22% free, 53MB/69MB, paused 720us total 31.621ms
08-03 21:22:31.172   918  3261 D WifiStateMachine: starting scan for "H369AA63323"WPA_PSK with 2412,5180
08-03 21:22:31.268 16351 16351 I ServiceManager: Waiting for service AtCmdFwd...
08-03 21:22:31.368 17925 18034 I art     : Starting a blocking GC Explicit
08-03 21:22:31.408 17925 18034 I art     : Explicit concurrent mark sweep GC freed 1344(78KB) AllocSpace objects, 1(20KB) LOS objects, 22% free, 53MB/69MB, paused 830us total 39.082ms
08-03 21:22:31.422 17925 18034 I art     : Starting a blocking GC Explicit
08-03 21:22:31.454 17925 18034 I art     : Explicit concurrent mark sweep GC freed 20(704B) AllocSpace objects, 0(0B) LOS objects, 22% free, 53MB/69MB, paused 780us total 31.796ms
08-03 21:22:31.466 17925 18034 I art     : Starting a blocking GC Explicit
08-03 21:22:31.501 17925 18034 I art     : Explicit concurrent mark sweep GC freed 3(96B) AllocSpace objects, 0(0B) LOS objects, 22% free, 53MB/69MB, paused 741us total 34.856ms
08-03 21:22:31.513 17925 18034 I art     : Starting a blocking GC Explicit
08-03 21:22:31.548 17925 18034 I art     : Explicit concurrent mark sweep GC freed 3(96B) AllocSpace objects, 0(0B) LOS objects, 22% free, 53MB/69MB, paused 679us total 34.474ms
08-03 21:22:31.560 17925 18034 I art     : Starting a blocking GC Explicit
08-03 21:22:31.593 17925 18034 I art     : Explicit concurrent mark sweep GC freed 3(96B) AllocSpace objects, 0(0B) LOS objects, 22% free, 53MB/69MB, paused 713us total 32.349ms
08-03 21:22:31.950 17925 17938 I art     : Starting a blocking GC Explicit
08-03 21:22:31.997 17925 17938 I art     : Explicit concurrent mark sweep GC freed 1344(78KB) AllocSpace objects, 1(20KB) LOS objects, 22% free, 53MB/69MB, paused 825us total 46.984ms
08-03 21:22:32.013 17925 17938 I art     : Starting a blocking GC Explicit
08-03 21:22:32.049 17925 17938 I art     : Explicit concurrent mark sweep GC freed 20(704B) AllocSpace objects, 0(0B) LOS objects, 22% free, 53MB/69MB, paused 764us total 34.867ms
08-03 21:22:32.061 17925 17938 I art     : Starting a blocking GC Explicit
08-03 21:22:32.093 17925 17938 I art     : Explicit concurrent mark sweep GC freed 3(96B) AllocSpace objects, 0(0B) LOS objects, 22% free, 53MB/69MB, paused 730us total 32.364ms
08-03 21:22:32.105 17925 17938 I art     : Starting a blocking GC Explicit
08-03 21:22:32.140 17925 17938 I art     : Explicit concurrent mark sweep GC freed 3(96B) AllocSpace objects, 0(0B) LOS objects, 22% free, 53MB/69MB, paused 717us total 34.387ms
08-03 21:22:32.152 17925 17938 I art     : Starting a blocking GC Explicit
08-03 21:22:32.187 17925 17938 I art     : Explicit concurrent mark sweep GC freed 3(96B) AllocSpace objects, 0(0B) LOS objects, 22% free, 53MB/69MB, paused 733us total 34.254ms
08-03 21:22:32.269 16351 16351 I ServiceManager: Waiting for service AtCmdFwd...
08-03 21:22:32.517 17925 18827 I art     : Starting a blocking GC Explicit
08-03 21:22:32.561 17925 18827 I art     : Explicit concurrent mark sweep GC freed 1344(78KB) AllocSpace objects, 1(20KB) LOS objects, 22% free, 53MB/69MB, paused 774us total 43.270ms
08-03 21:22:32.580 17925 18827 I art     : Starting a blocking GC Explicit
08-03 21:22:32.613 17925 18827 I art     : Explicit concurrent mark sweep GC freed 20(720B) AllocSpace objects, 0(0B) LOS objects, 22% free, 53MB/69MB, paused 740us total 32.537ms
08-03 21:22:32.625 17925 18827 I art     : Starting a blocking GC Explicit
08-03 21:22:32.660 17925 18827 I art     : Explicit concurrent mark sweep GC freed 3(96B) AllocSpace objects, 0(0B) LOS objects, 22% free, 53MB/69MB, paused 746us total 34.398ms
08-03 21:22:32.672 17925 18827 I art     : Starting a blocking GC Explicit
08-03 21:22:32.707 17925 18827 I art     : Explicit concurrent mark sweep GC freed 3(96B) AllocSpace objects, 0(0B) LOS objects, 22% free, 53MB/69MB, paused 754us total 34.565ms
08-03 21:22:32.719 17925 18827 I art     : Starting a blocking GC Explicit
08-03 21:22:32.753 17925 18827 I art     : Explicit concurrent mark sweep GC freed 3(96B) AllocSpace objects, 0(0B) LOS objects, 22% free, 53MB/69MB, paused 728us total 33.627ms
08-03 21:22:33.087 17925 17937 I art     : Starting a blocking GC Explicit
08-03 21:22:33.127 17925 17937 I art     : Explicit concurrent mark sweep GC freed 1344(78KB) AllocSpace objects, 1(20KB) LOS objects, 22% free, 53MB/69MB, paused 784us total 39.250ms
08-03 21:22:33.140 17925 17937 I art     : Starting a blocking GC Explicit
08-03 21:22:33.174 17925 17937 I art     : Explicit concurrent mark sweep GC freed 20(704B) AllocSpace objects, 0(0B) LOS objects, 22% free, 53MB/69MB, paused 812us total 33.897ms
08-03 21:22:33.187 17925 17937 I art     : Starting a blocking GC Explicit
08-03 21:22:33.220 17925 17937 I art     : Explicit concurrent mark sweep GC freed 3(96B) AllocSpace objects, 0(0B) LOS objects, 22% free, 53MB/69MB, paused 704us total 33.302ms
08-03 21:22:33.232 17925 17937 I art     : Starting a blocking GC Explicit
08-03 21:22:33.267 17925 17937 I art     : Explicit concurrent mark sweep GC freed 3(96B) AllocSpace objects, 0(0B) LOS objects, 22% free, 53MB/69MB, paused 879us total 34.408ms
08-03 21:22:33.270 16351 16351 I ServiceManager: Waiting for service AtCmdFwd...
08-03 21:22:33.283 17925 17937 I art     : Starting a blocking GC Explicit
08-03 21:22:33.320 17925 17937 I art     : Explicit concurrent mark sweep GC freed 3(96B) AllocSpace objects, 0(0B) LOS objects, 22% free, 53MB/69MB, paused 737us total 36.146ms
08-03 21:22:33.666 17925 18017 I art     : Starting a blocking GC Explicit
08-03 21:22:33.705 17925 18017 I art     : Explicit concurrent mark sweep GC freed 1344(78KB) AllocSpace objects, 1(20KB) LOS objects, 22% free, 53MB/69MB, paused 760us total 38.892ms
08-03 21:22:33.720 17925 18017 I art     : Starting a blocking GC Explicit
08-03 21:22:33.754 17925 18017 I art     : Explicit concurrent mark sweep GC freed 20(704B) AllocSpace objects, 0(0B) LOS objects, 22% free, 53MB/69MB, paused 757us total 34.319ms
08-03 21:22:33.766 17925 18017 I art     : Starting a blocking GC Explicit
08-03 21:22:33.800 17925 18017 I art     : Explicit concurrent mark sweep GC freed 3(96B) AllocSpace objects, 0(0B) LOS objects, 22% free, 53MB/69MB, paused 730us total 33.635ms
08-03 21:22:33.801 17925 17936 I art     : WaitForGcToComplete blocked for 5.078ms for cause HeapTrim
08-03 21:22:33.812 17925 18017 I art     : Starting a blocking GC Explicit
08-03 21:22:33.845 17925 18017 I art     : Explicit concurrent mark sweep GC freed 3(96B) AllocSpace objects, 0(0B) LOS objects, 22% free, 53MB/69MB, paused 719us total 32.547ms
08-03 21:22:33.857 17925 18017 I art     : Starting a blocking GC Explicit
08-03 21:22:33.889 17925 18017 I art     : Explicit concurrent mark sweep GC freed 3(96B) AllocSpace objects, 0(0B) LOS objects, 22% free, 53MB/69MB, paused 702us total 31.570ms
08-03 21:22:34.210 17925 18034 I art     : Starting a blocking GC Explicit
08-03 21:22:34.248 17925 18034 I art     : Explicit concurrent mark sweep GC freed 1344(78KB) AllocSpace objects, 1(20KB) LOS objects, 22% free, 53MB/69MB, paused 855us total 37.337ms
08-03 21:22:34.260 17925 18034 I art     : Starting a blocking GC Explicit
08-03 21:22:34.271 16351 16351 W Atfwd_Sendcmd: AtCmdFwd service not published, waiting... retryCnt : 2
08-03 21:22:34.293 17925 18034 I art     : Explicit concurrent mark sweep GC freed 20(704B) AllocSpace objects, 0(0B) LOS objects, 22% free, 53MB/69MB, paused 721us total 32.593ms
08-03 21:22:34.304 17925 18034 I art     : Starting a blocking GC Explicit
08-03 21:22:34.337 17925 18034 I art     : Explicit concurrent mark sweep GC freed 3(96B) AllocSpace objects, 0(0B) LOS objects, 22% free, 53MB/69MB, paused 820us total 32.685ms
08-03 21:22:34.349 17925 18034 I art     : Starting a blocking GC Explicit
08-03 21:22:34.382 17925 18034 I art     : Explicit concurrent mark sweep GC freed 3(96B) AllocSpace objects, 0(0B) LOS objects, 22% free, 53MB/69MB, paused 735us total 32.126ms
08-03 21:22:34.394 17925 18034 I art     : Starting a blocking GC Explicit
08-03 21:22:34.426 21629 21629 D AndroidRuntime: >>>>>> START com.android.internal.os.RuntimeInit uid 2000 <<<<<<
08-03 21:22:34.426 17925 18034 I art     : Explicit concurrent mark sweep GC freed 3(96B) AllocSpace objects, 0(0B) LOS objects, 22% free, 53MB/69MB, paused 779us total 31.964ms
08-03 21:22:34.432 21629 21629 D AndroidRuntime: CheckJNI is OFF
08-03 21:22:34.477 21629 21629 D ICU     : No timezone override file found: /data/misc/zoneinfo/current/icu/icu_tzdata.dat
08-03 21:22:34.523 21629 21629 I Radio-JNI: register_android_hardware_Radio DONE
08-03 21:22:34.554 21629 21629 D AndroidRuntime: Calling main entry com.android.commands.input.Input
08-03 21:22:34.558 21629 21629 I Input   : injectKeyEvent: KeyEvent { action=ACTION_DOWN, keyCode=KEYCODE_BACK, scanCode=0, metaState=0, flags=0x0, repeatCount=0, eventTime=652970970, downTime=652970970, deviceId=-1, source=0x101 }
08-03 21:22:34.566 21629 21629 I Input   : injectKeyEvent: KeyEvent { action=ACTION_UP, keyCode=KEYCODE_BACK, scanCode=0, metaState=0, flags=0x0, repeatCount=0, eventTime=652970970, downTime=652970970, deviceId=-1, source=0x101 }
08-03 21:22:34.572 21629 21629 D AndroidRuntime: Shutting down VM
08-03 21:22:34.612 13866 13866 I GoogleInputMethodServic: GoogleInputMethodService.onFinishInput():3138 
08-03 21:22:34.613 13866 13866 I GoogleInputMethodServic: GoogleInputMethodService.onStartInput():1808 
08-03 21:22:34.721 17925 18017 I art     : Starting a blocking GC Explicit
08-03 21:22:34.753 17925 18017 I art     : Explicit concurrent mark sweep GC freed 1526(86KB) AllocSpace objects, 1(20KB) LOS objects, 22% free, 53MB/69MB, paused 700us total 32.181ms
08-03 21:22:34.767 17925 18017 I art     : Starting a blocking GC Explicit
08-03 21:22:34.807 17925 18017 I art     : Explicit concurrent mark sweep GC freed 26(944B) AllocSpace objects, 0(0B) LOS objects, 22% free, 53MB/69MB, paused 734us total 39.358ms
08-03 21:22:34.821 17925 18017 I art     : Starting a blocking GC Explicit
08-03 21:22:34.858 17925 18017 I art     : Explicit concurrent mark sweep GC freed 3(96B) AllocSpace objects, 0(0B) LOS objects, 22% free, 53MB/69MB, paused 690us total 35.823ms
08-03 21:22:34.873 17925 18017 I art     : Starting a blocking GC Explicit
08-03 21:22:34.909 17925 18017 I art     : Explicit concurrent mark sweep GC freed 3(96B) AllocSpace objects, 0(0B) LOS objects, 22% free, 53MB/69MB, paused 661us total 35.494ms
08-03 21:22:34.924 17925 18017 I art     : Starting a blocking GC Explicit
08-03 21:22:34.941   380   380 W SurfaceFlinger: couldn't log to binary event log: overflow.
08-03 21:22:34.955 17925 18017 I art     : Explicit concurrent mark sweep GC freed 94(7KB) AllocSpace objects, 0(0B) LOS objects, 22% free, 53MB/69MB, paused 755us total 30.293ms
08-03 21:22:35.262 17925 18034 I art     : Starting a blocking GC Explicit
08-03 21:22:35.306 17925 18034 I art     : Explicit concurrent mark sweep GC freed 1362(79KB) AllocSpace objects, 1(20KB) LOS objects, 22% free, 53MB/69MB, paused 802us total 43.092ms
08-03 21:22:35.323 17925 18034 I art     : Starting a blocking GC Explicit
08-03 21:22:35.359 17925 18034 I art     : Explicit concurrent mark sweep GC freed 1673(109KB) AllocSpace objects, 3(180KB) LOS objects, 22% free, 53MB/69MB, paused 769us total 35.591ms
08-03 21:22:35.370 17925 18034 I art     : Starting a blocking GC Explicit
08-03 21:22:35.401 17925 18034 I art     : Explicit concurrent mark sweep GC freed 3(96B) AllocSpace objects, 0(0B) LOS objects, 22% free, 53MB/69MB, paused 711us total 30.386ms
08-03 21:22:35.412 17925 18034 I art     : Starting a blocking GC Explicit
08-03 21:22:35.443 17925 18034 I art     : Explicit concurrent mark sweep GC freed 3(96B) AllocSpace objects, 0(0B) LOS objects, 22% free, 53MB/69MB, paused 701us total 30.123ms
08-03 21:22:35.455 17925 18034 I art     : Starting a blocking GC Explicit
08-03 21:22:35.485 17925 18034 I art     : Explicit concurrent mark sweep GC freed 3(96B) AllocSpace objects, 0(0B) LOS objects, 22% free, 53MB/69MB, paused 763us total 30.250ms
08-03 21:22:35.807 17925 17938 I art     : Starting a blocking GC Explicit
08-03 21:22:35.843 17925 17938 I art     : Explicit concurrent mark sweep GC freed 1344(78KB) AllocSpace objects, 1(20KB) LOS objects, 22% free, 53MB/69MB, paused 758us total 35.264ms
08-03 21:22:35.854 17925 17938 I art     : Starting a blocking GC Explicit
08-03 21:22:35.883 17925 17938 I art     : Explicit concurrent mark sweep GC freed 20(704B) AllocSpace objects, 0(0B) LOS objects, 22% free, 53MB/69MB, paused 752us total 28.818ms
08-03 21:22:35.895 17925 17938 I art     : Starting a blocking GC Explicit
08-03 21:22:35.924 17925 17938 I art     : Explicit concurrent mark sweep GC freed 3(96B) AllocSpace objects, 0(0B) LOS objects, 22% free, 53MB/69MB, paused 715us total 29.078ms
08-03 21:22:35.936 17925 17938 I art     : Starting a blocking GC Explicit
08-03 21:22:35.965 17925 17938 I art     : Explicit concurrent mark sweep GC freed 3(96B) AllocSpace objects, 0(0B) LOS objects, 22% free, 53MB/69MB, paused 723us total 29.132ms
08-03 21:22:35.977 17925 17938 I art     : Starting a blocking GC Explicit
08-03 21:22:36.006 17925 17938 I art     : Explicit concurrent mark sweep GC freed 3(96B) AllocSpace objects, 0(0B) LOS objects, 22% free, 53MB/69MB, paused 720us total 29.131ms
08-03 21:22:36.311 17925 17937 I art     : Starting a blocking GC Explicit
08-03 21:22:36.347 17925 17937 I art     : Explicit concurrent mark sweep GC freed 1344(78KB) AllocSpace objects, 1(20KB) LOS objects, 22% free, 53MB/69MB, paused 786us total 35.654ms
08-03 21:22:36.361 17925 17937 I art     : Starting a blocking GC Explicit
08-03 21:22:36.377 21682 21682 D AndroidRuntime: >>>>>> START com.android.internal.os.RuntimeInit uid 2000 <<<<<<
08-03 21:22:36.382 21682 21682 D AndroidRuntime: CheckJNI is OFF
08-03 21:22:36.392 17925 17937 I art     : Explicit concurrent mark sweep GC freed 20(704B) AllocSpace objects, 0(0B) LOS objects, 22% free, 53MB/69MB, paused 712us total 30.337ms
08-03 21:22:36.404 17925 17937 I art     : Starting a blocking GC Explicit
08-03 21:22:36.427 21682 21682 D ICU     : No timezone override file found: /data/misc/zoneinfo/current/icu/icu_tzdata.dat
08-03 21:22:36.434 17925 17937 I art     : Explicit concurrent mark sweep GC freed 3(96B) AllocSpace objects, 0(0B) LOS objects, 22% free, 53MB/69MB, paused 725us total 29.787ms
08-03 21:22:36.445 17925 17937 I art     : Starting a blocking GC Explicit
08-03 21:22:36.472 21682 21682 I Radio-JNI: register_android_hardware_Radio DONE
08-03 21:22:36.476 17925 17937 I art     : Explicit concurrent mark sweep GC freed 3(96B) AllocSpace objects, 0(0B) LOS objects, 22% free, 53MB/69MB, paused 749us total 30.520ms
08-03 21:22:36.488 17925 17937 I art     : Starting a blocking GC Explicit
08-03 21:22:36.502 21682 21682 D AndroidRuntime: Calling main entry com.android.commands.input.Input
08-03 21:22:36.504 21682 21682 I Input   : injectMotionEvent: MotionEvent { action=ACTION_DOWN, actionButton=0, id[0]=0, x[0]=369.0, y[0]=554.0, toolType[0]=TOOL_TYPE_UNKNOWN, buttonState=0, metaState=0, flags=0x0, edgeFlags=0x0, pointerCount=1, historySize=0, eventTime=652972916, downTime=652972916, deviceId=0, source=0x1002 }
08-03 21:22:36.511 21682 21682 I Input   : injectMotionEvent: MotionEvent { action=ACTION_UP, actionButton=0, id[0]=0, x[0]=369.0, y[0]=554.0, toolType[0]=TOOL_TYPE_UNKNOWN, buttonState=0, metaState=0, flags=0x0, edgeFlags=0x0, pointerCount=1, historySize=0, eventTime=652972916, downTime=652972916, deviceId=0, source=0x1002 }
08-03 21:22:36.514   918  6112 I ActivityManager: START u0 {cmp=baseline.appteam.nith.hillffair/.activities.ClubActivity (has extras)} from uid 10624 on display 0
08-03 21:22:36.517 17925 17937 I art     : Explicit concurrent mark sweep GC freed 3(96B) AllocSpace objects, 0(0B) LOS objects, 22% free, 53MB/69MB, paused 1.161ms total 29.593ms
08-03 21:22:36.523 21682 21682 D AndroidRuntime: Shutting down VM
08-03 21:22:36.619 17925 17925 I NAPPA_EXPERIMENTATION: MetricNetworkRequestExecutionTime: REQUEST_DURATION_SYSTEM='66',REQUEST_DURATION_OKHTTP='33',REQUEST_SYNCHRONOUS='FALSE',RESPONSE_CODE='200',RESPONSE_METHOD='GET',RESPONSE_LENGTH_OKHTTP='979',RESPONSE_LENGTH_HEADER='-2',REQUEST_PROTOCOL='http/1.1',REQUEST_URL='https://api-hillfair-2k16.herokuapp.com/api/app/club/PR%20Club',
08-03 21:22:36.626   918   936 I ActivityManager: Displayed baseline.appteam.nith.hillffair/.activities.ClubActivity: +102ms
08-03 21:22:36.632 13866 13866 I GoogleInputMethodServic: GoogleInputMethodService.onFinishInput():3138 
08-03 21:22:36.632 13866 13866 I GoogleInputMethodServic: GoogleInputMethodService.onStartInput():1808 
08-03 21:22:36.804 17925 18017 I art     : Starting a blocking GC Explicit
08-03 21:22:36.833 17925 18017 I art     : Explicit concurrent mark sweep GC freed 5753(413KB) AllocSpace objects, 1(20KB) LOS objects, 22% free, 53MB/69MB, paused 681us total 28.905ms
08-03 21:22:36.844 17925 18017 I art     : Starting a blocking GC Explicit
08-03 21:22:36.860   380   380 W SurfaceFlinger: couldn't log to binary event log: overflow.
08-03 21:22:36.872 17925 18017 I art     : Explicit concurrent mark sweep GC freed 278(12KB) AllocSpace objects, 0(0B) LOS objects, 22% free, 53MB/69MB, paused 665us total 27.109ms
08-03 21:22:36.882 17925 18017 I art     : Starting a blocking GC Explicit
08-03 21:22:36.909 17925 18017 I art     : Explicit concurrent mark sweep GC freed 3(96B) AllocSpace objects, 0(0B) LOS objects, 22% free, 53MB/69MB, paused 710us total 26.511ms
08-03 21:22:36.920 17925 18017 I art     : Starting a blocking GC Explicit
08-03 21:22:36.946 17925 18017 I art     : Explicit concurrent mark sweep GC freed 3(96B) AllocSpace objects, 0(0B) LOS objects, 22% free, 53MB/69MB, paused 663us total 26.030ms
08-03 21:22:36.957 17925 18017 I art     : Starting a blocking GC Explicit
08-03 21:22:36.984 17925 18017 I art     : Explicit concurrent mark sweep GC freed 3(96B) AllocSpace objects, 0(0B) LOS objects, 22% free, 53MB/69MB, paused 663us total 26.489ms
08-03 21:22:37.291 17925 18017 I art     : Starting a blocking GC Explicit
08-03 21:22:37.322 17925 18017 I art     : Explicit concurrent mark sweep GC freed 1444(84KB) AllocSpace objects, 1(20KB) LOS objects, 22% free, 53MB/69MB, paused 758us total 30.678ms
08-03 21:22:37.333 17925 18017 I art     : Starting a blocking GC Explicit
08-03 21:22:37.363 17925 18017 I art     : Explicit concurrent mark sweep GC freed 20(704B) AllocSpace objects, 0(0B) LOS objects, 22% free, 53MB/69MB, paused 684us total 29.433ms
08-03 21:22:37.374 17925 18017 I art     : Starting a blocking GC Explicit
08-03 21:22:37.405 17925 18017 I art     : Explicit concurrent mark sweep GC freed 19(656B) AllocSpace objects, 0(0B) LOS objects, 22% free, 53MB/69MB, paused 743us total 30.442ms
08-03 21:22:37.417 17925 18017 I art     : Starting a blocking GC Explicit
08-03 21:22:37.449 17925 18017 I art     : Explicit concurrent mark sweep GC freed 3(96B) AllocSpace objects, 0(0B) LOS objects, 22% free, 53MB/69MB, paused 759us total 31.630ms
08-03 21:22:37.461 17925 18017 I art     : Starting a blocking GC Explicit
08-03 21:22:37.492 17925 18017 I art     : Explicit concurrent mark sweep GC freed 3(96B) AllocSpace objects, 0(0B) LOS objects, 22% free, 53MB/69MB, paused 758us total 31.583ms
08-03 21:22:37.810 17925 17937 I art     : Starting a blocking GC Explicit
08-03 21:22:37.841 17925 17937 I art     : Explicit concurrent mark sweep GC freed 1344(78KB) AllocSpace objects, 1(20KB) LOS objects, 22% free, 53MB/69MB, paused 737us total 31.496ms
08-03 21:22:37.853 17925 17937 I art     : Starting a blocking GC Explicit
08-03 21:22:37.885 17925 17937 I art     : Explicit concurrent mark sweep GC freed 20(704B) AllocSpace objects, 0(0B) LOS objects, 22% free, 53MB/69MB, paused 736us total 30.929ms
08-03 21:22:37.896 17925 17937 I art     : Starting a blocking GC Explicit
08-03 21:22:37.929 17925 17937 I art     : Explicit concurrent mark sweep GC freed 3(96B) AllocSpace objects, 0(0B) LOS objects, 22% free, 53MB/69MB, paused 761us total 31.952ms
08-03 21:22:37.940 17925 17937 I art     : Starting a blocking GC Explicit
08-03 21:22:37.972 17925 17937 I art     : Explicit concurrent mark sweep GC freed 3(96B) AllocSpace objects, 0(0B) LOS objects, 22% free, 53MB/69MB, paused 693us total 30.898ms
08-03 21:22:37.983 17925 17937 I art     : Starting a blocking GC Explicit
08-03 21:22:38.015 17925 17937 I art     : Explicit concurrent mark sweep GC freed 3(96B) AllocSpace objects, 0(0B) LOS objects, 22% free, 53MB/69MB, paused 738us total 31.434ms
08-03 21:22:38.339 17925 18827 I art     : Starting a blocking GC Explicit
08-03 21:22:38.383 17925 18827 I art     : Explicit concurrent mark sweep GC freed 1344(78KB) AllocSpace objects, 1(20KB) LOS objects, 22% free, 53MB/69MB, paused 792us total 43.162ms
08-03 21:22:38.399 17925 18827 I art     : Starting a blocking GC Explicit
08-03 21:22:38.434 17925 18827 I art     : Explicit concurrent mark sweep GC freed 20(704B) AllocSpace objects, 0(0B) LOS objects, 22% free, 53MB/69MB, paused 760us total 35.016ms
08-03 21:22:38.446 17925 18827 I art     : Starting a blocking GC Explicit
08-03 21:22:38.478 17925 18827 I art     : Explicit concurrent mark sweep GC freed 3(96B) AllocSpace objects, 0(0B) LOS objects, 22% free, 53MB/69MB, paused 744us total 31.788ms
08-03 21:22:38.490 17925 18827 I art     : Starting a blocking GC Explicit
08-03 21:22:38.525 17925 18827 I art     : Explicit concurrent mark sweep GC freed 3(96B) AllocSpace objects, 0(0B) LOS objects, 22% free, 53MB/69MB, paused 752us total 34.490ms
08-03 21:22:38.538 17925 18827 I art     : Starting a blocking GC Explicit
08-03 21:22:38.572 17925 18827 I art     : Explicit concurrent mark sweep GC freed 3(96B) AllocSpace objects, 0(0B) LOS objects, 22% free, 53MB/69MB, paused 730us total 34.639ms
08-03 21:22:38.906 17925 17938 I art     : Starting a blocking GC Explicit
08-03 21:22:38.950 17925 17938 I art     : Explicit concurrent mark sweep GC freed 1344(78KB) AllocSpace objects, 1(20KB) LOS objects, 22% free, 53MB/69MB, paused 881us total 43.608ms
08-03 21:22:38.965 17925 17938 I art     : Starting a blocking GC Explicit
08-03 21:22:38.999 17925 17938 I art     : Explicit concurrent mark sweep GC freed 20(704B) AllocSpace objects, 0(0B) LOS objects, 22% free, 53MB/69MB, paused 772us total 33.057ms
08-03 21:22:39.011 17925 17938 I art     : Starting a blocking GC Explicit
08-03 21:22:39.045 17925 17938 I art     : Explicit concurrent mark sweep GC freed 3(96B) AllocSpace objects, 0(0B) LOS objects, 22% free, 53MB/69MB, paused 761us total 34.591ms
08-03 21:22:39.058 17925 17938 I art     : Starting a blocking GC Explicit
08-03 21:22:39.091 17925 17938 I art     : Explicit concurrent mark sweep GC freed 3(96B) AllocSpace objects, 0(0B) LOS objects, 22% free, 53MB/69MB, paused 729us total 33.224ms
08-03 21:22:39.103 17925 17938 I art     : Starting a blocking GC Explicit
08-03 21:22:39.138 17925 17938 I art     : Explicit concurrent mark sweep GC freed 3(96B) AllocSpace objects, 0(0B) LOS objects, 22% free, 53MB/69MB, paused 770us total 34.908ms
08-03 21:22:39.488 17925 18034 I art     : Starting a blocking GC Explicit
08-03 21:22:39.527 17925 18034 I art     : Explicit concurrent mark sweep GC freed 1344(78KB) AllocSpace objects, 1(20KB) LOS objects, 22% free, 53MB/69MB, paused 801us total 39.370ms
08-03 21:22:39.541 17925 18034 I art     : Starting a blocking GC Explicit
08-03 21:22:39.575 17925 18034 I art     : Explicit concurrent mark sweep GC freed 20(704B) AllocSpace objects, 0(0B) LOS objects, 22% free, 53MB/69MB, paused 714us total 33.731ms
08-03 21:22:39.587 17925 18034 I art     : Starting a blocking GC Explicit
08-03 21:22:39.620 17925 18034 I art     : Explicit concurrent mark sweep GC freed 3(96B) AllocSpace objects, 0(0B) LOS objects, 22% free, 53MB/69MB, paused 774us total 33.228ms
08-03 21:22:39.632 17925 18034 I art     : Starting a blocking GC Explicit
08-03 21:22:39.667 17925 18034 I art     : Explicit concurrent mark sweep GC freed 3(96B) AllocSpace objects, 0(0B) LOS objects, 22% free, 53MB/69MB, paused 885us total 34.553ms
08-03 21:22:39.679 17925 18034 I art     : Starting a blocking GC Explicit
08-03 21:22:39.713 17925 18034 I art     : Explicit concurrent mark sweep GC freed 3(96B) AllocSpace objects, 0(0B) LOS objects, 22% free, 53MB/69MB, paused 745us total 33.257ms
08-03 21:22:40.062 17925 18017 I art     : Starting a blocking GC Explicit
08-03 21:22:40.102 17925 18017 I art     : Explicit concurrent mark sweep GC freed 1347(78KB) AllocSpace objects, 1(20KB) LOS objects, 22% free, 53MB/69MB, paused 790us total 39.657ms
08-03 21:22:40.116 17925 18017 I art     : Starting a blocking GC Explicit
08-03 21:22:40.151 17925 18017 I art     : Explicit concurrent mark sweep GC freed 38(1616B) AllocSpace objects, 0(0B) LOS objects, 22% free, 53MB/69MB, paused 745us total 34.523ms
08-03 21:22:40.163 17925 18017 I art     : Starting a blocking GC Explicit
08-03 21:22:40.198 17925 18017 I art     : Explicit concurrent mark sweep GC freed 19(608B) AllocSpace objects, 0(0B) LOS objects, 22% free, 53MB/69MB, paused 772us total 34.359ms
08-03 21:22:40.210 17925 18017 I art     : Starting a blocking GC Explicit
08-03 21:22:40.243 17925 18017 I art     : Explicit concurrent mark sweep GC freed 3(96B) AllocSpace objects, 0(0B) LOS objects, 22% free, 53MB/69MB, paused 753us total 32.429ms
08-03 21:22:40.255 17925 18017 I art     : Starting a blocking GC Explicit
08-03 21:22:40.289 17925 18017 I art     : Explicit concurrent mark sweep GC freed 3(96B) AllocSpace objects, 0(0B) LOS objects, 22% free, 53MB/69MB, paused 741us total 34.003ms
08-03 21:22:40.632 17925 17937 I art     : Starting a blocking GC Explicit
08-03 21:22:40.674 17925 17937 I art     : Explicit concurrent mark sweep GC freed 1344(78KB) AllocSpace objects, 1(20KB) LOS objects, 22% free, 53MB/69MB, paused 775us total 41.538ms
08-03 21:22:40.688 17925 17937 I art     : Starting a blocking GC Explicit
08-03 21:22:40.722 17925 17937 I art     : Explicit concurrent mark sweep GC freed 20(704B) AllocSpace objects, 0(0B) LOS objects, 22% free, 53MB/69MB, paused 757us total 33.537ms
08-03 21:22:40.734 17925 17937 I art     : Starting a blocking GC Explicit
08-03 21:22:40.768 17925 17937 I art     : Explicit concurrent mark sweep GC freed 3(96B) AllocSpace objects, 0(0B) LOS objects, 22% free, 53MB/69MB, paused 743us total 33.295ms
08-03 21:22:40.780 17925 17937 I art     : Starting a blocking GC Explicit
08-03 21:22:40.811 17925 17937 I art     : Explicit concurrent mark sweep GC freed 3(96B) AllocSpace objects, 0(0B) LOS objects, 22% free, 53MB/69MB, paused 780us total 30.384ms
08-03 21:22:40.823 17925 17937 I art     : Starting a blocking GC Explicit
08-03 21:22:40.852 17925 17937 I art     : Explicit concurrent mark sweep GC freed 3(96B) AllocSpace objects, 0(0B) LOS objects, 22% free, 53MB/69MB, paused 706us total 29.158ms
08-03 21:22:41.183 17925 18827 I art     : Starting a blocking GC Explicit
08-03 21:22:41.220 17925 18827 I art     : Explicit concurrent mark sweep GC freed 1344(78KB) AllocSpace objects, 1(20KB) LOS objects, 22% free, 53MB/69MB, paused 792us total 36.421ms
08-03 21:22:41.235 17925 18827 I art     : Starting a blocking GC Explicit
08-03 21:22:41.268 17925 18827 I art     : Explicit concurrent mark sweep GC freed 20(704B) AllocSpace objects, 0(0B) LOS objects, 22% free, 53MB/69MB, paused 782us total 32.338ms
08-03 21:22:41.279 17925 18827 I art     : Starting a blocking GC Explicit
08-03 21:22:41.312 17925 18827 I art     : Explicit concurrent mark sweep GC freed 3(96B) AllocSpace objects, 0(0B) LOS objects, 22% free, 53MB/69MB, paused 721us total 31.880ms
08-03 21:22:41.324 17925 18827 I art     : Starting a blocking GC Explicit
08-03 21:22:41.331 21786 21786 D AndroidRuntime: >>>>>> START com.android.internal.os.RuntimeInit uid 2000 <<<<<<
08-03 21:22:41.337 21786 21786 D AndroidRuntime: CheckJNI is OFF
08-03 21:22:41.356 17925 18827 I art     : Explicit concurrent mark sweep GC freed 3(96B) AllocSpace objects, 0(0B) LOS objects, 22% free, 53MB/69MB, paused 728us total 32.026ms
08-03 21:22:41.367 17925 18827 I art     : Starting a blocking GC Explicit
08-03 21:22:41.385 21786 21786 D ICU     : No timezone override file found: /data/misc/zoneinfo/current/icu/icu_tzdata.dat
08-03 21:22:41.399 17925 18827 I art     : Explicit concurrent mark sweep GC freed 3(96B) AllocSpace objects, 0(0B) LOS objects, 22% free, 53MB/69MB, paused 784us total 31.168ms
08-03 21:22:41.434 21786 21786 I Radio-JNI: register_android_hardware_Radio DONE
08-03 21:22:41.463 21786 21786 D AndroidRuntime: Calling main entry com.android.commands.input.Input
08-03 21:22:41.465 21786 21786 I Input   : injectKeyEvent: KeyEvent { action=ACTION_DOWN, keyCode=KEYCODE_BACK, scanCode=0, metaState=0, flags=0x0, repeatCount=0, eventTime=652977878, downTime=652977878, deviceId=-1, source=0x101 }
08-03 21:22:41.471 21786 21786 I Input   : injectKeyEvent: KeyEvent { action=ACTION_UP, keyCode=KEYCODE_BACK, scanCode=0, metaState=0, flags=0x0, repeatCount=0, eventTime=652977878, downTime=652977878, deviceId=-1, source=0x101 }
08-03 21:22:41.477 21786 21786 D AndroidRuntime: Shutting down VM
08-03 21:22:41.525 13866 13866 I GoogleInputMethodServic: GoogleInputMethodService.onFinishInput():3138 
08-03 21:22:41.526 13866 13866 I GoogleInputMethodServic: GoogleInputMethodService.onStartInput():1808 
08-03 21:22:41.688 17925 17937 I art     : Starting a blocking GC Explicit
08-03 21:22:41.727 17925 17937 I art     : Explicit concurrent mark sweep GC freed 1526(86KB) AllocSpace objects, 1(20KB) LOS objects, 22% free, 53MB/69MB, paused 752us total 37.951ms
08-03 21:22:41.739 17925 17937 I art     : Starting a blocking GC Explicit
08-03 21:22:41.776 17925 17937 I art     : Explicit concurrent mark sweep GC freed 26(944B) AllocSpace objects, 0(0B) LOS objects, 22% free, 53MB/69MB, paused 778us total 36.212ms
08-03 21:22:41.788 17925 17937 I art     : Starting a blocking GC Explicit
08-03 21:22:41.821 17925 17937 I art     : Explicit concurrent mark sweep GC freed 3(96B) AllocSpace objects, 0(0B) LOS objects, 22% free, 53MB/69MB, paused 686us total 32.649ms
08-03 21:22:41.832   380   380 W SurfaceFlinger: couldn't log to binary event log: overflow.
08-03 21:22:41.833 17925 17937 I art     : Starting a blocking GC Explicit
08-03 21:22:41.863 17925 17937 I art     : Explicit concurrent mark sweep GC freed 108(8KB) AllocSpace objects, 0(0B) LOS objects, 22% free, 53MB/69MB, paused 701us total 29.559ms
08-03 21:22:41.875 17925 17937 I art     : Starting a blocking GC Explicit
08-03 21:22:41.904 17925 17937 I art     : Explicit concurrent mark sweep GC freed 13(656B) AllocSpace objects, 0(0B) LOS objects, 22% free, 53MB/69MB, paused 688us total 29.447ms
08-03 21:22:42.218 17925 18827 I art     : Starting a blocking GC Explicit
08-03 21:22:42.259 17925 18827 I art     : Explicit concurrent mark sweep GC freed 2989(185KB) AllocSpace objects, 4(204KB) LOS objects, 22% free, 53MB/69MB, paused 801us total 41.023ms
08-03 21:22:42.274 17925 18827 I art     : Starting a blocking GC Explicit
08-03 21:22:42.305 17925 18827 I art     : Explicit concurrent mark sweep GC freed 20(704B) AllocSpace objects, 0(0B) LOS objects, 22% free, 53MB/69MB, paused 720us total 30.481ms
08-03 21:22:42.316 17925 18827 I art     : Starting a blocking GC Explicit
08-03 21:22:42.347 17925 18827 I art     : Explicit concurrent mark sweep GC freed 3(96B) AllocSpace objects, 0(0B) LOS objects, 22% free, 53MB/69MB, paused 789us total 30.468ms
08-03 21:22:42.359 17925 18827 I art     : Starting a blocking GC Explicit
08-03 21:22:42.390 17925 18827 I art     : Explicit concurrent mark sweep GC freed 3(96B) AllocSpace objects, 0(0B) LOS objects, 22% free, 53MB/69MB, paused 703us total 30.800ms
08-03 21:22:42.402 17925 18827 I art     : Starting a blocking GC Explicit
08-03 21:22:42.432 17925 18827 I art     : Explicit concurrent mark sweep GC freed 3(96B) AllocSpace objects, 0(0B) LOS objects, 22% free, 53MB/69MB, paused 704us total 30.225ms
08-03 21:22:42.754 17925 17938 I art     : Starting a blocking GC Explicit
08-03 21:22:42.784 17925 17938 I art     : Explicit concurrent mark sweep GC freed 1344(78KB) AllocSpace objects, 1(20KB) LOS objects, 22% free, 53MB/69MB, paused 758us total 29.767ms
08-03 21:22:42.795 17925 17938 I art     : Starting a blocking GC Explicit
08-03 21:22:42.825 17925 17938 I art     : Explicit concurrent mark sweep GC freed 20(704B) AllocSpace objects, 0(0B) LOS objects, 22% free, 53MB/69MB, paused 723us total 29.105ms
08-03 21:22:42.836 17925 17938 I art     : Starting a blocking GC Explicit
08-03 21:22:42.866 17925 17938 I art     : Explicit concurrent mark sweep GC freed 3(96B) AllocSpace objects, 0(0B) LOS objects, 22% free, 53MB/69MB, paused 715us total 29.255ms
08-03 21:22:42.877 17925 17938 I art     : Starting a blocking GC Explicit
08-03 21:22:42.906 17925 17938 I art     : Explicit concurrent mark sweep GC freed 3(96B) AllocSpace objects, 0(0B) LOS objects, 22% free, 53MB/69MB, paused 764us total 29.074ms
08-03 21:22:42.918 17925 17938 I art     : Starting a blocking GC Explicit
08-03 21:22:42.948 17925 17938 I art     : Explicit concurrent mark sweep GC freed 3(96B) AllocSpace objects, 0(0B) LOS objects, 22% free, 53MB/69MB, paused 794us total 29.586ms
08-03 21:22:43.252 17925 18034 I art     : Starting a blocking GC Explicit
08-03 21:22:43.268 21839 21839 D AndroidRuntime: >>>>>> START com.android.internal.os.RuntimeInit uid 2000 <<<<<<
08-03 21:22:43.274 21839 21839 D AndroidRuntime: CheckJNI is OFF
08-03 21:22:43.286 17925 18034 I art     : Explicit concurrent mark sweep GC freed 1344(78KB) AllocSpace objects, 1(20KB) LOS objects, 22% free, 53MB/69MB, paused 733us total 33.212ms
08-03 21:22:43.297 17925 18034 I art     : Starting a blocking GC Explicit
08-03 21:22:43.321 21839 21839 D ICU     : No timezone override file found: /data/misc/zoneinfo/current/icu/icu_tzdata.dat
08-03 21:22:43.327 17925 18034 I art     : Explicit concurrent mark sweep GC freed 20(704B) AllocSpace objects, 0(0B) LOS objects, 22% free, 53MB/69MB, paused 784us total 29.572ms
08-03 21:22:43.339 17925 18034 I art     : Starting a blocking GC Explicit
08-03 21:22:43.367 21839 21839 I Radio-JNI: register_android_hardware_Radio DONE
08-03 21:22:43.369 17925 18034 I art     : Explicit concurrent mark sweep GC freed 3(96B) AllocSpace objects, 0(0B) LOS objects, 22% free, 53MB/69MB, paused 767us total 29.623ms
08-03 21:22:43.380 17925 18034 I art     : Starting a blocking GC Explicit
08-03 21:22:43.398 21839 21839 D AndroidRuntime: Calling main entry com.android.commands.input.Input
08-03 21:22:43.400 21839 21839 I Input   : injectKeyEvent: KeyEvent { action=ACTION_DOWN, keyCode=KEYCODE_BACK, scanCode=0, metaState=0, flags=0x0, repeatCount=0, eventTime=652979813, downTime=652979813, deviceId=-1, source=0x101 }
08-03 21:22:43.406 21839 21839 I Input   : injectKeyEvent: KeyEvent { action=ACTION_UP, keyCode=KEYCODE_BACK, scanCode=0, metaState=0, flags=0x0, repeatCount=0, eventTime=652979813, downTime=652979813, deviceId=-1, source=0x101 }
08-03 21:22:43.410 17925 18034 I art     : Explicit concurrent mark sweep GC freed 5(208B) AllocSpace objects, 0(0B) LOS objects, 22% free, 53MB/69MB, paused 758us total 30.126ms
08-03 21:22:43.414 21839 21839 D AndroidRuntime: Shutting down VM
08-03 21:22:43.421 17925 18034 I art     : Starting a blocking GC Explicit
08-03 21:22:43.448 17925 18034 I art     : Explicit concurrent mark sweep GC freed 148(6KB) AllocSpace objects, 0(0B) LOS objects, 22% free, 53MB/69MB, paused 690us total 26.371ms
08-03 21:22:43.455 13866 13866 I GoogleInputMethodServic: GoogleInputMethodService.onFinishInput():3138 
08-03 21:22:43.456 13866 13866 I GoogleInputMethodServic: GoogleInputMethodService.onStartInput():1808 
08-03 21:22:43.750 17925 18034 I art     : Starting a blocking GC Explicit
08-03 21:22:43.780 17925 18034 I art     : Explicit concurrent mark sweep GC freed 1931(107KB) AllocSpace objects, 1(20KB) LOS objects, 22% free, 53MB/69MB, paused 781us total 30.634ms
08-03 21:22:43.792 17925 18034 I art     : Starting a blocking GC Explicit
08-03 21:22:43.821 17925 18034 I art     : Explicit concurrent mark sweep GC freed 1132(49KB) AllocSpace objects, 0(0B) LOS objects, 22% free, 53MB/69MB, paused 699us total 28.781ms
08-03 21:22:43.832 17925 18034 I art     : Starting a blocking GC Explicit
08-03 21:22:43.859 17925 18034 I art     : Explicit concurrent mark sweep GC freed 2841(180KB) AllocSpace objects, 2(140KB) LOS objects, 23% free, 53MB/69MB, paused 706us total 26.683ms
08-03 21:22:43.870 17925 18034 I art     : Starting a blocking GC Explicit
08-03 21:22:43.899 17925 18034 I art     : Explicit concurrent mark sweep GC freed 3(96B) AllocSpace objects, 0(0B) LOS objects, 23% free, 53MB/69MB, paused 717us total 28.187ms
08-03 21:22:43.910 17925 18034 I art     : Starting a blocking GC Explicit
08-03 21:22:43.938 17925 18034 I art     : Explicit concurrent mark sweep GC freed 3(96B) AllocSpace objects, 0(0B) LOS objects, 23% free, 53MB/69MB, paused 691us total 27.697ms
08-03 21:22:44.250 17925 17937 I art     : Starting a blocking GC Explicit
08-03 21:22:44.271 16351 16351 I ServiceManager: Waiting for service AtCmdFwd...
08-03 21:22:44.285 17925 17937 I art     : Explicit concurrent mark sweep GC freed 1344(78KB) AllocSpace objects, 1(20KB) LOS objects, 23% free, 53MB/69MB, paused 707us total 34.964ms
08-03 21:22:44.297 17925 17937 I art     : Starting a blocking GC Explicit
08-03 21:22:44.326 17925 17937 I art     : Explicit concurrent mark sweep GC freed 20(704B) AllocSpace objects, 0(0B) LOS objects, 23% free, 53MB/69MB, paused 704us total 28.835ms
08-03 21:22:44.337 17925 17937 I art     : Starting a blocking GC Explicit
08-03 21:22:44.366 17925 17937 I art     : Explicit concurrent mark sweep GC freed 3(96B) AllocSpace objects, 0(0B) LOS objects, 23% free, 53MB/69MB, paused 700us total 28.904ms
08-03 21:22:44.378 17925 17937 I art     : Starting a blocking GC Explicit
08-03 21:22:44.406 17925 17937 I art     : Explicit concurrent mark sweep GC freed 3(96B) AllocSpace objects, 0(0B) LOS objects, 23% free, 53MB/69MB, paused 695us total 27.898ms
08-03 21:22:44.418 17925 17937 I art     : Starting a blocking GC Explicit
08-03 21:22:44.446 17925 17937 I art     : Explicit concurrent mark sweep GC freed 3(96B) AllocSpace objects, 0(0B) LOS objects, 23% free, 53MB/69MB, paused 705us total 28.307ms
08-03 21:22:44.749 17925 18827 I art     : Starting a blocking GC Explicit
08-03 21:22:44.778 17925 18827 I art     : Explicit concurrent mark sweep GC freed 1341(78KB) AllocSpace objects, 1(20KB) LOS objects, 23% free, 53MB/69MB, paused 793us total 28.326ms
08-03 21:22:44.789 17925 18827 I art     : Starting a blocking GC Explicit
08-03 21:22:44.817 17925 18827 I art     : Explicit concurrent mark sweep GC freed 20(704B) AllocSpace objects, 0(0B) LOS objects, 23% free, 53MB/69MB, paused 720us total 27.555ms
08-03 21:22:44.828 17925 18827 I art     : Starting a blocking GC Explicit
08-03 21:22:44.855 17925 18827 I art     : Explicit concurrent mark sweep GC freed 3(96B) AllocSpace objects, 0(0B) LOS objects, 23% free, 53MB/69MB, paused 715us total 26.878ms
08-03 21:22:44.866 17925 18827 I art     : Starting a blocking GC Explicit
08-03 21:22:44.893 17925 18827 I art     : Explicit concurrent mark sweep GC freed 3(96B) AllocSpace objects, 0(0B) LOS objects, 23% free, 53MB/69MB, paused 711us total 27.116ms
08-03 21:22:44.904 17925 18827 I art     : Starting a blocking GC Explicit
08-03 21:22:44.932 17925 18827 I art     : Explicit concurrent mark sweep GC freed 3(96B) AllocSpace objects, 0(0B) LOS objects, 23% free, 53MB/69MB, paused 686us total 27.151ms
08-03 21:22:45.189 21888 21888 D AndroidRuntime: >>>>>> START com.android.internal.os.RuntimeInit uid 2000 <<<<<<
08-03 21:22:45.195 21888 21888 D AndroidRuntime: CheckJNI is OFF
08-03 21:22:45.237 21888 21888 D ICU     : No timezone override file found: /data/misc/zoneinfo/current/icu/icu_tzdata.dat
08-03 21:22:45.264 17925 18017 I art     : Starting a blocking GC Explicit
08-03 21:22:45.272 16351 16351 I ServiceManager: Waiting for service AtCmdFwd...
08-03 21:22:45.280 21888 21888 I Radio-JNI: register_android_hardware_Radio DONE
08-03 21:22:45.293 17925 18017 I art     : Explicit concurrent mark sweep GC freed 1341(78KB) AllocSpace objects, 1(20KB) LOS objects, 23% free, 53MB/69MB, paused 770us total 28.200ms
08-03 21:22:45.304 17925 18017 I art     : Starting a blocking GC Explicit
08-03 21:22:45.310 21888 21888 D AndroidRuntime: Calling main entry com.android.commands.input.Input
08-03 21:22:45.312 21888 21888 I Input   : injectMotionEvent: MotionEvent { action=ACTION_DOWN, actionButton=0, id[0]=0, x[0]=1084.0, y[0]=2213.0, toolType[0]=TOOL_TYPE_UNKNOWN, buttonState=0, metaState=0, flags=0x0, edgeFlags=0x0, pointerCount=1, historySize=0, eventTime=652981725, downTime=652981725, deviceId=0, source=0x1002 }
08-03 21:22:45.320 21888 21888 I Input   : injectMotionEvent: MotionEvent { action=ACTION_UP, actionButton=0, id[0]=0, x[0]=1084.0, y[0]=2213.0, toolType[0]=TOOL_TYPE_UNKNOWN, buttonState=0, metaState=0, flags=0x0, edgeFlags=0x0, pointerCount=1, historySize=0, eventTime=652981725, downTime=652981725, deviceId=0, source=0x1002 }
08-03 21:22:45.322   918  3714 I ActivityManager: START u0 {cmp=baseline.appteam.nith.hillffair/.activities.EventActivity} from uid 10624 on display 0
08-03 21:22:45.330 21888 21888 D AndroidRuntime: Shutting down VM
08-03 21:22:45.332 17925 18017 I art     : Explicit concurrent mark sweep GC freed 37(1280B) AllocSpace objects, 0(0B) LOS objects, 23% free, 53MB/69MB, paused 847us total 27.561ms
08-03 21:22:45.345 17925 18017 I art     : Starting a blocking GC Explicit
08-03 21:22:45.375 17925 18017 I art     : Explicit concurrent mark sweep GC freed 4757(293KB) AllocSpace objects, 0(0B) LOS objects, 23% free, 53MB/69MB, paused 2.498ms total 29.819ms
08-03 21:22:45.387 17925 18017 I art     : Starting a blocking GC Explicit
08-03 21:22:45.409 17925 17925 I NAPPA_EXPERIMENTATION: MetricNetworkRequestExecutionTime: REQUEST_DURATION_SYSTEM='45',REQUEST_DURATION_OKHTTP='39',REQUEST_SYNCHRONOUS='FALSE',RESPONSE_CODE='200',RESPONSE_METHOD='GET',RESPONSE_LENGTH_OKHTTP='1870',RESPONSE_LENGTH_HEADER='-2',REQUEST_PROTOCOL='http/1.1',REQUEST_URL='https://api-hillfair-2k16.herokuapp.com/api/app/club',
08-03 21:22:45.410 13866 13866 I GoogleInputMethodServic: GoogleInputMethodService.onFinishInput():3138 
08-03 21:22:45.411 13866 13866 I GoogleInputMethodServic: GoogleInputMethodService.onStartInput():1808 
08-03 21:22:45.413 17925 18017 I art     : Explicit concurrent mark sweep GC freed 1050(109KB) AllocSpace objects, 0(0B) LOS objects, 23% free, 53MB/69MB, paused 714us total 25.296ms
08-03 21:22:45.424 17925 18017 I art     : Starting a blocking GC Explicit
08-03 21:22:45.452 17925 18017 I art     : Explicit concurrent mark sweep GC freed 448(17KB) AllocSpace objects, 0(0B) LOS objects, 23% free, 53MB/69MB, paused 800us total 28.519ms
08-03 21:22:45.464   918   936 I ActivityManager: Displayed baseline.appteam.nith.hillffair/.activities.EventActivity: +133ms
08-03 21:22:45.733   380   380 W SurfaceFlinger: couldn't log to binary event log: overflow.
08-03 21:22:45.773 17925 18034 I art     : Starting a blocking GC Explicit
08-03 21:22:45.800 17925 18034 I art     : Explicit concurrent mark sweep GC freed 1576(86KB) AllocSpace objects, 1(20KB) LOS objects, 23% free, 53MB/69MB, paused 706us total 26.208ms
08-03 21:22:45.810 17925 18034 I art     : Starting a blocking GC Explicit
08-03 21:22:45.836 17925 18034 I art     : Explicit concurrent mark sweep GC freed 22(800B) AllocSpace objects, 0(0B) LOS objects, 23% free, 53MB/69MB, paused 745us total 25.974ms
08-03 21:22:45.847 17925 18034 I art     : Starting a blocking GC Explicit
08-03 21:22:45.874 17925 18034 I art     : Explicit concurrent mark sweep GC freed 73(4KB) AllocSpace objects, 0(0B) LOS objects, 23% free, 53MB/69MB, paused 679us total 26.855ms
08-03 21:22:45.886 17925 18034 I art     : Starting a blocking GC Explicit
08-03 21:22:45.913 17925 18034 I art     : Explicit concurrent mark sweep GC freed 3(96B) AllocSpace objects, 0(0B) LOS objects, 23% free, 53MB/69MB, paused 666us total 27.363ms
08-03 21:22:45.925 17925 18034 I art     : Starting a blocking GC Explicit
08-03 21:22:45.954 17925 18034 I art     : Explicit concurrent mark sweep GC freed 3(96B) AllocSpace objects, 0(0B) LOS objects, 23% free, 53MB/69MB, paused 721us total 29.559ms
08-03 21:22:46.267 17925 18017 I art     : Starting a blocking GC Explicit
08-03 21:22:46.273 16351 16351 I ServiceManager: Waiting for service AtCmdFwd...
08-03 21:22:46.309 17925 18017 I art     : Explicit concurrent mark sweep GC freed 1344(78KB) AllocSpace objects, 1(20KB) LOS objects, 23% free, 53MB/69MB, paused 884us total 41.982ms
08-03 21:22:46.327 17925 18017 I art     : Starting a blocking GC Explicit
08-03 21:22:46.357 17925 18017 I art     : Explicit concurrent mark sweep GC freed 20(704B) AllocSpace objects, 0(0B) LOS objects, 23% free, 53MB/69MB, paused 786us total 29.249ms
08-03 21:22:46.368 17925 18017 I art     : Starting a blocking GC Explicit
08-03 21:22:46.398 17925 18017 I art     : Explicit concurrent mark sweep GC freed 3(96B) AllocSpace objects, 0(0B) LOS objects, 23% free, 53MB/69MB, paused 759us total 29.484ms
08-03 21:22:46.410 17925 18017 I art     : Starting a blocking GC Explicit
08-03 21:22:46.440 17925 18017 I art     : Explicit concurrent mark sweep GC freed 3(96B) AllocSpace objects, 0(0B) LOS objects, 23% free, 53MB/69MB, paused 764us total 30.081ms
08-03 21:22:46.452 17925 18017 I art     : Starting a blocking GC Explicit
08-03 21:22:46.482 17925 18017 I art     : Explicit concurrent mark sweep GC freed 3(96B) AllocSpace objects, 0(0B) LOS objects, 23% free, 53MB/69MB, paused 737us total 30.113ms
08-03 21:22:46.800 17925 18827 I art     : Starting a blocking GC Explicit
08-03 21:22:46.837 17925 18827 I art     : Explicit concurrent mark sweep GC freed 1344(78KB) AllocSpace objects, 1(20KB) LOS objects, 23% free, 53MB/69MB, paused 767us total 36.535ms
08-03 21:22:46.851 17925 18827 I art     : Starting a blocking GC Explicit
08-03 21:22:46.882 17925 18827 I art     : Explicit concurrent mark sweep GC freed 20(704B) AllocSpace objects, 0(0B) LOS objects, 23% free, 53MB/69MB, paused 734us total 30.377ms
08-03 21:22:46.893 17925 18827 I art     : Starting a blocking GC Explicit
08-03 21:22:46.924 17925 18827 I art     : Explicit concurrent mark sweep GC freed 3(96B) AllocSpace objects, 0(0B) LOS objects, 23% free, 53MB/69MB, paused 726us total 29.934ms
08-03 21:22:46.935 17925 18827 I art     : Starting a blocking GC Explicit
08-03 21:22:46.966 17925 18827 I art     : Explicit concurrent mark sweep GC freed 3(96B) AllocSpace objects, 0(0B) LOS objects, 23% free, 53MB/69MB, paused 720us total 30.374ms
08-03 21:22:46.978 17925 18827 I art     : Starting a blocking GC Explicit
08-03 21:22:47.008 17925 18827 I art     : Explicit concurrent mark sweep GC freed 3(96B) AllocSpace objects, 0(0B) LOS objects, 23% free, 53MB/69MB, paused 722us total 30.475ms
08-03 21:22:47.273 16351 16351 I ServiceManager: Waiting for service AtCmdFwd...
08-03 21:22:47.330 17925 17938 I art     : Starting a blocking GC Explicit
08-03 21:22:47.373 17925 17938 I art     : Explicit concurrent mark sweep GC freed 1344(78KB) AllocSpace objects, 1(20KB) LOS objects, 23% free, 53MB/69MB, paused 820us total 42.406ms
08-03 21:22:47.391 17925 17938 I art     : Starting a blocking GC Explicit
08-03 21:22:47.424 17925 17938 I art     : Explicit concurrent mark sweep GC freed 20(704B) AllocSpace objects, 0(0B) LOS objects, 23% free, 53MB/69MB, paused 761us total 32.700ms
08-03 21:22:47.436 17925 17938 I art     : Starting a blocking GC Explicit
08-03 21:22:47.469 17925 17938 I art     : Explicit concurrent mark sweep GC freed 3(96B) AllocSpace objects, 0(0B) LOS objects, 23% free, 53MB/69MB, paused 762us total 33.219ms
08-03 21:22:47.481 17925 17938 I art     : Starting a blocking GC Explicit
08-03 21:22:47.513 17925 17938 I art     : Explicit concurrent mark sweep GC freed 3(96B) AllocSpace objects, 0(0B) LOS objects, 23% free, 53MB/69MB, paused 700us total 31.139ms
08-03 21:22:47.525 17925 17938 I art     : Starting a blocking GC Explicit
08-03 21:22:47.558 17925 17938 I art     : Explicit concurrent mark sweep GC freed 3(96B) AllocSpace objects, 0(0B) LOS objects, 23% free, 53MB/69MB, paused 809us total 32.875ms
08-03 21:22:47.900 17925 17937 I art     : Starting a blocking GC Explicit
08-03 21:22:47.940 17925 17937 I art     : Explicit concurrent mark sweep GC freed 1344(78KB) AllocSpace objects, 1(20KB) LOS objects, 23% free, 53MB/69MB, paused 792us total 40.375ms
08-03 21:22:47.956 17925 17937 I art     : Starting a blocking GC Explicit
08-03 21:22:47.988 17925 17937 I art     : Explicit concurrent mark sweep GC freed 20(704B) AllocSpace objects, 0(0B) LOS objects, 23% free, 53MB/69MB, paused 756us total 31.983ms
08-03 21:22:48.000 17925 17937 I art     : Starting a blocking GC Explicit
08-03 21:22:48.032 17925 17937 I art     : Explicit concurrent mark sweep GC freed 3(96B) AllocSpace objects, 0(0B) LOS objects, 23% free, 53MB/69MB, paused 741us total 31.714ms
08-03 21:22:48.044 17925 17937 I art     : Starting a blocking GC Explicit
08-03 21:22:48.077 17925 17937 I art     : Explicit concurrent mark sweep GC freed 3(96B) AllocSpace objects, 0(0B) LOS objects, 23% free, 53MB/69MB, paused 748us total 32.637ms
08-03 21:22:48.089 17925 17937 I art     : Starting a blocking GC Explicit
08-03 21:22:48.121 17925 17937 I art     : Explicit concurrent mark sweep GC freed 3(96B) AllocSpace objects, 0(0B) LOS objects, 23% free, 53MB/69MB, paused 744us total 32.094ms
08-03 21:22:48.167 21967 21967 I art     : Late-enabling -Xcheck:jni
08-03 21:22:48.167   918   918 I ActivityManager: Start proc 21967:nappagreedy.com.newsblur/u0a628 for service nappagreedy.com.newsblur/.service.NBSyncService
08-03 21:22:48.191   918   918 I ActivityManager: Start proc 21980:nappatfpr.com.newsblur/u0a631 for service nappatfpr.com.newsblur/.service.NBSyncService
08-03 21:22:48.191 21980 21980 I art     : Late-enabling -Xcheck:jni
08-03 21:22:48.220 21967 21967 W System  : ClassLoader referenced unknown path: /data/app/nappagreedy.com.newsblur-1/lib/arm64
08-03 21:22:48.237 21980 21980 W System  : ClassLoader referenced unknown path: /data/app/nappatfpr.com.newsblur-1/lib/arm64
08-03 21:22:48.273 16351 16351 I ServiceManager: Waiting for service AtCmdFwd...
08-03 21:22:48.277   918  4400 I ActivityManager: Killing 2763:com.google.android.webview:webview_service/u0a74 (adj 15): empty #17
08-03 21:22:48.330   918  5481 I ActivityManager: Killing 7801:com.google.process.gapps/u0a12 (adj 15): empty #17
08-03 21:22:48.428 17925 18034 I art     : Starting a blocking GC Explicit
08-03 21:22:48.465 17925 18034 I art     : Explicit concurrent mark sweep GC freed 1344(78KB) AllocSpace objects, 1(20KB) LOS objects, 23% free, 53MB/69MB, paused 840us total 36.472ms
08-03 21:22:48.481 17925 18034 I art     : Starting a blocking GC Explicit
08-03 21:22:48.511 17925 18034 I art     : Explicit concurrent mark sweep GC freed 20(704B) AllocSpace objects, 0(0B) LOS objects, 23% free, 53MB/69MB, paused 691us total 29.580ms
08-03 21:22:48.522 17925 18034 I art     : Starting a blocking GC Explicit
08-03 21:22:48.552 17925 18034 I art     : Explicit concurrent mark sweep GC freed 3(96B) AllocSpace objects, 0(0B) LOS objects, 23% free, 53MB/69MB, paused 717us total 30.047ms
08-03 21:22:48.564 17925 18034 I art     : Starting a blocking GC Explicit
08-03 21:22:48.597 17925 18034 I art     : Explicit concurrent mark sweep GC freed 3(96B) AllocSpace objects, 0(0B) LOS objects, 23% free, 53MB/69MB, paused 876us total 32.468ms
08-03 21:22:48.609 17925 18034 I art     : Starting a blocking GC Explicit
08-03 21:22:48.640 17925 18034 I art     : Explicit concurrent mark sweep GC freed 3(96B) AllocSpace objects, 0(0B) LOS objects, 23% free, 53MB/69MB, paused 762us total 30.879ms
08-03 21:22:48.957 17925 18017 I art     : Starting a blocking GC Explicit
08-03 21:22:48.996 17925 18017 I art     : Explicit concurrent mark sweep GC freed 1344(78KB) AllocSpace objects, 1(20KB) LOS objects, 23% free, 53MB/69MB, paused 772us total 38.104ms
08-03 21:22:49.012 17925 18017 I art     : Starting a blocking GC Explicit
08-03 21:22:49.045 17925 18017 I art     : Explicit concurrent mark sweep GC freed 20(704B) AllocSpace objects, 0(0B) LOS objects, 23% free, 53MB/69MB, paused 761us total 33.054ms
08-03 21:22:49.057 17925 18017 I art     : Starting a blocking GC Explicit
08-03 21:22:49.090 17925 18017 I art     : Explicit concurrent mark sweep GC freed 3(96B) AllocSpace objects, 0(0B) LOS objects, 23% free, 53MB/69MB, paused 726us total 32.671ms
08-03 21:22:49.102 17925 18017 I art     : Starting a blocking GC Explicit
08-03 21:22:49.133 17925 18017 I art     : Explicit concurrent mark sweep GC freed 3(96B) AllocSpace objects, 0(0B) LOS objects, 23% free, 53MB/69MB, paused 741us total 31.244ms
08-03 21:22:49.145 17925 18017 I art     : Starting a blocking GC Explicit
08-03 21:22:49.178 17925 18017 I art     : Explicit concurrent mark sweep GC freed 3(96B) AllocSpace objects, 0(0B) LOS objects, 23% free, 53MB/69MB, paused 760us total 32.723ms
08-03 21:22:49.274 16351 16351 W Atfwd_Sendcmd: AtCmdFwd service not published, waiting... retryCnt : 3
08-03 21:22:49.519 17925 18827 I art     : Starting a blocking GC Explicit
08-03 21:22:49.561 17925 18827 I art     : Explicit concurrent mark sweep GC freed 1344(78KB) AllocSpace objects, 1(20KB) LOS objects, 23% free, 53MB/69MB, paused 719us total 41.613ms
08-03 21:22:49.576 17925 18827 I art     : Starting a blocking GC Explicit
08-03 21:22:49.604 17925 18827 I art     : Explicit concurrent mark sweep GC freed 20(704B) AllocSpace objects, 0(0B) LOS objects, 23% free, 53MB/69MB, paused 765us total 27.689ms
08-03 21:22:49.616 17925 18827 I art     : Starting a blocking GC Explicit
08-03 21:22:49.644 17925 18827 I art     : Explicit concurrent mark sweep GC freed 3(96B) AllocSpace objects, 0(0B) LOS objects, 23% free, 53MB/69MB, paused 729us total 27.859ms
08-03 21:22:49.655 17925 18827 I art     : Starting a blocking GC Explicit
08-03 21:22:49.684 17925 18827 I art     : Explicit concurrent mark sweep GC freed 3(96B) AllocSpace objects, 0(0B) LOS objects, 23% free, 53MB/69MB, paused 743us total 28.592ms
08-03 21:22:49.695 17925 18827 I art     : Starting a blocking GC Explicit
08-03 21:22:49.723 17925 18827 I art     : Explicit concurrent mark sweep GC freed 3(96B) AllocSpace objects, 0(0B) LOS objects, 23% free, 53MB/69MB, paused 723us total 28.205ms
08-03 21:22:50.059 17925 17938 I art     : Starting a blocking GC Explicit
08-03 21:22:50.094 17925 17938 I art     : Explicit concurrent mark sweep GC freed 1344(78KB) AllocSpace objects, 1(20KB) LOS objects, 23% free, 53MB/69MB, paused 802us total 35.173ms
08-03 21:22:50.109 17925 17938 I art     : Starting a blocking GC Explicit
08-03 21:22:50.119 22027 22027 D AndroidRuntime: >>>>>> START com.android.internal.os.RuntimeInit uid 2000 <<<<<<
08-03 21:22:50.125 22027 22027 D AndroidRuntime: CheckJNI is OFF
08-03 21:22:50.141 17925 17938 I art     : Explicit concurrent mark sweep GC freed 20(704B) AllocSpace objects, 0(0B) LOS objects, 23% free, 53MB/69MB, paused 757us total 31.455ms
08-03 21:22:50.152 17925 17938 I art     : Starting a blocking GC Explicit
08-03 21:22:50.172 22027 22027 D ICU     : No timezone override file found: /data/misc/zoneinfo/current/icu/icu_tzdata.dat
08-03 21:22:50.182 17925 17938 I art     : Explicit concurrent mark sweep GC freed 3(96B) AllocSpace objects, 0(0B) LOS objects, 23% free, 53MB/69MB, paused 756us total 30.046ms
08-03 21:22:50.194 17925 17938 I art     : Starting a blocking GC Explicit
08-03 21:22:50.220 22027 22027 I Radio-JNI: register_android_hardware_Radio DONE
08-03 21:22:50.224 17925 17938 I art     : Explicit concurrent mark sweep GC freed 3(96B) AllocSpace objects, 0(0B) LOS objects, 23% free, 53MB/69MB, paused 771us total 29.298ms
08-03 21:22:50.235 17925 17938 I art     : Starting a blocking GC Explicit
08-03 21:22:50.250 22027 22027 D AndroidRuntime: Calling main entry com.android.commands.input.Input
08-03 21:22:50.252 22027 22027 I Input   : injectMotionEvent: MotionEvent { action=ACTION_DOWN, actionButton=0, id[0]=0, x[0]=255.0, y[0]=1845.0, toolType[0]=TOOL_TYPE_UNKNOWN, buttonState=0, metaState=0, flags=0x0, edgeFlags=0x0, pointerCount=1, historySize=0, eventTime=652986664, downTime=652986664, deviceId=0, source=0x1002 }
08-03 21:22:50.260 22027 22027 I Input   : injectMotionEvent: MotionEvent { action=ACTION_UP, actionButton=0, id[0]=0, x[0]=255.0, y[0]=1845.0, toolType[0]=TOOL_TYPE_UNKNOWN, buttonState=0, metaState=0, flags=0x0, edgeFlags=0x0, pointerCount=1, historySize=0, eventTime=652986664, downTime=652986664, deviceId=0, source=0x1002 }
08-03 21:22:50.261   918  3696 I ActivityManager: START u0 {cmp=baseline.appteam.nith.hillffair/.activities.ClubActivity (has extras)} from uid 10624 on display 0
08-03 21:22:50.265 17925 17938 I art     : Explicit concurrent mark sweep GC freed 3(96B) AllocSpace objects, 0(0B) LOS objects, 23% free, 53MB/69MB, paused 807us total 28.915ms
08-03 21:22:50.268 22027 22027 D AndroidRuntime: Shutting down VM
08-03 21:22:50.365 17925 17925 I NAPPA_EXPERIMENTATION: MetricNetworkRequestExecutionTime: REQUEST_DURATION_SYSTEM='65',REQUEST_DURATION_OKHTTP='37',REQUEST_SYNCHRONOUS='FALSE',RESPONSE_CODE='200',RESPONSE_METHOD='GET',RESPONSE_LENGTH_OKHTTP='1171',RESPONSE_LENGTH_HEADER='-2',REQUEST_PROTOCOL='http/1.1',REQUEST_URL='https://api-hillfair-2k16.herokuapp.com/api/app/club/Technical%20Committee',
08-03 21:22:50.373   918   936 I ActivityManager: Displayed baseline.appteam.nith.hillffair/.activities.ClubActivity: +104ms
08-03 21:22:50.373 13866 13866 I GoogleInputMethodServic: GoogleInputMethodService.onFinishInput():3138 
08-03 21:22:50.376 13866 13866 I GoogleInputMethodServic: GoogleInputMethodService.onStartInput():1808 
08-03 21:22:50.554 17925 18017 I art     : Starting a blocking GC Explicit
08-03 21:22:50.600 17925 18017 I art     : Explicit concurrent mark sweep GC freed 5748(415KB) AllocSpace objects, 1(20KB) LOS objects, 22% free, 53MB/69MB, paused 902us total 45.933ms
08-03 21:22:50.615 17925 18017 I art     : Starting a blocking GC Explicit
08-03 21:22:50.624   380   380 W SurfaceFlinger: couldn't log to binary event log: overflow.
08-03 21:22:50.645 17925 18017 I art     : Explicit concurrent mark sweep GC freed 282(12KB) AllocSpace objects, 0(0B) LOS objects, 22% free, 53MB/69MB, paused 756us total 29.407ms
08-03 21:22:50.656 17925 18017 I art     : Starting a blocking GC Explicit
08-03 21:22:50.683 17925 18017 I art     : Explicit concurrent mark sweep GC freed 3(96B) AllocSpace objects, 0(0B) LOS objects, 22% free, 53MB/69MB, paused 680us total 26.382ms
08-03 21:22:50.694 17925 18017 I art     : Starting a blocking GC Explicit
08-03 21:22:50.720 17925 18017 I art     : Explicit concurrent mark sweep GC freed 3(96B) AllocSpace objects, 0(0B) LOS objects, 22% free, 53MB/69MB, paused 692us total 26.740ms
08-03 21:22:50.732 17925 18017 I art     : Starting a blocking GC Explicit
08-03 21:22:50.764 17925 18017 I art     : Explicit concurrent mark sweep GC freed 95(5KB) AllocSpace objects, 0(0B) LOS objects, 22% free, 53MB/69MB, paused 902us total 31.705ms
08-03 21:22:51.069 17925 18827 I art     : Starting a blocking GC Explicit
08-03 21:22:51.099 17925 18827 I art     : Explicit concurrent mark sweep GC freed 1350(78KB) AllocSpace objects, 1(20KB) LOS objects, 22% free, 53MB/69MB, paused 729us total 30.313ms
08-03 21:22:51.111 17925 18827 I art     : Starting a blocking GC Explicit
08-03 21:22:51.140 17925 18827 I art     : Explicit concurrent mark sweep GC freed 36(1264B) AllocSpace objects, 0(0B) LOS objects, 22% free, 53MB/69MB, paused 744us total 29.215ms
08-03 21:22:51.152 17925 18827 I art     : Starting a blocking GC Explicit
08-03 21:22:51.175   918  3261 D WifiStateMachine: starting scan for "H369AA63323"WPA_PSK with 2412,5180
08-03 21:22:51.182 17925 18827 I art     : Explicit concurrent mark sweep GC freed 3(96B) AllocSpace objects, 0(0B) LOS objects, 22% free, 53MB/69MB, paused 742us total 30.381ms
08-03 21:22:51.194 17925 18827 I art     : Starting a blocking GC Explicit
08-03 21:22:51.225 17925 18827 I art     : Explicit concurrent mark sweep GC freed 3(96B) AllocSpace objects, 0(0B) LOS objects, 22% free, 53MB/69MB, paused 714us total 30.657ms
08-03 21:22:51.236 17925 18827 I art     : Starting a blocking GC Explicit
08-03 21:22:51.267 17925 18827 I art     : Explicit concurrent mark sweep GC freed 3(96B) AllocSpace objects, 0(0B) LOS objects, 22% free, 53MB/69MB, paused 744us total 29.917ms
08-03 21:22:51.578 17925 18034 I art     : Starting a blocking GC Explicit
08-03 21:22:51.619 17925 18034 I art     : Explicit concurrent mark sweep GC freed 1344(78KB) AllocSpace objects, 1(20KB) LOS objects, 22% free, 53MB/69MB, paused 864us total 40.171ms
08-03 21:22:51.632 17925 18034 I art     : Starting a blocking GC Explicit
08-03 21:22:51.664 17925 18034 I art     : Explicit concurrent mark sweep GC freed 20(704B) AllocSpace objects, 0(0B) LOS objects, 22% free, 53MB/69MB, paused 744us total 31.092ms
08-03 21:22:51.675 17925 18034 I art     : Starting a blocking GC Explicit
08-03 21:22:51.707 17925 18034 I art     : Explicit concurrent mark sweep GC freed 3(96B) AllocSpace objects, 0(0B) LOS objects, 22% free, 53MB/69MB, paused 735us total 31.056ms
08-03 21:22:51.719 17925 18034 I art     : Starting a blocking GC Explicit
08-03 21:22:51.749 17925 18034 I art     : Explicit concurrent mark sweep GC freed 3(96B) AllocSpace objects, 0(0B) LOS objects, 22% free, 53MB/69MB, paused 748us total 30.686ms
08-03 21:22:51.761 17925 18034 I art     : Starting a blocking GC Explicit
08-03 21:22:51.792 17925 18034 I art     : Explicit concurrent mark sweep GC freed 3(96B) AllocSpace objects, 0(0B) LOS objects, 22% free, 53MB/69MB, paused 720us total 30.004ms
08-03 21:22:52.133   918  3188 I hubconnection: sensorhub said: 'set_bias 3: -5.7984, 0.0000, 0.0000'
08-03 21:22:52.138 17925 17938 I art     : Starting a blocking GC Explicit
08-03 21:22:52.182 17925 17938 I art     : Explicit concurrent mark sweep GC freed 1348(78KB) AllocSpace objects, 1(20KB) LOS objects, 22% free, 53MB/69MB, paused 754us total 42.988ms
08-03 21:22:52.196 17925 17938 I art     : Starting a blocking GC Explicit
08-03 21:22:52.233 17925 17938 I art     : Explicit concurrent mark sweep GC freed 37(1584B) AllocSpace objects, 0(0B) LOS objects, 22% free, 53MB/69MB, paused 761us total 36.615ms
08-03 21:22:52.245 17925 17938 I art     : Starting a blocking GC Explicit
08-03 21:22:52.280 17925 17938 I art     : Explicit concurrent mark sweep GC freed 19(608B) AllocSpace objects, 0(0B) LOS objects, 22% free, 53MB/69MB, paused 761us total 33.852ms
08-03 21:22:52.292 17925 17938 I art     : Starting a blocking GC Explicit
08-03 21:22:52.325 17925 17938 I art     : Explicit concurrent mark sweep GC freed 3(96B) AllocSpace objects, 0(0B) LOS objects, 22% free, 53MB/69MB, paused 775us total 33.195ms
08-03 21:22:52.337 17925 17938 I art     : Starting a blocking GC Explicit
08-03 21:22:52.371 17925 17938 I art     : Explicit concurrent mark sweep GC freed 3(96B) AllocSpace objects, 0(0B) LOS objects, 22% free, 53MB/69MB, paused 755us total 33.409ms
08-03 21:22:52.725 17925 18017 I art     : Starting a blocking GC Explicit
08-03 21:22:52.756 17925 18017 I art     : Explicit concurrent mark sweep GC freed 1344(78KB) AllocSpace objects, 1(20KB) LOS objects, 22% free, 53MB/69MB, paused 720us total 30.894ms
08-03 21:22:52.767 17925 18017 I art     : Starting a blocking GC Explicit
08-03 21:22:52.797 17925 18017 I art     : Explicit concurrent mark sweep GC freed 20(704B) AllocSpace objects, 0(0B) LOS objects, 22% free, 53MB/69MB, paused 743us total 29.371ms
08-03 21:22:52.809 17925 18017 I art     : Starting a blocking GC Explicit
08-03 21:22:52.842 17925 18017 I art     : Explicit concurrent mark sweep GC freed 3(96B) AllocSpace objects, 0(0B) LOS objects, 22% free, 53MB/69MB, paused 747us total 32.240ms
08-03 21:22:52.853 17925 18017 I art     : Starting a blocking GC Explicit
08-03 21:22:52.887 17925 18017 I art     : Explicit concurrent mark sweep GC freed 3(96B) AllocSpace objects, 0(0B) LOS objects, 22% free, 53MB/69MB, paused 810us total 33.599ms
08-03 21:22:52.899 17925 18017 I art     : Starting a blocking GC Explicit
08-03 21:22:52.932 17925 18017 I art     : Explicit concurrent mark sweep GC freed 3(96B) AllocSpace objects, 0(0B) LOS objects, 22% free, 53MB/69MB, paused 762us total 32.854ms
08-03 21:22:53.265 17925 17937 I art     : Starting a blocking GC Explicit
08-03 21:22:53.296 17925 17937 I art     : Explicit concurrent mark sweep GC freed 1344(78KB) AllocSpace objects, 1(20KB) LOS objects, 22% free, 53MB/69MB, paused 733us total 31.421ms
08-03 21:22:53.308 17925 17937 I art     : Starting a blocking GC Explicit
08-03 21:22:53.339 17925 17937 I art     : Explicit concurrent mark sweep GC freed 20(704B) AllocSpace objects, 0(0B) LOS objects, 22% free, 53MB/69MB, paused 742us total 30.766ms
08-03 21:22:53.351 17925 17937 I art     : Starting a blocking GC Explicit
08-03 21:22:53.382 17925 17937 I art     : Explicit concurrent mark sweep GC freed 3(96B) AllocSpace objects, 0(0B) LOS objects, 22% free, 53MB/69MB, paused 747us total 31.312ms
08-03 21:22:53.394 17925 17937 I art     : Starting a blocking GC Explicit
08-03 21:22:53.427 17925 17937 I art     : Explicit concurrent mark sweep GC freed 3(96B) AllocSpace objects, 0(0B) LOS objects, 22% free, 53MB/69MB, paused 927us total 32.776ms
08-03 21:22:53.439 17925 17937 I art     : Starting a blocking GC Explicit
08-03 21:22:53.473 17925 17937 I art     : Explicit concurrent mark sweep GC freed 3(96B) AllocSpace objects, 0(0B) LOS objects, 22% free, 53MB/69MB, paused 759us total 33.812ms
08-03 21:22:53.818 17925 18827 I art     : Starting a blocking GC Explicit
08-03 21:22:53.863 17925 18827 I art     : Explicit concurrent mark sweep GC freed 1344(78KB) AllocSpace objects, 1(20KB) LOS objects, 22% free, 53MB/69MB, paused 839us total 44.322ms
08-03 21:22:53.881 17925 18827 I art     : Starting a blocking GC Explicit
08-03 21:22:53.915 17925 18827 I art     : Explicit concurrent mark sweep GC freed 20(704B) AllocSpace objects, 0(0B) LOS objects, 22% free, 53MB/69MB, paused 753us total 33.980ms
08-03 21:22:53.927 17925 18827 I art     : Starting a blocking GC Explicit
08-03 21:22:53.961 17925 18827 I art     : Explicit concurrent mark sweep GC freed 3(96B) AllocSpace objects, 0(0B) LOS objects, 22% free, 53MB/69MB, paused 754us total 34.017ms
08-03 21:22:53.973 17925 18827 I art     : Starting a blocking GC Explicit
08-03 21:22:54.006 17925 18827 I art     : Explicit concurrent mark sweep GC freed 3(96B) AllocSpace objects, 0(0B) LOS objects, 22% free, 53MB/69MB, paused 767us total 31.909ms
08-03 21:22:54.018 17925 18827 I art     : Starting a blocking GC Explicit
08-03 21:22:54.052 17925 18827 I art     : Explicit concurrent mark sweep GC freed 3(96B) AllocSpace objects, 0(0B) LOS objects, 22% free, 53MB/69MB, paused 768us total 33.734ms
08-03 21:22:54.397 17925 18034 I art     : Starting a blocking GC Explicit
08-03 21:22:54.438 17925 18034 I art     : Explicit concurrent mark sweep GC freed 1344(78KB) AllocSpace objects, 1(20KB) LOS objects, 22% free, 53MB/69MB, paused 990us total 41.235ms
08-03 21:22:54.453 17925 18034 I art     : Starting a blocking GC Explicit
08-03 21:22:54.486 17925 18034 I art     : Explicit concurrent mark sweep GC freed 20(704B) AllocSpace objects, 0(0B) LOS objects, 22% free, 53MB/69MB, paused 763us total 32.653ms
08-03 21:22:54.498 17925 18034 I art     : Starting a blocking GC Explicit
08-03 21:22:54.529 17925 18034 I art     : Explicit concurrent mark sweep GC freed 3(96B) AllocSpace objects, 0(0B) LOS objects, 22% free, 53MB/69MB, paused 689us total 30.671ms
08-03 21:22:54.541 17925 18034 I art     : Starting a blocking GC Explicit
08-03 21:22:54.570 17925 18034 I art     : Explicit concurrent mark sweep GC freed 3(96B) AllocSpace objects, 0(0B) LOS objects, 22% free, 53MB/69MB, paused 741us total 28.459ms
08-03 21:22:54.570 17925 17936 I art     : WaitForGcToComplete blocked for 8.084ms for cause HeapTrim
08-03 21:22:54.581 17925 18034 I art     : Starting a blocking GC Explicit
08-03 21:22:54.610 17925 18034 I art     : Explicit concurrent mark sweep GC freed 3(96B) AllocSpace objects, 0(0B) LOS objects, 22% free, 53MB/69MB, paused 745us total 28.738ms
08-03 21:22:54.931 17925 17938 I art     : Starting a blocking GC Explicit
08-03 21:22:54.966 17925 17938 I art     : Explicit concurrent mark sweep GC freed 1344(78KB) AllocSpace objects, 1(20KB) LOS objects, 22% free, 53MB/69MB, paused 755us total 34.334ms
08-03 21:22:54.978 17925 17938 I art     : Starting a blocking GC Explicit
08-03 21:22:55.010 17925 17938 I art     : Explicit concurrent mark sweep GC freed 20(704B) AllocSpace objects, 0(0B) LOS objects, 22% free, 53MB/69MB, paused 789us total 31.945ms
08-03 21:22:55.022 17925 17938 I art     : Starting a blocking GC Explicit
08-03 21:22:55.054 17925 17938 I art     : Explicit concurrent mark sweep GC freed 3(96B) AllocSpace objects, 0(0B) LOS objects, 22% free, 53MB/69MB, paused 775us total 31.712ms
08-03 21:22:55.066 17925 17938 I art     : Starting a blocking GC Explicit
08-03 21:22:55.078 22131 22131 D AndroidRuntime: >>>>>> START com.android.internal.os.RuntimeInit uid 2000 <<<<<<
08-03 21:22:55.084 22131 22131 D AndroidRuntime: CheckJNI is OFF
08-03 21:22:55.098 17925 17938 I art     : Explicit concurrent mark sweep GC freed 3(96B) AllocSpace objects, 0(0B) LOS objects, 22% free, 53MB/69MB, paused 803us total 32.102ms
08-03 21:22:55.110 17925 17938 I art     : Starting a blocking GC Explicit
08-03 21:22:55.131 22131 22131 D ICU     : No timezone override file found: /data/misc/zoneinfo/current/icu/icu_tzdata.dat
08-03 21:22:55.140 17925 17938 I art     : Explicit concurrent mark sweep GC freed 3(96B) AllocSpace objects, 0(0B) LOS objects, 22% free, 53MB/69MB, paused 760us total 30.128ms
08-03 21:22:55.179 22131 22131 I Radio-JNI: register_android_hardware_Radio DONE
08-03 21:22:55.208 22131 22131 D AndroidRuntime: Calling main entry com.android.commands.input.Input
08-03 21:22:55.211 22131 22131 I Input   : injectKeyEvent: KeyEvent { action=ACTION_DOWN, keyCode=KEYCODE_BACK, scanCode=0, metaState=0, flags=0x0, repeatCount=0, eventTime=652991623, downTime=652991623, deviceId=-1, source=0x101 }
08-03 21:22:55.217 22131 22131 I Input   : injectKeyEvent: KeyEvent { action=ACTION_UP, keyCode=KEYCODE_BACK, scanCode=0, metaState=0, flags=0x0, repeatCount=0, eventTime=652991623, downTime=652991623, deviceId=-1, source=0x101 }
08-03 21:22:55.223 22131 22131 D AndroidRuntime: Shutting down VM
08-03 21:22:55.270 13866 13866 I GoogleInputMethodServic: GoogleInputMethodService.onFinishInput():3138 
08-03 21:22:55.271 13866 13866 I GoogleInputMethodServic: GoogleInputMethodService.onStartInput():1808 
08-03 21:22:55.433 17925 17938 I art     : Starting a blocking GC Explicit
08-03 21:22:55.463 17925 17938 I art     : Explicit concurrent mark sweep GC freed 1525(86KB) AllocSpace objects, 1(20KB) LOS objects, 22% free, 53MB/69MB, paused 699us total 29.906ms
08-03 21:22:55.475 17925 17938 I art     : Starting a blocking GC Explicit
08-03 21:22:55.503 17925 17938 I art     : Explicit concurrent mark sweep GC freed 26(944B) AllocSpace objects, 0(0B) LOS objects, 22% free, 53MB/69MB, paused 698us total 28.238ms
08-03 21:22:55.514 17925 17938 I art     : Starting a blocking GC Explicit
08-03 21:22:55.543 17925 17938 I art     : Explicit concurrent mark sweep GC freed 3(96B) AllocSpace objects, 0(0B) LOS objects, 22% free, 53MB/69MB, paused 715us total 28.019ms
08-03 21:22:55.554 17925 17938 I art     : Starting a blocking GC Explicit
08-03 21:22:55.582 17925 17938 I art     : Explicit concurrent mark sweep GC freed 3(96B) AllocSpace objects, 0(0B) LOS objects, 22% free, 53MB/69MB, paused 709us total 27.121ms
08-03 21:22:55.593 17925 17938 I art     : Starting a blocking GC Explicit
08-03 21:22:55.598   380   380 W SurfaceFlinger: couldn't log to binary event log: overflow.
08-03 21:22:55.621 17925 17938 I art     : Explicit concurrent mark sweep GC freed 111(8KB) AllocSpace objects, 0(0B) LOS objects, 22% free, 53MB/69MB, paused 677us total 27.781ms
08-03 21:22:55.939 17925 18034 I art     : Starting a blocking GC Explicit
08-03 21:22:55.977 17925 18034 I art     : Explicit concurrent mark sweep GC freed 2995(186KB) AllocSpace objects, 4(200KB) LOS objects, 23% free, 53MB/69MB, paused 777us total 37.549ms
08-03 21:22:55.992 17925 18034 I art     : Starting a blocking GC Explicit
08-03 21:22:56.023 17925 18034 I art     : Explicit concurrent mark sweep GC freed 20(704B) AllocSpace objects, 0(0B) LOS objects, 23% free, 53MB/69MB, paused 747us total 30.204ms
08-03 21:22:56.034 17925 18034 I art     : Starting a blocking GC Explicit
08-03 21:22:56.065 17925 18034 I art     : Explicit concurrent mark sweep GC freed 3(96B) AllocSpace objects, 0(0B) LOS objects, 23% free, 53MB/69MB, paused 724us total 30.217ms
08-03 21:22:56.076 17925 18034 I art     : Starting a blocking GC Explicit
08-03 21:22:56.107 17925 18034 I art     : Explicit concurrent mark sweep GC freed 3(96B) AllocSpace objects, 0(0B) LOS objects, 23% free, 53MB/69MB, paused 752us total 30.167ms
08-03 21:22:56.118 17925 18034 I art     : Starting a blocking GC Explicit
08-03 21:22:56.149 17925 18034 I art     : Explicit concurrent mark sweep GC freed 3(96B) AllocSpace objects, 0(0B) LOS objects, 23% free, 53MB/69MB, paused 742us total 30.247ms
08-03 21:22:56.468 17925 18017 I art     : Starting a blocking GC Explicit
08-03 21:22:56.504 17925 18017 I art     : Explicit concurrent mark sweep GC freed 1344(78KB) AllocSpace objects, 1(20KB) LOS objects, 23% free, 53MB/69MB, paused 759us total 35.464ms
08-03 21:22:56.516 17925 18017 I art     : Starting a blocking GC Explicit
08-03 21:22:56.545 17925 18017 I art     : Explicit concurrent mark sweep GC freed 20(704B) AllocSpace objects, 0(0B) LOS objects, 23% free, 53MB/69MB, paused 702us total 28.626ms
08-03 21:22:56.556 17925 18017 I art     : Starting a blocking GC Explicit
08-03 21:22:56.584 17925 18017 I art     : Explicit concurrent mark sweep GC freed 3(96B) AllocSpace objects, 0(0B) LOS objects, 23% free, 53MB/69MB, paused 740us total 27.929ms
08-03 21:22:56.595 17925 18017 I art     : Starting a blocking GC Explicit
08-03 21:22:56.623 17925 18017 I art     : Explicit concurrent mark sweep GC freed 3(96B) AllocSpace objects, 0(0B) LOS objects, 23% free, 53MB/69MB, paused 724us total 28.156ms
08-03 21:22:56.635 17925 18017 I art     : Starting a blocking GC Explicit
08-03 21:22:56.664 17925 18017 I art     : Explicit concurrent mark sweep GC freed 3(96B) AllocSpace objects, 0(0B) LOS objects, 23% free, 53MB/69MB, paused 754us total 28.659ms
08-03 21:22:56.971 17925 17937 I art     : Starting a blocking GC Explicit
08-03 21:22:57.006 17925 17937 I art     : Explicit concurrent mark sweep GC freed 1344(78KB) AllocSpace objects, 1(20KB) LOS objects, 23% free, 53MB/69MB, paused 819us total 34.544ms
08-03 21:22:57.010 22186 22186 D AndroidRuntime: >>>>>> START com.android.internal.os.RuntimeInit uid 2000 <<<<<<
08-03 21:22:57.018 22186 22186 D AndroidRuntime: CheckJNI is OFF
08-03 21:22:57.022 17925 17937 I art     : Starting a blocking GC Explicit
08-03 21:22:57.052 17925 17937 I art     : Explicit concurrent mark sweep GC freed 20(704B) AllocSpace objects, 0(0B) LOS objects, 23% free, 53MB/69MB, paused 775us total 29.884ms
08-03 21:22:57.064 17925 17937 I art     : Starting a blocking GC Explicit
08-03 21:22:57.065 22186 22186 D ICU     : No timezone override file found: /data/misc/zoneinfo/current/icu/icu_tzdata.dat
08-03 21:22:57.094 17925 17937 I art     : Explicit concurrent mark sweep GC freed 3(96B) AllocSpace objects, 0(0B) LOS objects, 23% free, 53MB/69MB, paused 788us total 30.215ms
08-03 21:22:57.105 17925 17937 I art     : Starting a blocking GC Explicit
08-03 21:22:57.112 22186 22186 I Radio-JNI: register_android_hardware_Radio DONE
08-03 21:22:57.136 17925 17937 I art     : Explicit concurrent mark sweep GC freed 3(96B) AllocSpace objects, 0(0B) LOS objects, 23% free, 53MB/69MB, paused 699us total 30.164ms
08-03 21:22:57.142 22186 22186 D AndroidRuntime: Calling main entry com.android.commands.input.Input
08-03 21:22:57.144 22186 22186 I Input   : injectKeyEvent: KeyEvent { action=ACTION_DOWN, keyCode=KEYCODE_BACK, scanCode=0, metaState=0, flags=0x0, repeatCount=0, eventTime=652993557, downTime=652993557, deviceId=-1, source=0x101 }
08-03 21:22:57.147 17925 17937 I art     : Starting a blocking GC Explicit
08-03 21:22:57.151 22186 22186 I Input   : injectKeyEvent: KeyEvent { action=ACTION_UP, keyCode=KEYCODE_BACK, scanCode=0, metaState=0, flags=0x0, repeatCount=0, eventTime=652993557, downTime=652993557, deviceId=-1, source=0x101 }
08-03 21:22:57.157 22186 22186 D AndroidRuntime: Shutting down VM
08-03 21:22:57.175 17925 17937 I art     : Explicit concurrent mark sweep GC freed 145(6KB) AllocSpace objects, 0(0B) LOS objects, 23% free, 53MB/69MB, paused 737us total 27.711ms
08-03 21:22:57.200 13866 13866 I GoogleInputMethodServic: GoogleInputMethodService.onFinishInput():3138 
08-03 21:22:57.200 13866 13866 I GoogleInputMethodServic: GoogleInputMethodService.onStartInput():1808 
08-03 21:22:57.473 17925 17937 I art     : Starting a blocking GC Explicit
08-03 21:22:57.504 17925 17937 I art     : Explicit concurrent mark sweep GC freed 1411(80KB) AllocSpace objects, 1(20KB) LOS objects, 23% free, 53MB/69MB, paused 704us total 30.520ms
08-03 21:22:57.515 17925 17937 I art     : Starting a blocking GC Explicit
08-03 21:22:57.545 17925 17937 I art     : Explicit concurrent mark sweep GC freed 696(33KB) AllocSpace objects, 0(0B) LOS objects, 23% free, 53MB/69MB, paused 827us total 29.863ms
08-03 21:22:57.557 17925 17937 I art     : Starting a blocking GC Explicit
08-03 21:22:57.586 17925 17937 I art     : Explicit concurrent mark sweep GC freed 186(9KB) AllocSpace objects, 0(0B) LOS objects, 23% free, 53MB/69MB, paused 739us total 28.342ms
08-03 21:22:57.597 17925 17937 I art     : Starting a blocking GC Explicit
08-03 21:22:57.624 17925 17937 I art     : Explicit concurrent mark sweep GC freed 2482(165KB) AllocSpace objects, 1(28KB) LOS objects, 23% free, 53MB/69MB, paused 705us total 26.467ms
08-03 21:22:57.635 17925 17937 I art     : Starting a blocking GC Explicit
08-03 21:22:57.663 17925 17937 I art     : Explicit concurrent mark sweep GC freed 3(96B) AllocSpace objects, 0(0B) LOS objects, 23% free, 53MB/69MB, paused 729us total 28.591ms
08-03 21:22:57.972 17925 18827 I art     : Starting a blocking GC Explicit
08-03 21:22:58.010 17925 18827 I art     : Explicit concurrent mark sweep GC freed 1344(78KB) AllocSpace objects, 1(20KB) LOS objects, 23% free, 53MB/69MB, paused 853us total 37.902ms
08-03 21:22:58.029 17925 18827 I art     : Starting a blocking GC Explicit
08-03 21:22:58.062 17925 18827 I art     : Explicit concurrent mark sweep GC freed 20(704B) AllocSpace objects, 0(0B) LOS objects, 23% free, 53MB/69MB, paused 736us total 33.276ms
08-03 21:22:58.074 17925 18827 I art     : Starting a blocking GC Explicit
08-03 21:22:58.103 17925 18827 I art     : Explicit concurrent mark sweep GC freed 3(96B) AllocSpace objects, 0(0B) LOS objects, 23% free, 53MB/69MB, paused 728us total 28.872ms
08-03 21:22:58.114 17925 18827 I art     : Starting a blocking GC Explicit
08-03 21:22:58.142 17925 18827 I art     : Explicit concurrent mark sweep GC freed 3(96B) AllocSpace objects, 0(0B) LOS objects, 23% free, 53MB/69MB, paused 814us total 27.484ms
08-03 21:22:58.153 17925 18827 I art     : Starting a blocking GC Explicit
08-03 21:22:58.182 17925 18827 I art     : Explicit concurrent mark sweep GC freed 3(96B) AllocSpace objects, 0(0B) LOS objects, 23% free, 53MB/69MB, paused 738us total 27.958ms
08-03 21:22:58.493 17925 17938 I art     : Starting a blocking GC Explicit
08-03 21:22:58.522 17925 17938 I art     : Explicit concurrent mark sweep GC freed 1341(78KB) AllocSpace objects, 1(20KB) LOS objects, 23% free, 53MB/69MB, paused 734us total 28.768ms
08-03 21:22:58.533 17925 17938 I art     : Starting a blocking GC Explicit
08-03 21:22:58.561 17925 17938 I art     : Explicit concurrent mark sweep GC freed 20(704B) AllocSpace objects, 0(0B) LOS objects, 23% free, 53MB/69MB, paused 765us total 27.718ms
08-03 21:22:58.572 17925 17938 I art     : Starting a blocking GC Explicit
08-03 21:22:58.600 17925 17938 I art     : Explicit concurrent mark sweep GC freed 3(96B) AllocSpace objects, 0(0B) LOS objects, 23% free, 53MB/69MB, paused 746us total 27.072ms
08-03 21:22:58.611 17925 17938 I art     : Starting a blocking GC Explicit
08-03 21:22:58.639 17925 17938 I art     : Explicit concurrent mark sweep GC freed 3(96B) AllocSpace objects, 0(0B) LOS objects, 23% free, 53MB/69MB, paused 754us total 27.773ms
08-03 21:22:58.650 17925 17938 I art     : Starting a blocking GC Explicit
08-03 21:22:58.678 17925 17938 I art     : Explicit concurrent mark sweep GC freed 3(96B) AllocSpace objects, 0(0B) LOS objects, 23% free, 53MB/69MB, paused 789us total 27.591ms
08-03 21:22:58.975 22245 22245 D AndroidRuntime: >>>>>> START com.android.internal.os.RuntimeInit uid 2000 <<<<<<
08-03 21:22:58.982 22245 22245 D AndroidRuntime: CheckJNI is OFF
08-03 21:22:58.991 17925 18017 I art     : Starting a blocking GC Explicit
08-03 21:22:59.024 17925 18017 I art     : Explicit concurrent mark sweep GC freed 1341(78KB) AllocSpace objects, 1(20KB) LOS objects, 23% free, 53MB/69MB, paused 813us total 32.235ms
08-03 21:22:59.032 22245 22245 D ICU     : No timezone override file found: /data/misc/zoneinfo/current/icu/icu_tzdata.dat
08-03 21:22:59.035 17925 18017 I art     : Starting a blocking GC Explicit
08-03 21:22:59.063 17925 18017 I art     : Explicit concurrent mark sweep GC freed 20(704B) AllocSpace objects, 0(0B) LOS objects, 23% free, 53MB/69MB, paused 785us total 27.766ms
08-03 21:22:59.074 17925 18017 I art     : Starting a blocking GC Explicit
08-03 21:22:59.081 22245 22245 I Radio-JNI: register_android_hardware_Radio DONE
08-03 21:22:59.104 17925 18017 I art     : Explicit concurrent mark sweep GC freed 3(96B) AllocSpace objects, 0(0B) LOS objects, 23% free, 53MB/69MB, paused 784us total 29.228ms
08-03 21:22:59.111 22245 22245 D AndroidRuntime: Calling main entry com.android.commands.am.Am
08-03 21:22:59.115 17925 18017 I art     : Starting a blocking GC Explicit
08-03 21:22:59.118 29687 29687 I Trepn   : Trepn 6.2s: Received intent: com.quicinc.trepn.stop_profiling
08-03 21:22:59.142 17925 18017 I art     : Explicit concurrent mark sweep GC freed 3(96B) AllocSpace objects, 0(0B) LOS objects, 23% free, 53MB/69MB, paused 702us total 26.973ms
08-03 21:22:59.153 17925 18017 I art     : Starting a blocking GC Explicit
08-03 21:22:59.167 29687 29687 I Trepn   : Trepn 6.2s: Trepn has Stopped Profiling.
08-03 21:22:59.180 17925 18017 I art     : Explicit concurrent mark sweep GC freed 3(96B) AllocSpace objects, 0(0B) LOS objects, 23% free, 53MB/69MB, paused 708us total 26.439ms
08-03 21:22:59.261 22245 22245 D AndroidRuntime: Shutting down VM
08-03 21:22:59.264   918  3714 W AppOps  : Finishing op nesting under-run: uid 10078 pkg com.quicinc.trepn code 24 time=0 duration=0 nesting=0
08-03 21:22:59.528 17925 18034 I art     : Starting a blocking GC Explicit
08-03 21:22:59.556 17925 18034 I art     : Explicit concurrent mark sweep GC freed 1341(78KB) AllocSpace objects, 1(20KB) LOS objects, 23% free, 53MB/69MB, paused 692us total 27.920ms
08-03 21:22:59.567 17925 18034 I art     : Starting a blocking GC Explicit
08-03 21:22:59.595 17925 18034 I art     : Explicit concurrent mark sweep GC freed 20(704B) AllocSpace objects, 0(0B) LOS objects, 23% free, 53MB/69MB, paused 697us total 27.112ms
08-03 21:22:59.606 17925 18034 I art     : Starting a blocking GC Explicit
08-03 21:22:59.633 17925 18034 I art     : Explicit concurrent mark sweep GC freed 3(96B) AllocSpace objects, 0(0B) LOS objects, 23% free, 53MB/69MB, paused 781us total 26.475ms
08-03 21:22:59.633 17925 17936 I art     : WaitForGcToComplete blocked for 22.745ms for cause HeapTrim
08-03 21:22:59.644 17925 18034 I art     : Starting a blocking GC Explicit
08-03 21:22:59.671 17925 18034 I art     : Explicit concurrent mark sweep GC freed 3(96B) AllocSpace objects, 0(0B) LOS objects, 23% free, 53MB/69MB, paused 759us total 26.605ms
08-03 21:22:59.682 17925 18034 I art     : Starting a blocking GC Explicit
08-03 21:22:59.708 17925 18034 I art     : Explicit concurrent mark sweep GC freed 3(96B) AllocSpace objects, 0(0B) LOS objects, 23% free, 53MB/69MB, paused 813us total 26.337ms
