08-03 21:20:37.533 17925 18034 I art     : Explicit concurrent mark sweep GC freed 20(704B) AllocSpace objects, 0(0B) LOS objects, 23% free, 52MB/68MB, paused 401us total 22.575ms
08-03 21:20:37.542 17925 18034 I art     : Starting a blocking GC Explicit
08-03 21:20:37.562 17925 18034 I art     : Explicit concurrent mark sweep GC freed 3(96B) AllocSpace objects, 0(0B) LOS objects, 23% free, 52MB/68MB, paused 308us total 18.944ms
08-03 21:20:37.570 17925 18034 I art     : Starting a blocking GC Explicit
08-03 21:20:37.589 17925 18034 I art     : Explicit concurrent mark sweep GC freed 3(96B) AllocSpace objects, 0(0B) LOS objects, 23% free, 52MB/68MB, paused 298us total 18.295ms
08-03 21:20:37.597 17925 18034 I art     : Starting a blocking GC Explicit
08-03 21:20:37.616 17925 18034 I art     : Explicit concurrent mark sweep GC freed 3(96B) AllocSpace objects, 0(0B) LOS objects, 23% free, 52MB/68MB, paused 295us total 18.589ms
08-03 21:20:37.906 17925 17938 I art     : Starting a blocking GC Explicit
08-03 21:20:37.926 17925 17938 I art     : Explicit concurrent mark sweep GC freed 1341(78KB) AllocSpace objects, 1(20KB) LOS objects, 23% free, 52MB/68MB, paused 309us total 19.204ms
08-03 21:20:37.934 17925 17938 I art     : Starting a blocking GC Explicit
08-03 21:20:37.952 17925 17938 I art     : Explicit concurrent mark sweep GC freed 20(704B) AllocSpace objects, 0(0B) LOS objects, 23% free, 52MB/68MB, paused 300us total 18.142ms
08-03 21:20:37.960 17925 17938 I art     : Starting a blocking GC Explicit
08-03 21:20:37.979 17925 17938 I art     : Explicit concurrent mark sweep GC freed 3(96B) AllocSpace objects, 0(0B) LOS objects, 23% free, 52MB/68MB, paused 321us total 18.333ms
08-03 21:20:37.987 17925 17938 I art     : Starting a blocking GC Explicit
08-03 21:20:38.006 17925 17938 I art     : Explicit concurrent mark sweep GC freed 3(96B) AllocSpace objects, 0(0B) LOS objects, 23% free, 52MB/68MB, paused 306us total 18.770ms
08-03 21:20:38.015 17925 17938 I art     : Starting a blocking GC Explicit
08-03 21:20:38.034 17925 17938 I art     : Explicit concurrent mark sweep GC freed 3(96B) AllocSpace objects, 0(0B) LOS objects, 23% free, 52MB/68MB, paused 314us total 18.999ms
08-03 21:20:38.253 16351 16351 I ServiceManager: Waiting for service AtCmdFwd...
08-03 21:20:38.349 17925 18017 I art     : Starting a blocking GC Explicit
08-03 21:20:38.373 17925 18017 I art     : Explicit concurrent mark sweep GC freed 1341(78KB) AllocSpace objects, 1(20KB) LOS objects, 23% free, 52MB/68MB, paused 344us total 23.491ms
08-03 21:20:38.385 17925 18017 I art     : Starting a blocking GC Explicit
08-03 21:20:38.404 17925 18017 I art     : Explicit concurrent mark sweep GC freed 20(704B) AllocSpace objects, 0(0B) LOS objects, 23% free, 52MB/68MB, paused 313us total 19.218ms
08-03 21:20:38.413 17925 18017 I art     : Starting a blocking GC Explicit
08-03 21:20:38.431 17925 18017 I art     : Explicit concurrent mark sweep GC freed 3(96B) AllocSpace objects, 0(0B) LOS objects, 23% free, 52MB/68MB, paused 301us total 18.334ms
08-03 21:20:38.440 17925 18017 I art     : Starting a blocking GC Explicit
08-03 21:20:38.459 17925 18017 I art     : Explicit concurrent mark sweep GC freed 3(96B) AllocSpace objects, 0(0B) LOS objects, 23% free, 52MB/68MB, paused 319us total 18.850ms
08-03 21:20:38.468 17925 18017 I art     : Starting a blocking GC Explicit
08-03 21:20:38.487 17925 18017 I art     : Explicit concurrent mark sweep GC freed 3(96B) AllocSpace objects, 0(0B) LOS objects, 23% free, 52MB/68MB, paused 317us total 18.888ms
08-03 21:20:38.813 17925 17937 I art     : Starting a blocking GC Explicit
08-03 21:20:38.836 17925 17937 I art     : Explicit concurrent mark sweep GC freed 1341(78KB) AllocSpace objects, 1(20KB) LOS objects, 23% free, 52MB/68MB, paused 329us total 23.430ms
08-03 21:20:38.848 17925 17937 I art     : Starting a blocking GC Explicit
08-03 21:20:38.869 17925 17937 I art     : Explicit concurrent mark sweep GC freed 20(704B) AllocSpace objects, 0(0B) LOS objects, 23% free, 52MB/68MB, paused 316us total 20.836ms
08-03 21:20:38.878 17925 17937 I art     : Starting a blocking GC Explicit
08-03 21:20:38.897 17925 17937 I art     : Explicit concurrent mark sweep GC freed 3(96B) AllocSpace objects, 0(0B) LOS objects, 23% free, 52MB/68MB, paused 330us total 19.255ms
08-03 21:20:38.905 17925 17937 I art     : Starting a blocking GC Explicit
08-03 21:20:38.923 17925 17937 I art     : Explicit concurrent mark sweep GC freed 3(96B) AllocSpace objects, 0(0B) LOS objects, 23% free, 52MB/68MB, paused 304us total 17.945ms
08-03 21:20:38.932 17925 17937 I art     : Starting a blocking GC Explicit
08-03 21:20:38.951 17925 17937 I art     : Explicit concurrent mark sweep GC freed 3(96B) AllocSpace objects, 0(0B) LOS objects, 23% free, 52MB/68MB, paused 303us total 18.812ms
08-03 21:20:39.253 16351 16351 W Atfwd_Sendcmd: AtCmdFwd service not published, waiting... retryCnt : 2
08-03 21:20:39.267 17925 18034 I art     : Starting a blocking GC Explicit
08-03 21:20:39.289 17925 18034 I art     : Explicit concurrent mark sweep GC freed 1341(78KB) AllocSpace objects, 1(20KB) LOS objects, 23% free, 52MB/68MB, paused 313us total 21.334ms
08-03 21:20:39.297 17925 18034 I art     : Starting a blocking GC Explicit
08-03 21:20:39.317 17925 18034 I art     : Explicit concurrent mark sweep GC freed 20(704B) AllocSpace objects, 0(0B) LOS objects, 23% free, 52MB/68MB, paused 369us total 19.089ms
08-03 21:20:39.325 17925 18034 I art     : Starting a blocking GC Explicit
08-03 21:20:39.344 17925 18034 I art     : Explicit concurrent mark sweep GC freed 3(96B) AllocSpace objects, 0(0B) LOS objects, 23% free, 52MB/68MB, paused 301us total 19.058ms
08-03 21:20:39.353 17925 18034 I art     : Starting a blocking GC Explicit
08-03 21:20:39.372 17925 18034 I art     : Explicit concurrent mark sweep GC freed 3(96B) AllocSpace objects, 0(0B) LOS objects, 23% free, 52MB/68MB, paused 300us total 19.178ms
08-03 21:20:39.381 17925 18034 I art     : Starting a blocking GC Explicit
08-03 21:20:39.400 17925 18034 I art     : Explicit concurrent mark sweep GC freed 3(96B) AllocSpace objects, 0(0B) LOS objects, 23% free, 52MB/68MB, paused 301us total 18.496ms
08-03 21:20:39.725 17925 17938 I art     : Starting a blocking GC Explicit
08-03 21:20:39.754 17925 17938 I art     : Explicit concurrent mark sweep GC freed 1341(78KB) AllocSpace objects, 1(20KB) LOS objects, 23% free, 52MB/68MB, paused 359us total 28.271ms
08-03 21:20:39.770 17925 17938 I art     : Starting a blocking GC Explicit
08-03 21:20:39.789 17925 17938 I art     : Explicit concurrent mark sweep GC freed 20(704B) AllocSpace objects, 0(0B) LOS objects, 23% free, 52MB/68MB, paused 324us total 18.718ms
08-03 21:20:39.798 17925 17938 I art     : Starting a blocking GC Explicit
08-03 21:20:39.817 17925 17938 I art     : Explicit concurrent mark sweep GC freed 3(96B) AllocSpace objects, 0(0B) LOS objects, 23% free, 52MB/68MB, paused 349us total 19.186ms
08-03 21:20:39.818 17925 17936 I art     : WaitForGcToComplete blocked for 5.838ms for cause HeapTrim
08-03 21:20:39.826 17925 17938 I art     : Starting a blocking GC Explicit
08-03 21:20:39.845 17925 17938 I art     : Explicit concurrent mark sweep GC freed 3(96B) AllocSpace objects, 0(0B) LOS objects, 23% free, 52MB/68MB, paused 310us total 19.092ms
08-03 21:20:39.853 17925 17938 I art     : Starting a blocking GC Explicit
08-03 21:20:39.873 17925 17938 I art     : Explicit concurrent mark sweep GC freed 3(96B) AllocSpace objects, 0(0B) LOS objects, 23% free, 52MB/68MB, paused 306us total 19.058ms
08-03 21:20:40.188 17925 18017 I art     : Starting a blocking GC Explicit
08-03 21:20:40.212 17925 18017 I art     : Explicit concurrent mark sweep GC freed 1341(78KB) AllocSpace objects, 1(20KB) LOS objects, 23% free, 52MB/68MB, paused 348us total 23.570ms
08-03 21:20:40.223 17925 18017 I art     : Starting a blocking GC Explicit
08-03 21:20:40.246 17925 18017 I art     : Explicit concurrent mark sweep GC freed 20(704B) AllocSpace objects, 0(0B) LOS objects, 23% free, 52MB/68MB, paused 332us total 22.712ms
08-03 21:20:40.256 17925 18017 I art     : Starting a blocking GC Explicit
08-03 21:20:40.275 17925 18017 I art     : Explicit concurrent mark sweep GC freed 3(96B) AllocSpace objects, 0(0B) LOS objects, 23% free, 52MB/68MB, paused 312us total 18.917ms
08-03 21:20:40.283 17925 18017 I art     : Starting a blocking GC Explicit
08-03 21:20:40.302 17925 18017 I art     : Explicit concurrent mark sweep GC freed 3(96B) AllocSpace objects, 0(0B) LOS objects, 23% free, 52MB/68MB, paused 299us total 18.186ms
08-03 21:20:40.310 17925 18017 I art     : Starting a blocking GC Explicit
08-03 21:20:40.329 17925 18017 I art     : Explicit concurrent mark sweep GC freed 3(96B) AllocSpace objects, 0(0B) LOS objects, 23% free, 52MB/68MB, paused 310us total 18.779ms
08-03 21:20:40.640 17925 17937 I art     : Starting a blocking GC Explicit
08-03 21:20:40.665 17925 17937 I art     : Explicit concurrent mark sweep GC freed 1341(78KB) AllocSpace objects, 1(20KB) LOS objects, 23% free, 52MB/68MB, paused 336us total 24.923ms
08-03 21:20:40.677 17925 17937 I art     : Starting a blocking GC Explicit
08-03 21:20:40.697 17925 17937 I art     : Explicit concurrent mark sweep GC freed 20(704B) AllocSpace objects, 0(0B) LOS objects, 23% free, 52MB/68MB, paused 384us total 19.960ms
08-03 21:20:40.705 17925 17937 I art     : Starting a blocking GC Explicit
08-03 21:20:40.725 17925 17937 I art     : Explicit concurrent mark sweep GC freed 3(96B) AllocSpace objects, 0(0B) LOS objects, 23% free, 52MB/68MB, paused 299us total 19.112ms
08-03 21:20:40.733 17925 17937 I art     : Starting a blocking GC Explicit
08-03 21:20:40.752 17925 17937 I art     : Explicit concurrent mark sweep GC freed 3(96B) AllocSpace objects, 0(0B) LOS objects, 23% free, 52MB/68MB, paused 313us total 18.902ms
08-03 21:20:40.761 17925 17937 I art     : Starting a blocking GC Explicit
08-03 21:20:40.779 17925 17937 I art     : Explicit concurrent mark sweep GC freed 3(96B) AllocSpace objects, 0(0B) LOS objects, 23% free, 52MB/68MB, paused 291us total 18.439ms
08-03 21:20:41.100 17925 18034 I art     : Starting a blocking GC Explicit
08-03 21:20:41.128 17925 18034 I art     : Explicit concurrent mark sweep GC freed 1341(78KB) AllocSpace objects, 1(20KB) LOS objects, 23% free, 52MB/68MB, paused 357us total 27.128ms
08-03 21:20:41.139 17925 18034 I art     : Starting a blocking GC Explicit
08-03 21:20:41.158 17925 18034 I art     : Explicit concurrent mark sweep GC freed 20(704B) AllocSpace objects, 0(0B) LOS objects, 23% free, 52MB/68MB, paused 301us total 18.847ms
08-03 21:20:41.167 17925 18034 I art     : Starting a blocking GC Explicit
08-03 21:20:41.185 17925 18034 I art     : Explicit concurrent mark sweep GC freed 3(96B) AllocSpace objects, 0(0B) LOS objects, 23% free, 52MB/68MB, paused 294us total 18.483ms
08-03 21:20:41.194 17925 18034 I art     : Starting a blocking GC Explicit
08-03 21:20:41.213 17925 18034 I art     : Explicit concurrent mark sweep GC freed 3(96B) AllocSpace objects, 0(0B) LOS objects, 23% free, 52MB/68MB, paused 307us total 18.744ms
08-03 21:20:41.221 17925 18034 I art     : Starting a blocking GC Explicit
08-03 21:20:41.240 17925 18034 I art     : Explicit concurrent mark sweep GC freed 3(96B) AllocSpace objects, 0(0B) LOS objects, 23% free, 52MB/68MB, paused 304us total 18.786ms
08-03 21:20:41.559 17925 17938 I art     : Starting a blocking GC Explicit
08-03 21:20:41.583 17925 17938 I art     : Explicit concurrent mark sweep GC freed 1341(78KB) AllocSpace objects, 1(20KB) LOS objects, 23% free, 52MB/68MB, paused 325us total 23.666ms
08-03 21:20:41.597 17925 17938 I art     : Starting a blocking GC Explicit
08-03 21:20:41.616 17925 17938 I art     : Explicit concurrent mark sweep GC freed 20(704B) AllocSpace objects, 0(0B) LOS objects, 23% free, 52MB/68MB, paused 320us total 18.651ms
08-03 21:20:41.624 17925 17938 I art     : Starting a blocking GC Explicit
08-03 21:20:41.641 17925 17938 I art     : Explicit concurrent mark sweep GC freed 3(96B) AllocSpace objects, 0(0B) LOS objects, 23% free, 52MB/68MB, paused 296us total 16.861ms
08-03 21:20:41.649 17925 17938 I art     : Starting a blocking GC Explicit
08-03 21:20:41.667 17925 17938 I art     : Explicit concurrent mark sweep GC freed 3(96B) AllocSpace objects, 0(0B) LOS objects, 23% free, 52MB/68MB, paused 432us total 17.426ms
08-03 21:20:41.675 17925 17938 I art     : Starting a blocking GC Explicit
08-03 21:20:41.692 17925 17938 I art     : Explicit concurrent mark sweep GC freed 3(96B) AllocSpace objects, 0(0B) LOS objects, 23% free, 52MB/68MB, paused 360us total 17.240ms
08-03 21:20:41.990 17925 18017 I art     : Starting a blocking GC Explicit
08-03 21:20:41.997 18786 18786 D AndroidRuntime: >>>>>> START com.android.internal.os.RuntimeInit uid 2000 <<<<<<
08-03 21:20:42.002 18786 18786 D AndroidRuntime: CheckJNI is OFF
08-03 21:20:42.010 17925 18017 I art     : Explicit concurrent mark sweep GC freed 1341(78KB) AllocSpace objects, 1(20KB) LOS objects, 23% free, 52MB/68MB, paused 325us total 19.117ms
08-03 21:20:42.018 17925 18017 I art     : Starting a blocking GC Explicit
08-03 21:20:42.036 17925 18017 I art     : Explicit concurrent mark sweep GC freed 20(704B) AllocSpace objects, 0(0B) LOS objects, 23% free, 52MB/68MB, paused 333us total 18.178ms
08-03 21:20:42.038 18786 18786 D ICU     : No timezone override file found: /data/misc/zoneinfo/current/icu/icu_tzdata.dat
08-03 21:20:42.045 17925 18017 I art     : Starting a blocking GC Explicit
08-03 21:20:42.063 17925 18017 I art     : Explicit concurrent mark sweep GC freed 3(96B) AllocSpace objects, 0(0B) LOS objects, 23% free, 52MB/68MB, paused 321us total 17.933ms
08-03 21:20:42.071 17925 18017 I art     : Starting a blocking GC Explicit
08-03 21:20:42.075 18786 18786 I Radio-JNI: register_android_hardware_Radio DONE
08-03 21:20:42.090 17925 18017 I art     : Explicit concurrent mark sweep GC freed 3(96B) AllocSpace objects, 0(0B) LOS objects, 23% free, 52MB/68MB, paused 301us total 18.505ms
08-03 21:20:42.097 18786 18786 D AndroidRuntime: Calling main entry com.android.commands.input.Input
08-03 21:20:42.098 17925 18017 I art     : Starting a blocking GC Explicit
08-03 21:20:42.100 18786 18786 I Input   : injectKeyEvent: KeyEvent { action=ACTION_DOWN, keyCode=KEYCODE_BACK, scanCode=0, metaState=0, flags=0x0, repeatCount=0, eventTime=652858513, downTime=652858513, deviceId=-1, source=0x101 }
08-03 21:20:42.110 18786 18786 I Input   : injectKeyEvent: KeyEvent { action=ACTION_UP, keyCode=KEYCODE_BACK, scanCode=0, metaState=0, flags=0x0, repeatCount=0, eventTime=652858513, downTime=652858513, deviceId=-1, source=0x101 }
08-03 21:20:42.115 17925 18017 I art     : Explicit concurrent mark sweep GC freed 6(256B) AllocSpace objects, 0(0B) LOS objects, 23% free, 52MB/68MB, paused 355us total 17.109ms
08-03 21:20:42.117 18786 18786 D AndroidRuntime: Shutting down VM
08-03 21:20:42.151 13866 13866 I GoogleInputMethodServic: GoogleInputMethodService.onFinishInput():3138 
08-03 21:20:42.152 13866 13866 I GoogleInputMethodServic: GoogleInputMethodService.onStartInput():1808 
08-03 21:20:42.367 17925 18034 I art     : Starting a blocking GC Explicit
08-03 21:20:42.390 17925 18034 I art     : Explicit concurrent mark sweep GC freed 1512(86KB) AllocSpace objects, 1(20KB) LOS objects, 23% free, 52MB/68MB, paused 300us total 22.603ms
08-03 21:20:42.400 17925 18034 I art     : Starting a blocking GC Explicit
08-03 21:20:42.422 17925 18034 I art     : Explicit concurrent mark sweep GC freed 26(944B) AllocSpace objects, 0(0B) LOS objects, 23% free, 52MB/68MB, paused 305us total 21.928ms
08-03 21:20:42.431 17925 18034 I art     : Starting a blocking GC Explicit
08-03 21:20:42.443   380   380 W SurfaceFlinger: couldn't log to binary event log: overflow.
08-03 21:20:42.450 17925 18034 I art     : Explicit concurrent mark sweep GC freed 90(7KB) AllocSpace objects, 0(0B) LOS objects, 23% free, 52MB/68MB, paused 335us total 19.508ms
08-03 21:20:42.460 17925 18034 I art     : Starting a blocking GC Explicit
08-03 21:20:42.478 17925 18034 I art     : Explicit concurrent mark sweep GC freed 25(1200B) AllocSpace objects, 0(0B) LOS objects, 23% free, 52MB/68MB, paused 332us total 17.907ms
08-03 21:20:42.486 17925 18034 I art     : Starting a blocking GC Explicit
08-03 21:20:42.503 17925 18034 I art     : Explicit concurrent mark sweep GC freed 1655(107KB) AllocSpace objects, 3(400KB) LOS objects, 23% free, 51MB/67MB, paused 292us total 16.323ms
08-03 21:20:42.784 17925 17938 I art     : Starting a blocking GC Explicit
08-03 21:20:42.807 17925 17938 I art     : Explicit concurrent mark sweep GC freed 1342(78KB) AllocSpace objects, 1(20KB) LOS objects, 23% free, 51MB/67MB, paused 345us total 22.911ms
08-03 21:20:42.816 17925 17938 I art     : Starting a blocking GC Explicit
08-03 21:20:42.835 17925 17938 I art     : Explicit concurrent mark sweep GC freed 20(704B) AllocSpace objects, 0(0B) LOS objects, 23% free, 51MB/67MB, paused 316us total 18.442ms
08-03 21:20:42.844 17925 17938 I art     : Starting a blocking GC Explicit
08-03 21:20:42.862 17925 17938 I art     : Explicit concurrent mark sweep GC freed 3(96B) AllocSpace objects, 0(0B) LOS objects, 23% free, 51MB/67MB, paused 313us total 18.082ms
08-03 21:20:42.870 17925 17938 I art     : Starting a blocking GC Explicit
08-03 21:20:42.888 17925 17938 I art     : Explicit concurrent mark sweep GC freed 3(96B) AllocSpace objects, 0(0B) LOS objects, 23% free, 51MB/67MB, paused 305us total 18.060ms
08-03 21:20:42.897 17925 17938 I art     : Starting a blocking GC Explicit
08-03 21:20:42.915 17925 17938 I art     : Explicit concurrent mark sweep GC freed 3(96B) AllocSpace objects, 0(0B) LOS objects, 23% free, 51MB/67MB, paused 309us total 17.636ms
08-03 21:20:43.203 17925 17937 I art     : Starting a blocking GC Explicit
08-03 21:20:43.224 17925 17937 I art     : Explicit concurrent mark sweep GC freed 1340(78KB) AllocSpace objects, 1(20KB) LOS objects, 23% free, 51MB/67MB, paused 333us total 20.329ms
08-03 21:20:43.235 17925 17937 I art     : Starting a blocking GC Explicit
08-03 21:20:43.254 17925 17937 I art     : Explicit concurrent mark sweep GC freed 20(704B) AllocSpace objects, 0(0B) LOS objects, 23% free, 51MB/67MB, paused 316us total 17.875ms
08-03 21:20:43.262 17925 17937 I art     : Starting a blocking GC Explicit
08-03 21:20:43.280 17925 17937 I art     : Explicit concurrent mark sweep GC freed 3(96B) AllocSpace objects, 0(0B) LOS objects, 23% free, 51MB/67MB, paused 310us total 18.068ms
08-03 21:20:43.289 17925 17937 I art     : Starting a blocking GC Explicit
08-03 21:20:43.307 17925 17937 I art     : Explicit concurrent mark sweep GC freed 3(96B) AllocSpace objects, 0(0B) LOS objects, 23% free, 51MB/67MB, paused 342us total 18.586ms
08-03 21:20:43.316 17925 17937 I art     : Starting a blocking GC Explicit
08-03 21:20:43.334 17925 17937 I art     : Explicit concurrent mark sweep GC freed 3(96B) AllocSpace objects, 0(0B) LOS objects, 23% free, 51MB/67MB, paused 311us total 18.225ms
08-03 21:20:43.594 17925 18827 I art     : Starting a blocking GC Explicit
08-03 21:20:43.612 17925 18827 I art     : Explicit concurrent mark sweep GC freed 1340(78KB) AllocSpace objects, 1(20KB) LOS objects, 23% free, 51MB/67MB, paused 316us total 18.319ms
08-03 21:20:43.621 17925 18827 I art     : Starting a blocking GC Explicit
08-03 21:20:43.638 17925 18827 I art     : Explicit concurrent mark sweep GC freed 20(704B) AllocSpace objects, 0(0B) LOS objects, 23% free, 51MB/67MB, paused 303us total 17.529ms
08-03 21:20:43.646 17925 18827 I art     : Starting a blocking GC Explicit
08-03 21:20:43.664 17925 18827 I art     : Explicit concurrent mark sweep GC freed 3(96B) AllocSpace objects, 0(0B) LOS objects, 23% free, 51MB/67MB, paused 298us total 17.707ms
08-03 21:20:43.672 17925 18827 I art     : Starting a blocking GC Explicit
08-03 21:20:43.689 17925 18827 I art     : Explicit concurrent mark sweep GC freed 3(96B) AllocSpace objects, 0(0B) LOS objects, 23% free, 51MB/67MB, paused 322us total 16.916ms
08-03 21:20:43.697 17925 18827 I art     : Starting a blocking GC Explicit
08-03 21:20:43.715 17925 18827 I art     : Explicit concurrent mark sweep GC freed 3(96B) AllocSpace objects, 0(0B) LOS objects, 23% free, 51MB/67MB, paused 306us total 17.409ms
08-03 21:20:43.787 18853 18853 D AndroidRuntime: >>>>>> START com.android.internal.os.RuntimeInit uid 2000 <<<<<<
08-03 21:20:43.792 18853 18853 D AndroidRuntime: CheckJNI is OFF
08-03 21:20:43.825 18853 18853 D ICU     : No timezone override file found: /data/misc/zoneinfo/current/icu/icu_tzdata.dat
08-03 21:20:43.859 18853 18853 I Radio-JNI: register_android_hardware_Radio DONE
08-03 21:20:43.880 18853 18853 D AndroidRuntime: Calling main entry com.android.commands.input.Input
08-03 21:20:43.882 18853 18853 I Input   : injectMotionEvent: MotionEvent { action=ACTION_DOWN, actionButton=0, id[0]=0, x[0]=733.0, y[0]=1370.0, toolType[0]=TOOL_TYPE_UNKNOWN, buttonState=0, metaState=0, flags=0x0, edgeFlags=0x0, pointerCount=1, historySize=0, eventTime=652860295, downTime=652860295, deviceId=0, source=0x1002 }
08-03 21:20:43.887 18853 18853 I Input   : injectMotionEvent: MotionEvent { action=ACTION_UP, actionButton=0, id[0]=0, x[0]=733.0, y[0]=1370.0, toolType[0]=TOOL_TYPE_UNKNOWN, buttonState=0, metaState=0, flags=0x0, edgeFlags=0x0, pointerCount=1, historySize=0, eventTime=652860295, downTime=652860295, deviceId=0, source=0x1002 }
08-03 21:20:43.888   918  6029 I ActivityManager: START u0 {cmp=baseline.appteam.nith.hillffair/.activities.ClubActivity (has extras)} from uid 10624 on display 0
08-03 21:20:43.898 18853 18853 D AndroidRuntime: Shutting down VM
08-03 21:20:43.982   918   936 I ActivityManager: Displayed baseline.appteam.nith.hillffair/.activities.ClubActivity: +84ms
08-03 21:20:43.982 13866 13866 I GoogleInputMethodServic: GoogleInputMethodService.onFinishInput():3138 
08-03 21:20:43.983 13866 13866 I GoogleInputMethodServic: GoogleInputMethodService.onStartInput():1808 
08-03 21:20:43.985 17925 18827 I art     : Starting a blocking GC Explicit
08-03 21:20:44.006 17925 18827 I art     : Explicit concurrent mark sweep GC freed 4896(284KB) AllocSpace objects, 1(20KB) LOS objects, 23% free, 52MB/68MB, paused 463us total 20.462ms
08-03 21:20:44.015 17925 18827 I art     : Starting a blocking GC Explicit
08-03 21:20:44.031 17925 18827 I art     : Explicit concurrent mark sweep GC freed 280(14KB) AllocSpace objects, 0(0B) LOS objects, 23% free, 52MB/68MB, paused 331us total 16.217ms
08-03 21:20:44.038 17925 18827 I art     : Starting a blocking GC Explicit
08-03 21:20:44.055 17925 18827 I art     : Explicit concurrent mark sweep GC freed 9(464B) AllocSpace objects, 0(0B) LOS objects, 23% free, 52MB/68MB, paused 347us total 15.963ms
08-03 21:20:44.063 17925 18827 I art     : Starting a blocking GC Explicit
08-03 21:20:44.081 17925 18827 I art     : Explicit concurrent mark sweep GC freed 3(96B) AllocSpace objects, 0(0B) LOS objects, 23% free, 52MB/68MB, paused 332us total 17.375ms
08-03 21:20:44.089 17925 18827 I art     : Starting a blocking GC Explicit
08-03 21:20:44.106 17925 18827 I art     : Explicit concurrent mark sweep GC freed 3(96B) AllocSpace objects, 0(0B) LOS objects, 23% free, 52MB/68MB, paused 324us total 17.133ms
08-03 21:20:44.213   380   380 W SurfaceFlinger: couldn't log to binary event log: overflow.
08-03 21:20:44.354 17925 18827 I art     : Starting a blocking GC Explicit
08-03 21:20:44.375 17925 18827 I art     : Explicit concurrent mark sweep GC freed 1445(84KB) AllocSpace objects, 1(20KB) LOS objects, 23% free, 52MB/68MB, paused 346us total 20.011ms
08-03 21:20:44.383 17925 18827 I art     : Starting a blocking GC Explicit
08-03 21:20:44.402 17925 18827 I art     : Explicit concurrent mark sweep GC freed 30(1088B) AllocSpace objects, 0(0B) LOS objects, 23% free, 52MB/68MB, paused 343us total 19.113ms
08-03 21:20:44.410 17925 18827 I art     : Starting a blocking GC Explicit
08-03 21:20:44.428 17925 18827 I art     : Explicit concurrent mark sweep GC freed 735(58KB) AllocSpace objects, 2(120KB) LOS objects, 23% free, 52MB/68MB, paused 527us total 17.612ms
08-03 21:20:44.435 17925 18827 I art     : Starting a blocking GC Explicit
08-03 21:20:44.451 17925 18913 D OkHttp  : --> GET https://api-hillfair-2k16.herokuapp.com/api/app/events/special/event?id=580655cddcba0f490c70fdd0 http/1.1
08-03 21:20:44.453 17925 18827 I art     : Explicit concurrent mark sweep GC freed 2122(83KB) AllocSpace objects, 0(0B) LOS objects, 23% free, 52MB/68MB, paused 415us total 17.742ms
08-03 21:20:44.461 17925 18827 I art     : Starting a blocking GC Explicit
08-03 21:20:44.479 17925 18827 I art     : Explicit concurrent mark sweep GC freed 698(108KB) AllocSpace objects, 1(80KB) LOS objects, 23% free, 52MB/68MB, paused 517us total 18.216ms
08-03 21:20:44.486 17925 18913 D OkHttp  : <-- 200 OK https://api-hillfair-2k16.herokuapp.com/api/app/events/special/event?id=580655cddcba0f490c70fdd0 (35ms, 721-byte body)
08-03 21:20:44.529 17925 17925 I NAPPA_EXPERIMENTATION: MetricNetworkRequestExecutionTime: REQUEST_DURATION_SYSTEM='605',REQUEST_DURATION_OKHTTP='35',REQUEST_SYNCHRONOUS='FALSE',RESPONSE_CODE='200',RESPONSE_METHOD='GET',RESPONSE_LENGTH_OKHTTP='721',RESPONSE_LENGTH_HEADER='721',REQUEST_PROTOCOL='http/1.1',REQUEST_URL='https://api-hillfair-2k16.herokuapp.com/api/app/events/special/event?id=580655cddcba0f490c70fdd0',
08-03 21:20:44.783 17925 18017 I art     : Starting a blocking GC Explicit
08-03 21:20:44.804 17925 18017 I art     : Explicit concurrent mark sweep GC freed 2175(203KB) AllocSpace objects, 1(20KB) LOS objects, 23% free, 52MB/68MB, paused 331us total 20.328ms
08-03 21:20:44.813 17925 18017 I art     : Starting a blocking GC Explicit
08-03 21:20:44.832 17925 18017 I art     : Explicit concurrent mark sweep GC freed 94(3KB) AllocSpace objects, 0(0B) LOS objects, 23% free, 52MB/68MB, paused 348us total 18.693ms
08-03 21:20:44.841 17925 18017 I art     : Starting a blocking GC Explicit
08-03 21:20:44.859 17925 18017 I art     : Explicit concurrent mark sweep GC freed 3(96B) AllocSpace objects, 0(0B) LOS objects, 23% free, 52MB/68MB, paused 325us total 18.746ms
08-03 21:20:44.860 17925 17936 I art     : WaitForGcToComplete blocked for 13.950ms for cause HeapTrim
08-03 21:20:44.868 17925 18017 I art     : Starting a blocking GC Explicit
08-03 21:20:44.886 17925 18017 I art     : Explicit concurrent mark sweep GC freed 3(96B) AllocSpace objects, 0(0B) LOS objects, 23% free, 52MB/68MB, paused 331us total 18.190ms
08-03 21:20:44.894 17925 18017 I art     : Starting a blocking GC Explicit
08-03 21:20:44.913 17925 18017 I art     : Explicit concurrent mark sweep GC freed 3(96B) AllocSpace objects, 0(0B) LOS objects, 23% free, 52MB/68MB, paused 406us total 18.765ms
08-03 21:20:45.199 17925 18034 I art     : Starting a blocking GC Explicit
08-03 21:20:45.224 17925 18034 I art     : Explicit concurrent mark sweep GC freed 1357(78KB) AllocSpace objects, 1(20KB) LOS objects, 23% free, 52MB/68MB, paused 354us total 24.770ms
08-03 21:20:45.233 17925 18034 I art     : Starting a blocking GC Explicit
08-03 21:20:45.253 17925 18034 I art     : Explicit concurrent mark sweep GC freed 20(704B) AllocSpace objects, 0(0B) LOS objects, 23% free, 52MB/68MB, paused 330us total 19.562ms
08-03 21:20:45.261 17925 18034 I art     : Starting a blocking GC Explicit
08-03 21:20:45.281 17925 18034 I art     : Explicit concurrent mark sweep GC freed 3(96B) AllocSpace objects, 0(0B) LOS objects, 23% free, 52MB/68MB, paused 361us total 19.349ms
08-03 21:20:45.290 17925 18034 I art     : Starting a blocking GC Explicit
08-03 21:20:45.309 17925 18034 I art     : Explicit concurrent mark sweep GC freed 3(96B) AllocSpace objects, 0(0B) LOS objects, 23% free, 52MB/68MB, paused 364us total 19.323ms
08-03 21:20:45.318 17925 18034 I art     : Starting a blocking GC Explicit
08-03 21:20:45.337 17925 18034 I art     : Explicit concurrent mark sweep GC freed 3(96B) AllocSpace objects, 0(0B) LOS objects, 23% free, 52MB/68MB, paused 390us total 19.001ms
08-03 21:20:45.627 17925 17938 I art     : Starting a blocking GC Explicit
08-03 21:20:45.649 17925 17938 I art     : Explicit concurrent mark sweep GC freed 1341(78KB) AllocSpace objects, 1(20KB) LOS objects, 23% free, 52MB/68MB, paused 349us total 22.291ms
08-03 21:20:45.661 17925 17938 I art     : Starting a blocking GC Explicit
08-03 21:20:45.681 17925 17938 I art     : Explicit concurrent mark sweep GC freed 20(704B) AllocSpace objects, 0(0B) LOS objects, 23% free, 52MB/68MB, paused 334us total 19.838ms
08-03 21:20:45.689 17925 17938 I art     : Starting a blocking GC Explicit
08-03 21:20:45.709 17925 17938 I art     : Explicit concurrent mark sweep GC freed 3(96B) AllocSpace objects, 0(0B) LOS objects, 23% free, 52MB/68MB, paused 372us total 19.580ms
08-03 21:20:45.718 17925 17938 I art     : Starting a blocking GC Explicit
08-03 21:20:45.738 17925 17938 I art     : Explicit concurrent mark sweep GC freed 3(96B) AllocSpace objects, 0(0B) LOS objects, 23% free, 52MB/68MB, paused 339us total 19.574ms
08-03 21:20:45.746 17925 17938 I art     : Starting a blocking GC Explicit
08-03 21:20:45.765 17925 17938 I art     : Explicit concurrent mark sweep GC freed 3(96B) AllocSpace objects, 0(0B) LOS objects, 23% free, 52MB/68MB, paused 332us total 18.807ms
08-03 21:20:46.085 17925 17937 I art     : Starting a blocking GC Explicit
08-03 21:20:46.113 17925 17937 I art     : Explicit concurrent mark sweep GC freed 1341(78KB) AllocSpace objects, 1(20KB) LOS objects, 23% free, 52MB/68MB, paused 590us total 27.603ms
08-03 21:20:46.127 17925 17937 I art     : Starting a blocking GC Explicit
08-03 21:20:46.147 17925 17937 I art     : Explicit concurrent mark sweep GC freed 20(704B) AllocSpace objects, 0(0B) LOS objects, 23% free, 52MB/68MB, paused 396us total 19.624ms
08-03 21:20:46.155 17925 17937 I art     : Starting a blocking GC Explicit
08-03 21:20:46.175 17925 17937 I art     : Explicit concurrent mark sweep GC freed 3(96B) AllocSpace objects, 0(0B) LOS objects, 23% free, 52MB/68MB, paused 363us total 19.353ms
08-03 21:20:46.184 17925 17937 I art     : Starting a blocking GC Explicit
08-03 21:20:46.203 17925 17937 I art     : Explicit concurrent mark sweep GC freed 3(96B) AllocSpace objects, 0(0B) LOS objects, 23% free, 52MB/68MB, paused 370us total 19.753ms
08-03 21:20:46.212 17925 17937 I art     : Starting a blocking GC Explicit
08-03 21:20:46.232 17925 17937 I art     : Explicit concurrent mark sweep GC freed 3(96B) AllocSpace objects, 0(0B) LOS objects, 23% free, 52MB/68MB, paused 334us total 19.924ms
08-03 21:20:46.536 17925 18017 I art     : Starting a blocking GC Explicit
08-03 21:20:46.560 17925 18017 I art     : Explicit concurrent mark sweep GC freed 1341(78KB) AllocSpace objects, 1(20KB) LOS objects, 23% free, 52MB/68MB, paused 362us total 23.881ms
08-03 21:20:46.571 17925 18017 I art     : Starting a blocking GC Explicit
08-03 21:20:46.590 17925 18017 I art     : Explicit concurrent mark sweep GC freed 20(704B) AllocSpace objects, 0(0B) LOS objects, 23% free, 52MB/68MB, paused 344us total 19.535ms
08-03 21:20:46.599 17925 18017 I art     : Starting a blocking GC Explicit
08-03 21:20:46.619 17925 18017 I art     : Explicit concurrent mark sweep GC freed 3(96B) AllocSpace objects, 0(0B) LOS objects, 23% free, 52MB/68MB, paused 350us total 19.501ms
08-03 21:20:46.627 17925 18017 I art     : Starting a blocking GC Explicit
08-03 21:20:46.647 17925 18017 I art     : Explicit concurrent mark sweep GC freed 3(96B) AllocSpace objects, 0(0B) LOS objects, 23% free, 52MB/68MB, paused 362us total 19.704ms
08-03 21:20:46.656 17925 18017 I art     : Starting a blocking GC Explicit
08-03 21:20:46.675 17925 18017 I art     : Explicit concurrent mark sweep GC freed 3(96B) AllocSpace objects, 0(0B) LOS objects, 23% free, 52MB/68MB, paused 329us total 19.223ms
08-03 21:20:46.996 17925 18827 I art     : Starting a blocking GC Explicit
08-03 21:20:47.021 17925 18827 I art     : Explicit concurrent mark sweep GC freed 1341(78KB) AllocSpace objects, 1(20KB) LOS objects, 23% free, 52MB/68MB, paused 436us total 24.360ms
08-03 21:20:47.032 17925 18827 I art     : Starting a blocking GC Explicit
08-03 21:20:47.051 17925 18827 I art     : Explicit concurrent mark sweep GC freed 20(704B) AllocSpace objects, 0(0B) LOS objects, 23% free, 52MB/68MB, paused 327us total 18.769ms
08-03 21:20:47.059 17925 18827 I art     : Starting a blocking GC Explicit
08-03 21:20:47.078 17925 18827 I art     : Explicit concurrent mark sweep GC freed 3(96B) AllocSpace objects, 0(0B) LOS objects, 23% free, 52MB/68MB, paused 351us total 18.552ms
08-03 21:20:47.087 17925 18827 I art     : Starting a blocking GC Explicit
08-03 21:20:47.106 17925 18827 I art     : Explicit concurrent mark sweep GC freed 3(96B) AllocSpace objects, 0(0B) LOS objects, 23% free, 52MB/68MB, paused 331us total 19.620ms
08-03 21:20:47.115 17925 18827 I art     : Starting a blocking GC Explicit
08-03 21:20:47.135 17925 18827 I art     : Explicit concurrent mark sweep GC freed 3(96B) AllocSpace objects, 0(0B) LOS objects, 23% free, 52MB/68MB, paused 327us total 19.323ms
08-03 21:20:47.456 17925 18034 I art     : Starting a blocking GC Explicit
08-03 21:20:47.481 17925 18034 I art     : Explicit concurrent mark sweep GC freed 1341(78KB) AllocSpace objects, 1(20KB) LOS objects, 23% free, 52MB/68MB, paused 351us total 24.200ms
08-03 21:20:47.493 17925 18034 I art     : Starting a blocking GC Explicit
08-03 21:20:47.515 17925 18034 I art     : Explicit concurrent mark sweep GC freed 20(704B) AllocSpace objects, 0(0B) LOS objects, 23% free, 52MB/68MB, paused 333us total 21.695ms
08-03 21:20:47.523 17925 18034 I art     : Starting a blocking GC Explicit
08-03 21:20:47.543 17925 18034 I art     : Explicit concurrent mark sweep GC freed 3(96B) AllocSpace objects, 0(0B) LOS objects, 23% free, 52MB/68MB, paused 329us total 19.739ms
08-03 21:20:47.552 17925 18034 I art     : Starting a blocking GC Explicit
08-03 21:20:47.571 17925 18034 I art     : Explicit concurrent mark sweep GC freed 3(96B) AllocSpace objects, 0(0B) LOS objects, 23% free, 52MB/68MB, paused 315us total 18.935ms
08-03 21:20:47.579 17925 18034 I art     : Starting a blocking GC Explicit
08-03 21:20:47.599 17925 18034 I art     : Explicit concurrent mark sweep GC freed 3(96B) AllocSpace objects, 0(0B) LOS objects, 23% free, 52MB/68MB, paused 326us total 19.212ms
08-03 21:20:47.914 17925 17938 I art     : Starting a blocking GC Explicit
08-03 21:20:47.938 17925 17938 I art     : Explicit concurrent mark sweep GC freed 1341(78KB) AllocSpace objects, 1(20KB) LOS objects, 23% free, 52MB/68MB, paused 369us total 24.201ms
08-03 21:20:47.950 17925 17938 I art     : Starting a blocking GC Explicit
08-03 21:20:47.972 17925 17938 I art     : Explicit concurrent mark sweep GC freed 20(704B) AllocSpace objects, 0(0B) LOS objects, 23% free, 52MB/68MB, paused 326us total 21.555ms
08-03 21:20:47.980 17925 17938 I art     : Starting a blocking GC Explicit
08-03 21:20:48.000 17925 17938 I art     : Explicit concurrent mark sweep GC freed 3(96B) AllocSpace objects, 0(0B) LOS objects, 23% free, 52MB/68MB, paused 331us total 19.310ms
08-03 21:20:48.008 17925 17938 I art     : Starting a blocking GC Explicit
08-03 21:20:48.028 17925 17938 I art     : Explicit concurrent mark sweep GC freed 3(96B) AllocSpace objects, 0(0B) LOS objects, 23% free, 52MB/68MB, paused 345us total 19.427ms
08-03 21:20:48.036 17925 17938 I art     : Starting a blocking GC Explicit
08-03 21:20:48.056 17925 17938 I art     : Explicit concurrent mark sweep GC freed 3(96B) AllocSpace objects, 0(0B) LOS objects, 23% free, 52MB/68MB, paused 332us total 19.314ms
08-03 21:20:48.323 17925 17937 I art     : Starting a blocking GC Explicit
08-03 21:20:48.342 17925 17937 I art     : Explicit concurrent mark sweep GC freed 1341(78KB) AllocSpace objects, 1(20KB) LOS objects, 23% free, 52MB/68MB, paused 346us total 19.118ms
08-03 21:20:48.351 17925 17937 I art     : Starting a blocking GC Explicit
08-03 21:20:48.369 17925 17937 I art     : Explicit concurrent mark sweep GC freed 20(704B) AllocSpace objects, 0(0B) LOS objects, 23% free, 52MB/68MB, paused 329us total 18.473ms
08-03 21:20:48.378 17925 17937 I art     : Starting a blocking GC Explicit
08-03 21:20:48.397 17925 17937 I art     : Explicit concurrent mark sweep GC freed 3(96B) AllocSpace objects, 0(0B) LOS objects, 23% free, 52MB/68MB, paused 330us total 18.624ms
08-03 21:20:48.404 17925 17937 I art     : Starting a blocking GC Explicit
08-03 21:20:48.423 17925 17937 I art     : Explicit concurrent mark sweep GC freed 3(96B) AllocSpace objects, 0(0B) LOS objects, 23% free, 52MB/68MB, paused 326us total 18.177ms
08-03 21:20:48.431 17925 17937 I art     : Starting a blocking GC Explicit
08-03 21:20:48.449 17925 17937 I art     : Explicit concurrent mark sweep GC freed 3(96B) AllocSpace objects, 0(0B) LOS objects, 23% free, 52MB/68MB, paused 329us total 18.014ms
08-03 21:20:48.599 19019 19019 D AndroidRuntime: >>>>>> START com.android.internal.os.RuntimeInit uid 2000 <<<<<<
08-03 21:20:48.606 19019 19019 D AndroidRuntime: CheckJNI is OFF
08-03 21:20:48.639 19019 19019 D ICU     : No timezone override file found: /data/misc/zoneinfo/current/icu/icu_tzdata.dat
08-03 21:20:48.672 19019 19019 I Radio-JNI: register_android_hardware_Radio DONE
08-03 21:20:48.694 19019 19019 D AndroidRuntime: Calling main entry com.android.commands.input.Input
08-03 21:20:48.695 19019 19019 I Input   : injectKeyEvent: KeyEvent { action=ACTION_DOWN, keyCode=KEYCODE_BACK, scanCode=0, metaState=0, flags=0x0, repeatCount=0, eventTime=652865108, downTime=652865108, deviceId=-1, source=0x101 }
08-03 21:20:48.702 19019 19019 I Input   : injectKeyEvent: KeyEvent { action=ACTION_UP, keyCode=KEYCODE_BACK, scanCode=0, metaState=0, flags=0x0, repeatCount=0, eventTime=652865108, downTime=652865108, deviceId=-1, source=0x101 }
08-03 21:20:48.707 19019 19019 D AndroidRuntime: Shutting down VM
08-03 21:20:48.744 13866 13866 I GoogleInputMethodServic: GoogleInputMethodService.onFinishInput():3138 
08-03 21:20:48.744 13866 13866 I GoogleInputMethodServic: GoogleInputMethodService.onStartInput():1808 
08-03 21:20:48.747 17925 17937 I art     : Starting a blocking GC Explicit
08-03 21:20:48.766 17925 17937 I art     : Explicit concurrent mark sweep GC freed 1510(85KB) AllocSpace objects, 1(20KB) LOS objects, 23% free, 52MB/68MB, paused 342us total 18.993ms
08-03 21:20:48.775 17925 17937 I art     : Starting a blocking GC Explicit
08-03 21:20:48.792 17925 17937 I art     : Explicit concurrent mark sweep GC freed 26(944B) AllocSpace objects, 0(0B) LOS objects, 23% free, 52MB/68MB, paused 320us total 17.078ms
08-03 21:20:48.800 17925 17937 I art     : Starting a blocking GC Explicit
08-03 21:20:48.816 17925 17937 I art     : Explicit concurrent mark sweep GC freed 4(144B) AllocSpace objects, 0(0B) LOS objects, 23% free, 52MB/68MB, paused 290us total 16.036ms
08-03 21:20:48.824 17925 17937 I art     : Starting a blocking GC Explicit
08-03 21:20:48.840 17925 17937 I art     : Explicit concurrent mark sweep GC freed 3(96B) AllocSpace objects, 0(0B) LOS objects, 23% free, 52MB/68MB, paused 294us total 16.196ms
08-03 21:20:48.847 17925 17937 I art     : Starting a blocking GC Explicit
08-03 21:20:48.865 17925 17937 I art     : Explicit concurrent mark sweep GC freed 3(96B) AllocSpace objects, 0(0B) LOS objects, 23% free, 52MB/68MB, paused 318us total 17.386ms
08-03 21:20:49.050   380   380 W SurfaceFlinger: couldn't log to binary event log: overflow.
08-03 21:20:49.121 17925 18017 I art     : Starting a blocking GC Explicit
08-03 21:20:49.139 17925 18017 I art     : Explicit concurrent mark sweep GC freed 1450(87KB) AllocSpace objects, 1(20KB) LOS objects, 23% free, 52MB/68MB, paused 332us total 18.074ms
08-03 21:20:49.147 17925 18017 I art     : Starting a blocking GC Explicit
08-03 21:20:49.165 17925 18017 I art     : Explicit concurrent mark sweep GC freed 1672(106KB) AllocSpace objects, 3(400KB) LOS objects, 23% free, 51MB/67MB, paused 331us total 17.813ms
08-03 21:20:49.173 17925 18017 I art     : Starting a blocking GC Explicit
08-03 21:20:49.191 17925 18017 I art     : Explicit concurrent mark sweep GC freed 3(96B) AllocSpace objects, 0(0B) LOS objects, 23% free, 51MB/67MB, paused 332us total 17.467ms
08-03 21:20:49.199 17925 18017 I art     : Starting a blocking GC Explicit
08-03 21:20:49.217 17925 18017 I art     : Explicit concurrent mark sweep GC freed 3(96B) AllocSpace objects, 0(0B) LOS objects, 23% free, 51MB/67MB, paused 384us total 17.781ms
08-03 21:20:49.225 17925 18017 I art     : Starting a blocking GC Explicit
08-03 21:20:49.243 17925 18017 I art     : Explicit concurrent mark sweep GC freed 3(96B) AllocSpace objects, 0(0B) LOS objects, 23% free, 51MB/67MB, paused 327us total 17.837ms
08-03 21:20:49.254 16351 16351 I ServiceManager: Waiting for service AtCmdFwd...
08-03 21:20:49.538 17925 18034 I art     : Starting a blocking GC Explicit
08-03 21:20:49.562 17925 18034 I art     : Explicit concurrent mark sweep GC freed 1341(78KB) AllocSpace objects, 1(20KB) LOS objects, 23% free, 51MB/67MB, paused 361us total 23.625ms
08-03 21:20:49.574 17925 18034 I art     : Starting a blocking GC Explicit
08-03 21:20:49.592 17925 18034 I art     : Explicit concurrent mark sweep GC freed 20(704B) AllocSpace objects, 0(0B) LOS objects, 23% free, 51MB/67MB, paused 309us total 18.364ms
08-03 21:20:49.600 17925 18034 I art     : Starting a blocking GC Explicit
08-03 21:20:49.619 17925 18034 I art     : Explicit concurrent mark sweep GC freed 3(96B) AllocSpace objects, 0(0B) LOS objects, 23% free, 51MB/67MB, paused 330us total 18.458ms
08-03 21:20:49.627 17925 18034 I art     : Starting a blocking GC Explicit
08-03 21:20:49.646 17925 18034 I art     : Explicit concurrent mark sweep GC freed 3(96B) AllocSpace objects, 0(0B) LOS objects, 23% free, 51MB/67MB, paused 323us total 18.630ms
08-03 21:20:49.655 17925 18034 I art     : Starting a blocking GC Explicit
08-03 21:20:49.673 17925 18034 I art     : Explicit concurrent mark sweep GC freed 3(96B) AllocSpace objects, 0(0B) LOS objects, 23% free, 51MB/67MB, paused 324us total 18.531ms
08-03 21:20:49.960 17925 17938 I art     : Starting a blocking GC Explicit
08-03 21:20:49.979 17925 17938 I art     : Explicit concurrent mark sweep GC freed 1340(78KB) AllocSpace objects, 1(20KB) LOS objects, 23% free, 51MB/67MB, paused 355us total 18.638ms
08-03 21:20:49.987 17925 17938 I art     : Starting a blocking GC Explicit
08-03 21:20:50.006 17925 17938 I art     : Explicit concurrent mark sweep GC freed 20(704B) AllocSpace objects, 0(0B) LOS objects, 23% free, 51MB/67MB, paused 337us total 18.423ms
08-03 21:20:50.015 17925 17938 I art     : Starting a blocking GC Explicit
08-03 21:20:50.032 17925 17938 I art     : Explicit concurrent mark sweep GC freed 3(96B) AllocSpace objects, 0(0B) LOS objects, 23% free, 51MB/67MB, paused 371us total 17.347ms
08-03 21:20:50.040 17925 17938 I art     : Starting a blocking GC Explicit
08-03 21:20:50.058 17925 17938 I art     : Explicit concurrent mark sweep GC freed 3(96B) AllocSpace objects, 0(0B) LOS objects, 23% free, 51MB/67MB, paused 364us total 17.739ms
08-03 21:20:50.066 17925 17938 I art     : Starting a blocking GC Explicit
08-03 21:20:50.084 17925 17938 I art     : Explicit concurrent mark sweep GC freed 3(96B) AllocSpace objects, 0(0B) LOS objects, 23% free, 51MB/67MB, paused 325us total 17.004ms
08-03 21:20:50.254 16351 16351 I ServiceManager: Waiting for service AtCmdFwd...
08-03 21:20:50.342 19082 19082 D AndroidRuntime: >>>>>> START com.android.internal.os.RuntimeInit uid 2000 <<<<<<
08-03 21:20:50.348 19082 19082 D AndroidRuntime: CheckJNI is OFF
08-03 21:20:50.362 17925 18827 I art     : Starting a blocking GC Explicit
08-03 21:20:50.381 17925 18827 I art     : Explicit concurrent mark sweep GC freed 1340(78KB) AllocSpace objects, 1(20KB) LOS objects, 23% free, 51MB/67MB, paused 388us total 18.498ms
08-03 21:20:50.383 19082 19082 D ICU     : No timezone override file found: /data/misc/zoneinfo/current/icu/icu_tzdata.dat
08-03 21:20:50.389 17925 18827 I art     : Starting a blocking GC Explicit
08-03 21:20:50.408 17925 18827 I art     : Explicit concurrent mark sweep GC freed 20(704B) AllocSpace objects, 0(0B) LOS objects, 23% free, 51MB/67MB, paused 371us total 18.206ms
08-03 21:20:50.416 17925 18827 I art     : Starting a blocking GC Explicit
08-03 21:20:50.417 19082 19082 I Radio-JNI: register_android_hardware_Radio DONE
08-03 21:20:50.433 17925 18827 I art     : Explicit concurrent mark sweep GC freed 3(96B) AllocSpace objects, 0(0B) LOS objects, 23% free, 51MB/67MB, paused 327us total 16.587ms
08-03 21:20:50.439 19082 19082 D AndroidRuntime: Calling main entry com.android.commands.input.Input
08-03 21:20:50.440 17925 18827 I art     : Starting a blocking GC Explicit
08-03 21:20:50.440 19082 19082 I Input   : injectMotionEvent: MotionEvent { action=ACTION_DOWN, actionButton=0, id[0]=0, x[0]=733.0, y[0]=1957.0, toolType[0]=TOOL_TYPE_UNKNOWN, buttonState=0, metaState=0, flags=0x0, edgeFlags=0x0, pointerCount=1, historySize=0, eventTime=652866853, downTime=652866853, deviceId=0, source=0x1002 }
08-03 21:20:50.445 19082 19082 I Input   : injectMotionEvent: MotionEvent { action=ACTION_UP, actionButton=0, id[0]=0, x[0]=733.0, y[0]=1957.0, toolType[0]=TOOL_TYPE_UNKNOWN, buttonState=0, metaState=0, flags=0x0, edgeFlags=0x0, pointerCount=1, historySize=0, eventTime=652866853, downTime=652866853, deviceId=0, source=0x1002 }
08-03 21:20:50.447   918  3961 I ActivityManager: START u0 {cmp=baseline.appteam.nith.hillffair/.activities.ClubActivity (has extras)} from uid 10624 on display 0
08-03 21:20:50.457 17925 18827 I art     : Explicit concurrent mark sweep GC freed 3(96B) AllocSpace objects, 0(0B) LOS objects, 23% free, 51MB/67MB, paused 562us total 16.469ms
08-03 21:20:50.461 19082 19082 D AndroidRuntime: Shutting down VM
08-03 21:20:50.465 17925 18827 I art     : Starting a blocking GC Explicit
08-03 21:20:50.483 17925 18827 I art     : Explicit concurrent mark sweep GC freed 697(52KB) AllocSpace objects, 0(0B) LOS objects, 23% free, 51MB/67MB, paused 595us total 17.760ms
08-03 21:20:50.560   918   936 I ActivityManager: Displayed baseline.appteam.nith.hillffair/.activities.ClubActivity: +103ms
08-03 21:20:50.563 13866 13866 I GoogleInputMethodServic: GoogleInputMethodService.onFinishInput():3138 
08-03 21:20:50.563 13866 13866 I GoogleInputMethodServic: GoogleInputMethodService.onStartInput():1808 
08-03 21:20:50.736 17925 18827 I art     : Starting a blocking GC Explicit
08-03 21:20:50.763 17925 18827 I art     : Explicit concurrent mark sweep GC freed 4465(249KB) AllocSpace objects, 1(20KB) LOS objects, 23% free, 51MB/67MB, paused 407us total 26.426ms
08-03 21:20:50.775 17925 18827 I art     : Starting a blocking GC Explicit
08-03 21:20:50.799 17925 18827 I art     : Explicit concurrent mark sweep GC freed 99(4KB) AllocSpace objects, 0(0B) LOS objects, 23% free, 51MB/67MB, paused 382us total 23.603ms
08-03 21:20:50.810 17925 18827 I art     : Starting a blocking GC Explicit
08-03 21:20:50.819   380   380 W SurfaceFlinger: couldn't log to binary event log: overflow.
08-03 21:20:50.832 17925 18827 I art     : Explicit concurrent mark sweep GC freed 3(96B) AllocSpace objects, 0(0B) LOS objects, 23% free, 51MB/67MB, paused 366us total 22.060ms
08-03 21:20:50.841 17925 18827 I art     : Starting a blocking GC Explicit
08-03 21:20:50.858 17925 18827 I art     : Explicit concurrent mark sweep GC freed 3(96B) AllocSpace objects, 0(0B) LOS objects, 23% free, 51MB/67MB, paused 337us total 16.827ms
08-03 21:20:50.865 17925 18827 I art     : Starting a blocking GC Explicit
08-03 21:20:50.882 17925 18827 I art     : Explicit concurrent mark sweep GC freed 3(96B) AllocSpace objects, 0(0B) LOS objects, 23% free, 51MB/67MB, paused 366us total 16.425ms
08-03 21:20:51.009 17925 19105 D OkHttp  : --> GET https://api-hillfair-2k16.herokuapp.com/api/app/events/special/event?id=58065620dcba0f490c70fe09 http/1.1
08-03 21:20:51.047 17925 19105 D OkHttp  : <-- 200 OK https://api-hillfair-2k16.herokuapp.com/api/app/events/special/event?id=58065620dcba0f490c70fe09 (38ms, 682-byte body)
08-03 21:20:51.056   518   646 I ThermalEngine: ACTION: GPU - Setting GPU[0] to 450000000
08-03 21:20:51.104 17925 17925 I NAPPA_EXPERIMENTATION: MetricNetworkRequestExecutionTime: REQUEST_DURATION_SYSTEM='618',REQUEST_DURATION_OKHTTP='38',REQUEST_SYNCHRONOUS='FALSE',RESPONSE_CODE='200',RESPONSE_METHOD='GET',RESPONSE_LENGTH_OKHTTP='682',RESPONSE_LENGTH_HEADER='682',REQUEST_PROTOCOL='http/1.1',REQUEST_URL='https://api-hillfair-2k16.herokuapp.com/api/app/events/special/event?id=58065620dcba0f490c70fe09',
08-03 21:20:51.162   918  3261 D WifiStateMachine: starting scan for "H369AA63323"WPA_PSK with 2412,5180
08-03 21:20:51.166 17925 17937 I art     : Starting a blocking GC Explicit
08-03 21:20:51.192 17925 17937 I art     : Explicit concurrent mark sweep GC freed 4900(343KB) AllocSpace objects, 4(220KB) LOS objects, 23% free, 52MB/68MB, paused 443us total 25.741ms
08-03 21:20:51.203 17925 17937 I art     : Starting a blocking GC Explicit
08-03 21:20:51.227 17925 17937 I art     : Explicit concurrent mark sweep GC freed 1035(119KB) AllocSpace objects, 0(0B) LOS objects, 23% free, 52MB/68MB, paused 539us total 23.745ms
08-03 21:20:51.239 17925 17937 I art     : Starting a blocking GC Explicit
08-03 21:20:51.255 16351 16351 I ServiceManager: Waiting for service AtCmdFwd...
08-03 21:20:51.263 17925 17937 I art     : Explicit concurrent mark sweep GC freed 3(96B) AllocSpace objects, 0(0B) LOS objects, 23% free, 52MB/68MB, paused 466us total 23.423ms
08-03 21:20:51.273 17925 17937 I art     : Starting a blocking GC Explicit
