--------- beginning of main
08-03 19:32:31.706 22913 22913 D AndroidRuntime: >>>>>> START com.android.internal.os.RuntimeInit uid 2000 <<<<<<
08-03 19:32:31.712 22913 22913 D AndroidRuntime: CheckJNI is OFF
08-03 19:32:31.743 22913 22913 D ICU     : No timezone override file found: /data/misc/zoneinfo/current/icu/icu_tzdata.dat
08-03 19:32:31.776 22913 22913 I Radio-JNI: register_android_hardware_Radio DONE
08-03 19:32:31.794 22913 22913 D AndroidRuntime: Calling main entry com.android.commands.monkey.Monkey
--------- beginning of system
08-03 19:32:31.811   918   931 W BroadcastQueue: Skipping deliver [background] BroadcastRecord{5d7a1c5 u-1 android.net.conn.CONNECTIVITY_CHANGE} to ReceiverList{947f24b 22913 (unknown name)/2000/u-1 remote:c3d622f}: process crashing
08-03 19:32:31.822   918  6111 I ActivityManager: START u0 {act=android.intent.action.MAIN cat=[android.intent.category.LAUNCHER] flg=0x10200000 cmp=baseline.appteam.nith.hillffair/.activities.SplashActivity} from uid 2000 on display 0
08-03 19:32:31.857 22923 22923 I art     : Late-enabling -Xcheck:jni
08-03 19:32:31.858   918  3359 I ActivityManager: Start proc 22923:baseline.appteam.nith.hillffair/u0a624 for activity baseline.appteam.nith.hillffair/.activities.SplashActivity
08-03 19:32:31.875 22913 22913 I art     : System.exit called, status: 0
08-03 19:32:31.875 22913 22913 I AndroidRuntime: VM exiting with result code 0.
08-03 19:32:31.930  6202 13515 I PBSessionCacheImpl: Deleted sessionId[27278280657311515] from persistence.
08-03 19:32:31.937  6202  6241 W SearchServiceCore: Abort, client detached.
08-03 19:32:31.938  6202  6241 I MicroDetectionState: Should stop hotword detection immediately - true
08-03 19:32:31.965 22923 22923 W System  : ClassLoader referenced unknown path: /data/app/baseline.appteam.nith.hillffair-1/lib/arm64
08-03 19:32:31.995 22816 22816 I ServiceManager: Waiting for service AtCmdFwd...
08-03 19:32:32.087 22923 22923 W OneSignal: GCM Library detected, please upgrade to Firebase FCM library as GCM is deprecated!
08-03 19:32:32.214 22923 22923 W art     : Before Android 4.1, method android.graphics.PorterDuffColorFilter androidx.vectordrawable.graphics.drawable.VectorDrawableCompat.updateTintFilter(android.graphics.PorterDuffColorFilter, android.content.res.ColorStateList, android.graphics.PorterDuff$Mode) would have incorrectly overridden the package-private method in android.graphics.drawable.Drawable
08-03 19:32:32.260 22923 22923 I art     : Rejecting re-init on previously-failed class java.lang.Class<androidx.core.view.ViewCompat$2>
08-03 19:32:32.260 22923 22923 I art     : Rejecting re-init on previously-failed class java.lang.Class<androidx.core.view.ViewCompat$2>
08-03 19:32:32.367 22923 22949 D OpenGLRenderer: Use EGL_SWAP_BEHAVIOR_PRESERVED: true
08-03 19:32:32.413 22923 22949 I Adreno  : QUALCOMM build                   : fcf4852, I1af360237c
08-03 19:32:32.413 22923 22949 I Adreno  : Build Date                       : 09/23/15
08-03 19:32:32.413 22923 22949 I Adreno  : OpenGL ES Shader Compiler Version: XE031.05.13.02
08-03 19:32:32.413 22923 22949 I Adreno  : Local Branch                     : mybranch14465806
08-03 19:32:32.413 22923 22949 I Adreno  : Remote Branch                    : quic/LA.BF64.1.2.9_v2
08-03 19:32:32.413 22923 22949 I Adreno  : Remote Branch                    : NONE
08-03 19:32:32.413 22923 22949 I Adreno  : Reconstruct Branch               : NOTHING
08-03 19:32:32.418 22923 22949 I OpenGLRenderer: Initialized EGL, version 1.4
08-03 19:32:32.456 13866 13866 I GoogleInputMethodServic: GoogleInputMethodService.onFinishInput():3138 
08-03 19:32:32.458 13866 13866 I GoogleInputMethodServic: GoogleInputMethodService.onStartInput():1808 
08-03 19:32:32.509   918   936 I ActivityManager: Displayed baseline.appteam.nith.hillffair/.activities.SplashActivity: +680ms
08-03 19:32:32.675 22923 22959 W GCM     : GCM SDK is deprecated, baseline.appteam.nith.hillffair should update to use FCM
08-03 19:32:32.712 24365 23406 W Conscrypt: Could not set socket write timeout: java.net.SocketException: Socket closed
08-03 19:32:32.712 24365 23406 E art     : invalid stream - problem with parameter iterator in /data/app/com.google.android.gms-2/base.apk:classes3.dex for method void com.google.android.gms.org.conscrypt.ConscryptFileDescriptorSocket.setSoWriteTimeout(int)
08-03 19:32:32.712 24365 23406 W Conscrypt: 	at com.google.android.gms.org.conscrypt.Platform.setSocketWriteTimeout(:com.google.android.gms@202614019@20.26.14 (040400-320008519):2)
08-03 19:32:32.712 24365 23406 W Conscrypt: 	at com.google.android.gms.org.conscrypt.ConscryptFileDescriptorSocket.setSoWriteTimeout(:com.google.android.gms@202614019@20.26.14 (040400-320008519))
08-03 19:32:32.730 24365 23406 W Conscrypt: Could not set socket write timeout: java.net.SocketException: Socket closed
08-03 19:32:32.731 24365 23406 E art     : invalid stream - problem with parameter iterator in /data/app/com.google.android.gms-2/base.apk:classes3.dex for method void com.google.android.gms.org.conscrypt.ConscryptFileDescriptorSocket.setSoWriteTimeout(int)
08-03 19:32:32.731 24365 23406 W Conscrypt: 	at com.google.android.gms.org.conscrypt.Platform.setSocketWriteTimeout(:com.google.android.gms@202614019@20.26.14 (040400-320008519):2)
08-03 19:32:32.731 24365 23406 W Conscrypt: 	at com.google.android.gms.org.conscrypt.ConscryptFileDescriptorSocket.setSoWriteTimeout(:com.google.android.gms@202614019@20.26.14 (040400-320008519))
08-03 19:32:32.790 24365 23406 W Conscrypt: Could not set socket write timeout: java.net.SocketException: Socket closed
08-03 19:32:32.791 24365 23406 E art     : invalid stream - problem with parameter iterator in /data/app/com.google.android.gms-2/base.apk:classes3.dex for method void com.google.android.gms.org.conscrypt.ConscryptFileDescriptorSocket.setSoWriteTimeout(int)
08-03 19:32:32.791 24365 23406 W Conscrypt: 	at com.google.android.gms.org.conscrypt.Platform.setSocketWriteTimeout(:com.google.android.gms@202614019@20.26.14 (040400-320008519):2)
08-03 19:32:32.791 24365 23406 W Conscrypt: 	at com.google.android.gms.org.conscrypt.ConscryptFileDescriptorSocket.setSoWriteTimeout(:com.google.android.gms@202614019@20.26.14 (040400-320008519))
08-03 19:32:32.809 24365 23406 W Conscrypt: Could not set socket write timeout: java.net.SocketException: Socket closed
08-03 19:32:32.809 24365 23406 E art     : invalid stream - problem with parameter iterator in /data/app/com.google.android.gms-2/base.apk:classes3.dex for method void com.google.android.gms.org.conscrypt.ConscryptFileDescriptorSocket.setSoWriteTimeout(int)
08-03 19:32:32.810 24365 23406 W Conscrypt: 	at com.google.android.gms.org.conscrypt.Platform.setSocketWriteTimeout(:com.google.android.gms@202614019@20.26.14 (040400-320008519):2)
08-03 19:32:32.810 24365 23406 W Conscrypt: 	at com.google.android.gms.org.conscrypt.ConscryptFileDescriptorSocket.setSoWriteTimeout(:com.google.android.gms@202614019@20.26.14 (040400-320008519))
08-03 19:32:32.985 22923 22959 E OneSignal: Error Getting GCM Token
08-03 19:32:32.985 22923 22959 E OneSignal: java.io.IOException: INVALID_SENDER
08-03 19:32:32.985 22923 22959 E OneSignal: 	at com.google.android.gms.gcm.GoogleCloudMessaging.zzd(Unknown Source)
08-03 19:32:32.985 22923 22959 E OneSignal: 	at com.google.android.gms.gcm.GoogleCloudMessaging.register(Unknown Source)
08-03 19:32:32.985 22923 22959 E OneSignal: 	at com.onesignal.PushRegistratorGCM.getToken(PushRegistratorGCM.java:42)
08-03 19:32:32.985 22923 22959 E OneSignal: 	at com.onesignal.PushRegistratorAbstractGoogle.attemptRegistration(PushRegistratorAbstractGoogle.java:97)
08-03 19:32:32.985 22923 22959 E OneSignal: 	at com.onesignal.PushRegistratorAbstractGoogle.access$100(PushRegistratorAbstractGoogle.java:37)
08-03 19:32:32.985 22923 22959 E OneSignal: 	at com.onesignal.PushRegistratorAbstractGoogle$1.run(PushRegistratorAbstractGoogle.java:84)
08-03 19:32:32.985 22923 22959 E OneSignal: 	at java.lang.Thread.run(Thread.java:818)
08-03 19:32:32.996 22816 22816 I ServiceManager: Waiting for service AtCmdFwd...
08-03 19:32:33.000 22923 22969 I art     : Rejecting re-init on previously-failed class java.lang.Class<com.onesignal.OneSignalChromeTab$OneSignalCustomTabsServiceConnection>
08-03 19:32:33.000 22923 22969 I art     : Rejecting re-init on previously-failed class java.lang.Class<com.onesignal.OneSignalChromeTab$OneSignalCustomTabsServiceConnection>
08-03 19:32:33.417 22973 22973 D AndroidRuntime: >>>>>> START com.android.internal.os.RuntimeInit uid 2000 <<<<<<
08-03 19:32:33.423 22973 22973 D AndroidRuntime: CheckJNI is OFF
08-03 19:32:33.455 22973 22973 D ICU     : No timezone override file found: /data/misc/zoneinfo/current/icu/icu_tzdata.dat
08-03 19:32:33.488 22973 22973 I Radio-JNI: register_android_hardware_Radio DONE
08-03 19:32:33.506 22973 22973 D AndroidRuntime: Calling main entry com.android.commands.am.Am
08-03 19:32:33.517 29687 29687 I Trepn   : Trepn 6.2s: Received intent: com.quicinc.trepn.start_profiling
08-03 19:32:33.623 29687 29687 W FileUtils: Failed to chmod(/storage/emulated/0/trepn/Trepn_2020.08.03_193233.db): android.system.ErrnoException: chmod failed: EPERM (Operation not permitted)
08-03 19:32:33.697 29687 29687 I Trepn   : Trepn 6.2s: Trepn has Started Profiling.
08-03 19:32:33.698 22973 22973 D AndroidRuntime: Shutting down VM
08-03 19:32:33.837   918  5952 I ActivityManager: START u0 {cmp=baseline.appteam.nith.hillffair/.activities.WelcomeActivity} from uid 10624 on display 0
08-03 19:32:33.868   918   928 I ActivityManager: START u0 {cmp=baseline.appteam.nith.hillffair/.activities.HomeActivity} from uid 10624 on display 0
08-03 19:32:33.876   918   928 W ActivityManager: Duplicate finish request for ActivityRecord{82b5a59 u0 baseline.appteam.nith.hillffair/.activities.WelcomeActivity t3735 f}
08-03 19:32:33.996 22816 22816 I ServiceManager: Waiting for service AtCmdFwd...
08-03 19:32:34.087 22923 22956 I art     : Starting a blocking GC Explicit
08-03 19:32:34.102 22923 22956 I art     : Explicit concurrent mark sweep GC freed 1873(290KB) AllocSpace objects, 0(0B) LOS objects, 26% free, 45MB/61MB, paused 276us total 14.704ms
08-03 19:32:34.108 22923 22956 I art     : Starting a blocking GC Explicit
08-03 19:32:34.119 22923 22956 I art     : Explicit concurrent mark sweep GC freed 227(51KB) AllocSpace objects, 0(0B) LOS objects, 26% free, 45MB/61MB, paused 593us total 11.092ms
08-03 19:32:34.124 22923 22956 I art     : Starting a blocking GC Explicit
08-03 19:32:34.136 22923 22956 I art     : Explicit concurrent mark sweep GC freed 562(52KB) AllocSpace objects, 0(0B) LOS objects, 26% free, 45MB/61MB, paused 169us total 11.202ms
08-03 19:32:34.141 22923 22956 I art     : Starting a blocking GC Explicit
08-03 19:32:34.151 22923 22956 I art     : Explicit concurrent mark sweep GC freed 29(4KB) AllocSpace objects, 0(0B) LOS objects, 26% free, 45MB/61MB, paused 140us total 9.773ms
08-03 19:32:34.157 22923 22956 I art     : Starting a blocking GC Explicit
08-03 19:32:34.167 22923 22956 I art     : Explicit concurrent mark sweep GC freed 64(10KB) AllocSpace objects, 0(0B) LOS objects, 26% free, 45MB/61MB, paused 349us total 10.670ms
08-03 19:32:34.309   918   936 I ActivityManager: Displayed baseline.appteam.nith.hillffair/.activities.HomeActivity: +389ms (total +456ms)
08-03 19:32:34.309 13866 13866 I GoogleInputMethodServic: GoogleInputMethodService.onFinishInput():3138 
08-03 19:32:34.310 13866 13866 I GoogleInputMethodServic: GoogleInputMethodService.onStartInput():1808 
08-03 19:32:34.409 22923 22936 I art     : Starting a blocking GC Explicit
08-03 19:32:34.421 22923 22936 I art     : Explicit concurrent mark sweep GC freed 2252(255KB) AllocSpace objects, 1(20KB) LOS objects, 24% free, 48MB/64MB, paused 150us total 11.004ms
08-03 19:32:34.426 22923 22936 I art     : Starting a blocking GC Explicit
08-03 19:32:34.440 22923 22936 I art     : Explicit concurrent mark sweep GC freed 1220(81KB) AllocSpace objects, 0(0B) LOS objects, 25% free, 47MB/63MB, paused 159us total 12.971ms
08-03 19:32:34.447 22923 22936 I art     : Starting a blocking GC Explicit
08-03 19:32:34.460 22923 22936 I art     : Explicit concurrent mark sweep GC freed 3(96B) AllocSpace objects, 0(0B) LOS objects, 25% free, 47MB/63MB, paused 166us total 12.775ms
08-03 19:32:34.467 22923 22936 I art     : Starting a blocking GC Explicit
08-03 19:32:34.481 22923 22936 I art     : Explicit concurrent mark sweep GC freed 3(96B) AllocSpace objects, 0(0B) LOS objects, 25% free, 47MB/63MB, paused 142us total 13.976ms
08-03 19:32:34.488 22923 22936 I art     : Starting a blocking GC Explicit
08-03 19:32:34.501 22923 22936 I art     : Explicit concurrent mark sweep GC freed 3(96B) AllocSpace objects, 0(0B) LOS objects, 25% free, 47MB/63MB, paused 168us total 12.971ms
08-03 19:32:34.557   380   380 W SurfaceFlinger: couldn't log to binary event log: overflow.
08-03 19:32:34.778 22923 22936 I art     : Starting a blocking GC Explicit
08-03 19:32:34.790 22923 22936 I art     : Explicit concurrent mark sweep GC freed 2015(113KB) AllocSpace objects, 1(20KB) LOS objects, 25% free, 47MB/63MB, paused 148us total 11.895ms
08-03 19:32:34.795 22923 22936 I art     : Starting a blocking GC Explicit
08-03 19:32:34.807 22923 22936 I art     : Explicit concurrent mark sweep GC freed 907(59KB) AllocSpace objects, 0(0B) LOS objects, 25% free, 47MB/63MB, paused 164us total 11.420ms
08-03 19:32:34.813 22923 22936 I art     : Starting a blocking GC Explicit
08-03 19:32:34.824 22923 22936 I art     : Explicit concurrent mark sweep GC freed 3(96B) AllocSpace objects, 0(0B) LOS objects, 25% free, 47MB/63MB, paused 147us total 11.094ms
08-03 19:32:34.830 22923 22936 I art     : Starting a blocking GC Explicit
08-03 19:32:34.841 22923 22936 I art     : Explicit concurrent mark sweep GC freed 3(96B) AllocSpace objects, 0(0B) LOS objects, 25% free, 47MB/63MB, paused 154us total 10.762ms
08-03 19:32:34.847 22923 22936 I art     : Starting a blocking GC Explicit
08-03 19:32:34.858 22923 22936 I art     : Explicit concurrent mark sweep GC freed 3(96B) AllocSpace objects, 0(0B) LOS objects, 25% free, 47MB/63MB, paused 156us total 10.466ms
08-03 19:32:34.997 22816 22816 I ServiceManager: Waiting for service AtCmdFwd...
08-03 19:32:35.140 22923 22956 I art     : Starting a blocking GC Explicit
08-03 19:32:35.158 22923 22956 I art     : Explicit concurrent mark sweep GC freed 1342(78KB) AllocSpace objects, 1(20KB) LOS objects, 25% free, 47MB/63MB, paused 340us total 17.727ms
08-03 19:32:35.167 22923 22956 I art     : Starting a blocking GC Explicit
08-03 19:32:35.183 22923 22956 I art     : Explicit concurrent mark sweep GC freed 20(704B) AllocSpace objects, 0(0B) LOS objects, 25% free, 47MB/63MB, paused 166us total 14.814ms
08-03 19:32:35.193 22923 22956 I art     : Starting a blocking GC Explicit
08-03 19:32:35.205 22923 22956 I art     : Explicit concurrent mark sweep GC freed 3(96B) AllocSpace objects, 0(0B) LOS objects, 25% free, 47MB/63MB, paused 150us total 11.949ms
08-03 19:32:35.211 22923 22956 I art     : Starting a blocking GC Explicit
08-03 19:32:35.223 22923 22956 I art     : Explicit concurrent mark sweep GC freed 3(96B) AllocSpace objects, 0(0B) LOS objects, 25% free, 47MB/63MB, paused 146us total 11.643ms
08-03 19:32:35.229 22923 22956 I art     : Starting a blocking GC Explicit
08-03 19:32:35.240 22923 22956 I art     : Explicit concurrent mark sweep GC freed 3(96B) AllocSpace objects, 0(0B) LOS objects, 25% free, 47MB/63MB, paused 140us total 11.186ms
08-03 19:32:35.539 22923 22934 I art     : Starting a blocking GC Explicit
08-03 19:32:35.553 22923 22934 I art     : Explicit concurrent mark sweep GC freed 1341(78KB) AllocSpace objects, 1(20KB) LOS objects, 25% free, 47MB/63MB, paused 145us total 13.437ms
08-03 19:32:35.559 22923 22934 I art     : Starting a blocking GC Explicit
08-03 19:32:35.572 22923 22934 I art     : Explicit concurrent mark sweep GC freed 20(704B) AllocSpace objects, 0(0B) LOS objects, 25% free, 47MB/63MB, paused 148us total 12.192ms
08-03 19:32:35.578 22923 22934 I art     : Starting a blocking GC Explicit
08-03 19:32:35.590 22923 22934 I art     : Explicit concurrent mark sweep GC freed 3(96B) AllocSpace objects, 0(0B) LOS objects, 25% free, 47MB/63MB, paused 148us total 11.653ms
08-03 19:32:35.596 22923 22934 I art     : Starting a blocking GC Explicit
08-03 19:32:35.608 22923 22934 I art     : Explicit concurrent mark sweep GC freed 3(96B) AllocSpace objects, 0(0B) LOS objects, 25% free, 47MB/63MB, paused 143us total 11.367ms
08-03 19:32:35.614 22923 22934 I art     : Starting a blocking GC Explicit
08-03 19:32:35.625 22923 22934 I art     : Explicit concurrent mark sweep GC freed 3(96B) AllocSpace objects, 0(0B) LOS objects, 25% free, 47MB/63MB, paused 135us total 11.293ms
08-03 19:32:35.932 22923 22936 I art     : Starting a blocking GC Explicit
08-03 19:32:35.947 22923 22936 I art     : Explicit concurrent mark sweep GC freed 1339(78KB) AllocSpace objects, 1(20KB) LOS objects, 25% free, 47MB/63MB, paused 204us total 14.347ms
08-03 19:32:35.957 22923 22936 I art     : Starting a blocking GC Explicit
08-03 19:32:35.969 22923 22936 I art     : Explicit concurrent mark sweep GC freed 20(704B) AllocSpace objects, 0(0B) LOS objects, 25% free, 47MB/63MB, paused 155us total 11.971ms
08-03 19:32:35.975 22923 22936 I art     : Starting a blocking GC Explicit
08-03 19:32:35.986 22923 22936 I art     : Explicit concurrent mark sweep GC freed 3(96B) AllocSpace objects, 0(0B) LOS objects, 25% free, 47MB/63MB, paused 157us total 10.820ms
08-03 19:32:35.992 22923 22936 I art     : Starting a blocking GC Explicit
08-03 19:32:35.997 22816 22816 I ServiceManager: Waiting for service AtCmdFwd...
08-03 19:32:36.003 22923 22936 I art     : Explicit concurrent mark sweep GC freed 3(96B) AllocSpace objects, 0(0B) LOS objects, 25% free, 47MB/63MB, paused 156us total 10.985ms
08-03 19:32:36.009 22923 22936 I art     : Starting a blocking GC Explicit
08-03 19:32:36.021 22923 22936 I art     : Explicit concurrent mark sweep GC freed 3(96B) AllocSpace objects, 0(0B) LOS objects, 25% free, 47MB/63MB, paused 152us total 11.472ms
08-03 19:32:36.329 22923 22956 I art     : Starting a blocking GC Explicit
08-03 19:32:36.349 22923 22956 I art     : Explicit concurrent mark sweep GC freed 1339(78KB) AllocSpace objects, 1(20KB) LOS objects, 25% free, 47MB/63MB, paused 175us total 18.981ms
08-03 19:32:36.358 22923 22956 I art     : Starting a blocking GC Explicit
08-03 19:32:36.374 22923 22956 I art     : Explicit concurrent mark sweep GC freed 20(704B) AllocSpace objects, 0(0B) LOS objects, 25% free, 47MB/63MB, paused 169us total 14.974ms
08-03 19:32:36.382 22923 22956 I art     : Starting a blocking GC Explicit
08-03 19:32:36.394 22923 22956 I art     : Explicit concurrent mark sweep GC freed 3(96B) AllocSpace objects, 0(0B) LOS objects, 25% free, 47MB/63MB, paused 153us total 11.875ms
08-03 19:32:36.400 22923 22956 I art     : Starting a blocking GC Explicit
08-03 19:32:36.413 22923 22956 I art     : Explicit concurrent mark sweep GC freed 3(96B) AllocSpace objects, 0(0B) LOS objects, 25% free, 47MB/63MB, paused 147us total 11.899ms
08-03 19:32:36.419 22923 22956 I art     : Starting a blocking GC Explicit
08-03 19:32:36.430 22923 22956 I art     : Explicit concurrent mark sweep GC freed 3(96B) AllocSpace objects, 0(0B) LOS objects, 25% free, 47MB/63MB, paused 138us total 11.311ms
08-03 19:32:36.731 22923 22934 I art     : Starting a blocking GC Explicit
08-03 19:32:36.745 22923 22934 I art     : Explicit concurrent mark sweep GC freed 1339(78KB) AllocSpace objects, 1(20KB) LOS objects, 25% free, 47MB/63MB, paused 166us total 13.778ms
08-03 19:32:36.753 22923 22934 I art     : Starting a blocking GC Explicit
08-03 19:32:36.768 22923 22934 I art     : Explicit concurrent mark sweep GC freed 20(704B) AllocSpace objects, 0(0B) LOS objects, 25% free, 47MB/63MB, paused 164us total 14.932ms
08-03 19:32:36.777 22923 22934 I art     : Starting a blocking GC Explicit
08-03 19:32:36.789 22923 22934 I art     : Explicit concurrent mark sweep GC freed 3(96B) AllocSpace objects, 0(0B) LOS objects, 25% free, 47MB/63MB, paused 142us total 11.900ms
08-03 19:32:36.796 22923 22934 I art     : Starting a blocking GC Explicit
08-03 19:32:36.808 22923 22934 I art     : Explicit concurrent mark sweep GC freed 3(96B) AllocSpace objects, 0(0B) LOS objects, 25% free, 47MB/63MB, paused 140us total 11.786ms
08-03 19:32:36.814 22923 22934 I art     : Starting a blocking GC Explicit
08-03 19:32:36.826 22923 22934 I art     : Explicit concurrent mark sweep GC freed 3(96B) AllocSpace objects, 0(0B) LOS objects, 25% free, 47MB/63MB, paused 144us total 11.599ms
08-03 19:32:36.998 22816 22816 W Atfwd_Sendcmd: AtCmdFwd service not published, waiting... retryCnt : 5
08-03 19:32:37.143 22923 22936 I art     : Starting a blocking GC Explicit
08-03 19:32:37.160 22923 22936 I art     : Explicit concurrent mark sweep GC freed 1339(78KB) AllocSpace objects, 1(20KB) LOS objects, 25% free, 47MB/63MB, paused 197us total 17.440ms
08-03 19:32:37.170 22923 22936 I art     : Starting a blocking GC Explicit
08-03 19:32:37.185 22923 22936 I art     : Explicit concurrent mark sweep GC freed 20(704B) AllocSpace objects, 0(0B) LOS objects, 25% free, 47MB/63MB, paused 176us total 14.286ms
08-03 19:32:37.193 22923 22936 I art     : Starting a blocking GC Explicit
08-03 19:32:37.205 22923 22936 I art     : Explicit concurrent mark sweep GC freed 3(96B) AllocSpace objects, 0(0B) LOS objects, 25% free, 47MB/63MB, paused 161us total 11.764ms
08-03 19:32:37.211 22923 22936 I art     : Starting a blocking GC Explicit
08-03 19:32:37.223 22923 22936 I art     : Explicit concurrent mark sweep GC freed 3(96B) AllocSpace objects, 0(0B) LOS objects, 25% free, 47MB/63MB, paused 158us total 11.726ms
08-03 19:32:37.229 22923 22936 I art     : Starting a blocking GC Explicit
08-03 19:32:37.241 22923 22936 I art     : Explicit concurrent mark sweep GC freed 3(96B) AllocSpace objects, 0(0B) LOS objects, 25% free, 47MB/63MB, paused 159us total 11.608ms
08-03 19:32:37.514 22923 22956 I art     : Starting a blocking GC Explicit
08-03 19:32:37.529 22923 22956 I art     : Explicit concurrent mark sweep GC freed 1338(78KB) AllocSpace objects, 1(20KB) LOS objects, 25% free, 47MB/63MB, paused 179us total 14.953ms
08-03 19:32:37.541 22923 22956 I art     : Starting a blocking GC Explicit
08-03 19:32:37.553 22923 22956 I art     : Explicit concurrent mark sweep GC freed 20(704B) AllocSpace objects, 0(0B) LOS objects, 25% free, 47MB/63MB, paused 153us total 11.725ms
08-03 19:32:37.559 22923 22956 I art     : Starting a blocking GC Explicit
08-03 19:32:37.570 22923 22956 I art     : Explicit concurrent mark sweep GC freed 3(96B) AllocSpace objects, 0(0B) LOS objects, 25% free, 47MB/63MB, paused 149us total 11.336ms
08-03 19:32:37.576 22923 22956 I art     : Starting a blocking GC Explicit
08-03 19:32:37.588 22923 22956 I art     : Explicit concurrent mark sweep GC freed 3(96B) AllocSpace objects, 0(0B) LOS objects, 25% free, 47MB/63MB, paused 145us total 11.378ms
08-03 19:32:37.594 22923 22956 I art     : Starting a blocking GC Explicit
08-03 19:32:37.606 22923 22956 I art     : Explicit concurrent mark sweep GC freed 3(96B) AllocSpace objects, 0(0B) LOS objects, 25% free, 47MB/63MB, paused 155us total 11.801ms
08-03 19:32:37.861 22923 22934 I art     : Starting a blocking GC Explicit
08-03 19:32:37.874 22923 22934 I art     : Explicit concurrent mark sweep GC freed 1339(78KB) AllocSpace objects, 1(20KB) LOS objects, 25% free, 47MB/63MB, paused 165us total 12.828ms
08-03 19:32:37.880 22923 22934 I art     : Starting a blocking GC Explicit
08-03 19:32:37.892 22923 22934 I art     : Explicit concurrent mark sweep GC freed 20(704B) AllocSpace objects, 0(0B) LOS objects, 25% free, 47MB/63MB, paused 140us total 11.607ms
08-03 19:32:37.898 22923 22934 I art     : Starting a blocking GC Explicit
08-03 19:32:37.908 22923 22934 I art     : Explicit concurrent mark sweep GC freed 3(96B) AllocSpace objects, 0(0B) LOS objects, 25% free, 47MB/63MB, paused 125us total 9.678ms
08-03 19:32:37.913 22923 22934 I art     : Starting a blocking GC Explicit
08-03 19:32:37.923 22923 22934 I art     : Explicit concurrent mark sweep GC freed 3(96B) AllocSpace objects, 0(0B) LOS objects, 25% free, 47MB/63MB, paused 130us total 9.667ms
08-03 19:32:37.928 22923 22934 I art     : Starting a blocking GC Explicit
08-03 19:32:37.938 22923 22934 I art     : Explicit concurrent mark sweep GC freed 3(96B) AllocSpace objects, 0(0B) LOS objects, 25% free, 47MB/63MB, paused 134us total 9.820ms
08-03 19:32:38.126 22923 23129 W OneSignal: OneSignalRestClient: POST Error thrown from network stack. 
08-03 19:32:38.126 22923 23129 W OneSignal: java.io.IOException: unexpected end of stream on Connection{api.onesignal.com:443, proxy=HTTP@192.168.2.12:8080 hostAddress=192.168.2.12 cipherSuite=TLS_ECDHE_RSA_WITH_AES_128_GCM_SHA256 protocol=http/1.1} (recycle count=1)
08-03 19:32:38.126 22923 23129 W OneSignal: 	at com.android.okhttp.internal.http.HttpConnection.readResponse(HttpConnection.java:210)
08-03 19:32:38.126 22923 23129 W OneSignal: 	at com.android.okhttp.internal.http.HttpTransport.readResponseHeaders(HttpTransport.java:80)
08-03 19:32:38.126 22923 23129 W OneSignal: 	at com.android.okhttp.internal.http.HttpEngine.readNetworkResponse(HttpEngine.java:904)
08-03 19:32:38.126 22923 23129 W OneSignal: 	at com.android.okhttp.internal.http.HttpEngine.readResponse(HttpEngine.java:788)
08-03 19:32:38.126 22923 23129 W OneSignal: 	at com.android.okhttp.internal.huc.HttpURLConnectionImpl.execute(HttpURLConnectionImpl.java:439)
08-03 19:32:38.126 22923 23129 W OneSignal: 	at com.android.okhttp.internal.huc.HttpURLConnectionImpl.getResponse(HttpURLConnectionImpl.java:384)
08-03 19:32:38.126 22923 23129 W OneSignal: 	at com.android.okhttp.internal.huc.HttpURLConnectionImpl.getResponseCode(HttpURLConnectionImpl.java:497)
08-03 19:32:38.126 22923 23129 W OneSignal: 	at com.android.okhttp.internal.huc.DelegatingHttpsURLConnection.getResponseCode(DelegatingHttpsURLConnection.java:105)
08-03 19:32:38.126 22923 23129 W OneSignal: 	at com.android.okhttp.internal.huc.HttpsURLConnectionImpl.getResponseCode(HttpsURLConnectionImpl.java)
08-03 19:32:38.126 22923 23129 W OneSignal: 	at com.onesignal.OneSignalRestClient.startHTTPConnection(OneSignalRestClient.java:180)
08-03 19:32:38.126 22923 23129 W OneSignal: 	at com.onesignal.OneSignalRestClient.access$100(OneSignalRestClient.java:44)
08-03 19:32:38.126 22923 23129 W OneSignal: 	at com.onesignal.OneSignalRestClient$4.run(OneSignalRestClient.java:110)
08-03 19:32:38.126 22923 23129 W OneSignal: 	at java.lang.Thread.run(Thread.java:818)
08-03 19:32:38.126 22923 23129 W OneSignal: Caused by: java.io.EOFException: \n not found: size=0 content=...
08-03 19:32:38.126 22923 23129 W OneSignal: 	at com.android.okhttp.okio.RealBufferedSource.readUtf8LineStrict(RealBufferedSource.java:200)
08-03 19:32:38.126 22923 23129 W OneSignal: 	at com.android.okhttp.internal.http.HttpConnection.readResponse(HttpConnection.java:191)
08-03 19:32:38.126 22923 23129 W OneSignal: 	... 12 more
08-03 19:32:38.127 22923 23136 W OneSignal: Failed last request. statusCode: -1
08-03 19:32:38.127 22923 23136 W OneSignal: response: null
08-03 19:32:38.223 22923 22936 I art     : Starting a blocking GC Explicit
08-03 19:32:38.240 22923 22936 I art     : Explicit concurrent mark sweep GC freed 1975(154KB) AllocSpace objects, 1(20KB) LOS objects, 25% free, 47MB/63MB, paused 180us total 16.588ms
08-03 19:32:38.246 22923 22936 I art     : Starting a blocking GC Explicit
08-03 19:32:38.258 22923 22936 I art     : Explicit concurrent mark sweep GC freed 30(1168B) AllocSpace objects, 0(0B) LOS objects, 25% free, 47MB/63MB, paused 151us total 11.844ms
08-03 19:32:38.265 22923 22936 I art     : Starting a blocking GC Explicit
08-03 19:32:38.276 22923 22936 I art     : Explicit concurrent mark sweep GC freed 3(96B) AllocSpace objects, 0(0B) LOS objects, 25% free, 47MB/63MB, paused 154us total 10.868ms
08-03 19:32:38.282 22923 22936 I art     : Starting a blocking GC Explicit
08-03 19:32:38.293 22923 22936 I art     : Explicit concurrent mark sweep GC freed 3(96B) AllocSpace objects, 0(0B) LOS objects, 25% free, 47MB/63MB, paused 150us total 10.617ms
08-03 19:32:38.298 22923 22936 I art     : Starting a blocking GC Explicit
08-03 19:32:38.309 22923 22936 I art     : Explicit concurrent mark sweep GC freed 3(96B) AllocSpace objects, 0(0B) LOS objects, 25% free, 47MB/63MB, paused 149us total 10.768ms
08-03 19:32:38.576 22923 22956 I art     : Starting a blocking GC Explicit
08-03 19:32:38.589 22923 22956 I art     : Explicit concurrent mark sweep GC freed 1339(78KB) AllocSpace objects, 1(20KB) LOS objects, 25% free, 47MB/63MB, paused 158us total 12.087ms
08-03 19:32:38.595 22923 22956 I art     : Starting a blocking GC Explicit
08-03 19:32:38.606 22923 22956 I art     : Explicit concurrent mark sweep GC freed 20(704B) AllocSpace objects, 0(0B) LOS objects, 25% free, 47MB/63MB, paused 149us total 11.080ms
08-03 19:32:38.612 22923 22956 I art     : Starting a blocking GC Explicit
08-03 19:32:38.623 22923 22956 I art     : Explicit concurrent mark sweep GC freed 3(96B) AllocSpace objects, 0(0B) LOS objects, 25% free, 47MB/63MB, paused 155us total 11.059ms
08-03 19:32:38.629 23144 23144 D AndroidRuntime: >>>>>> START com.android.internal.os.RuntimeInit uid 2000 <<<<<<
08-03 19:32:38.630 22923 22956 I art     : Starting a blocking GC Explicit
08-03 19:32:38.634 23144 23144 D AndroidRuntime: CheckJNI is OFF
08-03 19:32:38.640 22923 22956 I art     : Explicit concurrent mark sweep GC freed 3(96B) AllocSpace objects, 0(0B) LOS objects, 25% free, 47MB/63MB, paused 141us total 10.708ms
08-03 19:32:38.646 22923 22956 I art     : Starting a blocking GC Explicit
08-03 19:32:38.656 22923 22956 I art     : Explicit concurrent mark sweep GC freed 3(96B) AllocSpace objects, 0(0B) LOS objects, 25% free, 47MB/63MB, paused 150us total 10.011ms
08-03 19:32:38.659 23144 23144 D ICU     : No timezone override file found: /data/misc/zoneinfo/current/icu/icu_tzdata.dat
08-03 19:32:38.683 23144 23144 I Radio-JNI: register_android_hardware_Radio DONE
08-03 19:32:38.698 23144 23144 D AndroidRuntime: Calling main entry com.android.commands.input.Input
08-03 19:32:38.699 23144 23144 I Input   : injectMotionEvent: MotionEvent { action=ACTION_DOWN, actionButton=0, id[0]=0, x[0]=337.0, y[0]=1104.0, toolType[0]=TOOL_TYPE_UNKNOWN, buttonState=0, metaState=0, flags=0x0, edgeFlags=0x0, pointerCount=1, historySize=0, eventTime=646375112, downTime=646375112, deviceId=0, source=0x1002 }
08-03 19:32:38.705 23144 23144 I Input   : injectMotionEvent: MotionEvent { action=ACTION_UP, actionButton=0, id[0]=0, x[0]=337.0, y[0]=1104.0, toolType[0]=TOOL_TYPE_UNKNOWN, buttonState=0, metaState=0, flags=0x0, edgeFlags=0x0, pointerCount=1, historySize=0, eventTime=646375112, downTime=646375112, deviceId=0, source=0x1002 }
08-03 19:32:38.706   918  5132 I ActivityManager: START u0 {cmp=baseline.appteam.nith.hillffair/.activities.BattleDayActivity} from uid 10624 on display 0
08-03 19:32:38.718 23144 23144 D AndroidRuntime: Shutting down VM
08-03 19:32:38.830 13866 13866 I GoogleInputMethodServic: GoogleInputMethodService.onFinishInput():3138 
08-03 19:32:38.831 13866 13866 I GoogleInputMethodServic: GoogleInputMethodService.onStartInput():1808 
08-03 19:32:38.861   918   936 I ActivityManager: Displayed baseline.appteam.nith.hillffair/.activities.BattleDayActivity: +144ms
08-03 19:32:38.864 22923 22934 I art     : Starting a blocking GC Explicit
08-03 19:32:38.879 22923 22934 I art     : Explicit concurrent mark sweep GC freed 8944(584KB) AllocSpace objects, 1(20KB) LOS objects, 24% free, 48MB/64MB, paused 225us total 14.682ms
08-03 19:32:38.889 22923 22934 I art     : Starting a blocking GC Explicit
08-03 19:32:38.904 22923 22934 I art     : Explicit concurrent mark sweep GC freed 269(11KB) AllocSpace objects, 0(0B) LOS objects, 24% free, 48MB/64MB, paused 182us total 14.700ms
08-03 19:32:38.911 22923 22934 I art     : Starting a blocking GC Explicit
08-03 19:32:38.922 22923 22934 I art     : Explicit concurrent mark sweep GC freed 3(96B) AllocSpace objects, 0(0B) LOS objects, 24% free, 48MB/64MB, paused 183us total 11.224ms
08-03 19:32:38.928 22923 22934 I art     : Starting a blocking GC Explicit
08-03 19:32:38.940 22923 22934 I art     : Explicit concurrent mark sweep GC freed 3(96B) AllocSpace objects, 0(0B) LOS objects, 24% free, 48MB/64MB, paused 181us total 11.396ms
08-03 19:32:38.946 22923 22934 I art     : Starting a blocking GC Explicit
08-03 19:32:38.958 22923 22934 I art     : Explicit concurrent mark sweep GC freed 3(96B) AllocSpace objects, 0(0B) LOS objects, 24% free, 48MB/64MB, paused 182us total 12.018ms
08-03 19:32:39.123   380   380 W SurfaceFlinger: couldn't log to binary event log: overflow.
08-03 19:32:39.204 22923 22956 I art     : Starting a blocking GC Explicit
08-03 19:32:39.217 22923 22956 I art     : Explicit concurrent mark sweep GC freed 1388(80KB) AllocSpace objects, 1(20KB) LOS objects, 24% free, 48MB/64MB, paused 221us total 12.112ms
08-03 19:32:39.223 22923 22956 I art     : Starting a blocking GC Explicit
08-03 19:32:39.235 22923 22956 I art     : Explicit concurrent mark sweep GC freed 949(70KB) AllocSpace objects, 2(120KB) LOS objects, 24% free, 48MB/64MB, paused 286us total 11.725ms
08-03 19:32:39.240 22923 22956 I art     : Starting a blocking GC Explicit
08-03 19:32:39.252 22923 22956 I art     : Explicit concurrent mark sweep GC freed 2145(85KB) AllocSpace objects, 0(0B) LOS objects, 24% free, 48MB/64MB, paused 173us total 11.275ms
08-03 19:32:39.257 22923 23169 D OkHttp  : --> GET https://api-hillfair-2k16.herokuapp.com/api/app/events/special http/1.1
08-03 19:32:39.257 22923 22956 I art     : Starting a blocking GC Explicit
08-03 19:32:39.268 22923 22956 I art     : Explicit concurrent mark sweep GC freed 592(106KB) AllocSpace objects, 1(80KB) LOS objects, 24% free, 48MB/64MB, paused 175us total 10.674ms
08-03 19:32:39.273 22923 22956 I art     : Starting a blocking GC Explicit
08-03 19:32:39.284 22923 22956 I art     : Explicit concurrent mark sweep GC freed 20(832B) AllocSpace objects, 0(0B) LOS objects, 24% free, 48MB/64MB, paused 173us total 10.636ms
08-03 19:32:39.301 22923 23169 D OkHttp  : <-- 200 OK https://api-hillfair-2k16.herokuapp.com/api/app/events/special (43ms, 554-byte body)
08-03 19:32:39.346 22923 22923 I NAPPA_EXPERIMENTATION: MetricNetworkRequestExecutionTime: REQUEST_DURATION_SYSTEM='569',REQUEST_DURATION_OKHTTP='43',REQUEST_SYNCHRONOUS='FALSE',RESPONSE_CODE='200',RESPONSE_METHOD='GET',RESPONSE_LENGTH_OKHTTP='554',RESPONSE_LENGTH_HEADER='554',REQUEST_PROTOCOL='http/1.1',REQUEST_URL='https://api-hillfair-2k16.herokuapp.com/api/app/events/special',
08-03 19:32:39.526 22923 22956 I art     : Starting a blocking GC Explicit
08-03 19:32:39.540 22923 22956 I art     : Explicit concurrent mark sweep GC freed 3251(240KB) AllocSpace objects, 1(20KB) LOS objects, 24% free, 48MB/64MB, paused 274us total 13.772ms
08-03 19:32:39.545 22923 22956 I art     : Starting a blocking GC Explicit
08-03 19:32:39.559 22923 22956 I art     : Explicit concurrent mark sweep GC freed 169(6KB) AllocSpace objects, 0(0B) LOS objects, 24% free, 48MB/64MB, paused 275us total 13.516ms
08-03 19:32:39.565 22923 22956 I art     : Starting a blocking GC Explicit
08-03 19:32:39.579 22923 22956 I art     : Explicit concurrent mark sweep GC freed 3(96B) AllocSpace objects, 0(0B) LOS objects, 24% free, 48MB/64MB, paused 285us total 13.494ms
08-03 19:32:39.585 22923 22956 I art     : Starting a blocking GC Explicit
08-03 19:32:39.599 22923 22956 I art     : Explicit concurrent mark sweep GC freed 3(96B) AllocSpace objects, 0(0B) LOS objects, 24% free, 48MB/64MB, paused 273us total 13.533ms
08-03 19:32:39.605 22923 22956 I art     : Starting a blocking GC Explicit
08-03 19:32:39.618 22923 22956 I art     : Explicit concurrent mark sweep GC freed 3(96B) AllocSpace objects, 0(0B) LOS objects, 24% free, 48MB/64MB, paused 281us total 13.301ms
08-03 19:32:39.881 22923 22934 I art     : Starting a blocking GC Explicit
08-03 19:32:39.899 22923 22934 I art     : Explicit concurrent mark sweep GC freed 8791(373KB) AllocSpace objects, 1(20KB) LOS objects, 24% free, 48MB/64MB, paused 347us total 17.016ms
08-03 19:32:39.906 22923 22934 I art     : Starting a blocking GC Explicit
08-03 19:32:39.920 22923 22934 I art     : Explicit concurrent mark sweep GC freed 192(6KB) AllocSpace objects, 0(0B) LOS objects, 24% free, 48MB/64MB, paused 266us total 14.327ms
08-03 19:32:39.927 22923 22934 I art     : Starting a blocking GC Explicit
08-03 19:32:39.941 22923 22934 I art     : Explicit concurrent mark sweep GC freed 3(96B) AllocSpace objects, 0(0B) LOS objects, 24% free, 48MB/64MB, paused 284us total 14.441ms
08-03 19:32:39.948 22923 22934 I art     : Starting a blocking GC Explicit
08-03 19:32:39.962 22923 22934 I art     : Explicit concurrent mark sweep GC freed 267(31KB) AllocSpace objects, 0(0B) LOS objects, 24% free, 49MB/65MB, paused 464us total 14.006ms
08-03 19:32:39.969 22923 22934 I art     : Starting a blocking GC Explicit
08-03 19:32:39.982 22923 22934 I art     : Explicit concurrent mark sweep GC freed 352(74KB) AllocSpace objects, 0(0B) LOS objects, 23% free, 51MB/67MB, paused 270us total 13.173ms
08-03 19:32:40.241 22923 22936 I art     : Starting a blocking GC Explicit
08-03 19:32:40.261 22923 22936 I art     : Explicit concurrent mark sweep GC freed 1513(168KB) AllocSpace objects, 1(20KB) LOS objects, 23% free, 52MB/68MB, paused 260us total 19.679ms
08-03 19:32:40.271 22923 22936 I art     : Starting a blocking GC Explicit
08-03 19:32:40.285 22923 22936 I art     : Explicit concurrent mark sweep GC freed 55(1984B) AllocSpace objects, 0(0B) LOS objects, 23% free, 52MB/68MB, paused 223us total 14.162ms
08-03 19:32:40.292 22923 22936 I art     : Starting a blocking GC Explicit
08-03 19:32:40.306 22923 22936 I art     : Explicit concurrent mark sweep GC freed 3(96B) AllocSpace objects, 0(0B) LOS objects, 23% free, 52MB/68MB, paused 219us total 14.545ms
08-03 19:32:40.313 22923 22936 I art     : Starting a blocking GC Explicit
08-03 19:32:40.327 22923 22936 I art     : Explicit concurrent mark sweep GC freed 3(96B) AllocSpace objects, 0(0B) LOS objects, 23% free, 52MB/68MB, paused 229us total 14.033ms
08-03 19:32:40.334 22923 22936 I art     : Starting a blocking GC Explicit
08-03 19:32:40.348 22923 22936 I art     : Explicit concurrent mark sweep GC freed 3(96B) AllocSpace objects, 0(0B) LOS objects, 23% free, 52MB/68MB, paused 222us total 14.353ms
08-03 19:32:40.666 22923 23189 I art     : Starting a blocking GC Explicit
08-03 19:32:40.687 22923 23189 I art     : Explicit concurrent mark sweep GC freed 1340(78KB) AllocSpace objects, 1(20KB) LOS objects, 23% free, 52MB/68MB, paused 263us total 20.237ms
08-03 19:32:40.696 22923 23189 I art     : Starting a blocking GC Explicit
08-03 19:32:40.711 22923 23189 I art     : Explicit concurrent mark sweep GC freed 20(704B) AllocSpace objects, 0(0B) LOS objects, 23% free, 52MB/68MB, paused 225us total 14.423ms
08-03 19:32:40.718 22923 23189 I art     : Starting a blocking GC Explicit
08-03 19:32:40.732 22923 23189 I art     : Explicit concurrent mark sweep GC freed 3(96B) AllocSpace objects, 0(0B) LOS objects, 23% free, 52MB/68MB, paused 202us total 14.145ms
08-03 19:32:40.739 22923 23189 I art     : Starting a blocking GC Explicit
08-03 19:32:40.753 22923 23189 I art     : Explicit concurrent mark sweep GC freed 3(96B) AllocSpace objects, 0(0B) LOS objects, 23% free, 52MB/68MB, paused 211us total 13.998ms
08-03 19:32:40.759 22923 23189 I art     : Starting a blocking GC Explicit
08-03 19:32:40.774 22923 23189 I art     : Explicit concurrent mark sweep GC freed 3(96B) AllocSpace objects, 0(0B) LOS objects, 23% free, 52MB/68MB, paused 277us total 14.232ms
08-03 19:32:41.085 22923 22956 I art     : Starting a blocking GC Explicit
08-03 19:32:41.106 22923 22956 I art     : Explicit concurrent mark sweep GC freed 1340(78KB) AllocSpace objects, 1(20KB) LOS objects, 23% free, 52MB/68MB, paused 256us total 20.274ms
08-03 19:32:41.121 22923 22956 I art     : Starting a blocking GC Explicit
08-03 19:32:41.135 22923 22956 I art     : Explicit concurrent mark sweep GC freed 20(704B) AllocSpace objects, 0(0B) LOS objects, 23% free, 52MB/68MB, paused 211us total 14.239ms
08-03 19:32:41.141 22923 22956 I art     : Starting a blocking GC Explicit
08-03 19:32:41.155 22923 22956 I art     : Explicit concurrent mark sweep GC freed 3(96B) AllocSpace objects, 0(0B) LOS objects, 23% free, 52MB/68MB, paused 211us total 13.646ms
08-03 19:32:41.162 22923 22956 I art     : Starting a blocking GC Explicit
08-03 19:32:41.175 22923 22956 I art     : Explicit concurrent mark sweep GC freed 3(96B) AllocSpace objects, 0(0B) LOS objects, 23% free, 52MB/68MB, paused 204us total 13.686ms
08-03 19:32:41.182 22923 22956 I art     : Starting a blocking GC Explicit
08-03 19:32:41.195 22923 22956 I art     : Explicit concurrent mark sweep GC freed 3(96B) AllocSpace objects, 0(0B) LOS objects, 23% free, 52MB/68MB, paused 199us total 13.381ms
08-03 19:32:41.505 22923 22934 I art     : Starting a blocking GC Explicit
08-03 19:32:41.523 22923 22934 I art     : Explicit concurrent mark sweep GC freed 1340(78KB) AllocSpace objects, 1(20KB) LOS objects, 23% free, 52MB/68MB, paused 259us total 18.064ms
08-03 19:32:41.534 22923 22934 I art     : Starting a blocking GC Explicit
08-03 19:32:41.548 22923 22934 I art     : Explicit concurrent mark sweep GC freed 20(704B) AllocSpace objects, 0(0B) LOS objects, 23% free, 52MB/68MB, paused 211us total 14.544ms
08-03 19:32:41.555 22923 22934 I art     : Starting a blocking GC Explicit
08-03 19:32:41.569 22923 22934 I art     : Explicit concurrent mark sweep GC freed 3(96B) AllocSpace objects, 0(0B) LOS objects, 23% free, 52MB/68MB, paused 239us total 13.836ms
08-03 19:32:41.575 22923 22934 I art     : Starting a blocking GC Explicit
08-03 19:32:41.590 22923 22934 I art     : Explicit concurrent mark sweep GC freed 3(96B) AllocSpace objects, 0(0B) LOS objects, 23% free, 52MB/68MB, paused 213us total 14.048ms
08-03 19:32:41.596 22923 22934 I art     : Starting a blocking GC Explicit
08-03 19:32:41.610 22923 22934 I art     : Explicit concurrent mark sweep GC freed 3(96B) AllocSpace objects, 0(0B) LOS objects, 23% free, 52MB/68MB, paused 198us total 13.627ms
08-03 19:32:41.931 22923 22936 I art     : Starting a blocking GC Explicit
08-03 19:32:41.952 22923 22936 I art     : Explicit concurrent mark sweep GC freed 1340(78KB) AllocSpace objects, 1(20KB) LOS objects, 23% free, 52MB/68MB, paused 254us total 20.451ms
08-03 19:32:41.961 22923 22936 I art     : Starting a blocking GC Explicit
08-03 19:32:41.975 22923 22936 I art     : Explicit concurrent mark sweep GC freed 20(704B) AllocSpace objects, 0(0B) LOS objects, 23% free, 52MB/68MB, paused 216us total 14.649ms
08-03 19:32:41.982 22923 22936 I art     : Starting a blocking GC Explicit
08-03 19:32:41.997 22923 22936 I art     : Explicit concurrent mark sweep GC freed 3(96B) AllocSpace objects, 0(0B) LOS objects, 23% free, 52MB/68MB, paused 271us total 14.316ms
08-03 19:32:42.003 22923 22936 I art     : Starting a blocking GC Explicit
08-03 19:32:42.017 22923 22936 I art     : Explicit concurrent mark sweep GC freed 3(96B) AllocSpace objects, 0(0B) LOS objects, 23% free, 52MB/68MB, paused 225us total 14.076ms
08-03 19:32:42.024 22923 22936 I art     : Starting a blocking GC Explicit
08-03 19:32:42.037 22923 22936 I art     : Explicit concurrent mark sweep GC freed 3(96B) AllocSpace objects, 0(0B) LOS objects, 23% free, 52MB/68MB, paused 205us total 13.232ms
08-03 19:32:42.354 22923 23189 I art     : Starting a blocking GC Explicit
08-03 19:32:42.375 22923 23189 I art     : Explicit concurrent mark sweep GC freed 1340(78KB) AllocSpace objects, 1(20KB) LOS objects, 23% free, 52MB/68MB, paused 251us total 20.308ms
08-03 19:32:42.385 22923 23189 I art     : Starting a blocking GC Explicit
08-03 19:32:42.403 22923 23189 I art     : Explicit concurrent mark sweep GC freed 20(704B) AllocSpace objects, 0(0B) LOS objects, 23% free, 52MB/68MB, paused 232us total 17.642ms
08-03 19:32:42.412 22923 23189 I art     : Starting a blocking GC Explicit
08-03 19:32:42.426 22923 23189 I art     : Explicit concurrent mark sweep GC freed 3(96B) AllocSpace objects, 0(0B) LOS objects, 23% free, 52MB/68MB, paused 219us total 14.422ms
08-03 19:32:42.433 22923 23189 I art     : Starting a blocking GC Explicit
08-03 19:32:42.447 22923 23189 I art     : Explicit concurrent mark sweep GC freed 3(96B) AllocSpace objects, 0(0B) LOS objects, 23% free, 52MB/68MB, paused 220us total 14.310ms
08-03 19:32:42.454 22923 23189 I art     : Starting a blocking GC Explicit
08-03 19:32:42.468 22923 23189 I art     : Explicit concurrent mark sweep GC freed 3(96B) AllocSpace objects, 0(0B) LOS objects, 23% free, 52MB/68MB, paused 207us total 13.860ms
08-03 19:32:42.477   518   646 I ThermalEngine: ACTION: GPU - Setting GPU[0] to 510000000
08-03 19:32:42.777 22923 22956 I art     : Starting a blocking GC Explicit
08-03 19:32:42.799 22923 22956 I art     : Explicit concurrent mark sweep GC freed 1340(78KB) AllocSpace objects, 1(20KB) LOS objects, 23% free, 52MB/68MB, paused 331us total 22.505ms
08-03 19:32:42.812 22923 22956 I art     : Starting a blocking GC Explicit
08-03 19:32:42.834 22923 22956 I art     : Explicit concurrent mark sweep GC freed 20(704B) AllocSpace objects, 0(0B) LOS objects, 23% free, 52MB/68MB, paused 316us total 21.728ms
08-03 19:32:42.845 22923 22956 I art     : Starting a blocking GC Explicit
08-03 19:32:42.863 22923 22956 I art     : Explicit concurrent mark sweep GC freed 3(96B) AllocSpace objects, 0(0B) LOS objects, 23% free, 52MB/68MB, paused 288us total 17.932ms
08-03 19:32:42.871 22923 22956 I art     : Starting a blocking GC Explicit
08-03 19:32:42.889 22923 22956 I art     : Explicit concurrent mark sweep GC freed 3(96B) AllocSpace objects, 0(0B) LOS objects, 23% free, 52MB/68MB, paused 285us total 18.022ms
08-03 19:32:42.898 22923 22956 I art     : Starting a blocking GC Explicit
08-03 19:32:42.916 22923 22956 I art     : Explicit concurrent mark sweep GC freed 3(96B) AllocSpace objects, 0(0B) LOS objects, 23% free, 52MB/68MB, paused 281us total 17.659ms
08-03 19:32:43.216 22923 22934 I art     : Starting a blocking GC Explicit
08-03 19:32:43.239 22923 22934 I art     : Explicit concurrent mark sweep GC freed 1340(78KB) AllocSpace objects, 1(20KB) LOS objects, 23% free, 52MB/68MB, paused 309us total 22.393ms
08-03 19:32:43.249 22923 22934 I art     : Starting a blocking GC Explicit
08-03 19:32:43.267 22923 22934 I art     : Explicit concurrent mark sweep GC freed 20(704B) AllocSpace objects, 0(0B) LOS objects, 23% free, 52MB/68MB, paused 314us total 17.862ms
08-03 19:32:43.276 22923 22934 I art     : Starting a blocking GC Explicit
08-03 19:32:43.293 22923 22934 I art     : Explicit concurrent mark sweep GC freed 3(96B) AllocSpace objects, 0(0B) LOS objects, 23% free, 52MB/68MB, paused 286us total 17.323ms
08-03 19:32:43.301 22923 22934 I art     : Starting a blocking GC Explicit
08-03 19:32:43.319 22923 22934 I art     : Explicit concurrent mark sweep GC freed 3(96B) AllocSpace objects, 0(0B) LOS objects, 23% free, 52MB/68MB, paused 279us total 17.493ms
08-03 19:32:43.327 22923 22934 I art     : Starting a blocking GC Explicit
08-03 19:32:43.345 22923 22934 I art     : Explicit concurrent mark sweep GC freed 3(96B) AllocSpace objects, 0(0B) LOS objects, 23% free, 52MB/68MB, paused 288us total 17.453ms
08-03 19:32:43.655 22923 22936 I art     : Starting a blocking GC Explicit
08-03 19:32:43.678 22923 22936 I art     : Explicit concurrent mark sweep GC freed 1340(78KB) AllocSpace objects, 1(20KB) LOS objects, 23% free, 52MB/68MB, paused 325us total 22.105ms
08-03 19:32:43.691 22923 22936 I art     : Starting a blocking GC Explicit
08-03 19:32:43.709 22923 22936 I art     : Explicit concurrent mark sweep GC freed 20(704B) AllocSpace objects, 0(0B) LOS objects, 23% free, 52MB/68MB, paused 305us total 18.217ms
08-03 19:32:43.718 22923 22936 I art     : Starting a blocking GC Explicit
08-03 19:32:43.735 22923 22936 I art     : Explicit concurrent mark sweep GC freed 3(96B) AllocSpace objects, 0(0B) LOS objects, 23% free, 52MB/68MB, paused 297us total 17.154ms
08-03 19:32:43.744 22923 22936 I art     : Starting a blocking GC Explicit
08-03 19:32:43.760 22923 22936 I art     : Explicit concurrent mark sweep GC freed 3(96B) AllocSpace objects, 0(0B) LOS objects, 23% free, 52MB/68MB, paused 278us total 16.412ms
08-03 19:32:43.768 22923 22936 I art     : Starting a blocking GC Explicit
08-03 19:32:43.784 22923 22936 I art     : Explicit concurrent mark sweep GC freed 3(96B) AllocSpace objects, 0(0B) LOS objects, 23% free, 52MB/68MB, paused 283us total 15.544ms
08-03 19:32:44.093 22923 23189 I art     : Starting a blocking GC Explicit
08-03 19:32:44.117 22923 23189 I art     : Explicit concurrent mark sweep GC freed 1340(78KB) AllocSpace objects, 1(20KB) LOS objects, 23% free, 52MB/68MB, paused 312us total 23.887ms
08-03 19:32:44.129 22923 23189 I art     : Starting a blocking GC Explicit
08-03 19:32:44.147 22923 23189 I art     : Explicit concurrent mark sweep GC freed 20(704B) AllocSpace objects, 0(0B) LOS objects, 23% free, 52MB/68MB, paused 311us total 18.179ms
08-03 19:32:44.155 22923 23189 I art     : Starting a blocking GC Explicit
08-03 19:32:44.173 22923 23189 I art     : Explicit concurrent mark sweep GC freed 3(96B) AllocSpace objects, 0(0B) LOS objects, 23% free, 52MB/68MB, paused 280us total 17.673ms
08-03 19:32:44.182 22923 23189 I art     : Starting a blocking GC Explicit
