08-03 20:36:01.829 14855 14855 D ActivityNode: 	nappatfpr.io.github.project_travel_mate.destinations.description.FinalCityInfoActivity( count 5)
08-03 20:36:01.829 14855 14855 D ActivityNode: 	nappatfpr.io.github.project_travel_mate.utilities.ChecklistActivity( count 4)
08-03 20:36:01.829 14855 14855 D ActivityNode: 	nappatfpr.io.github.project_travel_mate.utilities.CompassActivity( count 4)
08-03 20:36:01.829 14855 14855 D ActivityNode: 	nappatfpr.io.github.project_travel_mate.utilities.UpcomingWeekendsActivity( count 8)
08-03 20:36:01.829 14855 14855 D ActivityNode: 	nappatfpr.io.github.project_travel_mate.notifications.NotificationsActivity( count 2)
08-03 20:36:01.829 14855 14855 D ActivityNode: Observer - session data - sourceSplashActivity
08-03 20:36:01.829 14855 14855 D ActivityNode: destinations:
08-03 20:36:01.829 14855 14855 D ActivityNode: 	nappatfpr.io.github.project_travel_mate.MainActivity( count 4)
08-03 20:36:01.829 13866 13866 I GoogleInputMethodServic: GoogleInputMethodService.onFinishInput():3138 
08-03 20:36:01.829 14855 14855 D ActivityNode: Observer - session data - sourceFinalCityInfoActivity
08-03 20:36:01.829 14855 14855 D ActivityNode: destinations:
08-03 20:36:01.829 14855 14855 D ActivityNode: 	nappatfpr.io.github.project_travel_mate.destinations.description.CityHistoryActivity( count 8)
08-03 20:36:01.829 14855 14855 D ActivityNode: 	nappatfpr.io.github.project_travel_mate.destinations.funfacts.FunFactsActivity( count 6)
08-03 20:36:01.829 14855 14855 D ActivityNode: Observer - session data - sourceCityHistoryActivity
08-03 20:36:01.829 14855 14855 D ActivityNode: destinations:
08-03 20:36:01.829 14855 14855 D ActivityNode: Observer - session data - sourceFunFactsActivity
08-03 20:36:01.829 14855 14855 D ActivityNode: destinations:
08-03 20:36:01.829 14855 14855 D ActivityNode: Observer - successor visit time - MainActivity - Updating the visit time from the successors list:
08-03 20:36:01.829 14855 14855 D ActivityNode: [AggregateVisitTimeByActivity{nappatfpr.io.github.project_travel_mate.destinations.description.FinalCityInfoActivity : 22961 ms}, AggregateVisitTimeByActivity{nappatfpr.io.github.project_travel_mate.utilities.ChecklistActivity : 18817 ms}, AggregateVisitTimeByActivity{nappatfpr.io.github.project_travel_mate.utilities.CompassActivity : 8988 ms}, AggregateVisitTimeByActivity{nappatfpr.io.github.project_travel_mate.utilities.UpcomingWeekendsActivity : 37401 ms}, AggregateVisitTimeByActivity{nappatfpr.io.github.project_travel_mate.notifications.NotificationsActivity : 4789 ms}]
08-03 20:36:01.830 14855 14855 D ActivityNode: Observer - session data - sourceChecklistActivity
08-03 20:36:01.830 14855 14855 D ActivityNode: destinations:
08-03 20:36:01.830 14855 14855 D ActivityNode: Observer - session data - sourceCompassActivity
08-03 20:36:01.830 14855 14855 D ActivityNode: destinations:
08-03 20:36:01.830 14855 14855 D ActivityNode: Observer - session data - sourceUpcomingWeekendsActivity
08-03 20:36:01.830 14855 14855 D ActivityNode: destinations:
08-03 20:36:01.830 14855 14855 D ActivityNode: Observer - session data - sourceNotificationsActivity
08-03 20:36:01.830 14855 14855 D ActivityNode: destinations:
08-03 20:36:01.830 13866 13866 I GoogleInputMethodServic: GoogleInputMethodService.onStartInput():1808 
08-03 20:36:01.898 14855 14874 D Nappa   : PREFETCH_ON_EXTRA - setCurrentActivity - logs - from extra - made prediction isfalse
08-03 20:36:02.029   512  2967 D audio_hw_primary: disable_audio_route: reset and update mixer path: low-latency-playback speaker
08-03 20:36:02.030   512  2967 D audio_hw_primary: disable_snd_device: snd_device(2: speaker)
08-03 20:36:02.038   512  2967 I soundtrigger: audio_extn_sound_trigger_update_device_status: device 0x2 of type 0 for Event 0
08-03 20:36:02.083   380   380 W SurfaceFlinger: couldn't log to binary event log: overflow.
08-03 20:36:02.101 14855 14923 I art     : Starting a blocking GC Explicit
08-03 20:36:02.136 14855 14923 I art     : Explicit concurrent mark sweep GC freed 5897(1758KB) AllocSpace objects, 24(560KB) LOS objects, 28% free, 39MB/55MB, paused 778us total 34.330ms
08-03 20:36:02.152 14855 14923 I art     : Starting a blocking GC Explicit
08-03 20:36:02.186 14855 14923 I art     : Explicit concurrent mark sweep GC freed 784(23KB) AllocSpace objects, 0(0B) LOS objects, 28% free, 39MB/55MB, paused 837us total 34.076ms
08-03 20:36:02.199 14855 14874 D Nappa   : PREFETCH_ON_EXTRA - setCurrentActivity - starting new prediction
08-03 20:36:02.199 14855 14874 D Nappa   : Current node - currentActivityName - nappatfpr.io.github.project_travel_mate.destinations.description.CityHistoryActivity
08-03 20:36:02.199 14855 14874 D Nappa   : Current node - activityGraph.getCurrent() - nappatfpr.io.github.project_travel_mate.destinations.description.CityHistoryActivity
08-03 20:36:02.200 14855 14874 I NAPPA_EXPERIMENTATION: MetricNappaPrefetchingStrategyExecutionTime: STRATEGY_CLASS='TfprPrefetchingStrategy',DURATION='1042',NUMBER_OF_URLS='0',NUMBER_OF_SELECTED_CHILDREN_NODES='0',NUMBER_OF_CHILDREN_NODES='0',STRATEGY_RUN_SUCCESSFULLY='True',
08-03 20:36:02.200 14855 14874 D TfprPrefetchingStrategy: ==================================
08-03 20:36:02.200 14855 14874 D TfprPrefetchingStrategy: Starting Run #9
08-03 20:36:02.200 14855 14874 D TfprPrefetchingStrategy: ----------------------------------
08-03 20:36:02.200 14855 14874 D TfprPrefetchingStrategy: Node data CityHistoryActivity 
08-03 20:36:02.200 14855 14874 D TfprPrefetchingStrategy: 	Successors:
08-03 20:36:02.200 14855 14874 D TfprPrefetchingStrategy: 
08-03 20:36:02.200 14855 14874 D TfprPrefetchingStrategy: 	Ancestors:
08-03 20:36:02.200 14855 14874 D TfprPrefetchingStrategy: 		FinalCityInfoActivity (0 hits)
08-03 20:36:02.200 14855 14874 D TfprPrefetchingStrategy: 
08-03 20:36:02.200 14855 14874 D TfprPrefetchingStrategy: MetricStrategyAccuracy inc execution count9 | act = true; extra = false
08-03 20:36:02.200 14855 14874 D TfprPrefetchingStrategy: MetricStrategyAccuracy inc no sucessor count4 | act = true; extra = false
08-03 20:36:02.200 14855 14874 D TfprPrefetchingStrategy: Node has no successor
08-03 20:36:02.200 14855 14874 D TfprPrefetchingStrategy: Next visited child will be []
08-03 20:36:02.200 14855 14874 D TfprPrefetchingStrategy: ==================================
08-03 20:36:02.200 14855 14874 D Nappa   : PREFETCH_ON_EXTRA - setCurrentActivity - finished new prediction
08-03 20:36:02.202 14855 14923 I art     : Starting a blocking GC Explicit
08-03 20:36:02.238 14855 14923 I art     : Explicit concurrent mark sweep GC freed 391(14KB) AllocSpace objects, 0(0B) LOS objects, 28% free, 39MB/55MB, paused 786us total 36.436ms
08-03 20:36:02.255 14855 14923 I art     : Starting a blocking GC Explicit
08-03 20:36:02.293 14855 14923 I art     : Explicit concurrent mark sweep GC freed 221(3KB) AllocSpace objects, 0(0B) LOS objects, 28% free, 39MB/55MB, paused 775us total 37.436ms
08-03 20:36:02.293 14855 14867 I art     : WaitForGcToComplete blocked for 32.082ms for cause HeapTrim
08-03 20:36:02.309 14855 14923 I art     : Starting a blocking GC Explicit
08-03 20:36:02.348 14855 14923 I art     : Explicit concurrent mark sweep GC freed 220(3KB) AllocSpace objects, 0(0B) LOS objects, 28% free, 39MB/55MB, paused 818us total 38.596ms
08-03 20:36:02.710 14855 15362 I art     : Starting a blocking GC Explicit
08-03 20:36:02.750 14855 15362 I art     : Explicit concurrent mark sweep GC freed 3365(126KB) AllocSpace objects, 2(40KB) LOS objects, 28% free, 39MB/55MB, paused 768us total 39.456ms
08-03 20:36:02.767 14855 15362 I art     : Starting a blocking GC Explicit
08-03 20:36:02.806 14855 15362 I art     : Explicit concurrent mark sweep GC freed 330(6KB) AllocSpace objects, 0(0B) LOS objects, 28% free, 39MB/55MB, paused 912us total 38.236ms
08-03 20:36:02.822 14855 15362 I art     : Starting a blocking GC Explicit
08-03 20:36:02.861 14855 15362 I art     : Explicit concurrent mark sweep GC freed 223(3KB) AllocSpace objects, 0(0B) LOS objects, 28% free, 39MB/55MB, paused 841us total 38.778ms
08-03 20:36:02.878 14855 15362 I art     : Starting a blocking GC Explicit
08-03 20:36:02.918 14855 15362 I art     : Explicit concurrent mark sweep GC freed 219(3KB) AllocSpace objects, 0(0B) LOS objects, 28% free, 39MB/55MB, paused 906us total 38.866ms
08-03 20:36:02.934 14855 15362 I art     : Starting a blocking GC Explicit
08-03 20:36:02.974 14855 15362 I art     : Explicit concurrent mark sweep GC freed 290(4KB) AllocSpace objects, 0(0B) LOS objects, 28% free, 39MB/55MB, paused 794us total 38.961ms
08-03 20:36:03.272  9822  9822 I Atfwd_Sendcmd: AtCmdFwd service not ready - Exhausted retry attempts - :6
08-03 20:36:03.273  9822  9822 I Atfwd_Daemon: result : -1 	 ,Init step :2 	 ,qmiErrorCode: 0
08-03 20:36:03.342 14855 14868 I art     : Starting a blocking GC Explicit
08-03 20:36:03.398 14855 14868 I art     : Explicit concurrent mark sweep GC freed 3438(129KB) AllocSpace objects, 2(40KB) LOS objects, 28% free, 39MB/55MB, paused 993us total 55.781ms
08-03 20:36:03.416 14855 14868 I art     : Starting a blocking GC Explicit
08-03 20:36:03.449 14855 14868 I art     : Explicit concurrent mark sweep GC freed 253(4KB) AllocSpace objects, 0(0B) LOS objects, 28% free, 39MB/55MB, paused 758us total 32.655ms
08-03 20:36:03.465 14855 14868 I art     : Starting a blocking GC Explicit
08-03 20:36:03.498 14855 14868 I art     : Explicit concurrent mark sweep GC freed 225(3KB) AllocSpace objects, 0(0B) LOS objects, 28% free, 39MB/55MB, paused 731us total 32.714ms
08-03 20:36:03.514 14855 14868 I art     : Starting a blocking GC Explicit
08-03 20:36:03.549 14855 14868 I art     : Explicit concurrent mark sweep GC freed 225(3KB) AllocSpace objects, 0(0B) LOS objects, 28% free, 39MB/55MB, paused 772us total 35.192ms
08-03 20:36:03.565 14855 14868 I art     : Starting a blocking GC Explicit
08-03 20:36:03.600 14855 14868 I art     : Explicit concurrent mark sweep GC freed 222(3KB) AllocSpace objects, 0(0B) LOS objects, 28% free, 39MB/55MB, paused 770us total 35.361ms
08-03 20:36:04.025 14855 14923 I art     : Starting a blocking GC Explicit
08-03 20:36:04.068 14855 14923 I art     : Explicit concurrent mark sweep GC freed 3646(134KB) AllocSpace objects, 2(40KB) LOS objects, 28% free, 39MB/55MB, paused 921us total 42.919ms
08-03 20:36:04.087 14855 14923 I art     : Starting a blocking GC Explicit
08-03 20:36:04.127 14855 14923 I art     : Explicit concurrent mark sweep GC freed 297(5KB) AllocSpace objects, 0(0B) LOS objects, 28% free, 39MB/55MB, paused 949us total 39.203ms
08-03 20:36:04.144 14855 14923 I art     : Starting a blocking GC Explicit
08-03 20:36:04.185 14855 14923 I art     : Explicit concurrent mark sweep GC freed 239(3KB) AllocSpace objects, 0(0B) LOS objects, 28% free, 39MB/55MB, paused 835us total 40.963ms
08-03 20:36:04.202 14855 14923 I art     : Starting a blocking GC Explicit
08-03 20:36:04.242 14855 14923 I art     : Explicit concurrent mark sweep GC freed 249(4KB) AllocSpace objects, 0(0B) LOS objects, 28% free, 39MB/55MB, paused 1.031ms total 39.522ms
08-03 20:36:04.259 14855 14923 I art     : Starting a blocking GC Explicit
08-03 20:36:04.300 14855 14923 I art     : Explicit concurrent mark sweep GC freed 262(4KB) AllocSpace objects, 0(0B) LOS objects, 28% free, 39MB/55MB, paused 806us total 40.389ms
08-03 20:36:04.704 14855 14869 I art     : Starting a blocking GC Explicit
08-03 20:36:04.748 14855 14869 I art     : Explicit concurrent mark sweep GC freed 3570(131KB) AllocSpace objects, 2(40KB) LOS objects, 28% free, 39MB/55MB, paused 997us total 43.737ms
08-03 20:36:04.767 14855 14869 I art     : Starting a blocking GC Explicit
08-03 20:36:04.807 14855 14869 I art     : Explicit concurrent mark sweep GC freed 285(5KB) AllocSpace objects, 0(0B) LOS objects, 28% free, 39MB/55MB, paused 981us total 39.768ms
08-03 20:36:04.825 14855 14869 I art     : Starting a blocking GC Explicit
08-03 20:36:04.863 14855 14869 I art     : Explicit concurrent mark sweep GC freed 253(4KB) AllocSpace objects, 0(0B) LOS objects, 28% free, 39MB/55MB, paused 760us total 38.107ms
08-03 20:36:04.880 14855 14869 I art     : Starting a blocking GC Explicit
08-03 20:36:04.920 14855 14869 I art     : Explicit concurrent mark sweep GC freed 220(3KB) AllocSpace objects, 0(0B) LOS objects, 28% free, 39MB/55MB, paused 809us total 40.230ms
08-03 20:36:04.937 14855 14869 I art     : Starting a blocking GC Explicit
08-03 20:36:04.978 14855 14869 I art     : Explicit concurrent mark sweep GC freed 288(4KB) AllocSpace objects, 0(0B) LOS objects, 28% free, 39MB/55MB, paused 878us total 41.074ms
08-03 20:36:05.391 14855 15362 I art     : Starting a blocking GC Explicit
08-03 20:36:05.434 14855 15362 I art     : Explicit concurrent mark sweep GC freed 3576(130KB) AllocSpace objects, 2(40KB) LOS objects, 28% free, 39MB/55MB, paused 788us total 42.902ms
08-03 20:36:05.454 14855 15362 I art     : Starting a blocking GC Explicit
08-03 20:36:05.493 14855 15362 I art     : Explicit concurrent mark sweep GC freed 303(5KB) AllocSpace objects, 0(0B) LOS objects, 28% free, 39MB/55MB, paused 954us total 39.159ms
08-03 20:36:05.510 14855 15362 I art     : Starting a blocking GC Explicit
08-03 20:36:05.550 14855 15362 I art     : Explicit concurrent mark sweep GC freed 234(3KB) AllocSpace objects, 0(0B) LOS objects, 28% free, 39MB/55MB, paused 792us total 39.867ms
08-03 20:36:05.567 14855 15362 I art     : Starting a blocking GC Explicit
08-03 20:36:05.606 14855 15362 I art     : Explicit concurrent mark sweep GC freed 228(4KB) AllocSpace objects, 0(0B) LOS objects, 28% free, 39MB/55MB, paused 951us total 38.983ms
08-03 20:36:05.623 14855 15362 I art     : Starting a blocking GC Explicit
08-03 20:36:05.665 14855 15362 I art     : Explicit concurrent mark sweep GC freed 299(5KB) AllocSpace objects, 0(0B) LOS objects, 28% free, 39MB/55MB, paused 820us total 41.177ms
08-03 20:36:06.028 14855 14868 I art     : Starting a blocking GC Explicit
08-03 20:36:06.069 14855 14868 I art     : Explicit concurrent mark sweep GC freed 3362(129KB) AllocSpace objects, 2(40KB) LOS objects, 28% free, 39MB/55MB, paused 822us total 40.501ms
08-03 20:36:06.085 14855 14868 I art     : Starting a blocking GC Explicit
08-03 20:36:06.125 14855 14868 I art     : Explicit concurrent mark sweep GC freed 269(4KB) AllocSpace objects, 0(0B) LOS objects, 28% free, 39MB/55MB, paused 962us total 39.614ms
08-03 20:36:06.142 14855 14868 I art     : Starting a blocking GC Explicit
08-03 20:36:06.182 14855 14868 I art     : Explicit concurrent mark sweep GC freed 268(4KB) AllocSpace objects, 0(0B) LOS objects, 28% free, 39MB/55MB, paused 822us total 39.924ms
08-03 20:36:06.199 14855 14868 I art     : Starting a blocking GC Explicit
08-03 20:36:06.238 14855 14868 I art     : Explicit concurrent mark sweep GC freed 220(3KB) AllocSpace objects, 0(0B) LOS objects, 28% free, 39MB/55MB, paused 925us total 39.268ms
08-03 20:36:06.247 15697 15697 D AndroidRuntime: >>>>>> START com.android.internal.os.RuntimeInit uid 2000 <<<<<<
08-03 20:36:06.253 15697 15697 D AndroidRuntime: CheckJNI is OFF
08-03 20:36:06.255 14855 14868 I art     : Starting a blocking GC Explicit
08-03 20:36:06.295 14855 14868 I art     : Explicit concurrent mark sweep GC freed 289(4KB) AllocSpace objects, 0(0B) LOS objects, 28% free, 39MB/55MB, paused 870us total 39.295ms
08-03 20:36:06.297 15697 15697 D ICU     : No timezone override file found: /data/misc/zoneinfo/current/icu/icu_tzdata.dat
08-03 20:36:06.342 15697 15697 I Radio-JNI: register_android_hardware_Radio DONE
08-03 20:36:06.371 15697 15697 D AndroidRuntime: Calling main entry com.android.commands.input.Input
08-03 20:36:06.373 15697 15697 I Input   : injectKeyEvent: KeyEvent { action=ACTION_DOWN, keyCode=KEYCODE_BACK, scanCode=0, metaState=0, flags=0x0, repeatCount=0, eventTime=650182786, downTime=650182786, deviceId=-1, source=0x101 }
08-03 20:36:06.380 15697 15697 I Input   : injectKeyEvent: KeyEvent { action=ACTION_UP, keyCode=KEYCODE_BACK, scanCode=0, metaState=0, flags=0x0, repeatCount=0, eventTime=650182786, downTime=650182786, deviceId=-1, source=0x101 }
08-03 20:36:06.386 14855 14855 D NappaLifecycleObserver: nappatfpr.io.github.project_travel_mate.destinations.description.CityHistoryActivity - onPause
08-03 20:36:06.386 15697 15697 D AndroidRuntime: Shutting down VM
08-03 20:36:06.386 14855 14855 D Nappa   : Stayed on nappatfpr.io.github.project_travel_mate.destinations.description.CityHistoryActivity for 4687 ms
08-03 20:36:06.395 14855 14855 D NappaLifecycleObserver: nappatfpr.io.github.project_travel_mate.destinations.description.FinalCityInfoActivity - onResume
08-03 20:36:06.396 14855 14855 D Nappa   : setCurrentActivity - MetricStrategyAccuracy - 
08-03 20:36:06.396 14855 14855 D Nappa   : madePredictionFromActivity = true, 
08-03 20:36:06.396 14855 14855 D Nappa   : fromActivity = nappatfpr.io.github.project_travel_mate.destinations.description.CityHistoryActivity, 
08-03 20:36:06.396 14855 14855 D Nappa   : predictedNextActivityFromActivity = [], 
08-03 20:36:06.396 14855 14855 D Nappa   : activity.getClass().getCanonicalName() = nappatfpr.io.github.project_travel_mate.destinations.description.FinalCityInfoActivity, 
08-03 20:36:06.396 14855 14855 D Nappa   : setCurrentActivity - MetricStrategyAccuracy - 
08-03 20:36:06.396 14855 14855 D Nappa   : madePredictionFromExtra = false, 
08-03 20:36:06.396 14855 14855 D Nappa   : fromActivity = nappatfpr.io.github.project_travel_mate.destinations.description.CityHistoryActivity, 
08-03 20:36:06.396 14855 14855 D Nappa   : predictedNextActivityFromExtra = [], 
08-03 20:36:06.396 14855 14855 D Nappa   : activity.getClass().getCanonicalName() = nappatfpr.io.github.project_travel_mate.destinations.description.FinalCityInfoActivity, 
08-03 20:36:06.396 14855 14855 D Nappa   : PREFETCH_ON_EXTRA - setCurrentActivity - logs - from activity - made prediction istrue
08-03 20:36:06.396 14855 14855 D Nappa   : PREFETCH_ON_EXTRA - setCurrentActivity - logs - from activity - start
08-03 20:36:06.396 14855 14855 I NAPPA_EXPERIMENTATION: MetricStrategyAccuracy: LOG_ID='9',EXECUTION_COUNT='9',CASES_COUNT='9',HIT_PERCENTAGE_TOTAL='11.11111111111111',HIT_PERCENTAGE_WHEN_PREDICTED='33.333333333333336',HIT_COUNT='1',MISS_COUNT='2',INSUFFICIENT_SCORE_COUNT='2',EXCEPTION_COUNT='0',NO_SUCCESSOR_COUNT='4',
08-03 20:36:06.396 14855 14855 D Nappa   : PREFETCH_ON_EXTRA - setCurrentActivity - logs - from activity- finished
08-03 20:36:06.496 14855 14855 D Nappa   : registerActivity: (already in) nappatfpr.io.github.project_travel_mate.destinations.description.FinalCityInfoActivity
08-03 20:36:06.497 14855 14855 D ActivityGraph: LARDataCalculatedUpdate nappatfpr.io.github.project_travel_mate.destinations.description.FinalCityInfoActivity Pagerank: 0.25 HITS-Authority: 1.0 HITS-Hub: 1.0 SALSA-Authority: 1.0 SALSA-Hub: 1.0
08-03 20:36:06.497 14855 14855 D Nappa   : SHOULD_PREFETCH false
08-03 20:36:06.497 14855 14855 D Nappa   : STATS Number of requests not prefetched: 8
08-03 20:36:06.497 14855 14855 D Nappa   : STATS Number of requests prefetched: 3
08-03 20:36:06.497 14855 14855 D Nappa   : STATS Time saved until now: 0.112
08-03 20:36:06.527 14855 14855 D ActivityNode: Observer - successor visit time - MainActivity - Updating the visit time from the successors list:
08-03 20:36:06.527 14855 14855 D ActivityNode: [AggregateVisitTimeByActivity{nappatfpr.io.github.project_travel_mate.destinations.description.FinalCityInfoActivity : 22961 ms}, AggregateVisitTimeByActivity{nappatfpr.io.github.project_travel_mate.utilities.ChecklistActivity : 18817 ms}, AggregateVisitTimeByActivity{nappatfpr.io.github.project_travel_mate.utilities.CompassActivity : 8988 ms}, AggregateVisitTimeByActivity{nappatfpr.io.github.project_travel_mate.utilities.UpcomingWeekendsActivity : 37401 ms}, AggregateVisitTimeByActivity{nappatfpr.io.github.project_travel_mate.notifications.NotificationsActivity : 4789 ms}]
08-03 20:36:06.527 14855 14855 D ActivityNode: Observer - successor visit time - SplashActivity - Updating the visit time from the successors list:
08-03 20:36:06.527 14855 14855 D ActivityNode: [AggregateVisitTimeByActivity{nappatfpr.io.github.project_travel_mate.MainActivity : 17729 ms}]
08-03 20:36:06.544 14855 14855 D ActivityNode: Observer - visit time - CityHistoryActivity - New aggregate visit time found is 37282 ms
08-03 20:36:06.550 13866 13866 I GoogleInputMethodServic: GoogleInputMethodService.onFinishInput():3138 
08-03 20:36:06.550 14855 14855 D ActivityNode: Observer - successor visit time - FinalCityInfoActivity - Updating the visit time from the successors list:
08-03 20:36:06.550 14855 14855 D ActivityNode: [AggregateVisitTimeByActivity{nappatfpr.io.github.project_travel_mate.destinations.description.CityHistoryActivity : 37282 ms}, AggregateVisitTimeByActivity{nappatfpr.io.github.project_travel_mate.destinations.funfacts.FunFactsActivity : 16054 ms}]
08-03 20:36:06.550 13866 13866 I GoogleInputMethodServic: GoogleInputMethodService.onStartInput():1808 
08-03 20:36:06.656 14855 14869 I art     : Starting a blocking GC Explicit
08-03 20:36:06.704 14855 14869 I art     : Explicit concurrent mark sweep GC freed 3678(187KB) AllocSpace objects, 2(40KB) LOS objects, 28% free, 39MB/55MB, paused 807us total 48.104ms
08-03 20:36:06.724 14855 14869 I art     : Starting a blocking GC Explicit
08-03 20:36:06.770 14855 14869 I art     : Explicit concurrent mark sweep GC freed 679(19KB) AllocSpace objects, 0(0B) LOS objects, 28% free, 39MB/55MB, paused 756us total 44.886ms
08-03 20:36:06.789 14855 14869 I art     : Starting a blocking GC Explicit
08-03 20:36:06.796 14855 14874 D Nappa   : PREFETCH_ON_EXTRA - setCurrentActivity - logs - from extra - made prediction isfalse
08-03 20:36:06.823 14855 14855 D NappaLifecycleObserver: nappatfpr.io.github.project_travel_mate.destinations.description.CityHistoryActivity - onDestroy
08-03 20:36:06.823 14855 14855 D NappaLifecycleObserver: -------------F1_SCORE #15 -----------
08-03 20:36:06.824 14855 14855 D NappaLifecycleObserver: F1_SCORE - Intercept list (8)= [https://project-travel-mate.herokuapp.com/api/get-user, https://project-travel-mate.herokuapp.com/api/get-all-cities/10, https://project-travel-mate.herokuapp.com/api/number-of-unread-notifications, https://project-travel-mate.herokuapp.com/api/get-city-weather/1, https://project-travel-mate.herokuapp.com/api/get-city/1, https://project-travel-mate.herokuapp.com/api/get-city-information/1, https://project-travel-mate.herokuapp.com/api/get-city-facts/1, https://project-travel-mate.herokuapp.com/api/get-city-images/1]
08-03 20:36:06.824 14855 14855 D NappaLifecycleObserver: F1_SCORE - Prefetch list (0)= []
08-03 20:36:06.824 14855 14855 D NappaLifecycleObserver: F1_SCORE - TP list (0)= []
08-03 20:36:06.824 14855 14855 D NappaLifecycleObserver: F1_SCORE - FN list (8)= [https://project-travel-mate.herokuapp.com/api/get-user, https://project-travel-mate.herokuapp.com/api/get-all-cities/10, https://project-travel-mate.herokuapp.com/api/number-of-unread-notifications, https://project-travel-mate.herokuapp.com/api/get-city-weather/1, https://project-travel-mate.herokuapp.com/api/get-city/1, https://project-travel-mate.herokuapp.com/api/get-city-information/1, https://project-travel-mate.herokuapp.com/api/get-city-facts/1, https://project-travel-mate.herokuapp.com/api/get-city-images/1]
08-03 20:36:06.824 14855 14855 I NAPPA_EXPERIMENTATION: MetricPrefetchingAccuracy: LOG_ID='16',F1_SCORE_1='0.0',F1_SCORE_2='0.0',TRUE_POSITIVE='0',FALSE_POSITIVE='0',FALSE_NEGATIVE='8',
08-03 20:36:06.826 14855 14869 I art     : Explicit concurrent mark sweep GC freed 385(31KB) AllocSpace objects, 0(0B) LOS objects, 28% free, 39MB/55MB, paused 942us total 36.198ms
08-03 20:36:06.838   380   380 W SurfaceFlinger: couldn't log to binary event log: overflow.
08-03 20:36:06.842 14855 14869 I art     : Starting a blocking GC Explicit
08-03 20:36:06.876 14855 14869 I art     : Explicit concurrent mark sweep GC freed 202(5KB) AllocSpace objects, 0(0B) LOS objects, 28% free, 39MB/55MB, paused 798us total 33.988ms
08-03 20:36:06.892 14855 14869 I art     : Starting a blocking GC Explicit
08-03 20:36:06.928 14855 14869 I art     : Explicit concurrent mark sweep GC freed 4542(349KB) AllocSpace objects, 7(132KB) LOS objects, 28% free, 39MB/55MB, paused 846us total 35.930ms
08-03 20:36:07.297 14855 14923 I art     : Starting a blocking GC Explicit
08-03 20:36:07.335 14855 14923 I art     : Explicit concurrent mark sweep GC freed 2777(113KB) AllocSpace objects, 2(40KB) LOS objects, 28% free, 39MB/55MB, paused 775us total 37.580ms
08-03 20:36:07.353 14855 14923 I art     : Starting a blocking GC Explicit
08-03 20:36:07.389 14855 14923 I art     : Explicit concurrent mark sweep GC freed 174(3KB) AllocSpace objects, 0(0B) LOS objects, 28% free, 39MB/55MB, paused 782us total 35.108ms
08-03 20:36:07.389 14855 14867 I art     : WaitForGcToComplete blocked for 35.264ms for cause HeapTrim
08-03 20:36:07.405 14855 14923 I art     : Starting a blocking GC Explicit
08-03 20:36:07.441 14855 14923 I art     : Explicit concurrent mark sweep GC freed 169(2832B) AllocSpace objects, 0(0B) LOS objects, 28% free, 39MB/55MB, paused 897us total 35.623ms
08-03 20:36:07.457 14855 14923 I art     : Starting a blocking GC Explicit
08-03 20:36:07.493 14855 14923 I art     : Explicit concurrent mark sweep GC freed 173(2960B) AllocSpace objects, 0(0B) LOS objects, 28% free, 39MB/55MB, paused 772us total 35.595ms
08-03 20:36:07.509 14855 14923 I art     : Starting a blocking GC Explicit
08-03 20:36:07.545 14855 14923 I art     : Explicit concurrent mark sweep GC freed 147(2496B) AllocSpace objects, 0(0B) LOS objects, 28% free, 39MB/55MB, paused 720us total 35.729ms
08-03 20:36:07.909 14855 15362 I art     : Starting a blocking GC Explicit
08-03 20:36:07.948 14855 15362 I art     : Explicit concurrent mark sweep GC freed 2774(113KB) AllocSpace objects, 2(40KB) LOS objects, 28% free, 39MB/55MB, paused 797us total 37.681ms
08-03 20:36:07.966 14855 15362 I art     : Starting a blocking GC Explicit
08-03 20:36:08.001 14855 15362 I art     : Explicit concurrent mark sweep GC freed 174(3KB) AllocSpace objects, 0(0B) LOS objects, 28% free, 39MB/55MB, paused 755us total 34.038ms
08-03 20:36:08.017 14855 15362 I art     : Starting a blocking GC Explicit
08-03 20:36:08.053 14855 15362 I art     : Explicit concurrent mark sweep GC freed 147(2496B) AllocSpace objects, 0(0B) LOS objects, 28% free, 39MB/55MB, paused 795us total 36.607ms
08-03 20:36:08.070 14855 15362 I art     : Starting a blocking GC Explicit
08-03 20:36:08.107 14855 15362 I art     : Explicit concurrent mark sweep GC freed 147(2496B) AllocSpace objects, 0(0B) LOS objects, 28% free, 39MB/55MB, paused 909us total 36.873ms
08-03 20:36:08.123 14855 15362 I art     : Starting a blocking GC Explicit
08-03 20:36:08.161 14855 15362 I art     : Explicit concurrent mark sweep GC freed 160(2688B) AllocSpace objects, 0(0B) LOS objects, 28% free, 39MB/55MB, paused 981us total 37.137ms
08-03 20:36:08.185 15740 15740 D AndroidRuntime: >>>>>> START com.android.internal.os.RuntimeInit uid 2000 <<<<<<
08-03 20:36:08.191 15740 15740 D AndroidRuntime: CheckJNI is OFF
08-03 20:36:08.235 15740 15740 D ICU     : No timezone override file found: /data/misc/zoneinfo/current/icu/icu_tzdata.dat
08-03 20:36:08.280 15740 15740 I Radio-JNI: register_android_hardware_Radio DONE
08-03 20:36:08.310 15740 15740 D AndroidRuntime: Calling main entry com.android.commands.input.Input
08-03 20:36:08.312 15740 15740 I Input   : injectKeyEvent: KeyEvent { action=ACTION_DOWN, keyCode=KEYCODE_BACK, scanCode=0, metaState=0, flags=0x0, repeatCount=0, eventTime=650184725, downTime=650184725, deviceId=-1, source=0x101 }
08-03 20:36:08.327 15740 15740 I Input   : injectKeyEvent: KeyEvent { action=ACTION_UP, keyCode=KEYCODE_BACK, scanCode=0, metaState=0, flags=0x0, repeatCount=0, eventTime=650184725, downTime=650184725, deviceId=-1, source=0x101 }
08-03 20:36:08.335 14855 14855 D NappaLifecycleObserver: nappatfpr.io.github.project_travel_mate.destinations.description.FinalCityInfoActivity - onPause
08-03 20:36:08.335 15740 15740 D AndroidRuntime: Shutting down VM
08-03 20:36:08.335 14855 14855 D Nappa   : Stayed on nappatfpr.io.github.project_travel_mate.destinations.description.FinalCityInfoActivity for 1838 ms
08-03 20:36:08.342 14855 14855 D NappaLifecycleObserver: nappatfpr.io.github.project_travel_mate.MainActivity - onResume
08-03 20:36:08.343 14855 14855 D Nappa   : setCurrentActivity - MetricStrategyAccuracy - 
08-03 20:36:08.343 14855 14855 D Nappa   : madePredictionFromActivity = false, 
08-03 20:36:08.343 14855 14855 D Nappa   : fromActivity = nappatfpr.io.github.project_travel_mate.destinations.description.FinalCityInfoActivity, 
08-03 20:36:08.343 14855 14855 D Nappa   : predictedNextActivityFromActivity = [], 
08-03 20:36:08.343 14855 14855 D Nappa   : activity.getClass().getCanonicalName() = nappatfpr.io.github.project_travel_mate.MainActivity, 
08-03 20:36:08.343 14855 14855 D Nappa   : setCurrentActivity - MetricStrategyAccuracy - 
08-03 20:36:08.343 14855 14855 D Nappa   : madePredictionFromExtra = false, 
08-03 20:36:08.343 14855 14855 D Nappa   : fromActivity = nappatfpr.io.github.project_travel_mate.destinations.description.FinalCityInfoActivity, 
08-03 20:36:08.343 14855 14855 D Nappa   : predictedNextActivityFromExtra = [], 
08-03 20:36:08.343 14855 14855 D Nappa   : activity.getClass().getCanonicalName() = nappatfpr.io.github.project_travel_mate.MainActivity, 
08-03 20:36:08.343 14855 14855 D Nappa   : PREFETCH_ON_EXTRA - setCurrentActivity - logs - from activity - made prediction isfalse
08-03 20:36:08.443 14855 14855 D Nappa   : registerActivity: (already in) nappatfpr.io.github.project_travel_mate.MainActivity
08-03 20:36:08.443 14855 14855 D ActivityGraph: LARDataCalculatedUpdate nappatfpr.io.github.project_travel_mate.MainActivity Pagerank: 0.25 HITS-Authority: 1.0 HITS-Hub: 1.0 SALSA-Authority: 1.0 SALSA-Hub: 1.0
08-03 20:36:08.444 14855 14855 D Nappa   : SHOULD_PREFETCH false
08-03 20:36:08.444 14855 14855 D Nappa   : STATS Number of requests not prefetched: 8
08-03 20:36:08.444 14855 14855 D Nappa   : STATS Number of requests prefetched: 3
08-03 20:36:08.444 14855 14855 D Nappa   : STATS Time saved until now: 0.112
08-03 20:36:08.449 14855 14855 V MainActivity: url = https://project-travel-mate.herokuapp.com/api/number-of-unread-notifications
08-03 20:36:08.450 14855 14855 D Nappa   : TAG okHttpClient initialized
08-03 20:36:08.454 14855 15773 D CustomInterceptor: NETWORK-PROVIDER https://project-travel-mate.herokuapp.com/api/number-of-unread-notifications
08-03 20:36:08.455 14855 15773 D Nappa   : F1_SCORE add_intercept_url - (already in) - https://project-travel-mate.herokuapp.com/api/number-of-unread-notifications
08-03 20:36:08.455 14855 15773 D Nappa   : F1_SCORE add_fn_url - (already in) - https://project-travel-mate.herokuapp.com/api/number-of-unread-notifications
08-03 20:36:08.455 14855 15773 D Nappa   : -------------F1_SCORE #16 -----------
08-03 20:36:08.455 14855 15773 D Nappa   : F1_SCORE - Intercept list (8)= [https://project-travel-mate.herokuapp.com/api/get-user, https://project-travel-mate.herokuapp.com/api/get-all-cities/10, https://project-travel-mate.herokuapp.com/api/number-of-unread-notifications, https://project-travel-mate.herokuapp.com/api/get-city-weather/1, https://project-travel-mate.herokuapp.com/api/get-city/1, https://project-travel-mate.herokuapp.com/api/get-city-information/1, https://project-travel-mate.herokuapp.com/api/get-city-facts/1, https://project-travel-mate.herokuapp.com/api/get-city-images/1]
08-03 20:36:08.455 14855 15773 D Nappa   : F1_SCORE - Prefetch list (0)= []
08-03 20:36:08.455 14855 15773 D Nappa   : F1_SCORE - TP list (0)= []
08-03 20:36:08.455 14855 15773 D Nappa   : F1_SCORE - FN list (8)= [https://project-travel-mate.herokuapp.com/api/get-user, https://project-travel-mate.herokuapp.com/api/get-all-cities/10, https://project-travel-mate.herokuapp.com/api/number-of-unread-notifications, https://project-travel-mate.herokuapp.com/api/get-city-weather/1, https://project-travel-mate.herokuapp.com/api/get-city/1, https://project-travel-mate.herokuapp.com/api/get-city-information/1, https://project-travel-mate.herokuapp.com/api/get-city-facts/1, https://project-travel-mate.herokuapp.com/api/get-city-images/1]
08-03 20:36:08.455 14855 15773 I NAPPA_EXPERIMENTATION: MetricPrefetchingAccuracy: LOG_ID='17',F1_SCORE_1='0.0',F1_SCORE_2='0.0',TRUE_POSITIVE='0',FALSE_POSITIVE='0',FALSE_NEGATIVE='8',
08-03 20:36:08.455 14855 15773 D CustomInterceptor: HEADER REQUEST
08-03 20:36:08.455 14855 15773 D CustomInterceptor: Authorization Token e817cf733b7893037942a7dc5507f3c5a98408e6
08-03 20:36:08.456 14855 15773 D CustomInterceptor: Cache-Control max-age=300, max-stale=300
08-03 20:36:08.456 14855 15773 D CustomInterceptor: CACHED STATS: size = '8', maxSize = '100', hitCount = '11', createCount = '0', putCount = '8', evictionCount = '0', missCount = '8', toString = 'LruCache[maxSize=100,hits=11,misses=8,hitRate=57%]', 
08-03 20:36:08.456 14855 15773 D CustomInterceptor: PREFLIB GET REQUEST https://project-travel-mate.herokuapp.com/api/number-of-unread-notifications
08-03 20:36:08.456 14855 15773 D CustomInterceptor: PREFLIB found https://project-travel-mate.herokuapp.com/api/number-of-unread-notifications, sending it back
08-03 20:36:08.456 14855 15773 D CustomInterceptor: CONTENT {"number_of_unread_notifications":0}
08-03 20:36:08.456 14855 15773 D CustomInterceptor: interceptor_finished : return_type #2 : request served from cache
08-03 20:36:08.457 14855 15773 I NAPPA_EXPERIMENTATION: MetricNetworkRequestExecutionTime: REQUEST_DURATION_SYSTEM='7',REQUEST_DURATION_OKHTTP='0',REQUEST_SYNCHRONOUS='FALSE',RESPONSE_CODE='200',RESPONSE_METHOD='GET',RESPONSE_LENGTH_OKHTTP='36',RESPONSE_LENGTH_HEADER='-2',REQUEST_PROTOCOL='http/1.1',REQUEST_URL='https://project-travel-mate.herokuapp.com/api/number-of-unread-notifications',
08-03 20:36:08.521 13866 13866 I GoogleInputMethodServic: GoogleInputMethodService.onFinishInput():3138 
08-03 20:36:08.521 14855 14855 D ActivityNode: Observer - successor visit time - SplashActivity - Updating the visit time from the successors list:
08-03 20:36:08.521 14855 14855 D ActivityNode: [AggregateVisitTimeByActivity{nappatfpr.io.github.project_travel_mate.MainActivity : 17729 ms}]
08-03 20:36:08.521 14855 14855 D ActivityNode: Observer - successor visit time - MainActivity - Updating the visit time from the successors list:
08-03 20:36:08.521 14855 14855 D ActivityNode: [AggregateVisitTimeByActivity{nappatfpr.io.github.project_travel_mate.destinations.description.FinalCityInfoActivity : 22961 ms}, AggregateVisitTimeByActivity{nappatfpr.io.github.project_travel_mate.utilities.ChecklistActivity : 18817 ms}, AggregateVisitTimeByActivity{nappatfpr.io.github.project_travel_mate.utilities.CompassActivity : 8988 ms}, AggregateVisitTimeByActivity{nappatfpr.io.github.project_travel_mate.utilities.UpcomingWeekendsActivity : 37401 ms}, AggregateVisitTimeByActivity{nappatfpr.io.github.project_travel_mate.notifications.NotificationsActivity : 4789 ms}]
08-03 20:36:08.521 14855 14855 D ActivityNode: Observer - visit time - FinalCityInfoActivity - New aggregate visit time found is 47643 ms
08-03 20:36:08.521 13866 13866 I GoogleInputMethodServic: GoogleInputMethodService.onStartInput():1808 
08-03 20:36:08.521 14855 14855 D ActivityNode: Observer - successor visit time - FinalCityInfoActivity - Updating the visit time from the successors list:
08-03 20:36:08.521 14855 14855 D ActivityNode: [AggregateVisitTimeByActivity{nappatfpr.io.github.project_travel_mate.destinations.description.CityHistoryActivity : 37282 ms}, AggregateVisitTimeByActivity{nappatfpr.io.github.project_travel_mate.destinations.funfacts.FunFactsActivity : 16054 ms}]
08-03 20:36:08.542 14855 14869 I art     : Starting a blocking GC Explicit
08-03 20:36:08.555 14855 14874 D Nappa   : registerActivity: (already in) nappatfpr.io.github.project_travel_mate.MainActivity
08-03 20:36:08.555 14855 14874 D Nappa   : PARENTS 
08-03 20:36:08.555 14855 14874 D Nappa   : Of: nappatfpr.io.github.project_travel_mate.MainActivity -> 
08-03 20:36:08.555 14855 14874 D Nappa   : PARENTS nappatfpr.io.github.project_travel_mate.SplashActivity
08-03 20:36:08.575 14855 14869 I art     : Explicit concurrent mark sweep GC freed 3921(249KB) AllocSpace objects, 2(40KB) LOS objects, 28% free, 39MB/55MB, paused 869us total 32.715ms
08-03 20:36:08.590 14855 14869 I art     : Starting a blocking GC Explicit
08-03 20:36:08.622 14855 14869 I art     : Explicit concurrent mark sweep GC freed 654(21KB) AllocSpace objects, 0(0B) LOS objects, 28% free, 39MB/55MB, paused 789us total 31.454ms
08-03 20:36:08.637 14855 14869 I art     : Starting a blocking GC Explicit
08-03 20:36:08.668 14855 14869 I art     : Explicit concurrent mark sweep GC freed 158(3KB) AllocSpace objects, 0(0B) LOS objects, 28% free, 39MB/55MB, paused 760us total 30.936ms
08-03 20:36:08.684 14855 14869 I art     : Starting a blocking GC Explicit
08-03 20:36:08.716 14855 14869 I art     : Explicit concurrent mark sweep GC freed 147(2496B) AllocSpace objects, 0(0B) LOS objects, 28% free, 39MB/55MB, paused 725us total 32.083ms
08-03 20:36:08.732 14855 14869 I art     : Starting a blocking GC Explicit
08-03 20:36:08.743 14855 14874 D Nappa   : PREFETCH_ON_EXTRA - setCurrentActivity - logs - from extra - made prediction isfalse
08-03 20:36:08.764 14855 14869 I art     : Explicit concurrent mark sweep GC freed 162(3KB) AllocSpace objects, 0(0B) LOS objects, 28% free, 39MB/55MB, paused 717us total 32.188ms
08-03 20:36:08.789   380   380 W SurfaceFlinger: couldn't log to binary event log: overflow.
08-03 20:36:08.791 14855 14855 D NappaLifecycleObserver: nappatfpr.io.github.project_travel_mate.destinations.description.FinalCityInfoActivity - onDestroy
08-03 20:36:08.791 14855 14855 D NappaLifecycleObserver: -------------F1_SCORE #17 -----------
08-03 20:36:08.791 14855 14855 D NappaLifecycleObserver: F1_SCORE - Intercept list (8)= [https://project-travel-mate.herokuapp.com/api/get-user, https://project-travel-mate.herokuapp.com/api/get-all-cities/10, https://project-travel-mate.herokuapp.com/api/number-of-unread-notifications, https://project-travel-mate.herokuapp.com/api/get-city-weather/1, https://project-travel-mate.herokuapp.com/api/get-city/1, https://project-travel-mate.herokuapp.com/api/get-city-information/1, https://project-travel-mate.herokuapp.com/api/get-city-facts/1, https://project-travel-mate.herokuapp.com/api/get-city-images/1]
08-03 20:36:08.792 14855 14855 D NappaLifecycleObserver: F1_SCORE - Prefetch list (0)= []
08-03 20:36:08.792 14855 14855 D NappaLifecycleObserver: F1_SCORE - TP list (0)= []
08-03 20:36:08.792 14855 14855 D NappaLifecycleObserver: F1_SCORE - FN list (8)= [https://project-travel-mate.herokuapp.com/api/get-user, https://project-travel-mate.herokuapp.com/api/get-all-cities/10, https://project-travel-mate.herokuapp.com/api/number-of-unread-notifications, https://project-travel-mate.herokuapp.com/api/get-city-weather/1, https://project-travel-mate.herokuapp.com/api/get-city/1, https://project-travel-mate.herokuapp.com/api/get-city-information/1, https://project-travel-mate.herokuapp.com/api/get-city-facts/1, https://project-travel-mate.herokuapp.com/api/get-city-images/1]
08-03 20:36:08.792 14855 14855 I NAPPA_EXPERIMENTATION: MetricPrefetchingAccuracy: LOG_ID='18',F1_SCORE_1='0.0',F1_SCORE_2='0.0',TRUE_POSITIVE='0',FALSE_POSITIVE='0',FALSE_NEGATIVE='8',
08-03 20:36:09.130 14855 14923 I art     : Starting a blocking GC Explicit
08-03 20:36:09.170 14855 14923 I art     : Explicit concurrent mark sweep GC freed 2386(134KB) AllocSpace objects, 2(40KB) LOS objects, 28% free, 39MB/55MB, paused 853us total 39.797ms
08-03 20:36:09.186 14855 14923 I art     : Starting a blocking GC Explicit
08-03 20:36:09.223 14855 14923 I art     : Explicit concurrent mark sweep GC freed 238(9KB) AllocSpace objects, 0(0B) LOS objects, 28% free, 39MB/55MB, paused 821us total 37.105ms
08-03 20:36:09.240 14855 14923 I art     : Starting a blocking GC Explicit
08-03 20:36:09.276 14855 14923 I art     : Explicit concurrent mark sweep GC freed 98(1664B) AllocSpace objects, 0(0B) LOS objects, 28% free, 39MB/55MB, paused 903us total 36.461ms
08-03 20:36:09.293 14855 14923 I art     : Starting a blocking GC Explicit
08-03 20:36:09.331 14855 14923 I art     : Explicit concurrent mark sweep GC freed 76(1328B) AllocSpace objects, 0(0B) LOS objects, 28% free, 39MB/55MB, paused 817us total 37.546ms
08-03 20:36:09.347 14855 14923 I art     : Starting a blocking GC Explicit
08-03 20:36:09.385 14855 14923 I art     : Explicit concurrent mark sweep GC freed 75(1296B) AllocSpace objects, 0(0B) LOS objects, 28% free, 39MB/55MB, paused 778us total 37.516ms
08-03 20:36:09.746 14855 14868 I art     : Starting a blocking GC Explicit
08-03 20:36:09.784 14855 14868 I art     : Explicit concurrent mark sweep GC freed 2199(104KB) AllocSpace objects, 2(40KB) LOS objects, 28% free, 39MB/55MB, paused 855us total 37.641ms
08-03 20:36:09.801 14855 14868 I art     : Starting a blocking GC Explicit
08-03 20:36:09.836 14855 14868 I art     : Explicit concurrent mark sweep GC freed 102(2304B) AllocSpace objects, 0(0B) LOS objects, 28% free, 39MB/55MB, paused 824us total 35.447ms
08-03 20:36:09.853 14855 14868 I art     : Starting a blocking GC Explicit
08-03 20:36:09.889 14855 14868 I art     : Explicit concurrent mark sweep GC freed 75(1296B) AllocSpace objects, 0(0B) LOS objects, 28% free, 39MB/55MB, paused 852us total 36.182ms
08-03 20:36:09.905 14855 14868 I art     : Starting a blocking GC Explicit
08-03 20:36:09.942 14855 14868 I art     : Explicit concurrent mark sweep GC freed 78(1344B) AllocSpace objects, 0(0B) LOS objects, 28% free, 39MB/55MB, paused 888us total 36.519ms
08-03 20:36:09.958 14855 14868 I art     : Starting a blocking GC Explicit
08-03 20:36:09.994 14855 14868 I art     : Explicit concurrent mark sweep GC freed 80(1376B) AllocSpace objects, 0(0B) LOS objects, 28% free, 39MB/55MB, paused 907us total 35.119ms
08-03 20:36:10.101 15788 15788 D AndroidRuntime: >>>>>> START com.android.internal.os.RuntimeInit uid 2000 <<<<<<
08-03 20:36:10.107 15788 15788 D AndroidRuntime: CheckJNI is OFF
08-03 20:36:10.150 15788 15788 D ICU     : No timezone override file found: /data/misc/zoneinfo/current/icu/icu_tzdata.dat
08-03 20:36:10.192 15788 15788 I Radio-JNI: register_android_hardware_Radio DONE
08-03 20:36:10.221 15788 15788 D AndroidRuntime: Calling main entry com.android.commands.input.Input
08-03 20:36:10.223 15788 15788 I Input   : injectMotionEvent: MotionEvent { action=ACTION_DOWN, actionButton=0, id[0]=0, x[0]=346.0, y[0]=709.0, toolType[0]=TOOL_TYPE_UNKNOWN, buttonState=0, metaState=0, flags=0x0, edgeFlags=0x0, pointerCount=1, historySize=0, eventTime=650186636, downTime=650186636, deviceId=0, source=0x1002 }
08-03 20:36:10.229 15788 15788 I Input   : injectMotionEvent: MotionEvent { action=ACTION_UP, actionButton=0, id[0]=0, x[0]=346.0, y[0]=709.0, toolType[0]=TOOL_TYPE_UNKNOWN, buttonState=0, metaState=0, flags=0x0, edgeFlags=0x0, pointerCount=1, historySize=0, eventTime=650186636, downTime=650186636, deviceId=0, source=0x1002 }
08-03 20:36:10.230 14855 14855 D NappaIntentExtras: ==================
08-03 20:36:10.230 14855 14874 D Nappa   : PREFETCH_ON_EXTRA - notifyExtras- start
08-03 20:36:10.230 14855 14855 D NappaIntentExtras: Log #7
08-03 20:36:10.230 14855 14855 D NappaIntentExtras: ------------------
08-03 20:36:10.231 14855 14855 D NappaIntentExtras: activity nappatfpr.io.github.project_travel_mate.SplashActivity
08-03 20:36:10.231 14855 14855 D NappaIntentExtras: 	- No extras registered
08-03 20:36:10.231 14855 14855 D NappaIntentExtras: activity nappatfpr.io.github.project_travel_mate.destinations.funfacts.FunFactsActivity
08-03 20:36:10.231 14855 14855 D NappaIntentExtras: 	- No extras registered
08-03 20:36:10.231 14855 14855 D NappaIntentExtras: activity nappatfpr.io.github.project_travel_mate.MainActivity
08-03 20:36:10.231 14855 14855 D NappaIntentExtras: 	- 1 extras registered
08-03 20:36:10.231 14855 14855 D NappaIntentExtras: 	- cityobject_ : objects.City@e0b743a
08-03 20:36:10.231 14855 14855 D NappaIntentExtras: activity nappatfpr.io.github.project_travel_mate.utilities.UpcomingWeekendsActivity
08-03 20:36:10.231 14855 14855 D NappaIntentExtras: 	- No extras registered
08-03 20:36:10.231 14855 14855 D NappaIntentExtras: activity nappatfpr.io.github.project_travel_mate.utilities.ChecklistActivity
08-03 20:36:10.231 14855 14855 D NappaIntentExtras: 	- No extras registered
08-03 20:36:10.231 14855 14855 D NappaIntentExtras: activity nappatfpr.io.github.project_travel_mate.utilities.CompassActivity
08-03 20:36:10.231 14855 14855 D NappaIntentExtras: 	- No extras registered
08-03 20:36:10.231 14855 14855 D NappaIntentExtras: activity nappatfpr.io.github.project_travel_mate.notifications.NotificationsActivity
08-03 20:36:10.231 14855 14855 D NappaIntentExtras: 	- No extras registered
08-03 20:36:10.232 14855 14855 D NappaIntentExtras: activity nappatfpr.io.github.project_travel_mate.destinations.description.CityHistoryActivity
08-03 20:36:10.232 14855 14855 D NappaIntentExtras: 	- No extras registered
08-03 20:36:10.232 14855 14855 D NappaIntentExtras: activity nappatfpr.io.github.project_travel_mate.destinations.description.FinalCityInfoActivity
08-03 20:36:10.232 14855 14855 D NappaIntentExtras: 	- 1 extras registered
08-03 20:36:10.232 14855 14855 D NappaIntentExtras: 	- cityobject_ : objects.City@fcf68bf
08-03 20:36:10.232 14855 14855 D NappaIntentExtras: ==================
08-03 20:36:10.232 14855 14874 I NAPPA_EXPERIMENTATION: MetricNappaPrefetchingStrategyExecutionTime: STRATEGY_CLASS='TfprPrefetchingStrategy',DURATION='1698542',NUMBER_OF_URLS='0',NUMBER_OF_SELECTED_CHILDREN_NODES='0',NUMBER_OF_CHILDREN_NODES='5',STRATEGY_RUN_SUCCESSFULLY='True',
08-03 20:36:10.232 14855 14874 D TfprPrefetchingStrategy: ==================================
08-03 20:36:10.233 14855 14874 D TfprPrefetchingStrategy: Starting Run #10
08-03 20:36:10.233 14855 14874 D TfprPrefetchingStrategy: ----------------------------------
08-03 20:36:10.233 14855 14874 D TfprPrefetchingStrategy: Node data MainActivity 
08-03 20:36:10.233 14855 14874 D TfprPrefetchingStrategy: 	Successors:
08-03 20:36:10.233 14855 14874 D TfprPrefetchingStrategy: 		UpcomingWeekendsActivity (0 hits)
08-03 20:36:10.233 14855 14874 D TfprPrefetchingStrategy: 		ChecklistActivity (0 hits)
08-03 20:36:10.233 14855 14874 D TfprPrefetchingStrategy: 		FinalCityInfoActivity (1 hits)
08-03 20:36:10.233 14855 14874 D TfprPrefetchingStrategy: 		NotificationsActivity (0 hits)
08-03 20:36:10.233 14855 14874 D TfprPrefetchingStrategy: 		CompassActivity (0 hits)
08-03 20:36:10.233 14855 14874 D TfprPrefetchingStrategy: 	Ancestors:
08-03 20:36:10.233 14855 14874 D TfprPrefetchingStrategy: 		SplashActivity (0 hits)
08-03 20:36:10.233 14855 14874 D TfprPrefetchingStrategy: 
08-03 20:36:10.233 14855 14874 D TfprPrefetchingStrategy: MetricStrategyAccuracy inc execution count10 | act = false; extra = true
08-03 20:36:10.233 14855 14874 D TfprPrefetchingStrategy: ===
08-03 20:36:10.233 14855 14874 D TfprPrefetchingStrategy: calculateVisitTimeScores
08-03 20:36:10.233 14855 14874 D TfprPrefetchingStrategy: -------- Node MainActivity-----------
08-03 20:36:10.233 14855 14874 D TfprPrefetchingStrategy: tfprNode.aggregateVisitTime = 107410
08-03 20:36:10.233 14855 14874 D TfprPrefetchingStrategy: tfprNode.totalAggregateVisitTimeFromSuccessors = 92956
08-03 20:36:10.233 14855 14874 D TfprPrefetchingStrategy: tfprNode.aggregateVisitTimeFromSuccessors = {nappatfpr.io.github.project_travel_mate.utilities.UpcomingWeekendsActivity=37401, nappatfpr.io.github.project_travel_mate.utilities.ChecklistActivity=18817, nappatfpr.io.github.project_travel_mate.utilities.CompassActivity=8988, nappatfpr.io.github.project_travel_mate.notifications.NotificationsActivity=4789, nappatfpr.io.github.project_travel_mate.destinations.description.FinalCityInfoActivity=22961}
08-03 20:36:10.233 14855 14874 D TfprPrefetchingStrategy: -------- Node ChecklistActivity-----------
08-03 20:36:10.233 14855 14874 D TfprPrefetchingStrategy: tfprNode.aggregateVisitTime = 18817
08-03 20:36:10.233 14855 14874 D TfprPrefetchingStrategy: tfprNode.totalAggregateVisitTimeFromSuccessors = 0
08-03 20:36:10.233 14855 14874 D TfprPrefetchingStrategy: tfprNode.aggregateVisitTimeFromSuccessors = {}
08-03 20:36:10.233 14855 14874 D TfprPrefetchingStrategy: -------- Node UpcomingWeekendsActivity-----------
08-03 20:36:10.233 14855 14874 D TfprPrefetchingStrategy: tfprNode.aggregateVisitTime = 37401
08-03 20:36:10.233 14855 14874 D TfprPrefetchingStrategy: tfprNode.totalAggregateVisitTimeFromSuccessors = 0
08-03 20:36:10.233 14855 14874 D TfprPrefetchingStrategy: tfprNode.aggregateVisitTimeFromSuccessors = {}
08-03 20:36:10.233 14855 14874 D TfprPrefetchingStrategy: -------- Node CompassActivity-----------
08-03 20:36:10.233 14855 14874 D TfprPrefetchingStrategy: tfprNode.aggregateVisitTime = 8988
08-03 20:36:10.233 14855 14874 D TfprPrefetchingStrategy: tfprNode.totalAggregateVisitTimeFromSuccessors = 0
08-03 20:36:10.233 14855 14874 D TfprPrefetchingStrategy: tfprNode.aggregateVisitTimeFromSuccessors = {}
08-03 20:36:10.233 14855 14874 D TfprPrefetchingStrategy: -------- Node NotificationsActivity-----------
08-03 20:36:10.233 14855 14874 D TfprPrefetchingStrategy: tfprNode.aggregateVisitTime = 4789
08-03 20:36:10.233 14855 14874 D TfprPrefetchingStrategy: tfprNode.totalAggregateVisitTimeFromSuccessors = 0
08-03 20:36:10.233 14855 14874 D TfprPrefetchingStrategy: tfprNode.aggregateVisitTimeFromSuccessors = {}
08-03 20:36:10.233 14855 14874 D TfprPrefetchingStrategy: -------- Node FinalCityInfoActivity-----------
