08-05 15:22:51.275  5124  5167 D Nappa   : F1_SCORE - Prefetch list (2)= [https://api-hillfair-2k16.herokuapp.com/api/app/events/special/event?id=5806551bdcba0f490c70fd1f, https://api-hillfair-2k16.herokuapp.com/api/app/events/special/event?id=580655cddcba0f490c70fdd0]
08-05 15:22:51.275  5124  5167 D Nappa   : F1_SCORE - TP list (0)= []
08-05 15:22:51.275  5124  5167 D Nappa   : F1_SCORE - FN list (1)= [https://api-hillfair-2k16.herokuapp.com/api/app/events/special]
08-05 15:22:51.275  5124  5167 I NAPPA_EXPERIMENTATION: MetricPrefetchingAccuracy: LOG_ID='7',F1_SCORE_1='0.0',F1_SCORE_2='0.0',TRUE_POSITIVE='0',FALSE_POSITIVE='2',FALSE_NEGATIVE='1',
08-05 15:22:51.275  5124  5167 D CustomInterceptor: HEADER REQUEST
08-05 15:22:51.275  5124  5167 D CustomInterceptor: Cache-Control max-age=300, max-stale=300
08-05 15:22:51.276  5124  5167 D CustomInterceptor: CACHED STATS: size = '2', maxSize = '100', hitCount = '3', createCount = '0', putCount = '3', evictionCount = '0', missCount = '3', toString = 'LruCache[maxSize=100,hits=3,misses=3,hitRate=50%]', 
08-05 15:22:51.276  5124  5167 D CustomInterceptor: PREFLIB NOT A GET REQUEST OR NOT IN CACHEGET
08-05 15:22:51.276  5124  5167 D OkHttp  : --> GET https://api-hillfair-2k16.herokuapp.com/api/app/events/special/event?id=580655cddcba0f490c70fdd0 http/1.1
08-05 15:22:51.278  5124  5124 D NappaLifecycleObserver: nappagreedy.appteam.nith.hillffair.activities.BattleDayActivity - onPause
08-05 15:22:51.278  5124  5124 D Nappa   : Stayed on nappagreedy.appteam.nith.hillffair.activities.BattleDayActivity for 1540 ms
08-05 15:22:51.278  5994  5994 D AndroidRuntime: Shutting down VM
08-05 15:22:51.294  5124  5124 D Nappa   : TAG okHttpClient initialized
08-05 15:22:51.299  5124  5124 D NappaLifecycleObserver: nappagreedy.appteam.nith.hillffair.activities.ClubActivity - onResume
08-05 15:22:51.299  5124  5124 D Nappa   : setCurrentActivity - MetricStrategyAccuracy - 
08-05 15:22:51.299  5124  5124 D Nappa   : madePredictionFromActivity = false, 
08-05 15:22:51.299  5124  5124 D Nappa   : fromActivity = nappagreedy.appteam.nith.hillffair.activities.BattleDayActivity, 
08-05 15:22:51.299  5124  5124 D Nappa   : predictedNextActivityFromActivity = [], 
08-05 15:22:51.299  5124  5124 D Nappa   : activity.getClass().getCanonicalName() = nappagreedy.appteam.nith.hillffair.activities.ClubActivity, 
08-05 15:22:51.299  5124  5124 D Nappa   : setCurrentActivity - MetricStrategyAccuracy - 
08-05 15:22:51.299  5124  5124 D Nappa   : madePredictionFromExtra = true, 
08-05 15:22:51.299  5124  5124 D Nappa   : fromActivity = nappagreedy.appteam.nith.hillffair.activities.BattleDayActivity, 
08-05 15:22:51.299  5124  5124 D Nappa   : predictedNextActivityFromExtra = [nappagreedy.appteam.nith.hillffair.activities.ClubActivity], 
08-05 15:22:51.299  5124  5124 D Nappa   : activity.getClass().getCanonicalName() = nappagreedy.appteam.nith.hillffair.activities.ClubActivity, 
08-05 15:22:51.299  5124  6017 D CustomInterceptor: NETWORK-PROVIDER https://api-hillfair-2k16.herokuapp.com/api/app/events/special/event?id=580655cddcba0f490c70fdd0
08-05 15:22:51.299  5124  5124 D Nappa   : PREFETCH_ON_EXTRA - setCurrentActivity - logs - from activity - made prediction isfalse
08-05 15:22:51.299  5124  6017 D Nappa   : F1_SCORE list_url_prefetched - (already in) - https://api-hillfair-2k16.herokuapp.com/api/app/events/special/event?id=580655cddcba0f490c70fdd0
08-05 15:22:51.299  5124  6017 D Nappa   : -------------F1_SCORE #7 -----------
08-05 15:22:51.299  5124  6017 D Nappa   : F1_SCORE - Intercept list (1)= [https://api-hillfair-2k16.herokuapp.com/api/app/events/special]
08-05 15:22:51.299  5124  6017 D Nappa   : F1_SCORE - Prefetch list (2)= [https://api-hillfair-2k16.herokuapp.com/api/app/events/special/event?id=5806551bdcba0f490c70fd1f, https://api-hillfair-2k16.herokuapp.com/api/app/events/special/event?id=580655cddcba0f490c70fdd0]
08-05 15:22:51.299  5124  6017 D Nappa   : F1_SCORE - TP list (0)= []
08-05 15:22:51.299  5124  6017 D Nappa   : F1_SCORE - FN list (1)= [https://api-hillfair-2k16.herokuapp.com/api/app/events/special]
08-05 15:22:51.299  5124  6017 I NAPPA_EXPERIMENTATION: MetricPrefetchingAccuracy: LOG_ID='8',F1_SCORE_1='0.0',F1_SCORE_2='0.0',TRUE_POSITIVE='0',FALSE_POSITIVE='2',FALSE_NEGATIVE='1',
08-05 15:22:51.299  5124  6017 D CustomInterceptor: HEADER REQUEST
08-05 15:22:51.300  5124  6017 D CustomInterceptor: Cache-Control max-age=300, max-stale=300
08-05 15:22:51.300  5124  6017 D CustomInterceptor: CACHED STATS: size = '2', maxSize = '100', hitCount = '3', createCount = '0', putCount = '3', evictionCount = '0', missCount = '4', toString = 'LruCache[maxSize=100,hits=3,misses=4,hitRate=42%]', 
08-05 15:22:51.300  5124  6017 D CustomInterceptor: PREFLIB NOT A GET REQUEST OR NOT IN CACHEGET
08-05 15:22:51.399  5124  5124 D Nappa   : registerActivity: (already in) nappagreedy.appteam.nith.hillffair.activities.ClubActivity
08-05 15:22:51.399  5124  5124 D ActivityNode: ACTNODE UPDATING AFTER LOADING FROM DB
08-05 15:22:51.400  5124  5124 D ActivityGraph: LARDataCalculatedUpdate nappagreedy.appteam.nith.hillffair.activities.ClubActivity Pagerank: 0.25 HITS-Authority: 1.0 HITS-Hub: 1.0 SALSA-Authority: 1.0 SALSA-Hub: 1.0
08-05 15:22:51.400  5124  5124 D Nappa   : SHOULD_PREFETCH true
08-05 15:22:51.461  5124  5167 D OkHttp  : <-- 200 OK https://api-hillfair-2k16.herokuapp.com/api/app/events/special/event?id=580655cddcba0f490c70fdd0 (184ms, 721-byte body)
08-05 15:22:51.465  5124  5167 D CustomInterceptor: CACHE_CONTROL SETTING NEW MAX-AGE
08-05 15:22:51.465  5124  5139 I art     : Starting a blocking GC Explicit
08-05 15:22:51.466  5124  5167 D CustomInterceptor: HEADER RESPONSE
08-05 15:22:51.466  5124  5167 D CustomInterceptor: Cache-Control public, immutable, max-age=300, only-if-cached, max-stale=300
08-05 15:22:51.466  5124  5167 D CustomInterceptor: Connection keep-alive
08-05 15:22:51.466  5124  5167 D CustomInterceptor: Content-Length 721
08-05 15:22:51.466  5124  5167 D CustomInterceptor: Content-Type application/json; charset=utf-8
08-05 15:22:51.466  5124  5167 D CustomInterceptor: Date Wed, 05 Aug 2020 13:22:47 GMT
08-05 15:22:51.466  5124  5167 D CustomInterceptor: Etag W/"2d1-NPuA48ruWVHGJg9VdOKE4A"
08-05 15:22:51.466  5124  5167 D CustomInterceptor: Expires Wed, 05 Aug 2020 13:27:51 GMT+00:00
08-05 15:22:51.467  5124  5167 D CustomInterceptor: Server Cowboy
08-05 15:22:51.467  5124  5167 D CustomInterceptor: Via 1.1 vegur
08-05 15:22:51.467  5124  5167 D CustomInterceptor: X-Powered-By Express
08-05 15:22:51.467  5124  5167 D CustomInterceptor: CACHEABLE true
08-05 15:22:51.467  5124  5167 D CustomInterceptor: REQ https://api-hillfair-2k16.herokuapp.com/api/app/events/special/event?id=580655cddcba0f490c70fdd0
08-05 15:22:51.467  5124  5167 D CustomInterceptor: REQ_SERV_BY net
08-05 15:22:51.467  5124  5167 D CustomInterceptor: PREFLIB Adding response to lrucache - https://api-hillfair-2k16.herokuapp.com/api/app/events/special/event?id=580655cddcba0f490c70fdd0
08-05 15:22:51.468  5124  5167 D CustomInterceptor: interceptor_finished : return_type #3 : request served from remote and added to cache
08-05 15:22:51.469  5124  5167 D Nappa   : PREFSTRAT2 ADDING NEW ACTEXTRADATA
08-05 15:22:51.471  5124  5167 D Nappa   : PREFSTRAT2 ADDING NEW ACTEXTRADATA
08-05 15:22:51.473  5124  5167 D Nappa   : PREFSTRAT2 ADDING NEW ACTEXTRADATA
08-05 15:22:51.484  5124  5139 I art     : Explicit concurrent mark sweep GC freed 6485(459KB) AllocSpace objects, 1(20KB) LOS objects, 23% free, 52MB/68MB, paused 412us total 19.232ms
08-05 15:22:51.492  5124  5139 I art     : Starting a blocking GC Explicit
08-05 15:22:51.500  5124  5124 D Nappa   : registerActivity: (already in) nappagreedy.appteam.nith.hillffair.activities.ClubActivity
08-05 15:22:51.500  5124  5124 D Nappa   : STATS Number of requests not prefetched: 2
08-05 15:22:51.500  5124  5124 D Nappa   : STATS Number of requests prefetched: 0
08-05 15:22:51.500  5124  5124 D Nappa   : STATS Time saved until now: 0.0
08-05 15:22:51.507  5124  5139 I art     : Explicit concurrent mark sweep GC freed 710(34KB) AllocSpace objects, 0(0B) LOS objects, 23% free, 52MB/68MB, paused 371us total 15.622ms
08-05 15:22:51.514  5124  5139 I art     : Starting a blocking GC Explicit
08-05 15:22:51.530  5124  5139 I art     : Explicit concurrent mark sweep GC freed 58(2112B) AllocSpace objects, 0(0B) LOS objects, 23% free, 52MB/68MB, paused 352us total 15.620ms
08-05 15:22:51.537  5124  5139 I art     : Starting a blocking GC Explicit
08-05 15:22:51.552  5124  5139 I art     : Explicit concurrent mark sweep GC freed 5(176B) AllocSpace objects, 0(0B) LOS objects, 23% free, 52MB/68MB, paused 340us total 15.020ms
08-05 15:22:51.561  5124  5139 I art     : Starting a blocking GC Explicit
08-05 15:22:51.572   918   936 I ActivityManager: Displayed nappagreedy.appteam.nith.hillffair/.activities.ClubActivity: +293ms
08-05 15:22:51.572  5124  5124 D ActivityNode: Observer - intent extra - SplashActivity
08-05 15:22:51.572  5124  5124 D ActivityNode: Extras:
08-05 15:22:51.572 13866 13866 I GoogleInputMethodServic: GoogleInputMethodService.onFinishInput():3138 
08-05 15:22:51.572  5124  5124 D ActivityNode: Observer - intent extra - HomeActivity
08-05 15:22:51.572  5124  5124 D ActivityNode: Extras:
08-05 15:22:51.572  5124  5124 D ActivityNode: Observer - intent extra - ClubActivity
08-05 15:22:51.572  5124  5124 D ActivityNode: Extras:
08-05 15:22:51.572  5124  5124 D ActivityNode: Observer - intent extra - QuizActivity
08-05 15:22:51.572  5124  5124 D ActivityNode: Extras:
08-05 15:22:51.572  5124  5124 D ActivityNode: Observer - intent extra - LeaderBoardActivity
08-05 15:22:51.572  5124  5124 D ActivityNode: Extras:
08-05 15:22:51.572  5124  5124 D ActivityNode: Observer - intent extra - InformationActivity
08-05 15:22:51.572  5124  5124 D ActivityNode: Extras:
08-05 15:22:51.573  5124  5124 D ActivityNode: Observer - intent extra - EventActivity
08-05 15:22:51.573  5124  5124 D ActivityNode: Extras:
08-05 15:22:51.573  5124  5124 D ActivityNode: 	activity ID 8( key CLUB_NAME)
08-05 15:22:51.573  5124  5124 D ActivityNode: 	activity ID 8( key CLUB_NAME)
08-05 15:22:51.573  5124  5124 D ActivityNode: 	activity ID 8( key CLUB_NAME)
08-05 15:22:51.573  5124  5124 D ActivityNode: 	activity ID 8( key CLUB_NAME)
08-05 15:22:51.573  5124  5124 D ActivityNode: 	activity ID 8( key CLUB_NAME)
08-05 15:22:51.573  5124  5124 D ActivityNode: 	activity ID 8( key CLUB_NAME)
08-05 15:22:51.573  5124  5124 D ActivityNode: 	activity ID 8( key CLUB_NAME)
08-05 15:22:51.573  5124  5124 D ActivityNode: 	activity ID 8( key CLUB_NAME)
08-05 15:22:51.573  5124  5124 D ActivityNode: 	activity ID 8( key CLUB_NAME)
08-05 15:22:51.573  5124  5124 D ActivityNode: 	activity ID 8( key CLUB_NAME)
08-05 15:22:51.573  5124  5124 D ActivityNode: 	activity ID 8( key CLUB_NAME)
08-05 15:22:51.573  5124  5124 D ActivityNode: 	activity ID 8( key CLUB_NAME)
08-05 15:22:51.573  5124  5124 D ActivityNode: 	activity ID 8( key CLUB_NAME)
08-05 15:22:51.573  5124  5124 D ActivityNode: 	activity ID 8( key CLUB_NAME)
08-05 15:22:51.573  5124  5124 D ActivityNode: 	activity ID 8( key CLUB_NAME)
08-05 15:22:51.573  5124  5124 D ActivityNode: 	activity ID 8( key CLUB_NAME)
08-05 15:22:51.573  5124  5124 D ActivityNode: 	activity ID 8( key CLUB_NAME)
08-05 15:22:51.573  5124  5124 D ActivityNode: 	activity ID 8( key CLUB_NAME)
08-05 15:22:51.573  5124  5124 D ActivityNode: 	activity ID 8( key CLUB_NAME)
08-05 15:22:51.573  5124  5124 D ActivityNode: 	activity ID 8( key CLUB_NAME)
08-05 15:22:51.573  5124  5124 D ActivityNode: 	activity ID 8( key CLUB_NAME)
08-05 15:22:51.573  5124  5124 D ActivityNode: 	activity ID 8( key CLUB_NAME)
08-05 15:22:51.573  5124  5124 D ActivityNode: 	activity ID 8( key CLUB_NAME)
08-05 15:22:51.573  5124  5124 D ActivityNode: 	activity ID 8( key CLUB_NAME)
08-05 15:22:51.573  5124  5124 D ActivityNode: 	activity ID 8( key CLUB_NAME)
08-05 15:22:51.573  5124  5124 D ActivityNode: 	activity ID 8( key CLUB_NAME)
08-05 15:22:51.573  5124  5124 D ActivityNode: 	activity ID 8( key CLUB_NAME)
08-05 15:22:51.573  5124  5124 D ActivityNode: 	activity ID 8( key CLUB_NAME)
08-05 15:22:51.573  5124  5124 D ActivityNode: 	activity ID 8( key CLUB_NAME)
08-05 15:22:51.573  5124  5124 D ActivityNode: 	activity ID 8( key CLUB_NAME)
08-05 15:22:51.573  5124  5124 D ActivityNode: 	activity ID 8( key CLUB_NAME)
08-05 15:22:51.573  5124  5124 D ActivityNode: 	activity ID 8( key CLUB_NAME)
08-05 15:22:51.573  5124  5124 D ActivityNode: 	activity ID 8( key CLUB_NAME)
08-05 15:22:51.573  5124  5124 D ActivityNode: 	activity ID 8( key CLUB_NAME)
08-05 15:22:51.573  5124  5124 D ActivityNode: 	activity ID 8( key CLUB_NAME)
08-05 15:22:51.573  5124  5124 D ActivityNode: 	activity ID 8( key CLUB_NAME)
08-05 15:22:51.573  5124  5124 D ActivityNode: 	activity ID 8( key CLUB_NAME)
08-05 15:22:51.573  5124  5124 D ActivityNode: 	activity ID 8( key CLUB_NAME)
08-05 15:22:51.573  5124  5124 D ActivityNode: 	activity ID 8( key CLUB_NAME)
08-05 15:22:51.573  5124  5124 D ActivityNode: 	activity ID 8( key CLUB_NAME)
08-05 15:22:51.573  5124  5124 D ActivityNode: 	activity ID 8( key CLUB_NAME)
08-05 15:22:51.573  5124  5124 D ActivityNode: 	activity ID 8( key CLUB_NAME)
08-05 15:22:51.573 13866 13866 I GoogleInputMethodServic: GoogleInputMethodService.onStartInput():1808 
08-05 15:22:51.573  5124  5124 D ActivityNode: Observer - intent extra - BattleDayActivity
08-05 15:22:51.573  5124  5124 D ActivityNode: Extras:
08-05 15:22:51.573  5124  5124 D ActivityNode: 	activity ID 3( key battleday)
08-05 15:22:51.573  5124  5124 D ActivityNode: 	activity ID 3( key id)
08-05 15:22:51.573  5124  5124 D ActivityNode: 	activity ID 3( key name)
08-05 15:22:51.573  5124  5124 D ActivityNode: 	activity ID 3( key battleday)
08-05 15:22:51.573  5124  5124 D ActivityNode: 	activity ID 3( key id)
08-05 15:22:51.573  5124  5124 D ActivityNode: 	activity ID 3( key name)
08-05 15:22:51.573  5124  5124 D ActivityNode: 	activity ID 3( key battleday)
08-05 15:22:51.573  5124  5124 D ActivityNode: 	activity ID 3( key id)
08-05 15:22:51.573  5124  5124 D ActivityNode: 	activity ID 3( key name)
08-05 15:22:51.573  5124  5124 D ActivityNode: 	activity ID 3( key battleday)
08-05 15:22:51.573  5124  5124 D ActivityNode: 	activity ID 3( key id)
08-05 15:22:51.573  5124  5124 D ActivityNode: 	activity ID 3( key name)
08-05 15:22:51.573  5124  5124 D ActivityNode: 	activity ID 3( key battleday)
08-05 15:22:51.573  5124  5124 D ActivityNode: 	activity ID 3( key id)
08-05 15:22:51.573  5124  5124 D ActivityNode: 	activity ID 3( key name)
08-05 15:22:51.573  5124  5124 D ActivityNode: 	activity ID 3( key battleday)
08-05 15:22:51.573  5124  5124 D ActivityNode: 	activity ID 3( key id)
08-05 15:22:51.573  5124  5124 D ActivityNode: 	activity ID 3( key name)
08-05 15:22:51.573  5124  5124 D ActivityNode: 	activity ID 3( key battleday)
08-05 15:22:51.573  5124  5124 D ActivityNode: 	activity ID 3( key id)
08-05 15:22:51.573  5124  5124 D ActivityNode: 	activity ID 3( key name)
08-05 15:22:51.573  5124  5124 D ActivityNode: 	activity ID 3( key battleday)
08-05 15:22:51.573  5124  5124 D ActivityNode: 	activity ID 3( key id)
08-05 15:22:51.573  5124  5124 D ActivityNode: 	activity ID 3( key name)
08-05 15:22:51.573  5124  5124 D ActivityNode: 	activity ID 3( key battleday)
08-05 15:22:51.573  5124  5124 D ActivityNode: 	activity ID 3( key id)
08-05 15:22:51.573  5124  5124 D ActivityNode: 	activity ID 3( key name)
08-05 15:22:51.573  5124  5124 D ActivityNode: 	activity ID 3( key battleday)
08-05 15:22:51.573  5124  5124 D ActivityNode: 	activity ID 3( key id)
08-05 15:22:51.573  5124  5124 D ActivityNode: 	activity ID 3( key name)
08-05 15:22:51.573  5124  5124 D ActivityNode: 	activity ID 3( key battleday)
08-05 15:22:51.573  5124  5124 D ActivityNode: 	activity ID 3( key id)
08-05 15:22:51.573  5124  5124 D ActivityNode: 	activity ID 3( key name)
08-05 15:22:51.573  5124  5124 D ActivityNode: 	activity ID 3( key battleday)
08-05 15:22:51.573  5124  5124 D ActivityNode: 	activity ID 3( key id)
08-05 15:22:51.573  5124  5124 D ActivityNode: 	activity ID 3( key name)
08-05 15:22:51.573  5124  5124 D ActivityNode: 	activity ID 3( key battleday)
08-05 15:22:51.573  5124  5124 D ActivityNode: 	activity ID 3( key id)
08-05 15:22:51.573  5124  5124 D ActivityNode: 	activity ID 3( key name)
08-05 15:22:51.573  5124  5124 D ActivityNode: 	activity ID 3( key battleday)
08-05 15:22:51.573  5124  5124 D ActivityNode: 	activity ID 3( key id)
08-05 15:22:51.573  5124  5124 D ActivityNode: 	activity ID 3( key name)
08-05 15:22:51.573  5124  5124 D ActivityNode: 	activity ID 3( key battleday)
08-05 15:22:51.573  5124  5124 D ActivityNode: 	activity ID 3( key id)
08-05 15:22:51.573  5124  5124 D ActivityNode: 	activity ID 3( key name)
08-05 15:22:51.573  5124  5124 D ActivityNode: 	activity ID 3( key battleday)
08-05 15:22:51.573  5124  5124 D ActivityNode: 	activity ID 3( key id)
08-05 15:22:51.573  5124  5124 D ActivityNode: 	activity ID 3( key name)
08-05 15:22:51.573  5124  5124 D ActivityNode: 	activity ID 3( key battleday)
08-05 15:22:51.573  5124  5124 D ActivityNode: 	activity ID 3( key id)
08-05 15:22:51.573  5124  5124 D ActivityNode: 	activity ID 3( key name)
08-05 15:22:51.573  5124  5124 D ActivityNode: 	activity ID 3( key battleday)
08-05 15:22:51.573  5124  5124 D ActivityNode: 	activity ID 3( key id)
08-05 15:22:51.573  5124  5124 D ActivityNode: 	activity ID 3( key name)
08-05 15:22:51.573  5124  5124 D ActivityNode: 	activity ID 3( key battleday)
08-05 15:22:51.573  5124  5124 D ActivityNode: 	activity ID 3( key id)
08-05 15:22:51.573  5124  5124 D ActivityNode: 	activity ID 3( key name)
08-05 15:22:51.573  5124  5124 D ActivityNode: 	activity ID 3( key battleday)
08-05 15:22:51.573  5124  5124 D ActivityNode: 	activity ID 3( key id)
08-05 15:22:51.573  5124  5124 D ActivityNode: 	activity ID 3( key name)
08-05 15:22:51.573  5124  5124 D ActivityNode: 	activity ID 3( key battleday)
08-05 15:22:51.573  5124  5124 D ActivityNode: 	activity ID 3( key id)
08-05 15:22:51.573  5124  5124 D ActivityNode: 	activity ID 3( key name)
08-05 15:22:51.573  5124  5124 D ActivityNode: 	activity ID 3( key battleday)
08-05 15:22:51.573  5124  5124 D ActivityNode: 	activity ID 3( key id)
08-05 15:22:51.573  5124  5124 D ActivityNode: 	activity ID 3( key name)
08-05 15:22:51.573  5124  5124 D ActivityNode: 	activity ID 3( key battleday)
08-05 15:22:51.573  5124  5124 D ActivityNode: 	activity ID 3( key id)
08-05 15:22:51.573  5124  5124 D ActivityNode: 	activity ID 3( key name)
08-05 15:22:51.573  5124  5124 D ActivityNode: 	activity ID 3( key battleday)
08-05 15:22:51.573  5124  5124 D ActivityNode: 	activity ID 3( key id)
08-05 15:22:51.573  5124  5124 D ActivityNode: 	activity ID 3( key name)
08-05 15:22:51.573  5124  5124 D ActivityNode: 	activity ID 3( key battleday)
08-05 15:22:51.573  5124  5124 D ActivityNode: 	activity ID 3( key id)
08-05 15:22:51.573  5124  5124 D ActivityNode: 	activity ID 3( key name)
08-05 15:22:51.573  5124  5124 D ActivityNode: 	activity ID 3( key battleday)
08-05 15:22:51.573  5124  5124 D ActivityNode: 	activity ID 3( key id)
08-05 15:22:51.573  5124  5124 D ActivityNode: 	activity ID 3( key name)
08-05 15:22:51.573  5124  5124 D ActivityNode: 	activity ID 3( key battleday)
08-05 15:22:51.573  5124  5124 D ActivityNode: 	activity ID 3( key id)
08-05 15:22:51.573  5124  5124 D ActivityNode: 	activity ID 3( key name)
08-05 15:22:51.573  5124  5124 D ActivityNode: 	activity ID 3( key battleday)
08-05 15:22:51.573  5124  5124 D ActivityNode: 	activity ID 3( key id)
08-05 15:22:51.573  5124  5124 D ActivityNode: 	activity ID 3( key name)
08-05 15:22:51.573  5124  5124 D ActivityNode: 	activity ID 3( key battleday)
08-05 15:22:51.573  5124  5124 D ActivityNode: 	activity ID 3( key id)
08-05 15:22:51.573  5124  5124 D ActivityNode: 	activity ID 3( key name)
08-05 15:22:51.573  5124  5124 D ActivityNode: 	activity ID 3( key battleday)
08-05 15:22:51.573  5124  5124 D ActivityNode: 	activity ID 3( key id)
08-05 15:22:51.573  5124  5124 D ActivityNode: 	activity ID 3( key name)
08-05 15:22:51.573  5124  5124 D ActivityNode: 	activity ID 3( key battleday)
08-05 15:22:51.573  5124  5124 D ActivityNode: 	activity ID 3( key id)
08-05 15:22:51.573  5124  5124 D ActivityNode: 	activity ID 3( key name)
08-05 15:22:51.573  5124  5124 D ActivityNode: 	activity ID 3( key battleday)
08-05 15:22:51.573  5124  5124 D ActivityNode: 	activity ID 3( key id)
08-05 15:22:51.573  5124  5124 D ActivityNode: 	activity ID 3( key name)
08-05 15:22:51.573  5124  5124 D ActivityNode: 	activity ID 3( key battleday)
08-05 15:22:51.573  5124  5124 D ActivityNode: 	activity ID 3( key id)
08-05 15:22:51.573  5124  5124 D ActivityNode: 	activity ID 3( key name)
08-05 15:22:51.573  5124  5124 D ActivityNode: 	activity ID 3( key battleday)
08-05 15:22:51.573  5124  5124 D ActivityNode: 	activity ID 3( key id)
08-05 15:22:51.573  5124  5124 D ActivityNode: 	activity ID 3( key name)
08-05 15:22:51.573  5124  5124 D ActivityNode: 	activity ID 3( key battleday)
08-05 15:22:51.573  5124  5124 D ActivityNode: 	activity ID 3( key id)
08-05 15:22:51.573  5124  5124 D ActivityNode: 	activity ID 3( key name)
08-05 15:22:51.573  5124  5124 D ActivityNode: 	activity ID 3( key battleday)
08-05 15:22:51.573  5124  5124 D ActivityNode: 	activity ID 3( key id)
08-05 15:22:51.573  5124  5124 D ActivityNode: 	activity ID 3( key name)
08-05 15:22:51.573  5124  5124 D ActivityNode: 	activity ID 3( key battleday)
08-05 15:22:51.573  5124  5124 D ActivityNode: 	activity ID 3( key id)
08-05 15:22:51.573  5124  5124 D ActivityNode: 	activity ID 3( key name)
08-05 15:22:51.573  5124  5124 D ActivityNode: 	activity ID 3( key battleday)
08-05 15:22:51.573  5124  5124 D ActivityNode: 	activity ID 3( key id)
08-05 15:22:51.573  5124  5124 D ActivityNode: 	activity ID 3( key name)
08-05 15:22:51.573  5124  5124 D ActivityNode: 	activity ID 3( key battleday)
08-05 15:22:51.573  5124  5124 D ActivityNode: 	activity ID 3( key id)
08-05 15:22:51.573  5124  5124 D ActivityNode: 	activity ID 3( key name)
08-05 15:22:51.573  5124  5124 D ActivityNode: 	activity ID 3( key battleday)
08-05 15:22:51.573  5124  5124 D ActivityNode: 	activity ID 3( key id)
08-05 15:22:51.573  5124  5124 D ActivityNode: 	activity ID 3( key name)
08-05 15:22:51.573  5124  5124 D ActivityNode: 	activity ID 3( key battleday)
08-05 15:22:51.573  5124  5124 D ActivityNode: 	activity ID 3( key id)
08-05 15:22:51.573  5124  5124 D ActivityNode: 	activity ID 3( key name)
08-05 15:22:51.573  5124  5124 D ActivityNode: 	activity ID 3( key battleday)
08-05 15:22:51.573  5124  5124 D ActivityNode: 	activity ID 3( key id)
08-05 15:22:51.573  5124  5124 D ActivityNode: 	activity ID 3( key name)
08-05 15:22:51.573  5124  5124 D ActivityNode: 	activity ID 3( key battleday)
08-05 15:22:51.573  5124  5124 D ActivityNode: 	activity ID 3( key id)
08-05 15:22:51.573  5124  5124 D ActivityNode: 	activity ID 3( key name)
08-05 15:22:51.573  5124  5124 D ActivityNode: 	activity ID 3( key battleday)
08-05 15:22:51.573  5124  5124 D ActivityNode: 	activity ID 3( key id)
08-05 15:22:51.573  5124  5124 D ActivityNode: 	activity ID 3( key name)
08-05 15:22:51.576  5124  5167 D Nappa   : registerActivity: (already in) nappagreedy.appteam.nith.hillffair.activities.ClubActivity
08-05 15:22:51.576  5124  5167 D Nappa   : PARENTS 
08-05 15:22:51.576  5124  5167 D Nappa   : Of: nappagreedy.appteam.nith.hillffair.activities.ClubActivity -> 
08-05 15:22:51.576  5124  5167 D Nappa   : PARENTS nappagreedy.appteam.nith.hillffair.activities.BattleDayActivity
08-05 15:22:51.576  5124  5167 D Nappa   : PARENTS has extra: (name, Dance)
08-05 15:22:51.576  5124  5167 D Nappa   : PARENTS has extra: (id, 580655cddcba0f490c70fdd0)
08-05 15:22:51.576  5124  5167 D Nappa   : PARENTS value of key 'id' is contained into https://api-hillfair-2k16.herokuapp.com/api/app/events/special/event?id=580655cddcba0f490c70fdd0
08-05 15:22:51.577  5124  5167 D Nappa   : PARENTS https://api-hillfair-2k16.herokuapp.com/api/app/events/special/event?id=
08-05 15:22:51.577  5124  5167 D Nappa   : PARENTS PARAM: id
08-05 15:22:51.577  5124  5167 D Nappa   : PARENTS   NODE nappagreedy.appteam.nith.hillffair.activities.ClubActivity ALREADY CONTAINS THIS URL
08-05 15:22:51.577  5124  5167 D Nappa   : PARENTS has extra: (battleday, true)
08-05 15:22:51.578  5124  5167 D Nappa   : PARENTS nappagreedy.appteam.nith.hillffair.activities.HomeActivity
08-05 15:22:51.578  5124  5167 D Nappa   : PARENTS nappagreedy.appteam.nith.hillffair.activities.SplashActivity
08-05 15:22:51.578  5124  5167 D Nappa   : PARENTS nappagreedy.appteam.nith.hillffair.activities.EventActivity
08-05 15:22:51.580  5124  5139 I art     : Explicit concurrent mark sweep GC freed 641(85KB) AllocSpace objects, 0(0B) LOS objects, 23% free, 52MB/68MB, paused 616us total 18.620ms
08-05 15:22:51.602  5124  5124 D ActivityNode: Observer - visit time - BattleDayActivity - New aggregate visit time found is 98599 ms
08-05 15:22:51.681  5124  5167 D Nappa   : registerActivity: (already in) nappagreedy.appteam.nith.hillffair.activities.ClubActivity
08-05 15:22:51.681  5124  5167 D Nappa   : PARENTS 
08-05 15:22:51.681  5124  5167 D Nappa   : Of: nappagreedy.appteam.nith.hillffair.activities.ClubActivity -> 
08-05 15:22:51.681  5124  5167 D Nappa   : PARENTS nappagreedy.appteam.nith.hillffair.activities.BattleDayActivity
08-05 15:22:51.681  5124  5167 D Nappa   : PARENTS has extra: (name, Dance)
08-05 15:22:51.681  5124  5167 D Nappa   : PARENTS has extra: (id, 580655cddcba0f490c70fdd0)
08-05 15:22:51.681  5124  5167 D Nappa   : PARENTS value of key 'id' is contained into https://api-hillfair-2k16.herokuapp.com/api/app/events/special/event?id=580655cddcba0f490c70fdd0
08-05 15:22:51.681  5124  5167 D Nappa   : PARENTS https://api-hillfair-2k16.herokuapp.com/api/app/events/special/event?id=
08-05 15:22:51.682  5124  5167 D Nappa   : PARENTS PARAM: id
08-05 15:22:51.682  5124  5167 D Nappa   : PARENTS   NODE nappagreedy.appteam.nith.hillffair.activities.ClubActivity ALREADY CONTAINS THIS URL
08-05 15:22:51.682  5124  5167 D Nappa   : PARENTS has extra: (battleday, true)
08-05 15:22:51.682  5124  5167 D Nappa   : PARENTS nappagreedy.appteam.nith.hillffair.activities.HomeActivity
08-05 15:22:51.682  5124  5167 D Nappa   : PARENTS nappagreedy.appteam.nith.hillffair.activities.SplashActivity
08-05 15:22:51.682  5124  5167 D Nappa   : PARENTS nappagreedy.appteam.nith.hillffair.activities.EventActivity
08-05 15:22:51.685  5124  5124 D ActivityNode: Observer - session data - sourceClubActivity
08-05 15:22:51.685  5124  5124 D ActivityNode: destinations:
08-05 15:22:51.685  5124  5124 D ActivityNode: Observer - session data - sourceBattleDayActivity
08-05 15:22:51.685  5124  5124 D ActivityNode: destinations:
08-05 15:22:51.685  5124  5124 D ActivityNode: 	nappagreedy.appteam.nith.hillffair.activities.ClubActivity( count 26)
08-05 15:22:51.685  5124  5124 D ActivityNode: Observer - session data - sourceSplashActivity
08-05 15:22:51.685  5124  5124 D ActivityNode: destinations:
08-05 15:22:51.685  5124  5124 D ActivityNode: 	nappagreedy.appteam.nith.hillffair.activities.HomeActivity( count 5)
08-05 15:22:51.685  5124  5124 D ActivityNode: Observer - session data - sourceHomeActivity
08-05 15:22:51.685  5124  5124 D ActivityNode: destinations:
08-05 15:22:51.685  5124  5124 D ActivityNode: 	nappagreedy.appteam.nith.hillffair.activities.BattleDayActivity( count 9)
08-05 15:22:51.685  5124  5124 D ActivityNode: 	nappagreedy.appteam.nith.hillffair.activities.QuizActivity( count 8)
08-05 15:22:51.685  5124  5124 D ActivityNode: 	nappagreedy.appteam.nith.hillffair.activities.EventActivity( count 8)
08-05 15:22:51.685  5124  5124 D ActivityNode: Observer - session data - sourceInformationActivity
08-05 15:22:51.685  5124  5124 D ActivityNode: destinations:
08-05 15:22:51.685  5124  5124 D ActivityNode: Observer - session data - sourceLeaderBoardActivity
08-05 15:22:51.685  5124  5124 D ActivityNode: destinations:
08-05 15:22:51.685  5124  5124 D ActivityNode: Observer - session data - sourceQuizActivity
08-05 15:22:51.685  5124  5124 D ActivityNode: destinations:
08-05 15:22:51.685  5124  5124 D ActivityNode: 	nappagreedy.appteam.nith.hillffair.activities.LeaderBoardActivity( count 12)
08-05 15:22:51.685  5124  5124 D ActivityNode: 	nappagreedy.appteam.nith.hillffair.activities.InformationActivity( count 4)
08-05 15:22:51.685  5124  5124 D ActivityNode: Observer - session data - sourceEventActivity
08-05 15:22:51.685  5124  5124 D ActivityNode: destinations:
08-05 15:22:51.685  5124  5124 D ActivityNode: 	nappagreedy.appteam.nith.hillffair.activities.ClubActivity( count 24)
08-05 15:22:51.700  5124  5167 D Nappa   : PREFETCH_ON_EXTRA - setCurrentActivity - logs - from extra - made prediction istrue
08-05 15:22:51.700  5124  5167 D Nappa   : PREFETCH_ON_EXTRA - setCurrentActivity - logs - from extra - start
08-05 15:22:51.700  5124  5167 D Nappa   : setCurrentActivity - MetricStrategyAccuracy - checking prediction VS current activity for extras
08-05 15:22:51.700  5124  5167 D GreedyPrefetchingStrategyOnVisitFrequencyAndTime: MetricStrategyAccuracy inc hits count3 | from extra
08-05 15:22:51.700  5124  5167 I NAPPA_EXPERIMENTATION: MetricStrategyAccuracy: LOG_ID='5',EXECUTION_COUNT='5',CASES_COUNT='5',HIT_PERCENTAGE_TOTAL='60.0',HIT_PERCENTAGE_WHEN_PREDICTED='100.0',HIT_COUNT='3',MISS_COUNT='0',INSUFFICIENT_SCORE_COUNT='1',EXCEPTION_COUNT='0',NO_SUCCESSOR_COUNT='1',
08-05 15:22:51.700  5124  5167 D Nappa   : PREFETCH_ON_EXTRA - setCurrentActivity - logs - from extra- finished
08-05 15:22:51.830   380   380 W SurfaceFlinger: couldn't log to binary event log: overflow.
08-05 15:22:51.839  5124  5139 I art     : Starting a blocking GC Explicit
08-05 15:22:51.857  5124  5139 I art     : Explicit concurrent mark sweep GC freed 2921(163KB) AllocSpace objects, 1(20KB) LOS objects, 23% free, 52MB/68MB, paused 313us total 16.964ms
08-05 15:22:51.862  5124  5139 I art     : Starting a blocking GC Explicit
08-05 15:22:51.872   518   646 I ThermalEngine: ACTION: GPU - Setting GPU[0] to 510000000
08-05 15:22:51.878  5124  5139 I art     : Explicit concurrent mark sweep GC freed 382(13KB) AllocSpace objects, 0(0B) LOS objects, 23% free, 52MB/68MB, paused 439us total 15.677ms
08-05 15:22:51.886  5124  5139 I art     : Starting a blocking GC Explicit
08-05 15:22:51.904  5124  5139 I art     : Explicit concurrent mark sweep GC freed 3(96B) AllocSpace objects, 0(0B) LOS objects, 23% free, 52MB/68MB, paused 409us total 18.150ms
08-05 15:22:51.913  5124  5139 I art     : Starting a blocking GC Explicit
08-05 15:22:51.931  5124  5139 I art     : Explicit concurrent mark sweep GC freed 3(96B) AllocSpace objects, 0(0B) LOS objects, 23% free, 52MB/68MB, paused 433us total 18.256ms
08-05 15:22:51.939  5124  5139 I art     : Starting a blocking GC Explicit
08-05 15:22:51.960  5124  5139 I art     : Explicit concurrent mark sweep GC freed 111(6KB) AllocSpace objects, 0(0B) LOS objects, 23% free, 52MB/68MB, paused 542us total 21.329ms
08-05 15:22:52.000  5124  5167 D Nappa   : PREFETCH_ON_EXTRA - setCurrentActivity - starting new prediction
08-05 15:22:52.000  5124  5167 D Nappa   : Current node - currentActivityName - nappagreedy.appteam.nith.hillffair.activities.ClubActivity
08-05 15:22:52.000  5124  5167 D Nappa   : Current node - activityGraph.getCurrent() - nappagreedy.appteam.nith.hillffair.activities.ClubActivity
08-05 15:22:52.001  5124  5167 I NAPPA_EXPERIMENTATION: MetricNappaPrefetchingStrategyExecutionTime: STRATEGY_CLASS='GreedyPrefetchingStrategyOnVisitFrequencyAndTime',DURATION='46927',NUMBER_OF_URLS='0',NUMBER_OF_SELECTED_CHILDREN_NODES='0',NUMBER_OF_CHILDREN_NODES='0',STRATEGY_RUN_SUCCESSFULLY='True',
08-05 15:22:52.001  5124  5167 D GreedyPrefetchingStrategyOnVisitFrequencyAndTime: ==================================
08-05 15:22:52.001  5124  5167 D GreedyPrefetchingStrategyOnVisitFrequencyAndTime: Starting Run #6
08-05 15:22:52.001  5124  5167 D GreedyPrefetchingStrategyOnVisitFrequencyAndTime: ----------------------------------
08-05 15:22:52.001  5124  5167 D GreedyPrefetchingStrategyOnVisitFrequencyAndTime: Node data ClubActivity 
08-05 15:22:52.001  5124  5167 D GreedyPrefetchingStrategyOnVisitFrequencyAndTime: 	Successors:
08-05 15:22:52.001  5124  5167 D GreedyPrefetchingStrategyOnVisitFrequencyAndTime: 
08-05 15:22:52.001  5124  5167 D GreedyPrefetchingStrategyOnVisitFrequencyAndTime: 	Ancestors:
08-05 15:22:52.001  5124  5167 D GreedyPrefetchingStrategyOnVisitFrequencyAndTime: 		BattleDayActivity (0 hits)
08-05 15:22:52.001  5124  5167 D GreedyPrefetchingStrategyOnVisitFrequencyAndTime: 		EventActivity (0 hits)
08-05 15:22:52.001  5124  5167 D GreedyPrefetchingStrategyOnVisitFrequencyAndTime: 
08-05 15:22:52.001  5124  5167 D GreedyPrefetchingStrategyOnVisitFrequencyAndTime: MetricStrategyAccuracy inc execution count6 | act = true; extra = false
08-05 15:22:52.001  5124  5167 D GreedyPrefetchingStrategyOnVisitFrequencyAndTime: MetricStrategyAccuracy inc no sucessor count2 | act = true; extra = false
08-05 15:22:52.001  5124  5167 D GreedyPrefetchingStrategyOnVisitFrequencyAndTime: ------------- Recursion #1 -----------
08-05 15:22:52.001  5124  5167 D GreedyPrefetchingStrategyOnVisitFrequencyAndTime: Best successors so far []
08-05 15:22:52.001  5124  5167 D GreedyPrefetchingStrategyOnVisitFrequencyAndTime: Checking node ClubActivity with 0 successors
08-05 15:22:52.001  5124  5167 D GreedyPrefetchingStrategyOnVisitFrequencyAndTime: this node has no successors
08-05 15:22:52.001  5124  5167 D GreedyPrefetchingStrategyOnVisitFrequencyAndTime: Next visited child will be []
08-05 15:22:52.001  5124  5167 D GreedyPrefetchingStrategyOnVisitFrequencyAndTime: ==================================
08-05 15:22:52.001  5124  5167 D Nappa   : PREFETCH_ON_EXTRA - setCurrentActivity - finished new prediction
08-05 15:22:52.235  5124  5237 I art     : Starting a blocking GC Explicit
08-05 15:22:52.237  5124  6017 D OkHttp  : --> GET https://api-hillfair-2k16.herokuapp.com/api/app/events/special/event?id=580655cddcba0f490c70fdd0 http/1.1
08-05 15:22:52.258  5124  5237 I art     : Explicit concurrent mark sweep GC freed 4335(238KB) AllocSpace objects, 4(220KB) LOS objects, 23% free, 52MB/68MB, paused 536us total 23.021ms
08-05 15:22:52.267  5124  5237 I art     : Starting a blocking GC Explicit
08-05 15:22:52.272  1458  1458 I ServiceManager: Waiting for service AtCmdFwd...
08-05 15:22:52.276  5124  6017 D OkHttp  : <-- 200 OK https://api-hillfair-2k16.herokuapp.com/api/app/events/special/event?id=580655cddcba0f490c70fdd0 (38ms, 721-byte body)
08-05 15:22:52.282  5124  6017 D CustomInterceptor: CACHE_CONTROL SETTING NEW MAX-AGE
08-05 15:22:52.283  5124  6017 D CustomInterceptor: HEADER RESPONSE
08-05 15:22:52.283  5124  6017 D CustomInterceptor: Cache-Control public, immutable, max-age=300, only-if-cached, max-stale=300
08-05 15:22:52.283  5124  6017 D CustomInterceptor: Connection keep-alive
08-05 15:22:52.283  5124  6017 D CustomInterceptor: Content-Length 721
08-05 15:22:52.283  5124  6017 D CustomInterceptor: Content-Type application/json; charset=utf-8
08-05 15:22:52.283  5124  6017 D CustomInterceptor: Date Wed, 05 Aug 2020 13:22:48 GMT
08-05 15:22:52.283  5124  6017 D CustomInterceptor: Etag W/"2d1-NPuA48ruWVHGJg9VdOKE4A"
08-05 15:22:52.283  5124  6017 D CustomInterceptor: Expires Wed, 05 Aug 2020 13:27:52 GMT+00:00
08-05 15:22:52.283  5124  6017 D CustomInterceptor: Server Cowboy
08-05 15:22:52.283  5124  6017 D CustomInterceptor: Via 1.1 vegur
08-05 15:22:52.283  5124  6017 D CustomInterceptor: X-Powered-By Express
08-05 15:22:52.283  5124  6017 D CustomInterceptor: CACHEABLE true
08-05 15:22:52.283  5124  6017 D CustomInterceptor: REQ https://api-hillfair-2k16.herokuapp.com/api/app/events/special/event?id=580655cddcba0f490c70fdd0
08-05 15:22:52.284  5124  6017 D CustomInterceptor: REQ_SERV_BY net
08-05 15:22:52.284  5124  6017 D CustomInterceptor: PREFLIB Adding response to lrucache - https://api-hillfair-2k16.herokuapp.com/api/app/events/special/event?id=580655cddcba0f490c70fdd0
08-05 15:22:52.288  5124  5237 I art     : Explicit concurrent mark sweep GC freed 1373(163KB) AllocSpace objects, 0(0B) LOS objects, 23% free, 52MB/68MB, paused 522us total 20.235ms
08-05 15:22:52.296  5124  5237 I art     : Starting a blocking GC Explicit
08-05 15:22:52.316  5124  5237 I art     : Explicit concurrent mark sweep GC freed 87(3KB) AllocSpace objects, 0(0B) LOS objects, 23% free, 52MB/68MB, paused 427us total 19.846ms
08-05 15:22:52.325  5124  5237 I art     : Starting a blocking GC Explicit
08-05 15:22:52.330  5124  6017 D CustomInterceptor: interceptor_finished : return_type #3 : request served from remote and added to cache
08-05 15:22:52.344  5124  5237 I art     : Explicit concurrent mark sweep GC freed 106(30KB) AllocSpace objects, 0(0B) LOS objects, 23% free, 52MB/68MB, paused 419us total 19.654ms
08-05 15:22:52.348  5124  5124 I NAPPA_EXPERIMENTATION: MetricNetworkRequestExecutionTime: REQUEST_DURATION_SYSTEM='1051',REQUEST_DURATION_OKHTTP='0',REQUEST_SYNCHRONOUS='FALSE',RESPONSE_CODE='200',RESPONSE_METHOD='GET',RESPONSE_LENGTH_OKHTTP='721',RESPONSE_LENGTH_HEADER='-2',REQUEST_PROTOCOL='http/1.1',REQUEST_URL='https://api-hillfair-2k16.herokuapp.com/api/app/events/special/event?id=580655cddcba0f490c70fdd0',
08-05 15:22:52.352  5124  5237 I art     : Starting a blocking GC Explicit
08-05 15:22:52.372  5124  5237 I art     : Explicit concurrent mark sweep GC freed 456(42KB) AllocSpace objects, 0(0B) LOS objects, 23% free, 52MB/68MB, paused 507us total 19.292ms
08-05 15:22:52.665  5124  5139 I art     : Starting a blocking GC Explicit
08-05 15:22:52.687  5124  5139 I art     : Explicit concurrent mark sweep GC freed 1598(111KB) AllocSpace objects, 1(20KB) LOS objects, 23% free, 52MB/68MB, paused 491us total 22.257ms
08-05 15:22:52.696  5124  5139 I art     : Starting a blocking GC Explicit
08-05 15:22:52.718  5124  5139 I art     : Explicit concurrent mark sweep GC freed 34(1216B) AllocSpace objects, 0(0B) LOS objects, 23% free, 52MB/68MB, paused 455us total 21.755ms
08-05 15:22:52.727  5124  5139 I art     : Starting a blocking GC Explicit
08-05 15:22:52.748  5124  5139 I art     : Explicit concurrent mark sweep GC freed 3(96B) AllocSpace objects, 0(0B) LOS objects, 23% free, 52MB/68MB, paused 396us total 20.668ms
08-05 15:22:52.757  5124  5139 I art     : Starting a blocking GC Explicit
08-05 15:22:52.779  5124  5139 I art     : Explicit concurrent mark sweep GC freed 19(656B) AllocSpace objects, 0(0B) LOS objects, 23% free, 52MB/68MB, paused 430us total 21.810ms
08-05 15:22:52.787  5124  5139 I art     : Starting a blocking GC Explicit
08-05 15:22:52.808  5124  5139 I art     : Explicit concurrent mark sweep GC freed 3(96B) AllocSpace objects, 0(0B) LOS objects, 23% free, 52MB/68MB, paused 409us total 20.782ms
08-05 15:22:53.132  5124  5138 I art     : Starting a blocking GC Explicit
08-05 15:22:53.160  5124  5138 I art     : Explicit concurrent mark sweep GC freed 1546(90KB) AllocSpace objects, 1(20KB) LOS objects, 23% free, 52MB/68MB, paused 438us total 26.825ms
08-05 15:22:53.172  5124  5138 I art     : Starting a blocking GC Explicit
08-05 15:22:53.194  5124  5138 I art     : Explicit concurrent mark sweep GC freed 28(1024B) AllocSpace objects, 0(0B) LOS objects, 23% free, 52MB/68MB, paused 422us total 21.583ms
08-05 15:22:53.203  5124  5138 I art     : Starting a blocking GC Explicit
08-05 15:22:53.225  5124  5138 I art     : Explicit concurrent mark sweep GC freed 3(96B) AllocSpace objects, 0(0B) LOS objects, 23% free, 52MB/68MB, paused 440us total 21.996ms
08-05 15:22:53.234  5124  5138 I art     : Starting a blocking GC Explicit
08-05 15:22:53.255  5124  5138 I art     : Explicit concurrent mark sweep GC freed 3(96B) AllocSpace objects, 0(0B) LOS objects, 23% free, 52MB/68MB, paused 428us total 21.608ms
08-05 15:22:53.264  5124  5138 I art     : Starting a blocking GC Explicit
08-05 15:22:53.273  1458  1458 I ServiceManager: Waiting for service AtCmdFwd...
08-05 15:22:53.286  5124  5138 I art     : Explicit concurrent mark sweep GC freed 3(96B) AllocSpace objects, 0(0B) LOS objects, 23% free, 52MB/68MB, paused 423us total 21.874ms
08-05 15:22:53.624  5124  5416 I art     : Starting a blocking GC Explicit
08-05 15:22:53.655  5124  5416 I art     : Explicit concurrent mark sweep GC freed 1550(92KB) AllocSpace objects, 1(20KB) LOS objects, 23% free, 52MB/68MB, paused 678us total 31.087ms
08-05 15:22:53.671  5124  5416 I art     : Starting a blocking GC Explicit
08-05 15:22:53.694  5124  5416 I art     : Explicit concurrent mark sweep GC freed 28(1024B) AllocSpace objects, 0(0B) LOS objects, 23% free, 52MB/68MB, paused 476us total 22.219ms
08-05 15:22:53.702  5124  5416 I art     : Starting a blocking GC Explicit
08-05 15:22:53.724  5124  5416 I art     : Explicit concurrent mark sweep GC freed 3(96B) AllocSpace objects, 0(0B) LOS objects, 23% free, 52MB/68MB, paused 437us total 21.376ms
08-05 15:22:53.733  5124  5416 I art     : Starting a blocking GC Explicit
08-05 15:22:53.754  5124  5416 I art     : Explicit concurrent mark sweep GC freed 3(96B) AllocSpace objects, 0(0B) LOS objects, 23% free, 52MB/68MB, paused 445us total 21.555ms
08-05 15:22:53.763  5124  5416 I art     : Starting a blocking GC Explicit
08-05 15:22:53.786  5124  5416 I art     : Explicit concurrent mark sweep GC freed 3(96B) AllocSpace objects, 0(0B) LOS objects, 23% free, 52MB/68MB, paused 542us total 22.084ms
08-05 15:22:54.100  5124  5237 I art     : Starting a blocking GC Explicit
08-05 15:22:54.128  5124  5237 I art     : Explicit concurrent mark sweep GC freed 1551(95KB) AllocSpace objects, 1(20KB) LOS objects, 23% free, 52MB/68MB, paused 619us total 27.451ms
08-05 15:22:54.139  5124  5237 I art     : Starting a blocking GC Explicit
08-05 15:22:54.161  5124  5237 I art     : Explicit concurrent mark sweep GC freed 28(1024B) AllocSpace objects, 0(0B) LOS objects, 23% free, 52MB/68MB, paused 420us total 21.127ms
08-05 15:22:54.169  5124  5237 I art     : Starting a blocking GC Explicit
08-05 15:22:54.191  5124  5237 I art     : Explicit concurrent mark sweep GC freed 3(96B) AllocSpace objects, 0(0B) LOS objects, 23% free, 52MB/68MB, paused 425us total 21.201ms
08-05 15:22:54.199  5124  5237 I art     : Starting a blocking GC Explicit
08-05 15:22:54.221  5124  5237 I art     : Explicit concurrent mark sweep GC freed 3(96B) AllocSpace objects, 0(0B) LOS objects, 23% free, 52MB/68MB, paused 421us total 21.447ms
08-05 15:22:54.230  5124  5237 I art     : Starting a blocking GC Explicit
08-05 15:22:54.252  5124  5237 I art     : Explicit concurrent mark sweep GC freed 3(96B) AllocSpace objects, 0(0B) LOS objects, 23% free, 52MB/68MB, paused 440us total 22.268ms
08-05 15:22:54.273  1458  1458 W Atfwd_Sendcmd: AtCmdFwd service not published, waiting... retryCnt : 4
08-05 15:22:54.579  5124  5139 I art     : Starting a blocking GC Explicit
08-05 15:22:54.606  5124  5139 I art     : Explicit concurrent mark sweep GC freed 1553(95KB) AllocSpace objects, 1(20KB) LOS objects, 23% free, 52MB/68MB, paused 473us total 27.318ms
08-05 15:22:54.617  5124  5139 I art     : Starting a blocking GC Explicit
08-05 15:22:54.639  5124  5139 I art     : Explicit concurrent mark sweep GC freed 28(1024B) AllocSpace objects, 0(0B) LOS objects, 23% free, 52MB/68MB, paused 428us total 21.810ms
08-05 15:22:54.648  5124  5139 I art     : Starting a blocking GC Explicit
08-05 15:22:54.670  5124  5139 I art     : Explicit concurrent mark sweep GC freed 3(96B) AllocSpace objects, 0(0B) LOS objects, 23% free, 52MB/68MB, paused 485us total 21.812ms
08-05 15:22:54.679  5124  5139 I art     : Starting a blocking GC Explicit
08-05 15:22:54.700  5124  5139 I art     : Explicit concurrent mark sweep GC freed 3(96B) AllocSpace objects, 0(0B) LOS objects, 23% free, 52MB/68MB, paused 434us total 21.202ms
08-05 15:22:54.709  5124  5139 I art     : Starting a blocking GC Explicit
08-05 15:22:54.731  5124  5139 I art     : Explicit concurrent mark sweep GC freed 3(96B) AllocSpace objects, 0(0B) LOS objects, 23% free, 52MB/68MB, paused 435us total 21.796ms
08-05 15:22:55.054  5124  5138 I art     : Starting a blocking GC Explicit
08-05 15:22:55.082  5124  5138 I art     : Explicit concurrent mark sweep GC freed 1552(94KB) AllocSpace objects, 1(20KB) LOS objects, 23% free, 52MB/68MB, paused 483us total 27.098ms
08-05 15:22:55.093  5124  5138 I art     : Starting a blocking GC Explicit
08-05 15:22:55.115  5124  5138 I art     : Explicit concurrent mark sweep GC freed 28(1024B) AllocSpace objects, 0(0B) LOS objects, 23% free, 52MB/68MB, paused 409us total 21.771ms
08-05 15:22:55.124  5124  5138 I art     : Starting a blocking GC Explicit
08-05 15:22:55.146  5124  5138 I art     : Explicit concurrent mark sweep GC freed 3(96B) AllocSpace objects, 0(0B) LOS objects, 23% free, 52MB/68MB, paused 429us total 21.841ms
08-05 15:22:55.155  5124  5138 I art     : Starting a blocking GC Explicit
08-05 15:22:55.178  5124  5138 I art     : Explicit concurrent mark sweep GC freed 3(96B) AllocSpace objects, 0(0B) LOS objects, 23% free, 52MB/68MB, paused 509us total 22.510ms
08-05 15:22:55.187  5124  5138 I art     : Starting a blocking GC Explicit
08-05 15:22:55.209  5124  5138 I art     : Explicit concurrent mark sweep GC freed 3(96B) AllocSpace objects, 0(0B) LOS objects, 23% free, 52MB/68MB, paused 423us total 21.565ms
08-05 15:22:55.537  5124  5416 I art     : Starting a blocking GC Explicit
08-05 15:22:55.563  5124  5416 I art     : Explicit concurrent mark sweep GC freed 1548(90KB) AllocSpace objects, 1(20KB) LOS objects, 23% free, 52MB/68MB, paused 445us total 25.809ms
08-05 15:22:55.572  5124  5416 I art     : Starting a blocking GC Explicit
08-05 15:22:55.593  5124  5416 I art     : Explicit concurrent mark sweep GC freed 28(1024B) AllocSpace objects, 0(0B) LOS objects, 23% free, 52MB/68MB, paused 443us total 21.267ms
08-05 15:22:55.602  5124  5416 I art     : Starting a blocking GC Explicit
08-05 15:22:55.623  5124  5416 I art     : Explicit concurrent mark sweep GC freed 3(96B) AllocSpace objects, 0(0B) LOS objects, 23% free, 52MB/68MB, paused 427us total 20.025ms
08-05 15:22:55.631  5124  5416 I art     : Starting a blocking GC Explicit
08-05 15:22:55.652  5124  5416 I art     : Explicit concurrent mark sweep GC freed 3(96B) AllocSpace objects, 0(0B) LOS objects, 23% free, 52MB/68MB, paused 433us total 20.184ms
08-05 15:22:55.660  5124  5416 I art     : Starting a blocking GC Explicit
08-05 15:22:55.681  5124  5416 I art     : Explicit concurrent mark sweep GC freed 3(96B) AllocSpace objects, 0(0B) LOS objects, 23% free, 52MB/68MB, paused 441us total 20.757ms
08-05 15:22:55.928  6124  6124 D AndroidRuntime: >>>>>> START com.android.internal.os.RuntimeInit uid 2000 <<<<<<
08-05 15:22:55.933  6124  6124 D AndroidRuntime: CheckJNI is OFF
08-05 15:22:55.967  6124  6124 D ICU     : No timezone override file found: /data/misc/zoneinfo/current/icu/icu_tzdata.dat
08-05 15:22:55.976  5124  5237 I art     : Starting a blocking GC Explicit
08-05 15:22:55.997  5124  5237 I art     : Explicit concurrent mark sweep GC freed 1548(90KB) AllocSpace objects, 1(20KB) LOS objects, 23% free, 52MB/68MB, paused 520us total 20.852ms
08-05 15:22:56.001  6124  6124 I Radio-JNI: register_android_hardware_Radio DONE
08-05 15:22:56.006  5124  5237 I art     : Starting a blocking GC Explicit
08-05 15:22:56.023  6124  6124 D AndroidRuntime: Calling main entry com.android.commands.input.Input
08-05 15:22:56.026  6124  6124 I Input   : injectKeyEvent: KeyEvent { action=ACTION_DOWN, keyCode=KEYCODE_BACK, scanCode=0, metaState=0, flags=0x0, repeatCount=0, eventTime=804192439, downTime=804192439, deviceId=-1, source=0x101 }
08-05 15:22:56.027  5124  5237 I art     : Explicit concurrent mark sweep GC freed 28(1024B) AllocSpace objects, 0(0B) LOS objects, 23% free, 52MB/68MB, paused 497us total 21.512ms
08-05 15:22:56.031  6124  6124 I Input   : injectKeyEvent: KeyEvent { action=ACTION_UP, keyCode=KEYCODE_BACK, scanCode=0, metaState=0, flags=0x0, repeatCount=0, eventTime=804192439, downTime=804192439, deviceId=-1, source=0x101 }
08-05 15:22:56.035  5124  5237 I art     : Starting a blocking GC Explicit
08-05 15:22:56.037  5124  5124 D NappaLifecycleObserver: nappagreedy.appteam.nith.hillffair.activities.ClubActivity - onPause
08-05 15:22:56.037  6124  6124 D AndroidRuntime: Shutting down VM
08-05 15:22:56.037  5124  5124 D Nappa   : Stayed on nappagreedy.appteam.nith.hillffair.activities.ClubActivity for 4537 ms
08-05 15:22:56.042  5124  5124 D NappaLifecycleObserver: nappagreedy.appteam.nith.hillffair.activities.BattleDayActivity - onResume
08-05 15:22:56.042  5124  5124 D Nappa   : setCurrentActivity - MetricStrategyAccuracy - 
08-05 15:22:56.042  5124  5124 D Nappa   : madePredictionFromActivity = true, 
08-05 15:22:56.042  5124  5124 D Nappa   : fromActivity = nappagreedy.appteam.nith.hillffair.activities.ClubActivity, 
08-05 15:22:56.042  5124  5124 D Nappa   : predictedNextActivityFromActivity = [], 
08-05 15:22:56.042  5124  5124 D Nappa   : activity.getClass().getCanonicalName() = nappagreedy.appteam.nith.hillffair.activities.BattleDayActivity, 
08-05 15:22:56.042  5124  5124 D Nappa   : setCurrentActivity - MetricStrategyAccuracy - 
08-05 15:22:56.042  5124  5124 D Nappa   : madePredictionFromExtra = false, 
08-05 15:22:56.042  5124  5124 D Nappa   : fromActivity = nappagreedy.appteam.nith.hillffair.activities.ClubActivity, 
08-05 15:22:56.042  5124  5124 D Nappa   : predictedNextActivityFromExtra = [], 
08-05 15:22:56.042  5124  5124 D Nappa   : activity.getClass().getCanonicalName() = nappagreedy.appteam.nith.hillffair.activities.BattleDayActivity, 
