08-05 14:21:26.570 13943 13980 D Nappa   : F1_SCORE list_url_prefetched - (already in) - https://api-hillfair-2k16.herokuapp.com/api/app/events/special/event?id=5806551bdcba0f490c70fd1f
08-05 14:21:26.570 13943 13980 D Nappa   : -------------F1_SCORE #3 -----------
08-05 14:21:26.570 13943 13980 D Nappa   : F1_SCORE - Intercept list (1)= [https://api-hillfair-2k16.herokuapp.com/api/app/events/special]
08-05 14:21:26.570 13943 13980 D Nappa   : F1_SCORE - Prefetch list (1)= [https://api-hillfair-2k16.herokuapp.com/api/app/events/special/event?id=5806551bdcba0f490c70fd1f]
08-05 14:21:26.570 13943 13980 D Nappa   : F1_SCORE - TP list (0)= []
08-05 14:21:26.570 13943 13980 D Nappa   : F1_SCORE - FN list (1)= [https://api-hillfair-2k16.herokuapp.com/api/app/events/special]
08-05 14:21:26.570 13943 13980 I NAPPA_EXPERIMENTATION: MetricPrefetchingAccuracy: LOG_ID='4',F1_SCORE_1='0.0',F1_SCORE_2='0.0',TRUE_POSITIVE='0',FALSE_POSITIVE='1',FALSE_NEGATIVE='1',
08-05 14:21:26.570 13943 13980 D CustomInterceptor: HEADER REQUEST
08-05 14:21:26.570 13943 13980 D CustomInterceptor: Cache-Control max-age=300, max-stale=300
08-05 14:21:26.570 13943 13980 D CustomInterceptor: CACHED STATS: size = '1', maxSize = '100', hitCount = '1', createCount = '0', putCount = '1', evictionCount = '0', missCount = '1', toString = 'LruCache[maxSize=100,hits=1,misses=1,hitRate=50%]', 
08-05 14:21:26.570 13943 13980 D CustomInterceptor: PREFLIB NOT A GET REQUEST OR NOT IN CACHEGET
08-05 14:21:26.571 13943 13980 D OkHttp  : --> GET https://api-hillfair-2k16.herokuapp.com/api/app/events/special/event?id=5806551bdcba0f490c70fd1f http/1.1
08-05 14:21:26.576 13943 13943 D NappaLifecycleObserver: nappagreedy.appteam.nith.hillffair.activities.BattleDayActivity - onPause
08-05 14:21:26.576 13943 13943 D Nappa   : Stayed on nappagreedy.appteam.nith.hillffair.activities.BattleDayActivity for 8394 ms
08-05 14:21:26.576 14402 14402 D AndroidRuntime: Shutting down VM
08-05 14:21:26.602 13943 13956 I art     : Starting a blocking GC Explicit
08-05 14:21:26.606 13943 13943 D Nappa   : TAG okHttpClient initialized
08-05 14:21:26.613 13943 13943 D NappaLifecycleObserver: nappagreedy.appteam.nith.hillffair.activities.ClubActivity - onResume
08-05 14:21:26.614 13943 13943 D Nappa   : setCurrentActivity - MetricStrategyAccuracy - 
08-05 14:21:26.614 13943 13943 D Nappa   : madePredictionFromActivity = true, 
08-05 14:21:26.614 13943 13943 D Nappa   : fromActivity = nappagreedy.appteam.nith.hillffair.activities.BattleDayActivity, 
08-05 14:21:26.614 13943 13943 D Nappa   : predictedNextActivityFromActivity = [nappagreedy.appteam.nith.hillffair.activities.ClubActivity], 
08-05 14:21:26.614 13943 13943 D Nappa   : activity.getClass().getCanonicalName() = nappagreedy.appteam.nith.hillffair.activities.ClubActivity, 
08-05 14:21:26.614 13943 13943 D Nappa   : setCurrentActivity - MetricStrategyAccuracy - 
08-05 14:21:26.614 13943 13943 D Nappa   : madePredictionFromExtra = true, 
08-05 14:21:26.614 13943 13943 D Nappa   : fromActivity = nappagreedy.appteam.nith.hillffair.activities.BattleDayActivity, 
08-05 14:21:26.614 13943 13943 D Nappa   : predictedNextActivityFromExtra = [nappagreedy.appteam.nith.hillffair.activities.ClubActivity], 
08-05 14:21:26.614 13943 13943 D Nappa   : activity.getClass().getCanonicalName() = nappagreedy.appteam.nith.hillffair.activities.ClubActivity, 
08-05 14:21:26.614 13943 13943 D Nappa   : PREFETCH_ON_EXTRA - setCurrentActivity - logs - from activity - made prediction istrue
08-05 14:21:26.614 13943 13943 D Nappa   : PREFETCH_ON_EXTRA - setCurrentActivity - logs - from activity - start
08-05 14:21:26.615 13943 14427 D CustomInterceptor: NETWORK-PROVIDER https://api-hillfair-2k16.herokuapp.com/api/app/events/special/event?id=5806551bdcba0f490c70fd1f
08-05 14:21:26.615 13943 13943 D Nappa   : setCurrentActivity - MetricStrategyAccuracy - checking prediction VS current activity for activities
08-05 14:21:26.615 13943 13943 D GreedyPrefetchingStrategyOnVisitFrequencyAndTime: MetricStrategyAccuracy inc hits count1 | from act
08-05 14:21:26.615 13943 14427 D Nappa   : F1_SCORE list_url_prefetched - (already in) - https://api-hillfair-2k16.herokuapp.com/api/app/events/special/event?id=5806551bdcba0f490c70fd1f
08-05 14:21:26.615 13943 13943 I NAPPA_EXPERIMENTATION: MetricStrategyAccuracy: LOG_ID='2',EXECUTION_COUNT='3',CASES_COUNT='2',HIT_PERCENTAGE_TOTAL='50.0',HIT_PERCENTAGE_WHEN_PREDICTED='100.0',HIT_COUNT='1',MISS_COUNT='0',INSUFFICIENT_SCORE_COUNT='1',EXCEPTION_COUNT='0',NO_SUCCESSOR_COUNT='0',
08-05 14:21:26.615 13943 14427 D Nappa   : -------------F1_SCORE #4 -----------
08-05 14:21:26.615 13943 13943 D Nappa   : PREFETCH_ON_EXTRA - setCurrentActivity - logs - from activity- finished
08-05 14:21:26.615 13943 14427 D Nappa   : F1_SCORE - Intercept list (1)= [https://api-hillfair-2k16.herokuapp.com/api/app/events/special]
08-05 14:21:26.615 13943 14427 D Nappa   : F1_SCORE - Prefetch list (1)= [https://api-hillfair-2k16.herokuapp.com/api/app/events/special/event?id=5806551bdcba0f490c70fd1f]
08-05 14:21:26.615 13943 14427 D Nappa   : F1_SCORE - TP list (0)= []
08-05 14:21:26.615 13943 14427 D Nappa   : F1_SCORE - FN list (1)= [https://api-hillfair-2k16.herokuapp.com/api/app/events/special]
08-05 14:21:26.615 13943 14427 I NAPPA_EXPERIMENTATION: MetricPrefetchingAccuracy: LOG_ID='5',F1_SCORE_1='0.0',F1_SCORE_2='0.0',TRUE_POSITIVE='0',FALSE_POSITIVE='1',FALSE_NEGATIVE='1',
08-05 14:21:26.615 13943 14427 D CustomInterceptor: HEADER REQUEST
08-05 14:21:26.615 13943 14427 D CustomInterceptor: Cache-Control max-age=300, max-stale=300
08-05 14:21:26.615 13943 14427 D CustomInterceptor: CACHED STATS: size = '1', maxSize = '100', hitCount = '1', createCount = '0', putCount = '1', evictionCount = '0', missCount = '2', toString = 'LruCache[maxSize=100,hits=1,misses=2,hitRate=33%]', 
08-05 14:21:26.615 13943 14427 D CustomInterceptor: PREFLIB NOT A GET REQUEST OR NOT IN CACHEGET
08-05 14:21:26.621 13943 13956 I art     : Explicit concurrent mark sweep GC freed 6228(395KB) AllocSpace objects, 1(20KB) LOS objects, 23% free, 53MB/69MB, paused 580us total 18.601ms
08-05 14:21:26.627 13943 13956 I art     : Starting a blocking GC Explicit
08-05 14:21:26.643 13943 13956 I art     : Explicit concurrent mark sweep GC freed 258(25KB) AllocSpace objects, 0(0B) LOS objects, 23% free, 53MB/69MB, paused 422us total 15.995ms
08-05 14:21:26.650 13943 13956 I art     : Starting a blocking GC Explicit
08-05 14:21:26.658 13943 13980 D OkHttp  : <-- 200 OK https://api-hillfair-2k16.herokuapp.com/api/app/events/special/event?id=5806551bdcba0f490c70fd1f (87ms, 795-byte body)
08-05 14:21:26.664 13943 13980 D CustomInterceptor: CACHE_CONTROL SETTING NEW MAX-AGE
08-05 14:21:26.665 13943 13980 D CustomInterceptor: HEADER RESPONSE
08-05 14:21:26.665 13943 13980 D CustomInterceptor: Cache-Control public, immutable, max-age=300, only-if-cached, max-stale=300
08-05 14:21:26.665 13943 13980 D CustomInterceptor: Connection keep-alive
08-05 14:21:26.665 13943 13980 D CustomInterceptor: Content-Length 795
08-05 14:21:26.665 13943 13980 D CustomInterceptor: Content-Type application/json; charset=utf-8
08-05 14:21:26.665 13943 13980 D CustomInterceptor: Date Wed, 05 Aug 2020 12:21:22 GMT
08-05 14:21:26.665 13943 13980 D CustomInterceptor: Etag W/"31b-v2jN3JCgpt/QvgX2EtnH2w"
08-05 14:21:26.665 13943 13956 I art     : Explicit concurrent mark sweep GC freed 238(39KB) AllocSpace objects, 0(0B) LOS objects, 23% free, 53MB/69MB, paused 738us total 15.482ms
08-05 14:21:26.665 13943 13980 D CustomInterceptor: Expires Wed, 05 Aug 2020 12:26:26 GMT+00:00
08-05 14:21:26.665 13943 13980 D CustomInterceptor: Server Cowboy
08-05 14:21:26.665 13943 13980 D CustomInterceptor: Via 1.1 vegur
08-05 14:21:26.665 13943 13980 D CustomInterceptor: X-Powered-By Express
08-05 14:21:26.666 13943 13980 D CustomInterceptor: CACHEABLE true
08-05 14:21:26.666 13943 13980 D CustomInterceptor: REQ https://api-hillfair-2k16.herokuapp.com/api/app/events/special/event?id=5806551bdcba0f490c70fd1f
08-05 14:21:26.666 13943 13980 D CustomInterceptor: REQ_SERV_BY net
08-05 14:21:26.666 13943 13980 D CustomInterceptor: PREFLIB Adding response to lrucache - https://api-hillfair-2k16.herokuapp.com/api/app/events/special/event?id=5806551bdcba0f490c70fd1f
08-05 14:21:26.667 13943 13980 D CustomInterceptor: interceptor_finished : return_type #3 : request served from remote and added to cache
08-05 14:21:26.667 13943 13980 D Nappa   : PREFSTRAT2 ADDING NEW ACTEXTRADATA
08-05 14:21:26.669 13943 13980 D Nappa   : PREFSTRAT2 ADDING NEW ACTEXTRADATA
08-05 14:21:26.672 13943 13980 D Nappa   : PREFSTRAT2 ADDING NEW ACTEXTRADATA
08-05 14:21:26.672 13943 13956 I art     : Starting a blocking GC Explicit
08-05 14:21:26.688 13943 13956 I art     : Explicit concurrent mark sweep GC freed 559(59KB) AllocSpace objects, 0(0B) LOS objects, 23% free, 53MB/69MB, paused 393us total 16.043ms
08-05 14:21:26.694 13943 13956 I art     : Starting a blocking GC Explicit
08-05 14:21:26.710 13943 13956 I art     : Explicit concurrent mark sweep GC freed 115(4KB) AllocSpace objects, 0(0B) LOS objects, 23% free, 53MB/69MB, paused 372us total 15.650ms
08-05 14:21:26.715 13943 13943 D Nappa   : registerActivity: (already in) nappagreedy.appteam.nith.hillffair.activities.ClubActivity
08-05 14:21:26.715 13943 13943 D ActivityNode: ACTNODE UPDATING AFTER LOADING FROM DB
08-05 14:21:26.716 13943 13943 D ActivityGraph: LARDataCalculatedUpdate nappagreedy.appteam.nith.hillffair.activities.ClubActivity Pagerank: 0.25 HITS-Authority: 1.0 HITS-Hub: 1.0 SALSA-Authority: 1.0 SALSA-Hub: 1.0
08-05 14:21:26.716 13943 13943 D Nappa   : SHOULD_PREFETCH true
08-05 14:21:26.775 13943 13980 D Nappa   : registerActivity: (already in) nappagreedy.appteam.nith.hillffair.activities.ClubActivity
08-05 14:21:26.775 13943 13980 D Nappa   : PARENTS 
08-05 14:21:26.775 13943 13980 D Nappa   : Of: nappagreedy.appteam.nith.hillffair.activities.ClubActivity -> 
08-05 14:21:26.775 13943 13980 D Nappa   : PARENTS nappagreedy.appteam.nith.hillffair.activities.BattleDayActivity
08-05 14:21:26.775 13943 13980 D Nappa   : PARENTS has extra: (name, Music)
08-05 14:21:26.775 13943 13980 D Nappa   : PARENTS has extra: (id, 5806551bdcba0f490c70fd1f)
08-05 14:21:26.775 13943 13980 D Nappa   : PARENTS value of key 'id' is contained into https://api-hillfair-2k16.herokuapp.com/api/app/events/special/event?id=5806551bdcba0f490c70fd1f
08-05 14:21:26.776 13943 13980 D Nappa   : PARENTS https://api-hillfair-2k16.herokuapp.com/api/app/events/special/event?id=
08-05 14:21:26.776 13943 13980 D Nappa   : PARENTS PARAM: id
08-05 14:21:26.776 13943 13980 D Nappa   : PARENTS   NODE nappagreedy.appteam.nith.hillffair.activities.ClubActivity ALREADY CONTAINS THIS URL
08-05 14:21:26.776 13943 13980 D Nappa   : PARENTS has extra: (battleday, true)
08-05 14:21:26.776 13943 13980 D Nappa   : PARENTS nappagreedy.appteam.nith.hillffair.activities.HomeActivity
08-05 14:21:26.776 13943 13980 D Nappa   : PARENTS nappagreedy.appteam.nith.hillffair.activities.SplashActivity
08-05 14:21:26.776 13943 13980 D Nappa   : PARENTS nappagreedy.appteam.nith.hillffair.activities.EventActivity
08-05 14:21:26.816 13943 13943 D Nappa   : registerActivity: (already in) nappagreedy.appteam.nith.hillffair.activities.ClubActivity
08-05 14:21:26.816 13943 13943 D Nappa   : STATS Number of requests not prefetched: 1
08-05 14:21:26.817 13943 13943 D Nappa   : STATS Number of requests prefetched: 0
08-05 14:21:26.817 13943 13943 D Nappa   : STATS Time saved until now: 0.0
08-05 14:21:26.879 13943 13980 D Nappa   : registerActivity: (already in) nappagreedy.appteam.nith.hillffair.activities.ClubActivity
08-05 14:21:26.879 13943 13980 D Nappa   : PARENTS 
08-05 14:21:26.879 13943 13980 D Nappa   : Of: nappagreedy.appteam.nith.hillffair.activities.ClubActivity -> 
08-05 14:21:26.879 13943 13980 D Nappa   : PARENTS nappagreedy.appteam.nith.hillffair.activities.BattleDayActivity
08-05 14:21:26.879 13943 13980 D Nappa   : PARENTS has extra: (name, Music)
08-05 14:21:26.879 13943 13980 D Nappa   : PARENTS has extra: (id, 5806551bdcba0f490c70fd1f)
08-05 14:21:26.880 13943 13980 D Nappa   : PARENTS value of key 'id' is contained into https://api-hillfair-2k16.herokuapp.com/api/app/events/special/event?id=5806551bdcba0f490c70fd1f
08-05 14:21:26.880 13943 13980 D Nappa   : PARENTS https://api-hillfair-2k16.herokuapp.com/api/app/events/special/event?id=
08-05 14:21:26.880 13943 13980 D Nappa   : PARENTS PARAM: id
08-05 14:21:26.880 13943 13980 D Nappa   : PARENTS   NODE nappagreedy.appteam.nith.hillffair.activities.ClubActivity ALREADY CONTAINS THIS URL
08-05 14:21:26.880 13943 13980 D Nappa   : PARENTS has extra: (battleday, true)
08-05 14:21:26.880 13943 13980 D Nappa   : PARENTS nappagreedy.appteam.nith.hillffair.activities.HomeActivity
08-05 14:21:26.880 13943 13980 D Nappa   : PARENTS nappagreedy.appteam.nith.hillffair.activities.SplashActivity
08-05 14:21:26.880 13943 13980 D Nappa   : PARENTS nappagreedy.appteam.nith.hillffair.activities.EventActivity
08-05 14:21:26.909 13866 13866 I GoogleInputMethodServic: GoogleInputMethodService.onFinishInput():3138 
08-05 14:21:26.909 13943 13943 D ActivityNode: Observer - intent extra - SplashActivity
08-05 14:21:26.909 13943 13943 D ActivityNode: Extras:
08-05 14:21:26.910   918   936 I ActivityManager: Displayed nappagreedy.appteam.nith.hillffair/.activities.ClubActivity: +332ms
08-05 14:21:26.910 13943 13943 D ActivityNode: Observer - intent extra - ClubActivity
08-05 14:21:26.910 13943 13943 D ActivityNode: Extras:
08-05 14:21:26.910 13943 13943 D ActivityNode: Observer - intent extra - HomeActivity
08-05 14:21:26.910 13943 13943 D ActivityNode: Extras:
08-05 14:21:26.910 13943 13943 D ActivityNode: Observer - intent extra - QuizActivity
08-05 14:21:26.910 13943 13943 D ActivityNode: Extras:
08-05 14:21:26.910 13943 13943 D ActivityNode: Observer - intent extra - LeaderBoardActivity
08-05 14:21:26.910 13943 13943 D ActivityNode: Extras:
08-05 14:21:26.910 13943 13943 D ActivityNode: Observer - intent extra - InformationActivity
08-05 14:21:26.910 13943 13943 D ActivityNode: Extras:
08-05 14:21:26.910 13943 13943 D ActivityNode: Observer - intent extra - EventActivity
08-05 14:21:26.910 13943 13943 D ActivityNode: Extras:
08-05 14:21:26.910 13943 13943 D ActivityNode: 	activity ID 8( key CLUB_NAME)
08-05 14:21:26.910 13943 13943 D ActivityNode: 	activity ID 8( key CLUB_NAME)
08-05 14:21:26.910 13943 13943 D ActivityNode: 	activity ID 8( key CLUB_NAME)
08-05 14:21:26.910 13943 13943 D ActivityNode: 	activity ID 8( key CLUB_NAME)
08-05 14:21:26.910 13943 13943 D ActivityNode: 	activity ID 8( key CLUB_NAME)
08-05 14:21:26.910 13943 13943 D ActivityNode: 	activity ID 8( key CLUB_NAME)
08-05 14:21:26.910 13943 13943 D ActivityNode: 	activity ID 8( key CLUB_NAME)
08-05 14:21:26.910 13943 13943 D ActivityNode: 	activity ID 8( key CLUB_NAME)
08-05 14:21:26.910 13943 13943 D ActivityNode: 	activity ID 8( key CLUB_NAME)
08-05 14:21:26.910 13943 13943 D ActivityNode: 	activity ID 8( key CLUB_NAME)
08-05 14:21:26.910 13943 13943 D ActivityNode: 	activity ID 8( key CLUB_NAME)
08-05 14:21:26.910 13943 13943 D ActivityNode: 	activity ID 8( key CLUB_NAME)
08-05 14:21:26.910 13943 13943 D ActivityNode: 	activity ID 8( key CLUB_NAME)
08-05 14:21:26.910 13943 13943 D ActivityNode: 	activity ID 8( key CLUB_NAME)
08-05 14:21:26.910 13943 13943 D ActivityNode: 	activity ID 8( key CLUB_NAME)
08-05 14:21:26.910 13943 13943 D ActivityNode: 	activity ID 8( key CLUB_NAME)
08-05 14:21:26.910 13943 13943 D ActivityNode: 	activity ID 8( key CLUB_NAME)
08-05 14:21:26.910 13943 13943 D ActivityNode: 	activity ID 8( key CLUB_NAME)
08-05 14:21:26.910 13943 13943 D ActivityNode: 	activity ID 8( key CLUB_NAME)
08-05 14:21:26.910 13943 13943 D ActivityNode: 	activity ID 8( key CLUB_NAME)
08-05 14:21:26.910 13943 13943 D ActivityNode: 	activity ID 8( key CLUB_NAME)
08-05 14:21:26.910 13943 13943 D ActivityNode: 	activity ID 8( key CLUB_NAME)
08-05 14:21:26.910 13943 13943 D ActivityNode: 	activity ID 8( key CLUB_NAME)
08-05 14:21:26.910 13943 13943 D ActivityNode: 	activity ID 8( key CLUB_NAME)
08-05 14:21:26.910 13943 13943 D ActivityNode: 	activity ID 8( key CLUB_NAME)
08-05 14:21:26.910 13943 13943 D ActivityNode: 	activity ID 8( key CLUB_NAME)
08-05 14:21:26.910 13943 13943 D ActivityNode: 	activity ID 8( key CLUB_NAME)
08-05 14:21:26.910 13943 13943 D ActivityNode: 	activity ID 8( key CLUB_NAME)
08-05 14:21:26.910 13943 13943 D ActivityNode: 	activity ID 8( key CLUB_NAME)
08-05 14:21:26.910 13943 13943 D ActivityNode: 	activity ID 8( key CLUB_NAME)
08-05 14:21:26.910 13943 13943 D ActivityNode: 	activity ID 8( key CLUB_NAME)
08-05 14:21:26.910 13943 13943 D ActivityNode: 	activity ID 8( key CLUB_NAME)
08-05 14:21:26.910 13943 13943 D ActivityNode: 	activity ID 8( key CLUB_NAME)
08-05 14:21:26.910 13943 13943 D ActivityNode: 	activity ID 8( key CLUB_NAME)
08-05 14:21:26.910 13943 13943 D ActivityNode: 	activity ID 8( key CLUB_NAME)
08-05 14:21:26.910 13943 13943 D ActivityNode: 	activity ID 8( key CLUB_NAME)
08-05 14:21:26.910 13866 13866 I GoogleInputMethodServic: GoogleInputMethodService.onStartInput():1808 
08-05 14:21:26.910 13943 13943 D ActivityNode: Observer - visit time - BattleDayActivity - New aggregate visit time found is 96992 ms
08-05 14:21:26.911 13943 13943 D ActivityNode: Observer - intent extra - BattleDayActivity
08-05 14:21:26.911 13943 13943 D ActivityNode: Extras:
08-05 14:21:26.911 13943 13943 D ActivityNode: 	activity ID 3( key battleday)
08-05 14:21:26.911 13943 13943 D ActivityNode: 	activity ID 3( key id)
08-05 14:21:26.911 13943 13943 D ActivityNode: 	activity ID 3( key name)
08-05 14:21:26.911 13943 13943 D ActivityNode: 	activity ID 3( key battleday)
08-05 14:21:26.911 13943 13943 D ActivityNode: 	activity ID 3( key id)
08-05 14:21:26.911 13943 13943 D ActivityNode: 	activity ID 3( key name)
08-05 14:21:26.911 13943 13943 D ActivityNode: 	activity ID 3( key battleday)
08-05 14:21:26.911 13943 13943 D ActivityNode: 	activity ID 3( key id)
08-05 14:21:26.911 13943 13943 D ActivityNode: 	activity ID 3( key name)
08-05 14:21:26.911 13943 13943 D ActivityNode: 	activity ID 3( key battleday)
08-05 14:21:26.911 13943 13943 D ActivityNode: 	activity ID 3( key id)
08-05 14:21:26.911 13943 13943 D ActivityNode: 	activity ID 3( key name)
08-05 14:21:26.911 13943 13943 D ActivityNode: 	activity ID 3( key battleday)
08-05 14:21:26.911 13943 13943 D ActivityNode: 	activity ID 3( key id)
08-05 14:21:26.911 13943 13943 D ActivityNode: 	activity ID 3( key name)
08-05 14:21:26.911 13943 13943 D ActivityNode: 	activity ID 3( key battleday)
08-05 14:21:26.911 13943 13943 D ActivityNode: 	activity ID 3( key id)
08-05 14:21:26.911 13943 13943 D ActivityNode: 	activity ID 3( key name)
08-05 14:21:26.911 13943 13943 D ActivityNode: 	activity ID 3( key battleday)
08-05 14:21:26.911 13943 13943 D ActivityNode: 	activity ID 3( key id)
08-05 14:21:26.911 13943 13943 D ActivityNode: 	activity ID 3( key name)
08-05 14:21:26.911 13943 13943 D ActivityNode: 	activity ID 3( key battleday)
08-05 14:21:26.911 13943 13943 D ActivityNode: 	activity ID 3( key id)
08-05 14:21:26.911 13943 13943 D ActivityNode: 	activity ID 3( key name)
08-05 14:21:26.911 13943 13943 D ActivityNode: 	activity ID 3( key battleday)
08-05 14:21:26.911 13943 13943 D ActivityNode: 	activity ID 3( key id)
08-05 14:21:26.911 13943 13943 D ActivityNode: 	activity ID 3( key name)
08-05 14:21:26.911 13943 13943 D ActivityNode: 	activity ID 3( key battleday)
08-05 14:21:26.911 13943 13943 D ActivityNode: 	activity ID 3( key id)
08-05 14:21:26.911 13943 13943 D ActivityNode: 	activity ID 3( key name)
08-05 14:21:26.911 13943 13943 D ActivityNode: 	activity ID 3( key battleday)
08-05 14:21:26.911 13943 13943 D ActivityNode: 	activity ID 3( key id)
08-05 14:21:26.911 13943 13943 D ActivityNode: 	activity ID 3( key name)
08-05 14:21:26.911 13943 13943 D ActivityNode: 	activity ID 3( key battleday)
08-05 14:21:26.911 13943 13943 D ActivityNode: 	activity ID 3( key id)
08-05 14:21:26.911 13943 13943 D ActivityNode: 	activity ID 3( key name)
08-05 14:21:26.911 13943 13943 D ActivityNode: 	activity ID 3( key battleday)
08-05 14:21:26.911 13943 13943 D ActivityNode: 	activity ID 3( key id)
08-05 14:21:26.911 13943 13943 D ActivityNode: 	activity ID 3( key name)
08-05 14:21:26.911 13943 13943 D ActivityNode: 	activity ID 3( key battleday)
08-05 14:21:26.911 13943 13943 D ActivityNode: 	activity ID 3( key id)
08-05 14:21:26.911 13943 13943 D ActivityNode: 	activity ID 3( key name)
08-05 14:21:26.911 13943 13943 D ActivityNode: 	activity ID 3( key battleday)
08-05 14:21:26.911 13943 13943 D ActivityNode: 	activity ID 3( key id)
08-05 14:21:26.911 13943 13943 D ActivityNode: 	activity ID 3( key name)
08-05 14:21:26.911 13943 13943 D ActivityNode: 	activity ID 3( key battleday)
08-05 14:21:26.911 13943 13943 D ActivityNode: 	activity ID 3( key id)
08-05 14:21:26.911 13943 13943 D ActivityNode: 	activity ID 3( key name)
08-05 14:21:26.911 13943 13943 D ActivityNode: 	activity ID 3( key battleday)
08-05 14:21:26.911 13943 13943 D ActivityNode: 	activity ID 3( key id)
08-05 14:21:26.911 13943 13943 D ActivityNode: 	activity ID 3( key name)
08-05 14:21:26.911 13943 13943 D ActivityNode: 	activity ID 3( key battleday)
08-05 14:21:26.911 13943 13943 D ActivityNode: 	activity ID 3( key id)
08-05 14:21:26.911 13943 13943 D ActivityNode: 	activity ID 3( key name)
08-05 14:21:26.911 13943 13943 D ActivityNode: 	activity ID 3( key battleday)
08-05 14:21:26.911 13943 13943 D ActivityNode: 	activity ID 3( key id)
08-05 14:21:26.911 13943 13943 D ActivityNode: 	activity ID 3( key name)
08-05 14:21:26.911 13943 13943 D ActivityNode: 	activity ID 3( key battleday)
08-05 14:21:26.911 13943 13943 D ActivityNode: 	activity ID 3( key id)
08-05 14:21:26.911 13943 13943 D ActivityNode: 	activity ID 3( key name)
08-05 14:21:26.911 13943 13943 D ActivityNode: 	activity ID 3( key battleday)
08-05 14:21:26.911 13943 13943 D ActivityNode: 	activity ID 3( key id)
08-05 14:21:26.911 13943 13943 D ActivityNode: 	activity ID 3( key name)
08-05 14:21:26.911 13943 13943 D ActivityNode: 	activity ID 3( key battleday)
08-05 14:21:26.911 13943 13943 D ActivityNode: 	activity ID 3( key id)
08-05 14:21:26.911 13943 13943 D ActivityNode: 	activity ID 3( key name)
08-05 14:21:26.911 13943 13943 D ActivityNode: 	activity ID 3( key battleday)
08-05 14:21:26.911 13943 13943 D ActivityNode: 	activity ID 3( key id)
08-05 14:21:26.911 13943 13943 D ActivityNode: 	activity ID 3( key name)
08-05 14:21:26.911 13943 13943 D ActivityNode: 	activity ID 3( key battleday)
08-05 14:21:26.911 13943 13943 D ActivityNode: 	activity ID 3( key id)
08-05 14:21:26.911 13943 13943 D ActivityNode: 	activity ID 3( key name)
08-05 14:21:26.911 13943 13943 D ActivityNode: 	activity ID 3( key battleday)
08-05 14:21:26.911 13943 13943 D ActivityNode: 	activity ID 3( key id)
08-05 14:21:26.911 13943 13943 D ActivityNode: 	activity ID 3( key name)
08-05 14:21:26.911 13943 13943 D ActivityNode: 	activity ID 3( key battleday)
08-05 14:21:26.911 13943 13943 D ActivityNode: 	activity ID 3( key id)
08-05 14:21:26.911 13943 13943 D ActivityNode: 	activity ID 3( key name)
08-05 14:21:26.911 13943 13943 D ActivityNode: 	activity ID 3( key battleday)
08-05 14:21:26.911 13943 13943 D ActivityNode: 	activity ID 3( key id)
08-05 14:21:26.911 13943 13943 D ActivityNode: 	activity ID 3( key name)
08-05 14:21:26.911 13943 13943 D ActivityNode: 	activity ID 3( key battleday)
08-05 14:21:26.911 13943 13943 D ActivityNode: 	activity ID 3( key id)
08-05 14:21:26.911 13943 13943 D ActivityNode: 	activity ID 3( key name)
08-05 14:21:26.911 13943 13943 D ActivityNode: 	activity ID 3( key battleday)
08-05 14:21:26.911 13943 13943 D ActivityNode: 	activity ID 3( key id)
08-05 14:21:26.911 13943 13943 D ActivityNode: 	activity ID 3( key name)
08-05 14:21:26.911 13943 13943 D ActivityNode: 	activity ID 3( key battleday)
08-05 14:21:26.911 13943 13943 D ActivityNode: 	activity ID 3( key id)
08-05 14:21:26.911 13943 13943 D ActivityNode: 	activity ID 3( key name)
08-05 14:21:26.911 13943 13943 D ActivityNode: 	activity ID 3( key battleday)
08-05 14:21:26.911 13943 13943 D ActivityNode: 	activity ID 3( key id)
08-05 14:21:26.911 13943 13943 D ActivityNode: 	activity ID 3( key name)
08-05 14:21:26.911 13943 13943 D ActivityNode: 	activity ID 3( key battleday)
08-05 14:21:26.911 13943 13943 D ActivityNode: 	activity ID 3( key id)
08-05 14:21:26.911 13943 13943 D ActivityNode: 	activity ID 3( key name)
08-05 14:21:26.911 13943 13943 D ActivityNode: 	activity ID 3( key battleday)
08-05 14:21:26.911 13943 13943 D ActivityNode: 	activity ID 3( key id)
08-05 14:21:26.911 13943 13943 D ActivityNode: 	activity ID 3( key name)
08-05 14:21:26.911 13943 13943 D ActivityNode: 	activity ID 3( key battleday)
08-05 14:21:26.911 13943 13943 D ActivityNode: 	activity ID 3( key id)
08-05 14:21:26.911 13943 13943 D ActivityNode: 	activity ID 3( key name)
08-05 14:21:26.911 13943 13943 D ActivityNode: 	activity ID 3( key battleday)
08-05 14:21:26.911 13943 13943 D ActivityNode: 	activity ID 3( key id)
08-05 14:21:26.911 13943 13943 D ActivityNode: 	activity ID 3( key name)
08-05 14:21:26.911 13943 13943 D ActivityNode: 	activity ID 3( key battleday)
08-05 14:21:26.911 13943 13943 D ActivityNode: 	activity ID 3( key id)
08-05 14:21:26.911 13943 13943 D ActivityNode: 	activity ID 3( key name)
08-05 14:21:26.911 13943 13943 D ActivityNode: 	activity ID 3( key battleday)
08-05 14:21:26.911 13943 13943 D ActivityNode: 	activity ID 3( key id)
08-05 14:21:26.911 13943 13943 D ActivityNode: 	activity ID 3( key name)
08-05 14:21:26.922 13943 13943 D ActivityNode: Observer - session data - sourceClubActivity
08-05 14:21:26.922 13943 13943 D ActivityNode: destinations:
08-05 14:21:26.922 13943 13943 D ActivityNode: Observer - session data - sourceBattleDayActivity
08-05 14:21:26.922 13943 13943 D ActivityNode: destinations:
08-05 14:21:26.922 13943 13943 D ActivityNode: 	nappagreedy.appteam.nith.hillffair.activities.ClubActivity( count 25)
08-05 14:21:26.922 13943 13943 D ActivityNode: Observer - session data - sourceSplashActivity
08-05 14:21:26.922 13943 13943 D ActivityNode: destinations:
08-05 14:21:26.922 13943 13943 D ActivityNode: 	nappagreedy.appteam.nith.hillffair.activities.HomeActivity( count 5)
08-05 14:21:26.922 13943 13943 D ActivityNode: Observer - session data - sourceHomeActivity
08-05 14:21:26.922 13943 13943 D ActivityNode: destinations:
08-05 14:21:26.922 13943 13943 D ActivityNode: 	nappagreedy.appteam.nith.hillffair.activities.BattleDayActivity( count 9)
08-05 14:21:26.922 13943 13943 D ActivityNode: 	nappagreedy.appteam.nith.hillffair.activities.QuizActivity( count 8)
08-05 14:21:26.922 13943 13943 D ActivityNode: 	nappagreedy.appteam.nith.hillffair.activities.EventActivity( count 8)
08-05 14:21:26.922 13943 13943 D ActivityNode: Observer - session data - sourceLeaderBoardActivity
08-05 14:21:26.922 13943 13943 D ActivityNode: destinations:
08-05 14:21:26.923 13943 13943 D ActivityNode: Observer - session data - sourceQuizActivity
08-05 14:21:26.923 13943 13943 D ActivityNode: destinations:
08-05 14:21:26.923 13943 13943 D ActivityNode: 	nappagreedy.appteam.nith.hillffair.activities.LeaderBoardActivity( count 12)
08-05 14:21:26.923 13943 13943 D ActivityNode: 	nappagreedy.appteam.nith.hillffair.activities.InformationActivity( count 4)
08-05 14:21:26.923 13943 13943 D ActivityNode: Observer - session data - sourceInformationActivity
08-05 14:21:26.923 13943 13943 D ActivityNode: destinations:
08-05 14:21:26.923 13943 13943 D ActivityNode: Observer - session data - sourceEventActivity
08-05 14:21:26.923 13943 13943 D ActivityNode: destinations:
08-05 14:21:26.923 13943 13943 D ActivityNode: 	nappagreedy.appteam.nith.hillffair.activities.ClubActivity( count 24)
08-05 14:21:26.964 13943 14202 I art     : Starting a blocking GC Explicit
08-05 14:21:26.981 13943 14202 I art     : Explicit concurrent mark sweep GC freed 3750(250KB) AllocSpace objects, 1(20KB) LOS objects, 23% free, 53MB/69MB, paused 312us total 16.900ms
08-05 14:21:26.988 13943 14202 I art     : Starting a blocking GC Explicit
08-05 14:21:27.003 13943 14202 I art     : Explicit concurrent mark sweep GC freed 694(25KB) AllocSpace objects, 0(0B) LOS objects, 23% free, 53MB/69MB, paused 299us total 15.066ms
08-05 14:21:27.009 13943 14202 I art     : Starting a blocking GC Explicit
08-05 14:21:27.015 13943 13980 D Nappa   : PREFETCH_ON_EXTRA - setCurrentActivity - logs - from extra - made prediction istrue
08-05 14:21:27.015 13943 13980 D Nappa   : PREFETCH_ON_EXTRA - setCurrentActivity - logs - from extra - start
08-05 14:21:27.015 13943 13980 D Nappa   : setCurrentActivity - MetricStrategyAccuracy - checking prediction VS current activity for extras
08-05 14:21:27.015 13943 13980 D GreedyPrefetchingStrategyOnVisitFrequencyAndTime: MetricStrategyAccuracy inc hits count2 | from extra
08-05 14:21:27.015 13943 13980 I NAPPA_EXPERIMENTATION: MetricStrategyAccuracy: LOG_ID='3',EXECUTION_COUNT='3',CASES_COUNT='3',HIT_PERCENTAGE_TOTAL='66.66666666666667',HIT_PERCENTAGE_WHEN_PREDICTED='100.0',HIT_COUNT='2',MISS_COUNT='0',INSUFFICIENT_SCORE_COUNT='1',EXCEPTION_COUNT='0',NO_SUCCESSOR_COUNT='0',
08-05 14:21:27.015 13943 13980 D Nappa   : PREFETCH_ON_EXTRA - setCurrentActivity - logs - from extra- finished
08-05 14:21:27.027 13943 14202 I art     : Explicit concurrent mark sweep GC freed 88(7KB) AllocSpace objects, 0(0B) LOS objects, 23% free, 53MB/69MB, paused 480us total 17.443ms
08-05 14:21:27.036 13943 14202 I art     : Starting a blocking GC Explicit
08-05 14:21:27.054 13943 14202 I art     : Explicit concurrent mark sweep GC freed 3(96B) AllocSpace objects, 0(0B) LOS objects, 23% free, 53MB/69MB, paused 323us total 18.547ms
08-05 14:21:27.061 13943 14202 I art     : Starting a blocking GC Explicit
08-05 14:21:27.063 13923 13923 I ServiceManager: Waiting for service AtCmdFwd...
08-05 14:21:27.079 13943 14202 I art     : Explicit concurrent mark sweep GC freed 3(96B) AllocSpace objects, 0(0B) LOS objects, 23% free, 53MB/69MB, paused 329us total 18.010ms
08-05 14:21:27.148   380   380 W SurfaceFlinger: couldn't log to binary event log: overflow.
08-05 14:21:27.295   918  3261 D WifiStateMachine: starting scan for "H369AA63323"WPA_PSK with 2412,5180
08-05 14:21:27.316 13943 13980 D Nappa   : PREFETCH_ON_EXTRA - setCurrentActivity - starting new prediction
08-05 14:21:27.317 13943 13980 D Nappa   : Current node - currentActivityName - nappagreedy.appteam.nith.hillffair.activities.ClubActivity
08-05 14:21:27.317 13943 13980 D Nappa   : Current node - activityGraph.getCurrent() - nappagreedy.appteam.nith.hillffair.activities.ClubActivity
08-05 14:21:27.317 13943 13980 I NAPPA_EXPERIMENTATION: MetricNappaPrefetchingStrategyExecutionTime: STRATEGY_CLASS='GreedyPrefetchingStrategyOnVisitFrequencyAndTime',DURATION='71719',NUMBER_OF_URLS='0',NUMBER_OF_SELECTED_CHILDREN_NODES='0',NUMBER_OF_CHILDREN_NODES='0',STRATEGY_RUN_SUCCESSFULLY='True',
08-05 14:21:27.317 13943 13980 D GreedyPrefetchingStrategyOnVisitFrequencyAndTime: ==================================
08-05 14:21:27.317 13943 13980 D GreedyPrefetchingStrategyOnVisitFrequencyAndTime: Starting Run #4
08-05 14:21:27.318 13943 13980 D GreedyPrefetchingStrategyOnVisitFrequencyAndTime: ----------------------------------
08-05 14:21:27.318 13943 13980 D GreedyPrefetchingStrategyOnVisitFrequencyAndTime: Node data ClubActivity 
08-05 14:21:27.318 13943 13980 D GreedyPrefetchingStrategyOnVisitFrequencyAndTime: 	Successors:
08-05 14:21:27.318 13943 13980 D GreedyPrefetchingStrategyOnVisitFrequencyAndTime: 
08-05 14:21:27.318 13943 13980 D GreedyPrefetchingStrategyOnVisitFrequencyAndTime: 	Ancestors:
08-05 14:21:27.318 13943 13980 D GreedyPrefetchingStrategyOnVisitFrequencyAndTime: 		BattleDayActivity (0 hits)
08-05 14:21:27.318 13943 13980 D GreedyPrefetchingStrategyOnVisitFrequencyAndTime: 		EventActivity (0 hits)
08-05 14:21:27.318 13943 13980 D GreedyPrefetchingStrategyOnVisitFrequencyAndTime: 
08-05 14:21:27.318 13943 13980 D GreedyPrefetchingStrategyOnVisitFrequencyAndTime: MetricStrategyAccuracy inc execution count4 | act = true; extra = false
08-05 14:21:27.318 13943 13980 D GreedyPrefetchingStrategyOnVisitFrequencyAndTime: MetricStrategyAccuracy inc no sucessor count1 | act = true; extra = false
08-05 14:21:27.318 13943 13980 D GreedyPrefetchingStrategyOnVisitFrequencyAndTime: ------------- Recursion #1 -----------
08-05 14:21:27.318 13943 13980 D GreedyPrefetchingStrategyOnVisitFrequencyAndTime: Best successors so far []
08-05 14:21:27.318 13943 13980 D GreedyPrefetchingStrategyOnVisitFrequencyAndTime: Checking node ClubActivity with 0 successors
08-05 14:21:27.318 13943 13980 D GreedyPrefetchingStrategyOnVisitFrequencyAndTime: this node has no successors
08-05 14:21:27.318 13943 13980 D GreedyPrefetchingStrategyOnVisitFrequencyAndTime: Next visited child will be []
08-05 14:21:27.318 13943 13980 D GreedyPrefetchingStrategyOnVisitFrequencyAndTime: ==================================
08-05 14:21:27.318 13943 13980 D Nappa   : PREFETCH_ON_EXTRA - setCurrentActivity - finished new prediction
08-05 14:21:27.375 13943 14029 I art     : Starting a blocking GC Explicit
08-05 14:21:27.383 13943 14427 D OkHttp  : --> GET https://api-hillfair-2k16.herokuapp.com/api/app/events/special/event?id=5806551bdcba0f490c70fd1f http/1.1
08-05 14:21:27.395 13943 14029 I art     : Explicit concurrent mark sweep GC freed 4286(240KB) AllocSpace objects, 4(220KB) LOS objects, 22% free, 53MB/69MB, paused 359us total 18.992ms
08-05 14:21:27.401 13943 14029 I art     : Starting a blocking GC Explicit
08-05 14:21:27.417 13943 14029 I art     : Explicit concurrent mark sweep GC freed 1110(121KB) AllocSpace objects, 0(0B) LOS objects, 23% free, 53MB/69MB, paused 310us total 15.439ms
08-05 14:21:27.422 13943 14427 D OkHttp  : <-- 200 OK https://api-hillfair-2k16.herokuapp.com/api/app/events/special/event?id=5806551bdcba0f490c70fd1f (39ms, 795-byte body)
08-05 14:21:27.423 13943 14029 I art     : Starting a blocking GC Explicit
08-05 14:21:27.427 13943 14427 D CustomInterceptor: CACHE_CONTROL SETTING NEW MAX-AGE
08-05 14:21:27.427 13943 14427 D CustomInterceptor: HEADER RESPONSE
08-05 14:21:27.427 13943 14427 D CustomInterceptor: Cache-Control public, immutable, max-age=300, only-if-cached, max-stale=300
08-05 14:21:27.427 13943 14427 D CustomInterceptor: Connection keep-alive
08-05 14:21:27.427 13943 14427 D CustomInterceptor: Content-Length 795
08-05 14:21:27.427 13943 14427 D CustomInterceptor: Content-Type application/json; charset=utf-8
08-05 14:21:27.427 13943 14427 D CustomInterceptor: Date Wed, 05 Aug 2020 12:21:22 GMT
08-05 14:21:27.427 13943 14427 D CustomInterceptor: Etag W/"31b-v2jN3JCgpt/QvgX2EtnH2w"
08-05 14:21:27.427 13943 14427 D CustomInterceptor: Expires Wed, 05 Aug 2020 12:26:27 GMT+00:00
08-05 14:21:27.427 13943 14427 D CustomInterceptor: Server Cowboy
08-05 14:21:27.428 13943 14427 D CustomInterceptor: Via 1.1 vegur
08-05 14:21:27.428 13943 14427 D CustomInterceptor: X-Powered-By Express
08-05 14:21:27.428 13943 14427 D CustomInterceptor: CACHEABLE true
08-05 14:21:27.428 13943 14427 D CustomInterceptor: REQ https://api-hillfair-2k16.herokuapp.com/api/app/events/special/event?id=5806551bdcba0f490c70fd1f
08-05 14:21:27.428 13943 14427 D CustomInterceptor: REQ_SERV_BY net
08-05 14:21:27.428 13943 14427 D CustomInterceptor: PREFLIB Adding response to lrucache - https://api-hillfair-2k16.herokuapp.com/api/app/events/special/event?id=5806551bdcba0f490c70fd1f
08-05 14:21:27.438 13943 14029 I art     : Explicit concurrent mark sweep GC freed 377(45KB) AllocSpace objects, 0(0B) LOS objects, 23% free, 53MB/69MB, paused 335us total 15.039ms
08-05 14:21:27.444 13943 14029 I art     : Starting a blocking GC Explicit
08-05 14:21:27.458 13943 14029 I art     : Explicit concurrent mark sweep GC freed 86(3KB) AllocSpace objects, 0(0B) LOS objects, 23% free, 53MB/69MB, paused 314us total 14.479ms
08-05 14:21:27.460 13943 14427 D CustomInterceptor: interceptor_finished : return_type #3 : request served from remote and added to cache
08-05 14:21:27.464 13943 14029 I art     : Starting a blocking GC Explicit
08-05 14:21:27.467 13943 13943 I NAPPA_EXPERIMENTATION: MetricNetworkRequestExecutionTime: REQUEST_DURATION_SYSTEM='855',REQUEST_DURATION_OKHTTP='0',REQUEST_SYNCHRONOUS='FALSE',RESPONSE_CODE='200',RESPONSE_METHOD='GET',RESPONSE_LENGTH_OKHTTP='795',RESPONSE_LENGTH_HEADER='-2',REQUEST_PROTOCOL='http/1.1',REQUEST_URL='https://api-hillfair-2k16.herokuapp.com/api/app/events/special/event?id=5806551bdcba0f490c70fd1f',
08-05 14:21:27.479 13943 14029 I art     : Explicit concurrent mark sweep GC freed 536(71KB) AllocSpace objects, 0(0B) LOS objects, 23% free, 53MB/69MB, paused 332us total 14.470ms
08-05 14:21:27.760 13943 14029 I art     : Starting a blocking GC Explicit
08-05 14:21:27.780 13943 14029 I art     : Explicit concurrent mark sweep GC freed 1651(115KB) AllocSpace objects, 1(20KB) LOS objects, 23% free, 53MB/69MB, paused 324us total 19.167ms
08-05 14:21:27.788 13943 14029 I art     : Starting a blocking GC Explicit
08-05 14:21:27.805 13943 14029 I art     : Explicit concurrent mark sweep GC freed 35(1280B) AllocSpace objects, 0(0B) LOS objects, 23% free, 53MB/69MB, paused 310us total 16.691ms
08-05 14:21:27.812 13943 14029 I art     : Starting a blocking GC Explicit
08-05 14:21:27.828 13943 14029 I art     : Explicit concurrent mark sweep GC freed 3(96B) AllocSpace objects, 0(0B) LOS objects, 23% free, 53MB/69MB, paused 294us total 15.859ms
08-05 14:21:27.834 13943 14029 I art     : Starting a blocking GC Explicit
08-05 14:21:27.850 13943 14029 I art     : Explicit concurrent mark sweep GC freed 3(96B) AllocSpace objects, 0(0B) LOS objects, 23% free, 53MB/69MB, paused 316us total 15.686ms
08-05 14:21:27.857 13943 14029 I art     : Starting a blocking GC Explicit
08-05 14:21:27.871 13943 14029 I art     : Explicit concurrent mark sweep GC freed 3(96B) AllocSpace objects, 0(0B) LOS objects, 23% free, 53MB/69MB, paused 292us total 14.320ms
08-05 14:21:28.064 13923 13923 W Atfwd_Sendcmd: AtCmdFwd service not published, waiting... retryCnt : 3
08-05 14:21:28.167 13943 13956 I art     : Starting a blocking GC Explicit
08-05 14:21:28.194 13943 13956 I art     : Explicit concurrent mark sweep GC freed 1562(90KB) AllocSpace objects, 1(20KB) LOS objects, 23% free, 53MB/69MB, paused 353us total 27.128ms
08-05 14:21:28.205 13943 13956 I art     : Starting a blocking GC Explicit
08-05 14:21:28.223 13943 13956 I art     : Explicit concurrent mark sweep GC freed 28(1024B) AllocSpace objects, 0(0B) LOS objects, 23% free, 53MB/69MB, paused 349us total 17.703ms
08-05 14:21:28.230 13943 13956 I art     : Starting a blocking GC Explicit
08-05 14:21:28.246 13943 13956 I art     : Explicit concurrent mark sweep GC freed 3(96B) AllocSpace objects, 0(0B) LOS objects, 23% free, 53MB/69MB, paused 303us total 16.453ms
08-05 14:21:28.253 13943 13956 I art     : Starting a blocking GC Explicit
08-05 14:21:28.271 13943 13956 I art     : Explicit concurrent mark sweep GC freed 3(96B) AllocSpace objects, 0(0B) LOS objects, 23% free, 53MB/69MB, paused 295us total 17.367ms
08-05 14:21:28.277 13943 13956 I art     : Starting a blocking GC Explicit
08-05 14:21:28.294 13943 13956 I art     : Explicit concurrent mark sweep GC freed 3(96B) AllocSpace objects, 0(0B) LOS objects, 23% free, 53MB/69MB, paused 295us total 16.234ms
08-05 14:21:28.347   918  1210 D NetlinkSocketObserver: NeighborEvent{elapsedMs=1783892222, 192.168.2.254, [7C3953A63323], RTM_NEWNEIGH, NUD_STALE}
08-05 14:21:28.625 13943 14029 I art     : Starting a blocking GC Explicit
08-05 14:21:28.650 13943 14029 I art     : Explicit concurrent mark sweep GC freed 1550(92KB) AllocSpace objects, 1(20KB) LOS objects, 23% free, 53MB/69MB, paused 350us total 24.294ms
08-05 14:21:28.661 13943 14029 I art     : Starting a blocking GC Explicit
08-05 14:21:28.681 13943 14029 I art     : Explicit concurrent mark sweep GC freed 28(1024B) AllocSpace objects, 0(0B) LOS objects, 23% free, 53MB/69MB, paused 298us total 19.475ms
08-05 14:21:28.688 13943 14029 I art     : Starting a blocking GC Explicit
08-05 14:21:28.705 13943 14029 I art     : Explicit concurrent mark sweep GC freed 3(96B) AllocSpace objects, 0(0B) LOS objects, 23% free, 53MB/69MB, paused 368us total 17.095ms
08-05 14:21:28.712 13943 14029 I art     : Starting a blocking GC Explicit
08-05 14:21:28.729 13943 14029 I art     : Explicit concurrent mark sweep GC freed 3(96B) AllocSpace objects, 0(0B) LOS objects, 23% free, 53MB/69MB, paused 298us total 16.446ms
08-05 14:21:28.735 13943 14029 I art     : Starting a blocking GC Explicit
08-05 14:21:28.752 13943 14029 I art     : Explicit concurrent mark sweep GC freed 3(96B) AllocSpace objects, 0(0B) LOS objects, 23% free, 53MB/69MB, paused 285us total 16.326ms
08-05 14:21:29.082 13943 14202 I art     : Starting a blocking GC Explicit
08-05 14:21:29.106 13943 14202 I art     : Explicit concurrent mark sweep GC freed 1550(94KB) AllocSpace objects, 1(20KB) LOS objects, 23% free, 53MB/69MB, paused 356us total 23.904ms
08-05 14:21:29.117 13943 14202 I art     : Starting a blocking GC Explicit
08-05 14:21:29.134 13943 14202 I art     : Explicit concurrent mark sweep GC freed 28(1024B) AllocSpace objects, 0(0B) LOS objects, 23% free, 53MB/69MB, paused 307us total 17.042ms
08-05 14:21:29.141 13943 14202 I art     : Starting a blocking GC Explicit
08-05 14:21:29.158 13943 14202 I art     : Explicit concurrent mark sweep GC freed 3(96B) AllocSpace objects, 0(0B) LOS objects, 23% free, 53MB/69MB, paused 287us total 16.675ms
08-05 14:21:29.165 13943 14202 I art     : Starting a blocking GC Explicit
08-05 14:21:29.182 13943 14202 I art     : Explicit concurrent mark sweep GC freed 3(96B) AllocSpace objects, 0(0B) LOS objects, 23% free, 53MB/69MB, paused 301us total 16.634ms
08-05 14:21:29.189 13943 14202 I art     : Starting a blocking GC Explicit
08-05 14:21:29.205 13943 14202 I art     : Explicit concurrent mark sweep GC freed 3(96B) AllocSpace objects, 0(0B) LOS objects, 23% free, 53MB/69MB, paused 296us total 16.219ms
08-05 14:21:29.521 13943 13957 I art     : Starting a blocking GC Explicit
08-05 14:21:29.545 13943 13957 I art     : Explicit concurrent mark sweep GC freed 1553(95KB) AllocSpace objects, 1(20KB) LOS objects, 23% free, 53MB/69MB, paused 358us total 23.803ms
08-05 14:21:29.554 13943 13957 I art     : Starting a blocking GC Explicit
08-05 14:21:29.572 13943 13957 I art     : Explicit concurrent mark sweep GC freed 28(1024B) AllocSpace objects, 0(0B) LOS objects, 23% free, 53MB/69MB, paused 281us total 17.290ms
08-05 14:21:29.579 13943 13957 I art     : Starting a blocking GC Explicit
08-05 14:21:29.596 13943 13957 I art     : Explicit concurrent mark sweep GC freed 3(96B) AllocSpace objects, 0(0B) LOS objects, 23% free, 53MB/69MB, paused 295us total 16.519ms
08-05 14:21:29.602 13943 13957 I art     : Starting a blocking GC Explicit
08-05 14:21:29.619 13943 13957 I art     : Explicit concurrent mark sweep GC freed 3(96B) AllocSpace objects, 0(0B) LOS objects, 23% free, 53MB/69MB, paused 301us total 16.235ms
08-05 14:21:29.625 13943 13957 I art     : Starting a blocking GC Explicit
08-05 14:21:29.642 13943 13957 I art     : Explicit concurrent mark sweep GC freed 3(96B) AllocSpace objects, 0(0B) LOS objects, 23% free, 53MB/69MB, paused 290us total 16.285ms
08-05 14:21:29.962 13943 13956 I art     : Starting a blocking GC Explicit
08-05 14:21:29.986 13943 13956 I art     : Explicit concurrent mark sweep GC freed 1552(94KB) AllocSpace objects, 1(20KB) LOS objects, 23% free, 53MB/69MB, paused 356us total 23.958ms
08-05 14:21:29.997 13943 13956 I art     : Starting a blocking GC Explicit
08-05 14:21:30.016 13943 13956 I art     : Explicit concurrent mark sweep GC freed 28(1024B) AllocSpace objects, 0(0B) LOS objects, 23% free, 53MB/69MB, paused 309us total 18.587ms
08-05 14:21:30.023 13943 13956 I art     : Starting a blocking GC Explicit
08-05 14:21:30.040 13943 13956 I art     : Explicit concurrent mark sweep GC freed 3(96B) AllocSpace objects, 0(0B) LOS objects, 23% free, 53MB/69MB, paused 303us total 16.789ms
08-05 14:21:30.047 13943 13956 I art     : Starting a blocking GC Explicit
08-05 14:21:30.064 13943 13956 I art     : Explicit concurrent mark sweep GC freed 3(96B) AllocSpace objects, 0(0B) LOS objects, 23% free, 53MB/69MB, paused 305us total 16.423ms
08-05 14:21:30.070 13943 13956 I art     : Starting a blocking GC Explicit
08-05 14:21:30.087 13943 13956 I art     : Explicit concurrent mark sweep GC freed 3(96B) AllocSpace objects, 0(0B) LOS objects, 23% free, 53MB/69MB, paused 287us total 16.747ms
08-05 14:21:30.400 13943 14029 I art     : Starting a blocking GC Explicit
08-05 14:21:30.425 13943 14029 I art     : Explicit concurrent mark sweep GC freed 1548(90KB) AllocSpace objects, 1(20KB) LOS objects, 23% free, 53MB/69MB, paused 358us total 24.383ms
08-05 14:21:30.436 13943 14029 I art     : Starting a blocking GC Explicit
08-05 14:21:30.454 13943 14029 I art     : Explicit concurrent mark sweep GC freed 28(1024B) AllocSpace objects, 0(0B) LOS objects, 23% free, 53MB/69MB, paused 313us total 17.295ms
08-05 14:21:30.461 13943 14029 I art     : Starting a blocking GC Explicit
08-05 14:21:30.478 13943 14029 I art     : Explicit concurrent mark sweep GC freed 3(96B) AllocSpace objects, 0(0B) LOS objects, 23% free, 53MB/69MB, paused 306us total 17.063ms
08-05 14:21:30.485 13943 14029 I art     : Starting a blocking GC Explicit
08-05 14:21:30.502 13943 14029 I art     : Explicit concurrent mark sweep GC freed 3(96B) AllocSpace objects, 0(0B) LOS objects, 23% free, 53MB/69MB, paused 303us total 16.885ms
08-05 14:21:30.509 13943 14029 I art     : Starting a blocking GC Explicit
08-05 14:21:30.527 13943 14029 I art     : Explicit concurrent mark sweep GC freed 3(96B) AllocSpace objects, 0(0B) LOS objects, 23% free, 53MB/69MB, paused 302us total 17.060ms
08-05 14:21:30.847 13943 14202 I art     : Starting a blocking GC Explicit
08-05 14:21:30.869 13943 14202 I art     : Explicit concurrent mark sweep GC freed 1548(90KB) AllocSpace objects, 1(20KB) LOS objects, 23% free, 53MB/69MB, paused 333us total 21.979ms
08-05 14:21:30.877 13943 14202 I art     : Starting a blocking GC Explicit
08-05 14:21:30.894 13943 14202 I art     : Explicit concurrent mark sweep GC freed 28(1024B) AllocSpace objects, 0(0B) LOS objects, 23% free, 53MB/69MB, paused 291us total 16.864ms
08-05 14:21:30.901 13943 14202 I art     : Starting a blocking GC Explicit
08-05 14:21:30.917 13943 14202 I art     : Explicit concurrent mark sweep GC freed 3(96B) AllocSpace objects, 0(0B) LOS objects, 23% free, 53MB/69MB, paused 315us total 16.482ms
08-05 14:21:30.924 13943 14202 I art     : Starting a blocking GC Explicit
08-05 14:21:30.941 13943 14202 I art     : Explicit concurrent mark sweep GC freed 3(96B) AllocSpace objects, 0(0B) LOS objects, 23% free, 53MB/69MB, paused 314us total 16.847ms
08-05 14:21:30.948 13943 14202 I art     : Starting a blocking GC Explicit
08-05 14:21:30.964 13943 14202 I art     : Explicit concurrent mark sweep GC freed 3(96B) AllocSpace objects, 0(0B) LOS objects, 23% free, 53MB/69MB, paused 324us total 16.407ms
08-05 14:21:31.297 13943 13957 I art     : Starting a blocking GC Explicit
08-05 14:21:31.320 13943 13957 I art     : Explicit concurrent mark sweep GC freed 1548(90KB) AllocSpace objects, 1(20KB) LOS objects, 23% free, 53MB/69MB, paused 323us total 22.602ms
08-05 14:21:31.327 13943 13957 I art     : Starting a blocking GC Explicit
08-05 14:21:31.344 13943 13957 I art     : Explicit concurrent mark sweep GC freed 28(1024B) AllocSpace objects, 0(0B) LOS objects, 23% free, 53MB/69MB, paused 302us total 16.892ms
08-05 14:21:31.351 13943 13957 I art     : Starting a blocking GC Explicit
08-05 14:21:31.368 13943 13957 I art     : Explicit concurrent mark sweep GC freed 3(96B) AllocSpace objects, 0(0B) LOS objects, 23% free, 53MB/69MB, paused 292us total 16.654ms
08-05 14:21:31.375 13943 13957 I art     : Starting a blocking GC Explicit
08-05 14:21:31.392 13943 13957 I art     : Explicit concurrent mark sweep GC freed 3(96B) AllocSpace objects, 0(0B) LOS objects, 23% free, 53MB/69MB, paused 298us total 16.560ms
08-05 14:21:31.398 13943 13957 I art     : Starting a blocking GC Explicit
08-05 14:21:31.415 13943 13957 I art     : Explicit concurrent mark sweep GC freed 3(96B) AllocSpace objects, 0(0B) LOS objects, 23% free, 53MB/69MB, paused 336us total 16.341ms
08-05 14:21:31.739 13943 13956 I art     : Starting a blocking GC Explicit
08-05 14:21:31.766 13943 13956 I art     : Explicit concurrent mark sweep GC freed 1548(90KB) AllocSpace objects, 1(20KB) LOS objects, 23% free, 53MB/69MB, paused 409us total 25.700ms
08-05 14:21:31.777 13943 13956 I art     : Starting a blocking GC Explicit
08-05 14:21:31.794 13943 13956 I art     : Explicit concurrent mark sweep GC freed 28(1024B) AllocSpace objects, 0(0B) LOS objects, 23% free, 53MB/69MB, paused 299us total 16.669ms
08-05 14:21:31.801 13943 13956 I art     : Starting a blocking GC Explicit
08-05 14:21:31.817 13943 13956 I art     : Explicit concurrent mark sweep GC freed 3(96B) AllocSpace objects, 0(0B) LOS objects, 23% free, 53MB/69MB, paused 280us total 16.568ms
08-05 14:21:31.824 13943 13956 I art     : Starting a blocking GC Explicit
08-05 14:21:31.841 13943 13956 I art     : Explicit concurrent mark sweep GC freed 3(96B) AllocSpace objects, 0(0B) LOS objects, 23% free, 53MB/69MB, paused 335us total 16.735ms
08-05 14:21:31.848 13943 13956 I art     : Starting a blocking GC Explicit
08-05 14:21:31.865 13943 13956 I art     : Explicit concurrent mark sweep GC freed 3(96B) AllocSpace objects, 0(0B) LOS objects, 23% free, 53MB/69MB, paused 302us total 16.468ms
08-05 14:21:32.180 13943 14029 I art     : Starting a blocking GC Explicit
