08-04 18:29:28.204 25914 25914 D ActivityNode: 	activity ID 3( key battleday)
08-04 18:29:28.204 25914 25914 D ActivityNode: 	activity ID 3( key id)
08-04 18:29:28.204 25914 25914 D ActivityNode: 	activity ID 3( key name)
08-04 18:29:28.204 25914 25914 D ActivityNode: 	activity ID 3( key battleday)
08-04 18:29:28.204 25914 25914 D ActivityNode: 	activity ID 3( key id)
08-04 18:29:28.204 25914 25914 D ActivityNode: 	activity ID 3( key name)
08-04 18:29:28.204 25914 25914 D ActivityNode: 	activity ID 3( key battleday)
08-04 18:29:28.204 25914 25914 D ActivityNode: 	activity ID 3( key id)
08-04 18:29:28.204 25914 25914 D ActivityNode: 	activity ID 3( key name)
08-04 18:29:28.204 25914 25914 D ActivityNode: 	activity ID 3( key battleday)
08-04 18:29:28.204 25914 25914 D ActivityNode: 	activity ID 3( key id)
08-04 18:29:28.204 25914 25914 D ActivityNode: 	activity ID 3( key name)
08-04 18:29:28.204 25914 25914 D ActivityNode: 	activity ID 3( key battleday)
08-04 18:29:28.204 25914 25914 D ActivityNode: 	activity ID 3( key id)
08-04 18:29:28.204 25914 25914 D ActivityNode: 	activity ID 3( key name)
08-04 18:29:28.204 25914 25914 D ActivityNode: 	activity ID 3( key battleday)
08-04 18:29:28.204 25914 25914 D ActivityNode: 	activity ID 3( key id)
08-04 18:29:28.204 25914 25914 D ActivityNode: 	activity ID 3( key name)
08-04 18:29:28.204 25914 25914 D ActivityNode: 	activity ID 3( key battleday)
08-04 18:29:28.204 25914 25914 D ActivityNode: 	activity ID 3( key id)
08-04 18:29:28.204 25914 25914 D ActivityNode: 	activity ID 3( key name)
08-04 18:29:28.204 25914 25914 D ActivityNode: 	activity ID 3( key battleday)
08-04 18:29:28.204 25914 25914 D ActivityNode: 	activity ID 3( key id)
08-04 18:29:28.204 25914 25914 D ActivityNode: 	activity ID 3( key name)
08-04 18:29:28.204 25914 25914 D ActivityNode: Observer - visit time - BattleDayActivity - New aggregate visit time found is 89663 ms
08-04 18:29:28.204 25914 25914 D ActivityNode: Observer - visit time - ClubActivity - New aggregate visit time found is 233448 ms
08-04 18:29:28.204 25914 25914 D PARAM   : COUNT: 2
08-04 18:29:28.205 25914 25914 D PARAM   : ID_ACTIVITY: 4
08-04 18:29:28.205 25914 25914 D PARAM   : parameter.urlPiece = https://api-hillfair-2k16.herokuapp.com/api/app/events/special/event?id=
08-04 18:29:28.205 25914 25914 D PARAM   : parameter.type = 0
08-04 18:29:28.205 25914 25914 D PARAM   : parameter.urlOrder = 0
08-04 18:29:28.205 25914 25914 D PARAM   : ID_ACTIVITY: 4
08-04 18:29:28.205 25914 25914 D PARAM   : parameter.urlPiece = id
08-04 18:29:28.205 25914 25914 D PARAM   : parameter.type = 1
08-04 18:29:28.205 25914 25914 D PARAM   : parameter.urlOrder = 1
08-04 18:29:28.205 25914 25914 D ActivityNode: Observer - URL candidate ClubActivity[nl.vu.cs.s2group.nappa.room.dao.UrlCandidateDao$UrlCandidateToUrlParameter@753d6f7, nl.vu.cs.s2group.nappa.room.dao.UrlCandidateDao$UrlCandidateToUrlParameter@43bf964]
08-04 18:29:28.207 25914 25914 D ActivityNode: Observer - intent extra - ClubActivity
08-04 18:29:28.207 25914 25914 D ActivityNode: Extras:
08-04 18:29:28.207 25914 25914 D ActivityNode: Observer - session data - sourceQuizActivity
08-04 18:29:28.207 25914 25914 D ActivityNode: destinations:
08-04 18:29:28.207 25914 25914 D ActivityNode: 	nappagreedy.appteam.nith.hillffair.activities.LeaderBoardActivity( count 12)
08-04 18:29:28.207 25914 25914 D ActivityNode: 	nappagreedy.appteam.nith.hillffair.activities.InformationActivity( count 4)
08-04 18:29:28.207 25914 25914 D PARAM   : COUNT: 0
08-04 18:29:28.207 25914 25914 D ActivityNode: Observer - URL candidate QuizActivity[]
08-04 18:29:28.208 25914 25914 D ActivityNode: Observer - intent extra - QuizActivity
08-04 18:29:28.208 25914 25914 D ActivityNode: Extras:
08-04 18:29:28.209 13866 13866 I GoogleInputMethodServic: GoogleInputMethodService.onFinishInput():3138 
08-04 18:29:28.209 25914 25914 D ActivityNode: Observer - session data - sourceLeaderBoardActivity
08-04 18:29:28.209 25914 25914 D ActivityNode: destinations:
08-04 18:29:28.209 13866 13866 I GoogleInputMethodServic: GoogleInputMethodService.onStartInput():1808 
08-04 18:29:28.211 25914 25914 D PARAM   : COUNT: 0
08-04 18:29:28.212 25914 25914 D ActivityNode: Observer - URL candidate LeaderBoardActivity[]
08-04 18:29:28.212 25914 25914 D ActivityNode: Observer - intent extra - LeaderBoardActivity
08-04 18:29:28.212 25914 25914 D ActivityNode: Extras:
08-04 18:29:28.213 25914 25914 D ActivityNode: Observer - visit time - QuizActivity - New aggregate visit time found is 47340 ms
08-04 18:29:28.214 25914 25914 D ActivityNode: Observer - visit time - LeaderBoardActivity - New aggregate visit time found is 54101 ms
08-04 18:29:28.214 25914 25914 D ActivityNode: Observer - session data - sourceInformationActivity
08-04 18:29:28.214 25914 25914 D ActivityNode: destinations:
08-04 18:29:28.215 25914 25914 D PARAM   : COUNT: 0
08-04 18:29:28.215 25914 25914 D ActivityNode: Observer - URL candidate InformationActivity[]
08-04 18:29:28.215 25914 25914 D ActivityNode: Observer - visit time - InformationActivity - New aggregate visit time found is 18130 ms
08-04 18:29:28.215 25914 25914 D ActivityNode: Observer - session data - sourceSplashActivity
08-04 18:29:28.215 25914 25914 D ActivityNode: destinations:
08-04 18:29:28.215 25914 25914 D ActivityNode: 	nappagreedy.appteam.nith.hillffair.activities.HomeActivity( count 4)
08-04 18:29:28.256 25914 25927 I art     : Starting a blocking GC Explicit
08-04 18:29:28.276 25914 25914 D PARAM   : COUNT: 0
08-04 18:29:28.277 25914 25914 D ActivityNode: Observer - URL candidate EventActivity[]
08-04 18:29:28.277 25914 25914 D ActivityNode: Observer - session data - sourceEventActivity
08-04 18:29:28.277 25914 25914 D ActivityNode: destinations:
08-04 18:29:28.277 25914 25914 D ActivityNode: 	nappagreedy.appteam.nith.hillffair.activities.ClubActivity( count 24)
08-04 18:29:28.277 25914 25914 D ActivityNode: Observer - intent extra - InformationActivity
08-04 18:29:28.277 25914 25914 D ActivityNode: Extras:
08-04 18:29:28.277 25914 25914 D ActivityNode: Observer - intent extra - EventActivity
08-04 18:29:28.277 25914 25914 D ActivityNode: Extras:
08-04 18:29:28.277 25914 25914 D ActivityNode: 	activity ID 8( key CLUB_NAME)
08-04 18:29:28.277 25914 25914 D ActivityNode: 	activity ID 8( key CLUB_NAME)
08-04 18:29:28.277 25914 25914 D ActivityNode: 	activity ID 8( key CLUB_NAME)
08-04 18:29:28.277 25914 25914 D ActivityNode: 	activity ID 8( key CLUB_NAME)
08-04 18:29:28.277 25914 25914 D ActivityNode: 	activity ID 8( key CLUB_NAME)
08-04 18:29:28.277 25914 25914 D ActivityNode: 	activity ID 8( key CLUB_NAME)
08-04 18:29:28.277 25914 25914 D ActivityNode: 	activity ID 8( key CLUB_NAME)
08-04 18:29:28.277 25914 25914 D ActivityNode: 	activity ID 8( key CLUB_NAME)
08-04 18:29:28.277 25914 25914 D ActivityNode: 	activity ID 8( key CLUB_NAME)
08-04 18:29:28.277 25914 25914 D ActivityNode: 	activity ID 8( key CLUB_NAME)
08-04 18:29:28.277 25914 25914 D ActivityNode: 	activity ID 8( key CLUB_NAME)
08-04 18:29:28.277 25914 25914 D ActivityNode: 	activity ID 8( key CLUB_NAME)
08-04 18:29:28.277 25914 25914 D ActivityNode: 	activity ID 8( key CLUB_NAME)
08-04 18:29:28.277 25914 25914 D ActivityNode: 	activity ID 8( key CLUB_NAME)
08-04 18:29:28.277 25914 25914 D ActivityNode: 	activity ID 8( key CLUB_NAME)
08-04 18:29:28.277 25914 25914 D ActivityNode: 	activity ID 8( key CLUB_NAME)
08-04 18:29:28.277 25914 25914 D ActivityNode: 	activity ID 8( key CLUB_NAME)
08-04 18:29:28.277 25914 25914 D ActivityNode: 	activity ID 8( key CLUB_NAME)
08-04 18:29:28.277 25914 25914 D ActivityNode: 	activity ID 8( key CLUB_NAME)
08-04 18:29:28.277 25914 25914 D ActivityNode: 	activity ID 8( key CLUB_NAME)
08-04 18:29:28.277 25914 25914 D ActivityNode: 	activity ID 8( key CLUB_NAME)
08-04 18:29:28.277 25914 25914 D ActivityNode: 	activity ID 8( key CLUB_NAME)
08-04 18:29:28.277 25914 25914 D ActivityNode: 	activity ID 8( key CLUB_NAME)
08-04 18:29:28.277 25914 25914 D ActivityNode: 	activity ID 8( key CLUB_NAME)
08-04 18:29:28.277 25914 25914 D ActivityNode: 	activity ID 8( key CLUB_NAME)
08-04 18:29:28.277 25914 25914 D ActivityNode: 	activity ID 8( key CLUB_NAME)
08-04 18:29:28.277 25914 25914 D ActivityNode: 	activity ID 8( key CLUB_NAME)
08-04 18:29:28.277 25914 25914 D ActivityNode: 	activity ID 8( key CLUB_NAME)
08-04 18:29:28.277 25914 25914 D ActivityNode: 	activity ID 8( key CLUB_NAME)
08-04 18:29:28.277 25914 25914 D ActivityNode: 	activity ID 8( key CLUB_NAME)
08-04 18:29:28.277 25914 25914 D ActivityNode: 	activity ID 8( key CLUB_NAME)
08-04 18:29:28.277 25914 25914 D ActivityNode: 	activity ID 8( key CLUB_NAME)
08-04 18:29:28.277 25914 25914 D ActivityNode: 	activity ID 8( key CLUB_NAME)
08-04 18:29:28.277 25914 25914 D ActivityNode: 	activity ID 8( key CLUB_NAME)
08-04 18:29:28.277 25914 25914 D ActivityNode: 	activity ID 8( key CLUB_NAME)
08-04 18:29:28.277 25914 25914 D ActivityNode: 	activity ID 8( key CLUB_NAME)
08-04 18:29:28.277 25914 25914 D ActivityNode: Observer - visit time - EventActivity - New aggregate visit time found is 91814 ms
08-04 18:29:28.281   918   936 I ActivityManager: Displayed nappagreedy.appteam.nith.hillffair/.activities.SplashActivity: +2s546ms
08-04 18:29:28.305 25914 25927 I art     : Explicit concurrent mark sweep GC freed 24554(2MB) AllocSpace objects, 12(380KB) LOS objects, 40% free, 23MB/38MB, paused 369us total 49.547ms
08-04 18:29:28.312 25914 25927 I art     : Starting a blocking GC Explicit
08-04 18:29:28.324 25914 25927 I art     : Explicit concurrent mark sweep GC freed 2753(191KB) AllocSpace objects, 0(0B) LOS objects, 40% free, 23MB/38MB, paused 227us total 11.374ms
08-04 18:29:28.331 25914 25927 I art     : Starting a blocking GC Explicit
08-04 18:29:28.341 25914 25927 I art     : Explicit concurrent mark sweep GC freed 16(1040B) AllocSpace objects, 0(0B) LOS objects, 40% free, 23MB/38MB, paused 191us total 9.982ms
08-04 18:29:28.348 25914 25927 I art     : Starting a blocking GC Explicit
08-04 18:29:28.362 25914 25927 I art     : Explicit concurrent mark sweep GC freed 28(22KB) AllocSpace objects, 0(0B) LOS objects, 40% free, 23MB/38MB, paused 217us total 13.956ms
08-04 18:29:28.368 25914 25927 I art     : Starting a blocking GC Explicit
08-04 18:29:28.379 25914 25927 I art     : Explicit concurrent mark sweep GC freed 6(192B) AllocSpace objects, 0(0B) LOS objects, 40% free, 23MB/38MB, paused 306us total 10.492ms
08-04 18:29:28.388 25914 25946 D Nappa   : PREFETCH_ON_EXTRA - setCurrentActivity - logs - from extra - made prediction isfalse
08-04 18:29:28.670 25914 26000 I art     : Starting a blocking GC Explicit
08-04 18:29:28.688 25914 26000 I art     : Explicit concurrent mark sweep GC freed 1516(89KB) AllocSpace objects, 1(20KB) LOS objects, 40% free, 23MB/38MB, paused 271us total 17.933ms
08-04 18:29:28.697 25914 26000 I art     : Starting a blocking GC Explicit
08-04 18:29:28.709 25914 26000 I art     : Explicit concurrent mark sweep GC freed 50(1776B) AllocSpace objects, 0(0B) LOS objects, 40% free, 23MB/38MB, paused 280us total 11.542ms
08-04 18:29:28.717 25914 26000 I art     : Starting a blocking GC Explicit
08-04 18:29:28.728 25914 26000 I art     : Explicit concurrent mark sweep GC freed 3(96B) AllocSpace objects, 0(0B) LOS objects, 40% free, 23MB/38MB, paused 182us total 10.744ms
08-04 18:29:28.734 25914 26000 I art     : Starting a blocking GC Explicit
08-04 18:29:28.743 25914 26000 I art     : Explicit concurrent mark sweep GC freed 3(96B) AllocSpace objects, 0(0B) LOS objects, 40% free, 23MB/38MB, paused 206us total 9.388ms
08-04 18:29:28.749 25914 26000 I art     : Starting a blocking GC Explicit
08-04 18:29:28.758 25914 26000 I art     : Explicit concurrent mark sweep GC freed 3(96B) AllocSpace objects, 0(0B) LOS objects, 40% free, 23MB/38MB, paused 189us total 9.556ms
08-04 18:29:29.047 25914 25926 I art     : Starting a blocking GC Explicit
08-04 18:29:29.060 25914 25926 I art     : Explicit concurrent mark sweep GC freed 1505(90KB) AllocSpace objects, 1(20KB) LOS objects, 40% free, 23MB/38MB, paused 208us total 13.042ms
08-04 18:29:29.067 25914 25926 I art     : Starting a blocking GC Explicit
08-04 18:29:29.078 25914 25926 I art     : Explicit concurrent mark sweep GC freed 28(1024B) AllocSpace objects, 0(0B) LOS objects, 40% free, 23MB/38MB, paused 202us total 11.409ms
08-04 18:29:29.085 25914 25926 I art     : Starting a blocking GC Explicit
08-04 18:29:29.097 25914 25926 I art     : Explicit concurrent mark sweep GC freed 3(96B) AllocSpace objects, 0(0B) LOS objects, 40% free, 23MB/38MB, paused 199us total 11.313ms
08-04 18:29:29.103 25914 25926 I art     : Starting a blocking GC Explicit
08-04 18:29:29.114 25914 25926 I art     : Explicit concurrent mark sweep GC freed 3(96B) AllocSpace objects, 0(0B) LOS objects, 40% free, 23MB/38MB, paused 189us total 10.821ms
08-04 18:29:29.120 25914 25926 I art     : Starting a blocking GC Explicit
08-04 18:29:29.131 25914 25926 I art     : Explicit concurrent mark sweep GC freed 3(96B) AllocSpace objects, 0(0B) LOS objects, 40% free, 23MB/38MB, paused 190us total 10.451ms
08-04 18:29:29.448 25914 25927 I art     : Starting a blocking GC Explicit
08-04 18:29:29.469 25914 25927 I art     : Explicit concurrent mark sweep GC freed 1507(91KB) AllocSpace objects, 1(20KB) LOS objects, 40% free, 23MB/38MB, paused 281us total 20.595ms
08-04 18:29:29.481 25914 25914 D NappaIntentExtras: ==================
08-04 18:29:29.481 25914 25927 I art     : Starting a blocking GC Explicit
08-04 18:29:29.481 25914 25914 D NappaIntentExtras: Log #1
08-04 18:29:29.486 25914 25914 D NappaIntentExtras: ------------------
08-04 18:29:29.486 25914 25914 D NappaIntentExtras: activity nappagreedy.appteam.nith.hillffair.activities.QuizActivity
08-04 18:29:29.487 25914 25914 D NappaIntentExtras: 	- No extras registered
08-04 18:29:29.487 25914 25914 D NappaIntentExtras: activity nappagreedy.appteam.nith.hillffair.activities.HomeActivity
08-04 18:29:29.487 25914 25914 D NappaIntentExtras: 	- No extras registered
08-04 18:29:29.487 25914 25914 D NappaIntentExtras: activity nappagreedy.appteam.nith.hillffair.activities.ClubActivity
08-04 18:29:29.487 25914 25914 D NappaIntentExtras: 	- No extras registered
08-04 18:29:29.487 25914 25914 D NappaIntentExtras: activity nappagreedy.appteam.nith.hillffair.activities.LeaderBoardActivity
08-04 18:29:29.487 25914 25914 D NappaIntentExtras: 	- No extras registered
08-04 18:29:29.487 25914 25914 D NappaIntentExtras: activity nappagreedy.appteam.nith.hillffair.activities.InformationActivity
08-04 18:29:29.487 25914 25914 D NappaIntentExtras: 	- No extras registered
08-04 18:29:29.487 25914 25914 D NappaIntentExtras: activity nappagreedy.appteam.nith.hillffair.activities.BattleDayActivity
08-04 18:29:29.487 25914 25914 D NappaIntentExtras: 	- No extras registered
08-04 18:29:29.487 25914 25914 D NappaIntentExtras: activity nappagreedy.appteam.nith.hillffair.activities.EventActivity
08-04 18:29:29.487 25914 25914 D NappaIntentExtras: 	- No extras registered
08-04 18:29:29.487 25914 25914 D NappaIntentExtras: activity nappagreedy.appteam.nith.hillffair.activities.SplashActivity
08-04 18:29:29.487 25914 25914 D NappaIntentExtras: 	- No extras registered
08-04 18:29:29.487 25914 25914 D NappaIntentExtras: ==================
08-04 18:29:29.489   918  6029 I ActivityManager: START u0 {cmp=nappagreedy.appteam.nith.hillffair/.activities.WelcomeActivity} from uid 10654 on display 0
08-04 18:29:29.498 25914 25927 I art     : Explicit concurrent mark sweep GC freed 66(12KB) AllocSpace objects, 0(0B) LOS objects, 40% free, 23MB/38MB, paused 234us total 17.249ms
08-04 18:29:29.501 25914 25914 D NappaLifecycleObserver: nappagreedy.appteam.nith.hillffair.activities.SplashActivity - onPause
08-04 18:29:29.501 25914 25914 D Nappa   : Stayed on nappagreedy.appteam.nith.hillffair.activities.SplashActivity for 1411 ms
08-04 18:29:29.505 25914 25927 I art     : Starting a blocking GC Explicit
08-04 18:29:29.518 25914 25927 I art     : Explicit concurrent mark sweep GC freed 264(18KB) AllocSpace objects, 0(0B) LOS objects, 40% free, 23MB/38MB, paused 432us total 12.892ms
08-04 18:29:29.521 25914 25914 D NappaIntentExtras: ==================
08-04 18:29:29.521 25914 25914 D NappaIntentExtras: Log #2
08-04 18:29:29.521 25914 25914 D NappaIntentExtras: ------------------
08-04 18:29:29.521 25914 25914 D NappaIntentExtras: activity nappagreedy.appteam.nith.hillffair.activities.QuizActivity
08-04 18:29:29.521 25914 25914 D NappaIntentExtras: 	- No extras registered
08-04 18:29:29.521 25914 25914 D NappaIntentExtras: activity nappagreedy.appteam.nith.hillffair.activities.HomeActivity
08-04 18:29:29.521 25914 25914 D NappaIntentExtras: 	- No extras registered
08-04 18:29:29.521 25914 25914 D NappaIntentExtras: activity nappagreedy.appteam.nith.hillffair.activities.ClubActivity
08-04 18:29:29.521 25914 25914 D NappaIntentExtras: 	- No extras registered
08-04 18:29:29.521 25914 25914 D NappaIntentExtras: activity nappagreedy.appteam.nith.hillffair.activities.LeaderBoardActivity
08-04 18:29:29.521 25914 25914 D NappaIntentExtras: 	- No extras registered
08-04 18:29:29.521 25914 25914 D NappaIntentExtras: activity nappagreedy.appteam.nith.hillffair.activities.InformationActivity
08-04 18:29:29.521 25914 25914 D NappaIntentExtras: 	- No extras registered
08-04 18:29:29.521 25914 25914 D NappaIntentExtras: activity nappagreedy.appteam.nith.hillffair.activities.BattleDayActivity
08-04 18:29:29.521 25914 25914 D NappaIntentExtras: 	- No extras registered
08-04 18:29:29.521 25914 25914 D NappaIntentExtras: activity nappagreedy.appteam.nith.hillffair.activities.EventActivity
08-04 18:29:29.521 25914 25914 D NappaIntentExtras: 	- No extras registered
08-04 18:29:29.521 25914 25914 D NappaIntentExtras: activity nappagreedy.appteam.nith.hillffair.activities.SplashActivity
08-04 18:29:29.521 25914 25914 D NappaIntentExtras: 	- No extras registered
08-04 18:29:29.522 25914 25914 D NappaIntentExtras: ==================
08-04 18:29:29.522   918  3359 I ActivityManager: START u0 {cmp=nappagreedy.appteam.nith.hillffair/.activities.HomeActivity} from uid 10654 on display 0
08-04 18:29:29.523 25914 25927 I art     : Starting a blocking GC Explicit
08-04 18:29:29.528   918  5481 W ActivityManager: Duplicate finish request for ActivityRecord{2ad817e u0 nappagreedy.appteam.nith.hillffair/.activities.WelcomeActivity t3965 f}
08-04 18:29:29.532 25914 25927 I art     : Explicit concurrent mark sweep GC freed 150(47KB) AllocSpace objects, 2(40KB) LOS objects, 40% free, 23MB/38MB, paused 263us total 9.560ms
08-04 18:29:29.538 25914 25927 I art     : Starting a blocking GC Explicit
08-04 18:29:29.548 25914 25927 I art     : Explicit concurrent mark sweep GC freed 198(47KB) AllocSpace objects, 0(0B) LOS objects, 40% free, 23MB/38MB, paused 318us total 10.029ms
08-04 18:29:29.762 25914 25914 D NappaLifecycleObserver: nappagreedy.appteam.nith.hillffair.activities.HomeActivity - onResume
08-04 18:29:29.762 25914 25914 D Nappa   : setCurrentActivity - MetricStrategyAccuracy - 
08-04 18:29:29.762 25914 25914 D Nappa   : madePredictionFromActivity = false, 
08-04 18:29:29.762 25914 25914 D Nappa   : fromActivity = nappagreedy.appteam.nith.hillffair.activities.SplashActivity, 
08-04 18:29:29.762 25914 25914 D Nappa   : predictedNextActivityFromActivity = [], 
08-04 18:29:29.762 25914 25914 D Nappa   : activity.getClass().getCanonicalName() = nappagreedy.appteam.nith.hillffair.activities.HomeActivity, 
08-04 18:29:29.762 25914 25914 D Nappa   : setCurrentActivity - MetricStrategyAccuracy - 
08-04 18:29:29.762 25914 25914 D Nappa   : madePredictionFromExtra = false, 
08-04 18:29:29.762 25914 25914 D Nappa   : fromActivity = nappagreedy.appteam.nith.hillffair.activities.SplashActivity, 
08-04 18:29:29.762 25914 25914 D Nappa   : predictedNextActivityFromExtra = [], 
08-04 18:29:29.762 25914 25914 D Nappa   : activity.getClass().getCanonicalName() = nappagreedy.appteam.nith.hillffair.activities.HomeActivity, 
08-04 18:29:29.762 25914 25914 D Nappa   : PREFETCH_ON_EXTRA - setCurrentActivity - logs - from activity - made prediction isfalse
08-04 18:29:29.786 25914 25926 I art     : Starting a blocking GC Explicit
08-04 18:29:29.798 25914 25926 I art     : Explicit concurrent mark sweep GC freed 910(231KB) AllocSpace objects, 0(0B) LOS objects, 25% free, 45MB/61MB, paused 238us total 12.160ms
08-04 18:29:29.804 25914 25926 I art     : Starting a blocking GC Explicit
08-04 18:29:29.816 25914 25926 I art     : Explicit concurrent mark sweep GC freed 110(4KB) AllocSpace objects, 0(0B) LOS objects, 25% free, 45MB/61MB, paused 259us total 12.441ms
08-04 18:29:29.823 25914 25926 I art     : Starting a blocking GC Explicit
08-04 18:29:29.836 25914 25926 I art     : Explicit concurrent mark sweep GC freed 3(96B) AllocSpace objects, 0(0B) LOS objects, 25% free, 45MB/61MB, paused 290us total 13.053ms
08-04 18:29:29.842 25914 25926 I art     : Starting a blocking GC Explicit
08-04 18:29:29.856 25914 25926 I art     : Explicit concurrent mark sweep GC freed 3(96B) AllocSpace objects, 0(0B) LOS objects, 25% free, 45MB/61MB, paused 245us total 13.011ms
08-04 18:29:29.862 25914 25926 I art     : Starting a blocking GC Explicit
08-04 18:29:29.862 25914 25914 D Nappa   : registerActivity: (already in) nappagreedy.appteam.nith.hillffair.activities.HomeActivity
08-04 18:29:29.863 25914 25914 D ActivityNode: ACTNODE UPDATING AFTER LOADING FROM DB
08-04 18:29:29.864 25914 25914 D ActivityGraph: LARDataCalculatedUpdate nappagreedy.appteam.nith.hillffair.activities.HomeActivity Pagerank: 0.25 HITS-Authority: 1.0 HITS-Hub: 1.0 SALSA-Authority: 1.0 SALSA-Hub: 1.0
08-04 18:29:29.865 25914 25914 D Nappa   : SHOULD_PREFETCH true
08-04 18:29:29.876 25914 25926 I art     : Explicit concurrent mark sweep GC freed 89(4KB) AllocSpace objects, 0(0B) LOS objects, 25% free, 45MB/61MB, paused 251us total 13.133ms
08-04 18:29:29.965 25914 25914 D Nappa   : registerActivity: (already in) nappagreedy.appteam.nith.hillffair.activities.HomeActivity
08-04 18:29:29.965 25914 25914 D Nappa   : SUCCESSORS nappagreedy.appteam.nith.hillffair.activities.QuizActivity
08-04 18:29:29.965 25914 25914 D Nappa   : SUCCESSORS nappagreedy.appteam.nith.hillffair.activities.BattleDayActivity
08-04 18:29:29.965 25914 25914 D Nappa   : SUCCESSORS nappagreedy.appteam.nith.hillffair.activities.EventActivity
08-04 18:29:29.965 25914 25914 D Nappa   : STATS Number of requests not prefetched: 0
08-04 18:29:29.965 25914 25914 D Nappa   : STATS Number of requests prefetched: 0
08-04 18:29:29.965 25914 25914 D Nappa   : STATS Time saved until now: 0.0
08-04 18:29:29.971 25914 25914 D ActivityNode: Observer - visit time - SplashActivity - New aggregate visit time found is 7032 ms
08-04 18:29:29.974 25914 25914 D ActivityNode: Observer - session data - sourceSplashActivity
08-04 18:29:29.974 25914 25914 D ActivityNode: destinations:
08-04 18:29:29.974 25914 25914 D ActivityNode: 	nappagreedy.appteam.nith.hillffair.activities.HomeActivity( count 5)
08-04 18:29:30.134 25914 25914 D ActivityNode: Observer - session data - sourceHomeActivity
08-04 18:29:30.134 25914 25914 D ActivityNode: destinations:
08-04 18:29:30.134 25914 25914 D ActivityNode: 	nappagreedy.appteam.nith.hillffair.activities.BattleDayActivity( count 8)
08-04 18:29:30.134 25914 25914 D ActivityNode: 	nappagreedy.appteam.nith.hillffair.activities.QuizActivity( count 8)
08-04 18:29:30.134 25914 25914 D ActivityNode: 	nappagreedy.appteam.nith.hillffair.activities.EventActivity( count 8)
08-04 18:29:30.134 25914 25914 D ActivityNode: Observer - session data - sourceClubActivity
08-04 18:29:30.134 25914 25914 D ActivityNode: destinations:
08-04 18:29:30.134 25914 25914 D ActivityNode: Observer - session data - sourceQuizActivity
08-04 18:29:30.134 25914 25914 D ActivityNode: destinations:
08-04 18:29:30.134 25914 25914 D ActivityNode: 	nappagreedy.appteam.nith.hillffair.activities.LeaderBoardActivity( count 12)
08-04 18:29:30.134 25914 25914 D ActivityNode: 	nappagreedy.appteam.nith.hillffair.activities.InformationActivity( count 4)
08-04 18:29:30.134 25914 25914 D ActivityNode: Observer - session data - sourceBattleDayActivity
08-04 18:29:30.134 25914 25914 D ActivityNode: destinations:
08-04 18:29:30.134 25914 25914 D ActivityNode: 	nappagreedy.appteam.nith.hillffair.activities.ClubActivity( count 24)
08-04 18:29:30.134 25914 25914 D ActivityNode: Observer - session data - sourceInformationActivity
08-04 18:29:30.134 25914 25914 D ActivityNode: destinations:
08-04 18:29:30.134 25914 25914 D ActivityNode: Observer - session data - sourceEventActivity
08-04 18:29:30.134 25914 25914 D ActivityNode: destinations:
08-04 18:29:30.134 25914 25914 D ActivityNode: 	nappagreedy.appteam.nith.hillffair.activities.ClubActivity( count 24)
08-04 18:29:30.134 25914 25914 D ActivityNode: Observer - session data - sourceLeaderBoardActivity
08-04 18:29:30.134 25914 25914 D ActivityNode: destinations:
08-04 18:29:30.143 25914 25926 I art     : Starting a blocking GC Explicit
08-04 18:29:30.158 25914 25926 I art     : Explicit concurrent mark sweep GC freed 3031(287KB) AllocSpace objects, 1(20KB) LOS objects, 24% free, 48MB/64MB, paused 224us total 14.826ms
08-04 18:29:30.162 25914 25946 D Nappa   : PREFETCH_ON_EXTRA - setCurrentActivity - logs - from extra - made prediction isfalse
08-04 18:29:30.164 25914 25926 I art     : Starting a blocking GC Explicit
08-04 18:29:30.177 25914 25926 I art     : Explicit concurrent mark sweep GC freed 398(17KB) AllocSpace objects, 0(0B) LOS objects, 24% free, 48MB/64MB, paused 212us total 12.655ms
08-04 18:29:30.183 25914 25926 I art     : Starting a blocking GC Explicit
08-04 18:29:30.195 25914 25926 I art     : Explicit concurrent mark sweep GC freed 3(96B) AllocSpace objects, 0(0B) LOS objects, 24% free, 48MB/64MB, paused 202us total 11.799ms
08-04 18:29:30.200 25914 25926 I art     : Starting a blocking GC Explicit
08-04 18:29:30.212 25914 25926 I art     : Explicit concurrent mark sweep GC freed 3(96B) AllocSpace objects, 0(0B) LOS objects, 24% free, 48MB/64MB, paused 251us total 11.560ms
08-04 18:29:30.217 25914 25926 I art     : Starting a blocking GC Explicit
08-04 18:29:30.229 25914 25926 I art     : Explicit concurrent mark sweep GC freed 3(96B) AllocSpace objects, 0(0B) LOS objects, 24% free, 48MB/64MB, paused 226us total 11.660ms
08-04 18:29:30.246 13866 13866 I GoogleInputMethodServic: GoogleInputMethodService.onFinishInput():3138 
08-04 18:29:30.246 13866 13866 I GoogleInputMethodServic: GoogleInputMethodService.onStartInput():1808 
08-04 18:29:30.246   918   936 I ActivityManager: Displayed nappagreedy.appteam.nith.hillffair/.activities.HomeActivity: +679ms (total +743ms)
08-04 18:29:30.288 25914 25914 D NappaLifecycleObserver: nappagreedy.appteam.nith.hillffair.activities.WelcomeActivity - onDestroy
08-04 18:29:30.288 25914 25914 D NappaLifecycleObserver: -------------F1_SCORE #0 -----------
08-04 18:29:30.289 25914 25914 D NappaLifecycleObserver: F1_SCORE - Intercept list (0)= []
08-04 18:29:30.289 25914 25914 D NappaLifecycleObserver: F1_SCORE - Prefetch list (0)= []
08-04 18:29:30.289 25914 25914 D NappaLifecycleObserver: F1_SCORE - TP list (0)= []
08-04 18:29:30.289 25914 25914 D NappaLifecycleObserver: F1_SCORE - FN list (0)= []
08-04 18:29:30.289 25914 25914 I NAPPA_EXPERIMENTATION: MetricPrefetchingAccuracy: LOG_ID='1',F1_SCORE_1='0.0',F1_SCORE_2='0.0',TRUE_POSITIVE='0',FALSE_POSITIVE='0',FALSE_NEGATIVE='0',
08-04 18:29:30.466 25914 25946 D Nappa   : PREFETCH_ON_EXTRA - setCurrentActivity - starting new prediction
08-04 18:29:30.466 25914 25946 D Nappa   : Current node - currentActivityName - nappagreedy.appteam.nith.hillffair.activities.HomeActivity
08-04 18:29:30.466 25914 25946 D Nappa   : Current node - activityGraph.getCurrent() - nappagreedy.appteam.nith.hillffair.activities.HomeActivity
08-04 18:29:30.468 25914 25946 I NAPPA_EXPERIMENTATION: MetricNappaPrefetchingStrategyExecutionTime: STRATEGY_CLASS='GreedyPrefetchingStrategyOnVisitFrequencyAndTime',DURATION='677709',NUMBER_OF_URLS='0',NUMBER_OF_SELECTED_CHILDREN_NODES='1',NUMBER_OF_CHILDREN_NODES='3',STRATEGY_RUN_SUCCESSFULLY='True',
08-04 18:29:30.468 25914 25946 D GreedyPrefetchingStrategyOnVisitFrequencyAndTime: ==================================
08-04 18:29:30.468 25914 25946 D GreedyPrefetchingStrategyOnVisitFrequencyAndTime: Starting Run #1
08-04 18:29:30.468 25914 25946 D GreedyPrefetchingStrategyOnVisitFrequencyAndTime: ----------------------------------
08-04 18:29:30.468 25914 25946 D GreedyPrefetchingStrategyOnVisitFrequencyAndTime: Node data HomeActivity 
08-04 18:29:30.468 25914 25946 D GreedyPrefetchingStrategyOnVisitFrequencyAndTime: 	Successors:
08-04 18:29:30.468 25914 25946 D GreedyPrefetchingStrategyOnVisitFrequencyAndTime: 		QuizActivity (0 hits)
08-04 18:29:30.468 25914 25946 D GreedyPrefetchingStrategyOnVisitFrequencyAndTime: 		BattleDayActivity (0 hits)
08-04 18:29:30.468 25914 25946 D GreedyPrefetchingStrategyOnVisitFrequencyAndTime: 		EventActivity (0 hits)
08-04 18:29:30.468 25914 25946 D GreedyPrefetchingStrategyOnVisitFrequencyAndTime: 	Ancestors:
08-04 18:29:30.468 25914 25946 D GreedyPrefetchingStrategyOnVisitFrequencyAndTime: 		SplashActivity (0 hits)
08-04 18:29:30.468 25914 25946 D GreedyPrefetchingStrategyOnVisitFrequencyAndTime: 
08-04 18:29:30.468 25914 25946 D GreedyPrefetchingStrategyOnVisitFrequencyAndTime: MetricStrategyAccuracy inc execution count1 | act = true; extra = false
08-04 18:29:30.468 25914 25946 D GreedyPrefetchingStrategyOnVisitFrequencyAndTime: ------------- Recursion #1 -----------
08-04 18:29:30.468 25914 25946 D GreedyPrefetchingStrategyOnVisitFrequencyAndTime: Best successors so far []
08-04 18:29:30.468 25914 25946 D GreedyPrefetchingStrategyOnVisitFrequencyAndTime: Checking node HomeActivity with 3 successors
08-04 18:29:30.468 25914 25946 D GreedyPrefetchingStrategyOnVisitFrequencyAndTime: Check successor QuizActivity
08-04 18:29:30.468 25914 25946 D GreedyPrefetchingStrategyOnVisitFrequencyAndTime: Data:
08-04 18:29:30.468 25914 25946 D GreedyPrefetchingStrategyOnVisitFrequencyAndTime: 	- Successor time = 47340.0
08-04 18:29:30.468 25914 25946 D GreedyPrefetchingStrategyOnVisitFrequencyAndTime: 	- Successor frequency = 8
08-04 18:29:30.468 25914 25946 D GreedyPrefetchingStrategyOnVisitFrequencyAndTime: 	- Aggregated time = 228817.0
08-04 18:29:30.468 25914 25946 D GreedyPrefetchingStrategyOnVisitFrequencyAndTime: 	- Aggregated frequency = 24
08-04 18:29:30.468 25914 25946 D GreedyPrefetchingStrategyOnVisitFrequencyAndTime: Calculated scores:
08-04 18:29:30.468 25914 25946 D GreedyPrefetchingStrategyOnVisitFrequencyAndTime: 	- Parent score = 1.0
08-04 18:29:30.468 25914 25946 D GreedyPrefetchingStrategyOnVisitFrequencyAndTime: 	- Successor time score = 0.10344511
08-04 18:29:30.468 25914 25946 D GreedyPrefetchingStrategyOnVisitFrequencyAndTime: 	- Successor frequency score = 0.16666667
08-04 18:29:30.468 25914 25946 D GreedyPrefetchingStrategyOnVisitFrequencyAndTime: 	- Successor final score = 0.2701118
08-04 18:29:30.468 25914 25946 D GreedyPrefetchingStrategyOnVisitFrequencyAndTime: Switch best successor
08-04 18:29:30.468 25914 25946 D GreedyPrefetchingStrategyOnVisitFrequencyAndTime: Check successor BattleDayActivity
08-04 18:29:30.468 25914 25946 D GreedyPrefetchingStrategyOnVisitFrequencyAndTime: Data:
08-04 18:29:30.468 25914 25946 D GreedyPrefetchingStrategyOnVisitFrequencyAndTime: 	- Successor time = 89663.0
08-04 18:29:30.468 25914 25946 D GreedyPrefetchingStrategyOnVisitFrequencyAndTime: 	- Successor frequency = 8
08-04 18:29:30.469 25914 25946 D GreedyPrefetchingStrategyOnVisitFrequencyAndTime: 	- Aggregated time = 228817.0
08-04 18:29:30.469 25914 25946 D GreedyPrefetchingStrategyOnVisitFrequencyAndTime: 	- Aggregated frequency = 24
08-04 18:29:30.469 25914 25946 D GreedyPrefetchingStrategyOnVisitFrequencyAndTime: Calculated scores:
08-04 18:29:30.469 25914 25946 D GreedyPrefetchingStrategyOnVisitFrequencyAndTime: 	- Parent score = 1.0
08-04 18:29:30.469 25914 25946 D GreedyPrefetchingStrategyOnVisitFrequencyAndTime: 	- Successor time score = 0.1959273
08-04 18:29:30.469 25914 25946 D GreedyPrefetchingStrategyOnVisitFrequencyAndTime: 	- Successor frequency score = 0.16666667
08-04 18:29:30.469 25914 25946 D GreedyPrefetchingStrategyOnVisitFrequencyAndTime: 	- Successor final score = 0.36259398
08-04 18:29:30.469 25914 25946 D GreedyPrefetchingStrategyOnVisitFrequencyAndTime: Switch best successor
08-04 18:29:30.469 25914 25946 D GreedyPrefetchingStrategyOnVisitFrequencyAndTime: Check successor EventActivity
08-04 18:29:30.469 25914 25946 D GreedyPrefetchingStrategyOnVisitFrequencyAndTime: Data:
08-04 18:29:30.469 25914 25946 D GreedyPrefetchingStrategyOnVisitFrequencyAndTime: 	- Successor time = 91814.0
08-04 18:29:30.469 25914 25946 D GreedyPrefetchingStrategyOnVisitFrequencyAndTime: 	- Successor frequency = 8
08-04 18:29:30.469 25914 25946 D GreedyPrefetchingStrategyOnVisitFrequencyAndTime: 	- Aggregated time = 228817.0
08-04 18:29:30.469 25914 25946 D GreedyPrefetchingStrategyOnVisitFrequencyAndTime: 	- Aggregated frequency = 24
08-04 18:29:30.469 25914 25946 D GreedyPrefetchingStrategyOnVisitFrequencyAndTime: Calculated scores:
08-04 18:29:30.469 25914 25946 D GreedyPrefetchingStrategyOnVisitFrequencyAndTime: 	- Parent score = 1.0
08-04 18:29:30.469 25914 25946 D GreedyPrefetchingStrategyOnVisitFrequencyAndTime: 	- Successor time score = 0.20062758
08-04 18:29:30.469 25914 25946 D GreedyPrefetchingStrategyOnVisitFrequencyAndTime: 	- Successor frequency score = 0.16666667
08-04 18:29:30.469 25914 25946 D GreedyPrefetchingStrategyOnVisitFrequencyAndTime: 	- Successor final score = 0.36729425
08-04 18:29:30.469 25914 25946 D GreedyPrefetchingStrategyOnVisitFrequencyAndTime: Switch best successor
08-04 18:29:30.469 25914 25946 D GreedyPrefetchingStrategyOnVisitFrequencyAndTime: Best successor has score 0.36729425 which is lower than the acceptable threshold of 0.6
08-04 18:29:30.469 25914 25946 D GreedyPrefetchingStrategyOnVisitFrequencyAndTime: MetricStrategyAccuracy inc insufficient score count1 | act = true; extra = false
08-04 18:29:30.469 25914 25946 D GreedyPrefetchingStrategyOnVisitFrequencyAndTime: Next visited child will be []
08-04 18:29:30.469 25914 25946 D GreedyPrefetchingStrategyOnVisitFrequencyAndTime: ==================================
08-04 18:29:30.469 25914 25946 D Nappa   : PREFETCH_ON_EXTRA - setCurrentActivity - finished new prediction
08-04 18:29:30.506   380   380 W SurfaceFlinger: couldn't log to binary event log: overflow.
08-04 18:29:30.513 25914 26000 I art     : Starting a blocking GC Explicit
08-04 18:29:30.532 25914 26000 I art     : Explicit concurrent mark sweep GC freed 2211(166KB) AllocSpace objects, 1(20KB) LOS objects, 24% free, 48MB/64MB, paused 208us total 18.685ms
08-04 18:29:30.540 25914 26000 I art     : Starting a blocking GC Explicit
08-04 18:29:30.550 25914 26000 I art     : Explicit concurrent mark sweep GC freed 1048(71KB) AllocSpace objects, 0(0B) LOS objects, 24% free, 48MB/64MB, paused 192us total 10.653ms
08-04 18:29:30.556 25914 26000 I art     : Starting a blocking GC Explicit
08-04 18:29:30.566 25914 26000 I art     : Explicit concurrent mark sweep GC freed 3(96B) AllocSpace objects, 0(0B) LOS objects, 24% free, 48MB/64MB, paused 228us total 10.571ms
08-04 18:29:30.572 25914 26000 I art     : Starting a blocking GC Explicit
08-04 18:29:30.583 25914 26000 I art     : Explicit concurrent mark sweep GC freed 3(96B) AllocSpace objects, 0(0B) LOS objects, 24% free, 48MB/64MB, paused 190us total 11.251ms
08-04 18:29:30.589 25914 26000 I art     : Starting a blocking GC Explicit
08-04 18:29:30.601 25914 26000 I art     : Explicit concurrent mark sweep GC freed 3(96B) AllocSpace objects, 0(0B) LOS objects, 24% free, 48MB/64MB, paused 192us total 11.764ms
08-04 18:29:30.617 25914 25914 D NappaLifecycleObserver: nappagreedy.appteam.nith.hillffair.activities.SplashActivity - onDestroy
08-04 18:29:30.617 25914 25914 D NappaLifecycleObserver: -------------F1_SCORE #1 -----------
08-04 18:29:30.617 25914 25914 D NappaLifecycleObserver: F1_SCORE - Intercept list (0)= []
08-04 18:29:30.617 25914 25914 D NappaLifecycleObserver: F1_SCORE - Prefetch list (0)= []
08-04 18:29:30.617 25914 25914 D NappaLifecycleObserver: F1_SCORE - TP list (0)= []
08-04 18:29:30.617 25914 25914 D NappaLifecycleObserver: F1_SCORE - FN list (0)= []
08-04 18:29:30.617 25914 25914 I NAPPA_EXPERIMENTATION: MetricPrefetchingAccuracy: LOG_ID='2',F1_SCORE_1='0.0',F1_SCORE_2='0.0',TRUE_POSITIVE='0',FALSE_POSITIVE='0',FALSE_NEGATIVE='0',
08-04 18:29:30.921 25914 26077 I art     : Starting a blocking GC Explicit
08-04 18:29:30.941 25914 26077 I art     : Explicit concurrent mark sweep GC freed 2290(129KB) AllocSpace objects, 1(20KB) LOS objects, 24% free, 48MB/64MB, paused 263us total 20.220ms
08-04 18:29:30.951 25914 26077 I art     : Starting a blocking GC Explicit
08-04 18:29:30.964 25914 26077 I art     : Explicit concurrent mark sweep GC freed 936(60KB) AllocSpace objects, 0(0B) LOS objects, 24% free, 48MB/64MB, paused 227us total 13.517ms
08-04 18:29:30.971 25914 26077 I art     : Starting a blocking GC Explicit
08-04 18:29:30.984 25914 26077 I art     : Explicit concurrent mark sweep GC freed 3(96B) AllocSpace objects, 0(0B) LOS objects, 24% free, 48MB/64MB, paused 225us total 12.953ms
08-04 18:29:30.990 25914 26077 I art     : Starting a blocking GC Explicit
08-04 18:29:31.003 25914 26077 I art     : Explicit concurrent mark sweep GC freed 3(96B) AllocSpace objects, 0(0B) LOS objects, 24% free, 48MB/64MB, paused 216us total 12.561ms
08-04 18:29:31.009 25914 26077 I art     : Starting a blocking GC Explicit
08-04 18:29:31.022 25914 26077 I art     : Explicit concurrent mark sweep GC freed 3(96B) AllocSpace objects, 0(0B) LOS objects, 24% free, 48MB/64MB, paused 221us total 12.882ms
08-04 18:29:31.324 25914 26000 I art     : Starting a blocking GC Explicit
08-04 18:29:31.343 25914 26000 I art     : Explicit concurrent mark sweep GC freed 1542(91KB) AllocSpace objects, 1(20KB) LOS objects, 24% free, 48MB/64MB, paused 250us total 18.710ms
08-04 18:29:31.353 25914 26000 I art     : Starting a blocking GC Explicit
08-04 18:29:31.366 25914 26000 I art     : Explicit concurrent mark sweep GC freed 28(1024B) AllocSpace objects, 0(0B) LOS objects, 24% free, 48MB/64MB, paused 222us total 13.017ms
08-04 18:29:31.372 25914 26000 I art     : Starting a blocking GC Explicit
08-04 18:29:31.386 25914 26000 I art     : Explicit concurrent mark sweep GC freed 3(96B) AllocSpace objects, 0(0B) LOS objects, 24% free, 48MB/64MB, paused 217us total 12.763ms
08-04 18:29:31.392 25914 26000 I art     : Starting a blocking GC Explicit
08-04 18:29:31.405 25914 26000 I art     : Explicit concurrent mark sweep GC freed 3(96B) AllocSpace objects, 0(0B) LOS objects, 24% free, 48MB/64MB, paused 221us total 12.743ms
08-04 18:29:31.411 25914 26000 I art     : Starting a blocking GC Explicit
08-04 18:29:31.424 25914 26000 I art     : Explicit concurrent mark sweep GC freed 3(96B) AllocSpace objects, 0(0B) LOS objects, 24% free, 48MB/64MB, paused 226us total 12.772ms
08-04 18:29:31.557   918 13198 D NetlinkSocketObserver: NeighborEvent{elapsedMs=1712375432, 192.168.2.254, [7C3953A63323], RTM_NEWNEIGH, NUD_REACHABLE}
08-04 18:29:31.737 25914 25926 I art     : Starting a blocking GC Explicit
08-04 18:29:31.756 25914 25926 I art     : Explicit concurrent mark sweep GC freed 1545(94KB) AllocSpace objects, 1(20KB) LOS objects, 24% free, 48MB/64MB, paused 253us total 18.678ms
08-04 18:29:31.766 25914 25926 I art     : Starting a blocking GC Explicit
08-04 18:29:31.783 25914 25926 I art     : Explicit concurrent mark sweep GC freed 28(1024B) AllocSpace objects, 0(0B) LOS objects, 24% free, 48MB/64MB, paused 260us total 16.239ms
08-04 18:29:31.792 25914 25926 I art     : Starting a blocking GC Explicit
08-04 18:29:31.805 25914 25926 I art     : Explicit concurrent mark sweep GC freed 3(96B) AllocSpace objects, 0(0B) LOS objects, 24% free, 48MB/64MB, paused 218us total 12.991ms
08-04 18:29:31.811 25914 25926 I art     : Starting a blocking GC Explicit
08-04 18:29:31.825 25914 25926 I art     : Explicit concurrent mark sweep GC freed 3(96B) AllocSpace objects, 0(0B) LOS objects, 24% free, 48MB/64MB, paused 224us total 13.003ms
08-04 18:29:31.831 25914 25926 I art     : Starting a blocking GC Explicit
08-04 18:29:31.844 25914 25926 I art     : Explicit concurrent mark sweep GC freed 3(96B) AllocSpace objects, 0(0B) LOS objects, 24% free, 48MB/64MB, paused 212us total 12.834ms
08-04 18:29:32.135 25914 25927 I art     : Starting a blocking GC Explicit
08-04 18:29:32.154 25914 25927 I art     : Explicit concurrent mark sweep GC freed 1538(89KB) AllocSpace objects, 1(20KB) LOS objects, 24% free, 48MB/64MB, paused 273us total 18.792ms
08-04 18:29:32.165 25914 25927 I art     : Starting a blocking GC Explicit
08-04 18:29:32.181 25914 25927 I art     : Explicit concurrent mark sweep GC freed 28(1024B) AllocSpace objects, 0(0B) LOS objects, 24% free, 48MB/64MB, paused 233us total 16.335ms
08-04 18:29:32.191 25914 25927 I art     : Starting a blocking GC Explicit
08-04 18:29:32.205 25914 25927 I art     : Explicit concurrent mark sweep GC freed 3(96B) AllocSpace objects, 0(0B) LOS objects, 24% free, 48MB/64MB, paused 225us total 13.362ms
08-04 18:29:32.211 25914 25927 I art     : Starting a blocking GC Explicit
08-04 18:29:32.224 25914 25927 I art     : Explicit concurrent mark sweep GC freed 3(96B) AllocSpace objects, 0(0B) LOS objects, 24% free, 48MB/64MB, paused 225us total 12.676ms
08-04 18:29:32.230 25914 25927 I art     : Starting a blocking GC Explicit
08-04 18:29:32.244 25914 25927 I art     : Explicit concurrent mark sweep GC freed 3(96B) AllocSpace objects, 0(0B) LOS objects, 24% free, 48MB/64MB, paused 222us total 13.014ms
08-04 18:29:32.542 25914 26077 I art     : Starting a blocking GC Explicit
08-04 18:29:32.557 25914 26077 I art     : Explicit concurrent mark sweep GC freed 1543(93KB) AllocSpace objects, 1(20KB) LOS objects, 24% free, 48MB/64MB, paused 335us total 14.718ms
08-04 18:29:32.564 25914 26077 I art     : Starting a blocking GC Explicit
08-04 18:29:32.577 25914 26077 I art     : Explicit concurrent mark sweep GC freed 28(1024B) AllocSpace objects, 0(0B) LOS objects, 24% free, 48MB/64MB, paused 232us total 12.845ms
08-04 18:29:32.583 25914 26077 I art     : Starting a blocking GC Explicit
08-04 18:29:32.595 25914 26077 I art     : Explicit concurrent mark sweep GC freed 3(96B) AllocSpace objects, 0(0B) LOS objects, 24% free, 48MB/64MB, paused 211us total 11.401ms
08-04 18:29:32.601 25914 26077 I art     : Starting a blocking GC Explicit
08-04 18:29:32.612 25914 26077 I art     : Explicit concurrent mark sweep GC freed 3(96B) AllocSpace objects, 0(0B) LOS objects, 24% free, 48MB/64MB, paused 220us total 11.351ms
08-04 18:29:32.618 25914 26077 I art     : Starting a blocking GC Explicit
08-04 18:29:32.629 25914 26077 I art     : Explicit concurrent mark sweep GC freed 3(96B) AllocSpace objects, 0(0B) LOS objects, 24% free, 48MB/64MB, paused 216us total 11.472ms
08-04 18:29:32.839 26131 26131 D AndroidRuntime: >>>>>> START com.android.internal.os.RuntimeInit uid 2000 <<<<<<
08-04 18:29:32.844 26131 26131 D AndroidRuntime: CheckJNI is OFF
08-04 18:29:32.867 26131 26131 D ICU     : No timezone override file found: /data/misc/zoneinfo/current/icu/icu_tzdata.dat
08-04 18:29:32.892 26131 26131 I Radio-JNI: register_android_hardware_Radio DONE
08-04 18:29:32.908 26131 26131 D AndroidRuntime: Calling main entry com.android.commands.input.Input
08-04 18:29:32.910 26131 26131 I Input   : injectMotionEvent: MotionEvent { action=ACTION_DOWN, actionButton=0, id[0]=0, x[0]=337.0, y[0]=1104.0, toolType[0]=TOOL_TYPE_UNKNOWN, buttonState=0, metaState=0, flags=0x0, edgeFlags=0x0, pointerCount=1, historySize=0, eventTime=728989323, downTime=728989323, deviceId=0, source=0x1002 }
08-04 18:29:32.914 26131 26131 I Input   : injectMotionEvent: MotionEvent { action=ACTION_UP, actionButton=0, id[0]=0, x[0]=337.0, y[0]=1104.0, toolType[0]=TOOL_TYPE_UNKNOWN, buttonState=0, metaState=0, flags=0x0, edgeFlags=0x0, pointerCount=1, historySize=0, eventTime=728989323, downTime=728989323, deviceId=0, source=0x1002 }
08-04 18:29:32.916 25914 25914 D NappaIntentExtras: ==================
08-04 18:29:32.916 25914 25914 D NappaIntentExtras: Log #3
08-04 18:29:32.916 25914 25914 D NappaIntentExtras: ------------------
08-04 18:29:32.916 25914 25914 D NappaIntentExtras: activity nappagreedy.appteam.nith.hillffair.activities.QuizActivity
08-04 18:29:32.916 25914 25914 D NappaIntentExtras: 	- No extras registered
08-04 18:29:32.916 25914 25914 D NappaIntentExtras: activity nappagreedy.appteam.nith.hillffair.activities.HomeActivity
08-04 18:29:32.916 25914 25914 D NappaIntentExtras: 	- No extras registered
08-04 18:29:32.916 25914 25914 D NappaIntentExtras: activity nappagreedy.appteam.nith.hillffair.activities.ClubActivity
08-04 18:29:32.916 25914 25914 D NappaIntentExtras: 	- No extras registered
08-04 18:29:32.916 25914 25914 D NappaIntentExtras: activity nappagreedy.appteam.nith.hillffair.activities.LeaderBoardActivity
08-04 18:29:32.916 25914 25914 D NappaIntentExtras: 	- No extras registered
08-04 18:29:32.916 25914 25914 D NappaIntentExtras: activity nappagreedy.appteam.nith.hillffair.activities.InformationActivity
08-04 18:29:32.916 25914 25914 D NappaIntentExtras: 	- No extras registered
08-04 18:29:32.916 25914 25914 D NappaIntentExtras: activity nappagreedy.appteam.nith.hillffair.activities.BattleDayActivity
08-04 18:29:32.916 25914 25914 D NappaIntentExtras: 	- No extras registered
08-04 18:29:32.916 25914 25914 D NappaIntentExtras: activity nappagreedy.appteam.nith.hillffair.activities.EventActivity
08-04 18:29:32.916 25914 25914 D NappaIntentExtras: 	- No extras registered
08-04 18:29:32.916 25914 25914 D NappaIntentExtras: activity nappagreedy.appteam.nith.hillffair.activities.SplashActivity
08-04 18:29:32.916 25914 25914 D NappaIntentExtras: 	- No extras registered
08-04 18:29:32.916 25914 25914 D NappaIntentExtras: ==================
08-04 18:29:32.917   918  6111 I ActivityManager: START u0 {cmp=nappagreedy.appteam.nith.hillffair/.activities.BattleDayActivity} from uid 10654 on display 0
08-04 18:29:32.923 25914 25914 D NappaLifecycleObserver: nappagreedy.appteam.nith.hillffair.activities.HomeActivity - onPause
08-04 18:29:32.924 26131 26131 D AndroidRuntime: Shutting down VM
08-04 18:29:32.924 25914 25914 D Nappa   : Stayed on nappagreedy.appteam.nith.hillffair.activities.HomeActivity for 2959 ms
08-04 18:29:32.926 25914 26077 I art     : Starting a blocking GC Explicit
08-04 18:29:32.943 25914 26077 I art     : Explicit concurrent mark sweep GC freed 2009(134KB) AllocSpace objects, 1(20KB) LOS objects, 24% free, 48MB/64MB, paused 588us total 15.945ms
08-04 18:29:32.949 25914 26077 I art     : Starting a blocking GC Explicit
08-04 18:29:32.977 25914 26077 I art     : Explicit concurrent mark sweep GC freed 836(99KB) AllocSpace objects, 0(0B) LOS objects, 24% free, 48MB/64MB, paused 800us total 28.052ms
08-04 18:29:32.983 25914 25914 D Nappa   : TAG okHttpClient initialized
08-04 18:29:32.984 25914 26077 I art     : Starting a blocking GC Explicit
08-04 18:29:32.997 25914 25914 D NappaLifecycleObserver: nappagreedy.appteam.nith.hillffair.activities.BattleDayActivity - onResume
08-04 18:29:32.998 25914 25914 D Nappa   : setCurrentActivity - MetricStrategyAccuracy - 
08-04 18:29:32.998 25914 25914 D Nappa   : madePredictionFromActivity = true, 
08-04 18:29:32.998 25914 25914 D Nappa   : fromActivity = nappagreedy.appteam.nith.hillffair.activities.HomeActivity, 
08-04 18:29:32.998 25914 25914 D Nappa   : predictedNextActivityFromActivity = [], 
08-04 18:29:32.998 25914 25914 D Nappa   : activity.getClass().getCanonicalName() = nappagreedy.appteam.nith.hillffair.activities.BattleDayActivity, 
08-04 18:29:32.998 25914 25914 D Nappa   : setCurrentActivity - MetricStrategyAccuracy - 
08-04 18:29:32.998 25914 25914 D Nappa   : madePredictionFromExtra = false, 
08-04 18:29:32.998 25914 25914 D Nappa   : fromActivity = nappagreedy.appteam.nith.hillffair.activities.HomeActivity, 
08-04 18:29:32.998 25914 25914 D Nappa   : predictedNextActivityFromExtra = [], 
08-04 18:29:32.998 25914 25914 D Nappa   : activity.getClass().getCanonicalName() = nappagreedy.appteam.nith.hillffair.activities.BattleDayActivity, 
08-04 18:29:32.998 25914 25914 D Nappa   : PREFETCH_ON_EXTRA - setCurrentActivity - logs - from activity - made prediction istrue
08-04 18:29:32.998 25914 25914 D Nappa   : PREFETCH_ON_EXTRA - setCurrentActivity - logs - from activity - start
08-04 18:29:32.998 25914 25914 I NAPPA_EXPERIMENTATION: MetricStrategyAccuracy: LOG_ID='1',EXECUTION_COUNT='1',CASES_COUNT='1',HIT_PERCENTAGE_TOTAL='0.0',HIT_PERCENTAGE_WHEN_PREDICTED='0.0',HIT_COUNT='0',MISS_COUNT='0',INSUFFICIENT_SCORE_COUNT='1',EXCEPTION_COUNT='0',NO_SUCCESSOR_COUNT='0',
08-04 18:29:32.998 25914 25914 D Nappa   : PREFETCH_ON_EXTRA - setCurrentActivity - logs - from activity- finished
08-04 18:29:33.000 25914 26155 D CustomInterceptor: NETWORK-PROVIDER https://api-hillfair-2k16.herokuapp.com/api/app/events/special
08-04 18:29:33.000 25914 26155 D Nappa   : F1_SCORE add_intercept_url - (new) - https://api-hillfair-2k16.herokuapp.com/api/app/events/special
08-04 18:29:33.000 25914 26155 D Nappa   : F1_SCORE add_fn_url - (new) - https://api-hillfair-2k16.herokuapp.com/api/app/events/special
08-04 18:29:33.000 25914 26155 D Nappa   : -------------F1_SCORE #2 -----------
08-04 18:29:33.000 25914 26155 D Nappa   : F1_SCORE - Intercept list (1)= [https://api-hillfair-2k16.herokuapp.com/api/app/events/special]
08-04 18:29:33.000 25914 26155 D Nappa   : F1_SCORE - Prefetch list (0)= []
08-04 18:29:33.000 25914 26155 D Nappa   : F1_SCORE - TP list (0)= []
