08-04 02:46:30.717 16023 16023 D ActivityNode: 	nappagreedy.appteam.nith.hillffair.activities.EventActivity( count 2)
08-04 02:46:30.717 16023 16023 D ActivityNode: Observer - session data - sourceClubActivity
08-04 02:46:30.717 16023 16023 D ActivityNode: destinations:
08-04 02:46:30.717 16023 16023 D ActivityNode: Observer - session data - sourceLeaderBoardActivity
08-04 02:46:30.717 16023 16023 D ActivityNode: destinations:
08-04 02:46:30.717 16023 16023 D ActivityNode: Observer - session data - sourceQuizActivity
08-04 02:46:30.717 16023 16023 D ActivityNode: destinations:
08-04 02:46:30.717 16023 16023 D ActivityNode: 	nappagreedy.appteam.nith.hillffair.activities.LeaderBoardActivity( count 3)
08-04 02:46:30.717 16023 16023 D ActivityNode: 	nappagreedy.appteam.nith.hillffair.activities.InformationActivity( count 1)
08-04 02:46:30.717 16023 16023 D ActivityNode: Observer - session data - sourceInformationActivity
08-04 02:46:30.717 16023 16023 D ActivityNode: destinations:
08-04 02:46:30.717 16023 16023 D ActivityNode: Observer - session data - sourceEventActivity
08-04 02:46:30.717 16023 16023 D ActivityNode: destinations:
08-04 02:46:30.717 16023 16023 D ActivityNode: 	nappagreedy.appteam.nith.hillffair.activities.ClubActivity( count 6)
08-04 02:46:30.788 16023 16056 D Nappa   : PREFETCH_ON_EXTRA - setCurrentActivity - logs - from extra - made prediction istrue
08-04 02:46:30.789 16023 16056 D Nappa   : PREFETCH_ON_EXTRA - setCurrentActivity - logs - from extra - start
08-04 02:46:30.789 16023 16056 D Nappa   : setCurrentActivity - MetricStrategyAccuracy - checking prediction VS current activity for extras
08-04 02:46:30.789 16023 16056 D GreedyPrefetchingStrategyOnVisitFrequencyAndTime: MetricStrategyAccuracy inc hits count4 | from extra
08-04 02:46:30.789 16023 16056 I NAPPA_EXPERIMENTATION: MetricStrategyAccuracy: LOG_ID='7',EXECUTION_COUNT='7',CASES_COUNT='7',HIT_PERCENTAGE_TOTAL='57.142857142857146',HIT_PERCENTAGE_WHEN_PREDICTED='100.0',HIT_COUNT='4',MISS_COUNT='0',INSUFFICIENT_SCORE_COUNT='1',EXCEPTION_COUNT='0',NO_SUCCESSOR_COUNT='2',
08-04 02:46:30.789 16023 16056 D Nappa   : PREFETCH_ON_EXTRA - setCurrentActivity - logs - from extra- finished
08-04 02:46:30.873 16023 17064 D OkHttp  : --> GET https://api-hillfair-2k16.herokuapp.com/api/app/events/special/event?id=58065620dcba0f490c70fe09 http/1.1
08-04 02:46:30.893   380   380 W SurfaceFlinger: couldn't log to binary event log: overflow.
08-04 02:46:30.904 16023 17064 D OkHttp  : <-- 200 OK https://api-hillfair-2k16.herokuapp.com/api/app/events/special/event?id=58065620dcba0f490c70fe09 (30ms, 682-byte body)
08-04 02:46:30.911 16023 17064 D CustomInterceptor: CACHE_CONTROL SETTING NEW MAX-AGE
08-04 02:46:30.912 16023 17064 D CustomInterceptor: HEADER RESPONSE
08-04 02:46:30.912 16023 17064 D CustomInterceptor: Cache-Control public, immutable, max-age=300, only-if-cached, max-stale=300
08-04 02:46:30.912 16023 17064 D CustomInterceptor: Connection keep-alive
08-04 02:46:30.912 16023 17064 D CustomInterceptor: Content-Length 682
08-04 02:46:30.912 16023 17064 D CustomInterceptor: Content-Type application/json; charset=utf-8
08-04 02:46:30.912 16023 17064 D CustomInterceptor: Date Tue, 04 Aug 2020 00:46:26 GMT
08-04 02:46:30.912 16023 17064 D CustomInterceptor: Etag W/"2aa-UFDVBdx85cBpnUYiXSOp2A"
08-04 02:46:30.912 16023 17064 D CustomInterceptor: Expires Tue, 04 Aug 2020 00:51:30 GMT+00:00
08-04 02:46:30.912 16023 17064 D CustomInterceptor: Server Cowboy
08-04 02:46:30.913 16023 17064 D CustomInterceptor: Via 1.1 vegur
08-04 02:46:30.913 16023 17064 D CustomInterceptor: X-Powered-By Express
08-04 02:46:30.913 16023 17064 D CustomInterceptor: CACHEABLE true
08-04 02:46:30.913 16023 17064 D CustomInterceptor: REQ https://api-hillfair-2k16.herokuapp.com/api/app/events/special/event?id=58065620dcba0f490c70fe09
08-04 02:46:30.913 16023 17064 D CustomInterceptor: REQ_SERV_BY net
08-04 02:46:30.913 16023 17064 D CustomInterceptor: PREFLIB Adding response to lrucache - https://api-hillfair-2k16.herokuapp.com/api/app/events/special/event?id=58065620dcba0f490c70fe09
08-04 02:46:30.940 16023 17064 D CustomInterceptor: interceptor_finished : return_type #3 : request served from remote and added to cache
08-04 02:46:30.941 16023 16023 I NAPPA_EXPERIMENTATION: MetricNetworkRequestExecutionTime: REQUEST_DURATION_SYSTEM='555',REQUEST_DURATION_OKHTTP='0',REQUEST_SYNCHRONOUS='FALSE',RESPONSE_CODE='200',RESPONSE_METHOD='GET',RESPONSE_LENGTH_OKHTTP='682',RESPONSE_LENGTH_HEADER='-2',REQUEST_PROTOCOL='http/1.1',REQUEST_URL='https://api-hillfair-2k16.herokuapp.com/api/app/events/special/event?id=58065620dcba0f490c70fe09',
08-04 02:46:30.969 16023 17019 I art     : Starting a blocking GC Explicit
08-04 02:46:30.990 16023 17019 I art     : Explicit concurrent mark sweep GC freed 5612(386KB) AllocSpace objects, 4(220KB) LOS objects, 23% free, 53MB/69MB, paused 439us total 21.007ms
08-04 02:46:30.998 16023 17019 I art     : Starting a blocking GC Explicit
08-04 02:46:31.015 16023 17019 I art     : Explicit concurrent mark sweep GC freed 1223(134KB) AllocSpace objects, 0(0B) LOS objects, 23% free, 52MB/68MB, paused 333us total 16.982ms
08-04 02:46:31.022 16023 17019 I art     : Starting a blocking GC Explicit
08-04 02:46:31.044 16023 17019 I art     : Explicit concurrent mark sweep GC freed 112(6KB) AllocSpace objects, 0(0B) LOS objects, 23% free, 52MB/68MB, paused 419us total 20.720ms
08-04 02:46:31.052 16023 17019 I art     : Starting a blocking GC Explicit
08-04 02:46:31.071 16023 17019 I art     : Explicit concurrent mark sweep GC freed 12(464B) AllocSpace objects, 0(0B) LOS objects, 23% free, 52MB/68MB, paused 331us total 18.373ms
08-04 02:46:31.077 16023 17019 I art     : Starting a blocking GC Explicit
08-04 02:46:31.089 16023 16056 D Nappa   : PREFETCH_ON_EXTRA - setCurrentActivity - starting new prediction
08-04 02:46:31.089 16023 16056 D Nappa   : Current node - currentActivityName - nappagreedy.appteam.nith.hillffair.activities.ClubActivity
08-04 02:46:31.089 16023 16056 D Nappa   : Current node - activityGraph.getCurrent() - nappagreedy.appteam.nith.hillffair.activities.ClubActivity
08-04 02:46:31.090 16023 16056 I NAPPA_EXPERIMENTATION: MetricNappaPrefetchingStrategyExecutionTime: STRATEGY_CLASS='GreedyPrefetchingStrategyOnVisitFrequencyAndTime',DURATION='52136',NUMBER_OF_URLS='0',NUMBER_OF_SELECTED_CHILDREN_NODES='0',NUMBER_OF_CHILDREN_NODES='0',STRATEGY_RUN_SUCCESSFULLY='True',
08-04 02:46:31.090 16023 16056 D GreedyPrefetchingStrategyOnVisitFrequencyAndTime: ==================================
08-04 02:46:31.090 16023 16056 D GreedyPrefetchingStrategyOnVisitFrequencyAndTime: Starting Run #8
08-04 02:46:31.090 16023 16056 D GreedyPrefetchingStrategyOnVisitFrequencyAndTime: ----------------------------------
08-04 02:46:31.090 16023 16056 D GreedyPrefetchingStrategyOnVisitFrequencyAndTime: Node data ClubActivity 
08-04 02:46:31.090 16023 16056 D GreedyPrefetchingStrategyOnVisitFrequencyAndTime: 	Successors:
08-04 02:46:31.090 16023 16056 D GreedyPrefetchingStrategyOnVisitFrequencyAndTime: 
08-04 02:46:31.090 16023 16056 D GreedyPrefetchingStrategyOnVisitFrequencyAndTime: 	Ancestors:
08-04 02:46:31.090 16023 16056 D GreedyPrefetchingStrategyOnVisitFrequencyAndTime: 		BattleDayActivity (0 hits)
08-04 02:46:31.090 16023 16056 D GreedyPrefetchingStrategyOnVisitFrequencyAndTime: 		EventActivity (0 hits)
08-04 02:46:31.090 16023 16056 D GreedyPrefetchingStrategyOnVisitFrequencyAndTime: 
08-04 02:46:31.090 16023 16056 D GreedyPrefetchingStrategyOnVisitFrequencyAndTime: MetricStrategyAccuracy inc execution count8 | act = true; extra = false
08-04 02:46:31.090 16023 16056 D GreedyPrefetchingStrategyOnVisitFrequencyAndTime: MetricStrategyAccuracy inc no sucessor count3 | act = true; extra = false
08-04 02:46:31.090 16023 16056 D GreedyPrefetchingStrategyOnVisitFrequencyAndTime: ------------- Recursion #1 -----------
08-04 02:46:31.090 16023 16056 D GreedyPrefetchingStrategyOnVisitFrequencyAndTime: Best successors so far []
08-04 02:46:31.090 16023 16056 D GreedyPrefetchingStrategyOnVisitFrequencyAndTime: Checking node ClubActivity with 0 successors
08-04 02:46:31.090 16023 16056 D GreedyPrefetchingStrategyOnVisitFrequencyAndTime: this node has no successors
08-04 02:46:31.090 16023 16056 D GreedyPrefetchingStrategyOnVisitFrequencyAndTime: Next visited child will be []
08-04 02:46:31.090 16023 16056 D GreedyPrefetchingStrategyOnVisitFrequencyAndTime: ==================================
08-04 02:46:31.090 16023 16056 D Nappa   : PREFETCH_ON_EXTRA - setCurrentActivity - finished new prediction
08-04 02:46:31.094 16023 17019 I art     : Explicit concurrent mark sweep GC freed 141(12KB) AllocSpace objects, 0(0B) LOS objects, 23% free, 52MB/68MB, paused 321us total 16.771ms
08-04 02:46:31.377 16023 16280 I art     : Starting a blocking GC Explicit
08-04 02:46:31.397 16023 16280 I art     : Explicit concurrent mark sweep GC freed 1540(89KB) AllocSpace objects, 1(20KB) LOS objects, 23% free, 52MB/68MB, paused 339us total 19.838ms
08-04 02:46:31.404 16023 16280 I art     : Starting a blocking GC Explicit
08-04 02:46:31.421 16023 16280 I art     : Explicit concurrent mark sweep GC freed 44(1584B) AllocSpace objects, 0(0B) LOS objects, 23% free, 52MB/68MB, paused 340us total 16.748ms
08-04 02:46:31.428 16023 16280 I art     : Starting a blocking GC Explicit
08-04 02:46:31.445 16023 16280 I art     : Explicit concurrent mark sweep GC freed 3(96B) AllocSpace objects, 0(0B) LOS objects, 23% free, 52MB/68MB, paused 336us total 16.948ms
08-04 02:46:31.452 16023 16280 I art     : Starting a blocking GC Explicit
08-04 02:46:31.469 16023 16280 I art     : Explicit concurrent mark sweep GC freed 3(96B) AllocSpace objects, 0(0B) LOS objects, 23% free, 52MB/68MB, paused 338us total 16.928ms
08-04 02:46:31.476 16023 16280 I art     : Starting a blocking GC Explicit
08-04 02:46:31.493 16023 16280 I art     : Explicit concurrent mark sweep GC freed 3(96B) AllocSpace objects, 0(0B) LOS objects, 23% free, 52MB/68MB, paused 345us total 16.984ms
08-04 02:46:31.790 16023 16109 I art     : Starting a blocking GC Explicit
08-04 02:46:31.798 13589 13589 I ServiceManager: Waiting for service AtCmdFwd...
08-04 02:46:31.816 16023 16109 I art     : Explicit concurrent mark sweep GC freed 1538(89KB) AllocSpace objects, 1(20KB) LOS objects, 23% free, 52MB/68MB, paused 380us total 25.377ms
08-04 02:46:31.828 16023 16109 I art     : Starting a blocking GC Explicit
08-04 02:46:31.846 16023 16109 I art     : Explicit concurrent mark sweep GC freed 28(1024B) AllocSpace objects, 0(0B) LOS objects, 23% free, 52MB/68MB, paused 345us total 18.031ms
08-04 02:46:31.853 16023 16109 I art     : Starting a blocking GC Explicit
08-04 02:46:31.871 16023 16109 I art     : Explicit concurrent mark sweep GC freed 3(96B) AllocSpace objects, 0(0B) LOS objects, 23% free, 52MB/68MB, paused 331us total 17.526ms
08-04 02:46:31.878 16023 16109 I art     : Starting a blocking GC Explicit
08-04 02:46:31.895 16023 16109 I art     : Explicit concurrent mark sweep GC freed 3(96B) AllocSpace objects, 0(0B) LOS objects, 23% free, 52MB/68MB, paused 331us total 17.156ms
08-04 02:46:31.902 16023 16109 I art     : Starting a blocking GC Explicit
08-04 02:46:31.920 16023 16109 I art     : Explicit concurrent mark sweep GC freed 3(96B) AllocSpace objects, 0(0B) LOS objects, 23% free, 52MB/68MB, paused 330us total 17.126ms
08-04 02:46:32.172   518   646 I ThermalEngine: ACTION: GPU - Setting GPU[0] to 510000000
08-04 02:46:32.255 16023 16035 I art     : Starting a blocking GC Explicit
08-04 02:46:32.283 16023 16035 I art     : Explicit concurrent mark sweep GC freed 1541(92KB) AllocSpace objects, 1(20KB) LOS objects, 23% free, 52MB/68MB, paused 486us total 27.551ms
08-04 02:46:32.294 16023 16035 I art     : Starting a blocking GC Explicit
08-04 02:46:32.316 16023 16035 I art     : Explicit concurrent mark sweep GC freed 28(1024B) AllocSpace objects, 0(0B) LOS objects, 23% free, 52MB/68MB, paused 450us total 21.861ms
08-04 02:46:32.325 16023 16035 I art     : Starting a blocking GC Explicit
08-04 02:46:32.347 16023 16035 I art     : Explicit concurrent mark sweep GC freed 3(96B) AllocSpace objects, 0(0B) LOS objects, 23% free, 52MB/68MB, paused 542us total 22.012ms
08-04 02:46:32.356 16023 16035 I art     : Starting a blocking GC Explicit
08-04 02:46:32.378 16023 16035 I art     : Explicit concurrent mark sweep GC freed 3(96B) AllocSpace objects, 0(0B) LOS objects, 23% free, 52MB/68MB, paused 467us total 21.631ms
08-04 02:46:32.387 16023 16035 I art     : Starting a blocking GC Explicit
08-04 02:46:32.408 16023 16035 I art     : Explicit concurrent mark sweep GC freed 3(96B) AllocSpace objects, 0(0B) LOS objects, 23% free, 52MB/68MB, paused 430us total 20.595ms
08-04 02:46:32.697 16023 17019 I art     : Starting a blocking GC Explicit
08-04 02:46:32.719 16023 17019 I art     : Explicit concurrent mark sweep GC freed 1543(94KB) AllocSpace objects, 1(20KB) LOS objects, 23% free, 52MB/68MB, paused 508us total 21.686ms
08-04 02:46:32.728 16023 17019 I art     : Starting a blocking GC Explicit
08-04 02:46:32.749 16023 17019 I art     : Explicit concurrent mark sweep GC freed 28(1024B) AllocSpace objects, 0(0B) LOS objects, 23% free, 52MB/68MB, paused 462us total 21.077ms
08-04 02:46:32.758 16023 17019 I art     : Starting a blocking GC Explicit
08-04 02:46:32.779 16023 17019 I art     : Explicit concurrent mark sweep GC freed 3(96B) AllocSpace objects, 0(0B) LOS objects, 23% free, 52MB/68MB, paused 457us total 21.186ms
08-04 02:46:32.788 16023 17019 I art     : Starting a blocking GC Explicit
08-04 02:46:32.799 13589 13589 I ServiceManager: Waiting for service AtCmdFwd...
08-04 02:46:32.809 16023 17019 I art     : Explicit concurrent mark sweep GC freed 3(96B) AllocSpace objects, 0(0B) LOS objects, 23% free, 52MB/68MB, paused 471us total 20.957ms
08-04 02:46:32.817 16023 17019 I art     : Starting a blocking GC Explicit
08-04 02:46:32.838 16023 17019 I art     : Explicit concurrent mark sweep GC freed 3(96B) AllocSpace objects, 0(0B) LOS objects, 23% free, 52MB/68MB, paused 502us total 20.722ms
08-04 02:46:33.027 17120 17120 D AndroidRuntime: >>>>>> START com.android.internal.os.RuntimeInit uid 2000 <<<<<<
08-04 02:46:33.032 17120 17120 D AndroidRuntime: CheckJNI is OFF
08-04 02:46:33.065 17120 17120 D ICU     : No timezone override file found: /data/misc/zoneinfo/current/icu/icu_tzdata.dat
08-04 02:46:33.096 17120 17120 I Radio-JNI: register_android_hardware_Radio DONE
08-04 02:46:33.119 17120 17120 D AndroidRuntime: Calling main entry com.android.commands.input.Input
08-04 02:46:33.120 17120 17120 I Input   : injectKeyEvent: KeyEvent { action=ACTION_DOWN, keyCode=KEYCODE_BACK, scanCode=0, metaState=0, flags=0x0, repeatCount=0, eventTime=672409533, downTime=672409533, deviceId=-1, source=0x101 }
08-04 02:46:33.125 17120 17120 I Input   : injectKeyEvent: KeyEvent { action=ACTION_UP, keyCode=KEYCODE_BACK, scanCode=0, metaState=0, flags=0x0, repeatCount=0, eventTime=672409533, downTime=672409533, deviceId=-1, source=0x101 }
08-04 02:46:33.132 17120 17120 D AndroidRuntime: Shutting down VM
08-04 02:46:33.132 16023 16023 D NappaLifecycleObserver: nappagreedy.appteam.nith.hillffair.activities.ClubActivity - onPause
08-04 02:46:33.132 16023 16023 D Nappa   : Stayed on nappagreedy.appteam.nith.hillffair.activities.ClubActivity for 2543 ms
08-04 02:46:33.133 16023 16280 I art     : Starting a blocking GC Explicit
08-04 02:46:33.138 16023 16023 D NappaLifecycleObserver: nappagreedy.appteam.nith.hillffair.activities.BattleDayActivity - onResume
08-04 02:46:33.138 16023 16023 D Nappa   : setCurrentActivity - MetricStrategyAccuracy - 
08-04 02:46:33.138 16023 16023 D Nappa   : madePredictionFromActivity = true, 
08-04 02:46:33.138 16023 16023 D Nappa   : fromActivity = nappagreedy.appteam.nith.hillffair.activities.ClubActivity, 
08-04 02:46:33.138 16023 16023 D Nappa   : predictedNextActivityFromActivity = [], 
08-04 02:46:33.138 16023 16023 D Nappa   : activity.getClass().getCanonicalName() = nappagreedy.appteam.nith.hillffair.activities.BattleDayActivity, 
08-04 02:46:33.138 16023 16023 D Nappa   : setCurrentActivity - MetricStrategyAccuracy - 
08-04 02:46:33.138 16023 16023 D Nappa   : madePredictionFromExtra = false, 
08-04 02:46:33.138 16023 16023 D Nappa   : fromActivity = nappagreedy.appteam.nith.hillffair.activities.ClubActivity, 
08-04 02:46:33.138 16023 16023 D Nappa   : predictedNextActivityFromExtra = [], 
08-04 02:46:33.138 16023 16023 D Nappa   : activity.getClass().getCanonicalName() = nappagreedy.appteam.nith.hillffair.activities.BattleDayActivity, 
08-04 02:46:33.138 16023 16023 D Nappa   : PREFETCH_ON_EXTRA - setCurrentActivity - logs - from activity - made prediction istrue
08-04 02:46:33.139 16023 16023 D Nappa   : PREFETCH_ON_EXTRA - setCurrentActivity - logs - from activity - start
08-04 02:46:33.139 16023 16023 I NAPPA_EXPERIMENTATION: MetricStrategyAccuracy: LOG_ID='8',EXECUTION_COUNT='8',CASES_COUNT='8',HIT_PERCENTAGE_TOTAL='50.0',HIT_PERCENTAGE_WHEN_PREDICTED='100.0',HIT_COUNT='4',MISS_COUNT='0',INSUFFICIENT_SCORE_COUNT='1',EXCEPTION_COUNT='0',NO_SUCCESSOR_COUNT='3',
08-04 02:46:33.139 16023 16023 D Nappa   : PREFETCH_ON_EXTRA - setCurrentActivity - logs - from activity- finished
08-04 02:46:33.155 16023 16280 I art     : Explicit concurrent mark sweep GC freed 1841(113KB) AllocSpace objects, 1(20KB) LOS objects, 23% free, 52MB/68MB, paused 479us total 22.357ms
08-04 02:46:33.164 16023 16280 I art     : Starting a blocking GC Explicit
08-04 02:46:33.184 16023 16280 I art     : Explicit concurrent mark sweep GC freed 47(1728B) AllocSpace objects, 0(0B) LOS objects, 23% free, 52MB/68MB, paused 490us total 20.040ms
08-04 02:46:33.192 16023 16280 I art     : Starting a blocking GC Explicit
08-04 02:46:33.214 16023 16280 I art     : Explicit concurrent mark sweep GC freed 3(96B) AllocSpace objects, 0(0B) LOS objects, 23% free, 52MB/68MB, paused 471us total 21.411ms
08-04 02:46:33.222 16023 16280 I art     : Starting a blocking GC Explicit
08-04 02:46:33.239 16023 16023 D Nappa   : registerActivity: (already in) nappagreedy.appteam.nith.hillffair.activities.BattleDayActivity
08-04 02:46:33.239 16023 16023 D ActivityGraph: LARDataCalculatedUpdate nappagreedy.appteam.nith.hillffair.activities.BattleDayActivity Pagerank: 0.25 HITS-Authority: 1.0 HITS-Hub: 1.0 SALSA-Authority: 1.0 SALSA-Hub: 1.0
08-04 02:46:33.239 16023 16023 D Nappa   : SHOULD_PREFETCH false
08-04 02:46:33.239 16023 16023 D Nappa   : STATS Number of requests not prefetched: 4
08-04 02:46:33.239 16023 16023 D Nappa   : STATS Number of requests prefetched: 0
08-04 02:46:33.240 16023 16023 D Nappa   : STATS Time saved until now: 0.0
08-04 02:46:33.245 16023 16280 I art     : Explicit concurrent mark sweep GC freed 142(6KB) AllocSpace objects, 0(0B) LOS objects, 23% free, 52MB/68MB, paused 1.108ms total 22.628ms
08-04 02:46:33.254 16023 16280 I art     : Starting a blocking GC Explicit
08-04 02:46:33.266 16023 16023 D ActivityNode: Observer - visit time - ClubActivity - New aggregate visit time found is 77540 ms
08-04 02:46:33.267 13866 13866 I GoogleInputMethodServic: GoogleInputMethodService.onFinishInput():3138 
08-04 02:46:33.268 13866 13866 I GoogleInputMethodServic: GoogleInputMethodService.onStartInput():1808 
08-04 02:46:33.274 16023 16280 I art     : Explicit concurrent mark sweep GC freed 149(12KB) AllocSpace objects, 0(0B) LOS objects, 23% free, 52MB/68MB, paused 474us total 20.381ms
08-04 02:46:33.539 16023 16056 D Nappa   : PREFETCH_ON_EXTRA - setCurrentActivity - logs - from extra - made prediction isfalse
08-04 02:46:33.545 16023 16280 I art     : Starting a blocking GC Explicit
08-04 02:46:33.570 16023 16280 I art     : Explicit concurrent mark sweep GC freed 1698(98KB) AllocSpace objects, 1(20KB) LOS objects, 23% free, 52MB/68MB, paused 426us total 25.032ms
08-04 02:46:33.579 16023 16023 D NappaLifecycleObserver: nappagreedy.appteam.nith.hillffair.activities.ClubActivity - onDestroy
08-04 02:46:33.579 16023 16280 I art     : Starting a blocking GC Explicit
08-04 02:46:33.580   380   380 W SurfaceFlinger: couldn't log to binary event log: overflow.
08-04 02:46:33.580 16023 16023 D NappaLifecycleObserver: -------------F1_SCORE #11 -----------
08-04 02:46:33.580 16023 16023 D NappaLifecycleObserver: F1_SCORE - Intercept list (1)= [https://api-hillfair-2k16.herokuapp.com/api/app/events/special]
08-04 02:46:33.581 16023 16023 D NappaLifecycleObserver: F1_SCORE - Prefetch list (3)= [https://api-hillfair-2k16.herokuapp.com/api/app/events/special/event?id=5806551bdcba0f490c70fd1f, https://api-hillfair-2k16.herokuapp.com/api/app/events/special/event?id=580655cddcba0f490c70fdd0, https://api-hillfair-2k16.herokuapp.com/api/app/events/special/event?id=58065620dcba0f490c70fe09]
08-04 02:46:33.582 16023 16023 D NappaLifecycleObserver: F1_SCORE - TP list (0)= []
08-04 02:46:33.582 16023 16023 D NappaLifecycleObserver: F1_SCORE - FN list (1)= [https://api-hillfair-2k16.herokuapp.com/api/app/events/special]
08-04 02:46:33.582 16023 16023 I NAPPA_EXPERIMENTATION: MetricPrefetchingAccuracy: LOG_ID='12',F1_SCORE_1='0.0',F1_SCORE_2='0.0',TRUE_POSITIVE='0',FALSE_POSITIVE='3',FALSE_NEGATIVE='1',
08-04 02:46:33.599 16023 16280 I art     : Explicit concurrent mark sweep GC freed 266(22KB) AllocSpace objects, 0(0B) LOS objects, 23% free, 52MB/68MB, paused 415us total 19.264ms
08-04 02:46:33.608 16023 16280 I art     : Starting a blocking GC Explicit
08-04 02:46:33.628 16023 16280 I art     : Explicit concurrent mark sweep GC freed 141(7KB) AllocSpace objects, 0(0B) LOS objects, 23% free, 52MB/68MB, paused 461us total 19.897ms
08-04 02:46:33.636 16023 16280 I art     : Starting a blocking GC Explicit
08-04 02:46:33.655 16023 16280 I art     : Explicit concurrent mark sweep GC freed 1538(100KB) AllocSpace objects, 3(400KB) LOS objects, 23% free, 52MB/68MB, paused 440us total 19.314ms
08-04 02:46:33.663 16023 16280 I art     : Starting a blocking GC Explicit
08-04 02:46:33.683 16023 16280 I art     : Explicit concurrent mark sweep GC freed 3(96B) AllocSpace objects, 0(0B) LOS objects, 23% free, 52MB/68MB, paused 444us total 19.893ms
08-04 02:46:33.799 13589 13589 I ServiceManager: Waiting for service AtCmdFwd...
08-04 02:46:33.979 16023 16035 I art     : Starting a blocking GC Explicit
08-04 02:46:34.007 16023 16035 I art     : Explicit concurrent mark sweep GC freed 1540(89KB) AllocSpace objects, 1(20KB) LOS objects, 23% free, 52MB/68MB, paused 462us total 27.041ms
08-04 02:46:34.016 16023 16035 I art     : Starting a blocking GC Explicit
08-04 02:46:34.037 16023 16035 I art     : Explicit concurrent mark sweep GC freed 28(1024B) AllocSpace objects, 0(0B) LOS objects, 23% free, 52MB/68MB, paused 477us total 21.525ms
08-04 02:46:34.046 16023 16035 I art     : Starting a blocking GC Explicit
08-04 02:46:34.068 16023 16035 I art     : Explicit concurrent mark sweep GC freed 3(96B) AllocSpace objects, 0(0B) LOS objects, 23% free, 52MB/68MB, paused 467us total 21.408ms
08-04 02:46:34.077 16023 16035 I art     : Starting a blocking GC Explicit
08-04 02:46:34.098 16023 16035 I art     : Explicit concurrent mark sweep GC freed 3(96B) AllocSpace objects, 0(0B) LOS objects, 23% free, 52MB/68MB, paused 459us total 20.855ms
08-04 02:46:34.107 16023 16035 I art     : Starting a blocking GC Explicit
08-04 02:46:34.129 16023 16035 I art     : Explicit concurrent mark sweep GC freed 3(96B) AllocSpace objects, 0(0B) LOS objects, 23% free, 52MB/68MB, paused 463us total 21.612ms
08-04 02:46:34.391   918  3261 D WifiStateMachine: starting scan for "H369AA63323"WPA_PSK with 2412,5180
08-04 02:46:34.426 16023 17019 I art     : Starting a blocking GC Explicit
08-04 02:46:34.448 16023 17019 I art     : Explicit concurrent mark sweep GC freed 1537(89KB) AllocSpace objects, 1(20KB) LOS objects, 23% free, 52MB/68MB, paused 497us total 21.657ms
08-04 02:46:34.457 16023 17019 I art     : Starting a blocking GC Explicit
08-04 02:46:34.477 16023 17019 I art     : Explicit concurrent mark sweep GC freed 28(1024B) AllocSpace objects, 0(0B) LOS objects, 23% free, 52MB/68MB, paused 484us total 20.094ms
08-04 02:46:34.485 16023 17019 I art     : Starting a blocking GC Explicit
08-04 02:46:34.505 16023 17019 I art     : Explicit concurrent mark sweep GC freed 3(96B) AllocSpace objects, 0(0B) LOS objects, 23% free, 52MB/68MB, paused 451us total 19.577ms
08-04 02:46:34.513 16023 17019 I art     : Starting a blocking GC Explicit
08-04 02:46:34.534 16023 17019 I art     : Explicit concurrent mark sweep GC freed 3(96B) AllocSpace objects, 0(0B) LOS objects, 23% free, 52MB/68MB, paused 456us total 20.399ms
08-04 02:46:34.542 16023 17019 I art     : Starting a blocking GC Explicit
08-04 02:46:34.562 16023 17019 I art     : Explicit concurrent mark sweep GC freed 3(96B) AllocSpace objects, 0(0B) LOS objects, 23% free, 52MB/68MB, paused 458us total 19.576ms
08-04 02:46:34.796 17183 17183 D AndroidRuntime: >>>>>> START com.android.internal.os.RuntimeInit uid 2000 <<<<<<
08-04 02:46:34.800 13589 13589 I ServiceManager: Waiting for service AtCmdFwd...
08-04 02:46:34.801 17183 17183 D AndroidRuntime: CheckJNI is OFF
08-04 02:46:34.835 16023 16036 I art     : Starting a blocking GC Explicit
08-04 02:46:34.835 17183 17183 D ICU     : No timezone override file found: /data/misc/zoneinfo/current/icu/icu_tzdata.dat
08-04 02:46:34.857 16023 16036 I art     : Explicit concurrent mark sweep GC freed 1538(90KB) AllocSpace objects, 1(20KB) LOS objects, 23% free, 52MB/68MB, paused 608us total 22.628ms
08-04 02:46:34.866 16023 16036 I art     : Starting a blocking GC Explicit
08-04 02:46:34.870 17183 17183 I Radio-JNI: register_android_hardware_Radio DONE
08-04 02:46:34.886 16023 16036 I art     : Explicit concurrent mark sweep GC freed 28(1024B) AllocSpace objects, 0(0B) LOS objects, 23% free, 52MB/68MB, paused 468us total 19.887ms
08-04 02:46:34.893 17183 17183 D AndroidRuntime: Calling main entry com.android.commands.input.Input
08-04 02:46:34.895 16023 16036 I art     : Starting a blocking GC Explicit
08-04 02:46:34.895 17183 17183 I Input   : injectMotionEvent: MotionEvent { action=ACTION_DOWN, actionButton=0, id[0]=0, x[0]=733.0, y[0]=1957.0, toolType[0]=TOOL_TYPE_UNKNOWN, buttonState=0, metaState=0, flags=0x0, edgeFlags=0x0, pointerCount=1, historySize=0, eventTime=672411308, downTime=672411308, deviceId=0, source=0x1002 }
08-04 02:46:34.902 17183 17183 I Input   : injectMotionEvent: MotionEvent { action=ACTION_UP, actionButton=0, id[0]=0, x[0]=733.0, y[0]=1957.0, toolType[0]=TOOL_TYPE_UNKNOWN, buttonState=0, metaState=0, flags=0x0, edgeFlags=0x0, pointerCount=1, historySize=0, eventTime=672411308, downTime=672411308, deviceId=0, source=0x1002 }
08-04 02:46:34.903 16023 16023 D NappaIntentExtras: ==================
08-04 02:46:34.903 16023 16056 D Nappa   : PREFETCH_ON_EXTRA - notifyExtras- start
08-04 02:46:34.903 16023 16023 D NappaIntentExtras: Log #7
08-04 02:46:34.903 16023 16023 D NappaIntentExtras: ------------------
08-04 02:46:34.903 16023 16023 D NappaIntentExtras: activity nappagreedy.appteam.nith.hillffair.activities.QuizActivity
08-04 02:46:34.903 16023 16023 D NappaIntentExtras: 	- No extras registered
08-04 02:46:34.903 16023 16023 D NappaIntentExtras: activity nappagreedy.appteam.nith.hillffair.activities.HomeActivity
08-04 02:46:34.903 16023 16023 D NappaIntentExtras: 	- No extras registered
08-04 02:46:34.903 16023 16056 I NAPPA_EXPERIMENTATION: MetricNappaPrefetchingStrategyExecutionTime: STRATEGY_CLASS='GreedyPrefetchingStrategyOnVisitFrequencyAndTime',DURATION='226042',NUMBER_OF_URLS='1',NUMBER_OF_SELECTED_CHILDREN_NODES='1',NUMBER_OF_CHILDREN_NODES='1',STRATEGY_RUN_SUCCESSFULLY='True',
08-04 02:46:34.903 16023 16023 D NappaIntentExtras: activity nappagreedy.appteam.nith.hillffair.activities.ClubActivity
08-04 02:46:34.903 16023 16023 D NappaIntentExtras: 	- No extras registered
08-04 02:46:34.903 16023 16056 D GreedyPrefetchingStrategyOnVisitFrequencyAndTime: ==================================
08-04 02:46:34.904 16023 16023 D NappaIntentExtras: activity nappagreedy.appteam.nith.hillffair.activities.LeaderBoardActivity
08-04 02:46:34.904 16023 16056 D GreedyPrefetchingStrategyOnVisitFrequencyAndTime: Starting Run #9
08-04 02:46:34.904 16023 16023 D NappaIntentExtras: 	- No extras registered
08-04 02:46:34.904 16023 16056 D GreedyPrefetchingStrategyOnVisitFrequencyAndTime: ----------------------------------
08-04 02:46:34.904 16023 16056 D GreedyPrefetchingStrategyOnVisitFrequencyAndTime: Node data BattleDayActivity 
08-04 02:46:34.904 16023 16056 D GreedyPrefetchingStrategyOnVisitFrequencyAndTime: 	Successors:
08-04 02:46:34.904 16023 16056 D GreedyPrefetchingStrategyOnVisitFrequencyAndTime: 		ClubActivity (3 hits)
08-04 02:46:34.904 16023 16056 D GreedyPrefetchingStrategyOnVisitFrequencyAndTime: 	Ancestors:
08-04 02:46:34.904 16023 16056 D GreedyPrefetchingStrategyOnVisitFrequencyAndTime: 		HomeActivity (0 hits)
08-04 02:46:34.904 16023 16056 D GreedyPrefetchingStrategyOnVisitFrequencyAndTime: 
08-04 02:46:34.904 16023 16023 D NappaIntentExtras: activity nappagreedy.appteam.nith.hillffair.activities.InformationActivity
08-04 02:46:34.904 16023 16056 D GreedyPrefetchingStrategyOnVisitFrequencyAndTime: MetricStrategyAccuracy inc execution count9 | act = false; extra = true
08-04 02:46:34.904 16023 16023 D NappaIntentExtras: 	- No extras registered
08-04 02:46:34.904 16023 16056 D GreedyPrefetchingStrategyOnVisitFrequencyAndTime: ------------- Recursion #1 -----------
08-04 02:46:34.904 16023 16023 D NappaIntentExtras: activity nappagreedy.appteam.nith.hillffair.activities.BattleDayActivity
08-04 02:46:34.904 16023 16056 D GreedyPrefetchingStrategyOnVisitFrequencyAndTime: Best successors so far []
08-04 02:46:34.904 16023 16023 D NappaIntentExtras: 	- 3 extras registered
08-04 02:46:34.904 16023 16056 D GreedyPrefetchingStrategyOnVisitFrequencyAndTime: Checking node BattleDayActivity with 1 successors
08-04 02:46:34.904 16023 16056 D GreedyPrefetchingStrategyOnVisitFrequencyAndTime: Check successor ClubActivity
08-04 02:46:34.904 16023 16056 D GreedyPrefetchingStrategyOnVisitFrequencyAndTime: Data:
08-04 02:46:34.904 16023 16056 D GreedyPrefetchingStrategyOnVisitFrequencyAndTime: 	- Successor time = 77540.0
08-04 02:46:34.904 16023 16056 D GreedyPrefetchingStrategyOnVisitFrequencyAndTime: 	- Successor frequency = 9
08-04 02:46:34.904 16023 16056 D GreedyPrefetchingStrategyOnVisitFrequencyAndTime: 	- Aggregated time = 77540.0
08-04 02:46:34.904 16023 16056 D GreedyPrefetchingStrategyOnVisitFrequencyAndTime: 	- Aggregated frequency = 9
08-04 02:46:34.904 16023 16056 D GreedyPrefetchingStrategyOnVisitFrequencyAndTime: Calculated scores:
08-04 02:46:34.904 16023 16056 D GreedyPrefetchingStrategyOnVisitFrequencyAndTime: 	- Parent score = 1.0
08-04 02:46:34.904 16023 16056 D GreedyPrefetchingStrategyOnVisitFrequencyAndTime: 	- Successor time score = 0.5
08-04 02:46:34.904 16023 16056 D GreedyPrefetchingStrategyOnVisitFrequencyAndTime: 	- Successor frequency score = 0.5
08-04 02:46:34.905 16023 16056 D GreedyPrefetchingStrategyOnVisitFrequencyAndTime: 	- Successor final score = 1.0
08-04 02:46:34.905 16023 16023 D NappaIntentExtras: 	- name : Nukkad Natak
08-04 02:46:34.905 16023 16056 D GreedyPrefetchingStrategyOnVisitFrequencyAndTime: Switch best successor
08-04 02:46:34.905 16023 16056 D GreedyPrefetchingStrategyOnVisitFrequencyAndTime: BattleDayActivity best successor is ClubActivity with score 1.0 containing the URLS [https://api-hillfair-2k16.herokuapp.com/api/app/events/special/event?id=58065620dcba0f490c70fe09]
08-04 02:46:34.905 16023 16023 D NappaIntentExtras: 	- id : 58065620dcba0f490c70fe09
08-04 02:46:34.905 16023 16056 D GreedyPrefetchingStrategyOnVisitFrequencyAndTime: ------------- Recursion #2 -----------
08-04 02:46:34.905 16023 16023 D NappaIntentExtras: 	- battleday : true
08-04 02:46:34.905 16023 16056 D GreedyPrefetchingStrategyOnVisitFrequencyAndTime: Best successors so far [ClubActivity]
08-04 02:46:34.905 16023 16023 D NappaIntentExtras: activity nappagreedy.appteam.nith.hillffair.activities.EventActivity
08-04 02:46:34.905 16023 16056 D GreedyPrefetchingStrategyOnVisitFrequencyAndTime: Checking node ClubActivity with 0 successors
08-04 02:46:34.905 16023 16023 D NappaIntentExtras: 	- No extras registered
08-04 02:46:34.905 16023 16056 D GreedyPrefetchingStrategyOnVisitFrequencyAndTime: this node has no successors
08-04 02:46:34.905 16023 16023 D NappaIntentExtras: activity nappagreedy.appteam.nith.hillffair.activities.SplashActivity
08-04 02:46:34.905 16023 16056 D GreedyPrefetchingStrategyOnVisitFrequencyAndTime: Next visited child will be [nappagreedy.appteam.nith.hillffair.activities.ClubActivity]
08-04 02:46:34.905 16023 16023 D NappaIntentExtras: 	- No extras registered
08-04 02:46:34.905 16023 16056 D GreedyPrefetchingStrategyOnVisitFrequencyAndTime: ==================================
08-04 02:46:34.905 16023 16023 D NappaIntentExtras: ==================
08-04 02:46:34.905 16023 16056 D Nappa   : PREFETCH_ON_EXTRA - notifyExtras- end
08-04 02:46:34.905 16023 16056 D Nappa   : PREFSTRAT2 URL: https://api-hillfair-2k16.herokuapp.com/api/app/events/special/event?id=58065620dcba0f490c70fe09
08-04 02:46:34.905 16023 16056 D Nappa   : F1_SCORE list_url_prefetched - (already in) - https://api-hillfair-2k16.herokuapp.com/api/app/events/special/event?id=58065620dcba0f490c70fe09
08-04 02:46:34.906   918  3714 I ActivityManager: START u0 {cmp=nappagreedy.appteam.nith.hillffair/.activities.ClubActivity (has extras)} from uid 10654 on display 0
08-04 02:46:34.907 16023 16056 D CustomInterceptor: NETWORK-PROVIDER https://api-hillfair-2k16.herokuapp.com/api/app/events/special/event?id=58065620dcba0f490c70fe09
08-04 02:46:34.907 16023 16056 D Nappa   : F1_SCORE list_url_prefetched - (already in) - https://api-hillfair-2k16.herokuapp.com/api/app/events/special/event?id=58065620dcba0f490c70fe09
08-04 02:46:34.907 16023 16056 D Nappa   : -------------F1_SCORE #12 -----------
08-04 02:46:34.907 16023 16056 D Nappa   : F1_SCORE - Intercept list (1)= [https://api-hillfair-2k16.herokuapp.com/api/app/events/special]
08-04 02:46:34.908 16023 16056 D Nappa   : F1_SCORE - Prefetch list (3)= [https://api-hillfair-2k16.herokuapp.com/api/app/events/special/event?id=5806551bdcba0f490c70fd1f, https://api-hillfair-2k16.herokuapp.com/api/app/events/special/event?id=580655cddcba0f490c70fdd0, https://api-hillfair-2k16.herokuapp.com/api/app/events/special/event?id=58065620dcba0f490c70fe09]
08-04 02:46:34.908 16023 16056 D Nappa   : F1_SCORE - TP list (0)= []
08-04 02:46:34.908 16023 16056 D Nappa   : F1_SCORE - FN list (1)= [https://api-hillfair-2k16.herokuapp.com/api/app/events/special]
08-04 02:46:34.908 16023 16056 I NAPPA_EXPERIMENTATION: MetricPrefetchingAccuracy: LOG_ID='13',F1_SCORE_1='0.0',F1_SCORE_2='0.0',TRUE_POSITIVE='0',FALSE_POSITIVE='3',FALSE_NEGATIVE='1',
08-04 02:46:34.908 16023 16056 D CustomInterceptor: HEADER REQUEST
08-04 02:46:34.908 16023 16056 D CustomInterceptor: Cache-Control max-age=300, max-stale=300
08-04 02:46:34.908 16023 16056 D CustomInterceptor: CACHED STATS: size = '4', maxSize = '100', hitCount = '7', createCount = '0', putCount = '7', evictionCount = '0', missCount = '7', toString = 'LruCache[maxSize=100,hits=7,misses=7,hitRate=50%]', 
08-04 02:46:34.908 16023 16056 D CustomInterceptor: PREFLIB GET REQUEST https://api-hillfair-2k16.herokuapp.com/api/app/events/special/event?id=58065620dcba0f490c70fe09
08-04 02:46:34.908 16023 16056 D CustomInterceptor: PREFLIB found https://api-hillfair-2k16.herokuapp.com/api/app/events/special/event?id=58065620dcba0f490c70fe09, sending it back
08-04 02:46:34.908 16023 16056 D CustomInterceptor: CONTENT {"profile":{"_id":"58065620dcba0f490c70fe09","name":"Nukkad Natak","description":"All the world is a stage inspired many a minds. And, we decided to take it to a whole new level. Introducing Nukkad Natak, where the whole world is your stage and all onlookers your ticketlessaudience. Do not let your creativity be restricted to the walls of an amphitheater. Set the streets alive with your enrapturing portrayals.","contact":[{"name":"Deepak Kumar Jain","phone":"9882654141"},{"name":"Rishab Bhandari","phone":"98822852966"}],"date":"Yet To Come","price":"Yet To Come","photo":"https://api-hillfair-2k16.herokuapp.com/photos/theater.png"},"success":true,"msg":"loaded successfully"}
08-04 02:46:34.908 16023 16056 D CustomInterceptor: interceptor_finished : return_type #2 : request served from cache
08-04 02:46:34.909 16023 16056 D Nappa   : PREFSTRAT2 ADDING NEW ACTEXTRADATA
08-04 02:46:34.911 16023 16056 D Nappa   : PREFSTRAT2 ADDING NEW ACTEXTRADATA
08-04 02:46:34.913 16023 16056 D Nappa   : PREFSTRAT2 ADDING NEW ACTEXTRADATA
08-04 02:46:34.915 16023 16023 D NappaLifecycleObserver: nappagreedy.appteam.nith.hillffair.activities.BattleDayActivity - onPause
08-04 02:46:34.915 16023 16023 D Nappa   : Stayed on nappagreedy.appteam.nith.hillffair.activities.BattleDayActivity for 1675 ms
08-04 02:46:34.915 17183 17183 D AndroidRuntime: Shutting down VM
08-04 02:46:34.915 16023 16036 I art     : Explicit concurrent mark sweep GC freed 646(65KB) AllocSpace objects, 0(0B) LOS objects, 23% free, 52MB/68MB, paused 725us total 20.318ms
08-04 02:46:34.923 16023 16036 I art     : Starting a blocking GC Explicit
08-04 02:46:34.942 16023 16023 D Nappa   : TAG okHttpClient initialized
08-04 02:46:34.945 16023 16036 I art     : Explicit concurrent mark sweep GC freed 1358(85KB) AllocSpace objects, 0(0B) LOS objects, 23% free, 52MB/68MB, paused 806us total 22.002ms
08-04 02:46:34.949 16023 16023 D NappaLifecycleObserver: nappagreedy.appteam.nith.hillffair.activities.ClubActivity - onResume
08-04 02:46:34.949 16023 16023 D Nappa   : setCurrentActivity - MetricStrategyAccuracy - 
08-04 02:46:34.949 16023 16023 D Nappa   : madePredictionFromActivity = false, 
08-04 02:46:34.949 16023 16023 D Nappa   : fromActivity = nappagreedy.appteam.nith.hillffair.activities.BattleDayActivity, 
08-04 02:46:34.949 16023 16023 D Nappa   : predictedNextActivityFromActivity = [], 
08-04 02:46:34.949 16023 16023 D Nappa   : activity.getClass().getCanonicalName() = nappagreedy.appteam.nith.hillffair.activities.ClubActivity, 
08-04 02:46:34.949 16023 16023 D Nappa   : setCurrentActivity - MetricStrategyAccuracy - 
08-04 02:46:34.949 16023 16023 D Nappa   : madePredictionFromExtra = true, 
08-04 02:46:34.949 16023 16023 D Nappa   : fromActivity = nappagreedy.appteam.nith.hillffair.activities.BattleDayActivity, 
08-04 02:46:34.949 16023 16023 D Nappa   : predictedNextActivityFromExtra = [nappagreedy.appteam.nith.hillffair.activities.ClubActivity], 
08-04 02:46:34.949 16023 16023 D Nappa   : activity.getClass().getCanonicalName() = nappagreedy.appteam.nith.hillffair.activities.ClubActivity, 
08-04 02:46:34.949 16023 17206 D CustomInterceptor: NETWORK-PROVIDER https://api-hillfair-2k16.herokuapp.com/api/app/events/special/event?id=58065620dcba0f490c70fe09
08-04 02:46:34.949 16023 16023 D Nappa   : PREFETCH_ON_EXTRA - setCurrentActivity - logs - from activity - made prediction isfalse
08-04 02:46:34.950 16023 17206 D Nappa   : F1_SCORE add_intercept_url - (new) - https://api-hillfair-2k16.herokuapp.com/api/app/events/special/event?id=58065620dcba0f490c70fe09
08-04 02:46:34.950 16023 17206 D Nappa   : F1_SCORE add_tp_url - (new) - https://api-hillfair-2k16.herokuapp.com/api/app/events/special/event?id=58065620dcba0f490c70fe09
08-04 02:46:34.950 16023 17206 D Nappa   : -------------F1_SCORE #13 -----------
08-04 02:46:34.950 16023 17206 D Nappa   : F1_SCORE - Intercept list (2)= [https://api-hillfair-2k16.herokuapp.com/api/app/events/special, https://api-hillfair-2k16.herokuapp.com/api/app/events/special/event?id=58065620dcba0f490c70fe09]
08-04 02:46:34.950 16023 17206 D Nappa   : F1_SCORE - Prefetch list (3)= [https://api-hillfair-2k16.herokuapp.com/api/app/events/special/event?id=5806551bdcba0f490c70fd1f, https://api-hillfair-2k16.herokuapp.com/api/app/events/special/event?id=580655cddcba0f490c70fdd0, https://api-hillfair-2k16.herokuapp.com/api/app/events/special/event?id=58065620dcba0f490c70fe09]
08-04 02:46:34.950 16023 17206 D Nappa   : F1_SCORE - TP list (1)= [https://api-hillfair-2k16.herokuapp.com/api/app/events/special/event?id=58065620dcba0f490c70fe09]
08-04 02:46:34.950 16023 17206 D Nappa   : F1_SCORE - FN list (1)= [https://api-hillfair-2k16.herokuapp.com/api/app/events/special]
08-04 02:46:34.950 16023 17206 I NAPPA_EXPERIMENTATION: MetricPrefetchingAccuracy: LOG_ID='14',F1_SCORE_1='0.4',F1_SCORE_2='0.4',TRUE_POSITIVE='1',FALSE_POSITIVE='2',FALSE_NEGATIVE='1',
08-04 02:46:34.950 16023 17206 D CustomInterceptor: HEADER REQUEST
08-04 02:46:34.950 16023 17206 D CustomInterceptor: Cache-Control max-age=300, max-stale=300
08-04 02:46:34.950 16023 17206 D CustomInterceptor: CACHED STATS: size = '4', maxSize = '100', hitCount = '8', createCount = '0', putCount = '7', evictionCount = '0', missCount = '7', toString = 'LruCache[maxSize=100,hits=8,misses=7,hitRate=53%]', 
08-04 02:46:34.950 16023 17206 D CustomInterceptor: PREFLIB GET REQUEST https://api-hillfair-2k16.herokuapp.com/api/app/events/special/event?id=58065620dcba0f490c70fe09
08-04 02:46:34.950 16023 17206 D CustomInterceptor: PREFLIB found https://api-hillfair-2k16.herokuapp.com/api/app/events/special/event?id=58065620dcba0f490c70fe09, sending it back
08-04 02:46:34.950 16023 17206 D CustomInterceptor: CONTENT {"profile":{"_id":"58065620dcba0f490c70fe09","name":"Nukkad Natak","description":"All the world is a stage inspired many a minds. And, we decided to take it to a whole new level. Introducing Nukkad Natak, where the whole world is your stage and all onlookers your ticketlessaudience. Do not let your creativity be restricted to the walls of an amphitheater. Set the streets alive with your enrapturing portrayals.","contact":[{"name":"Deepak Kumar Jain","phone":"9882654141"},{"name":"Rishab Bhandari","phone":"98822852966"}],"date":"Yet To Come","price":"Yet To Come","photo":"https://api-hillfair-2k16.herokuapp.com/photos/theater.png"},"success":true,"msg":"loaded successfully"}
08-04 02:46:34.951 16023 17206 D CustomInterceptor: interceptor_finished : return_type #2 : request served from cache
08-04 02:46:34.953 16023 16036 I art     : Starting a blocking GC Explicit
08-04 02:46:34.973 16023 16036 I art     : Explicit concurrent mark sweep GC freed 3150(190KB) AllocSpace objects, 0(0B) LOS objects, 23% free, 52MB/68MB, paused 508us total 19.800ms
08-04 02:46:35.017 16023 16056 D Nappa   : registerActivity: (already in) nappagreedy.appteam.nith.hillffair.activities.BattleDayActivity
08-04 02:46:35.018 16023 16056 D Nappa   : PARENTS 
08-04 02:46:35.018 16023 16056 D Nappa   : Of: nappagreedy.appteam.nith.hillffair.activities.BattleDayActivity -> 
08-04 02:46:35.018 16023 16056 D Nappa   : PARENTS nappagreedy.appteam.nith.hillffair.activities.HomeActivity
08-04 02:46:35.018 16023 16056 D Nappa   : PARENTS nappagreedy.appteam.nith.hillffair.activities.SplashActivity
08-04 02:46:35.050 16023 16023 D Nappa   : registerActivity: (already in) nappagreedy.appteam.nith.hillffair.activities.ClubActivity
08-04 02:46:35.050 16023 16023 D ActivityNode: ACTNODE UPDATING AFTER LOADING FROM DB
08-04 02:46:35.050 16023 16023 D ActivityGraph: LARDataCalculatedUpdate nappagreedy.appteam.nith.hillffair.activities.ClubActivity Pagerank: 0.25 HITS-Authority: 1.0 HITS-Hub: 1.0 SALSA-Authority: 1.0 SALSA-Hub: 1.0
08-04 02:46:35.050 16023 16023 D Nappa   : SHOULD_PREFETCH true
08-04 02:46:35.120 16023 16056 D Nappa   : registerActivity: (already in) nappagreedy.appteam.nith.hillffair.activities.ClubActivity
08-04 02:46:35.120 16023 16056 D Nappa   : PARENTS 
08-04 02:46:35.120 16023 16056 D Nappa   : Of: nappagreedy.appteam.nith.hillffair.activities.ClubActivity -> 
08-04 02:46:35.120 16023 16056 D Nappa   : PARENTS nappagreedy.appteam.nith.hillffair.activities.BattleDayActivity
08-04 02:46:35.121 16023 16056 D Nappa   : PARENTS has extra: (name, Nukkad Natak)
08-04 02:46:35.121 16023 16056 D Nappa   : PARENTS has extra: (id, 58065620dcba0f490c70fe09)
08-04 02:46:35.121 16023 16056 D Nappa   : PARENTS value of key 'id' is contained into https://api-hillfair-2k16.herokuapp.com/api/app/events/special/event?id=58065620dcba0f490c70fe09
08-04 02:46:35.121 16023 16056 D Nappa   : PARENTS https://api-hillfair-2k16.herokuapp.com/api/app/events/special/event?id=
08-04 02:46:35.121 16023 16056 D Nappa   : PARENTS PARAM: id
08-04 02:46:35.121 16023 16056 D Nappa   : PARENTS   NODE nappagreedy.appteam.nith.hillffair.activities.ClubActivity ALREADY CONTAINS THIS URL
08-04 02:46:35.121 16023 16056 D Nappa   : PARENTS has extra: (battleday, true)
08-04 02:46:35.121 16023 16056 D Nappa   : PARENTS nappagreedy.appteam.nith.hillffair.activities.HomeActivity
08-04 02:46:35.121 16023 16056 D Nappa   : PARENTS nappagreedy.appteam.nith.hillffair.activities.SplashActivity
08-04 02:46:35.121 16023 16056 D Nappa   : PARENTS nappagreedy.appteam.nith.hillffair.activities.EventActivity
08-04 02:46:35.150 16023 16023 D Nappa   : registerActivity: (already in) nappagreedy.appteam.nith.hillffair.activities.ClubActivity
08-04 02:46:35.151 16023 16023 D Nappa   : STATS Number of requests not prefetched: 4
08-04 02:46:35.151 16023 16023 D Nappa   : STATS Number of requests prefetched: 1
08-04 02:46:35.151 16023 16023 D Nappa   : STATS Time saved until now: 0.031
08-04 02:46:35.154 16023 16023 D ActivityNode: Observer - intent extra - ClubActivity
08-04 02:46:35.154 16023 16023 D ActivityNode: Extras:
08-04 02:46:35.155 16023 16023 D ActivityNode: Observer - intent extra - SplashActivity
08-04 02:46:35.155 16023 16023 D ActivityNode: Extras:
08-04 02:46:35.155 16023 16023 D ActivityNode: Observer - intent extra - HomeActivity
08-04 02:46:35.155 16023 16023 D ActivityNode: Extras:
08-04 02:46:35.155 16023 16023 D ActivityNode: Observer - intent extra - QuizActivity
08-04 02:46:35.155 16023 16023 D ActivityNode: Extras:
08-04 02:46:35.155 16023 16023 D ActivityNode: Observer - intent extra - LeaderBoardActivity
08-04 02:46:35.155 16023 16023 D ActivityNode: Extras:
08-04 02:46:35.155 16023 16023 D ActivityNode: Observer - intent extra - InformationActivity
08-04 02:46:35.155 16023 16023 D ActivityNode: Extras:
08-04 02:46:35.155 16023 16023 D ActivityNode: Observer - intent extra - EventActivity
08-04 02:46:35.155 16023 16023 D ActivityNode: Extras:
08-04 02:46:35.155 16023 16023 D ActivityNode: 	activity ID 8( key CLUB_NAME)
08-04 02:46:35.155 16023 16023 D ActivityNode: 	activity ID 8( key CLUB_NAME)
08-04 02:46:35.155 16023 16023 D ActivityNode: 	activity ID 8( key CLUB_NAME)
08-04 02:46:35.155 16023 16023 D ActivityNode: 	activity ID 8( key CLUB_NAME)
08-04 02:46:35.155 16023 16023 D ActivityNode: 	activity ID 8( key CLUB_NAME)
08-04 02:46:35.155 16023 16023 D ActivityNode: 	activity ID 8( key CLUB_NAME)
08-04 02:46:35.155 16023 16023 D ActivityNode: Observer - intent extra - BattleDayActivity
08-04 02:46:35.155 16023 16023 D ActivityNode: Extras:
08-04 02:46:35.155 16023 16023 D ActivityNode: 	activity ID 3( key battleday)
08-04 02:46:35.155 16023 16023 D ActivityNode: 	activity ID 3( key id)
08-04 02:46:35.155 16023 16023 D ActivityNode: 	activity ID 3( key name)
08-04 02:46:35.155 16023 16023 D ActivityNode: 	activity ID 3( key battleday)
08-04 02:46:35.155 16023 16023 D ActivityNode: 	activity ID 3( key id)
08-04 02:46:35.155 16023 16023 D ActivityNode: 	activity ID 3( key name)
08-04 02:46:35.155 16023 16023 D ActivityNode: 	activity ID 3( key battleday)
08-04 02:46:35.155 16023 16023 D ActivityNode: 	activity ID 3( key id)
08-04 02:46:35.155 16023 16023 D ActivityNode: 	activity ID 3( key name)
08-04 02:46:35.155 16023 16023 D ActivityNode: 	activity ID 3( key battleday)
08-04 02:46:35.155 16023 16023 D ActivityNode: 	activity ID 3( key id)
08-04 02:46:35.155 16023 16023 D ActivityNode: 	activity ID 3( key name)
08-04 02:46:35.155 16023 16023 D ActivityNode: 	activity ID 3( key battleday)
08-04 02:46:35.155 16023 16023 D ActivityNode: 	activity ID 3( key id)
08-04 02:46:35.155 16023 16023 D ActivityNode: 	activity ID 3( key name)
08-04 02:46:35.155 16023 16023 D ActivityNode: 	activity ID 3( key battleday)
08-04 02:46:35.155 16023 16023 D ActivityNode: 	activity ID 3( key id)
08-04 02:46:35.155 16023 16023 D ActivityNode: 	activity ID 3( key name)
08-04 02:46:35.155 16023 16023 D ActivityNode: 	activity ID 3( key battleday)
08-04 02:46:35.155 16023 16023 D ActivityNode: 	activity ID 3( key id)
08-04 02:46:35.155 16023 16023 D ActivityNode: 	activity ID 3( key name)
08-04 02:46:35.155 16023 16023 D ActivityNode: 	activity ID 3( key battleday)
08-04 02:46:35.155 16023 16023 D ActivityNode: 	activity ID 3( key id)
08-04 02:46:35.155 16023 16023 D ActivityNode: 	activity ID 3( key name)
08-04 02:46:35.155 16023 16023 D ActivityNode: 	activity ID 3( key battleday)
08-04 02:46:35.155 16023 16023 D ActivityNode: 	activity ID 3( key id)
08-04 02:46:35.155 16023 16023 D ActivityNode: 	activity ID 3( key name)
08-04 02:46:35.155 16023 16023 D ActivityNode: 	activity ID 3( key battleday)
08-04 02:46:35.155 16023 16023 D ActivityNode: 	activity ID 3( key id)
08-04 02:46:35.155 16023 16023 D ActivityNode: 	activity ID 3( key name)
08-04 02:46:35.212 16023 16023 I NAPPA_EXPERIMENTATION: MetricNetworkRequestExecutionTime: REQUEST_DURATION_SYSTEM='264',REQUEST_DURATION_OKHTTP='0',REQUEST_SYNCHRONOUS='FALSE',RESPONSE_CODE='200',RESPONSE_METHOD='GET',RESPONSE_LENGTH_OKHTTP='682',RESPONSE_LENGTH_HEADER='-2',REQUEST_PROTOCOL='http/1.1',REQUEST_URL='https://api-hillfair-2k16.herokuapp.com/api/app/events/special/event?id=58065620dcba0f490c70fe09',
08-04 02:46:35.235 13866 13866 I GoogleInputMethodServic: GoogleInputMethodService.onFinishInput():3138 
08-04 02:46:35.235 16023 16023 D ActivityNode: Observer - visit time - BattleDayActivity - New aggregate visit time found is 35483 ms
