08-04 13:42:33.074 13188 13225 D Nappa   : Current node - activityGraph.getCurrent() - nappagreedy.appteam.nith.hillffair.activities.ClubActivity
08-04 13:42:33.074 13188 13225 I NAPPA_EXPERIMENTATION: MetricNappaPrefetchingStrategyExecutionTime: STRATEGY_CLASS='GreedyPrefetchingStrategyOnVisitFrequencyAndTime',DURATION='34323',NUMBER_OF_URLS='0',NUMBER_OF_SELECTED_CHILDREN_NODES='0',NUMBER_OF_CHILDREN_NODES='0',STRATEGY_RUN_SUCCESSFULLY='True',
08-04 13:42:33.074 13188 13225 D GreedyPrefetchingStrategyOnVisitFrequencyAndTime: ==================================
08-04 13:42:33.075 13188 13225 D GreedyPrefetchingStrategyOnVisitFrequencyAndTime: Starting Run #12
08-04 13:42:33.075 13188 13225 D GreedyPrefetchingStrategyOnVisitFrequencyAndTime: ----------------------------------
08-04 13:42:33.075 13188 13225 D GreedyPrefetchingStrategyOnVisitFrequencyAndTime: Node data ClubActivity 
08-04 13:42:33.075 13188 13225 D GreedyPrefetchingStrategyOnVisitFrequencyAndTime: 	Successors:
08-04 13:42:33.075 13188 13225 D GreedyPrefetchingStrategyOnVisitFrequencyAndTime: 
08-04 13:42:33.075 13188 13225 D GreedyPrefetchingStrategyOnVisitFrequencyAndTime: 	Ancestors:
08-04 13:42:33.075 13188 13225 D GreedyPrefetchingStrategyOnVisitFrequencyAndTime: 		BattleDayActivity (0 hits)
08-04 13:42:33.075 13188 13225 D GreedyPrefetchingStrategyOnVisitFrequencyAndTime: 		EventActivity (0 hits)
08-04 13:42:33.075 13188 13225 D GreedyPrefetchingStrategyOnVisitFrequencyAndTime: 
08-04 13:42:33.075 13188 13225 D GreedyPrefetchingStrategyOnVisitFrequencyAndTime: MetricStrategyAccuracy inc execution count12 | act = true; extra = false
08-04 13:42:33.075 13188 13225 D GreedyPrefetchingStrategyOnVisitFrequencyAndTime: MetricStrategyAccuracy inc no sucessor count5 | act = true; extra = false
08-04 13:42:33.075 13188 13225 D GreedyPrefetchingStrategyOnVisitFrequencyAndTime: ------------- Recursion #1 -----------
08-04 13:42:33.075 13188 13225 D GreedyPrefetchingStrategyOnVisitFrequencyAndTime: Best successors so far []
08-04 13:42:33.075 13188 13225 D GreedyPrefetchingStrategyOnVisitFrequencyAndTime: Checking node ClubActivity with 0 successors
08-04 13:42:33.075 13188 13225 D GreedyPrefetchingStrategyOnVisitFrequencyAndTime: this node has no successors
08-04 13:42:33.075 13188 13225 D GreedyPrefetchingStrategyOnVisitFrequencyAndTime: Next visited child will be []
08-04 13:42:33.075 13188 13225 D GreedyPrefetchingStrategyOnVisitFrequencyAndTime: ==================================
08-04 13:42:33.075 13188 13225 D Nappa   : PREFETCH_ON_EXTRA - setCurrentActivity - finished new prediction
08-04 13:42:33.080   518   646 I ThermalEngine: ACTION: GPU - Setting GPU[0] to 510000000
08-04 13:42:33.086 13188 13450 I art     : Explicit concurrent mark sweep GC freed 1882(116KB) AllocSpace objects, 1(20KB) LOS objects, 23% free, 52MB/68MB, paused 459us total 21.837ms
08-04 13:42:33.095 13188 13450 I art     : Starting a blocking GC Explicit
08-04 13:42:33.115 13188 13450 I art     : Explicit concurrent mark sweep GC freed 44(1584B) AllocSpace objects, 0(0B) LOS objects, 23% free, 52MB/68MB, paused 485us total 20.201ms
08-04 13:42:33.123 13188 13450 I art     : Starting a blocking GC Explicit
08-04 13:42:33.143 13188 13450 I art     : Explicit concurrent mark sweep GC freed 3(96B) AllocSpace objects, 0(0B) LOS objects, 23% free, 52MB/68MB, paused 472us total 19.498ms
08-04 13:42:33.151 13188 13450 I art     : Starting a blocking GC Explicit
08-04 13:42:33.170 13188 13450 I art     : Explicit concurrent mark sweep GC freed 3(96B) AllocSpace objects, 0(0B) LOS objects, 23% free, 52MB/68MB, paused 463us total 19.428ms
08-04 13:42:33.178 13188 13450 I art     : Starting a blocking GC Explicit
08-04 13:42:33.198 13188 13450 I art     : Explicit concurrent mark sweep GC freed 3(96B) AllocSpace objects, 0(0B) LOS objects, 23% free, 52MB/68MB, paused 452us total 19.221ms
08-04 13:42:33.240 13866 13882 I PeriodicStatsRunner: PeriodicStatsRunner.call():175 call()
08-04 13:42:33.240 13866 13882 I PeriodicStatsRunner: PeriodicStatsRunner.call():179 No submit PeriodicStats since input started.
08-04 13:42:33.448  6615  6615 I ServiceManager: Waiting for service AtCmdFwd...
08-04 13:42:33.457 13188 13205 I art     : Starting a blocking GC Explicit
08-04 13:42:33.480 13188 13205 I art     : Explicit concurrent mark sweep GC freed 1546(90KB) AllocSpace objects, 1(20KB) LOS objects, 23% free, 52MB/68MB, paused 511us total 22.899ms
08-04 13:42:33.489 13188 13205 I art     : Starting a blocking GC Explicit
08-04 13:42:33.511 13188 13205 I art     : Explicit concurrent mark sweep GC freed 28(1024B) AllocSpace objects, 0(0B) LOS objects, 23% free, 52MB/68MB, paused 471us total 21.959ms
08-04 13:42:33.520 13188 13205 I art     : Starting a blocking GC Explicit
08-04 13:42:33.542 13188 13205 I art     : Explicit concurrent mark sweep GC freed 3(96B) AllocSpace objects, 0(0B) LOS objects, 23% free, 52MB/68MB, paused 453us total 22.204ms
08-04 13:42:33.543 13188 13203 I art     : WaitForGcToComplete blocked for 22.435ms for cause HeapTrim
08-04 13:42:33.551 13188 13205 I art     : Starting a blocking GC Explicit
08-04 13:42:33.574 13188 13205 I art     : Explicit concurrent mark sweep GC freed 3(96B) AllocSpace objects, 0(0B) LOS objects, 23% free, 52MB/68MB, paused 557us total 22.387ms
08-04 13:42:33.583 13188 13205 I art     : Starting a blocking GC Explicit
08-04 13:42:33.604 13188 13205 I art     : Explicit concurrent mark sweep GC freed 3(96B) AllocSpace objects, 0(0B) LOS objects, 23% free, 52MB/68MB, paused 477us total 21.290ms
08-04 13:42:33.891 13188 13204 I art     : Starting a blocking GC Explicit
08-04 13:42:33.924 13188 13204 I art     : Explicit concurrent mark sweep GC freed 1546(90KB) AllocSpace objects, 1(20KB) LOS objects, 23% free, 52MB/68MB, paused 681us total 31.952ms
08-04 13:42:33.939 13188 13204 I art     : Starting a blocking GC Explicit
08-04 13:42:33.965 13188 13204 I art     : Explicit concurrent mark sweep GC freed 28(1024B) AllocSpace objects, 0(0B) LOS objects, 23% free, 52MB/68MB, paused 493us total 26.248ms
08-04 13:42:33.974 13188 13204 I art     : Starting a blocking GC Explicit
08-04 13:42:33.997 13188 13204 I art     : Explicit concurrent mark sweep GC freed 3(96B) AllocSpace objects, 0(0B) LOS objects, 23% free, 52MB/68MB, paused 558us total 22.737ms
08-04 13:42:34.006 13188 13204 I art     : Starting a blocking GC Explicit
08-04 13:42:34.028 13188 13204 I art     : Explicit concurrent mark sweep GC freed 3(96B) AllocSpace objects, 0(0B) LOS objects, 23% free, 52MB/68MB, paused 470us total 21.941ms
08-04 13:42:34.037 13188 13204 I art     : Starting a blocking GC Explicit
08-04 13:42:34.059 13188 13204 I art     : Explicit concurrent mark sweep GC freed 3(96B) AllocSpace objects, 0(0B) LOS objects, 23% free, 52MB/68MB, paused 459us total 21.845ms
08-04 13:42:34.379 13188 13277 I art     : Starting a blocking GC Explicit
08-04 13:42:34.406 13188 13277 I art     : Explicit concurrent mark sweep GC freed 1548(92KB) AllocSpace objects, 1(20KB) LOS objects, 23% free, 52MB/68MB, paused 511us total 27.371ms
08-04 13:42:34.418 13188 13277 I art     : Starting a blocking GC Explicit
08-04 13:42:34.439 13188 13277 I art     : Explicit concurrent mark sweep GC freed 28(1024B) AllocSpace objects, 0(0B) LOS objects, 23% free, 52MB/68MB, paused 475us total 21.284ms
08-04 13:42:34.448  6615  6615 W Atfwd_Sendcmd: AtCmdFwd service not published, waiting... retryCnt : 2
08-04 13:42:34.448 13188 13277 I art     : Starting a blocking GC Explicit
08-04 13:42:34.471 13188 13277 I art     : Explicit concurrent mark sweep GC freed 3(96B) AllocSpace objects, 0(0B) LOS objects, 23% free, 52MB/68MB, paused 472us total 22.081ms
08-04 13:42:34.479 13188 13277 I art     : Starting a blocking GC Explicit
08-04 13:42:34.502 13188 13277 I art     : Explicit concurrent mark sweep GC freed 3(96B) AllocSpace objects, 0(0B) LOS objects, 23% free, 52MB/68MB, paused 469us total 22.405ms
08-04 13:42:34.511 13188 13277 I art     : Starting a blocking GC Explicit
08-04 13:42:34.533 13188 13277 I art     : Explicit concurrent mark sweep GC freed 3(96B) AllocSpace objects, 0(0B) LOS objects, 23% free, 52MB/68MB, paused 456us total 21.640ms
08-04 13:42:34.853 13188 13450 I art     : Starting a blocking GC Explicit
08-04 13:42:34.882 13188 13450 I art     : Explicit concurrent mark sweep GC freed 1553(95KB) AllocSpace objects, 1(20KB) LOS objects, 23% free, 52MB/68MB, paused 518us total 28.203ms
08-04 13:42:34.893 13188 13450 I art     : Starting a blocking GC Explicit
08-04 13:42:34.915 13188 13450 I art     : Explicit concurrent mark sweep GC freed 28(1024B) AllocSpace objects, 0(0B) LOS objects, 23% free, 52MB/68MB, paused 468us total 21.890ms
08-04 13:42:34.924 13188 13450 I art     : Starting a blocking GC Explicit
08-04 13:42:34.947 13188 13450 I art     : Explicit concurrent mark sweep GC freed 3(96B) AllocSpace objects, 0(0B) LOS objects, 23% free, 52MB/68MB, paused 550us total 22.613ms
08-04 13:42:34.956 13188 13450 I art     : Starting a blocking GC Explicit
08-04 13:42:34.978 13188 13450 I art     : Explicit concurrent mark sweep GC freed 3(96B) AllocSpace objects, 0(0B) LOS objects, 23% free, 52MB/68MB, paused 488us total 22.443ms
08-04 13:42:34.987 13188 13450 I art     : Starting a blocking GC Explicit
08-04 13:42:35.009 13188 13450 I art     : Explicit concurrent mark sweep GC freed 3(96B) AllocSpace objects, 0(0B) LOS objects, 23% free, 52MB/68MB, paused 481us total 21.946ms
08-04 13:42:35.327 13188 13205 I art     : Starting a blocking GC Explicit
08-04 13:42:35.360 13188 13205 I art     : Explicit concurrent mark sweep GC freed 1553(95KB) AllocSpace objects, 1(20KB) LOS objects, 23% free, 52MB/68MB, paused 553us total 32.875ms
08-04 13:42:35.374 13188 13205 I art     : Starting a blocking GC Explicit
08-04 13:42:35.398 13188 13205 I art     : Explicit concurrent mark sweep GC freed 28(1024B) AllocSpace objects, 0(0B) LOS objects, 23% free, 52MB/68MB, paused 465us total 24.057ms
08-04 13:42:35.407 13188 13205 I art     : Starting a blocking GC Explicit
08-04 13:42:35.430 13188 13205 I art     : Explicit concurrent mark sweep GC freed 3(96B) AllocSpace objects, 0(0B) LOS objects, 23% free, 52MB/68MB, paused 471us total 22.195ms
08-04 13:42:35.439 13188 13205 I art     : Starting a blocking GC Explicit
08-04 13:42:35.461 13188 13205 I art     : Explicit concurrent mark sweep GC freed 3(96B) AllocSpace objects, 0(0B) LOS objects, 23% free, 52MB/68MB, paused 465us total 21.984ms
08-04 13:42:35.470 13188 13205 I art     : Starting a blocking GC Explicit
08-04 13:42:35.492 13188 13205 I art     : Explicit concurrent mark sweep GC freed 3(96B) AllocSpace objects, 0(0B) LOS objects, 23% free, 52MB/68MB, paused 475us total 21.934ms
08-04 13:42:35.819 13188 13204 I art     : Starting a blocking GC Explicit
08-04 13:42:35.840 13866 13882 I PeriodicStatsRunner: PeriodicStatsRunner.call():175 call()
08-04 13:42:35.840 13866 13882 I PeriodicStatsRunner: PeriodicStatsRunner.call():179 No submit PeriodicStats since input started.
08-04 13:42:35.847 13188 13204 I art     : Explicit concurrent mark sweep GC freed 1552(94KB) AllocSpace objects, 1(20KB) LOS objects, 23% free, 52MB/68MB, paused 512us total 27.588ms
08-04 13:42:35.859 13188 13204 I art     : Starting a blocking GC Explicit
08-04 13:42:35.881 13188 13204 I art     : Explicit concurrent mark sweep GC freed 28(1024B) AllocSpace objects, 0(0B) LOS objects, 23% free, 52MB/68MB, paused 492us total 22.424ms
08-04 13:42:35.890 13188 13204 I art     : Starting a blocking GC Explicit
08-04 13:42:35.912 13188 13204 I art     : Explicit concurrent mark sweep GC freed 3(96B) AllocSpace objects, 0(0B) LOS objects, 23% free, 52MB/68MB, paused 453us total 21.465ms
08-04 13:42:35.921 13188 13204 I art     : Starting a blocking GC Explicit
08-04 13:42:35.943 13188 13204 I art     : Explicit concurrent mark sweep GC freed 3(96B) AllocSpace objects, 0(0B) LOS objects, 23% free, 52MB/68MB, paused 453us total 21.662ms
08-04 13:42:35.951 13188 13204 I art     : Starting a blocking GC Explicit
08-04 13:42:35.974 13188 13204 I art     : Explicit concurrent mark sweep GC freed 3(96B) AllocSpace objects, 0(0B) LOS objects, 23% free, 52MB/68MB, paused 481us total 22.107ms
08-04 13:42:36.291 13188 13277 I art     : Starting a blocking GC Explicit
08-04 13:42:36.318 13188 13277 I art     : Explicit concurrent mark sweep GC freed 1548(90KB) AllocSpace objects, 1(20KB) LOS objects, 23% free, 52MB/68MB, paused 501us total 27.210ms
08-04 13:42:36.327 13188 13277 I art     : Starting a blocking GC Explicit
08-04 13:42:36.350 13188 13277 I art     : Explicit concurrent mark sweep GC freed 28(1024B) AllocSpace objects, 0(0B) LOS objects, 23% free, 52MB/68MB, paused 483us total 22.166ms
08-04 13:42:36.359 13188 13277 I art     : Starting a blocking GC Explicit
08-04 13:42:36.381 13188 13277 I art     : Explicit concurrent mark sweep GC freed 3(96B) AllocSpace objects, 0(0B) LOS objects, 23% free, 52MB/68MB, paused 468us total 22.310ms
08-04 13:42:36.390 13188 13277 I art     : Starting a blocking GC Explicit
08-04 13:42:36.412 13188 13277 I art     : Explicit concurrent mark sweep GC freed 3(96B) AllocSpace objects, 0(0B) LOS objects, 23% free, 52MB/68MB, paused 443us total 21.970ms
08-04 13:42:36.421 13188 13277 I art     : Starting a blocking GC Explicit
08-04 13:42:36.443 13188 13277 I art     : Explicit concurrent mark sweep GC freed 3(96B) AllocSpace objects, 0(0B) LOS objects, 23% free, 52MB/68MB, paused 460us total 21.509ms
08-04 13:42:36.739 13188 13450 I art     : Starting a blocking GC Explicit
08-04 13:42:36.761 13188 13450 I art     : Explicit concurrent mark sweep GC freed 1548(90KB) AllocSpace objects, 1(20KB) LOS objects, 23% free, 52MB/68MB, paused 484us total 22.363ms
08-04 13:42:36.770 13188 13450 I art     : Starting a blocking GC Explicit
08-04 13:42:36.792 13188 13450 I art     : Explicit concurrent mark sweep GC freed 28(1024B) AllocSpace objects, 0(0B) LOS objects, 23% free, 52MB/68MB, paused 480us total 21.808ms
08-04 13:42:36.801 13188 13450 I art     : Starting a blocking GC Explicit
08-04 13:42:36.822 13188 13450 I art     : Explicit concurrent mark sweep GC freed 3(96B) AllocSpace objects, 0(0B) LOS objects, 23% free, 52MB/68MB, paused 541us total 21.259ms
08-04 13:42:36.831 13188 13450 I art     : Starting a blocking GC Explicit
08-04 13:42:36.851 13188 13450 I art     : Explicit concurrent mark sweep GC freed 3(96B) AllocSpace objects, 0(0B) LOS objects, 23% free, 52MB/68MB, paused 462us total 20.629ms
08-04 13:42:36.860 13188 13450 I art     : Starting a blocking GC Explicit
08-04 13:42:36.881 13188 13450 I art     : Explicit concurrent mark sweep GC freed 3(96B) AllocSpace objects, 0(0B) LOS objects, 23% free, 52MB/68MB, paused 480us total 20.753ms
08-04 13:42:37.054 14623 14623 D AndroidRuntime: >>>>>> START com.android.internal.os.RuntimeInit uid 2000 <<<<<<
08-04 13:42:37.060 14623 14623 D AndroidRuntime: CheckJNI is OFF
08-04 13:42:37.085   518   646 I ThermalEngine: ACTION: GPU - Setting GPU[0] to 600000000
08-04 13:42:37.093 14623 14623 D ICU     : No timezone override file found: /data/misc/zoneinfo/current/icu/icu_tzdata.dat
08-04 13:42:37.125 14623 14623 I Radio-JNI: register_android_hardware_Radio DONE
08-04 13:42:37.145 14623 14623 D AndroidRuntime: Calling main entry com.android.commands.input.Input
08-04 13:42:37.146 14623 14623 I Input   : injectKeyEvent: KeyEvent { action=ACTION_DOWN, keyCode=KEYCODE_BACK, scanCode=0, metaState=0, flags=0x0, repeatCount=0, eventTime=711773559, downTime=711773559, deviceId=-1, source=0x101 }
08-04 13:42:37.151 14623 14623 I Input   : injectKeyEvent: KeyEvent { action=ACTION_UP, keyCode=KEYCODE_BACK, scanCode=0, metaState=0, flags=0x0, repeatCount=0, eventTime=711773559, downTime=711773559, deviceId=-1, source=0x101 }
08-04 13:42:37.155 13188 13188 D NappaLifecycleObserver: nappagreedy.appteam.nith.hillffair.activities.ClubActivity - onPause
08-04 13:42:37.155 14623 14623 D AndroidRuntime: Shutting down VM
08-04 13:42:37.155 13188 13188 D Nappa   : Stayed on nappagreedy.appteam.nith.hillffair.activities.ClubActivity for 4581 ms
08-04 13:42:37.158 13188 13450 I art     : Starting a blocking GC Explicit
08-04 13:42:37.160 13188 13188 D NappaLifecycleObserver: nappagreedy.appteam.nith.hillffair.activities.BattleDayActivity - onResume
08-04 13:42:37.160 13188 13188 D Nappa   : setCurrentActivity - MetricStrategyAccuracy - 
08-04 13:42:37.160 13188 13188 D Nappa   : madePredictionFromActivity = true, 
08-04 13:42:37.160 13188 13188 D Nappa   : fromActivity = nappagreedy.appteam.nith.hillffair.activities.ClubActivity, 
08-04 13:42:37.160 13188 13188 D Nappa   : predictedNextActivityFromActivity = [], 
08-04 13:42:37.160 13188 13188 D Nappa   : activity.getClass().getCanonicalName() = nappagreedy.appteam.nith.hillffair.activities.BattleDayActivity, 
08-04 13:42:37.161 13188 13188 D Nappa   : setCurrentActivity - MetricStrategyAccuracy - 
08-04 13:42:37.161 13188 13188 D Nappa   : madePredictionFromExtra = false, 
08-04 13:42:37.161 13188 13188 D Nappa   : fromActivity = nappagreedy.appteam.nith.hillffair.activities.ClubActivity, 
08-04 13:42:37.161 13188 13188 D Nappa   : predictedNextActivityFromExtra = [], 
08-04 13:42:37.161 13188 13188 D Nappa   : activity.getClass().getCanonicalName() = nappagreedy.appteam.nith.hillffair.activities.BattleDayActivity, 
08-04 13:42:37.161 13188 13188 D Nappa   : PREFETCH_ON_EXTRA - setCurrentActivity - logs - from activity - made prediction istrue
08-04 13:42:37.161 13188 13188 D Nappa   : PREFETCH_ON_EXTRA - setCurrentActivity - logs - from activity - start
08-04 13:42:37.161 13188 13188 I NAPPA_EXPERIMENTATION: MetricStrategyAccuracy: LOG_ID='12',EXECUTION_COUNT='12',CASES_COUNT='12',HIT_PERCENTAGE_TOTAL='50.0',HIT_PERCENTAGE_WHEN_PREDICTED='100.0',HIT_COUNT='6',MISS_COUNT='0',INSUFFICIENT_SCORE_COUNT='1',EXCEPTION_COUNT='0',NO_SUCCESSOR_COUNT='5',
08-04 13:42:37.161 13188 13188 D Nappa   : PREFETCH_ON_EXTRA - setCurrentActivity - logs - from activity- finished
08-04 13:42:37.176 13188 13450 I art     : Explicit concurrent mark sweep GC freed 1851(114KB) AllocSpace objects, 1(20KB) LOS objects, 23% free, 52MB/68MB, paused 428us total 17.704ms
08-04 13:42:37.183 13188 13450 I art     : Starting a blocking GC Explicit
08-04 13:42:37.198 13188 13450 I art     : Explicit concurrent mark sweep GC freed 46(1696B) AllocSpace objects, 0(0B) LOS objects, 23% free, 52MB/68MB, paused 364us total 15.290ms
08-04 13:42:37.205 13188 13450 I art     : Starting a blocking GC Explicit
08-04 13:42:37.221 13188 13450 I art     : Explicit concurrent mark sweep GC freed 3(96B) AllocSpace objects, 0(0B) LOS objects, 23% free, 52MB/68MB, paused 364us total 16.243ms
08-04 13:42:37.228 13188 13450 I art     : Starting a blocking GC Explicit
08-04 13:42:37.246 13188 13450 I art     : Explicit concurrent mark sweep GC freed 3(96B) AllocSpace objects, 0(0B) LOS objects, 23% free, 52MB/68MB, paused 399us total 17.469ms
08-04 13:42:37.253 13188 13450 I art     : Starting a blocking GC Explicit
08-04 13:42:37.261 13188 13188 D Nappa   : registerActivity: (already in) nappagreedy.appteam.nith.hillffair.activities.BattleDayActivity
08-04 13:42:37.261 13188 13188 D ActivityGraph: LARDataCalculatedUpdate nappagreedy.appteam.nith.hillffair.activities.BattleDayActivity Pagerank: 0.25 HITS-Authority: 1.0 HITS-Hub: 1.0 SALSA-Authority: 1.0 SALSA-Hub: 1.0
08-04 13:42:37.261 13188 13188 D Nappa   : SHOULD_PREFETCH false
08-04 13:42:37.261 13188 13188 D Nappa   : STATS Number of requests not prefetched: 4
08-04 13:42:37.261 13188 13188 D Nappa   : STATS Number of requests prefetched: 2
08-04 13:42:37.261 13188 13188 D Nappa   : STATS Time saved until now: 0.060999997
08-04 13:42:37.270 13188 13450 I art     : Explicit concurrent mark sweep GC freed 178(7KB) AllocSpace objects, 0(0B) LOS objects, 23% free, 52MB/68MB, paused 479us total 17.234ms
08-04 13:42:37.287 13188 13188 D ActivityNode: Observer - visit time - ClubActivity - New aggregate visit time found is 258968 ms
08-04 13:42:37.289 13866 13866 I GoogleInputMethodServic: GoogleInputMethodService.onFinishInput():3138 
08-04 13:42:37.289 13866 13866 I GoogleInputMethodServic: GoogleInputMethodService.onStartInput():1808 
08-04 13:42:37.510 13188 13204 I art     : Starting a blocking GC Explicit
08-04 13:42:37.526 13188 13204 I art     : Explicit concurrent mark sweep GC freed 1717(98KB) AllocSpace objects, 1(20KB) LOS objects, 23% free, 52MB/68MB, paused 364us total 15.798ms
08-04 13:42:37.532 13188 13204 I art     : Starting a blocking GC Explicit
08-04 13:42:37.547 13188 13204 I art     : Explicit concurrent mark sweep GC freed 110(4KB) AllocSpace objects, 0(0B) LOS objects, 23% free, 52MB/68MB, paused 322us total 14.817ms
08-04 13:42:37.554 13188 13204 I art     : Starting a blocking GC Explicit
08-04 13:42:37.561 13188 13225 D Nappa   : PREFETCH_ON_EXTRA - setCurrentActivity - logs - from extra - made prediction isfalse
08-04 13:42:37.569 13188 13204 I art     : Explicit concurrent mark sweep GC freed 18(1216B) AllocSpace objects, 0(0B) LOS objects, 23% free, 52MB/68MB, paused 348us total 14.979ms
08-04 13:42:37.575 13188 13204 I art     : Starting a blocking GC Explicit
08-04 13:42:37.587   380   380 W SurfaceFlinger: couldn't log to binary event log: overflow.
08-04 13:42:37.587 13188 13188 D NappaLifecycleObserver: nappagreedy.appteam.nith.hillffair.activities.ClubActivity - onDestroy
08-04 13:42:37.587 13188 13188 D NappaLifecycleObserver: -------------F1_SCORE #17 -----------
08-04 13:42:37.587 13188 13188 D NappaLifecycleObserver: F1_SCORE - Intercept list (3)= [https://api-hillfair-2k16.herokuapp.com/api/app/events/special, https://api-hillfair-2k16.herokuapp.com/api/app/events/special/event?id=58065620dcba0f490c70fe09, https://api-hillfair-2k16.herokuapp.com/api/app/events/special/event?id=5806551bdcba0f490c70fd1f]
08-04 13:42:37.588 13188 13188 D NappaLifecycleObserver: F1_SCORE - Prefetch list (3)= [https://api-hillfair-2k16.herokuapp.com/api/app/events/special/event?id=5806551bdcba0f490c70fd1f, https://api-hillfair-2k16.herokuapp.com/api/app/events/special/event?id=580655cddcba0f490c70fdd0, https://api-hillfair-2k16.herokuapp.com/api/app/events/special/event?id=58065620dcba0f490c70fe09]
08-04 13:42:37.588 13188 13188 D NappaLifecycleObserver: F1_SCORE - TP list (2)= [https://api-hillfair-2k16.herokuapp.com/api/app/events/special/event?id=58065620dcba0f490c70fe09, https://api-hillfair-2k16.herokuapp.com/api/app/events/special/event?id=5806551bdcba0f490c70fd1f]
08-04 13:42:37.588 13188 13188 D NappaLifecycleObserver: F1_SCORE - FN list (1)= [https://api-hillfair-2k16.herokuapp.com/api/app/events/special]
08-04 13:42:37.588 13188 13188 I NAPPA_EXPERIMENTATION: MetricPrefetchingAccuracy: LOG_ID='18',F1_SCORE_1='0.6666666666666666',F1_SCORE_2='0.6666666666666666',TRUE_POSITIVE='2',FALSE_POSITIVE='1',FALSE_NEGATIVE='1',
08-04 13:42:37.590 13188 13204 I art     : Explicit concurrent mark sweep GC freed 229(27KB) AllocSpace objects, 0(0B) LOS objects, 23% free, 52MB/68MB, paused 356us total 14.772ms
08-04 13:42:37.596 13188 13204 I art     : Starting a blocking GC Explicit
08-04 13:42:37.611 13188 13204 I art     : Explicit concurrent mark sweep GC freed 26(1232B) AllocSpace objects, 0(0B) LOS objects, 23% free, 52MB/68MB, paused 324us total 14.816ms
08-04 13:42:37.645 13866 13882 I PeriodicStatsRunner: PeriodicStatsRunner.call():175 call()
08-04 13:42:37.645 13866 13882 I PeriodicStatsRunner: PeriodicStatsRunner.call():179 No submit PeriodicStats since input started.
08-04 13:42:37.886 13188 13450 I art     : Starting a blocking GC Explicit
08-04 13:42:37.905 13188 13450 I art     : Explicit concurrent mark sweep GC freed 3111(193KB) AllocSpace objects, 3(308KB) LOS objects, 23% free, 52MB/68MB, paused 371us total 19.212ms
08-04 13:42:37.913 13188 13450 I art     : Starting a blocking GC Explicit
08-04 13:42:37.929 13188 13450 I art     : Explicit concurrent mark sweep GC freed 28(1024B) AllocSpace objects, 0(0B) LOS objects, 23% free, 52MB/68MB, paused 378us total 16.513ms
08-04 13:42:37.936 13188 13450 I art     : Starting a blocking GC Explicit
08-04 13:42:37.953 13188 13450 I art     : Explicit concurrent mark sweep GC freed 3(96B) AllocSpace objects, 0(0B) LOS objects, 23% free, 52MB/68MB, paused 354us total 17.055ms
08-04 13:42:37.960 13188 13450 I art     : Starting a blocking GC Explicit
08-04 13:42:37.976 13188 13450 I art     : Explicit concurrent mark sweep GC freed 3(96B) AllocSpace objects, 0(0B) LOS objects, 23% free, 52MB/68MB, paused 346us total 16.553ms
08-04 13:42:37.983 13188 13450 I art     : Starting a blocking GC Explicit
08-04 13:42:38.000 13188 13450 I art     : Explicit concurrent mark sweep GC freed 3(96B) AllocSpace objects, 0(0B) LOS objects, 23% free, 52MB/68MB, paused 352us total 16.518ms
08-04 13:42:38.273 13188 13277 I art     : Starting a blocking GC Explicit
08-04 13:42:38.297 13188 13277 I art     : Explicit concurrent mark sweep GC freed 1545(90KB) AllocSpace objects, 1(20KB) LOS objects, 23% free, 52MB/68MB, paused 580us total 24.077ms
08-04 13:42:38.307 13188 13277 I art     : Starting a blocking GC Explicit
08-04 13:42:38.324 13188 13277 I art     : Explicit concurrent mark sweep GC freed 28(1024B) AllocSpace objects, 0(0B) LOS objects, 23% free, 52MB/68MB, paused 355us total 17.118ms
08-04 13:42:38.331 13188 13277 I art     : Starting a blocking GC Explicit
08-04 13:42:38.349 13188 13277 I art     : Explicit concurrent mark sweep GC freed 3(96B) AllocSpace objects, 0(0B) LOS objects, 23% free, 52MB/68MB, paused 341us total 17.274ms
08-04 13:42:38.356 13188 13277 I art     : Starting a blocking GC Explicit
08-04 13:42:38.373 13188 13277 I art     : Explicit concurrent mark sweep GC freed 3(96B) AllocSpace objects, 0(0B) LOS objects, 23% free, 52MB/68MB, paused 367us total 16.907ms
08-04 13:42:38.380 13188 13277 I art     : Starting a blocking GC Explicit
08-04 13:42:38.396 13188 13277 I art     : Explicit concurrent mark sweep GC freed 3(96B) AllocSpace objects, 0(0B) LOS objects, 23% free, 52MB/68MB, paused 318us total 16.219ms
08-04 13:42:38.656 13188 13205 I art     : Starting a blocking GC Explicit
08-04 13:42:38.673 13188 13205 I art     : Explicit concurrent mark sweep GC freed 1546(91KB) AllocSpace objects, 1(20KB) LOS objects, 23% free, 52MB/68MB, paused 368us total 17.283ms
08-04 13:42:38.680 13188 13205 I art     : Starting a blocking GC Explicit
08-04 13:42:38.697 13188 13205 I art     : Explicit concurrent mark sweep GC freed 28(1024B) AllocSpace objects, 0(0B) LOS objects, 23% free, 52MB/68MB, paused 370us total 16.762ms
08-04 13:42:38.704 13188 13205 I art     : Starting a blocking GC Explicit
08-04 13:42:38.709 14684 14684 D AndroidRuntime: >>>>>> START com.android.internal.os.RuntimeInit uid 2000 <<<<<<
08-04 13:42:38.713 14684 14684 D AndroidRuntime: CheckJNI is OFF
08-04 13:42:38.721 13188 13205 I art     : Explicit concurrent mark sweep GC freed 3(96B) AllocSpace objects, 0(0B) LOS objects, 23% free, 52MB/68MB, paused 361us total 16.597ms
08-04 13:42:38.728 13188 13205 I art     : Starting a blocking GC Explicit
08-04 13:42:38.740 14684 14684 D ICU     : No timezone override file found: /data/misc/zoneinfo/current/icu/icu_tzdata.dat
08-04 13:42:38.742 13188 13205 I art     : Explicit concurrent mark sweep GC freed 3(96B) AllocSpace objects, 0(0B) LOS objects, 23% free, 52MB/68MB, paused 348us total 14.567ms
08-04 13:42:38.748 13188 13205 I art     : Starting a blocking GC Explicit
08-04 13:42:38.763 13188 13205 I art     : Explicit concurrent mark sweep GC freed 3(96B) AllocSpace objects, 0(0B) LOS objects, 23% free, 52MB/68MB, paused 361us total 14.575ms
08-04 13:42:38.764 14684 14684 I Radio-JNI: register_android_hardware_Radio DONE
08-04 13:42:38.780 14684 14684 D AndroidRuntime: Calling main entry com.android.commands.input.Input
08-04 13:42:38.781 14684 14684 I Input   : injectKeyEvent: KeyEvent { action=ACTION_DOWN, keyCode=KEYCODE_BACK, scanCode=0, metaState=0, flags=0x0, repeatCount=0, eventTime=711775194, downTime=711775194, deviceId=-1, source=0x101 }
08-04 13:42:38.787 14684 14684 I Input   : injectKeyEvent: KeyEvent { action=ACTION_UP, keyCode=KEYCODE_BACK, scanCode=0, metaState=0, flags=0x0, repeatCount=0, eventTime=711775194, downTime=711775194, deviceId=-1, source=0x101 }
08-04 13:42:38.792 13188 13188 D NappaLifecycleObserver: nappagreedy.appteam.nith.hillffair.activities.BattleDayActivity - onPause
08-04 13:42:38.792 14684 14684 D AndroidRuntime: Shutting down VM
08-04 13:42:38.792 13188 13188 D Nappa   : Stayed on nappagreedy.appteam.nith.hillffair.activities.BattleDayActivity for 1531 ms
08-04 13:42:38.796 13188 13188 D NappaLifecycleObserver: nappagreedy.appteam.nith.hillffair.activities.HomeActivity - onResume
08-04 13:42:38.796 13188 13188 D Nappa   : setCurrentActivity - MetricStrategyAccuracy - 
08-04 13:42:38.796 13188 13188 D Nappa   : madePredictionFromActivity = false, 
08-04 13:42:38.796 13188 13188 D Nappa   : fromActivity = nappagreedy.appteam.nith.hillffair.activities.BattleDayActivity, 
08-04 13:42:38.796 13188 13188 D Nappa   : predictedNextActivityFromActivity = [], 
08-04 13:42:38.796 13188 13188 D Nappa   : activity.getClass().getCanonicalName() = nappagreedy.appteam.nith.hillffair.activities.HomeActivity, 
08-04 13:42:38.796 13188 13188 D Nappa   : setCurrentActivity - MetricStrategyAccuracy - 
08-04 13:42:38.796 13188 13188 D Nappa   : madePredictionFromExtra = false, 
08-04 13:42:38.796 13188 13188 D Nappa   : fromActivity = nappagreedy.appteam.nith.hillffair.activities.BattleDayActivity, 
08-04 13:42:38.796 13188 13188 D Nappa   : predictedNextActivityFromExtra = [], 
08-04 13:42:38.796 13188 13188 D Nappa   : activity.getClass().getCanonicalName() = nappagreedy.appteam.nith.hillffair.activities.HomeActivity, 
08-04 13:42:38.796 13188 13188 D Nappa   : PREFETCH_ON_EXTRA - setCurrentActivity - logs - from activity - made prediction isfalse
08-04 13:42:38.896 13188 13188 D Nappa   : registerActivity: (already in) nappagreedy.appteam.nith.hillffair.activities.HomeActivity
08-04 13:42:38.896 13188 13188 D ActivityGraph: LARDataCalculatedUpdate nappagreedy.appteam.nith.hillffair.activities.HomeActivity Pagerank: 0.25 HITS-Authority: 1.0 HITS-Hub: 1.0 SALSA-Authority: 1.0 SALSA-Hub: 1.0
08-04 13:42:38.896 13188 13188 D Nappa   : SHOULD_PREFETCH false
08-04 13:42:38.896 13188 13188 D Nappa   : STATS Number of requests not prefetched: 4
08-04 13:42:38.896 13188 13188 D Nappa   : STATS Number of requests prefetched: 2
08-04 13:42:38.896 13188 13188 D Nappa   : STATS Time saved until now: 0.060999997
08-04 13:42:38.924 13188 13188 D ActivityNode: Observer - visit time - BattleDayActivity - New aggregate visit time found is 105371 ms
08-04 13:42:38.926 13866 13866 I GoogleInputMethodServic: GoogleInputMethodService.onFinishInput():3138 
08-04 13:42:38.927 13866 13866 I GoogleInputMethodServic: GoogleInputMethodService.onStartInput():1808 
08-04 13:42:38.987 13188 13204 I art     : Starting a blocking GC Explicit
08-04 13:42:39.002 13188 13204 I art     : Explicit concurrent mark sweep GC freed 2061(126KB) AllocSpace objects, 1(20KB) LOS objects, 23% free, 52MB/68MB, paused 370us total 14.854ms
08-04 13:42:39.008 13188 13204 I art     : Starting a blocking GC Explicit
08-04 13:42:39.024 13188 13204 I art     : Explicit concurrent mark sweep GC freed 198(7KB) AllocSpace objects, 0(0B) LOS objects, 23% free, 52MB/68MB, paused 328us total 14.947ms
08-04 13:42:39.032 13188 13204 I art     : Starting a blocking GC Explicit
08-04 13:42:39.048 13188 13204 I art     : Explicit concurrent mark sweep GC freed 3(96B) AllocSpace objects, 0(0B) LOS objects, 23% free, 52MB/68MB, paused 341us total 16.622ms
08-04 13:42:39.055 13188 13204 I art     : Starting a blocking GC Explicit
08-04 13:42:39.071 13188 13204 I art     : Explicit concurrent mark sweep GC freed 3(96B) AllocSpace objects, 0(0B) LOS objects, 23% free, 52MB/68MB, paused 353us total 15.937ms
08-04 13:42:39.078 13188 13204 I art     : Starting a blocking GC Explicit
08-04 13:42:39.095 13188 13204 I art     : Explicit concurrent mark sweep GC freed 3(96B) AllocSpace objects, 0(0B) LOS objects, 23% free, 52MB/68MB, paused 372us total 16.576ms
08-04 13:42:39.196 13188 13225 D Nappa   : PREFETCH_ON_EXTRA - setCurrentActivity - logs - from extra - made prediction isfalse
08-04 13:42:39.223 13188 13188 D NappaLifecycleObserver: nappagreedy.appteam.nith.hillffair.activities.BattleDayActivity - onDestroy
08-04 13:42:39.223 13188 13188 D NappaLifecycleObserver: -------------F1_SCORE #18 -----------
08-04 13:42:39.223 13188 13188 D NappaLifecycleObserver: F1_SCORE - Intercept list (3)= [https://api-hillfair-2k16.herokuapp.com/api/app/events/special, https://api-hillfair-2k16.herokuapp.com/api/app/events/special/event?id=58065620dcba0f490c70fe09, https://api-hillfair-2k16.herokuapp.com/api/app/events/special/event?id=5806551bdcba0f490c70fd1f]
08-04 13:42:39.223 13188 13188 D NappaLifecycleObserver: F1_SCORE - Prefetch list (3)= [https://api-hillfair-2k16.herokuapp.com/api/app/events/special/event?id=5806551bdcba0f490c70fd1f, https://api-hillfair-2k16.herokuapp.com/api/app/events/special/event?id=580655cddcba0f490c70fdd0, https://api-hillfair-2k16.herokuapp.com/api/app/events/special/event?id=58065620dcba0f490c70fe09]
08-04 13:42:39.223 13188 13188 D NappaLifecycleObserver: F1_SCORE - TP list (2)= [https://api-hillfair-2k16.herokuapp.com/api/app/events/special/event?id=58065620dcba0f490c70fe09, https://api-hillfair-2k16.herokuapp.com/api/app/events/special/event?id=5806551bdcba0f490c70fd1f]
08-04 13:42:39.224 13188 13188 D NappaLifecycleObserver: F1_SCORE - FN list (1)= [https://api-hillfair-2k16.herokuapp.com/api/app/events/special]
08-04 13:42:39.224 13188 13188 I NAPPA_EXPERIMENTATION: MetricPrefetchingAccuracy: LOG_ID='19',F1_SCORE_1='0.6666666666666666',F1_SCORE_2='0.6666666666666666',TRUE_POSITIVE='2',FALSE_POSITIVE='1',FALSE_NEGATIVE='1',
08-04 13:42:39.340 13188 13277 I art     : Starting a blocking GC Explicit
08-04 13:42:39.360 13188 13277 I art     : Explicit concurrent mark sweep GC freed 2756(163KB) AllocSpace objects, 1(20KB) LOS objects, 23% free, 52MB/68MB, paused 365us total 19.182ms
08-04 13:42:39.369 13188 13277 I art     : Starting a blocking GC Explicit
08-04 13:42:39.384 13188 13277 I art     : Explicit concurrent mark sweep GC freed 2126(128KB) AllocSpace objects, 2(140KB) LOS objects, 23% free, 52MB/68MB, paused 347us total 14.706ms
08-04 13:42:39.390 13188 13277 I art     : Starting a blocking GC Explicit
08-04 13:42:39.404 13188 13277 I art     : Explicit concurrent mark sweep GC freed 3(96B) AllocSpace objects, 0(0B) LOS objects, 23% free, 52MB/68MB, paused 323us total 13.910ms
08-04 13:42:39.410 13188 13277 I art     : Starting a blocking GC Explicit
08-04 13:42:39.426 13188 13277 I art     : Explicit concurrent mark sweep GC freed 3(96B) AllocSpace objects, 0(0B) LOS objects, 23% free, 52MB/68MB, paused 347us total 15.642ms
08-04 13:42:39.433 13188 13277 I art     : Starting a blocking GC Explicit
08-04 13:42:39.449 13188 13277 I art     : Explicit concurrent mark sweep GC freed 3(96B) AllocSpace objects, 0(0B) LOS objects, 23% free, 52MB/68MB, paused 352us total 15.879ms
08-04 13:42:39.740 13188 13450 I art     : Starting a blocking GC Explicit
08-04 13:42:39.762 13188 13450 I art     : Explicit concurrent mark sweep GC freed 3743(185KB) AllocSpace objects, 1(20KB) LOS objects, 23% free, 52MB/68MB, paused 452us total 22.399ms
08-04 13:42:39.772 13188 14729 W OneSignal: OneSignalRestClient: POST Error thrown from network stack. 
08-04 13:42:39.772 13188 14729 W OneSignal: java.io.IOException: unexpected end of stream on Connection{api.onesignal.com:443, proxy=HTTP@192.168.2.12:8080 hostAddress=192.168.2.12 cipherSuite=TLS_ECDHE_RSA_WITH_AES_128_GCM_SHA256 protocol=http/1.1} (recycle count=0)
08-04 13:42:39.772 13188 14729 W OneSignal: 	at com.android.okhttp.internal.http.HttpConnection.readResponse(HttpConnection.java:210)
08-04 13:42:39.772 13188 14729 W OneSignal: 	at com.android.okhttp.internal.http.HttpTransport.readResponseHeaders(HttpTransport.java:80)
08-04 13:42:39.772 13188 14729 W OneSignal: 	at com.android.okhttp.internal.http.HttpEngine.readNetworkResponse(HttpEngine.java:904)
08-04 13:42:39.772 13188 14729 W OneSignal: 	at com.android.okhttp.internal.http.HttpEngine.readResponse(HttpEngine.java:788)
08-04 13:42:39.772 13188 14729 W OneSignal: 	at com.android.okhttp.internal.huc.HttpURLConnectionImpl.execute(HttpURLConnectionImpl.java:439)
08-04 13:42:39.772 13188 14729 W OneSignal: 	at com.android.okhttp.internal.huc.HttpURLConnectionImpl.getResponse(HttpURLConnectionImpl.java:384)
08-04 13:42:39.772 13188 14729 W OneSignal: 	at com.android.okhttp.internal.huc.HttpURLConnectionImpl.getResponseCode(HttpURLConnectionImpl.java:497)
08-04 13:42:39.772 13188 14729 W OneSignal: 	at com.android.okhttp.internal.huc.DelegatingHttpsURLConnection.getResponseCode(DelegatingHttpsURLConnection.java:105)
08-04 13:42:39.772 13188 14729 W OneSignal: 	at com.android.okhttp.internal.huc.HttpsURLConnectionImpl.getResponseCode(HttpsURLConnectionImpl.java)
08-04 13:42:39.772 13188 14729 W OneSignal: 	at com.onesignal.OneSignalRestClient.startHTTPConnection(OneSignalRestClient.java:180)
08-04 13:42:39.772 13188 14729 W OneSignal: 	at com.onesignal.OneSignalRestClient.access$100(OneSignalRestClient.java:44)
08-04 13:42:39.772 13188 14729 W OneSignal: 	at com.onesignal.OneSignalRestClient$4.run(OneSignalRestClient.java:110)
08-04 13:42:39.772 13188 14729 W OneSignal: 	at java.lang.Thread.run(Thread.java:818)
08-04 13:42:39.772 13188 14729 W OneSignal: Caused by: java.io.EOFException: \n not found: size=0 content=...
08-04 13:42:39.772 13188 14729 W OneSignal: 	at com.android.okhttp.okio.RealBufferedSource.readUtf8LineStrict(RealBufferedSource.java:200)
08-04 13:42:39.772 13188 14729 W OneSignal: 	at com.android.okhttp.internal.http.HttpConnection.readResponse(HttpConnection.java:191)
08-04 13:42:39.772 13188 14729 W OneSignal: 	... 12 more
08-04 13:42:39.774 13188 14738 W OneSignal: Failed last request. statusCode: -1
08-04 13:42:39.774 13188 14738 W OneSignal: response: null
08-04 13:42:39.775 13188 13450 I art     : Starting a blocking GC Explicit
08-04 13:42:39.792 13188 13450 I art     : Explicit concurrent mark sweep GC freed 492(76KB) AllocSpace objects, 0(0B) LOS objects, 23% free, 52MB/68MB, paused 360us total 16.550ms
08-04 13:42:39.799 13188 13450 I art     : Starting a blocking GC Explicit
08-04 13:42:39.815 13188 13450 I art     : Explicit concurrent mark sweep GC freed 7(288B) AllocSpace objects, 0(0B) LOS objects, 23% free, 52MB/68MB, paused 380us total 15.977ms
08-04 13:42:39.822 13188 13450 I art     : Starting a blocking GC Explicit
08-04 13:42:39.838 13188 13450 I art     : Explicit concurrent mark sweep GC freed 3(96B) AllocSpace objects, 0(0B) LOS objects, 23% free, 52MB/68MB, paused 364us total 15.829ms
08-04 13:42:39.844 13188 13450 I art     : Starting a blocking GC Explicit
08-04 13:42:39.860 13188 13450 I art     : Explicit concurrent mark sweep GC freed 3(96B) AllocSpace objects, 0(0B) LOS objects, 23% free, 52MB/68MB, paused 347us total 15.676ms
08-04 13:42:40.092   518   646 I ThermalEngine: ACTION: GPU - Setting GPU[0] to 510000000
08-04 13:42:40.131 13188 13205 I art     : Starting a blocking GC Explicit
08-04 13:42:40.152 13188 13205 I art     : Explicit concurrent mark sweep GC freed 1543(89KB) AllocSpace objects, 1(20KB) LOS objects, 23% free, 52MB/68MB, paused 488us total 20.636ms
08-04 13:42:40.160 13188 13205 I art     : Starting a blocking GC Explicit
08-04 13:42:40.180 13188 13205 I art     : Explicit concurrent mark sweep GC freed 28(1024B) AllocSpace objects, 0(0B) LOS objects, 23% free, 52MB/68MB, paused 474us total 19.287ms
08-04 13:42:40.188 13188 13205 I art     : Starting a blocking GC Explicit
08-04 13:42:40.207 13188 13205 I art     : Explicit concurrent mark sweep GC freed 3(96B) AllocSpace objects, 0(0B) LOS objects, 23% free, 52MB/68MB, paused 512us total 19.055ms
08-04 13:42:40.215 13188 13205 I art     : Starting a blocking GC Explicit
08-04 13:42:40.235 13188 13205 I art     : Explicit concurrent mark sweep GC freed 3(96B) AllocSpace objects, 0(0B) LOS objects, 23% free, 52MB/68MB, paused 487us total 19.139ms
08-04 13:42:40.243 13188 13205 I art     : Starting a blocking GC Explicit
08-04 13:42:40.262 13188 13205 I art     : Explicit concurrent mark sweep GC freed 3(96B) AllocSpace objects, 0(0B) LOS objects, 23% free, 52MB/68MB, paused 521us total 18.913ms
08-04 13:42:40.447 14741 14741 D AndroidRuntime: >>>>>> START com.android.internal.os.RuntimeInit uid 2000 <<<<<<
08-04 13:42:40.452 14741 14741 D AndroidRuntime: CheckJNI is OFF
08-04 13:42:40.486 14741 14741 D ICU     : No timezone override file found: /data/misc/zoneinfo/current/icu/icu_tzdata.dat
08-04 13:42:40.519 14741 14741 I Radio-JNI: register_android_hardware_Radio DONE
08-04 13:42:40.529 13188 13204 I art     : Starting a blocking GC Explicit
08-04 13:42:40.541 14741 14741 D AndroidRuntime: Calling main entry com.android.commands.input.Input
08-04 13:42:40.544 14741 14741 I Input   : injectMotionEvent: MotionEvent { action=ACTION_DOWN, actionButton=0, id[0]=0, x[0]=337.0, y[0]=1104.0, toolType[0]=TOOL_TYPE_UNKNOWN, buttonState=0, metaState=0, flags=0x0, edgeFlags=0x0, pointerCount=1, historySize=0, eventTime=711776956, downTime=711776956, deviceId=0, source=0x1002 }
08-04 13:42:40.549 14741 14741 I Input   : injectMotionEvent: MotionEvent { action=ACTION_UP, actionButton=0, id[0]=0, x[0]=337.0, y[0]=1104.0, toolType[0]=TOOL_TYPE_UNKNOWN, buttonState=0, metaState=0, flags=0x0, edgeFlags=0x0, pointerCount=1, historySize=0, eventTime=711776956, downTime=711776956, deviceId=0, source=0x1002 }
08-04 13:42:40.550 13188 13188 D NappaIntentExtras: ==================
08-04 13:42:40.550 13188 13204 I art     : Explicit concurrent mark sweep GC freed 1544(90KB) AllocSpace objects, 1(20KB) LOS objects, 23% free, 52MB/68MB, paused 463us total 20.795ms
08-04 13:42:40.550 13188 13188 D NappaIntentExtras: Log #9
08-04 13:42:40.550 13188 13188 D NappaIntentExtras: ------------------
08-04 13:42:40.550 13188 13188 D NappaIntentExtras: activity nappagreedy.appteam.nith.hillffair.activities.QuizActivity
08-04 13:42:40.550 13188 13188 D NappaIntentExtras: 	- No extras registered
08-04 13:42:40.551 13188 13188 D NappaIntentExtras: activity nappagreedy.appteam.nith.hillffair.activities.HomeActivity
08-04 13:42:40.551 13188 13188 D NappaIntentExtras: 	- No extras registered
08-04 13:42:40.551 13188 13188 D NappaIntentExtras: activity nappagreedy.appteam.nith.hillffair.activities.ClubActivity
08-04 13:42:40.551 13188 13188 D NappaIntentExtras: 	- No extras registered
08-04 13:42:40.551 13188 13188 D NappaIntentExtras: activity nappagreedy.appteam.nith.hillffair.activities.LeaderBoardActivity
08-04 13:42:40.551 13188 13188 D NappaIntentExtras: 	- No extras registered
08-04 13:42:40.551 13188 13188 D NappaIntentExtras: activity nappagreedy.appteam.nith.hillffair.activities.InformationActivity
08-04 13:42:40.551 13188 13188 D NappaIntentExtras: 	- No extras registered
08-04 13:42:40.551 13188 13188 D NappaIntentExtras: activity nappagreedy.appteam.nith.hillffair.activities.BattleDayActivity
08-04 13:42:40.551 13188 13188 D NappaIntentExtras: 	- 3 extras registered
08-04 13:42:40.551 13188 13188 D NappaIntentExtras: 	- name : Music
08-04 13:42:40.551 13188 13188 D NappaIntentExtras: 	- id : 5806551bdcba0f490c70fd1f
08-04 13:42:40.551 13188 13188 D NappaIntentExtras: 	- battleday : true
08-04 13:42:40.551 13188 13188 D NappaIntentExtras: activity nappagreedy.appteam.nith.hillffair.activities.EventActivity
08-04 13:42:40.551 13188 13188 D NappaIntentExtras: 	- No extras registered
08-04 13:42:40.551 13188 13188 D NappaIntentExtras: activity nappagreedy.appteam.nith.hillffair.activities.SplashActivity
08-04 13:42:40.551 13188 13188 D NappaIntentExtras: 	- No extras registered
08-04 13:42:40.551 13188 13188 D NappaIntentExtras: ==================
08-04 13:42:40.552   918  3359 I ActivityManager: START u0 {cmp=nappagreedy.appteam.nith.hillffair/.activities.BattleDayActivity} from uid 10654 on display 0
08-04 13:42:40.559 13188 13204 I art     : Starting a blocking GC Explicit
08-04 13:42:40.560 13188 13188 D NappaLifecycleObserver: nappagreedy.appteam.nith.hillffair.activities.HomeActivity - onPause
08-04 13:42:40.560 13188 13188 D Nappa   : Stayed on nappagreedy.appteam.nith.hillffair.activities.HomeActivity for 1664 ms
08-04 13:42:40.560 14741 14741 D AndroidRuntime: Shutting down VM
08-04 13:42:40.579 13188 13204 I art     : Explicit concurrent mark sweep GC freed 658(51KB) AllocSpace objects, 0(0B) LOS objects, 23% free, 52MB/68MB, paused 855us total 19.852ms
08-04 13:42:40.580 13188 13188 D Nappa   : TAG okHttpClient initialized
08-04 13:42:40.587 13188 13188 D NappaLifecycleObserver: nappagreedy.appteam.nith.hillffair.activities.BattleDayActivity - onResume
08-04 13:42:40.587 13188 13188 D Nappa   : setCurrentActivity - MetricStrategyAccuracy - 
08-04 13:42:40.587 13188 13188 D Nappa   : madePredictionFromActivity = false, 
08-04 13:42:40.587 13188 13188 D Nappa   : fromActivity = nappagreedy.appteam.nith.hillffair.activities.HomeActivity, 
08-04 13:42:40.587 13188 13188 D Nappa   : predictedNextActivityFromActivity = [], 
08-04 13:42:40.587 13188 13188 D Nappa   : activity.getClass().getCanonicalName() = nappagreedy.appteam.nith.hillffair.activities.BattleDayActivity, 
08-04 13:42:40.587 13188 13188 D Nappa   : setCurrentActivity - MetricStrategyAccuracy - 
08-04 13:42:40.587 13188 13188 D Nappa   : madePredictionFromExtra = false, 
08-04 13:42:40.587 13188 13188 D Nappa   : fromActivity = nappagreedy.appteam.nith.hillffair.activities.HomeActivity, 
08-04 13:42:40.587 13188 13188 D Nappa   : predictedNextActivityFromExtra = [], 
08-04 13:42:40.587 13188 13188 D Nappa   : activity.getClass().getCanonicalName() = nappagreedy.appteam.nith.hillffair.activities.BattleDayActivity, 
08-04 13:42:40.587 13188 13188 D Nappa   : PREFETCH_ON_EXTRA - setCurrentActivity - logs - from activity - made prediction isfalse
08-04 13:42:40.587 13188 14772 D CustomInterceptor: NETWORK-PROVIDER https://api-hillfair-2k16.herokuapp.com/api/app/events/special
08-04 13:42:40.587 13188 14772 D Nappa   : F1_SCORE add_intercept_url - (already in) - https://api-hillfair-2k16.herokuapp.com/api/app/events/special
08-04 13:42:40.587 13188 14772 D Nappa   : F1_SCORE add_fn_url - (already in) - https://api-hillfair-2k16.herokuapp.com/api/app/events/special
08-04 13:42:40.587 13188 14772 D Nappa   : -------------F1_SCORE #19 -----------
08-04 13:42:40.587 13188 13204 I art     : Starting a blocking GC Explicit
08-04 13:42:40.587 13188 14772 D Nappa   : F1_SCORE - Intercept list (3)= [https://api-hillfair-2k16.herokuapp.com/api/app/events/special, https://api-hillfair-2k16.herokuapp.com/api/app/events/special/event?id=58065620dcba0f490c70fe09, https://api-hillfair-2k16.herokuapp.com/api/app/events/special/event?id=5806551bdcba0f490c70fd1f]
08-04 13:42:40.588 13188 14772 D Nappa   : F1_SCORE - Prefetch list (3)= [https://api-hillfair-2k16.herokuapp.com/api/app/events/special/event?id=5806551bdcba0f490c70fd1f, https://api-hillfair-2k16.herokuapp.com/api/app/events/special/event?id=580655cddcba0f490c70fdd0, https://api-hillfair-2k16.herokuapp.com/api/app/events/special/event?id=58065620dcba0f490c70fe09]
08-04 13:42:40.589 13188 14772 D Nappa   : F1_SCORE - TP list (2)= [https://api-hillfair-2k16.herokuapp.com/api/app/events/special/event?id=58065620dcba0f490c70fe09, https://api-hillfair-2k16.herokuapp.com/api/app/events/special/event?id=5806551bdcba0f490c70fd1f]
08-04 13:42:40.589 13188 14772 D Nappa   : F1_SCORE - FN list (1)= [https://api-hillfair-2k16.herokuapp.com/api/app/events/special]
08-04 13:42:40.589 13188 14772 I NAPPA_EXPERIMENTATION: MetricPrefetchingAccuracy: LOG_ID='20',F1_SCORE_1='0.6666666666666666',F1_SCORE_2='0.6666666666666666',TRUE_POSITIVE='2',FALSE_POSITIVE='1',FALSE_NEGATIVE='1',
08-04 13:42:40.589 13188 14772 D CustomInterceptor: HEADER REQUEST
08-04 13:42:40.589 13188 14772 D CustomInterceptor: Cache-Control max-age=300, max-stale=300
08-04 13:42:40.590 13188 14772 D CustomInterceptor: CACHED STATS: size = '4', maxSize = '100', hitCount = '11', createCount = '0', putCount = '7', evictionCount = '0', missCount = '7', toString = 'LruCache[maxSize=100,hits=11,misses=7,hitRate=61%]', 
08-04 13:42:40.590 13188 14772 D CustomInterceptor: PREFLIB GET REQUEST https://api-hillfair-2k16.herokuapp.com/api/app/events/special
08-04 13:42:40.590 13188 14772 D CustomInterceptor: PREFLIB found https://api-hillfair-2k16.herokuapp.com/api/app/events/special, sending it back
08-04 13:42:40.590 13188 14772 D CustomInterceptor: CONTENT {"profile":[{"id":"5806551bdcba0f490c70fd1f","name":"Music","photo":"https://api-hillfair-2k16.herokuapp.com/photos/acoustic-guitar.png"},{"id":"580655cddcba0f490c70fdd0","name":"Dance","photo":"https://api-hillfair-2k16.herokuapp.com/photos/wedding-couple.png"},{"id":"58065620dcba0f490c70fe09","name":"Nukkad Natak","photo":"https://api-hillfair-2k16.herokuapp.com/photos/theater.png"},{"id":"5806560ddcba0f490c70fe06","name":"Fash P","photo":"https://api-hillfair-2k16.herokuapp.com/photos/miss-world.png"}],"success":true,"msg":"Loaded Successfully"}
08-04 13:42:40.590 13188 14772 D CustomInterceptor: interceptor_finished : return_type #2 : request served from cache
08-04 13:42:40.607 13188 13204 I art     : Explicit concurrent mark sweep GC freed 4306(249KB) AllocSpace objects, 0(0B) LOS objects, 23% free, 52MB/68MB, paused 525us total 19.014ms
08-04 13:42:40.615 13188 13204 I art     : Starting a blocking GC Explicit
08-04 13:42:40.633 13188 13204 I art     : Explicit concurrent mark sweep GC freed 151(8KB) AllocSpace objects, 0(0B) LOS objects, 23% free, 52MB/68MB, paused 529us total 18.447ms
