08-05 21:40:04.937  6942  6960 D Nappa   : PARENTS nappagreedy.com.ak.uobtimetable.CourseListActivity
08-05 21:40:04.937  6942  6960 D Nappa   : PARENTS has extra: (forceRefreshSessions, true)
08-05 21:40:04.998  6942  7665 D CustomInterceptor: CONTENT {
08-05 21:40:04.998  6942  7665 D CustomInterceptor:     "api_version": 2,
08-05 21:40:04.998  6942  7665 D CustomInterceptor:     "response_time": 0.69,
08-05 21:40:04.998  6942  7665 D CustomInterceptor:     "error": false,
08-05 21:40:04.998  6942  7665 D CustomInterceptor:     "courses": [
08-05 21:40:04.998  6942  7665 D CustomInterceptor:         {
08-05 21:40:04.998  6942  7665 D CustomInterceptor:             "id": "MBXBB\/10AA\/1\/PT",
08-05 21:40:04.998  6942  7665 D CustomInterceptor:             "name": "(Executive) Business Administration - Exec MBA - Ltn - Year 1 Oct PT",
08-05 21:40:04.998  6942  7665 D CustomInterceptor:             "name_start": "(Executive) Business Administration",
08-05 21:40:04.998  6942  7665 D CustomInterceptor:             "name_end": "Exec MBA - Ltn - Year 1 Oct PT",
08-05 21:40:04.998  6942  7665 D CustomInterceptor:             "level": "ALL Courses",
08-05 21:40:04.998  6942  7665 D CustomInterceptor:             "department": {
08-05 21:40:04.998  6942  7665 D CustomInterceptor:                 "id": "BU003",
08-05 21:40:04.998  6942  7665 D CustomInterceptor:                 "name": "Department of Strategy and Management",
08-05 21:40:04.998  6942  7665 D CustomInterceptor:                 "course_count": 1370
08-05 21:40:04.998  6942  7665 D CustomInterceptor:             },
08-05 21:40:04.998  6942  7665 D CustomInterceptor:             "session_url": "https:\/\/uob-timetable-api.adriankeenan.co.uk\/sessions?dept=BU003&course=MBXBB%2F10AA%2F1%2FPT&level=ALL+Courses"
08-05 21:40:04.998  6942  7665 D CustomInterceptor:         },
08-05 21:40:04.998  6942  7665 D CustomInterceptor:         {
08-05 21:40:04.998  6942  7665 D CustomInterceptor:             "id": "MBXBB\/10AA\/1\/PT",
08-05 21:40:04.998  6942  7665 D CustomInterceptor:             "name": "(Executive) Business Administration - Exec MBA - Ltn - Year 1 Oct PT",
08-05 21:40:04.998  6942  7665 D CustomInterceptor:             "name_start": "(Executive) Business Administration",
08-05 21:40:04.998  6942  7665 D CustomInterceptor:             "name_end": "Exec MBA - Ltn - Year 1 Oct PT",
08-05 21:40:04.998  6942  7665 D CustomInterceptor:             "level": "Postgraduate",
08-05 21:40:04.998  6942  7665 D CustomInterceptor:             "department": {
08-05 21:40:04.998  6942  7665 D CustomInterceptor:                 "id": "BU003",
08-05 21:40:04.998  6942  7665 D CustomInterceptor:                 "name": "Department of Strategy and Management",
08-05 21:40:04.998  6942  7665 D CustomInterceptor:                 "course_count": 1370
08-05 21:40:04.998  6942  7665 D CustomInterceptor:             },
08-05 21:40:04.998  6942  7665 D CustomInterceptor:             "session_url": "https:\/\/uob-timetable-api.adriankeenan.co.uk\/sessions?dept=BU003&course=MBXBB%2F10AA%2F1%2FPT&level=Postgraduate"
08-05 21:40:04.998  6942  7665 D CustomInterceptor:         },
08-05 21:40:04.998  6942  7665 D CustomInterceptor:         {
08-05 21:40:04.998  6942  7665 D CustomInterceptor:             "id": "MBXBB\/03AA\/2\/PT",
08-05 21:40:04.998  6942  7665 D CustomInterceptor:             "name": "(Executive) Business Administration - Exec MBA - Ltn - Year 2 Mar PT",
08-05 21:40:04.998  6942  7665 D CustomInterceptor:             "name_start": "(Executive) Business Administration",
08-05 21:40:04.998  6942  7665 D CustomInterceptor:             "name_end": "Exec MBA - Ltn - Year 2 Mar PT",
08-05 21:40:04.998  6942  7665 D CustomInterceptor:             "level": "Postgraduate",
08-05 21:40:04.998  6942  7665 D CustomInterceptor:             "department": {
08-05 21:40:04.998  6942  7665 D CustomInterceptor:                 "id": "BU003",
08-05 21:40:04.998  6942  7665 D CustomInterceptor:                 "name": "Department of Strategy and Management",
08-05 21:40:04.998  6942  7665 D CustomInterceptor:                 "course_count": 1370
08-05 21:40:04.998  6942  7665 D CustomInterceptor:             },
08-05 21:40:04.998  6942  7665 D CustomInterceptor:             "session_url": "https:\/\/uob-timetable-api.adriankeenan.co.uk\/sessions?dept=BU003&course=MBXBB%2F03AA%2F2%2FPT&level=Postgraduate"
08-05 21:40:04.998  6942  7665 D CustomInterceptor:         },
08-05 21:40:04.998  6942  7665 D CustomInterceptor:         {
08-05 21:40:04.998  6942  7665 D CustomInterceptor:             "id": "MBXBB\/03AA\/2\/PT",
08-05 21:40:04.998  6942  7665 D CustomInterceptor:             "name": "(Executive) Business Administration - Exec MBA - Ltn - Year 2 Mar PT",
08-05 21:40:04.998  6942  7665 D CustomInterceptor:             "name_start": "(Executive) Business Administration",
08-05 21:40:04.998  6942  7665 D CustomInterceptor:             "name_end": "Exec MBA - Ltn - Year 2 Mar PT",
08-05 21:40:04.998  6942  7665 D CustomInterceptor:             "level": "ALL Courses",
08-05 21:40:04.998  6942  7665 D CustomInterceptor:             "department": {
08-05 21:40:04.998  6942  7665 D CustomInterceptor:                 "id": "BU003",
08-05 21:40:04.998  6942  7665 D CustomInterceptor:                 "name": "Department of Strategy and Management",
08-05 21:40:04.998  6942  7665 D CustomInterceptor:                 "course_count": 1370
08-05 21:40:04.998  6942  7665 D CustomInterceptor:             },
08-05 21:40:04.998  6942  7665 D CustomInterceptor:             "session_url": "https:\/\/uob-timetable-api.adriankeenan.co.uk\/sessions?dept=BU003&course=MBXBB%2F03AA%2F2%2FPT&level=ALL+Courses"
08-05 21:40:04.998  6942  7665 D CustomInterceptor:         },
08-05 21:40:04.998  6942  7665 D CustomInterceptor:         {
08-05 21:40:04.998  6942  7665 D CustomInterceptor:             "id": "MBXBB\/10AA\/2\/PT",
08-05 21:40:04.998  6942  7665 D CustomInterceptor:             "name": "(Executive) Business Administration - Exec MBA - Ltn - Year 2 Oct PT",
08-05 21:40:04.998  6942  7665 D CustomInterceptor:             "name_start": "(Executive) Business Administration",
08-05 21:40:04.998  6942  7665 D CustomInterceptor:             "name_end": "Exec MBA - Ltn - Year 2 Oct PT",
08-05 21:40:04.998  6942  7665 D CustomInterceptor:             "level": "Postgraduate",
08-05 21:40:04.998  6942  7665 D CustomInterceptor:             "department": {
08-05 21:40:04.998  6942  7665 D CustomInterceptor:                 "id": "BU003",
08-05 21:40:04.998  6942  7665 D CustomInterceptor:                 "name": "Department of Strategy and Management",
08-05 21:40:04.998  6942  7665 D CustomInterceptor:                 "course_count": 1370
08-05 21:40:04.998  6942  7665 D CustomInterceptor:             },
08-05 21:40:04.998  6942  7665 D CustomInterceptor:             "session_url": "https:\/\/uob-timetable-api.adriankeenan.co.uk\/sessions?dept=BU003&course=MBXBB%2F10AA%2F2%2FPT&level=Postgraduate"
08-05 21:40:04.998  6942  7665 D CustomInterceptor:         },
08-05 21:40:04.998  6942  7665 D CustomInterceptor:         {
08-05 21:40:04.998  6942  7665 D CustomInterceptor:             "id": "MBXBB\/10AA\/2\/PT",
08-05 21:40:04.998  6942  7665 D CustomInterceptor:             "name": "(Executive) Business Administration - Exec MBA - Ltn - Year 2 Oct PT",
08-05 21:40:04.998  6942  7665 D CustomInterceptor:             "name_start": "(Executive) Business Administration",
08-05 21:40:04.998  6942  7665 D CustomInterceptor:             "name_end": "Exec MBA - Ltn - Year 2 Oct PT",
08-05 21:40:04.998  6942  7665 D CustomInterceptor:             "level": "ALL Courses",
08-05 21:40:04.998  6942  7665 D CustomInterceptor:             "department": {
08-05 21:40:04.998  6942  7665 D CustomInterceptor:                 "id": "BU003",
08-05 21:40:04.998  6942  7665 D CustomInterceptor:                 "name": "Department of Strategy and Management",
08-05 21:40:04.998  6942  7665 D CustomInterceptor:                 "course_count": 1370
08-05 21:40:04.998  6942  7665 D CustomInterceptor:             },
08-05 21:40:04.998  6942  7665 D CustomInterceptor:             "session_url": "https:\/\/uob-timetable-api.adriankeenan.co.uk\/sessions?dept=BU003&course=MBXBB%2F10AA%2F2%2FPT&level=ALL+Courses"
08-05 21:40:04.998  6942  7665 D CustomInterceptor:         },
08-05 21:40:04.998  6942  7665 D CustomInterceptor:         {
08-05 21:40:04.998  6942  7665 D CustomInterceptor:             "id": "PDAPAAAP\/02AA\/1\/PT",
08-05 21:40:04.998  6942  7665 D CustomInterceptor:             "name": "Academic Practice (Apprenticeship) - PG Dip - Ltn - Year 1 Feb PT",
08-05 21:40:04.998  6942  7665 D CustomInterceptor:             "name_st
08-05 21:40:05.001  6942  7665 D CustomInterceptor: interceptor_finished : return_type #2 : request served from cache
08-05 21:40:05.007  6942  6942 D ActivityNode: Observer - visit time - MainActivity - New aggregate visit time found is 76110 ms
08-05 21:40:05.009   918   927 I art     : Background partial concurrent mark sweep GC freed 70025(7MB) AllocSpace objects, 115(2MB) LOS objects, 18% free, 69MB/85MB, paused 1.850ms total 221.604ms
08-05 21:40:05.027   918   936 I ActivityManager: Displayed nappagreedy.com.ak.uobtimetable/.CourseListActivity: +241ms
08-05 21:40:05.027 13866 13866 I GoogleInputMethodServic: GoogleInputMethodService.onFinishInput():3138 
08-05 21:40:05.028 13866 13866 I GoogleInputMethodServic: GoogleInputMethodService.onStartInput():1808 
08-05 21:40:05.033  6942  6954 I art     : Waiting for a blocking GC Explicit
08-05 21:40:05.065 32572 32572 I ServiceManager: Waiting for service AtCmdFwd...
08-05 21:40:05.134  6942  6952 I art     : Background sticky concurrent mark sweep GC freed 4696(260KB) AllocSpace objects, 1(14MB) LOS objects, 0% free, 67MB/67MB, paused 1.152ms total 249.301ms
08-05 21:40:05.134  6942  6954 I art     : WaitForGcToComplete blocked for 101.188ms for cause Explicit
08-05 21:40:05.134  6942  6954 I art     : Starting a blocking GC Explicit
08-05 21:40:05.165  6942  7665 I NAPPA_EXPERIMENTATION: MetricNetworkRequestExecutionTime: REQUEST_DURATION_SYSTEM='328',REQUEST_DURATION_OKHTTP='0',REQUEST_SYNCHRONOUS='TRUE',RESPONSE_CODE='200',RESPONSE_METHOD='GET',RESPONSE_LENGTH_OKHTTP='7859794',RESPONSE_LENGTH_HEADER='-2',REQUEST_PROTOCOL='http/1.1',REQUEST_URL='https://uob-timetable-api.adriankeenan.co.uk/courses',
08-05 21:40:05.187  6942  6954 I art     : Explicit concurrent mark sweep GC freed 2229(7MB) AllocSpace objects, 2(15MB) LOS objects, 17% free, 75MB/91MB, paused 1.024ms total 52.602ms
08-05 21:40:05.187  6942  6952 I art     : WaitForGcToComplete blocked for 52.932ms for cause Background
08-05 21:40:05.202  6942  6954 I art     : Starting a blocking GC Explicit
08-05 21:40:05.237  6942  6960 D Nappa   : PREFETCH_ON_EXTRA - setCurrentActivity - logs - from extra - made prediction isfalse
08-05 21:40:05.245  6942  6954 I art     : Explicit concurrent mark sweep GC freed 935(3MB) AllocSpace objects, 1(7MB) LOS objects, 20% free, 63MB/79MB, paused 643us total 43.405ms
08-05 21:40:05.261  6942  6954 I art     : Starting a blocking GC Explicit
08-05 21:40:05.298  6942  6954 I art     : Explicit concurrent mark sweep GC freed 21(960B) AllocSpace objects, 0(0B) LOS objects, 20% free, 63MB/79MB, paused 663us total 37.212ms
08-05 21:40:05.312  6942  6954 I art     : Starting a blocking GC Explicit
08-05 21:40:05.338   512  2967 D audio_hw_primary: disable_audio_route: reset and update mixer path: low-latency-playback speaker
08-05 21:40:05.339   512  2967 D audio_hw_primary: disable_snd_device: snd_device(2: speaker)
08-05 21:40:05.346   512  2967 I soundtrigger: audio_extn_sound_trigger_update_device_status: device 0x2 of type 0 for Event 0
08-05 21:40:05.350  6942  6954 I art     : Explicit concurrent mark sweep GC freed 21(960B) AllocSpace objects, 0(0B) LOS objects, 20% free, 63MB/79MB, paused 629us total 37.476ms
08-05 21:40:05.350  6942  6952 I art     : WaitForGcToComplete blocked for 20.971ms for cause HeapTrim
08-05 21:40:05.366  6942  6954 I art     : Starting a blocking GC Explicit
08-05 21:40:05.377  6942  7665 I HTTP    : Response was compressed.
08-05 21:40:05.404  6942  6942 D MainActivity: Saving state
08-05 21:40:05.405  6942  6942 D MainActivity: Saving current fragment: SessionListsFragment
08-05 21:40:05.405  6942  6942 D MainActivity: Saving current index: 3
08-05 21:40:05.406  6942  6942 D SessionListsFragment: Saving state
08-05 21:40:05.419  6942  6954 I art     : Explicit concurrent mark sweep GC freed 20079(926KB) AllocSpace objects, 0(0B) LOS objects, 16% free, 79MB/95MB, paused 1.108ms total 52.542ms
08-05 21:40:05.742  6942  7576 I art     : Starting a blocking GC Explicit
08-05 21:40:05.818  6942  7576 I art     : Explicit concurrent mark sweep GC freed 201388(9MB) AllocSpace objects, 3(22MB) LOS objects, 21% free, 58MB/74MB, paused 1.430ms total 76.162ms
08-05 21:40:05.836  6942  7576 I art     : Starting a blocking GC Explicit
08-05 21:40:05.887  6942  7576 I art     : Explicit concurrent mark sweep GC freed 48486(2MB) AllocSpace objects, 0(0B) LOS objects, 21% free, 58MB/74MB, paused 1.045ms total 50.492ms
08-05 21:40:05.904  6942  7576 I art     : Starting a blocking GC Explicit
08-05 21:40:05.956  6942  7576 I art     : Explicit concurrent mark sweep GC freed 37666(1787KB) AllocSpace objects, 0(0B) LOS objects, 21% free, 58MB/74MB, paused 1.212ms total 52.116ms
08-05 21:40:05.973  6942  7576 I art     : Starting a blocking GC Explicit
08-05 21:40:06.025  6942  7576 I art     : Explicit concurrent mark sweep GC freed 37325(1760KB) AllocSpace objects, 0(0B) LOS objects, 21% free, 59MB/75MB, paused 1.238ms total 51.897ms
08-05 21:40:06.042  6942  7576 I art     : Starting a blocking GC Explicit
08-05 21:40:06.066 32572 32572 I ServiceManager: Waiting for service AtCmdFwd...
08-05 21:40:06.095  6942  7576 I art     : Explicit concurrent mark sweep GC freed 38457(1815KB) AllocSpace objects, 0(0B) LOS objects, 21% free, 59MB/75MB, paused 1.116ms total 52.669ms
08-05 21:40:06.408  6942  6953 I art     : Starting a blocking GC Explicit
08-05 21:40:06.484  6942  6953 I art     : Explicit concurrent mark sweep GC freed 200111(9MB) AllocSpace objects, 1(20KB) LOS objects, 20% free, 61MB/77MB, paused 1.083ms total 75.993ms
08-05 21:40:06.505  6942  6953 I art     : Starting a blocking GC Explicit
08-05 21:40:06.564  6942  6953 I art     : Explicit concurrent mark sweep GC freed 50457(2MB) AllocSpace objects, 0(0B) LOS objects, 20% free, 61MB/77MB, paused 1.332ms total 58.693ms
08-05 21:40:06.583  6942  6953 I art     : Starting a blocking GC Explicit
08-05 21:40:06.643  6942  6953 I art     : Explicit concurrent mark sweep GC freed 42632(2029KB) AllocSpace objects, 0(0B) LOS objects, 20% free, 61MB/77MB, paused 1.340ms total 59.337ms
08-05 21:40:06.662  6942  6953 I art     : Starting a blocking GC Explicit
08-05 21:40:06.723  6942  6953 I art     : Explicit concurrent mark sweep GC freed 42844(2009KB) AllocSpace objects, 0(0B) LOS objects, 20% free, 61MB/77MB, paused 1.543ms total 60.594ms
08-05 21:40:06.743  6942  6953 I art     : Starting a blocking GC Explicit
08-05 21:40:06.804  6942  6953 I art     : Explicit concurrent mark sweep GC freed 43221(2029KB) AllocSpace objects, 0(0B) LOS objects, 20% free, 62MB/78MB, paused 1.390ms total 61.459ms
08-05 21:40:07.066 32572 32572 I ServiceManager: Waiting for service AtCmdFwd...
08-05 21:40:07.128  6942  6953 I art     : Starting a blocking GC Explicit
08-05 21:40:07.214  6942  6953 I art     : Explicit concurrent mark sweep GC freed 207669(9MB) AllocSpace objects, 1(20KB) LOS objects, 19% free, 64MB/80MB, paused 1.219ms total 86.182ms
08-05 21:40:07.235  6942  6953 I art     : Starting a blocking GC Explicit
08-05 21:40:07.301  6942  6953 I art     : Explicit concurrent mark sweep GC freed 53983(2MB) AllocSpace objects, 0(0B) LOS objects, 19% free, 64MB/80MB, paused 1.556ms total 66.508ms
08-05 21:40:07.322  6942  6953 I art     : Starting a blocking GC Explicit
08-05 21:40:07.391  6942  6953 I art     : Explicit concurrent mark sweep GC freed 47998(2MB) AllocSpace objects, 0(0B) LOS objects, 19% free, 64MB/80MB, paused 1.509ms total 68.085ms
08-05 21:40:07.412  6942  6953 I art     : Starting a blocking GC Explicit
08-05 21:40:07.484  6942  6953 I art     : Explicit concurrent mark sweep GC freed 48742(2MB) AllocSpace objects, 0(0B) LOS objects, 19% free, 64MB/80MB, paused 1.577ms total 72.235ms
08-05 21:40:07.506  6942  6953 I art     : Starting a blocking GC Explicit
08-05 21:40:07.578  6942  6953 I art     : Explicit concurrent mark sweep GC freed 49657(2MB) AllocSpace objects, 0(0B) LOS objects, 19% free, 65MB/81MB, paused 1.555ms total 71.651ms
08-05 21:40:07.892  6942  6953 I art     : Starting a blocking GC Explicit
08-05 21:40:07.916 13866 13882 I PeriodicStatsRunner: PeriodicStatsRunner.call():175 call()
08-05 21:40:07.916 13866 13882 I PeriodicStatsRunner: PeriodicStatsRunner.call():179 No submit PeriodicStats since input started.
08-05 21:40:07.988  6942  6953 I art     : Explicit concurrent mark sweep GC freed 207012(9MB) AllocSpace objects, 1(20KB) LOS objects, 19% free, 67MB/83MB, paused 1.459ms total 94.928ms
08-05 21:40:08.011  6942  6953 I art     : Starting a blocking GC Explicit
08-05 21:40:08.067 32572 32572 W Atfwd_Sendcmd: AtCmdFwd service not published, waiting... retryCnt : 2
08-05 21:40:08.087  6942  6953 I art     : Explicit concurrent mark sweep GC freed 60901(2MB) AllocSpace objects, 0(0B) LOS objects, 19% free, 67MB/83MB, paused 1.617ms total 76.399ms
08-05 21:40:08.111  6942  6953 I art     : Starting a blocking GC Explicit
08-05 21:40:08.187  6942  7665 I Service : getCourses response time: 0.69
08-05 21:40:08.189  6942  6953 I art     : Explicit concurrent mark sweep GC freed 53743(2MB) AllocSpace objects, 0(0B) LOS objects, 19% free, 67MB/83MB, paused 1.768ms total 77.703ms
08-05 21:40:08.192  6942  6942 I SettingsManager: Getting string: savedCourse
08-05 21:40:08.211  6942  6953 I art     : Starting a blocking GC Explicit
08-05 21:40:08.284  6942  6953 I art     : Explicit concurrent mark sweep GC freed 6390(292KB) AllocSpace objects, 1(14MB) LOS objects, 23% free, 52MB/68MB, paused 1.051ms total 73.098ms
08-05 21:40:08.307  6942  6953 I art     : Starting a blocking GC Explicit
08-05 21:40:08.385  6942  6953 I art     : Explicit concurrent mark sweep GC freed 413(12KB) AllocSpace objects, 0(0B) LOS objects, 23% free, 52MB/68MB, paused 640us total 77.688ms
08-05 21:40:08.746  6942  7154 I art     : Starting a blocking GC Explicit
08-05 21:40:08.845  6942  7154 I art     : Explicit concurrent mark sweep GC freed 2168(150KB) AllocSpace objects, 1(20KB) LOS objects, 23% free, 52MB/68MB, paused 630us total 98.070ms
08-05 21:40:08.873  6942  7154 I art     : Starting a blocking GC Explicit
08-05 21:40:08.959  6942  7154 I art     : Explicit concurrent mark sweep GC freed 26(944B) AllocSpace objects, 0(0B) LOS objects, 23% free, 52MB/68MB, paused 630us total 84.962ms
08-05 21:40:08.984  6942  7154 I art     : Starting a blocking GC Explicit
08-05 21:40:09.070  6942  7154 I art     : Explicit concurrent mark sweep GC freed 3(96B) AllocSpace objects, 0(0B) LOS objects, 23% free, 52MB/68MB, paused 622us total 85.511ms
08-05 21:40:09.095  6942  7154 I art     : Starting a blocking GC Explicit
08-05 21:40:09.177  6942  7154 I art     : Explicit concurrent mark sweep GC freed 3(96B) AllocSpace objects, 0(0B) LOS objects, 23% free, 52MB/68MB, paused 621us total 81.226ms
08-05 21:40:09.202  6942  7154 I art     : Starting a blocking GC Explicit
08-05 21:40:09.286  6942  7154 I art     : Explicit concurrent mark sweep GC freed 3(96B) AllocSpace objects, 0(0B) LOS objects, 23% free, 52MB/68MB, paused 626us total 83.180ms
08-05 21:40:09.656  6942  6954 I art     : Starting a blocking GC Explicit
08-05 21:40:09.754  6942  6954 I art     : Explicit concurrent mark sweep GC freed 1513(87KB) AllocSpace objects, 1(20KB) LOS objects, 23% free, 52MB/68MB, paused 640us total 96.869ms
08-05 21:40:09.779  6942  6954 I art     : Starting a blocking GC Explicit
08-05 21:40:09.781   918  6112 I ActivityManager: Killing 28121:com.android.chrome/u0a39 (adj 15): empty #17
08-05 21:40:09.852  6942  6954 I art     : Explicit concurrent mark sweep GC freed 70(3KB) AllocSpace objects, 0(0B) LOS objects, 23% free, 52MB/68MB, paused 592us total 72.179ms
08-05 21:40:09.877  6942  6954 I art     : Starting a blocking GC Explicit
08-05 21:40:09.950  6942  6954 I art     : Explicit concurrent mark sweep GC freed 10(352B) AllocSpace objects, 0(0B) LOS objects, 23% free, 52MB/68MB, paused 605us total 72.743ms
08-05 21:40:09.974  6942  6954 I art     : Starting a blocking GC Explicit
08-05 21:40:10.029 13866 13882 I PeriodicStatsRunner: PeriodicStatsRunner.call():175 call()
08-05 21:40:10.029 13866 13882 I PeriodicStatsRunner: PeriodicStatsRunner.call():179 No submit PeriodicStats since input started.
08-05 21:40:10.051  6942  6954 I art     : Explicit concurrent mark sweep GC freed 3(96B) AllocSpace objects, 0(0B) LOS objects, 23% free, 52MB/68MB, paused 602us total 76.913ms
08-05 21:40:10.077  6942  6954 I art     : Starting a blocking GC Explicit
08-05 21:40:10.160  6942  6954 I art     : Explicit concurrent mark sweep GC freed 3(96B) AllocSpace objects, 0(0B) LOS objects, 23% free, 52MB/68MB, paused 632us total 83.149ms
08-05 21:40:10.512  6942  7576 I art     : Starting a blocking GC Explicit
08-05 21:40:10.616  6942  7576 I art     : Explicit concurrent mark sweep GC freed 1516(90KB) AllocSpace objects, 1(20KB) LOS objects, 23% free, 52MB/68MB, paused 728us total 103.536ms
08-05 21:40:10.648  6942  7576 I art     : Starting a blocking GC Explicit
08-05 21:40:10.731  6942  7576 I art     : Explicit concurrent mark sweep GC freed 26(944B) AllocSpace objects, 0(0B) LOS objects, 23% free, 52MB/68MB, paused 612us total 82.941ms
08-05 21:40:10.757  6942  7576 I art     : Starting a blocking GC Explicit
08-05 21:40:10.840  6942  7576 I art     : Explicit concurrent mark sweep GC freed 3(96B) AllocSpace objects, 0(0B) LOS objects, 23% free, 52MB/68MB, paused 627us total 83.278ms
08-05 21:40:10.867  6942  7576 I art     : Starting a blocking GC Explicit
08-05 21:40:10.950  6942  7576 I art     : Explicit concurrent mark sweep GC freed 3(96B) AllocSpace objects, 0(0B) LOS objects, 23% free, 52MB/68MB, paused 629us total 83.335ms
08-05 21:40:10.976  6942  7576 I art     : Starting a blocking GC Explicit
08-05 21:40:11.050  6942  7576 I art     : Explicit concurrent mark sweep GC freed 3(96B) AllocSpace objects, 0(0B) LOS objects, 23% free, 52MB/68MB, paused 565us total 73.781ms
08-05 21:40:11.394  6942  6953 I art     : Starting a blocking GC Explicit
08-05 21:40:11.484  6942  6953 I art     : Explicit concurrent mark sweep GC freed 1513(87KB) AllocSpace objects, 1(20KB) LOS objects, 23% free, 52MB/68MB, paused 597us total 89.180ms
08-05 21:40:11.509  6942  6953 I art     : Starting a blocking GC Explicit
08-05 21:40:11.554  7753  7753 D AndroidRuntime: >>>>>> START com.android.internal.os.RuntimeInit uid 2000 <<<<<<
08-05 21:40:11.560  7753  7753 D AndroidRuntime: CheckJNI is OFF
08-05 21:40:11.588  6942  6953 I art     : Explicit concurrent mark sweep GC freed 26(944B) AllocSpace objects, 0(0B) LOS objects, 23% free, 52MB/68MB, paused 655us total 78.821ms
08-05 21:40:11.610  7753  7753 D ICU     : No timezone override file found: /data/misc/zoneinfo/current/icu/icu_tzdata.dat
08-05 21:40:11.612  6942  6953 I art     : Starting a blocking GC Explicit
08-05 21:40:11.656  7753  7753 I Radio-JNI: register_android_hardware_Radio DONE
08-05 21:40:11.685  7753  7753 D AndroidRuntime: Calling main entry com.android.commands.input.Input
08-05 21:40:11.688  7753  7753 I Input   : injectMotionEvent: MotionEvent { action=ACTION_DOWN, actionButton=0, id[0]=0, x[0]=558.0, y[0]=368.0, toolType[0]=TOOL_TYPE_UNKNOWN, buttonState=0, metaState=0, flags=0x0, edgeFlags=0x0, pointerCount=1, historySize=0, eventTime=826828100, downTime=826828100, deviceId=0, source=0x1002 }
08-05 21:40:11.690  6942  6953 I art     : Explicit concurrent mark sweep GC freed 3(96B) AllocSpace objects, 0(0B) LOS objects, 23% free, 52MB/68MB, paused 633us total 77.330ms
08-05 21:40:11.696  7753  7753 I Input   : injectMotionEvent: MotionEvent { action=ACTION_UP, actionButton=0, id[0]=0, x[0]=558.0, y[0]=368.0, toolType[0]=TOOL_TYPE_UNKNOWN, buttonState=0, metaState=0, flags=0x0, edgeFlags=0x0, pointerCount=1, historySize=0, eventTime=826828100, downTime=826828100, deviceId=0, source=0x1002 }
08-05 21:40:11.698  7753  7753 D AndroidRuntime: Shutting down VM
08-05 21:40:11.715  6942  6953 I art     : Starting a blocking GC Explicit
08-05 21:40:11.783  6942  6953 I art     : Explicit concurrent mark sweep GC freed 745(84KB) AllocSpace objects, 0(0B) LOS objects, 23% free, 52MB/68MB, paused 724us total 67.547ms
08-05 21:40:11.809  6942  6953 I art     : Starting a blocking GC Explicit
08-05 21:40:11.880  6942  6953 I art     : Explicit concurrent mark sweep GC freed 197(12KB) AllocSpace objects, 0(0B) LOS objects, 23% free, 52MB/68MB, paused 739us total 70.900ms
08-05 21:40:12.206  6942  7576 I art     : Starting a blocking GC Explicit
08-05 21:40:12.286  6942  7576 I art     : Explicit concurrent mark sweep GC freed 1876(104KB) AllocSpace objects, 1(20KB) LOS objects, 23% free, 52MB/68MB, paused 548us total 79.542ms
08-05 21:40:12.311  6942  7576 I art     : Starting a blocking GC Explicit
08-05 21:40:12.381  6942  7576 I art     : Explicit concurrent mark sweep GC freed 55(2000B) AllocSpace objects, 0(0B) LOS objects, 23% free, 52MB/68MB, paused 555us total 70.106ms
08-05 21:40:12.406  6942  7576 I art     : Starting a blocking GC Explicit
08-05 21:40:12.479  6942  7576 I art     : Explicit concurrent mark sweep GC freed 5(192B) AllocSpace objects, 0(0B) LOS objects, 23% free, 52MB/68MB, paused 587us total 72.920ms
08-05 21:40:12.504  6942  7576 I art     : Starting a blocking GC Explicit
08-05 21:40:12.583  6942  7576 I art     : Explicit concurrent mark sweep GC freed 3(96B) AllocSpace objects, 0(0B) LOS objects, 23% free, 52MB/68MB, paused 603us total 79.087ms
08-05 21:40:12.608  6942  7576 I art     : Starting a blocking GC Explicit
08-05 21:40:12.686  6942  7576 I art     : Explicit concurrent mark sweep GC freed 3(96B) AllocSpace objects, 0(0B) LOS objects, 23% free, 52MB/68MB, paused 595us total 77.370ms
08-05 21:40:13.017  6942  7154 I art     : Starting a blocking GC Explicit
08-05 21:40:13.102  6942  7154 I art     : Explicit concurrent mark sweep GC freed 1513(87KB) AllocSpace objects, 1(20KB) LOS objects, 23% free, 52MB/68MB, paused 601us total 84.598ms
08-05 21:40:13.126  6942  7154 I art     : Starting a blocking GC Explicit
08-05 21:40:13.199  6942  7154 I art     : Explicit concurrent mark sweep GC freed 26(944B) AllocSpace objects, 0(0B) LOS objects, 23% free, 52MB/68MB, paused 595us total 72.712ms
08-05 21:40:13.223  6942  7154 I art     : Starting a blocking GC Explicit
08-05 21:40:13.294  6942  7154 I art     : Explicit concurrent mark sweep GC freed 3(96B) AllocSpace objects, 0(0B) LOS objects, 23% free, 52MB/68MB, paused 597us total 70.811ms
08-05 21:40:13.319  6942  7154 I art     : Starting a blocking GC Explicit
08-05 21:40:13.399  6942  7154 I art     : Explicit concurrent mark sweep GC freed 6(192B) AllocSpace objects, 0(0B) LOS objects, 23% free, 52MB/68MB, paused 763us total 79.237ms
08-05 21:40:13.426  6942  7154 I art     : Starting a blocking GC Explicit
08-05 21:40:13.495  7798  7798 D AndroidRuntime: >>>>>> START com.android.internal.os.RuntimeInit uid 2000 <<<<<<
08-05 21:40:13.498  6942  7154 I art     : Explicit concurrent mark sweep GC freed 15(480B) AllocSpace objects, 0(0B) LOS objects, 23% free, 52MB/68MB, paused 787us total 72.529ms
08-05 21:40:13.501  7798  7798 D AndroidRuntime: CheckJNI is OFF
08-05 21:40:13.543  7798  7798 D ICU     : No timezone override file found: /data/misc/zoneinfo/current/icu/icu_tzdata.dat
08-05 21:40:13.584  7798  7798 I Radio-JNI: register_android_hardware_Radio DONE
08-05 21:40:13.612  7798  7798 D AndroidRuntime: Calling main entry com.android.commands.input.Input
08-05 21:40:13.615  7798  7798 I Input   : injectMotionEvent: MotionEvent { action=ACTION_DOWN, actionButton=0, id[0]=0, x[0]=945.0, y[0]=1376.0, toolType[0]=TOOL_TYPE_UNKNOWN, buttonState=0, metaState=0, flags=0x0, edgeFlags=0x0, pointerCount=1, historySize=0, eventTime=826830027, downTime=826830027, deviceId=0, source=0x1002 }
08-05 21:40:13.621  7798  7798 I Input   : injectMotionEvent: MotionEvent { action=ACTION_UP, actionButton=0, id[0]=0, x[0]=945.0, y[0]=1376.0, toolType[0]=TOOL_TYPE_UNKNOWN, buttonState=0, metaState=0, flags=0x0, edgeFlags=0x0, pointerCount=1, historySize=0, eventTime=826830027, downTime=826830027, deviceId=0, source=0x1002 }
08-05 21:40:13.624  7798  7798 D AndroidRuntime: Shutting down VM
08-05 21:40:13.690   512  2967 D audio_hw_primary: out_set_parameters: enter: usecase(1: low-latency-playback) kvpairs: routing=2
08-05 21:40:13.701 13866 13866 I GoogleInputMethodServic: GoogleInputMethodService.onFinishInput():3138 
08-05 21:40:13.701 13866 13866 I GoogleInputMethodServic: GoogleInputMethodService.onStartInput():1808 
08-05 21:40:13.703   512  2967 D audio_hw_primary: select_devices: out_snd_device(2: speaker) in_snd_device(0: none)
08-05 21:40:13.703   512  2967 D msm8974_platform: platform_send_audio_calibration: sending audio calibration for snd_device(2) acdb_id(15)
08-05 21:40:13.703   512  2967 I soundtrigger: audio_extn_sound_trigger_update_device_status: device 0x2 of type 0 for Event 1
08-05 21:40:13.715   512  2967 D audio_hw_primary: enable_snd_device: snd_device(2: speaker)
08-05 21:40:13.717   512  2967 D audio_hw_primary: enable_audio_route: apply and update mixer path: low-latency-playback speaker
08-05 21:40:13.718 13866 13866 I GoogleInputMethodServic: GoogleInputMethodService.onFinishInput():3138 
08-05 21:40:13.719 13866 13866 I GoogleInputMethodServic: GoogleInputMethodService.onStartInput():1808 
08-05 21:40:13.823  6942  6953 I art     : Starting a blocking GC Explicit
08-05 21:40:13.896  6942  6953 I art     : Explicit concurrent mark sweep GC freed 2509(143KB) AllocSpace objects, 1(20KB) LOS objects, 23% free, 52MB/68MB, paused 662us total 72.100ms
08-05 21:40:13.920  6942  6953 I art     : Starting a blocking GC Explicit
08-05 21:40:13.991  6942  6953 I art     : Explicit concurrent mark sweep GC freed 709(63KB) AllocSpace objects, 0(0B) LOS objects, 23% free, 52MB/68MB, paused 569us total 70.541ms
08-05 21:40:14.015  6942  6953 I art     : Starting a blocking GC Explicit
08-05 21:40:14.035  6942  6967 D OpenGLRenderer: endAllStagingAnimators on 0x7f76082400 (ListPopupWindow$DropDownListView) with handle 0x7f78b72460
08-05 21:40:14.084  6942  6953 I art     : Explicit concurrent mark sweep GC freed 26(1088B) AllocSpace objects, 0(0B) LOS objects, 23% free, 52MB/68MB, paused 605us total 68.757ms
08-05 21:40:14.108  6942  6953 I art     : Starting a blocking GC Explicit
08-05 21:40:14.181  6942  6953 I art     : Explicit concurrent mark sweep GC freed 228(10KB) AllocSpace objects, 0(0B) LOS objects, 23% free, 52MB/68MB, paused 596us total 73.189ms
08-05 21:40:14.207  6942  6953 I art     : Starting a blocking GC Explicit
08-05 21:40:14.279   512  2967 D audio_hw_primary: disable_audio_route: reset and update mixer path: low-latency-playback speaker
08-05 21:40:14.280   512  2967 D audio_hw_primary: disable_snd_device: snd_device(2: speaker)
08-05 21:40:14.285  6942  6953 I art     : Explicit concurrent mark sweep GC freed 427(32KB) AllocSpace objects, 0(0B) LOS objects, 23% free, 52MB/68MB, paused 589us total 77.732ms
08-05 21:40:14.288   512  2967 I soundtrigger: audio_extn_sound_trigger_update_device_status: device 0x2 of type 0 for Event 0
08-05 21:40:14.620  6942  7576 I art     : Starting a blocking GC Explicit
08-05 21:40:14.716  6942  7576 I art     : Explicit concurrent mark sweep GC freed 1513(87KB) AllocSpace objects, 1(20KB) LOS objects, 23% free, 52MB/68MB, paused 593us total 95.452ms
08-05 21:40:14.741  6942  7576 I art     : Starting a blocking GC Explicit
08-05 21:40:14.816  6942  7576 I art     : Explicit concurrent mark sweep GC freed 26(944B) AllocSpace objects, 0(0B) LOS objects, 23% free, 52MB/68MB, paused 562us total 75.290ms
08-05 21:40:14.839  6942  7576 I art     : Starting a blocking GC Explicit
08-05 21:40:14.902  6942  7576 I art     : Explicit concurrent mark sweep GC freed 3(96B) AllocSpace objects, 0(0B) LOS objects, 23% free, 52MB/68MB, paused 557us total 62.469ms
08-05 21:40:14.923  6942  7576 I art     : Starting a blocking GC Explicit
08-05 21:40:14.989  6942  7576 I art     : Explicit concurrent mark sweep GC freed 3(96B) AllocSpace objects, 0(0B) LOS objects, 23% free, 52MB/68MB, paused 606us total 65.217ms
08-05 21:40:15.012  6942  7576 I art     : Starting a blocking GC Explicit
08-05 21:40:15.084  6942  7576 I art     : Explicit concurrent mark sweep GC freed 3(96B) AllocSpace objects, 0(0B) LOS objects, 23% free, 52MB/68MB, paused 627us total 71.910ms
08-05 21:40:15.368  7839  7839 D AndroidRuntime: >>>>>> START com.android.internal.os.RuntimeInit uid 2000 <<<<<<
08-05 21:40:15.374  7839  7839 D AndroidRuntime: CheckJNI is OFF
08-05 21:40:15.402  6942  6953 I art     : Starting a blocking GC Explicit
08-05 21:40:15.420  7839  7839 D ICU     : No timezone override file found: /data/misc/zoneinfo/current/icu/icu_tzdata.dat
08-05 21:40:15.466  7839  7839 I Radio-JNI: register_android_hardware_Radio DONE
08-05 21:40:15.483  6942  6953 I art     : Explicit concurrent mark sweep GC freed 1527(88KB) AllocSpace objects, 1(20KB) LOS objects, 23% free, 52MB/68MB, paused 647us total 81.243ms
08-05 21:40:15.495  7839  7839 D AndroidRuntime: Calling main entry com.android.commands.input.Input
08-05 21:40:15.499  7839  7839 I Input   : injectMotionEvent: MotionEvent { action=ACTION_DOWN, actionButton=0, id[0]=0, x[0]=481.0, y[0]=544.0, toolType[0]=TOOL_TYPE_UNKNOWN, buttonState=0, metaState=0, flags=0x0, edgeFlags=0x0, pointerCount=1, historySize=0, eventTime=826831910, downTime=826831910, deviceId=0, source=0x1002 }
08-05 21:40:15.507  7839  7839 I Input   : injectMotionEvent: MotionEvent { action=ACTION_UP, actionButton=0, id[0]=0, x[0]=481.0, y[0]=544.0, toolType[0]=TOOL_TYPE_UNKNOWN, buttonState=0, metaState=0, flags=0x0, edgeFlags=0x0, pointerCount=1, historySize=0, eventTime=826831910, downTime=826831910, deviceId=0, source=0x1002 }
08-05 21:40:15.508  6942  6953 I art     : Starting a blocking GC Explicit
08-05 21:40:15.510  7839  7839 D AndroidRuntime: Shutting down VM
08-05 21:40:15.576  6942  6953 I art     : Explicit concurrent mark sweep GC freed 280(10KB) AllocSpace objects, 0(0B) LOS objects, 23% free, 52MB/68MB, paused 959us total 68.073ms
08-05 21:40:15.600  6942  6953 I art     : Starting a blocking GC Explicit
08-05 21:40:15.671  6942  6953 I art     : Explicit concurrent mark sweep GC freed 515(24KB) AllocSpace objects, 0(0B) LOS objects, 23% free, 52MB/68MB, paused 597us total 70.730ms
08-05 21:40:15.672  6942  6952 I art     : WaitForGcToComplete blocked for 55.433ms for cause HeapTrim
08-05 21:40:15.694  6942  6953 I art     : Starting a blocking GC Explicit
08-05 21:40:15.761  6942  6953 I art     : Explicit concurrent mark sweep GC freed 56(2416B) AllocSpace objects, 0(0B) LOS objects, 23% free, 52MB/68MB, paused 581us total 66.803ms
08-05 21:40:15.784  6942  6953 I art     : Starting a blocking GC Explicit
08-05 21:40:15.851  6942  6953 I art     : Explicit concurrent mark sweep GC freed 30(1232B) AllocSpace objects, 0(0B) LOS objects, 23% free, 52MB/68MB, paused 628us total 66.680ms
08-05 21:40:16.205  6942  6953 I art     : Starting a blocking GC Explicit
08-05 21:40:16.284  6942  6953 I art     : Explicit concurrent mark sweep GC freed 1831(102KB) AllocSpace objects, 1(20KB) LOS objects, 23% free, 52MB/68MB, paused 599us total 78.195ms
08-05 21:40:16.308  6942  6953 I art     : Starting a blocking GC Explicit
08-05 21:40:16.385  6942  6953 I art     : Explicit concurrent mark sweep GC freed 36(1264B) AllocSpace objects, 0(0B) LOS objects, 23% free, 52MB/68MB, paused 618us total 76.679ms
08-05 21:40:16.411  6942  6953 I art     : Starting a blocking GC Explicit
08-05 21:40:16.488  6942  6953 I art     : Explicit concurrent mark sweep GC freed 3(96B) AllocSpace objects, 0(0B) LOS objects, 23% free, 52MB/68MB, paused 611us total 77.161ms
08-05 21:40:16.513  6942  6953 I art     : Starting a blocking GC Explicit
08-05 21:40:16.590  6942  6953 I art     : Explicit concurrent mark sweep GC freed 3(96B) AllocSpace objects, 0(0B) LOS objects, 23% free, 52MB/68MB, paused 586us total 75.969ms
08-05 21:40:16.613  6942  6953 I art     : Starting a blocking GC Explicit
08-05 21:40:16.690  6942  6953 I art     : Explicit concurrent mark sweep GC freed 3(96B) AllocSpace objects, 0(0B) LOS objects, 23% free, 52MB/68MB, paused 607us total 76.351ms
08-05 21:40:17.006  6942  7576 I art     : Starting a blocking GC Explicit
08-05 21:40:17.094  6942  7576 I art     : Explicit concurrent mark sweep GC freed 1513(87KB) AllocSpace objects, 1(20KB) LOS objects, 23% free, 52MB/68MB, paused 624us total 87.638ms
08-05 21:40:17.118  6942  7576 I art     : Starting a blocking GC Explicit
08-05 21:40:17.197  6942  7576 I art     : Explicit concurrent mark sweep GC freed 27(976B) AllocSpace objects, 0(0B) LOS objects, 23% free, 52MB/68MB, paused 627us total 78.505ms
08-05 21:40:17.224  6942  7576 I art     : Starting a blocking GC Explicit
08-05 21:40:17.292  7873  7873 D AndroidRuntime: >>>>>> START com.android.internal.os.RuntimeInit uid 2000 <<<<<<
08-05 21:40:17.296  6942  7576 I art     : Explicit concurrent mark sweep GC freed 15(480B) AllocSpace objects, 0(0B) LOS objects, 23% free, 52MB/68MB, paused 599us total 71.954ms
08-05 21:40:17.297  7873  7873 D AndroidRuntime: CheckJNI is OFF
08-05 21:40:17.320  6942  7576 I art     : Starting a blocking GC Explicit
08-05 21:40:17.341  7873  7873 D ICU     : No timezone override file found: /data/misc/zoneinfo/current/icu/icu_tzdata.dat
08-05 21:40:17.385  7873  7873 I Radio-JNI: register_android_hardware_Radio DONE
08-05 21:40:17.394  6942  7576 I art     : Explicit concurrent mark sweep GC freed 15(480B) AllocSpace objects, 0(0B) LOS objects, 23% free, 52MB/68MB, paused 650us total 73.305ms
08-05 21:40:17.415  7873  7873 D AndroidRuntime: Calling main entry com.android.commands.input.Input
08-05 21:40:17.417  7873  7873 I Input   : injectMotionEvent: MotionEvent { action=ACTION_DOWN, actionButton=0, id[0]=0, x[0]=310.0, y[0]=906.0, toolType[0]=TOOL_TYPE_UNKNOWN, buttonState=0, metaState=0, flags=0x0, edgeFlags=0x0, pointerCount=1, historySize=0, eventTime=826833829, downTime=826833829, deviceId=0, source=0x1002 }
08-05 21:40:17.417  6942  7576 I art     : Starting a blocking GC Explicit
08-05 21:40:17.423  7873  7873 I Input   : injectMotionEvent: MotionEvent { action=ACTION_UP, actionButton=0, id[0]=0, x[0]=310.0, y[0]=906.0, toolType[0]=TOOL_TYPE_UNKNOWN, buttonState=0, metaState=0, flags=0x0, edgeFlags=0x0, pointerCount=1, historySize=0, eventTime=826833829, downTime=826833829, deviceId=0, source=0x1002 }
08-05 21:40:17.425  7873  7873 D AndroidRuntime: Shutting down VM
08-05 21:40:17.489  6942  7576 I art     : Explicit concurrent mark sweep GC freed 28(1008B) AllocSpace objects, 0(0B) LOS objects, 23% free, 52MB/68MB, paused 743us total 70.796ms
08-05 21:40:17.491   512  2967 D audio_hw_primary: out_set_parameters: enter: usecase(1: low-latency-playback) kvpairs: routing=2
08-05 21:40:17.504 13866 13866 I GoogleInputMethodServic: GoogleInputMethodService.onFinishInput():3138 
08-05 21:40:17.504   512  2967 D audio_hw_primary: select_devices: out_snd_device(2: speaker) in_snd_device(0: none)
08-05 21:40:17.504   512  2967 D msm8974_platform: platform_send_audio_calibration: sending audio calibration for snd_device(2) acdb_id(15)
08-05 21:40:17.504   512  2967 I soundtrigger: audio_extn_sound_trigger_update_device_status: device 0x2 of type 0 for Event 1
08-05 21:40:17.505 13866 13866 I GoogleInputMethodServic: GoogleInputMethodService.onStartInput():1808 
08-05 21:40:17.515   512  2967 D audio_hw_primary: enable_snd_device: snd_device(2: speaker)
08-05 21:40:17.518 13866 13866 I GoogleInputMethodServic: GoogleInputMethodService.onFinishInput():3138 
08-05 21:40:17.518   512  2967 D audio_hw_primary: enable_audio_route: apply and update mixer path: low-latency-playback speaker
08-05 21:40:17.519 13866 13866 I GoogleInputMethodServic: GoogleInputMethodService.onStartInput():1808 
08-05 21:40:17.800  6942  7576 I art     : Starting a blocking GC Explicit
08-05 21:40:17.822  6942  6967 D OpenGLRenderer: endAllStagingAnimators on 0x7f8079f000 (ListPopupWindow$DropDownListView) with handle 0x7f7e60eb40
08-05 21:40:17.866  6942  7576 I art     : Explicit concurrent mark sweep GC freed 2552(135KB) AllocSpace objects, 1(20KB) LOS objects, 23% free, 52MB/68MB, paused 583us total 66.100ms
08-05 21:40:17.889  6942  7576 I art     : Starting a blocking GC Explicit
08-05 21:40:17.957  6942  7576 I art     : Explicit concurrent mark sweep GC freed 765(66KB) AllocSpace objects, 0(0B) LOS objects, 23% free, 52MB/68MB, paused 593us total 68.003ms
08-05 21:40:17.979  6942  7576 I art     : Starting a blocking GC Explicit
08-05 21:40:18.049  6942  7576 I art     : Explicit concurrent mark sweep GC freed 476(31KB) AllocSpace objects, 0(0B) LOS objects, 23% free, 52MB/68MB, paused 583us total 69.688ms
08-05 21:40:18.058   512  2967 D audio_hw_primary: disable_audio_route: reset and update mixer path: low-latency-playback speaker
08-05 21:40:18.059   512  2967 D audio_hw_primary: disable_snd_device: snd_device(2: speaker)
08-05 21:40:18.067   512  2967 I soundtrigger: audio_extn_sound_trigger_update_device_status: device 0x2 of type 0 for Event 0
08-05 21:40:18.067 32572 32572 I ServiceManager: Waiting for service AtCmdFwd...
08-05 21:40:18.071  6942  7576 I art     : Starting a blocking GC Explicit
08-05 21:40:18.145  6942  7576 I art     : Explicit concurrent mark sweep GC freed 3(96B) AllocSpace objects, 0(0B) LOS objects, 23% free, 52MB/68MB, paused 547us total 73.030ms
08-05 21:40:18.168  6942  7576 I art     : Starting a blocking GC Explicit
08-05 21:40:18.245  6942  7576 I art     : Explicit concurrent mark sweep GC freed 3(96B) AllocSpace objects, 0(0B) LOS objects, 23% free, 52MB/68MB, paused 590us total 76.293ms
08-05 21:40:18.580  6942  7154 I art     : Starting a blocking GC Explicit
08-05 21:40:18.677  6942  7154 I art     : Explicit concurrent mark sweep GC freed 1513(87KB) AllocSpace objects, 1(20KB) LOS objects, 23% free, 52MB/68MB, paused 585us total 96.665ms
08-05 21:40:18.701 13866 13882 I PeriodicStatsRunner: PeriodicStatsRunner.call():175 call()
08-05 21:40:18.701 13866 13882 I PeriodicStatsRunner: PeriodicStatsRunner.call():179 No submit PeriodicStats since input started.
08-05 21:40:18.702  6942  7154 I art     : Starting a blocking GC Explicit
08-05 21:40:18.719 13866 13882 I PeriodicStatsRunner: PeriodicStatsRunner.call():175 call()
08-05 21:40:18.719 13866 13882 I PeriodicStatsRunner: PeriodicStatsRunner.call():179 No submit PeriodicStats since input started.
08-05 21:40:18.771  6942  7154 I art     : Explicit concurrent mark sweep GC freed 26(944B) AllocSpace objects, 0(0B) LOS objects, 23% free, 52MB/68MB, paused 597us total 68.523ms
08-05 21:40:18.794  6942  7154 I art     : Starting a blocking GC Explicit
08-05 21:40:18.868  6942  7154 I art     : Explicit concurrent mark sweep GC freed 3(96B) AllocSpace objects, 0(0B) LOS objects, 23% free, 52MB/68MB, paused 582us total 73.553ms
08-05 21:40:18.892  6942  7154 I art     : Starting a blocking GC Explicit
08-05 21:40:18.911  3167  3280 W FirebaseInstanceId: Token retrieval failed: SERVICE_NOT_AVAILABLE. Will retry token retrieval
08-05 21:40:18.966  6942  7154 I art     : Explicit concurrent mark sweep GC freed 3(96B) AllocSpace objects, 0(0B) LOS objects, 23% free, 52MB/68MB, paused 587us total 73.537ms
08-05 21:40:18.990  6942  7154 I art     : Starting a blocking GC Explicit
08-05 21:40:19.062  6942  7154 I art     : Explicit concurrent mark sweep GC freed 3(96B) AllocSpace objects, 0(0B) LOS objects, 23% free, 52MB/68MB, paused 609us total 71.790ms
08-05 21:40:19.068 32572 32572 I ServiceManager: Waiting for service AtCmdFwd...
08-05 21:40:19.217  7917  7917 D AndroidRuntime: >>>>>> START com.android.internal.os.RuntimeInit uid 2000 <<<<<<
08-05 21:40:19.225  7917  7917 D AndroidRuntime: CheckJNI is OFF
08-05 21:40:19.270  7917  7917 D ICU     : No timezone override file found: /data/misc/zoneinfo/current/icu/icu_tzdata.dat
08-05 21:40:19.313  7917  7917 I Radio-JNI: register_android_hardware_Radio DONE
08-05 21:40:19.342  7917  7917 D AndroidRuntime: Calling main entry com.android.commands.input.Input
08-05 21:40:19.344  7917  7917 I Input   : injectMotionEvent: MotionEvent { action=ACTION_DOWN, actionButton=0, id[0]=0, x[0]=648.0, y[0]=709.0, toolType[0]=TOOL_TYPE_UNKNOWN, buttonState=0, metaState=0, flags=0x0, edgeFlags=0x0, pointerCount=1, historySize=0, eventTime=826835756, downTime=826835756, deviceId=0, source=0x1002 }
08-05 21:40:19.349  7917  7917 I Input   : injectMotionEvent: MotionEvent { action=ACTION_UP, actionButton=0, id[0]=0, x[0]=648.0, y[0]=709.0, toolType[0]=TOOL_TYPE_UNKNOWN, buttonState=0, metaState=0, flags=0x0, edgeFlags=0x0, pointerCount=1, historySize=0, eventTime=826835756, downTime=826835756, deviceId=0, source=0x1002 }
08-05 21:40:19.352  7917  7917 D AndroidRuntime: Shutting down VM
08-05 21:40:19.417   512  2967 D audio_hw_primary: out_set_parameters: enter: usecase(1: low-latency-playback) kvpairs: routing=2
08-05 21:40:19.427  6942  6954 I art     : Starting a blocking GC Explicit
08-05 21:40:19.430   512  2967 D audio_hw_primary: select_devices: out_snd_device(2: speaker) in_snd_device(0: none)
08-05 21:40:19.430   512  2967 D msm8974_platform: platform_send_audio_calibration: sending audio calibration for snd_device(2) acdb_id(15)
08-05 21:40:19.430   512  2967 I soundtrigger: audio_extn_sound_trigger_update_device_status: device 0x2 of type 0 for Event 1
08-05 21:40:19.441   512  2967 D audio_hw_primary: enable_snd_device: snd_device(2: speaker)
08-05 21:40:19.443   512  2967 D audio_hw_primary: enable_audio_route: apply and update mixer path: low-latency-playback speaker
08-05 21:40:19.511  6942  6954 I art     : Explicit concurrent mark sweep GC freed 2241(139KB) AllocSpace objects, 2(40KB) LOS objects, 23% free, 52MB/68MB, paused 850us total 83.790ms
08-05 21:40:19.534  6942  6954 I art     : Starting a blocking GC Explicit
08-05 21:40:19.566 15866 15897 I Finsky  : [6071] ktr.run(-1): Stats for Executor: BlockingExecutor kvs@43d8fc2[Running, pool size = 1, active threads = 0, queued tasks = 0, completed tasks = 91]
08-05 21:40:19.569 15866 15897 I Finsky  : [6071] ktr.run(-1): Stats for Executor: LightweightExecutor kvs@20f81d3[Running, pool size = 4, active threads = 0, queued tasks = 0, completed tasks = 77]
08-05 21:40:19.607  6942  6954 I art     : Explicit concurrent mark sweep GC freed 177(12KB) AllocSpace objects, 0(0B) LOS objects, 23% free, 52MB/68MB, paused 635us total 72.990ms
08-05 21:40:19.632  6942  6954 I art     : Starting a blocking GC Explicit
08-05 21:40:19.715  6942  6954 I art     : Explicit concurrent mark sweep GC freed 22(944B) AllocSpace objects, 0(0B) LOS objects, 23% free, 52MB/68MB, paused 609us total 82.640ms
08-05 21:40:19.745  6942  6954 I art     : Starting a blocking GC Explicit
08-05 21:40:19.837  6942  6954 I art     : Explicit concurrent mark sweep GC freed 3(96B) AllocSpace objects, 0(0B) LOS objects, 23% free, 52MB/68MB, paused 657us total 92.592ms
08-05 21:40:19.869  6942  6954 I art     : Starting a blocking GC Explicit
08-05 21:40:19.949  6942  6954 I art     : Explicit concurrent mark sweep GC freed 9(320B) AllocSpace objects, 0(0B) LOS objects, 23% free, 52MB/68MB, paused 625us total 80.503ms
08-05 21:40:19.979   512  2967 D audio_hw_primary: disable_audio_route: reset and update mixer path: low-latency-playback speaker
08-05 21:40:19.981   512  2967 D audio_hw_primary: disable_snd_device: snd_device(2: speaker)
08-05 21:40:19.992   512  2967 I soundtrigger: audio_extn_sound_trigger_update_device_status: device 0x2 of type 0 for Event 0
08-05 21:40:20.068 32572 32572 I ServiceManager: Waiting for service AtCmdFwd...
08-05 21:40:20.304  6942  7576 I art     : Starting a blocking GC Explicit
08-05 21:40:20.389  6942  7576 I art     : Explicit concurrent mark sweep GC freed 1515(88KB) AllocSpace objects, 1(20KB) LOS objects, 23% free, 52MB/68MB, paused 610us total 85.156ms
08-05 21:40:20.414  6942  7576 I art     : Starting a blocking GC Explicit
08-05 21:40:20.493  6942  7576 I art     : Explicit concurrent mark sweep GC freed 30(1072B) AllocSpace objects, 0(0B) LOS objects, 23% free, 52MB/68MB, paused 628us total 78.145ms
08-05 21:40:20.518  6942  7576 I art     : Starting a blocking GC Explicit
08-05 21:40:20.596  6942  7576 I art     : Explicit concurrent mark sweep GC freed 3(96B) AllocSpace objects, 0(0B) LOS objects, 23% free, 52MB/68MB, paused 574us total 77.950ms
08-05 21:40:20.620  6942  7576 I art     : Starting a blocking GC Explicit
08-05 21:40:20.621 15866 15897 I Finsky  : [6071] ktr.run(-1): Stats for Executor: bgExecutor kvs@65ac110[Running, pool size = 4, active threads = 0, queued tasks = 0, completed tasks = 284]
08-05 21:40:20.691  6942  7576 I art     : Explicit concurrent mark sweep GC freed 3(96B) AllocSpace objects, 0(0B) LOS objects, 23% free, 52MB/68MB, paused 601us total 71.106ms
08-05 21:40:20.715  6942  7576 I art     : Starting a blocking GC Explicit
08-05 21:40:20.790  6942  7576 I art     : Explicit concurrent mark sweep GC freed 3(96B) AllocSpace objects, 0(0B) LOS objects, 23% free, 52MB/68MB, paused 597us total 75.079ms
