08-05 21:40:37.921  6942  6960 D GreedyPrefetchingStrategyOnVisitFrequencyAndTime: 	- Aggregated frequency = 14
08-05 21:40:37.923  6942  6960 D GreedyPrefetchingStrategyOnVisitFrequencyAndTime: Calculated scores:
08-05 21:40:37.923  6942  6960 D GreedyPrefetchingStrategyOnVisitFrequencyAndTime: 	- Parent score = 1.0
08-05 21:40:37.923  6942  6960 D GreedyPrefetchingStrategyOnVisitFrequencyAndTime: 	- Successor time score = 0.5
08-05 21:40:37.923  6942  6960 D GreedyPrefetchingStrategyOnVisitFrequencyAndTime: 	- Successor frequency score = 0.5
08-05 21:40:37.923  6942  6960 D GreedyPrefetchingStrategyOnVisitFrequencyAndTime: 	- Successor final score = 1.0
08-05 21:40:37.923  6942  6960 D GreedyPrefetchingStrategyOnVisitFrequencyAndTime: Switch best successor
08-05 21:40:37.923  6942  6960 D GreedyPrefetchingStrategyOnVisitFrequencyAndTime: CourseListActivity best successor is MainActivity with score 1.0 containing the URLS []
08-05 21:40:37.923  6942  6960 D GreedyPrefetchingStrategyOnVisitFrequencyAndTime: ------------- Recursion #4 -----------
08-05 21:40:37.923  6942  6960 D GreedyPrefetchingStrategyOnVisitFrequencyAndTime: Best successors so far [WelcomeActivity, CourseListActivity, MainActivity]
08-05 21:40:37.923  6942  6960 D GreedyPrefetchingStrategyOnVisitFrequencyAndTime: Checking node MainActivity with 1 successors
08-05 21:40:37.923  6942  6960 D GreedyPrefetchingStrategyOnVisitFrequencyAndTime: Check successor WelcomeActivity
08-05 21:40:37.923  6942  6960 D GreedyPrefetchingStrategyOnVisitFrequencyAndTime: This successor was visited in a previous recursion
08-05 21:40:37.923  6942  6960 D GreedyPrefetchingStrategyOnVisitFrequencyAndTime: this node has no successors
08-05 21:40:37.923  6942  6960 D GreedyPrefetchingStrategyOnVisitFrequencyAndTime: Next visited child will be [nappagreedy.com.ak.uobtimetable.WelcomeActivity, nappagreedy.com.ak.uobtimetable.CourseListActivity, nappagreedy.com.ak.uobtimetable.MainActivity]
08-05 21:40:37.923  6942  6960 D GreedyPrefetchingStrategyOnVisitFrequencyAndTime: ==================================
08-05 21:40:37.923  6942  6960 D Nappa   : PREFETCH_ON_EXTRA - setCurrentActivity - finished new prediction
08-05 21:40:37.948  6942  7576 I art     : Explicit concurrent mark sweep GC freed 30043(1240KB) AllocSpace objects, 0(0B) LOS objects, 23% free, 52MB/68MB, paused 1.238ms total 68.799ms
08-05 21:40:37.970  6942  7576 I art     : Starting a blocking GC Explicit
08-05 21:40:38.042  6942  7576 I art     : Explicit concurrent mark sweep GC freed 31260(1281KB) AllocSpace objects, 0(0B) LOS objects, 23% free, 52MB/68MB, paused 1.525ms total 72.103ms
08-05 21:40:38.070 32572 32572 I ServiceManager: Waiting for service AtCmdFwd...
08-05 21:40:38.391  6942  6954 I art     : Starting a blocking GC Explicit
08-05 21:40:38.492   918   936 I ActivityManager: Displayed nappagreedy.com.ak.uobtimetable/.MainActivity: +1s414ms
08-05 21:40:38.494  6942  6954 I art     : Explicit concurrent mark sweep GC freed 141611(5MB) AllocSpace objects, 1(20KB) LOS objects, 23% free, 53MB/69MB, paused 884us total 102.755ms
08-05 21:40:38.494 13866 13866 I GoogleInputMethodServic: GoogleInputMethodService.onFinishInput():3138 
08-05 21:40:38.495 13866 13866 I GoogleInputMethodServic: GoogleInputMethodService.onStartInput():1808 
08-05 21:40:38.498  6942  6942 D ActivityNode: Observer - session data - sourceWelcomeActivity
08-05 21:40:38.498  6942  6942 D ActivityNode: destinations:
08-05 21:40:38.498  6942  6942 D ActivityNode: 	nappagreedy.com.ak.uobtimetable.CourseListActivity( count 5)
08-05 21:40:38.498  6942  6942 D ActivityNode: Observer - session data - sourceMainActivity
08-05 21:40:38.498  6942  6942 D ActivityNode: destinations:
08-05 21:40:38.498  6942  6942 D ActivityNode: 	nappagreedy.com.ak.uobtimetable.WelcomeActivity( count 5)
08-05 21:40:38.498  6942  6942 D ActivityNode: Observer - session data - sourceCourseListActivity
08-05 21:40:38.498  6942  6942 D ActivityNode: destinations:
08-05 21:40:38.498  6942  6942 D ActivityNode: 	nappagreedy.com.ak.uobtimetable.MainActivity( count 15)
08-05 21:40:38.498  6942  6942 I Choreographer: Skipped 52 frames!  The application may be doing too much work on its main thread.
08-05 21:40:38.518  6942  6954 I art     : Starting a blocking GC Explicit
08-05 21:40:38.599  6942  6954 I art     : Explicit concurrent mark sweep GC freed 35687(1625KB) AllocSpace objects, 0(0B) LOS objects, 23% free, 53MB/69MB, paused 1.590ms total 81.011ms
08-05 21:40:38.624  6942  6954 I art     : Starting a blocking GC Explicit
08-05 21:40:38.711  6942  6954 I art     : Explicit concurrent mark sweep GC freed 35078(1446KB) AllocSpace objects, 0(0B) LOS objects, 23% free, 53MB/69MB, paused 1.492ms total 86.867ms
08-05 21:40:38.737  6942  6954 I art     : Starting a blocking GC Explicit
08-05 21:40:38.823  6942  6954 I art     : Explicit concurrent mark sweep GC freed 35849(1461KB) AllocSpace objects, 0(0B) LOS objects, 23% free, 53MB/69MB, paused 1.560ms total 85.982ms
08-05 21:40:38.848  6942  6954 I art     : Starting a blocking GC Explicit
08-05 21:40:38.861  6942  6942 I TermDatesFragment: Webview load %: 70
08-05 21:40:38.887  6942  6942 I TermDatesFragment: Webview load %: 100
08-05 21:40:38.887  6942  6942 I TermDatesFragment: Webview load %: 100
08-05 21:40:38.905  6942  6942 D NappaLifecycleObserver: nappagreedy.com.ak.uobtimetable.CourseListActivity - onDestroy
08-05 21:40:38.905  6942  6942 D NappaLifecycleObserver: -------------F1_SCORE #12 -----------
08-05 21:40:38.906  6942  6942 D NappaLifecycleObserver: F1_SCORE - Intercept list (3)= [https://uob-timetable-api.adriankeenan.co.uk/courses, https://uob-timetable-api.adriankeenan.co.uk/sessions?dept=BD002&course=CFIEFAAF%2F02AA%2F0%2FFT&level=ALL+Courses, https://uob-timetable-api.adriankeenan.co.uk/sessions?dept=CM010&course=BSAIFAAF%2F02AA%2F0%2FFT&level=Foundation+Year]
08-05 21:40:38.906  6942  6942 D NappaLifecycleObserver: F1_SCORE - Prefetch list (0)= []
08-05 21:40:38.906  6942  6942 D NappaLifecycleObserver: F1_SCORE - TP list (0)= []
08-05 21:40:38.906  6942  6942 D NappaLifecycleObserver: F1_SCORE - FN list (3)= [https://uob-timetable-api.adriankeenan.co.uk/courses, https://uob-timetable-api.adriankeenan.co.uk/sessions?dept=BD002&course=CFIEFAAF%2F02AA%2F0%2FFT&level=ALL+Courses, https://uob-timetable-api.adriankeenan.co.uk/sessions?dept=CM010&course=BSAIFAAF%2F02AA%2F0%2FFT&level=Foundation+Year]
08-05 21:40:38.906  6942  6942 I NAPPA_EXPERIMENTATION: MetricPrefetchingAccuracy: LOG_ID='13',F1_SCORE_1='0.0',F1_SCORE_2='0.0',TRUE_POSITIVE='0',FALSE_POSITIVE='0',FALSE_NEGATIVE='3',
08-05 21:40:38.922  6942  6954 I art     : Explicit concurrent mark sweep GC freed 1871(137KB) AllocSpace objects, 0(0B) LOS objects, 23% free, 53MB/69MB, paused 814us total 73.449ms
08-05 21:40:39.071 32572 32572 I ServiceManager: Waiting for service AtCmdFwd...
08-05 21:40:39.269  6942  6953 I art     : Starting a blocking GC Explicit
08-05 21:40:39.354  6942  6953 I art     : Explicit concurrent mark sweep GC freed 2113(117KB) AllocSpace objects, 1(20KB) LOS objects, 23% free, 53MB/69MB, paused 756us total 84.878ms
08-05 21:40:39.380  6942  6953 I art     : Starting a blocking GC Explicit
08-05 21:40:39.447  6942  6953 I art     : Explicit concurrent mark sweep GC freed 121791(11MB) AllocSpace objects, 3(136KB) LOS objects, 27% free, 41MB/57MB, paused 825us total 67.014ms
08-05 21:40:39.462  6942  6953 I art     : Starting a blocking GC Explicit
08-05 21:40:39.507  6942  6953 I art     : Explicit concurrent mark sweep GC freed 10(352B) AllocSpace objects, 0(0B) LOS objects, 27% free, 41MB/57MB, paused 660us total 44.155ms
08-05 21:40:39.523  6942  6953 I art     : Starting a blocking GC Explicit
08-05 21:40:39.571  6942  6953 I art     : Explicit concurrent mark sweep GC freed 3(96B) AllocSpace objects, 0(0B) LOS objects, 27% free, 41MB/57MB, paused 681us total 47.581ms
08-05 21:40:39.587  6942  6953 I art     : Starting a blocking GC Explicit
08-05 21:40:39.634  6942  6953 I art     : Explicit concurrent mark sweep GC freed 3(96B) AllocSpace objects, 0(0B) LOS objects, 27% free, 41MB/57MB, paused 691us total 47.061ms
08-05 21:40:39.984  6942  7576 I art     : Starting a blocking GC Explicit
08-05 21:40:40.039  6942  7576 I art     : Explicit concurrent mark sweep GC freed 1513(87KB) AllocSpace objects, 1(20KB) LOS objects, 27% free, 41MB/57MB, paused 739us total 54.106ms
08-05 21:40:40.058  6942  7576 I art     : Starting a blocking GC Explicit
08-05 21:40:40.072 32572 32572 I ServiceManager: Waiting for service AtCmdFwd...
08-05 21:40:40.109  6942  7576 I art     : Explicit concurrent mark sweep GC freed 26(944B) AllocSpace objects, 0(0B) LOS objects, 27% free, 41MB/57MB, paused 679us total 51.220ms
08-05 21:40:40.127  6942  7576 I art     : Starting a blocking GC Explicit
08-05 21:40:40.184  6942  7576 I art     : Explicit concurrent mark sweep GC freed 3(96B) AllocSpace objects, 0(0B) LOS objects, 27% free, 41MB/57MB, paused 738us total 55.788ms
08-05 21:40:40.205  6942  7576 I art     : Starting a blocking GC Explicit
08-05 21:40:40.256  6942  7576 I art     : Explicit concurrent mark sweep GC freed 3(96B) AllocSpace objects, 0(0B) LOS objects, 27% free, 41MB/57MB, paused 700us total 51.344ms
08-05 21:40:40.274  6942  7576 I art     : Starting a blocking GC Explicit
08-05 21:40:40.329  6942  7576 I art     : Explicit concurrent mark sweep GC freed 3(96B) AllocSpace objects, 0(0B) LOS objects, 27% free, 41MB/57MB, paused 714us total 54.080ms
08-05 21:40:40.687  6942  6954 I art     : Starting a blocking GC Explicit
08-05 21:40:40.750  6942  6954 I art     : Explicit concurrent mark sweep GC freed 1511(87KB) AllocSpace objects, 1(20KB) LOS objects, 27% free, 41MB/57MB, paused 774us total 63.406ms
08-05 21:40:40.772  6942  6954 I art     : Starting a blocking GC Explicit
08-05 21:40:40.825  6942  6954 I art     : Explicit concurrent mark sweep GC freed 26(944B) AllocSpace objects, 0(0B) LOS objects, 27% free, 41MB/57MB, paused 682us total 52.794ms
08-05 21:40:40.843  6942  6954 I art     : Starting a blocking GC Explicit
08-05 21:40:40.896  6942  6954 I art     : Explicit concurrent mark sweep GC freed 3(96B) AllocSpace objects, 0(0B) LOS objects, 27% free, 41MB/57MB, paused 709us total 52.795ms
08-05 21:40:40.914  6942  6954 I art     : Starting a blocking GC Explicit
08-05 21:40:40.966  6942  6954 I art     : Explicit concurrent mark sweep GC freed 3(96B) AllocSpace objects, 0(0B) LOS objects, 27% free, 41MB/57MB, paused 702us total 52.268ms
08-05 21:40:40.984  6942  6954 I art     : Starting a blocking GC Explicit
08-05 21:40:41.037  6942  6954 I art     : Explicit concurrent mark sweep GC freed 3(96B) AllocSpace objects, 0(0B) LOS objects, 27% free, 41MB/57MB, paused 712us total 52.235ms
08-05 21:40:41.072 32572 32572 I ServiceManager: Waiting for service AtCmdFwd...
08-05 21:40:41.387  6942  7154 I art     : Starting a blocking GC Explicit
08-05 21:40:41.439  6942  7154 I art     : Explicit concurrent mark sweep GC freed 1513(88KB) AllocSpace objects, 1(20KB) LOS objects, 27% free, 41MB/57MB, paused 733us total 52.293ms
08-05 21:40:41.457  6942  7154 I art     : Starting a blocking GC Explicit
08-05 21:40:41.507  6942  7154 I art     : Explicit concurrent mark sweep GC freed 26(944B) AllocSpace objects, 0(0B) LOS objects, 27% free, 41MB/57MB, paused 740us total 50.340ms
08-05 21:40:41.524  6942  7154 I art     : Starting a blocking GC Explicit
08-05 21:40:41.575  6942  7154 I art     : Explicit concurrent mark sweep GC freed 3(96B) AllocSpace objects, 0(0B) LOS objects, 27% free, 41MB/57MB, paused 677us total 50.010ms
08-05 21:40:41.592  6942  7154 I art     : Starting a blocking GC Explicit
08-05 21:40:41.643  6942  7154 I art     : Explicit concurrent mark sweep GC freed 3(96B) AllocSpace objects, 0(0B) LOS objects, 27% free, 41MB/57MB, paused 705us total 51.139ms
08-05 21:40:41.661  6942  7154 I art     : Starting a blocking GC Explicit
08-05 21:40:41.712  6942  7154 I art     : Explicit concurrent mark sweep GC freed 3(96B) AllocSpace objects, 0(0B) LOS objects, 27% free, 41MB/57MB, paused 701us total 50.778ms
08-05 21:40:41.822  8312  8312 D AndroidRuntime: >>>>>> START com.android.internal.os.RuntimeInit uid 2000 <<<<<<
08-05 21:40:41.831  8312  8312 D AndroidRuntime: CheckJNI is OFF
08-05 21:40:41.873  8312  8312 D ICU     : No timezone override file found: /data/misc/zoneinfo/current/icu/icu_tzdata.dat
08-05 21:40:41.917  8312  8312 I Radio-JNI: register_android_hardware_Radio DONE
08-05 21:40:41.945  8312  8312 D AndroidRuntime: Calling main entry com.android.commands.input.Input
08-05 21:40:41.947  8312  8312 I Input   : injectMotionEvent: MotionEvent { action=ACTION_DOWN, actionButton=0, id[0]=0, x[0]=81.0, y[0]=176.0, toolType[0]=TOOL_TYPE_UNKNOWN, buttonState=0, metaState=0, flags=0x0, edgeFlags=0x0, pointerCount=1, historySize=0, eventTime=826858359, downTime=826858359, deviceId=0, source=0x1002 }
08-05 21:40:41.952  8312  8312 I Input   : injectMotionEvent: MotionEvent { action=ACTION_UP, actionButton=0, id[0]=0, x[0]=81.0, y[0]=176.0, toolType[0]=TOOL_TYPE_UNKNOWN, buttonState=0, metaState=0, flags=0x0, edgeFlags=0x0, pointerCount=1, historySize=0, eventTime=826858359, downTime=826858359, deviceId=0, source=0x1002 }
08-05 21:40:41.955  8312  8312 D AndroidRuntime: Shutting down VM
08-05 21:40:41.963   512  2967 D audio_hw_primary: out_set_parameters: enter: usecase(1: low-latency-playback) kvpairs: routing=2
08-05 21:40:41.977   512  2967 D audio_hw_primary: select_devices: out_snd_device(2: speaker) in_snd_device(0: none)
08-05 21:40:41.977   512  2967 D msm8974_platform: platform_send_audio_calibration: sending audio calibration for snd_device(2) acdb_id(15)
08-05 21:40:41.977   512  2967 I soundtrigger: audio_extn_sound_trigger_update_device_status: device 0x2 of type 0 for Event 1
08-05 21:40:41.987   512  2967 D audio_hw_primary: enable_snd_device: snd_device(2: speaker)
08-05 21:40:41.990   512  2967 D audio_hw_primary: enable_audio_route: apply and update mixer path: low-latency-playback speaker
08-05 21:40:41.995 13866 13866 I GoogleInputMethodServic: GoogleInputMethodService.onFinishInput():3138 
08-05 21:40:41.996 13866 13866 I GoogleInputMethodServic: GoogleInputMethodService.onStartInput():1808 
08-05 21:40:42.047  6942  6953 I art     : Starting a blocking GC Explicit
08-05 21:40:42.073 32572 32572 I ServiceManager: Waiting for service AtCmdFwd...
08-05 21:40:42.094  6942  6953 I art     : Explicit concurrent mark sweep GC freed 1975(113KB) AllocSpace objects, 1(20KB) LOS objects, 27% free, 41MB/57MB, paused 646us total 46.375ms
08-05 21:40:42.111  6942  6953 I art     : Starting a blocking GC Explicit
08-05 21:40:42.157  6942  6953 I art     : Explicit concurrent mark sweep GC freed 96(3KB) AllocSpace objects, 0(0B) LOS objects, 27% free, 41MB/57MB, paused 659us total 45.726ms
08-05 21:40:42.172  6942  6953 I art     : Starting a blocking GC Explicit
08-05 21:40:42.215  6942  6953 I art     : Explicit concurrent mark sweep GC freed 179(11KB) AllocSpace objects, 0(0B) LOS objects, 27% free, 41MB/57MB, paused 618us total 42.355ms
08-05 21:40:42.231  6942  6953 I art     : Starting a blocking GC Explicit
08-05 21:40:42.273  6942  6953 I art     : Explicit concurrent mark sweep GC freed 11(352B) AllocSpace objects, 0(0B) LOS objects, 27% free, 41MB/57MB, paused 672us total 42.114ms
08-05 21:40:42.289  6942  6953 I art     : Starting a blocking GC Explicit
08-05 21:40:42.335  6942  6953 I art     : Explicit concurrent mark sweep GC freed 3(96B) AllocSpace objects, 0(0B) LOS objects, 27% free, 41MB/57MB, paused 628us total 45.939ms
08-05 21:40:42.528   512  2967 D audio_hw_primary: disable_audio_route: reset and update mixer path: low-latency-playback speaker
08-05 21:40:42.529   512  2967 D audio_hw_primary: disable_snd_device: snd_device(2: speaker)
08-05 21:40:42.536   512  2967 I soundtrigger: audio_extn_sound_trigger_update_device_status: device 0x2 of type 0 for Event 0
08-05 21:40:42.662  6942  6954 I art     : Starting a blocking GC Explicit
08-05 21:40:42.729  6942  6954 I art     : Explicit concurrent mark sweep GC freed 1517(91KB) AllocSpace objects, 1(20KB) LOS objects, 27% free, 41MB/57MB, paused 783us total 66.986ms
08-05 21:40:42.748  6942  6954 I art     : Starting a blocking GC Explicit
08-05 21:40:42.798  6942  6954 I art     : Explicit concurrent mark sweep GC freed 26(944B) AllocSpace objects, 0(0B) LOS objects, 27% free, 41MB/57MB, paused 750us total 50.180ms
08-05 21:40:42.815  6942  6954 I art     : Starting a blocking GC Explicit
08-05 21:40:42.866  6942  6954 I art     : Explicit concurrent mark sweep GC freed 3(96B) AllocSpace objects, 0(0B) LOS objects, 27% free, 41MB/57MB, paused 717us total 50.296ms
08-05 21:40:42.883  6942  6954 I art     : Starting a blocking GC Explicit
08-05 21:40:42.933  6942  6954 I art     : Explicit concurrent mark sweep GC freed 3(96B) AllocSpace objects, 0(0B) LOS objects, 27% free, 41MB/57MB, paused 706us total 49.732ms
08-05 21:40:42.950  6942  6954 I art     : Starting a blocking GC Explicit
08-05 21:40:42.998  6942  6954 I art     : Explicit concurrent mark sweep GC freed 3(96B) AllocSpace objects, 0(0B) LOS objects, 27% free, 41MB/57MB, paused 708us total 47.683ms
08-05 21:40:43.073 32572 32572 W Atfwd_Sendcmd: AtCmdFwd service not published, waiting... retryCnt : 4
08-05 21:40:43.322  6942  6953 I art     : Starting a blocking GC Explicit
08-05 21:40:43.376  6942  6953 I art     : Explicit concurrent mark sweep GC freed 1513(88KB) AllocSpace objects, 1(20KB) LOS objects, 27% free, 41MB/57MB, paused 704us total 53.629ms
08-05 21:40:43.393  6942  6953 I art     : Starting a blocking GC Explicit
08-05 21:40:43.440  6942  6953 I art     : Explicit concurrent mark sweep GC freed 26(944B) AllocSpace objects, 0(0B) LOS objects, 27% free, 41MB/57MB, paused 692us total 46.855ms
08-05 21:40:43.457  6942  6953 I art     : Starting a blocking GC Explicit
08-05 21:40:43.495 13866 13882 I PeriodicStatsRunner: PeriodicStatsRunner.call():175 call()
08-05 21:40:43.495 13866 13882 I PeriodicStatsRunner: PeriodicStatsRunner.call():179 No submit PeriodicStats since input started.
08-05 21:40:43.504  6942  6953 I art     : Explicit concurrent mark sweep GC freed 3(96B) AllocSpace objects, 0(0B) LOS objects, 27% free, 41MB/57MB, paused 688us total 46.816ms
08-05 21:40:43.520  6942  6953 I art     : Starting a blocking GC Explicit
08-05 21:40:43.568  6942  6953 I art     : Explicit concurrent mark sweep GC freed 3(96B) AllocSpace objects, 0(0B) LOS objects, 27% free, 41MB/57MB, paused 726us total 47.309ms
08-05 21:40:43.584  6942  6953 I art     : Starting a blocking GC Explicit
08-05 21:40:43.633  6942  6953 I art     : Explicit concurrent mark sweep GC freed 7(224B) AllocSpace objects, 0(0B) LOS objects, 27% free, 41MB/57MB, paused 672us total 47.812ms
08-05 21:40:43.748  8354  8354 D AndroidRuntime: >>>>>> START com.android.internal.os.RuntimeInit uid 2000 <<<<<<
08-05 21:40:43.755  8354  8354 D AndroidRuntime: CheckJNI is OFF
08-05 21:40:43.798  8354  8354 D ICU     : No timezone override file found: /data/misc/zoneinfo/current/icu/icu_tzdata.dat
08-05 21:40:43.841  8354  8354 I Radio-JNI: register_android_hardware_Radio DONE
08-05 21:40:43.869  8354  8354 D AndroidRuntime: Calling main entry com.android.commands.input.Input
08-05 21:40:43.871  8354  8354 I Input   : injectMotionEvent: MotionEvent { action=ACTION_DOWN, actionButton=0, id[0]=0, x[0]=360.0, y[0]=1098.0, toolType[0]=TOOL_TYPE_UNKNOWN, buttonState=0, metaState=0, flags=0x0, edgeFlags=0x0, pointerCount=1, historySize=0, eventTime=826860284, downTime=826860284, deviceId=0, source=0x1002 }
08-05 21:40:43.875  8354  8354 I Input   : injectMotionEvent: MotionEvent { action=ACTION_UP, actionButton=0, id[0]=0, x[0]=360.0, y[0]=1098.0, toolType[0]=TOOL_TYPE_UNKNOWN, buttonState=0, metaState=0, flags=0x0, edgeFlags=0x0, pointerCount=1, historySize=0, eventTime=826860284, downTime=826860284, deviceId=0, source=0x1002 }
08-05 21:40:43.878  8354  8354 D AndroidRuntime: Shutting down VM
08-05 21:40:43.896  6942  6942 D MainActivity: NavigationItemSelected: Term dates
08-05 21:40:43.899   512  2967 D audio_hw_primary: out_set_parameters: enter: usecase(1: low-latency-playback) kvpairs: routing=2
08-05 21:40:43.912   512  2967 D audio_hw_primary: select_devices: out_snd_device(2: speaker) in_snd_device(0: none)
08-05 21:40:43.912   512  2967 D msm8974_platform: platform_send_audio_calibration: sending audio calibration for snd_device(2) acdb_id(15)
08-05 21:40:43.913   512  2967 I soundtrigger: audio_extn_sound_trigger_update_device_status: device 0x2 of type 0 for Event 1
08-05 21:40:43.922   512  2967 D audio_hw_primary: enable_snd_device: snd_device(2: speaker)
08-05 21:40:43.924   512  2967 D audio_hw_primary: enable_audio_route: apply and update mixer path: low-latency-playback speaker
08-05 21:40:43.972  6942  6954 I art     : Starting a blocking GC Explicit
08-05 21:40:44.016  6942  6954 I art     : Explicit concurrent mark sweep GC freed 2084(110KB) AllocSpace objects, 1(20KB) LOS objects, 27% free, 41MB/57MB, paused 751us total 44.116ms
08-05 21:40:44.031  6942  6954 I art     : Starting a blocking GC Explicit
08-05 21:40:44.074  6942  6954 I art     : Explicit concurrent mark sweep GC freed 219(16KB) AllocSpace objects, 0(0B) LOS objects, 27% free, 41MB/57MB, paused 731us total 41.950ms
08-05 21:40:44.096  6942  6954 I art     : Starting a blocking GC Explicit
08-05 21:40:44.141  6942  6954 I art     : Explicit concurrent mark sweep GC freed 9(288B) AllocSpace objects, 0(0B) LOS objects, 27% free, 41MB/57MB, paused 696us total 45.159ms
08-05 21:40:44.157  6942  6954 I art     : Starting a blocking GC Explicit
08-05 21:40:44.202  6942  6954 I art     : Explicit concurrent mark sweep GC freed 10(320B) AllocSpace objects, 0(0B) LOS objects, 27% free, 41MB/57MB, paused 618us total 44.616ms
08-05 21:40:44.220  6942  6954 I art     : Starting a blocking GC Explicit
08-05 21:40:44.267  6942  6954 I art     : Explicit concurrent mark sweep GC freed 11(352B) AllocSpace objects, 0(0B) LOS objects, 27% free, 41MB/57MB, paused 614us total 46.435ms
08-05 21:40:44.331 13866 13866 I GoogleInputMethodServic: GoogleInputMethodService.onFinishInput():3138 
08-05 21:40:44.332 13866 13866 I GoogleInputMethodServic: GoogleInputMethodService.onStartInput():1808 
08-05 21:40:44.469   512  2967 D audio_hw_primary: disable_audio_route: reset and update mixer path: low-latency-playback speaker
08-05 21:40:44.471   512  2967 D audio_hw_primary: disable_snd_device: snd_device(2: speaker)
08-05 21:40:44.480   512  2967 I soundtrigger: audio_extn_sound_trigger_update_device_status: device 0x2 of type 0 for Event 0
08-05 21:40:44.615  6942  6954 I art     : Starting a blocking GC Explicit
08-05 21:40:44.670  6942  6954 I art     : Explicit concurrent mark sweep GC freed 1587(90KB) AllocSpace objects, 1(20KB) LOS objects, 27% free, 41MB/57MB, paused 638us total 55.477ms
08-05 21:40:44.691  6942  6954 I art     : Starting a blocking GC Explicit
08-05 21:40:44.735  6942  6954 I art     : Explicit concurrent mark sweep GC freed 35(1232B) AllocSpace objects, 0(0B) LOS objects, 27% free, 41MB/57MB, paused 609us total 43.915ms
08-05 21:40:44.754  6942  6954 I art     : Starting a blocking GC Explicit
08-05 21:40:44.803  6942  6954 I art     : Explicit concurrent mark sweep GC freed 11(352B) AllocSpace objects, 0(0B) LOS objects, 27% free, 41MB/57MB, paused 665us total 48.481ms
08-05 21:40:44.821  6942  6954 I art     : Starting a blocking GC Explicit
08-05 21:40:44.866  6942  6954 I art     : Explicit concurrent mark sweep GC freed 11(352B) AllocSpace objects, 0(0B) LOS objects, 27% free, 41MB/57MB, paused 609us total 44.699ms
08-05 21:40:44.883  6942  6954 I art     : Starting a blocking GC Explicit
08-05 21:40:44.933  6942  6954 I art     : Explicit concurrent mark sweep GC freed 9(288B) AllocSpace objects, 0(0B) LOS objects, 27% free, 41MB/57MB, paused 763us total 50.072ms
08-05 21:40:45.285  6942  7154 I art     : Starting a blocking GC Explicit
08-05 21:40:45.342  6942  7154 I art     : Explicit concurrent mark sweep GC freed 1563(89KB) AllocSpace objects, 1(20KB) LOS objects, 27% free, 41MB/57MB, paused 756us total 57.096ms
08-05 21:40:45.363  6942  7154 I art     : Starting a blocking GC Explicit
08-05 21:40:45.414  6942  7154 I art     : Explicit concurrent mark sweep GC freed 35(1232B) AllocSpace objects, 0(0B) LOS objects, 27% free, 41MB/57MB, paused 692us total 50.621ms
08-05 21:40:45.432  6942  7154 I art     : Starting a blocking GC Explicit
08-05 21:40:45.482  6942  7154 I art     : Explicit concurrent mark sweep GC freed 11(352B) AllocSpace objects, 0(0B) LOS objects, 27% free, 41MB/57MB, paused 829us total 49.874ms
08-05 21:40:45.499  6942  7154 I art     : Starting a blocking GC Explicit
08-05 21:40:45.547  6942  7154 I art     : Explicit concurrent mark sweep GC freed 12(384B) AllocSpace objects, 0(0B) LOS objects, 27% free, 41MB/57MB, paused 742us total 47.878ms
08-05 21:40:45.566  6942  7154 I art     : Starting a blocking GC Explicit
08-05 21:40:45.618  6942  7154 I art     : Explicit concurrent mark sweep GC freed 24(768B) AllocSpace objects, 0(0B) LOS objects, 27% free, 41MB/57MB, paused 744us total 51.205ms
08-05 21:40:45.963  6942  7576 I art     : Starting a blocking GC Explicit
08-05 21:40:46.019  6942  7576 I art     : Explicit concurrent mark sweep GC freed 1547(89KB) AllocSpace objects, 1(20KB) LOS objects, 27% free, 41MB/57MB, paused 871us total 55.351ms
08-05 21:40:46.039  6942  7576 I art     : Starting a blocking GC Explicit
08-05 21:40:46.092  6942  7576 I art     : Explicit concurrent mark sweep GC freed 26(944B) AllocSpace objects, 0(0B) LOS objects, 27% free, 41MB/57MB, paused 707us total 52.758ms
08-05 21:40:46.110  6942  7576 I art     : Starting a blocking GC Explicit
08-05 21:40:46.165  6942  7576 I art     : Explicit concurrent mark sweep GC freed 14(624B) AllocSpace objects, 0(0B) LOS objects, 27% free, 41MB/57MB, paused 696us total 54.941ms
08-05 21:40:46.183  6942  7576 I art     : Starting a blocking GC Explicit
08-05 21:40:46.241  6942  7576 I art     : Explicit concurrent mark sweep GC freed 25(752B) AllocSpace objects, 0(0B) LOS objects, 27% free, 41MB/57MB, paused 821us total 57.515ms
08-05 21:40:46.262  6942  7576 I art     : Starting a blocking GC Explicit
08-05 21:40:46.315  6942  7576 I art     : Explicit concurrent mark sweep GC freed 3(96B) AllocSpace objects, 0(0B) LOS objects, 27% free, 41MB/57MB, paused 645us total 53.165ms
08-05 21:40:46.578   518   646 I ThermalEngine: ACTION: GPU - Setting GPU[0] to 390000000
08-05 21:40:46.681  6942  6954 I art     : Starting a blocking GC Explicit
08-05 21:40:46.765  6942  6954 I art     : Explicit concurrent mark sweep GC freed 1513(87KB) AllocSpace objects, 1(20KB) LOS objects, 27% free, 41MB/57MB, paused 1.025ms total 83.570ms
08-05 21:40:46.794  6942  6954 I art     : Starting a blocking GC Explicit
08-05 21:40:46.854  6942  6954 I art     : Explicit concurrent mark sweep GC freed 26(944B) AllocSpace objects, 0(0B) LOS objects, 27% free, 41MB/57MB, paused 913us total 59.901ms
08-05 21:40:46.880  6942  6954 I art     : Starting a blocking GC Explicit
08-05 21:40:46.941  6942  6954 I art     : Explicit concurrent mark sweep GC freed 3(96B) AllocSpace objects, 0(0B) LOS objects, 27% free, 41MB/57MB, paused 1.127ms total 60.589ms
08-05 21:40:46.968  6942  6954 I art     : Starting a blocking GC Explicit
08-05 21:40:46.996 13866 13882 I PeriodicStatsRunner: PeriodicStatsRunner.call():175 call()
08-05 21:40:46.996 13866 13882 I PeriodicStatsRunner: PeriodicStatsRunner.call():179 No submit PeriodicStats since input started.
08-05 21:40:47.033  6942  6954 I art     : Explicit concurrent mark sweep GC freed 3(96B) AllocSpace objects, 0(0B) LOS objects, 27% free, 41MB/57MB, paused 1.016ms total 64.701ms
08-05 21:40:47.062  6942  6954 I art     : Starting a blocking GC Explicit
08-05 21:40:47.123  6942  6954 I art     : Explicit concurrent mark sweep GC freed 3(96B) AllocSpace objects, 0(0B) LOS objects, 27% free, 41MB/57MB, paused 1.183ms total 60.430ms
08-05 21:40:47.123  6942  6952 I art     : WaitForGcToComplete blocked for 28.854ms for cause HeapTrim
08-05 21:40:47.497  6942  6953 I art     : Starting a blocking GC Explicit
08-05 21:40:47.574  6942  6953 I art     : Explicit concurrent mark sweep GC freed 1513(87KB) AllocSpace objects, 1(20KB) LOS objects, 27% free, 41MB/57MB, paused 1.024ms total 75.706ms
08-05 21:40:47.581   518   646 I ThermalEngine: ACTION: GPU - Setting GPU[0] to 450000000
08-05 21:40:47.599  6942  6953 I art     : Starting a blocking GC Explicit
08-05 21:40:47.646  6942  6953 I art     : Explicit concurrent mark sweep GC freed 26(944B) AllocSpace objects, 0(0B) LOS objects, 27% free, 41MB/57MB, paused 672us total 47.137ms
08-05 21:40:47.663  6942  6953 I art     : Starting a blocking GC Explicit
08-05 21:40:47.712  6942  6953 I art     : Explicit concurrent mark sweep GC freed 3(96B) AllocSpace objects, 0(0B) LOS objects, 27% free, 41MB/57MB, paused 663us total 48.189ms
08-05 21:40:47.729  6942  6953 I art     : Starting a blocking GC Explicit
08-05 21:40:47.782  6942  6953 I art     : Explicit concurrent mark sweep GC freed 3(96B) AllocSpace objects, 0(0B) LOS objects, 27% free, 41MB/57MB, paused 704us total 53.480ms
08-05 21:40:47.800  6942  6953 I art     : Starting a blocking GC Explicit
08-05 21:40:47.852  6942  6953 I art     : Explicit concurrent mark sweep GC freed 3(96B) AllocSpace objects, 0(0B) LOS objects, 27% free, 41MB/57MB, paused 687us total 51.675ms
08-05 21:40:48.223  6942  7154 I art     : Starting a blocking GC Explicit
08-05 21:40:48.271  6942  7154 I art     : Explicit concurrent mark sweep GC freed 1513(88KB) AllocSpace objects, 1(20KB) LOS objects, 27% free, 41MB/57MB, paused 676us total 48.623ms
08-05 21:40:48.288  6942  7154 I art     : Starting a blocking GC Explicit
08-05 21:40:48.339  6942  7154 I art     : Explicit concurrent mark sweep GC freed 26(944B) AllocSpace objects, 0(0B) LOS objects, 27% free, 41MB/57MB, paused 701us total 49.922ms
08-05 21:40:48.355  6942  7154 I art     : Starting a blocking GC Explicit
08-05 21:40:48.407  6942  7154 I art     : Explicit concurrent mark sweep GC freed 3(96B) AllocSpace objects, 0(0B) LOS objects, 27% free, 41MB/57MB, paused 781us total 52.059ms
08-05 21:40:48.424  6942  7154 I art     : Starting a blocking GC Explicit
08-05 21:40:48.474  6942  7154 I art     : Explicit concurrent mark sweep GC freed 3(96B) AllocSpace objects, 0(0B) LOS objects, 27% free, 41MB/57MB, paused 681us total 49.686ms
08-05 21:40:48.492  6942  7154 I art     : Starting a blocking GC Explicit
08-05 21:40:48.544  6942  7154 I art     : Explicit concurrent mark sweep GC freed 3(96B) AllocSpace objects, 0(0B) LOS objects, 27% free, 41MB/57MB, paused 663us total 51.838ms
08-05 21:40:48.720  8449  8449 D AndroidRuntime: >>>>>> START com.android.internal.os.RuntimeInit uid 2000 <<<<<<
08-05 21:40:48.726  8449  8449 D AndroidRuntime: CheckJNI is OFF
08-05 21:40:48.767  8449  8449 D ICU     : No timezone override file found: /data/misc/zoneinfo/current/icu/icu_tzdata.dat
08-05 21:40:48.811  8449  8449 I Radio-JNI: register_android_hardware_Radio DONE
08-05 21:40:48.839  8449  8449 D AndroidRuntime: Calling main entry com.android.commands.am.Am
08-05 21:40:48.848 19822 19822 I Trepn   : Trepn 6.2s: Received intent: com.quicinc.trepn.stop_profiling
08-05 21:40:48.874 19822 19822 I Trepn   : Trepn 6.2s: Trepn has Stopped Profiling.
08-05 21:40:48.896  6942  7576 I art     : Starting a blocking GC Explicit
08-05 21:40:48.941  6942  7576 I art     : Explicit concurrent mark sweep GC freed 1513(88KB) AllocSpace objects, 1(20KB) LOS objects, 27% free, 41MB/57MB, paused 616us total 44.720ms
08-05 21:40:48.957  6942  7576 I art     : Starting a blocking GC Explicit
08-05 21:40:48.999  8449  8449 D AndroidRuntime: Shutting down VM
08-05 21:40:49.004   918   928 W AppOps  : Finishing op nesting under-run: uid 10078 pkg com.quicinc.trepn code 24 time=0 duration=0 nesting=0
08-05 21:40:49.004  6942  7576 I art     : Explicit concurrent mark sweep GC freed 26(944B) AllocSpace objects, 0(0B) LOS objects, 27% free, 41MB/57MB, paused 633us total 46.505ms
08-05 21:40:49.020  6942  7576 I art     : Starting a blocking GC Explicit
08-05 21:40:49.059  6942  7576 I art     : Explicit concurrent mark sweep GC freed 3(96B) AllocSpace objects, 0(0B) LOS objects, 27% free, 41MB/57MB, paused 598us total 38.677ms
08-05 21:40:49.074  6942  7576 I art     : Starting a blocking GC Explicit
08-05 21:40:49.115  6942  7576 I art     : Explicit concurrent mark sweep GC freed 3(96B) AllocSpace objects, 0(0B) LOS objects, 27% free, 41MB/57MB, paused 626us total 40.591ms
08-05 21:40:49.130  6942  7576 I art     : Starting a blocking GC Explicit
08-05 21:40:49.176  6942  7576 I art     : Explicit concurrent mark sweep GC freed 3(96B) AllocSpace objects, 0(0B) LOS objects, 27% free, 41MB/57MB, paused 660us total 45.749ms
08-05 21:40:49.332 13866 13882 I PeriodicStatsRunner: PeriodicStatsRunner.call():175 call()
08-05 21:40:49.333 13866 13882 I PeriodicStatsRunner: PeriodicStatsRunner.call():179 No submit PeriodicStats since input started.
08-05 21:40:49.508  6942  6954 I art     : Starting a blocking GC Explicit
08-05 21:40:49.557  6942  6954 I art     : Explicit concurrent mark sweep GC freed 1513(88KB) AllocSpace objects, 1(20KB) LOS objects, 27% free, 41MB/57MB, paused 680us total 48.970ms
08-05 21:40:49.574  6942  6954 I art     : Starting a blocking GC Explicit
08-05 21:40:49.622  6942  6954 I art     : Explicit concurrent mark sweep GC freed 26(944B) AllocSpace objects, 0(0B) LOS objects, 27% free, 41MB/57MB, paused 706us total 48.024ms
08-05 21:40:49.639  6942  6954 I art     : Starting a blocking GC Explicit
08-05 21:40:49.685  6942  6954 I art     : Explicit concurrent mark sweep GC freed 3(96B) AllocSpace objects, 0(0B) LOS objects, 27% free, 41MB/57MB, paused 695us total 45.481ms
08-05 21:40:49.702  6942  6954 I art     : Starting a blocking GC Explicit
08-05 21:40:49.750  6942  6954 I art     : Explicit concurrent mark sweep GC freed 3(96B) AllocSpace objects, 0(0B) LOS objects, 27% free, 41MB/57MB, paused 645us total 48.292ms
08-05 21:40:49.768  6942  6954 I art     : Starting a blocking GC Explicit
08-05 21:40:49.814  6942  6954 I art     : Explicit concurrent mark sweep GC freed 3(96B) AllocSpace objects, 0(0B) LOS objects, 27% free, 41MB/57MB, paused 638us total 45.627ms
08-05 21:40:51.593   918  3261 D WifiStateMachine: starting scan for "H369AA63323"WPA_PSK with 2412,5180
