08-03 19:04:54.993 32638 32651 I art     : Explicit concurrent mark sweep GC freed 51(896B) AllocSpace objects, 0(0B) LOS objects, 31% free, 34MB/50MB, paused 408us total 22.892ms
08-03 19:04:55.005 32638 32651 I art     : Starting a blocking GC Explicit
08-03 19:04:55.028 32638 32651 I art     : Explicit concurrent mark sweep GC freed 60(1040B) AllocSpace objects, 0(0B) LOS objects, 31% free, 34MB/50MB, paused 457us total 23.040ms
08-03 19:04:55.250   518   646 I ThermalEngine: ACTION: GPU - Setting GPU[0] to 450000000
08-03 19:04:55.396 32638 32650 I art     : Starting a blocking GC Explicit
08-03 19:04:55.424 32638 32650 I art     : Explicit concurrent mark sweep GC freed 2190(108KB) AllocSpace objects, 2(40KB) LOS objects, 31% free, 34MB/50MB, paused 516us total 27.844ms
08-03 19:04:55.439 32638 32650 I art     : Starting a blocking GC Explicit
08-03 19:04:55.468 32638 32650 I art     : Explicit concurrent mark sweep GC freed 102(2304B) AllocSpace objects, 0(0B) LOS objects, 31% free, 34MB/50MB, paused 741us total 28.963ms
08-03 19:04:55.484 32638 32650 I art     : Starting a blocking GC Explicit
08-03 19:04:55.513 32638 32650 I art     : Explicit concurrent mark sweep GC freed 75(1296B) AllocSpace objects, 0(0B) LOS objects, 31% free, 34MB/50MB, paused 539us total 29.155ms
08-03 19:04:55.528 32638 32650 I art     : Starting a blocking GC Explicit
08-03 19:04:55.560 32638 32650 I art     : Explicit concurrent mark sweep GC freed 58(1008B) AllocSpace objects, 0(0B) LOS objects, 31% free, 34MB/50MB, paused 634us total 31.771ms
08-03 19:04:55.576 32638 32650 I art     : Starting a blocking GC Explicit
08-03 19:04:55.608 32638 32650 I art     : Explicit concurrent mark sweep GC freed 68(1184B) AllocSpace objects, 0(0B) LOS objects, 31% free, 34MB/50MB, paused 598us total 30.821ms
08-03 19:04:56.010 32638 32699 I art     : Starting a blocking GC Explicit
08-03 19:04:56.044 32638 32699 I art     : Explicit concurrent mark sweep GC freed 2248(107KB) AllocSpace objects, 2(40KB) LOS objects, 31% free, 34MB/50MB, paused 636us total 33.590ms
08-03 19:04:56.060 32638 32699 I art     : Starting a blocking GC Explicit
08-03 19:04:56.091 32638 32699 I art     : Explicit concurrent mark sweep GC freed 103(2336B) AllocSpace objects, 0(0B) LOS objects, 31% free, 34MB/50MB, paused 569us total 30.814ms
08-03 19:04:56.107 32638 32699 I art     : Starting a blocking GC Explicit
08-03 19:04:56.139 32638 32699 I art     : Explicit concurrent mark sweep GC freed 75(1296B) AllocSpace objects, 0(0B) LOS objects, 31% free, 34MB/50MB, paused 579us total 31.848ms
08-03 19:04:56.155 32638 32699 I art     : Starting a blocking GC Explicit
08-03 19:04:56.188 32638 32699 I art     : Explicit concurrent mark sweep GC freed 75(1296B) AllocSpace objects, 0(0B) LOS objects, 31% free, 34MB/50MB, paused 544us total 32.461ms
08-03 19:04:56.204 32638 32699 I art     : Starting a blocking GC Explicit
08-03 19:04:56.237 32638 32699 I art     : Explicit concurrent mark sweep GC freed 75(1296B) AllocSpace objects, 0(0B) LOS objects, 31% free, 34MB/50MB, paused 589us total 32.461ms
08-03 19:04:56.625 32638 32651 I art     : Starting a blocking GC Explicit
08-03 19:04:56.659 32638 32651 I art     : Explicit concurrent mark sweep GC freed 2219(104KB) AllocSpace objects, 2(40KB) LOS objects, 31% free, 34MB/50MB, paused 589us total 33.020ms
08-03 19:04:56.674 32638 32651 I art     : Starting a blocking GC Explicit
08-03 19:04:56.705 32638 32651 I art     : Explicit concurrent mark sweep GC freed 102(2304B) AllocSpace objects, 0(0B) LOS objects, 31% free, 34MB/50MB, paused 578us total 29.986ms
08-03 19:04:56.720 32638 32651 I art     : Starting a blocking GC Explicit
08-03 19:04:56.752 32638 32651 I art     : Explicit concurrent mark sweep GC freed 75(1296B) AllocSpace objects, 0(0B) LOS objects, 31% free, 34MB/50MB, paused 570us total 31.219ms
08-03 19:04:56.768 32638 32651 I art     : Starting a blocking GC Explicit
08-03 19:04:56.799 32638 32651 I art     : Explicit concurrent mark sweep GC freed 75(1296B) AllocSpace objects, 0(0B) LOS objects, 31% free, 34MB/50MB, paused 574us total 31.136ms
08-03 19:04:56.815 32638 32651 I art     : Starting a blocking GC Explicit
08-03 19:04:56.846 32638 32651 I art     : Explicit concurrent mark sweep GC freed 58(1008B) AllocSpace objects, 0(0B) LOS objects, 31% free, 34MB/50MB, paused 709us total 30.871ms
08-03 19:04:57.031   557   557 D AndroidRuntime: >>>>>> START com.android.internal.os.RuntimeInit uid 2000 <<<<<<
08-03 19:04:57.037   557   557 D AndroidRuntime: CheckJNI is OFF
08-03 19:04:57.078   557   557 D ICU     : No timezone override file found: /data/misc/zoneinfo/current/icu/icu_tzdata.dat
08-03 19:04:57.119   557   557 I Radio-JNI: register_android_hardware_Radio DONE
08-03 19:04:57.148   557   557 D AndroidRuntime: Calling main entry com.android.commands.input.Input
08-03 19:04:57.150   557   557 I Input   : injectMotionEvent: MotionEvent { action=ACTION_DOWN, actionButton=0, id[0]=0, x[0]=346.0, y[0]=709.0, toolType[0]=TOOL_TYPE_UNKNOWN, buttonState=0, metaState=0, flags=0x0, edgeFlags=0x0, pointerCount=1, historySize=0, eventTime=644713563, downTime=644713563, deviceId=0, source=0x1002 }
08-03 19:04:57.155   557   557 I Input   : injectMotionEvent: MotionEvent { action=ACTION_UP, actionButton=0, id[0]=0, x[0]=346.0, y[0]=709.0, toolType[0]=TOOL_TYPE_UNKNOWN, buttonState=0, metaState=0, flags=0x0, edgeFlags=0x0, pointerCount=1, historySize=0, eventTime=644713563, downTime=644713563, deviceId=0, source=0x1002 }
08-03 19:04:57.158 32638 32655 D Nappa   : PREFETCH_ON_EXTRA - notifyExtras- start
08-03 19:04:57.158 32638 32638 D NappaIntentExtras: ==================
08-03 19:04:57.158 32638 32638 D NappaIntentExtras: Log #2
08-03 19:04:57.158 32638 32638 D NappaIntentExtras: ------------------
08-03 19:04:57.158 32638 32638 D NappaIntentExtras: activity nappagreedy.io.github.project_travel_mate.destinations.description.CityHistoryActivity
08-03 19:04:57.158 32638 32638 D NappaIntentExtras: 	- No extras registered
08-03 19:04:57.159 32638 32638 D NappaIntentExtras: activity nappagreedy.io.github.project_travel_mate.MainActivity
08-03 19:04:57.159 32638 32638 D NappaIntentExtras: 	- 1 extras registered
08-03 19:04:57.159 32638 32638 D NappaIntentExtras: 	- cityobject_ : objects.City@d7a9ae7
08-03 19:04:57.159 32638 32638 D NappaIntentExtras: activity nappagreedy.io.github.project_travel_mate.SplashActivity
08-03 19:04:57.159 32638 32638 D NappaIntentExtras: 	- No extras registered
08-03 19:04:57.159 32638 32638 D NappaIntentExtras: activity nappagreedy.io.github.project_travel_mate.utilities.CompassActivity
08-03 19:04:57.159 32638 32638 D NappaIntentExtras: 	- No extras registered
08-03 19:04:57.159 32638 32638 D NappaIntentExtras: activity nappagreedy.io.github.project_travel_mate.notifications.NotificationsActivity
08-03 19:04:57.159 32638 32638 D NappaIntentExtras: 	- No extras registered
08-03 19:04:57.159 32638 32638 D NappaIntentExtras: activity nappagreedy.io.github.project_travel_mate.destinations.funfacts.FunFactsActivity
08-03 19:04:57.159 32638 32638 D NappaIntentExtras: 	- No extras registered
08-03 19:04:57.159 32638 32638 D NappaIntentExtras: activity nappagreedy.io.github.project_travel_mate.utilities.UpcomingWeekendsActivity
08-03 19:04:57.159 32638 32638 D NappaIntentExtras: 	- No extras registered
08-03 19:04:57.159 32638 32638 D NappaIntentExtras: activity nappagreedy.io.github.project_travel_mate.utilities.ChecklistActivity
08-03 19:04:57.159 32638 32638 D NappaIntentExtras: 	- No extras registered
08-03 19:04:57.159 32638 32638 D NappaIntentExtras: activity nappagreedy.io.github.project_travel_mate.destinations.description.FinalCityInfoActivity
08-03 19:04:57.159 32638 32655 I NAPPA_EXPERIMENTATION: MetricNappaPrefetchingStrategyExecutionTime: STRATEGY_CLASS='GreedyPrefetchingStrategyOnVisitFrequencyAndTime',DURATION='417552',NUMBER_OF_URLS='0',NUMBER_OF_SELECTED_CHILDREN_NODES='1',NUMBER_OF_CHILDREN_NODES='5',STRATEGY_RUN_SUCCESSFULLY='True',
08-03 19:04:57.159 32638 32638 D NappaIntentExtras: 	- No extras registered
08-03 19:04:57.159 32638 32655 D GreedyPrefetchingStrategyOnVisitFrequencyAndTime: ==================================
08-03 19:04:57.160 32638 32638 D NappaIntentExtras: ==================
08-03 19:04:57.160 32638 32655 D GreedyPrefetchingStrategyOnVisitFrequencyAndTime: Starting Run #2
08-03 19:04:57.160 32638 32655 D GreedyPrefetchingStrategyOnVisitFrequencyAndTime: ----------------------------------
08-03 19:04:57.160 32638 32655 D GreedyPrefetchingStrategyOnVisitFrequencyAndTime: Node data MainActivity 
08-03 19:04:57.160 32638 32655 D GreedyPrefetchingStrategyOnVisitFrequencyAndTime: 	Successors:
08-03 19:04:57.160 32638 32655 D GreedyPrefetchingStrategyOnVisitFrequencyAndTime: 		UpcomingWeekendsActivity (0 hits)
08-03 19:04:57.160 32638 32655 D GreedyPrefetchingStrategyOnVisitFrequencyAndTime: 		ChecklistActivity (0 hits)
08-03 19:04:57.160 32638 32655 D GreedyPrefetchingStrategyOnVisitFrequencyAndTime: 		FinalCityInfoActivity (0 hits)
08-03 19:04:57.160 32638 32655 D GreedyPrefetchingStrategyOnVisitFrequencyAndTime: 		NotificationsActivity (0 hits)
08-03 19:04:57.160 32638 32655 D GreedyPrefetchingStrategyOnVisitFrequencyAndTime: 		CompassActivity (0 hits)
08-03 19:04:57.160 32638 32655 D GreedyPrefetchingStrategyOnVisitFrequencyAndTime: 	Ancestors:
08-03 19:04:57.160 32638 32655 D GreedyPrefetchingStrategyOnVisitFrequencyAndTime: 		SplashActivity (0 hits)
08-03 19:04:57.160 32638 32655 D GreedyPrefetchingStrategyOnVisitFrequencyAndTime: 
08-03 19:04:57.160 32638 32655 D GreedyPrefetchingStrategyOnVisitFrequencyAndTime: MetricStrategyAccuracy inc execution count2 | act = false; extra = true
08-03 19:04:57.160 32638 32655 D GreedyPrefetchingStrategyOnVisitFrequencyAndTime: ------------- Recursion #1 -----------
08-03 19:04:57.160 32638 32655 D GreedyPrefetchingStrategyOnVisitFrequencyAndTime: Best successors so far []
08-03 19:04:57.160 32638 32655 D GreedyPrefetchingStrategyOnVisitFrequencyAndTime: Checking node MainActivity with 5 successors
08-03 19:04:57.160 32638 32655 D GreedyPrefetchingStrategyOnVisitFrequencyAndTime: Check successor UpcomingWeekendsActivity
08-03 19:04:57.160 32638 32655 D GreedyPrefetchingStrategyOnVisitFrequencyAndTime: Data:
08-03 19:04:57.160 32638 32655 D GreedyPrefetchingStrategyOnVisitFrequencyAndTime: 	- Successor time = 37128.0
08-03 19:04:57.160 32638 32655 D GreedyPrefetchingStrategyOnVisitFrequencyAndTime: 	- Successor frequency = 8
08-03 19:04:57.160 32638 32655 D GreedyPrefetchingStrategyOnVisitFrequencyAndTime: 	- Aggregated time = 104436.0
08-03 19:04:57.160 32638 32655 D GreedyPrefetchingStrategyOnVisitFrequencyAndTime: 	- Aggregated frequency = 22
08-03 19:04:57.160 32638 32655 D GreedyPrefetchingStrategyOnVisitFrequencyAndTime: Calculated scores:
08-03 19:04:57.160 32638 32655 D GreedyPrefetchingStrategyOnVisitFrequencyAndTime: 	- Parent score = 1.0
08-03 19:04:57.160 32638 32655 D GreedyPrefetchingStrategyOnVisitFrequencyAndTime: 	- Successor time score = 0.1777548
08-03 19:04:57.160 32638 32655 D GreedyPrefetchingStrategyOnVisitFrequencyAndTime: 	- Successor frequency score = 0.18181819
08-03 19:04:57.160 32638 32655 D GreedyPrefetchingStrategyOnVisitFrequencyAndTime: 	- Successor final score = 0.359573
08-03 19:04:57.160 32638 32655 D GreedyPrefetchingStrategyOnVisitFrequencyAndTime: Switch best successor
08-03 19:04:57.160 32638 32655 D GreedyPrefetchingStrategyOnVisitFrequencyAndTime: Check successor ChecklistActivity
08-03 19:04:57.160 32638 32655 D GreedyPrefetchingStrategyOnVisitFrequencyAndTime: Data:
08-03 19:04:57.160 32638 32655 D GreedyPrefetchingStrategyOnVisitFrequencyAndTime: 	- Successor time = 18275.0
08-03 19:04:57.160 32638 32655 D GreedyPrefetchingStrategyOnVisitFrequencyAndTime: 	- Successor frequency = 4
08-03 19:04:57.160 32638 32655 D GreedyPrefetchingStrategyOnVisitFrequencyAndTime: 	- Aggregated time = 104436.0
08-03 19:04:57.160 32638 32655 D GreedyPrefetchingStrategyOnVisitFrequencyAndTime: 	- Aggregated frequency = 22
08-03 19:04:57.160 32638 32655 D GreedyPrefetchingStrategyOnVisitFrequencyAndTime: Calculated scores:
08-03 19:04:57.160 32638 32655 D GreedyPrefetchingStrategyOnVisitFrequencyAndTime: 	- Parent score = 1.0
08-03 19:04:57.161 32638 32655 D GreedyPrefetchingStrategyOnVisitFrequencyAndTime: 	- Successor time score = 0.08749378
08-03 19:04:57.161 32638 32655 D GreedyPrefetchingStrategyOnVisitFrequencyAndTime: 	- Successor frequency score = 0.09090909
08-03 19:04:57.161 32638 32655 D GreedyPrefetchingStrategyOnVisitFrequencyAndTime: 	- Successor final score = 0.17840287
08-03 19:04:57.161 32638 32655 D GreedyPrefetchingStrategyOnVisitFrequencyAndTime: Check successor FinalCityInfoActivity
08-03 19:04:57.161 32638 32655 D GreedyPrefetchingStrategyOnVisitFrequencyAndTime: Data:
08-03 19:04:57.161 32638 32655 D GreedyPrefetchingStrategyOnVisitFrequencyAndTime: 	- Successor time = 35367.0
08-03 19:04:57.161 32638 32655 D GreedyPrefetchingStrategyOnVisitFrequencyAndTime: 	- Successor frequency = 4
08-03 19:04:57.161 32638 32655 D GreedyPrefetchingStrategyOnVisitFrequencyAndTime: 	- Aggregated time = 104436.0
08-03 19:04:57.161 32638 32655 D GreedyPrefetchingStrategyOnVisitFrequencyAndTime: 	- Aggregated frequency = 22
08-03 19:04:57.161 32638 32655 D GreedyPrefetchingStrategyOnVisitFrequencyAndTime: Calculated scores:
08-03 19:04:57.161 32638 32655 D GreedyPrefetchingStrategyOnVisitFrequencyAndTime: 	- Parent score = 1.0
08-03 19:04:57.161 32638 32655 D GreedyPrefetchingStrategyOnVisitFrequencyAndTime: 	- Successor time score = 0.1693238
08-03 19:04:57.161 32638 32655 D GreedyPrefetchingStrategyOnVisitFrequencyAndTime: 	- Successor frequency score = 0.09090909
08-03 19:04:57.161 32638 32655 D GreedyPrefetchingStrategyOnVisitFrequencyAndTime: 	- Successor final score = 0.2602329
08-03 19:04:57.161 32638 32655 D GreedyPrefetchingStrategyOnVisitFrequencyAndTime: Check successor NotificationsActivity
08-03 19:04:57.161 32638 32655 D GreedyPrefetchingStrategyOnVisitFrequencyAndTime: Data:
08-03 19:04:57.161 32638 32655 D GreedyPrefetchingStrategyOnVisitFrequencyAndTime: 	- Successor time = 4613.0
08-03 19:04:57.161 32638 32655 D GreedyPrefetchingStrategyOnVisitFrequencyAndTime: 	- Successor frequency = 2
08-03 19:04:57.161 32638 32655 D GreedyPrefetchingStrategyOnVisitFrequencyAndTime: 	- Aggregated time = 104436.0
08-03 19:04:57.161 32638 32655 D GreedyPrefetchingStrategyOnVisitFrequencyAndTime: 	- Aggregated frequency = 22
08-03 19:04:57.161 32638 32655 D GreedyPrefetchingStrategyOnVisitFrequencyAndTime: Calculated scores:
08-03 19:04:57.161 32638 32655 D GreedyPrefetchingStrategyOnVisitFrequencyAndTime: 	- Parent score = 1.0
08-03 19:04:57.161 32638 32655 D GreedyPrefetchingStrategyOnVisitFrequencyAndTime: 	- Successor time score = 0.022085296
08-03 19:04:57.161 32638 32655 D GreedyPrefetchingStrategyOnVisitFrequencyAndTime: 	- Successor frequency score = 0.045454547
08-03 19:04:57.161 32638 32655 D GreedyPrefetchingStrategyOnVisitFrequencyAndTime: 	- Successor final score = 0.06753984
08-03 19:04:57.161 32638 32655 D GreedyPrefetchingStrategyOnVisitFrequencyAndTime: Check successor CompassActivity
08-03 19:04:57.161 32638 32655 D GreedyPrefetchingStrategyOnVisitFrequencyAndTime: Data:
08-03 19:04:57.161 32638 32655 D GreedyPrefetchingStrategyOnVisitFrequencyAndTime: 	- Successor time = 9053.0
08-03 19:04:57.161 32638 32655 D GreedyPrefetchingStrategyOnVisitFrequencyAndTime: 	- Successor frequency = 4
08-03 19:04:57.162 32638 32655 D GreedyPrefetchingStrategyOnVisitFrequencyAndTime: 	- Aggregated time = 104436.0
08-03 19:04:57.162 32638 32655 D GreedyPrefetchingStrategyOnVisitFrequencyAndTime: 	- Aggregated frequency = 22
08-03 19:04:57.162 32638 32655 D GreedyPrefetchingStrategyOnVisitFrequencyAndTime: Calculated scores:
08-03 19:04:57.162 32638 32655 D GreedyPrefetchingStrategyOnVisitFrequencyAndTime: 	- Parent score = 1.0
08-03 19:04:57.162 32638 32655 D GreedyPrefetchingStrategyOnVisitFrequencyAndTime: 	- Successor time score = 0.043342333
08-03 19:04:57.162 32638 32655 D GreedyPrefetchingStrategyOnVisitFrequencyAndTime: 	- Successor frequency score = 0.09090909
08-03 19:04:57.162 32638 32655 D GreedyPrefetchingStrategyOnVisitFrequencyAndTime: 	- Successor final score = 0.13425143
08-03 19:04:57.162 32638 32655 D GreedyPrefetchingStrategyOnVisitFrequencyAndTime: Best successor has score 0.359573 which is lower than the acceptable threshold of 0.6
08-03 19:04:57.162 32638 32655 D GreedyPrefetchingStrategyOnVisitFrequencyAndTime: MetricStrategyAccuracy inc insufficient score count2 | act = false; extra = true
08-03 19:04:57.162 32638 32655 D GreedyPrefetchingStrategyOnVisitFrequencyAndTime: Next visited child will be []
08-03 19:04:57.162 32638 32655 D GreedyPrefetchingStrategyOnVisitFrequencyAndTime: ==================================
08-03 19:04:57.162 32638 32655 D Nappa   : PREFETCH_ON_EXTRA - notifyExtras- end
08-03 19:04:57.162 32638 32655 D Nappa   : PREFSTRAT2 ADDING NEW ACTEXTRADATA
08-03 19:04:57.181   918   928 I ActivityManager: START u0 {cmp=nappagreedy.io.github.project_travel_mate/.destinations.description.FinalCityInfoActivity (has extras)} from uid 10626 on display 0
08-03 19:04:57.187   557   557 D AndroidRuntime: Shutting down VM
08-03 19:04:57.188 32638 32638 D NappaLifecycleObserver: nappagreedy.io.github.project_travel_mate.MainActivity - onPause
08-03 19:04:57.189 32638 32638 D Nappa   : Stayed on nappagreedy.io.github.project_travel_mate.MainActivity for 4839 ms
08-03 19:04:57.194 32638 32638 D ActivityNode: Observer - intent extra - SplashActivity
08-03 19:04:57.194 32638 32638 D ActivityNode: Extras:
08-03 19:04:57.194 32638 32638 D ActivityNode: Observer - intent extra - FunFactsActivity
08-03 19:04:57.194 32638 32638 D ActivityNode: Extras:
08-03 19:04:57.194 32638 32638 D ActivityNode: Observer - intent extra - CityHistoryActivity
08-03 19:04:57.194 32638 32638 D ActivityNode: Extras:
08-03 19:04:57.195 32638 32638 D ActivityNode: Observer - intent extra - MainActivity
08-03 19:04:57.195 32638 32638 D ActivityNode: Extras:
08-03 19:04:57.195 32638 32638 D ActivityNode: 	activity ID 2( key cityobject_)
08-03 19:04:57.195 32638 32638 D ActivityNode: 	activity ID 2( key cityobject_)
08-03 19:04:57.195 32638 32638 D ActivityNode: 	activity ID 2( key cityobject_)
08-03 19:04:57.195 32638 32638 D ActivityNode: 	activity ID 2( key cityobject_)
08-03 19:04:57.195 32638 32638 D ActivityNode: 	activity ID 2( key cityobject_)
08-03 19:04:57.195 32638 32638 D ActivityNode: Observer - intent extra - FinalCityInfoActivity
08-03 19:04:57.195 32638 32638 D ActivityNode: Extras:
08-03 19:04:57.195 32638 32638 D ActivityNode: 	activity ID 3( key cityobject_)
08-03 19:04:57.195 32638 32638 D ActivityNode: 	activity ID 3( key cityobject_)
08-03 19:04:57.195 32638 32638 D ActivityNode: 	activity ID 3( key cityobject_)
08-03 19:04:57.195 32638 32638 D ActivityNode: 	activity ID 3( key cityobject_)
08-03 19:04:57.215 32638 32765 D Gabe    : call	returning from cache
08-03 19:04:57.239 32638 32650 I art     : Starting a blocking GC Explicit
08-03 19:04:57.248 32638 32638 D Nappa   : TAG okHttpClient initialized
08-03 19:04:57.251 32638 32638 V EXECUTING: https://project-travel-mate.herokuapp.com/api/get-city-weather/1
08-03 19:04:57.252 32638   654 D CustomInterceptor: NETWORK-PROVIDER https://project-travel-mate.herokuapp.com/api/get-city-weather/1
08-03 19:04:57.253 32638   654 D Nappa   : F1_SCORE add_intercept_url - (new) - https://project-travel-mate.herokuapp.com/api/get-city-weather/1
08-03 19:04:57.253 32638   654 D Nappa   : F1_SCORE add_fn_url - (new) - https://project-travel-mate.herokuapp.com/api/get-city-weather/1
08-03 19:04:57.253 32638   654 D Nappa   : -------------F1_SCORE #4 -----------
08-03 19:04:57.253 32638   654 D Nappa   : F1_SCORE - Intercept list (4)= [https://project-travel-mate.herokuapp.com/api/get-user, https://project-travel-mate.herokuapp.com/api/get-all-cities/10, https://project-travel-mate.herokuapp.com/api/number-of-unread-notifications, https://project-travel-mate.herokuapp.com/api/get-city-weather/1]
08-03 19:04:57.253 32638   654 D Nappa   : F1_SCORE - Prefetch list (0)= []
08-03 19:04:57.253 32638   654 D Nappa   : F1_SCORE - TP list (0)= []
08-03 19:04:57.253 32638   656 D CustomInterceptor: NETWORK-PROVIDER https://project-travel-mate.herokuapp.com/api/get-city/1
08-03 19:04:57.253 32638   654 D Nappa   : F1_SCORE - FN list (4)= [https://project-travel-mate.herokuapp.com/api/get-user, https://project-travel-mate.herokuapp.com/api/get-all-cities/10, https://project-travel-mate.herokuapp.com/api/number-of-unread-notifications, https://project-travel-mate.herokuapp.com/api/get-city-weather/1]
08-03 19:04:57.253 32638   656 D Nappa   : F1_SCORE add_intercept_url - (new) - https://project-travel-mate.herokuapp.com/api/get-city/1
08-03 19:04:57.253 32638   654 I NAPPA_EXPERIMENTATION: MetricPrefetchingAccuracy: LOG_ID='5',F1_SCORE_1='0.0',F1_SCORE_2='0.0',TRUE_POSITIVE='0',FALSE_POSITIVE='0',FALSE_NEGATIVE='4',
08-03 19:04:57.253 32638   656 D Nappa   : F1_SCORE add_fn_url - (new) - https://project-travel-mate.herokuapp.com/api/get-city/1
08-03 19:04:57.253 32638   656 D Nappa   : -------------F1_SCORE #5 -----------
08-03 19:04:57.253 32638   654 D CustomInterceptor: HEADER REQUEST
08-03 19:04:57.253 32638   656 D Nappa   : F1_SCORE - Intercept list (5)= [https://project-travel-mate.herokuapp.com/api/get-user, https://project-travel-mate.herokuapp.com/api/get-all-cities/10, https://project-travel-mate.herokuapp.com/api/number-of-unread-notifications, https://project-travel-mate.herokuapp.com/api/get-city-weather/1, https://project-travel-mate.herokuapp.com/api/get-city/1]
08-03 19:04:57.253 32638   654 D CustomInterceptor: Authorization Token e817cf733b7893037942a7dc5507f3c5a98408e6
08-03 19:04:57.253 32638   656 D Nappa   : F1_SCORE - Prefetch list (0)= []
08-03 19:04:57.253 32638   654 D CustomInterceptor: Cache-Control max-age=300, max-stale=300
08-03 19:04:57.253 32638   656 D Nappa   : F1_SCORE - TP list (0)= []
08-03 19:04:57.254 32638   656 D Nappa   : F1_SCORE - FN list (5)= [https://project-travel-mate.herokuapp.com/api/get-user, https://project-travel-mate.herokuapp.com/api/get-all-cities/10, https://project-travel-mate.herokuapp.com/api/number-of-unread-notifications, https://project-travel-mate.herokuapp.com/api/get-city-weather/1, https://project-travel-mate.herokuapp.com/api/get-city/1]
08-03 19:04:57.254 32638   654 D CustomInterceptor: CACHED STATS: size = '3', maxSize = '100', hitCount = '3', createCount = '0', putCount = '3', evictionCount = '0', missCount = '3', toString = 'LruCache[maxSize=100,hits=3,misses=3,hitRate=50%]', 
08-03 19:04:57.254 32638   656 I NAPPA_EXPERIMENTATION: MetricPrefetchingAccuracy: LOG_ID='6',F1_SCORE_1='0.0',F1_SCORE_2='0.0',TRUE_POSITIVE='0',FALSE_POSITIVE='0',FALSE_NEGATIVE='5',
08-03 19:04:57.254 32638   654 D CustomInterceptor: PREFLIB NOT A GET REQUEST OR NOT IN CACHEGET
08-03 19:04:57.254 32638 32638 D NappaLifecycleObserver: nappagreedy.io.github.project_travel_mate.destinations.description.FinalCityInfoActivity - onResume
08-03 19:04:57.254 32638   656 D CustomInterceptor: HEADER REQUEST
08-03 19:04:57.254 32638   656 D CustomInterceptor: Authorization Token e817cf733b7893037942a7dc5507f3c5a98408e6
08-03 19:04:57.254 32638 32638 D Nappa   : setCurrentActivity - MetricStrategyAccuracy - 
08-03 19:04:57.254 32638 32638 D Nappa   : madePredictionFromActivity = true, 
08-03 19:04:57.254 32638 32638 D Nappa   : fromActivity = nappagreedy.io.github.project_travel_mate.MainActivity, 
08-03 19:04:57.254 32638 32638 D Nappa   : predictedNextActivityFromActivity = [], 
08-03 19:04:57.254 32638 32638 D Nappa   : activity.getClass().getCanonicalName() = nappagreedy.io.github.project_travel_mate.destinations.description.FinalCityInfoActivity, 
08-03 19:04:57.254 32638   656 D CustomInterceptor: Cache-Control max-age=300, max-stale=300
08-03 19:04:57.254 32638 32638 D Nappa   : setCurrentActivity - MetricStrategyAccuracy - 
08-03 19:04:57.254 32638 32638 D Nappa   : madePredictionFromExtra = true, 
08-03 19:04:57.254 32638 32638 D Nappa   : fromActivity = nappagreedy.io.github.project_travel_mate.MainActivity, 
08-03 19:04:57.254 32638 32638 D Nappa   : predictedNextActivityFromExtra = [], 
08-03 19:04:57.254 32638 32638 D Nappa   : activity.getClass().getCanonicalName() = nappagreedy.io.github.project_travel_mate.destinations.description.FinalCityInfoActivity, 
08-03 19:04:57.254 32638   656 D CustomInterceptor: CACHED STATS: size = '3', maxSize = '100', hitCount = '3', createCount = '0', putCount = '3', evictionCount = '0', missCount = '4', toString = 'LruCache[maxSize=100,hits=3,misses=4,hitRate=42%]', 
08-03 19:04:57.254 32638 32638 D Nappa   : PREFETCH_ON_EXTRA - setCurrentActivity - logs - from activity - made prediction istrue
08-03 19:04:57.254 32638   656 D CustomInterceptor: PREFLIB NOT A GET REQUEST OR NOT IN CACHEGET
08-03 19:04:57.254 32638 32638 D Nappa   : PREFETCH_ON_EXTRA - setCurrentActivity - logs - from activity - start
08-03 19:04:57.254 32638 32638 I NAPPA_EXPERIMENTATION: MetricStrategyAccuracy: LOG_ID='1',EXECUTION_COUNT='2',CASES_COUNT='2',HIT_PERCENTAGE_TOTAL='0.0',HIT_PERCENTAGE_WHEN_PREDICTED='0.0',HIT_COUNT='0',MISS_COUNT='0',INSUFFICIENT_SCORE_COUNT='2',EXCEPTION_COUNT='0',NO_SUCCESSOR_COUNT='0',
08-03 19:04:57.255 32638 32638 D Nappa   : PREFETCH_ON_EXTRA - setCurrentActivity - logs - from activity- finished
08-03 19:04:57.275 32638 32650 I art     : Explicit concurrent mark sweep GC freed 10448(715KB) AllocSpace objects, 2(40KB) LOS objects, 31% free, 34MB/50MB, paused 889us total 35.697ms
08-03 19:04:57.291 32638 32650 I art     : Starting a blocking GC Explicit
08-03 19:04:57.324 32638 32650 I art     : Explicit concurrent mark sweep GC freed 953(51KB) AllocSpace objects, 0(0B) LOS objects, 31% free, 34MB/50MB, paused 768us total 32.898ms
08-03 19:04:57.340 32638 32650 I art     : Starting a blocking GC Explicit
08-03 19:04:57.353 32638 32655 D Nappa   : registerActivity: (already in) nappagreedy.io.github.project_travel_mate.MainActivity
08-03 19:04:57.353 32638 32655 D Nappa   : PARENTS 
08-03 19:04:57.353 32638 32655 D Nappa   : Of: nappagreedy.io.github.project_travel_mate.MainActivity -> 
08-03 19:04:57.353 32638 32655 D Nappa   : PARENTS nappagreedy.io.github.project_travel_mate.SplashActivity
08-03 19:04:57.355 32638 32638 D Nappa   : registerActivity: (already in) nappagreedy.io.github.project_travel_mate.destinations.description.FinalCityInfoActivity
08-03 19:04:57.355 32638 32638 D ActivityNode: ACTNODE UPDATING AFTER LOADING FROM DB
08-03 19:04:57.355 32638 32638 D ActivityGraph: LARDataCalculatedUpdate nappagreedy.io.github.project_travel_mate.destinations.description.FinalCityInfoActivity Pagerank: 0.25 HITS-Authority: 1.0 HITS-Hub: 1.0 SALSA-Authority: 1.0 SALSA-Hub: 1.0
08-03 19:04:57.355 32638 32638 D Nappa   : SHOULD_PREFETCH true
08-03 19:04:57.374 32638 32650 I art     : Explicit concurrent mark sweep GC freed 62(6KB) AllocSpace objects, 0(0B) LOS objects, 31% free, 34MB/50MB, paused 778us total 33.455ms
08-03 19:04:57.390 32638 32650 I art     : Starting a blocking GC Explicit
08-03 19:04:57.423 32638 32650 I art     : Explicit concurrent mark sweep GC freed 18(864B) AllocSpace objects, 0(0B) LOS objects, 31% free, 34MB/50MB, paused 753us total 32.884ms
08-03 19:04:57.439 32638 32650 I art     : Starting a blocking GC Explicit
08-03 19:04:57.454 32638 32655 D Nappa   : registerActivity: (already in) nappagreedy.io.github.project_travel_mate.destinations.description.FinalCityInfoActivity
08-03 19:04:57.454 32638 32655 D Nappa   : PARENTS 
08-03 19:04:57.454 32638 32655 D Nappa   : Of: nappagreedy.io.github.project_travel_mate.destinations.description.FinalCityInfoActivity -> 
08-03 19:04:57.454 32638 32655 D Nappa   : PARENTS nappagreedy.io.github.project_travel_mate.MainActivity
08-03 19:04:57.454 32638 32655 D Nappa   : PARENTS has extra: (cityobject_, objects.City@d7a9ae7)
08-03 19:04:57.454 32638 32655 D Nappa   : PARENTS nappagreedy.io.github.project_travel_mate.SplashActivity
08-03 19:04:57.456 32638 32638 D Nappa   : registerActivity: (already in) nappagreedy.io.github.project_travel_mate.destinations.description.FinalCityInfoActivity
08-03 19:04:57.456 32638 32638 D Nappa   : SUCCESSORS nappagreedy.io.github.project_travel_mate.destinations.funfacts.FunFactsActivity
08-03 19:04:57.456 32638 32638 D Nappa   : SUCCESSORS nappagreedy.io.github.project_travel_mate.destinations.description.CityHistoryActivity
08-03 19:04:57.456 32638 32638 D Nappa   : STATS Number of requests not prefetched: 3
08-03 19:04:57.456 32638 32638 D Nappa   : STATS Number of requests prefetched: 0
08-03 19:04:57.456 32638 32638 D Nappa   : STATS Time saved until now: 0.0
08-03 19:04:57.461 32638 32638 D ActivityNode: Observer - intent extra - ChecklistActivity
08-03 19:04:57.461 32638 32638 D ActivityNode: Extras:
08-03 19:04:57.461 32638 32638 D ActivityNode: Observer - intent extra - CompassActivity
08-03 19:04:57.461 32638 32638 D ActivityNode: Extras:
08-03 19:04:57.461 32638 32638 D ActivityNode: Observer - intent extra - UpcomingWeekendsActivity
08-03 19:04:57.461 32638 32638 D ActivityNode: Extras:
08-03 19:04:57.461 32638 32638 D ActivityNode: Observer - intent extra - NotificationsActivity
08-03 19:04:57.461 32638 32638 D ActivityNode: Extras:
08-03 19:04:57.473 32638 32650 I art     : Explicit concurrent mark sweep GC freed 357(18KB) AllocSpace objects, 0(0B) LOS objects, 31% free, 34MB/50MB, paused 882us total 33.913ms
08-03 19:04:57.633 13866 13866 I GoogleInputMethodServic: GoogleInputMethodService.onFinishInput():3138 
08-03 19:04:57.633 32638 32638 D ActivityNode: Observer - visit time - MainActivity - New aggregate visit time found is 103916 ms
08-03 19:04:57.633 32638 32638 D ActivityNode: Observer - session data - sourceMainActivity
08-03 19:04:57.633 32638 32638 D ActivityNode: destinations:
08-03 19:04:57.633 32638 32638 D ActivityNode: 	nappagreedy.io.github.project_travel_mate.destinations.description.FinalCityInfoActivity( count 5)
08-03 19:04:57.633 32638 32638 D ActivityNode: 	nappagreedy.io.github.project_travel_mate.utilities.ChecklistActivity( count 4)
08-03 19:04:57.633 32638 32638 D ActivityNode: 	nappagreedy.io.github.project_travel_mate.utilities.CompassActivity( count 4)
08-03 19:04:57.633 32638 32638 D ActivityNode: 	nappagreedy.io.github.project_travel_mate.utilities.UpcomingWeekendsActivity( count 8)
08-03 19:04:57.633 32638 32638 D ActivityNode: 	nappagreedy.io.github.project_travel_mate.notifications.NotificationsActivity( count 2)
08-03 19:04:57.633 32638 32638 D ActivityNode: Observer - session data - sourceFinalCityInfoActivity
08-03 19:04:57.633 32638 32638 D ActivityNode: destinations:
08-03 19:04:57.633 32638 32638 D ActivityNode: 	nappagreedy.io.github.project_travel_mate.destinations.description.CityHistoryActivity( count 6)
08-03 19:04:57.633 32638 32638 D ActivityNode: 	nappagreedy.io.github.project_travel_mate.destinations.funfacts.FunFactsActivity( count 4)
08-03 19:04:57.633 32638 32638 D ActivityNode: Observer - session data - sourceFunFactsActivity
08-03 19:04:57.633 32638 32638 D ActivityNode: destinations:
08-03 19:04:57.633 13866 13866 I GoogleInputMethodServic: GoogleInputMethodService.onStartInput():1808 
08-03 19:04:57.633   918   936 I ActivityManager: Displayed nappagreedy.io.github.project_travel_mate/.destinations.description.FinalCityInfoActivity: +444ms
08-03 19:04:57.633 32638 32638 D ActivityNode: Observer - session data - sourceCityHistoryActivity
08-03 19:04:57.633 32638 32638 D ActivityNode: destinations:
08-03 19:04:57.633 32638 32638 D ActivityNode: Observer - session data - sourceSplashActivity
08-03 19:04:57.633 32638 32638 D ActivityNode: destinations:
08-03 19:04:57.633 32638 32638 D ActivityNode: 	nappagreedy.io.github.project_travel_mate.MainActivity( count 3)
08-03 19:04:57.634 32638 32638 D ActivityNode: Observer - session data - sourceChecklistActivity
08-03 19:04:57.634 32638 32638 D ActivityNode: destinations:
08-03 19:04:57.634 32638 32638 D ActivityNode: Observer - session data - sourceUpcomingWeekendsActivity
08-03 19:04:57.634 32638 32638 D ActivityNode: destinations:
08-03 19:04:57.634 32638 32638 D ActivityNode: Observer - session data - sourceCompassActivity
08-03 19:04:57.634 32638 32638 D ActivityNode: destinations:
08-03 19:04:57.634 32638 32638 D ActivityNode: Observer - session data - sourceNotificationsActivity
08-03 19:04:57.634 32638 32638 D ActivityNode: destinations:
08-03 19:04:57.655 32638 32655 D Nappa   : PREFETCH_ON_EXTRA - setCurrentActivity - logs - from extra - made prediction istrue
08-03 19:04:57.656 32638 32655 D Nappa   : PREFETCH_ON_EXTRA - setCurrentActivity - logs - from extra - start
08-03 19:04:57.656 32638 32655 I NAPPA_EXPERIMENTATION: MetricStrategyAccuracy: LOG_ID='2',EXECUTION_COUNT='2',CASES_COUNT='2',HIT_PERCENTAGE_TOTAL='0.0',HIT_PERCENTAGE_WHEN_PREDICTED='0.0',HIT_COUNT='0',MISS_COUNT='0',INSUFFICIENT_SCORE_COUNT='2',EXCEPTION_COUNT='0',NO_SUCCESSOR_COUNT='0',
08-03 19:04:57.656 32638 32655 D Nappa   : PREFETCH_ON_EXTRA - setCurrentActivity - logs - from extra- finished
08-03 19:04:57.775 32638   656 D CustomInterceptor: CACHE_CONTROL SETTING NEW MAX-AGE
08-03 19:04:57.776 32638   656 D CustomInterceptor: HEADER RESPONSE
08-03 19:04:57.776 32638   656 D CustomInterceptor: Allow GET, OPTIONS
08-03 19:04:57.776 32638   656 D CustomInterceptor: Cache-Control public, immutable, max-age=300, only-if-cached, max-stale=300
08-03 19:04:57.776 32638   656 D CustomInterceptor: Connection keep-alive
08-03 19:04:57.776 32638   656 D CustomInterceptor: Content-Length 530
08-03 19:04:57.776 32638   656 D CustomInterceptor: Content-Type application/json
08-03 19:04:57.776 32638   656 D CustomInterceptor: Date Mon, 03 Aug 2020 17:04:52 GMT
08-03 19:04:57.776 32638   656 D CustomInterceptor: Expires Mon, 03 Aug 2020 17:09:57 GMT+00:00
08-03 19:04:57.776 32638   656 D CustomInterceptor: Server gunicorn/19.8.1
08-03 19:04:57.776 32638   656 D CustomInterceptor: Vary Accept
08-03 19:04:57.776 32638   656 D CustomInterceptor: Via 1.1 vegur
08-03 19:04:57.776 32638   656 D CustomInterceptor: X-Frame-Options SAMEORIGIN
08-03 19:04:57.776 32638   656 D CustomInterceptor: CACHEABLE true
08-03 19:04:57.776 32638   656 D CustomInterceptor: REQ https://project-travel-mate.herokuapp.com/api/get-city/1
08-03 19:04:57.776 32638   656 D CustomInterceptor: REQ_SERV_BY net
08-03 19:04:57.776 32638   656 D CustomInterceptor: PREFLIB Adding response to lrucache - https://project-travel-mate.herokuapp.com/api/get-city/1
08-03 19:04:57.784 32638   654 D CustomInterceptor: CACHE_CONTROL SETTING NEW MAX-AGE
08-03 19:04:57.785 32638   654 D CustomInterceptor: HEADER RESPONSE
08-03 19:04:57.785 32638   654 D CustomInterceptor: Allow GET, OPTIONS
08-03 19:04:57.785 32638   654 D CustomInterceptor: Cache-Control public, immutable, max-age=300, only-if-cached, max-stale=300
08-03 19:04:57.785 32638   654 D CustomInterceptor: Connection keep-alive
08-03 19:04:57.785 32638   654 D CustomInterceptor: Content-Length 238
08-03 19:04:57.785 32638   654 D CustomInterceptor: Content-Type application/json
08-03 19:04:57.785 32638   654 D CustomInterceptor: Date Mon, 03 Aug 2020 17:04:52 GMT
08-03 19:04:57.786 32638   654 D CustomInterceptor: Expires Mon, 03 Aug 2020 17:09:57 GMT+00:00
08-03 19:04:57.786 32638   654 D CustomInterceptor: Server gunicorn/19.8.1
08-03 19:04:57.786 32638   654 D CustomInterceptor: Vary Accept
08-03 19:04:57.786 32638   654 D CustomInterceptor: Via 1.1 vegur
08-03 19:04:57.786 32638   654 D CustomInterceptor: X-Frame-Options SAMEORIGIN
08-03 19:04:57.786 32638   654 D CustomInterceptor: CACHEABLE true
08-03 19:04:57.786 32638   654 D CustomInterceptor: REQ https://project-travel-mate.herokuapp.com/api/get-city-weather/1
08-03 19:04:57.786 32638   654 D CustomInterceptor: REQ_SERV_BY net
08-03 19:04:57.786 32638   654 D CustomInterceptor: PREFLIB Adding response to lrucache - https://project-travel-mate.herokuapp.com/api/get-city-weather/1
08-03 19:04:57.810 32638   656 D CustomInterceptor: interceptor_finished : return_type #3 : request served from remote and added to cache
08-03 19:04:57.810 32638   656 I NAPPA_EXPERIMENTATION: MetricNetworkRequestExecutionTime: REQUEST_DURATION_SYSTEM='558',REQUEST_DURATION_OKHTTP='0',REQUEST_SYNCHRONOUS='FALSE',RESPONSE_CODE='200',RESPONSE_METHOD='GET',RESPONSE_LENGTH_OKHTTP='530',RESPONSE_LENGTH_HEADER='-2',REQUEST_PROTOCOL='http/1.1',REQUEST_URL='https://project-travel-mate.herokuapp.com/api/get-city/1',
08-03 19:04:57.810 32638   656 V Response: {"id":1,"city_name":"Delhi","description":"Delhi, officially the National Capital Territory of Delhi, is the Capital territory of India. During the British Raj, Delhi was part of the province of Punjab and is still historically and culturally connected to the Punjab region.","latitude":"28.613900","longitude":"77.209000","facts_count":6,"images":["https://upload.wikimedia.org/wikipedia/commons/9/94/%E0%B4%96%E0%B5%81%E0%B4%A4%E0%B5%8D%E0%B4%AC%E0%B5%8D_%E0%B4%AE%E0%B4%BF%E0%B4%A8%E0%B4%BE%E0%B5%BC1.jpg"],"has_visited":false}
08-03 19:04:57.819 32638   654 D CustomInterceptor: interceptor_finished : return_type #3 : request served from remote and added to cache
08-03 19:04:57.820 32638   654 I NAPPA_EXPERIMENTATION: MetricNetworkRequestExecutionTime: REQUEST_DURATION_SYSTEM='569',REQUEST_DURATION_OKHTTP='0',REQUEST_SYNCHRONOUS='FALSE',RESPONSE_CODE='200',RESPONSE_METHOD='GET',RESPONSE_LENGTH_OKHTTP='238',RESPONSE_LENGTH_HEADER='-2',REQUEST_PROTOCOL='http/1.1',REQUEST_URL='https://project-travel-mate.herokuapp.com/api/get-city-weather/1',
08-03 19:04:57.824 32638 32650 I art     : Starting a blocking GC Explicit
08-03 19:04:57.864 32638 32650 I art     : Explicit concurrent mark sweep GC freed 11029(681KB) AllocSpace objects, 8(316KB) LOS objects, 28% free, 40MB/56MB, paused 834us total 39.998ms
08-03 19:04:57.878   380   380 W SurfaceFlinger: couldn't log to binary event log: overflow.
08-03 19:04:57.883 32638 32650 I art     : Starting a blocking GC Explicit
08-03 19:04:57.914 32638 32650 I art     : Explicit concurrent mark sweep GC freed 2100(209KB) AllocSpace objects, 2(40KB) LOS objects, 26% free, 44MB/60MB, paused 587us total 30.066ms
08-03 19:04:57.929 32638 32650 I art     : Starting a blocking GC Explicit
08-03 19:04:57.956 32638 32655 D Nappa   : PREFETCH_ON_EXTRA - setCurrentActivity - starting new prediction
08-03 19:04:57.957 32638 32655 D Nappa   : Current node - currentActivityName - nappagreedy.io.github.project_travel_mate.destinations.description.FinalCityInfoActivity
08-03 19:04:57.957 32638 32655 D Nappa   : Current node - activityGraph.getCurrent() - nappagreedy.io.github.project_travel_mate.destinations.description.FinalCityInfoActivity
08-03 19:04:57.958 32638 32655 I NAPPA_EXPERIMENTATION: MetricNappaPrefetchingStrategyExecutionTime: STRATEGY_CLASS='GreedyPrefetchingStrategyOnVisitFrequencyAndTime',DURATION='854948',NUMBER_OF_URLS='0',NUMBER_OF_SELECTED_CHILDREN_NODES='1',NUMBER_OF_CHILDREN_NODES='2',STRATEGY_RUN_SUCCESSFULLY='True',
08-03 19:04:57.958 32638 32655 D GreedyPrefetchingStrategyOnVisitFrequencyAndTime: ==================================
08-03 19:04:57.958 32638 32655 D GreedyPrefetchingStrategyOnVisitFrequencyAndTime: Starting Run #3
08-03 19:04:57.958 32638 32655 D GreedyPrefetchingStrategyOnVisitFrequencyAndTime: ----------------------------------
08-03 19:04:57.958 32638 32655 D GreedyPrefetchingStrategyOnVisitFrequencyAndTime: Node data FinalCityInfoActivity 
08-03 19:04:57.958 32638 32655 D GreedyPrefetchingStrategyOnVisitFrequencyAndTime: 	Successors:
08-03 19:04:57.958 32638 32655 D GreedyPrefetchingStrategyOnVisitFrequencyAndTime: 		FunFactsActivity (0 hits)
08-03 19:04:57.958 32638 32655 D GreedyPrefetchingStrategyOnVisitFrequencyAndTime: 		CityHistoryActivity (0 hits)
08-03 19:04:57.958 32638 32655 D GreedyPrefetchingStrategyOnVisitFrequencyAndTime: 	Ancestors:
08-03 19:04:57.958 32638 32655 D GreedyPrefetchingStrategyOnVisitFrequencyAndTime: 		MainActivity (0 hits)
08-03 19:04:57.958 32638 32655 D GreedyPrefetchingStrategyOnVisitFrequencyAndTime: 
08-03 19:04:57.958 32638 32655 D GreedyPrefetchingStrategyOnVisitFrequencyAndTime: MetricStrategyAccuracy inc execution count3 | act = true; extra = false
08-03 19:04:57.958 32638 32650 I art     : Explicit concurrent mark sweep GC freed 166(15KB) AllocSpace objects, 3(1292KB) LOS objects, 26% free, 43MB/59MB, paused 614us total 29.393ms
08-03 19:04:57.958 32638 32655 D GreedyPrefetchingStrategyOnVisitFrequencyAndTime: ------------- Recursion #1 -----------
08-03 19:04:57.958 32638 32655 D GreedyPrefetchingStrategyOnVisitFrequencyAndTime: Best successors so far []
08-03 19:04:57.958 32638 32655 D GreedyPrefetchingStrategyOnVisitFrequencyAndTime: Checking node FinalCityInfoActivity with 2 successors
08-03 19:04:57.958 32638 32655 D GreedyPrefetchingStrategyOnVisitFrequencyAndTime: Check successor FunFactsActivity
08-03 19:04:57.958 32638 32655 D GreedyPrefetchingStrategyOnVisitFrequencyAndTime: Data:
08-03 19:04:57.959 32638 32655 D GreedyPrefetchingStrategyOnVisitFrequencyAndTime: 	- Successor time = 10418.0
08-03 19:04:57.959 32638 32655 D GreedyPrefetchingStrategyOnVisitFrequencyAndTime: 	- Successor frequency = 4
08-03 19:04:57.959 32638 32655 D GreedyPrefetchingStrategyOnVisitFrequencyAndTime: 	- Aggregated time = 37950.0
08-03 19:04:57.959 32638 32655 D GreedyPrefetchingStrategyOnVisitFrequencyAndTime: 	- Aggregated frequency = 10
08-03 19:04:57.959 32638 32655 D GreedyPrefetchingStrategyOnVisitFrequencyAndTime: Calculated scores:
08-03 19:04:57.959 32638 32655 D GreedyPrefetchingStrategyOnVisitFrequencyAndTime: 	- Parent score = 1.0
08-03 19:04:57.959 32638 32655 D GreedyPrefetchingStrategyOnVisitFrequencyAndTime: 	- Successor time score = 0.13725956
08-03 19:04:57.959 32638 32655 D GreedyPrefetchingStrategyOnVisitFrequencyAndTime: 	- Successor frequency score = 0.2
08-03 19:04:57.959 32638 32655 D GreedyPrefetchingStrategyOnVisitFrequencyAndTime: 	- Successor final score = 0.33725956
08-03 19:04:57.959 32638 32655 D GreedyPrefetchingStrategyOnVisitFrequencyAndTime: Switch best successor
08-03 19:04:57.959 32638 32655 D GreedyPrefetchingStrategyOnVisitFrequencyAndTime: Check successor CityHistoryActivity
08-03 19:04:57.959 32638 32655 D GreedyPrefetchingStrategyOnVisitFrequencyAndTime: Data:
08-03 19:04:57.959 32638 32655 D GreedyPrefetchingStrategyOnVisitFrequencyAndTime: 	- Successor time = 27532.0
08-03 19:04:57.959 32638 32655 D GreedyPrefetchingStrategyOnVisitFrequencyAndTime: 	- Successor frequency = 6
08-03 19:04:57.959 32638 32655 D GreedyPrefetchingStrategyOnVisitFrequencyAndTime: 	- Aggregated time = 37950.0
08-03 19:04:57.959 32638 32655 D GreedyPrefetchingStrategyOnVisitFrequencyAndTime: 	- Aggregated frequency = 10
08-03 19:04:57.959 32638 32655 D GreedyPrefetchingStrategyOnVisitFrequencyAndTime: Calculated scores:
08-03 19:04:57.959 32638 32655 D GreedyPrefetchingStrategyOnVisitFrequencyAndTime: 	- Parent score = 1.0
08-03 19:04:57.959 32638 32655 D GreedyPrefetchingStrategyOnVisitFrequencyAndTime: 	- Successor time score = 0.36274046
08-03 19:04:57.959 32638 32655 D GreedyPrefetchingStrategyOnVisitFrequencyAndTime: 	- Successor frequency score = 0.3
08-03 19:04:57.959 32638 32655 D GreedyPrefetchingStrategyOnVisitFrequencyAndTime: 	- Successor final score = 0.66274047
08-03 19:04:57.959 32638 32655 D GreedyPrefetchingStrategyOnVisitFrequencyAndTime: Switch best successor
08-03 19:04:57.959 32638 32655 D GreedyPrefetchingStrategyOnVisitFrequencyAndTime: FinalCityInfoActivity best successor is CityHistoryActivity with score 0.66274047 containing the URLS []
08-03 19:04:57.959 32638 32655 D GreedyPrefetchingStrategyOnVisitFrequencyAndTime: ------------- Recursion #2 -----------
08-03 19:04:57.959 32638 32655 D GreedyPrefetchingStrategyOnVisitFrequencyAndTime: Best successors so far [CityHistoryActivity]
08-03 19:04:57.959 32638 32655 D GreedyPrefetchingStrategyOnVisitFrequencyAndTime: Checking node CityHistoryActivity with 0 successors
08-03 19:04:57.959 32638 32655 D GreedyPrefetchingStrategyOnVisitFrequencyAndTime: this node has no successors
08-03 19:04:57.960 32638 32655 D GreedyPrefetchingStrategyOnVisitFrequencyAndTime: Next visited child will be [nappagreedy.io.github.project_travel_mate.destinations.description.CityHistoryActivity]
08-03 19:04:57.960 32638 32655 D GreedyPrefetchingStrategyOnVisitFrequencyAndTime: ==================================
08-03 19:04:57.960 32638 32655 D Nappa   : PREFETCH_ON_EXTRA - setCurrentActivity - finished new prediction
08-03 19:04:57.974 32638 32650 I art     : Starting a blocking GC Explicit
08-03 19:04:58.006 32638 32650 I art     : Explicit concurrent mark sweep GC freed 547(31KB) AllocSpace objects, 0(0B) LOS objects, 26% free, 43MB/59MB, paused 881us total 32.085ms
08-03 19:04:58.022 32638 32650 I art     : Starting a blocking GC Explicit
08-03 19:04:58.057 32638 32650 I art     : Explicit concurrent mark sweep GC freed 344(14KB) AllocSpace objects, 1(4MB) LOS objects, 28% free, 39MB/55MB, paused 616us total 34.084ms
08-03 19:04:58.432 32638 32651 I art     : Starting a blocking GC Explicit
08-03 19:04:58.467 32638 32651 I art     : Explicit concurrent mark sweep GC freed 2892(118KB) AllocSpace objects, 2(40KB) LOS objects, 28% free, 39MB/55MB, paused 627us total 34.559ms
08-03 19:04:58.483 32638 32651 I art     : Starting a blocking GC Explicit
08-03 19:04:58.516 32638 32651 I art     : Explicit concurrent mark sweep GC freed 185(4KB) AllocSpace objects, 0(0B) LOS objects, 28% free, 39MB/55MB, paused 609us total 32.160ms
08-03 19:04:58.532 32638 32651 I art     : Starting a blocking GC Explicit
08-03 19:04:58.565 32638 32651 I art     : Explicit concurrent mark sweep GC freed 147(2496B) AllocSpace objects, 0(0B) LOS objects, 28% free, 39MB/55MB, paused 625us total 33.005ms
08-03 19:04:58.582 32638 32651 I art     : Starting a blocking GC Explicit
08-03 19:04:58.615 32638 32651 I art     : Explicit concurrent mark sweep GC freed 145(2464B) AllocSpace objects, 0(0B) LOS objects, 28% free, 39MB/55MB, paused 682us total 33.701ms
08-03 19:04:58.632 32638 32651 I art     : Starting a blocking GC Explicit
08-03 19:04:58.666 32638 32651 I art     : Explicit concurrent mark sweep GC freed 150(2560B) AllocSpace objects, 0(0B) LOS objects, 28% free, 39MB/55MB, paused 599us total 33.333ms
08-03 19:04:59.036 32638 32650 I art     : Starting a blocking GC Explicit
08-03 19:04:59.074 32638 32650 I art     : Explicit concurrent mark sweep GC freed 2779(113KB) AllocSpace objects, 2(40KB) LOS objects, 28% free, 39MB/55MB, paused 611us total 37.767ms
08-03 19:04:59.094 32638 32650 I art     : Starting a blocking GC Explicit
08-03 19:04:59.128 32638 32650 I art     : Explicit concurrent mark sweep GC freed 174(3KB) AllocSpace objects, 0(0B) LOS objects, 28% free, 39MB/55MB, paused 619us total 33.615ms
08-03 19:04:59.145 32638 32650 I art     : Starting a blocking GC Explicit
08-03 19:04:59.176 32638 32650 I art     : Explicit concurrent mark sweep GC freed 147(2496B) AllocSpace objects, 0(0B) LOS objects, 28% free, 39MB/55MB, paused 580us total 31.412ms
08-03 19:04:59.191 32638 32650 I art     : Starting a blocking GC Explicit
08-03 19:04:59.220 32638 32650 I art     : Explicit concurrent mark sweep GC freed 147(2496B) AllocSpace objects, 0(0B) LOS objects, 28% free, 39MB/55MB, paused 592us total 29.038ms
08-03 19:04:59.236 32638 32650 I art     : Starting a blocking GC Explicit
08-03 19:04:59.265 32638 32650 I art     : Explicit concurrent mark sweep GC freed 146(2464B) AllocSpace objects, 0(0B) LOS objects, 28% free, 39MB/55MB, paused 596us total 29.343ms
08-03 19:04:59.658 32638 32699 I art     : Starting a blocking GC Explicit
08-03 19:04:59.695 32638 32699 I art     : Explicit concurrent mark sweep GC freed 2823(116KB) AllocSpace objects, 2(40KB) LOS objects, 28% free, 39MB/55MB, paused 668us total 36.626ms
08-03 19:04:59.711 32638 32699 I art     : Starting a blocking GC Explicit
08-03 19:04:59.747 32638 32699 I art     : Explicit concurrent mark sweep GC freed 174(3KB) AllocSpace objects, 0(0B) LOS objects, 28% free, 39MB/55MB, paused 621us total 35.152ms
08-03 19:04:59.764 32638 32699 I art     : Starting a blocking GC Explicit
08-03 19:04:59.799 32638 32699 I art     : Explicit concurrent mark sweep GC freed 153(2576B) AllocSpace objects, 0(0B) LOS objects, 28% free, 39MB/55MB, paused 693us total 34.996ms
08-03 19:04:59.815 32638 32699 I art     : Starting a blocking GC Explicit
08-03 19:04:59.851 32638 32699 I art     : Explicit concurrent mark sweep GC freed 166(2800B) AllocSpace objects, 0(0B) LOS objects, 28% free, 39MB/55MB, paused 676us total 35.571ms
08-03 19:04:59.867 32638 32699 I art     : Starting a blocking GC Explicit
08-03 19:04:59.904 32638 32699 I art     : Explicit concurrent mark sweep GC freed 168(2848B) AllocSpace objects, 0(0B) LOS objects, 28% free, 39MB/55MB, paused 639us total 35.942ms
08-03 19:04:59.904 32638 32648 I art     : WaitForGcToComplete blocked for 17.353ms for cause HeapTrim
08-03 19:05:00.276 32638 32651 I art     : Starting a blocking GC Explicit
08-03 19:05:00.313 32638 32651 I art     : Explicit concurrent mark sweep GC freed 2776(114KB) AllocSpace objects, 2(40KB) LOS objects, 28% free, 39MB/55MB, paused 614us total 36.224ms
08-03 19:05:00.331 32638 32651 I art     : Starting a blocking GC Explicit
08-03 19:05:00.367 32638 32651 I art     : Explicit concurrent mark sweep GC freed 193(3KB) AllocSpace objects, 0(0B) LOS objects, 28% free, 39MB/55MB, paused 712us total 35.271ms
08-03 19:05:00.383 32638 32651 I art     : Starting a blocking GC Explicit
08-03 19:05:00.418 32638 32651 I art     : Explicit concurrent mark sweep GC freed 174(2944B) AllocSpace objects, 0(0B) LOS objects, 28% free, 39MB/55MB, paused 661us total 35.411ms
