08-03 18:36:30.140  8695  8843 I art     : Explicit concurrent mark sweep GC freed 148(2512B) AllocSpace objects, 0(0B) LOS objects, 28% free, 39MB/55MB, paused 865us total 33.848ms
08-03 18:36:30.155  8695  8843 I art     : Starting a blocking GC Explicit
08-03 18:36:30.174  9698  9754 I CarrierServices: [21962] wxo.b: Reinitialize CSLib Flags: com.google.android.ims.library
08-03 18:36:30.190  8695  8843 I art     : Explicit concurrent mark sweep GC freed 158(2688B) AllocSpace objects, 0(0B) LOS objects, 28% free, 39MB/55MB, paused 843us total 34.840ms
08-03 18:36:30.207  8695  8843 I art     : Starting a blocking GC Explicit
08-03 18:36:30.242  8695  8843 I art     : Explicit concurrent mark sweep GC freed 166(2816B) AllocSpace objects, 0(0B) LOS objects, 28% free, 39MB/55MB, paused 818us total 34.856ms
08-03 18:36:30.456  9698  9698 W ConfigurationUpdatedRec: Received update for unknown package com.google.android.libraries.performance.primes#com.google.android.apps.messaging
08-03 18:36:30.468   918  3961 I ActivityManager: Killing 7580:com.google.android.apps.gcs/u0a11 (adj 15): empty #17
08-03 18:36:30.489  9698  9750 W ResourceType: For resource 0x7f130388, entry index(904) is beyond type entryCount(677)
08-03 18:36:30.492  9698  9750 W ResourceType: For resource 0x7f130388, entry index(904) is beyond type entryCount(677)
08-03 18:36:30.502  9698  9750 I FA      : App measurement initialized, version: 28009
08-03 18:36:30.503  9698  9750 I FA      : To enable debug logging run: adb shell setprop log.tag.FA VERBOSE
08-03 18:36:30.503  9698  9750 I FA      : To enable faster debug mode event logging run:
08-03 18:36:30.503  9698  9750 I FA      :   adb shell setprop debug.firebase.analytics.app com.google.android.apps.messaging
08-03 18:36:30.528  9698  9754 I CarrierServices: [21962] wql.b: Initializing Carrier Services Logging.
08-03 18:36:30.577  6202  6202 W o       : Received update for unknown package com.google.android.libraries.performance.primes#com.google.android.googlequicksearchbox; known packages [com.google.android.libraries.search.googleapp.device#com.google.android.googlequicksearchbox, com.google.android.libraries.search.googleapp.user#com.google.android.googlequicksearchbox, com.google.android.libraries.lens.nbu.device#com.google.android.googlequicksearchbox, com.google.android.libraries.lens.nbu.user#com.google.android.googlequicksearchbox, com.google.android.apps.gsa.pcp.device#com.google.android.googlequicksearchbox, com.google.android.apps.gsa.pcp.user#com.google.android.googlequicksearchbox, com.google.android.libraries.search.device#com.google.android.googlequicksearchbox, com.google.android.apps.search.transcription.device#com.google.android.googlequicksearchbox, com.google.android.apps.search.transcription.uidevice#com.google.android.googlequicksearchbox, com.google.android.apps.search.transcription.uiuser#com.google.android.googlequicksearchbox, com.google.android.apps.search.transcription.user#com.google.android.googlequicksearchbox]
08-03 18:36:30.597  9698  9754 I LogSaver: LogSaver new instance with filename: carrier_services
08-03 18:36:30.643  9698  9754 E LogSaver: LogSaver: fail to init disk logger
08-03 18:36:30.643  9698  9754 E LogSaver: java.io.IOException: fcntl failed: EAGAIN (Try again)
08-03 18:36:30.643  9698  9754 E LogSaver: 	at java.nio.FileChannelImpl.basicLock(FileChannelImpl.java:123)
08-03 18:36:30.643  9698  9754 E LogSaver: 	at java.nio.FileChannelImpl.tryLock(FileChannelImpl.java:181)
08-03 18:36:30.643  9698  9754 E LogSaver: 	at java.nio.channels.FileChannel.tryLock(FileChannel.java:584)
08-03 18:36:30.643  9698  9754 E LogSaver: 	at java.util.logging.FileHandler.initOutputFiles(FileHandler.java:197)
08-03 18:36:30.643  9698  9754 E LogSaver: 	at java.util.logging.FileHandler.init(FileHandler.java:159)
08-03 18:36:30.643  9698  9754 E LogSaver: 	at java.util.logging.FileHandler.<init>(FileHandler.java:482)
08-03 18:36:30.643  9698  9754 E LogSaver: 	at yfj.<init>(PG:15)
08-03 18:36:30.643  9698  9754 E LogSaver: 	at yfe.b(PG:118)
08-03 18:36:30.643  9698  9754 E LogSaver: 	at wql.b(PG:5)
08-03 18:36:30.643  9698  9754 E LogSaver: 	at ndz.d(PG:4)
08-03 18:36:30.643  9698  9754 E LogSaver: 	at lnv.b(PG:15)
08-03 18:36:30.643  9698  9754 E LogSaver: 	at lnq.a(Unknown Source)
08-03 18:36:30.643  9698  9754 E LogSaver: 	at aglr.a(PG:3)
08-03 18:36:30.643  9698  9754 E LogSaver: 	at ajiq.a(PG:4)
08-03 18:36:30.643  9698  9754 E LogSaver: 	at ajku.b(PG:7)
08-03 18:36:30.643  9698  9754 E LogSaver: 	at ajjv.run(PG:12)
08-03 18:36:30.643  9698  9754 E LogSaver: 	at ajkw.run(PG:12)
08-03 18:36:30.643  9698  9754 E LogSaver: 	at afpx.run(PG:2)
08-03 18:36:30.643  9698  9754 E LogSaver: 	at java.util.concurrent.ThreadPoolExecutor.runWorker(ThreadPoolExecutor.java:1113)
08-03 18:36:30.643  9698  9754 E LogSaver: 	at java.util.concurrent.ThreadPoolExecutor$Worker.run(ThreadPoolExecutor.java:588)
08-03 18:36:30.643  9698  9754 E LogSaver: 	at afoo.run(Unknown Source)
08-03 18:36:30.643  9698  9754 E LogSaver: 	at java.lang.Thread.run(Thread.java:818)
08-03 18:36:30.643  9698  9754 E LogSaver: Caused by: android.system.ErrnoException: fcntl failed: EAGAIN (Try again)
08-03 18:36:30.643  9698  9754 E LogSaver: 	at libcore.io.Posix.fcntlFlock(Native Method)
08-03 18:36:30.643  9698  9754 E LogSaver: 	at libcore.io.ForwardingOs.fcntlFlock(ForwardingOs.java:70)
08-03 18:36:30.643  9698  9754 E LogSaver: 	at java.nio.FileChannelImpl.basicLock(FileChannelImpl.java:121)
08-03 18:36:30.643  9698  9754 E LogSaver: 	... 21 more
08-03 18:36:30.660  8695  8706 I art     : Starting a blocking GC Explicit
08-03 18:36:30.676  9698  9754 W ResourceType: For resource 0x7f13070f, entry index(1807) is beyond type entryCount(677)
08-03 18:36:30.676  9698  9754 W ResourceType: For resource 0x7f13052a, entry index(1322) is beyond type entryCount(677)
08-03 18:36:30.676  9698  9754 W ResourceType: For resource 0x7f130523, entry index(1315) is beyond type entryCount(677)
08-03 18:36:30.694  8695  8706 I art     : Explicit concurrent mark sweep GC freed 2932(116KB) AllocSpace objects, 2(40KB) LOS objects, 28% free, 39MB/55MB, paused 744us total 33.979ms
08-03 18:36:30.695  9698  9754 W ResourceType: For resource 0x7f13052c, entry index(1324) is beyond type entryCount(677)
08-03 18:36:30.695  9698  9754 W ResourceType: For resource 0x7f130412, entry index(1042) is beyond type entryCount(677)
08-03 18:36:30.695  9698  9754 W ResourceType: For resource 0x7f13041f, entry index(1055) is beyond type entryCount(677)
08-03 18:36:30.695  9698  9754 W ResourceType: For resource 0x7f13041e, entry index(1054) is beyond type entryCount(677)
08-03 18:36:30.695  9698  9754 W ResourceType: For resource 0x7f1306d0, entry index(1744) is beyond type entryCount(677)
08-03 18:36:30.695  9698  9754 W ResourceType: For resource 0x7f130691, entry index(1681) is beyond type entryCount(677)
08-03 18:36:30.695  9698  9754 W ResourceType: For resource 0x7f1306d1, entry index(1745) is beyond type entryCount(677)
08-03 18:36:30.695  9698  9754 W ResourceType: For resource 0x7f13051c, entry index(1308) is beyond type entryCount(677)
08-03 18:36:30.695  9698  9754 W ResourceType: For resource 0x7f13074a, entry index(1866) is beyond type entryCount(677)
08-03 18:36:30.695  9698  9754 W ResourceType: For resource 0x7f1307c9, entry index(1993) is beyond type entryCount(677)
08-03 18:36:30.695  9698  9754 W ResourceType: For resource 0x7f130563, entry index(1379) is beyond type entryCount(677)
08-03 18:36:30.695  9698  9754 W ResourceType: For resource 0x7f130569, entry index(1385) is beyond type entryCount(677)
08-03 18:36:30.695  9698  9754 W ResourceType: For resource 0x7f130416, entry index(1046) is beyond type entryCount(677)
08-03 18:36:30.695  9698  9754 W ResourceType: For resource 0x7f130420, entry index(1056) is beyond type entryCount(677)
08-03 18:36:30.695  9698  9754 W ResourceType: For resource 0x7f1306d4, entry index(1748) is beyond type entryCount(677)
08-03 18:36:30.695  9698  9754 W ResourceType: For resource 0x7f1302c4, entry index(708) is beyond type entryCount(677)
08-03 18:36:30.695  9698  9754 W ResourceType: For resource 0x7f13070c, entry index(1804) is beyond type entryCount(677)
08-03 18:36:30.696  9698  9754 W ResourceType: For resource 0x7f130727, entry index(1831) is beyond type entryCount(677)
08-03 18:36:30.696  9698  9754 W ResourceType: For resource 0x7f130606, entry index(1542) is beyond type entryCount(677)
08-03 18:36:30.696  9698  9754 W ResourceType: For resource 0x7f130604, entry index(1540) is beyond type entryCount(677)
08-03 18:36:30.696  9698  9754 W ResourceType: For resource 0x7f130617, entry index(1559) is beyond type entryCount(677)
08-03 18:36:30.696  9698  9754 W ResourceType: For resource 0x7f1305ff, entry index(1535) is beyond type entryCount(677)
08-03 18:36:30.696  9698  9754 W ResourceType: For resource 0x7f130626, entry index(1574) is beyond type entryCount(677)
08-03 18:36:30.696  9698  9754 W ResourceType: For resource 0x7f1305fb, entry index(1531) is beyond type entryCount(677)
08-03 18:36:30.696  9698  9754 W ResourceType: For resource 0x7f13062e, entry index(1582) is beyond type entryCount(677)
08-03 18:36:30.697  9698  9754 W ResourceType: For resource 0x7f13078b, entry index(1931) is beyond type entryCount(677)
08-03 18:36:30.697  9698  9754 W ResourceType: For resource 0x7f13079d, entry index(1949) is beyond type entryCount(677)
08-03 18:36:30.697  9698  9754 W ResourceType: For resource 0x7f130881, entry index(2177) is beyond type entryCount(677)
08-03 18:36:30.697  9698  9754 I BugleBackup: Registering preference change listener for "bugle".
08-03 18:36:30.704  6202  6202 W o       : Received update for unknown package com.google.android.googlequicksearchbox; known packages [com.google.android.libraries.search.googleapp.device#com.google.android.googlequicksearchbox, com.google.android.libraries.search.googleapp.user#com.google.android.googlequicksearchbox, com.google.android.libraries.lens.nbu.device#com.google.android.googlequicksearchbox, com.google.android.libraries.lens.nbu.user#com.google.android.googlequicksearchbox, com.google.android.apps.gsa.pcp.device#com.google.android.googlequicksearchbox, com.google.android.apps.gsa.pcp.user#com.google.android.googlequicksearchbox, com.google.android.libraries.search.device#com.google.android.googlequicksearchbox, com.google.android.apps.search.transcription.device#com.google.android.googlequicksearchbox, com.google.android.apps.search.transcription.uidevice#com.google.android.googlequicksearchbox, com.google.android.apps.search.transcription.uiuser#com.google.android.googlequicksearchbox, com.google.android.apps.search.transcription.user#com.google.android.googlequicksearchbox]
08-03 18:36:30.710  8695  8706 I art     : Starting a blocking GC Explicit
08-03 18:36:30.727  6202  6202 I EngineIdGenerator: Refusing EXCLUSIVE task 21, it is already pending. Try again in 359 seconds.
08-03 18:36:30.744  8695  8706 I art     : Explicit concurrent mark sweep GC freed 184(3KB) AllocSpace objects, 0(0B) LOS objects, 28% free, 39MB/55MB, paused 752us total 33.392ms
08-03 18:36:30.760  8695  8706 I art     : Starting a blocking GC Explicit
08-03 18:36:30.762 24365  9659 I PTCommittedOperation: Receive new configuration for com.google.android.libraries.personalization.footprints#com.google.android.gms
08-03 18:36:30.775   918  6112 I AccountManagerService: getTypesVisibleToCaller: isPermitted? true
08-03 18:36:30.781   918  6110 W ActivityManager: Unable to start service Intent { act=com.google.android.gms.auth.key.retrieval.service.START pkg=com.google.android.gms } U=0: not found
08-03 18:36:30.786 24577  9785 I ChromeSync: [Sync,SyncIntentOperation] Handling the intent: Intent { act=com.google.android.gms.phenotype.COMMITTED flg=0x10 pkg=com.google.android.gms cmp=com.google.android.gms/.chimera.GmsIntentOperationService (has extras) }.
08-03 18:36:30.792   918  6111 W ActivityManager: Unbind failed: could not find connection for android.os.BinderProxy@2e54198
08-03 18:36:30.792  8695  8706 I art     : Explicit concurrent mark sweep GC freed 146(2464B) AllocSpace objects, 0(0B) LOS objects, 28% free, 39MB/55MB, paused 815us total 32.056ms
08-03 18:36:30.795 24577 24621 E GmsClient: unable to connect to service: com.google.android.gms.auth.key.retrieval.service.START on com.google.android.gms
08-03 18:36:30.797  9698  9754 W BugleRcs: couldn't get package info for carrier services package with name com.google.android.ims
08-03 18:36:30.797  9698  9754 W BugleRcs: android.content.pm.PackageManager$NameNotFoundException: com.google.android.ims
08-03 18:36:30.797  9698  9754 W BugleRcs: 	at android.app.ApplicationPackageManager.getPackageInfo(ApplicationPackageManager.java:137)
08-03 18:36:30.797  9698  9754 W BugleRcs: 	at nbr.<init>(PG:10)
08-03 18:36:30.797  9698  9754 W BugleRcs: 	at nbr.a(PG:21)
08-03 18:36:30.797  9698  9754 W BugleRcs: 	at jrb.a(PG:27)
08-03 18:36:30.797  9698  9754 W BugleRcs: 	at eye.run(Unknown Source)
08-03 18:36:30.797  9698  9754 W BugleRcs: 	at aglo.run(PG:3)
08-03 18:36:30.797  9698  9754 W BugleRcs: 	at java.util.concurrent.Executors$RunnableAdapter.call(Executors.java:423)
08-03 18:36:30.797  9698  9754 W BugleRcs: 	at ajkv.b(PG:6)
08-03 18:36:30.797  9698  9754 W BugleRcs: 	at ajjv.run(PG:12)
08-03 18:36:30.797  9698  9754 W BugleRcs: 	at ajkw.run(PG:12)
08-03 18:36:30.797  9698  9754 W BugleRcs: 	at afpx.run(PG:2)
08-03 18:36:30.797  9698  9754 W BugleRcs: 	at java.util.concurrent.ThreadPoolExecutor.runWorker(ThreadPoolExecutor.java:1113)
08-03 18:36:30.797  9698  9754 W BugleRcs: 	at java.util.concurrent.ThreadPoolExecutor$Worker.run(ThreadPoolExecutor.java:588)
08-03 18:36:30.797  9698  9754 W BugleRcs: 	at afoo.run(Unknown Source)
08-03 18:36:30.797  9698  9754 W BugleRcs: 	at java.lang.Thread.run(Thread.java:818)
08-03 18:36:30.807  8695  8706 I art     : Starting a blocking GC Explicit
08-03 18:36:30.808 24577  9787 I MdiSyncModule: flag handling is skipping irrelevant intent.
08-03 18:36:30.838 24577  9785 W ModuleInitIntentOp: Dropping unexpected action com.google.android.gms.phenotype.COMMITTED
08-03 18:36:30.840  8695  8706 I art     : Explicit concurrent mark sweep GC freed 109(1872B) AllocSpace objects, 0(0B) LOS objects, 28% free, 39MB/55MB, paused 871us total 32.300ms
08-03 18:36:30.856  8695  8706 I art     : Starting a blocking GC Explicit
08-03 18:36:30.888  8695  8706 I art     : Explicit concurrent mark sweep GC freed 137(2320B) AllocSpace objects, 0(0B) LOS objects, 28% free, 39MB/55MB, paused 798us total 32.647ms
08-03 18:36:30.916   918 13198 D NetlinkSocketObserver: NeighborEvent{elapsedMs=1626394791, 192.168.2.254, [7C3953A63323], RTM_NEWNEIGH, NUD_REACHABLE}
08-03 18:36:31.034  6202  9793 I BgTaskExecutorImpl: Starting EXCLUSIVE background task FETCH_CONFIGS_FROM_PHENOTYPE.
08-03 18:36:31.067  9698  9758 W ResourceType: For resource 0x7f1305fb, entry index(1531) is beyond type entryCount(677)
08-03 18:36:31.147  9698  9758 W ResourceType: For resource 0x7f1302c4, entry index(708) is beyond type entryCount(677)
08-03 18:36:31.159  9698  9758 W BugleRcsEngine: [21966] ygo.d: Carrier Services Apk was not found.
08-03 18:36:31.159  9698  9758 I BugleRcsEngine: [21966] ygo.a: Cannot get service version because CS.apk was not found, not pre-loaded or disabled.
08-03 18:36:31.163  9698  9758 W BugleRcsEngine: [21966] ygo.a: Service with meta data key: JibeServiceApiVersions is not compatible. Service Version 1 is not supported. Supported versions: []
08-03 18:36:31.163  9698  9758 I BugleRcsEngine: [21966] ygo.b: Not using CS JibeService because it is not compatible with AM.
08-03 18:36:31.171 18051 18096 I BugleRcsEngine: [1490] ProvisioningEventReceiver.a: Received Provisioning Event: [Bugle information (100)]
08-03 18:36:31.172 18051 18096 I BugleRcsEngine: [1490] ProvisioningEventReceiver.a: JibeService is running, passing event to provisioning engine.
08-03 18:36:31.172 18051 18096 I BugleRcsEngine: [1490] xny.a: Handling Provisioning Event: [Bugle information (100)]
08-03 18:36:31.173 18051 18096 I BugleRcsEngine: [1490] xoh.a: RcsAvailabilityManager: Calculating Rcs Availability
08-03 18:36:31.173 18051 18096 I BugleRcsEngine: [1490] xoh.a: Bugle ContentProvider is disabled by p/h flag, using ProvisioningEngineStateCacheUtil.getBugleHasRequiredPermission()
08-03 18:36:31.173 18051 18096 I BugleRcsEngine: [1490] xoh.a: Bugle has minimum required RCS permissions: true
08-03 18:36:31.174 18051 18096 I BugleRcsEngine: [1490] xqa.d: RCS Configuration storage in Bugle is disabled by p/h flag, using ProvisioningEngineStateCacheUtil.getProvisioningConfigurationForGivenSim()
08-03 18:36:31.197  9698  9754 W Bugle   : SubscriptionMetadataUtils get: invalid subId = -1
08-03 18:36:31.202  9698  9754 I Bugle   : TelephonyManagerFactory: Returning default instance of TelephonyManager (< N)
08-03 18:36:31.203  9698  9754 I Bugle   : TelephonyManagerFactory: Returning default instance of TelephonyManager (< N)
08-03 18:36:31.203  9698  9754 I Bugle   : TelephonyManagerFactory: Returning default instance of TelephonyManager (< N)
08-03 18:36:31.235  8695  8750 I art     : Starting a blocking GC Explicit
08-03 18:36:31.243 18051 18096 I BugleRcsEngine: [1490] xqa.a: Bugle ContentProvider is disabled by p/h flag, using ProvisioningEngineStateCacheUtil.getBugleEnabledRcsFromPreference()
08-03 18:36:31.244 18051 18096 I BugleRcsEngine: [1490] xqa.a: Rcs is enabled from user settings: true
08-03 18:36:31.244 18051 18096 I BugleRcsEngine: [1490] xqa.b: Bugle ContentProvider is disabled by p/h flag, using ProvisioningEngineStateCacheUtil.isBugleDefaultSmsApp()
08-03 18:36:31.244 18051 18096 I BugleRcsEngine: [1490] xqa.b: Bugle is default SMS app: true
08-03 18:36:31.244 18051 18096 W BugleRcsEngine: [1490] xrk.a: No config URL. RCS will be disabled!
08-03 18:36:31.245 18051 18096 I BugleRcsEngine: [1490] xqa.d: RCS Configuration storage in Bugle is disabled by p/h flag, using ProvisioningEngineStateCacheUtil.getProvisioningConfigurationForGivenSim()
08-03 18:36:31.245 18051 18096 I BugleRcsEngine: [1490] xqa.d: RCS Configuration storage in Bugle is disabled by p/h flag, using ProvisioningEngineStateCacheUtil.getProvisioningConfigurationForGivenSim()
08-03 18:36:31.246 18051 18096 I BugleRcsEngine: [1490] xqa.d: RCS Configuration storage in Bugle is disabled by p/h flag, using ProvisioningEngineStateCacheUtil.getProvisioningConfigurationForGivenSim()
08-03 18:36:31.262 18051 18096 I BugleRcsEngine: [1490] ygo.c: Checking if using CarrierServices.apk is possible. Enabled: true, isAtLeastM: true, runningInsideBugle: true
08-03 18:36:31.263 18051 18096 W BugleRcsEngine: [1490] ygo.d: Carrier Services Apk was not found.
08-03 18:36:31.263 18051 18096 I BugleRcsEngine: [1490] ygo.a: Cannot get service version because CS.apk was not found, not pre-loaded or disabled.
08-03 18:36:31.264 18051 18096 W BugleRcsEngine: [1490] ygo.a: Service with meta data key: JibeServiceApiVersions is not compatible. Service Version 1 is not supported. Supported versions: []
08-03 18:36:31.265  9698  9754 W Bugle   : SubscriptionMetadataUtils get: invalid subId = -1
08-03 18:36:31.267 18051 18096 I BugleRcsEngine: [1490] wkb.onCsLibPhenotypeUpdated: BindingManager: binding and reset P/H Flag stay same
08-03 18:36:31.267 18051 18096 I BugleRcsEngine: [1490] xoh.a: RcsAvailabilityManager: Rcs Availability still DISABLED_SIM_ABSENT (RCS is disabled due to SIM absent)
08-03 18:36:31.272  8695  8750 I art     : Explicit concurrent mark sweep GC freed 2733(117KB) AllocSpace objects, 2(40KB) LOS objects, 28% free, 39MB/55MB, paused 840us total 37.161ms
08-03 18:36:31.273  9698  9754 W Bugle   : SubscriptionMetadataUtils get: invalid subId = -1
08-03 18:36:31.275  9698  9754 W Bugle   : SubscriptionMetadataUtils get: invalid subId = -1
08-03 18:36:31.277  9698  9754 W Bugle   : SubscriptionMetadataUtils get: invalid subId = -1
08-03 18:36:31.289  8695  8750 I art     : Starting a blocking GC Explicit
08-03 18:36:31.325  8695  8750 I art     : Explicit concurrent mark sweep GC freed 220(4KB) AllocSpace objects, 0(0B) LOS objects, 28% free, 39MB/55MB, paused 850us total 36.086ms
08-03 18:36:31.341  8695  8750 I art     : Starting a blocking GC Explicit
08-03 18:36:31.379  8695  8750 I art     : Explicit concurrent mark sweep GC freed 149(2560B) AllocSpace objects, 0(0B) LOS objects, 28% free, 39MB/55MB, paused 886us total 37.065ms
08-03 18:36:31.395  8695  8750 I art     : Starting a blocking GC Explicit
08-03 18:36:31.432  8695  8750 I art     : Explicit concurrent mark sweep GC freed 148(2528B) AllocSpace objects, 0(0B) LOS objects, 28% free, 39MB/55MB, paused 847us total 37.040ms
08-03 18:36:31.449  8695  8750 I art     : Starting a blocking GC Explicit
08-03 18:36:31.489  8695  8750 I art     : Explicit concurrent mark sweep GC freed 147(2496B) AllocSpace objects, 0(0B) LOS objects, 28% free, 39MB/55MB, paused 865us total 40.254ms
08-03 18:36:31.893  8695  8707 I art     : Starting a blocking GC Explicit
08-03 18:36:31.932  8695  8707 I art     : Explicit concurrent mark sweep GC freed 2925(119KB) AllocSpace objects, 2(40KB) LOS objects, 28% free, 39MB/55MB, paused 782us total 38.603ms
08-03 18:36:31.949  8695  8707 I art     : Starting a blocking GC Explicit
08-03 18:36:31.986  8695  8707 I art     : Explicit concurrent mark sweep GC freed 174(3KB) AllocSpace objects, 0(0B) LOS objects, 28% free, 39MB/55MB, paused 812us total 36.738ms
08-03 18:36:32.003  8695  8707 I art     : Starting a blocking GC Explicit
08-03 18:36:32.040  8695  8707 I art     : Explicit concurrent mark sweep GC freed 147(2496B) AllocSpace objects, 0(0B) LOS objects, 28% free, 39MB/55MB, paused 760us total 37.175ms
08-03 18:36:32.057  8695  8707 I art     : Starting a blocking GC Explicit
08-03 18:36:32.094  8695  8707 I art     : Explicit concurrent mark sweep GC freed 193(3KB) AllocSpace objects, 0(0B) LOS objects, 28% free, 39MB/55MB, paused 843us total 36.682ms
08-03 18:36:32.111  8695  8707 I art     : Starting a blocking GC Explicit
08-03 18:36:32.146  8695  8707 I art     : Explicit concurrent mark sweep GC freed 149(2560B) AllocSpace objects, 0(0B) LOS objects, 28% free, 39MB/55MB, paused 826us total 35.694ms
08-03 18:36:32.178  6202  6236 I FedAssExpListener: Fed-ass not supported for signed out users.
08-03 18:36:32.178  6202  6236 I FedAssExpListener: Successfully processed experiments changed.
08-03 18:36:32.179  6202  6239 I ModelDownloadListener: Schdedule model download
08-03 18:36:32.204  6202  6239 I OpaEligibilityChecker: send OpaEligibilityChange broadcast to CommonBroadcastReceiver
08-03 18:36:32.217  6202  6241 W SearchServiceCore: Abort, client detached.
08-03 18:36:32.217  6202  6241 W SearchServiceCore: Abort, client detached.
08-03 18:36:32.245  6202  6239 E LauncherUtil: Failed to get system resource ID.
08-03 18:36:32.320 24577 13294 I Icing   : IndexChimeraService.getServiceInterface callingPackage=com.google.android.googlequicksearchbox componentName=agsa_icing_connection serviceId=32
08-03 18:36:32.322 24577 13316 I Icing   : IndexChimeraService.getServiceInterface callingPackage=com.google.android.googlequicksearchbox componentName=agsa_icing_connection serviceId=33
08-03 18:36:32.347 24577 13294 I Icing   : IndexChimeraService.getServiceInterface callingPackage=com.google.android.gms componentName=null serviceId=36
08-03 18:36:32.368  6202  6241 W SearchServiceCore: Abort, client detached.
08-03 18:36:32.381 24577 15624 W Icing   : No valid account for uploading user actions
08-03 18:36:32.417 24577 13294 I Icing   : IndexChimeraService.getServiceInterface callingPackage=com.google.android.gms componentName=null serviceId=30
08-03 18:36:32.498  8695  8843 I art     : Starting a blocking GC Explicit
08-03 18:36:32.533  8695  8843 I art     : Explicit concurrent mark sweep GC freed 2730(112KB) AllocSpace objects, 2(40KB) LOS objects, 28% free, 39MB/55MB, paused 859us total 35.022ms
08-03 18:36:32.534 24577 15624 I Icing   : Usage reports ok 3, Failed Usage reports 0, indexed 0, rejected 0
08-03 18:36:32.537 24577 15624 W Icing   : No valid account for uploading user actions
08-03 18:36:32.550  8695  8843 I art     : Starting a blocking GC Explicit
08-03 18:36:32.554 24577 15624 I Icing   : Usage reports ok 0, Failed Usage reports 0, indexed 0, rejected 0
08-03 18:36:32.559 24577 15624 W Icing   : No valid account for uploading user actions
08-03 18:36:32.568 24577 15624 I Icing   : Usage reports ok 0, Failed Usage reports 0, indexed 0, rejected 0
08-03 18:36:32.570 24577 15624 W Icing   : No valid account for uploading user actions
08-03 18:36:32.578 24577 15624 I Icing   : Usage reports ok 0, Failed Usage reports 0, indexed 0, rejected 0
08-03 18:36:32.583  8695  8843 I art     : Explicit concurrent mark sweep GC freed 174(3KB) AllocSpace objects, 0(0B) LOS objects, 28% free, 39MB/55MB, paused 783us total 32.547ms
08-03 18:36:32.598  8695  8843 I art     : Starting a blocking GC Explicit
08-03 18:36:32.631  8695  8843 I art     : Explicit concurrent mark sweep GC freed 164(3KB) AllocSpace objects, 0(0B) LOS objects, 28% free, 39MB/55MB, paused 852us total 33.021ms
08-03 18:36:32.648  8695  8843 I art     : Starting a blocking GC Explicit
08-03 18:36:32.658   918   927 I art     : Background partial concurrent mark sweep GC freed 132961(10MB) AllocSpace objects, 131(3MB) LOS objects, 19% free, 68MB/84MB, paused 1.797ms total 241.444ms
08-03 18:36:32.680  8695  8843 I art     : Explicit concurrent mark sweep GC freed 159(3KB) AllocSpace objects, 0(0B) LOS objects, 28% free, 39MB/55MB, paused 780us total 32.143ms
08-03 18:36:32.695  8695  8843 I art     : Starting a blocking GC Explicit
08-03 18:36:32.730  8695  8843 I art     : Explicit concurrent mark sweep GC freed 151(2720B) AllocSpace objects, 0(0B) LOS objects, 28% free, 39MB/55MB, paused 786us total 34.692ms
08-03 18:36:33.100  8695  8750 I art     : Starting a blocking GC Explicit
08-03 18:36:33.139  8695  8750 I art     : Explicit concurrent mark sweep GC freed 2794(119KB) AllocSpace objects, 2(40KB) LOS objects, 28% free, 39MB/55MB, paused 785us total 37.879ms
08-03 18:36:33.155  8695  8750 I art     : Starting a blocking GC Explicit
08-03 18:36:33.192  8695  8750 I art     : Explicit concurrent mark sweep GC freed 182(3KB) AllocSpace objects, 0(0B) LOS objects, 28% free, 39MB/55MB, paused 860us total 37.225ms
08-03 18:36:33.209  8695  8750 I art     : Starting a blocking GC Explicit
08-03 18:36:33.245  8695  8750 I art     : Explicit concurrent mark sweep GC freed 185(3KB) AllocSpace objects, 0(0B) LOS objects, 28% free, 39MB/55MB, paused 835us total 36.139ms
08-03 18:36:33.262  8695  8750 I art     : Starting a blocking GC Explicit
08-03 18:36:33.298  8695  8750 I art     : Explicit concurrent mark sweep GC freed 149(2560B) AllocSpace objects, 0(0B) LOS objects, 28% free, 39MB/55MB, paused 922us total 35.517ms
08-03 18:36:33.298  8695  8705 I art     : WaitForGcToComplete blocked for 35.410ms for cause HeapTrim
08-03 18:36:33.314  8695  8750 I art     : Starting a blocking GC Explicit
08-03 18:36:33.352  8695  8750 I art     : Explicit concurrent mark sweep GC freed 159(3KB) AllocSpace objects, 0(0B) LOS objects, 28% free, 39MB/55MB, paused 836us total 37.652ms
08-03 18:36:33.727  8695  8706 I art     : Starting a blocking GC Explicit
08-03 18:36:33.758  9843  9843 D AndroidRuntime: >>>>>> START com.android.internal.os.RuntimeInit uid 2000 <<<<<<
08-03 18:36:33.765  8695  8706 I art     : Explicit concurrent mark sweep GC freed 2831(118KB) AllocSpace objects, 2(40KB) LOS objects, 28% free, 39MB/55MB, paused 876us total 38.066ms
08-03 18:36:33.782  8695  8706 I art     : Starting a blocking GC Explicit
08-03 18:36:33.806  9843  9843 D AndroidRuntime: CheckJNI is OFF
08-03 18:36:33.821  8695  8706 I art     : Explicit concurrent mark sweep GC freed 182(3KB) AllocSpace objects, 0(0B) LOS objects, 28% free, 39MB/55MB, paused 879us total 38.810ms
08-03 18:36:33.838  8695  8706 I art     : Starting a blocking GC Explicit
08-03 18:36:33.873  9843  9843 D ICU     : No timezone override file found: /data/misc/zoneinfo/current/icu/icu_tzdata.dat
08-03 18:36:33.876  8695  8706 I art     : Explicit concurrent mark sweep GC freed 148(2512B) AllocSpace objects, 0(0B) LOS objects, 28% free, 39MB/55MB, paused 1.035ms total 38.707ms
08-03 18:36:33.893  8695  8706 I art     : Starting a blocking GC Explicit
08-03 18:36:33.927  9843  9843 I Radio-JNI: register_android_hardware_Radio DONE
08-03 18:36:33.932  8695  8706 I art     : Explicit concurrent mark sweep GC freed 191(3KB) AllocSpace objects, 0(0B) LOS objects, 28% free, 39MB/55MB, paused 1.060ms total 38.822ms
08-03 18:36:33.949  8695  8706 I art     : Starting a blocking GC Explicit
08-03 18:36:33.957  9843  9843 D AndroidRuntime: Calling main entry com.android.commands.input.Input
08-03 18:36:33.959  9843  9843 I Input   : injectMotionEvent: MotionEvent { action=ACTION_DOWN, actionButton=0, id[0]=0, x[0]=693.0, y[0]=1450.0, toolType[0]=TOOL_TYPE_UNKNOWN, buttonState=0, metaState=0, flags=0x0, edgeFlags=0x0, pointerCount=1, historySize=0, eventTime=643010371, downTime=643010371, deviceId=0, source=0x1002 }
08-03 18:36:33.965  9843  9843 I Input   : injectMotionEvent: MotionEvent { action=ACTION_UP, actionButton=0, id[0]=0, x[0]=693.0, y[0]=1450.0, toolType[0]=TOOL_TYPE_UNKNOWN, buttonState=0, metaState=0, flags=0x0, edgeFlags=0x0, pointerCount=1, historySize=0, eventTime=643010371, downTime=643010371, deviceId=0, source=0x1002 }
08-03 18:36:33.967  8695  8695 D NappaIntentExtras: ==================
08-03 18:36:33.967  9843  9843 D AndroidRuntime: Shutting down VM
08-03 18:36:33.967  8695  8695 D NappaIntentExtras: Log #8
08-03 18:36:33.967  8695  8695 D NappaIntentExtras: ------------------
08-03 18:36:33.967  8695  8695 D NappaIntentExtras: activity nappagreedy.io.github.project_travel_mate.destinations.description.CityHistoryActivity
08-03 18:36:33.967  8695  8695 D NappaIntentExtras: 	- No extras registered
08-03 18:36:33.967  8695  8695 D NappaIntentExtras: activity nappagreedy.io.github.project_travel_mate.MainActivity
08-03 18:36:33.967  8695  8695 D NappaIntentExtras: 	- 1 extras registered
08-03 18:36:33.967  8695  8695 D NappaIntentExtras: 	- cityobject_ : objects.City@e6b4a93
08-03 18:36:33.968  8695  8695 D NappaIntentExtras: activity nappagreedy.io.github.project_travel_mate.SplashActivity
08-03 18:36:33.968  8695  8695 D NappaIntentExtras: 	- No extras registered
08-03 18:36:33.968  8695  8695 D NappaIntentExtras: activity nappagreedy.io.github.project_travel_mate.utilities.CompassActivity
08-03 18:36:33.968  8695  8695 D NappaIntentExtras: 	- No extras registered
08-03 18:36:33.968  8695  8695 D NappaIntentExtras: activity nappagreedy.io.github.project_travel_mate.notifications.NotificationsActivity
08-03 18:36:33.968  8695  8695 D NappaIntentExtras: 	- No extras registered
08-03 18:36:33.968  8695  8695 D NappaIntentExtras: activity nappagreedy.io.github.project_travel_mate.destinations.funfacts.FunFactsActivity
08-03 18:36:33.968  8695  8695 D NappaIntentExtras: 	- No extras registered
08-03 18:36:33.968  8695  8695 D NappaIntentExtras: activity nappagreedy.io.github.project_travel_mate.utilities.UpcomingWeekendsActivity
08-03 18:36:33.968  8695  8695 D NappaIntentExtras: 	- No extras registered
08-03 18:36:33.968  8695  8695 D NappaIntentExtras: activity nappagreedy.io.github.project_travel_mate.utilities.ChecklistActivity
08-03 18:36:33.968  8695  8695 D NappaIntentExtras: 	- No extras registered
08-03 18:36:33.968  8695  8695 D NappaIntentExtras: activity nappagreedy.io.github.project_travel_mate.destinations.description.FinalCityInfoActivity
08-03 18:36:33.968  8695  8695 D NappaIntentExtras: 	- 1 extras registered
08-03 18:36:33.968  8695  8695 D NappaIntentExtras: 	- cityobject_ : objects.City@ba56b5d
08-03 18:36:33.968  8695  8695 D NappaIntentExtras: ==================
08-03 18:36:33.969   512  2967 D audio_hw_primary: out_set_parameters: enter: usecase(1: low-latency-playback) kvpairs: routing=2
08-03 18:36:33.969   918  5132 I ActivityManager: START u0 {cmp=nappagreedy.io.github.project_travel_mate/.destinations.description.CityHistoryActivity} from uid 10626 on display 0
08-03 18:36:33.976  8695  8695 D NappaLifecycleObserver: nappagreedy.io.github.project_travel_mate.destinations.description.FinalCityInfoActivity - onPause
08-03 18:36:33.976  8695  8695 D Nappa   : Stayed on nappagreedy.io.github.project_travel_mate.destinations.description.FinalCityInfoActivity for 4919 ms
08-03 18:36:33.982   512  2967 D audio_hw_primary: select_devices: out_snd_device(2: speaker) in_snd_device(0: none)
08-03 18:36:33.982   512  2967 D msm8974_platform: platform_send_audio_calibration: sending audio calibration for snd_device(2) acdb_id(15)
08-03 18:36:33.982   512  2967 I soundtrigger: audio_extn_sound_trigger_update_device_status: device 0x2 of type 0 for Event 1
08-03 18:36:33.986  8695  8706 I art     : Explicit concurrent mark sweep GC freed 220(9KB) AllocSpace objects, 0(0B) LOS objects, 28% free, 39MB/55MB, paused 906us total 36.894ms
08-03 18:36:33.994   512  2967 D audio_hw_primary: enable_snd_device: snd_device(2: speaker)
08-03 18:36:33.997   512  2967 D audio_hw_primary: enable_audio_route: apply and update mixer path: low-latency-playback speaker
08-03 18:36:34.005  8695  8814 D Gabe    : call	returning from cache
08-03 18:36:34.007  8695  8695 V EXECUTING: https://project-travel-mate.herokuapp.com/api/get-city-information/1
08-03 18:36:34.008  8695  8695 D Nappa   : TAG okHttpClient initialized
08-03 18:36:34.009  8695  9867 D CustomInterceptor: NETWORK-PROVIDER https://project-travel-mate.herokuapp.com/api/get-city-information/1
08-03 18:36:34.010  8695  9867 D Nappa   : F1_SCORE add_intercept_url - (already in) - https://project-travel-mate.herokuapp.com/api/get-city-information/1
08-03 18:36:34.010  8695  9867 D Nappa   : F1_SCORE add_fn_url - (already in) - https://project-travel-mate.herokuapp.com/api/get-city-information/1
08-03 18:36:34.010  8695  9867 D Nappa   : -------------F1_SCORE #19 -----------
08-03 18:36:34.010  8695  9867 D Nappa   : F1_SCORE - Intercept list (7)= [https://project-travel-mate.herokuapp.com/api/get-user, https://project-travel-mate.herokuapp.com/api/number-of-unread-notifications, https://project-travel-mate.herokuapp.com/api/get-city-weather/1, https://project-travel-mate.herokuapp.com/api/get-city/1, https://project-travel-mate.herokuapp.com/api/get-city-information/1, https://project-travel-mate.herokuapp.com/api/get-city-facts/1, https://project-travel-mate.herokuapp.com/api/get-city-images/1]
08-03 18:36:34.010  8695  9867 D Nappa   : F1_SCORE - Prefetch list (0)= []
08-03 18:36:34.010  8695  9867 D Nappa   : F1_SCORE - TP list (0)= []
08-03 18:36:34.010  8695  9867 D Nappa   : F1_SCORE - FN list (7)= [https://project-travel-mate.herokuapp.com/api/get-user, https://project-travel-mate.herokuapp.com/api/number-of-unread-notifications, https://project-travel-mate.herokuapp.com/api/get-city-weather/1, https://project-travel-mate.herokuapp.com/api/get-city/1, https://project-travel-mate.herokuapp.com/api/get-city-information/1, https://project-travel-mate.herokuapp.com/api/get-city-facts/1, https://project-travel-mate.herokuapp.com/api/get-city-images/1]
08-03 18:36:34.010  8695  9867 I NAPPA_EXPERIMENTATION: MetricPrefetchingAccuracy: LOG_ID='20',F1_SCORE_1='0.0',F1_SCORE_2='0.0',TRUE_POSITIVE='0',FALSE_POSITIVE='0',FALSE_NEGATIVE='7',
08-03 18:36:34.010  8695  9867 D CustomInterceptor: HEADER REQUEST
08-03 18:36:34.010  8695  8695 D NappaLifecycleObserver: nappagreedy.io.github.project_travel_mate.destinations.description.CityHistoryActivity - onResume
08-03 18:36:34.010  8695  8695 D Nappa   : setCurrentActivity - MetricStrategyAccuracy - 
08-03 18:36:34.010  8695  8695 D Nappa   : madePredictionFromActivity = true, 
08-03 18:36:34.010  8695  8695 D Nappa   : fromActivity = nappagreedy.io.github.project_travel_mate.destinations.description.FinalCityInfoActivity, 
08-03 18:36:34.010  8695  8695 D Nappa   : predictedNextActivityFromActivity = [nappagreedy.io.github.project_travel_mate.destinations.description.CityHistoryActivity], 
08-03 18:36:34.010  8695  8695 D Nappa   : activity.getClass().getCanonicalName() = nappagreedy.io.github.project_travel_mate.destinations.description.CityHistoryActivity, 
08-03 18:36:34.010  8695  8695 D Nappa   : setCurrentActivity - MetricStrategyAccuracy - 
08-03 18:36:34.010  8695  8695 D Nappa   : madePredictionFromExtra = false, 
08-03 18:36:34.010  8695  8695 D Nappa   : fromActivity = nappagreedy.io.github.project_travel_mate.destinations.description.FinalCityInfoActivity, 
08-03 18:36:34.010  8695  8695 D Nappa   : predictedNextActivityFromExtra = [], 
08-03 18:36:34.010  8695  8695 D Nappa   : activity.getClass().getCanonicalName() = nappagreedy.io.github.project_travel_mate.destinations.description.CityHistoryActivity, 
08-03 18:36:34.010  8695  8695 D Nappa   : PREFETCH_ON_EXTRA - setCurrentActivity - logs - from activity - made prediction istrue
08-03 18:36:34.010  8695  8695 D Nappa   : PREFETCH_ON_EXTRA - setCurrentActivity - logs - from activity - start
08-03 18:36:34.010  8695  8695 D Nappa   : setCurrentActivity - MetricStrategyAccuracy - checking prediction VS current activity for activities
08-03 18:36:34.011  8695  9867 D CustomInterceptor: Authorization Token e817cf733b7893037942a7dc5507f3c5a98408e6
08-03 18:36:34.011  8695  8695 D GreedyPrefetchingStrategyOnVisitFrequencyAndTime: MetricStrategyAccuracy inc hits count2 | from act
08-03 18:36:34.011  8695  9867 D CustomInterceptor: Cache-Control max-age=300, max-stale=300
08-03 18:36:34.011  8695  8695 I NAPPA_EXPERIMENTATION: MetricStrategyAccuracy: LOG_ID='11',EXECUTION_COUNT='11',CASES_COUNT='11',HIT_PERCENTAGE_TOTAL='18.181818181818183',HIT_PERCENTAGE_WHEN_PREDICTED='50.0',HIT_COUNT='2',MISS_COUNT='2',INSUFFICIENT_SCORE_COUNT='3',EXCEPTION_COUNT='0',NO_SUCCESSOR_COUNT='4',
08-03 18:36:34.011  8695  8695 D Nappa   : PREFETCH_ON_EXTRA - setCurrentActivity - logs - from activity- finished
08-03 18:36:34.011  8695  9867 D CustomInterceptor: CACHED STATS: size = '7', maxSize = '100', hitCount = '13', createCount = '0', putCount = '7', evictionCount = '0', missCount = '7', toString = 'LruCache[maxSize=100,hits=13,misses=7,hitRate=65%]', 
08-03 18:36:34.011  8695  9867 D CustomInterceptor: PREFLIB GET REQUEST https://project-travel-mate.herokuapp.com/api/get-city-information/1
08-03 18:36:34.011  8695  9867 D CustomInterceptor: PREFLIB found https://project-travel-mate.herokuapp.com/api/get-city-information/1, sending it back
08-03 18:36:34.012  8695  9867 D CustomInterceptor: CONTENT {"Summary":"Delhi (English: ; Hindi: [dli] Dill; Punjabi: [dli] Dill; Urdu: [deli] Dhl), officially known as the National Capital Territory of Delhi (NCT), is a city and a union territory of India containing New Delhi, the capital of India.It is bordered by the state of Haryana on three sides and by Uttar Pradesh to the east. The NCT covers an area of 1,484 square kilometres (573 sq mi). According to the 2011 census, Delhi's city proper population was over 11 million, the second-highest in India after Mumbai, while the whole NCT's population was about 16.8 million. Delhi's urban area is now considered to extend beyond the NCT boundaries, and include the neighbouring satellite cities of Ghaziabad, Faridabad, Gurgaon and Noida in an area called the National Capital Region (NCR) and had an estimated 2016 population of over 26 million people, making it the world's second-largest urban area according to the United Nations. Recent estimates of the metro economy of its urban area have ranked Delhi either the most or second-most productive metro area of India. Delhi is the second-wealthiest city in India after Mumbai and is home to 18 billionaires and 23,000 millionaires. Delhi ranks fifth among the Indian states and union territories in human development index. Delhi has the second-highest GDP per capita in India. Delhi is of great historical significance as an important commercial, transport, and cultural hub, as well as the political centre of India.Delhi has been continuously inhabited since the 6th century BCE. Through most of its history, Delhi has served as a capital of various kingdoms and empires, most notably the Pandavas, the Delhi Sultanate and the Mughal Empire. The city has been captured, ransacked and rebuilt several times, particularly during the medieval period, and modern Delhi is a cluster of a number of cities spread across the metropolitan region. For many centuries Delhi has been a dominant trading and commercial centre in northern India, and after 1990s it has emerged as an important node in the international corporate and financial network.A union territory, the political administration of the NCT of Delhi today more closely resembles that of a state of India, with its own legislature, high court and an executive council of ministers headed by a Chief Minister. New Delhi is jointly administered by the federal government of India and the local government of Delhi, and serves as the capital of the nation as well as the NCT of Delhi. Delhi hosted the inaugural 1951 Asian Games, 1982 Asian Games, 1983 NAM Summit, 2010 Men's Hockey World Cup, 2010 Commonwealth Games, 2012 BRICS Summit and was one of the major host cities of the 2011 Cricket World Cup.Delhi is also the centre of the National Capital Region (NCR), which is a unique 'interstate regional planning' area created by the National Capital Region Planning Board Act of 1985.","Toponym":"There are a number of myths and legends associated with the origin of the name Delhi. One of them is derived from Dhillu or Dilu, a king who built a city at this location in 50 BCE and named it after himself. Another legend holds that the name of the city is based on the Hindi/Prakrit word dhili (loose) and that it was used by the Tomaras to refer to the city because the iron pillar of Delhi had a weak foundation and had to be moved. According to Panjab Notes and Queries, the name of the city at the time of King Prithviraj was  dilpat, and that dilpat and dilli are probably derived from the old Hindi word dil meaning eminence. The former director of the Archaeological Survey of India, Alexander Cunningham, mentioned that dilli later became dihli/dehli. Some suggest the coins in circulation in the region under the Tomaras were called dehliwal. According to the Bhavishya Purana, King Prithiviraja of Indraprastha built a new fort in the modern-day Purana Qila area for the convenience of all four castes in his kingdom. He ordered the construction of a gateway to the fort and later named the fort dehali.
08-03 18:36:34.012  8695  9867 D CustomInterceptor: interceptor_finished : return_type #2 : request served from cache
08-03 18:36:34.014  8695  9867 I NAPPA_EXPERIMENTATION: MetricNetworkRequestExecutionTime: REQUEST_DURATION_SYSTEM='6',REQUEST_DURATION_OKHTTP='0',REQUEST_SYNCHRONOUS='FALSE',RESPONSE_CODE='200',RESPONSE_METHOD='GET',RESPONSE_LENGTH_OKHTTP='55024',RESPONSE_LENGTH_HEADER='-2',REQUEST_PROTOCOL='http/1.1',REQUEST_URL='https://project-travel-mate.herokuapp.com/api/get-city-information/1',
08-03 18:36:34.110  8695  8716 D Nappa   : registerActivity: (already in) nappagreedy.io.github.project_travel_mate.destinations.description.FinalCityInfoActivity
08-03 18:36:34.110  8695  8716 D Nappa   : PARENTS 
08-03 18:36:34.110  8695  8716 D Nappa   : Of: nappagreedy.io.github.project_travel_mate.destinations.description.FinalCityInfoActivity -> 
08-03 18:36:34.110  8695  8716 D Nappa   : PARENTS nappagreedy.io.github.project_travel_mate.MainActivity
08-03 18:36:34.110  8695  8716 D Nappa   : PARENTS has extra: (cityobject_, objects.City@e6b4a93)
08-03 18:36:34.110  8695  8716 D Nappa   : PARENTS nappagreedy.io.github.project_travel_mate.SplashActivity
08-03 18:36:34.111  8695  8695 D Nappa   : registerActivity: (already in) nappagreedy.io.github.project_travel_mate.destinations.description.CityHistoryActivity
08-03 18:36:34.111  8695  8695 D ActivityNode: ACTNODE UPDATING AFTER LOADING FROM DB
08-03 18:36:34.111  8695  8695 D ActivityGraph: LARDataCalculatedUpdate nappagreedy.io.github.project_travel_mate.destinations.description.CityHistoryActivity Pagerank: 0.25 HITS-Authority: 1.0 HITS-Hub: 1.0 SALSA-Authority: 1.0 SALSA-Hub: 1.0
08-03 18:36:34.111  8695  8695 D Nappa   : SHOULD_PREFETCH true
08-03 18:36:34.212  8695  8695 D Nappa   : registerActivity: (already in) nappagreedy.io.github.project_travel_mate.destinations.description.CityHistoryActivity
08-03 18:36:34.212  8695  8695 D Nappa   : STATS Number of requests not prefetched: 7
08-03 18:36:34.212  8695  8695 D Nappa   : STATS Number of requests prefetched: 7
08-03 18:36:34.212  8695  8695 D Nappa   : STATS Time saved until now: 0.30200002
08-03 18:36:34.342   918   936 I ActivityManager: Displayed nappagreedy.io.github.project_travel_mate/.destinations.description.CityHistoryActivity: +364ms
08-03 18:36:34.346 13866 13866 I GoogleInputMethodServic: GoogleInputMethodService.onFinishInput():3138 
08-03 18:36:34.346  8695  8695 D ActivityNode: Observer - visit time - FinalCityInfoActivity - New aggregate visit time found is 33578 ms
08-03 18:36:34.347  8695  8695 D ActivityNode: Observer - session data - sourceCityHistoryActivity
08-03 18:36:34.347  8695  8695 D ActivityNode: destinations:
08-03 18:36:34.347  8695  8695 D ActivityNode: Observer - session data - sourceSplashActivity
08-03 18:36:34.347  8695  8695 D ActivityNode: destinations:
08-03 18:36:34.347  8695  8695 D ActivityNode: 	nappagreedy.io.github.project_travel_mate.MainActivity( count 2)
08-03 18:36:34.347 13866 13866 I GoogleInputMethodServic: GoogleInputMethodService.onStartInput():1808 
08-03 18:36:34.347  8695  8695 D ActivityNode: Observer - session data - sourceFinalCityInfoActivity
08-03 18:36:34.347  8695  8695 D ActivityNode: destinations:
08-03 18:36:34.347  8695  8695 D ActivityNode: 	nappagreedy.io.github.project_travel_mate.destinations.description.CityHistoryActivity( count 6)
08-03 18:36:34.347  8695  8695 D ActivityNode: 	nappagreedy.io.github.project_travel_mate.destinations.funfacts.FunFactsActivity( count 4)
08-03 18:36:34.347  8695  8695 D ActivityNode: Observer - session data - sourceMainActivity
08-03 18:36:34.347  8695  8695 D ActivityNode: destinations:
08-03 18:36:34.347  8695  8695 D ActivityNode: 	nappagreedy.io.github.project_travel_mate.destinations.description.FinalCityInfoActivity( count 4)
08-03 18:36:34.347  8695  8695 D ActivityNode: 	nappagreedy.io.github.project_travel_mate.utilities.ChecklistActivity( count 2)
08-03 18:36:34.347  8695  8695 D ActivityNode: 	nappagreedy.io.github.project_travel_mate.utilities.CompassActivity( count 2)
08-03 18:36:34.347  8695  8695 D ActivityNode: 	nappagreedy.io.github.project_travel_mate.utilities.UpcomingWeekendsActivity( count 4)
08-03 18:36:34.347  8695  8695 D ActivityNode: 	nappagreedy.io.github.project_travel_mate.notifications.NotificationsActivity( count 2)
08-03 18:36:34.347  8695  8695 D ActivityNode: Observer - session data - sourceCompassActivity
08-03 18:36:34.347  8695  8695 D ActivityNode: destinations:
08-03 18:36:34.347  8695  8695 D ActivityNode: Observer - session data - sourceFunFactsActivity
08-03 18:36:34.347  8695  8695 D ActivityNode: destinations:
08-03 18:36:34.347  8695  8695 D ActivityNode: Observer - session data - sourceUpcomingWeekendsActivity
08-03 18:36:34.347  8695  8695 D ActivityNode: destinations:
08-03 18:36:34.347  8695  8695 D ActivityNode: Observer - session data - sourceChecklistActivity
08-03 18:36:34.347  8695  8695 D ActivityNode: destinations:
08-03 18:36:34.347  8695  8695 D ActivityNode: Observer - session data - sourceNotificationsActivity
08-03 18:36:34.347  8695  8695 D ActivityNode: destinations:
08-03 18:36:34.351  8695  8707 I art     : Starting a blocking GC Explicit
08-03 18:36:34.403  8695  8707 I art     : Explicit concurrent mark sweep GC freed 5451(1790KB) AllocSpace objects, 32(1268KB) LOS objects, 28% free, 40MB/56MB, paused 987us total 52.538ms
08-03 18:36:34.411  8695  8716 D Nappa   : PREFETCH_ON_EXTRA - setCurrentActivity - logs - from extra - made prediction isfalse
08-03 18:36:34.420  8695  8707 I art     : Starting a blocking GC Explicit
08-03 18:36:34.457  8695  8707 I art     : Explicit concurrent mark sweep GC freed 892(31KB) AllocSpace objects, 0(0B) LOS objects, 28% free, 40MB/56MB, paused 803us total 36.538ms
08-03 18:36:34.474  8695  8707 I art     : Starting a blocking GC Explicit
08-03 18:36:34.516  8695  8707 I art     : Explicit concurrent mark sweep GC freed 292(4KB) AllocSpace objects, 0(0B) LOS objects, 28% free, 40MB/56MB, paused 855us total 41.901ms
08-03 18:36:34.534  8695  8707 I art     : Starting a blocking GC Explicit
08-03 18:36:34.540   512  2967 D audio_hw_primary: disable_audio_route: reset and update mixer path: low-latency-playback speaker
08-03 18:36:34.541   512  2967 D audio_hw_primary: disable_snd_device: snd_device(2: speaker)
08-03 18:36:34.550   512  2967 I soundtrigger: audio_extn_sound_trigger_update_device_status: device 0x2 of type 0 for Event 0
08-03 18:36:34.576   380   380 W SurfaceFlinger: couldn't log to binary event log: overflow.
08-03 18:36:34.581  8695  8707 I art     : Explicit concurrent mark sweep GC freed 269(4KB) AllocSpace objects, 0(0B) LOS objects, 28% free, 40MB/56MB, paused 1.002ms total 46.514ms
08-03 18:36:34.600  8695  8707 I art     : Starting a blocking GC Explicit
08-03 18:36:34.635  8695  8707 I art     : Explicit concurrent mark sweep GC freed 241(3KB) AllocSpace objects, 0(0B) LOS objects, 28% free, 40MB/56MB, paused 780us total 35.371ms
08-03 18:36:34.712  8695  8716 D Nappa   : PREFETCH_ON_EXTRA - setCurrentActivity - starting new prediction
