08-03 18:36:15.258  8695  8716 D GreedyPrefetchingStrategyOnVisitFrequencyAndTime: Next visited child will be [nappagreedy.io.github.project_travel_mate.destinations.description.CityHistoryActivity]
08-03 18:36:15.258  8695  8716 D GreedyPrefetchingStrategyOnVisitFrequencyAndTime: ==================================
08-03 18:36:15.258  8695  8716 D Nappa   : PREFETCH_ON_EXTRA - notifyExtras- end
08-03 18:36:15.258  8695  8716 D Nappa   : PREFSTRAT2 ADDING NEW ACTEXTRADATA
08-03 18:36:15.266   918  3696 I ActivityManager: START u0 {cmp=nappagreedy.io.github.project_travel_mate/.destinations.funfacts.FunFactsActivity (has extras)} from uid 10626 on display 0
08-03 18:36:15.269   512  2967 D audio_hw_primary: select_devices: out_snd_device(2: speaker) in_snd_device(0: none)
08-03 18:36:15.269   512  2967 D msm8974_platform: platform_send_audio_calibration: sending audio calibration for snd_device(2) acdb_id(15)
08-03 18:36:15.269   512  2967 I soundtrigger: audio_extn_sound_trigger_update_device_status: device 0x2 of type 0 for Event 1
08-03 18:36:15.275  8695  8695 D NappaLifecycleObserver: nappagreedy.io.github.project_travel_mate.destinations.description.FinalCityInfoActivity - onPause
08-03 18:36:15.276  8695  8695 D Nappa   : Stayed on nappagreedy.io.github.project_travel_mate.destinations.description.FinalCityInfoActivity for 1814 ms
08-03 18:36:15.281   512  2967 D audio_hw_primary: enable_snd_device: snd_device(2: speaker)
08-03 18:36:15.281  8695  8695 D ActivityNode: Observer - intent extra - CityHistoryActivity
08-03 18:36:15.281  8695  8695 D ActivityNode: Extras:
08-03 18:36:15.282  8695  8695 D ActivityNode: Observer - intent extra - SplashActivity
08-03 18:36:15.282  8695  8695 D ActivityNode: Extras:
08-03 18:36:15.282  8695  8706 I art     : Explicit concurrent mark sweep GC freed 1796(154KB) AllocSpace objects, 0(0B) LOS objects, 28% free, 39MB/55MB, paused 2.230ms total 38.116ms
08-03 18:36:15.284   512  2967 D audio_hw_primary: enable_audio_route: apply and update mixer path: low-latency-playback speaker
08-03 18:36:15.291  8695  8814 D Gabe    : call	returning from cache
08-03 18:36:15.295  8695  8695 V EXECUTING: https://project-travel-mate.herokuapp.com/api/get-city-facts/1
08-03 18:36:15.296  8695  8695 D Nappa   : TAG okHttpClient initialized
08-03 18:36:15.298  8695  9352 D CustomInterceptor: NETWORK-PROVIDER https://project-travel-mate.herokuapp.com/api/get-city-facts/1
08-03 18:36:15.298  8695  8695 D NappaLifecycleObserver: nappagreedy.io.github.project_travel_mate.destinations.funfacts.FunFactsActivity - onResume
08-03 18:36:15.298  8695  9352 D Nappa   : F1_SCORE add_intercept_url - (already in) - https://project-travel-mate.herokuapp.com/api/get-city-facts/1
08-03 18:36:15.298  8695  8695 D Nappa   : setCurrentActivity - MetricStrategyAccuracy - 
08-03 18:36:15.298  8695  8695 D Nappa   : madePredictionFromActivity = false, 
08-03 18:36:15.298  8695  8695 D Nappa   : fromActivity = nappagreedy.io.github.project_travel_mate.destinations.description.FinalCityInfoActivity, 
08-03 18:36:15.298  8695  8695 D Nappa   : predictedNextActivityFromActivity = [], 
08-03 18:36:15.298  8695  8695 D Nappa   : activity.getClass().getCanonicalName() = nappagreedy.io.github.project_travel_mate.destinations.funfacts.FunFactsActivity, 
08-03 18:36:15.298  8695  9352 D Nappa   : F1_SCORE add_fn_url - (already in) - https://project-travel-mate.herokuapp.com/api/get-city-facts/1
08-03 18:36:15.298  8695  9352 D Nappa   : -------------F1_SCORE #10 -----------
08-03 18:36:15.299  8695  8695 D Nappa   : setCurrentActivity - MetricStrategyAccuracy - 
08-03 18:36:15.299  8695  8695 D Nappa   : madePredictionFromExtra = true, 
08-03 18:36:15.299  8695  8695 D Nappa   : fromActivity = nappagreedy.io.github.project_travel_mate.destinations.description.FinalCityInfoActivity, 
08-03 18:36:15.299  8695  8695 D Nappa   : predictedNextActivityFromExtra = [nappagreedy.io.github.project_travel_mate.destinations.description.CityHistoryActivity], 
08-03 18:36:15.299  8695  8695 D Nappa   : activity.getClass().getCanonicalName() = nappagreedy.io.github.project_travel_mate.destinations.funfacts.FunFactsActivity, 
08-03 18:36:15.299  8695  9352 D Nappa   : F1_SCORE - Intercept list (7)= [https://project-travel-mate.herokuapp.com/api/get-user, https://project-travel-mate.herokuapp.com/api/number-of-unread-notifications, https://project-travel-mate.herokuapp.com/api/get-city-weather/1, https://project-travel-mate.herokuapp.com/api/get-city/1, https://project-travel-mate.herokuapp.com/api/get-city-information/1, https://project-travel-mate.herokuapp.com/api/get-city-facts/1, https://project-travel-mate.herokuapp.com/api/get-city-images/1]
08-03 18:36:15.299  8695  9352 D Nappa   : F1_SCORE - Prefetch list (0)= []
08-03 18:36:15.299  8695  8695 D Nappa   : PREFETCH_ON_EXTRA - setCurrentActivity - logs - from activity - made prediction isfalse
08-03 18:36:15.299  8695  9352 D Nappa   : F1_SCORE - TP list (0)= []
08-03 18:36:15.299  8695  9352 D Nappa   : F1_SCORE - FN list (7)= [https://project-travel-mate.herokuapp.com/api/get-user, https://project-travel-mate.herokuapp.com/api/number-of-unread-notifications, https://project-travel-mate.herokuapp.com/api/get-city-weather/1, https://project-travel-mate.herokuapp.com/api/get-city/1, https://project-travel-mate.herokuapp.com/api/get-city-information/1, https://project-travel-mate.herokuapp.com/api/get-city-facts/1, https://project-travel-mate.herokuapp.com/api/get-city-images/1]
08-03 18:36:15.299  8695  9352 I NAPPA_EXPERIMENTATION: MetricPrefetchingAccuracy: LOG_ID='11',F1_SCORE_1='0.0',F1_SCORE_2='0.0',TRUE_POSITIVE='0',FALSE_POSITIVE='0',FALSE_NEGATIVE='7',
08-03 18:36:15.299  8695  9352 D CustomInterceptor: HEADER REQUEST
08-03 18:36:15.300  8695  9352 D CustomInterceptor: Authorization Token e817cf733b7893037942a7dc5507f3c5a98408e6
08-03 18:36:15.300  8695  9352 D CustomInterceptor: Cache-Control max-age=300, max-stale=300
08-03 18:36:15.300  8695  9352 D CustomInterceptor: CACHED STATS: size = '7', maxSize = '100', hitCount = '7', createCount = '0', putCount = '7', evictionCount = '0', missCount = '7', toString = 'LruCache[maxSize=100,hits=7,misses=7,hitRate=50%]', 
08-03 18:36:15.300  8695  9352 D CustomInterceptor: PREFLIB GET REQUEST https://project-travel-mate.herokuapp.com/api/get-city-facts/1
08-03 18:36:15.300  8695  9352 D CustomInterceptor: PREFLIB found https://project-travel-mate.herokuapp.com/api/get-city-facts/1, sending it back
08-03 18:36:15.301  8695  9352 D CustomInterceptor: CONTENT [{"id":2,"fact":"As early as in the year 1911, British announced to shift their capital from the then Calcutta to Delhi and it was shifted to Delhi in 1912.","source_text":"service sutra","source_url":"https://www.servicesutra.com/blog/20-amazing-interesting-facts-about-delhi/"},{"id":3,"fact":"It has a population of 11 million and metropolitan population of 16.3 million. This makes city the second most populous city in India.","source_text":"service sutra","source_url":"https://www.servicesutra.com/blog/20-amazing-interesting-facts-about-delhi/"},{"id":4,"fact":"Delhi has been inhabited since 6th It has been the capital of many empires, and this is the reason this city has been ransacked and built many times.","source_text":"service sutra","source_url":"https://www.servicesutra.com/blog/20-amazing-interesting-facts-about-delhi/"},{"id":5,"fact":"According to a survey 10,500 people die in Delhi due to pollution.","source_text":"service sutra","source_url":"https://www.servicesutra.com/blog/20-amazing-interesting-facts-about-delhi/"},{"id":6,"fact":"Delhi is largest commercial centre in Northern part of India. Delhi has countrys largest and fastest growing retail industries. Besides that manufacturing of several goods has considerably increased. Nearly 1,440,000 people work in various manufacturing sectors in and around Delhi.","source_text":"service sutra","source_url":"https://www.servicesutra.com/blog/20-amazing-interesting-facts-about-delhi/"},{"id":7,"fact":"Indira Gandhi National Airport of Delhi is the citys main gateway for citys domestic as well as International civilian air traffic. This is one of the busiest in south Asia.","source_text":"service sutra","source_url":"https://www.servicesutra.com/blog/20-amazing-interesting-facts-about-delhi/"}]
08-03 18:36:15.301  8695  9352 D CustomInterceptor: interceptor_finished : return_type #2 : request served from cache
08-03 18:36:15.301  8695  9352 I NAPPA_EXPERIMENTATION: MetricNetworkRequestExecutionTime: REQUEST_DURATION_SYSTEM='4',REQUEST_DURATION_OKHTTP='0',REQUEST_SYNCHRONOUS='FALSE',RESPONSE_CODE='200',RESPONSE_METHOD='GET',RESPONSE_LENGTH_OKHTTP='1793',RESPONSE_LENGTH_HEADER='-2',REQUEST_PROTOCOL='http/1.1',REQUEST_URL='https://project-travel-mate.herokuapp.com/api/get-city-facts/1',
08-03 18:36:15.301  8695  9352 V EXECUTING: https://project-travel-mate.herokuapp.com/api/get-city-images/1
08-03 18:36:15.302  8695  9352 D Nappa   : TAG okHttpClient initialized
08-03 18:36:15.303  8695  8706 I art     : Starting a blocking GC Explicit
08-03 18:36:15.304  8695  9353 D CustomInterceptor: NETWORK-PROVIDER https://project-travel-mate.herokuapp.com/api/get-city-images/1
08-03 18:36:15.304  8695  9353 D Nappa   : F1_SCORE add_intercept_url - (already in) - https://project-travel-mate.herokuapp.com/api/get-city-images/1
08-03 18:36:15.304  8695  9353 D Nappa   : F1_SCORE add_fn_url - (already in) - https://project-travel-mate.herokuapp.com/api/get-city-images/1
08-03 18:36:15.304  8695  9353 D Nappa   : -------------F1_SCORE #11 -----------
08-03 18:36:15.304  8695  9353 D Nappa   : F1_SCORE - Intercept list (7)= [https://project-travel-mate.herokuapp.com/api/get-user, https://project-travel-mate.herokuapp.com/api/number-of-unread-notifications, https://project-travel-mate.herokuapp.com/api/get-city-weather/1, https://project-travel-mate.herokuapp.com/api/get-city/1, https://project-travel-mate.herokuapp.com/api/get-city-information/1, https://project-travel-mate.herokuapp.com/api/get-city-facts/1, https://project-travel-mate.herokuapp.com/api/get-city-images/1]
08-03 18:36:15.304  8695  9353 D Nappa   : F1_SCORE - Prefetch list (0)= []
08-03 18:36:15.304  8695  9353 D Nappa   : F1_SCORE - TP list (0)= []
08-03 18:36:15.304  8695  9353 D Nappa   : F1_SCORE - FN list (7)= [https://project-travel-mate.herokuapp.com/api/get-user, https://project-travel-mate.herokuapp.com/api/number-of-unread-notifications, https://project-travel-mate.herokuapp.com/api/get-city-weather/1, https://project-travel-mate.herokuapp.com/api/get-city/1, https://project-travel-mate.herokuapp.com/api/get-city-information/1, https://project-travel-mate.herokuapp.com/api/get-city-facts/1, https://project-travel-mate.herokuapp.com/api/get-city-images/1]
08-03 18:36:15.304  8695  9353 I NAPPA_EXPERIMENTATION: MetricPrefetchingAccuracy: LOG_ID='12',F1_SCORE_1='0.0',F1_SCORE_2='0.0',TRUE_POSITIVE='0',FALSE_POSITIVE='0',FALSE_NEGATIVE='7',
08-03 18:36:15.304  8695  9353 D CustomInterceptor: HEADER REQUEST
08-03 18:36:15.304  8695  9353 D CustomInterceptor: Authorization Token e817cf733b7893037942a7dc5507f3c5a98408e6
08-03 18:36:15.305  8695  9353 D CustomInterceptor: Cache-Control max-age=300, max-stale=300
08-03 18:36:15.305  8695  9353 D CustomInterceptor: CACHED STATS: size = '7', maxSize = '100', hitCount = '8', createCount = '0', putCount = '7', evictionCount = '0', missCount = '7', toString = 'LruCache[maxSize=100,hits=8,misses=7,hitRate=53%]', 
08-03 18:36:15.305  8695  9353 D CustomInterceptor: PREFLIB GET REQUEST https://project-travel-mate.herokuapp.com/api/get-city-images/1
08-03 18:36:15.305  8695  9353 D CustomInterceptor: PREFLIB found https://project-travel-mate.herokuapp.com/api/get-city-images/1, sending it back
08-03 18:36:15.305  8695  9353 D CustomInterceptor: CONTENT [{"id":17,"image_url":"https://upload.wikimedia.org/wikipedia/commons/9/94/%E0%B4%96%E0%B5%81%E0%B4%A4%E0%B5%8D%E0%B4%AC%E0%B5%8D_%E0%B4%AE%E0%B4%BF%E0%B4%A8%E0%B4%BE%E0%B5%BC1.jpg"}]
08-03 18:36:15.305  8695  9353 D CustomInterceptor: interceptor_finished : return_type #2 : request served from cache
08-03 18:36:15.305  8695  9353 I NAPPA_EXPERIMENTATION: MetricNetworkRequestExecutionTime: REQUEST_DURATION_SYSTEM='3',REQUEST_DURATION_OKHTTP='0',REQUEST_SYNCHRONOUS='FALSE',RESPONSE_CODE='200',RESPONSE_METHOD='GET',RESPONSE_LENGTH_OKHTTP='183',RESPONSE_LENGTH_HEADER='-2',REQUEST_PROTOCOL='http/1.1',REQUEST_URL='https://project-travel-mate.herokuapp.com/api/get-city-images/1',
08-03 18:36:15.305  8695  9353 V RESPONSE: [{"id":17,"image_url":"https://upload.wikimedia.org/wikipedia/commons/9/94/%E0%B4%96%E0%B5%81%E0%B4%A4%E0%B5%8D%E0%B4%AC%E0%B5%8D_%E0%B4%AE%E0%B4%BF%E0%B4%A8%E0%B4%BE%E0%B5%BC1.jpg"}]
08-03 18:36:15.335  8695  8706 I art     : Explicit concurrent mark sweep GC freed 2688(284KB) AllocSpace objects, 0(0B) LOS objects, 28% free, 39MB/55MB, paused 750us total 31.646ms
08-03 18:36:15.350  8695  8706 I art     : Starting a blocking GC Explicit
08-03 18:36:15.385  8695  8706 I art     : Explicit concurrent mark sweep GC freed 398(15KB) AllocSpace objects, 0(0B) LOS objects, 28% free, 39MB/55MB, paused 780us total 34.409ms
08-03 18:36:15.399  8695  8716 D Nappa   : registerActivity: (already in) nappagreedy.io.github.project_travel_mate.destinations.description.FinalCityInfoActivity
08-03 18:36:15.399  8695  8716 D Nappa   : PARENTS 
08-03 18:36:15.399  8695  8716 D Nappa   : Of: nappagreedy.io.github.project_travel_mate.destinations.description.FinalCityInfoActivity -> 
08-03 18:36:15.399  8695  8716 D Nappa   : PARENTS nappagreedy.io.github.project_travel_mate.MainActivity
08-03 18:36:15.399  8695  8716 D Nappa   : PARENTS has extra: (cityobject_, objects.City@e6b4a93)
08-03 18:36:15.399  8695  8716 D Nappa   : PARENTS nappagreedy.io.github.project_travel_mate.SplashActivity
08-03 18:36:15.399  8695  8695 D Nappa   : registerActivity: (already in) nappagreedy.io.github.project_travel_mate.destinations.funfacts.FunFactsActivity
08-03 18:36:15.399  8695  8695 D ActivityNode: ACTNODE UPDATING AFTER LOADING FROM DB
08-03 18:36:15.399  8695  8695 D ActivityGraph: LARDataCalculatedUpdate nappagreedy.io.github.project_travel_mate.destinations.funfacts.FunFactsActivity Pagerank: 0.25 HITS-Authority: 1.0 HITS-Hub: 1.0 SALSA-Authority: 1.0 SALSA-Hub: 1.0
08-03 18:36:15.399  8695  8695 D Nappa   : SHOULD_PREFETCH true
08-03 18:36:15.499  8695  8716 D Nappa   : registerActivity: (already in) nappagreedy.io.github.project_travel_mate.destinations.funfacts.FunFactsActivity
08-03 18:36:15.499  8695  8716 D Nappa   : PARENTS 
08-03 18:36:15.499  8695  8716 D Nappa   : Of: nappagreedy.io.github.project_travel_mate.destinations.funfacts.FunFactsActivity -> 
08-03 18:36:15.500  8695  8716 D Nappa   : PARENTS nappagreedy.io.github.project_travel_mate.destinations.description.FinalCityInfoActivity
08-03 18:36:15.500  8695  8695 D Nappa   : registerActivity: (already in) nappagreedy.io.github.project_travel_mate.destinations.funfacts.FunFactsActivity
08-03 18:36:15.500  8695  8716 D Nappa   : PARENTS has extra: (cityobject_, objects.City@ba56b5d)
08-03 18:36:15.500  8695  8716 D Nappa   : PARENTS nappagreedy.io.github.project_travel_mate.MainActivity
08-03 18:36:15.500  8695  8695 D Nappa   : STATS Number of requests not prefetched: 7
08-03 18:36:15.500  8695  8716 D Nappa   : PARENTS has extra: (cityobject_, objects.City@e6b4a93)
08-03 18:36:15.500  8695  8695 D Nappa   : STATS Number of requests prefetched: 2
08-03 18:36:15.500  8695  8716 D Nappa   : PARENTS nappagreedy.io.github.project_travel_mate.SplashActivity
08-03 18:36:15.500  8695  8695 D Nappa   : STATS Time saved until now: 0.077
08-03 18:36:15.504  8695  8695 D ActivityNode: Observer - intent extra - MainActivity
08-03 18:36:15.504  8695  8695 D ActivityNode: Extras:
08-03 18:36:15.504  8695  8695 D ActivityNode: 	activity ID 2( key cityobject_)
08-03 18:36:15.504  8695  8695 D ActivityNode: 	activity ID 2( key cityobject_)
08-03 18:36:15.504  8695  8695 D ActivityNode: 	activity ID 2( key cityobject_)
08-03 18:36:15.504  8695  8695 D ActivityNode: Observer - intent extra - FinalCityInfoActivity
08-03 18:36:15.504  8695  8695 D ActivityNode: Extras:
08-03 18:36:15.504  8695  8695 D ActivityNode: 	activity ID 3( key cityobject_)
08-03 18:36:15.504  8695  8695 D ActivityNode: 	activity ID 3( key cityobject_)
08-03 18:36:15.504  8695  8695 D ActivityNode: 	activity ID 3( key cityobject_)
08-03 18:36:15.504  8695  8695 D ActivityNode: 	activity ID 3( key cityobject_)
08-03 18:36:15.505  8695  8695 D ActivityNode: Observer - intent extra - ChecklistActivity
08-03 18:36:15.505  8695  8695 D ActivityNode: Extras:
08-03 18:36:15.505  8695  8695 D ActivityNode: Observer - intent extra - FunFactsActivity
08-03 18:36:15.505  8695  8695 D ActivityNode: Extras:
08-03 18:36:15.505  8695  8695 D ActivityNode: Observer - intent extra - UpcomingWeekendsActivity
08-03 18:36:15.505  8695  8695 D ActivityNode: Extras:
08-03 18:36:15.505  8695  8695 D ActivityNode: Observer - intent extra - CompassActivity
08-03 18:36:15.505  8695  8695 D ActivityNode: Extras:
08-03 18:36:15.505  8695  8695 D ActivityNode: Observer - intent extra - NotificationsActivity
08-03 18:36:15.505  8695  8695 D ActivityNode: Extras:
08-03 18:36:15.616  8695  8695 D ActivityNode: Observer - visit time - FinalCityInfoActivity - New aggregate visit time found is 25092 ms
08-03 18:36:15.623 13866 13866 I GoogleInputMethodServic: GoogleInputMethodService.onFinishInput():3138 
08-03 18:36:15.623  8695  8695 D ActivityNode: Observer - session data - sourceSplashActivity
08-03 18:36:15.623  8695  8695 D ActivityNode: destinations:
08-03 18:36:15.623  8695  8695 D ActivityNode: 	nappagreedy.io.github.project_travel_mate.MainActivity( count 2)
08-03 18:36:15.623   918   936 I ActivityManager: Displayed nappagreedy.io.github.project_travel_mate/.destinations.funfacts.FunFactsActivity: +346ms
08-03 18:36:15.623  8695  8695 D ActivityNode: Observer - session data - sourceFunFactsActivity
08-03 18:36:15.623  8695  8695 D ActivityNode: destinations:
08-03 18:36:15.623  8695  8695 D ActivityNode: Observer - session data - sourceFinalCityInfoActivity
08-03 18:36:15.623  8695  8695 D ActivityNode: destinations:
08-03 18:36:15.623  8695  8695 D ActivityNode: 	nappagreedy.io.github.project_travel_mate.destinations.description.CityHistoryActivity( count 4)
08-03 18:36:15.623  8695  8695 D ActivityNode: 	nappagreedy.io.github.project_travel_mate.destinations.funfacts.FunFactsActivity( count 4)
08-03 18:36:15.623  8695  8695 D ActivityNode: Observer - session data - sourceCityHistoryActivity
08-03 18:36:15.623  8695  8695 D ActivityNode: destinations:
08-03 18:36:15.623  8695  8695 D ActivityNode: Observer - session data - sourceMainActivity
08-03 18:36:15.623  8695  8695 D ActivityNode: destinations:
08-03 18:36:15.623  8695  8695 D ActivityNode: 	nappagreedy.io.github.project_travel_mate.destinations.description.FinalCityInfoActivity( count 3)
08-03 18:36:15.623  8695  8695 D ActivityNode: 	nappagreedy.io.github.project_travel_mate.utilities.ChecklistActivity( count 2)
08-03 18:36:15.623  8695  8695 D ActivityNode: 	nappagreedy.io.github.project_travel_mate.utilities.CompassActivity( count 2)
08-03 18:36:15.623  8695  8695 D ActivityNode: 	nappagreedy.io.github.project_travel_mate.utilities.UpcomingWeekendsActivity( count 4)
08-03 18:36:15.623  8695  8695 D ActivityNode: 	nappagreedy.io.github.project_travel_mate.notifications.NotificationsActivity( count 2)
08-03 18:36:15.624  8695  8695 D ActivityNode: Observer - session data - sourceChecklistActivity
08-03 18:36:15.624  8695  8695 D ActivityNode: destinations:
08-03 18:36:15.624  8695  8695 D ActivityNode: Observer - session data - sourceUpcomingWeekendsActivity
08-03 18:36:15.624  8695  8695 D ActivityNode: destinations:
08-03 18:36:15.624  8695  8695 D ActivityNode: Observer - session data - sourceCompassActivity
08-03 18:36:15.624  8695  8695 D ActivityNode: destinations:
08-03 18:36:15.624  8695  8695 D ActivityNode: Observer - session data - sourceNotificationsActivity
08-03 18:36:15.624  8695  8695 D ActivityNode: destinations:
08-03 18:36:15.627 13866 13866 I GoogleInputMethodServic: GoogleInputMethodService.onStartInput():1808 
08-03 18:36:15.699  8695  8716 D Nappa   : PREFETCH_ON_EXTRA - setCurrentActivity - logs - from extra - made prediction istrue
08-03 18:36:15.699  8695  8716 D Nappa   : PREFETCH_ON_EXTRA - setCurrentActivity - logs - from extra - start
08-03 18:36:15.699  8695  8716 D Nappa   : setCurrentActivity - MetricStrategyAccuracy - checking prediction VS current activity for extras
08-03 18:36:15.699  8695  8716 D GreedyPrefetchingStrategyOnVisitFrequencyAndTime: MetricStrategyAccuracy inc misses count1 | from extra
08-03 18:36:15.699  8695  8716 I NAPPA_EXPERIMENTATION: MetricStrategyAccuracy: LOG_ID='7',EXECUTION_COUNT='7',CASES_COUNT='7',HIT_PERCENTAGE_TOTAL='14.285714285714286',HIT_PERCENTAGE_WHEN_PREDICTED='33.333333333333336',HIT_COUNT='1',MISS_COUNT='2',INSUFFICIENT_SCORE_COUNT='2',EXCEPTION_COUNT='0',NO_SUCCESSOR_COUNT='2',
08-03 18:36:15.699  8695  8716 D Nappa   : PREFETCH_ON_EXTRA - setCurrentActivity - logs - from extra- finished
08-03 18:36:15.737  8695  8706 I art     : Starting a blocking GC Explicit
08-03 18:36:15.771  8695  8706 I art     : Explicit concurrent mark sweep GC freed 7071(329KB) AllocSpace objects, 2(40KB) LOS objects, 28% free, 39MB/55MB, paused 676us total 34.261ms
08-03 18:36:15.787  8695  8706 I art     : Starting a blocking GC Explicit
08-03 18:36:15.819   512  2967 D audio_hw_primary: disable_audio_route: reset and update mixer path: low-latency-playback speaker
08-03 18:36:15.819  8695  8706 I art     : Explicit concurrent mark sweep GC freed 777(27KB) AllocSpace objects, 0(0B) LOS objects, 28% free, 39MB/55MB, paused 655us total 31.944ms
08-03 18:36:15.820   512  2967 D audio_hw_primary: disable_snd_device: snd_device(2: speaker)
08-03 18:36:15.829   512  2967 I soundtrigger: audio_extn_sound_trigger_update_device_status: device 0x2 of type 0 for Event 0
08-03 18:36:15.835  8695  8706 I art     : Starting a blocking GC Explicit
08-03 18:36:15.868  8695  8706 I art     : Explicit concurrent mark sweep GC freed 239(4KB) AllocSpace objects, 0(0B) LOS objects, 28% free, 39MB/55MB, paused 678us total 32.277ms
08-03 18:36:15.874   380   380 W SurfaceFlinger: couldn't log to binary event log: overflow.
08-03 18:36:15.884  8695  8706 I art     : Starting a blocking GC Explicit
08-03 18:36:15.915  8695  8706 I art     : Explicit concurrent mark sweep GC freed 219(3KB) AllocSpace objects, 0(0B) LOS objects, 28% free, 39MB/55MB, paused 699us total 31.240ms
08-03 18:36:15.931  8695  8706 I art     : Starting a blocking GC Explicit
08-03 18:36:15.963  8695  8706 I art     : Explicit concurrent mark sweep GC freed 219(3KB) AllocSpace objects, 0(0B) LOS objects, 28% free, 39MB/55MB, paused 684us total 31.964ms
08-03 18:36:16.000  8695  8716 D Nappa   : PREFETCH_ON_EXTRA - setCurrentActivity - starting new prediction
08-03 18:36:16.000  8695  8716 D Nappa   : Current node - currentActivityName - nappagreedy.io.github.project_travel_mate.destinations.funfacts.FunFactsActivity
08-03 18:36:16.000  8695  8716 D Nappa   : Current node - activityGraph.getCurrent() - nappagreedy.io.github.project_travel_mate.destinations.funfacts.FunFactsActivity
08-03 18:36:16.000  8695  8716 I NAPPA_EXPERIMENTATION: MetricNappaPrefetchingStrategyExecutionTime: STRATEGY_CLASS='GreedyPrefetchingStrategyOnVisitFrequencyAndTime',DURATION='49947',NUMBER_OF_URLS='0',NUMBER_OF_SELECTED_CHILDREN_NODES='0',NUMBER_OF_CHILDREN_NODES='0',STRATEGY_RUN_SUCCESSFULLY='True',
08-03 18:36:16.000  8695  8716 D GreedyPrefetchingStrategyOnVisitFrequencyAndTime: ==================================
08-03 18:36:16.000  8695  8716 D GreedyPrefetchingStrategyOnVisitFrequencyAndTime: Starting Run #8
08-03 18:36:16.000  8695  8716 D GreedyPrefetchingStrategyOnVisitFrequencyAndTime: ----------------------------------
08-03 18:36:16.000  8695  8716 D GreedyPrefetchingStrategyOnVisitFrequencyAndTime: Node data FunFactsActivity 
08-03 18:36:16.000  8695  8716 D GreedyPrefetchingStrategyOnVisitFrequencyAndTime: 	Successors:
08-03 18:36:16.000  8695  8716 D GreedyPrefetchingStrategyOnVisitFrequencyAndTime: 
08-03 18:36:16.000  8695  8716 D GreedyPrefetchingStrategyOnVisitFrequencyAndTime: 	Ancestors:
08-03 18:36:16.000  8695  8716 D GreedyPrefetchingStrategyOnVisitFrequencyAndTime: 		FinalCityInfoActivity (0 hits)
08-03 18:36:16.000  8695  8716 D GreedyPrefetchingStrategyOnVisitFrequencyAndTime: 
08-03 18:36:16.000  8695  8716 D GreedyPrefetchingStrategyOnVisitFrequencyAndTime: MetricStrategyAccuracy inc execution count8 | act = true; extra = false
08-03 18:36:16.001  8695  8716 D GreedyPrefetchingStrategyOnVisitFrequencyAndTime: MetricStrategyAccuracy inc no sucessor count3 | act = true; extra = false
08-03 18:36:16.001  8695  8716 D GreedyPrefetchingStrategyOnVisitFrequencyAndTime: ------------- Recursion #1 -----------
08-03 18:36:16.001  8695  8716 D GreedyPrefetchingStrategyOnVisitFrequencyAndTime: Best successors so far []
08-03 18:36:16.001  8695  8716 D GreedyPrefetchingStrategyOnVisitFrequencyAndTime: Checking node FunFactsActivity with 0 successors
08-03 18:36:16.001  8695  8716 D GreedyPrefetchingStrategyOnVisitFrequencyAndTime: this node has no successors
08-03 18:36:16.001  8695  8716 D GreedyPrefetchingStrategyOnVisitFrequencyAndTime: Next visited child will be []
08-03 18:36:16.001  8695  8716 D GreedyPrefetchingStrategyOnVisitFrequencyAndTime: ==================================
08-03 18:36:16.001  8695  8716 D Nappa   : PREFETCH_ON_EXTRA - setCurrentActivity - finished new prediction
08-03 18:36:16.322  8695  8750 I art     : Starting a blocking GC Explicit
08-03 18:36:16.360  8695  8750 I art     : Explicit concurrent mark sweep GC freed 3492(136KB) AllocSpace objects, 2(40KB) LOS objects, 28% free, 39MB/55MB, paused 885us total 38.139ms
08-03 18:36:16.377  8695  8750 I art     : Starting a blocking GC Explicit
08-03 18:36:16.414  8695  8750 I art     : Explicit concurrent mark sweep GC freed 298(5KB) AllocSpace objects, 0(0B) LOS objects, 28% free, 39MB/55MB, paused 702us total 37.069ms
08-03 18:36:16.431  8695  8750 I art     : Starting a blocking GC Explicit
08-03 18:36:16.469  8695  8750 I art     : Explicit concurrent mark sweep GC freed 219(3KB) AllocSpace objects, 0(0B) LOS objects, 28% free, 39MB/55MB, paused 728us total 37.635ms
08-03 18:36:16.485  8695  8750 I art     : Starting a blocking GC Explicit
08-03 18:36:16.524  8695  8750 I art     : Explicit concurrent mark sweep GC freed 219(3KB) AllocSpace objects, 0(0B) LOS objects, 28% free, 39MB/55MB, paused 773us total 38.555ms
08-03 18:36:16.541  8695  8750 I art     : Starting a blocking GC Explicit
08-03 18:36:16.580  8695  8750 I art     : Explicit concurrent mark sweep GC freed 290(4KB) AllocSpace objects, 0(0B) LOS objects, 28% free, 39MB/55MB, paused 768us total 38.831ms
08-03 18:36:16.958  8695  8707 I art     : Starting a blocking GC Explicit
08-03 18:36:17.003  8695  8707 I art     : Explicit concurrent mark sweep GC freed 3425(124KB) AllocSpace objects, 2(40KB) LOS objects, 28% free, 39MB/55MB, paused 759us total 43.798ms
08-03 18:36:17.022  8695  8707 I art     : Starting a blocking GC Explicit
08-03 18:36:17.061  8695  8707 I art     : Explicit concurrent mark sweep GC freed 276(5KB) AllocSpace objects, 0(0B) LOS objects, 28% free, 39MB/55MB, paused 845us total 39.532ms
08-03 18:36:17.078  8695  8707 I art     : Starting a blocking GC Explicit
08-03 18:36:17.119  8695  8707 I art     : Explicit concurrent mark sweep GC freed 262(4KB) AllocSpace objects, 0(0B) LOS objects, 28% free, 39MB/55MB, paused 819us total 40.540ms
08-03 18:36:17.135  8695  8707 I art     : Starting a blocking GC Explicit
08-03 18:36:17.176  8695  8707 I art     : Explicit concurrent mark sweep GC freed 219(3KB) AllocSpace objects, 0(0B) LOS objects, 28% free, 39MB/55MB, paused 738us total 40.512ms
08-03 18:36:17.193  8695  8707 I art     : Starting a blocking GC Explicit
08-03 18:36:17.234  8695  8707 I art     : Explicit concurrent mark sweep GC freed 290(4KB) AllocSpace objects, 0(0B) LOS objects, 28% free, 39MB/55MB, paused 769us total 40.905ms
08-03 18:36:17.634  8695  8843 I art     : Starting a blocking GC Explicit
08-03 18:36:17.674  8695  8843 I art     : Explicit concurrent mark sweep GC freed 3496(125KB) AllocSpace objects, 2(40KB) LOS objects, 28% free, 39MB/55MB, paused 730us total 39.490ms
08-03 18:36:17.691  8695  8843 I art     : Starting a blocking GC Explicit
08-03 18:36:17.730  8695  8843 I art     : Explicit concurrent mark sweep GC freed 271(4KB) AllocSpace objects, 0(0B) LOS objects, 28% free, 39MB/55MB, paused 899us total 38.377ms
08-03 18:36:17.747  8695  8843 I art     : Starting a blocking GC Explicit
08-03 18:36:17.787  8695  8843 I art     : Explicit concurrent mark sweep GC freed 265(4KB) AllocSpace objects, 0(0B) LOS objects, 28% free, 39MB/55MB, paused 770us total 39.452ms
08-03 18:36:17.787  8695  8705 I art     : WaitForGcToComplete blocked for 39.731ms for cause HeapTrim
08-03 18:36:17.803  8695  8843 I art     : Starting a blocking GC Explicit
08-03 18:36:17.842  8695  8843 I art     : Explicit concurrent mark sweep GC freed 220(3KB) AllocSpace objects, 0(0B) LOS objects, 28% free, 39MB/55MB, paused 735us total 38.538ms
08-03 18:36:17.859  8695  8843 I art     : Starting a blocking GC Explicit
08-03 18:36:17.899  8695  8843 I art     : Explicit concurrent mark sweep GC freed 257(4KB) AllocSpace objects, 0(0B) LOS objects, 28% free, 39MB/55MB, paused 791us total 39.895ms
08-03 18:36:18.058  9394  9394 D AndroidRuntime: >>>>>> START com.android.internal.os.RuntimeInit uid 2000 <<<<<<
08-03 18:36:18.063  9394  9394 D AndroidRuntime: CheckJNI is OFF
08-03 18:36:18.104  9394  9394 D ICU     : No timezone override file found: /data/misc/zoneinfo/current/icu/icu_tzdata.dat
08-03 18:36:18.145  9394  9394 I Radio-JNI: register_android_hardware_Radio DONE
08-03 18:36:18.173  9394  9394 D AndroidRuntime: Calling main entry com.android.commands.input.Input
08-03 18:36:18.175  9394  9394 I Input   : injectKeyEvent: KeyEvent { action=ACTION_DOWN, keyCode=KEYCODE_BACK, scanCode=0, metaState=0, flags=0x0, repeatCount=0, eventTime=642994588, downTime=642994588, deviceId=-1, source=0x101 }
08-03 18:36:18.180  9394  9394 I Input   : injectKeyEvent: KeyEvent { action=ACTION_UP, keyCode=KEYCODE_BACK, scanCode=0, metaState=0, flags=0x0, repeatCount=0, eventTime=642994588, downTime=642994588, deviceId=-1, source=0x101 }
08-03 18:36:18.185  8695  8695 D NappaLifecycleObserver: nappagreedy.io.github.project_travel_mate.destinations.funfacts.FunFactsActivity - onPause
08-03 18:36:18.185  9394  9394 D AndroidRuntime: Shutting down VM
08-03 18:36:18.185  8695  8695 D Nappa   : Stayed on nappagreedy.io.github.project_travel_mate.destinations.funfacts.FunFactsActivity for 2685 ms
08-03 18:36:18.190  8695  8695 D NappaLifecycleObserver: nappagreedy.io.github.project_travel_mate.destinations.description.FinalCityInfoActivity - onResume
08-03 18:36:18.190  8695  8695 D Nappa   : setCurrentActivity - MetricStrategyAccuracy - 
08-03 18:36:18.190  8695  8695 D Nappa   : madePredictionFromActivity = true, 
08-03 18:36:18.190  8695  8695 D Nappa   : fromActivity = nappagreedy.io.github.project_travel_mate.destinations.funfacts.FunFactsActivity, 
08-03 18:36:18.190  8695  8695 D Nappa   : predictedNextActivityFromActivity = [], 
08-03 18:36:18.190  8695  8695 D Nappa   : activity.getClass().getCanonicalName() = nappagreedy.io.github.project_travel_mate.destinations.description.FinalCityInfoActivity, 
08-03 18:36:18.190  8695  8695 D Nappa   : setCurrentActivity - MetricStrategyAccuracy - 
08-03 18:36:18.190  8695  8695 D Nappa   : madePredictionFromExtra = false, 
08-03 18:36:18.190  8695  8695 D Nappa   : fromActivity = nappagreedy.io.github.project_travel_mate.destinations.funfacts.FunFactsActivity, 
08-03 18:36:18.190  8695  8695 D Nappa   : predictedNextActivityFromExtra = [], 
08-03 18:36:18.190  8695  8695 D Nappa   : activity.getClass().getCanonicalName() = nappagreedy.io.github.project_travel_mate.destinations.description.FinalCityInfoActivity, 
08-03 18:36:18.190  8695  8695 D Nappa   : PREFETCH_ON_EXTRA - setCurrentActivity - logs - from activity - made prediction istrue
08-03 18:36:18.190  8695  8695 D Nappa   : PREFETCH_ON_EXTRA - setCurrentActivity - logs - from activity - start
08-03 18:36:18.190  8695  8695 I NAPPA_EXPERIMENTATION: MetricStrategyAccuracy: LOG_ID='8',EXECUTION_COUNT='8',CASES_COUNT='8',HIT_PERCENTAGE_TOTAL='12.5',HIT_PERCENTAGE_WHEN_PREDICTED='33.333333333333336',HIT_COUNT='1',MISS_COUNT='2',INSUFFICIENT_SCORE_COUNT='2',EXCEPTION_COUNT='0',NO_SUCCESSOR_COUNT='3',
08-03 18:36:18.190  8695  8695 D Nappa   : PREFETCH_ON_EXTRA - setCurrentActivity - logs - from activity- finished
08-03 18:36:18.288  8695  8843 I art     : Starting a blocking GC Explicit
08-03 18:36:18.291  8695  8695 D Nappa   : registerActivity: (already in) nappagreedy.io.github.project_travel_mate.destinations.description.FinalCityInfoActivity
08-03 18:36:18.291  8695  8695 D ActivityGraph: LARDataCalculatedUpdate nappagreedy.io.github.project_travel_mate.destinations.description.FinalCityInfoActivity Pagerank: 0.25 HITS-Authority: 1.0 HITS-Hub: 1.0 SALSA-Authority: 1.0 SALSA-Hub: 1.0
08-03 18:36:18.291  8695  8695 D Nappa   : SHOULD_PREFETCH false
08-03 18:36:18.291  8695  8695 D Nappa   : STATS Number of requests not prefetched: 7
08-03 18:36:18.291  8695  8695 D Nappa   : STATS Number of requests prefetched: 2
08-03 18:36:18.291  8695  8695 D Nappa   : STATS Time saved until now: 0.077
08-03 18:36:18.323 13866 13866 I GoogleInputMethodServic: GoogleInputMethodService.onFinishInput():3138 
08-03 18:36:18.324 13866 13866 I GoogleInputMethodServic: GoogleInputMethodService.onStartInput():1808 
08-03 18:36:18.328  8695  8843 I art     : Explicit concurrent mark sweep GC freed 3348(151KB) AllocSpace objects, 2(40KB) LOS objects, 28% free, 39MB/55MB, paused 1.900ms total 39.560ms
08-03 18:36:18.349  8695  8843 I art     : Starting a blocking GC Explicit
08-03 18:36:18.352  8695  8695 D ActivityNode: Observer - visit time - FunFactsActivity - New aggregate visit time found is 10418 ms
08-03 18:36:18.388  8695  8843 I art     : Explicit concurrent mark sweep GC freed 545(24KB) AllocSpace objects, 0(0B) LOS objects, 28% free, 39MB/55MB, paused 729us total 38.955ms
08-03 18:36:18.404  8695  8843 I art     : Starting a blocking GC Explicit
08-03 18:36:18.436  8695  8843 I art     : Explicit concurrent mark sweep GC freed 392(10KB) AllocSpace objects, 0(0B) LOS objects, 28% free, 39MB/55MB, paused 645us total 31.870ms
08-03 18:36:18.452  8695  8843 I art     : Starting a blocking GC Explicit
08-03 18:36:18.486  8695  8843 I art     : Explicit concurrent mark sweep GC freed 219(3KB) AllocSpace objects, 0(0B) LOS objects, 28% free, 39MB/55MB, paused 660us total 33.913ms
08-03 18:36:18.504  8695  8843 I art     : Starting a blocking GC Explicit
08-03 18:36:18.543  8695  8843 I art     : Explicit concurrent mark sweep GC freed 219(3KB) AllocSpace objects, 0(0B) LOS objects, 28% free, 39MB/55MB, paused 687us total 39.314ms
08-03 18:36:18.590  8695  8716 D Nappa   : PREFETCH_ON_EXTRA - setCurrentActivity - logs - from extra - made prediction isfalse
08-03 18:36:18.627   380   380 W SurfaceFlinger: couldn't log to binary event log: overflow.
08-03 18:36:18.630  8695  8695 D NappaLifecycleObserver: nappagreedy.io.github.project_travel_mate.destinations.funfacts.FunFactsActivity - onDestroy
08-03 18:36:18.630  8695  8695 D NappaLifecycleObserver: -------------F1_SCORE #12 -----------
08-03 18:36:18.630  8695  8695 D NappaLifecycleObserver: F1_SCORE - Intercept list (7)= [https://project-travel-mate.herokuapp.com/api/get-user, https://project-travel-mate.herokuapp.com/api/number-of-unread-notifications, https://project-travel-mate.herokuapp.com/api/get-city-weather/1, https://project-travel-mate.herokuapp.com/api/get-city/1, https://project-travel-mate.herokuapp.com/api/get-city-information/1, https://project-travel-mate.herokuapp.com/api/get-city-facts/1, https://project-travel-mate.herokuapp.com/api/get-city-images/1]
08-03 18:36:18.630  8695  8695 D NappaLifecycleObserver: F1_SCORE - Prefetch list (0)= []
08-03 18:36:18.630  8695  8695 D NappaLifecycleObserver: F1_SCORE - TP list (0)= []
08-03 18:36:18.630  8695  8695 D NappaLifecycleObserver: F1_SCORE - FN list (7)= [https://project-travel-mate.herokuapp.com/api/get-user, https://project-travel-mate.herokuapp.com/api/number-of-unread-notifications, https://project-travel-mate.herokuapp.com/api/get-city-weather/1, https://project-travel-mate.herokuapp.com/api/get-city/1, https://project-travel-mate.herokuapp.com/api/get-city-information/1, https://project-travel-mate.herokuapp.com/api/get-city-facts/1, https://project-travel-mate.herokuapp.com/api/get-city-images/1]
08-03 18:36:18.630  8695  8695 I NAPPA_EXPERIMENTATION: MetricPrefetchingAccuracy: LOG_ID='13',F1_SCORE_1='0.0',F1_SCORE_2='0.0',TRUE_POSITIVE='0',FALSE_POSITIVE='0',FALSE_NEGATIVE='7',
08-03 18:36:18.911  8695  8707 I art     : Starting a blocking GC Explicit
08-03 18:36:18.949  8695  8707 I art     : Explicit concurrent mark sweep GC freed 4181(188KB) AllocSpace objects, 2(40KB) LOS objects, 28% free, 39MB/55MB, paused 741us total 37.232ms
08-03 18:36:18.965  8695  8707 I art     : Starting a blocking GC Explicit
08-03 18:36:18.999  8695  8707 I art     : Explicit concurrent mark sweep GC freed 5359(265KB) AllocSpace objects, 1(28KB) LOS objects, 29% free, 39MB/55MB, paused 727us total 34.020ms
08-03 18:36:19.016  8695  8707 I art     : Starting a blocking GC Explicit
08-03 18:36:19.050  8695  8707 I art     : Explicit concurrent mark sweep GC freed 148(2528B) AllocSpace objects, 0(0B) LOS objects, 29% free, 39MB/55MB, paused 713us total 33.764ms
08-03 18:36:19.066  8695  8707 I art     : Starting a blocking GC Explicit
08-03 18:36:19.099  8695  8707 I art     : Explicit concurrent mark sweep GC freed 147(2496B) AllocSpace objects, 0(0B) LOS objects, 29% free, 39MB/55MB, paused 710us total 33.077ms
08-03 18:36:19.116  8695  8707 I art     : Starting a blocking GC Explicit
08-03 18:36:19.151  8695  8707 I art     : Explicit concurrent mark sweep GC freed 148(2528B) AllocSpace objects, 0(0B) LOS objects, 29% free, 39MB/55MB, paused 707us total 34.601ms
08-03 18:36:19.525  8695  8750 I art     : Starting a blocking GC Explicit
08-03 18:36:19.561  8695  8750 I art     : Explicit concurrent mark sweep GC freed 2777(113KB) AllocSpace objects, 2(40KB) LOS objects, 29% free, 39MB/55MB, paused 768us total 36.076ms
08-03 18:36:19.577  8695  8750 I art     : Starting a blocking GC Explicit
08-03 18:36:19.612  8695  8750 I art     : Explicit concurrent mark sweep GC freed 173(3KB) AllocSpace objects, 0(0B) LOS objects, 29% free, 39MB/55MB, paused 765us total 34.451ms
08-03 18:36:19.628  8695  8750 I art     : Starting a blocking GC Explicit
08-03 18:36:19.663  8695  8750 I art     : Explicit concurrent mark sweep GC freed 161(2720B) AllocSpace objects, 0(0B) LOS objects, 29% free, 39MB/55MB, paused 814us total 34.777ms
08-03 18:36:19.680  8695  8750 I art     : Starting a blocking GC Explicit
08-03 18:36:19.714  8695  8750 I art     : Explicit concurrent mark sweep GC freed 168(2848B) AllocSpace objects, 0(0B) LOS objects, 29% free, 39MB/55MB, paused 807us total 34.021ms
08-03 18:36:19.730  8695  8750 I art     : Starting a blocking GC Explicit
08-03 18:36:19.764  8695  8750 I art     : Explicit concurrent mark sweep GC freed 135(2304B) AllocSpace objects, 0(0B) LOS objects, 29% free, 39MB/55MB, paused 795us total 33.578ms
08-03 18:36:19.958  9438  9438 D AndroidRuntime: >>>>>> START com.android.internal.os.RuntimeInit uid 2000 <<<<<<
08-03 18:36:19.964  9438  9438 D AndroidRuntime: CheckJNI is OFF
08-03 18:36:20.004  9438  9438 D ICU     : No timezone override file found: /data/misc/zoneinfo/current/icu/icu_tzdata.dat
08-03 18:36:20.044  9438  9438 I Radio-JNI: register_android_hardware_Radio DONE
08-03 18:36:20.073  9438  9438 D AndroidRuntime: Calling main entry com.android.commands.input.Input
08-03 18:36:20.075  9438  9438 I Input   : injectMotionEvent: MotionEvent { action=ACTION_DOWN, actionButton=0, id[0]=0, x[0]=693.0, y[0]=1450.0, toolType[0]=TOOL_TYPE_UNKNOWN, buttonState=0, metaState=0, flags=0x0, edgeFlags=0x0, pointerCount=1, historySize=0, eventTime=642996488, downTime=642996488, deviceId=0, source=0x1002 }
08-03 18:36:20.081  9438  9438 I Input   : injectMotionEvent: MotionEvent { action=ACTION_UP, actionButton=0, id[0]=0, x[0]=693.0, y[0]=1450.0, toolType[0]=TOOL_TYPE_UNKNOWN, buttonState=0, metaState=0, flags=0x0, edgeFlags=0x0, pointerCount=1, historySize=0, eventTime=642996488, downTime=642996488, deviceId=0, source=0x1002 }
08-03 18:36:20.082  8695  8695 D NappaIntentExtras: ==================
08-03 18:36:20.083  9438  9438 D AndroidRuntime: Shutting down VM
08-03 18:36:20.083  8695  8695 D NappaIntentExtras: Log #6
08-03 18:36:20.083  8695  8695 D NappaIntentExtras: ------------------
08-03 18:36:20.083  8695  8695 D NappaIntentExtras: activity nappagreedy.io.github.project_travel_mate.destinations.description.CityHistoryActivity
08-03 18:36:20.083  8695  8695 D NappaIntentExtras: 	- No extras registered
08-03 18:36:20.083  8695  8695 D NappaIntentExtras: activity nappagreedy.io.github.project_travel_mate.MainActivity
08-03 18:36:20.083  8695  8695 D NappaIntentExtras: 	- 1 extras registered
08-03 18:36:20.083  8695  8695 D NappaIntentExtras: 	- cityobject_ : objects.City@e6b4a93
08-03 18:36:20.083  8695  8695 D NappaIntentExtras: activity nappagreedy.io.github.project_travel_mate.SplashActivity
08-03 18:36:20.083  8695  8695 D NappaIntentExtras: 	- No extras registered
08-03 18:36:20.083  8695  8695 D NappaIntentExtras: activity nappagreedy.io.github.project_travel_mate.utilities.CompassActivity
08-03 18:36:20.083  8695  8695 D NappaIntentExtras: 	- No extras registered
08-03 18:36:20.083  8695  8695 D NappaIntentExtras: activity nappagreedy.io.github.project_travel_mate.notifications.NotificationsActivity
08-03 18:36:20.083  8695  8695 D NappaIntentExtras: 	- No extras registered
08-03 18:36:20.083  8695  8695 D NappaIntentExtras: activity nappagreedy.io.github.project_travel_mate.destinations.funfacts.FunFactsActivity
08-03 18:36:20.083  8695  8695 D NappaIntentExtras: 	- No extras registered
08-03 18:36:20.084  8695  8695 D NappaIntentExtras: activity nappagreedy.io.github.project_travel_mate.utilities.UpcomingWeekendsActivity
08-03 18:36:20.084  8695  8695 D NappaIntentExtras: 	- No extras registered
08-03 18:36:20.084  8695  8695 D NappaIntentExtras: activity nappagreedy.io.github.project_travel_mate.utilities.ChecklistActivity
08-03 18:36:20.084  8695  8695 D NappaIntentExtras: 	- No extras registered
08-03 18:36:20.084  8695  8695 D NappaIntentExtras: activity nappagreedy.io.github.project_travel_mate.destinations.description.FinalCityInfoActivity
08-03 18:36:20.084  8695  8695 D NappaIntentExtras: 	- 1 extras registered
08-03 18:36:20.084  8695  8695 D NappaIntentExtras: 	- cityobject_ : objects.City@ba56b5d
08-03 18:36:20.084  8695  8695 D NappaIntentExtras: ==================
08-03 18:36:20.085   512  2967 D audio_hw_primary: out_set_parameters: enter: usecase(1: low-latency-playback) kvpairs: routing=2
08-03 18:36:20.085   918   928 I ActivityManager: START u0 {cmp=nappagreedy.io.github.project_travel_mate/.destinations.description.CityHistoryActivity} from uid 10626 on display 0
08-03 18:36:20.091  8695  8695 D NappaLifecycleObserver: nappagreedy.io.github.project_travel_mate.destinations.description.FinalCityInfoActivity - onPause
08-03 18:36:20.091  8695  8695 D Nappa   : Stayed on nappagreedy.io.github.project_travel_mate.destinations.description.FinalCityInfoActivity for 1800 ms
08-03 18:36:20.098   512  2967 D audio_hw_primary: select_devices: out_snd_device(2: speaker) in_snd_device(0: none)
08-03 18:36:20.098   512  2967 D msm8974_platform: platform_send_audio_calibration: sending audio calibration for snd_device(2) acdb_id(15)
08-03 18:36:20.098   512  2967 I soundtrigger: audio_extn_sound_trigger_update_device_status: device 0x2 of type 0 for Event 1
08-03 18:36:20.109   512  2967 D audio_hw_primary: enable_snd_device: snd_device(2: speaker)
08-03 18:36:20.111   512  2967 D audio_hw_primary: enable_audio_route: apply and update mixer path: low-latency-playback speaker
08-03 18:36:20.112  8695  8814 D Gabe    : call	returning from cache
08-03 18:36:20.114  8695  8695 V EXECUTING: https://project-travel-mate.herokuapp.com/api/get-city-information/1
08-03 18:36:20.115  8695  8695 D Nappa   : TAG okHttpClient initialized
08-03 18:36:20.117  8695  9462 D CustomInterceptor: NETWORK-PROVIDER https://project-travel-mate.herokuapp.com/api/get-city-information/1
08-03 18:36:20.117  8695  9462 D Nappa   : F1_SCORE add_intercept_url - (already in) - https://project-travel-mate.herokuapp.com/api/get-city-information/1
08-03 18:36:20.117  8695  9462 D Nappa   : F1_SCORE add_fn_url - (already in) - https://project-travel-mate.herokuapp.com/api/get-city-information/1
08-03 18:36:20.117  8695  9462 D Nappa   : -------------F1_SCORE #13 -----------
08-03 18:36:20.117  8695  9462 D Nappa   : F1_SCORE - Intercept list (7)= [https://project-travel-mate.herokuapp.com/api/get-user, https://project-travel-mate.herokuapp.com/api/number-of-unread-notifications, https://project-travel-mate.herokuapp.com/api/get-city-weather/1, https://project-travel-mate.herokuapp.com/api/get-city/1, https://project-travel-mate.herokuapp.com/api/get-city-information/1, https://project-travel-mate.herokuapp.com/api/get-city-facts/1, https://project-travel-mate.herokuapp.com/api/get-city-images/1]
08-03 18:36:20.117  8695  9462 D Nappa   : F1_SCORE - Prefetch list (0)= []
08-03 18:36:20.117  8695  9462 D Nappa   : F1_SCORE - TP list (0)= []
08-03 18:36:20.117  8695  8695 D NappaLifecycleObserver: nappagreedy.io.github.project_travel_mate.destinations.description.CityHistoryActivity - onResume
08-03 18:36:20.117  8695  9462 D Nappa   : F1_SCORE - FN list (7)= [https://project-travel-mate.herokuapp.com/api/get-user, https://project-travel-mate.herokuapp.com/api/number-of-unread-notifications, https://project-travel-mate.herokuapp.com/api/get-city-weather/1, https://project-travel-mate.herokuapp.com/api/get-city/1, https://project-travel-mate.herokuapp.com/api/get-city-information/1, https://project-travel-mate.herokuapp.com/api/get-city-facts/1, https://project-travel-mate.herokuapp.com/api/get-city-images/1]
08-03 18:36:20.117  8695  8695 D Nappa   : setCurrentActivity - MetricStrategyAccuracy - 
08-03 18:36:20.117  8695  8695 D Nappa   : madePredictionFromActivity = false, 
08-03 18:36:20.117  8695  8695 D Nappa   : fromActivity = nappagreedy.io.github.project_travel_mate.destinations.description.FinalCityInfoActivity, 
08-03 18:36:20.117  8695  8695 D Nappa   : predictedNextActivityFromActivity = [], 
08-03 18:36:20.117  8695  8695 D Nappa   : activity.getClass().getCanonicalName() = nappagreedy.io.github.project_travel_mate.destinations.description.CityHistoryActivity, 
08-03 18:36:20.117  8695  9462 I NAPPA_EXPERIMENTATION: MetricPrefetchingAccuracy: LOG_ID='14',F1_SCORE_1='0.0',F1_SCORE_2='0.0',TRUE_POSITIVE='0',FALSE_POSITIVE='0',FALSE_NEGATIVE='7',
08-03 18:36:20.118  8695  8695 D Nappa   : setCurrentActivity - MetricStrategyAccuracy - 
08-03 18:36:20.118  8695  8695 D Nappa   : madePredictionFromExtra = false, 
08-03 18:36:20.118  8695  8695 D Nappa   : fromActivity = nappagreedy.io.github.project_travel_mate.destinations.description.FinalCityInfoActivity, 
08-03 18:36:20.118  8695  8695 D Nappa   : predictedNextActivityFromExtra = [], 
08-03 18:36:20.118  8695  8695 D Nappa   : activity.getClass().getCanonicalName() = nappagreedy.io.github.project_travel_mate.destinations.description.CityHistoryActivity, 
08-03 18:36:20.118  8695  9462 D CustomInterceptor: HEADER REQUEST
08-03 18:36:20.118  8695  8695 D Nappa   : PREFETCH_ON_EXTRA - setCurrentActivity - logs - from activity - made prediction isfalse
08-03 18:36:20.118  8695  9462 D CustomInterceptor: Authorization Token e817cf733b7893037942a7dc5507f3c5a98408e6
08-03 18:36:20.118  8695  9462 D CustomInterceptor: Cache-Control max-age=300, max-stale=300
08-03 18:36:20.118  8695  9462 D CustomInterceptor: CACHED STATS: size = '7', maxSize = '100', hitCount = '9', createCount = '0', putCount = '7', evictionCount = '0', missCount = '7', toString = 'LruCache[maxSize=100,hits=9,misses=7,hitRate=56%]', 
08-03 18:36:20.118  8695  9462 D CustomInterceptor: PREFLIB GET REQUEST https://project-travel-mate.herokuapp.com/api/get-city-information/1
08-03 18:36:20.118  8695  9462 D CustomInterceptor: PREFLIB found https://project-travel-mate.herokuapp.com/api/get-city-information/1, sending it back
