--------- beginning of main
08-03 21:24:21.294 16351 16351 I ServiceManager: Waiting for service AtCmdFwd...
08-03 21:24:21.884 22547 22547 D AndroidRuntime: >>>>>> START com.android.internal.os.RuntimeInit uid 2000 <<<<<<
08-03 21:24:21.890 22547 22547 D AndroidRuntime: CheckJNI is OFF
08-03 21:24:21.922 22547 22547 D ICU     : No timezone override file found: /data/misc/zoneinfo/current/icu/icu_tzdata.dat
08-03 21:24:21.954 22547 22547 I Radio-JNI: register_android_hardware_Radio DONE
08-03 21:24:21.972 22547 22547 D AndroidRuntime: Calling main entry com.android.commands.monkey.Monkey
--------- beginning of system
08-03 21:24:21.989   918   931 W BroadcastQueue: Skipping deliver [background] BroadcastRecord{73a3a4c u-1 android.net.conn.CONNECTIVITY_CHANGE} to ReceiverList{4562a95 22547 (unknown name)/2000/u-1 remote:88b3f9e}: process crashing
08-03 21:24:22.000   918   928 I ActivityManager: START u0 {act=android.intent.action.MAIN cat=[android.intent.category.LAUNCHER] flg=0x10200000 cmp=nappagreedy.io.github.project_travel_mate/.SplashActivity} from uid 2000 on display 0
08-03 21:24:22.032 22556 22556 I art     : Late-enabling -Xcheck:jni
08-03 21:24:22.032   918  6029 I ActivityManager: Start proc 22556:nappagreedy.io.github.project_travel_mate/u0a626 for activity nappagreedy.io.github.project_travel_mate/.SplashActivity
08-03 21:24:22.037 22547 22547 I art     : System.exit called, status: 0
08-03 21:24:22.037 22547 22547 I AndroidRuntime: VM exiting with result code 0.
08-03 21:24:22.105  6202  6095 I PBSessionCacheImpl: Deleted sessionId[27278280657311515] from persistence.
08-03 21:24:22.112  6202  6241 W SearchServiceCore: Abort, client detached.
08-03 21:24:22.113  6202  6241 I MicroDetectionState: Should stop hotword detection immediately - true
08-03 21:24:22.131 22556 22556 W System  : ClassLoader referenced unknown path: /data/app/nappagreedy.io.github.project_travel_mate-1/lib/arm64
08-03 21:24:22.285 22556 22556 W art     : Before Android 4.1, method android.graphics.PorterDuffColorFilter androidx.vectordrawable.graphics.drawable.VectorDrawableCompat.updateTintFilter(android.graphics.PorterDuffColorFilter, android.content.res.ColorStateList, android.graphics.PorterDuff$Mode) would have incorrectly overridden the package-private method in android.graphics.drawable.Drawable
08-03 21:24:22.295 16351 16351 I ServiceManager: Waiting for service AtCmdFwd...
08-03 21:24:22.321 22556 22556 D Nappa   : Selected prefetching strategy STRATEGY_GREEDY_VISIT_FREQUENCY_AND_TIME
08-03 21:24:22.358 22556 22570 D Nappa   : Updating activity map nappagreedy.io.github.project_travel_mate.SplashActivity: 1
08-03 21:24:22.358 22556 22570 D Nappa   : Updating activity map nappagreedy.io.github.project_travel_mate.MainActivity: 2
08-03 21:24:22.358 22556 22570 D Nappa   : Updating activity map nappagreedy.io.github.project_travel_mate.destinations.description.FinalCityInfoActivity: 3
08-03 21:24:22.358 22556 22570 D Nappa   : Updating activity map nappagreedy.io.github.project_travel_mate.destinations.description.CityHistoryActivity: 4
08-03 21:24:22.358 22556 22570 D Nappa   : Updating activity map nappagreedy.io.github.project_travel_mate.destinations.funfacts.FunFactsActivity: 5
08-03 21:24:22.358 22556 22570 D Nappa   : Updating activity map nappagreedy.io.github.project_travel_mate.utilities.ChecklistActivity: 6
08-03 21:24:22.358 22556 22570 D Nappa   : Updating activity map nappagreedy.io.github.project_travel_mate.utilities.CompassActivity: 7
08-03 21:24:22.358 22556 22570 D Nappa   : Updating activity map nappagreedy.io.github.project_travel_mate.utilities.UpcomingWeekendsActivity: 8
08-03 21:24:22.358 22556 22570 D Nappa   : Updating activity map nappagreedy.io.github.project_travel_mate.notifications.NotificationsActivity: 9
08-03 21:24:22.358 22556 22570 D ActivityGraph: ACT_GRAPH initNodes() fired for node: nappagreedy.io.github.project_travel_mate.SplashActivity
08-03 21:24:22.459 22556 22570 D Nappa   : registerActivity: (already in) nappagreedy.io.github.project_travel_mate.SplashActivity
08-03 21:24:22.461 22556 22570 D ActivityGraph: LARDataInitFetchDB nappagreedy.io.github.project_travel_mate.SplashActivity Pagerank: 0.25 HITS-Authority: 1.0 HITS-Hub: 1.0 SALSA-Authority: 1.0 SALSA-Hub: 1.0
08-03 21:24:22.461 22556 22570 D ActivityGraph: LARDataInit node nappagreedy.io.github.project_travel_mate.SplashActivity added to nodeList
08-03 21:24:22.464 22556 22570 D ActivityGraph: ACT_GRAPH Edges size: 1
08-03 21:24:22.564 22556 22570 D Nappa   : registerActivity: (already in) nappagreedy.io.github.project_travel_mate.MainActivity
08-03 21:24:22.565 22556 22570 D ActivityGraph: LARDataInitFetchDB nappagreedy.io.github.project_travel_mate.SplashActivity Pagerank: 0.25 HITS-Authority: 1.0 HITS-Hub: 1.0 SALSA-Authority: 1.0 SALSA-Hub: 1.0 loaded following an edge
08-03 21:24:22.565 22556 22570 D ActivityGraph: ACT_GRAPH does not contain temp2
08-03 21:24:22.565 22556 22570 D ActivityGraph: LARDataInit node nappagreedy.io.github.project_travel_mate.MainActivity added to nodeList from edge
08-03 21:24:22.566 22556 22570 D ActivityGraph: ACT_GRAPH adding successors: nappagreedy.io.github.project_travel_mate.SplashActivity -> nappagreedy.io.github.project_travel_mate.MainActivity
08-03 21:24:22.567 22556 22570 D FetchActivityLiveDataInfoHandler: activity  = SplashActivity
08-03 21:24:22.567 22556 22570 D FetchActivityLiveDataInfoHandler: shouldSetSessionAggregateLiveData  = true
08-03 21:24:22.567 22556 22573 D Nappa   : {nappagreedy.io.github.project_travel_mate.destinations.description.CityHistoryActivity=4, nappagreedy.io.github.project_travel_mate.MainActivity=2, nappagreedy.io.github.project_travel_mate.SplashActivity=1, nappagreedy.io.github.project_travel_mate.utilities.CompassActivity=7, nappagreedy.io.github.project_travel_mate.notifications.NotificationsActivity=9, nappagreedy.io.github.project_travel_mate.destinations.funfacts.FunFactsActivity=5, nappagreedy.io.github.project_travel_mate.utilities.UpcomingWeekendsActivity=8, nappagreedy.io.github.project_travel_mate.utilities.ChecklistActivity=6, nappagreedy.io.github.project_travel_mate.destinations.description.FinalCityInfoActivity=3}
08-03 21:24:22.567 22556 22570 D FetchActivityLiveDataInfoHandler: need/shouldSetSuccessorVisitTime  = true - true
08-03 21:24:22.567 22556 22570 D FetchActivityLiveDataInfoHandler: need/shouldSetSuccessorVisitTime  = false - true
08-03 21:24:22.567 22556 22570 D FetchActivityLiveDataInfoHandler: shouldSetUrlCandidateDbLiveDataLiveData  = true
08-03 21:24:22.567 22556 22570 D FetchActivityLiveDataInfoHandler: shouldSetActivityExtraLiveData  = true
08-03 21:24:22.568 22556 22572 D FetchSessionDataRunnable: SplashActivity Fetching session data for LAST_N_SESSIONS_FROM_ENTITY_SESSION
08-03 21:24:22.571 22556 22572 D FetchVisitTimeRunnable: SplashActivity Fetching session data for LAST_N_SESSIONS_FROM_ENTITY_SESSION
08-03 21:24:22.572 22556 22572 D FetchUrlCandidateRunnable: SplashActivity Fetching URL candidates
08-03 21:24:22.574 22556 22572 D FetchIntentExtraRunnable: SplashActivity Fetching intent extras
08-03 21:24:22.575 22556 22570 D ActivityGraph: ACT_GRAPH initNodes() fired for node: nappagreedy.io.github.project_travel_mate.MainActivity
08-03 21:24:22.675 22556 22570 D Nappa   : registerActivity: (already in) nappagreedy.io.github.project_travel_mate.MainActivity
08-03 21:24:22.677 22556 22570 D ActivityGraph: LARDataInitFetchDB nappagreedy.io.github.project_travel_mate.MainActivity Pagerank: 0.25 HITS-Authority: 1.0 HITS-Hub: 1.0 SALSA-Authority: 1.0 SALSA-Hub: 1.0
08-03 21:24:22.677 22556 22570 D ActivityGraph: LARDataInit already in nodeList
08-03 21:24:22.678 22556 22570 D ActivityGraph: ACT_GRAPH Edges size: 5
08-03 21:24:22.779 22556 22570 D Nappa   : registerActivity: (already in) nappagreedy.io.github.project_travel_mate.destinations.description.FinalCityInfoActivity
08-03 21:24:22.779 22556 22570 D ActivityGraph: LARDataInitFetchDB nappagreedy.io.github.project_travel_mate.MainActivity Pagerank: 0.25 HITS-Authority: 1.0 HITS-Hub: 1.0 SALSA-Authority: 1.0 SALSA-Hub: 1.0 loaded following an edge
08-03 21:24:22.779 22556 22570 D ActivityGraph: ACT_GRAPH does not contain temp2
08-03 21:24:22.779 22556 22570 D ActivityGraph: LARDataInit node nappagreedy.io.github.project_travel_mate.destinations.description.FinalCityInfoActivity added to nodeList from edge
08-03 21:24:22.780 22556 22570 D ActivityGraph: ACT_GRAPH adding successors: nappagreedy.io.github.project_travel_mate.MainActivity -> nappagreedy.io.github.project_travel_mate.destinations.description.FinalCityInfoActivity
08-03 21:24:22.780 22556 22573 D Nappa   : {nappagreedy.io.github.project_travel_mate.destinations.description.CityHistoryActivity=4, nappagreedy.io.github.project_travel_mate.MainActivity=2, nappagreedy.io.github.project_travel_mate.SplashActivity=1, nappagreedy.io.github.project_travel_mate.utilities.CompassActivity=7, nappagreedy.io.github.project_travel_mate.notifications.NotificationsActivity=9, nappagreedy.io.github.project_travel_mate.destinations.funfacts.FunFactsActivity=5, nappagreedy.io.github.project_travel_mate.utilities.UpcomingWeekendsActivity=8, nappagreedy.io.github.project_travel_mate.utilities.ChecklistActivity=6, nappagreedy.io.github.project_travel_mate.destinations.description.FinalCityInfoActivity=3}
08-03 21:24:22.880 22556 22570 D Nappa   : registerActivity: (already in) nappagreedy.io.github.project_travel_mate.utilities.ChecklistActivity
08-03 21:24:22.881 22556 22570 D ActivityGraph: LARDataInitFetchDB nappagreedy.io.github.project_travel_mate.MainActivity Pagerank: 0.25 HITS-Authority: 1.0 HITS-Hub: 1.0 SALSA-Authority: 1.0 SALSA-Hub: 1.0 loaded following an edge
08-03 21:24:22.881 22556 22570 D ActivityGraph: ACT_GRAPH does not contain temp2
08-03 21:24:22.881 22556 22570 D ActivityGraph: LARDataInit node nappagreedy.io.github.project_travel_mate.utilities.ChecklistActivity added to nodeList from edge
08-03 21:24:22.882 22556 22570 D ActivityGraph: ACT_GRAPH adding successors: nappagreedy.io.github.project_travel_mate.MainActivity -> nappagreedy.io.github.project_travel_mate.utilities.ChecklistActivity
08-03 21:24:22.882 22556 22573 D Nappa   : {nappagreedy.io.github.project_travel_mate.destinations.description.CityHistoryActivity=4, nappagreedy.io.github.project_travel_mate.MainActivity=2, nappagreedy.io.github.project_travel_mate.SplashActivity=1, nappagreedy.io.github.project_travel_mate.utilities.CompassActivity=7, nappagreedy.io.github.project_travel_mate.notifications.NotificationsActivity=9, nappagreedy.io.github.project_travel_mate.destinations.funfacts.FunFactsActivity=5, nappagreedy.io.github.project_travel_mate.utilities.UpcomingWeekendsActivity=8, nappagreedy.io.github.project_travel_mate.utilities.ChecklistActivity=6, nappagreedy.io.github.project_travel_mate.destinations.description.FinalCityInfoActivity=3}
08-03 21:24:22.982 22556 22570 D Nappa   : registerActivity: (already in) nappagreedy.io.github.project_travel_mate.utilities.CompassActivity
08-03 21:24:22.983 22556 22570 D ActivityGraph: LARDataInitFetchDB nappagreedy.io.github.project_travel_mate.MainActivity Pagerank: 0.25 HITS-Authority: 1.0 HITS-Hub: 1.0 SALSA-Authority: 1.0 SALSA-Hub: 1.0 loaded following an edge
08-03 21:24:22.983 22556 22570 D ActivityGraph: ACT_GRAPH does not contain temp2
08-03 21:24:22.983 22556 22570 D ActivityGraph: LARDataInit node nappagreedy.io.github.project_travel_mate.utilities.CompassActivity added to nodeList from edge
08-03 21:24:22.983 22556 22570 D ActivityGraph: ACT_GRAPH adding successors: nappagreedy.io.github.project_travel_mate.MainActivity -> nappagreedy.io.github.project_travel_mate.utilities.CompassActivity
08-03 21:24:22.983 22556 22573 D Nappa   : {nappagreedy.io.github.project_travel_mate.destinations.description.CityHistoryActivity=4, nappagreedy.io.github.project_travel_mate.MainActivity=2, nappagreedy.io.github.project_travel_mate.SplashActivity=1, nappagreedy.io.github.project_travel_mate.utilities.CompassActivity=7, nappagreedy.io.github.project_travel_mate.notifications.NotificationsActivity=9, nappagreedy.io.github.project_travel_mate.destinations.funfacts.FunFactsActivity=5, nappagreedy.io.github.project_travel_mate.utilities.UpcomingWeekendsActivity=8, nappagreedy.io.github.project_travel_mate.utilities.ChecklistActivity=6, nappagreedy.io.github.project_travel_mate.destinations.description.FinalCityInfoActivity=3}
08-03 21:24:23.084 22556 22570 D Nappa   : registerActivity: (already in) nappagreedy.io.github.project_travel_mate.utilities.UpcomingWeekendsActivity
08-03 21:24:23.084 22556 22570 D ActivityGraph: LARDataInitFetchDB nappagreedy.io.github.project_travel_mate.MainActivity Pagerank: 0.25 HITS-Authority: 1.0 HITS-Hub: 1.0 SALSA-Authority: 1.0 SALSA-Hub: 1.0 loaded following an edge
08-03 21:24:23.085 22556 22570 D ActivityGraph: ACT_GRAPH does not contain temp2
08-03 21:24:23.085 22556 22570 D ActivityGraph: LARDataInit node nappagreedy.io.github.project_travel_mate.utilities.UpcomingWeekendsActivity added to nodeList from edge
08-03 21:24:23.085 22556 22570 D ActivityGraph: ACT_GRAPH adding successors: nappagreedy.io.github.project_travel_mate.MainActivity -> nappagreedy.io.github.project_travel_mate.utilities.UpcomingWeekendsActivity
08-03 21:24:23.085 22556 22573 D Nappa   : {nappagreedy.io.github.project_travel_mate.destinations.description.CityHistoryActivity=4, nappagreedy.io.github.project_travel_mate.MainActivity=2, nappagreedy.io.github.project_travel_mate.SplashActivity=1, nappagreedy.io.github.project_travel_mate.utilities.CompassActivity=7, nappagreedy.io.github.project_travel_mate.notifications.NotificationsActivity=9, nappagreedy.io.github.project_travel_mate.destinations.funfacts.FunFactsActivity=5, nappagreedy.io.github.project_travel_mate.utilities.UpcomingWeekendsActivity=8, nappagreedy.io.github.project_travel_mate.utilities.ChecklistActivity=6, nappagreedy.io.github.project_travel_mate.destinations.description.FinalCityInfoActivity=3}
08-03 21:24:23.185 22556 22570 D Nappa   : registerActivity: (already in) nappagreedy.io.github.project_travel_mate.notifications.NotificationsActivity
08-03 21:24:23.187 22556 22570 D ActivityGraph: LARDataInitFetchDB nappagreedy.io.github.project_travel_mate.MainActivity Pagerank: 0.25 HITS-Authority: 1.0 HITS-Hub: 1.0 SALSA-Authority: 1.0 SALSA-Hub: 1.0 loaded following an edge
08-03 21:24:23.187 22556 22570 D ActivityGraph: ACT_GRAPH does not contain temp2
08-03 21:24:23.187 22556 22570 D ActivityGraph: LARDataInit node nappagreedy.io.github.project_travel_mate.notifications.NotificationsActivity added to nodeList from edge
08-03 21:24:23.187 22556 22570 D ActivityGraph: ACT_GRAPH adding successors: nappagreedy.io.github.project_travel_mate.MainActivity -> nappagreedy.io.github.project_travel_mate.notifications.NotificationsActivity
08-03 21:24:23.187 22556 22570 D FetchActivityLiveDataInfoHandler: activity  = MainActivity
08-03 21:24:23.187 22556 22573 D Nappa   : {nappagreedy.io.github.project_travel_mate.destinations.description.CityHistoryActivity=4, nappagreedy.io.github.project_travel_mate.MainActivity=2, nappagreedy.io.github.project_travel_mate.SplashActivity=1, nappagreedy.io.github.project_travel_mate.utilities.CompassActivity=7, nappagreedy.io.github.project_travel_mate.notifications.NotificationsActivity=9, nappagreedy.io.github.project_travel_mate.destinations.funfacts.FunFactsActivity=5, nappagreedy.io.github.project_travel_mate.utilities.UpcomingWeekendsActivity=8, nappagreedy.io.github.project_travel_mate.utilities.ChecklistActivity=6, nappagreedy.io.github.project_travel_mate.destinations.description.FinalCityInfoActivity=3}
08-03 21:24:23.188 22556 22570 D FetchActivityLiveDataInfoHandler: shouldSetSessionAggregateLiveData  = true
08-03 21:24:23.188 22556 22570 D FetchActivityLiveDataInfoHandler: need/shouldSetSuccessorVisitTime  = true - true
08-03 21:24:23.188 22556 22570 D FetchActivityLiveDataInfoHandler: need/shouldSetSuccessorVisitTime  = false - true
08-03 21:24:23.188 22556 22570 D FetchActivityLiveDataInfoHandler: shouldSetUrlCandidateDbLiveDataLiveData  = true
08-03 21:24:23.188 22556 22570 D FetchActivityLiveDataInfoHandler: shouldSetActivityExtraLiveData  = true
08-03 21:24:23.188 22556 22572 D FetchSessionDataRunnable: MainActivity Fetching session data for LAST_N_SESSIONS_FROM_ENTITY_SESSION
08-03 21:24:23.189 22556 22572 D FetchVisitTimeRunnable: MainActivity Fetching session data for LAST_N_SESSIONS_FROM_ENTITY_SESSION
08-03 21:24:23.189 22556 22572 D FetchUrlCandidateRunnable: MainActivity Fetching URL candidates
08-03 21:24:23.190 22556 22572 D FetchIntentExtraRunnable: MainActivity Fetching intent extras
08-03 21:24:23.190 22556 22570 D ActivityGraph: ACT_GRAPH initNodes() fired for node: nappagreedy.io.github.project_travel_mate.destinations.description.FinalCityInfoActivity
08-03 21:24:23.290 22556 22570 D Nappa   : registerActivity: (already in) nappagreedy.io.github.project_travel_mate.destinations.description.FinalCityInfoActivity
08-03 21:24:23.292 22556 22570 D ActivityGraph: LARDataInitFetchDB nappagreedy.io.github.project_travel_mate.destinations.description.FinalCityInfoActivity Pagerank: 0.25 HITS-Authority: 1.0 HITS-Hub: 1.0 SALSA-Authority: 1.0 SALSA-Hub: 1.0
08-03 21:24:23.292 22556 22570 D ActivityGraph: LARDataInit already in nodeList
08-03 21:24:23.293 22556 22570 D ActivityGraph: ACT_GRAPH Edges size: 2
08-03 21:24:23.295 16351 16351 I ServiceManager: Waiting for service AtCmdFwd...
08-03 21:24:23.393 22556 22570 D Nappa   : registerActivity: (already in) nappagreedy.io.github.project_travel_mate.destinations.description.CityHistoryActivity
08-03 21:24:23.395 22556 22570 D ActivityGraph: LARDataInitFetchDB nappagreedy.io.github.project_travel_mate.destinations.description.FinalCityInfoActivity Pagerank: 0.25 HITS-Authority: 1.0 HITS-Hub: 1.0 SALSA-Authority: 1.0 SALSA-Hub: 1.0 loaded following an edge
08-03 21:24:23.395 22556 22570 D ActivityGraph: ACT_GRAPH does not contain temp2
08-03 21:24:23.395 22556 22570 D ActivityGraph: LARDataInit node nappagreedy.io.github.project_travel_mate.destinations.description.CityHistoryActivity added to nodeList from edge
08-03 21:24:23.395 22556 22570 D ActivityGraph: ACT_GRAPH adding successors: nappagreedy.io.github.project_travel_mate.destinations.description.FinalCityInfoActivity -> nappagreedy.io.github.project_travel_mate.destinations.description.CityHistoryActivity
08-03 21:24:23.396 22556 22573 D Nappa   : {nappagreedy.io.github.project_travel_mate.destinations.description.CityHistoryActivity=4, nappagreedy.io.github.project_travel_mate.MainActivity=2, nappagreedy.io.github.project_travel_mate.SplashActivity=1, nappagreedy.io.github.project_travel_mate.utilities.CompassActivity=7, nappagreedy.io.github.project_travel_mate.notifications.NotificationsActivity=9, nappagreedy.io.github.project_travel_mate.destinations.funfacts.FunFactsActivity=5, nappagreedy.io.github.project_travel_mate.utilities.UpcomingWeekendsActivity=8, nappagreedy.io.github.project_travel_mate.utilities.ChecklistActivity=6, nappagreedy.io.github.project_travel_mate.destinations.description.FinalCityInfoActivity=3}
08-03 21:24:23.496 22556 22570 D Nappa   : registerActivity: (already in) nappagreedy.io.github.project_travel_mate.destinations.funfacts.FunFactsActivity
08-03 21:24:23.497 22556 22570 D ActivityGraph: LARDataInitFetchDB nappagreedy.io.github.project_travel_mate.destinations.description.FinalCityInfoActivity Pagerank: 0.25 HITS-Authority: 1.0 HITS-Hub: 1.0 SALSA-Authority: 1.0 SALSA-Hub: 1.0 loaded following an edge
08-03 21:24:23.497 22556 22570 D ActivityGraph: ACT_GRAPH does not contain temp2
08-03 21:24:23.498 22556 22570 D ActivityGraph: LARDataInit node nappagreedy.io.github.project_travel_mate.destinations.funfacts.FunFactsActivity added to nodeList from edge
08-03 21:24:23.498 22556 22570 D ActivityGraph: ACT_GRAPH adding successors: nappagreedy.io.github.project_travel_mate.destinations.description.FinalCityInfoActivity -> nappagreedy.io.github.project_travel_mate.destinations.funfacts.FunFactsActivity
08-03 21:24:23.498 22556 22570 D FetchActivityLiveDataInfoHandler: activity  = FinalCityInfoActivity
08-03 21:24:23.498 22556 22570 D FetchActivityLiveDataInfoHandler: shouldSetSessionAggregateLiveData  = true
08-03 21:24:23.498 22556 22570 D FetchActivityLiveDataInfoHandler: need/shouldSetSuccessorVisitTime  = true - true
08-03 21:24:23.498 22556 22570 D FetchActivityLiveDataInfoHandler: need/shouldSetSuccessorVisitTime  = false - true
08-03 21:24:23.498 22556 22570 D FetchActivityLiveDataInfoHandler: shouldSetUrlCandidateDbLiveDataLiveData  = true
08-03 21:24:23.498 22556 22570 D FetchActivityLiveDataInfoHandler: shouldSetActivityExtraLiveData  = true
08-03 21:24:23.498 22556 22573 D Nappa   : {nappagreedy.io.github.project_travel_mate.destinations.description.CityHistoryActivity=4, nappagreedy.io.github.project_travel_mate.MainActivity=2, nappagreedy.io.github.project_travel_mate.SplashActivity=1, nappagreedy.io.github.project_travel_mate.utilities.CompassActivity=7, nappagreedy.io.github.project_travel_mate.notifications.NotificationsActivity=9, nappagreedy.io.github.project_travel_mate.destinations.funfacts.FunFactsActivity=5, nappagreedy.io.github.project_travel_mate.utilities.UpcomingWeekendsActivity=8, nappagreedy.io.github.project_travel_mate.utilities.ChecklistActivity=6, nappagreedy.io.github.project_travel_mate.destinations.description.FinalCityInfoActivity=3}
08-03 21:24:23.498 22556 22572 D FetchSessionDataRunnable: FinalCityInfoActivity Fetching session data for LAST_N_SESSIONS_FROM_ENTITY_SESSION
08-03 21:24:23.499 22556 22572 D FetchVisitTimeRunnable: FinalCityInfoActivity Fetching session data for LAST_N_SESSIONS_FROM_ENTITY_SESSION
08-03 21:24:23.499 22556 22572 D FetchUrlCandidateRunnable: FinalCityInfoActivity Fetching URL candidates
08-03 21:24:23.499 22556 22572 D FetchIntentExtraRunnable: FinalCityInfoActivity Fetching intent extras
08-03 21:24:23.500 22556 22570 D ActivityGraph: ACT_GRAPH initNodes() fired for node: nappagreedy.io.github.project_travel_mate.destinations.description.CityHistoryActivity
08-03 21:24:23.600 22556 22570 D Nappa   : registerActivity: (already in) nappagreedy.io.github.project_travel_mate.destinations.description.CityHistoryActivity
08-03 21:24:23.602 22556 22570 D ActivityGraph: LARDataInitFetchDB nappagreedy.io.github.project_travel_mate.destinations.description.CityHistoryActivity Pagerank: 0.25 HITS-Authority: 1.0 HITS-Hub: 1.0 SALSA-Authority: 1.0 SALSA-Hub: 1.0
08-03 21:24:23.602 22556 22570 D ActivityGraph: LARDataInit already in nodeList
08-03 21:24:23.602 22556 22570 D ActivityGraph: ACT_GRAPH Edges size: 0
08-03 21:24:23.602 22556 22570 D FetchActivityLiveDataInfoHandler: activity  = CityHistoryActivity
08-03 21:24:23.603 22556 22570 D FetchActivityLiveDataInfoHandler: shouldSetSessionAggregateLiveData  = true
08-03 21:24:23.603 22556 22570 D FetchActivityLiveDataInfoHandler: need/shouldSetSuccessorVisitTime  = true - true
08-03 21:24:23.603 22556 22570 D FetchActivityLiveDataInfoHandler: need/shouldSetSuccessorVisitTime  = false - true
08-03 21:24:23.603 22556 22570 D FetchActivityLiveDataInfoHandler: shouldSetUrlCandidateDbLiveDataLiveData  = true
08-03 21:24:23.603 22556 22570 D FetchActivityLiveDataInfoHandler: shouldSetActivityExtraLiveData  = true
08-03 21:24:23.603 22556 22572 D FetchSessionDataRunnable: CityHistoryActivity Fetching session data for LAST_N_SESSIONS_FROM_ENTITY_SESSION
08-03 21:24:23.603 22556 22572 D FetchVisitTimeRunnable: CityHistoryActivity Fetching session data for LAST_N_SESSIONS_FROM_ENTITY_SESSION
08-03 21:24:23.604 22556 22572 D FetchUrlCandidateRunnable: CityHistoryActivity Fetching URL candidates
08-03 21:24:23.604 22556 22572 D FetchIntentExtraRunnable: CityHistoryActivity Fetching intent extras
08-03 21:24:23.604 22556 22570 D ActivityGraph: ACT_GRAPH initNodes() fired for node: nappagreedy.io.github.project_travel_mate.destinations.funfacts.FunFactsActivity
08-03 21:24:23.654 22587 22587 D AndroidRuntime: >>>>>> START com.android.internal.os.RuntimeInit uid 2000 <<<<<<
08-03 21:24:23.660 22587 22587 D AndroidRuntime: CheckJNI is OFF
08-03 21:24:23.695 22587 22587 D ICU     : No timezone override file found: /data/misc/zoneinfo/current/icu/icu_tzdata.dat
08-03 21:24:23.704 22556 22570 D Nappa   : registerActivity: (already in) nappagreedy.io.github.project_travel_mate.destinations.funfacts.FunFactsActivity
08-03 21:24:23.706 22556 22570 D ActivityGraph: LARDataInitFetchDB nappagreedy.io.github.project_travel_mate.destinations.funfacts.FunFactsActivity Pagerank: 0.25 HITS-Authority: 1.0 HITS-Hub: 1.0 SALSA-Authority: 1.0 SALSA-Hub: 1.0
08-03 21:24:23.706 22556 22570 D ActivityGraph: LARDataInit already in nodeList
08-03 21:24:23.706 22556 22570 D ActivityGraph: ACT_GRAPH Edges size: 0
08-03 21:24:23.706 22556 22570 D FetchActivityLiveDataInfoHandler: activity  = FunFactsActivity
08-03 21:24:23.706 22556 22570 D FetchActivityLiveDataInfoHandler: shouldSetSessionAggregateLiveData  = true
08-03 21:24:23.706 22556 22570 D FetchActivityLiveDataInfoHandler: need/shouldSetSuccessorVisitTime  = true - true
08-03 21:24:23.707 22556 22570 D FetchActivityLiveDataInfoHandler: need/shouldSetSuccessorVisitTime  = false - true
08-03 21:24:23.707 22556 22570 D FetchActivityLiveDataInfoHandler: shouldSetUrlCandidateDbLiveDataLiveData  = true
08-03 21:24:23.707 22556 22570 D FetchActivityLiveDataInfoHandler: shouldSetActivityExtraLiveData  = true
08-03 21:24:23.707 22556 22572 D FetchSessionDataRunnable: FunFactsActivity Fetching session data for LAST_N_SESSIONS_FROM_ENTITY_SESSION
08-03 21:24:23.708 22556 22572 D FetchVisitTimeRunnable: FunFactsActivity Fetching session data for LAST_N_SESSIONS_FROM_ENTITY_SESSION
08-03 21:24:23.708 22556 22572 D FetchUrlCandidateRunnable: FunFactsActivity Fetching URL candidates
08-03 21:24:23.708 22556 22572 D FetchIntentExtraRunnable: FunFactsActivity Fetching intent extras
08-03 21:24:23.708 22556 22570 D ActivityGraph: ACT_GRAPH initNodes() fired for node: nappagreedy.io.github.project_travel_mate.utilities.ChecklistActivity
08-03 21:24:23.726 22587 22587 I Radio-JNI: register_android_hardware_Radio DONE
08-03 21:24:23.742 22587 22587 D AndroidRuntime: Calling main entry com.android.commands.am.Am
08-03 21:24:23.751 29687 29687 I Trepn   : Trepn 6.2s: Received intent: com.quicinc.trepn.start_profiling
08-03 21:24:23.808 22556 22570 D Nappa   : registerActivity: (already in) nappagreedy.io.github.project_travel_mate.utilities.ChecklistActivity
08-03 21:24:23.809 22556 22570 D ActivityGraph: LARDataInitFetchDB nappagreedy.io.github.project_travel_mate.utilities.ChecklistActivity Pagerank: 0.25 HITS-Authority: 1.0 HITS-Hub: 1.0 SALSA-Authority: 1.0 SALSA-Hub: 1.0
08-03 21:24:23.809 22556 22570 D ActivityGraph: LARDataInit already in nodeList
08-03 21:24:23.809 22556 22570 D ActivityGraph: ACT_GRAPH Edges size: 0
08-03 21:24:23.809 22556 22570 D FetchActivityLiveDataInfoHandler: activity  = ChecklistActivity
08-03 21:24:23.810 22556 22570 D FetchActivityLiveDataInfoHandler: shouldSetSessionAggregateLiveData  = true
08-03 21:24:23.810 22556 22570 D FetchActivityLiveDataInfoHandler: need/shouldSetSuccessorVisitTime  = true - true
08-03 21:24:23.810 22556 22570 D FetchActivityLiveDataInfoHandler: need/shouldSetSuccessorVisitTime  = false - true
08-03 21:24:23.810 22556 22570 D FetchActivityLiveDataInfoHandler: shouldSetUrlCandidateDbLiveDataLiveData  = true
08-03 21:24:23.810 22556 22570 D FetchActivityLiveDataInfoHandler: shouldSetActivityExtraLiveData  = true
08-03 21:24:23.810 22556 22572 D FetchSessionDataRunnable: ChecklistActivity Fetching session data for LAST_N_SESSIONS_FROM_ENTITY_SESSION
08-03 21:24:23.810 22556 22572 D FetchVisitTimeRunnable: ChecklistActivity Fetching session data for LAST_N_SESSIONS_FROM_ENTITY_SESSION
08-03 21:24:23.810 22556 22572 D FetchUrlCandidateRunnable: ChecklistActivity Fetching URL candidates
08-03 21:24:23.810 22556 22572 D FetchIntentExtraRunnable: ChecklistActivity Fetching intent extras
08-03 21:24:23.810 22556 22570 D ActivityGraph: ACT_GRAPH initNodes() fired for node: nappagreedy.io.github.project_travel_mate.utilities.CompassActivity
08-03 21:24:23.847 29687 29687 W FileUtils: Failed to chmod(/storage/emulated/0/trepn/Trepn_2020.08.03_212423.db): android.system.ErrnoException: chmod failed: EPERM (Operation not permitted)
08-03 21:24:23.911 22556 22570 D Nappa   : registerActivity: (already in) nappagreedy.io.github.project_travel_mate.utilities.CompassActivity
08-03 21:24:23.912 22556 22570 D ActivityGraph: LARDataInitFetchDB nappagreedy.io.github.project_travel_mate.utilities.CompassActivity Pagerank: 0.25 HITS-Authority: 1.0 HITS-Hub: 1.0 SALSA-Authority: 1.0 SALSA-Hub: 1.0
08-03 21:24:23.912 22556 22570 D ActivityGraph: LARDataInit already in nodeList
08-03 21:24:23.913 22556 22570 D ActivityGraph: ACT_GRAPH Edges size: 0
08-03 21:24:23.913 22556 22570 D FetchActivityLiveDataInfoHandler: activity  = CompassActivity
08-03 21:24:23.913 22556 22570 D FetchActivityLiveDataInfoHandler: shouldSetSessionAggregateLiveData  = true
08-03 21:24:23.913 22556 22570 D FetchActivityLiveDataInfoHandler: need/shouldSetSuccessorVisitTime  = true - true
08-03 21:24:23.913 22556 22570 D FetchActivityLiveDataInfoHandler: need/shouldSetSuccessorVisitTime  = false - true
08-03 21:24:23.913 22556 22570 D FetchActivityLiveDataInfoHandler: shouldSetUrlCandidateDbLiveDataLiveData  = true
08-03 21:24:23.913 22556 22570 D FetchActivityLiveDataInfoHandler: shouldSetActivityExtraLiveData  = true
08-03 21:24:23.913 22556 22572 D FetchSessionDataRunnable: CompassActivity Fetching session data for LAST_N_SESSIONS_FROM_ENTITY_SESSION
08-03 21:24:23.914 22556 22572 D FetchVisitTimeRunnable: CompassActivity Fetching session data for LAST_N_SESSIONS_FROM_ENTITY_SESSION
08-03 21:24:23.914 22556 22572 D FetchUrlCandidateRunnable: CompassActivity Fetching URL candidates
08-03 21:24:23.915 22556 22572 D FetchIntentExtraRunnable: CompassActivity Fetching intent extras
08-03 21:24:23.915 22556 22570 D ActivityGraph: ACT_GRAPH initNodes() fired for node: nappagreedy.io.github.project_travel_mate.utilities.UpcomingWeekendsActivity
08-03 21:24:23.932 29687 29687 I Trepn   : Trepn 6.2s: Trepn has Started Profiling.
08-03 21:24:23.934 22587 22587 D AndroidRuntime: Shutting down VM
08-03 21:24:24.015 22556 22570 D Nappa   : registerActivity: (already in) nappagreedy.io.github.project_travel_mate.utilities.UpcomingWeekendsActivity
08-03 21:24:24.016 22556 22570 D ActivityGraph: LARDataInitFetchDB nappagreedy.io.github.project_travel_mate.utilities.UpcomingWeekendsActivity Pagerank: 0.25 HITS-Authority: 1.0 HITS-Hub: 1.0 SALSA-Authority: 1.0 SALSA-Hub: 1.0
08-03 21:24:24.016 22556 22570 D ActivityGraph: LARDataInit already in nodeList
08-03 21:24:24.017 22556 22570 D ActivityGraph: ACT_GRAPH Edges size: 0
08-03 21:24:24.017 22556 22570 D FetchActivityLiveDataInfoHandler: activity  = UpcomingWeekendsActivity
08-03 21:24:24.017 22556 22570 D FetchActivityLiveDataInfoHandler: shouldSetSessionAggregateLiveData  = true
08-03 21:24:24.017 22556 22570 D FetchActivityLiveDataInfoHandler: need/shouldSetSuccessorVisitTime  = true - true
08-03 21:24:24.017 22556 22570 D FetchActivityLiveDataInfoHandler: need/shouldSetSuccessorVisitTime  = false - true
08-03 21:24:24.017 22556 22570 D FetchActivityLiveDataInfoHandler: shouldSetUrlCandidateDbLiveDataLiveData  = true
08-03 21:24:24.018 22556 22570 D FetchActivityLiveDataInfoHandler: shouldSetActivityExtraLiveData  = true
08-03 21:24:24.018 22556 22572 D FetchSessionDataRunnable: UpcomingWeekendsActivity Fetching session data for LAST_N_SESSIONS_FROM_ENTITY_SESSION
08-03 21:24:24.018 22556 22572 D FetchVisitTimeRunnable: UpcomingWeekendsActivity Fetching session data for LAST_N_SESSIONS_FROM_ENTITY_SESSION
08-03 21:24:24.019 22556 22572 D FetchUrlCandidateRunnable: UpcomingWeekendsActivity Fetching URL candidates
08-03 21:24:24.019 22556 22572 D FetchIntentExtraRunnable: UpcomingWeekendsActivity Fetching intent extras
08-03 21:24:24.019 22556 22570 D ActivityGraph: ACT_GRAPH initNodes() fired for node: nappagreedy.io.github.project_travel_mate.notifications.NotificationsActivity
08-03 21:24:24.119 22556 22570 D Nappa   : registerActivity: (already in) nappagreedy.io.github.project_travel_mate.notifications.NotificationsActivity
08-03 21:24:24.120 22556 22570 D ActivityGraph: LARDataInitFetchDB nappagreedy.io.github.project_travel_mate.notifications.NotificationsActivity Pagerank: 0.25 HITS-Authority: 1.0 HITS-Hub: 1.0 SALSA-Authority: 1.0 SALSA-Hub: 1.0
08-03 21:24:24.120 22556 22570 D ActivityGraph: LARDataInit already in nodeList
08-03 21:24:24.121 22556 22570 D ActivityGraph: ACT_GRAPH Edges size: 0
08-03 21:24:24.121 22556 22570 D FetchActivityLiveDataInfoHandler: activity  = NotificationsActivity
08-03 21:24:24.121 22556 22570 D FetchActivityLiveDataInfoHandler: shouldSetSessionAggregateLiveData  = true
08-03 21:24:24.121 22556 22570 D FetchActivityLiveDataInfoHandler: need/shouldSetSuccessorVisitTime  = true - true
08-03 21:24:24.122 22556 22570 D FetchActivityLiveDataInfoHandler: need/shouldSetSuccessorVisitTime  = false - true
08-03 21:24:24.122 22556 22570 D FetchActivityLiveDataInfoHandler: shouldSetUrlCandidateDbLiveDataLiveData  = true
08-03 21:24:24.122 22556 22570 D FetchActivityLiveDataInfoHandler: shouldSetActivityExtraLiveData  = true
08-03 21:24:24.122 22556 22572 D FetchSessionDataRunnable: NotificationsActivity Fetching session data for LAST_N_SESSIONS_FROM_ENTITY_SESSION
08-03 21:24:24.123 22556 22572 D FetchVisitTimeRunnable: NotificationsActivity Fetching session data for LAST_N_SESSIONS_FROM_ENTITY_SESSION
08-03 21:24:24.123 22556 22572 D FetchUrlCandidateRunnable: NotificationsActivity Fetching URL candidates
08-03 21:24:24.123 22556 22572 D FetchIntentExtraRunnable: NotificationsActivity Fetching intent extras
08-03 21:24:24.124 22556 22570 D Nappa   : Extended Startup-time: 1803 ms
08-03 21:24:24.126 22556 22570 D InitGraphRunnable: Initialised graph ActivityGraph beginning
08-03 21:24:24.126 22556 22570 D InitGraphRunnable: 
08-03 21:24:24.126 22556 22570 D InitGraphRunnable: SplashActivity 
08-03 21:24:24.126 22556 22570 D InitGraphRunnable: 	Successors:
08-03 21:24:24.126 22556 22570 D InitGraphRunnable: 		MainActivity (0 hits)
08-03 21:24:24.126 22556 22570 D InitGraphRunnable: 	Ancestors:
08-03 21:24:24.126 22556 22570 D InitGraphRunnable: 
08-03 21:24:24.126 22556 22570 D InitGraphRunnable: 
08-03 21:24:24.126 22556 22570 D InitGraphRunnable: MainActivity 
08-03 21:24:24.126 22556 22570 D InitGraphRunnable: 	Successors:
08-03 21:24:24.126 22556 22570 D InitGraphRunnable: 		UpcomingWeekendsActivity (0 hits)
08-03 21:24:24.126 22556 22570 D InitGraphRunnable: 		ChecklistActivity (0 hits)
08-03 21:24:24.126 22556 22570 D InitGraphRunnable: 		FinalCityInfoActivity (0 hits)
08-03 21:24:24.126 22556 22570 D InitGraphRunnable: 		NotificationsActivity (0 hits)
08-03 21:24:24.126 22556 22570 D InitGraphRunnable: 		CompassActivity (0 hits)
08-03 21:24:24.126 22556 22570 D InitGraphRunnable: 	Ancestors:
08-03 21:24:24.126 22556 22570 D InitGraphRunnable: 		SplashActivity (0 hits)
08-03 21:24:24.126 22556 22570 D InitGraphRunnable: 
08-03 21:24:24.126 22556 22570 D InitGraphRunnable: FinalCityInfoActivity 
08-03 21:24:24.126 22556 22570 D InitGraphRunnable: 	Successors:
08-03 21:24:24.126 22556 22570 D InitGraphRunnable: 		FunFactsActivity (0 hits)
08-03 21:24:24.126 22556 22570 D InitGraphRunnable: 		CityHistoryActivity (0 hits)
08-03 21:24:24.126 22556 22570 D InitGraphRunnable: 	Ancestors:
08-03 21:24:24.126 22556 22570 D InitGraphRunnable: 		MainActivity (0 hits)
08-03 21:24:24.126 22556 22570 D InitGraphRunnable: 
08-03 21:24:24.126 22556 22570 D InitGraphRunnable: ChecklistActivity 
08-03 21:24:24.126 22556 22570 D InitGraphRunnable: 	Successors:
08-03 21:24:24.126 22556 22570 D InitGraphRunnable: 
08-03 21:24:24.126 22556 22570 D InitGraphRunnable: 	Ancestors:
08-03 21:24:24.126 22556 22570 D InitGraphRunnable: 		MainActivity (0 hits)
08-03 21:24:24.126 22556 22570 D InitGraphRunnable: 
08-03 21:24:24.126 22556 22570 D InitGraphRunnable: CompassActivity 
08-03 21:24:24.126 22556 22570 D InitGraphRunnable: 	Successors:
08-03 21:24:24.126 22556 22570 D InitGraphRunnable: 
08-03 21:24:24.126 22556 22570 D InitGraphRunnable: 	Ancestors:
08-03 21:24:24.126 22556 22570 D InitGraphRunnable: 		MainActivity (0 hits)
08-03 21:24:24.126 22556 22570 D InitGraphRunnable: 
08-03 21:24:24.126 22556 22570 D InitGraphRunnable: UpcomingWeekendsActivity 
08-03 21:24:24.126 22556 22570 D InitGraphRunnable: 	Successors:
08-03 21:24:24.126 22556 22570 D InitGraphRunnable: 
08-03 21:24:24.126 22556 22570 D InitGraphRunnable: 	Ancestors:
08-03 21:24:24.126 22556 22570 D InitGraphRunnable: 		MainActivity (0 hits)
08-03 21:24:24.126 22556 22570 D InitGraphRunnable: 
08-03 21:24:24.126 22556 22570 D InitGraphRunnable: NotificationsActivity 
08-03 21:24:24.126 22556 22570 D InitGraphRunnable: 	Successors:
08-03 21:24:24.126 22556 22570 D InitGraphRunnable: 
08-03 21:24:24.126 22556 22570 D InitGraphRunnable: 	Ancestors:
08-03 21:24:24.126 22556 22570 D InitGraphRunnable: 		MainActivity (0 hits)
08-03 21:24:24.126 22556 22570 D InitGraphRunnable: 
08-03 21:24:24.126 22556 22570 D InitGraphRunnable: CityHistoryActivity 
08-03 21:24:24.126 22556 22570 D InitGraphRunnable: 	Successors:
08-03 21:24:24.126 22556 22570 D InitGraphRunnable: 
08-03 21:24:24.126 22556 22570 D InitGraphRunnable: 	Ancestors:
08-03 21:24:24.126 22556 22570 D InitGraphRunnable: 		FinalCityInfoActivity (0 hits)
08-03 21:24:24.126 22556 22570 D InitGraphRunnable: 
08-03 21:24:24.126 22556 22570 D InitGraphRunnable: FunFactsActivity 
08-03 21:24:24.126 22556 22570 D InitGraphRunnable: 	Successors:
08-03 21:24:24.126 22556 22570 D InitGraphRunnable: 
08-03 21:24:24.126 22556 22570 D InitGraphRunnable: 	Ancestors:
08-03 21:24:24.126 22556 22570 D InitGraphRunnable: 		FinalCityInfoActivity (0 hits)
08-03 21:24:24.126 22556 22570 D InitGraphRunnable: 
08-03 21:24:24.126 22556 22570 D InitGraphRunnable: ActivityGraph end
08-03 21:24:24.126 22556 22570 D InitGraphRunnable: 
08-03 21:24:24.126 22556 22556 D Nappa   : Startup-time: 1805 ms
08-03 21:24:24.172 22556 22556 I art     : Rejecting re-init on previously-failed class java.lang.Class<androidx.core.view.ViewCompat$2>
08-03 21:24:24.172 22556 22556 I art     : Rejecting re-init on previously-failed class java.lang.Class<androidx.core.view.ViewCompat$2>
08-03 21:24:24.243 22556 22556 D NappaLifecycleObserver: nappagreedy.io.github.project_travel_mate.SplashActivity - onResume
08-03 21:24:24.243 22556 22556 D Nappa   : setCurrentActivity - MetricStrategyAccuracy - 
08-03 21:24:24.243 22556 22556 D Nappa   : madePredictionFromActivity = false, 
08-03 21:24:24.243 22556 22556 D Nappa   : fromActivity = null, 
08-03 21:24:24.243 22556 22556 D Nappa   : predictedNextActivityFromActivity = [], 
08-03 21:24:24.243 22556 22556 D Nappa   : activity.getClass().getCanonicalName() = nappagreedy.io.github.project_travel_mate.SplashActivity, 
08-03 21:24:24.243 22556 22556 D Nappa   : setCurrentActivity - MetricStrategyAccuracy - 
08-03 21:24:24.243 22556 22556 D Nappa   : madePredictionFromExtra = false, 
08-03 21:24:24.243 22556 22556 D Nappa   : fromActivity = null, 
08-03 21:24:24.243 22556 22556 D Nappa   : predictedNextActivityFromExtra = [], 
08-03 21:24:24.243 22556 22556 D Nappa   : activity.getClass().getCanonicalName() = nappagreedy.io.github.project_travel_mate.SplashActivity, 
08-03 21:24:24.243 22556 22556 D Nappa   : PREFETCH_ON_EXTRA - setCurrentActivity - logs - from activity - made prediction isfalse
08-03 21:24:24.296 16351 16351 W Atfwd_Sendcmd: AtCmdFwd service not published, waiting... retryCnt : 1
08-03 21:24:24.344 22556 22556 D Nappa   : registerActivity: (already in) nappagreedy.io.github.project_travel_mate.SplashActivity
08-03 21:24:24.344 22556 22556 D Nappa   : SHOULD_PREFETCH false
08-03 21:24:24.344 22556 22556 D Nappa   : STATS Number of requests not prefetched: 0
08-03 21:24:24.344 22556 22556 D Nappa   : STATS Number of requests prefetched: 0
08-03 21:24:24.345 22556 22556 D Nappa   : STATS Time saved until now: 0.0
08-03 21:24:24.350 22556 22617 D OpenGLRenderer: Use EGL_SWAP_BEHAVIOR_PRESERVED: true
08-03 21:24:24.364 22556 22556 D ActivityNode: Setting aggregate visit time live data for node SplashActivity
08-03 21:24:24.364 22556 22556 D ActivityNode: Setting aggregate visit time live data for node MainActivity
08-03 21:24:24.365 22556 22556 D ActivityNode: Setting aggregate visit time live data for node FinalCityInfoActivity
08-03 21:24:24.365 22556 22556 D ActivityNode: Setting aggregate visit time live data for node CityHistoryActivity
08-03 21:24:24.365 22556 22556 D ActivityNode: Setting aggregate visit time live data for node FunFactsActivity
08-03 21:24:24.365 22556 22556 D ActivityNode: Setting aggregate visit time live data for node ChecklistActivity
08-03 21:24:24.365 22556 22556 D ActivityNode: Setting aggregate visit time live data for node CompassActivity
08-03 21:24:24.365 22556 22556 D ActivityNode: Setting aggregate visit time live data for node UpcomingWeekendsActivity
08-03 21:24:24.365 22556 22556 D ActivityNode: Setting aggregate visit time live data for node NotificationsActivity
08-03 21:24:24.389 22556 22568 I art     : Starting a blocking GC Explicit
08-03 21:24:24.407 22556 22568 I art     : Explicit concurrent mark sweep GC freed 6548(833KB) AllocSpace objects, 2(40KB) LOS objects, 40% free, 20MB/34MB, paused 202us total 18.419ms
08-03 21:24:24.416 22556 22617 I Adreno  : QUALCOMM build                   : fcf4852, I1af360237c
08-03 21:24:24.416 22556 22617 I Adreno  : Build Date                       : 09/23/15
08-03 21:24:24.416 22556 22617 I Adreno  : OpenGL ES Shader Compiler Version: XE031.05.13.02
08-03 21:24:24.416 22556 22617 I Adreno  : Local Branch                     : mybranch14465806
08-03 21:24:24.416 22556 22617 I Adreno  : Remote Branch                    : quic/LA.BF64.1.2.9_v2
08-03 21:24:24.416 22556 22617 I Adreno  : Remote Branch                    : NONE
08-03 21:24:24.416 22556 22617 I Adreno  : Reconstruct Branch               : NOTHING
08-03 21:24:24.417 22556 22568 I art     : Starting a blocking GC Explicit
08-03 21:24:24.422 22556 22617 I OpenGLRenderer: Initialized EGL, version 1.4
08-03 21:24:24.428 22556 22568 I art     : Explicit concurrent mark sweep GC freed 1795(74KB) AllocSpace objects, 0(0B) LOS objects, 40% free, 20MB/34MB, paused 188us total 11.003ms
08-03 21:24:24.436 22556 22568 I art     : Starting a blocking GC Explicit
08-03 21:24:24.462 22556 22568 I art     : Explicit concurrent mark sweep GC freed 25(800B) AllocSpace objects, 0(0B) LOS objects, 40% free, 20MB/34MB, paused 16.876ms total 25.836ms
08-03 21:24:24.471 22556 22568 I art     : Starting a blocking GC Explicit
08-03 21:24:24.508 22556 22568 I art     : Explicit concurrent mark sweep GC freed 89(7KB) AllocSpace objects, 0(0B) LOS objects, 40% free, 20MB/34MB, paused 468us total 36.936ms
08-03 21:24:24.515 22556 22568 I art     : Starting a blocking GC Explicit
08-03 21:24:24.529 22556 22556 D PARAM   : COUNT: 0
08-03 21:24:24.529 22556 22556 D ActivityNode: Observer - URL candidate SplashActivity[]
08-03 21:24:24.529 22556 22556 D ActivityNode: Observer - intent extra - SplashActivity
08-03 21:24:24.529 22556 22556 D ActivityNode: Extras:
08-03 21:24:24.530 22556 22556 D ActivityNode: Observer - session data - sourceMainActivity
08-03 21:24:24.530 22556 22556 D ActivityNode: destinations:
08-03 21:24:24.530 22556 22556 D ActivityNode: 	nappagreedy.io.github.project_travel_mate.destinations.description.FinalCityInfoActivity( count 6)
08-03 21:24:24.530 22556 22556 D ActivityNode: 	nappagreedy.io.github.project_travel_mate.utilities.ChecklistActivity( count 6)
08-03 21:24:24.530 22556 22556 D ActivityNode: 	nappagreedy.io.github.project_travel_mate.utilities.CompassActivity( count 6)
08-03 21:24:24.530 22556 22556 D ActivityNode: 	nappagreedy.io.github.project_travel_mate.utilities.UpcomingWeekendsActivity( count 12)
08-03 21:24:24.530 22556 22556 D ActivityNode: 	nappagreedy.io.github.project_travel_mate.notifications.NotificationsActivity( count 2)
08-03 21:24:24.530 22556 22556 D ActivityNode: Observer - visit time - SplashActivity - New aggregate visit time found is 6132 ms
08-03 21:24:24.530 22556 22556 D PARAM   : COUNT: 0
08-03 21:24:24.530 22556 22556 D ActivityNode: Observer - URL candidate MainActivity[]
08-03 21:24:24.530 22556 22556 D ActivityNode: Observer - visit time - MainActivity - New aggregate visit time found is 145341 ms
08-03 21:24:24.530 22556 22556 D ActivityNode: Observer - intent extra - MainActivity
08-03 21:24:24.530 22556 22556 D ActivityNode: Extras:
08-03 21:24:24.530 22556 22556 D ActivityNode: 	activity ID 2( key cityobject_)
08-03 21:24:24.530 22556 22556 D ActivityNode: 	activity ID 2( key cityobject_)
08-03 21:24:24.530 22556 22556 D ActivityNode: 	activity ID 2( key cityobject_)
08-03 21:24:24.530 22556 22556 D ActivityNode: 	activity ID 2( key cityobject_)
08-03 21:24:24.530 22556 22556 D ActivityNode: 	activity ID 2( key cityobject_)
08-03 21:24:24.530 22556 22556 D ActivityNode: 	activity ID 2( key cityobject_)
08-03 21:24:24.530 22556 22556 D PARAM   : COUNT: 0
08-03 21:24:24.530 22556 22556 D ActivityNode: Observer - URL candidate FinalCityInfoActivity[]
08-03 21:24:24.530 22556 22556 D ActivityNode: Observer - session data - sourceFinalCityInfoActivity
08-03 21:24:24.530 22556 22556 D ActivityNode: destinations:
08-03 21:24:24.530 22556 22556 D ActivityNode: 	nappagreedy.io.github.project_travel_mate.destinations.description.CityHistoryActivity( count 9)
08-03 21:24:24.530 22556 22556 D ActivityNode: 	nappagreedy.io.github.project_travel_mate.destinations.funfacts.FunFactsActivity( count 6)
08-03 21:24:24.530 22556 22556 D ActivityNode: Observer - visit time - FinalCityInfoActivity - New aggregate visit time found is 53705 ms
08-03 21:24:24.531 22556 22556 D ActivityNode: Observer - session data - sourceCityHistoryActivity
08-03 21:24:24.531 22556 22556 D ActivityNode: destinations:
08-03 21:24:24.531 22556 22556 D ActivityNode: Observer - intent extra - FinalCityInfoActivity
08-03 21:24:24.531 22556 22556 D ActivityNode: Extras:
08-03 21:24:24.531 22556 22556 D ActivityNode: 	activity ID 3( key cityobject_)
08-03 21:24:24.531 22556 22556 D ActivityNode: 	activity ID 3( key cityobject_)
08-03 21:24:24.531 22556 22556 D ActivityNode: 	activity ID 3( key cityobject_)
08-03 21:24:24.531 22556 22556 D ActivityNode: 	activity ID 3( key cityobject_)
08-03 21:24:24.531 22556 22556 D ActivityNode: 	activity ID 3( key cityobject_)
08-03 21:24:24.531 22556 22556 D ActivityNode: 	activity ID 3( key cityobject_)
08-03 21:24:24.531 22556 22556 D PARAM   : COUNT: 0
08-03 21:24:24.531 22556 22556 D ActivityNode: Observer - URL candidate CityHistoryActivity[]
08-03 21:24:24.531 22556 22556 D ActivityNode: Observer - intent extra - CityHistoryActivity
08-03 21:24:24.531 22556 22556 D ActivityNode: Extras:
08-03 21:24:24.531 22556 22556 D ActivityNode: Observer - visit time - CityHistoryActivity - New aggregate visit time found is 41563 ms
08-03 21:24:24.531 22556 22556 D ActivityNode: Observer - session data - sourceFunFactsActivity
08-03 21:24:24.531 22556 22556 D ActivityNode: destinations:
08-03 21:24:24.531   918   936 I ActivityManager: Displayed nappagreedy.io.github.project_travel_mate/.SplashActivity: +2s524ms
08-03 21:24:24.531 22556 22556 D PARAM   : COUNT: 0
08-03 21:24:24.531 22556 22556 D ActivityNode: Observer - URL candidate FunFactsActivity[]
08-03 21:24:24.531 22556 22556 D ActivityNode: Observer - intent extra - FunFactsActivity
08-03 21:24:24.531 22556 22556 D ActivityNode: Extras:
08-03 21:24:24.531 22556 22556 D ActivityNode: Observer - session data - sourceChecklistActivity
08-03 21:24:24.531 22556 22556 D ActivityNode: destinations:
08-03 21:24:24.531 22556 22556 D ActivityNode: Observer - visit time - FunFactsActivity - New aggregate visit time found is 15769 ms
08-03 21:24:24.531 22556 22556 D PARAM   : COUNT: 0
08-03 21:24:24.531 22556 22556 D ActivityNode: Observer - URL candidate ChecklistActivity[]
08-03 21:24:24.532 22556 22556 D ActivityNode: Observer - intent extra - ChecklistActivity
08-03 21:24:24.532 22556 22556 D ActivityNode: Extras:
08-03 21:24:24.532 22556 22556 D ActivityNode: Observer - session data - sourceCompassActivity
08-03 21:24:24.532 22556 22556 D ActivityNode: destinations:
08-03 21:24:24.532 22556 22556 D PARAM   : COUNT: 0
08-03 21:24:24.532 22556 22556 D ActivityNode: Observer - URL candidate CompassActivity[]
08-03 21:24:24.532 22556 22556 D ActivityNode: Observer - intent extra - CompassActivity
08-03 21:24:24.532 22556 22556 D ActivityNode: Extras:
08-03 21:24:24.532 22556 22556 D ActivityNode: Observer - visit time - ChecklistActivity - New aggregate visit time found is 27576 ms
08-03 21:24:24.532 22556 22556 D ActivityNode: Observer - session data - sourceUpcomingWeekendsActivity
08-03 21:24:24.532 22556 22556 D ActivityNode: destinations:
08-03 21:24:24.532 22556 22556 D ActivityNode: Observer - visit time - CompassActivity - New aggregate visit time found is 13658 ms
08-03 21:24:24.532 22556 22556 D PARAM   : COUNT: 0
08-03 21:24:24.532 22556 22556 D ActivityNode: Observer - URL candidate UpcomingWeekendsActivity[]
08-03 21:24:24.532 22556 22556 D ActivityNode: Observer - intent extra - UpcomingWeekendsActivity
08-03 21:24:24.532 22556 22556 D ActivityNode: Extras:
08-03 21:24:24.532 22556 22556 D ActivityNode: Observer - session data - sourceNotificationsActivity
08-03 21:24:24.532 22556 22556 D ActivityNode: destinations:
