08-04 21:24:32.346 22793 22810 D TfprPrefetchingStrategy: ------------- TFPR calculation #8 of 10 -----------
08-04 21:24:32.346 22793 22810 D TfprPrefetchingStrategy: node GlobalSharedStoriesReading score = 0.45743832
08-04 21:24:32.346 22793 22810 D TfprPrefetchingStrategy: node GlobalSharedStoriesItemsList score = 0.46183726
08-04 21:24:32.346 22793 22810 D TfprPrefetchingStrategy: ------------- TFPR calculation #9 of 10 -----------
08-04 21:24:32.346 22793 22810 D TfprPrefetchingStrategy: node GlobalSharedStoriesReading score = 0.45743832
08-04 21:24:32.346 22793 22810 D TfprPrefetchingStrategy: node GlobalSharedStoriesItemsList score = 0.46183726
08-04 21:24:32.346 22793 22810 D TfprPrefetchingStrategy: ------------- TFPR calculation #10 of 10 -----------
08-04 21:24:32.346 22793 22810 D TfprPrefetchingStrategy: node GlobalSharedStoriesReading score = 0.45743832
08-04 21:24:32.346 22793 22810 D TfprPrefetchingStrategy: node GlobalSharedStoriesItemsList score = 0.46183726
08-04 21:24:32.346 22793 22810 D TfprPrefetchingStrategy: ===
08-04 21:24:32.346 22793 22810 D TfprPrefetchingStrategy: ===
08-04 21:24:32.346 22793 22810 D TfprPrefetchingStrategy: getSuccessorListSortByTfprScore
08-04 21:24:32.346 22793 22810 D TfprPrefetchingStrategy: Successors before the sort [TfprNode{GlobalSharedStoriesReading : TFPR = 0.45743832}]
08-04 21:24:32.346 22793 22810 D TfprPrefetchingStrategy: Successors sorted by highest to lowest score (N2 - N1 comparator) are [TfprNode{GlobalSharedStoriesReading : TFPR = 0.45743832}]
08-04 21:24:32.347 22793 22810 D TfprPrefetchingStrategy: Selected the following nodes:
08-04 21:24:32.347 22793 22810 D TfprPrefetchingStrategy: #1 - GlobalSharedStoriesReading with score 0.45743832
08-04 21:24:32.347 22793 22810 D TfprPrefetchingStrategy: successors with high score = [GlobalSharedStoriesReading 
08-04 21:24:32.347 22793 22810 D TfprPrefetchingStrategy: 	Successors:
08-04 21:24:32.347 22793 22810 D TfprPrefetchingStrategy: 
08-04 21:24:32.347 22793 22810 D TfprPrefetchingStrategy: 	Ancestors:
08-04 21:24:32.347 22793 22810 D TfprPrefetchingStrategy: 		GlobalSharedStoriesItemsList (0 hits)
08-04 21:24:32.347 22793 22810 D TfprPrefetchingStrategy: 
08-04 21:24:32.347 22793 22810 D TfprPrefetchingStrategy: ]
08-04 21:24:32.347 22793 22810 D TfprPrefetchingStrategy: ===
08-04 21:24:32.347 22793 22810 D TfprPrefetchingStrategy: Selected node GlobalSharedStoriesReading containing the URLS []
08-04 21:24:32.347 22793 22810 D TfprPrefetchingStrategy: Next visited child will be [nappatfpr.com.newsblur.activity.GlobalSharedStoriesReading]
08-04 21:24:32.347 22793 22810 D TfprPrefetchingStrategy: ==================================
08-04 21:24:32.347 22793 22810 D Nappa   : PREFETCH_ON_EXTRA - notifyExtras- end
08-04 21:24:32.347 22793 22810 D Nappa   : PREFSTRAT2 ADDING NEW ACTEXTRADATA
08-04 21:24:32.347 22793 22870 I art     : Starting a blocking GC Explicit
08-04 21:24:32.350 22793 22810 D Nappa   : PREFSTRAT2 ADDING NEW ACTEXTRADATA
08-04 21:24:32.352 22793 22793 D NappaLifecycleObserver: nappatfpr.com.newsblur.activity.GlobalSharedStoriesItemsList - onPause
08-04 21:24:32.352 22793 22793 D Nappa   : Stayed on nappatfpr.com.newsblur.activity.GlobalSharedStoriesItemsList for 10324 ms
08-04 21:24:32.357   512  2967 D audio_hw_primary: select_devices: out_snd_device(2: speaker) in_snd_device(0: none)
08-04 21:24:32.357   512  2967 D msm8974_platform: platform_send_audio_calibration: sending audio calibration for snd_device(2) acdb_id(15)
08-04 21:24:32.357   512  2967 I soundtrigger: audio_extn_sound_trigger_update_device_status: device 0x2 of type 0 for Event 1
08-04 21:24:32.367 22793 22870 I art     : Explicit concurrent mark sweep GC freed 2018(166KB) AllocSpace objects, 2(40KB) LOS objects, 35% free, 29MB/45MB, paused 808us total 20.376ms
08-04 21:24:32.368   512  2967 D audio_hw_primary: enable_snd_device: snd_device(2: speaker)
08-04 21:24:32.370   512  2967 D audio_hw_primary: enable_audio_route: apply and update mixer path: low-latency-playback speaker
08-04 21:24:32.374 22793 22870 I art     : Starting a blocking GC Explicit
08-04 21:24:32.392 22793 22870 I art     : Explicit concurrent mark sweep GC freed 435(22KB) AllocSpace objects, 0(0B) LOS objects, 34% free, 30MB/46MB, paused 552us total 17.144ms
08-04 21:24:32.398 22793 22870 I art     : Starting a blocking GC Explicit
08-04 21:24:32.415 22793 22870 I art     : Explicit concurrent mark sweep GC freed 1234(108KB) AllocSpace objects, 2(468KB) LOS objects, 33% free, 31MB/47MB, paused 530us total 17.059ms
08-04 21:24:32.451 22793 22793 D NappaLifecycleObserver: nappatfpr.com.newsblur.activity.GlobalSharedStoriesReading - onResume
08-04 21:24:32.451 22793 22793 D Nappa   : setCurrentActivity - MetricStrategyAccuracy - 
08-04 21:24:32.451 22793 22793 D Nappa   : madePredictionFromActivity = true, 
08-04 21:24:32.451 22793 22793 D Nappa   : fromActivity = nappatfpr.com.newsblur.activity.GlobalSharedStoriesItemsList, 
08-04 21:24:32.451 22793 22793 D Nappa   : predictedNextActivityFromActivity = [nappatfpr.com.newsblur.activity.GlobalSharedStoriesReading], 
08-04 21:24:32.451 22793 22793 D Nappa   : activity.getClass().getCanonicalName() = nappatfpr.com.newsblur.activity.GlobalSharedStoriesReading, 
08-04 21:24:32.451 22793 22793 D Nappa   : setCurrentActivity - MetricStrategyAccuracy - 
08-04 21:24:32.451 22793 22793 D Nappa   : madePredictionFromExtra = true, 
08-04 21:24:32.451 22793 22793 D Nappa   : fromActivity = nappatfpr.com.newsblur.activity.GlobalSharedStoriesItemsList, 
08-04 21:24:32.451 22793 22793 D Nappa   : predictedNextActivityFromExtra = [nappatfpr.com.newsblur.activity.GlobalSharedStoriesReading], 
08-04 21:24:32.451 22793 22793 D Nappa   : activity.getClass().getCanonicalName() = nappatfpr.com.newsblur.activity.GlobalSharedStoriesReading, 
08-04 21:24:32.451 22793 22793 D Nappa   : PREFETCH_ON_EXTRA - setCurrentActivity - logs - from activity - made prediction istrue
08-04 21:24:32.451 22793 22793 D Nappa   : PREFETCH_ON_EXTRA - setCurrentActivity - logs - from activity - start
08-04 21:24:32.451 22793 22793 D Nappa   : setCurrentActivity - MetricStrategyAccuracy - checking prediction VS current activity for activities
08-04 21:24:32.451 22793 22793 D TfprPrefetchingStrategy: MetricStrategyAccuracy inc hits count2 | from act
08-04 21:24:32.452 22793 22793 I NAPPA_EXPERIMENTATION: MetricStrategyAccuracy: LOG_ID='2',EXECUTION_COUNT='3',CASES_COUNT='2',HIT_PERCENTAGE_TOTAL='100.0',HIT_PERCENTAGE_WHEN_PREDICTED='100.0',HIT_COUNT='2',MISS_COUNT='0',INSUFFICIENT_SCORE_COUNT='0',EXCEPTION_COUNT='0',NO_SUCCESSOR_COUNT='0',
08-04 21:24:32.452 22793 22793 D Nappa   : PREFETCH_ON_EXTRA - setCurrentActivity - logs - from activity- finished
08-04 21:24:32.552 22793 22793 D Nappa   : registerActivity: (already in) nappatfpr.com.newsblur.activity.GlobalSharedStoriesReading
08-04 21:24:32.552 22793 22793 D ActivityNode: ACTNODE UPDATING AFTER LOADING FROM DB
08-04 21:24:32.553 22793 22793 D ActivityGraph: LARDataCalculatedUpdate nappatfpr.com.newsblur.activity.GlobalSharedStoriesReading Pagerank: 0.25 HITS-Authority: 1.0 HITS-Hub: 1.0 SALSA-Authority: 1.0 SALSA-Hub: 1.0
08-04 21:24:32.553 22793 22793 D Nappa   : SHOULD_PREFETCH true
08-04 21:24:32.646 22793 22806 I art     : Starting a blocking GC Explicit
08-04 21:24:32.654 22793 22793 D Nappa   : registerActivity: (already in) nappatfpr.com.newsblur.activity.GlobalSharedStoriesReading
08-04 21:24:32.654 22793 22793 D Nappa   : STATS Number of requests not prefetched: 8
08-04 21:24:32.654 22793 22793 D Nappa   : STATS Number of requests prefetched: 0
08-04 21:24:32.654 22793 22793 D Nappa   : STATS Time saved until now: 0.0
08-04 21:24:32.658 22793 22793 D ActivityNode: Observer - intent extra - GlobalSharedStoriesReading
08-04 21:24:32.658 22793 22793 D ActivityNode: Extras:
08-04 21:24:32.658 22793 22793 D ActivityNode: Observer - intent extra - AllSharedStoriesReading
08-04 21:24:32.658 22793 22793 D ActivityNode: Extras:
08-04 21:24:32.668 22793 22806 I art     : Explicit concurrent mark sweep GC freed 2258(162KB) AllocSpace objects, 2(40KB) LOS objects, 33% free, 31MB/47MB, paused 675us total 21.842ms
08-04 21:24:32.676 22793 22806 I art     : Starting a blocking GC Explicit
08-04 21:24:32.693 22793 22806 I art     : Explicit concurrent mark sweep GC freed 188(6KB) AllocSpace objects, 0(0B) LOS objects, 33% free, 31MB/47MB, paused 405us total 16.762ms
08-04 21:24:32.697 22793 22793 D ActivityNode: Observer - intent extra - AllSharedStoriesItemsList
08-04 21:24:32.697 22793 22793 D ActivityNode: Extras:
08-04 21:24:32.697 22793 22793 D ActivityNode: 	activity ID 4( key feed_set)
08-04 21:24:32.697 22793 22793 D ActivityNode: 	activity ID 4( key story_hash)
08-04 21:24:32.697 22793 22793 D ActivityNode: 	activity ID 4( key feed_set)
08-04 21:24:32.697 22793 22793 D ActivityNode: 	activity ID 4( key story_hash)
08-04 21:24:32.697 22793 22793 D ActivityNode: 	activity ID 4( key feed_set)
08-04 21:24:32.697 22793 22793 D ActivityNode: 	activity ID 4( key story_hash)
08-04 21:24:32.697 22793 22793 D ActivityNode: 	activity ID 4( key feed_set)
08-04 21:24:32.697 22793 22793 D ActivityNode: 	activity ID 4( key story_hash)
08-04 21:24:32.697 22793 22793 D ActivityNode: 	activity ID 4( key feed_set)
08-04 21:24:32.697 22793 22793 D ActivityNode: 	activity ID 4( key story_hash)
08-04 21:24:32.697 22793 22793 D ActivityNode: 	activity ID 4( key feed_set)
08-04 21:24:32.697 22793 22793 D ActivityNode: 	activity ID 4( key story_hash)
08-04 21:24:32.697 22793 22793 D ActivityNode: 	activity ID 4( key feed_set)
08-04 21:24:32.697 22793 22793 D ActivityNode: 	activity ID 4( key story_hash)
08-04 21:24:32.697 22793 22793 D ActivityNode: 	activity ID 4( key feed_set)
08-04 21:24:32.697 22793 22793 D ActivityNode: 	activity ID 4( key story_hash)
08-04 21:24:32.697 22793 22793 D ActivityNode: 	activity ID 4( key feed_set)
08-04 21:24:32.697 22793 22793 D ActivityNode: 	activity ID 4( key story_hash)
08-04 21:24:32.697 22793 22793 D ActivityNode: 	activity ID 4( key feed_set)
08-04 21:24:32.697 22793 22793 D ActivityNode: 	activity ID 4( key story_hash)
08-04 21:24:32.697 22793 22793 D ActivityNode: 	activity ID 4( key feed_set)
08-04 21:24:32.697 22793 22793 D ActivityNode: 	activity ID 4( key story_hash)
08-04 21:24:32.697 22793 22793 D ActivityNode: 	activity ID 4( key feed_set)
08-04 21:24:32.697 22793 22793 D ActivityNode: 	activity ID 4( key story_hash)
08-04 21:24:32.697 22793 22793 D ActivityNode: 	activity ID 4( key feed_set)
08-04 21:24:32.697 22793 22793 D ActivityNode: 	activity ID 4( key story_hash)
08-04 21:24:32.697 22793 22793 D ActivityNode: 	activity ID 4( key feed_set)
08-04 21:24:32.697 22793 22793 D ActivityNode: 	activity ID 4( key story_hash)
08-04 21:24:32.697 22793 22793 D ActivityNode: 	activity ID 4( key feed_set)
08-04 21:24:32.697 22793 22793 D ActivityNode: 	activity ID 4( key story_hash)
08-04 21:24:32.697 22793 22793 D ActivityNode: 	activity ID 4( key feed_set)
08-04 21:24:32.697 22793 22793 D ActivityNode: 	activity ID 4( key story_hash)
08-04 21:24:32.697 22793 22793 D ActivityNode: 	activity ID 4( key feed_set)
08-04 21:24:32.697 22793 22793 D ActivityNode: 	activity ID 4( key story_hash)
08-04 21:24:32.697 22793 22793 D ActivityNode: 	activity ID 4( key feed_set)
08-04 21:24:32.697 22793 22793 D ActivityNode: 	activity ID 4( key story_hash)
08-04 21:24:32.697 22793 22793 D ActivityNode: 	activity ID 4( key feed_set)
08-04 21:24:32.697 22793 22793 D ActivityNode: 	activity ID 4( key story_hash)
08-04 21:24:32.697 22793 22793 D ActivityNode: 	activity ID 4( key feed_set)
08-04 21:24:32.697 22793 22793 D ActivityNode: 	activity ID 4( key story_hash)
08-04 21:24:32.697 22793 22793 D ActivityNode: 	activity ID 4( key feed_set)
08-04 21:24:32.697 22793 22793 D ActivityNode: 	activity ID 4( key story_hash)
08-04 21:24:32.697 22793 22793 D ActivityNode: 	activity ID 4( key feed_set)
08-04 21:24:32.697 22793 22793 D ActivityNode: 	activity ID 4( key story_hash)
08-04 21:24:32.697 22793 22793 D ActivityNode: 	activity ID 4( key feed_set)
08-04 21:24:32.697 22793 22793 D ActivityNode: 	activity ID 4( key story_hash)
08-04 21:24:32.697 22793 22793 D ActivityNode: 	activity ID 4( key feed_set)
08-04 21:24:32.697 22793 22793 D ActivityNode: 	activity ID 4( key story_hash)
08-04 21:24:32.697 22793 22793 D ActivityNode: 	activity ID 4( key feed_set)
08-04 21:24:32.697 22793 22793 D ActivityNode: 	activity ID 4( key story_hash)
08-04 21:24:32.697 22793 22793 D ActivityNode: 	activity ID 4( key feed_set)
08-04 21:24:32.697 22793 22793 D ActivityNode: 	activity ID 4( key story_hash)
08-04 21:24:32.697 22793 22793 D ActivityNode: 	activity ID 4( key feed_set)
08-04 21:24:32.697 22793 22793 D ActivityNode: 	activity ID 4( key story_hash)
08-04 21:24:32.698 22793 22793 D ActivityNode: Observer - intent extra - GlobalSharedStoriesItemsList
08-04 21:24:32.698 22793 22793 D ActivityNode: Extras:
08-04 21:24:32.698 22793 22793 D ActivityNode: 	activity ID 2( key feed_set)
08-04 21:24:32.698 22793 22793 D ActivityNode: 	activity ID 2( key story_hash)
08-04 21:24:32.698 22793 22793 D ActivityNode: 	activity ID 2( key feed_set)
08-04 21:24:32.698 22793 22793 D ActivityNode: 	activity ID 2( key story_hash)
08-04 21:24:32.698 22793 22793 D ActivityNode: 	activity ID 2( key feed_set)
08-04 21:24:32.698 22793 22793 D ActivityNode: 	activity ID 2( key story_hash)
08-04 21:24:32.698 22793 22793 D ActivityNode: 	activity ID 2( key feed_set)
08-04 21:24:32.698 22793 22793 D ActivityNode: 	activity ID 2( key story_hash)
08-04 21:24:32.698 22793 22793 D ActivityNode: 	activity ID 2( key feed_set)
08-04 21:24:32.698 22793 22793 D ActivityNode: 	activity ID 2( key story_hash)
08-04 21:24:32.698 22793 22793 D ActivityNode: 	activity ID 2( key feed_set)
08-04 21:24:32.698 22793 22793 D ActivityNode: 	activity ID 2( key story_hash)
08-04 21:24:32.698 22793 22793 D ActivityNode: 	activity ID 2( key feed_set)
08-04 21:24:32.698 22793 22793 D ActivityNode: 	activity ID 2( key story_hash)
08-04 21:24:32.698 22793 22793 D ActivityNode: 	activity ID 2( key feed_set)
08-04 21:24:32.698 22793 22793 D ActivityNode: 	activity ID 2( key story_hash)
08-04 21:24:32.698 22793 22793 D ActivityNode: 	activity ID 2( key feed_set)
08-04 21:24:32.698 22793 22793 D ActivityNode: 	activity ID 2( key story_hash)
08-04 21:24:32.698 22793 22793 D ActivityNode: 	activity ID 2( key feed_set)
08-04 21:24:32.698 22793 22793 D ActivityNode: 	activity ID 2( key story_hash)
08-04 21:24:32.698 22793 22793 D ActivityNode: 	activity ID 2( key feed_set)
08-04 21:24:32.698 22793 22793 D ActivityNode: 	activity ID 2( key story_hash)
08-04 21:24:32.698 22793 22793 D ActivityNode: 	activity ID 2( key feed_set)
08-04 21:24:32.698 22793 22793 D ActivityNode: 	activity ID 2( key story_hash)
08-04 21:24:32.698 22793 22793 D ActivityNode: 	activity ID 2( key feed_set)
08-04 21:24:32.698 22793 22793 D ActivityNode: 	activity ID 2( key story_hash)
08-04 21:24:32.698 22793 22793 D ActivityNode: 	activity ID 2( key feed_set)
08-04 21:24:32.698 22793 22793 D ActivityNode: 	activity ID 2( key story_hash)
08-04 21:24:32.698 22793 22793 D ActivityNode: 	activity ID 2( key feed_set)
08-04 21:24:32.698 22793 22793 D ActivityNode: 	activity ID 2( key story_hash)
08-04 21:24:32.698 22793 22793 D ActivityNode: 	activity ID 2( key feed_set)
08-04 21:24:32.698 22793 22793 D ActivityNode: 	activity ID 2( key story_hash)
08-04 21:24:32.698 22793 22793 D ActivityNode: 	activity ID 2( key feed_set)
08-04 21:24:32.698 22793 22793 D ActivityNode: 	activity ID 2( key story_hash)
08-04 21:24:32.698 22793 22793 D ActivityNode: 	activity ID 2( key feed_set)
08-04 21:24:32.698 22793 22793 D ActivityNode: 	activity ID 2( key story_hash)
08-04 21:24:32.698 22793 22793 D ActivityNode: 	activity ID 2( key feed_set)
08-04 21:24:32.698 22793 22793 D ActivityNode: 	activity ID 2( key story_hash)
08-04 21:24:32.698 22793 22793 D ActivityNode: 	activity ID 2( key feed_set)
08-04 21:24:32.698 22793 22793 D ActivityNode: 	activity ID 2( key story_hash)
08-04 21:24:32.698 22793 22793 D ActivityNode: 	activity ID 2( key feed_set)
08-04 21:24:32.698 22793 22793 D ActivityNode: 	activity ID 2( key story_hash)
08-04 21:24:32.698 22793 22793 D ActivityNode: 	activity ID 2( key feed_set)
08-04 21:24:32.698 22793 22793 D ActivityNode: 	activity ID 2( key story_hash)
08-04 21:24:32.698 22793 22793 D ActivityNode: 	activity ID 2( key feed_set)
08-04 21:24:32.698 22793 22793 D ActivityNode: 	activity ID 2( key story_hash)
08-04 21:24:32.698 22793 22793 D ActivityNode: 	activity ID 2( key feed_set)
08-04 21:24:32.698 22793 22793 D ActivityNode: 	activity ID 2( key story_hash)
08-04 21:24:32.698 22793 22793 D ActivityNode: 	activity ID 2( key feed_set)
08-04 21:24:32.698 22793 22793 D ActivityNode: 	activity ID 2( key story_hash)
08-04 21:24:32.698 22793 22793 D ActivityNode: 	activity ID 2( key feed_set)
08-04 21:24:32.698 22793 22793 D ActivityNode: 	activity ID 2( key story_hash)
08-04 21:24:32.698 22793 22793 D ActivityNode: 	activity ID 2( key feed_set)
08-04 21:24:32.698 22793 22793 D ActivityNode: 	activity ID 2( key story_hash)
08-04 21:24:32.698 22793 22793 D ActivityNode: 	activity ID 2( key feed_set)
08-04 21:24:32.698 22793 22793 D ActivityNode: 	activity ID 2( key story_hash)
08-04 21:24:32.698 22793 22793 D ActivityNode: Observer - intent extra - Main
08-04 21:24:32.698 22793 22793 D ActivityNode: Extras:
08-04 21:24:32.698 22793 22793 D ActivityNode: 	activity ID 1( key feed_set)
08-04 21:24:32.698 22793 22793 D ActivityNode: 	activity ID 1( key feed_set)
08-04 21:24:32.698 22793 22793 D ActivityNode: 	activity ID 1( key feed_set)
08-04 21:24:32.698 22793 22793 D ActivityNode: 	activity ID 1( key feed_set)
08-04 21:24:32.698 22793 22793 D ActivityNode: 	activity ID 1( key feed_set)
08-04 21:24:32.698 22793 22793 D ActivityNode: 	activity ID 1( key feed_set)
08-04 21:24:32.698 22793 22793 D ActivityNode: 	activity ID 1( key feed_set)
08-04 21:24:32.698 22793 22793 D ActivityNode: 	activity ID 1( key feed_set)
08-04 21:24:32.698 22793 22793 D ActivityNode: 	activity ID 1( key feed_set)
08-04 21:24:32.698 22793 22793 D ActivityNode: 	activity ID 1( key feed_set)
08-04 21:24:32.698 22793 22793 D ActivityNode: 	activity ID 1( key feed_set)
08-04 21:24:32.698 22793 22793 D ActivityNode: 	activity ID 1( key feed_set)
08-04 21:24:32.698 22793 22793 D ActivityNode: 	activity ID 1( key feed_set)
08-04 21:24:32.698 22793 22793 D ActivityNode: 	activity ID 1( key feed_set)
08-04 21:24:32.698 22793 22793 D ActivityNode: 	activity ID 1( key feed_set)
08-04 21:24:32.698 22793 22793 D ActivityNode: 	activity ID 1( key feed_set)
08-04 21:24:32.698 22793 22793 D ActivityNode: 	activity ID 1( key feed_set)
08-04 21:24:32.698 22793 22793 D ActivityNode: 	activity ID 1( key feed_set)
08-04 21:24:32.698 22793 22793 D ActivityNode: 	activity ID 1( key feed_set)
08-04 21:24:32.698 22793 22793 D ActivityNode: 	activity ID 1( key feed_set)
08-04 21:24:32.698 22793 22793 D ActivityNode: 	activity ID 1( key feed_set)
08-04 21:24:32.698 22793 22793 D ActivityNode: 	activity ID 1( key feed_set)
08-04 21:24:32.698 22793 22793 D ActivityNode: 	activity ID 1( key feed_set)
08-04 21:24:32.698 22793 22793 D ActivityNode: 	activity ID 1( key feed_set)
08-04 21:24:32.698 22793 22793 D ActivityNode: 	activity ID 1( key feed_set)
08-04 21:24:32.698 22793 22793 D ActivityNode: 	activity ID 1( key feed_set)
08-04 21:24:32.698 22793 22793 D ActivityNode: 	activity ID 1( key feed_set)
08-04 21:24:32.698 22793 22793 D ActivityNode: 	activity ID 1( key feed_set)
08-04 21:24:32.698 22793 22793 D ActivityNode: 	activity ID 1( key feed_set)
08-04 21:24:32.698 22793 22793 D ActivityNode: 	activity ID 1( key feed_set)
08-04 21:24:32.698 22793 22793 D ActivityNode: 	activity ID 1( key feed_set)
08-04 21:24:32.698 22793 22793 D ActivityNode: 	activity ID 1( key feed_set)
08-04 21:24:32.698 22793 22793 D ActivityNode: 	activity ID 1( key feed_set)
08-04 21:24:32.698 22793 22793 D ActivityNode: 	activity ID 1( key feed_set)
08-04 21:24:32.698 22793 22793 D ActivityNode: 	activity ID 1( key feed_set)
08-04 21:24:32.698 22793 22793 D ActivityNode: 	activity ID 1( key feed_set)
08-04 21:24:32.698 22793 22793 D ActivityNode: 	activity ID 1( key feed_set)
08-04 21:24:32.700 22793 22806 I art     : Starting a blocking GC Explicit
08-04 21:24:32.716 22793 22793 D ActivityNode: Observer - visit time - GlobalSharedStoriesItemsList - New aggregate visit time found is 112515 ms
08-04 21:24:32.717 22793 22793 D ActivityNode: Observer - successor visit time - GlobalSharedStoriesItemsList - Updating the visit time from the successors list:
08-04 21:24:32.717 22793 22793 D ActivityNode: [AggregateVisitTimeByActivity{nappatfpr.com.newsblur.activity.GlobalSharedStoriesReading : 85889 ms}]
08-04 21:24:32.717 22793 22793 D ActivityNode: Observer - successor visit time - Main - Updating the visit time from the successors list:
08-04 21:24:32.717 22793 22793 D ActivityNode: [AggregateVisitTimeByActivity{nappatfpr.com.newsblur.activity.GlobalSharedStoriesItemsList : 93300 ms}, AggregateVisitTimeByActivity{nappatfpr.com.newsblur.activity.AllSharedStoriesItemsList : 83318 ms}]
08-04 21:24:32.717 22793 22793 D ActivityNode: Observer - successor visit time - AllSharedStoriesItemsList - Updating the visit time from the successors list:
08-04 21:24:32.717 22793 22793 D ActivityNode: [AggregateVisitTimeByActivity{nappatfpr.com.newsblur.activity.AllSharedStoriesReading : 85409 ms}]
08-04 21:24:32.720 22793 22806 I art     : Explicit concurrent mark sweep GC freed 1149(140KB) AllocSpace objects, 1(20KB) LOS objects, 32% free, 32MB/48MB, paused 699us total 20.010ms
08-04 21:24:32.727 22793 22806 I art     : Starting a blocking GC Explicit
08-04 21:24:32.742   918   936 I ActivityManager: Displayed nappatfpr.com.newsblur/.activity.GlobalSharedStoriesReading: +388ms
08-04 21:24:32.742 22793 22793 D ActivityNode: Observer - session data - sourceGlobalSharedStoriesReading
08-04 21:24:32.742 22793 22793 D ActivityNode: destinations:
08-04 21:24:32.742 22793 22793 D ActivityNode: Observer - session data - sourceMain
08-04 21:24:32.742 22793 22793 D ActivityNode: destinations:
08-04 21:24:32.742 22793 22793 D ActivityNode: 	nappatfpr.com.newsblur.activity.GlobalSharedStoriesItemsList( count 9)
08-04 21:24:32.742 22793 22793 D ActivityNode: 	nappatfpr.com.newsblur.activity.AllSharedStoriesItemsList( count 8)
08-04 21:24:32.742 22793 22793 D ActivityNode: Observer - session data - sourceGlobalSharedStoriesItemsList
08-04 21:24:32.742 22793 22793 D ActivityNode: destinations:
08-04 21:24:32.742 22793 22793 D ActivityNode: 	nappatfpr.com.newsblur.activity.GlobalSharedStoriesReading( count 13)
08-04 21:24:32.743 22793 22793 D ActivityNode: Observer - session data - sourceAllSharedStoriesItemsList
08-04 21:24:32.743 22793 22793 D ActivityNode: destinations:
08-04 21:24:32.743 22793 22793 D ActivityNode: 	nappatfpr.com.newsblur.activity.AllSharedStoriesReading( count 12)
08-04 21:24:32.743 22793 22793 D ActivityNode: Observer - session data - sourceAllSharedStoriesReading
08-04 21:24:32.743 22793 22793 D ActivityNode: destinations:
08-04 21:24:32.744 22793 22806 I art     : Explicit concurrent mark sweep GC freed 514(42KB) AllocSpace objects, 0(0B) LOS objects, 32% free, 32MB/48MB, paused 648us total 17.701ms
08-04 21:24:32.745 13866 13866 I GoogleInputMethodServic: GoogleInputMethodService.onFinishInput():3138 
08-04 21:24:32.746 13866 13866 I GoogleInputMethodServic: GoogleInputMethodService.onStartInput():1808 
08-04 21:24:32.751 22793 22806 I art     : Starting a blocking GC Explicit
08-04 21:24:32.758 22793 22793 I WebViewFactory: Loading com.google.android.webview version 84.0.4147.89 (code 414708953)
08-04 21:24:32.770 22793 22806 I art     : Explicit concurrent mark sweep GC freed 399(63KB) AllocSpace objects, 0(0B) LOS objects, 32% free, 32MB/48MB, paused 733us total 18.661ms
08-04 21:24:32.817 22793 22793 I cr_LibraryLoader: Loaded native library version number "84.0.4147.89"
08-04 21:24:32.817 22793 22793 I cr_CachingUmaRecorder: Flushed 5 samples from 5 histograms.
08-04 21:24:32.842 22793 22793 E chromium: [ERROR:filesystem_posix.cc(62)] mkdir /data/user/0/nappatfpr.com.newsblur/cache/WebView/Crashpad: No such file or directory (2)
08-04 21:24:32.852 22793 22810 D Nappa   : PREFETCH_ON_EXTRA - setCurrentActivity - logs - from extra - made prediction istrue
08-04 21:24:32.852 22793 22810 D Nappa   : PREFETCH_ON_EXTRA - setCurrentActivity - logs - from extra - start
08-04 21:24:32.852 22793 22810 D Nappa   : setCurrentActivity - MetricStrategyAccuracy - checking prediction VS current activity for extras
08-04 21:24:32.852 22793 22810 D TfprPrefetchingStrategy: MetricStrategyAccuracy inc hits count3 | from extra
08-04 21:24:32.852 22793 22810 I NAPPA_EXPERIMENTATION: MetricStrategyAccuracy: LOG_ID='3',EXECUTION_COUNT='3',CASES_COUNT='3',HIT_PERCENTAGE_TOTAL='100.0',HIT_PERCENTAGE_WHEN_PREDICTED='100.0',HIT_COUNT='3',MISS_COUNT='0',INSUFFICIENT_SCORE_COUNT='0',EXCEPTION_COUNT='0',NO_SUCCESSOR_COUNT='0',
08-04 21:24:32.852 22793 22810 D Nappa   : PREFETCH_ON_EXTRA - setCurrentActivity - logs - from extra- finished
08-04 21:24:32.899   512  2967 D audio_hw_primary: disable_audio_route: reset and update mixer path: low-latency-playback speaker
08-04 21:24:32.900   512  2967 D audio_hw_primary: disable_snd_device: snd_device(2: speaker)
08-04 21:24:32.909   512  2967 I soundtrigger: audio_extn_sound_trigger_update_device_status: device 0x2 of type 0 for Event 0
08-04 21:24:32.925   918  3670 D ConnectivityService: listenForNetwork for Listen from uid/pid:10658/22793 for NetworkRequest [ id=2926, legacyType=-1, [ Capabilities: INTERNET&NOT_RESTRICTED&TRUSTED] ]
08-04 21:24:32.955 22793 23104 D CustomInterceptor: NETWORK-PROVIDER https://www.newsblur.com/rss_feeds/icon/0
08-04 21:24:32.957 22793 23104 D Nappa   : F1_SCORE add_intercept_url - (already in) - https://www.newsblur.com/rss_feeds/icon/0
08-04 21:24:32.957 22793 23104 D Nappa   : F1_SCORE add_fn_url - (already in) - https://www.newsblur.com/rss_feeds/icon/0
08-04 21:24:32.957 22793 23104 D Nappa   : -------------F1_SCORE #11 -----------
08-04 21:24:32.957 22793 23104 D Nappa   : F1_SCORE - Intercept list (9)= [https://www.newsblur.com/reader/feeds/?update_counts=true, https://www.newsblur.com/reader/unread_story_hashes?include_timestamps=1, https://www.newsblur.com/social/river_stories?order=newest&page=1&read_filter=all&global_feed=true, https://www.newsblur.com/rss_feeds/icon/0, https://s3.amazonaws.com/icons.newsblur.com/6882243.png, https://s3.amazonaws.com/icons.newsblur.com/18178.png, https://s3.amazonaws.com/icons.newsblur.com/5762506.png, http://feeds.feedburner.com/~r/retort/~4/UffaFMiJbNs, https://images.fastcompany.net/image/upload/w_1280,q_auto,f_auto,fl_lossy/wp-cms/uploads/2020/07/p-1-90532920-this-chart-shows-how-effective-masks-can-be.png]
08-04 21:24:32.957 22793 23104 D Nappa   : F1_SCORE - Prefetch list (0)= []
08-04 21:24:32.957 22793 23104 D Nappa   : F1_SCORE - TP list (0)= []
08-04 21:24:32.957 22793 23104 D Nappa   : F1_SCORE - FN list (9)= [https://www.newsblur.com/reader/feeds/?update_counts=true, https://www.newsblur.com/reader/unread_story_hashes?include_timestamps=1, https://www.newsblur.com/social/river_stories?order=newest&page=1&read_filter=all&global_feed=true, https://www.newsblur.com/rss_feeds/icon/0, https://s3.amazonaws.com/icons.newsblur.com/6882243.png, https://s3.amazonaws.com/icons.newsblur.com/18178.png, https://s3.amazonaws.com/icons.newsblur.com/5762506.png, http://feeds.feedburner.com/~r/retort/~4/UffaFMiJbNs, https://images.fastcompany.net/image/upload/w_1280,q_auto,f_auto,fl_lossy/wp-cms/uploads/2020/07/p-1-90532920-this-chart-shows-how-effective-masks-can-be.png]
08-04 21:24:32.957 22793 23104 I NAPPA_EXPERIMENTATION: MetricPrefetchingAccuracy: LOG_ID='12',F1_SCORE_1='0.0',F1_SCORE_2='0.0',TRUE_POSITIVE='0',FALSE_POSITIVE='0',FALSE_NEGATIVE='9',
08-04 21:24:32.957 22793 23104 D CustomInterceptor: HEADER REQUEST
08-04 21:24:32.957 22793 23104 D CustomInterceptor: Cache-Control max-age=300, max-stale=300
08-04 21:24:32.957 22793 23104 D CustomInterceptor: CACHED STATS: size = '8', maxSize = '100', hitCount = '8', createCount = '0', putCount = '8', evictionCount = '0', missCount = '11', toString = 'LruCache[maxSize=100,hits=8,misses=11,hitRate=42%]', 
08-04 21:24:32.957 22793 23104 D CustomInterceptor: PREFLIB NOT A GET REQUEST OR NOT IN CACHEGET
08-04 21:24:32.975 22793 23100 D CustomInterceptor: NETWORK-PROVIDER https://www.gravatar.com/avatar/f5934485a0863578733c447016505547
08-04 21:24:32.975 22793 23100 D Nappa   : F1_SCORE add_intercept_url - (new) - https://www.gravatar.com/avatar/f5934485a0863578733c447016505547
08-04 21:24:32.975 22793 23100 D Nappa   : F1_SCORE add_fn_url - (new) - https://www.gravatar.com/avatar/f5934485a0863578733c447016505547
08-04 21:24:32.975 22793 23100 D Nappa   : -------------F1_SCORE #12 -----------
08-04 21:24:32.975 22793 23100 D Nappa   : F1_SCORE - Intercept list (10)= [https://www.newsblur.com/reader/feeds/?update_counts=true, https://www.newsblur.com/reader/unread_story_hashes?include_timestamps=1, https://www.newsblur.com/social/river_stories?order=newest&page=1&read_filter=all&global_feed=true, https://www.newsblur.com/rss_feeds/icon/0, https://s3.amazonaws.com/icons.newsblur.com/6882243.png, https://s3.amazonaws.com/icons.newsblur.com/18178.png, https://s3.amazonaws.com/icons.newsblur.com/5762506.png, http://feeds.feedburner.com/~r/retort/~4/UffaFMiJbNs, https://images.fastcompany.net/image/upload/w_1280,q_auto,f_auto,fl_lossy/wp-cms/uploads/2020/07/p-1-90532920-this-chart-shows-how-effective-masks-can-be.png, https://www.gravatar.com/avatar/f5934485a0863578733c447016505547]
08-04 21:24:32.975 22793 23100 D Nappa   : F1_SCORE - Prefetch list (0)= []
08-04 21:24:32.975 22793 23100 D Nappa   : F1_SCORE - TP list (0)= []
08-04 21:24:32.975 22793 23100 D Nappa   : F1_SCORE - FN list (10)= [https://www.newsblur.com/reader/feeds/?update_counts=true, https://www.newsblur.com/reader/unread_story_hashes?include_timestamps=1, https://www.newsblur.com/social/river_stories?order=newest&page=1&read_filter=all&global_feed=true, https://www.newsblur.com/rss_feeds/icon/0, https://s3.amazonaws.com/icons.newsblur.com/6882243.png, https://s3.amazonaws.com/icons.newsblur.com/18178.png, https://s3.amazonaws.com/icons.newsblur.com/5762506.png, http://feeds.feedburner.com/~r/retort/~4/UffaFMiJbNs, https://images.fastcompany.net/image/upload/w_1280,q_auto,f_auto,fl_lossy/wp-cms/uploads/2020/07/p-1-90532920-this-chart-shows-how-effective-masks-can-be.png, https://www.gravatar.com/avatar/f5934485a0863578733c447016505547]
08-04 21:24:32.975 22793 23100 I NAPPA_EXPERIMENTATION: MetricPrefetchingAccuracy: LOG_ID='13',F1_SCORE_1='0.0',F1_SCORE_2='0.0',TRUE_POSITIVE='0',FALSE_POSITIVE='0',FALSE_NEGATIVE='10',
08-04 21:24:32.975 22793 23100 D CustomInterceptor: HEADER REQUEST
08-04 21:24:32.976 22793 23100 D CustomInterceptor: Cache-Control max-age=300, max-stale=300
08-04 21:24:32.976 22793 23100 D CustomInterceptor: CACHED STATS: size = '8', maxSize = '100', hitCount = '8', createCount = '0', putCount = '8', evictionCount = '0', missCount = '12', toString = 'LruCache[maxSize=100,hits=8,misses=12,hitRate=40%]', 
08-04 21:24:32.976 22793 23100 D CustomInterceptor: PREFLIB NOT A GET REQUEST OR NOT IN CACHEGET
08-04 21:24:32.977 22793 23102 D CustomInterceptor: NETWORK-PROVIDER https://www.gravatar.com/avatar/f5934485a0863578733c447016505547
08-04 21:24:32.977 22793 23102 D Nappa   : F1_SCORE add_intercept_url - (already in) - https://www.gravatar.com/avatar/f5934485a0863578733c447016505547
08-04 21:24:32.977 22793 23102 D Nappa   : F1_SCORE add_fn_url - (already in) - https://www.gravatar.com/avatar/f5934485a0863578733c447016505547
08-04 21:24:32.977 22793 23102 D Nappa   : -------------F1_SCORE #13 -----------
08-04 21:24:32.978 22793 23102 D Nappa   : F1_SCORE - Intercept list (10)= [https://www.newsblur.com/reader/feeds/?update_counts=true, https://www.newsblur.com/reader/unread_story_hashes?include_timestamps=1, https://www.newsblur.com/social/river_stories?order=newest&page=1&read_filter=all&global_feed=true, https://www.newsblur.com/rss_feeds/icon/0, https://s3.amazonaws.com/icons.newsblur.com/6882243.png, https://s3.amazonaws.com/icons.newsblur.com/18178.png, https://s3.amazonaws.com/icons.newsblur.com/5762506.png, http://feeds.feedburner.com/~r/retort/~4/UffaFMiJbNs, https://images.fastcompany.net/image/upload/w_1280,q_auto,f_auto,fl_lossy/wp-cms/uploads/2020/07/p-1-90532920-this-chart-shows-how-effective-masks-can-be.png, https://www.gravatar.com/avatar/f5934485a0863578733c447016505547]
08-04 21:24:32.978 22793 23102 D Nappa   : F1_SCORE - Prefetch list (0)= []
08-04 21:24:32.978 22793 23102 D Nappa   : F1_SCORE - TP list (0)= []
08-04 21:24:32.978 22793 23102 D Nappa   : F1_SCORE - FN list (10)= [https://www.newsblur.com/reader/feeds/?update_counts=true, https://www.newsblur.com/reader/unread_story_hashes?include_timestamps=1, https://www.newsblur.com/social/river_stories?order=newest&page=1&read_filter=all&global_feed=true, https://www.newsblur.com/rss_feeds/icon/0, https://s3.amazonaws.com/icons.newsblur.com/6882243.png, https://s3.amazonaws.com/icons.newsblur.com/18178.png, https://s3.amazonaws.com/icons.newsblur.com/5762506.png, http://feeds.feedburner.com/~r/retort/~4/UffaFMiJbNs, https://images.fastcompany.net/image/upload/w_1280,q_auto,f_auto,fl_lossy/wp-cms/uploads/2020/07/p-1-90532920-this-chart-shows-how-effective-masks-can-be.png, https://www.gravatar.com/avatar/f5934485a0863578733c447016505547]
08-04 21:24:32.978 22793 23102 I NAPPA_EXPERIMENTATION: MetricPrefetchingAccuracy: LOG_ID='14',F1_SCORE_1='0.0',F1_SCORE_2='0.0',TRUE_POSITIVE='0',FALSE_POSITIVE='0',FALSE_NEGATIVE='10',
08-04 21:24:32.978 22793 23102 D CustomInterceptor: HEADER REQUEST
08-04 21:24:32.978 22793 23102 D CustomInterceptor: Cache-Control max-age=300, max-stale=300
08-04 21:24:32.978 22793 23102 D CustomInterceptor: CACHED STATS: size = '8', maxSize = '100', hitCount = '8', createCount = '0', putCount = '8', evictionCount = '0', missCount = '13', toString = 'LruCache[maxSize=100,hits=8,misses=13,hitRate=38%]', 
08-04 21:24:32.978 22793 23102 D CustomInterceptor: PREFLIB NOT A GET REQUEST OR NOT IN CACHEGET
08-04 21:24:32.978 22793 23099 D CustomInterceptor: NETWORK-PROVIDER https://www.newsblur.com/rss_feeds/icon/0
08-04 21:24:32.979 22793 23099 D Nappa   : F1_SCORE add_intercept_url - (already in) - https://www.newsblur.com/rss_feeds/icon/0
08-04 21:24:32.979 22793 23099 D Nappa   : F1_SCORE add_fn_url - (already in) - https://www.newsblur.com/rss_feeds/icon/0
08-04 21:24:32.979 22793 23099 D Nappa   : -------------F1_SCORE #14 -----------
08-04 21:24:32.979 22793 23099 D Nappa   : F1_SCORE - Intercept list (10)= [https://www.newsblur.com/reader/feeds/?update_counts=true, https://www.newsblur.com/reader/unread_story_hashes?include_timestamps=1, https://www.newsblur.com/social/river_stories?order=newest&page=1&read_filter=all&global_feed=true, https://www.newsblur.com/rss_feeds/icon/0, https://s3.amazonaws.com/icons.newsblur.com/6882243.png, https://s3.amazonaws.com/icons.newsblur.com/18178.png, https://s3.amazonaws.com/icons.newsblur.com/5762506.png, http://feeds.feedburner.com/~r/retort/~4/UffaFMiJbNs, https://images.fastcompany.net/image/upload/w_1280,q_auto,f_auto,fl_lossy/wp-cms/uploads/2020/07/p-1-90532920-this-chart-shows-how-effective-masks-can-be.png, https://www.gravatar.com/avatar/f5934485a0863578733c447016505547]
08-04 21:24:32.979 22793 23099 D Nappa   : F1_SCORE - Prefetch list (0)= []
08-04 21:24:32.979 22793 23099 D Nappa   : F1_SCORE - TP list (0)= []
08-04 21:24:32.979 22793 23099 D Nappa   : F1_SCORE - FN list (10)= [https://www.newsblur.com/reader/feeds/?update_counts=true, https://www.newsblur.com/reader/unread_story_hashes?include_timestamps=1, https://www.newsblur.com/social/river_stories?order=newest&page=1&read_filter=all&global_feed=true, https://www.newsblur.com/rss_feeds/icon/0, https://s3.amazonaws.com/icons.newsblur.com/6882243.png, https://s3.amazonaws.com/icons.newsblur.com/18178.png, https://s3.amazonaws.com/icons.newsblur.com/5762506.png, http://feeds.feedburner.com/~r/retort/~4/UffaFMiJbNs, https://images.fastcompany.net/image/upload/w_1280,q_auto,f_auto,fl_lossy/wp-cms/uploads/2020/07/p-1-90532920-this-chart-shows-how-effective-masks-can-be.png, https://www.gravatar.com/avatar/f5934485a0863578733c447016505547]
08-04 21:24:32.979 22793 23099 I NAPPA_EXPERIMENTATION: MetricPrefetchingAccuracy: LOG_ID='15',F1_SCORE_1='0.0',F1_SCORE_2='0.0',TRUE_POSITIVE='0',FALSE_POSITIVE='0',FALSE_NEGATIVE='10',
08-04 21:24:32.979 22793 23099 D CustomInterceptor: HEADER REQUEST
08-04 21:24:32.979 22793 23099 D CustomInterceptor: Cache-Control max-age=300, max-stale=300
08-04 21:24:32.980 22793 23099 D CustomInterceptor: CACHED STATS: size = '8', maxSize = '100', hitCount = '8', createCount = '0', putCount = '8', evictionCount = '0', missCount = '14', toString = 'LruCache[maxSize=100,hits=8,misses=14,hitRate=36%]', 
08-04 21:24:32.980 22793 23099 D CustomInterceptor: PREFLIB NOT A GET REQUEST OR NOT IN CACHEGET
08-04 21:24:32.998 22793 23097 D CustomInterceptor: NETWORK-PROVIDER https://www.gravatar.com/avatar/f5934485a0863578733c447016505547
08-04 21:24:32.998 22793 23098 D CustomInterceptor: NETWORK-PROVIDER https://www.gravatar.com/avatar/f5934485a0863578733c447016505547
08-04 21:24:32.999 22793 23098 D Nappa   : F1_SCORE add_intercept_url - (already in) - https://www.gravatar.com/avatar/f5934485a0863578733c447016505547
08-04 21:24:32.999 22793 23097 D Nappa   : F1_SCORE add_intercept_url - (already in) - https://www.gravatar.com/avatar/f5934485a0863578733c447016505547
08-04 21:24:32.999 22793 23098 D Nappa   : F1_SCORE add_fn_url - (already in) - https://www.gravatar.com/avatar/f5934485a0863578733c447016505547
08-04 21:24:32.999 22793 23097 D Nappa   : F1_SCORE add_fn_url - (already in) - https://www.gravatar.com/avatar/f5934485a0863578733c447016505547
08-04 21:24:32.999 22793 23098 D Nappa   : -------------F1_SCORE #15 -----------
08-04 21:24:32.999 22793 23097 D Nappa   : -------------F1_SCORE #15 -----------
08-04 21:24:32.999 22793 23097 D Nappa   : F1_SCORE - Intercept list (10)= [https://www.newsblur.com/reader/feeds/?update_counts=true, https://www.newsblur.com/reader/unread_story_hashes?include_timestamps=1, https://www.newsblur.com/social/river_stories?order=newest&page=1&read_filter=all&global_feed=true, https://www.newsblur.com/rss_feeds/icon/0, https://s3.amazonaws.com/icons.newsblur.com/6882243.png, https://s3.amazonaws.com/icons.newsblur.com/18178.png, https://s3.amazonaws.com/icons.newsblur.com/5762506.png, http://feeds.feedburner.com/~r/retort/~4/UffaFMiJbNs, https://images.fastcompany.net/image/upload/w_1280,q_auto,f_auto,fl_lossy/wp-cms/uploads/2020/07/p-1-90532920-this-chart-shows-how-effective-masks-can-be.png, https://www.gravatar.com/avatar/f5934485a0863578733c447016505547]
08-04 21:24:32.999 22793 23098 D Nappa   : F1_SCORE - Intercept list (10)= [https://www.newsblur.com/reader/feeds/?update_counts=true, https://www.newsblur.com/reader/unread_story_hashes?include_timestamps=1, https://www.newsblur.com/social/river_stories?order=newest&page=1&read_filter=all&global_feed=true, https://www.newsblur.com/rss_feeds/icon/0, https://s3.amazonaws.com/icons.newsblur.com/6882243.png, https://s3.amazonaws.com/icons.newsblur.com/18178.png, https://s3.amazonaws.com/icons.newsblur.com/5762506.png, http://feeds.feedburner.com/~r/retort/~4/UffaFMiJbNs, https://images.fastcompany.net/image/upload/w_1280,q_auto,f_auto,fl_lossy/wp-cms/uploads/2020/07/p-1-90532920-this-chart-shows-how-effective-masks-can-be.png, https://www.gravatar.com/avatar/f5934485a0863578733c447016505547]
08-04 21:24:32.999 22793 23097 D Nappa   : F1_SCORE - Prefetch list (0)= []
08-04 21:24:32.999 22793 23098 D Nappa   : F1_SCORE - Prefetch list (0)= []
08-04 21:24:32.999 22793 23097 D Nappa   : F1_SCORE - TP list (0)= []
08-04 21:24:32.999 22793 23098 D Nappa   : F1_SCORE - TP list (0)= []
08-04 21:24:33.000 22793 23097 D Nappa   : F1_SCORE - FN list (10)= [https://www.newsblur.com/reader/feeds/?update_counts=true, https://www.newsblur.com/reader/unread_story_hashes?include_timestamps=1, https://www.newsblur.com/social/river_stories?order=newest&page=1&read_filter=all&global_feed=true, https://www.newsblur.com/rss_feeds/icon/0, https://s3.amazonaws.com/icons.newsblur.com/6882243.png, https://s3.amazonaws.com/icons.newsblur.com/18178.png, https://s3.amazonaws.com/icons.newsblur.com/5762506.png, http://feeds.feedburner.com/~r/retort/~4/UffaFMiJbNs, https://images.fastcompany.net/image/upload/w_1280,q_auto,f_auto,fl_lossy/wp-cms/uploads/2020/07/p-1-90532920-this-chart-shows-how-effective-masks-can-be.png, https://www.gravatar.com/avatar/f5934485a0863578733c447016505547]
08-04 21:24:33.000 22793 23098 D Nappa   : F1_SCORE - FN list (10)= [https://www.newsblur.com/reader/feeds/?update_counts=true, https://www.newsblur.com/reader/unread_story_hashes?include_timestamps=1, https://www.newsblur.com/social/river_stories?order=newest&page=1&read_filter=all&global_feed=true, https://www.newsblur.com/rss_feeds/icon/0, https://s3.amazonaws.com/icons.newsblur.com/6882243.png, https://s3.amazonaws.com/icons.newsblur.com/18178.png, https://s3.amazonaws.com/icons.newsblur.com/5762506.png, http://feeds.feedburner.com/~r/retort/~4/UffaFMiJbNs, https://images.fastcompany.net/image/upload/w_1280,q_auto,f_auto,fl_lossy/wp-cms/uploads/2020/07/p-1-90532920-this-chart-shows-how-effective-masks-can-be.png, https://www.gravatar.com/avatar/f5934485a0863578733c447016505547]
08-04 21:24:33.000 22793 23097 I NAPPA_EXPERIMENTATION: MetricPrefetchingAccuracy: LOG_ID='16',F1_SCORE_1='0.0',F1_SCORE_2='0.0',TRUE_POSITIVE='0',FALSE_POSITIVE='0',FALSE_NEGATIVE='10',
08-04 21:24:33.000 22793 23098 I NAPPA_EXPERIMENTATION: MetricPrefetchingAccuracy: LOG_ID='17',F1_SCORE_1='0.0',F1_SCORE_2='0.0',TRUE_POSITIVE='0',FALSE_POSITIVE='0',FALSE_NEGATIVE='10',
08-04 21:24:33.000 22793 23098 D CustomInterceptor: HEADER REQUEST
08-04 21:24:33.000 22793 23097 D CustomInterceptor: HEADER REQUEST
08-04 21:24:33.000 22793 23097 D CustomInterceptor: Cache-Control max-age=300, max-stale=300
08-04 21:24:33.000 22793 23098 D CustomInterceptor: Cache-Control max-age=300, max-stale=300
08-04 21:24:33.000 22793 23098 D CustomInterceptor: CACHED STATS: size = '8', maxSize = '100', hitCount = '8', createCount = '0', putCount = '8', evictionCount = '0', missCount = '15', toString = 'LruCache[maxSize=100,hits=8,misses=15,hitRate=34%]', 
08-04 21:24:33.000 22793 23097 D CustomInterceptor: CACHED STATS: size = '8', maxSize = '100', hitCount = '8', createCount = '0', putCount = '8', evictionCount = '0', missCount = '15', toString = 'LruCache[maxSize=100,hits=8,misses=15,hitRate=34%]', 
08-04 21:24:33.000 22793 23098 D CustomInterceptor: PREFLIB NOT A GET REQUEST OR NOT IN CACHEGET
08-04 21:24:33.000 22793 23097 D CustomInterceptor: PREFLIB NOT A GET REQUEST OR NOT IN CACHEGET
08-04 21:24:33.026 22793 23374 W cr_media: Requires BLUETOOTH permission
08-04 21:24:33.046 22793 23399 E libEGL  : validate_display:255 error 3008 (EGL_BAD_DISPLAY)
08-04 21:24:33.057 22793 22810 D Nappa   : registerActivity: (already in) nappatfpr.com.newsblur.activity.GlobalSharedStoriesReading
08-04 21:24:33.057 22793 22810 D Nappa   : PARENTS 
08-04 21:24:33.057 22793 22810 D Nappa   : Of: nappatfpr.com.newsblur.activity.GlobalSharedStoriesReading -> 
08-04 21:24:33.057 22793 22810 D Nappa   : PARENTS nappatfpr.com.newsblur.activity.GlobalSharedStoriesItemsList
08-04 21:24:33.057 22793 22810 D Nappa   : PARENTS has extra: (story_hash, 0:65a6e4)
08-04 21:24:33.057 22793 22810 D Nappa   : PARENTS has extra: (feed_set, nappatfpr.com.newsblur.util.FeedSet@e)
08-04 21:24:33.057 22793 22810 D Nappa   : PARENTS nappatfpr.com.newsblur.activity.Main
08-04 21:24:33.057 22793 22810 D Nappa   : PARENTS has extra: (feed_set, nappatfpr.com.newsblur.util.FeedSet@e)
08-04 21:24:33.071 22793 22805 I art     : Starting a blocking GC Explicit
08-04 21:24:33.106 22793 22805 I art     : Explicit concurrent mark sweep GC freed 20345(1626KB) AllocSpace objects, 16(364KB) LOS objects, 31% free, 35MB/51MB, paused 910us total 33.441ms
08-04 21:24:33.113 22793 22805 I art     : Starting a blocking GC Explicit
08-04 21:24:33.135 22793 23408 D Nappa   : TAG okHttpClient initialized
08-04 21:24:33.141 22793 22805 I art     : Explicit concurrent mark sweep GC freed 6217(304KB) AllocSpace objects, 2(40KB) LOS objects, 31% free, 35MB/51MB, paused 2.749ms total 27.903ms
08-04 21:24:33.149 22793 22805 I art     : Starting a blocking GC Explicit
08-04 21:24:33.153 22793 23408 D CustomInterceptor: NETWORK-PROVIDER https://www.newsblur.com/reader/mark_story_hashes_as_read/
08-04 21:24:33.154 22793 23408 D CustomInterceptor: HEADER REQUEST
08-04 21:24:33.154 22793 23408 D CustomInterceptor: Cache-Control max-age=300, max-stale=300
08-04 21:24:33.154 22793 23408 D CustomInterceptor: Cookie newsblur_sessionid=qlbd3ilzka7q9q07v2htr96j75kh6za7; Domain=.newsblur.com; expires=Wed, 03 Aug 2022 21:08:20 GMT; Max-Age=63072000; Path=/
08-04 21:24:33.154 22793 23408 D CustomInterceptor: CACHED STATS: size = '8', maxSize = '100', hitCount = '8', createCount = '0', putCount = '8', evictionCount = '0', missCount = '17', toString = 'LruCache[maxSize=100,hits=8,misses=17,hitRate=32%]', 
08-04 21:24:33.154 22793 23408 D CustomInterceptor: PREFLIB NOT A GET REQUEST OR NOT IN CACHEPOST
08-04 21:24:33.159 22793 22810 D Nappa   : registerActivity: (already in) nappatfpr.com.newsblur.activity.GlobalSharedStoriesReading
08-04 21:24:33.159 22793 22810 D Nappa   : PARENTS 
08-04 21:24:33.159 22793 22810 D Nappa   : Of: nappatfpr.com.newsblur.activity.GlobalSharedStoriesReading -> 
08-04 21:24:33.159 22793 22810 D Nappa   : PARENTS nappatfpr.com.newsblur.activity.GlobalSharedStoriesItemsList
08-04 21:24:33.159 22793 22810 D Nappa   : PARENTS has extra: (story_hash, 0:65a6e4)
08-04 21:24:33.159 22793 22810 D Nappa   : PARENTS has extra: (feed_set, nappatfpr.com.newsblur.util.FeedSet@e)
08-04 21:24:33.159 22793 22810 D Nappa   : PARENTS nappatfpr.com.newsblur.activity.Main
08-04 21:24:33.159 22793 22810 D Nappa   : PARENTS has extra: (feed_set, nappatfpr.com.newsblur.util.FeedSet@e)
08-04 21:24:33.172 22793 22805 I art     : Explicit concurrent mark sweep GC freed 3029(365KB) AllocSpace objects, 6(128KB) LOS objects, 31% free, 35MB/51MB, paused 1.022ms total 23.332ms
08-04 21:24:33.180 22793 22805 I art     : Starting a blocking GC Explicit
08-04 21:24:33.201 22793 22805 I art     : Explicit concurrent mark sweep GC freed 902(45KB) AllocSpace objects, 0(0B) LOS objects, 31% free, 35MB/51MB, paused 812us total 20.915ms
08-04 21:24:33.208 22793 22805 I art     : Starting a blocking GC Explicit
08-04 21:24:33.229 22793 22805 I art     : Explicit concurrent mark sweep GC freed 245(9KB) AllocSpace objects, 1(28KB) LOS objects, 31% free, 35MB/51MB, paused 990us total 20.941ms
08-04 21:24:33.259 22793 22810 D Nappa   : registerActivity: (already in) nappatfpr.com.newsblur.activity.GlobalSharedStoriesReading
08-04 21:24:33.259 22793 22810 D Nappa   : PARENTS 
08-04 21:24:33.259 22793 22810 D Nappa   : Of: nappatfpr.com.newsblur.activity.GlobalSharedStoriesReading -> 
08-04 21:24:33.259 22793 22810 D Nappa   : PARENTS nappatfpr.com.newsblur.activity.GlobalSharedStoriesItemsList
08-04 21:24:33.260 22793 22810 D Nappa   : PARENTS has extra: (story_hash, 0:65a6e4)
08-04 21:24:33.260 22793 22810 D Nappa   : PARENTS has extra: (feed_set, nappatfpr.com.newsblur.util.FeedSet@e)
08-04 21:24:33.260 22793 22810 D Nappa   : PARENTS nappatfpr.com.newsblur.activity.Main
08-04 21:24:33.260 22793 22810 D Nappa   : PARENTS has extra: (feed_set, nappatfpr.com.newsblur.util.FeedSet@e)
08-04 21:24:33.360 22793 22810 D Nappa   : registerActivity: (already in) nappatfpr.com.newsblur.activity.GlobalSharedStoriesReading
08-04 21:24:33.360 22793 22810 D Nappa   : PARENTS 
08-04 21:24:33.360 22793 22810 D Nappa   : Of: nappatfpr.com.newsblur.activity.GlobalSharedStoriesReading -> 
08-04 21:24:33.360 22793 22810 D Nappa   : PARENTS nappatfpr.com.newsblur.activity.GlobalSharedStoriesItemsList
08-04 21:24:33.360 22793 22810 D Nappa   : PARENTS has extra: (story_hash, 0:65a6e4)
08-04 21:24:33.360 22793 22810 D Nappa   : PARENTS has extra: (feed_set, nappatfpr.com.newsblur.util.FeedSet@e)
08-04 21:24:33.360 22793 22810 D Nappa   : PARENTS nappatfpr.com.newsblur.activity.Main
08-04 21:24:33.360 22793 22810 D Nappa   : PARENTS has extra: (feed_set, nappatfpr.com.newsblur.util.FeedSet@e)
08-04 21:24:33.451 22793 23099 D CustomInterceptor: Interceptor exiting with exception java.io.IOException: unexpected end of stream on https://www.newsblur.com/...
08-04 21:24:33.451 22793 23099 W System.err: java.io.IOException: unexpected end of stream on https://www.newsblur.com/...
08-04 21:24:33.452 22793 23099 W System.err: 	at okhttp3.internal.http1.Http1ExchangeCodec.readResponseHeaders(Http1ExchangeCodec.java:236)
08-04 21:24:33.452 22793 23099 W System.err: 	at okhttp3.internal.connection.Exchange.readResponseHeaders(Exchange.java:115)
08-04 21:24:33.452 22793 23099 W System.err: 	at okhttp3.internal.http.CallServerInterceptor.intercept(CallServerInterceptor.java:94)
08-04 21:24:33.452 22793 23099 W System.err: 	at okhttp3.internal.http.RealInterceptorChain.proceed(RealInterceptorChain.java:142)
08-04 21:24:33.452 22793 23099 W System.err: 	at okhttp3.internal.connection.ConnectInterceptor.intercept(ConnectInterceptor.java:43)
08-04 21:24:33.452 22793 23099 W System.err: 	at okhttp3.internal.http.RealInterceptorChain.proceed(RealInterceptorChain.java:142)
08-04 21:24:33.452 22793 23099 W System.err: 	at okhttp3.internal.http.RealInterceptorChain.proceed(RealInterceptorChain.java:117)
