08-04 19:20:22.829 20639 20651 I art     : Explicit concurrent mark sweep GC freed 3650(205KB) AllocSpace objects, 1(20KB) LOS objects, 37% free, 26MB/42MB, paused 440us total 16.169ms
08-04 19:20:22.831 20639  7727 D CustomInterceptor: interceptor_finished : return_type #3 : request served from remote and added to cache
08-04 19:20:22.832 20639  7727 I NAPPA_EXPERIMENTATION: MetricNetworkRequestExecutionTime: REQUEST_DURATION_SYSTEM='475',REQUEST_DURATION_OKHTTP='0',REQUEST_SYNCHRONOUS='TRUE',RESPONSE_CODE='200',RESPONSE_METHOD='GET',RESPONSE_LENGTH_OKHTTP='90',RESPONSE_LENGTH_HEADER='-2',REQUEST_PROTOCOL='http/1.1',REQUEST_URL='https://www.newsblur.com/reader/unread_story_hashes?include_timestamps=1',
08-04 19:20:22.832 20639  7727 D MY_TAG  : 0, 475
08-04 19:20:22.836 20639 20651 I art     : Starting a blocking GC Explicit
08-04 19:20:22.844 20639  7727 I nappatfpr.com.newsblur.service.UnreadsService: starting unread count: 0
08-04 19:20:22.846 20639  7727 I nappatfpr.com.newsblur.service.UnreadsService: new unread count:      0
08-04 19:20:22.846 20639  7727 I nappatfpr.com.newsblur.service.UnreadsService: new unreads found:     0
08-04 19:20:22.846 20639  7727 I nappatfpr.com.newsblur.service.UnreadsService: unreads to retire:     0
08-04 19:20:22.854 20639 20651 I art     : Explicit concurrent mark sweep GC freed 2513(184KB) AllocSpace objects, 5(100KB) LOS objects, 37% free, 26MB/42MB, paused 651us total 17.640ms
08-04 19:20:22.861 20639 20651 I art     : Starting a blocking GC Explicit
08-04 19:20:22.873 20639 20651 I art     : Explicit concurrent mark sweep GC freed 1191(198KB) AllocSpace objects, 11(220KB) LOS objects, 37% free, 26MB/42MB, paused 237us total 12.093ms
08-04 19:20:22.879 20639 20651 I art     : Starting a blocking GC Explicit
08-04 19:20:22.891 20639 20651 I art     : Explicit concurrent mark sweep GC freed 213(11KB) AllocSpace objects, 0(0B) LOS objects, 37% free, 26MB/42MB, paused 204us total 11.469ms
08-04 19:20:22.897 20639 20651 I art     : Starting a blocking GC Explicit
08-04 19:20:22.909 20639 20651 I art     : Explicit concurrent mark sweep GC freed 30(1184B) AllocSpace objects, 0(0B) LOS objects, 37% free, 26MB/42MB, paused 222us total 11.492ms
08-04 19:20:23.121  7628  7628 I ServiceManager: Waiting for service AtCmdFwd...
08-04 19:20:23.194 20639 20651 I art     : Starting a blocking GC Explicit
08-04 19:20:23.209 20639 20651 I art     : Explicit concurrent mark sweep GC freed 1634(94KB) AllocSpace objects, 1(20KB) LOS objects, 37% free, 26MB/42MB, paused 237us total 14.911ms
08-04 19:20:23.216 20639 20651 I art     : Starting a blocking GC Explicit
08-04 19:20:23.230 20639 20651 I art     : Explicit concurrent mark sweep GC freed 28(1024B) AllocSpace objects, 0(0B) LOS objects, 37% free, 26MB/42MB, paused 238us total 13.347ms
08-04 19:20:23.236 20639 20651 I art     : Starting a blocking GC Explicit
08-04 19:20:23.250 20639 20651 I art     : Explicit concurrent mark sweep GC freed 3(96B) AllocSpace objects, 0(0B) LOS objects, 37% free, 26MB/42MB, paused 230us total 13.264ms
08-04 19:20:23.256 20639 20651 I art     : Starting a blocking GC Explicit
08-04 19:20:23.270 20639 20651 I art     : Explicit concurrent mark sweep GC freed 3(96B) AllocSpace objects, 0(0B) LOS objects, 37% free, 26MB/42MB, paused 231us total 13.352ms
08-04 19:20:23.276 20639 20651 I art     : Starting a blocking GC Explicit
08-04 19:20:23.289 20639 20651 I art     : Explicit concurrent mark sweep GC freed 762(31KB) AllocSpace objects, 0(0B) LOS objects, 37% free, 26MB/42MB, paused 235us total 13.170ms
08-04 19:20:23.599 20639 20650 I art     : Starting a blocking GC Explicit
08-04 19:20:23.618 20639 20650 I art     : Explicit concurrent mark sweep GC freed 1583(91KB) AllocSpace objects, 1(20KB) LOS objects, 37% free, 26MB/42MB, paused 291us total 19.409ms
08-04 19:20:23.628 20639 20650 I art     : Starting a blocking GC Explicit
08-04 19:20:23.645 20639 20650 I art     : Explicit concurrent mark sweep GC freed 28(1024B) AllocSpace objects, 0(0B) LOS objects, 37% free, 26MB/42MB, paused 250us total 15.962ms
08-04 19:20:23.653 20639 20650 I art     : Starting a blocking GC Explicit
08-04 19:20:23.667 20639 20650 I art     : Explicit concurrent mark sweep GC freed 3(96B) AllocSpace objects, 0(0B) LOS objects, 37% free, 26MB/42MB, paused 277us total 13.162ms
08-04 19:20:23.673 20639 20650 I art     : Starting a blocking GC Explicit
08-04 19:20:23.686 20639 20650 I art     : Explicit concurrent mark sweep GC freed 3(96B) AllocSpace objects, 0(0B) LOS objects, 37% free, 26MB/42MB, paused 233us total 12.823ms
08-04 19:20:23.693 20639 20650 I art     : Starting a blocking GC Explicit
08-04 19:20:23.706 20639 20650 I art     : Explicit concurrent mark sweep GC freed 3(96B) AllocSpace objects, 0(0B) LOS objects, 37% free, 26MB/42MB, paused 246us total 12.665ms
08-04 19:20:24.016 20639  7715 I art     : Starting a blocking GC Explicit
08-04 19:20:24.036 20639  7715 I art     : Explicit concurrent mark sweep GC freed 1585(93KB) AllocSpace objects, 1(20KB) LOS objects, 37% free, 26MB/42MB, paused 281us total 19.374ms
08-04 19:20:24.051 20639  7715 I art     : Starting a blocking GC Explicit
08-04 19:20:24.064 20639  7715 I art     : Explicit concurrent mark sweep GC freed 28(1024B) AllocSpace objects, 0(0B) LOS objects, 37% free, 26MB/42MB, paused 233us total 13.189ms
08-04 19:20:24.070 20639  7715 I art     : Starting a blocking GC Explicit
08-04 19:20:24.083 20639  7715 I art     : Explicit concurrent mark sweep GC freed 3(96B) AllocSpace objects, 0(0B) LOS objects, 37% free, 26MB/42MB, paused 227us total 12.392ms
08-04 19:20:24.089 20639  7715 I art     : Starting a blocking GC Explicit
08-04 19:20:24.102 20639  7715 I art     : Explicit concurrent mark sweep GC freed 3(96B) AllocSpace objects, 0(0B) LOS objects, 37% free, 26MB/42MB, paused 229us total 12.810ms
08-04 19:20:24.108 20639  7715 I art     : Starting a blocking GC Explicit
08-04 19:20:24.121 20639  7715 I art     : Explicit concurrent mark sweep GC freed 3(96B) AllocSpace objects, 0(0B) LOS objects, 37% free, 26MB/42MB, paused 229us total 12.725ms
08-04 19:20:24.122  7628  7628 I ServiceManager: Waiting for service AtCmdFwd...
08-04 19:20:24.444 20639 20651 I art     : Starting a blocking GC Explicit
08-04 19:20:24.461 20639 20651 I art     : Explicit concurrent mark sweep GC freed 1585(93KB) AllocSpace objects, 1(20KB) LOS objects, 37% free, 26MB/42MB, paused 279us total 16.899ms
08-04 19:20:24.471 20639 20651 I art     : Starting a blocking GC Explicit
08-04 19:20:24.485 20639 20651 I art     : Explicit concurrent mark sweep GC freed 28(1024B) AllocSpace objects, 0(0B) LOS objects, 37% free, 26MB/42MB, paused 230us total 13.156ms
08-04 19:20:24.491 20639 20651 I art     : Starting a blocking GC Explicit
08-04 19:20:24.504 20639 20651 I art     : Explicit concurrent mark sweep GC freed 3(96B) AllocSpace objects, 0(0B) LOS objects, 37% free, 26MB/42MB, paused 236us total 12.711ms
08-04 19:20:24.510 20639 20651 I art     : Starting a blocking GC Explicit
08-04 19:20:24.523 20639 20651 I art     : Explicit concurrent mark sweep GC freed 3(96B) AllocSpace objects, 0(0B) LOS objects, 37% free, 26MB/42MB, paused 235us total 12.795ms
08-04 19:20:24.529 20639 20651 I art     : Starting a blocking GC Explicit
08-04 19:20:24.542 20639 20651 I art     : Explicit concurrent mark sweep GC freed 3(96B) AllocSpace objects, 0(0B) LOS objects, 37% free, 26MB/42MB, paused 223us total 12.605ms
08-04 19:20:24.879 20639 20650 I art     : Starting a blocking GC Explicit
08-04 19:20:24.904 20639 20650 I art     : Explicit concurrent mark sweep GC freed 1587(94KB) AllocSpace objects, 1(20KB) LOS objects, 37% free, 26MB/42MB, paused 351us total 24.051ms
08-04 19:20:24.917 20639 20650 I art     : Starting a blocking GC Explicit
08-04 19:20:24.931 20639 20650 I art     : Explicit concurrent mark sweep GC freed 28(1024B) AllocSpace objects, 0(0B) LOS objects, 37% free, 26MB/42MB, paused 259us total 13.597ms
08-04 19:20:24.938 20639 20650 I art     : Starting a blocking GC Explicit
08-04 19:20:24.951 20639 20650 I art     : Explicit concurrent mark sweep GC freed 3(96B) AllocSpace objects, 0(0B) LOS objects, 37% free, 26MB/42MB, paused 241us total 12.936ms
08-04 19:20:24.957 20639 20650 I art     : Starting a blocking GC Explicit
08-04 19:20:24.970 20639 20650 I art     : Explicit concurrent mark sweep GC freed 3(96B) AllocSpace objects, 0(0B) LOS objects, 37% free, 26MB/42MB, paused 243us total 12.741ms
08-04 19:20:24.976 20639 20650 I art     : Starting a blocking GC Explicit
08-04 19:20:24.989 20639 20650 I art     : Explicit concurrent mark sweep GC freed 3(96B) AllocSpace objects, 0(0B) LOS objects, 37% free, 26MB/42MB, paused 233us total 12.645ms
08-04 19:20:25.123  7628  7628 I ServiceManager: Waiting for service AtCmdFwd...
08-04 19:20:25.303 20639  7715 I art     : Starting a blocking GC Explicit
08-04 19:20:25.322 20639  7715 I art     : Explicit concurrent mark sweep GC freed 1585(91KB) AllocSpace objects, 1(20KB) LOS objects, 37% free, 26MB/42MB, paused 268us total 18.884ms
08-04 19:20:25.333 20639  7715 I art     : Starting a blocking GC Explicit
08-04 19:20:25.349 20639  7715 I art     : Explicit concurrent mark sweep GC freed 28(1024B) AllocSpace objects, 0(0B) LOS objects, 37% free, 26MB/42MB, paused 239us total 16.372ms
08-04 19:20:25.360 20639  7715 I art     : Starting a blocking GC Explicit
08-04 19:20:25.373 20639  7715 I art     : Explicit concurrent mark sweep GC freed 3(96B) AllocSpace objects, 0(0B) LOS objects, 37% free, 26MB/42MB, paused 241us total 13.120ms
08-04 19:20:25.380 20639  7715 I art     : Starting a blocking GC Explicit
08-04 19:20:25.393 20639  7715 I art     : Explicit concurrent mark sweep GC freed 3(96B) AllocSpace objects, 0(0B) LOS objects, 37% free, 26MB/42MB, paused 224us total 13.165ms
08-04 19:20:25.400 20639  7715 I art     : Starting a blocking GC Explicit
08-04 19:20:25.413 20639  7715 I art     : Explicit concurrent mark sweep GC freed 3(96B) AllocSpace objects, 0(0B) LOS objects, 37% free, 26MB/42MB, paused 233us total 13.136ms
08-04 19:20:25.730 20639 20651 I art     : Starting a blocking GC Explicit
08-04 19:20:25.753 20639 20651 I art     : Explicit concurrent mark sweep GC freed 1584(91KB) AllocSpace objects, 1(20KB) LOS objects, 37% free, 26MB/42MB, paused 332us total 22.401ms
08-04 19:20:25.763 20639 20651 I art     : Starting a blocking GC Explicit
08-04 19:20:25.777 20639 20651 I art     : Explicit concurrent mark sweep GC freed 28(1024B) AllocSpace objects, 0(0B) LOS objects, 37% free, 26MB/42MB, paused 384us total 14.144ms
08-04 19:20:25.784 20639 20651 I art     : Starting a blocking GC Explicit
08-04 19:20:25.797 20639 20651 I art     : Explicit concurrent mark sweep GC freed 3(96B) AllocSpace objects, 0(0B) LOS objects, 37% free, 26MB/42MB, paused 260us total 13.068ms
08-04 19:20:25.803 20639 20651 I art     : Starting a blocking GC Explicit
08-04 19:20:25.816 20639 20651 I art     : Explicit concurrent mark sweep GC freed 3(96B) AllocSpace objects, 0(0B) LOS objects, 37% free, 26MB/42MB, paused 230us total 12.693ms
08-04 19:20:25.822 20639 20651 I art     : Starting a blocking GC Explicit
08-04 19:20:25.835 20639 20651 I art     : Explicit concurrent mark sweep GC freed 3(96B) AllocSpace objects, 0(0B) LOS objects, 37% free, 26MB/42MB, paused 239us total 12.829ms
08-04 19:20:26.124  7628  7628 I ServiceManager: Waiting for service AtCmdFwd...
08-04 19:20:26.147 20639 20650 I art     : Starting a blocking GC Explicit
08-04 19:20:26.153   918  3188 I hubconnection: sensorhub said: 'set_bias 3: -6.2016, 0.0000, 0.0000'
08-04 19:20:26.171 20639 20650 I art     : Explicit concurrent mark sweep GC freed 1583(91KB) AllocSpace objects, 1(20KB) LOS objects, 37% free, 26MB/42MB, paused 308us total 23.073ms
08-04 19:20:26.179 20639 20650 I art     : Starting a blocking GC Explicit
08-04 19:20:26.193 20639 20650 I art     : Explicit concurrent mark sweep GC freed 28(1024B) AllocSpace objects, 0(0B) LOS objects, 37% free, 26MB/42MB, paused 242us total 13.816ms
08-04 19:20:26.199 20639 20650 I art     : Starting a blocking GC Explicit
08-04 19:20:26.212 20639 20650 I art     : Explicit concurrent mark sweep GC freed 3(96B) AllocSpace objects, 0(0B) LOS objects, 37% free, 26MB/42MB, paused 235us total 12.700ms
08-04 19:20:26.218 20639 20650 I art     : Starting a blocking GC Explicit
08-04 19:20:26.231 20639 20650 I art     : Explicit concurrent mark sweep GC freed 3(96B) AllocSpace objects, 0(0B) LOS objects, 37% free, 26MB/42MB, paused 229us total 12.422ms
08-04 19:20:26.237 20639 20650 I art     : Starting a blocking GC Explicit
08-04 19:20:26.250 20639 20650 I art     : Explicit concurrent mark sweep GC freed 3(96B) AllocSpace objects, 0(0B) LOS objects, 37% free, 26MB/42MB, paused 219us total 12.651ms
08-04 19:20:26.412   918  3261 D WifiStateMachine: starting scan for "H369AA63323"WPA_PSK with 2412,5180
08-04 19:20:26.484 20639  7853 D Nappa   : TAG okHttpClient initialized
08-04 19:20:26.512 20639  7715 I art     : Starting a blocking GC Explicit
08-04 19:20:26.525 20639  7715 I art     : Explicit concurrent mark sweep GC freed 4224(422KB) AllocSpace objects, 18(360KB) LOS objects, 37% free, 26MB/42MB, paused 257us total 12.866ms
08-04 19:20:26.531 20639  7715 I art     : Starting a blocking GC Explicit
08-04 19:20:26.543 20639  7715 I art     : Explicit concurrent mark sweep GC freed 242(10KB) AllocSpace objects, 0(0B) LOS objects, 37% free, 26MB/42MB, paused 236us total 11.582ms
08-04 19:20:26.549 20639  7715 I art     : Starting a blocking GC Explicit
08-04 19:20:26.560 20639  7715 I art     : Explicit concurrent mark sweep GC freed 6(192B) AllocSpace objects, 0(0B) LOS objects, 37% free, 26MB/42MB, paused 239us total 11.116ms
08-04 19:20:26.566 20639  7715 I art     : Starting a blocking GC Explicit
08-04 19:20:26.577 20639  7715 I art     : Explicit concurrent mark sweep GC freed 3(96B) AllocSpace objects, 0(0B) LOS objects, 37% free, 26MB/42MB, paused 249us total 11.368ms
08-04 19:20:26.583 20639  7715 I art     : Starting a blocking GC Explicit
08-04 19:20:26.594 20639  7715 I art     : Explicit concurrent mark sweep GC freed 3(96B) AllocSpace objects, 0(0B) LOS objects, 37% free, 26MB/42MB, paused 231us total 11.297ms
08-04 19:20:26.758  7847  7847 D AndroidRuntime: >>>>>> START com.android.internal.os.RuntimeInit uid 2000 <<<<<<
08-04 19:20:26.763  7847  7847 D AndroidRuntime: CheckJNI is OFF
08-04 19:20:26.792  7847  7847 D ICU     : No timezone override file found: /data/misc/zoneinfo/current/icu/icu_tzdata.dat
08-04 19:20:26.817  7847  7847 I Radio-JNI: register_android_hardware_Radio DONE
08-04 19:20:26.833  7847  7847 D AndroidRuntime: Calling main entry com.android.commands.input.Input
08-04 19:20:26.835  7847  7847 I Input   : injectMotionEvent: MotionEvent { action=ACTION_DOWN, actionButton=0, id[0]=0, x[0]=594.0, y[0]=330.0, toolType[0]=TOOL_TYPE_UNKNOWN, buttonState=0, metaState=0, flags=0x0, edgeFlags=0x0, pointerCount=1, historySize=0, eventTime=732043248, downTime=732043248, deviceId=0, source=0x1002 }
08-04 19:20:26.840  7847  7847 I Input   : injectMotionEvent: MotionEvent { action=ACTION_UP, actionButton=0, id[0]=0, x[0]=594.0, y[0]=330.0, toolType[0]=TOOL_TYPE_UNKNOWN, buttonState=0, metaState=0, flags=0x0, edgeFlags=0x0, pointerCount=1, historySize=0, eventTime=732043248, downTime=732043248, deviceId=0, source=0x1002 }
08-04 19:20:26.843  7847  7847 D AndroidRuntime: Shutting down VM
08-04 19:20:26.858 20639 20651 I art     : Starting a blocking GC Explicit
08-04 19:20:26.872 20639 20651 I art     : Explicit concurrent mark sweep GC freed 1637(93KB) AllocSpace objects, 1(20KB) LOS objects, 37% free, 26MB/42MB, paused 261us total 13.827ms
08-04 19:20:26.879 20639 20651 I art     : Starting a blocking GC Explicit
08-04 19:20:26.892 20639 20651 I art     : Explicit concurrent mark sweep GC freed 28(1024B) AllocSpace objects, 0(0B) LOS objects, 37% free, 26MB/42MB, paused 275us total 12.802ms
08-04 19:20:26.898 20639 20651 I art     : Starting a blocking GC Explicit
08-04 19:20:26.908 20639 20639 D NappaIntentExtras: ==================
08-04 19:20:26.908 20639  7654 D Nappa   : PREFETCH_ON_EXTRA - notifyExtras- start
08-04 19:20:26.908 20639 20639 D NappaIntentExtras: Log #1
08-04 19:20:26.908 20639 20639 D NappaIntentExtras: ------------------
08-04 19:20:26.908 20639 20639 D NappaIntentExtras: activity nappatfpr.com.newsblur.activity.GlobalSharedStoriesReading
08-04 19:20:26.908 20639 20639 D NappaIntentExtras: 	- No extras registered
08-04 19:20:26.908 20639 20639 D NappaIntentExtras: activity nappatfpr.com.newsblur.activity.AllSharedStoriesItemsList
08-04 19:20:26.908 20639 20639 D NappaIntentExtras: 	- No extras registered
08-04 19:20:26.908 20639 20639 D NappaIntentExtras: activity nappatfpr.com.newsblur.activity.AllSharedStoriesReading
08-04 19:20:26.908 20639 20639 D NappaIntentExtras: 	- No extras registered
08-04 19:20:26.908 20639 20639 D NappaIntentExtras: activity nappatfpr.com.newsblur.activity.GlobalSharedStoriesItemsList
08-04 19:20:26.909 20639 20639 D NappaIntentExtras: 	- No extras registered
08-04 19:20:26.909 20639 20639 D NappaIntentExtras: activity nappatfpr.com.newsblur.activity.Main
08-04 19:20:26.909 20639 20639 D NappaIntentExtras: 	- 1 extras registered
08-04 19:20:26.909 20639 20639 D NappaIntentExtras: 	- feed_set : nappatfpr.com.newsblur.util.FeedSet@e
08-04 19:20:26.909 20639 20639 D NappaIntentExtras: ==================
08-04 19:20:26.910 20639  7654 I NAPPA_EXPERIMENTATION: MetricNappaPrefetchingStrategyExecutionTime: STRATEGY_CLASS='TfprPrefetchingStrategy',DURATION='1758386',NUMBER_OF_URLS='0',NUMBER_OF_SELECTED_CHILDREN_NODES='2',NUMBER_OF_CHILDREN_NODES='2',STRATEGY_RUN_SUCCESSFULLY='True',
08-04 19:20:26.911 20639  7654 D TfprPrefetchingStrategy: ==================================
08-04 19:20:26.911 20639  7654 D TfprPrefetchingStrategy: Starting Run #1
08-04 19:20:26.911 20639  7654 D TfprPrefetchingStrategy: ----------------------------------
08-04 19:20:26.911 20639  7654 D TfprPrefetchingStrategy: Node data Main 
08-04 19:20:26.911 20639  7654 D TfprPrefetchingStrategy: 	Successors:
08-04 19:20:26.911 20639  7654 D TfprPrefetchingStrategy: 		AllSharedStoriesItemsList (0 hits)
08-04 19:20:26.911 20639  7654 D TfprPrefetchingStrategy: 		GlobalSharedStoriesItemsList (0 hits)
08-04 19:20:26.911 20639  7654 D TfprPrefetchingStrategy: 	Ancestors:
08-04 19:20:26.911 20639  7654 D TfprPrefetchingStrategy: 
08-04 19:20:26.911 20639  7654 D TfprPrefetchingStrategy: 
08-04 19:20:26.911 20639  7654 D TfprPrefetchingStrategy: MetricStrategyAccuracy inc execution count1 | act = false; extra = true
08-04 19:20:26.911 20639  7654 D TfprPrefetchingStrategy: ===
08-04 19:20:26.911 20639  7654 D TfprPrefetchingStrategy: calculateVisitTimeScores
08-04 19:20:26.911 20639  7654 D TfprPrefetchingStrategy: -------- Node GlobalSharedStoriesItemsList-----------
08-04 19:20:26.911 20639  7654 D TfprPrefetchingStrategy: tfprNode.aggregateVisitTime = 101793
08-04 19:20:26.911 20639  7654 D TfprPrefetchingStrategy: tfprNode.totalAggregateVisitTimeFromSuccessors = 85351
08-04 19:20:26.911 20639  7654 D TfprPrefetchingStrategy: tfprNode.aggregateVisitTimeFromSuccessors = {nappatfpr.com.newsblur.activity.GlobalSharedStoriesReading=85351}
08-04 19:20:26.911 20639  7654 D TfprPrefetchingStrategy: -------- Node Main-----------
08-04 19:20:26.911 20639  7654 D TfprPrefetchingStrategy: tfprNode.aggregateVisitTime = 42315
08-04 19:20:26.911 20639  7654 D TfprPrefetchingStrategy: tfprNode.totalAggregateVisitTimeFromSuccessors = 165878
08-04 19:20:26.911 20639  7654 D TfprPrefetchingStrategy: tfprNode.aggregateVisitTimeFromSuccessors = {nappatfpr.com.newsblur.activity.GlobalSharedStoriesItemsList=82879, nappatfpr.com.newsblur.activity.AllSharedStoriesItemsList=82999}
08-04 19:20:26.911 20639  7654 D TfprPrefetchingStrategy: -------- Node AllSharedStoriesItemsList-----------
08-04 19:20:26.911 20639  7654 D TfprPrefetchingStrategy: tfprNode.aggregateVisitTime = 101904
08-04 19:20:26.911 20639  7654 D TfprPrefetchingStrategy: tfprNode.totalAggregateVisitTimeFromSuccessors = 85545
08-04 19:20:26.911 20639  7654 D TfprPrefetchingStrategy: tfprNode.aggregateVisitTimeFromSuccessors = {nappatfpr.com.newsblur.activity.AllSharedStoriesReading=85545}
08-04 19:20:26.911 20639  7654 D TfprPrefetchingStrategy: -------- Graph -----------
08-04 19:20:26.911 20639  7654 D TfprPrefetchingStrategy: tfprGraph.aggregateVisitTimeFromSuccessors = 246012
08-04 19:20:26.911 20639  7654 D TfprPrefetchingStrategy: ===
08-04 19:20:26.911 20639  7654 D TfprPrefetchingStrategy: ===
08-04 19:20:26.911 20639  7654 D TfprPrefetchingStrategy: runTfprAlgorithm
08-04 19:20:26.911 20639  7654 D TfprPrefetchingStrategy: ------------- TFPR calculation #1 of 10 -----------
08-04 19:20:26.911 20639  7654 D TfprPrefetchingStrategy: node GlobalSharedStoriesItemsList score = 0.35170665
08-04 19:20:26.911 20639  7654 D TfprPrefetchingStrategy: node Main score = 0.14620323
08-04 19:20:26.911 20639  7654 D TfprPrefetchingStrategy: node AllSharedStoriesItemsList score = 0.36306337
08-04 19:20:26.911 20639  7654 D TfprPrefetchingStrategy: ------------- TFPR calculation #2 of 10 -----------
08-04 19:20:26.912 20639  7654 D TfprPrefetchingStrategy: node GlobalSharedStoriesItemsList score = 0.36266395
08-04 19:20:26.912 20639  7654 D TfprPrefetchingStrategy: node Main score = 0.14620323
08-04 19:20:26.912 20639  7654 D TfprPrefetchingStrategy: node AllSharedStoriesItemsList score = 0.36306337
08-04 19:20:26.912 20639  7654 D TfprPrefetchingStrategy: ------------- TFPR calculation #3 of 10 -----------
08-04 19:20:26.912 20639  7654 D TfprPrefetchingStrategy: node GlobalSharedStoriesItemsList score = 0.36266395
08-04 19:20:26.912 20639  7654 D TfprPrefetchingStrategy: node Main score = 0.14620323
08-04 19:20:26.912 20639  7654 D TfprPrefetchingStrategy: node AllSharedStoriesItemsList score = 0.36306337
08-04 19:20:26.912 20639  7654 D TfprPrefetchingStrategy: ------------- TFPR calculation #4 of 10 -----------
08-04 19:20:26.913 20639  7654 D TfprPrefetchingStrategy: node GlobalSharedStoriesItemsList score = 0.36266395
08-04 19:20:26.913 20639  7654 D TfprPrefetchingStrategy: node Main score = 0.14620323
08-04 19:20:26.913 20639  7654 D TfprPrefetchingStrategy: node AllSharedStoriesItemsList score = 0.36306337
08-04 19:20:26.913 20639  7654 D TfprPrefetchingStrategy: ------------- TFPR calculation #5 of 10 -----------
08-04 19:20:26.913 20639  7654 D TfprPrefetchingStrategy: node GlobalSharedStoriesItemsList score = 0.36266395
08-04 19:20:26.913 20639  7654 D TfprPrefetchingStrategy: node Main score = 0.14620323
08-04 19:20:26.913 20639  7654 D TfprPrefetchingStrategy: node AllSharedStoriesItemsList score = 0.36306337
08-04 19:20:26.913 20639  7654 D TfprPrefetchingStrategy: ------------- TFPR calculation #6 of 10 -----------
08-04 19:20:26.913 20639  7654 D TfprPrefetchingStrategy: node GlobalSharedStoriesItemsList score = 0.36266395
08-04 19:20:26.913 20639  7654 D TfprPrefetchingStrategy: node Main score = 0.14620323
08-04 19:20:26.913 20639  7654 D TfprPrefetchingStrategy: node AllSharedStoriesItemsList score = 0.36306337
08-04 19:20:26.913 20639  7654 D TfprPrefetchingStrategy: ------------- TFPR calculation #7 of 10 -----------
08-04 19:20:26.913 20639  7654 D TfprPrefetchingStrategy: node GlobalSharedStoriesItemsList score = 0.36266395
08-04 19:20:26.913 20639  7654 D TfprPrefetchingStrategy: node Main score = 0.14620323
08-04 19:20:26.913 20639  7654 D TfprPrefetchingStrategy: node AllSharedStoriesItemsList score = 0.36306337
08-04 19:20:26.913 20639  7654 D TfprPrefetchingStrategy: ------------- TFPR calculation #8 of 10 -----------
08-04 19:20:26.913 20639 20651 I art     : Explicit concurrent mark sweep GC freed 1078(91KB) AllocSpace objects, 0(0B) LOS objects, 37% free, 26MB/42MB, paused 1.002ms total 14.878ms
08-04 19:20:26.913 20639  7654 D TfprPrefetchingStrategy: node GlobalSharedStoriesItemsList score = 0.36266395
08-04 19:20:26.913 20639  7654 D TfprPrefetchingStrategy: node Main score = 0.14620323
08-04 19:20:26.913 20639  7654 D TfprPrefetchingStrategy: node AllSharedStoriesItemsList score = 0.36306337
08-04 19:20:26.913 20639  7654 D TfprPrefetchingStrategy: ------------- TFPR calculation #9 of 10 -----------
08-04 19:20:26.914 20639  7654 D TfprPrefetchingStrategy: node GlobalSharedStoriesItemsList score = 0.36266395
08-04 19:20:26.914 20639  7654 D TfprPrefetchingStrategy: node Main score = 0.14620323
08-04 19:20:26.914 20639  7654 D TfprPrefetchingStrategy: node AllSharedStoriesItemsList score = 0.36306337
08-04 19:20:26.914 20639  7654 D TfprPrefetchingStrategy: ------------- TFPR calculation #10 of 10 -----------
08-04 19:20:26.914 20639  7654 D TfprPrefetchingStrategy: node GlobalSharedStoriesItemsList score = 0.36266395
08-04 19:20:26.914 20639  7654 D TfprPrefetchingStrategy: node Main score = 0.14620323
08-04 19:20:26.914 20639  7654 D TfprPrefetchingStrategy: node AllSharedStoriesItemsList score = 0.36306337
08-04 19:20:26.914 20639  7654 D TfprPrefetchingStrategy: ===
08-04 19:20:26.914 20639  7654 D TfprPrefetchingStrategy: ===
08-04 19:20:26.914 20639  7654 D TfprPrefetchingStrategy: getSuccessorListSortByTfprScore
08-04 19:20:26.914 20639  7654 D TfprPrefetchingStrategy: Successors before the sort [TfprNode{AllSharedStoriesItemsList : TFPR = 0.36306337}, TfprNode{GlobalSharedStoriesItemsList : TFPR = 0.36266395}]
08-04 19:20:26.914 20639  7654 D TfprPrefetchingStrategy: Successors sorted by highest to lowest score (N2 - N1 comparator) are [TfprNode{AllSharedStoriesItemsList : TFPR = 0.36306337}, TfprNode{GlobalSharedStoriesItemsList : TFPR = 0.36266395}]
08-04 19:20:26.914 20639  7654 D TfprPrefetchingStrategy: Selected the following nodes:
08-04 19:20:26.914 20639  7654 D TfprPrefetchingStrategy: #1 - AllSharedStoriesItemsList with score 0.36306337
08-04 19:20:26.914 20639  7654 D TfprPrefetchingStrategy: #2 - GlobalSharedStoriesItemsList with score 0.36266395
08-04 19:20:26.914 20639  7654 D TfprPrefetchingStrategy: successors with high score = [AllSharedStoriesItemsList 
08-04 19:20:26.914 20639  7654 D TfprPrefetchingStrategy: 	Successors:
08-04 19:20:26.914 20639  7654 D TfprPrefetchingStrategy: 		AllSharedStoriesReading (0 hits)
08-04 19:20:26.914 20639  7654 D TfprPrefetchingStrategy: 	Ancestors:
08-04 19:20:26.914 20639  7654 D TfprPrefetchingStrategy: 		Main (0 hits)
08-04 19:20:26.914 20639  7654 D TfprPrefetchingStrategy: 
08-04 19:20:26.914 20639  7654 D TfprPrefetchingStrategy: , GlobalSharedStoriesItemsList 
08-04 19:20:26.914 20639  7654 D TfprPrefetchingStrategy: 	Successors:
08-04 19:20:26.914 20639  7654 D TfprPrefetchingStrategy: 		GlobalSharedStoriesReading (0 hits)
08-04 19:20:26.914 20639  7654 D TfprPrefetchingStrategy: 	Ancestors:
08-04 19:20:26.914 20639  7654 D TfprPrefetchingStrategy: 		Main (0 hits)
08-04 19:20:26.914 20639  7654 D TfprPrefetchingStrategy: 
08-04 19:20:26.914 20639  7654 D TfprPrefetchingStrategy: ]
08-04 19:20:26.914 20639  7654 D TfprPrefetchingStrategy: ===
08-04 19:20:26.914 20639  7654 D TfprPrefetchingStrategy: Selected node AllSharedStoriesItemsList containing the URLS []
08-04 19:20:26.914 20639  7654 D TfprPrefetchingStrategy: Selected node GlobalSharedStoriesItemsList containing the URLS []
08-04 19:20:26.914 20639  7654 D TfprPrefetchingStrategy: Next visited child will be [nappatfpr.com.newsblur.activity.AllSharedStoriesItemsList, nappatfpr.com.newsblur.activity.GlobalSharedStoriesItemsList]
08-04 19:20:26.914 20639  7654 D TfprPrefetchingStrategy: ==================================
08-04 19:20:26.914 20639  7654 D Nappa   : PREFETCH_ON_EXTRA - notifyExtras- end
08-04 19:20:26.914 20639  7654 D Nappa   : PREFSTRAT2 ADDING NEW ACTEXTRADATA
08-04 19:20:26.914   918  5952 I ActivityManager: START u0 {cmp=nappatfpr.com.newsblur/.activity.GlobalSharedStoriesItemsList (has extras)} from uid 10658 on display 0
08-04 19:20:26.920 20639 20651 I art     : Starting a blocking GC Explicit
08-04 19:20:26.923 20639 20639 D NappaLifecycleObserver: nappatfpr.com.newsblur.activity.Main - onPause
08-04 19:20:26.923 20639 20639 D Nappa   : Stayed on nappatfpr.com.newsblur.activity.Main for 5309 ms
08-04 19:20:26.936 20639  7880 I nappatfpr.com.newsblur.database.BlurDatabaseHelper: reading session reset
08-04 19:20:26.940 20639 20651 I art     : Explicit concurrent mark sweep GC freed 1075(110KB) AllocSpace objects, 3(60KB) LOS objects, 37% free, 26MB/42MB, paused 2.344ms total 19.378ms
08-04 19:20:26.946 20639 20651 I art     : Starting a blocking GC Explicit
08-04 19:20:26.960 20639 20651 I art     : Explicit concurrent mark sweep GC freed 1511(134KB) AllocSpace objects, 3(184KB) LOS objects, 37% free, 26MB/42MB, paused 725us total 14.025ms
08-04 19:20:27.006 20639 20639 D NappaLifecycleObserver: nappatfpr.com.newsblur.activity.GlobalSharedStoriesItemsList - onResume
08-04 19:20:27.006 20639 20639 D Nappa   : setCurrentActivity - MetricStrategyAccuracy - 
08-04 19:20:27.006 20639 20639 D Nappa   : madePredictionFromActivity = false, 
08-04 19:20:27.006 20639 20639 D Nappa   : fromActivity = nappatfpr.com.newsblur.activity.Main, 
08-04 19:20:27.006 20639 20639 D Nappa   : predictedNextActivityFromActivity = [], 
08-04 19:20:27.006 20639 20639 D Nappa   : activity.getClass().getCanonicalName() = nappatfpr.com.newsblur.activity.GlobalSharedStoriesItemsList, 
08-04 19:20:27.006 20639 20639 D Nappa   : setCurrentActivity - MetricStrategyAccuracy - 
08-04 19:20:27.006 20639 20639 D Nappa   : madePredictionFromExtra = true, 
08-04 19:20:27.006 20639 20639 D Nappa   : fromActivity = nappatfpr.com.newsblur.activity.Main, 
08-04 19:20:27.006 20639 20639 D Nappa   : predictedNextActivityFromExtra = [nappatfpr.com.newsblur.activity.AllSharedStoriesItemsList, nappatfpr.com.newsblur.activity.GlobalSharedStoriesItemsList], 
08-04 19:20:27.006 20639 20639 D Nappa   : activity.getClass().getCanonicalName() = nappatfpr.com.newsblur.activity.GlobalSharedStoriesItemsList, 
08-04 19:20:27.007 20639 20639 D Nappa   : PREFETCH_ON_EXTRA - setCurrentActivity - logs - from activity - made prediction isfalse
08-04 19:20:27.107 20639 20639 D Nappa   : registerActivity: (already in) nappatfpr.com.newsblur.activity.GlobalSharedStoriesItemsList
08-04 19:20:27.107 20639 20639 D ActivityNode: ACTNODE UPDATING AFTER LOADING FROM DB
08-04 19:20:27.108 20639 20639 D ActivityGraph: LARDataCalculatedUpdate nappatfpr.com.newsblur.activity.GlobalSharedStoriesItemsList Pagerank: 0.25 HITS-Authority: 1.0 HITS-Hub: 1.0 SALSA-Authority: 1.0 SALSA-Hub: 1.0
08-04 19:20:27.108 20639 20639 D Nappa   : SHOULD_PREFETCH true
08-04 19:20:27.125  7628  7628 I ServiceManager: Waiting for service AtCmdFwd...
08-04 19:20:27.201 20639  7715 I art     : Starting a blocking GC Explicit
08-04 19:20:27.209 20639 20639 D Nappa   : registerActivity: (already in) nappatfpr.com.newsblur.activity.GlobalSharedStoriesItemsList
08-04 19:20:27.209 20639 20639 D Nappa   : SUCCESSORS nappatfpr.com.newsblur.activity.GlobalSharedStoriesReading
08-04 19:20:27.209 20639 20639 D Nappa   : STATS Number of requests not prefetched: 2
08-04 19:20:27.209 20639 20639 D Nappa   : STATS Number of requests prefetched: 0
08-04 19:20:27.209 20639 20639 D Nappa   : STATS Time saved until now: 0.0
08-04 19:20:27.214 20639 20639 D ActivityNode: Observer - intent extra - GlobalSharedStoriesItemsList
08-04 19:20:27.214 20639 20639 D ActivityNode: Extras:
08-04 19:20:27.214 20639 20639 D ActivityNode: 	activity ID 2( key feed_set)
08-04 19:20:27.214 20639 20639 D ActivityNode: 	activity ID 2( key story_hash)
08-04 19:20:27.214 20639 20639 D ActivityNode: 	activity ID 2( key feed_set)
08-04 19:20:27.214 20639 20639 D ActivityNode: 	activity ID 2( key story_hash)
08-04 19:20:27.214 20639 20639 D ActivityNode: 	activity ID 2( key feed_set)
08-04 19:20:27.214 20639 20639 D ActivityNode: 	activity ID 2( key story_hash)
08-04 19:20:27.214 20639 20639 D ActivityNode: 	activity ID 2( key feed_set)
08-04 19:20:27.214 20639 20639 D ActivityNode: 	activity ID 2( key story_hash)
08-04 19:20:27.214 20639 20639 D ActivityNode: 	activity ID 2( key feed_set)
08-04 19:20:27.214 20639 20639 D ActivityNode: 	activity ID 2( key story_hash)
08-04 19:20:27.214 20639 20639 D ActivityNode: 	activity ID 2( key feed_set)
08-04 19:20:27.214 20639 20639 D ActivityNode: 	activity ID 2( key story_hash)
08-04 19:20:27.214 20639 20639 D ActivityNode: 	activity ID 2( key feed_set)
08-04 19:20:27.214 20639 20639 D ActivityNode: 	activity ID 2( key story_hash)
08-04 19:20:27.214 20639 20639 D ActivityNode: 	activity ID 2( key feed_set)
08-04 19:20:27.214 20639 20639 D ActivityNode: 	activity ID 2( key story_hash)
08-04 19:20:27.214 20639 20639 D ActivityNode: 	activity ID 2( key feed_set)
08-04 19:20:27.214 20639 20639 D ActivityNode: 	activity ID 2( key story_hash)
08-04 19:20:27.214 20639 20639 D ActivityNode: 	activity ID 2( key feed_set)
08-04 19:20:27.214 20639 20639 D ActivityNode: 	activity ID 2( key story_hash)
08-04 19:20:27.214 20639 20639 D ActivityNode: 	activity ID 2( key feed_set)
08-04 19:20:27.214 20639 20639 D ActivityNode: 	activity ID 2( key story_hash)
08-04 19:20:27.214 20639 20639 D ActivityNode: 	activity ID 2( key feed_set)
08-04 19:20:27.214 20639 20639 D ActivityNode: 	activity ID 2( key story_hash)
08-04 19:20:27.214 20639 20639 D ActivityNode: 	activity ID 2( key feed_set)
08-04 19:20:27.214 20639 20639 D ActivityNode: 	activity ID 2( key story_hash)
08-04 19:20:27.214 20639 20639 D ActivityNode: 	activity ID 2( key feed_set)
08-04 19:20:27.214 20639 20639 D ActivityNode: 	activity ID 2( key story_hash)
08-04 19:20:27.214 20639 20639 D ActivityNode: 	activity ID 2( key feed_set)
08-04 19:20:27.214 20639 20639 D ActivityNode: 	activity ID 2( key story_hash)
08-04 19:20:27.214 20639 20639 D ActivityNode: 	activity ID 2( key feed_set)
08-04 19:20:27.214 20639 20639 D ActivityNode: 	activity ID 2( key story_hash)
08-04 19:20:27.214 20639 20639 D ActivityNode: 	activity ID 2( key feed_set)
08-04 19:20:27.214 20639 20639 D ActivityNode: 	activity ID 2( key story_hash)
08-04 19:20:27.214 20639 20639 D ActivityNode: 	activity ID 2( key feed_set)
08-04 19:20:27.214 20639 20639 D ActivityNode: 	activity ID 2( key story_hash)
08-04 19:20:27.214 20639 20639 D ActivityNode: 	activity ID 2( key feed_set)
08-04 19:20:27.214 20639 20639 D ActivityNode: 	activity ID 2( key story_hash)
08-04 19:20:27.214 20639 20639 D ActivityNode: 	activity ID 2( key feed_set)
08-04 19:20:27.214 20639 20639 D ActivityNode: 	activity ID 2( key story_hash)
08-04 19:20:27.214 20639 20639 D ActivityNode: 	activity ID 2( key feed_set)
08-04 19:20:27.214 20639 20639 D ActivityNode: 	activity ID 2( key story_hash)
08-04 19:20:27.214 20639 20639 D ActivityNode: 	activity ID 2( key feed_set)
08-04 19:20:27.214 20639 20639 D ActivityNode: 	activity ID 2( key story_hash)
08-04 19:20:27.214 20639 20639 D ActivityNode: 	activity ID 2( key feed_set)
08-04 19:20:27.214 20639 20639 D ActivityNode: 	activity ID 2( key story_hash)
08-04 19:20:27.214 20639 20639 D ActivityNode: 	activity ID 2( key feed_set)
08-04 19:20:27.214 20639 20639 D ActivityNode: 	activity ID 2( key story_hash)
08-04 19:20:27.214 20639 20639 D ActivityNode: Observer - intent extra - AllSharedStoriesItemsList
08-04 19:20:27.214 20639 20639 D ActivityNode: Extras:
08-04 19:20:27.214 20639 20639 D ActivityNode: 	activity ID 4( key feed_set)
08-04 19:20:27.214 20639 20639 D ActivityNode: 	activity ID 4( key story_hash)
08-04 19:20:27.214 20639 20639 D ActivityNode: 	activity ID 4( key feed_set)
08-04 19:20:27.214 20639 20639 D ActivityNode: 	activity ID 4( key story_hash)
08-04 19:20:27.214 20639 20639 D ActivityNode: 	activity ID 4( key feed_set)
08-04 19:20:27.214 20639 20639 D ActivityNode: 	activity ID 4( key story_hash)
08-04 19:20:27.214 20639 20639 D ActivityNode: 	activity ID 4( key feed_set)
08-04 19:20:27.214 20639 20639 D ActivityNode: 	activity ID 4( key story_hash)
08-04 19:20:27.214 20639 20639 D ActivityNode: 	activity ID 4( key feed_set)
08-04 19:20:27.214 20639 20639 D ActivityNode: 	activity ID 4( key story_hash)
08-04 19:20:27.214 20639 20639 D ActivityNode: 	activity ID 4( key feed_set)
08-04 19:20:27.214 20639 20639 D ActivityNode: 	activity ID 4( key story_hash)
08-04 19:20:27.214 20639 20639 D ActivityNode: 	activity ID 4( key feed_set)
08-04 19:20:27.214 20639 20639 D ActivityNode: 	activity ID 4( key story_hash)
08-04 19:20:27.214 20639 20639 D ActivityNode: 	activity ID 4( key feed_set)
08-04 19:20:27.214 20639 20639 D ActivityNode: 	activity ID 4( key story_hash)
08-04 19:20:27.214 20639 20639 D ActivityNode: 	activity ID 4( key feed_set)
08-04 19:20:27.214 20639 20639 D ActivityNode: 	activity ID 4( key story_hash)
08-04 19:20:27.214 20639 20639 D ActivityNode: 	activity ID 4( key feed_set)
08-04 19:20:27.214 20639 20639 D ActivityNode: 	activity ID 4( key story_hash)
08-04 19:20:27.214 20639 20639 D ActivityNode: 	activity ID 4( key feed_set)
08-04 19:20:27.214 20639 20639 D ActivityNode: 	activity ID 4( key story_hash)
08-04 19:20:27.214 20639 20639 D ActivityNode: 	activity ID 4( key feed_set)
08-04 19:20:27.214 20639 20639 D ActivityNode: 	activity ID 4( key story_hash)
08-04 19:20:27.214 20639 20639 D ActivityNode: 	activity ID 4( key feed_set)
08-04 19:20:27.214 20639 20639 D ActivityNode: 	activity ID 4( key story_hash)
08-04 19:20:27.214 20639 20639 D ActivityNode: 	activity ID 4( key feed_set)
08-04 19:20:27.214 20639 20639 D ActivityNode: 	activity ID 4( key story_hash)
08-04 19:20:27.214 20639 20639 D ActivityNode: 	activity ID 4( key feed_set)
08-04 19:20:27.214 20639 20639 D ActivityNode: 	activity ID 4( key story_hash)
08-04 19:20:27.214 20639 20639 D ActivityNode: 	activity ID 4( key feed_set)
08-04 19:20:27.214 20639 20639 D ActivityNode: 	activity ID 4( key story_hash)
08-04 19:20:27.214 20639 20639 D ActivityNode: 	activity ID 4( key feed_set)
08-04 19:20:27.214 20639 20639 D ActivityNode: 	activity ID 4( key story_hash)
08-04 19:20:27.214 20639 20639 D ActivityNode: 	activity ID 4( key feed_set)
08-04 19:20:27.214 20639 20639 D ActivityNode: 	activity ID 4( key story_hash)
08-04 19:20:27.214 20639 20639 D ActivityNode: 	activity ID 4( key feed_set)
08-04 19:20:27.214 20639 20639 D ActivityNode: 	activity ID 4( key story_hash)
08-04 19:20:27.214 20639 20639 D ActivityNode: 	activity ID 4( key feed_set)
08-04 19:20:27.214 20639 20639 D ActivityNode: 	activity ID 4( key story_hash)
08-04 19:20:27.214 20639 20639 D ActivityNode: 	activity ID 4( key feed_set)
08-04 19:20:27.214 20639 20639 D ActivityNode: 	activity ID 4( key story_hash)
08-04 19:20:27.214 20639 20639 D ActivityNode: 	activity ID 4( key feed_set)
08-04 19:20:27.214 20639 20639 D ActivityNode: 	activity ID 4( key story_hash)
08-04 19:20:27.214 20639 20639 D ActivityNode: 	activity ID 4( key feed_set)
08-04 19:20:27.214 20639 20639 D ActivityNode: 	activity ID 4( key story_hash)
08-04 19:20:27.214 20639 20639 D ActivityNode: 	activity ID 4( key feed_set)
08-04 19:20:27.214 20639 20639 D ActivityNode: 	activity ID 4( key story_hash)
08-04 19:20:27.214 20639 20639 D ActivityNode: Observer - intent extra - GlobalSharedStoriesReading
08-04 19:20:27.214 20639 20639 D ActivityNode: Extras:
08-04 19:20:27.214 20639 20639 D ActivityNode: Observer - intent extra - AllSharedStoriesReading
08-04 19:20:27.214 20639 20639 D ActivityNode: Extras:
08-04 19:20:27.214 20639 20639 D ActivityNode: Observer - intent extra - Main
08-04 19:20:27.214 20639 20639 D ActivityNode: Extras:
08-04 19:20:27.214 20639 20639 D ActivityNode: 	activity ID 1( key feed_set)
08-04 19:20:27.214 20639 20639 D ActivityNode: 	activity ID 1( key feed_set)
08-04 19:20:27.214 20639 20639 D ActivityNode: 	activity ID 1( key feed_set)
08-04 19:20:27.214 20639 20639 D ActivityNode: 	activity ID 1( key feed_set)
08-04 19:20:27.214 20639 20639 D ActivityNode: 	activity ID 1( key feed_set)
08-04 19:20:27.214 20639 20639 D ActivityNode: 	activity ID 1( key feed_set)
08-04 19:20:27.214 20639 20639 D ActivityNode: 	activity ID 1( key feed_set)
08-04 19:20:27.214 20639 20639 D ActivityNode: 	activity ID 1( key feed_set)
08-04 19:20:27.214 20639 20639 D ActivityNode: 	activity ID 1( key feed_set)
08-04 19:20:27.214 20639 20639 D ActivityNode: 	activity ID 1( key feed_set)
08-04 19:20:27.214 20639 20639 D ActivityNode: 	activity ID 1( key feed_set)
08-04 19:20:27.214 20639 20639 D ActivityNode: 	activity ID 1( key feed_set)
08-04 19:20:27.214 20639 20639 D ActivityNode: 	activity ID 1( key feed_set)
08-04 19:20:27.214 20639 20639 D ActivityNode: 	activity ID 1( key feed_set)
08-04 19:20:27.214 20639 20639 D ActivityNode: 	activity ID 1( key feed_set)
08-04 19:20:27.214 20639 20639 D ActivityNode: 	activity ID 1( key feed_set)
08-04 19:20:27.214 20639 20639 D ActivityNode: 	activity ID 1( key feed_set)
08-04 19:20:27.214 20639 20639 D ActivityNode: 	activity ID 1( key feed_set)
08-04 19:20:27.214 20639 20639 D ActivityNode: 	activity ID 1( key feed_set)
08-04 19:20:27.214 20639 20639 D ActivityNode: 	activity ID 1( key feed_set)
08-04 19:20:27.214 20639 20639 D ActivityNode: 	activity ID 1( key feed_set)
08-04 19:20:27.214 20639 20639 D ActivityNode: 	activity ID 1( key feed_set)
08-04 19:20:27.214 20639 20639 D ActivityNode: 	activity ID 1( key feed_set)
08-04 19:20:27.214 20639 20639 D ActivityNode: 	activity ID 1( key feed_set)
08-04 19:20:27.214 20639 20639 D ActivityNode: 	activity ID 1( key feed_set)
08-04 19:20:27.214 20639 20639 D ActivityNode: 	activity ID 1( key feed_set)
08-04 19:20:27.214 20639 20639 D ActivityNode: 	activity ID 1( key feed_set)
08-04 19:20:27.214 20639 20639 D ActivityNode: 	activity ID 1( key feed_set)
08-04 19:20:27.214 20639 20639 D ActivityNode: 	activity ID 1( key feed_set)
08-04 19:20:27.214 20639 20639 D ActivityNode: 	activity ID 1( key feed_set)
08-04 19:20:27.214 20639 20639 D ActivityNode: 	activity ID 1( key feed_set)
08-04 19:20:27.214 20639 20639 D ActivityNode: 	activity ID 1( key feed_set)
08-04 19:20:27.214 20639 20639 D ActivityNode: 	activity ID 1( key feed_set)
08-04 19:20:27.220 20639  7715 I art     : Explicit concurrent mark sweep GC freed 5026(402KB) AllocSpace objects, 3(60KB) LOS objects, 36% free, 27MB/43MB, paused 1.030ms total 19.184ms
08-04 19:20:27.221 20639 20639 D ActivityNode: Observer - successor visit time - Main - Updating the visit time from the successors list:
08-04 19:20:27.221 20639 20639 D ActivityNode: [AggregateVisitTimeByActivity{nappatfpr.com.newsblur.activity.GlobalSharedStoriesItemsList : 82879 ms}, AggregateVisitTimeByActivity{nappatfpr.com.newsblur.activity.AllSharedStoriesItemsList : 82999 ms}]
08-04 19:20:27.221 20639 20639 D ActivityNode: Observer - visit time - Main - New aggregate visit time found is 47624 ms
08-04 19:20:27.221 20639 20639 D ActivityNode: Observer - successor visit time - GlobalSharedStoriesItemsList - Updating the visit time from the successors list:
08-04 19:20:27.221 20639 20639 D ActivityNode: [AggregateVisitTimeByActivity{nappatfpr.com.newsblur.activity.GlobalSharedStoriesReading : 85351 ms}]
08-04 19:20:27.232 20639  7715 I art     : Starting a blocking GC Explicit
08-04 19:20:27.246 20639  7715 I art     : Explicit concurrent mark sweep GC freed 1130(56KB) AllocSpace objects, 0(0B) LOS objects, 36% free, 27MB/43MB, paused 331us total 13.296ms
08-04 19:20:27.251 20639  7715 I art     : Starting a blocking GC Explicit
08-04 19:20:27.264 20639  7715 I art     : Explicit concurrent mark sweep GC freed 377(13KB) AllocSpace objects, 0(0B) LOS objects, 36% free, 27MB/43MB, paused 296us total 12.227ms
08-04 19:20:27.269 20639 20639 D ActivityNode: Observer - session data - sourceMain
08-04 19:20:27.269 20639 20639 D ActivityNode: destinations:
08-04 19:20:27.269 20639 20639 D ActivityNode: 	nappatfpr.com.newsblur.activity.GlobalSharedStoriesItemsList( count 9)
08-04 19:20:27.269 20639 20639 D ActivityNode: 	nappatfpr.com.newsblur.activity.AllSharedStoriesItemsList( count 8)
08-04 19:20:27.271 20639  7715 I art     : Starting a blocking GC Explicit
08-04 19:20:27.271 20639  7892 D Nappa   : TAG okHttpClient initialized
08-04 19:20:27.272 20639 20639 D ActivityNode: Observer - session data - sourceGlobalSharedStoriesItemsList
08-04 19:20:27.272 20639 20639 D ActivityNode: destinations:
08-04 19:20:27.272 20639 20639 D ActivityNode: 	nappatfpr.com.newsblur.activity.GlobalSharedStoriesReading( count 12)
08-04 19:20:27.272 20639 20639 D ActivityNode: Observer - successor visit time - AllSharedStoriesItemsList - Updating the visit time from the successors list:
08-04 19:20:27.272 20639 20639 D ActivityNode: [AggregateVisitTimeByActivity{nappatfpr.com.newsblur.activity.AllSharedStoriesReading : 85545 ms}]
08-04 19:20:27.272 20639 20639 D ActivityNode: Observer - session data - sourceGlobalSharedStoriesReading
08-04 19:20:27.272 20639 20639 D ActivityNode: destinations:
08-04 19:20:27.272 20639 20639 D ActivityNode: Observer - successor visit time - GlobalSharedStoriesItemsList - Updating the visit time from the successors list:
08-04 19:20:27.272 20639 20639 D ActivityNode: [AggregateVisitTimeByActivity{nappatfpr.com.newsblur.activity.GlobalSharedStoriesReading : 85351 ms}]
08-04 19:20:27.272 20639 20639 D ActivityNode: Observer - session data - sourceAllSharedStoriesReading
08-04 19:20:27.272 20639 20639 D ActivityNode: destinations:
08-04 19:20:27.272 20639 20639 D ActivityNode: Observer - successor visit time - Main - Updating the visit time from the successors list:
08-04 19:20:27.272 20639 20639 D ActivityNode: [AggregateVisitTimeByActivity{nappatfpr.com.newsblur.activity.GlobalSharedStoriesItemsList : 82879 ms}, AggregateVisitTimeByActivity{nappatfpr.com.newsblur.activity.AllSharedStoriesItemsList : 82999 ms}]
08-04 19:20:27.273 20639 20639 D ActivityNode: Observer - session data - sourceAllSharedStoriesItemsList
08-04 19:20:27.273 20639 20639 D ActivityNode: destinations:
08-04 19:20:27.273 20639 20639 D ActivityNode: 	nappatfpr.com.newsblur.activity.AllSharedStoriesReading( count 12)
08-04 19:20:27.275 20639 20639 W View    : requestLayout() improperly called by android.widget.FrameLayout{32724c0 V.E...... ......ID 0,0-1440,0 #7f070061 app:id/footer_view_inner} during layout: running second layout pass
08-04 19:20:27.275 20639 20639 W View    : requestLayout() improperly called by android.widget.FrameLayout{15d55f9 V.E...... ......ID 0,0-1440,476 #7f070061 app:id/footer_view_inner} during layout: running second layout pass
08-04 19:20:27.280 20639  7892 D CustomInterceptor: NETWORK-PROVIDER https://www.newsblur.com/social/river_stories?order=newest&page=1&read_filter=all&global_feed=true
08-04 19:20:27.280 20639  7892 D Nappa   : F1_SCORE add_intercept_url - (new) - https://www.newsblur.com/social/river_stories?order=newest&page=1&read_filter=all&global_feed=true
08-04 19:20:27.280 20639  7892 D Nappa   : F1_SCORE add_fn_url - (new) - https://www.newsblur.com/social/river_stories?order=newest&page=1&read_filter=all&global_feed=true
08-04 19:20:27.280 20639  7892 D Nappa   : -------------F1_SCORE #2 -----------
08-04 19:20:27.280 20639  7892 D Nappa   : F1_SCORE - Intercept list (3)= [https://www.newsblur.com/reader/feeds/?update_counts=true, https://www.newsblur.com/reader/unread_story_hashes?include_timestamps=1, https://www.newsblur.com/social/river_stories?order=newest&page=1&read_filter=all&global_feed=true]
08-04 19:20:27.280 20639  7892 D Nappa   : F1_SCORE - Prefetch list (0)= []
08-04 19:20:27.280 20639  7892 D Nappa   : F1_SCORE - TP list (0)= []
08-04 19:20:27.280 20639  7892 D Nappa   : F1_SCORE - FN list (3)= [https://www.newsblur.com/reader/feeds/?update_counts=true, https://www.newsblur.com/reader/unread_story_hashes?include_timestamps=1, https://www.newsblur.com/social/river_stories?order=newest&page=1&read_filter=all&global_feed=true]
08-04 19:20:27.280 20639  7892 I NAPPA_EXPERIMENTATION: MetricPrefetchingAccuracy: LOG_ID='3',F1_SCORE_1='0.0',F1_SCORE_2='0.0',TRUE_POSITIVE='0',FALSE_POSITIVE='0',FALSE_NEGATIVE='3',
08-04 19:20:27.280 20639  7892 D CustomInterceptor: HEADER REQUEST
08-04 19:20:27.280 20639  7892 D CustomInterceptor: Cache-Control max-age=300, max-stale=300
08-04 19:20:27.281 20639  7892 D CustomInterceptor: Cookie newsblur_sessionid=qlbd3ilzka7q9q07v2htr96j75kh6za7; Domain=.newsblur.com; expires=Wed, 03 Aug 2022 21:08:20 GMT; Max-Age=63072000; Path=/
08-04 19:20:27.281 20639  7892 D CustomInterceptor: User-Agent NewsBlur Android app (Huawei Nexus 6P 6.0 9.0b1)
08-04 19:20:27.281 20639  7892 D CustomInterceptor: CACHED STATS: size = '2', maxSize = '100', hitCount = '2', createCount = '0', putCount = '2', evictionCount = '0', missCount = '2', toString = 'LruCache[maxSize=100,hits=2,misses=2,hitRate=50%]', 
08-04 19:20:27.281 20639  7892 D CustomInterceptor: PREFLIB NOT A GET REQUEST OR NOT IN CACHEGET
08-04 19:20:27.285 20639  7715 I art     : Explicit concurrent mark sweep GC freed 2281(213KB) AllocSpace objects, 5(100KB) LOS objects, 36% free, 27MB/43MB, paused 756us total 14.439ms
08-04 19:20:27.291 20639  7715 I art     : Starting a blocking GC Explicit
08-04 19:20:27.295   918   936 I ActivityManager: Displayed nappatfpr.com.newsblur/.activity.GlobalSharedStoriesItemsList: +371ms
08-04 19:20:27.297 13866 13866 I GoogleInputMethodServic: GoogleInputMethodService.onFinishInput():3138 
08-04 19:20:27.297 13866 13866 I GoogleInputMethodServic: GoogleInputMethodService.onStartInput():1808 
08-04 19:20:27.306 20639  7715 I art     : Explicit concurrent mark sweep GC freed 237(22KB) AllocSpace objects, 0(0B) LOS objects, 36% free, 27MB/43MB, paused 337us total 14.231ms
08-04 19:20:27.380 20639  7654 D Nappa   : registerActivity: (already in) nappatfpr.com.newsblur.activity.GlobalSharedStoriesItemsList
08-04 19:20:27.380 20639  7654 D Nappa   : PARENTS 
08-04 19:20:27.380 20639  7654 D Nappa   : Of: nappatfpr.com.newsblur.activity.GlobalSharedStoriesItemsList -> 
