08-04 02:31:55.454 29597 29612 I art     : Explicit concurrent mark sweep GC freed 19278(1184KB) AllocSpace objects, 16(748KB) LOS objects, 35% free, 28MB/44MB, paused 551us total 20.142ms
08-04 02:31:55.460 28500 28500 I ServiceManager: Waiting for service AtCmdFwd...
08-04 02:31:55.461 29597 29612 I art     : Starting a blocking GC Explicit
08-04 02:31:55.479 29597 29612 I art     : Explicit concurrent mark sweep GC freed 14679(958KB) AllocSpace objects, 7(140KB) LOS objects, 35% free, 28MB/44MB, paused 597us total 18.331ms
08-04 02:31:55.486 29597 29612 I art     : Starting a blocking GC Explicit
08-04 02:31:55.500 29597 29612 I art     : Explicit concurrent mark sweep GC freed 2524(217KB) AllocSpace objects, 4(168KB) LOS objects, 36% free, 28MB/44MB, paused 300us total 14.424ms
08-04 02:31:55.507 29597 29612 I art     : Starting a blocking GC Explicit
08-04 02:31:55.522 29597 29612 I art     : Explicit concurrent mark sweep GC freed 1880(218KB) AllocSpace objects, 8(160KB) LOS objects, 36% free, 28MB/44MB, paused 1.120ms total 15.351ms
08-04 02:31:55.528 29597 29612 I art     : Starting a blocking GC Explicit
08-04 02:31:55.542 29597 29612 I art     : Explicit concurrent mark sweep GC freed 568(145KB) AllocSpace objects, 9(180KB) LOS objects, 35% free, 28MB/44MB, paused 417us total 13.163ms
08-04 02:31:55.549 29597  3003 D CustomInterceptor: NETWORK-PROVIDER https://www.newsblur.com/rss_feeds/icon/0
08-04 02:31:55.550 29597  3003 D Nappa   : F1_SCORE add_intercept_url - (new) - https://www.newsblur.com/rss_feeds/icon/0
08-04 02:31:55.550 29597  3003 D Nappa   : F1_SCORE add_fn_url - (new) - https://www.newsblur.com/rss_feeds/icon/0
08-04 02:31:55.550 29597  3003 D Nappa   : -------------F1_SCORE #3 -----------
08-04 02:31:55.550 29597  3003 D Nappa   : F1_SCORE - Intercept list (4)= [https://www.newsblur.com/reader/feeds/?update_counts=true, https://www.newsblur.com/reader/unread_story_hashes?include_timestamps=1, https://www.newsblur.com/social/river_stories?order=newest&page=1&read_filter=all&global_feed=true, https://www.newsblur.com/rss_feeds/icon/0]
08-04 02:31:55.550 29597  3003 D Nappa   : F1_SCORE - Prefetch list (0)= []
08-04 02:31:55.550 29597  3003 D Nappa   : F1_SCORE - TP list (0)= []
08-04 02:31:55.550 29597  3003 D Nappa   : F1_SCORE - FN list (4)= [https://www.newsblur.com/reader/feeds/?update_counts=true, https://www.newsblur.com/reader/unread_story_hashes?include_timestamps=1, https://www.newsblur.com/social/river_stories?order=newest&page=1&read_filter=all&global_feed=true, https://www.newsblur.com/rss_feeds/icon/0]
08-04 02:31:55.550 29597  3003 I NAPPA_EXPERIMENTATION: MetricPrefetchingAccuracy: LOG_ID='4',F1_SCORE_1='0.0',F1_SCORE_2='0.0',TRUE_POSITIVE='0',FALSE_POSITIVE='0',FALSE_NEGATIVE='4',
08-04 02:31:55.550 29597  3003 D CustomInterceptor: HEADER REQUEST
08-04 02:31:55.550 29597  3003 D CustomInterceptor: Cache-Control max-age=300, max-stale=300
08-04 02:31:55.551 29597  3003 D CustomInterceptor: CACHED STATS: size = '3', maxSize = '100', hitCount = '3', createCount = '0', putCount = '3', evictionCount = '0', missCount = '3', toString = 'LruCache[maxSize=100,hits=3,misses=3,hitRate=50%]', 
08-04 02:31:55.551 29597  3003 D CustomInterceptor: PREFLIB NOT A GET REQUEST OR NOT IN CACHEGET
08-04 02:31:55.567 29597  3004 D CustomInterceptor: NETWORK-PROVIDER https://www.newsblur.com/rss_feeds/icon/0
08-04 02:31:55.567 29597  3004 D Nappa   : F1_SCORE add_intercept_url - (already in) - https://www.newsblur.com/rss_feeds/icon/0
08-04 02:31:55.567 29597  3004 D Nappa   : F1_SCORE add_fn_url - (already in) - https://www.newsblur.com/rss_feeds/icon/0
08-04 02:31:55.567 29597  3004 D Nappa   : -------------F1_SCORE #4 -----------
08-04 02:31:55.568 29597  3004 D Nappa   : F1_SCORE - Intercept list (4)= [https://www.newsblur.com/reader/feeds/?update_counts=true, https://www.newsblur.com/reader/unread_story_hashes?include_timestamps=1, https://www.newsblur.com/social/river_stories?order=newest&page=1&read_filter=all&global_feed=true, https://www.newsblur.com/rss_feeds/icon/0]
08-04 02:31:55.568 29597  3004 D Nappa   : F1_SCORE - Prefetch list (0)= []
08-04 02:31:55.568 29597  3004 D Nappa   : F1_SCORE - TP list (0)= []
08-04 02:31:55.568 29597  3004 D Nappa   : F1_SCORE - FN list (4)= [https://www.newsblur.com/reader/feeds/?update_counts=true, https://www.newsblur.com/reader/unread_story_hashes?include_timestamps=1, https://www.newsblur.com/social/river_stories?order=newest&page=1&read_filter=all&global_feed=true, https://www.newsblur.com/rss_feeds/icon/0]
08-04 02:31:55.568 29597  3004 I NAPPA_EXPERIMENTATION: MetricPrefetchingAccuracy: LOG_ID='5',F1_SCORE_1='0.0',F1_SCORE_2='0.0',TRUE_POSITIVE='0',FALSE_POSITIVE='0',FALSE_NEGATIVE='4',
08-04 02:31:55.568 29597  3004 D CustomInterceptor: HEADER REQUEST
08-04 02:31:55.568 29597  3004 D CustomInterceptor: Cache-Control max-age=300, max-stale=300
08-04 02:31:55.568 29597  3004 D CustomInterceptor: CACHED STATS: size = '3', maxSize = '100', hitCount = '3', createCount = '0', putCount = '3', evictionCount = '0', missCount = '4', toString = 'LruCache[maxSize=100,hits=3,misses=4,hitRate=42%]', 
08-04 02:31:55.568 29597  3004 D CustomInterceptor: PREFLIB NOT A GET REQUEST OR NOT IN CACHEGET
08-04 02:31:55.573 29597  3005 D CustomInterceptor: NETWORK-PROVIDER https://www.newsblur.com/rss_feeds/icon/0
08-04 02:31:55.573 29597  3005 D Nappa   : F1_SCORE add_intercept_url - (already in) - https://www.newsblur.com/rss_feeds/icon/0
08-04 02:31:55.573 29597  3005 D Nappa   : F1_SCORE add_fn_url - (already in) - https://www.newsblur.com/rss_feeds/icon/0
08-04 02:31:55.573 29597  3005 D Nappa   : -------------F1_SCORE #5 -----------
08-04 02:31:55.573 29597  3005 D Nappa   : F1_SCORE - Intercept list (4)= [https://www.newsblur.com/reader/feeds/?update_counts=true, https://www.newsblur.com/reader/unread_story_hashes?include_timestamps=1, https://www.newsblur.com/social/river_stories?order=newest&page=1&read_filter=all&global_feed=true, https://www.newsblur.com/rss_feeds/icon/0]
08-04 02:31:55.573 29597  3005 D Nappa   : F1_SCORE - Prefetch list (0)= []
08-04 02:31:55.573 29597  3005 D Nappa   : F1_SCORE - TP list (0)= []
08-04 02:31:55.573 29597  3005 D Nappa   : F1_SCORE - FN list (4)= [https://www.newsblur.com/reader/feeds/?update_counts=true, https://www.newsblur.com/reader/unread_story_hashes?include_timestamps=1, https://www.newsblur.com/social/river_stories?order=newest&page=1&read_filter=all&global_feed=true, https://www.newsblur.com/rss_feeds/icon/0]
08-04 02:31:55.573 29597  3005 I NAPPA_EXPERIMENTATION: MetricPrefetchingAccuracy: LOG_ID='6',F1_SCORE_1='0.0',F1_SCORE_2='0.0',TRUE_POSITIVE='0',FALSE_POSITIVE='0',FALSE_NEGATIVE='4',
08-04 02:31:55.573 29597  3005 D CustomInterceptor: HEADER REQUEST
08-04 02:31:55.573 29597  3005 D CustomInterceptor: Cache-Control max-age=300, max-stale=300
08-04 02:31:55.574 29597  3005 D CustomInterceptor: CACHED STATS: size = '3', maxSize = '100', hitCount = '3', createCount = '0', putCount = '3', evictionCount = '0', missCount = '5', toString = 'LruCache[maxSize=100,hits=3,misses=5,hitRate=37%]', 
08-04 02:31:55.574 29597  3005 D CustomInterceptor: PREFLIB NOT A GET REQUEST OR NOT IN CACHEGET
08-04 02:31:55.580 29597  3006 D CustomInterceptor: NETWORK-PROVIDER https://s3.amazonaws.com/icons.newsblur.com/6882243.png
08-04 02:31:55.580 29597  3006 D Nappa   : F1_SCORE add_intercept_url - (new) - https://s3.amazonaws.com/icons.newsblur.com/6882243.png
08-04 02:31:55.580 29597  3006 D Nappa   : F1_SCORE add_fn_url - (new) - https://s3.amazonaws.com/icons.newsblur.com/6882243.png
08-04 02:31:55.580 29597  3006 D Nappa   : -------------F1_SCORE #6 -----------
08-04 02:31:55.580 29597  3006 D Nappa   : F1_SCORE - Intercept list (5)= [https://www.newsblur.com/reader/feeds/?update_counts=true, https://www.newsblur.com/reader/unread_story_hashes?include_timestamps=1, https://www.newsblur.com/social/river_stories?order=newest&page=1&read_filter=all&global_feed=true, https://www.newsblur.com/rss_feeds/icon/0, https://s3.amazonaws.com/icons.newsblur.com/6882243.png]
08-04 02:31:55.580 29597  3006 D Nappa   : F1_SCORE - Prefetch list (0)= []
08-04 02:31:55.580 29597  3006 D Nappa   : F1_SCORE - TP list (0)= []
08-04 02:31:55.580 29597  3006 D Nappa   : F1_SCORE - FN list (5)= [https://www.newsblur.com/reader/feeds/?update_counts=true, https://www.newsblur.com/reader/unread_story_hashes?include_timestamps=1, https://www.newsblur.com/social/river_stories?order=newest&page=1&read_filter=all&global_feed=true, https://www.newsblur.com/rss_feeds/icon/0, https://s3.amazonaws.com/icons.newsblur.com/6882243.png]
08-04 02:31:55.580 29597  3006 I NAPPA_EXPERIMENTATION: MetricPrefetchingAccuracy: LOG_ID='7',F1_SCORE_1='0.0',F1_SCORE_2='0.0',TRUE_POSITIVE='0',FALSE_POSITIVE='0',FALSE_NEGATIVE='5',
08-04 02:31:55.580 29597  3006 D CustomInterceptor: HEADER REQUEST
08-04 02:31:55.580 29597  3006 D CustomInterceptor: Cache-Control max-age=300, max-stale=300
08-04 02:31:55.580 29597  3006 D CustomInterceptor: CACHED STATS: size = '3', maxSize = '100', hitCount = '3', createCount = '0', putCount = '3', evictionCount = '0', missCount = '6', toString = 'LruCache[maxSize=100,hits=3,misses=6,hitRate=33%]', 
08-04 02:31:55.580 29597  3006 D CustomInterceptor: PREFLIB NOT A GET REQUEST OR NOT IN CACHEGET
08-04 02:31:55.587 29597  3008 D CustomInterceptor: NETWORK-PROVIDER https://s3.amazonaws.com/icons.newsblur.com/18178.png
08-04 02:31:55.587 29597  3008 D Nappa   : F1_SCORE add_intercept_url - (new) - https://s3.amazonaws.com/icons.newsblur.com/18178.png
08-04 02:31:55.587 29597  3008 D Nappa   : F1_SCORE add_fn_url - (new) - https://s3.amazonaws.com/icons.newsblur.com/18178.png
08-04 02:31:55.587 29597  3008 D Nappa   : -------------F1_SCORE #7 -----------
08-04 02:31:55.587 29597  3008 D Nappa   : F1_SCORE - Intercept list (6)= [https://www.newsblur.com/reader/feeds/?update_counts=true, https://www.newsblur.com/reader/unread_story_hashes?include_timestamps=1, https://www.newsblur.com/social/river_stories?order=newest&page=1&read_filter=all&global_feed=true, https://www.newsblur.com/rss_feeds/icon/0, https://s3.amazonaws.com/icons.newsblur.com/6882243.png, https://s3.amazonaws.com/icons.newsblur.com/18178.png]
08-04 02:31:55.587 29597  3008 D Nappa   : F1_SCORE - Prefetch list (0)= []
08-04 02:31:55.587 29597  3008 D Nappa   : F1_SCORE - TP list (0)= []
08-04 02:31:55.587 29597  3008 D Nappa   : F1_SCORE - FN list (6)= [https://www.newsblur.com/reader/feeds/?update_counts=true, https://www.newsblur.com/reader/unread_story_hashes?include_timestamps=1, https://www.newsblur.com/social/river_stories?order=newest&page=1&read_filter=all&global_feed=true, https://www.newsblur.com/rss_feeds/icon/0, https://s3.amazonaws.com/icons.newsblur.com/6882243.png, https://s3.amazonaws.com/icons.newsblur.com/18178.png]
08-04 02:31:55.587 29597  3008 I NAPPA_EXPERIMENTATION: MetricPrefetchingAccuracy: LOG_ID='8',F1_SCORE_1='0.0',F1_SCORE_2='0.0',TRUE_POSITIVE='0',FALSE_POSITIVE='0',FALSE_NEGATIVE='6',
08-04 02:31:55.587 29597  3008 D CustomInterceptor: HEADER REQUEST
08-04 02:31:55.587 29597  3008 D CustomInterceptor: Cache-Control max-age=300, max-stale=300
08-04 02:31:55.587 29597  3008 D CustomInterceptor: CACHED STATS: size = '3', maxSize = '100', hitCount = '3', createCount = '0', putCount = '3', evictionCount = '0', missCount = '7', toString = 'LruCache[maxSize=100,hits=3,misses=7,hitRate=30%]', 
08-04 02:31:55.587 29597  3008 D CustomInterceptor: PREFLIB NOT A GET REQUEST OR NOT IN CACHEGET
08-04 02:31:55.595 29597  3010 D CustomInterceptor: NETWORK-PROVIDER https://s3.amazonaws.com/icons.newsblur.com/5762506.png
08-04 02:31:55.596 29597  3010 D Nappa   : F1_SCORE add_intercept_url - (new) - https://s3.amazonaws.com/icons.newsblur.com/5762506.png
08-04 02:31:55.596 29597  3010 D Nappa   : F1_SCORE add_fn_url - (new) - https://s3.amazonaws.com/icons.newsblur.com/5762506.png
08-04 02:31:55.596 29597  3010 D Nappa   : -------------F1_SCORE #8 -----------
08-04 02:31:55.596 29597  3010 D Nappa   : F1_SCORE - Intercept list (7)= [https://www.newsblur.com/reader/feeds/?update_counts=true, https://www.newsblur.com/reader/unread_story_hashes?include_timestamps=1, https://www.newsblur.com/social/river_stories?order=newest&page=1&read_filter=all&global_feed=true, https://www.newsblur.com/rss_feeds/icon/0, https://s3.amazonaws.com/icons.newsblur.com/6882243.png, https://s3.amazonaws.com/icons.newsblur.com/18178.png, https://s3.amazonaws.com/icons.newsblur.com/5762506.png]
08-04 02:31:55.596 29597  3010 D Nappa   : F1_SCORE - Prefetch list (0)= []
08-04 02:31:55.596 29597  3010 D Nappa   : F1_SCORE - TP list (0)= []
08-04 02:31:55.596 29597  3010 D Nappa   : F1_SCORE - FN list (7)= [https://www.newsblur.com/reader/feeds/?update_counts=true, https://www.newsblur.com/reader/unread_story_hashes?include_timestamps=1, https://www.newsblur.com/social/river_stories?order=newest&page=1&read_filter=all&global_feed=true, https://www.newsblur.com/rss_feeds/icon/0, https://s3.amazonaws.com/icons.newsblur.com/6882243.png, https://s3.amazonaws.com/icons.newsblur.com/18178.png, https://s3.amazonaws.com/icons.newsblur.com/5762506.png]
08-04 02:31:55.596 29597  3010 I NAPPA_EXPERIMENTATION: MetricPrefetchingAccuracy: LOG_ID='9',F1_SCORE_1='0.0',F1_SCORE_2='0.0',TRUE_POSITIVE='0',FALSE_POSITIVE='0',FALSE_NEGATIVE='7',
08-04 02:31:55.596 29597  3010 D CustomInterceptor: HEADER REQUEST
08-04 02:31:55.596 29597  3010 D CustomInterceptor: Cache-Control max-age=300, max-stale=300
08-04 02:31:55.596 29597  3010 D CustomInterceptor: CACHED STATS: size = '3', maxSize = '100', hitCount = '3', createCount = '0', putCount = '3', evictionCount = '0', missCount = '8', toString = 'LruCache[maxSize=100,hits=3,misses=8,hitRate=27%]', 
08-04 02:31:55.596 29597  3010 D CustomInterceptor: PREFLIB NOT A GET REQUEST OR NOT IN CACHEGET
08-04 02:31:55.606 29597  3007 D CustomInterceptor: NETWORK-PROVIDER http://feeds.feedburner.com/~r/retort/~4/UffaFMiJbNs
08-04 02:31:55.607 29597  3007 D Nappa   : F1_SCORE add_intercept_url - (new) - http://feeds.feedburner.com/~r/retort/~4/UffaFMiJbNs
08-04 02:31:55.607 29597  3007 D Nappa   : F1_SCORE add_fn_url - (new) - http://feeds.feedburner.com/~r/retort/~4/UffaFMiJbNs
08-04 02:31:55.607 29597  3007 D Nappa   : -------------F1_SCORE #9 -----------
08-04 02:31:55.607 29597  3007 D Nappa   : F1_SCORE - Intercept list (8)= [https://www.newsblur.com/reader/feeds/?update_counts=true, https://www.newsblur.com/reader/unread_story_hashes?include_timestamps=1, https://www.newsblur.com/social/river_stories?order=newest&page=1&read_filter=all&global_feed=true, https://www.newsblur.com/rss_feeds/icon/0, https://s3.amazonaws.com/icons.newsblur.com/6882243.png, https://s3.amazonaws.com/icons.newsblur.com/18178.png, https://s3.amazonaws.com/icons.newsblur.com/5762506.png, http://feeds.feedburner.com/~r/retort/~4/UffaFMiJbNs]
08-04 02:31:55.607 29597  3007 D Nappa   : F1_SCORE - Prefetch list (0)= []
08-04 02:31:55.607 29597  3007 D Nappa   : F1_SCORE - TP list (0)= []
08-04 02:31:55.607 29597  3007 D Nappa   : F1_SCORE - FN list (8)= [https://www.newsblur.com/reader/feeds/?update_counts=true, https://www.newsblur.com/reader/unread_story_hashes?include_timestamps=1, https://www.newsblur.com/social/river_stories?order=newest&page=1&read_filter=all&global_feed=true, https://www.newsblur.com/rss_feeds/icon/0, https://s3.amazonaws.com/icons.newsblur.com/6882243.png, https://s3.amazonaws.com/icons.newsblur.com/18178.png, https://s3.amazonaws.com/icons.newsblur.com/5762506.png, http://feeds.feedburner.com/~r/retort/~4/UffaFMiJbNs]
08-04 02:31:55.607 29597  3007 I NAPPA_EXPERIMENTATION: MetricPrefetchingAccuracy: LOG_ID='10',F1_SCORE_1='0.0',F1_SCORE_2='0.0',TRUE_POSITIVE='0',FALSE_POSITIVE='0',FALSE_NEGATIVE='8',
08-04 02:31:55.607 29597  3007 D CustomInterceptor: HEADER REQUEST
08-04 02:31:55.607 29597  3007 D CustomInterceptor: Cache-Control max-age=300, max-stale=300
08-04 02:31:55.607 29597  3007 D CustomInterceptor: CACHED STATS: size = '3', maxSize = '100', hitCount = '3', createCount = '0', putCount = '3', evictionCount = '0', missCount = '9', toString = 'LruCache[maxSize=100,hits=3,misses=9,hitRate=25%]', 
08-04 02:31:55.607 29597  3007 D CustomInterceptor: PREFLIB NOT A GET REQUEST OR NOT IN CACHEGET
08-04 02:31:55.615 29597  3009 D CustomInterceptor: NETWORK-PROVIDER https://images.fastcompany.net/image/upload/w_1280,q_auto,f_auto,fl_lossy/wp-cms/uploads/2020/07/p-1-90532920-this-chart-shows-how-effective-masks-can-be.png
08-04 02:31:55.615 29597  3009 D Nappa   : F1_SCORE add_intercept_url - (new) - https://images.fastcompany.net/image/upload/w_1280,q_auto,f_auto,fl_lossy/wp-cms/uploads/2020/07/p-1-90532920-this-chart-shows-how-effective-masks-can-be.png
08-04 02:31:55.615 29597  3009 D Nappa   : F1_SCORE add_fn_url - (new) - https://images.fastcompany.net/image/upload/w_1280,q_auto,f_auto,fl_lossy/wp-cms/uploads/2020/07/p-1-90532920-this-chart-shows-how-effective-masks-can-be.png
08-04 02:31:55.615 29597  3009 D Nappa   : -------------F1_SCORE #10 -----------
08-04 02:31:55.615 29597  3009 D Nappa   : F1_SCORE - Intercept list (9)= [https://www.newsblur.com/reader/feeds/?update_counts=true, https://www.newsblur.com/reader/unread_story_hashes?include_timestamps=1, https://www.newsblur.com/social/river_stories?order=newest&page=1&read_filter=all&global_feed=true, https://www.newsblur.com/rss_feeds/icon/0, https://s3.amazonaws.com/icons.newsblur.com/6882243.png, https://s3.amazonaws.com/icons.newsblur.com/18178.png, https://s3.amazonaws.com/icons.newsblur.com/5762506.png, http://feeds.feedburner.com/~r/retort/~4/UffaFMiJbNs, https://images.fastcompany.net/image/upload/w_1280,q_auto,f_auto,fl_lossy/wp-cms/uploads/2020/07/p-1-90532920-this-chart-shows-how-effective-masks-can-be.png]
08-04 02:31:55.616 29597  3009 D Nappa   : F1_SCORE - Prefetch list (0)= []
08-04 02:31:55.616 29597  3009 D Nappa   : F1_SCORE - TP list (0)= []
08-04 02:31:55.616 29597  3009 D Nappa   : F1_SCORE - FN list (9)= [https://www.newsblur.com/reader/feeds/?update_counts=true, https://www.newsblur.com/reader/unread_story_hashes?include_timestamps=1, https://www.newsblur.com/social/river_stories?order=newest&page=1&read_filter=all&global_feed=true, https://www.newsblur.com/rss_feeds/icon/0, https://s3.amazonaws.com/icons.newsblur.com/6882243.png, https://s3.amazonaws.com/icons.newsblur.com/18178.png, https://s3.amazonaws.com/icons.newsblur.com/5762506.png, http://feeds.feedburner.com/~r/retort/~4/UffaFMiJbNs, https://images.fastcompany.net/image/upload/w_1280,q_auto,f_auto,fl_lossy/wp-cms/uploads/2020/07/p-1-90532920-this-chart-shows-how-effective-masks-can-be.png]
08-04 02:31:55.616 29597  3009 I NAPPA_EXPERIMENTATION: MetricPrefetchingAccuracy: LOG_ID='11',F1_SCORE_1='0.0',F1_SCORE_2='0.0',TRUE_POSITIVE='0',FALSE_POSITIVE='0',FALSE_NEGATIVE='9',
08-04 02:31:55.616 29597  3009 D CustomInterceptor: HEADER REQUEST
08-04 02:31:55.616 29597  3009 D CustomInterceptor: Cache-Control max-age=300, max-stale=300
08-04 02:31:55.616 29597  3009 D CustomInterceptor: CACHED STATS: size = '3', maxSize = '100', hitCount = '3', createCount = '0', putCount = '3', evictionCount = '0', missCount = '10', toString = 'LruCache[maxSize=100,hits=3,misses=10,hitRate=23%]', 
08-04 02:31:55.616 29597  3009 D CustomInterceptor: PREFLIB NOT A GET REQUEST OR NOT IN CACHEGET
08-04 02:31:55.643 29597  3007 D CustomInterceptor: HEADER RESPONSE
08-04 02:31:55.643 29597  3007 D CustomInterceptor: Cache-Control max-age=3600
08-04 02:31:55.643 29597  3007 D CustomInterceptor: Content-Length 43
08-04 02:31:55.643 29597  3007 D CustomInterceptor: Content-Type image/gif
08-04 02:31:55.643 29597  3007 D CustomInterceptor: Date Tue, 04 Aug 2020 00:31:51 GMT
08-04 02:31:55.643 29597  3007 D CustomInterceptor: Expires Tue, 04 Aug 2020 01:31:51 GMT
08-04 02:31:55.643 29597  3007 D CustomInterceptor: Server GSE
08-04 02:31:55.643 29597  3007 D CustomInterceptor: X-Content-Type-Options nosniff
08-04 02:31:55.644 29597  3007 D CustomInterceptor: X-XSS-Protection 1; mode=block
08-04 02:31:55.644 29597  3007 D CustomInterceptor: CACHEABLE true
08-04 02:31:55.644 29597  3007 D CustomInterceptor: REQ http://feeds.feedburner.com/~r/retort/~4/UffaFMiJbNs
08-04 02:31:55.644 29597  3007 D CustomInterceptor: REQ_SERV_BY net
08-04 02:31:55.644 29597  3007 D CustomInterceptor: PREFLIB Adding response to lrucache - http://feeds.feedburner.com/~r/retort/~4/UffaFMiJbNs
08-04 02:31:55.645 29597  3007 D CustomInterceptor: interceptor_finished : return_type #3 : request served from remote and added to cache
08-04 02:31:55.646 29597  3007 I NAPPA_EXPERIMENTATION: MetricNetworkRequestExecutionTime: REQUEST_DURATION_SYSTEM='40',REQUEST_DURATION_OKHTTP='0',REQUEST_SYNCHRONOUS='TRUE',RESPONSE_CODE='200',RESPONSE_METHOD='GET',RESPONSE_LENGTH_OKHTTP='53',RESPONSE_LENGTH_HEADER='-2',REQUEST_PROTOCOL='http/1.1',REQUEST_URL='http://feeds.feedburner.com/~r/retort/~4/UffaFMiJbNs',
08-04 02:31:55.650 29597  2742 D Nappa   : registerActivity: (already in) nappatfpr.com.newsblur.activity.GlobalSharedStoriesItemsList
08-04 02:31:55.650 29597  2742 D Nappa   : PARENTS 
08-04 02:31:55.650 29597  2742 D Nappa   : Of: nappatfpr.com.newsblur.activity.GlobalSharedStoriesItemsList -> 
08-04 02:31:55.650 29597  2742 D Nappa   : PARENTS nappatfpr.com.newsblur.activity.Main
08-04 02:31:55.650 29597  2742 D Nappa   : PARENTS has extra: (feed_set, nappatfpr.com.newsblur.util.FeedSet@e)
08-04 02:31:55.750 29597  2742 D Nappa   : registerActivity: (already in) nappatfpr.com.newsblur.activity.GlobalSharedStoriesItemsList
08-04 02:31:55.751 29597  2742 D Nappa   : PARENTS 
08-04 02:31:55.751 29597  2742 D Nappa   : Of: nappatfpr.com.newsblur.activity.GlobalSharedStoriesItemsList -> 
08-04 02:31:55.751 29597  2742 D Nappa   : PARENTS nappatfpr.com.newsblur.activity.Main
08-04 02:31:55.751 29597  2742 D Nappa   : PARENTS has extra: (feed_set, nappatfpr.com.newsblur.util.FeedSet@e)
08-04 02:31:55.820 29597 29610 I art     : Starting a blocking GC Explicit
08-04 02:31:55.845 29597 29610 I art     : Explicit concurrent mark sweep GC freed 13042(863KB) AllocSpace objects, 11(360KB) LOS objects, 35% free, 29MB/45MB, paused 638us total 24.248ms
08-04 02:31:55.851 29597  2742 D Nappa   : registerActivity: (already in) nappatfpr.com.newsblur.activity.GlobalSharedStoriesItemsList
08-04 02:31:55.852 29597  2742 D Nappa   : PARENTS 
08-04 02:31:55.852 29597  2742 D Nappa   : Of: nappatfpr.com.newsblur.activity.GlobalSharedStoriesItemsList -> 
08-04 02:31:55.852 29597  2742 D Nappa   : PARENTS nappatfpr.com.newsblur.activity.Main
08-04 02:31:55.852 29597  2742 D Nappa   : PARENTS has extra: (feed_set, nappatfpr.com.newsblur.util.FeedSet@e)
08-04 02:31:55.853 29597 29610 I art     : Starting a blocking GC Explicit
08-04 02:31:55.872 29597 29610 I art     : Explicit concurrent mark sweep GC freed 2120(160KB) AllocSpace objects, 0(0B) LOS objects, 35% free, 28MB/44MB, paused 564us total 18.414ms
08-04 02:31:55.879 29597 29610 I art     : Starting a blocking GC Explicit
08-04 02:31:55.898 29597 29610 I art     : Explicit concurrent mark sweep GC freed 3261(131KB) AllocSpace objects, 0(0B) LOS objects, 35% free, 28MB/44MB, paused 822us total 18.634ms
08-04 02:31:55.904 29597 29610 I art     : Starting a blocking GC Explicit
08-04 02:31:55.921 29597 29610 I art     : Explicit concurrent mark sweep GC freed 1941(71KB) AllocSpace objects, 0(0B) LOS objects, 35% free, 28MB/44MB, paused 526us total 16.476ms
08-04 02:31:55.927 29597 29610 I art     : Starting a blocking GC Explicit
08-04 02:31:55.942 29597 29610 I art     : Explicit concurrent mark sweep GC freed 74(2912B) AllocSpace objects, 0(0B) LOS objects, 35% free, 28MB/44MB, paused 536us total 15.220ms
08-04 02:31:55.953 29597  2742 D Nappa   : registerActivity: (already in) nappatfpr.com.newsblur.activity.GlobalSharedStoriesItemsList
08-04 02:31:55.953 29597  2742 D Nappa   : PARENTS 
08-04 02:31:55.953 29597  2742 D Nappa   : Of: nappatfpr.com.newsblur.activity.GlobalSharedStoriesItemsList -> 
08-04 02:31:55.953 29597  2742 D Nappa   : PARENTS nappatfpr.com.newsblur.activity.Main
08-04 02:31:55.953 29597  2742 D Nappa   : PARENTS has extra: (feed_set, nappatfpr.com.newsblur.util.FeedSet@e)
08-04 02:31:55.959 29597  3005 D CustomInterceptor: Interceptor exiting with exception java.io.IOException: unexpected end of stream on https://www.newsblur.com/...
08-04 02:31:55.959 29597  3005 W System.err: java.io.IOException: unexpected end of stream on https://www.newsblur.com/...
08-04 02:31:55.960 29597  3005 W System.err: 	at okhttp3.internal.http1.Http1ExchangeCodec.readResponseHeaders(Http1ExchangeCodec.java:236)
08-04 02:31:55.960 29597  3005 W System.err: 	at okhttp3.internal.connection.Exchange.readResponseHeaders(Exchange.java:115)
08-04 02:31:55.960 29597  3005 W System.err: 	at okhttp3.internal.http.CallServerInterceptor.intercept(CallServerInterceptor.java:94)
08-04 02:31:55.960 29597  3005 W System.err: 	at okhttp3.internal.http.RealInterceptorChain.proceed(RealInterceptorChain.java:142)
08-04 02:31:55.960 29597  3005 W System.err: 	at okhttp3.internal.connection.ConnectInterceptor.intercept(ConnectInterceptor.java:43)
08-04 02:31:55.960 29597  3005 W System.err: 	at okhttp3.internal.http.RealInterceptorChain.proceed(RealInterceptorChain.java:142)
08-04 02:31:55.960 29597  3005 W System.err: 	at okhttp3.internal.http.RealInterceptorChain.proceed(RealInterceptorChain.java:117)
08-04 02:31:55.960 29597  3005 W System.err: 	at okhttp3.internal.cache.CacheInterceptor.intercept(CacheInterceptor.java:94)
08-04 02:31:55.960 29597  3005 W System.err: 	at okhttp3.internal.http.RealInterceptorChain.proceed(RealInterceptorChain.java:142)
08-04 02:31:55.960 29597  3005 W System.err: 	at okhttp3.internal.http.RealInterceptorChain.proceed(RealInterceptorChain.java:117)
08-04 02:31:55.960 29597  3005 W System.err: 	at okhttp3.internal.http.BridgeInterceptor.intercept(BridgeInterceptor.java:93)
08-04 02:31:55.960 29597  3005 W System.err: 	at okhttp3.internal.http.RealInterceptorChain.proceed(RealInterceptorChain.java:142)
08-04 02:31:55.960 29597  3005 W System.err: 	at okhttp3.internal.http.RetryAndFollowUpInterceptor.intercept(RetryAndFollowUpInterceptor.java:88)
08-04 02:31:55.960 29597  3005 W System.err: 	at okhttp3.internal.http.RealInterceptorChain.proceed(RealInterceptorChain.java:142)
08-04 02:31:55.961 29597  3005 W System.err: 	at okhttp3.internal.http.RealInterceptorChain.proceed(RealInterceptorChain.java:117)
08-04 02:31:55.961 29597  3005 W System.err: 	at nl.vu.cs.s2group.nappa.Nappa$CustomInterceptor.intercept(Nappa.java:875)
08-04 02:31:55.961 29597  3005 W System.err: 	at okhttp3.internal.http.RealInterceptorChain.proceed(RealInterceptorChain.java:142)
08-04 02:31:55.961 29597  3005 W System.err: 	at okhttp3.internal.http.RealInterceptorChain.proceed(RealInterceptorChain.java:117)
08-04 02:31:55.961 29597  3005 W System.err: 	at okhttp3.RealCall.getResponseWithInterceptorChain(RealCall.java:229)
08-04 02:31:55.961 29597  3005 W System.err: 	at okhttp3.RealCall.execute(RealCall.java:81)
08-04 02:31:55.961 29597  3005 W System.err: 	at nappatfpr.com.newsblur.util.NetworkUtils.loadURL(NetworkUtils.java:51)
08-04 02:31:55.961 29597  3005 W System.err: 	at nappatfpr.com.newsblur.util.FileCache.cacheFile(FileCache.java:75)
08-04 02:31:55.961 29597  3005 W System.err: 	at nappatfpr.com.newsblur.util.ImageLoader$PhotosLoader.run(ImageLoader.java:160)
08-04 02:31:55.961 29597  3005 W System.err: 	at java.util.concurrent.Executors$RunnableAdapter.call(Executors.java:423)
08-04 02:31:55.961 29597  3005 W System.err: 	at java.util.concurrent.FutureTask.run(FutureTask.java:237)
08-04 02:31:55.961 29597  3005 W System.err: 	at java.util.concurrent.ThreadPoolExecutor.runWorker(ThreadPoolExecutor.java:1113)
08-04 02:31:55.961 29597  3005 W System.err: 	at java.util.concurrent.ThreadPoolExecutor$Worker.run(ThreadPoolExecutor.java:588)
08-04 02:31:55.961 29597  3005 W System.err: 	at java.lang.Thread.run(Thread.java:818)
08-04 02:31:55.961 29597  3005 W System.err: Caused by: java.io.EOFException: \n not found: limit=0 content=
08-04 02:31:55.962 29597  3005 W System.err: 	at okio.RealBufferedSource.readUtf8LineStrict(RealBufferedSource.java:240)
08-04 02:31:55.962 29597  3005 W System.err: 	at okhttp3.internal.http1.Http1ExchangeCodec.readHeaderLine(Http1ExchangeCodec.java:242)
08-04 02:31:55.962 29597  3005 W System.err: 	at okhttp3.internal.http1.Http1ExchangeCodec.readResponseHeaders(Http1ExchangeCodec.java:213)
08-04 02:31:55.962 29597  3005 W System.err: 	... 27 more
08-04 02:31:55.962 29597  3005 D CustomInterceptor: interceptor_finished : return_type #4 : interceptor failed, resuming the request chain with the original request
08-04 02:31:55.978 29597  3009 D CustomInterceptor: HEADER RESPONSE
08-04 02:31:55.978 29597  3009 D CustomInterceptor: accept-ranges bytes
08-04 02:31:55.978 29597  3009 D CustomInterceptor: access-control-allow-headers X-Requested-With
08-04 02:31:55.978 29597  3009 D CustomInterceptor: access-control-allow-origin *
08-04 02:31:55.978 29597  3009 D CustomInterceptor: cache-control public, max-age=31557600
08-04 02:31:55.978 29597  3009 D CustomInterceptor: content-length 79351
08-04 02:31:55.978 29597  3009 D CustomInterceptor: content-type image/png
08-04 02:31:55.978 29597  3009 D CustomInterceptor: date Tue, 04 Aug 2020 00:31:51 GMT
08-04 02:31:55.978 29597  3009 D CustomInterceptor: etag "b17a734fb67cc334f872374df18d4823"
08-04 02:31:55.978 29597  3009 D CustomInterceptor: last-modified Mon, 03 Aug 2020 17:55:03 GMT
08-04 02:31:55.978 29597  3009 D CustomInterceptor: server nginx
08-04 02:31:55.978 29597  3009 D CustomInterceptor: server-timing akam;dur=60;start=2020-07-28T11:13:12.502Z;total=1330;desc=miss,rtt;dur=0
08-04 02:31:55.978 29597  3009 D CustomInterceptor: status 200 OK
08-04 02:31:55.978 29597  3009 D CustomInterceptor: timing-allow-origin *
08-04 02:31:55.978 29597  3009 D CustomInterceptor: vary User-Agent
08-04 02:31:55.978 29597  3009 D CustomInterceptor: via 1.1 varnish
08-04 02:31:55.978 29597  3009 D CustomInterceptor: x-cache HIT, HIT
08-04 02:31:55.978 29597  3009 D CustomInterceptor: x-cache-hits 1, 1
08-04 02:31:55.978 29597  3009 D CustomInterceptor: x-cld-vary User-Agent
08-04 02:31:55.979 29597  3009 D CustomInterceptor: x-request-id 118e90281c8e5540ce13bb2507dc55c0
08-04 02:31:55.979 29597  3009 D CustomInterceptor: x-served-by cache-bwi5145-BWI, cache-ams21045-AMS
08-04 02:31:55.979 29597  3009 D CustomInterceptor: x-timer S1595958603.567940,VS0,VE1
08-04 02:31:55.979 29597  3009 D CustomInterceptor: CACHEABLE true
08-04 02:31:55.979 29597  3009 D CustomInterceptor: REQ https://images.fastcompany.net/image/upload/w_1280,q_auto,f_auto,fl_lossy/wp-cms/uploads/2020/07/p-1-90532920-this-chart-shows-how-effective-masks-can-be.png
08-04 02:31:55.979 29597  3009 D CustomInterceptor: REQ_SERV_BY net
08-04 02:31:55.979 29597  3009 D CustomInterceptor: PREFLIB Adding response to lrucache - https://images.fastcompany.net/image/upload/w_1280,q_auto,f_auto,fl_lossy/wp-cms/uploads/2020/07/p-1-90532920-this-chart-shows-how-effective-masks-can-be.png
08-04 02:31:56.000 29597  3004 D CustomInterceptor: Interceptor exiting with exception java.io.IOException: unexpected end of stream on https://www.newsblur.com/...
08-04 02:31:56.000 29597  3004 W System.err: java.io.IOException: unexpected end of stream on https://www.newsblur.com/...
08-04 02:31:56.000 29597  3004 W System.err: 	at okhttp3.internal.http1.Http1ExchangeCodec.readResponseHeaders(Http1ExchangeCodec.java:236)
08-04 02:31:56.000 29597  3004 W System.err: 	at okhttp3.internal.connection.Exchange.readResponseHeaders(Exchange.java:115)
08-04 02:31:56.000 29597  3004 W System.err: 	at okhttp3.internal.http.CallServerInterceptor.intercept(CallServerInterceptor.java:94)
08-04 02:31:56.001 29597  3004 W System.err: 	at okhttp3.internal.http.RealInterceptorChain.proceed(RealInterceptorChain.java:142)
08-04 02:31:56.001 29597  3004 W System.err: 	at okhttp3.internal.connection.ConnectInterceptor.intercept(ConnectInterceptor.java:43)
08-04 02:31:56.001 29597  3004 W System.err: 	at okhttp3.internal.http.RealInterceptorChain.proceed(RealInterceptorChain.java:142)
08-04 02:31:56.001 29597  3004 W System.err: 	at okhttp3.internal.http.RealInterceptorChain.proceed(RealInterceptorChain.java:117)
08-04 02:31:56.001 29597  3004 W System.err: 	at okhttp3.internal.cache.CacheInterceptor.intercept(CacheInterceptor.java:94)
08-04 02:31:56.001 29597  3004 W System.err: 	at okhttp3.internal.http.RealInterceptorChain.proceed(RealInterceptorChain.java:142)
08-04 02:31:56.001 29597  3004 W System.err: 	at okhttp3.internal.http.RealInterceptorChain.proceed(RealInterceptorChain.java:117)
08-04 02:31:56.001 29597  3004 W System.err: 	at okhttp3.internal.http.BridgeInterceptor.intercept(BridgeInterceptor.java:93)
08-04 02:31:56.001 29597  3004 W System.err: 	at okhttp3.internal.http.RealInterceptorChain.proceed(RealInterceptorChain.java:142)
08-04 02:31:56.001 29597  3004 W System.err: 	at okhttp3.internal.http.RetryAndFollowUpInterceptor.intercept(RetryAndFollowUpInterceptor.java:88)
08-04 02:31:56.001 29597  3004 W System.err: 	at okhttp3.internal.http.RealInterceptorChain.proceed(RealInterceptorChain.java:142)
08-04 02:31:56.001 29597  3004 W System.err: 	at okhttp3.internal.http.RealInterceptorChain.proceed(RealInterceptorChain.java:117)
08-04 02:31:56.001 29597  3004 W System.err: 	at nl.vu.cs.s2group.nappa.Nappa$CustomInterceptor.intercept(Nappa.java:875)
08-04 02:31:56.001 29597  3004 W System.err: 	at okhttp3.internal.http.RealInterceptorChain.proceed(RealInterceptorChain.java:142)
08-04 02:31:56.001 29597  3004 W System.err: 	at okhttp3.internal.http.RealInterceptorChain.proceed(RealInterceptorChain.java:117)
08-04 02:31:56.001 29597  3004 W System.err: 	at okhttp3.RealCall.getResponseWithInterceptorChain(RealCall.java:229)
08-04 02:31:56.001 29597  3004 W System.err: 	at okhttp3.RealCall.execute(RealCall.java:81)
08-04 02:31:56.001 29597  3004 W System.err: 	at nappatfpr.com.newsblur.util.NetworkUtils.loadURL(NetworkUtils.java:51)
08-04 02:31:56.001 29597  3004 W System.err: 	at nappatfpr.com.newsblur.util.FileCache.cacheFile(FileCache.java:75)
08-04 02:31:56.001 29597  3004 W System.err: 	at nappatfpr.com.newsblur.util.ImageLoader$PhotosLoader.run(ImageLoader.java:160)
08-04 02:31:56.002 29597  3004 W System.err: 	at java.util.concurrent.Executors$RunnableAdapter.call(Executors.java:423)
08-04 02:31:56.002 29597  3004 W System.err: 	at java.util.concurrent.FutureTask.run(FutureTask.java:237)
08-04 02:31:56.002 29597  3004 W System.err: 	at java.util.concurrent.ThreadPoolExecutor.runWorker(ThreadPoolExecutor.java:1113)
08-04 02:31:56.002 29597  3004 W System.err: 	at java.util.concurrent.ThreadPoolExecutor$Worker.run(ThreadPoolExecutor.java:588)
08-04 02:31:56.002 29597  3004 W System.err: 	at java.lang.Thread.run(Thread.java:818)
08-04 02:31:56.002 29597  3004 W System.err: Caused by: java.io.EOFException: \n not found: limit=0 content=
08-04 02:31:56.002 29597  3004 W System.err: 	at okio.RealBufferedSource.readUtf8LineStrict(RealBufferedSource.java:240)
08-04 02:31:56.002 29597  3004 W System.err: 	at okhttp3.internal.http1.Http1ExchangeCodec.readHeaderLine(Http1ExchangeCodec.java:242)
08-04 02:31:56.002 29597  3004 W System.err: 	at okhttp3.internal.http1.Http1ExchangeCodec.readResponseHeaders(Http1ExchangeCodec.java:213)
08-04 02:31:56.002 29597  3004 W System.err: 	... 27 more
08-04 02:31:56.002 29597  3004 D CustomInterceptor: interceptor_finished : return_type #4 : interceptor failed, resuming the request chain with the original request
08-04 02:31:56.008 29597  3003 D CustomInterceptor: Interceptor exiting with exception java.io.IOException: unexpected end of stream on https://www.newsblur.com/...
08-04 02:31:56.008 29597  3003 W System.err: java.io.IOException: unexpected end of stream on https://www.newsblur.com/...
08-04 02:31:56.008 29597  3003 W System.err: 	at okhttp3.internal.http1.Http1ExchangeCodec.readResponseHeaders(Http1ExchangeCodec.java:236)
08-04 02:31:56.008 29597  3003 W System.err: 	at okhttp3.internal.connection.Exchange.readResponseHeaders(Exchange.java:115)
08-04 02:31:56.008 29597  3003 W System.err: 	at okhttp3.internal.http.CallServerInterceptor.intercept(CallServerInterceptor.java:94)
08-04 02:31:56.009 29597  3003 W System.err: 	at okhttp3.internal.http.RealInterceptorChain.proceed(RealInterceptorChain.java:142)
08-04 02:31:56.009 29597  3003 W System.err: 	at okhttp3.internal.connection.ConnectInterceptor.intercept(ConnectInterceptor.java:43)
08-04 02:31:56.009 29597  3003 W System.err: 	at okhttp3.internal.http.RealInterceptorChain.proceed(RealInterceptorChain.java:142)
08-04 02:31:56.009 29597  3003 W System.err: 	at okhttp3.internal.http.RealInterceptorChain.proceed(RealInterceptorChain.java:117)
08-04 02:31:56.009 29597  3003 W System.err: 	at okhttp3.internal.cache.CacheInterceptor.intercept(CacheInterceptor.java:94)
08-04 02:31:56.009 29597  3003 W System.err: 	at okhttp3.internal.http.RealInterceptorChain.proceed(RealInterceptorChain.java:142)
08-04 02:31:56.009 29597  3003 W System.err: 	at okhttp3.internal.http.RealInterceptorChain.proceed(RealInterceptorChain.java:117)
08-04 02:31:56.009 29597  3003 W System.err: 	at okhttp3.internal.http.BridgeInterceptor.intercept(BridgeInterceptor.java:93)
08-04 02:31:56.009 29597  3003 W System.err: 	at okhttp3.internal.http.RealInterceptorChain.proceed(RealInterceptorChain.java:142)
08-04 02:31:56.010 29597  3003 W System.err: 	at okhttp3.internal.http.RetryAndFollowUpInterceptor.intercept(RetryAndFollowUpInterceptor.java:88)
08-04 02:31:56.010 29597  3003 W System.err: 	at okhttp3.internal.http.RealInterceptorChain.proceed(RealInterceptorChain.java:142)
08-04 02:31:56.010 29597  3003 W System.err: 	at okhttp3.internal.http.RealInterceptorChain.proceed(RealInterceptorChain.java:117)
08-04 02:31:56.010 29597  3003 W System.err: 	at nl.vu.cs.s2group.nappa.Nappa$CustomInterceptor.intercept(Nappa.java:875)
08-04 02:31:56.010 29597  3003 W System.err: 	at okhttp3.internal.http.RealInterceptorChain.proceed(RealInterceptorChain.java:142)
08-04 02:31:56.012 29597  3003 W System.err: 	at okhttp3.internal.http.RealInterceptorChain.proceed(RealInterceptorChain.java:117)
08-04 02:31:56.012 29597  3003 W System.err: 	at okhttp3.RealCall.getResponseWithInterceptorChain(RealCall.java:229)
08-04 02:31:56.012 29597  3003 W System.err: 	at okhttp3.RealCall.execute(RealCall.java:81)
08-04 02:31:56.012 29597  3003 W System.err: 	at nappatfpr.com.newsblur.util.NetworkUtils.loadURL(NetworkUtils.java:51)
08-04 02:31:56.012 29597  3003 W System.err: 	at nappatfpr.com.newsblur.util.FileCache.cacheFile(FileCache.java:75)
08-04 02:31:56.012 29597  3003 W System.err: 	at nappatfpr.com.newsblur.util.ImageLoader$PhotosLoader.run(ImageLoader.java:160)
08-04 02:31:56.012 29597  3003 W System.err: 	at java.util.concurrent.Executors$RunnableAdapter.call(Executors.java:423)
08-04 02:31:56.012 29597  3003 W System.err: 	at java.util.concurrent.FutureTask.run(FutureTask.java:237)
08-04 02:31:56.012 29597  3003 W System.err: 	at java.util.concurrent.ThreadPoolExecutor.runWorker(ThreadPoolExecutor.java:1113)
08-04 02:31:56.012 29597  3003 W System.err: 	at java.util.concurrent.ThreadPoolExecutor$Worker.run(ThreadPoolExecutor.java:588)
08-04 02:31:56.012 29597  3003 W System.err: 	at java.lang.Thread.run(Thread.java:818)
08-04 02:31:56.013 29597  3003 W System.err: Caused by: java.io.EOFException: \n not found: limit=0 content=
08-04 02:31:56.014 29597  3003 W System.err: 	at okio.RealBufferedSource.readUtf8LineStrict(RealBufferedSource.java:240)
08-04 02:31:56.014 29597  3003 W System.err: 	at okhttp3.internal.http1.Http1ExchangeCodec.readHeaderLine(Http1ExchangeCodec.java:242)
08-04 02:31:56.014 29597  3003 W System.err: 	at okhttp3.internal.http1.Http1ExchangeCodec.readResponseHeaders(Http1ExchangeCodec.java:213)
08-04 02:31:56.014 29597  3003 W System.err: 	... 27 more
08-04 02:31:56.014 29597  3003 D CustomInterceptor: interceptor_finished : return_type #4 : interceptor failed, resuming the request chain with the original request
08-04 02:31:56.017 29597  3009 D CustomInterceptor: interceptor_finished : return_type #3 : request served from remote and added to cache
08-04 02:31:56.021 29597  3009 I NAPPA_EXPERIMENTATION: MetricNetworkRequestExecutionTime: REQUEST_DURATION_SYSTEM='406',REQUEST_DURATION_OKHTTP='0',REQUEST_SYNCHRONOUS='TRUE',RESPONSE_CODE='200',RESPONSE_METHOD='GET',RESPONSE_LENGTH_OKHTTP='138361',RESPONSE_LENGTH_HEADER='-2',REQUEST_PROTOCOL='h2',REQUEST_URL='https://images.fastcompany.net/image/upload/w_1280,q_auto,f_auto,fl_lossy/wp-cms/uploads/2020/07/p-1-90532920-this-chart-shows-how-effective-masks-can-be.png',
08-04 02:31:56.028 29597  3009 D skia    : --- SkImageDecoder::Factory returned null
08-04 02:31:56.028 29597  3009 D skia    : --- SkImageDecoder::Factory returned null
08-04 02:31:56.053 29597  2742 D Nappa   : registerActivity: (already in) nappatfpr.com.newsblur.activity.GlobalSharedStoriesItemsList
08-04 02:31:56.053 29597  2742 D Nappa   : PARENTS 
08-04 02:31:56.053 29597  2742 D Nappa   : Of: nappatfpr.com.newsblur.activity.GlobalSharedStoriesItemsList -> 
08-04 02:31:56.053 29597  2742 D Nappa   : PARENTS nappatfpr.com.newsblur.activity.Main
08-04 02:31:56.053 29597  2742 D Nappa   : PARENTS has extra: (feed_set, nappatfpr.com.newsblur.util.FeedSet@e)
08-04 02:31:56.091 29597  3010 D CustomInterceptor: CACHE_CONTROL SETTING NEW MAX-AGE
08-04 02:31:56.097 29597  3010 D CustomInterceptor: HEADER RESPONSE
08-04 02:31:56.098 29597  3010 D CustomInterceptor: Accept-Ranges bytes
08-04 02:31:56.098 29597  3010 D CustomInterceptor: Cache-Control public, immutable, max-age=300, only-if-cached, max-stale=300
08-04 02:31:56.098 29597  3010 D CustomInterceptor: Content-Length 477
08-04 02:31:56.098 29597  3010 D CustomInterceptor: Content-Type image/png
08-04 02:31:56.098 29597  3010 D CustomInterceptor: Date Tue, 04 Aug 2020 00:31:52 GMT
08-04 02:31:56.098 29597  3010 D CustomInterceptor: ETag "c9bf1f07378831e51f45ddc262f16afc"
08-04 02:31:56.098 29597  3010 D CustomInterceptor: Expires Tue, 04 Aug 2020 00:36:56 GMT+00:00
08-04 02:31:56.098 29597  3010 D CustomInterceptor: Last-Modified Tue, 04 Aug 2020 00:08:50 GMT
08-04 02:31:56.098 29597  3010 D CustomInterceptor: Server AmazonS3
08-04 02:31:56.098 29597  3010 D CustomInterceptor: x-amz-id-2 94Rwk5ojWxCqHXBHdbTnIfMwWvr8BoPO9FIAVluZq4vB828m+Cmx0ha8bhtO/NPhl223fsMKZj0=
08-04 02:31:56.098 29597  3010 D CustomInterceptor: x-amz-request-id 0EA63B351126C2AD
08-04 02:31:56.098 29597  3010 D CustomInterceptor: CACHEABLE true
08-04 02:31:56.099 29597  3010 D CustomInterceptor: REQ https://s3.amazonaws.com/icons.newsblur.com/5762506.png
08-04 02:31:56.099 29597  3010 D CustomInterceptor: REQ_SERV_BY net
08-04 02:31:56.099 29597  3010 D CustomInterceptor: PREFLIB Adding response to lrucache - https://s3.amazonaws.com/icons.newsblur.com/5762506.png
08-04 02:31:56.099 29597  3008 D CustomInterceptor: CACHE_CONTROL SETTING NEW MAX-AGE
08-04 02:31:56.101 29597  3008 D CustomInterceptor: HEADER RESPONSE
08-04 02:31:56.102 29597  3008 D CustomInterceptor: Accept-Ranges bytes
08-04 02:31:56.102 29597  3008 D CustomInterceptor: Cache-Control public, immutable, max-age=300, only-if-cached, max-stale=300
08-04 02:31:56.102 29597  3008 D CustomInterceptor: Content-Length 243
08-04 02:31:56.102 29597  3008 D CustomInterceptor: Content-Type image/png
08-04 02:31:56.102 29597  3008 D CustomInterceptor: Date Tue, 04 Aug 2020 00:31:52 GMT
08-04 02:31:56.102 29597  3008 D CustomInterceptor: ETag "ff3726165bbd11816de674a75693fba7"
08-04 02:31:56.102 29597  3008 D CustomInterceptor: Expires Tue, 04 Aug 2020 00:36:56 GMT+00:00
08-04 02:31:56.102 29597  3008 D CustomInterceptor: Last-Modified Mon, 03 Aug 2020 00:45:48 GMT
08-04 02:31:56.102 29597  3008 D CustomInterceptor: Server AmazonS3
08-04 02:31:56.102 29597  3008 D CustomInterceptor: x-amz-id-2 wne6NNWwn08ntKiKKy9kUukC8PyYkR/ZQjdI2daB9u3xPvfEXggbnrzXM/bpIcjfZt7xqxMiHNE=
08-04 02:31:56.102 29597  3008 D CustomInterceptor: x-amz-request-id 8C96FD80B0A0B0DD
08-04 02:31:56.102 29597  3008 D CustomInterceptor: CACHEABLE true
08-04 02:31:56.102 29597  3008 D CustomInterceptor: REQ https://s3.amazonaws.com/icons.newsblur.com/18178.png
08-04 02:31:56.102 29597  3008 D CustomInterceptor: REQ_SERV_BY net
08-04 02:31:56.102 29597  3008 D CustomInterceptor: PREFLIB Adding response to lrucache - https://s3.amazonaws.com/icons.newsblur.com/18178.png
08-04 02:31:56.120 29597  3010 D CustomInterceptor: interceptor_finished : return_type #3 : request served from remote and added to cache
08-04 02:31:56.121 29597  3010 I NAPPA_EXPERIMENTATION: MetricNetworkRequestExecutionTime: REQUEST_DURATION_SYSTEM='526',REQUEST_DURATION_OKHTTP='0',REQUEST_SYNCHRONOUS='TRUE',RESPONSE_CODE='200',RESPONSE_METHOD='GET',RESPONSE_LENGTH_OKHTTP='770',RESPONSE_LENGTH_HEADER='-2',REQUEST_PROTOCOL='http/1.1',REQUEST_URL='https://s3.amazonaws.com/icons.newsblur.com/5762506.png',
08-04 02:31:56.122 29597  3010 D skia    : --- SkImageDecoder::Factory returned null
08-04 02:31:56.123 29597  3010 D skia    : --- SkImageDecoder::Factory returned null
08-04 02:31:56.125 29597  3006 D CustomInterceptor: CACHE_CONTROL SETTING NEW MAX-AGE
08-04 02:31:56.126 29597  3006 D CustomInterceptor: HEADER RESPONSE
08-04 02:31:56.126 29597  3006 D CustomInterceptor: Accept-Ranges bytes
08-04 02:31:56.126 29597  3006 D CustomInterceptor: Cache-Control public, immutable, max-age=300, only-if-cached, max-stale=300
08-04 02:31:56.126 29597  3006 D CustomInterceptor: Content-Length 145
08-04 02:31:56.126 29597  3006 D CustomInterceptor: Content-Type image/png
08-04 02:31:56.126 29597  3006 D CustomInterceptor: Date Tue, 04 Aug 2020 00:31:52 GMT
08-04 02:31:56.126 29597  3006 D CustomInterceptor: ETag "b48046b4e0d289b5a850262f03eb2d2d"
08-04 02:31:56.126 29597  3006 D CustomInterceptor: Expires Tue, 04 Aug 2020 00:36:56 GMT+00:00
08-04 02:31:56.127 29597  3006 D CustomInterceptor: Last-Modified Sun, 02 Aug 2020 20:38:38 GMT
08-04 02:31:56.127 29597  3006 D CustomInterceptor: Server AmazonS3
08-04 02:31:56.127 29597  3006 D CustomInterceptor: x-amz-id-2 nDiDQANtDNVqEPucOfLtnn1Sx7gr+QY+8aAbQ7XZXU86Z7PKjjK674CpOsLT5+9Veg1xKpYxLtE=
08-04 02:31:56.127 29597  3006 D CustomInterceptor: x-amz-request-id 6Z1W4S4Z6X7N1J4P
08-04 02:31:56.127 29597  3006 D CustomInterceptor: CACHEABLE true
08-04 02:31:56.127 29597  3006 D CustomInterceptor: REQ https://s3.amazonaws.com/icons.newsblur.com/6882243.png
08-04 02:31:56.127 29597  3006 D CustomInterceptor: REQ_SERV_BY net
08-04 02:31:56.127 29597  3006 D CustomInterceptor: PREFLIB Adding response to lrucache - https://s3.amazonaws.com/icons.newsblur.com/6882243.png
08-04 02:31:56.130 29597  3008 D CustomInterceptor: interceptor_finished : return_type #3 : request served from remote and added to cache
08-04 02:31:56.130 29597  3008 I NAPPA_EXPERIMENTATION: MetricNetworkRequestExecutionTime: REQUEST_DURATION_SYSTEM='543',REQUEST_DURATION_OKHTTP='0',REQUEST_SYNCHRONOUS='TRUE',RESPONSE_CODE='200',RESPONSE_METHOD='GET',RESPONSE_LENGTH_OKHTTP='395',RESPONSE_LENGTH_HEADER='-2',REQUEST_PROTOCOL='http/1.1',REQUEST_URL='https://s3.amazonaws.com/icons.newsblur.com/18178.png',
08-04 02:31:56.132 29597  3008 D skia    : --- SkImageDecoder::Factory returned null
08-04 02:31:56.132 29597  3008 D skia    : --- SkImageDecoder::Factory returned null
08-04 02:31:56.149 29597  3006 D CustomInterceptor: interceptor_finished : return_type #3 : request served from remote and added to cache
08-04 02:31:56.150 29597  3006 I NAPPA_EXPERIMENTATION: MetricNetworkRequestExecutionTime: REQUEST_DURATION_SYSTEM='571',REQUEST_DURATION_OKHTTP='0',REQUEST_SYNCHRONOUS='TRUE',RESPONSE_CODE='200',RESPONSE_METHOD='GET',RESPONSE_LENGTH_OKHTTP='236',RESPONSE_LENGTH_HEADER='-2',REQUEST_PROTOCOL='http/1.1',REQUEST_URL='https://s3.amazonaws.com/icons.newsblur.com/6882243.png',
08-04 02:31:56.151 29597  3006 D skia    : --- SkImageDecoder::Factory returned null
08-04 02:31:56.152 29597  3006 D skia    : --- SkImageDecoder::Factory returned null
08-04 02:31:56.154 29597  2742 D Nappa   : registerActivity: (already in) nappatfpr.com.newsblur.activity.GlobalSharedStoriesItemsList
08-04 02:31:56.154 29597  2742 D Nappa   : PARENTS 
08-04 02:31:56.154 29597  2742 D Nappa   : Of: nappatfpr.com.newsblur.activity.GlobalSharedStoriesItemsList -> 
08-04 02:31:56.154 29597  2742 D Nappa   : PARENTS nappatfpr.com.newsblur.activity.Main
08-04 02:31:56.154 29597  2742 D Nappa   : PARENTS has extra: (feed_set, nappatfpr.com.newsblur.util.FeedSet@e)
08-04 02:31:56.215 29597 29610 I art     : Starting a blocking GC Explicit
08-04 02:31:56.239 29597 29610 I art     : Explicit concurrent mark sweep GC freed 12797(1162KB) AllocSpace objects, 19(1004KB) LOS objects, 35% free, 29MB/45MB, paused 478us total 23.897ms
08-04 02:31:56.248 29597 29610 I art     : Starting a blocking GC Explicit
08-04 02:31:56.254 29597  2742 D Nappa   : registerActivity: (already in) nappatfpr.com.newsblur.activity.GlobalSharedStoriesItemsList
08-04 02:31:56.254 29597  2742 D Nappa   : PARENTS 
08-04 02:31:56.254 29597  2742 D Nappa   : Of: nappatfpr.com.newsblur.activity.GlobalSharedStoriesItemsList -> 
08-04 02:31:56.254 29597  2742 D Nappa   : PARENTS nappatfpr.com.newsblur.activity.Main
08-04 02:31:56.255 29597  2742 D Nappa   : PARENTS has extra: (feed_set, nappatfpr.com.newsblur.util.FeedSet@e)
08-04 02:31:56.266 29597 29610 I art     : Explicit concurrent mark sweep GC freed 640(25KB) AllocSpace objects, 0(0B) LOS objects, 35% free, 29MB/45MB, paused 442us total 18.099ms
08-04 02:31:56.274 29597 29610 I art     : Starting a blocking GC Explicit
