08-04 02:32:13.159 29597 29610 I art     : Explicit concurrent mark sweep GC freed 109(3KB) AllocSpace objects, 0(0B) LOS objects, 31% free, 35MB/51MB, paused 1.294ms total 40.191ms
08-04 02:32:13.171 29597 29610 I art     : Starting a blocking GC Explicit
08-04 02:32:13.208 29597 29610 I art     : Explicit concurrent mark sweep GC freed 3(96B) AllocSpace objects, 0(0B) LOS objects, 31% free, 35MB/51MB, paused 1.444ms total 36.452ms
08-04 02:32:13.221 29597 29610 I art     : Starting a blocking GC Explicit
08-04 02:32:13.258 29597 29610 I art     : Explicit concurrent mark sweep GC freed 1494(59KB) AllocSpace objects, 0(0B) LOS objects, 31% free, 35MB/51MB, paused 1.546ms total 37.226ms
08-04 02:32:13.271 29597 29610 I art     : Starting a blocking GC Explicit
08-04 02:32:13.293 29597  3369 E nappatfpr.com.newsblur.network.APIResponse: Error (unexpected end of stream on https://www.newsblur.com/...) calling https://www.newsblur.com/reader/mark_story_hashes_as_read/
08-04 02:32:13.293 29597  3369 E nappatfpr.com.newsblur.network.APIResponse: java.io.IOException: unexpected end of stream on https://www.newsblur.com/...
08-04 02:32:13.293 29597  3369 E nappatfpr.com.newsblur.network.APIResponse: 	at okhttp3.internal.http1.Http1ExchangeCodec.readResponseHeaders(Http1ExchangeCodec.java:236)
08-04 02:32:13.293 29597  3369 E nappatfpr.com.newsblur.network.APIResponse: 	at okhttp3.internal.connection.Exchange.readResponseHeaders(Exchange.java:115)
08-04 02:32:13.293 29597  3369 E nappatfpr.com.newsblur.network.APIResponse: 	at okhttp3.internal.http.CallServerInterceptor.intercept(CallServerInterceptor.java:94)
08-04 02:32:13.293 29597  3369 E nappatfpr.com.newsblur.network.APIResponse: 	at okhttp3.internal.http.RealInterceptorChain.proceed(RealInterceptorChain.java:142)
08-04 02:32:13.293 29597  3369 E nappatfpr.com.newsblur.network.APIResponse: 	at okhttp3.internal.connection.ConnectInterceptor.intercept(ConnectInterceptor.java:43)
08-04 02:32:13.293 29597  3369 E nappatfpr.com.newsblur.network.APIResponse: 	at okhttp3.internal.http.RealInterceptorChain.proceed(RealInterceptorChain.java:142)
08-04 02:32:13.293 29597  3369 E nappatfpr.com.newsblur.network.APIResponse: 	at okhttp3.internal.http.RealInterceptorChain.proceed(RealInterceptorChain.java:117)
08-04 02:32:13.293 29597  3369 E nappatfpr.com.newsblur.network.APIResponse: 	at okhttp3.internal.cache.CacheInterceptor.intercept(CacheInterceptor.java:94)
08-04 02:32:13.293 29597  3369 E nappatfpr.com.newsblur.network.APIResponse: 	at okhttp3.internal.http.RealInterceptorChain.proceed(RealInterceptorChain.java:142)
08-04 02:32:13.293 29597  3369 E nappatfpr.com.newsblur.network.APIResponse: 	at okhttp3.internal.http.RealInterceptorChain.proceed(RealInterceptorChain.java:117)
08-04 02:32:13.293 29597  3369 E nappatfpr.com.newsblur.network.APIResponse: 	at okhttp3.internal.http.BridgeInterceptor.intercept(BridgeInterceptor.java:93)
08-04 02:32:13.293 29597  3369 E nappatfpr.com.newsblur.network.APIResponse: 	at okhttp3.internal.http.RealInterceptorChain.proceed(RealInterceptorChain.java:142)
08-04 02:32:13.293 29597  3369 E nappatfpr.com.newsblur.network.APIResponse: 	at okhttp3.internal.http.RetryAndFollowUpInterceptor.intercept(RetryAndFollowUpInterceptor.java:88)
08-04 02:32:13.293 29597  3369 E nappatfpr.com.newsblur.network.APIResponse: 	at okhttp3.internal.http.RealInterceptorChain.proceed(RealInterceptorChain.java:142)
08-04 02:32:13.293 29597  3369 E nappatfpr.com.newsblur.network.APIResponse: 	at okhttp3.internal.http.RealInterceptorChain.proceed(RealInterceptorChain.java:117)
08-04 02:32:13.293 29597  3369 E nappatfpr.com.newsblur.network.APIResponse: 	at nl.vu.cs.s2group.nappa.Nappa$CustomInterceptor.intercept(Nappa.java:970)
08-04 02:32:13.293 29597  3369 E nappatfpr.com.newsblur.network.APIResponse: 	at okhttp3.internal.http.RealInterceptorChain.proceed(RealInterceptorChain.java:142)
08-04 02:32:13.293 29597  3369 E nappatfpr.com.newsblur.network.APIResponse: 	at okhttp3.internal.http.RealInterceptorChain.proceed(RealInterceptorChain.java:117)
08-04 02:32:13.293 29597  3369 E nappatfpr.com.newsblur.network.APIResponse: 	at okhttp3.RealCall.getResponseWithInterceptorChain(RealCall.java:229)
08-04 02:32:13.293 29597  3369 E nappatfpr.com.newsblur.network.APIResponse: 	at okhttp3.RealCall.execute(RealCall.java:81)
08-04 02:32:13.293 29597  3369 E nappatfpr.com.newsblur.network.APIResponse: 	at nappatfpr.com.newsblur.network.APIResponse.<init>(APIResponse.java:57)
08-04 02:32:13.293 29597  3369 E nappatfpr.com.newsblur.network.APIResponse: 	at nappatfpr.com.newsblur.network.APIResponse.<init>(APIResponse.java:43)
08-04 02:32:13.293 29597  3369 E nappatfpr.com.newsblur.network.APIResponse: 	at nappatfpr.com.newsblur.network.APIManager.post_single(APIManager.java:703)
08-04 02:32:13.293 29597  3369 E nappatfpr.com.newsblur.network.APIResponse: 	at nappatfpr.com.newsblur.network.APIManager.post(APIManager.java:676)
08-04 02:32:13.293 29597  3369 E nappatfpr.com.newsblur.network.APIResponse: 	at nappatfpr.com.newsblur.network.APIManager.post(APIManager.java:715)
08-04 02:32:13.293 29597  3369 E nappatfpr.com.newsblur.network.APIResponse: 	at nappatfpr.com.newsblur.network.APIManager.markStoryAsRead(APIManager.java:206)
08-04 02:32:13.293 29597  3369 E nappatfpr.com.newsblur.network.APIResponse: 	at nappatfpr.com.newsblur.util.ReadingAction.doRemote(ReadingAction.java:281)
08-04 02:32:13.293 29597  3369 E nappatfpr.com.newsblur.network.APIResponse: 	at nappatfpr.com.newsblur.service.NBSyncService.syncActions(NBSyncService.java:400)
08-04 02:32:13.293 29597  3369 E nappatfpr.com.newsblur.network.APIResponse: 	at nappatfpr.com.newsblur.service.NBSyncService.doSync(NBSyncService.java:298)
08-04 02:32:13.293 29597  3369 E nappatfpr.com.newsblur.network.APIResponse: 	at nappatfpr.com.newsblur.service.NBSyncService.access$100(NBSyncService.java:67)
08-04 02:32:13.293 29597  3369 E nappatfpr.com.newsblur.network.APIResponse: 	at nappatfpr.com.newsblur.service.NBSyncService$1.run(NBSyncService.java:188)
08-04 02:32:13.293 29597  3369 E nappatfpr.com.newsblur.network.APIResponse: 	at java.util.concurrent.ThreadPoolExecutor.runWorker(ThreadPoolExecutor.java:1113)
08-04 02:32:13.293 29597  3369 E nappatfpr.com.newsblur.network.APIResponse: 	at java.util.concurrent.ThreadPoolExecutor$Worker.run(ThreadPoolExecutor.java:588)
08-04 02:32:13.293 29597  3369 E nappatfpr.com.newsblur.network.APIResponse: 	at java.lang.Thread.run(Thread.java:818)
08-04 02:32:13.293 29597  3369 E nappatfpr.com.newsblur.network.APIResponse: Caused by: java.io.EOFException: \n not found: limit=0 content=
08-04 02:32:13.293 29597  3369 E nappatfpr.com.newsblur.network.APIResponse: 	at okio.RealBufferedSource.readUtf8LineStrict(RealBufferedSource.java:240)
08-04 02:32:13.293 29597  3369 E nappatfpr.com.newsblur.network.APIResponse: 	at okhttp3.internal.http1.Http1ExchangeCodec.readHeaderLine(Http1ExchangeCodec.java:242)
08-04 02:32:13.293 29597  3369 E nappatfpr.com.newsblur.network.APIResponse: 	at okhttp3.internal.http1.Http1ExchangeCodec.readResponseHeaders(Http1ExchangeCodec.java:213)
08-04 02:32:13.293 29597  3369 E nappatfpr.com.newsblur.network.APIResponse: 	... 33 more
08-04 02:32:13.295 29597  3369 I nappatfpr.com.newsblur.service.NBSyncService: Holding reading action with server-side or network error.
08-04 02:32:13.303 29597  3369 W nappatfpr.com.newsblur.service.NBSyncService: hard API failure
08-04 02:32:13.308 29597 29610 I art     : Explicit concurrent mark sweep GC freed 1083(221KB) AllocSpace objects, 3(60KB) LOS objects, 31% free, 35MB/51MB, paused 1.572ms total 37.100ms
08-04 02:32:13.687 29597 29612 I art     : Starting a blocking GC Explicit
08-04 02:32:13.730 29597 29612 I art     : Explicit concurrent mark sweep GC freed 2671(304KB) AllocSpace objects, 13(260KB) LOS objects, 31% free, 35MB/51MB, paused 1.326ms total 43.068ms
08-04 02:32:13.744 29597 29612 I art     : Starting a blocking GC Explicit
08-04 02:32:13.783 29597 29612 I art     : Explicit concurrent mark sweep GC freed 531(19KB) AllocSpace objects, 0(0B) LOS objects, 31% free, 35MB/51MB, paused 1.367ms total 39.462ms
08-04 02:32:13.797 29597 29612 I art     : Starting a blocking GC Explicit
08-04 02:32:13.838 29597 29612 I art     : Explicit concurrent mark sweep GC freed 3(96B) AllocSpace objects, 0(0B) LOS objects, 31% free, 35MB/51MB, paused 1.469ms total 40.946ms
08-04 02:32:13.851 29597 29612 I art     : Starting a blocking GC Explicit
08-04 02:32:13.890 29597 29612 I art     : Explicit concurrent mark sweep GC freed 3(96B) AllocSpace objects, 0(0B) LOS objects, 31% free, 35MB/51MB, paused 1.369ms total 39.207ms
08-04 02:32:13.903 29597 29612 I art     : Starting a blocking GC Explicit
08-04 02:32:13.945 29597 29612 I art     : Explicit concurrent mark sweep GC freed 3(96B) AllocSpace objects, 0(0B) LOS objects, 31% free, 35MB/51MB, paused 1.332ms total 41.182ms
08-04 02:32:14.260   918  3261 D WifiStateMachine: starting scan for "H369AA63323"WPA_PSK with 2412,5180
08-04 02:32:14.300 29597 29610 I art     : Starting a blocking GC Explicit
08-04 02:32:14.343 29597 29610 I art     : Explicit concurrent mark sweep GC freed 1599(92KB) AllocSpace objects, 1(20KB) LOS objects, 31% free, 35MB/51MB, paused 1.293ms total 41.657ms
08-04 02:32:14.359 29597 29610 I art     : Starting a blocking GC Explicit
08-04 02:32:14.399 29597 29610 I art     : Explicit concurrent mark sweep GC freed 28(1024B) AllocSpace objects, 0(0B) LOS objects, 31% free, 35MB/51MB, paused 1.347ms total 39.442ms
08-04 02:32:14.412 29597 29610 I art     : Starting a blocking GC Explicit
08-04 02:32:14.451 29597 29610 I art     : Explicit concurrent mark sweep GC freed 3(96B) AllocSpace objects, 0(0B) LOS objects, 31% free, 35MB/51MB, paused 1.226ms total 39.652ms
08-04 02:32:14.464 29597 29610 I art     : Starting a blocking GC Explicit
08-04 02:32:14.487   518   646 I ThermalEngine: ACTION: GPU - Setting GPU[0] to 510000000
08-04 02:32:14.502 29597 29610 I art     : Explicit concurrent mark sweep GC freed 3(96B) AllocSpace objects, 0(0B) LOS objects, 31% free, 35MB/51MB, paused 1.313ms total 37.529ms
08-04 02:32:14.514 29597 29610 I art     : Starting a blocking GC Explicit
08-04 02:32:14.549 29597 29610 I art     : Explicit concurrent mark sweep GC freed 3(96B) AllocSpace objects, 0(0B) LOS objects, 31% free, 35MB/51MB, paused 965us total 34.305ms
08-04 02:32:14.886 29597  2988 I art     : Starting a blocking GC Explicit
08-04 02:32:14.920 29597  2988 I art     : Explicit concurrent mark sweep GC freed 1599(92KB) AllocSpace objects, 1(20KB) LOS objects, 31% free, 35MB/51MB, paused 1.168ms total 33.224ms
08-04 02:32:14.934 29597  2988 I art     : Starting a blocking GC Explicit
08-04 02:32:14.962 29597  2988 I art     : Explicit concurrent mark sweep GC freed 28(1024B) AllocSpace objects, 0(0B) LOS objects, 31% free, 35MB/51MB, paused 943us total 27.881ms
08-04 02:32:14.972 29597  2988 I art     : Starting a blocking GC Explicit
08-04 02:32:15.001 29597  2988 I art     : Explicit concurrent mark sweep GC freed 3(96B) AllocSpace objects, 0(0B) LOS objects, 31% free, 35MB/51MB, paused 972us total 28.961ms
08-04 02:32:15.010 29597  2988 I art     : Starting a blocking GC Explicit
08-04 02:32:15.040 29597  2988 I art     : Explicit concurrent mark sweep GC freed 3(96B) AllocSpace objects, 0(0B) LOS objects, 31% free, 35MB/51MB, paused 1.001ms total 29.568ms
08-04 02:32:15.050 29597  2988 I art     : Starting a blocking GC Explicit
08-04 02:32:15.079 29597  2988 I art     : Explicit concurrent mark sweep GC freed 3(96B) AllocSpace objects, 0(0B) LOS objects, 31% free, 35MB/51MB, paused 964us total 28.804ms
08-04 02:32:15.431 29597  2804 I art     : Starting a blocking GC Explicit
08-04 02:32:15.463 29597  2804 I art     : Explicit concurrent mark sweep GC freed 1599(92KB) AllocSpace objects, 1(20KB) LOS objects, 31% free, 35MB/51MB, paused 940us total 31.564ms
08-04 02:32:15.475 29597  2804 I art     : Starting a blocking GC Explicit
08-04 02:32:15.503 29597  2804 I art     : Explicit concurrent mark sweep GC freed 28(1024B) AllocSpace objects, 0(0B) LOS objects, 31% free, 35MB/51MB, paused 960us total 27.940ms
08-04 02:32:15.513 29597  2804 I art     : Starting a blocking GC Explicit
08-04 02:32:15.542 29597  2804 I art     : Explicit concurrent mark sweep GC freed 3(96B) AllocSpace objects, 0(0B) LOS objects, 31% free, 35MB/51MB, paused 969us total 28.917ms
08-04 02:32:15.551 29597  2804 I art     : Starting a blocking GC Explicit
08-04 02:32:15.580 29597  2804 I art     : Explicit concurrent mark sweep GC freed 3(96B) AllocSpace objects, 0(0B) LOS objects, 31% free, 35MB/51MB, paused 977us total 28.561ms
08-04 02:32:15.590 29597  2804 I art     : Starting a blocking GC Explicit
08-04 02:32:15.620 29597  2804 I art     : Explicit concurrent mark sweep GC freed 3(96B) AllocSpace objects, 0(0B) LOS objects, 31% free, 35MB/51MB, paused 973us total 29.790ms
08-04 02:32:15.967 29597 29612 I art     : Starting a blocking GC Explicit
08-04 02:32:16.000 29597 29612 I art     : Explicit concurrent mark sweep GC freed 1618(93KB) AllocSpace objects, 1(20KB) LOS objects, 31% free, 35MB/51MB, paused 1.010ms total 32.494ms
08-04 02:32:16.014 29597 29612 I art     : Starting a blocking GC Explicit
08-04 02:32:16.043 29597 29612 I art     : Explicit concurrent mark sweep GC freed 34(1248B) AllocSpace objects, 0(0B) LOS objects, 31% free, 35MB/51MB, paused 944us total 28.362ms
08-04 02:32:16.053 29597 29612 I art     : Starting a blocking GC Explicit
08-04 02:32:16.082 29597 29612 I art     : Explicit concurrent mark sweep GC freed 3(96B) AllocSpace objects, 0(0B) LOS objects, 31% free, 35MB/51MB, paused 972us total 28.783ms
08-04 02:32:16.091 29597 29612 I art     : Starting a blocking GC Explicit
08-04 02:32:16.121 29597 29612 I art     : Explicit concurrent mark sweep GC freed 3(96B) AllocSpace objects, 0(0B) LOS objects, 31% free, 35MB/51MB, paused 967us total 29.674ms
08-04 02:32:16.130 29597 29612 I art     : Starting a blocking GC Explicit
08-04 02:32:16.160 29597 29612 I art     : Explicit concurrent mark sweep GC freed 3(96B) AllocSpace objects, 0(0B) LOS objects, 31% free, 35MB/51MB, paused 952us total 29.476ms
08-04 02:32:16.460 28500 28500 I ServiceManager: Waiting for service AtCmdFwd...
08-04 02:32:16.528 29597 29610 I art     : Starting a blocking GC Explicit
08-04 02:32:16.560 29597 29610 I art     : Explicit concurrent mark sweep GC freed 1599(92KB) AllocSpace objects, 1(20KB) LOS objects, 31% free, 35MB/51MB, paused 987us total 31.824ms
08-04 02:32:16.573 29597 29610 I art     : Starting a blocking GC Explicit
08-04 02:32:16.602 29597 29610 I art     : Explicit concurrent mark sweep GC freed 28(1024B) AllocSpace objects, 0(0B) LOS objects, 31% free, 35MB/51MB, paused 952us total 28.977ms
08-04 02:32:16.611 29597 29610 I art     : Starting a blocking GC Explicit
08-04 02:32:16.640 29597 29610 I art     : Explicit concurrent mark sweep GC freed 3(96B) AllocSpace objects, 0(0B) LOS objects, 31% free, 35MB/51MB, paused 973us total 28.739ms
08-04 02:32:16.650 29597 29610 I art     : Starting a blocking GC Explicit
08-04 02:32:16.679 29597 29610 I art     : Explicit concurrent mark sweep GC freed 3(96B) AllocSpace objects, 0(0B) LOS objects, 31% free, 35MB/51MB, paused 888us total 29.150ms
08-04 02:32:16.689 29597 29610 I art     : Starting a blocking GC Explicit
08-04 02:32:16.719 29597 29610 I art     : Explicit concurrent mark sweep GC freed 3(96B) AllocSpace objects, 0(0B) LOS objects, 31% free, 35MB/51MB, paused 908us total 29.704ms
08-04 02:32:17.045 29597  2988 I art     : Starting a blocking GC Explicit
08-04 02:32:17.075 29597  2988 I art     : Explicit concurrent mark sweep GC freed 1599(92KB) AllocSpace objects, 1(20KB) LOS objects, 31% free, 35MB/51MB, paused 989us total 30.362ms
08-04 02:32:17.085 29597  2988 I art     : Starting a blocking GC Explicit
08-04 02:32:17.115 29597  2988 I art     : Explicit concurrent mark sweep GC freed 28(1024B) AllocSpace objects, 0(0B) LOS objects, 31% free, 35MB/51MB, paused 979us total 29.741ms
08-04 02:32:17.125 29597  2988 I art     : Starting a blocking GC Explicit
08-04 02:32:17.155 29597  2988 I art     : Explicit concurrent mark sweep GC freed 3(96B) AllocSpace objects, 0(0B) LOS objects, 31% free, 35MB/51MB, paused 941us total 30.074ms
08-04 02:32:17.165 29597  2988 I art     : Starting a blocking GC Explicit
08-04 02:32:17.195 29597  2988 I art     : Explicit concurrent mark sweep GC freed 3(96B) AllocSpace objects, 0(0B) LOS objects, 31% free, 35MB/51MB, paused 1.002ms total 30.280ms
08-04 02:32:17.205 29597  2988 I art     : Starting a blocking GC Explicit
08-04 02:32:17.236 29597  2988 I art     : Explicit concurrent mark sweep GC freed 3(96B) AllocSpace objects, 0(0B) LOS objects, 31% free, 35MB/51MB, paused 1.015ms total 30.381ms
08-04 02:32:17.461 28500 28500 I ServiceManager: Waiting for service AtCmdFwd...
08-04 02:32:17.534 29597  2804 I art     : Starting a blocking GC Explicit
08-04 02:32:17.564 29597  2804 I art     : Explicit concurrent mark sweep GC freed 1599(92KB) AllocSpace objects, 1(20KB) LOS objects, 31% free, 35MB/51MB, paused 1.018ms total 29.079ms
08-04 02:32:17.573 29597  2804 I art     : Starting a blocking GC Explicit
08-04 02:32:17.603 29597  2804 I art     : Explicit concurrent mark sweep GC freed 28(1024B) AllocSpace objects, 0(0B) LOS objects, 31% free, 35MB/51MB, paused 1.111ms total 29.424ms
08-04 02:32:17.612 29597  2804 I art     : Starting a blocking GC Explicit
08-04 02:32:17.641 29597  2804 I art     : Explicit concurrent mark sweep GC freed 3(96B) AllocSpace objects, 0(0B) LOS objects, 31% free, 35MB/51MB, paused 984us total 28.738ms
08-04 02:32:17.651 29597  2804 I art     : Starting a blocking GC Explicit
08-04 02:32:17.680 29597  2804 I art     : Explicit concurrent mark sweep GC freed 3(96B) AllocSpace objects, 0(0B) LOS objects, 31% free, 35MB/51MB, paused 964us total 28.564ms
08-04 02:32:17.689 29597  2804 I art     : Starting a blocking GC Explicit
08-04 02:32:17.719 29597  2804 I art     : Explicit concurrent mark sweep GC freed 3(96B) AllocSpace objects, 0(0B) LOS objects, 31% free, 35MB/51MB, paused 1.009ms total 29.163ms
08-04 02:32:17.782  3592  3592 D AndroidRuntime: >>>>>> START com.android.internal.os.RuntimeInit uid 2000 <<<<<<
08-04 02:32:17.787  3592  3592 D AndroidRuntime: CheckJNI is OFF
08-04 02:32:17.820  3592  3592 D ICU     : No timezone override file found: /data/misc/zoneinfo/current/icu/icu_tzdata.dat
08-04 02:32:17.853  3592  3592 I Radio-JNI: register_android_hardware_Radio DONE
08-04 02:32:17.875  3592  3592 D AndroidRuntime: Calling main entry com.android.commands.input.Input
08-04 02:32:17.877  3592  3592 I Input   : injectKeyEvent: KeyEvent { action=ACTION_DOWN, keyCode=KEYCODE_BACK, scanCode=0, metaState=0, flags=0x0, repeatCount=0, eventTime=671554290, downTime=671554290, deviceId=-1, source=0x101 }
08-04 02:32:17.883  3592  3592 I Input   : injectKeyEvent: KeyEvent { action=ACTION_UP, keyCode=KEYCODE_BACK, scanCode=0, metaState=0, flags=0x0, repeatCount=0, eventTime=671554290, downTime=671554290, deviceId=-1, source=0x101 }
08-04 02:32:17.893  3592  3592 D AndroidRuntime: Shutting down VM
08-04 02:32:17.893 29597 29597 D NappaLifecycleObserver: nappatfpr.com.newsblur.activity.GlobalSharedStoriesReading - onPause
08-04 02:32:17.893 29597 29597 D Nappa   : Stayed on nappatfpr.com.newsblur.activity.GlobalSharedStoriesReading for 12487 ms
08-04 02:32:17.979 29597 29597 D NappaLifecycleObserver: nappatfpr.com.newsblur.activity.GlobalSharedStoriesItemsList - onResume
08-04 02:32:17.979 29597 29597 D Nappa   : setCurrentActivity - MetricStrategyAccuracy - 
08-04 02:32:17.979 29597 29597 D Nappa   : madePredictionFromActivity = true, 
08-04 02:32:17.979 29597 29597 D Nappa   : fromActivity = nappatfpr.com.newsblur.activity.GlobalSharedStoriesReading, 
08-04 02:32:17.979 29597 29597 D Nappa   : predictedNextActivityFromActivity = [], 
08-04 02:32:17.979 29597 29597 D Nappa   : activity.getClass().getCanonicalName() = nappatfpr.com.newsblur.activity.GlobalSharedStoriesItemsList, 
08-04 02:32:17.979 29597 29597 D Nappa   : setCurrentActivity - MetricStrategyAccuracy - 
08-04 02:32:17.979 29597 29597 D Nappa   : madePredictionFromExtra = false, 
08-04 02:32:17.979 29597 29597 D Nappa   : fromActivity = nappatfpr.com.newsblur.activity.GlobalSharedStoriesReading, 
08-04 02:32:17.979 29597 29597 D Nappa   : predictedNextActivityFromExtra = [], 
08-04 02:32:17.979 29597 29597 D Nappa   : activity.getClass().getCanonicalName() = nappatfpr.com.newsblur.activity.GlobalSharedStoriesItemsList, 
08-04 02:32:17.979 29597 29597 D Nappa   : PREFETCH_ON_EXTRA - setCurrentActivity - logs - from activity - made prediction istrue
08-04 02:32:17.979 29597 29597 D Nappa   : PREFETCH_ON_EXTRA - setCurrentActivity - logs - from activity - start
08-04 02:32:17.979 29597 29597 I NAPPA_EXPERIMENTATION: MetricStrategyAccuracy: LOG_ID='4',EXECUTION_COUNT='4',CASES_COUNT='4',HIT_PERCENTAGE_TOTAL='75.0',HIT_PERCENTAGE_WHEN_PREDICTED='100.0',HIT_COUNT='3',MISS_COUNT='0',INSUFFICIENT_SCORE_COUNT='0',EXCEPTION_COUNT='0',NO_SUCCESSOR_COUNT='1',
08-04 02:32:17.979 29597 29597 D Nappa   : PREFETCH_ON_EXTRA - setCurrentActivity - logs - from activity- finished
08-04 02:32:18.013 29597 29612 I art     : Starting a blocking GC Explicit
08-04 02:32:18.043 29597 29612 I art     : Explicit concurrent mark sweep GC freed 2538(190KB) AllocSpace objects, 4(80KB) LOS objects, 31% free, 35MB/51MB, paused 954us total 29.119ms
08-04 02:32:18.053 29597 29612 I art     : Starting a blocking GC Explicit
08-04 02:32:18.079 29597 29597 D Nappa   : registerActivity: (already in) nappatfpr.com.newsblur.activity.GlobalSharedStoriesItemsList
08-04 02:32:18.079 29597 29597 D ActivityGraph: LARDataCalculatedUpdate nappatfpr.com.newsblur.activity.GlobalSharedStoriesItemsList Pagerank: 0.25 HITS-Authority: 1.0 HITS-Hub: 1.0 SALSA-Authority: 1.0 SALSA-Hub: 1.0
08-04 02:32:18.080 29597 29597 D Nappa   : SHOULD_PREFETCH false
08-04 02:32:18.080 29597 29597 D Nappa   : STATS Number of requests not prefetched: 8
08-04 02:32:18.080 29597 29597 D Nappa   : STATS Number of requests prefetched: 0
08-04 02:32:18.080 29597 29597 D Nappa   : STATS Time saved until now: 0.0
08-04 02:32:18.082 29597 29612 I art     : Explicit concurrent mark sweep GC freed 118(6KB) AllocSpace objects, 0(0B) LOS objects, 31% free, 35MB/51MB, paused 1.210ms total 29.308ms
08-04 02:32:18.095 29597 29612 I art     : Starting a blocking GC Explicit
08-04 02:32:18.111 29597 29597 D ActivityNode: Observer - successor visit time - GlobalSharedStoriesItemsList - Updating the visit time from the successors list:
08-04 02:32:18.111 29597 29597 D ActivityNode: [AggregateVisitTimeByActivity{nappatfpr.com.newsblur.activity.GlobalSharedStoriesReading : 76334 ms}]
08-04 02:32:18.111 29597 29597 D ActivityNode: Observer - successor visit time - Main - Updating the visit time from the successors list:
08-04 02:32:18.111 29597 29597 D ActivityNode: [AggregateVisitTimeByActivity{nappatfpr.com.newsblur.activity.GlobalSharedStoriesItemsList : 72138 ms}, AggregateVisitTimeByActivity{nappatfpr.com.newsblur.activity.AllSharedStoriesItemsList : 62046 ms}]
08-04 02:32:18.111 29597 29597 D ActivityNode: Observer - successor visit time - AllSharedStoriesItemsList - Updating the visit time from the successors list:
08-04 02:32:18.111 29597 29597 D ActivityNode: [AggregateVisitTimeByActivity{nappatfpr.com.newsblur.activity.AllSharedStoriesReading : 64095 ms}]
08-04 02:32:18.111 29597 29597 D ActivityNode: Observer - visit time - GlobalSharedStoriesReading - New aggregate visit time found is 76334 ms
08-04 02:32:18.112 29597  3628 D Nappa   : TAG okHttpClient initialized
08-04 02:32:18.127 29597 29612 I art     : Explicit concurrent mark sweep GC freed 2059(161KB) AllocSpace objects, 5(100KB) LOS objects, 31% free, 35MB/51MB, paused 1.202ms total 31.055ms
08-04 02:32:18.129 29597  3628 D CustomInterceptor: NETWORK-PROVIDER https://www.newsblur.com/social/river_stories?order=newest&page=2&read_filter=all&global_feed=true
08-04 02:32:18.129 29597  3628 D Nappa   : F1_SCORE add_intercept_url - (new) - https://www.newsblur.com/social/river_stories?order=newest&page=2&read_filter=all&global_feed=true
08-04 02:32:18.129 29597  3628 D Nappa   : F1_SCORE add_fn_url - (new) - https://www.newsblur.com/social/river_stories?order=newest&page=2&read_filter=all&global_feed=true
08-04 02:32:18.130 29597  3628 D Nappa   : -------------F1_SCORE #19 -----------
08-04 02:32:18.130 29597  3628 D Nappa   : F1_SCORE - Intercept list (12)= [https://www.newsblur.com/reader/feeds/?update_counts=true, https://www.newsblur.com/reader/unread_story_hashes?include_timestamps=1, https://www.newsblur.com/social/river_stories?order=newest&page=1&read_filter=all&global_feed=true, https://www.newsblur.com/rss_feeds/icon/0, https://s3.amazonaws.com/icons.newsblur.com/6882243.png, https://s3.amazonaws.com/icons.newsblur.com/18178.png, https://s3.amazonaws.com/icons.newsblur.com/5762506.png, http://feeds.feedburner.com/~r/retort/~4/UffaFMiJbNs, https://images.fastcompany.net/image/upload/w_1280,q_auto,f_auto,fl_lossy/wp-cms/uploads/2020/07/p-1-90532920-this-chart-shows-how-effective-masks-can-be.png, https://www.gravatar.com/avatar/f5934485a0863578733c447016505547, https://www.gravatar.com/avatar/f5934485a0863578733c447016505547, https://www.newsblur.com/social/river_stories?order=newest&page=2&read_filter=all&global_feed=true]
08-04 02:32:18.130 29597  3628 D Nappa   : F1_SCORE - Prefetch list (0)= []
08-04 02:32:18.130 29597  3628 D Nappa   : F1_SCORE - TP list (0)= []
08-04 02:32:18.130 29597  3628 D Nappa   : F1_SCORE - FN list (11)= [https://www.newsblur.com/reader/feeds/?update_counts=true, https://www.newsblur.com/reader/unread_story_hashes?include_timestamps=1, https://www.newsblur.com/social/river_stories?order=newest&page=1&read_filter=all&global_feed=true, https://www.newsblur.com/rss_feeds/icon/0, https://s3.amazonaws.com/icons.newsblur.com/6882243.png, https://s3.amazonaws.com/icons.newsblur.com/18178.png, https://s3.amazonaws.com/icons.newsblur.com/5762506.png, http://feeds.feedburner.com/~r/retort/~4/UffaFMiJbNs, https://images.fastcompany.net/image/upload/w_1280,q_auto,f_auto,fl_lossy/wp-cms/uploads/2020/07/p-1-90532920-this-chart-shows-how-effective-masks-can-be.png, https://www.gravatar.com/avatar/f5934485a0863578733c447016505547, https://www.newsblur.com/social/river_stories?order=newest&page=2&read_filter=all&global_feed=true]
08-04 02:32:18.130 29597  3628 I NAPPA_EXPERIMENTATION: MetricPrefetchingAccuracy: LOG_ID='20',F1_SCORE_1='0.0',F1_SCORE_2='0.0',TRUE_POSITIVE='0',FALSE_POSITIVE='0',FALSE_NEGATIVE='11',
08-04 02:32:18.130 29597  3628 D CustomInterceptor: HEADER REQUEST
08-04 02:32:18.130 29597  3628 D CustomInterceptor: Cache-Control max-age=300, max-stale=300
08-04 02:32:18.130 29597  3628 D CustomInterceptor: Cookie newsblur_sessionid=qlbd3ilzka7q9q07v2htr96j75kh6za7; Domain=.newsblur.com; expires=Wed, 03 Aug 2022 21:08:20 GMT; Max-Age=63072000; Path=/
08-04 02:32:18.130 29597  3628 D CustomInterceptor: User-Agent NewsBlur Android app (Huawei Nexus 6P 6.0 9.0b1)
08-04 02:32:18.130 29597  3628 D CustomInterceptor: CACHED STATS: size = '8', maxSize = '100', hitCount = '8', createCount = '0', putCount = '8', evictionCount = '0', missCount = '22', toString = 'LruCache[maxSize=100,hits=8,misses=22,hitRate=26%]', 
08-04 02:32:18.130 29597  3628 D CustomInterceptor: PREFLIB NOT A GET REQUEST OR NOT IN CACHEGET
08-04 02:32:18.136 29597 29612 I art     : Starting a blocking GC Explicit
08-04 02:32:18.156 13866 13866 I GoogleInputMethodServic: GoogleInputMethodService.onFinishInput():3138 
08-04 02:32:18.156 13866 13866 I GoogleInputMethodServic: GoogleInputMethodService.onStartInput():1808 
08-04 02:32:18.165 29597 29612 I art     : Explicit concurrent mark sweep GC freed 1353(148KB) AllocSpace objects, 1(20KB) LOS objects, 31% free, 35MB/51MB, paused 1.450ms total 28.892ms
08-04 02:32:18.174 29597 29612 I art     : Starting a blocking GC Explicit
08-04 02:32:18.203 29597 29612 I art     : Explicit concurrent mark sweep GC freed 445(29KB) AllocSpace objects, 0(0B) LOS objects, 31% free, 35MB/51MB, paused 1.061ms total 28.610ms
08-04 02:32:18.230 29597  2742 D Nappa   : registerActivity: (already in) nappatfpr.com.newsblur.activity.GlobalSharedStoriesItemsList
08-04 02:32:18.230 29597  2742 D Nappa   : PARENTS 
08-04 02:32:18.230 29597  2742 D Nappa   : Of: nappatfpr.com.newsblur.activity.GlobalSharedStoriesItemsList -> 
08-04 02:32:18.230 29597  2742 D Nappa   : PARENTS nappatfpr.com.newsblur.activity.Main
08-04 02:32:18.230 29597  2742 D Nappa   : PARENTS has extra: (feed_set, nappatfpr.com.newsblur.util.FeedSet@e)
08-04 02:32:18.379 29597  2742 D Nappa   : PREFETCH_ON_EXTRA - setCurrentActivity - logs - from extra - made prediction isfalse
08-04 02:32:18.411 29597 29597 D NappaLifecycleObserver: nappatfpr.com.newsblur.activity.GlobalSharedStoriesReading - onDestroy
08-04 02:32:18.411 29597 29597 D NappaLifecycleObserver: -------------F1_SCORE #20 -----------
08-04 02:32:18.411 29597 29597 D NappaLifecycleObserver: F1_SCORE - Intercept list (12)= [https://www.newsblur.com/reader/feeds/?update_counts=true, https://www.newsblur.com/reader/unread_story_hashes?include_timestamps=1, https://www.newsblur.com/social/river_stories?order=newest&page=1&read_filter=all&global_feed=true, https://www.newsblur.com/rss_feeds/icon/0, https://s3.amazonaws.com/icons.newsblur.com/6882243.png, https://s3.amazonaws.com/icons.newsblur.com/18178.png, https://s3.amazonaws.com/icons.newsblur.com/5762506.png, http://feeds.feedburner.com/~r/retort/~4/UffaFMiJbNs, https://images.fastcompany.net/image/upload/w_1280,q_auto,f_auto,fl_lossy/wp-cms/uploads/2020/07/p-1-90532920-this-chart-shows-how-effective-masks-can-be.png, https://www.gravatar.com/avatar/f5934485a0863578733c447016505547, https://www.gravatar.com/avatar/f5934485a0863578733c447016505547, https://www.newsblur.com/social/river_stories?order=newest&page=2&read_filter=all&global_feed=true]
08-04 02:32:18.411 29597 29597 D NappaLifecycleObserver: F1_SCORE - Prefetch list (0)= []
08-04 02:32:18.411 29597 29597 D NappaLifecycleObserver: F1_SCORE - TP list (0)= []
08-04 02:32:18.411 29597 29597 D NappaLifecycleObserver: F1_SCORE - FN list (11)= [https://www.newsblur.com/reader/feeds/?update_counts=true, https://www.newsblur.com/reader/unread_story_hashes?include_timestamps=1, https://www.newsblur.com/social/river_stories?order=newest&page=1&read_filter=all&global_feed=true, https://www.newsblur.com/rss_feeds/icon/0, https://s3.amazonaws.com/icons.newsblur.com/6882243.png, https://s3.amazonaws.com/icons.newsblur.com/18178.png, https://s3.amazonaws.com/icons.newsblur.com/5762506.png, http://feeds.feedburner.com/~r/retort/~4/UffaFMiJbNs, https://images.fastcompany.net/image/upload/w_1280,q_auto,f_auto,fl_lossy/wp-cms/uploads/2020/07/p-1-90532920-this-chart-shows-how-effective-masks-can-be.png, https://www.gravatar.com/avatar/f5934485a0863578733c447016505547, https://www.newsblur.com/social/river_stories?order=newest&page=2&read_filter=all&global_feed=true]
08-04 02:32:18.411 29597 29597 I NAPPA_EXPERIMENTATION: MetricPrefetchingAccuracy: LOG_ID='21',F1_SCORE_1='0.0',F1_SCORE_2='0.0',TRUE_POSITIVE='0',FALSE_POSITIVE='0',FALSE_NEGATIVE='11',
08-04 02:32:18.461 28500 28500 I ServiceManager: Waiting for service AtCmdFwd...
08-04 02:32:18.493   518   646 I ThermalEngine: ACTION: GPU - Setting GPU[0] to 600000000
08-04 02:32:18.504 29597 29610 I art     : Starting a blocking GC Explicit
08-04 02:32:18.538 29597 29610 I art     : Explicit concurrent mark sweep GC freed 3436(201KB) AllocSpace objects, 2(48KB) LOS objects, 31% free, 35MB/51MB, paused 1.113ms total 33.617ms
08-04 02:32:18.547 29597 29610 I art     : Starting a blocking GC Explicit
08-04 02:32:18.575 29597 29610 I art     : Explicit concurrent mark sweep GC freed 281(12KB) AllocSpace objects, 0(0B) LOS objects, 31% free, 35MB/51MB, paused 864us total 28.392ms
08-04 02:32:18.584 29597 29610 I art     : Starting a blocking GC Explicit
08-04 02:32:18.609 29597 29610 I art     : Explicit concurrent mark sweep GC freed 2185(116KB) AllocSpace objects, 2(120KB) LOS objects, 30% free, 35MB/51MB, paused 962us total 24.351ms
08-04 02:32:18.616 29597 29610 I art     : Starting a blocking GC Explicit
08-04 02:32:18.640 29597 29610 I art     : Explicit concurrent mark sweep GC freed 1015(117KB) AllocSpace objects, 1(80KB) LOS objects, 31% free, 35MB/51MB, paused 808us total 23.566ms
08-04 02:32:18.648 29597 29610 I art     : Starting a blocking GC Explicit
08-04 02:32:18.653 29597  3628 D CustomInterceptor: CACHE_CONTROL SETTING NEW MAX-AGE
08-04 02:32:18.654 29597  3628 D CustomInterceptor: HEADER RESPONSE
08-04 02:32:18.654 29597  3628 D CustomInterceptor: Cache-Control public, immutable, max-age=300, only-if-cached, max-stale=300
08-04 02:32:18.654 29597  3628 D CustomInterceptor: Connection close
08-04 02:32:18.654 29597  3628 D CustomInterceptor: Content-Type application/json
08-04 02:32:18.654 29597  3628 D CustomInterceptor: Date Tue, 04 Aug 2020 00:32:14 GMT
08-04 02:32:18.654 29597  3628 D CustomInterceptor: Expires Tue, 04 Aug 2020 00:37:18 GMT+00:00
08-04 02:32:18.654 29597  3628 D CustomInterceptor: Server gunicorn/19.7.0
08-04 02:32:18.654 29597  3628 D CustomInterceptor: Strict-Transport-Security max-age=0; includeSubDomains
08-04 02:32:18.655 29597  3628 D CustomInterceptor: Vary Cookie, Accept-Encoding
08-04 02:32:18.655 29597  3628 D CustomInterceptor: X-gunicorn-server app09
08-04 02:32:18.655 29597  3628 D CustomInterceptor: X-Marge Get ready, skanks! It's time for the truth train!
08-04 02:32:18.655 29597  3628 D CustomInterceptor: CACHEABLE true
08-04 02:32:18.655 29597  3628 D CustomInterceptor: REQ https://www.newsblur.com/social/river_stories?order=newest&page=2&read_filter=all&global_feed=true
08-04 02:32:18.655 29597  3628 D CustomInterceptor: REQ_SERV_BY net
08-04 02:32:18.655 29597  3628 D CustomInterceptor: PREFLIB Adding response to lrucache - https://www.newsblur.com/social/river_stories?order=newest&page=2&read_filter=all&global_feed=true
08-04 02:32:18.659 29597  3628 D CustomInterceptor: interceptor_finished : return_type #3 : request served from remote and added to cache
08-04 02:32:18.660 29597  3628 I NAPPA_EXPERIMENTATION: MetricNetworkRequestExecutionTime: REQUEST_DURATION_SYSTEM='531',REQUEST_DURATION_OKHTTP='0',REQUEST_SYNCHRONOUS='TRUE',RESPONSE_CODE='200',RESPONSE_METHOD='GET',RESPONSE_LENGTH_OKHTTP='53180',RESPONSE_LENGTH_HEADER='-2',REQUEST_PROTOCOL='http/1.1',REQUEST_URL='https://www.newsblur.com/social/river_stories?order=newest&page=2&read_filter=all&global_feed=true',
08-04 02:32:18.660 29597  3628 D MY_TAG  : 0, 531
08-04 02:32:18.674 29597 29610 I art     : Explicit concurrent mark sweep GC freed 9046(485KB) AllocSpace objects, 6(384KB) LOS objects, 30% free, 35MB/51MB, paused 1.061ms total 25.786ms
08-04 02:32:18.962 29597 29612 I art     : Starting a blocking GC Explicit
08-04 02:32:18.994 29597 29612 I art     : Explicit concurrent mark sweep GC freed 26725(1930KB) AllocSpace objects, 30(684KB) LOS objects, 30% free, 35MB/51MB, paused 783us total 31.555ms
08-04 02:32:19.005 29597 29612 I art     : Starting a blocking GC Explicit
08-04 02:32:19.031 29597 29612 I art     : Explicit concurrent mark sweep GC freed 1406(98KB) AllocSpace objects, 0(0B) LOS objects, 30% free, 35MB/51MB, paused 808us total 25.564ms
08-04 02:32:19.040 29597 29612 I art     : Starting a blocking GC Explicit
08-04 02:32:19.064 29597 29612 I art     : Explicit concurrent mark sweep GC freed 7(224B) AllocSpace objects, 0(0B) LOS objects, 30% free, 35MB/51MB, paused 736us total 23.562ms
08-04 02:32:19.072 29597 29612 I art     : Starting a blocking GC Explicit
08-04 02:32:19.095 29597 29612 I art     : Explicit concurrent mark sweep GC freed 7(224B) AllocSpace objects, 0(0B) LOS objects, 30% free, 35MB/51MB, paused 660us total 22.911ms
08-04 02:32:19.105 29597 29612 I art     : Starting a blocking GC Explicit
08-04 02:32:19.130 29597 29612 I art     : Explicit concurrent mark sweep GC freed 7(224B) AllocSpace objects, 0(0B) LOS objects, 30% free, 35MB/51MB, paused 688us total 25.141ms
08-04 02:32:19.415 29597 29612 I art     : Starting a blocking GC Explicit
08-04 02:32:19.439  3657  3657 D AndroidRuntime: >>>>>> START com.android.internal.os.RuntimeInit uid 2000 <<<<<<
08-04 02:32:19.442 29597 29612 I art     : Explicit concurrent mark sweep GC freed 1634(94KB) AllocSpace objects, 1(20KB) LOS objects, 30% free, 35MB/51MB, paused 884us total 26.663ms
08-04 02:32:19.443  3657  3657 D AndroidRuntime: CheckJNI is OFF
08-04 02:32:19.452 29597 29612 I art     : Starting a blocking GC Explicit
08-04 02:32:19.461 28500 28500 I ServiceManager: Waiting for service AtCmdFwd...
08-04 02:32:19.469  3657  3657 D ICU     : No timezone override file found: /data/misc/zoneinfo/current/icu/icu_tzdata.dat
08-04 02:32:19.473 29597 29612 I art     : Explicit concurrent mark sweep GC freed 33(1184B) AllocSpace objects, 0(0B) LOS objects, 30% free, 35MB/51MB, paused 744us total 21.244ms
08-04 02:32:19.481 29597 29612 I art     : Starting a blocking GC Explicit
08-04 02:32:19.492  3657  3657 I Radio-JNI: register_android_hardware_Radio DONE
08-04 02:32:19.497   518   646 I ThermalEngine: ACTION: GPU - Setting GPU[0] to 510000000
08-04 02:32:19.505 29597 29612 I art     : Explicit concurrent mark sweep GC freed 6(192B) AllocSpace objects, 0(0B) LOS objects, 30% free, 35MB/51MB, paused 1.011ms total 23.924ms
08-04 02:32:19.513 29597 29612 I art     : Starting a blocking GC Explicit
08-04 02:32:19.514  3657  3657 D AndroidRuntime: Calling main entry com.android.commands.input.Input
08-04 02:32:19.516  3657  3657 I Input   : injectMotionEvent: MotionEvent { action=ACTION_DOWN, actionButton=0, id[0]=0, x[0]=435.0, y[0]=858.0, toolType[0]=TOOL_TYPE_UNKNOWN, buttonState=0, metaState=0, flags=0x0, edgeFlags=0x0, pointerCount=1, historySize=0, eventTime=671555929, downTime=671555929, deviceId=0, source=0x1002 }
08-04 02:32:19.521  3657  3657 I Input   : injectMotionEvent: MotionEvent { action=ACTION_UP, actionButton=0, id[0]=0, x[0]=435.0, y[0]=858.0, toolType[0]=TOOL_TYPE_UNKNOWN, buttonState=0, metaState=0, flags=0x0, edgeFlags=0x0, pointerCount=1, historySize=0, eventTime=671555929, downTime=671555929, deviceId=0, source=0x1002 }
08-04 02:32:19.523  3657  3657 D AndroidRuntime: Shutting down VM
08-04 02:32:19.530 29597 29597 D NappaIntentExtras: ==================
08-04 02:32:19.530 29597 29597 D NappaIntentExtras: Log #3
08-04 02:32:19.530 29597 29597 D NappaIntentExtras: ------------------
08-04 02:32:19.530 29597 29597 D NappaIntentExtras: activity nappatfpr.com.newsblur.activity.GlobalSharedStoriesReading
08-04 02:32:19.530 29597 29597 D NappaIntentExtras: 	- No extras registered
08-04 02:32:19.530 29597  2742 D Nappa   : PREFETCH_ON_EXTRA - notifyExtras- start
08-04 02:32:19.530 29597 29597 D NappaIntentExtras: activity nappatfpr.com.newsblur.activity.AllSharedStoriesItemsList
08-04 02:32:19.530 29597 29597 D NappaIntentExtras: 	- No extras registered
08-04 02:32:19.530 29597 29597 D NappaIntentExtras: activity nappatfpr.com.newsblur.activity.AllSharedStoriesReading
08-04 02:32:19.530 29597 29597 D NappaIntentExtras: 	- No extras registered
08-04 02:32:19.530 29597 29597 D NappaIntentExtras: activity nappatfpr.com.newsblur.activity.GlobalSharedStoriesItemsList
08-04 02:32:19.530 29597 29597 D NappaIntentExtras: 	- 2 extras registered
08-04 02:32:19.530 29597 29597 D NappaIntentExtras: 	- story_hash : 0:d567e6
08-04 02:32:19.530 29597 29597 D NappaIntentExtras: 	- feed_set : nappatfpr.com.newsblur.util.FeedSet@e
08-04 02:32:19.530 29597 29597 D NappaIntentExtras: activity nappatfpr.com.newsblur.activity.Main
08-04 02:32:19.530 29597 29597 D NappaIntentExtras: 	- 1 extras registered
08-04 02:32:19.530 29597 29597 D NappaIntentExtras: 	- feed_set : nappatfpr.com.newsblur.util.FeedSet@e
08-04 02:32:19.530 29597 29597 D NappaIntentExtras: ==================
08-04 02:32:19.531 29597  2742 I NAPPA_EXPERIMENTATION: MetricNappaPrefetchingStrategyExecutionTime: STRATEGY_CLASS='TfprPrefetchingStrategy',DURATION='1118333',NUMBER_OF_URLS='0',NUMBER_OF_SELECTED_CHILDREN_NODES='1',NUMBER_OF_CHILDREN_NODES='1',STRATEGY_RUN_SUCCESSFULLY='True',
08-04 02:32:19.531   512  2967 D audio_hw_primary: out_set_parameters: enter: usecase(1: low-latency-playback) kvpairs: routing=2
08-04 02:32:19.531 29597  2742 D TfprPrefetchingStrategy: ==================================
08-04 02:32:19.532 29597  2742 D TfprPrefetchingStrategy: Starting Run #5
08-04 02:32:19.532 29597  2742 D TfprPrefetchingStrategy: ----------------------------------
08-04 02:32:19.532 29597  2742 D TfprPrefetchingStrategy: Node data GlobalSharedStoriesItemsList 
08-04 02:32:19.532 29597  2742 D TfprPrefetchingStrategy: 	Successors:
08-04 02:32:19.532 29597  2742 D TfprPrefetchingStrategy: 		GlobalSharedStoriesReading (1 hits)
08-04 02:32:19.532 29597  2742 D TfprPrefetchingStrategy: 	Ancestors:
08-04 02:32:19.532 29597  2742 D TfprPrefetchingStrategy: 		Main (0 hits)
08-04 02:32:19.532 29597  2742 D TfprPrefetchingStrategy: 
08-04 02:32:19.532 29597  2742 D TfprPrefetchingStrategy: MetricStrategyAccuracy inc execution count5 | act = false; extra = true
08-04 02:32:19.532 29597  2742 D TfprPrefetchingStrategy: ===
08-04 02:32:19.532 29597  2742 D TfprPrefetchingStrategy: calculateVisitTimeScores
08-04 02:32:19.532 29597  2742 D TfprPrefetchingStrategy: -------- Node GlobalSharedStoriesReading-----------
08-04 02:32:19.532 29597  2742 D TfprPrefetchingStrategy: tfprNode.aggregateVisitTime = 76334
08-04 02:32:19.532 29597  2742 D TfprPrefetchingStrategy: tfprNode.totalAggregateVisitTimeFromSuccessors = 0
08-04 02:32:19.532 29597  2742 D TfprPrefetchingStrategy: tfprNode.aggregateVisitTimeFromSuccessors = {}
08-04 02:32:19.532 29597  2742 D TfprPrefetchingStrategy: -------- Node GlobalSharedStoriesItemsList-----------
08-04 02:32:19.532 29597  2742 D TfprPrefetchingStrategy: tfprNode.aggregateVisitTime = 86275
08-04 02:32:19.532 29597  2742 D TfprPrefetchingStrategy: tfprNode.totalAggregateVisitTimeFromSuccessors = 76334
08-04 02:32:19.532 29597  2742 D TfprPrefetchingStrategy: tfprNode.aggregateVisitTimeFromSuccessors = {nappatfpr.com.newsblur.activity.GlobalSharedStoriesReading=76334}
08-04 02:32:19.532 29597  2742 D TfprPrefetchingStrategy: -------- Graph -----------
08-04 02:32:19.532 29597  2742 D TfprPrefetchingStrategy: tfprGraph.aggregateVisitTimeFromSuccessors = 162609
08-04 02:32:19.532 29597  2742 D TfprPrefetchingStrategy: ===
08-04 02:32:19.532 29597  2742 D TfprPrefetchingStrategy: ===
08-04 02:32:19.532 29597  2742 D TfprPrefetchingStrategy: runTfprAlgorithm
08-04 02:32:19.532 29597  2742 D TfprPrefetchingStrategy: ------------- TFPR calculation #1 of 10 -----------
08-04 02:32:19.532 29597  2742 D TfprPrefetchingStrategy: node GlobalSharedStoriesReading score = 0.3990179
08-04 02:32:19.533 29597  2742 D TfprPrefetchingStrategy: node GlobalSharedStoriesItemsList score = 0.45098212
08-04 02:32:19.533 29597  2742 D TfprPrefetchingStrategy: ------------- TFPR calculation #2 of 10 -----------
08-04 02:32:19.533 29597  2742 D TfprPrefetchingStrategy: node GlobalSharedStoriesReading score = 0.4666652
08-04 02:32:19.533   918  5132 I ActivityManager: START u0 {cmp=nappatfpr.com.newsblur/.activity.GlobalSharedStoriesReading (has extras)} from uid 10658 on display 0
08-04 02:32:19.533 29597  2742 D TfprPrefetchingStrategy: node GlobalSharedStoriesItemsList score = 0.45098212
08-04 02:32:19.533 29597  2742 D TfprPrefetchingStrategy: ------------- TFPR calculation #3 of 10 -----------
08-04 02:32:19.533 29597  2742 D TfprPrefetchingStrategy: node GlobalSharedStoriesReading score = 0.4666652
08-04 02:32:19.533 29597  2742 D TfprPrefetchingStrategy: node GlobalSharedStoriesItemsList score = 0.45098212
08-04 02:32:19.533 29597  2742 D TfprPrefetchingStrategy: ------------- TFPR calculation #4 of 10 -----------
08-04 02:32:19.533 29597  2742 D TfprPrefetchingStrategy: node GlobalSharedStoriesReading score = 0.4666652
08-04 02:32:19.533 29597  2742 D TfprPrefetchingStrategy: node GlobalSharedStoriesItemsList score = 0.45098212
08-04 02:32:19.533 29597  2742 D TfprPrefetchingStrategy: ------------- TFPR calculation #5 of 10 -----------
08-04 02:32:19.533 29597  2742 D TfprPrefetchingStrategy: node GlobalSharedStoriesReading score = 0.4666652
08-04 02:32:19.533 29597  2742 D TfprPrefetchingStrategy: node GlobalSharedStoriesItemsList score = 0.45098212
08-04 02:32:19.533 29597  2742 D TfprPrefetchingStrategy: ------------- TFPR calculation #6 of 10 -----------
08-04 02:32:19.533 29597  2742 D TfprPrefetchingStrategy: node GlobalSharedStoriesReading score = 0.4666652
08-04 02:32:19.533 29597  2742 D TfprPrefetchingStrategy: node GlobalSharedStoriesItemsList score = 0.45098212
08-04 02:32:19.533 29597  2742 D TfprPrefetchingStrategy: ------------- TFPR calculation #7 of 10 -----------
08-04 02:32:19.533 29597  2742 D TfprPrefetchingStrategy: node GlobalSharedStoriesReading score = 0.4666652
08-04 02:32:19.533 29597  2742 D TfprPrefetchingStrategy: node GlobalSharedStoriesItemsList score = 0.45098212
08-04 02:32:19.533 29597  2742 D TfprPrefetchingStrategy: ------------- TFPR calculation #8 of 10 -----------
08-04 02:32:19.533 29597  2742 D TfprPrefetchingStrategy: node GlobalSharedStoriesReading score = 0.4666652
08-04 02:32:19.534 29597  2742 D TfprPrefetchingStrategy: node GlobalSharedStoriesItemsList score = 0.45098212
08-04 02:32:19.534 29597  2742 D TfprPrefetchingStrategy: ------------- TFPR calculation #9 of 10 -----------
08-04 02:32:19.534 29597  2742 D TfprPrefetchingStrategy: node GlobalSharedStoriesReading score = 0.4666652
08-04 02:32:19.534 29597  2742 D TfprPrefetchingStrategy: node GlobalSharedStoriesItemsList score = 0.45098212
08-04 02:32:19.534 29597  2742 D TfprPrefetchingStrategy: ------------- TFPR calculation #10 of 10 -----------
08-04 02:32:19.534 29597  2742 D TfprPrefetchingStrategy: node GlobalSharedStoriesReading score = 0.4666652
08-04 02:32:19.534 29597  2742 D TfprPrefetchingStrategy: node GlobalSharedStoriesItemsList score = 0.45098212
08-04 02:32:19.534 29597  2742 D TfprPrefetchingStrategy: ===
08-04 02:32:19.534 29597  2742 D TfprPrefetchingStrategy: ===
08-04 02:32:19.534 29597  2742 D TfprPrefetchingStrategy: getSuccessorListSortByTfprScore
08-04 02:32:19.534 29597  2742 D TfprPrefetchingStrategy: Successors before the sort [TfprNode{GlobalSharedStoriesReading : TFPR = 0.4666652}]
08-04 02:32:19.534 29597  2742 D TfprPrefetchingStrategy: Successors sorted by highest to lowest score (N2 - N1 comparator) are [TfprNode{GlobalSharedStoriesReading : TFPR = 0.4666652}]
08-04 02:32:19.534 29597  2742 D TfprPrefetchingStrategy: Selected the following nodes:
08-04 02:32:19.534 29597  2742 D TfprPrefetchingStrategy: #1 - GlobalSharedStoriesReading with score 0.4666652
08-04 02:32:19.534 29597  2742 D TfprPrefetchingStrategy: successors with high score = [GlobalSharedStoriesReading 
08-04 02:32:19.534 29597  2742 D TfprPrefetchingStrategy: 	Successors:
08-04 02:32:19.534 29597  2742 D TfprPrefetchingStrategy: 
08-04 02:32:19.534 29597  2742 D TfprPrefetchingStrategy: 	Ancestors:
08-04 02:32:19.534 29597  2742 D TfprPrefetchingStrategy: 		GlobalSharedStoriesItemsList (0 hits)
08-04 02:32:19.534 29597  2742 D TfprPrefetchingStrategy: 
08-04 02:32:19.534 29597  2742 D TfprPrefetchingStrategy: ]
08-04 02:32:19.534 29597  2742 D TfprPrefetchingStrategy: ===
08-04 02:32:19.534 29597  2742 D TfprPrefetchingStrategy: Selected node GlobalSharedStoriesReading containing the URLS []
08-04 02:32:19.534 29597  2742 D TfprPrefetchingStrategy: Next visited child will be [nappatfpr.com.newsblur.activity.GlobalSharedStoriesReading]
08-04 02:32:19.534 29597  2742 D TfprPrefetchingStrategy: ==================================
08-04 02:32:19.534 29597  2742 D Nappa   : PREFETCH_ON_EXTRA - notifyExtras- end
08-04 02:32:19.534 29597  2742 D Nappa   : PREFSTRAT2 ADDING NEW ACTEXTRADATA
08-04 02:32:19.537 29597  2742 D Nappa   : PREFSTRAT2 ADDING NEW ACTEXTRADATA
08-04 02:32:19.542 29597 29597 D ActivityNode: Observer - intent extra - GlobalSharedStoriesReading
08-04 02:32:19.542 29597 29597 D ActivityNode: Extras:
08-04 02:32:19.543 29597 29597 D NappaLifecycleObserver: nappatfpr.com.newsblur.activity.GlobalSharedStoriesItemsList - onPause
08-04 02:32:19.544 29597 29597 D Nappa   : Stayed on nappatfpr.com.newsblur.activity.GlobalSharedStoriesItemsList for 1463 ms
08-04 02:32:19.544 29597 29612 I art     : Explicit concurrent mark sweep GC freed 1050(94KB) AllocSpace objects, 0(0B) LOS objects, 30% free, 35MB/51MB, paused 1.586ms total 30.178ms
08-04 02:32:19.545   512  2967 D audio_hw_primary: select_devices: out_snd_device(2: speaker) in_snd_device(0: none)
08-04 02:32:19.545   512  2967 D msm8974_platform: platform_send_audio_calibration: sending audio calibration for snd_device(2) acdb_id(15)
08-04 02:32:19.545   512  2967 I soundtrigger: audio_extn_sound_trigger_update_device_status: device 0x2 of type 0 for Event 1
08-04 02:32:19.550 29597 29597 D ActivityNode: Observer - intent extra - Main
08-04 02:32:19.550 29597 29597 D ActivityNode: Extras:
08-04 02:32:19.550 29597 29597 D ActivityNode: 	activity ID 1( key feed_set)
08-04 02:32:19.550 29597 29597 D ActivityNode: 	activity ID 1( key feed_set)
08-04 02:32:19.550 29597 29597 D ActivityNode: 	activity ID 1( key feed_set)
08-04 02:32:19.550 29597 29597 D ActivityNode: 	activity ID 1( key feed_set)
08-04 02:32:19.550 29597 29597 D ActivityNode: 	activity ID 1( key feed_set)
08-04 02:32:19.550 29597 29597 D ActivityNode: 	activity ID 1( key feed_set)
08-04 02:32:19.550 29597 29597 D ActivityNode: 	activity ID 1( key feed_set)
08-04 02:32:19.550 29597 29597 D ActivityNode: 	activity ID 1( key feed_set)
