08-04 17:13:14.752 18131 18131 D ActivityNode: 	activity ID 2( key feed_set)
08-04 17:13:14.752 18131 18131 D ActivityNode: 	activity ID 2( key story_hash)
08-04 17:13:14.752 18131 18131 D ActivityNode: 	activity ID 2( key feed_set)
08-04 17:13:14.752 18131 18131 D ActivityNode: 	activity ID 2( key story_hash)
08-04 17:13:14.752 18131 18131 D ActivityNode: 	activity ID 2( key feed_set)
08-04 17:13:14.752 18131 18131 D ActivityNode: 	activity ID 2( key story_hash)
08-04 17:13:14.752 18131 18131 D ActivityNode: 	activity ID 2( key feed_set)
08-04 17:13:14.752 18131 18131 D ActivityNode: 	activity ID 2( key story_hash)
08-04 17:13:14.752 18131 18131 D ActivityNode: 	activity ID 2( key feed_set)
08-04 17:13:14.752 18131 18131 D ActivityNode: 	activity ID 2( key story_hash)
08-04 17:13:14.752 18131 18131 D ActivityNode: 	activity ID 2( key feed_set)
08-04 17:13:14.752 18131 18131 D ActivityNode: 	activity ID 2( key story_hash)
08-04 17:13:14.752 18131 18131 D ActivityNode: Observer - intent extra - Main
08-04 17:13:14.752 18131 18131 D ActivityNode: Extras:
08-04 17:13:14.752 18131 18131 D ActivityNode: 	activity ID 1( key feed_set)
08-04 17:13:14.752 18131 18131 D ActivityNode: 	activity ID 1( key feed_set)
08-04 17:13:14.752 18131 18131 D ActivityNode: 	activity ID 1( key feed_set)
08-04 17:13:14.752 18131 18131 D ActivityNode: 	activity ID 1( key feed_set)
08-04 17:13:14.752 18131 18131 D ActivityNode: 	activity ID 1( key feed_set)
08-04 17:13:14.752 18131 18131 D ActivityNode: 	activity ID 1( key feed_set)
08-04 17:13:14.752 18131 18131 D ActivityNode: 	activity ID 1( key feed_set)
08-04 17:13:14.752 18131 18131 D ActivityNode: 	activity ID 1( key feed_set)
08-04 17:13:14.752 18131 18131 D ActivityNode: 	activity ID 1( key feed_set)
08-04 17:13:14.752 18131 18131 D ActivityNode: 	activity ID 1( key feed_set)
08-04 17:13:14.752 18131 18131 D ActivityNode: 	activity ID 1( key feed_set)
08-04 17:13:14.752 18131 18131 D ActivityNode: 	activity ID 1( key feed_set)
08-04 17:13:14.752 18131 18131 D ActivityNode: 	activity ID 1( key feed_set)
08-04 17:13:14.752 18131 18131 D ActivityNode: 	activity ID 1( key feed_set)
08-04 17:13:14.752 18131 18131 D ActivityNode: 	activity ID 1( key feed_set)
08-04 17:13:14.752 18131 18131 D ActivityNode: 	activity ID 1( key feed_set)
08-04 17:13:14.752 18131 18131 D ActivityNode: 	activity ID 1( key feed_set)
08-04 17:13:14.752 18131 18131 D ActivityNode: 	activity ID 1( key feed_set)
08-04 17:13:14.752 18131 18131 D ActivityNode: 	activity ID 1( key feed_set)
08-04 17:13:14.752 18131 18131 D ActivityNode: 	activity ID 1( key feed_set)
08-04 17:13:14.752 18131 18131 D ActivityNode: 	activity ID 1( key feed_set)
08-04 17:13:14.752 18131 18131 D ActivityNode: 	activity ID 1( key feed_set)
08-04 17:13:14.752 18131 18131 D ActivityNode: 	activity ID 1( key feed_set)
08-04 17:13:14.752 18131 18131 D ActivityNode: 	activity ID 1( key feed_set)
08-04 17:13:14.752 18131 18131 D ActivityNode: 	activity ID 1( key feed_set)
08-04 17:13:14.752 18131 18131 D ActivityNode: Observer - intent extra - AllSharedStoriesReading
08-04 17:13:14.752 18131 18131 D ActivityNode: Extras:
08-04 17:13:14.754   512  2967 D audio_hw_primary: enable_snd_device: snd_device(2: speaker)
08-04 17:13:14.756   512  2967 D audio_hw_primary: enable_audio_route: apply and update mixer path: low-latency-playback speaker
08-04 17:13:14.795 18131 18145 I art     : Starting a blocking GC Explicit
08-04 17:13:14.813 18131 18145 I art     : Explicit concurrent mark sweep GC freed 4536(394KB) AllocSpace objects, 5(528KB) LOS objects, 34% free, 30MB/46MB, paused 450us total 17.234ms
08-04 17:13:14.819 18131 18145 I art     : Starting a blocking GC Explicit
08-04 17:13:14.836 18131 18145 I art     : Explicit concurrent mark sweep GC freed 608(27KB) AllocSpace objects, 0(0B) LOS objects, 34% free, 30MB/46MB, paused 426us total 16.487ms
08-04 17:13:14.843 18131 18145 I art     : Starting a blocking GC Explicit
08-04 17:13:14.845 18131 18131 D NappaLifecycleObserver: nappatfpr.com.newsblur.activity.GlobalSharedStoriesReading - onResume
08-04 17:13:14.845 18131 18131 D Nappa   : setCurrentActivity - MetricStrategyAccuracy - 
08-04 17:13:14.845 18131 18131 D Nappa   : madePredictionFromActivity = true, 
08-04 17:13:14.845 18131 18131 D Nappa   : fromActivity = nappatfpr.com.newsblur.activity.GlobalSharedStoriesItemsList, 
08-04 17:13:14.845 18131 18131 D Nappa   : predictedNextActivityFromActivity = [nappatfpr.com.newsblur.activity.GlobalSharedStoriesReading], 
08-04 17:13:14.845 18131 18131 D Nappa   : activity.getClass().getCanonicalName() = nappatfpr.com.newsblur.activity.GlobalSharedStoriesReading, 
08-04 17:13:14.845 18131 18131 D Nappa   : setCurrentActivity - MetricStrategyAccuracy - 
08-04 17:13:14.845 18131 18131 D Nappa   : madePredictionFromExtra = true, 
08-04 17:13:14.845 18131 18131 D Nappa   : fromActivity = nappatfpr.com.newsblur.activity.GlobalSharedStoriesItemsList, 
08-04 17:13:14.845 18131 18131 D Nappa   : predictedNextActivityFromExtra = [nappatfpr.com.newsblur.activity.GlobalSharedStoriesReading], 
08-04 17:13:14.845 18131 18131 D Nappa   : activity.getClass().getCanonicalName() = nappatfpr.com.newsblur.activity.GlobalSharedStoriesReading, 
08-04 17:13:14.845 18131 18131 D Nappa   : PREFETCH_ON_EXTRA - setCurrentActivity - logs - from activity - made prediction istrue
08-04 17:13:14.846 18131 18131 D Nappa   : PREFETCH_ON_EXTRA - setCurrentActivity - logs - from activity - start
08-04 17:13:14.846 18131 18131 D Nappa   : setCurrentActivity - MetricStrategyAccuracy - checking prediction VS current activity for activities
08-04 17:13:14.846 18131 18131 D TfprPrefetchingStrategy: MetricStrategyAccuracy inc hits count2 | from act
08-04 17:13:14.846 18131 18131 I NAPPA_EXPERIMENTATION: MetricStrategyAccuracy: LOG_ID='2',EXECUTION_COUNT='3',CASES_COUNT='2',HIT_PERCENTAGE_TOTAL='100.0',HIT_PERCENTAGE_WHEN_PREDICTED='100.0',HIT_COUNT='2',MISS_COUNT='0',INSUFFICIENT_SCORE_COUNT='0',EXCEPTION_COUNT='0',NO_SUCCESSOR_COUNT='0',
08-04 17:13:14.846 18131 18131 D Nappa   : PREFETCH_ON_EXTRA - setCurrentActivity - logs - from activity- finished
08-04 17:13:14.861 18131 18145 I art     : Explicit concurrent mark sweep GC freed 213(38KB) AllocSpace objects, 1(20KB) LOS objects, 34% free, 30MB/46MB, paused 488us total 17.566ms
08-04 17:13:14.867 18131 18145 I art     : Starting a blocking GC Explicit
08-04 17:13:14.884 18131 18145 I art     : Explicit concurrent mark sweep GC freed 36(2400B) AllocSpace objects, 0(0B) LOS objects, 34% free, 30MB/46MB, paused 483us total 16.417ms
08-04 17:13:14.890 18131 18145 I art     : Starting a blocking GC Explicit
08-04 17:13:14.907 18131 18145 I art     : Explicit concurrent mark sweep GC freed 3(96B) AllocSpace objects, 0(0B) LOS objects, 34% free, 30MB/46MB, paused 484us total 16.854ms
08-04 17:13:14.946 18131 18131 D Nappa   : registerActivity: (already in) nappatfpr.com.newsblur.activity.GlobalSharedStoriesReading
08-04 17:13:14.947 18131 18131 D ActivityNode: ACTNODE UPDATING AFTER LOADING FROM DB
08-04 17:13:14.947 18131 18131 D ActivityGraph: LARDataCalculatedUpdate nappatfpr.com.newsblur.activity.GlobalSharedStoriesReading Pagerank: 0.25 HITS-Authority: 1.0 HITS-Hub: 1.0 SALSA-Authority: 1.0 SALSA-Hub: 1.0
08-04 17:13:14.947 18131 18131 D Nappa   : SHOULD_PREFETCH true
08-04 17:13:15.047 18131 18131 D Nappa   : registerActivity: (already in) nappatfpr.com.newsblur.activity.GlobalSharedStoriesReading
08-04 17:13:15.047 18131 18131 D Nappa   : STATS Number of requests not prefetched: 8
08-04 17:13:15.048 18131 18131 D Nappa   : STATS Number of requests prefetched: 0
08-04 17:13:15.048 18131 18131 D Nappa   : STATS Time saved until now: 0.0
08-04 17:13:15.143 18131 18131 D ActivityNode: Observer - visit time - GlobalSharedStoriesItemsList - New aggregate visit time found is 111538 ms
08-04 17:13:15.143 18131 18131 D ActivityNode: Observer - successor visit time - Main - Updating the visit time from the successors list:
08-04 17:13:15.143 18131 18131 D ActivityNode: [AggregateVisitTimeByActivity{nappatfpr.com.newsblur.activity.GlobalSharedStoriesItemsList : 92855 ms}, AggregateVisitTimeByActivity{nappatfpr.com.newsblur.activity.AllSharedStoriesItemsList : 82779 ms}]
08-04 17:13:15.143 18131 18131 D ActivityNode: Observer - successor visit time - GlobalSharedStoriesItemsList - Updating the visit time from the successors list:
08-04 17:13:15.143 18131 18131 D ActivityNode: [AggregateVisitTimeByActivity{nappatfpr.com.newsblur.activity.GlobalSharedStoriesReading : 85023 ms}]
08-04 17:13:15.143 18131 18131 D ActivityNode: Observer - successor visit time - AllSharedStoriesItemsList - Updating the visit time from the successors list:
08-04 17:13:15.143 18131 18131 D ActivityNode: [AggregateVisitTimeByActivity{nappatfpr.com.newsblur.activity.AllSharedStoriesReading : 85269 ms}]
08-04 17:13:15.148   918   936 I ActivityManager: Displayed nappatfpr.com.newsblur/.activity.GlobalSharedStoriesReading: +401ms
08-04 17:13:15.149 18131 18131 D ActivityNode: Observer - session data - sourceGlobalSharedStoriesItemsList
08-04 17:13:15.149 18131 18131 D ActivityNode: destinations:
08-04 17:13:15.149 18131 18131 D ActivityNode: 	nappatfpr.com.newsblur.activity.GlobalSharedStoriesReading( count 13)
08-04 17:13:15.149 13866 13866 I GoogleInputMethodServic: GoogleInputMethodService.onFinishInput():3138 
08-04 17:13:15.149 18131 18131 D ActivityNode: Observer - session data - sourceMain
08-04 17:13:15.149 18131 18131 D ActivityNode: destinations:
08-04 17:13:15.149 18131 18131 D ActivityNode: 	nappatfpr.com.newsblur.activity.GlobalSharedStoriesItemsList( count 9)
08-04 17:13:15.149 18131 18131 D ActivityNode: 	nappatfpr.com.newsblur.activity.AllSharedStoriesItemsList( count 8)
08-04 17:13:15.149 18131 18131 D ActivityNode: Observer - session data - sourceGlobalSharedStoriesReading
08-04 17:13:15.149 18131 18131 D ActivityNode: destinations:
08-04 17:13:15.149 18131 18131 D ActivityNode: Observer - session data - sourceAllSharedStoriesReading
08-04 17:13:15.149 18131 18131 D ActivityNode: destinations:
08-04 17:13:15.149 18131 18131 D ActivityNode: Observer - session data - sourceAllSharedStoriesItemsList
08-04 17:13:15.149 18131 18131 D ActivityNode: destinations:
08-04 17:13:15.149 18131 18131 D ActivityNode: 	nappatfpr.com.newsblur.activity.AllSharedStoriesReading( count 12)
08-04 17:13:15.149 13866 13866 I GoogleInputMethodServic: GoogleInputMethodService.onStartInput():1808 
08-04 17:13:15.163 18131 18131 I WebViewFactory: Loading com.google.android.webview version 84.0.4147.89 (code 414708953)
08-04 17:13:15.174 18131 22001 I art     : Starting a blocking GC Explicit
08-04 17:13:15.195 18131 22001 I art     : Explicit concurrent mark sweep GC freed 2898(257KB) AllocSpace objects, 2(40KB) LOS objects, 32% free, 32MB/48MB, paused 645us total 20.203ms
08-04 17:13:15.202 18131 22001 I art     : Starting a blocking GC Explicit
08-04 17:13:15.223 18131 22001 I art     : Explicit concurrent mark sweep GC freed 3933(301KB) AllocSpace objects, 0(0B) LOS objects, 32% free, 33MB/49MB, paused 830us total 20.230ms
08-04 17:13:15.229 18131 18131 I cr_LibraryLoader: Loaded native library version number "84.0.4147.89"
08-04 17:13:15.229 18131 22001 I art     : Starting a blocking GC Explicit
08-04 17:13:15.230 18131 18131 I cr_CachingUmaRecorder: Flushed 5 samples from 5 histograms.
08-04 17:13:15.247 18131 21778 D Nappa   : PREFETCH_ON_EXTRA - setCurrentActivity - logs - from extra - made prediction istrue
08-04 17:13:15.247 18131 21778 D Nappa   : PREFETCH_ON_EXTRA - setCurrentActivity - logs - from extra - start
08-04 17:13:15.247 18131 21778 D Nappa   : setCurrentActivity - MetricStrategyAccuracy - checking prediction VS current activity for extras
08-04 17:13:15.247 18131 21778 D TfprPrefetchingStrategy: MetricStrategyAccuracy inc hits count3 | from extra
08-04 17:13:15.247 18131 21778 I NAPPA_EXPERIMENTATION: MetricStrategyAccuracy: LOG_ID='3',EXECUTION_COUNT='3',CASES_COUNT='3',HIT_PERCENTAGE_TOTAL='100.0',HIT_PERCENTAGE_WHEN_PREDICTED='100.0',HIT_COUNT='3',MISS_COUNT='0',INSUFFICIENT_SCORE_COUNT='0',EXCEPTION_COUNT='0',NO_SUCCESSOR_COUNT='0',
08-04 17:13:15.247 18131 21778 D Nappa   : PREFETCH_ON_EXTRA - setCurrentActivity - logs - from extra- finished
08-04 17:13:15.250 18131 22001 I art     : Explicit concurrent mark sweep GC freed 1216(184KB) AllocSpace objects, 3(60KB) LOS objects, 32% free, 33MB/49MB, paused 916us total 20.223ms
08-04 17:13:15.258 18131 22001 I art     : Starting a blocking GC Explicit
08-04 17:13:15.261 18131 18131 E chromium: [ERROR:filesystem_posix.cc(62)] mkdir /data/user/0/nappatfpr.com.newsblur/cache/WebView/Crashpad: No such file or directory (2)
08-04 17:13:15.299   512  2967 D audio_hw_primary: disable_audio_route: reset and update mixer path: low-latency-playback speaker
08-04 17:13:15.299 18131 22001 I art     : Explicit concurrent mark sweep GC freed 652(89KB) AllocSpace objects, 0(0B) LOS objects, 32% free, 33MB/49MB, paused 691us total 41.507ms
08-04 17:13:15.300   512  2967 D audio_hw_primary: disable_snd_device: snd_device(2: speaker)
08-04 17:13:15.306 18131 22001 I art     : Starting a blocking GC Explicit
08-04 17:13:15.309   512  2967 I soundtrigger: audio_extn_sound_trigger_update_device_status: device 0x2 of type 0 for Event 0
08-04 17:13:15.326 18131 22001 I art     : Explicit concurrent mark sweep GC freed 327(20KB) AllocSpace objects, 0(0B) LOS objects, 32% free, 33MB/49MB, paused 865us total 19.742ms
08-04 17:13:15.371   918  3714 D ConnectivityService: listenForNetwork for Listen from uid/pid:10658/18131 for NetworkRequest [ id=2785, legacyType=-1, [ Capabilities: INTERNET&NOT_RESTRICTED&TRUSTED] ]
08-04 17:13:15.396 18131 22031 D CustomInterceptor: NETWORK-PROVIDER https://www.newsblur.com/rss_feeds/icon/0
08-04 17:13:15.396 18131 22031 D Nappa   : F1_SCORE add_intercept_url - (already in) - https://www.newsblur.com/rss_feeds/icon/0
08-04 17:13:15.396 18131 22031 D Nappa   : F1_SCORE add_fn_url - (already in) - https://www.newsblur.com/rss_feeds/icon/0
08-04 17:13:15.396 18131 22031 D Nappa   : -------------F1_SCORE #11 -----------
08-04 17:13:15.396 18131 22031 D Nappa   : F1_SCORE - Intercept list (9)= [https://www.newsblur.com/reader/feeds/?update_counts=true, https://www.newsblur.com/reader/unread_story_hashes?include_timestamps=1, https://www.newsblur.com/social/river_stories?order=newest&page=1&read_filter=all&global_feed=true, https://www.newsblur.com/rss_feeds/icon/0, https://s3.amazonaws.com/icons.newsblur.com/6882243.png, https://s3.amazonaws.com/icons.newsblur.com/18178.png, https://s3.amazonaws.com/icons.newsblur.com/5762506.png, http://feeds.feedburner.com/~r/retort/~4/UffaFMiJbNs, https://images.fastcompany.net/image/upload/w_1280,q_auto,f_auto,fl_lossy/wp-cms/uploads/2020/07/p-1-90532920-this-chart-shows-how-effective-masks-can-be.png]
08-04 17:13:15.396 18131 22031 D Nappa   : F1_SCORE - Prefetch list (0)= []
08-04 17:13:15.396 18131 22031 D Nappa   : F1_SCORE - TP list (0)= []
08-04 17:13:15.396 18131 22031 D Nappa   : F1_SCORE - FN list (9)= [https://www.newsblur.com/reader/feeds/?update_counts=true, https://www.newsblur.com/reader/unread_story_hashes?include_timestamps=1, https://www.newsblur.com/social/river_stories?order=newest&page=1&read_filter=all&global_feed=true, https://www.newsblur.com/rss_feeds/icon/0, https://s3.amazonaws.com/icons.newsblur.com/6882243.png, https://s3.amazonaws.com/icons.newsblur.com/18178.png, https://s3.amazonaws.com/icons.newsblur.com/5762506.png, http://feeds.feedburner.com/~r/retort/~4/UffaFMiJbNs, https://images.fastcompany.net/image/upload/w_1280,q_auto,f_auto,fl_lossy/wp-cms/uploads/2020/07/p-1-90532920-this-chart-shows-how-effective-masks-can-be.png]
08-04 17:13:15.396 18131 22031 I NAPPA_EXPERIMENTATION: MetricPrefetchingAccuracy: LOG_ID='12',F1_SCORE_1='0.0',F1_SCORE_2='0.0',TRUE_POSITIVE='0',FALSE_POSITIVE='0',FALSE_NEGATIVE='9',
08-04 17:13:15.396 18131 22031 D CustomInterceptor: HEADER REQUEST
08-04 17:13:15.396 18131 22031 D CustomInterceptor: Cache-Control max-age=300, max-stale=300
08-04 17:13:15.397 18131 22031 D CustomInterceptor: CACHED STATS: size = '8', maxSize = '100', hitCount = '8', createCount = '0', putCount = '8', evictionCount = '0', missCount = '11', toString = 'LruCache[maxSize=100,hits=8,misses=11,hitRate=42%]', 
08-04 17:13:15.397 18131 22031 D CustomInterceptor: PREFLIB NOT A GET REQUEST OR NOT IN CACHEGET
08-04 17:13:15.417 18131 22033 D CustomInterceptor: NETWORK-PROVIDER https://www.newsblur.com/rss_feeds/icon/0
08-04 17:13:15.417 18131 22033 D Nappa   : F1_SCORE add_intercept_url - (already in) - https://www.newsblur.com/rss_feeds/icon/0
08-04 17:13:15.417 18131 22033 D Nappa   : F1_SCORE add_fn_url - (already in) - https://www.newsblur.com/rss_feeds/icon/0
08-04 17:13:15.417 18131 22033 D Nappa   : -------------F1_SCORE #12 -----------
08-04 17:13:15.417 18131 22033 D Nappa   : F1_SCORE - Intercept list (9)= [https://www.newsblur.com/reader/feeds/?update_counts=true, https://www.newsblur.com/reader/unread_story_hashes?include_timestamps=1, https://www.newsblur.com/social/river_stories?order=newest&page=1&read_filter=all&global_feed=true, https://www.newsblur.com/rss_feeds/icon/0, https://s3.amazonaws.com/icons.newsblur.com/6882243.png, https://s3.amazonaws.com/icons.newsblur.com/18178.png, https://s3.amazonaws.com/icons.newsblur.com/5762506.png, http://feeds.feedburner.com/~r/retort/~4/UffaFMiJbNs, https://images.fastcompany.net/image/upload/w_1280,q_auto,f_auto,fl_lossy/wp-cms/uploads/2020/07/p-1-90532920-this-chart-shows-how-effective-masks-can-be.png]
08-04 17:13:15.417 18131 22033 D Nappa   : F1_SCORE - Prefetch list (0)= []
08-04 17:13:15.417 18131 22033 D Nappa   : F1_SCORE - TP list (0)= []
08-04 17:13:15.417 18131 22033 D Nappa   : F1_SCORE - FN list (9)= [https://www.newsblur.com/reader/feeds/?update_counts=true, https://www.newsblur.com/reader/unread_story_hashes?include_timestamps=1, https://www.newsblur.com/social/river_stories?order=newest&page=1&read_filter=all&global_feed=true, https://www.newsblur.com/rss_feeds/icon/0, https://s3.amazonaws.com/icons.newsblur.com/6882243.png, https://s3.amazonaws.com/icons.newsblur.com/18178.png, https://s3.amazonaws.com/icons.newsblur.com/5762506.png, http://feeds.feedburner.com/~r/retort/~4/UffaFMiJbNs, https://images.fastcompany.net/image/upload/w_1280,q_auto,f_auto,fl_lossy/wp-cms/uploads/2020/07/p-1-90532920-this-chart-shows-how-effective-masks-can-be.png]
08-04 17:13:15.418 18131 22033 I NAPPA_EXPERIMENTATION: MetricPrefetchingAccuracy: LOG_ID='13',F1_SCORE_1='0.0',F1_SCORE_2='0.0',TRUE_POSITIVE='0',FALSE_POSITIVE='0',FALSE_NEGATIVE='9',
08-04 17:13:15.418 18131 22033 D CustomInterceptor: HEADER REQUEST
08-04 17:13:15.418 18131 22033 D CustomInterceptor: Cache-Control max-age=300, max-stale=300
08-04 17:13:15.418 18131 22033 D CustomInterceptor: CACHED STATS: size = '8', maxSize = '100', hitCount = '8', createCount = '0', putCount = '8', evictionCount = '0', missCount = '12', toString = 'LruCache[maxSize=100,hits=8,misses=12,hitRate=40%]', 
08-04 17:13:15.418 18131 22033 D CustomInterceptor: PREFLIB NOT A GET REQUEST OR NOT IN CACHEGET
08-04 17:13:15.418 18131 22029 D CustomInterceptor: NETWORK-PROVIDER https://www.gravatar.com/avatar/f5934485a0863578733c447016505547
08-04 17:13:15.418 18131 22029 D Nappa   : F1_SCORE add_intercept_url - (new) - https://www.gravatar.com/avatar/f5934485a0863578733c447016505547
08-04 17:13:15.418 18131 22029 D Nappa   : F1_SCORE add_fn_url - (new) - https://www.gravatar.com/avatar/f5934485a0863578733c447016505547
08-04 17:13:15.418 18131 22029 D Nappa   : -------------F1_SCORE #13 -----------
08-04 17:13:15.418 18131 22029 D Nappa   : F1_SCORE - Intercept list (10)= [https://www.newsblur.com/reader/feeds/?update_counts=true, https://www.newsblur.com/reader/unread_story_hashes?include_timestamps=1, https://www.newsblur.com/social/river_stories?order=newest&page=1&read_filter=all&global_feed=true, https://www.newsblur.com/rss_feeds/icon/0, https://s3.amazonaws.com/icons.newsblur.com/6882243.png, https://s3.amazonaws.com/icons.newsblur.com/18178.png, https://s3.amazonaws.com/icons.newsblur.com/5762506.png, http://feeds.feedburner.com/~r/retort/~4/UffaFMiJbNs, https://images.fastcompany.net/image/upload/w_1280,q_auto,f_auto,fl_lossy/wp-cms/uploads/2020/07/p-1-90532920-this-chart-shows-how-effective-masks-can-be.png, https://www.gravatar.com/avatar/f5934485a0863578733c447016505547]
08-04 17:13:15.418 18131 22029 D Nappa   : F1_SCORE - Prefetch list (0)= []
08-04 17:13:15.418 18131 22029 D Nappa   : F1_SCORE - TP list (0)= []
08-04 17:13:15.418 18131 22026 D CustomInterceptor: NETWORK-PROVIDER https://www.gravatar.com/avatar/f5934485a0863578733c447016505547
08-04 17:13:15.418 18131 22029 D Nappa   : F1_SCORE - FN list (10)= [https://www.newsblur.com/reader/feeds/?update_counts=true, https://www.newsblur.com/reader/unread_story_hashes?include_timestamps=1, https://www.newsblur.com/social/river_stories?order=newest&page=1&read_filter=all&global_feed=true, https://www.newsblur.com/rss_feeds/icon/0, https://s3.amazonaws.com/icons.newsblur.com/6882243.png, https://s3.amazonaws.com/icons.newsblur.com/18178.png, https://s3.amazonaws.com/icons.newsblur.com/5762506.png, http://feeds.feedburner.com/~r/retort/~4/UffaFMiJbNs, https://images.fastcompany.net/image/upload/w_1280,q_auto,f_auto,fl_lossy/wp-cms/uploads/2020/07/p-1-90532920-this-chart-shows-how-effective-masks-can-be.png, https://www.gravatar.com/avatar/f5934485a0863578733c447016505547]
08-04 17:13:15.418 18131 22026 D Nappa   : F1_SCORE add_intercept_url - (already in) - https://www.gravatar.com/avatar/f5934485a0863578733c447016505547
08-04 17:13:15.418 18131 22029 I NAPPA_EXPERIMENTATION: MetricPrefetchingAccuracy: LOG_ID='14',F1_SCORE_1='0.0',F1_SCORE_2='0.0',TRUE_POSITIVE='0',FALSE_POSITIVE='0',FALSE_NEGATIVE='10',
08-04 17:13:15.418 18131 22026 D Nappa   : F1_SCORE add_fn_url - (already in) - https://www.gravatar.com/avatar/f5934485a0863578733c447016505547
08-04 17:13:15.418 18131 22029 D CustomInterceptor: HEADER REQUEST
08-04 17:13:15.418 18131 22026 D Nappa   : -------------F1_SCORE #14 -----------
08-04 17:13:15.419 18131 22029 D CustomInterceptor: Cache-Control max-age=300, max-stale=300
08-04 17:13:15.419 18131 22026 D Nappa   : F1_SCORE - Intercept list (10)= [https://www.newsblur.com/reader/feeds/?update_counts=true, https://www.newsblur.com/reader/unread_story_hashes?include_timestamps=1, https://www.newsblur.com/social/river_stories?order=newest&page=1&read_filter=all&global_feed=true, https://www.newsblur.com/rss_feeds/icon/0, https://s3.amazonaws.com/icons.newsblur.com/6882243.png, https://s3.amazonaws.com/icons.newsblur.com/18178.png, https://s3.amazonaws.com/icons.newsblur.com/5762506.png, http://feeds.feedburner.com/~r/retort/~4/UffaFMiJbNs, https://images.fastcompany.net/image/upload/w_1280,q_auto,f_auto,fl_lossy/wp-cms/uploads/2020/07/p-1-90532920-this-chart-shows-how-effective-masks-can-be.png, https://www.gravatar.com/avatar/f5934485a0863578733c447016505547]
08-04 17:13:15.419 18131 22026 D Nappa   : F1_SCORE - Prefetch list (0)= []
08-04 17:13:15.419 18131 22029 D CustomInterceptor: CACHED STATS: size = '8', maxSize = '100', hitCount = '8', createCount = '0', putCount = '8', evictionCount = '0', missCount = '13', toString = 'LruCache[maxSize=100,hits=8,misses=13,hitRate=38%]', 
08-04 17:13:15.419 18131 22026 D Nappa   : F1_SCORE - TP list (0)= []
08-04 17:13:15.419 18131 22029 D CustomInterceptor: PREFLIB NOT A GET REQUEST OR NOT IN CACHEGET
08-04 17:13:15.419 18131 22026 D Nappa   : F1_SCORE - FN list (10)= [https://www.newsblur.com/reader/feeds/?update_counts=true, https://www.newsblur.com/reader/unread_story_hashes?include_timestamps=1, https://www.newsblur.com/social/river_stories?order=newest&page=1&read_filter=all&global_feed=true, https://www.newsblur.com/rss_feeds/icon/0, https://s3.amazonaws.com/icons.newsblur.com/6882243.png, https://s3.amazonaws.com/icons.newsblur.com/18178.png, https://s3.amazonaws.com/icons.newsblur.com/5762506.png, http://feeds.feedburner.com/~r/retort/~4/UffaFMiJbNs, https://images.fastcompany.net/image/upload/w_1280,q_auto,f_auto,fl_lossy/wp-cms/uploads/2020/07/p-1-90532920-this-chart-shows-how-effective-masks-can-be.png, https://www.gravatar.com/avatar/f5934485a0863578733c447016505547]
08-04 17:13:15.419 18131 22026 I NAPPA_EXPERIMENTATION: MetricPrefetchingAccuracy: LOG_ID='15',F1_SCORE_1='0.0',F1_SCORE_2='0.0',TRUE_POSITIVE='0',FALSE_POSITIVE='0',FALSE_NEGATIVE='10',
08-04 17:13:15.419 18131 22026 D CustomInterceptor: HEADER REQUEST
08-04 17:13:15.419 18131 22026 D CustomInterceptor: Cache-Control max-age=300, max-stale=300
08-04 17:13:15.419 18131 22026 D CustomInterceptor: CACHED STATS: size = '8', maxSize = '100', hitCount = '8', createCount = '0', putCount = '8', evictionCount = '0', missCount = '14', toString = 'LruCache[maxSize=100,hits=8,misses=14,hitRate=36%]', 
08-04 17:13:15.419 18131 22026 D CustomInterceptor: PREFLIB NOT A GET REQUEST OR NOT IN CACHEGET
08-04 17:13:15.419 14785 14785 I ServiceManager: Waiting for service AtCmdFwd...
08-04 17:13:15.433 18131 22027 D CustomInterceptor: NETWORK-PROVIDER https://www.gravatar.com/avatar/f5934485a0863578733c447016505547
08-04 17:13:15.433 18131 22028 D CustomInterceptor: NETWORK-PROVIDER https://www.gravatar.com/avatar/f5934485a0863578733c447016505547
08-04 17:13:15.434 18131 22027 D Nappa   : F1_SCORE add_intercept_url - (already in) - https://www.gravatar.com/avatar/f5934485a0863578733c447016505547
08-04 17:13:15.434 18131 22028 D Nappa   : F1_SCORE add_intercept_url - (already in) - https://www.gravatar.com/avatar/f5934485a0863578733c447016505547
08-04 17:13:15.434 18131 22027 D Nappa   : F1_SCORE add_fn_url - (already in) - https://www.gravatar.com/avatar/f5934485a0863578733c447016505547
08-04 17:13:15.434 18131 22028 D Nappa   : F1_SCORE add_fn_url - (already in) - https://www.gravatar.com/avatar/f5934485a0863578733c447016505547
08-04 17:13:15.434 18131 22027 D Nappa   : -------------F1_SCORE #15 -----------
08-04 17:13:15.434 18131 22028 D Nappa   : -------------F1_SCORE #15 -----------
08-04 17:13:15.434 18131 22028 D Nappa   : F1_SCORE - Intercept list (10)= [https://www.newsblur.com/reader/feeds/?update_counts=true, https://www.newsblur.com/reader/unread_story_hashes?include_timestamps=1, https://www.newsblur.com/social/river_stories?order=newest&page=1&read_filter=all&global_feed=true, https://www.newsblur.com/rss_feeds/icon/0, https://s3.amazonaws.com/icons.newsblur.com/6882243.png, https://s3.amazonaws.com/icons.newsblur.com/18178.png, https://s3.amazonaws.com/icons.newsblur.com/5762506.png, http://feeds.feedburner.com/~r/retort/~4/UffaFMiJbNs, https://images.fastcompany.net/image/upload/w_1280,q_auto,f_auto,fl_lossy/wp-cms/uploads/2020/07/p-1-90532920-this-chart-shows-how-effective-masks-can-be.png, https://www.gravatar.com/avatar/f5934485a0863578733c447016505547]
08-04 17:13:15.434 18131 22027 D Nappa   : F1_SCORE - Intercept list (10)= [https://www.newsblur.com/reader/feeds/?update_counts=true, https://www.newsblur.com/reader/unread_story_hashes?include_timestamps=1, https://www.newsblur.com/social/river_stories?order=newest&page=1&read_filter=all&global_feed=true, https://www.newsblur.com/rss_feeds/icon/0, https://s3.amazonaws.com/icons.newsblur.com/6882243.png, https://s3.amazonaws.com/icons.newsblur.com/18178.png, https://s3.amazonaws.com/icons.newsblur.com/5762506.png, http://feeds.feedburner.com/~r/retort/~4/UffaFMiJbNs, https://images.fastcompany.net/image/upload/w_1280,q_auto,f_auto,fl_lossy/wp-cms/uploads/2020/07/p-1-90532920-this-chart-shows-how-effective-masks-can-be.png, https://www.gravatar.com/avatar/f5934485a0863578733c447016505547]
08-04 17:13:15.434 18131 22028 D Nappa   : F1_SCORE - Prefetch list (0)= []
08-04 17:13:15.434 18131 22027 D Nappa   : F1_SCORE - Prefetch list (0)= []
08-04 17:13:15.434 18131 22028 D Nappa   : F1_SCORE - TP list (0)= []
08-04 17:13:15.434 18131 22027 D Nappa   : F1_SCORE - TP list (0)= []
08-04 17:13:15.434 18131 22028 D Nappa   : F1_SCORE - FN list (10)= [https://www.newsblur.com/reader/feeds/?update_counts=true, https://www.newsblur.com/reader/unread_story_hashes?include_timestamps=1, https://www.newsblur.com/social/river_stories?order=newest&page=1&read_filter=all&global_feed=true, https://www.newsblur.com/rss_feeds/icon/0, https://s3.amazonaws.com/icons.newsblur.com/6882243.png, https://s3.amazonaws.com/icons.newsblur.com/18178.png, https://s3.amazonaws.com/icons.newsblur.com/5762506.png, http://feeds.feedburner.com/~r/retort/~4/UffaFMiJbNs, https://images.fastcompany.net/image/upload/w_1280,q_auto,f_auto,fl_lossy/wp-cms/uploads/2020/07/p-1-90532920-this-chart-shows-how-effective-masks-can-be.png, https://www.gravatar.com/avatar/f5934485a0863578733c447016505547]
08-04 17:13:15.434 18131 22027 D Nappa   : F1_SCORE - FN list (10)= [https://www.newsblur.com/reader/feeds/?update_counts=true, https://www.newsblur.com/reader/unread_story_hashes?include_timestamps=1, https://www.newsblur.com/social/river_stories?order=newest&page=1&read_filter=all&global_feed=true, https://www.newsblur.com/rss_feeds/icon/0, https://s3.amazonaws.com/icons.newsblur.com/6882243.png, https://s3.amazonaws.com/icons.newsblur.com/18178.png, https://s3.amazonaws.com/icons.newsblur.com/5762506.png, http://feeds.feedburner.com/~r/retort/~4/UffaFMiJbNs, https://images.fastcompany.net/image/upload/w_1280,q_auto,f_auto,fl_lossy/wp-cms/uploads/2020/07/p-1-90532920-this-chart-shows-how-effective-masks-can-be.png, https://www.gravatar.com/avatar/f5934485a0863578733c447016505547]
08-04 17:13:15.434 18131 22027 I NAPPA_EXPERIMENTATION: MetricPrefetchingAccuracy: LOG_ID='17',F1_SCORE_1='0.0',F1_SCORE_2='0.0',TRUE_POSITIVE='0',FALSE_POSITIVE='0',FALSE_NEGATIVE='10',
08-04 17:13:15.434 18131 22028 I NAPPA_EXPERIMENTATION: MetricPrefetchingAccuracy: LOG_ID='16',F1_SCORE_1='0.0',F1_SCORE_2='0.0',TRUE_POSITIVE='0',FALSE_POSITIVE='0',FALSE_NEGATIVE='10',
08-04 17:13:15.434 18131 22027 D CustomInterceptor: HEADER REQUEST
08-04 17:13:15.434 18131 22028 D CustomInterceptor: HEADER REQUEST
08-04 17:13:15.434 18131 22028 D CustomInterceptor: Cache-Control max-age=300, max-stale=300
08-04 17:13:15.434 18131 22027 D CustomInterceptor: Cache-Control max-age=300, max-stale=300
08-04 17:13:15.434 18131 22027 D CustomInterceptor: CACHED STATS: size = '8', maxSize = '100', hitCount = '8', createCount = '0', putCount = '8', evictionCount = '0', missCount = '15', toString = 'LruCache[maxSize=100,hits=8,misses=15,hitRate=34%]', 
08-04 17:13:15.435 18131 22028 D CustomInterceptor: CACHED STATS: size = '8', maxSize = '100', hitCount = '8', createCount = '0', putCount = '8', evictionCount = '0', missCount = '15', toString = 'LruCache[maxSize=100,hits=8,misses=15,hitRate=34%]', 
08-04 17:13:15.435 18131 22027 D CustomInterceptor: PREFLIB NOT A GET REQUEST OR NOT IN CACHEGET
08-04 17:13:15.435 18131 22028 D CustomInterceptor: PREFLIB NOT A GET REQUEST OR NOT IN CACHEGET
08-04 17:13:15.464 18131 22316 W cr_media: Requires BLUETOOTH permission
08-04 17:13:15.484 18131 22333 E libEGL  : validate_display:255 error 3008 (EGL_BAD_DISPLAY)
08-04 17:13:15.496 18131 21778 D Nappa   : registerActivity: (already in) nappatfpr.com.newsblur.activity.GlobalSharedStoriesReading
08-04 17:13:15.496 18131 21778 D Nappa   : PARENTS 
08-04 17:13:15.496 18131 21778 D Nappa   : Of: nappatfpr.com.newsblur.activity.GlobalSharedStoriesReading -> 
08-04 17:13:15.496 18131 21778 D Nappa   : PARENTS nappatfpr.com.newsblur.activity.GlobalSharedStoriesItemsList
08-04 17:13:15.496 18131 21778 D Nappa   : PARENTS has extra: (story_hash, 0:65a6e4)
08-04 17:13:15.496 18131 21778 D Nappa   : PARENTS has extra: (feed_set, nappatfpr.com.newsblur.util.FeedSet@e)
08-04 17:13:15.496 18131 21778 D Nappa   : PARENTS nappatfpr.com.newsblur.activity.Main
08-04 17:13:15.496 18131 21778 D Nappa   : PARENTS has extra: (feed_set, nappatfpr.com.newsblur.util.FeedSet@e)
08-04 17:13:15.536 18131 22349 D Nappa   : TAG okHttpClient initialized
08-04 17:13:15.543 18131 22349 D CustomInterceptor: NETWORK-PROVIDER https://www.newsblur.com/reader/mark_story_hashes_as_read/
08-04 17:13:15.543 18131 22349 D CustomInterceptor: HEADER REQUEST
08-04 17:13:15.544 18131 22349 D CustomInterceptor: Cache-Control max-age=300, max-stale=300
08-04 17:13:15.544 18131 22349 D CustomInterceptor: Cookie newsblur_sessionid=qlbd3ilzka7q9q07v2htr96j75kh6za7; Domain=.newsblur.com; expires=Wed, 03 Aug 2022 21:08:20 GMT; Max-Age=63072000; Path=/
08-04 17:13:15.544 18131 22349 D CustomInterceptor: CACHED STATS: size = '8', maxSize = '100', hitCount = '8', createCount = '0', putCount = '8', evictionCount = '0', missCount = '17', toString = 'LruCache[maxSize=100,hits=8,misses=17,hitRate=32%]', 
08-04 17:13:15.544 18131 22349 D CustomInterceptor: PREFLIB NOT A GET REQUEST OR NOT IN CACHEPOST
08-04 17:13:15.596 18131 21778 D Nappa   : registerActivity: (already in) nappatfpr.com.newsblur.activity.GlobalSharedStoriesReading
08-04 17:13:15.597 18131 21778 D Nappa   : PARENTS 
08-04 17:13:15.597 18131 21778 D Nappa   : Of: nappatfpr.com.newsblur.activity.GlobalSharedStoriesReading -> 
08-04 17:13:15.597 18131 21778 D Nappa   : PARENTS nappatfpr.com.newsblur.activity.GlobalSharedStoriesItemsList
08-04 17:13:15.597 18131 21778 D Nappa   : PARENTS has extra: (story_hash, 0:65a6e4)
08-04 17:13:15.597 18131 21778 D Nappa   : PARENTS has extra: (feed_set, nappatfpr.com.newsblur.util.FeedSet@e)
08-04 17:13:15.597 18131 21778 D Nappa   : PARENTS nappatfpr.com.newsblur.activity.Main
08-04 17:13:15.597 18131 21778 D Nappa   : PARENTS has extra: (feed_set, nappatfpr.com.newsblur.util.FeedSet@e)
08-04 17:13:15.628 18131 18145 I art     : Starting a blocking GC Explicit
08-04 17:13:15.663 18131 18145 I art     : Explicit concurrent mark sweep GC freed 25192(1736KB) AllocSpace objects, 20(444KB) LOS objects, 30% free, 35MB/51MB, paused 878us total 35.195ms
08-04 17:13:15.673 18131 18145 I art     : Starting a blocking GC Explicit
08-04 17:13:15.693 18131 18145 I art     : Explicit concurrent mark sweep GC freed 1987(139KB) AllocSpace objects, 2(56KB) LOS objects, 31% free, 35MB/51MB, paused 848us total 20.633ms
08-04 17:13:15.697 18131 21778 D Nappa   : registerActivity: (already in) nappatfpr.com.newsblur.activity.GlobalSharedStoriesReading
08-04 17:13:15.697 18131 21778 D Nappa   : PARENTS 
08-04 17:13:15.697 18131 21778 D Nappa   : Of: nappatfpr.com.newsblur.activity.GlobalSharedStoriesReading -> 
08-04 17:13:15.697 18131 21778 D Nappa   : PARENTS nappatfpr.com.newsblur.activity.GlobalSharedStoriesItemsList
08-04 17:13:15.697 18131 21778 D Nappa   : PARENTS has extra: (story_hash, 0:65a6e4)
08-04 17:13:15.697 18131 21778 D Nappa   : PARENTS has extra: (feed_set, nappatfpr.com.newsblur.util.FeedSet@e)
08-04 17:13:15.697 18131 21778 D Nappa   : PARENTS nappatfpr.com.newsblur.activity.Main
08-04 17:13:15.698 18131 21778 D Nappa   : PARENTS has extra: (feed_set, nappatfpr.com.newsblur.util.FeedSet@e)
08-04 17:13:15.701 18131 18145 I art     : Starting a blocking GC Explicit
08-04 17:13:15.722 18131 18145 I art     : Explicit concurrent mark sweep GC freed 247(11KB) AllocSpace objects, 0(0B) LOS objects, 31% free, 35MB/51MB, paused 780us total 21.104ms
08-04 17:13:15.729 18131 18145 I art     : Starting a blocking GC Explicit
08-04 17:13:15.750 18131 18145 I art     : Explicit concurrent mark sweep GC freed 3(96B) AllocSpace objects, 0(0B) LOS objects, 31% free, 35MB/51MB, paused 857us total 20.439ms
08-04 17:13:15.757 18131 18145 I art     : Starting a blocking GC Explicit
08-04 17:13:15.778 18131 18145 I art     : Explicit concurrent mark sweep GC freed 3(96B) AllocSpace objects, 0(0B) LOS objects, 31% free, 35MB/51MB, paused 763us total 20.791ms
08-04 17:13:15.798 18131 21778 D Nappa   : registerActivity: (already in) nappatfpr.com.newsblur.activity.GlobalSharedStoriesReading
08-04 17:13:15.798 18131 21778 D Nappa   : PARENTS 
08-04 17:13:15.798 18131 21778 D Nappa   : Of: nappatfpr.com.newsblur.activity.GlobalSharedStoriesReading -> 
08-04 17:13:15.798 18131 21778 D Nappa   : PARENTS nappatfpr.com.newsblur.activity.GlobalSharedStoriesItemsList
08-04 17:13:15.798 18131 21778 D Nappa   : PARENTS has extra: (story_hash, 0:65a6e4)
08-04 17:13:15.798 18131 21778 D Nappa   : PARENTS has extra: (feed_set, nappatfpr.com.newsblur.util.FeedSet@e)
08-04 17:13:15.798 18131 21778 D Nappa   : PARENTS nappatfpr.com.newsblur.activity.Main
08-04 17:13:15.798 18131 21778 D Nappa   : PARENTS has extra: (feed_set, nappatfpr.com.newsblur.util.FeedSet@e)
08-04 17:13:15.899 18131 21778 D Nappa   : registerActivity: (already in) nappatfpr.com.newsblur.activity.GlobalSharedStoriesReading
08-04 17:13:15.899 18131 21778 D Nappa   : PARENTS 
08-04 17:13:15.899 18131 21778 D Nappa   : Of: nappatfpr.com.newsblur.activity.GlobalSharedStoriesReading -> 
08-04 17:13:15.899 18131 21778 D Nappa   : PARENTS nappatfpr.com.newsblur.activity.GlobalSharedStoriesItemsList
08-04 17:13:15.899 18131 21778 D Nappa   : PARENTS has extra: (story_hash, 0:65a6e4)
08-04 17:13:15.899 18131 21778 D Nappa   : PARENTS has extra: (feed_set, nappatfpr.com.newsblur.util.FeedSet@e)
08-04 17:13:15.899 18131 21778 D Nappa   : PARENTS nappatfpr.com.newsblur.activity.Main
08-04 17:13:15.899 18131 21778 D Nappa   : PARENTS has extra: (feed_set, nappatfpr.com.newsblur.util.FeedSet@e)
08-04 17:13:15.954 18131 22031 D CustomInterceptor: Interceptor exiting with exception java.io.IOException: unexpected end of stream on https://www.newsblur.com/...
08-04 17:13:15.954 18131 22033 D CustomInterceptor: Interceptor exiting with exception java.io.IOException: unexpected end of stream on https://www.newsblur.com/...
08-04 17:13:15.956 18131 22033 W System.err: java.io.IOException: unexpected end of stream on https://www.newsblur.com/...
08-04 17:13:15.957 18131 22033 W System.err: 	at okhttp3.internal.http1.Http1ExchangeCodec.readResponseHeaders(Http1ExchangeCodec.java:236)
08-04 17:13:15.957 18131 22033 W System.err: 	at okhttp3.internal.connection.Exchange.readResponseHeaders(Exchange.java:115)
08-04 17:13:15.957 18131 22033 W System.err: 	at okhttp3.internal.http.CallServerInterceptor.intercept(CallServerInterceptor.java:94)
08-04 17:13:15.957 18131 22033 W System.err: 	at okhttp3.internal.http.RealInterceptorChain.proceed(RealInterceptorChain.java:142)
08-04 17:13:15.957 18131 22033 W System.err: 	at okhttp3.internal.connection.ConnectInterceptor.intercept(ConnectInterceptor.java:43)
08-04 17:13:15.957 18131 22033 W System.err: 	at okhttp3.internal.http.RealInterceptorChain.proceed(RealInterceptorChain.java:142)
08-04 17:13:15.957 18131 22033 W System.err: 	at okhttp3.internal.http.RealInterceptorChain.proceed(RealInterceptorChain.java:117)
08-04 17:13:15.957 18131 22033 W System.err: 	at okhttp3.internal.cache.CacheInterceptor.intercept(CacheInterceptor.java:94)
08-04 17:13:15.957 18131 22033 W System.err: 	at okhttp3.internal.http.RealInterceptorChain.proceed(RealInterceptorChain.java:142)
08-04 17:13:15.957 18131 22033 W System.err: 	at okhttp3.internal.http.RealInterceptorChain.proceed(RealInterceptorChain.java:117)
08-04 17:13:15.957 18131 22033 W System.err: 	at okhttp3.internal.http.BridgeInterceptor.intercept(BridgeInterceptor.java:93)
08-04 17:13:15.957 18131 22033 W System.err: 	at okhttp3.internal.http.RealInterceptorChain.proceed(RealInterceptorChain.java:142)
08-04 17:13:15.957 18131 22033 W System.err: 	at okhttp3.internal.http.RetryAndFollowUpInterceptor.intercept(RetryAndFollowUpInterceptor.java:88)
08-04 17:13:15.957 18131 22033 W System.err: 	at okhttp3.internal.http.RealInterceptorChain.proceed(RealInterceptorChain.java:142)
08-04 17:13:15.957 18131 22033 W System.err: 	at okhttp3.internal.http.RealInterceptorChain.proceed(RealInterceptorChain.java:117)
08-04 17:13:15.957 18131 22033 W System.err: 	at nl.vu.cs.s2group.nappa.Nappa$CustomInterceptor.intercept(Nappa.java:875)
08-04 17:13:15.958 18131 22033 W System.err: 	at okhttp3.internal.http.RealInterceptorChain.proceed(RealInterceptorChain.java:142)
08-04 17:13:15.958 18131 22033 W System.err: 	at okhttp3.internal.http.RealInterceptorChain.proceed(RealInterceptorChain.java:117)
08-04 17:13:15.958 18131 22033 W System.err: 	at okhttp3.RealCall.getResponseWithInterceptorChain(RealCall.java:229)
08-04 17:13:15.958 18131 22033 W System.err: 	at okhttp3.RealCall.execute(RealCall.java:81)
08-04 17:13:15.958 18131 22033 W System.err: 	at nappatfpr.com.newsblur.util.NetworkUtils.loadURL(NetworkUtils.java:51)
08-04 17:13:15.958 18131 22033 W System.err: 	at nappatfpr.com.newsblur.util.FileCache.cacheFile(FileCache.java:75)
08-04 17:13:15.958 18131 22033 W System.err: 	at nappatfpr.com.newsblur.util.ImageLoader$PhotosLoader.run(ImageLoader.java:160)
08-04 17:13:15.958 18131 22033 W System.err: 	at java.util.concurrent.Executors$RunnableAdapter.call(Executors.java:423)
08-04 17:13:15.958 18131 22033 W System.err: 	at java.util.concurrent.FutureTask.run(FutureTask.java:237)
08-04 17:13:15.958 18131 22033 W System.err: 	at java.util.concurrent.ThreadPoolExecutor.runWorker(ThreadPoolExecutor.java:1113)
08-04 17:13:15.958 18131 22033 W System.err: 	at java.util.concurrent.ThreadPoolExecutor$Worker.run(ThreadPoolExecutor.java:588)
08-04 17:13:15.958 18131 22033 W System.err: 	at java.lang.Thread.run(Thread.java:818)
08-04 17:13:15.958 18131 22033 W System.err: Caused by: java.io.EOFException: \n not found: limit=0 content=
08-04 17:13:15.959 18131 22033 W System.err: 	at okio.RealBufferedSource.readUtf8LineStrict(RealBufferedSource.java:240)
08-04 17:13:15.959 18131 22033 W System.err: 	at okhttp3.internal.http1.Http1ExchangeCodec.readHeaderLine(Http1ExchangeCodec.java:242)
08-04 17:13:15.959 18131 22033 W System.err: 	at okhttp3.internal.http1.Http1ExchangeCodec.readResponseHeaders(Http1ExchangeCodec.java:213)
08-04 17:13:15.959 18131 22033 W System.err: 	... 27 more
08-04 17:13:15.959 18131 22033 D CustomInterceptor: interceptor_finished : return_type #4 : interceptor failed, resuming the request chain with the original request
08-04 17:13:15.966 18131 22031 W System.err: java.io.IOException: unexpected end of stream on https://www.newsblur.com/...
08-04 17:13:15.967 18131 22031 W System.err: 	at okhttp3.internal.http1.Http1ExchangeCodec.readResponseHeaders(Http1ExchangeCodec.java:236)
08-04 17:13:15.967 18131 22031 W System.err: 	at okhttp3.internal.connection.Exchange.readResponseHeaders(Exchange.java:115)
08-04 17:13:15.967 18131 22031 W System.err: 	at okhttp3.internal.http.CallServerInterceptor.intercept(CallServerInterceptor.java:94)
08-04 17:13:15.967 18131 22031 W System.err: 	at okhttp3.internal.http.RealInterceptorChain.proceed(RealInterceptorChain.java:142)
08-04 17:13:15.967 18131 22031 W System.err: 	at okhttp3.internal.connection.ConnectInterceptor.intercept(ConnectInterceptor.java:43)
08-04 17:13:15.967 18131 22031 W System.err: 	at okhttp3.internal.http.RealInterceptorChain.proceed(RealInterceptorChain.java:142)
08-04 17:13:15.967 18131 22031 W System.err: 	at okhttp3.internal.http.RealInterceptorChain.proceed(RealInterceptorChain.java:117)
08-04 17:13:15.967 18131 22031 W System.err: 	at okhttp3.internal.cache.CacheInterceptor.intercept(CacheInterceptor.java:94)
08-04 17:13:15.967 18131 22031 W System.err: 	at okhttp3.internal.http.RealInterceptorChain.proceed(RealInterceptorChain.java:142)
08-04 17:13:15.967 18131 22031 W System.err: 	at okhttp3.internal.http.RealInterceptorChain.proceed(RealInterceptorChain.java:117)
08-04 17:13:15.967 18131 22031 W System.err: 	at okhttp3.internal.http.BridgeInterceptor.intercept(BridgeInterceptor.java:93)
08-04 17:13:15.967 18131 22031 W System.err: 	at okhttp3.internal.http.RealInterceptorChain.proceed(RealInterceptorChain.java:142)
08-04 17:13:15.967 18131 22031 W System.err: 	at okhttp3.internal.http.RetryAndFollowUpInterceptor.intercept(RetryAndFollowUpInterceptor.java:88)
08-04 17:13:15.967 18131 22031 W System.err: 	at okhttp3.internal.http.RealInterceptorChain.proceed(RealInterceptorChain.java:142)
08-04 17:13:15.967 18131 22031 W System.err: 	at okhttp3.internal.http.RealInterceptorChain.proceed(RealInterceptorChain.java:117)
08-04 17:13:15.967 18131 22031 W System.err: 	at nl.vu.cs.s2group.nappa.Nappa$CustomInterceptor.intercept(Nappa.java:875)
08-04 17:13:15.967 18131 22031 W System.err: 	at okhttp3.internal.http.RealInterceptorChain.proceed(RealInterceptorChain.java:142)
08-04 17:13:15.967 18131 22031 W System.err: 	at okhttp3.internal.http.RealInterceptorChain.proceed(RealInterceptorChain.java:117)
08-04 17:13:15.967 18131 22031 W System.err: 	at okhttp3.RealCall.getResponseWithInterceptorChain(RealCall.java:229)
08-04 17:13:15.967 18131 22031 W System.err: 	at okhttp3.RealCall.execute(RealCall.java:81)
08-04 17:13:15.967 18131 22031 W System.err: 	at nappatfpr.com.newsblur.util.NetworkUtils.loadURL(NetworkUtils.java:51)
08-04 17:13:15.967 18131 22031 W System.err: 	at nappatfpr.com.newsblur.util.FileCache.cacheFile(FileCache.java:75)
08-04 17:13:15.967 18131 22031 W System.err: 	at nappatfpr.com.newsblur.util.ImageLoader$PhotosLoader.run(ImageLoader.java:160)
08-04 17:13:15.967 18131 22031 W System.err: 	at java.util.concurrent.Executors$RunnableAdapter.call(Executors.java:423)
08-04 17:13:15.967 18131 22031 W System.err: 	at java.util.concurrent.FutureTask.run(FutureTask.java:237)
08-04 17:13:15.967 18131 22031 W System.err: 	at java.util.concurrent.ThreadPoolExecutor.runWorker(ThreadPoolExecutor.java:1113)
08-04 17:13:15.967 18131 22031 W System.err: 	at java.util.concurrent.ThreadPoolExecutor$Worker.run(ThreadPoolExecutor.java:588)
08-04 17:13:15.968 18131 22031 W System.err: 	at java.lang.Thread.run(Thread.java:818)
08-04 17:13:15.968 18131 22031 W System.err: Caused by: java.io.EOFException: \n not found: limit=0 content=
08-04 17:13:15.968 18131 22031 W System.err: 	at okio.RealBufferedSource.readUtf8LineStrict(RealBufferedSource.java:240)
08-04 17:13:15.968 18131 22031 W System.err: 	at okhttp3.internal.http1.Http1ExchangeCodec.readHeaderLine(Http1ExchangeCodec.java:242)
08-04 17:13:15.968 18131 22031 W System.err: 	at okhttp3.internal.http1.Http1ExchangeCodec.readResponseHeaders(Http1ExchangeCodec.java:213)
08-04 17:13:15.968 18131 22031 W System.err: 	... 27 more
08-04 17:13:15.968 18131 22031 D CustomInterceptor: interceptor_finished : return_type #4 : interceptor failed, resuming the request chain with the original request
08-04 17:13:15.999 18131 21778 D Nappa   : registerActivity: (already in) nappatfpr.com.newsblur.activity.GlobalSharedStoriesReading
08-04 17:13:16.000 18131 21778 D Nappa   : PARENTS 
08-04 17:13:16.000 18131 21778 D Nappa   : Of: nappatfpr.com.newsblur.activity.GlobalSharedStoriesReading -> 
08-04 17:13:16.000 18131 21778 D Nappa   : PARENTS nappatfpr.com.newsblur.activity.GlobalSharedStoriesItemsList
08-04 17:13:16.000 18131 21778 D Nappa   : PARENTS has extra: (story_hash, 0:65a6e4)
08-04 17:13:16.000 18131 21778 D Nappa   : PARENTS has extra: (feed_set, nappatfpr.com.newsblur.util.FeedSet@e)
08-04 17:13:16.000 18131 21778 D Nappa   : PARENTS nappatfpr.com.newsblur.activity.Main
08-04 17:13:16.000 18131 21778 D Nappa   : PARENTS has extra: (feed_set, nappatfpr.com.newsblur.util.FeedSet@e)
08-04 17:13:16.001 18131 21778 D Nappa   : PREFETCH_ON_EXTRA - setCurrentActivity - starting new prediction
08-04 17:13:16.001 18131 21778 D Nappa   : Current node - currentActivityName - nappatfpr.com.newsblur.activity.GlobalSharedStoriesReading
08-04 17:13:16.001 18131 21778 D Nappa   : Current node - activityGraph.getCurrent() - nappatfpr.com.newsblur.activity.GlobalSharedStoriesReading
08-04 17:13:16.001 18131 21778 I NAPPA_EXPERIMENTATION: MetricNappaPrefetchingStrategyExecutionTime: STRATEGY_CLASS='TfprPrefetchingStrategy',DURATION='1198',NUMBER_OF_URLS='0',NUMBER_OF_SELECTED_CHILDREN_NODES='0',NUMBER_OF_CHILDREN_NODES='0',STRATEGY_RUN_SUCCESSFULLY='True',
08-04 17:13:16.001 18131 21778 D TfprPrefetchingStrategy: ==================================
08-04 17:13:16.001 18131 21778 D TfprPrefetchingStrategy: Starting Run #4
08-04 17:13:16.001 18131 21778 D TfprPrefetchingStrategy: ----------------------------------
08-04 17:13:16.001 18131 21778 D TfprPrefetchingStrategy: Node data GlobalSharedStoriesReading 
08-04 17:13:16.001 18131 21778 D TfprPrefetchingStrategy: 	Successors:
08-04 17:13:16.001 18131 21778 D TfprPrefetchingStrategy: 
08-04 17:13:16.001 18131 21778 D TfprPrefetchingStrategy: 	Ancestors:
08-04 17:13:16.001 18131 21778 D TfprPrefetchingStrategy: 		GlobalSharedStoriesItemsList (0 hits)
08-04 17:13:16.001 18131 21778 D TfprPrefetchingStrategy: 
08-04 17:13:16.001 18131 21778 D TfprPrefetchingStrategy: MetricStrategyAccuracy inc execution count4 | act = true; extra = false
08-04 17:13:16.001 18131 21778 D TfprPrefetchingStrategy: MetricStrategyAccuracy inc no sucessor count1 | act = true; extra = false
08-04 17:13:16.001 18131 21778 D TfprPrefetchingStrategy: Node has no successor
08-04 17:13:16.001 18131 21778 D TfprPrefetchingStrategy: Next visited child will be []
08-04 17:13:16.001 18131 21778 D TfprPrefetchingStrategy: ==================================
08-04 17:13:16.001 18131 21778 D Nappa   : PREFETCH_ON_EXTRA - setCurrentActivity - finished new prediction
08-04 17:13:16.021 18131 22349 D CustomInterceptor: Interceptor exiting with exception java.io.IOException: unexpected end of stream on https://www.newsblur.com/...
08-04 17:13:16.021 18131 22349 W System.err: java.io.IOException: unexpected end of stream on https://www.newsblur.com/...
08-04 17:13:16.022 18131 22349 W System.err: 	at okhttp3.internal.http1.Http1ExchangeCodec.readResponseHeaders(Http1ExchangeCodec.java:236)
08-04 17:13:16.022 18131 22349 W System.err: 	at okhttp3.internal.connection.Exchange.readResponseHeaders(Exchange.java:115)
08-04 17:13:16.022 18131 22349 W System.err: 	at okhttp3.internal.http.CallServerInterceptor.intercept(CallServerInterceptor.java:94)
