--------- beginning of main
08-03 23:46:07.261 10229 10229 D AndroidRuntime: >>>>>> START com.android.internal.os.RuntimeInit uid 2000 <<<<<<
08-03 23:46:07.268 10229 10229 D AndroidRuntime: CheckJNI is OFF
08-03 23:46:07.300 10229 10229 D ICU     : No timezone override file found: /data/misc/zoneinfo/current/icu/icu_tzdata.dat
08-03 23:46:07.335 10229 10229 I Radio-JNI: register_android_hardware_Radio DONE
08-03 23:46:07.353 10229 10229 D AndroidRuntime: Calling main entry com.android.commands.monkey.Monkey
--------- beginning of system
08-03 23:46:07.371   918   931 W BroadcastQueue: Skipping deliver [background] BroadcastRecord{6174e7b u-1 android.net.conn.CONNECTIVITY_CHANGE} to ReceiverList{87744f1 10229 (unknown name)/2000/u-1 remote:684b675}: process crashing
08-03 23:46:07.381   918  3696 I ActivityManager: START u0 {act=android.intent.action.MAIN cat=[android.intent.category.LAUNCHER] flg=0x10200000 cmp=baseline.io.github.project_travel_mate/.SplashActivity} from uid 2000 on display 0
08-03 23:46:07.423 10238 10238 I art     : Late-enabling -Xcheck:jni
08-03 23:46:07.428   918  6029 I ActivityManager: Start proc 10238:baseline.io.github.project_travel_mate/u0a650 for activity baseline.io.github.project_travel_mate/.SplashActivity
08-03 23:46:07.453 10229 10229 I art     : System.exit called, status: 0
08-03 23:46:07.454 10229 10229 I AndroidRuntime: VM exiting with result code 0.
08-03 23:46:07.492  6202  6241 W SearchServiceCore: Abort, client detached.
08-03 23:46:07.493  6202 10252 I PBSessionCacheImpl: Deleted sessionId[27278280657311515] from persistence.
08-03 23:46:07.493  6202  6241 I MicroDetectionState: Should stop hotword detection immediately - true
08-03 23:46:07.500 10238 10238 W System  : ClassLoader referenced unknown path: /data/app/baseline.io.github.project_travel_mate-1/lib/arm64
08-03 23:46:07.534 10238 10238 W art     : Before Android 4.1, method android.graphics.PorterDuffColorFilter androidx.vectordrawable.graphics.drawable.VectorDrawableCompat.updateTintFilter(android.graphics.PorterDuffColorFilter, android.content.res.ColorStateList, android.graphics.PorterDuff$Mode) would have incorrectly overridden the package-private method in android.graphics.drawable.Drawable
08-03 23:46:07.550 10238 10238 I art     : Rejecting re-init on previously-failed class java.lang.Class<androidx.core.view.ViewCompat$OnUnhandledKeyEventListenerWrapper>
08-03 23:46:07.550 10238 10238 I art     : Rejecting re-init on previously-failed class java.lang.Class<androidx.core.view.ViewCompat$OnUnhandledKeyEventListenerWrapper>
08-03 23:46:07.577 10238 10254 D OpenGLRenderer: Use EGL_SWAP_BEHAVIOR_PRESERVED: true
08-03 23:46:07.617 10238 10254 I Adreno  : QUALCOMM build                   : fcf4852, I1af360237c
08-03 23:46:07.617 10238 10254 I Adreno  : Build Date                       : 09/23/15
08-03 23:46:07.617 10238 10254 I Adreno  : OpenGL ES Shader Compiler Version: XE031.05.13.02
08-03 23:46:07.617 10238 10254 I Adreno  : Local Branch                     : mybranch14465806
08-03 23:46:07.617 10238 10254 I Adreno  : Remote Branch                    : quic/LA.BF64.1.2.9_v2
08-03 23:46:07.617 10238 10254 I Adreno  : Remote Branch                    : NONE
08-03 23:46:07.617 10238 10254 I Adreno  : Reconstruct Branch               : NOTHING
08-03 23:46:07.622 10238 10254 I OpenGLRenderer: Initialized EGL, version 1.4
08-03 23:46:07.710   918   936 I ActivityManager: Displayed baseline.io.github.project_travel_mate/.SplashActivity: +320ms
08-03 23:46:07.715 13866 13866 I GoogleInputMethodServic: GoogleInputMethodService.onFinishInput():3138 
08-03 23:46:07.716 13866 13866 I GoogleInputMethodServic: GoogleInputMethodService.onStartInput():1808 
08-03 23:46:07.964  6583  6583 I ServiceManager: Waiting for service AtCmdFwd...
08-03 23:46:08.965  6583  6583 I ServiceManager: Waiting for service AtCmdFwd...
08-03 23:46:09.001 10272 10272 D AndroidRuntime: >>>>>> START com.android.internal.os.RuntimeInit uid 2000 <<<<<<
08-03 23:46:09.004 10272 10272 D AndroidRuntime: CheckJNI is OFF
08-03 23:46:09.030 10272 10272 D ICU     : No timezone override file found: /data/misc/zoneinfo/current/icu/icu_tzdata.dat
08-03 23:46:09.058 10272 10272 I Radio-JNI: register_android_hardware_Radio DONE
08-03 23:46:09.075 10272 10272 D AndroidRuntime: Calling main entry com.android.commands.am.Am
08-03 23:46:09.083  8825  8825 I Trepn   : Trepn 6.2s: Received intent: com.quicinc.trepn.start_profiling
08-03 23:46:09.179  8825  8825 W FileUtils: Failed to chmod(/storage/emulated/0/trepn/Trepn_2020.08.03_234609.db): android.system.ErrnoException: chmod failed: EPERM (Operation not permitted)
08-03 23:46:09.253  8825  8825 I Trepn   : Trepn 6.2s: Trepn has Started Profiling.
08-03 23:46:09.254 10272 10272 D AndroidRuntime: Shutting down VM
08-03 23:46:09.663   918  4400 I ActivityManager: START u0 {cmp=baseline.io.github.project_travel_mate/.MainActivity} from uid 10650 on display 0
08-03 23:46:09.753 10238 10238 W Settings: Setting airplane_mode_on has moved from android.provider.Settings.System to android.provider.Settings.Global, returning read-only value.
08-03 23:46:09.768 10238 10238 V MainActivity: url=https://project-travel-mate.herokuapp.com/api/get-user
08-03 23:46:09.780 10238 10258 I art     : Starting a blocking GC Explicit
08-03 23:46:09.800 10238 10307 W LOTTIE  : Unknown mask mode mode. Defaulting to Add.
08-03 23:46:09.807 10238 10307 W LOTTIE  : You have 5 images. Lottie should primarily be used with shapes. If you are using Adobe Illustrator, convert the Illustrator layers to shape layers.
08-03 23:46:09.808 10238 10307 W LOTTIE  : Unknown mask mode mode. Defaulting to Add.
08-03 23:46:09.809 10238 10307 W LOTTIE  : Unknown mask mode mode. Defaulting to Add.
08-03 23:46:09.869 10238 10258 I art     : Explicit concurrent mark sweep GC freed 69836(3MB) AllocSpace objects, 3(60KB) LOS objects, 40% free, 23MB/38MB, paused 1.983ms total 89.113ms
08-03 23:46:09.873 10238 10238 V CityFragment: url=https://project-travel-mate.herokuapp.com/api/get-all-cities/10
08-03 23:46:09.891 10238 10258 I art     : Starting a blocking GC Explicit
08-03 23:46:09.924 10238 10258 I art     : Explicit concurrent mark sweep GC freed 4221(279KB) AllocSpace objects, 0(0B) LOS objects, 40% free, 23MB/38MB, paused 176us total 32.728ms
08-03 23:46:09.966  6583  6583 I ServiceManager: Waiting for service AtCmdFwd...
08-03 23:46:10.043 10238 10258 I art     : Starting a blocking GC Explicit
08-03 23:46:10.114 10238 10258 I art     : Explicit concurrent mark sweep GC freed 101(4KB) AllocSpace objects, 0(0B) LOS objects, 40% free, 23MB/38MB, paused 433us total 65.034ms
08-03 23:46:10.264 10238 10258 I art     : Starting a blocking GC Explicit
08-03 23:46:10.324 10238 10258 I art     : Explicit concurrent mark sweep GC freed 1533(120KB) AllocSpace objects, 4(240KB) LOS objects, 39% free, 23MB/39MB, paused 902us total 59.253ms
08-03 23:46:10.346 10238 10258 I art     : Starting a blocking GC Explicit
08-03 23:46:10.358 10238 10238 E RecyclerView: No adapter attached; skipping layout
08-03 23:46:10.369 10238 10258 I art     : Explicit concurrent mark sweep GC freed 4504(309KB) AllocSpace objects, 2(160KB) LOS objects, 40% free, 23MB/39MB, paused 771us total 22.319ms
08-03 23:46:10.414 10238 10238 I Choreographer: Skipped 31 frames!  The application may be doing too much work on its main thread.
08-03 23:46:10.485 10238 10306 I NAPPA_EXPERIMENTATION: MetricNetworkRequestExecutionTime: REQUEST_DURATION_SYSTEM='702',REQUEST_DURATION_OKHTTP='40',REQUEST_SYNCHRONOUS='FALSE',RESPONSE_CODE='200',RESPONSE_METHOD='GET',RESPONSE_LENGTH_OKHTTP='185',RESPONSE_LENGTH_HEADER='185',REQUEST_PROTOCOL='http/1.1',REQUEST_URL='https://project-travel-mate.herokuapp.com/api/get-user',
08-03 23:46:10.501 10238 10310 I NAPPA_EXPERIMENTATION: MetricNetworkRequestExecutionTime: REQUEST_DURATION_SYSTEM='626',REQUEST_DURATION_OKHTTP='54',REQUEST_SYNCHRONOUS='FALSE',RESPONSE_CODE='200',RESPONSE_METHOD='GET',RESPONSE_LENGTH_OKHTTP='1588',RESPONSE_LENGTH_HEADER='1588',REQUEST_PROTOCOL='http/1.1',REQUEST_URL='https://project-travel-mate.herokuapp.com/api/get-all-cities/10',
08-03 23:46:10.537 10238 10238 V MainActivity: url = https://project-travel-mate.herokuapp.com/api/number-of-unread-notifications
08-03 23:46:10.539   918   936 I ActivityManager: Displayed baseline.io.github.project_travel_mate/.MainActivity: +868ms
08-03 23:46:10.550 13866 13866 I GoogleInputMethodServic: GoogleInputMethodService.onFinishInput():3138 
08-03 23:46:10.551 13866 13866 I GoogleInputMethodServic: GoogleInputMethodService.onStartInput():1808 
08-03 23:46:10.552 10238 10238 E RecyclerView: No adapter attached; skipping layout
08-03 23:46:10.629 10238 10238 V CityFragment: result=[{"id":1,"city_name":"Delhi","facts_count":6,"image":"https://upload.wikimedia.org/wikipedia/commons/9/94/%E0%B4%96%E0%B5%81%E0%B4%A4%E0%B5%8D%E0%B4%AC%E0%B5%8D_%E0%B4%AE%E0%B4%BF%E0%B4%A8%E0%B4%BE%E0%B5%BC1.jpg","visit_count":18186},{"id":2,"city_name":"Mumbai","facts_count":0,"image":"https://static1.squarespace.com/static/55917ae2e4b0984fc8c264c4/t/5ad7a037758d464041bfba27/1524102624280/Victoria_Mumbai.jpg","visit_count":6022},{"id":3,"city_name":"Bangalore","facts_count":0,"image":null,"visit_count":5536},{"id":8,"city_name":"Pune","facts_count":0,"image":"https://www.zricks.com/ImagesPostProject/47929//6557d975-20a9-4c6c-a776-8072a1936a76.jpg","visit_count":3324},{"id":4,"city_name":"Chennai","facts_count":0,"image":"http://lh3.ggpht.com/_YLb7tJ8RoAk/SfazBLdgf3I/AAAAAAAANEg/p52_Zz_URxg/s640/Picture%20009.jpg","visit_count":3061},{"id":5,"city_name":"Kolkata","facts_count":0,"image":"https://i.pinimg.com/originals/05/ec/42/05ec42c545b494d12cc612923483b4f0.jpg","visit_count":2211},{"id":9,"city_name":"Jaipur","facts_count":1,"image":"https://www.trodly.com/pictures/attraction/1943.jpg","visit_count":2007},{"id":6,"city_name":"Hyderabad","facts_count":0,"image":"https://i1.trekearth.com/photos/59194/charminar_020_sm.jpg","visit_count":1633},{"id":150,"city_name":"Panjim","facts_count":0,"image":"http://www.nomad4ever.com/wp-content/uploads/2009/04/palm-trees-at-baga-creek-north-goa1.jpg","visit_count":1488},{"id":7,"city_name":"Ahmedabad","facts_count":0,"image":"https://i.pinimg.com/originals/a5/ed/29/a5ed293271669a61f47059f7b0d9cf2c.jpg","visit_count":1115}]
08-03 23:46:10.635 10238 10258 I art     : Starting a blocking GC Explicit
08-03 23:46:10.651 10238 10258 I art     : Explicit concurrent mark sweep GC freed 9017(627KB) AllocSpace objects, 1(20KB) LOS objects, 36% free, 28MB/44MB, paused 248us total 15.644ms
08-03 23:46:10.661 10238 10258 I art     : Starting a blocking GC Explicit
08-03 23:46:10.677 10238 10258 I art     : Explicit concurrent mark sweep GC freed 550(27KB) AllocSpace objects, 0(0B) LOS objects, 36% free, 28MB/44MB, paused 358us total 15.242ms
08-03 23:46:10.685 10238 10258 I art     : Starting a blocking GC Explicit
08-03 23:46:10.693 10238 10238 D CityFragment: get cities cities size = 10
08-03 23:46:10.700 10238 10258 I art     : Explicit concurrent mark sweep GC freed 413(34KB) AllocSpace objects, 1(20KB) LOS objects, 36% free, 28MB/44MB, paused 422us total 15.221ms
08-03 23:46:10.709 10238 10258 I art     : Starting a blocking GC Explicit
08-03 23:46:10.724 10238 10258 I art     : Explicit concurrent mark sweep GC freed 586(32KB) AllocSpace objects, 0(0B) LOS objects, 34% free, 30MB/46MB, paused 517us total 15.173ms
08-03 23:46:10.733 10238 10258 I art     : Starting a blocking GC Explicit
08-03 23:46:10.751 10238 10258 I art     : Explicit concurrent mark sweep GC freed 249(18KB) AllocSpace objects, 0(0B) LOS objects, 34% free, 30MB/46MB, paused 4.493ms total 18.709ms
08-03 23:46:10.966  6583  6583 I ServiceManager: Waiting for service AtCmdFwd...
08-03 23:46:10.976   380   380 W SurfaceFlinger: couldn't log to binary event log: overflow.
08-03 23:46:11.037 10238 10250 I art     : Starting a blocking GC Explicit
08-03 23:46:11.059 10238 10250 I art     : Explicit concurrent mark sweep GC freed 16109(1383KB) AllocSpace objects, 14(4MB) LOS objects, 34% free, 29MB/45MB, paused 712us total 21.175ms
08-03 23:46:11.061 10238 10324 I NAPPA_EXPERIMENTATION: MetricNetworkRequestExecutionTime: REQUEST_DURATION_SYSTEM='523',REQUEST_DURATION_OKHTTP='32',REQUEST_SYNCHRONOUS='FALSE',RESPONSE_CODE='200',RESPONSE_METHOD='GET',RESPONSE_LENGTH_OKHTTP='36',RESPONSE_LENGTH_HEADER='36',REQUEST_PROTOCOL='http/1.1',REQUEST_URL='https://project-travel-mate.herokuapp.com/api/number-of-unread-notifications',
08-03 23:46:11.067 10238 10250 I art     : Starting a blocking GC Explicit
08-03 23:46:11.085 10238 10250 I art     : Explicit concurrent mark sweep GC freed 2760(283KB) AllocSpace objects, 2(88KB) LOS objects, 35% free, 29MB/45MB, paused 525us total 17.339ms
08-03 23:46:11.093 10238 10250 I art     : Starting a blocking GC Explicit
08-03 23:46:11.111 10238 10250 I art     : Explicit concurrent mark sweep GC freed 941(74KB) AllocSpace objects, 0(0B) LOS objects, 35% free, 29MB/45MB, paused 357us total 17.952ms
08-03 23:46:11.119 10238 10250 I art     : Starting a blocking GC Explicit
08-03 23:46:11.136 10238 10250 I art     : Explicit concurrent mark sweep GC freed 1980(79KB) AllocSpace objects, 0(0B) LOS objects, 35% free, 29MB/45MB, paused 299us total 16.852ms
08-03 23:46:11.145 10238 10250 I art     : Starting a blocking GC Explicit
08-03 23:46:11.162 10238 10250 I art     : Explicit concurrent mark sweep GC freed 8161(280KB) AllocSpace objects, 0(0B) LOS objects, 35% free, 29MB/45MB, paused 283us total 16.448ms
08-03 23:46:11.461 10238 10250 I art     : Starting a blocking GC Explicit
08-03 23:46:11.482 10238 10250 I art     : Explicit concurrent mark sweep GC freed 11483(1249KB) AllocSpace objects, 19(1820KB) LOS objects, 32% free, 32MB/48MB, paused 253us total 20.656ms
08-03 23:46:11.491 10238 10250 I art     : Starting a blocking GC Explicit
08-03 23:46:11.508 10238 10250 I art     : Explicit concurrent mark sweep GC freed 687(29KB) AllocSpace objects, 0(0B) LOS objects, 32% free, 32MB/48MB, paused 314us total 16.949ms
08-03 23:46:11.517 10238 10250 I art     : Starting a blocking GC Explicit
08-03 23:46:11.535 10238 10250 I art     : Explicit concurrent mark sweep GC freed 1640(63KB) AllocSpace objects, 0(0B) LOS objects, 32% free, 32MB/48MB, paused 480us total 17.720ms
08-03 23:46:11.544 10238 10250 I art     : Starting a blocking GC Explicit
08-03 23:46:11.562 10238 10250 I art     : Explicit concurrent mark sweep GC freed 164(4KB) AllocSpace objects, 0(0B) LOS objects, 32% free, 32MB/48MB, paused 469us total 17.620ms
08-03 23:46:11.570 10238 10250 I art     : Starting a blocking GC Explicit
08-03 23:46:11.589 10238 10250 I art     : Explicit concurrent mark sweep GC freed 207(69KB) AllocSpace objects, 2(56KB) LOS objects, 31% free, 34MB/50MB, paused 258us total 19.228ms
08-03 23:46:11.917 10238 10249 I art     : Starting a blocking GC Explicit
08-03 23:46:11.937 10238 10249 I art     : Explicit concurrent mark sweep GC freed 2514(186KB) AllocSpace objects, 5(1332KB) LOS objects, 32% free, 32MB/48MB, paused 271us total 19.675ms
08-03 23:46:11.946 10238 10249 I art     : Starting a blocking GC Explicit
08-03 23:46:11.965 10238 10249 I art     : Explicit concurrent mark sweep GC freed 114(3KB) AllocSpace objects, 0(0B) LOS objects, 32% free, 32MB/48MB, paused 298us total 17.976ms
08-03 23:46:11.967  6583  6583 I ServiceManager: Waiting for service AtCmdFwd...
08-03 23:46:11.974 10238 10249 I art     : Starting a blocking GC Explicit
08-03 23:46:11.992 10238 10249 I art     : Explicit concurrent mark sweep GC freed 33(608B) AllocSpace objects, 0(0B) LOS objects, 32% free, 32MB/48MB, paused 259us total 17.655ms
08-03 23:46:12.000 10238 10249 I art     : Starting a blocking GC Explicit
08-03 23:46:12.018 10238 10249 I art     : Explicit concurrent mark sweep GC freed 51(896B) AllocSpace objects, 0(0B) LOS objects, 32% free, 32MB/48MB, paused 237us total 16.936ms
08-03 23:46:12.026 10238 10249 I art     : Starting a blocking GC Explicit
08-03 23:46:12.044 10238 10249 I art     : Explicit concurrent mark sweep GC freed 27(496B) AllocSpace objects, 0(0B) LOS objects, 32% free, 32MB/48MB, paused 250us total 17.034ms
08-03 23:46:12.409 10238 10250 I art     : Starting a blocking GC Explicit
08-03 23:46:12.433 10238 10250 I art     : Explicit concurrent mark sweep GC freed 1993(92KB) AllocSpace objects, 2(40KB) LOS objects, 32% free, 32MB/48MB, paused 288us total 24.297ms
08-03 23:46:12.447 10238 10250 I art     : Starting a blocking GC Explicit
08-03 23:46:12.466 10238 10250 I art     : Explicit concurrent mark sweep GC freed 70(1584B) AllocSpace objects, 0(0B) LOS objects, 32% free, 32MB/48MB, paused 275us total 18.672ms
08-03 23:46:12.475 10238 10250 I art     : Starting a blocking GC Explicit
08-03 23:46:12.493 10238 10250 I art     : Explicit concurrent mark sweep GC freed 28(528B) AllocSpace objects, 0(0B) LOS objects, 32% free, 32MB/48MB, paused 248us total 18ms
08-03 23:46:12.502 10238 10250 I art     : Starting a blocking GC Explicit
08-03 23:46:12.520 10238 10250 I art     : Explicit concurrent mark sweep GC freed 51(896B) AllocSpace objects, 0(0B) LOS objects, 32% free, 32MB/48MB, paused 258us total 17.711ms
08-03 23:46:12.529 10238 10250 I art     : Starting a blocking GC Explicit
08-03 23:46:12.548 10238 10250 I art     : Explicit concurrent mark sweep GC freed 39(672B) AllocSpace objects, 0(0B) LOS objects, 32% free, 32MB/48MB, paused 339us total 18.910ms
08-03 23:46:12.905 10238 10258 I art     : Starting a blocking GC Explicit
08-03 23:46:12.929 10238 10258 I art     : Explicit concurrent mark sweep GC freed 1959(91KB) AllocSpace objects, 2(40KB) LOS objects, 32% free, 32MB/48MB, paused 285us total 24.395ms
08-03 23:46:12.943 10238 10258 I art     : Starting a blocking GC Explicit
08-03 23:46:12.961 10238 10258 I art     : Explicit concurrent mark sweep GC freed 70(1584B) AllocSpace objects, 0(0B) LOS objects, 32% free, 32MB/48MB, paused 264us total 17.819ms
08-03 23:46:12.967  6583  6583 W Atfwd_Sendcmd: AtCmdFwd service not published, waiting... retryCnt : 1
08-03 23:46:12.970 10238 10258 I art     : Starting a blocking GC Explicit
08-03 23:46:12.988 10238 10258 I art     : Explicit concurrent mark sweep GC freed 51(896B) AllocSpace objects, 0(0B) LOS objects, 32% free, 32MB/48MB, paused 264us total 17.752ms
08-03 23:46:12.997 10238 10258 I art     : Starting a blocking GC Explicit
08-03 23:46:13.015 10238 10258 I art     : Explicit concurrent mark sweep GC freed 49(832B) AllocSpace objects, 0(0B) LOS objects, 32% free, 32MB/48MB, paused 278us total 17.785ms
08-03 23:46:13.024 10238 10258 I art     : Starting a blocking GC Explicit
08-03 23:46:13.041 10238 10258 I art     : Explicit concurrent mark sweep GC freed 29(560B) AllocSpace objects, 0(0B) LOS objects, 32% free, 32MB/48MB, paused 244us total 17.029ms
08-03 23:46:13.364 10238 10249 I art     : Starting a blocking GC Explicit
08-03 23:46:13.380 10238 10249 I art     : Explicit concurrent mark sweep GC freed 1908(90KB) AllocSpace objects, 2(40KB) LOS objects, 32% free, 32MB/48MB, paused 262us total 15.565ms
08-03 23:46:13.388 10238 10249 I art     : Starting a blocking GC Explicit
08-03 23:46:13.403 10238 10249 I art     : Explicit concurrent mark sweep GC freed 62(1456B) AllocSpace objects, 0(0B) LOS objects, 32% free, 32MB/48MB, paused 235us total 14.860ms
08-03 23:46:13.411 10238 10249 I art     : Starting a blocking GC Explicit
08-03 23:46:13.426 10238 10249 I art     : Explicit concurrent mark sweep GC freed 27(496B) AllocSpace objects, 0(0B) LOS objects, 32% free, 32MB/48MB, paused 229us total 14.672ms
08-03 23:46:13.434 10238 10249 I art     : Starting a blocking GC Explicit
08-03 23:46:13.450 10238 10249 I art     : Explicit concurrent mark sweep GC freed 51(896B) AllocSpace objects, 0(0B) LOS objects, 32% free, 32MB/48MB, paused 232us total 15.334ms
08-03 23:46:13.458 10238 10249 I art     : Starting a blocking GC Explicit
08-03 23:46:13.473 10238 10249 I art     : Explicit concurrent mark sweep GC freed 27(496B) AllocSpace objects, 0(0B) LOS objects, 32% free, 32MB/48MB, paused 234us total 14.931ms
08-03 23:46:13.825 10238 10250 I art     : Starting a blocking GC Explicit
08-03 23:46:13.849 10238 10250 I art     : Explicit concurrent mark sweep GC freed 1950(91KB) AllocSpace objects, 2(40KB) LOS objects, 32% free, 32MB/48MB, paused 309us total 24.181ms
08-03 23:46:13.862 10238 10250 I art     : Starting a blocking GC Explicit
08-03 23:46:13.879 10238 10250 I art     : Explicit concurrent mark sweep GC freed 68(1552B) AllocSpace objects, 0(0B) LOS objects, 32% free, 32MB/48MB, paused 233us total 16.635ms
08-03 23:46:13.888 10238 10250 I art     : Starting a blocking GC Explicit
08-03 23:46:13.904 10238 10250 I art     : Explicit concurrent mark sweep GC freed 51(896B) AllocSpace objects, 0(0B) LOS objects, 32% free, 32MB/48MB, paused 255us total 16.205ms
08-03 23:46:13.913 10238 10250 I art     : Starting a blocking GC Explicit
08-03 23:46:13.930 10238 10250 I art     : Explicit concurrent mark sweep GC freed 26(464B) AllocSpace objects, 0(0B) LOS objects, 32% free, 32MB/48MB, paused 279us total 16.996ms
08-03 23:46:13.938 10238 10250 I art     : Starting a blocking GC Explicit
08-03 23:46:13.955 10238 10250 I art     : Explicit concurrent mark sweep GC freed 52(928B) AllocSpace objects, 0(0B) LOS objects, 32% free, 32MB/48MB, paused 251us total 16.589ms
08-03 23:46:14.293 10238 10258 I art     : Starting a blocking GC Explicit
08-03 23:46:14.317 10238 10258 I art     : Explicit concurrent mark sweep GC freed 1946(91KB) AllocSpace objects, 2(40KB) LOS objects, 32% free, 32MB/48MB, paused 398us total 23.544ms
08-03 23:46:14.329 10238 10258 I art     : Starting a blocking GC Explicit
08-03 23:46:14.347 10238 10258 I art     : Explicit concurrent mark sweep GC freed 47(1216B) AllocSpace objects, 0(0B) LOS objects, 32% free, 32MB/48MB, paused 392us total 18.251ms
08-03 23:46:14.357 10238 10258 I art     : Starting a blocking GC Explicit
08-03 23:46:14.374 10238 10258 I art     : Explicit concurrent mark sweep GC freed 51(896B) AllocSpace objects, 0(0B) LOS objects, 32% free, 32MB/48MB, paused 251us total 16.671ms
08-03 23:46:14.382 10238 10258 I art     : Starting a blocking GC Explicit
08-03 23:46:14.400 10238 10258 I art     : Explicit concurrent mark sweep GC freed 49(832B) AllocSpace objects, 0(0B) LOS objects, 32% free, 32MB/48MB, paused 281us total 17.631ms
08-03 23:46:14.409 10238 10258 I art     : Starting a blocking GC Explicit
08-03 23:46:14.426 10238 10258 I art     : Explicit concurrent mark sweep GC freed 29(560B) AllocSpace objects, 0(0B) LOS objects, 32% free, 32MB/48MB, paused 260us total 16.909ms
08-03 23:46:14.741 10238 10249 I art     : Starting a blocking GC Explicit
08-03 23:46:14.760 10238 10249 I art     : Explicit concurrent mark sweep GC freed 1899(90KB) AllocSpace objects, 2(40KB) LOS objects, 32% free, 32MB/48MB, paused 261us total 18.275ms
08-03 23:46:14.769 10238 10249 I art     : Starting a blocking GC Explicit
08-03 23:46:14.787 10238 10249 I art     : Explicit concurrent mark sweep GC freed 70(1584B) AllocSpace objects, 0(0B) LOS objects, 32% free, 32MB/48MB, paused 266us total 17.901ms
08-03 23:46:14.797 10238 10249 I art     : Starting a blocking GC Explicit
08-03 23:46:14.814 10238 10249 I art     : Explicit concurrent mark sweep GC freed 33(576B) AllocSpace objects, 0(0B) LOS objects, 32% free, 32MB/48MB, paused 307us total 17.516ms
08-03 23:46:14.823 10238 10249 I art     : Starting a blocking GC Explicit
08-03 23:46:14.841 10238 10249 I art     : Explicit concurrent mark sweep GC freed 45(816B) AllocSpace objects, 0(0B) LOS objects, 32% free, 32MB/48MB, paused 258us total 17.102ms
08-03 23:46:14.850 10238 10249 I art     : Starting a blocking GC Explicit
08-03 23:46:14.867 10238 10249 I art     : Explicit concurrent mark sweep GC freed 51(896B) AllocSpace objects, 0(0B) LOS objects, 32% free, 32MB/48MB, paused 310us total 17.197ms
08-03 23:46:15.200 10238 10250 I art     : Starting a blocking GC Explicit
08-03 23:46:15.220 10238 10250 I art     : Explicit concurrent mark sweep GC freed 1923(91KB) AllocSpace objects, 2(40KB) LOS objects, 32% free, 32MB/48MB, paused 250us total 19.414ms
08-03 23:46:15.234 10238 10250 I art     : Starting a blocking GC Explicit
08-03 23:46:15.251 10238 10250 I art     : Explicit concurrent mark sweep GC freed 69(1552B) AllocSpace objects, 0(0B) LOS objects, 32% free, 32MB/48MB, paused 253us total 17.313ms
08-03 23:46:15.260 10238 10250 I art     : Starting a blocking GC Explicit
08-03 23:46:15.277 10238 10250 I art     : Explicit concurrent mark sweep GC freed 28(528B) AllocSpace objects, 0(0B) LOS objects, 32% free, 32MB/48MB, paused 367us total 16.652ms
08-03 23:46:15.285 10238 10250 I art     : Starting a blocking GC Explicit
08-03 23:46:15.302 10238 10250 I art     : Explicit concurrent mark sweep GC freed 47(816B) AllocSpace objects, 0(0B) LOS objects, 32% free, 32MB/48MB, paused 392us total 16.587ms
08-03 23:46:15.311 10238 10250 I art     : Starting a blocking GC Explicit
08-03 23:46:15.328 10238 10250 I art     : Explicit concurrent mark sweep GC freed 31(576B) AllocSpace objects, 0(0B) LOS objects, 32% free, 32MB/48MB, paused 526us total 16.858ms
08-03 23:46:15.670 10238 10258 I art     : Starting a blocking GC Explicit
08-03 23:46:15.694 10238 10258 I art     : Explicit concurrent mark sweep GC freed 1948(91KB) AllocSpace objects, 2(40KB) LOS objects, 32% free, 32MB/48MB, paused 295us total 24.249ms
08-03 23:46:15.705 10238 10258 I art     : Starting a blocking GC Explicit
08-03 23:46:15.723 10238 10258 I art     : Explicit concurrent mark sweep GC freed 70(1584B) AllocSpace objects, 0(0B) LOS objects, 32% free, 32MB/48MB, paused 261us total 17.995ms
08-03 23:46:15.733 10238 10258 I art     : Starting a blocking GC Explicit
08-03 23:46:15.752 10238 10258 I art     : Explicit concurrent mark sweep GC freed 49(832B) AllocSpace objects, 0(0B) LOS objects, 32% free, 32MB/48MB, paused 268us total 19.302ms
08-03 23:46:15.761 10238 10258 I art     : Starting a blocking GC Explicit
08-03 23:46:15.778 10238 10258 I art     : Explicit concurrent mark sweep GC freed 29(560B) AllocSpace objects, 0(0B) LOS objects, 32% free, 32MB/48MB, paused 256us total 16.697ms
08-03 23:46:15.787 10238 10258 I art     : Starting a blocking GC Explicit
08-03 23:46:15.804 10238 10258 I art     : Explicit concurrent mark sweep GC freed 51(896B) AllocSpace objects, 0(0B) LOS objects, 32% free, 32MB/48MB, paused 250us total 17.058ms
08-03 23:46:16.157 10238 10249 I art     : Starting a blocking GC Explicit
08-03 23:46:16.179 10238 10249 I art     : Explicit concurrent mark sweep GC freed 1948(91KB) AllocSpace objects, 2(40KB) LOS objects, 32% free, 32MB/48MB, paused 265us total 22.375ms
08-03 23:46:16.189 10238 10249 I art     : Starting a blocking GC Explicit
08-03 23:46:16.207 10238 10249 I art     : Explicit concurrent mark sweep GC freed 70(1584B) AllocSpace objects, 0(0B) LOS objects, 32% free, 32MB/48MB, paused 287us total 18.213ms
08-03 23:46:16.217 10238 10249 I art     : Starting a blocking GC Explicit
08-03 23:46:16.235 10238 10249 I art     : Explicit concurrent mark sweep GC freed 34(592B) AllocSpace objects, 0(0B) LOS objects, 32% free, 32MB/48MB, paused 285us total 17.830ms
08-03 23:46:16.243 10238 10249 I art     : Starting a blocking GC Explicit
08-03 23:46:16.261 10238 10249 I art     : Explicit concurrent mark sweep GC freed 44(800B) AllocSpace objects, 0(0B) LOS objects, 32% free, 32MB/48MB, paused 260us total 17.331ms
08-03 23:46:16.270 10238 10249 I art     : Starting a blocking GC Explicit
08-03 23:46:16.288 10238 10249 I art     : Explicit concurrent mark sweep GC freed 51(896B) AllocSpace objects, 0(0B) LOS objects, 32% free, 32MB/48MB, paused 258us total 17.635ms
08-03 23:46:16.630 10238 10250 I art     : Starting a blocking GC Explicit
08-03 23:46:16.654 10238 10250 I art     : Explicit concurrent mark sweep GC freed 1945(91KB) AllocSpace objects, 2(40KB) LOS objects, 32% free, 32MB/48MB, paused 304us total 23.717ms
08-03 23:46:16.667 10238 10250 I art     : Starting a blocking GC Explicit
08-03 23:46:16.684 10238 10250 I art     : Explicit concurrent mark sweep GC freed 55(1328B) AllocSpace objects, 0(0B) LOS objects, 32% free, 32MB/48MB, paused 270us total 16.909ms
08-03 23:46:16.693 10238 10250 I art     : Starting a blocking GC Explicit
08-03 23:46:16.709 10238 10250 I art     : Explicit concurrent mark sweep GC freed 46(832B) AllocSpace objects, 0(0B) LOS objects, 32% free, 32MB/48MB, paused 247us total 16.664ms
08-03 23:46:16.718 10238 10250 I art     : Starting a blocking GC Explicit
08-03 23:46:16.735 10238 10250 I art     : Explicit concurrent mark sweep GC freed 49(832B) AllocSpace objects, 0(0B) LOS objects, 32% free, 32MB/48MB, paused 262us total 16.961ms
08-03 23:46:16.744 10238 10250 I art     : Starting a blocking GC Explicit
08-03 23:46:16.761 10238 10250 I art     : Explicit concurrent mark sweep GC freed 29(560B) AllocSpace objects, 0(0B) LOS objects, 32% free, 32MB/48MB, paused 231us total 16.965ms
08-03 23:46:17.032 10238 10258 I art     : Starting a blocking GC Explicit
08-03 23:46:17.051 10238 10258 I art     : Explicit concurrent mark sweep GC freed 1829(89KB) AllocSpace objects, 2(40KB) LOS objects, 32% free, 32MB/48MB, paused 313us total 18.488ms
08-03 23:46:17.060 10238 10258 I art     : Starting a blocking GC Explicit
08-03 23:46:17.078 10238 10258 I art     : Explicit concurrent mark sweep GC freed 69(1568B) AllocSpace objects, 0(0B) LOS objects, 32% free, 32MB/48MB, paused 262us total 17.552ms
08-03 23:46:17.087 10238 10258 I art     : Starting a blocking GC Explicit
08-03 23:46:17.104 10238 10258 I art     : Explicit concurrent mark sweep GC freed 51(896B) AllocSpace objects, 0(0B) LOS objects, 32% free, 32MB/48MB, paused 261us total 16.781ms
08-03 23:46:17.113 10238 10258 I art     : Starting a blocking GC Explicit
08-03 23:46:17.116 10484 10484 D AndroidRuntime: >>>>>> START com.android.internal.os.RuntimeInit uid 2000 <<<<<<
08-03 23:46:17.119 10484 10484 D AndroidRuntime: CheckJNI is OFF
08-03 23:46:17.131 10238 10258 I art     : Explicit concurrent mark sweep GC freed 27(496B) AllocSpace objects, 0(0B) LOS objects, 32% free, 32MB/48MB, paused 262us total 16.926ms
08-03 23:46:17.139 10238 10258 I art     : Starting a blocking GC Explicit
08-03 23:46:17.147 10484 10484 D ICU     : No timezone override file found: /data/misc/zoneinfo/current/icu/icu_tzdata.dat
08-03 23:46:17.155 10238 10258 I art     : Explicit concurrent mark sweep GC freed 51(896B) AllocSpace objects, 0(0B) LOS objects, 32% free, 32MB/48MB, paused 291us total 16.299ms
08-03 23:46:17.172 10484 10484 I Radio-JNI: register_android_hardware_Radio DONE
08-03 23:46:17.188 10484 10484 D AndroidRuntime: Calling main entry com.android.commands.input.Input
08-03 23:46:17.189 10484 10484 I Input   : injectMotionEvent: MotionEvent { action=ACTION_DOWN, actionButton=0, id[0]=0, x[0]=346.0, y[0]=709.0, toolType[0]=TOOL_TYPE_UNKNOWN, buttonState=0, metaState=0, flags=0x0, edgeFlags=0x0, pointerCount=1, historySize=0, eventTime=661593602, downTime=661593602, deviceId=0, source=0x1002 }
08-03 23:46:17.195 10484 10484 I Input   : injectMotionEvent: MotionEvent { action=ACTION_UP, actionButton=0, id[0]=0, x[0]=346.0, y[0]=709.0, toolType[0]=TOOL_TYPE_UNKNOWN, buttonState=0, metaState=0, flags=0x0, edgeFlags=0x0, pointerCount=1, historySize=0, eventTime=661593602, downTime=661593602, deviceId=0, source=0x1002 }
08-03 23:46:17.210   918  3714 I ActivityManager: START u0 {cmp=baseline.io.github.project_travel_mate/.destinations.description.FinalCityInfoActivity (has extras)} from uid 10650 on display 0
08-03 23:46:17.215 10484 10484 D AndroidRuntime: Shutting down VM
08-03 23:46:17.233 10238 10307 D Gabe    : call	returning from cache
08-03 23:46:17.252 10238 10238 V EXECUTING: https://project-travel-mate.herokuapp.com/api/get-city-weather/1
08-03 23:46:17.383 13866 13866 I GoogleInputMethodServic: GoogleInputMethodService.onFinishInput():3138 
08-03 23:46:17.383   918   936 I ActivityManager: Displayed baseline.io.github.project_travel_mate/.destinations.description.FinalCityInfoActivity: +168ms
08-03 23:46:17.383 13866 13866 I GoogleInputMethodServic: GoogleInputMethodService.onStartInput():1808 
08-03 23:46:17.413 10238 10249 I art     : Starting a blocking GC Explicit
08-03 23:46:17.438 10238 10249 I art     : Explicit concurrent mark sweep GC freed 9258(588KB) AllocSpace objects, 2(40KB) LOS objects, 29% free, 37MB/53MB, paused 712us total 24.184ms
08-03 23:46:17.447 10238 10249 I art     : Starting a blocking GC Explicit
08-03 23:46:17.467 10238 10249 I art     : Explicit concurrent mark sweep GC freed 655(30KB) AllocSpace objects, 0(0B) LOS objects, 29% free, 37MB/53MB, paused 426us total 20.137ms
08-03 23:46:17.477 10238 10249 I art     : Starting a blocking GC Explicit
08-03 23:46:17.494 10238 10249 I art     : Explicit concurrent mark sweep GC freed 86(1520B) AllocSpace objects, 0(0B) LOS objects, 29% free, 37MB/53MB, paused 312us total 17.350ms
08-03 23:46:17.503 10238 10249 I art     : Starting a blocking GC Explicit
08-03 23:46:17.521 10238 10249 I art     : Explicit concurrent mark sweep GC freed 99(1696B) AllocSpace objects, 0(0B) LOS objects, 29% free, 37MB/53MB, paused 317us total 17.642ms
08-03 23:46:17.530 10238 10249 I art     : Starting a blocking GC Explicit
08-03 23:46:17.548 10238 10249 I art     : Explicit concurrent mark sweep GC freed 52(960B) AllocSpace objects, 0(0B) LOS objects, 29% free, 37MB/53MB, paused 309us total 17.761ms
08-03 23:46:17.617   380   380 W SurfaceFlinger: couldn't log to binary event log: overflow.
08-03 23:46:17.803 10238 10508 I NAPPA_EXPERIMENTATION: MetricNetworkRequestExecutionTime: REQUEST_DURATION_SYSTEM='550',REQUEST_DURATION_OKHTTP='45',REQUEST_SYNCHRONOUS='FALSE',RESPONSE_CODE='200',RESPONSE_METHOD='GET',RESPONSE_LENGTH_OKHTTP='238',RESPONSE_LENGTH_HEADER='238',REQUEST_PROTOCOL='http/1.1',REQUEST_URL='https://project-travel-mate.herokuapp.com/api/get-city-weather/1',
08-03 23:46:17.808 10238 10509 I NAPPA_EXPERIMENTATION: MetricNetworkRequestExecutionTime: REQUEST_DURATION_SYSTEM='555',REQUEST_DURATION_OKHTTP='50',REQUEST_SYNCHRONOUS='FALSE',RESPONSE_CODE='200',RESPONSE_METHOD='GET',RESPONSE_LENGTH_OKHTTP='530',RESPONSE_LENGTH_HEADER='530',REQUEST_PROTOCOL='http/1.1',REQUEST_URL='https://project-travel-mate.herokuapp.com/api/get-city/1',
08-03 23:46:17.841 10238 10250 I art     : Starting a blocking GC Explicit
08-03 23:46:17.848 10238 10509 V Response: {"id":1,"city_name":"Delhi","description":"Delhi, officially the National Capital Territory of Delhi, is the Capital territory of India. During the British Raj, Delhi was part of the province of Punjab and is still historically and culturally connected to the Punjab region.","latitude":"28.613900","longitude":"77.209000","facts_count":6,"images":["https://upload.wikimedia.org/wikipedia/commons/9/94/%E0%B4%96%E0%B5%81%E0%B4%A4%E0%B5%8D%E0%B4%AC%E0%B5%8D_%E0%B4%AE%E0%B4%BF%E0%B4%A8%E0%B4%BE%E0%B5%BC1.jpg"],"has_visited":false}
08-03 23:46:17.862 10238 10250 I art     : Explicit concurrent mark sweep GC freed 7301(351KB) AllocSpace objects, 5(240KB) LOS objects, 29% free, 37MB/53MB, paused 488us total 20.562ms
08-03 23:46:17.872 10238 10250 I art     : Starting a blocking GC Explicit
08-03 23:46:17.890 10238 10250 I art     : Explicit concurrent mark sweep GC freed 1094(122KB) AllocSpace objects, 0(0B) LOS objects, 29% free, 37MB/53MB, paused 268us total 18.377ms
08-03 23:46:17.899 10238 10250 I art     : Starting a blocking GC Explicit
08-03 23:46:17.918 10238 10250 I art     : Explicit concurrent mark sweep GC freed 108(1824B) AllocSpace objects, 0(0B) LOS objects, 29% free, 37MB/53MB, paused 405us total 19.341ms
08-03 23:46:17.928 10238 10250 I art     : Starting a blocking GC Explicit
08-03 23:46:17.948 10238 10250 I art     : Explicit concurrent mark sweep GC freed 21(384B) AllocSpace objects, 0(0B) LOS objects, 29% free, 37MB/53MB, paused 389us total 19.210ms
08-03 23:46:17.956 10238 10250 I art     : Starting a blocking GC Explicit
08-03 23:46:17.968  6583  6583 I ServiceManager: Waiting for service AtCmdFwd...
08-03 23:46:17.975 10238 10250 I art     : Explicit concurrent mark sweep GC freed 1193(109KB) AllocSpace objects, 3(76KB) LOS objects, 28% free, 39MB/55MB, paused 473us total 18.285ms
08-03 23:46:18.269 10238 10250 I art     : Starting a blocking GC Explicit
08-03 23:46:18.289 10238 10250 I art     : Explicit concurrent mark sweep GC freed 3720(250KB) AllocSpace objects, 9(5MB) LOS objects, 29% free, 38MB/54MB, paused 319us total 19.339ms
08-03 23:46:18.298 10238 10250 I art     : Starting a blocking GC Explicit
08-03 23:46:18.315 10238 10250 I art     : Explicit concurrent mark sweep GC freed 172(4KB) AllocSpace objects, 0(0B) LOS objects, 29% free, 38MB/54MB, paused 291us total 17.081ms
08-03 23:46:18.324 10238 10250 I art     : Starting a blocking GC Explicit
08-03 23:46:18.342 10238 10250 I art     : Explicit concurrent mark sweep GC freed 99(1696B) AllocSpace objects, 0(0B) LOS objects, 29% free, 38MB/54MB, paused 277us total 17.437ms
08-03 23:46:18.351 10238 10250 I art     : Starting a blocking GC Explicit
08-03 23:46:18.368 10238 10250 I art     : Explicit concurrent mark sweep GC freed 70(1184B) AllocSpace objects, 0(0B) LOS objects, 29% free, 38MB/54MB, paused 327us total 17.614ms
08-03 23:46:18.377 10238 10250 I art     : Starting a blocking GC Explicit
08-03 23:46:18.394 10238 10250 I art     : Explicit concurrent mark sweep GC freed 80(1408B) AllocSpace objects, 0(0B) LOS objects, 29% free, 38MB/54MB, paused 275us total 17.218ms
08-03 23:46:18.707 10238 10249 I art     : Starting a blocking GC Explicit
08-03 23:46:18.728 10238 10249 I art     : Explicit concurrent mark sweep GC freed 2450(101KB) AllocSpace objects, 2(40KB) LOS objects, 29% free, 38MB/54MB, paused 295us total 21.115ms
08-03 23:46:18.738 10238 10249 I art     : Starting a blocking GC Explicit
08-03 23:46:18.758 10238 10249 I art     : Explicit concurrent mark sweep GC freed 128(2928B) AllocSpace objects, 0(0B) LOS objects, 29% free, 38MB/54MB, paused 295us total 20.555ms
08-03 23:46:18.768 10238 10249 I art     : Starting a blocking GC Explicit
08-03 23:46:18.788 10238 10249 I art     : Explicit concurrent mark sweep GC freed 98(1664B) AllocSpace objects, 0(0B) LOS objects, 29% free, 38MB/54MB, paused 311us total 19.853ms
08-03 23:46:18.798 10238 10249 I art     : Starting a blocking GC Explicit
08-03 23:46:18.818 10238 10249 I art     : Explicit concurrent mark sweep GC freed 52(928B) AllocSpace objects, 0(0B) LOS objects, 29% free, 38MB/54MB, paused 278us total 20.213ms
08-03 23:46:18.827 10238 10249 I art     : Starting a blocking GC Explicit
08-03 23:46:18.847 10238 10249 I art     : Explicit concurrent mark sweep GC freed 99(1696B) AllocSpace objects, 0(0B) LOS objects, 29% free, 38MB/54MB, paused 293us total 19.900ms
08-03 23:46:18.969  6583  6583 I ServiceManager: Waiting for service AtCmdFwd...
08-03 23:46:19.182 10238 10258 I art     : Starting a blocking GC Explicit
08-03 23:46:19.205 10238 10258 I art     : Explicit concurrent mark sweep GC freed 2480(100KB) AllocSpace objects, 2(40KB) LOS objects, 29% free, 38MB/54MB, paused 298us total 23.170ms
08-03 23:46:19.216 10238 10258 I art     : Starting a blocking GC Explicit
08-03 23:46:19.236 10238 10258 I art     : Explicit concurrent mark sweep GC freed 70(1584B) AllocSpace objects, 0(0B) LOS objects, 29% free, 38MB/54MB, paused 378us total 19.517ms
08-03 23:46:19.245 10238 10258 I art     : Starting a blocking GC Explicit
08-03 23:46:19.264 10238 10258 I art     : Explicit concurrent mark sweep GC freed 99(1696B) AllocSpace objects, 0(0B) LOS objects, 29% free, 38MB/54MB, paused 281us total 19.255ms
08-03 23:46:19.273 10238 10258 I art     : Starting a blocking GC Explicit
08-03 23:46:19.293 10238 10258 I art     : Explicit concurrent mark sweep GC freed 99(1696B) AllocSpace objects, 0(0B) LOS objects, 29% free, 38MB/54MB, paused 280us total 19.356ms
08-03 23:46:19.302 10238 10258 I art     : Starting a blocking GC Explicit
08-03 23:46:19.322 10238 10258 I art     : Explicit concurrent mark sweep GC freed 98(1664B) AllocSpace objects, 0(0B) LOS objects, 29% free, 38MB/54MB, paused 298us total 20.073ms
08-03 23:46:19.670 10238 10250 I art     : Starting a blocking GC Explicit
08-03 23:46:19.693 10238 10250 I art     : Explicit concurrent mark sweep GC freed 2480(100KB) AllocSpace objects, 2(40KB) LOS objects, 29% free, 38MB/54MB, paused 331us total 23.062ms
08-03 23:46:19.702 10238 10250 I art     : Starting a blocking GC Explicit
08-03 23:46:19.722 10238 10250 I art     : Explicit concurrent mark sweep GC freed 118(2384B) AllocSpace objects, 0(0B) LOS objects, 29% free, 38MB/54MB, paused 298us total 19.846ms
08-03 23:46:19.731 10238 10250 I art     : Starting a blocking GC Explicit
08-03 23:46:19.750 10238 10250 I art     : Explicit concurrent mark sweep GC freed 52(928B) AllocSpace objects, 0(0B) LOS objects, 29% free, 38MB/54MB, paused 277us total 19.177ms
08-03 23:46:19.759 10238 10250 I art     : Starting a blocking GC Explicit
08-03 23:46:19.779 10238 10250 I art     : Explicit concurrent mark sweep GC freed 99(1696B) AllocSpace objects, 0(0B) LOS objects, 29% free, 38MB/54MB, paused 267us total 19.153ms
08-03 23:46:19.788 10238 10250 I art     : Starting a blocking GC Explicit
08-03 23:46:19.808 10238 10250 I art     : Explicit concurrent mark sweep GC freed 99(1696B) AllocSpace objects, 0(0B) LOS objects, 29% free, 38MB/54MB, paused 303us total 20.060ms
08-03 23:46:19.969  6583  6583 I ServiceManager: Waiting for service AtCmdFwd...
08-03 23:46:20.155 10238 10249 I art     : Starting a blocking GC Explicit
08-03 23:46:20.178 10238 10249 I art     : Explicit concurrent mark sweep GC freed 2479(100KB) AllocSpace objects, 2(40KB) LOS objects, 29% free, 38MB/54MB, paused 295us total 22.353ms
08-03 23:46:20.190 10238 10249 I art     : Starting a blocking GC Explicit
08-03 23:46:20.210 10238 10249 I art     : Explicit concurrent mark sweep GC freed 118(2384B) AllocSpace objects, 0(0B) LOS objects, 29% free, 38MB/54MB, paused 286us total 19.645ms
08-03 23:46:20.219 10238 10249 I art     : Starting a blocking GC Explicit
08-03 23:46:20.239 10238 10249 I art     : Explicit concurrent mark sweep GC freed 99(1696B) AllocSpace objects, 0(0B) LOS objects, 29% free, 38MB/54MB, paused 286us total 19.660ms
08-03 23:46:20.239 10238 10248 I art     : WaitForGcToComplete blocked for 18.016ms for cause HeapTrim
08-03 23:46:20.248 10238 10249 I art     : Starting a blocking GC Explicit
08-03 23:46:20.267 10238 10249 I art     : Explicit concurrent mark sweep GC freed 51(896B) AllocSpace objects, 0(0B) LOS objects, 29% free, 38MB/54MB, paused 267us total 19.609ms
08-03 23:46:20.276 10238 10249 I art     : Starting a blocking GC Explicit
08-03 23:46:20.297 10238 10249 I art     : Explicit concurrent mark sweep GC freed 99(1696B) AllocSpace objects, 0(0B) LOS objects, 29% free, 38MB/54MB, paused 325us total 19.915ms
08-03 23:46:20.655 10238 10258 I art     : Starting a blocking GC Explicit
08-03 23:46:20.678 10238 10258 I art     : Explicit concurrent mark sweep GC freed 2529(100KB) AllocSpace objects, 2(40KB) LOS objects, 29% free, 38MB/54MB, paused 297us total 22.897ms
08-03 23:46:20.691 10238 10258 I art     : Starting a blocking GC Explicit
08-03 23:46:20.712 10238 10258 I art     : Explicit concurrent mark sweep GC freed 118(2384B) AllocSpace objects, 0(0B) LOS objects, 29% free, 38MB/54MB, paused 281us total 20.302ms
08-03 23:46:20.721 10238 10258 I art     : Starting a blocking GC Explicit
08-03 23:46:20.741 10238 10258 I art     : Explicit concurrent mark sweep GC freed 99(1696B) AllocSpace objects, 0(0B) LOS objects, 29% free, 38MB/54MB, paused 334us total 19.545ms
08-03 23:46:20.750 10238 10258 I art     : Starting a blocking GC Explicit
08-03 23:46:20.769 10238 10258 I art     : Explicit concurrent mark sweep GC freed 51(896B) AllocSpace objects, 0(0B) LOS objects, 29% free, 38MB/54MB, paused 304us total 19.319ms
08-03 23:46:20.778 10238 10258 I art     : Starting a blocking GC Explicit
08-03 23:46:20.798 10238 10258 I art     : Explicit concurrent mark sweep GC freed 99(1696B) AllocSpace objects, 0(0B) LOS objects, 29% free, 38MB/54MB, paused 339us total 19.777ms
08-03 23:46:20.970  6583  6583 I ServiceManager: Waiting for service AtCmdFwd...
08-03 23:46:21.154 10238 10250 I art     : Starting a blocking GC Explicit
08-03 23:46:21.176 10238 10250 I art     : Explicit concurrent mark sweep GC freed 2528(100KB) AllocSpace objects, 2(40KB) LOS objects, 29% free, 38MB/54MB, paused 321us total 21.065ms
08-03 23:46:21.185 10238 10250 I art     : Starting a blocking GC Explicit
08-03 23:46:21.204 10238 10250 I art     : Explicit concurrent mark sweep GC freed 73(1632B) AllocSpace objects, 0(0B) LOS objects, 29% free, 38MB/54MB, paused 369us total 19.254ms
08-03 23:46:21.213 10238 10250 I art     : Starting a blocking GC Explicit
08-03 23:46:21.233 10238 10250 I art     : Explicit concurrent mark sweep GC freed 96(1648B) AllocSpace objects, 0(0B) LOS objects, 29% free, 38MB/54MB, paused 287us total 19.138ms
08-03 23:46:21.242 10238 10250 I art     : Starting a blocking GC Explicit
08-03 23:46:21.262 10238 10250 I art     : Explicit concurrent mark sweep GC freed 99(1696B) AllocSpace objects, 0(0B) LOS objects, 29% free, 38MB/54MB, paused 319us total 19.800ms
08-03 23:46:21.271 10238 10250 I art     : Starting a blocking GC Explicit
08-03 23:46:21.291 10238 10250 I art     : Explicit concurrent mark sweep GC freed 98(1664B) AllocSpace objects, 0(0B) LOS objects, 29% free, 38MB/54MB, paused 293us total 20.086ms
08-03 23:46:21.588 10238 10258 I art     : Starting a blocking GC Explicit
08-03 23:46:21.609 10238 10258 I art     : Explicit concurrent mark sweep GC freed 2359(98KB) AllocSpace objects, 2(40KB) LOS objects, 29% free, 38MB/54MB, paused 298us total 20.566ms
08-03 23:46:21.619 10238 10258 I art     : Starting a blocking GC Explicit
08-03 23:46:21.638 10238 10258 I art     : Explicit concurrent mark sweep GC freed 94(2352B) AllocSpace objects, 0(0B) LOS objects, 29% free, 38MB/54MB, paused 357us total 19.645ms
08-03 23:46:21.648 10238 10258 I art     : Starting a blocking GC Explicit
08-03 23:46:21.666 10238 10258 I art     : Explicit concurrent mark sweep GC freed 85(1472B) AllocSpace objects, 0(0B) LOS objects, 29% free, 38MB/54MB, paused 274us total 17.550ms
08-03 23:46:21.674 10238 10258 I art     : Starting a blocking GC Explicit
08-03 23:46:21.693 10238 10258 I art     : Explicit concurrent mark sweep GC freed 99(1696B) AllocSpace objects, 0(0B) LOS objects, 29% free, 38MB/54MB, paused 270us total 18.877ms
08-03 23:46:21.702 10238 10258 I art     : Starting a blocking GC Explicit
08-03 23:46:21.722 10238 10258 I art     : Explicit concurrent mark sweep GC freed 51(896B) AllocSpace objects, 0(0B) LOS objects, 29% free, 38MB/54MB, paused 415us total 19.735ms
08-03 23:46:21.791 10607 10607 D AndroidRuntime: >>>>>> START com.android.internal.os.RuntimeInit uid 2000 <<<<<<
08-03 23:46:21.796 10607 10607 D AndroidRuntime: CheckJNI is OFF
08-03 23:46:21.824 10607 10607 D ICU     : No timezone override file found: /data/misc/zoneinfo/current/icu/icu_tzdata.dat
08-03 23:46:21.851 10607 10607 I Radio-JNI: register_android_hardware_Radio DONE
08-03 23:46:21.867 10607 10607 D AndroidRuntime: Calling main entry com.android.commands.input.Input
08-03 23:46:21.869 10607 10607 I Input   : injectMotionEvent: MotionEvent { action=ACTION_DOWN, actionButton=0, id[0]=0, x[0]=693.0, y[0]=1450.0, toolType[0]=TOOL_TYPE_UNKNOWN, buttonState=0, metaState=0, flags=0x0, edgeFlags=0x0, pointerCount=1, historySize=0, eventTime=661598281, downTime=661598281, deviceId=0, source=0x1002 }
08-03 23:46:21.875 10607 10607 I Input   : injectMotionEvent: MotionEvent { action=ACTION_UP, actionButton=0, id[0]=0, x[0]=693.0, y[0]=1450.0, toolType[0]=TOOL_TYPE_UNKNOWN, buttonState=0, metaState=0, flags=0x0, edgeFlags=0x0, pointerCount=1, historySize=0, eventTime=661598281, downTime=661598281, deviceId=0, source=0x1002 }
08-03 23:46:21.876 10607 10607 D AndroidRuntime: Shutting down VM
08-03 23:46:21.878   918  3696 I ActivityManager: START u0 {cmp=baseline.io.github.project_travel_mate/.destinations.description.CityHistoryActivity} from uid 10650 on display 0
08-03 23:46:21.879   512  2967 D audio_hw_primary: out_set_parameters: enter: usecase(1: low-latency-playback) kvpairs: routing=2
08-03 23:46:21.891   512  2967 D audio_hw_primary: select_devices: out_snd_device(2: speaker) in_snd_device(0: none)
08-03 23:46:21.891   512  2967 D msm8974_platform: platform_send_audio_calibration: sending audio calibration for snd_device(2) acdb_id(15)
08-03 23:46:21.892   512  2967 I soundtrigger: audio_extn_sound_trigger_update_device_status: device 0x2 of type 0 for Event 1
08-03 23:46:21.901 10238 10307 D Gabe    : call	returning from cache
08-03 23:46:21.901   512  2967 D audio_hw_primary: enable_snd_device: snd_device(2: speaker)
08-03 23:46:21.902 10238 10238 V EXECUTING: https://project-travel-mate.herokuapp.com/api/get-city-information/1
08-03 23:46:21.903   512  2967 D audio_hw_primary: enable_audio_route: apply and update mixer path: low-latency-playback speaker
08-03 23:46:21.970  6583  6583 I ServiceManager: Waiting for service AtCmdFwd...
08-03 23:46:22.007 10238 10250 I art     : Starting a blocking GC Explicit
08-03 23:46:22.020   918   936 I ActivityManager: Displayed baseline.io.github.project_travel_mate/.destinations.description.CityHistoryActivity: +135ms
08-03 23:46:22.021 13866 13866 I GoogleInputMethodServic: GoogleInputMethodService.onFinishInput():3138 
08-03 23:46:22.022 13866 13866 I GoogleInputMethodServic: GoogleInputMethodService.onStartInput():1808 
08-03 23:46:22.027 10238 10250 I art     : Explicit concurrent mark sweep GC freed 3254(226KB) AllocSpace objects, 2(40KB) LOS objects, 27% free, 42MB/58MB, paused 599us total 20.127ms
08-03 23:46:22.037 10238 10250 I art     : Starting a blocking GC Explicit
08-03 23:46:22.062 10238 10250 I art     : Explicit concurrent mark sweep GC freed 261(12KB) AllocSpace objects, 0(0B) LOS objects, 27% free, 42MB/58MB, paused 620us total 24.251ms
08-03 23:46:22.074 10238 10250 I art     : Starting a blocking GC Explicit
08-03 23:46:22.095 10238 10250 I art     : Explicit concurrent mark sweep GC freed 115(1968B) AllocSpace objects, 0(0B) LOS objects, 27% free, 42MB/58MB, paused 429us total 21.284ms
08-03 23:46:22.106 10238 10250 I art     : Starting a blocking GC Explicit
08-03 23:46:22.126 10238 10250 I art     : Explicit concurrent mark sweep GC freed 190(3KB) AllocSpace objects, 0(0B) LOS objects, 27% free, 42MB/58MB, paused 337us total 19.437ms
08-03 23:46:22.135 10238 10250 I art     : Starting a blocking GC Explicit
08-03 23:46:22.154 10238 10250 I art     : Explicit concurrent mark sweep GC freed 75(1296B) AllocSpace objects, 0(0B) LOS objects, 27% free, 42MB/58MB, paused 306us total 18.914ms
08-03 23:46:22.275   380   380 W SurfaceFlinger: couldn't log to binary event log: overflow.
08-03 23:46:22.428   918  3188 I hubconnection: sensorhub said: 'set_bias 3: -6.2400, 0.0000, 0.0000'
08-03 23:46:22.438   512  2967 D audio_hw_primary: disable_audio_route: reset and update mixer path: low-latency-playback speaker
08-03 23:46:22.439   512  2967 D audio_hw_primary: disable_snd_device: snd_device(2: speaker)
08-03 23:46:22.439 10238 10249 I art     : Starting a blocking GC Explicit
08-03 23:46:22.448   512  2967 I soundtrigger: audio_extn_sound_trigger_update_device_status: device 0x2 of type 0 for Event 0
08-03 23:46:22.461 10238 10249 I art     : Explicit concurrent mark sweep GC freed 2643(102KB) AllocSpace objects, 2(40KB) LOS objects, 27% free, 42MB/58MB, paused 451us total 21.557ms
08-03 23:46:22.470 10238 10249 I art     : Starting a blocking GC Explicit
08-03 23:46:22.493 10238 10249 I art     : Explicit concurrent mark sweep GC freed 163(3KB) AllocSpace objects, 0(0B) LOS objects, 27% free, 42MB/58MB, paused 603us total 22.404ms
08-03 23:46:22.502 10238 10249 I art     : Starting a blocking GC Explicit
08-03 23:46:22.523 10238 10249 I art     : Explicit concurrent mark sweep GC freed 33(1088B) AllocSpace objects, 0(0B) LOS objects, 27% free, 42MB/58MB, paused 398us total 20.879ms
08-03 23:46:22.532 10238 10249 I art     : Starting a blocking GC Explicit
08-03 23:46:22.553 10238 10249 I art     : Explicit concurrent mark sweep GC freed 2520(127KB) AllocSpace objects, 2(120KB) LOS objects, 27% free, 43MB/59MB, paused 651us total 20.355ms
08-03 23:46:22.564 10238 10249 I art     : Starting a blocking GC Explicit
08-03 23:46:22.586 10238 10249 I art     : Explicit concurrent mark sweep GC freed 1133(122KB) AllocSpace objects, 1(80KB) LOS objects, 27% free, 42MB/58MB, paused 482us total 21.561ms
08-03 23:46:22.589 10238 10635 I NAPPA_EXPERIMENTATION: MetricNetworkRequestExecutionTime: REQUEST_DURATION_SYSTEM='686',REQUEST_DURATION_OKHTTP='30',REQUEST_SYNCHRONOUS='FALSE',RESPONSE_CODE='200',RESPONSE_METHOD='GET',RESPONSE_LENGTH_OKHTTP='55024',RESPONSE_LENGTH_HEADER='55024',REQUEST_PROTOCOL='http/1.1',REQUEST_URL='https://project-travel-mate.herokuapp.com/api/get-city-information/1',
08-03 23:46:22.727 13866 13866 I GoogleInputMethodServic: GoogleInputMethodService.onFinishInput():3138 
08-03 23:46:22.728 13866 13866 I GoogleInputMethodServic: GoogleInputMethodService.onStartInput():1808 
08-03 23:46:22.866 10238 10250 I art     : Starting a blocking GC Explicit
08-03 23:46:22.895 10238 10250 I art     : Explicit concurrent mark sweep GC freed 4068(1345KB) AllocSpace objects, 22(4MB) LOS objects, 29% free, 38MB/54MB, paused 482us total 29.043ms
08-03 23:46:22.905 10238 10250 I art     : Starting a blocking GC Explicit
08-03 23:46:22.926 10238 10250 I art     : Explicit concurrent mark sweep GC freed 283(6KB) AllocSpace objects, 0(0B) LOS objects, 29% free, 38MB/54MB, paused 323us total 21.373ms
08-03 23:46:22.936 10238 10250 I art     : Starting a blocking GC Explicit
08-03 23:46:22.957 10238 10250 I art     : Explicit concurrent mark sweep GC freed 123(2096B) AllocSpace objects, 0(0B) LOS objects, 29% free, 38MB/54MB, paused 473us total 21.236ms
08-03 23:46:22.966 10238 10250 I art     : Starting a blocking GC Explicit
08-03 23:46:22.970  6583  6583 W Atfwd_Sendcmd: AtCmdFwd service not published, waiting... retryCnt : 2
08-03 23:46:22.988 10238 10250 I art     : Explicit concurrent mark sweep GC freed 100(1728B) AllocSpace objects, 0(0B) LOS objects, 29% free, 38MB/54MB, paused 295us total 20.751ms
08-03 23:46:22.997 10238 10250 I art     : Starting a blocking GC Explicit
08-03 23:46:23.019 10238 10250 I art     : Explicit concurrent mark sweep GC freed 147(2496B) AllocSpace objects, 0(0B) LOS objects, 29% free, 38MB/54MB, paused 317us total 21.599ms
08-03 23:46:23.168   518   646 I ThermalEngine: ACTION: GPU - Setting GPU[0] to 510000000
08-03 23:46:23.348 10238 10640 I art     : Starting a blocking GC Explicit
08-03 23:46:23.379 10238 10640 I art     : Explicit concurrent mark sweep GC freed 3009(108KB) AllocSpace objects, 2(40KB) LOS objects, 29% free, 38MB/54MB, paused 523us total 30.630ms
08-03 23:46:23.393 10238 10640 I art     : Starting a blocking GC Explicit
08-03 23:46:23.419 10238 10640 I art     : Explicit concurrent mark sweep GC freed 166(3KB) AllocSpace objects, 0(0B) LOS objects, 29% free, 38MB/54MB, paused 421us total 26.221ms
08-03 23:46:23.431 10238 10640 I art     : Starting a blocking GC Explicit
08-03 23:46:23.458 10238 10640 I art     : Explicit concurrent mark sweep GC freed 178(2992B) AllocSpace objects, 0(0B) LOS objects, 29% free, 38MB/54MB, paused 521us total 25.897ms
08-03 23:46:23.470 10238 10640 I art     : Starting a blocking GC Explicit
08-03 23:46:23.497 10238 10640 I art     : Explicit concurrent mark sweep GC freed 189(3KB) AllocSpace objects, 0(0B) LOS objects, 29% free, 38MB/54MB, paused 419us total 26.816ms
08-03 23:46:23.509 10238 10640 I art     : Starting a blocking GC Explicit
08-03 23:46:23.535 10238 10640 I art     : Explicit concurrent mark sweep GC freed 149(2560B) AllocSpace objects, 0(0B) LOS objects, 29% free, 38MB/54MB, paused 378us total 25.796ms
08-03 23:46:23.920 10238 10250 I art     : Starting a blocking GC Explicit
08-03 23:46:23.951 10238 10250 I art     : Explicit concurrent mark sweep GC freed 3253(113KB) AllocSpace objects, 2(40KB) LOS objects, 29% free, 38MB/54MB, paused 504us total 29.928ms
08-03 23:46:23.966 10238 10250 I art     : Starting a blocking GC Explicit
08-03 23:46:23.993 10238 10250 I art     : Explicit concurrent mark sweep GC freed 237(4KB) AllocSpace objects, 0(0B) LOS objects, 29% free, 38MB/54MB, paused 468us total 25.968ms
08-03 23:46:24.005 10238 10250 I art     : Starting a blocking GC Explicit
08-03 23:46:24.032 10238 10250 I art     : Explicit concurrent mark sweep GC freed 148(2528B) AllocSpace objects, 0(0B) LOS objects, 29% free, 38MB/54MB, paused 419us total 26.384ms
08-03 23:46:24.044 10238 10250 I art     : Starting a blocking GC Explicit
08-03 23:46:24.071 10238 10250 I art     : Explicit concurrent mark sweep GC freed 147(2496B) AllocSpace objects, 0(0B) LOS objects, 29% free, 38MB/54MB, paused 441us total 26.778ms
08-03 23:46:24.083 10238 10250 I art     : Starting a blocking GC Explicit
08-03 23:46:24.109 10238 10250 I art     : Explicit concurrent mark sweep GC freed 215(3KB) AllocSpace objects, 0(0B) LOS objects, 29% free, 38MB/54MB, paused 505us total 26.495ms
08-03 23:46:24.467 10238 10640 I art     : Starting a blocking GC Explicit
08-03 23:46:24.497 10238 10640 I art     : Explicit concurrent mark sweep GC freed 3097(110KB) AllocSpace objects, 2(40KB) LOS objects, 29% free, 38MB/54MB, paused 434us total 29.476ms
08-03 23:46:24.512 10238 10640 I art     : Starting a blocking GC Explicit
08-03 23:46:24.539 10238 10640 I art     : Explicit concurrent mark sweep GC freed 182(3KB) AllocSpace objects, 0(0B) LOS objects, 29% free, 38MB/54MB, paused 414us total 26.313ms
08-03 23:46:24.551 10238 10640 I art     : Starting a blocking GC Explicit
08-03 23:46:24.577 10238 10640 I art     : Explicit concurrent mark sweep GC freed 218(3KB) AllocSpace objects, 0(0B) LOS objects, 29% free, 38MB/54MB, paused 464us total 25.738ms
08-03 23:46:24.589 10238 10640 I art     : Starting a blocking GC Explicit
08-03 23:46:24.615 10238 10640 I art     : Explicit concurrent mark sweep GC freed 148(2528B) AllocSpace objects, 0(0B) LOS objects, 29% free, 38MB/54MB, paused 421us total 26.531ms
08-03 23:46:24.628 10238 10640 I art     : Starting a blocking GC Explicit
08-03 23:46:24.655 10238 10640 I art     : Explicit concurrent mark sweep GC freed 147(2496B) AllocSpace objects, 0(0B) LOS objects, 29% free, 38MB/54MB, paused 429us total 26.755ms
08-03 23:46:25.007 10238 10258 I art     : Starting a blocking GC Explicit
08-03 23:46:25.038 10238 10258 I art     : Explicit concurrent mark sweep GC freed 3082(110KB) AllocSpace objects, 2(40KB) LOS objects, 29% free, 38MB/54MB, paused 831us total 31.094ms
08-03 23:46:25.050 10238 10258 I art     : Starting a blocking GC Explicit
08-03 23:46:25.076 10238 10258 I art     : Explicit concurrent mark sweep GC freed 189(3KB) AllocSpace objects, 0(0B) LOS objects, 29% free, 38MB/54MB, paused 506us total 25.641ms
08-03 23:46:25.088 10238 10258 I art     : Starting a blocking GC Explicit
08-03 23:46:25.114 10238 10258 I art     : Explicit concurrent mark sweep GC freed 196(3KB) AllocSpace objects, 0(0B) LOS objects, 29% free, 38MB/54MB, paused 402us total 26.080ms
08-03 23:46:25.126 10238 10258 I art     : Starting a blocking GC Explicit
08-03 23:46:25.154 10238 10258 I art     : Explicit concurrent mark sweep GC freed 147(2496B) AllocSpace objects, 0(0B) LOS objects, 29% free, 38MB/54MB, paused 415us total 26.910ms
08-03 23:46:25.166 10238 10258 I art     : Starting a blocking GC Explicit
08-03 23:46:25.192 10238 10258 I art     : Explicit concurrent mark sweep GC freed 153(2592B) AllocSpace objects, 0(0B) LOS objects, 29% free, 38MB/54MB, paused 510us total 26.135ms
08-03 23:46:25.566 10238 10249 I art     : Starting a blocking GC Explicit
08-03 23:46:25.594 10238 10249 I art     : Explicit concurrent mark sweep GC freed 3173(111KB) AllocSpace objects, 2(40KB) LOS objects, 29% free, 38MB/54MB, paused 527us total 28.572ms
08-03 23:46:25.609 10238 10249 I art     : Starting a blocking GC Explicit
08-03 23:46:25.636 10238 10249 I art     : Explicit concurrent mark sweep GC freed 211(3KB) AllocSpace objects, 0(0B) LOS objects, 29% free, 38MB/54MB, paused 423us total 26.658ms
08-03 23:46:25.648 10238 10249 I art     : Starting a blocking GC Explicit
08-03 23:46:25.674 10238 10249 I art     : Explicit concurrent mark sweep GC freed 148(2528B) AllocSpace objects, 0(0B) LOS objects, 29% free, 38MB/54MB, paused 392us total 25.941ms
08-03 23:46:25.687 10238 10249 I art     : Starting a blocking GC Explicit
08-03 23:46:25.713 10238 10249 I art     : Explicit concurrent mark sweep GC freed 219(3KB) AllocSpace objects, 0(0B) LOS objects, 29% free, 38MB/54MB, paused 405us total 26.398ms
08-03 23:46:25.725 10238 10249 I art     : Starting a blocking GC Explicit
08-03 23:46:25.753 10238 10249 I art     : Explicit concurrent mark sweep GC freed 146(2464B) AllocSpace objects, 0(0B) LOS objects, 29% free, 38MB/54MB, paused 424us total 27.149ms
08-03 23:46:26.130 10238 10250 I art     : Starting a blocking GC Explicit
08-03 23:46:26.155 10238 10250 I art     : Explicit concurrent mark sweep GC freed 3155(111KB) AllocSpace objects, 2(40KB) LOS objects, 29% free, 38MB/54MB, paused 448us total 25.438ms
08-03 23:46:26.167 10238 10250 I art     : Starting a blocking GC Explicit
08-03 23:46:26.193 10238 10250 I art     : Explicit concurrent mark sweep GC freed 174(3KB) AllocSpace objects, 0(0B) LOS objects, 29% free, 38MB/54MB, paused 559us total 25.418ms
08-03 23:46:26.205 10238 10250 I art     : Starting a blocking GC Explicit
08-03 23:46:26.231 10238 10250 I art     : Explicit concurrent mark sweep GC freed 211(3KB) AllocSpace objects, 0(0B) LOS objects, 29% free, 38MB/54MB, paused 410us total 26.050ms
08-03 23:46:26.243 10238 10250 I art     : Starting a blocking GC Explicit
08-03 23:46:26.270 10238 10250 I art     : Explicit concurrent mark sweep GC freed 146(2464B) AllocSpace objects, 0(0B) LOS objects, 29% free, 38MB/54MB, paused 437us total 26.291ms
08-03 23:46:26.282 10238 10250 I art     : Starting a blocking GC Explicit
08-03 23:46:26.308 10238 10250 I art     : Explicit concurrent mark sweep GC freed 148(2528B) AllocSpace objects, 0(0B) LOS objects, 29% free, 38MB/54MB, paused 424us total 26.435ms
08-03 23:46:26.518 10723 10723 D AndroidRuntime: >>>>>> START com.android.internal.os.RuntimeInit uid 2000 <<<<<<
08-03 23:46:26.523 10723 10723 D AndroidRuntime: CheckJNI is OFF
08-03 23:46:26.555 10723 10723 D ICU     : No timezone override file found: /data/misc/zoneinfo/current/icu/icu_tzdata.dat
08-03 23:46:26.587 10723 10723 I Radio-JNI: register_android_hardware_Radio DONE
08-03 23:46:26.609 10723 10723 D AndroidRuntime: Calling main entry com.android.commands.input.Input
08-03 23:46:26.611 10723 10723 I Input   : injectKeyEvent: KeyEvent { action=ACTION_DOWN, keyCode=KEYCODE_BACK, scanCode=0, metaState=0, flags=0x0, repeatCount=0, eventTime=661603024, downTime=661603024, deviceId=-1, source=0x101 }
08-03 23:46:26.616 10723 10723 I Input   : injectKeyEvent: KeyEvent { action=ACTION_UP, keyCode=KEYCODE_BACK, scanCode=0, metaState=0, flags=0x0, repeatCount=0, eventTime=661603024, downTime=661603024, deviceId=-1, source=0x101 }
08-03 23:46:26.621 10723 10723 D AndroidRuntime: Shutting down VM
08-03 23:46:26.640 10238 10640 I art     : Starting a blocking GC Explicit
08-03 23:46:26.661 13866 13866 I GoogleInputMethodServic: GoogleInputMethodService.onFinishInput():3138 
08-03 23:46:26.662 13866 13866 I GoogleInputMethodServic: GoogleInputMethodService.onStartInput():1808 
08-03 23:46:26.668 10238 10640 I art     : Explicit concurrent mark sweep GC freed 3008(110KB) AllocSpace objects, 2(40KB) LOS objects, 29% free, 38MB/54MB, paused 712us total 27.173ms
08-03 23:46:26.681 10238 10640 I art     : Starting a blocking GC Explicit
08-03 23:46:26.707 10238 10640 I art     : Explicit concurrent mark sweep GC freed 199(4KB) AllocSpace objects, 0(0B) LOS objects, 29% free, 38MB/54MB, paused 467us total 25.957ms
08-03 23:46:26.720 10238 10640 I art     : Starting a blocking GC Explicit
08-03 23:46:26.743 10238 10640 I art     : Explicit concurrent mark sweep GC freed 153(2704B) AllocSpace objects, 0(0B) LOS objects, 29% free, 38MB/54MB, paused 438us total 23.063ms
08-03 23:46:26.754 10238 10640 I art     : Starting a blocking GC Explicit
08-03 23:46:26.783 10238 10640 I art     : Explicit concurrent mark sweep GC freed 219(3KB) AllocSpace objects, 0(0B) LOS objects, 29% free, 38MB/54MB, paused 397us total 28.467ms
08-03 23:46:26.796 10238 10640 I art     : Starting a blocking GC Explicit
08-03 23:46:26.826 10238 10640 I art     : Explicit concurrent mark sweep GC freed 147(2496B) AllocSpace objects, 0(0B) LOS objects, 29% free, 38MB/54MB, paused 438us total 29.297ms
08-03 23:46:26.960   380   380 W SurfaceFlinger: couldn't log to binary event log: overflow.
08-03 23:46:27.125 10238 10249 I art     : Starting a blocking GC Explicit
08-03 23:46:27.150 10238 10249 I art     : Explicit concurrent mark sweep GC freed 2626(103KB) AllocSpace objects, 3(228KB) LOS objects, 29% free, 38MB/54MB, paused 412us total 25.007ms
08-03 23:46:27.161 10238 10249 I art     : Starting a blocking GC Explicit
08-03 23:46:27.185 10238 10249 I art     : Explicit concurrent mark sweep GC freed 4790(340KB) AllocSpace objects, 7(132KB) LOS objects, 29% free, 38MB/54MB, paused 393us total 23.708ms
08-03 23:46:27.197 10238 10249 I art     : Starting a blocking GC Explicit
08-03 23:46:27.219 10238 10249 I art     : Explicit concurrent mark sweep GC freed 99(1696B) AllocSpace objects, 0(0B) LOS objects, 29% free, 38MB/54MB, paused 393us total 22.301ms
08-03 23:46:27.231 10238 10249 I art     : Starting a blocking GC Explicit
08-03 23:46:27.253 10238 10249 I art     : Explicit concurrent mark sweep GC freed 99(1696B) AllocSpace objects, 0(0B) LOS objects, 29% free, 38MB/54MB, paused 386us total 22.566ms
08-03 23:46:27.265 10238 10249 I art     : Starting a blocking GC Explicit
08-03 23:46:27.288 10238 10249 I art     : Explicit concurrent mark sweep GC freed 99(1696B) AllocSpace objects, 0(0B) LOS objects, 29% free, 38MB/54MB, paused 413us total 22.842ms
08-03 23:46:27.609 10238 10250 I art     : Starting a blocking GC Explicit
08-03 23:46:27.635 10238 10250 I art     : Explicit concurrent mark sweep GC freed 2455(100KB) AllocSpace objects, 2(40KB) LOS objects, 29% free, 38MB/54MB, paused 511us total 25.393ms
08-03 23:46:27.647 10238 10250 I art     : Starting a blocking GC Explicit
08-03 23:46:27.673 10238 10250 I art     : Explicit concurrent mark sweep GC freed 129(2960B) AllocSpace objects, 0(0B) LOS objects, 29% free, 38MB/54MB, paused 427us total 25.269ms
08-03 23:46:27.685 10238 10250 I art     : Starting a blocking GC Explicit
08-03 23:46:27.710 10238 10250 I art     : Explicit concurrent mark sweep GC freed 99(1696B) AllocSpace objects, 0(0B) LOS objects, 29% free, 38MB/54MB, paused 439us total 25.198ms
08-03 23:46:27.723 10238 10250 I art     : Starting a blocking GC Explicit
08-03 23:46:27.749 10238 10250 I art     : Explicit concurrent mark sweep GC freed 147(2496B) AllocSpace objects, 0(0B) LOS objects, 29% free, 38MB/54MB, paused 428us total 25.846ms
08-03 23:46:27.762 10238 10250 I art     : Starting a blocking GC Explicit
08-03 23:46:27.788 10238 10250 I art     : Explicit concurrent mark sweep GC freed 99(1696B) AllocSpace objects, 0(0B) LOS objects, 29% free, 38MB/54MB, paused 439us total 25.652ms
08-03 23:46:28.100 10238 10640 I art     : Starting a blocking GC Explicit
08-03 23:46:28.127 10238 10640 I art     : Explicit concurrent mark sweep GC freed 2385(98KB) AllocSpace objects, 2(40KB) LOS objects, 29% free, 38MB/54MB, paused 428us total 26.119ms
08-03 23:46:28.139 10238 10640 I art     : Starting a blocking GC Explicit
08-03 23:46:28.164 10238 10640 I art     : Explicit concurrent mark sweep GC freed 166(3KB) AllocSpace objects, 0(0B) LOS objects, 29% free, 38MB/54MB, paused 417us total 24.651ms
08-03 23:46:28.176 10238 10640 I art     : Starting a blocking GC Explicit
08-03 23:46:28.201 10238 10640 I art     : Explicit concurrent mark sweep GC freed 99(1696B) AllocSpace objects, 0(0B) LOS objects, 29% free, 38MB/54MB, paused 433us total 24.936ms
08-03 23:46:28.213 10238 10640 I art     : Starting a blocking GC Explicit
08-03 23:46:28.238 10238 10640 I art     : Explicit concurrent mark sweep GC freed 99(1696B) AllocSpace objects, 0(0B) LOS objects, 29% free, 38MB/54MB, paused 434us total 24.741ms
08-03 23:46:28.250 10238 10640 I art     : Starting a blocking GC Explicit
08-03 23:46:28.275 10238 10640 I art     : Explicit concurrent mark sweep GC freed 99(1696B) AllocSpace objects, 0(0B) LOS objects, 29% free, 38MB/54MB, paused 426us total 24.918ms
08-03 23:46:28.292 10776 10776 D AndroidRuntime: >>>>>> START com.android.internal.os.RuntimeInit uid 2000 <<<<<<
08-03 23:46:28.297 10776 10776 D AndroidRuntime: CheckJNI is OFF
08-03 23:46:28.330 10776 10776 D ICU     : No timezone override file found: /data/misc/zoneinfo/current/icu/icu_tzdata.dat
08-03 23:46:28.364 10776 10776 I Radio-JNI: register_android_hardware_Radio DONE
08-03 23:46:28.387 10776 10776 D AndroidRuntime: Calling main entry com.android.commands.input.Input
08-03 23:46:28.389 10776 10776 I Input   : injectMotionEvent: MotionEvent { action=ACTION_DOWN, actionButton=0, id[0]=0, x[0]=504.0, y[0]=1706.0, toolType[0]=TOOL_TYPE_UNKNOWN, buttonState=0, metaState=0, flags=0x0, edgeFlags=0x0, pointerCount=1, historySize=0, eventTime=661604802, downTime=661604802, deviceId=0, source=0x1002 }
08-03 23:46:28.396 10776 10776 I Input   : injectMotionEvent: MotionEvent { action=ACTION_UP, actionButton=0, id[0]=0, x[0]=504.0, y[0]=1706.0, toolType[0]=TOOL_TYPE_UNKNOWN, buttonState=0, metaState=0, flags=0x0, edgeFlags=0x0, pointerCount=1, historySize=0, eventTime=661604802, downTime=661604802, deviceId=0, source=0x1002 }
08-03 23:46:28.398 10776 10776 D AndroidRuntime: Shutting down VM
08-03 23:46:28.400   512  2967 D audio_hw_primary: out_set_parameters: enter: usecase(1: low-latency-playback) kvpairs: routing=2
08-03 23:46:28.402   918  6112 I ActivityManager: START u0 {cmp=baseline.io.github.project_travel_mate/.destinations.funfacts.FunFactsActivity (has extras)} from uid 10650 on display 0
08-03 23:46:28.413   512  2967 D audio_hw_primary: select_devices: out_snd_device(2: speaker) in_snd_device(0: none)
08-03 23:46:28.413   512  2967 D msm8974_platform: platform_send_audio_calibration: sending audio calibration for snd_device(2) acdb_id(15)
08-03 23:46:28.413   512  2967 I soundtrigger: audio_extn_sound_trigger_update_device_status: device 0x2 of type 0 for Event 1
08-03 23:46:28.425   512  2967 D audio_hw_primary: enable_snd_device: snd_device(2: speaker)
08-03 23:46:28.427   512  2967 D audio_hw_primary: enable_audio_route: apply and update mixer path: low-latency-playback speaker
08-03 23:46:28.428 10238 10307 D Gabe    : call	returning from cache
08-03 23:46:28.430 10238 10238 V EXECUTING: https://project-travel-mate.herokuapp.com/api/get-city-facts/1
08-03 23:46:28.549 13866 13866 I GoogleInputMethodServic: GoogleInputMethodService.onFinishInput():3138 
08-03 23:46:28.550 13866 13866 I GoogleInputMethodServic: GoogleInputMethodService.onStartInput():1808 
08-03 23:46:28.550   918   936 I ActivityManager: Displayed baseline.io.github.project_travel_mate/.destinations.funfacts.FunFactsActivity: +139ms
08-03 23:46:28.572 10238 10640 I art     : Starting a blocking GC Explicit
08-03 23:46:28.601 10238 10640 I art     : Explicit concurrent mark sweep GC freed 4221(286KB) AllocSpace objects, 2(40KB) LOS objects, 27% free, 42MB/58MB, paused 684us total 28.479ms
08-03 23:46:28.614 10238 10640 I art     : Starting a blocking GC Explicit
08-03 23:46:28.641 10238 10640 I art     : Explicit concurrent mark sweep GC freed 271(8KB) AllocSpace objects, 0(0B) LOS objects, 27% free, 42MB/58MB, paused 483us total 25.989ms
08-03 23:46:28.652 10238 10640 I art     : Starting a blocking GC Explicit
08-03 23:46:28.676 10238 10640 I art     : Explicit concurrent mark sweep GC freed 148(2512B) AllocSpace objects, 0(0B) LOS objects, 27% free, 42MB/58MB, paused 451us total 22.900ms
08-03 23:46:28.687 10238 10640 I art     : Starting a blocking GC Explicit
08-03 23:46:28.711 10238 10640 I art     : Explicit concurrent mark sweep GC freed 147(2496B) AllocSpace objects, 0(0B) LOS objects, 27% free, 42MB/58MB, paused 423us total 23.884ms
08-03 23:46:28.723 10238 10640 I art     : Starting a blocking GC Explicit
08-03 23:46:28.748 10238 10640 I art     : Explicit concurrent mark sweep GC freed 219(3KB) AllocSpace objects, 0(0B) LOS objects, 27% free, 42MB/58MB, paused 434us total 24.855ms
08-03 23:46:28.795   380   380 W SurfaceFlinger: couldn't log to binary event log: overflow.
08-03 23:46:28.929 10238 10803 I NAPPA_EXPERIMENTATION: MetricNetworkRequestExecutionTime: REQUEST_DURATION_SYSTEM='498',REQUEST_DURATION_OKHTTP='30',REQUEST_SYNCHRONOUS='FALSE',RESPONSE_CODE='200',RESPONSE_METHOD='GET',RESPONSE_LENGTH_OKHTTP='1793',RESPONSE_LENGTH_HEADER='1793',REQUEST_PROTOCOL='http/1.1',REQUEST_URL='https://project-travel-mate.herokuapp.com/api/get-city-facts/1',
08-03 23:46:28.932 10238 10803 V EXECUTING: https://project-travel-mate.herokuapp.com/api/get-city-images/1
08-03 23:46:28.968   512  2967 D audio_hw_primary: disable_audio_route: reset and update mixer path: low-latency-playback speaker
08-03 23:46:28.969   512  2967 D audio_hw_primary: disable_snd_device: snd_device(2: speaker)
08-03 23:46:28.977   512  2967 I soundtrigger: audio_extn_sound_trigger_update_device_status: device 0x2 of type 0 for Event 0
08-03 23:46:29.064 10238 10250 I art     : Starting a blocking GC Explicit
08-03 23:46:29.090 10238 10250 I art     : Explicit concurrent mark sweep GC freed 5752(283KB) AllocSpace objects, 5(240KB) LOS objects, 27% free, 43MB/59MB, paused 672us total 26.237ms
08-03 23:46:29.103 10238 10250 I art     : Starting a blocking GC Explicit
08-03 23:46:29.129 10238 10250 I art     : Explicit concurrent mark sweep GC freed 990(117KB) AllocSpace objects, 0(0B) LOS objects, 27% free, 43MB/59MB, paused 518us total 25.513ms
08-03 23:46:29.140 10238 10250 I art     : Starting a blocking GC Explicit
08-03 23:46:29.166 10238 10250 I art     : Explicit concurrent mark sweep GC freed 128(2144B) AllocSpace objects, 0(0B) LOS objects, 27% free, 43MB/59MB, paused 615us total 25.434ms
08-03 23:46:29.178 10238 10250 I art     : Starting a blocking GC Explicit
08-03 23:46:29.204 10238 10250 I art     : Explicit concurrent mark sweep GC freed 125(2144B) AllocSpace objects, 0(0B) LOS objects, 27% free, 43MB/59MB, paused 711us total 25.220ms
08-03 23:46:29.216 10238 10250 I art     : Starting a blocking GC Explicit
08-03 23:46:29.241 10238 10250 I art     : Explicit concurrent mark sweep GC freed 131(2192B) AllocSpace objects, 0(0B) LOS objects, 27% free, 43MB/59MB, paused 654us total 24.642ms
08-03 23:46:29.446 10238 10819 I NAPPA_EXPERIMENTATION: MetricNetworkRequestExecutionTime: REQUEST_DURATION_SYSTEM='513',REQUEST_DURATION_OKHTTP='32',REQUEST_SYNCHRONOUS='FALSE',RESPONSE_CODE='200',RESPONSE_METHOD='GET',RESPONSE_LENGTH_OKHTTP='183',RESPONSE_LENGTH_HEADER='183',REQUEST_PROTOCOL='http/1.1',REQUEST_URL='https://project-travel-mate.herokuapp.com/api/get-city-images/1',
08-03 23:46:29.479 10238 10819 V RESPONSE: [{"id":17,"image_url":"https://upload.wikimedia.org/wikipedia/commons/9/94/%E0%B4%96%E0%B5%81%E0%B4%A4%E0%B5%8D%E0%B4%AC%E0%B5%8D_%E0%B4%AE%E0%B4%BF%E0%B4%A8%E0%B4%BE%E0%B5%BC1.jpg"}]
08-03 23:46:29.550 10238 10640 I art     : Starting a blocking GC Explicit
08-03 23:46:29.576 10238 10640 I art     : Explicit concurrent mark sweep GC freed 8263(438KB) AllocSpace objects, 5(240KB) LOS objects, 26% free, 43MB/59MB, paused 491us total 26.004ms
08-03 23:46:29.588 10238 10640 I art     : Starting a blocking GC Explicit
08-03 23:46:29.616 10238 10640 I art     : Explicit concurrent mark sweep GC freed 1094(124KB) AllocSpace objects, 1(4MB) LOS objects, 28% free, 39MB/55MB, paused 519us total 27.291ms
08-03 23:46:29.628 10238 10640 I art     : Starting a blocking GC Explicit
08-03 23:46:29.654 10238 10640 I art     : Explicit concurrent mark sweep GC freed 147(2496B) AllocSpace objects, 0(0B) LOS objects, 28% free, 39MB/55MB, paused 432us total 25.218ms
08-03 23:46:29.666 10238 10640 I art     : Starting a blocking GC Explicit
08-03 23:46:29.693 10238 10640 I art     : Explicit concurrent mark sweep GC freed 148(2528B) AllocSpace objects, 0(0B) LOS objects, 28% free, 39MB/55MB, paused 457us total 27.594ms
08-03 23:46:29.705 10238 10640 I art     : Starting a blocking GC Explicit
08-03 23:46:29.734 10238 10640 I art     : Explicit concurrent mark sweep GC freed 237(4KB) AllocSpace objects, 0(0B) LOS objects, 28% free, 39MB/55MB, paused 458us total 27.861ms
08-03 23:46:30.055 10238 10249 I art     : Starting a blocking GC Explicit
08-03 23:46:30.086 10238 10249 I art     : Explicit concurrent mark sweep GC freed 2957(108KB) AllocSpace objects, 2(40KB) LOS objects, 28% free, 39MB/55MB, paused 460us total 30.488ms
08-03 23:46:30.099 10238 10249 I art     : Starting a blocking GC Explicit
08-03 23:46:30.128 10238 10249 I art     : Explicit concurrent mark sweep GC freed 166(3KB) AllocSpace objects, 0(0B) LOS objects, 28% free, 39MB/55MB, paused 478us total 28.804ms
08-03 23:46:30.140 10238 10249 I art     : Starting a blocking GC Explicit
08-03 23:46:30.169 10238 10249 I art     : Explicit concurrent mark sweep GC freed 219(3KB) AllocSpace objects, 0(0B) LOS objects, 28% free, 39MB/55MB, paused 461us total 28.122ms
08-03 23:46:30.182 10238 10249 I art     : Starting a blocking GC Explicit
08-03 23:46:30.211 10238 10249 I art     : Explicit concurrent mark sweep GC freed 147(2496B) AllocSpace objects, 0(0B) LOS objects, 28% free, 39MB/55MB, paused 454us total 29.357ms
08-03 23:46:30.224 10238 10249 I art     : Starting a blocking GC Explicit
08-03 23:46:30.252 10238 10249 I art     : Explicit concurrent mark sweep GC freed 219(3KB) AllocSpace objects, 0(0B) LOS objects, 28% free, 39MB/55MB, paused 471us total 28.139ms
08-03 23:46:30.613 10238 10258 I art     : Starting a blocking GC Explicit
08-03 23:46:30.641 10238 10258 I art     : Explicit concurrent mark sweep GC freed 3094(110KB) AllocSpace objects, 2(40KB) LOS objects, 28% free, 39MB/55MB, paused 456us total 27.931ms
08-03 23:46:30.654 10238 10258 I art     : Starting a blocking GC Explicit
08-03 23:46:30.679 10238 10258 I art     : Explicit concurrent mark sweep GC freed 183(3KB) AllocSpace objects, 0(0B) LOS objects, 28% free, 39MB/55MB, paused 421us total 25.172ms
08-03 23:46:30.691 10238 10258 I art     : Starting a blocking GC Explicit
08-03 23:46:30.718 10238 10258 I art     : Explicit concurrent mark sweep GC freed 219(3KB) AllocSpace objects, 0(0B) LOS objects, 28% free, 39MB/55MB, paused 464us total 26.810ms
08-03 23:46:30.730 10238 10258 I art     : Starting a blocking GC Explicit
08-03 23:46:30.757 10238 10258 I art     : Explicit concurrent mark sweep GC freed 146(2464B) AllocSpace objects, 0(0B) LOS objects, 28% free, 39MB/55MB, paused 540us total 27.186ms
08-03 23:46:30.769 10238 10258 I art     : Starting a blocking GC Explicit
08-03 23:46:30.797 10238 10258 I art     : Explicit concurrent mark sweep GC freed 148(2528B) AllocSpace objects, 0(0B) LOS objects, 28% free, 39MB/55MB, paused 498us total 26.968ms
08-03 23:46:31.046 10860 10860 D AndroidRuntime: >>>>>> START com.android.internal.os.RuntimeInit uid 2000 <<<<<<
08-03 23:46:31.051 10860 10860 D AndroidRuntime: CheckJNI is OFF
08-03 23:46:31.084 10860 10860 D ICU     : No timezone override file found: /data/misc/zoneinfo/current/icu/icu_tzdata.dat
08-03 23:46:31.117 10860 10860 I Radio-JNI: register_android_hardware_Radio DONE
08-03 23:46:31.140 10860 10860 D AndroidRuntime: Calling main entry com.android.commands.input.Input
08-03 23:46:31.142 10860 10860 I Input   : injectKeyEvent: KeyEvent { action=ACTION_DOWN, keyCode=KEYCODE_BACK, scanCode=0, metaState=0, flags=0x0, repeatCount=0, eventTime=661607555, downTime=661607555, deviceId=-1, source=0x101 }
08-03 23:46:31.145 10238 10250 I art     : Starting a blocking GC Explicit
08-03 23:46:31.147 10860 10860 I Input   : injectKeyEvent: KeyEvent { action=ACTION_UP, keyCode=KEYCODE_BACK, scanCode=0, metaState=0, flags=0x0, repeatCount=0, eventTime=661607555, downTime=661607555, deviceId=-1, source=0x101 }
08-03 23:46:31.153 10860 10860 D AndroidRuntime: Shutting down VM
08-03 23:46:31.174 10238 10250 I art     : Explicit concurrent mark sweep GC freed 3135(112KB) AllocSpace objects, 2(40KB) LOS objects, 28% free, 39MB/55MB, paused 572us total 28.417ms
08-03 23:46:31.186 10238 10250 I art     : Starting a blocking GC Explicit
08-03 23:46:31.190 13866 13866 I GoogleInputMethodServic: GoogleInputMethodService.onFinishInput():3138 
08-03 23:46:31.191 13866 13866 I GoogleInputMethodServic: GoogleInputMethodService.onStartInput():1808 
08-03 23:46:31.212 10238 10250 I art     : Explicit concurrent mark sweep GC freed 214(4KB) AllocSpace objects, 0(0B) LOS objects, 28% free, 39MB/55MB, paused 515us total 26.309ms
08-03 23:46:31.225 10238 10250 I art     : Starting a blocking GC Explicit
08-03 23:46:31.250 10238 10250 I art     : Explicit concurrent mark sweep GC freed 214(3KB) AllocSpace objects, 0(0B) LOS objects, 28% free, 39MB/55MB, paused 484us total 24.119ms
08-03 23:46:31.261 10238 10250 I art     : Starting a blocking GC Explicit
08-03 23:46:31.286 10238 10250 I art     : Explicit concurrent mark sweep GC freed 160(2736B) AllocSpace objects, 0(0B) LOS objects, 28% free, 39MB/55MB, paused 419us total 24.306ms
08-03 23:46:31.298 10238 10250 I art     : Starting a blocking GC Explicit
08-03 23:46:31.326 10238 10250 I art     : Explicit concurrent mark sweep GC freed 146(2464B) AllocSpace objects, 0(0B) LOS objects, 28% free, 39MB/55MB, paused 504us total 28.076ms
08-03 23:46:31.481   380   380 W SurfaceFlinger: couldn't log to binary event log: overflow.
08-03 23:46:31.624 10238 10258 I art     : Starting a blocking GC Explicit
08-03 23:46:31.656 10238 10258 I art     : Explicit concurrent mark sweep GC freed 3413(140KB) AllocSpace objects, 4(404KB) LOS objects, 29% free, 38MB/54MB, paused 491us total 31.264ms
08-03 23:46:31.669 10238 10258 I art     : Starting a blocking GC Explicit
08-03 23:46:31.694 10238 10258 I art     : Explicit concurrent mark sweep GC freed 5513(267KB) AllocSpace objects, 1(28KB) LOS objects, 29% free, 38MB/54MB, paused 445us total 25.004ms
08-03 23:46:31.706 10238 10258 I art     : Starting a blocking GC Explicit
08-03 23:46:31.732 10238 10258 I art     : Explicit concurrent mark sweep GC freed 107(1936B) AllocSpace objects, 0(0B) LOS objects, 29% free, 38MB/54MB, paused 570us total 25.736ms
08-03 23:46:31.744 10238 10258 I art     : Starting a blocking GC Explicit
08-03 23:46:31.771 10238 10258 I art     : Explicit concurrent mark sweep GC freed 142(2416B) AllocSpace objects, 0(0B) LOS objects, 29% free, 38MB/54MB, paused 449us total 26.228ms
08-03 23:46:31.783 10238 10258 I art     : Starting a blocking GC Explicit
08-03 23:46:31.811 10238 10258 I art     : Explicit concurrent mark sweep GC freed 99(1696B) AllocSpace objects, 0(0B) LOS objects, 29% free, 38MB/54MB, paused 441us total 27.490ms
08-03 23:46:32.143 10238 10640 I art     : Starting a blocking GC Explicit
08-03 23:46:32.170 10238 10640 I art     : Explicit concurrent mark sweep GC freed 2484(100KB) AllocSpace objects, 2(40KB) LOS objects, 29% free, 38MB/54MB, paused 466us total 26.485ms
08-03 23:46:32.182 10238 10640 I art     : Starting a blocking GC Explicit
08-03 23:46:32.209 10238 10640 I art     : Explicit concurrent mark sweep GC freed 118(2384B) AllocSpace objects, 0(0B) LOS objects, 29% free, 38MB/54MB, paused 460us total 26.602ms
08-03 23:46:32.221 10238 10640 I art     : Starting a blocking GC Explicit
08-03 23:46:32.248 10238 10640 I art     : Explicit concurrent mark sweep GC freed 99(1696B) AllocSpace objects, 0(0B) LOS objects, 29% free, 38MB/54MB, paused 458us total 26.460ms
08-03 23:46:32.260 10238 10640 I art     : Starting a blocking GC Explicit
08-03 23:46:32.286 10238 10640 I art     : Explicit concurrent mark sweep GC freed 147(2496B) AllocSpace objects, 0(0B) LOS objects, 29% free, 38MB/54MB, paused 455us total 26.109ms
08-03 23:46:32.299 10238 10640 I art     : Starting a blocking GC Explicit
08-03 23:46:32.327 10238 10640 I art     : Explicit concurrent mark sweep GC freed 98(1664B) AllocSpace objects, 0(0B) LOS objects, 29% free, 38MB/54MB, paused 504us total 28.024ms
08-03 23:46:32.635 10238 10249 I art     : Starting a blocking GC Explicit
08-03 23:46:32.663 10238 10249 I art     : Explicit concurrent mark sweep GC freed 2388(98KB) AllocSpace objects, 2(40KB) LOS objects, 29% free, 38MB/54MB, paused 532us total 27.391ms
08-03 23:46:32.675 10238 10249 I art     : Starting a blocking GC Explicit
08-03 23:46:32.701 10238 10249 I art     : Explicit concurrent mark sweep GC freed 166(3KB) AllocSpace objects, 0(0B) LOS objects, 29% free, 38MB/54MB, paused 492us total 25.118ms
08-03 23:46:32.703   918  3261 D WifiStateMachine: starting scan for "H369AA63323"WPA_PSK with 2412,5180
08-03 23:46:32.713 10238 10249 I art     : Starting a blocking GC Explicit
08-03 23:46:32.739 10238 10249 I art     : Explicit concurrent mark sweep GC freed 100(1728B) AllocSpace objects, 0(0B) LOS objects, 29% free, 38MB/54MB, paused 467us total 25.876ms
08-03 23:46:32.751 10238 10249 I art     : Starting a blocking GC Explicit
08-03 23:46:32.776 10238 10249 I art     : Explicit concurrent mark sweep GC freed 99(1696B) AllocSpace objects, 0(0B) LOS objects, 29% free, 38MB/54MB, paused 449us total 25.073ms
08-03 23:46:32.788 10238 10249 I art     : Starting a blocking GC Explicit
08-03 23:46:32.807 10904 10904 D AndroidRuntime: >>>>>> START com.android.internal.os.RuntimeInit uid 2000 <<<<<<
08-03 23:46:32.812 10904 10904 D AndroidRuntime: CheckJNI is OFF
08-03 23:46:32.814 10238 10249 I art     : Explicit concurrent mark sweep GC freed 99(1696B) AllocSpace objects, 0(0B) LOS objects, 29% free, 38MB/54MB, paused 474us total 26.041ms
08-03 23:46:32.846 10904 10904 D ICU     : No timezone override file found: /data/misc/zoneinfo/current/icu/icu_tzdata.dat
08-03 23:46:32.879 10904 10904 I Radio-JNI: register_android_hardware_Radio DONE
08-03 23:46:32.901 10904 10904 D AndroidRuntime: Calling main entry com.android.commands.input.Input
08-03 23:46:32.903 10904 10904 I Input   : injectMotionEvent: MotionEvent { action=ACTION_DOWN, actionButton=0, id[0]=0, x[0]=504.0, y[0]=1706.0, toolType[0]=TOOL_TYPE_UNKNOWN, buttonState=0, metaState=0, flags=0x0, edgeFlags=0x0, pointerCount=1, historySize=0, eventTime=661609315, downTime=661609315, deviceId=0, source=0x1002 }
08-03 23:46:32.908 10904 10904 I Input   : injectMotionEvent: MotionEvent { action=ACTION_UP, actionButton=0, id[0]=0, x[0]=504.0, y[0]=1706.0, toolType[0]=TOOL_TYPE_UNKNOWN, buttonState=0, metaState=0, flags=0x0, edgeFlags=0x0, pointerCount=1, historySize=0, eventTime=661609315, downTime=661609315, deviceId=0, source=0x1002 }
08-03 23:46:32.909 10904 10904 D AndroidRuntime: Shutting down VM
08-03 23:46:32.912   512  2967 D audio_hw_primary: out_set_parameters: enter: usecase(1: low-latency-playback) kvpairs: routing=2
08-03 23:46:32.913   918  6112 I ActivityManager: START u0 {cmp=baseline.io.github.project_travel_mate/.destinations.funfacts.FunFactsActivity (has extras)} from uid 10650 on display 0
08-03 23:46:32.925   512  2967 D audio_hw_primary: select_devices: out_snd_device(2: speaker) in_snd_device(0: none)
08-03 23:46:32.925   512  2967 D msm8974_platform: platform_send_audio_calibration: sending audio calibration for snd_device(2) acdb_id(15)
08-03 23:46:32.926   512  2967 I soundtrigger: audio_extn_sound_trigger_update_device_status: device 0x2 of type 0 for Event 1
08-03 23:46:32.935 10238 10307 D Gabe    : call	returning from cache
08-03 23:46:32.936   512  2967 D audio_hw_primary: enable_snd_device: snd_device(2: speaker)
08-03 23:46:32.936 10238 10238 V EXECUTING: https://project-travel-mate.herokuapp.com/api/get-city-facts/1
08-03 23:46:32.938   512  2967 D audio_hw_primary: enable_audio_route: apply and update mixer path: low-latency-playback speaker
08-03 23:46:32.977  6583  6583 I ServiceManager: Waiting for service AtCmdFwd...
08-03 23:46:33.071 13866 13866 I GoogleInputMethodServic: GoogleInputMethodService.onFinishInput():3138 
08-03 23:46:33.071 13866 13866 I GoogleInputMethodServic: GoogleInputMethodService.onStartInput():1808 
08-03 23:46:33.072   918   936 I ActivityManager: Displayed baseline.io.github.project_travel_mate/.destinations.funfacts.FunFactsActivity: +151ms
08-03 23:46:33.105 10238 10258 I art     : Starting a blocking GC Explicit
08-03 23:46:33.135 10238 10258 I art     : Explicit concurrent mark sweep GC freed 4102(270KB) AllocSpace objects, 2(40KB) LOS objects, 27% free, 43MB/59MB, paused 602us total 29.324ms
08-03 23:46:33.147 10238 10258 I art     : Starting a blocking GC Explicit
08-03 23:46:33.172 10238 10258 I art     : Explicit concurrent mark sweep GC freed 348(9KB) AllocSpace objects, 0(0B) LOS objects, 27% free, 43MB/59MB, paused 489us total 25.474ms
08-03 23:46:33.184 10238 10258 I art     : Starting a blocking GC Explicit
08-03 23:46:33.209 10238 10258 I art     : Explicit concurrent mark sweep GC freed 147(2496B) AllocSpace objects, 0(0B) LOS objects, 27% free, 43MB/59MB, paused 459us total 24.117ms
08-03 23:46:33.221 10238 10258 I art     : Starting a blocking GC Explicit
08-03 23:46:33.250 10238 10258 I art     : Explicit concurrent mark sweep GC freed 159(2688B) AllocSpace objects, 0(0B) LOS objects, 27% free, 43MB/59MB, paused 539us total 29.563ms
08-03 23:46:33.264 10238 10258 I art     : Starting a blocking GC Explicit
08-03 23:46:33.297 10238 10258 I art     : Explicit concurrent mark sweep GC freed 207(3KB) AllocSpace objects, 0(0B) LOS objects, 27% free, 43MB/59MB, paused 504us total 32.224ms
08-03 23:46:33.316   380   380 W SurfaceFlinger: couldn't log to binary event log: overflow.
08-03 23:46:33.441 10238 10930 I NAPPA_EXPERIMENTATION: MetricNetworkRequestExecutionTime: REQUEST_DURATION_SYSTEM='503',REQUEST_DURATION_OKHTTP='37',REQUEST_SYNCHRONOUS='FALSE',RESPONSE_CODE='200',RESPONSE_METHOD='GET',RESPONSE_LENGTH_OKHTTP='1793',RESPONSE_LENGTH_HEADER='1793',REQUEST_PROTOCOL='http/1.1',REQUEST_URL='https://project-travel-mate.herokuapp.com/api/get-city-facts/1',
08-03 23:46:33.443 10238 10930 V EXECUTING: https://project-travel-mate.herokuapp.com/api/get-city-images/1
08-03 23:46:33.488   512  2967 D audio_hw_primary: disable_audio_route: reset and update mixer path: low-latency-playback speaker
08-03 23:46:33.489   512  2967 D audio_hw_primary: disable_snd_device: snd_device(2: speaker)
08-03 23:46:33.497   512  2967 I soundtrigger: audio_extn_sound_trigger_update_device_status: device 0x2 of type 0 for Event 0
08-03 23:46:33.619 10238 10640 I art     : Starting a blocking GC Explicit
08-03 23:46:33.647 10238 10640 I art     : Explicit concurrent mark sweep GC freed 5716(283KB) AllocSpace objects, 5(240KB) LOS objects, 26% free, 43MB/59MB, paused 781us total 27.284ms
08-03 23:46:33.659 10238 10640 I art     : Starting a blocking GC Explicit
08-03 23:46:33.686 10238 10640 I art     : Explicit concurrent mark sweep GC freed 1042(119KB) AllocSpace objects, 0(0B) LOS objects, 26% free, 43MB/59MB, paused 590us total 26.391ms
08-03 23:46:33.698 10238 10640 I art     : Starting a blocking GC Explicit
08-03 23:46:33.724 10238 10640 I art     : Explicit concurrent mark sweep GC freed 130(2224B) AllocSpace objects, 0(0B) LOS objects, 26% free, 43MB/59MB, paused 627us total 26.022ms
08-03 23:46:33.736 10238 10640 I art     : Starting a blocking GC Explicit
08-03 23:46:33.763 10238 10640 I art     : Explicit concurrent mark sweep GC freed 132(2208B) AllocSpace objects, 0(0B) LOS objects, 26% free, 43MB/59MB, paused 662us total 26.152ms
08-03 23:46:33.775 10238 10640 I art     : Starting a blocking GC Explicit
08-03 23:46:33.801 10238 10640 I art     : Explicit concurrent mark sweep GC freed 122(2048B) AllocSpace objects, 0(0B) LOS objects, 26% free, 43MB/59MB, paused 689us total 25.349ms
08-03 23:46:33.956 10238 10944 I NAPPA_EXPERIMENTATION: MetricNetworkRequestExecutionTime: REQUEST_DURATION_SYSTEM='512',REQUEST_DURATION_OKHTTP='31',REQUEST_SYNCHRONOUS='FALSE',RESPONSE_CODE='200',RESPONSE_METHOD='GET',RESPONSE_LENGTH_OKHTTP='183',RESPONSE_LENGTH_HEADER='183',REQUEST_PROTOCOL='http/1.1',REQUEST_URL='https://project-travel-mate.herokuapp.com/api/get-city-images/1',
08-03 23:46:33.977  6583  6583 I ServiceManager: Waiting for service AtCmdFwd...
08-03 23:46:33.990 10238 10944 V RESPONSE: [{"id":17,"image_url":"https://upload.wikimedia.org/wikipedia/commons/9/94/%E0%B4%96%E0%B5%81%E0%B4%A4%E0%B5%8D%E0%B4%AC%E0%B5%8D_%E0%B4%AE%E0%B4%BF%E0%B4%A8%E0%B4%BE%E0%B5%BC1.jpg"}]
08-03 23:46:34.103 10238 10249 I art     : Starting a blocking GC Explicit
08-03 23:46:34.132 10238 10249 I art     : Explicit concurrent mark sweep GC freed 8242(374KB) AllocSpace objects, 6(4MB) LOS objects, 28% free, 39MB/55MB, paused 511us total 28.147ms
08-03 23:46:34.144 10238 10249 I art     : Starting a blocking GC Explicit
08-03 23:46:34.174 10238 10249 I art     : Explicit concurrent mark sweep GC freed 1307(127KB) AllocSpace objects, 0(0B) LOS objects, 28% free, 39MB/55MB, paused 501us total 29.552ms
08-03 23:46:34.186 10238 10249 I art     : Starting a blocking GC Explicit
08-03 23:46:34.217 10238 10249 I art     : Explicit concurrent mark sweep GC freed 165(3KB) AllocSpace objects, 0(0B) LOS objects, 28% free, 39MB/55MB, paused 510us total 30.414ms
08-03 23:46:34.230 10238 10249 I art     : Starting a blocking GC Explicit
08-03 23:46:34.260 10238 10249 I art     : Explicit concurrent mark sweep GC freed 219(3KB) AllocSpace objects, 0(0B) LOS objects, 28% free, 39MB/55MB, paused 519us total 29.835ms
08-03 23:46:34.273 10238 10249 I art     : Starting a blocking GC Explicit
08-03 23:46:34.303 10238 10249 I art     : Explicit concurrent mark sweep GC freed 218(3KB) AllocSpace objects, 0(0B) LOS objects, 28% free, 39MB/55MB, paused 670us total 30.564ms
08-03 23:46:34.639 10238 10258 I art     : Starting a blocking GC Explicit
08-03 23:46:34.671 10238 10258 I art     : Explicit concurrent mark sweep GC freed 3029(111KB) AllocSpace objects, 2(40KB) LOS objects, 28% free, 39MB/55MB, paused 637us total 31.557ms
08-03 23:46:34.685 10238 10258 I art     : Starting a blocking GC Explicit
08-03 23:46:34.713 10238 10258 I art     : Explicit concurrent mark sweep GC freed 212(3KB) AllocSpace objects, 0(0B) LOS objects, 28% free, 39MB/55MB, paused 537us total 27.528ms
08-03 23:46:34.725 10238 10258 I art     : Starting a blocking GC Explicit
08-03 23:46:34.754 10238 10258 I art     : Explicit concurrent mark sweep GC freed 208(3KB) AllocSpace objects, 0(0B) LOS objects, 28% free, 39MB/55MB, paused 604us total 28.258ms
08-03 23:46:34.766 10238 10258 I art     : Starting a blocking GC Explicit
08-03 23:46:34.796 10238 10258 I art     : Explicit concurrent mark sweep GC freed 159(2720B) AllocSpace objects, 0(0B) LOS objects, 28% free, 39MB/55MB, paused 518us total 29.289ms
08-03 23:46:34.808 10238 10258 I art     : Starting a blocking GC Explicit
08-03 23:46:34.837 10238 10258 I art     : Explicit concurrent mark sweep GC freed 215(3KB) AllocSpace objects, 0(0B) LOS objects, 28% free, 39MB/55MB, paused 626us total 28.906ms
08-03 23:46:34.978  6583  6583 I ServiceManager: Waiting for service AtCmdFwd...
08-03 23:46:35.205 10238 10250 I art     : Starting a blocking GC Explicit
08-03 23:46:35.233 10238 10250 I art     : Explicit concurrent mark sweep GC freed 3088(110KB) AllocSpace objects, 2(40KB) LOS objects, 28% free, 39MB/55MB, paused 499us total 27.835ms
08-03 23:46:35.245 10238 10250 I art     : Starting a blocking GC Explicit
08-03 23:46:35.274 10238 10250 I art     : Explicit concurrent mark sweep GC freed 238(4KB) AllocSpace objects, 0(0B) LOS objects, 28% free, 39MB/55MB, paused 505us total 28.107ms
08-03 23:46:35.286 10238 10250 I art     : Starting a blocking GC Explicit
08-03 23:46:35.315 10238 10250 I art     : Explicit concurrent mark sweep GC freed 146(2464B) AllocSpace objects, 0(0B) LOS objects, 28% free, 39MB/55MB, paused 592us total 28.588ms
08-03 23:46:35.327 10238 10250 I art     : Starting a blocking GC Explicit
08-03 23:46:35.355 10238 10250 I art     : Explicit concurrent mark sweep GC freed 219(3KB) AllocSpace objects, 0(0B) LOS objects, 28% free, 39MB/55MB, paused 532us total 27.216ms
08-03 23:46:35.367 10238 10250 I art     : Starting a blocking GC Explicit
08-03 23:46:35.396 10238 10250 I art     : Explicit concurrent mark sweep GC freed 148(2528B) AllocSpace objects, 0(0B) LOS objects, 28% free, 39MB/55MB, paused 491us total 28.449ms
08-03 23:46:35.553 10984 10984 D AndroidRuntime: >>>>>> START com.android.internal.os.RuntimeInit uid 2000 <<<<<<
08-03 23:46:35.558 10984 10984 D AndroidRuntime: CheckJNI is OFF
08-03 23:46:35.590 10984 10984 D ICU     : No timezone override file found: /data/misc/zoneinfo/current/icu/icu_tzdata.dat
08-03 23:46:35.623 10984 10984 I Radio-JNI: register_android_hardware_Radio DONE
08-03 23:46:35.644 10984 10984 D AndroidRuntime: Calling main entry com.android.commands.input.Input
08-03 23:46:35.646 10984 10984 I Input   : injectKeyEvent: KeyEvent { action=ACTION_DOWN, keyCode=KEYCODE_BACK, scanCode=0, metaState=0, flags=0x0, repeatCount=0, eventTime=661612059, downTime=661612059, deviceId=-1, source=0x101 }
08-03 23:46:35.657 10984 10984 I Input   : injectKeyEvent: KeyEvent { action=ACTION_UP, keyCode=KEYCODE_BACK, scanCode=0, metaState=0, flags=0x0, repeatCount=0, eventTime=661612059, downTime=661612059, deviceId=-1, source=0x101 }
08-03 23:46:35.663 10984 10984 D AndroidRuntime: Shutting down VM
08-03 23:46:35.697 13866 13866 I GoogleInputMethodServic: GoogleInputMethodService.onFinishInput():3138 
08-03 23:46:35.698 13866 13866 I GoogleInputMethodServic: GoogleInputMethodService.onStartInput():1808 
08-03 23:46:35.750 10238 10640 I art     : Starting a blocking GC Explicit
08-03 23:46:35.777 10238 10640 I art     : Explicit concurrent mark sweep GC freed 3188(114KB) AllocSpace objects, 2(40KB) LOS objects, 28% free, 39MB/55MB, paused 448us total 26.486ms
08-03 23:46:35.789 10238 10640 I art     : Starting a blocking GC Explicit
08-03 23:46:35.818 10238 10640 I art     : Explicit concurrent mark sweep GC freed 170(3KB) AllocSpace objects, 0(0B) LOS objects, 28% free, 39MB/55MB, paused 566us total 29.207ms
08-03 23:46:35.833 10238 10640 I art     : Starting a blocking GC Explicit
08-03 23:46:35.868 10238 10640 I art     : Explicit concurrent mark sweep GC freed 219(3KB) AllocSpace objects, 0(0B) LOS objects, 28% free, 39MB/55MB, paused 521us total 34.573ms
08-03 23:46:35.885 10238 10640 I art     : Starting a blocking GC Explicit
08-03 23:46:35.921 10238 10640 I art     : Explicit concurrent mark sweep GC freed 225(3KB) AllocSpace objects, 0(0B) LOS objects, 28% free, 39MB/55MB, paused 644us total 35.753ms
08-03 23:46:35.939 10238 10640 I art     : Starting a blocking GC Explicit
08-03 23:46:35.973 10238 10640 I art     : Explicit concurrent mark sweep GC freed 285(4KB) AllocSpace objects, 0(0B) LOS objects, 28% free, 39MB/55MB, paused 554us total 34.023ms
08-03 23:46:35.979  6583  6583 I ServiceManager: Waiting for service AtCmdFwd...
08-03 23:46:35.986   380   380 W SurfaceFlinger: couldn't log to binary event log: overflow.
08-03 23:46:36.320 10238 10249 I art     : Starting a blocking GC Explicit
08-03 23:46:36.351 10238 10249 I art     : Explicit concurrent mark sweep GC freed 3300(136KB) AllocSpace objects, 4(404KB) LOS objects, 29% free, 39MB/55MB, paused 520us total 30.512ms
08-03 23:46:36.366 10238 10249 I art     : Starting a blocking GC Explicit
08-03 23:46:36.394 10238 10249 I art     : Explicit concurrent mark sweep GC freed 5567(268KB) AllocSpace objects, 1(28KB) LOS objects, 29% free, 38MB/54MB, paused 509us total 27.302ms
08-03 23:46:36.406 10238 10249 I art     : Starting a blocking GC Explicit
08-03 23:46:36.434 10238 10249 I art     : Explicit concurrent mark sweep GC freed 99(1696B) AllocSpace objects, 0(0B) LOS objects, 29% free, 38MB/54MB, paused 496us total 27.016ms
08-03 23:46:36.446 10238 10249 I art     : Starting a blocking GC Explicit
08-03 23:46:36.473 10238 10249 I art     : Explicit concurrent mark sweep GC freed 164(3KB) AllocSpace objects, 0(0B) LOS objects, 29% free, 38MB/54MB, paused 530us total 26.967ms
08-03 23:46:36.485 10238 10249 I art     : Starting a blocking GC Explicit
08-03 23:46:36.514 10238 10249 I art     : Explicit concurrent mark sweep GC freed 110(2240B) AllocSpace objects, 0(0B) LOS objects, 29% free, 38MB/54MB, paused 525us total 28.745ms
08-03 23:46:36.846 10238 10258 I art     : Starting a blocking GC Explicit
08-03 23:46:36.876 10238 10258 I art     : Explicit concurrent mark sweep GC freed 2494(100KB) AllocSpace objects, 2(40KB) LOS objects, 29% free, 38MB/54MB, paused 510us total 29.223ms
08-03 23:46:36.891 10238 10258 I art     : Starting a blocking GC Explicit
08-03 23:46:36.916 10238 10258 I art     : Explicit concurrent mark sweep GC freed 118(2384B) AllocSpace objects, 0(0B) LOS objects, 29% free, 38MB/54MB, paused 477us total 25.465ms
08-03 23:46:36.928 10238 10258 I art     : Starting a blocking GC Explicit
08-03 23:46:36.954 10238 10258 I art     : Explicit concurrent mark sweep GC freed 107(1824B) AllocSpace objects, 0(0B) LOS objects, 29% free, 38MB/54MB, paused 635us total 25.493ms
08-03 23:46:36.966 10238 10258 I art     : Starting a blocking GC Explicit
08-03 23:46:36.979  6583  6583 I ServiceManager: Waiting for service AtCmdFwd...
08-03 23:46:36.990 10238 10258 I art     : Explicit concurrent mark sweep GC freed 139(2368B) AllocSpace objects, 0(0B) LOS objects, 29% free, 38MB/54MB, paused 471us total 23.899ms
08-03 23:46:37.002 10238 10258 I art     : Starting a blocking GC Explicit
08-03 23:46:37.028 10238 10258 I art     : Explicit concurrent mark sweep GC freed 99(1696B) AllocSpace objects, 0(0B) LOS objects, 29% free, 38MB/54MB, paused 504us total 26.271ms
08-03 23:46:37.298 11028 11028 D AndroidRuntime: >>>>>> START com.android.internal.os.RuntimeInit uid 2000 <<<<<<
08-03 23:46:37.303 11028 11028 D AndroidRuntime: CheckJNI is OFF
08-03 23:46:37.337 11028 11028 D ICU     : No timezone override file found: /data/misc/zoneinfo/current/icu/icu_tzdata.dat
08-03 23:46:37.343 10238 10640 I art     : Starting a blocking GC Explicit
08-03 23:46:37.371 10238 10640 I art     : Explicit concurrent mark sweep GC freed 2387(98KB) AllocSpace objects, 2(40KB) LOS objects, 29% free, 38MB/54MB, paused 495us total 27.212ms
08-03 23:46:37.371 11028 11028 I Radio-JNI: register_android_hardware_Radio DONE
08-03 23:46:37.382 10238 10640 I art     : Starting a blocking GC Explicit
08-03 23:46:37.393 11028 11028 D AndroidRuntime: Calling main entry com.android.commands.input.Input
08-03 23:46:37.394 11028 11028 I Input   : injectMotionEvent: MotionEvent { action=ACTION_DOWN, actionButton=0, id[0]=0, x[0]=693.0, y[0]=1450.0, toolType[0]=TOOL_TYPE_UNKNOWN, buttonState=0, metaState=0, flags=0x0, edgeFlags=0x0, pointerCount=1, historySize=0, eventTime=661613807, downTime=661613807, deviceId=0, source=0x1002 }
08-03 23:46:37.398 11028 11028 I Input   : injectMotionEvent: MotionEvent { action=ACTION_UP, actionButton=0, id[0]=0, x[0]=693.0, y[0]=1450.0, toolType[0]=TOOL_TYPE_UNKNOWN, buttonState=0, metaState=0, flags=0x0, edgeFlags=0x0, pointerCount=1, historySize=0, eventTime=661613807, downTime=661613807, deviceId=0, source=0x1002 }
08-03 23:46:37.400 11028 11028 D AndroidRuntime: Shutting down VM
08-03 23:46:37.400   918  4400 I ActivityManager: START u0 {cmp=baseline.io.github.project_travel_mate/.destinations.description.CityHistoryActivity} from uid 10650 on display 0
08-03 23:46:37.401   512  2967 D audio_hw_primary: out_set_parameters: enter: usecase(1: low-latency-playback) kvpairs: routing=2
08-03 23:46:37.406 10238 10640 I art     : Explicit concurrent mark sweep GC freed 120(2432B) AllocSpace objects, 0(0B) LOS objects, 29% free, 38MB/54MB, paused 610us total 23.471ms
08-03 23:46:37.414   512  2967 D audio_hw_primary: select_devices: out_snd_device(2: speaker) in_snd_device(0: none)
08-03 23:46:37.414   512  2967 D msm8974_platform: platform_send_audio_calibration: sending audio calibration for snd_device(2) acdb_id(15)
08-03 23:46:37.415   512  2967 I soundtrigger: audio_extn_sound_trigger_update_device_status: device 0x2 of type 0 for Event 1
08-03 23:46:37.418 10238 10640 I art     : Starting a blocking GC Explicit
08-03 23:46:37.424   512  2967 D audio_hw_primary: enable_snd_device: snd_device(2: speaker)
08-03 23:46:37.426   512  2967 D audio_hw_primary: enable_audio_route: apply and update mixer path: low-latency-playback speaker
08-03 23:46:37.427 10238 10307 D Gabe    : call	returning from cache
08-03 23:46:37.428 10238 10238 V EXECUTING: https://project-travel-mate.herokuapp.com/api/get-city-information/1
08-03 23:46:37.445 10238 10640 I art     : Explicit concurrent mark sweep GC freed 626(45KB) AllocSpace objects, 0(0B) LOS objects, 29% free, 38MB/54MB, paused 581us total 26.426ms
08-03 23:46:37.456 10238 10640 I art     : Starting a blocking GC Explicit
08-03 23:46:37.482 10238 10640 I art     : Explicit concurrent mark sweep GC freed 549(19KB) AllocSpace objects, 0(0B) LOS objects, 29% free, 39MB/55MB, paused 921us total 25.520ms
08-03 23:46:37.494 10238 10640 I art     : Starting a blocking GC Explicit
08-03 23:46:37.522 10238 10640 I art     : Explicit concurrent mark sweep GC freed 202(8KB) AllocSpace objects, 0(0B) LOS objects, 27% free, 43MB/59MB, paused 905us total 27.548ms
08-03 23:46:37.560 13866 13866 I GoogleInputMethodServic: GoogleInputMethodService.onFinishInput():3138 
08-03 23:46:37.561   918   936 I ActivityManager: Displayed baseline.io.github.project_travel_mate/.destinations.description.CityHistoryActivity: +149ms
08-03 23:46:37.561 13866 13866 I GoogleInputMethodServic: GoogleInputMethodService.onStartInput():1808 
08-03 23:46:37.805   380   380 W SurfaceFlinger: couldn't log to binary event log: overflow.
08-03 23:46:37.834 10238 10258 I art     : Starting a blocking GC Explicit
08-03 23:46:37.864 10238 10258 I art     : Explicit concurrent mark sweep GC freed 2677(104KB) AllocSpace objects, 2(40KB) LOS objects, 26% free, 43MB/59MB, paused 509us total 28.860ms
08-03 23:46:37.876 10238 10258 I art     : Starting a blocking GC Explicit
08-03 23:46:37.906 10238 10258 I art     : Explicit concurrent mark sweep GC freed 2682(132KB) AllocSpace objects, 3(200KB) LOS objects, 26% free, 43MB/59MB, paused 897us total 29.473ms
08-03 23:46:37.919 10238 10258 I art     : Starting a blocking GC Explicit
08-03 23:46:37.941 10238 11052 I NAPPA_EXPERIMENTATION: MetricNetworkRequestExecutionTime: REQUEST_DURATION_SYSTEM='512',REQUEST_DURATION_OKHTTP='32',REQUEST_SYNCHRONOUS='FALSE',RESPONSE_CODE='200',RESPONSE_METHOD='GET',RESPONSE_LENGTH_OKHTTP='55024',RESPONSE_LENGTH_HEADER='55024',REQUEST_PROTOCOL='http/1.1',REQUEST_URL='https://project-travel-mate.herokuapp.com/api/get-city-information/1',
08-03 23:46:37.949 10238 10258 I art     : Explicit concurrent mark sweep GC freed 1294(132KB) AllocSpace objects, 0(0B) LOS objects, 26% free, 43MB/59MB, paused 698us total 29.821ms
08-03 23:46:37.962 10238 10258 I art     : Starting a blocking GC Explicit
08-03 23:46:37.968   512  2967 D audio_hw_primary: disable_audio_route: reset and update mixer path: low-latency-playback speaker
08-03 23:46:37.969   512  2967 D audio_hw_primary: disable_snd_device: snd_device(2: speaker)
08-03 23:46:37.976   512  2967 I soundtrigger: audio_extn_sound_trigger_update_device_status: device 0x2 of type 0 for Event 0
08-03 23:46:37.979  6583  6583 W Atfwd_Sendcmd: AtCmdFwd service not published, waiting... retryCnt : 3
08-03 23:46:37.990 10238 10258 I art     : Explicit concurrent mark sweep GC freed 160(6KB) AllocSpace objects, 3(272KB) LOS objects, 26% free, 43MB/59MB, paused 684us total 27.294ms
08-03 23:46:37.996   918 13198 D NetlinkSocketObserver: NeighborEvent{elapsedMs=1645001871, 192.168.2.254, [7C3953A63323], RTM_NEWNEIGH, NUD_PROBE}
08-03 23:46:38.003 10238 10258 I art     : Starting a blocking GC Explicit
08-03 23:46:38.031 10238 10258 I art     : Explicit concurrent mark sweep GC freed 157(3KB) AllocSpace objects, 0(0B) LOS objects, 26% free, 43MB/59MB, paused 707us total 27.389ms
08-03 23:46:38.106 13866 13866 I GoogleInputMethodServic: GoogleInputMethodService.onFinishInput():3138 
08-03 23:46:38.107 13866 13866 I GoogleInputMethodServic: GoogleInputMethodService.onStartInput():1808 
08-03 23:46:38.364 10238 10249 I art     : Starting a blocking GC Explicit
08-03 23:46:38.400 10238 10249 I art     : Explicit concurrent mark sweep GC freed 4063(1314KB) AllocSpace objects, 19(4MB) LOS objects, 28% free, 39MB/55MB, paused 550us total 35.970ms
08-03 23:46:38.412 10238 10249 I art     : Starting a blocking GC Explicit
08-03 23:46:38.441 10238 10249 I art     : Explicit concurrent mark sweep GC freed 258(5KB) AllocSpace objects, 0(0B) LOS objects, 28% free, 39MB/55MB, paused 691us total 28.204ms
08-03 23:46:38.453 10238 10249 I art     : Starting a blocking GC Explicit
08-03 23:46:38.482 10238 10249 I art     : Explicit concurrent mark sweep GC freed 170(2896B) AllocSpace objects, 0(0B) LOS objects, 28% free, 39MB/55MB, paused 519us total 28.507ms
08-03 23:46:38.494 10238 10249 I art     : Starting a blocking GC Explicit
08-03 23:46:38.524 10238 10249 I art     : Explicit concurrent mark sweep GC freed 186(3KB) AllocSpace objects, 0(0B) LOS objects, 28% free, 39MB/55MB, paused 706us total 29.432ms
08-03 23:46:38.536 10238 10249 I art     : Starting a blocking GC Explicit
08-03 23:46:38.566 10238 10249 I art     : Explicit concurrent mark sweep GC freed 180(3KB) AllocSpace objects, 0(0B) LOS objects, 28% free, 39MB/55MB, paused 571us total 28.994ms
08-03 23:46:38.904 10238 10258 I art     : Starting a blocking GC Explicit
08-03 23:46:38.935 10238 10258 I art     : Explicit concurrent mark sweep GC freed 3012(108KB) AllocSpace objects, 2(40KB) LOS objects, 28% free, 39MB/55MB, paused 550us total 31.214ms
08-03 23:46:38.948 10238 10258 I art     : Starting a blocking GC Explicit
08-03 23:46:38.977 10238 10258 I art     : Explicit concurrent mark sweep GC freed 238(4KB) AllocSpace objects, 0(0B) LOS objects, 28% free, 39MB/55MB, paused 536us total 28.703ms
08-03 23:46:38.990 10238 10258 I art     : Starting a blocking GC Explicit
08-03 23:46:39.020 10238 10258 I art     : Explicit concurrent mark sweep GC freed 146(2464B) AllocSpace objects, 0(0B) LOS objects, 28% free, 39MB/55MB, paused 555us total 29.910ms
08-03 23:46:39.033 10238 10258 I art     : Starting a blocking GC Explicit
08-03 23:46:39.064 10238 10258 I art     : Explicit concurrent mark sweep GC freed 223(3KB) AllocSpace objects, 0(0B) LOS objects, 28% free, 39MB/55MB, paused 558us total 31.027ms
08-03 23:46:39.077 10238 10258 I art     : Starting a blocking GC Explicit
08-03 23:46:39.108 10238 10258 I art     : Explicit concurrent mark sweep GC freed 183(3KB) AllocSpace objects, 0(0B) LOS objects, 28% free, 39MB/55MB, paused 589us total 30.087ms
08-03 23:46:39.193   518   646 I ThermalEngine: ACTION: GPU - Setting GPU[0] to 450000000
08-03 23:46:39.496 10238 10249 I art     : Starting a blocking GC Explicit
08-03 23:46:39.537 10238 10249 I art     : Explicit concurrent mark sweep GC freed 3302(114KB) AllocSpace objects, 2(40KB) LOS objects, 28% free, 39MB/55MB, paused 757us total 40.727ms
08-03 23:46:39.554 10238 10249 I art     : Starting a blocking GC Explicit
08-03 23:46:39.592 10238 10249 I art     : Explicit concurrent mark sweep GC freed 282(5KB) AllocSpace objects, 0(0B) LOS objects, 28% free, 39MB/55MB, paused 881us total 37.952ms
08-03 23:46:39.609 10238 10249 I art     : Starting a blocking GC Explicit
08-03 23:46:39.650 10238 10249 I art     : Explicit concurrent mark sweep GC freed 263(4KB) AllocSpace objects, 0(0B) LOS objects, 28% free, 39MB/55MB, paused 735us total 40.597ms
08-03 23:46:39.667 10238 10249 I art     : Starting a blocking GC Explicit
08-03 23:46:39.706 10238 10249 I art     : Explicit concurrent mark sweep GC freed 219(3KB) AllocSpace objects, 0(0B) LOS objects, 28% free, 39MB/55MB, paused 747us total 38.665ms
08-03 23:46:39.723 10238 10249 I art     : Starting a blocking GC Explicit
08-03 23:46:39.764 10238 10249 I art     : Explicit concurrent mark sweep GC freed 290(4KB) AllocSpace objects, 0(0B) LOS objects, 28% free, 39MB/55MB, paused 758us total 41.202ms
08-03 23:46:40.147 10238 10250 I art     : Starting a blocking GC Explicit
08-03 23:46:40.188 10238 10250 I art     : Explicit concurrent mark sweep GC freed 3228(112KB) AllocSpace objects, 2(40KB) LOS objects, 28% free, 39MB/55MB, paused 687us total 39.842ms
08-03 23:46:40.207 10238 10250 I art     : Starting a blocking GC Explicit
08-03 23:46:40.246 10238 10250 I art     : Explicit concurrent mark sweep GC freed 309(5KB) AllocSpace objects, 0(0B) LOS objects, 28% free, 39MB/55MB, paused 763us total 39.019ms
08-03 23:46:40.255 13225 13350 W FirebaseInstanceId: Token retrieval failed: SERVICE_NOT_AVAILABLE. Will retry token retrieval
08-03 23:46:40.263 10238 10250 I art     : Starting a blocking GC Explicit
08-03 23:46:40.302 10238 10250 I art     : Explicit concurrent mark sweep GC freed 220(3KB) AllocSpace objects, 0(0B) LOS objects, 28% free, 39MB/55MB, paused 701us total 38.281ms
08-03 23:46:40.318 10238 10250 I art     : Starting a blocking GC Explicit
08-03 23:46:40.359 10238 10250 I art     : Explicit concurrent mark sweep GC freed 225(3KB) AllocSpace objects, 0(0B) LOS objects, 28% free, 39MB/55MB, paused 932us total 40.008ms
08-03 23:46:40.376 10238 10250 I art     : Starting a blocking GC Explicit
08-03 23:46:40.416 10238 10250 I art     : Explicit concurrent mark sweep GC freed 284(4KB) AllocSpace objects, 0(0B) LOS objects, 28% free, 39MB/55MB, paused 757us total 40.244ms
08-03 23:46:40.820 10238 10258 I art     : Starting a blocking GC Explicit
08-03 23:46:40.861 10238 10258 I art     : Explicit concurrent mark sweep GC freed 3310(113KB) AllocSpace objects, 2(40KB) LOS objects, 28% free, 39MB/55MB, paused 776us total 40.804ms
08-03 23:46:40.878 10238 10258 I art     : Starting a blocking GC Explicit
08-03 23:46:40.918 10238 10258 I art     : Explicit concurrent mark sweep GC freed 300(5KB) AllocSpace objects, 0(0B) LOS objects, 28% free, 39MB/55MB, paused 712us total 39.316ms
08-03 23:46:40.935 10238 10258 I art     : Starting a blocking GC Explicit
08-03 23:46:40.973 10238 10258 I art     : Explicit concurrent mark sweep GC freed 220(3KB) AllocSpace objects, 0(0B) LOS objects, 28% free, 39MB/55MB, paused 735us total 38.531ms
08-03 23:46:40.990 10238 10258 I art     : Starting a blocking GC Explicit
08-03 23:46:41.030 10238 10258 I art     : Explicit concurrent mark sweep GC freed 243(3KB) AllocSpace objects, 0(0B) LOS objects, 28% free, 39MB/55MB, paused 791us total 39.227ms
08-03 23:46:41.047 10238 10258 I art     : Starting a blocking GC Explicit
08-03 23:46:41.086 10238 10258 I art     : Explicit concurrent mark sweep GC freed 266(4KB) AllocSpace objects, 0(0B) LOS objects, 28% free, 39MB/55MB, paused 723us total 38.517ms
08-03 23:46:41.197   518   646 I ThermalEngine: ACTION: GPU - Setting GPU[0] to 510000000
08-03 23:46:41.466 10238 10640 I art     : Starting a blocking GC Explicit
08-03 23:46:41.495 10238 10640 I art     : Explicit concurrent mark sweep GC freed 3204(112KB) AllocSpace objects, 2(40KB) LOS objects, 28% free, 39MB/55MB, paused 601us total 29.361ms
08-03 23:46:41.508 10238 10640 I art     : Starting a blocking GC Explicit
08-03 23:46:41.536 10238 10640 I art     : Explicit concurrent mark sweep GC freed 190(3KB) AllocSpace objects, 0(0B) LOS objects, 28% free, 39MB/55MB, paused 522us total 28.010ms
08-03 23:46:41.549 10238 10640 I art     : Starting a blocking GC Explicit
08-03 23:46:41.578 10238 10640 I art     : Explicit concurrent mark sweep GC freed 154(2624B) AllocSpace objects, 0(0B) LOS objects, 28% free, 39MB/55MB, paused 718us total 28.506ms
08-03 23:46:41.590 10238 10640 I art     : Starting a blocking GC Explicit
08-03 23:46:41.619 10238 10640 I art     : Explicit concurrent mark sweep GC freed 213(3KB) AllocSpace objects, 0(0B) LOS objects, 28% free, 39MB/55MB, paused 526us total 28.378ms
08-03 23:46:41.631 10238 10640 I art     : Starting a blocking GC Explicit
08-03 23:46:41.660 10238 10640 I art     : Explicit concurrent mark sweep GC freed 151(2544B) AllocSpace objects, 0(0B) LOS objects, 28% free, 39MB/55MB, paused 547us total 28.366ms
08-03 23:46:42.024 10238 10249 I art     : Starting a blocking GC Explicit
08-03 23:46:42.054 10238 10249 I art     : Explicit concurrent mark sweep GC freed 3152(111KB) AllocSpace objects, 2(40KB) LOS objects, 28% free, 39MB/55MB, paused 553us total 29.702ms
08-03 23:46:42.065 11125 11125 D AndroidRuntime: >>>>>> START com.android.internal.os.RuntimeInit uid 2000 <<<<<<
08-03 23:46:42.068 10238 10249 I art     : Starting a blocking GC Explicit
08-03 23:46:42.070 11125 11125 D AndroidRuntime: CheckJNI is OFF
08-03 23:46:42.096 10238 10249 I art     : Explicit concurrent mark sweep GC freed 193(3KB) AllocSpace objects, 0(0B) LOS objects, 28% free, 39MB/55MB, paused 663us total 28.491ms
08-03 23:46:42.105 11125 11125 D ICU     : No timezone override file found: /data/misc/zoneinfo/current/icu/icu_tzdata.dat
08-03 23:46:42.109 10238 10249 I art     : Starting a blocking GC Explicit
08-03 23:46:42.136 10238 10249 I art     : Explicit concurrent mark sweep GC freed 191(3KB) AllocSpace objects, 0(0B) LOS objects, 28% free, 39MB/55MB, paused 567us total 27.583ms
08-03 23:46:42.139 11125 11125 I Radio-JNI: register_android_hardware_Radio DONE
08-03 23:46:42.149 10238 10249 I art     : Starting a blocking GC Explicit
08-03 23:46:42.161 11125 11125 D AndroidRuntime: Calling main entry com.android.commands.input.Input
08-03 23:46:42.163 11125 11125 I Input   : injectKeyEvent: KeyEvent { action=ACTION_DOWN, keyCode=KEYCODE_BACK, scanCode=0, metaState=0, flags=0x0, repeatCount=0, eventTime=661618576, downTime=661618576, deviceId=-1, source=0x101 }
08-03 23:46:42.168 11125 11125 I Input   : injectKeyEvent: KeyEvent { action=ACTION_UP, keyCode=KEYCODE_BACK, scanCode=0, metaState=0, flags=0x0, repeatCount=0, eventTime=661618576, downTime=661618576, deviceId=-1, source=0x101 }
08-03 23:46:42.174 11125 11125 D AndroidRuntime: Shutting down VM
08-03 23:46:42.177 10238 10249 I art     : Explicit concurrent mark sweep GC freed 151(2720B) AllocSpace objects, 0(0B) LOS objects, 28% free, 39MB/55MB, paused 652us total 27.794ms
08-03 23:46:42.189 10238 10249 I art     : Starting a blocking GC Explicit
08-03 23:46:42.215 10238 10249 I art     : Explicit concurrent mark sweep GC freed 195(4KB) AllocSpace objects, 0(0B) LOS objects, 28% free, 39MB/55MB, paused 483us total 25.674ms
08-03 23:46:42.221 13866 13866 I GoogleInputMethodServic: GoogleInputMethodService.onFinishInput():3138 
08-03 23:46:42.221 13866 13866 I GoogleInputMethodServic: GoogleInputMethodService.onStartInput():1808 
08-03 23:46:42.526   380   380 W SurfaceFlinger: couldn't log to binary event log: overflow.
08-03 23:46:42.542 10238 10258 I art     : Starting a blocking GC Explicit
08-03 23:46:42.569 10238 10258 I art     : Explicit concurrent mark sweep GC freed 3057(111KB) AllocSpace objects, 3(228KB) LOS objects, 28% free, 39MB/55MB, paused 474us total 26.535ms
08-03 23:46:42.581 10238 10258 I art     : Starting a blocking GC Explicit
08-03 23:46:42.608 10238 10258 I art     : Explicit concurrent mark sweep GC freed 253(9KB) AllocSpace objects, 0(0B) LOS objects, 28% free, 39MB/55MB, paused 480us total 26.603ms
08-03 23:46:42.619 10238 10258 I art     : Starting a blocking GC Explicit
08-03 23:46:42.645 10238 10258 I art     : Explicit concurrent mark sweep GC freed 4684(334KB) AllocSpace objects, 7(132KB) LOS objects, 29% free, 38MB/54MB, paused 609us total 24.886ms
08-03 23:46:42.656 10238 10258 I art     : Starting a blocking GC Explicit
08-03 23:46:42.680 10238 10258 I art     : Explicit concurrent mark sweep GC freed 122(2096B) AllocSpace objects, 0(0B) LOS objects, 29% free, 38MB/54MB, paused 505us total 24.102ms
08-03 23:46:42.692 10238 10258 I art     : Starting a blocking GC Explicit
08-03 23:46:42.717 10238 10258 I art     : Explicit concurrent mark sweep GC freed 98(1664B) AllocSpace objects, 0(0B) LOS objects, 29% free, 38MB/54MB, paused 523us total 24.315ms
08-03 23:46:43.037 10238 10250 I art     : Starting a blocking GC Explicit
08-03 23:46:43.065 10238 10250 I art     : Explicit concurrent mark sweep GC freed 2436(99KB) AllocSpace objects, 2(40KB) LOS objects, 29% free, 38MB/54MB, paused 516us total 27.653ms
08-03 23:46:43.077 10238 10250 I art     : Starting a blocking GC Explicit
08-03 23:46:43.105 10238 10250 I art     : Explicit concurrent mark sweep GC freed 117(2352B) AllocSpace objects, 0(0B) LOS objects, 29% free, 38MB/54MB, paused 534us total 28.007ms
08-03 23:46:43.118 10238 10250 I art     : Starting a blocking GC Explicit
08-03 23:46:43.145 10238 10250 I art     : Explicit concurrent mark sweep GC freed 134(2272B) AllocSpace objects, 0(0B) LOS objects, 29% free, 38MB/54MB, paused 626us total 27.072ms
08-03 23:46:43.157 10238 10250 I art     : Starting a blocking GC Explicit
08-03 23:46:43.184 10238 10250 I art     : Explicit concurrent mark sweep GC freed 113(1952B) AllocSpace objects, 0(0B) LOS objects, 29% free, 38MB/54MB, paused 499us total 25.941ms
08-03 23:46:43.196 10238 10250 I art     : Starting a blocking GC Explicit
08-03 23:46:43.221 10238 10250 I art     : Explicit concurrent mark sweep GC freed 99(1696B) AllocSpace objects, 0(0B) LOS objects, 29% free, 38MB/54MB, paused 479us total 24.865ms
08-03 23:46:43.530 10238 10249 I art     : Starting a blocking GC Explicit
08-03 23:46:43.558 10238 10249 I art     : Explicit concurrent mark sweep GC freed 2387(98KB) AllocSpace objects, 2(40KB) LOS objects, 29% free, 38MB/54MB, paused 550us total 27.641ms
08-03 23:46:43.570 10238 10249 I art     : Starting a blocking GC Explicit
08-03 23:46:43.598 10238 10249 I art     : Explicit concurrent mark sweep GC freed 166(3KB) AllocSpace objects, 0(0B) LOS objects, 29% free, 38MB/54MB, paused 818us total 27.419ms
08-03 23:46:43.610 10238 10249 I art     : Starting a blocking GC Explicit
08-03 23:46:43.637 10238 10249 I art     : Explicit concurrent mark sweep GC freed 98(1664B) AllocSpace objects, 0(0B) LOS objects, 29% free, 38MB/54MB, paused 639us total 26.670ms
08-03 23:46:43.649 10238 10249 I art     : Starting a blocking GC Explicit
08-03 23:46:43.676 10238 10249 I art     : Explicit concurrent mark sweep GC freed 100(1728B) AllocSpace objects, 0(0B) LOS objects, 29% free, 38MB/54MB, paused 530us total 26.904ms
08-03 23:46:43.689 10238 10249 I art     : Starting a blocking GC Explicit
08-03 23:46:43.716 10238 10249 I art     : Explicit concurrent mark sweep GC freed 147(2496B) AllocSpace objects, 0(0B) LOS objects, 29% free, 38MB/54MB, paused 526us total 26.802ms
08-03 23:46:43.820 11176 11176 D AndroidRuntime: >>>>>> START com.android.internal.os.RuntimeInit uid 2000 <<<<<<
08-03 23:46:43.825 11176 11176 D AndroidRuntime: CheckJNI is OFF
08-03 23:46:43.861 11176 11176 D ICU     : No timezone override file found: /data/misc/zoneinfo/current/icu/icu_tzdata.dat
08-03 23:46:43.893 11176 11176 I Radio-JNI: register_android_hardware_Radio DONE
08-03 23:46:43.914 11176 11176 D AndroidRuntime: Calling main entry com.android.commands.input.Input
08-03 23:46:43.915 11176 11176 I Input   : injectKeyEvent: KeyEvent { action=ACTION_DOWN, keyCode=KEYCODE_BACK, scanCode=0, metaState=0, flags=0x0, repeatCount=0, eventTime=661620329, downTime=661620329, deviceId=-1, source=0x101 }
08-03 23:46:43.921 11176 11176 I Input   : injectKeyEvent: KeyEvent { action=ACTION_UP, keyCode=KEYCODE_BACK, scanCode=0, metaState=0, flags=0x0, repeatCount=0, eventTime=661620329, downTime=661620329, deviceId=-1, source=0x101 }
08-03 23:46:43.927 11176 11176 D AndroidRuntime: Shutting down VM
08-03 23:46:43.945 10238 10238 V MainActivity: url = https://project-travel-mate.herokuapp.com/api/number-of-unread-notifications
08-03 23:46:43.974 13866 13866 I GoogleInputMethodServic: GoogleInputMethodService.onFinishInput():3138 
08-03 23:46:43.975 13866 13866 I GoogleInputMethodServic: GoogleInputMethodService.onStartInput():1808 
08-03 23:46:44.049 10238 10249 I art     : Starting a blocking GC Explicit
08-03 23:46:44.075 10238 10249 I art     : Explicit concurrent mark sweep GC freed 2992(124KB) AllocSpace objects, 2(40KB) LOS objects, 29% free, 38MB/54MB, paused 565us total 26.231ms
08-03 23:46:44.087 10238 10249 I art     : Starting a blocking GC Explicit
08-03 23:46:44.113 10238 10249 I art     : Explicit concurrent mark sweep GC freed 223(5KB) AllocSpace objects, 0(0B) LOS objects, 29% free, 38MB/54MB, paused 599us total 25.714ms
08-03 23:46:44.126 10238 10249 I art     : Starting a blocking GC Explicit
08-03 23:46:44.154 10238 10249 I art     : Explicit concurrent mark sweep GC freed 118(2672B) AllocSpace objects, 0(0B) LOS objects, 29% free, 38MB/54MB, paused 514us total 27.207ms
08-03 23:46:44.166 10238 10249 I art     : Starting a blocking GC Explicit
08-03 23:46:44.192 10238 10249 I art     : Explicit concurrent mark sweep GC freed 106(2000B) AllocSpace objects, 0(0B) LOS objects, 29% free, 38MB/54MB, paused 557us total 26.079ms
08-03 23:46:44.205 10238 10249 I art     : Starting a blocking GC Explicit
08-03 23:46:44.236 10238 10249 I art     : Explicit concurrent mark sweep GC freed 150(2624B) AllocSpace objects, 0(0B) LOS objects, 29% free, 38MB/54MB, paused 606us total 30.785ms
08-03 23:46:44.261   380   380 W SurfaceFlinger: couldn't log to binary event log: overflow.
08-03 23:46:44.504 10238 11203 I NAPPA_EXPERIMENTATION: MetricNetworkRequestExecutionTime: REQUEST_DURATION_SYSTEM='558',REQUEST_DURATION_OKHTTP='32',REQUEST_SYNCHRONOUS='FALSE',RESPONSE_CODE='200',RESPONSE_METHOD='GET',RESPONSE_LENGTH_OKHTTP='36',RESPONSE_LENGTH_HEADER='36',REQUEST_PROTOCOL='http/1.1',REQUEST_URL='https://project-travel-mate.herokuapp.com/api/number-of-unread-notifications',
08-03 23:46:44.540 10238 10258 I art     : Starting a blocking GC Explicit
08-03 23:46:44.572 10238 10258 I art     : Explicit concurrent mark sweep GC freed 4761(240KB) AllocSpace objects, 5(240KB) LOS objects, 29% free, 39MB/55MB, paused 597us total 31.765ms
08-03 23:46:44.585 10238 10258 I art     : Starting a blocking GC Explicit
08-03 23:46:44.614 10238 10258 I art     : Explicit concurrent mark sweep GC freed 1163(125KB) AllocSpace objects, 0(0B) LOS objects, 29% free, 39MB/55MB, paused 628us total 28.876ms
08-03 23:46:44.626 10238 10258 I art     : Starting a blocking GC Explicit
08-03 23:46:44.655 10238 10258 I art     : Explicit concurrent mark sweep GC freed 52(928B) AllocSpace objects, 0(0B) LOS objects, 29% free, 39MB/55MB, paused 587us total 28.492ms
08-03 23:46:44.668 10238 10258 I art     : Starting a blocking GC Explicit
08-03 23:46:44.697 10238 10258 I art     : Explicit concurrent mark sweep GC freed 74(1264B) AllocSpace objects, 0(0B) LOS objects, 29% free, 39MB/55MB, paused 675us total 29.251ms
08-03 23:46:44.710 10238 10258 I art     : Starting a blocking GC Explicit
08-03 23:46:44.740 10238 10258 I art     : Explicit concurrent mark sweep GC freed 52(928B) AllocSpace objects, 0(0B) LOS objects, 29% free, 39MB/55MB, paused 594us total 29.601ms
08-03 23:46:45.070 10238 10640 I art     : Starting a blocking GC Explicit
08-03 23:46:45.100 10238 10640 I art     : Explicit concurrent mark sweep GC freed 1955(91KB) AllocSpace objects, 2(40KB) LOS objects, 29% free, 39MB/55MB, paused 578us total 29.781ms
08-03 23:46:45.115 10238 10640 I art     : Starting a blocking GC Explicit
08-03 23:46:45.144 10238 10640 I art     : Explicit concurrent mark sweep GC freed 70(1584B) AllocSpace objects, 0(0B) LOS objects, 29% free, 39MB/55MB, paused 574us total 28.245ms
08-03 23:46:45.156 10238 10640 I art     : Starting a blocking GC Explicit
08-03 23:46:45.184 10238 10640 I art     : Explicit concurrent mark sweep GC freed 75(1296B) AllocSpace objects, 0(0B) LOS objects, 29% free, 39MB/55MB, paused 558us total 27.227ms
08-03 23:46:45.196 10238 10640 I art     : Starting a blocking GC Explicit
08-03 23:46:45.224 10238 10640 I art     : Explicit concurrent mark sweep GC freed 51(896B) AllocSpace objects, 0(0B) LOS objects, 29% free, 39MB/55MB, paused 585us total 27.282ms
08-03 23:46:45.236 10238 10640 I art     : Starting a blocking GC Explicit
08-03 23:46:45.263 10238 10640 I art     : Explicit concurrent mark sweep GC freed 52(912B) AllocSpace objects, 0(0B) LOS objects, 29% free, 39MB/55MB, paused 669us total 26.731ms
08-03 23:46:45.571 11225 11225 D AndroidRuntime: >>>>>> START com.android.internal.os.RuntimeInit uid 2000 <<<<<<
08-03 23:46:45.576 11225 11225 D AndroidRuntime: CheckJNI is OFF
08-03 23:46:45.577 10238 10250 I art     : Starting a blocking GC Explicit
08-03 23:46:45.605 10238 10250 I art     : Explicit concurrent mark sweep GC freed 1947(92KB) AllocSpace objects, 2(40KB) LOS objects, 29% free, 39MB/55MB, paused 593us total 27.728ms
08-03 23:46:45.611 11225 11225 D ICU     : No timezone override file found: /data/misc/zoneinfo/current/icu/icu_tzdata.dat
08-03 23:46:45.617 10238 10250 I art     : Starting a blocking GC Explicit
08-03 23:46:45.643 11225 11225 I Radio-JNI: register_android_hardware_Radio DONE
08-03 23:46:45.643 10238 10250 I art     : Explicit concurrent mark sweep GC freed 84(2256B) AllocSpace objects, 0(0B) LOS objects, 29% free, 39MB/55MB, paused 601us total 26.415ms
08-03 23:46:45.656 10238 10250 I art     : Starting a blocking GC Explicit
08-03 23:46:45.665 11225 11225 D AndroidRuntime: Calling main entry com.android.commands.input.Input
08-03 23:46:45.667 11225 11225 I Input   : injectMotionEvent: MotionEvent { action=ACTION_DOWN, actionButton=0, id[0]=0, x[0]=346.0, y[0]=709.0, toolType[0]=TOOL_TYPE_UNKNOWN, buttonState=0, metaState=0, flags=0x0, edgeFlags=0x0, pointerCount=1, historySize=0, eventTime=661622079, downTime=661622079, deviceId=0, source=0x1002 }
08-03 23:46:45.673 11225 11225 I Input   : injectMotionEvent: MotionEvent { action=ACTION_UP, actionButton=0, id[0]=0, x[0]=346.0, y[0]=709.0, toolType[0]=TOOL_TYPE_UNKNOWN, buttonState=0, metaState=0, flags=0x0, edgeFlags=0x0, pointerCount=1, historySize=0, eventTime=661622079, downTime=661622079, deviceId=0, source=0x1002 }
08-03 23:46:45.682 10238 10250 I art     : Explicit concurrent mark sweep GC freed 1435(179KB) AllocSpace objects, 0(0B) LOS objects, 29% free, 39MB/55MB, paused 834us total 26.506ms
08-03 23:46:45.683   918  5952 I ActivityManager: START u0 {cmp=baseline.io.github.project_travel_mate/.destinations.description.FinalCityInfoActivity (has extras)} from uid 10650 on display 0
08-03 23:46:45.690 11225 11225 D AndroidRuntime: Shutting down VM
08-03 23:46:45.697 10238 10250 I art     : Starting a blocking GC Explicit
08-03 23:46:45.709 10238 10307 D Gabe    : call	returning from cache
08-03 23:46:45.725 10238 10250 I art     : Explicit concurrent mark sweep GC freed 2548(141KB) AllocSpace objects, 0(0B) LOS objects, 28% free, 39MB/55MB, paused 993us total 27.489ms
08-03 23:46:45.736 10238 10250 I art     : Starting a blocking GC Explicit
08-03 23:46:45.736 10238 10238 V EXECUTING: https://project-travel-mate.herokuapp.com/api/get-city-weather/1
08-03 23:46:45.764 10238 10250 I art     : Explicit concurrent mark sweep GC freed 2116(147KB) AllocSpace objects, 0(0B) LOS objects, 28% free, 39MB/55MB, paused 776us total 27.397ms
08-03 23:46:45.869   918   936 I ActivityManager: Displayed baseline.io.github.project_travel_mate/.destinations.description.FinalCityInfoActivity: +176ms
08-03 23:46:45.869 13866 13866 I GoogleInputMethodServic: GoogleInputMethodService.onFinishInput():3138 
08-03 23:46:45.870 13866 13866 I GoogleInputMethodServic: GoogleInputMethodService.onStartInput():1808 
08-03 23:46:46.058 10238 10249 I art     : Starting a blocking GC Explicit
08-03 23:46:46.093 10238 10249 I art     : Explicit concurrent mark sweep GC freed 2850(129KB) AllocSpace objects, 2(40KB) LOS objects, 26% free, 43MB/59MB, paused 706us total 34.871ms
08-03 23:46:46.106 10238 10249 I art     : Starting a blocking GC Explicit
08-03 23:46:46.130   380   380 W SurfaceFlinger: couldn't log to binary event log: overflow.
08-03 23:46:46.140 10238 10249 I art     : Explicit concurrent mark sweep GC freed 170(3KB) AllocSpace objects, 0(0B) LOS objects, 26% free, 43MB/59MB, paused 656us total 33.802ms
08-03 23:46:46.153 10238 10249 I art     : Starting a blocking GC Explicit
08-03 23:46:46.181 10238 10249 I art     : Explicit concurrent mark sweep GC freed 386(14KB) AllocSpace objects, 0(0B) LOS objects, 26% free, 43MB/59MB, paused 802us total 27.559ms
08-03 23:46:46.193 10238 10249 I art     : Starting a blocking GC Explicit
08-03 23:46:46.222 10238 10249 I art     : Explicit concurrent mark sweep GC freed 4529(232KB) AllocSpace objects, 2(120KB) LOS objects, 26% free, 43MB/59MB, paused 682us total 28.325ms
08-03 23:46:46.234 10238 10249 I art     : Starting a blocking GC Explicit
08-03 23:46:46.264 10238 10249 I art     : Explicit concurrent mark sweep GC freed 1130(118KB) AllocSpace objects, 1(80KB) LOS objects, 26% free, 43MB/59MB, paused 760us total 29.732ms
08-03 23:46:46.268 10238 11250 I NAPPA_EXPERIMENTATION: MetricNetworkRequestExecutionTime: REQUEST_DURATION_SYSTEM='531',REQUEST_DURATION_OKHTTP='51',REQUEST_SYNCHRONOUS='FALSE',RESPONSE_CODE='200',RESPONSE_METHOD='GET',RESPONSE_LENGTH_OKHTTP='238',RESPONSE_LENGTH_HEADER='238',REQUEST_PROTOCOL='http/1.1',REQUEST_URL='https://project-travel-mate.herokuapp.com/api/get-city-weather/1',
08-03 23:46:46.271 10238 11251 I NAPPA_EXPERIMENTATION: MetricNetworkRequestExecutionTime: REQUEST_DURATION_SYSTEM='533',REQUEST_DURATION_OKHTTP='55',REQUEST_SYNCHRONOUS='FALSE',RESPONSE_CODE='200',RESPONSE_METHOD='GET',RESPONSE_LENGTH_OKHTTP='530',RESPONSE_LENGTH_HEADER='530',REQUEST_PROTOCOL='http/1.1',REQUEST_URL='https://project-travel-mate.herokuapp.com/api/get-city/1',
08-03 23:46:46.309 10238 11251 V Response: {"id":1,"city_name":"Delhi","description":"Delhi, officially the National Capital Territory of Delhi, is the Capital territory of India. During the British Raj, Delhi was part of the province of Punjab and is still historically and culturally connected to the Punjab region.","latitude":"28.613900","longitude":"77.209000","facts_count":6,"images":["https://upload.wikimedia.org/wikipedia/commons/9/94/%E0%B4%96%E0%B5%81%E0%B4%A4%E0%B5%8D%E0%B4%AC%E0%B5%8D_%E0%B4%AE%E0%B4%BF%E0%B4%A8%E0%B4%BE%E0%B5%BC1.jpg"],"has_visited":false}
08-03 23:46:46.574 10238 10640 I art     : Starting a blocking GC Explicit
08-03 23:46:46.607 10238 10640 I art     : Explicit concurrent mark sweep GC freed 4389(230KB) AllocSpace objects, 3(4MB) LOS objects, 28% free, 39MB/55MB, paused 634us total 33.106ms
08-03 23:46:46.620 10238 10640 I art     : Starting a blocking GC Explicit
08-03 23:46:46.653 10238 10640 I art     : Explicit concurrent mark sweep GC freed 230(5KB) AllocSpace objects, 0(0B) LOS objects, 28% free, 39MB/55MB, paused 580us total 31.807ms
08-03 23:46:46.665 10238 10640 I art     : Starting a blocking GC Explicit
08-03 23:46:46.698 10238 10640 I art     : Explicit concurrent mark sweep GC freed 99(1696B) AllocSpace objects, 0(0B) LOS objects, 28% free, 39MB/55MB, paused 643us total 31.935ms
08-03 23:46:46.710 10238 10640 I art     : Starting a blocking GC Explicit
08-03 23:46:46.742 10238 10640 I art     : Explicit concurrent mark sweep GC freed 147(2496B) AllocSpace objects, 0(0B) LOS objects, 28% free, 39MB/55MB, paused 642us total 31.637ms
08-03 23:46:46.755 10238 10640 I art     : Starting a blocking GC Explicit
08-03 23:46:46.786 10238 10640 I art     : Explicit concurrent mark sweep GC freed 147(2496B) AllocSpace objects, 0(0B) LOS objects, 28% free, 39MB/55MB, paused 643us total 30.827ms
08-03 23:46:47.119 10238 10250 I art     : Starting a blocking GC Explicit
08-03 23:46:47.153 10238 10250 I art     : Explicit concurrent mark sweep GC freed 2505(101KB) AllocSpace objects, 2(40KB) LOS objects, 28% free, 39MB/55MB, paused 646us total 33.253ms
08-03 23:46:47.167 10238 10250 I art     : Starting a blocking GC Explicit
08-03 23:46:47.199 10238 10250 I art     : Explicit concurrent mark sweep GC freed 140(3KB) AllocSpace objects, 0(0B) LOS objects, 28% free, 39MB/55MB, paused 676us total 31.598ms
08-03 23:46:47.211   518   646 I ThermalEngine: ACTION: GPU - Setting GPU[0] to 450000000
08-03 23:46:47.213 10238 10250 I art     : Starting a blocking GC Explicit
08-03 23:46:47.252 10238 10250 I art     : Explicit concurrent mark sweep GC freed 183(3KB) AllocSpace objects, 0(0B) LOS objects, 28% free, 39MB/55MB, paused 872us total 38.263ms
08-03 23:46:47.269 10238 10250 I art     : Starting a blocking GC Explicit
08-03 23:46:47.308 10238 10250 I art     : Explicit concurrent mark sweep GC freed 149(2560B) AllocSpace objects, 0(0B) LOS objects, 28% free, 39MB/55MB, paused 907us total 39.239ms
08-03 23:46:47.326 10238 10250 I art     : Starting a blocking GC Explicit
08-03 23:46:47.366 10238 10250 I art     : Explicit concurrent mark sweep GC freed 148(2512B) AllocSpace objects, 0(0B) LOS objects, 28% free, 39MB/55MB, paused 935us total 39.812ms
08-03 23:46:47.767 10238 10258 I art     : Starting a blocking GC Explicit
08-03 23:46:47.810 10238 10258 I art     : Explicit concurrent mark sweep GC freed 2721(104KB) AllocSpace objects, 2(40KB) LOS objects, 28% free, 39MB/55MB, paused 913us total 42.426ms
08-03 23:46:47.828 10238 10258 I art     : Starting a blocking GC Explicit
08-03 23:46:47.869 10238 10258 I art     : Explicit concurrent mark sweep GC freed 183(3KB) AllocSpace objects, 0(0B) LOS objects, 28% free, 39MB/55MB, paused 963us total 40.100ms
08-03 23:46:47.885 10238 10258 I art     : Starting a blocking GC Explicit
08-03 23:46:47.928 10238 10258 I art     : Explicit concurrent mark sweep GC freed 178(3008B) AllocSpace objects, 0(0B) LOS objects, 28% free, 39MB/55MB, paused 922us total 42.050ms
08-03 23:46:47.944 10238 10258 I art     : Starting a blocking GC Explicit
08-03 23:46:47.986 10238 10258 I art     : Explicit concurrent mark sweep GC freed 164(2784B) AllocSpace objects, 0(0B) LOS objects, 28% free, 39MB/55MB, paused 981us total 41.237ms
08-03 23:46:48.003 10238 10258 I art     : Starting a blocking GC Explicit
08-03 23:46:48.046 10238 10258 I art     : Explicit concurrent mark sweep GC freed 178(3008B) AllocSpace objects, 0(0B) LOS objects, 28% free, 39MB/55MB, paused 870us total 42.953ms
08-03 23:46:48.444 10238 10640 I art     : Starting a blocking GC Explicit
08-03 23:46:48.489 10238 10640 I art     : Explicit concurrent mark sweep GC freed 2720(104KB) AllocSpace objects, 2(40KB) LOS objects, 28% free, 39MB/55MB, paused 1.002ms total 44.102ms
08-03 23:46:48.506 10238 10640 I art     : Starting a blocking GC Explicit
08-03 23:46:48.548 10238 10640 I art     : Explicit concurrent mark sweep GC freed 192(3KB) AllocSpace objects, 0(0B) LOS objects, 28% free, 39MB/55MB, paused 897us total 42.106ms
08-03 23:46:48.565 10238 10640 I art     : Starting a blocking GC Explicit
08-03 23:46:48.608 10238 10640 I art     : Explicit concurrent mark sweep GC freed 195(3KB) AllocSpace objects, 0(0B) LOS objects, 28% free, 39MB/55MB, paused 958us total 42.035ms
08-03 23:46:48.625 10238 10640 I art     : Starting a blocking GC Explicit
08-03 23:46:48.667 10238 10640 I art     : Explicit concurrent mark sweep GC freed 147(2496B) AllocSpace objects, 0(0B) LOS objects, 28% free, 39MB/55MB, paused 825us total 42.155ms
08-03 23:46:48.684 10238 10640 I art     : Starting a blocking GC Explicit
08-03 23:46:48.725 10238 10640 I art     : Explicit concurrent mark sweep GC freed 194(3KB) AllocSpace objects, 0(0B) LOS objects, 28% free, 39MB/55MB, paused 883us total 41.118ms
08-03 23:46:49.137 10238 10249 I art     : Starting a blocking GC Explicit
08-03 23:46:49.181 10238 10249 I art     : Explicit concurrent mark sweep GC freed 2724(104KB) AllocSpace objects, 2(40KB) LOS objects, 28% free, 39MB/55MB, paused 1.007ms total 43.848ms
08-03 23:46:49.198 10238 10249 I art     : Starting a blocking GC Explicit
08-03 23:46:49.214   518   646 I ThermalEngine: ACTION: GPU - Setting GPU[0] to 510000000
08-03 23:46:49.239 10238 10249 I art     : Explicit concurrent mark sweep GC freed 202(3KB) AllocSpace objects, 0(0B) LOS objects, 28% free, 39MB/55MB, paused 977us total 40.853ms
08-03 23:46:49.256 10238 10249 I art     : Starting a blocking GC Explicit
08-03 23:46:49.289 10238 10249 I art     : Explicit concurrent mark sweep GC freed 147(2512B) AllocSpace objects, 0(0B) LOS objects, 28% free, 39MB/55MB, paused 667us total 32.917ms
08-03 23:46:49.302 10238 10249 I art     : Starting a blocking GC Explicit
08-03 23:46:49.333 10238 10249 I art     : Explicit concurrent mark sweep GC freed 111(1888B) AllocSpace objects, 0(0B) LOS objects, 28% free, 39MB/55MB, paused 597us total 31.357ms
08-03 23:46:49.346 10238 10249 I art     : Starting a blocking GC Explicit
08-03 23:46:49.378 10238 10249 I art     : Explicit concurrent mark sweep GC freed 148(2528B) AllocSpace objects, 0(0B) LOS objects, 28% free, 39MB/55MB, paused 713us total 31.305ms
08-03 23:46:49.739 10238 10250 I art     : Starting a blocking GC Explicit
08-03 23:46:49.774 10238 10250 I art     : Explicit concurrent mark sweep GC freed 2546(101KB) AllocSpace objects, 2(40KB) LOS objects, 28% free, 39MB/55MB, paused 959us total 34.639ms
08-03 23:46:49.787 10238 10250 I art     : Starting a blocking GC Explicit
08-03 23:46:49.816 10238 10250 I art     : Explicit concurrent mark sweep GC freed 150(2912B) AllocSpace objects, 0(0B) LOS objects, 28% free, 39MB/55MB, paused 618us total 29.001ms
08-03 23:46:49.828 10238 10250 I art     : Starting a blocking GC Explicit
08-03 23:46:49.858 10238 10250 I art     : Explicit concurrent mark sweep GC freed 148(2528B) AllocSpace objects, 0(0B) LOS objects, 28% free, 39MB/55MB, paused 638us total 30.178ms
08-03 23:46:49.871 10238 10250 I art     : Starting a blocking GC Explicit
08-03 23:46:49.903 10238 10250 I art     : Explicit concurrent mark sweep GC freed 103(1744B) AllocSpace objects, 0(0B) LOS objects, 28% free, 39MB/55MB, paused 678us total 32.266ms
08-03 23:46:49.916 10238 10250 I art     : Starting a blocking GC Explicit
08-03 23:46:49.947 10238 10250 I art     : Explicit concurrent mark sweep GC freed 166(3KB) AllocSpace objects, 0(0B) LOS objects, 28% free, 39MB/55MB, paused 674us total 30.343ms
08-03 23:46:50.267 10238 10640 I art     : Starting a blocking GC Explicit
08-03 23:46:50.298 10238 10640 I art     : Explicit concurrent mark sweep GC freed 2445(100KB) AllocSpace objects, 2(40KB) LOS objects, 28% free, 39MB/55MB, paused 709us total 30.795ms
08-03 23:46:50.310 10238 10640 I art     : Starting a blocking GC Explicit
08-03 23:46:50.341 10238 10640 I art     : Explicit concurrent mark sweep GC freed 154(2976B) AllocSpace objects, 0(0B) LOS objects, 28% free, 39MB/55MB, paused 753us total 30.275ms
08-03 23:46:50.353 10238 10640 I art     : Starting a blocking GC Explicit
08-03 23:46:50.364 11325 11325 D AndroidRuntime: >>>>>> START com.android.internal.os.RuntimeInit uid 2000 <<<<<<
08-03 23:46:50.369 11325 11325 D AndroidRuntime: CheckJNI is OFF
08-03 23:46:50.384 10238 10640 I art     : Explicit concurrent mark sweep GC freed 111(1904B) AllocSpace objects, 0(0B) LOS objects, 28% free, 39MB/55MB, paused 716us total 30.526ms
08-03 23:46:50.397 10238 10640 I art     : Starting a blocking GC Explicit
08-03 23:46:50.405 11325 11325 D ICU     : No timezone override file found: /data/misc/zoneinfo/current/icu/icu_tzdata.dat
08-03 23:46:50.426 10238 10640 I art     : Explicit concurrent mark sweep GC freed 147(2496B) AllocSpace objects, 0(0B) LOS objects, 28% free, 39MB/55MB, paused 670us total 29.095ms
08-03 23:46:50.439 10238 10640 I art     : Starting a blocking GC Explicit
08-03 23:46:50.440 11325 11325 I Radio-JNI: register_android_hardware_Radio DONE
08-03 23:46:50.462 11325 11325 D AndroidRuntime: Calling main entry com.android.commands.input.Input
08-03 23:46:50.464 11325 11325 I Input   : injectMotionEvent: MotionEvent { action=ACTION_DOWN, actionButton=0, id[0]=0, x[0]=693.0, y[0]=1450.0, toolType[0]=TOOL_TYPE_UNKNOWN, buttonState=0, metaState=0, flags=0x0, edgeFlags=0x0, pointerCount=1, historySize=0, eventTime=661626877, downTime=661626877, deviceId=0, source=0x1002 }
08-03 23:46:50.469 10238 10640 I art     : Explicit concurrent mark sweep GC freed 99(1696B) AllocSpace objects, 0(0B) LOS objects, 28% free, 39MB/55MB, paused 750us total 29.966ms
08-03 23:46:50.470 11325 11325 I Input   : injectMotionEvent: MotionEvent { action=ACTION_UP, actionButton=0, id[0]=0, x[0]=693.0, y[0]=1450.0, toolType[0]=TOOL_TYPE_UNKNOWN, buttonState=0, metaState=0, flags=0x0, edgeFlags=0x0, pointerCount=1, historySize=0, eventTime=661626877, downTime=661626877, deviceId=0, source=0x1002 }
08-03 23:46:50.473 11325 11325 D AndroidRuntime: Shutting down VM
08-03 23:46:50.474   918  5952 I ActivityManager: START u0 {cmp=baseline.io.github.project_travel_mate/.destinations.description.CityHistoryActivity} from uid 10650 on display 0
08-03 23:46:50.476   512  2967 D audio_hw_primary: out_set_parameters: enter: usecase(1: low-latency-playback) kvpairs: routing=2
08-03 23:46:50.489   512  2967 D audio_hw_primary: select_devices: out_snd_device(2: speaker) in_snd_device(0: none)
08-03 23:46:50.489   512  2967 D msm8974_platform: platform_send_audio_calibration: sending audio calibration for snd_device(2) acdb_id(15)
08-03 23:46:50.489   512  2967 I soundtrigger: audio_extn_sound_trigger_update_device_status: device 0x2 of type 0 for Event 1
08-03 23:46:50.500   512  2967 D audio_hw_primary: enable_snd_device: snd_device(2: speaker)
08-03 23:46:50.502   512  2967 D audio_hw_primary: enable_audio_route: apply and update mixer path: low-latency-playback speaker
08-03 23:46:50.502 10238 10307 D Gabe    : call	returning from cache
08-03 23:46:50.504 10238 10238 V EXECUTING: https://project-travel-mate.herokuapp.com/api/get-city-information/1
08-03 23:46:50.625   918   936 I ActivityManager: Displayed baseline.io.github.project_travel_mate/.destinations.description.CityHistoryActivity: +141ms
08-03 23:46:50.625 13866 13866 I GoogleInputMethodServic: GoogleInputMethodService.onFinishInput():3138 
08-03 23:46:50.626 13866 13866 I GoogleInputMethodServic: GoogleInputMethodService.onStartInput():1808 
08-03 23:46:50.767 10238 10640 I art     : Starting a blocking GC Explicit
08-03 23:46:50.798 10238 10640 I art     : Explicit concurrent mark sweep GC freed 3321(158KB) AllocSpace objects, 2(40KB) LOS objects, 26% free, 44MB/60MB, paused 695us total 31.284ms
08-03 23:46:50.812 10238 10640 I art     : Starting a blocking GC Explicit
08-03 23:46:50.851 10238 10640 I art     : Explicit concurrent mark sweep GC freed 436(13KB) AllocSpace objects, 0(0B) LOS objects, 26% free, 44MB/60MB, paused 639us total 38.758ms
08-03 23:46:50.867 10238 10640 I art     : Starting a blocking GC Explicit
08-03 23:46:50.886   380   380 W SurfaceFlinger: couldn't log to binary event log: overflow.
08-03 23:46:50.905 10238 10640 I art     : Explicit concurrent mark sweep GC freed 289(4KB) AllocSpace objects, 0(0B) LOS objects, 26% free, 44MB/60MB, paused 707us total 37.071ms
08-03 23:46:50.917 10238 10640 I art     : Starting a blocking GC Explicit
08-03 23:46:50.946 10238 10640 I art     : Explicit concurrent mark sweep GC freed 148(2528B) AllocSpace objects, 0(0B) LOS objects, 26% free, 44MB/60MB, paused 627us total 28.625ms
08-03 23:46:50.958 10238 10640 I art     : Starting a blocking GC Explicit
08-03 23:46:50.990 10238 10640 I art     : Explicit concurrent mark sweep GC freed 220(3KB) AllocSpace objects, 0(0B) LOS objects, 26% free, 44MB/60MB, paused 631us total 31.279ms
08-03 23:46:51.040   512  2967 D audio_hw_primary: disable_audio_route: reset and update mixer path: low-latency-playback speaker
08-03 23:46:51.041   512  2967 D audio_hw_primary: disable_snd_device: snd_device(2: speaker)
08-03 23:46:51.049   512  2967 I soundtrigger: audio_extn_sound_trigger_update_device_status: device 0x2 of type 0 for Event 0
08-03 23:46:51.318 10238 10250 I art     : Starting a blocking GC Explicit
08-03 23:46:51.350 10238 10250 I art     : Explicit concurrent mark sweep GC freed 4887(230KB) AllocSpace objects, 4(160KB) LOS objects, 26% free, 44MB/60MB, paused 848us total 32.341ms
08-03 23:46:51.360 10238 11349 I NAPPA_EXPERIMENTATION: MetricNetworkRequestExecutionTime: REQUEST_DURATION_SYSTEM='855',REQUEST_DURATION_OKHTTP='28',REQUEST_SYNCHRONOUS='FALSE',RESPONSE_CODE='200',RESPONSE_METHOD='GET',RESPONSE_LENGTH_OKHTTP='55024',RESPONSE_LENGTH_HEADER='55024',REQUEST_PROTOCOL='http/1.1',REQUEST_URL='https://project-travel-mate.herokuapp.com/api/get-city-information/1',
08-03 23:46:51.363 10238 10250 I art     : Starting a blocking GC Explicit
08-03 23:46:51.394 10238 10250 I art     : Explicit concurrent mark sweep GC freed 1234(130KB) AllocSpace objects, 4(352KB) LOS objects, 26% free, 44MB/60MB, paused 800us total 30.254ms
08-03 23:46:51.406 10238 10250 I art     : Starting a blocking GC Explicit
08-03 23:46:51.436 10238 10250 I art     : Explicit concurrent mark sweep GC freed 132(4KB) AllocSpace objects, 0(0B) LOS objects, 26% free, 44MB/60MB, paused 724us total 29.118ms
08-03 23:46:51.449 10238 10250 I art     : Starting a blocking GC Explicit
08-03 23:46:51.480 10238 10250 I art     : Explicit concurrent mark sweep GC freed 131(2256B) AllocSpace objects, 0(0B) LOS objects, 26% free, 44MB/60MB, paused 797us total 30.650ms
08-03 23:46:51.492 10238 10250 I art     : Starting a blocking GC Explicit
08-03 23:46:51.523 10238 10250 I art     : Explicit concurrent mark sweep GC freed 980(983KB) AllocSpace objects, 12(328KB) LOS objects, 26% free, 44MB/60MB, paused 987us total 30.246ms
08-03 23:46:51.537 13866 13866 I GoogleInputMethodServic: GoogleInputMethodService.onFinishInput():3138 
08-03 23:46:51.537 13866 13866 I GoogleInputMethodServic: GoogleInputMethodService.onStartInput():1808 
08-03 23:46:51.849 10238 10640 I art     : Starting a blocking GC Explicit
08-03 23:46:51.890 10238 10640 I art     : Explicit concurrent mark sweep GC freed 3314(335KB) AllocSpace objects, 7(4MB) LOS objects, 28% free, 40MB/56MB, paused 669us total 40.304ms
08-03 23:46:51.903 10238 10640 I art     : Starting a blocking GC Explicit
08-03 23:46:51.936 10238 10640 I art     : Explicit concurrent mark sweep GC freed 292(6KB) AllocSpace objects, 0(0B) LOS objects, 28% free, 40MB/56MB, paused 659us total 32.921ms
08-03 23:46:51.948 10238 10640 I art     : Starting a blocking GC Explicit
08-03 23:46:51.981 10238 10640 I art     : Explicit concurrent mark sweep GC freed 221(3KB) AllocSpace objects, 0(0B) LOS objects, 28% free, 40MB/56MB, paused 657us total 32.177ms
08-03 23:46:51.994 10238 10640 I art     : Starting a blocking GC Explicit
08-03 23:46:52.027 10238 10640 I art     : Explicit concurrent mark sweep GC freed 219(3KB) AllocSpace objects, 0(0B) LOS objects, 28% free, 40MB/56MB, paused 652us total 32.773ms
08-03 23:46:52.040 10238 10640 I art     : Starting a blocking GC Explicit
08-03 23:46:52.073 10238 10640 I art     : Explicit concurrent mark sweep GC freed 218(3KB) AllocSpace objects, 0(0B) LOS objects, 28% free, 40MB/56MB, paused 687us total 33.228ms
08-03 23:46:52.221   518   646 I ThermalEngine: ACTION: GPU - Setting GPU[0] to 450000000
08-03 23:46:52.475 10238 10250 I art     : Starting a blocking GC Explicit
08-03 23:46:52.516 10238 10250 I art     : Explicit concurrent mark sweep GC freed 3330(114KB) AllocSpace objects, 2(40KB) LOS objects, 28% free, 40MB/56MB, paused 865us total 41.549ms
08-03 23:46:52.534 10238 10250 I art     : Starting a blocking GC Explicit
08-03 23:46:52.578 10238 10250 I art     : Explicit concurrent mark sweep GC freed 289(5KB) AllocSpace objects, 0(0B) LOS objects, 28% free, 40MB/56MB, paused 1.040ms total 44.094ms
08-03 23:46:52.596 10238 10250 I art     : Starting a blocking GC Explicit
08-03 23:46:52.641 10238 10250 I art     : Explicit concurrent mark sweep GC freed 255(4KB) AllocSpace objects, 0(0B) LOS objects, 28% free, 40MB/56MB, paused 975us total 44.731ms
08-03 23:46:52.658 10238 10250 I art     : Starting a blocking GC Explicit
08-03 23:46:52.703 10238 10250 I art     : Explicit concurrent mark sweep GC freed 275(4KB) AllocSpace objects, 0(0B) LOS objects, 28% free, 40MB/56MB, paused 852us total 44.006ms
08-03 23:46:52.708   918  3261 D WifiStateMachine: starting scan for "H369AA63323"WPA_PSK with 2412,5180
08-03 23:46:52.720 10238 10250 I art     : Starting a blocking GC Explicit
08-03 23:46:52.765 10238 10250 I art     : Explicit concurrent mark sweep GC freed 291(4KB) AllocSpace objects, 0(0B) LOS objects, 28% free, 40MB/56MB, paused 896us total 45.041ms
08-03 23:46:52.980  6583  6583 I ServiceManager: Waiting for service AtCmdFwd...
08-03 23:46:53.166 10238 10249 I art     : Starting a blocking GC Explicit
08-03 23:46:53.213 10238 10249 I art     : Explicit concurrent mark sweep GC freed 3368(115KB) AllocSpace objects, 2(40KB) LOS objects, 28% free, 40MB/56MB, paused 1.017ms total 46.188ms
08-03 23:46:53.232 10238 10249 I art     : Starting a blocking GC Explicit
08-03 23:46:53.277 10238 10249 I art     : Explicit concurrent mark sweep GC freed 296(5KB) AllocSpace objects, 0(0B) LOS objects, 28% free, 40MB/56MB, paused 1.021ms total 44.472ms
08-03 23:46:53.294 10238 10249 I art     : Starting a blocking GC Explicit
08-03 23:46:53.338 10238 10249 I art     : Explicit concurrent mark sweep GC freed 259(4KB) AllocSpace objects, 0(0B) LOS objects, 28% free, 40MB/56MB, paused 882us total 43.239ms
08-03 23:46:53.356 10238 10249 I art     : Starting a blocking GC Explicit
08-03 23:46:53.402 10238 10249 I art     : Explicit concurrent mark sweep GC freed 290(4KB) AllocSpace objects, 0(0B) LOS objects, 28% free, 40MB/56MB, paused 920us total 46.105ms
08-03 23:46:53.420 10238 10249 I art     : Starting a blocking GC Explicit
08-03 23:46:53.464 10238 10249 I art     : Explicit concurrent mark sweep GC freed 292(4KB) AllocSpace objects, 0(0B) LOS objects, 28% free, 40MB/56MB, paused 898us total 43.598ms
08-03 23:46:53.564   918  3188 I hubconnection: sensorhub said: 'set_bias 3: -5.7888, 0.0000, 0.0000'
08-03 23:46:53.868 10238 10640 I art     : Starting a blocking GC Explicit
08-03 23:46:53.916 10238 10640 I art     : Explicit concurrent mark sweep GC freed 3372(114KB) AllocSpace objects, 2(40KB) LOS objects, 28% free, 40MB/56MB, paused 891us total 47.139ms
08-03 23:46:53.937 10238 10640 I art     : Starting a blocking GC Explicit
08-03 23:46:53.980  6583  6583 I ServiceManager: Waiting for service AtCmdFwd...
08-03 23:46:53.981 10238 10640 I art     : Explicit concurrent mark sweep GC freed 310(5KB) AllocSpace objects, 0(0B) LOS objects, 28% free, 40MB/56MB, paused 886us total 43.130ms
08-03 23:46:53.998 10238 10640 I art     : Starting a blocking GC Explicit
08-03 23:46:54.041 10238 10640 I art     : Explicit concurrent mark sweep GC freed 221(3KB) AllocSpace objects, 0(0B) LOS objects, 28% free, 40MB/56MB, paused 1.037ms total 43.088ms
08-03 23:46:54.058 10238 10640 I art     : Starting a blocking GC Explicit
08-03 23:46:54.101 10238 10640 I art     : Explicit concurrent mark sweep GC freed 289(4KB) AllocSpace objects, 0(0B) LOS objects, 28% free, 40MB/56MB, paused 890us total 42.831ms
08-03 23:46:54.118 10238 10640 I art     : Starting a blocking GC Explicit
08-03 23:46:54.162 10238 10640 I art     : Explicit concurrent mark sweep GC freed 267(4KB) AllocSpace objects, 0(0B) LOS objects, 28% free, 40MB/56MB, paused 1.013ms total 43.539ms
08-03 23:46:54.223   518   646 I ThermalEngine: ACTION: GPU - Setting GPU[0] to 510000000
08-03 23:46:54.541 10238 10258 I art     : Starting a blocking GC Explicit
08-03 23:46:54.604 10238 10258 I art     : Explicit concurrent mark sweep GC freed 3335(114KB) AllocSpace objects, 2(40KB) LOS objects, 28% free, 40MB/56MB, paused 1.139ms total 62.546ms
08-03 23:46:54.618 10238 10258 I art     : Starting a blocking GC Explicit
08-03 23:46:54.652 10238 10258 I art     : Explicit concurrent mark sweep GC freed 249(4KB) AllocSpace objects, 0(0B) LOS objects, 28% free, 40MB/56MB, paused 739us total 33.134ms
08-03 23:46:54.665 10238 10258 I art     : Starting a blocking GC Explicit
08-03 23:46:54.698 10238 10258 I art     : Explicit concurrent mark sweep GC freed 219(3KB) AllocSpace objects, 0(0B) LOS objects, 28% free, 40MB/56MB, paused 654us total 32.869ms
08-03 23:46:54.711 10238 10258 I art     : Starting a blocking GC Explicit
08-03 23:46:54.744 10238 10258 I art     : Explicit concurrent mark sweep GC freed 217(3KB) AllocSpace objects, 0(0B) LOS objects, 28% free, 40MB/56MB, paused 672us total 32.531ms
08-03 23:46:54.757 10238 10258 I art     : Starting a blocking GC Explicit
08-03 23:46:54.789 10238 10258 I art     : Explicit concurrent mark sweep GC freed 148(2528B) AllocSpace objects, 0(0B) LOS objects, 28% free, 40MB/56MB, paused 628us total 31.758ms
08-03 23:46:54.981  6583  6583 I ServiceManager: Waiting for service AtCmdFwd...
08-03 23:46:55.122 11422 11422 D AndroidRuntime: >>>>>> START com.android.internal.os.RuntimeInit uid 2000 <<<<<<
08-03 23:46:55.127 11422 11422 D AndroidRuntime: CheckJNI is OFF
08-03 23:46:55.137 10238 10250 I art     : Starting a blocking GC Explicit
08-03 23:46:55.163 11422 11422 D ICU     : No timezone override file found: /data/misc/zoneinfo/current/icu/icu_tzdata.dat
08-03 23:46:55.171 10238 10250 I art     : Explicit concurrent mark sweep GC freed 3085(110KB) AllocSpace objects, 2(40KB) LOS objects, 28% free, 40MB/56MB, paused 646us total 33.584ms
08-03 23:46:55.184 10238 10250 I art     : Starting a blocking GC Explicit
08-03 23:46:55.198 11422 11422 I Radio-JNI: register_android_hardware_Radio DONE
08-03 23:46:55.216 10238 10250 I art     : Explicit concurrent mark sweep GC freed 238(4KB) AllocSpace objects, 0(0B) LOS objects, 28% free, 40MB/56MB, paused 659us total 32.294ms
08-03 23:46:55.220 11422 11422 D AndroidRuntime: Calling main entry com.android.commands.input.Input
08-03 23:46:55.221 11422 11422 I Input   : injectKeyEvent: KeyEvent { action=ACTION_DOWN, keyCode=KEYCODE_BACK, scanCode=0, metaState=0, flags=0x0, repeatCount=0, eventTime=661631634, downTime=661631634, deviceId=-1, source=0x101 }
08-03 23:46:55.228 11422 11422 I Input   : injectKeyEvent: KeyEvent { action=ACTION_UP, keyCode=KEYCODE_BACK, scanCode=0, metaState=0, flags=0x0, repeatCount=0, eventTime=661631634, downTime=661631634, deviceId=-1, source=0x101 }
08-03 23:46:55.229 10238 10250 I art     : Starting a blocking GC Explicit
08-03 23:46:55.235 11422 11422 D AndroidRuntime: Shutting down VM
08-03 23:46:55.260 10238 10250 I art     : Explicit concurrent mark sweep GC freed 196(4KB) AllocSpace objects, 0(0B) LOS objects, 28% free, 40MB/56MB, paused 621us total 30.160ms
08-03 23:46:55.268 13866 13866 I GoogleInputMethodServic: GoogleInputMethodService.onFinishInput():3138 
08-03 23:46:55.269 13866 13866 I GoogleInputMethodServic: GoogleInputMethodService.onStartInput():1808 
08-03 23:46:55.272 10238 10250 I art     : Starting a blocking GC Explicit
08-03 23:46:55.304 10238 10250 I art     : Explicit concurrent mark sweep GC freed 271(5KB) AllocSpace objects, 0(0B) LOS objects, 28% free, 40MB/56MB, paused 650us total 31.767ms
08-03 23:46:55.317 10238 10250 I art     : Starting a blocking GC Explicit
08-03 23:46:55.346 10238 10250 I art     : Explicit concurrent mark sweep GC freed 226(3KB) AllocSpace objects, 0(0B) LOS objects, 28% free, 40MB/56MB, paused 574us total 28.788ms
08-03 23:46:55.573   380   380 W SurfaceFlinger: couldn't log to binary event log: overflow.
08-03 23:46:55.643 10238 10258 I art     : Starting a blocking GC Explicit
08-03 23:46:55.677 10238 10258 I art     : Explicit concurrent mark sweep GC freed 2725(104KB) AllocSpace objects, 4(404KB) LOS objects, 28% free, 40MB/56MB, paused 808us total 34.343ms
08-03 23:46:55.690 10238 10258 I art     : Starting a blocking GC Explicit
08-03 23:46:55.723 10238 10258 I art     : Explicit concurrent mark sweep GC freed 4817(341KB) AllocSpace objects, 7(132KB) LOS objects, 28% free, 39MB/55MB, paused 653us total 32.422ms
08-03 23:46:55.735 10238 10258 I art     : Starting a blocking GC Explicit
08-03 23:46:55.767 10238 10258 I art     : Explicit concurrent mark sweep GC freed 148(2528B) AllocSpace objects, 0(0B) LOS objects, 28% free, 39MB/55MB, paused 799us total 31.649ms
08-03 23:46:55.780 10238 10258 I art     : Starting a blocking GC Explicit
08-03 23:46:55.812 10238 10258 I art     : Explicit concurrent mark sweep GC freed 147(2496B) AllocSpace objects, 0(0B) LOS objects, 28% free, 39MB/55MB, paused 690us total 31.704ms
08-03 23:46:55.825 10238 10258 I art     : Starting a blocking GC Explicit
08-03 23:46:55.858 10238 10258 I art     : Explicit concurrent mark sweep GC freed 107(1824B) AllocSpace objects, 0(0B) LOS objects, 28% free, 39MB/55MB, paused 901us total 32.748ms
08-03 23:46:55.981  6583  6583 I ServiceManager: Waiting for service AtCmdFwd...
08-03 23:46:56.205 10238 10249 I art     : Starting a blocking GC Explicit
08-03 23:46:56.238 10238 10249 I art     : Explicit concurrent mark sweep GC freed 2546(102KB) AllocSpace objects, 2(40KB) LOS objects, 28% free, 39MB/55MB, paused 685us total 33.504ms
08-03 23:46:56.254 10238 10249 I art     : Starting a blocking GC Explicit
08-03 23:46:56.285 10238 10249 I art     : Explicit concurrent mark sweep GC freed 176(3KB) AllocSpace objects, 0(0B) LOS objects, 28% free, 39MB/55MB, paused 653us total 31.177ms
08-03 23:46:56.298 10238 10249 I art     : Starting a blocking GC Explicit
08-03 23:46:56.330 10238 10249 I art     : Explicit concurrent mark sweep GC freed 147(2496B) AllocSpace objects, 0(0B) LOS objects, 28% free, 39MB/55MB, paused 647us total 31.056ms
08-03 23:46:56.342 10238 10249 I art     : Starting a blocking GC Explicit
08-03 23:46:56.375 10238 10249 I art     : Explicit concurrent mark sweep GC freed 116(1968B) AllocSpace objects, 0(0B) LOS objects, 28% free, 39MB/55MB, paused 811us total 32.558ms
08-03 23:46:56.375 10238 10248 I art     : WaitForGcToComplete blocked for 24.681ms for cause HeapTrim
08-03 23:46:56.388 10238 10249 I art     : Starting a blocking GC Explicit
08-03 23:46:56.421 10238 10249 I art     : Explicit concurrent mark sweep GC freed 130(2224B) AllocSpace objects, 0(0B) LOS objects, 28% free, 39MB/55MB, paused 667us total 32.324ms
08-03 23:46:56.738 10238 10250 I art     : Starting a blocking GC Explicit
08-03 23:46:56.770 10238 10250 I art     : Explicit concurrent mark sweep GC freed 2436(99KB) AllocSpace objects, 2(40KB) LOS objects, 28% free, 39MB/55MB, paused 694us total 32.409ms
08-03 23:46:56.783 10238 10250 I art     : Starting a blocking GC Explicit
08-03 23:46:56.814 10238 10250 I art     : Explicit concurrent mark sweep GC freed 166(3KB) AllocSpace objects, 0(0B) LOS objects, 28% free, 39MB/55MB, paused 638us total 30.340ms
08-03 23:46:56.827 10238 10250 I art     : Starting a blocking GC Explicit
08-03 23:46:56.857 10238 10250 I art     : Explicit concurrent mark sweep GC freed 99(1696B) AllocSpace objects, 0(0B) LOS objects, 28% free, 39MB/55MB, paused 718us total 30.519ms
08-03 23:46:56.870 10238 10250 I art     : Starting a blocking GC Explicit
08-03 23:46:56.887 11467 11467 D AndroidRuntime: >>>>>> START com.android.internal.os.RuntimeInit uid 2000 <<<<<<
08-03 23:46:56.892 11467 11467 D AndroidRuntime: CheckJNI is OFF
08-03 23:46:56.901 10238 10250 I art     : Explicit concurrent mark sweep GC freed 147(2496B) AllocSpace objects, 0(0B) LOS objects, 28% free, 39MB/55MB, paused 690us total 30.979ms
08-03 23:46:56.914 10238 10250 I art     : Starting a blocking GC Explicit
08-03 23:46:56.928 11467 11467 D ICU     : No timezone override file found: /data/misc/zoneinfo/current/icu/icu_tzdata.dat
08-03 23:46:56.944 10238 10250 I art     : Explicit concurrent mark sweep GC freed 146(2464B) AllocSpace objects, 0(0B) LOS objects, 28% free, 39MB/55MB, paused 733us total 30.606ms
08-03 23:46:56.965 11467 11467 I Radio-JNI: register_android_hardware_Radio DONE
08-03 23:46:56.982  6583  6583 I ServiceManager: Waiting for service AtCmdFwd...
08-03 23:46:56.986 11467 11467 D AndroidRuntime: Calling main entry com.android.commands.input.Input
08-03 23:46:56.988 11467 11467 I Input   : injectKeyEvent: KeyEvent { action=ACTION_DOWN, keyCode=KEYCODE_BACK, scanCode=0, metaState=0, flags=0x0, repeatCount=0, eventTime=661633401, downTime=661633401, deviceId=-1, source=0x101 }
08-03 23:46:56.993 11467 11467 I Input   : injectKeyEvent: KeyEvent { action=ACTION_UP, keyCode=KEYCODE_BACK, scanCode=0, metaState=0, flags=0x0, repeatCount=0, eventTime=661633401, downTime=661633401, deviceId=-1, source=0x101 }
08-03 23:46:56.998 11467 11467 D AndroidRuntime: Shutting down VM
08-03 23:46:57.009 10238 10238 V MainActivity: url = https://project-travel-mate.herokuapp.com/api/number-of-unread-notifications
08-03 23:46:57.039 13866 13866 I GoogleInputMethodServic: GoogleInputMethodService.onFinishInput():3138 
08-03 23:46:57.039 13866 13866 I GoogleInputMethodServic: GoogleInputMethodService.onStartInput():1808 
08-03 23:46:57.244 10238 10258 I art     : Starting a blocking GC Explicit
08-03 23:46:57.275 10238 10258 I art     : Explicit concurrent mark sweep GC freed 2918(123KB) AllocSpace objects, 2(40KB) LOS objects, 28% free, 39MB/55MB, paused 635us total 31.289ms
08-03 23:46:57.291 10238 10258 I art     : Starting a blocking GC Explicit
08-03 23:46:57.324 10238 10258 I art     : Explicit concurrent mark sweep GC freed 229(5KB) AllocSpace objects, 0(0B) LOS objects, 28% free, 39MB/55MB, paused 703us total 32.670ms
08-03 23:46:57.325   380   380 W SurfaceFlinger: couldn't log to binary event log: overflow.
08-03 23:46:57.337 10238 10258 I art     : Starting a blocking GC Explicit
08-03 23:46:57.367 10238 10258 I art     : Explicit concurrent mark sweep GC freed 120(2592B) AllocSpace objects, 0(0B) LOS objects, 28% free, 39MB/55MB, paused 728us total 29.162ms
08-03 23:46:57.379 10238 10258 I art     : Starting a blocking GC Explicit
08-03 23:46:57.411 10238 10258 I art     : Explicit concurrent mark sweep GC freed 210(8KB) AllocSpace objects, 0(0B) LOS objects, 28% free, 39MB/55MB, paused 738us total 32.005ms
08-03 23:46:57.424 10238 10258 I art     : Starting a blocking GC Explicit
08-03 23:46:57.459 10238 10258 I art     : Explicit concurrent mark sweep GC freed 1118(74KB) AllocSpace objects, 2(120KB) LOS objects, 28% free, 40MB/56MB, paused 1.159ms total 34.301ms
08-03 23:46:57.502 10238 11490 I NAPPA_EXPERIMENTATION: MetricNetworkRequestExecutionTime: REQUEST_DURATION_SYSTEM='492',REQUEST_DURATION_OKHTTP='30',REQUEST_SYNCHRONOUS='FALSE',RESPONSE_CODE='200',RESPONSE_METHOD='GET',RESPONSE_LENGTH_OKHTTP='36',RESPONSE_LENGTH_HEADER='36',REQUEST_PROTOCOL='http/1.1',REQUEST_URL='https://project-travel-mate.herokuapp.com/api/number-of-unread-notifications',
08-03 23:46:57.788 10238 10250 I art     : Starting a blocking GC Explicit
08-03 23:46:57.825 10238 10250 I art     : Explicit concurrent mark sweep GC freed 4507(268KB) AllocSpace objects, 3(120KB) LOS objects, 28% free, 39MB/55MB, paused 700us total 35.968ms
08-03 23:46:57.841 10238 10250 I art     : Starting a blocking GC Explicit
08-03 23:46:57.873 10238 10250 I art     : Explicit concurrent mark sweep GC freed 241(17KB) AllocSpace objects, 0(0B) LOS objects, 28% free, 39MB/55MB, paused 742us total 31.447ms
08-03 23:46:57.886 10238 10250 I art     : Starting a blocking GC Explicit
08-03 23:46:57.917 10238 10250 I art     : Explicit concurrent mark sweep GC freed 76(1328B) AllocSpace objects, 0(0B) LOS objects, 28% free, 39MB/55MB, paused 794us total 31.184ms
08-03 23:46:57.930 10238 10250 I art     : Starting a blocking GC Explicit
08-03 23:46:57.962 10238 10250 I art     : Explicit concurrent mark sweep GC freed 69(1184B) AllocSpace objects, 0(0B) LOS objects, 28% free, 39MB/55MB, paused 778us total 31.905ms
08-03 23:46:57.975 10238 10250 I art     : Starting a blocking GC Explicit
08-03 23:46:57.982  6583  6583 W Atfwd_Sendcmd: AtCmdFwd service not published, waiting... retryCnt : 4
08-03 23:46:58.007 10238 10250 I art     : Explicit concurrent mark sweep GC freed 57(1008B) AllocSpace objects, 0(0B) LOS objects, 28% free, 39MB/55MB, paused 745us total 32.145ms
08-03 23:46:58.353 10238 10249 I art     : Starting a blocking GC Explicit
08-03 23:46:58.387 10238 10249 I art     : Explicit concurrent mark sweep GC freed 1979(92KB) AllocSpace objects, 2(40KB) LOS objects, 28% free, 39MB/55MB, paused 738us total 33.450ms
08-03 23:46:58.400 10238 10249 I art     : Starting a blocking GC Explicit
08-03 23:46:58.432 10238 10249 I art     : Explicit concurrent mark sweep GC freed 94(1984B) AllocSpace objects, 0(0B) LOS objects, 28% free, 39MB/55MB, paused 687us total 32.140ms
08-03 23:46:58.445 10238 10249 I art     : Starting a blocking GC Explicit
08-03 23:46:58.476 10238 10249 I art     : Explicit concurrent mark sweep GC freed 51(896B) AllocSpace objects, 0(0B) LOS objects, 28% free, 39MB/55MB, paused 690us total 31.363ms
08-03 23:46:58.489 10238 10249 I art     : Starting a blocking GC Explicit
08-03 23:46:58.520 10238 10249 I art     : Explicit concurrent mark sweep GC freed 75(1296B) AllocSpace objects, 0(0B) LOS objects, 28% free, 39MB/55MB, paused 759us total 31.245ms
08-03 23:46:58.533 10238 10249 I art     : Starting a blocking GC Explicit
08-03 23:46:58.565 10238 10249 I art     : Explicit concurrent mark sweep GC freed 75(1296B) AllocSpace objects, 0(0B) LOS objects, 28% free, 39MB/55MB, paused 696us total 31.699ms
08-03 23:46:58.655 11521 11521 D AndroidRuntime: >>>>>> START com.android.internal.os.RuntimeInit uid 2000 <<<<<<
08-03 23:46:58.661 11521 11521 D AndroidRuntime: CheckJNI is OFF
08-03 23:46:58.697 11521 11521 D ICU     : No timezone override file found: /data/misc/zoneinfo/current/icu/icu_tzdata.dat
08-03 23:46:58.729 11521 11521 I Radio-JNI: register_android_hardware_Radio DONE
08-03 23:46:58.752 11521 11521 D AndroidRuntime: Calling main entry com.android.commands.input.Input
08-03 23:46:58.753 11521 11521 I Input   : injectMotionEvent: MotionEvent { action=ACTION_DOWN, actionButton=0, id[0]=0, x[0]=117.0, y[0]=170.0, toolType[0]=TOOL_TYPE_UNKNOWN, buttonState=0, metaState=0, flags=0x0, edgeFlags=0x0, pointerCount=1, historySize=0, eventTime=661635166, downTime=661635166, deviceId=0, source=0x1002 }
08-03 23:46:58.761 11521 11521 I Input   : injectMotionEvent: MotionEvent { action=ACTION_UP, actionButton=0, id[0]=0, x[0]=117.0, y[0]=170.0, toolType[0]=TOOL_TYPE_UNKNOWN, buttonState=0, metaState=0, flags=0x0, edgeFlags=0x0, pointerCount=1, historySize=0, eventTime=661635166, downTime=661635166, deviceId=0, source=0x1002 }
08-03 23:46:58.763 11521 11521 D AndroidRuntime: Shutting down VM
08-03 23:46:58.782   512  2967 D audio_hw_primary: out_set_parameters: enter: usecase(1: low-latency-playback) kvpairs: routing=2
08-03 23:46:58.795   512  2967 D audio_hw_primary: select_devices: out_snd_device(2: speaker) in_snd_device(0: none)
08-03 23:46:58.795   512  2967 D msm8974_platform: platform_send_audio_calibration: sending audio calibration for snd_device(2) acdb_id(15)
08-03 23:46:58.795   512  2967 I soundtrigger: audio_extn_sound_trigger_update_device_status: device 0x2 of type 0 for Event 1
08-03 23:46:58.804   512  2967 D audio_hw_primary: enable_snd_device: snd_device(2: speaker)
08-03 23:46:58.807   512  2967 D audio_hw_primary: enable_audio_route: apply and update mixer path: low-latency-playback speaker
08-03 23:46:58.891 10238 10250 I art     : Starting a blocking GC Explicit
08-03 23:46:58.922 10238 10250 I art     : Explicit concurrent mark sweep GC freed 2383(114KB) AllocSpace objects, 2(40KB) LOS objects, 28% free, 40MB/56MB, paused 802us total 30.156ms
08-03 23:46:58.935 10238 10250 I art     : Starting a blocking GC Explicit
08-03 23:46:58.965 10238 10250 I art     : Explicit concurrent mark sweep GC freed 130(3KB) AllocSpace objects, 0(0B) LOS objects, 28% free, 40MB/56MB, paused 650us total 29.374ms
08-03 23:46:58.977 10238 10250 I art     : Starting a blocking GC Explicit
08-03 23:46:59.008 10238 10250 I art     : Explicit concurrent mark sweep GC freed 61(1440B) AllocSpace objects, 0(0B) LOS objects, 28% free, 40MB/56MB, paused 736us total 30.700ms
08-03 23:46:59.021 10238 10250 I art     : Starting a blocking GC Explicit
08-03 23:46:59.026   918 13198 D NetlinkSocketObserver: NeighborEvent{elapsedMs=1645022901, 192.168.2.254, [7C3953A63323], RTM_NEWNEIGH, NUD_STALE}
08-03 23:46:59.050 10238 10250 I art     : Explicit concurrent mark sweep GC freed 77(1360B) AllocSpace objects, 0(0B) LOS objects, 28% free, 40MB/56MB, paused 703us total 28.290ms
08-03 23:46:59.062 10238 10250 I art     : Starting a blocking GC Explicit
08-03 23:46:59.090 10238 10250 I art     : Explicit concurrent mark sweep GC freed 51(896B) AllocSpace objects, 0(0B) LOS objects, 28% free, 40MB/56MB, paused 670us total 28.223ms
08-03 23:46:59.348   512  2967 D audio_hw_primary: disable_audio_route: reset and update mixer path: low-latency-playback speaker
08-03 23:46:59.350   512  2967 D audio_hw_primary: disable_snd_device: snd_device(2: speaker)
08-03 23:46:59.357   512  2967 I soundtrigger: audio_extn_sound_trigger_update_device_status: device 0x2 of type 0 for Event 0
08-03 23:46:59.394 11547 11547 D AndroidRuntime: >>>>>> START com.android.internal.os.RuntimeInit uid 2000 <<<<<<
08-03 23:46:59.399 11547 11547 D AndroidRuntime: CheckJNI is OFF
08-03 23:46:59.415 10238 10250 I art     : Starting a blocking GC Explicit
08-03 23:46:59.435 11547 11547 D ICU     : No timezone override file found: /data/misc/zoneinfo/current/icu/icu_tzdata.dat
08-03 23:46:59.449 10238 10250 I art     : Explicit concurrent mark sweep GC freed 2002(93KB) AllocSpace objects, 2(40KB) LOS objects, 28% free, 40MB/56MB, paused 748us total 33.805ms
08-03 23:46:59.462 10238 10250 I art     : Starting a blocking GC Explicit
08-03 23:46:59.469 11547 11547 I Radio-JNI: register_android_hardware_Radio DONE
08-03 23:46:59.490 11547 11547 D AndroidRuntime: Calling main entry com.android.commands.input.Input
08-03 23:46:59.492 11547 11547 I Input   : injectMotionEvent: MotionEvent { action=ACTION_DOWN, actionButton=0, id[0]=0, x[0]=355.0, y[0]=1674.0, toolType[0]=TOOL_TYPE_UNKNOWN, buttonState=0, metaState=0, flags=0x0, edgeFlags=0x0, pointerCount=1, historySize=0, eventTime=661635905, downTime=661635905, deviceId=0, source=0x1002 }
08-03 23:46:59.493 10238 10250 I art     : Explicit concurrent mark sweep GC freed 78(1840B) AllocSpace objects, 0(0B) LOS objects, 28% free, 40MB/56MB, paused 770us total 30.501ms
08-03 23:46:59.496 11547 11547 I Input   : injectMotionEvent: MotionEvent { action=ACTION_UP, actionButton=0, id[0]=0, x[0]=355.0, y[0]=1674.0, toolType[0]=TOOL_TYPE_UNKNOWN, buttonState=0, metaState=0, flags=0x0, edgeFlags=0x0, pointerCount=1, historySize=0, eventTime=661635905, downTime=661635905, deviceId=0, source=0x1002 }
08-03 23:46:59.498 11547 11547 D AndroidRuntime: Shutting down VM
08-03 23:46:59.505 10238 10250 I art     : Starting a blocking GC Explicit
08-03 23:46:59.514   512  2967 D audio_hw_primary: out_set_parameters: enter: usecase(1: low-latency-playback) kvpairs: routing=2
08-03 23:46:59.528   512  2967 D audio_hw_primary: select_devices: out_snd_device(2: speaker) in_snd_device(0: none)
08-03 23:46:59.528   512  2967 D msm8974_platform: platform_send_audio_calibration: sending audio calibration for snd_device(2) acdb_id(15)
08-03 23:46:59.528   512  2967 I soundtrigger: audio_extn_sound_trigger_update_device_status: device 0x2 of type 0 for Event 1
08-03 23:46:59.536 10238 10250 I art     : Explicit concurrent mark sweep GC freed 477(21KB) AllocSpace objects, 0(0B) LOS objects, 27% free, 42MB/58MB, paused 864us total 30.939ms
08-03 23:46:59.540   512  2967 D audio_hw_primary: enable_snd_device: snd_device(2: speaker)
08-03 23:46:59.542   512  2967 D audio_hw_primary: enable_audio_route: apply and update mixer path: low-latency-playback speaker
08-03 23:46:59.548 10238 10250 I art     : Starting a blocking GC Explicit
08-03 23:46:59.578 10238 10250 I art     : Explicit concurrent mark sweep GC freed 1378(143KB) AllocSpace objects, 0(0B) LOS objects, 23% free, 51MB/67MB, paused 780us total 29.645ms
08-03 23:46:59.588   512  2967 D AudioFlinger: mixer(0xf4740000) throttle end: throttle time(12)
08-03 23:46:59.590 10238 10250 I art     : Starting a blocking GC Explicit
08-03 23:46:59.620 10238 10250 I art     : Explicit concurrent mark sweep GC freed 20(880B) AllocSpace objects, 0(0B) LOS objects, 23% free, 51MB/67MB, paused 733us total 29.467ms
08-03 23:46:59.919 10238 10249 I art     : Starting a blocking GC Explicit
08-03 23:46:59.951 10238 10249 I art     : Explicit concurrent mark sweep GC freed 6(1216B) AllocSpace objects, 0(0B) LOS objects, 12% free, 115MB/131MB, paused 788us total 31.476ms
08-03 23:46:59.964 10238 10249 I art     : Starting a blocking GC Explicit
08-03 23:46:59.995 10238 10249 I art     : Explicit concurrent mark sweep GC freed 3(96B) AllocSpace objects, 0(0B) LOS objects, 12% free, 115MB/131MB, paused 794us total 30.867ms
08-03 23:47:00.008 10238 10249 I art     : Starting a blocking GC Explicit
08-03 23:47:00.036 10238 10249 I art     : Explicit concurrent mark sweep GC freed 3(96B) AllocSpace objects, 0(0B) LOS objects, 12% free, 115MB/131MB, paused 739us total 28.600ms
08-03 23:47:00.049 10238 10249 I art     : Starting a blocking GC Explicit
08-03 23:47:00.077 10238 10249 I art     : Explicit concurrent mark sweep GC freed 7(272B) AllocSpace objects, 0(0B) LOS objects, 10% free, 134MB/150MB, paused 757us total 28.443ms
08-03 23:47:00.079   512  2967 D audio_hw_primary: disable_audio_route: reset and update mixer path: low-latency-playback speaker
08-03 23:47:00.079   512  2967 D audio_hw_primary: disable_snd_device: snd_device(2: speaker)
08-03 23:47:00.086   512  2967 I soundtrigger: audio_extn_sound_trigger_update_device_status: device 0x2 of type 0 for Event 0
08-03 23:47:00.089 10238 10249 I art     : Starting a blocking GC Explicit
08-03 23:47:00.118 10238 10249 I art     : Explicit concurrent mark sweep GC freed 5(192B) AllocSpace objects, 0(0B) LOS objects, 10% free, 134MB/150MB, paused 764us total 28.836ms
08-03 23:47:00.172 10238 10238 I Choreographer: Skipped 38 frames!  The application may be doing too much work on its main thread.
08-03 23:47:00.173 10238 10238 V MainActivity: url = https://project-travel-mate.herokuapp.com/api/number-of-unread-notifications
08-03 23:47:00.236   518   646 I ThermalEngine: ACTION: GPU - Setting GPU[0] to 450000000
08-03 23:47:00.482 10238 10640 I art     : Starting a blocking GC Explicit
08-03 23:47:00.534 10238 10640 I art     : Explicit concurrent mark sweep GC freed 3202(150KB) AllocSpace objects, 11(288KB) LOS objects, 10% free, 134MB/150MB, paused 1.096ms total 51.422ms
08-03 23:47:00.556 10238 10640 I art     : Starting a blocking GC Explicit
08-03 23:47:00.597 10238 10640 I art     : Explicit concurrent mark sweep GC freed 940(54KB) AllocSpace objects, 0(0B) LOS objects, 10% free, 134MB/150MB, paused 988us total 40.400ms
08-03 23:47:00.614 10238 10640 I art     : Starting a blocking GC Explicit
08-03 23:47:00.655 10238 10640 I art     : Explicit concurrent mark sweep GC freed 3(96B) AllocSpace objects, 0(0B) LOS objects, 10% free, 134MB/150MB, paused 1.017ms total 41.019ms
08-03 23:47:00.672 10238 10640 I art     : Starting a blocking GC Explicit
08-03 23:47:00.714 10238 10640 I art     : Explicit concurrent mark sweep GC freed 3(96B) AllocSpace objects, 0(0B) LOS objects, 10% free, 134MB/150MB, paused 1.008ms total 41.705ms
08-03 23:47:00.731 10238 10640 I art     : Starting a blocking GC Explicit
08-03 23:47:00.775 10238 10640 I art     : Explicit concurrent mark sweep GC freed 2570(132KB) AllocSpace objects, 2(120KB) LOS objects, 10% free, 134MB/150MB, paused 1.116ms total 43.462ms
08-03 23:47:00.783 10238 11579 I NAPPA_EXPERIMENTATION: MetricNetworkRequestExecutionTime: REQUEST_DURATION_SYSTEM='608',REQUEST_DURATION_OKHTTP='30',REQUEST_SYNCHRONOUS='FALSE',RESPONSE_CODE='200',RESPONSE_METHOD='GET',RESPONSE_LENGTH_OKHTTP='36',RESPONSE_LENGTH_HEADER='36',REQUEST_PROTOCOL='http/1.1',REQUEST_URL='https://project-travel-mate.herokuapp.com/api/number-of-unread-notifications',
08-03 23:47:01.164 10238 10258 I art     : Starting a blocking GC Explicit
08-03 23:47:01.220 10238 10258 I art     : Explicit concurrent mark sweep GC freed 2586(212KB) AllocSpace objects, 3(116KB) LOS objects, 10% free, 134MB/150MB, paused 1.111ms total 55.443ms
08-03 23:47:01.242 10238 10258 I art     : Starting a blocking GC Explicit
08-03 23:47:01.288 10238 10258 I art     : Explicit concurrent mark sweep GC freed 39(3KB) AllocSpace objects, 0(0B) LOS objects, 10% free, 134MB/150MB, paused 1.069ms total 45.671ms
08-03 23:47:01.308 10238 10258 I art     : Starting a blocking GC Explicit
08-03 23:47:01.355 10238 10258 I art     : Explicit concurrent mark sweep GC freed 3(96B) AllocSpace objects, 0(0B) LOS objects, 10% free, 134MB/150MB, paused 1.027ms total 45.828ms
08-03 23:47:01.372 10238 10258 I art     : Starting a blocking GC Explicit
08-03 23:47:01.419 10238 10258 I art     : Explicit concurrent mark sweep GC freed 3(96B) AllocSpace objects, 0(0B) LOS objects, 10% free, 134MB/150MB, paused 1.007ms total 46.449ms
08-03 23:47:01.439 10238 10258 I art     : Starting a blocking GC Explicit
08-03 23:47:01.485 10238 10258 I art     : Explicit concurrent mark sweep GC freed 3(96B) AllocSpace objects, 0(0B) LOS objects, 10% free, 134MB/150MB, paused 1.036ms total 45.278ms
08-03 23:47:01.485 10238 10248 I art     : WaitForGcToComplete blocked for 45.602ms for cause HeapTrim
08-03 23:47:01.899 10238 10640 I art     : Starting a blocking GC Explicit
08-03 23:47:01.940 10238 10640 I art     : Explicit concurrent mark sweep GC freed 1452(83KB) AllocSpace objects, 2(36KB) LOS objects, 10% free, 134MB/150MB, paused 968us total 41.210ms
08-03 23:47:01.959 10238 10640 I art     : Starting a blocking GC Explicit
08-03 23:47:02.000 10238 10640 I art     : Explicit concurrent mark sweep GC freed 41(1584B) AllocSpace objects, 0(0B) LOS objects, 10% free, 134MB/150MB, paused 963us total 40.245ms
08-03 23:47:02.017 10238 10640 I art     : Starting a blocking GC Explicit
08-03 23:47:02.057 10238 10640 I art     : Explicit concurrent mark sweep GC freed 11(448B) AllocSpace objects, 0(0B) LOS objects, 10% free, 134MB/150MB, paused 985us total 40.018ms
08-03 23:47:02.076 10238 10640 I art     : Starting a blocking GC Explicit
08-03 23:47:02.118 10238 10640 I art     : Explicit concurrent mark sweep GC freed 3(96B) AllocSpace objects, 0(0B) LOS objects, 10% free, 134MB/150MB, paused 1.049ms total 40.871ms
08-03 23:47:02.134 10238 10640 I art     : Starting a blocking GC Explicit
08-03 23:47:02.178 10238 10640 I art     : Explicit concurrent mark sweep GC freed 3(96B) AllocSpace objects, 0(0B) LOS objects, 10% free, 134MB/150MB, paused 1.063ms total 43.589ms
08-03 23:47:02.285 11619 11619 D AndroidRuntime: >>>>>> START com.android.internal.os.RuntimeInit uid 2000 <<<<<<
08-03 23:47:02.291 11619 11619 D AndroidRuntime: CheckJNI is OFF
08-03 23:47:02.338 11619 11619 D ICU     : No timezone override file found: /data/misc/zoneinfo/current/icu/icu_tzdata.dat
08-03 23:47:02.384 11619 11619 I Radio-JNI: register_android_hardware_Radio DONE
08-03 23:47:02.412 11619 11619 D AndroidRuntime: Calling main entry com.android.commands.input.Input
08-03 23:47:02.415 11619 11619 I Input   : injectMotionEvent: MotionEvent { action=ACTION_DOWN, actionButton=0, id[0]=0, x[0]=747.0, y[0]=608.0, toolType[0]=TOOL_TYPE_UNKNOWN, buttonState=0, metaState=0, flags=0x0, edgeFlags=0x0, pointerCount=1, historySize=0, eventTime=661638827, downTime=661638827, deviceId=0, source=0x1002 }
08-03 23:47:02.420 11619 11619 I Input   : injectMotionEvent: MotionEvent { action=ACTION_UP, actionButton=0, id[0]=0, x[0]=747.0, y[0]=608.0, toolType[0]=TOOL_TYPE_UNKNOWN, buttonState=0, metaState=0, flags=0x0, edgeFlags=0x0, pointerCount=1, historySize=0, eventTime=661638827, downTime=661638827, deviceId=0, source=0x1002 }
08-03 23:47:02.421 11619 11619 D AndroidRuntime: Shutting down VM
08-03 23:47:02.423   512  2967 D audio_hw_primary: out_set_parameters: enter: usecase(1: low-latency-playback) kvpairs: routing=2
08-03 23:47:02.423   918  5952 I ActivityManager: START u0 {cmp=baseline.io.github.project_travel_mate/.utilities.ChecklistActivity} from uid 10650 on display 0
08-03 23:47:02.437   512  2967 D audio_hw_primary: select_devices: out_snd_device(2: speaker) in_snd_device(0: none)
08-03 23:47:02.437   512  2967 D msm8974_platform: platform_send_audio_calibration: sending audio calibration for snd_device(2) acdb_id(15)
08-03 23:47:02.437   512  2967 I soundtrigger: audio_extn_sound_trigger_update_device_status: device 0x2 of type 0 for Event 1
08-03 23:47:02.453   512  2967 D audio_hw_primary: enable_snd_device: snd_device(2: speaker)
08-03 23:47:02.455   512  2967 D audio_hw_primary: enable_audio_route: apply and update mixer path: low-latency-playback speaker
08-03 23:47:02.576   918   936 I ActivityManager: Displayed baseline.io.github.project_travel_mate/.utilities.ChecklistActivity: +142ms
08-03 23:47:02.577 13866 13866 I GoogleInputMethodServic: GoogleInputMethodService.onFinishInput():3138 
08-03 23:47:02.578 13866 13866 I GoogleInputMethodServic: GoogleInputMethodService.onStartInput():1808 
08-03 23:47:02.598 10238 10640 I art     : Starting a blocking GC Explicit
08-03 23:47:02.640 10238 10640 I art     : Explicit concurrent mark sweep GC freed 3147(286KB) AllocSpace objects, 2(36KB) LOS objects, 10% free, 135MB/151MB, paused 1.089ms total 41.883ms
08-03 23:47:02.657 10238 10640 I art     : Starting a blocking GC Explicit
08-03 23:47:02.699 10238 10640 I art     : Explicit concurrent mark sweep GC freed 416(17KB) AllocSpace objects, 0(0B) LOS objects, 10% free, 135MB/151MB, paused 1.113ms total 41.073ms
08-03 23:47:02.716 10238 10640 I art     : Starting a blocking GC Explicit
08-03 23:47:02.764 10238 10640 I art     : Explicit concurrent mark sweep GC freed 3(96B) AllocSpace objects, 0(0B) LOS objects, 10% free, 135MB/151MB, paused 1.277ms total 47.781ms
08-03 23:47:02.785 10238 10640 I art     : Starting a blocking GC Explicit
08-03 23:47:02.814   380   380 W SurfaceFlinger: couldn't log to binary event log: overflow.
08-03 23:47:02.834 10238 10640 I art     : Explicit concurrent mark sweep GC freed 3(96B) AllocSpace objects, 0(0B) LOS objects, 10% free, 135MB/151MB, paused 1.006ms total 48.128ms
08-03 23:47:02.850 10238 10640 I art     : Starting a blocking GC Explicit
08-03 23:47:02.888 10238 10640 I art     : Explicit concurrent mark sweep GC freed 3(96B) AllocSpace objects, 0(0B) LOS objects, 10% free, 135MB/151MB, paused 1.185ms total 37.403ms
08-03 23:47:02.989   512  2967 D audio_hw_primary: disable_audio_route: reset and update mixer path: low-latency-playback speaker
08-03 23:47:02.990   512  2967 D audio_hw_primary: disable_snd_device: snd_device(2: speaker)
08-03 23:47:02.998   512  2967 I soundtrigger: audio_extn_sound_trigger_update_device_status: device 0x2 of type 0 for Event 0
08-03 23:47:03.277 10238 10640 I art     : Starting a blocking GC Explicit
08-03 23:47:03.332 10238 10640 I art     : Explicit concurrent mark sweep GC freed 1634(94KB) AllocSpace objects, 2(36KB) LOS objects, 10% free, 135MB/151MB, paused 1.165ms total 54.583ms
08-03 23:47:03.353 10238 10640 I art     : Starting a blocking GC Explicit
08-03 23:47:03.402 10238 10640 I art     : Explicit concurrent mark sweep GC freed 36(1280B) AllocSpace objects, 0(0B) LOS objects, 10% free, 135MB/151MB, paused 1.107ms total 48.586ms
08-03 23:47:03.419 10238 10640 I art     : Starting a blocking GC Explicit
08-03 23:47:03.463 10238 10640 I art     : Explicit concurrent mark sweep GC freed 3(96B) AllocSpace objects, 0(0B) LOS objects, 10% free, 135MB/151MB, paused 1.074ms total 43.978ms
08-03 23:47:03.481 10238 10640 I art     : Starting a blocking GC Explicit
08-03 23:47:03.526 10238 10640 I art     : Explicit concurrent mark sweep GC freed 50(1952B) AllocSpace objects, 0(0B) LOS objects, 10% free, 135MB/151MB, paused 1.091ms total 44.461ms
08-03 23:47:03.543 10238 10640 I art     : Starting a blocking GC Explicit
08-03 23:47:03.588 10238 10640 I art     : Explicit concurrent mark sweep GC freed 20(912B) AllocSpace objects, 0(0B) LOS objects, 10% free, 135MB/151MB, paused 1.221ms total 44.130ms
08-03 23:47:04.005 10238 10258 I art     : Starting a blocking GC Explicit
08-03 23:47:04.062 10238 10258 I art     : Explicit concurrent mark sweep GC freed 1581(91KB) AllocSpace objects, 2(36KB) LOS objects, 10% free, 135MB/151MB, paused 1.160ms total 56.096ms
08-03 23:47:04.082 10238 10258 I art     : Starting a blocking GC Explicit
08-03 23:47:04.131 10238 10258 I art     : Explicit concurrent mark sweep GC freed 28(1024B) AllocSpace objects, 0(0B) LOS objects, 10% free, 135MB/151MB, paused 1.118ms total 48.667ms
08-03 23:47:04.149 10238 10258 I art     : Starting a blocking GC Explicit
08-03 23:47:04.199 10238 10258 I art     : Explicit concurrent mark sweep GC freed 3(96B) AllocSpace objects, 0(0B) LOS objects, 10% free, 135MB/151MB, paused 1.460ms total 49.232ms
08-03 23:47:04.219 10238 10258 I art     : Starting a blocking GC Explicit
08-03 23:47:04.269 10238 10258 I art     : Explicit concurrent mark sweep GC freed 3(96B) AllocSpace objects, 0(0B) LOS objects, 10% free, 135MB/151MB, paused 1.156ms total 49.574ms
08-03 23:47:04.287 10238 10258 I art     : Starting a blocking GC Explicit
08-03 23:47:04.334 10238 10258 I art     : Explicit concurrent mark sweep GC freed 3(96B) AllocSpace objects, 0(0B) LOS objects, 10% free, 135MB/151MB, paused 1.123ms total 46.372ms
08-03 23:47:04.764 10238 10249 I art     : Starting a blocking GC Explicit
08-03 23:47:04.827 10238 10249 I art     : Explicit concurrent mark sweep GC freed 1614(93KB) AllocSpace objects, 2(36KB) LOS objects, 10% free, 135MB/151MB, paused 1.226ms total 62.150ms
08-03 23:47:04.847 10238 10249 I art     : Starting a blocking GC Explicit
08-03 23:47:04.898 10238 10249 I art     : Explicit concurrent mark sweep GC freed 28(1024B) AllocSpace objects, 0(0B) LOS objects, 10% free, 135MB/151MB, paused 1.175ms total 49.665ms
08-03 23:47:04.919 10238 10249 I art     : Starting a blocking GC Explicit
08-03 23:47:04.965 10238 10249 I art     : Explicit concurrent mark sweep GC freed 15(752B) AllocSpace objects, 0(0B) LOS objects, 10% free, 135MB/151MB, paused 1.108ms total 45.715ms
08-03 23:47:04.983 10238 10249 I art     : Starting a blocking GC Explicit
08-03 23:47:05.032 10238 10249 I art     : Explicit concurrent mark sweep GC freed 13(640B) AllocSpace objects, 0(0B) LOS objects, 10% free, 135MB/151MB, paused 1.116ms total 48.641ms
08-03 23:47:05.049 10238 10249 I art     : Starting a blocking GC Explicit
08-03 23:47:05.097 10238 10249 I art     : Explicit concurrent mark sweep GC freed 3(96B) AllocSpace objects, 0(0B) LOS objects, 10% free, 135MB/151MB, paused 1.141ms total 47.532ms
08-03 23:47:05.527 10238 10250 I art     : Starting a blocking GC Explicit
08-03 23:47:05.584 10238 10250 I art     : Explicit concurrent mark sweep GC freed 1616(93KB) AllocSpace objects, 2(36KB) LOS objects, 10% free, 135MB/151MB, paused 1.114ms total 56.277ms
08-03 23:47:05.602 10238 10250 I art     : Starting a blocking GC Explicit
08-03 23:47:05.651 10238 10250 I art     : Explicit concurrent mark sweep GC freed 28(1024B) AllocSpace objects, 0(0B) LOS objects, 10% free, 135MB/151MB, paused 1.117ms total 48.450ms
08-03 23:47:05.669 10238 10250 I art     : Starting a blocking GC Explicit
08-03 23:47:05.716 10238 10250 I art     : Explicit concurrent mark sweep GC freed 3(96B) AllocSpace objects, 0(0B) LOS objects, 10% free, 135MB/151MB, paused 1.130ms total 46.681ms
08-03 23:47:05.733 10238 10250 I art     : Starting a blocking GC Explicit
08-03 23:47:05.782 10238 10250 I art     : Explicit concurrent mark sweep GC freed 3(96B) AllocSpace objects, 0(0B) LOS objects, 10% free, 135MB/151MB, paused 1.152ms total 48.706ms
08-03 23:47:05.803 10238 10250 I art     : Starting a blocking GC Explicit
08-03 23:47:05.850 10238 10250 I art     : Explicit concurrent mark sweep GC freed 3(96B) AllocSpace objects, 0(0B) LOS objects, 10% free, 135MB/151MB, paused 1.143ms total 46.459ms
08-03 23:47:06.246   518   646 I ThermalEngine: ACTION: GPU - Setting GPU[0] to 510000000
08-03 23:47:06.273 10238 10640 I art     : Starting a blocking GC Explicit
08-03 23:47:06.327 10238 10640 I art     : Explicit concurrent mark sweep GC freed 1582(91KB) AllocSpace objects, 2(36KB) LOS objects, 10% free, 135MB/151MB, paused 817us total 53.006ms
08-03 23:47:06.340 10238 10640 I art     : Starting a blocking GC Explicit
08-03 23:47:06.376 10238 10640 I art     : Explicit concurrent mark sweep GC freed 28(1024B) AllocSpace objects, 0(0B) LOS objects, 10% free, 135MB/151MB, paused 835us total 35.727ms
08-03 23:47:06.390 10238 10640 I art     : Starting a blocking GC Explicit
08-03 23:47:06.425 10238 10640 I art     : Explicit concurrent mark sweep GC freed 3(96B) AllocSpace objects, 0(0B) LOS objects, 10% free, 135MB/151MB, paused 801us total 35.196ms
08-03 23:47:06.439 10238 10640 I art     : Starting a blocking GC Explicit
08-03 23:47:06.474 10238 10640 I art     : Explicit concurrent mark sweep GC freed 14(720B) AllocSpace objects, 0(0B) LOS objects, 10% free, 135MB/151MB, paused 773us total 34.646ms
08-03 23:47:06.487 10238 10640 I art     : Starting a blocking GC Explicit
08-03 23:47:06.524 10238 10640 I art     : Explicit concurrent mark sweep GC freed 45(1504B) AllocSpace objects, 0(0B) LOS objects, 10% free, 135MB/151MB, paused 835us total 36.160ms
08-03 23:47:06.867 10238 10258 I art     : Starting a blocking GC Explicit
08-03 23:47:06.909 10238 10258 I art     : Explicit concurrent mark sweep GC freed 1583(92KB) AllocSpace objects, 2(36KB) LOS objects, 10% free, 135MB/151MB, paused 1.004ms total 42.637ms
08-03 23:47:06.923 10238 10258 I art     : Starting a blocking GC Explicit
08-03 23:47:06.956 10238 10258 I art     : Explicit concurrent mark sweep GC freed 28(1024B) AllocSpace objects, 0(0B) LOS objects, 10% free, 135MB/151MB, paused 885us total 32.875ms
08-03 23:47:06.956 10238 10248 I art     : WaitForGcToComplete blocked for 15.204ms for cause HeapTrim
08-03 23:47:06.969 10238 10258 I art     : Starting a blocking GC Explicit
08-03 23:47:07.003 10238 10258 I art     : Explicit concurrent mark sweep GC freed 3(96B) AllocSpace objects, 0(0B) LOS objects, 10% free, 135MB/151MB, paused 806us total 34.214ms
08-03 23:47:07.016 10238 10258 I art     : Starting a blocking GC Explicit
08-03 23:47:07.050 10238 10258 I art     : Explicit concurrent mark sweep GC freed 3(96B) AllocSpace objects, 0(0B) LOS objects, 10% free, 135MB/151MB, paused 806us total 33.516ms
08-03 23:47:07.063 10238 10258 I art     : Starting a blocking GC Explicit
08-03 23:47:07.097 11702 11702 D AndroidRuntime: >>>>>> START com.android.internal.os.RuntimeInit uid 2000 <<<<<<
08-03 23:47:07.097 10238 10258 I art     : Explicit concurrent mark sweep GC freed 3(96B) AllocSpace objects, 0(0B) LOS objects, 10% free, 135MB/151MB, paused 964us total 34.187ms
08-03 23:47:07.102 11702 11702 D AndroidRuntime: CheckJNI is OFF
08-03 23:47:07.136 11702 11702 D ICU     : No timezone override file found: /data/misc/zoneinfo/current/icu/icu_tzdata.dat
08-03 23:47:07.169 11702 11702 I Radio-JNI: register_android_hardware_Radio DONE
08-03 23:47:07.191 11702 11702 D AndroidRuntime: Calling main entry com.android.commands.input.Input
08-03 23:47:07.192 11702 11702 I Input   : injectKeyEvent: KeyEvent { action=ACTION_DOWN, keyCode=KEYCODE_BACK, scanCode=0, metaState=0, flags=0x0, repeatCount=0, eventTime=661643605, downTime=661643605, deviceId=-1, source=0x101 }
08-03 23:47:07.198 11702 11702 I Input   : injectKeyEvent: KeyEvent { action=ACTION_UP, keyCode=KEYCODE_BACK, scanCode=0, metaState=0, flags=0x0, repeatCount=0, eventTime=661643605, downTime=661643605, deviceId=-1, source=0x101 }
08-03 23:47:07.203 11702 11702 D AndroidRuntime: Shutting down VM
08-03 23:47:07.218 10238 10238 V MainActivity: url = https://project-travel-mate.herokuapp.com/api/number-of-unread-notifications
08-03 23:47:07.254 13866 13866 I GoogleInputMethodServic: GoogleInputMethodService.onFinishInput():3138 
08-03 23:47:07.255 13866 13866 I GoogleInputMethodServic: GoogleInputMethodService.onStartInput():1808 
08-03 23:47:07.418 10238 10250 I art     : Starting a blocking GC Explicit
08-03 23:47:07.450 10238 10250 I art     : Explicit concurrent mark sweep GC freed 2061(113KB) AllocSpace objects, 2(36KB) LOS objects, 10% free, 135MB/151MB, paused 823us total 31.832ms
08-03 23:47:07.463 10238 10250 I art     : Starting a blocking GC Explicit
08-03 23:47:07.493 10238 10250 I art     : Explicit concurrent mark sweep GC freed 110(3KB) AllocSpace objects, 0(0B) LOS objects, 10% free, 135MB/151MB, paused 736us total 30.061ms
08-03 23:47:07.505 10238 10250 I art     : Starting a blocking GC Explicit
08-03 23:47:07.537 10238 10250 I art     : Explicit concurrent mark sweep GC freed 3(96B) AllocSpace objects, 0(0B) LOS objects, 10% free, 135MB/151MB, paused 912us total 31.278ms
08-03 23:47:07.549 10238 10250 I art     : Starting a blocking GC Explicit
08-03 23:47:07.554   380   380 W SurfaceFlinger: couldn't log to binary event log: overflow.
08-03 23:47:07.579 10238 10250 I art     : Explicit concurrent mark sweep GC freed 412(18KB) AllocSpace objects, 0(0B) LOS objects, 10% free, 135MB/151MB, paused 808us total 29.703ms
08-03 23:47:07.592 10238 10250 I art     : Starting a blocking GC Explicit
08-03 23:47:07.624 10238 10250 I art     : Explicit concurrent mark sweep GC freed 132(6KB) AllocSpace objects, 0(0B) LOS objects, 10% free, 135MB/151MB, paused 840us total 31.992ms
08-03 23:47:07.737 10238 11725 I NAPPA_EXPERIMENTATION: MetricNetworkRequestExecutionTime: REQUEST_DURATION_SYSTEM='517',REQUEST_DURATION_OKHTTP='29',REQUEST_SYNCHRONOUS='FALSE',RESPONSE_CODE='200',RESPONSE_METHOD='GET',RESPONSE_LENGTH_OKHTTP='36',RESPONSE_LENGTH_HEADER='36',REQUEST_PROTOCOL='http/1.1',REQUEST_URL='https://project-travel-mate.herokuapp.com/api/number-of-unread-notifications',
08-03 23:47:07.962 10238 10258 I art     : Starting a blocking GC Explicit
08-03 23:47:08.004 10238 10258 I art     : Explicit concurrent mark sweep GC freed 4403(241KB) AllocSpace objects, 5(236KB) LOS objects, 10% free, 135MB/151MB, paused 898us total 42.203ms
08-03 23:47:08.018 10238 10258 I art     : Starting a blocking GC Explicit
08-03 23:47:08.054 10238 10258 I art     : Explicit concurrent mark sweep GC freed 972(117KB) AllocSpace objects, 0(0B) LOS objects, 10% free, 135MB/151MB, paused 851us total 36.620ms
08-03 23:47:08.068 10238 10258 I art     : Starting a blocking GC Explicit
08-03 23:47:08.105 10238 10258 I art     : Explicit concurrent mark sweep GC freed 3(96B) AllocSpace objects, 0(0B) LOS objects, 10% free, 135MB/151MB, paused 864us total 36.839ms
08-03 23:47:08.118 10238 10258 I art     : Starting a blocking GC Explicit
08-03 23:47:08.155 10238 10258 I art     : Explicit concurrent mark sweep GC freed 3(96B) AllocSpace objects, 0(0B) LOS objects, 10% free, 135MB/151MB, paused 848us total 35.801ms
08-03 23:47:08.168 10238 10258 I art     : Starting a blocking GC Explicit
08-03 23:47:08.205 10238 10258 I art     : Explicit concurrent mark sweep GC freed 3(96B) AllocSpace objects, 0(0B) LOS objects, 10% free, 135MB/151MB, paused 874us total 36.827ms
08-03 23:47:08.566 10238 10249 I art     : Starting a blocking GC Explicit
08-03 23:47:08.602 10238 10249 I art     : Explicit concurrent mark sweep GC freed 1614(92KB) AllocSpace objects, 2(36KB) LOS objects, 10% free, 135MB/151MB, paused 889us total 36.435ms
08-03 23:47:08.616 10238 10249 I art     : Starting a blocking GC Explicit
08-03 23:47:08.651 10238 10249 I art     : Explicit concurrent mark sweep GC freed 28(1024B) AllocSpace objects, 0(0B) LOS objects, 10% free, 135MB/151MB, paused 872us total 34.885ms
08-03 23:47:08.664 10238 10249 I art     : Starting a blocking GC Explicit
08-03 23:47:08.698 10238 10249 I art     : Explicit concurrent mark sweep GC freed 3(96B) AllocSpace objects, 0(0B) LOS objects, 10% free, 135MB/151MB, paused 900us total 33.719ms
08-03 23:47:08.711 10238 10249 I art     : Starting a blocking GC Explicit
08-03 23:47:08.747 10238 10249 I art     : Explicit concurrent mark sweep GC freed 3(96B) AllocSpace objects, 0(0B) LOS objects, 10% free, 135MB/151MB, paused 900us total 35.525ms
08-03 23:47:08.760 10238 10249 I art     : Starting a blocking GC Explicit
08-03 23:47:08.795 10238 10249 I art     : Explicit concurrent mark sweep GC freed 3(96B) AllocSpace objects, 0(0B) LOS objects, 10% free, 135MB/151MB, paused 858us total 34.634ms
08-03 23:47:08.874 11756 11756 D AndroidRuntime: >>>>>> START com.android.internal.os.RuntimeInit uid 2000 <<<<<<
08-03 23:47:08.882 11756 11756 D AndroidRuntime: CheckJNI is OFF
08-03 23:47:08.918 11756 11756 D ICU     : No timezone override file found: /data/misc/zoneinfo/current/icu/icu_tzdata.dat
08-03 23:47:08.957 11756 11756 I Radio-JNI: register_android_hardware_Radio DONE
08-03 23:47:08.978 11756 11756 D AndroidRuntime: Calling main entry com.android.commands.input.Input
08-03 23:47:08.981 11756 11756 I Input   : injectMotionEvent: MotionEvent { action=ACTION_DOWN, actionButton=0, id[0]=0, x[0]=657.0, y[0]=2037.0, toolType[0]=TOOL_TYPE_UNKNOWN, buttonState=0, metaState=0, flags=0x0, edgeFlags=0x0, pointerCount=1, historySize=0, eventTime=661645393, downTime=661645393, deviceId=0, source=0x1002 }
08-03 23:47:08.990 11756 11756 I Input   : injectMotionEvent: MotionEvent { action=ACTION_UP, actionButton=0, id[0]=0, x[0]=657.0, y[0]=2037.0, toolType[0]=TOOL_TYPE_UNKNOWN, buttonState=0, metaState=0, flags=0x0, edgeFlags=0x0, pointerCount=1, historySize=0, eventTime=661645393, downTime=661645393, deviceId=0, source=0x1002 }
08-03 23:47:08.992 11756 11756 D AndroidRuntime: Shutting down VM
08-03 23:47:09.005   918  5481 I ActivityManager: START u0 {cmp=baseline.io.github.project_travel_mate/.utilities.CompassActivity} from uid 10650 on display 0
08-03 23:47:09.006   512  2967 D audio_hw_primary: out_set_parameters: enter: usecase(1: low-latency-playback) kvpairs: routing=2
08-03 23:47:09.019   512  2967 D audio_hw_primary: select_devices: out_snd_device(2: speaker) in_snd_device(0: none)
08-03 23:47:09.019   512  2967 D msm8974_platform: platform_send_audio_calibration: sending audio calibration for snd_device(2) acdb_id(15)
08-03 23:47:09.019   512  2967 I soundtrigger: audio_extn_sound_trigger_update_device_status: device 0x2 of type 0 for Event 1
08-03 23:47:09.029   512  2967 D audio_hw_primary: enable_snd_device: snd_device(2: speaker)
08-03 23:47:09.031   512  2967 D audio_hw_primary: enable_audio_route: apply and update mixer path: low-latency-playback speaker
08-03 23:47:09.133 10238 10640 I art     : Starting a blocking GC Explicit
08-03 23:47:09.164 10238 10640 I art     : Explicit concurrent mark sweep GC freed 80(4KB) AllocSpace objects, 0(0B) LOS objects, 7% free, 184MB/200MB, paused 906us total 30.707ms
08-03 23:47:09.176 10238 10640 I art     : Starting a blocking GC Explicit
08-03 23:47:09.206 10238 10640 I art     : Explicit concurrent mark sweep GC freed 3(96B) AllocSpace objects, 0(0B) LOS objects, 7% free, 184MB/200MB, paused 931us total 30.305ms
08-03 23:47:09.219 10238 10640 I art     : Starting a blocking GC Explicit
08-03 23:47:09.249 10238 10640 I art     : Explicit concurrent mark sweep GC freed 3(96B) AllocSpace objects, 0(0B) LOS objects, 7% free, 184MB/200MB, paused 896us total 30.575ms
08-03 23:47:09.261 10238 10640 I art     : Starting a blocking GC Explicit
08-03 23:47:09.293 10238 10640 I art     : Explicit concurrent mark sweep GC freed 3(96B) AllocSpace objects, 0(0B) LOS objects, 7% free, 184MB/200MB, paused 904us total 31.639ms
08-03 23:47:09.306 10238 10640 I art     : Starting a blocking GC Explicit
08-03 23:47:09.337 10238 10640 I art     : Explicit concurrent mark sweep GC freed 3(96B) AllocSpace objects, 0(0B) LOS objects, 7% free, 184MB/200MB, paused 914us total 30.945ms
08-03 23:47:09.428 10238 10238 D CompassActivity: start compass
08-03 23:47:09.429   918  4400 I sensors : batch
08-03 23:47:09.429   918  4400 I sensors : activate
08-03 23:47:09.430   918  5481 I sensors : batch
08-03 23:47:09.430   918  5481 I sensors : activate
08-03 23:47:09.436   918  3188 I hubconnection: sensorhub said: 'batch 1 flags:0, sampling_rate_Hz:50.00, max_report_latency_us:0'
08-03 23:47:09.437   918  3188 I hubconnection: sensorhub said: 'activate 1 enable:1'
08-03 23:47:09.438   918  3188 I hubconnection: sensorhub said: 'batch 3 flags:0, sampling_rate_Hz:50.00, max_report_latency_us:0'
08-03 23:47:09.439   918  3188 I hubconnection: sensorhub said: 'activate 3 enable:1'
08-03 23:47:09.568   512  2967 D audio_hw_primary: disable_audio_route: reset and update mixer path: low-latency-playback speaker
08-03 23:47:09.569   512  2967 D audio_hw_primary: disable_snd_device: snd_device(2: speaker)
08-03 23:47:09.576   512  2967 I soundtrigger: audio_extn_sound_trigger_update_device_status: device 0x2 of type 0 for Event 0
08-03 23:47:09.586   918   936 I ActivityManager: Displayed baseline.io.github.project_travel_mate/.utilities.CompassActivity: +565ms
08-03 23:47:09.587 13866 13866 I GoogleInputMethodServic: GoogleInputMethodService.onFinishInput():3138 
08-03 23:47:09.587 13866 13866 I GoogleInputMethodServic: GoogleInputMethodService.onStartInput():1808 
08-03 23:47:09.655 10238 10249 I art     : Starting a blocking GC Explicit
08-03 23:47:09.656 10238 10238 D CompassActivity: will set rotation from 0.0 to 177.83691
08-03 23:47:09.657 10238 10238 D CompassActivity: will set rotation from 177.83691 to 178.24744
08-03 23:47:09.657 10238 10238 D CompassActivity: will set rotation from 178.24744 to 178.25293
08-03 23:47:09.658 10238 10238 D CompassActivity: will set rotation from 178.25293 to 178.30066
08-03 23:47:09.658 10238 10238 D CompassActivity: will set rotation from 178.30066 to 178.31128
08-03 23:47:09.667 10238 10238 D CompassActivity: will set rotation from 178.31128 to 178.24438
08-03 23:47:09.667 10238 10238 D CompassActivity: will set rotation from 178.24438 to 178.23615
08-03 23:47:09.681 10238 10238 D CompassActivity: will set rotation from 178.23615 to 178.20581
08-03 23:47:09.681 10238 10238 D CompassActivity: will set rotation from 178.20581 to 178.21155
08-03 23:47:09.690 10238 10249 I art     : Explicit concurrent mark sweep GC freed 1933(111KB) AllocSpace objects, 2(36KB) LOS objects, 7% free, 187MB/203MB, paused 813us total 35.173ms
08-03 23:47:09.701 10238 10238 D CompassActivity: will set rotation from 178.21155 to 178.3374
08-03 23:47:09.701 10238 10238 D CompassActivity: will set rotation from 178.3374 to 178.3324
08-03 23:47:09.702 10238 10249 I art     : Starting a blocking GC Explicit
08-03 23:47:09.721 10238 10238 D CompassActivity: will set rotation from 178.3324 to 178.58209
08-03 23:47:09.721 10238 10238 D CompassActivity: will set rotation from 178.58209 to 178.57422
08-03 23:47:09.733 10238 10249 I art     : Explicit concurrent mark sweep GC freed 207(9KB) AllocSpace objects, 0(0B) LOS objects, 7% free, 187MB/203MB, paused 767us total 30.371ms
08-03 23:47:09.741 10238 10238 D CompassActivity: will set rotation from 178.57422 to 178.6372
08-03 23:47:09.741 10238 10238 D CompassActivity: will set rotation from 178.6372 to 178.63135
08-03 23:47:09.745 10238 10249 I art     : Starting a blocking GC Explicit
08-03 23:47:09.761 10238 10238 D CompassActivity: will set rotation from 178.63135 to 178.67981
08-03 23:47:09.761 10238 10238 D CompassActivity: will set rotation from 178.67981 to 178.67749
08-03 23:47:09.777 10238 10249 I art     : Explicit concurrent mark sweep GC freed 70(3KB) AllocSpace objects, 0(0B) LOS objects, 7% free, 187MB/203MB, paused 861us total 31.923ms
08-03 23:47:09.781 10238 10238 D CompassActivity: will set rotation from 178.67749 to 178.56287
08-03 23:47:09.781 10238 10238 D CompassActivity: will set rotation from 178.56287 to 178.55334
08-03 23:47:09.790 10238 10249 I art     : Starting a blocking GC Explicit
08-03 23:47:09.801 10238 10238 D CompassActivity: will set rotation from 178.55334 to 178.61139
08-03 23:47:09.802 10238 10238 D CompassActivity: will set rotation from 178.61139 to 178.61383
08-03 23:47:09.821 10238 10238 D CompassActivity: will set rotation from 178.61383 to 178.75409
08-03 23:47:09.821 10238 10238 D CompassActivity: will set rotation from 178.75409 to 178.75592
08-03 23:47:09.828 10238 10249 I art     : Explicit concurrent mark sweep GC freed 97(5KB) AllocSpace objects, 0(0B) LOS objects, 7% free, 187MB/203MB, paused 949us total 37.887ms
08-03 23:47:09.839   380   380 W SurfaceFlinger: couldn't log to binary event log: overflow.
08-03 23:47:09.841 10238 10238 D CompassActivity: will set rotation from 178.75592 to 178.78778
08-03 23:47:09.842 10238 10238 D CompassActivity: will set rotation from 178.78778 to 178.77954
08-03 23:47:09.842 10238 10249 I art     : Starting a blocking GC Explicit
08-03 23:47:09.860 10238 10238 D CompassActivity: will set rotation from 178.77954 to 178.76007
08-03 23:47:09.860 10238 10238 D CompassActivity: will set rotation from 178.76007 to 178.75806
08-03 23:47:09.874 10238 10249 I art     : Explicit concurrent mark sweep GC freed 109(5KB) AllocSpace objects, 0(0B) LOS objects, 7% free, 187MB/203MB, paused 736us total 32.076ms
08-03 23:47:09.880 10238 10238 D CompassActivity: will set rotation from 178.75806 to 178.78577
08-03 23:47:09.880 10238 10238 D CompassActivity: will set rotation from 178.78577 to 178.78894
08-03 23:47:09.901 10238 10238 D CompassActivity: will set rotation from 178.78894 to 178.84918
08-03 23:47:09.901 10238 10238 D CompassActivity: will set rotation from 178.84918 to 178.84607
08-03 23:47:09.920 10238 10238 D CompassActivity: will set rotation from 178.84607 to 178.8678
08-03 23:47:09.920 10238 10238 D CompassActivity: will set rotation from 178.8678 to 178.86298
08-03 23:47:09.940 10238 10238 D CompassActivity: will set rotation from 178.86298 to 179.02747
08-03 23:47:09.940 10238 10238 D CompassActivity: will set rotation from 179.02747 to 179.02692
08-03 23:47:10.024 10238 10238 D CompassActivity: will set rotation from 179.02692 to 179.06696
08-03 23:47:10.024 10238 10238 D CompassActivity: will set rotation from 179.06696 to 179.06427
08-03 23:47:10.024 10238 10238 D CompassActivity: will set rotation from 179.06427 to 179.10034
08-03 23:47:10.024 10238 10238 D CompassActivity: will set rotation from 179.10034 to 179.10266
08-03 23:47:10.024 10238 10238 D CompassActivity: will set rotation from 179.10266 to 179.04333
08-03 23:47:10.025 10238 10238 D CompassActivity: will set rotation from 179.04333 to 179.0448
08-03 23:47:10.026 10238 10238 D CompassActivity: will set rotation from 179.0448 to 179.10413
08-03 23:47:10.026 10238 10238 D CompassActivity: will set rotation from 179.10413 to 179.10876
08-03 23:47:10.043 10238 10238 D CompassActivity: will set rotation from 179.10876 to 179.07544
08-03 23:47:10.043 10238 10238 D CompassActivity: will set rotation from 179.07544 to 179.07568
08-03 23:47:10.060 10238 10238 D CompassActivity: will set rotation from 179.07568 to 179.10492
08-03 23:47:10.060 10238 10238 D CompassActivity: will set rotation from 179.10492 to 179.10767
08-03 23:47:10.079 10238 10238 D CompassActivity: will set rotation from 179.10767 to 179.15991
08-03 23:47:10.079 10238 10238 D CompassActivity: will set rotation from 179.15991 to 179.16089
08-03 23:47:10.099 10238 10238 D CompassActivity: will set rotation from 179.16089 to 179.1604
08-03 23:47:10.099 10238 10238 D CompassActivity: will set rotation from 179.1604 to 179.16205
08-03 23:47:10.120 10238 10238 D CompassActivity: will set rotation from 179.16205 to 179.15814
08-03 23:47:10.121 10238 10238 D CompassActivity: will set rotation from 179.15814 to 179.15771
08-03 23:47:10.140 10238 10238 D CompassActivity: will set rotation from 179.15771 to 179.12671
08-03 23:47:10.141 10238 10238 D CompassActivity: will set rotation from 179.12671 to 179.12634
08-03 23:47:10.160 10238 10238 D CompassActivity: will set rotation from 179.12634 to 179.09546
08-03 23:47:10.160 10238 10238 D CompassActivity: will set rotation from 179.09546 to 179.09863
08-03 23:47:10.179 10238 10238 D CompassActivity: will set rotation from 179.09863 to 179.09479
08-03 23:47:10.179 10238 10238 D CompassActivity: will set rotation from 179.09479 to 179.09595
08-03 23:47:10.199 10238 10238 D CompassActivity: will set rotation from 179.09595 to 179.09912
08-03 23:47:10.199 10238 10238 D CompassActivity: will set rotation from 179.09912 to 179.0982
08-03 23:47:10.201 10238 10250 I art     : Starting a blocking GC Explicit
08-03 23:47:10.219 10238 10238 D CompassActivity: will set rotation from 179.0982 to 179.07648
08-03 23:47:10.220 10238 10238 D CompassActivity: will set rotation from 179.07648 to 179.07538
08-03 23:47:10.243 10238 10238 D CompassActivity: will set rotation from 179.07538 to 179.15009
08-03 23:47:10.250 10238 10238 D CompassActivity: will set rotation from 179.15009 to 179.15063
08-03 23:47:10.252 10238 10250 I art     : Explicit concurrent mark sweep GC freed 1937(114KB) AllocSpace objects, 2(36KB) LOS objects, 7% free, 187MB/203MB, paused 6.530ms total 50.911ms
08-03 23:47:10.256   518   646 I ThermalEngine: ACTION: GPU - Setting GPU[0] to 450000000
08-03 23:47:10.265 10238 10238 D CompassActivity: will set rotation from 179.15063 to 179.17126
08-03 23:47:10.266 10238 10238 D CompassActivity: will set rotation from 179.17126 to 179.17065
08-03 23:47:10.275 10238 10250 I art     : Starting a blocking GC Explicit
08-03 23:47:10.279 10238 10238 D CompassActivity: will set rotation from 179.17065 to 179.1477
08-03 23:47:10.280 10238 10238 D CompassActivity: will set rotation from 179.1477 to 179.14972
08-03 23:47:10.299 10238 10238 D CompassActivity: will set rotation from 179.14972 to 179.14923
08-03 23:47:10.299 10238 10238 D CompassActivity: will set rotation from 179.14923 to 179.14758
08-03 23:47:10.319 10238 10238 D CompassActivity: will set rotation from 179.14758 to 179.14618
08-03 23:47:10.319 10238 10238 D CompassActivity: will set rotation from 179.14618 to 179.14557
08-03 23:47:10.328 10238 10250 I art     : Explicit concurrent mark sweep GC freed 586(24KB) AllocSpace objects, 0(0B) LOS objects, 7% free, 187MB/203MB, paused 1.810ms total 52.628ms
08-03 23:47:10.343 10238 10238 D CompassActivity: will set rotation from 179.14557 to 179.18878
08-03 23:47:10.343 10238 10238 D CompassActivity: will set rotation from 179.18878 to 179.19104
08-03 23:47:10.347 10238 10250 I art     : Starting a blocking GC Explicit
08-03 23:47:10.360 10238 10238 D CompassActivity: will set rotation from 179.19104 to 179.20972
08-03 23:47:10.360 10238 10238 D CompassActivity: will set rotation from 179.20972 to 179.20923
08-03 23:47:10.380 10238 10238 D CompassActivity: will set rotation from 179.20923 to 179.24872
08-03 23:47:10.380 10238 10238 D CompassActivity: will set rotation from 179.24872 to 179.25043
08-03 23:47:10.398 10238 10250 I art     : Explicit concurrent mark sweep GC freed 190(8KB) AllocSpace objects, 0(0B) LOS objects, 7% free, 187MB/203MB, paused 1.107ms total 50.498ms
08-03 23:47:10.400 10238 10238 D CompassActivity: will set rotation from 179.25043 to 179.2663
08-03 23:47:10.400 10238 10238 D CompassActivity: will set rotation from 179.2663 to 179.26666
08-03 23:47:10.418 10238 10250 I art     : Starting a blocking GC Explicit
08-03 23:47:10.419 10238 10238 D CompassActivity: will set rotation from 179.26666 to 179.28357
08-03 23:47:10.419 10238 10238 D CompassActivity: will set rotation from 179.28357 to 179.2818
08-03 23:47:10.441 10238 10238 D CompassActivity: will set rotation from 179.2818 to 179.2749
08-03 23:47:10.441 10238 10238 D CompassActivity: will set rotation from 179.2749 to 179.27661
08-03 23:47:10.460 10238 10238 D CompassActivity: will set rotation from 179.27661 to 179.2508
08-03 23:47:10.461 10238 10238 D CompassActivity: will set rotation from 179.2508 to 179.25012
08-03 23:47:10.469 10238 10250 I art     : Explicit concurrent mark sweep GC freed 146(7KB) AllocSpace objects, 0(0B) LOS objects, 7% free, 187MB/203MB, paused 1.206ms total 50.828ms
08-03 23:47:10.480 10238 10238 D CompassActivity: will set rotation from 179.25012 to 179.24548
08-03 23:47:10.480 10238 10238 D CompassActivity: will set rotation from 179.24548 to 179.24634
08-03 23:47:10.489 10238 10250 I art     : Starting a blocking GC Explicit
08-03 23:47:10.500 10238 10238 D CompassActivity: will set rotation from 179.24634 to 179.23932
08-03 23:47:10.501 10238 10238 D CompassActivity: will set rotation from 179.23932 to 179.2384
08-03 23:47:10.518 10238 10238 D CompassActivity: will set rotation from 179.2384 to 179.23462
08-03 23:47:10.518 10238 10238 D CompassActivity: will set rotation from 179.23462 to 179.2323
08-03 23:47:10.538 10238 10250 I art     : Explicit concurrent mark sweep GC freed 199(8KB) AllocSpace objects, 0(0B) LOS objects, 7% free, 187MB/203MB, paused 1.167ms total 48.095ms
08-03 23:47:10.539 10238 10238 D CompassActivity: will set rotation from 179.2323 to 179.26794
08-03 23:47:10.539 10238 10238 D CompassActivity: will set rotation from 179.26794 to 179.26721
08-03 23:47:10.561 10238 10238 D CompassActivity: will set rotation from 179.26721 to 179.27979
08-03 23:47:10.562 10238 10238 D CompassActivity: will set rotation from 179.27979 to 179.27899
08-03 23:47:10.579 10238 10238 D CompassActivity: will set rotation from 179.27899 to 179.25513
08-03 23:47:10.579 10238 10238 D CompassActivity: will set rotation from 179.25513 to 179.2544
08-03 23:47:10.597 10238 10238 D CompassActivity: will set rotation from 179.2544 to 179.26996
08-03 23:47:10.598 10238 10238 D CompassActivity: will set rotation from 179.26996 to 179.26917
08-03 23:47:10.618 10238 10238 D CompassActivity: will set rotation from 179.26917 to 179.28516
08-03 23:47:10.618 10238 10238 D CompassActivity: will set rotation from 179.28516 to 179.28363
08-03 23:47:10.637 10238 10238 D CompassActivity: will set rotation from 179.28363 to 179.29688
08-03 23:47:10.638 10238 10238 D CompassActivity: will set rotation from 179.29688 to 179.29584
08-03 23:47:10.659 10238 10238 D CompassActivity: will set rotation from 179.29584 to 179.3089
08-03 23:47:10.660 10238 10238 D CompassActivity: will set rotation from 179.3089 to 179.30872
08-03 23:47:10.680 10238 10238 D CompassActivity: will set rotation from 179.30872 to 179.34235
08-03 23:47:10.680 10238 10238 D CompassActivity: will set rotation from 179.34235 to 179.33917
08-03 23:47:10.698 10238 10238 D CompassActivity: will set rotation from 179.33917 to 179.35126
08-03 23:47:10.698 10238 10238 D CompassActivity: will set rotation from 179.35126 to 179.34985
08-03 23:47:10.717 10238 10238 D CompassActivity: will set rotation from 179.34985 to 179.34338
08-03 23:47:10.719 10238 10238 D CompassActivity: will set rotation from 179.34338 to 179.34314
08-03 23:47:10.737 10238 10238 D CompassActivity: will set rotation from 179.34314 to 179.3714
08-03 23:47:10.738 10238 10238 D CompassActivity: will set rotation from 179.3714 to 179.36975
08-03 23:47:10.759 10238 10238 D CompassActivity: will set rotation from 179.36975 to 179.37854
08-03 23:47:10.760 10238 10238 D CompassActivity: will set rotation from 179.37854 to 179.37805
08-03 23:47:10.778 10238 10238 D CompassActivity: will set rotation from 179.37805 to 179.38922
08-03 23:47:10.778 10238 10238 D CompassActivity: will set rotation from 179.38922 to 179.3888
08-03 23:47:10.797 10238 10238 D CompassActivity: will set rotation from 179.3888 to 179.39691
08-03 23:47:10.797 10238 10238 D CompassActivity: will set rotation from 179.39691 to 179.39502
08-03 23:47:10.817 10238 10238 D CompassActivity: will set rotation from 179.39502 to 179.42096
08-03 23:47:10.818 10238 10238 D CompassActivity: will set rotation from 179.42096 to 179.42029
08-03 23:47:10.837 10238 10238 D CompassActivity: will set rotation from 179.42029 to 179.39429
08-03 23:47:10.837 10238 10238 D CompassActivity: will set rotation from 179.39429 to 179.39526
08-03 23:47:10.859 10238 10238 D CompassActivity: will set rotation from 179.39526 to 179.3844
08-03 23:47:10.860 10238 10238 D CompassActivity: will set rotation from 179.3844 to 179.38446
08-03 23:47:10.878 10238 10238 D CompassActivity: will set rotation from 179.38446 to 179.39124
08-03 23:47:10.878 10238 10238 D CompassActivity: will set rotation from 179.39124 to 179.38934
08-03 23:47:10.897 10238 10238 D CompassActivity: will set rotation from 179.38934 to 179.39624
08-03 23:47:10.897 10238 10238 D CompassActivity: will set rotation from 179.39624 to 179.3963
08-03 23:47:10.917 10238 10238 D CompassActivity: will set rotation from 179.3963 to 179.40405
08-03 23:47:10.917 10238 10238 D CompassActivity: will set rotation from 179.40405 to 179.4057
08-03 23:47:10.937 10238 10238 D CompassActivity: will set rotation from 179.4057 to 179.41364
08-03 23:47:10.937 10238 10238 D CompassActivity: will set rotation from 179.41364 to 179.41193
08-03 23:47:10.959 10238 10238 D CompassActivity: will set rotation from 179.41193 to 179.43683
08-03 23:47:10.959 10238 10640 I art     : Starting a blocking GC Explicit
08-03 23:47:10.960 10238 10238 D CompassActivity: will set rotation from 179.43683 to 179.43591
08-03 23:47:10.978 10238 10238 D CompassActivity: will set rotation from 179.43591 to 179.42444
08-03 23:47:10.979 10238 10238 D CompassActivity: will set rotation from 179.42444 to 179.42499
08-03 23:47:10.997 10238 10238 D CompassActivity: will set rotation from 179.42499 to 179.4336
08-03 23:47:10.997 10238 10238 D CompassActivity: will set rotation from 179.4336 to 179.43188
08-03 23:47:11.016 10238 10238 D CompassActivity: will set rotation from 179.43188 to 179.45593
08-03 23:47:11.016 10238 10238 D CompassActivity: will set rotation from 179.45593 to 179.45624
08-03 23:47:11.036 10238 10238 D CompassActivity: will set rotation from 179.45624 to 179.44708
08-03 23:47:11.036 10238 10238 D CompassActivity: will set rotation from 179.44708 to 179.44775
08-03 23:47:11.042 10238 10640 I art     : Explicit concurrent mark sweep GC freed 2064(123KB) AllocSpace objects, 2(36KB) LOS objects, 7% free, 187MB/203MB, paused 1.224ms total 82.359ms
08-03 23:47:11.056 10238 10238 D CompassActivity: will set rotation from 179.44775 to 179.45465
08-03 23:47:11.057 10238 10238 D CompassActivity: will set rotation from 179.45465 to 179.45221
08-03 23:47:11.061 10238 10640 I art     : Starting a blocking GC Explicit
08-03 23:47:11.077 10238 10238 D CompassActivity: will set rotation from 179.45221 to 179.4563
08-03 23:47:11.078 10238 10238 D CompassActivity: will set rotation from 179.4563 to 179.4544
08-03 23:47:11.096 10238 10238 D CompassActivity: will set rotation from 179.4544 to 179.42554
08-03 23:47:11.097 10238 10238 D CompassActivity: will set rotation from 179.42554 to 179.4248
08-03 23:47:11.113 10238 10640 I art     : Explicit concurrent mark sweep GC freed 853(33KB) AllocSpace objects, 0(0B) LOS objects, 7% free, 187MB/203MB, paused 1.266ms total 50.911ms
08-03 23:47:11.116 10238 10238 D CompassActivity: will set rotation from 179.4248 to 179.38062
08-03 23:47:11.116 10238 10238 D CompassActivity: will set rotation from 179.38062 to 179.37878
08-03 23:47:11.132 10238 10640 I art     : Starting a blocking GC Explicit
08-03 23:47:11.135 10238 10238 D CompassActivity: will set rotation from 179.37878 to 179.32056
08-03 23:47:11.136 10238 10238 D CompassActivity: will set rotation from 179.32056 to 179.31921
08-03 23:47:11.156 10238 10238 D CompassActivity: will set rotation from 179.31921 to 179.31464
08-03 23:47:11.156 10238 10238 D CompassActivity: will set rotation from 179.31464 to 179.31659
08-03 23:47:11.178 10238 10238 D CompassActivity: will set rotation from 179.31659 to 179.31183
08-03 23:47:11.179 10238 10238 D CompassActivity: will set rotation from 179.31183 to 179.3122
08-03 23:47:11.182 10238 10640 I art     : Explicit concurrent mark sweep GC freed 169(8KB) AllocSpace objects, 0(0B) LOS objects, 7% free, 187MB/203MB, paused 1.021ms total 50.237ms
08-03 23:47:11.196 10238 10238 D CompassActivity: will set rotation from 179.3122 to 179.32343
08-03 23:47:11.197 10238 10238 D CompassActivity: will set rotation from 179.32343 to 179.32312
08-03 23:47:11.202 10238 10640 I art     : Starting a blocking GC Explicit
08-03 23:47:11.216 10238 10238 D CompassActivity: will set rotation from 179.32312 to 179.31818
08-03 23:47:11.217 10238 10238 D CompassActivity: will set rotation from 179.31818 to 179.31793
08-03 23:47:11.235 10238 10238 D CompassActivity: will set rotation from 179.31793 to 179.32715
08-03 23:47:11.236 10238 10238 D CompassActivity: will set rotation from 179.32715 to 179.32684
08-03 23:47:11.255 10238 10640 I art     : Explicit concurrent mark sweep GC freed 175(7KB) AllocSpace objects, 0(0B) LOS objects, 7% free, 187MB/203MB, paused 1.055ms total 52.006ms
08-03 23:47:11.256 10238 10238 D CompassActivity: will set rotation from 179.32684 to 179.33435
08-03 23:47:11.256 10238 10238 D CompassActivity: will set rotation from 179.33435 to 179.33258
08-03 23:47:11.274 10238 10640 I art     : Starting a blocking GC Explicit
08-03 23:47:11.278 10238 10238 D CompassActivity: will set rotation from 179.33258 to 179.34076
08-03 23:47:11.279 10238 10238 D CompassActivity: will set rotation from 179.34076 to 179.33911
08-03 23:47:11.295 10238 10238 D CompassActivity: will set rotation from 179.33911 to 179.36389
08-03 23:47:11.295 10238 10238 D CompassActivity: will set rotation from 179.36389 to 179.36334
08-03 23:47:11.314 10238 10238 D CompassActivity: will set rotation from 179.36334 to 179.36987
08-03 23:47:11.314 10238 10238 D CompassActivity: will set rotation from 179.36987 to 179.36871
08-03 23:47:11.322 10238 10640 I art     : Explicit concurrent mark sweep GC freed 146(7KB) AllocSpace objects, 0(0B) LOS objects, 7% free, 187MB/203MB, paused 1.094ms total 46.948ms
08-03 23:47:11.335 10238 10238 D CompassActivity: will set rotation from 179.36871 to 179.36444
08-03 23:47:11.336 10238 10238 D CompassActivity: will set rotation from 179.36444 to 179.36426
08-03 23:47:11.354 10238 10238 D CompassActivity: will set rotation from 179.36426 to 179.35565
08-03 23:47:11.355 10238 10238 D CompassActivity: will set rotation from 179.35565 to 179.35693
08-03 23:47:11.376 10238 10238 D CompassActivity: will set rotation from 179.35693 to 179.39716
08-03 23:47:11.377 10238 10238 D CompassActivity: will set rotation from 179.39716 to 179.3982
08-03 23:47:11.395 10238 10238 D CompassActivity: will set rotation from 179.3982 to 179.38702
08-03 23:47:11.395 10238 10238 D CompassActivity: will set rotation from 179.38702 to 179.38843
08-03 23:47:11.415 10238 10238 D CompassActivity: will set rotation from 179.38843 to 179.39746
08-03 23:47:11.415 10238 10238 D CompassActivity: will set rotation from 179.39746 to 179.39795
08-03 23:47:11.435 10238 10238 D CompassActivity: will set rotation from 179.39795 to 179.38916
08-03 23:47:11.435 10238 10238 D CompassActivity: will set rotation from 179.38916 to 179.38892
08-03 23:47:11.455 10238 10238 D CompassActivity: will set rotation from 179.38892 to 179.3963
08-03 23:47:11.457 10238 10238 D CompassActivity: will set rotation from 179.3963 to 179.39648
08-03 23:47:11.480 10238 10238 D CompassActivity: will set rotation from 179.39648 to 179.3562
08-03 23:47:11.481 10238 10238 D CompassActivity: will set rotation from 179.3562 to 179.35565
08-03 23:47:11.497 10238 10238 D CompassActivity: will set rotation from 179.35565 to 179.33032
08-03 23:47:11.498 10238 10238 D CompassActivity: will set rotation from 179.33032 to 179.32904
08-03 23:47:11.515 10238 10238 D CompassActivity: will set rotation from 179.32904 to 179.3064
08-03 23:47:11.516 10238 10238 D CompassActivity: will set rotation from 179.3064 to 179.30652
08-03 23:47:11.534 10238 10238 D CompassActivity: will set rotation from 179.30652 to 179.31665
08-03 23:47:11.535 10238 10238 D CompassActivity: will set rotation from 179.31665 to 179.31793
08-03 23:47:11.554 10238 10238 D CompassActivity: will set rotation from 179.31793 to 179.31189
08-03 23:47:11.555 10238 10238 D CompassActivity: will set rotation from 179.31189 to 179.31165
08-03 23:47:11.577 10238 10238 D CompassActivity: will set rotation from 179.31165 to 179.30872
08-03 23:47:11.579 10238 10238 D CompassActivity: will set rotation from 179.30872 to 179.30737
08-03 23:47:11.596 10238 10238 D CompassActivity: will set rotation from 179.30737 to 179.33148
08-03 23:47:11.597 10238 10238 D CompassActivity: will set rotation from 179.33148 to 179.33057
08-03 23:47:11.613 10238 10238 D CompassActivity: will set rotation from 179.33057 to 179.33691
08-03 23:47:11.615 10238 10238 D CompassActivity: will set rotation from 179.33691 to 179.33557
08-03 23:47:11.633 10238 10238 D CompassActivity: will set rotation from 179.33557 to 179.3291
08-03 23:47:11.634 10238 10238 D CompassActivity: will set rotation from 179.3291 to 179.32977
08-03 23:47:11.653 10238 10238 D CompassActivity: will set rotation from 179.32977 to 179.32178
08-03 23:47:11.653 10238 10238 D CompassActivity: will set rotation from 179.32178 to 179.32135
08-03 23:47:11.673 10238 10238 D CompassActivity: will set rotation from 179.32135 to 179.31433
08-03 23:47:11.674 10238 10238 D CompassActivity: will set rotation from 179.31433 to 179.31378
08-03 23:47:11.696 10238 10238 D CompassActivity: will set rotation from 179.31378 to 179.30804
08-03 23:47:11.696 10238 10238 D CompassActivity: will set rotation from 179.30804 to 179.30835
08-03 23:47:11.713 10238 10238 D CompassActivity: will set rotation from 179.30835 to 179.28796
08-03 23:47:11.714 10238 10238 D CompassActivity: will set rotation from 179.28796 to 179.28864
08-03 23:47:11.733 10238 10238 D CompassActivity: will set rotation from 179.28864 to 179.26917
08-03 23:47:11.734 10238 10238 D CompassActivity: will set rotation from 179.26917 to 179.27008
08-03 23:47:11.753 10238 10238 D CompassActivity: will set rotation from 179.27008 to 179.26495
08-03 23:47:11.754 10238 10238 D CompassActivity: will set rotation from 179.26495 to 179.26477
08-03 23:47:11.761 10238 10249 I art     : Starting a blocking GC Explicit
08-03 23:47:11.774 10238 10238 D CompassActivity: will set rotation from 179.26477 to 179.25885
08-03 23:47:11.774 10238 10238 D CompassActivity: will set rotation from 179.25885 to 179.25879
08-03 23:47:11.794 10238 10238 D CompassActivity: will set rotation from 179.25879 to 179.25513
08-03 23:47:11.795 10238 10238 D CompassActivity: will set rotation from 179.25513 to 179.25574
08-03 23:47:11.798 11811 11811 D AndroidRuntime: >>>>>> START com.android.internal.os.RuntimeInit uid 2000 <<<<<<
08-03 23:47:11.804 11811 11811 D AndroidRuntime: CheckJNI is OFF
08-03 23:47:11.815 10238 10238 D CompassActivity: will set rotation from 179.25574 to 179.24854
08-03 23:47:11.816 10238 10238 D CompassActivity: will set rotation from 179.24854 to 179.24707
08-03 23:47:11.817 10238 10249 I art     : Explicit concurrent mark sweep GC freed 2082(122KB) AllocSpace objects, 2(36KB) LOS objects, 7% free, 187MB/203MB, paused 1.063ms total 55.388ms
08-03 23:47:11.835 10238 10238 D CompassActivity: will set rotation from 179.24707 to 179.25775
08-03 23:47:11.835 10238 10238 D CompassActivity: will set rotation from 179.25775 to 179.25592
08-03 23:47:11.836 10238 10249 I art     : Starting a blocking GC Explicit
08-03 23:47:11.853 10238 10238 D CompassActivity: will set rotation from 179.25592 to 179.23663
08-03 23:47:11.853 10238 10238 D CompassActivity: will set rotation from 179.23663 to 179.23651
08-03 23:47:11.853 11811 11811 D ICU     : No timezone override file found: /data/misc/zoneinfo/current/icu/icu_tzdata.dat
08-03 23:47:11.873 10238 10238 D CompassActivity: will set rotation from 179.23651 to 179.23193
08-03 23:47:11.874 10238 10238 D CompassActivity: will set rotation from 179.23193 to 179.23291
08-03 23:47:11.881 10238 10249 I art     : Explicit concurrent mark sweep GC freed 764(30KB) AllocSpace objects, 0(0B) LOS objects, 7% free, 187MB/203MB, paused 1.071ms total 44.379ms
08-03 23:47:11.897 10238 10238 D CompassActivity: will set rotation from 179.23291 to 179.19788
08-03 23:47:11.898 10238 10238 D CompassActivity: will set rotation from 179.19788 to 179.19788
08-03 23:47:11.900 10238 10249 I art     : Starting a blocking GC Explicit
08-03 23:47:11.900 11811 11811 I Radio-JNI: register_android_hardware_Radio DONE
08-03 23:47:11.915 10238 10238 D CompassActivity: will set rotation from 179.19788 to 179.20996
08-03 23:47:11.916 10238 10238 D CompassActivity: will set rotation from 179.20996 to 179.21173
08-03 23:47:11.933 11811 11811 D AndroidRuntime: Calling main entry com.android.commands.input.Input
08-03 23:47:11.934 11811 11811 I Input   : injectKeyEvent: KeyEvent { action=ACTION_DOWN, keyCode=KEYCODE_BACK, scanCode=0, metaState=0, flags=0x0, repeatCount=0, eventTime=661648347, downTime=661648347, deviceId=-1, source=0x101 }
08-03 23:47:11.937 10238 10238 D CompassActivity: will set rotation from 179.21173 to 179.20886
08-03 23:47:11.937 10238 10238 D CompassActivity: will set rotation from 179.20886 to 179.21082
08-03 23:47:11.947 11811 11811 I Input   : injectKeyEvent: KeyEvent { action=ACTION_UP, keyCode=KEYCODE_BACK, scanCode=0, metaState=0, flags=0x0, repeatCount=0, eventTime=661648347, downTime=661648347, deviceId=-1, source=0x101 }
08-03 23:47:11.951 10238 10249 I art     : Explicit concurrent mark sweep GC freed 162(7KB) AllocSpace objects, 0(0B) LOS objects, 7% free, 187MB/203MB, paused 1.601ms total 50.584ms
08-03 23:47:11.957 10238 10238 D CompassActivity: will set rotation from 179.21082 to 179.16095
08-03 23:47:11.957 11811 11811 D AndroidRuntime: Shutting down VM
08-03 23:47:11.957 10238 10238 D CompassActivity: will set rotation from 179.16095 to 179.16254
08-03 23:47:11.960   918  3359 I sensors : activate
08-03 23:47:11.963   918  3961 I sensors : activate
08-03 23:47:11.970   918  3188 I hubconnection: sensorhub said: 'activate 1 enable:0'
08-03 23:47:11.971 10238 10249 I art     : Starting a blocking GC Explicit
08-03 23:47:11.971   918  3188 I hubconnection: sensorhub said: 'activate 3 enable:0'
08-03 23:47:11.991 10238 10238 V MainActivity: url = https://project-travel-mate.herokuapp.com/api/number-of-unread-notifications
08-03 23:47:12.012 10238 10249 I art     : Explicit concurrent mark sweep GC freed 413(16KB) AllocSpace objects, 0(0B) LOS objects, 7% free, 187MB/203MB, paused 1.062ms total 40.793ms
08-03 23:47:12.012 10238 10248 I art     : WaitForGcToComplete blocked for 8.711ms for cause HeapTrim
08-03 23:47:12.031 10238 10249 I art     : Starting a blocking GC Explicit
08-03 23:47:12.071 10238 10249 I art     : Explicit concurrent mark sweep GC freed 116(4KB) AllocSpace objects, 0(0B) LOS objects, 7% free, 187MB/203MB, paused 1.282ms total 39.919ms
08-03 23:47:12.097 13866 13866 I GoogleInputMethodServic: GoogleInputMethodService.onFinishInput():3138 
08-03 23:47:12.097 13866 13866 I GoogleInputMethodServic: GoogleInputMethodService.onStartInput():1808 
08-03 23:47:12.358 10238 10238 D CompassActivity: stop compass
08-03 23:47:12.358   380   380 W SurfaceFlinger: couldn't log to binary event log: overflow.
08-03 23:47:12.437 10238 10250 I art     : Starting a blocking GC Explicit
08-03 23:47:12.487 10238 10250 I art     : Explicit concurrent mark sweep GC freed 1781(102KB) AllocSpace objects, 2(36KB) LOS objects, 7% free, 187MB/203MB, paused 1.169ms total 49.504ms
08-03 23:47:12.504 10238 10250 I art     : Starting a blocking GC Explicit
08-03 23:47:12.566 10238 10250 I art     : Explicit concurrent mark sweep GC freed 1329(83KB) AllocSpace objects, 3(52MB) LOS objects, 10% free, 135MB/151MB, paused 1.162ms total 61.536ms
08-03 23:47:12.583 10238 10250 I art     : Starting a blocking GC Explicit
08-03 23:47:12.630 10238 10250 I art     : Explicit concurrent mark sweep GC freed 2512(129KB) AllocSpace objects, 3(200KB) LOS objects, 10% free, 135MB/151MB, paused 1.687ms total 46.413ms
08-03 23:47:12.648 10238 10250 I art     : Starting a blocking GC Explicit
08-03 23:47:12.664 10238 11834 I NAPPA_EXPERIMENTATION: MetricNetworkRequestExecutionTime: REQUEST_DURATION_SYSTEM='672',REQUEST_DURATION_OKHTTP='32',REQUEST_SYNCHRONOUS='FALSE',RESPONSE_CODE='200',RESPONSE_METHOD='GET',RESPONSE_LENGTH_OKHTTP='36',RESPONSE_LENGTH_HEADER='36',REQUEST_PROTOCOL='http/1.1',REQUEST_URL='https://project-travel-mate.herokuapp.com/api/number-of-unread-notifications',
08-03 23:47:12.693 10238 10250 I art     : Explicit concurrent mark sweep GC freed 1102(129KB) AllocSpace objects, 0(0B) LOS objects, 10% free, 135MB/151MB, paused 1.129ms total 44.697ms
08-03 23:47:12.709   918  3261 D WifiStateMachine: starting scan for "H369AA63323"WPA_PSK with 2412,5180
08-03 23:47:12.711 10238 10250 I art     : Starting a blocking GC Explicit
08-03 23:47:12.756 10238 10250 I art     : Explicit concurrent mark sweep GC freed 138(5KB) AllocSpace objects, 0(0B) LOS objects, 10% free, 135MB/151MB, paused 1.134ms total 45.221ms
08-03 23:47:13.144 10238 10249 I art     : Starting a blocking GC Explicit
08-03 23:47:13.203 10238 10249 I art     : Explicit concurrent mark sweep GC freed 1583(92KB) AllocSpace objects, 2(36KB) LOS objects, 10% free, 135MB/151MB, paused 1.010ms total 57.914ms
08-03 23:47:13.220 10238 10249 I art     : Starting a blocking GC Explicit
08-03 23:47:13.261 10238 10249 I art     : Explicit concurrent mark sweep GC freed 28(1024B) AllocSpace objects, 0(0B) LOS objects, 10% free, 135MB/151MB, paused 1.114ms total 40.265ms
08-03 23:47:13.277 10238 10249 I art     : Starting a blocking GC Explicit
08-03 23:47:13.320 10238 10249 I art     : Explicit concurrent mark sweep GC freed 3(96B) AllocSpace objects, 0(0B) LOS objects, 10% free, 135MB/151MB, paused 1.102ms total 42.491ms
08-03 23:47:13.337 10238 10249 I art     : Starting a blocking GC Explicit
08-03 23:47:13.381 10238 10249 I art     : Explicit concurrent mark sweep GC freed 3(96B) AllocSpace objects, 0(0B) LOS objects, 10% free, 135MB/151MB, paused 1.122ms total 43.033ms
08-03 23:47:13.398 10238 10249 I art     : Starting a blocking GC Explicit
08-03 23:47:13.441 10238 10249 I art     : Explicit concurrent mark sweep GC freed 3(96B) AllocSpace objects, 0(0B) LOS objects, 10% free, 135MB/151MB, paused 1.105ms total 43.251ms
08-03 23:47:13.727 11856 11856 D AndroidRuntime: >>>>>> START com.android.internal.os.RuntimeInit uid 2000 <<<<<<
08-03 23:47:13.732 11856 11856 D AndroidRuntime: CheckJNI is OFF
08-03 23:47:13.774 11856 11856 D ICU     : No timezone override file found: /data/misc/zoneinfo/current/icu/icu_tzdata.dat
08-03 23:47:13.816 11856 11856 I Radio-JNI: register_android_hardware_Radio DONE
08-03 23:47:13.824 10238 10249 I art     : Starting a blocking GC Explicit
08-03 23:47:13.846 11856 11856 D AndroidRuntime: Calling main entry com.android.commands.input.Input
08-03 23:47:13.849 11856 11856 I Input   : injectMotionEvent: MotionEvent { action=ACTION_DOWN, actionButton=0, id[0]=0, x[0]=500.0, y[0]=2000.0, toolType[0]=TOOL_TYPE_UNKNOWN, buttonState=0, metaState=0, flags=0x0, edgeFlags=0x0, pointerCount=1, historySize=0, eventTime=661650261, downTime=661650261, deviceId=0, source=0x1002 }
08-03 23:47:13.854 11856 11856 I Input   : injectMotionEvent: MotionEvent { action=ACTION_MOVE, actionButton=0, id[0]=0, x[0]=500.0, y[0]=2000.0, toolType[0]=TOOL_TYPE_UNKNOWN, buttonState=0, metaState=0, flags=0x0, edgeFlags=0x0, pointerCount=1, historySize=0, eventTime=661650261, downTime=661650261, deviceId=0, source=0x1002 }
08-03 23:47:13.876 11856 11856 I Input   : injectMotionEvent: MotionEvent { action=ACTION_MOVE, actionButton=0, id[0]=0, x[0]=500.0, y[0]=1946.8, toolType[0]=TOOL_TYPE_UNKNOWN, buttonState=0, metaState=0, flags=0x0, edgeFlags=0x0, pointerCount=1, historySize=0, eventTime=661650289, downTime=661650289, deviceId=0, source=0x1002 }
08-03 23:47:13.878 10238 10249 I art     : Explicit concurrent mark sweep GC freed 1636(93KB) AllocSpace objects, 2(36KB) LOS objects, 10% free, 135MB/151MB, paused 1.341ms total 54.022ms
08-03 23:47:13.894 11856 11856 I Input   : injectMotionEvent: MotionEvent { action=ACTION_MOVE, actionButton=0, id[0]=0, x[0]=500.0, y[0]=1912.6, toolType[0]=TOOL_TYPE_UNKNOWN, buttonState=0, metaState=0, flags=0x0, edgeFlags=0x0, pointerCount=1, historySize=0, eventTime=661650307, downTime=661650307, deviceId=0, source=0x1002 }
08-03 23:47:13.897 10238 10249 I art     : Starting a blocking GC Explicit
08-03 23:47:13.916 11856 11856 I Input   : injectMotionEvent: MotionEvent { action=ACTION_MOVE, actionButton=0, id[0]=0, x[0]=500.0, y[0]=1870.8, toolType[0]=TOOL_TYPE_UNKNOWN, buttonState=0, metaState=0, flags=0x0, edgeFlags=0x0, pointerCount=1, historySize=0, eventTime=661650329, downTime=661650329, deviceId=0, source=0x1002 }
08-03 23:47:13.927 11856 11856 I Input   : injectMotionEvent: MotionEvent { action=ACTION_MOVE, actionButton=0, id[0]=0, x[0]=500.0, y[0]=1848.0, toolType[0]=TOOL_TYPE_UNKNOWN, buttonState=0, metaState=0, flags=0x0, edgeFlags=0x0, pointerCount=1, historySize=0, eventTime=661650341, downTime=661650341, deviceId=0, source=0x1002 }
08-03 23:47:13.944 11856 11856 I Input   : injectMotionEvent: MotionEvent { action=ACTION_MOVE, actionButton=0, id[0]=0, x[0]=500.0, y[0]=1817.6, toolType[0]=TOOL_TYPE_UNKNOWN, buttonState=0, metaState=0, flags=0x0, edgeFlags=0x0, pointerCount=1, historySize=0, eventTime=661650357, downTime=661650357, deviceId=0, source=0x1002 }
08-03 23:47:13.948 10238 10249 I art     : Explicit concurrent mark sweep GC freed 100(3KB) AllocSpace objects, 0(0B) LOS objects, 10% free, 135MB/151MB, paused 1.800ms total 50.220ms
08-03 23:47:13.960 11856 11856 I Input   : injectMotionEvent: MotionEvent { action=ACTION_MOVE, actionButton=0, id[0]=0, x[0]=500.0, y[0]=1787.2, toolType[0]=TOOL_TYPE_UNKNOWN, buttonState=0, metaState=0, flags=0x0, edgeFlags=0x0, pointerCount=1, historySize=0, eventTime=661650373, downTime=661650373, deviceId=0, source=0x1002 }
08-03 23:47:13.968 10238 10249 I art     : Starting a blocking GC Explicit
08-03 23:47:13.978 11856 11856 I Input   : injectMotionEvent: MotionEvent { action=ACTION_MOVE, actionButton=0, id[0]=0, x[0]=500.0, y[0]=1754.9, toolType[0]=TOOL_TYPE_UNKNOWN, buttonState=0, metaState=0, flags=0x0, edgeFlags=0x0, pointerCount=1, historySize=0, eventTime=661650390, downTime=661650390, deviceId=0, source=0x1002 }
08-03 23:47:13.993 11856 11856 I Input   : injectMotionEvent: MotionEvent { action=ACTION_MOVE, actionButton=0, id[0]=0, x[0]=500.0, y[0]=1722.6, toolType[0]=TOOL_TYPE_UNKNOWN, buttonState=0, metaState=0, flags=0x0, edgeFlags=0x0, pointerCount=1, historySize=0, eventTime=661650407, downTime=661650407, deviceId=0, source=0x1002 }
08-03 23:47:14.011 10238 10249 I art     : Explicit concurrent mark sweep GC freed 26(1376B) AllocSpace objects, 0(0B) LOS objects, 10% free, 135MB/151MB, paused 1.019ms total 42.773ms
08-03 23:47:14.011 11856 11856 I Input   : injectMotionEvent: MotionEvent { action=ACTION_MOVE, actionButton=0, id[0]=0, x[0]=500.0, y[0]=1690.3, toolType[0]=TOOL_TYPE_UNKNOWN, buttonState=0, metaState=0, flags=0x0, edgeFlags=0x0, pointerCount=1, historySize=0, eventTime=661650424, downTime=661650424, deviceId=0, source=0x1002 }
08-03 23:47:14.027 11856 11856 I Input   : injectMotionEvent: MotionEvent { action=ACTION_MOVE, actionButton=0, id[0]=0, x[0]=500.0, y[0]=1659.9, toolType[0]=TOOL_TYPE_UNKNOWN, buttonState=0, metaState=0, flags=0x0, edgeFlags=0x0, pointerCount=1, historySize=0, eventTime=661650440, downTime=661650440, deviceId=0, source=0x1002 }
08-03 23:47:14.028 10238 10249 I art     : Starting a blocking GC Explicit
08-03 23:47:14.043 11856 11856 I Input   : injectMotionEvent: MotionEvent { action=ACTION_MOVE, actionButton=0, id[0]=0, x[0]=500.0, y[0]=1627.6, toolType[0]=TOOL_TYPE_UNKNOWN, buttonState=0, metaState=0, flags=0x0, edgeFlags=0x0, pointerCount=1, historySize=0, eventTime=661650457, downTime=661650457, deviceId=0, source=0x1002 }
08-03 23:47:14.062 11856 11856 I Input   : injectMotionEvent: MotionEvent { action=ACTION_MOVE, actionButton=0, id[0]=0, x[0]=500.0, y[0]=1593.4, toolType[0]=TOOL_TYPE_UNKNOWN, buttonState=0, metaState=0, flags=0x0, edgeFlags=0x0, pointerCount=1, historySize=0, eventTime=661650475, downTime=661650475, deviceId=0, source=0x1002 }
08-03 23:47:14.071 10238 10249 I art     : Explicit concurrent mark sweep GC freed 16(672B) AllocSpace objects, 0(0B) LOS objects, 10% free, 135MB/151MB, paused 1.117ms total 42.726ms
08-03 23:47:14.077 11856 11856 I Input   : injectMotionEvent: MotionEvent { action=ACTION_MOVE, actionButton=0, id[0]=0, x[0]=500.0, y[0]=1564.9, toolType[0]=TOOL_TYPE_UNKNOWN, buttonState=0, metaState=0, flags=0x0, edgeFlags=0x0, pointerCount=1, historySize=0, eventTime=661650490, downTime=661650490, deviceId=0, source=0x1002 }
08-03 23:47:14.088 10238 10249 I art     : Starting a blocking GC Explicit
08-03 23:47:14.094 11856 11856 I Input   : injectMotionEvent: MotionEvent { action=ACTION_MOVE, actionButton=0, id[0]=0, x[0]=500.0, y[0]=1532.6, toolType[0]=TOOL_TYPE_UNKNOWN, buttonState=0, metaState=0, flags=0x0, edgeFlags=0x0, pointerCount=1, historySize=0, eventTime=661650507, downTime=661650507, deviceId=0, source=0x1002 }
08-03 23:47:14.110 11856 11856 I Input   : injectMotionEvent: MotionEvent { action=ACTION_MOVE, actionButton=0, id[0]=0, x[0]=500.0, y[0]=1502.2, toolType[0]=TOOL_TYPE_UNKNOWN, buttonState=0, metaState=0, flags=0x0, edgeFlags=0x0, pointerCount=1, historySize=0, eventTime=661650523, downTime=661650523, deviceId=0, source=0x1002 }
08-03 23:47:14.127 11856 11856 I Input   : injectMotionEvent: MotionEvent { action=ACTION_MOVE, actionButton=0, id[0]=0, x[0]=500.0, y[0]=1469.8999, toolType[0]=TOOL_TYPE_UNKNOWN, buttonState=0, metaState=0, flags=0x0, edgeFlags=0x0, pointerCount=1, historySize=0, eventTime=661650540, downTime=661650540, deviceId=0, source=0x1002 }
08-03 23:47:14.130 10238 10249 I art     : Explicit concurrent mark sweep GC freed 3(96B) AllocSpace objects, 0(0B) LOS objects, 10% free, 135MB/151MB, paused 1.022ms total 41.515ms
08-03 23:47:14.144 11856 11856 I Input   : injectMotionEvent: MotionEvent { action=ACTION_MOVE, actionButton=0, id[0]=0, x[0]=500.0, y[0]=1437.6, toolType[0]=TOOL_TYPE_UNKNOWN, buttonState=0, metaState=0, flags=0x0, edgeFlags=0x0, pointerCount=1, historySize=0, eventTime=661650557, downTime=661650557, deviceId=0, source=0x1002 }
08-03 23:47:14.160 11856 11856 I Input   : injectMotionEvent: MotionEvent { action=ACTION_MOVE, actionButton=0, id[0]=0, x[0]=500.0, y[0]=1405.3, toolType[0]=TOOL_TYPE_UNKNOWN, buttonState=0, metaState=0, flags=0x0, edgeFlags=0x0, pointerCount=1, historySize=0, eventTime=661650574, downTime=661650574, deviceId=0, source=0x1002 }
08-03 23:47:14.177 11856 11856 I Input   : injectMotionEvent: MotionEvent { action=ACTION_MOVE, actionButton=0, id[0]=0, x[0]=500.0, y[0]=1374.9, toolType[0]=TOOL_TYPE_UNKNOWN, buttonState=0, metaState=0, flags=0x0, edgeFlags=0x0, pointerCount=1, historySize=0, eventTime=661650590, downTime=661650590, deviceId=0, source=0x1002 }
08-03 23:47:14.195 11856 11856 I Input   : injectMotionEvent: MotionEvent { action=ACTION_MOVE, actionButton=0, id[0]=0, x[0]=500.0, y[0]=1338.8, toolType[0]=TOOL_TYPE_UNKNOWN, buttonState=0, metaState=0, flags=0x0, edgeFlags=0x0, pointerCount=1, historySize=0, eventTime=661650609, downTime=661650609, deviceId=0, source=0x1002 }
08-03 23:47:14.210 11856 11856 I Input   : injectMotionEvent: MotionEvent { action=ACTION_MOVE, actionButton=0, id[0]=0, x[0]=500.0, y[0]=1310.3, toolType[0]=TOOL_TYPE_UNKNOWN, buttonState=0, metaState=0, flags=0x0, edgeFlags=0x0, pointerCount=1, historySize=0, eventTime=661650624, downTime=661650624, deviceId=0, source=0x1002 }
08-03 23:47:14.229 11856 11856 I Input   : injectMotionEvent: MotionEvent { action=ACTION_MOVE, actionButton=0, id[0]=0, x[0]=500.0, y[0]=1276.1, toolType[0]=TOOL_TYPE_UNKNOWN, buttonState=0, metaState=0, flags=0x0, edgeFlags=0x0, pointerCount=1, historySize=0, eventTime=661650642, downTime=661650642, deviceId=0, source=0x1002 }
08-03 23:47:14.244 11856 11856 I Input   : injectMotionEvent: MotionEvent { action=ACTION_MOVE, actionButton=0, id[0]=0, x[0]=500.0, y[0]=1245.7, toolType[0]=TOOL_TYPE_UNKNOWN, buttonState=0, metaState=0, flags=0x0, edgeFlags=0x0, pointerCount=1, historySize=0, eventTime=661650658, downTime=661650658, deviceId=0, source=0x1002 }
08-03 23:47:14.263 11856 11856 I Input   : injectMotionEvent: MotionEvent { action=ACTION_MOVE, actionButton=0, id[0]=0, x[0]=500.0, y[0]=1211.5, toolType[0]=TOOL_TYPE_UNKNOWN, buttonState=0, metaState=0, flags=0x0, edgeFlags=0x0, pointerCount=1, historySize=0, eventTime=661650676, downTime=661650676, deviceId=0, source=0x1002 }
08-03 23:47:14.281 11856 11856 I Input   : injectMotionEvent: MotionEvent { action=ACTION_MOVE, actionButton=0, id[0]=0, x[0]=500.0, y[0]=1177.3, toolType[0]=TOOL_TYPE_UNKNOWN, buttonState=0, metaState=0, flags=0x0, edgeFlags=0x0, pointerCount=1, historySize=0, eventTime=661650694, downTime=661650694, deviceId=0, source=0x1002 }
08-03 23:47:14.345 11856 11856 I Input   : injectMotionEvent: MotionEvent { action=ACTION_MOVE, actionButton=0, id[0]=0, x[0]=500.0, y[0]=1055.7, toolType[0]=TOOL_TYPE_UNKNOWN, buttonState=0, metaState=0, flags=0x0, edgeFlags=0x0, pointerCount=1, historySize=0, eventTime=661650758, downTime=661650758, deviceId=0, source=0x1002 }
08-03 23:47:14.402 11856 11856 I Input   : injectMotionEvent: MotionEvent { action=ACTION_MOVE, actionButton=0, id[0]=0, x[0]=500.0, y[0]=947.3999, toolType[0]=TOOL_TYPE_UNKNOWN, buttonState=0, metaState=0, flags=0x0, edgeFlags=0x0, pointerCount=1, historySize=0, eventTime=661650815, downTime=661650815, deviceId=0, source=0x1002 }
08-03 23:47:14.466 11856 11856 I Input   : injectMotionEvent: MotionEvent { action=ACTION_MOVE, actionButton=0, id[0]=0, x[0]=500.0, y[0]=825.80005, toolType[0]=TOOL_TYPE_UNKNOWN, buttonState=0, metaState=0, flags=0x0, edgeFlags=0x0, pointerCount=1, historySize=0, eventTime=661650879, downTime=661650879, deviceId=0, source=0x1002 }
08-03 23:47:14.511 10238 10250 I art     : Starting a blocking GC Explicit
08-03 23:47:14.529 11856 11856 I Input   : injectMotionEvent: MotionEvent { action=ACTION_MOVE, actionButton=0, id[0]=0, x[0]=500.0, y[0]=706.1, toolType[0]=TOOL_TYPE_UNKNOWN, buttonState=0, metaState=0, flags=0x0, edgeFlags=0x0, pointerCount=1, historySize=0, eventTime=661650942, downTime=661650942, deviceId=0, source=0x1002 }
08-03 23:47:14.555 10238 10250 I art     : Explicit concurrent mark sweep GC freed 1621(93KB) AllocSpace objects, 2(36KB) LOS objects, 10% free, 135MB/151MB, paused 1.075ms total 43.168ms
08-03 23:47:14.572 10238 10250 I art     : Starting a blocking GC Explicit
08-03 23:47:14.591 11856 11856 I Input   : injectMotionEvent: MotionEvent { action=ACTION_MOVE, actionButton=0, id[0]=0, x[0]=500.0, y[0]=588.30005, toolType[0]=TOOL_TYPE_UNKNOWN, buttonState=0, metaState=0, flags=0x0, edgeFlags=0x0, pointerCount=1, historySize=0, eventTime=661651004, downTime=661651004, deviceId=0, source=0x1002 }
08-03 23:47:14.616 10238 10250 I art     : Explicit concurrent mark sweep GC freed 28(1024B) AllocSpace objects, 0(0B) LOS objects, 10% free, 135MB/151MB, paused 1.052ms total 43.489ms
08-03 23:47:14.633 10238 10250 I art     : Starting a blocking GC Explicit
08-03 23:47:14.653 11856 11856 I Input   : injectMotionEvent: MotionEvent { action=ACTION_MOVE, actionButton=0, id[0]=0, x[0]=500.0, y[0]=470.5, toolType[0]=TOOL_TYPE_UNKNOWN, buttonState=0, metaState=0, flags=0x0, edgeFlags=0x0, pointerCount=1, historySize=0, eventTime=661651066, downTime=661651066, deviceId=0, source=0x1002 }
08-03 23:47:14.676 10238 10250 I art     : Explicit concurrent mark sweep GC freed 3(96B) AllocSpace objects, 0(0B) LOS objects, 10% free, 135MB/151MB, paused 1.053ms total 42.386ms
08-03 23:47:14.694 10238 10250 I art     : Starting a blocking GC Explicit
08-03 23:47:14.717 11856 11856 I Input   : injectMotionEvent: MotionEvent { action=ACTION_MOVE, actionButton=0, id[0]=0, x[0]=500.0, y[0]=347.0, toolType[0]=TOOL_TYPE_UNKNOWN, buttonState=0, metaState=0, flags=0x0, edgeFlags=0x0, pointerCount=1, historySize=0, eventTime=661651131, downTime=661651131, deviceId=0, source=0x1002 }
08-03 23:47:14.734 10238 10250 I art     : Explicit concurrent mark sweep GC freed 8(256B) AllocSpace objects, 0(0B) LOS objects, 10% free, 135MB/151MB, paused 1.058ms total 39.569ms
08-03 23:47:14.751 10238 10250 I art     : Starting a blocking GC Explicit
08-03 23:47:14.790 10238 10250 I art     : Explicit concurrent mark sweep GC freed 3(96B) AllocSpace objects, 0(0B) LOS objects, 10% free, 135MB/151MB, paused 1.074ms total 38.714ms
08-03 23:47:14.821 11856 11856 I Input   : injectMotionEvent: MotionEvent { action=ACTION_MOVE, actionButton=0, id[0]=0, x[0]=500.0, y[0]=149.40002, toolType[0]=TOOL_TYPE_UNKNOWN, buttonState=0, metaState=0, flags=0x0, edgeFlags=0x0, pointerCount=1, historySize=0, eventTime=661651235, downTime=661651235, deviceId=0, source=0x1002 }
08-03 23:47:14.857 11856 11856 I Input   : injectMotionEvent: MotionEvent { action=ACTION_UP, actionButton=0, id[0]=0, x[0]=500.0, y[0]=100.0, toolType[0]=TOOL_TYPE_UNKNOWN, buttonState=0, metaState=0, flags=0x0, edgeFlags=0x0, pointerCount=1, historySize=0, eventTime=661651271, downTime=661651271, deviceId=0, source=0x1002 }
08-03 23:47:14.894 11856 11856 D AndroidRuntime: Shutting down VM
08-03 23:47:15.162 10238 10249 I art     : Starting a blocking GC Explicit
08-03 23:47:15.206 10238 10249 I art     : Explicit concurrent mark sweep GC freed 1590(92KB) AllocSpace objects, 2(36KB) LOS objects, 10% free, 135MB/151MB, paused 1.114ms total 44.314ms
08-03 23:47:15.224 10238 10249 I art     : Starting a blocking GC Explicit
08-03 23:47:15.267 10238 10249 I art     : Explicit concurrent mark sweep GC freed 29(1056B) AllocSpace objects, 0(0B) LOS objects, 10% free, 135MB/151MB, paused 1.174ms total 42.749ms
08-03 23:47:15.286 10238 10249 I art     : Starting a blocking GC Explicit
08-03 23:47:15.325 10238 10249 I art     : Explicit concurrent mark sweep GC freed 6(192B) AllocSpace objects, 0(0B) LOS objects, 10% free, 135MB/151MB, paused 1.007ms total 39.333ms
08-03 23:47:15.344 10238 10249 I art     : Starting a blocking GC Explicit
08-03 23:47:15.383 10238 10249 I art     : Explicit concurrent mark sweep GC freed 6(192B) AllocSpace objects, 0(0B) LOS objects, 10% free, 135MB/151MB, paused 1.157ms total 38.448ms
08-03 23:47:15.401 10238 10249 I art     : Starting a blocking GC Explicit
08-03 23:47:15.440 10238 10249 I art     : Explicit concurrent mark sweep GC freed 6(192B) AllocSpace objects, 0(0B) LOS objects, 10% free, 135MB/151MB, paused 1.050ms total 39.546ms
08-03 23:47:15.652 11905 11905 D AndroidRuntime: >>>>>> START com.android.internal.os.RuntimeInit uid 2000 <<<<<<
08-03 23:47:15.658 11905 11905 D AndroidRuntime: CheckJNI is OFF
08-03 23:47:15.699 11905 11905 D ICU     : No timezone override file found: /data/misc/zoneinfo/current/icu/icu_tzdata.dat
08-03 23:47:15.741 11905 11905 I Radio-JNI: register_android_hardware_Radio DONE
08-03 23:47:15.771 11905 11905 D AndroidRuntime: Calling main entry com.android.commands.input.Input
08-03 23:47:15.772 11905 11905 I Input   : injectMotionEvent: MotionEvent { action=ACTION_DOWN, actionButton=0, id[0]=0, x[0]=500.0, y[0]=2000.0, toolType[0]=TOOL_TYPE_UNKNOWN, buttonState=0, metaState=0, flags=0x0, edgeFlags=0x0, pointerCount=1, historySize=0, eventTime=661652185, downTime=661652185, deviceId=0, source=0x1002 }
08-03 23:47:15.777 11905 11905 I Input   : injectMotionEvent: MotionEvent { action=ACTION_MOVE, actionButton=0, id[0]=0, x[0]=500.0, y[0]=2000.0, toolType[0]=TOOL_TYPE_UNKNOWN, buttonState=0, metaState=0, flags=0x0, edgeFlags=0x0, pointerCount=1, historySize=0, eventTime=661652185, downTime=661652185, deviceId=0, source=0x1002 }
08-03 23:47:15.795 11905 11905 I Input   : injectMotionEvent: MotionEvent { action=ACTION_MOVE, actionButton=0, id[0]=0, x[0]=500.0, y[0]=1954.4, toolType[0]=TOOL_TYPE_UNKNOWN, buttonState=0, metaState=0, flags=0x0, edgeFlags=0x0, pointerCount=1, historySize=0, eventTime=661652209, downTime=661652209, deviceId=0, source=0x1002 }
08-03 23:47:15.806 10238 10250 I art     : Starting a blocking GC Explicit
08-03 23:47:15.813 11905 11905 I Input   : injectMotionEvent: MotionEvent { action=ACTION_MOVE, actionButton=0, id[0]=0, x[0]=500.0, y[0]=1920.2, toolType[0]=TOOL_TYPE_UNKNOWN, buttonState=0, metaState=0, flags=0x0, edgeFlags=0x0, pointerCount=1, historySize=0, eventTime=661652227, downTime=661652227, deviceId=0, source=0x1002 }
08-03 23:47:15.830 11905 11905 I Input   : injectMotionEvent: MotionEvent { action=ACTION_MOVE, actionButton=0, id[0]=0, x[0]=500.0, y[0]=1889.8, toolType[0]=TOOL_TYPE_UNKNOWN, buttonState=0, metaState=0, flags=0x0, edgeFlags=0x0, pointerCount=1, historySize=0, eventTime=661652243, downTime=661652243, deviceId=0, source=0x1002 }
08-03 23:47:15.857 10238 10250 I art     : Explicit concurrent mark sweep GC freed 1640(93KB) AllocSpace objects, 2(36KB) LOS objects, 10% free, 135MB/151MB, paused 1.132ms total 50.686ms
08-03 23:47:15.877 11905 11905 I Input   : injectMotionEvent: MotionEvent { action=ACTION_MOVE, actionButton=0, id[0]=0, x[0]=500.0, y[0]=1800.5, toolType[0]=TOOL_TYPE_UNKNOWN, buttonState=0, metaState=0, flags=0x0, edgeFlags=0x0, pointerCount=1, historySize=0, eventTime=661652290, downTime=661652290, deviceId=0, source=0x1002 }
08-03 23:47:15.877 10238 10250 I art     : Starting a blocking GC Explicit
08-03 23:47:15.917 11905 11905 I Input   : injectMotionEvent: MotionEvent { action=ACTION_MOVE, actionButton=0, id[0]=0, x[0]=500.0, y[0]=1726.4, toolType[0]=TOOL_TYPE_UNKNOWN, buttonState=0, metaState=0, flags=0x0, edgeFlags=0x0, pointerCount=1, historySize=0, eventTime=661652329, downTime=661652329, deviceId=0, source=0x1002 }
08-03 23:47:15.920 10238 10250 I art     : Explicit concurrent mark sweep GC freed 48(1888B) AllocSpace objects, 0(0B) LOS objects, 10% free, 135MB/151MB, paused 1.231ms total 42.044ms
08-03 23:47:15.936 10238 10250 I art     : Starting a blocking GC Explicit
08-03 23:47:15.955 11905 11905 I Input   : injectMotionEvent: MotionEvent { action=ACTION_MOVE, actionButton=0, id[0]=0, x[0]=500.0, y[0]=1650.4, toolType[0]=TOOL_TYPE_UNKNOWN, buttonState=0, metaState=0, flags=0x0, edgeFlags=0x0, pointerCount=1, historySize=0, eventTime=661652369, downTime=661652369, deviceId=0, source=0x1002 }
08-03 23:47:15.978 10238 10250 I art     : Explicit concurrent mark sweep GC freed 9(288B) AllocSpace objects, 0(0B) LOS objects, 10% free, 135MB/151MB, paused 1.265ms total 40.839ms
08-03 23:47:15.992 11905 11905 I Input   : injectMotionEvent: MotionEvent { action=ACTION_MOVE, actionButton=0, id[0]=0, x[0]=500.0, y[0]=1582.0, toolType[0]=TOOL_TYPE_UNKNOWN, buttonState=0, metaState=0, flags=0x0, edgeFlags=0x0, pointerCount=1, historySize=0, eventTime=661652405, downTime=661652405, deviceId=0, source=0x1002 }
08-03 23:47:15.997 10238 10250 I art     : Starting a blocking GC Explicit
08-03 23:47:16.031 11905 11905 I Input   : injectMotionEvent: MotionEvent { action=ACTION_MOVE, actionButton=0, id[0]=0, x[0]=500.0, y[0]=1507.9, toolType[0]=TOOL_TYPE_UNKNOWN, buttonState=0, metaState=0, flags=0x0, edgeFlags=0x0, pointerCount=1, historySize=0, eventTime=661652444, downTime=661652444, deviceId=0, source=0x1002 }
08-03 23:47:16.038 10238 10250 I art     : Explicit concurrent mark sweep GC freed 10(320B) AllocSpace objects, 0(0B) LOS objects, 10% free, 135MB/151MB, paused 1.241ms total 40.490ms
08-03 23:47:16.055 10238 10250 I art     : Starting a blocking GC Explicit
08-03 23:47:16.070 11905 11905 I Input   : injectMotionEvent: MotionEvent { action=ACTION_MOVE, actionButton=0, id[0]=0, x[0]=500.0, y[0]=1433.8, toolType[0]=TOOL_TYPE_UNKNOWN, buttonState=0, metaState=0, flags=0x0, edgeFlags=0x0, pointerCount=1, historySize=0, eventTime=661652483, downTime=661652483, deviceId=0, source=0x1002 }
08-03 23:47:16.096 10238 10250 I art     : Explicit concurrent mark sweep GC freed 5(160B) AllocSpace objects, 0(0B) LOS objects, 10% free, 135MB/151MB, paused 1.227ms total 40.521ms
08-03 23:47:16.111 11905 11905 I Input   : injectMotionEvent: MotionEvent { action=ACTION_MOVE, actionButton=0, id[0]=0, x[0]=500.0, y[0]=1354.0, toolType[0]=TOOL_TYPE_UNKNOWN, buttonState=0, metaState=0, flags=0x0, edgeFlags=0x0, pointerCount=1, historySize=0, eventTime=661652525, downTime=661652525, deviceId=0, source=0x1002 }
08-03 23:47:16.149 11905 11905 I Input   : injectMotionEvent: MotionEvent { action=ACTION_MOVE, actionButton=0, id[0]=0, x[0]=500.0, y[0]=1281.8, toolType[0]=TOOL_TYPE_UNKNOWN, buttonState=0, metaState=0, flags=0x0, edgeFlags=0x0, pointerCount=1, historySize=0, eventTime=661652563, downTime=661652563, deviceId=0, source=0x1002 }
08-03 23:47:16.186 11905 11905 I Input   : injectMotionEvent: MotionEvent { action=ACTION_MOVE, actionButton=0, id[0]=0, x[0]=500.0, y[0]=1213.3999, toolType[0]=TOOL_TYPE_UNKNOWN, buttonState=0, metaState=0, flags=0x0, edgeFlags=0x0, pointerCount=1, historySize=0, eventTime=661652599, downTime=661652599, deviceId=0, source=0x1002 }
08-03 23:47:16.219 11905 11905 I Input   : injectMotionEvent: MotionEvent { action=ACTION_MOVE, actionButton=0, id[0]=0, x[0]=500.0, y[0]=1150.7, toolType[0]=TOOL_TYPE_UNKNOWN, buttonState=0, metaState=0, flags=0x0, edgeFlags=0x0, pointerCount=1, historySize=0, eventTime=661652632, downTime=661652632, deviceId=0, source=0x1002 }
08-03 23:47:16.256 11905 11905 I Input   : injectMotionEvent: MotionEvent { action=ACTION_MOVE, actionButton=0, id[0]=0, x[0]=500.0, y[0]=1080.4, toolType[0]=TOOL_TYPE_UNKNOWN, buttonState=0, metaState=0, flags=0x0, edgeFlags=0x0, pointerCount=1, historySize=0, eventTime=661652669, downTime=661652669, deviceId=0, source=0x1002 }
08-03 23:47:16.290 11905 11905 I Input   : injectMotionEvent: MotionEvent { action=ACTION_MOVE, actionButton=0, id[0]=0, x[0]=500.0, y[0]=1015.8, toolType[0]=TOOL_TYPE_UNKNOWN, buttonState=0, metaState=0, flags=0x0, edgeFlags=0x0, pointerCount=1, historySize=0, eventTime=661652703, downTime=661652703, deviceId=0, source=0x1002 }
08-03 23:47:16.323 11905 11905 I Input   : injectMotionEvent: MotionEvent { action=ACTION_MOVE, actionButton=0, id[0]=0, x[0]=500.0, y[0]=951.2001, toolType[0]=TOOL_TYPE_UNKNOWN, buttonState=0, metaState=0, flags=0x0, edgeFlags=0x0, pointerCount=1, historySize=0, eventTime=661652737, downTime=661652737, deviceId=0, source=0x1002 }
08-03 23:47:16.360 11905 11905 I Input   : injectMotionEvent: MotionEvent { action=ACTION_MOVE, actionButton=0, id[0]=0, x[0]=500.0, y[0]=882.80005, toolType[0]=TOOL_TYPE_UNKNOWN, buttonState=0, metaState=0, flags=0x0, edgeFlags=0x0, pointerCount=1, historySize=0, eventTime=661652773, downTime=661652773, deviceId=0, source=0x1002 }
08-03 23:47:16.398 11905 11905 I Input   : injectMotionEvent: MotionEvent { action=ACTION_MOVE, actionButton=0, id[0]=0, x[0]=500.0, y[0]=810.6, toolType[0]=TOOL_TYPE_UNKNOWN, buttonState=0, metaState=0, flags=0x0, edgeFlags=0x0, pointerCount=1, historySize=0, eventTime=661652811, downTime=661652811, deviceId=0, source=0x1002 }
08-03 23:47:16.435 11905 11905 I Input   : injectMotionEvent: MotionEvent { action=ACTION_MOVE, actionButton=0, id[0]=0, x[0]=500.0, y[0]=738.4, toolType[0]=TOOL_TYPE_UNKNOWN, buttonState=0, metaState=0, flags=0x0, edgeFlags=0x0, pointerCount=1, historySize=0, eventTime=661652849, downTime=661652849, deviceId=0, source=0x1002 }
08-03 23:47:16.478 11905 11905 I Input   : injectMotionEvent: MotionEvent { action=ACTION_MOVE, actionButton=0, id[0]=0, x[0]=500.0, y[0]=658.6001, toolType[0]=TOOL_TYPE_UNKNOWN, buttonState=0, metaState=0, flags=0x0, edgeFlags=0x0, pointerCount=1, historySize=0, eventTime=661652891, downTime=661652891, deviceId=0, source=0x1002 }
08-03 23:47:16.484 10238 10640 I art     : Starting a blocking GC Explicit
08-03 23:47:16.518 11905 11905 I Input   : injectMotionEvent: MotionEvent { action=ACTION_MOVE, actionButton=0, id[0]=0, x[0]=500.0, y[0]=582.6, toolType[0]=TOOL_TYPE_UNKNOWN, buttonState=0, metaState=0, flags=0x0, edgeFlags=0x0, pointerCount=1, historySize=0, eventTime=661652931, downTime=661652931, deviceId=0, source=0x1002 }
08-03 23:47:16.525 10238 10640 I art     : Explicit concurrent mark sweep GC freed 1643(93KB) AllocSpace objects, 2(36KB) LOS objects, 10% free, 135MB/151MB, paused 1.034ms total 40.681ms
08-03 23:47:16.542 10238 10640 I art     : Starting a blocking GC Explicit
08-03 23:47:16.556 11905 11905 I Input   : injectMotionEvent: MotionEvent { action=ACTION_MOVE, actionButton=0, id[0]=0, x[0]=500.0, y[0]=510.40002, toolType[0]=TOOL_TYPE_UNKNOWN, buttonState=0, metaState=0, flags=0x0, edgeFlags=0x0, pointerCount=1, historySize=0, eventTime=661652969, downTime=661652969, deviceId=0, source=0x1002 }
08-03 23:47:16.584 10238 10640 I art     : Explicit concurrent mark sweep GC freed 32(1152B) AllocSpace objects, 0(0B) LOS objects, 10% free, 135MB/151MB, paused 1.259ms total 41.630ms
08-03 23:47:16.594 11905 11905 I Input   : injectMotionEvent: MotionEvent { action=ACTION_MOVE, actionButton=0, id[0]=0, x[0]=500.0, y[0]=438.19995, toolType[0]=TOOL_TYPE_UNKNOWN, buttonState=0, metaState=0, flags=0x0, edgeFlags=0x0, pointerCount=1, historySize=0, eventTime=661653007, downTime=661653007, deviceId=0, source=0x1002 }
08-03 23:47:16.601 10238 10640 I art     : Starting a blocking GC Explicit
08-03 23:47:16.634 11905 11905 I Input   : injectMotionEvent: MotionEvent { action=ACTION_MOVE, actionButton=0, id[0]=0, x[0]=500.0, y[0]=362.20007, toolType[0]=TOOL_TYPE_UNKNOWN, buttonState=0, metaState=0, flags=0x0, edgeFlags=0x0, pointerCount=1, historySize=0, eventTime=661653047, downTime=661653047, deviceId=0, source=0x1002 }
08-03 23:47:16.640 10238 10640 I art     : Explicit concurrent mark sweep GC freed 11(352B) AllocSpace objects, 0(0B) LOS objects, 10% free, 135MB/151MB, paused 1.010ms total 39.015ms
08-03 23:47:16.658 10238 10640 I art     : Starting a blocking GC Explicit
08-03 23:47:16.671 11905 11905 I Input   : injectMotionEvent: MotionEvent { action=ACTION_MOVE, actionButton=0, id[0]=0, x[0]=500.0, y[0]=290.0, toolType[0]=TOOL_TYPE_UNKNOWN, buttonState=0, metaState=0, flags=0x0, edgeFlags=0x0, pointerCount=1, historySize=0, eventTime=661653085, downTime=661653085, deviceId=0, source=0x1002 }
08-03 23:47:16.700 10238 10640 I art     : Explicit concurrent mark sweep GC freed 7(224B) AllocSpace objects, 0(0B) LOS objects, 10% free, 135MB/151MB, paused 1.247ms total 41.770ms
08-03 23:47:16.708 11905 11905 I Input   : injectMotionEvent: MotionEvent { action=ACTION_MOVE, actionButton=0, id[0]=0, x[0]=500.0, y[0]=221.59998, toolType[0]=TOOL_TYPE_UNKNOWN, buttonState=0, metaState=0, flags=0x0, edgeFlags=0x0, pointerCount=1, historySize=0, eventTime=661653121, downTime=661653121, deviceId=0, source=0x1002 }
08-03 23:47:16.716 10238 10640 I art     : Starting a blocking GC Explicit
08-03 23:47:16.745 11905 11905 I Input   : injectMotionEvent: MotionEvent { action=ACTION_MOVE, actionButton=0, id[0]=0, x[0]=500.0, y[0]=151.30005, toolType[0]=TOOL_TYPE_UNKNOWN, buttonState=0, metaState=0, flags=0x0, edgeFlags=0x0, pointerCount=1, historySize=0, eventTime=661653158, downTime=661653158, deviceId=0, source=0x1002 }
08-03 23:47:16.757 10238 10640 I art     : Explicit concurrent mark sweep GC freed 7(224B) AllocSpace objects, 0(0B) LOS objects, 10% free, 135MB/151MB, paused 1.116ms total 40.480ms
08-03 23:47:16.786 11905 11905 I Input   : injectMotionEvent: MotionEvent { action=ACTION_UP, actionButton=0, id[0]=0, x[0]=500.0, y[0]=100.0, toolType[0]=TOOL_TYPE_UNKNOWN, buttonState=0, metaState=0, flags=0x0, edgeFlags=0x0, pointerCount=1, historySize=0, eventTime=661653199, downTime=661653199, deviceId=0, source=0x1002 }
08-03 23:47:16.832 11905 11905 D AndroidRuntime: Shutting down VM
08-03 23:47:17.142 10238 10249 I art     : Starting a blocking GC Explicit
08-03 23:47:17.192 10238 10249 I art     : Explicit concurrent mark sweep GC freed 1601(92KB) AllocSpace objects, 2(36KB) LOS objects, 10% free, 135MB/151MB, paused 1.252ms total 49.845ms
08-03 23:47:17.211 10238 10249 I art     : Starting a blocking GC Explicit
08-03 23:47:17.255 10238 10249 I art     : Explicit concurrent mark sweep GC freed 40(1648B) AllocSpace objects, 0(0B) LOS objects, 10% free, 135MB/151MB, paused 1.101ms total 43.848ms
08-03 23:47:17.272 10238 10249 I art     : Starting a blocking GC Explicit
08-03 23:47:17.315 10238 10249 I art     : Explicit concurrent mark sweep GC freed 3(96B) AllocSpace objects, 0(0B) LOS objects, 10% free, 135MB/151MB, paused 1.109ms total 42.757ms
08-03 23:47:17.332 10238 10249 I art     : Starting a blocking GC Explicit
08-03 23:47:17.375 10238 10249 I art     : Explicit concurrent mark sweep GC freed 3(96B) AllocSpace objects, 0(0B) LOS objects, 10% free, 135MB/151MB, paused 1.114ms total 43.115ms
08-03 23:47:17.393 10238 10249 I art     : Starting a blocking GC Explicit
08-03 23:47:17.436 10238 10249 I art     : Explicit concurrent mark sweep GC freed 3(96B) AllocSpace objects, 0(0B) LOS objects, 10% free, 135MB/151MB, paused 1.172ms total 43.342ms
08-03 23:47:17.625 11950 11950 D AndroidRuntime: >>>>>> START com.android.internal.os.RuntimeInit uid 2000 <<<<<<
08-03 23:47:17.631 11950 11950 D AndroidRuntime: CheckJNI is OFF
08-03 23:47:17.671 11950 11950 D ICU     : No timezone override file found: /data/misc/zoneinfo/current/icu/icu_tzdata.dat
08-03 23:47:17.712 11950 11950 I Radio-JNI: register_android_hardware_Radio DONE
08-03 23:47:17.741 11950 11950 D AndroidRuntime: Calling main entry com.android.commands.input.Input
08-03 23:47:17.743 11950 11950 I Input   : injectMotionEvent: MotionEvent { action=ACTION_DOWN, actionButton=0, id[0]=0, x[0]=657.0, y[0]=2080.0, toolType[0]=TOOL_TYPE_UNKNOWN, buttonState=0, metaState=0, flags=0x0, edgeFlags=0x0, pointerCount=1, historySize=0, eventTime=661654156, downTime=661654156, deviceId=0, source=0x1002 }
08-03 23:47:17.748 11950 11950 I Input   : injectMotionEvent: MotionEvent { action=ACTION_UP, actionButton=0, id[0]=0, x[0]=657.0, y[0]=2080.0, toolType[0]=TOOL_TYPE_UNKNOWN, buttonState=0, metaState=0, flags=0x0, edgeFlags=0x0, pointerCount=1, historySize=0, eventTime=661654156, downTime=661654156, deviceId=0, source=0x1002 }
08-03 23:47:17.752 11950 11950 D AndroidRuntime: Shutting down VM
08-03 23:47:17.752   512  2967 D audio_hw_primary: out_set_parameters: enter: usecase(1: low-latency-playback) kvpairs: routing=2
08-03 23:47:17.764   918   928 I ActivityManager: START u0 {cmp=baseline.io.github.project_travel_mate/.utilities.UpcomingWeekendsActivity} from uid 10650 on display 0
08-03 23:47:17.766   512  2967 D audio_hw_primary: select_devices: out_snd_device(2: speaker) in_snd_device(0: none)
08-03 23:47:17.766   512  2967 D msm8974_platform: platform_send_audio_calibration: sending audio calibration for snd_device(2) acdb_id(15)
08-03 23:47:17.766   512  2967 I soundtrigger: audio_extn_sound_trigger_update_device_status: device 0x2 of type 0 for Event 1
08-03 23:47:17.776   512  2967 D audio_hw_primary: enable_snd_device: snd_device(2: speaker)
08-03 23:47:17.778   512  2967 D audio_hw_primary: enable_audio_route: apply and update mixer path: low-latency-playback speaker
08-03 23:47:17.797 10238 10307 D Gabe    : call	returning from cache
08-03 23:47:17.800 10238 10238 V EXECUTING: https://project-travel-mate.herokuapp.com/api/get-upcoming-holidays/2020
08-03 23:47:17.803 10238 10238 V EXECUTING: https://project-travel-mate.herokuapp.com/api/get-upcoming-holidays/2020
08-03 23:47:17.832 10238 10249 I art     : Starting a blocking GC Explicit
08-03 23:47:17.873 10238 10249 I art     : Explicit concurrent mark sweep GC freed 2888(223KB) AllocSpace objects, 2(36KB) LOS objects, 10% free, 135MB/151MB, paused 1.159ms total 40.959ms
08-03 23:47:17.890 10238 10249 I art     : Starting a blocking GC Explicit
08-03 23:47:17.894 13866 13866 I GoogleInputMethodServic: GoogleInputMethodService.onFinishInput():3138 
08-03 23:47:17.894 13866 13866 I GoogleInputMethodServic: GoogleInputMethodService.onStartInput():1808 
08-03 23:47:17.931 10238 10249 I art     : Explicit concurrent mark sweep GC freed 703(24KB) AllocSpace objects, 0(0B) LOS objects, 10% free, 139MB/155MB, paused 1.428ms total 41.532ms
08-03 23:47:17.948 10238 10249 I art     : Starting a blocking GC Explicit
08-03 23:47:17.982  6583  6583 I ServiceManager: Waiting for service AtCmdFwd...
08-03 23:47:17.989 10238 10249 I art     : Explicit concurrent mark sweep GC freed 55(2640B) AllocSpace objects, 0(0B) LOS objects, 10% free, 139MB/155MB, paused 1.165ms total 41.106ms
08-03 23:47:17.998   918   936 I ActivityManager: Displayed baseline.io.github.project_travel_mate/.utilities.UpcomingWeekendsActivity: +227ms
08-03 23:47:18.007 10238 10249 I art     : Starting a blocking GC Explicit
08-03 23:47:18.051 10238 10249 I art     : Explicit concurrent mark sweep GC freed 86(1472B) AllocSpace objects, 0(0B) LOS objects, 10% free, 139MB/155MB, paused 1.330ms total 44.477ms
08-03 23:47:18.071 10238 10249 I art     : Starting a blocking GC Explicit
08-03 23:47:18.113 10238 10249 I art     : Explicit concurrent mark sweep GC freed 67(1136B) AllocSpace objects, 0(0B) LOS objects, 10% free, 139MB/155MB, paused 1.450ms total 42.348ms
08-03 23:47:18.231   380   380 W SurfaceFlinger: couldn't log to binary event log: overflow.
08-03 23:47:18.319   512  2967 D audio_hw_primary: disable_audio_route: reset and update mixer path: low-latency-playback speaker
08-03 23:47:18.320   512  2967 D audio_hw_primary: disable_snd_device: snd_device(2: speaker)
08-03 23:47:18.329   512  2967 I soundtrigger: audio_extn_sound_trigger_update_device_status: device 0x2 of type 0 for Event 0
08-03 23:47:18.410 10238 11975 I NAPPA_EXPERIMENTATION: MetricNetworkRequestExecutionTime: REQUEST_DURATION_SYSTEM='605',REQUEST_DURATION_OKHTTP='33',REQUEST_SYNCHRONOUS='FALSE',RESPONSE_CODE='200',RESPONSE_METHOD='GET',RESPONSE_LENGTH_OKHTTP='6426',RESPONSE_LENGTH_HEADER='6426',REQUEST_PROTOCOL='http/1.1',REQUEST_URL='https://project-travel-mate.herokuapp.com/api/get-upcoming-holidays/2020',
08-03 23:47:18.429 10238 11974 I NAPPA_EXPERIMENTATION: MetricNetworkRequestExecutionTime: REQUEST_DURATION_SYSTEM='628',REQUEST_DURATION_OKHTTP='51',REQUEST_SYNCHRONOUS='FALSE',RESPONSE_CODE='200',RESPONSE_METHOD='GET',RESPONSE_LENGTH_OKHTTP='6426',RESPONSE_LENGTH_HEADER='6426',REQUEST_PROTOCOL='http/1.1',REQUEST_URL='https://project-travel-mate.herokuapp.com/api/get-upcoming-holidays/2020',
08-03 23:47:18.518 10238 10249 I art     : Starting a blocking GC Explicit
08-03 23:47:18.559 10238 10238 V Response: [{"month":"January","date":1,"day":"Wednesday","name":"New Year's Day","type":"Restricted"},{"month":"January","date":2,"day":"Thursday","name":"Guru Govind Singh Jayanti","type":"Restricted"},{"month":"January","date":14,"day":"Tuesday","name":"Lohri","type":"Restricted"},{"month":"January","date":15,"day":"Wednesday","name":"Pongal","type":"Restricted"},{"month":"January","date":15,"day":"Wednesday","name":"Makar Sankranti","type":"Restricted"},{"month":"January","date":25,"day":"Saturday","name":"Chinese New Year","type":"Observance"},{"month":"January","date":26,"day":"Sunday","name":"Republic Day","type":"Gazetted"},{"month":"January","date":30,"day":"Thursday","name":"Vasant Panchami","type":"Restricted"},{"month":"February","date":9,"day":"Sunday","name":"Guru Ravidas Jayanti","type":"Restricted"},{"month":"February","date":14,"day":"Friday","name":"Valentine's Day","type":"Observance"},{"month":"February","date":18,"day":"Tuesday","name":"Maharishi Dayanand Saraswati Jayanti","type":"Restricted"},{"month":"February","date":19,"day":"Wednesday","name":"Shivaji Jayanti","type":"Restricted"},{"month":"February","date":21,"day":"Friday","name":"Maha Shivaratri/Shivaratri","type":"Gazetted"},{"month":"March","date":9,"day":"Monday","name":"Holika Dahana","type":"Restricted"},{"month":"March","date":9,"day":"Monday","name":"Hazarat Ali's Birthday","type":"Restricted"},{"month":"March","date":10,"day":"Tuesday","name":"Holi","type":"Gazetted"},{"month":"March","date":20,"day":"Friday","name":"March Equinox","type":"Season"},{"month":"March","date":25,"day":"Wednesday","name":"Chaitra Sukhladi","type":"Restricted"},{"month":"April","date":2,"day":"Thursday","name":"Rama Navami","type":"Gazetted"},{"month":"April","date":6,"day":"Monday","name":"Mahavir Jayanti","type":"Gazetted"},{"month":"April","date":9,"day":"Thursday","name":"First day of Passover","type":"Observance"},{"month":"April","date":9,"day":"Thursday","name":"Maundy Thursday","type":"Observance,"},{"month":"April","date":10,"day":"Friday","name":"Good Friday","type":"Gazetted"},{"month":"April","date":12,"day":"Sunday","name":"Easter Day","type":"Restricted"},{"month":"April","date":13,"day":"Monday","name":"Vaisakhi","type":"Restricted"},{"month":"April","date":14,"day":"Tuesday","name":"Mesadi/Vaisakhadi","type":"Restricted"},{"month":"April","date":14,"day":"Tuesday","name":"Ambedkar Jayanti","type":"Central"},{"month":"May","date":1,"day":"Friday","name":"May Day","type":"Observance"},{"month":"May","date":7,"day":"Thursday","name":"Buddha Purnima/Vesak","type":"Gazetted"},{"month":"May","date":7,"day":"Thursday","name":"Birthday of Ravindranath","type":"Restricted"},{"month":"May","date":10,"day":"Sunday","name":"Mother's Day","type":"Observance"},{"month":"May","date":22,"day":"Friday","name":"Jamat Ul-Vida","type":"Restricted"},{"month":"May","date":25,"day":"Monday","name":"Ramzan Id/Eid-ul-Fitar","type":"Gazetted"},{"month":"May","date":25,"day":"Monday","name":"Ramzan Id/Eid-ul-Fitar","type":"Muslim,"},{"month":"June","date":21,"day":"Sunday","name":"June Solstice","type":"Season"},{"month":"June","date":21,"day":"Sunday","name":"Father's Day","type":"Observance"},{"month":"June","date":23,"day":"Tuesday","name":"Rath Yatra","type":"Restricted"},{"month":"July","date":5,"day":"Sunday","name":"Guru Purnima","type":"Observance"},{"month":"July","date":31,"day":"Friday","name":"Bakr Id/Eid ul-Adha","type":"Gazetted"},{"month":"August","date":2,"day":"Sunday","name":"Friendship Day","type":"Observance"},{"month":"August","date":3,"day":"Monday","name":"Raksha Bandhan (Rakhi)","type":"Restricted"},{"month":"August","date":11,"day":"Tuesday","name":"Janmashtami (Smarta)","type":"Restricted"},{"month":"August","date":12,"day":"Wednesday","name":"Janmashtami","type":"Gazetted"},{"month":"August","date":15,"day":"Saturday","name":"Independence Day","type":"Gazetted"},{"month":"August","date":16,"day":"Sunday","name":"Parsi New Year","type":"Restricted"},{"month":"August","date":22,"day":"Saturday","name":"Ganesh Chaturthi/Vin
08-03 23:47:18.569 10238 10249 I art     : Explicit concurrent mark sweep GC freed 7612(391KB) AllocSpace objects, 11(484KB) LOS objects, 10% free, 140MB/156MB, paused 7.829ms total 50.181ms
08-03 23:47:18.571 10238 10238 V Response: [{"month":"January","date":1,"day":"Wednesday","name":"New Year's Day","type":"Restricted"},{"month":"January","date":2,"day":"Thursday","name":"Guru Govind Singh Jayanti","type":"Restricted"},{"month":"January","date":14,"day":"Tuesday","name":"Lohri","type":"Restricted"},{"month":"January","date":15,"day":"Wednesday","name":"Pongal","type":"Restricted"},{"month":"January","date":15,"day":"Wednesday","name":"Makar Sankranti","type":"Restricted"},{"month":"January","date":25,"day":"Saturday","name":"Chinese New Year","type":"Observance"},{"month":"January","date":26,"day":"Sunday","name":"Republic Day","type":"Gazetted"},{"month":"January","date":30,"day":"Thursday","name":"Vasant Panchami","type":"Restricted"},{"month":"February","date":9,"day":"Sunday","name":"Guru Ravidas Jayanti","type":"Restricted"},{"month":"February","date":14,"day":"Friday","name":"Valentine's Day","type":"Observance"},{"month":"February","date":18,"day":"Tuesday","name":"Maharishi Dayanand Saraswati Jayanti","type":"Restricted"},{"month":"February","date":19,"day":"Wednesday","name":"Shivaji Jayanti","type":"Restricted"},{"month":"February","date":21,"day":"Friday","name":"Maha Shivaratri/Shivaratri","type":"Gazetted"},{"month":"March","date":9,"day":"Monday","name":"Holika Dahana","type":"Restricted"},{"month":"March","date":9,"day":"Monday","name":"Hazarat Ali's Birthday","type":"Restricted"},{"month":"March","date":10,"day":"Tuesday","name":"Holi","type":"Gazetted"},{"month":"March","date":20,"day":"Friday","name":"March Equinox","type":"Season"},{"month":"March","date":25,"day":"Wednesday","name":"Chaitra Sukhladi","type":"Restricted"},{"month":"April","date":2,"day":"Thursday","name":"Rama Navami","type":"Gazetted"},{"month":"April","date":6,"day":"Monday","name":"Mahavir Jayanti","type":"Gazetted"},{"month":"April","date":9,"day":"Thursday","name":"First day of Passover","type":"Observance"},{"month":"April","date":9,"day":"Thursday","name":"Maundy Thursday","type":"Observance,"},{"month":"April","date":10,"day":"Friday","name":"Good Friday","type":"Gazetted"},{"month":"April","date":12,"day":"Sunday","name":"Easter Day","type":"Restricted"},{"month":"April","date":13,"day":"Monday","name":"Vaisakhi","type":"Restricted"},{"month":"April","date":14,"day":"Tuesday","name":"Mesadi/Vaisakhadi","type":"Restricted"},{"month":"April","date":14,"day":"Tuesday","name":"Ambedkar Jayanti","type":"Central"},{"month":"May","date":1,"day":"Friday","name":"May Day","type":"Observance"},{"month":"May","date":7,"day":"Thursday","name":"Buddha Purnima/Vesak","type":"Gazetted"},{"month":"May","date":7,"day":"Thursday","name":"Birthday of Ravindranath","type":"Restricted"},{"month":"May","date":10,"day":"Sunday","name":"Mother's Day","type":"Observance"},{"month":"May","date":22,"day":"Friday","name":"Jamat Ul-Vida","type":"Restricted"},{"month":"May","date":25,"day":"Monday","name":"Ramzan Id/Eid-ul-Fitar","type":"Gazetted"},{"month":"May","date":25,"day":"Monday","name":"Ramzan Id/Eid-ul-Fitar","type":"Muslim,"},{"month":"June","date":21,"day":"Sunday","name":"June Solstice","type":"Season"},{"month":"June","date":21,"day":"Sunday","name":"Father's Day","type":"Observance"},{"month":"June","date":23,"day":"Tuesday","name":"Rath Yatra","type":"Restricted"},{"month":"July","date":5,"day":"Sunday","name":"Guru Purnima","type":"Observance"},{"month":"July","date":31,"day":"Friday","name":"Bakr Id/Eid ul-Adha","type":"Gazetted"},{"month":"August","date":2,"day":"Sunday","name":"Friendship Day","type":"Observance"},{"month":"August","date":3,"day":"Monday","name":"Raksha Bandhan (Rakhi)","type":"Restricted"},{"month":"August","date":11,"day":"Tuesday","name":"Janmashtami (Smarta)","type":"Restricted"},{"month":"August","date":12,"day":"Wednesday","name":"Janmashtami","type":"Gazetted"},{"month":"August","date":15,"day":"Saturday","name":"Independence Day","type":"Gazetted"},{"month":"August","date":16,"day":"Sunday","name":"Parsi New Year","type":"Restricted"},{"month":"August","date":22,"day":"Saturday","name":"Ganesh Chaturthi/Vin
08-03 23:47:18.586 10238 10249 I art     : Starting a blocking GC Explicit
08-03 23:47:18.626 10238 10249 I art     : Explicit concurrent mark sweep GC freed 9255(535KB) AllocSpace objects, 0(0B) LOS objects, 10% free, 140MB/156MB, paused 1.548ms total 40.538ms
08-03 23:47:18.644 10238 10249 I art     : Starting a blocking GC Explicit
08-03 23:47:18.694 10238 10249 I art     : Explicit concurrent mark sweep GC freed 2086(78KB) AllocSpace objects, 0(0B) LOS objects, 10% free, 140MB/156MB, paused 1.039ms total 49.170ms
08-03 23:47:18.711 10238 10249 I art     : Starting a blocking GC Explicit
08-03 23:47:18.757 10238 10249 I art     : Explicit concurrent mark sweep GC freed 222(6KB) AllocSpace objects, 1(4MB) LOS objects, 10% free, 136MB/152MB, paused 1.177ms total 46.246ms
08-03 23:47:18.775 10238 10249 I art     : Starting a blocking GC Explicit
08-03 23:47:18.818 10238 10249 I art     : Explicit concurrent mark sweep GC freed 101(1792B) AllocSpace objects, 0(0B) LOS objects, 10% free, 136MB/152MB, paused 1.383ms total 43.139ms
08-03 23:47:18.984  6583  6583 I ServiceManager: Waiting for service AtCmdFwd...
08-03 23:47:19.200 10238 10640 I art     : Starting a blocking GC Explicit
08-03 23:47:19.249 10238 10640 I art     : Explicit concurrent mark sweep GC freed 2181(101KB) AllocSpace objects, 2(36KB) LOS objects, 10% free, 136MB/152MB, paused 1.112ms total 49.236ms
08-03 23:47:19.267 10238 10640 I art     : Starting a blocking GC Explicit
08-03 23:47:19.273   518   646 I ThermalEngine: ACTION: GPU - Setting GPU[0] to 390000000
08-03 23:47:19.333 10238 10640 I art     : Explicit concurrent mark sweep GC freed 149(3056B) AllocSpace objects, 0(0B) LOS objects, 10% free, 136MB/152MB, paused 1.859ms total 65.177ms
08-03 23:47:19.357 10238 10640 I art     : Starting a blocking GC Explicit
08-03 23:47:19.418 10238 10640 I art     : Explicit concurrent mark sweep GC freed 123(2096B) AllocSpace objects, 0(0B) LOS objects, 10% free, 136MB/152MB, paused 2.175ms total 61.129ms
08-03 23:47:19.443 10238 10640 I art     : Starting a blocking GC Explicit
08-03 23:47:19.503 10238 10640 I art     : Explicit concurrent mark sweep GC freed 178(3KB) AllocSpace objects, 0(0B) LOS objects, 10% free, 136MB/152MB, paused 1.878ms total 59.710ms
08-03 23:47:19.528 10238 10640 I art     : Starting a blocking GC Explicit
08-03 23:47:19.588 10238 10640 I art     : Explicit concurrent mark sweep GC freed 123(2096B) AllocSpace objects, 0(0B) LOS objects, 10% free, 136MB/152MB, paused 1.942ms total 60.383ms
08-03 23:47:19.984  6583  6583 I ServiceManager: Waiting for service AtCmdFwd...
08-03 23:47:20.044 10238 10258 I art     : Starting a blocking GC Explicit
08-03 23:47:20.105 10238 10258 I art     : Explicit concurrent mark sweep GC freed 2339(104KB) AllocSpace objects, 2(36KB) LOS objects, 10% free, 136MB/152MB, paused 1.851ms total 60.584ms
08-03 23:47:20.131 10238 10258 I art     : Starting a blocking GC Explicit
08-03 23:47:20.189 10238 10258 I art     : Explicit concurrent mark sweep GC freed 166(3KB) AllocSpace objects, 0(0B) LOS objects, 10% free, 136MB/152MB, paused 2.037ms total 58.513ms
08-03 23:47:20.214 10238 10258 I art     : Starting a blocking GC Explicit
08-03 23:47:20.274   518   646 I ThermalEngine: ACTION: GPU - Setting GPU[0] to 450000000
08-03 23:47:20.277 10238 10258 I art     : Explicit concurrent mark sweep GC freed 123(2096B) AllocSpace objects, 0(0B) LOS objects, 10% free, 136MB/152MB, paused 1.806ms total 62.854ms
08-03 23:47:20.295 10238 10258 I art     : Starting a blocking GC Explicit
08-03 23:47:20.343 10238 10258 I art     : Explicit concurrent mark sweep GC freed 99(1696B) AllocSpace objects, 0(0B) LOS objects, 10% free, 136MB/152MB, paused 1.091ms total 48.242ms
08-03 23:47:20.361 10238 10258 I art     : Starting a blocking GC Explicit
08-03 23:47:20.414 10238 10258 I art     : Explicit concurrent mark sweep GC freed 99(1696B) AllocSpace objects, 0(0B) LOS objects, 10% free, 136MB/152MB, paused 1.171ms total 52.016ms
08-03 23:47:20.844 10238 10250 I art     : Starting a blocking GC Explicit
08-03 23:47:20.899 10238 10250 I art     : Explicit concurrent mark sweep GC freed 2309(104KB) AllocSpace objects, 2(36KB) LOS objects, 10% free, 136MB/152MB, paused 1.319ms total 54.704ms
08-03 23:47:20.921 10238 10250 I art     : Starting a blocking GC Explicit
08-03 23:47:20.971 10238 10250 I art     : Explicit concurrent mark sweep GC freed 134(2768B) AllocSpace objects, 0(0B) LOS objects, 10% free, 136MB/152MB, paused 1.298ms total 49.397ms
08-03 23:47:20.985  6583  6583 I ServiceManager: Waiting for service AtCmdFwd...
08-03 23:47:20.989 10238 10250 I art     : Starting a blocking GC Explicit
08-03 23:47:21.039 10238 10250 I art     : Explicit concurrent mark sweep GC freed 102(1776B) AllocSpace objects, 0(0B) LOS objects, 10% free, 136MB/152MB, paused 1.275ms total 50.057ms
08-03 23:47:21.057 10238 10250 I art     : Starting a blocking GC Explicit
08-03 23:47:21.107 10238 10250 I art     : Explicit concurrent mark sweep GC freed 110(1872B) AllocSpace objects, 0(0B) LOS objects, 10% free, 136MB/152MB, paused 1.154ms total 50.101ms
08-03 23:47:21.126 10238 10250 I art     : Starting a blocking GC Explicit
08-03 23:47:21.179 10238 10250 I art     : Explicit concurrent mark sweep GC freed 100(1728B) AllocSpace objects, 0(0B) LOS objects, 10% free, 136MB/152MB, paused 1.121ms total 52.044ms
08-03 23:47:21.605 10238 10249 I art     : Starting a blocking GC Explicit
08-03 23:47:21.658 10238 10249 I art     : Explicit concurrent mark sweep GC freed 2320(104KB) AllocSpace objects, 2(36KB) LOS objects, 10% free, 136MB/152MB, paused 1.175ms total 52.517ms
08-03 23:47:21.678 10238 10249 I art     : Starting a blocking GC Explicit
08-03 23:47:21.729 10238 10249 I art     : Explicit concurrent mark sweep GC freed 135(3KB) AllocSpace objects, 0(0B) LOS objects, 10% free, 136MB/152MB, paused 1.091ms total 50.249ms
08-03 23:47:21.747 10238 10249 I art     : Starting a blocking GC Explicit
08-03 23:47:21.797 10238 10249 I art     : Explicit concurrent mark sweep GC freed 99(1696B) AllocSpace objects, 0(0B) LOS objects, 10% free, 136MB/152MB, paused 1.084ms total 49.811ms
08-03 23:47:21.815 10238 10249 I art     : Starting a blocking GC Explicit
08-03 23:47:21.866 10238 10249 I art     : Explicit concurrent mark sweep GC freed 99(1696B) AllocSpace objects, 0(0B) LOS objects, 10% free, 136MB/152MB, paused 1.173ms total 50.615ms
08-03 23:47:21.886 10238 10249 I art     : Starting a blocking GC Explicit
08-03 23:47:21.935 10238 10249 I art     : Explicit concurrent mark sweep GC freed 98(1664B) AllocSpace objects, 0(0B) LOS objects, 10% free, 136MB/152MB, paused 1.123ms total 48.838ms
08-03 23:47:21.986  6583  6583 I ServiceManager: Waiting for service AtCmdFwd...
08-03 23:47:22.307 10238 10640 I art     : Starting a blocking GC Explicit
08-03 23:47:22.355 10238 10640 I art     : Explicit concurrent mark sweep GC freed 2207(102KB) AllocSpace objects, 2(36KB) LOS objects, 10% free, 136MB/152MB, paused 1.159ms total 48.007ms
08-03 23:47:22.374 10238 10640 I art     : Starting a blocking GC Explicit
08-03 23:47:22.423 10238 10640 I art     : Explicit concurrent mark sweep GC freed 116(2480B) AllocSpace objects, 0(0B) LOS objects, 10% free, 136MB/152MB, paused 1.325ms total 48.921ms
08-03 23:47:22.441 10238 10640 I art     : Starting a blocking GC Explicit
08-03 23:47:22.491 10238 10640 I art     : Explicit concurrent mark sweep GC freed 136(2608B) AllocSpace objects, 0(0B) LOS objects, 10% free, 136MB/152MB, paused 1.175ms total 49.572ms
08-03 23:47:22.509 10238 10640 I art     : Starting a blocking GC Explicit
08-03 23:47:22.550 12031 12031 D AndroidRuntime: >>>>>> START com.android.internal.os.RuntimeInit uid 2000 <<<<<<
08-03 23:47:22.556 12031 12031 D AndroidRuntime: CheckJNI is OFF
08-03 23:47:22.559 10238 10640 I art     : Explicit concurrent mark sweep GC freed 100(1728B) AllocSpace objects, 0(0B) LOS objects, 10% free, 136MB/152MB, paused 1.258ms total 49.563ms
08-03 23:47:22.577 10238 10640 I art     : Starting a blocking GC Explicit
08-03 23:47:22.603 12031 12031 D ICU     : No timezone override file found: /data/misc/zoneinfo/current/icu/icu_tzdata.dat
08-03 23:47:22.626 10238 10640 I art     : Explicit concurrent mark sweep GC freed 102(1792B) AllocSpace objects, 0(0B) LOS objects, 10% free, 136MB/152MB, paused 1.155ms total 48.347ms
08-03 23:47:22.649 12031 12031 I Radio-JNI: register_android_hardware_Radio DONE
08-03 23:47:22.677 12031 12031 D AndroidRuntime: Calling main entry com.android.commands.input.Input
08-03 23:47:22.679 12031 12031 I Input   : injectKeyEvent: KeyEvent { action=ACTION_DOWN, keyCode=KEYCODE_BACK, scanCode=0, metaState=0, flags=0x0, repeatCount=0, eventTime=661659091, downTime=661659091, deviceId=-1, source=0x101 }
08-03 23:47:22.685 12031 12031 I Input   : injectKeyEvent: KeyEvent { action=ACTION_UP, keyCode=KEYCODE_BACK, scanCode=0, metaState=0, flags=0x0, repeatCount=0, eventTime=661659091, downTime=661659091, deviceId=-1, source=0x101 }
08-03 23:47:22.693 12031 12031 D AndroidRuntime: Shutting down VM
08-03 23:47:22.703 10238 10238 V MainActivity: url = https://project-travel-mate.herokuapp.com/api/number-of-unread-notifications
08-03 23:47:22.732 13866 13866 I GoogleInputMethodServic: GoogleInputMethodService.onFinishInput():3138 
08-03 23:47:22.733 13866 13866 I GoogleInputMethodServic: GoogleInputMethodService.onStartInput():1808 
08-03 23:47:22.986  6583  6583 W Atfwd_Sendcmd: AtCmdFwd service not published, waiting... retryCnt : 5
08-03 23:47:22.993 10238 10250 I art     : Starting a blocking GC Explicit
08-03 23:47:23.051 10238 10250 I art     : Explicit concurrent mark sweep GC freed 2584(123KB) AllocSpace objects, 2(36KB) LOS objects, 10% free, 136MB/152MB, paused 1.155ms total 57.508ms
08-03 23:47:23.069   380   380 W SurfaceFlinger: couldn't log to binary event log: overflow.
08-03 23:47:23.069 10238 10250 I art     : Starting a blocking GC Explicit
08-03 23:47:23.113 10238 10250 I art     : Explicit concurrent mark sweep GC freed 173(5KB) AllocSpace objects, 1(188KB) LOS objects, 10% free, 136MB/152MB, paused 1.132ms total 44.206ms
08-03 23:47:23.131 10238 10250 I art     : Starting a blocking GC Explicit
08-03 23:47:23.179 10238 10250 I art     : Explicit concurrent mark sweep GC freed 2653(136KB) AllocSpace objects, 3(200KB) LOS objects, 10% free, 136MB/152MB, paused 1.587ms total 47.768ms
08-03 23:47:23.197 10238 10250 I art     : Starting a blocking GC Explicit
08-03 23:47:23.208 10238 12054 I NAPPA_EXPERIMENTATION: MetricNetworkRequestExecutionTime: REQUEST_DURATION_SYSTEM='504',REQUEST_DURATION_OKHTTP='32',REQUEST_SYNCHRONOUS='FALSE',RESPONSE_CODE='200',RESPONSE_METHOD='GET',RESPONSE_LENGTH_OKHTTP='36',RESPONSE_LENGTH_HEADER='36',REQUEST_PROTOCOL='http/1.1',REQUEST_URL='https://project-travel-mate.herokuapp.com/api/number-of-unread-notifications',
08-03 23:47:23.244 10238 10250 I art     : Explicit concurrent mark sweep GC freed 7592(482KB) AllocSpace objects, 13(264KB) LOS objects, 10% free, 135MB/151MB, paused 1.153ms total 46.515ms
08-03 23:47:23.262 10238 10250 I art     : Starting a blocking GC Explicit
08-03 23:47:23.310 10238 10250 I art     : Explicit concurrent mark sweep GC freed 138(5KB) AllocSpace objects, 0(0B) LOS objects, 10% free, 135MB/151MB, paused 1.291ms total 47.629ms
08-03 23:47:23.718 10238 10249 I art     : Starting a blocking GC Explicit
08-03 23:47:23.785 10238 10249 I art     : Explicit concurrent mark sweep GC freed 1613(92KB) AllocSpace objects, 2(36KB) LOS objects, 10% free, 135MB/151MB, paused 1.398ms total 65.814ms
08-03 23:47:23.806 10238 10249 I art     : Starting a blocking GC Explicit
08-03 23:47:23.852 10238 10249 I art     : Explicit concurrent mark sweep GC freed 28(1040B) AllocSpace objects, 0(0B) LOS objects, 10% free, 135MB/151MB, paused 1.148ms total 45.508ms
08-03 23:47:23.870 10238 10249 I art     : Starting a blocking GC Explicit
08-03 23:47:23.917 10238 10249 I art     : Explicit concurrent mark sweep GC freed 3(96B) AllocSpace objects, 0(0B) LOS objects, 10% free, 135MB/151MB, paused 1.152ms total 46.934ms
08-03 23:47:23.935 10238 10249 I art     : Starting a blocking GC Explicit
08-03 23:47:23.979 10238 10249 I art     : Explicit concurrent mark sweep GC freed 3(96B) AllocSpace objects, 0(0B) LOS objects, 10% free, 135MB/151MB, paused 1.177ms total 44.418ms
08-03 23:47:23.997 10238 10249 I art     : Starting a blocking GC Explicit
08-03 23:47:24.041 10238 10249 I art     : Explicit concurrent mark sweep GC freed 3(96B) AllocSpace objects, 0(0B) LOS objects, 10% free, 135MB/151MB, paused 1.088ms total 44.134ms
08-03 23:47:24.431 10238 10640 I art     : Starting a blocking GC Explicit
08-03 23:47:24.456 12077 12077 D AndroidRuntime: >>>>>> START com.android.internal.os.RuntimeInit uid 2000 <<<<<<
08-03 23:47:24.461 12077 12077 D AndroidRuntime: CheckJNI is OFF
08-03 23:47:24.474 10238 10640 I art     : Explicit concurrent mark sweep GC freed 1588(92KB) AllocSpace objects, 2(36KB) LOS objects, 10% free, 135MB/151MB, paused 1.059ms total 43.010ms
08-03 23:47:24.491 10238 10640 I art     : Starting a blocking GC Explicit
08-03 23:47:24.501 12077 12077 D ICU     : No timezone override file found: /data/misc/zoneinfo/current/icu/icu_tzdata.dat
08-03 23:47:24.532 10238 10640 I art     : Explicit concurrent mark sweep GC freed 74(2608B) AllocSpace objects, 0(0B) LOS objects, 10% free, 135MB/151MB, paused 1.146ms total 40.417ms
08-03 23:47:24.541 12077 12077 I Radio-JNI: register_android_hardware_Radio DONE
08-03 23:47:24.549 10238 10640 I art     : Starting a blocking GC Explicit
08-03 23:47:24.569 12077 12077 D AndroidRuntime: Calling main entry com.android.commands.input.Input
08-03 23:47:24.571 12077 12077 I Input   : injectMotionEvent: MotionEvent { action=ACTION_DOWN, actionButton=0, id[0]=0, x[0]=657.0, y[0]=2080.0, toolType[0]=TOOL_TYPE_UNKNOWN, buttonState=0, metaState=0, flags=0x0, edgeFlags=0x0, pointerCount=1, historySize=0, eventTime=661660984, downTime=661660984, deviceId=0, source=0x1002 }
08-03 23:47:24.593 10238 10640 I art     : Explicit concurrent mark sweep GC freed 14(672B) AllocSpace objects, 0(0B) LOS objects, 10% free, 135MB/151MB, paused 1.459ms total 43.681ms
08-03 23:47:24.600 12077 12077 I Input   : injectMotionEvent: MotionEvent { action=ACTION_UP, actionButton=0, id[0]=0, x[0]=657.0, y[0]=2080.0, toolType[0]=TOOL_TYPE_UNKNOWN, buttonState=0, metaState=0, flags=0x0, edgeFlags=0x0, pointerCount=1, historySize=0, eventTime=661660984, downTime=661660984, deviceId=0, source=0x1002 }
08-03 23:47:24.611 10238 10640 I art     : Starting a blocking GC Explicit
08-03 23:47:24.639 12077 12077 D AndroidRuntime: Shutting down VM
08-03 23:47:24.640   918  6029 I ActivityManager: START u0 {cmp=baseline.io.github.project_travel_mate/.utilities.UpcomingWeekendsActivity} from uid 10650 on display 0
08-03 23:47:24.640   512  2967 D audio_hw_primary: out_set_parameters: enter: usecase(1: low-latency-playback) kvpairs: routing=2
08-03 23:47:24.652 10238 10640 I art     : Explicit concurrent mark sweep GC freed 18(560B) AllocSpace objects, 0(0B) LOS objects, 10% free, 135MB/151MB, paused 1.287ms total 41.514ms
08-03 23:47:24.653   512  2967 D audio_hw_primary: select_devices: out_snd_device(2: speaker) in_snd_device(0: none)
08-03 23:47:24.653   512  2967 D msm8974_platform: platform_send_audio_calibration: sending audio calibration for snd_device(2) acdb_id(15)
08-03 23:47:24.654   512  2967 I soundtrigger: audio_extn_sound_trigger_update_device_status: device 0x2 of type 0 for Event 1
08-03 23:47:24.663   512  2967 D audio_hw_primary: enable_snd_device: snd_device(2: speaker)
08-03 23:47:24.665   512  2967 D audio_hw_primary: enable_audio_route: apply and update mixer path: low-latency-playback speaker
08-03 23:47:24.669 10238 10307 D Gabe    : call	returning from cache
08-03 23:47:24.671 10238 10238 V EXECUTING: https://project-travel-mate.herokuapp.com/api/get-upcoming-holidays/2020
08-03 23:47:24.672 10238 10640 I art     : Starting a blocking GC Explicit
08-03 23:47:24.675 10238 10238 V EXECUTING: https://project-travel-mate.herokuapp.com/api/get-upcoming-holidays/2020
08-03 23:47:24.695   918  3188 I hubconnection: sensorhub said: 'set_bias 3: -6.2400, 0.0000, 0.0000'
08-03 23:47:24.716 10238 10640 I art     : Explicit concurrent mark sweep GC freed 712(55KB) AllocSpace objects, 0(0B) LOS objects, 10% free, 135MB/151MB, paused 1.408ms total 43.211ms
08-03 23:47:24.756 13866 13866 I GoogleInputMethodServic: GoogleInputMethodService.onFinishInput():3138 
08-03 23:47:24.757 13866 13866 I GoogleInputMethodServic: GoogleInputMethodService.onStartInput():1808 
08-03 23:47:24.849   918   936 I ActivityManager: Displayed baseline.io.github.project_travel_mate/.utilities.UpcomingWeekendsActivity: +201ms
08-03 23:47:25.080 10238 10249 I art     : Starting a blocking GC Explicit
08-03 23:47:25.105   380   380 W SurfaceFlinger: couldn't log to binary event log: overflow.
08-03 23:47:25.127 10238 10249 I art     : Explicit concurrent mark sweep GC freed 3137(148KB) AllocSpace objects, 2(36KB) LOS objects, 10% free, 140MB/156MB, paused 1.108ms total 46.779ms
08-03 23:47:25.144 10238 10249 I art     : Starting a blocking GC Explicit
08-03 23:47:25.186 10238 10249 I art     : Explicit concurrent mark sweep GC freed 126(3KB) AllocSpace objects, 0(0B) LOS objects, 10% free, 140MB/156MB, paused 1.206ms total 41.668ms
08-03 23:47:25.199   512  2967 D audio_hw_primary: disable_audio_route: reset and update mixer path: low-latency-playback speaker
08-03 23:47:25.201   512  2967 D audio_hw_primary: disable_snd_device: snd_device(2: speaker)
08-03 23:47:25.203 10238 10249 I art     : Starting a blocking GC Explicit
08-03 23:47:25.211   512  2967 I soundtrigger: audio_extn_sound_trigger_update_device_status: device 0x2 of type 0 for Event 0
08-03 23:47:25.253 10238 10249 I art     : Explicit concurrent mark sweep GC freed 5265(266KB) AllocSpace objects, 5(320KB) LOS objects, 10% free, 140MB/156MB, paused 1.735ms total 49.582ms
08-03 23:47:25.271 10238 12102 I NAPPA_EXPERIMENTATION: MetricNetworkRequestExecutionTime: REQUEST_DURATION_SYSTEM='595',REQUEST_DURATION_OKHTTP='34',REQUEST_SYNCHRONOUS='FALSE',RESPONSE_CODE='200',RESPONSE_METHOD='GET',RESPONSE_LENGTH_OKHTTP='6426',RESPONSE_LENGTH_HEADER='6426',REQUEST_PROTOCOL='http/1.1',REQUEST_URL='https://project-travel-mate.herokuapp.com/api/get-upcoming-holidays/2020',
08-03 23:47:25.272 10238 10249 I art     : Starting a blocking GC Explicit
08-03 23:47:25.290 10238 12101 I NAPPA_EXPERIMENTATION: MetricNetworkRequestExecutionTime: REQUEST_DURATION_SYSTEM='618',REQUEST_DURATION_OKHTTP='46',REQUEST_SYNCHRONOUS='FALSE',RESPONSE_CODE='200',RESPONSE_METHOD='GET',RESPONSE_LENGTH_OKHTTP='6426',RESPONSE_LENGTH_HEADER='6426',REQUEST_PROTOCOL='http/1.1',REQUEST_URL='https://project-travel-mate.herokuapp.com/api/get-upcoming-holidays/2020',
08-03 23:47:25.316 10238 10249 I art     : Explicit concurrent mark sweep GC freed 2159(255KB) AllocSpace objects, 4(128KB) LOS objects, 10% free, 140MB/156MB, paused 1.344ms total 43.375ms
08-03 23:47:25.333 10238 10249 I art     : Starting a blocking GC Explicit
08-03 23:47:25.376 10238 10249 I art     : Explicit concurrent mark sweep GC freed 169(4KB) AllocSpace objects, 0(0B) LOS objects, 10% free, 140MB/156MB, paused 1.279ms total 42.550ms
08-03 23:47:25.424 10238 10238 V Response: [{"month":"January","date":1,"day":"Wednesday","name":"New Year's Day","type":"Restricted"},{"month":"January","date":2,"day":"Thursday","name":"Guru Govind Singh Jayanti","type":"Restricted"},{"month":"January","date":14,"day":"Tuesday","name":"Lohri","type":"Restricted"},{"month":"January","date":15,"day":"Wednesday","name":"Pongal","type":"Restricted"},{"month":"January","date":15,"day":"Wednesday","name":"Makar Sankranti","type":"Restricted"},{"month":"January","date":25,"day":"Saturday","name":"Chinese New Year","type":"Observance"},{"month":"January","date":26,"day":"Sunday","name":"Republic Day","type":"Gazetted"},{"month":"January","date":30,"day":"Thursday","name":"Vasant Panchami","type":"Restricted"},{"month":"February","date":9,"day":"Sunday","name":"Guru Ravidas Jayanti","type":"Restricted"},{"month":"February","date":14,"day":"Friday","name":"Valentine's Day","type":"Observance"},{"month":"February","date":18,"day":"Tuesday","name":"Maharishi Dayanand Saraswati Jayanti","type":"Restricted"},{"month":"February","date":19,"day":"Wednesday","name":"Shivaji Jayanti","type":"Restricted"},{"month":"February","date":21,"day":"Friday","name":"Maha Shivaratri/Shivaratri","type":"Gazetted"},{"month":"March","date":9,"day":"Monday","name":"Holika Dahana","type":"Restricted"},{"month":"March","date":9,"day":"Monday","name":"Hazarat Ali's Birthday","type":"Restricted"},{"month":"March","date":10,"day":"Tuesday","name":"Holi","type":"Gazetted"},{"month":"March","date":20,"day":"Friday","name":"March Equinox","type":"Season"},{"month":"March","date":25,"day":"Wednesday","name":"Chaitra Sukhladi","type":"Restricted"},{"month":"April","date":2,"day":"Thursday","name":"Rama Navami","type":"Gazetted"},{"month":"April","date":6,"day":"Monday","name":"Mahavir Jayanti","type":"Gazetted"},{"month":"April","date":9,"day":"Thursday","name":"First day of Passover","type":"Observance"},{"month":"April","date":9,"day":"Thursday","name":"Maundy Thursday","type":"Observance,"},{"month":"April","date":10,"day":"Friday","name":"Good Friday","type":"Gazetted"},{"month":"April","date":12,"day":"Sunday","name":"Easter Day","type":"Restricted"},{"month":"April","date":13,"day":"Monday","name":"Vaisakhi","type":"Restricted"},{"month":"April","date":14,"day":"Tuesday","name":"Mesadi/Vaisakhadi","type":"Restricted"},{"month":"April","date":14,"day":"Tuesday","name":"Ambedkar Jayanti","type":"Central"},{"month":"May","date":1,"day":"Friday","name":"May Day","type":"Observance"},{"month":"May","date":7,"day":"Thursday","name":"Buddha Purnima/Vesak","type":"Gazetted"},{"month":"May","date":7,"day":"Thursday","name":"Birthday of Ravindranath","type":"Restricted"},{"month":"May","date":10,"day":"Sunday","name":"Mother's Day","type":"Observance"},{"month":"May","date":22,"day":"Friday","name":"Jamat Ul-Vida","type":"Restricted"},{"month":"May","date":25,"day":"Monday","name":"Ramzan Id/Eid-ul-Fitar","type":"Gazetted"},{"month":"May","date":25,"day":"Monday","name":"Ramzan Id/Eid-ul-Fitar","type":"Muslim,"},{"month":"June","date":21,"day":"Sunday","name":"June Solstice","type":"Season"},{"month":"June","date":21,"day":"Sunday","name":"Father's Day","type":"Observance"},{"month":"June","date":23,"day":"Tuesday","name":"Rath Yatra","type":"Restricted"},{"month":"July","date":5,"day":"Sunday","name":"Guru Purnima","type":"Observance"},{"month":"July","date":31,"day":"Friday","name":"Bakr Id/Eid ul-Adha","type":"Gazetted"},{"month":"August","date":2,"day":"Sunday","name":"Friendship Day","type":"Observance"},{"month":"August","date":3,"day":"Monday","name":"Raksha Bandhan (Rakhi)","type":"Restricted"},{"month":"August","date":11,"day":"Tuesday","name":"Janmashtami (Smarta)","type":"Restricted"},{"month":"August","date":12,"day":"Wednesday","name":"Janmashtami","type":"Gazetted"},{"month":"August","date":15,"day":"Saturday","name":"Independence Day","type":"Gazetted"},{"month":"August","date":16,"day":"Sunday","name":"Parsi New Year","type":"Restricted"},{"month":"August","date":22,"day":"Saturday","name":"Ganesh Chaturthi/Vin
08-03 23:47:25.428 10238 10238 V Response: [{"month":"January","date":1,"day":"Wednesday","name":"New Year's Day","type":"Restricted"},{"month":"January","date":2,"day":"Thursday","name":"Guru Govind Singh Jayanti","type":"Restricted"},{"month":"January","date":14,"day":"Tuesday","name":"Lohri","type":"Restricted"},{"month":"January","date":15,"day":"Wednesday","name":"Pongal","type":"Restricted"},{"month":"January","date":15,"day":"Wednesday","name":"Makar Sankranti","type":"Restricted"},{"month":"January","date":25,"day":"Saturday","name":"Chinese New Year","type":"Observance"},{"month":"January","date":26,"day":"Sunday","name":"Republic Day","type":"Gazetted"},{"month":"January","date":30,"day":"Thursday","name":"Vasant Panchami","type":"Restricted"},{"month":"February","date":9,"day":"Sunday","name":"Guru Ravidas Jayanti","type":"Restricted"},{"month":"February","date":14,"day":"Friday","name":"Valentine's Day","type":"Observance"},{"month":"February","date":18,"day":"Tuesday","name":"Maharishi Dayanand Saraswati Jayanti","type":"Restricted"},{"month":"February","date":19,"day":"Wednesday","name":"Shivaji Jayanti","type":"Restricted"},{"month":"February","date":21,"day":"Friday","name":"Maha Shivaratri/Shivaratri","type":"Gazetted"},{"month":"March","date":9,"day":"Monday","name":"Holika Dahana","type":"Restricted"},{"month":"March","date":9,"day":"Monday","name":"Hazarat Ali's Birthday","type":"Restricted"},{"month":"March","date":10,"day":"Tuesday","name":"Holi","type":"Gazetted"},{"month":"March","date":20,"day":"Friday","name":"March Equinox","type":"Season"},{"month":"March","date":25,"day":"Wednesday","name":"Chaitra Sukhladi","type":"Restricted"},{"month":"April","date":2,"day":"Thursday","name":"Rama Navami","type":"Gazetted"},{"month":"April","date":6,"day":"Monday","name":"Mahavir Jayanti","type":"Gazetted"},{"month":"April","date":9,"day":"Thursday","name":"First day of Passover","type":"Observance"},{"month":"April","date":9,"day":"Thursday","name":"Maundy Thursday","type":"Observance,"},{"month":"April","date":10,"day":"Friday","name":"Good Friday","type":"Gazetted"},{"month":"April","date":12,"day":"Sunday","name":"Easter Day","type":"Restricted"},{"month":"April","date":13,"day":"Monday","name":"Vaisakhi","type":"Restricted"},{"month":"April","date":14,"day":"Tuesday","name":"Mesadi/Vaisakhadi","type":"Restricted"},{"month":"April","date":14,"day":"Tuesday","name":"Ambedkar Jayanti","type":"Central"},{"month":"May","date":1,"day":"Friday","name":"May Day","type":"Observance"},{"month":"May","date":7,"day":"Thursday","name":"Buddha Purnima/Vesak","type":"Gazetted"},{"month":"May","date":7,"day":"Thursday","name":"Birthday of Ravindranath","type":"Restricted"},{"month":"May","date":10,"day":"Sunday","name":"Mother's Day","type":"Observance"},{"month":"May","date":22,"day":"Friday","name":"Jamat Ul-Vida","type":"Restricted"},{"month":"May","date":25,"day":"Monday","name":"Ramzan Id/Eid-ul-Fitar","type":"Gazetted"},{"month":"May","date":25,"day":"Monday","name":"Ramzan Id/Eid-ul-Fitar","type":"Muslim,"},{"month":"June","date":21,"day":"Sunday","name":"June Solstice","type":"Season"},{"month":"June","date":21,"day":"Sunday","name":"Father's Day","type":"Observance"},{"month":"June","date":23,"day":"Tuesday","name":"Rath Yatra","type":"Restricted"},{"month":"July","date":5,"day":"Sunday","name":"Guru Purnima","type":"Observance"},{"month":"July","date":31,"day":"Friday","name":"Bakr Id/Eid ul-Adha","type":"Gazetted"},{"month":"August","date":2,"day":"Sunday","name":"Friendship Day","type":"Observance"},{"month":"August","date":3,"day":"Monday","name":"Raksha Bandhan (Rakhi)","type":"Restricted"},{"month":"August","date":11,"day":"Tuesday","name":"Janmashtami (Smarta)","type":"Restricted"},{"month":"August","date":12,"day":"Wednesday","name":"Janmashtami","type":"Gazetted"},{"month":"August","date":15,"day":"Saturday","name":"Independence Day","type":"Gazetted"},{"month":"August","date":16,"day":"Sunday","name":"Parsi New Year","type":"Restricted"},{"month":"August","date":22,"day":"Saturday","name":"Ganesh Chaturthi/Vin
08-03 23:47:25.779 10238 10258 I art     : Starting a blocking GC Explicit
08-03 23:47:25.834 10238 10258 I art     : Explicit concurrent mark sweep GC freed 11330(434KB) AllocSpace objects, 3(4MB) LOS objects, 10% free, 136MB/152MB, paused 1.210ms total 54.022ms
08-03 23:47:25.852 10238 10258 I art     : Starting a blocking GC Explicit
08-03 23:47:25.902 10238 10258 I art     : Explicit concurrent mark sweep GC freed 384(13KB) AllocSpace objects, 0(0B) LOS objects, 10% free, 136MB/152MB, paused 1.197ms total 49.696ms
08-03 23:47:25.920 10238 10258 I art     : Starting a blocking GC Explicit
08-03 23:47:25.970 10238 10258 I art     : Explicit concurrent mark sweep GC freed 111(2352B) AllocSpace objects, 0(0B) LOS objects, 10% free, 136MB/152MB, paused 1.257ms total 49.623ms
08-03 23:47:25.988 10238 10258 I art     : Starting a blocking GC Explicit
08-03 23:47:26.038 10238 10258 I art     : Explicit concurrent mark sweep GC freed 118(2832B) AllocSpace objects, 0(0B) LOS objects, 10% free, 136MB/152MB, paused 1.211ms total 50.098ms
08-03 23:47:26.057 10238 10258 I art     : Starting a blocking GC Explicit
08-03 23:47:26.107 10238 10258 I art     : Explicit concurrent mark sweep GC freed 99(1696B) AllocSpace objects, 0(0B) LOS objects, 10% free, 136MB/152MB, paused 1.376ms total 50.185ms
08-03 23:47:26.503 10238 10249 I art     : Starting a blocking GC Explicit
08-03 23:47:26.560 10238 10249 I art     : Explicit concurrent mark sweep GC freed 2269(103KB) AllocSpace objects, 2(36KB) LOS objects, 10% free, 136MB/152MB, paused 1.413ms total 56.399ms
08-03 23:47:26.581 10238 10249 I art     : Starting a blocking GC Explicit
08-03 23:47:26.631 10238 10249 I art     : Explicit concurrent mark sweep GC freed 140(2880B) AllocSpace objects, 0(0B) LOS objects, 10% free, 136MB/152MB, paused 1.190ms total 50.224ms
08-03 23:47:26.649 10238 10249 I art     : Starting a blocking GC Explicit
08-03 23:47:26.702 10238 10249 I art     : Explicit concurrent mark sweep GC freed 100(1728B) AllocSpace objects, 0(0B) LOS objects, 10% free, 136MB/152MB, paused 1.230ms total 52.306ms
08-03 23:47:26.720 10238 10249 I art     : Starting a blocking GC Explicit
08-03 23:47:26.770 10238 10249 I art     : Explicit concurrent mark sweep GC freed 99(1696B) AllocSpace objects, 0(0B) LOS objects, 10% free, 136MB/152MB, paused 1.139ms total 49.226ms
08-03 23:47:26.788 10238 10249 I art     : Starting a blocking GC Explicit
08-03 23:47:26.842 10238 10249 I art     : Explicit concurrent mark sweep GC freed 100(1712B) AllocSpace objects, 0(0B) LOS objects, 10% free, 136MB/152MB, paused 1.398ms total 53.665ms
08-03 23:47:27.245 10238 10640 I art     : Starting a blocking GC Explicit
08-03 23:47:27.301 10238 10640 I art     : Explicit concurrent mark sweep GC freed 2253(102KB) AllocSpace objects, 2(36KB) LOS objects, 10% free, 136MB/152MB, paused 1.277ms total 54.772ms
08-03 23:47:27.319 10238 10640 I art     : Starting a blocking GC Explicit
08-03 23:47:27.371 10238 10640 I art     : Explicit concurrent mark sweep GC freed 124(2624B) AllocSpace objects, 0(0B) LOS objects, 10% free, 136MB/152MB, paused 1.260ms total 51.396ms
08-03 23:47:27.371 10238 10248 I art     : WaitForGcToComplete blocked for 14.580ms for cause HeapTrim
08-03 23:47:27.389 10238 10640 I art     : Starting a blocking GC Explicit
08-03 23:47:27.442 10238 10640 I art     : Explicit concurrent mark sweep GC freed 99(1696B) AllocSpace objects, 0(0B) LOS objects, 10% free, 136MB/152MB, paused 1.282ms total 53.058ms
08-03 23:47:27.461 10238 10640 I art     : Starting a blocking GC Explicit
08-03 23:47:27.514 10238 10640 I art     : Explicit concurrent mark sweep GC freed 164(3KB) AllocSpace objects, 0(0B) LOS objects, 10% free, 136MB/152MB, paused 1.209ms total 53.357ms
08-03 23:47:27.533 10238 10640 I art     : Starting a blocking GC Explicit
08-03 23:47:27.586 10238 10640 I art     : Explicit concurrent mark sweep GC freed 111(2304B) AllocSpace objects, 0(0B) LOS objects, 10% free, 136MB/152MB, paused 1.276ms total 52.629ms
08-03 23:47:28.006 10238 10250 I art     : Starting a blocking GC Explicit
08-03 23:47:28.062 10238 10250 I art     : Explicit concurrent mark sweep GC freed 2259(103KB) AllocSpace objects, 2(36KB) LOS objects, 10% free, 136MB/152MB, paused 1.229ms total 55.344ms
08-03 23:47:28.083 10238 10250 I art     : Starting a blocking GC Explicit
08-03 23:47:28.133 10238 10250 I art     : Explicit concurrent mark sweep GC freed 144(2960B) AllocSpace objects, 0(0B) LOS objects, 10% free, 136MB/152MB, paused 1.223ms total 49.869ms
08-03 23:47:28.151 10238 10250 I art     : Starting a blocking GC Explicit
08-03 23:47:28.203 10238 10250 I art     : Explicit concurrent mark sweep GC freed 99(1696B) AllocSpace objects, 0(0B) LOS objects, 10% free, 136MB/152MB, paused 1.230ms total 51.893ms
08-03 23:47:28.222 10238 10250 I art     : Starting a blocking GC Explicit
08-03 23:47:28.272 10238 10250 I art     : Explicit concurrent mark sweep GC freed 99(1696B) AllocSpace objects, 0(0B) LOS objects, 10% free, 136MB/152MB, paused 1.258ms total 50.277ms
08-03 23:47:28.291 10238 10250 I art     : Starting a blocking GC Explicit
08-03 23:47:28.345 10238 10250 I art     : Explicit concurrent mark sweep GC freed 109(1856B) AllocSpace objects, 0(0B) LOS objects, 10% free, 136MB/152MB, paused 1.218ms total 54.017ms
08-03 23:47:28.775 10238 10258 I art     : Starting a blocking GC Explicit
08-03 23:47:28.832 10238 10258 I art     : Explicit concurrent mark sweep GC freed 2305(104KB) AllocSpace objects, 2(36KB) LOS objects, 10% free, 136MB/152MB, paused 1.461ms total 55.941ms
08-03 23:47:28.852 10238 10258 I art     : Starting a blocking GC Explicit
08-03 23:47:28.901 10238 10258 I art     : Explicit concurrent mark sweep GC freed 142(2944B) AllocSpace objects, 0(0B) LOS objects, 10% free, 136MB/152MB, paused 1.185ms total 48.205ms
08-03 23:47:28.919 10238 10258 I art     : Starting a blocking GC Explicit
08-03 23:47:28.965 10238 10258 I art     : Explicit concurrent mark sweep GC freed 115(2480B) AllocSpace objects, 0(0B) LOS objects, 10% free, 136MB/152MB, paused 1.200ms total 46.328ms
08-03 23:47:28.984 10238 10258 I art     : Starting a blocking GC Explicit
08-03 23:47:29.031 10238 10258 I art     : Explicit concurrent mark sweep GC freed 118(2720B) AllocSpace objects, 0(0B) LOS objects, 10% free, 136MB/152MB, paused 1.214ms total 47.703ms
08-03 23:47:29.049 10238 10258 I art     : Starting a blocking GC Explicit
08-03 23:47:29.101 10238 10258 I art     : Explicit concurrent mark sweep GC freed 113(2128B) AllocSpace objects, 0(0B) LOS objects, 10% free, 136MB/152MB, paused 1.244ms total 50.976ms
08-03 23:47:29.424 12165 12165 D AndroidRuntime: >>>>>> START com.android.internal.os.RuntimeInit uid 2000 <<<<<<
08-03 23:47:29.430 12165 12165 D AndroidRuntime: CheckJNI is OFF
08-03 23:47:29.472 12165 12165 D ICU     : No timezone override file found: /data/misc/zoneinfo/current/icu/icu_tzdata.dat
08-03 23:47:29.517 12165 12165 I Radio-JNI: register_android_hardware_Radio DONE
08-03 23:47:29.523 10238 10249 I art     : Starting a blocking GC Explicit
08-03 23:47:29.547 12165 12165 D AndroidRuntime: Calling main entry com.android.commands.input.Input
08-03 23:47:29.549 12165 12165 I Input   : injectKeyEvent: KeyEvent { action=ACTION_DOWN, keyCode=KEYCODE_BACK, scanCode=0, metaState=0, flags=0x0, repeatCount=0, eventTime=661665962, downTime=661665962, deviceId=-1, source=0x101 }
08-03 23:47:29.555 12165 12165 I Input   : injectKeyEvent: KeyEvent { action=ACTION_UP, keyCode=KEYCODE_BACK, scanCode=0, metaState=0, flags=0x0, repeatCount=0, eventTime=661665962, downTime=661665962, deviceId=-1, source=0x101 }
08-03 23:47:29.562 12165 12165 D AndroidRuntime: Shutting down VM
08-03 23:47:29.574 10238 10249 I art     : Explicit concurrent mark sweep GC freed 2308(104KB) AllocSpace objects, 2(36KB) LOS objects, 10% free, 136MB/152MB, paused 1.462ms total 50.662ms
08-03 23:47:29.577 10238 10238 V MainActivity: url = https://project-travel-mate.herokuapp.com/api/number-of-unread-notifications
08-03 23:47:29.592 10238 10249 I art     : Starting a blocking GC Explicit
08-03 23:47:29.611 13866 13866 I GoogleInputMethodServic: GoogleInputMethodService.onFinishInput():3138 
08-03 23:47:29.612 13866 13866 I GoogleInputMethodServic: GoogleInputMethodService.onStartInput():1808 
08-03 23:47:29.638 10238 10249 I art     : Explicit concurrent mark sweep GC freed 430(16KB) AllocSpace objects, 0(0B) LOS objects, 10% free, 136MB/152MB, paused 1.455ms total 45.489ms
08-03 23:47:29.657 10238 10249 I art     : Starting a blocking GC Explicit
08-03 23:47:29.704 10238 10249 I art     : Explicit concurrent mark sweep GC freed 95(3KB) AllocSpace objects, 0(0B) LOS objects, 10% free, 136MB/152MB, paused 1.400ms total 47.188ms
08-03 23:47:29.723 10238 10249 I art     : Starting a blocking GC Explicit
08-03 23:47:29.765 10238 10249 I art     : Explicit concurrent mark sweep GC freed 207(7KB) AllocSpace objects, 0(0B) LOS objects, 10% free, 136MB/152MB, paused 1.291ms total 42.216ms
08-03 23:47:29.783 10238 10249 I art     : Starting a blocking GC Explicit
08-03 23:47:29.830 10238 10249 I art     : Explicit concurrent mark sweep GC freed 109(2608B) AllocSpace objects, 0(0B) LOS objects, 10% free, 136MB/152MB, paused 1.427ms total 46.271ms
08-03 23:47:29.943   380   380 W SurfaceFlinger: couldn't log to binary event log: overflow.
08-03 23:47:30.176 10238 12188 I NAPPA_EXPERIMENTATION: MetricNetworkRequestExecutionTime: REQUEST_DURATION_SYSTEM='597',REQUEST_DURATION_OKHTTP='31',REQUEST_SYNCHRONOUS='FALSE',RESPONSE_CODE='200',RESPONSE_METHOD='GET',RESPONSE_LENGTH_OKHTTP='36',RESPONSE_LENGTH_HEADER='36',REQUEST_PROTOCOL='http/1.1',REQUEST_URL='https://project-travel-mate.herokuapp.com/api/number-of-unread-notifications',
08-03 23:47:30.201 10238 10249 I art     : Starting a blocking GC Explicit
08-03 23:47:30.266 10238 10249 I art     : Explicit concurrent mark sweep GC freed 4492(240KB) AllocSpace objects, 6(424KB) LOS objects, 10% free, 136MB/152MB, paused 1.387ms total 64.545ms
08-03 23:47:30.288 10238 10249 I art     : Starting a blocking GC Explicit
08-03 23:47:30.339 10238 10249 I art     : Explicit concurrent mark sweep GC freed 7669(480KB) AllocSpace objects, 13(264KB) LOS objects, 10% free, 136MB/152MB, paused 1.277ms total 49.889ms
08-03 23:47:30.357 10238 10249 I art     : Starting a blocking GC Explicit
08-03 23:47:30.405 10238 10249 I art     : Explicit concurrent mark sweep GC freed 7(288B) AllocSpace objects, 0(0B) LOS objects, 10% free, 136MB/152MB, paused 1.162ms total 47.807ms
08-03 23:47:30.423 10238 10249 I art     : Starting a blocking GC Explicit
08-03 23:47:30.472 10238 10249 I art     : Explicit concurrent mark sweep GC freed 9(496B) AllocSpace objects, 0(0B) LOS objects, 10% free, 136MB/152MB, paused 1.374ms total 49.159ms
08-03 23:47:30.494 10238 10249 I art     : Starting a blocking GC Explicit
08-03 23:47:30.541 10238 10249 I art     : Explicit concurrent mark sweep GC freed 46(1504B) AllocSpace objects, 0(0B) LOS objects, 10% free, 136MB/152MB, paused 1.192ms total 47.064ms
08-03 23:47:30.930 10238 10640 I art     : Starting a blocking GC Explicit
08-03 23:47:30.987 10238 10640 I art     : Explicit concurrent mark sweep GC freed 1586(92KB) AllocSpace objects, 2(36KB) LOS objects, 10% free, 136MB/152MB, paused 1.334ms total 56.321ms
08-03 23:47:31.006 10238 10640 I art     : Starting a blocking GC Explicit
08-03 23:47:31.053 10238 10640 I art     : Explicit concurrent mark sweep GC freed 28(1024B) AllocSpace objects, 0(0B) LOS objects, 10% free, 136MB/152MB, paused 1.227ms total 46.668ms
08-03 23:47:31.070 10238 10640 I art     : Starting a blocking GC Explicit
08-03 23:47:31.116 10238 10640 I art     : Explicit concurrent mark sweep GC freed 3(96B) AllocSpace objects, 0(0B) LOS objects, 10% free, 136MB/152MB, paused 1.190ms total 45.127ms
08-03 23:47:31.134 10238 10640 I art     : Starting a blocking GC Explicit
08-03 23:47:31.181 10238 10640 I art     : Explicit concurrent mark sweep GC freed 3(96B) AllocSpace objects, 0(0B) LOS objects, 10% free, 136MB/152MB, paused 1.226ms total 46.974ms
08-03 23:47:31.199 10238 10640 I art     : Starting a blocking GC Explicit
08-03 23:47:31.249 10238 10640 I art     : Explicit concurrent mark sweep GC freed 5(160B) AllocSpace objects, 0(0B) LOS objects, 10% free, 136MB/152MB, paused 1.166ms total 49.208ms
08-03 23:47:31.291   518   646 I ThermalEngine: ACTION: GPU - Setting GPU[0] to 510000000
08-03 23:47:31.348 12213 12213 D AndroidRuntime: >>>>>> START com.android.internal.os.RuntimeInit uid 2000 <<<<<<
08-03 23:47:31.352 12213 12213 D AndroidRuntime: CheckJNI is OFF
08-03 23:47:31.385 12213 12213 D ICU     : No timezone override file found: /data/misc/zoneinfo/current/icu/icu_tzdata.dat
08-03 23:47:31.417 12213 12213 I Radio-JNI: register_android_hardware_Radio DONE
08-03 23:47:31.438 12213 12213 D AndroidRuntime: Calling main entry com.android.commands.input.Input
08-03 23:47:31.440 12213 12213 I Input   : injectMotionEvent: MotionEvent { action=ACTION_DOWN, actionButton=0, id[0]=0, x[0]=117.0, y[0]=170.0, toolType[0]=TOOL_TYPE_UNKNOWN, buttonState=0, metaState=0, flags=0x0, edgeFlags=0x0, pointerCount=1, historySize=0, eventTime=661667853, downTime=661667853, deviceId=0, source=0x1002 }
08-03 23:47:31.452 12213 12213 I Input   : injectMotionEvent: MotionEvent { action=ACTION_UP, actionButton=0, id[0]=0, x[0]=117.0, y[0]=170.0, toolType[0]=TOOL_TYPE_UNKNOWN, buttonState=0, metaState=0, flags=0x0, edgeFlags=0x0, pointerCount=1, historySize=0, eventTime=661667853, downTime=661667853, deviceId=0, source=0x1002 }
08-03 23:47:31.482 12213 12213 D AndroidRuntime: Shutting down VM
08-03 23:47:31.512   512  2967 D audio_hw_primary: out_set_parameters: enter: usecase(1: low-latency-playback) kvpairs: routing=2
08-03 23:47:31.525   512  2967 D audio_hw_primary: select_devices: out_snd_device(2: speaker) in_snd_device(0: none)
08-03 23:47:31.525   512  2967 D msm8974_platform: platform_send_audio_calibration: sending audio calibration for snd_device(2) acdb_id(15)
08-03 23:47:31.526   512  2967 I soundtrigger: audio_extn_sound_trigger_update_device_status: device 0x2 of type 0 for Event 1
08-03 23:47:31.543   512  2967 D audio_hw_primary: enable_snd_device: snd_device(2: speaker)
08-03 23:47:31.545   512  2967 D audio_hw_primary: enable_audio_route: apply and update mixer path: low-latency-playback speaker
08-03 23:47:31.588 10238 10249 I art     : Starting a blocking GC Explicit
08-03 23:47:31.622 10238 10249 I art     : Explicit concurrent mark sweep GC freed 1997(112KB) AllocSpace objects, 2(36KB) LOS objects, 10% free, 136MB/152MB, paused 884us total 34.637ms
08-03 23:47:31.638 10238 10249 I art     : Starting a blocking GC Explicit
08-03 23:47:31.672 10238 10249 I art     : Explicit concurrent mark sweep GC freed 140(5KB) AllocSpace objects, 0(0B) LOS objects, 10% free, 136MB/152MB, paused 999us total 34.378ms
08-03 23:47:31.686 10238 10249 I art     : Starting a blocking GC Explicit
08-03 23:47:31.721 10238 10249 I art     : Explicit concurrent mark sweep GC freed 3(96B) AllocSpace objects, 0(0B) LOS objects, 10% free, 136MB/152MB, paused 903us total 34.896ms
08-03 23:47:31.734 10238 10249 I art     : Starting a blocking GC Explicit
08-03 23:47:31.769 10238 10249 I art     : Explicit concurrent mark sweep GC freed 3(96B) AllocSpace objects, 0(0B) LOS objects, 10% free, 136MB/152MB, paused 1.115ms total 34.503ms
08-03 23:47:31.781 10238 10249 I art     : Starting a blocking GC Explicit
08-03 23:47:31.816 10238 10249 I art     : Explicit concurrent mark sweep GC freed 5(160B) AllocSpace objects, 0(0B) LOS objects, 10% free, 136MB/152MB, paused 895us total 34.408ms
08-03 23:47:32.081   512  2967 D audio_hw_primary: disable_audio_route: reset and update mixer path: low-latency-playback speaker
08-03 23:47:32.082   512  2967 D audio_hw_primary: disable_snd_device: snd_device(2: speaker)
08-03 23:47:32.090   512  2967 I soundtrigger: audio_extn_sound_trigger_update_device_status: device 0x2 of type 0 for Event 0
08-03 23:47:32.106 12237 12237 D AndroidRuntime: >>>>>> START com.android.internal.os.RuntimeInit uid 2000 <<<<<<
08-03 23:47:32.111 12237 12237 D AndroidRuntime: CheckJNI is OFF
08-03 23:47:32.143 12237 12237 D ICU     : No timezone override file found: /data/misc/zoneinfo/current/icu/icu_tzdata.dat
08-03 23:47:32.144 10238 10250 I art     : Starting a blocking GC Explicit
08-03 23:47:32.176 12237 12237 I Radio-JNI: register_android_hardware_Radio DONE
08-03 23:47:32.181 10238 10250 I art     : Explicit concurrent mark sweep GC freed 1597(92KB) AllocSpace objects, 2(36KB) LOS objects, 10% free, 136MB/152MB, paused 952us total 36.368ms
08-03 23:47:32.194 10238 10250 I art     : Starting a blocking GC Explicit
08-03 23:47:32.199 12237 12237 D AndroidRuntime: Calling main entry com.android.commands.input.Input
08-03 23:47:32.201 12237 12237 I Input   : injectMotionEvent: MotionEvent { action=ACTION_DOWN, actionButton=0, id[0]=0, x[0]=405.0, y[0]=661.0, toolType[0]=TOOL_TYPE_UNKNOWN, buttonState=0, metaState=0, flags=0x0, edgeFlags=0x0, pointerCount=1, historySize=0, eventTime=661668613, downTime=661668613, deviceId=0, source=0x1002 }
08-03 23:47:32.205 12237 12237 I Input   : injectMotionEvent: MotionEvent { action=ACTION_UP, actionButton=0, id[0]=0, x[0]=405.0, y[0]=661.0, toolType[0]=TOOL_TYPE_UNKNOWN, buttonState=0, metaState=0, flags=0x0, edgeFlags=0x0, pointerCount=1, historySize=0, eventTime=661668613, downTime=661668613, deviceId=0, source=0x1002 }
08-03 23:47:32.207 12237 12237 D AndroidRuntime: Shutting down VM
08-03 23:47:32.220   512  2967 D audio_hw_primary: out_set_parameters: enter: usecase(1: low-latency-playback) kvpairs: routing=2
08-03 23:47:32.230 10238 10250 I art     : Explicit concurrent mark sweep GC freed 447(28KB) AllocSpace objects, 0(0B) LOS objects, 10% free, 136MB/152MB, paused 1.513ms total 35.591ms
08-03 23:47:32.232   512  2967 D audio_hw_primary: select_devices: out_snd_device(2: speaker) in_snd_device(0: none)
08-03 23:47:32.232   512  2967 D msm8974_platform: platform_send_audio_calibration: sending audio calibration for snd_device(2) acdb_id(15)
08-03 23:47:32.233   512  2967 I soundtrigger: audio_extn_sound_trigger_update_device_status: device 0x2 of type 0 for Event 1
08-03 23:47:32.242   512  2967 D audio_hw_primary: enable_snd_device: snd_device(2: speaker)
08-03 23:47:32.243 10238 10250 I art     : Starting a blocking GC Explicit
08-03 23:47:32.244   512  2967 D audio_hw_primary: enable_audio_route: apply and update mixer path: low-latency-playback speaker
08-03 23:47:32.278 10238 10250 I art     : Explicit concurrent mark sweep GC freed 91(48KB) AllocSpace objects, 0(0B) LOS objects, 8% free, 167MB/183MB, paused 1.071ms total 34.348ms
08-03 23:47:32.286   512  2967 D AudioFlinger: mixer(0xf4740000) throttle end: throttle time(12)
08-03 23:47:32.291 10238 10250 I art     : Starting a blocking GC Explicit
08-03 23:47:32.295   518   646 I ThermalEngine: ACTION: GPU - Setting GPU[0] to 450000000
08-03 23:47:32.335 10238 10250 I art     : Explicit concurrent mark sweep GC freed 12(448B) AllocSpace objects, 0(0B) LOS objects, 8% free, 167MB/183MB, paused 1.332ms total 44.164ms
08-03 23:47:32.353 10238 10250 I art     : Starting a blocking GC Explicit
08-03 23:47:32.399 10238 10250 I art     : Explicit concurrent mark sweep GC freed 3(96B) AllocSpace objects, 0(0B) LOS objects, 8% free, 167MB/183MB, paused 1.419ms total 46.111ms
08-03 23:47:32.713   918  3261 D WifiStateMachine: starting scan for "H369AA63323"WPA_PSK with 2412,5180
08-03 23:47:32.768   512  2967 D audio_hw_primary: disable_audio_route: reset and update mixer path: low-latency-playback speaker
08-03 23:47:32.769   512  2967 D audio_hw_primary: disable_snd_device: snd_device(2: speaker)
08-03 23:47:32.778   512  2967 I soundtrigger: audio_extn_sound_trigger_update_device_status: device 0x2 of type 0 for Event 0
08-03 23:47:32.784 10238 10258 I art     : Starting a blocking GC Explicit
08-03 23:47:32.828 10238 10258 I art     : Explicit concurrent mark sweep GC freed 3173(187KB) AllocSpace objects, 11(288KB) LOS objects, 8% free, 182MB/198MB, paused 1.249ms total 43.481ms
08-03 23:47:32.845 10238 10258 I art     : Starting a blocking GC Explicit
08-03 23:47:32.887 10238 10258 I art     : Explicit concurrent mark sweep GC freed 904(51KB) AllocSpace objects, 0(0B) LOS objects, 8% free, 182MB/198MB, paused 1.165ms total 41.687ms
08-03 23:47:32.904 10238 10258 I art     : Starting a blocking GC Explicit
08-03 23:47:32.951 10238 10258 I art     : Explicit concurrent mark sweep GC freed 3(96B) AllocSpace objects, 0(0B) LOS objects, 8% free, 182MB/198MB, paused 1.182ms total 46.244ms
08-03 23:47:32.969 10238 10258 I art     : Starting a blocking GC Explicit
08-03 23:47:33.017 10238 10258 I art     : Explicit concurrent mark sweep GC freed 3(96B) AllocSpace objects, 0(0B) LOS objects, 8% free, 182MB/198MB, paused 1.268ms total 48.158ms
08-03 23:47:33.035 10238 10258 I art     : Starting a blocking GC Explicit
08-03 23:47:33.084 10238 10258 I art     : Explicit concurrent mark sweep GC freed 3(96B) AllocSpace objects, 0(0B) LOS objects, 8% free, 182MB/198MB, paused 1.202ms total 48.816ms
08-03 23:47:33.482 10238 10640 I art     : Starting a blocking GC Explicit
08-03 23:47:33.552 10238 10640 I art     : Explicit concurrent mark sweep GC freed 1638(94KB) AllocSpace objects, 2(36KB) LOS objects, 8% free, 182MB/198MB, paused 1.345ms total 68.957ms
08-03 23:47:33.575 10238 10640 I art     : Starting a blocking GC Explicit
08-03 23:47:33.625 10238 10640 I art     : Explicit concurrent mark sweep GC freed 61(2496B) AllocSpace objects, 0(0B) LOS objects, 8% free, 182MB/198MB, paused 1.194ms total 48.852ms
08-03 23:47:33.643 10238 10640 I art     : Starting a blocking GC Explicit
08-03 23:47:33.690 10238 10640 I art     : Explicit concurrent mark sweep GC freed 3(96B) AllocSpace objects, 0(0B) LOS objects, 8% free, 182MB/198MB, paused 1.115ms total 47.124ms
08-03 23:47:33.708 10238 10640 I art     : Starting a blocking GC Explicit
08-03 23:47:33.757 10238 10640 I art     : Explicit concurrent mark sweep GC freed 3(96B) AllocSpace objects, 0(0B) LOS objects, 8% free, 182MB/198MB, paused 1.260ms total 48.578ms
08-03 23:47:33.776 10238 10640 I art     : Starting a blocking GC Explicit
08-03 23:47:33.827 10238 10640 I art     : Explicit concurrent mark sweep GC freed 3(96B) AllocSpace objects, 0(0B) LOS objects, 8% free, 182MB/198MB, paused 1.321ms total 51.569ms
08-03 23:47:34.250 10238 10249 I art     : Starting a blocking GC Explicit
08-03 23:47:34.315 10238 10249 I art     : Explicit concurrent mark sweep GC freed 1595(92KB) AllocSpace objects, 2(36KB) LOS objects, 8% free, 182MB/198MB, paused 1.284ms total 64.756ms
08-03 23:47:34.336 10238 10249 I art     : Starting a blocking GC Explicit
08-03 23:47:34.392 10238 10249 I art     : Explicit concurrent mark sweep GC freed 42(1456B) AllocSpace objects, 0(0B) LOS objects, 8% free, 182MB/198MB, paused 1.233ms total 55.342ms
08-03 23:47:34.413 10238 10249 I art     : Starting a blocking GC Explicit
08-03 23:47:34.462 10238 10249 I art     : Explicit concurrent mark sweep GC freed 3(96B) AllocSpace objects, 0(0B) LOS objects, 8% free, 182MB/198MB, paused 1.115ms total 48.329ms
08-03 23:47:34.480 10238 10249 I art     : Starting a blocking GC Explicit
08-03 23:47:34.526 10238 10249 I art     : Explicit concurrent mark sweep GC freed 34(928B) AllocSpace objects, 0(0B) LOS objects, 8% free, 182MB/198MB, paused 1.148ms total 45.484ms
08-03 23:47:34.544 10238 10249 I art     : Starting a blocking GC Explicit
08-03 23:47:34.591 10238 10249 I art     : Explicit concurrent mark sweep GC freed 3(96B) AllocSpace objects, 0(0B) LOS objects, 8% free, 182MB/198MB, paused 1.162ms total 46.732ms
08-03 23:47:34.989 12289 12289 D AndroidRuntime: >>>>>> START com.android.internal.os.RuntimeInit uid 2000 <<<<<<
08-03 23:47:34.996 10238 10250 I art     : Starting a blocking GC Explicit
08-03 23:47:34.998 12289 12289 D AndroidRuntime: CheckJNI is OFF
08-03 23:47:35.044 12289 12289 D ICU     : No timezone override file found: /data/misc/zoneinfo/current/icu/icu_tzdata.dat
08-03 23:47:35.048 10238 10250 I art     : Explicit concurrent mark sweep GC freed 1594(92KB) AllocSpace objects, 2(36KB) LOS objects, 8% free, 182MB/198MB, paused 1.458ms total 51.304ms
08-03 23:47:35.066 10238 10250 I art     : Starting a blocking GC Explicit
08-03 23:47:35.092 12289 12289 I Radio-JNI: register_android_hardware_Radio DONE
08-03 23:47:35.117 10238 10250 I art     : Explicit concurrent mark sweep GC freed 38(1568B) AllocSpace objects, 0(0B) LOS objects, 8% free, 182MB/198MB, paused 1.245ms total 50.010ms
08-03 23:47:35.122 12289 12289 D AndroidRuntime: Calling main entry com.android.commands.input.Input
08-03 23:47:35.125 12289 12289 I Input   : injectMotionEvent: MotionEvent { action=ACTION_DOWN, actionButton=0, id[0]=0, x[0]=1341.0, y[0]=197.0, toolType[0]=TOOL_TYPE_UNKNOWN, buttonState=0, metaState=0, flags=0x0, edgeFlags=0x0, pointerCount=1, historySize=0, eventTime=661671537, downTime=661671537, deviceId=0, source=0x1002 }
08-03 23:47:35.132 12289 12289 I Input   : injectMotionEvent: MotionEvent { action=ACTION_UP, actionButton=0, id[0]=0, x[0]=1341.0, y[0]=197.0, toolType[0]=TOOL_TYPE_UNKNOWN, buttonState=0, metaState=0, flags=0x0, edgeFlags=0x0, pointerCount=1, historySize=0, eventTime=661671537, downTime=661671537, deviceId=0, source=0x1002 }
08-03 23:47:35.134 12289 12289 D AndroidRuntime: Shutting down VM
08-03 23:47:35.134 10238 10250 I art     : Starting a blocking GC Explicit
08-03 23:47:35.154   512  2967 D audio_hw_primary: out_set_parameters: enter: usecase(1: low-latency-playback) kvpairs: routing=2
08-03 23:47:35.156   918  3696 I ActivityManager: START u0 {cmp=baseline.io.github.project_travel_mate/.notifications.NotificationsActivity} from uid 10650 on display 0
08-03 23:47:35.167   512  2967 D audio_hw_primary: select_devices: out_snd_device(2: speaker) in_snd_device(0: none)
08-03 23:47:35.167   512  2967 D msm8974_platform: platform_send_audio_calibration: sending audio calibration for snd_device(2) acdb_id(15)
08-03 23:47:35.167   512  2967 I soundtrigger: audio_extn_sound_trigger_update_device_status: device 0x2 of type 0 for Event 1
08-03 23:47:35.178   512  2967 D audio_hw_primary: enable_snd_device: snd_device(2: speaker)
08-03 23:47:35.180   512  2967 D audio_hw_primary: enable_audio_route: apply and update mixer path: low-latency-playback speaker
08-03 23:47:35.185 10238 10250 I art     : Explicit concurrent mark sweep GC freed 362(23KB) AllocSpace objects, 0(0B) LOS objects, 8% free, 182MB/198MB, paused 1.985ms total 50.993ms
08-03 23:47:35.194 10238 10307 D Gabe    : call	returning from cache
08-03 23:47:35.203 10238 10238 V EXECUTING: https://project-travel-mate.herokuapp.com/api/get-notifications
08-03 23:47:35.204 10238 10250 I art     : Starting a blocking GC Explicit
08-03 23:47:35.208 10238 10238 V EXECUTING: https://project-travel-mate.herokuapp.com/api/get-notifications
08-03 23:47:35.248 10238 10250 I art     : Explicit concurrent mark sweep GC freed 958(79KB) AllocSpace objects, 0(0B) LOS objects, 8% free, 182MB/198MB, paused 1.234ms total 43.776ms
08-03 23:47:35.265 10238 10250 I art     : Starting a blocking GC Explicit
08-03 23:47:35.312 10238 10250 I art     : Explicit concurrent mark sweep GC freed 994(37KB) AllocSpace objects, 0(0B) LOS objects, 7% free, 187MB/203MB, paused 1.504ms total 46.370ms
08-03 23:47:35.371 13866 13866 I GoogleInputMethodServic: GoogleInputMethodService.onFinishInput():3138 
08-03 23:47:35.371 13866 13866 I GoogleInputMethodServic: GoogleInputMethodService.onStartInput():1808 
08-03 23:47:35.372   918   936 I ActivityManager: Displayed baseline.io.github.project_travel_mate/.notifications.NotificationsActivity: +208ms
08-03 23:47:35.477 10238 10254 D OpenGLRenderer: endAllStagingAnimators on 0x7f7a0c6000 (RippleDrawable) with handle 0x7f7c8e5040
08-03 23:47:35.617   380   380 W SurfaceFlinger: couldn't log to binary event log: overflow.
08-03 23:47:35.673 10238 10640 I art     : Starting a blocking GC Explicit
08-03 23:47:35.713 10238 12314 I NAPPA_EXPERIMENTATION: MetricNetworkRequestExecutionTime: REQUEST_DURATION_SYSTEM='503',REQUEST_DURATION_OKHTTP='32',REQUEST_SYNCHRONOUS='FALSE',RESPONSE_CODE='200',RESPONSE_METHOD='GET',RESPONSE_LENGTH_OKHTTP='2',RESPONSE_LENGTH_HEADER='2',REQUEST_PROTOCOL='http/1.1',REQUEST_URL='https://project-travel-mate.herokuapp.com/api/get-notifications',
08-03 23:47:35.718   512  2967 D audio_hw_primary: disable_audio_route: reset and update mixer path: low-latency-playback speaker
08-03 23:47:35.719   512  2967 D audio_hw_primary: disable_snd_device: snd_device(2: speaker)
08-03 23:47:35.723 10238 10640 I art     : Explicit concurrent mark sweep GC freed 7526(383KB) AllocSpace objects, 8(436KB) LOS objects, 7% free, 187MB/203MB, paused 1.362ms total 49.614ms
08-03 23:47:35.728   512  2967 I soundtrigger: audio_extn_sound_trigger_update_device_status: device 0x2 of type 0 for Event 0
08-03 23:47:35.730 10238 12313 I NAPPA_EXPERIMENTATION: MetricNetworkRequestExecutionTime: REQUEST_DURATION_SYSTEM='524',REQUEST_DURATION_OKHTTP='53',REQUEST_SYNCHRONOUS='FALSE',RESPONSE_CODE='200',RESPONSE_METHOD='GET',RESPONSE_LENGTH_OKHTTP='2',RESPONSE_LENGTH_HEADER='2',REQUEST_PROTOCOL='http/1.1',REQUEST_URL='https://project-travel-mate.herokuapp.com/api/get-notifications',
08-03 23:47:35.742 10238 10640 I art     : Starting a blocking GC Explicit
08-03 23:47:35.788 10238 10640 I art     : Explicit concurrent mark sweep GC freed 2140(247KB) AllocSpace objects, 0(0B) LOS objects, 7% free, 187MB/203MB, paused 1.486ms total 46.073ms
08-03 23:47:35.806 10238 10640 I art     : Starting a blocking GC Explicit
08-03 23:47:35.851 10238 10640 I art     : Explicit concurrent mark sweep GC freed 141(3KB) AllocSpace objects, 0(0B) LOS objects, 7% free, 187MB/203MB, paused 1.497ms total 44.833ms
08-03 23:47:35.869 10238 10640 I art     : Starting a blocking GC Explicit
08-03 23:47:35.914 10238 10640 I art     : Explicit concurrent mark sweep GC freed 106(3KB) AllocSpace objects, 0(0B) LOS objects, 7% free, 187MB/203MB, paused 1.178ms total 44.493ms
08-03 23:47:35.916 10238 10238 V Response: [] 
08-03 23:47:35.931 10238 10238 V Response: [] 
08-03 23:47:35.932 10238 10640 I art     : Starting a blocking GC Explicit
08-03 23:47:35.941 10238 10307 W LOTTIE  : Animation contains merge paths. Merge paths are only supported on KitKat+ and must be manually enabled by calling enableMergePathsForKitKatAndAbove().
08-03 23:47:35.949 10238 10307 W LOTTIE  : Animation contains merge paths. Merge paths are only supported on KitKat+ and must be manually enabled by calling enableMergePathsForKitKatAndAbove().
08-03 23:47:35.952 10238 10307 W LOTTIE  : Animation contains merge paths. Merge paths are only supported on KitKat+ and must be manually enabled by calling enableMergePathsForKitKatAndAbove().
08-03 23:47:35.955 10238 10307 W LOTTIE  : Animation contains merge paths. Merge paths are only supported on KitKat+ and must be manually enabled by calling enableMergePathsForKitKatAndAbove().
08-03 23:47:35.958 10238 10307 W LOTTIE  : Animation contains merge paths. Merge paths are only supported on KitKat+ and must be manually enabled by calling enableMergePathsForKitKatAndAbove().
08-03 23:47:35.960 10238 10307 W LOTTIE  : Animation contains merge paths. Merge paths are only supported on KitKat+ and must be manually enabled by calling enableMergePathsForKitKatAndAbove().
08-03 23:47:35.963 10238 10307 W LOTTIE  : Animation contains merge paths. Merge paths are only supported on KitKat+ and must be manually enabled by calling enableMergePathsForKitKatAndAbove().
08-03 23:47:35.970 10238 10238 W LOTTIE  : Animation contains merge paths but they are disabled.
08-03 23:47:35.979 10238 10640 I art     : Explicit concurrent mark sweep GC freed 8696(366KB) AllocSpace objects, 1(188KB) LOS objects, 7% free, 187MB/203MB, paused 1.591ms total 46.534ms
08-03 23:47:36.352 10238 10249 I art     : Starting a blocking GC Explicit
08-03 23:47:36.398 10238 10249 I art     : Explicit concurrent mark sweep GC freed 5588(233KB) AllocSpace objects, 2(36KB) LOS objects, 7% free, 187MB/203MB, paused 1.123ms total 45.226ms
08-03 23:47:36.415 10238 10249 I art     : Starting a blocking GC Explicit
08-03 23:47:36.459 10238 10249 I art     : Explicit concurrent mark sweep GC freed 455(15KB) AllocSpace objects, 0(0B) LOS objects, 7% free, 187MB/203MB, paused 1.129ms total 43.660ms
08-03 23:47:36.476 10238 10249 I art     : Starting a blocking GC Explicit
08-03 23:47:36.519 10238 10249 I art     : Explicit concurrent mark sweep GC freed 282(5KB) AllocSpace objects, 0(0B) LOS objects, 7% free, 187MB/203MB, paused 1.181ms total 42.181ms
08-03 23:47:36.536 10238 10249 I art     : Starting a blocking GC Explicit
08-03 23:47:36.578 10238 10249 I art     : Explicit concurrent mark sweep GC freed 317(6KB) AllocSpace objects, 0(0B) LOS objects, 7% free, 187MB/203MB, paused 1.104ms total 42.491ms
08-03 23:47:36.596 10238 10249 I art     : Starting a blocking GC Explicit
08-03 23:47:36.638 10238 10249 I art     : Explicit concurrent mark sweep GC freed 247(3KB) AllocSpace objects, 0(0B) LOS objects, 7% free, 187MB/203MB, paused 1.410ms total 42.262ms
08-03 23:47:37.026 10238 10249 I art     : Starting a blocking GC Explicit
08-03 23:47:37.072 10238 10249 I art     : Explicit concurrent mark sweep GC freed 3415(121KB) AllocSpace objects, 2(36KB) LOS objects, 7% free, 187MB/203MB, paused 1.378ms total 45.796ms
08-03 23:47:37.090 10238 10249 I art     : Starting a blocking GC Explicit
08-03 23:47:37.136 10238 10249 I art     : Explicit concurrent mark sweep GC freed 291(5KB) AllocSpace objects, 0(0B) LOS objects, 7% free, 187MB/203MB, paused 1.182ms total 45.055ms
08-03 23:47:37.154 10238 10249 I art     : Starting a blocking GC Explicit
08-03 23:47:37.200 10238 10249 I art     : Explicit concurrent mark sweep GC freed 283(4KB) AllocSpace objects, 0(0B) LOS objects, 7% free, 187MB/203MB, paused 1.108ms total 45.822ms
08-03 23:47:37.218 10238 10249 I art     : Starting a blocking GC Explicit
08-03 23:47:37.262 10238 10249 I art     : Explicit concurrent mark sweep GC freed 283(4KB) AllocSpace objects, 0(0B) LOS objects, 7% free, 187MB/203MB, paused 1.138ms total 43.771ms
08-03 23:47:37.279 10238 10249 I art     : Starting a blocking GC Explicit
08-03 23:47:37.321 10238 10249 I art     : Explicit concurrent mark sweep GC freed 222(3KB) AllocSpace objects, 0(0B) LOS objects, 7% free, 187MB/203MB, paused 1.237ms total 41.547ms
08-03 23:47:37.710 10238 10249 I art     : Starting a blocking GC Explicit
08-03 23:47:37.754 10238 10249 I art     : Explicit concurrent mark sweep GC freed 3429(121KB) AllocSpace objects, 2(36KB) LOS objects, 7% free, 187MB/203MB, paused 1.188ms total 43.943ms
08-03 23:47:37.772 10238 10249 I art     : Starting a blocking GC Explicit
08-03 23:47:37.816 10238 10249 I art     : Explicit concurrent mark sweep GC freed 303(5KB) AllocSpace objects, 0(0B) LOS objects, 7% free, 187MB/203MB, paused 1.144ms total 44.215ms
08-03 23:47:37.834 10238 10249 I art     : Starting a blocking GC Explicit
08-03 23:47:37.878 10238 10249 I art     : Explicit concurrent mark sweep GC freed 283(4KB) AllocSpace objects, 0(0B) LOS objects, 7% free, 187MB/203MB, paused 1.124ms total 44.251ms
08-03 23:47:37.879 10238 10248 I art     : WaitForGcToComplete blocked for 44.527ms for cause HeapTrim
08-03 23:47:37.896 10238 10249 I art     : Starting a blocking GC Explicit
08-03 23:47:37.940 10238 10249 I art     : Explicit concurrent mark sweep GC freed 236(4KB) AllocSpace objects, 0(0B) LOS objects, 7% free, 187MB/203MB, paused 1.378ms total 44.543ms
08-03 23:47:37.958 10238 10249 I art     : Starting a blocking GC Explicit
08-03 23:47:38.001 10238 10249 I art     : Explicit concurrent mark sweep GC freed 291(5KB) AllocSpace objects, 0(0B) LOS objects, 7% free, 187MB/203MB, paused 1.073ms total 43.694ms
08-03 23:47:38.378 10238 10640 I art     : Starting a blocking GC Explicit
08-03 23:47:38.424 10238 10640 I art     : Explicit concurrent mark sweep GC freed 3378(120KB) AllocSpace objects, 2(36KB) LOS objects, 7% free, 187MB/203MB, paused 1.393ms total 45.312ms
08-03 23:47:38.442 10238 10640 I art     : Starting a blocking GC Explicit
08-03 23:47:38.486 10238 10640 I art     : Explicit concurrent mark sweep GC freed 310(5KB) AllocSpace objects, 0(0B) LOS objects, 7% free, 187MB/203MB, paused 1.101ms total 44.431ms
08-03 23:47:38.504 10238 10640 I art     : Starting a blocking GC Explicit
08-03 23:47:38.548 10238 10640 I art     : Explicit concurrent mark sweep GC freed 284(4KB) AllocSpace objects, 0(0B) LOS objects, 7% free, 187MB/203MB, paused 1.086ms total 43.789ms
08-03 23:47:38.565 10238 10640 I art     : Starting a blocking GC Explicit
08-03 23:47:38.610 10238 10640 I art     : Explicit concurrent mark sweep GC freed 275(4KB) AllocSpace objects, 0(0B) LOS objects, 7% free, 187MB/203MB, paused 1.362ms total 43.959ms
08-03 23:47:38.627 10238 10640 I art     : Starting a blocking GC Explicit
08-03 23:47:38.670 10238 10640 I art     : Explicit concurrent mark sweep GC freed 221(3KB) AllocSpace objects, 0(0B) LOS objects, 7% free, 187MB/203MB, paused 1.168ms total 43.504ms
08-03 23:47:39.063 10238 10250 I art     : Starting a blocking GC Explicit
08-03 23:47:39.110 10238 10250 I art     : Explicit concurrent mark sweep GC freed 3470(121KB) AllocSpace objects, 2(36KB) LOS objects, 7% free, 187MB/203MB, paused 1.385ms total 46.855ms
08-03 23:47:39.128 10238 10250 I art     : Starting a blocking GC Explicit
08-03 23:47:39.171 10238 10250 I art     : Explicit concurrent mark sweep GC freed 242(4KB) AllocSpace objects, 0(0B) LOS objects, 7% free, 187MB/203MB, paused 1.238ms total 43.412ms
08-03 23:47:39.189 10238 10250 I art     : Starting a blocking GC Explicit
08-03 23:47:39.234 10238 10250 I art     : Explicit concurrent mark sweep GC freed 283(4KB) AllocSpace objects, 0(0B) LOS objects, 7% free, 187MB/203MB, paused 1.090ms total 44.544ms
08-03 23:47:39.251 10238 10250 I art     : Starting a blocking GC Explicit
08-03 23:47:39.296 10238 10250 I art     : Explicit concurrent mark sweep GC freed 295(4KB) AllocSpace objects, 0(0B) LOS objects, 7% free, 187MB/203MB, paused 1.085ms total 44.059ms
08-03 23:47:39.313 10238 10250 I art     : Starting a blocking GC Explicit
08-03 23:47:39.357 10238 10250 I art     : Explicit concurrent mark sweep GC freed 236(3KB) AllocSpace objects, 0(0B) LOS objects, 7% free, 187MB/203MB, paused 1.400ms total 44.025ms
08-03 23:47:39.731 10238 10249 I art     : Starting a blocking GC Explicit
08-03 23:47:39.775 10238 10249 I art     : Explicit concurrent mark sweep GC freed 3422(123KB) AllocSpace objects, 2(36KB) LOS objects, 7% free, 187MB/203MB, paused 1.227ms total 44.225ms
08-03 23:47:39.792 10238 10249 I art     : Starting a blocking GC Explicit
08-03 23:47:39.835 10238 10249 I art     : Explicit concurrent mark sweep GC freed 468(16KB) AllocSpace objects, 0(0B) LOS objects, 7% free, 187MB/203MB, paused 1.121ms total 42.632ms
08-03 23:47:39.852 10238 10249 I art     : Starting a blocking GC Explicit
08-03 23:47:39.886 12380 12380 D AndroidRuntime: >>>>>> START com.android.internal.os.RuntimeInit uid 2000 <<<<<<
08-03 23:47:39.891 12380 12380 D AndroidRuntime: CheckJNI is OFF
08-03 23:47:39.894 10238 10249 I art     : Explicit concurrent mark sweep GC freed 283(4KB) AllocSpace objects, 0(0B) LOS objects, 7% free, 187MB/203MB, paused 1.218ms total 42.180ms
08-03 23:47:39.911 10238 10249 I art     : Starting a blocking GC Explicit
08-03 23:47:39.931 12380 12380 D ICU     : No timezone override file found: /data/misc/zoneinfo/current/icu/icu_tzdata.dat
08-03 23:47:39.956 10238 10249 I art     : Explicit concurrent mark sweep GC freed 214(3KB) AllocSpace objects, 0(0B) LOS objects, 7% free, 187MB/203MB, paused 1.298ms total 44.344ms
08-03 23:47:39.971 12380 12380 I Radio-JNI: register_android_hardware_Radio DONE
08-03 23:47:39.974 10238 10249 I art     : Starting a blocking GC Explicit
08-03 23:47:40.000 12380 12380 D AndroidRuntime: Calling main entry com.android.commands.input.Input
08-03 23:47:40.002 12380 12380 I Input   : injectKeyEvent: KeyEvent { action=ACTION_DOWN, keyCode=KEYCODE_BACK, scanCode=0, metaState=0, flags=0x0, repeatCount=0, eventTime=661676415, downTime=661676415, deviceId=-1, source=0x101 }
08-03 23:47:40.016 12380 12380 I Input   : injectKeyEvent: KeyEvent { action=ACTION_UP, keyCode=KEYCODE_BACK, scanCode=0, metaState=0, flags=0x0, repeatCount=0, eventTime=661676415, downTime=661676415, deviceId=-1, source=0x101 }
08-03 23:47:40.019 10238 10249 I art     : Explicit concurrent mark sweep GC freed 282(4KB) AllocSpace objects, 0(0B) LOS objects, 7% free, 187MB/203MB, paused 1.296ms total 44.571ms
08-03 23:47:40.024 12380 12380 D AndroidRuntime: Shutting down VM
08-03 23:47:40.041 10238 10238 V MainActivity: url = https://project-travel-mate.herokuapp.com/api/number-of-unread-notifications
08-03 23:47:40.076 13866 13866 I GoogleInputMethodServic: GoogleInputMethodService.onFinishInput():3138 
08-03 23:47:40.077 13866 13866 I GoogleInputMethodServic: GoogleInputMethodService.onStartInput():1808 
08-03 23:47:40.316   518   646 I ThermalEngine: ACTION: GPU - Setting GPU[0] to 390000000
08-03 23:47:40.371   380   380 W SurfaceFlinger: couldn't log to binary event log: overflow.
08-03 23:47:40.436 10238 10250 I art     : Starting a blocking GC Explicit
08-03 23:47:40.500 10238 10250 I art     : Explicit concurrent mark sweep GC freed 2555(123KB) AllocSpace objects, 3(4MB) LOS objects, 8% free, 183MB/199MB, paused 1.868ms total 63.578ms
08-03 23:47:40.526 10238 10250 I art     : Starting a blocking GC Explicit
08-03 23:47:40.584 10238 10250 I art     : Explicit concurrent mark sweep GC freed 3805(180KB) AllocSpace objects, 2(56KB) LOS objects, 8% free, 183MB/199MB, paused 1.694ms total 57.051ms
08-03 23:47:40.607 10238 10250 I art     : Starting a blocking GC Explicit
08-03 23:47:40.685 10238 10250 I art     : Explicit concurrent mark sweep GC freed 1066(73KB) AllocSpace objects, 2(120KB) LOS objects, 8% free, 183MB/199MB, paused 2.760ms total 77.455ms
08-03 23:47:40.710 10238 10250 I art     : Starting a blocking GC Explicit
08-03 23:47:40.730 10238 12403 I NAPPA_EXPERIMENTATION: MetricNetworkRequestExecutionTime: REQUEST_DURATION_SYSTEM='687',REQUEST_DURATION_OKHTTP='30',REQUEST_SYNCHRONOUS='FALSE',RESPONSE_CODE='200',RESPONSE_METHOD='GET',RESPONSE_LENGTH_OKHTTP='36',RESPONSE_LENGTH_HEADER='36',REQUEST_PROTOCOL='http/1.1',REQUEST_URL='https://project-travel-mate.herokuapp.com/api/number-of-unread-notifications',
08-03 23:47:40.773 10238 10250 I art     : Explicit concurrent mark sweep GC freed 2428(169KB) AllocSpace objects, 1(80KB) LOS objects, 8% free, 183MB/199MB, paused 2.032ms total 63.077ms
08-03 23:47:40.798 10238 10250 I art     : Starting a blocking GC Explicit
08-03 23:47:40.866 10238 10250 I art     : Explicit concurrent mark sweep GC freed 262(21KB) AllocSpace objects, 0(0B) LOS objects, 8% free, 183MB/199MB, paused 2.450ms total 66.874ms
08-03 23:47:41.324 10238 10258 I art     : Starting a blocking GC Explicit
08-03 23:47:41.385 10238 10258 I art     : Explicit concurrent mark sweep GC freed 1594(92KB) AllocSpace objects, 2(36KB) LOS objects, 8% free, 183MB/199MB, paused 1.849ms total 60.672ms
08-03 23:47:41.409 10238 10258 I art     : Starting a blocking GC Explicit
08-03 23:47:41.470 10238 10258 I art     : Explicit concurrent mark sweep GC freed 38(1568B) AllocSpace objects, 0(0B) LOS objects, 8% free, 183MB/199MB, paused 2.013ms total 60.159ms
08-03 23:47:41.494 10238 10258 I art     : Starting a blocking GC Explicit
08-03 23:47:41.554 10238 10258 I art     : Explicit concurrent mark sweep GC freed 34(928B) AllocSpace objects, 0(0B) LOS objects, 8% free, 183MB/199MB, paused 1.988ms total 59.423ms
08-03 23:47:41.578 10238 10258 I art     : Starting a blocking GC Explicit
08-03 23:47:41.638 10238 10258 I art     : Explicit concurrent mark sweep GC freed 3(96B) AllocSpace objects, 0(0B) LOS objects, 8% free, 183MB/199MB, paused 2.070ms total 59.776ms
08-03 23:47:41.663 10238 10258 I art     : Starting a blocking GC Explicit
08-03 23:47:41.725 10238 10258 I art     : Explicit concurrent mark sweep GC freed 3(96B) AllocSpace objects, 0(0B) LOS objects, 8% free, 183MB/199MB, paused 1.995ms total 61.472ms
08-03 23:47:41.926 12426 12426 D AndroidRuntime: >>>>>> START com.android.internal.os.RuntimeInit uid 2000 <<<<<<
08-03 23:47:41.932 12426 12426 D AndroidRuntime: CheckJNI is OFF
08-03 23:47:41.990 12426 12426 D ICU     : No timezone override file found: /data/misc/zoneinfo/current/icu/icu_tzdata.dat
08-03 23:47:42.036 12426 12426 I Radio-JNI: register_android_hardware_Radio DONE
08-03 23:47:42.068 12426 12426 D AndroidRuntime: Calling main entry com.android.commands.input.Input
08-03 23:47:42.070 12426 12426 I Input   : injectMotionEvent: MotionEvent { action=ACTION_DOWN, actionButton=0, id[0]=0, x[0]=117.0, y[0]=170.0, toolType[0]=TOOL_TYPE_UNKNOWN, buttonState=0, metaState=0, flags=0x0, edgeFlags=0x0, pointerCount=1, historySize=0, eventTime=661678482, downTime=661678482, deviceId=0, source=0x1002 }
08-03 23:47:42.077 12426 12426 I Input   : injectMotionEvent: MotionEvent { action=ACTION_UP, actionButton=0, id[0]=0, x[0]=117.0, y[0]=170.0, toolType[0]=TOOL_TYPE_UNKNOWN, buttonState=0, metaState=0, flags=0x0, edgeFlags=0x0, pointerCount=1, historySize=0, eventTime=661678482, downTime=661678482, deviceId=0, source=0x1002 }
08-03 23:47:42.080 12426 12426 D AndroidRuntime: Shutting down VM
08-03 23:47:42.100   512  2967 D audio_hw_primary: out_set_parameters: enter: usecase(1: low-latency-playback) kvpairs: routing=2
08-03 23:47:42.115   512  2967 D audio_hw_primary: select_devices: out_snd_device(2: speaker) in_snd_device(0: none)
08-03 23:47:42.115   512  2967 D msm8974_platform: platform_send_audio_calibration: sending audio calibration for snd_device(2) acdb_id(15)
08-03 23:47:42.116   512  2967 I soundtrigger: audio_extn_sound_trigger_update_device_status: device 0x2 of type 0 for Event 1
08-03 23:47:42.128   512  2967 D audio_hw_primary: enable_snd_device: snd_device(2: speaker)
08-03 23:47:42.131   512  2967 D audio_hw_primary: enable_audio_route: apply and update mixer path: low-latency-playback speaker
08-03 23:47:42.188 10238 10250 I art     : Starting a blocking GC Explicit
08-03 23:47:42.250 10238 10250 I art     : Explicit concurrent mark sweep GC freed 2028(114KB) AllocSpace objects, 2(36KB) LOS objects, 8% free, 183MB/199MB, paused 2.134ms total 62.479ms
08-03 23:47:42.278 10238 10250 I art     : Starting a blocking GC Explicit
08-03 23:47:42.316   518   646 I ThermalEngine: ACTION: GPU - Setting GPU[0] to 450000000
08-03 23:47:42.331 10238 10250 I art     : Explicit concurrent mark sweep GC freed 52(1968B) AllocSpace objects, 0(0B) LOS objects, 8% free, 183MB/199MB, paused 1.134ms total 52.686ms
08-03 23:47:42.349 10238 10250 I art     : Starting a blocking GC Explicit
08-03 23:47:42.393 10238 10250 I art     : Explicit concurrent mark sweep GC freed 5(160B) AllocSpace objects, 0(0B) LOS objects, 8% free, 183MB/199MB, paused 1.131ms total 43.959ms
08-03 23:47:42.411 10238 10250 I art     : Starting a blocking GC Explicit
08-03 23:47:42.455 10238 10250 I art     : Explicit concurrent mark sweep GC freed 3(96B) AllocSpace objects, 0(0B) LOS objects, 8% free, 183MB/199MB, paused 1.199ms total 44.219ms
08-03 23:47:42.473 10238 10250 I art     : Starting a blocking GC Explicit
08-03 23:47:42.520 10238 10250 I art     : Explicit concurrent mark sweep GC freed 54(1872B) AllocSpace objects, 0(0B) LOS objects, 8% free, 183MB/199MB, paused 1.553ms total 46.325ms
08-03 23:47:42.669   512  2967 D audio_hw_primary: disable_audio_route: reset and update mixer path: low-latency-playback speaker
08-03 23:47:42.670   512  2967 D audio_hw_primary: disable_snd_device: snd_device(2: speaker)
08-03 23:47:42.679   512  2967 I soundtrigger: audio_extn_sound_trigger_update_device_status: device 0x2 of type 0 for Event 0
08-03 23:47:42.845 12449 12449 D AndroidRuntime: >>>>>> START com.android.internal.os.RuntimeInit uid 2000 <<<<<<
08-03 23:47:42.851 12449 12449 D AndroidRuntime: CheckJNI is OFF
08-03 23:47:42.894 12449 12449 D ICU     : No timezone override file found: /data/misc/zoneinfo/current/icu/icu_tzdata.dat
08-03 23:47:42.903 10238 10250 I art     : Starting a blocking GC Explicit
08-03 23:47:42.942 12449 12449 I Radio-JNI: register_android_hardware_Radio DONE
08-03 23:47:42.958 10238 10250 I art     : Explicit concurrent mark sweep GC freed 1593(92KB) AllocSpace objects, 2(36KB) LOS objects, 8% free, 183MB/199MB, paused 1.356ms total 55.323ms
08-03 23:47:42.959 10238 10248 I art     : WaitForGcToComplete blocked for 17.903ms for cause HeapTrim
08-03 23:47:42.972 12449 12449 D AndroidRuntime: Calling main entry com.android.commands.input.Input
08-03 23:47:42.974 12449 12449 I Input   : injectMotionEvent: MotionEvent { action=ACTION_DOWN, actionButton=0, id[0]=0, x[0]=418.0, y[0]=842.0, toolType[0]=TOOL_TYPE_UNKNOWN, buttonState=0, metaState=0, flags=0x0, edgeFlags=0x0, pointerCount=1, historySize=0, eventTime=661679387, downTime=661679387, deviceId=0, source=0x1002 }
08-03 23:47:42.977 10238 10250 I art     : Starting a blocking GC Explicit
08-03 23:47:42.978 12449 12449 I Input   : injectMotionEvent: MotionEvent { action=ACTION_UP, actionButton=0, id[0]=0, x[0]=418.0, y[0]=842.0, toolType[0]=TOOL_TYPE_UNKNOWN, buttonState=0, metaState=0, flags=0x0, edgeFlags=0x0, pointerCount=1, historySize=0, eventTime=661679387, downTime=661679387, deviceId=0, source=0x1002 }
08-03 23:47:42.980 12449 12449 D AndroidRuntime: Shutting down VM
08-03 23:47:42.995   512  2967 D audio_hw_primary: out_set_parameters: enter: usecase(1: low-latency-playback) kvpairs: routing=2
08-03 23:47:42.998 10238 10307 D Gabe    : call	returning from cache
08-03 23:47:43.008   512  2967 D audio_hw_primary: select_devices: out_snd_device(2: speaker) in_snd_device(0: none)
08-03 23:47:43.008   512  2967 D msm8974_platform: platform_send_audio_calibration: sending audio calibration for snd_device(2) acdb_id(15)
08-03 23:47:43.009   512  2967 I soundtrigger: audio_extn_sound_trigger_update_device_status: device 0x2 of type 0 for Event 1
08-03 23:47:43.020   512  2967 D audio_hw_primary: enable_snd_device: snd_device(2: speaker)
08-03 23:47:43.021 10238 10238 V MainActivity: url = https://project-travel-mate.herokuapp.com/api/number-of-unread-notifications
08-03 23:47:43.022   512  2967 D audio_hw_primary: enable_audio_route: apply and update mixer path: low-latency-playback speaker
08-03 23:47:43.027 10238 10250 I art     : Explicit concurrent mark sweep GC freed 905(46KB) AllocSpace objects, 0(0B) LOS objects, 8% free, 183MB/199MB, paused 1.784ms total 49.762ms
08-03 23:47:43.045 10238 10250 I art     : Starting a blocking GC Explicit
08-03 23:47:43.069   512  2967 D AudioFlinger: mixer(0xf4740000) throttle end: throttle time(12)
08-03 23:47:43.094 10238 10250 I art     : Explicit concurrent mark sweep GC freed 468(31KB) AllocSpace objects, 0(0B) LOS objects, 8% free, 183MB/199MB, paused 1.845ms total 48.909ms
08-03 23:47:43.113 10238 10250 I art     : Starting a blocking GC Explicit
08-03 23:47:43.164 10238 10250 I art     : Explicit concurrent mark sweep GC freed 375(24KB) AllocSpace objects, 0(0B) LOS objects, 8% free, 183MB/199MB, paused 1.625ms total 50.739ms
08-03 23:47:43.182 10238 10250 I art     : Starting a blocking GC Explicit
08-03 23:47:43.235 10238 10250 I art     : Explicit concurrent mark sweep GC freed 652(37KB) AllocSpace objects, 0(0B) LOS objects, 8% free, 183MB/199MB, paused 1.841ms total 52.733ms
08-03 23:47:43.563 10238 10238 I Choreographer: Skipped 32 frames!  The application may be doing too much work on its main thread.
08-03 23:47:43.568   512  2967 D audio_hw_primary: disable_audio_route: reset and update mixer path: low-latency-playback speaker
08-03 23:47:43.569   512  2967 D audio_hw_primary: disable_snd_device: snd_device(2: speaker)
08-03 23:47:43.578   512  2967 I soundtrigger: audio_extn_sound_trigger_update_device_status: device 0x2 of type 0 for Event 0
08-03 23:47:43.596 10238 12471 I NAPPA_EXPERIMENTATION: MetricNetworkRequestExecutionTime: REQUEST_DURATION_SYSTEM='573',REQUEST_DURATION_OKHTTP='29',REQUEST_SYNCHRONOUS='FALSE',RESPONSE_CODE='200',RESPONSE_METHOD='GET',RESPONSE_LENGTH_OKHTTP='36',RESPONSE_LENGTH_HEADER='36',REQUEST_PROTOCOL='http/1.1',REQUEST_URL='https://project-travel-mate.herokuapp.com/api/number-of-unread-notifications',
08-03 23:47:43.625 10238 10249 I art     : Starting a blocking GC Explicit
08-03 23:47:43.685 10238 10249 I art     : Explicit concurrent mark sweep GC freed 7269(389KB) AllocSpace objects, 14(492KB) LOS objects, 7% free, 184MB/200MB, paused 1.818ms total 60.309ms
08-03 23:47:43.705 10238 10249 I art     : Starting a blocking GC Explicit
08-03 23:47:43.763 10238 10249 I art     : Explicit concurrent mark sweep GC freed 2994(214KB) AllocSpace objects, 0(0B) LOS objects, 8% free, 183MB/199MB, paused 1.639ms total 57.353ms
08-03 23:47:43.783 10238 10249 I art     : Starting a blocking GC Explicit
08-03 23:47:43.835 10238 10249 I art     : Explicit concurrent mark sweep GC freed 341(10KB) AllocSpace objects, 0(0B) LOS objects, 8% free, 183MB/199MB, paused 1.255ms total 51.606ms
08-03 23:47:43.854 10238 10249 I art     : Starting a blocking GC Explicit
08-03 23:47:43.907 10238 10249 I art     : Explicit concurrent mark sweep GC freed 139(3KB) AllocSpace objects, 0(0B) LOS objects, 8% free, 183MB/199MB, paused 1.298ms total 52.861ms
08-03 23:47:43.927 10238 10249 I art     : Starting a blocking GC Explicit
08-03 23:47:43.982 10238 10249 I art     : Explicit concurrent mark sweep GC freed 144(3KB) AllocSpace objects, 0(0B) LOS objects, 8% free, 183MB/199MB, paused 1.262ms total 55.079ms
08-03 23:47:44.385 10238 10250 I art     : Starting a blocking GC Explicit
08-03 23:47:44.442 10238 10250 I art     : Explicit concurrent mark sweep GC freed 2250(103KB) AllocSpace objects, 2(52KB) LOS objects, 8% free, 183MB/199MB, paused 1.269ms total 56.414ms
08-03 23:47:44.461 10238 10250 I art     : Starting a blocking GC Explicit
08-03 23:47:44.517 10238 10250 I art     : Explicit concurrent mark sweep GC freed 185(4KB) AllocSpace objects, 0(0B) LOS objects, 8% free, 183MB/199MB, paused 1.257ms total 55.933ms
08-03 23:47:44.536 10238 10250 I art     : Starting a blocking GC Explicit
08-03 23:47:44.591 10238 10250 I art     : Explicit concurrent mark sweep GC freed 103(1824B) AllocSpace objects, 0(0B) LOS objects, 8% free, 183MB/199MB, paused 1.284ms total 53.986ms
08-03 23:47:44.610 10238 10250 I art     : Starting a blocking GC Explicit
08-03 23:47:44.666 10238 10250 I art     : Explicit concurrent mark sweep GC freed 137(2768B) AllocSpace objects, 0(0B) LOS objects, 8% free, 183MB/199MB, paused 1.186ms total 56.108ms
08-03 23:47:44.687 10238 10250 I art     : Starting a blocking GC Explicit
08-03 23:47:44.743 10238 10250 I art     : Explicit concurrent mark sweep GC freed 121(2384B) AllocSpace objects, 0(0B) LOS objects, 8% free, 183MB/199MB, paused 1.132ms total 55.609ms
08-03 23:47:44.897 18789 18839 I Finsky  : [5531] ktr.run(-1): Stats for Executor: BlockingExecutor kvs@4c6bd6a[Running, pool size = 0, active threads = 0, queued tasks = 0, completed tasks = 329]
08-03 23:47:44.923 18789 18839 I Finsky  : [5531] ktr.run(-1): Stats for Executor: LightweightExecutor kvs@51225b[Running, pool size = 4, active threads = 0, queued tasks = 0, completed tasks = 325]
08-03 23:47:45.169 10238 10250 I art     : Starting a blocking GC Explicit
08-03 23:47:45.230 10238 10250 I art     : Explicit concurrent mark sweep GC freed 2300(104KB) AllocSpace objects, 2(52KB) LOS objects, 8% free, 183MB/199MB, paused 1.261ms total 60.331ms
08-03 23:47:45.249 10238 10250 I art     : Starting a blocking GC Explicit
08-03 23:47:45.299 10238 10250 I art     : Explicit concurrent mark sweep GC freed 148(3024B) AllocSpace objects, 0(0B) LOS objects, 8% free, 183MB/199MB, paused 1.275ms total 49.952ms
08-03 23:47:45.318 10238 10250 I art     : Starting a blocking GC Explicit
08-03 23:47:45.372 10238 10250 I art     : Explicit concurrent mark sweep GC freed 99(1696B) AllocSpace objects, 0(0B) LOS objects, 8% free, 183MB/199MB, paused 1.356ms total 54.091ms
08-03 23:47:45.391 10238 10250 I art     : Starting a blocking GC Explicit
08-03 23:47:45.449 10238 10250 I art     : Explicit concurrent mark sweep GC freed 122(2064B) AllocSpace objects, 0(0B) LOS objects, 8% free, 183MB/199MB, paused 1.279ms total 57.989ms
08-03 23:47:45.468 10238 10250 I art     : Starting a blocking GC Explicit
08-03 23:47:45.527 10238 10250 I art     : Explicit concurrent mark sweep GC freed 143(3KB) AllocSpace objects, 0(0B) LOS objects, 8% free, 183MB/199MB, paused 1.316ms total 58.204ms
08-03 23:47:45.637 18789 18839 I Finsky  : [5531] ktr.run(-1): Stats for Executor: bgExecutor kvs@8658af8[Running, pool size = 4, active threads = 0, queued tasks = 0, completed tasks = 993]
08-03 23:47:45.766 12503 12503 D AndroidRuntime: >>>>>> START com.android.internal.os.RuntimeInit uid 2000 <<<<<<
08-03 23:47:45.772 12503 12503 D AndroidRuntime: CheckJNI is OFF
08-03 23:47:45.812 12503 12503 D ICU     : No timezone override file found: /data/misc/zoneinfo/current/icu/icu_tzdata.dat
08-03 23:47:45.854 12503 12503 I Radio-JNI: register_android_hardware_Radio DONE
08-03 23:47:45.883 12503 12503 D AndroidRuntime: Calling main entry com.android.commands.input.Input
08-03 23:47:45.886 12503 12503 I Input   : injectMotionEvent: MotionEvent { action=ACTION_DOWN, actionButton=0, id[0]=0, x[0]=117.0, y[0]=170.0, toolType[0]=TOOL_TYPE_UNKNOWN, buttonState=0, metaState=0, flags=0x0, edgeFlags=0x0, pointerCount=1, historySize=0, eventTime=661682298, downTime=661682298, deviceId=0, source=0x1002 }
08-03 23:47:45.890 12503 12503 I Input   : injectMotionEvent: MotionEvent { action=ACTION_UP, actionButton=0, id[0]=0, x[0]=117.0, y[0]=170.0, toolType[0]=TOOL_TYPE_UNKNOWN, buttonState=0, metaState=0, flags=0x0, edgeFlags=0x0, pointerCount=1, historySize=0, eventTime=661682298, downTime=661682298, deviceId=0, source=0x1002 }
08-03 23:47:45.892 12503 12503 D AndroidRuntime: Shutting down VM
08-03 23:47:45.898   512  2967 D audio_hw_primary: out_set_parameters: enter: usecase(1: low-latency-playback) kvpairs: routing=2
08-03 23:47:45.911   512  2967 D audio_hw_primary: select_devices: out_snd_device(2: speaker) in_snd_device(0: none)
08-03 23:47:45.911   512  2967 D msm8974_platform: platform_send_audio_calibration: sending audio calibration for snd_device(2) acdb_id(15)
08-03 23:47:45.911   512  2967 I soundtrigger: audio_extn_sound_trigger_update_device_status: device 0x2 of type 0 for Event 1
08-03 23:47:45.922   512  2967 D audio_hw_primary: enable_snd_device: snd_device(2: speaker)
08-03 23:47:45.924   512  2967 D audio_hw_primary: enable_audio_route: apply and update mixer path: low-latency-playback speaker
08-03 23:47:45.953 10238 10249 I art     : Starting a blocking GC Explicit
08-03 23:47:46.009 10238 10249 I art     : Explicit concurrent mark sweep GC freed 2736(125KB) AllocSpace objects, 2(52KB) LOS objects, 7% free, 184MB/200MB, paused 1.300ms total 55.319ms
08-03 23:47:46.029 10238 10249 I art     : Starting a blocking GC Explicit
08-03 23:47:46.086 10238 10249 I art     : Explicit concurrent mark sweep GC freed 176(3KB) AllocSpace objects, 0(0B) LOS objects, 7% free, 184MB/200MB, paused 1.394ms total 56.958ms
08-03 23:47:46.105 10238 10249 I art     : Starting a blocking GC Explicit
08-03 23:47:46.155 10238 10249 I art     : Explicit concurrent mark sweep GC freed 107(1952B) AllocSpace objects, 0(0B) LOS objects, 7% free, 184MB/200MB, paused 1.207ms total 49.772ms
08-03 23:47:46.174 10238 10249 I art     : Starting a blocking GC Explicit
08-03 23:47:46.224 10238 10249 I art     : Explicit concurrent mark sweep GC freed 101(1760B) AllocSpace objects, 0(0B) LOS objects, 7% free, 184MB/200MB, paused 1.274ms total 49.448ms
08-03 23:47:46.243 10238 10249 I art     : Starting a blocking GC Explicit
08-03 23:47:46.294 10238 10249 I art     : Explicit concurrent mark sweep GC freed 99(1696B) AllocSpace objects, 0(0B) LOS objects, 7% free, 184MB/200MB, paused 1.152ms total 50.462ms
08-03 23:47:46.458   512  2967 D audio_hw_primary: disable_audio_route: reset and update mixer path: low-latency-playback speaker
08-03 23:47:46.460   512  2967 D audio_hw_primary: disable_snd_device: snd_device(2: speaker)
08-03 23:47:46.468   512  2967 I soundtrigger: audio_extn_sound_trigger_update_device_status: device 0x2 of type 0 for Event 0
08-03 23:47:46.645 12526 12526 D AndroidRuntime: >>>>>> START com.android.internal.os.RuntimeInit uid 2000 <<<<<<
08-03 23:47:46.651 12526 12526 D AndroidRuntime: CheckJNI is OFF
08-03 23:47:46.683 10238 10640 I art     : Starting a blocking GC Explicit
08-03 23:47:46.695 12526 12526 D ICU     : No timezone override file found: /data/misc/zoneinfo/current/icu/icu_tzdata.dat
08-03 23:47:46.737 12526 12526 I Radio-JNI: register_android_hardware_Radio DONE
08-03 23:47:46.739 10238 10640 I art     : Explicit concurrent mark sweep GC freed 2303(105KB) AllocSpace objects, 2(52KB) LOS objects, 7% free, 184MB/200MB, paused 1.373ms total 54.915ms
08-03 23:47:46.757 10238 10640 I art     : Starting a blocking GC Explicit
08-03 23:47:46.768 12526 12526 D AndroidRuntime: Calling main entry com.android.commands.input.Input
08-03 23:47:46.770 12526 12526 I Input   : injectMotionEvent: MotionEvent { action=ACTION_DOWN, actionButton=0, id[0]=0, x[0]=355.0, y[0]=1674.0, toolType[0]=TOOL_TYPE_UNKNOWN, buttonState=0, metaState=0, flags=0x0, edgeFlags=0x0, pointerCount=1, historySize=0, eventTime=661683182, downTime=661683182, deviceId=0, source=0x1002 }
08-03 23:47:46.773 12526 12526 I Input   : injectMotionEvent: MotionEvent { action=ACTION_UP, actionButton=0, id[0]=0, x[0]=355.0, y[0]=1674.0, toolType[0]=TOOL_TYPE_UNKNOWN, buttonState=0, metaState=0, flags=0x0, edgeFlags=0x0, pointerCount=1, historySize=0, eventTime=661683182, downTime=661683182, deviceId=0, source=0x1002 }
08-03 23:47:46.775 12526 12526 D AndroidRuntime: Shutting down VM
08-03 23:47:46.783   512  2967 D audio_hw_primary: out_set_parameters: enter: usecase(1: low-latency-playback) kvpairs: routing=2
08-03 23:47:46.794 10238 10238 V MainActivity: url = https://project-travel-mate.herokuapp.com/api/number-of-unread-notifications
08-03 23:47:46.796   512  2967 D audio_hw_primary: select_devices: out_snd_device(2: speaker) in_snd_device(0: none)
08-03 23:47:46.796   512  2967 D msm8974_platform: platform_send_audio_calibration: sending audio calibration for snd_device(2) acdb_id(15)
08-03 23:47:46.797   512  2967 I soundtrigger: audio_extn_sound_trigger_update_device_status: device 0x2 of type 0 for Event 1
08-03 23:47:46.806   512  2967 D audio_hw_primary: enable_snd_device: snd_device(2: speaker)
08-03 23:47:46.808   512  2967 D audio_hw_primary: enable_audio_route: apply and update mixer path: low-latency-playback speaker
08-03 23:47:46.812 10238 10640 I art     : Explicit concurrent mark sweep GC freed 792(31KB) AllocSpace objects, 0(0B) LOS objects, 7% free, 184MB/200MB, paused 1.739ms total 54.413ms
08-03 23:47:46.830 10238 10640 I art     : Starting a blocking GC Explicit
08-03 23:47:46.849   512  2967 D AudioFlinger: mixer(0xf4740000) throttle end: throttle time(12)
08-03 23:47:46.885 10238 10640 I art     : Explicit concurrent mark sweep GC freed 1484(50KB) AllocSpace objects, 0(0B) LOS objects, 7% free, 184MB/200MB, paused 1.300ms total 54.337ms
08-03 23:47:46.915 10238 10640 I art     : Starting a blocking GC Explicit
08-03 23:47:46.966 10238 10640 I art     : Explicit concurrent mark sweep GC freed 2388(199KB) AllocSpace objects, 0(0B) LOS objects, 7% free, 184MB/200MB, paused 1.445ms total 50.800ms
08-03 23:47:46.985 10238 10640 I art     : Starting a blocking GC Explicit
08-03 23:47:47.037 10238 10640 I art     : Explicit concurrent mark sweep GC freed 14(672B) AllocSpace objects, 9(252KB) LOS objects, 7% free, 184MB/200MB, paused 1.133ms total 51.041ms
08-03 23:47:47.328   512  2967 D audio_hw_primary: disable_audio_route: reset and update mixer path: low-latency-playback speaker
08-03 23:47:47.330   512  2967 D audio_hw_primary: disable_snd_device: snd_device(2: speaker)
08-03 23:47:47.338   512  2967 I soundtrigger: audio_extn_sound_trigger_update_device_status: device 0x2 of type 0 for Event 0
08-03 23:47:47.377 10238 12548 I NAPPA_EXPERIMENTATION: MetricNetworkRequestExecutionTime: REQUEST_DURATION_SYSTEM='581',REQUEST_DURATION_OKHTTP='30',REQUEST_SYNCHRONOUS='FALSE',RESPONSE_CODE='200',RESPONSE_METHOD='GET',RESPONSE_LENGTH_OKHTTP='36',RESPONSE_LENGTH_HEADER='36',REQUEST_PROTOCOL='http/1.1',REQUEST_URL='https://project-travel-mate.herokuapp.com/api/number-of-unread-notifications',
08-03 23:47:47.422 10238 10250 I art     : Starting a blocking GC Explicit
08-03 23:47:47.493 10238 10250 I art     : Explicit concurrent mark sweep GC freed 4459(242KB) AllocSpace objects, 5(248KB) LOS objects, 7% free, 184MB/200MB, paused 1.378ms total 70.012ms
08-03 23:47:47.515 10238 10250 I art     : Starting a blocking GC Explicit
08-03 23:47:47.572 10238 10250 I art     : Explicit concurrent mark sweep GC freed 963(117KB) AllocSpace objects, 0(0B) LOS objects, 7% free, 184MB/200MB, paused 1.293ms total 56.476ms
08-03 23:47:47.591 10238 10250 I art     : Starting a blocking GC Explicit
08-03 23:47:47.649 10238 10250 I art     : Explicit concurrent mark sweep GC freed 3(96B) AllocSpace objects, 0(0B) LOS objects, 7% free, 184MB/200MB, paused 1.320ms total 57.478ms
08-03 23:47:47.672 10238 10250 I art     : Starting a blocking GC Explicit
08-03 23:47:47.731 10238 10250 I art     : Explicit concurrent mark sweep GC freed 3(96B) AllocSpace objects, 0(0B) LOS objects, 7% free, 184MB/200MB, paused 1.372ms total 59.499ms
08-03 23:47:47.755 10238 10250 I art     : Starting a blocking GC Explicit
08-03 23:47:47.812 10238 10250 I art     : Explicit concurrent mark sweep GC freed 3(96B) AllocSpace objects, 0(0B) LOS objects, 7% free, 184MB/200MB, paused 1.195ms total 56.746ms
08-03 23:47:47.987  6583  6583 I Atfwd_Sendcmd: AtCmdFwd service not ready - Exhausted retry attempts - :6
08-03 23:47:47.987  6583  6583 I Atfwd_Daemon: result : -1 	 ,Init step :2 	 ,qmiErrorCode: 0
08-03 23:47:48.225 10238 10258 I art     : Starting a blocking GC Explicit
08-03 23:47:48.305 10238 10258 I art     : Explicit concurrent mark sweep GC freed 1586(92KB) AllocSpace objects, 2(48KB) LOS objects, 7% free, 184MB/200MB, paused 1.563ms total 79.735ms
08-03 23:47:48.327 10238 10258 I art     : Starting a blocking GC Explicit
08-03 23:47:48.385 10238 10258 I art     : Explicit concurrent mark sweep GC freed 28(1024B) AllocSpace objects, 0(0B) LOS objects, 7% free, 184MB/200MB, paused 1.239ms total 57.560ms
08-03 23:47:48.404 10238 10258 I art     : Starting a blocking GC Explicit
08-03 23:47:48.475 10238 10258 I art     : Explicit concurrent mark sweep GC freed 12(384B) AllocSpace objects, 0(0B) LOS objects, 7% free, 184MB/200MB, paused 1.289ms total 70.949ms
08-03 23:47:48.495 10238 10258 I art     : Starting a blocking GC Explicit
08-03 23:47:48.550 10238 10258 I art     : Explicit concurrent mark sweep GC freed 56(1904B) AllocSpace objects, 0(0B) LOS objects, 7% free, 184MB/200MB, paused 1.817ms total 55.644ms
08-03 23:47:48.571 10238 10258 I art     : Starting a blocking GC Explicit
08-03 23:47:48.633 10238 10258 I art     : Explicit concurrent mark sweep GC freed 22(928B) AllocSpace objects, 0(0B) LOS objects, 7% free, 184MB/200MB, paused 1.254ms total 61.260ms
08-03 23:47:49.085 10238 10249 I art     : Starting a blocking GC Explicit
08-03 23:47:49.147 10238 10249 I art     : Explicit concurrent mark sweep GC freed 1589(92KB) AllocSpace objects, 2(48KB) LOS objects, 7% free, 184MB/200MB, paused 1.247ms total 61.503ms
08-03 23:47:49.166 10238 10249 I art     : Starting a blocking GC Explicit
08-03 23:47:49.225 10238 10249 I art     : Explicit concurrent mark sweep GC freed 28(1024B) AllocSpace objects, 0(0B) LOS objects, 7% free, 184MB/200MB, paused 1.459ms total 58.699ms
08-03 23:47:49.245 10238 10249 I art     : Starting a blocking GC Explicit
08-03 23:47:49.303 10238 10249 I art     : Explicit concurrent mark sweep GC freed 3(96B) AllocSpace objects, 0(0B) LOS objects, 7% free, 184MB/200MB, paused 1.301ms total 58.504ms
08-03 23:47:49.323 10238 10249 I art     : Starting a blocking GC Explicit
08-03 23:47:49.381 10238 10249 I art     : Explicit concurrent mark sweep GC freed 3(96B) AllocSpace objects, 0(0B) LOS objects, 7% free, 184MB/200MB, paused 1.272ms total 57.476ms
08-03 23:47:49.400 10238 10249 I art     : Starting a blocking GC Explicit
08-03 23:47:49.461 10238 10249 I art     : Explicit concurrent mark sweep GC freed 3(96B) AllocSpace objects, 0(0B) LOS objects, 7% free, 184MB/200MB, paused 1.338ms total 60.802ms
08-03 23:47:49.595 12580 12580 D AndroidRuntime: >>>>>> START com.android.internal.os.RuntimeInit uid 2000 <<<<<<
08-03 23:47:49.602 12580 12580 D AndroidRuntime: CheckJNI is OFF
08-03 23:47:49.646 12580 12580 D ICU     : No timezone override file found: /data/misc/zoneinfo/current/icu/icu_tzdata.dat
08-03 23:47:49.688 12580 12580 I Radio-JNI: register_android_hardware_Radio DONE
08-03 23:47:49.717 12580 12580 D AndroidRuntime: Calling main entry com.android.commands.input.Input
08-03 23:47:49.719 12580 12580 I Input   : injectMotionEvent: MotionEvent { action=ACTION_DOWN, actionButton=0, id[0]=0, x[0]=747.0, y[0]=608.0, toolType[0]=TOOL_TYPE_UNKNOWN, buttonState=0, metaState=0, flags=0x0, edgeFlags=0x0, pointerCount=1, historySize=0, eventTime=661686132, downTime=661686132, deviceId=0, source=0x1002 }
08-03 23:47:49.724 12580 12580 I Input   : injectMotionEvent: MotionEvent { action=ACTION_UP, actionButton=0, id[0]=0, x[0]=747.0, y[0]=608.0, toolType[0]=TOOL_TYPE_UNKNOWN, buttonState=0, metaState=0, flags=0x0, edgeFlags=0x0, pointerCount=1, historySize=0, eventTime=661686132, downTime=661686132, deviceId=0, source=0x1002 }
08-03 23:47:49.726 12580 12580 D AndroidRuntime: Shutting down VM
08-03 23:47:49.726   918  4413 I ActivityManager: START u0 {cmp=baseline.io.github.project_travel_mate/.utilities.ChecklistActivity} from uid 10650 on display 0
08-03 23:47:49.729   512  2967 D audio_hw_primary: out_set_parameters: enter: usecase(1: low-latency-playback) kvpairs: routing=2
08-03 23:47:49.742   512  2967 D audio_hw_primary: select_devices: out_snd_device(2: speaker) in_snd_device(0: none)
08-03 23:47:49.742   512  2967 D msm8974_platform: platform_send_audio_calibration: sending audio calibration for snd_device(2) acdb_id(15)
08-03 23:47:49.742   512  2967 I soundtrigger: audio_extn_sound_trigger_update_device_status: device 0x2 of type 0 for Event 1
08-03 23:47:49.754   512  2967 D audio_hw_primary: enable_snd_device: snd_device(2: speaker)
08-03 23:47:49.756   512  2967 D audio_hw_primary: enable_audio_route: apply and update mixer path: low-latency-playback speaker
08-03 23:47:49.824   918   936 I ActivityManager: Displayed baseline.io.github.project_travel_mate/.utilities.ChecklistActivity: +86ms
08-03 23:47:49.824 13866 13866 I GoogleInputMethodServic: GoogleInputMethodService.onFinishInput():3138 
08-03 23:47:49.825 13866 13866 I GoogleInputMethodServic: GoogleInputMethodService.onStartInput():1808 
08-03 23:47:49.890 10238 10258 I art     : Starting a blocking GC Explicit
08-03 23:47:49.945 10238 10258 I art     : Explicit concurrent mark sweep GC freed 2529(147KB) AllocSpace objects, 2(48KB) LOS objects, 7% free, 184MB/200MB, paused 1.247ms total 54.293ms
08-03 23:47:49.966 10238 10258 I art     : Starting a blocking GC Explicit
08-03 23:47:50.030 10238 10258 I art     : Explicit concurrent mark sweep GC freed 335(14KB) AllocSpace objects, 0(0B) LOS objects, 7% free, 184MB/200MB, paused 1.357ms total 64.157ms
08-03 23:47:50.052 10238 10258 I art     : Starting a blocking GC Explicit
08-03 23:47:50.081   380   380 W SurfaceFlinger: couldn't log to binary event log: overflow.
08-03 23:47:50.110 10238 10258 I art     : Explicit concurrent mark sweep GC freed 13(640B) AllocSpace objects, 0(0B) LOS objects, 7% free, 184MB/200MB, paused 1.188ms total 58.188ms
08-03 23:47:50.128 10238 10258 I art     : Starting a blocking GC Explicit
08-03 23:47:50.177 10238 10258 I art     : Explicit concurrent mark sweep GC freed 3(96B) AllocSpace objects, 0(0B) LOS objects, 7% free, 184MB/200MB, paused 1.221ms total 49.049ms
08-03 23:47:50.196 10238 10258 I art     : Starting a blocking GC Explicit
08-03 23:47:50.250 10238 10258 I art     : Explicit concurrent mark sweep GC freed 55(1728B) AllocSpace objects, 0(0B) LOS objects, 7% free, 184MB/200MB, paused 1.302ms total 53.429ms
08-03 23:47:50.288   512  2967 D audio_hw_primary: disable_audio_route: reset and update mixer path: low-latency-playback speaker
08-03 23:47:50.290   512  2967 D audio_hw_primary: disable_snd_device: snd_device(2: speaker)
08-03 23:47:50.297   512  2967 I soundtrigger: audio_extn_sound_trigger_update_device_status: device 0x2 of type 0 for Event 0
08-03 23:47:50.667 10238 10249 I art     : Starting a blocking GC Explicit
08-03 23:47:50.738 10238 10249 I art     : Explicit concurrent mark sweep GC freed 1631(93KB) AllocSpace objects, 2(48KB) LOS objects, 7% free, 184MB/200MB, paused 1.382ms total 70.674ms
08-03 23:47:50.760 10238 10249 I art     : Starting a blocking GC Explicit
08-03 23:47:50.817 10238 10249 I art     : Explicit concurrent mark sweep GC freed 28(1024B) AllocSpace objects, 0(0B) LOS objects, 7% free, 184MB/200MB, paused 1.372ms total 56.767ms
08-03 23:47:50.836 10238 10249 I art     : Starting a blocking GC Explicit
08-03 23:47:50.897 10238 10249 I art     : Explicit concurrent mark sweep GC freed 3(96B) AllocSpace objects, 0(0B) LOS objects, 7% free, 184MB/200MB, paused 1.398ms total 60.471ms
08-03 23:47:50.920 10238 10249 I art     : Starting a blocking GC Explicit
08-03 23:47:50.982 10238 10249 I art     : Explicit concurrent mark sweep GC freed 3(96B) AllocSpace objects, 0(0B) LOS objects, 7% free, 184MB/200MB, paused 1.403ms total 62.270ms
08-03 23:47:51.005 10238 10249 I art     : Starting a blocking GC Explicit
08-03 23:47:51.064 10238 10249 I art     : Explicit concurrent mark sweep GC freed 3(96B) AllocSpace objects, 0(0B) LOS objects, 7% free, 184MB/200MB, paused 1.289ms total 58.281ms
08-03 23:47:51.475 10238 10640 I art     : Starting a blocking GC Explicit
08-03 23:47:51.559 10238 10640 I art     : Explicit concurrent mark sweep GC freed 1648(94KB) AllocSpace objects, 2(48KB) LOS objects, 7% free, 184MB/200MB, paused 1.633ms total 83.546ms
08-03 23:47:51.582 10238 10640 I art     : Starting a blocking GC Explicit
08-03 23:47:51.650 10238 10640 I art     : Explicit concurrent mark sweep GC freed 52(2000B) AllocSpace objects, 0(0B) LOS objects, 7% free, 184MB/200MB, paused 1.407ms total 67.179ms
08-03 23:47:51.670 10238 10640 I art     : Starting a blocking GC Explicit
08-03 23:47:51.736 10238 10640 I art     : Explicit concurrent mark sweep GC freed 3(96B) AllocSpace objects, 0(0B) LOS objects, 7% free, 184MB/200MB, paused 1.349ms total 65.624ms
08-03 23:47:51.758 10238 10640 I art     : Starting a blocking GC Explicit
08-03 23:47:51.829 10238 10640 I art     : Explicit concurrent mark sweep GC freed 3(96B) AllocSpace objects, 0(0B) LOS objects, 7% free, 184MB/200MB, paused 1.527ms total 70.272ms
08-03 23:47:51.851 10238 10640 I art     : Starting a blocking GC Explicit
08-03 23:47:51.915 10238 10640 I art     : Explicit concurrent mark sweep GC freed 3(96B) AllocSpace objects, 0(0B) LOS objects, 7% free, 184MB/200MB, paused 1.379ms total 64.433ms
08-03 23:47:52.348 10238 10250 I art     : Starting a blocking GC Explicit
08-03 23:47:52.425 10238 10250 I art     : Explicit concurrent mark sweep GC freed 1586(92KB) AllocSpace objects, 2(48KB) LOS objects, 7% free, 184MB/200MB, paused 1.433ms total 76.090ms
08-03 23:47:52.446 10238 10250 I art     : Starting a blocking GC Explicit
08-03 23:47:52.509 10238 10250 I art     : Explicit concurrent mark sweep GC freed 65(2016B) AllocSpace objects, 0(0B) LOS objects, 7% free, 184MB/200MB, paused 1.430ms total 62.261ms
08-03 23:47:52.529 10238 10250 I art     : Starting a blocking GC Explicit
08-03 23:47:52.596 10238 10250 I art     : Explicit concurrent mark sweep GC freed 3(96B) AllocSpace objects, 0(0B) LOS objects, 7% free, 184MB/200MB, paused 1.368ms total 67.114ms
08-03 23:47:52.618 10238 10250 I art     : Starting a blocking GC Explicit
08-03 23:47:52.684 10238 10250 I art     : Explicit concurrent mark sweep GC freed 3(96B) AllocSpace objects, 0(0B) LOS objects, 7% free, 184MB/200MB, paused 1.344ms total 64.856ms
08-03 23:47:52.703 10238 10250 I art     : Starting a blocking GC Explicit
08-03 23:47:52.717   918  3261 D WifiStateMachine: starting scan for "H369AA63323"WPA_PSK with 2412,5180
08-03 23:47:52.762 10238 10250 I art     : Explicit concurrent mark sweep GC freed 3(96B) AllocSpace objects, 0(0B) LOS objects, 7% free, 184MB/200MB, paused 1.352ms total 58.631ms
08-03 23:47:53.180 10238 10258 I art     : Starting a blocking GC Explicit
08-03 23:47:53.257 10238 10258 I art     : Explicit concurrent mark sweep GC freed 1596(92KB) AllocSpace objects, 2(48KB) LOS objects, 7% free, 184MB/200MB, paused 1.244ms total 77.368ms
08-03 23:47:53.279 10238 10258 I art     : Starting a blocking GC Explicit
08-03 23:47:53.344 10238 10258 I art     : Explicit concurrent mark sweep GC freed 38(1568B) AllocSpace objects, 0(0B) LOS objects, 7% free, 184MB/200MB, paused 1.317ms total 64.592ms
08-03 23:47:53.344 10238 10248 I art     : WaitForGcToComplete blocked for 38.113ms for cause HeapTrim
08-03 23:47:53.363 10238 10258 I art     : Starting a blocking GC Explicit
08-03 23:47:53.433 10238 10258 I art     : Explicit concurrent mark sweep GC freed 3(96B) AllocSpace objects, 0(0B) LOS objects, 7% free, 184MB/200MB, paused 1.428ms total 69.351ms
08-03 23:47:53.455 10238 10258 I art     : Starting a blocking GC Explicit
08-03 23:47:53.522 10238 10258 I art     : Explicit concurrent mark sweep GC freed 40(1088B) AllocSpace objects, 0(0B) LOS objects, 7% free, 184MB/200MB, paused 1.765ms total 66.661ms
08-03 23:47:53.544 10238 10258 I art     : Starting a blocking GC Explicit
08-03 23:47:53.613 10238 10258 I art     : Explicit concurrent mark sweep GC freed 3(96B) AllocSpace objects, 0(0B) LOS objects, 7% free, 184MB/200MB, paused 1.420ms total 69.249ms
08-03 23:47:54.045 10238 10249 I art     : Starting a blocking GC Explicit
08-03 23:47:54.103 10238 10249 I art     : Explicit concurrent mark sweep GC freed 1586(92KB) AllocSpace objects, 2(48KB) LOS objects, 7% free, 184MB/200MB, paused 1.314ms total 57.425ms
08-03 23:47:54.122 10238 10249 I art     : Starting a blocking GC Explicit
08-03 23:47:54.178 10238 10249 I art     : Explicit concurrent mark sweep GC freed 28(1024B) AllocSpace objects, 0(0B) LOS objects, 7% free, 184MB/200MB, paused 1.455ms total 55.726ms
08-03 23:47:54.197 10238 10249 I art     : Starting a blocking GC Explicit
08-03 23:47:54.256 10238 10249 I art     : Explicit concurrent mark sweep GC freed 3(96B) AllocSpace objects, 0(0B) LOS objects, 7% free, 184MB/200MB, paused 1.318ms total 58.543ms
08-03 23:47:54.275 10238 10249 I art     : Starting a blocking GC Explicit
08-03 23:47:54.334 10238 10249 I art     : Explicit concurrent mark sweep GC freed 3(96B) AllocSpace objects, 0(0B) LOS objects, 7% free, 184MB/200MB, paused 1.402ms total 58.191ms
08-03 23:47:54.353 10238 10249 I art     : Starting a blocking GC Explicit
08-03 23:47:54.413 10238 10249 I art     : Explicit concurrent mark sweep GC freed 3(96B) AllocSpace objects, 0(0B) LOS objects, 7% free, 184MB/200MB, paused 1.312ms total 59.490ms
08-03 23:47:54.554 12670 12670 D AndroidRuntime: >>>>>> START com.android.internal.os.RuntimeInit uid 2000 <<<<<<
08-03 23:47:54.562 12670 12670 D AndroidRuntime: CheckJNI is OFF
08-03 23:47:54.609 12670 12670 D ICU     : No timezone override file found: /data/misc/zoneinfo/current/icu/icu_tzdata.dat
08-03 23:47:54.650 12670 12670 I Radio-JNI: register_android_hardware_Radio DONE
08-03 23:47:54.680 12670 12670 D AndroidRuntime: Calling main entry com.android.commands.input.Input
08-03 23:47:54.682 12670 12670 I Input   : injectKeyEvent: KeyEvent { action=ACTION_DOWN, keyCode=KEYCODE_BACK, scanCode=0, metaState=0, flags=0x0, repeatCount=0, eventTime=661691095, downTime=661691095, deviceId=-1, source=0x101 }
08-03 23:47:54.687 12670 12670 I Input   : injectKeyEvent: KeyEvent { action=ACTION_UP, keyCode=KEYCODE_BACK, scanCode=0, metaState=0, flags=0x0, repeatCount=0, eventTime=661691095, downTime=661691095, deviceId=-1, source=0x101 }
08-03 23:47:54.692 12670 12670 D AndroidRuntime: Shutting down VM
08-03 23:47:54.701 10238 10238 V MainActivity: url = https://project-travel-mate.herokuapp.com/api/number-of-unread-notifications
08-03 23:47:54.737 13866 13866 I GoogleInputMethodServic: GoogleInputMethodService.onFinishInput():3138 
08-03 23:47:54.737 13866 13866 I GoogleInputMethodServic: GoogleInputMethodService.onStartInput():1808 
08-03 23:47:54.831 10238 10250 I art     : Starting a blocking GC Explicit
08-03 23:47:54.904 10238 10250 I art     : Explicit concurrent mark sweep GC freed 2133(116KB) AllocSpace objects, 2(48KB) LOS objects, 7% free, 184MB/200MB, paused 1.459ms total 72.270ms
08-03 23:47:54.928 10238 10250 I art     : Starting a blocking GC Explicit
08-03 23:47:54.997 10238 10250 I art     : Explicit concurrent mark sweep GC freed 107(4KB) AllocSpace objects, 0(0B) LOS objects, 7% free, 184MB/200MB, paused 1.529ms total 68.216ms
08-03 23:47:55.017 10238 10250 I art     : Starting a blocking GC Explicit
08-03 23:47:55.036   380   380 W SurfaceFlinger: couldn't log to binary event log: overflow.
08-03 23:47:55.070 10238 10250 I art     : Explicit concurrent mark sweep GC freed 413(18KB) AllocSpace objects, 0(0B) LOS objects, 7% free, 184MB/200MB, paused 1.461ms total 52.676ms
08-03 23:47:55.088 10238 10250 I art     : Starting a blocking GC Explicit
08-03 23:47:55.144 10238 10250 I art     : Explicit concurrent mark sweep GC freed 11(432B) AllocSpace objects, 0(0B) LOS objects, 7% free, 184MB/200MB, paused 1.333ms total 55.332ms
08-03 23:47:55.163 10238 10250 I art     : Starting a blocking GC Explicit
08-03 23:47:55.223 10238 10250 I art     : Explicit concurrent mark sweep GC freed 1246(82KB) AllocSpace objects, 2(120KB) LOS objects, 7% free, 184MB/200MB, paused 1.970ms total 59.739ms
08-03 23:47:55.268 10238 12693 I NAPPA_EXPERIMENTATION: MetricNetworkRequestExecutionTime: REQUEST_DURATION_SYSTEM='566',REQUEST_DURATION_OKHTTP='32',REQUEST_SYNCHRONOUS='FALSE',RESPONSE_CODE='200',RESPONSE_METHOD='GET',RESPONSE_LENGTH_OKHTTP='36',RESPONSE_LENGTH_HEADER='36',REQUEST_PROTOCOL='http/1.1',REQUEST_URL='https://project-travel-mate.herokuapp.com/api/number-of-unread-notifications',
08-03 23:47:55.333   518   646 I ThermalEngine: ACTION: GPU - Setting GPU[0] to 510000000
08-03 23:47:55.642 10238 10258 I art     : Starting a blocking GC Explicit
08-03 23:47:55.715 10238 10258 I art     : Explicit concurrent mark sweep GC freed 4189(277KB) AllocSpace objects, 3(128KB) LOS objects, 7% free, 184MB/200MB, paused 1.429ms total 72.315ms
08-03 23:47:55.738 10238 10258 I art     : Starting a blocking GC Explicit
08-03 23:47:55.796 10238 10258 I art     : Explicit concurrent mark sweep GC freed 86(5KB) AllocSpace objects, 0(0B) LOS objects, 7% free, 184MB/200MB, paused 1.341ms total 57.616ms
08-03 23:47:55.816 10238 10258 I art     : Starting a blocking GC Explicit
08-03 23:47:55.835   918  3188 I hubconnection: sensorhub said: 'set_bias 3: -5.9520, 0.0000, 0.0000'
08-03 23:47:55.875 10238 10258 I art     : Explicit concurrent mark sweep GC freed 3(96B) AllocSpace objects, 0(0B) LOS objects, 7% free, 184MB/200MB, paused 1.429ms total 59.040ms
08-03 23:47:55.898 10238 10258 I art     : Starting a blocking GC Explicit
08-03 23:47:55.955 10238 10258 I art     : Explicit concurrent mark sweep GC freed 14(720B) AllocSpace objects, 0(0B) LOS objects, 7% free, 184MB/200MB, paused 1.421ms total 57.127ms
08-03 23:47:55.975 10238 10258 I art     : Starting a blocking GC Explicit
08-03 23:47:56.030 10238 10258 I art     : Explicit concurrent mark sweep GC freed 14(672B) AllocSpace objects, 0(0B) LOS objects, 7% free, 184MB/200MB, paused 1.325ms total 55.485ms
08-03 23:47:56.415 10238 10258 I art     : Starting a blocking GC Explicit
08-03 23:47:56.452 12706 12706 D AndroidRuntime: >>>>>> START com.android.internal.os.RuntimeInit uid 2000 <<<<<<
08-03 23:47:56.459 12706 12706 D AndroidRuntime: CheckJNI is OFF
08-03 23:47:56.468 10238 10258 I art     : Explicit concurrent mark sweep GC freed 1603(92KB) AllocSpace objects, 2(48KB) LOS objects, 7% free, 184MB/200MB, paused 1.240ms total 52.820ms
08-03 23:47:56.486 10238 10258 I art     : Starting a blocking GC Explicit
08-03 23:47:56.498 12706 12706 D ICU     : No timezone override file found: /data/misc/zoneinfo/current/icu/icu_tzdata.dat
08-03 23:47:56.530 10238 10258 I art     : Explicit concurrent mark sweep GC freed 73(2272B) AllocSpace objects, 0(0B) LOS objects, 7% free, 184MB/200MB, paused 1.014ms total 43.166ms
08-03 23:47:56.531 12706 12706 I Radio-JNI: register_android_hardware_Radio DONE
08-03 23:47:56.545 10238 10258 I art     : Starting a blocking GC Explicit
08-03 23:47:56.555 12706 12706 D AndroidRuntime: Calling main entry com.android.commands.input.Input
08-03 23:47:56.556 12706 12706 I Input   : injectMotionEvent: MotionEvent { action=ACTION_DOWN, actionButton=0, id[0]=0, x[0]=657.0, y[0]=2037.0, toolType[0]=TOOL_TYPE_UNKNOWN, buttonState=0, metaState=0, flags=0x0, edgeFlags=0x0, pointerCount=1, historySize=0, eventTime=661692969, downTime=661692969, deviceId=0, source=0x1002 }
08-03 23:47:56.561 12706 12706 I Input   : injectMotionEvent: MotionEvent { action=ACTION_UP, actionButton=0, id[0]=0, x[0]=657.0, y[0]=2037.0, toolType[0]=TOOL_TYPE_UNKNOWN, buttonState=0, metaState=0, flags=0x0, edgeFlags=0x0, pointerCount=1, historySize=0, eventTime=661692969, downTime=661692969, deviceId=0, source=0x1002 }
08-03 23:47:56.563 12706 12706 D AndroidRuntime: Shutting down VM
08-03 23:47:56.572   918  4413 I ActivityManager: START u0 {cmp=baseline.io.github.project_travel_mate/.utilities.CompassActivity} from uid 10650 on display 0
08-03 23:47:56.576   512  2967 D audio_hw_primary: out_set_parameters: enter: usecase(1: low-latency-playback) kvpairs: routing=2
08-03 23:47:56.589 10238 10258 I art     : Explicit concurrent mark sweep GC freed 24(768B) AllocSpace objects, 0(0B) LOS objects, 7% free, 184MB/200MB, paused 888us total 44.082ms
08-03 23:47:56.589   512  2967 D audio_hw_primary: select_devices: out_snd_device(2: speaker) in_snd_device(0: none)
08-03 23:47:56.589   512  2967 D msm8974_platform: platform_send_audio_calibration: sending audio calibration for snd_device(2) acdb_id(15)
08-03 23:47:56.590   512  2967 I soundtrigger: audio_extn_sound_trigger_update_device_status: device 0x2 of type 0 for Event 1
08-03 23:47:56.600   512  2967 D audio_hw_primary: enable_snd_device: snd_device(2: speaker)
08-03 23:47:56.602   512  2967 D audio_hw_primary: enable_audio_route: apply and update mixer path: low-latency-playback speaker
08-03 23:47:56.604 10238 10258 I art     : Starting a blocking GC Explicit
08-03 23:47:56.644 10238 10258 I art     : Explicit concurrent mark sweep GC freed 307(32KB) AllocSpace objects, 0(0B) LOS objects, 7% free, 184MB/200MB, paused 1.004ms total 39.694ms
08-03 23:47:56.658 10238 10258 I art     : Waiting for a blocking GC Explicit
08-03 23:47:56.668 10238 10258 I art     : WaitForGcToComplete blocked for 10.234ms for cause Explicit
08-03 23:47:56.668 10238 10258 I art     : Starting a blocking GC Explicit
08-03 23:47:56.712 10238 10258 I art     : Explicit concurrent mark sweep GC freed 151(6KB) AllocSpace objects, 0(0B) LOS objects, 6% free, 233MB/249MB, paused 1.161ms total 43.422ms
08-03 23:47:56.712 10238 10248 I art     : WaitForGcToComplete blocked for 43.661ms for cause Background
08-03 23:47:56.993 10238 10238 D CompassActivity: start compass
08-03 23:47:56.994   918  6029 I sensors : batch
08-03 23:47:56.994   918  6029 I sensors : activate
08-03 23:47:56.994   918   928 I sensors : batch
08-03 23:47:56.995   918   928 I sensors : activate
08-03 23:47:57.001   918  3188 I hubconnection: sensorhub said: 'batch 1 flags:0, sampling_rate_Hz:50.00, max_report_latency_us:0'
08-03 23:47:57.002   918  3188 I hubconnection: sensorhub said: 'activate 1 enable:1'
08-03 23:47:57.003   918  3188 I hubconnection: sensorhub said: 'batch 3 flags:0, sampling_rate_Hz:50.00, max_report_latency_us:0'
08-03 23:47:57.004   918  3188 I hubconnection: sensorhub said: 'activate 3 enable:1'
08-03 23:47:57.030 10238 10250 I art     : Starting a blocking GC Explicit
08-03 23:47:57.053 13866 13866 I GoogleInputMethodServic: GoogleInputMethodService.onFinishInput():3138 
08-03 23:47:57.054 13866 13866 I GoogleInputMethodServic: GoogleInputMethodService.onStartInput():1808 
08-03 23:47:57.076 10238 10250 I art     : Explicit concurrent mark sweep GC freed 1800(101KB) AllocSpace objects, 2(48KB) LOS objects, 6% free, 236MB/252MB, paused 1.029ms total 45.210ms
08-03 23:47:57.090 10238 10250 I art     : Starting a blocking GC Explicit
08-03 23:47:57.133 10238 10250 I art     : Explicit concurrent mark sweep GC freed 68(2656B) AllocSpace objects, 0(0B) LOS objects, 6% free, 236MB/252MB, paused 1.154ms total 42.301ms
08-03 23:47:57.138   512  2967 D audio_hw_primary: disable_audio_route: reset and update mixer path: low-latency-playback speaker
08-03 23:47:57.139   512  2967 D audio_hw_primary: disable_snd_device: snd_device(2: speaker)
08-03 23:47:57.147   512  2967 I soundtrigger: audio_extn_sound_trigger_update_device_status: device 0x2 of type 0 for Event 0
08-03 23:47:57.153 10238 10250 I art     : Starting a blocking GC Explicit
08-03 23:47:57.158   918   936 I ActivityManager: Displayed baseline.io.github.project_travel_mate/.utilities.CompassActivity: +567ms
08-03 23:47:57.195 10238 10250 I art     : Explicit concurrent mark sweep GC freed 12(432B) AllocSpace objects, 0(0B) LOS objects, 6% free, 236MB/252MB, paused 1.404ms total 41.297ms
08-03 23:47:57.213 10238 10250 I art     : Starting a blocking GC Explicit
08-03 23:47:57.222 10238 10238 D CompassActivity: will set rotation from 0.0 to 178.36182
08-03 23:47:57.222 10238 10238 D CompassActivity: will set rotation from 178.36182 to 178.72363
08-03 23:47:57.223 10238 10238 D CompassActivity: will set rotation from 178.72363 to 178.71387
08-03 23:47:57.223 10238 10238 D CompassActivity: will set rotation from 178.71387 to 178.6289
08-03 23:47:57.223 10238 10238 D CompassActivity: will set rotation from 178.6289 to 178.61572
08-03 23:47:57.225 10238 10238 D CompassActivity: will set rotation from 178.61572 to 178.77112
08-03 23:47:57.225 10238 10238 D CompassActivity: will set rotation from 178.77112 to 178.76978
08-03 23:47:57.247 10238 10238 D CompassActivity: will set rotation from 178.76978 to 178.60162
08-03 23:47:57.247 10238 10238 D CompassActivity: will set rotation from 178.60162 to 178.60724
08-03 23:47:57.258 10238 10250 I art     : Explicit concurrent mark sweep GC freed 68(4KB) AllocSpace objects, 0(0B) LOS objects, 6% free, 236MB/252MB, paused 914us total 45.717ms
08-03 23:47:57.264 10238 10238 D CompassActivity: will set rotation from 178.60724 to 178.65088
08-03 23:47:57.265 10238 10238 D CompassActivity: will set rotation from 178.65088 to 178.66016
08-03 23:47:57.272 10238 10250 I art     : Starting a blocking GC Explicit
08-03 23:47:57.284 10238 10238 D CompassActivity: will set rotation from 178.66016 to 178.62268
08-03 23:47:57.285 10238 10238 D CompassActivity: will set rotation from 178.62268 to 178.62225
08-03 23:47:57.304 10238 10238 D CompassActivity: will set rotation from 178.62225 to 178.72064
08-03 23:47:57.304 10238 10238 D CompassActivity: will set rotation from 178.72064 to 178.72583
08-03 23:47:57.313 10238 10250 I art     : Explicit concurrent mark sweep GC freed 149(7KB) AllocSpace objects, 0(0B) LOS objects, 6% free, 236MB/252MB, paused 1.030ms total 40.736ms
08-03 23:47:57.325 10238 10238 D CompassActivity: will set rotation from 178.72583 to 178.80872
08-03 23:47:57.326 10238 10238 D CompassActivity: will set rotation from 178.80872 to 178.81085
08-03 23:47:57.338   518   646 I ThermalEngine: ACTION: GPU - Setting GPU[0] to 450000000
08-03 23:47:57.344 10238 10238 D CompassActivity: will set rotation from 178.81085 to 178.87329
08-03 23:47:57.345 10238 10238 D CompassActivity: will set rotation from 178.87329 to 178.87036
08-03 23:47:57.364 10238 10238 D CompassActivity: will set rotation from 178.87036 to 178.93536
08-03 23:47:57.364 10238 10238 D CompassActivity: will set rotation from 178.93536 to 178.9331
08-03 23:47:57.385 10238 10238 D CompassActivity: will set rotation from 178.9331 to 178.98792
08-03 23:47:57.385 10238 10238 D CompassActivity: will set rotation from 178.98792 to 178.99286
08-03 23:47:57.389   380   380 W SurfaceFlinger: couldn't log to binary event log: overflow.
08-03 23:47:57.406 10238 10238 D CompassActivity: will set rotation from 178.99286 to 179.07666
08-03 23:47:57.406 10238 10238 D CompassActivity: will set rotation from 179.07666 to 179.07733
08-03 23:47:57.424 10238 10238 D CompassActivity: will set rotation from 179.07733 to 179.15698
08-03 23:47:57.424 10238 10238 D CompassActivity: will set rotation from 179.15698 to 179.1565
08-03 23:47:57.443 10238 10238 D CompassActivity: will set rotation from 179.1565 to 179.29779
08-03 23:47:57.444 10238 10238 D CompassActivity: will set rotation from 179.29779 to 179.29602
08-03 23:47:57.464 10238 10238 D CompassActivity: will set rotation from 179.29602 to 179.37872
08-03 23:47:57.464 10238 10238 D CompassActivity: will set rotation from 179.37872 to 179.37732
08-03 23:47:57.484 10238 10238 D CompassActivity: will set rotation from 179.37732 to 179.4253
08-03 23:47:57.484 10238 10238 D CompassActivity: will set rotation from 179.4253 to 179.42212
08-03 23:47:57.503 10238 10238 D CompassActivity: will set rotation from 179.42212 to 179.42737
08-03 23:47:57.504 10238 10238 D CompassActivity: will set rotation from 179.42737 to 179.42139
08-03 23:47:57.611 10238 10238 D CompassActivity: will set rotation from 179.42139 to 179.42523
08-03 23:47:57.611 10238 10238 D CompassActivity: will set rotation from 179.42523 to 179.42548
08-03 23:47:57.611 10238 10238 D CompassActivity: will set rotation from 179.42548 to 179.45978
08-03 23:47:57.611 10238 10238 D CompassActivity: will set rotation from 179.45978 to 179.46179
08-03 23:47:57.611 10238 10238 D CompassActivity: will set rotation from 179.46179 to 179.49341
08-03 23:47:57.611 10238 10238 D CompassActivity: will set rotation from 179.49341 to 179.49225
08-03 23:47:57.611 10238 10238 D CompassActivity: will set rotation from 179.49225 to 179.52051
08-03 23:47:57.612 10238 10238 D CompassActivity: will set rotation from 179.52051 to 179.51971
08-03 23:47:57.612 10238 10238 D CompassActivity: will set rotation from 179.51971 to 179.51276
08-03 23:47:57.612 10238 10238 D CompassActivity: will set rotation from 179.51276 to 179.51276
08-03 23:47:57.624 10238 10238 D CompassActivity: will set rotation from 179.51276 to 179.47803
08-03 23:47:57.625 10238 10238 D CompassActivity: will set rotation from 179.47803 to 179.47412
08-03 23:47:57.643 10238 10238 D CompassActivity: will set rotation from 179.47412 to 179.44385
08-03 23:47:57.643 10238 10238 D CompassActivity: will set rotation from 179.44385 to 179.445
08-03 23:47:57.663 10238 10238 D CompassActivity: will set rotation from 179.445 to 179.39014
08-03 23:47:57.663 10238 10238 D CompassActivity: will set rotation from 179.39014 to 179.39185
08-03 23:47:57.683 10238 10238 D CompassActivity: will set rotation from 179.39185 to 179.34381
08-03 23:47:57.683 10238 10238 D CompassActivity: will set rotation from 179.34381 to 179.34308
08-03 23:47:57.703 10238 10238 D CompassActivity: will set rotation from 179.34308 to 179.3457
08-03 23:47:57.703 10238 10238 D CompassActivity: will set rotation from 179.3457 to 179.34473
08-03 23:47:57.705 10238 10250 I art     : Starting a blocking GC Explicit
08-03 23:47:57.724 10238 10238 D CompassActivity: will set rotation from 179.34473 to 179.30292
08-03 23:47:57.724 10238 10238 D CompassActivity: will set rotation from 179.30292 to 179.30212
08-03 23:47:57.743 10238 10238 D CompassActivity: will set rotation from 179.30212 to 179.28302
08-03 23:47:57.744 10238 10238 D CompassActivity: will set rotation from 179.28302 to 179.27948
08-03 23:47:57.760 10238 10250 I art     : Explicit concurrent mark sweep GC freed 2090(121KB) AllocSpace objects, 2(48KB) LOS objects, 6% free, 236MB/252MB, paused 1.205ms total 55.166ms
08-03 23:47:57.763 10238 10238 D CompassActivity: will set rotation from 179.27948 to 179.28748
08-03 23:47:57.763 10238 10238 D CompassActivity: will set rotation from 179.28748 to 179.28424
08-03 23:47:57.779 10238 10250 I art     : Starting a blocking GC Explicit
08-03 23:47:57.782 10238 10238 D CompassActivity: will set rotation from 179.28424 to 179.24567
08-03 23:47:57.783 10238 10238 D CompassActivity: will set rotation from 179.24567 to 179.24377
08-03 23:47:57.802 10238 10238 D CompassActivity: will set rotation from 179.24377 to 179.25104
08-03 23:47:57.803 10238 10238 D CompassActivity: will set rotation from 179.25104 to 179.2544
08-03 23:47:57.823 10238 10238 D CompassActivity: will set rotation from 179.2544 to 179.21765
08-03 23:47:57.824 10238 10238 D CompassActivity: will set rotation from 179.21765 to 179.2179
08-03 23:47:57.832 10238 10250 I art     : Explicit concurrent mark sweep GC freed 724(29KB) AllocSpace objects, 0(0B) LOS objects, 6% free, 236MB/252MB, paused 1.165ms total 52.432ms
08-03 23:47:57.842 10238 10238 D CompassActivity: will set rotation from 179.2179 to 179.20288
08-03 23:47:57.843 10238 10238 D CompassActivity: will set rotation from 179.20288 to 179.20251
08-03 23:47:57.852 10238 10250 I art     : Starting a blocking GC Explicit
08-03 23:47:57.862 10238 10238 D CompassActivity: will set rotation from 179.20251 to 179.18921
08-03 23:47:57.862 10238 10238 D CompassActivity: will set rotation from 179.18921 to 179.19238
08-03 23:47:57.882 10238 10238 D CompassActivity: will set rotation from 179.19238 to 179.1637
08-03 23:47:57.882 10238 10238 D CompassActivity: will set rotation from 179.1637 to 179.16315
08-03 23:47:57.902 10238 10238 D CompassActivity: will set rotation from 179.16315 to 179.1961
08-03 23:47:57.902 10238 10238 D CompassActivity: will set rotation from 179.1961 to 179.19476
08-03 23:47:57.905 10238 10250 I art     : Explicit concurrent mark sweep GC freed 159(7KB) AllocSpace objects, 0(0B) LOS objects, 6% free, 236MB/252MB, paused 1.264ms total 52.852ms
08-03 23:47:57.922 10238 10238 D CompassActivity: will set rotation from 179.19476 to 179.18372
08-03 23:47:57.924 10238 10238 D CompassActivity: will set rotation from 179.18372 to 179.18225
08-03 23:47:57.926 10238 10250 I art     : Starting a blocking GC Explicit
08-03 23:47:57.944 10238 10238 D CompassActivity: will set rotation from 179.18225 to 179.1936
08-03 23:47:57.945 10238 10238 D CompassActivity: will set rotation from 179.1936 to 179.19519
08-03 23:47:57.962 10238 10238 D CompassActivity: will set rotation from 179.19519 to 179.22717
08-03 23:47:57.962 10238 10238 D CompassActivity: will set rotation from 179.22717 to 179.22717
08-03 23:47:57.981 10238 10238 D CompassActivity: will set rotation from 179.22717 to 179.23584
08-03 23:47:57.982 10238 10238 D CompassActivity: will set rotation from 179.23584 to 179.23126
08-03 23:47:57.986 10238 10250 I art     : Explicit concurrent mark sweep GC freed 175(8KB) AllocSpace objects, 0(0B) LOS objects, 6% free, 236MB/252MB, paused 1.326ms total 60.235ms
08-03 23:47:58.002 10238 10238 D CompassActivity: will set rotation from 179.23126 to 179.21906
08-03 23:47:58.002 10238 10238 D CompassActivity: will set rotation from 179.21906 to 179.21875
08-03 23:47:58.008 10238 10250 I art     : Starting a blocking GC Explicit
08-03 23:47:58.022 10238 10238 D CompassActivity: will set rotation from 179.21875 to 179.26697
08-03 23:47:58.023 10238 10238 D CompassActivity: will set rotation from 179.26697 to 179.26764
08-03 23:47:58.043 10238 10238 D CompassActivity: will set rotation from 179.26764 to 179.27234
08-03 23:47:58.044 10238 10238 D CompassActivity: will set rotation from 179.27234 to 179.2713
08-03 23:47:58.064 10238 10238 D CompassActivity: will set rotation from 179.2713 to 179.29803
08-03 23:47:58.065 10238 10238 D CompassActivity: will set rotation from 179.29803 to 179.30054
08-03 23:47:58.077 10238 10250 I art     : Explicit concurrent mark sweep GC freed 175(8KB) AllocSpace objects, 0(0B) LOS objects, 6% free, 236MB/252MB, paused 1.649ms total 67.918ms
08-03 23:47:58.081 10238 10238 D CompassActivity: will set rotation from 179.30054 to 179.30493
08-03 23:47:58.082 10238 10238 D CompassActivity: will set rotation from 179.30493 to 179.30634
08-03 23:47:58.101 10238 10238 D CompassActivity: will set rotation from 179.30634 to 179.29138
08-03 23:47:58.102 10238 10238 D CompassActivity: will set rotation from 179.29138 to 179.2912
08-03 23:47:58.122 10238 10238 D CompassActivity: will set rotation from 179.2912 to 179.31592
08-03 23:47:58.122 10238 10238 D CompassActivity: will set rotation from 179.31592 to 179.31482
08-03 23:47:58.144 10238 10238 D CompassActivity: will set rotation from 179.31482 to 179.30139
08-03 23:47:58.145 10238 10238 D CompassActivity: will set rotation from 179.30139 to 179.30078
08-03 23:47:58.162 10238 10238 D CompassActivity: will set rotation from 179.30078 to 179.28876
08-03 23:47:58.162 10238 10238 D CompassActivity: will set rotation from 179.28876 to 179.28943
08-03 23:47:58.182 10238 10238 D CompassActivity: will set rotation from 179.28943 to 179.31506
08-03 23:47:58.184 10238 10238 D CompassActivity: will set rotation from 179.31506 to 179.31549
08-03 23:47:58.202 10238 10238 D CompassActivity: will set rotation from 179.31549 to 179.35773
08-03 23:47:58.202 10238 10238 D CompassActivity: will set rotation from 179.35773 to 179.35773
08-03 23:47:58.222 10238 10238 D CompassActivity: will set rotation from 179.35773 to 179.34253
08-03 23:47:58.223 10238 10238 D CompassActivity: will set rotation from 179.34253 to 179.34308
08-03 23:47:58.245 10238 10238 D CompassActivity: will set rotation from 179.34308 to 179.38293
08-03 23:47:58.245 10238 10238 D CompassActivity: will set rotation from 179.38293 to 179.38184
08-03 23:47:58.262 10238 10238 D CompassActivity: will set rotation from 179.38184 to 179.38257
08-03 23:47:58.262 10238 10238 D CompassActivity: will set rotation from 179.38257 to 179.38281
08-03 23:47:58.280 10238 10238 D CompassActivity: will set rotation from 179.38281 to 179.3678
08-03 23:47:58.281 10238 10238 D CompassActivity: will set rotation from 179.3678 to 179.36829
08-03 23:47:58.301 10238 10238 D CompassActivity: will set rotation from 179.36829 to 179.35352
08-03 23:47:58.302 10238 10238 D CompassActivity: will set rotation from 179.35352 to 179.35358
08-03 23:47:58.320 10238 10238 D CompassActivity: will set rotation from 179.35358 to 179.35712
08-03 23:47:58.321 10238 10238 D CompassActivity: will set rotation from 179.35712 to 179.35529
08-03 23:47:58.343 10238 10238 D CompassActivity: will set rotation from 179.35529 to 179.33948
08-03 23:47:58.344 10238 10238 D CompassActivity: will set rotation from 179.33948 to 179.3393
08-03 23:47:58.360 10238 10238 D CompassActivity: will set rotation from 179.3393 to 179.32416
08-03 23:47:58.360 10238 10238 D CompassActivity: will set rotation from 179.32416 to 179.32227
08-03 23:47:58.380 10238 10238 D CompassActivity: will set rotation from 179.32227 to 179.32434
08-03 23:47:58.380 10238 10238 D CompassActivity: will set rotation from 179.32434 to 179.3227
08-03 23:47:58.400 10238 10238 D CompassActivity: will set rotation from 179.3227 to 179.3446
08-03 23:47:58.400 10238 10238 D CompassActivity: will set rotation from 179.3446 to 179.34338
08-03 23:47:58.421 10238 10238 D CompassActivity: will set rotation from 179.34338 to 179.32574
08-03 23:47:58.421 10238 10238 D CompassActivity: will set rotation from 179.32574 to 179.32446
08-03 23:47:58.443 10238 10238 D CompassActivity: will set rotation from 179.32446 to 179.29425
08-03 23:47:58.444 10238 10238 D CompassActivity: will set rotation from 179.29425 to 179.29395
08-03 23:47:58.461 10238 10238 D CompassActivity: will set rotation from 179.29395 to 179.29724
08-03 23:47:58.461 10238 10238 D CompassActivity: will set rotation from 179.29724 to 179.2984
08-03 23:47:58.480 10238 10238 D CompassActivity: will set rotation from 179.2984 to 179.2876
08-03 23:47:58.480 10238 10238 D CompassActivity: will set rotation from 179.2876 to 179.28876
08-03 23:47:58.501 10238 10238 D CompassActivity: will set rotation from 179.28876 to 179.2774
08-03 23:47:58.501 10238 10238 D CompassActivity: will set rotation from 179.2774 to 179.27637
08-03 23:47:58.506 10238 10640 I art     : Starting a blocking GC Explicit
08-03 23:47:58.521 10238 10238 D CompassActivity: will set rotation from 179.27637 to 179.28345
08-03 23:47:58.522 10238 10238 D CompassActivity: will set rotation from 179.28345 to 179.28302
08-03 23:47:58.544 10238 10238 D CompassActivity: will set rotation from 179.28302 to 179.30621
08-03 23:47:58.544 10238 10238 D CompassActivity: will set rotation from 179.30621 to 179.30463
08-03 23:47:58.565 10238 10238 D CompassActivity: will set rotation from 179.30463 to 179.3086
08-03 23:47:58.565 10238 10238 D CompassActivity: will set rotation from 179.3086 to 179.30713
08-03 23:47:58.581 10238 10238 D CompassActivity: will set rotation from 179.30713 to 179.27686
08-03 23:47:58.582 10238 10238 D CompassActivity: will set rotation from 179.27686 to 179.27698
08-03 23:47:58.599 10238 10238 D CompassActivity: will set rotation from 179.27698 to 179.24951
08-03 23:47:58.600 10238 10238 D CompassActivity: will set rotation from 179.24951 to 179.2511
08-03 23:47:58.619 10238 10238 D CompassActivity: will set rotation from 179.2511 to 179.2738
08-03 23:47:58.620 10238 10238 D CompassActivity: will set rotation from 179.2738 to 179.2738
08-03 23:47:58.625 10238 10640 I art     : Explicit concurrent mark sweep GC freed 2147(126KB) AllocSpace objects, 2(48KB) LOS objects, 6% free, 236MB/252MB, paused 1.928ms total 118.665ms
08-03 23:47:58.639 10238 10238 D CompassActivity: will set rotation from 179.2738 to 179.26239
08-03 23:47:58.640 10238 10238 D CompassActivity: will set rotation from 179.26239 to 179.26093
08-03 23:47:58.647 10238 10640 I art     : Starting a blocking GC Explicit
08-03 23:47:58.660 10238 10238 D CompassActivity: will set rotation from 179.26093 to 179.24786
08-03 23:47:58.660 10238 10238 D CompassActivity: will set rotation from 179.24786 to 179.24896
08-03 23:47:58.679 10238 10238 D CompassActivity: will set rotation from 179.24896 to 179.2229
08-03 23:47:58.679 10238 10238 D CompassActivity: will set rotation from 179.2229 to 179.22327
08-03 23:47:58.702 10238 10238 D CompassActivity: will set rotation from 179.22327 to 179.22864
08-03 23:47:58.703 10238 10238 D CompassActivity: will set rotation from 179.22864 to 179.22864
08-03 23:47:58.703 10238 10640 I art     : Explicit concurrent mark sweep GC freed 866(33KB) AllocSpace objects, 0(0B) LOS objects, 6% free, 236MB/252MB, paused 1.387ms total 55.458ms
08-03 23:47:58.720 10238 10238 D CompassActivity: will set rotation from 179.22864 to 179.2207
08-03 23:47:58.720 10238 10238 D CompassActivity: will set rotation from 179.2207 to 179.2218
08-03 23:47:58.723 10238 10640 I art     : Starting a blocking GC Explicit
08-03 23:47:58.740 10238 10238 D CompassActivity: will set rotation from 179.2218 to 179.21143
08-03 23:47:58.740 10238 10238 D CompassActivity: will set rotation from 179.21143 to 179.21106
08-03 23:47:58.760 10238 10238 D CompassActivity: will set rotation from 179.21106 to 179.20038
08-03 23:47:58.760 10238 10238 D CompassActivity: will set rotation from 179.20038 to 179.1977
08-03 23:47:58.779 10238 10238 D CompassActivity: will set rotation from 179.1977 to 179.20569
08-03 23:47:58.780 10238 10238 D CompassActivity: will set rotation from 179.20569 to 179.20477
08-03 23:47:58.780 10238 10640 I art     : Explicit concurrent mark sweep GC freed 146(7KB) AllocSpace objects, 0(0B) LOS objects, 6% free, 236MB/252MB, paused 1.182ms total 56.391ms
08-03 23:47:58.800 10238 10640 I art     : Starting a blocking GC Explicit
08-03 23:47:58.801 10238 10238 D CompassActivity: will set rotation from 179.20477 to 179.19702
08-03 23:47:58.802 10238 10238 D CompassActivity: will set rotation from 179.19702 to 179.19604
08-03 23:47:58.819 10238 10238 D CompassActivity: will set rotation from 179.19604 to 179.18811
08-03 23:47:58.819 10238 10238 D CompassActivity: will set rotation from 179.18811 to 179.1878
08-03 23:47:58.840 10238 10238 D CompassActivity: will set rotation from 179.1878 to 179.19775
08-03 23:47:58.841 10238 10238 D CompassActivity: will set rotation from 179.19775 to 179.19653
08-03 23:47:58.855 10238 10640 I art     : Explicit concurrent mark sweep GC freed 175(8KB) AllocSpace objects, 0(0B) LOS objects, 6% free, 236MB/252MB, paused 1.230ms total 54.885ms
08-03 23:47:58.860 10238 10238 D CompassActivity: will set rotation from 179.19653 to 179.18518
08-03 23:47:58.860 10238 10238 D CompassActivity: will set rotation from 179.18518 to 179.18573
08-03 23:47:58.874 10238 10640 I art     : Starting a blocking GC Explicit
08-03 23:47:58.879 10238 10238 D CompassActivity: will set rotation from 179.18573 to 179.17548
08-03 23:47:58.879 10238 10238 D CompassActivity: will set rotation from 179.17548 to 179.17493
08-03 23:47:58.899 10238 10238 D CompassActivity: will set rotation from 179.17493 to 179.16809
08-03 23:47:58.899 10238 10238 D CompassActivity: will set rotation from 179.16809 to 179.16724
08-03 23:47:58.918 10238 10238 D CompassActivity: will set rotation from 179.16724 to 179.14526
08-03 23:47:58.918 10238 10238 D CompassActivity: will set rotation from 179.14526 to 179.14465
08-03 23:47:58.929 10238 10640 I art     : Explicit concurrent mark sweep GC freed 175(8KB) AllocSpace objects, 0(0B) LOS objects, 6% free, 236MB/252MB, paused 1.240ms total 55.075ms
08-03 23:47:58.938 10238 10238 D CompassActivity: will set rotation from 179.14465 to 179.10736
08-03 23:47:58.938 10238 10238 D CompassActivity: will set rotation from 179.10736 to 179.10724
08-03 23:47:58.960 10238 10238 D CompassActivity: will set rotation from 179.10724 to 179.11713
08-03 23:47:58.960 10238 10238 D CompassActivity: will set rotation from 179.11713 to 179.11761
08-03 23:47:58.978 10238 10238 D CompassActivity: will set rotation from 179.11761 to 179.14282
08-03 23:47:58.978 10238 10238 D CompassActivity: will set rotation from 179.14282 to 179.14203
08-03 23:47:58.998 10238 10238 D CompassActivity: will set rotation from 179.14203 to 179.14954
08-03 23:47:58.998 10238 10238 D CompassActivity: will set rotation from 179.14954 to 179.14911
08-03 23:47:59.017 10238 10238 D CompassActivity: will set rotation from 179.14911 to 179.15845
08-03 23:47:59.018 10238 10238 D CompassActivity: will set rotation from 179.15845 to 179.15869
08-03 23:47:59.038 10238 10238 D CompassActivity: will set rotation from 179.15869 to 179.16907
08-03 23:47:59.038 10238 10238 D CompassActivity: will set rotation from 179.16907 to 179.17035
08-03 23:47:59.062 10238 10238 D CompassActivity: will set rotation from 179.17035 to 179.16333
08-03 23:47:59.062 10238 10238 D CompassActivity: will set rotation from 179.16333 to 179.16357
08-03 23:47:59.079 10238 10238 D CompassActivity: will set rotation from 179.16357 to 179.15784
08-03 23:47:59.080 10238 10238 D CompassActivity: will set rotation from 179.15784 to 179.15692
08-03 23:47:59.097 10238 10238 D CompassActivity: will set rotation from 179.15692 to 179.14972
08-03 23:47:59.098 10238 10238 D CompassActivity: will set rotation from 179.14972 to 179.1502
08-03 23:47:59.117 10238 10238 D CompassActivity: will set rotation from 179.1502 to 179.14166
08-03 23:47:59.118 10238 10238 D CompassActivity: will set rotation from 179.14166 to 179.14081
08-03 23:47:59.137 10238 10238 D CompassActivity: will set rotation from 179.14081 to 179.13147
08-03 23:47:59.138 10238 10238 D CompassActivity: will set rotation from 179.13147 to 179.13208
08-03 23:47:59.160 10238 10238 D CompassActivity: will set rotation from 179.13208 to 179.12317
08-03 23:47:59.161 10238 10238 D CompassActivity: will set rotation from 179.12317 to 179.12384
08-03 23:47:59.179 10238 10238 D CompassActivity: will set rotation from 179.12384 to 179.13232
08-03 23:47:59.179 10238 10238 D CompassActivity: will set rotation from 179.13232 to 179.13293
08-03 23:47:59.197 10238 10238 D CompassActivity: will set rotation from 179.13293 to 179.12634
08-03 23:47:59.197 10238 10238 D CompassActivity: will set rotation from 179.12634 to 179.12836
08-03 23:47:59.217 10238 10238 D CompassActivity: will set rotation from 179.12836 to 179.12238
08-03 23:47:59.217 10238 10238 D CompassActivity: will set rotation from 179.12238 to 179.12433
08-03 23:47:59.237 10238 10238 D CompassActivity: will set rotation from 179.12433 to 179.1482
08-03 23:47:59.237 10238 10238 D CompassActivity: will set rotation from 179.1482 to 179.14783
08-03 23:47:59.256 10238 10238 D CompassActivity: will set rotation from 179.14783 to 179.15387
08-03 23:47:59.257 10238 10238 D CompassActivity: will set rotation from 179.15387 to 179.15503
08-03 23:47:59.277 10238 10238 D CompassActivity: will set rotation from 179.15503 to 179.16064
08-03 23:47:59.277 10238 10238 D CompassActivity: will set rotation from 179.16064 to 179.16107
08-03 23:47:59.299 10238 10238 D CompassActivity: will set rotation from 179.16107 to 179.13654
08-03 23:47:59.299 10238 10238 D CompassActivity: will set rotation from 179.13654 to 179.13727
08-03 23:47:59.316 10238 10238 D CompassActivity: will set rotation from 179.13727 to 179.13123
08-03 23:47:59.317 10238 10238 D CompassActivity: will set rotation from 179.13123 to 179.13153
08-03 23:47:59.337 10238 10238 D CompassActivity: will set rotation from 179.13153 to 179.12524
08-03 23:47:59.337 10238 10238 D CompassActivity: will set rotation from 179.12524 to 179.12305
08-03 23:47:59.341 10238 10249 I art     : Starting a blocking GC Explicit
08-03 23:47:59.356 10238 10238 D CompassActivity: will set rotation from 179.12305 to 179.11755
08-03 23:47:59.357 10238 10238 D CompassActivity: will set rotation from 179.11755 to 179.11694
08-03 23:47:59.357 12760 12760 D AndroidRuntime: >>>>>> START com.android.internal.os.RuntimeInit uid 2000 <<<<<<
08-03 23:47:59.364 12760 12760 D AndroidRuntime: CheckJNI is OFF
08-03 23:47:59.378 10238 10238 D CompassActivity: will set rotation from 179.11694 to 179.11072
08-03 23:47:59.378 10238 10238 D CompassActivity: will set rotation from 179.11072 to 179.11017
08-03 23:47:59.396 10238 10238 D CompassActivity: will set rotation from 179.11017 to 179.11798
08-03 23:47:59.397 10238 10238 D CompassActivity: will set rotation from 179.11798 to 179.11768
08-03 23:47:59.406 10238 10249 I art     : Explicit concurrent mark sweep GC freed 2050(121KB) AllocSpace objects, 2(48KB) LOS objects, 6% free, 236MB/252MB, paused 1.500ms total 64.231ms
08-03 23:47:59.411 12760 12760 D ICU     : No timezone override file found: /data/misc/zoneinfo/current/icu/icu_tzdata.dat
08-03 23:47:59.416 10238 10238 D CompassActivity: will set rotation from 179.11768 to 179.143
08-03 23:47:59.417 10238 10238 D CompassActivity: will set rotation from 179.143 to 179.14337
08-03 23:47:59.427 10238 10249 I art     : Starting a blocking GC Explicit
08-03 23:47:59.436 10238 10238 D CompassActivity: will set rotation from 179.14337 to 179.15338
08-03 23:47:59.437 10238 10238 D CompassActivity: will set rotation from 179.15338 to 179.15454
08-03 23:47:59.456 10238 10238 D CompassActivity: will set rotation from 179.15454 to 179.17578
08-03 23:47:59.456 10238 10238 D CompassActivity: will set rotation from 179.17578 to 179.17761
08-03 23:47:59.465 12760 12760 I Radio-JNI: register_android_hardware_Radio DONE
08-03 23:47:59.477 10238 10238 D CompassActivity: will set rotation from 179.17761 to 179.18475
08-03 23:47:59.477 10238 10238 D CompassActivity: will set rotation from 179.18475 to 179.18567
08-03 23:47:59.481 10238 10249 I art     : Explicit concurrent mark sweep GC freed 825(32KB) AllocSpace objects, 0(0B) LOS objects, 6% free, 236MB/252MB, paused 1.204ms total 54.440ms
08-03 23:47:59.496 12760 12760 D AndroidRuntime: Calling main entry com.android.commands.input.Input
08-03 23:47:59.498 10238 10238 D CompassActivity: will set rotation from 179.18567 to 179.19153
08-03 23:47:59.498 12760 12760 I Input   : injectKeyEvent: KeyEvent { action=ACTION_DOWN, keyCode=KEYCODE_BACK, scanCode=0, metaState=0, flags=0x0, repeatCount=0, eventTime=661695911, downTime=661695911, deviceId=-1, source=0x101 }
08-03 23:47:59.498 10238 10238 D CompassActivity: will set rotation from 179.19153 to 179.1908
08-03 23:47:59.501 10238 10249 I art     : Starting a blocking GC Explicit
08-03 23:47:59.505 12760 12760 I Input   : injectKeyEvent: KeyEvent { action=ACTION_UP, keyCode=KEYCODE_BACK, scanCode=0, metaState=0, flags=0x0, repeatCount=0, eventTime=661695911, downTime=661695911, deviceId=-1, source=0x101 }
08-03 23:47:59.512 12760 12760 D AndroidRuntime: Shutting down VM
08-03 23:47:59.513   918   928 I sensors : activate
08-03 23:47:59.514   918  3696 I sensors : activate
08-03 23:47:59.519   918  3188 I hubconnection: sensorhub said: 'activate 1 enable:0'
08-03 23:47:59.520   918  3188 I hubconnection: sensorhub said: 'activate 3 enable:0'
08-03 23:47:59.541 10238 10238 V MainActivity: url = https://project-travel-mate.herokuapp.com/api/number-of-unread-notifications
08-03 23:47:59.556 10238 10249 I art     : Explicit concurrent mark sweep GC freed 471(19KB) AllocSpace objects, 0(0B) LOS objects, 6% free, 236MB/252MB, paused 1.474ms total 55.064ms
08-03 23:47:59.576 10238 10249 I art     : Starting a blocking GC Explicit
08-03 23:47:59.632 10238 10249 I art     : Explicit concurrent mark sweep GC freed 195(9KB) AllocSpace objects, 0(0B) LOS objects, 6% free, 236MB/252MB, paused 1.547ms total 55.894ms
08-03 23:47:59.654 10238 10249 I art     : Starting a blocking GC Explicit
08-03 23:47:59.660 13866 13866 I GoogleInputMethodServic: GoogleInputMethodService.onFinishInput():3138 
08-03 23:47:59.662 13866 13866 I GoogleInputMethodServic: GoogleInputMethodService.onStartInput():1808 
08-03 23:47:59.704 10238 10249 I art     : Explicit concurrent mark sweep GC freed 55(3KB) AllocSpace objects, 0(0B) LOS objects, 6% free, 236MB/252MB, paused 1.516ms total 50.037ms
08-03 23:47:59.925 10238 10238 D CompassActivity: stop compass
08-03 23:47:59.925   380   380 W SurfaceFlinger: couldn't log to binary event log: overflow.
08-03 23:48:00.077 10238 12783 I NAPPA_EXPERIMENTATION: MetricNetworkRequestExecutionTime: REQUEST_DURATION_SYSTEM='533',REQUEST_DURATION_OKHTTP='29',REQUEST_SYNCHRONOUS='FALSE',RESPONSE_CODE='200',RESPONSE_METHOD='GET',RESPONSE_LENGTH_OKHTTP='36',RESPONSE_LENGTH_HEADER='36',REQUEST_PROTOCOL='http/1.1',REQUEST_URL='https://project-travel-mate.herokuapp.com/api/number-of-unread-notifications',
08-03 23:48:00.095 10238 10249 I art     : Starting a blocking GC Explicit
08-03 23:48:00.155 10238 10249 I art     : Explicit concurrent mark sweep GC freed 4377(239KB) AllocSpace objects, 5(248KB) LOS objects, 6% free, 236MB/252MB, paused 1.458ms total 60.176ms
08-03 23:48:00.174 10238 10249 I art     : Starting a blocking GC Explicit
08-03 23:48:00.249 10238 10249 I art     : Explicit concurrent mark sweep GC freed 2311(202KB) AllocSpace objects, 3(52MB) LOS objects, 7% free, 184MB/200MB, paused 1.245ms total 74.837ms
08-03 23:48:00.269 10238 10249 I art     : Starting a blocking GC Explicit
08-03 23:48:00.329 10238 10249 I art     : Explicit concurrent mark sweep GC freed 3(96B) AllocSpace objects, 0(0B) LOS objects, 7% free, 184MB/200MB, paused 1.384ms total 59.760ms
08-03 23:48:00.348 10238 10249 I art     : Starting a blocking GC Explicit
08-03 23:48:00.410 10238 10249 I art     : Explicit concurrent mark sweep GC freed 3(96B) AllocSpace objects, 0(0B) LOS objects, 7% free, 184MB/200MB, paused 1.532ms total 61.640ms
08-03 23:48:00.432 10238 10249 I art     : Starting a blocking GC Explicit
08-03 23:48:00.491 10238 10249 I art     : Explicit concurrent mark sweep GC freed 50(1680B) AllocSpace objects, 0(0B) LOS objects, 7% free, 184MB/200MB, paused 1.380ms total 58.100ms
08-03 23:48:00.907 10238 10250 I art     : Starting a blocking GC Explicit
08-03 23:48:00.968 10238 10250 I art     : Explicit concurrent mark sweep GC freed 1611(93KB) AllocSpace objects, 2(48KB) LOS objects, 7% free, 184MB/200MB, paused 1.413ms total 60.447ms
08-03 23:48:00.988 10238 10250 I art     : Starting a blocking GC Explicit
08-03 23:48:01.044 10238 10250 I art     : Explicit concurrent mark sweep GC freed 42(1456B) AllocSpace objects, 0(0B) LOS objects, 7% free, 184MB/200MB, paused 1.305ms total 55.988ms
08-03 23:48:01.064 10238 10250 I art     : Starting a blocking GC Explicit
08-03 23:48:01.121 10238 10250 I art     : Explicit concurrent mark sweep GC freed 3(96B) AllocSpace objects, 0(0B) LOS objects, 7% free, 184MB/200MB, paused 1.544ms total 57.303ms
08-03 23:48:01.141 10238 10250 I art     : Starting a blocking GC Explicit
08-03 23:48:01.212 10238 10250 I art     : Explicit concurrent mark sweep GC freed 5(160B) AllocSpace objects, 0(0B) LOS objects, 7% free, 184MB/200MB, paused 1.260ms total 70.394ms
08-03 23:48:01.233 10238 10250 I art     : Starting a blocking GC Explicit
08-03 23:48:01.283 10238 10250 I art     : Explicit concurrent mark sweep GC freed 8(256B) AllocSpace objects, 0(0B) LOS objects, 7% free, 184MB/200MB, paused 1.291ms total 50.055ms
08-03 23:48:01.301 12805 12805 D AndroidRuntime: >>>>>> START com.android.internal.os.RuntimeInit uid 2000 <<<<<<
08-03 23:48:01.307 12805 12805 D AndroidRuntime: CheckJNI is OFF
08-03 23:48:01.345 12805 12805 D ICU     : No timezone override file found: /data/misc/zoneinfo/current/icu/icu_tzdata.dat
08-03 23:48:01.386 12805 12805 I Radio-JNI: register_android_hardware_Radio DONE
08-03 23:48:01.416 12805 12805 D AndroidRuntime: Calling main entry com.android.commands.input.Input
08-03 23:48:01.418 12805 12805 I Input   : injectMotionEvent: MotionEvent { action=ACTION_DOWN, actionButton=0, id[0]=0, x[0]=500.0, y[0]=2000.0, toolType[0]=TOOL_TYPE_UNKNOWN, buttonState=0, metaState=0, flags=0x0, edgeFlags=0x0, pointerCount=1, historySize=0, eventTime=661697830, downTime=661697830, deviceId=0, source=0x1002 }
08-03 23:48:01.424 12805 12805 I Input   : injectMotionEvent: MotionEvent { action=ACTION_MOVE, actionButton=0, id[0]=0, x[0]=500.0, y[0]=2000.0, toolType[0]=TOOL_TYPE_UNKNOWN, buttonState=0, metaState=0, flags=0x0, edgeFlags=0x0, pointerCount=1, historySize=0, eventTime=661697830, downTime=661697830, deviceId=0, source=0x1002 }
08-03 23:48:01.428 12805 12805 I Input   : injectMotionEvent: MotionEvent { action=ACTION_MOVE, actionButton=0, id[0]=0, x[0]=500.0, y[0]=1979.1, toolType[0]=TOOL_TYPE_UNKNOWN, buttonState=0, metaState=0, flags=0x0, edgeFlags=0x0, pointerCount=1, historySize=0, eventTime=661697841, downTime=661697841, deviceId=0, source=0x1002 }
08-03 23:48:01.444 12805 12805 I Input   : injectMotionEvent: MotionEvent { action=ACTION_MOVE, actionButton=0, id[0]=0, x[0]=500.0, y[0]=1948.7, toolType[0]=TOOL_TYPE_UNKNOWN, buttonState=0, metaState=0, flags=0x0, edgeFlags=0x0, pointerCount=1, historySize=0, eventTime=661697857, downTime=661697857, deviceId=0, source=0x1002 }
08-03 23:48:01.467 12805 12805 I Input   : injectMotionEvent: MotionEvent { action=ACTION_MOVE, actionButton=0, id[0]=0, x[0]=500.0, y[0]=1903.1, toolType[0]=TOOL_TYPE_UNKNOWN, buttonState=0, metaState=0, flags=0x0, edgeFlags=0x0, pointerCount=1, historySize=0, eventTime=661697881, downTime=661697881, deviceId=0, source=0x1002 }
08-03 23:48:01.478 12805 12805 I Input   : injectMotionEvent: MotionEvent { action=ACTION_MOVE, actionButton=0, id[0]=0, x[0]=500.0, y[0]=1884.1, toolType[0]=TOOL_TYPE_UNKNOWN, buttonState=0, metaState=0, flags=0x0, edgeFlags=0x0, pointerCount=1, historySize=0, eventTime=661697891, downTime=661697891, deviceId=0, source=0x1002 }
08-03 23:48:01.494 12805 12805 I Input   : injectMotionEvent: MotionEvent { action=ACTION_MOVE, actionButton=0, id[0]=0, x[0]=500.0, y[0]=1853.7, toolType[0]=TOOL_TYPE_UNKNOWN, buttonState=0, metaState=0, flags=0x0, edgeFlags=0x0, pointerCount=1, historySize=0, eventTime=661697907, downTime=661697907, deviceId=0, source=0x1002 }
08-03 23:48:01.512 12805 12805 I Input   : injectMotionEvent: MotionEvent { action=ACTION_MOVE, actionButton=0, id[0]=0, x[0]=500.0, y[0]=1819.5, toolType[0]=TOOL_TYPE_UNKNOWN, buttonState=0, metaState=0, flags=0x0, edgeFlags=0x0, pointerCount=1, historySize=0, eventTime=661697925, downTime=661697925, deviceId=0, source=0x1002 }
08-03 23:48:01.527 12805 12805 I Input   : injectMotionEvent: MotionEvent { action=ACTION_MOVE, actionButton=0, id[0]=0, x[0]=500.0, y[0]=1791.0, toolType[0]=TOOL_TYPE_UNKNOWN, buttonState=0, metaState=0, flags=0x0, edgeFlags=0x0, pointerCount=1, historySize=0, eventTime=661697940, downTime=661697940, deviceId=0, source=0x1002 }
08-03 23:48:01.543 12805 12805 I Input   : injectMotionEvent: MotionEvent { action=ACTION_MOVE, actionButton=0, id[0]=0, x[0]=500.0, y[0]=1758.7, toolType[0]=TOOL_TYPE_UNKNOWN, buttonState=0, metaState=0, flags=0x0, edgeFlags=0x0, pointerCount=1, historySize=0, eventTime=661697957, downTime=661697957, deviceId=0, source=0x1002 }
08-03 23:48:01.560 12805 12805 I Input   : injectMotionEvent: MotionEvent { action=ACTION_MOVE, actionButton=0, id[0]=0, x[0]=500.0, y[0]=1728.3, toolType[0]=TOOL_TYPE_UNKNOWN, buttonState=0, metaState=0, flags=0x0, edgeFlags=0x0, pointerCount=1, historySize=0, eventTime=661697973, downTime=661697973, deviceId=0, source=0x1002 }
08-03 23:48:01.577 12805 12805 I Input   : injectMotionEvent: MotionEvent { action=ACTION_MOVE, actionButton=0, id[0]=0, x[0]=500.0, y[0]=1696.0, toolType[0]=TOOL_TYPE_UNKNOWN, buttonState=0, metaState=0, flags=0x0, edgeFlags=0x0, pointerCount=1, historySize=0, eventTime=661697990, downTime=661697990, deviceId=0, source=0x1002 }
08-03 23:48:01.593 12805 12805 I Input   : injectMotionEvent: MotionEvent { action=ACTION_MOVE, actionButton=0, id[0]=0, x[0]=500.0, y[0]=1663.7, toolType[0]=TOOL_TYPE_UNKNOWN, buttonState=0, metaState=0, flags=0x0, edgeFlags=0x0, pointerCount=1, historySize=0, eventTime=661698007, downTime=661698007, deviceId=0, source=0x1002 }
08-03 23:48:01.610 12805 12805 I Input   : injectMotionEvent: MotionEvent { action=ACTION_MOVE, actionButton=0, id[0]=0, x[0]=500.0, y[0]=1633.3, toolType[0]=TOOL_TYPE_UNKNOWN, buttonState=0, metaState=0, flags=0x0, edgeFlags=0x0, pointerCount=1, historySize=0, eventTime=661698023, downTime=661698023, deviceId=0, source=0x1002 }
08-03 23:48:01.627 12805 12805 I Input   : injectMotionEvent: MotionEvent { action=ACTION_MOVE, actionButton=0, id[0]=0, x[0]=500.0, y[0]=1601.0, toolType[0]=TOOL_TYPE_UNKNOWN, buttonState=0, metaState=0, flags=0x0, edgeFlags=0x0, pointerCount=1, historySize=0, eventTime=661698040, downTime=661698040, deviceId=0, source=0x1002 }
08-03 23:48:01.643 12805 12805 I Input   : injectMotionEvent: MotionEvent { action=ACTION_MOVE, actionButton=0, id[0]=0, x[0]=500.0, y[0]=1568.7, toolType[0]=TOOL_TYPE_UNKNOWN, buttonState=0, metaState=0, flags=0x0, edgeFlags=0x0, pointerCount=1, historySize=0, eventTime=661698057, downTime=661698057, deviceId=0, source=0x1002 }
08-03 23:48:01.660 12805 12805 I Input   : injectMotionEvent: MotionEvent { action=ACTION_MOVE, actionButton=0, id[0]=0, x[0]=500.0, y[0]=1538.3, toolType[0]=TOOL_TYPE_UNKNOWN, buttonState=0, metaState=0, flags=0x0, edgeFlags=0x0, pointerCount=1, historySize=0, eventTime=661698073, downTime=661698073, deviceId=0, source=0x1002 }
08-03 23:48:01.677 12805 12805 I Input   : injectMotionEvent: MotionEvent { action=ACTION_MOVE, actionButton=0, id[0]=0, x[0]=500.0, y[0]=1506.0, toolType[0]=TOOL_TYPE_UNKNOWN, buttonState=0, metaState=0, flags=0x0, edgeFlags=0x0, pointerCount=1, historySize=0, eventTime=661698090, downTime=661698090, deviceId=0, source=0x1002 }
08-03 23:48:01.688 10238 10250 I art     : Starting a blocking GC Explicit
08-03 23:48:01.694 12805 12805 I Input   : injectMotionEvent: MotionEvent { action=ACTION_MOVE, actionButton=0, id[0]=0, x[0]=500.0, y[0]=1473.7, toolType[0]=TOOL_TYPE_UNKNOWN, buttonState=0, metaState=0, flags=0x0, edgeFlags=0x0, pointerCount=1, historySize=0, eventTime=661698107, downTime=661698107, deviceId=0, source=0x1002 }
08-03 23:48:01.712 12805 12805 I Input   : injectMotionEvent: MotionEvent { action=ACTION_MOVE, actionButton=0, id[0]=0, x[0]=500.0, y[0]=1439.5, toolType[0]=TOOL_TYPE_UNKNOWN, buttonState=0, metaState=0, flags=0x0, edgeFlags=0x0, pointerCount=1, historySize=0, eventTime=661698125, downTime=661698125, deviceId=0, source=0x1002 }
08-03 23:48:01.727 12805 12805 I Input   : injectMotionEvent: MotionEvent { action=ACTION_MOVE, actionButton=0, id[0]=0, x[0]=500.0, y[0]=1411.0, toolType[0]=TOOL_TYPE_UNKNOWN, buttonState=0, metaState=0, flags=0x0, edgeFlags=0x0, pointerCount=1, historySize=0, eventTime=661698140, downTime=661698140, deviceId=0, source=0x1002 }
08-03 23:48:01.746 12805 12805 I Input   : injectMotionEvent: MotionEvent { action=ACTION_MOVE, actionButton=0, id[0]=0, x[0]=500.0, y[0]=1374.9, toolType[0]=TOOL_TYPE_UNKNOWN, buttonState=0, metaState=0, flags=0x0, edgeFlags=0x0, pointerCount=1, historySize=0, eventTime=661698159, downTime=661698159, deviceId=0, source=0x1002 }
08-03 23:48:01.746 10238 10250 I art     : Explicit concurrent mark sweep GC freed 1700(95KB) AllocSpace objects, 2(48KB) LOS objects, 7% free, 184MB/200MB, paused 1.511ms total 57.943ms
08-03 23:48:01.760 12805 12805 I Input   : injectMotionEvent: MotionEvent { action=ACTION_MOVE, actionButton=0, id[0]=0, x[0]=500.0, y[0]=1346.3999, toolType[0]=TOOL_TYPE_UNKNOWN, buttonState=0, metaState=0, flags=0x0, edgeFlags=0x0, pointerCount=1, historySize=0, eventTime=661698174, downTime=661698174, deviceId=0, source=0x1002 }
08-03 23:48:01.766 10238 10250 I art     : Starting a blocking GC Explicit
08-03 23:48:01.777 12805 12805 I Input   : injectMotionEvent: MotionEvent { action=ACTION_MOVE, actionButton=0, id[0]=0, x[0]=500.0, y[0]=1316.0, toolType[0]=TOOL_TYPE_UNKNOWN, buttonState=0, metaState=0, flags=0x0, edgeFlags=0x0, pointerCount=1, historySize=0, eventTime=661698190, downTime=661698190, deviceId=0, source=0x1002 }
08-03 23:48:01.794 12805 12805 I Input   : injectMotionEvent: MotionEvent { action=ACTION_MOVE, actionButton=0, id[0]=0, x[0]=500.0, y[0]=1283.7, toolType[0]=TOOL_TYPE_UNKNOWN, buttonState=0, metaState=0, flags=0x0, edgeFlags=0x0, pointerCount=1, historySize=0, eventTime=661698207, downTime=661698207, deviceId=0, source=0x1002 }
08-03 23:48:01.812 12805 12805 I Input   : injectMotionEvent: MotionEvent { action=ACTION_MOVE, actionButton=0, id[0]=0, x[0]=500.0, y[0]=1247.6, toolType[0]=TOOL_TYPE_UNKNOWN, buttonState=0, metaState=0, flags=0x0, edgeFlags=0x0, pointerCount=1, historySize=0, eventTime=661698226, downTime=661698226, deviceId=0, source=0x1002 }
08-03 23:48:01.823 10238 10250 I art     : Explicit concurrent mark sweep GC freed 54(2160B) AllocSpace objects, 0(0B) LOS objects, 7% free, 184MB/200MB, paused 1.299ms total 56.591ms
08-03 23:48:01.827 12805 12805 I Input   : injectMotionEvent: MotionEvent { action=ACTION_MOVE, actionButton=0, id[0]=0, x[0]=500.0, y[0]=1221.0, toolType[0]=TOOL_TYPE_UNKNOWN, buttonState=0, metaState=0, flags=0x0, edgeFlags=0x0, pointerCount=1, historySize=0, eventTime=661698240, downTime=661698240, deviceId=0, source=0x1002 }
08-03 23:48:01.842 10238 10250 I art     : Starting a blocking GC Explicit
08-03 23:48:01.897 12805 12805 I Input   : injectMotionEvent: MotionEvent { action=ACTION_MOVE, actionButton=0, id[0]=0, x[0]=500.0, y[0]=1088.0, toolType[0]=TOOL_TYPE_UNKNOWN, buttonState=0, metaState=0, flags=0x0, edgeFlags=0x0, pointerCount=1, historySize=0, eventTime=661698310, downTime=661698310, deviceId=0, source=0x1002 }
08-03 23:48:01.897 10238 10250 I art     : Explicit concurrent mark sweep GC freed 5(160B) AllocSpace objects, 0(0B) LOS objects, 7% free, 184MB/200MB, paused 1.341ms total 54.810ms
08-03 23:48:01.915 10238 10250 I art     : Starting a blocking GC Explicit
08-03 23:48:01.956 12805 12805 I Input   : injectMotionEvent: MotionEvent { action=ACTION_MOVE, actionButton=0, id[0]=0, x[0]=500.0, y[0]=975.9, toolType[0]=TOOL_TYPE_UNKNOWN, buttonState=0, metaState=0, flags=0x0, edgeFlags=0x0, pointerCount=1, historySize=0, eventTime=661698369, downTime=661698369, deviceId=0, source=0x1002 }
08-03 23:48:01.967 10238 10250 I art     : Explicit concurrent mark sweep GC freed 3(96B) AllocSpace objects, 0(0B) LOS objects, 7% free, 184MB/200MB, paused 1.345ms total 52.007ms
08-03 23:48:01.985 10238 10250 I art     : Starting a blocking GC Explicit
08-03 23:48:02.021 12805 12805 I Input   : injectMotionEvent: MotionEvent { action=ACTION_MOVE, actionButton=0, id[0]=0, x[0]=500.0, y[0]=852.4, toolType[0]=TOOL_TYPE_UNKNOWN, buttonState=0, metaState=0, flags=0x0, edgeFlags=0x0, pointerCount=1, historySize=0, eventTime=661698434, downTime=661698434, deviceId=0, source=0x1002 }
08-03 23:48:02.042 10238 10250 I art     : Explicit concurrent mark sweep GC freed 14(720B) AllocSpace objects, 0(0B) LOS objects, 7% free, 184MB/200MB, paused 1.311ms total 56.365ms
08-03 23:48:02.085 12805 12805 I Input   : injectMotionEvent: MotionEvent { action=ACTION_MOVE, actionButton=0, id[0]=0, x[0]=500.0, y[0]=730.80005, toolType[0]=TOOL_TYPE_UNKNOWN, buttonState=0, metaState=0, flags=0x0, edgeFlags=0x0, pointerCount=1, historySize=0, eventTime=661698498, downTime=661698498, deviceId=0, source=0x1002 }
08-03 23:48:02.142 12805 12805 I Input   : injectMotionEvent: MotionEvent { action=ACTION_MOVE, actionButton=0, id[0]=0, x[0]=500.0, y[0]=620.6, toolType[0]=TOOL_TYPE_UNKNOWN, buttonState=0, metaState=0, flags=0x0, edgeFlags=0x0, pointerCount=1, historySize=0, eventTime=661698556, downTime=661698556, deviceId=0, source=0x1002 }
08-03 23:48:02.201 12805 12805 I Input   : injectMotionEvent: MotionEvent { action=ACTION_MOVE, actionButton=0, id[0]=0, x[0]=500.0, y[0]=510.40002, toolType[0]=TOOL_TYPE_UNKNOWN, buttonState=0, metaState=0, flags=0x0, edgeFlags=0x0, pointerCount=1, historySize=0, eventTime=661698614, downTime=661698614, deviceId=0, source=0x1002 }
08-03 23:48:02.259 12805 12805 I Input   : injectMotionEvent: MotionEvent { action=ACTION_MOVE, actionButton=0, id[0]=0, x[0]=500.0, y[0]=398.30005, toolType[0]=TOOL_TYPE_UNKNOWN, buttonState=0, metaState=0, flags=0x0, edgeFlags=0x0, pointerCount=1, historySize=0, eventTime=661698673, downTime=661698673, deviceId=0, source=0x1002 }
08-03 23:48:02.358 12805 12805 I Input   : injectMotionEvent: MotionEvent { action=ACTION_MOVE, actionButton=0, id[0]=0, x[0]=500.0, y[0]=212.09998, toolType[0]=TOOL_TYPE_UNKNOWN, buttonState=0, metaState=0, flags=0x0, edgeFlags=0x0, pointerCount=1, historySize=0, eventTime=661698771, downTime=661698771, deviceId=0, source=0x1002 }
08-03 23:48:02.379   918   927 I art     : Background sticky concurrent mark sweep GC freed 62115(9MB) AllocSpace objects, 249(4MB) LOS objects, 17% free, 69MB/84MB, paused 1.540ms total 107.448ms
08-03 23:48:02.395 12805 12805 I Input   : injectMotionEvent: MotionEvent { action=ACTION_MOVE, actionButton=0, id[0]=0, x[0]=500.0, y[0]=139.90002, toolType[0]=TOOL_TYPE_UNKNOWN, buttonState=0, metaState=0, flags=0x0, edgeFlags=0x0, pointerCount=1, historySize=0, eventTime=661698809, downTime=661698809, deviceId=0, source=0x1002 }
08-03 23:48:02.433 10238 10249 I art     : Starting a blocking GC Explicit
08-03 23:48:02.435 12805 12805 I Input   : injectMotionEvent: MotionEvent { action=ACTION_UP, actionButton=0, id[0]=0, x[0]=500.0, y[0]=100.0, toolType[0]=TOOL_TYPE_UNKNOWN, buttonState=0, metaState=0, flags=0x0, edgeFlags=0x0, pointerCount=1, historySize=0, eventTime=661698848, downTime=661698848, deviceId=0, source=0x1002 }
08-03 23:48:02.473 12805 12805 D AndroidRuntime: Shutting down VM
08-03 23:48:02.485 10238 10249 I art     : Explicit concurrent mark sweep GC freed 1655(94KB) AllocSpace objects, 2(48KB) LOS objects, 7% free, 184MB/200MB, paused 1.351ms total 51.174ms
08-03 23:48:02.503 10238 10249 I art     : Starting a blocking GC Explicit
08-03 23:48:02.558 10238 10249 I art     : Explicit concurrent mark sweep GC freed 56(2272B) AllocSpace objects, 0(0B) LOS objects, 7% free, 184MB/200MB, paused 1.333ms total 55.244ms
08-03 23:48:02.577 10238 10249 I art     : Starting a blocking GC Explicit
08-03 23:48:02.629 10238 10249 I art     : Explicit concurrent mark sweep GC freed 3(96B) AllocSpace objects, 0(0B) LOS objects, 7% free, 184MB/200MB, paused 1.509ms total 51.797ms
08-03 23:48:02.654 10238 10249 I art     : Starting a blocking GC Explicit
08-03 23:48:02.704 10238 10249 I art     : Explicit concurrent mark sweep GC freed 4(128B) AllocSpace objects, 0(0B) LOS objects, 7% free, 184MB/200MB, paused 1.454ms total 49.935ms
08-03 23:48:02.723 10238 10249 I art     : Starting a blocking GC Explicit
08-03 23:48:02.778 10238 10249 I art     : Explicit concurrent mark sweep GC freed 4(128B) AllocSpace objects, 0(0B) LOS objects, 7% free, 184MB/200MB, paused 1.296ms total 54.434ms
08-03 23:48:03.186 10238 10249 I art     : Starting a blocking GC Explicit
08-03 23:48:03.219 12847 12847 D AndroidRuntime: >>>>>> START com.android.internal.os.RuntimeInit uid 2000 <<<<<<
08-03 23:48:03.224 12847 12847 D AndroidRuntime: CheckJNI is OFF
08-03 23:48:03.237 10238 10249 I art     : Explicit concurrent mark sweep GC freed 1592(92KB) AllocSpace objects, 2(48KB) LOS objects, 7% free, 184MB/200MB, paused 1.251ms total 49.964ms
08-03 23:48:03.261 10238 10249 I art     : Starting a blocking GC Explicit
08-03 23:48:03.264 12847 12847 D ICU     : No timezone override file found: /data/misc/zoneinfo/current/icu/icu_tzdata.dat
08-03 23:48:03.302 12847 12847 I Radio-JNI: register_android_hardware_Radio DONE
08-03 23:48:03.311 10238 10249 I art     : Explicit concurrent mark sweep GC freed 28(1024B) AllocSpace objects, 0(0B) LOS objects, 7% free, 184MB/200MB, paused 1.362ms total 49.724ms
08-03 23:48:03.330 12847 12847 D AndroidRuntime: Calling main entry com.android.commands.input.Input
08-03 23:48:03.330 10238 10249 I art     : Starting a blocking GC Explicit
08-03 23:48:03.332 12847 12847 I Input   : injectMotionEvent: MotionEvent { action=ACTION_DOWN, actionButton=0, id[0]=0, x[0]=500.0, y[0]=2000.0, toolType[0]=TOOL_TYPE_UNKNOWN, buttonState=0, metaState=0, flags=0x0, edgeFlags=0x0, pointerCount=1, historySize=0, eventTime=661699745, downTime=661699745, deviceId=0, source=0x1002 }
08-03 23:48:03.349 12847 12847 I Input   : injectMotionEvent: MotionEvent { action=ACTION_MOVE, actionButton=0, id[0]=0, x[0]=500.0, y[0]=2000.0, toolType[0]=TOOL_TYPE_UNKNOWN, buttonState=0, metaState=0, flags=0x0, edgeFlags=0x0, pointerCount=1, historySize=0, eventTime=661699745, downTime=661699745, deviceId=0, source=0x1002 }
08-03 23:48:03.362 12847 12847 I Input   : injectMotionEvent: MotionEvent { action=ACTION_MOVE, actionButton=0, id[0]=0, x[0]=500.0, y[0]=1943.0, toolType[0]=TOOL_TYPE_UNKNOWN, buttonState=0, metaState=0, flags=0x0, edgeFlags=0x0, pointerCount=1, historySize=0, eventTime=661699775, downTime=661699775, deviceId=0, source=0x1002 }
08-03 23:48:03.379 12847 12847 I Input   : injectMotionEvent: MotionEvent { action=ACTION_MOVE, actionButton=0, id[0]=0, x[0]=500.0, y[0]=1910.7, toolType[0]=TOOL_TYPE_UNKNOWN, buttonState=0, metaState=0, flags=0x0, edgeFlags=0x0, pointerCount=1, historySize=0, eventTime=661699792, downTime=661699792, deviceId=0, source=0x1002 }
08-03 23:48:03.386 10238 10249 I art     : Explicit concurrent mark sweep GC freed 7(224B) AllocSpace objects, 0(0B) LOS objects, 7% free, 184MB/200MB, paused 1.235ms total 55.295ms
08-03 23:48:03.397 12847 12847 I Input   : injectMotionEvent: MotionEvent { action=ACTION_MOVE, actionButton=0, id[0]=0, x[0]=500.0, y[0]=1876.5, toolType[0]=TOOL_TYPE_UNKNOWN, buttonState=0, metaState=0, flags=0x0, edgeFlags=0x0, pointerCount=1, historySize=0, eventTime=661699810, downTime=661699810, deviceId=0, source=0x1002 }
08-03 23:48:03.408 10238 10249 I art     : Starting a blocking GC Explicit
08-03 23:48:03.461 10238 10249 I art     : Explicit concurrent mark sweep GC freed 7(224B) AllocSpace objects, 0(0B) LOS objects, 7% free, 184MB/200MB, paused 1.462ms total 52.591ms
08-03 23:48:03.481 10238 10249 I art     : Starting a blocking GC Explicit
08-03 23:48:03.498 12847 12847 I Input   : injectMotionEvent: MotionEvent { action=ACTION_MOVE, actionButton=0, id[0]=0, x[0]=500.0, y[0]=1682.7, toolType[0]=TOOL_TYPE_UNKNOWN, buttonState=0, metaState=0, flags=0x0, edgeFlags=0x0, pointerCount=1, historySize=0, eventTime=661699912, downTime=661699912, deviceId=0, source=0x1002 }
08-03 23:48:03.538 10238 10249 I art     : Explicit concurrent mark sweep GC freed 40(1088B) AllocSpace objects, 0(0B) LOS objects, 7% free, 184MB/200MB, paused 1.377ms total 57.215ms
08-03 23:48:03.603 12847 12847 I Input   : injectMotionEvent: MotionEvent { action=ACTION_MOVE, actionButton=0, id[0]=0, x[0]=500.0, y[0]=1485.1, toolType[0]=TOOL_TYPE_UNKNOWN, buttonState=0, metaState=0, flags=0x0, edgeFlags=0x0, pointerCount=1, historySize=0, eventTime=661700016, downTime=661700016, deviceId=0, source=0x1002 }
08-03 23:48:03.698 12847 12847 I Input   : injectMotionEvent: MotionEvent { action=ACTION_MOVE, actionButton=0, id[0]=0, x[0]=500.0, y[0]=1302.7, toolType[0]=TOOL_TYPE_UNKNOWN, buttonState=0, metaState=0, flags=0x0, edgeFlags=0x0, pointerCount=1, historySize=0, eventTime=661700112, downTime=661700112, deviceId=0, source=0x1002 }
08-03 23:48:03.735 12847 12847 I Input   : injectMotionEvent: MotionEvent { action=ACTION_MOVE, actionButton=0, id[0]=0, x[0]=500.0, y[0]=1234.3, toolType[0]=TOOL_TYPE_UNKNOWN, buttonState=0, metaState=0, flags=0x0, edgeFlags=0x0, pointerCount=1, historySize=0, eventTime=661700148, downTime=661700148, deviceId=0, source=0x1002 }
08-03 23:48:03.770 12847 12847 I Input   : injectMotionEvent: MotionEvent { action=ACTION_MOVE, actionButton=0, id[0]=0, x[0]=500.0, y[0]=1165.8999, toolType[0]=TOOL_TYPE_UNKNOWN, buttonState=0, metaState=0, flags=0x0, edgeFlags=0x0, pointerCount=1, historySize=0, eventTime=661700184, downTime=661700184, deviceId=0, source=0x1002 }
08-03 23:48:03.809 12847 12847 I Input   : injectMotionEvent: MotionEvent { action=ACTION_MOVE, actionButton=0, id[0]=0, x[0]=500.0, y[0]=1093.7, toolType[0]=TOOL_TYPE_UNKNOWN, buttonState=0, metaState=0, flags=0x0, edgeFlags=0x0, pointerCount=1, historySize=0, eventTime=661700222, downTime=661700222, deviceId=0, source=0x1002 }
08-03 23:48:03.848 12847 12847 I Input   : injectMotionEvent: MotionEvent { action=ACTION_MOVE, actionButton=0, id[0]=0, x[0]=500.0, y[0]=1019.60004, toolType[0]=TOOL_TYPE_UNKNOWN, buttonState=0, metaState=0, flags=0x0, edgeFlags=0x0, pointerCount=1, historySize=0, eventTime=661700261, downTime=661700261, deviceId=0, source=0x1002 }
08-03 23:48:03.886 12847 12847 I Input   : injectMotionEvent: MotionEvent { action=ACTION_MOVE, actionButton=0, id[0]=0, x[0]=500.0, y[0]=947.3999, toolType[0]=TOOL_TYPE_UNKNOWN, buttonState=0, metaState=0, flags=0x0, edgeFlags=0x0, pointerCount=1, historySize=0, eventTime=661700299, downTime=661700299, deviceId=0, source=0x1002 }
08-03 23:48:03.924 12847 12847 I Input   : injectMotionEvent: MotionEvent { action=ACTION_MOVE, actionButton=0, id[0]=0, x[0]=500.0, y[0]=875.19995, toolType[0]=TOOL_TYPE_UNKNOWN, buttonState=0, metaState=0, flags=0x0, edgeFlags=0x0, pointerCount=1, historySize=0, eventTime=661700337, downTime=661700337, deviceId=0, source=0x1002 }
08-03 23:48:03.935 10238 10640 I art     : Starting a blocking GC Explicit
08-03 23:48:03.959 12847 12847 I Input   : injectMotionEvent: MotionEvent { action=ACTION_MOVE, actionButton=0, id[0]=0, x[0]=500.0, y[0]=808.7001, toolType[0]=TOOL_TYPE_UNKNOWN, buttonState=0, metaState=0, flags=0x0, edgeFlags=0x0, pointerCount=1, historySize=0, eventTime=661700372, downTime=661700372, deviceId=0, source=0x1002 }
08-03 23:48:03.998 12847 12847 I Input   : injectMotionEvent: MotionEvent { action=ACTION_MOVE, actionButton=0, id[0]=0, x[0]=500.0, y[0]=732.69995, toolType[0]=TOOL_TYPE_UNKNOWN, buttonState=0, metaState=0, flags=0x0, edgeFlags=0x0, pointerCount=1, historySize=0, eventTime=661700412, downTime=661700412, deviceId=0, source=0x1002 }
08-03 23:48:04.002 10238 10640 I art     : Explicit concurrent mark sweep GC freed 1650(95KB) AllocSpace objects, 2(48KB) LOS objects, 7% free, 184MB/200MB, paused 1.427ms total 66.146ms
08-03 23:48:04.021 10238 10640 I art     : Starting a blocking GC Explicit
08-03 23:48:04.037 12847 12847 I Input   : injectMotionEvent: MotionEvent { action=ACTION_MOVE, actionButton=0, id[0]=0, x[0]=500.0, y[0]=658.6001, toolType[0]=TOOL_TYPE_UNKNOWN, buttonState=0, metaState=0, flags=0x0, edgeFlags=0x0, pointerCount=1, historySize=0, eventTime=661700451, downTime=661700451, deviceId=0, source=0x1002 }
08-03 23:48:04.076 10238 10640 I art     : Explicit concurrent mark sweep GC freed 38(1568B) AllocSpace objects, 0(0B) LOS objects, 7% free, 184MB/200MB, paused 1.485ms total 54.707ms
08-03 23:48:04.078 12847 12847 I Input   : injectMotionEvent: MotionEvent { action=ACTION_MOVE, actionButton=0, id[0]=0, x[0]=500.0, y[0]=582.6, toolType[0]=TOOL_TYPE_UNKNOWN, buttonState=0, metaState=0, flags=0x0, edgeFlags=0x0, pointerCount=1, historySize=0, eventTime=661700491, downTime=661700491, deviceId=0, source=0x1002 }
08-03 23:48:04.095 10238 10640 I art     : Starting a blocking GC Explicit
08-03 23:48:04.117 12847 12847 I Input   : injectMotionEvent: MotionEvent { action=ACTION_MOVE, actionButton=0, id[0]=0, x[0]=500.0, y[0]=508.5, toolType[0]=TOOL_TYPE_UNKNOWN, buttonState=0, metaState=0, flags=0x0, edgeFlags=0x0, pointerCount=1, historySize=0, eventTime=661700530, downTime=661700530, deviceId=0, source=0x1002 }
08-03 23:48:04.148 10238 10640 I art     : Explicit concurrent mark sweep GC freed 3(96B) AllocSpace objects, 0(0B) LOS objects, 7% free, 184MB/200MB, paused 1.525ms total 52.945ms
08-03 23:48:04.157 12847 12847 I Input   : injectMotionEvent: MotionEvent { action=ACTION_MOVE, actionButton=0, id[0]=0, x[0]=500.0, y[0]=432.5, toolType[0]=TOOL_TYPE_UNKNOWN, buttonState=0, metaState=0, flags=0x0, edgeFlags=0x0, pointerCount=1, historySize=0, eventTime=661700570, downTime=661700570, deviceId=0, source=0x1002 }
08-03 23:48:04.166 10238 10640 I art     : Starting a blocking GC Explicit
08-03 23:48:04.195 12847 12847 I Input   : injectMotionEvent: MotionEvent { action=ACTION_MOVE, actionButton=0, id[0]=0, x[0]=500.0, y[0]=358.3999, toolType[0]=TOOL_TYPE_UNKNOWN, buttonState=0, metaState=0, flags=0x0, edgeFlags=0x0, pointerCount=1, historySize=0, eventTime=661700609, downTime=661700609, deviceId=0, source=0x1002 }
08-03 23:48:04.220 10238 10640 I art     : Explicit concurrent mark sweep GC freed 7(224B) AllocSpace objects, 0(0B) LOS objects, 7% free, 184MB/200MB, paused 1.684ms total 52.872ms
08-03 23:48:04.235 12847 12847 I Input   : injectMotionEvent: MotionEvent { action=ACTION_MOVE, actionButton=0, id[0]=0, x[0]=500.0, y[0]=282.40002, toolType[0]=TOOL_TYPE_UNKNOWN, buttonState=0, metaState=0, flags=0x0, edgeFlags=0x0, pointerCount=1, historySize=0, eventTime=661700649, downTime=661700649, deviceId=0, source=0x1002 }
08-03 23:48:04.240 10238 10640 I art     : Starting a blocking GC Explicit
08-03 23:48:04.275 12847 12847 I Input   : injectMotionEvent: MotionEvent { action=ACTION_MOVE, actionButton=0, id[0]=0, x[0]=500.0, y[0]=208.29993, toolType[0]=TOOL_TYPE_UNKNOWN, buttonState=0, metaState=0, flags=0x0, edgeFlags=0x0, pointerCount=1, historySize=0, eventTime=661700688, downTime=661700688, deviceId=0, source=0x1002 }
08-03 23:48:04.293 10238 10640 I art     : Explicit concurrent mark sweep GC freed 7(224B) AllocSpace objects, 0(0B) LOS objects, 7% free, 184MB/200MB, paused 1.329ms total 51.883ms
08-03 23:48:04.314 12847 12847 I Input   : injectMotionEvent: MotionEvent { action=ACTION_MOVE, actionButton=0, id[0]=0, x[0]=500.0, y[0]=132.30005, toolType[0]=TOOL_TYPE_UNKNOWN, buttonState=0, metaState=0, flags=0x0, edgeFlags=0x0, pointerCount=1, historySize=0, eventTime=661700728, downTime=661700728, deviceId=0, source=0x1002 }
08-03 23:48:04.352 12847 12847 I Input   : injectMotionEvent: MotionEvent { action=ACTION_UP, actionButton=0, id[0]=0, x[0]=500.0, y[0]=100.0, toolType[0]=TOOL_TYPE_UNKNOWN, buttonState=0, metaState=0, flags=0x0, edgeFlags=0x0, pointerCount=1, historySize=0, eventTime=661700765, downTime=661700765, deviceId=0, source=0x1002 }
08-03 23:48:04.355   518   646 I ThermalEngine: ACTION: GPU - Setting GPU[0] to 390000000
08-03 23:48:04.396 12847 12847 D AndroidRuntime: Shutting down VM
08-03 23:48:04.728 10238 10249 I art     : Starting a blocking GC Explicit
08-03 23:48:04.798 10238 10249 I art     : Explicit concurrent mark sweep GC freed 1630(93KB) AllocSpace objects, 2(48KB) LOS objects, 7% free, 184MB/200MB, paused 2.028ms total 70.081ms
08-03 23:48:04.825 10238 10249 I art     : Starting a blocking GC Explicit
08-03 23:48:04.893 10238 10249 I art     : Explicit concurrent mark sweep GC freed 28(1024B) AllocSpace objects, 0(0B) LOS objects, 7% free, 184MB/200MB, paused 2.019ms total 68.106ms
08-03 23:48:04.919 10238 10249 I art     : Starting a blocking GC Explicit
08-03 23:48:04.989 10238 10249 I art     : Explicit concurrent mark sweep GC freed 15(752B) AllocSpace objects, 0(0B) LOS objects, 7% free, 184MB/200MB, paused 2.099ms total 69.527ms
08-03 23:48:05.015 10238 10249 I art     : Starting a blocking GC Explicit
08-03 23:48:05.087 10238 10249 I art     : Explicit concurrent mark sweep GC freed 13(640B) AllocSpace objects, 0(0B) LOS objects, 7% free, 184MB/200MB, paused 2.086ms total 71.520ms
08-03 23:48:05.113 10238 10249 I art     : Starting a blocking GC Explicit
08-03 23:48:05.183 10238 10249 I art     : Explicit concurrent mark sweep GC freed 3(96B) AllocSpace objects, 0(0B) LOS objects, 7% free, 184MB/200MB, paused 1.980ms total 69.755ms
08-03 23:48:05.259 12895 12895 D AndroidRuntime: >>>>>> START com.android.internal.os.RuntimeInit uid 2000 <<<<<<
08-03 23:48:05.265 12895 12895 D AndroidRuntime: CheckJNI is OFF
08-03 23:48:05.317 12895 12895 D ICU     : No timezone override file found: /data/misc/zoneinfo/current/icu/icu_tzdata.dat
08-03 23:48:05.364 12895 12895 I Radio-JNI: register_android_hardware_Radio DONE
08-03 23:48:05.398 12895 12895 D AndroidRuntime: Calling main entry com.android.commands.input.Input
08-03 23:48:05.400 12895 12895 I Input   : injectMotionEvent: MotionEvent { action=ACTION_DOWN, actionButton=0, id[0]=0, x[0]=657.0, y[0]=2080.0, toolType[0]=TOOL_TYPE_UNKNOWN, buttonState=0, metaState=0, flags=0x0, edgeFlags=0x0, pointerCount=1, historySize=0, eventTime=661701812, downTime=661701812, deviceId=0, source=0x1002 }
08-03 23:48:05.405 12895 12895 I Input   : injectMotionEvent: MotionEvent { action=ACTION_UP, actionButton=0, id[0]=0, x[0]=657.0, y[0]=2080.0, toolType[0]=TOOL_TYPE_UNKNOWN, buttonState=0, metaState=0, flags=0x0, edgeFlags=0x0, pointerCount=1, historySize=0, eventTime=661701812, downTime=661701812, deviceId=0, source=0x1002 }
08-03 23:48:05.407 12895 12895 D AndroidRuntime: Shutting down VM
08-03 23:48:05.408   918   928 I ActivityManager: START u0 {cmp=baseline.io.github.project_travel_mate/.utilities.UpcomingWeekendsActivity} from uid 10650 on display 0
08-03 23:48:05.410   512  2967 D audio_hw_primary: out_set_parameters: enter: usecase(1: low-latency-playback) kvpairs: routing=2
08-03 23:48:05.425   512  2967 D audio_hw_primary: select_devices: out_snd_device(2: speaker) in_snd_device(0: none)
08-03 23:48:05.425   512  2967 D msm8974_platform: platform_send_audio_calibration: sending audio calibration for snd_device(2) acdb_id(15)
08-03 23:48:05.425   512  2967 I soundtrigger: audio_extn_sound_trigger_update_device_status: device 0x2 of type 0 for Event 1
08-03 23:48:05.437   512  2967 D audio_hw_primary: enable_snd_device: snd_device(2: speaker)
08-03 23:48:05.442   512  2967 D audio_hw_primary: enable_audio_route: apply and update mixer path: low-latency-playback speaker
08-03 23:48:05.463 10238 10307 D Gabe    : call	returning from cache
08-03 23:48:05.468 10238 10238 V EXECUTING: https://project-travel-mate.herokuapp.com/api/get-upcoming-holidays/2020
08-03 23:48:05.471 10238 10238 V EXECUTING: https://project-travel-mate.herokuapp.com/api/get-upcoming-holidays/2020
08-03 23:48:05.563 13866 13866 I GoogleInputMethodServic: GoogleInputMethodService.onFinishInput():3138 
08-03 23:48:05.566 13866 13866 I GoogleInputMethodServic: GoogleInputMethodService.onStartInput():1808 
08-03 23:48:05.649 10238 12694 I art     : Starting a blocking GC Explicit
08-03 23:48:05.671   918   936 I ActivityManager: Displayed baseline.io.github.project_travel_mate/.utilities.UpcomingWeekendsActivity: +251ms
08-03 23:48:05.715 10238 12694 I art     : Explicit concurrent mark sweep GC freed 3372(191KB) AllocSpace objects, 2(48KB) LOS objects, 7% free, 189MB/205MB, paused 2.038ms total 65.875ms
08-03 23:48:05.740 10238 12694 I art     : Starting a blocking GC Explicit
08-03 23:48:05.807 10238 12694 I art     : Explicit concurrent mark sweep GC freed 334(12KB) AllocSpace objects, 0(0B) LOS objects, 7% free, 189MB/205MB, paused 2.129ms total 66.234ms
08-03 23:48:05.832 10238 12694 I art     : Starting a blocking GC Explicit
08-03 23:48:05.896 10238 12694 I art     : Explicit concurrent mark sweep GC freed 102(1872B) AllocSpace objects, 0(0B) LOS objects, 7% free, 189MB/205MB, paused 1.944ms total 63.522ms
08-03 23:48:05.898   380   380 W SurfaceFlinger: couldn't log to binary event log: overflow.
08-03 23:48:05.920 10238 12694 I art     : Starting a blocking GC Explicit
08-03 23:48:05.987 10238 12694 I art     : Explicit concurrent mark sweep GC freed 132(2240B) AllocSpace objects, 0(0B) LOS objects, 7% free, 189MB/205MB, paused 2.446ms total 66.006ms
08-03 23:48:05.989   512  2967 D audio_hw_primary: disable_audio_route: reset and update mixer path: low-latency-playback speaker
08-03 23:48:05.990   512  2967 D audio_hw_primary: disable_snd_device: snd_device(2: speaker)
08-03 23:48:05.998   512  2967 I soundtrigger: audio_extn_sound_trigger_update_device_status: device 0x2 of type 0 for Event 0
08-03 23:48:06.014 10238 12694 I art     : Starting a blocking GC Explicit
08-03 23:48:06.103 10238 12694 I art     : Explicit concurrent mark sweep GC freed 5251(263KB) AllocSpace objects, 6(400KB) LOS objects, 7% free, 189MB/205MB, paused 2.909ms total 88.167ms
08-03 23:48:06.165 10238 12920 I NAPPA_EXPERIMENTATION: MetricNetworkRequestExecutionTime: REQUEST_DURATION_SYSTEM='691',REQUEST_DURATION_OKHTTP='34',REQUEST_SYNCHRONOUS='FALSE',RESPONSE_CODE='200',RESPONSE_METHOD='GET',RESPONSE_LENGTH_OKHTTP='6426',RESPONSE_LENGTH_HEADER='6426',REQUEST_PROTOCOL='http/1.1',REQUEST_URL='https://project-travel-mate.herokuapp.com/api/get-upcoming-holidays/2020',
08-03 23:48:06.185 10238 12919 I NAPPA_EXPERIMENTATION: MetricNetworkRequestExecutionTime: REQUEST_DURATION_SYSTEM='716',REQUEST_DURATION_OKHTTP='53',REQUEST_SYNCHRONOUS='FALSE',RESPONSE_CODE='200',RESPONSE_METHOD='GET',RESPONSE_LENGTH_OKHTTP='6426',RESPONSE_LENGTH_HEADER='6426',REQUEST_PROTOCOL='http/1.1',REQUEST_URL='https://project-travel-mate.herokuapp.com/api/get-upcoming-holidays/2020',
08-03 23:48:06.226 10238 10238 V Response: [{"month":"January","date":1,"day":"Wednesday","name":"New Year's Day","type":"Restricted"},{"month":"January","date":2,"day":"Thursday","name":"Guru Govind Singh Jayanti","type":"Restricted"},{"month":"January","date":14,"day":"Tuesday","name":"Lohri","type":"Restricted"},{"month":"January","date":15,"day":"Wednesday","name":"Pongal","type":"Restricted"},{"month":"January","date":15,"day":"Wednesday","name":"Makar Sankranti","type":"Restricted"},{"month":"January","date":25,"day":"Saturday","name":"Chinese New Year","type":"Observance"},{"month":"January","date":26,"day":"Sunday","name":"Republic Day","type":"Gazetted"},{"month":"January","date":30,"day":"Thursday","name":"Vasant Panchami","type":"Restricted"},{"month":"February","date":9,"day":"Sunday","name":"Guru Ravidas Jayanti","type":"Restricted"},{"month":"February","date":14,"day":"Friday","name":"Valentine's Day","type":"Observance"},{"month":"February","date":18,"day":"Tuesday","name":"Maharishi Dayanand Saraswati Jayanti","type":"Restricted"},{"month":"February","date":19,"day":"Wednesday","name":"Shivaji Jayanti","type":"Restricted"},{"month":"February","date":21,"day":"Friday","name":"Maha Shivaratri/Shivaratri","type":"Gazetted"},{"month":"March","date":9,"day":"Monday","name":"Holika Dahana","type":"Restricted"},{"month":"March","date":9,"day":"Monday","name":"Hazarat Ali's Birthday","type":"Restricted"},{"month":"March","date":10,"day":"Tuesday","name":"Holi","type":"Gazetted"},{"month":"March","date":20,"day":"Friday","name":"March Equinox","type":"Season"},{"month":"March","date":25,"day":"Wednesday","name":"Chaitra Sukhladi","type":"Restricted"},{"month":"April","date":2,"day":"Thursday","name":"Rama Navami","type":"Gazetted"},{"month":"April","date":6,"day":"Monday","name":"Mahavir Jayanti","type":"Gazetted"},{"month":"April","date":9,"day":"Thursday","name":"First day of Passover","type":"Observance"},{"month":"April","date":9,"day":"Thursday","name":"Maundy Thursday","type":"Observance,"},{"month":"April","date":10,"day":"Friday","name":"Good Friday","type":"Gazetted"},{"month":"April","date":12,"day":"Sunday","name":"Easter Day","type":"Restricted"},{"month":"April","date":13,"day":"Monday","name":"Vaisakhi","type":"Restricted"},{"month":"April","date":14,"day":"Tuesday","name":"Mesadi/Vaisakhadi","type":"Restricted"},{"month":"April","date":14,"day":"Tuesday","name":"Ambedkar Jayanti","type":"Central"},{"month":"May","date":1,"day":"Friday","name":"May Day","type":"Observance"},{"month":"May","date":7,"day":"Thursday","name":"Buddha Purnima/Vesak","type":"Gazetted"},{"month":"May","date":7,"day":"Thursday","name":"Birthday of Ravindranath","type":"Restricted"},{"month":"May","date":10,"day":"Sunday","name":"Mother's Day","type":"Observance"},{"month":"May","date":22,"day":"Friday","name":"Jamat Ul-Vida","type":"Restricted"},{"month":"May","date":25,"day":"Monday","name":"Ramzan Id/Eid-ul-Fitar","type":"Gazetted"},{"month":"May","date":25,"day":"Monday","name":"Ramzan Id/Eid-ul-Fitar","type":"Muslim,"},{"month":"June","date":21,"day":"Sunday","name":"June Solstice","type":"Season"},{"month":"June","date":21,"day":"Sunday","name":"Father's Day","type":"Observance"},{"month":"June","date":23,"day":"Tuesday","name":"Rath Yatra","type":"Restricted"},{"month":"July","date":5,"day":"Sunday","name":"Guru Purnima","type":"Observance"},{"month":"July","date":31,"day":"Friday","name":"Bakr Id/Eid ul-Adha","type":"Gazetted"},{"month":"August","date":2,"day":"Sunday","name":"Friendship Day","type":"Observance"},{"month":"August","date":3,"day":"Monday","name":"Raksha Bandhan (Rakhi)","type":"Restricted"},{"month":"August","date":11,"day":"Tuesday","name":"Janmashtami (Smarta)","type":"Restricted"},{"month":"August","date":12,"day":"Wednesday","name":"Janmashtami","type":"Gazetted"},{"month":"August","date":15,"day":"Saturday","name":"Independence Day","type":"Gazetted"},{"month":"August","date":16,"day":"Sunday","name":"Parsi New Year","type":"Restricted"},{"month":"August","date":22,"day":"Saturday","name":"Ganesh Chaturthi/Vin
08-03 23:48:06.315 10238 10238 V Response: [{"month":"January","date":1,"day":"Wednesday","name":"New Year's Day","type":"Restricted"},{"month":"January","date":2,"day":"Thursday","name":"Guru Govind Singh Jayanti","type":"Restricted"},{"month":"January","date":14,"day":"Tuesday","name":"Lohri","type":"Restricted"},{"month":"January","date":15,"day":"Wednesday","name":"Pongal","type":"Restricted"},{"month":"January","date":15,"day":"Wednesday","name":"Makar Sankranti","type":"Restricted"},{"month":"January","date":25,"day":"Saturday","name":"Chinese New Year","type":"Observance"},{"month":"January","date":26,"day":"Sunday","name":"Republic Day","type":"Gazetted"},{"month":"January","date":30,"day":"Thursday","name":"Vasant Panchami","type":"Restricted"},{"month":"February","date":9,"day":"Sunday","name":"Guru Ravidas Jayanti","type":"Restricted"},{"month":"February","date":14,"day":"Friday","name":"Valentine's Day","type":"Observance"},{"month":"February","date":18,"day":"Tuesday","name":"Maharishi Dayanand Saraswati Jayanti","type":"Restricted"},{"month":"February","date":19,"day":"Wednesday","name":"Shivaji Jayanti","type":"Restricted"},{"month":"February","date":21,"day":"Friday","name":"Maha Shivaratri/Shivaratri","type":"Gazetted"},{"month":"March","date":9,"day":"Monday","name":"Holika Dahana","type":"Restricted"},{"month":"March","date":9,"day":"Monday","name":"Hazarat Ali's Birthday","type":"Restricted"},{"month":"March","date":10,"day":"Tuesday","name":"Holi","type":"Gazetted"},{"month":"March","date":20,"day":"Friday","name":"March Equinox","type":"Season"},{"month":"March","date":25,"day":"Wednesday","name":"Chaitra Sukhladi","type":"Restricted"},{"month":"April","date":2,"day":"Thursday","name":"Rama Navami","type":"Gazetted"},{"month":"April","date":6,"day":"Monday","name":"Mahavir Jayanti","type":"Gazetted"},{"month":"April","date":9,"day":"Thursday","name":"First day of Passover","type":"Observance"},{"month":"April","date":9,"day":"Thursday","name":"Maundy Thursday","type":"Observance,"},{"month":"April","date":10,"day":"Friday","name":"Good Friday","type":"Gazetted"},{"month":"April","date":12,"day":"Sunday","name":"Easter Day","type":"Restricted"},{"month":"April","date":13,"day":"Monday","name":"Vaisakhi","type":"Restricted"},{"month":"April","date":14,"day":"Tuesday","name":"Mesadi/Vaisakhadi","type":"Restricted"},{"month":"April","date":14,"day":"Tuesday","name":"Ambedkar Jayanti","type":"Central"},{"month":"May","date":1,"day":"Friday","name":"May Day","type":"Observance"},{"month":"May","date":7,"day":"Thursday","name":"Buddha Purnima/Vesak","type":"Gazetted"},{"month":"May","date":7,"day":"Thursday","name":"Birthday of Ravindranath","type":"Restricted"},{"month":"May","date":10,"day":"Sunday","name":"Mother's Day","type":"Observance"},{"month":"May","date":22,"day":"Friday","name":"Jamat Ul-Vida","type":"Restricted"},{"month":"May","date":25,"day":"Monday","name":"Ramzan Id/Eid-ul-Fitar","type":"Gazetted"},{"month":"May","date":25,"day":"Monday","name":"Ramzan Id/Eid-ul-Fitar","type":"Muslim,"},{"month":"June","date":21,"day":"Sunday","name":"June Solstice","type":"Season"},{"month":"June","date":21,"day":"Sunday","name":"Father's Day","type":"Observance"},{"month":"June","date":23,"day":"Tuesday","name":"Rath Yatra","type":"Restricted"},{"month":"July","date":5,"day":"Sunday","name":"Guru Purnima","type":"Observance"},{"month":"July","date":31,"day":"Friday","name":"Bakr Id/Eid ul-Adha","type":"Gazetted"},{"month":"August","date":2,"day":"Sunday","name":"Friendship Day","type":"Observance"},{"month":"August","date":3,"day":"Monday","name":"Raksha Bandhan (Rakhi)","type":"Restricted"},{"month":"August","date":11,"day":"Tuesday","name":"Janmashtami (Smarta)","type":"Restricted"},{"month":"August","date":12,"day":"Wednesday","name":"Janmashtami","type":"Gazetted"},{"month":"August","date":15,"day":"Saturday","name":"Independence Day","type":"Gazetted"},{"month":"August","date":16,"day":"Sunday","name":"Parsi New Year","type":"Restricted"},{"month":"August","date":22,"day":"Saturday","name":"Ganesh Chaturthi/Vin
08-03 23:48:06.543 10238 12694 I art     : Starting a blocking GC Explicit
08-03 23:48:06.626 10238 12694 I art     : Explicit concurrent mark sweep GC freed 17553(842KB) AllocSpace objects, 6(4MB) LOS objects, 7% free, 185MB/201MB, paused 2.296ms total 81.647ms
08-03 23:48:06.653 10238 12694 I art     : Starting a blocking GC Explicit
08-03 23:48:06.731 10238 12694 I art     : Explicit concurrent mark sweep GC freed 1765(96KB) AllocSpace objects, 11(220KB) LOS objects, 7% free, 185MB/201MB, paused 2.261ms total 77.706ms
08-03 23:48:06.760 10238 12694 I art     : Starting a blocking GC Explicit
08-03 23:48:06.837 10238 12694 I art     : Explicit concurrent mark sweep GC freed 156(2640B) AllocSpace objects, 0(0B) LOS objects, 7% free, 185MB/201MB, paused 2.371ms total 76.784ms
08-03 23:48:06.865 10238 12694 I art     : Starting a blocking GC Explicit
08-03 23:48:06.942 10238 12694 I art     : Explicit concurrent mark sweep GC freed 162(2752B) AllocSpace objects, 0(0B) LOS objects, 7% free, 185MB/201MB, paused 2.174ms total 76.662ms
08-03 23:48:06.969 10238 12694 I art     : Starting a blocking GC Explicit
08-03 23:48:07.046 10238 12694 I art     : Explicit concurrent mark sweep GC freed 147(2496B) AllocSpace objects, 0(0B) LOS objects, 7% free, 185MB/201MB, paused 2.048ms total 76.486ms
08-03 23:48:07.492 10238 10258 I art     : Starting a blocking GC Explicit
08-03 23:48:07.573 10238 10258 I art     : Explicit concurrent mark sweep GC freed 2377(105KB) AllocSpace objects, 2(48KB) LOS objects, 7% free, 185MB/201MB, paused 2.492ms total 79.690ms
08-03 23:48:07.603 10238 10258 I art     : Starting a blocking GC Explicit
08-03 23:48:07.675 10238 10258 I art     : Explicit concurrent mark sweep GC freed 185(3KB) AllocSpace objects, 0(0B) LOS objects, 7% free, 185MB/201MB, paused 1.988ms total 71.060ms
08-03 23:48:07.702 10238 10258 I art     : Starting a blocking GC Explicit
08-03 23:48:07.775 10238 10258 I art     : Explicit concurrent mark sweep GC freed 149(2560B) AllocSpace objects, 0(0B) LOS objects, 7% free, 185MB/201MB, paused 2.061ms total 72.950ms
08-03 23:48:07.802 10238 10258 I art     : Starting a blocking GC Explicit
08-03 23:48:07.878 10238 10258 I art     : Explicit concurrent mark sweep GC freed 159(3KB) AllocSpace objects, 0(0B) LOS objects, 7% free, 185MB/201MB, paused 1.976ms total 74.929ms
08-03 23:48:07.906 10238 10258 I art     : Starting a blocking GC Explicit
08-03 23:48:07.983 10238 10258 I art     : Explicit concurrent mark sweep GC freed 172(3KB) AllocSpace objects, 0(0B) LOS objects, 7% free, 185MB/201MB, paused 2.070ms total 77.038ms
08-03 23:48:07.987  6583  6583 I ServiceManager: Waiting for service AtCmdFwd...
08-03 23:48:08.360   518   646 I ThermalEngine: ACTION: GPU - Setting GPU[0] to 450000000
08-03 23:48:08.451 10238 10250 I art     : Starting a blocking GC Explicit
08-03 23:48:08.539 10238 10250 I art     : Explicit concurrent mark sweep GC freed 2449(106KB) AllocSpace objects, 2(48KB) LOS objects, 7% free, 185MB/201MB, paused 1.670ms total 87.473ms
08-03 23:48:08.560 10238 10250 I art     : Starting a blocking GC Explicit
08-03 23:48:08.623 10238 10250 I art     : Explicit concurrent mark sweep GC freed 126(2672B) AllocSpace objects, 0(0B) LOS objects, 7% free, 185MB/201MB, paused 1.525ms total 61.972ms
08-03 23:48:08.643 10238 10250 I art     : Starting a blocking GC Explicit
08-03 23:48:08.713 10238 10250 I art     : Explicit concurrent mark sweep GC freed 147(2512B) AllocSpace objects, 0(0B) LOS objects, 7% free, 185MB/201MB, paused 1.446ms total 69.680ms
08-03 23:48:08.736 10238 10250 I art     : Starting a blocking GC Explicit
08-03 23:48:08.799 10238 10250 I art     : Explicit concurrent mark sweep GC freed 122(2064B) AllocSpace objects, 0(0B) LOS objects, 7% free, 185MB/201MB, paused 1.462ms total 63.184ms
08-03 23:48:08.820 10238 10250 I art     : Starting a blocking GC Explicit
08-03 23:48:08.885 10238 10250 I art     : Explicit concurrent mark sweep GC freed 123(2096B) AllocSpace objects, 0(0B) LOS objects, 7% free, 185MB/201MB, paused 1.308ms total 64.698ms
08-03 23:48:08.988  6583  6583 I ServiceManager: Waiting for service AtCmdFwd...
08-03 23:48:09.320 10238 10640 I art     : Starting a blocking GC Explicit
08-03 23:48:09.416 10238 10640 I art     : Explicit concurrent mark sweep GC freed 2354(104KB) AllocSpace objects, 2(48KB) LOS objects, 7% free, 185MB/201MB, paused 1.650ms total 96.484ms
08-03 23:48:09.439 10238 10640 I art     : Starting a blocking GC Explicit
08-03 23:48:09.498 10238 10640 I art     : Explicit concurrent mark sweep GC freed 197(4KB) AllocSpace objects, 0(0B) LOS objects, 7% free, 185MB/201MB, paused 1.424ms total 58.345ms
08-03 23:48:09.518 10238 10640 I art     : Starting a blocking GC Explicit
08-03 23:48:09.583 10238 10640 I art     : Explicit concurrent mark sweep GC freed 134(2672B) AllocSpace objects, 0(0B) LOS objects, 7% free, 185MB/201MB, paused 1.278ms total 64.414ms
08-03 23:48:09.603 10238 10640 I art     : Starting a blocking GC Explicit
08-03 23:48:09.666 10238 10640 I art     : Explicit concurrent mark sweep GC freed 122(2064B) AllocSpace objects, 0(0B) LOS objects, 7% free, 185MB/201MB, paused 1.353ms total 62.668ms
08-03 23:48:09.686 10238 10640 I art     : Starting a blocking GC Explicit
08-03 23:48:09.744 10238 10640 I art     : Explicit concurrent mark sweep GC freed 123(2096B) AllocSpace objects, 0(0B) LOS objects, 7% free, 185MB/201MB, paused 1.268ms total 57.247ms
08-03 23:48:09.989  6583  6583 I ServiceManager: Waiting for service AtCmdFwd...
08-03 23:48:10.152 10238 12694 I art     : Starting a blocking GC Explicit
08-03 23:48:10.201 12965 12965 D AndroidRuntime: >>>>>> START com.android.internal.os.RuntimeInit uid 2000 <<<<<<
08-03 23:48:10.206 12965 12965 D AndroidRuntime: CheckJNI is OFF
08-03 23:48:10.216 10238 12694 I art     : Explicit concurrent mark sweep GC freed 2258(103KB) AllocSpace objects, 2(48KB) LOS objects, 7% free, 185MB/201MB, paused 1.446ms total 62.264ms
08-03 23:48:10.235 10238 12694 I art     : Starting a blocking GC Explicit
08-03 23:48:10.250 12965 12965 D ICU     : No timezone override file found: /data/misc/zoneinfo/current/icu/icu_tzdata.dat
08-03 23:48:10.291 12965 12965 I Radio-JNI: register_android_hardware_Radio DONE
08-03 23:48:10.293 10238 12694 I art     : Explicit concurrent mark sweep GC freed 149(3056B) AllocSpace objects, 0(0B) LOS objects, 7% free, 185MB/201MB, paused 1.457ms total 57.945ms
08-03 23:48:10.312 10238 12694 I art     : Starting a blocking GC Explicit
08-03 23:48:10.321 12965 12965 D AndroidRuntime: Calling main entry com.android.commands.input.Input
08-03 23:48:10.323 12965 12965 I Input   : injectKeyEvent: KeyEvent { action=ACTION_DOWN, keyCode=KEYCODE_BACK, scanCode=0, metaState=0, flags=0x0, repeatCount=0, eventTime=661706736, downTime=661706736, deviceId=-1, source=0x101 }
08-03 23:48:10.327 12965 12965 I Input   : injectKeyEvent: KeyEvent { action=ACTION_UP, keyCode=KEYCODE_BACK, scanCode=0, metaState=0, flags=0x0, repeatCount=0, eventTime=661706736, downTime=661706736, deviceId=-1, source=0x101 }
08-03 23:48:10.332 12965 12965 D AndroidRuntime: Shutting down VM
08-03 23:48:10.342 10238 10238 V MainActivity: url = https://project-travel-mate.herokuapp.com/api/number-of-unread-notifications
08-03 23:48:10.369 10238 12694 I art     : Explicit concurrent mark sweep GC freed 406(14KB) AllocSpace objects, 0(0B) LOS objects, 7% free, 185MB/201MB, paused 1.450ms total 56.997ms
08-03 23:48:10.371 13866 13866 I GoogleInputMethodServic: GoogleInputMethodService.onFinishInput():3138 
08-03 23:48:10.371 13866 13866 I GoogleInputMethodServic: GoogleInputMethodService.onStartInput():1808 
08-03 23:48:10.389 10238 12694 I art     : Starting a blocking GC Explicit
08-03 23:48:10.444 10238 12694 I art     : Explicit concurrent mark sweep GC freed 150(4KB) AllocSpace objects, 0(0B) LOS objects, 7% free, 185MB/201MB, paused 1.315ms total 54.156ms
08-03 23:48:10.464 10238 12694 I art     : Starting a blocking GC Explicit
08-03 23:48:10.518 10238 12694 I art     : Explicit concurrent mark sweep GC freed 218(8KB) AllocSpace objects, 0(0B) LOS objects, 7% free, 185MB/201MB, paused 1.449ms total 53.368ms
08-03 23:48:10.703   380   380 W SurfaceFlinger: couldn't log to binary event log: overflow.
08-03 23:48:10.901 10238 10258 I art     : Starting a blocking GC Explicit
08-03 23:48:10.929 10238 12988 I NAPPA_EXPERIMENTATION: MetricNetworkRequestExecutionTime: REQUEST_DURATION_SYSTEM='586',REQUEST_DURATION_OKHTTP='30',REQUEST_SYNCHRONOUS='FALSE',RESPONSE_CODE='200',RESPONSE_METHOD='GET',RESPONSE_LENGTH_OKHTTP='36',RESPONSE_LENGTH_HEADER='36',REQUEST_PROTOCOL='http/1.1',REQUEST_URL='https://project-travel-mate.herokuapp.com/api/number-of-unread-notifications',
08-03 23:48:10.982 10238 10258 I art     : Explicit concurrent mark sweep GC freed 4628(243KB) AllocSpace objects, 6(436KB) LOS objects, 7% free, 185MB/201MB, paused 1.650ms total 79.884ms
08-03 23:48:10.990  6583  6583 I ServiceManager: Waiting for service AtCmdFwd...
08-03 23:48:11.007 10238 10258 I art     : Starting a blocking GC Explicit
08-03 23:48:11.058 10238 10258 I art     : Explicit concurrent mark sweep GC freed 7709(482KB) AllocSpace objects, 13(264KB) LOS objects, 7% free, 184MB/200MB, paused 1.327ms total 51.157ms
08-03 23:48:11.077 10238 10258 I art     : Starting a blocking GC Explicit
08-03 23:48:11.135 10238 10258 I art     : Explicit concurrent mark sweep GC freed 21(928B) AllocSpace objects, 0(0B) LOS objects, 7% free, 184MB/200MB, paused 1.465ms total 57.869ms
08-03 23:48:11.155 10238 10258 I art     : Starting a blocking GC Explicit
08-03 23:48:11.219 10238 10258 I art     : Explicit concurrent mark sweep GC freed 3(96B) AllocSpace objects, 0(0B) LOS objects, 7% free, 184MB/200MB, paused 1.661ms total 63.669ms
08-03 23:48:11.241 10238 10258 I art     : Starting a blocking GC Explicit
08-03 23:48:11.301 10238 10258 I art     : Explicit concurrent mark sweep GC freed 3(96B) AllocSpace objects, 0(0B) LOS objects, 7% free, 184MB/200MB, paused 1.426ms total 60.555ms
08-03 23:48:11.724 10238 12694 I art     : Starting a blocking GC Explicit
08-03 23:48:11.795 10238 12694 I art     : Explicit concurrent mark sweep GC freed 1623(93KB) AllocSpace objects, 2(48KB) LOS objects, 7% free, 184MB/200MB, paused 1.581ms total 70.478ms
08-03 23:48:11.816 10238 12694 I art     : Starting a blocking GC Explicit
08-03 23:48:11.874 10238 12694 I art     : Explicit concurrent mark sweep GC freed 28(1024B) AllocSpace objects, 0(0B) LOS objects, 7% free, 184MB/200MB, paused 1.412ms total 58.086ms
08-03 23:48:11.893 10238 12694 I art     : Starting a blocking GC Explicit
08-03 23:48:11.953 10238 12694 I art     : Explicit concurrent mark sweep GC freed 3(96B) AllocSpace objects, 0(0B) LOS objects, 7% free, 184MB/200MB, paused 1.416ms total 59.748ms
08-03 23:48:11.973 10238 12694 I art     : Starting a blocking GC Explicit
08-03 23:48:11.990  6583  6583 I ServiceManager: Waiting for service AtCmdFwd...
08-03 23:48:12.029 10238 12694 I art     : Explicit concurrent mark sweep GC freed 7(224B) AllocSpace objects, 0(0B) LOS objects, 7% free, 184MB/200MB, paused 1.340ms total 54.827ms
08-03 23:48:12.050 10238 12694 I art     : Starting a blocking GC Explicit
08-03 23:48:12.102 10238 12694 I art     : Explicit concurrent mark sweep GC freed 7(224B) AllocSpace objects, 0(0B) LOS objects, 7% free, 184MB/200MB, paused 1.361ms total 51.850ms
08-03 23:48:12.124 13010 13010 D AndroidRuntime: >>>>>> START com.android.internal.os.RuntimeInit uid 2000 <<<<<<
08-03 23:48:12.129 13010 13010 D AndroidRuntime: CheckJNI is OFF
08-03 23:48:12.168 13010 13010 D ICU     : No timezone override file found: /data/misc/zoneinfo/current/icu/icu_tzdata.dat
08-03 23:48:12.207 13010 13010 I Radio-JNI: register_android_hardware_Radio DONE
08-03 23:48:12.234 13010 13010 D AndroidRuntime: Calling main entry com.android.commands.input.Input
08-03 23:48:12.236 13010 13010 I Input   : injectMotionEvent: MotionEvent { action=ACTION_DOWN, actionButton=0, id[0]=0, x[0]=657.0, y[0]=2080.0, toolType[0]=TOOL_TYPE_UNKNOWN, buttonState=0, metaState=0, flags=0x0, edgeFlags=0x0, pointerCount=1, historySize=0, eventTime=661708649, downTime=661708649, deviceId=0, source=0x1002 }
08-03 23:48:12.258 13010 13010 I Input   : injectMotionEvent: MotionEvent { action=ACTION_UP, actionButton=0, id[0]=0, x[0]=657.0, y[0]=2080.0, toolType[0]=TOOL_TYPE_UNKNOWN, buttonState=0, metaState=0, flags=0x0, edgeFlags=0x0, pointerCount=1, historySize=0, eventTime=661708649, downTime=661708649, deviceId=0, source=0x1002 }
08-03 23:48:12.295 13010 13010 D AndroidRuntime: Shutting down VM
08-03 23:48:12.295   918  4413 I ActivityManager: START u0 {cmp=baseline.io.github.project_travel_mate/.utilities.UpcomingWeekendsActivity} from uid 10650 on display 0
08-03 23:48:12.297   512  2967 D audio_hw_primary: out_set_parameters: enter: usecase(1: low-latency-playback) kvpairs: routing=2
08-03 23:48:12.310   512  2967 D audio_hw_primary: select_devices: out_snd_device(2: speaker) in_snd_device(0: none)
08-03 23:48:12.310   512  2967 D msm8974_platform: platform_send_audio_calibration: sending audio calibration for snd_device(2) acdb_id(15)
08-03 23:48:12.310   512  2967 I soundtrigger: audio_extn_sound_trigger_update_device_status: device 0x2 of type 0 for Event 1
08-03 23:48:12.321   512  2967 D audio_hw_primary: enable_snd_device: snd_device(2: speaker)
08-03 23:48:12.323   512  2967 D audio_hw_primary: enable_audio_route: apply and update mixer path: low-latency-playback speaker
08-03 23:48:12.323 10238 10307 D Gabe    : call	returning from cache
08-03 23:48:12.325 10238 10238 V EXECUTING: https://project-travel-mate.herokuapp.com/api/get-upcoming-holidays/2020
08-03 23:48:12.328 10238 10238 V EXECUTING: https://project-travel-mate.herokuapp.com/api/get-upcoming-holidays/2020
08-03 23:48:12.423 13866 13866 I GoogleInputMethodServic: GoogleInputMethodService.onFinishInput():3138 
08-03 23:48:12.423 13866 13866 I GoogleInputMethodServic: GoogleInputMethodService.onStartInput():1808 
08-03 23:48:12.494 10238 10640 I art     : Starting a blocking GC Explicit
08-03 23:48:12.515   918   936 I ActivityManager: Displayed baseline.io.github.project_travel_mate/.utilities.UpcomingWeekendsActivity: +210ms
08-03 23:48:12.551 10238 10640 I art     : Explicit concurrent mark sweep GC freed 3374(191KB) AllocSpace objects, 2(48KB) LOS objects, 7% free, 189MB/205MB, paused 1.872ms total 56.170ms
08-03 23:48:12.570 10238 10640 I art     : Starting a blocking GC Explicit
08-03 23:48:12.626 10238 10640 I art     : Explicit concurrent mark sweep GC freed 363(13KB) AllocSpace objects, 0(0B) LOS objects, 7% free, 189MB/205MB, paused 1.469ms total 55.404ms
08-03 23:48:12.645 10238 10640 I art     : Starting a blocking GC Explicit
08-03 23:48:12.705 10238 10640 I art     : Explicit concurrent mark sweep GC freed 121(3KB) AllocSpace objects, 0(0B) LOS objects, 7% free, 189MB/205MB, paused 1.556ms total 60.174ms
08-03 23:48:12.719   918  3261 D WifiStateMachine: starting scan for "H369AA63323"WPA_PSK with 2412,5180
08-03 23:48:12.727 10238 10640 I art     : Starting a blocking GC Explicit
08-03 23:48:12.772   380   380 W SurfaceFlinger: couldn't log to binary event log: overflow.
08-03 23:48:12.794   918  3261 D WifiStateMachine: shouldSwitchNetwork  txSuccessRate=6.43 rxSuccessRate=7.71 delta 999 -> 993
08-03 23:48:12.795 10238 10640 I art     : Explicit concurrent mark sweep GC freed 1501(114KB) AllocSpace objects, 4(240KB) LOS objects, 7% free, 189MB/205MB, paused 1.832ms total 67.250ms
08-03 23:48:12.813 10238 10640 I art     : Starting a blocking GC Explicit
08-03 23:48:12.821   918  3261 D WifiStateMachine: CMD_AUTO_ROAM sup state CompletedState my state ConnectedState nid=10 config "H369AA63323"WPA_PSK roam=1 to any targetRoamBSSID any
08-03 23:48:12.835   918  3261 D WifiStateMachine: AUTO_ROAM nothing to do
08-03 23:48:12.852 10238 13037 I NAPPA_EXPERIMENTATION: MetricNetworkRequestExecutionTime: REQUEST_DURATION_SYSTEM='523',REQUEST_DURATION_OKHTTP='32',REQUEST_SYNCHRONOUS='FALSE',RESPONSE_CODE='200',RESPONSE_METHOD='GET',RESPONSE_LENGTH_OKHTTP='6426',RESPONSE_LENGTH_HEADER='6426',REQUEST_PROTOCOL='http/1.1',REQUEST_URL='https://project-travel-mate.herokuapp.com/api/get-upcoming-holidays/2020',
08-03 23:48:12.858   512  2967 D audio_hw_primary: disable_audio_route: reset and update mixer path: low-latency-playback speaker
08-03 23:48:12.859   512  2967 D audio_hw_primary: disable_snd_device: snd_device(2: speaker)
08-03 23:48:12.860 10238 10238 V Response: [{"month":"January","date":1,"day":"Wednesday","name":"New Year's Day","type":"Restricted"},{"month":"January","date":2,"day":"Thursday","name":"Guru Govind Singh Jayanti","type":"Restricted"},{"month":"January","date":14,"day":"Tuesday","name":"Lohri","type":"Restricted"},{"month":"January","date":15,"day":"Wednesday","name":"Pongal","type":"Restricted"},{"month":"January","date":15,"day":"Wednesday","name":"Makar Sankranti","type":"Restricted"},{"month":"January","date":25,"day":"Saturday","name":"Chinese New Year","type":"Observance"},{"month":"January","date":26,"day":"Sunday","name":"Republic Day","type":"Gazetted"},{"month":"January","date":30,"day":"Thursday","name":"Vasant Panchami","type":"Restricted"},{"month":"February","date":9,"day":"Sunday","name":"Guru Ravidas Jayanti","type":"Restricted"},{"month":"February","date":14,"day":"Friday","name":"Valentine's Day","type":"Observance"},{"month":"February","date":18,"day":"Tuesday","name":"Maharishi Dayanand Saraswati Jayanti","type":"Restricted"},{"month":"February","date":19,"day":"Wednesday","name":"Shivaji Jayanti","type":"Restricted"},{"month":"February","date":21,"day":"Friday","name":"Maha Shivaratri/Shivaratri","type":"Gazetted"},{"month":"March","date":9,"day":"Monday","name":"Holika Dahana","type":"Restricted"},{"month":"March","date":9,"day":"Monday","name":"Hazarat Ali's Birthday","type":"Restricted"},{"month":"March","date":10,"day":"Tuesday","name":"Holi","type":"Gazetted"},{"month":"March","date":20,"day":"Friday","name":"March Equinox","type":"Season"},{"month":"March","date":25,"day":"Wednesday","name":"Chaitra Sukhladi","type":"Restricted"},{"month":"April","date":2,"day":"Thursday","name":"Rama Navami","type":"Gazetted"},{"month":"April","date":6,"day":"Monday","name":"Mahavir Jayanti","type":"Gazetted"},{"month":"April","date":9,"day":"Thursday","name":"First day of Passover","type":"Observance"},{"month":"April","date":9,"day":"Thursday","name":"Maundy Thursday","type":"Observance,"},{"month":"April","date":10,"day":"Friday","name":"Good Friday","type":"Gazetted"},{"month":"April","date":12,"day":"Sunday","name":"Easter Day","type":"Restricted"},{"month":"April","date":13,"day":"Monday","name":"Vaisakhi","type":"Restricted"},{"month":"April","date":14,"day":"Tuesday","name":"Mesadi/Vaisakhadi","type":"Restricted"},{"month":"April","date":14,"day":"Tuesday","name":"Ambedkar Jayanti","type":"Central"},{"month":"May","date":1,"day":"Friday","name":"May Day","type":"Observance"},{"month":"May","date":7,"day":"Thursday","name":"Buddha Purnima/Vesak","type":"Gazetted"},{"month":"May","date":7,"day":"Thursday","name":"Birthday of Ravindranath","type":"Restricted"},{"month":"May","date":10,"day":"Sunday","name":"Mother's Day","type":"Observance"},{"month":"May","date":22,"day":"Friday","name":"Jamat Ul-Vida","type":"Restricted"},{"month":"May","date":25,"day":"Monday","name":"Ramzan Id/Eid-ul-Fitar","type":"Gazetted"},{"month":"May","date":25,"day":"Monday","name":"Ramzan Id/Eid-ul-Fitar","type":"Muslim,"},{"month":"June","date":21,"day":"Sunday","name":"June Solstice","type":"Season"},{"month":"June","date":21,"day":"Sunday","name":"Father's Day","type":"Observance"},{"month":"June","date":23,"day":"Tuesday","name":"Rath Yatra","type":"Restricted"},{"month":"July","date":5,"day":"Sunday","name":"Guru Purnima","type":"Observance"},{"month":"July","date":31,"day":"Friday","name":"Bakr Id/Eid ul-Adha","type":"Gazetted"},{"month":"August","date":2,"day":"Sunday","name":"Friendship Day","type":"Observance"},{"month":"August","date":3,"day":"Monday","name":"Raksha Bandhan (Rakhi)","type":"Restricted"},{"month":"August","date":11,"day":"Tuesday","name":"Janmashtami (Smarta)","type":"Restricted"},{"month":"August","date":12,"day":"Wednesday","name":"Janmashtami","type":"Gazetted"},{"month":"August","date":15,"day":"Saturday","name":"Independence Day","type":"Gazetted"},{"month":"August","date":16,"day":"Sunday","name":"Parsi New Year","type":"Restricted"},{"month":"August","date":22,"day":"Saturday","name":"Ganesh Chaturthi/Vin
08-03 23:48:12.867   512  2967 I soundtrigger: audio_extn_sound_trigger_update_device_status: device 0x2 of type 0 for Event 0
08-03 23:48:12.868 10238 10640 I art     : Explicit concurrent mark sweep GC freed 5726(258KB) AllocSpace objects, 3(176KB) LOS objects, 7% free, 189MB/205MB, paused 1.670ms total 55.393ms
08-03 23:48:12.869 10238 13036 I NAPPA_EXPERIMENTATION: MetricNetworkRequestExecutionTime: REQUEST_DURATION_SYSTEM='543',REQUEST_DURATION_OKHTTP='49',REQUEST_SYNCHRONOUS='FALSE',RESPONSE_CODE='200',RESPONSE_METHOD='GET',RESPONSE_LENGTH_OKHTTP='6426',RESPONSE_LENGTH_HEADER='6426',REQUEST_PROTOCOL='http/1.1',REQUEST_URL='https://project-travel-mate.herokuapp.com/api/get-upcoming-holidays/2020',
08-03 23:48:12.921 10238 10238 V Response: [{"month":"January","date":1,"day":"Wednesday","name":"New Year's Day","type":"Restricted"},{"month":"January","date":2,"day":"Thursday","name":"Guru Govind Singh Jayanti","type":"Restricted"},{"month":"January","date":14,"day":"Tuesday","name":"Lohri","type":"Restricted"},{"month":"January","date":15,"day":"Wednesday","name":"Pongal","type":"Restricted"},{"month":"January","date":15,"day":"Wednesday","name":"Makar Sankranti","type":"Restricted"},{"month":"January","date":25,"day":"Saturday","name":"Chinese New Year","type":"Observance"},{"month":"January","date":26,"day":"Sunday","name":"Republic Day","type":"Gazetted"},{"month":"January","date":30,"day":"Thursday","name":"Vasant Panchami","type":"Restricted"},{"month":"February","date":9,"day":"Sunday","name":"Guru Ravidas Jayanti","type":"Restricted"},{"month":"February","date":14,"day":"Friday","name":"Valentine's Day","type":"Observance"},{"month":"February","date":18,"day":"Tuesday","name":"Maharishi Dayanand Saraswati Jayanti","type":"Restricted"},{"month":"February","date":19,"day":"Wednesday","name":"Shivaji Jayanti","type":"Restricted"},{"month":"February","date":21,"day":"Friday","name":"Maha Shivaratri/Shivaratri","type":"Gazetted"},{"month":"March","date":9,"day":"Monday","name":"Holika Dahana","type":"Restricted"},{"month":"March","date":9,"day":"Monday","name":"Hazarat Ali's Birthday","type":"Restricted"},{"month":"March","date":10,"day":"Tuesday","name":"Holi","type":"Gazetted"},{"month":"March","date":20,"day":"Friday","name":"March Equinox","type":"Season"},{"month":"March","date":25,"day":"Wednesday","name":"Chaitra Sukhladi","type":"Restricted"},{"month":"April","date":2,"day":"Thursday","name":"Rama Navami","type":"Gazetted"},{"month":"April","date":6,"day":"Monday","name":"Mahavir Jayanti","type":"Gazetted"},{"month":"April","date":9,"day":"Thursday","name":"First day of Passover","type":"Observance"},{"month":"April","date":9,"day":"Thursday","name":"Maundy Thursday","type":"Observance,"},{"month":"April","date":10,"day":"Friday","name":"Good Friday","type":"Gazetted"},{"month":"April","date":12,"day":"Sunday","name":"Easter Day","type":"Restricted"},{"month":"April","date":13,"day":"Monday","name":"Vaisakhi","type":"Restricted"},{"month":"April","date":14,"day":"Tuesday","name":"Mesadi/Vaisakhadi","type":"Restricted"},{"month":"April","date":14,"day":"Tuesday","name":"Ambedkar Jayanti","type":"Central"},{"month":"May","date":1,"day":"Friday","name":"May Day","type":"Observance"},{"month":"May","date":7,"day":"Thursday","name":"Buddha Purnima/Vesak","type":"Gazetted"},{"month":"May","date":7,"day":"Thursday","name":"Birthday of Ravindranath","type":"Restricted"},{"month":"May","date":10,"day":"Sunday","name":"Mother's Day","type":"Observance"},{"month":"May","date":22,"day":"Friday","name":"Jamat Ul-Vida","type":"Restricted"},{"month":"May","date":25,"day":"Monday","name":"Ramzan Id/Eid-ul-Fitar","type":"Gazetted"},{"month":"May","date":25,"day":"Monday","name":"Ramzan Id/Eid-ul-Fitar","type":"Muslim,"},{"month":"June","date":21,"day":"Sunday","name":"June Solstice","type":"Season"},{"month":"June","date":21,"day":"Sunday","name":"Father's Day","type":"Observance"},{"month":"June","date":23,"day":"Tuesday","name":"Rath Yatra","type":"Restricted"},{"month":"July","date":5,"day":"Sunday","name":"Guru Purnima","type":"Observance"},{"month":"July","date":31,"day":"Friday","name":"Bakr Id/Eid ul-Adha","type":"Gazetted"},{"month":"August","date":2,"day":"Sunday","name":"Friendship Day","type":"Observance"},{"month":"August","date":3,"day":"Monday","name":"Raksha Bandhan (Rakhi)","type":"Restricted"},{"month":"August","date":11,"day":"Tuesday","name":"Janmashtami (Smarta)","type":"Restricted"},{"month":"August","date":12,"day":"Wednesday","name":"Janmashtami","type":"Gazetted"},{"month":"August","date":15,"day":"Saturday","name":"Independence Day","type":"Gazetted"},{"month":"August","date":16,"day":"Sunday","name":"Parsi New Year","type":"Restricted"},{"month":"August","date":22,"day":"Saturday","name":"Ganesh Chaturthi/Vin
08-03 23:48:12.991  6583  6583 W Atfwd_Sendcmd: AtCmdFwd service not published, waiting... retryCnt : 1
08-03 23:48:13.272 10238 10258 I art     : Starting a blocking GC Explicit
08-03 23:48:13.341 10238 10258 I art     : Explicit concurrent mark sweep GC freed 15705(733KB) AllocSpace objects, 5(4MB) LOS objects, 7% free, 185MB/201MB, paused 1.510ms total 68.097ms
08-03 23:48:13.361 10238 10258 I art     : Starting a blocking GC Explicit
08-03 23:48:13.424 10238 10258 I art     : Explicit concurrent mark sweep GC freed 1606(88KB) AllocSpace objects, 0(0B) LOS objects, 7% free, 185MB/201MB, paused 1.423ms total 62.475ms
08-03 23:48:13.444 10238 10258 I art     : Starting a blocking GC Explicit
08-03 23:48:13.508 10238 10258 I art     : Explicit concurrent mark sweep GC freed 163(3KB) AllocSpace objects, 0(0B) LOS objects, 7% free, 185MB/201MB, paused 1.737ms total 63.857ms
08-03 23:48:13.528 10238 10258 I art     : Starting a blocking GC Explicit
08-03 23:48:13.592 10238 10258 I art     : Explicit concurrent mark sweep GC freed 137(2320B) AllocSpace objects, 0(0B) LOS objects, 7% free, 185MB/201MB, paused 1.588ms total 63.822ms
08-03 23:48:13.613 10238 10258 I art     : Starting a blocking GC Explicit
08-03 23:48:13.676 10238 10258 I art     : Explicit concurrent mark sweep GC freed 130(2224B) AllocSpace objects, 0(0B) LOS objects, 7% free, 185MB/201MB, paused 1.394ms total 63.224ms
08-03 23:48:14.091 10238 12694 I art     : Starting a blocking GC Explicit
08-03 23:48:14.164 10238 12694 I art     : Explicit concurrent mark sweep GC freed 2291(104KB) AllocSpace objects, 2(48KB) LOS objects, 7% free, 185MB/201MB, paused 1.677ms total 71.872ms
08-03 23:48:14.184 10238 12694 I art     : Starting a blocking GC Explicit
08-03 23:48:14.252 10238 12694 I art     : Explicit concurrent mark sweep GC freed 171(4KB) AllocSpace objects, 0(0B) LOS objects, 7% free, 185MB/201MB, paused 1.545ms total 67.763ms
08-03 23:48:14.273 10238 12694 I art     : Starting a blocking GC Explicit
08-03 23:48:14.342 10238 12694 I art     : Explicit concurrent mark sweep GC freed 123(2096B) AllocSpace objects, 0(0B) LOS objects, 7% free, 185MB/201MB, paused 1.450ms total 68.807ms
08-03 23:48:14.363 10238 12694 I art     : Starting a blocking GC Explicit
08-03 23:48:14.433 10238 12694 I art     : Explicit concurrent mark sweep GC freed 147(2496B) AllocSpace objects, 0(0B) LOS objects, 7% free, 185MB/201MB, paused 1.517ms total 70.129ms
08-03 23:48:14.433 10238 10248 I art     : WaitForGcToComplete blocked for 16.145ms for cause HeapTrim
08-03 23:48:14.453 10238 12694 I art     : Starting a blocking GC Explicit
08-03 23:48:14.523 10238 12694 I art     : Explicit concurrent mark sweep GC freed 160(3KB) AllocSpace objects, 0(0B) LOS objects, 7% free, 185MB/201MB, paused 1.561ms total 69.085ms
08-03 23:48:14.961 10238 10249 I art     : Starting a blocking GC Explicit
08-03 23:48:15.030 10238 10249 I art     : Explicit concurrent mark sweep GC freed 2329(104KB) AllocSpace objects, 2(48KB) LOS objects, 7% free, 185MB/201MB, paused 1.592ms total 68.925ms
08-03 23:48:15.051 10238 10249 I art     : Starting a blocking GC Explicit
08-03 23:48:15.117 10238 10249 I art     : Explicit concurrent mark sweep GC freed 148(3024B) AllocSpace objects, 0(0B) LOS objects, 7% free, 185MB/201MB, paused 1.543ms total 65.904ms
08-03 23:48:15.138 10238 10249 I art     : Starting a blocking GC Explicit
08-03 23:48:15.207 10238 10249 I art     : Explicit concurrent mark sweep GC freed 124(2128B) AllocSpace objects, 0(0B) LOS objects, 7% free, 185MB/201MB, paused 1.545ms total 68.760ms
08-03 23:48:15.227 10238 10249 I art     : Starting a blocking GC Explicit
08-03 23:48:15.297 10238 10249 I art     : Explicit concurrent mark sweep GC freed 146(2464B) AllocSpace objects, 0(0B) LOS objects, 7% free, 185MB/201MB, paused 1.423ms total 69.735ms
08-03 23:48:15.318 10238 10249 I art     : Starting a blocking GC Explicit
08-03 23:48:15.386 10238 10249 I art     : Explicit concurrent mark sweep GC freed 124(2128B) AllocSpace objects, 0(0B) LOS objects, 7% free, 185MB/201MB, paused 1.559ms total 67.376ms
08-03 23:48:15.833 10238 10640 I art     : Starting a blocking GC Explicit
08-03 23:48:15.904 10238 10640 I art     : Explicit concurrent mark sweep GC freed 2380(105KB) AllocSpace objects, 2(48KB) LOS objects, 7% free, 185MB/201MB, paused 1.440ms total 70.449ms
08-03 23:48:15.927 10238 10640 I art     : Starting a blocking GC Explicit
08-03 23:48:15.992 10238 10640 I art     : Explicit concurrent mark sweep GC freed 157(3KB) AllocSpace objects, 0(0B) LOS objects, 7% free, 185MB/201MB, paused 1.516ms total 64.356ms
08-03 23:48:16.012 10238 10640 I art     : Starting a blocking GC Explicit
08-03 23:48:16.078 10238 10640 I art     : Explicit concurrent mark sweep GC freed 128(2192B) AllocSpace objects, 0(0B) LOS objects, 7% free, 185MB/201MB, paused 1.618ms total 65.900ms
08-03 23:48:16.098 10238 10640 I art     : Starting a blocking GC Explicit
08-03 23:48:16.167 10238 10640 I art     : Explicit concurrent mark sweep GC freed 142(2400B) AllocSpace objects, 0(0B) LOS objects, 7% free, 185MB/201MB, paused 1.580ms total 68.455ms
08-03 23:48:16.187 10238 10640 I art     : Starting a blocking GC Explicit
08-03 23:48:16.255 10238 10640 I art     : Explicit concurrent mark sweep GC freed 124(2128B) AllocSpace objects, 0(0B) LOS objects, 7% free, 185MB/201MB, paused 1.531ms total 67.944ms
08-03 23:48:16.684 10238 10250 I art     : Starting a blocking GC Explicit
08-03 23:48:16.751 10238 10250 I art     : Explicit concurrent mark sweep GC freed 2342(104KB) AllocSpace objects, 2(48KB) LOS objects, 7% free, 185MB/201MB, paused 1.551ms total 66.390ms
08-03 23:48:16.771 10238 10250 I art     : Starting a blocking GC Explicit
08-03 23:48:16.837 10238 10250 I art     : Explicit concurrent mark sweep GC freed 149(3056B) AllocSpace objects, 0(0B) LOS objects, 7% free, 185MB/201MB, paused 1.552ms total 65.523ms
08-03 23:48:16.858 10238 10250 I art     : Starting a blocking GC Explicit
08-03 23:48:16.924 10238 10250 I art     : Explicit concurrent mark sweep GC freed 123(2096B) AllocSpace objects, 0(0B) LOS objects, 7% free, 185MB/201MB, paused 1.541ms total 65.835ms
08-03 23:48:16.944 10238 10250 I art     : Starting a blocking GC Explicit
08-03 23:48:17.011 10238 10250 I art     : Explicit concurrent mark sweep GC freed 134(2720B) AllocSpace objects, 0(0B) LOS objects, 7% free, 185MB/201MB, paused 1.565ms total 66.652ms
08-03 23:48:17.031 10238 10250 I art     : Starting a blocking GC Explicit
08-03 23:48:17.086 13093 13093 D AndroidRuntime: >>>>>> START com.android.internal.os.RuntimeInit uid 2000 <<<<<<
08-03 23:48:17.092 13093 13093 D AndroidRuntime: CheckJNI is OFF
08-03 23:48:17.096 10238 10250 I art     : Explicit concurrent mark sweep GC freed 134(2672B) AllocSpace objects, 0(0B) LOS objects, 7% free, 185MB/201MB, paused 1.834ms total 64.561ms
08-03 23:48:17.138 13093 13093 D ICU     : No timezone override file found: /data/misc/zoneinfo/current/icu/icu_tzdata.dat
08-03 23:48:17.183 13093 13093 I Radio-JNI: register_android_hardware_Radio DONE
08-03 23:48:17.212 13093 13093 D AndroidRuntime: Calling main entry com.android.commands.input.Input
08-03 23:48:17.214 13093 13093 I Input   : injectKeyEvent: KeyEvent { action=ACTION_DOWN, keyCode=KEYCODE_BACK, scanCode=0, metaState=0, flags=0x0, repeatCount=0, eventTime=661713627, downTime=661713627, deviceId=-1, source=0x101 }
08-03 23:48:17.221 13093 13093 I Input   : injectKeyEvent: KeyEvent { action=ACTION_UP, keyCode=KEYCODE_BACK, scanCode=0, metaState=0, flags=0x0, repeatCount=0, eventTime=661713627, downTime=661713627, deviceId=-1, source=0x101 }
08-03 23:48:17.229 13093 13093 D AndroidRuntime: Shutting down VM
08-03 23:48:17.244 10238 10238 V MainActivity: url = https://project-travel-mate.herokuapp.com/api/number-of-unread-notifications
08-03 23:48:17.275 13866 13866 I GoogleInputMethodServic: GoogleInputMethodService.onFinishInput():3138 
08-03 23:48:17.276 13866 13866 I GoogleInputMethodServic: GoogleInputMethodService.onStartInput():1808 
08-03 23:48:17.504 10238 10250 I art     : Starting a blocking GC Explicit
08-03 23:48:17.579 10238 10250 I art     : Explicit concurrent mark sweep GC freed 2740(126KB) AllocSpace objects, 2(48KB) LOS objects, 7% free, 185MB/201MB, paused 1.611ms total 75.022ms
08-03 23:48:17.593   380   380 W SurfaceFlinger: couldn't log to binary event log: overflow.
08-03 23:48:17.601 10238 10250 I art     : Starting a blocking GC Explicit
08-03 23:48:17.657 10238 10250 I art     : Explicit concurrent mark sweep GC freed 149(4KB) AllocSpace objects, 0(0B) LOS objects, 7% free, 185MB/201MB, paused 1.514ms total 55.910ms
08-03 23:48:17.676 10238 10250 I art     : Starting a blocking GC Explicit
08-03 23:48:17.737 10238 10250 I art     : Explicit concurrent mark sweep GC freed 7229(413KB) AllocSpace objects, 15(384KB) LOS objects, 7% free, 185MB/201MB, paused 1.719ms total 60.485ms
08-03 23:48:17.756 10238 10250 I art     : Starting a blocking GC Explicit
08-03 23:48:17.794 10238 13108 I NAPPA_EXPERIMENTATION: MetricNetworkRequestExecutionTime: REQUEST_DURATION_SYSTEM='548',REQUEST_DURATION_OKHTTP='30',REQUEST_SYNCHRONOUS='FALSE',RESPONSE_CODE='200',RESPONSE_METHOD='GET',RESPONSE_LENGTH_OKHTTP='36',RESPONSE_LENGTH_HEADER='36',REQUEST_PROTOCOL='http/1.1',REQUEST_URL='https://project-travel-mate.herokuapp.com/api/number-of-unread-notifications',
08-03 23:48:17.819 10238 10250 I art     : Explicit concurrent mark sweep GC freed 2192(103KB) AllocSpace objects, 1(80KB) LOS objects, 7% free, 185MB/201MB, paused 1.662ms total 62.801ms
08-03 23:48:17.839 10238 10250 I art     : Starting a blocking GC Explicit
08-03 23:48:17.902 10238 10250 I art     : Explicit concurrent mark sweep GC freed 931(107KB) AllocSpace objects, 0(0B) LOS objects, 7% free, 185MB/201MB, paused 1.440ms total 62.001ms
08-03 23:48:17.991  6583  6583 I ServiceManager: Waiting for service AtCmdFwd...
08-03 23:48:18.341 10238 10249 I art     : Starting a blocking GC Explicit
08-03 23:48:18.418 10238 10249 I art     : Explicit concurrent mark sweep GC freed 1586(92KB) AllocSpace objects, 2(48KB) LOS objects, 7% free, 185MB/201MB, paused 1.622ms total 76.302ms
08-03 23:48:18.442 10238 10249 I art     : Starting a blocking GC Explicit
08-03 23:48:18.501 10238 10249 I art     : Explicit concurrent mark sweep GC freed 102(3KB) AllocSpace objects, 0(0B) LOS objects, 7% free, 185MB/201MB, paused 1.480ms total 58.528ms
08-03 23:48:18.520 10238 10249 I art     : Starting a blocking GC Explicit
08-03 23:48:18.579 10238 10249 I art     : Explicit concurrent mark sweep GC freed 42(1536B) AllocSpace objects, 0(0B) LOS objects, 7% free, 185MB/201MB, paused 1.484ms total 58.391ms
08-03 23:48:18.599 10238 10249 I art     : Starting a blocking GC Explicit
08-03 23:48:18.657 10238 10249 I art     : Explicit concurrent mark sweep GC freed 3(96B) AllocSpace objects, 0(0B) LOS objects, 7% free, 185MB/201MB, paused 1.527ms total 58.372ms
08-03 23:48:18.677 10238 10249 I art     : Starting a blocking GC Explicit
08-03 23:48:18.737 10238 10249 I art     : Explicit concurrent mark sweep GC freed 3(96B) AllocSpace objects, 0(0B) LOS objects, 7% free, 185MB/201MB, paused 1.431ms total 59.346ms
08-03 23:48:18.992  6583  6583 I ServiceManager: Waiting for service AtCmdFwd...
08-03 23:48:19.003 13128 13128 D AndroidRuntime: >>>>>> START com.android.internal.os.RuntimeInit uid 2000 <<<<<<
08-03 23:48:19.009 13128 13128 D AndroidRuntime: CheckJNI is OFF
08-03 23:48:19.051 13128 13128 D ICU     : No timezone override file found: /data/misc/zoneinfo/current/icu/icu_tzdata.dat
08-03 23:48:19.089 13128 13128 I Radio-JNI: register_android_hardware_Radio DONE
08-03 23:48:19.117 13128 13128 D AndroidRuntime: Calling main entry com.android.commands.input.Input
08-03 23:48:19.121 13128 13128 I Input   : injectMotionEvent: MotionEvent { action=ACTION_DOWN, actionButton=0, id[0]=0, x[0]=117.0, y[0]=170.0, toolType[0]=TOOL_TYPE_UNKNOWN, buttonState=0, metaState=0, flags=0x0, edgeFlags=0x0, pointerCount=1, historySize=0, eventTime=661715533, downTime=661715533, deviceId=0, source=0x1002 }
08-03 23:48:19.134 13128 13128 I Input   : injectMotionEvent: MotionEvent { action=ACTION_UP, actionButton=0, id[0]=0, x[0]=117.0, y[0]=170.0, toolType[0]=TOOL_TYPE_UNKNOWN, buttonState=0, metaState=0, flags=0x0, edgeFlags=0x0, pointerCount=1, historySize=0, eventTime=661715533, downTime=661715533, deviceId=0, source=0x1002 }
08-03 23:48:19.175 10238 12694 I art     : Starting a blocking GC Explicit
08-03 23:48:19.178 13128 13128 D AndroidRuntime: Shutting down VM
08-03 23:48:19.222   512  2967 D audio_hw_primary: out_set_parameters: enter: usecase(1: low-latency-playback) kvpairs: routing=2
08-03 23:48:19.233 10238 12694 I art     : Explicit concurrent mark sweep GC freed 1621(93KB) AllocSpace objects, 2(48KB) LOS objects, 7% free, 185MB/201MB, paused 1.487ms total 57.096ms
08-03 23:48:19.235   512  2967 D audio_hw_primary: select_devices: out_snd_device(2: speaker) in_snd_device(0: none)
08-03 23:48:19.235   512  2967 D msm8974_platform: platform_send_audio_calibration: sending audio calibration for snd_device(2) acdb_id(15)
08-03 23:48:19.235   512  2967 I soundtrigger: audio_extn_sound_trigger_update_device_status: device 0x2 of type 0 for Event 1
08-03 23:48:19.246   512  2967 D audio_hw_primary: enable_snd_device: snd_device(2: speaker)
08-03 23:48:19.249   512  2967 D audio_hw_primary: enable_audio_route: apply and update mixer path: low-latency-playback speaker
08-03 23:48:19.253 10238 12694 I art     : Starting a blocking GC Explicit
08-03 23:48:19.306 10238 12694 I art     : Explicit concurrent mark sweep GC freed 50(1920B) AllocSpace objects, 0(0B) LOS objects, 7% free, 185MB/201MB, paused 1.616ms total 52.830ms
08-03 23:48:19.325 10238 12694 I art     : Starting a blocking GC Explicit
08-03 23:48:19.380 10238 12694 I art     : Explicit concurrent mark sweep GC freed 403(20KB) AllocSpace objects, 0(0B) LOS objects, 7% free, 185MB/201MB, paused 1.602ms total 54.668ms
08-03 23:48:19.399 10238 12694 I art     : Starting a blocking GC Explicit
08-03 23:48:19.452 10238 12694 I art     : Explicit concurrent mark sweep GC freed 7(384B) AllocSpace objects, 0(0B) LOS objects, 7% free, 185MB/201MB, paused 1.467ms total 52.319ms
08-03 23:48:19.470 10238 12694 I art     : Starting a blocking GC Explicit
08-03 23:48:19.524 10238 12694 I art     : Explicit concurrent mark sweep GC freed 40(1088B) AllocSpace objects, 0(0B) LOS objects, 7% free, 185MB/201MB, paused 1.438ms total 53.341ms
08-03 23:48:19.778   512  2967 D audio_hw_primary: disable_audio_route: reset and update mixer path: low-latency-playback speaker
08-03 23:48:19.780   512  2967 D audio_hw_primary: disable_snd_device: snd_device(2: speaker)
08-03 23:48:19.788   512  2967 I soundtrigger: audio_extn_sound_trigger_update_device_status: device 0x2 of type 0 for Event 0
08-03 23:48:19.921 10238 10249 I art     : Starting a blocking GC Explicit
08-03 23:48:19.924 13151 13151 D AndroidRuntime: >>>>>> START com.android.internal.os.RuntimeInit uid 2000 <<<<<<
08-03 23:48:19.930 13151 13151 D AndroidRuntime: CheckJNI is OFF
08-03 23:48:19.974 13151 13151 D ICU     : No timezone override file found: /data/misc/zoneinfo/current/icu/icu_tzdata.dat
08-03 23:48:19.981 10238 10249 I art     : Explicit concurrent mark sweep GC freed 1647(95KB) AllocSpace objects, 2(48KB) LOS objects, 7% free, 185MB/201MB, paused 1.507ms total 59.241ms
08-03 23:48:19.992  6583  6583 I ServiceManager: Waiting for service AtCmdFwd...
08-03 23:48:20.000 10238 10249 I art     : Starting a blocking GC Explicit
08-03 23:48:20.016 13151 13151 I Radio-JNI: register_android_hardware_Radio DONE
08-03 23:48:20.046 13151 13151 D AndroidRuntime: Calling main entry com.android.commands.input.Input
08-03 23:48:20.048 13151 13151 I Input   : injectMotionEvent: MotionEvent { action=ACTION_DOWN, actionButton=0, id[0]=0, x[0]=405.0, y[0]=661.0, toolType[0]=TOOL_TYPE_UNKNOWN, buttonState=0, metaState=0, flags=0x0, edgeFlags=0x0, pointerCount=1, historySize=0, eventTime=661716460, downTime=661716460, deviceId=0, source=0x1002 }
08-03 23:48:20.053 13151 13151 I Input   : injectMotionEvent: MotionEvent { action=ACTION_UP, actionButton=0, id[0]=0, x[0]=405.0, y[0]=661.0, toolType[0]=TOOL_TYPE_UNKNOWN, buttonState=0, metaState=0, flags=0x0, edgeFlags=0x0, pointerCount=1, historySize=0, eventTime=661716460, downTime=661716460, deviceId=0, source=0x1002 }
08-03 23:48:20.055 13151 13151 D AndroidRuntime: Shutting down VM
08-03 23:48:20.058 10238 10249 I art     : Explicit concurrent mark sweep GC freed 53(2016B) AllocSpace objects, 0(0B) LOS objects, 7% free, 185MB/201MB, paused 1.671ms total 57.510ms
08-03 23:48:20.072   512  2967 D audio_hw_primary: out_set_parameters: enter: usecase(1: low-latency-playback) kvpairs: routing=2
08-03 23:48:20.078 10238 10249 I art     : Starting a blocking GC Explicit
08-03 23:48:20.085   512  2967 D audio_hw_primary: select_devices: out_snd_device(2: speaker) in_snd_device(0: none)
08-03 23:48:20.085   512  2967 D msm8974_platform: platform_send_audio_calibration: sending audio calibration for snd_device(2) acdb_id(15)
08-03 23:48:20.086   512  2967 I soundtrigger: audio_extn_sound_trigger_update_device_status: device 0x2 of type 0 for Event 1
08-03 23:48:20.095   512  2967 D audio_hw_primary: enable_snd_device: snd_device(2: speaker)
08-03 23:48:20.097   512  2967 D audio_hw_primary: enable_audio_route: apply and update mixer path: low-latency-playback speaker
08-03 23:48:20.135 10238 10249 I art     : Explicit concurrent mark sweep GC freed 1196(46KB) AllocSpace objects, 0(0B) LOS objects, 7% free, 185MB/201MB, paused 1.660ms total 57.057ms
08-03 23:48:20.138   512  2967 D AudioFlinger: mixer(0xf4740000) throttle end: throttle time(12)
08-03 23:48:20.156 10238 10249 I art     : Starting a blocking GC Explicit
08-03 23:48:20.211 10238 10249 I art     : Explicit concurrent mark sweep GC freed 939(31KB) AllocSpace objects, 0(0B) LOS objects, 7% free, 185MB/201MB, paused 1.428ms total 55.157ms
08-03 23:48:20.231 10238 10249 I art     : Starting a blocking GC Explicit
08-03 23:48:20.287 10238 10249 I art     : Explicit concurrent mark sweep GC freed 732(43KB) AllocSpace objects, 0(0B) LOS objects, 7% free, 185MB/201MB, paused 1.526ms total 55.916ms
08-03 23:48:20.619   512  2967 D audio_hw_primary: disable_audio_route: reset and update mixer path: low-latency-playback speaker
08-03 23:48:20.620   512  2967 D audio_hw_primary: disable_snd_device: snd_device(2: speaker)
08-03 23:48:20.629   512  2967 I soundtrigger: audio_extn_sound_trigger_update_device_status: device 0x2 of type 0 for Event 0
08-03 23:48:20.691 10238 10640 I art     : Starting a blocking GC Explicit
08-03 23:48:20.774 10238 10640 I art     : Explicit concurrent mark sweep GC freed 1647(93KB) AllocSpace objects, 11(300KB) LOS objects, 7% free, 185MB/201MB, paused 1.609ms total 81.961ms
08-03 23:48:20.796 10238 10640 I art     : Starting a blocking GC Explicit
08-03 23:48:20.859 10238 10640 I art     : Explicit concurrent mark sweep GC freed 28(1024B) AllocSpace objects, 0(0B) LOS objects, 7% free, 185MB/201MB, paused 1.524ms total 62.808ms
08-03 23:48:20.879 10238 10640 I art     : Starting a blocking GC Explicit
08-03 23:48:20.943 10238 10640 I art     : Explicit concurrent mark sweep GC freed 3(96B) AllocSpace objects, 0(0B) LOS objects, 7% free, 185MB/201MB, paused 1.468ms total 63.250ms
08-03 23:48:20.963 10238 10640 I art     : Starting a blocking GC Explicit
08-03 23:48:20.993  6583  6583 I ServiceManager: Waiting for service AtCmdFwd...
08-03 23:48:21.026 10238 10640 I art     : Explicit concurrent mark sweep GC freed 3(96B) AllocSpace objects, 0(0B) LOS objects, 7% free, 185MB/201MB, paused 1.464ms total 62.926ms
08-03 23:48:21.046 10238 10640 I art     : Starting a blocking GC Explicit
08-03 23:48:21.109 10238 10640 I art     : Explicit concurrent mark sweep GC freed 3(96B) AllocSpace objects, 0(0B) LOS objects, 7% free, 185MB/201MB, paused 1.579ms total 62.355ms
08-03 23:48:21.523 10238 10258 I art     : Starting a blocking GC Explicit
08-03 23:48:21.607 10238 10258 I art     : Explicit concurrent mark sweep GC freed 1635(93KB) AllocSpace objects, 2(48KB) LOS objects, 7% free, 185MB/201MB, paused 1.610ms total 83.554ms
08-03 23:48:21.629 10238 10258 I art     : Starting a blocking GC Explicit
08-03 23:48:21.691 10238 10258 I art     : Explicit concurrent mark sweep GC freed 49(2320B) AllocSpace objects, 0(0B) LOS objects, 7% free, 185MB/201MB, paused 1.482ms total 62.350ms
08-03 23:48:21.711 10238 10258 I art     : Starting a blocking GC Explicit
08-03 23:48:21.779 10238 10258 I art     : Explicit concurrent mark sweep GC freed 3(96B) AllocSpace objects, 0(0B) LOS objects, 7% free, 185MB/201MB, paused 1.716ms total 67.218ms
08-03 23:48:21.801 10238 10258 I art     : Starting a blocking GC Explicit
08-03 23:48:21.871 10238 10258 I art     : Explicit concurrent mark sweep GC freed 3(96B) AllocSpace objects, 0(0B) LOS objects, 7% free, 185MB/201MB, paused 1.428ms total 69.855ms
08-03 23:48:21.891 10238 10258 I art     : Starting a blocking GC Explicit
08-03 23:48:21.962 10238 10258 I art     : Explicit concurrent mark sweep GC freed 3(96B) AllocSpace objects, 0(0B) LOS objects, 7% free, 185MB/201MB, paused 1.540ms total 70.425ms
08-03 23:48:21.994  6583  6583 I ServiceManager: Waiting for service AtCmdFwd...
08-03 23:48:22.386 10238 12694 I art     : Starting a blocking GC Explicit
08-03 23:48:22.452 10238 12694 I art     : Explicit concurrent mark sweep GC freed 1586(92KB) AllocSpace objects, 2(48KB) LOS objects, 7% free, 185MB/201MB, paused 1.668ms total 66.255ms
08-03 23:48:22.472 10238 12694 I art     : Starting a blocking GC Explicit
08-03 23:48:22.537 10238 12694 I art     : Explicit concurrent mark sweep GC freed 65(2016B) AllocSpace objects, 0(0B) LOS objects, 7% free, 185MB/201MB, paused 1.600ms total 64.187ms
08-03 23:48:22.557 10238 12694 I art     : Starting a blocking GC Explicit
08-03 23:48:22.620 10238 12694 I art     : Explicit concurrent mark sweep GC freed 3(96B) AllocSpace objects, 0(0B) LOS objects, 7% free, 185MB/201MB, paused 1.540ms total 62.880ms
08-03 23:48:22.640 10238 12694 I art     : Starting a blocking GC Explicit
08-03 23:48:22.706 10238 12694 I art     : Explicit concurrent mark sweep GC freed 3(96B) AllocSpace objects, 0(0B) LOS objects, 7% free, 185MB/201MB, paused 1.487ms total 65.194ms
08-03 23:48:22.726 10238 12694 I art     : Starting a blocking GC Explicit
08-03 23:48:22.790 10238 12694 I art     : Explicit concurrent mark sweep GC freed 3(96B) AllocSpace objects, 0(0B) LOS objects, 7% free, 185MB/201MB, paused 1.598ms total 63.252ms
08-03 23:48:22.868 13209 13209 D AndroidRuntime: >>>>>> START com.android.internal.os.RuntimeInit uid 2000 <<<<<<
08-03 23:48:22.875 13209 13209 D AndroidRuntime: CheckJNI is OFF
08-03 23:48:22.924 13209 13209 D ICU     : No timezone override file found: /data/misc/zoneinfo/current/icu/icu_tzdata.dat
08-03 23:48:22.971 13209 13209 I Radio-JNI: register_android_hardware_Radio DONE
08-03 23:48:22.994  6583  6583 W Atfwd_Sendcmd: AtCmdFwd service not published, waiting... retryCnt : 2
08-03 23:48:22.999 13209 13209 D AndroidRuntime: Calling main entry com.android.commands.input.Input
08-03 23:48:23.002 13209 13209 I Input   : injectMotionEvent: MotionEvent { action=ACTION_DOWN, actionButton=0, id[0]=0, x[0]=1341.0, y[0]=197.0, toolType[0]=TOOL_TYPE_UNKNOWN, buttonState=0, metaState=0, flags=0x0, edgeFlags=0x0, pointerCount=1, historySize=0, eventTime=661719414, downTime=661719414, deviceId=0, source=0x1002 }
08-03 23:48:23.007 13209 13209 I Input   : injectMotionEvent: MotionEvent { action=ACTION_UP, actionButton=0, id[0]=0, x[0]=1341.0, y[0]=197.0, toolType[0]=TOOL_TYPE_UNKNOWN, buttonState=0, metaState=0, flags=0x0, edgeFlags=0x0, pointerCount=1, historySize=0, eventTime=661719414, downTime=661719414, deviceId=0, source=0x1002 }
08-03 23:48:23.009 13209 13209 D AndroidRuntime: Shutting down VM
08-03 23:48:23.018   918   929 I ActivityManager: START u0 {cmp=baseline.io.github.project_travel_mate/.notifications.NotificationsActivity} from uid 10650 on display 0
08-03 23:48:23.018   512  2967 D audio_hw_primary: out_set_parameters: enter: usecase(1: low-latency-playback) kvpairs: routing=2
08-03 23:48:23.031   512  2967 D audio_hw_primary: select_devices: out_snd_device(2: speaker) in_snd_device(0: none)
08-03 23:48:23.031   512  2967 D msm8974_platform: platform_send_audio_calibration: sending audio calibration for snd_device(2) acdb_id(15)
08-03 23:48:23.032   512  2967 I soundtrigger: audio_extn_sound_trigger_update_device_status: device 0x2 of type 0 for Event 1
08-03 23:48:23.044   512  2967 D audio_hw_primary: enable_snd_device: snd_device(2: speaker)
08-03 23:48:23.046   512  2967 D audio_hw_primary: enable_audio_route: apply and update mixer path: low-latency-playback speaker
08-03 23:48:23.057 10238 10307 D Gabe    : call	returning from cache
08-03 23:48:23.063 10238 10238 V EXECUTING: https://project-travel-mate.herokuapp.com/api/get-notifications
08-03 23:48:23.066 10238 10238 V EXECUTING: https://project-travel-mate.herokuapp.com/api/get-notifications
08-03 23:48:23.216 10238 12694 I art     : Starting a blocking GC Explicit
08-03 23:48:23.222   918   936 I ActivityManager: Displayed baseline.io.github.project_travel_mate/.notifications.NotificationsActivity: +195ms
08-03 23:48:23.228 13866 13866 I GoogleInputMethodServic: GoogleInputMethodService.onFinishInput():3138 
08-03 23:48:23.228 13866 13866 I GoogleInputMethodServic: GoogleInputMethodService.onStartInput():1808 
08-03 23:48:23.283 10238 12694 I art     : Explicit concurrent mark sweep GC freed 3794(215KB) AllocSpace objects, 2(48KB) LOS objects, 7% free, 189MB/205MB, paused 1.857ms total 66.453ms
08-03 23:48:23.305 10238 12694 I art     : Starting a blocking GC Explicit
08-03 23:48:23.323 10238 10254 D OpenGLRenderer: endAllStagingAnimators on 0x7f7a0c6000 (RippleDrawable) with handle 0x7f79a71160
08-03 23:48:23.363 10238 12694 I art     : Explicit concurrent mark sweep GC freed 428(17KB) AllocSpace objects, 0(0B) LOS objects, 7% free, 189MB/205MB, paused 1.681ms total 57.574ms
08-03 23:48:23.385 10238 12694 I art     : Starting a blocking GC Explicit
08-03 23:48:23.440 10238 12694 I art     : Explicit concurrent mark sweep GC freed 161(4KB) AllocSpace objects, 0(0B) LOS objects, 7% free, 189MB/205MB, paused 1.452ms total 55.246ms
08-03 23:48:23.459 10238 12694 I art     : Starting a blocking GC Explicit
08-03 23:48:23.483   380   380 W SurfaceFlinger: couldn't log to binary event log: overflow.
08-03 23:48:23.520 10238 12694 I art     : Explicit concurrent mark sweep GC freed 162(3KB) AllocSpace objects, 0(0B) LOS objects, 7% free, 189MB/205MB, paused 1.399ms total 60.864ms
08-03 23:48:23.540 10238 12694 I art     : Starting a blocking GC Explicit
08-03 23:48:23.589   512  2967 D audio_hw_primary: disable_audio_route: reset and update mixer path: low-latency-playback speaker
08-03 23:48:23.590   512  2967 D audio_hw_primary: disable_snd_device: snd_device(2: speaker)
08-03 23:48:23.599   512  2967 I soundtrigger: audio_extn_sound_trigger_update_device_status: device 0x2 of type 0 for Event 0
08-03 23:48:23.602 10238 12694 I art     : Explicit concurrent mark sweep GC freed 5169(262KB) AllocSpace objects, 6(400KB) LOS objects, 7% free, 190MB/206MB, paused 2.489ms total 62.576ms
08-03 23:48:23.636 10238 13242 I NAPPA_EXPERIMENTATION: MetricNetworkRequestExecutionTime: REQUEST_DURATION_SYSTEM='572',REQUEST_DURATION_OKHTTP='36',REQUEST_SYNCHRONOUS='FALSE',RESPONSE_CODE='200',RESPONSE_METHOD='GET',RESPONSE_LENGTH_OKHTTP='2',RESPONSE_LENGTH_HEADER='2',REQUEST_PROTOCOL='http/1.1',REQUEST_URL='https://project-travel-mate.herokuapp.com/api/get-notifications',
08-03 23:48:23.651 10238 13243 I NAPPA_EXPERIMENTATION: MetricNetworkRequestExecutionTime: REQUEST_DURATION_SYSTEM='584',REQUEST_DURATION_OKHTTP='51',REQUEST_SYNCHRONOUS='FALSE',RESPONSE_CODE='200',RESPONSE_METHOD='GET',RESPONSE_LENGTH_OKHTTP='2',RESPONSE_LENGTH_HEADER='2',REQUEST_PROTOCOL='http/1.1',REQUEST_URL='https://project-travel-mate.herokuapp.com/api/get-notifications',
08-03 23:48:23.790 10238 10238 V Response: [] 
08-03 23:48:23.794 10238 10307 D Gabe    : call	returning from cache
08-03 23:48:23.795 10238 10238 V Response: [] 
08-03 23:48:23.798 10238 10307 D Gabe    : call	returning from cache
08-03 23:48:23.981 10238 10250 I art     : Starting a blocking GC Explicit
08-03 23:48:24.038 10238 10250 I art     : Explicit concurrent mark sweep GC freed 6987(447KB) AllocSpace objects, 3(236KB) LOS objects, 7% free, 190MB/206MB, paused 1.547ms total 56.293ms
08-03 23:48:24.057 10238 10250 I art     : Starting a blocking GC Explicit
08-03 23:48:24.112 10238 10250 I art     : Explicit concurrent mark sweep GC freed 2129(78KB) AllocSpace objects, 0(0B) LOS objects, 7% free, 190MB/206MB, paused 1.612ms total 54.584ms
08-03 23:48:24.131 10238 10250 I art     : Starting a blocking GC Explicit
08-03 23:48:24.183 10238 10250 I art     : Explicit concurrent mark sweep GC freed 311(5KB) AllocSpace objects, 0(0B) LOS objects, 7% free, 190MB/206MB, paused 1.387ms total 52.306ms
08-03 23:48:24.202 10238 10250 I art     : Starting a blocking GC Explicit
08-03 23:48:24.255 10238 10250 I art     : Explicit concurrent mark sweep GC freed 473(14KB) AllocSpace objects, 0(0B) LOS objects, 7% free, 190MB/206MB, paused 1.520ms total 53.191ms
08-03 23:48:24.274 10238 10250 I art     : Starting a blocking GC Explicit
08-03 23:48:24.326 10238 10250 I art     : Explicit concurrent mark sweep GC freed 305(4KB) AllocSpace objects, 0(0B) LOS objects, 7% free, 190MB/206MB, paused 1.348ms total 51.970ms
08-03 23:48:24.728 10238 12694 I art     : Starting a blocking GC Explicit
08-03 23:48:24.784 10238 12694 I art     : Explicit concurrent mark sweep GC freed 3580(125KB) AllocSpace objects, 2(48KB) LOS objects, 7% free, 190MB/206MB, paused 1.340ms total 55.750ms
08-03 23:48:24.803 10238 12694 I art     : Starting a blocking GC Explicit
08-03 23:48:24.858 10238 12694 I art     : Explicit concurrent mark sweep GC freed 403(7KB) AllocSpace objects, 0(0B) LOS objects, 7% free, 190MB/206MB, paused 1.693ms total 55.419ms
08-03 23:48:24.878 10238 12694 I art     : Starting a blocking GC Explicit
08-03 23:48:24.933 10238 12694 I art     : Explicit concurrent mark sweep GC freed 293(4KB) AllocSpace objects, 0(0B) LOS objects, 7% free, 190MB/206MB, paused 1.367ms total 55.438ms
08-03 23:48:24.953 10238 12694 I art     : Starting a blocking GC Explicit
08-03 23:48:25.008 10238 12694 I art     : Explicit concurrent mark sweep GC freed 353(5KB) AllocSpace objects, 0(0B) LOS objects, 7% free, 190MB/206MB, paused 1.661ms total 54.971ms
08-03 23:48:25.008 10238 10248 I art     : WaitForGcToComplete blocked for 27.000ms for cause HeapTrim
08-03 23:48:25.027 10238 12694 I art     : Starting a blocking GC Explicit
08-03 23:48:25.081 10238 12694 I art     : Explicit concurrent mark sweep GC freed 283(4KB) AllocSpace objects, 0(0B) LOS objects, 7% free, 190MB/206MB, paused 1.312ms total 54.175ms
08-03 23:48:25.488 10238 10250 I art     : Starting a blocking GC Explicit
08-03 23:48:25.547 10238 10250 I art     : Explicit concurrent mark sweep GC freed 3609(125KB) AllocSpace objects, 2(48KB) LOS objects, 7% free, 190MB/206MB, paused 1.347ms total 58.037ms
08-03 23:48:25.566 10238 10250 I art     : Starting a blocking GC Explicit
08-03 23:48:25.618 10238 10250 I art     : Explicit concurrent mark sweep GC freed 336(6KB) AllocSpace objects, 0(0B) LOS objects, 7% free, 190MB/206MB, paused 1.295ms total 52.517ms
08-03 23:48:25.637 10238 10250 I art     : Starting a blocking GC Explicit
08-03 23:48:25.692 10238 10250 I art     : Explicit concurrent mark sweep GC freed 338(5KB) AllocSpace objects, 0(0B) LOS objects, 7% free, 190MB/206MB, paused 1.591ms total 55.209ms
08-03 23:48:25.711 10238 10250 I art     : Starting a blocking GC Explicit
08-03 23:48:25.767 10238 10250 I art     : Explicit concurrent mark sweep GC freed 298(4KB) AllocSpace objects, 0(0B) LOS objects, 7% free, 190MB/206MB, paused 1.388ms total 55.757ms
08-03 23:48:25.787 10238 10250 I art     : Starting a blocking GC Explicit
08-03 23:48:25.841 10238 10250 I art     : Explicit concurrent mark sweep GC freed 351(5KB) AllocSpace objects, 0(0B) LOS objects, 7% free, 190MB/206MB, paused 1.475ms total 53.261ms
08-03 23:48:26.252 10238 10250 I art     : Starting a blocking GC Explicit
08-03 23:48:26.309 10238 10250 I art     : Explicit concurrent mark sweep GC freed 3543(123KB) AllocSpace objects, 2(48KB) LOS objects, 7% free, 190MB/206MB, paused 1.703ms total 56.829ms
08-03 23:48:26.328 10238 10250 I art     : Starting a blocking GC Explicit
08-03 23:48:26.384 10238 10250 I art     : Explicit concurrent mark sweep GC freed 335(6KB) AllocSpace objects, 0(0B) LOS objects, 7% free, 190MB/206MB, paused 1.288ms total 55.305ms
08-03 23:48:26.404 10238 10250 I art     : Starting a blocking GC Explicit
08-03 23:48:26.457 10238 10250 I art     : Explicit concurrent mark sweep GC freed 292(4KB) AllocSpace objects, 0(0B) LOS objects, 7% free, 190MB/206MB, paused 1.467ms total 52.715ms
08-03 23:48:26.475 10238 10250 I art     : Starting a blocking GC Explicit
08-03 23:48:26.528 10238 10250 I art     : Explicit concurrent mark sweep GC freed 380(6KB) AllocSpace objects, 0(0B) LOS objects, 7% free, 190MB/206MB, paused 1.497ms total 52.960ms
08-03 23:48:26.548 10238 10250 I art     : Starting a blocking GC Explicit
08-03 23:48:26.600 10238 10250 I art     : Explicit concurrent mark sweep GC freed 284(4KB) AllocSpace objects, 0(0B) LOS objects, 7% free, 190MB/206MB, paused 1.259ms total 52.715ms
08-03 23:48:26.974   918  3188 I hubconnection: sensorhub said: 'set_bias 3: -6.7200, 0.0000, 0.0000'
08-03 23:48:27.001 10238 10250 I art     : Starting a blocking GC Explicit
08-03 23:48:27.057 10238 10250 I art     : Explicit concurrent mark sweep GC freed 3485(122KB) AllocSpace objects, 2(48KB) LOS objects, 7% free, 190MB/206MB, paused 1.666ms total 56.492ms
08-03 23:48:27.077 10238 10250 I art     : Starting a blocking GC Explicit
08-03 23:48:27.130 10238 10250 I art     : Explicit concurrent mark sweep GC freed 383(6KB) AllocSpace objects, 0(0B) LOS objects, 7% free, 190MB/206MB, paused 1.317ms total 53.397ms
08-03 23:48:27.149 10238 10250 I art     : Starting a blocking GC Explicit
08-03 23:48:27.201 10238 10250 I art     : Explicit concurrent mark sweep GC freed 283(4KB) AllocSpace objects, 0(0B) LOS objects, 7% free, 190MB/206MB, paused 1.297ms total 51.603ms
08-03 23:48:27.220 10238 10250 I art     : Starting a blocking GC Explicit
08-03 23:48:27.276 10238 10250 I art     : Explicit concurrent mark sweep GC freed 341(5KB) AllocSpace objects, 0(0B) LOS objects, 7% free, 190MB/206MB, paused 1.542ms total 55.839ms
08-03 23:48:27.294 10238 10250 I art     : Starting a blocking GC Explicit
08-03 23:48:27.346 10238 10250 I art     : Explicit concurrent mark sweep GC freed 325(5KB) AllocSpace objects, 0(0B) LOS objects, 7% free, 190MB/206MB, paused 1.399ms total 51.742ms
08-03 23:48:27.392   518   646 I ThermalEngine: ACTION: GPU - Setting GPU[0] to 390000000
08-03 23:48:27.799 10238 12694 I art     : Starting a blocking GC Explicit
08-03 23:48:27.867 10238 12694 I art     : Explicit concurrent mark sweep GC freed 3836(129KB) AllocSpace objects, 2(48KB) LOS objects, 7% free, 190MB/206MB, paused 2.108ms total 67.147ms
08-03 23:48:27.891 10238 12694 I art     : Starting a blocking GC Explicit
08-03 23:48:27.892 13351 13351 D AndroidRuntime: >>>>>> START com.android.internal.os.RuntimeInit uid 2000 <<<<<<
08-03 23:48:27.898 13351 13351 D AndroidRuntime: CheckJNI is OFF
08-03 23:48:27.955 13351 13351 D ICU     : No timezone override file found: /data/misc/zoneinfo/current/icu/icu_tzdata.dat
08-03 23:48:27.956 10238 12694 I art     : Explicit concurrent mark sweep GC freed 550(17KB) AllocSpace objects, 0(0B) LOS objects, 7% free, 190MB/206MB, paused 2.109ms total 64.428ms
08-03 23:48:27.981 10238 12694 I art     : Starting a blocking GC Explicit
08-03 23:48:28.009 13351 13351 I Radio-JNI: register_android_hardware_Radio DONE
08-03 23:48:28.043 13351 13351 D AndroidRuntime: Calling main entry com.android.commands.input.Input
08-03 23:48:28.044 13351 13351 I Input   : injectKeyEvent: KeyEvent { action=ACTION_DOWN, keyCode=KEYCODE_BACK, scanCode=0, metaState=0, flags=0x0, repeatCount=0, eventTime=661724457, downTime=661724457, deviceId=-1, source=0x101 }
08-03 23:48:28.047 10238 12694 I art     : Explicit concurrent mark sweep GC freed 414(6KB) AllocSpace objects, 0(0B) LOS objects, 7% free, 190MB/206MB, paused 2.112ms total 65.336ms
08-03 23:48:28.068 13351 13351 I Input   : injectKeyEvent: KeyEvent { action=ACTION_UP, keyCode=KEYCODE_BACK, scanCode=0, metaState=0, flags=0x0, repeatCount=0, eventTime=661724457, downTime=661724457, deviceId=-1, source=0x101 }
08-03 23:48:28.071 10238 12694 I art     : Starting a blocking GC Explicit
08-03 23:48:28.077 13351 13351 D AndroidRuntime: Shutting down VM
08-03 23:48:28.101 10238 10238 V MainActivity: url = https://project-travel-mate.herokuapp.com/api/number-of-unread-notifications
08-03 23:48:28.136 10238 12694 I art     : Explicit concurrent mark sweep GC freed 564(17KB) AllocSpace objects, 0(0B) LOS objects, 7% free, 190MB/206MB, paused 2.217ms total 63.421ms
08-03 23:48:28.161 10238 12694 I art     : Starting a blocking GC Explicit
08-03 23:48:28.172 13866 13866 I GoogleInputMethodServic: GoogleInputMethodService.onFinishInput():3138 
08-03 23:48:28.173 13866 13866 I GoogleInputMethodServic: GoogleInputMethodService.onStartInput():1808 
08-03 23:48:28.233 10238 12694 I art     : Explicit concurrent mark sweep GC freed 327(10KB) AllocSpace objects, 0(0B) LOS objects, 7% free, 190MB/206MB, paused 1.948ms total 71.964ms
08-03 23:48:28.438   380   380 W SurfaceFlinger: couldn't log to binary event log: overflow.
08-03 23:48:28.648 10238 13397 I NAPPA_EXPERIMENTATION: MetricNetworkRequestExecutionTime: REQUEST_DURATION_SYSTEM='546',REQUEST_DURATION_OKHTTP='32',REQUEST_SYNCHRONOUS='FALSE',RESPONSE_CODE='200',RESPONSE_METHOD='GET',RESPONSE_LENGTH_OKHTTP='36',RESPONSE_LENGTH_HEADER='36',REQUEST_PROTOCOL='http/1.1',REQUEST_URL='https://project-travel-mate.herokuapp.com/api/number-of-unread-notifications',
08-03 23:48:28.700 10238 10250 I art     : Starting a blocking GC Explicit
08-03 23:48:28.796 10238 10250 I art     : Explicit concurrent mark sweep GC freed 4639(248KB) AllocSpace objects, 6(4MB) LOS objects, 7% free, 186MB/202MB, paused 3.058ms total 95.884ms
08-03 23:48:28.827 10238 10250 I art     : Starting a blocking GC Explicit
08-03 23:48:28.899 10238 10250 I art     : Explicit concurrent mark sweep GC freed 4687(294KB) AllocSpace objects, 2(56KB) LOS objects, 7% free, 185MB/201MB, paused 2.269ms total 71.117ms
08-03 23:48:28.927 10238 10250 I art     : Starting a blocking GC Explicit
08-03 23:48:29.015 10238 10250 I art     : Explicit concurrent mark sweep GC freed 19(944B) AllocSpace objects, 0(0B) LOS objects, 7% free, 185MB/201MB, paused 2.637ms total 86.665ms
08-03 23:48:29.048 10238 10250 I art     : Starting a blocking GC Explicit
08-03 23:48:29.127 10238 10250 I art     : Explicit concurrent mark sweep GC freed 13(640B) AllocSpace objects, 0(0B) LOS objects, 7% free, 185MB/201MB, paused 2.199ms total 78.541ms
08-03 23:48:29.156 10238 10250 I art     : Starting a blocking GC Explicit
08-03 23:48:29.235 10238 10250 I art     : Explicit concurrent mark sweep GC freed 3(96B) AllocSpace objects, 0(0B) LOS objects, 7% free, 185MB/201MB, paused 2.244ms total 78.603ms
08-03 23:48:29.708 10238 10249 I art     : Starting a blocking GC Explicit
08-03 23:48:29.793 10238 10249 I art     : Explicit concurrent mark sweep GC freed 1623(93KB) AllocSpace objects, 2(48KB) LOS objects, 7% free, 185MB/201MB, paused 2.311ms total 84.880ms
08-03 23:48:29.821 10238 10249 I art     : Starting a blocking GC Explicit
08-03 23:48:29.897 10238 10249 I art     : Explicit concurrent mark sweep GC freed 28(1024B) AllocSpace objects, 0(0B) LOS objects, 7% free, 185MB/201MB, paused 2.233ms total 75.636ms
08-03 23:48:29.925 10238 10249 I art     : Starting a blocking GC Explicit
08-03 23:48:29.977 13411 13411 D AndroidRuntime: >>>>>> START com.android.internal.os.RuntimeInit uid 2000 <<<<<<
08-03 23:48:29.983 13411 13411 D AndroidRuntime: CheckJNI is OFF
08-03 23:48:30.001 10238 10249 I art     : Explicit concurrent mark sweep GC freed 3(96B) AllocSpace objects, 0(0B) LOS objects, 7% free, 185MB/201MB, paused 2.230ms total 75.707ms
08-03 23:48:30.028 10238 10249 I art     : Starting a blocking GC Explicit
08-03 23:48:30.039 13411 13411 D ICU     : No timezone override file found: /data/misc/zoneinfo/current/icu/icu_tzdata.dat
08-03 23:48:30.084 13411 13411 I Radio-JNI: register_android_hardware_Radio DONE
08-03 23:48:30.103 10238 10249 I art     : Explicit concurrent mark sweep GC freed 3(96B) AllocSpace objects, 0(0B) LOS objects, 7% free, 185MB/201MB, paused 2.256ms total 74.858ms
08-03 23:48:30.103 10238 10248 I art     : WaitForGcToComplete blocked for 21.820ms for cause HeapTrim
08-03 23:48:30.120 13411 13411 D AndroidRuntime: Calling main entry com.android.commands.input.Input
08-03 23:48:30.122 13411 13411 I Input   : injectMotionEvent: MotionEvent { action=ACTION_DOWN, actionButton=0, id[0]=0, x[0]=117.0, y[0]=170.0, toolType[0]=TOOL_TYPE_UNKNOWN, buttonState=0, metaState=0, flags=0x0, edgeFlags=0x0, pointerCount=1, historySize=0, eventTime=661726535, downTime=661726535, deviceId=0, source=0x1002 }
08-03 23:48:30.128 13411 13411 I Input   : injectMotionEvent: MotionEvent { action=ACTION_UP, actionButton=0, id[0]=0, x[0]=117.0, y[0]=170.0, toolType[0]=TOOL_TYPE_UNKNOWN, buttonState=0, metaState=0, flags=0x0, edgeFlags=0x0, pointerCount=1, historySize=0, eventTime=661726535, downTime=661726535, deviceId=0, source=0x1002 }
08-03 23:48:30.130 10238 10249 I art     : Starting a blocking GC Explicit
08-03 23:48:30.130 13411 13411 D AndroidRuntime: Shutting down VM
08-03 23:48:30.143   512  2967 D audio_hw_primary: out_set_parameters: enter: usecase(1: low-latency-playback) kvpairs: routing=2
08-03 23:48:30.156   512  2967 D audio_hw_primary: select_devices: out_snd_device(2: speaker) in_snd_device(0: none)
08-03 23:48:30.156   512  2967 D msm8974_platform: platform_send_audio_calibration: sending audio calibration for snd_device(2) acdb_id(15)
08-03 23:48:30.156   512  2967 I soundtrigger: audio_extn_sound_trigger_update_device_status: device 0x2 of type 0 for Event 1
08-03 23:48:30.168   512  2967 D audio_hw_primary: enable_snd_device: snd_device(2: speaker)
08-03 23:48:30.171   512  2967 D audio_hw_primary: enable_audio_route: apply and update mixer path: low-latency-playback speaker
08-03 23:48:30.219 10238 10249 I art     : Explicit concurrent mark sweep GC freed 310(16KB) AllocSpace objects, 0(0B) LOS objects, 7% free, 185MB/201MB, paused 2.661ms total 88.330ms
08-03 23:48:30.697 10238 10250 I art     : Starting a blocking GC Explicit
08-03 23:48:30.709   512  2967 D audio_hw_primary: disable_audio_route: reset and update mixer path: low-latency-playback speaker
08-03 23:48:30.710   512  2967 D audio_hw_primary: disable_snd_device: snd_device(2: speaker)
08-03 23:48:30.719   512  2967 I soundtrigger: audio_extn_sound_trigger_update_device_status: device 0x2 of type 0 for Event 0
08-03 23:48:30.772 10238 10250 I art     : Explicit concurrent mark sweep GC freed 1759(99KB) AllocSpace objects, 2(48KB) LOS objects, 7% free, 185MB/201MB, paused 2.173ms total 74.582ms
08-03 23:48:30.798 10238 10250 I art     : Starting a blocking GC Explicit
08-03 23:48:30.872 10238 10250 I art     : Explicit concurrent mark sweep GC freed 80(3040B) AllocSpace objects, 0(0B) LOS objects, 7% free, 185MB/201MB, paused 2.312ms total 73.349ms
08-03 23:48:30.901 10238 10250 I art     : Starting a blocking GC Explicit
08-03 23:48:30.974 10238 10250 I art     : Explicit concurrent mark sweep GC freed 5(160B) AllocSpace objects, 0(0B) LOS objects, 7% free, 185MB/201MB, paused 2.232ms total 72.502ms
08-03 23:48:31.002 10238 10250 I art     : Starting a blocking GC Explicit
08-03 23:48:31.044 13436 13436 D AndroidRuntime: >>>>>> START com.android.internal.os.RuntimeInit uid 2000 <<<<<<
08-03 23:48:31.050 13436 13436 D AndroidRuntime: CheckJNI is OFF
08-03 23:48:31.077 10238 10250 I art     : Explicit concurrent mark sweep GC freed 3(96B) AllocSpace objects, 0(0B) LOS objects, 7% free, 185MB/201MB, paused 2.232ms total 74.431ms
08-03 23:48:31.103 10238 10250 I art     : Starting a blocking GC Explicit
08-03 23:48:31.106 13436 13436 D ICU     : No timezone override file found: /data/misc/zoneinfo/current/icu/icu_tzdata.dat
08-03 23:48:31.151 13436 13436 I Radio-JNI: register_android_hardware_Radio DONE
08-03 23:48:31.178 10238 10250 I art     : Explicit concurrent mark sweep GC freed 3(96B) AllocSpace objects, 0(0B) LOS objects, 7% free, 185MB/201MB, paused 2.143ms total 74.151ms
08-03 23:48:31.183 13436 13436 D AndroidRuntime: Calling main entry com.android.commands.input.Input
08-03 23:48:31.186 13436 13436 I Input   : injectMotionEvent: MotionEvent { action=ACTION_DOWN, actionButton=0, id[0]=0, x[0]=418.0, y[0]=842.0, toolType[0]=TOOL_TYPE_UNKNOWN, buttonState=0, metaState=0, flags=0x0, edgeFlags=0x0, pointerCount=1, historySize=0, eventTime=661727598, downTime=661727598, deviceId=0, source=0x1002 }
08-03 23:48:31.194 13436 13436 I Input   : injectMotionEvent: MotionEvent { action=ACTION_UP, actionButton=0, id[0]=0, x[0]=418.0, y[0]=842.0, toolType[0]=TOOL_TYPE_UNKNOWN, buttonState=0, metaState=0, flags=0x0, edgeFlags=0x0, pointerCount=1, historySize=0, eventTime=661727598, downTime=661727598, deviceId=0, source=0x1002 }
08-03 23:48:31.199 13436 13436 D AndroidRuntime: Shutting down VM
08-03 23:48:31.213   512  2967 D audio_hw_primary: out_set_parameters: enter: usecase(1: low-latency-playback) kvpairs: routing=2
08-03 23:48:31.218 10238 10307 D Gabe    : call	returning from cache
08-03 23:48:31.227   512  2967 D audio_hw_primary: select_devices: out_snd_device(2: speaker) in_snd_device(0: none)
08-03 23:48:31.227   512  2967 D msm8974_platform: platform_send_audio_calibration: sending audio calibration for snd_device(2) acdb_id(15)
08-03 23:48:31.227   512  2967 I soundtrigger: audio_extn_sound_trigger_update_device_status: device 0x2 of type 0 for Event 1
08-03 23:48:31.236   512  2967 D audio_hw_primary: enable_snd_device: snd_device(2: speaker)
08-03 23:48:31.239   512  2967 D audio_hw_primary: enable_audio_route: apply and update mixer path: low-latency-playback speaker
08-03 23:48:31.245 10238 10238 V MainActivity: url = https://project-travel-mate.herokuapp.com/api/number-of-unread-notifications
08-03 23:48:31.279   512  2967 D AudioFlinger: mixer(0xf4740000) throttle end: throttle time(12)
08-03 23:48:31.397   518   646 I ThermalEngine: ACTION: GPU - Setting GPU[0] to 450000000
08-03 23:48:31.584 10238 12694 I art     : Starting a blocking GC Explicit
08-03 23:48:31.654 10238 12694 I art     : Explicit concurrent mark sweep GC freed 4196(260KB) AllocSpace objects, 2(48KB) LOS objects, 7% free, 186MB/202MB, paused 2.109ms total 70.028ms
08-03 23:48:31.674 10238 12694 I art     : Starting a blocking GC Explicit
08-03 23:48:31.742 10238 12694 I art     : Explicit concurrent mark sweep GC freed 640(36KB) AllocSpace objects, 0(0B) LOS objects, 7% free, 186MB/202MB, paused 2.120ms total 67.211ms
08-03 23:48:31.762 10238 12694 I art     : Starting a blocking GC Explicit
08-03 23:48:31.768   512  2967 D audio_hw_primary: disable_audio_route: reset and update mixer path: low-latency-playback speaker
08-03 23:48:31.769   512  2967 D audio_hw_primary: disable_snd_device: snd_device(2: speaker)
08-03 23:48:31.777   512  2967 I soundtrigger: audio_extn_sound_trigger_update_device_status: device 0x2 of type 0 for Event 0
08-03 23:48:31.816 10238 10238 I Choreographer: Skipped 33 frames!  The application may be doing too much work on its main thread.
08-03 23:48:31.823 10238 13459 I NAPPA_EXPERIMENTATION: MetricNetworkRequestExecutionTime: REQUEST_DURATION_SYSTEM='576',REQUEST_DURATION_OKHTTP='30',REQUEST_SYNCHRONOUS='FALSE',RESPONSE_CODE='200',RESPONSE_METHOD='GET',RESPONSE_LENGTH_OKHTTP='36',RESPONSE_LENGTH_HEADER='36',REQUEST_PROTOCOL='http/1.1',REQUEST_URL='https://project-travel-mate.herokuapp.com/api/number-of-unread-notifications',
08-03 23:48:31.832 10238 12694 I art     : Explicit concurrent mark sweep GC freed 4578(209KB) AllocSpace objects, 2(120KB) LOS objects, 7% free, 186MB/202MB, paused 2.343ms total 69.497ms
08-03 23:48:31.852 10238 12694 I art     : Starting a blocking GC Explicit
08-03 23:48:31.919 10238 12694 I art     : Explicit concurrent mark sweep GC freed 2063(185KB) AllocSpace objects, 10(332KB) LOS objects, 7% free, 186MB/202MB, paused 2.076ms total 66.598ms
08-03 23:48:31.940 10238 12694 I art     : Starting a blocking GC Explicit
08-03 23:48:32.011 10238 12694 I art     : Explicit concurrent mark sweep GC freed 804(43KB) AllocSpace objects, 0(0B) LOS objects, 7% free, 186MB/202MB, paused 1.848ms total 70.555ms
08-03 23:48:32.427 10238 10258 I art     : Starting a blocking GC Explicit
08-03 23:48:32.500 10238 10258 I art     : Explicit concurrent mark sweep GC freed 2968(124KB) AllocSpace objects, 2(64KB) LOS objects, 7% free, 186MB/202MB, paused 1.663ms total 72.466ms
08-03 23:48:32.522 10238 10258 I art     : Starting a blocking GC Explicit
08-03 23:48:32.588 10238 10258 I art     : Explicit concurrent mark sweep GC freed 169(4KB) AllocSpace objects, 0(0B) LOS objects, 7% free, 186MB/202MB, paused 1.463ms total 65.737ms
08-03 23:48:32.608 10238 10258 I art     : Starting a blocking GC Explicit
08-03 23:48:32.677 10238 10258 I art     : Explicit concurrent mark sweep GC freed 122(2064B) AllocSpace objects, 0(0B) LOS objects, 7% free, 186MB/202MB, paused 1.531ms total 67.850ms
08-03 23:48:32.697 10238 10258 I art     : Starting a blocking GC Explicit
08-03 23:48:32.722   918  3261 D WifiStateMachine: starting scan for "H369AA63323"WPA_PSK with 2412,5180
08-03 23:48:32.763 10238 10258 I art     : Explicit concurrent mark sweep GC freed 148(2528B) AllocSpace objects, 0(0B) LOS objects, 7% free, 186MB/202MB, paused 1.576ms total 66.126ms
08-03 23:48:32.784 10238 10258 I art     : Starting a blocking GC Explicit
08-03 23:48:32.854 10238 10258 I art     : Explicit concurrent mark sweep GC freed 125(2192B) AllocSpace objects, 0(0B) LOS objects, 7% free, 186MB/202MB, paused 1.601ms total 69.743ms
08-03 23:48:32.995  6583  6583 I ServiceManager: Waiting for service AtCmdFwd...
08-03 23:48:33.306 10238 10250 I art     : Starting a blocking GC Explicit
08-03 23:48:33.384 10238 10250 I art     : Explicit concurrent mark sweep GC freed 2383(105KB) AllocSpace objects, 2(64KB) LOS objects, 7% free, 186MB/202MB, paused 1.608ms total 77.350ms
08-03 23:48:33.406 10238 10250 I art     : Starting a blocking GC Explicit
08-03 23:48:33.472 10238 10250 I art     : Explicit concurrent mark sweep GC freed 155(3KB) AllocSpace objects, 0(0B) LOS objects, 7% free, 186MB/202MB, paused 1.412ms total 65.549ms
08-03 23:48:33.492 10238 10250 I art     : Starting a blocking GC Explicit
08-03 23:48:33.557 10238 10250 I art     : Explicit concurrent mark sweep GC freed 171(3KB) AllocSpace objects, 0(0B) LOS objects, 7% free, 186MB/202MB, paused 1.363ms total 64.233ms
08-03 23:48:33.577 10238 10250 I art     : Starting a blocking GC Explicit
08-03 23:48:33.642 10238 10250 I art     : Explicit concurrent mark sweep GC freed 128(2352B) AllocSpace objects, 0(0B) LOS objects, 7% free, 186MB/202MB, paused 1.518ms total 65.055ms
08-03 23:48:33.663 10238 10250 I art     : Starting a blocking GC Explicit
08-03 23:48:33.733 10238 10250 I art     : Explicit concurrent mark sweep GC freed 145(2432B) AllocSpace objects, 0(0B) LOS objects, 7% free, 186MB/202MB, paused 1.638ms total 70.058ms
08-03 23:48:33.995  6583  6583 I ServiceManager: Waiting for service AtCmdFwd...
08-03 23:48:34.047 13496 13496 D AndroidRuntime: >>>>>> START com.android.internal.os.RuntimeInit uid 2000 <<<<<<
08-03 23:48:34.053 13496 13496 D AndroidRuntime: CheckJNI is OFF
08-03 23:48:34.096 13496 13496 D ICU     : No timezone override file found: /data/misc/zoneinfo/current/icu/icu_tzdata.dat
08-03 23:48:34.142 13496 13496 I Radio-JNI: register_android_hardware_Radio DONE
08-03 23:48:34.171 13496 13496 D AndroidRuntime: Calling main entry com.android.commands.am.Am
08-03 23:48:34.172 10238 10249 I art     : Starting a blocking GC Explicit
08-03 23:48:34.180  8825  8825 I Trepn   : Trepn 6.2s: Received intent: com.quicinc.trepn.stop_profiling
08-03 23:48:34.222  8825  8825 I Trepn   : Trepn 6.2s: Trepn has Stopped Profiling.
08-03 23:48:34.238 10238 10249 I art     : Explicit concurrent mark sweep GC freed 2309(103KB) AllocSpace objects, 2(64KB) LOS objects, 7% free, 186MB/202MB, paused 1.606ms total 66.041ms
08-03 23:48:34.259 10238 10249 I art     : Starting a blocking GC Explicit
08-03 23:48:34.328 10238 10249 I art     : Explicit concurrent mark sweep GC freed 148(3024B) AllocSpace objects, 0(0B) LOS objects, 7% free, 186MB/202MB, paused 1.496ms total 68.427ms
08-03 23:48:34.348 10238 10249 I art     : Starting a blocking GC Explicit
08-03 23:48:34.373 13496 13496 D AndroidRuntime: Shutting down VM
08-03 23:48:34.378   918   929 W AppOps  : Finishing op nesting under-run: uid 10078 pkg com.quicinc.trepn code 24 time=0 duration=0 nesting=0
08-03 23:48:34.412 10238 10249 I art     : Explicit concurrent mark sweep GC freed 123(2096B) AllocSpace objects, 0(0B) LOS objects, 7% free, 186MB/202MB, paused 1.349ms total 63.372ms
08-03 23:48:34.431 10238 10249 I art     : Starting a blocking GC Explicit
08-03 23:48:34.500 10238 10249 I art     : Explicit concurrent mark sweep GC freed 180(3KB) AllocSpace objects, 0(0B) LOS objects, 7% free, 186MB/202MB, paused 1.683ms total 68.972ms
08-03 23:48:34.522 10238 10249 I art     : Starting a blocking GC Explicit
08-03 23:48:34.596 10238 10249 I art     : Explicit concurrent mark sweep GC freed 127(2176B) AllocSpace objects, 0(0B) LOS objects, 7% free, 186MB/202MB, paused 1.718ms total 74.468ms
08-03 23:48:34.996  6583  6583 I ServiceManager: Waiting for service AtCmdFwd...
08-03 23:48:35.002 10238 10640 I art     : Starting a blocking GC Explicit
08-03 23:48:35.070 10238 10640 I art     : Explicit concurrent mark sweep GC freed 2296(104KB) AllocSpace objects, 2(64KB) LOS objects, 7% free, 186MB/202MB, paused 1.620ms total 67.512ms
08-03 23:48:35.091 10238 10640 I art     : Starting a blocking GC Explicit
08-03 23:48:35.156 10238 10640 I art     : Explicit concurrent mark sweep GC freed 158(3KB) AllocSpace objects, 0(0B) LOS objects, 7% free, 186MB/202MB, paused 1.565ms total 65.168ms
08-03 23:48:35.176 10238 10640 I art     : Starting a blocking GC Explicit
08-03 23:48:35.243 10238 10640 I art     : Explicit concurrent mark sweep GC freed 123(2096B) AllocSpace objects, 0(0B) LOS objects, 7% free, 186MB/202MB, paused 1.533ms total 66.569ms
08-03 23:48:35.244 10238 10248 I art     : WaitForGcToComplete blocked for 23.768ms for cause HeapTrim
08-03 23:48:35.264 10238 10640 I art     : Starting a blocking GC Explicit
08-03 23:48:35.330 10238 10640 I art     : Explicit concurrent mark sweep GC freed 123(2096B) AllocSpace objects, 0(0B) LOS objects, 7% free, 186MB/202MB, paused 1.541ms total 65.456ms
08-03 23:48:35.351 10238 10640 I art     : Starting a blocking GC Explicit
08-03 23:48:35.416 10238 10640 I art     : Explicit concurrent mark sweep GC freed 147(2496B) AllocSpace objects, 0(0B) LOS objects, 7% free, 186MB/202MB, paused 1.705ms total 64.378ms
08-03 23:48:35.996  6583  6583 I ServiceManager: Waiting for service AtCmdFwd...
08-03 23:48:36.997  6583  6583 I ServiceManager: Waiting for service AtCmdFwd...
08-03 23:48:37.997  6583  6583 W Atfwd_Sendcmd: AtCmdFwd service not published, waiting... retryCnt : 3
