--------- beginning of main
08-03 23:13:27.074 14227 14227 D AndroidRuntime: >>>>>> START com.android.internal.os.RuntimeInit uid 2000 <<<<<<
08-03 23:13:27.080 14227 14227 D AndroidRuntime: CheckJNI is OFF
08-03 23:13:27.106 14227 14227 D ICU     : No timezone override file found: /data/misc/zoneinfo/current/icu/icu_tzdata.dat
08-03 23:13:27.135 14227 14227 I Radio-JNI: register_android_hardware_Radio DONE
08-03 23:13:27.152 14227 14227 D AndroidRuntime: Calling main entry com.android.commands.monkey.Monkey
--------- beginning of system
08-03 23:13:27.167   918   931 W BroadcastQueue: Skipping deliver [background] BroadcastRecord{2565cb5 u-1 android.net.conn.CONNECTIVITY_CHANGE} to ReceiverList{802cf4a 14227 (unknown name)/2000/u-1 remote:3b7879f}: process crashing
08-03 23:13:27.177   918  3696 I ActivityManager: START u0 {act=android.intent.action.MAIN cat=[android.intent.category.LAUNCHER] flg=0x10200000 cmp=baseline.io.github.project_travel_mate/.SplashActivity} from uid 2000 on display 0
08-03 23:13:27.221 14236 14236 I art     : Late-enabling -Xcheck:jni
08-03 23:13:27.221   918  6110 I ActivityManager: Start proc 14236:baseline.io.github.project_travel_mate/u0a650 for activity baseline.io.github.project_travel_mate/.SplashActivity
08-03 23:13:27.240 14227 14227 I art     : System.exit called, status: 0
08-03 23:13:27.241 14227 14227 I AndroidRuntime: VM exiting with result code 0.
08-03 23:13:27.284  6202  8771 I PBSessionCacheImpl: Deleted sessionId[27278280657311515] from persistence.
08-03 23:13:27.286  6202  6241 W SearchServiceCore: Abort, client detached.
08-03 23:13:27.286  6202  6241 I MicroDetectionState: Should stop hotword detection immediately - true
08-03 23:13:27.301 14236 14236 W System  : ClassLoader referenced unknown path: /data/app/baseline.io.github.project_travel_mate-1/lib/arm64
08-03 23:13:27.322 14236 14236 W art     : Before Android 4.1, method android.graphics.PorterDuffColorFilter androidx.vectordrawable.graphics.drawable.VectorDrawableCompat.updateTintFilter(android.graphics.PorterDuffColorFilter, android.content.res.ColorStateList, android.graphics.PorterDuff$Mode) would have incorrectly overridden the package-private method in android.graphics.drawable.Drawable
08-03 23:13:27.335 14236 14236 I art     : Rejecting re-init on previously-failed class java.lang.Class<androidx.core.view.ViewCompat$OnUnhandledKeyEventListenerWrapper>
08-03 23:13:27.335 14236 14236 I art     : Rejecting re-init on previously-failed class java.lang.Class<androidx.core.view.ViewCompat$OnUnhandledKeyEventListenerWrapper>
08-03 23:13:27.364 14236 14252 D OpenGLRenderer: Use EGL_SWAP_BEHAVIOR_PRESERVED: true
08-03 23:13:27.408 14236 14252 I Adreno  : QUALCOMM build                   : fcf4852, I1af360237c
08-03 23:13:27.408 14236 14252 I Adreno  : Build Date                       : 09/23/15
08-03 23:13:27.408 14236 14252 I Adreno  : OpenGL ES Shader Compiler Version: XE031.05.13.02
08-03 23:13:27.408 14236 14252 I Adreno  : Local Branch                     : mybranch14465806
08-03 23:13:27.408 14236 14252 I Adreno  : Remote Branch                    : quic/LA.BF64.1.2.9_v2
08-03 23:13:27.408 14236 14252 I Adreno  : Remote Branch                    : NONE
08-03 23:13:27.408 14236 14252 I Adreno  : Reconstruct Branch               : NOTHING
08-03 23:13:27.420 14236 14252 I OpenGLRenderer: Initialized EGL, version 1.4
08-03 23:13:27.547   918   936 I ActivityManager: Displayed baseline.io.github.project_travel_mate/.SplashActivity: +360ms
08-03 23:13:27.551 13866 13866 I GoogleInputMethodServic: GoogleInputMethodService.onFinishInput():3138 
08-03 23:13:27.552 13866 13866 I GoogleInputMethodServic: GoogleInputMethodService.onStartInput():1808 
08-03 23:13:28.768 14268 14268 D AndroidRuntime: >>>>>> START com.android.internal.os.RuntimeInit uid 2000 <<<<<<
08-03 23:13:28.771 14268 14268 D AndroidRuntime: CheckJNI is OFF
08-03 23:13:28.796 14268 14268 D ICU     : No timezone override file found: /data/misc/zoneinfo/current/icu/icu_tzdata.dat
08-03 23:13:28.821 14268 14268 I Radio-JNI: register_android_hardware_Radio DONE
08-03 23:13:28.837 14268 14268 D AndroidRuntime: Calling main entry com.android.commands.am.Am
08-03 23:13:28.847  8825  8825 I Trepn   : Trepn 6.2s: Received intent: com.quicinc.trepn.start_profiling
08-03 23:13:28.948  8825  8825 W FileUtils: Failed to chmod(/storage/emulated/0/trepn/Trepn_2020.08.03_231328.db): android.system.ErrnoException: chmod failed: EPERM (Operation not permitted)
08-03 23:13:29.024  8825  8825 I Trepn   : Trepn 6.2s: Trepn has Started Profiling.
08-03 23:13:29.025 14268 14268 D AndroidRuntime: Shutting down VM
08-03 23:13:29.434   918  6111 I ActivityManager: START u0 {cmp=baseline.io.github.project_travel_mate/.MainActivity} from uid 10650 on display 0
08-03 23:13:29.517 14236 14236 W Settings: Setting airplane_mode_on has moved from android.provider.Settings.System to android.provider.Settings.Global, returning read-only value.
08-03 23:13:29.529 14236 14236 V MainActivity: url=https://project-travel-mate.herokuapp.com/api/get-user
08-03 23:13:29.546 14236 14250 I art     : Starting a blocking GC Explicit
08-03 23:13:29.562 14236 14302 W LOTTIE  : Unknown mask mode mode. Defaulting to Add.
08-03 23:13:29.570 14236 14302 W LOTTIE  : You have 5 images. Lottie should primarily be used with shapes. If you are using Adobe Illustrator, convert the Illustrator layers to shape layers.
08-03 23:13:29.572 14236 14302 W LOTTIE  : Unknown mask mode mode. Defaulting to Add.
08-03 23:13:29.572 14236 14302 W LOTTIE  : Unknown mask mode mode. Defaulting to Add.
08-03 23:13:29.583 14236 14250 I art     : Explicit concurrent mark sweep GC freed 64479(3MB) AllocSpace objects, 3(60KB) LOS objects, 40% free, 23MB/38MB, paused 1.077ms total 36.739ms
08-03 23:13:29.595 14236 14250 I art     : Starting a blocking GC Explicit
08-03 23:13:29.609 14236 14250 I art     : Explicit concurrent mark sweep GC freed 7505(380KB) AllocSpace objects, 0(0B) LOS objects, 40% free, 22MB/38MB, paused 248us total 13.333ms
08-03 23:13:29.616 14236 14250 I art     : Starting a blocking GC Explicit
08-03 23:13:29.629 14236 14250 I art     : Explicit concurrent mark sweep GC freed 172(7KB) AllocSpace objects, 0(0B) LOS objects, 40% free, 22MB/38MB, paused 697us total 12.282ms
08-03 23:13:29.632 14236 14236 V CityFragment: url=https://project-travel-mate.herokuapp.com/api/get-all-cities/10
08-03 23:13:29.641 14236 14250 I art     : Starting a blocking GC Explicit
08-03 23:13:29.655 14236 14250 I art     : Explicit concurrent mark sweep GC freed 916(48KB) AllocSpace objects, 0(0B) LOS objects, 40% free, 23MB/38MB, paused 308us total 13.910ms
08-03 23:13:29.663 14236 14250 I art     : Starting a blocking GC Explicit
08-03 23:13:29.717 14236 14250 I art     : Explicit concurrent mark sweep GC freed 94(7KB) AllocSpace objects, 0(0B) LOS objects, 40% free, 23MB/38MB, paused 210us total 47.044ms
08-03 23:13:30.100  8825  8834 I art     : Background partial concurrent mark sweep GC freed 94491(7MB) AllocSpace objects, 247(4MB) LOS objects, 40% free, 19MB/32MB, paused 9.063ms total 85.750ms
08-03 23:13:30.250 14236 14236 E RecyclerView: No adapter attached; skipping layout
08-03 23:13:30.258 14236 14301 I NAPPA_EXPERIMENTATION: MetricNetworkRequestExecutionTime: REQUEST_DURATION_SYSTEM='715',REQUEST_DURATION_OKHTTP='55',REQUEST_SYNCHRONOUS='FALSE',RESPONSE_CODE='200',RESPONSE_METHOD='GET',RESPONSE_LENGTH_OKHTTP='185',RESPONSE_LENGTH_HEADER='185',REQUEST_PROTOCOL='http/1.1',REQUEST_URL='https://project-travel-mate.herokuapp.com/api/get-user',
08-03 23:13:30.260 14236 14305 I NAPPA_EXPERIMENTATION: MetricNetworkRequestExecutionTime: REQUEST_DURATION_SYSTEM='627',REQUEST_DURATION_OKHTTP='52',REQUEST_SYNCHRONOUS='FALSE',RESPONSE_CODE='200',RESPONSE_METHOD='GET',RESPONSE_LENGTH_OKHTTP='1588',RESPONSE_LENGTH_HEADER='1588',REQUEST_PROTOCOL='http/1.1',REQUEST_URL='https://project-travel-mate.herokuapp.com/api/get-all-cities/10',
08-03 23:13:30.321 14236 14236 I Choreographer: Skipped 40 frames!  The application may be doing too much work on its main thread.
08-03 23:13:30.408 14236 14248 I art     : Starting a blocking GC Explicit
08-03 23:13:30.424 14236 14248 I art     : Explicit concurrent mark sweep GC freed 12003(718KB) AllocSpace objects, 7(420KB) LOS objects, 36% free, 28MB/44MB, paused 234us total 15.370ms
08-03 23:13:30.433 14236 14248 I art     : Starting a blocking GC Explicit
08-03 23:13:30.441 14236 14236 V MainActivity: url = https://project-travel-mate.herokuapp.com/api/number-of-unread-notifications
08-03 23:13:30.443   918   936 I ActivityManager: Displayed baseline.io.github.project_travel_mate/.MainActivity: +1s1ms
08-03 23:13:30.449 14236 14248 I art     : Explicit concurrent mark sweep GC freed 2335(272KB) AllocSpace objects, 0(0B) LOS objects, 36% free, 28MB/44MB, paused 552us total 15.733ms
08-03 23:13:30.456 14236 14236 V CityFragment: result=[{"id":1,"city_name":"Delhi","facts_count":6,"image":"https://upload.wikimedia.org/wikipedia/commons/9/94/%E0%B4%96%E0%B5%81%E0%B4%A4%E0%B5%8D%E0%B4%AC%E0%B5%8D_%E0%B4%AE%E0%B4%BF%E0%B4%A8%E0%B4%BE%E0%B5%BC1.jpg","visit_count":18186},{"id":2,"city_name":"Mumbai","facts_count":0,"image":"https://static1.squarespace.com/static/55917ae2e4b0984fc8c264c4/t/5ad7a037758d464041bfba27/1524102624280/Victoria_Mumbai.jpg","visit_count":6022},{"id":3,"city_name":"Bangalore","facts_count":0,"image":null,"visit_count":5536},{"id":8,"city_name":"Pune","facts_count":0,"image":"https://www.zricks.com/ImagesPostProject/47929//6557d975-20a9-4c6c-a776-8072a1936a76.jpg","visit_count":3324},{"id":4,"city_name":"Chennai","facts_count":0,"image":"http://lh3.ggpht.com/_YLb7tJ8RoAk/SfazBLdgf3I/AAAAAAAANEg/p52_Zz_URxg/s640/Picture%20009.jpg","visit_count":3061},{"id":5,"city_name":"Kolkata","facts_count":0,"image":"https://i.pinimg.com/originals/05/ec/42/05ec42c545b494d12cc612923483b4f0.jpg","visit_count":2211},{"id":9,"city_name":"Jaipur","facts_count":1,"image":"https://www.trodly.com/pictures/attraction/1943.jpg","visit_count":2007},{"id":6,"city_name":"Hyderabad","facts_count":0,"image":"https://i1.trekearth.com/photos/59194/charminar_020_sm.jpg","visit_count":1633},{"id":150,"city_name":"Panjim","facts_count":0,"image":"http://www.nomad4ever.com/wp-content/uploads/2009/04/palm-trees-at-baga-creek-north-goa1.jpg","visit_count":1488},{"id":7,"city_name":"Ahmedabad","facts_count":0,"image":"https://i.pinimg.com/originals/a5/ed/29/a5ed293271669a61f47059f7b0d9cf2c.jpg","visit_count":1115}]
08-03 23:13:30.456 13866 13866 I GoogleInputMethodServic: GoogleInputMethodService.onFinishInput():3138 
08-03 23:13:30.456 13866 13866 I GoogleInputMethodServic: GoogleInputMethodService.onStartInput():1808 
08-03 23:13:30.457 14236 14248 I art     : Starting a blocking GC Explicit
08-03 23:13:30.471 14236 14248 I art     : Explicit concurrent mark sweep GC freed 742(72KB) AllocSpace objects, 0(0B) LOS objects, 36% free, 28MB/44MB, paused 305us total 14.431ms
08-03 23:13:30.480 14236 14248 I art     : Starting a blocking GC Explicit
08-03 23:13:30.494 14236 14248 I art     : Explicit concurrent mark sweep GC freed 257(10KB) AllocSpace objects, 0(0B) LOS objects, 36% free, 28MB/44MB, paused 240us total 14.099ms
08-03 23:13:30.494 14236 14236 D CityFragment: get cities cities size = 10
08-03 23:13:30.503 14236 14248 I art     : Starting a blocking GC Explicit
08-03 23:13:30.519 14236 14248 I art     : Explicit concurrent mark sweep GC freed 967(66KB) AllocSpace objects, 1(20KB) LOS objects, 34% free, 30MB/46MB, paused 475us total 16.703ms
08-03 23:13:30.593 14236 14236 E RecyclerView: No adapter attached; skipping layout
08-03 23:13:30.826 14236 14255 I art     : Starting a blocking GC Explicit
08-03 23:13:30.847 14236 14255 I art     : Explicit concurrent mark sweep GC freed 11170(1107KB) AllocSpace objects, 11(4MB) LOS objects, 35% free, 29MB/45MB, paused 528us total 20.681ms
08-03 23:13:30.856 14236 14255 I art     : Starting a blocking GC Explicit
08-03 23:13:30.874 14236 14255 I art     : Explicit concurrent mark sweep GC freed 4093(363KB) AllocSpace objects, 3(108KB) LOS objects, 34% free, 30MB/46MB, paused 782us total 18.232ms
08-03 23:13:30.882 14236 14255 I art     : Starting a blocking GC Explicit
08-03 23:13:30.895   380   380 W SurfaceFlinger: couldn't log to binary event log: overflow.
08-03 23:13:30.902 14236 14255 I art     : Explicit concurrent mark sweep GC freed 1851(136KB) AllocSpace objects, 1(36KB) LOS objects, 34% free, 30MB/46MB, paused 727us total 20.098ms
08-03 23:13:30.911 14236 14255 I art     : Starting a blocking GC Explicit
08-03 23:13:30.929 14236 14255 I art     : Explicit concurrent mark sweep GC freed 4332(186KB) AllocSpace objects, 5(1412KB) LOS objects, 34% free, 29MB/45MB, paused 339us total 17.840ms
08-03 23:13:30.937 14236 14255 I art     : Starting a blocking GC Explicit
08-03 23:13:30.954 14236 14255 I art     : Explicit concurrent mark sweep GC freed 1204(127KB) AllocSpace objects, 1(80KB) LOS objects, 35% free, 29MB/45MB, paused 377us total 17.065ms
08-03 23:13:30.960 14236 14323 I NAPPA_EXPERIMENTATION: MetricNetworkRequestExecutionTime: REQUEST_DURATION_SYSTEM='519',REQUEST_DURATION_OKHTTP='36',REQUEST_SYNCHRONOUS='FALSE',RESPONSE_CODE='200',RESPONSE_METHOD='GET',RESPONSE_LENGTH_OKHTTP='36',RESPONSE_LENGTH_HEADER='36',REQUEST_PROTOCOL='http/1.1',REQUEST_URL='https://project-travel-mate.herokuapp.com/api/number-of-unread-notifications',
08-03 23:13:31.221 14236 14255 I art     : Starting a blocking GC Explicit
08-03 23:13:31.241 14236 14255 I art     : Explicit concurrent mark sweep GC freed 18565(1332KB) AllocSpace objects, 15(1676KB) LOS objects, 33% free, 31MB/47MB, paused 317us total 19.865ms
08-03 23:13:31.250 14236 14255 I art     : Starting a blocking GC Explicit
08-03 23:13:31.267 14236 14255 I art     : Explicit concurrent mark sweep GC freed 929(33KB) AllocSpace objects, 0(0B) LOS objects, 33% free, 31MB/47MB, paused 358us total 16.476ms
08-03 23:13:31.276 14236 14255 I art     : Starting a blocking GC Explicit
08-03 23:13:31.292 14236 14255 I art     : Explicit concurrent mark sweep GC freed 284(148KB) AllocSpace objects, 2(56KB) LOS objects, 33% free, 31MB/47MB, paused 277us total 16.650ms
08-03 23:13:31.301 14236 14255 I art     : Starting a blocking GC Explicit
08-03 23:13:31.317 14236 14255 I art     : Explicit concurrent mark sweep GC freed 133(29KB) AllocSpace objects, 0(0B) LOS objects, 32% free, 32MB/48MB, paused 263us total 15.590ms
08-03 23:13:31.325 14236 14255 I art     : Starting a blocking GC Explicit
08-03 23:13:31.341 14236 14255 I art     : Explicit concurrent mark sweep GC freed 161(6KB) AllocSpace objects, 2(88KB) LOS objects, 32% free, 32MB/48MB, paused 271us total 16.070ms
08-03 23:13:31.662 14236 14248 I art     : Starting a blocking GC Explicit
08-03 23:13:31.682 14236 14248 I art     : Explicit concurrent mark sweep GC freed 4688(337KB) AllocSpace objects, 7(1388KB) LOS objects, 32% free, 32MB/48MB, paused 314us total 19.657ms
08-03 23:13:31.691 14236 14248 I art     : Starting a blocking GC Explicit
08-03 23:13:31.709 14236 14248 I art     : Explicit concurrent mark sweep GC freed 149(5KB) AllocSpace objects, 0(0B) LOS objects, 32% free, 32MB/48MB, paused 259us total 17.776ms
08-03 23:13:31.718 14236 14248 I art     : Starting a blocking GC Explicit
08-03 23:13:31.735 14236 14248 I art     : Explicit concurrent mark sweep GC freed 51(896B) AllocSpace objects, 0(0B) LOS objects, 32% free, 32MB/48MB, paused 246us total 16.841ms
08-03 23:13:31.744 14236 14248 I art     : Starting a blocking GC Explicit
08-03 23:13:31.761 14236 14248 I art     : Explicit concurrent mark sweep GC freed 27(496B) AllocSpace objects, 0(0B) LOS objects, 32% free, 32MB/48MB, paused 252us total 16.214ms
08-03 23:13:31.769 14236 14248 I art     : Starting a blocking GC Explicit
08-03 23:13:31.785 14236 14248 I art     : Explicit concurrent mark sweep GC freed 51(896B) AllocSpace objects, 0(0B) LOS objects, 32% free, 32MB/48MB, paused 227us total 15.704ms
08-03 23:13:32.167 14236 14250 I art     : Starting a blocking GC Explicit
08-03 23:13:32.192 14236 14250 I art     : Explicit concurrent mark sweep GC freed 2012(93KB) AllocSpace objects, 2(40KB) LOS objects, 32% free, 32MB/48MB, paused 274us total 24.488ms
08-03 23:13:32.201 14236 14250 I art     : Starting a blocking GC Explicit
08-03 23:13:32.220 14236 14250 I art     : Explicit concurrent mark sweep GC freed 70(1584B) AllocSpace objects, 0(0B) LOS objects, 32% free, 32MB/48MB, paused 247us total 18.277ms
08-03 23:13:32.229 14236 14250 I art     : Starting a blocking GC Explicit
08-03 23:13:32.247 14236 14250 I art     : Explicit concurrent mark sweep GC freed 27(496B) AllocSpace objects, 0(0B) LOS objects, 32% free, 32MB/48MB, paused 377us total 17.709ms
08-03 23:13:32.256 14236 14250 I art     : Starting a blocking GC Explicit
08-03 23:13:32.273 14236 14250 I art     : Explicit concurrent mark sweep GC freed 51(896B) AllocSpace objects, 0(0B) LOS objects, 32% free, 32MB/48MB, paused 264us total 17.516ms
08-03 23:13:32.282 14236 14250 I art     : Starting a blocking GC Explicit
08-03 23:13:32.300 14236 14250 I art     : Explicit concurrent mark sweep GC freed 51(896B) AllocSpace objects, 0(0B) LOS objects, 32% free, 32MB/48MB, paused 254us total 17.327ms
08-03 23:13:32.321 13652 13652 I Atfwd_Sendcmd: AtCmdFwd service not ready - Exhausted retry attempts - :6
08-03 23:13:32.321 13652 13652 I Atfwd_Daemon: result : -1 	 ,Init step :2 	 ,qmiErrorCode: 0
08-03 23:13:32.641 14236 14255 I art     : Starting a blocking GC Explicit
08-03 23:13:32.666 14236 14255 I art     : Explicit concurrent mark sweep GC freed 1940(91KB) AllocSpace objects, 2(40KB) LOS objects, 32% free, 32MB/48MB, paused 394us total 24.534ms
08-03 23:13:32.681 14236 14255 I art     : Starting a blocking GC Explicit
08-03 23:13:32.699 14236 14255 I art     : Explicit concurrent mark sweep GC freed 78(1728B) AllocSpace objects, 0(0B) LOS objects, 32% free, 32MB/48MB, paused 257us total 17.273ms
08-03 23:13:32.707 14236 14255 I art     : Starting a blocking GC Explicit
08-03 23:13:32.724 14236 14255 I art     : Explicit concurrent mark sweep GC freed 27(496B) AllocSpace objects, 0(0B) LOS objects, 32% free, 32MB/48MB, paused 237us total 16.827ms
08-03 23:13:32.733 14236 14255 I art     : Starting a blocking GC Explicit
08-03 23:13:32.750 14236 14255 I art     : Explicit concurrent mark sweep GC freed 51(896B) AllocSpace objects, 0(0B) LOS objects, 32% free, 32MB/48MB, paused 251us total 17.092ms
08-03 23:13:32.759 14236 14255 I art     : Starting a blocking GC Explicit
08-03 23:13:32.776 14236 14255 I art     : Explicit concurrent mark sweep GC freed 27(496B) AllocSpace objects, 0(0B) LOS objects, 32% free, 32MB/48MB, paused 259us total 17.005ms
08-03 23:13:33.145 14236 14248 I art     : Starting a blocking GC Explicit
08-03 23:13:33.161 14236 14248 I art     : Explicit concurrent mark sweep GC freed 1972(91KB) AllocSpace objects, 2(40KB) LOS objects, 32% free, 32MB/48MB, paused 247us total 16.206ms
08-03 23:13:33.169 14236 14248 I art     : Starting a blocking GC Explicit
08-03 23:13:33.185 14236 14248 I art     : Explicit concurrent mark sweep GC freed 70(1584B) AllocSpace objects, 0(0B) LOS objects, 32% free, 32MB/48MB, paused 226us total 15.092ms
08-03 23:13:33.193 14236 14248 I art     : Starting a blocking GC Explicit
08-03 23:13:33.208 14236 14248 I art     : Explicit concurrent mark sweep GC freed 27(496B) AllocSpace objects, 0(0B) LOS objects, 32% free, 32MB/48MB, paused 228us total 14.861ms
08-03 23:13:33.216 14236 14248 I art     : Starting a blocking GC Explicit
08-03 23:13:33.231 14236 14248 I art     : Explicit concurrent mark sweep GC freed 27(496B) AllocSpace objects, 0(0B) LOS objects, 32% free, 32MB/48MB, paused 323us total 14.950ms
08-03 23:13:33.239 14236 14248 I art     : Starting a blocking GC Explicit
08-03 23:13:33.255 14236 14248 I art     : Explicit concurrent mark sweep GC freed 51(896B) AllocSpace objects, 0(0B) LOS objects, 32% free, 32MB/48MB, paused 243us total 15.470ms
08-03 23:13:33.604 14236 14250 I art     : Starting a blocking GC Explicit
08-03 23:13:33.625 14236 14250 I art     : Explicit concurrent mark sweep GC freed 1948(91KB) AllocSpace objects, 2(40KB) LOS objects, 32% free, 32MB/48MB, paused 250us total 20.303ms
08-03 23:13:33.638 14236 14250 I art     : Starting a blocking GC Explicit
08-03 23:13:33.656 14236 14250 I art     : Explicit concurrent mark sweep GC freed 70(1584B) AllocSpace objects, 0(0B) LOS objects, 32% free, 32MB/48MB, paused 255us total 17.598ms
08-03 23:13:33.665 14236 14250 I art     : Starting a blocking GC Explicit
08-03 23:13:33.683 14236 14250 I art     : Explicit concurrent mark sweep GC freed 50(864B) AllocSpace objects, 0(0B) LOS objects, 32% free, 32MB/48MB, paused 286us total 17.045ms
08-03 23:13:33.691 14236 14250 I art     : Starting a blocking GC Explicit
08-03 23:13:33.709 14236 14250 I art     : Explicit concurrent mark sweep GC freed 28(528B) AllocSpace objects, 0(0B) LOS objects, 32% free, 32MB/48MB, paused 258us total 17.083ms
08-03 23:13:33.717 14236 14250 I art     : Starting a blocking GC Explicit
08-03 23:13:33.735 14236 14250 I art     : Explicit concurrent mark sweep GC freed 51(896B) AllocSpace objects, 0(0B) LOS objects, 32% free, 32MB/48MB, paused 246us total 17.363ms
08-03 23:13:34.075 14236 14255 I art     : Starting a blocking GC Explicit
08-03 23:13:34.099 14236 14255 I art     : Explicit concurrent mark sweep GC freed 1923(91KB) AllocSpace objects, 2(40KB) LOS objects, 32% free, 32MB/48MB, paused 282us total 23.680ms
08-03 23:13:34.110 14236 14255 I art     : Starting a blocking GC Explicit
08-03 23:13:34.129 14236 14255 I art     : Explicit concurrent mark sweep GC freed 70(1584B) AllocSpace objects, 0(0B) LOS objects, 32% free, 32MB/48MB, paused 277us total 18.185ms
08-03 23:13:34.138 14236 14255 I art     : Starting a blocking GC Explicit
08-03 23:13:34.155 14236 14255 I art     : Explicit concurrent mark sweep GC freed 51(896B) AllocSpace objects, 0(0B) LOS objects, 32% free, 32MB/48MB, paused 251us total 16.825ms
08-03 23:13:34.164 14236 14255 I art     : Starting a blocking GC Explicit
08-03 23:13:34.181 14236 14255 I art     : Explicit concurrent mark sweep GC freed 27(496B) AllocSpace objects, 0(0B) LOS objects, 32% free, 32MB/48MB, paused 236us total 16.892ms
08-03 23:13:34.189 14236 14255 I art     : Starting a blocking GC Explicit
08-03 23:13:34.206 14236 14255 I art     : Explicit concurrent mark sweep GC freed 51(896B) AllocSpace objects, 0(0B) LOS objects, 32% free, 32MB/48MB, paused 251us total 16.810ms
08-03 23:13:34.517 14236 14248 I art     : Starting a blocking GC Explicit
08-03 23:13:34.536 14236 14248 I art     : Explicit concurrent mark sweep GC freed 1899(90KB) AllocSpace objects, 2(40KB) LOS objects, 32% free, 32MB/48MB, paused 259us total 18.555ms
08-03 23:13:34.546 14236 14248 I art     : Starting a blocking GC Explicit
08-03 23:13:34.563 14236 14248 I art     : Explicit concurrent mark sweep GC freed 46(1184B) AllocSpace objects, 0(0B) LOS objects, 32% free, 32MB/48MB, paused 263us total 17.361ms
08-03 23:13:34.572 14236 14248 I art     : Starting a blocking GC Explicit
08-03 23:13:34.590 14236 14248 I art     : Explicit concurrent mark sweep GC freed 51(896B) AllocSpace objects, 0(0B) LOS objects, 32% free, 32MB/48MB, paused 265us total 17.258ms
08-03 23:13:34.590 14236 14247 I art     : WaitForGcToComplete blocked for 6.172ms for cause HeapTrim
08-03 23:13:34.599 14236 14248 I art     : Starting a blocking GC Explicit
08-03 23:13:34.616 14236 14248 I art     : Explicit concurrent mark sweep GC freed 27(496B) AllocSpace objects, 0(0B) LOS objects, 32% free, 32MB/48MB, paused 244us total 17.177ms
08-03 23:13:34.625 14236 14248 I art     : Starting a blocking GC Explicit
08-03 23:13:34.642 14236 14248 I art     : Explicit concurrent mark sweep GC freed 51(896B) AllocSpace objects, 0(0B) LOS objects, 32% free, 32MB/48MB, paused 261us total 17.102ms
08-03 23:13:34.987 14236 14250 I art     : Starting a blocking GC Explicit
08-03 23:13:35.012 14236 14250 I art     : Explicit concurrent mark sweep GC freed 1947(91KB) AllocSpace objects, 2(40KB) LOS objects, 32% free, 32MB/48MB, paused 287us total 24.003ms
08-03 23:13:35.024 14236 14250 I art     : Starting a blocking GC Explicit
08-03 23:13:35.042 14236 14250 I art     : Explicit concurrent mark sweep GC freed 70(1584B) AllocSpace objects, 0(0B) LOS objects, 32% free, 32MB/48MB, paused 288us total 17.524ms
08-03 23:13:35.051 14236 14250 I art     : Starting a blocking GC Explicit
08-03 23:13:35.069 14236 14250 I art     : Explicit concurrent mark sweep GC freed 38(656B) AllocSpace objects, 0(0B) LOS objects, 32% free, 32MB/48MB, paused 310us total 17.614ms
08-03 23:13:35.078 14236 14250 I art     : Starting a blocking GC Explicit
08-03 23:13:35.095 14236 14250 I art     : Explicit concurrent mark sweep GC freed 40(736B) AllocSpace objects, 0(0B) LOS objects, 32% free, 32MB/48MB, paused 256us total 16.574ms
08-03 23:13:35.103 14236 14250 I art     : Starting a blocking GC Explicit
08-03 23:13:35.121 14236 14250 I art     : Explicit concurrent mark sweep GC freed 46(800B) AllocSpace objects, 0(0B) LOS objects, 32% free, 32MB/48MB, paused 274us total 17.540ms
08-03 23:13:35.460 14236 14255 I art     : Starting a blocking GC Explicit
08-03 23:13:35.485 14236 14255 I art     : Explicit concurrent mark sweep GC freed 1929(91KB) AllocSpace objects, 2(40KB) LOS objects, 32% free, 32MB/48MB, paused 431us total 24.935ms
08-03 23:13:35.496 14236 14255 I art     : Starting a blocking GC Explicit
08-03 23:13:35.515 14236 14255 I art     : Explicit concurrent mark sweep GC freed 70(1584B) AllocSpace objects, 0(0B) LOS objects, 32% free, 32MB/48MB, paused 256us total 18.090ms
08-03 23:13:35.524 14236 14255 I art     : Starting a blocking GC Explicit
08-03 23:13:35.541 14236 14255 I art     : Explicit concurrent mark sweep GC freed 51(896B) AllocSpace objects, 0(0B) LOS objects, 32% free, 32MB/48MB, paused 233us total 16.493ms
08-03 23:13:35.550 14236 14255 I art     : Starting a blocking GC Explicit
08-03 23:13:35.567 14236 14255 I art     : Explicit concurrent mark sweep GC freed 27(496B) AllocSpace objects, 0(0B) LOS objects, 32% free, 32MB/48MB, paused 276us total 16.822ms
08-03 23:13:35.575 14236 14255 I art     : Starting a blocking GC Explicit
08-03 23:13:35.592 14236 14255 I art     : Explicit concurrent mark sweep GC freed 51(896B) AllocSpace objects, 0(0B) LOS objects, 32% free, 32MB/48MB, paused 254us total 16.748ms
08-03 23:13:35.959 14236 14248 I art     : Starting a blocking GC Explicit
08-03 23:13:35.978 14236 14248 I art     : Explicit concurrent mark sweep GC freed 1971(91KB) AllocSpace objects, 2(40KB) LOS objects, 32% free, 32MB/48MB, paused 271us total 18.934ms
08-03 23:13:35.988 14236 14248 I art     : Starting a blocking GC Explicit
08-03 23:13:36.006 14236 14248 I art     : Explicit concurrent mark sweep GC freed 70(1584B) AllocSpace objects, 0(0B) LOS objects, 32% free, 32MB/48MB, paused 268us total 17.623ms
08-03 23:13:36.015 14236 14248 I art     : Starting a blocking GC Explicit
08-03 23:13:36.033 14236 14248 I art     : Explicit concurrent mark sweep GC freed 27(496B) AllocSpace objects, 0(0B) LOS objects, 32% free, 32MB/48MB, paused 254us total 17.609ms
08-03 23:13:36.042 14236 14248 I art     : Starting a blocking GC Explicit
08-03 23:13:36.059 14236 14248 I art     : Explicit concurrent mark sweep GC freed 51(896B) AllocSpace objects, 0(0B) LOS objects, 32% free, 32MB/48MB, paused 285us total 17.575ms
08-03 23:13:36.069 14236 14248 I art     : Starting a blocking GC Explicit
08-03 23:13:36.088 14236 14248 I art     : Explicit concurrent mark sweep GC freed 32(560B) AllocSpace objects, 0(0B) LOS objects, 32% free, 32MB/48MB, paused 386us total 18.852ms
08-03 23:13:36.449 14236 14250 I art     : Starting a blocking GC Explicit
08-03 23:13:36.473 14236 14250 I art     : Explicit concurrent mark sweep GC freed 1991(92KB) AllocSpace objects, 2(40KB) LOS objects, 32% free, 32MB/48MB, paused 285us total 23.898ms
08-03 23:13:36.483 14236 14250 I art     : Starting a blocking GC Explicit
08-03 23:13:36.502 14236 14250 I art     : Explicit concurrent mark sweep GC freed 46(1184B) AllocSpace objects, 0(0B) LOS objects, 32% free, 32MB/48MB, paused 321us total 18.174ms
08-03 23:13:36.512 14236 14250 I art     : Starting a blocking GC Explicit
08-03 23:13:36.529 14236 14250 I art     : Explicit concurrent mark sweep GC freed 51(896B) AllocSpace objects, 0(0B) LOS objects, 32% free, 32MB/48MB, paused 253us total 17.548ms
08-03 23:13:36.538 14236 14250 I art     : Starting a blocking GC Explicit
08-03 23:13:36.555 14236 14250 I art     : Explicit concurrent mark sweep GC freed 50(864B) AllocSpace objects, 0(0B) LOS objects, 32% free, 32MB/48MB, paused 245us total 16.699ms
08-03 23:13:36.564 14236 14250 I art     : Starting a blocking GC Explicit
08-03 23:13:36.581 14236 14250 I art     : Explicit concurrent mark sweep GC freed 28(528B) AllocSpace objects, 0(0B) LOS objects, 32% free, 32MB/48MB, paused 249us total 16.446ms
08-03 23:13:36.880 14475 14475 D AndroidRuntime: >>>>>> START com.android.internal.os.RuntimeInit uid 2000 <<<<<<
08-03 23:13:36.884 14475 14475 D AndroidRuntime: CheckJNI is OFF
08-03 23:13:36.887 14236 14255 I art     : Starting a blocking GC Explicit
08-03 23:13:36.905 14236 14255 I art     : Explicit concurrent mark sweep GC freed 1900(90KB) AllocSpace objects, 2(40KB) LOS objects, 32% free, 32MB/48MB, paused 272us total 17.968ms
08-03 23:13:36.914 14236 14255 I art     : Starting a blocking GC Explicit
08-03 23:13:36.915 14475 14475 D ICU     : No timezone override file found: /data/misc/zoneinfo/current/icu/icu_tzdata.dat
08-03 23:13:36.932 14236 14255 I art     : Explicit concurrent mark sweep GC freed 46(1184B) AllocSpace objects, 0(0B) LOS objects, 32% free, 32MB/48MB, paused 264us total 17.315ms
08-03 23:13:36.941 14236 14255 I art     : Starting a blocking GC Explicit
08-03 23:13:36.941 14475 14475 I Radio-JNI: register_android_hardware_Radio DONE
08-03 23:13:36.957 14236 14255 I art     : Explicit concurrent mark sweep GC freed 51(896B) AllocSpace objects, 0(0B) LOS objects, 32% free, 32MB/48MB, paused 290us total 16.052ms
08-03 23:13:36.958 14475 14475 D AndroidRuntime: Calling main entry com.android.commands.input.Input
08-03 23:13:36.959 14475 14475 I Input   : injectMotionEvent: MotionEvent { action=ACTION_DOWN, actionButton=0, id[0]=0, x[0]=346.0, y[0]=709.0, toolType[0]=TOOL_TYPE_UNKNOWN, buttonState=0, metaState=0, flags=0x0, edgeFlags=0x0, pointerCount=1, historySize=0, eventTime=659633372, downTime=659633372, deviceId=0, source=0x1002 }
08-03 23:13:36.965 14475 14475 I Input   : injectMotionEvent: MotionEvent { action=ACTION_UP, actionButton=0, id[0]=0, x[0]=346.0, y[0]=709.0, toolType[0]=TOOL_TYPE_UNKNOWN, buttonState=0, metaState=0, flags=0x0, edgeFlags=0x0, pointerCount=1, historySize=0, eventTime=659633372, downTime=659633372, deviceId=0, source=0x1002 }
08-03 23:13:36.966 14236 14255 I art     : Starting a blocking GC Explicit
08-03 23:13:36.975   918  6111 I ActivityManager: START u0 {cmp=baseline.io.github.project_travel_mate/.destinations.description.FinalCityInfoActivity (has extras)} from uid 10650 on display 0
08-03 23:13:36.980 14475 14475 D AndroidRuntime: Shutting down VM
08-03 23:13:36.985 14236 14255 I art     : Explicit concurrent mark sweep GC freed 1175(185KB) AllocSpace objects, 0(0B) LOS objects, 32% free, 32MB/48MB, paused 375us total 18.978ms
08-03 23:13:36.994 14236 14255 I art     : Starting a blocking GC Explicit
08-03 23:13:36.999 14236 14302 D Gabe    : call	returning from cache
08-03 23:13:37.012 14236 14255 I art     : Explicit concurrent mark sweep GC freed 3434(176KB) AllocSpace objects, 0(0B) LOS objects, 32% free, 33MB/49MB, paused 589us total 18.027ms
08-03 23:13:37.024 14236 14236 V EXECUTING: https://project-travel-mate.herokuapp.com/api/get-city-weather/1
08-03 23:13:37.163 13866 13866 I GoogleInputMethodServic: GoogleInputMethodService.onFinishInput():3138 
08-03 23:13:37.164 13866 13866 I GoogleInputMethodServic: GoogleInputMethodService.onStartInput():1808 
08-03 23:13:37.164   918   936 I ActivityManager: Displayed baseline.io.github.project_travel_mate/.destinations.description.FinalCityInfoActivity: +182ms
08-03 23:13:37.267 14236 14248 I art     : Starting a blocking GC Explicit
08-03 23:13:37.291 14236 14248 I art     : Explicit concurrent mark sweep GC freed 6044(335KB) AllocSpace objects, 2(40KB) LOS objects, 29% free, 37MB/53MB, paused 532us total 23.963ms
08-03 23:13:37.303 14236 14248 I art     : Starting a blocking GC Explicit
08-03 23:13:37.320 14236 14248 I art     : Explicit concurrent mark sweep GC freed 362(16KB) AllocSpace objects, 0(0B) LOS objects, 29% free, 37MB/53MB, paused 320us total 17.321ms
08-03 23:13:37.321 13652 13652 I ServiceManager: Waiting for service AtCmdFwd...
08-03 23:13:37.329 14236 14248 I art     : Starting a blocking GC Explicit
08-03 23:13:37.347 14236 14248 I art     : Explicit concurrent mark sweep GC freed 52(928B) AllocSpace objects, 0(0B) LOS objects, 29% free, 37MB/53MB, paused 368us total 17.373ms
08-03 23:13:37.356 14236 14248 I art     : Starting a blocking GC Explicit
08-03 23:13:37.375 14236 14248 I art     : Explicit concurrent mark sweep GC freed 99(1696B) AllocSpace objects, 0(0B) LOS objects, 29% free, 37MB/53MB, paused 312us total 19.503ms
08-03 23:13:37.386 14236 14248 I art     : Starting a blocking GC Explicit
08-03 23:13:37.405 14236 14248 I art     : Explicit concurrent mark sweep GC freed 98(1664B) AllocSpace objects, 0(0B) LOS objects, 29% free, 37MB/53MB, paused 387us total 19.572ms
08-03 23:13:37.419   380   380 W SurfaceFlinger: couldn't log to binary event log: overflow.
08-03 23:13:37.523 14236 14500 I NAPPA_EXPERIMENTATION: MetricNetworkRequestExecutionTime: REQUEST_DURATION_SYSTEM='498',REQUEST_DURATION_OKHTTP='33',REQUEST_SYNCHRONOUS='FALSE',RESPONSE_CODE='200',RESPONSE_METHOD='GET',RESPONSE_LENGTH_OKHTTP='530',RESPONSE_LENGTH_HEADER='530',REQUEST_PROTOCOL='http/1.1',REQUEST_URL='https://project-travel-mate.herokuapp.com/api/get-city/1',
08-03 23:13:37.545 14236 14499 I NAPPA_EXPERIMENTATION: MetricNetworkRequestExecutionTime: REQUEST_DURATION_SYSTEM='519',REQUEST_DURATION_OKHTTP='50',REQUEST_SYNCHRONOUS='FALSE',RESPONSE_CODE='200',RESPONSE_METHOD='GET',RESPONSE_LENGTH_OKHTTP='238',RESPONSE_LENGTH_HEADER='238',REQUEST_PROTOCOL='http/1.1',REQUEST_URL='https://project-travel-mate.herokuapp.com/api/get-city-weather/1',
08-03 23:13:37.558 14236 14500 V Response: {"id":1,"city_name":"Delhi","description":"Delhi, officially the National Capital Territory of Delhi, is the Capital territory of India. During the British Raj, Delhi was part of the province of Punjab and is still historically and culturally connected to the Punjab region.","latitude":"28.613900","longitude":"77.209000","facts_count":6,"images":["https://upload.wikimedia.org/wikipedia/commons/9/94/%E0%B4%96%E0%B5%81%E0%B4%A4%E0%B5%8D%E0%B4%AC%E0%B5%8D_%E0%B4%AE%E0%B4%BF%E0%B4%A8%E0%B4%BE%E0%B5%BC1.jpg"],"has_visited":false}
08-03 23:13:37.674 14236 14250 I art     : Starting a blocking GC Explicit
08-03 23:13:37.693 14236 14250 I art     : Explicit concurrent mark sweep GC freed 9465(548KB) AllocSpace objects, 8(316KB) LOS objects, 28% free, 39MB/55MB, paused 380us total 19.092ms
08-03 23:13:37.702 14236 14250 I art     : Starting a blocking GC Explicit
08-03 23:13:37.720 14236 14250 I art     : Explicit concurrent mark sweep GC freed 1173(124KB) AllocSpace objects, 1(4MB) LOS objects, 31% free, 35MB/51MB, paused 314us total 17.696ms
08-03 23:13:37.728 14236 14250 I art     : Starting a blocking GC Explicit
08-03 23:13:37.748 14236 14250 I art     : Explicit concurrent mark sweep GC freed 104(1904B) AllocSpace objects, 2(88KB) LOS objects, 28% free, 39MB/55MB, paused 348us total 18.948ms
08-03 23:13:37.756 14236 14250 I art     : Starting a blocking GC Explicit
08-03 23:13:37.772 14236 14250 I art     : Explicit concurrent mark sweep GC freed 102(1888B) AllocSpace objects, 0(0B) LOS objects, 28% free, 39MB/55MB, paused 266us total 16.407ms
08-03 23:13:37.781 14236 14250 I art     : Starting a blocking GC Explicit
08-03 23:13:37.799 14236 14250 I art     : Explicit concurrent mark sweep GC freed 94(15KB) AllocSpace objects, 1(1204KB) LOS objects, 29% free, 38MB/54MB, paused 283us total 17.809ms
08-03 23:13:38.064 14236 14255 I art     : Starting a blocking GC Explicit
08-03 23:13:38.083 14236 14255 I art     : Explicit concurrent mark sweep GC freed 2646(153KB) AllocSpace objects, 3(60KB) LOS objects, 29% free, 38MB/54MB, paused 274us total 18.330ms
08-03 23:13:38.091 14236 14255 I art     : Starting a blocking GC Explicit
08-03 23:13:38.109 14236 14255 I art     : Explicit concurrent mark sweep GC freed 156(3KB) AllocSpace objects, 0(0B) LOS objects, 29% free, 38MB/54MB, paused 261us total 17.337ms
08-03 23:13:38.118 14236 14255 I art     : Starting a blocking GC Explicit
08-03 23:13:38.136 14236 14255 I art     : Explicit concurrent mark sweep GC freed 51(896B) AllocSpace objects, 0(0B) LOS objects, 29% free, 38MB/54MB, paused 248us total 17.875ms
08-03 23:13:38.145 14236 14255 I art     : Starting a blocking GC Explicit
08-03 23:13:38.163 14236 14255 I art     : Explicit concurrent mark sweep GC freed 99(1696B) AllocSpace objects, 0(0B) LOS objects, 29% free, 38MB/54MB, paused 276us total 17.890ms
08-03 23:13:38.171 14236 14255 I art     : Starting a blocking GC Explicit
08-03 23:13:38.190 14236 14255 I art     : Explicit concurrent mark sweep GC freed 122(2736B) AllocSpace objects, 0(0B) LOS objects, 29% free, 38MB/54MB, paused 246us total 18.222ms
08-03 23:13:38.322 13652 13652 I ServiceManager: Waiting for service AtCmdFwd...
08-03 23:13:38.505 14236 14255 I art     : Starting a blocking GC Explicit
08-03 23:13:38.527 14236 14255 I art     : Explicit concurrent mark sweep GC freed 2393(99KB) AllocSpace objects, 2(40KB) LOS objects, 29% free, 38MB/54MB, paused 281us total 22.298ms
08-03 23:13:38.539 14236 14255 I art     : Starting a blocking GC Explicit
08-03 23:13:38.559 14236 14255 I art     : Explicit concurrent mark sweep GC freed 118(2384B) AllocSpace objects, 0(0B) LOS objects, 29% free, 38MB/54MB, paused 313us total 19.605ms
08-03 23:13:38.568 14236 14255 I art     : Starting a blocking GC Explicit
08-03 23:13:38.587 14236 14255 I art     : Explicit concurrent mark sweep GC freed 51(896B) AllocSpace objects, 0(0B) LOS objects, 29% free, 38MB/54MB, paused 368us total 19.459ms
08-03 23:13:38.597 14236 14255 I art     : Starting a blocking GC Explicit
08-03 23:13:38.617 14236 14255 I art     : Explicit concurrent mark sweep GC freed 99(1696B) AllocSpace objects, 0(0B) LOS objects, 29% free, 38MB/54MB, paused 369us total 20.065ms
08-03 23:13:38.626 14236 14255 I art     : Starting a blocking GC Explicit
08-03 23:13:38.646 14236 14255 I art     : Explicit concurrent mark sweep GC freed 99(1696B) AllocSpace objects, 0(0B) LOS objects, 29% free, 38MB/54MB, paused 282us total 19.890ms
08-03 23:13:39.004 14236 14248 I art     : Starting a blocking GC Explicit
08-03 23:13:39.028 14236 14248 I art     : Explicit concurrent mark sweep GC freed 2527(100KB) AllocSpace objects, 2(40KB) LOS objects, 29% free, 38MB/54MB, paused 337us total 23.120ms
08-03 23:13:39.041 14236 14248 I art     : Starting a blocking GC Explicit
08-03 23:13:39.061 14236 14248 I art     : Explicit concurrent mark sweep GC freed 119(2416B) AllocSpace objects, 0(0B) LOS objects, 29% free, 38MB/54MB, paused 278us total 19.897ms
08-03 23:13:39.070 14236 14248 I art     : Starting a blocking GC Explicit
08-03 23:13:39.090 14236 14248 I art     : Explicit concurrent mark sweep GC freed 99(1696B) AllocSpace objects, 0(0B) LOS objects, 29% free, 38MB/54MB, paused 278us total 19.450ms
08-03 23:13:39.099 14236 14248 I art     : Starting a blocking GC Explicit
08-03 23:13:39.118 14236 14248 I art     : Explicit concurrent mark sweep GC freed 51(896B) AllocSpace objects, 0(0B) LOS objects, 29% free, 38MB/54MB, paused 268us total 19.184ms
08-03 23:13:39.127 14236 14248 I art     : Starting a blocking GC Explicit
08-03 23:13:39.148 14236 14248 I art     : Explicit concurrent mark sweep GC freed 99(1696B) AllocSpace objects, 0(0B) LOS objects, 29% free, 38MB/54MB, paused 279us total 20.276ms
08-03 23:13:39.322 13652 13652 I ServiceManager: Waiting for service AtCmdFwd...
08-03 23:13:39.502 14236 14250 I art     : Starting a blocking GC Explicit
08-03 23:13:39.523 14236 14250 I art     : Explicit concurrent mark sweep GC freed 2479(100KB) AllocSpace objects, 2(40KB) LOS objects, 29% free, 38MB/54MB, paused 398us total 20.350ms
08-03 23:13:39.532 14236 14250 I art     : Starting a blocking GC Explicit
08-03 23:13:39.552 14236 14250 I art     : Explicit concurrent mark sweep GC freed 119(2416B) AllocSpace objects, 0(0B) LOS objects, 29% free, 38MB/54MB, paused 273us total 19.574ms
08-03 23:13:39.561 14236 14250 I art     : Starting a blocking GC Explicit
08-03 23:13:39.581 14236 14250 I art     : Explicit concurrent mark sweep GC freed 99(1696B) AllocSpace objects, 0(0B) LOS objects, 29% free, 38MB/54MB, paused 286us total 19.763ms
08-03 23:13:39.590 14236 14250 I art     : Starting a blocking GC Explicit
08-03 23:13:39.610 14236 14250 I art     : Explicit concurrent mark sweep GC freed 99(1696B) AllocSpace objects, 0(0B) LOS objects, 29% free, 38MB/54MB, paused 273us total 20.313ms
08-03 23:13:39.620 14236 14250 I art     : Starting a blocking GC Explicit
08-03 23:13:39.639 14236 14250 I art     : Explicit concurrent mark sweep GC freed 74(1264B) AllocSpace objects, 0(0B) LOS objects, 29% free, 38MB/54MB, paused 342us total 19.579ms
08-03 23:13:39.640 14236 14247 I art     : WaitForGcToComplete blocked for 19.987ms for cause HeapTrim
08-03 23:13:39.976 14236 14255 I art     : Starting a blocking GC Explicit
08-03 23:13:39.999 14236 14255 I art     : Explicit concurrent mark sweep GC freed 2456(99KB) AllocSpace objects, 2(40KB) LOS objects, 29% free, 38MB/54MB, paused 283us total 22.605ms
08-03 23:13:40.012 14236 14255 I art     : Starting a blocking GC Explicit
08-03 23:13:40.031 14236 14255 I art     : Explicit concurrent mark sweep GC freed 118(2384B) AllocSpace objects, 0(0B) LOS objects, 29% free, 38MB/54MB, paused 289us total 18.561ms
08-03 23:13:40.040 14236 14255 I art     : Starting a blocking GC Explicit
08-03 23:13:40.060 14236 14255 I art     : Explicit concurrent mark sweep GC freed 99(1696B) AllocSpace objects, 0(0B) LOS objects, 29% free, 38MB/54MB, paused 277us total 19.803ms
08-03 23:13:40.069 14236 14255 I art     : Starting a blocking GC Explicit
08-03 23:13:40.088 14236 14255 I art     : Explicit concurrent mark sweep GC freed 51(896B) AllocSpace objects, 0(0B) LOS objects, 29% free, 38MB/54MB, paused 272us total 19.157ms
08-03 23:13:40.097 14236 14255 I art     : Starting a blocking GC Explicit
08-03 23:13:40.118 14236 14255 I art     : Explicit concurrent mark sweep GC freed 99(1696B) AllocSpace objects, 0(0B) LOS objects, 29% free, 38MB/54MB, paused 312us total 20.417ms
08-03 23:13:40.323 13652 13652 I ServiceManager: Waiting for service AtCmdFwd...
08-03 23:13:40.461 14236 14248 I art     : Starting a blocking GC Explicit
08-03 23:13:40.483 14236 14248 I art     : Explicit concurrent mark sweep GC freed 2481(100KB) AllocSpace objects, 2(40KB) LOS objects, 29% free, 38MB/54MB, paused 292us total 21.430ms
08-03 23:13:40.492 14236 14248 I art     : Starting a blocking GC Explicit
08-03 23:13:40.513 14236 14248 I art     : Explicit concurrent mark sweep GC freed 118(2384B) AllocSpace objects, 0(0B) LOS objects, 29% free, 38MB/54MB, paused 284us total 20.695ms
08-03 23:13:40.523 14236 14248 I art     : Starting a blocking GC Explicit
08-03 23:13:40.543 14236 14248 I art     : Explicit concurrent mark sweep GC freed 98(1664B) AllocSpace objects, 0(0B) LOS objects, 29% free, 38MB/54MB, paused 285us total 20.107ms
08-03 23:13:40.552 14236 14248 I art     : Starting a blocking GC Explicit
08-03 23:13:40.572 14236 14248 I art     : Explicit concurrent mark sweep GC freed 52(928B) AllocSpace objects, 0(0B) LOS objects, 29% free, 38MB/54MB, paused 284us total 19.488ms
08-03 23:13:40.581 14236 14248 I art     : Starting a blocking GC Explicit
08-03 23:13:40.601 14236 14248 I art     : Explicit concurrent mark sweep GC freed 99(1696B) AllocSpace objects, 0(0B) LOS objects, 29% free, 38MB/54MB, paused 305us total 20.115ms
08-03 23:13:40.934 14236 14250 I art     : Starting a blocking GC Explicit
08-03 23:13:40.955 14236 14250 I art     : Explicit concurrent mark sweep GC freed 2432(99KB) AllocSpace objects, 2(40KB) LOS objects, 29% free, 38MB/54MB, paused 280us total 20.215ms
08-03 23:13:40.964 14236 14250 I art     : Starting a blocking GC Explicit
08-03 23:13:40.984 14236 14250 I art     : Explicit concurrent mark sweep GC freed 118(2384B) AllocSpace objects, 0(0B) LOS objects, 29% free, 38MB/54MB, paused 280us total 20.225ms
08-03 23:13:40.993 14236 14250 I art     : Starting a blocking GC Explicit
08-03 23:13:41.013 14236 14250 I art     : Explicit concurrent mark sweep GC freed 99(1696B) AllocSpace objects, 0(0B) LOS objects, 29% free, 38MB/54MB, paused 272us total 19.927ms
08-03 23:13:41.022 14236 14250 I art     : Starting a blocking GC Explicit
08-03 23:13:41.043 14236 14250 I art     : Explicit concurrent mark sweep GC freed 99(1696B) AllocSpace objects, 0(0B) LOS objects, 29% free, 38MB/54MB, paused 307us total 20.192ms
08-03 23:13:41.052 14236 14250 I art     : Starting a blocking GC Explicit
08-03 23:13:41.072 14236 14250 I art     : Explicit concurrent mark sweep GC freed 51(896B) AllocSpace objects, 0(0B) LOS objects, 29% free, 38MB/54MB, paused 285us total 19.250ms
08-03 23:13:41.323 13652 13652 I ServiceManager: Waiting for service AtCmdFwd...
08-03 23:13:41.407 14236 14248 I art     : Starting a blocking GC Explicit
08-03 23:13:41.429 14236 14248 I art     : Explicit concurrent mark sweep GC freed 2502(101KB) AllocSpace objects, 2(40KB) LOS objects, 29% free, 38MB/54MB, paused 298us total 21.205ms
08-03 23:13:41.438 14236 14248 I art     : Starting a blocking GC Explicit
08-03 23:13:41.458 14236 14248 I art     : Explicit concurrent mark sweep GC freed 115(2704B) AllocSpace objects, 0(0B) LOS objects, 29% free, 38MB/54MB, paused 364us total 20.205ms
08-03 23:13:41.468 14236 14248 I art     : Starting a blocking GC Explicit
08-03 23:13:41.487 14236 14248 I art     : Explicit concurrent mark sweep GC freed 65(1152B) AllocSpace objects, 0(0B) LOS objects, 29% free, 38MB/54MB, paused 292us total 19.372ms
08-03 23:13:41.496 14236 14248 I art     : Starting a blocking GC Explicit
08-03 23:13:41.516 14236 14248 I art     : Explicit concurrent mark sweep GC freed 99(1696B) AllocSpace objects, 0(0B) LOS objects, 29% free, 38MB/54MB, paused 290us total 19.237ms
08-03 23:13:41.525 14236 14248 I art     : Starting a blocking GC Explicit
08-03 23:13:41.544 14236 14248 I art     : Explicit concurrent mark sweep GC freed 99(1696B) AllocSpace objects, 0(0B) LOS objects, 29% free, 38MB/54MB, paused 268us total 18.822ms
08-03 23:13:41.609 14596 14596 D AndroidRuntime: >>>>>> START com.android.internal.os.RuntimeInit uid 2000 <<<<<<
08-03 23:13:41.614 14596 14596 D AndroidRuntime: CheckJNI is OFF
08-03 23:13:41.640 14596 14596 D ICU     : No timezone override file found: /data/misc/zoneinfo/current/icu/icu_tzdata.dat
08-03 23:13:41.667 14596 14596 I Radio-JNI: register_android_hardware_Radio DONE
08-03 23:13:41.683 14596 14596 D AndroidRuntime: Calling main entry com.android.commands.input.Input
08-03 23:13:41.685 14596 14596 I Input   : injectMotionEvent: MotionEvent { action=ACTION_DOWN, actionButton=0, id[0]=0, x[0]=693.0, y[0]=1450.0, toolType[0]=TOOL_TYPE_UNKNOWN, buttonState=0, metaState=0, flags=0x0, edgeFlags=0x0, pointerCount=1, historySize=0, eventTime=659638098, downTime=659638098, deviceId=0, source=0x1002 }
08-03 23:13:41.694 14596 14596 I Input   : injectMotionEvent: MotionEvent { action=ACTION_UP, actionButton=0, id[0]=0, x[0]=693.0, y[0]=1450.0, toolType[0]=TOOL_TYPE_UNKNOWN, buttonState=0, metaState=0, flags=0x0, edgeFlags=0x0, pointerCount=1, historySize=0, eventTime=659638098, downTime=659638098, deviceId=0, source=0x1002 }
08-03 23:13:41.695 14596 14596 D AndroidRuntime: Shutting down VM
08-03 23:13:41.696   918  3714 I ActivityManager: START u0 {cmp=baseline.io.github.project_travel_mate/.destinations.description.CityHistoryActivity} from uid 10650 on display 0
08-03 23:13:41.697   512  2967 D audio_hw_primary: out_set_parameters: enter: usecase(1: low-latency-playback) kvpairs: routing=2
08-03 23:13:41.711   512  2967 D audio_hw_primary: select_devices: out_snd_device(2: speaker) in_snd_device(0: none)
08-03 23:13:41.711   512  2967 D msm8974_platform: platform_send_audio_calibration: sending audio calibration for snd_device(2) acdb_id(15)
08-03 23:13:41.711   512  2967 I soundtrigger: audio_extn_sound_trigger_update_device_status: device 0x2 of type 0 for Event 1
08-03 23:13:41.721   512  2967 D audio_hw_primary: enable_snd_device: snd_device(2: speaker)
08-03 23:13:41.723   512  2967 D audio_hw_primary: enable_audio_route: apply and update mixer path: low-latency-playback speaker
08-03 23:13:41.727 14236 14302 D Gabe    : call	returning from cache
08-03 23:13:41.728 14236 14236 V EXECUTING: https://project-travel-mate.herokuapp.com/api/get-city-information/1
08-03 23:13:41.820 14236 14250 I art     : Starting a blocking GC Explicit
08-03 23:13:41.841 14236 14250 I art     : Explicit concurrent mark sweep GC freed 3101(224KB) AllocSpace objects, 2(40KB) LOS objects, 27% free, 42MB/58MB, paused 326us total 21.331ms
08-03 23:13:41.851 14236 14250 I art     : Starting a blocking GC Explicit
08-03 23:13:41.867   918   936 I ActivityManager: Displayed baseline.io.github.project_travel_mate/.destinations.description.CityHistoryActivity: +161ms
08-03 23:13:41.867 13866 13866 I GoogleInputMethodServic: GoogleInputMethodService.onFinishInput():3138 
08-03 23:13:41.868 13866 13866 I GoogleInputMethodServic: GoogleInputMethodService.onStartInput():1808 
08-03 23:13:41.872 14236 14250 I art     : Explicit concurrent mark sweep GC freed 308(11KB) AllocSpace objects, 0(0B) LOS objects, 27% free, 42MB/58MB, paused 438us total 20.740ms
08-03 23:13:41.882 14236 14250 I art     : Starting a blocking GC Explicit
08-03 23:13:41.906 14236 14250 I art     : Explicit concurrent mark sweep GC freed 60(1232B) AllocSpace objects, 0(0B) LOS objects, 27% free, 42MB/58MB, paused 542us total 23.884ms
08-03 23:13:41.916 14236 14250 I art     : Starting a blocking GC Explicit
08-03 23:13:41.939 14236 14250 I art     : Explicit concurrent mark sweep GC freed 84(1600B) AllocSpace objects, 0(0B) LOS objects, 27% free, 42MB/58MB, paused 365us total 22.707ms
08-03 23:13:41.949 14236 14250 I art     : Starting a blocking GC Explicit
08-03 23:13:41.968 14236 14250 I art     : Explicit concurrent mark sweep GC freed 149(2576B) AllocSpace objects, 0(0B) LOS objects, 27% free, 42MB/58MB, paused 351us total 18.396ms
08-03 23:13:42.125   380   380 W SurfaceFlinger: couldn't log to binary event log: overflow.
08-03 23:13:42.235 14236 14626 I NAPPA_EXPERIMENTATION: MetricNetworkRequestExecutionTime: REQUEST_DURATION_SYSTEM='505',REQUEST_DURATION_OKHTTP='28',REQUEST_SYNCHRONOUS='FALSE',RESPONSE_CODE='200',RESPONSE_METHOD='GET',RESPONSE_LENGTH_OKHTTP='55024',RESPONSE_LENGTH_HEADER='55024',REQUEST_PROTOCOL='http/1.1',REQUEST_URL='https://project-travel-mate.herokuapp.com/api/get-city-information/1',
08-03 23:13:42.259   512  2967 D audio_hw_primary: disable_audio_route: reset and update mixer path: low-latency-playback speaker
08-03 23:13:42.262   512  2967 D audio_hw_primary: disable_snd_device: snd_device(2: speaker)
08-03 23:13:42.271   512  2967 I soundtrigger: audio_extn_sound_trigger_update_device_status: device 0x2 of type 0 for Event 0
08-03 23:13:42.272 14236 14248 I art     : Starting a blocking GC Explicit
08-03 23:13:42.296 14236 14248 I art     : Explicit concurrent mark sweep GC freed 5587(253KB) AllocSpace objects, 8(512KB) LOS objects, 27% free, 43MB/59MB, paused 517us total 24.380ms
08-03 23:13:42.306 14236 14248 I art     : Starting a blocking GC Explicit
08-03 23:13:42.324 13652 13652 W Atfwd_Sendcmd: AtCmdFwd service not published, waiting... retryCnt : 1
08-03 23:13:42.327 14236 14248 I art     : Explicit concurrent mark sweep GC freed 975(117KB) AllocSpace objects, 0(0B) LOS objects, 27% free, 43MB/59MB, paused 444us total 20.631ms
08-03 23:13:42.335 14236 14248 I art     : Starting a blocking GC Explicit
08-03 23:13:42.355 14236 14248 I art     : Explicit concurrent mark sweep GC freed 807(860KB) AllocSpace objects, 12(328KB) LOS objects, 27% free, 43MB/59MB, paused 468us total 19.829ms
08-03 23:13:42.364 14236 14248 I art     : Starting a blocking GC Explicit
08-03 23:13:42.375 13866 13866 I GoogleInputMethodServic: GoogleInputMethodService.onFinishInput():3138 
08-03 23:13:42.376 13866 13866 I GoogleInputMethodServic: GoogleInputMethodService.onStartInput():1808 
08-03 23:13:42.383 14236 14248 I art     : Explicit concurrent mark sweep GC freed 662(373KB) AllocSpace objects, 4(80KB) LOS objects, 27% free, 43MB/59MB, paused 309us total 19.233ms
08-03 23:13:42.392 14236 14248 I art     : Starting a blocking GC Explicit
08-03 23:13:42.411 14236 14248 I art     : Explicit concurrent mark sweep GC freed 173(3KB) AllocSpace objects, 1(4MB) LOS objects, 29% free, 39MB/55MB, paused 269us total 19.400ms
08-03 23:13:42.723 14236 14250 I art     : Starting a blocking GC Explicit
08-03 23:13:42.745 14236 14250 I art     : Explicit concurrent mark sweep GC freed 2868(106KB) AllocSpace objects, 2(40KB) LOS objects, 29% free, 39MB/55MB, paused 309us total 21.997ms
08-03 23:13:42.754 14236 14250 I art     : Starting a blocking GC Explicit
08-03 23:13:42.776 14236 14250 I art     : Explicit concurrent mark sweep GC freed 95(2000B) AllocSpace objects, 0(0B) LOS objects, 29% free, 39MB/55MB, paused 429us total 21.575ms
08-03 23:13:42.785 14236 14250 I art     : Starting a blocking GC Explicit
08-03 23:13:42.807 14236 14250 I art     : Explicit concurrent mark sweep GC freed 146(2480B) AllocSpace objects, 0(0B) LOS objects, 29% free, 39MB/55MB, paused 416us total 21.382ms
08-03 23:13:42.817 14236 14250 I art     : Starting a blocking GC Explicit
08-03 23:13:42.839 14236 14250 I art     : Explicit concurrent mark sweep GC freed 147(2496B) AllocSpace objects, 0(0B) LOS objects, 29% free, 39MB/55MB, paused 310us total 21.786ms
08-03 23:13:42.848 14236 14250 I art     : Starting a blocking GC Explicit
08-03 23:13:42.870 14236 14250 I art     : Explicit concurrent mark sweep GC freed 147(2496B) AllocSpace objects, 0(0B) LOS objects, 29% free, 39MB/55MB, paused 298us total 21.724ms
08-03 23:13:43.182 14236 14255 I art     : Starting a blocking GC Explicit
08-03 23:13:43.206 14236 14255 I art     : Explicit concurrent mark sweep GC freed 2865(106KB) AllocSpace objects, 2(40KB) LOS objects, 29% free, 39MB/55MB, paused 299us total 23.574ms
08-03 23:13:43.216 14236 14255 I art     : Starting a blocking GC Explicit
08-03 23:13:43.238 14236 14255 I art     : Explicit concurrent mark sweep GC freed 167(3KB) AllocSpace objects, 0(0B) LOS objects, 29% free, 39MB/55MB, paused 331us total 21.789ms
08-03 23:13:43.248 14236 14255 I art     : Starting a blocking GC Explicit
08-03 23:13:43.270 14236 14255 I art     : Explicit concurrent mark sweep GC freed 147(2496B) AllocSpace objects, 0(0B) LOS objects, 29% free, 39MB/55MB, paused 317us total 22.177ms
08-03 23:13:43.279 14236 14255 I art     : Starting a blocking GC Explicit
08-03 23:13:43.301 14236 14255 I art     : Explicit concurrent mark sweep GC freed 147(2496B) AllocSpace objects, 0(0B) LOS objects, 29% free, 39MB/55MB, paused 299us total 21.781ms
08-03 23:13:43.311 14236 14255 I art     : Starting a blocking GC Explicit
08-03 23:13:43.332 14236 14255 I art     : Explicit concurrent mark sweep GC freed 147(2496B) AllocSpace objects, 0(0B) LOS objects, 29% free, 39MB/55MB, paused 307us total 21.555ms
08-03 23:13:43.702 14236 14255 I art     : Starting a blocking GC Explicit
08-03 23:13:43.727 14236 14255 I art     : Explicit concurrent mark sweep GC freed 3111(110KB) AllocSpace objects, 2(40KB) LOS objects, 29% free, 39MB/55MB, paused 511us total 24.194ms
08-03 23:13:43.736 14236 14255 I art     : Starting a blocking GC Explicit
08-03 23:13:43.757 14236 14255 I art     : Explicit concurrent mark sweep GC freed 166(3KB) AllocSpace objects, 0(0B) LOS objects, 29% free, 39MB/55MB, paused 299us total 20.933ms
08-03 23:13:43.766 14236 14255 I art     : Starting a blocking GC Explicit
08-03 23:13:43.788 14236 14255 I art     : Explicit concurrent mark sweep GC freed 147(2496B) AllocSpace objects, 0(0B) LOS objects, 29% free, 39MB/55MB, paused 282us total 21.187ms
08-03 23:13:43.797 14236 14255 I art     : Starting a blocking GC Explicit
08-03 23:13:43.819 14236 14255 I art     : Explicit concurrent mark sweep GC freed 147(2496B) AllocSpace objects, 0(0B) LOS objects, 29% free, 39MB/55MB, paused 339us total 21.715ms
08-03 23:13:43.828 14236 14255 I art     : Starting a blocking GC Explicit
08-03 23:13:43.851 14236 14255 I art     : Explicit concurrent mark sweep GC freed 147(2496B) AllocSpace objects, 0(0B) LOS objects, 29% free, 39MB/55MB, paused 379us total 22.651ms
08-03 23:13:44.210 14236 14248 I art     : Starting a blocking GC Explicit
08-03 23:13:44.233 14236 14248 I art     : Explicit concurrent mark sweep GC freed 3092(110KB) AllocSpace objects, 2(40KB) LOS objects, 29% free, 39MB/55MB, paused 317us total 22.715ms
08-03 23:13:44.242 14236 14248 I art     : Starting a blocking GC Explicit
08-03 23:13:44.263 14236 14248 I art     : Explicit concurrent mark sweep GC freed 182(3KB) AllocSpace objects, 0(0B) LOS objects, 29% free, 39MB/55MB, paused 326us total 21.007ms
08-03 23:13:44.272 14236 14248 I art     : Starting a blocking GC Explicit
08-03 23:13:44.293 14236 14248 I art     : Explicit concurrent mark sweep GC freed 76(1328B) AllocSpace objects, 0(0B) LOS objects, 29% free, 39MB/55MB, paused 289us total 20.871ms
08-03 23:13:44.303 14236 14248 I art     : Starting a blocking GC Explicit
08-03 23:13:44.325 14236 14248 I art     : Explicit concurrent mark sweep GC freed 147(2496B) AllocSpace objects, 0(0B) LOS objects, 29% free, 39MB/55MB, paused 308us total 22.094ms
08-03 23:13:44.334 14236 14248 I art     : Starting a blocking GC Explicit
08-03 23:13:44.356 14236 14248 I art     : Explicit concurrent mark sweep GC freed 147(2496B) AllocSpace objects, 0(0B) LOS objects, 29% free, 39MB/55MB, paused 311us total 21.719ms
08-03 23:13:44.714 14236 14250 I art     : Starting a blocking GC Explicit
08-03 23:13:44.740 14236 14250 I art     : Explicit concurrent mark sweep GC freed 3081(110KB) AllocSpace objects, 2(40KB) LOS objects, 29% free, 39MB/55MB, paused 310us total 24.838ms
08-03 23:13:44.749 14236 14250 I art     : Starting a blocking GC Explicit
08-03 23:13:44.770 14236 14250 I art     : Explicit concurrent mark sweep GC freed 166(3KB) AllocSpace objects, 0(0B) LOS objects, 29% free, 39MB/55MB, paused 314us total 21.127ms
08-03 23:13:44.779 14236 14250 I art     : Starting a blocking GC Explicit
08-03 23:13:44.801 14236 14250 I art     : Explicit concurrent mark sweep GC freed 147(2496B) AllocSpace objects, 0(0B) LOS objects, 29% free, 39MB/55MB, paused 290us total 21.207ms
08-03 23:13:44.810 14236 14250 I art     : Starting a blocking GC Explicit
08-03 23:13:44.832 14236 14250 I art     : Explicit concurrent mark sweep GC freed 147(2496B) AllocSpace objects, 0(0B) LOS objects, 29% free, 39MB/55MB, paused 302us total 21.489ms
08-03 23:13:44.841 14236 14250 I art     : Starting a blocking GC Explicit
08-03 23:13:44.862 14236 14250 I art     : Explicit concurrent mark sweep GC freed 101(1712B) AllocSpace objects, 0(0B) LOS objects, 29% free, 39MB/55MB, paused 387us total 21.385ms
08-03 23:13:45.205 14236 14255 I art     : Starting a blocking GC Explicit
08-03 23:13:45.229 14236 14255 I art     : Explicit concurrent mark sweep GC freed 2984(108KB) AllocSpace objects, 2(40KB) LOS objects, 29% free, 39MB/55MB, paused 292us total 23.633ms
08-03 23:13:45.239 14236 14255 I art     : Starting a blocking GC Explicit
08-03 23:13:45.261 14236 14255 I art     : Explicit concurrent mark sweep GC freed 166(3KB) AllocSpace objects, 0(0B) LOS objects, 29% free, 39MB/55MB, paused 291us total 22.388ms
08-03 23:13:45.271 14236 14255 I art     : Starting a blocking GC Explicit
08-03 23:13:45.293 14236 14255 I art     : Explicit concurrent mark sweep GC freed 147(2496B) AllocSpace objects, 0(0B) LOS objects, 29% free, 39MB/55MB, paused 385us total 22.454ms
08-03 23:13:45.304 14236 14255 I art     : Starting a blocking GC Explicit
08-03 23:13:45.325 14236 14255 I art     : Explicit concurrent mark sweep GC freed 147(2496B) AllocSpace objects, 0(0B) LOS objects, 29% free, 39MB/55MB, paused 304us total 21.196ms
08-03 23:13:45.334 14236 14255 I art     : Starting a blocking GC Explicit
08-03 23:13:45.355 14236 14255 I art     : Explicit concurrent mark sweep GC freed 147(2496B) AllocSpace objects, 0(0B) LOS objects, 29% free, 39MB/55MB, paused 291us total 20.308ms
08-03 23:13:45.703 14236 14248 I art     : Starting a blocking GC Explicit
08-03 23:13:45.727 14236 14248 I art     : Explicit concurrent mark sweep GC freed 3010(108KB) AllocSpace objects, 2(40KB) LOS objects, 29% free, 39MB/55MB, paused 385us total 23.497ms
08-03 23:13:45.737 14236 14248 I art     : Starting a blocking GC Explicit
08-03 23:13:45.759 14236 14248 I art     : Explicit concurrent mark sweep GC freed 166(3KB) AllocSpace objects, 0(0B) LOS objects, 29% free, 39MB/55MB, paused 292us total 22.129ms
08-03 23:13:45.768 14236 14248 I art     : Starting a blocking GC Explicit
08-03 23:13:45.790 14236 14248 I art     : Explicit concurrent mark sweep GC freed 147(2496B) AllocSpace objects, 0(0B) LOS objects, 29% free, 39MB/55MB, paused 310us total 21.558ms
08-03 23:13:45.800 14236 14248 I art     : Starting a blocking GC Explicit
08-03 23:13:45.822 14236 14248 I art     : Explicit concurrent mark sweep GC freed 147(2496B) AllocSpace objects, 0(0B) LOS objects, 29% free, 39MB/55MB, paused 311us total 22.327ms
08-03 23:13:45.832 14236 14248 I art     : Starting a blocking GC Explicit
08-03 23:13:45.855 14236 14248 I art     : Explicit concurrent mark sweep GC freed 147(2496B) AllocSpace objects, 0(0B) LOS objects, 29% free, 39MB/55MB, paused 367us total 22.456ms
08-03 23:13:46.135 14236 14250 I art     : Starting a blocking GC Explicit
08-03 23:13:46.158 14236 14250 I art     : Explicit concurrent mark sweep GC freed 2721(104KB) AllocSpace objects, 2(40KB) LOS objects, 29% free, 39MB/55MB, paused 332us total 22.761ms
08-03 23:13:46.168 14236 14250 I art     : Starting a blocking GC Explicit
08-03 23:13:46.190 14236 14250 I art     : Explicit concurrent mark sweep GC freed 166(3KB) AllocSpace objects, 0(0B) LOS objects, 29% free, 39MB/55MB, paused 375us total 21.408ms
08-03 23:13:46.199 14236 14250 I art     : Starting a blocking GC Explicit
08-03 23:13:46.221 14236 14250 I art     : Explicit concurrent mark sweep GC freed 147(2496B) AllocSpace objects, 0(0B) LOS objects, 29% free, 39MB/55MB, paused 310us total 21.988ms
08-03 23:13:46.230 14236 14250 I art     : Starting a blocking GC Explicit
08-03 23:13:46.252 14236 14250 I art     : Explicit concurrent mark sweep GC freed 146(2464B) AllocSpace objects, 0(0B) LOS objects, 29% free, 39MB/55MB, paused 314us total 20.848ms
08-03 23:13:46.261 14236 14250 I art     : Starting a blocking GC Explicit
08-03 23:13:46.281 14236 14250 I art     : Explicit concurrent mark sweep GC freed 110(1872B) AllocSpace objects, 0(0B) LOS objects, 29% free, 39MB/55MB, paused 386us total 20.337ms
08-03 23:13:46.301 14717 14717 D AndroidRuntime: >>>>>> START com.android.internal.os.RuntimeInit uid 2000 <<<<<<
08-03 23:13:46.305 14717 14717 D AndroidRuntime: CheckJNI is OFF
08-03 23:13:46.331 14717 14717 D ICU     : No timezone override file found: /data/misc/zoneinfo/current/icu/icu_tzdata.dat
08-03 23:13:46.356 14717 14717 I Radio-JNI: register_android_hardware_Radio DONE
08-03 23:13:46.373 14717 14717 D AndroidRuntime: Calling main entry com.android.commands.input.Input
08-03 23:13:46.374 14717 14717 I Input   : injectKeyEvent: KeyEvent { action=ACTION_DOWN, keyCode=KEYCODE_BACK, scanCode=0, metaState=0, flags=0x0, repeatCount=0, eventTime=659642788, downTime=659642788, deviceId=-1, source=0x101 }
08-03 23:13:46.382 14717 14717 I Input   : injectKeyEvent: KeyEvent { action=ACTION_UP, keyCode=KEYCODE_BACK, scanCode=0, metaState=0, flags=0x0, repeatCount=0, eventTime=659642788, downTime=659642788, deviceId=-1, source=0x101 }
08-03 23:13:46.387 14717 14717 D AndroidRuntime: Shutting down VM
08-03 23:13:46.428 13866 13866 I GoogleInputMethodServic: GoogleInputMethodService.onFinishInput():3138 
08-03 23:13:46.429 13866 13866 I GoogleInputMethodServic: GoogleInputMethodService.onStartInput():1808 
08-03 23:13:46.548 14236 14255 I art     : Starting a blocking GC Explicit
08-03 23:13:46.580 14236 14255 I art     : Explicit concurrent mark sweep GC freed 2793(107KB) AllocSpace objects, 2(40KB) LOS objects, 29% free, 39MB/55MB, paused 304us total 31.330ms
08-03 23:13:46.594 14236 14255 I art     : Starting a blocking GC Explicit
08-03 23:13:46.623 14236 14255 I art     : Explicit concurrent mark sweep GC freed 242(4KB) AllocSpace objects, 0(0B) LOS objects, 29% free, 39MB/55MB, paused 333us total 28.393ms
08-03 23:13:46.633 14236 14255 I art     : Starting a blocking GC Explicit
08-03 23:13:46.660 14236 14255 I art     : Explicit concurrent mark sweep GC freed 147(2496B) AllocSpace objects, 0(0B) LOS objects, 29% free, 39MB/55MB, paused 325us total 26.751ms
08-03 23:13:46.670 14236 14255 I art     : Starting a blocking GC Explicit
08-03 23:13:46.695 14236 14255 I art     : Explicit concurrent mark sweep GC freed 147(2496B) AllocSpace objects, 0(0B) LOS objects, 29% free, 39MB/55MB, paused 321us total 24.885ms
08-03 23:13:46.709 14236 14255 I art     : Starting a blocking GC Explicit
08-03 23:13:46.730   380   380 W SurfaceFlinger: couldn't log to binary event log: overflow.
08-03 23:13:46.731 14236 14255 I art     : Explicit concurrent mark sweep GC freed 161(2720B) AllocSpace objects, 0(0B) LOS objects, 29% free, 39MB/55MB, paused 400us total 22.367ms
08-03 23:13:47.052 14236 14250 I art     : Starting a blocking GC Explicit
08-03 23:13:47.079 14236 14250 I art     : Explicit concurrent mark sweep GC freed 2468(100KB) AllocSpace objects, 3(228KB) LOS objects, 29% free, 38MB/54MB, paused 338us total 25.749ms
08-03 23:13:47.093 14236 14250 I art     : Starting a blocking GC Explicit
08-03 23:13:47.113 14236 14250 I art     : Explicit concurrent mark sweep GC freed 831(36KB) AllocSpace objects, 0(0B) LOS objects, 29% free, 38MB/54MB, paused 285us total 20.178ms
08-03 23:13:47.124 14236 14250 I art     : Starting a blocking GC Explicit
08-03 23:13:47.141 14236 14250 I art     : Explicit concurrent mark sweep GC freed 4056(305KB) AllocSpace objects, 7(132KB) LOS objects, 29% free, 38MB/54MB, paused 280us total 17.671ms
08-03 23:13:47.150 14236 14250 I art     : Starting a blocking GC Explicit
08-03 23:13:47.167 14236 14250 I art     : Explicit concurrent mark sweep GC freed 99(1696B) AllocSpace objects, 0(0B) LOS objects, 29% free, 38MB/54MB, paused 279us total 17.433ms
08-03 23:13:47.176 14236 14250 I art     : Starting a blocking GC Explicit
08-03 23:13:47.193 14236 14250 I art     : Explicit concurrent mark sweep GC freed 74(1936B) AllocSpace objects, 0(0B) LOS objects, 29% free, 38MB/54MB, paused 272us total 17.389ms
08-03 23:13:47.324 13652 13652 I ServiceManager: Waiting for service AtCmdFwd...
08-03 23:13:47.516 14236 14248 I art     : Starting a blocking GC Explicit
08-03 23:13:47.536 14236 14248 I art     : Explicit concurrent mark sweep GC freed 2445(100KB) AllocSpace objects, 2(40KB) LOS objects, 29% free, 38MB/54MB, paused 301us total 20.571ms
08-03 23:13:47.545 14236 14248 I art     : Starting a blocking GC Explicit
08-03 23:13:47.564 14236 14248 I art     : Explicit concurrent mark sweep GC freed 70(1584B) AllocSpace objects, 0(0B) LOS objects, 29% free, 38MB/54MB, paused 318us total 18.704ms
08-03 23:13:47.573 14236 14248 I art     : Starting a blocking GC Explicit
08-03 23:13:47.592 14236 14248 I art     : Explicit concurrent mark sweep GC freed 99(1696B) AllocSpace objects, 0(0B) LOS objects, 29% free, 38MB/54MB, paused 294us total 19.384ms
08-03 23:13:47.601 14236 14248 I art     : Starting a blocking GC Explicit
08-03 23:13:47.619 14236 14248 I art     : Explicit concurrent mark sweep GC freed 99(1696B) AllocSpace objects, 0(0B) LOS objects, 29% free, 38MB/54MB, paused 273us total 17.886ms
08-03 23:13:47.628 14236 14248 I art     : Starting a blocking GC Explicit
08-03 23:13:47.645 14236 14248 I art     : Explicit concurrent mark sweep GC freed 51(896B) AllocSpace objects, 0(0B) LOS objects, 29% free, 38MB/54MB, paused 283us total 17.612ms
08-03 23:13:47.913 14771 14771 D AndroidRuntime: >>>>>> START com.android.internal.os.RuntimeInit uid 2000 <<<<<<
08-03 23:13:47.917 14771 14771 D AndroidRuntime: CheckJNI is OFF
08-03 23:13:47.941 14236 14255 I art     : Starting a blocking GC Explicit
08-03 23:13:47.944 14771 14771 D ICU     : No timezone override file found: /data/misc/zoneinfo/current/icu/icu_tzdata.dat
08-03 23:13:47.962 14236 14255 I art     : Explicit concurrent mark sweep GC freed 2337(97KB) AllocSpace objects, 2(40KB) LOS objects, 29% free, 38MB/54MB, paused 323us total 21.058ms
08-03 23:13:47.971 14771 14771 I Radio-JNI: register_android_hardware_Radio DONE
08-03 23:13:47.972 14236 14255 I art     : Starting a blocking GC Explicit
08-03 23:13:47.988 14771 14771 D AndroidRuntime: Calling main entry com.android.commands.input.Input
08-03 23:13:47.990 14771 14771 I Input   : injectMotionEvent: MotionEvent { action=ACTION_DOWN, actionButton=0, id[0]=0, x[0]=504.0, y[0]=1706.0, toolType[0]=TOOL_TYPE_UNKNOWN, buttonState=0, metaState=0, flags=0x0, edgeFlags=0x0, pointerCount=1, historySize=0, eventTime=659644403, downTime=659644403, deviceId=0, source=0x1002 }
08-03 23:13:47.992 14236 14255 I art     : Explicit concurrent mark sweep GC freed 118(2384B) AllocSpace objects, 0(0B) LOS objects, 29% free, 38MB/54MB, paused 377us total 20.099ms
08-03 23:13:47.997 14771 14771 I Input   : injectMotionEvent: MotionEvent { action=ACTION_UP, actionButton=0, id[0]=0, x[0]=504.0, y[0]=1706.0, toolType[0]=TOOL_TYPE_UNKNOWN, buttonState=0, metaState=0, flags=0x0, edgeFlags=0x0, pointerCount=1, historySize=0, eventTime=659644403, downTime=659644403, deviceId=0, source=0x1002 }
08-03 23:13:47.999 14771 14771 D AndroidRuntime: Shutting down VM
08-03 23:13:48.001   512  2967 D audio_hw_primary: out_set_parameters: enter: usecase(1: low-latency-playback) kvpairs: routing=2
08-03 23:13:48.002 14236 14255 I art     : Starting a blocking GC Explicit
08-03 23:13:48.004   918  4413 I ActivityManager: START u0 {cmp=baseline.io.github.project_travel_mate/.destinations.funfacts.FunFactsActivity (has extras)} from uid 10650 on display 0
08-03 23:13:48.013   512  2967 D audio_hw_primary: select_devices: out_snd_device(2: speaker) in_snd_device(0: none)
08-03 23:13:48.013   512  2967 D msm8974_platform: platform_send_audio_calibration: sending audio calibration for snd_device(2) acdb_id(15)
08-03 23:13:48.014   512  2967 I soundtrigger: audio_extn_sound_trigger_update_device_status: device 0x2 of type 0 for Event 1
08-03 23:13:48.019 14236 14302 D Gabe    : call	returning from cache
08-03 23:13:48.021 14236 14236 V EXECUTING: https://project-travel-mate.herokuapp.com/api/get-city-facts/1
08-03 23:13:48.023   512  2967 D audio_hw_primary: enable_snd_device: snd_device(2: speaker)
08-03 23:13:48.023 14236 14255 I art     : Explicit concurrent mark sweep GC freed 1344(140KB) AllocSpace objects, 0(0B) LOS objects, 29% free, 38MB/54MB, paused 620us total 21.265ms
08-03 23:13:48.025   512  2967 D audio_hw_primary: enable_audio_route: apply and update mixer path: low-latency-playback speaker
08-03 23:13:48.034 14236 14255 I art     : Starting a blocking GC Explicit
08-03 23:13:48.053 14236 14255 I art     : Explicit concurrent mark sweep GC freed 435(37KB) AllocSpace objects, 0(0B) LOS objects, 29% free, 38MB/54MB, paused 349us total 19.402ms
08-03 23:13:48.062 14236 14255 I art     : Starting a blocking GC Explicit
08-03 23:13:48.083 14236 14255 I art     : Explicit concurrent mark sweep GC freed 489(13KB) AllocSpace objects, 0(0B) LOS objects, 27% free, 42MB/58MB, paused 607us total 20.435ms
08-03 23:13:48.140   918   936 I ActivityManager: Displayed baseline.io.github.project_travel_mate/.destinations.funfacts.FunFactsActivity: +131ms
08-03 23:13:48.141 13866 13866 I GoogleInputMethodServic: GoogleInputMethodService.onFinishInput():3138 
08-03 23:13:48.147 13866 13866 I GoogleInputMethodServic: GoogleInputMethodService.onStartInput():1808 
08-03 23:13:48.324 13652 13652 I ServiceManager: Waiting for service AtCmdFwd...
08-03 23:13:48.333 14236 14248 I art     : Starting a blocking GC Explicit
08-03 23:13:48.362 14236 14248 I art     : Explicit concurrent mark sweep GC freed 2402(104KB) AllocSpace objects, 2(40KB) LOS objects, 27% free, 42MB/58MB, paused 376us total 27.860ms
08-03 23:13:48.377 14236 14248 I art     : Starting a blocking GC Explicit
08-03 23:13:48.400   380   380 W SurfaceFlinger: couldn't log to binary event log: overflow.
08-03 23:13:48.412 14236 14248 I art     : Explicit concurrent mark sweep GC freed 240(4KB) AllocSpace objects, 0(0B) LOS objects, 27% free, 42MB/58MB, paused 361us total 34.420ms
08-03 23:13:48.425 14236 14248 I art     : Starting a blocking GC Explicit
08-03 23:13:48.443 14236 14248 I art     : Explicit concurrent mark sweep GC freed 147(2496B) AllocSpace objects, 0(0B) LOS objects, 27% free, 42MB/58MB, paused 328us total 18.507ms
08-03 23:13:48.452 14236 14248 I art     : Starting a blocking GC Explicit
08-03 23:13:48.471 14236 14248 I art     : Explicit concurrent mark sweep GC freed 147(2496B) AllocSpace objects, 0(0B) LOS objects, 27% free, 42MB/58MB, paused 312us total 18.997ms
08-03 23:13:48.481 14236 14248 I art     : Starting a blocking GC Explicit
08-03 23:13:48.501 14236 14248 I art     : Explicit concurrent mark sweep GC freed 147(2496B) AllocSpace objects, 0(0B) LOS objects, 27% free, 42MB/58MB, paused 342us total 20.652ms
08-03 23:13:48.560   512  2967 D audio_hw_primary: disable_audio_route: reset and update mixer path: low-latency-playback speaker
08-03 23:13:48.562   512  2967 D audio_hw_primary: disable_snd_device: snd_device(2: speaker)
08-03 23:13:48.569   512  2967 I soundtrigger: audio_extn_sound_trigger_update_device_status: device 0x2 of type 0 for Event 0
08-03 23:13:48.594 14236 14795 I NAPPA_EXPERIMENTATION: MetricNetworkRequestExecutionTime: REQUEST_DURATION_SYSTEM='572',REQUEST_DURATION_OKHTTP='32',REQUEST_SYNCHRONOUS='FALSE',RESPONSE_CODE='200',RESPONSE_METHOD='GET',RESPONSE_LENGTH_OKHTTP='1793',RESPONSE_LENGTH_HEADER='1793',REQUEST_PROTOCOL='http/1.1',REQUEST_URL='https://project-travel-mate.herokuapp.com/api/get-city-facts/1',
08-03 23:13:48.596 14236 14795 V EXECUTING: https://project-travel-mate.herokuapp.com/api/get-city-images/1
08-03 23:13:48.774 14236 14248 I art     : Starting a blocking GC Explicit
08-03 23:13:48.797 14236 14248 I art     : Explicit concurrent mark sweep GC freed 5400(278KB) AllocSpace objects, 5(240KB) LOS objects, 27% free, 43MB/59MB, paused 542us total 22.642ms
08-03 23:13:48.806 14236 14248 I art     : Starting a blocking GC Explicit
08-03 23:13:48.828 14236 14248 I art     : Explicit concurrent mark sweep GC freed 1082(119KB) AllocSpace objects, 0(0B) LOS objects, 27% free, 43MB/59MB, paused 565us total 21.286ms
08-03 23:13:48.837 14236 14248 I art     : Starting a blocking GC Explicit
08-03 23:13:48.858 14236 14248 I art     : Explicit concurrent mark sweep GC freed 131(2192B) AllocSpace objects, 0(0B) LOS objects, 27% free, 43MB/59MB, paused 620us total 20.529ms
08-03 23:13:48.868 14236 14248 I art     : Starting a blocking GC Explicit
08-03 23:13:48.888 14236 14248 I art     : Explicit concurrent mark sweep GC freed 17(320B) AllocSpace objects, 0(0B) LOS objects, 27% free, 43MB/59MB, paused 321us total 20.176ms
08-03 23:13:48.897 14236 14248 I art     : Starting a blocking GC Explicit
08-03 23:13:48.918 14236 14248 I art     : Explicit concurrent mark sweep GC freed 128(2144B) AllocSpace objects, 0(0B) LOS objects, 27% free, 43MB/59MB, paused 522us total 20.944ms
08-03 23:13:49.096 14236 14807 I NAPPA_EXPERIMENTATION: MetricNetworkRequestExecutionTime: REQUEST_DURATION_SYSTEM='499',REQUEST_DURATION_OKHTTP='32',REQUEST_SYNCHRONOUS='FALSE',RESPONSE_CODE='200',RESPONSE_METHOD='GET',RESPONSE_LENGTH_OKHTTP='183',RESPONSE_LENGTH_HEADER='183',REQUEST_PROTOCOL='http/1.1',REQUEST_URL='https://project-travel-mate.herokuapp.com/api/get-city-images/1',
08-03 23:13:49.129 14236 14807 V RESPONSE: [{"id":17,"image_url":"https://upload.wikimedia.org/wikipedia/commons/9/94/%E0%B4%96%E0%B5%81%E0%B4%A4%E0%B5%8D%E0%B4%AC%E0%B5%8D_%E0%B4%AE%E0%B4%BF%E0%B4%A8%E0%B4%BE%E0%B5%BC1.jpg"}]
08-03 23:13:49.186 14236 14750 I art     : Starting a blocking GC Explicit
08-03 23:13:49.209 14236 14750 I art     : Explicit concurrent mark sweep GC freed 8190(427KB) AllocSpace objects, 5(240KB) LOS objects, 26% free, 43MB/59MB, paused 562us total 22.562ms
08-03 23:13:49.219 14236 14750 I art     : Starting a blocking GC Explicit
08-03 23:13:49.239 14236 14750 I art     : Explicit concurrent mark sweep GC freed 1271(135KB) AllocSpace objects, 1(4MB) LOS objects, 28% free, 39MB/55MB, paused 313us total 20.563ms
08-03 23:13:49.248 14236 14750 I art     : Starting a blocking GC Explicit
08-03 23:13:49.268 14236 14750 I art     : Explicit concurrent mark sweep GC freed 20(896B) AllocSpace objects, 0(0B) LOS objects, 28% free, 39MB/55MB, paused 394us total 19.972ms
08-03 23:13:49.277 14236 14750 I art     : Starting a blocking GC Explicit
08-03 23:13:49.298 14236 14750 I art     : Explicit concurrent mark sweep GC freed 147(2496B) AllocSpace objects, 0(0B) LOS objects, 28% free, 39MB/55MB, paused 346us total 21.355ms
08-03 23:13:49.307 14236 14750 I art     : Starting a blocking GC Explicit
08-03 23:13:49.325 13652 13652 I ServiceManager: Waiting for service AtCmdFwd...
08-03 23:13:49.327 14236 14750 I art     : Explicit concurrent mark sweep GC freed 147(2496B) AllocSpace objects, 0(0B) LOS objects, 28% free, 39MB/55MB, paused 427us total 19.615ms
08-03 23:13:49.654 14236 14250 I art     : Starting a blocking GC Explicit
08-03 23:13:49.677 14236 14250 I art     : Explicit concurrent mark sweep GC freed 2976(109KB) AllocSpace objects, 2(40KB) LOS objects, 28% free, 39MB/55MB, paused 352us total 23.484ms
08-03 23:13:49.687 14236 14250 I art     : Starting a blocking GC Explicit
08-03 23:13:49.711 14236 14250 I art     : Explicit concurrent mark sweep GC freed 166(3KB) AllocSpace objects, 0(0B) LOS objects, 28% free, 39MB/55MB, paused 372us total 23.795ms
08-03 23:13:49.720 14236 14250 I art     : Starting a blocking GC Explicit
08-03 23:13:49.744 14236 14250 I art     : Explicit concurrent mark sweep GC freed 147(2496B) AllocSpace objects, 0(0B) LOS objects, 28% free, 39MB/55MB, paused 346us total 23.164ms
08-03 23:13:49.753 14236 14250 I art     : Starting a blocking GC Explicit
08-03 23:13:49.776 14236 14250 I art     : Explicit concurrent mark sweep GC freed 147(2496B) AllocSpace objects, 0(0B) LOS objects, 28% free, 39MB/55MB, paused 330us total 22.905ms
08-03 23:13:49.786 14236 14250 I art     : Starting a blocking GC Explicit
08-03 23:13:49.809 14236 14250 I art     : Explicit concurrent mark sweep GC freed 147(2496B) AllocSpace objects, 0(0B) LOS objects, 28% free, 39MB/55MB, paused 335us total 23.032ms
08-03 23:13:50.172 14236 14248 I art     : Starting a blocking GC Explicit
08-03 23:13:50.198 14236 14248 I art     : Explicit concurrent mark sweep GC freed 3095(110KB) AllocSpace objects, 2(40KB) LOS objects, 28% free, 39MB/55MB, paused 303us total 25.818ms
08-03 23:13:50.207 18789 18789 I Finsky  : [1] xow.onStartJob(3): SCH: onJobSchedulerWakeup with jobId 9005
08-03 23:13:50.207 14236 14248 I art     : Starting a blocking GC Explicit
08-03 23:13:50.213 18789 18789 I Finsky  : [1] xjw.a(9): Scheduling fallback in 43199995 (absolute: 1686234082)
08-03 23:13:50.215 18789 18789 I Finsky  : [1] xjw.a(9): Scheduling fallback in 64799998 (absolute: 1707834088)
08-03 23:13:50.219 18789 18789 I Finsky  : [1] xow.onStartJob(3): SCH: onJobSchedulerWakeup with jobId 9011
08-03 23:13:50.226 18789 18789 I Finsky  : [1] xjw.a(9): Scheduling fallback in 43199997 (absolute: 1686234094)
08-03 23:13:50.228 14236 14248 I art     : Explicit concurrent mark sweep GC freed 182(3KB) AllocSpace objects, 0(0B) LOS objects, 28% free, 39MB/55MB, paused 349us total 19.948ms
08-03 23:13:50.236 18789 18789 I Finsky  : [1] xjw.a(9): Scheduling fallback in 64799998 (absolute: 1707834102)
08-03 23:13:50.237 14236 14248 I art     : Starting a blocking GC Explicit
08-03 23:13:50.240 18789 18789 W Finsky  : [1] xow.onStartJob(9): SCH: onJobSchedulerWakeup while already running
08-03 23:13:50.257 14236 14248 I art     : Explicit concurrent mark sweep GC freed 147(2496B) AllocSpace objects, 0(0B) LOS objects, 28% free, 39MB/55MB, paused 439us total 20.092ms
08-03 23:13:50.257 14236 14247 I art     : WaitForGcToComplete blocked for 20.278ms for cause HeapTrim
08-03 23:13:50.266 14236 14248 I art     : Starting a blocking GC Explicit
08-03 23:13:50.286 14236 14248 I art     : Explicit concurrent mark sweep GC freed 146(2464B) AllocSpace objects, 0(0B) LOS objects, 28% free, 39MB/55MB, paused 322us total 19.478ms
08-03 23:13:50.295 14236 14248 I art     : Starting a blocking GC Explicit
08-03 23:13:50.299 18789 18789 I Finsky  : [1] xkf.handleMessage(8): SCH: DeviceState: DeviceState{currentTime=1596489230296, isCharging=false, isIdle=false, netAny=true, netNotRoaming=true, netUnmetered=true, batteryPercent=100.0}
08-03 23:13:50.305 18789 14854 I Finsky  : [6150] xmu.a(8): SCH: Jobs in database: 1-1337 3-181 3-182 24-77777777 26-1414141414 
08-03 23:13:50.317 14236 14248 I art     : Explicit concurrent mark sweep GC freed 76(1328B) AllocSpace objects, 0(0B) LOS objects, 28% free, 39MB/55MB, paused 362us total 21.026ms
08-03 23:13:50.325 18789 18789 I Finsky  : [1] xkg.a(16): SCH: Running job: 26-1414141414
08-03 23:13:50.325 13652 13652 I ServiceManager: Waiting for service AtCmdFwd...
08-03 23:13:50.345 18789 18789 I Finsky  : [1] xkf.handleMessage(61): SCH: RunningQueue size: 1, PendingQueue size: 0
08-03 23:13:50.345 18789 18789 I Finsky  : [1] xkf.handleMessage(64): SCH: Running queue: 26-1414141414 
08-03 23:13:50.447 18789 18880 I Finsky  : [5552] gwi.a(1): [Counters Flush] Counters flushed successfully
08-03 23:13:50.457 18789 18863 I Finsky  : [5540] gwt.a(-1): [Counters Flush] Successfully generated counter events
08-03 23:13:50.474 18789 18880 I Finsky  : [5552] xlr.a(13): SCH: jobFinished: 26-1414141414. TimeElapsed: 148ms.
08-03 23:13:50.477 18789 18789 I Finsky  : [1] xkg.a(39): SCH: Job 26-1414141414 finished. Rescheduling.
08-03 23:13:50.478 18789 18789 I Finsky  : [1] xkf.handleMessage(61): SCH: RunningQueue size: 0, PendingQueue size: 0
08-03 23:13:50.478 18789 18789 I Finsky  : [1] xkf.handleMessage(25): Executor finished
08-03 23:13:50.497 18789 18789 I Finsky  : [1] xmu.a(8): SCH: Jobs in database: 1-1337 3-181 3-182 24-77777777 26-1414141414 
08-03 23:13:50.500 18789 18789 I Finsky  : [1] xio.a(57): SCH: ConstraintMapping: 24-77777777,  -> L: 0ms, D: 78970338ms, C: false, I: true, N: 0
08-03 23:13:50.501 18789 18789 I Finsky  : [1] xio.a(57): SCH: ConstraintMapping: 1-1337,  -> L: 4333128ms, D: 39122413ms, C: false, I: false, N: 1
08-03 23:13:50.501 18789 18789 I Finsky  : [1] xio.a(57): SCH: ConstraintMapping: 3-181,  -> L: 0ms, D: 70378715ms, C: false, I: true, N: 2
08-03 23:13:50.502 18789 18789 I Finsky  : [1] xio.a(57): SCH: ConstraintMapping: 3-182,  -> L: 0ms, D: 70378787ms, C: true, I: true, N: 2
08-03 23:13:50.502 18789 18789 I Finsky  : [1] xio.a(57): SCH: ConstraintMapping: 26-1414141414,  -> L: 43199964ms, D: 44099964ms, C: false, I: false, N: 0
08-03 23:13:50.516 18789 18789 I Finsky  : [1] xle.a(34): Cancelling existing jobscheduler jobs: 9007 9006 9002 9003 9009 9008 9004 9001 
08-03 23:13:50.517 18789 18789 I Finsky  : [1] xle.a(10): Throttling wakeup for job 9000 (expected to run in 0 ms) due to recent wakeup
08-03 23:13:50.517 18789 18789 I Finsky  : [1] xle.a(27): Scheduling job Id: 9000, L: 30000, D: 78970338, C: false, I: true, N: 0
08-03 23:13:50.519 18789 18789 I Finsky  : [1] xle.a(27): Scheduling job Id: 9010, L: 4333128, D: 39122413, C: false, I: false, N: 1
08-03 23:13:50.520 18789 18789 I Finsky  : [1] xle.a(10): Throttling wakeup for job 9011 (expected to run in 0 ms) due to recent wakeup
08-03 23:13:50.521 18789 18789 I Finsky  : [1] xle.a(27): Scheduling job Id: 9011, L: 30000, D: 70378715, C: false, I: true, N: 2
08-03 23:13:50.522 18789 18789 I Finsky  : [1] xle.a(10): Throttling wakeup for job 9012 (expected to run in 0 ms) due to recent wakeup
08-03 23:13:50.522 18789 18789 I Finsky  : [1] xle.a(27): Scheduling job Id: 9012, L: 30000, D: 70378787, C: true, I: true, N: 2
08-03 23:13:50.524 18789 18789 I Finsky  : [1] xle.a(27): Scheduling job Id: 9013, L: 43199964, D: 44099964, C: false, I: false, N: 0
08-03 23:13:50.525 18789 18789 I Finsky  : [1] xle.a(10): Throttling wakeup for job 9014 (expected to run in 0 ms) due to recent wakeup
08-03 23:13:50.525 18789 18789 I Finsky  : [1] xle.a(27): Scheduling job Id: 9014, L: 30000, D: 78970338, C: false, I: true, N: 0
08-03 23:13:50.527 18789 18789 I Finsky  : [1] xle.a(27): Scheduling job Id: 9015, L: 4333128, D: 39122413, C: false, I: false, N: 1
08-03 23:13:50.528 18789 18789 I Finsky  : [1] xle.a(10): Throttling wakeup for job 9016 (expected to run in 0 ms) due to recent wakeup
08-03 23:13:50.529 18789 18789 I Finsky  : [1] xle.a(27): Scheduling job Id: 9016, L: 30000, D: 70378715, C: false, I: true, N: 2
08-03 23:13:50.530 18789 18789 I Finsky  : [1] xle.a(10): Throttling wakeup for job 9017 (expected to run in 0 ms) due to recent wakeup
08-03 23:13:50.530 18789 18789 I Finsky  : [1] xle.a(27): Scheduling job Id: 9017, L: 30000, D: 70378787, C: true, I: true, N: 2
08-03 23:13:50.532 18789 18789 I Finsky  : [1] xle.a(27): Scheduling job Id: 9018, L: 43199964, D: 44099964, C: false, I: false, N: 0
08-03 23:13:50.549 14851 14851 D AndroidRuntime: >>>>>> START com.android.internal.os.RuntimeInit uid 2000 <<<<<<
08-03 23:13:50.553 14851 14851 D AndroidRuntime: CheckJNI is OFF
08-03 23:13:50.578 14851 14851 D ICU     : No timezone override file found: /data/misc/zoneinfo/current/icu/icu_tzdata.dat
08-03 23:13:50.588 14236 14255 I art     : Starting a blocking GC Explicit
08-03 23:13:50.604 14851 14851 I Radio-JNI: register_android_hardware_Radio DONE
08-03 23:13:50.611 14236 14255 I art     : Explicit concurrent mark sweep GC freed 2723(104KB) AllocSpace objects, 2(40KB) LOS objects, 28% free, 39MB/55MB, paused 426us total 22.856ms
08-03 23:13:50.620 14236 14255 I art     : Starting a blocking GC Explicit
08-03 23:13:50.621 14851 14851 D AndroidRuntime: Calling main entry com.android.commands.input.Input
08-03 23:13:50.623 14851 14851 I Input   : injectKeyEvent: KeyEvent { action=ACTION_DOWN, keyCode=KEYCODE_BACK, scanCode=0, metaState=0, flags=0x0, repeatCount=0, eventTime=659647036, downTime=659647036, deviceId=-1, source=0x101 }
08-03 23:13:50.627 14851 14851 I Input   : injectKeyEvent: KeyEvent { action=ACTION_UP, keyCode=KEYCODE_BACK, scanCode=0, metaState=0, flags=0x0, repeatCount=0, eventTime=659647036, downTime=659647036, deviceId=-1, source=0x101 }
08-03 23:13:50.632 14851 14851 D AndroidRuntime: Shutting down VM
08-03 23:13:50.643 14236 14255 I art     : Explicit concurrent mark sweep GC freed 218(5KB) AllocSpace objects, 0(0B) LOS objects, 28% free, 39MB/55MB, paused 402us total 22.761ms
08-03 23:13:50.653 14236 14255 I art     : Starting a blocking GC Explicit
08-03 23:13:50.662 13866 13866 I GoogleInputMethodServic: GoogleInputMethodService.onFinishInput():3138 
08-03 23:13:50.663 13866 13866 I GoogleInputMethodServic: GoogleInputMethodService.onStartInput():1808 
08-03 23:13:50.675 14236 14255 I art     : Explicit concurrent mark sweep GC freed 108(2544B) AllocSpace objects, 0(0B) LOS objects, 28% free, 39MB/55MB, paused 380us total 21.147ms
08-03 23:13:50.685 14236 14255 I art     : Starting a blocking GC Explicit
08-03 23:13:50.707 14236 14255 I art     : Explicit concurrent mark sweep GC freed 241(4KB) AllocSpace objects, 0(0B) LOS objects, 28% free, 39MB/55MB, paused 386us total 21.364ms
08-03 23:13:50.716 14236 14255 I art     : Starting a blocking GC Explicit
08-03 23:13:50.736 14236 14255 I art     : Explicit concurrent mark sweep GC freed 104(1776B) AllocSpace objects, 0(0B) LOS objects, 28% free, 39MB/55MB, paused 379us total 19.841ms
08-03 23:13:50.952   380   380 W SurfaceFlinger: couldn't log to binary event log: overflow.
08-03 23:13:51.020 14236 14255 I art     : Starting a blocking GC Explicit
08-03 23:13:51.044 14236 14255 I art     : Explicit concurrent mark sweep GC freed 3456(140KB) AllocSpace objects, 4(404KB) LOS objects, 29% free, 38MB/54MB, paused 384us total 23.952ms
08-03 23:13:51.054 14236 14255 I art     : Starting a blocking GC Explicit
08-03 23:13:51.075 14236 14255 I art     : Explicit concurrent mark sweep GC freed 5511(267KB) AllocSpace objects, 1(28KB) LOS objects, 29% free, 38MB/54MB, paused 339us total 20.644ms
08-03 23:13:51.084 14236 14255 I art     : Starting a blocking GC Explicit
08-03 23:13:51.105 14236 14255 I art     : Explicit concurrent mark sweep GC freed 104(1952B) AllocSpace objects, 0(0B) LOS objects, 29% free, 38MB/54MB, paused 344us total 21.175ms
08-03 23:13:51.115 14236 14255 I art     : Starting a blocking GC Explicit
08-03 23:13:51.136 14236 14255 I art     : Explicit concurrent mark sweep GC freed 69(1184B) AllocSpace objects, 0(0B) LOS objects, 29% free, 38MB/54MB, paused 435us total 21.120ms
08-03 23:13:51.146 14236 14255 I art     : Starting a blocking GC Explicit
08-03 23:13:51.168 14236 14255 I art     : Explicit concurrent mark sweep GC freed 81(1408B) AllocSpace objects, 0(0B) LOS objects, 29% free, 38MB/54MB, paused 333us total 21.609ms
08-03 23:13:51.326 13652 13652 I ServiceManager: Waiting for service AtCmdFwd...
08-03 23:13:51.487 14236 14750 I art     : Starting a blocking GC Explicit
08-03 23:13:51.511 14236 14750 I art     : Explicit concurrent mark sweep GC freed 2435(99KB) AllocSpace objects, 2(40KB) LOS objects, 29% free, 38MB/54MB, paused 350us total 23.972ms
08-03 23:13:51.525 14236 14750 I art     : Starting a blocking GC Explicit
08-03 23:13:51.546 14236 14750 I art     : Explicit concurrent mark sweep GC freed 118(2384B) AllocSpace objects, 0(0B) LOS objects, 29% free, 38MB/54MB, paused 314us total 20.302ms
08-03 23:13:51.555 14236 14750 I art     : Starting a blocking GC Explicit
08-03 23:13:51.576 14236 14750 I art     : Explicit concurrent mark sweep GC freed 99(1696B) AllocSpace objects, 0(0B) LOS objects, 29% free, 38MB/54MB, paused 323us total 20.796ms
08-03 23:13:51.585 14236 14750 I art     : Starting a blocking GC Explicit
08-03 23:13:51.606 14236 14750 I art     : Explicit concurrent mark sweep GC freed 98(1664B) AllocSpace objects, 0(0B) LOS objects, 29% free, 38MB/54MB, paused 333us total 20.828ms
08-03 23:13:51.615 14236 14750 I art     : Starting a blocking GC Explicit
08-03 23:13:51.637 14236 14750 I art     : Explicit concurrent mark sweep GC freed 52(928B) AllocSpace objects, 0(0B) LOS objects, 29% free, 38MB/54MB, paused 516us total 21.203ms
08-03 23:13:51.938 14236 14250 I art     : Starting a blocking GC Explicit
08-03 23:13:51.960 14236 14250 I art     : Explicit concurrent mark sweep GC freed 2388(98KB) AllocSpace objects, 2(40KB) LOS objects, 29% free, 38MB/54MB, paused 339us total 21.808ms
08-03 23:13:51.969 14236 14250 I art     : Starting a blocking GC Explicit
08-03 23:13:51.991 14236 14250 I art     : Explicit concurrent mark sweep GC freed 117(2352B) AllocSpace objects, 0(0B) LOS objects, 29% free, 38MB/54MB, paused 341us total 21.435ms
08-03 23:13:52.000 14236 14250 I art     : Starting a blocking GC Explicit
08-03 23:13:52.018 14236 14250 I art     : Explicit concurrent mark sweep GC freed 52(928B) AllocSpace objects, 0(0B) LOS objects, 29% free, 38MB/54MB, paused 311us total 18.506ms
08-03 23:13:52.027 14236 14250 I art     : Starting a blocking GC Explicit
08-03 23:13:52.047 14236 14250 I art     : Explicit concurrent mark sweep GC freed 99(1696B) AllocSpace objects, 0(0B) LOS objects, 29% free, 38MB/54MB, paused 328us total 20.065ms
08-03 23:13:52.057 14236 14250 I art     : Starting a blocking GC Explicit
08-03 23:13:52.077 14236 14250 I art     : Explicit concurrent mark sweep GC freed 99(1696B) AllocSpace objects, 0(0B) LOS objects, 29% free, 38MB/54MB, paused 385us total 20.606ms
08-03 23:13:52.191 14908 14908 D AndroidRuntime: >>>>>> START com.android.internal.os.RuntimeInit uid 2000 <<<<<<
08-03 23:13:52.195 14908 14908 D AndroidRuntime: CheckJNI is OFF
08-03 23:13:52.222 14908 14908 D ICU     : No timezone override file found: /data/misc/zoneinfo/current/icu/icu_tzdata.dat
08-03 23:13:52.245 14908 14908 I Radio-JNI: register_android_hardware_Radio DONE
08-03 23:13:52.261 14908 14908 D AndroidRuntime: Calling main entry com.android.commands.input.Input
08-03 23:13:52.263 14908 14908 I Input   : injectMotionEvent: MotionEvent { action=ACTION_DOWN, actionButton=0, id[0]=0, x[0]=504.0, y[0]=1706.0, toolType[0]=TOOL_TYPE_UNKNOWN, buttonState=0, metaState=0, flags=0x0, edgeFlags=0x0, pointerCount=1, historySize=0, eventTime=659648676, downTime=659648676, deviceId=0, source=0x1002 }
08-03 23:13:52.267 14908 14908 I Input   : injectMotionEvent: MotionEvent { action=ACTION_UP, actionButton=0, id[0]=0, x[0]=504.0, y[0]=1706.0, toolType[0]=TOOL_TYPE_UNKNOWN, buttonState=0, metaState=0, flags=0x0, edgeFlags=0x0, pointerCount=1, historySize=0, eventTime=659648676, downTime=659648676, deviceId=0, source=0x1002 }
08-03 23:13:52.269 14908 14908 D AndroidRuntime: Shutting down VM
08-03 23:13:52.270   512  2967 D audio_hw_primary: out_set_parameters: enter: usecase(1: low-latency-playback) kvpairs: routing=2
08-03 23:13:52.272   918  3714 I ActivityManager: START u0 {cmp=baseline.io.github.project_travel_mate/.destinations.funfacts.FunFactsActivity (has extras)} from uid 10650 on display 0
08-03 23:13:52.282   512  2967 D audio_hw_primary: select_devices: out_snd_device(2: speaker) in_snd_device(0: none)
08-03 23:13:52.282   512  2967 D msm8974_platform: platform_send_audio_calibration: sending audio calibration for snd_device(2) acdb_id(15)
08-03 23:13:52.283   512  2967 I soundtrigger: audio_extn_sound_trigger_update_device_status: device 0x2 of type 0 for Event 1
08-03 23:13:52.290 14236 14302 D Gabe    : call	returning from cache
08-03 23:13:52.291 14236 14236 V EXECUTING: https://project-travel-mate.herokuapp.com/api/get-city-facts/1
08-03 23:13:52.294   512  2967 D audio_hw_primary: enable_snd_device: snd_device(2: speaker)
08-03 23:13:52.296   512  2967 D audio_hw_primary: enable_audio_route: apply and update mixer path: low-latency-playback speaker
08-03 23:13:52.326 13652 13652 W Atfwd_Sendcmd: AtCmdFwd service not published, waiting... retryCnt : 2
08-03 23:13:52.354 14236 14750 I art     : Starting a blocking GC Explicit
08-03 23:13:52.378 14236 14750 I art     : Explicit concurrent mark sweep GC freed 4363(278KB) AllocSpace objects, 2(40KB) LOS objects, 27% free, 43MB/59MB, paused 742us total 23.917ms
08-03 23:13:52.382   918  3261 D WifiStateMachine: starting scan for "H369AA63323"WPA_PSK with 2412,5180
08-03 23:13:52.389 14236 14750 I art     : Starting a blocking GC Explicit
08-03 23:13:52.409 14236 14750 I art     : Explicit concurrent mark sweep GC freed 133(6KB) AllocSpace objects, 0(0B) LOS objects, 27% free, 43MB/59MB, paused 470us total 20.700ms
08-03 23:13:52.413 13866 13866 I GoogleInputMethodServic: GoogleInputMethodService.onFinishInput():3138 
08-03 23:13:52.413   918   936 I ActivityManager: Displayed baseline.io.github.project_travel_mate/.destinations.funfacts.FunFactsActivity: +133ms
08-03 23:13:52.413 13866 13866 I GoogleInputMethodServic: GoogleInputMethodService.onStartInput():1808 
08-03 23:13:52.419 14236 14750 I art     : Starting a blocking GC Explicit
08-03 23:13:52.442 14236 14750 I art     : Explicit concurrent mark sweep GC freed 144(2928B) AllocSpace objects, 0(0B) LOS objects, 27% free, 43MB/59MB, paused 748us total 23.317ms
08-03 23:13:52.454 14236 14750 I art     : Starting a blocking GC Explicit
08-03 23:13:52.478 14236 14750 I art     : Explicit concurrent mark sweep GC freed 85(1504B) AllocSpace objects, 0(0B) LOS objects, 27% free, 43MB/59MB, paused 453us total 24.288ms
08-03 23:13:52.488 14236 14750 I art     : Starting a blocking GC Explicit
08-03 23:13:52.514 14236 14750 I art     : Explicit concurrent mark sweep GC freed 43(736B) AllocSpace objects, 0(0B) LOS objects, 27% free, 43MB/59MB, paused 692us total 25.461ms
08-03 23:13:52.654   380   380 W SurfaceFlinger: couldn't log to binary event log: overflow.
08-03 23:13:52.771 14236 14255 I art     : Starting a blocking GC Explicit
08-03 23:13:52.777 14236 14933 I NAPPA_EXPERIMENTATION: MetricNetworkRequestExecutionTime: REQUEST_DURATION_SYSTEM='485',REQUEST_DURATION_OKHTTP='33',REQUEST_SYNCHRONOUS='FALSE',RESPONSE_CODE='200',RESPONSE_METHOD='GET',RESPONSE_LENGTH_OKHTTP='1793',RESPONSE_LENGTH_HEADER='1793',REQUEST_PROTOCOL='http/1.1',REQUEST_URL='https://project-travel-mate.herokuapp.com/api/get-city-facts/1',
08-03 23:13:52.780 14236 14933 V EXECUTING: https://project-travel-mate.herokuapp.com/api/get-city-images/1
08-03 23:13:52.798 14236 14255 I art     : Explicit concurrent mark sweep GC freed 5714(278KB) AllocSpace objects, 5(240KB) LOS objects, 26% free, 43MB/59MB, paused 1.818ms total 27.235ms
08-03 23:13:52.808 14236 14255 I art     : Starting a blocking GC Explicit
08-03 23:13:52.831 14236 14255 I art     : Explicit concurrent mark sweep GC freed 1089(123KB) AllocSpace objects, 0(0B) LOS objects, 27% free, 43MB/59MB, paused 712us total 22.733ms
08-03 23:13:52.838   512  2967 D audio_hw_primary: disable_audio_route: reset and update mixer path: low-latency-playback speaker
08-03 23:13:52.840   512  2967 D audio_hw_primary: disable_snd_device: snd_device(2: speaker)
08-03 23:13:52.840 14236 14255 I art     : Starting a blocking GC Explicit
08-03 23:13:52.848   512  2967 I soundtrigger: audio_extn_sound_trigger_update_device_status: device 0x2 of type 0 for Event 0
08-03 23:13:52.861 14236 14255 I art     : Explicit concurrent mark sweep GC freed 118(2880B) AllocSpace objects, 0(0B) LOS objects, 26% free, 43MB/59MB, paused 452us total 20.761ms
08-03 23:13:52.871 14236 14255 I art     : Starting a blocking GC Explicit
08-03 23:13:52.894 14236 14255 I art     : Explicit concurrent mark sweep GC freed 59(1088B) AllocSpace objects, 0(0B) LOS objects, 26% free, 43MB/59MB, paused 538us total 22.391ms
08-03 23:13:52.904 14236 14255 I art     : Starting a blocking GC Explicit
08-03 23:13:52.925 14236 14255 I art     : Explicit concurrent mark sweep GC freed 25(448B) AllocSpace objects, 0(0B) LOS objects, 26% free, 43MB/59MB, paused 497us total 20.880ms
08-03 23:13:53.185 14236 14945 I NAPPA_EXPERIMENTATION: MetricNetworkRequestExecutionTime: REQUEST_DURATION_SYSTEM='405',REQUEST_DURATION_OKHTTP='28',REQUEST_SYNCHRONOUS='FALSE',RESPONSE_CODE='200',RESPONSE_METHOD='GET',RESPONSE_LENGTH_OKHTTP='183',RESPONSE_LENGTH_HEADER='183',REQUEST_PROTOCOL='http/1.1',REQUEST_URL='https://project-travel-mate.herokuapp.com/api/get-city-images/1',
08-03 23:13:53.203 14236 14250 I art     : Starting a blocking GC Explicit
08-03 23:13:53.219 14236 14945 V RESPONSE: [{"id":17,"image_url":"https://upload.wikimedia.org/wikipedia/commons/9/94/%E0%B4%96%E0%B5%81%E0%B4%A4%E0%B5%8D%E0%B4%AC%E0%B5%8D_%E0%B4%AE%E0%B4%BF%E0%B4%A8%E0%B4%BE%E0%B5%BC1.jpg"}]
08-03 23:13:53.226 14236 14250 I art     : Explicit concurrent mark sweep GC freed 5077(243KB) AllocSpace objects, 5(240KB) LOS objects, 26% free, 43MB/59MB, paused 591us total 22.860ms
08-03 23:13:53.236 14236 14250 I art     : Starting a blocking GC Explicit
08-03 23:13:53.258 14236 14250 I art     : Explicit concurrent mark sweep GC freed 1078(121KB) AllocSpace objects, 0(0B) LOS objects, 26% free, 43MB/59MB, paused 549us total 22.455ms
08-03 23:13:53.267 14236 14250 I art     : Starting a blocking GC Explicit
08-03 23:13:53.288 14236 14250 I art     : Explicit concurrent mark sweep GC freed 3176(127KB) AllocSpace objects, 0(0B) LOS objects, 26% free, 43MB/59MB, paused 423us total 21.011ms
08-03 23:13:53.298 14236 14250 I art     : Starting a blocking GC Explicit
08-03 23:13:53.319 14236 14250 I art     : Explicit concurrent mark sweep GC freed 325(10KB) AllocSpace objects, 1(4MB) LOS objects, 28% free, 39MB/55MB, paused 365us total 20.848ms
08-03 23:13:53.327 14236 14250 I art     : Starting a blocking GC Explicit
08-03 23:13:53.348 14236 14250 I art     : Explicit concurrent mark sweep GC freed 173(4KB) AllocSpace objects, 0(0B) LOS objects, 28% free, 39MB/55MB, paused 536us total 19.997ms
08-03 23:13:53.457   518   646 I ThermalEngine: ACTION: GPU - Setting GPU[0] to 510000000
08-03 23:13:53.678 14236 14255 I art     : Starting a blocking GC Explicit
08-03 23:13:53.711 14236 14255 I art     : Explicit concurrent mark sweep GC freed 3049(110KB) AllocSpace objects, 2(40KB) LOS objects, 28% free, 39MB/55MB, paused 522us total 31.948ms
08-03 23:13:53.727 14236 14255 I art     : Starting a blocking GC Explicit
08-03 23:13:53.756 14236 14255 I art     : Explicit concurrent mark sweep GC freed 171(3KB) AllocSpace objects, 0(0B) LOS objects, 28% free, 39MB/55MB, paused 680us total 28.949ms
08-03 23:13:53.768 14236 14255 I art     : Starting a blocking GC Explicit
08-03 23:13:53.797 14236 14255 I art     : Explicit concurrent mark sweep GC freed 214(3KB) AllocSpace objects, 0(0B) LOS objects, 28% free, 39MB/55MB, paused 500us total 28.134ms
08-03 23:13:53.809 14236 14255 I art     : Starting a blocking GC Explicit
08-03 23:13:53.838 14236 14255 I art     : Explicit concurrent mark sweep GC freed 147(2496B) AllocSpace objects, 0(0B) LOS objects, 28% free, 39MB/55MB, paused 627us total 29.185ms
08-03 23:13:53.851 14236 14255 I art     : Starting a blocking GC Explicit
08-03 23:13:53.880 14236 14255 I art     : Explicit concurrent mark sweep GC freed 219(3KB) AllocSpace objects, 0(0B) LOS objects, 28% free, 39MB/55MB, paused 507us total 28.669ms
08-03 23:13:54.236 14236 14248 I art     : Starting a blocking GC Explicit
08-03 23:13:54.265 14236 14248 I art     : Explicit concurrent mark sweep GC freed 3083(110KB) AllocSpace objects, 2(40KB) LOS objects, 28% free, 39MB/55MB, paused 520us total 29.401ms
08-03 23:13:54.282 14236 14248 I art     : Starting a blocking GC Explicit
08-03 23:13:54.311 14236 14248 I art     : Explicit concurrent mark sweep GC freed 238(4KB) AllocSpace objects, 0(0B) LOS objects, 28% free, 39MB/55MB, paused 509us total 29.060ms
08-03 23:13:54.324 14236 14248 I art     : Starting a blocking GC Explicit
08-03 23:13:54.353 14236 14248 I art     : Explicit concurrent mark sweep GC freed 147(2496B) AllocSpace objects, 0(0B) LOS objects, 28% free, 39MB/55MB, paused 499us total 29.295ms
08-03 23:13:54.366 14236 14248 I art     : Starting a blocking GC Explicit
08-03 23:13:54.395 14236 14248 I art     : Explicit concurrent mark sweep GC freed 219(3KB) AllocSpace objects, 0(0B) LOS objects, 28% free, 39MB/55MB, paused 521us total 28.844ms
08-03 23:13:54.408 14236 14248 I art     : Starting a blocking GC Explicit
08-03 23:13:54.438 14236 14248 I art     : Explicit concurrent mark sweep GC freed 147(2496B) AllocSpace objects, 0(0B) LOS objects, 28% free, 39MB/55MB, paused 504us total 29.891ms
08-03 23:13:54.752 14236 14750 I art     : Starting a blocking GC Explicit
08-03 23:13:54.781 14236 14750 I art     : Explicit concurrent mark sweep GC freed 2939(107KB) AllocSpace objects, 2(40KB) LOS objects, 28% free, 39MB/55MB, paused 503us total 27.943ms
08-03 23:13:54.793 14236 14750 I art     : Starting a blocking GC Explicit
08-03 23:13:54.822 14236 14750 I art     : Explicit concurrent mark sweep GC freed 166(3KB) AllocSpace objects, 0(0B) LOS objects, 28% free, 39MB/55MB, paused 499us total 28.913ms
08-03 23:13:54.835 14236 14750 I art     : Starting a blocking GC Explicit
08-03 23:13:54.862 14236 14750 I art     : Explicit concurrent mark sweep GC freed 219(3KB) AllocSpace objects, 0(0B) LOS objects, 28% free, 39MB/55MB, paused 498us total 27.657ms
08-03 23:13:54.875 14236 14750 I art     : Starting a blocking GC Explicit
08-03 23:13:54.903 14236 14750 I art     : Explicit concurrent mark sweep GC freed 147(2496B) AllocSpace objects, 0(0B) LOS objects, 28% free, 39MB/55MB, paused 489us total 28.019ms
08-03 23:13:54.915 14236 14750 I art     : Starting a blocking GC Explicit
08-03 23:13:54.943 14236 14750 I art     : Explicit concurrent mark sweep GC freed 219(3KB) AllocSpace objects, 0(0B) LOS objects, 28% free, 39MB/55MB, paused 521us total 27.600ms
08-03 23:13:54.962 14977 14977 D AndroidRuntime: >>>>>> START com.android.internal.os.RuntimeInit uid 2000 <<<<<<
08-03 23:13:54.966 14977 14977 D AndroidRuntime: CheckJNI is OFF
08-03 23:13:54.998 14977 14977 D ICU     : No timezone override file found: /data/misc/zoneinfo/current/icu/icu_tzdata.dat
08-03 23:13:55.031 14977 14977 I Radio-JNI: register_android_hardware_Radio DONE
08-03 23:13:55.052 14977 14977 D AndroidRuntime: Calling main entry com.android.commands.input.Input
08-03 23:13:55.054 14977 14977 I Input   : injectKeyEvent: KeyEvent { action=ACTION_DOWN, keyCode=KEYCODE_BACK, scanCode=0, metaState=0, flags=0x0, repeatCount=0, eventTime=659651467, downTime=659651467, deviceId=-1, source=0x101 }
08-03 23:13:55.059 14977 14977 I Input   : injectKeyEvent: KeyEvent { action=ACTION_UP, keyCode=KEYCODE_BACK, scanCode=0, metaState=0, flags=0x0, repeatCount=0, eventTime=659651467, downTime=659651467, deviceId=-1, source=0x101 }
08-03 23:13:55.065 14977 14977 D AndroidRuntime: Shutting down VM
08-03 23:13:55.109 13866 13866 I GoogleInputMethodServic: GoogleInputMethodService.onFinishInput():3138 
08-03 23:13:55.109 13866 13866 I GoogleInputMethodServic: GoogleInputMethodService.onStartInput():1808 
08-03 23:13:55.243 14236 14250 I art     : Starting a blocking GC Explicit
08-03 23:13:55.284 14236 14250 I art     : Explicit concurrent mark sweep GC freed 2900(109KB) AllocSpace objects, 2(40KB) LOS objects, 28% free, 39MB/55MB, paused 910us total 40.014ms
08-03 23:13:55.298 14236 14250 I art     : Starting a blocking GC Explicit
08-03 23:13:55.335 14236 14250 I art     : Explicit concurrent mark sweep GC freed 242(4KB) AllocSpace objects, 0(0B) LOS objects, 28% free, 39MB/55MB, paused 500us total 36.767ms
08-03 23:13:55.335 14236 14247 I art     : WaitForGcToComplete blocked for 37.008ms for cause HeapTrim
08-03 23:13:55.349 14236 14250 I art     : Starting a blocking GC Explicit
08-03 23:13:55.384 14236 14250 I art     : Explicit concurrent mark sweep GC freed 219(3KB) AllocSpace objects, 0(0B) LOS objects, 28% free, 39MB/55MB, paused 457us total 35.201ms
08-03 23:13:55.398 14236 14250 I art     : Starting a blocking GC Explicit
08-03 23:13:55.407   380   380 W SurfaceFlinger: couldn't log to binary event log: overflow.
08-03 23:13:55.427 14236 14250 I art     : Explicit concurrent mark sweep GC freed 951(37KB) AllocSpace objects, 0(0B) LOS objects, 28% free, 39MB/55MB, paused 634us total 29.104ms
08-03 23:13:55.439 14236 14250 I art     : Starting a blocking GC Explicit
08-03 23:13:55.466 14236 14250 I art     : Explicit concurrent mark sweep GC freed 136(3KB) AllocSpace objects, 2(364KB) LOS objects, 29% free, 39MB/55MB, paused 496us total 26.583ms
08-03 23:13:55.796 14236 14255 I art     : Starting a blocking GC Explicit
08-03 23:13:55.828 14236 14255 I art     : Explicit concurrent mark sweep GC freed 7856(365KB) AllocSpace objects, 3(68KB) LOS objects, 29% free, 38MB/54MB, paused 657us total 31.731ms
08-03 23:13:55.843 14236 14255 I art     : Starting a blocking GC Explicit
08-03 23:13:55.869 14236 14255 I art     : Explicit concurrent mark sweep GC freed 147(2880B) AllocSpace objects, 0(0B) LOS objects, 29% free, 38MB/54MB, paused 507us total 26.110ms
08-03 23:13:55.881 14236 14255 I art     : Starting a blocking GC Explicit
08-03 23:13:55.908 14236 14255 I art     : Explicit concurrent mark sweep GC freed 107(1824B) AllocSpace objects, 0(0B) LOS objects, 29% free, 38MB/54MB, paused 616us total 26.820ms
08-03 23:13:55.920 14236 14255 I art     : Starting a blocking GC Explicit
08-03 23:13:55.948 14236 14255 I art     : Explicit concurrent mark sweep GC freed 139(2368B) AllocSpace objects, 0(0B) LOS objects, 29% free, 38MB/54MB, paused 468us total 27.141ms
08-03 23:13:55.960 14236 14255 I art     : Starting a blocking GC Explicit
08-03 23:13:55.987 14236 14255 I art     : Explicit concurrent mark sweep GC freed 99(1696B) AllocSpace objects, 0(0B) LOS objects, 29% free, 38MB/54MB, paused 527us total 27.098ms
08-03 23:13:56.325 14236 14750 I art     : Starting a blocking GC Explicit
08-03 23:13:56.351 14236 14750 I art     : Explicit concurrent mark sweep GC freed 2505(101KB) AllocSpace objects, 2(40KB) LOS objects, 29% free, 38MB/54MB, paused 545us total 26.278ms
08-03 23:13:56.363 14236 14750 I art     : Starting a blocking GC Explicit
08-03 23:13:56.389 14236 14750 I art     : Explicit concurrent mark sweep GC freed 135(3KB) AllocSpace objects, 0(0B) LOS objects, 29% free, 38MB/54MB, paused 501us total 25.824ms
08-03 23:13:56.401 14236 14750 I art     : Starting a blocking GC Explicit
08-03 23:13:56.428 14236 14750 I art     : Explicit concurrent mark sweep GC freed 134(2272B) AllocSpace objects, 0(0B) LOS objects, 29% free, 38MB/54MB, paused 595us total 26.205ms
08-03 23:13:56.440 14236 14750 I art     : Starting a blocking GC Explicit
08-03 23:13:56.466 14236 14750 I art     : Explicit concurrent mark sweep GC freed 112(1920B) AllocSpace objects, 0(0B) LOS objects, 29% free, 38MB/54MB, paused 503us total 26.215ms
08-03 23:13:56.478 14236 14750 I art     : Starting a blocking GC Explicit
08-03 23:13:56.505 14236 14750 I art     : Explicit concurrent mark sweep GC freed 99(1696B) AllocSpace objects, 0(0B) LOS objects, 29% free, 38MB/54MB, paused 497us total 26.036ms
08-03 23:13:56.711 15030 15030 D AndroidRuntime: >>>>>> START com.android.internal.os.RuntimeInit uid 2000 <<<<<<
08-03 23:13:56.716 15030 15030 D AndroidRuntime: CheckJNI is OFF
08-03 23:13:56.747 15030 15030 D ICU     : No timezone override file found: /data/misc/zoneinfo/current/icu/icu_tzdata.dat
08-03 23:13:56.781 15030 15030 I Radio-JNI: register_android_hardware_Radio DONE
08-03 23:13:56.803 15030 15030 D AndroidRuntime: Calling main entry com.android.commands.input.Input
08-03 23:13:56.804 15030 15030 I Input   : injectMotionEvent: MotionEvent { action=ACTION_DOWN, actionButton=0, id[0]=0, x[0]=693.0, y[0]=1450.0, toolType[0]=TOOL_TYPE_UNKNOWN, buttonState=0, metaState=0, flags=0x0, edgeFlags=0x0, pointerCount=1, historySize=0, eventTime=659653217, downTime=659653217, deviceId=0, source=0x1002 }
08-03 23:13:56.810 15030 15030 I Input   : injectMotionEvent: MotionEvent { action=ACTION_UP, actionButton=0, id[0]=0, x[0]=693.0, y[0]=1450.0, toolType[0]=TOOL_TYPE_UNKNOWN, buttonState=0, metaState=0, flags=0x0, edgeFlags=0x0, pointerCount=1, historySize=0, eventTime=659653217, downTime=659653217, deviceId=0, source=0x1002 }
08-03 23:13:56.811 15030 15030 D AndroidRuntime: Shutting down VM
08-03 23:13:56.811   918   928 I ActivityManager: START u0 {cmp=baseline.io.github.project_travel_mate/.destinations.description.CityHistoryActivity} from uid 10650 on display 0
08-03 23:13:56.813   512  2967 D audio_hw_primary: out_set_parameters: enter: usecase(1: low-latency-playback) kvpairs: routing=2
08-03 23:13:56.826 14236 14750 I art     : Starting a blocking GC Explicit
08-03 23:13:56.826   512  2967 D audio_hw_primary: select_devices: out_snd_device(2: speaker) in_snd_device(0: none)
08-03 23:13:56.826   512  2967 D msm8974_platform: platform_send_audio_calibration: sending audio calibration for snd_device(2) acdb_id(15)
08-03 23:13:56.826   512  2967 I soundtrigger: audio_extn_sound_trigger_update_device_status: device 0x2 of type 0 for Event 1
08-03 23:13:56.836   512  2967 D audio_hw_primary: enable_snd_device: snd_device(2: speaker)
08-03 23:13:56.839   512  2967 D audio_hw_primary: enable_audio_route: apply and update mixer path: low-latency-playback speaker
08-03 23:13:56.843 14236 14302 D Gabe    : call	returning from cache
08-03 23:13:56.845 14236 14236 V EXECUTING: https://project-travel-mate.herokuapp.com/api/get-city-information/1
08-03 23:13:56.862 14236 14750 I art     : Explicit concurrent mark sweep GC freed 2902(142KB) AllocSpace objects, 2(40KB) LOS objects, 29% free, 38MB/54MB, paused 686us total 35.775ms
08-03 23:13:56.874 14236 14750 I art     : Starting a blocking GC Explicit
08-03 23:13:56.899 14236 14750 I art     : Explicit concurrent mark sweep GC freed 233(10KB) AllocSpace objects, 0(0B) LOS objects, 29% free, 38MB/54MB, paused 750us total 24.843ms
08-03 23:13:56.911 14236 14750 I art     : Starting a blocking GC Explicit
08-03 23:13:56.939 14236 14750 I art     : Explicit concurrent mark sweep GC freed 528(16KB) AllocSpace objects, 0(0B) LOS objects, 26% free, 43MB/59MB, paused 797us total 28.282ms
08-03 23:13:56.951 14236 14750 I art     : Starting a blocking GC Explicit
08-03 23:13:56.977 14236 14750 I art     : Explicit concurrent mark sweep GC freed 45(2768B) AllocSpace objects, 0(0B) LOS objects, 26% free, 43MB/59MB, paused 561us total 25.623ms
08-03 23:13:56.986   918   936 I ActivityManager: Displayed baseline.io.github.project_travel_mate/.destinations.description.CityHistoryActivity: +165ms
08-03 23:13:56.987 13866 13866 I GoogleInputMethodServic: GoogleInputMethodService.onFinishInput():3138 
08-03 23:13:56.987 13866 13866 I GoogleInputMethodServic: GoogleInputMethodService.onStartInput():1808 
08-03 23:13:56.989 14236 14750 I art     : Starting a blocking GC Explicit
08-03 23:13:57.017 14236 14750 I art     : Explicit concurrent mark sweep GC freed 146(3056B) AllocSpace objects, 0(0B) LOS objects, 26% free, 43MB/59MB, paused 849us total 27.774ms
08-03 23:13:57.226   380   380 W SurfaceFlinger: couldn't log to binary event log: overflow.
08-03 23:13:57.314 14236 14750 I art     : Starting a blocking GC Explicit
08-03 23:13:57.345 14236 14750 I art     : Explicit concurrent mark sweep GC freed 3235(157KB) AllocSpace objects, 4(160KB) LOS objects, 26% free, 43MB/59MB, paused 958us total 31.016ms
08-03 23:13:57.360 14236 14750 I art     : Starting a blocking GC Explicit
08-03 23:13:57.379   512  2967 D audio_hw_primary: disable_audio_route: reset and update mixer path: low-latency-playback speaker
08-03 23:13:57.380   512  2967 D audio_hw_primary: disable_snd_device: snd_device(2: speaker)
08-03 23:13:57.389   512  2967 I soundtrigger: audio_extn_sound_trigger_update_device_status: device 0x2 of type 0 for Event 0
08-03 23:13:57.391 14236 14750 I art     : Explicit concurrent mark sweep GC freed 2277(101KB) AllocSpace objects, 1(80KB) LOS objects, 26% free, 43MB/59MB, paused 717us total 30.964ms
08-03 23:13:57.404 14236 14750 I art     : Starting a blocking GC Explicit
08-03 23:13:57.409 14236 15056 I NAPPA_EXPERIMENTATION: MetricNetworkRequestExecutionTime: REQUEST_DURATION_SYSTEM='563',REQUEST_DURATION_OKHTTP='32',REQUEST_SYNCHRONOUS='FALSE',RESPONSE_CODE='200',RESPONSE_METHOD='GET',RESPONSE_LENGTH_OKHTTP='55024',RESPONSE_LENGTH_HEADER='55024',REQUEST_PROTOCOL='http/1.1',REQUEST_URL='https://project-travel-mate.herokuapp.com/api/get-city-information/1',
08-03 23:13:57.431 14236 14750 I art     : Explicit concurrent mark sweep GC freed 966(108KB) AllocSpace objects, 3(272KB) LOS objects, 26% free, 43MB/59MB, paused 713us total 27.139ms
08-03 23:13:57.443 14236 14750 I art     : Starting a blocking GC Explicit
08-03 23:13:57.471 14236 14750 I art     : Explicit concurrent mark sweep GC freed 238(6KB) AllocSpace objects, 0(0B) LOS objects, 26% free, 43MB/59MB, paused 686us total 27.502ms
08-03 23:13:57.484 14236 14750 I art     : Starting a blocking GC Explicit
08-03 23:13:57.511 14236 14750 I art     : Explicit concurrent mark sweep GC freed 23(416B) AllocSpace objects, 0(0B) LOS objects, 26% free, 43MB/59MB, paused 701us total 27.375ms
08-03 23:13:57.554 13866 13866 I GoogleInputMethodServic: GoogleInputMethodService.onFinishInput():3138 
08-03 23:13:57.555 13866 13866 I GoogleInputMethodServic: GoogleInputMethodService.onStartInput():1808 
08-03 23:13:57.837 14236 14250 I art     : Starting a blocking GC Explicit
08-03 23:13:57.871 14236 14250 I art     : Explicit concurrent mark sweep GC freed 4176(1316KB) AllocSpace objects, 19(4MB) LOS objects, 28% free, 39MB/55MB, paused 552us total 33.680ms
08-03 23:13:57.883 14236 14250 I art     : Starting a blocking GC Explicit
08-03 23:13:57.912 14236 14250 I art     : Explicit concurrent mark sweep GC freed 262(5KB) AllocSpace objects, 0(0B) LOS objects, 28% free, 39MB/55MB, paused 615us total 28.892ms
08-03 23:13:57.925 14236 14250 I art     : Starting a blocking GC Explicit
08-03 23:13:57.952 14236 14250 I art     : Explicit concurrent mark sweep GC freed 166(2832B) AllocSpace objects, 0(0B) LOS objects, 28% free, 39MB/55MB, paused 521us total 26.974ms
08-03 23:13:57.965 14236 14250 I art     : Starting a blocking GC Explicit
08-03 23:13:57.994 14236 14250 I art     : Explicit concurrent mark sweep GC freed 154(2624B) AllocSpace objects, 0(0B) LOS objects, 28% free, 39MB/55MB, paused 702us total 29.273ms
08-03 23:13:58.007 14236 14250 I art     : Starting a blocking GC Explicit
08-03 23:13:58.036 14236 14250 I art     : Explicit concurrent mark sweep GC freed 213(3KB) AllocSpace objects, 0(0B) LOS objects, 28% free, 39MB/55MB, paused 552us total 28.768ms
08-03 23:13:58.379 14236 14750 I art     : Starting a blocking GC Explicit
08-03 23:13:58.411 14236 14750 I art     : Explicit concurrent mark sweep GC freed 3011(108KB) AllocSpace objects, 2(40KB) LOS objects, 28% free, 39MB/55MB, paused 514us total 32.044ms
08-03 23:13:58.425 14236 14750 I art     : Starting a blocking GC Explicit
08-03 23:13:58.454 14236 14750 I art     : Explicit concurrent mark sweep GC freed 238(4KB) AllocSpace objects, 0(0B) LOS objects, 28% free, 39MB/55MB, paused 680us total 28.630ms
08-03 23:13:58.468 14236 14750 I art     : Starting a blocking GC Explicit
08-03 23:13:58.498 14236 14750 I art     : Explicit concurrent mark sweep GC freed 224(3KB) AllocSpace objects, 0(0B) LOS objects, 28% free, 39MB/55MB, paused 524us total 30.239ms
08-03 23:13:58.511 14236 14750 I art     : Starting a blocking GC Explicit
08-03 23:13:58.541 14236 14750 I art     : Explicit concurrent mark sweep GC freed 150(2592B) AllocSpace objects, 0(0B) LOS objects, 28% free, 39MB/55MB, paused 663us total 29.306ms
08-03 23:13:58.553 14236 14750 I art     : Starting a blocking GC Explicit
08-03 23:13:58.583 14236 14750 I art     : Explicit concurrent mark sweep GC freed 226(3KB) AllocSpace objects, 0(0B) LOS objects, 28% free, 39MB/55MB, paused 488us total 29.164ms
08-03 23:13:58.944 14236 14250 I art     : Starting a blocking GC Explicit
08-03 23:13:58.976 14236 14250 I art     : Explicit concurrent mark sweep GC freed 3098(110KB) AllocSpace objects, 2(40KB) LOS objects, 28% free, 39MB/55MB, paused 554us total 31.290ms
08-03 23:13:58.989 14236 14250 I art     : Starting a blocking GC Explicit
08-03 23:13:59.019 14236 14250 I art     : Explicit concurrent mark sweep GC freed 248(4KB) AllocSpace objects, 0(0B) LOS objects, 28% free, 39MB/55MB, paused 545us total 30.158ms
08-03 23:13:59.032 14236 14250 I art     : Starting a blocking GC Explicit
08-03 23:13:59.063 14236 14250 I art     : Explicit concurrent mark sweep GC freed 163(2752B) AllocSpace objects, 0(0B) LOS objects, 28% free, 39MB/55MB, paused 679us total 30.704ms
08-03 23:13:59.076 14236 14250 I art     : Starting a blocking GC Explicit
08-03 23:13:59.106 14236 14250 I art     : Explicit concurrent mark sweep GC freed 203(3KB) AllocSpace objects, 0(0B) LOS objects, 28% free, 39MB/55MB, paused 544us total 29.571ms
08-03 23:13:59.119 14236 14250 I art     : Starting a blocking GC Explicit
08-03 23:13:59.148 14236 14250 I art     : Explicit concurrent mark sweep GC freed 218(3KB) AllocSpace objects, 0(0B) LOS objects, 28% free, 39MB/55MB, paused 537us total 29.212ms
08-03 23:13:59.526 14236 14255 I art     : Starting a blocking GC Explicit
08-03 23:13:59.558 14236 14255 I art     : Explicit concurrent mark sweep GC freed 3168(111KB) AllocSpace objects, 2(40KB) LOS objects, 28% free, 39MB/55MB, paused 751us total 31.231ms
08-03 23:13:59.574 14236 14255 I art     : Starting a blocking GC Explicit
08-03 23:13:59.602 14236 14255 I art     : Explicit concurrent mark sweep GC freed 254(5KB) AllocSpace objects, 0(0B) LOS objects, 28% free, 39MB/55MB, paused 530us total 27.863ms
08-03 23:13:59.614 14236 14255 I art     : Starting a blocking GC Explicit
08-03 23:13:59.643 14236 14255 I art     : Explicit concurrent mark sweep GC freed 147(2496B) AllocSpace objects, 0(0B) LOS objects, 28% free, 39MB/55MB, paused 534us total 28.446ms
08-03 23:13:59.655 14236 14255 I art     : Starting a blocking GC Explicit
08-03 23:13:59.684 14236 14255 I art     : Explicit concurrent mark sweep GC freed 219(3KB) AllocSpace objects, 0(0B) LOS objects, 28% free, 39MB/55MB, paused 536us total 28.848ms
08-03 23:13:59.697 14236 14255 I art     : Starting a blocking GC Explicit
08-03 23:13:59.727 14236 14255 I art     : Explicit concurrent mark sweep GC freed 146(2464B) AllocSpace objects, 0(0B) LOS objects, 28% free, 39MB/55MB, paused 542us total 29.765ms
08-03 23:14:00.088 14236 14750 I art     : Starting a blocking GC Explicit
08-03 23:14:00.117 14236 14750 I art     : Explicit concurrent mark sweep GC freed 3157(111KB) AllocSpace objects, 2(40KB) LOS objects, 28% free, 39MB/55MB, paused 605us total 28.880ms
08-03 23:14:00.130 14236 14750 I art     : Starting a blocking GC Explicit
08-03 23:14:00.158 14236 14750 I art     : Explicit concurrent mark sweep GC freed 165(3KB) AllocSpace objects, 0(0B) LOS objects, 28% free, 39MB/55MB, paused 532us total 28.440ms
08-03 23:14:00.171 14236 14750 I art     : Starting a blocking GC Explicit
08-03 23:14:00.199 14236 14750 I art     : Explicit concurrent mark sweep GC freed 219(3KB) AllocSpace objects, 0(0B) LOS objects, 28% free, 39MB/55MB, paused 620us total 28.106ms
08-03 23:14:00.212 14236 14750 I art     : Starting a blocking GC Explicit
08-03 23:14:00.241 14236 14750 I art     : Explicit concurrent mark sweep GC freed 148(2528B) AllocSpace objects, 0(0B) LOS objects, 28% free, 39MB/55MB, paused 565us total 29.023ms
08-03 23:14:00.253 14236 14750 I art     : Starting a blocking GC Explicit
08-03 23:14:00.283 14236 14750 I art     : Explicit concurrent mark sweep GC freed 219(3KB) AllocSpace objects, 0(0B) LOS objects, 28% free, 39MB/55MB, paused 601us total 29.848ms
08-03 23:14:00.468   518   646 I ThermalEngine: ACTION: GPU - Setting GPU[0] to 600000000
08-03 23:14:00.630 14236 14248 I art     : Starting a blocking GC Explicit
08-03 23:14:00.657 14236 14248 I art     : Explicit concurrent mark sweep GC freed 3009(108KB) AllocSpace objects, 2(40KB) LOS objects, 28% free, 39MB/55MB, paused 445us total 26.654ms
08-03 23:14:00.667 14236 14248 I art     : Starting a blocking GC Explicit
08-03 23:14:00.691 14236 14248 I art     : Explicit concurrent mark sweep GC freed 168(3KB) AllocSpace objects, 0(0B) LOS objects, 28% free, 39MB/55MB, paused 397us total 23.866ms
08-03 23:14:00.700 14236 14248 I art     : Starting a blocking GC Explicit
08-03 23:14:00.724 14236 14248 I art     : Explicit concurrent mark sweep GC freed 147(2496B) AllocSpace objects, 0(0B) LOS objects, 28% free, 39MB/55MB, paused 393us total 23.742ms
08-03 23:14:00.734 14236 14248 I art     : Starting a blocking GC Explicit
08-03 23:14:00.758 14236 14248 I art     : Explicit concurrent mark sweep GC freed 147(2496B) AllocSpace objects, 0(0B) LOS objects, 28% free, 39MB/55MB, paused 401us total 23.769ms
08-03 23:14:00.767 14236 14248 I art     : Starting a blocking GC Explicit
08-03 23:14:00.791 14236 14248 I art     : Explicit concurrent mark sweep GC freed 147(2496B) AllocSpace objects, 0(0B) LOS objects, 28% free, 39MB/55MB, paused 385us total 23.549ms
08-03 23:14:01.136 14236 14250 I art     : Starting a blocking GC Explicit
08-03 23:14:01.161 14236 14250 I art     : Explicit concurrent mark sweep GC freed 3012(108KB) AllocSpace objects, 2(40KB) LOS objects, 28% free, 39MB/55MB, paused 423us total 24.448ms
08-03 23:14:01.171 14236 14250 I art     : Starting a blocking GC Explicit
08-03 23:14:01.194 14236 14250 I art     : Explicit concurrent mark sweep GC freed 166(3KB) AllocSpace objects, 0(0B) LOS objects, 28% free, 39MB/55MB, paused 382us total 22.743ms
08-03 23:14:01.203 14236 14250 I art     : Starting a blocking GC Explicit
08-03 23:14:01.226 14236 14250 I art     : Explicit concurrent mark sweep GC freed 147(2496B) AllocSpace objects, 0(0B) LOS objects, 28% free, 39MB/55MB, paused 392us total 22.516ms
08-03 23:14:01.235 14236 14250 I art     : Starting a blocking GC Explicit
08-03 23:14:01.258 14236 14250 I art     : Explicit concurrent mark sweep GC freed 147(2496B) AllocSpace objects, 0(0B) LOS objects, 28% free, 39MB/55MB, paused 546us total 22.847ms
08-03 23:14:01.267 14236 14250 I art     : Starting a blocking GC Explicit
08-03 23:14:01.291 14236 14250 I art     : Explicit concurrent mark sweep GC freed 147(2496B) AllocSpace objects, 0(0B) LOS objects, 28% free, 39MB/55MB, paused 394us total 23.436ms
08-03 23:14:01.382 15147 15147 D AndroidRuntime: >>>>>> START com.android.internal.os.RuntimeInit uid 2000 <<<<<<
08-03 23:14:01.386 15147 15147 D AndroidRuntime: CheckJNI is OFF
08-03 23:14:01.414 15147 15147 D ICU     : No timezone override file found: /data/misc/zoneinfo/current/icu/icu_tzdata.dat
08-03 23:14:01.440 15147 15147 I Radio-JNI: register_android_hardware_Radio DONE
08-03 23:14:01.456 15147 15147 D AndroidRuntime: Calling main entry com.android.commands.input.Input
08-03 23:14:01.457 15147 15147 I Input   : injectKeyEvent: KeyEvent { action=ACTION_DOWN, keyCode=KEYCODE_BACK, scanCode=0, metaState=0, flags=0x0, repeatCount=0, eventTime=659657870, downTime=659657870, deviceId=-1, source=0x101 }
08-03 23:14:01.462 15147 15147 I Input   : injectKeyEvent: KeyEvent { action=ACTION_UP, keyCode=KEYCODE_BACK, scanCode=0, metaState=0, flags=0x0, repeatCount=0, eventTime=659657870, downTime=659657870, deviceId=-1, source=0x101 }
08-03 23:14:01.468 15147 15147 D AndroidRuntime: Shutting down VM
08-03 23:14:01.515 13866 13866 I GoogleInputMethodServic: GoogleInputMethodService.onFinishInput():3138 
08-03 23:14:01.516 13866 13866 I GoogleInputMethodServic: GoogleInputMethodService.onStartInput():1808 
08-03 23:14:01.587 14236 14255 I art     : Starting a blocking GC Explicit
08-03 23:14:01.611 14236 14255 I art     : Explicit concurrent mark sweep GC freed 2825(108KB) AllocSpace objects, 2(40KB) LOS objects, 28% free, 39MB/55MB, paused 429us total 23.851ms
08-03 23:14:01.622 14236 14255 I art     : Starting a blocking GC Explicit
08-03 23:14:01.648 14236 14255 I art     : Explicit concurrent mark sweep GC freed 170(3KB) AllocSpace objects, 0(0B) LOS objects, 28% free, 39MB/55MB, paused 404us total 25.964ms
08-03 23:14:01.659 14236 14255 I art     : Starting a blocking GC Explicit
08-03 23:14:01.685 14236 14255 I art     : Explicit concurrent mark sweep GC freed 219(3KB) AllocSpace objects, 0(0B) LOS objects, 28% free, 39MB/55MB, paused 496us total 25.531ms
08-03 23:14:01.698 14236 14255 I art     : Starting a blocking GC Explicit
08-03 23:14:01.728 14236 14255 I art     : Explicit concurrent mark sweep GC freed 148(2528B) AllocSpace objects, 0(0B) LOS objects, 28% free, 39MB/55MB, paused 430us total 29.754ms
08-03 23:14:01.739 14236 14255 I art     : Starting a blocking GC Explicit
08-03 23:14:01.766 14236 14255 I art     : Explicit concurrent mark sweep GC freed 165(2784B) AllocSpace objects, 0(0B) LOS objects, 28% free, 39MB/55MB, paused 464us total 26.764ms
08-03 23:14:01.814   380   380 W SurfaceFlinger: couldn't log to binary event log: overflow.
08-03 23:14:02.065 14236 14750 I art     : Starting a blocking GC Explicit
08-03 23:14:02.091 14236 14750 I art     : Explicit concurrent mark sweep GC freed 2489(101KB) AllocSpace objects, 3(228KB) LOS objects, 28% free, 39MB/55MB, paused 422us total 25.299ms
08-03 23:14:02.100 14236 14750 I art     : Starting a blocking GC Explicit
08-03 23:14:02.124 14236 14750 I art     : Explicit concurrent mark sweep GC freed 918(40KB) AllocSpace objects, 0(0B) LOS objects, 28% free, 39MB/55MB, paused 384us total 23.879ms
08-03 23:14:02.134 14236 14750 I art     : Starting a blocking GC Explicit
08-03 23:14:02.157 14236 14750 I art     : Explicit concurrent mark sweep GC freed 3976(302KB) AllocSpace objects, 7(132KB) LOS objects, 29% free, 38MB/54MB, paused 379us total 22.674ms
08-03 23:14:02.166 14236 14750 I art     : Starting a blocking GC Explicit
08-03 23:14:02.189 14236 14750 I art     : Explicit concurrent mark sweep GC freed 117(2512B) AllocSpace objects, 0(0B) LOS objects, 29% free, 38MB/54MB, paused 389us total 22.138ms
08-03 23:14:02.198 14236 14750 I art     : Starting a blocking GC Explicit
08-03 23:14:02.222 14236 14750 I art     : Explicit concurrent mark sweep GC freed 109(2208B) AllocSpace objects, 0(0B) LOS objects, 29% free, 38MB/54MB, paused 396us total 23.710ms
08-03 23:14:02.326 13652 13652 I ServiceManager: Waiting for service AtCmdFwd...
08-03 23:14:02.521 14236 14250 I art     : Starting a blocking GC Explicit
08-03 23:14:02.546 14236 14250 I art     : Explicit concurrent mark sweep GC freed 2344(98KB) AllocSpace objects, 2(40KB) LOS objects, 29% free, 38MB/54MB, paused 399us total 24.469ms
08-03 23:14:02.558 14236 14250 I art     : Starting a blocking GC Explicit
08-03 23:14:02.580 14236 14250 I art     : Explicit concurrent mark sweep GC freed 118(2384B) AllocSpace objects, 0(0B) LOS objects, 29% free, 38MB/54MB, paused 390us total 22.275ms
08-03 23:14:02.590 14236 14250 I art     : Starting a blocking GC Explicit
08-03 23:14:02.613 14236 14250 I art     : Explicit concurrent mark sweep GC freed 99(1696B) AllocSpace objects, 0(0B) LOS objects, 29% free, 38MB/54MB, paused 390us total 22.289ms
08-03 23:14:02.622 14236 14250 I art     : Starting a blocking GC Explicit
08-03 23:14:02.644 14236 14250 I art     : Explicit concurrent mark sweep GC freed 99(1696B) AllocSpace objects, 0(0B) LOS objects, 29% free, 38MB/54MB, paused 385us total 22.264ms
08-03 23:14:02.654 14236 14250 I art     : Starting a blocking GC Explicit
08-03 23:14:02.676 14236 14250 I art     : Explicit concurrent mark sweep GC freed 99(1696B) AllocSpace objects, 0(0B) LOS objects, 29% free, 38MB/54MB, paused 388us total 22.225ms
08-03 23:14:02.958 14236 14255 I art     : Starting a blocking GC Explicit
08-03 23:14:02.980 14236 14255 I art     : Explicit concurrent mark sweep GC freed 2291(97KB) AllocSpace objects, 2(40KB) LOS objects, 29% free, 38MB/54MB, paused 392us total 22.078ms
08-03 23:14:02.989 14236 14255 I art     : Starting a blocking GC Explicit
08-03 23:14:03.007 15190 15190 D AndroidRuntime: >>>>>> START com.android.internal.os.RuntimeInit uid 2000 <<<<<<
08-03 23:14:03.011 15190 15190 D AndroidRuntime: CheckJNI is OFF
08-03 23:14:03.012 14236 14255 I art     : Explicit concurrent mark sweep GC freed 118(2384B) AllocSpace objects, 0(0B) LOS objects, 29% free, 38MB/54MB, paused 463us total 21.942ms
08-03 23:14:03.021 14236 14255 I art     : Starting a blocking GC Explicit
08-03 23:14:03.038 15190 15190 D ICU     : No timezone override file found: /data/misc/zoneinfo/current/icu/icu_tzdata.dat
08-03 23:14:03.041 14236 14255 I art     : Explicit concurrent mark sweep GC freed 99(1696B) AllocSpace objects, 0(0B) LOS objects, 29% free, 38MB/54MB, paused 383us total 19.684ms
08-03 23:14:03.050 14236 14255 I art     : Starting a blocking GC Explicit
08-03 23:14:03.062 15190 15190 I Radio-JNI: register_android_hardware_Radio DONE
08-03 23:14:03.070 14236 14255 I art     : Explicit concurrent mark sweep GC freed 99(1696B) AllocSpace objects, 0(0B) LOS objects, 29% free, 38MB/54MB, paused 373us total 19.863ms
08-03 23:14:03.079 15190 15190 D AndroidRuntime: Calling main entry com.android.commands.input.Input
08-03 23:14:03.079 14236 14255 I art     : Starting a blocking GC Explicit
08-03 23:14:03.080 15190 15190 I Input   : injectKeyEvent: KeyEvent { action=ACTION_DOWN, keyCode=KEYCODE_BACK, scanCode=0, metaState=0, flags=0x0, repeatCount=0, eventTime=659659493, downTime=659659493, deviceId=-1, source=0x101 }
08-03 23:14:03.084 15190 15190 I Input   : injectKeyEvent: KeyEvent { action=ACTION_UP, keyCode=KEYCODE_BACK, scanCode=0, metaState=0, flags=0x0, repeatCount=0, eventTime=659659493, downTime=659659493, deviceId=-1, source=0x101 }
08-03 23:14:03.090 15190 15190 D AndroidRuntime: Shutting down VM
08-03 23:14:03.099 14236 14255 I art     : Explicit concurrent mark sweep GC freed 176(5KB) AllocSpace objects, 0(0B) LOS objects, 29% free, 38MB/54MB, paused 382us total 20.257ms
08-03 23:14:03.101 14236 14236 V MainActivity: url = https://project-travel-mate.herokuapp.com/api/number-of-unread-notifications
08-03 23:14:03.129 13866 13866 I GoogleInputMethodServic: GoogleInputMethodService.onFinishInput():3138 
08-03 23:14:03.129 13866 13866 I GoogleInputMethodServic: GoogleInputMethodService.onStartInput():1808 
08-03 23:14:03.327 13652 13652 I ServiceManager: Waiting for service AtCmdFwd...
08-03 23:14:03.385 14236 14255 I art     : Starting a blocking GC Explicit
08-03 23:14:03.412 14236 14255 I art     : Explicit concurrent mark sweep GC freed 2792(119KB) AllocSpace objects, 2(40KB) LOS objects, 29% free, 38MB/54MB, paused 435us total 26.892ms
08-03 23:14:03.417   380   380 W SurfaceFlinger: couldn't log to binary event log: overflow.
08-03 23:14:03.422 14236 14255 I art     : Starting a blocking GC Explicit
08-03 23:14:03.444 14236 14255 I art     : Explicit concurrent mark sweep GC freed 179(5KB) AllocSpace objects, 0(0B) LOS objects, 29% free, 38MB/54MB, paused 412us total 21.153ms
08-03 23:14:03.453 14236 14255 I art     : Starting a blocking GC Explicit
08-03 23:14:03.475 14236 14255 I art     : Explicit concurrent mark sweep GC freed 187(7KB) AllocSpace objects, 0(0B) LOS objects, 29% free, 38MB/54MB, paused 493us total 21.577ms
08-03 23:14:03.484 14236 14255 I art     : Starting a blocking GC Explicit
08-03 23:14:03.506 14236 14255 I art     : Explicit concurrent mark sweep GC freed 51(896B) AllocSpace objects, 0(0B) LOS objects, 29% free, 38MB/54MB, paused 459us total 21.997ms
08-03 23:14:03.516 14236 14255 I art     : Starting a blocking GC Explicit
08-03 23:14:03.540 14236 14255 I art     : Explicit concurrent mark sweep GC freed 51(896B) AllocSpace objects, 0(0B) LOS objects, 29% free, 38MB/54MB, paused 478us total 24.411ms
08-03 23:14:03.628 14236 15213 I NAPPA_EXPERIMENTATION: MetricNetworkRequestExecutionTime: REQUEST_DURATION_SYSTEM='527',REQUEST_DURATION_OKHTTP='30',REQUEST_SYNCHRONOUS='FALSE',RESPONSE_CODE='200',RESPONSE_METHOD='GET',RESPONSE_LENGTH_OKHTTP='36',RESPONSE_LENGTH_HEADER='36',REQUEST_PROTOCOL='http/1.1',REQUEST_URL='https://project-travel-mate.herokuapp.com/api/number-of-unread-notifications',
08-03 23:14:03.855 14236 14248 I art     : Starting a blocking GC Explicit
08-03 23:14:03.884 14236 14248 I art     : Explicit concurrent mark sweep GC freed 4717(239KB) AllocSpace objects, 5(240KB) LOS objects, 28% free, 39MB/55MB, paused 511us total 27.848ms
08-03 23:14:03.897 14236 14248 I art     : Starting a blocking GC Explicit
08-03 23:14:03.920 14236 14248 I art     : Explicit concurrent mark sweep GC freed 1028(118KB) AllocSpace objects, 0(0B) LOS objects, 29% free, 39MB/55MB, paused 460us total 22.390ms
08-03 23:14:03.929 14236 14248 I art     : Starting a blocking GC Explicit
08-03 23:14:03.952 14236 14248 I art     : Explicit concurrent mark sweep GC freed 51(896B) AllocSpace objects, 0(0B) LOS objects, 29% free, 39MB/55MB, paused 481us total 22.438ms
08-03 23:14:03.961 14236 14248 I art     : Starting a blocking GC Explicit
08-03 23:14:03.983 14236 14248 I art     : Explicit concurrent mark sweep GC freed 27(496B) AllocSpace objects, 0(0B) LOS objects, 29% free, 39MB/55MB, paused 401us total 22.247ms
08-03 23:14:03.993 14236 14248 I art     : Starting a blocking GC Explicit
08-03 23:14:04.017 14236 14248 I art     : Explicit concurrent mark sweep GC freed 51(896B) AllocSpace objects, 0(0B) LOS objects, 29% free, 39MB/55MB, paused 510us total 23.071ms
08-03 23:14:04.327 13652 13652 I ServiceManager: Waiting for service AtCmdFwd...
08-03 23:14:04.341 14236 14250 I art     : Starting a blocking GC Explicit
08-03 23:14:04.364 14236 14250 I art     : Explicit concurrent mark sweep GC freed 1932(91KB) AllocSpace objects, 2(40KB) LOS objects, 29% free, 39MB/55MB, paused 457us total 23.104ms
08-03 23:14:04.374 14236 14250 I art     : Starting a blocking GC Explicit
08-03 23:14:04.395 14236 14250 I art     : Explicit concurrent mark sweep GC freed 70(1584B) AllocSpace objects, 0(0B) LOS objects, 29% free, 39MB/55MB, paused 426us total 20.584ms
08-03 23:14:04.404 14236 14250 I art     : Starting a blocking GC Explicit
08-03 23:14:04.425 14236 14250 I art     : Explicit concurrent mark sweep GC freed 51(896B) AllocSpace objects, 0(0B) LOS objects, 29% free, 39MB/55MB, paused 435us total 21.619ms
08-03 23:14:04.435 14236 14250 I art     : Starting a blocking GC Explicit
08-03 23:14:04.457 14236 14250 I art     : Explicit concurrent mark sweep GC freed 51(896B) AllocSpace objects, 0(0B) LOS objects, 29% free, 39MB/55MB, paused 519us total 22.132ms
08-03 23:14:04.466 14236 14250 I art     : Starting a blocking GC Explicit
08-03 23:14:04.476   518   646 I ThermalEngine: ACTION: GPU - Setting GPU[0] to 510000000
08-03 23:14:04.492 14236 14250 I art     : Explicit concurrent mark sweep GC freed 51(896B) AllocSpace objects, 0(0B) LOS objects, 29% free, 39MB/55MB, paused 582us total 25.632ms
08-03 23:14:04.691 15245 15245 D AndroidRuntime: >>>>>> START com.android.internal.os.RuntimeInit uid 2000 <<<<<<
08-03 23:14:04.696 15245 15245 D AndroidRuntime: CheckJNI is OFF
08-03 23:14:04.729 15245 15245 D ICU     : No timezone override file found: /data/misc/zoneinfo/current/icu/icu_tzdata.dat
08-03 23:14:04.764 15245 15245 I Radio-JNI: register_android_hardware_Radio DONE
08-03 23:14:04.787 15245 15245 D AndroidRuntime: Calling main entry com.android.commands.input.Input
08-03 23:14:04.789 15245 15245 I Input   : injectMotionEvent: MotionEvent { action=ACTION_DOWN, actionButton=0, id[0]=0, x[0]=346.0, y[0]=709.0, toolType[0]=TOOL_TYPE_UNKNOWN, buttonState=0, metaState=0, flags=0x0, edgeFlags=0x0, pointerCount=1, historySize=0, eventTime=659661202, downTime=659661202, deviceId=0, source=0x1002 }
08-03 23:14:04.794 15245 15245 I Input   : injectMotionEvent: MotionEvent { action=ACTION_UP, actionButton=0, id[0]=0, x[0]=346.0, y[0]=709.0, toolType[0]=TOOL_TYPE_UNKNOWN, buttonState=0, metaState=0, flags=0x0, edgeFlags=0x0, pointerCount=1, historySize=0, eventTime=659661202, downTime=659661202, deviceId=0, source=0x1002 }
08-03 23:14:04.800   918  6110 I ActivityManager: START u0 {cmp=baseline.io.github.project_travel_mate/.destinations.description.FinalCityInfoActivity (has extras)} from uid 10650 on display 0
08-03 23:14:04.811 15245 15245 D AndroidRuntime: Shutting down VM
08-03 23:14:04.821 14236 14250 I art     : Starting a blocking GC Explicit
08-03 23:14:04.833 14236 14302 D Gabe    : call	returning from cache
08-03 23:14:04.852 14236 14250 I art     : Explicit concurrent mark sweep GC freed 5546(371KB) AllocSpace objects, 2(40KB) LOS objects, 28% free, 39MB/55MB, paused 1.043ms total 30.551ms
08-03 23:14:04.862 14236 14236 V EXECUTING: https://project-travel-mate.herokuapp.com/api/get-city-weather/1
08-03 23:14:04.866 14236 14250 I art     : Starting a blocking GC Explicit
08-03 23:14:04.895 14236 14250 I art     : Explicit concurrent mark sweep GC freed 1998(144KB) AllocSpace objects, 0(0B) LOS objects, 28% free, 39MB/55MB, paused 690us total 29.203ms
08-03 23:14:04.907 14236 14250 I art     : Starting a blocking GC Explicit
08-03 23:14:04.941 14236 14250 I art     : Explicit concurrent mark sweep GC freed 788(32KB) AllocSpace objects, 0(0B) LOS objects, 26% free, 43MB/59MB, paused 1.079ms total 33.344ms
08-03 23:14:04.953 14236 14250 I art     : Starting a blocking GC Explicit
08-03 23:14:04.982 14236 14250 I art     : Explicit concurrent mark sweep GC freed 32(1216B) AllocSpace objects, 0(0B) LOS objects, 26% free, 43MB/59MB, paused 690us total 28.955ms
08-03 23:14:04.994   918   936 I ActivityManager: Displayed baseline.io.github.project_travel_mate/.destinations.description.FinalCityInfoActivity: +182ms
08-03 23:14:04.994 14236 14250 I art     : Starting a blocking GC Explicit
08-03 23:14:04.995 13866 13866 I GoogleInputMethodServic: GoogleInputMethodService.onFinishInput():3138 
08-03 23:14:04.995 13866 13866 I GoogleInputMethodServic: GoogleInputMethodService.onStartInput():1808 
08-03 23:14:05.024 14236 14250 I art     : Explicit concurrent mark sweep GC freed 134(3KB) AllocSpace objects, 0(0B) LOS objects, 26% free, 43MB/59MB, paused 1.013ms total 29.804ms
08-03 23:14:05.252   380   380 W SurfaceFlinger: couldn't log to binary event log: overflow.
08-03 23:14:05.328 13652 13652 I ServiceManager: Waiting for service AtCmdFwd...
08-03 23:14:05.329 14236 14250 I art     : Starting a blocking GC Explicit
08-03 23:14:05.362 14236 14250 I art     : Explicit concurrent mark sweep GC freed 6646(302KB) AllocSpace objects, 4(160KB) LOS objects, 26% free, 43MB/59MB, paused 746us total 32.811ms
08-03 23:14:05.375 14236 14250 I art     : Starting a blocking GC Explicit
08-03 23:14:05.389 14236 15270 I NAPPA_EXPERIMENTATION: MetricNetworkRequestExecutionTime: REQUEST_DURATION_SYSTEM='526',REQUEST_DURATION_OKHTTP='32',REQUEST_SYNCHRONOUS='FALSE',RESPONSE_CODE='200',RESPONSE_METHOD='GET',RESPONSE_LENGTH_OKHTTP='530',RESPONSE_LENGTH_HEADER='530',REQUEST_PROTOCOL='http/1.1',REQUEST_URL='https://project-travel-mate.herokuapp.com/api/get-city/1',
08-03 23:14:05.407 14236 14250 I art     : Explicit concurrent mark sweep GC freed 1281(131KB) AllocSpace objects, 1(80KB) LOS objects, 26% free, 43MB/59MB, paused 875us total 32.096ms
08-03 23:14:05.407 14236 15269 I NAPPA_EXPERIMENTATION: MetricNetworkRequestExecutionTime: REQUEST_DURATION_SYSTEM='545',REQUEST_DURATION_OKHTTP='47',REQUEST_SYNCHRONOUS='FALSE',RESPONSE_CODE='200',RESPONSE_METHOD='GET',RESPONSE_LENGTH_OKHTTP='238',RESPONSE_LENGTH_HEADER='238',REQUEST_PROTOCOL='http/1.1',REQUEST_URL='https://project-travel-mate.herokuapp.com/api/get-city-weather/1',
08-03 23:14:05.421 14236 14250 I art     : Starting a blocking GC Explicit
08-03 23:14:05.428 14236 15270 V Response: {"id":1,"city_name":"Delhi","description":"Delhi, officially the National Capital Territory of Delhi, is the Capital territory of India. During the British Raj, Delhi was part of the province of Punjab and is still historically and culturally connected to the Punjab region.","latitude":"28.613900","longitude":"77.209000","facts_count":6,"images":["https://upload.wikimedia.org/wikipedia/commons/9/94/%E0%B4%96%E0%B5%81%E0%B4%A4%E0%B5%8D%E0%B4%AC%E0%B5%8D_%E0%B4%AE%E0%B4%BF%E0%B4%A8%E0%B4%BE%E0%B5%BC1.jpg"],"has_visited":false}
08-03 23:14:05.450 14236 14250 I art     : Explicit concurrent mark sweep GC freed 336(26KB) AllocSpace objects, 0(0B) LOS objects, 26% free, 43MB/59MB, paused 977us total 29.393ms
08-03 23:14:05.463 14236 14250 I art     : Starting a blocking GC Explicit
08-03 23:14:05.493 14236 14250 I art     : Explicit concurrent mark sweep GC freed 308(10KB) AllocSpace objects, 0(0B) LOS objects, 26% free, 43MB/59MB, paused 777us total 29.740ms
08-03 23:14:05.506 14236 14250 I art     : Starting a blocking GC Explicit
08-03 23:14:05.535 14236 14250 I art     : Explicit concurrent mark sweep GC freed 1459(85KB) AllocSpace objects, 0(0B) LOS objects, 26% free, 43MB/59MB, paused 801us total 28.479ms
08-03 23:14:05.871 14236 14250 I art     : Starting a blocking GC Explicit
08-03 23:14:05.908 14236 14250 I art     : Explicit concurrent mark sweep GC freed 2697(107KB) AllocSpace objects, 3(4MB) LOS objects, 28% free, 39MB/55MB, paused 786us total 36.036ms
08-03 23:14:05.921 14236 14250 I art     : Starting a blocking GC Explicit
08-03 23:14:05.953 14236 14250 I art     : Explicit concurrent mark sweep GC freed 135(2944B) AllocSpace objects, 0(0B) LOS objects, 28% free, 39MB/55MB, paused 744us total 32.465ms
08-03 23:14:05.966 14236 14250 I art     : Starting a blocking GC Explicit
08-03 23:14:05.998 14236 14250 I art     : Explicit concurrent mark sweep GC freed 147(2496B) AllocSpace objects, 0(0B) LOS objects, 28% free, 39MB/55MB, paused 616us total 31.111ms
08-03 23:14:06.011 14236 14250 I art     : Starting a blocking GC Explicit
08-03 23:14:06.043 14236 14250 I art     : Explicit concurrent mark sweep GC freed 164(3KB) AllocSpace objects, 0(0B) LOS objects, 28% free, 39MB/55MB, paused 653us total 32.481ms
08-03 23:14:06.057 14236 14250 I art     : Starting a blocking GC Explicit
08-03 23:14:06.090 14236 14250 I art     : Explicit concurrent mark sweep GC freed 158(3040B) AllocSpace objects, 0(0B) LOS objects, 28% free, 39MB/55MB, paused 599us total 32.606ms
08-03 23:14:06.328 13652 13652 I ServiceManager: Waiting for service AtCmdFwd...
08-03 23:14:06.432 14236 14255 I art     : Starting a blocking GC Explicit
08-03 23:14:06.466 14236 14255 I art     : Explicit concurrent mark sweep GC freed 2488(100KB) AllocSpace objects, 2(40KB) LOS objects, 28% free, 39MB/55MB, paused 604us total 33.483ms
08-03 23:14:06.479 14236 14255 I art     : Starting a blocking GC Explicit
08-03 23:14:06.509 14236 14255 I art     : Explicit concurrent mark sweep GC freed 166(3KB) AllocSpace objects, 0(0B) LOS objects, 28% free, 39MB/55MB, paused 625us total 30.387ms
08-03 23:14:06.522 14236 14255 I art     : Starting a blocking GC Explicit
08-03 23:14:06.552 14236 14255 I art     : Explicit concurrent mark sweep GC freed 99(1696B) AllocSpace objects, 0(0B) LOS objects, 28% free, 39MB/55MB, paused 624us total 30.367ms
08-03 23:14:06.565 14236 14255 I art     : Starting a blocking GC Explicit
08-03 23:14:06.596 14236 14255 I art     : Explicit concurrent mark sweep GC freed 147(2496B) AllocSpace objects, 0(0B) LOS objects, 28% free, 39MB/55MB, paused 636us total 30.778ms
08-03 23:14:06.609 14236 14255 I art     : Starting a blocking GC Explicit
08-03 23:14:06.640 14236 14255 I art     : Explicit concurrent mark sweep GC freed 146(2464B) AllocSpace objects, 0(0B) LOS objects, 28% free, 39MB/55MB, paused 687us total 30.967ms
08-03 23:14:07.003 14236 14248 I art     : Starting a blocking GC Explicit
08-03 23:14:07.038 14236 14248 I art     : Explicit concurrent mark sweep GC freed 2532(101KB) AllocSpace objects, 2(40KB) LOS objects, 28% free, 39MB/55MB, paused 628us total 35.222ms
08-03 23:14:07.051 14236 14248 I art     : Starting a blocking GC Explicit
08-03 23:14:07.081 14236 14248 I art     : Explicit concurrent mark sweep GC freed 166(3KB) AllocSpace objects, 0(0B) LOS objects, 28% free, 39MB/55MB, paused 617us total 30.138ms
08-03 23:14:07.094 14236 14248 I art     : Starting a blocking GC Explicit
08-03 23:14:07.125 14236 14248 I art     : Explicit concurrent mark sweep GC freed 147(2496B) AllocSpace objects, 0(0B) LOS objects, 28% free, 39MB/55MB, paused 625us total 30.614ms
08-03 23:14:07.138 14236 14248 I art     : Starting a blocking GC Explicit
08-03 23:14:07.169 14236 14248 I art     : Explicit concurrent mark sweep GC freed 98(1664B) AllocSpace objects, 0(0B) LOS objects, 28% free, 39MB/55MB, paused 677us total 31.085ms
08-03 23:14:07.182 14236 14248 I art     : Starting a blocking GC Explicit
08-03 23:14:07.213 14236 14248 I art     : Explicit concurrent mark sweep GC freed 149(2560B) AllocSpace objects, 0(0B) LOS objects, 28% free, 39MB/55MB, paused 633us total 31.166ms
08-03 23:14:07.329 13652 13652 W Atfwd_Sendcmd: AtCmdFwd service not published, waiting... retryCnt : 3
08-03 23:14:07.571 14236 14750 I art     : Starting a blocking GC Explicit
08-03 23:14:07.606 14236 14750 I art     : Explicit concurrent mark sweep GC freed 2530(101KB) AllocSpace objects, 2(40KB) LOS objects, 28% free, 39MB/55MB, paused 625us total 34.905ms
08-03 23:14:07.622 14236 14750 I art     : Starting a blocking GC Explicit
08-03 23:14:07.652 14236 14750 I art     : Explicit concurrent mark sweep GC freed 166(3KB) AllocSpace objects, 0(0B) LOS objects, 28% free, 39MB/55MB, paused 650us total 30ms
08-03 23:14:07.665 14236 14750 I art     : Starting a blocking GC Explicit
08-03 23:14:07.695 14236 14750 I art     : Explicit concurrent mark sweep GC freed 148(2528B) AllocSpace objects, 0(0B) LOS objects, 28% free, 39MB/55MB, paused 606us total 29.986ms
08-03 23:14:07.708 14236 14750 I art     : Starting a blocking GC Explicit
08-03 23:14:07.740 14236 14750 I art     : Explicit concurrent mark sweep GC freed 106(1808B) AllocSpace objects, 0(0B) LOS objects, 28% free, 39MB/55MB, paused 801us total 31.379ms
08-03 23:14:07.752 14236 14750 I art     : Starting a blocking GC Explicit
08-03 23:14:07.783 14236 14750 I art     : Explicit concurrent mark sweep GC freed 140(2384B) AllocSpace objects, 0(0B) LOS objects, 28% free, 39MB/55MB, paused 625us total 30.889ms
08-03 23:14:08.152 14236 14250 I art     : Starting a blocking GC Explicit
08-03 23:14:08.186 14236 14250 I art     : Explicit concurrent mark sweep GC freed 2591(102KB) AllocSpace objects, 2(40KB) LOS objects, 28% free, 39MB/55MB, paused 625us total 33.552ms
08-03 23:14:08.203 14236 14250 I art     : Starting a blocking GC Explicit
08-03 23:14:08.233 14236 14250 I art     : Explicit concurrent mark sweep GC freed 177(3KB) AllocSpace objects, 0(0B) LOS objects, 28% free, 39MB/55MB, paused 629us total 30.288ms
08-03 23:14:08.245 14236 14250 I art     : Starting a blocking GC Explicit
08-03 23:14:08.276 14236 14250 I art     : Explicit concurrent mark sweep GC freed 147(2496B) AllocSpace objects, 0(0B) LOS objects, 28% free, 39MB/55MB, paused 621us total 30.422ms
08-03 23:14:08.289 14236 14250 I art     : Starting a blocking GC Explicit
08-03 23:14:08.321 14236 14250 I art     : Explicit concurrent mark sweep GC freed 98(1664B) AllocSpace objects, 0(0B) LOS objects, 28% free, 39MB/55MB, paused 626us total 31.252ms
08-03 23:14:08.333 14236 14250 I art     : Starting a blocking GC Explicit
08-03 23:14:08.364 14236 14250 I art     : Explicit concurrent mark sweep GC freed 148(2528B) AllocSpace objects, 0(0B) LOS objects, 28% free, 39MB/55MB, paused 617us total 30.777ms
08-03 23:14:08.733 14236 14255 I art     : Starting a blocking GC Explicit
08-03 23:14:08.766 14236 14255 I art     : Explicit concurrent mark sweep GC freed 2579(101KB) AllocSpace objects, 2(40KB) LOS objects, 28% free, 39MB/55MB, paused 626us total 32.637ms
08-03 23:14:08.779 14236 14255 I art     : Starting a blocking GC Explicit
08-03 23:14:08.809 14236 14255 I art     : Explicit concurrent mark sweep GC freed 162(3KB) AllocSpace objects, 0(0B) LOS objects, 28% free, 39MB/55MB, paused 702us total 30.103ms
08-03 23:14:08.821 14236 14255 I art     : Starting a blocking GC Explicit
08-03 23:14:08.853 14236 14255 I art     : Explicit concurrent mark sweep GC freed 103(1792B) AllocSpace objects, 0(0B) LOS objects, 28% free, 39MB/55MB, paused 625us total 31.284ms
08-03 23:14:08.865 14236 14255 I art     : Starting a blocking GC Explicit
08-03 23:14:08.897 14236 14255 I art     : Explicit concurrent mark sweep GC freed 147(2496B) AllocSpace objects, 0(0B) LOS objects, 28% free, 39MB/55MB, paused 702us total 31.100ms
08-03 23:14:08.910 14236 14255 I art     : Starting a blocking GC Explicit
08-03 23:14:08.941 14236 14255 I art     : Explicit concurrent mark sweep GC freed 99(1696B) AllocSpace objects, 0(0B) LOS objects, 28% free, 39MB/55MB, paused 753us total 30.953ms
08-03 23:14:09.267 14236 14750 I art     : Starting a blocking GC Explicit
08-03 23:14:09.299 14236 14750 I art     : Explicit concurrent mark sweep GC freed 2506(101KB) AllocSpace objects, 2(40KB) LOS objects, 28% free, 39MB/55MB, paused 644us total 31.794ms
08-03 23:14:09.312 14236 14750 I art     : Starting a blocking GC Explicit
08-03 23:14:09.342 14236 14750 I art     : Explicit concurrent mark sweep GC freed 146(3KB) AllocSpace objects, 0(0B) LOS objects, 28% free, 39MB/55MB, paused 801us total 30.115ms
08-03 23:14:09.355 14236 14750 I art     : Starting a blocking GC Explicit
08-03 23:14:09.385 14236 14750 I art     : Explicit concurrent mark sweep GC freed 129(2208B) AllocSpace objects, 0(0B) LOS objects, 28% free, 39MB/55MB, paused 634us total 30.166ms
08-03 23:14:09.398 14236 14750 I art     : Starting a blocking GC Explicit
08-03 23:14:09.428 14236 14750 I art     : Explicit concurrent mark sweep GC freed 126(2128B) AllocSpace objects, 0(0B) LOS objects, 28% free, 39MB/55MB, paused 761us total 30.327ms
08-03 23:14:09.441 14236 14750 I art     : Starting a blocking GC Explicit
08-03 23:14:09.472 14236 14750 I art     : Explicit concurrent mark sweep GC freed 119(2032B) AllocSpace objects, 0(0B) LOS objects, 28% free, 39MB/55MB, paused 660us total 30.540ms
08-03 23:14:09.518 15348 15348 D AndroidRuntime: >>>>>> START com.android.internal.os.RuntimeInit uid 2000 <<<<<<
08-03 23:14:09.523 15348 15348 D AndroidRuntime: CheckJNI is OFF
08-03 23:14:09.556 15348 15348 D ICU     : No timezone override file found: /data/misc/zoneinfo/current/icu/icu_tzdata.dat
08-03 23:14:09.590 15348 15348 I Radio-JNI: register_android_hardware_Radio DONE
08-03 23:14:09.612 15348 15348 D AndroidRuntime: Calling main entry com.android.commands.input.Input
08-03 23:14:09.614 15348 15348 I Input   : injectMotionEvent: MotionEvent { action=ACTION_DOWN, actionButton=0, id[0]=0, x[0]=693.0, y[0]=1450.0, toolType[0]=TOOL_TYPE_UNKNOWN, buttonState=0, metaState=0, flags=0x0, edgeFlags=0x0, pointerCount=1, historySize=0, eventTime=659666026, downTime=659666026, deviceId=0, source=0x1002 }
08-03 23:14:09.620 15348 15348 I Input   : injectMotionEvent: MotionEvent { action=ACTION_UP, actionButton=0, id[0]=0, x[0]=693.0, y[0]=1450.0, toolType[0]=TOOL_TYPE_UNKNOWN, buttonState=0, metaState=0, flags=0x0, edgeFlags=0x0, pointerCount=1, historySize=0, eventTime=659666026, downTime=659666026, deviceId=0, source=0x1002 }
08-03 23:14:09.621 15348 15348 D AndroidRuntime: Shutting down VM
08-03 23:14:09.622   918  3670 I ActivityManager: START u0 {cmp=baseline.io.github.project_travel_mate/.destinations.description.CityHistoryActivity} from uid 10650 on display 0
08-03 23:14:09.623   512  2967 D audio_hw_primary: out_set_parameters: enter: usecase(1: low-latency-playback) kvpairs: routing=2
08-03 23:14:09.635   512  2967 D audio_hw_primary: select_devices: out_snd_device(2: speaker) in_snd_device(0: none)
08-03 23:14:09.635   512  2967 D msm8974_platform: platform_send_audio_calibration: sending audio calibration for snd_device(2) acdb_id(15)
08-03 23:14:09.636   512  2967 I soundtrigger: audio_extn_sound_trigger_update_device_status: device 0x2 of type 0 for Event 1
08-03 23:14:09.646   512  2967 D audio_hw_primary: enable_snd_device: snd_device(2: speaker)
08-03 23:14:09.648   512  2967 D audio_hw_primary: enable_audio_route: apply and update mixer path: low-latency-playback speaker
08-03 23:14:09.649 14236 14302 D Gabe    : call	returning from cache
08-03 23:14:09.651 14236 14236 V EXECUTING: https://project-travel-mate.herokuapp.com/api/get-city-information/1
08-03 23:14:09.785 14236 14750 I art     : Starting a blocking GC Explicit
08-03 23:14:09.787   918   936 I ActivityManager: Displayed baseline.io.github.project_travel_mate/.destinations.description.CityHistoryActivity: +154ms
08-03 23:14:09.789 13866 13866 I GoogleInputMethodServic: GoogleInputMethodService.onFinishInput():3138 
08-03 23:14:09.790 13866 13866 I GoogleInputMethodServic: GoogleInputMethodService.onStartInput():1808 
08-03 23:14:09.817 14236 14750 I art     : Explicit concurrent mark sweep GC freed 3181(156KB) AllocSpace objects, 2(40KB) LOS objects, 26% free, 44MB/60MB, paused 960us total 31.718ms
08-03 23:14:09.831 14236 14750 I art     : Starting a blocking GC Explicit
08-03 23:14:09.864 14236 14750 I art     : Explicit concurrent mark sweep GC freed 258(10KB) AllocSpace objects, 0(0B) LOS objects, 26% free, 44MB/60MB, paused 760us total 32.820ms
08-03 23:14:09.877 14236 14750 I art     : Starting a blocking GC Explicit
08-03 23:14:09.911 14236 14750 I art     : Explicit concurrent mark sweep GC freed 103(1776B) AllocSpace objects, 0(0B) LOS objects, 26% free, 44MB/60MB, paused 845us total 33.138ms
08-03 23:14:09.924 14236 14750 I art     : Starting a blocking GC Explicit
08-03 23:14:09.956 14236 14750 I art     : Explicit concurrent mark sweep GC freed 85(1584B) AllocSpace objects, 0(0B) LOS objects, 26% free, 44MB/60MB, paused 620us total 31.750ms
08-03 23:14:09.969 14236 14750 I art     : Starting a blocking GC Explicit
08-03 23:14:09.997 14236 14750 I art     : Explicit concurrent mark sweep GC freed 219(3KB) AllocSpace objects, 0(0B) LOS objects, 26% free, 44MB/60MB, paused 616us total 27.896ms
08-03 23:14:10.042   380   380 W SurfaceFlinger: couldn't log to binary event log: overflow.
08-03 23:14:10.179   512  2967 D audio_hw_primary: disable_audio_route: reset and update mixer path: low-latency-playback speaker
08-03 23:14:10.181   512  2967 D audio_hw_primary: disable_snd_device: snd_device(2: speaker)
08-03 23:14:10.188   512  2967 I soundtrigger: audio_extn_sound_trigger_update_device_status: device 0x2 of type 0 for Event 0
08-03 23:14:10.214 14236 15379 I NAPPA_EXPERIMENTATION: MetricNetworkRequestExecutionTime: REQUEST_DURATION_SYSTEM='562',REQUEST_DURATION_OKHTTP='36',REQUEST_SYNCHRONOUS='FALSE',RESPONSE_CODE='200',RESPONSE_METHOD='GET',RESPONSE_LENGTH_OKHTTP='55024',RESPONSE_LENGTH_HEADER='55024',REQUEST_PROTOCOL='http/1.1',REQUEST_URL='https://project-travel-mate.herokuapp.com/api/get-city-information/1',
08-03 23:14:10.318 14236 14248 I art     : Starting a blocking GC Explicit
08-03 23:14:10.350 14236 14248 I art     : Explicit concurrent mark sweep GC freed 6231(1311KB) AllocSpace objects, 22(880KB) LOS objects, 26% free, 44MB/60MB, paused 1.026ms total 31.645ms
08-03 23:14:10.360 13866 13866 I GoogleInputMethodServic: GoogleInputMethodService.onFinishInput():3138 
08-03 23:14:10.360 13866 13866 I GoogleInputMethodServic: GoogleInputMethodService.onStartInput():1808 
08-03 23:14:10.362 14236 14248 I art     : Starting a blocking GC Explicit
08-03 23:14:10.393 14236 14248 I art     : Explicit concurrent mark sweep GC freed 1391(265KB) AllocSpace objects, 3(4MB) LOS objects, 28% free, 40MB/56MB, paused 593us total 30.776ms
08-03 23:14:10.405 14236 14248 I art     : Starting a blocking GC Explicit
08-03 23:14:10.435 14236 14248 I art     : Explicit concurrent mark sweep GC freed 254(5KB) AllocSpace objects, 0(0B) LOS objects, 28% free, 40MB/56MB, paused 629us total 30.031ms
08-03 23:14:10.448 14236 14248 I art     : Starting a blocking GC Explicit
08-03 23:14:10.478 14236 14248 I art     : Explicit concurrent mark sweep GC freed 218(3KB) AllocSpace objects, 0(0B) LOS objects, 28% free, 40MB/56MB, paused 678us total 29.934ms
08-03 23:14:10.490 14236 14248 I art     : Starting a blocking GC Explicit
08-03 23:14:10.521 14236 14248 I art     : Explicit concurrent mark sweep GC freed 148(2528B) AllocSpace objects, 0(0B) LOS objects, 28% free, 40MB/56MB, paused 632us total 30.284ms
08-03 23:14:10.852 14236 14255 I art     : Starting a blocking GC Explicit
08-03 23:14:10.885 14236 14255 I art     : Explicit concurrent mark sweep GC freed 3011(108KB) AllocSpace objects, 2(40KB) LOS objects, 28% free, 40MB/56MB, paused 643us total 33.062ms
08-03 23:14:10.898 14236 14255 I art     : Starting a blocking GC Explicit
08-03 23:14:10.932 14236 14255 I art     : Explicit concurrent mark sweep GC freed 238(4KB) AllocSpace objects, 0(0B) LOS objects, 28% free, 40MB/56MB, paused 629us total 33.226ms
08-03 23:14:10.932 14236 14247 I art     : WaitForGcToComplete blocked for 23.710ms for cause HeapTrim
08-03 23:14:10.945 14236 14255 I art     : Starting a blocking GC Explicit
08-03 23:14:10.979 14236 14255 I art     : Explicit concurrent mark sweep GC freed 211(3KB) AllocSpace objects, 0(0B) LOS objects, 28% free, 40MB/56MB, paused 756us total 33.566ms
08-03 23:14:10.992 14236 14255 I art     : Starting a blocking GC Explicit
08-03 23:14:11.026 14236 14255 I art     : Explicit concurrent mark sweep GC freed 158(2688B) AllocSpace objects, 0(0B) LOS objects, 28% free, 40MB/56MB, paused 817us total 34.302ms
08-03 23:14:11.039 14236 14255 I art     : Starting a blocking GC Explicit
08-03 23:14:11.074 14236 14255 I art     : Explicit concurrent mark sweep GC freed 217(3KB) AllocSpace objects, 0(0B) LOS objects, 28% free, 40MB/56MB, paused 650us total 34.129ms
08-03 23:14:11.429 14236 14250 I art     : Starting a blocking GC Explicit
08-03 23:14:11.464 14236 14250 I art     : Explicit concurrent mark sweep GC freed 3189(112KB) AllocSpace objects, 2(40KB) LOS objects, 28% free, 40MB/56MB, paused 704us total 34.674ms
08-03 23:14:11.478 14236 14250 I art     : Starting a blocking GC Explicit
08-03 23:14:11.512 14236 14250 I art     : Explicit concurrent mark sweep GC freed 209(4KB) AllocSpace objects, 0(0B) LOS objects, 28% free, 40MB/56MB, paused 773us total 34.019ms
08-03 23:14:11.525 14236 14250 I art     : Starting a blocking GC Explicit
08-03 23:14:11.558 14236 14250 I art     : Explicit concurrent mark sweep GC freed 198(3KB) AllocSpace objects, 0(0B) LOS objects, 28% free, 40MB/56MB, paused 646us total 32.464ms
08-03 23:14:11.570 14236 14250 I art     : Starting a blocking GC Explicit
08-03 23:14:11.602 14236 14250 I art     : Explicit concurrent mark sweep GC freed 219(3KB) AllocSpace objects, 0(0B) LOS objects, 28% free, 40MB/56MB, paused 631us total 31.328ms
08-03 23:14:11.615 14236 14250 I art     : Starting a blocking GC Explicit
08-03 23:14:11.649 14236 14250 I art     : Explicit concurrent mark sweep GC freed 219(3KB) AllocSpace objects, 0(0B) LOS objects, 28% free, 40MB/56MB, paused 611us total 34.115ms
08-03 23:14:12.017 14236 14255 I art     : Starting a blocking GC Explicit
08-03 23:14:12.055 14236 14255 I art     : Explicit concurrent mark sweep GC freed 3161(111KB) AllocSpace objects, 2(40KB) LOS objects, 28% free, 40MB/56MB, paused 739us total 37.286ms
08-03 23:14:12.068 14236 14255 I art     : Starting a blocking GC Explicit
08-03 23:14:12.102 14236 14255 I art     : Explicit concurrent mark sweep GC freed 250(4KB) AllocSpace objects, 0(0B) LOS objects, 28% free, 40MB/56MB, paused 644us total 33.928ms
08-03 23:14:12.115 14236 14255 I art     : Starting a blocking GC Explicit
08-03 23:14:12.149 14236 14255 I art     : Explicit concurrent mark sweep GC freed 223(3KB) AllocSpace objects, 0(0B) LOS objects, 28% free, 40MB/56MB, paused 622us total 33.063ms
08-03 23:14:12.162 14236 14255 I art     : Starting a blocking GC Explicit
08-03 23:14:12.196 14236 14255 I art     : Explicit concurrent mark sweep GC freed 190(3KB) AllocSpace objects, 0(0B) LOS objects, 28% free, 40MB/56MB, paused 799us total 34.367ms
08-03 23:14:12.209 14236 14255 I art     : Starting a blocking GC Explicit
08-03 23:14:12.243 14236 14255 I art     : Explicit concurrent mark sweep GC freed 176(3024B) AllocSpace objects, 0(0B) LOS objects, 28% free, 40MB/56MB, paused 646us total 33.540ms
08-03 23:14:12.385   918  3261 D WifiStateMachine: starting scan for "H369AA63323"WPA_PSK with 2412,5180
08-03 23:14:12.611 14236 14750 I art     : Starting a blocking GC Explicit
08-03 23:14:12.649 14236 14750 I art     : Explicit concurrent mark sweep GC freed 3172(111KB) AllocSpace objects, 2(40KB) LOS objects, 28% free, 40MB/56MB, paused 791us total 38.206ms
08-03 23:14:12.662 14236 14750 I art     : Starting a blocking GC Explicit
08-03 23:14:12.695 14236 14750 I art     : Explicit concurrent mark sweep GC freed 221(4KB) AllocSpace objects, 0(0B) LOS objects, 28% free, 40MB/56MB, paused 598us total 32.919ms
08-03 23:14:12.707 14236 14750 I art     : Starting a blocking GC Explicit
08-03 23:14:12.740 14236 14750 I art     : Explicit concurrent mark sweep GC freed 219(3KB) AllocSpace objects, 0(0B) LOS objects, 28% free, 40MB/56MB, paused 640us total 32.278ms
08-03 23:14:12.753 14236 14750 I art     : Starting a blocking GC Explicit
08-03 23:14:12.785 14236 14750 I art     : Explicit concurrent mark sweep GC freed 220(3KB) AllocSpace objects, 0(0B) LOS objects, 28% free, 40MB/56MB, paused 686us total 32.012ms
08-03 23:14:12.798 14236 14750 I art     : Starting a blocking GC Explicit
08-03 23:14:12.832 14236 14750 I art     : Explicit concurrent mark sweep GC freed 218(3KB) AllocSpace objects, 0(0B) LOS objects, 28% free, 40MB/56MB, paused 673us total 33.510ms
08-03 23:14:13.217 14236 14250 I art     : Starting a blocking GC Explicit
08-03 23:14:13.253 14236 14250 I art     : Explicit concurrent mark sweep GC freed 3228(112KB) AllocSpace objects, 2(40KB) LOS objects, 28% free, 40MB/56MB, paused 651us total 36.010ms
08-03 23:14:13.269 14236 14250 I art     : Starting a blocking GC Explicit
08-03 23:14:13.301 14236 14250 I art     : Explicit concurrent mark sweep GC freed 238(4KB) AllocSpace objects, 0(0B) LOS objects, 28% free, 40MB/56MB, paused 589us total 31.727ms
08-03 23:14:13.314 14236 14250 I art     : Starting a blocking GC Explicit
08-03 23:14:13.347 14236 14250 I art     : Explicit concurrent mark sweep GC freed 166(2800B) AllocSpace objects, 0(0B) LOS objects, 28% free, 40MB/56MB, paused 817us total 32.801ms
08-03 23:14:13.360 14236 14250 I art     : Starting a blocking GC Explicit
08-03 23:14:13.392 14236 14250 I art     : Explicit concurrent mark sweep GC freed 200(3KB) AllocSpace objects, 0(0B) LOS objects, 28% free, 40MB/56MB, paused 641us total 32.525ms
08-03 23:14:13.405 14236 14250 I art     : Starting a blocking GC Explicit
08-03 23:14:13.438 14236 14250 I art     : Explicit concurrent mark sweep GC freed 220(3KB) AllocSpace objects, 0(0B) LOS objects, 28% free, 40MB/56MB, paused 663us total 32.858ms
08-03 23:14:13.494   518   646 I ThermalEngine: ACTION: GPU - Setting GPU[0] to 600000000
08-03 23:14:13.784 14236 14255 I art     : Starting a blocking GC Explicit
08-03 23:14:13.817 14236 14255 I art     : Explicit concurrent mark sweep GC freed 3020(109KB) AllocSpace objects, 2(40KB) LOS objects, 28% free, 40MB/56MB, paused 972us total 32.886ms
08-03 23:14:13.830 14236 14255 I art     : Starting a blocking GC Explicit
08-03 23:14:13.856 14236 14255 I art     : Explicit concurrent mark sweep GC freed 229(4KB) AllocSpace objects, 0(0B) LOS objects, 28% free, 40MB/56MB, paused 452us total 26.064ms
08-03 23:14:13.866 14236 14255 I art     : Starting a blocking GC Explicit
08-03 23:14:13.891 14236 14255 I art     : Explicit concurrent mark sweep GC freed 147(2496B) AllocSpace objects, 0(0B) LOS objects, 28% free, 40MB/56MB, paused 452us total 25.035ms
08-03 23:14:13.901 14236 14255 I art     : Starting a blocking GC Explicit
08-03 23:14:13.925 14236 14255 I art     : Explicit concurrent mark sweep GC freed 147(2496B) AllocSpace objects, 0(0B) LOS objects, 28% free, 40MB/56MB, paused 476us total 23.635ms
08-03 23:14:13.934 14236 14255 I art     : Starting a blocking GC Explicit
08-03 23:14:13.958 14236 14255 I art     : Explicit concurrent mark sweep GC freed 147(2496B) AllocSpace objects, 0(0B) LOS objects, 28% free, 40MB/56MB, paused 474us total 23.828ms
08-03 23:14:14.183 15456 15456 D AndroidRuntime: >>>>>> START com.android.internal.os.RuntimeInit uid 2000 <<<<<<
08-03 23:14:14.187 15456 15456 D AndroidRuntime: CheckJNI is OFF
08-03 23:14:14.211 15456 15456 D ICU     : No timezone override file found: /data/misc/zoneinfo/current/icu/icu_tzdata.dat
08-03 23:14:14.236 15456 15456 I Radio-JNI: register_android_hardware_Radio DONE
08-03 23:14:14.253 15456 15456 D AndroidRuntime: Calling main entry com.android.commands.input.Input
08-03 23:14:14.255 15456 15456 I Input   : injectKeyEvent: KeyEvent { action=ACTION_DOWN, keyCode=KEYCODE_BACK, scanCode=0, metaState=0, flags=0x0, repeatCount=0, eventTime=659670668, downTime=659670668, deviceId=-1, source=0x101 }
08-03 23:14:14.260 15456 15456 I Input   : injectKeyEvent: KeyEvent { action=ACTION_UP, keyCode=KEYCODE_BACK, scanCode=0, metaState=0, flags=0x0, repeatCount=0, eventTime=659670668, downTime=659670668, deviceId=-1, source=0x101 }
08-03 23:14:14.264 15456 15456 D AndroidRuntime: Shutting down VM
08-03 23:14:14.278 14236 14255 I art     : Starting a blocking GC Explicit
08-03 23:14:14.305 13866 13866 I GoogleInputMethodServic: GoogleInputMethodService.onFinishInput():3138 
08-03 23:14:14.306 13866 13866 I GoogleInputMethodServic: GoogleInputMethodService.onStartInput():1808 
08-03 23:14:14.306 14236 14255 I art     : Explicit concurrent mark sweep GC freed 2934(109KB) AllocSpace objects, 2(40KB) LOS objects, 28% free, 40MB/56MB, paused 764us total 27.674ms
08-03 23:14:14.318 14236 14255 I art     : Starting a blocking GC Explicit
08-03 23:14:14.347 14236 14255 I art     : Explicit concurrent mark sweep GC freed 297(6KB) AllocSpace objects, 0(0B) LOS objects, 28% free, 40MB/56MB, paused 618us total 28.384ms
08-03 23:14:14.356 14236 14255 I art     : Starting a blocking GC Explicit
08-03 23:14:14.381 14236 14255 I art     : Explicit concurrent mark sweep GC freed 183(3KB) AllocSpace objects, 0(0B) LOS objects, 28% free, 40MB/56MB, paused 566us total 24.007ms
08-03 23:14:14.390 14236 14255 I art     : Starting a blocking GC Explicit
08-03 23:14:14.416 14236 14255 I art     : Explicit concurrent mark sweep GC freed 187(3KB) AllocSpace objects, 0(0B) LOS objects, 28% free, 40MB/56MB, paused 604us total 25.579ms
08-03 23:14:14.427 14236 14255 I art     : Starting a blocking GC Explicit
08-03 23:14:14.453 14236 14255 I art     : Explicit concurrent mark sweep GC freed 148(2528B) AllocSpace objects, 0(0B) LOS objects, 28% free, 40MB/56MB, paused 484us total 26.291ms
08-03 23:14:14.613   380   380 W SurfaceFlinger: couldn't log to binary event log: overflow.
08-03 23:14:14.724 14236 14255 I art     : Starting a blocking GC Explicit
08-03 23:14:14.754 14236 14255 I art     : Explicit concurrent mark sweep GC freed 2532(101KB) AllocSpace objects, 3(228KB) LOS objects, 28% free, 40MB/56MB, paused 541us total 29.351ms
08-03 23:14:14.764 14236 14255 I art     : Starting a blocking GC Explicit
08-03 23:14:14.791 14236 14255 I art     : Explicit concurrent mark sweep GC freed 4794(340KB) AllocSpace objects, 7(132KB) LOS objects, 28% free, 39MB/55MB, paused 513us total 27.229ms
08-03 23:14:14.801 14236 14255 I art     : Starting a blocking GC Explicit
08-03 23:14:14.827 14236 14255 I art     : Explicit concurrent mark sweep GC freed 99(1696B) AllocSpace objects, 0(0B) LOS objects, 28% free, 39MB/55MB, paused 479us total 25.767ms
08-03 23:14:14.837 14236 14255 I art     : Starting a blocking GC Explicit
08-03 23:14:14.863 14236 14255 I art     : Explicit concurrent mark sweep GC freed 99(1696B) AllocSpace objects, 0(0B) LOS objects, 28% free, 39MB/55MB, paused 468us total 25.661ms
08-03 23:14:14.873 14236 14255 I art     : Starting a blocking GC Explicit
08-03 23:14:14.899 14236 14255 I art     : Explicit concurrent mark sweep GC freed 146(2464B) AllocSpace objects, 0(0B) LOS objects, 28% free, 39MB/55MB, paused 573us total 25.566ms
08-03 23:14:15.213 14236 14248 I art     : Starting a blocking GC Explicit
08-03 23:14:15.242 14236 14248 I art     : Explicit concurrent mark sweep GC freed 2411(99KB) AllocSpace objects, 2(40KB) LOS objects, 28% free, 39MB/55MB, paused 477us total 28.865ms
08-03 23:14:15.251 14236 14248 I art     : Starting a blocking GC Explicit
08-03 23:14:15.277 14236 14248 I art     : Explicit concurrent mark sweep GC freed 128(2928B) AllocSpace objects, 0(0B) LOS objects, 28% free, 39MB/55MB, paused 474us total 24.845ms
08-03 23:14:15.286 14236 14248 I art     : Starting a blocking GC Explicit
08-03 23:14:15.311 14236 14248 I art     : Explicit concurrent mark sweep GC freed 99(1696B) AllocSpace objects, 0(0B) LOS objects, 28% free, 39MB/55MB, paused 474us total 25.105ms
08-03 23:14:15.321 14236 14248 I art     : Starting a blocking GC Explicit
08-03 23:14:15.347 14236 14248 I art     : Explicit concurrent mark sweep GC freed 99(1696B) AllocSpace objects, 0(0B) LOS objects, 28% free, 39MB/55MB, paused 570us total 25.897ms
08-03 23:14:15.357 14236 14248 I art     : Starting a blocking GC Explicit
08-03 23:14:15.380 14236 14248 I art     : Explicit concurrent mark sweep GC freed 99(1696B) AllocSpace objects, 0(0B) LOS objects, 28% free, 39MB/55MB, paused 458us total 22.335ms
08-03 23:14:15.672 14236 14750 I art     : Starting a blocking GC Explicit
08-03 23:14:15.699 14236 14750 I art     : Explicit concurrent mark sweep GC freed 2347(98KB) AllocSpace objects, 2(40KB) LOS objects, 28% free, 39MB/55MB, paused 634us total 27.138ms
08-03 23:14:15.710 14236 14750 I art     : Starting a blocking GC Explicit
08-03 23:14:15.736 14236 14750 I art     : Explicit concurrent mark sweep GC freed 158(3056B) AllocSpace objects, 0(0B) LOS objects, 28% free, 39MB/55MB, paused 486us total 25.948ms
08-03 23:14:15.745 14236 14750 I art     : Starting a blocking GC Explicit
08-03 23:14:15.771 14236 14750 I art     : Explicit concurrent mark sweep GC freed 99(1696B) AllocSpace objects, 0(0B) LOS objects, 28% free, 39MB/55MB, paused 626us total 25.289ms
08-03 23:14:15.781 14236 14750 I art     : Starting a blocking GC Explicit
08-03 23:14:15.806 14236 14750 I art     : Explicit concurrent mark sweep GC freed 98(1664B) AllocSpace objects, 0(0B) LOS objects, 28% free, 39MB/55MB, paused 504us total 25.032ms
08-03 23:14:15.815 14236 14750 I art     : Starting a blocking GC Explicit
08-03 23:14:15.841 14236 14750 I art     : Explicit concurrent mark sweep GC freed 100(1728B) AllocSpace objects, 0(0B) LOS objects, 28% free, 39MB/55MB, paused 497us total 25.006ms
08-03 23:14:15.843 15500 15500 D AndroidRuntime: >>>>>> START com.android.internal.os.RuntimeInit uid 2000 <<<<<<
08-03 23:14:15.847 15500 15500 D AndroidRuntime: CheckJNI is OFF
08-03 23:14:15.872 15500 15500 D ICU     : No timezone override file found: /data/misc/zoneinfo/current/icu/icu_tzdata.dat
08-03 23:14:15.897 15500 15500 I Radio-JNI: register_android_hardware_Radio DONE
08-03 23:14:15.913 15500 15500 D AndroidRuntime: Calling main entry com.android.commands.input.Input
08-03 23:14:15.914 15500 15500 I Input   : injectKeyEvent: KeyEvent { action=ACTION_DOWN, keyCode=KEYCODE_BACK, scanCode=0, metaState=0, flags=0x0, repeatCount=0, eventTime=659672327, downTime=659672327, deviceId=-1, source=0x101 }
08-03 23:14:15.920 15500 15500 I Input   : injectKeyEvent: KeyEvent { action=ACTION_UP, keyCode=KEYCODE_BACK, scanCode=0, metaState=0, flags=0x0, repeatCount=0, eventTime=659672327, downTime=659672327, deviceId=-1, source=0x101 }
08-03 23:14:15.926 15500 15500 D AndroidRuntime: Shutting down VM
08-03 23:14:15.934 14236 14236 V MainActivity: url = https://project-travel-mate.herokuapp.com/api/number-of-unread-notifications
08-03 23:14:15.963 13866 13866 I GoogleInputMethodServic: GoogleInputMethodService.onFinishInput():3138 
08-03 23:14:15.963 13866 13866 I GoogleInputMethodServic: GoogleInputMethodService.onStartInput():1808 
08-03 23:14:16.112 14236 14250 I art     : Starting a blocking GC Explicit
08-03 23:14:16.140 14236 14250 I art     : Explicit concurrent mark sweep GC freed 2804(121KB) AllocSpace objects, 2(40KB) LOS objects, 28% free, 39MB/55MB, paused 572us total 28.067ms
08-03 23:14:16.150 14236 14250 I art     : Starting a blocking GC Explicit
08-03 23:14:16.176 14236 14250 I art     : Explicit concurrent mark sweep GC freed 197(5KB) AllocSpace objects, 0(0B) LOS objects, 28% free, 39MB/55MB, paused 508us total 25.557ms
08-03 23:14:16.186 14236 14250 I art     : Starting a blocking GC Explicit
08-03 23:14:16.212 14236 14250 I art     : Explicit concurrent mark sweep GC freed 101(1792B) AllocSpace objects, 0(0B) LOS objects, 28% free, 39MB/55MB, paused 532us total 25.052ms
08-03 23:14:16.222 14236 14250 I art     : Starting a blocking GC Explicit
08-03 23:14:16.246 14236 14250 I art     : Explicit concurrent mark sweep GC freed 99(1696B) AllocSpace objects, 0(0B) LOS objects, 28% free, 39MB/55MB, paused 544us total 24.289ms
08-03 23:14:16.248   380   380 W SurfaceFlinger: couldn't log to binary event log: overflow.
08-03 23:14:16.257 14236 14250 I art     : Starting a blocking GC Explicit
08-03 23:14:16.283 14236 14250 I art     : Explicit concurrent mark sweep GC freed 119(2560B) AllocSpace objects, 0(0B) LOS objects, 28% free, 39MB/55MB, paused 612us total 26.039ms
08-03 23:14:16.448 14236 15524 I NAPPA_EXPERIMENTATION: MetricNetworkRequestExecutionTime: REQUEST_DURATION_SYSTEM='513',REQUEST_DURATION_OKHTTP='34',REQUEST_SYNCHRONOUS='FALSE',RESPONSE_CODE='200',RESPONSE_METHOD='GET',RESPONSE_LENGTH_OKHTTP='36',RESPONSE_LENGTH_HEADER='36',REQUEST_PROTOCOL='http/1.1',REQUEST_URL='https://project-travel-mate.herokuapp.com/api/number-of-unread-notifications',
08-03 23:14:16.501   518   646 I ThermalEngine: ACTION: GPU - Setting GPU[0] to 510000000
08-03 23:14:16.619 14236 14750 I art     : Starting a blocking GC Explicit
08-03 23:14:16.656 14236 14750 I art     : Explicit concurrent mark sweep GC freed 4902(247KB) AllocSpace objects, 5(240KB) LOS objects, 28% free, 40MB/56MB, paused 729us total 35.967ms
08-03 23:14:16.671 14236 14750 I art     : Starting a blocking GC Explicit
08-03 23:14:16.703 14236 14750 I art     : Explicit concurrent mark sweep GC freed 1028(118KB) AllocSpace objects, 0(0B) LOS objects, 28% free, 39MB/55MB, paused 683us total 31.775ms
08-03 23:14:16.716 14236 14750 I art     : Starting a blocking GC Explicit
08-03 23:14:16.748 14236 14750 I art     : Explicit concurrent mark sweep GC freed 50(864B) AllocSpace objects, 0(0B) LOS objects, 28% free, 39MB/55MB, paused 720us total 31.924ms
08-03 23:14:16.760 14236 14750 I art     : Starting a blocking GC Explicit
08-03 23:14:16.792 14236 14750 I art     : Explicit concurrent mark sweep GC freed 76(1328B) AllocSpace objects, 0(0B) LOS objects, 28% free, 39MB/55MB, paused 692us total 31.906ms
08-03 23:14:16.805 14236 14750 I art     : Starting a blocking GC Explicit
08-03 23:14:16.838 14236 14750 I art     : Explicit concurrent mark sweep GC freed 75(1296B) AllocSpace objects, 0(0B) LOS objects, 28% free, 39MB/55MB, paused 729us total 32.484ms
08-03 23:14:17.179 14236 14255 I art     : Starting a blocking GC Explicit
08-03 23:14:17.212 14236 14255 I art     : Explicit concurrent mark sweep GC freed 1967(92KB) AllocSpace objects, 2(40KB) LOS objects, 28% free, 39MB/55MB, paused 753us total 32.325ms
08-03 23:14:17.225 14236 14255 I art     : Starting a blocking GC Explicit
08-03 23:14:17.257 14236 14255 I art     : Explicit concurrent mark sweep GC freed 104(2544B) AllocSpace objects, 0(0B) LOS objects, 28% free, 39MB/55MB, paused 768us total 31.390ms
08-03 23:14:17.270 14236 14255 I art     : Starting a blocking GC Explicit
08-03 23:14:17.301 14236 14255 I art     : Explicit concurrent mark sweep GC freed 75(1296B) AllocSpace objects, 0(0B) LOS objects, 28% free, 39MB/55MB, paused 711us total 31.400ms
08-03 23:14:17.314 14236 14255 I art     : Starting a blocking GC Explicit
08-03 23:14:17.346 14236 14255 I art     : Explicit concurrent mark sweep GC freed 51(896B) AllocSpace objects, 0(0B) LOS objects, 28% free, 39MB/55MB, paused 735us total 31.987ms
08-03 23:14:17.359 14236 14255 I art     : Starting a blocking GC Explicit
08-03 23:14:17.390 14236 14255 I art     : Explicit concurrent mark sweep GC freed 75(1296B) AllocSpace objects, 0(0B) LOS objects, 28% free, 39MB/55MB, paused 726us total 30.569ms
08-03 23:14:17.557 15556 15556 D AndroidRuntime: >>>>>> START com.android.internal.os.RuntimeInit uid 2000 <<<<<<
08-03 23:14:17.562 15556 15556 D AndroidRuntime: CheckJNI is OFF
08-03 23:14:17.595 15556 15556 D ICU     : No timezone override file found: /data/misc/zoneinfo/current/icu/icu_tzdata.dat
08-03 23:14:17.625 15556 15556 I Radio-JNI: register_android_hardware_Radio DONE
08-03 23:14:17.646 15556 15556 D AndroidRuntime: Calling main entry com.android.commands.input.Input
08-03 23:14:17.648 15556 15556 I Input   : injectMotionEvent: MotionEvent { action=ACTION_DOWN, actionButton=0, id[0]=0, x[0]=117.0, y[0]=170.0, toolType[0]=TOOL_TYPE_UNKNOWN, buttonState=0, metaState=0, flags=0x0, edgeFlags=0x0, pointerCount=1, historySize=0, eventTime=659674061, downTime=659674061, deviceId=0, source=0x1002 }
08-03 23:14:17.652 15556 15556 I Input   : injectMotionEvent: MotionEvent { action=ACTION_UP, actionButton=0, id[0]=0, x[0]=117.0, y[0]=170.0, toolType[0]=TOOL_TYPE_UNKNOWN, buttonState=0, metaState=0, flags=0x0, edgeFlags=0x0, pointerCount=1, historySize=0, eventTime=659674061, downTime=659674061, deviceId=0, source=0x1002 }
08-03 23:14:17.654 15556 15556 D AndroidRuntime: Shutting down VM
08-03 23:14:17.670   512  2967 D audio_hw_primary: out_set_parameters: enter: usecase(1: low-latency-playback) kvpairs: routing=2
08-03 23:14:17.683   512  2967 D audio_hw_primary: select_devices: out_snd_device(2: speaker) in_snd_device(0: none)
08-03 23:14:17.683   512  2967 D msm8974_platform: platform_send_audio_calibration: sending audio calibration for snd_device(2) acdb_id(15)
08-03 23:14:17.683   512  2967 I soundtrigger: audio_extn_sound_trigger_update_device_status: device 0x2 of type 0 for Event 1
08-03 23:14:17.695   512  2967 D audio_hw_primary: enable_snd_device: snd_device(2: speaker)
08-03 23:14:17.697   512  2967 D audio_hw_primary: enable_audio_route: apply and update mixer path: low-latency-playback speaker
08-03 23:14:17.721 14236 14248 I art     : Starting a blocking GC Explicit
08-03 23:14:17.754 14236 14248 I art     : Explicit concurrent mark sweep GC freed 2009(94KB) AllocSpace objects, 2(40KB) LOS objects, 28% free, 40MB/56MB, paused 1.088ms total 32.270ms
08-03 23:14:17.767 14236 14248 I art     : Starting a blocking GC Explicit
08-03 23:14:17.799 14236 14248 I art     : Explicit concurrent mark sweep GC freed 479(22KB) AllocSpace objects, 0(0B) LOS objects, 28% free, 40MB/56MB, paused 790us total 31.565ms
08-03 23:14:17.812 14236 14248 I art     : Starting a blocking GC Explicit
08-03 23:14:17.843 14236 14248 I art     : Explicit concurrent mark sweep GC freed 79(1584B) AllocSpace objects, 0(0B) LOS objects, 28% free, 40MB/56MB, paused 629us total 31.604ms
08-03 23:14:17.856 14236 14248 I art     : Starting a blocking GC Explicit
08-03 23:14:17.887 14236 14248 I art     : Explicit concurrent mark sweep GC freed 75(1296B) AllocSpace objects, 0(0B) LOS objects, 28% free, 40MB/56MB, paused 913us total 30.862ms
08-03 23:14:17.900 14236 14248 I art     : Starting a blocking GC Explicit
08-03 23:14:17.930 14236 14248 I art     : Explicit concurrent mark sweep GC freed 50(864B) AllocSpace objects, 0(0B) LOS objects, 28% free, 40MB/56MB, paused 815us total 29.920ms
08-03 23:14:18.236 14236 14255 I art     : Starting a blocking GC Explicit
08-03 23:14:18.239   512  2967 D audio_hw_primary: disable_audio_route: reset and update mixer path: low-latency-playback speaker
08-03 23:14:18.240   512  2967 D audio_hw_primary: disable_snd_device: snd_device(2: speaker)
08-03 23:14:18.249   512  2967 I soundtrigger: audio_extn_sound_trigger_update_device_status: device 0x2 of type 0 for Event 0
08-03 23:14:18.268 14236 14255 I art     : Explicit concurrent mark sweep GC freed 1925(91KB) AllocSpace objects, 2(40KB) LOS objects, 28% free, 40MB/56MB, paused 680us total 32.023ms
08-03 23:14:18.280 14236 14255 I art     : Starting a blocking GC Explicit
08-03 23:14:18.287 15580 15580 D AndroidRuntime: >>>>>> START com.android.internal.os.RuntimeInit uid 2000 <<<<<<
08-03 23:14:18.291 15580 15580 D AndroidRuntime: CheckJNI is OFF
08-03 23:14:18.310 14236 14255 I art     : Explicit concurrent mark sweep GC freed 112(2784B) AllocSpace objects, 0(0B) LOS objects, 28% free, 40MB/56MB, paused 680us total 29.443ms
08-03 23:14:18.322 14236 14255 I art     : Starting a blocking GC Explicit
08-03 23:14:18.325 15580 15580 D ICU     : No timezone override file found: /data/misc/zoneinfo/current/icu/icu_tzdata.dat
08-03 23:14:18.351 14236 14255 I art     : Explicit concurrent mark sweep GC freed 51(896B) AllocSpace objects, 0(0B) LOS objects, 28% free, 40MB/56MB, paused 732us total 29.469ms
08-03 23:14:18.357 15580 15580 I Radio-JNI: register_android_hardware_Radio DONE
08-03 23:14:18.364 14236 14255 I art     : Starting a blocking GC Explicit
08-03 23:14:18.379 15580 15580 D AndroidRuntime: Calling main entry com.android.commands.input.Input
08-03 23:14:18.381 15580 15580 I Input   : injectMotionEvent: MotionEvent { action=ACTION_DOWN, actionButton=0, id[0]=0, x[0]=355.0, y[0]=1674.0, toolType[0]=TOOL_TYPE_UNKNOWN, buttonState=0, metaState=0, flags=0x0, edgeFlags=0x0, pointerCount=1, historySize=0, eventTime=659674793, downTime=659674793, deviceId=0, source=0x1002 }
08-03 23:14:18.386 15580 15580 I Input   : injectMotionEvent: MotionEvent { action=ACTION_UP, actionButton=0, id[0]=0, x[0]=355.0, y[0]=1674.0, toolType[0]=TOOL_TYPE_UNKNOWN, buttonState=0, metaState=0, flags=0x0, edgeFlags=0x0, pointerCount=1, historySize=0, eventTime=659674793, downTime=659674793, deviceId=0, source=0x1002 }
08-03 23:14:18.388 15580 15580 D AndroidRuntime: Shutting down VM
08-03 23:14:18.394 14236 14255 I art     : Explicit concurrent mark sweep GC freed 80(1424B) AllocSpace objects, 0(0B) LOS objects, 28% free, 40MB/56MB, paused 694us total 30.153ms
08-03 23:14:18.404   512  2967 D audio_hw_primary: out_set_parameters: enter: usecase(1: low-latency-playback) kvpairs: routing=2
08-03 23:14:18.406 14236 14255 I art     : Starting a blocking GC Explicit
08-03 23:14:18.418   512  2967 D audio_hw_primary: select_devices: out_snd_device(2: speaker) in_snd_device(0: none)
08-03 23:14:18.418   512  2967 D msm8974_platform: platform_send_audio_calibration: sending audio calibration for snd_device(2) acdb_id(15)
08-03 23:14:18.418   512  2967 I soundtrigger: audio_extn_sound_trigger_update_device_status: device 0x2 of type 0 for Event 1
08-03 23:14:18.427   512  2967 D audio_hw_primary: enable_snd_device: snd_device(2: speaker)
08-03 23:14:18.430   512  2967 D audio_hw_primary: enable_audio_route: apply and update mixer path: low-latency-playback speaker
08-03 23:14:18.437 14236 14255 I art     : Explicit concurrent mark sweep GC freed 472(24KB) AllocSpace objects, 0(0B) LOS objects, 23% free, 51MB/67MB, paused 742us total 30.135ms
08-03 23:14:18.476   512  2967 D AudioFlinger: mixer(0xf4740000) throttle end: throttle time(12)
08-03 23:14:18.742 14236 14750 I art     : Waiting for a blocking GC Explicit
08-03 23:14:18.762 14236 14750 I art     : WaitForGcToComplete blocked for 20.662ms for cause Explicit
08-03 23:14:18.762 14236 14750 I art     : Starting a blocking GC Explicit
08-03 23:14:18.794 14236 14750 I art     : Explicit concurrent mark sweep GC freed 5(192B) AllocSpace objects, 0(0B) LOS objects, 12% free, 115MB/131MB, paused 828us total 31.100ms
08-03 23:14:18.807 14236 14750 I art     : Starting a blocking GC Explicit
08-03 23:14:18.836 14236 14750 I art     : Explicit concurrent mark sweep GC freed 3(96B) AllocSpace objects, 0(0B) LOS objects, 12% free, 115MB/131MB, paused 775us total 28.689ms
08-03 23:14:18.848 14236 14750 I art     : Starting a blocking GC Explicit
08-03 23:14:18.877 14236 14750 I art     : Explicit concurrent mark sweep GC freed 3(96B) AllocSpace objects, 0(0B) LOS objects, 12% free, 115MB/131MB, paused 723us total 28.761ms
08-03 23:14:18.889 14236 14750 I art     : Starting a blocking GC Explicit
08-03 23:14:18.918 14236 14750 I art     : Explicit concurrent mark sweep GC freed 3(96B) AllocSpace objects, 0(0B) LOS objects, 12% free, 115MB/131MB, paused 760us total 28.527ms
08-03 23:14:18.930 14236 14750 I art     : Starting a blocking GC Explicit
08-03 23:14:18.959 14236 14750 I art     : Explicit concurrent mark sweep GC freed 4(128B) AllocSpace objects, 0(0B) LOS objects, 10% free, 134MB/150MB, paused 735us total 28.976ms
08-03 23:14:18.968   512  2967 D audio_hw_primary: disable_audio_route: reset and update mixer path: low-latency-playback speaker
08-03 23:14:18.969   512  2967 D audio_hw_primary: disable_snd_device: snd_device(2: speaker)
08-03 23:14:18.977   512  2967 I soundtrigger: audio_extn_sound_trigger_update_device_status: device 0x2 of type 0 for Event 0
08-03 23:14:19.071 14236 14236 I Choreographer: Skipped 39 frames!  The application may be doing too much work on its main thread.
08-03 23:14:19.072 14236 14236 V MainActivity: url = https://project-travel-mate.herokuapp.com/api/number-of-unread-notifications
08-03 23:14:19.287 14236 14750 I art     : Starting a blocking GC Explicit
08-03 23:14:19.323 14236 14750 I art     : Explicit concurrent mark sweep GC freed 3190(150KB) AllocSpace objects, 11(288KB) LOS objects, 10% free, 134MB/150MB, paused 777us total 35.993ms
08-03 23:14:19.340 14236 14750 I art     : Starting a blocking GC Explicit
08-03 23:14:19.374 14236 14750 I art     : Explicit concurrent mark sweep GC freed 921(53KB) AllocSpace objects, 0(0B) LOS objects, 10% free, 134MB/150MB, paused 688us total 33.295ms
08-03 23:14:19.387 14236 14750 I art     : Starting a blocking GC Explicit
08-03 23:14:19.421 14236 14750 I art     : Explicit concurrent mark sweep GC freed 3(96B) AllocSpace objects, 0(0B) LOS objects, 10% free, 134MB/150MB, paused 794us total 33.897ms
08-03 23:14:19.434 14236 14750 I art     : Starting a blocking GC Explicit
08-03 23:14:19.468 14236 14750 I art     : Explicit concurrent mark sweep GC freed 3(96B) AllocSpace objects, 0(0B) LOS objects, 10% free, 134MB/150MB, paused 795us total 34.143ms
08-03 23:14:19.482 14236 14750 I art     : Starting a blocking GC Explicit
08-03 23:14:19.516 14236 14750 I art     : Explicit concurrent mark sweep GC freed 3(96B) AllocSpace objects, 0(0B) LOS objects, 10% free, 134MB/150MB, paused 762us total 33.681ms
08-03 23:14:19.614 14236 15613 I NAPPA_EXPERIMENTATION: MetricNetworkRequestExecutionTime: REQUEST_DURATION_SYSTEM='542',REQUEST_DURATION_OKHTTP='29',REQUEST_SYNCHRONOUS='FALSE',RESPONSE_CODE='200',RESPONSE_METHOD='GET',RESPONSE_LENGTH_OKHTTP='36',RESPONSE_LENGTH_HEADER='36',REQUEST_PROTOCOL='http/1.1',REQUEST_URL='https://project-travel-mate.herokuapp.com/api/number-of-unread-notifications',
08-03 23:14:19.883 14236 14248 I art     : Starting a blocking GC Explicit
08-03 23:14:19.932 14236 14248 I art     : Explicit concurrent mark sweep GC freed 4237(231KB) AllocSpace objects, 5(236KB) LOS objects, 10% free, 134MB/150MB, paused 865us total 48.460ms
08-03 23:14:19.950 14236 14248 I art     : Starting a blocking GC Explicit
08-03 23:14:19.984 14236 14248 I art     : Explicit concurrent mark sweep GC freed 956(116KB) AllocSpace objects, 0(0B) LOS objects, 10% free, 134MB/150MB, paused 724us total 33.839ms
08-03 23:14:19.997 14236 14248 I art     : Starting a blocking GC Explicit
08-03 23:14:20.032 14236 14248 I art     : Explicit concurrent mark sweep GC freed 3(96B) AllocSpace objects, 0(0B) LOS objects, 10% free, 134MB/150MB, paused 718us total 34.532ms
08-03 23:14:20.045 14236 14248 I art     : Starting a blocking GC Explicit
08-03 23:14:20.079 14236 14248 I art     : Explicit concurrent mark sweep GC freed 3(96B) AllocSpace objects, 0(0B) LOS objects, 10% free, 134MB/150MB, paused 768us total 33.191ms
08-03 23:14:20.092 14236 14248 I art     : Starting a blocking GC Explicit
08-03 23:14:20.127 14236 14248 I art     : Explicit concurrent mark sweep GC freed 3(96B) AllocSpace objects, 0(0B) LOS objects, 10% free, 134MB/150MB, paused 834us total 34.437ms
08-03 23:14:20.511 14236 14250 I art     : Starting a blocking GC Explicit
08-03 23:14:20.551 14236 14250 I art     : Explicit concurrent mark sweep GC freed 1439(83KB) AllocSpace objects, 2(36KB) LOS objects, 10% free, 134MB/150MB, paused 658us total 40.012ms
08-03 23:14:20.564 14236 14250 I art     : Starting a blocking GC Explicit
08-03 23:14:20.597 14236 14250 I art     : Explicit concurrent mark sweep GC freed 42(1840B) AllocSpace objects, 0(0B) LOS objects, 10% free, 134MB/150MB, paused 708us total 32.611ms
08-03 23:14:20.609 14236 14250 I art     : Starting a blocking GC Explicit
08-03 23:14:20.641 14236 14250 I art     : Explicit concurrent mark sweep GC freed 3(96B) AllocSpace objects, 0(0B) LOS objects, 10% free, 134MB/150MB, paused 714us total 30.955ms
08-03 23:14:20.653 14236 14250 I art     : Starting a blocking GC Explicit
08-03 23:14:20.685 14236 14250 I art     : Explicit concurrent mark sweep GC freed 3(96B) AllocSpace objects, 0(0B) LOS objects, 10% free, 134MB/150MB, paused 773us total 31.537ms
08-03 23:14:20.698 14236 14250 I art     : Starting a blocking GC Explicit
08-03 23:14:20.731 14236 14250 I art     : Explicit concurrent mark sweep GC freed 8(256B) AllocSpace objects, 0(0B) LOS objects, 10% free, 134MB/150MB, paused 759us total 32.839ms
08-03 23:14:21.006 15653 15653 D AndroidRuntime: >>>>>> START com.android.internal.os.RuntimeInit uid 2000 <<<<<<
08-03 23:14:21.010 15653 15653 D AndroidRuntime: CheckJNI is OFF
08-03 23:14:21.043 15653 15653 D ICU     : No timezone override file found: /data/misc/zoneinfo/current/icu/icu_tzdata.dat
08-03 23:14:21.078 15653 15653 I Radio-JNI: register_android_hardware_Radio DONE
08-03 23:14:21.086 14236 14250 I art     : Starting a blocking GC Explicit
08-03 23:14:21.099 15653 15653 D AndroidRuntime: Calling main entry com.android.commands.input.Input
08-03 23:14:21.102 15653 15653 I Input   : injectMotionEvent: MotionEvent { action=ACTION_DOWN, actionButton=0, id[0]=0, x[0]=747.0, y[0]=608.0, toolType[0]=TOOL_TYPE_UNKNOWN, buttonState=0, metaState=0, flags=0x0, edgeFlags=0x0, pointerCount=1, historySize=0, eventTime=659677515, downTime=659677515, deviceId=0, source=0x1002 }
08-03 23:14:21.108 15653 15653 I Input   : injectMotionEvent: MotionEvent { action=ACTION_UP, actionButton=0, id[0]=0, x[0]=747.0, y[0]=608.0, toolType[0]=TOOL_TYPE_UNKNOWN, buttonState=0, metaState=0, flags=0x0, edgeFlags=0x0, pointerCount=1, historySize=0, eventTime=659677515, downTime=659677515, deviceId=0, source=0x1002 }
08-03 23:14:21.109 15653 15653 D AndroidRuntime: Shutting down VM
08-03 23:14:21.111   512  2967 D audio_hw_primary: out_set_parameters: enter: usecase(1: low-latency-playback) kvpairs: routing=2
08-03 23:14:21.124   512  2967 D audio_hw_primary: select_devices: out_snd_device(2: speaker) in_snd_device(0: none)
08-03 23:14:21.124   512  2967 D msm8974_platform: platform_send_audio_calibration: sending audio calibration for snd_device(2) acdb_id(15)
08-03 23:14:21.124   512  2967 I soundtrigger: audio_extn_sound_trigger_update_device_status: device 0x2 of type 0 for Event 1
08-03 23:14:21.134   918  3961 I ActivityManager: START u0 {cmp=baseline.io.github.project_travel_mate/.utilities.ChecklistActivity} from uid 10650 on display 0
08-03 23:14:21.137   512  2967 D audio_hw_primary: enable_snd_device: snd_device(2: speaker)
08-03 23:14:21.139   512  2967 D audio_hw_primary: enable_audio_route: apply and update mixer path: low-latency-playback speaker
08-03 23:14:21.154 14236 14250 I art     : Explicit concurrent mark sweep GC freed 1469(88KB) AllocSpace objects, 2(36KB) LOS objects, 10% free, 134MB/150MB, paused 17.888ms total 68.343ms
08-03 23:14:21.168 14236 14250 I art     : Starting a blocking GC Explicit
08-03 23:14:21.224 14236 14250 W art     : Suspending all threads took: 22.979ms
08-03 23:14:21.226 14236 14250 I art     : Explicit concurrent mark sweep GC freed 383(38KB) AllocSpace objects, 0(0B) LOS objects, 10% free, 134MB/150MB, paused 24.148ms total 57.512ms
08-03 23:14:21.239 14236 14250 I art     : Starting a blocking GC Explicit
08-03 23:14:21.271 14236 14250 I art     : Explicit concurrent mark sweep GC freed 378(35KB) AllocSpace objects, 0(0B) LOS objects, 10% free, 134MB/150MB, paused 1.727ms total 31.942ms
08-03 23:14:21.284 14236 14250 I art     : Starting a blocking GC Explicit
08-03 23:14:21.318 14236 14250 I art     : Explicit concurrent mark sweep GC freed 352(31KB) AllocSpace objects, 0(0B) LOS objects, 10% free, 134MB/150MB, paused 1.464ms total 34.108ms
08-03 23:14:21.333 14236 14250 I art     : Starting a blocking GC Explicit
08-03 23:14:21.369 14236 14250 I art     : Explicit concurrent mark sweep GC freed 630(76KB) AllocSpace objects, 1(20KB) LOS objects, 10% free, 135MB/151MB, paused 1.190ms total 35.684ms
08-03 23:14:21.448   918   936 I ActivityManager: Displayed baseline.io.github.project_travel_mate/.utilities.ChecklistActivity: +290ms
08-03 23:14:21.450 13866 13866 I GoogleInputMethodServic: GoogleInputMethodService.onFinishInput():3138 
08-03 23:14:21.450 13866 13866 I GoogleInputMethodServic: GoogleInputMethodService.onStartInput():1808 
08-03 23:14:21.540 13866 13866 I ShortcutsDataManager: ShortcutsDataManager.onContentChanged():89 onContentChanged()
08-03 23:14:21.669   512  2967 D audio_hw_primary: disable_audio_route: reset and update mixer path: low-latency-playback speaker
08-03 23:14:21.670   512  2967 D audio_hw_primary: disable_snd_device: snd_device(2: speaker)
08-03 23:14:21.680   512  2967 I soundtrigger: audio_extn_sound_trigger_update_device_status: device 0x2 of type 0 for Event 0
08-03 23:14:21.707 14236 14250 I art     : Starting a blocking GC Explicit
08-03 23:14:21.762 14236 14250 I art     : Explicit concurrent mark sweep GC freed 107138(4MB) AllocSpace objects, 2(36KB) LOS objects, 10% free, 136MB/152MB, paused 2.349ms total 54.661ms
08-03 23:14:21.777 14236 14250 I art     : Starting a blocking GC Explicit
08-03 23:14:21.819 14236 14250 I art     : Explicit concurrent mark sweep GC freed 29293(1316KB) AllocSpace objects, 0(0B) LOS objects, 10% free, 136MB/152MB, paused 1.464ms total 41.159ms
08-03 23:14:21.833 14236 14250 I art     : Starting a blocking GC Explicit
08-03 23:14:21.870 14236 14250 I art     : Explicit concurrent mark sweep GC freed 8857(384KB) AllocSpace objects, 0(0B) LOS objects, 10% free, 136MB/152MB, paused 976us total 36.794ms
08-03 23:14:21.884 14236 14250 I art     : Starting a blocking GC Explicit
08-03 23:14:21.910 13866 13866 I GoogleInputMethodServic: GoogleInputMethodService.onFinishInput():3138 
08-03 23:14:21.911 13866 13866 I GoogleInputMethodServic: GoogleInputMethodService.onStartInput():1808 
08-03 23:14:21.911 13866 13866 I ShortcutsDataManager: AbstractContentDataManager.startImportContentTask():208 startImportContentTask()
08-03 23:14:21.912 13866 13938 I ShortcutsDataManager: AbstractContentDataManager$ImportContentTask.doInBackground():222 doInBackground()
08-03 23:14:21.912 13866 13938 I PersonalDictionaryDataH: PersonalDictionaryDataHandler.beginProcess():111 LanguageTags = [en-US]
08-03 23:14:21.920 14236 14250 I art     : Explicit concurrent mark sweep GC freed 428(31KB) AllocSpace objects, 0(0B) LOS objects, 10% free, 136MB/152MB, paused 1.093ms total 36.541ms
08-03 23:14:21.923 13866 13938 I ShortcutsDataManager: AbstractContentDataManager.importRecords():312 importRecords() : Success : Count = 0
08-03 23:14:21.930 13866 13938 I ShortcutsDataManager: AbstractContentDataManager.importContentData():262 importContentData() : Ending import process
08-03 23:14:21.936 14236 14250 I art     : Starting a blocking GC Explicit
08-03 23:14:21.938   380   380 W SurfaceFlinger: couldn't log to binary event log: overflow.
08-03 23:14:21.974 13866 13938 I PersonalLanguageModelUp: PersonalLanguageModelUpdater$UpdateOperation.performInternal():160 run() : Added 0 words and 0 shortcuts
08-03 23:14:21.974 13866 13938 I DynamicLanguageModelOpe: DynamicLanguageModelOperation.perform():37 perform() : 4 : coc : Completed
08-03 23:14:21.974 13866 13950 I Delight5Decoder: Delight5DecoderWrapper.loadLanguageModel():578 loadLanguageModel() : 4, version [n/a]
08-03 23:14:21.975 14236 14250 I art     : Explicit concurrent mark sweep GC freed 76(3KB) AllocSpace objects, 0(0B) LOS objects, 10% free, 136MB/152MB, paused 1.046ms total 38.619ms
08-03 23:14:21.975 13866 13866 I ShortcutsDataManager: AbstractContentDataManager$ImportContentTask.onPostExecute():233 onPostExecute() : Result = [2,0]
08-03 23:14:21.975 13866 13866 I ShortcutsDataManager: ShortcutsDataManager.onImportFinished():99 onImportFinished() : Result = 2 : Count = 0
08-03 23:14:21.976 13866 13950 I Delight5Decoder: Delight5DecoderWrapper.loadLanguageModel():616 Loaded dynamic LM 4.en
08-03 23:14:22.322 14236 14250 I art     : Starting a blocking GC Explicit
08-03 23:14:22.329 13652 13652 I ServiceManager: Waiting for service AtCmdFwd...
08-03 23:14:22.376 14236 14250 I art     : Explicit concurrent mark sweep GC freed 1828(101KB) AllocSpace objects, 2(36KB) LOS objects, 10% free, 136MB/152MB, paused 1.130ms total 53.545ms
08-03 23:14:22.395 14236 14250 I art     : Starting a blocking GC Explicit
08-03 23:14:22.439 14236 14250 I art     : Explicit concurrent mark sweep GC freed 28(1024B) AllocSpace objects, 0(0B) LOS objects, 10% free, 136MB/152MB, paused 1.095ms total 43.078ms
08-03 23:14:22.454 14236 14250 I art     : Starting a blocking GC Explicit
08-03 23:14:22.497 14236 14250 I art     : Explicit concurrent mark sweep GC freed 3(96B) AllocSpace objects, 0(0B) LOS objects, 10% free, 136MB/152MB, paused 1.021ms total 42.617ms
08-03 23:14:22.511 14236 14250 I art     : Starting a blocking GC Explicit
08-03 23:14:22.554 14236 14250 I art     : Explicit concurrent mark sweep GC freed 3(96B) AllocSpace objects, 0(0B) LOS objects, 10% free, 136MB/152MB, paused 1.029ms total 42.084ms
08-03 23:14:22.569 14236 14250 I art     : Starting a blocking GC Explicit
08-03 23:14:22.612 14236 14250 I art     : Explicit concurrent mark sweep GC freed 3(96B) AllocSpace objects, 0(0B) LOS objects, 10% free, 136MB/152MB, paused 1.030ms total 43.158ms
08-03 23:14:23.004 14236 14248 I art     : Starting a blocking GC Explicit
08-03 23:14:23.059 14236 14248 I art     : Explicit concurrent mark sweep GC freed 1582(92KB) AllocSpace objects, 2(36KB) LOS objects, 10% free, 136MB/152MB, paused 1.110ms total 54.805ms
08-03 23:14:23.079 14236 14248 I art     : Starting a blocking GC Explicit
08-03 23:14:23.127 14236 14248 I art     : Explicit concurrent mark sweep GC freed 28(1024B) AllocSpace objects, 0(0B) LOS objects, 10% free, 136MB/152MB, paused 970us total 47.701ms
08-03 23:14:23.141 14236 14248 I art     : Starting a blocking GC Explicit
08-03 23:14:23.183 14236 14248 I art     : Explicit concurrent mark sweep GC freed 3(96B) AllocSpace objects, 0(0B) LOS objects, 10% free, 136MB/152MB, paused 1.118ms total 41.863ms
08-03 23:14:23.198 14236 14248 I art     : Starting a blocking GC Explicit
08-03 23:14:23.242 14236 14248 I art     : Explicit concurrent mark sweep GC freed 15(752B) AllocSpace objects, 0(0B) LOS objects, 10% free, 136MB/152MB, paused 975us total 43.568ms
08-03 23:14:23.257 14236 14248 I art     : Starting a blocking GC Explicit
08-03 23:14:23.298 14236 14248 I art     : Explicit concurrent mark sweep GC freed 60(4KB) AllocSpace objects, 0(0B) LOS objects, 10% free, 136MB/152MB, paused 1.047ms total 41.095ms
08-03 23:14:23.330 13652 13652 I ServiceManager: Waiting for service AtCmdFwd...
08-03 23:14:23.713 14236 14255 I art     : Starting a blocking GC Explicit
08-03 23:14:23.768 14236 14255 I art     : Explicit concurrent mark sweep GC freed 1585(92KB) AllocSpace objects, 2(36KB) LOS objects, 10% free, 136MB/152MB, paused 1.043ms total 54.609ms
08-03 23:14:23.782 14236 14255 I art     : Starting a blocking GC Explicit
08-03 23:14:23.825 14236 14255 I art     : Explicit concurrent mark sweep GC freed 28(1024B) AllocSpace objects, 0(0B) LOS objects, 10% free, 136MB/152MB, paused 1.031ms total 42.878ms
08-03 23:14:23.840 14236 14255 I art     : Starting a blocking GC Explicit
08-03 23:14:23.883 14236 14255 I art     : Explicit concurrent mark sweep GC freed 3(96B) AllocSpace objects, 0(0B) LOS objects, 10% free, 136MB/152MB, paused 996us total 42.621ms
08-03 23:14:23.898 14236 14255 I art     : Starting a blocking GC Explicit
08-03 23:14:23.941 14236 14255 I art     : Explicit concurrent mark sweep GC freed 3(96B) AllocSpace objects, 0(0B) LOS objects, 10% free, 136MB/152MB, paused 1.027ms total 43.146ms
08-03 23:14:23.956 14236 14255 I art     : Starting a blocking GC Explicit
08-03 23:14:24.000 14236 14255 I art     : Explicit concurrent mark sweep GC freed 3(96B) AllocSpace objects, 0(0B) LOS objects, 10% free, 136MB/152MB, paused 1.055ms total 43.223ms
08-03 23:14:24.330 13652 13652 I ServiceManager: Waiting for service AtCmdFwd...
08-03 23:14:24.387 14236 14750 I art     : Starting a blocking GC Explicit
08-03 23:14:24.441 14236 14750 I art     : Explicit concurrent mark sweep GC freed 1631(93KB) AllocSpace objects, 2(36KB) LOS objects, 10% free, 136MB/152MB, paused 1.197ms total 54.070ms
08-03 23:14:24.460 14236 14750 I art     : Starting a blocking GC Explicit
08-03 23:14:24.503 14236 14750 I art     : Explicit concurrent mark sweep GC freed 38(1568B) AllocSpace objects, 0(0B) LOS objects, 10% free, 136MB/152MB, paused 959us total 42.244ms
08-03 23:14:24.518 14236 14750 I art     : Starting a blocking GC Explicit
08-03 23:14:24.561 14236 14750 I art     : Explicit concurrent mark sweep GC freed 3(96B) AllocSpace objects, 0(0B) LOS objects, 10% free, 136MB/152MB, paused 953us total 43.295ms
08-03 23:14:24.576 14236 14750 I art     : Starting a blocking GC Explicit
08-03 23:14:24.620 14236 14750 I art     : Explicit concurrent mark sweep GC freed 3(96B) AllocSpace objects, 0(0B) LOS objects, 10% free, 136MB/152MB, paused 1.003ms total 43.438ms
08-03 23:14:24.634 14236 14750 I art     : Starting a blocking GC Explicit
08-03 23:14:24.677 14236 14750 I art     : Explicit concurrent mark sweep GC freed 3(96B) AllocSpace objects, 0(0B) LOS objects, 10% free, 136MB/152MB, paused 1.103ms total 42.831ms
08-03 23:14:25.089 14236 14250 I art     : Starting a blocking GC Explicit
08-03 23:14:25.147 14236 14250 I art     : Explicit concurrent mark sweep GC freed 1583(92KB) AllocSpace objects, 2(36KB) LOS objects, 10% free, 136MB/152MB, paused 1.106ms total 56.648ms
08-03 23:14:25.164 14236 14250 I art     : Starting a blocking GC Explicit
08-03 23:14:25.208 14236 14250 I art     : Explicit concurrent mark sweep GC freed 28(1024B) AllocSpace objects, 0(0B) LOS objects, 10% free, 136MB/152MB, paused 1.111ms total 43.633ms
08-03 23:14:25.222 14236 14250 I art     : Starting a blocking GC Explicit
08-03 23:14:25.265 14236 14250 I art     : Explicit concurrent mark sweep GC freed 3(96B) AllocSpace objects, 0(0B) LOS objects, 10% free, 136MB/152MB, paused 939us total 42.556ms
08-03 23:14:25.280 14236 14250 I art     : Starting a blocking GC Explicit
08-03 23:14:25.322 14236 14250 I art     : Explicit concurrent mark sweep GC freed 42(1136B) AllocSpace objects, 0(0B) LOS objects, 10% free, 136MB/152MB, paused 1.027ms total 41.526ms
08-03 23:14:25.332 13652 13652 I ServiceManager: Waiting for service AtCmdFwd...
08-03 23:14:25.336 14236 14250 I art     : Starting a blocking GC Explicit
08-03 23:14:25.377 14236 14250 I art     : Explicit concurrent mark sweep GC freed 3(96B) AllocSpace objects, 0(0B) LOS objects, 10% free, 136MB/152MB, paused 1.056ms total 40.884ms
08-03 23:14:25.756 14236 14248 I art     : Starting a blocking GC Explicit
08-03 23:14:25.784 15755 15755 D AndroidRuntime: >>>>>> START com.android.internal.os.RuntimeInit uid 2000 <<<<<<
08-03 23:14:25.789 15755 15755 D AndroidRuntime: CheckJNI is OFF
08-03 23:14:25.799 14236 14248 I art     : Explicit concurrent mark sweep GC freed 1584(92KB) AllocSpace objects, 2(36KB) LOS objects, 10% free, 136MB/152MB, paused 1.113ms total 42.660ms
08-03 23:14:25.814 14236 14248 I art     : Starting a blocking GC Explicit
08-03 23:14:25.826 15755 15755 D ICU     : No timezone override file found: /data/misc/zoneinfo/current/icu/icu_tzdata.dat
08-03 23:14:25.855 14236 14248 I art     : Explicit concurrent mark sweep GC freed 28(1024B) AllocSpace objects, 0(0B) LOS objects, 10% free, 136MB/152MB, paused 1.039ms total 41.313ms
08-03 23:14:25.865 15755 15755 I Radio-JNI: register_android_hardware_Radio DONE
08-03 23:14:25.870 14236 14248 I art     : Starting a blocking GC Explicit
08-03 23:14:25.887 15755 15755 D AndroidRuntime: Calling main entry com.android.commands.input.Input
08-03 23:14:25.888 15755 15755 I Input   : injectKeyEvent: KeyEvent { action=ACTION_DOWN, keyCode=KEYCODE_BACK, scanCode=0, metaState=0, flags=0x0, repeatCount=0, eventTime=659682301, downTime=659682301, deviceId=-1, source=0x101 }
08-03 23:14:25.894 15755 15755 I Input   : injectKeyEvent: KeyEvent { action=ACTION_UP, keyCode=KEYCODE_BACK, scanCode=0, metaState=0, flags=0x0, repeatCount=0, eventTime=659682301, downTime=659682301, deviceId=-1, source=0x101 }
08-03 23:14:25.900 15755 15755 D AndroidRuntime: Shutting down VM
08-03 23:14:25.907 14236 14248 I art     : Explicit concurrent mark sweep GC freed 45(1776B) AllocSpace objects, 0(0B) LOS objects, 10% free, 136MB/152MB, paused 1.345ms total 37.104ms
08-03 23:14:25.909 14236 14236 V MainActivity: url = https://project-travel-mate.herokuapp.com/api/number-of-unread-notifications
08-03 23:14:25.930 14236 14248 I art     : Starting a blocking GC Explicit
08-03 23:14:25.945 13866 13866 I GoogleInputMethodServic: GoogleInputMethodService.onFinishInput():3138 
08-03 23:14:25.945 13866 13866 I GoogleInputMethodServic: GoogleInputMethodService.onStartInput():1808 
08-03 23:14:25.967 14236 14248 I art     : Explicit concurrent mark sweep GC freed 313(12KB) AllocSpace objects, 0(0B) LOS objects, 10% free, 136MB/152MB, paused 1.085ms total 36.639ms
08-03 23:14:25.985 14236 14248 I art     : Starting a blocking GC Explicit
08-03 23:14:26.022 14236 14248 I art     : Explicit concurrent mark sweep GC freed 125(6KB) AllocSpace objects, 0(0B) LOS objects, 10% free, 136MB/152MB, paused 1.042ms total 36.532ms
08-03 23:14:26.227   380   380 W SurfaceFlinger: couldn't log to binary event log: overflow.
08-03 23:14:26.333 13652 13652 I ServiceManager: Waiting for service AtCmdFwd...
08-03 23:14:26.351 14236 14750 I art     : Starting a blocking GC Explicit
08-03 23:14:26.395 14236 14750 I art     : Explicit concurrent mark sweep GC freed 2160(117KB) AllocSpace objects, 2(36KB) LOS objects, 10% free, 136MB/152MB, paused 1.100ms total 43.325ms
08-03 23:14:26.409 14236 14750 I art     : Starting a blocking GC Explicit
08-03 23:14:26.454 14236 14750 I art     : Explicit concurrent mark sweep GC freed 3158(178KB) AllocSpace objects, 4(224KB) LOS objects, 10% free, 136MB/152MB, paused 1.438ms total 44.020ms
08-03 23:14:26.469 14236 14750 I art     : Starting a blocking GC Explicit
08-03 23:14:26.483 14236 15778 I NAPPA_EXPERIMENTATION: MetricNetworkRequestExecutionTime: REQUEST_DURATION_SYSTEM='573',REQUEST_DURATION_OKHTTP='33',REQUEST_SYNCHRONOUS='FALSE',RESPONSE_CODE='200',RESPONSE_METHOD='GET',RESPONSE_LENGTH_OKHTTP='36',RESPONSE_LENGTH_HEADER='36',REQUEST_PROTOCOL='http/1.1',REQUEST_URL='https://project-travel-mate.herokuapp.com/api/number-of-unread-notifications',
08-03 23:14:26.512 14236 14750 I art     : Explicit concurrent mark sweep GC freed 1046(126KB) AllocSpace objects, 0(0B) LOS objects, 10% free, 136MB/152MB, paused 1.103ms total 43.321ms
08-03 23:14:26.527 14236 14750 I art     : Starting a blocking GC Explicit
08-03 23:14:26.571 14236 14750 I art     : Explicit concurrent mark sweep GC freed 52(2160B) AllocSpace objects, 0(0B) LOS objects, 10% free, 136MB/152MB, paused 1.175ms total 44.361ms
08-03 23:14:26.586 14236 14750 I art     : Starting a blocking GC Explicit
08-03 23:14:26.631 14236 14750 I art     : Explicit concurrent mark sweep GC freed 86(3KB) AllocSpace objects, 0(0B) LOS objects, 10% free, 136MB/152MB, paused 1.113ms total 44.526ms
08-03 23:14:26.998 14236 14250 I art     : Starting a blocking GC Explicit
08-03 23:14:27.048 14236 14250 I art     : Explicit concurrent mark sweep GC freed 1593(92KB) AllocSpace objects, 2(36KB) LOS objects, 10% free, 136MB/152MB, paused 1.219ms total 49.928ms
08-03 23:14:27.063 14236 14250 I art     : Starting a blocking GC Explicit
08-03 23:14:27.108 14236 14250 I art     : Explicit concurrent mark sweep GC freed 39(1600B) AllocSpace objects, 0(0B) LOS objects, 10% free, 136MB/152MB, paused 1.175ms total 44.616ms
08-03 23:14:27.123 14236 14250 I art     : Starting a blocking GC Explicit
08-03 23:14:27.163 14236 14250 I art     : Explicit concurrent mark sweep GC freed 3(96B) AllocSpace objects, 0(0B) LOS objects, 10% free, 136MB/152MB, paused 1.116ms total 39.374ms
08-03 23:14:27.177 14236 14250 I art     : Starting a blocking GC Explicit
08-03 23:14:27.217 14236 14250 I art     : Explicit concurrent mark sweep GC freed 3(96B) AllocSpace objects, 0(0B) LOS objects, 10% free, 136MB/152MB, paused 1.172ms total 40.214ms
08-03 23:14:27.231 14236 14250 I art     : Starting a blocking GC Explicit
08-03 23:14:27.272 14236 14250 I art     : Explicit concurrent mark sweep GC freed 3(96B) AllocSpace objects, 0(0B) LOS objects, 10% free, 136MB/152MB, paused 1.102ms total 40.713ms
08-03 23:14:27.333 13652 13652 W Atfwd_Sendcmd: AtCmdFwd service not published, waiting... retryCnt : 4
08-03 23:14:27.548 15801 15801 D AndroidRuntime: >>>>>> START com.android.internal.os.RuntimeInit uid 2000 <<<<<<
08-03 23:14:27.555 15801 15801 D AndroidRuntime: CheckJNI is OFF
08-03 23:14:27.597 15801 15801 D ICU     : No timezone override file found: /data/misc/zoneinfo/current/icu/icu_tzdata.dat
08-03 23:14:27.629 15801 15801 I Radio-JNI: register_android_hardware_Radio DONE
08-03 23:14:27.635 14236 14250 I art     : Starting a blocking GC Explicit
08-03 23:14:27.653 15801 15801 D AndroidRuntime: Calling main entry com.android.commands.input.Input
08-03 23:14:27.655 15801 15801 I Input   : injectMotionEvent: MotionEvent { action=ACTION_DOWN, actionButton=0, id[0]=0, x[0]=657.0, y[0]=2037.0, toolType[0]=TOOL_TYPE_UNKNOWN, buttonState=0, metaState=0, flags=0x0, edgeFlags=0x0, pointerCount=1, historySize=0, eventTime=659684068, downTime=659684068, deviceId=0, source=0x1002 }
08-03 23:14:27.659 15801 15801 I Input   : injectMotionEvent: MotionEvent { action=ACTION_UP, actionButton=0, id[0]=0, x[0]=657.0, y[0]=2037.0, toolType[0]=TOOL_TYPE_UNKNOWN, buttonState=0, metaState=0, flags=0x0, edgeFlags=0x0, pointerCount=1, historySize=0, eventTime=659684068, downTime=659684068, deviceId=0, source=0x1002 }
08-03 23:14:27.660 15801 15801 D AndroidRuntime: Shutting down VM
08-03 23:14:27.664   918   928 I ActivityManager: START u0 {cmp=baseline.io.github.project_travel_mate/.utilities.CompassActivity} from uid 10650 on display 0
08-03 23:14:27.666   512  2967 D audio_hw_primary: out_set_parameters: enter: usecase(1: low-latency-playback) kvpairs: routing=2
08-03 23:14:27.678   512  2967 D audio_hw_primary: select_devices: out_snd_device(2: speaker) in_snd_device(0: none)
08-03 23:14:27.678 14236 14250 I art     : Explicit concurrent mark sweep GC freed 1653(97KB) AllocSpace objects, 2(36KB) LOS objects, 10% free, 136MB/152MB, paused 1.220ms total 43.595ms
08-03 23:14:27.678   512  2967 D msm8974_platform: platform_send_audio_calibration: sending audio calibration for snd_device(2) acdb_id(15)
08-03 23:14:27.679   512  2967 I soundtrigger: audio_extn_sound_trigger_update_device_status: device 0x2 of type 0 for Event 1
08-03 23:14:27.690   512  2967 D audio_hw_primary: enable_snd_device: snd_device(2: speaker)
08-03 23:14:27.692   512  2967 D audio_hw_primary: enable_audio_route: apply and update mixer path: low-latency-playback speaker
08-03 23:14:27.695 14236 14250 I art     : Starting a blocking GC Explicit
08-03 23:14:27.735 14236 14250 I art     : Explicit concurrent mark sweep GC freed 337(37KB) AllocSpace objects, 0(0B) LOS objects, 10% free, 136MB/152MB, paused 1.119ms total 40.016ms
08-03 23:14:27.749 14236 14250 I art     : Starting a blocking GC Explicit
08-03 23:14:27.787 14236 14250 I art     : Explicit concurrent mark sweep GC freed 145(6KB) AllocSpace objects, 0(0B) LOS objects, 7% free, 185MB/201MB, paused 1.191ms total 38.182ms
08-03 23:14:27.801 14236 14250 I art     : Starting a blocking GC Explicit
08-03 23:14:27.842 14236 14250 I art     : Explicit concurrent mark sweep GC freed 19(960B) AllocSpace objects, 0(0B) LOS objects, 7% free, 185MB/201MB, paused 1.209ms total 40.335ms
08-03 23:14:27.856 14236 14250 I art     : Starting a blocking GC Explicit
08-03 23:14:27.895 14236 14250 I art     : Explicit concurrent mark sweep GC freed 3(96B) AllocSpace objects, 0(0B) LOS objects, 7% free, 185MB/201MB, paused 1.156ms total 38.126ms
08-03 23:14:28.099 14236 14236 D CompassActivity: start compass
08-03 23:14:28.100   918  6111 I sensors : batch
08-03 23:14:28.100   918  6111 I sensors : activate
08-03 23:14:28.101   918  5952 I sensors : batch
08-03 23:14:28.101   918  5952 I sensors : activate
08-03 23:14:28.107   918  3188 I hubconnection: sensorhub said: 'batch 1 flags:0, sampling_rate_Hz:50.00, max_report_latency_us:0'
08-03 23:14:28.108   918  3188 I hubconnection: sensorhub said: 'activate 1 enable:1'
08-03 23:14:28.109   918  3188 I hubconnection: sensorhub said: 'batch 3 flags:0, sampling_rate_Hz:50.00, max_report_latency_us:0'
08-03 23:14:28.110   918  3188 I hubconnection: sensorhub said: 'activate 3 enable:1'
08-03 23:14:28.215 14236 14750 I art     : Starting a blocking GC Explicit
08-03 23:14:28.229   512  2967 D audio_hw_primary: disable_audio_route: reset and update mixer path: low-latency-playback speaker
08-03 23:14:28.230   512  2967 D audio_hw_primary: disable_snd_device: snd_device(2: speaker)
08-03 23:14:28.237   512  2967 I soundtrigger: audio_extn_sound_trigger_update_device_status: device 0x2 of type 0 for Event 0
08-03 23:14:28.258   918   936 I ActivityManager: Displayed baseline.io.github.project_travel_mate/.utilities.CompassActivity: +579ms
08-03 23:14:28.259 13866 13866 I GoogleInputMethodServic: GoogleInputMethodService.onFinishInput():3138 
08-03 23:14:28.259 13866 13866 I GoogleInputMethodServic: GoogleInputMethodService.onStartInput():1808 
08-03 23:14:28.275 14236 14750 I art     : Explicit concurrent mark sweep GC freed 1817(103KB) AllocSpace objects, 2(36KB) LOS objects, 7% free, 188MB/204MB, paused 1.040ms total 59.847ms
08-03 23:14:28.290 14236 14750 I art     : Starting a blocking GC Explicit
08-03 23:14:28.329 14236 14236 D CompassActivity: will set rotation from 0.0 to 177.7732
08-03 23:14:28.330 14236 14236 D CompassActivity: will set rotation from 177.7732 to 177.67847
08-03 23:14:28.330 14236 14236 D CompassActivity: will set rotation from 177.67847 to 177.67963
08-03 23:14:28.330 14236 14236 D CompassActivity: will set rotation from 177.67963 to 177.75037
08-03 23:14:28.330 14236 14236 D CompassActivity: will set rotation from 177.75037 to 177.76117
08-03 23:14:28.330 14236 14236 D CompassActivity: will set rotation from 177.76117 to 177.5716
08-03 23:14:28.330 14236 14236 D CompassActivity: will set rotation from 177.5716 to 177.5697
08-03 23:14:28.333 14236 14750 I art     : Explicit concurrent mark sweep GC freed 147(7KB) AllocSpace objects, 0(0B) LOS objects, 7% free, 188MB/204MB, paused 1.220ms total 43.043ms
08-03 23:14:28.343 14236 14236 D CompassActivity: will set rotation from 177.5697 to 177.6449
08-03 23:14:28.343 14236 14236 D CompassActivity: will set rotation from 177.6449 to 177.64508
08-03 23:14:28.346 14236 14750 I art     : Starting a blocking GC Explicit
08-03 23:14:28.364 14236 14236 D CompassActivity: will set rotation from 177.64508 to 177.79358
08-03 23:14:28.365 14236 14236 D CompassActivity: will set rotation from 177.79358 to 177.79822
08-03 23:14:28.383 14236 14236 D CompassActivity: will set rotation from 177.79822 to 177.76172
08-03 23:14:28.384 14236 14236 D CompassActivity: will set rotation from 177.76172 to 177.7616
08-03 23:14:28.385 14236 14750 I art     : Explicit concurrent mark sweep GC freed 108(6KB) AllocSpace objects, 0(0B) LOS objects, 7% free, 188MB/204MB, paused 1.108ms total 38.561ms
08-03 23:14:28.398 14236 14750 I art     : Starting a blocking GC Explicit
08-03 23:14:28.402 14236 14236 D CompassActivity: will set rotation from 177.7616 to 177.86353
08-03 23:14:28.403 14236 14236 D CompassActivity: will set rotation from 177.86353 to 177.87146
08-03 23:14:28.423 14236 14236 D CompassActivity: will set rotation from 177.87146 to 177.89862
08-03 23:14:28.423 14236 14236 D CompassActivity: will set rotation from 177.89862 to 177.90454
08-03 23:14:28.436 14236 14750 I art     : Explicit concurrent mark sweep GC freed 92(4KB) AllocSpace objects, 0(0B) LOS objects, 7% free, 188MB/204MB, paused 962us total 37.800ms
08-03 23:14:28.443 14236 14236 D CompassActivity: will set rotation from 177.90454 to 177.92938
08-03 23:14:28.443 14236 14236 D CompassActivity: will set rotation from 177.92938 to 177.92676
08-03 23:14:28.450 14236 14750 I art     : Starting a blocking GC Explicit
08-03 23:14:28.463 14236 14236 D CompassActivity: will set rotation from 177.92676 to 177.93616
08-03 23:14:28.463 14236 14236 D CompassActivity: will set rotation from 177.93616 to 177.9331
08-03 23:14:28.484 14236 14236 D CompassActivity: will set rotation from 177.9331 to 177.98853
08-03 23:14:28.484 14236 14236 D CompassActivity: will set rotation from 177.98853 to 177.98389
08-03 23:14:28.501 14236 14750 I art     : Explicit concurrent mark sweep GC freed 123(6KB) AllocSpace objects, 0(0B) LOS objects, 7% free, 188MB/204MB, paused 1.203ms total 50.468ms
08-03 23:14:28.503 14236 14236 D CompassActivity: will set rotation from 177.98389 to 178.03925
08-03 23:14:28.504 14236 14236 D CompassActivity: will set rotation from 178.03925 to 178.03516
08-03 23:14:28.513   380   380 W SurfaceFlinger: couldn't log to binary event log: overflow.
08-03 23:14:28.523 14236 14236 D CompassActivity: will set rotation from 178.03516 to 178.07837
08-03 23:14:28.525 14236 14236 D CompassActivity: will set rotation from 178.07837 to 178.07764
08-03 23:14:28.543 14236 14236 D CompassActivity: will set rotation from 178.07764 to 178.07819
08-03 23:14:28.543 14236 14236 D CompassActivity: will set rotation from 178.07819 to 178.07751
08-03 23:14:28.562 14236 14236 D CompassActivity: will set rotation from 178.07751 to 178.15991
08-03 23:14:28.562 14236 14236 D CompassActivity: will set rotation from 178.15991 to 178.15955
08-03 23:14:28.582 14236 14236 D CompassActivity: will set rotation from 178.15955 to 178.2638
08-03 23:14:28.582 14236 14236 D CompassActivity: will set rotation from 178.2638 to 178.26514
08-03 23:14:28.602 14236 14236 D CompassActivity: will set rotation from 178.26514 to 178.32727
08-03 23:14:28.602 14236 14236 D CompassActivity: will set rotation from 178.32727 to 178.32867
08-03 23:14:28.622 14236 14236 D CompassActivity: will set rotation from 178.32867 to 178.3811
08-03 23:14:28.623 14236 14236 D CompassActivity: will set rotation from 178.3811 to 178.38385
08-03 23:14:28.642 14236 14236 D CompassActivity: will set rotation from 178.38385 to 178.46082
08-03 23:14:28.642 14236 14236 D CompassActivity: will set rotation from 178.46082 to 178.46545
08-03 23:14:28.732 14236 14236 D CompassActivity: will set rotation from 178.46545 to 178.53986
08-03 23:14:28.733 14236 14236 D CompassActivity: will set rotation from 178.53986 to 178.5393
08-03 23:14:28.733 14236 14236 D CompassActivity: will set rotation from 178.5393 to 178.54724
08-03 23:14:28.733 14236 14236 D CompassActivity: will set rotation from 178.54724 to 178.54675
08-03 23:14:28.733 14236 14236 D CompassActivity: will set rotation from 178.54675 to 178.58118
08-03 23:14:28.733 14236 14236 D CompassActivity: will set rotation from 178.58118 to 178.58057
08-03 23:14:28.733 14236 14236 D CompassActivity: will set rotation from 178.58057 to 178.66779
08-03 23:14:28.733 14236 14236 D CompassActivity: will set rotation from 178.66779 to 178.66974
08-03 23:14:28.746 14236 14236 D CompassActivity: will set rotation from 178.66974 to 178.63489
08-03 23:14:28.746 14236 14236 D CompassActivity: will set rotation from 178.63489 to 178.6336
08-03 23:14:28.761 14236 14236 D CompassActivity: will set rotation from 178.6336 to 178.60266
08-03 23:14:28.762 14236 14236 D CompassActivity: will set rotation from 178.60266 to 178.60095
08-03 23:14:28.781 14236 14236 D CompassActivity: will set rotation from 178.60095 to 178.5968
08-03 23:14:28.782 14236 14236 D CompassActivity: will set rotation from 178.5968 to 178.59912
08-03 23:14:28.801 14236 14236 D CompassActivity: will set rotation from 178.59912 to 178.59857
08-03 23:14:28.801 14236 14236 D CompassActivity: will set rotation from 178.59857 to 178.60089
08-03 23:14:28.821 14236 14236 D CompassActivity: will set rotation from 178.60089 to 178.57361
08-03 23:14:28.821 14236 14236 D CompassActivity: will set rotation from 178.57361 to 178.57349
08-03 23:14:28.841 14236 14248 I art     : Starting a blocking GC Explicit
08-03 23:14:28.844 14236 14236 D CompassActivity: will set rotation from 178.57349 to 178.59802
08-03 23:14:28.844 14236 14236 D CompassActivity: will set rotation from 178.59802 to 178.60138
08-03 23:14:28.861 14236 14236 D CompassActivity: will set rotation from 178.60138 to 178.64746
08-03 23:14:28.862 14236 14236 D CompassActivity: will set rotation from 178.64746 to 178.64783
08-03 23:14:28.883 14236 14236 D CompassActivity: will set rotation from 178.64783 to 178.62476
08-03 23:14:28.884 14236 14236 D CompassActivity: will set rotation from 178.62476 to 178.62292
08-03 23:14:28.896 14236 14248 I art     : Explicit concurrent mark sweep GC freed 1985(117KB) AllocSpace objects, 2(36KB) LOS objects, 7% free, 188MB/204MB, paused 1.193ms total 54.477ms
08-03 23:14:28.902 14236 14236 D CompassActivity: will set rotation from 178.62292 to 178.66565
08-03 23:14:28.903 14236 14236 D CompassActivity: will set rotation from 178.66565 to 178.66602
08-03 23:14:28.914 14236 14248 I art     : Starting a blocking GC Explicit
08-03 23:14:28.921 14236 14236 D CompassActivity: will set rotation from 178.66602 to 178.6383
08-03 23:14:28.921 14236 14236 D CompassActivity: will set rotation from 178.6383 to 178.63458
08-03 23:14:28.941 14236 14236 D CompassActivity: will set rotation from 178.63458 to 178.65692
08-03 23:14:28.942 14236 14236 D CompassActivity: will set rotation from 178.65692 to 178.65393
08-03 23:14:28.961 14236 14236 D CompassActivity: will set rotation from 178.65393 to 178.71582
08-03 23:14:28.962 14236 14236 D CompassActivity: will set rotation from 178.71582 to 178.7146
08-03 23:14:28.968 14236 14248 I art     : Explicit concurrent mark sweep GC freed 627(26KB) AllocSpace objects, 0(0B) LOS objects, 7% free, 188MB/204MB, paused 1.619ms total 53.593ms
08-03 23:14:28.985 14236 14248 I art     : Starting a blocking GC Explicit
08-03 23:14:28.988 14236 14236 D CompassActivity: will set rotation from 178.7146 to 178.70734
08-03 23:14:28.989 14236 14236 D CompassActivity: will set rotation from 178.70734 to 178.70508
08-03 23:14:29.001 14236 14236 D CompassActivity: will set rotation from 178.70508 to 178.6789
08-03 23:14:29.002 14236 14236 D CompassActivity: will set rotation from 178.6789 to 178.67896
08-03 23:14:29.020 14236 14236 D CompassActivity: will set rotation from 178.67896 to 178.65417
08-03 23:14:29.021 14236 14236 D CompassActivity: will set rotation from 178.65417 to 178.65106
08-03 23:14:29.033 14236 14248 I art     : Explicit concurrent mark sweep GC freed 149(7KB) AllocSpace objects, 0(0B) LOS objects, 7% free, 188MB/204MB, paused 1.483ms total 47.422ms
08-03 23:14:29.041 14236 14236 D CompassActivity: will set rotation from 178.65106 to 178.65002
08-03 23:14:29.041 14236 14236 D CompassActivity: will set rotation from 178.65002 to 178.64844
08-03 23:14:29.049 14236 14248 I art     : Starting a blocking GC Explicit
08-03 23:14:29.060 14236 14236 D CompassActivity: will set rotation from 178.64844 to 178.6449
08-03 23:14:29.061 14236 14236 D CompassActivity: will set rotation from 178.6449 to 178.64258
08-03 23:14:29.084 14236 14236 D CompassActivity: will set rotation from 178.64258 to 178.65808
08-03 23:14:29.084 14236 14236 D CompassActivity: will set rotation from 178.65808 to 178.65784
08-03 23:14:29.096 14236 14248 I art     : Explicit concurrent mark sweep GC freed 161(7KB) AllocSpace objects, 0(0B) LOS objects, 7% free, 188MB/204MB, paused 1.150ms total 46.755ms
08-03 23:14:29.101 14236 14236 D CompassActivity: will set rotation from 178.65784 to 178.61163
08-03 23:14:29.101 14236 14236 D CompassActivity: will set rotation from 178.61163 to 178.61261
08-03 23:14:29.112 14236 14248 I art     : Starting a blocking GC Explicit
08-03 23:14:29.120 14236 14236 D CompassActivity: will set rotation from 178.61261 to 178.6101
08-03 23:14:29.120 14236 14236 D CompassActivity: will set rotation from 178.6101 to 178.60919
08-03 23:14:29.140 14236 14236 D CompassActivity: will set rotation from 178.60919 to 178.62958
08-03 23:14:29.141 14236 14236 D CompassActivity: will set rotation from 178.62958 to 178.63019
08-03 23:14:29.158 14236 14248 I art     : Explicit concurrent mark sweep GC freed 116(5KB) AllocSpace objects, 0(0B) LOS objects, 7% free, 188MB/204MB, paused 1.210ms total 46.046ms
08-03 23:14:29.160 14236 14236 D CompassActivity: will set rotation from 178.63019 to 178.62561
08-03 23:14:29.161 14236 14236 D CompassActivity: will set rotation from 178.62561 to 178.62976
08-03 23:14:29.187 14236 14236 D CompassActivity: will set rotation from 178.62976 to 178.66711
08-03 23:14:29.187 14236 14236 D CompassActivity: will set rotation from 178.66711 to 178.66827
08-03 23:14:29.201 14236 14236 D CompassActivity: will set rotation from 178.66827 to 178.65918
08-03 23:14:29.202 14236 14236 D CompassActivity: will set rotation from 178.65918 to 178.6582
08-03 23:14:29.220 14236 14236 D CompassActivity: will set rotation from 178.6582 to 178.67285
08-03 23:14:29.220 14236 14236 D CompassActivity: will set rotation from 178.67285 to 178.67102
08-03 23:14:29.240 14236 14236 D CompassActivity: will set rotation from 178.67102 to 178.68689
08-03 23:14:29.240 14236 14236 D CompassActivity: will set rotation from 178.68689 to 178.68396
08-03 23:14:29.260 14236 14236 D CompassActivity: will set rotation from 178.68396 to 178.70221
08-03 23:14:29.260 14236 14236 D CompassActivity: will set rotation from 178.70221 to 178.70111
08-03 23:14:29.282 14236 14236 D CompassActivity: will set rotation from 178.70111 to 178.75177
08-03 23:14:29.283 14236 14236 D CompassActivity: will set rotation from 178.75177 to 178.7528
08-03 23:14:29.302 14236 14236 D CompassActivity: will set rotation from 178.7528 to 178.8034
08-03 23:14:29.302 14236 14236 D CompassActivity: will set rotation from 178.8034 to 178.80359
08-03 23:14:29.320 14236 14236 D CompassActivity: will set rotation from 178.80359 to 178.83417
08-03 23:14:29.320 14236 14236 D CompassActivity: will set rotation from 178.83417 to 178.83551
08-03 23:14:29.339 14236 14236 D CompassActivity: will set rotation from 178.83551 to 178.86371
08-03 23:14:29.340 14236 14236 D CompassActivity: will set rotation from 178.86371 to 178.86285
08-03 23:14:29.359 14236 14236 D CompassActivity: will set rotation from 178.86285 to 178.854
08-03 23:14:29.360 14236 14236 D CompassActivity: will set rotation from 178.854 to 178.8523
08-03 23:14:29.379 14236 14236 D CompassActivity: will set rotation from 178.8523 to 178.82684
08-03 23:14:29.380 14236 14236 D CompassActivity: will set rotation from 178.82684 to 178.82489
08-03 23:14:29.402 14236 14236 D CompassActivity: will set rotation from 178.82489 to 178.81732
08-03 23:14:29.403 14236 14236 D CompassActivity: will set rotation from 178.81732 to 178.8183
08-03 23:14:29.419 14236 14236 D CompassActivity: will set rotation from 178.8183 to 178.84705
08-03 23:14:29.420 14236 14236 D CompassActivity: will set rotation from 178.84705 to 178.84558
08-03 23:14:29.439 14236 14236 D CompassActivity: will set rotation from 178.84558 to 178.87231
08-03 23:14:29.440 14236 14236 D CompassActivity: will set rotation from 178.87231 to 178.87097
08-03 23:14:29.459 14236 14236 D CompassActivity: will set rotation from 178.87097 to 178.84229
08-03 23:14:29.459 14236 14236 D CompassActivity: will set rotation from 178.84229 to 178.84308
08-03 23:14:29.479 14236 14236 D CompassActivity: will set rotation from 178.84308 to 178.81732
08-03 23:14:29.479 14236 14236 D CompassActivity: will set rotation from 178.81732 to 178.81763
08-03 23:14:29.500 14236 14236 D CompassActivity: will set rotation from 178.81763 to 178.78949
08-03 23:14:29.501 14236 14236 D CompassActivity: will set rotation from 178.78949 to 178.7901
08-03 23:14:29.519 14236 14236 D CompassActivity: will set rotation from 178.7901 to 178.76318
08-03 23:14:29.519 14236 14236 D CompassActivity: will set rotation from 178.76318 to 178.7622
08-03 23:14:29.538 14236 14236 D CompassActivity: will set rotation from 178.7622 to 178.77295
08-03 23:14:29.539 14236 14236 D CompassActivity: will set rotation from 178.77295 to 178.77356
08-03 23:14:29.546 14236 14255 I art     : Starting a blocking GC Explicit
08-03 23:14:29.559 14236 14236 D CompassActivity: will set rotation from 178.77356 to 178.78357
08-03 23:14:29.559 14236 14236 D CompassActivity: will set rotation from 178.78357 to 178.78394
08-03 23:14:29.579 14236 14236 D CompassActivity: will set rotation from 178.78394 to 178.77515
08-03 23:14:29.579 14236 14236 D CompassActivity: will set rotation from 178.77515 to 178.77576
08-03 23:14:29.601 14236 14255 I art     : Explicit concurrent mark sweep GC freed 2033(119KB) AllocSpace objects, 2(36KB) LOS objects, 7% free, 188MB/204MB, paused 1.436ms total 54.933ms
08-03 23:14:29.601 14236 14236 D CompassActivity: will set rotation from 178.77576 to 178.77014
08-03 23:14:29.602 14236 14236 D CompassActivity: will set rotation from 178.77014 to 178.77155
08-03 23:14:29.618 14236 14255 I art     : Starting a blocking GC Explicit
08-03 23:14:29.621 14236 14236 D CompassActivity: will set rotation from 178.77155 to 178.76471
08-03 23:14:29.621 14236 14236 D CompassActivity: will set rotation from 178.76471 to 178.76459
08-03 23:14:29.639 14236 14236 D CompassActivity: will set rotation from 178.76459 to 178.74036
08-03 23:14:29.640 14236 14236 D CompassActivity: will set rotation from 178.74036 to 178.73975
08-03 23:14:29.660 14236 14236 D CompassActivity: will set rotation from 178.73975 to 178.73566
08-03 23:14:29.660 14236 14236 D CompassActivity: will set rotation from 178.73566 to 178.73425
08-03 23:14:29.672 14236 14255 I art     : Explicit concurrent mark sweep GC freed 739(29KB) AllocSpace objects, 0(0B) LOS objects, 7% free, 188MB/204MB, paused 1.176ms total 52.775ms
08-03 23:14:29.679 14236 14236 D CompassActivity: will set rotation from 178.73425 to 178.73035
08-03 23:14:29.680 14236 14236 D CompassActivity: will set rotation from 178.73035 to 178.73096
08-03 23:14:29.689 14236 14255 I art     : Starting a blocking GC Explicit
08-03 23:14:29.701 14236 14236 D CompassActivity: will set rotation from 178.73096 to 178.72424
08-03 23:14:29.702 14236 14236 D CompassActivity: will set rotation from 178.72424 to 178.7232
08-03 23:14:29.720 14236 14236 D CompassActivity: will set rotation from 178.7232 to 178.73462
08-03 23:14:29.720 14236 14236 D CompassActivity: will set rotation from 178.73462 to 178.73364
08-03 23:14:29.737 14236 14255 I art     : Explicit concurrent mark sweep GC freed 161(7KB) AllocSpace objects, 0(0B) LOS objects, 7% free, 188MB/204MB, paused 996us total 47.041ms
08-03 23:14:29.739 14236 14236 D CompassActivity: will set rotation from 178.73364 to 178.74536
08-03 23:14:29.739 14236 14236 D CompassActivity: will set rotation from 178.74536 to 178.74524
08-03 23:14:29.752 14236 14255 I art     : Starting a blocking GC Explicit
08-03 23:14:29.759 14236 14236 D CompassActivity: will set rotation from 178.74524 to 178.72375
08-03 23:14:29.760 14236 14236 D CompassActivity: will set rotation from 178.72375 to 178.72461
08-03 23:14:29.778 14236 14236 D CompassActivity: will set rotation from 178.72461 to 178.7185
08-03 23:14:29.779 14236 14236 D CompassActivity: will set rotation from 178.7185 to 178.72028
08-03 23:14:29.799 14236 14236 D CompassActivity: will set rotation from 178.72028 to 178.7464
08-03 23:14:29.799 14236 14255 I art     : Explicit concurrent mark sweep GC freed 132(6KB) AllocSpace objects, 0(0B) LOS objects, 7% free, 188MB/204MB, paused 979us total 46.728ms
08-03 23:14:29.799 14236 14236 D CompassActivity: will set rotation from 178.7464 to 178.74701
08-03 23:14:29.813 14236 14255 I art     : Starting a blocking GC Explicit
08-03 23:14:29.822 14236 14236 D CompassActivity: will set rotation from 178.74701 to 178.75677
08-03 23:14:29.823 14236 14236 D CompassActivity: will set rotation from 178.75677 to 178.75763
08-03 23:14:29.838 14236 14236 D CompassActivity: will set rotation from 178.75763 to 178.75116
08-03 23:14:29.838 14236 14236 D CompassActivity: will set rotation from 178.75116 to 178.75049
08-03 23:14:29.853 14236 14255 I art     : Explicit concurrent mark sweep GC freed 132(6KB) AllocSpace objects, 0(0B) LOS objects, 7% free, 188MB/204MB, paused 947us total 39.491ms
08-03 23:14:29.858 14236 14236 D CompassActivity: will set rotation from 178.75049 to 178.74384
08-03 23:14:29.859 14236 14236 D CompassActivity: will set rotation from 178.74384 to 178.7414
08-03 23:14:29.877 14236 14236 D CompassActivity: will set rotation from 178.7414 to 178.73413
08-03 23:14:29.878 14236 14236 D CompassActivity: will set rotation from 178.73413 to 178.73401
08-03 23:14:29.900 14236 14236 D CompassActivity: will set rotation from 178.73401 to 178.73041
08-03 23:14:29.901 14236 14236 D CompassActivity: will set rotation from 178.73041 to 178.73236
08-03 23:14:29.920 14236 14236 D CompassActivity: will set rotation from 178.73236 to 178.74463
08-03 23:14:29.921 14236 14236 D CompassActivity: will set rotation from 178.74463 to 178.74402
08-03 23:14:29.937 14236 14236 D CompassActivity: will set rotation from 178.74402 to 178.75568
08-03 23:14:29.937 14236 14236 D CompassActivity: will set rotation from 178.75568 to 178.75708
08-03 23:14:29.957 14236 14236 D CompassActivity: will set rotation from 178.75708 to 178.75073
08-03 23:14:29.957 14236 14236 D CompassActivity: will set rotation from 178.75073 to 178.75085
08-03 23:14:29.977 14236 14236 D CompassActivity: will set rotation from 178.75085 to 178.79584
08-03 23:14:29.977 14236 14236 D CompassActivity: will set rotation from 178.79584 to 178.79333
08-03 23:14:29.998 14236 14236 D CompassActivity: will set rotation from 178.79333 to 178.80261
08-03 23:14:29.999 14236 14236 D CompassActivity: will set rotation from 178.80261 to 178.80115
08-03 23:14:30.019 14236 14236 D CompassActivity: will set rotation from 178.80115 to 178.79053
08-03 23:14:30.019 14236 14236 D CompassActivity: will set rotation from 178.79053 to 178.79114
08-03 23:14:30.036 14236 14236 D CompassActivity: will set rotation from 178.79114 to 178.7843
08-03 23:14:30.037 14236 14236 D CompassActivity: will set rotation from 178.7843 to 178.78375
08-03 23:14:30.056 14236 14236 D CompassActivity: will set rotation from 178.78375 to 178.74414
08-03 23:14:30.057 14236 14236 D CompassActivity: will set rotation from 178.74414 to 178.74316
08-03 23:14:30.079 14236 14236 D CompassActivity: will set rotation from 178.74316 to 178.76764
08-03 23:14:30.079 14236 14236 D CompassActivity: will set rotation from 178.76764 to 178.76648
08-03 23:14:30.096 14236 14236 D CompassActivity: will set rotation from 178.76648 to 178.74268
08-03 23:14:30.096 14236 14236 D CompassActivity: will set rotation from 178.74268 to 178.7425
08-03 23:14:30.117 14236 14236 D CompassActivity: will set rotation from 178.7425 to 178.70062
08-03 23:14:30.118 14236 14236 D CompassActivity: will set rotation from 178.70062 to 178.70007
08-03 23:14:30.136 14236 14236 D CompassActivity: will set rotation from 178.70007 to 178.67834
08-03 23:14:30.137 14236 14236 D CompassActivity: will set rotation from 178.67834 to 178.67761
08-03 23:14:30.156 14236 14236 D CompassActivity: will set rotation from 178.67761 to 178.6579
08-03 23:14:30.156 14236 14236 D CompassActivity: will set rotation from 178.6579 to 178.65778
08-03 23:14:30.176 14236 14236 D CompassActivity: will set rotation from 178.65778 to 178.68384
08-03 23:14:30.176 14236 14236 D CompassActivity: will set rotation from 178.68384 to 178.68347
08-03 23:14:30.196 14236 14236 D CompassActivity: will set rotation from 178.68347 to 178.67725
08-03 23:14:30.197 14236 14236 D CompassActivity: will set rotation from 178.67725 to 178.67694
08-03 23:14:30.197 14236 14255 I art     : Starting a blocking GC Explicit
08-03 23:14:30.218 14236 14236 D CompassActivity: will set rotation from 178.67694 to 178.70557
08-03 23:14:30.219 14236 14236 D CompassActivity: will set rotation from 178.70557 to 178.706
08-03 23:14:30.237 14236 14236 D CompassActivity: will set rotation from 178.706 to 178.68396
08-03 23:14:30.237 14236 14236 D CompassActivity: will set rotation from 178.68396 to 178.6836
08-03 23:14:30.253 14236 14255 I art     : Explicit concurrent mark sweep GC freed 1966(116KB) AllocSpace objects, 2(36KB) LOS objects, 7% free, 188MB/204MB, paused 1.310ms total 55.519ms
08-03 23:14:30.256 14236 14236 D CompassActivity: will set rotation from 178.6836 to 178.66382
08-03 23:14:30.256 14236 14236 D CompassActivity: will set rotation from 178.66382 to 178.66559
08-03 23:14:30.269 14236 14255 I art     : Starting a blocking GC Explicit
08-03 23:14:30.276 14236 14236 D CompassActivity: will set rotation from 178.66559 to 178.64612
08-03 23:14:30.276 14236 14236 D CompassActivity: will set rotation from 178.64612 to 178.6471
08-03 23:14:30.296 14236 14236 D CompassActivity: will set rotation from 178.6471 to 178.64404
08-03 23:14:30.296 14236 14236 D CompassActivity: will set rotation from 178.64404 to 178.64392
08-03 23:14:30.311 14236 14255 I art     : Explicit concurrent mark sweep GC freed 715(27KB) AllocSpace objects, 0(0B) LOS objects, 7% free, 188MB/204MB, paused 1.180ms total 41.618ms
08-03 23:14:30.317 14236 14236 D CompassActivity: will set rotation from 178.64392 to 178.63995
08-03 23:14:30.317 14236 14236 D CompassActivity: will set rotation from 178.63995 to 178.63995
08-03 23:14:30.326 14236 14255 I art     : Starting a blocking GC Explicit
08-03 23:14:30.337 14236 14236 D CompassActivity: will set rotation from 178.63995 to 178.63525
08-03 23:14:30.337 14236 14236 D CompassActivity: will set rotation from 178.63525 to 178.63507
08-03 23:14:30.354 15854 15854 D AndroidRuntime: >>>>>> START com.android.internal.os.RuntimeInit uid 2000 <<<<<<
08-03 23:14:30.356 14236 14236 D CompassActivity: will set rotation from 178.63507 to 178.63489
08-03 23:14:30.356 14236 14236 D CompassActivity: will set rotation from 178.63489 to 178.6341
08-03 23:14:30.359 15854 15854 D AndroidRuntime: CheckJNI is OFF
08-03 23:14:30.368 14236 14255 I art     : Explicit concurrent mark sweep GC freed 156(7KB) AllocSpace objects, 0(0B) LOS objects, 7% free, 188MB/204MB, paused 1.110ms total 42.107ms
08-03 23:14:30.376 14236 14236 D CompassActivity: will set rotation from 178.6341 to 178.66138
08-03 23:14:30.376 14236 14236 D CompassActivity: will set rotation from 178.66138 to 178.66138
08-03 23:14:30.383 14236 14255 I art     : Starting a blocking GC Explicit
08-03 23:14:30.395 15854 15854 D ICU     : No timezone override file found: /data/misc/zoneinfo/current/icu/icu_tzdata.dat
08-03 23:14:30.396 14236 14236 D CompassActivity: will set rotation from 178.66138 to 178.64081
08-03 23:14:30.396 14236 14236 D CompassActivity: will set rotation from 178.64081 to 178.63928
08-03 23:14:30.418 14236 14236 D CompassActivity: will set rotation from 178.63928 to 178.58972
08-03 23:14:30.418 14236 14236 D CompassActivity: will set rotation from 178.58972 to 178.58795
08-03 23:14:30.425 14236 14255 I art     : Explicit concurrent mark sweep GC freed 146(6KB) AllocSpace objects, 0(0B) LOS objects, 7% free, 188MB/204MB, paused 1.048ms total 41.657ms
08-03 23:14:30.434 15854 15854 I Radio-JNI: register_android_hardware_Radio DONE
08-03 23:14:30.437 14236 14236 D CompassActivity: will set rotation from 178.58795 to 178.57251
08-03 23:14:30.439 14236 14236 D CompassActivity: will set rotation from 178.57251 to 178.57086
08-03 23:14:30.440 14236 14255 I art     : Starting a blocking GC Explicit
08-03 23:14:30.455 14236 14236 D CompassActivity: will set rotation from 178.57086 to 178.56897
08-03 23:14:30.455 14236 14236 D CompassActivity: will set rotation from 178.56897 to 178.56812
08-03 23:14:30.456 15854 15854 D AndroidRuntime: Calling main entry com.android.commands.input.Input
08-03 23:14:30.458 15854 15854 I Input   : injectKeyEvent: KeyEvent { action=ACTION_DOWN, keyCode=KEYCODE_BACK, scanCode=0, metaState=0, flags=0x0, repeatCount=0, eventTime=659686870, downTime=659686870, deviceId=-1, source=0x101 }
08-03 23:14:30.463 15854 15854 I Input   : injectKeyEvent: KeyEvent { action=ACTION_UP, keyCode=KEYCODE_BACK, scanCode=0, metaState=0, flags=0x0, repeatCount=0, eventTime=659686870, downTime=659686870, deviceId=-1, source=0x101 }
08-03 23:14:30.468 15854 15854 D AndroidRuntime: Shutting down VM
08-03 23:14:30.469   918  6111 I sensors : activate
08-03 23:14:30.469   918  5952 I sensors : activate
08-03 23:14:30.474   918  3188 I hubconnection: sensorhub said: 'activate 1 enable:0'
08-03 23:14:30.475   918  3188 I hubconnection: sensorhub said: 'activate 3 enable:0'
08-03 23:14:30.479 14236 14255 I art     : Explicit concurrent mark sweep GC freed 123(5KB) AllocSpace objects, 0(0B) LOS objects, 7% free, 188MB/204MB, paused 1.212ms total 38.961ms
08-03 23:14:30.498 14236 14236 V MainActivity: url = https://project-travel-mate.herokuapp.com/api/number-of-unread-notifications
08-03 23:14:30.593 13866 13866 I GoogleInputMethodServic: GoogleInputMethodService.onFinishInput():3138 
08-03 23:14:30.594 13866 13866 I GoogleInputMethodServic: GoogleInputMethodService.onStartInput():1808 
08-03 23:14:30.805 14236 14250 I art     : Starting a blocking GC Explicit
08-03 23:14:30.859 14236 14250 I art     : Explicit concurrent mark sweep GC freed 2117(115KB) AllocSpace objects, 2(36KB) LOS objects, 7% free, 188MB/204MB, paused 1.602ms total 54.273ms
08-03 23:14:30.874 14236 14250 I art     : Starting a blocking GC Explicit
08-03 23:14:30.882 14236 14236 D CompassActivity: stop compass
08-03 23:14:30.883   380   380 W SurfaceFlinger: couldn't log to binary event log: overflow.
08-03 23:14:30.915 14236 14250 I art     : Explicit concurrent mark sweep GC freed 128(5KB) AllocSpace objects, 0(0B) LOS objects, 7% free, 188MB/204MB, paused 1.076ms total 40.797ms
08-03 23:14:30.930 14236 14250 I art     : Starting a blocking GC Explicit
08-03 23:14:30.968 14236 14250 I art     : Explicit concurrent mark sweep GC freed 20(704B) AllocSpace objects, 0(0B) LOS objects, 7% free, 188MB/204MB, paused 1.104ms total 37.917ms
08-03 23:14:30.983 14236 14250 I art     : Starting a blocking GC Explicit
08-03 23:14:31.040 14236 14250 I art     : Explicit concurrent mark sweep GC freed 1644(111KB) AllocSpace objects, 3(52MB) LOS objects, 10% free, 136MB/152MB, paused 1.304ms total 56.974ms
08-03 23:14:31.055 14236 14250 I art     : Starting a blocking GC Explicit
08-03 23:14:31.100 14236 14250 I art     : Explicit concurrent mark sweep GC freed 2203(101KB) AllocSpace objects, 2(120KB) LOS objects, 10% free, 136MB/152MB, paused 1.229ms total 44.816ms
08-03 23:14:31.101 14236 15878 I NAPPA_EXPERIMENTATION: MetricNetworkRequestExecutionTime: REQUEST_DURATION_SYSTEM='602',REQUEST_DURATION_OKHTTP='29',REQUEST_SYNCHRONOUS='FALSE',RESPONSE_CODE='200',RESPONSE_METHOD='GET',RESPONSE_LENGTH_OKHTTP='36',RESPONSE_LENGTH_HEADER='36',REQUEST_PROTOCOL='http/1.1',REQUEST_URL='https://project-travel-mate.herokuapp.com/api/number-of-unread-notifications',
08-03 23:14:31.457 14236 14248 I art     : Starting a blocking GC Explicit
08-03 23:14:31.497 14236 14248 I art     : Explicit concurrent mark sweep GC freed 2788(225KB) AllocSpace objects, 3(116KB) LOS objects, 10% free, 136MB/152MB, paused 1.021ms total 39.505ms
08-03 23:14:31.511 14236 14248 I art     : Starting a blocking GC Explicit
08-03 23:14:31.524   518   646 I ThermalEngine: ACTION: GPU - Setting GPU[0] to 450000000
08-03 23:14:31.556 14236 14248 I art     : Explicit concurrent mark sweep GC freed 41(1584B) AllocSpace objects, 0(0B) LOS objects, 10% free, 136MB/152MB, paused 1.338ms total 45.452ms
08-03 23:14:31.575 14236 14248 I art     : Starting a blocking GC Explicit
08-03 23:14:31.627 14236 14248 I art     : Explicit concurrent mark sweep GC freed 3(96B) AllocSpace objects, 0(0B) LOS objects, 10% free, 136MB/152MB, paused 1.468ms total 52.702ms
08-03 23:14:31.647 14236 14248 I art     : Starting a blocking GC Explicit
08-03 23:14:31.700 14236 14248 I art     : Explicit concurrent mark sweep GC freed 3(96B) AllocSpace objects, 0(0B) LOS objects, 10% free, 136MB/152MB, paused 1.582ms total 53.257ms
08-03 23:14:31.719 14236 14248 I art     : Starting a blocking GC Explicit
08-03 23:14:31.770 14236 14248 I art     : Explicit concurrent mark sweep GC freed 3(96B) AllocSpace objects, 0(0B) LOS objects, 10% free, 136MB/152MB, paused 1.473ms total 50.495ms
08-03 23:14:32.167 14236 14255 I art     : Starting a blocking GC Explicit
08-03 23:14:32.215 14236 14255 I art     : Explicit concurrent mark sweep GC freed 1598(92KB) AllocSpace objects, 2(36KB) LOS objects, 10% free, 136MB/152MB, paused 1.374ms total 47.620ms
08-03 23:14:32.229 15900 15900 D AndroidRuntime: >>>>>> START com.android.internal.os.RuntimeInit uid 2000 <<<<<<
08-03 23:14:32.233 14236 14255 I art     : Starting a blocking GC Explicit
08-03 23:14:32.234 15900 15900 D AndroidRuntime: CheckJNI is OFF
08-03 23:14:32.274 15900 15900 D ICU     : No timezone override file found: /data/misc/zoneinfo/current/icu/icu_tzdata.dat
08-03 23:14:32.281 14236 14255 I art     : Explicit concurrent mark sweep GC freed 49(1888B) AllocSpace objects, 0(0B) LOS objects, 10% free, 136MB/152MB, paused 1.555ms total 47.351ms
08-03 23:14:32.299 14236 14255 I art     : Starting a blocking GC Explicit
08-03 23:14:32.317 15900 15900 I Radio-JNI: register_android_hardware_Radio DONE
08-03 23:14:32.346 15900 15900 D AndroidRuntime: Calling main entry com.android.commands.input.Input
08-03 23:14:32.349 15900 15900 I Input   : injectMotionEvent: MotionEvent { action=ACTION_DOWN, actionButton=0, id[0]=0, x[0]=500.0, y[0]=2000.0, toolType[0]=TOOL_TYPE_UNKNOWN, buttonState=0, metaState=0, flags=0x0, edgeFlags=0x0, pointerCount=1, historySize=0, eventTime=659688761, downTime=659688761, deviceId=0, source=0x1002 }
08-03 23:14:32.352 14236 14255 I art     : Explicit concurrent mark sweep GC freed 53(1584B) AllocSpace objects, 0(0B) LOS objects, 10% free, 136MB/152MB, paused 1.442ms total 52.573ms
08-03 23:14:32.360 15900 15900 I Input   : injectMotionEvent: MotionEvent { action=ACTION_MOVE, actionButton=0, id[0]=0, x[0]=500.0, y[0]=2000.0, toolType[0]=TOOL_TYPE_UNKNOWN, buttonState=0, metaState=0, flags=0x0, edgeFlags=0x0, pointerCount=1, historySize=0, eventTime=659688761, downTime=659688761, deviceId=0, source=0x1002 }
08-03 23:14:32.367 15900 15900 I Input   : injectMotionEvent: MotionEvent { action=ACTION_MOVE, actionButton=0, id[0]=0, x[0]=500.0, y[0]=1962.0, toolType[0]=TOOL_TYPE_UNKNOWN, buttonState=0, metaState=0, flags=0x0, edgeFlags=0x0, pointerCount=1, historySize=0, eventTime=659688781, downTime=659688781, deviceId=0, source=0x1002 }
08-03 23:14:32.371 14236 14255 I art     : Starting a blocking GC Explicit
08-03 23:14:32.384 15900 15900 I Input   : injectMotionEvent: MotionEvent { action=ACTION_MOVE, actionButton=0, id[0]=0, x[0]=500.0, y[0]=1931.6, toolType[0]=TOOL_TYPE_UNKNOWN, buttonState=0, metaState=0, flags=0x0, edgeFlags=0x0, pointerCount=1, historySize=0, eventTime=659688797, downTime=659688797, deviceId=0, source=0x1002 }
08-03 23:14:32.409 15900 15900 I Input   : injectMotionEvent: MotionEvent { action=ACTION_MOVE, actionButton=0, id[0]=0, x[0]=500.0, y[0]=1882.2, toolType[0]=TOOL_TYPE_UNKNOWN, buttonState=0, metaState=0, flags=0x0, edgeFlags=0x0, pointerCount=1, historySize=0, eventTime=659688823, downTime=659688823, deviceId=0, source=0x1002 }
08-03 23:14:32.418 15900 15900 I Input   : injectMotionEvent: MotionEvent { action=ACTION_MOVE, actionButton=0, id[0]=0, x[0]=500.0, y[0]=1867.0, toolType[0]=TOOL_TYPE_UNKNOWN, buttonState=0, metaState=0, flags=0x0, edgeFlags=0x0, pointerCount=1, historySize=0, eventTime=659688831, downTime=659688831, deviceId=0, source=0x1002 }
08-03 23:14:32.423 14236 14255 I art     : Explicit concurrent mark sweep GC freed 46(1648B) AllocSpace objects, 0(0B) LOS objects, 10% free, 136MB/152MB, paused 1.944ms total 51.440ms
08-03 23:14:32.434 15900 15900 I Input   : injectMotionEvent: MotionEvent { action=ACTION_MOVE, actionButton=0, id[0]=0, x[0]=500.0, y[0]=1836.6, toolType[0]=TOOL_TYPE_UNKNOWN, buttonState=0, metaState=0, flags=0x0, edgeFlags=0x0, pointerCount=1, historySize=0, eventTime=659688847, downTime=659688847, deviceId=0, source=0x1002 }
08-03 23:14:32.443 14236 14255 I art     : Starting a blocking GC Explicit
08-03 23:14:32.452 15900 15900 I Input   : injectMotionEvent: MotionEvent { action=ACTION_MOVE, actionButton=0, id[0]=0, x[0]=500.0, y[0]=1802.4, toolType[0]=TOOL_TYPE_UNKNOWN, buttonState=0, metaState=0, flags=0x0, edgeFlags=0x0, pointerCount=1, historySize=0, eventTime=659688865, downTime=659688865, deviceId=0, source=0x1002 }
08-03 23:14:32.467 15900 15900 I Input   : injectMotionEvent: MotionEvent { action=ACTION_MOVE, actionButton=0, id[0]=0, x[0]=500.0, y[0]=1772.0, toolType[0]=TOOL_TYPE_UNKNOWN, buttonState=0, metaState=0, flags=0x0, edgeFlags=0x0, pointerCount=1, historySize=0, eventTime=659688881, downTime=659688881, deviceId=0, source=0x1002 }
08-03 23:14:32.484 15900 15900 I Input   : injectMotionEvent: MotionEvent { action=ACTION_MOVE, actionButton=0, id[0]=0, x[0]=500.0, y[0]=1741.6, toolType[0]=TOOL_TYPE_UNKNOWN, buttonState=0, metaState=0, flags=0x0, edgeFlags=0x0, pointerCount=1, historySize=0, eventTime=659688897, downTime=659688897, deviceId=0, source=0x1002 }
08-03 23:14:32.497 14236 14255 I art     : Explicit concurrent mark sweep GC freed 46(1920B) AllocSpace objects, 0(0B) LOS objects, 10% free, 136MB/152MB, paused 1.422ms total 53.520ms
08-03 23:14:32.501 15900 15900 I Input   : injectMotionEvent: MotionEvent { action=ACTION_MOVE, actionButton=0, id[0]=0, x[0]=500.0, y[0]=1709.3, toolType[0]=TOOL_TYPE_UNKNOWN, buttonState=0, metaState=0, flags=0x0, edgeFlags=0x0, pointerCount=1, historySize=0, eventTime=659688914, downTime=659688914, deviceId=0, source=0x1002 }
08-03 23:14:32.517 15900 15900 I Input   : injectMotionEvent: MotionEvent { action=ACTION_MOVE, actionButton=0, id[0]=0, x[0]=500.0, y[0]=1677.0, toolType[0]=TOOL_TYPE_UNKNOWN, buttonState=0, metaState=0, flags=0x0, edgeFlags=0x0, pointerCount=1, historySize=0, eventTime=659688931, downTime=659688931, deviceId=0, source=0x1002 }
08-03 23:14:32.527   518   646 I ThermalEngine: ACTION: GPU - Setting GPU[0] to 510000000
08-03 23:14:32.534 15900 15900 I Input   : injectMotionEvent: MotionEvent { action=ACTION_MOVE, actionButton=0, id[0]=0, x[0]=500.0, y[0]=1646.6, toolType[0]=TOOL_TYPE_UNKNOWN, buttonState=0, metaState=0, flags=0x0, edgeFlags=0x0, pointerCount=1, historySize=0, eventTime=659688947, downTime=659688947, deviceId=0, source=0x1002 }
08-03 23:14:32.551 15900 15900 I Input   : injectMotionEvent: MotionEvent { action=ACTION_MOVE, actionButton=0, id[0]=0, x[0]=500.0, y[0]=1614.3, toolType[0]=TOOL_TYPE_UNKNOWN, buttonState=0, metaState=0, flags=0x0, edgeFlags=0x0, pointerCount=1, historySize=0, eventTime=659688964, downTime=659688964, deviceId=0, source=0x1002 }
08-03 23:14:32.568 15900 15900 I Input   : injectMotionEvent: MotionEvent { action=ACTION_MOVE, actionButton=0, id[0]=0, x[0]=500.0, y[0]=1582.0, toolType[0]=TOOL_TYPE_UNKNOWN, buttonState=0, metaState=0, flags=0x0, edgeFlags=0x0, pointerCount=1, historySize=0, eventTime=659688981, downTime=659688981, deviceId=0, source=0x1002 }
08-03 23:14:32.585 15900 15900 I Input   : injectMotionEvent: MotionEvent { action=ACTION_MOVE, actionButton=0, id[0]=0, x[0]=500.0, y[0]=1549.7, toolType[0]=TOOL_TYPE_UNKNOWN, buttonState=0, metaState=0, flags=0x0, edgeFlags=0x0, pointerCount=1, historySize=0, eventTime=659688998, downTime=659688998, deviceId=0, source=0x1002 }
08-03 23:14:32.601 15900 15900 I Input   : injectMotionEvent: MotionEvent { action=ACTION_MOVE, actionButton=0, id[0]=0, x[0]=500.0, y[0]=1517.4, toolType[0]=TOOL_TYPE_UNKNOWN, buttonState=0, metaState=0, flags=0x0, edgeFlags=0x0, pointerCount=1, historySize=0, eventTime=659689015, downTime=659689015, deviceId=0, source=0x1002 }
08-03 23:14:32.618 15900 15900 I Input   : injectMotionEvent: MotionEvent { action=ACTION_MOVE, actionButton=0, id[0]=0, x[0]=500.0, y[0]=1485.1, toolType[0]=TOOL_TYPE_UNKNOWN, buttonState=0, metaState=0, flags=0x0, edgeFlags=0x0, pointerCount=1, historySize=0, eventTime=659689032, downTime=659689032, deviceId=0, source=0x1002 }
08-03 23:14:32.634 15900 15900 I Input   : injectMotionEvent: MotionEvent { action=ACTION_MOVE, actionButton=0, id[0]=0, x[0]=500.0, y[0]=1454.7, toolType[0]=TOOL_TYPE_UNKNOWN, buttonState=0, metaState=0, flags=0x0, edgeFlags=0x0, pointerCount=1, historySize=0, eventTime=659689048, downTime=659689048, deviceId=0, source=0x1002 }
08-03 23:14:32.651 15900 15900 I Input   : injectMotionEvent: MotionEvent { action=ACTION_MOVE, actionButton=0, id[0]=0, x[0]=500.0, y[0]=1422.4, toolType[0]=TOOL_TYPE_UNKNOWN, buttonState=0, metaState=0, flags=0x0, edgeFlags=0x0, pointerCount=1, historySize=0, eventTime=659689065, downTime=659689065, deviceId=0, source=0x1002 }
08-03 23:14:32.668 15900 15900 I Input   : injectMotionEvent: MotionEvent { action=ACTION_MOVE, actionButton=0, id[0]=0, x[0]=500.0, y[0]=1392.0, toolType[0]=TOOL_TYPE_UNKNOWN, buttonState=0, metaState=0, flags=0x0, edgeFlags=0x0, pointerCount=1, historySize=0, eventTime=659689081, downTime=659689081, deviceId=0, source=0x1002 }
08-03 23:14:32.684 15900 15900 I Input   : injectMotionEvent: MotionEvent { action=ACTION_MOVE, actionButton=0, id[0]=0, x[0]=500.0, y[0]=1361.6001, toolType[0]=TOOL_TYPE_UNKNOWN, buttonState=0, metaState=0, flags=0x0, edgeFlags=0x0, pointerCount=1, historySize=0, eventTime=659689097, downTime=659689097, deviceId=0, source=0x1002 }
08-03 23:14:32.703 15900 15900 I Input   : injectMotionEvent: MotionEvent { action=ACTION_MOVE, actionButton=0, id[0]=0, x[0]=500.0, y[0]=1325.5, toolType[0]=TOOL_TYPE_UNKNOWN, buttonState=0, metaState=0, flags=0x0, edgeFlags=0x0, pointerCount=1, historySize=0, eventTime=659689116, downTime=659689116, deviceId=0, source=0x1002 }
08-03 23:14:32.718 15900 15900 I Input   : injectMotionEvent: MotionEvent { action=ACTION_MOVE, actionButton=0, id[0]=0, x[0]=500.0, y[0]=1297.0, toolType[0]=TOOL_TYPE_UNKNOWN, buttonState=0, metaState=0, flags=0x0, edgeFlags=0x0, pointerCount=1, historySize=0, eventTime=659689131, downTime=659689131, deviceId=0, source=0x1002 }
08-03 23:14:32.734 15900 15900 I Input   : injectMotionEvent: MotionEvent { action=ACTION_MOVE, actionButton=0, id[0]=0, x[0]=500.0, y[0]=1264.7, toolType[0]=TOOL_TYPE_UNKNOWN, buttonState=0, metaState=0, flags=0x0, edgeFlags=0x0, pointerCount=1, historySize=0, eventTime=659689148, downTime=659689148, deviceId=0, source=0x1002 }
08-03 23:14:32.753 15900 15900 I Input   : injectMotionEvent: MotionEvent { action=ACTION_MOVE, actionButton=0, id[0]=0, x[0]=500.0, y[0]=1230.5, toolType[0]=TOOL_TYPE_UNKNOWN, buttonState=0, metaState=0, flags=0x0, edgeFlags=0x0, pointerCount=1, historySize=0, eventTime=659689166, downTime=659689166, deviceId=0, source=0x1002 }
08-03 23:14:32.770 15900 15900 I Input   : injectMotionEvent: MotionEvent { action=ACTION_MOVE, actionButton=0, id[0]=0, x[0]=500.0, y[0]=1198.2, toolType[0]=TOOL_TYPE_UNKNOWN, buttonState=0, metaState=0, flags=0x0, edgeFlags=0x0, pointerCount=1, historySize=0, eventTime=659689183, downTime=659689183, deviceId=0, source=0x1002 }
08-03 23:14:32.829 15900 15900 I Input   : injectMotionEvent: MotionEvent { action=ACTION_MOVE, actionButton=0, id[0]=0, x[0]=500.0, y[0]=1086.1, toolType[0]=TOOL_TYPE_UNKNOWN, buttonState=0, metaState=0, flags=0x0, edgeFlags=0x0, pointerCount=1, historySize=0, eventTime=659689242, downTime=659689242, deviceId=0, source=0x1002 }
08-03 23:14:32.868 14236 14250 I art     : Starting a blocking GC Explicit
08-03 23:14:32.881 15900 15900 I Input   : injectMotionEvent: MotionEvent { action=ACTION_MOVE, actionButton=0, id[0]=0, x[0]=500.0, y[0]=987.3, toolType[0]=TOOL_TYPE_UNKNOWN, buttonState=0, metaState=0, flags=0x0, edgeFlags=0x0, pointerCount=1, historySize=0, eventTime=659689294, downTime=659689294, deviceId=0, source=0x1002 }
08-03 23:14:32.911 14236 14250 I art     : Explicit concurrent mark sweep GC freed 1611(93KB) AllocSpace objects, 2(36KB) LOS objects, 10% free, 136MB/152MB, paused 1.342ms total 42.270ms
08-03 23:14:32.928 15900 15900 I Input   : injectMotionEvent: MotionEvent { action=ACTION_MOVE, actionButton=0, id[0]=0, x[0]=500.0, y[0]=898.0, toolType[0]=TOOL_TYPE_UNKNOWN, buttonState=0, metaState=0, flags=0x0, edgeFlags=0x0, pointerCount=1, historySize=0, eventTime=659689341, downTime=659689341, deviceId=0, source=0x1002 }
08-03 23:14:32.930 14236 14250 I art     : Starting a blocking GC Explicit
08-03 23:14:32.972 14236 14250 I art     : Explicit concurrent mark sweep GC freed 28(1024B) AllocSpace objects, 0(0B) LOS objects, 10% free, 136MB/152MB, paused 1.393ms total 38.652ms
08-03 23:14:32.975 15900 15900 I Input   : injectMotionEvent: MotionEvent { action=ACTION_MOVE, actionButton=0, id[0]=0, x[0]=500.0, y[0]=808.7001, toolType[0]=TOOL_TYPE_UNKNOWN, buttonState=0, metaState=0, flags=0x0, edgeFlags=0x0, pointerCount=1, historySize=0, eventTime=659689388, downTime=659689388, deviceId=0, source=0x1002 }
08-03 23:14:32.987 14236 14250 I art     : Starting a blocking GC Explicit
08-03 23:14:33.022 15900 15900 I Input   : injectMotionEvent: MotionEvent { action=ACTION_MOVE, actionButton=0, id[0]=0, x[0]=500.0, y[0]=719.3999, toolType[0]=TOOL_TYPE_UNKNOWN, buttonState=0, metaState=0, flags=0x0, edgeFlags=0x0, pointerCount=1, historySize=0, eventTime=659689435, downTime=659689435, deviceId=0, source=0x1002 }
08-03 23:14:33.026 14236 14250 I art     : Explicit concurrent mark sweep GC freed 3(96B) AllocSpace objects, 0(0B) LOS objects, 10% free, 136MB/152MB, paused 1.003ms total 39.542ms
08-03 23:14:33.040 14236 14250 I art     : Starting a blocking GC Explicit
08-03 23:14:33.070 15900 15900 I Input   : injectMotionEvent: MotionEvent { action=ACTION_MOVE, actionButton=0, id[0]=0, x[0]=500.0, y[0]=628.19995, toolType[0]=TOOL_TYPE_UNKNOWN, buttonState=0, metaState=0, flags=0x0, edgeFlags=0x0, pointerCount=1, historySize=0, eventTime=659689483, downTime=659689483, deviceId=0, source=0x1002 }
08-03 23:14:33.080 14236 14250 I art     : Explicit concurrent mark sweep GC freed 14(720B) AllocSpace objects, 0(0B) LOS objects, 10% free, 136MB/152MB, paused 1.031ms total 39.828ms
08-03 23:14:33.094 14236 14250 I art     : Starting a blocking GC Explicit
08-03 23:14:33.118 15900 15900 I Input   : injectMotionEvent: MotionEvent { action=ACTION_MOVE, actionButton=0, id[0]=0, x[0]=500.0, y[0]=537.0, toolType[0]=TOOL_TYPE_UNKNOWN, buttonState=0, metaState=0, flags=0x0, edgeFlags=0x0, pointerCount=1, historySize=0, eventTime=659689531, downTime=659689531, deviceId=0, source=0x1002 }
08-03 23:14:33.133 14236 14250 I art     : Explicit concurrent mark sweep GC freed 14(672B) AllocSpace objects, 0(0B) LOS objects, 10% free, 136MB/152MB, paused 1.026ms total 38.908ms
08-03 23:14:33.166 15900 15900 I Input   : injectMotionEvent: MotionEvent { action=ACTION_MOVE, actionButton=0, id[0]=0, x[0]=500.0, y[0]=445.79993, toolType[0]=TOOL_TYPE_UNKNOWN, buttonState=0, metaState=0, flags=0x0, edgeFlags=0x0, pointerCount=1, historySize=0, eventTime=659689579, downTime=659689579, deviceId=0, source=0x1002 }
08-03 23:14:33.213 15900 15900 I Input   : injectMotionEvent: MotionEvent { action=ACTION_MOVE, actionButton=0, id[0]=0, x[0]=500.0, y[0]=356.5, toolType[0]=TOOL_TYPE_UNKNOWN, buttonState=0, metaState=0, flags=0x0, edgeFlags=0x0, pointerCount=1, historySize=0, eventTime=659689626, downTime=659689626, deviceId=0, source=0x1002 }
08-03 23:14:33.242 15900 15900 I Input   : injectMotionEvent: MotionEvent { action=ACTION_MOVE, actionButton=0, id[0]=0, x[0]=500.0, y[0]=299.5, toolType[0]=TOOL_TYPE_UNKNOWN, buttonState=0, metaState=0, flags=0x0, edgeFlags=0x0, pointerCount=1, historySize=0, eventTime=659689656, downTime=659689656, deviceId=0, source=0x1002 }
08-03 23:14:33.272 15900 15900 I Input   : injectMotionEvent: MotionEvent { action=ACTION_MOVE, actionButton=0, id[0]=0, x[0]=500.0, y[0]=242.5, toolType[0]=TOOL_TYPE_UNKNOWN, buttonState=0, metaState=0, flags=0x0, edgeFlags=0x0, pointerCount=1, historySize=0, eventTime=659689686, downTime=659689686, deviceId=0, source=0x1002 }
08-03 23:14:33.303 15900 15900 I Input   : injectMotionEvent: MotionEvent { action=ACTION_MOVE, actionButton=0, id[0]=0, x[0]=500.0, y[0]=183.6001, toolType[0]=TOOL_TYPE_UNKNOWN, buttonState=0, metaState=0, flags=0x0, edgeFlags=0x0, pointerCount=1, historySize=0, eventTime=659689717, downTime=659689717, deviceId=0, source=0x1002 }
08-03 23:14:33.336 15900 15900 I Input   : injectMotionEvent: MotionEvent { action=ACTION_MOVE, actionButton=0, id[0]=0, x[0]=500.0, y[0]=120.8999, toolType[0]=TOOL_TYPE_UNKNOWN, buttonState=0, metaState=0, flags=0x0, edgeFlags=0x0, pointerCount=1, historySize=0, eventTime=659689750, downTime=659689750, deviceId=0, source=0x1002 }
08-03 23:14:33.370 15900 15900 I Input   : injectMotionEvent: MotionEvent { action=ACTION_UP, actionButton=0, id[0]=0, x[0]=500.0, y[0]=100.0, toolType[0]=TOOL_TYPE_UNKNOWN, buttonState=0, metaState=0, flags=0x0, edgeFlags=0x0, pointerCount=1, historySize=0, eventTime=659689784, downTime=659689784, deviceId=0, source=0x1002 }
08-03 23:14:33.401 15900 15900 D AndroidRuntime: Shutting down VM
08-03 23:14:33.476 14236 14248 I art     : Starting a blocking GC Explicit
08-03 23:14:33.518 14236 14248 I art     : Explicit concurrent mark sweep GC freed 1651(93KB) AllocSpace objects, 2(36KB) LOS objects, 10% free, 136MB/152MB, paused 1.079ms total 41.514ms
08-03 23:14:33.532   518   646 I ThermalEngine: ACTION: GPU - Setting GPU[0] to 450000000
08-03 23:14:33.535 14236 14248 I art     : Starting a blocking GC Explicit
08-03 23:14:33.589 14236 14248 I art     : Explicit concurrent mark sweep GC freed 28(1024B) AllocSpace objects, 0(0B) LOS objects, 10% free, 136MB/152MB, paused 1.455ms total 54.515ms
08-03 23:14:33.609 14236 14248 I art     : Starting a blocking GC Explicit
08-03 23:14:33.657 14236 14248 I art     : Explicit concurrent mark sweep GC freed 3(96B) AllocSpace objects, 0(0B) LOS objects, 10% free, 136MB/152MB, paused 1.425ms total 48.340ms
08-03 23:14:33.675 14236 14248 I art     : Starting a blocking GC Explicit
08-03 23:14:33.727 14236 14248 I art     : Explicit concurrent mark sweep GC freed 3(96B) AllocSpace objects, 0(0B) LOS objects, 10% free, 136MB/152MB, paused 1.390ms total 51.603ms
08-03 23:14:33.746 14236 14248 I art     : Starting a blocking GC Explicit
08-03 23:14:33.797 14236 14248 I art     : Explicit concurrent mark sweep GC freed 4(128B) AllocSpace objects, 0(0B) LOS objects, 10% free, 136MB/152MB, paused 1.436ms total 51.222ms
08-03 23:14:34.140 15949 15949 D AndroidRuntime: >>>>>> START com.android.internal.os.RuntimeInit uid 2000 <<<<<<
08-03 23:14:34.146 15949 15949 D AndroidRuntime: CheckJNI is OFF
08-03 23:14:34.177 14236 14250 I art     : Starting a blocking GC Explicit
08-03 23:14:34.185 15949 15949 D ICU     : No timezone override file found: /data/misc/zoneinfo/current/icu/icu_tzdata.dat
08-03 23:14:34.227 15949 15949 I Radio-JNI: register_android_hardware_Radio DONE
08-03 23:14:34.228 14236 14250 I art     : Explicit concurrent mark sweep GC freed 1599(92KB) AllocSpace objects, 2(36KB) LOS objects, 10% free, 136MB/152MB, paused 1.588ms total 50.358ms
08-03 23:14:34.247 14236 14250 I art     : Starting a blocking GC Explicit
08-03 23:14:34.258 15949 15949 D AndroidRuntime: Calling main entry com.android.commands.input.Input
08-03 23:14:34.260 15949 15949 I Input   : injectMotionEvent: MotionEvent { action=ACTION_DOWN, actionButton=0, id[0]=0, x[0]=500.0, y[0]=2000.0, toolType[0]=TOOL_TYPE_UNKNOWN, buttonState=0, metaState=0, flags=0x0, edgeFlags=0x0, pointerCount=1, historySize=0, eventTime=659690673, downTime=659690673, deviceId=0, source=0x1002 }
08-03 23:14:34.264 15949 15949 I Input   : injectMotionEvent: MotionEvent { action=ACTION_MOVE, actionButton=0, id[0]=0, x[0]=500.0, y[0]=2000.0, toolType[0]=TOOL_TYPE_UNKNOWN, buttonState=0, metaState=0, flags=0x0, edgeFlags=0x0, pointerCount=1, historySize=0, eventTime=659690673, downTime=659690673, deviceId=0, source=0x1002 }
08-03 23:14:34.269 15949 15949 I Input   : injectMotionEvent: MotionEvent { action=ACTION_MOVE, actionButton=0, id[0]=0, x[0]=500.0, y[0]=1981.0, toolType[0]=TOOL_TYPE_UNKNOWN, buttonState=0, metaState=0, flags=0x0, edgeFlags=0x0, pointerCount=1, historySize=0, eventTime=659690683, downTime=659690683, deviceId=0, source=0x1002 }
08-03 23:14:34.286 15949 15949 I Input   : injectMotionEvent: MotionEvent { action=ACTION_MOVE, actionButton=0, id[0]=0, x[0]=500.0, y[0]=1948.7, toolType[0]=TOOL_TYPE_UNKNOWN, buttonState=0, metaState=0, flags=0x0, edgeFlags=0x0, pointerCount=1, historySize=0, eventTime=659690700, downTime=659690700, deviceId=0, source=0x1002 }
08-03 23:14:34.299 14236 14250 I art     : Explicit concurrent mark sweep GC freed 68(2096B) AllocSpace objects, 0(0B) LOS objects, 10% free, 136MB/152MB, paused 1.454ms total 51.966ms
08-03 23:14:34.305 15949 15949 I Input   : injectMotionEvent: MotionEvent { action=ACTION_MOVE, actionButton=0, id[0]=0, x[0]=500.0, y[0]=1914.5, toolType[0]=TOOL_TYPE_UNKNOWN, buttonState=0, metaState=0, flags=0x0, edgeFlags=0x0, pointerCount=1, historySize=0, eventTime=659690718, downTime=659690718, deviceId=0, source=0x1002 }
08-03 23:14:34.319 14236 14250 I art     : Starting a blocking GC Explicit
08-03 23:14:34.322 15949 15949 I Input   : injectMotionEvent: MotionEvent { action=ACTION_MOVE, actionButton=0, id[0]=0, x[0]=500.0, y[0]=1882.2, toolType[0]=TOOL_TYPE_UNKNOWN, buttonState=0, metaState=0, flags=0x0, edgeFlags=0x0, pointerCount=1, historySize=0, eventTime=659690735, downTime=659690735, deviceId=0, source=0x1002 }
08-03 23:14:34.366 15949 15949 I Input   : injectMotionEvent: MotionEvent { action=ACTION_MOVE, actionButton=0, id[0]=0, x[0]=500.0, y[0]=1798.6, toolType[0]=TOOL_TYPE_UNKNOWN, buttonState=0, metaState=0, flags=0x0, edgeFlags=0x0, pointerCount=1, historySize=0, eventTime=659690779, downTime=659690779, deviceId=0, source=0x1002 }
08-03 23:14:34.373 14236 14250 I art     : Explicit concurrent mark sweep GC freed 18(576B) AllocSpace objects, 0(0B) LOS objects, 10% free, 136MB/152MB, paused 1.531ms total 53.385ms
08-03 23:14:34.392 14236 14250 I art     : Starting a blocking GC Explicit
08-03 23:14:34.409 15949 15949 I Input   : injectMotionEvent: MotionEvent { action=ACTION_MOVE, actionButton=0, id[0]=0, x[0]=500.0, y[0]=1716.9, toolType[0]=TOOL_TYPE_UNKNOWN, buttonState=0, metaState=0, flags=0x0, edgeFlags=0x0, pointerCount=1, historySize=0, eventTime=659690822, downTime=659690822, deviceId=0, source=0x1002 }
08-03 23:14:34.441 14236 14250 I art     : Explicit concurrent mark sweep GC freed 10(320B) AllocSpace objects, 0(0B) LOS objects, 10% free, 136MB/152MB, paused 1.515ms total 48.935ms
08-03 23:14:34.449 15949 15949 I Input   : injectMotionEvent: MotionEvent { action=ACTION_MOVE, actionButton=0, id[0]=0, x[0]=500.0, y[0]=1640.9, toolType[0]=TOOL_TYPE_UNKNOWN, buttonState=0, metaState=0, flags=0x0, edgeFlags=0x0, pointerCount=1, historySize=0, eventTime=659690862, downTime=659690862, deviceId=0, source=0x1002 }
08-03 23:14:34.460 14236 14250 I art     : Starting a blocking GC Explicit
08-03 23:14:34.488 15949 15949 I Input   : injectMotionEvent: MotionEvent { action=ACTION_MOVE, actionButton=0, id[0]=0, x[0]=500.0, y[0]=1564.9, toolType[0]=TOOL_TYPE_UNKNOWN, buttonState=0, metaState=0, flags=0x0, edgeFlags=0x0, pointerCount=1, historySize=0, eventTime=659690902, downTime=659690902, deviceId=0, source=0x1002 }
08-03 23:14:34.509 14236 14250 I art     : Explicit concurrent mark sweep GC freed 13(416B) AllocSpace objects, 0(0B) LOS objects, 10% free, 136MB/152MB, paused 1.557ms total 48.645ms
08-03 23:14:34.526 15949 15949 I Input   : injectMotionEvent: MotionEvent { action=ACTION_MOVE, actionButton=0, id[0]=0, x[0]=500.0, y[0]=1492.7, toolType[0]=TOOL_TYPE_UNKNOWN, buttonState=0, metaState=0, flags=0x0, edgeFlags=0x0, pointerCount=1, historySize=0, eventTime=659690940, downTime=659690940, deviceId=0, source=0x1002 }
08-03 23:14:34.562 15949 15949 I Input   : injectMotionEvent: MotionEvent { action=ACTION_MOVE, actionButton=0, id[0]=0, x[0]=500.0, y[0]=1426.2, toolType[0]=TOOL_TYPE_UNKNOWN, buttonState=0, metaState=0, flags=0x0, edgeFlags=0x0, pointerCount=1, historySize=0, eventTime=659690975, downTime=659690975, deviceId=0, source=0x1002 }
08-03 23:14:34.603 15949 15949 I Input   : injectMotionEvent: MotionEvent { action=ACTION_MOVE, actionButton=0, id[0]=0, x[0]=500.0, y[0]=1348.3, toolType[0]=TOOL_TYPE_UNKNOWN, buttonState=0, metaState=0, flags=0x0, edgeFlags=0x0, pointerCount=1, historySize=0, eventTime=659691016, downTime=659691016, deviceId=0, source=0x1002 }
08-03 23:14:34.642 15949 15949 I Input   : injectMotionEvent: MotionEvent { action=ACTION_MOVE, actionButton=0, id[0]=0, x[0]=500.0, y[0]=1274.2, toolType[0]=TOOL_TYPE_UNKNOWN, buttonState=0, metaState=0, flags=0x0, edgeFlags=0x0, pointerCount=1, historySize=0, eventTime=659691055, downTime=659691055, deviceId=0, source=0x1002 }
08-03 23:14:34.682 15949 15949 I Input   : injectMotionEvent: MotionEvent { action=ACTION_MOVE, actionButton=0, id[0]=0, x[0]=500.0, y[0]=1196.3, toolType[0]=TOOL_TYPE_UNKNOWN, buttonState=0, metaState=0, flags=0x0, edgeFlags=0x0, pointerCount=1, historySize=0, eventTime=659691096, downTime=659691096, deviceId=0, source=0x1002 }
08-03 23:14:34.723 15949 15949 I Input   : injectMotionEvent: MotionEvent { action=ACTION_MOVE, actionButton=0, id[0]=0, x[0]=500.0, y[0]=1120.3, toolType[0]=TOOL_TYPE_UNKNOWN, buttonState=0, metaState=0, flags=0x0, edgeFlags=0x0, pointerCount=1, historySize=0, eventTime=659691136, downTime=659691136, deviceId=0, source=0x1002 }
08-03 23:14:34.760 15949 15949 I Input   : injectMotionEvent: MotionEvent { action=ACTION_MOVE, actionButton=0, id[0]=0, x[0]=500.0, y[0]=1048.1001, toolType[0]=TOOL_TYPE_UNKNOWN, buttonState=0, metaState=0, flags=0x0, edgeFlags=0x0, pointerCount=1, historySize=0, eventTime=659691174, downTime=659691174, deviceId=0, source=0x1002 }
08-03 23:14:34.797 15949 15949 I Input   : injectMotionEvent: MotionEvent { action=ACTION_MOVE, actionButton=0, id[0]=0, x[0]=500.0, y[0]=979.7, toolType[0]=TOOL_TYPE_UNKNOWN, buttonState=0, metaState=0, flags=0x0, edgeFlags=0x0, pointerCount=1, historySize=0, eventTime=659691210, downTime=659691210, deviceId=0, source=0x1002 }
08-03 23:14:34.834 15949 15949 I Input   : injectMotionEvent: MotionEvent { action=ACTION_MOVE, actionButton=0, id[0]=0, x[0]=500.0, y[0]=909.4, toolType[0]=TOOL_TYPE_UNKNOWN, buttonState=0, metaState=0, flags=0x0, edgeFlags=0x0, pointerCount=1, historySize=0, eventTime=659691247, downTime=659691247, deviceId=0, source=0x1002 }
08-03 23:14:34.873 15949 15949 I Input   : injectMotionEvent: MotionEvent { action=ACTION_MOVE, actionButton=0, id[0]=0, x[0]=500.0, y[0]=835.30005, toolType[0]=TOOL_TYPE_UNKNOWN, buttonState=0, metaState=0, flags=0x0, edgeFlags=0x0, pointerCount=1, historySize=0, eventTime=659691286, downTime=659691286, deviceId=0, source=0x1002 }
08-03 23:14:34.900 14236 14750 I art     : Starting a blocking GC Explicit
08-03 23:14:34.916 15949 15949 I Input   : injectMotionEvent: MotionEvent { action=ACTION_MOVE, actionButton=0, id[0]=0, x[0]=500.0, y[0]=753.6, toolType[0]=TOOL_TYPE_UNKNOWN, buttonState=0, metaState=0, flags=0x0, edgeFlags=0x0, pointerCount=1, historySize=0, eventTime=659691329, downTime=659691329, deviceId=0, source=0x1002 }
08-03 23:14:34.950 14236 14750 I art     : Explicit concurrent mark sweep GC freed 1609(92KB) AllocSpace objects, 2(36KB) LOS objects, 10% free, 136MB/152MB, paused 1.355ms total 49.616ms
08-03 23:14:34.955 15949 15949 I Input   : injectMotionEvent: MotionEvent { action=ACTION_MOVE, actionButton=0, id[0]=0, x[0]=500.0, y[0]=679.5, toolType[0]=TOOL_TYPE_UNKNOWN, buttonState=0, metaState=0, flags=0x0, edgeFlags=0x0, pointerCount=1, historySize=0, eventTime=659691368, downTime=659691368, deviceId=0, source=0x1002 }
08-03 23:14:34.971 14236 14750 I art     : Starting a blocking GC Explicit
08-03 23:14:34.994 15949 15949 I Input   : injectMotionEvent: MotionEvent { action=ACTION_MOVE, actionButton=0, id[0]=0, x[0]=500.0, y[0]=605.3999, toolType[0]=TOOL_TYPE_UNKNOWN, buttonState=0, metaState=0, flags=0x0, edgeFlags=0x0, pointerCount=1, historySize=0, eventTime=659691407, downTime=659691407, deviceId=0, source=0x1002 }
08-03 23:14:35.018 14236 14750 I art     : Explicit concurrent mark sweep GC freed 36(1280B) AllocSpace objects, 0(0B) LOS objects, 10% free, 136MB/152MB, paused 1.583ms total 46.997ms
08-03 23:14:35.032 15949 15949 I Input   : injectMotionEvent: MotionEvent { action=ACTION_MOVE, actionButton=0, id[0]=0, x[0]=500.0, y[0]=531.30005, toolType[0]=TOOL_TYPE_UNKNOWN, buttonState=0, metaState=0, flags=0x0, edgeFlags=0x0, pointerCount=1, historySize=0, eventTime=659691446, downTime=659691446, deviceId=0, source=0x1002 }
08-03 23:14:35.039 14236 14750 I art     : Starting a blocking GC Explicit
08-03 23:14:35.072 15949 15949 I Input   : injectMotionEvent: MotionEvent { action=ACTION_MOVE, actionButton=0, id[0]=0, x[0]=500.0, y[0]=457.20007, toolType[0]=TOOL_TYPE_UNKNOWN, buttonState=0, metaState=0, flags=0x0, edgeFlags=0x0, pointerCount=1, historySize=0, eventTime=659691485, downTime=659691485, deviceId=0, source=0x1002 }
08-03 23:14:35.086 14236 14750 I art     : Explicit concurrent mark sweep GC freed 11(352B) AllocSpace objects, 0(0B) LOS objects, 10% free, 136MB/152MB, paused 1.295ms total 46.713ms
08-03 23:14:35.105 14236 14750 I art     : Starting a blocking GC Explicit
08-03 23:14:35.112 15949 15949 I Input   : injectMotionEvent: MotionEvent { action=ACTION_MOVE, actionButton=0, id[0]=0, x[0]=500.0, y[0]=381.19995, toolType[0]=TOOL_TYPE_UNKNOWN, buttonState=0, metaState=0, flags=0x0, edgeFlags=0x0, pointerCount=1, historySize=0, eventTime=659691525, downTime=659691525, deviceId=0, source=0x1002 }
08-03 23:14:35.150 14236 14750 I art     : Explicit concurrent mark sweep GC freed 7(224B) AllocSpace objects, 0(0B) LOS objects, 10% free, 136MB/152MB, paused 1.429ms total 45.325ms
08-03 23:14:35.151 15949 15949 I Input   : injectMotionEvent: MotionEvent { action=ACTION_MOVE, actionButton=0, id[0]=0, x[0]=500.0, y[0]=307.1001, toolType[0]=TOOL_TYPE_UNKNOWN, buttonState=0, metaState=0, flags=0x0, edgeFlags=0x0, pointerCount=1, historySize=0, eventTime=659691564, downTime=659691564, deviceId=0, source=0x1002 }
08-03 23:14:35.169 14236 14750 I art     : Starting a blocking GC Explicit
08-03 23:14:35.189 15949 15949 I Input   : injectMotionEvent: MotionEvent { action=ACTION_MOVE, actionButton=0, id[0]=0, x[0]=500.0, y[0]=234.8999, toolType[0]=TOOL_TYPE_UNKNOWN, buttonState=0, metaState=0, flags=0x0, edgeFlags=0x0, pointerCount=1, historySize=0, eventTime=659691602, downTime=659691602, deviceId=0, source=0x1002 }
08-03 23:14:35.216 14236 14750 I art     : Explicit concurrent mark sweep GC freed 11(352B) AllocSpace objects, 0(0B) LOS objects, 10% free, 136MB/152MB, paused 1.485ms total 47.226ms
08-03 23:14:35.228 15949 15949 I Input   : injectMotionEvent: MotionEvent { action=ACTION_MOVE, actionButton=0, id[0]=0, x[0]=500.0, y[0]=158.90002, toolType[0]=TOOL_TYPE_UNKNOWN, buttonState=0, metaState=0, flags=0x0, edgeFlags=0x0, pointerCount=1, historySize=0, eventTime=659691642, downTime=659691642, deviceId=0, source=0x1002 }
08-03 23:14:35.267 15949 15949 I Input   : injectMotionEvent: MotionEvent { action=ACTION_UP, actionButton=0, id[0]=0, x[0]=500.0, y[0]=100.0, toolType[0]=TOOL_TYPE_UNKNOWN, buttonState=0, metaState=0, flags=0x0, edgeFlags=0x0, pointerCount=1, historySize=0, eventTime=659691680, downTime=659691680, deviceId=0, source=0x1002 }
08-03 23:14:35.305 15949 15949 D AndroidRuntime: Shutting down VM
08-03 23:14:35.601 14236 14255 I art     : Starting a blocking GC Explicit
08-03 23:14:35.655 14236 14255 I art     : Explicit concurrent mark sweep GC freed 1643(93KB) AllocSpace objects, 2(36KB) LOS objects, 10% free, 136MB/152MB, paused 1.370ms total 53.154ms
08-03 23:14:35.674 14236 14255 I art     : Starting a blocking GC Explicit
08-03 23:14:35.725 14236 14255 I art     : Explicit concurrent mark sweep GC freed 40(1648B) AllocSpace objects, 0(0B) LOS objects, 10% free, 136MB/152MB, paused 1.389ms total 50.551ms
08-03 23:14:35.744 14236 14255 I art     : Starting a blocking GC Explicit
08-03 23:14:35.797 14236 14255 I art     : Explicit concurrent mark sweep GC freed 3(96B) AllocSpace objects, 0(0B) LOS objects, 10% free, 136MB/152MB, paused 1.423ms total 52.752ms
08-03 23:14:35.816 14236 14255 I art     : Starting a blocking GC Explicit
08-03 23:14:35.868 14236 14255 I art     : Explicit concurrent mark sweep GC freed 3(96B) AllocSpace objects, 0(0B) LOS objects, 10% free, 136MB/152MB, paused 1.475ms total 52.020ms
08-03 23:14:35.887 14236 14255 I art     : Starting a blocking GC Explicit
08-03 23:14:35.938 14236 14255 I art     : Explicit concurrent mark sweep GC freed 3(96B) AllocSpace objects, 0(0B) LOS objects, 10% free, 136MB/152MB, paused 1.476ms total 51.620ms
08-03 23:14:36.099 15996 15996 D AndroidRuntime: >>>>>> START com.android.internal.os.RuntimeInit uid 2000 <<<<<<
08-03 23:14:36.106 15996 15996 D AndroidRuntime: CheckJNI is OFF
08-03 23:14:36.148 15996 15996 D ICU     : No timezone override file found: /data/misc/zoneinfo/current/icu/icu_tzdata.dat
08-03 23:14:36.190 15996 15996 I Radio-JNI: register_android_hardware_Radio DONE
08-03 23:14:36.219 15996 15996 D AndroidRuntime: Calling main entry com.android.commands.input.Input
08-03 23:14:36.222 15996 15996 I Input   : injectMotionEvent: MotionEvent { action=ACTION_DOWN, actionButton=0, id[0]=0, x[0]=657.0, y[0]=2080.0, toolType[0]=TOOL_TYPE_UNKNOWN, buttonState=0, metaState=0, flags=0x0, edgeFlags=0x0, pointerCount=1, historySize=0, eventTime=659692634, downTime=659692634, deviceId=0, source=0x1002 }
08-03 23:14:36.227 15996 15996 I Input   : injectMotionEvent: MotionEvent { action=ACTION_UP, actionButton=0, id[0]=0, x[0]=657.0, y[0]=2080.0, toolType[0]=TOOL_TYPE_UNKNOWN, buttonState=0, metaState=0, flags=0x0, edgeFlags=0x0, pointerCount=1, historySize=0, eventTime=659692634, downTime=659692634, deviceId=0, source=0x1002 }
08-03 23:14:36.230   512  2967 D audio_hw_primary: out_set_parameters: enter: usecase(1: low-latency-playback) kvpairs: routing=2
08-03 23:14:36.231 15996 15996 D AndroidRuntime: Shutting down VM
08-03 23:14:36.231   918  6111 I ActivityManager: START u0 {cmp=baseline.io.github.project_travel_mate/.utilities.UpcomingWeekendsActivity} from uid 10650 on display 0
08-03 23:14:36.244   512  2967 D audio_hw_primary: select_devices: out_snd_device(2: speaker) in_snd_device(0: none)
08-03 23:14:36.244   512  2967 D msm8974_platform: platform_send_audio_calibration: sending audio calibration for snd_device(2) acdb_id(15)
08-03 23:14:36.244   512  2967 I soundtrigger: audio_extn_sound_trigger_update_device_status: device 0x2 of type 0 for Event 1
08-03 23:14:36.256   512  2967 D audio_hw_primary: enable_snd_device: snd_device(2: speaker)
08-03 23:14:36.259   512  2967 D audio_hw_primary: enable_audio_route: apply and update mixer path: low-latency-playback speaker
08-03 23:14:36.285 14236 14302 D Gabe    : call	returning from cache
08-03 23:14:36.289 14236 14236 V EXECUTING: https://project-travel-mate.herokuapp.com/api/get-upcoming-holidays/2020
08-03 23:14:36.292 14236 14236 V EXECUTING: https://project-travel-mate.herokuapp.com/api/get-upcoming-holidays/2020
08-03 23:14:36.321 14236 14255 I art     : Starting a blocking GC Explicit
08-03 23:14:36.372 14236 14255 I art     : Explicit concurrent mark sweep GC freed 2840(218KB) AllocSpace objects, 2(36KB) LOS objects, 10% free, 136MB/152MB, paused 1.581ms total 50.330ms
08-03 23:14:36.386 13866 13866 I GoogleInputMethodServic: GoogleInputMethodService.onFinishInput():3138 
08-03 23:14:36.386 13866 13866 I GoogleInputMethodServic: GoogleInputMethodService.onStartInput():1808 
08-03 23:14:36.390 14236 14255 I art     : Starting a blocking GC Explicit
08-03 23:14:36.439 14236 14255 I art     : Explicit concurrent mark sweep GC freed 773(30KB) AllocSpace objects, 0(0B) LOS objects, 10% free, 141MB/157MB, paused 1.918ms total 49.413ms
08-03 23:14:36.458 14236 14255 I art     : Starting a blocking GC Explicit
08-03 23:14:36.487   918   936 I ActivityManager: Displayed baseline.io.github.project_travel_mate/.utilities.UpcomingWeekendsActivity: +246ms
08-03 23:14:36.507 14236 14255 I art     : Explicit concurrent mark sweep GC freed 101(2464B) AllocSpace objects, 0(0B) LOS objects, 10% free, 141MB/157MB, paused 1.673ms total 49.378ms
08-03 23:14:36.508 14236 14247 I art     : WaitForGcToComplete blocked for 10.820ms for cause HeapTrim
08-03 23:14:36.527 14236 14255 I art     : Starting a blocking GC Explicit
08-03 23:14:36.578 14236 14255 I art     : Explicit concurrent mark sweep GC freed 46(832B) AllocSpace objects, 0(0B) LOS objects, 10% free, 141MB/157MB, paused 1.729ms total 50.621ms
08-03 23:14:36.599 14236 14255 I art     : Starting a blocking GC Explicit
08-03 23:14:36.652 14236 14255 I art     : Explicit concurrent mark sweep GC freed 60(1008B) AllocSpace objects, 0(0B) LOS objects, 10% free, 141MB/157MB, paused 1.604ms total 52.476ms
08-03 23:14:36.739   380   380 W SurfaceFlinger: couldn't log to binary event log: overflow.
08-03 23:14:36.798   512  2967 D audio_hw_primary: disable_audio_route: reset and update mixer path: low-latency-playback speaker
08-03 23:14:36.799   512  2967 D audio_hw_primary: disable_snd_device: snd_device(2: speaker)
08-03 23:14:36.810   512  2967 I soundtrigger: audio_extn_sound_trigger_update_device_status: device 0x2 of type 0 for Event 0
08-03 23:14:36.828 14236 16020 I NAPPA_EXPERIMENTATION: MetricNetworkRequestExecutionTime: REQUEST_DURATION_SYSTEM='535',REQUEST_DURATION_OKHTTP='32',REQUEST_SYNCHRONOUS='FALSE',RESPONSE_CODE='200',RESPONSE_METHOD='GET',RESPONSE_LENGTH_OKHTTP='6426',RESPONSE_LENGTH_HEADER='6426',REQUEST_PROTOCOL='http/1.1',REQUEST_URL='https://project-travel-mate.herokuapp.com/api/get-upcoming-holidays/2020',
08-03 23:14:36.834 14236 14236 V Response: [{"month":"January","date":1,"day":"Wednesday","name":"New Year's Day","type":"Restricted"},{"month":"January","date":2,"day":"Thursday","name":"Guru Govind Singh Jayanti","type":"Restricted"},{"month":"January","date":14,"day":"Tuesday","name":"Lohri","type":"Restricted"},{"month":"January","date":15,"day":"Wednesday","name":"Pongal","type":"Restricted"},{"month":"January","date":15,"day":"Wednesday","name":"Makar Sankranti","type":"Restricted"},{"month":"January","date":25,"day":"Saturday","name":"Chinese New Year","type":"Observance"},{"month":"January","date":26,"day":"Sunday","name":"Republic Day","type":"Gazetted"},{"month":"January","date":30,"day":"Thursday","name":"Vasant Panchami","type":"Restricted"},{"month":"February","date":9,"day":"Sunday","name":"Guru Ravidas Jayanti","type":"Restricted"},{"month":"February","date":14,"day":"Friday","name":"Valentine's Day","type":"Observance"},{"month":"February","date":18,"day":"Tuesday","name":"Maharishi Dayanand Saraswati Jayanti","type":"Restricted"},{"month":"February","date":19,"day":"Wednesday","name":"Shivaji Jayanti","type":"Restricted"},{"month":"February","date":21,"day":"Friday","name":"Maha Shivaratri/Shivaratri","type":"Gazetted"},{"month":"March","date":9,"day":"Monday","name":"Holika Dahana","type":"Restricted"},{"month":"March","date":9,"day":"Monday","name":"Hazarat Ali's Birthday","type":"Restricted"},{"month":"March","date":10,"day":"Tuesday","name":"Holi","type":"Gazetted"},{"month":"March","date":20,"day":"Friday","name":"March Equinox","type":"Season"},{"month":"March","date":25,"day":"Wednesday","name":"Chaitra Sukhladi","type":"Restricted"},{"month":"April","date":2,"day":"Thursday","name":"Rama Navami","type":"Gazetted"},{"month":"April","date":6,"day":"Monday","name":"Mahavir Jayanti","type":"Gazetted"},{"month":"April","date":9,"day":"Thursday","name":"First day of Passover","type":"Observance"},{"month":"April","date":9,"day":"Thursday","name":"Maundy Thursday","type":"Observance,"},{"month":"April","date":10,"day":"Friday","name":"Good Friday","type":"Gazetted"},{"month":"April","date":12,"day":"Sunday","name":"Easter Day","type":"Restricted"},{"month":"April","date":13,"day":"Monday","name":"Vaisakhi","type":"Restricted"},{"month":"April","date":14,"day":"Tuesday","name":"Mesadi/Vaisakhadi","type":"Restricted"},{"month":"April","date":14,"day":"Tuesday","name":"Ambedkar Jayanti","type":"Central"},{"month":"May","date":1,"day":"Friday","name":"May Day","type":"Observance"},{"month":"May","date":7,"day":"Thursday","name":"Buddha Purnima/Vesak","type":"Gazetted"},{"month":"May","date":7,"day":"Thursday","name":"Birthday of Ravindranath","type":"Restricted"},{"month":"May","date":10,"day":"Sunday","name":"Mother's Day","type":"Observance"},{"month":"May","date":22,"day":"Friday","name":"Jamat Ul-Vida","type":"Restricted"},{"month":"May","date":25,"day":"Monday","name":"Ramzan Id/Eid-ul-Fitar","type":"Gazetted"},{"month":"May","date":25,"day":"Monday","name":"Ramzan Id/Eid-ul-Fitar","type":"Muslim,"},{"month":"June","date":21,"day":"Sunday","name":"June Solstice","type":"Season"},{"month":"June","date":21,"day":"Sunday","name":"Father's Day","type":"Observance"},{"month":"June","date":23,"day":"Tuesday","name":"Rath Yatra","type":"Restricted"},{"month":"July","date":5,"day":"Sunday","name":"Guru Purnima","type":"Observance"},{"month":"July","date":31,"day":"Friday","name":"Bakr Id/Eid ul-Adha","type":"Gazetted"},{"month":"August","date":2,"day":"Sunday","name":"Friendship Day","type":"Observance"},{"month":"August","date":3,"day":"Monday","name":"Raksha Bandhan (Rakhi)","type":"Restricted"},{"month":"August","date":11,"day":"Tuesday","name":"Janmashtami (Smarta)","type":"Restricted"},{"month":"August","date":12,"day":"Wednesday","name":"Janmashtami","type":"Gazetted"},{"month":"August","date":15,"day":"Saturday","name":"Independence Day","type":"Gazetted"},{"month":"August","date":16,"day":"Sunday","name":"Parsi New Year","type":"Restricted"},{"month":"August","date":22,"day":"Saturday","name":"Ganesh Chaturthi/Vin
08-03 23:14:36.845 14236 16019 I NAPPA_EXPERIMENTATION: MetricNetworkRequestExecutionTime: REQUEST_DURATION_SYSTEM='555',REQUEST_DURATION_OKHTTP='36',REQUEST_SYNCHRONOUS='FALSE',RESPONSE_CODE='200',RESPONSE_METHOD='GET',RESPONSE_LENGTH_OKHTTP='6426',RESPONSE_LENGTH_HEADER='6426',REQUEST_PROTOCOL='http/1.1',REQUEST_URL='https://project-travel-mate.herokuapp.com/api/get-upcoming-holidays/2020',
08-03 23:14:36.932 14236 14236 V Response: [{"month":"January","date":1,"day":"Wednesday","name":"New Year's Day","type":"Restricted"},{"month":"January","date":2,"day":"Thursday","name":"Guru Govind Singh Jayanti","type":"Restricted"},{"month":"January","date":14,"day":"Tuesday","name":"Lohri","type":"Restricted"},{"month":"January","date":15,"day":"Wednesday","name":"Pongal","type":"Restricted"},{"month":"January","date":15,"day":"Wednesday","name":"Makar Sankranti","type":"Restricted"},{"month":"January","date":25,"day":"Saturday","name":"Chinese New Year","type":"Observance"},{"month":"January","date":26,"day":"Sunday","name":"Republic Day","type":"Gazetted"},{"month":"January","date":30,"day":"Thursday","name":"Vasant Panchami","type":"Restricted"},{"month":"February","date":9,"day":"Sunday","name":"Guru Ravidas Jayanti","type":"Restricted"},{"month":"February","date":14,"day":"Friday","name":"Valentine's Day","type":"Observance"},{"month":"February","date":18,"day":"Tuesday","name":"Maharishi Dayanand Saraswati Jayanti","type":"Restricted"},{"month":"February","date":19,"day":"Wednesday","name":"Shivaji Jayanti","type":"Restricted"},{"month":"February","date":21,"day":"Friday","name":"Maha Shivaratri/Shivaratri","type":"Gazetted"},{"month":"March","date":9,"day":"Monday","name":"Holika Dahana","type":"Restricted"},{"month":"March","date":9,"day":"Monday","name":"Hazarat Ali's Birthday","type":"Restricted"},{"month":"March","date":10,"day":"Tuesday","name":"Holi","type":"Gazetted"},{"month":"March","date":20,"day":"Friday","name":"March Equinox","type":"Season"},{"month":"March","date":25,"day":"Wednesday","name":"Chaitra Sukhladi","type":"Restricted"},{"month":"April","date":2,"day":"Thursday","name":"Rama Navami","type":"Gazetted"},{"month":"April","date":6,"day":"Monday","name":"Mahavir Jayanti","type":"Gazetted"},{"month":"April","date":9,"day":"Thursday","name":"First day of Passover","type":"Observance"},{"month":"April","date":9,"day":"Thursday","name":"Maundy Thursday","type":"Observance,"},{"month":"April","date":10,"day":"Friday","name":"Good Friday","type":"Gazetted"},{"month":"April","date":12,"day":"Sunday","name":"Easter Day","type":"Restricted"},{"month":"April","date":13,"day":"Monday","name":"Vaisakhi","type":"Restricted"},{"month":"April","date":14,"day":"Tuesday","name":"Mesadi/Vaisakhadi","type":"Restricted"},{"month":"April","date":14,"day":"Tuesday","name":"Ambedkar Jayanti","type":"Central"},{"month":"May","date":1,"day":"Friday","name":"May Day","type":"Observance"},{"month":"May","date":7,"day":"Thursday","name":"Buddha Purnima/Vesak","type":"Gazetted"},{"month":"May","date":7,"day":"Thursday","name":"Birthday of Ravindranath","type":"Restricted"},{"month":"May","date":10,"day":"Sunday","name":"Mother's Day","type":"Observance"},{"month":"May","date":22,"day":"Friday","name":"Jamat Ul-Vida","type":"Restricted"},{"month":"May","date":25,"day":"Monday","name":"Ramzan Id/Eid-ul-Fitar","type":"Gazetted"},{"month":"May","date":25,"day":"Monday","name":"Ramzan Id/Eid-ul-Fitar","type":"Muslim,"},{"month":"June","date":21,"day":"Sunday","name":"June Solstice","type":"Season"},{"month":"June","date":21,"day":"Sunday","name":"Father's Day","type":"Observance"},{"month":"June","date":23,"day":"Tuesday","name":"Rath Yatra","type":"Restricted"},{"month":"July","date":5,"day":"Sunday","name":"Guru Purnima","type":"Observance"},{"month":"July","date":31,"day":"Friday","name":"Bakr Id/Eid ul-Adha","type":"Gazetted"},{"month":"August","date":2,"day":"Sunday","name":"Friendship Day","type":"Observance"},{"month":"August","date":3,"day":"Monday","name":"Raksha Bandhan (Rakhi)","type":"Restricted"},{"month":"August","date":11,"day":"Tuesday","name":"Janmashtami (Smarta)","type":"Restricted"},{"month":"August","date":12,"day":"Wednesday","name":"Janmashtami","type":"Gazetted"},{"month":"August","date":15,"day":"Saturday","name":"Independence Day","type":"Gazetted"},{"month":"August","date":16,"day":"Sunday","name":"Parsi New Year","type":"Restricted"},{"month":"August","date":22,"day":"Saturday","name":"Ganesh Chaturthi/Vin
08-03 23:14:37.022 14236 14248 I art     : Starting a blocking GC Explicit
08-03 23:14:37.085 14236 14248 I art     : Explicit concurrent mark sweep GC freed 20738(906KB) AllocSpace objects, 12(4MB) LOS objects, 10% free, 137MB/153MB, paused 1.653ms total 62.392ms
08-03 23:14:37.104 14236 14248 I art     : Starting a blocking GC Explicit
08-03 23:14:37.158 14236 14248 I art     : Explicit concurrent mark sweep GC freed 3446(320KB) AllocSpace objects, 0(0B) LOS objects, 10% free, 137MB/153MB, paused 1.551ms total 53.525ms
08-03 23:14:37.178 14236 14248 I art     : Starting a blocking GC Explicit
08-03 23:14:37.236 14236 14248 I art     : Explicit concurrent mark sweep GC freed 123(2096B) AllocSpace objects, 0(0B) LOS objects, 10% free, 137MB/153MB, paused 1.475ms total 57.961ms
08-03 23:14:37.260 14236 14248 I art     : Starting a blocking GC Explicit
08-03 23:14:37.313 14236 14248 I art     : Explicit concurrent mark sweep GC freed 162(3KB) AllocSpace objects, 0(0B) LOS objects, 10% free, 137MB/153MB, paused 1.449ms total 52.769ms
08-03 23:14:37.332 14236 14248 I art     : Starting a blocking GC Explicit
08-03 23:14:37.387 14236 14248 I art     : Explicit concurrent mark sweep GC freed 99(1696B) AllocSpace objects, 0(0B) LOS objects, 10% free, 137MB/153MB, paused 1.523ms total 54.905ms
08-03 23:14:37.777 14236 14750 I art     : Starting a blocking GC Explicit
08-03 23:14:37.835 14236 14750 I art     : Explicit concurrent mark sweep GC freed 2261(104KB) AllocSpace objects, 2(36KB) LOS objects, 10% free, 137MB/153MB, paused 1.430ms total 57.729ms
08-03 23:14:37.855 14236 14750 I art     : Starting a blocking GC Explicit
08-03 23:14:37.918 14236 14750 I art     : Explicit concurrent mark sweep GC freed 148(3024B) AllocSpace objects, 0(0B) LOS objects, 10% free, 137MB/153MB, paused 1.584ms total 62.576ms
08-03 23:14:37.937 14236 14750 I art     : Starting a blocking GC Explicit
08-03 23:14:37.999 14236 14750 I art     : Explicit concurrent mark sweep GC freed 122(2064B) AllocSpace objects, 0(0B) LOS objects, 10% free, 137MB/153MB, paused 1.561ms total 61.393ms
08-03 23:14:38.019 14236 14750 I art     : Starting a blocking GC Explicit
08-03 23:14:38.080 14236 14750 I art     : Explicit concurrent mark sweep GC freed 115(1968B) AllocSpace objects, 0(0B) LOS objects, 10% free, 137MB/153MB, paused 1.543ms total 60.491ms
08-03 23:14:38.100 14236 14750 I art     : Starting a blocking GC Explicit
08-03 23:14:38.163 14236 14750 I art     : Explicit concurrent mark sweep GC freed 119(2032B) AllocSpace objects, 0(0B) LOS objects, 10% free, 137MB/153MB, paused 1.622ms total 63.057ms
08-03 23:14:38.614 14236 14255 I art     : Starting a blocking GC Explicit
08-03 23:14:38.678 14236 14255 I art     : Explicit concurrent mark sweep GC freed 2369(105KB) AllocSpace objects, 2(36KB) LOS objects, 10% free, 137MB/153MB, paused 1.727ms total 64.140ms
08-03 23:14:38.700 14236 14255 I art     : Starting a blocking GC Explicit
08-03 23:14:38.760 14236 14255 I art     : Explicit concurrent mark sweep GC freed 166(3KB) AllocSpace objects, 0(0B) LOS objects, 10% free, 137MB/153MB, paused 1.426ms total 59.524ms
08-03 23:14:38.780 14236 14255 I art     : Starting a blocking GC Explicit
08-03 23:14:38.841 14236 14255 I art     : Explicit concurrent mark sweep GC freed 122(2064B) AllocSpace objects, 0(0B) LOS objects, 10% free, 137MB/153MB, paused 1.425ms total 60.451ms
08-03 23:14:38.860 14236 14255 I art     : Starting a blocking GC Explicit
08-03 23:14:38.920 14236 14255 I art     : Explicit concurrent mark sweep GC freed 124(2128B) AllocSpace objects, 0(0B) LOS objects, 10% free, 137MB/153MB, paused 1.543ms total 59.961ms
08-03 23:14:38.940 14236 14255 I art     : Starting a blocking GC Explicit
08-03 23:14:39.000 14236 14255 I art     : Explicit concurrent mark sweep GC freed 122(2064B) AllocSpace objects, 0(0B) LOS objects, 10% free, 137MB/153MB, paused 1.547ms total 59.797ms
08-03 23:14:39.427 14236 14250 I art     : Starting a blocking GC Explicit
08-03 23:14:39.490 14236 14250 I art     : Explicit concurrent mark sweep GC freed 2334(105KB) AllocSpace objects, 2(36KB) LOS objects, 10% free, 137MB/153MB, paused 1.441ms total 62.383ms
08-03 23:14:39.511 14236 14250 I art     : Starting a blocking GC Explicit
08-03 23:14:39.539   518   646 I ThermalEngine: ACTION: GPU - Setting GPU[0] to 510000000
08-03 23:14:39.571 14236 14250 I art     : Explicit concurrent mark sweep GC freed 157(3KB) AllocSpace objects, 0(0B) LOS objects, 10% free, 137MB/153MB, paused 1.469ms total 59.887ms
08-03 23:14:39.588 14236 14250 I art     : Starting a blocking GC Explicit
08-03 23:14:39.633 14236 14250 I art     : Explicit concurrent mark sweep GC freed 101(1760B) AllocSpace objects, 0(0B) LOS objects, 10% free, 137MB/153MB, paused 1.049ms total 44.969ms
08-03 23:14:39.649 14236 14250 I art     : Starting a blocking GC Explicit
08-03 23:14:39.695 14236 14250 I art     : Explicit concurrent mark sweep GC freed 78(1344B) AllocSpace objects, 0(0B) LOS objects, 10% free, 137MB/153MB, paused 1.105ms total 45.795ms
08-03 23:14:39.710 14236 14250 I art     : Starting a blocking GC Explicit
08-03 23:14:39.755 14236 14250 I art     : Explicit concurrent mark sweep GC freed 95(1616B) AllocSpace objects, 0(0B) LOS objects, 10% free, 137MB/153MB, paused 1.100ms total 44.577ms
08-03 23:14:40.134 14236 14248 I art     : Starting a blocking GC Explicit
08-03 23:14:40.184 14236 14248 I art     : Explicit concurrent mark sweep GC freed 2209(102KB) AllocSpace objects, 2(36KB) LOS objects, 10% free, 137MB/153MB, paused 1.051ms total 48.999ms
08-03 23:14:40.203 14236 14248 I art     : Starting a blocking GC Explicit
08-03 23:14:40.219 13225 13350 W FirebaseInstanceId: Token retrieval failed: SERVICE_NOT_AVAILABLE. Will retry token retrieval
08-03 23:14:40.247 14236 14248 I art     : Explicit concurrent mark sweep GC freed 124(2624B) AllocSpace objects, 0(0B) LOS objects, 10% free, 137MB/153MB, paused 1.142ms total 43.686ms
08-03 23:14:40.262 14236 14248 I art     : Starting a blocking GC Explicit
08-03 23:14:40.307 14236 14248 I art     : Explicit concurrent mark sweep GC freed 115(2368B) AllocSpace objects, 0(0B) LOS objects, 10% free, 137MB/153MB, paused 1.087ms total 44.559ms
08-03 23:14:40.322 14236 14248 I art     : Starting a blocking GC Explicit
08-03 23:14:40.367 14236 14248 I art     : Explicit concurrent mark sweep GC freed 98(1664B) AllocSpace objects, 0(0B) LOS objects, 10% free, 137MB/153MB, paused 1.102ms total 44.890ms
08-03 23:14:40.382 14236 14248 I art     : Starting a blocking GC Explicit
08-03 23:14:40.428 14236 14248 I art     : Explicit concurrent mark sweep GC freed 76(1328B) AllocSpace objects, 0(0B) LOS objects, 10% free, 137MB/153MB, paused 1.099ms total 46.273ms
08-03 23:14:40.762 14236 14750 I art     : Starting a blocking GC Explicit
08-03 23:14:40.812 14236 14750 I art     : Explicit concurrent mark sweep GC freed 2136(101KB) AllocSpace objects, 2(36KB) LOS objects, 10% free, 137MB/153MB, paused 1.034ms total 49.628ms
08-03 23:14:40.825 14236 14750 I art     : Starting a blocking GC Explicit
08-03 23:14:40.865 14236 14750 I art     : Explicit concurrent mark sweep GC freed 124(2624B) AllocSpace objects, 0(0B) LOS objects, 10% free, 137MB/153MB, paused 1.024ms total 39.721ms
08-03 23:14:40.879 14236 14750 I art     : Starting a blocking GC Explicit
08-03 23:14:40.918 14236 14750 I art     : Explicit concurrent mark sweep GC freed 76(1328B) AllocSpace objects, 0(0B) LOS objects, 10% free, 137MB/153MB, paused 1.097ms total 38.543ms
08-03 23:14:40.918 16077 16077 D AndroidRuntime: >>>>>> START com.android.internal.os.RuntimeInit uid 2000 <<<<<<
08-03 23:14:40.923 16077 16077 D AndroidRuntime: CheckJNI is OFF
08-03 23:14:40.931 14236 14750 I art     : Starting a blocking GC Explicit
08-03 23:14:40.953 16077 16077 D ICU     : No timezone override file found: /data/misc/zoneinfo/current/icu/icu_tzdata.dat
08-03 23:14:40.970 14236 14750 I art     : Explicit concurrent mark sweep GC freed 75(1296B) AllocSpace objects, 0(0B) LOS objects, 10% free, 137MB/153MB, paused 1.056ms total 38.481ms
08-03 23:14:40.984 14236 14750 I art     : Starting a blocking GC Explicit
08-03 23:14:40.986 16077 16077 I Radio-JNI: register_android_hardware_Radio DONE
08-03 23:14:41.007 16077 16077 D AndroidRuntime: Calling main entry com.android.commands.input.Input
08-03 23:14:41.009 16077 16077 I Input   : injectKeyEvent: KeyEvent { action=ACTION_DOWN, keyCode=KEYCODE_BACK, scanCode=0, metaState=0, flags=0x0, repeatCount=0, eventTime=659697422, downTime=659697422, deviceId=-1, source=0x101 }
08-03 23:14:41.015 16077 16077 I Input   : injectKeyEvent: KeyEvent { action=ACTION_UP, keyCode=KEYCODE_BACK, scanCode=0, metaState=0, flags=0x0, repeatCount=0, eventTime=659697422, downTime=659697422, deviceId=-1, source=0x101 }
08-03 23:14:41.019 16077 16077 D AndroidRuntime: Shutting down VM
08-03 23:14:41.022 14236 14750 I art     : Explicit concurrent mark sweep GC freed 79(1472B) AllocSpace objects, 0(0B) LOS objects, 10% free, 137MB/153MB, paused 1.119ms total 38.469ms
08-03 23:14:41.028 14236 14236 V MainActivity: url = https://project-travel-mate.herokuapp.com/api/number-of-unread-notifications
08-03 23:14:41.054 13866 13866 I GoogleInputMethodServic: GoogleInputMethodService.onFinishInput():3138 
08-03 23:14:41.055 13866 13866 I GoogleInputMethodServic: GoogleInputMethodService.onStartInput():1808 
08-03 23:14:41.343 14236 14248 I art     : Starting a blocking GC Explicit
08-03 23:14:41.361   380   380 W SurfaceFlinger: couldn't log to binary event log: overflow.
08-03 23:14:41.386 14236 14248 I art     : Explicit concurrent mark sweep GC freed 2575(123KB) AllocSpace objects, 2(36KB) LOS objects, 10% free, 137MB/153MB, paused 999us total 42.112ms
08-03 23:14:41.400 14236 14248 I art     : Starting a blocking GC Explicit
08-03 23:14:41.442 14236 14248 I art     : Explicit concurrent mark sweep GC freed 99(4KB) AllocSpace objects, 0(0B) LOS objects, 10% free, 137MB/153MB, paused 1.138ms total 42.444ms
08-03 23:14:41.456 14236 14248 I art     : Starting a blocking GC Explicit
08-03 23:14:41.502 14236 14248 I art     : Explicit concurrent mark sweep GC freed 9176(492KB) AllocSpace objects, 16(464KB) LOS objects, 10% free, 137MB/153MB, paused 1.568ms total 45.545ms
08-03 23:14:41.517 14236 14248 I art     : Starting a blocking GC Explicit
08-03 23:14:41.522 14236 16100 I NAPPA_EXPERIMENTATION: MetricNetworkRequestExecutionTime: REQUEST_DURATION_SYSTEM='493',REQUEST_DURATION_OKHTTP='28',REQUEST_SYNCHRONOUS='FALSE',RESPONSE_CODE='200',RESPONSE_METHOD='GET',RESPONSE_LENGTH_OKHTTP='36',RESPONSE_LENGTH_HEADER='36',REQUEST_PROTOCOL='http/1.1',REQUEST_URL='https://project-travel-mate.herokuapp.com/api/number-of-unread-notifications',
08-03 23:14:41.561 14236 14248 I art     : Explicit concurrent mark sweep GC freed 1048(126KB) AllocSpace objects, 0(0B) LOS objects, 10% free, 137MB/153MB, paused 1.275ms total 43.534ms
08-03 23:14:41.576 14236 14248 I art     : Starting a blocking GC Explicit
08-03 23:14:41.620 14236 14248 I art     : Explicit concurrent mark sweep GC freed 133(5KB) AllocSpace objects, 0(0B) LOS objects, 10% free, 137MB/153MB, paused 1.212ms total 44.405ms
08-03 23:14:41.621 14236 14247 I art     : WaitForGcToComplete blocked for 41.890ms for cause HeapTrim
08-03 23:14:41.990 14236 16111 I art     : Starting a blocking GC Explicit
08-03 23:14:42.041 14236 16111 I art     : Explicit concurrent mark sweep GC freed 1591(92KB) AllocSpace objects, 2(36KB) LOS objects, 10% free, 137MB/153MB, paused 1.192ms total 50.140ms
08-03 23:14:42.056 14236 16111 I art     : Starting a blocking GC Explicit
08-03 23:14:42.102 14236 16111 I art     : Explicit concurrent mark sweep GC freed 40(1600B) AllocSpace objects, 0(0B) LOS objects, 10% free, 137MB/153MB, paused 1.137ms total 46.098ms
08-03 23:14:42.118 14236 16111 I art     : Starting a blocking GC Explicit
08-03 23:14:42.164 14236 16111 I art     : Explicit concurrent mark sweep GC freed 7(320B) AllocSpace objects, 0(0B) LOS objects, 10% free, 137MB/153MB, paused 1.143ms total 46.010ms
08-03 23:14:42.179 14236 16111 I art     : Starting a blocking GC Explicit
08-03 23:14:42.226 14236 16111 I art     : Explicit concurrent mark sweep GC freed 3(96B) AllocSpace objects, 0(0B) LOS objects, 10% free, 137MB/153MB, paused 1.173ms total 46.422ms
08-03 23:14:42.241 14236 16111 I art     : Starting a blocking GC Explicit
08-03 23:14:42.285 14236 16111 I art     : Explicit concurrent mark sweep GC freed 7(224B) AllocSpace objects, 0(0B) LOS objects, 10% free, 137MB/153MB, paused 1.042ms total 43.703ms
08-03 23:14:42.656 14236 14750 I art     : Starting a blocking GC Explicit
08-03 23:14:42.687 16124 16124 D AndroidRuntime: >>>>>> START com.android.internal.os.RuntimeInit uid 2000 <<<<<<
08-03 23:14:42.691 16124 16124 D AndroidRuntime: CheckJNI is OFF
08-03 23:14:42.700 14236 14750 I art     : Explicit concurrent mark sweep GC freed 1635(93KB) AllocSpace objects, 2(36KB) LOS objects, 10% free, 137MB/153MB, paused 1.247ms total 44.346ms
08-03 23:14:42.715 14236 14750 I art     : Starting a blocking GC Explicit
08-03 23:14:42.724 16124 16124 D ICU     : No timezone override file found: /data/misc/zoneinfo/current/icu/icu_tzdata.dat
08-03 23:14:42.753 14236 14750 I art     : Explicit concurrent mark sweep GC freed 45(1552B) AllocSpace objects, 0(0B) LOS objects, 10% free, 137MB/153MB, paused 1.102ms total 38.376ms
08-03 23:14:42.756 16124 16124 I Radio-JNI: register_android_hardware_Radio DONE
08-03 23:14:42.767 14236 14750 I art     : Starting a blocking GC Explicit
08-03 23:14:42.778 16124 16124 D AndroidRuntime: Calling main entry com.android.commands.input.Input
08-03 23:14:42.780 16124 16124 I Input   : injectMotionEvent: MotionEvent { action=ACTION_DOWN, actionButton=0, id[0]=0, x[0]=657.0, y[0]=2080.0, toolType[0]=TOOL_TYPE_UNKNOWN, buttonState=0, metaState=0, flags=0x0, edgeFlags=0x0, pointerCount=1, historySize=0, eventTime=659699192, downTime=659699192, deviceId=0, source=0x1002 }
08-03 23:14:42.792 16124 16124 I Input   : injectMotionEvent: MotionEvent { action=ACTION_UP, actionButton=0, id[0]=0, x[0]=657.0, y[0]=2080.0, toolType[0]=TOOL_TYPE_UNKNOWN, buttonState=0, metaState=0, flags=0x0, edgeFlags=0x0, pointerCount=1, historySize=0, eventTime=659699192, downTime=659699192, deviceId=0, source=0x1002 }
08-03 23:14:42.806 14236 14750 I art     : Explicit concurrent mark sweep GC freed 6(192B) AllocSpace objects, 0(0B) LOS objects, 10% free, 137MB/153MB, paused 1.063ms total 39.346ms
08-03 23:14:42.822 16124 16124 D AndroidRuntime: Shutting down VM
08-03 23:14:42.823 14236 14750 I art     : Starting a blocking GC Explicit
08-03 23:14:42.852   918  5952 I ActivityManager: START u0 {cmp=baseline.io.github.project_travel_mate/.utilities.UpcomingWeekendsActivity} from uid 10650 on display 0
08-03 23:14:42.854   512  2967 D audio_hw_primary: out_set_parameters: enter: usecase(1: low-latency-playback) kvpairs: routing=2
08-03 23:14:42.865 14236 14750 I art     : Explicit concurrent mark sweep GC freed 21(672B) AllocSpace objects, 0(0B) LOS objects, 10% free, 137MB/153MB, paused 1.064ms total 40.885ms
08-03 23:14:42.866   512  2967 D audio_hw_primary: select_devices: out_snd_device(2: speaker) in_snd_device(0: none)
08-03 23:14:42.867   512  2967 D msm8974_platform: platform_send_audio_calibration: sending audio calibration for snd_device(2) acdb_id(15)
08-03 23:14:42.867   512  2967 I soundtrigger: audio_extn_sound_trigger_update_device_status: device 0x2 of type 0 for Event 1
08-03 23:14:42.876   512  2967 D audio_hw_primary: enable_snd_device: snd_device(2: speaker)
08-03 23:14:42.878   512  2967 D audio_hw_primary: enable_audio_route: apply and update mixer path: low-latency-playback speaker
08-03 23:14:42.879 14236 14750 I art     : Starting a blocking GC Explicit
08-03 23:14:42.922 14236 14750 I art     : Explicit concurrent mark sweep GC freed 40(1472B) AllocSpace objects, 0(0B) LOS objects, 10% free, 137MB/153MB, paused 1.403ms total 42.120ms
08-03 23:14:42.933 14236 14302 D Gabe    : call	returning from cache
08-03 23:14:42.935 14236 14236 V EXECUTING: https://project-travel-mate.herokuapp.com/api/get-upcoming-holidays/2020
08-03 23:14:42.937 14236 14236 V EXECUTING: https://project-travel-mate.herokuapp.com/api/get-upcoming-holidays/2020
08-03 23:14:43.006 13866 13866 I GoogleInputMethodServic: GoogleInputMethodService.onFinishInput():3138 
08-03 23:14:43.007 13866 13866 I GoogleInputMethodServic: GoogleInputMethodService.onStartInput():1808 
08-03 23:14:43.087   918   936 I ActivityManager: Displayed baseline.io.github.project_travel_mate/.utilities.UpcomingWeekendsActivity: +198ms
08-03 23:14:43.239 14236 14750 I art     : Starting a blocking GC Explicit
08-03 23:14:43.279 14236 14750 I art     : Explicit concurrent mark sweep GC freed 3506(192KB) AllocSpace objects, 2(36KB) LOS objects, 10% free, 141MB/157MB, paused 1.277ms total 40.150ms
08-03 23:14:43.295 14236 14750 I art     : Starting a blocking GC Explicit
08-03 23:14:43.343 14236 14750 I art     : Explicit concurrent mark sweep GC freed 362(13KB) AllocSpace objects, 0(0B) LOS objects, 10% free, 141MB/157MB, paused 1.146ms total 47.747ms
08-03 23:14:43.346   380   380 W SurfaceFlinger: couldn't log to binary event log: overflow.
08-03 23:14:43.359 14236 14750 I art     : Starting a blocking GC Explicit
08-03 23:14:43.399 14236 14750 I art     : Explicit concurrent mark sweep GC freed 99(1696B) AllocSpace objects, 0(0B) LOS objects, 10% free, 141MB/157MB, paused 1.139ms total 39.640ms
08-03 23:14:43.408   512  2967 D audio_hw_primary: disable_audio_route: reset and update mixer path: low-latency-playback speaker
08-03 23:14:43.409   512  2967 D audio_hw_primary: disable_snd_device: snd_device(2: speaker)
08-03 23:14:43.413 14236 14750 I art     : Starting a blocking GC Explicit
08-03 23:14:43.418   512  2967 I soundtrigger: audio_extn_sound_trigger_update_device_status: device 0x2 of type 0 for Event 0
08-03 23:14:43.458 14236 14750 I art     : Explicit concurrent mark sweep GC freed 5169(263KB) AllocSpace objects, 6(400KB) LOS objects, 10% free, 141MB/157MB, paused 1.435ms total 44.369ms
08-03 23:14:43.473 14236 14750 I art     : Starting a blocking GC Explicit
08-03 23:14:43.478 14236 16150 I NAPPA_EXPERIMENTATION: MetricNetworkRequestExecutionTime: REQUEST_DURATION_SYSTEM='540',REQUEST_DURATION_OKHTTP='31',REQUEST_SYNCHRONOUS='FALSE',RESPONSE_CODE='200',RESPONSE_METHOD='GET',RESPONSE_LENGTH_OKHTTP='6426',RESPONSE_LENGTH_HEADER='6426',REQUEST_PROTOCOL='http/1.1',REQUEST_URL='https://project-travel-mate.herokuapp.com/api/get-upcoming-holidays/2020',
08-03 23:14:43.496 14236 16149 I NAPPA_EXPERIMENTATION: MetricNetworkRequestExecutionTime: REQUEST_DURATION_SYSTEM='560',REQUEST_DURATION_OKHTTP='44',REQUEST_SYNCHRONOUS='FALSE',RESPONSE_CODE='200',RESPONSE_METHOD='GET',RESPONSE_LENGTH_OKHTTP='6426',RESPONSE_LENGTH_HEADER='6426',REQUEST_PROTOCOL='http/1.1',REQUEST_URL='https://project-travel-mate.herokuapp.com/api/get-upcoming-holidays/2020',
08-03 23:14:43.515 14236 14750 I art     : Explicit concurrent mark sweep GC freed 2233(257KB) AllocSpace objects, 2(32KB) LOS objects, 10% free, 141MB/157MB, paused 1.413ms total 42.347ms
08-03 23:14:43.604 14236 14236 V Response: [{"month":"January","date":1,"day":"Wednesday","name":"New Year's Day","type":"Restricted"},{"month":"January","date":2,"day":"Thursday","name":"Guru Govind Singh Jayanti","type":"Restricted"},{"month":"January","date":14,"day":"Tuesday","name":"Lohri","type":"Restricted"},{"month":"January","date":15,"day":"Wednesday","name":"Pongal","type":"Restricted"},{"month":"January","date":15,"day":"Wednesday","name":"Makar Sankranti","type":"Restricted"},{"month":"January","date":25,"day":"Saturday","name":"Chinese New Year","type":"Observance"},{"month":"January","date":26,"day":"Sunday","name":"Republic Day","type":"Gazetted"},{"month":"January","date":30,"day":"Thursday","name":"Vasant Panchami","type":"Restricted"},{"month":"February","date":9,"day":"Sunday","name":"Guru Ravidas Jayanti","type":"Restricted"},{"month":"February","date":14,"day":"Friday","name":"Valentine's Day","type":"Observance"},{"month":"February","date":18,"day":"Tuesday","name":"Maharishi Dayanand Saraswati Jayanti","type":"Restricted"},{"month":"February","date":19,"day":"Wednesday","name":"Shivaji Jayanti","type":"Restricted"},{"month":"February","date":21,"day":"Friday","name":"Maha Shivaratri/Shivaratri","type":"Gazetted"},{"month":"March","date":9,"day":"Monday","name":"Holika Dahana","type":"Restricted"},{"month":"March","date":9,"day":"Monday","name":"Hazarat Ali's Birthday","type":"Restricted"},{"month":"March","date":10,"day":"Tuesday","name":"Holi","type":"Gazetted"},{"month":"March","date":20,"day":"Friday","name":"March Equinox","type":"Season"},{"month":"March","date":25,"day":"Wednesday","name":"Chaitra Sukhladi","type":"Restricted"},{"month":"April","date":2,"day":"Thursday","name":"Rama Navami","type":"Gazetted"},{"month":"April","date":6,"day":"Monday","name":"Mahavir Jayanti","type":"Gazetted"},{"month":"April","date":9,"day":"Thursday","name":"First day of Passover","type":"Observance"},{"month":"April","date":9,"day":"Thursday","name":"Maundy Thursday","type":"Observance,"},{"month":"April","date":10,"day":"Friday","name":"Good Friday","type":"Gazetted"},{"month":"April","date":12,"day":"Sunday","name":"Easter Day","type":"Restricted"},{"month":"April","date":13,"day":"Monday","name":"Vaisakhi","type":"Restricted"},{"month":"April","date":14,"day":"Tuesday","name":"Mesadi/Vaisakhadi","type":"Restricted"},{"month":"April","date":14,"day":"Tuesday","name":"Ambedkar Jayanti","type":"Central"},{"month":"May","date":1,"day":"Friday","name":"May Day","type":"Observance"},{"month":"May","date":7,"day":"Thursday","name":"Buddha Purnima/Vesak","type":"Gazetted"},{"month":"May","date":7,"day":"Thursday","name":"Birthday of Ravindranath","type":"Restricted"},{"month":"May","date":10,"day":"Sunday","name":"Mother's Day","type":"Observance"},{"month":"May","date":22,"day":"Friday","name":"Jamat Ul-Vida","type":"Restricted"},{"month":"May","date":25,"day":"Monday","name":"Ramzan Id/Eid-ul-Fitar","type":"Gazetted"},{"month":"May","date":25,"day":"Monday","name":"Ramzan Id/Eid-ul-Fitar","type":"Muslim,"},{"month":"June","date":21,"day":"Sunday","name":"June Solstice","type":"Season"},{"month":"June","date":21,"day":"Sunday","name":"Father's Day","type":"Observance"},{"month":"June","date":23,"day":"Tuesday","name":"Rath Yatra","type":"Restricted"},{"month":"July","date":5,"day":"Sunday","name":"Guru Purnima","type":"Observance"},{"month":"July","date":31,"day":"Friday","name":"Bakr Id/Eid ul-Adha","type":"Gazetted"},{"month":"August","date":2,"day":"Sunday","name":"Friendship Day","type":"Observance"},{"month":"August","date":3,"day":"Monday","name":"Raksha Bandhan (Rakhi)","type":"Restricted"},{"month":"August","date":11,"day":"Tuesday","name":"Janmashtami (Smarta)","type":"Restricted"},{"month":"August","date":12,"day":"Wednesday","name":"Janmashtami","type":"Gazetted"},{"month":"August","date":15,"day":"Saturday","name":"Independence Day","type":"Gazetted"},{"month":"August","date":16,"day":"Sunday","name":"Parsi New Year","type":"Restricted"},{"month":"August","date":22,"day":"Saturday","name":"Ganesh Chaturthi/Vin
08-03 23:14:43.607 14236 14236 V Response: [{"month":"January","date":1,"day":"Wednesday","name":"New Year's Day","type":"Restricted"},{"month":"January","date":2,"day":"Thursday","name":"Guru Govind Singh Jayanti","type":"Restricted"},{"month":"January","date":14,"day":"Tuesday","name":"Lohri","type":"Restricted"},{"month":"January","date":15,"day":"Wednesday","name":"Pongal","type":"Restricted"},{"month":"January","date":15,"day":"Wednesday","name":"Makar Sankranti","type":"Restricted"},{"month":"January","date":25,"day":"Saturday","name":"Chinese New Year","type":"Observance"},{"month":"January","date":26,"day":"Sunday","name":"Republic Day","type":"Gazetted"},{"month":"January","date":30,"day":"Thursday","name":"Vasant Panchami","type":"Restricted"},{"month":"February","date":9,"day":"Sunday","name":"Guru Ravidas Jayanti","type":"Restricted"},{"month":"February","date":14,"day":"Friday","name":"Valentine's Day","type":"Observance"},{"month":"February","date":18,"day":"Tuesday","name":"Maharishi Dayanand Saraswati Jayanti","type":"Restricted"},{"month":"February","date":19,"day":"Wednesday","name":"Shivaji Jayanti","type":"Restricted"},{"month":"February","date":21,"day":"Friday","name":"Maha Shivaratri/Shivaratri","type":"Gazetted"},{"month":"March","date":9,"day":"Monday","name":"Holika Dahana","type":"Restricted"},{"month":"March","date":9,"day":"Monday","name":"Hazarat Ali's Birthday","type":"Restricted"},{"month":"March","date":10,"day":"Tuesday","name":"Holi","type":"Gazetted"},{"month":"March","date":20,"day":"Friday","name":"March Equinox","type":"Season"},{"month":"March","date":25,"day":"Wednesday","name":"Chaitra Sukhladi","type":"Restricted"},{"month":"April","date":2,"day":"Thursday","name":"Rama Navami","type":"Gazetted"},{"month":"April","date":6,"day":"Monday","name":"Mahavir Jayanti","type":"Gazetted"},{"month":"April","date":9,"day":"Thursday","name":"First day of Passover","type":"Observance"},{"month":"April","date":9,"day":"Thursday","name":"Maundy Thursday","type":"Observance,"},{"month":"April","date":10,"day":"Friday","name":"Good Friday","type":"Gazetted"},{"month":"April","date":12,"day":"Sunday","name":"Easter Day","type":"Restricted"},{"month":"April","date":13,"day":"Monday","name":"Vaisakhi","type":"Restricted"},{"month":"April","date":14,"day":"Tuesday","name":"Mesadi/Vaisakhadi","type":"Restricted"},{"month":"April","date":14,"day":"Tuesday","name":"Ambedkar Jayanti","type":"Central"},{"month":"May","date":1,"day":"Friday","name":"May Day","type":"Observance"},{"month":"May","date":7,"day":"Thursday","name":"Buddha Purnima/Vesak","type":"Gazetted"},{"month":"May","date":7,"day":"Thursday","name":"Birthday of Ravindranath","type":"Restricted"},{"month":"May","date":10,"day":"Sunday","name":"Mother's Day","type":"Observance"},{"month":"May","date":22,"day":"Friday","name":"Jamat Ul-Vida","type":"Restricted"},{"month":"May","date":25,"day":"Monday","name":"Ramzan Id/Eid-ul-Fitar","type":"Gazetted"},{"month":"May","date":25,"day":"Monday","name":"Ramzan Id/Eid-ul-Fitar","type":"Muslim,"},{"month":"June","date":21,"day":"Sunday","name":"June Solstice","type":"Season"},{"month":"June","date":21,"day":"Sunday","name":"Father's Day","type":"Observance"},{"month":"June","date":23,"day":"Tuesday","name":"Rath Yatra","type":"Restricted"},{"month":"July","date":5,"day":"Sunday","name":"Guru Purnima","type":"Observance"},{"month":"July","date":31,"day":"Friday","name":"Bakr Id/Eid ul-Adha","type":"Gazetted"},{"month":"August","date":2,"day":"Sunday","name":"Friendship Day","type":"Observance"},{"month":"August","date":3,"day":"Monday","name":"Raksha Bandhan (Rakhi)","type":"Restricted"},{"month":"August","date":11,"day":"Tuesday","name":"Janmashtami (Smarta)","type":"Restricted"},{"month":"August","date":12,"day":"Wednesday","name":"Janmashtami","type":"Gazetted"},{"month":"August","date":15,"day":"Saturday","name":"Independence Day","type":"Gazetted"},{"month":"August","date":16,"day":"Sunday","name":"Parsi New Year","type":"Restricted"},{"month":"August","date":22,"day":"Saturday","name":"Ganesh Chaturthi/Vin
08-03 23:14:43.869 14236 16111 I art     : Starting a blocking GC Explicit
08-03 23:14:43.922 14236 16111 I art     : Explicit concurrent mark sweep GC freed 11373(437KB) AllocSpace objects, 4(4MB) LOS objects, 10% free, 138MB/154MB, paused 1.271ms total 52.358ms
08-03 23:14:43.938 14236 16111 I art     : Starting a blocking GC Explicit
08-03 23:14:43.987 14236 16111 I art     : Explicit concurrent mark sweep GC freed 413(14KB) AllocSpace objects, 0(0B) LOS objects, 10% free, 138MB/154MB, paused 1.167ms total 48.809ms
08-03 23:14:44.002 14236 16111 I art     : Starting a blocking GC Explicit
08-03 23:14:44.046 14236 16111 I art     : Explicit concurrent mark sweep GC freed 75(1296B) AllocSpace objects, 0(0B) LOS objects, 10% free, 138MB/154MB, paused 1.118ms total 43.409ms
08-03 23:14:44.060 14236 16111 I art     : Starting a blocking GC Explicit
08-03 23:14:44.109 14236 16111 I art     : Explicit concurrent mark sweep GC freed 99(1696B) AllocSpace objects, 0(0B) LOS objects, 10% free, 138MB/154MB, paused 1.356ms total 48.435ms
08-03 23:14:44.125 14236 16111 I art     : Starting a blocking GC Explicit
08-03 23:14:44.169 14236 16111 I art     : Explicit concurrent mark sweep GC freed 99(1696B) AllocSpace objects, 0(0B) LOS objects, 10% free, 138MB/154MB, paused 1.143ms total 44.416ms
08-03 23:14:44.529 14236 14248 I art     : Starting a blocking GC Explicit
08-03 23:14:44.577 14236 14248 I art     : Explicit concurrent mark sweep GC freed 2212(103KB) AllocSpace objects, 2(36KB) LOS objects, 10% free, 138MB/154MB, paused 1.185ms total 47.737ms
08-03 23:14:44.593 14236 14248 I art     : Starting a blocking GC Explicit
08-03 23:14:44.641 14236 14248 I art     : Explicit concurrent mark sweep GC freed 144(3KB) AllocSpace objects, 0(0B) LOS objects, 10% free, 138MB/154MB, paused 1.168ms total 47.673ms
08-03 23:14:44.656 14236 14248 I art     : Starting a blocking GC Explicit
08-03 23:14:44.704 14236 14248 I art     : Explicit concurrent mark sweep GC freed 99(1696B) AllocSpace objects, 0(0B) LOS objects, 10% free, 138MB/154MB, paused 1.195ms total 47.086ms
08-03 23:14:44.719 14236 14248 I art     : Starting a blocking GC Explicit
08-03 23:14:44.767 14236 14248 I art     : Explicit concurrent mark sweep GC freed 81(1392B) AllocSpace objects, 0(0B) LOS objects, 10% free, 138MB/154MB, paused 1.330ms total 47.158ms
08-03 23:14:44.782 14236 14248 I art     : Starting a blocking GC Explicit
08-03 23:14:44.830 14236 14248 I art     : Explicit concurrent mark sweep GC freed 93(1600B) AllocSpace objects, 0(0B) LOS objects, 10% free, 138MB/154MB, paused 1.218ms total 47.862ms
08-03 23:14:45.228 14236 14250 I art     : Starting a blocking GC Explicit
08-03 23:14:45.279 14236 14250 I art     : Explicit concurrent mark sweep GC freed 2245(103KB) AllocSpace objects, 2(36KB) LOS objects, 10% free, 138MB/154MB, paused 1.337ms total 50.878ms
08-03 23:14:45.298 14236 14250 I art     : Starting a blocking GC Explicit
08-03 23:14:45.343 14236 14250 I art     : Explicit concurrent mark sweep GC freed 173(4KB) AllocSpace objects, 0(0B) LOS objects, 10% free, 138MB/154MB, paused 1.155ms total 45.032ms
08-03 23:14:45.358 14236 14250 I art     : Starting a blocking GC Explicit
08-03 23:14:45.404 14236 14250 I art     : Explicit concurrent mark sweep GC freed 96(1632B) AllocSpace objects, 0(0B) LOS objects, 10% free, 138MB/154MB, paused 1.296ms total 45.885ms
08-03 23:14:45.419 14236 14250 I art     : Starting a blocking GC Explicit
08-03 23:14:45.464 14236 14250 I art     : Explicit concurrent mark sweep GC freed 78(1360B) AllocSpace objects, 0(0B) LOS objects, 10% free, 138MB/154MB, paused 1.107ms total 44.242ms
08-03 23:14:45.479 14236 14250 I art     : Starting a blocking GC Explicit
08-03 23:14:45.523 14236 14250 I art     : Explicit concurrent mark sweep GC freed 97(1648B) AllocSpace objects, 0(0B) LOS objects, 10% free, 138MB/154MB, paused 1.232ms total 43.732ms
08-03 23:14:45.907 14236 14750 I art     : Starting a blocking GC Explicit
08-03 23:14:45.955 14236 14750 I art     : Explicit concurrent mark sweep GC freed 2210(102KB) AllocSpace objects, 2(36KB) LOS objects, 10% free, 138MB/154MB, paused 1.282ms total 47.539ms
08-03 23:14:45.970 14236 14750 I art     : Starting a blocking GC Explicit
08-03 23:14:46.018 14236 14750 I art     : Explicit concurrent mark sweep GC freed 101(2256B) AllocSpace objects, 0(0B) LOS objects, 10% free, 138MB/154MB, paused 1.286ms total 47.234ms
08-03 23:14:46.033 14236 14750 I art     : Starting a blocking GC Explicit
08-03 23:14:46.080 14236 14750 I art     : Explicit concurrent mark sweep GC freed 98(1664B) AllocSpace objects, 0(0B) LOS objects, 10% free, 138MB/154MB, paused 1.177ms total 47.439ms
08-03 23:14:46.096 14236 14750 I art     : Starting a blocking GC Explicit
08-03 23:14:46.143 14236 14750 I art     : Explicit concurrent mark sweep GC freed 101(1760B) AllocSpace objects, 0(0B) LOS objects, 10% free, 138MB/154MB, paused 1.156ms total 47.189ms
08-03 23:14:46.158 14236 14750 I art     : Starting a blocking GC Explicit
08-03 23:14:46.207 14236 14750 I art     : Explicit concurrent mark sweep GC freed 91(1552B) AllocSpace objects, 0(0B) LOS objects, 10% free, 138MB/154MB, paused 1.339ms total 48.916ms
08-03 23:14:46.606 14236 14255 I art     : Starting a blocking GC Explicit
08-03 23:14:46.656 14236 14255 I art     : Explicit concurrent mark sweep GC freed 2279(103KB) AllocSpace objects, 2(36KB) LOS objects, 10% free, 138MB/154MB, paused 1.210ms total 49.163ms
08-03 23:14:46.671 14236 14255 I art     : Starting a blocking GC Explicit
08-03 23:14:46.718 14236 14255 I art     : Explicit concurrent mark sweep GC freed 101(2256B) AllocSpace objects, 0(0B) LOS objects, 10% free, 138MB/154MB, paused 1.221ms total 46.276ms
08-03 23:14:46.733 14236 14255 I art     : Starting a blocking GC Explicit
08-03 23:14:46.780 14236 14255 I art     : Explicit concurrent mark sweep GC freed 99(1696B) AllocSpace objects, 0(0B) LOS objects, 10% free, 138MB/154MB, paused 1.216ms total 47.535ms
08-03 23:14:46.796 14236 14255 I art     : Starting a blocking GC Explicit
08-03 23:14:46.844 14236 14255 I art     : Explicit concurrent mark sweep GC freed 99(1696B) AllocSpace objects, 0(0B) LOS objects, 10% free, 138MB/154MB, paused 1.212ms total 47.961ms
08-03 23:14:46.859 14236 14255 I art     : Starting a blocking GC Explicit
08-03 23:14:46.907 14236 14255 I art     : Explicit concurrent mark sweep GC freed 98(1664B) AllocSpace objects, 0(0B) LOS objects, 10% free, 138MB/154MB, paused 1.191ms total 47.353ms
08-03 23:14:47.260 14236 16111 I art     : Starting a blocking GC Explicit
08-03 23:14:47.309 14236 16111 I art     : Explicit concurrent mark sweep GC freed 2212(103KB) AllocSpace objects, 2(36KB) LOS objects, 10% free, 138MB/154MB, paused 1.263ms total 48.146ms
08-03 23:14:47.324 14236 16111 I art     : Starting a blocking GC Explicit
08-03 23:14:47.334 13652 13652 I ServiceManager: Waiting for service AtCmdFwd...
08-03 23:14:47.369 14236 16111 I art     : Explicit concurrent mark sweep GC freed 111(2800B) AllocSpace objects, 0(0B) LOS objects, 10% free, 138MB/154MB, paused 1.271ms total 44.364ms
08-03 23:14:47.384 14236 16111 I art     : Starting a blocking GC Explicit
08-03 23:14:47.431 14236 16111 I art     : Explicit concurrent mark sweep GC freed 98(1664B) AllocSpace objects, 0(0B) LOS objects, 10% free, 138MB/154MB, paused 1.338ms total 46.249ms
08-03 23:14:47.446 14236 16111 I art     : Starting a blocking GC Explicit
08-03 23:14:47.492 14236 16111 I art     : Explicit concurrent mark sweep GC freed 99(1696B) AllocSpace objects, 0(0B) LOS objects, 10% free, 138MB/154MB, paused 1.189ms total 46.072ms
08-03 23:14:47.505 16216 16216 D AndroidRuntime: >>>>>> START com.android.internal.os.RuntimeInit uid 2000 <<<<<<
08-03 23:14:47.507 14236 16111 I art     : Starting a blocking GC Explicit
08-03 23:14:47.510 16216 16216 D AndroidRuntime: CheckJNI is OFF
08-03 23:14:47.544 16216 16216 D ICU     : No timezone override file found: /data/misc/zoneinfo/current/icu/icu_tzdata.dat
08-03 23:14:47.552 14236 16111 I art     : Explicit concurrent mark sweep GC freed 76(1328B) AllocSpace objects, 0(0B) LOS objects, 10% free, 138MB/154MB, paused 1.117ms total 44.463ms
08-03 23:14:47.578 16216 16216 I Radio-JNI: register_android_hardware_Radio DONE
08-03 23:14:47.600 16216 16216 D AndroidRuntime: Calling main entry com.android.commands.input.Input
08-03 23:14:47.601 16216 16216 I Input   : injectKeyEvent: KeyEvent { action=ACTION_DOWN, keyCode=KEYCODE_BACK, scanCode=0, metaState=0, flags=0x0, repeatCount=0, eventTime=659704014, downTime=659704014, deviceId=-1, source=0x101 }
08-03 23:14:47.608 16216 16216 I Input   : injectKeyEvent: KeyEvent { action=ACTION_UP, keyCode=KEYCODE_BACK, scanCode=0, metaState=0, flags=0x0, repeatCount=0, eventTime=659704014, downTime=659704014, deviceId=-1, source=0x101 }
08-03 23:14:47.613 16216 16216 D AndroidRuntime: Shutting down VM
08-03 23:14:47.620 14236 14236 V MainActivity: url = https://project-travel-mate.herokuapp.com/api/number-of-unread-notifications
08-03 23:14:47.649 13866 13866 I GoogleInputMethodServic: GoogleInputMethodService.onFinishInput():3138 
08-03 23:14:47.649 13866 13866 I GoogleInputMethodServic: GoogleInputMethodService.onStartInput():1808 
08-03 23:14:47.871 14236 16111 I art     : Starting a blocking GC Explicit
08-03 23:14:47.924 14236 16111 I art     : Explicit concurrent mark sweep GC freed 2541(121KB) AllocSpace objects, 2(36KB) LOS objects, 10% free, 138MB/154MB, paused 1.591ms total 53.076ms
08-03 23:14:47.941 14236 16111 I art     : Starting a blocking GC Explicit
08-03 23:14:47.968   380   380 W SurfaceFlinger: couldn't log to binary event log: overflow.
08-03 23:14:47.988 14236 16111 I art     : Explicit concurrent mark sweep GC freed 165(4KB) AllocSpace objects, 0(0B) LOS objects, 10% free, 138MB/154MB, paused 1.302ms total 46.412ms
08-03 23:14:48.003 14236 16111 I art     : Starting a blocking GC Explicit
08-03 23:14:48.047 14236 16111 I art     : Explicit concurrent mark sweep GC freed 24(1120B) AllocSpace objects, 1(188KB) LOS objects, 10% free, 137MB/153MB, paused 1.189ms total 43.798ms
08-03 23:14:48.062 14236 16111 I art     : Starting a blocking GC Explicit
08-03 23:14:48.105 14236 16111 I art     : Explicit concurrent mark sweep GC freed 6634(360KB) AllocSpace objects, 13(264KB) LOS objects, 10% free, 137MB/153MB, paused 1.189ms total 42.868ms
08-03 23:14:48.120 14236 16111 I art     : Starting a blocking GC Explicit
08-03 23:14:48.167 14236 16111 I art     : Explicit concurrent mark sweep GC freed 2581(132KB) AllocSpace objects, 3(200KB) LOS objects, 10% free, 137MB/153MB, paused 1.475ms total 46.981ms
08-03 23:14:48.190 14236 16238 I NAPPA_EXPERIMENTATION: MetricNetworkRequestExecutionTime: REQUEST_DURATION_SYSTEM='569',REQUEST_DURATION_OKHTTP='31',REQUEST_SYNCHRONOUS='FALSE',RESPONSE_CODE='200',RESPONSE_METHOD='GET',RESPONSE_LENGTH_OKHTTP='36',RESPONSE_LENGTH_HEADER='36',REQUEST_PROTOCOL='http/1.1',REQUEST_URL='https://project-travel-mate.herokuapp.com/api/number-of-unread-notifications',
08-03 23:14:48.334 13652 13652 I ServiceManager: Waiting for service AtCmdFwd...
08-03 23:14:48.539 14236 14248 I art     : Starting a blocking GC Explicit
08-03 23:14:48.604 14236 14248 I art     : Explicit concurrent mark sweep GC freed 2788(224KB) AllocSpace objects, 2(36KB) LOS objects, 10% free, 137MB/153MB, paused 1.348ms total 63.747ms
08-03 23:14:48.622 14236 14248 I art     : Starting a blocking GC Explicit
08-03 23:14:48.668 14236 14248 I art     : Explicit concurrent mark sweep GC freed 46(1904B) AllocSpace objects, 0(0B) LOS objects, 10% free, 137MB/153MB, paused 1.256ms total 46.141ms
08-03 23:14:48.683 14236 14248 I art     : Starting a blocking GC Explicit
08-03 23:14:48.731 14236 14248 I art     : Explicit concurrent mark sweep GC freed 17(528B) AllocSpace objects, 0(0B) LOS objects, 10% free, 137MB/153MB, paused 1.287ms total 47.314ms
08-03 23:14:48.747 14236 14248 I art     : Starting a blocking GC Explicit
08-03 23:14:48.788 14236 14248 I art     : Explicit concurrent mark sweep GC freed 3(96B) AllocSpace objects, 0(0B) LOS objects, 10% free, 137MB/153MB, paused 1.190ms total 40.663ms
08-03 23:14:48.803 14236 14248 I art     : Starting a blocking GC Explicit
08-03 23:14:48.850 14236 14248 I art     : Explicit concurrent mark sweep GC freed 3(96B) AllocSpace objects, 0(0B) LOS objects, 10% free, 137MB/153MB, paused 1.177ms total 45.841ms
08-03 23:14:49.197 14236 14750 I art     : Starting a blocking GC Explicit
08-03 23:14:49.255 14236 14750 I art     : Explicit concurrent mark sweep GC freed 1599(92KB) AllocSpace objects, 2(36KB) LOS objects, 10% free, 137MB/153MB, paused 1.245ms total 57.647ms
08-03 23:14:49.271 14236 14750 I art     : Starting a blocking GC Explicit
08-03 23:14:49.284 16261 16261 D AndroidRuntime: >>>>>> START com.android.internal.os.RuntimeInit uid 2000 <<<<<<
08-03 23:14:49.289 16261 16261 D AndroidRuntime: CheckJNI is OFF
08-03 23:14:49.310 14236 14750 I art     : Explicit concurrent mark sweep GC freed 84(2592B) AllocSpace objects, 0(0B) LOS objects, 10% free, 137MB/153MB, paused 1.235ms total 39.052ms
08-03 23:14:49.321 16261 16261 D ICU     : No timezone override file found: /data/misc/zoneinfo/current/icu/icu_tzdata.dat
08-03 23:14:49.325 14236 14750 I art     : Starting a blocking GC Explicit
08-03 23:14:49.335 13652 13652 I ServiceManager: Waiting for service AtCmdFwd...
08-03 23:14:49.352 16261 16261 I Radio-JNI: register_android_hardware_Radio DONE
08-03 23:14:49.365 14236 14750 I art     : Explicit concurrent mark sweep GC freed 5(160B) AllocSpace objects, 0(0B) LOS objects, 10% free, 137MB/153MB, paused 1.267ms total 40.009ms
08-03 23:14:49.374 16261 16261 D AndroidRuntime: Calling main entry com.android.commands.input.Input
08-03 23:14:49.376 16261 16261 I Input   : injectMotionEvent: MotionEvent { action=ACTION_DOWN, actionButton=0, id[0]=0, x[0]=117.0, y[0]=170.0, toolType[0]=TOOL_TYPE_UNKNOWN, buttonState=0, metaState=0, flags=0x0, edgeFlags=0x0, pointerCount=1, historySize=0, eventTime=659705788, downTime=659705788, deviceId=0, source=0x1002 }
08-03 23:14:49.382 16261 16261 I Input   : injectMotionEvent: MotionEvent { action=ACTION_UP, actionButton=0, id[0]=0, x[0]=117.0, y[0]=170.0, toolType[0]=TOOL_TYPE_UNKNOWN, buttonState=0, metaState=0, flags=0x0, edgeFlags=0x0, pointerCount=1, historySize=0, eventTime=659705788, downTime=659705788, deviceId=0, source=0x1002 }
08-03 23:14:49.383 14236 14750 I art     : Starting a blocking GC Explicit
08-03 23:14:49.411 16261 16261 D AndroidRuntime: Shutting down VM
08-03 23:14:49.424 14236 14750 I art     : Explicit concurrent mark sweep GC freed 28(912B) AllocSpace objects, 0(0B) LOS objects, 10% free, 137MB/153MB, paused 1.087ms total 40.902ms
08-03 23:14:49.441 14236 14750 I art     : Starting a blocking GC Explicit
08-03 23:14:49.445   512  2967 D audio_hw_primary: out_set_parameters: enter: usecase(1: low-latency-playback) kvpairs: routing=2
08-03 23:14:49.457   512  2967 D audio_hw_primary: select_devices: out_snd_device(2: speaker) in_snd_device(0: none)
08-03 23:14:49.457   512  2967 D msm8974_platform: platform_send_audio_calibration: sending audio calibration for snd_device(2) acdb_id(15)
08-03 23:14:49.458   512  2967 I soundtrigger: audio_extn_sound_trigger_update_device_status: device 0x2 of type 0 for Event 1
08-03 23:14:49.474   512  2967 D audio_hw_primary: enable_snd_device: snd_device(2: speaker)
08-03 23:14:49.477   512  2967 D audio_hw_primary: enable_audio_route: apply and update mixer path: low-latency-playback speaker
08-03 23:14:49.483 14236 14750 I art     : Explicit concurrent mark sweep GC freed 38(1408B) AllocSpace objects, 0(0B) LOS objects, 10% free, 137MB/153MB, paused 1.358ms total 42.115ms
08-03 23:14:49.814 14236 14750 I art     : Starting a blocking GC Explicit
08-03 23:14:49.855 14236 14750 I art     : Explicit concurrent mark sweep GC freed 2009(113KB) AllocSpace objects, 2(36KB) LOS objects, 10% free, 137MB/153MB, paused 1.149ms total 40.385ms
08-03 23:14:49.870 14236 14750 I art     : Starting a blocking GC Explicit
08-03 23:14:49.911 14236 14750 I art     : Explicit concurrent mark sweep GC freed 46(1760B) AllocSpace objects, 0(0B) LOS objects, 10% free, 137MB/153MB, paused 1.319ms total 41.033ms
08-03 23:14:49.928 14236 14750 I art     : Starting a blocking GC Explicit
08-03 23:14:49.968 14236 14750 I art     : Explicit concurrent mark sweep GC freed 5(192B) AllocSpace objects, 0(0B) LOS objects, 10% free, 137MB/153MB, paused 1.122ms total 39.586ms
08-03 23:14:49.983 14236 14750 I art     : Starting a blocking GC Explicit
08-03 23:14:50.018   512  2967 D audio_hw_primary: disable_audio_route: reset and update mixer path: low-latency-playback speaker
08-03 23:14:50.021   512  2967 D audio_hw_primary: disable_snd_device: snd_device(2: speaker)
08-03 23:14:50.021 14236 14750 I art     : Explicit concurrent mark sweep GC freed 6(192B) AllocSpace objects, 0(0B) LOS objects, 10% free, 137MB/153MB, paused 1.066ms total 38.047ms
08-03 23:14:50.028   512  2967 I soundtrigger: audio_extn_sound_trigger_update_device_status: device 0x2 of type 0 for Event 0
08-03 23:14:50.036 14236 14750 I art     : Starting a blocking GC Explicit
08-03 23:14:50.039 16288 16288 D AndroidRuntime: >>>>>> START com.android.internal.os.RuntimeInit uid 2000 <<<<<<
08-03 23:14:50.044 16288 16288 D AndroidRuntime: CheckJNI is OFF
08-03 23:14:50.074 16288 16288 D ICU     : No timezone override file found: /data/misc/zoneinfo/current/icu/icu_tzdata.dat
08-03 23:14:50.074 14236 14750 I art     : Explicit concurrent mark sweep GC freed 3(96B) AllocSpace objects, 0(0B) LOS objects, 10% free, 137MB/153MB, paused 1.126ms total 37.635ms
08-03 23:14:50.105 16288 16288 I Radio-JNI: register_android_hardware_Radio DONE
08-03 23:14:50.126 16288 16288 D AndroidRuntime: Calling main entry com.android.commands.input.Input
08-03 23:14:50.127 16288 16288 I Input   : injectMotionEvent: MotionEvent { action=ACTION_DOWN, actionButton=0, id[0]=0, x[0]=405.0, y[0]=661.0, toolType[0]=TOOL_TYPE_UNKNOWN, buttonState=0, metaState=0, flags=0x0, edgeFlags=0x0, pointerCount=1, historySize=0, eventTime=659706540, downTime=659706540, deviceId=0, source=0x1002 }
08-03 23:14:50.130 16288 16288 I Input   : injectMotionEvent: MotionEvent { action=ACTION_UP, actionButton=0, id[0]=0, x[0]=405.0, y[0]=661.0, toolType[0]=TOOL_TYPE_UNKNOWN, buttonState=0, metaState=0, flags=0x0, edgeFlags=0x0, pointerCount=1, historySize=0, eventTime=659706540, downTime=659706540, deviceId=0, source=0x1002 }
08-03 23:14:50.132 16288 16288 D AndroidRuntime: Shutting down VM
08-03 23:14:50.144   512  2967 D audio_hw_primary: out_set_parameters: enter: usecase(1: low-latency-playback) kvpairs: routing=2
08-03 23:14:50.157   512  2967 D audio_hw_primary: select_devices: out_snd_device(2: speaker) in_snd_device(0: none)
08-03 23:14:50.157   512  2967 D msm8974_platform: platform_send_audio_calibration: sending audio calibration for snd_device(2) acdb_id(15)
08-03 23:14:50.157   512  2967 I soundtrigger: audio_extn_sound_trigger_update_device_status: device 0x2 of type 0 for Event 1
08-03 23:14:50.167   512  2967 D audio_hw_primary: enable_snd_device: snd_device(2: speaker)
08-03 23:14:50.169   512  2967 D audio_hw_primary: enable_audio_route: apply and update mixer path: low-latency-playback speaker
08-03 23:14:50.216   512  2967 D AudioFlinger: mixer(0xf4740000) throttle end: throttle time(12)
08-03 23:14:50.335 13652 13652 I ServiceManager: Waiting for service AtCmdFwd...
08-03 23:14:50.389 14236 14255 I art     : Starting a blocking GC Explicit
08-03 23:14:50.435 14236 14255 I art     : Explicit concurrent mark sweep GC freed 106(28KB) AllocSpace objects, 0(0B) LOS objects, 8% free, 178MB/194MB, paused 1.344ms total 45.831ms
08-03 23:14:50.450 14236 14255 I art     : Starting a blocking GC Explicit
08-03 23:14:50.493 14236 14255 I art     : Explicit concurrent mark sweep GC freed 53(2512B) AllocSpace objects, 0(0B) LOS objects, 7% free, 184MB/200MB, paused 1.400ms total 42.947ms
08-03 23:14:50.508 14236 14255 I art     : Starting a blocking GC Explicit
08-03 23:14:50.549 14236 14255 I art     : Explicit concurrent mark sweep GC freed 1534(70KB) AllocSpace objects, 0(0B) LOS objects, 7% free, 184MB/200MB, paused 1.190ms total 41.316ms
08-03 23:14:50.566 14236 14255 I art     : Starting a blocking GC Explicit
08-03 23:14:50.609 14236 14255 I art     : Explicit concurrent mark sweep GC freed 860(49KB) AllocSpace objects, 0(0B) LOS objects, 7% free, 184MB/200MB, paused 1.398ms total 43.181ms
08-03 23:14:50.624 14236 14255 I art     : Starting a blocking GC Explicit
08-03 23:14:50.665 14236 14255 I art     : Explicit concurrent mark sweep GC freed 83(2672B) AllocSpace objects, 9(252KB) LOS objects, 7% free, 184MB/200MB, paused 1.116ms total 40.810ms
08-03 23:14:50.709   512  2967 D audio_hw_primary: disable_audio_route: reset and update mixer path: low-latency-playback speaker
08-03 23:14:50.710   512  2967 D audio_hw_primary: disable_snd_device: snd_device(2: speaker)
08-03 23:14:50.717   512  2967 I soundtrigger: audio_extn_sound_trigger_update_device_status: device 0x2 of type 0 for Event 0
08-03 23:14:51.027 14236 16111 I art     : Starting a blocking GC Explicit
08-03 23:14:51.081 14236 16111 I art     : Explicit concurrent mark sweep GC freed 1616(93KB) AllocSpace objects, 2(36KB) LOS objects, 7% free, 184MB/200MB, paused 1.138ms total 53.884ms
08-03 23:14:51.097 14236 16111 I art     : Starting a blocking GC Explicit
08-03 23:14:51.145 14236 16111 I art     : Explicit concurrent mark sweep GC freed 38(1568B) AllocSpace objects, 0(0B) LOS objects, 7% free, 184MB/200MB, paused 1.419ms total 48.502ms
08-03 23:14:51.161 14236 16111 I art     : Starting a blocking GC Explicit
08-03 23:14:51.206 14236 16111 I art     : Explicit concurrent mark sweep GC freed 3(96B) AllocSpace objects, 0(0B) LOS objects, 7% free, 184MB/200MB, paused 1.174ms total 45.350ms
08-03 23:14:51.221 14236 16111 I art     : Starting a blocking GC Explicit
08-03 23:14:51.270 14236 16111 I art     : Explicit concurrent mark sweep GC freed 3(96B) AllocSpace objects, 0(0B) LOS objects, 7% free, 184MB/200MB, paused 1.225ms total 48.313ms
08-03 23:14:51.286 14236 16111 I art     : Starting a blocking GC Explicit
08-03 23:14:51.332 14236 16111 I art     : Explicit concurrent mark sweep GC freed 42(1136B) AllocSpace objects, 0(0B) LOS objects, 7% free, 184MB/200MB, paused 1.197ms total 46.609ms
08-03 23:14:51.336 13652 13652 I ServiceManager: Waiting for service AtCmdFwd...
08-03 23:14:51.561   518   646 I ThermalEngine: ACTION: GPU - Setting GPU[0] to 450000000
08-03 23:14:51.747 14236 14248 I art     : Starting a blocking GC Explicit
08-03 23:14:51.811 14236 14248 I art     : Explicit concurrent mark sweep GC freed 1585(92KB) AllocSpace objects, 2(36KB) LOS objects, 7% free, 184MB/200MB, paused 1.592ms total 63.202ms
08-03 23:14:51.831 14236 14248 I art     : Starting a blocking GC Explicit
08-03 23:14:51.892 14236 14248 I art     : Explicit concurrent mark sweep GC freed 28(1024B) AllocSpace objects, 0(0B) LOS objects, 7% free, 184MB/200MB, paused 1.538ms total 60.700ms
08-03 23:14:51.912 14236 14248 I art     : Starting a blocking GC Explicit
08-03 23:14:51.983 14236 14248 I art     : Explicit concurrent mark sweep GC freed 3(96B) AllocSpace objects, 0(0B) LOS objects, 7% free, 184MB/200MB, paused 1.760ms total 70.241ms
08-03 23:14:52.005 14236 14248 I art     : Starting a blocking GC Explicit
08-03 23:14:52.070 14236 14248 I art     : Explicit concurrent mark sweep GC freed 3(96B) AllocSpace objects, 0(0B) LOS objects, 7% free, 184MB/200MB, paused 1.648ms total 64.521ms
08-03 23:14:52.091 14236 14248 I art     : Starting a blocking GC Explicit
08-03 23:14:52.157 14236 14248 I art     : Explicit concurrent mark sweep GC freed 3(96B) AllocSpace objects, 0(0B) LOS objects, 7% free, 184MB/200MB, paused 1.772ms total 66.494ms
08-03 23:14:52.336 13652 13652 W Atfwd_Sendcmd: AtCmdFwd service not published, waiting... retryCnt : 5
08-03 23:14:52.389   918  3261 D WifiStateMachine: starting scan for "H369AA63323"WPA_PSK with 2412,5180
08-03 23:14:52.589 14236 14255 I art     : Starting a blocking GC Explicit
08-03 23:14:52.659 14236 14255 I art     : Explicit concurrent mark sweep GC freed 1624(93KB) AllocSpace objects, 2(36KB) LOS objects, 7% free, 184MB/200MB, paused 1.635ms total 69.556ms
08-03 23:14:52.679 14236 14255 I art     : Starting a blocking GC Explicit
08-03 23:14:52.739 14236 14255 I art     : Explicit concurrent mark sweep GC freed 28(1024B) AllocSpace objects, 0(0B) LOS objects, 7% free, 184MB/200MB, paused 1.678ms total 59.885ms
08-03 23:14:52.759 14236 14255 I art     : Starting a blocking GC Explicit
08-03 23:14:52.819 14236 14255 I art     : Explicit concurrent mark sweep GC freed 7(224B) AllocSpace objects, 0(0B) LOS objects, 7% free, 184MB/200MB, paused 1.606ms total 60.029ms
08-03 23:14:52.839 14236 14255 I art     : Starting a blocking GC Explicit
08-03 23:14:52.898 14236 14255 I art     : Explicit concurrent mark sweep GC freed 12(576B) AllocSpace objects, 0(0B) LOS objects, 7% free, 184MB/200MB, paused 1.665ms total 59.124ms
08-03 23:14:52.918 14236 14255 I art     : Starting a blocking GC Explicit
08-03 23:14:52.945 16337 16337 D AndroidRuntime: >>>>>> START com.android.internal.os.RuntimeInit uid 2000 <<<<<<
08-03 23:14:52.951 16337 16337 D AndroidRuntime: CheckJNI is OFF
08-03 23:14:52.978 14236 14255 I art     : Explicit concurrent mark sweep GC freed 17(528B) AllocSpace objects, 0(0B) LOS objects, 7% free, 184MB/200MB, paused 1.581ms total 59.182ms
08-03 23:14:53.000 16337 16337 D ICU     : No timezone override file found: /data/misc/zoneinfo/current/icu/icu_tzdata.dat
08-03 23:14:53.045 16337 16337 I Radio-JNI: register_android_hardware_Radio DONE
08-03 23:14:53.075 16337 16337 D AndroidRuntime: Calling main entry com.android.commands.input.Input
08-03 23:14:53.078 16337 16337 I Input   : injectMotionEvent: MotionEvent { action=ACTION_DOWN, actionButton=0, id[0]=0, x[0]=1341.0, y[0]=197.0, toolType[0]=TOOL_TYPE_UNKNOWN, buttonState=0, metaState=0, flags=0x0, edgeFlags=0x0, pointerCount=1, historySize=0, eventTime=659709490, downTime=659709490, deviceId=0, source=0x1002 }
08-03 23:14:53.084 16337 16337 I Input   : injectMotionEvent: MotionEvent { action=ACTION_UP, actionButton=0, id[0]=0, x[0]=1341.0, y[0]=197.0, toolType[0]=TOOL_TYPE_UNKNOWN, buttonState=0, metaState=0, flags=0x0, edgeFlags=0x0, pointerCount=1, historySize=0, eventTime=659709490, downTime=659709490, deviceId=0, source=0x1002 }
08-03 23:14:53.085 16337 16337 D AndroidRuntime: Shutting down VM
08-03 23:14:53.093   918  4413 I ActivityManager: START u0 {cmp=baseline.io.github.project_travel_mate/.notifications.NotificationsActivity} from uid 10650 on display 0
08-03 23:14:53.093   512  2967 D audio_hw_primary: out_set_parameters: enter: usecase(1: low-latency-playback) kvpairs: routing=2
08-03 23:14:53.108   512  2967 D audio_hw_primary: select_devices: out_snd_device(2: speaker) in_snd_device(0: none)
08-03 23:14:53.108   512  2967 D msm8974_platform: platform_send_audio_calibration: sending audio calibration for snd_device(2) acdb_id(15)
08-03 23:14:53.108   512  2967 I soundtrigger: audio_extn_sound_trigger_update_device_status: device 0x2 of type 0 for Event 1
08-03 23:14:53.120   512  2967 D audio_hw_primary: enable_snd_device: snd_device(2: speaker)
08-03 23:14:53.123   512  2967 D audio_hw_primary: enable_audio_route: apply and update mixer path: low-latency-playback speaker
08-03 23:14:53.126 14236 14302 D Gabe    : call	returning from cache
08-03 23:14:53.132 14236 14236 V EXECUTING: https://project-travel-mate.herokuapp.com/api/get-notifications
08-03 23:14:53.140 14236 14236 V EXECUTING: https://project-travel-mate.herokuapp.com/api/get-notifications
08-03 23:14:53.320   918   936 I ActivityManager: Displayed baseline.io.github.project_travel_mate/.notifications.NotificationsActivity: +218ms
08-03 23:14:53.320 13866 13866 I GoogleInputMethodServic: GoogleInputMethodService.onFinishInput():3138 
08-03 23:14:53.321 13866 13866 I GoogleInputMethodServic: GoogleInputMethodService.onStartInput():1808 
08-03 23:14:53.370 14236 14248 I art     : Starting a blocking GC Explicit
08-03 23:14:53.415 14236 14252 D OpenGLRenderer: endAllStagingAnimators on 0x7f778be800 (RippleDrawable) with handle 0x7f7b4299a0
08-03 23:14:53.426 14236 14248 I art     : Explicit concurrent mark sweep GC freed 3908(227KB) AllocSpace objects, 2(36KB) LOS objects, 7% free, 188MB/204MB, paused 1.522ms total 55.610ms
08-03 23:14:53.445 14236 14248 I art     : Starting a blocking GC Explicit
08-03 23:14:53.497 14236 14248 I art     : Explicit concurrent mark sweep GC freed 498(19KB) AllocSpace objects, 0(0B) LOS objects, 7% free, 188MB/204MB, paused 1.514ms total 51.295ms
08-03 23:14:53.516 14236 14248 I art     : Starting a blocking GC Explicit
08-03 23:14:53.566   518   646 I ThermalEngine: ACTION: GPU - Setting GPU[0] to 510000000
08-03 23:14:53.576   380   380 W SurfaceFlinger: couldn't log to binary event log: overflow.
08-03 23:14:53.592 14236 14248 I art     : Explicit concurrent mark sweep GC freed 4531(238KB) AllocSpace objects, 4(240KB) LOS objects, 7% free, 189MB/205MB, paused 4.409ms total 75.632ms
08-03 23:14:53.610 14236 14248 I art     : Starting a blocking GC Explicit
08-03 23:14:53.630 14236 16362 I NAPPA_EXPERIMENTATION: MetricNetworkRequestExecutionTime: REQUEST_DURATION_SYSTEM='489',REQUEST_DURATION_OKHTTP='31',REQUEST_SYNCHRONOUS='FALSE',RESPONSE_CODE='200',RESPONSE_METHOD='GET',RESPONSE_LENGTH_OKHTTP='2',RESPONSE_LENGTH_HEADER='2',REQUEST_PROTOCOL='http/1.1',REQUEST_URL='https://project-travel-mate.herokuapp.com/api/get-notifications',
08-03 23:14:53.644 14236 16361 I NAPPA_EXPERIMENTATION: MetricNetworkRequestExecutionTime: REQUEST_DURATION_SYSTEM='510',REQUEST_DURATION_OKHTTP='48',REQUEST_SYNCHRONOUS='FALSE',RESPONSE_CODE='200',RESPONSE_METHOD='GET',RESPONSE_LENGTH_OKHTTP='2',RESPONSE_LENGTH_HEADER='2',REQUEST_PROTOCOL='http/1.1',REQUEST_URL='https://project-travel-mate.herokuapp.com/api/get-notifications',
08-03 23:14:53.651 14236 14248 I art     : Explicit concurrent mark sweep GC freed 2915(280KB) AllocSpace objects, 2(160KB) LOS objects, 7% free, 188MB/204MB, paused 1.015ms total 40.821ms
08-03 23:14:53.659   512  2967 D audio_hw_primary: disable_audio_route: reset and update mixer path: low-latency-playback speaker
08-03 23:14:53.659   512  2967 D audio_hw_primary: disable_snd_device: snd_device(2: speaker)
08-03 23:14:53.665 14236 14248 I art     : Starting a blocking GC Explicit
08-03 23:14:53.668   512  2967 I soundtrigger: audio_extn_sound_trigger_update_device_status: device 0x2 of type 0 for Event 0
08-03 23:14:53.670 14236 14236 V Response: [] 
08-03 23:14:53.693 14236 14236 V Response: [] 
08-03 23:14:53.701 14236 14302 W LOTTIE  : Animation contains merge paths. Merge paths are only supported on KitKat+ and must be manually enabled by calling enableMergePathsForKitKatAndAbove().
08-03 23:14:53.721 14236 14248 I art     : Explicit concurrent mark sweep GC freed 2804(131KB) AllocSpace objects, 0(0B) LOS objects, 7% free, 189MB/205MB, paused 1.978ms total 56.234ms
08-03 23:14:53.725 14236 14302 W LOTTIE  : Animation contains merge paths. Merge paths are only supported on KitKat+ and must be manually enabled by calling enableMergePathsForKitKatAndAbove().
08-03 23:14:53.728 14236 14302 W LOTTIE  : Animation contains merge paths. Merge paths are only supported on KitKat+ and must be manually enabled by calling enableMergePathsForKitKatAndAbove().
08-03 23:14:53.731 14236 14302 W LOTTIE  : Animation contains merge paths. Merge paths are only supported on KitKat+ and must be manually enabled by calling enableMergePathsForKitKatAndAbove().
08-03 23:14:53.734 14236 14302 W LOTTIE  : Animation contains merge paths. Merge paths are only supported on KitKat+ and must be manually enabled by calling enableMergePathsForKitKatAndAbove().
08-03 23:14:53.737 14236 14302 W LOTTIE  : Animation contains merge paths. Merge paths are only supported on KitKat+ and must be manually enabled by calling enableMergePathsForKitKatAndAbove().
08-03 23:14:53.739 14236 14302 W LOTTIE  : Animation contains merge paths. Merge paths are only supported on KitKat+ and must be manually enabled by calling enableMergePathsForKitKatAndAbove().
08-03 23:14:53.741 14236 14236 W LOTTIE  : Animation contains merge paths but they are disabled.
08-03 23:14:54.065 14236 14250 I art     : Starting a blocking GC Explicit
08-03 23:14:54.109 14236 14250 I art     : Explicit concurrent mark sweep GC freed 9883(409KB) AllocSpace objects, 2(36KB) LOS objects, 7% free, 189MB/205MB, paused 1.042ms total 43.657ms
08-03 23:14:54.124 14236 14250 I art     : Starting a blocking GC Explicit
08-03 23:14:54.164 14236 14250 I art     : Explicit concurrent mark sweep GC freed 2039(81KB) AllocSpace objects, 0(0B) LOS objects, 7% free, 188MB/204MB, paused 1.024ms total 39.950ms
08-03 23:14:54.178 14236 14250 I art     : Starting a blocking GC Explicit
08-03 23:14:54.217 14236 14250 I art     : Explicit concurrent mark sweep GC freed 254(4KB) AllocSpace objects, 0(0B) LOS objects, 7% free, 188MB/204MB, paused 1.072ms total 38.940ms
08-03 23:14:54.231 14236 14250 I art     : Starting a blocking GC Explicit
08-03 23:14:54.271 14236 14250 I art     : Explicit concurrent mark sweep GC freed 256(5KB) AllocSpace objects, 0(0B) LOS objects, 7% free, 188MB/204MB, paused 1.013ms total 39.353ms
08-03 23:14:54.285 14236 14250 I art     : Starting a blocking GC Explicit
08-03 23:14:54.324 14236 14250 I art     : Explicit concurrent mark sweep GC freed 252(4KB) AllocSpace objects, 0(0B) LOS objects, 7% free, 188MB/204MB, paused 1.071ms total 38.922ms
08-03 23:14:54.569   518   646 I ThermalEngine: ACTION: GPU - Setting GPU[0] to 450000000
08-03 23:14:54.715 14236 14248 I art     : Starting a blocking GC Explicit
08-03 23:14:54.767 14236 14248 I art     : Explicit concurrent mark sweep GC freed 3460(121KB) AllocSpace objects, 2(36KB) LOS objects, 7% free, 188MB/204MB, paused 1.443ms total 51.694ms
08-03 23:14:54.786 14236 14248 I art     : Starting a blocking GC Explicit
08-03 23:14:54.838 14236 14248 I art     : Explicit concurrent mark sweep GC freed 332(5KB) AllocSpace objects, 0(0B) LOS objects, 7% free, 188MB/204MB, paused 1.454ms total 52.159ms
08-03 23:14:54.857 14236 14248 I art     : Starting a blocking GC Explicit
08-03 23:14:54.908 14236 14248 I art     : Explicit concurrent mark sweep GC freed 292(4KB) AllocSpace objects, 0(0B) LOS objects, 7% free, 188MB/204MB, paused 1.480ms total 50.054ms
08-03 23:14:54.926 14236 14248 I art     : Starting a blocking GC Explicit
08-03 23:14:54.975 14236 14248 I art     : Explicit concurrent mark sweep GC freed 290(4KB) AllocSpace objects, 0(0B) LOS objects, 7% free, 188MB/204MB, paused 1.318ms total 48.715ms
08-03 23:14:54.994 14236 14248 I art     : Starting a blocking GC Explicit
08-03 23:14:55.045 14236 14248 I art     : Explicit concurrent mark sweep GC freed 288(4KB) AllocSpace objects, 0(0B) LOS objects, 7% free, 188MB/204MB, paused 1.492ms total 50.746ms
08-03 23:14:55.438 14236 14248 I art     : Starting a blocking GC Explicit
08-03 23:14:55.490 14236 14248 I art     : Explicit concurrent mark sweep GC freed 3513(123KB) AllocSpace objects, 2(36KB) LOS objects, 7% free, 188MB/204MB, paused 1.402ms total 51.059ms
08-03 23:14:55.509 14236 14248 I art     : Starting a blocking GC Explicit
08-03 23:14:55.562 14236 14248 I art     : Explicit concurrent mark sweep GC freed 309(5KB) AllocSpace objects, 0(0B) LOS objects, 7% free, 188MB/204MB, paused 1.374ms total 53.104ms
08-03 23:14:55.581 14236 14248 I art     : Starting a blocking GC Explicit
08-03 23:14:55.633 14236 14248 I art     : Explicit concurrent mark sweep GC freed 299(4KB) AllocSpace objects, 0(0B) LOS objects, 7% free, 188MB/204MB, paused 1.568ms total 52.056ms
08-03 23:14:55.652 14236 14248 I art     : Starting a blocking GC Explicit
08-03 23:14:55.704 14236 14248 I art     : Explicit concurrent mark sweep GC freed 336(5KB) AllocSpace objects, 0(0B) LOS objects, 7% free, 188MB/204MB, paused 1.609ms total 51.952ms
08-03 23:14:55.723 14236 14248 I art     : Starting a blocking GC Explicit
08-03 23:14:55.777 14236 14248 I art     : Explicit concurrent mark sweep GC freed 282(4KB) AllocSpace objects, 0(0B) LOS objects, 7% free, 188MB/204MB, paused 1.555ms total 52.915ms
08-03 23:14:56.168 14236 16111 I art     : Starting a blocking GC Explicit
08-03 23:14:56.219 14236 16111 I art     : Explicit concurrent mark sweep GC freed 3487(122KB) AllocSpace objects, 2(36KB) LOS objects, 7% free, 188MB/204MB, paused 1.569ms total 50.890ms
08-03 23:14:56.238 14236 16111 I art     : Starting a blocking GC Explicit
08-03 23:14:56.288 14236 16111 I art     : Explicit concurrent mark sweep GC freed 320(6KB) AllocSpace objects, 0(0B) LOS objects, 7% free, 188MB/204MB, paused 1.830ms total 49.834ms
08-03 23:14:56.307 14236 16111 I art     : Starting a blocking GC Explicit
08-03 23:14:56.357 14236 16111 I art     : Explicit concurrent mark sweep GC freed 322(5KB) AllocSpace objects, 0(0B) LOS objects, 7% free, 188MB/204MB, paused 1.401ms total 50.200ms
08-03 23:14:56.376 14236 16111 I art     : Starting a blocking GC Explicit
08-03 23:14:56.425 14236 16111 I art     : Explicit concurrent mark sweep GC freed 283(4KB) AllocSpace objects, 0(0B) LOS objects, 7% free, 188MB/204MB, paused 1.363ms total 48.969ms
08-03 23:14:56.444 14236 16111 I art     : Starting a blocking GC Explicit
08-03 23:14:56.494 14236 16111 I art     : Explicit concurrent mark sweep GC freed 283(4KB) AllocSpace objects, 0(0B) LOS objects, 7% free, 188MB/204MB, paused 1.356ms total 49.879ms
08-03 23:14:56.883 14236 16111 I art     : Starting a blocking GC Explicit
08-03 23:14:56.937 14236 16111 I art     : Explicit concurrent mark sweep GC freed 3414(121KB) AllocSpace objects, 2(36KB) LOS objects, 7% free, 188MB/204MB, paused 1.668ms total 53.806ms
08-03 23:14:56.956 14236 16111 I art     : Starting a blocking GC Explicit
08-03 23:14:57.007 14236 16111 I art     : Explicit concurrent mark sweep GC freed 383(6KB) AllocSpace objects, 0(0B) LOS objects, 7% free, 188MB/204MB, paused 1.442ms total 50.987ms
08-03 23:14:57.026 14236 16111 I art     : Starting a blocking GC Explicit
08-03 23:14:57.074 14236 16111 I art     : Explicit concurrent mark sweep GC freed 294(5KB) AllocSpace objects, 0(0B) LOS objects, 7% free, 188MB/204MB, paused 1.395ms total 48.362ms
08-03 23:14:57.093 14236 16111 I art     : Starting a blocking GC Explicit
08-03 23:14:57.144 14236 16111 I art     : Explicit concurrent mark sweep GC freed 295(5KB) AllocSpace objects, 0(0B) LOS objects, 7% free, 188MB/204MB, paused 1.346ms total 51.017ms
08-03 23:14:57.163 14236 16111 I art     : Starting a blocking GC Explicit
08-03 23:14:57.214 14236 16111 I art     : Explicit concurrent mark sweep GC freed 289(4KB) AllocSpace objects, 0(0B) LOS objects, 7% free, 188MB/204MB, paused 1.333ms total 51.249ms
08-03 23:14:57.588 14236 14250 I art     : Starting a blocking GC Explicit
08-03 23:14:57.640 14236 14250 I art     : Explicit concurrent mark sweep GC freed 3510(124KB) AllocSpace objects, 2(36KB) LOS objects, 7% free, 188MB/204MB, paused 1.503ms total 51.813ms
08-03 23:14:57.659 14236 14250 I art     : Starting a blocking GC Explicit
08-03 23:14:57.710 14236 14250 I art     : Explicit concurrent mark sweep GC freed 467(16KB) AllocSpace objects, 0(0B) LOS objects, 7% free, 188MB/204MB, paused 1.510ms total 50.996ms
08-03 23:14:57.711 14236 14247 I art     : WaitForGcToComplete blocked for 51.349ms for cause HeapTrim
08-03 23:14:57.729 14236 14250 I art     : Starting a blocking GC Explicit
08-03 23:14:57.783 14236 14250 I art     : Explicit concurrent mark sweep GC freed 283(4KB) AllocSpace objects, 0(0B) LOS objects, 7% free, 188MB/204MB, paused 1.503ms total 52.967ms
08-03 23:14:57.802 14236 14250 I art     : Starting a blocking GC Explicit
08-03 23:14:57.855 14236 14250 I art     : Explicit concurrent mark sweep GC freed 280(4KB) AllocSpace objects, 0(0B) LOS objects, 7% free, 188MB/204MB, paused 1.618ms total 52.816ms
08-03 23:14:57.856 16426 16426 D AndroidRuntime: >>>>>> START com.android.internal.os.RuntimeInit uid 2000 <<<<<<
08-03 23:14:57.861 16426 16426 D AndroidRuntime: CheckJNI is OFF
08-03 23:14:57.873 14236 14250 I art     : Starting a blocking GC Explicit
08-03 23:14:57.901 16426 16426 D ICU     : No timezone override file found: /data/misc/zoneinfo/current/icu/icu_tzdata.dat
08-03 23:14:57.926 14236 14250 I art     : Explicit concurrent mark sweep GC freed 305(4KB) AllocSpace objects, 0(0B) LOS objects, 7% free, 188MB/204MB, paused 1.397ms total 51.884ms
08-03 23:14:57.940 16426 16426 I Radio-JNI: register_android_hardware_Radio DONE
08-03 23:14:57.968 16426 16426 D AndroidRuntime: Calling main entry com.android.commands.input.Input
08-03 23:14:57.970 16426 16426 I Input   : injectKeyEvent: KeyEvent { action=ACTION_DOWN, keyCode=KEYCODE_BACK, scanCode=0, metaState=0, flags=0x0, repeatCount=0, eventTime=659714383, downTime=659714383, deviceId=-1, source=0x101 }
08-03 23:14:57.979 16426 16426 I Input   : injectKeyEvent: KeyEvent { action=ACTION_UP, keyCode=KEYCODE_BACK, scanCode=0, metaState=0, flags=0x0, repeatCount=0, eventTime=659714383, downTime=659714383, deviceId=-1, source=0x101 }
08-03 23:14:57.994 16426 16426 D AndroidRuntime: Shutting down VM
08-03 23:14:58.002 14236 14236 V MainActivity: url = https://project-travel-mate.herokuapp.com/api/number-of-unread-notifications
08-03 23:14:58.041 13866 13866 I GoogleInputMethodServic: GoogleInputMethodService.onFinishInput():3138 
08-03 23:14:58.043 13866 13866 I GoogleInputMethodServic: GoogleInputMethodService.onStartInput():1808 
08-03 23:14:58.311 14236 14750 I art     : Starting a blocking GC Explicit
08-03 23:14:58.347   380   380 W SurfaceFlinger: couldn't log to binary event log: overflow.
08-03 23:14:58.374 14236 14750 I art     : Explicit concurrent mark sweep GC freed 2790(126KB) AllocSpace objects, 2(36KB) LOS objects, 7% free, 188MB/204MB, paused 1.454ms total 62.294ms
08-03 23:14:58.393 14236 14750 I art     : Starting a blocking GC Explicit
08-03 23:14:58.450 14236 14750 I art     : Explicit concurrent mark sweep GC freed 89(3KB) AllocSpace objects, 1(4MB) LOS objects, 7% free, 184MB/200MB, paused 1.673ms total 57.042ms
08-03 23:14:58.470 14236 14750 I art     : Starting a blocking GC Explicit
08-03 23:14:58.530 14236 16449 I NAPPA_EXPERIMENTATION: MetricNetworkRequestExecutionTime: REQUEST_DURATION_SYSTEM='526',REQUEST_DURATION_OKHTTP='31',REQUEST_SYNCHRONOUS='FALSE',RESPONSE_CODE='200',RESPONSE_METHOD='GET',RESPONSE_LENGTH_OKHTTP='36',RESPONSE_LENGTH_HEADER='36',REQUEST_PROTOCOL='http/1.1',REQUEST_URL='https://project-travel-mate.herokuapp.com/api/number-of-unread-notifications',
08-03 23:14:58.530 14236 14750 I art     : Explicit concurrent mark sweep GC freed 6303(310KB) AllocSpace objects, 3(136KB) LOS objects, 7% free, 184MB/200MB, paused 1.747ms total 60.623ms
08-03 23:14:58.550 14236 14750 I art     : Starting a blocking GC Explicit
08-03 23:14:58.612 14236 14750 I art     : Explicit concurrent mark sweep GC freed 1084(128KB) AllocSpace objects, 2(120KB) LOS objects, 7% free, 184MB/200MB, paused 1.766ms total 60.965ms
08-03 23:14:58.637 14236 14750 I art     : Starting a blocking GC Explicit
08-03 23:14:58.696 14236 14750 I art     : Explicit concurrent mark sweep GC freed 96(4KB) AllocSpace objects, 0(0B) LOS objects, 7% free, 184MB/200MB, paused 1.582ms total 58.767ms
08-03 23:14:59.112 14236 16111 I art     : Starting a blocking GC Explicit
08-03 23:14:59.187 14236 16111 I art     : Explicit concurrent mark sweep GC freed 1591(92KB) AllocSpace objects, 2(36KB) LOS objects, 7% free, 184MB/200MB, paused 1.765ms total 74.768ms
08-03 23:14:59.209 14236 16111 I art     : Starting a blocking GC Explicit
08-03 23:14:59.267 14236 16111 I art     : Explicit concurrent mark sweep GC freed 40(1600B) AllocSpace objects, 0(0B) LOS objects, 7% free, 184MB/200MB, paused 1.586ms total 57.407ms
08-03 23:14:59.286 14236 16111 I art     : Starting a blocking GC Explicit
08-03 23:14:59.343 14236 16111 I art     : Explicit concurrent mark sweep GC freed 46(1360B) AllocSpace objects, 0(0B) LOS objects, 7% free, 184MB/200MB, paused 1.628ms total 56.865ms
08-03 23:14:59.363 14236 16111 I art     : Starting a blocking GC Explicit
08-03 23:14:59.420 14236 16111 I art     : Explicit concurrent mark sweep GC freed 3(96B) AllocSpace objects, 0(0B) LOS objects, 7% free, 184MB/200MB, paused 1.489ms total 56.587ms
08-03 23:14:59.440 14236 16111 I art     : Starting a blocking GC Explicit
08-03 23:14:59.499 14236 16111 I art     : Explicit concurrent mark sweep GC freed 3(96B) AllocSpace objects, 0(0B) LOS objects, 7% free, 184MB/200MB, paused 1.678ms total 59.211ms
08-03 23:14:59.762 16472 16472 D AndroidRuntime: >>>>>> START com.android.internal.os.RuntimeInit uid 2000 <<<<<<
08-03 23:14:59.768 16472 16472 D AndroidRuntime: CheckJNI is OFF
08-03 23:14:59.811 16472 16472 D ICU     : No timezone override file found: /data/misc/zoneinfo/current/icu/icu_tzdata.dat
08-03 23:14:59.853 16472 16472 I Radio-JNI: register_android_hardware_Radio DONE
08-03 23:14:59.883 16472 16472 D AndroidRuntime: Calling main entry com.android.commands.input.Input
08-03 23:14:59.885 16472 16472 I Input   : injectMotionEvent: MotionEvent { action=ACTION_DOWN, actionButton=0, id[0]=0, x[0]=117.0, y[0]=170.0, toolType[0]=TOOL_TYPE_UNKNOWN, buttonState=0, metaState=0, flags=0x0, edgeFlags=0x0, pointerCount=1, historySize=0, eventTime=659716297, downTime=659716297, deviceId=0, source=0x1002 }
08-03 23:14:59.892 16472 16472 I Input   : injectMotionEvent: MotionEvent { action=ACTION_UP, actionButton=0, id[0]=0, x[0]=117.0, y[0]=170.0, toolType[0]=TOOL_TYPE_UNKNOWN, buttonState=0, metaState=0, flags=0x0, edgeFlags=0x0, pointerCount=1, historySize=0, eventTime=659716297, downTime=659716297, deviceId=0, source=0x1002 }
08-03 23:14:59.894 16472 16472 D AndroidRuntime: Shutting down VM
08-03 23:14:59.903   512  2967 D audio_hw_primary: out_set_parameters: enter: usecase(1: low-latency-playback) kvpairs: routing=2
08-03 23:14:59.917   512  2967 D audio_hw_primary: select_devices: out_snd_device(2: speaker) in_snd_device(0: none)
08-03 23:14:59.917   512  2967 D msm8974_platform: platform_send_audio_calibration: sending audio calibration for snd_device(2) acdb_id(15)
08-03 23:14:59.917   512  2967 I soundtrigger: audio_extn_sound_trigger_update_device_status: device 0x2 of type 0 for Event 1
08-03 23:14:59.928   512  2967 D audio_hw_primary: enable_snd_device: snd_device(2: speaker)
08-03 23:14:59.930   512  2967 D audio_hw_primary: enable_audio_route: apply and update mixer path: low-latency-playback speaker
08-03 23:14:59.937 14236 14248 I art     : Starting a blocking GC Explicit
08-03 23:15:00.001 14236 14248 I art     : Explicit concurrent mark sweep GC freed 1904(108KB) AllocSpace objects, 2(36KB) LOS objects, 7% free, 184MB/200MB, paused 1.712ms total 64.237ms
08-03 23:15:00.022 14236 14248 I art     : Starting a blocking GC Explicit
08-03 23:15:00.076 14236 14248 I art     : Explicit concurrent mark sweep GC freed 153(6KB) AllocSpace objects, 0(0B) LOS objects, 7% free, 184MB/200MB, paused 1.382ms total 54.103ms
08-03 23:15:00.096 14236 14248 I art     : Starting a blocking GC Explicit
08-03 23:15:00.151 14236 14248 I art     : Explicit concurrent mark sweep GC freed 14(672B) AllocSpace objects, 0(0B) LOS objects, 7% free, 184MB/200MB, paused 1.633ms total 54.029ms
08-03 23:15:00.170 14236 14248 I art     : Starting a blocking GC Explicit
08-03 23:15:00.222 14236 14248 I art     : Explicit concurrent mark sweep GC freed 5(160B) AllocSpace objects, 0(0B) LOS objects, 7% free, 184MB/200MB, paused 1.414ms total 51.329ms
08-03 23:15:00.242 14236 14248 I art     : Starting a blocking GC Explicit
08-03 23:15:00.294 14236 14248 I art     : Explicit concurrent mark sweep GC freed 41(1104B) AllocSpace objects, 0(0B) LOS objects, 7% free, 184MB/200MB, paused 1.455ms total 51.750ms
08-03 23:15:00.479   512  2967 D audio_hw_primary: disable_audio_route: reset and update mixer path: low-latency-playback speaker
08-03 23:15:00.483   512  2967 D audio_hw_primary: disable_snd_device: snd_device(2: speaker)
08-03 23:15:00.491   512  2967 I soundtrigger: audio_extn_sound_trigger_update_device_status: device 0x2 of type 0 for Event 0
08-03 23:15:00.644 16496 16496 D AndroidRuntime: >>>>>> START com.android.internal.os.RuntimeInit uid 2000 <<<<<<
08-03 23:15:00.650 16496 16496 D AndroidRuntime: CheckJNI is OFF
08-03 23:15:00.684 14236 14255 I art     : Starting a blocking GC Explicit
08-03 23:15:00.693 16496 16496 D ICU     : No timezone override file found: /data/misc/zoneinfo/current/icu/icu_tzdata.dat
08-03 23:15:00.736 16496 16496 I Radio-JNI: register_android_hardware_Radio DONE
08-03 23:15:00.743 14236 14255 I art     : Explicit concurrent mark sweep GC freed 1633(94KB) AllocSpace objects, 2(36KB) LOS objects, 7% free, 184MB/200MB, paused 1.650ms total 58.521ms
08-03 23:15:00.763 14236 14255 I art     : Starting a blocking GC Explicit
08-03 23:15:00.766 16496 16496 D AndroidRuntime: Calling main entry com.android.commands.input.Input
08-03 23:15:00.768 16496 16496 I Input   : injectMotionEvent: MotionEvent { action=ACTION_DOWN, actionButton=0, id[0]=0, x[0]=418.0, y[0]=842.0, toolType[0]=TOOL_TYPE_UNKNOWN, buttonState=0, metaState=0, flags=0x0, edgeFlags=0x0, pointerCount=1, historySize=0, eventTime=659717181, downTime=659717181, deviceId=0, source=0x1002 }
08-03 23:15:00.772 16496 16496 I Input   : injectMotionEvent: MotionEvent { action=ACTION_UP, actionButton=0, id[0]=0, x[0]=418.0, y[0]=842.0, toolType[0]=TOOL_TYPE_UNKNOWN, buttonState=0, metaState=0, flags=0x0, edgeFlags=0x0, pointerCount=1, historySize=0, eventTime=659717181, downTime=659717181, deviceId=0, source=0x1002 }
08-03 23:15:00.774 16496 16496 D AndroidRuntime: Shutting down VM
08-03 23:15:00.788   512  2967 D audio_hw_primary: out_set_parameters: enter: usecase(1: low-latency-playback) kvpairs: routing=2
08-03 23:15:00.790 14236 14302 D Gabe    : call	returning from cache
08-03 23:15:00.802   512  2967 D audio_hw_primary: select_devices: out_snd_device(2: speaker) in_snd_device(0: none)
08-03 23:15:00.802   512  2967 D msm8974_platform: platform_send_audio_calibration: sending audio calibration for snd_device(2) acdb_id(15)
08-03 23:15:00.802   512  2967 I soundtrigger: audio_extn_sound_trigger_update_device_status: device 0x2 of type 0 for Event 1
08-03 23:15:00.812 14236 14236 V MainActivity: url = https://project-travel-mate.herokuapp.com/api/number-of-unread-notifications
08-03 23:15:00.813   512  2967 D audio_hw_primary: enable_snd_device: snd_device(2: speaker)
08-03 23:15:00.816   512  2967 D audio_hw_primary: enable_audio_route: apply and update mixer path: low-latency-playback speaker
08-03 23:15:00.823 14236 14255 I art     : Explicit concurrent mark sweep GC freed 975(49KB) AllocSpace objects, 0(0B) LOS objects, 7% free, 184MB/200MB, paused 2.255ms total 58.960ms
08-03 23:15:00.842 14236 14255 I art     : Starting a blocking GC Explicit
08-03 23:15:00.864   512  2967 D AudioFlinger: mixer(0xf4740000) throttle end: throttle time(12)
08-03 23:15:00.899 14236 14255 I art     : Explicit concurrent mark sweep GC freed 520(37KB) AllocSpace objects, 0(0B) LOS objects, 7% free, 184MB/200MB, paused 2.079ms total 56.476ms
08-03 23:15:00.918 14236 14255 I art     : Starting a blocking GC Explicit
08-03 23:15:00.979 14236 14255 I art     : Explicit concurrent mark sweep GC freed 352(25KB) AllocSpace objects, 0(0B) LOS objects, 7% free, 184MB/200MB, paused 2.280ms total 60.885ms
08-03 23:15:00.999 14236 14255 I art     : Starting a blocking GC Explicit
08-03 23:15:01.058 14236 14255 I art     : Explicit concurrent mark sweep GC freed 663(36KB) AllocSpace objects, 0(0B) LOS objects, 7% free, 184MB/200MB, paused 2.159ms total 58.844ms
08-03 23:15:01.297 14236 16520 I NAPPA_EXPERIMENTATION: MetricNetworkRequestExecutionTime: REQUEST_DURATION_SYSTEM='484',REQUEST_DURATION_OKHTTP='31',REQUEST_SYNCHRONOUS='FALSE',RESPONSE_CODE='200',RESPONSE_METHOD='GET',RESPONSE_LENGTH_OKHTTP='36',RESPONSE_LENGTH_HEADER='36',REQUEST_PROTOCOL='http/1.1',REQUEST_URL='https://project-travel-mate.herokuapp.com/api/number-of-unread-notifications',
08-03 23:15:01.351 14236 14236 I Choreographer: Skipped 32 frames!  The application may be doing too much work on its main thread.
08-03 23:15:01.358   512  2967 D audio_hw_primary: disable_audio_route: reset and update mixer path: low-latency-playback speaker
08-03 23:15:01.359   512  2967 D audio_hw_primary: disable_snd_device: snd_device(2: speaker)
08-03 23:15:01.367   512  2967 I soundtrigger: audio_extn_sound_trigger_update_device_status: device 0x2 of type 0 for Event 0
08-03 23:15:01.449 14236 16111 I art     : Starting a blocking GC Explicit
08-03 23:15:01.522 14236 16111 I art     : Explicit concurrent mark sweep GC freed 7627(407KB) AllocSpace objects, 14(496KB) LOS objects, 7% free, 185MB/201MB, paused 2.255ms total 71.961ms
08-03 23:15:01.542 14236 16111 I art     : Starting a blocking GC Explicit
08-03 23:15:01.600 14236 16111 I art     : Explicit concurrent mark sweep GC freed 2829(198KB) AllocSpace objects, 0(0B) LOS objects, 7% free, 185MB/201MB, paused 1.466ms total 57.298ms
08-03 23:15:01.619 14236 16111 I art     : Starting a blocking GC Explicit
08-03 23:15:01.681 14236 16111 I art     : Explicit concurrent mark sweep GC freed 165(3KB) AllocSpace objects, 0(0B) LOS objects, 7% free, 185MB/201MB, paused 1.672ms total 62.260ms
08-03 23:15:01.702 14236 16111 I art     : Starting a blocking GC Explicit
08-03 23:15:01.768 14236 16111 I art     : Explicit concurrent mark sweep GC freed 137(2944B) AllocSpace objects, 0(0B) LOS objects, 7% free, 185MB/201MB, paused 1.693ms total 65.964ms
08-03 23:15:01.789 14236 16111 I art     : Starting a blocking GC Explicit
08-03 23:15:01.854 14236 16111 I art     : Explicit concurrent mark sweep GC freed 140(2368B) AllocSpace objects, 0(0B) LOS objects, 7% free, 185MB/201MB, paused 1.823ms total 65.389ms
08-03 23:15:02.261 14236 14250 I art     : Starting a blocking GC Explicit
08-03 23:15:02.329 14236 14250 I art     : Explicit concurrent mark sweep GC freed 2319(104KB) AllocSpace objects, 2(52KB) LOS objects, 7% free, 185MB/201MB, paused 1.701ms total 67.642ms
08-03 23:15:02.351 14236 14250 I art     : Starting a blocking GC Explicit
08-03 23:15:02.413 14236 14250 I art     : Explicit concurrent mark sweep GC freed 165(3KB) AllocSpace objects, 0(0B) LOS objects, 7% free, 185MB/201MB, paused 1.640ms total 61.895ms
08-03 23:15:02.433 14236 14250 I art     : Starting a blocking GC Explicit
08-03 23:15:02.498 14236 14250 I art     : Explicit concurrent mark sweep GC freed 133(2448B) AllocSpace objects, 0(0B) LOS objects, 7% free, 185MB/201MB, paused 1.665ms total 64.720ms
08-03 23:15:02.518 14236 14250 I art     : Starting a blocking GC Explicit
08-03 23:15:02.580 14236 14250 I art     : Explicit concurrent mark sweep GC freed 131(2368B) AllocSpace objects, 0(0B) LOS objects, 7% free, 185MB/201MB, paused 1.511ms total 61.084ms
08-03 23:15:02.600 14236 14250 I art     : Starting a blocking GC Explicit
08-03 23:15:02.662 14236 14250 I art     : Explicit concurrent mark sweep GC freed 135(2464B) AllocSpace objects, 0(0B) LOS objects, 7% free, 185MB/201MB, paused 1.622ms total 61.907ms
08-03 23:15:03.104 14236 14750 I art     : Starting a blocking GC Explicit
08-03 23:15:03.169 14236 14750 I art     : Explicit concurrent mark sweep GC freed 2323(104KB) AllocSpace objects, 2(52KB) LOS objects, 7% free, 185MB/201MB, paused 1.868ms total 64.419ms
08-03 23:15:03.189 14236 14750 I art     : Starting a blocking GC Explicit
08-03 23:15:03.257 14236 14750 I art     : Explicit concurrent mark sweep GC freed 159(3KB) AllocSpace objects, 0(0B) LOS objects, 7% free, 185MB/201MB, paused 1.886ms total 66.984ms
08-03 23:15:03.278 14236 14750 I art     : Starting a blocking GC Explicit
08-03 23:15:03.344 14236 14750 I art     : Explicit concurrent mark sweep GC freed 184(3KB) AllocSpace objects, 0(0B) LOS objects, 7% free, 185MB/201MB, paused 1.571ms total 66.028ms
08-03 23:15:03.364 14236 14750 I art     : Starting a blocking GC Explicit
08-03 23:15:03.433 14236 14750 I art     : Explicit concurrent mark sweep GC freed 124(2128B) AllocSpace objects, 0(0B) LOS objects, 7% free, 185MB/201MB, paused 1.692ms total 68.492ms
08-03 23:15:03.454 14236 14750 I art     : Starting a blocking GC Explicit
08-03 23:15:03.522 14236 14750 I art     : Explicit concurrent mark sweep GC freed 122(2064B) AllocSpace objects, 0(0B) LOS objects, 7% free, 185MB/201MB, paused 1.690ms total 68.025ms
08-03 23:15:03.575 16553 16553 D AndroidRuntime: >>>>>> START com.android.internal.os.RuntimeInit uid 2000 <<<<<<
08-03 23:15:03.581 16553 16553 D AndroidRuntime: CheckJNI is OFF
08-03 23:15:03.626 16553 16553 D ICU     : No timezone override file found: /data/misc/zoneinfo/current/icu/icu_tzdata.dat
08-03 23:15:03.671 16553 16553 I Radio-JNI: register_android_hardware_Radio DONE
08-03 23:15:03.700 16553 16553 D AndroidRuntime: Calling main entry com.android.commands.input.Input
08-03 23:15:03.703 16553 16553 I Input   : injectMotionEvent: MotionEvent { action=ACTION_DOWN, actionButton=0, id[0]=0, x[0]=117.0, y[0]=170.0, toolType[0]=TOOL_TYPE_UNKNOWN, buttonState=0, metaState=0, flags=0x0, edgeFlags=0x0, pointerCount=1, historySize=0, eventTime=659720115, downTime=659720115, deviceId=0, source=0x1002 }
08-03 23:15:03.708 16553 16553 I Input   : injectMotionEvent: MotionEvent { action=ACTION_UP, actionButton=0, id[0]=0, x[0]=117.0, y[0]=170.0, toolType[0]=TOOL_TYPE_UNKNOWN, buttonState=0, metaState=0, flags=0x0, edgeFlags=0x0, pointerCount=1, historySize=0, eventTime=659720115, downTime=659720115, deviceId=0, source=0x1002 }
08-03 23:15:03.709 16553 16553 D AndroidRuntime: Shutting down VM
08-03 23:15:03.724   512  2967 D audio_hw_primary: out_set_parameters: enter: usecase(1: low-latency-playback) kvpairs: routing=2
08-03 23:15:03.737   512  2967 D audio_hw_primary: select_devices: out_snd_device(2: speaker) in_snd_device(0: none)
08-03 23:15:03.737   512  2967 D msm8974_platform: platform_send_audio_calibration: sending audio calibration for snd_device(2) acdb_id(15)
08-03 23:15:03.737   512  2967 I soundtrigger: audio_extn_sound_trigger_update_device_status: device 0x2 of type 0 for Event 1
08-03 23:15:03.754   512  2967 D audio_hw_primary: enable_snd_device: snd_device(2: speaker)
08-03 23:15:03.757   512  2967 D audio_hw_primary: enable_audio_route: apply and update mixer path: low-latency-playback speaker
08-03 23:15:03.934 14236 14248 I art     : Starting a blocking GC Explicit
08-03 23:15:03.994 14236 14248 I art     : Explicit concurrent mark sweep GC freed 2747(126KB) AllocSpace objects, 2(52KB) LOS objects, 7% free, 185MB/201MB, paused 1.452ms total 59.608ms
08-03 23:15:04.014 14236 14248 I art     : Starting a blocking GC Explicit
08-03 23:15:04.071 14236 14248 I art     : Explicit concurrent mark sweep GC freed 172(4KB) AllocSpace objects, 0(0B) LOS objects, 7% free, 185MB/201MB, paused 1.564ms total 56.257ms
08-03 23:15:04.090 14236 14248 I art     : Starting a blocking GC Explicit
08-03 23:15:04.148 14236 14248 I art     : Explicit concurrent mark sweep GC freed 125(2192B) AllocSpace objects, 0(0B) LOS objects, 7% free, 185MB/201MB, paused 1.557ms total 57.569ms
08-03 23:15:04.169 14236 14248 I art     : Starting a blocking GC Explicit
08-03 23:15:04.227 14236 14248 I art     : Explicit concurrent mark sweep GC freed 129(2288B) AllocSpace objects, 0(0B) LOS objects, 7% free, 185MB/201MB, paused 1.420ms total 57.298ms
08-03 23:15:04.247 14236 14248 I art     : Starting a blocking GC Explicit
08-03 23:15:04.289   512  2967 D audio_hw_primary: disable_audio_route: reset and update mixer path: low-latency-playback speaker
08-03 23:15:04.291   512  2967 D audio_hw_primary: disable_snd_device: snd_device(2: speaker)
08-03 23:15:04.298   512  2967 I soundtrigger: audio_extn_sound_trigger_update_device_status: device 0x2 of type 0 for Event 0
08-03 23:15:04.306 14236 14248 I art     : Explicit concurrent mark sweep GC freed 141(2832B) AllocSpace objects, 0(0B) LOS objects, 7% free, 185MB/201MB, paused 1.503ms total 59.189ms
08-03 23:15:04.470 16576 16576 D AndroidRuntime: >>>>>> START com.android.internal.os.RuntimeInit uid 2000 <<<<<<
08-03 23:15:04.476 16576 16576 D AndroidRuntime: CheckJNI is OFF
08-03 23:15:04.516 16576 16576 D ICU     : No timezone override file found: /data/misc/zoneinfo/current/icu/icu_tzdata.dat
08-03 23:15:04.559 16576 16576 I Radio-JNI: register_android_hardware_Radio DONE
08-03 23:15:04.587 16576 16576 D AndroidRuntime: Calling main entry com.android.commands.input.Input
08-03 23:15:04.589 16576 16576 I Input   : injectMotionEvent: MotionEvent { action=ACTION_DOWN, actionButton=0, id[0]=0, x[0]=355.0, y[0]=1674.0, toolType[0]=TOOL_TYPE_UNKNOWN, buttonState=0, metaState=0, flags=0x0, edgeFlags=0x0, pointerCount=1, historySize=0, eventTime=659721002, downTime=659721002, deviceId=0, source=0x1002 }
08-03 23:15:04.593 16576 16576 I Input   : injectMotionEvent: MotionEvent { action=ACTION_UP, actionButton=0, id[0]=0, x[0]=355.0, y[0]=1674.0, toolType[0]=TOOL_TYPE_UNKNOWN, buttonState=0, metaState=0, flags=0x0, edgeFlags=0x0, pointerCount=1, historySize=0, eventTime=659721002, downTime=659721002, deviceId=0, source=0x1002 }
08-03 23:15:04.595 16576 16576 D AndroidRuntime: Shutting down VM
08-03 23:15:04.609   512  2967 D audio_hw_primary: out_set_parameters: enter: usecase(1: low-latency-playback) kvpairs: routing=2
08-03 23:15:04.621 14236 14236 V MainActivity: url = https://project-travel-mate.herokuapp.com/api/number-of-unread-notifications
08-03 23:15:04.622   512  2967 D audio_hw_primary: select_devices: out_snd_device(2: speaker) in_snd_device(0: none)
08-03 23:15:04.622   512  2967 D msm8974_platform: platform_send_audio_calibration: sending audio calibration for snd_device(2) acdb_id(15)
08-03 23:15:04.622   512  2967 I soundtrigger: audio_extn_sound_trigger_update_device_status: device 0x2 of type 0 for Event 1
08-03 23:15:04.632   512  2967 D audio_hw_primary: enable_snd_device: snd_device(2: speaker)
08-03 23:15:04.634   512  2967 D audio_hw_primary: enable_audio_route: apply and update mixer path: low-latency-playback speaker
08-03 23:15:04.676   512  2967 D AudioFlinger: mixer(0xf4740000) throttle end: throttle time(12)
08-03 23:15:04.706 14236 14255 I art     : Starting a blocking GC Explicit
08-03 23:15:04.767 14236 14255 I art     : Explicit concurrent mark sweep GC freed 4260(182KB) AllocSpace objects, 2(52KB) LOS objects, 7% free, 185MB/201MB, paused 1.664ms total 60.914ms
08-03 23:15:04.787 14236 14255 I art     : Starting a blocking GC Explicit
08-03 23:15:04.846 14236 14255 I art     : Explicit concurrent mark sweep GC freed 2347(196KB) AllocSpace objects, 9(252KB) LOS objects, 7% free, 185MB/201MB, paused 1.449ms total 59.576ms
08-03 23:15:04.867 14236 14255 I art     : Starting a blocking GC Explicit
08-03 23:15:04.929 14236 14255 I art     : Explicit concurrent mark sweep GC freed 3(96B) AllocSpace objects, 0(0B) LOS objects, 7% free, 185MB/201MB, paused 1.579ms total 61.895ms
08-03 23:15:04.950 14236 14255 I art     : Starting a blocking GC Explicit
08-03 23:15:05.017 14236 14255 I art     : Explicit concurrent mark sweep GC freed 3(96B) AllocSpace objects, 0(0B) LOS objects, 7% free, 185MB/201MB, paused 1.753ms total 66.628ms
08-03 23:15:05.041 14236 14255 I art     : Starting a blocking GC Explicit
08-03 23:15:05.101 14236 14255 I art     : Explicit concurrent mark sweep GC freed 27(864B) AllocSpace objects, 0(0B) LOS objects, 7% free, 185MB/201MB, paused 1.643ms total 60.204ms
08-03 23:15:05.168   512  2967 D audio_hw_primary: disable_audio_route: reset and update mixer path: low-latency-playback speaker
08-03 23:15:05.169   512  2967 D audio_hw_primary: disable_snd_device: snd_device(2: speaker)
08-03 23:15:05.176   512  2967 I soundtrigger: audio_extn_sound_trigger_update_device_status: device 0x2 of type 0 for Event 0
08-03 23:15:05.189 14236 16597 I NAPPA_EXPERIMENTATION: MetricNetworkRequestExecutionTime: REQUEST_DURATION_SYSTEM='566',REQUEST_DURATION_OKHTTP='30',REQUEST_SYNCHRONOUS='FALSE',RESPONSE_CODE='200',RESPONSE_METHOD='GET',RESPONSE_LENGTH_OKHTTP='36',RESPONSE_LENGTH_HEADER='36',REQUEST_PROTOCOL='http/1.1',REQUEST_URL='https://project-travel-mate.herokuapp.com/api/number-of-unread-notifications',
08-03 23:15:05.521 14236 14248 I art     : Starting a blocking GC Explicit
08-03 23:15:05.608 14236 14248 I art     : Explicit concurrent mark sweep GC freed 4477(243KB) AllocSpace objects, 5(248KB) LOS objects, 7% free, 185MB/201MB, paused 1.766ms total 86.295ms
08-03 23:15:05.632 14236 14248 I art     : Starting a blocking GC Explicit
08-03 23:15:05.698 14236 14248 I art     : Explicit concurrent mark sweep GC freed 982(118KB) AllocSpace objects, 0(0B) LOS objects, 7% free, 185MB/201MB, paused 1.648ms total 65.788ms
08-03 23:15:05.719 14236 14248 I art     : Starting a blocking GC Explicit
08-03 23:15:05.786 14236 14248 I art     : Explicit concurrent mark sweep GC freed 3(96B) AllocSpace objects, 0(0B) LOS objects, 7% free, 185MB/201MB, paused 1.438ms total 66.642ms
08-03 23:15:05.806 14236 14248 I art     : Starting a blocking GC Explicit
08-03 23:15:05.873 14236 14248 I art     : Explicit concurrent mark sweep GC freed 3(96B) AllocSpace objects, 0(0B) LOS objects, 7% free, 185MB/201MB, paused 1.577ms total 66.013ms
08-03 23:15:05.894 14236 14248 I art     : Starting a blocking GC Explicit
08-03 23:15:05.960 14236 14248 I art     : Explicit concurrent mark sweep GC freed 3(96B) AllocSpace objects, 0(0B) LOS objects, 7% free, 185MB/201MB, paused 1.681ms total 65.963ms
08-03 23:15:06.376 14236 14248 I art     : Starting a blocking GC Explicit
08-03 23:15:06.447 14236 14248 I art     : Explicit concurrent mark sweep GC freed 1665(94KB) AllocSpace objects, 2(48KB) LOS objects, 7% free, 185MB/201MB, paused 1.711ms total 70.647ms
08-03 23:15:06.470 14236 14248 I art     : Starting a blocking GC Explicit
08-03 23:15:06.540 14236 14248 I art     : Explicit concurrent mark sweep GC freed 43(1728B) AllocSpace objects, 0(0B) LOS objects, 7% free, 185MB/201MB, paused 1.610ms total 69.595ms
08-03 23:15:06.561 14236 14248 I art     : Starting a blocking GC Explicit
08-03 23:15:06.632 14236 14248 I art     : Explicit concurrent mark sweep GC freed 3(96B) AllocSpace objects, 0(0B) LOS objects, 7% free, 185MB/201MB, paused 1.692ms total 71.196ms
08-03 23:15:06.654 14236 14248 I art     : Starting a blocking GC Explicit
08-03 23:15:06.729 14236 14248 I art     : Explicit concurrent mark sweep GC freed 3(96B) AllocSpace objects, 0(0B) LOS objects, 7% free, 185MB/201MB, paused 1.747ms total 74.608ms
08-03 23:15:06.750 14236 14248 I art     : Starting a blocking GC Explicit
08-03 23:15:06.823 14236 14248 I art     : Explicit concurrent mark sweep GC freed 3(96B) AllocSpace objects, 0(0B) LOS objects, 7% free, 185MB/201MB, paused 1.461ms total 73.621ms
08-03 23:15:07.261 14236 14250 I art     : Starting a blocking GC Explicit
08-03 23:15:07.343 14236 14250 I art     : Explicit concurrent mark sweep GC freed 1628(93KB) AllocSpace objects, 2(48KB) LOS objects, 7% free, 185MB/201MB, paused 1.826ms total 80.698ms
08-03 23:15:07.367 14236 14250 I art     : Starting a blocking GC Explicit
08-03 23:15:07.400 16620 16620 D AndroidRuntime: >>>>>> START com.android.internal.os.RuntimeInit uid 2000 <<<<<<
08-03 23:15:07.405 16620 16620 D AndroidRuntime: CheckJNI is OFF
08-03 23:15:07.436 14236 14250 I art     : Explicit concurrent mark sweep GC freed 28(1024B) AllocSpace objects, 0(0B) LOS objects, 7% free, 185MB/201MB, paused 1.679ms total 68.889ms
08-03 23:15:07.455 16620 16620 D ICU     : No timezone override file found: /data/misc/zoneinfo/current/icu/icu_tzdata.dat
08-03 23:15:07.456 14236 14250 I art     : Starting a blocking GC Explicit
08-03 23:15:07.501 16620 16620 I Radio-JNI: register_android_hardware_Radio DONE
08-03 23:15:07.522 14236 14250 I art     : Explicit concurrent mark sweep GC freed 3(96B) AllocSpace objects, 0(0B) LOS objects, 7% free, 185MB/201MB, paused 1.669ms total 64.968ms
08-03 23:15:07.530 16620 16620 D AndroidRuntime: Calling main entry com.android.commands.input.Input
08-03 23:15:07.533 16620 16620 I Input   : injectMotionEvent: MotionEvent { action=ACTION_DOWN, actionButton=0, id[0]=0, x[0]=747.0, y[0]=608.0, toolType[0]=TOOL_TYPE_UNKNOWN, buttonState=0, metaState=0, flags=0x0, edgeFlags=0x0, pointerCount=1, historySize=0, eventTime=659723945, downTime=659723945, deviceId=0, source=0x1002 }
08-03 23:15:07.540 16620 16620 I Input   : injectMotionEvent: MotionEvent { action=ACTION_UP, actionButton=0, id[0]=0, x[0]=747.0, y[0]=608.0, toolType[0]=TOOL_TYPE_UNKNOWN, buttonState=0, metaState=0, flags=0x0, edgeFlags=0x0, pointerCount=1, historySize=0, eventTime=659723945, downTime=659723945, deviceId=0, source=0x1002 }
08-03 23:15:07.542 16620 16620 D AndroidRuntime: Shutting down VM
08-03 23:15:07.542   918  3696 I ActivityManager: START u0 {cmp=baseline.io.github.project_travel_mate/.utilities.ChecklistActivity} from uid 10650 on display 0
08-03 23:15:07.542 14236 14250 I art     : Starting a blocking GC Explicit
08-03 23:15:07.543   512  2967 D audio_hw_primary: out_set_parameters: enter: usecase(1: low-latency-playback) kvpairs: routing=2
08-03 23:15:07.556   512  2967 D audio_hw_primary: select_devices: out_snd_device(2: speaker) in_snd_device(0: none)
08-03 23:15:07.556   512  2967 D msm8974_platform: platform_send_audio_calibration: sending audio calibration for snd_device(2) acdb_id(15)
08-03 23:15:07.556   512  2967 I soundtrigger: audio_extn_sound_trigger_update_device_status: device 0x2 of type 0 for Event 1
08-03 23:15:07.569   512  2967 D audio_hw_primary: enable_snd_device: snd_device(2: speaker)
08-03 23:15:07.571   512  2967 D audio_hw_primary: enable_audio_route: apply and update mixer path: low-latency-playback speaker
08-03 23:15:07.607 14236 14250 I art     : Explicit concurrent mark sweep GC freed 638(35KB) AllocSpace objects, 0(0B) LOS objects, 7% free, 185MB/201MB, paused 1.561ms total 64.723ms
08-03 23:15:07.627 14236 14250 I art     : Starting a blocking GC Explicit
08-03 23:15:07.691 14236 14250 I art     : Explicit concurrent mark sweep GC freed 24620(987KB) AllocSpace objects, 0(0B) LOS objects, 7% free, 185MB/201MB, paused 2.315ms total 63.863ms
08-03 23:15:08.086 14236 16111 I art     : Starting a blocking GC Explicit
08-03 23:15:08.108   512  2967 D audio_hw_primary: disable_audio_route: reset and update mixer path: low-latency-playback speaker
08-03 23:15:08.109   512  2967 D audio_hw_primary: disable_snd_device: snd_device(2: speaker)
08-03 23:15:08.118   512  2967 I soundtrigger: audio_extn_sound_trigger_update_device_status: device 0x2 of type 0 for Event 0
08-03 23:15:08.119   918   936 I ActivityManager: Displayed baseline.io.github.project_travel_mate/.utilities.ChecklistActivity: +567ms
08-03 23:15:08.119 13866 13866 I GoogleInputMethodServic: GoogleInputMethodService.onFinishInput():3138 
08-03 23:15:08.120 13866 13866 I GoogleInputMethodServic: GoogleInputMethodService.onStartInput():1808 
08-03 23:15:08.166 14236 16111 I art     : Explicit concurrent mark sweep GC freed 117330(4MB) AllocSpace objects, 2(48KB) LOS objects, 7% free, 186MB/202MB, paused 1.671ms total 78.747ms
08-03 23:15:08.189 14236 16111 I art     : Starting a blocking GC Explicit
08-03 23:15:08.253 14236 16111 I art     : Explicit concurrent mark sweep GC freed 2640(270KB) AllocSpace objects, 0(0B) LOS objects, 7% free, 186MB/202MB, paused 1.406ms total 64.072ms
08-03 23:15:08.254 14236 14247 I art     : WaitForGcToComplete blocked for 64.395ms for cause HeapTrim
08-03 23:15:08.275 14236 16111 I art     : Starting a blocking GC Explicit
08-03 23:15:08.355 14236 16111 I art     : Explicit concurrent mark sweep GC freed 268(10KB) AllocSpace objects, 0(0B) LOS objects, 7% free, 186MB/202MB, paused 1.434ms total 79.682ms
08-03 23:15:08.376   380   380 W SurfaceFlinger: couldn't log to binary event log: overflow.
08-03 23:15:08.380 14236 16111 I art     : Starting a blocking GC Explicit
08-03 23:15:08.441 14236 16111 I art     : Explicit concurrent mark sweep GC freed 3(96B) AllocSpace objects, 0(0B) LOS objects, 7% free, 186MB/202MB, paused 1.442ms total 61.169ms
08-03 23:15:08.462 14236 16111 I art     : Starting a blocking GC Explicit
08-03 23:15:08.526 14236 16111 I art     : Explicit concurrent mark sweep GC freed 54(1696B) AllocSpace objects, 0(0B) LOS objects, 7% free, 186MB/202MB, paused 1.323ms total 64.019ms
08-03 23:15:08.590   518   646 I ThermalEngine: ACTION: GPU - Setting GPU[0] to 510000000
08-03 23:15:08.913 14236 14248 I art     : Starting a blocking GC Explicit
08-03 23:15:08.992 14236 14248 I art     : Explicit concurrent mark sweep GC freed 1634(94KB) AllocSpace objects, 2(48KB) LOS objects, 7% free, 186MB/202MB, paused 1.179ms total 78.005ms
08-03 23:15:09.009 14236 14248 I art     : Starting a blocking GC Explicit
08-03 23:15:09.068 14236 14248 I art     : Explicit concurrent mark sweep GC freed 39(1648B) AllocSpace objects, 0(0B) LOS objects, 7% free, 186MB/202MB, paused 1.197ms total 57.920ms
08-03 23:15:09.085 14236 14248 I art     : Starting a blocking GC Explicit
08-03 23:15:09.144 14236 14248 I art     : Explicit concurrent mark sweep GC freed 14(672B) AllocSpace objects, 0(0B) LOS objects, 7% free, 186MB/202MB, paused 1.171ms total 58.171ms
08-03 23:15:09.162 14236 14248 I art     : Starting a blocking GC Explicit
08-03 23:15:09.221 14236 14248 I art     : Explicit concurrent mark sweep GC freed 3(96B) AllocSpace objects, 0(0B) LOS objects, 7% free, 186MB/202MB, paused 1.181ms total 59.421ms
08-03 23:15:09.239 14236 14248 I art     : Starting a blocking GC Explicit
08-03 23:15:09.297 14236 14248 I art     : Explicit concurrent mark sweep GC freed 41(1104B) AllocSpace objects, 0(0B) LOS objects, 7% free, 186MB/202MB, paused 1.202ms total 58.243ms
08-03 23:15:09.731 14236 14250 I art     : Starting a blocking GC Explicit
08-03 23:15:09.812 14236 14250 I art     : Explicit concurrent mark sweep GC freed 1587(92KB) AllocSpace objects, 2(48KB) LOS objects, 7% free, 186MB/202MB, paused 1.250ms total 80.052ms
08-03 23:15:09.835 14236 14250 I art     : Starting a blocking GC Explicit
08-03 23:15:09.893 14236 14250 I art     : Explicit concurrent mark sweep GC freed 28(1024B) AllocSpace objects, 0(0B) LOS objects, 7% free, 186MB/202MB, paused 1.178ms total 57.702ms
08-03 23:15:09.912 14236 14250 I art     : Starting a blocking GC Explicit
08-03 23:15:09.969 14236 14250 I art     : Explicit concurrent mark sweep GC freed 3(96B) AllocSpace objects, 0(0B) LOS objects, 7% free, 186MB/202MB, paused 1.198ms total 57.171ms
08-03 23:15:09.986 14236 14250 I art     : Starting a blocking GC Explicit
08-03 23:15:10.045 14236 14250 I art     : Explicit concurrent mark sweep GC freed 3(96B) AllocSpace objects, 0(0B) LOS objects, 7% free, 186MB/202MB, paused 1.124ms total 58.578ms
08-03 23:15:10.062 14236 14250 I art     : Starting a blocking GC Explicit
08-03 23:15:10.122 14236 14250 I art     : Explicit concurrent mark sweep GC freed 3(96B) AllocSpace objects, 0(0B) LOS objects, 7% free, 186MB/202MB, paused 1.178ms total 58.957ms
08-03 23:15:10.543 14236 14750 I art     : Starting a blocking GC Explicit
08-03 23:15:10.611 14236 14750 I art     : Explicit concurrent mark sweep GC freed 1638(93KB) AllocSpace objects, 2(48KB) LOS objects, 7% free, 186MB/202MB, paused 1.328ms total 66.625ms
08-03 23:15:10.634 14236 14750 I art     : Starting a blocking GC Explicit
08-03 23:15:10.691 14236 14750 I art     : Explicit concurrent mark sweep GC freed 42(1456B) AllocSpace objects, 0(0B) LOS objects, 7% free, 186MB/202MB, paused 1.090ms total 56.915ms
08-03 23:15:10.709 14236 14750 I art     : Starting a blocking GC Explicit
08-03 23:15:10.766 14236 14750 I art     : Explicit concurrent mark sweep GC freed 3(96B) AllocSpace objects, 0(0B) LOS objects, 7% free, 186MB/202MB, paused 1.155ms total 57.400ms
08-03 23:15:10.784 14236 14750 I art     : Starting a blocking GC Explicit
08-03 23:15:10.842 14236 14750 I art     : Explicit concurrent mark sweep GC freed 3(96B) AllocSpace objects, 0(0B) LOS objects, 7% free, 186MB/202MB, paused 1.152ms total 58.002ms
08-03 23:15:10.860 14236 14750 I art     : Starting a blocking GC Explicit
08-03 23:15:10.918 14236 14750 I art     : Explicit concurrent mark sweep GC freed 3(96B) AllocSpace objects, 0(0B) LOS objects, 7% free, 186MB/202MB, paused 1.174ms total 58.379ms
08-03 23:15:11.321 14236 16111 I art     : Starting a blocking GC Explicit
08-03 23:15:11.397 14236 16111 I art     : Explicit concurrent mark sweep GC freed 1639(93KB) AllocSpace objects, 2(48KB) LOS objects, 7% free, 186MB/202MB, paused 1.263ms total 75.218ms
08-03 23:15:11.417 14236 16111 I art     : Starting a blocking GC Explicit
08-03 23:15:11.477 14236 16111 I art     : Explicit concurrent mark sweep GC freed 38(1568B) AllocSpace objects, 0(0B) LOS objects, 7% free, 186MB/202MB, paused 1.174ms total 59.829ms
08-03 23:15:11.494 14236 16111 I art     : Starting a blocking GC Explicit
08-03 23:15:11.555 14236 16111 I art     : Explicit concurrent mark sweep GC freed 3(96B) AllocSpace objects, 0(0B) LOS objects, 7% free, 186MB/202MB, paused 1.184ms total 61.062ms
08-03 23:15:11.578 14236 16111 I art     : Starting a blocking GC Explicit
08-03 23:15:11.637 14236 16111 I art     : Explicit concurrent mark sweep GC freed 3(96B) AllocSpace objects, 0(0B) LOS objects, 7% free, 186MB/202MB, paused 1.159ms total 58.314ms
08-03 23:15:11.654 14236 16111 I art     : Starting a blocking GC Explicit
08-03 23:15:11.713 14236 16111 I art     : Explicit concurrent mark sweep GC freed 3(96B) AllocSpace objects, 0(0B) LOS objects, 7% free, 186MB/202MB, paused 1.158ms total 58.190ms
08-03 23:15:12.065 14236 14255 I art     : Starting a blocking GC Explicit
08-03 23:15:12.133 14236 14255 I art     : Explicit concurrent mark sweep GC freed 1600(92KB) AllocSpace objects, 2(48KB) LOS objects, 7% free, 186MB/202MB, paused 1.163ms total 67.923ms
08-03 23:15:12.150 14236 14255 I art     : Starting a blocking GC Explicit
08-03 23:15:12.206 14236 14255 I art     : Explicit concurrent mark sweep GC freed 38(1568B) AllocSpace objects, 0(0B) LOS objects, 7% free, 186MB/202MB, paused 1.180ms total 55.906ms
08-03 23:15:12.223 14236 14255 I art     : Starting a blocking GC Explicit
08-03 23:15:12.243 16695 16695 D AndroidRuntime: >>>>>> START com.android.internal.os.RuntimeInit uid 2000 <<<<<<
08-03 23:15:12.248 16695 16695 D AndroidRuntime: CheckJNI is OFF
08-03 23:15:12.279 14236 14255 I art     : Explicit concurrent mark sweep GC freed 3(96B) AllocSpace objects, 0(0B) LOS objects, 7% free, 186MB/202MB, paused 1.234ms total 55.877ms
08-03 23:15:12.282 16695 16695 D ICU     : No timezone override file found: /data/misc/zoneinfo/current/icu/icu_tzdata.dat
08-03 23:15:12.296 14236 14255 I art     : Starting a blocking GC Explicit
08-03 23:15:12.317 16695 16695 I Radio-JNI: register_android_hardware_Radio DONE
08-03 23:15:12.339 16695 16695 D AndroidRuntime: Calling main entry com.android.commands.input.Input
08-03 23:15:12.340 16695 16695 I Input   : injectKeyEvent: KeyEvent { action=ACTION_DOWN, keyCode=KEYCODE_BACK, scanCode=0, metaState=0, flags=0x0, repeatCount=0, eventTime=659728753, downTime=659728753, deviceId=-1, source=0x101 }
08-03 23:15:12.346 14236 14255 I art     : Explicit concurrent mark sweep GC freed 42(1136B) AllocSpace objects, 0(0B) LOS objects, 7% free, 186MB/202MB, paused 1.014ms total 49.204ms
08-03 23:15:12.346 16695 16695 I Input   : injectKeyEvent: KeyEvent { action=ACTION_UP, keyCode=KEYCODE_BACK, scanCode=0, metaState=0, flags=0x0, repeatCount=0, eventTime=659728753, downTime=659728753, deviceId=-1, source=0x101 }
08-03 23:15:12.354 16695 16695 D AndroidRuntime: Shutting down VM
08-03 23:15:12.363 14236 14255 I art     : Starting a blocking GC Explicit
08-03 23:15:12.363 14236 14236 V MainActivity: url = https://project-travel-mate.herokuapp.com/api/number-of-unread-notifications
08-03 23:15:12.389   918  3261 D WifiStateMachine: starting scan for "H369AA63323"WPA_PSK with 2412,5180
08-03 23:15:12.392 13866 13866 I GoogleInputMethodServic: GoogleInputMethodService.onFinishInput():3138 
08-03 23:15:12.393 13866 13866 I GoogleInputMethodServic: GoogleInputMethodService.onStartInput():1808 
08-03 23:15:12.415 14236 14255 I art     : Explicit concurrent mark sweep GC freed 394(17KB) AllocSpace objects, 0(0B) LOS objects, 7% free, 186MB/202MB, paused 1.427ms total 51.651ms
08-03 23:15:12.680   380   380 W SurfaceFlinger: couldn't log to binary event log: overflow.
08-03 23:15:12.770 14236 14750 I art     : Starting a blocking GC Explicit
08-03 23:15:12.834 14236 14750 I art     : Explicit concurrent mark sweep GC freed 2220(120KB) AllocSpace objects, 2(48KB) LOS objects, 7% free, 186MB/202MB, paused 1.394ms total 63.413ms
08-03 23:15:12.858 14236 14750 I art     : Starting a blocking GC Explicit
08-03 23:15:12.918 14236 14750 I art     : Explicit concurrent mark sweep GC freed 937(68KB) AllocSpace objects, 2(120KB) LOS objects, 7% free, 186MB/202MB, paused 1.663ms total 60.315ms
08-03 23:15:12.936 14236 14750 I art     : Starting a blocking GC Explicit
08-03 23:15:12.970 14236 16719 I NAPPA_EXPERIMENTATION: MetricNetworkRequestExecutionTime: REQUEST_DURATION_SYSTEM='605',REQUEST_DURATION_OKHTTP='29',REQUEST_SYNCHRONOUS='FALSE',RESPONSE_CODE='200',RESPONSE_METHOD='GET',RESPONSE_LENGTH_OKHTTP='36',RESPONSE_LENGTH_HEADER='36',REQUEST_PROTOCOL='http/1.1',REQUEST_URL='https://project-travel-mate.herokuapp.com/api/number-of-unread-notifications',
08-03 23:15:12.997 14236 14750 I art     : Explicit concurrent mark sweep GC freed 2257(122KB) AllocSpace objects, 1(80KB) LOS objects, 7% free, 186MB/202MB, paused 1.416ms total 60.955ms
08-03 23:15:13.015 14236 14750 I art     : Starting a blocking GC Explicit
08-03 23:15:13.078 14236 14750 I art     : Explicit concurrent mark sweep GC freed 743(83KB) AllocSpace objects, 0(0B) LOS objects, 7% free, 186MB/202MB, paused 1.478ms total 62.677ms
08-03 23:15:13.102 14236 14750 I art     : Starting a blocking GC Explicit
08-03 23:15:13.160 14236 14750 I art     : Explicit concurrent mark sweep GC freed 3(96B) AllocSpace objects, 0(0B) LOS objects, 7% free, 186MB/202MB, paused 1.303ms total 58.455ms
08-03 23:15:13.551 14236 14248 I art     : Starting a blocking GC Explicit
08-03 23:15:13.633 14236 14248 I art     : Explicit concurrent mark sweep GC freed 1627(93KB) AllocSpace objects, 2(48KB) LOS objects, 7% free, 186MB/202MB, paused 1.280ms total 81.521ms
08-03 23:15:13.650 14236 14248 I art     : Starting a blocking GC Explicit
08-03 23:15:13.706 14236 14248 I art     : Explicit concurrent mark sweep GC freed 28(1024B) AllocSpace objects, 0(0B) LOS objects, 7% free, 186MB/202MB, paused 1.313ms total 56.324ms
08-03 23:15:13.723 14236 14248 I art     : Starting a blocking GC Explicit
08-03 23:15:13.781 14236 14248 I art     : Explicit concurrent mark sweep GC freed 3(96B) AllocSpace objects, 0(0B) LOS objects, 7% free, 186MB/202MB, paused 1.264ms total 57.739ms
08-03 23:15:13.798 14236 14248 I art     : Starting a blocking GC Explicit
08-03 23:15:13.857 14236 14248 I art     : Explicit concurrent mark sweep GC freed 3(96B) AllocSpace objects, 0(0B) LOS objects, 7% free, 186MB/202MB, paused 1.279ms total 58.760ms
08-03 23:15:13.874 14236 14248 I art     : Starting a blocking GC Explicit
08-03 23:15:13.933 14236 14248 I art     : Explicit concurrent mark sweep GC freed 3(96B) AllocSpace objects, 0(0B) LOS objects, 7% free, 186MB/202MB, paused 1.348ms total 58.263ms
08-03 23:15:14.022 16742 16742 D AndroidRuntime: >>>>>> START com.android.internal.os.RuntimeInit uid 2000 <<<<<<
08-03 23:15:14.029 16742 16742 D AndroidRuntime: CheckJNI is OFF
08-03 23:15:14.063 16742 16742 D ICU     : No timezone override file found: /data/misc/zoneinfo/current/icu/icu_tzdata.dat
08-03 23:15:14.102 16742 16742 I Radio-JNI: register_android_hardware_Radio DONE
08-03 23:15:14.124 16742 16742 D AndroidRuntime: Calling main entry com.android.commands.input.Input
08-03 23:15:14.126 16742 16742 I Input   : injectMotionEvent: MotionEvent { action=ACTION_DOWN, actionButton=0, id[0]=0, x[0]=657.0, y[0]=2037.0, toolType[0]=TOOL_TYPE_UNKNOWN, buttonState=0, metaState=0, flags=0x0, edgeFlags=0x0, pointerCount=1, historySize=0, eventTime=659730539, downTime=659730539, deviceId=0, source=0x1002 }
08-03 23:15:14.134 16742 16742 I Input   : injectMotionEvent: MotionEvent { action=ACTION_UP, actionButton=0, id[0]=0, x[0]=657.0, y[0]=2037.0, toolType[0]=TOOL_TYPE_UNKNOWN, buttonState=0, metaState=0, flags=0x0, edgeFlags=0x0, pointerCount=1, historySize=0, eventTime=659730539, downTime=659730539, deviceId=0, source=0x1002 }
08-03 23:15:14.136 16742 16742 D AndroidRuntime: Shutting down VM
08-03 23:15:14.150   918  6029 I ActivityManager: START u0 {cmp=baseline.io.github.project_travel_mate/.utilities.CompassActivity} from uid 10650 on display 0
08-03 23:15:14.153   512  2967 D audio_hw_primary: out_set_parameters: enter: usecase(1: low-latency-playback) kvpairs: routing=2
08-03 23:15:14.166   512  2967 D audio_hw_primary: select_devices: out_snd_device(2: speaker) in_snd_device(0: none)
08-03 23:15:14.166   512  2967 D msm8974_platform: platform_send_audio_calibration: sending audio calibration for snd_device(2) acdb_id(15)
08-03 23:15:14.166   512  2967 I soundtrigger: audio_extn_sound_trigger_update_device_status: device 0x2 of type 0 for Event 1
08-03 23:15:14.177   512  2967 D audio_hw_primary: enable_snd_device: snd_device(2: speaker)
08-03 23:15:14.179   512  2967 D audio_hw_primary: enable_audio_route: apply and update mixer path: low-latency-playback speaker
08-03 23:15:14.304 14236 14750 I art     : Starting a blocking GC Explicit
08-03 23:15:14.354 14236 14750 I art     : Explicit concurrent mark sweep GC freed 80(7KB) AllocSpace objects, 0(0B) LOS objects, 6% free, 235MB/251MB, paused 1.309ms total 49.322ms
08-03 23:15:14.370 14236 14750 I art     : Starting a blocking GC Explicit
08-03 23:15:14.422 14236 14750 I art     : Explicit concurrent mark sweep GC freed 3(96B) AllocSpace objects, 0(0B) LOS objects, 6% free, 235MB/251MB, paused 1.293ms total 51.610ms
08-03 23:15:14.438 14236 14750 I art     : Starting a blocking GC Explicit
08-03 23:15:14.490 14236 14750 I art     : Explicit concurrent mark sweep GC freed 3(96B) AllocSpace objects, 0(0B) LOS objects, 6% free, 235MB/251MB, paused 1.331ms total 52.381ms
08-03 23:15:14.506 14236 14750 I art     : Starting a blocking GC Explicit
08-03 23:15:14.560 14236 14750 I art     : Explicit concurrent mark sweep GC freed 7(224B) AllocSpace objects, 0(0B) LOS objects, 6% free, 238MB/254MB, paused 1.839ms total 53.233ms
08-03 23:15:14.576 14236 14750 I art     : Starting a blocking GC Explicit
08-03 23:15:14.580 14236 14236 D CompassActivity: start compass
08-03 23:15:14.581   918  6110 I sensors : batch
08-03 23:15:14.581   918  6110 I sensors : activate
08-03 23:15:14.581   918   928 I sensors : batch
08-03 23:15:14.581   918   928 I sensors : activate
08-03 23:15:14.588   918  3188 I hubconnection: sensorhub said: 'batch 1 flags:0, sampling_rate_Hz:50.00, max_report_latency_us:0'
08-03 23:15:14.590   918  3188 I hubconnection: sensorhub said: 'activate 1 enable:1'
08-03 23:15:14.591   918  3188 I hubconnection: sensorhub said: 'batch 3 flags:0, sampling_rate_Hz:50.00, max_report_latency_us:0'
08-03 23:15:14.592   918  3188 I hubconnection: sensorhub said: 'activate 3 enable:1'
08-03 23:15:14.630 14236 14750 I art     : Explicit concurrent mark sweep GC freed 140(6KB) AllocSpace objects, 0(0B) LOS objects, 6% free, 238MB/254MB, paused 1.122ms total 53.817ms
08-03 23:15:14.708   512  2967 D audio_hw_primary: disable_audio_route: reset and update mixer path: low-latency-playback speaker
08-03 23:15:14.710   512  2967 D audio_hw_primary: disable_snd_device: snd_device(2: speaker)
08-03 23:15:14.719   512  2967 I soundtrigger: audio_extn_sound_trigger_update_device_status: device 0x2 of type 0 for Event 0
08-03 23:15:14.742 14236 14236 D CompassActivity: will set rotation from 0.0 to 178.39331
08-03 23:15:14.747   918   936 I ActivityManager: Displayed baseline.io.github.project_travel_mate/.utilities.CompassActivity: +580ms
08-03 23:15:14.750 13866 13866 I GoogleInputMethodServic: GoogleInputMethodService.onFinishInput():3138 
08-03 23:15:14.750 13866 13866 I GoogleInputMethodServic: GoogleInputMethodService.onStartInput():1808 
08-03 23:15:14.822 14236 14236 D CompassActivity: will set rotation from 178.39331 to 177.69257
08-03 23:15:14.823 14236 14236 D CompassActivity: will set rotation from 177.69257 to 177.69202
08-03 23:15:14.823 14236 14236 D CompassActivity: will set rotation from 177.69202 to 177.80774
08-03 23:15:14.823 14236 14236 D CompassActivity: will set rotation from 177.80774 to 177.80945
08-03 23:15:14.823 14236 14236 D CompassActivity: will set rotation from 177.80945 to 177.85065
08-03 23:15:14.823 14236 14236 D CompassActivity: will set rotation from 177.85065 to 177.8454
08-03 23:15:14.823 14236 14236 D CompassActivity: will set rotation from 177.8454 to 177.98645
08-03 23:15:14.823 14236 14236 D CompassActivity: will set rotation from 177.98645 to 177.98822
08-03 23:15:14.917 14236 14236 D CompassActivity: will set rotation from 177.98822 to 177.88483
08-03 23:15:14.918 14236 14236 D CompassActivity: will set rotation from 177.88483 to 177.88965
08-03 23:15:14.918 14236 14236 D CompassActivity: will set rotation from 177.88965 to 177.90564
08-03 23:15:14.918 14236 14236 D CompassActivity: will set rotation from 177.90564 to 177.90552
08-03 23:15:14.918 14236 14236 D CompassActivity: will set rotation from 177.90552 to 178.06226
08-03 23:15:14.918 14236 14236 D CompassActivity: will set rotation from 178.06226 to 178.06024
08-03 23:15:14.918 14236 14236 D CompassActivity: will set rotation from 178.06024 to 177.98273
08-03 23:15:14.918 14236 14236 D CompassActivity: will set rotation from 177.98273 to 177.9801
08-03 23:15:14.918 14236 14236 D CompassActivity: will set rotation from 177.9801 to 177.97083
08-03 23:15:14.919 14236 14236 D CompassActivity: will set rotation from 177.97083 to 177.97266
08-03 23:15:14.933 14236 14236 D CompassActivity: will set rotation from 177.97266 to 178.01563
08-03 23:15:14.933 14236 14236 D CompassActivity: will set rotation from 178.01563 to 178.01105
08-03 23:15:14.953 14236 14236 D CompassActivity: will set rotation from 178.01105 to 178.00769
08-03 23:15:14.953 14236 14236 D CompassActivity: will set rotation from 178.00769 to 178.00885
08-03 23:15:14.973 14236 14236 D CompassActivity: will set rotation from 178.00885 to 178.10266
08-03 23:15:14.973 14236 14236 D CompassActivity: will set rotation from 178.10266 to 178.10431
08-03 23:15:14.992 14236 14236 D CompassActivity: will set rotation from 178.10431 to 178.06201
08-03 23:15:14.993 14236 14236 D CompassActivity: will set rotation from 178.06201 to 178.06519
08-03 23:15:15.001   380   380 W SurfaceFlinger: couldn't log to binary event log: overflow.
08-03 23:15:15.001 14236 14248 I art     : Starting a blocking GC Explicit
08-03 23:15:15.015 14236 14236 D CompassActivity: will set rotation from 178.06519 to 178.05756
08-03 23:15:15.015 14236 14236 D CompassActivity: will set rotation from 178.05756 to 178.06573
08-03 23:15:15.033 14236 14236 D CompassActivity: will set rotation from 178.06573 to 178.06445
08-03 23:15:15.033 14236 14236 D CompassActivity: will set rotation from 178.06445 to 178.06396
08-03 23:15:15.052 14236 14236 D CompassActivity: will set rotation from 178.06396 to 178.07135
08-03 23:15:15.053 14236 14236 D CompassActivity: will set rotation from 178.07135 to 178.0716
08-03 23:15:15.053 14236 14248 I art     : Explicit concurrent mark sweep GC freed 1920(112KB) AllocSpace objects, 2(48KB) LOS objects, 6% free, 239MB/255MB, paused 1.090ms total 51.432ms
08-03 23:15:15.069 14236 14248 I art     : Starting a blocking GC Explicit
08-03 23:15:15.072 14236 14236 D CompassActivity: will set rotation from 178.0716 to 178.07422
08-03 23:15:15.072 14236 14236 D CompassActivity: will set rotation from 178.07422 to 178.07166
08-03 23:15:15.092 14236 14236 D CompassActivity: will set rotation from 178.07166 to 178.07043
08-03 23:15:15.092 14236 14236 D CompassActivity: will set rotation from 178.07043 to 178.07031
08-03 23:15:15.112 14236 14236 D CompassActivity: will set rotation from 178.07031 to 178.13531
08-03 23:15:15.113 14236 14236 D CompassActivity: will set rotation from 178.13531 to 178.13428
08-03 23:15:15.121 14236 14248 I art     : Explicit concurrent mark sweep GC freed 512(22KB) AllocSpace objects, 0(0B) LOS objects, 6% free, 238MB/254MB, paused 1.295ms total 51.760ms
08-03 23:15:15.137 14236 14248 I art     : Starting a blocking GC Explicit
08-03 23:15:15.183 14236 14236 D CompassActivity: will set rotation from 178.13428 to 178.19366
08-03 23:15:15.183 14236 14236 D CompassActivity: will set rotation from 178.19366 to 178.19257
08-03 23:15:15.183 14236 14236 D CompassActivity: will set rotation from 178.19257 to 178.24225
08-03 23:15:15.183 14236 14236 D CompassActivity: will set rotation from 178.24225 to 178.24133
08-03 23:15:15.183 14236 14236 D CompassActivity: will set rotation from 178.24133 to 178.31708
08-03 23:15:15.184 14236 14236 D CompassActivity: will set rotation from 178.31708 to 178.31879
08-03 23:15:15.191 14236 14248 I art     : Explicit concurrent mark sweep GC freed 206(9KB) AllocSpace objects, 0(0B) LOS objects, 6% free, 238MB/254MB, paused 1.300ms total 53.065ms
08-03 23:15:15.193 14236 14236 D CompassActivity: will set rotation from 178.31879 to 178.35394
08-03 23:15:15.193 14236 14236 D CompassActivity: will set rotation from 178.35394 to 178.35242
08-03 23:15:15.207 14236 14248 I art     : Starting a blocking GC Explicit
08-03 23:15:15.212 14236 14236 D CompassActivity: will set rotation from 178.35242 to 178.3869
08-03 23:15:15.212 14236 14236 D CompassActivity: will set rotation from 178.3869 to 178.3819
08-03 23:15:15.232 14236 14236 D CompassActivity: will set rotation from 178.3819 to 178.38702
08-03 23:15:15.232 14236 14236 D CompassActivity: will set rotation from 178.38702 to 178.38324
08-03 23:15:15.253 14236 14236 D CompassActivity: will set rotation from 178.38324 to 178.36224
08-03 23:15:15.253 14236 14236 D CompassActivity: will set rotation from 178.36224 to 178.35938
08-03 23:15:15.259 14236 14248 I art     : Explicit concurrent mark sweep GC freed 165(8KB) AllocSpace objects, 0(0B) LOS objects, 6% free, 238MB/254MB, paused 1.092ms total 51.507ms
08-03 23:15:15.271 14236 14236 D CompassActivity: will set rotation from 178.35938 to 178.31262
08-03 23:15:15.272 14236 14236 D CompassActivity: will set rotation from 178.31262 to 178.31177
08-03 23:15:15.276 14236 14248 I art     : Starting a blocking GC Explicit
08-03 23:15:15.291 14236 14236 D CompassActivity: will set rotation from 178.31177 to 178.32117
08-03 23:15:15.291 14236 14236 D CompassActivity: will set rotation from 178.32117 to 178.32043
08-03 23:15:15.312 14236 14236 D CompassActivity: will set rotation from 178.32043 to 178.37952
08-03 23:15:15.312 14236 14236 D CompassActivity: will set rotation from 178.37952 to 178.38074
08-03 23:15:15.328 14236 14248 I art     : Explicit concurrent mark sweep GC freed 184(7KB) AllocSpace objects, 0(0B) LOS objects, 6% free, 238MB/254MB, paused 1.238ms total 51.655ms
08-03 23:15:15.331 14236 14236 D CompassActivity: will set rotation from 178.38074 to 178.3628
08-03 23:15:15.331 14236 14236 D CompassActivity: will set rotation from 178.3628 to 178.36536
08-03 23:15:15.353 14236 14236 D CompassActivity: will set rotation from 178.36536 to 178.36664
08-03 23:15:15.354 14236 14236 D CompassActivity: will set rotation from 178.36664 to 178.36682
08-03 23:15:15.371 14236 14236 D CompassActivity: will set rotation from 178.36682 to 178.3742
08-03 23:15:15.371 14236 14236 D CompassActivity: will set rotation from 178.3742 to 178.37323
08-03 23:15:15.391 14236 14236 D CompassActivity: will set rotation from 178.37323 to 178.3819
08-03 23:15:15.391 14236 14236 D CompassActivity: will set rotation from 178.3819 to 178.37848
08-03 23:15:15.411 14236 14236 D CompassActivity: will set rotation from 178.37848 to 178.4082
08-03 23:15:15.412 14236 14236 D CompassActivity: will set rotation from 178.4082 to 178.40857
08-03 23:15:15.431 14236 14236 D CompassActivity: will set rotation from 178.40857 to 178.41522
08-03 23:15:15.431 14236 14236 D CompassActivity: will set rotation from 178.41522 to 178.41809
08-03 23:15:15.452 14236 14236 D CompassActivity: will set rotation from 178.41809 to 178.40417
08-03 23:15:15.452 14236 14236 D CompassActivity: will set rotation from 178.40417 to 178.40613
08-03 23:15:15.472 14236 14236 D CompassActivity: will set rotation from 178.40613 to 178.45691
08-03 23:15:15.472 14236 14236 D CompassActivity: will set rotation from 178.45691 to 178.45752
08-03 23:15:15.491 14236 14236 D CompassActivity: will set rotation from 178.45752 to 178.48578
08-03 23:15:15.491 14236 14236 D CompassActivity: will set rotation from 178.48578 to 178.48694
08-03 23:15:15.512 14236 14236 D CompassActivity: will set rotation from 178.48694 to 178.51074
08-03 23:15:15.512 14236 14236 D CompassActivity: will set rotation from 178.51074 to 178.51172
08-03 23:15:15.530 14236 14236 D CompassActivity: will set rotation from 178.51172 to 178.51233
08-03 23:15:15.531 14236 14236 D CompassActivity: will set rotation from 178.51233 to 178.50977
08-03 23:15:15.553 14236 14236 D CompassActivity: will set rotation from 178.50977 to 178.53247
08-03 23:15:15.553 14236 14236 D CompassActivity: will set rotation from 178.53247 to 178.53198
08-03 23:15:15.571 14236 14236 D CompassActivity: will set rotation from 178.53198 to 178.55249
08-03 23:15:15.572 14236 14236 D CompassActivity: will set rotation from 178.55249 to 178.55145
08-03 23:15:15.590 14236 14236 D CompassActivity: will set rotation from 178.55145 to 178.5462
08-03 23:15:15.591 14236 14236 D CompassActivity: will set rotation from 178.5462 to 178.54462
08-03 23:15:15.603   518   646 I ThermalEngine: ACTION: GPU - Setting GPU[0] to 450000000
08-03 23:15:15.610 14236 14236 D CompassActivity: will set rotation from 178.54462 to 178.5238
08-03 23:15:15.611 14236 14236 D CompassActivity: will set rotation from 178.5238 to 178.52264
08-03 23:15:15.630 14236 14236 D CompassActivity: will set rotation from 178.52264 to 178.53967
08-03 23:15:15.631 14236 14236 D CompassActivity: will set rotation from 178.53967 to 178.54053
08-03 23:15:15.655 14236 14236 D CompassActivity: will set rotation from 178.54053 to 178.57825
08-03 23:15:15.655 14236 14236 D CompassActivity: will set rotation from 178.57825 to 178.57599
08-03 23:15:15.673 14236 14236 D CompassActivity: will set rotation from 178.57599 to 178.57318
08-03 23:15:15.674 14236 14236 D CompassActivity: will set rotation from 178.57318 to 178.5727
08-03 23:15:15.693 14236 14236 D CompassActivity: will set rotation from 178.5727 to 178.57007
08-03 23:15:15.693 14236 14236 D CompassActivity: will set rotation from 178.57007 to 178.57031
08-03 23:15:15.712 14236 14236 D CompassActivity: will set rotation from 178.57031 to 178.58875
08-03 23:15:15.713 14236 14236 D CompassActivity: will set rotation from 178.58875 to 178.5885
08-03 23:15:15.731 14236 14236 D CompassActivity: will set rotation from 178.5885 to 178.62341
08-03 23:15:15.732 14236 14236 D CompassActivity: will set rotation from 178.62341 to 178.62415
08-03 23:15:15.740 14236 14248 I art     : Starting a blocking GC Explicit
08-03 23:15:15.750 14236 14236 D CompassActivity: will set rotation from 178.62415 to 178.60242
08-03 23:15:15.751 14236 14236 D CompassActivity: will set rotation from 178.60242 to 178.60413
08-03 23:15:15.771 14236 14236 D CompassActivity: will set rotation from 178.60413 to 178.59955
08-03 23:15:15.772 14236 14236 D CompassActivity: will set rotation from 178.59955 to 178.60028
08-03 23:15:15.791 14236 14236 D CompassActivity: will set rotation from 178.60028 to 178.55957
08-03 23:15:15.791 14236 14236 D CompassActivity: will set rotation from 178.55957 to 178.55902
08-03 23:15:15.811 14236 14236 D CompassActivity: will set rotation from 178.55902 to 178.55908
08-03 23:15:15.811 14236 14236 D CompassActivity: will set rotation from 178.55908 to 178.56061
08-03 23:15:15.828 14236 14248 I art     : Explicit concurrent mark sweep GC freed 2026(121KB) AllocSpace objects, 2(48KB) LOS objects, 6% free, 239MB/255MB, paused 1.532ms total 87.308ms
08-03 23:15:15.831 14236 14236 D CompassActivity: will set rotation from 178.56061 to 178.56201
08-03 23:15:15.831 14236 14236 D CompassActivity: will set rotation from 178.56201 to 178.5625
08-03 23:15:15.853 14236 14236 D CompassActivity: will set rotation from 178.5625 to 178.56055
08-03 23:15:15.854 14236 14236 D CompassActivity: will set rotation from 178.56055 to 178.55914
08-03 23:15:15.854 14236 14248 I art     : Starting a blocking GC Explicit
08-03 23:15:15.871 14236 14236 D CompassActivity: will set rotation from 178.55914 to 178.57465
08-03 23:15:15.871 14236 14236 D CompassActivity: will set rotation from 178.57465 to 178.57343
08-03 23:15:15.890 14236 14236 D CompassActivity: will set rotation from 178.57343 to 178.56873
08-03 23:15:15.891 14236 14236 D CompassActivity: will set rotation from 178.56873 to 178.56769
08-03 23:15:15.911 14236 14236 D CompassActivity: will set rotation from 178.56769 to 178.5841
08-03 23:15:15.911 14236 14236 D CompassActivity: will set rotation from 178.5841 to 178.58301
08-03 23:15:15.931 14236 14236 D CompassActivity: will set rotation from 178.58301 to 178.60205
08-03 23:15:15.931 14236 14236 D CompassActivity: will set rotation from 178.60205 to 178.60321
08-03 23:15:15.932 14236 14248 I art     : Explicit concurrent mark sweep GC freed 823(33KB) AllocSpace objects, 0(0B) LOS objects, 6% free, 238MB/254MB, paused 1.838ms total 77.911ms
08-03 23:15:15.950 14236 14236 D CompassActivity: will set rotation from 178.60321 to 178.617
08-03 23:15:15.951 14236 14236 D CompassActivity: will set rotation from 178.617 to 178.61926
08-03 23:15:15.959 14236 14248 I art     : Starting a blocking GC Explicit
08-03 23:15:15.974 14236 14236 D CompassActivity: will set rotation from 178.61926 to 178.63232
08-03 23:15:15.975 14236 14236 D CompassActivity: will set rotation from 178.63232 to 178.63458
08-03 23:15:15.993 14236 14236 D CompassActivity: will set rotation from 178.63458 to 178.68427
08-03 23:15:15.993 14236 14236 D CompassActivity: will set rotation from 178.68427 to 178.6831
08-03 23:15:16.010 14236 14236 D CompassActivity: will set rotation from 178.6831 to 178.71301
08-03 23:15:16.010 14236 14236 D CompassActivity: will set rotation from 178.71301 to 178.71167
08-03 23:15:16.030 14236 14236 D CompassActivity: will set rotation from 178.71167 to 178.70587
08-03 23:15:16.030 14236 14236 D CompassActivity: will set rotation from 178.70587 to 178.70612
08-03 23:15:16.047 14236 14248 I art     : Explicit concurrent mark sweep GC freed 232(11KB) AllocSpace objects, 0(0B) LOS objects, 6% free, 238MB/254MB, paused 1.770ms total 88.319ms
08-03 23:15:16.049 14236 14236 D CompassActivity: will set rotation from 178.70612 to 178.75201
08-03 23:15:16.050 14236 14236 D CompassActivity: will set rotation from 178.75201 to 178.74988
08-03 23:15:16.071 14236 14236 D CompassActivity: will set rotation from 178.74988 to 178.74109
08-03 23:15:16.072 14236 14236 D CompassActivity: will set rotation from 178.74109 to 178.7398
08-03 23:15:16.074 14236 14248 I art     : Starting a blocking GC Explicit
08-03 23:15:16.090 14236 14236 D CompassActivity: will set rotation from 178.7398 to 178.73328
08-03 23:15:16.091 14236 14236 D CompassActivity: will set rotation from 178.73328 to 178.73566
08-03 23:15:16.109 14236 14236 D CompassActivity: will set rotation from 178.73566 to 178.72955
08-03 23:15:16.110 14236 14236 D CompassActivity: will set rotation from 178.72955 to 178.73053
08-03 23:15:16.129 14236 14236 D CompassActivity: will set rotation from 178.73053 to 178.76147
08-03 23:15:16.130 14236 14236 D CompassActivity: will set rotation from 178.76147 to 178.76233
08-03 23:15:16.149 14236 14236 D CompassActivity: will set rotation from 178.76233 to 178.7735
08-03 23:15:16.153 14236 14236 D CompassActivity: will set rotation from 178.7735 to 178.7721
08-03 23:15:16.159 14236 14248 I art     : Explicit concurrent mark sweep GC freed 258(12KB) AllocSpace objects, 0(0B) LOS objects, 6% free, 238MB/254MB, paused 2.841ms total 84.433ms
08-03 23:15:16.174 14236 14236 D CompassActivity: will set rotation from 178.7721 to 178.79883
08-03 23:15:16.175 14236 14236 D CompassActivity: will set rotation from 178.79883 to 178.79779
08-03 23:15:16.185 14236 14248 I art     : Starting a blocking GC Explicit
08-03 23:15:16.192 14236 14236 D CompassActivity: will set rotation from 178.79779 to 178.82129
08-03 23:15:16.193 14236 14236 D CompassActivity: will set rotation from 178.82129 to 178.82117
08-03 23:15:16.210 14236 14236 D CompassActivity: will set rotation from 178.82117 to 178.80927
08-03 23:15:16.210 14236 14236 D CompassActivity: will set rotation from 178.80927 to 178.80853
08-03 23:15:16.230 14236 14236 D CompassActivity: will set rotation from 178.80853 to 178.81519
08-03 23:15:16.231 14236 14236 D CompassActivity: will set rotation from 178.81519 to 178.81427
08-03 23:15:16.248 14236 14236 D CompassActivity: will set rotation from 178.81427 to 178.8056
08-03 23:15:16.249 14236 14236 D CompassActivity: will set rotation from 178.8056 to 178.80835
08-03 23:15:16.272 14236 14236 D CompassActivity: will set rotation from 178.80835 to 178.79858
08-03 23:15:16.272 14236 14236 D CompassActivity: will set rotation from 178.79858 to 178.8003
08-03 23:15:16.276 14236 14248 I art     : Explicit concurrent mark sweep GC freed 251(12KB) AllocSpace objects, 0(0B) LOS objects, 6% free, 238MB/254MB, paused 1.561ms total 90.604ms
08-03 23:15:16.292 14236 14236 D CompassActivity: will set rotation from 178.8003 to 178.841
08-03 23:15:16.292 14236 14236 D CompassActivity: will set rotation from 178.841 to 178.84106
08-03 23:15:16.309 14236 14236 D CompassActivity: will set rotation from 178.84106 to 178.82922
08-03 23:15:16.310 14236 14236 D CompassActivity: will set rotation from 178.82922 to 178.82697
08-03 23:15:16.329 14236 14236 D CompassActivity: will set rotation from 178.82697 to 178.83307
08-03 23:15:16.330 14236 14236 D CompassActivity: will set rotation from 178.83307 to 178.83209
08-03 23:15:16.349 14236 14236 D CompassActivity: will set rotation from 178.83209 to 178.83673
08-03 23:15:16.350 14236 14236 D CompassActivity: will set rotation from 178.83673 to 178.83661
08-03 23:15:16.368 14236 14236 D CompassActivity: will set rotation from 178.83661 to 178.8601
08-03 23:15:16.369 14236 14236 D CompassActivity: will set rotation from 178.8601 to 178.86072
08-03 23:15:16.390 14236 14236 D CompassActivity: will set rotation from 178.86072 to 178.86823
08-03 23:15:16.390 14236 14236 D CompassActivity: will set rotation from 178.86823 to 178.86816
08-03 23:15:16.408 14236 14236 D CompassActivity: will set rotation from 178.86816 to 178.8565
08-03 23:15:16.409 14236 14236 D CompassActivity: will set rotation from 178.8565 to 178.85596
08-03 23:15:16.427 14236 14236 D CompassActivity: will set rotation from 178.85596 to 178.88
08-03 23:15:16.428 14236 14236 D CompassActivity: will set rotation from 178.88 to 178.88074
08-03 23:15:16.447 14236 14236 D CompassActivity: will set rotation from 178.88074 to 178.88538
08-03 23:15:16.447 14236 14236 D CompassActivity: will set rotation from 178.88538 to 178.88635
08-03 23:15:16.468 14236 14236 D CompassActivity: will set rotation from 178.88635 to 178.9049
08-03 23:15:16.473 14236 14236 D CompassActivity: will set rotation from 178.9049 to 178.90582
08-03 23:15:16.490 14236 14236 D CompassActivity: will set rotation from 178.90582 to 178.90765
08-03 23:15:16.491 14236 14236 D CompassActivity: will set rotation from 178.90765 to 178.90631
08-03 23:15:16.506 14236 14236 D CompassActivity: will set rotation from 178.90631 to 178.8797
08-03 23:15:16.507 14236 14236 D CompassActivity: will set rotation from 178.8797 to 178.87848
08-03 23:15:16.526 14236 14236 D CompassActivity: will set rotation from 178.87848 to 178.88477
08-03 23:15:16.527 14236 14236 D CompassActivity: will set rotation from 178.88477 to 178.88464
08-03 23:15:16.546 14236 14236 D CompassActivity: will set rotation from 178.88464 to 178.8872
08-03 23:15:16.547 14236 14236 D CompassActivity: will set rotation from 178.8872 to 178.8872
08-03 23:15:16.566 14236 14236 D CompassActivity: will set rotation from 178.8872 to 178.88922
08-03 23:15:16.567 14236 14236 D CompassActivity: will set rotation from 178.88922 to 178.89136
08-03 23:15:16.588 14236 14236 D CompassActivity: will set rotation from 178.89136 to 178.8628
08-03 23:15:16.588 14236 14236 D CompassActivity: will set rotation from 178.8628 to 178.86401
08-03 23:15:16.607 14236 14236 D CompassActivity: will set rotation from 178.86401 to 178.8042
08-03 23:15:16.607 14236 14236 D CompassActivity: will set rotation from 178.8042 to 178.8031
08-03 23:15:16.626 14236 14236 D CompassActivity: will set rotation from 178.8031 to 178.79254
08-03 23:15:16.626 14236 14236 D CompassActivity: will set rotation from 178.79254 to 178.79199
08-03 23:15:16.646 14236 14236 D CompassActivity: will set rotation from 178.79199 to 178.76813
08-03 23:15:16.647 14236 14236 D CompassActivity: will set rotation from 178.76813 to 178.76868
08-03 23:15:16.667 14236 14236 D CompassActivity: will set rotation from 178.76868 to 178.74274
08-03 23:15:16.667 14236 14236 D CompassActivity: will set rotation from 178.74274 to 178.74176
08-03 23:15:16.690 14236 14236 D CompassActivity: will set rotation from 178.74176 to 178.75
08-03 23:15:16.691 14236 14236 D CompassActivity: will set rotation from 178.75 to 178.74744
08-03 23:15:16.708 14236 14250 I art     : Starting a blocking GC Explicit
08-03 23:15:16.710 14236 14236 D CompassActivity: will set rotation from 178.74744 to 178.77008
08-03 23:15:16.710 14236 14236 D CompassActivity: will set rotation from 178.77008 to 178.77106
08-03 23:15:16.727 14236 14236 D CompassActivity: will set rotation from 178.77106 to 178.7467
08-03 23:15:16.728 14236 14236 D CompassActivity: will set rotation from 178.7467 to 178.74536
08-03 23:15:16.748 14236 14236 D CompassActivity: will set rotation from 178.74536 to 178.75446
08-03 23:15:16.748 14236 14236 D CompassActivity: will set rotation from 178.75446 to 178.75403
08-03 23:15:16.766 14236 14236 D CompassActivity: will set rotation from 178.75403 to 178.75812
08-03 23:15:16.766 14236 14236 D CompassActivity: will set rotation from 178.75812 to 178.75952
08-03 23:15:16.791 14236 14236 D CompassActivity: will set rotation from 178.75952 to 178.74957
08-03 23:15:16.791 14236 14236 D CompassActivity: will set rotation from 178.74957 to 178.7514
08-03 23:15:16.799 14236 14250 I art     : Explicit concurrent mark sweep GC freed 2176(127KB) AllocSpace objects, 2(48KB) LOS objects, 6% free, 239MB/255MB, paused 1.937ms total 90.610ms
08-03 23:15:16.809 14236 14236 D CompassActivity: will set rotation from 178.7514 to 178.729
08-03 23:15:16.809 14236 14236 D CompassActivity: will set rotation from 178.729 to 178.72858
08-03 23:15:16.825 14236 14250 I art     : Starting a blocking GC Explicit
08-03 23:15:16.829 14236 14236 D CompassActivity: will set rotation from 178.72858 to 178.70801
08-03 23:15:16.829 14236 14236 D CompassActivity: will set rotation from 178.70801 to 178.70746
08-03 23:15:16.845 14236 14236 D CompassActivity: will set rotation from 178.70746 to 178.70203
08-03 23:15:16.846 14236 14236 D CompassActivity: will set rotation from 178.70203 to 178.70276
08-03 23:15:16.865 14236 14236 D CompassActivity: will set rotation from 178.70276 to 178.71094
08-03 23:15:16.866 14236 14236 D CompassActivity: will set rotation from 178.71094 to 178.71045
08-03 23:15:16.888 14236 14236 D CompassActivity: will set rotation from 178.71045 to 178.72058
08-03 23:15:16.889 14236 14236 D CompassActivity: will set rotation from 178.72058 to 178.71875
08-03 23:15:16.905 14236 14250 I art     : Explicit concurrent mark sweep GC freed 882(35KB) AllocSpace objects, 0(0B) LOS objects, 6% free, 238MB/254MB, paused 1.944ms total 79.637ms
08-03 23:15:16.907 14236 14236 D CompassActivity: will set rotation from 178.71875 to 178.69763
08-03 23:15:16.909 14236 14236 D CompassActivity: will set rotation from 178.69763 to 178.69733
08-03 23:15:16.928 14236 14236 D CompassActivity: will set rotation from 178.69733 to 178.7052
08-03 23:15:16.929 14236 14236 D CompassActivity: will set rotation from 178.7052 to 178.7041
08-03 23:15:16.931 14236 14250 I art     : Starting a blocking GC Explicit
08-03 23:15:16.945 14236 14236 D CompassActivity: will set rotation from 178.7041 to 178.71521
08-03 23:15:16.945 14236 14236 D CompassActivity: will set rotation from 178.71521 to 178.71558
08-03 23:15:16.965 14236 14236 D CompassActivity: will set rotation from 178.71558 to 178.7074
08-03 23:15:16.966 14236 14236 D CompassActivity: will set rotation from 178.7074 to 178.70825
08-03 23:15:16.970 16786 16786 D AndroidRuntime: >>>>>> START com.android.internal.os.RuntimeInit uid 2000 <<<<<<
08-03 23:15:16.975 16786 16786 D AndroidRuntime: CheckJNI is OFF
08-03 23:15:16.984 14236 14236 D CompassActivity: will set rotation from 178.70825 to 178.71729
08-03 23:15:16.985 14236 14236 D CompassActivity: will set rotation from 178.71729 to 178.71643
08-03 23:15:17.003 14236 14250 I art     : Explicit concurrent mark sweep GC freed 218(10KB) AllocSpace objects, 0(0B) LOS objects, 6% free, 238MB/254MB, paused 1.820ms total 72.246ms
08-03 23:15:17.007 14236 14236 D CompassActivity: will set rotation from 178.71643 to 178.70862
08-03 23:15:17.007 14236 14236 D CompassActivity: will set rotation from 178.70862 to 178.70819
08-03 23:15:17.022 16786 16786 D ICU     : No timezone override file found: /data/misc/zoneinfo/current/icu/icu_tzdata.dat
08-03 23:15:17.025 14236 14250 I art     : Starting a blocking GC Explicit
08-03 23:15:17.026 14236 14236 D CompassActivity: will set rotation from 178.70819 to 178.69952
08-03 23:15:17.027 14236 14236 D CompassActivity: will set rotation from 178.69952 to 178.6994
08-03 23:15:17.046 14236 14236 D CompassActivity: will set rotation from 178.6994 to 178.71161
08-03 23:15:17.046 14236 14236 D CompassActivity: will set rotation from 178.71161 to 178.71265
08-03 23:15:17.065 14236 14236 D CompassActivity: will set rotation from 178.71265 to 178.7229
08-03 23:15:17.065 14236 14236 D CompassActivity: will set rotation from 178.7229 to 178.7229
08-03 23:15:17.080 16786 16786 I Radio-JNI: register_android_hardware_Radio DONE
08-03 23:15:17.085 14236 14236 D CompassActivity: will set rotation from 178.7229 to 178.69928
08-03 23:15:17.086 14236 14236 D CompassActivity: will set rotation from 178.69928 to 178.69995
08-03 23:15:17.100 14236 14250 I art     : Explicit concurrent mark sweep GC freed 217(10KB) AllocSpace objects, 0(0B) LOS objects, 6% free, 238MB/254MB, paused 1.682ms total 74.287ms
08-03 23:15:17.108 14236 14236 D CompassActivity: will set rotation from 178.69995 to 178.69312
08-03 23:15:17.108 14236 14236 D CompassActivity: will set rotation from 178.69312 to 178.69373
08-03 23:15:17.111 16786 16786 D AndroidRuntime: Calling main entry com.android.commands.input.Input
08-03 23:15:17.114 16786 16786 I Input   : injectKeyEvent: KeyEvent { action=ACTION_DOWN, keyCode=KEYCODE_BACK, scanCode=0, metaState=0, flags=0x0, repeatCount=0, eventTime=659733526, downTime=659733526, deviceId=-1, source=0x101 }
08-03 23:15:17.122 14236 14250 I art     : Starting a blocking GC Explicit
08-03 23:15:17.126 14236 14236 D CompassActivity: will set rotation from 178.69373 to 178.6742
08-03 23:15:17.126 14236 14236 D CompassActivity: will set rotation from 178.6742 to 178.6737
08-03 23:15:17.126 16786 16786 I Input   : injectKeyEvent: KeyEvent { action=ACTION_UP, keyCode=KEYCODE_BACK, scanCode=0, metaState=0, flags=0x0, repeatCount=0, eventTime=659733526, downTime=659733526, deviceId=-1, source=0x101 }
08-03 23:15:17.133 16786 16786 D AndroidRuntime: Shutting down VM
08-03 23:15:17.136   918   928 I sensors : activate
08-03 23:15:17.137   918  5481 I sensors : activate
08-03 23:15:17.142   918  3188 I hubconnection: sensorhub said: 'activate 1 enable:0'
08-03 23:15:17.143   918  3188 I hubconnection: sensorhub said: 'activate 3 enable:0'
08-03 23:15:17.169 14236 14236 V MainActivity: url = https://project-travel-mate.herokuapp.com/api/number-of-unread-notifications
08-03 23:15:17.191 14236 14250 I art     : Explicit concurrent mark sweep GC freed 512(21KB) AllocSpace objects, 0(0B) LOS objects, 6% free, 239MB/255MB, paused 1.611ms total 68.980ms
08-03 23:15:17.279 13866 13866 I GoogleInputMethodServic: GoogleInputMethodService.onFinishInput():3138 
08-03 23:15:17.279 13866 13866 I GoogleInputMethodServic: GoogleInputMethodService.onStartInput():1808 
08-03 23:15:17.336 13652 13652 I Atfwd_Sendcmd: AtCmdFwd service not ready - Exhausted retry attempts - :6
08-03 23:15:17.337 13652 13652 I Atfwd_Daemon: result : -1 	 ,Init step :2 	 ,qmiErrorCode: 0
08-03 23:15:17.553   380   380 W SurfaceFlinger: couldn't log to binary event log: overflow.
08-03 23:15:17.556 14236 14236 D CompassActivity: stop compass
08-03 23:15:17.577 14236 16111 I art     : Starting a blocking GC Explicit
08-03 23:15:17.648 14236 16111 I art     : Explicit concurrent mark sweep GC freed 4459(238KB) AllocSpace objects, 5(248KB) LOS objects, 6% free, 239MB/255MB, paused 2.144ms total 70.080ms
08-03 23:15:17.670 14236 16111 I art     : Starting a blocking GC Explicit
08-03 23:15:17.678 14236 16809 I NAPPA_EXPERIMENTATION: MetricNetworkRequestExecutionTime: REQUEST_DURATION_SYSTEM='507',REQUEST_DURATION_OKHTTP='32',REQUEST_SYNCHRONOUS='FALSE',RESPONSE_CODE='200',RESPONSE_METHOD='GET',RESPONSE_LENGTH_OKHTTP='36',RESPONSE_LENGTH_HEADER='36',REQUEST_PROTOCOL='http/1.1',REQUEST_URL='https://project-travel-mate.herokuapp.com/api/number-of-unread-notifications',
08-03 23:15:17.762 14236 16111 I art     : Explicit concurrent mark sweep GC freed 2479(215KB) AllocSpace objects, 3(52MB) LOS objects, 7% free, 186MB/202MB, paused 1.658ms total 92.209ms
08-03 23:15:17.791 14236 16111 I art     : Starting a blocking GC Explicit
08-03 23:15:17.866 14236 16111 I art     : Explicit concurrent mark sweep GC freed 91(3KB) AllocSpace objects, 0(0B) LOS objects, 7% free, 186MB/202MB, paused 1.599ms total 74.981ms
08-03 23:15:17.889 14236 16111 I art     : Starting a blocking GC Explicit
08-03 23:15:17.964 14236 16111 I art     : Explicit concurrent mark sweep GC freed 3(96B) AllocSpace objects, 0(0B) LOS objects, 7% free, 186MB/202MB, paused 1.671ms total 75.161ms
08-03 23:15:17.987 14236 16111 I art     : Starting a blocking GC Explicit
08-03 23:15:18.067 14236 16111 I art     : Explicit concurrent mark sweep GC freed 14(720B) AllocSpace objects, 0(0B) LOS objects, 7% free, 186MB/202MB, paused 1.832ms total 79.325ms
08-03 23:15:18.493 14236 14248 I art     : Starting a blocking GC Explicit
08-03 23:15:18.573 14236 14248 I art     : Explicit concurrent mark sweep GC freed 1639(93KB) AllocSpace objects, 2(48KB) LOS objects, 7% free, 186MB/202MB, paused 1.577ms total 79.393ms
08-03 23:15:18.596 14236 14248 I art     : Starting a blocking GC Explicit
08-03 23:15:18.666 14236 14248 I art     : Explicit concurrent mark sweep GC freed 28(1024B) AllocSpace objects, 0(0B) LOS objects, 7% free, 186MB/202MB, paused 1.637ms total 70.571ms
08-03 23:15:18.667 14236 14247 I art     : WaitForGcToComplete blocked for 33.266ms for cause HeapTrim
08-03 23:15:18.689 14236 14248 I art     : Starting a blocking GC Explicit
08-03 23:15:18.762 14236 14248 I art     : Explicit concurrent mark sweep GC freed 3(96B) AllocSpace objects, 0(0B) LOS objects, 7% free, 186MB/202MB, paused 1.714ms total 72.277ms
08-03 23:15:18.784 14236 14248 I art     : Starting a blocking GC Explicit
08-03 23:15:18.866 14236 14248 I art     : Explicit concurrent mark sweep GC freed 5(160B) AllocSpace objects, 0(0B) LOS objects, 7% free, 186MB/202MB, paused 1.523ms total 81.981ms
08-03 23:15:18.888 14236 14248 I art     : Starting a blocking GC Explicit
08-03 23:15:18.924 16831 16831 D AndroidRuntime: >>>>>> START com.android.internal.os.RuntimeInit uid 2000 <<<<<<
08-03 23:15:18.930 16831 16831 D AndroidRuntime: CheckJNI is OFF
08-03 23:15:18.955 14236 14248 I art     : Explicit concurrent mark sweep GC freed 13(416B) AllocSpace objects, 0(0B) LOS objects, 7% free, 186MB/202MB, paused 1.529ms total 66.664ms
08-03 23:15:18.974 16831 16831 D ICU     : No timezone override file found: /data/misc/zoneinfo/current/icu/icu_tzdata.dat
08-03 23:15:19.017 16831 16831 I Radio-JNI: register_android_hardware_Radio DONE
08-03 23:15:19.045 16831 16831 D AndroidRuntime: Calling main entry com.android.commands.input.Input
08-03 23:15:19.048 16831 16831 I Input   : injectMotionEvent: MotionEvent { action=ACTION_DOWN, actionButton=0, id[0]=0, x[0]=500.0, y[0]=2000.0, toolType[0]=TOOL_TYPE_UNKNOWN, buttonState=0, metaState=0, flags=0x0, edgeFlags=0x0, pointerCount=1, historySize=0, eventTime=659735460, downTime=659735460, deviceId=0, source=0x1002 }
08-03 23:15:19.059 16831 16831 I Input   : injectMotionEvent: MotionEvent { action=ACTION_MOVE, actionButton=0, id[0]=0, x[0]=500.0, y[0]=2000.0, toolType[0]=TOOL_TYPE_UNKNOWN, buttonState=0, metaState=0, flags=0x0, edgeFlags=0x0, pointerCount=1, historySize=0, eventTime=659735460, downTime=659735460, deviceId=0, source=0x1002 }
08-03 23:15:19.072 16831 16831 I Input   : injectMotionEvent: MotionEvent { action=ACTION_MOVE, actionButton=0, id[0]=0, x[0]=500.0, y[0]=1952.5, toolType[0]=TOOL_TYPE_UNKNOWN, buttonState=0, metaState=0, flags=0x0, edgeFlags=0x0, pointerCount=1, historySize=0, eventTime=659735485, downTime=659735485, deviceId=0, source=0x1002 }
08-03 23:15:19.088 16831 16831 I Input   : injectMotionEvent: MotionEvent { action=ACTION_MOVE, actionButton=0, id[0]=0, x[0]=500.0, y[0]=1922.1, toolType[0]=TOOL_TYPE_UNKNOWN, buttonState=0, metaState=0, flags=0x0, edgeFlags=0x0, pointerCount=1, historySize=0, eventTime=659735501, downTime=659735501, deviceId=0, source=0x1002 }
08-03 23:15:19.111 16831 16831 I Input   : injectMotionEvent: MotionEvent { action=ACTION_MOVE, actionButton=0, id[0]=0, x[0]=500.0, y[0]=1878.4, toolType[0]=TOOL_TYPE_UNKNOWN, buttonState=0, metaState=0, flags=0x0, edgeFlags=0x0, pointerCount=1, historySize=0, eventTime=659735524, downTime=659735524, deviceId=0, source=0x1002 }
08-03 23:15:19.124 16831 16831 I Input   : injectMotionEvent: MotionEvent { action=ACTION_MOVE, actionButton=0, id[0]=0, x[0]=500.0, y[0]=1853.7, toolType[0]=TOOL_TYPE_UNKNOWN, buttonState=0, metaState=0, flags=0x0, edgeFlags=0x0, pointerCount=1, historySize=0, eventTime=659735537, downTime=659735537, deviceId=0, source=0x1002 }
08-03 23:15:19.141 16831 16831 I Input   : injectMotionEvent: MotionEvent { action=ACTION_MOVE, actionButton=0, id[0]=0, x[0]=500.0, y[0]=1823.3, toolType[0]=TOOL_TYPE_UNKNOWN, buttonState=0, metaState=0, flags=0x0, edgeFlags=0x0, pointerCount=1, historySize=0, eventTime=659735553, downTime=659735553, deviceId=0, source=0x1002 }
08-03 23:15:19.157 16831 16831 I Input   : injectMotionEvent: MotionEvent { action=ACTION_MOVE, actionButton=0, id[0]=0, x[0]=500.0, y[0]=1791.0, toolType[0]=TOOL_TYPE_UNKNOWN, buttonState=0, metaState=0, flags=0x0, edgeFlags=0x0, pointerCount=1, historySize=0, eventTime=659735570, downTime=659735570, deviceId=0, source=0x1002 }
08-03 23:15:19.172 16831 16831 I Input   : injectMotionEvent: MotionEvent { action=ACTION_MOVE, actionButton=0, id[0]=0, x[0]=500.0, y[0]=1762.5, toolType[0]=TOOL_TYPE_UNKNOWN, buttonState=0, metaState=0, flags=0x0, edgeFlags=0x0, pointerCount=1, historySize=0, eventTime=659735585, downTime=659735585, deviceId=0, source=0x1002 }
08-03 23:15:19.189 16831 16831 I Input   : injectMotionEvent: MotionEvent { action=ACTION_MOVE, actionButton=0, id[0]=0, x[0]=500.0, y[0]=1730.2, toolType[0]=TOOL_TYPE_UNKNOWN, buttonState=0, metaState=0, flags=0x0, edgeFlags=0x0, pointerCount=1, historySize=0, eventTime=659735602, downTime=659735602, deviceId=0, source=0x1002 }
08-03 23:15:19.205 16831 16831 I Input   : injectMotionEvent: MotionEvent { action=ACTION_MOVE, actionButton=0, id[0]=0, x[0]=500.0, y[0]=1699.8, toolType[0]=TOOL_TYPE_UNKNOWN, buttonState=0, metaState=0, flags=0x0, edgeFlags=0x0, pointerCount=1, historySize=0, eventTime=659735618, downTime=659735618, deviceId=0, source=0x1002 }
08-03 23:15:19.223 16831 16831 I Input   : injectMotionEvent: MotionEvent { action=ACTION_MOVE, actionButton=0, id[0]=0, x[0]=500.0, y[0]=1663.7, toolType[0]=TOOL_TYPE_UNKNOWN, buttonState=0, metaState=0, flags=0x0, edgeFlags=0x0, pointerCount=1, historySize=0, eventTime=659735637, downTime=659735637, deviceId=0, source=0x1002 }
08-03 23:15:19.239 16831 16831 I Input   : injectMotionEvent: MotionEvent { action=ACTION_MOVE, actionButton=0, id[0]=0, x[0]=500.0, y[0]=1635.2, toolType[0]=TOOL_TYPE_UNKNOWN, buttonState=0, metaState=0, flags=0x0, edgeFlags=0x0, pointerCount=1, historySize=0, eventTime=659735652, downTime=659735652, deviceId=0, source=0x1002 }
08-03 23:15:19.255 16831 16831 I Input   : injectMotionEvent: MotionEvent { action=ACTION_MOVE, actionButton=0, id[0]=0, x[0]=500.0, y[0]=1604.8, toolType[0]=TOOL_TYPE_UNKNOWN, buttonState=0, metaState=0, flags=0x0, edgeFlags=0x0, pointerCount=1, historySize=0, eventTime=659735668, downTime=659735668, deviceId=0, source=0x1002 }
08-03 23:15:19.273 16831 16831 I Input   : injectMotionEvent: MotionEvent { action=ACTION_MOVE, actionButton=0, id[0]=0, x[0]=500.0, y[0]=1568.7, toolType[0]=TOOL_TYPE_UNKNOWN, buttonState=0, metaState=0, flags=0x0, edgeFlags=0x0, pointerCount=1, historySize=0, eventTime=659735687, downTime=659735687, deviceId=0, source=0x1002 }
08-03 23:15:19.291 16831 16831 I Input   : injectMotionEvent: MotionEvent { action=ACTION_MOVE, actionButton=0, id[0]=0, x[0]=500.0, y[0]=1536.4, toolType[0]=TOOL_TYPE_UNKNOWN, buttonState=0, metaState=0, flags=0x0, edgeFlags=0x0, pointerCount=1, historySize=0, eventTime=659735704, downTime=659735704, deviceId=0, source=0x1002 }
08-03 23:15:19.305 16831 16831 I Input   : injectMotionEvent: MotionEvent { action=ACTION_MOVE, actionButton=0, id[0]=0, x[0]=500.0, y[0]=1509.8, toolType[0]=TOOL_TYPE_UNKNOWN, buttonState=0, metaState=0, flags=0x0, edgeFlags=0x0, pointerCount=1, historySize=0, eventTime=659735718, downTime=659735718, deviceId=0, source=0x1002 }
08-03 23:15:19.322 16831 16831 I Input   : injectMotionEvent: MotionEvent { action=ACTION_MOVE, actionButton=0, id[0]=0, x[0]=500.0, y[0]=1475.6001, toolType[0]=TOOL_TYPE_UNKNOWN, buttonState=0, metaState=0, flags=0x0, edgeFlags=0x0, pointerCount=1, historySize=0, eventTime=659735736, downTime=659735736, deviceId=0, source=0x1002 }
08-03 23:15:19.339 16831 16831 I Input   : injectMotionEvent: MotionEvent { action=ACTION_MOVE, actionButton=0, id[0]=0, x[0]=500.0, y[0]=1445.2, toolType[0]=TOOL_TYPE_UNKNOWN, buttonState=0, metaState=0, flags=0x0, edgeFlags=0x0, pointerCount=1, historySize=0, eventTime=659735752, downTime=659735752, deviceId=0, source=0x1002 }
08-03 23:15:19.355 16831 16831 I Input   : injectMotionEvent: MotionEvent { action=ACTION_MOVE, actionButton=0, id[0]=0, x[0]=500.0, y[0]=1412.9, toolType[0]=TOOL_TYPE_UNKNOWN, buttonState=0, metaState=0, flags=0x0, edgeFlags=0x0, pointerCount=1, historySize=0, eventTime=659735769, downTime=659735769, deviceId=0, source=0x1002 }
08-03 23:15:19.368 14236 14255 I art     : Starting a blocking GC Explicit
08-03 23:15:19.374 16831 16831 I Input   : injectMotionEvent: MotionEvent { action=ACTION_MOVE, actionButton=0, id[0]=0, x[0]=500.0, y[0]=1378.7, toolType[0]=TOOL_TYPE_UNKNOWN, buttonState=0, metaState=0, flags=0x0, edgeFlags=0x0, pointerCount=1, historySize=0, eventTime=659735787, downTime=659735787, deviceId=0, source=0x1002 }
08-03 23:15:19.389 16831 16831 I Input   : injectMotionEvent: MotionEvent { action=ACTION_MOVE, actionButton=0, id[0]=0, x[0]=500.0, y[0]=1348.3, toolType[0]=TOOL_TYPE_UNKNOWN, buttonState=0, metaState=0, flags=0x0, edgeFlags=0x0, pointerCount=1, historySize=0, eventTime=659735803, downTime=659735803, deviceId=0, source=0x1002 }
08-03 23:15:19.408 16831 16831 I Input   : injectMotionEvent: MotionEvent { action=ACTION_MOVE, actionButton=0, id[0]=0, x[0]=500.0, y[0]=1312.2, toolType[0]=TOOL_TYPE_UNKNOWN, buttonState=0, metaState=0, flags=0x0, edgeFlags=0x0, pointerCount=1, historySize=0, eventTime=659735822, downTime=659735822, deviceId=0, source=0x1002 }
08-03 23:15:19.424 16831 16831 I Input   : injectMotionEvent: MotionEvent { action=ACTION_MOVE, actionButton=0, id[0]=0, x[0]=500.0, y[0]=1283.7, toolType[0]=TOOL_TYPE_UNKNOWN, buttonState=0, metaState=0, flags=0x0, edgeFlags=0x0, pointerCount=1, historySize=0, eventTime=659735837, downTime=659735837, deviceId=0, source=0x1002 }
08-03 23:15:19.442 16831 16831 I Input   : injectMotionEvent: MotionEvent { action=ACTION_MOVE, actionButton=0, id[0]=0, x[0]=500.0, y[0]=1249.5, toolType[0]=TOOL_TYPE_UNKNOWN, buttonState=0, metaState=0, flags=0x0, edgeFlags=0x0, pointerCount=1, historySize=0, eventTime=659735855, downTime=659735855, deviceId=0, source=0x1002 }
08-03 23:15:19.449 14236 14255 I art     : Explicit concurrent mark sweep GC freed 1700(95KB) AllocSpace objects, 2(48KB) LOS objects, 7% free, 186MB/202MB, paused 1.895ms total 80.133ms
08-03 23:15:19.459 16831 16831 I Input   : injectMotionEvent: MotionEvent { action=ACTION_MOVE, actionButton=0, id[0]=0, x[0]=500.0, y[0]=1215.3, toolType[0]=TOOL_TYPE_UNKNOWN, buttonState=0, metaState=0, flags=0x0, edgeFlags=0x0, pointerCount=1, historySize=0, eventTime=659735873, downTime=659735873, deviceId=0, source=0x1002 }
08-03 23:15:19.474 16831 16831 I Input   : injectMotionEvent: MotionEvent { action=ACTION_MOVE, actionButton=0, id[0]=0, x[0]=500.0, y[0]=1188.7, toolType[0]=TOOL_TYPE_UNKNOWN, buttonState=0, metaState=0, flags=0x0, edgeFlags=0x0, pointerCount=1, historySize=0, eventTime=659735887, downTime=659735887, deviceId=0, source=0x1002 }
08-03 23:15:19.474 14236 14255 I art     : Starting a blocking GC Explicit
08-03 23:15:19.544 16831 16831 I Input   : injectMotionEvent: MotionEvent { action=ACTION_MOVE, actionButton=0, id[0]=0, x[0]=500.0, y[0]=1053.8, toolType[0]=TOOL_TYPE_UNKNOWN, buttonState=0, metaState=0, flags=0x0, edgeFlags=0x0, pointerCount=1, historySize=0, eventTime=659735958, downTime=659735958, deviceId=0, source=0x1002 }
08-03 23:15:19.544 14236 14255 I art     : Explicit concurrent mark sweep GC freed 58(2304B) AllocSpace objects, 0(0B) LOS objects, 7% free, 186MB/202MB, paused 1.644ms total 70.199ms
08-03 23:15:19.565 14236 14255 I art     : Starting a blocking GC Explicit
08-03 23:15:19.608 16831 16831 I Input   : injectMotionEvent: MotionEvent { action=ACTION_MOVE, actionButton=0, id[0]=0, x[0]=500.0, y[0]=934.1, toolType[0]=TOOL_TYPE_UNKNOWN, buttonState=0, metaState=0, flags=0x0, edgeFlags=0x0, pointerCount=1, historySize=0, eventTime=659736021, downTime=659736021, deviceId=0, source=0x1002 }
08-03 23:15:19.630 14236 14255 I art     : Explicit concurrent mark sweep GC freed 3(96B) AllocSpace objects, 0(0B) LOS objects, 7% free, 186MB/202MB, paused 1.550ms total 65.138ms
08-03 23:15:19.653 14236 14255 I art     : Starting a blocking GC Explicit
08-03 23:15:19.673 16831 16831 I Input   : injectMotionEvent: MotionEvent { action=ACTION_MOVE, actionButton=0, id[0]=0, x[0]=500.0, y[0]=810.6, toolType[0]=TOOL_TYPE_UNKNOWN, buttonState=0, metaState=0, flags=0x0, edgeFlags=0x0, pointerCount=1, historySize=0, eventTime=659736086, downTime=659736086, deviceId=0, source=0x1002 }
08-03 23:15:19.721 14236 14255 I art     : Explicit concurrent mark sweep GC freed 16(704B) AllocSpace objects, 0(0B) LOS objects, 7% free, 186MB/202MB, paused 1.703ms total 67.231ms
08-03 23:15:19.737 16831 16831 I Input   : injectMotionEvent: MotionEvent { action=ACTION_MOVE, actionButton=0, id[0]=0, x[0]=500.0, y[0]=689.0, toolType[0]=TOOL_TYPE_UNKNOWN, buttonState=0, metaState=0, flags=0x0, edgeFlags=0x0, pointerCount=1, historySize=0, eventTime=659736150, downTime=659736150, deviceId=0, source=0x1002 }
08-03 23:15:19.743 14236 14255 I art     : Starting a blocking GC Explicit
08-03 23:15:19.804 16831 16831 I Input   : injectMotionEvent: MotionEvent { action=ACTION_MOVE, actionButton=0, id[0]=0, x[0]=500.0, y[0]=561.69995, toolType[0]=TOOL_TYPE_UNKNOWN, buttonState=0, metaState=0, flags=0x0, edgeFlags=0x0, pointerCount=1, historySize=0, eventTime=659736217, downTime=659736217, deviceId=0, source=0x1002 }
08-03 23:15:19.810 14236 14255 I art     : Explicit concurrent mark sweep GC freed 17(528B) AllocSpace objects, 0(0B) LOS objects, 7% free, 186MB/202MB, paused 1.569ms total 66.318ms
08-03 23:15:19.871 16831 16831 I Input   : injectMotionEvent: MotionEvent { action=ACTION_MOVE, actionButton=0, id[0]=0, x[0]=500.0, y[0]=434.40002, toolType[0]=TOOL_TYPE_UNKNOWN, buttonState=0, metaState=0, flags=0x0, edgeFlags=0x0, pointerCount=1, historySize=0, eventTime=659736284, downTime=659736284, deviceId=0, source=0x1002 }
08-03 23:15:19.940 16831 16831 I Input   : injectMotionEvent: MotionEvent { action=ACTION_MOVE, actionButton=0, id[0]=0, x[0]=500.0, y[0]=301.40002, toolType[0]=TOOL_TYPE_UNKNOWN, buttonState=0, metaState=0, flags=0x0, edgeFlags=0x0, pointerCount=1, historySize=0, eventTime=659736354, downTime=659736354, deviceId=0, source=0x1002 }
08-03 23:15:20.029 16831 16831 I Input   : injectMotionEvent: MotionEvent { action=ACTION_MOVE, actionButton=0, id[0]=0, x[0]=500.0, y[0]=134.20007, toolType[0]=TOOL_TYPE_UNKNOWN, buttonState=0, metaState=0, flags=0x0, edgeFlags=0x0, pointerCount=1, historySize=0, eventTime=659736442, downTime=659736442, deviceId=0, source=0x1002 }
08-03 23:15:20.066 16831 16831 I Input   : injectMotionEvent: MotionEvent { action=ACTION_UP, actionButton=0, id[0]=0, x[0]=500.0, y[0]=100.0, toolType[0]=TOOL_TYPE_UNKNOWN, buttonState=0, metaState=0, flags=0x0, edgeFlags=0x0, pointerCount=1, historySize=0, eventTime=659736479, downTime=659736479, deviceId=0, source=0x1002 }
08-03 23:15:20.102 16831 16831 D AndroidRuntime: Shutting down VM
08-03 23:15:20.206 14236 14248 I art     : Starting a blocking GC Explicit
08-03 23:15:20.284 14236 14248 I art     : Explicit concurrent mark sweep GC freed 1613(93KB) AllocSpace objects, 2(48KB) LOS objects, 7% free, 186MB/202MB, paused 1.688ms total 77.081ms
08-03 23:15:20.308 14236 14248 I art     : Starting a blocking GC Explicit
08-03 23:15:20.378 14236 14248 I art     : Explicit concurrent mark sweep GC freed 83(2848B) AllocSpace objects, 0(0B) LOS objects, 7% free, 186MB/202MB, paused 1.709ms total 69.953ms
08-03 23:15:20.400 14236 14248 I art     : Starting a blocking GC Explicit
08-03 23:15:20.472 14236 14248 I art     : Explicit concurrent mark sweep GC freed 3(96B) AllocSpace objects, 0(0B) LOS objects, 7% free, 186MB/202MB, paused 1.669ms total 71.432ms
08-03 23:15:20.494 14236 14248 I art     : Starting a blocking GC Explicit
08-03 23:15:20.558 14236 14248 I art     : Explicit concurrent mark sweep GC freed 8(256B) AllocSpace objects, 0(0B) LOS objects, 7% free, 186MB/202MB, paused 1.779ms total 63.598ms
08-03 23:15:20.580 14236 14248 I art     : Starting a blocking GC Explicit
08-03 23:15:20.647 14236 14248 I art     : Explicit concurrent mark sweep GC freed 8(256B) AllocSpace objects, 0(0B) LOS objects, 7% free, 186MB/202MB, paused 1.488ms total 66.195ms
08-03 23:15:20.848 16872 16872 D AndroidRuntime: >>>>>> START com.android.internal.os.RuntimeInit uid 2000 <<<<<<
08-03 23:15:20.853 16872 16872 D AndroidRuntime: CheckJNI is OFF
08-03 23:15:20.890 16872 16872 D ICU     : No timezone override file found: /data/misc/zoneinfo/current/icu/icu_tzdata.dat
08-03 23:15:20.931 16872 16872 I Radio-JNI: register_android_hardware_Radio DONE
08-03 23:15:20.960 16872 16872 D AndroidRuntime: Calling main entry com.android.commands.input.Input
08-03 23:15:20.962 16872 16872 I Input   : injectMotionEvent: MotionEvent { action=ACTION_DOWN, actionButton=0, id[0]=0, x[0]=500.0, y[0]=2000.0, toolType[0]=TOOL_TYPE_UNKNOWN, buttonState=0, metaState=0, flags=0x0, edgeFlags=0x0, pointerCount=1, historySize=0, eventTime=659737374, downTime=659737374, deviceId=0, source=0x1002 }
08-03 23:15:20.966 16872 16872 I Input   : injectMotionEvent: MotionEvent { action=ACTION_MOVE, actionButton=0, id[0]=0, x[0]=500.0, y[0]=2000.0, toolType[0]=TOOL_TYPE_UNKNOWN, buttonState=0, metaState=0, flags=0x0, edgeFlags=0x0, pointerCount=1, historySize=0, eventTime=659737374, downTime=659737374, deviceId=0, source=0x1002 }
08-03 23:15:20.974 16872 16872 I Input   : injectMotionEvent: MotionEvent { action=ACTION_MOVE, actionButton=0, id[0]=0, x[0]=500.0, y[0]=1975.3, toolType[0]=TOOL_TYPE_UNKNOWN, buttonState=0, metaState=0, flags=0x0, edgeFlags=0x0, pointerCount=1, historySize=0, eventTime=659737387, downTime=659737387, deviceId=0, source=0x1002 }
08-03 23:15:20.991 16872 16872 I Input   : injectMotionEvent: MotionEvent { action=ACTION_MOVE, actionButton=0, id[0]=0, x[0]=500.0, y[0]=1943.0, toolType[0]=TOOL_TYPE_UNKNOWN, buttonState=0, metaState=0, flags=0x0, edgeFlags=0x0, pointerCount=1, historySize=0, eventTime=659737404, downTime=659737404, deviceId=0, source=0x1002 }
08-03 23:15:21.009 16872 16872 I Input   : injectMotionEvent: MotionEvent { action=ACTION_MOVE, actionButton=0, id[0]=0, x[0]=500.0, y[0]=1906.9, toolType[0]=TOOL_TYPE_UNKNOWN, buttonState=0, metaState=0, flags=0x0, edgeFlags=0x0, pointerCount=1, historySize=0, eventTime=659737423, downTime=659737423, deviceId=0, source=0x1002 }
08-03 23:15:21.044 14236 14248 I art     : Starting a blocking GC Explicit
08-03 23:15:21.061 16872 16872 I Input   : injectMotionEvent: MotionEvent { action=ACTION_MOVE, actionButton=0, id[0]=0, x[0]=500.0, y[0]=1810.0, toolType[0]=TOOL_TYPE_UNKNOWN, buttonState=0, metaState=0, flags=0x0, edgeFlags=0x0, pointerCount=1, historySize=0, eventTime=659737474, downTime=659737474, deviceId=0, source=0x1002 }
08-03 23:15:21.101 16872 16872 I Input   : injectMotionEvent: MotionEvent { action=ACTION_MOVE, actionButton=0, id[0]=0, x[0]=500.0, y[0]=1734.0, toolType[0]=TOOL_TYPE_UNKNOWN, buttonState=0, metaState=0, flags=0x0, edgeFlags=0x0, pointerCount=1, historySize=0, eventTime=659737514, downTime=659737514, deviceId=0, source=0x1002 }
08-03 23:15:21.115 14236 14248 I art     : Explicit concurrent mark sweep GC freed 1620(93KB) AllocSpace objects, 2(48KB) LOS objects, 7% free, 186MB/202MB, paused 1.656ms total 71.189ms
08-03 23:15:21.139 14236 14248 I art     : Starting a blocking GC Explicit
08-03 23:15:21.143 16872 16872 I Input   : injectMotionEvent: MotionEvent { action=ACTION_MOVE, actionButton=0, id[0]=0, x[0]=500.0, y[0]=1654.2, toolType[0]=TOOL_TYPE_UNKNOWN, buttonState=0, metaState=0, flags=0x0, edgeFlags=0x0, pointerCount=1, historySize=0, eventTime=659737556, downTime=659737556, deviceId=0, source=0x1002 }
08-03 23:15:21.181 16872 16872 I Input   : injectMotionEvent: MotionEvent { action=ACTION_MOVE, actionButton=0, id[0]=0, x[0]=500.0, y[0]=1582.0, toolType[0]=TOOL_TYPE_UNKNOWN, buttonState=0, metaState=0, flags=0x0, edgeFlags=0x0, pointerCount=1, historySize=0, eventTime=659737594, downTime=659737594, deviceId=0, source=0x1002 }
08-03 23:15:21.204 14236 14248 I art     : Explicit concurrent mark sweep GC freed 49(1888B) AllocSpace objects, 0(0B) LOS objects, 7% free, 186MB/202MB, paused 1.682ms total 65.517ms
08-03 23:15:21.220 16872 16872 I Input   : injectMotionEvent: MotionEvent { action=ACTION_MOVE, actionButton=0, id[0]=0, x[0]=500.0, y[0]=1507.9, toolType[0]=TOOL_TYPE_UNKNOWN, buttonState=0, metaState=0, flags=0x0, edgeFlags=0x0, pointerCount=1, historySize=0, eventTime=659737633, downTime=659737633, deviceId=0, source=0x1002 }
08-03 23:15:21.227 14236 14248 I art     : Starting a blocking GC Explicit
08-03 23:15:21.262 16872 16872 I Input   : injectMotionEvent: MotionEvent { action=ACTION_MOVE, actionButton=0, id[0]=0, x[0]=500.0, y[0]=1426.2, toolType[0]=TOOL_TYPE_UNKNOWN, buttonState=0, metaState=0, flags=0x0, edgeFlags=0x0, pointerCount=1, historySize=0, eventTime=659737676, downTime=659737676, deviceId=0, source=0x1002 }
08-03 23:15:21.293 14236 14248 I art     : Explicit concurrent mark sweep GC freed 50(1488B) AllocSpace objects, 0(0B) LOS objects, 7% free, 186MB/202MB, paused 1.750ms total 65.355ms
08-03 23:15:21.302 16872 16872 I Input   : injectMotionEvent: MotionEvent { action=ACTION_MOVE, actionButton=0, id[0]=0, x[0]=500.0, y[0]=1352.1001, toolType[0]=TOOL_TYPE_UNKNOWN, buttonState=0, metaState=0, flags=0x0, edgeFlags=0x0, pointerCount=1, historySize=0, eventTime=659737715, downTime=659737715, deviceId=0, source=0x1002 }
08-03 23:15:21.314 14236 14248 I art     : Starting a blocking GC Explicit
08-03 23:15:21.343 16872 16872 I Input   : injectMotionEvent: MotionEvent { action=ACTION_MOVE, actionButton=0, id[0]=0, x[0]=500.0, y[0]=1274.2, toolType[0]=TOOL_TYPE_UNKNOWN, buttonState=0, metaState=0, flags=0x0, edgeFlags=0x0, pointerCount=1, historySize=0, eventTime=659737756, downTime=659737756, deviceId=0, source=0x1002 }
08-03 23:15:21.380 16872 16872 I Input   : injectMotionEvent: MotionEvent { action=ACTION_MOVE, actionButton=0, id[0]=0, x[0]=500.0, y[0]=1203.9, toolType[0]=TOOL_TYPE_UNKNOWN, buttonState=0, metaState=0, flags=0x0, edgeFlags=0x0, pointerCount=1, historySize=0, eventTime=659737793, downTime=659737793, deviceId=0, source=0x1002 }
08-03 23:15:21.380 14236 14248 I art     : Explicit concurrent mark sweep GC freed 13(608B) AllocSpace objects, 0(0B) LOS objects, 7% free, 186MB/202MB, paused 1.754ms total 66.142ms
08-03 23:15:21.403 14236 14248 I art     : Starting a blocking GC Explicit
08-03 23:15:21.418 16872 16872 I Input   : injectMotionEvent: MotionEvent { action=ACTION_MOVE, actionButton=0, id[0]=0, x[0]=500.0, y[0]=1131.7, toolType[0]=TOOL_TYPE_UNKNOWN, buttonState=0, metaState=0, flags=0x0, edgeFlags=0x0, pointerCount=1, historySize=0, eventTime=659737831, downTime=659737831, deviceId=0, source=0x1002 }
08-03 23:15:21.453 16872 16872 I Input   : injectMotionEvent: MotionEvent { action=ACTION_MOVE, actionButton=0, id[0]=0, x[0]=500.0, y[0]=1065.2, toolType[0]=TOOL_TYPE_UNKNOWN, buttonState=0, metaState=0, flags=0x0, edgeFlags=0x0, pointerCount=1, historySize=0, eventTime=659737866, downTime=659737866, deviceId=0, source=0x1002 }
08-03 23:15:21.471 14236 14248 I art     : Explicit concurrent mark sweep GC freed 9(288B) AllocSpace objects, 0(0B) LOS objects, 7% free, 186MB/202MB, paused 1.584ms total 67.946ms
08-03 23:15:21.494 16872 16872 I Input   : injectMotionEvent: MotionEvent { action=ACTION_MOVE, actionButton=0, id[0]=0, x[0]=500.0, y[0]=987.3, toolType[0]=TOOL_TYPE_UNKNOWN, buttonState=0, metaState=0, flags=0x0, edgeFlags=0x0, pointerCount=1, historySize=0, eventTime=659737907, downTime=659737907, deviceId=0, source=0x1002 }
08-03 23:15:21.529 16872 16872 I Input   : injectMotionEvent: MotionEvent { action=ACTION_MOVE, actionButton=0, id[0]=0, x[0]=500.0, y[0]=918.9, toolType[0]=TOOL_TYPE_UNKNOWN, buttonState=0, metaState=0, flags=0x0, edgeFlags=0x0, pointerCount=1, historySize=0, eventTime=659737943, downTime=659737943, deviceId=0, source=0x1002 }
08-03 23:15:21.563 16872 16872 I Input   : injectMotionEvent: MotionEvent { action=ACTION_MOVE, actionButton=0, id[0]=0, x[0]=500.0, y[0]=856.19995, toolType[0]=TOOL_TYPE_UNKNOWN, buttonState=0, metaState=0, flags=0x0, edgeFlags=0x0, pointerCount=1, historySize=0, eventTime=659737976, downTime=659737976, deviceId=0, source=0x1002 }
08-03 23:15:21.598 16872 16872 I Input   : injectMotionEvent: MotionEvent { action=ACTION_MOVE, actionButton=0, id[0]=0, x[0]=500.0, y[0]=789.69995, toolType[0]=TOOL_TYPE_UNKNOWN, buttonState=0, metaState=0, flags=0x0, edgeFlags=0x0, pointerCount=1, historySize=0, eventTime=659738011, downTime=659738011, deviceId=0, source=0x1002 }
08-03 23:15:21.634 16872 16872 I Input   : injectMotionEvent: MotionEvent { action=ACTION_MOVE, actionButton=0, id[0]=0, x[0]=500.0, y[0]=721.30005, toolType[0]=TOOL_TYPE_UNKNOWN, buttonState=0, metaState=0, flags=0x0, edgeFlags=0x0, pointerCount=1, historySize=0, eventTime=659738047, downTime=659738047, deviceId=0, source=0x1002 }
08-03 23:15:21.670 16872 16872 I Input   : injectMotionEvent: MotionEvent { action=ACTION_MOVE, actionButton=0, id[0]=0, x[0]=500.0, y[0]=652.9, toolType[0]=TOOL_TYPE_UNKNOWN, buttonState=0, metaState=0, flags=0x0, edgeFlags=0x0, pointerCount=1, historySize=0, eventTime=659738083, downTime=659738083, deviceId=0, source=0x1002 }
08-03 23:15:21.705 16872 16872 I Input   : injectMotionEvent: MotionEvent { action=ACTION_MOVE, actionButton=0, id[0]=0, x[0]=500.0, y[0]=586.4, toolType[0]=TOOL_TYPE_UNKNOWN, buttonState=0, metaState=0, flags=0x0, edgeFlags=0x0, pointerCount=1, historySize=0, eventTime=659738118, downTime=659738118, deviceId=0, source=0x1002 }
08-03 23:15:21.747 16872 16872 I Input   : injectMotionEvent: MotionEvent { action=ACTION_MOVE, actionButton=0, id[0]=0, x[0]=500.0, y[0]=506.59998, toolType[0]=TOOL_TYPE_UNKNOWN, buttonState=0, metaState=0, flags=0x0, edgeFlags=0x0, pointerCount=1, historySize=0, eventTime=659738160, downTime=659738160, deviceId=0, source=0x1002 }
08-03 23:15:21.787 16872 16872 I Input   : injectMotionEvent: MotionEvent { action=ACTION_MOVE, actionButton=0, id[0]=0, x[0]=500.0, y[0]=430.6001, toolType[0]=TOOL_TYPE_UNKNOWN, buttonState=0, metaState=0, flags=0x0, edgeFlags=0x0, pointerCount=1, historySize=0, eventTime=659738200, downTime=659738200, deviceId=0, source=0x1002 }
08-03 23:15:21.824 16872 16872 I Input   : injectMotionEvent: MotionEvent { action=ACTION_MOVE, actionButton=0, id[0]=0, x[0]=500.0, y[0]=358.3999, toolType[0]=TOOL_TYPE_UNKNOWN, buttonState=0, metaState=0, flags=0x0, edgeFlags=0x0, pointerCount=1, historySize=0, eventTime=659738238, downTime=659738238, deviceId=0, source=0x1002 }
08-03 23:15:21.862 16872 16872 I Input   : injectMotionEvent: MotionEvent { action=ACTION_MOVE, actionButton=0, id[0]=0, x[0]=500.0, y[0]=288.09998, toolType[0]=TOOL_TYPE_UNKNOWN, buttonState=0, metaState=0, flags=0x0, edgeFlags=0x0, pointerCount=1, historySize=0, eventTime=659738275, downTime=659738275, deviceId=0, source=0x1002 }
08-03 23:15:21.888 14236 16111 I art     : Starting a blocking GC Explicit
08-03 23:15:21.904 16872 16872 I Input   : injectMotionEvent: MotionEvent { action=ACTION_MOVE, actionButton=0, id[0]=0, x[0]=500.0, y[0]=208.29993, toolType[0]=TOOL_TYPE_UNKNOWN, buttonState=0, metaState=0, flags=0x0, edgeFlags=0x0, pointerCount=1, historySize=0, eventTime=659738317, downTime=659738317, deviceId=0, source=0x1002 }
08-03 23:15:21.942 16872 16872 I Input   : injectMotionEvent: MotionEvent { action=ACTION_MOVE, actionButton=0, id[0]=0, x[0]=500.0, y[0]=136.09998, toolType[0]=TOOL_TYPE_UNKNOWN, buttonState=0, metaState=0, flags=0x0, edgeFlags=0x0, pointerCount=1, historySize=0, eventTime=659738355, downTime=659738355, deviceId=0, source=0x1002 }
08-03 23:15:21.957 14236 16111 I art     : Explicit concurrent mark sweep GC freed 1629(93KB) AllocSpace objects, 2(48KB) LOS objects, 7% free, 186MB/202MB, paused 1.511ms total 68.904ms
08-03 23:15:21.981 14236 16111 I art     : Starting a blocking GC Explicit
08-03 23:15:21.985 16872 16872 I Input   : injectMotionEvent: MotionEvent { action=ACTION_UP, actionButton=0, id[0]=0, x[0]=500.0, y[0]=100.0, toolType[0]=TOOL_TYPE_UNKNOWN, buttonState=0, metaState=0, flags=0x0, edgeFlags=0x0, pointerCount=1, historySize=0, eventTime=659738399, downTime=659738399, deviceId=0, source=0x1002 }
08-03 23:15:22.023 16872 16872 D AndroidRuntime: Shutting down VM
08-03 23:15:22.047 14236 16111 I art     : Explicit concurrent mark sweep GC freed 34(1216B) AllocSpace objects, 0(0B) LOS objects, 7% free, 186MB/202MB, paused 1.584ms total 65.442ms
08-03 23:15:22.069 14236 16111 I art     : Starting a blocking GC Explicit
08-03 23:15:22.134 14236 16111 I art     : Explicit concurrent mark sweep GC freed 4(128B) AllocSpace objects, 0(0B) LOS objects, 7% free, 186MB/202MB, paused 1.463ms total 64.616ms
08-03 23:15:22.154 14236 16111 I art     : Starting a blocking GC Explicit
08-03 23:15:22.227 14236 16111 I art     : Explicit concurrent mark sweep GC freed 5(176B) AllocSpace objects, 0(0B) LOS objects, 7% free, 186MB/202MB, paused 1.737ms total 72.718ms
08-03 23:15:22.253 14236 16111 I art     : Starting a blocking GC Explicit
08-03 23:15:22.323 14236 16111 I art     : Explicit concurrent mark sweep GC freed 42(1136B) AllocSpace objects, 0(0B) LOS objects, 7% free, 186MB/202MB, paused 1.712ms total 69.412ms
08-03 23:15:22.746 14236 14248 I art     : Starting a blocking GC Explicit
08-03 23:15:22.805 16908 16908 D AndroidRuntime: >>>>>> START com.android.internal.os.RuntimeInit uid 2000 <<<<<<
08-03 23:15:22.811 16908 16908 D AndroidRuntime: CheckJNI is OFF
08-03 23:15:22.829 14236 14248 I art     : Explicit concurrent mark sweep GC freed 1589(92KB) AllocSpace objects, 2(48KB) LOS objects, 7% free, 186MB/202MB, paused 1.741ms total 82.998ms
08-03 23:15:22.851 14236 14248 I art     : Starting a blocking GC Explicit
08-03 23:15:22.859 16908 16908 D ICU     : No timezone override file found: /data/misc/zoneinfo/current/icu/icu_tzdata.dat
08-03 23:15:22.900 16908 16908 I Radio-JNI: register_android_hardware_Radio DONE
08-03 23:15:22.921 14236 14248 I art     : Explicit concurrent mark sweep GC freed 28(1024B) AllocSpace objects, 0(0B) LOS objects, 7% free, 186MB/202MB, paused 1.647ms total 70.089ms
08-03 23:15:22.929 16908 16908 D AndroidRuntime: Calling main entry com.android.commands.input.Input
08-03 23:15:22.931 16908 16908 I Input   : injectMotionEvent: MotionEvent { action=ACTION_DOWN, actionButton=0, id[0]=0, x[0]=657.0, y[0]=2080.0, toolType[0]=TOOL_TYPE_UNKNOWN, buttonState=0, metaState=0, flags=0x0, edgeFlags=0x0, pointerCount=1, historySize=0, eventTime=659739344, downTime=659739344, deviceId=0, source=0x1002 }
08-03 23:15:22.936 16908 16908 I Input   : injectMotionEvent: MotionEvent { action=ACTION_UP, actionButton=0, id[0]=0, x[0]=657.0, y[0]=2080.0, toolType[0]=TOOL_TYPE_UNKNOWN, buttonState=0, metaState=0, flags=0x0, edgeFlags=0x0, pointerCount=1, historySize=0, eventTime=659739344, downTime=659739344, deviceId=0, source=0x1002 }
08-03 23:15:22.938 16908 16908 D AndroidRuntime: Shutting down VM
08-03 23:15:22.939   918   929 I ActivityManager: START u0 {cmp=baseline.io.github.project_travel_mate/.utilities.UpcomingWeekendsActivity} from uid 10650 on display 0
08-03 23:15:22.940   512  2967 D audio_hw_primary: out_set_parameters: enter: usecase(1: low-latency-playback) kvpairs: routing=2
08-03 23:15:22.943 14236 14248 I art     : Starting a blocking GC Explicit
08-03 23:15:22.953   512  2967 D audio_hw_primary: select_devices: out_snd_device(2: speaker) in_snd_device(0: none)
08-03 23:15:22.953   512  2967 D msm8974_platform: platform_send_audio_calibration: sending audio calibration for snd_device(2) acdb_id(15)
08-03 23:15:22.954   512  2967 I soundtrigger: audio_extn_sound_trigger_update_device_status: device 0x2 of type 0 for Event 1
08-03 23:15:22.965   512  2967 D audio_hw_primary: enable_snd_device: snd_device(2: speaker)
08-03 23:15:22.967   512  2967 D audio_hw_primary: enable_audio_route: apply and update mixer path: low-latency-playback speaker
08-03 23:15:22.968 14236 14302 D Gabe    : call	returning from cache
08-03 23:15:22.970 14236 14236 V EXECUTING: https://project-travel-mate.herokuapp.com/api/get-upcoming-holidays/2020
08-03 23:15:22.973 14236 14236 V EXECUTING: https://project-travel-mate.herokuapp.com/api/get-upcoming-holidays/2020
08-03 23:15:23.010 14236 14248 I art     : Explicit concurrent mark sweep GC freed 687(37KB) AllocSpace objects, 0(0B) LOS objects, 7% free, 187MB/203MB, paused 2.067ms total 66.259ms
08-03 23:15:23.031 14236 14248 I art     : Starting a blocking GC Explicit
08-03 23:15:23.053 13866 13866 I GoogleInputMethodServic: GoogleInputMethodService.onFinishInput():3138 
08-03 23:15:23.054 13866 13866 I GoogleInputMethodServic: GoogleInputMethodService.onStartInput():1808 
08-03 23:15:23.096 14236 14248 I art     : Explicit concurrent mark sweep GC freed 1092(62KB) AllocSpace objects, 0(0B) LOS objects, 7% free, 191MB/207MB, paused 1.855ms total 64.912ms
08-03 23:15:23.118 14236 14248 I art     : Starting a blocking GC Explicit
08-03 23:15:23.153   918   936 I ActivityManager: Displayed baseline.io.github.project_travel_mate/.utilities.UpcomingWeekendsActivity: +204ms
08-03 23:15:23.185 14236 14248 I art     : Explicit concurrent mark sweep GC freed 183(7KB) AllocSpace objects, 0(0B) LOS objects, 7% free, 191MB/207MB, paused 1.936ms total 67.193ms
08-03 23:15:23.410   380   380 W SurfaceFlinger: couldn't log to binary event log: overflow.
08-03 23:15:23.509   512  2967 D audio_hw_primary: disable_audio_route: reset and update mixer path: low-latency-playback speaker
08-03 23:15:23.511   512  2967 D audio_hw_primary: disable_snd_device: snd_device(2: speaker)
08-03 23:15:23.518   512  2967 I soundtrigger: audio_extn_sound_trigger_update_device_status: device 0x2 of type 0 for Event 0
08-03 23:15:23.536 14236 16932 I NAPPA_EXPERIMENTATION: MetricNetworkRequestExecutionTime: REQUEST_DURATION_SYSTEM='562',REQUEST_DURATION_OKHTTP='46',REQUEST_SYNCHRONOUS='FALSE',RESPONSE_CODE='200',RESPONSE_METHOD='GET',RESPONSE_LENGTH_OKHTTP='6426',RESPONSE_LENGTH_HEADER='6426',REQUEST_PROTOCOL='http/1.1',REQUEST_URL='https://project-travel-mate.herokuapp.com/api/get-upcoming-holidays/2020',
08-03 23:15:23.542 14236 16931 I NAPPA_EXPERIMENTATION: MetricNetworkRequestExecutionTime: REQUEST_DURATION_SYSTEM='570',REQUEST_DURATION_OKHTTP='53',REQUEST_SYNCHRONOUS='FALSE',RESPONSE_CODE='200',RESPONSE_METHOD='GET',RESPONSE_LENGTH_OKHTTP='6426',RESPONSE_LENGTH_HEADER='6426',REQUEST_PROTOCOL='http/1.1',REQUEST_URL='https://project-travel-mate.herokuapp.com/api/get-upcoming-holidays/2020',
08-03 23:15:23.578 14236 16111 I art     : Starting a blocking GC Explicit
08-03 23:15:23.636 14236 14236 V Response: [{"month":"January","date":1,"day":"Wednesday","name":"New Year's Day","type":"Restricted"},{"month":"January","date":2,"day":"Thursday","name":"Guru Govind Singh Jayanti","type":"Restricted"},{"month":"January","date":14,"day":"Tuesday","name":"Lohri","type":"Restricted"},{"month":"January","date":15,"day":"Wednesday","name":"Pongal","type":"Restricted"},{"month":"January","date":15,"day":"Wednesday","name":"Makar Sankranti","type":"Restricted"},{"month":"January","date":25,"day":"Saturday","name":"Chinese New Year","type":"Observance"},{"month":"January","date":26,"day":"Sunday","name":"Republic Day","type":"Gazetted"},{"month":"January","date":30,"day":"Thursday","name":"Vasant Panchami","type":"Restricted"},{"month":"February","date":9,"day":"Sunday","name":"Guru Ravidas Jayanti","type":"Restricted"},{"month":"February","date":14,"day":"Friday","name":"Valentine's Day","type":"Observance"},{"month":"February","date":18,"day":"Tuesday","name":"Maharishi Dayanand Saraswati Jayanti","type":"Restricted"},{"month":"February","date":19,"day":"Wednesday","name":"Shivaji Jayanti","type":"Restricted"},{"month":"February","date":21,"day":"Friday","name":"Maha Shivaratri/Shivaratri","type":"Gazetted"},{"month":"March","date":9,"day":"Monday","name":"Holika Dahana","type":"Restricted"},{"month":"March","date":9,"day":"Monday","name":"Hazarat Ali's Birthday","type":"Restricted"},{"month":"March","date":10,"day":"Tuesday","name":"Holi","type":"Gazetted"},{"month":"March","date":20,"day":"Friday","name":"March Equinox","type":"Season"},{"month":"March","date":25,"day":"Wednesday","name":"Chaitra Sukhladi","type":"Restricted"},{"month":"April","date":2,"day":"Thursday","name":"Rama Navami","type":"Gazetted"},{"month":"April","date":6,"day":"Monday","name":"Mahavir Jayanti","type":"Gazetted"},{"month":"April","date":9,"day":"Thursday","name":"First day of Passover","type":"Observance"},{"month":"April","date":9,"day":"Thursday","name":"Maundy Thursday","type":"Observance,"},{"month":"April","date":10,"day":"Friday","name":"Good Friday","type":"Gazetted"},{"month":"April","date":12,"day":"Sunday","name":"Easter Day","type":"Restricted"},{"month":"April","date":13,"day":"Monday","name":"Vaisakhi","type":"Restricted"},{"month":"April","date":14,"day":"Tuesday","name":"Mesadi/Vaisakhadi","type":"Restricted"},{"month":"April","date":14,"day":"Tuesday","name":"Ambedkar Jayanti","type":"Central"},{"month":"May","date":1,"day":"Friday","name":"May Day","type":"Observance"},{"month":"May","date":7,"day":"Thursday","name":"Buddha Purnima/Vesak","type":"Gazetted"},{"month":"May","date":7,"day":"Thursday","name":"Birthday of Ravindranath","type":"Restricted"},{"month":"May","date":10,"day":"Sunday","name":"Mother's Day","type":"Observance"},{"month":"May","date":22,"day":"Friday","name":"Jamat Ul-Vida","type":"Restricted"},{"month":"May","date":25,"day":"Monday","name":"Ramzan Id/Eid-ul-Fitar","type":"Gazetted"},{"month":"May","date":25,"day":"Monday","name":"Ramzan Id/Eid-ul-Fitar","type":"Muslim,"},{"month":"June","date":21,"day":"Sunday","name":"June Solstice","type":"Season"},{"month":"June","date":21,"day":"Sunday","name":"Father's Day","type":"Observance"},{"month":"June","date":23,"day":"Tuesday","name":"Rath Yatra","type":"Restricted"},{"month":"July","date":5,"day":"Sunday","name":"Guru Purnima","type":"Observance"},{"month":"July","date":31,"day":"Friday","name":"Bakr Id/Eid ul-Adha","type":"Gazetted"},{"month":"August","date":2,"day":"Sunday","name":"Friendship Day","type":"Observance"},{"month":"August","date":3,"day":"Monday","name":"Raksha Bandhan (Rakhi)","type":"Restricted"},{"month":"August","date":11,"day":"Tuesday","name":"Janmashtami (Smarta)","type":"Restricted"},{"month":"August","date":12,"day":"Wednesday","name":"Janmashtami","type":"Gazetted"},{"month":"August","date":15,"day":"Saturday","name":"Independence Day","type":"Gazetted"},{"month":"August","date":16,"day":"Sunday","name":"Parsi New Year","type":"Restricted"},{"month":"August","date":22,"day":"Saturday","name":"Ganesh Chaturthi/Vin
08-03 23:15:23.644 14236 14236 V Response: [{"month":"January","date":1,"day":"Wednesday","name":"New Year's Day","type":"Restricted"},{"month":"January","date":2,"day":"Thursday","name":"Guru Govind Singh Jayanti","type":"Restricted"},{"month":"January","date":14,"day":"Tuesday","name":"Lohri","type":"Restricted"},{"month":"January","date":15,"day":"Wednesday","name":"Pongal","type":"Restricted"},{"month":"January","date":15,"day":"Wednesday","name":"Makar Sankranti","type":"Restricted"},{"month":"January","date":25,"day":"Saturday","name":"Chinese New Year","type":"Observance"},{"month":"January","date":26,"day":"Sunday","name":"Republic Day","type":"Gazetted"},{"month":"January","date":30,"day":"Thursday","name":"Vasant Panchami","type":"Restricted"},{"month":"February","date":9,"day":"Sunday","name":"Guru Ravidas Jayanti","type":"Restricted"},{"month":"February","date":14,"day":"Friday","name":"Valentine's Day","type":"Observance"},{"month":"February","date":18,"day":"Tuesday","name":"Maharishi Dayanand Saraswati Jayanti","type":"Restricted"},{"month":"February","date":19,"day":"Wednesday","name":"Shivaji Jayanti","type":"Restricted"},{"month":"February","date":21,"day":"Friday","name":"Maha Shivaratri/Shivaratri","type":"Gazetted"},{"month":"March","date":9,"day":"Monday","name":"Holika Dahana","type":"Restricted"},{"month":"March","date":9,"day":"Monday","name":"Hazarat Ali's Birthday","type":"Restricted"},{"month":"March","date":10,"day":"Tuesday","name":"Holi","type":"Gazetted"},{"month":"March","date":20,"day":"Friday","name":"March Equinox","type":"Season"},{"month":"March","date":25,"day":"Wednesday","name":"Chaitra Sukhladi","type":"Restricted"},{"month":"April","date":2,"day":"Thursday","name":"Rama Navami","type":"Gazetted"},{"month":"April","date":6,"day":"Monday","name":"Mahavir Jayanti","type":"Gazetted"},{"month":"April","date":9,"day":"Thursday","name":"First day of Passover","type":"Observance"},{"month":"April","date":9,"day":"Thursday","name":"Maundy Thursday","type":"Observance,"},{"month":"April","date":10,"day":"Friday","name":"Good Friday","type":"Gazetted"},{"month":"April","date":12,"day":"Sunday","name":"Easter Day","type":"Restricted"},{"month":"April","date":13,"day":"Monday","name":"Vaisakhi","type":"Restricted"},{"month":"April","date":14,"day":"Tuesday","name":"Mesadi/Vaisakhadi","type":"Restricted"},{"month":"April","date":14,"day":"Tuesday","name":"Ambedkar Jayanti","type":"Central"},{"month":"May","date":1,"day":"Friday","name":"May Day","type":"Observance"},{"month":"May","date":7,"day":"Thursday","name":"Buddha Purnima/Vesak","type":"Gazetted"},{"month":"May","date":7,"day":"Thursday","name":"Birthday of Ravindranath","type":"Restricted"},{"month":"May","date":10,"day":"Sunday","name":"Mother's Day","type":"Observance"},{"month":"May","date":22,"day":"Friday","name":"Jamat Ul-Vida","type":"Restricted"},{"month":"May","date":25,"day":"Monday","name":"Ramzan Id/Eid-ul-Fitar","type":"Gazetted"},{"month":"May","date":25,"day":"Monday","name":"Ramzan Id/Eid-ul-Fitar","type":"Muslim,"},{"month":"June","date":21,"day":"Sunday","name":"June Solstice","type":"Season"},{"month":"June","date":21,"day":"Sunday","name":"Father's Day","type":"Observance"},{"month":"June","date":23,"day":"Tuesday","name":"Rath Yatra","type":"Restricted"},{"month":"July","date":5,"day":"Sunday","name":"Guru Purnima","type":"Observance"},{"month":"July","date":31,"day":"Friday","name":"Bakr Id/Eid ul-Adha","type":"Gazetted"},{"month":"August","date":2,"day":"Sunday","name":"Friendship Day","type":"Observance"},{"month":"August","date":3,"day":"Monday","name":"Raksha Bandhan (Rakhi)","type":"Restricted"},{"month":"August","date":11,"day":"Tuesday","name":"Janmashtami (Smarta)","type":"Restricted"},{"month":"August","date":12,"day":"Wednesday","name":"Janmashtami","type":"Gazetted"},{"month":"August","date":15,"day":"Saturday","name":"Independence Day","type":"Gazetted"},{"month":"August","date":16,"day":"Sunday","name":"Parsi New Year","type":"Restricted"},{"month":"August","date":22,"day":"Saturday","name":"Ganesh Chaturthi/Vin
08-03 23:15:23.647 14236 16111 I art     : Explicit concurrent mark sweep GC freed 8884(437KB) AllocSpace objects, 11(496KB) LOS objects, 7% free, 192MB/208MB, paused 2.026ms total 68.938ms
08-03 23:15:23.668 14236 16111 I art     : Starting a blocking GC Explicit
08-03 23:15:23.740 14236 16111 I art     : Explicit concurrent mark sweep GC freed 9923(524KB) AllocSpace objects, 0(0B) LOS objects, 7% free, 192MB/208MB, paused 1.781ms total 71.920ms
08-03 23:15:23.761 14236 16111 I art     : Starting a blocking GC Explicit
08-03 23:15:23.838 14236 16111 I art     : Explicit concurrent mark sweep GC freed 436(13KB) AllocSpace objects, 1(4MB) LOS objects, 7% free, 187MB/203MB, paused 1.726ms total 76.938ms
08-03 23:15:23.839 14236 14247 I art     : WaitForGcToComplete blocked for 74.158ms for cause HeapTrim
08-03 23:15:23.861 14236 16111 I art     : Starting a blocking GC Explicit
08-03 23:15:23.942 14236 16111 I art     : Explicit concurrent mark sweep GC freed 149(2592B) AllocSpace objects, 0(0B) LOS objects, 7% free, 187MB/203MB, paused 1.753ms total 80.285ms
08-03 23:15:23.968 14236 16111 I art     : Starting a blocking GC Explicit
08-03 23:15:24.044 14236 16111 I art     : Explicit concurrent mark sweep GC freed 153(2896B) AllocSpace objects, 0(0B) LOS objects, 7% free, 187MB/203MB, paused 1.667ms total 74.817ms
08-03 23:15:24.455 14236 14248 I art     : Starting a blocking GC Explicit
08-03 23:15:24.536 14236 14248 I art     : Explicit concurrent mark sweep GC freed 2360(105KB) AllocSpace objects, 2(48KB) LOS objects, 7% free, 187MB/203MB, paused 1.688ms total 80.753ms
08-03 23:15:24.561 14236 14248 I art     : Starting a blocking GC Explicit
08-03 23:15:24.644 14236 14248 I art     : Explicit concurrent mark sweep GC freed 185(4KB) AllocSpace objects, 0(0B) LOS objects, 7% free, 187MB/203MB, paused 1.685ms total 82.458ms
08-03 23:15:24.667 14236 14248 I art     : Starting a blocking GC Explicit
08-03 23:15:24.750 14236 14248 I art     : Explicit concurrent mark sweep GC freed 160(2720B) AllocSpace objects, 0(0B) LOS objects, 7% free, 187MB/203MB, paused 1.877ms total 82.282ms
08-03 23:15:24.775 14236 14248 I art     : Starting a blocking GC Explicit
08-03 23:15:24.859 14236 14248 I art     : Explicit concurrent mark sweep GC freed 159(2704B) AllocSpace objects, 0(0B) LOS objects, 7% free, 187MB/203MB, paused 1.883ms total 83.044ms
08-03 23:15:24.884 14236 14248 I art     : Starting a blocking GC Explicit
08-03 23:15:24.964 14236 14248 I art     : Explicit concurrent mark sweep GC freed 147(2496B) AllocSpace objects, 0(0B) LOS objects, 7% free, 187MB/203MB, paused 1.850ms total 79.837ms
08-03 23:15:25.431 14236 14250 I art     : Starting a blocking GC Explicit
08-03 23:15:25.519 14236 14250 I art     : Explicit concurrent mark sweep GC freed 2430(106KB) AllocSpace objects, 2(48KB) LOS objects, 7% free, 187MB/203MB, paused 2.121ms total 87.321ms
08-03 23:15:25.542 14236 14250 I art     : Starting a blocking GC Explicit
08-03 23:15:25.625 14236 14250 I art     : Explicit concurrent mark sweep GC freed 186(3KB) AllocSpace objects, 0(0B) LOS objects, 7% free, 187MB/203MB, paused 1.702ms total 82.786ms
08-03 23:15:25.650 14236 14250 I art     : Starting a blocking GC Explicit
08-03 23:15:25.732 14236 14250 I art     : Explicit concurrent mark sweep GC freed 147(2496B) AllocSpace objects, 0(0B) LOS objects, 7% free, 187MB/203MB, paused 1.743ms total 80.892ms
08-03 23:15:25.755 14236 14250 I art     : Starting a blocking GC Explicit
08-03 23:15:25.835 14236 14250 I art     : Explicit concurrent mark sweep GC freed 158(2672B) AllocSpace objects, 0(0B) LOS objects, 7% free, 187MB/203MB, paused 1.941ms total 79.992ms
08-03 23:15:25.858 14236 14250 I art     : Starting a blocking GC Explicit
08-03 23:15:25.941 14236 14250 I art     : Explicit concurrent mark sweep GC freed 160(2720B) AllocSpace objects, 0(0B) LOS objects, 7% free, 187MB/203MB, paused 1.857ms total 82.748ms
08-03 23:15:26.037   918 13198 D NetlinkSocketObserver: NeighborEvent{elapsedMs=1643129912, 192.168.2.254, [7C3953A63323], RTM_NEWNEIGH, NUD_PROBE}
08-03 23:15:26.402 14236 14255 I art     : Starting a blocking GC Explicit
08-03 23:15:26.489 14236 14255 I art     : Explicit concurrent mark sweep GC freed 2432(106KB) AllocSpace objects, 2(48KB) LOS objects, 7% free, 187MB/203MB, paused 1.917ms total 86.703ms
08-03 23:15:26.513 14236 14255 I art     : Starting a blocking GC Explicit
08-03 23:15:26.596 14236 14255 I art     : Explicit concurrent mark sweep GC freed 186(4KB) AllocSpace objects, 0(0B) LOS objects, 7% free, 187MB/203MB, paused 1.795ms total 82.156ms
08-03 23:15:26.619 14236 14255 I art     : Starting a blocking GC Explicit
08-03 23:15:26.701 14236 14255 I art     : Explicit concurrent mark sweep GC freed 158(3024B) AllocSpace objects, 0(0B) LOS objects, 7% free, 187MB/203MB, paused 1.956ms total 81.523ms
08-03 23:15:26.723 14236 14255 I art     : Starting a blocking GC Explicit
08-03 23:15:26.807 14236 14255 I art     : Explicit concurrent mark sweep GC freed 183(3KB) AllocSpace objects, 0(0B) LOS objects, 7% free, 187MB/203MB, paused 1.838ms total 83.197ms
08-03 23:15:26.830 14236 14255 I art     : Starting a blocking GC Explicit
08-03 23:15:26.914 14236 14255 I art     : Explicit concurrent mark sweep GC freed 147(2496B) AllocSpace objects, 0(0B) LOS objects, 7% free, 187MB/203MB, paused 1.717ms total 83.699ms
08-03 23:15:27.337 13652 13652 I ServiceManager: Waiting for service AtCmdFwd...
08-03 23:15:27.352 14236 14750 I art     : Starting a blocking GC Explicit
08-03 23:15:27.435 14236 14750 I art     : Explicit concurrent mark sweep GC freed 2388(106KB) AllocSpace objects, 2(48KB) LOS objects, 7% free, 187MB/203MB, paused 1.924ms total 82.841ms
08-03 23:15:27.458 14236 14750 I art     : Starting a blocking GC Explicit
08-03 23:15:27.537 14236 14750 I art     : Explicit concurrent mark sweep GC freed 203(4KB) AllocSpace objects, 0(0B) LOS objects, 7% free, 187MB/203MB, paused 1.982ms total 78.597ms
08-03 23:15:27.560 14236 14750 I art     : Starting a blocking GC Explicit
08-03 23:15:27.641 14236 14750 I art     : Explicit concurrent mark sweep GC freed 147(2496B) AllocSpace objects, 0(0B) LOS objects, 7% free, 187MB/203MB, paused 1.733ms total 80.481ms
08-03 23:15:27.664 14236 14750 I art     : Starting a blocking GC Explicit
08-03 23:15:27.722 16987 16987 D AndroidRuntime: >>>>>> START com.android.internal.os.RuntimeInit uid 2000 <<<<<<
08-03 23:15:27.728 16987 16987 D AndroidRuntime: CheckJNI is OFF
08-03 23:15:27.745 14236 14750 I art     : Explicit concurrent mark sweep GC freed 146(2464B) AllocSpace objects, 0(0B) LOS objects, 7% free, 187MB/203MB, paused 1.740ms total 80.484ms
08-03 23:15:27.767 14236 14750 I art     : Starting a blocking GC Explicit
08-03 23:15:27.776 16987 16987 D ICU     : No timezone override file found: /data/misc/zoneinfo/current/icu/icu_tzdata.dat
08-03 23:15:27.821 16987 16987 I Radio-JNI: register_android_hardware_Radio DONE
08-03 23:15:27.846 14236 14750 I art     : Explicit concurrent mark sweep GC freed 147(2496B) AllocSpace objects, 0(0B) LOS objects, 7% free, 187MB/203MB, paused 1.784ms total 78.687ms
08-03 23:15:27.851 16987 16987 D AndroidRuntime: Calling main entry com.android.commands.input.Input
08-03 23:15:27.853 16987 16987 I Input   : injectKeyEvent: KeyEvent { action=ACTION_DOWN, keyCode=KEYCODE_BACK, scanCode=0, metaState=0, flags=0x0, repeatCount=0, eventTime=659744266, downTime=659744266, deviceId=-1, source=0x101 }
08-03 23:15:27.860 16987 16987 I Input   : injectKeyEvent: KeyEvent { action=ACTION_UP, keyCode=KEYCODE_BACK, scanCode=0, metaState=0, flags=0x0, repeatCount=0, eventTime=659744266, downTime=659744266, deviceId=-1, source=0x101 }
08-03 23:15:27.867 16987 16987 D AndroidRuntime: Shutting down VM
08-03 23:15:27.882 14236 14236 V MainActivity: url = https://project-travel-mate.herokuapp.com/api/number-of-unread-notifications
08-03 23:15:27.905 13866 13866 I GoogleInputMethodServic: GoogleInputMethodService.onFinishInput():3138 
08-03 23:15:27.905 13866 13866 I GoogleInputMethodServic: GoogleInputMethodService.onStartInput():1808 
08-03 23:15:28.232   380   380 W SurfaceFlinger: couldn't log to binary event log: overflow.
08-03 23:15:28.242 14236 14255 I art     : Starting a blocking GC Explicit
08-03 23:15:28.315 14236 14255 I art     : Explicit concurrent mark sweep GC freed 2673(125KB) AllocSpace objects, 3(236KB) LOS objects, 7% free, 187MB/203MB, paused 1.678ms total 73.372ms
08-03 23:15:28.337 14236 14255 I art     : Starting a blocking GC Explicit
08-03 23:15:28.338 13652 13652 I ServiceManager: Waiting for service AtCmdFwd...
08-03 23:15:28.415 14236 14255 I art     : Explicit concurrent mark sweep GC freed 9277(495KB) AllocSpace objects, 16(464KB) LOS objects, 7% free, 187MB/203MB, paused 2.143ms total 76.663ms
08-03 23:15:28.433 14236 17000 I NAPPA_EXPERIMENTATION: MetricNetworkRequestExecutionTime: REQUEST_DURATION_SYSTEM='549',REQUEST_DURATION_OKHTTP='30',REQUEST_SYNCHRONOUS='FALSE',RESPONSE_CODE='200',RESPONSE_METHOD='GET',RESPONSE_LENGTH_OKHTTP='36',RESPONSE_LENGTH_HEADER='36',REQUEST_PROTOCOL='http/1.1',REQUEST_URL='https://project-travel-mate.herokuapp.com/api/number-of-unread-notifications',
08-03 23:15:28.438 14236 14255 I art     : Starting a blocking GC Explicit
08-03 23:15:28.515 14236 14255 I art     : Explicit concurrent mark sweep GC freed 1075(127KB) AllocSpace objects, 0(0B) LOS objects, 7% free, 187MB/203MB, paused 1.618ms total 76.610ms
08-03 23:15:28.537 14236 14255 I art     : Starting a blocking GC Explicit
08-03 23:15:28.619 14236 14255 I art     : Explicit concurrent mark sweep GC freed 100(4KB) AllocSpace objects, 0(0B) LOS objects, 7% free, 187MB/203MB, paused 1.911ms total 80.645ms
08-03 23:15:28.645 14236 14255 I art     : Starting a blocking GC Explicit
08-03 23:15:28.723 14236 14255 I art     : Explicit concurrent mark sweep GC freed 3(96B) AllocSpace objects, 0(0B) LOS objects, 7% free, 187MB/203MB, paused 1.948ms total 78.200ms
08-03 23:15:29.149 14236 16111 I art     : Starting a blocking GC Explicit
08-03 23:15:29.224 14236 16111 I art     : Explicit concurrent mark sweep GC freed 1600(92KB) AllocSpace objects, 2(48KB) LOS objects, 7% free, 187MB/203MB, paused 1.667ms total 75.208ms
08-03 23:15:29.247 14236 16111 I art     : Starting a blocking GC Explicit
08-03 23:15:29.320 14236 16111 I art     : Explicit concurrent mark sweep GC freed 78(2640B) AllocSpace objects, 0(0B) LOS objects, 7% free, 187MB/203MB, paused 1.752ms total 72.901ms
08-03 23:15:29.339 13652 13652 I ServiceManager: Waiting for service AtCmdFwd...
08-03 23:15:29.342 14236 16111 I art     : Starting a blocking GC Explicit
08-03 23:15:29.417 14236 16111 I art     : Explicit concurrent mark sweep GC freed 3(96B) AllocSpace objects, 0(0B) LOS objects, 7% free, 187MB/203MB, paused 1.758ms total 74.324ms
08-03 23:15:29.439 14236 16111 I art     : Starting a blocking GC Explicit
08-03 23:15:29.514 14236 16111 I art     : Explicit concurrent mark sweep GC freed 4(128B) AllocSpace objects, 0(0B) LOS objects, 7% free, 187MB/203MB, paused 1.768ms total 74.313ms
08-03 23:15:29.537 14236 16111 I art     : Starting a blocking GC Explicit
08-03 23:15:29.604 14236 16111 I art     : Explicit concurrent mark sweep GC freed 6(192B) AllocSpace objects, 0(0B) LOS objects, 7% free, 187MB/203MB, paused 1.566ms total 67.113ms
08-03 23:15:29.659 17022 17022 D AndroidRuntime: >>>>>> START com.android.internal.os.RuntimeInit uid 2000 <<<<<<
08-03 23:15:29.664 17022 17022 D AndroidRuntime: CheckJNI is OFF
08-03 23:15:29.702 17022 17022 D ICU     : No timezone override file found: /data/misc/zoneinfo/current/icu/icu_tzdata.dat
08-03 23:15:29.740 17022 17022 I Radio-JNI: register_android_hardware_Radio DONE
08-03 23:15:29.768 17022 17022 D AndroidRuntime: Calling main entry com.android.commands.input.Input
08-03 23:15:29.769 17022 17022 I Input   : injectMotionEvent: MotionEvent { action=ACTION_DOWN, actionButton=0, id[0]=0, x[0]=657.0, y[0]=2080.0, toolType[0]=TOOL_TYPE_UNKNOWN, buttonState=0, metaState=0, flags=0x0, edgeFlags=0x0, pointerCount=1, historySize=0, eventTime=659746182, downTime=659746182, deviceId=0, source=0x1002 }
08-03 23:15:29.775 17022 17022 I Input   : injectMotionEvent: MotionEvent { action=ACTION_UP, actionButton=0, id[0]=0, x[0]=657.0, y[0]=2080.0, toolType[0]=TOOL_TYPE_UNKNOWN, buttonState=0, metaState=0, flags=0x0, edgeFlags=0x0, pointerCount=1, historySize=0, eventTime=659746182, downTime=659746182, deviceId=0, source=0x1002 }
08-03 23:15:29.810 17022 17022 D AndroidRuntime: Shutting down VM
08-03 23:15:29.852   918  3961 I ActivityManager: START u0 {cmp=baseline.io.github.project_travel_mate/.utilities.UpcomingWeekendsActivity} from uid 10650 on display 0
08-03 23:15:29.853   512  2967 D audio_hw_primary: out_set_parameters: enter: usecase(1: low-latency-playback) kvpairs: routing=2
08-03 23:15:29.866   512  2967 D audio_hw_primary: select_devices: out_snd_device(2: speaker) in_snd_device(0: none)
08-03 23:15:29.866   512  2967 D msm8974_platform: platform_send_audio_calibration: sending audio calibration for snd_device(2) acdb_id(15)
08-03 23:15:29.866   512  2967 I soundtrigger: audio_extn_sound_trigger_update_device_status: device 0x2 of type 0 for Event 1
08-03 23:15:29.875   512  2967 D audio_hw_primary: enable_snd_device: snd_device(2: speaker)
08-03 23:15:29.877   512  2967 D audio_hw_primary: enable_audio_route: apply and update mixer path: low-latency-playback speaker
08-03 23:15:29.877 14236 14302 D Gabe    : call	returning from cache
08-03 23:15:29.880 14236 14236 V EXECUTING: https://project-travel-mate.herokuapp.com/api/get-upcoming-holidays/2020
08-03 23:15:29.883 14236 14236 V EXECUTING: https://project-travel-mate.herokuapp.com/api/get-upcoming-holidays/2020
08-03 23:15:29.965 13866 13866 I GoogleInputMethodServic: GoogleInputMethodService.onFinishInput():3138 
08-03 23:15:29.966 13866 13866 I GoogleInputMethodServic: GoogleInputMethodService.onStartInput():1808 
08-03 23:15:29.999 14236 16111 I art     : Starting a blocking GC Explicit
08-03 23:15:30.058   918   936 I ActivityManager: Displayed baseline.io.github.project_travel_mate/.utilities.UpcomingWeekendsActivity: +198ms
08-03 23:15:30.068 14236 16111 I art     : Explicit concurrent mark sweep GC freed 3329(190KB) AllocSpace objects, 2(48KB) LOS objects, 7% free, 191MB/207MB, paused 1.984ms total 68.468ms
08-03 23:15:30.090 14236 16111 I art     : Starting a blocking GC Explicit
08-03 23:15:30.163 14236 16111 I art     : Explicit concurrent mark sweep GC freed 340(13KB) AllocSpace objects, 0(0B) LOS objects, 7% free, 191MB/207MB, paused 1.960ms total 72.090ms
08-03 23:15:30.185 14236 16111 I art     : Starting a blocking GC Explicit
08-03 23:15:30.254 14236 16111 I art     : Explicit concurrent mark sweep GC freed 121(2560B) AllocSpace objects, 0(0B) LOS objects, 7% free, 191MB/207MB, paused 1.763ms total 68.782ms
08-03 23:15:30.275 14236 16111 I art     : Starting a blocking GC Explicit
08-03 23:15:30.301   380   380 W SurfaceFlinger: couldn't log to binary event log: overflow.
08-03 23:15:30.339 13652 13652 I ServiceManager: Waiting for service AtCmdFwd...
08-03 23:15:30.347 14236 16111 I art     : Explicit concurrent mark sweep GC freed 4323(229KB) AllocSpace objects, 4(240KB) LOS objects, 7% free, 192MB/208MB, paused 2.657ms total 72.183ms
08-03 23:15:30.369 14236 16111 I art     : Starting a blocking GC Explicit
08-03 23:15:30.388 14236 17046 I NAPPA_EXPERIMENTATION: MetricNetworkRequestExecutionTime: REQUEST_DURATION_SYSTEM='507',REQUEST_DURATION_OKHTTP='40',REQUEST_SYNCHRONOUS='FALSE',RESPONSE_CODE='200',RESPONSE_METHOD='GET',RESPONSE_LENGTH_OKHTTP='6426',RESPONSE_LENGTH_HEADER='6426',REQUEST_PROTOCOL='http/1.1',REQUEST_URL='https://project-travel-mate.herokuapp.com/api/get-upcoming-holidays/2020',
08-03 23:15:30.399 14236 14236 V Response: [{"month":"January","date":1,"day":"Wednesday","name":"New Year's Day","type":"Restricted"},{"month":"January","date":2,"day":"Thursday","name":"Guru Govind Singh Jayanti","type":"Restricted"},{"month":"January","date":14,"day":"Tuesday","name":"Lohri","type":"Restricted"},{"month":"January","date":15,"day":"Wednesday","name":"Pongal","type":"Restricted"},{"month":"January","date":15,"day":"Wednesday","name":"Makar Sankranti","type":"Restricted"},{"month":"January","date":25,"day":"Saturday","name":"Chinese New Year","type":"Observance"},{"month":"January","date":26,"day":"Sunday","name":"Republic Day","type":"Gazetted"},{"month":"January","date":30,"day":"Thursday","name":"Vasant Panchami","type":"Restricted"},{"month":"February","date":9,"day":"Sunday","name":"Guru Ravidas Jayanti","type":"Restricted"},{"month":"February","date":14,"day":"Friday","name":"Valentine's Day","type":"Observance"},{"month":"February","date":18,"day":"Tuesday","name":"Maharishi Dayanand Saraswati Jayanti","type":"Restricted"},{"month":"February","date":19,"day":"Wednesday","name":"Shivaji Jayanti","type":"Restricted"},{"month":"February","date":21,"day":"Friday","name":"Maha Shivaratri/Shivaratri","type":"Gazetted"},{"month":"March","date":9,"day":"Monday","name":"Holika Dahana","type":"Restricted"},{"month":"March","date":9,"day":"Monday","name":"Hazarat Ali's Birthday","type":"Restricted"},{"month":"March","date":10,"day":"Tuesday","name":"Holi","type":"Gazetted"},{"month":"March","date":20,"day":"Friday","name":"March Equinox","type":"Season"},{"month":"March","date":25,"day":"Wednesday","name":"Chaitra Sukhladi","type":"Restricted"},{"month":"April","date":2,"day":"Thursday","name":"Rama Navami","type":"Gazetted"},{"month":"April","date":6,"day":"Monday","name":"Mahavir Jayanti","type":"Gazetted"},{"month":"April","date":9,"day":"Thursday","name":"First day of Passover","type":"Observance"},{"month":"April","date":9,"day":"Thursday","name":"Maundy Thursday","type":"Observance,"},{"month":"April","date":10,"day":"Friday","name":"Good Friday","type":"Gazetted"},{"month":"April","date":12,"day":"Sunday","name":"Easter Day","type":"Restricted"},{"month":"April","date":13,"day":"Monday","name":"Vaisakhi","type":"Restricted"},{"month":"April","date":14,"day":"Tuesday","name":"Mesadi/Vaisakhadi","type":"Restricted"},{"month":"April","date":14,"day":"Tuesday","name":"Ambedkar Jayanti","type":"Central"},{"month":"May","date":1,"day":"Friday","name":"May Day","type":"Observance"},{"month":"May","date":7,"day":"Thursday","name":"Buddha Purnima/Vesak","type":"Gazetted"},{"month":"May","date":7,"day":"Thursday","name":"Birthday of Ravindranath","type":"Restricted"},{"month":"May","date":10,"day":"Sunday","name":"Mother's Day","type":"Observance"},{"month":"May","date":22,"day":"Friday","name":"Jamat Ul-Vida","type":"Restricted"},{"month":"May","date":25,"day":"Monday","name":"Ramzan Id/Eid-ul-Fitar","type":"Gazetted"},{"month":"May","date":25,"day":"Monday","name":"Ramzan Id/Eid-ul-Fitar","type":"Muslim,"},{"month":"June","date":21,"day":"Sunday","name":"June Solstice","type":"Season"},{"month":"June","date":21,"day":"Sunday","name":"Father's Day","type":"Observance"},{"month":"June","date":23,"day":"Tuesday","name":"Rath Yatra","type":"Restricted"},{"month":"July","date":5,"day":"Sunday","name":"Guru Purnima","type":"Observance"},{"month":"July","date":31,"day":"Friday","name":"Bakr Id/Eid ul-Adha","type":"Gazetted"},{"month":"August","date":2,"day":"Sunday","name":"Friendship Day","type":"Observance"},{"month":"August","date":3,"day":"Monday","name":"Raksha Bandhan (Rakhi)","type":"Restricted"},{"month":"August","date":11,"day":"Tuesday","name":"Janmashtami (Smarta)","type":"Restricted"},{"month":"August","date":12,"day":"Wednesday","name":"Janmashtami","type":"Gazetted"},{"month":"August","date":15,"day":"Saturday","name":"Independence Day","type":"Gazetted"},{"month":"August","date":16,"day":"Sunday","name":"Parsi New Year","type":"Restricted"},{"month":"August","date":22,"day":"Saturday","name":"Ganesh Chaturthi/Vin
08-03 23:15:30.400 14236 17047 I NAPPA_EXPERIMENTATION: MetricNetworkRequestExecutionTime: REQUEST_DURATION_SYSTEM='516',REQUEST_DURATION_OKHTTP='46',REQUEST_SYNCHRONOUS='FALSE',RESPONSE_CODE='200',RESPONSE_METHOD='GET',RESPONSE_LENGTH_OKHTTP='6426',RESPONSE_LENGTH_HEADER='6426',REQUEST_PROTOCOL='http/1.1',REQUEST_URL='https://project-travel-mate.herokuapp.com/api/get-upcoming-holidays/2020',
08-03 23:15:30.409   512  2967 D audio_hw_primary: disable_audio_route: reset and update mixer path: low-latency-playback speaker
08-03 23:15:30.410   512  2967 D audio_hw_primary: disable_snd_device: snd_device(2: speaker)
08-03 23:15:30.418   512  2967 I soundtrigger: audio_extn_sound_trigger_update_device_status: device 0x2 of type 0 for Event 0
08-03 23:15:30.442 14236 16111 I art     : Explicit concurrent mark sweep GC freed 8060(471KB) AllocSpace objects, 5(208KB) LOS objects, 7% free, 192MB/208MB, paused 2.429ms total 72.775ms
08-03 23:15:30.460 14236 14236 V Response: [{"month":"January","date":1,"day":"Wednesday","name":"New Year's Day","type":"Restricted"},{"month":"January","date":2,"day":"Thursday","name":"Guru Govind Singh Jayanti","type":"Restricted"},{"month":"January","date":14,"day":"Tuesday","name":"Lohri","type":"Restricted"},{"month":"January","date":15,"day":"Wednesday","name":"Pongal","type":"Restricted"},{"month":"January","date":15,"day":"Wednesday","name":"Makar Sankranti","type":"Restricted"},{"month":"January","date":25,"day":"Saturday","name":"Chinese New Year","type":"Observance"},{"month":"January","date":26,"day":"Sunday","name":"Republic Day","type":"Gazetted"},{"month":"January","date":30,"day":"Thursday","name":"Vasant Panchami","type":"Restricted"},{"month":"February","date":9,"day":"Sunday","name":"Guru Ravidas Jayanti","type":"Restricted"},{"month":"February","date":14,"day":"Friday","name":"Valentine's Day","type":"Observance"},{"month":"February","date":18,"day":"Tuesday","name":"Maharishi Dayanand Saraswati Jayanti","type":"Restricted"},{"month":"February","date":19,"day":"Wednesday","name":"Shivaji Jayanti","type":"Restricted"},{"month":"February","date":21,"day":"Friday","name":"Maha Shivaratri/Shivaratri","type":"Gazetted"},{"month":"March","date":9,"day":"Monday","name":"Holika Dahana","type":"Restricted"},{"month":"March","date":9,"day":"Monday","name":"Hazarat Ali's Birthday","type":"Restricted"},{"month":"March","date":10,"day":"Tuesday","name":"Holi","type":"Gazetted"},{"month":"March","date":20,"day":"Friday","name":"March Equinox","type":"Season"},{"month":"March","date":25,"day":"Wednesday","name":"Chaitra Sukhladi","type":"Restricted"},{"month":"April","date":2,"day":"Thursday","name":"Rama Navami","type":"Gazetted"},{"month":"April","date":6,"day":"Monday","name":"Mahavir Jayanti","type":"Gazetted"},{"month":"April","date":9,"day":"Thursday","name":"First day of Passover","type":"Observance"},{"month":"April","date":9,"day":"Thursday","name":"Maundy Thursday","type":"Observance,"},{"month":"April","date":10,"day":"Friday","name":"Good Friday","type":"Gazetted"},{"month":"April","date":12,"day":"Sunday","name":"Easter Day","type":"Restricted"},{"month":"April","date":13,"day":"Monday","name":"Vaisakhi","type":"Restricted"},{"month":"April","date":14,"day":"Tuesday","name":"Mesadi/Vaisakhadi","type":"Restricted"},{"month":"April","date":14,"day":"Tuesday","name":"Ambedkar Jayanti","type":"Central"},{"month":"May","date":1,"day":"Friday","name":"May Day","type":"Observance"},{"month":"May","date":7,"day":"Thursday","name":"Buddha Purnima/Vesak","type":"Gazetted"},{"month":"May","date":7,"day":"Thursday","name":"Birthday of Ravindranath","type":"Restricted"},{"month":"May","date":10,"day":"Sunday","name":"Mother's Day","type":"Observance"},{"month":"May","date":22,"day":"Friday","name":"Jamat Ul-Vida","type":"Restricted"},{"month":"May","date":25,"day":"Monday","name":"Ramzan Id/Eid-ul-Fitar","type":"Gazetted"},{"month":"May","date":25,"day":"Monday","name":"Ramzan Id/Eid-ul-Fitar","type":"Muslim,"},{"month":"June","date":21,"day":"Sunday","name":"June Solstice","type":"Season"},{"month":"June","date":21,"day":"Sunday","name":"Father's Day","type":"Observance"},{"month":"June","date":23,"day":"Tuesday","name":"Rath Yatra","type":"Restricted"},{"month":"July","date":5,"day":"Sunday","name":"Guru Purnima","type":"Observance"},{"month":"July","date":31,"day":"Friday","name":"Bakr Id/Eid ul-Adha","type":"Gazetted"},{"month":"August","date":2,"day":"Sunday","name":"Friendship Day","type":"Observance"},{"month":"August","date":3,"day":"Monday","name":"Raksha Bandhan (Rakhi)","type":"Restricted"},{"month":"August","date":11,"day":"Tuesday","name":"Janmashtami (Smarta)","type":"Restricted"},{"month":"August","date":12,"day":"Wednesday","name":"Janmashtami","type":"Gazetted"},{"month":"August","date":15,"day":"Saturday","name":"Independence Day","type":"Gazetted"},{"month":"August","date":16,"day":"Sunday","name":"Parsi New Year","type":"Restricted"},{"month":"August","date":22,"day":"Saturday","name":"Ganesh Chaturthi/Vin
08-03 23:15:30.850 14236 14250 I art     : Starting a blocking GC Explicit
08-03 23:15:30.936 14236 14250 I art     : Explicit concurrent mark sweep GC freed 10786(414KB) AllocSpace objects, 3(4MB) LOS objects, 7% free, 188MB/204MB, paused 1.783ms total 85.293ms
08-03 23:15:30.959 14236 14250 I art     : Starting a blocking GC Explicit
08-03 23:15:31.038 14236 14250 I art     : Explicit concurrent mark sweep GC freed 1499(83KB) AllocSpace objects, 0(0B) LOS objects, 7% free, 188MB/204MB, paused 1.999ms total 78.656ms
08-03 23:15:31.062 14236 14250 I art     : Starting a blocking GC Explicit
08-03 23:15:31.143 14236 14250 I art     : Explicit concurrent mark sweep GC freed 168(2848B) AllocSpace objects, 0(0B) LOS objects, 7% free, 188MB/204MB, paused 1.714ms total 80.681ms
08-03 23:15:31.167 14236 14250 I art     : Starting a blocking GC Explicit
08-03 23:15:31.245 14236 14250 I art     : Explicit concurrent mark sweep GC freed 160(3KB) AllocSpace objects, 0(0B) LOS objects, 7% free, 188MB/204MB, paused 1.659ms total 78.283ms
08-03 23:15:31.268 14236 14250 I art     : Starting a blocking GC Explicit
08-03 23:15:31.340 13652 13652 I ServiceManager: Waiting for service AtCmdFwd...
08-03 23:15:31.349 14236 14250 I art     : Explicit concurrent mark sweep GC freed 199(3KB) AllocSpace objects, 0(0B) LOS objects, 7% free, 188MB/204MB, paused 1.920ms total 80.429ms
08-03 23:15:31.807 14236 14248 I art     : Starting a blocking GC Explicit
08-03 23:15:31.892 14236 14248 I art     : Explicit concurrent mark sweep GC freed 2372(105KB) AllocSpace objects, 2(48KB) LOS objects, 7% free, 188MB/204MB, paused 2.037ms total 84.286ms
08-03 23:15:31.915 14236 14248 I art     : Starting a blocking GC Explicit
08-03 23:15:31.999 14236 14248 I art     : Explicit concurrent mark sweep GC freed 182(3KB) AllocSpace objects, 0(0B) LOS objects, 7% free, 188MB/204MB, paused 1.948ms total 83.049ms
08-03 23:15:32.022 14236 14248 I art     : Starting a blocking GC Explicit
08-03 23:15:32.110 14236 14248 I art     : Explicit concurrent mark sweep GC freed 147(2496B) AllocSpace objects, 0(0B) LOS objects, 7% free, 188MB/204MB, paused 2.443ms total 87.557ms
08-03 23:15:32.137 14236 14248 I art     : Starting a blocking GC Explicit
08-03 23:15:32.222 14236 14248 I art     : Explicit concurrent mark sweep GC freed 181(3KB) AllocSpace objects, 0(0B) LOS objects, 7% free, 188MB/204MB, paused 1.885ms total 84.819ms
08-03 23:15:32.245 14236 14248 I art     : Starting a blocking GC Explicit
08-03 23:15:32.328 14236 14248 I art     : Explicit concurrent mark sweep GC freed 221(4KB) AllocSpace objects, 0(0B) LOS objects, 7% free, 188MB/204MB, paused 2.004ms total 82.660ms
08-03 23:15:32.340 13652 13652 W Atfwd_Sendcmd: AtCmdFwd service not published, waiting... retryCnt : 1
08-03 23:15:32.393   918  3261 D WifiStateMachine: starting scan for "H369AA63323"WPA_PSK with 2412,5180
08-03 23:15:32.771 14236 14750 I art     : Starting a blocking GC Explicit
08-03 23:15:32.885 14236 14750 I art     : Explicit concurrent mark sweep GC freed 2391(105KB) AllocSpace objects, 2(48KB) LOS objects, 7% free, 188MB/204MB, paused 1.799ms total 113.607ms
08-03 23:15:32.908 14236 14750 I art     : Starting a blocking GC Explicit
08-03 23:15:32.990 14236 14750 I art     : Explicit concurrent mark sweep GC freed 173(3KB) AllocSpace objects, 0(0B) LOS objects, 7% free, 188MB/204MB, paused 1.863ms total 81.689ms
08-03 23:15:33.013 14236 14750 I art     : Starting a blocking GC Explicit
08-03 23:15:33.100 14236 14750 I art     : Explicit concurrent mark sweep GC freed 183(3KB) AllocSpace objects, 0(0B) LOS objects, 7% free, 188MB/204MB, paused 1.813ms total 86.123ms
08-03 23:15:33.124 14236 14750 I art     : Starting a blocking GC Explicit
08-03 23:15:33.210 14236 14750 I art     : Explicit concurrent mark sweep GC freed 165(3KB) AllocSpace objects, 0(0B) LOS objects, 7% free, 188MB/204MB, paused 1.958ms total 85.694ms
08-03 23:15:33.236 14236 14750 I art     : Starting a blocking GC Explicit
08-03 23:15:33.319 14236 14750 I art     : Explicit concurrent mark sweep GC freed 203(3KB) AllocSpace objects, 0(0B) LOS objects, 7% free, 188MB/204MB, paused 2.064ms total 83.334ms
08-03 23:15:33.631   518   646 I ThermalEngine: ACTION: GPU - Setting GPU[0] to 510000000
08-03 23:15:33.750 14236 16111 I art     : Starting a blocking GC Explicit
08-03 23:15:33.819 14236 16111 I art     : Explicit concurrent mark sweep GC freed 2309(103KB) AllocSpace objects, 2(48KB) LOS objects, 7% free, 188MB/204MB, paused 1.523ms total 68.920ms
08-03 23:15:33.841 14236 16111 I art     : Starting a blocking GC Explicit
08-03 23:15:33.902 14236 16111 I art     : Explicit concurrent mark sweep GC freed 147(2992B) AllocSpace objects, 0(0B) LOS objects, 7% free, 188MB/204MB, paused 1.365ms total 61.513ms
08-03 23:15:33.920 14236 16111 I art     : Starting a blocking GC Explicit
08-03 23:15:33.982 14236 16111 I art     : Explicit concurrent mark sweep GC freed 118(2016B) AllocSpace objects, 0(0B) LOS objects, 7% free, 188MB/204MB, paused 1.687ms total 61.976ms
08-03 23:15:33.999 14236 16111 I art     : Starting a blocking GC Explicit
08-03 23:15:34.061 14236 16111 I art     : Explicit concurrent mark sweep GC freed 115(1968B) AllocSpace objects, 0(0B) LOS objects, 7% free, 188MB/204MB, paused 1.440ms total 61.074ms
08-03 23:15:34.078 14236 16111 I art     : Starting a blocking GC Explicit
08-03 23:15:34.136 14236 16111 I art     : Explicit concurrent mark sweep GC freed 113(1936B) AllocSpace objects, 0(0B) LOS objects, 7% free, 188MB/204MB, paused 1.388ms total 56.983ms
08-03 23:15:34.469 17092 17092 D AndroidRuntime: >>>>>> START com.android.internal.os.RuntimeInit uid 2000 <<<<<<
08-03 23:15:34.474 17092 17092 D AndroidRuntime: CheckJNI is OFF
08-03 23:15:34.509 17092 17092 D ICU     : No timezone override file found: /data/misc/zoneinfo/current/icu/icu_tzdata.dat
08-03 23:15:34.515 14236 14255 I art     : Starting a blocking GC Explicit
08-03 23:15:34.542 17092 17092 I Radio-JNI: register_android_hardware_Radio DONE
08-03 23:15:34.565 17092 17092 D AndroidRuntime: Calling main entry com.android.commands.input.Input
08-03 23:15:34.567 17092 17092 I Input   : injectKeyEvent: KeyEvent { action=ACTION_DOWN, keyCode=KEYCODE_BACK, scanCode=0, metaState=0, flags=0x0, repeatCount=0, eventTime=659750980, downTime=659750980, deviceId=-1, source=0x101 }
08-03 23:15:34.575 17092 17092 I Input   : injectKeyEvent: KeyEvent { action=ACTION_UP, keyCode=KEYCODE_BACK, scanCode=0, metaState=0, flags=0x0, repeatCount=0, eventTime=659750980, downTime=659750980, deviceId=-1, source=0x101 }
08-03 23:15:34.580 14236 14255 I art     : Explicit concurrent mark sweep GC freed 2277(103KB) AllocSpace objects, 2(48KB) LOS objects, 7% free, 188MB/204MB, paused 1.560ms total 64.220ms
08-03 23:15:34.583 17092 17092 D AndroidRuntime: Shutting down VM
08-03 23:15:34.591 14236 14236 V MainActivity: url = https://project-travel-mate.herokuapp.com/api/number-of-unread-notifications
08-03 23:15:34.598 14236 14255 I art     : Starting a blocking GC Explicit
08-03 23:15:34.618 13866 13866 I GoogleInputMethodServic: GoogleInputMethodService.onFinishInput():3138 
08-03 23:15:34.618 13866 13866 I GoogleInputMethodServic: GoogleInputMethodService.onStartInput():1808 
08-03 23:15:34.656 14236 14255 I art     : Explicit concurrent mark sweep GC freed 515(21KB) AllocSpace objects, 0(0B) LOS objects, 7% free, 188MB/204MB, paused 1.547ms total 57.258ms
08-03 23:15:34.673 14236 14255 I art     : Starting a blocking GC Explicit
08-03 23:15:34.729 14236 14255 I art     : Explicit concurrent mark sweep GC freed 181(5KB) AllocSpace objects, 0(0B) LOS objects, 7% free, 188MB/204MB, paused 1.225ms total 55.772ms
08-03 23:15:34.746 14236 14255 I art     : Starting a blocking GC Explicit
08-03 23:15:34.800 14236 14255 I art     : Explicit concurrent mark sweep GC freed 124(2640B) AllocSpace objects, 0(0B) LOS objects, 7% free, 188MB/204MB, paused 1.331ms total 53.896ms
08-03 23:15:34.816 14236 14255 I art     : Starting a blocking GC Explicit
08-03 23:15:34.872 14236 14255 I art     : Explicit concurrent mark sweep GC freed 118(2784B) AllocSpace objects, 0(0B) LOS objects, 7% free, 188MB/204MB, paused 1.338ms total 55.961ms
08-03 23:15:34.957   380   380 W SurfaceFlinger: couldn't log to binary event log: overflow.
08-03 23:15:35.077 14236 17115 I NAPPA_EXPERIMENTATION: MetricNetworkRequestExecutionTime: REQUEST_DURATION_SYSTEM='485',REQUEST_DURATION_OKHTTP='32',REQUEST_SYNCHRONOUS='FALSE',RESPONSE_CODE='200',RESPONSE_METHOD='GET',RESPONSE_LENGTH_OKHTTP='36',RESPONSE_LENGTH_HEADER='36',REQUEST_PROTOCOL='http/1.1',REQUEST_URL='https://project-travel-mate.herokuapp.com/api/number-of-unread-notifications',
08-03 23:15:35.202 14236 14750 I art     : Starting a blocking GC Explicit
08-03 23:15:35.278 14236 14750 I art     : Explicit concurrent mark sweep GC freed 4578(244KB) AllocSpace objects, 5(248KB) LOS objects, 7% free, 188MB/204MB, paused 1.692ms total 75.730ms
08-03 23:15:35.296 14236 14750 I art     : Starting a blocking GC Explicit
08-03 23:15:35.355 14236 14750 I art     : Explicit concurrent mark sweep GC freed 7608(478KB) AllocSpace objects, 13(264KB) LOS objects, 7% free, 187MB/203MB, paused 1.551ms total 58.582ms
08-03 23:15:35.373 14236 14750 I art     : Starting a blocking GC Explicit
08-03 23:15:35.435 14236 14750 I art     : Explicit concurrent mark sweep GC freed 6(256B) AllocSpace objects, 0(0B) LOS objects, 7% free, 187MB/203MB, paused 1.416ms total 62.636ms
08-03 23:15:35.453 14236 14750 I art     : Starting a blocking GC Explicit
08-03 23:15:35.518 14236 14750 I art     : Explicit concurrent mark sweep GC freed 3(96B) AllocSpace objects, 0(0B) LOS objects, 7% free, 187MB/203MB, paused 1.573ms total 64.213ms
08-03 23:15:35.536 14236 14750 I art     : Starting a blocking GC Explicit
08-03 23:15:35.600 14236 14750 I art     : Explicit concurrent mark sweep GC freed 3(96B) AllocSpace objects, 0(0B) LOS objects, 7% free, 187MB/203MB, paused 1.452ms total 63.490ms
08-03 23:15:35.964 14236 14250 I art     : Starting a blocking GC Explicit
08-03 23:15:36.037 14236 14250 I art     : Explicit concurrent mark sweep GC freed 1589(92KB) AllocSpace objects, 2(48KB) LOS objects, 7% free, 187MB/203MB, paused 1.437ms total 72.431ms
08-03 23:15:36.055 14236 14250 I art     : Starting a blocking GC Explicit
08-03 23:15:36.114 14236 14250 I art     : Explicit concurrent mark sweep GC freed 40(1680B) AllocSpace objects, 0(0B) LOS objects, 7% free, 187MB/203MB, paused 1.425ms total 59.038ms
08-03 23:15:36.131 14236 14250 I art     : Starting a blocking GC Explicit
08-03 23:15:36.191 14236 14250 I art     : Explicit concurrent mark sweep GC freed 13(640B) AllocSpace objects, 0(0B) LOS objects, 7% free, 187MB/203MB, paused 1.469ms total 59.651ms
08-03 23:15:36.209 14236 14250 I art     : Starting a blocking GC Explicit
08-03 23:15:36.243 17133 17133 D AndroidRuntime: >>>>>> START com.android.internal.os.RuntimeInit uid 2000 <<<<<<
08-03 23:15:36.247 17133 17133 D AndroidRuntime: CheckJNI is OFF
08-03 23:15:36.267 14236 14250 I art     : Explicit concurrent mark sweep GC freed 7(224B) AllocSpace objects, 0(0B) LOS objects, 7% free, 187MB/203MB, paused 1.363ms total 58.319ms
08-03 23:15:36.283 17133 17133 D ICU     : No timezone override file found: /data/misc/zoneinfo/current/icu/icu_tzdata.dat
08-03 23:15:36.288 14236 14250 I art     : Starting a blocking GC Explicit
08-03 23:15:36.315 17133 17133 I Radio-JNI: register_android_hardware_Radio DONE
08-03 23:15:36.336 17133 17133 D AndroidRuntime: Calling main entry com.android.commands.input.Input
08-03 23:15:36.338 17133 17133 I Input   : injectMotionEvent: MotionEvent { action=ACTION_DOWN, actionButton=0, id[0]=0, x[0]=117.0, y[0]=170.0, toolType[0]=TOOL_TYPE_UNKNOWN, buttonState=0, metaState=0, flags=0x0, edgeFlags=0x0, pointerCount=1, historySize=0, eventTime=659752750, downTime=659752750, deviceId=0, source=0x1002 }
08-03 23:15:36.343 14236 14250 I art     : Explicit concurrent mark sweep GC freed 46(1264B) AllocSpace objects, 0(0B) LOS objects, 7% free, 187MB/203MB, paused 1.574ms total 54.956ms
08-03 23:15:36.354 17133 17133 I Input   : injectMotionEvent: MotionEvent { action=ACTION_UP, actionButton=0, id[0]=0, x[0]=117.0, y[0]=170.0, toolType[0]=TOOL_TYPE_UNKNOWN, buttonState=0, metaState=0, flags=0x0, edgeFlags=0x0, pointerCount=1, historySize=0, eventTime=659752750, downTime=659752750, deviceId=0, source=0x1002 }
08-03 23:15:36.383 17133 17133 D AndroidRuntime: Shutting down VM
08-03 23:15:36.413   512  2967 D audio_hw_primary: out_set_parameters: enter: usecase(1: low-latency-playback) kvpairs: routing=2
08-03 23:15:36.425   512  2967 D audio_hw_primary: select_devices: out_snd_device(2: speaker) in_snd_device(0: none)
08-03 23:15:36.425   512  2967 D msm8974_platform: platform_send_audio_calibration: sending audio calibration for snd_device(2) acdb_id(15)
08-03 23:15:36.426   512  2967 I soundtrigger: audio_extn_sound_trigger_update_device_status: device 0x2 of type 0 for Event 1
08-03 23:15:36.435   512  2967 D audio_hw_primary: enable_snd_device: snd_device(2: speaker)
08-03 23:15:36.437   512  2967 D audio_hw_primary: enable_audio_route: apply and update mixer path: low-latency-playback speaker
08-03 23:15:36.679 14236 16111 I art     : Starting a blocking GC Explicit
08-03 23:15:36.734 14236 16111 I art     : Explicit concurrent mark sweep GC freed 2020(113KB) AllocSpace objects, 2(48KB) LOS objects, 7% free, 187MB/203MB, paused 1.420ms total 54.960ms
08-03 23:15:36.753 14236 16111 I art     : Starting a blocking GC Explicit
08-03 23:15:36.809 14236 16111 I art     : Explicit concurrent mark sweep GC freed 54(2176B) AllocSpace objects, 0(0B) LOS objects, 7% free, 187MB/203MB, paused 1.363ms total 55.241ms
08-03 23:15:36.825 14236 16111 I art     : Starting a blocking GC Explicit
08-03 23:15:36.880 14236 16111 I art     : Explicit concurrent mark sweep GC freed 12(416B) AllocSpace objects, 0(0B) LOS objects, 7% free, 187MB/203MB, paused 1.445ms total 54.802ms
08-03 23:15:36.897 14236 16111 I art     : Starting a blocking GC Explicit
08-03 23:15:36.953 14236 16111 I art     : Explicit concurrent mark sweep GC freed 31(1376B) AllocSpace objects, 0(0B) LOS objects, 7% free, 187MB/203MB, paused 1.221ms total 55.432ms
08-03 23:15:36.968   512  2967 D audio_hw_primary: disable_audio_route: reset and update mixer path: low-latency-playback speaker
08-03 23:15:36.969 14236 16111 I art     : Starting a blocking GC Explicit
08-03 23:15:36.969   512  2967 D audio_hw_primary: disable_snd_device: snd_device(2: speaker)
08-03 23:15:36.977   512  2967 I soundtrigger: audio_extn_sound_trigger_update_device_status: device 0x2 of type 0 for Event 0
08-03 23:15:37.019 17162 17162 D AndroidRuntime: >>>>>> START com.android.internal.os.RuntimeInit uid 2000 <<<<<<
08-03 23:15:37.021 14236 16111 I art     : Explicit concurrent mark sweep GC freed 31(960B) AllocSpace objects, 0(0B) LOS objects, 7% free, 187MB/203MB, paused 1.314ms total 52.494ms
08-03 23:15:37.023 17162 17162 D AndroidRuntime: CheckJNI is OFF
08-03 23:15:37.055 17162 17162 D ICU     : No timezone override file found: /data/misc/zoneinfo/current/icu/icu_tzdata.dat
08-03 23:15:37.086 17162 17162 I Radio-JNI: register_android_hardware_Radio DONE
08-03 23:15:37.107 17162 17162 D AndroidRuntime: Calling main entry com.android.commands.input.Input
08-03 23:15:37.109 17162 17162 I Input   : injectMotionEvent: MotionEvent { action=ACTION_DOWN, actionButton=0, id[0]=0, x[0]=405.0, y[0]=661.0, toolType[0]=TOOL_TYPE_UNKNOWN, buttonState=0, metaState=0, flags=0x0, edgeFlags=0x0, pointerCount=1, historySize=0, eventTime=659753522, downTime=659753522, deviceId=0, source=0x1002 }
08-03 23:15:37.114 17162 17162 I Input   : injectMotionEvent: MotionEvent { action=ACTION_UP, actionButton=0, id[0]=0, x[0]=405.0, y[0]=661.0, toolType[0]=TOOL_TYPE_UNKNOWN, buttonState=0, metaState=0, flags=0x0, edgeFlags=0x0, pointerCount=1, historySize=0, eventTime=659753522, downTime=659753522, deviceId=0, source=0x1002 }
08-03 23:15:37.116 17162 17162 D AndroidRuntime: Shutting down VM
08-03 23:15:37.134   512  2967 D audio_hw_primary: out_set_parameters: enter: usecase(1: low-latency-playback) kvpairs: routing=2
08-03 23:15:37.147   512  2967 D audio_hw_primary: select_devices: out_snd_device(2: speaker) in_snd_device(0: none)
08-03 23:15:37.147   512  2967 D msm8974_platform: platform_send_audio_calibration: sending audio calibration for snd_device(2) acdb_id(15)
08-03 23:15:37.147   512  2967 I soundtrigger: audio_extn_sound_trigger_update_device_status: device 0x2 of type 0 for Event 1
08-03 23:15:37.158   512  2967 D audio_hw_primary: enable_snd_device: snd_device(2: speaker)
08-03 23:15:37.160   512  2967 D audio_hw_primary: enable_audio_route: apply and update mixer path: low-latency-playback speaker
08-03 23:15:37.201   512  2967 D AudioFlinger: mixer(0xf4740000) throttle end: throttle time(12)
08-03 23:15:37.341 13652 13652 I ServiceManager: Waiting for service AtCmdFwd...
08-03 23:15:37.351 14236 16111 I art     : Starting a blocking GC Explicit
08-03 23:15:37.422 14236 16111 I art     : Explicit concurrent mark sweep GC freed 3613(163KB) AllocSpace objects, 11(300KB) LOS objects, 7% free, 187MB/203MB, paused 1.420ms total 70.363ms
08-03 23:15:37.444 14236 16111 I art     : Starting a blocking GC Explicit
08-03 23:15:37.511 14236 16111 I art     : Explicit concurrent mark sweep GC freed 908(51KB) AllocSpace objects, 0(0B) LOS objects, 7% free, 187MB/203MB, paused 1.501ms total 66.909ms
08-03 23:15:37.529 14236 16111 I art     : Starting a blocking GC Explicit
08-03 23:15:37.590 14236 16111 I art     : Explicit concurrent mark sweep GC freed 27(864B) AllocSpace objects, 0(0B) LOS objects, 7% free, 187MB/203MB, paused 1.596ms total 60.936ms
08-03 23:15:37.609 14236 16111 I art     : Starting a blocking GC Explicit
08-03 23:15:37.639   518   646 I ThermalEngine: ACTION: GPU - Setting GPU[0] to 450000000
08-03 23:15:37.676 14236 16111 I art     : Explicit concurrent mark sweep GC freed 3(96B) AllocSpace objects, 0(0B) LOS objects, 7% free, 187MB/203MB, paused 1.751ms total 66.592ms
08-03 23:15:37.699   512  2967 D audio_hw_primary: disable_audio_route: reset and update mixer path: low-latency-playback speaker
08-03 23:15:37.699 14236 16111 I art     : Starting a blocking GC Explicit
08-03 23:15:37.701   512  2967 D audio_hw_primary: disable_snd_device: snd_device(2: speaker)
08-03 23:15:37.708   512  2967 I soundtrigger: audio_extn_sound_trigger_update_device_status: device 0x2 of type 0 for Event 0
08-03 23:15:37.777 14236 16111 I art     : Explicit concurrent mark sweep GC freed 3(96B) AllocSpace objects, 0(0B) LOS objects, 7% free, 187MB/203MB, paused 1.802ms total 77.265ms
08-03 23:15:38.206 14236 14255 I art     : Starting a blocking GC Explicit
08-03 23:15:38.311 14236 14255 I art     : Explicit concurrent mark sweep GC freed 1639(93KB) AllocSpace objects, 2(48KB) LOS objects, 7% free, 187MB/203MB, paused 2.140ms total 103.491ms
08-03 23:15:38.338 14236 14255 I art     : Starting a blocking GC Explicit
08-03 23:15:38.341 13652 13652 I ServiceManager: Waiting for service AtCmdFwd...
08-03 23:15:38.417 14236 14255 I art     : Explicit concurrent mark sweep GC freed 50(2352B) AllocSpace objects, 0(0B) LOS objects, 7% free, 187MB/203MB, paused 1.744ms total 77.825ms
08-03 23:15:38.440 14236 14255 I art     : Starting a blocking GC Explicit
08-03 23:15:38.520 14236 14255 I art     : Explicit concurrent mark sweep GC freed 3(96B) AllocSpace objects, 0(0B) LOS objects, 7% free, 187MB/203MB, paused 1.921ms total 80.409ms
08-03 23:15:38.547 14236 14255 I art     : Starting a blocking GC Explicit
08-03 23:15:38.632 14236 14255 I art     : Explicit concurrent mark sweep GC freed 3(96B) AllocSpace objects, 0(0B) LOS objects, 7% free, 187MB/203MB, paused 2.039ms total 84.976ms
08-03 23:15:38.657 14236 14255 I art     : Starting a blocking GC Explicit
08-03 23:15:38.741 14236 14255 I art     : Explicit concurrent mark sweep GC freed 3(96B) AllocSpace objects, 0(0B) LOS objects, 7% free, 187MB/203MB, paused 2.004ms total 83.696ms
08-03 23:15:39.201 14236 14750 I art     : Starting a blocking GC Explicit
08-03 23:15:39.312 14236 14750 I art     : Explicit concurrent mark sweep GC freed 1639(93KB) AllocSpace objects, 2(48KB) LOS objects, 7% free, 187MB/203MB, paused 2.097ms total 110.136ms
08-03 23:15:39.339 14236 14750 I art     : Starting a blocking GC Explicit
08-03 23:15:39.342 13652 13652 I ServiceManager: Waiting for service AtCmdFwd...
08-03 23:15:39.416 14236 14750 I art     : Explicit concurrent mark sweep GC freed 39(1600B) AllocSpace objects, 0(0B) LOS objects, 7% free, 187MB/203MB, paused 1.636ms total 76.590ms
08-03 23:15:39.438 14236 14750 I art     : Starting a blocking GC Explicit
08-03 23:15:39.513 14236 14750 I art     : Explicit concurrent mark sweep GC freed 3(96B) AllocSpace objects, 0(0B) LOS objects, 7% free, 187MB/203MB, paused 1.743ms total 74.311ms
08-03 23:15:39.536 14236 14750 I art     : Starting a blocking GC Explicit
08-03 23:15:39.617 14236 14750 I art     : Explicit concurrent mark sweep GC freed 3(96B) AllocSpace objects, 0(0B) LOS objects, 7% free, 187MB/203MB, paused 1.954ms total 80.461ms
08-03 23:15:39.617 14236 14247 I art     : WaitForGcToComplete blocked for 36.067ms for cause HeapTrim
08-03 23:15:39.640 14236 14750 I art     : Starting a blocking GC Explicit
08-03 23:15:39.721 14236 14750 I art     : Explicit concurrent mark sweep GC freed 3(96B) AllocSpace objects, 0(0B) LOS objects, 7% free, 187MB/203MB, paused 1.901ms total 80.915ms
08-03 23:15:39.916 17203 17203 D AndroidRuntime: >>>>>> START com.android.internal.os.RuntimeInit uid 2000 <<<<<<
08-03 23:15:39.923 17203 17203 D AndroidRuntime: CheckJNI is OFF
08-03 23:15:39.968 17203 17203 D ICU     : No timezone override file found: /data/misc/zoneinfo/current/icu/icu_tzdata.dat
08-03 23:15:40.010 17203 17203 I Radio-JNI: register_android_hardware_Radio DONE
08-03 23:15:40.039 17203 17203 D AndroidRuntime: Calling main entry com.android.commands.input.Input
08-03 23:15:40.042 17203 17203 I Input   : injectMotionEvent: MotionEvent { action=ACTION_DOWN, actionButton=0, id[0]=0, x[0]=1341.0, y[0]=197.0, toolType[0]=TOOL_TYPE_UNKNOWN, buttonState=0, metaState=0, flags=0x0, edgeFlags=0x0, pointerCount=1, historySize=0, eventTime=659756454, downTime=659756454, deviceId=0, source=0x1002 }
08-03 23:15:40.046 17203 17203 I Input   : injectMotionEvent: MotionEvent { action=ACTION_UP, actionButton=0, id[0]=0, x[0]=1341.0, y[0]=197.0, toolType[0]=TOOL_TYPE_UNKNOWN, buttonState=0, metaState=0, flags=0x0, edgeFlags=0x0, pointerCount=1, historySize=0, eventTime=659756454, downTime=659756454, deviceId=0, source=0x1002 }
08-03 23:15:40.048 17203 17203 D AndroidRuntime: Shutting down VM
08-03 23:15:40.063   918  3359 I ActivityManager: START u0 {cmp=baseline.io.github.project_travel_mate/.notifications.NotificationsActivity} from uid 10650 on display 0
08-03 23:15:40.064   512  2967 D audio_hw_primary: out_set_parameters: enter: usecase(1: low-latency-playback) kvpairs: routing=2
08-03 23:15:40.077   512  2967 D audio_hw_primary: select_devices: out_snd_device(2: speaker) in_snd_device(0: none)
08-03 23:15:40.077   512  2967 D msm8974_platform: platform_send_audio_calibration: sending audio calibration for snd_device(2) acdb_id(15)
08-03 23:15:40.078   512  2967 I soundtrigger: audio_extn_sound_trigger_update_device_status: device 0x2 of type 0 for Event 1
08-03 23:15:40.088   512  2967 D audio_hw_primary: enable_snd_device: snd_device(2: speaker)
08-03 23:15:40.090   512  2967 D audio_hw_primary: enable_audio_route: apply and update mixer path: low-latency-playback speaker
08-03 23:15:40.106 14236 14302 D Gabe    : call	returning from cache
08-03 23:15:40.112 14236 14236 V EXECUTING: https://project-travel-mate.herokuapp.com/api/get-notifications
08-03 23:15:40.115 14236 14236 V EXECUTING: https://project-travel-mate.herokuapp.com/api/get-notifications
08-03 23:15:40.157 14236 14255 I art     : Starting a blocking GC Explicit
08-03 23:15:40.229 14236 14255 I art     : Explicit concurrent mark sweep GC freed 3616(209KB) AllocSpace objects, 2(48KB) LOS objects, 7% free, 192MB/208MB, paused 2.115ms total 71.252ms
08-03 23:15:40.251 14236 14255 I art     : Starting a blocking GC Explicit
08-03 23:15:40.287 13866 13866 I GoogleInputMethodServic: GoogleInputMethodService.onFinishInput():3138 
08-03 23:15:40.287 13866 13866 I GoogleInputMethodServic: GoogleInputMethodService.onStartInput():1808 
08-03 23:15:40.288   918   936 I ActivityManager: Displayed baseline.io.github.project_travel_mate/.notifications.NotificationsActivity: +212ms
08-03 23:15:40.325 14236 14255 I art     : Explicit concurrent mark sweep GC freed 491(19KB) AllocSpace objects, 0(0B) LOS objects, 7% free, 192MB/208MB, paused 2.187ms total 73.793ms
08-03 23:15:40.343 13652 13652 I ServiceManager: Waiting for service AtCmdFwd...
08-03 23:15:40.349 14236 14255 I art     : Starting a blocking GC Explicit
08-03 23:15:40.386 14236 14252 D OpenGLRenderer: endAllStagingAnimators on 0x7f778be800 (RippleDrawable) with handle 0x7f7b429000
08-03 23:15:40.419 14236 14255 I art     : Explicit concurrent mark sweep GC freed 163(4KB) AllocSpace objects, 0(0B) LOS objects, 7% free, 192MB/208MB, paused 1.878ms total 70.134ms
08-03 23:15:40.440 14236 14255 I art     : Starting a blocking GC Explicit
08-03 23:15:40.521 14236 14255 I art     : Explicit concurrent mark sweep GC freed 1980(136KB) AllocSpace objects, 4(240KB) LOS objects, 7% free, 192MB/208MB, paused 3.499ms total 80.689ms
08-03 23:15:40.530   380   380 W SurfaceFlinger: couldn't log to binary event log: overflow.
08-03 23:15:40.549 14236 14255 I art     : Starting a blocking GC Explicit
08-03 23:15:40.574 14236 17228 I NAPPA_EXPERIMENTATION: MetricNetworkRequestExecutionTime: REQUEST_DURATION_SYSTEM='457',REQUEST_DURATION_OKHTTP='31',REQUEST_SYNCHRONOUS='FALSE',RESPONSE_CODE='200',RESPONSE_METHOD='GET',RESPONSE_LENGTH_OKHTTP='2',RESPONSE_LENGTH_HEADER='2',REQUEST_PROTOCOL='http/1.1',REQUEST_URL='https://project-travel-mate.herokuapp.com/api/get-notifications',
08-03 23:15:40.591 14236 17227 I NAPPA_EXPERIMENTATION: MetricNetworkRequestExecutionTime: REQUEST_DURATION_SYSTEM='478',REQUEST_DURATION_OKHTTP='50',REQUEST_SYNCHRONOUS='FALSE',RESPONSE_CODE='200',RESPONSE_METHOD='GET',RESPONSE_LENGTH_OKHTTP='2',RESPONSE_LENGTH_HEADER='2',REQUEST_PROTOCOL='http/1.1',REQUEST_URL='https://project-travel-mate.herokuapp.com/api/get-notifications',
08-03 23:15:40.609 14236 14236 V Response: [] 
08-03 23:15:40.618 14236 14302 D Gabe    : call	returning from cache
08-03 23:15:40.620 14236 14255 I art     : Explicit concurrent mark sweep GC freed 4825(290KB) AllocSpace objects, 2(160KB) LOS objects, 7% free, 192MB/208MB, paused 2.141ms total 70.639ms
08-03 23:15:40.628   512  2967 D audio_hw_primary: disable_audio_route: reset and update mixer path: low-latency-playback speaker
08-03 23:15:40.631   512  2967 D audio_hw_primary: disable_snd_device: snd_device(2: speaker)
08-03 23:15:40.634 14236 14236 V Response: [] 
08-03 23:15:40.639 14236 14302 D Gabe    : call	returning from cache
08-03 23:15:40.639   512  2967 I soundtrigger: audio_extn_sound_trigger_update_device_status: device 0x2 of type 0 for Event 0
08-03 23:15:41.028 14236 14750 I art     : Starting a blocking GC Explicit
08-03 23:15:41.098 14236 14750 I art     : Explicit concurrent mark sweep GC freed 7245(336KB) AllocSpace objects, 2(48KB) LOS objects, 7% free, 192MB/208MB, paused 1.605ms total 69.811ms
08-03 23:15:41.120 14236 14750 I art     : Starting a blocking GC Explicit
08-03 23:15:41.187 14236 14750 I art     : Explicit concurrent mark sweep GC freed 2613(103KB) AllocSpace objects, 0(0B) LOS objects, 7% free, 192MB/208MB, paused 1.700ms total 66.677ms
08-03 23:15:41.208 14236 14750 I art     : Starting a blocking GC Explicit
08-03 23:15:41.272 14236 14750 I art     : Explicit concurrent mark sweep GC freed 429(8KB) AllocSpace objects, 0(0B) LOS objects, 7% free, 192MB/208MB, paused 1.670ms total 63.911ms
08-03 23:15:41.293 14236 14750 I art     : Starting a blocking GC Explicit
08-03 23:15:41.343 13652 13652 I ServiceManager: Waiting for service AtCmdFwd...
08-03 23:15:41.357 14236 14750 I art     : Explicit concurrent mark sweep GC freed 408(7KB) AllocSpace objects, 0(0B) LOS objects, 7% free, 192MB/208MB, paused 1.650ms total 63.841ms
08-03 23:15:41.374 13225 13394 E GoogleConversionReporter: Error sending ping
08-03 23:15:41.374 13225 13394 E GoogleConversionReporter: bljc: Exception in CronetUrlRequest: net::ERR_CONNECTION_CLOSED, ErrorCode=5, InternalErrorCode=-100, Retryable=true
08-03 23:15:41.374 13225 13394 E GoogleConversionReporter: 	at org.chromium.net.impl.CronetUrlRequest.onError(PG:55)
08-03 23:15:41.378 14236 14750 I art     : Starting a blocking GC Explicit
08-03 23:15:41.442 14236 14750 I art     : Explicit concurrent mark sweep GC freed 354(5KB) AllocSpace objects, 0(0B) LOS objects, 7% free, 192MB/208MB, paused 1.565ms total 63.634ms
08-03 23:15:41.848 14236 14248 I art     : Starting a blocking GC Explicit
08-03 23:15:41.917 14236 14248 I art     : Explicit concurrent mark sweep GC freed 3584(124KB) AllocSpace objects, 2(48KB) LOS objects, 7% free, 192MB/208MB, paused 1.600ms total 68.408ms
08-03 23:15:41.938 14236 14248 I art     : Starting a blocking GC Explicit
08-03 23:15:42.003 14236 14248 I art     : Explicit concurrent mark sweep GC freed 422(7KB) AllocSpace objects, 0(0B) LOS objects, 7% free, 192MB/208MB, paused 1.733ms total 64.846ms
08-03 23:15:42.025 14236 14248 I art     : Starting a blocking GC Explicit
08-03 23:15:42.091 14236 14248 I art     : Explicit concurrent mark sweep GC freed 412(7KB) AllocSpace objects, 0(0B) LOS objects, 7% free, 192MB/208MB, paused 1.682ms total 65.426ms
08-03 23:15:42.112 14236 14248 I art     : Starting a blocking GC Explicit
08-03 23:15:42.180 14236 14248 I art     : Explicit concurrent mark sweep GC freed 364(6KB) AllocSpace objects, 0(0B) LOS objects, 7% free, 192MB/208MB, paused 1.607ms total 68.165ms
08-03 23:15:42.203 14236 14248 I art     : Starting a blocking GC Explicit
08-03 23:15:42.270 14236 14248 I art     : Explicit concurrent mark sweep GC freed 370(5KB) AllocSpace objects, 0(0B) LOS objects, 7% free, 192MB/208MB, paused 1.862ms total 67.096ms
08-03 23:15:42.344 13652 13652 W Atfwd_Sendcmd: AtCmdFwd service not published, waiting... retryCnt : 2
08-03 23:15:42.677 14236 14250 I art     : Starting a blocking GC Explicit
08-03 23:15:42.749 14236 14250 I art     : Explicit concurrent mark sweep GC freed 3641(125KB) AllocSpace objects, 2(48KB) LOS objects, 7% free, 192MB/208MB, paused 1.658ms total 71.751ms
08-03 23:15:42.771 14236 14250 I art     : Starting a blocking GC Explicit
08-03 23:15:42.841 14236 14250 I art     : Explicit concurrent mark sweep GC freed 385(6KB) AllocSpace objects, 0(0B) LOS objects, 7% free, 192MB/208MB, paused 1.706ms total 69.030ms
08-03 23:15:42.862 14236 14250 I art     : Starting a blocking GC Explicit
08-03 23:15:42.932 14236 14250 I art     : Explicit concurrent mark sweep GC freed 416(6KB) AllocSpace objects, 0(0B) LOS objects, 7% free, 192MB/208MB, paused 1.757ms total 69.085ms
08-03 23:15:42.953 14236 14250 I art     : Starting a blocking GC Explicit
08-03 23:15:43.023 14236 14250 I art     : Explicit concurrent mark sweep GC freed 362(5KB) AllocSpace objects, 0(0B) LOS objects, 7% free, 192MB/208MB, paused 1.713ms total 69.252ms
08-03 23:15:43.045 14236 14250 I art     : Starting a blocking GC Explicit
08-03 23:15:43.113 14236 14250 I art     : Explicit concurrent mark sweep GC freed 414(6KB) AllocSpace objects, 0(0B) LOS objects, 7% free, 192MB/208MB, paused 1.797ms total 67.799ms
08-03 23:15:43.520 14236 14750 I art     : Starting a blocking GC Explicit
08-03 23:15:43.587 14236 14750 I art     : Explicit concurrent mark sweep GC freed 3623(125KB) AllocSpace objects, 2(48KB) LOS objects, 7% free, 192MB/208MB, paused 2.085ms total 67.242ms
08-03 23:15:43.608 14236 14750 I art     : Starting a blocking GC Explicit
08-03 23:15:43.673 14236 14750 I art     : Explicit concurrent mark sweep GC freed 447(8KB) AllocSpace objects, 0(0B) LOS objects, 7% free, 192MB/208MB, paused 1.672ms total 64.805ms
08-03 23:15:43.694 14236 14750 I art     : Starting a blocking GC Explicit
08-03 23:15:43.761 14236 14750 I art     : Explicit concurrent mark sweep GC freed 374(5KB) AllocSpace objects, 0(0B) LOS objects, 7% free, 192MB/208MB, paused 1.812ms total 66.714ms
08-03 23:15:43.783 14236 14750 I art     : Starting a blocking GC Explicit
08-03 23:15:43.849 14236 14750 I art     : Explicit concurrent mark sweep GC freed 356(5KB) AllocSpace objects, 0(0B) LOS objects, 7% free, 192MB/208MB, paused 2.016ms total 65.307ms
08-03 23:15:43.870 14236 14750 I art     : Starting a blocking GC Explicit
08-03 23:15:43.936 14236 14750 I art     : Explicit concurrent mark sweep GC freed 363(5KB) AllocSpace objects, 0(0B) LOS objects, 7% free, 192MB/208MB, paused 1.704ms total 65.256ms
08-03 23:15:44.351 14236 14255 I art     : Starting a blocking GC Explicit
08-03 23:15:44.418 14236 14255 I art     : Explicit concurrent mark sweep GC freed 3733(128KB) AllocSpace objects, 2(48KB) LOS objects, 7% free, 192MB/208MB, paused 1.818ms total 67.457ms
08-03 23:15:44.440 14236 14255 I art     : Starting a blocking GC Explicit
08-03 23:15:44.504 14236 14255 I art     : Explicit concurrent mark sweep GC freed 556(17KB) AllocSpace objects, 0(0B) LOS objects, 7% free, 192MB/208MB, paused 1.715ms total 64.518ms
08-03 23:15:44.525 14236 14255 I art     : Starting a blocking GC Explicit
08-03 23:15:44.594 14236 14255 I art     : Explicit concurrent mark sweep GC freed 345(5KB) AllocSpace objects, 0(0B) LOS objects, 7% free, 192MB/208MB, paused 1.730ms total 68.778ms
08-03 23:15:44.616 14236 14255 I art     : Starting a blocking GC Explicit
08-03 23:15:44.683 14236 14255 I art     : Explicit concurrent mark sweep GC freed 422(6KB) AllocSpace objects, 0(0B) LOS objects, 7% free, 192MB/208MB, paused 1.549ms total 66.292ms
08-03 23:15:44.704 14236 14255 I art     : Starting a blocking GC Explicit
08-03 23:15:44.769 14236 14255 I art     : Explicit concurrent mark sweep GC freed 357(5KB) AllocSpace objects, 0(0B) LOS objects, 7% free, 192MB/208MB, paused 1.703ms total 64.462ms
08-03 23:15:44.769 14236 14247 I art     : WaitForGcToComplete blocked for 47.603ms for cause HeapTrim
08-03 23:15:44.801 17283 17283 D AndroidRuntime: >>>>>> START com.android.internal.os.RuntimeInit uid 2000 <<<<<<
08-03 23:15:44.806 17283 17283 D AndroidRuntime: CheckJNI is OFF
08-03 23:15:44.844 17283 17283 D ICU     : No timezone override file found: /data/misc/zoneinfo/current/icu/icu_tzdata.dat
08-03 23:15:44.884 17283 17283 I Radio-JNI: register_android_hardware_Radio DONE
08-03 23:15:44.911 17283 17283 D AndroidRuntime: Calling main entry com.android.commands.input.Input
08-03 23:15:44.913 17283 17283 I Input   : injectKeyEvent: KeyEvent { action=ACTION_DOWN, keyCode=KEYCODE_BACK, scanCode=0, metaState=0, flags=0x0, repeatCount=0, eventTime=659761326, downTime=659761326, deviceId=-1, source=0x101 }
08-03 23:15:44.933 17283 17283 I Input   : injectKeyEvent: KeyEvent { action=ACTION_UP, keyCode=KEYCODE_BACK, scanCode=0, metaState=0, flags=0x0, repeatCount=0, eventTime=659761326, downTime=659761326, deviceId=-1, source=0x101 }
08-03 23:15:44.948 17283 17283 D AndroidRuntime: Shutting down VM
08-03 23:15:44.957 14236 14236 V MainActivity: url = https://project-travel-mate.herokuapp.com/api/number-of-unread-notifications
08-03 23:15:44.996 13866 13866 I GoogleInputMethodServic: GoogleInputMethodService.onFinishInput():3138 
08-03 23:15:44.997 13866 13866 I GoogleInputMethodServic: GoogleInputMethodService.onStartInput():1808 
08-03 23:15:45.168 14236 14750 I art     : Starting a blocking GC Explicit
08-03 23:15:45.261 14236 14750 I art     : Explicit concurrent mark sweep GC freed 3229(134KB) AllocSpace objects, 2(48KB) LOS objects, 7% free, 192MB/208MB, paused 2.442ms total 92.820ms
08-03 23:15:45.266   918 13198 D NetlinkSocketObserver: NeighborEvent{elapsedMs=1643149141, 192.168.2.254, [7C3953A63323], RTM_NEWNEIGH, NUD_STALE}
08-03 23:15:45.284 14236 14750 I art     : Starting a blocking GC Explicit
08-03 23:15:45.285   380   380 W SurfaceFlinger: couldn't log to binary event log: overflow.
08-03 23:15:45.359 14236 14750 I art     : Explicit concurrent mark sweep GC freed 168(5KB) AllocSpace objects, 1(4MB) LOS objects, 7% free, 188MB/204MB, paused 1.814ms total 74.187ms
08-03 23:15:45.382 14236 14750 I art     : Starting a blocking GC Explicit
08-03 23:15:45.461 14236 14750 I art     : Explicit concurrent mark sweep GC freed 3300(158KB) AllocSpace objects, 2(56KB) LOS objects, 7% free, 187MB/203MB, paused 1.889ms total 79.711ms
08-03 23:15:45.485 14236 14750 I art     : Starting a blocking GC Explicit
08-03 23:15:45.538 14236 17302 I NAPPA_EXPERIMENTATION: MetricNetworkRequestExecutionTime: REQUEST_DURATION_SYSTEM='580',REQUEST_DURATION_OKHTTP='32',REQUEST_SYNCHRONOUS='FALSE',RESPONSE_CODE='200',RESPONSE_METHOD='GET',RESPONSE_LENGTH_OKHTTP='36',RESPONSE_LENGTH_HEADER='36',REQUEST_PROTOCOL='http/1.1',REQUEST_URL='https://project-travel-mate.herokuapp.com/api/number-of-unread-notifications',
08-03 23:15:45.559 14236 14750 I art     : Explicit concurrent mark sweep GC freed 3102(162KB) AllocSpace objects, 2(120KB) LOS objects, 7% free, 188MB/204MB, paused 1.806ms total 73.995ms
08-03 23:15:45.582 14236 14750 I art     : Starting a blocking GC Explicit
08-03 23:15:45.663 14236 14750 I art     : Explicit concurrent mark sweep GC freed 1071(121KB) AllocSpace objects, 1(80KB) LOS objects, 7% free, 187MB/203MB, paused 1.869ms total 80.779ms
08-03 23:15:46.097 14236 14250 I art     : Starting a blocking GC Explicit
08-03 23:15:46.196 14236 14250 I art     : Explicit concurrent mark sweep GC freed 1595(92KB) AllocSpace objects, 2(48KB) LOS objects, 7% free, 187MB/203MB, paused 1.676ms total 99.231ms
08-03 23:15:46.219 14236 14250 I art     : Starting a blocking GC Explicit
08-03 23:15:46.294 14236 14250 I art     : Explicit concurrent mark sweep GC freed 66(2032B) AllocSpace objects, 0(0B) LOS objects, 7% free, 187MB/203MB, paused 1.839ms total 74.296ms
08-03 23:15:46.317 14236 14250 I art     : Starting a blocking GC Explicit
08-03 23:15:46.394 14236 14250 I art     : Explicit concurrent mark sweep GC freed 4(128B) AllocSpace objects, 0(0B) LOS objects, 7% free, 187MB/203MB, paused 1.767ms total 76.879ms
08-03 23:15:46.416 14236 14250 I art     : Starting a blocking GC Explicit
08-03 23:15:46.494 14236 14250 I art     : Explicit concurrent mark sweep GC freed 3(96B) AllocSpace objects, 0(0B) LOS objects, 7% free, 187MB/203MB, paused 1.852ms total 77ms
08-03 23:15:46.517 14236 14250 I art     : Starting a blocking GC Explicit
08-03 23:15:46.591 14236 14250 I art     : Explicit concurrent mark sweep GC freed 3(96B) AllocSpace objects, 0(0B) LOS objects, 7% free, 187MB/203MB, paused 1.869ms total 74.087ms
08-03 23:15:46.731 17319 17319 D AndroidRuntime: >>>>>> START com.android.internal.os.RuntimeInit uid 2000 <<<<<<
08-03 23:15:46.738 17319 17319 D AndroidRuntime: CheckJNI is OFF
08-03 23:15:46.780 17319 17319 D ICU     : No timezone override file found: /data/misc/zoneinfo/current/icu/icu_tzdata.dat
08-03 23:15:46.823 17319 17319 I Radio-JNI: register_android_hardware_Radio DONE
08-03 23:15:46.852 17319 17319 D AndroidRuntime: Calling main entry com.android.commands.input.Input
08-03 23:15:46.854 17319 17319 I Input   : injectMotionEvent: MotionEvent { action=ACTION_DOWN, actionButton=0, id[0]=0, x[0]=117.0, y[0]=170.0, toolType[0]=TOOL_TYPE_UNKNOWN, buttonState=0, metaState=0, flags=0x0, edgeFlags=0x0, pointerCount=1, historySize=0, eventTime=659763267, downTime=659763267, deviceId=0, source=0x1002 }
08-03 23:15:46.859 17319 17319 I Input   : injectMotionEvent: MotionEvent { action=ACTION_UP, actionButton=0, id[0]=0, x[0]=117.0, y[0]=170.0, toolType[0]=TOOL_TYPE_UNKNOWN, buttonState=0, metaState=0, flags=0x0, edgeFlags=0x0, pointerCount=1, historySize=0, eventTime=659763267, downTime=659763267, deviceId=0, source=0x1002 }
08-03 23:15:46.862 17319 17319 D AndroidRuntime: Shutting down VM
08-03 23:15:46.878   512  2967 D audio_hw_primary: out_set_parameters: enter: usecase(1: low-latency-playback) kvpairs: routing=2
08-03 23:15:46.891   512  2967 D audio_hw_primary: select_devices: out_snd_device(2: speaker) in_snd_device(0: none)
08-03 23:15:46.891   512  2967 D msm8974_platform: platform_send_audio_calibration: sending audio calibration for snd_device(2) acdb_id(15)
08-03 23:15:46.892   512  2967 I soundtrigger: audio_extn_sound_trigger_update_device_status: device 0x2 of type 0 for Event 1
08-03 23:15:46.902   512  2967 D audio_hw_primary: enable_snd_device: snd_device(2: speaker)
08-03 23:15:46.904   512  2967 D audio_hw_primary: enable_audio_route: apply and update mixer path: low-latency-playback speaker
08-03 23:15:47.041 14236 14255 I art     : Starting a blocking GC Explicit
08-03 23:15:47.125 14236 14255 I art     : Explicit concurrent mark sweep GC freed 1998(112KB) AllocSpace objects, 2(48KB) LOS objects, 7% free, 187MB/203MB, paused 1.761ms total 82.996ms
08-03 23:15:47.147 14236 14255 I art     : Starting a blocking GC Explicit
08-03 23:15:47.219 14236 14255 I art     : Explicit concurrent mark sweep GC freed 65(2800B) AllocSpace objects, 0(0B) LOS objects, 7% free, 187MB/203MB, paused 2.090ms total 71.910ms
08-03 23:15:47.242 14236 14255 I art     : Starting a blocking GC Explicit
08-03 23:15:47.317 14236 14255 I art     : Explicit concurrent mark sweep GC freed 56(1840B) AllocSpace objects, 0(0B) LOS objects, 7% free, 187MB/203MB, paused 1.862ms total 74.594ms
08-03 23:15:47.340 14236 14255 I art     : Starting a blocking GC Explicit
08-03 23:15:47.411 14236 14255 I art     : Explicit concurrent mark sweep GC freed 9(288B) AllocSpace objects, 0(0B) LOS objects, 7% free, 187MB/203MB, paused 1.710ms total 70.112ms
08-03 23:15:47.433 14236 14255 I art     : Starting a blocking GC Explicit
08-03 23:15:47.438   512  2967 D audio_hw_primary: disable_audio_route: reset and update mixer path: low-latency-playback speaker
08-03 23:15:47.439   512  2967 D audio_hw_primary: disable_snd_device: snd_device(2: speaker)
08-03 23:15:47.448   512  2967 I soundtrigger: audio_extn_sound_trigger_update_device_status: device 0x2 of type 0 for Event 0
08-03 23:15:47.505 14236 14255 I art     : Explicit concurrent mark sweep GC freed 5(160B) AllocSpace objects, 0(0B) LOS objects, 7% free, 187MB/203MB, paused 1.709ms total 71.497ms
08-03 23:15:47.627 17342 17342 D AndroidRuntime: >>>>>> START com.android.internal.os.RuntimeInit uid 2000 <<<<<<
08-03 23:15:47.633 17342 17342 D AndroidRuntime: CheckJNI is OFF
08-03 23:15:47.677 17342 17342 D ICU     : No timezone override file found: /data/misc/zoneinfo/current/icu/icu_tzdata.dat
08-03 23:15:47.718 17342 17342 I Radio-JNI: register_android_hardware_Radio DONE
08-03 23:15:47.746 17342 17342 D AndroidRuntime: Calling main entry com.android.commands.input.Input
08-03 23:15:47.748 17342 17342 I Input   : injectMotionEvent: MotionEvent { action=ACTION_DOWN, actionButton=0, id[0]=0, x[0]=418.0, y[0]=842.0, toolType[0]=TOOL_TYPE_UNKNOWN, buttonState=0, metaState=0, flags=0x0, edgeFlags=0x0, pointerCount=1, historySize=0, eventTime=659764161, downTime=659764161, deviceId=0, source=0x1002 }
08-03 23:15:47.752 17342 17342 I Input   : injectMotionEvent: MotionEvent { action=ACTION_UP, actionButton=0, id[0]=0, x[0]=418.0, y[0]=842.0, toolType[0]=TOOL_TYPE_UNKNOWN, buttonState=0, metaState=0, flags=0x0, edgeFlags=0x0, pointerCount=1, historySize=0, eventTime=659764161, downTime=659764161, deviceId=0, source=0x1002 }
08-03 23:15:47.755 17342 17342 D AndroidRuntime: Shutting down VM
08-03 23:15:47.777 14236 14302 D Gabe    : call	returning from cache
08-03 23:15:47.777   512  2967 D audio_hw_primary: out_set_parameters: enter: usecase(1: low-latency-playback) kvpairs: routing=2
08-03 23:15:47.790   512  2967 D audio_hw_primary: select_devices: out_snd_device(2: speaker) in_snd_device(0: none)
08-03 23:15:47.790   512  2967 D msm8974_platform: platform_send_audio_calibration: sending audio calibration for snd_device(2) acdb_id(15)
08-03 23:15:47.791   512  2967 I soundtrigger: audio_extn_sound_trigger_update_device_status: device 0x2 of type 0 for Event 1
08-03 23:15:47.800 14236 14236 V MainActivity: url = https://project-travel-mate.herokuapp.com/api/number-of-unread-notifications
08-03 23:15:47.801   512  2967 D audio_hw_primary: enable_snd_device: snd_device(2: speaker)
08-03 23:15:47.803   512  2967 D audio_hw_primary: enable_audio_route: apply and update mixer path: low-latency-playback speaker
08-03 23:15:47.845   512  2967 D AudioFlinger: mixer(0xf4740000) throttle end: throttle time(12)
08-03 23:15:47.915 14236 14248 I art     : Starting a blocking GC Explicit
08-03 23:15:47.999 14236 14248 I art     : Explicit concurrent mark sweep GC freed 3625(215KB) AllocSpace objects, 2(48KB) LOS objects, 7% free, 188MB/204MB, paused 2.655ms total 84.158ms
08-03 23:15:48.022 14236 14248 I art     : Starting a blocking GC Explicit
08-03 23:15:48.100 14236 14248 I art     : Explicit concurrent mark sweep GC freed 617(38KB) AllocSpace objects, 0(0B) LOS objects, 7% free, 188MB/204MB, paused 2.458ms total 78.453ms
08-03 23:15:48.123 14236 14248 I art     : Starting a blocking GC Explicit
08-03 23:15:48.203 14236 14248 I art     : Explicit concurrent mark sweep GC freed 405(30KB) AllocSpace objects, 0(0B) LOS objects, 7% free, 188MB/204MB, paused 2.369ms total 80.207ms
08-03 23:15:48.226 14236 14248 I art     : Starting a blocking GC Explicit
08-03 23:15:48.307 14236 14248 I art     : Explicit concurrent mark sweep GC freed 3489(173KB) AllocSpace objects, 3(200KB) LOS objects, 7% free, 188MB/204MB, paused 2.238ms total 80.437ms
08-03 23:15:48.307 14236 17364 I NAPPA_EXPERIMENTATION: MetricNetworkRequestExecutionTime: REQUEST_DURATION_SYSTEM='506',REQUEST_DURATION_OKHTTP='36',REQUEST_SYNCHRONOUS='FALSE',RESPONSE_CODE='200',RESPONSE_METHOD='GET',RESPONSE_LENGTH_OKHTTP='36',RESPONSE_LENGTH_HEADER='36',REQUEST_PROTOCOL='http/1.1',REQUEST_URL='https://project-travel-mate.herokuapp.com/api/number-of-unread-notifications',
08-03 23:15:48.326 14236 14236 I Choreographer: Skipped 31 frames!  The application may be doing too much work on its main thread.
08-03 23:15:48.328   512  2967 D audio_hw_primary: disable_audio_route: reset and update mixer path: low-latency-playback speaker
08-03 23:15:48.329   512  2967 D audio_hw_primary: disable_snd_device: snd_device(2: speaker)
08-03 23:15:48.329 14236 14248 I art     : Starting a blocking GC Explicit
08-03 23:15:48.338   512  2967 I soundtrigger: audio_extn_sound_trigger_update_device_status: device 0x2 of type 0 for Event 0
08-03 23:15:48.398 14236 14248 I art     : Explicit concurrent mark sweep GC freed 2623(189KB) AllocSpace objects, 9(252KB) LOS objects, 7% free, 188MB/204MB, paused 2.042ms total 69.123ms
08-03 23:15:48.818 14236 16111 I art     : Starting a blocking GC Explicit
08-03 23:15:48.909 14236 16111 I art     : Explicit concurrent mark sweep GC freed 4317(209KB) AllocSpace objects, 2(64KB) LOS objects, 7% free, 188MB/204MB, paused 1.925ms total 90.217ms
08-03 23:15:48.933 14236 16111 I art     : Starting a blocking GC Explicit
08-03 23:15:49.014 14236 16111 I art     : Explicit concurrent mark sweep GC freed 259(6KB) AllocSpace objects, 0(0B) LOS objects, 7% free, 188MB/204MB, paused 1.806ms total 81.654ms
08-03 23:15:49.038 14236 16111 I art     : Starting a blocking GC Explicit
08-03 23:15:49.122 14236 16111 I art     : Explicit concurrent mark sweep GC freed 147(2496B) AllocSpace objects, 0(0B) LOS objects, 7% free, 188MB/204MB, paused 1.884ms total 83.955ms
08-03 23:15:49.147 14236 16111 I art     : Starting a blocking GC Explicit
08-03 23:15:49.231 14236 16111 I art     : Explicit concurrent mark sweep GC freed 170(2864B) AllocSpace objects, 0(0B) LOS objects, 7% free, 188MB/204MB, paused 1.769ms total 83.841ms
08-03 23:15:49.256 14236 16111 I art     : Starting a blocking GC Explicit
08-03 23:15:49.340 14236 16111 I art     : Explicit concurrent mark sweep GC freed 186(3KB) AllocSpace objects, 0(0B) LOS objects, 7% free, 188MB/204MB, paused 1.820ms total 83.630ms
08-03 23:15:49.835 14236 14750 I art     : Starting a blocking GC Explicit
08-03 23:15:49.926 14236 14750 I art     : Explicit concurrent mark sweep GC freed 2462(107KB) AllocSpace objects, 2(64KB) LOS objects, 7% free, 188MB/204MB, paused 1.899ms total 91.014ms
08-03 23:15:49.951 14236 14750 I art     : Starting a blocking GC Explicit
08-03 23:15:50.039 14236 14750 I art     : Explicit concurrent mark sweep GC freed 196(3KB) AllocSpace objects, 0(0B) LOS objects, 7% free, 188MB/204MB, paused 1.822ms total 87.756ms
08-03 23:15:50.063 14236 14750 I art     : Starting a blocking GC Explicit
08-03 23:15:50.141 14236 14750 I art     : Explicit concurrent mark sweep GC freed 147(2496B) AllocSpace objects, 0(0B) LOS objects, 7% free, 188MB/204MB, paused 1.816ms total 77.940ms
08-03 23:15:50.164 14236 14750 I art     : Starting a blocking GC Explicit
08-03 23:15:50.249 14236 14750 I art     : Explicit concurrent mark sweep GC freed 181(3KB) AllocSpace objects, 0(0B) LOS objects, 7% free, 188MB/204MB, paused 2.054ms total 84.814ms
08-03 23:15:50.272 14236 14750 I art     : Starting a blocking GC Explicit
08-03 23:15:50.359 14236 14750 I art     : Explicit concurrent mark sweep GC freed 198(4KB) AllocSpace objects, 0(0B) LOS objects, 7% free, 188MB/204MB, paused 1.881ms total 86.465ms
08-03 23:15:50.359 14236 14247 I art     : WaitForGcToComplete blocked for 86.788ms for cause HeapTrim
08-03 23:15:50.602 17401 17401 D AndroidRuntime: >>>>>> START com.android.internal.os.RuntimeInit uid 2000 <<<<<<
08-03 23:15:50.608 17401 17401 D AndroidRuntime: CheckJNI is OFF
08-03 23:15:50.648 17401 17401 D ICU     : No timezone override file found: /data/misc/zoneinfo/current/icu/icu_tzdata.dat
08-03 23:15:50.690 17401 17401 I Radio-JNI: register_android_hardware_Radio DONE
08-03 23:15:50.719 17401 17401 D AndroidRuntime: Calling main entry com.android.commands.am.Am
08-03 23:15:50.725  8825  8825 I Trepn   : Trepn 6.2s: Received intent: com.quicinc.trepn.stop_profiling
08-03 23:15:50.757  8825  8825 I Trepn   : Trepn 6.2s: Trepn has Stopped Profiling.
08-03 23:15:50.810 14236 14255 I art     : Starting a blocking GC Explicit
08-03 23:15:50.894 14236 14255 I art     : Explicit concurrent mark sweep GC freed 2358(104KB) AllocSpace objects, 2(64KB) LOS objects, 7% free, 188MB/204MB, paused 1.666ms total 83.836ms
08-03 23:15:50.917 14236 14255 I art     : Starting a blocking GC Explicit
08-03 23:15:50.928 17401 17401 D AndroidRuntime: Shutting down VM
08-03 23:15:50.933   918  6110 W AppOps  : Finishing op nesting under-run: uid 10078 pkg com.quicinc.trepn code 24 time=0 duration=0 nesting=0
08-03 23:15:50.995 14236 14255 I art     : Explicit concurrent mark sweep GC freed 174(3KB) AllocSpace objects, 0(0B) LOS objects, 7% free, 188MB/204MB, paused 1.928ms total 77.512ms
08-03 23:15:51.018 14236 14255 I art     : Starting a blocking GC Explicit
08-03 23:15:51.112 14236 14255 I art     : Explicit concurrent mark sweep GC freed 180(3KB) AllocSpace objects, 0(0B) LOS objects, 7% free, 188MB/204MB, paused 1.893ms total 93.392ms
08-03 23:15:51.138 14236 14255 I art     : Starting a blocking GC Explicit
08-03 23:15:51.224 14236 14255 I art     : Explicit concurrent mark sweep GC freed 182(3KB) AllocSpace objects, 0(0B) LOS objects, 7% free, 188MB/204MB, paused 1.675ms total 85.713ms
08-03 23:15:51.247 14236 14255 I art     : Starting a blocking GC Explicit
08-03 23:15:51.326 14236 14255 I art     : Explicit concurrent mark sweep GC freed 186(3KB) AllocSpace objects, 0(0B) LOS objects, 7% free, 188MB/204MB, paused 1.904ms total 78.786ms
08-03 23:15:52.344 13652 13652 I ServiceManager: Waiting for service AtCmdFwd...
08-03 23:15:52.395   918  3261 D WifiStateMachine: starting scan for "H369AA63323"WPA_PSK with 2412,5180
08-03 23:15:53.345 13652 13652 I ServiceManager: Waiting for service AtCmdFwd...
08-03 23:15:54.345 13652 13652 I ServiceManager: Waiting for service AtCmdFwd...
