--------- beginning of system
08-04 19:51:01.351 28524 28524 W ContextImpl: Calling a method in the system process without a qualified user: android.app.ContextImpl.startService:1221 android.content.ContextWrapper.startService:581 android.content.ContextWrapper.startService:581 com.android.keychain.KeyChainBroadcastReceiver.onReceive:12 android.app.ActivityThread.handleReceiver:2725 
--------- beginning of main
08-04 19:51:01.361  3784  3784 D CarrierServiceBindHelper: Receive action: android.intent.action.PACKAGE_REMOVED
08-04 19:51:01.376   918   930 W ResourceType: ResTable_typeSpec entry count inconsistent: given 37, previously 42
08-04 19:51:01.376   918   930 W ResourceType: ResTable_typeSpec entry count inconsistent: given 2527, previously 2530
08-04 19:51:01.377   918   930 W ResourceType: ResTable_typeSpec entry count inconsistent: given 2542, previously 2545
08-04 19:51:01.377   918   930 W ResourceType: ResTable_typeSpec entry count inconsistent: given 303, previously 1691
08-04 19:51:01.382   918   918 D JobSchedulerService: Receieved: android.intent.action.PACKAGE_REMOVED
08-04 19:51:01.417  8429  8429 I Finsky  : [1] uah.a(18): PackageMonitorReceiverImpl - Received: android.intent.action.PACKAGE_REMOVED, [BwUFuQ2N9bJdC35mns7q8elehr2pVyvWRlm8RTMdEDE]
08-04 19:51:01.418  8429  8429 I Finsky  : [1] ubi.d(9): Invalidating cached PackageState for nappagreedy.com.ak.uobtimetable
08-04 19:51:01.418   918  6110 I AccountManagerService: getTypesVisibleToCaller: isPermitted? true
08-04 19:51:01.428  8429  8429 I Finsky  : [1] ubi.j(3): Package no longer installed: nappagreedy.com.ak.uobtimetable
08-04 19:51:01.430 24365  2315 I Fitness : FitCleanupIntentOperation received Intent android.intent.action.PACKAGE_REMOVED [CONTEXT service_id=17 ]
08-04 19:51:01.431  8429  8429 I Finsky  : [1] nqb.c(3): Installer: package nappagreedy.com.ak.uobtimetable was removed. replacing: false
08-04 19:51:01.432  8429  8429 I Finsky  : [1] nra.a(188): Installer: Notifying status update. package=nappagreedy.com.ak.uobtimetable, status=UNINSTALLED
08-04 19:51:01.434  8429  8429 I Finsky  : [1] agsx.a(4): Do not start WearSupportService due to Wear service optimization
08-04 19:51:01.435  8429  8429 I Finsky  : [1] agsx.a(4): Do not start WearSupportService due to Wear service optimization
08-04 19:51:01.436  8429  8429 I Finsky  : [1] zko.a(1): Clearing split related stale data.
08-04 19:51:01.438  8429  8429 I Finsky  : [1] ubi.j(3): Package no longer installed: nappagreedy.com.ak.uobtimetable
08-04 19:51:01.439 24577 26844 I ContentMaintenance: Internal cache bytes used: 0; limit: 100000000; download size: 0
08-04 19:51:01.445  8429  2326 I Finsky  : [6165] eji.a(-1): Asset module storage cleared for package nappagreedy.com.ak.uobtimetable.
08-04 19:51:01.452   918   918 W BroadcastQueue: Unable to launch app com.android.documentsui/10042 for broadcast Intent { act=android.intent.action.PACKAGE_FULLY_REMOVED dat=package:nappagreedy.com.ak.uobtimetable flg=0x4000010 (has extras) }: process is bad
08-04 19:51:01.453  8429  8429 I Finsky  : [1] nra.a(220): Installer: found apps to install. isMultiUserMode=false, apps=[]
08-04 19:51:01.456 24577  2331 I Icing   : doRemovePackageData nappagreedy.com.ak.uobtimetable
08-04 19:51:01.460 24577 26844 I RealtimeCacheCleanup: Beginning Realtime garbage collection.
08-04 19:51:01.460 24577 26844 I RealtimeCacheCleanup: Finished Realtime garbage collection.
08-04 19:51:01.470  8429  8429 I Finsky  : [1] uah.a(18): PackageMonitorReceiverImpl - Received: android.intent.action.PACKAGE_FULLY_REMOVED, [BwUFuQ2N9bJdC35mns7q8elehr2pVyvWRlm8RTMdEDE]
08-04 19:51:01.470  8429  8429 I Finsky  : [1] ubi.d(9): Invalidating cached PackageState for nappagreedy.com.ak.uobtimetable
08-04 19:51:01.471  8429  8429 I Finsky  : [1] ubi.j(3): Package no longer installed: nappagreedy.com.ak.uobtimetable
08-04 19:51:01.472 24577 13293 I Icing   : IndexChimeraService.getServiceInterface callingPackage=com.google.android.gms componentName=AppsCorpus serviceId=36
08-04 19:51:01.474  8429  8429 I Finsky  : [1] uah.a(21): PackageMonitorReceiverImpl - Deduping intent android.intent.action.PACKAGE_FULLY_REMOVED
08-04 19:51:01.484  8429  8653 I Finsky  : [5852] odj.b(52): IQ: Notifying installation update. package=nappagreedy.com.ak.uobtimetable, status=UNINSTALLED
08-04 19:51:01.501 24577  2331 W Icing   : No valid account for uploading user actions
08-04 19:51:01.504  8429  2323 I Finsky  : [6163] lyx.run(-1): Frosting DB delete succeeded: true
08-04 19:51:01.513 24577 13293 I Icing   : IndexChimeraService.getServiceInterface callingPackage=com.google.android.gms componentName=null serviceId=30
08-04 19:51:01.516  8429  2323 I Finsky  : [6163] lyx.run(-1): Frosting DB delete succeeded: false
08-04 19:51:01.518  8429  2323 I Finsky  : [6163] lyx.run(-1): Frosting DB delete succeeded: false
08-04 19:51:01.519 24577  2331 I Icing   : Usage reports ok 0, Failed Usage reports 0, indexed 0, rejected 0
08-04 19:51:01.519  8429  8653 I Finsky  : [5852] odj.b(40): IQ: No matching installs to run for jobs: []
08-04 19:51:01.521 24577  2331 W Icing   : No valid account for uploading user actions
08-04 19:51:01.530 24577  2331 I Icing   : Usage reports ok 0, Failed Usage reports 0, indexed 0, rejected 0
08-04 19:51:01.616  8429  8429 I Finsky  : [1] xmu.a(8): SCH: Jobs in database: 1-1337 3-197 3-198 12-1 24-77777777 26-1414141414 
08-04 19:51:01.618  8429  8429 I Finsky  : [1] xio.a(57): SCH: ConstraintMapping: 24-77777777,  -> L: 0ms, D: 4739220ms, C: false, I: true, N: 0
08-04 19:51:01.619  8429  8429 I Finsky  : [1] xio.a(57): SCH: ConstraintMapping: 1-1337, 12-1,  -> L: 14851ms, D: 51291289ms, C: false, I: false, N: 1
08-04 19:51:01.620  8429  8429 I Finsky  : [1] xio.a(57): SCH: ConstraintMapping: 3-197,  -> L: 0ms, D: 76169215ms, C: false, I: true, N: 2
08-04 19:51:01.621  8429  8429 I Finsky  : [1] xio.a(57): SCH: ConstraintMapping: 3-198,  -> L: 0ms, D: 76169274ms, C: true, I: true, N: 2
08-04 19:51:01.621  8429  8429 I Finsky  : [1] xio.a(57): SCH: ConstraintMapping: 26-1414141414,  -> L: 12204420ms, D: 13104420ms, C: false, I: false, N: 0
08-04 19:51:01.623  8429  2325 I Finsky  : [6164] gzn.a(-1): [ContentSync] finished, scheduled=true
08-04 19:51:01.646  8429  8429 I Finsky  : [1] xle.a(34): Cancelling existing jobscheduler jobs: 9002 9004 9007 9009 9008 9003 9006 9000 9010 9005 
08-04 19:51:01.646  8429  8429 I Finsky  : [1] xle.a(27): Scheduling job Id: 9001, L: 0, D: 4739220, C: false, I: true, N: 0
08-04 19:51:01.648  8429  8429 I Finsky  : [1] xle.a(27): Scheduling job Id: 9011, L: 14851, D: 51291289, C: false, I: false, N: 1
08-04 19:51:01.650  8429  8429 I Finsky  : [1] xle.a(27): Scheduling job Id: 9012, L: 0, D: 76169215, C: false, I: true, N: 2
08-04 19:51:01.652  8429  8429 I Finsky  : [1] xle.a(27): Scheduling job Id: 9013, L: 0, D: 76169274, C: true, I: true, N: 2
08-04 19:51:01.654  8429  8429 I Finsky  : [1] xle.a(27): Scheduling job Id: 9014, L: 12204420, D: 13104420, C: false, I: false, N: 0
08-04 19:51:01.656  8429  8429 I Finsky  : [1] xle.a(27): Scheduling job Id: 9015, L: 0, D: 4739220, C: false, I: true, N: 0
08-04 19:51:01.657  8429  8429 I Finsky  : [1] xle.a(27): Scheduling job Id: 9016, L: 14851, D: 51291289, C: false, I: false, N: 1
08-04 19:51:01.659  8429  8429 I Finsky  : [1] xle.a(27): Scheduling job Id: 9017, L: 0, D: 76169215, C: false, I: true, N: 2
08-04 19:51:01.661  8429  8429 I Finsky  : [1] xle.a(27): Scheduling job Id: 9018, L: 0, D: 76169274, C: true, I: true, N: 2
08-04 19:51:01.663  8429  8429 I Finsky  : [1] xle.a(27): Scheduling job Id: 9019, L: 12204420, D: 13104420, C: false, I: false, N: 0
08-04 19:51:01.995  2346  2346 D AndroidRuntime: >>>>>> START com.android.internal.os.RuntimeInit uid 2000 <<<<<<
08-04 19:51:02.002  2346  2346 D AndroidRuntime: CheckJNI is OFF
08-04 19:51:02.036  2346  2346 D ICU     : No timezone override file found: /data/misc/zoneinfo/current/icu/icu_tzdata.dat
08-04 19:51:02.073  2346  2346 I Radio-JNI: register_android_hardware_Radio DONE
08-04 19:51:02.092  2346  2346 D AndroidRuntime: Calling main entry com.android.commands.monkey.Monkey
08-04 19:51:02.112   918   931 W BroadcastQueue: Skipping deliver [background] BroadcastRecord{7db574 u-1 android.net.conn.CONNECTIVITY_CHANGE} to ReceiverList{e87ca9d 2346 (unknown name)/2000/u-1 remote:e4cec86}: process crashing
08-04 19:51:02.123   918  5952 I ActivityManager: START u0 {act=android.intent.action.MAIN cat=[android.intent.category.LAUNCHER] flg=0x10200000 cmp=baseline.io.github.project_travel_mate/.SplashActivity} from uid 2000 on display 0
08-04 19:51:02.162   918  5952 I ActivityManager: Start proc 2355:baseline.io.github.project_travel_mate/u0a650 for activity baseline.io.github.project_travel_mate/.SplashActivity
08-04 19:51:02.163  2355  2355 I art     : Late-enabling -Xcheck:jni
08-04 19:51:02.185  2346  2346 I art     : System.exit called, status: 0
08-04 19:51:02.186  2346  2346 I AndroidRuntime: VM exiting with result code 0.
08-04 19:51:02.233  6490 23445 I PBSessionCacheImpl: Deleted sessionId[28544918408651598] from persistence.
08-04 19:51:02.235  6490  6520 W SearchServiceCore: Abort, client detached.
08-04 19:51:02.236  6490  6520 I MicroDetectionState: Should stop hotword detection immediately - true
08-04 19:51:02.263  2355  2355 W System  : ClassLoader referenced unknown path: /data/app/baseline.io.github.project_travel_mate-1/lib/arm64
08-04 19:51:02.448  2355  2355 W art     : Before Android 4.1, method android.graphics.PorterDuffColorFilter androidx.vectordrawable.graphics.drawable.VectorDrawableCompat.updateTintFilter(android.graphics.PorterDuffColorFilter, android.content.res.ColorStateList, android.graphics.PorterDuff$Mode) would have incorrectly overridden the package-private method in android.graphics.drawable.Drawable
08-04 19:51:02.505  2355  2355 I art     : Rejecting re-init on previously-failed class java.lang.Class<androidx.core.view.ViewCompat$OnUnhandledKeyEventListenerWrapper>
08-04 19:51:02.505  2355  2355 I art     : Rejecting re-init on previously-failed class java.lang.Class<androidx.core.view.ViewCompat$OnUnhandledKeyEventListenerWrapper>
08-04 19:51:02.522 24577  2331 I Icing   : Indexing com.google.android.gms-apps from com.google.android.gms
08-04 19:51:02.532 24577  2331 I Icing   : Indexing done com.google.android.gms-apps
08-04 19:51:02.565  2355  2373 D OpenGLRenderer: Use EGL_SWAP_BEHAVIOR_PRESERVED: true
08-04 19:51:02.605  2355  2373 I Adreno  : QUALCOMM build                   : fcf4852, I1af360237c
08-04 19:51:02.605  2355  2373 I Adreno  : Build Date                       : 09/23/15
08-04 19:51:02.605  2355  2373 I Adreno  : OpenGL ES Shader Compiler Version: XE031.05.13.02
08-04 19:51:02.605  2355  2373 I Adreno  : Local Branch                     : mybranch14465806
08-04 19:51:02.605  2355  2373 I Adreno  : Remote Branch                    : quic/LA.BF64.1.2.9_v2
08-04 19:51:02.605  2355  2373 I Adreno  : Remote Branch                    : NONE
08-04 19:51:02.605  2355  2373 I Adreno  : Reconstruct Branch               : NOTHING
08-04 19:51:02.611  2355  2373 I OpenGLRenderer: Initialized EGL, version 1.4
08-04 19:51:02.723   918   936 I ActivityManager: Displayed baseline.io.github.project_travel_mate/.SplashActivity: +594ms
08-04 19:51:02.727 13866 13866 I GoogleInputMethodServic: GoogleInputMethodService.onFinishInput():3138 
08-04 19:51:02.729 13866 13866 I GoogleInputMethodServic: GoogleInputMethodService.onStartInput():1808 
08-04 19:51:03.701  2388  2388 D AndroidRuntime: >>>>>> START com.android.internal.os.RuntimeInit uid 2000 <<<<<<
08-04 19:51:03.705  2388  2388 D AndroidRuntime: CheckJNI is OFF
08-04 19:51:03.734  2388  2388 D ICU     : No timezone override file found: /data/misc/zoneinfo/current/icu/icu_tzdata.dat
08-04 19:51:03.761  2388  2388 I Radio-JNI: register_android_hardware_Radio DONE
08-04 19:51:03.777  2388  2388 D AndroidRuntime: Calling main entry com.android.commands.am.Am
08-04 19:51:03.786  8245  8245 I Trepn   : Trepn 6.2s: Received intent: com.quicinc.trepn.start_profiling
08-04 19:51:03.902  8245  8245 W FileUtils: Failed to chmod(/storage/emulated/0/trepn/Trepn_2020.08.04_195103.db): android.system.ErrnoException: chmod failed: EPERM (Operation not permitted)
08-04 19:51:03.982  8245  8245 I Trepn   : Trepn 6.2s: Trepn has Started Profiling.
08-04 19:51:03.983  2388  2388 D AndroidRuntime: Shutting down VM
08-04 19:51:04.502  2355  2368 I art     : Starting a blocking GC Explicit
08-04 19:51:04.526  2355  2368 I art     : Explicit concurrent mark sweep GC freed 60650(3MB) AllocSpace objects, 2(40KB) LOS objects, 40% free, 20MB/34MB, paused 201us total 23.413ms
08-04 19:51:04.536  2355  2368 I art     : Starting a blocking GC Explicit
08-04 19:51:04.546  2355  2368 I art     : Explicit concurrent mark sweep GC freed 316(13KB) AllocSpace objects, 0(0B) LOS objects, 40% free, 20MB/34MB, paused 132us total 9.229ms
08-04 19:51:04.553  2355  2368 I art     : Starting a blocking GC Explicit
08-04 19:51:04.562  2355  2368 I art     : Explicit concurrent mark sweep GC freed 813(35KB) AllocSpace objects, 0(0B) LOS objects, 40% free, 20MB/34MB, paused 122us total 8.946ms
08-04 19:51:04.570  2355  2368 I art     : Starting a blocking GC Explicit
08-04 19:51:04.590  2355  2368 I art     : Explicit concurrent mark sweep GC freed 3(96B) AllocSpace objects, 0(0B) LOS objects, 40% free, 20MB/34MB, paused 413us total 20.287ms
08-04 19:51:04.600  2355  2368 I art     : Starting a blocking GC Explicit
08-04 19:51:04.609  2355  2368 I art     : Explicit concurrent mark sweep GC freed 3(96B) AllocSpace objects, 0(0B) LOS objects, 40% free, 20MB/34MB, paused 118us total 9.539ms
08-04 19:51:04.649   918  5132 I ActivityManager: START u0 {cmp=baseline.io.github.project_travel_mate/.MainActivity} from uid 10650 on display 0
08-04 19:51:04.928  2355  2355 W Settings: Setting airplane_mode_on has moved from android.provider.Settings.System to android.provider.Settings.Global, returning read-only value.
08-04 19:51:04.932  2355  2368 I art     : Starting a blocking GC Explicit
08-04 19:51:04.950  2355  2368 I art     : Explicit concurrent mark sweep GC freed 4196(494KB) AllocSpace objects, 2(40KB) LOS objects, 40% free, 22MB/37MB, paused 213us total 17.570ms
08-04 19:51:04.950  2355  2355 V MainActivity: url=https://project-travel-mate.herokuapp.com/api/get-user
08-04 19:51:04.958  2355  2368 I art     : Starting a blocking GC Explicit
08-04 19:51:04.979  2355  2368 I art     : Explicit concurrent mark sweep GC freed 3149(191KB) AllocSpace objects, 0(0B) LOS objects, 40% free, 22MB/37MB, paused 1.586ms total 20.739ms
08-04 19:51:04.988  2355  2368 I art     : Starting a blocking GC Explicit
08-04 19:51:05.002  2355  2368 I art     : Explicit concurrent mark sweep GC freed 759(79KB) AllocSpace objects, 0(0B) LOS objects, 40% free, 22MB/37MB, paused 848us total 14.725ms
08-04 19:51:05.006  2355  2445 W LOTTIE  : Unknown mask mode mode. Defaulting to Add.
08-04 19:51:05.011  2355  2368 I art     : Starting a blocking GC Explicit
08-04 19:51:05.015  2355  2445 W LOTTIE  : You have 5 images. Lottie should primarily be used with shapes. If you are using Adobe Illustrator, convert the Illustrator layers to shape layers.
08-04 19:51:05.017  2355  2445 W LOTTIE  : Unknown mask mode mode. Defaulting to Add.
08-04 19:51:05.017  2355  2445 W LOTTIE  : Unknown mask mode mode. Defaulting to Add.
08-04 19:51:05.026  2355  2368 I art     : Explicit concurrent mark sweep GC freed 5629(297KB) AllocSpace objects, 0(0B) LOS objects, 40% free, 22MB/38MB, paused 1.081ms total 15.441ms
08-04 19:51:05.034  2355  2368 I art     : Starting a blocking GC Explicit
08-04 19:51:05.046  2355  2368 I art     : Explicit concurrent mark sweep GC freed 3481(157KB) AllocSpace objects, 0(0B) LOS objects, 40% free, 22MB/38MB, paused 192us total 11.210ms
08-04 19:51:05.065  2355  2355 V CityFragment: url=https://project-travel-mate.herokuapp.com/api/get-all-cities/10
08-04 19:51:05.161  2355  2355 E RecyclerView: No adapter attached; skipping layout
08-04 19:51:05.307   918   936 I ActivityManager: Displayed baseline.io.github.project_travel_mate/.MainActivity: +602ms
08-04 19:51:05.308  2355  2355 V MainActivity: url = https://project-travel-mate.herokuapp.com/api/number-of-unread-notifications
08-04 19:51:05.319  2355  2370 I art     : Starting a blocking GC Explicit
08-04 19:51:05.322 13866 13866 I GoogleInputMethodServic: GoogleInputMethodService.onFinishInput():3138 
08-04 19:51:05.323 13866 13866 I GoogleInputMethodServic: GoogleInputMethodService.onStartInput():1808 
08-04 19:51:05.324  2355  2355 E RecyclerView: No adapter attached; skipping layout
08-04 19:51:05.336  2355  2370 I art     : Explicit concurrent mark sweep GC freed 8238(530KB) AllocSpace objects, 1(20KB) LOS objects, 36% free, 27MB/43MB, paused 520us total 16.388ms
08-04 19:51:05.346  2355  2370 I art     : Starting a blocking GC Explicit
08-04 19:51:05.363  2355  2370 I art     : Explicit concurrent mark sweep GC freed 474(24KB) AllocSpace objects, 0(0B) LOS objects, 36% free, 27MB/43MB, paused 384us total 16.641ms
08-04 19:51:05.372  2355  2370 I art     : Starting a blocking GC Explicit
08-04 19:51:05.386  2355  2370 I art     : Explicit concurrent mark sweep GC freed 10(288B) AllocSpace objects, 0(0B) LOS objects, 36% free, 27MB/43MB, paused 228us total 14.072ms
08-04 19:51:05.395  2355  2370 I art     : Starting a blocking GC Explicit
08-04 19:51:05.408  2355  2370 I art     : Explicit concurrent mark sweep GC freed 62(1968B) AllocSpace objects, 0(0B) LOS objects, 36% free, 27MB/43MB, paused 229us total 13.616ms
08-04 19:51:05.416  2355  2370 I art     : Starting a blocking GC Explicit
08-04 19:51:05.431  2355  2370 I art     : Explicit concurrent mark sweep GC freed 58(1264B) AllocSpace objects, 0(0B) LOS objects, 36% free, 27MB/43MB, paused 216us total 14.757ms
08-04 19:51:05.563   380   380 W SurfaceFlinger: couldn't log to binary event log: overflow.
08-04 19:51:05.619  2355  2448 I NAPPA_EXPERIMENTATION: MetricNetworkRequestExecutionTime: REQUEST_DURATION_SYSTEM='551',REQUEST_DURATION_OKHTTP='36',REQUEST_SYNCHRONOUS='FALSE',RESPONSE_CODE='200',RESPONSE_METHOD='GET',RESPONSE_LENGTH_OKHTTP='1588',RESPONSE_LENGTH_HEADER='1588',REQUEST_PROTOCOL='http/1.1',REQUEST_URL='https://project-travel-mate.herokuapp.com/api/get-all-cities/10',
08-04 19:51:05.621  2355  2355 V CityFragment: result=[{"id":1,"city_name":"Delhi","facts_count":6,"image":"https://upload.wikimedia.org/wikipedia/commons/9/94/%E0%B4%96%E0%B5%81%E0%B4%A4%E0%B5%8D%E0%B4%AC%E0%B5%8D_%E0%B4%AE%E0%B4%BF%E0%B4%A8%E0%B4%BE%E0%B5%BC1.jpg","visit_count":18186},{"id":2,"city_name":"Mumbai","facts_count":0,"image":"https://static1.squarespace.com/static/55917ae2e4b0984fc8c264c4/t/5ad7a037758d464041bfba27/1524102624280/Victoria_Mumbai.jpg","visit_count":6022},{"id":3,"city_name":"Bangalore","facts_count":0,"image":null,"visit_count":5536},{"id":8,"city_name":"Pune","facts_count":0,"image":"https://www.zricks.com/ImagesPostProject/47929//6557d975-20a9-4c6c-a776-8072a1936a76.jpg","visit_count":3324},{"id":4,"city_name":"Chennai","facts_count":0,"image":"http://lh3.ggpht.com/_YLb7tJ8RoAk/SfazBLdgf3I/AAAAAAAANEg/p52_Zz_URxg/s640/Picture%20009.jpg","visit_count":3061},{"id":5,"city_name":"Kolkata","facts_count":0,"image":"https://i.pinimg.com/originals/05/ec/42/05ec42c545b494d12cc612923483b4f0.jpg","visit_count":2211},{"id":9,"city_name":"Jaipur","facts_count":1,"image":"https://www.trodly.com/pictures/attraction/1943.jpg","visit_count":2007},{"id":6,"city_name":"Hyderabad","facts_count":0,"image":"https://i1.trekearth.com/photos/59194/charminar_020_sm.jpg","visit_count":1633},{"id":150,"city_name":"Panjim","facts_count":0,"image":"http://www.nomad4ever.com/wp-content/uploads/2009/04/palm-trees-at-baga-creek-north-goa1.jpg","visit_count":1488},{"id":7,"city_name":"Ahmedabad","facts_count":0,"image":"https://i.pinimg.com/originals/a5/ed/29/a5ed293271669a61f47059f7b0d9cf2c.jpg","visit_count":1115}]
08-04 19:51:05.631  2355  2444 I NAPPA_EXPERIMENTATION: MetricNetworkRequestExecutionTime: REQUEST_DURATION_SYSTEM='652',REQUEST_DURATION_OKHTTP='52',REQUEST_SYNCHRONOUS='FALSE',RESPONSE_CODE='200',RESPONSE_METHOD='GET',RESPONSE_LENGTH_OKHTTP='185',RESPONSE_LENGTH_HEADER='185',REQUEST_PROTOCOL='http/1.1',REQUEST_URL='https://project-travel-mate.herokuapp.com/api/get-user',
08-04 19:51:05.704  2355  2355 D CityFragment: get cities cities size = 10
08-04 19:51:05.718  2355  2461 I NAPPA_EXPERIMENTATION: MetricNetworkRequestExecutionTime: REQUEST_DURATION_SYSTEM='410',REQUEST_DURATION_OKHTTP='26',REQUEST_SYNCHRONOUS='FALSE',RESPONSE_CODE='200',RESPONSE_METHOD='GET',RESPONSE_LENGTH_OKHTTP='36',RESPONSE_LENGTH_HEADER='36',REQUEST_PROTOCOL='http/1.1',REQUEST_URL='https://project-travel-mate.herokuapp.com/api/number-of-unread-notifications',
08-04 19:51:05.727  2355  2368 I art     : Starting a blocking GC Explicit
08-04 19:51:05.745  2355  2368 I art     : Explicit concurrent mark sweep GC freed 10929(640KB) AllocSpace objects, 11(640KB) LOS objects, 34% free, 30MB/46MB, paused 485us total 17.855ms
08-04 19:51:05.754  2355  2368 I art     : Starting a blocking GC Explicit
08-04 19:51:05.770  2355  2368 I art     : Explicit concurrent mark sweep GC freed 3439(386KB) AllocSpace objects, 0(0B) LOS objects, 34% free, 30MB/46MB, paused 593us total 16.307ms
08-04 19:51:05.779  2355  2368 I art     : Starting a blocking GC Explicit
08-04 19:51:05.795  2355  2368 I art     : Explicit concurrent mark sweep GC freed 501(33KB) AllocSpace objects, 0(0B) LOS objects, 34% free, 30MB/46MB, paused 591us total 15.310ms
08-04 19:51:05.803  2355  2368 I art     : Starting a blocking GC Explicit
08-04 19:51:05.820  2355  2368 I art     : Explicit concurrent mark sweep GC freed 479(24KB) AllocSpace objects, 0(0B) LOS objects, 34% free, 30MB/46MB, paused 671us total 16.082ms
08-04 19:51:05.828  2355  2368 I art     : Starting a blocking GC Explicit
08-04 19:51:05.845  2355  2368 I art     : Explicit concurrent mark sweep GC freed 479(25KB) AllocSpace objects, 0(0B) LOS objects, 34% free, 30MB/46MB, paused 515us total 16.388ms
08-04 19:51:06.103  2355  2368 I art     : Starting a blocking GC Explicit
08-04 19:51:06.126  2355  2368 I art     : Explicit concurrent mark sweep GC freed 14299(1331KB) AllocSpace objects, 13(4MB) LOS objects, 35% free, 29MB/45MB, paused 427us total 22.086ms
08-04 19:51:06.136  2355  2368 I art     : Starting a blocking GC Explicit
08-04 19:51:06.155  2355  2368 I art     : Explicit concurrent mark sweep GC freed 10297(441KB) AllocSpace objects, 0(0B) LOS objects, 35% free, 29MB/45MB, paused 332us total 18.561ms
08-04 19:51:06.163  2355  2368 I art     : Starting a blocking GC Explicit
08-04 19:51:06.182  2355  2368 I art     : Explicit concurrent mark sweep GC freed 1429(102KB) AllocSpace objects, 1(20KB) LOS objects, 34% free, 30MB/46MB, paused 491us total 18.014ms
08-04 19:51:06.191  2355  2368 I art     : Starting a blocking GC Explicit
08-04 19:51:06.206  2355  2368 I art     : Explicit concurrent mark sweep GC freed 769(218KB) AllocSpace objects, 1(36KB) LOS objects, 34% free, 30MB/46MB, paused 334us total 15.817ms
08-04 19:51:06.215  2355  2368 I art     : Starting a blocking GC Explicit
08-04 19:51:06.231  2355  2368 I art     : Explicit concurrent mark sweep GC freed 580(57KB) AllocSpace objects, 2(88KB) LOS objects, 34% free, 30MB/46MB, paused 321us total 16.200ms
08-04 19:51:06.549  2355  2377 I art     : Starting a blocking GC Explicit
08-04 19:51:06.578  2355  2377 I art     : Explicit concurrent mark sweep GC freed 9129(871KB) AllocSpace objects, 15(1676KB) LOS objects, 32% free, 32MB/48MB, paused 348us total 28.173ms
08-04 19:51:06.588  2355  2377 I art     : Starting a blocking GC Explicit
08-04 19:51:06.603  2355  2377 I art     : Explicit concurrent mark sweep GC freed 434(119KB) AllocSpace objects, 1(36KB) LOS objects, 31% free, 34MB/50MB, paused 275us total 15.509ms
08-04 19:51:06.612  2355  2377 I art     : Starting a blocking GC Explicit
08-04 19:51:06.628  2355  2377 I art     : Explicit concurrent mark sweep GC freed 177(31KB) AllocSpace objects, 4(1312KB) LOS objects, 32% free, 32MB/48MB, paused 220us total 15.678ms
08-04 19:51:06.636  2355  2377 I art     : Starting a blocking GC Explicit
08-04 19:51:06.652  2355  2377 I art     : Explicit concurrent mark sweep GC freed 79(1808B) AllocSpace objects, 0(0B) LOS objects, 32% free, 32MB/48MB, paused 220us total 15.598ms
08-04 19:51:06.661  2355  2377 I art     : Starting a blocking GC Explicit
08-04 19:51:06.676  2355  2377 I art     : Explicit concurrent mark sweep GC freed 37(976B) AllocSpace objects, 0(0B) LOS objects, 32% free, 32MB/48MB, paused 234us total 15.519ms
08-04 19:51:06.997  2355  2377 I art     : Starting a blocking GC Explicit
08-04 19:51:07.016  2355  2377 I art     : Explicit concurrent mark sweep GC freed 2357(111KB) AllocSpace objects, 2(40KB) LOS objects, 32% free, 32MB/48MB, paused 280us total 18.586ms
08-04 19:51:07.025  2355  2377 I art     : Starting a blocking GC Explicit
08-04 19:51:07.043  2355  2377 I art     : Explicit concurrent mark sweep GC freed 58(1968B) AllocSpace objects, 0(0B) LOS objects, 32% free, 32MB/48MB, paused 262us total 17.651ms
08-04 19:51:07.052  2355  2377 I art     : Starting a blocking GC Explicit
08-04 19:51:07.069  2355  2377 I art     : Explicit concurrent mark sweep GC freed 51(896B) AllocSpace objects, 0(0B) LOS objects, 32% free, 32MB/48MB, paused 247us total 16.804ms
08-04 19:51:07.078  2355  2377 I art     : Starting a blocking GC Explicit
08-04 19:51:07.095  2355  2377 I art     : Explicit concurrent mark sweep GC freed 27(496B) AllocSpace objects, 0(0B) LOS objects, 32% free, 32MB/48MB, paused 238us total 16.757ms
08-04 19:51:07.104  2355  2377 I art     : Starting a blocking GC Explicit
08-04 19:51:07.121  2355  2377 I art     : Explicit concurrent mark sweep GC freed 51(896B) AllocSpace objects, 0(0B) LOS objects, 32% free, 32MB/48MB, paused 240us total 16.977ms
08-04 19:51:07.471  2355  2368 I art     : Starting a blocking GC Explicit
08-04 19:51:07.489  2355  2368 I art     : Explicit concurrent mark sweep GC freed 1951(91KB) AllocSpace objects, 2(40KB) LOS objects, 32% free, 32MB/48MB, paused 247us total 17.692ms
08-04 19:51:07.498  2355  2368 I art     : Starting a blocking GC Explicit
08-04 19:51:07.515  2355  2368 I art     : Explicit concurrent mark sweep GC freed 48(1200B) AllocSpace objects, 0(0B) LOS objects, 32% free, 32MB/48MB, paused 288us total 17.459ms
08-04 19:51:07.524  2355  2368 I art     : Starting a blocking GC Explicit
08-04 19:51:07.541  2355  2368 I art     : Explicit concurrent mark sweep GC freed 49(880B) AllocSpace objects, 0(0B) LOS objects, 32% free, 32MB/48MB, paused 248us total 17.005ms
08-04 19:51:07.550  2355  2368 I art     : Starting a blocking GC Explicit
08-04 19:51:07.568  2355  2368 I art     : Explicit concurrent mark sweep GC freed 42(720B) AllocSpace objects, 0(0B) LOS objects, 32% free, 32MB/48MB, paused 272us total 17.357ms
08-04 19:51:07.576  2355  2368 I art     : Starting a blocking GC Explicit
08-04 19:51:07.593  2355  2368 I art     : Explicit concurrent mark sweep GC freed 36(672B) AllocSpace objects, 0(0B) LOS objects, 32% free, 32MB/48MB, paused 236us total 16.318ms
08-04 19:51:07.936  2355  2370 I art     : Starting a blocking GC Explicit
08-04 19:51:07.955  2355  2370 I art     : Explicit concurrent mark sweep GC freed 1953(91KB) AllocSpace objects, 2(40KB) LOS objects, 32% free, 32MB/48MB, paused 265us total 18.477ms
08-04 19:51:07.964  2355  2370 I art     : Starting a blocking GC Explicit
08-04 19:51:07.982  2355  2370 I art     : Explicit concurrent mark sweep GC freed 46(1184B) AllocSpace objects, 0(0B) LOS objects, 32% free, 32MB/48MB, paused 285us total 17.542ms
08-04 19:51:07.991  2355  2370 I art     : Starting a blocking GC Explicit
08-04 19:51:08.007  2355  2370 I art     : Explicit concurrent mark sweep GC freed 51(896B) AllocSpace objects, 0(0B) LOS objects, 32% free, 32MB/48MB, paused 225us total 16.245ms
08-04 19:51:08.015  2355  2370 I art     : Starting a blocking GC Explicit
08-04 19:51:08.029  2355  2370 I art     : Explicit concurrent mark sweep GC freed 26(464B) AllocSpace objects, 0(0B) LOS objects, 32% free, 32MB/48MB, paused 225us total 14.007ms
08-04 19:51:08.037  2355  2370 I art     : Starting a blocking GC Explicit
08-04 19:51:08.051  2355  2370 I art     : Explicit concurrent mark sweep GC freed 52(928B) AllocSpace objects, 0(0B) LOS objects, 32% free, 32MB/48MB, paused 222us total 13.792ms
08-04 19:51:08.348  2355  2377 I art     : Starting a blocking GC Explicit
08-04 19:51:08.368  2355  2377 I art     : Explicit concurrent mark sweep GC freed 1861(90KB) AllocSpace objects, 2(40KB) LOS objects, 32% free, 32MB/48MB, paused 289us total 19.983ms
08-04 19:51:08.379  2355  2377 I art     : Starting a blocking GC Explicit
08-04 19:51:08.397  2355  2377 I art     : Explicit concurrent mark sweep GC freed 67(1536B) AllocSpace objects, 0(0B) LOS objects, 32% free, 32MB/48MB, paused 268us total 17.418ms
08-04 19:51:08.407  2355  2377 I art     : Starting a blocking GC Explicit
08-04 19:51:08.423  2355  2377 I art     : Explicit concurrent mark sweep GC freed 51(896B) AllocSpace objects, 0(0B) LOS objects, 32% free, 32MB/48MB, paused 255us total 16.207ms
08-04 19:51:08.432  2355  2377 I art     : Starting a blocking GC Explicit
08-04 19:51:08.449  2355  2377 I art     : Explicit concurrent mark sweep GC freed 27(496B) AllocSpace objects, 0(0B) LOS objects, 32% free, 32MB/48MB, paused 262us total 16.859ms
08-04 19:51:08.457  2355  2377 I art     : Starting a blocking GC Explicit
08-04 19:51:08.474  2355  2377 I art     : Explicit concurrent mark sweep GC freed 51(896B) AllocSpace objects, 0(0B) LOS objects, 32% free, 32MB/48MB, paused 246us total 16.401ms
08-04 19:51:08.814  2355  2368 I art     : Starting a blocking GC Explicit
08-04 19:51:08.832  2355  2368 I art     : Explicit concurrent mark sweep GC freed 1928(91KB) AllocSpace objects, 2(40KB) LOS objects, 32% free, 32MB/48MB, paused 249us total 17.982ms
08-04 19:51:08.842  2355  2368 I art     : Starting a blocking GC Explicit
08-04 19:51:08.859  2355  2368 I art     : Explicit concurrent mark sweep GC freed 70(1584B) AllocSpace objects, 0(0B) LOS objects, 32% free, 32MB/48MB, paused 259us total 16.878ms
08-04 19:51:08.868  2355  2368 I art     : Starting a blocking GC Explicit
08-04 19:51:08.883  2355  2368 I art     : Explicit concurrent mark sweep GC freed 37(656B) AllocSpace objects, 0(0B) LOS objects, 32% free, 32MB/48MB, paused 272us total 15.308ms
08-04 19:51:08.892  2355  2368 I art     : Starting a blocking GC Explicit
08-04 19:51:08.907  2355  2368 I art     : Explicit concurrent mark sweep GC freed 41(736B) AllocSpace objects, 0(0B) LOS objects, 32% free, 32MB/48MB, paused 231us total 15.126ms
08-04 19:51:08.915  2355  2368 I art     : Starting a blocking GC Explicit
08-04 19:51:08.931  2355  2368 I art     : Explicit concurrent mark sweep GC freed 26(464B) AllocSpace objects, 0(0B) LOS objects, 32% free, 32MB/48MB, paused 251us total 15.728ms
08-04 19:51:09.274  2355  2370 I art     : Starting a blocking GC Explicit
08-04 19:51:09.294  2355  2370 I art     : Explicit concurrent mark sweep GC freed 1953(91KB) AllocSpace objects, 2(40KB) LOS objects, 32% free, 32MB/48MB, paused 271us total 19.601ms
08-04 19:51:09.304  2355  2370 I art     : Starting a blocking GC Explicit
08-04 19:51:09.322  2355  2370 I art     : Explicit concurrent mark sweep GC freed 70(1584B) AllocSpace objects, 0(0B) LOS objects, 32% free, 32MB/48MB, paused 244us total 17.520ms
08-04 19:51:09.331  2355  2370 I art     : Starting a blocking GC Explicit
08-04 19:51:09.348  2355  2370 I art     : Explicit concurrent mark sweep GC freed 27(496B) AllocSpace objects, 0(0B) LOS objects, 32% free, 32MB/48MB, paused 253us total 16.685ms
08-04 19:51:09.357  2355  2370 I art     : Starting a blocking GC Explicit
08-04 19:51:09.374  2355  2370 I art     : Explicit concurrent mark sweep GC freed 51(896B) AllocSpace objects, 0(0B) LOS objects, 32% free, 32MB/48MB, paused 241us total 16.950ms
08-04 19:51:09.383  2355  2370 I art     : Starting a blocking GC Explicit
08-04 19:51:09.400  2355  2370 I art     : Explicit concurrent mark sweep GC freed 27(496B) AllocSpace objects, 0(0B) LOS objects, 32% free, 32MB/48MB, paused 239us total 16.843ms
08-04 19:51:09.728  2355  2377 I art     : Starting a blocking GC Explicit
08-04 19:51:09.748  2355  2377 I art     : Explicit concurrent mark sweep GC freed 1928(91KB) AllocSpace objects, 2(40KB) LOS objects, 32% free, 32MB/48MB, paused 284us total 19.842ms
08-04 19:51:09.761  2355  2377 I art     : Starting a blocking GC Explicit
08-04 19:51:09.778  2355  2377 I art     : Explicit concurrent mark sweep GC freed 70(1584B) AllocSpace objects, 0(0B) LOS objects, 32% free, 32MB/48MB, paused 244us total 16.703ms
08-04 19:51:09.787  2355  2377 I art     : Starting a blocking GC Explicit
08-04 19:51:09.803  2355  2377 I art     : Explicit concurrent mark sweep GC freed 41(720B) AllocSpace objects, 0(0B) LOS objects, 32% free, 32MB/48MB, paused 271us total 16.678ms
08-04 19:51:09.812  2355  2377 I art     : Starting a blocking GC Explicit
08-04 19:51:09.828  2355  2377 I art     : Explicit concurrent mark sweep GC freed 37(672B) AllocSpace objects, 0(0B) LOS objects, 32% free, 32MB/48MB, paused 246us total 16.212ms
08-04 19:51:09.837  2355  2377 I art     : Starting a blocking GC Explicit
08-04 19:51:09.854  2355  2377 I art     : Explicit concurrent mark sweep GC freed 51(896B) AllocSpace objects, 0(0B) LOS objects, 32% free, 32MB/48MB, paused 239us total 16.773ms
08-04 19:51:10.199  2355  2368 I art     : Starting a blocking GC Explicit
08-04 19:51:10.219  2355  2368 I art     : Explicit concurrent mark sweep GC freed 1928(91KB) AllocSpace objects, 2(40KB) LOS objects, 32% free, 32MB/48MB, paused 282us total 19.299ms
08-04 19:51:10.232  2355  2368 I art     : Starting a blocking GC Explicit
08-04 19:51:10.249  2355  2368 I art     : Explicit concurrent mark sweep GC freed 70(1584B) AllocSpace objects, 0(0B) LOS objects, 32% free, 32MB/48MB, paused 249us total 16.540ms
08-04 19:51:10.257  2355  2368 I art     : Starting a blocking GC Explicit
08-04 19:51:10.274  2355  2368 I art     : Explicit concurrent mark sweep GC freed 51(896B) AllocSpace objects, 0(0B) LOS objects, 32% free, 32MB/48MB, paused 227us total 16.372ms
08-04 19:51:10.283  2355  2368 I art     : Starting a blocking GC Explicit
08-04 19:51:10.299  2355  2368 I art     : Explicit concurrent mark sweep GC freed 27(496B) AllocSpace objects, 0(0B) LOS objects, 32% free, 32MB/48MB, paused 235us total 16.084ms
08-04 19:51:10.307  2355  2368 I art     : Starting a blocking GC Explicit
08-04 19:51:10.324  2355  2368 I art     : Explicit concurrent mark sweep GC freed 51(896B) AllocSpace objects, 0(0B) LOS objects, 32% free, 32MB/48MB, paused 239us total 16.324ms
08-04 19:51:10.673  2355  2370 I art     : Starting a blocking GC Explicit
08-04 19:51:10.690  2355  2370 I art     : Explicit concurrent mark sweep GC freed 1953(91KB) AllocSpace objects, 2(40KB) LOS objects, 32% free, 32MB/48MB, paused 241us total 17.179ms
08-04 19:51:10.699  2355  2370 I art     : Starting a blocking GC Explicit
08-04 19:51:10.717  2355  2370 I art     : Explicit concurrent mark sweep GC freed 46(1184B) AllocSpace objects, 0(0B) LOS objects, 32% free, 32MB/48MB, paused 264us total 17.524ms
08-04 19:51:10.726  2355  2370 I art     : Starting a blocking GC Explicit
08-04 19:51:10.744  2355  2370 I art     : Explicit concurrent mark sweep GC freed 51(896B) AllocSpace objects, 0(0B) LOS objects, 32% free, 32MB/48MB, paused 251us total 17.383ms
08-04 19:51:10.752  2355  2370 I art     : Starting a blocking GC Explicit
08-04 19:51:10.770  2355  2370 I art     : Explicit concurrent mark sweep GC freed 51(896B) AllocSpace objects, 0(0B) LOS objects, 32% free, 32MB/48MB, paused 251us total 17.202ms
08-04 19:51:10.779  2355  2370 I art     : Starting a blocking GC Explicit
08-04 19:51:10.795  2355  2370 I art     : Explicit concurrent mark sweep GC freed 27(496B) AllocSpace objects, 0(0B) LOS objects, 32% free, 32MB/48MB, paused 234us total 16.478ms
08-04 19:51:11.129  2355  2377 I art     : Starting a blocking GC Explicit
08-04 19:51:11.147  2355  2377 I art     : Explicit concurrent mark sweep GC freed 1928(91KB) AllocSpace objects, 2(40KB) LOS objects, 32% free, 32MB/48MB, paused 270us total 18.221ms
08-04 19:51:11.156  2355  2377 I art     : Starting a blocking GC Explicit
08-04 19:51:11.173  2355  2377 I art     : Explicit concurrent mark sweep GC freed 70(1584B) AllocSpace objects, 0(0B) LOS objects, 32% free, 32MB/48MB, paused 252us total 16.904ms
08-04 19:51:11.183  2355  2377 I art     : Starting a blocking GC Explicit
08-04 19:51:11.199  2355  2377 I art     : Explicit concurrent mark sweep GC freed 27(496B) AllocSpace objects, 0(0B) LOS objects, 32% free, 32MB/48MB, paused 243us total 16.499ms
08-04 19:51:11.208  2355  2377 I art     : Starting a blocking GC Explicit
08-04 19:51:11.224  2355  2377 I art     : Explicit concurrent mark sweep GC freed 51(896B) AllocSpace objects, 0(0B) LOS objects, 32% free, 32MB/48MB, paused 256us total 16.200ms
08-04 19:51:11.233  2355  2377 I art     : Starting a blocking GC Explicit
08-04 19:51:11.250  2355  2377 I art     : Explicit concurrent mark sweep GC freed 27(496B) AllocSpace objects, 0(0B) LOS objects, 32% free, 32MB/48MB, paused 245us total 16.732ms
08-04 19:51:11.333  2621  2621 D AndroidRuntime: >>>>>> START com.android.internal.os.RuntimeInit uid 2000 <<<<<<
08-04 19:51:11.338  2621  2621 D AndroidRuntime: CheckJNI is OFF
08-04 19:51:11.363  2621  2621 D ICU     : No timezone override file found: /data/misc/zoneinfo/current/icu/icu_tzdata.dat
08-04 19:51:11.388  2621  2621 I Radio-JNI: register_android_hardware_Radio DONE
08-04 19:51:11.404  2621  2621 D AndroidRuntime: Calling main entry com.android.commands.input.Input
08-04 19:51:11.406  2621  2621 I Input   : injectMotionEvent: MotionEvent { action=ACTION_DOWN, actionButton=0, id[0]=0, x[0]=346.0, y[0]=709.0, toolType[0]=TOOL_TYPE_UNKNOWN, buttonState=0, metaState=0, flags=0x0, edgeFlags=0x0, pointerCount=1, historySize=0, eventTime=733887819, downTime=733887819, deviceId=0, source=0x1002 }
08-04 19:51:11.411  2621  2621 I Input   : injectMotionEvent: MotionEvent { action=ACTION_UP, actionButton=0, id[0]=0, x[0]=346.0, y[0]=709.0, toolType[0]=TOOL_TYPE_UNKNOWN, buttonState=0, metaState=0, flags=0x0, edgeFlags=0x0, pointerCount=1, historySize=0, eventTime=733887819, downTime=733887819, deviceId=0, source=0x1002 }
08-04 19:51:11.422   918  6111 I ActivityManager: START u0 {cmp=baseline.io.github.project_travel_mate/.destinations.description.FinalCityInfoActivity (has extras)} from uid 10650 on display 0
08-04 19:51:11.430  2621  2621 D AndroidRuntime: Shutting down VM
08-04 19:51:11.455  2355  2445 D Gabe    : call	returning from cache
08-04 19:51:11.520  2355  2377 I art     : Starting a blocking GC Explicit
08-04 19:51:11.529  2355  2355 V EXECUTING: https://project-travel-mate.herokuapp.com/api/get-city-weather/1
08-04 19:51:11.542  2355  2377 I art     : Explicit concurrent mark sweep GC freed 8551(553KB) AllocSpace objects, 2(40KB) LOS objects, 32% free, 33MB/49MB, paused 588us total 21.527ms
08-04 19:51:11.553  2355  2377 I art     : Starting a blocking GC Explicit
08-04 19:51:11.570  2355  2377 I art     : Explicit concurrent mark sweep GC freed 557(34KB) AllocSpace objects, 0(0B) LOS objects, 32% free, 33MB/49MB, paused 319us total 16.906ms
08-04 19:51:11.579  2355  2377 I art     : Starting a blocking GC Explicit
08-04 19:51:11.600  2355  2377 I art     : Explicit concurrent mark sweep GC freed 670(21KB) AllocSpace objects, 0(0B) LOS objects, 29% free, 37MB/53MB, paused 635us total 21.187ms
08-04 19:51:11.609  2355  2377 I art     : Starting a blocking GC Explicit
08-04 19:51:11.630  2355  2377 I art     : Explicit concurrent mark sweep GC freed 57(2816B) AllocSpace objects, 0(0B) LOS objects, 29% free, 37MB/53MB, paused 493us total 20.294ms
08-04 19:51:11.640  2355  2377 I art     : Starting a blocking GC Explicit
08-04 19:51:11.650   918   936 I ActivityManager: Displayed baseline.io.github.project_travel_mate/.destinations.description.FinalCityInfoActivity: +220ms
08-04 19:51:11.650 13866 13866 I GoogleInputMethodServic: GoogleInputMethodService.onFinishInput():3138 
08-04 19:51:11.651 13866 13866 I GoogleInputMethodServic: GoogleInputMethodService.onStartInput():1808 
08-04 19:51:11.659  2355  2377 I art     : Explicit concurrent mark sweep GC freed 259(12KB) AllocSpace objects, 0(0B) LOS objects, 29% free, 37MB/53MB, paused 540us total 18.736ms
08-04 19:51:11.886   380   380 W SurfaceFlinger: couldn't log to binary event log: overflow.
08-04 19:51:11.908  2355  2370 I art     : Starting a blocking GC Explicit
08-04 19:51:11.927  2355  2370 I art     : Explicit concurrent mark sweep GC freed 2034(93KB) AllocSpace objects, 2(40KB) LOS objects, 29% free, 37MB/53MB, paused 293us total 18.242ms
08-04 19:51:11.935  2355  2370 I art     : Starting a blocking GC Explicit
08-04 19:51:11.953  2355  2370 I art     : Explicit concurrent mark sweep GC freed 77(1680B) AllocSpace objects, 0(0B) LOS objects, 29% free, 37MB/53MB, paused 338us total 17.620ms
08-04 19:51:11.962  2355  2370 I art     : Starting a blocking GC Explicit
08-04 19:51:11.981  2355  2370 I art     : Explicit concurrent mark sweep GC freed 92(1600B) AllocSpace objects, 0(0B) LOS objects, 29% free, 37MB/53MB, paused 305us total 18.597ms
08-04 19:51:11.991  2355  2370 I art     : Starting a blocking GC Explicit
08-04 19:51:12.009  2355  2370 I art     : Explicit concurrent mark sweep GC freed 99(1696B) AllocSpace objects, 0(0B) LOS objects, 29% free, 37MB/53MB, paused 280us total 18.021ms
08-04 19:51:12.018  2355  2370 I art     : Starting a blocking GC Explicit
08-04 19:51:12.041  2355  2370 I art     : Explicit concurrent mark sweep GC freed 1543(117KB) AllocSpace objects, 2(120KB) LOS objects, 29% free, 37MB/53MB, paused 638us total 22.655ms
08-04 19:51:12.107  2355  2656 I NAPPA_EXPERIMENTATION: MetricNetworkRequestExecutionTime: REQUEST_DURATION_SYSTEM='577',REQUEST_DURATION_OKHTTP='45',REQUEST_SYNCHRONOUS='FALSE',RESPONSE_CODE='200',RESPONSE_METHOD='GET',RESPONSE_LENGTH_OKHTTP='530',RESPONSE_LENGTH_HEADER='530',REQUEST_PROTOCOL='http/1.1',REQUEST_URL='https://project-travel-mate.herokuapp.com/api/get-city/1',
08-04 19:51:12.111  2355  2655 I NAPPA_EXPERIMENTATION: MetricNetworkRequestExecutionTime: REQUEST_DURATION_SYSTEM='582',REQUEST_DURATION_OKHTTP='48',REQUEST_SYNCHRONOUS='FALSE',RESPONSE_CODE='200',RESPONSE_METHOD='GET',RESPONSE_LENGTH_OKHTTP='238',RESPONSE_LENGTH_HEADER='238',REQUEST_PROTOCOL='http/1.1',REQUEST_URL='https://project-travel-mate.herokuapp.com/api/get-city-weather/1',
08-04 19:51:12.149  2355  2656 V Response: {"id":1,"city_name":"Delhi","description":"Delhi, officially the National Capital Territory of Delhi, is the Capital territory of India. During the British Raj, Delhi was part of the province of Punjab and is still historically and culturally connected to the Punjab region.","latitude":"28.613900","longitude":"77.209000","facts_count":6,"images":["https://upload.wikimedia.org/wikipedia/commons/9/94/%E0%B4%96%E0%B5%81%E0%B4%A4%E0%B5%8D%E0%B4%AC%E0%B5%8D_%E0%B4%AE%E0%B4%BF%E0%B4%A8%E0%B4%BE%E0%B5%BC1.jpg"],"has_visited":false}
08-04 19:51:12.247  6490  6520 I WorkerManager: dispose()
08-04 19:51:12.248  6490  6520 W ThreadPoolDumper: Queue length for executor EventBus is now 11. Perhaps some tasks are too long, or the pool is too small.
08-04 19:51:12.313  2355  2370 I art     : Starting a blocking GC Explicit
08-04 19:51:12.333  2355  2370 I art     : Explicit concurrent mark sweep GC freed 8837(563KB) AllocSpace objects, 12(5MB) LOS objects, 29% free, 38MB/54MB, paused 269us total 19.450ms
08-04 19:51:12.342  2355  2370 I art     : Starting a blocking GC Explicit
08-04 19:51:12.362  2355  2370 I art     : Explicit concurrent mark sweep GC freed 841(79KB) AllocSpace objects, 0(0B) LOS objects, 29% free, 38MB/54MB, paused 289us total 19.904ms
08-04 19:51:12.371  2355  2370 I art     : Starting a blocking GC Explicit
08-04 19:51:12.391  2355  2370 I art     : Explicit concurrent mark sweep GC freed 99(1696B) AllocSpace objects, 0(0B) LOS objects, 29% free, 38MB/54MB, paused 290us total 19.879ms
08-04 19:51:12.401  2355  2370 I art     : Starting a blocking GC Explicit
08-04 19:51:12.421  2355  2370 I art     : Explicit concurrent mark sweep GC freed 98(1664B) AllocSpace objects, 0(0B) LOS objects, 29% free, 38MB/54MB, paused 317us total 20.207ms
08-04 19:51:12.431  2355  2370 I art     : Starting a blocking GC Explicit
08-04 19:51:12.450  2355  2370 I art     : Explicit concurrent mark sweep GC freed 52(928B) AllocSpace objects, 0(0B) LOS objects, 29% free, 38MB/54MB, paused 278us total 18.680ms
08-04 19:51:12.774  2355  2377 I art     : Starting a blocking GC Explicit
08-04 19:51:12.795  2355  2377 I art     : Explicit concurrent mark sweep GC freed 2496(102KB) AllocSpace objects, 2(40KB) LOS objects, 29% free, 38MB/54MB, paused 263us total 20.132ms
08-04 19:51:12.804  2355  2377 I art     : Starting a blocking GC Explicit
08-04 19:51:12.824  2355  2377 I art     : Explicit concurrent mark sweep GC freed 130(3KB) AllocSpace objects, 0(0B) LOS objects, 29% free, 38MB/54MB, paused 283us total 19.878ms
08-04 19:51:12.833  2355  2377 I art     : Starting a blocking GC Explicit
08-04 19:51:12.853  2355  2377 I art     : Explicit concurrent mark sweep GC freed 51(896B) AllocSpace objects, 0(0B) LOS objects, 29% free, 38MB/54MB, paused 286us total 19.404ms
08-04 19:51:12.862  2355  2377 I art     : Starting a blocking GC Explicit
08-04 19:51:12.882  2355  2377 I art     : Explicit concurrent mark sweep GC freed 99(1696B) AllocSpace objects, 0(0B) LOS objects, 29% free, 38MB/54MB, paused 287us total 20.063ms
08-04 19:51:12.891  2355  2377 I art     : Starting a blocking GC Explicit
08-04 19:51:12.911  2355  2377 I art     : Explicit concurrent mark sweep GC freed 99(1696B) AllocSpace objects, 0(0B) LOS objects, 29% free, 38MB/54MB, paused 288us total 19.511ms
08-04 19:51:13.084   518   646 I ThermalEngine: ACTION: GPU - Setting GPU[0] to 510000000
08-04 19:51:13.250  2355  2368 I art     : Starting a blocking GC Explicit
08-04 19:51:13.278  2355  2368 I art     : Explicit concurrent mark sweep GC freed 2482(100KB) AllocSpace objects, 2(40KB) LOS objects, 29% free, 38MB/54MB, paused 634us total 27.636ms
08-04 19:51:13.293  2355  2368 I art     : Starting a blocking GC Explicit
08-04 19:51:13.317  2355  2368 I art     : Explicit concurrent mark sweep GC freed 118(2384B) AllocSpace objects, 0(0B) LOS objects, 29% free, 38MB/54MB, paused 383us total 23.683ms
08-04 19:51:13.328  2355  2368 I art     : Starting a blocking GC Explicit
08-04 19:51:13.352  2355  2368 I art     : Explicit concurrent mark sweep GC freed 99(1696B) AllocSpace objects, 0(0B) LOS objects, 29% free, 38MB/54MB, paused 384us total 23.765ms
08-04 19:51:13.364  2355  2368 I art     : Starting a blocking GC Explicit
08-04 19:51:13.389  2355  2368 I art     : Explicit concurrent mark sweep GC freed 115(1952B) AllocSpace objects, 0(0B) LOS objects, 29% free, 38MB/54MB, paused 447us total 24.160ms
08-04 19:51:13.401  2355  2368 I art     : Starting a blocking GC Explicit
08-04 19:51:13.425  2355  2368 I art     : Explicit concurrent mark sweep GC freed 131(2240B) AllocSpace objects, 0(0B) LOS objects, 29% free, 38MB/54MB, paused 406us total 23.814ms
08-04 19:51:13.783   950   950 I ServiceManager: Waiting for service AtCmdFwd...
08-04 19:51:13.795  2355  2370 I art     : Starting a blocking GC Explicit
08-04 19:51:13.823  2355  2370 I art     : Explicit concurrent mark sweep GC freed 2529(101KB) AllocSpace objects, 2(40KB) LOS objects, 29% free, 38MB/54MB, paused 487us total 27.412ms
08-04 19:51:13.838  2355  2370 I art     : Starting a blocking GC Explicit
08-04 19:51:13.863  2355  2370 I art     : Explicit concurrent mark sweep GC freed 165(3KB) AllocSpace objects, 0(0B) LOS objects, 29% free, 38MB/54MB, paused 383us total 24.395ms
08-04 19:51:13.874  2355  2370 I art     : Starting a blocking GC Explicit
08-04 19:51:13.898  2355  2370 I art     : Explicit concurrent mark sweep GC freed 100(1728B) AllocSpace objects, 0(0B) LOS objects, 29% free, 38MB/54MB, paused 391us total 24.203ms
08-04 19:51:13.910  2355  2370 I art     : Starting a blocking GC Explicit
08-04 19:51:13.935  2355  2370 I art     : Explicit concurrent mark sweep GC freed 99(1696B) AllocSpace objects, 0(0B) LOS objects, 29% free, 38MB/54MB, paused 389us total 24.360ms
08-04 19:51:13.947  2355  2370 I art     : Starting a blocking GC Explicit
08-04 19:51:13.971  2355  2370 I art     : Explicit concurrent mark sweep GC freed 99(1696B) AllocSpace objects, 0(0B) LOS objects, 29% free, 38MB/54MB, paused 392us total 24.374ms
08-04 19:51:14.324  2355  2377 I art     : Starting a blocking GC Explicit
08-04 19:51:14.352  2355  2377 I art     : Explicit concurrent mark sweep GC freed 2530(101KB) AllocSpace objects, 2(40KB) LOS objects, 29% free, 38MB/54MB, paused 417us total 27.813ms
08-04 19:51:14.369  2355  2377 I art     : Starting a blocking GC Explicit
08-04 19:51:14.393  2355  2377 I art     : Explicit concurrent mark sweep GC freed 166(3KB) AllocSpace objects, 0(0B) LOS objects, 29% free, 38MB/54MB, paused 386us total 23.967ms
08-04 19:51:14.405  2355  2377 I art     : Starting a blocking GC Explicit
08-04 19:51:14.429  2355  2377 I art     : Explicit concurrent mark sweep GC freed 99(1696B) AllocSpace objects, 0(0B) LOS objects, 29% free, 38MB/54MB, paused 367us total 23.514ms
08-04 19:51:14.441  2355  2377 I art     : Starting a blocking GC Explicit
08-04 19:51:14.465  2355  2377 I art     : Explicit concurrent mark sweep GC freed 100(1728B) AllocSpace objects, 0(0B) LOS objects, 29% free, 38MB/54MB, paused 384us total 24.244ms
08-04 19:51:14.477  2355  2377 I art     : Starting a blocking GC Explicit
08-04 19:51:14.502  2355  2377 I art     : Explicit concurrent mark sweep GC freed 99(1696B) AllocSpace objects, 0(0B) LOS objects, 29% free, 38MB/54MB, paused 392us total 24.381ms
08-04 19:51:14.784   950   950 I ServiceManager: Waiting for service AtCmdFwd...
08-04 19:51:14.843  2355  2368 I art     : Starting a blocking GC Explicit
08-04 19:51:14.871  2355  2368 I art     : Explicit concurrent mark sweep GC freed 2482(100KB) AllocSpace objects, 2(40KB) LOS objects, 29% free, 38MB/54MB, paused 386us total 26.599ms
08-04 19:51:14.886  2355  2368 I art     : Starting a blocking GC Explicit
08-04 19:51:14.910  2355  2368 I art     : Explicit concurrent mark sweep GC freed 166(3KB) AllocSpace objects, 0(0B) LOS objects, 29% free, 38MB/54MB, paused 364us total 23.596ms
08-04 19:51:14.921  2355  2368 I art     : Starting a blocking GC Explicit
08-04 19:51:14.945  2355  2368 I art     : Explicit concurrent mark sweep GC freed 99(1696B) AllocSpace objects, 0(0B) LOS objects, 29% free, 38MB/54MB, paused 405us total 23.585ms
08-04 19:51:14.957  2355  2368 I art     : Starting a blocking GC Explicit
08-04 19:51:14.982  2355  2368 I art     : Explicit concurrent mark sweep GC freed 99(1696B) AllocSpace objects, 0(0B) LOS objects, 29% free, 38MB/54MB, paused 382us total 24.480ms
08-04 19:51:14.994  2355  2368 I art     : Starting a blocking GC Explicit
08-04 19:51:15.018  2355  2368 I art     : Explicit concurrent mark sweep GC freed 99(1696B) AllocSpace objects, 0(0B) LOS objects, 29% free, 38MB/54MB, paused 387us total 23.769ms
08-04 19:51:15.382  2355  2370 I art     : Starting a blocking GC Explicit
08-04 19:51:15.410  2355  2370 I art     : Explicit concurrent mark sweep GC freed 2576(101KB) AllocSpace objects, 2(40KB) LOS objects, 29% free, 38MB/54MB, paused 543us total 27.670ms
08-04 19:51:15.426  2355  2370 I art     : Starting a blocking GC Explicit
08-04 19:51:15.450  2355  2370 I art     : Explicit concurrent mark sweep GC freed 119(2416B) AllocSpace objects, 0(0B) LOS objects, 29% free, 38MB/54MB, paused 367us total 24.290ms
08-04 19:51:15.462  2355  2370 I art     : Starting a blocking GC Explicit
08-04 19:51:15.486  2355  2370 I art     : Explicit concurrent mark sweep GC freed 99(1696B) AllocSpace objects, 0(0B) LOS objects, 29% free, 38MB/54MB, paused 373us total 24.039ms
08-04 19:51:15.498  2355  2370 I art     : Starting a blocking GC Explicit
08-04 19:51:15.522  2355  2370 I art     : Explicit concurrent mark sweep GC freed 99(1696B) AllocSpace objects, 0(0B) LOS objects, 29% free, 38MB/54MB, paused 375us total 23.540ms
08-04 19:51:15.534  2355  2370 I art     : Starting a blocking GC Explicit
08-04 19:51:15.558  2355  2370 I art     : Explicit concurrent mark sweep GC freed 135(2272B) AllocSpace objects, 0(0B) LOS objects, 29% free, 38MB/54MB, paused 477us total 24.236ms
08-04 19:51:15.784   950   950 I ServiceManager: Waiting for service AtCmdFwd...
08-04 19:51:15.870  2355  2368 I art     : Starting a blocking GC Explicit
08-04 19:51:15.896  2355  2368 I art     : Explicit concurrent mark sweep GC freed 2421(99KB) AllocSpace objects, 2(40KB) LOS objects, 29% free, 38MB/54MB, paused 406us total 25.506ms
08-04 19:51:15.908  2355  2368 I art     : Starting a blocking GC Explicit
08-04 19:51:15.934  2355  2368 I art     : Explicit concurrent mark sweep GC freed 128(2928B) AllocSpace objects, 0(0B) LOS objects, 29% free, 38MB/54MB, paused 636us total 25.034ms
08-04 19:51:15.945  2355  2368 I art     : Starting a blocking GC Explicit
08-04 19:51:15.970  2355  2368 I art     : Explicit concurrent mark sweep GC freed 99(1696B) AllocSpace objects, 0(0B) LOS objects, 29% free, 38MB/54MB, paused 387us total 23.976ms
08-04 19:51:15.981  2355  2368 I art     : Starting a blocking GC Explicit
08-04 19:51:16.006  2355  2368 I art     : Explicit concurrent mark sweep GC freed 99(1696B) AllocSpace objects, 0(0B) LOS objects, 29% free, 38MB/54MB, paused 368us total 23.815ms
08-04 19:51:16.017  2355  2368 I art     : Starting a blocking GC Explicit
08-04 19:51:16.041  2355  2368 I art     : Explicit concurrent mark sweep GC freed 104(1776B) AllocSpace objects, 0(0B) LOS objects, 29% free, 38MB/54MB, paused 478us total 23.435ms
08-04 19:51:16.119  2743  2743 D AndroidRuntime: >>>>>> START com.android.internal.os.RuntimeInit uid 2000 <<<<<<
08-04 19:51:16.123  2743  2743 D AndroidRuntime: CheckJNI is OFF
08-04 19:51:16.158  2743  2743 D ICU     : No timezone override file found: /data/misc/zoneinfo/current/icu/icu_tzdata.dat
08-04 19:51:16.192  2743  2743 I Radio-JNI: register_android_hardware_Radio DONE
08-04 19:51:16.215  2743  2743 D AndroidRuntime: Calling main entry com.android.commands.input.Input
08-04 19:51:16.217  2743  2743 I Input   : injectMotionEvent: MotionEvent { action=ACTION_DOWN, actionButton=0, id[0]=0, x[0]=693.0, y[0]=1450.0, toolType[0]=TOOL_TYPE_UNKNOWN, buttonState=0, metaState=0, flags=0x0, edgeFlags=0x0, pointerCount=1, historySize=0, eventTime=733892629, downTime=733892629, deviceId=0, source=0x1002 }
08-04 19:51:16.222  2743  2743 I Input   : injectMotionEvent: MotionEvent { action=ACTION_UP, actionButton=0, id[0]=0, x[0]=693.0, y[0]=1450.0, toolType[0]=TOOL_TYPE_UNKNOWN, buttonState=0, metaState=0, flags=0x0, edgeFlags=0x0, pointerCount=1, historySize=0, eventTime=733892629, downTime=733892629, deviceId=0, source=0x1002 }
08-04 19:51:16.224  2743  2743 D AndroidRuntime: Shutting down VM
08-04 19:51:16.225   918  5132 I ActivityManager: START u0 {cmp=baseline.io.github.project_travel_mate/.destinations.description.CityHistoryActivity} from uid 10650 on display 0
08-04 19:51:16.227   512  2967 D audio_hw_primary: out_set_parameters: enter: usecase(1: low-latency-playback) kvpairs: routing=2
08-04 19:51:16.240   512  2967 D audio_hw_primary: select_devices: out_snd_device(2: speaker) in_snd_device(0: none)
08-04 19:51:16.240   512  2967 D msm8974_platform: platform_send_audio_calibration: sending audio calibration for snd_device(2) acdb_id(15)
08-04 19:51:16.240   512  2967 I soundtrigger: audio_extn_sound_trigger_update_device_status: device 0x2 of type 0 for Event 1
08-04 19:51:16.254  2355  2445 D Gabe    : call	returning from cache
08-04 19:51:16.256   512  2967 D audio_hw_primary: enable_snd_device: snd_device(2: speaker)
08-04 19:51:16.258   512  2967 D audio_hw_primary: enable_audio_route: apply and update mixer path: low-latency-playback speaker
08-04 19:51:16.259  2355  2355 V EXECUTING: https://project-travel-mate.herokuapp.com/api/get-city-information/1
08-04 19:51:16.363  2355  2370 I art     : Starting a blocking GC Explicit
08-04 19:51:16.389  2355  2370 I art     : Explicit concurrent mark sweep GC freed 3243(226KB) AllocSpace objects, 2(40KB) LOS objects, 27% free, 42MB/58MB, paused 659us total 25.765ms
08-04 19:51:16.401  2355  2370 I art     : Starting a blocking GC Explicit
08-04 19:51:16.404 13866 13866 I GoogleInputMethodServic: GoogleInputMethodService.onFinishInput():3138 
08-04 19:51:16.404   918   936 I ActivityManager: Displayed baseline.io.github.project_travel_mate/.destinations.description.CityHistoryActivity: +169ms
08-04 19:51:16.405 13866 13866 I GoogleInputMethodServic: GoogleInputMethodService.onStartInput():1808 
08-04 19:51:16.427  2355  2370 I art     : Explicit concurrent mark sweep GC freed 352(12KB) AllocSpace objects, 0(0B) LOS objects, 27% free, 42MB/58MB, paused 748us total 25.849ms
08-04 19:51:16.440  2355  2370 I art     : Starting a blocking GC Explicit
08-04 19:51:16.468  2355  2370 I art     : Explicit concurrent mark sweep GC freed 22(432B) AllocSpace objects, 0(0B) LOS objects, 27% free, 42MB/58MB, paused 752us total 27.605ms
08-04 19:51:16.480  2355  2370 I art     : Starting a blocking GC Explicit
08-04 19:51:16.505  2355  2370 I art     : Explicit concurrent mark sweep GC freed 150(2672B) AllocSpace objects, 0(0B) LOS objects, 27% free, 42MB/58MB, paused 491us total 24.201ms
08-04 19:51:16.514  2779  2779 I art     : Late-enabling -Xcheck:jni
08-04 19:51:16.515   918   918 I ActivityManager: Start proc 2779:nappagreedy.com.newsblur/u0a655 for service nappagreedy.com.newsblur/.service.NBSyncService
08-04 19:51:16.517  2355  2370 I art     : Starting a blocking GC Explicit
08-04 19:51:16.531  8429  8429 I Finsky  : [1] xow.onStartJob(3): SCH: onJobSchedulerWakeup with jobId 9011
08-04 19:51:16.540  2355  2370 I art     : Explicit concurrent mark sweep GC freed 149(2576B) AllocSpace objects, 0(0B) LOS objects, 27% free, 42MB/58MB, paused 470us total 23.024ms
08-04 19:51:16.541  8429  8429 I Finsky  : [1] xjw.a(9): Scheduling fallback in 43199992 (absolute: 1760480407)
08-04 19:51:16.547  8429  8429 I Finsky  : [1] xjw.a(9): Scheduling fallback in 64799995 (absolute: 1782080416)
08-04 19:51:16.563  2779  2779 W System  : ClassLoader referenced unknown path: /data/app/nappagreedy.com.newsblur-1/lib/arm64
08-04 19:51:16.595  8429  8429 I Finsky  : [1] xkf.handleMessage(8): SCH: DeviceState: DeviceState{currentTime=1596563476589, isCharging=false, isIdle=false, netAny=true, netNotRoaming=true, netUnmetered=true, batteryPercent=100.0}
08-04 19:51:16.601  8429  2325 I Finsky  : [6164] xmu.a(8): SCH: Jobs in database: 1-1337 3-197 3-198 12-1 24-77777777 26-1414141414 
08-04 19:51:16.604  8429  8429 I Finsky  : [1] xkg.a(16): SCH: Running job: 12-1
08-04 19:51:16.605  8429  8429 I Finsky  : [1] ContentSyncJob.a(16): [ContentSync] job started
08-04 19:51:16.605  8429  8429 I Finsky  : [1] xkf.handleMessage(61): SCH: RunningQueue size: 1, PendingQueue size: 0
08-04 19:51:16.605  8429  8429 I Finsky  : [1] xkf.handleMessage(64): SCH: Running queue: 12-1 
08-04 19:51:16.658   380   380 W SurfaceFlinger: couldn't log to binary event log: overflow.
08-04 19:51:16.685  8429  2340 I Finsky  : [6174] dzn.a(22): Completed 0 account content syncs with 0 successful.
08-04 19:51:16.686  8429  8429 I Finsky  : [1] ContentSyncJob.a(1): [ContentSync] Installation state replication succeeded.
08-04 19:51:16.686  8429  8429 I Finsky  : [1] xlr.a(13): SCH: jobFinished: 12-1. TimeElapsed: 82ms.
08-04 19:51:16.687  8429  8429 I Finsky  : [1] xkg.a(36): SCH: Job 12-1 finished. Not rescheduling.
08-04 19:51:16.688  8429  8429 I Finsky  : [1] xkf.handleMessage(61): SCH: RunningQueue size: 0, PendingQueue size: 0
08-04 19:51:16.688  8429  8429 I Finsky  : [1] xkf.handleMessage(25): Executor finished
08-04 19:51:16.696   918  5952 I ActivityManager: Killing 23891:nappatfpr.com.newsblur/u0a658 (adj 15): empty #17
08-04 19:51:16.713  8429  8429 I Finsky  : [1] xmu.a(8): SCH: Jobs in database: 1-1337 3-197 3-198 24-77777777 26-1414141414 
08-04 19:51:16.715  8429  8429 I Finsky  : [1] xio.a(57): SCH: ConstraintMapping: 24-77777777,  -> L: 0ms, D: 4724123ms, C: false, I: true, N: 0
08-04 19:51:16.715  8429  8429 I Finsky  : [1] xio.a(57): SCH: ConstraintMapping: 1-1337,  -> L: 8076192ms, D: 51276192ms, C: false, I: false, N: 1
08-04 19:51:16.716  8429  8429 I Finsky  : [1] xio.a(57): SCH: ConstraintMapping: 3-197,  -> L: 0ms, D: 76154119ms, C: false, I: true, N: 2
08-04 19:51:16.716  8429  8429 I Finsky  : [1] xio.a(57): SCH: ConstraintMapping: 3-198,  -> L: 0ms, D: 76154177ms, C: true, I: true, N: 2
08-04 19:51:16.717  8429  8429 I Finsky  : [1] xio.a(57): SCH: ConstraintMapping: 26-1414141414,  -> L: 12189323ms, D: 13089323ms, C: false, I: false, N: 0
08-04 19:51:16.745  2355  2777 I NAPPA_EXPERIMENTATION: MetricNetworkRequestExecutionTime: REQUEST_DURATION_SYSTEM='485',REQUEST_DURATION_OKHTTP='28',REQUEST_SYNCHRONOUS='FALSE',RESPONSE_CODE='200',RESPONSE_METHOD='GET',RESPONSE_LENGTH_OKHTTP='55024',RESPONSE_LENGTH_HEADER='55024',REQUEST_PROTOCOL='http/1.1',REQUEST_URL='https://project-travel-mate.herokuapp.com/api/get-city-information/1',
08-04 19:51:16.751  8429  8429 I Finsky  : [1] xle.a(34): Cancelling existing jobscheduler jobs: 9014 9018 9017 9012 9013 9016 9019 9001 9015 
08-04 19:51:16.751  8429  8429 I Finsky  : [1] xle.a(10): Throttling wakeup for job 9000 (expected to run in 0 ms) due to recent wakeup
08-04 19:51:16.752  8429  8429 I Finsky  : [1] xle.a(27): Scheduling job Id: 9000, L: 30000, D: 4724123, C: false, I: true, N: 0
08-04 19:51:16.753  8429  8429 I Finsky  : [1] xle.a(27): Scheduling job Id: 9002, L: 8076192, D: 51276192, C: false, I: false, N: 1
08-04 19:51:16.754  8429  8429 I Finsky  : [1] xle.a(10): Throttling wakeup for job 9003 (expected to run in 0 ms) due to recent wakeup
08-04 19:51:16.754  8429  8429 I Finsky  : [1] xle.a(27): Scheduling job Id: 9003, L: 30000, D: 76154119, C: false, I: true, N: 2
08-04 19:51:16.756  8429  8429 I Finsky  : [1] xle.a(10): Throttling wakeup for job 9004 (expected to run in 0 ms) due to recent wakeup
08-04 19:51:16.756  8429  8429 I Finsky  : [1] xle.a(27): Scheduling job Id: 9004, L: 30000, D: 76154177, C: true, I: true, N: 2
08-04 19:51:16.757  8429  8429 I Finsky  : [1] xle.a(27): Scheduling job Id: 9005, L: 12189323, D: 13089323, C: false, I: false, N: 0
08-04 19:51:16.759  8429  8429 I Finsky  : [1] xle.a(10): Throttling wakeup for job 9006 (expected to run in 0 ms) due to recent wakeup
08-04 19:51:16.760  8429  8429 I Finsky  : [1] xle.a(27): Scheduling job Id: 9006, L: 30000, D: 4724123, C: false, I: true, N: 0
08-04 19:51:16.761  8429  8429 I Finsky  : [1] xle.a(27): Scheduling job Id: 9007, L: 8076192, D: 51276192, C: false, I: false, N: 1
08-04 19:51:16.762  8429  8429 I Finsky  : [1] xle.a(10): Throttling wakeup for job 9008 (expected to run in 0 ms) due to recent wakeup
08-04 19:51:16.762  8429  8429 I Finsky  : [1] xle.a(27): Scheduling job Id: 9008, L: 30000, D: 76154119, C: false, I: true, N: 2
08-04 19:51:16.763  8429  8429 I Finsky  : [1] xle.a(10): Throttling wakeup for job 9009 (expected to run in 0 ms) due to recent wakeup
08-04 19:51:16.763  8429  8429 I Finsky  : [1] xle.a(27): Scheduling job Id: 9009, L: 30000, D: 76154177, C: true, I: true, N: 2
08-04 19:51:16.764  8429  8429 I Finsky  : [1] xle.a(27): Scheduling job Id: 9010, L: 12189323, D: 13089323, C: false, I: false, N: 0
08-04 19:51:16.785   950   950 I ServiceManager: Waiting for service AtCmdFwd...
08-04 19:51:16.798   512  2967 D audio_hw_primary: disable_audio_route: reset and update mixer path: low-latency-playback speaker
08-04 19:51:16.799   512  2967 D audio_hw_primary: disable_snd_device: snd_device(2: speaker)
08-04 19:51:16.806   512  2967 I soundtrigger: audio_extn_sound_trigger_update_device_status: device 0x2 of type 0 for Event 0
08-04 19:51:16.806 13866 13866 I GoogleInputMethodServic: GoogleInputMethodService.onFinishInput():3138 
08-04 19:51:16.807 13866 13866 I GoogleInputMethodServic: GoogleInputMethodService.onStartInput():1808 
08-04 19:51:16.838  2355  2377 I art     : Starting a blocking GC Explicit
08-04 19:51:16.868  2355  2377 I art     : Explicit concurrent mark sweep GC freed 6889(1482KB) AllocSpace objects, 25(5MB) LOS objects, 29% free, 39MB/55MB, paused 393us total 30.434ms
08-04 19:51:16.881  2355  2377 I art     : Starting a blocking GC Explicit
08-04 19:51:16.908  2355  2377 I art     : Explicit concurrent mark sweep GC freed 1143(121KB) AllocSpace objects, 0(0B) LOS objects, 29% free, 38MB/54MB, paused 575us total 27.554ms
08-04 19:51:16.921  2355  2377 I art     : Starting a blocking GC Explicit
08-04 19:51:16.949  2355  2377 I art     : Explicit concurrent mark sweep GC freed 219(3KB) AllocSpace objects, 0(0B) LOS objects, 29% free, 38MB/54MB, paused 465us total 27.473ms
08-04 19:51:16.961  2355  2377 I art     : Starting a blocking GC Explicit
08-04 19:51:16.989  2355  2377 I art     : Explicit concurrent mark sweep GC freed 147(2496B) AllocSpace objects, 0(0B) LOS objects, 29% free, 38MB/54MB, paused 422us total 27.505ms
08-04 19:51:17.002  2355  2377 I art     : Starting a blocking GC Explicit
08-04 19:51:17.029  2355  2377 I art     : Explicit concurrent mark sweep GC freed 219(3KB) AllocSpace objects, 0(0B) LOS objects, 29% free, 38MB/54MB, paused 423us total 27.173ms
08-04 19:51:17.358  2355  2368 I art     : Starting a blocking GC Explicit
08-04 19:51:17.389  2355  2368 I art     : Explicit concurrent mark sweep GC freed 2936(107KB) AllocSpace objects, 2(40KB) LOS objects, 29% free, 38MB/54MB, paused 461us total 29.487ms
08-04 19:51:17.404  2355  2368 I art     : Starting a blocking GC Explicit
08-04 19:51:17.430  2355  2368 I art     : Explicit concurrent mark sweep GC freed 239(4KB) AllocSpace objects, 0(0B) LOS objects, 29% free, 38MB/54MB, paused 420us total 25.951ms
08-04 19:51:17.442  2355  2368 I art     : Starting a blocking GC Explicit
08-04 19:51:17.468  2355  2368 I art     : Explicit concurrent mark sweep GC freed 146(2464B) AllocSpace objects, 0(0B) LOS objects, 29% free, 38MB/54MB, paused 425us total 26.060ms
08-04 19:51:17.480  2355  2368 I art     : Starting a blocking GC Explicit
08-04 19:51:17.508  2355  2368 I art     : Explicit concurrent mark sweep GC freed 149(2560B) AllocSpace objects, 0(0B) LOS objects, 29% free, 38MB/54MB, paused 435us total 27.478ms
08-04 19:51:17.520  2355  2368 I art     : Starting a blocking GC Explicit
08-04 19:51:17.547  2355  2368 I art     : Explicit concurrent mark sweep GC freed 219(3KB) AllocSpace objects, 0(0B) LOS objects, 29% free, 38MB/54MB, paused 523us total 26.362ms
08-04 19:51:17.785   950   950 I ServiceManager: Waiting for service AtCmdFwd...
08-04 19:51:17.875  2355  2370 I art     : Starting a blocking GC Explicit
08-04 19:51:17.904  2355  2370 I art     : Explicit concurrent mark sweep GC freed 2940(107KB) AllocSpace objects, 2(40KB) LOS objects, 29% free, 38MB/54MB, paused 392us total 28.809ms
08-04 19:51:17.918  2355  2370 I art     : Starting a blocking GC Explicit
08-04 19:51:17.946  2355  2370 I art     : Explicit concurrent mark sweep GC freed 244(4KB) AllocSpace objects, 0(0B) LOS objects, 29% free, 38MB/54MB, paused 461us total 27.227ms
08-04 19:51:17.958  2355  2370 I art     : Starting a blocking GC Explicit
08-04 19:51:17.985  2355  2370 I art     : Explicit concurrent mark sweep GC freed 152(2656B) AllocSpace objects, 0(0B) LOS objects, 29% free, 38MB/54MB, paused 391us total 26.140ms
08-04 19:51:17.997  2355  2370 I art     : Starting a blocking GC Explicit
08-04 19:51:18.024  2355  2370 I art     : Explicit concurrent mark sweep GC freed 152(2656B) AllocSpace objects, 0(0B) LOS objects, 29% free, 38MB/54MB, paused 523us total 26.358ms
08-04 19:51:18.036  2355  2370 I art     : Starting a blocking GC Explicit
08-04 19:51:18.062  2355  2370 I art     : Explicit concurrent mark sweep GC freed 222(3KB) AllocSpace objects, 0(0B) LOS objects, 29% free, 38MB/54MB, paused 572us total 25.817ms
08-04 19:51:18.448  2355  2377 I art     : Starting a blocking GC Explicit
08-04 19:51:18.478  2355  2377 I art     : Explicit concurrent mark sweep GC freed 3162(111KB) AllocSpace objects, 2(40KB) LOS objects, 29% free, 38MB/54MB, paused 495us total 29.531ms
08-04 19:51:18.491  2355  2377 I art     : Starting a blocking GC Explicit
08-04 19:51:18.518  2355  2377 I art     : Explicit concurrent mark sweep GC freed 238(4KB) AllocSpace objects, 0(0B) LOS objects, 29% free, 38MB/54MB, paused 413us total 26.453ms
08-04 19:51:18.530  2355  2377 I art     : Starting a blocking GC Explicit
08-04 19:51:18.556  2355  2377 I art     : Explicit concurrent mark sweep GC freed 147(2496B) AllocSpace objects, 0(0B) LOS objects, 29% free, 38MB/54MB, paused 386us total 25.350ms
08-04 19:51:18.568  2355  2377 I art     : Starting a blocking GC Explicit
08-04 19:51:18.594  2355  2377 I art     : Explicit concurrent mark sweep GC freed 169(2848B) AllocSpace objects, 0(0B) LOS objects, 29% free, 38MB/54MB, paused 515us total 26.697ms
08-04 19:51:18.607  2355  2377 I art     : Starting a blocking GC Explicit
08-04 19:51:18.634  2355  2377 I art     : Explicit concurrent mark sweep GC freed 197(3KB) AllocSpace objects, 0(0B) LOS objects, 29% free, 38MB/54MB, paused 410us total 26.705ms
08-04 19:51:18.786   950   950 W Atfwd_Sendcmd: AtCmdFwd service not published, waiting... retryCnt : 4
08-04 19:51:19.005  2355  2368 I art     : Starting a blocking GC Explicit
08-04 19:51:19.035  2355  2368 I art     : Explicit concurrent mark sweep GC freed 3165(111KB) AllocSpace objects, 2(40KB) LOS objects, 29% free, 38MB/54MB, paused 401us total 30.391ms
08-04 19:51:19.047  2355  2368 I art     : Starting a blocking GC Explicit
08-04 19:51:19.073  2355  2368 I art     : Explicit concurrent mark sweep GC freed 182(3KB) AllocSpace objects, 0(0B) LOS objects, 29% free, 38MB/54MB, paused 415us total 25.479ms
08-04 19:51:19.085  2355  2368 I art     : Starting a blocking GC Explicit
08-04 19:51:19.111  2355  2368 I art     : Explicit concurrent mark sweep GC freed 155(2624B) AllocSpace objects, 0(0B) LOS objects, 29% free, 38MB/54MB, paused 502us total 25.857ms
08-04 19:51:19.123  2355  2368 I art     : Starting a blocking GC Explicit
08-04 19:51:19.151  2355  2368 I art     : Explicit concurrent mark sweep GC freed 211(3KB) AllocSpace objects, 0(0B) LOS objects, 29% free, 38MB/54MB, paused 417us total 27.138ms
08-04 19:51:19.163  2355  2368 I art     : Starting a blocking GC Explicit
08-04 19:51:19.189  2355  2368 I art     : Explicit concurrent mark sweep GC freed 147(2496B) AllocSpace objects, 0(0B) LOS objects, 29% free, 38MB/54MB, paused 422us total 26.272ms
08-04 19:51:19.563  2355  2370 I art     : Starting a blocking GC Explicit
08-04 19:51:19.593  2355  2370 I art     : Explicit concurrent mark sweep GC freed 3154(111KB) AllocSpace objects, 2(40KB) LOS objects, 29% free, 38MB/54MB, paused 426us total 29.623ms
08-04 19:51:19.608  2355  2370 I art     : Starting a blocking GC Explicit
08-04 19:51:19.636  2355  2370 I art     : Explicit concurrent mark sweep GC freed 238(4KB) AllocSpace objects, 0(0B) LOS objects, 29% free, 38MB/54MB, paused 382us total 27.645ms
08-04 19:51:19.648  2355  2370 I art     : Starting a blocking GC Explicit
08-04 19:51:19.674  2355  2370 I art     : Explicit concurrent mark sweep GC freed 147(2496B) AllocSpace objects, 0(0B) LOS objects, 29% free, 38MB/54MB, paused 415us total 25.727ms
08-04 19:51:19.687  2355  2370 I art     : Starting a blocking GC Explicit
08-04 19:51:19.713  2355  2370 I art     : Explicit concurrent mark sweep GC freed 196(3KB) AllocSpace objects, 0(0B) LOS objects, 29% free, 38MB/54MB, paused 517us total 26.504ms
08-04 19:51:19.726  2355  2370 I art     : Starting a blocking GC Explicit
08-04 19:51:19.753  2355  2370 I art     : Explicit concurrent mark sweep GC freed 170(2896B) AllocSpace objects, 0(0B) LOS objects, 29% free, 38MB/54MB, paused 419us total 26.751ms
08-04 19:51:20.135  2355  2778 I art     : Starting a blocking GC Explicit
08-04 19:51:20.163  2355  2778 I art     : Explicit concurrent mark sweep GC freed 3158(111KB) AllocSpace objects, 2(40KB) LOS objects, 29% free, 38MB/54MB, paused 479us total 28.196ms
08-04 19:51:20.176  2355  2778 I art     : Starting a blocking GC Explicit
08-04 19:51:20.203  2355  2778 I art     : Explicit concurrent mark sweep GC freed 233(4KB) AllocSpace objects, 0(0B) LOS objects, 29% free, 38MB/54MB, paused 411us total 26.766ms
08-04 19:51:20.215  2355  2778 I art     : Starting a blocking GC Explicit
08-04 19:51:20.243  2355  2778 I art     : Explicit concurrent mark sweep GC freed 147(2496B) AllocSpace objects, 0(0B) LOS objects, 29% free, 38MB/54MB, paused 431us total 27.713ms
08-04 19:51:20.256  2355  2778 I art     : Starting a blocking GC Explicit
08-04 19:51:20.282  2355  2778 I art     : Explicit concurrent mark sweep GC freed 219(3KB) AllocSpace objects, 0(0B) LOS objects, 29% free, 38MB/54MB, paused 402us total 26.357ms
08-04 19:51:20.295  2355  2778 I art     : Starting a blocking GC Explicit
08-04 19:51:20.323  2355  2778 I art     : Explicit concurrent mark sweep GC freed 146(2464B) AllocSpace objects, 0(0B) LOS objects, 29% free, 38MB/54MB, paused 420us total 28.330ms
08-04 19:51:20.642  2355  2377 I art     : Starting a blocking GC Explicit
08-04 19:51:20.669  2355  2377 I art     : Explicit concurrent mark sweep GC freed 2939(107KB) AllocSpace objects, 2(40KB) LOS objects, 29% free, 38MB/54MB, paused 423us total 27.272ms
08-04 19:51:20.681  2355  2377 I art     : Starting a blocking GC Explicit
08-04 19:51:20.708  2355  2377 I art     : Explicit concurrent mark sweep GC freed 166(3KB) AllocSpace objects, 0(0B) LOS objects, 29% free, 38MB/54MB, paused 423us total 26.475ms
08-04 19:51:20.720  2355  2377 I art     : Starting a blocking GC Explicit
08-04 19:51:20.746  2355  2377 I art     : Explicit concurrent mark sweep GC freed 148(2512B) AllocSpace objects, 0(0B) LOS objects, 29% free, 38MB/54MB, paused 537us total 26.106ms
08-04 19:51:20.759  2355  2377 I art     : Starting a blocking GC Explicit
08-04 19:51:20.785  2355  2377 I art     : Explicit concurrent mark sweep GC freed 218(3KB) AllocSpace objects, 0(0B) LOS objects, 29% free, 38MB/54MB, paused 425us total 26.204ms
08-04 19:51:20.797  2355  2377 I art     : Starting a blocking GC Explicit
08-04 19:51:20.823  2355  2377 I art     : Explicit concurrent mark sweep GC freed 147(2496B) AllocSpace objects, 0(0B) LOS objects, 29% free, 38MB/54MB, paused 449us total 26.251ms
08-04 19:51:20.904  2867  2867 D AndroidRuntime: >>>>>> START com.android.internal.os.RuntimeInit uid 2000 <<<<<<
08-04 19:51:20.909  2867  2867 D AndroidRuntime: CheckJNI is OFF
08-04 19:51:20.944  2867  2867 D ICU     : No timezone override file found: /data/misc/zoneinfo/current/icu/icu_tzdata.dat
08-04 19:51:20.977  2867  2867 I Radio-JNI: register_android_hardware_Radio DONE
08-04 19:51:20.999  2867  2867 D AndroidRuntime: Calling main entry com.android.commands.input.Input
08-04 19:51:21.001  2867  2867 I Input   : injectKeyEvent: KeyEvent { action=ACTION_DOWN, keyCode=KEYCODE_BACK, scanCode=0, metaState=0, flags=0x0, repeatCount=0, eventTime=733897414, downTime=733897414, deviceId=-1, source=0x101 }
08-04 19:51:21.006  2867  2867 I Input   : injectKeyEvent: KeyEvent { action=ACTION_UP, keyCode=KEYCODE_BACK, scanCode=0, metaState=0, flags=0x0, repeatCount=0, eventTime=733897414, downTime=733897414, deviceId=-1, source=0x101 }
08-04 19:51:21.012  2867  2867 D AndroidRuntime: Shutting down VM
08-04 19:51:21.055 13866 13866 I GoogleInputMethodServic: GoogleInputMethodService.onFinishInput():3138 
08-04 19:51:21.056 13866 13866 I GoogleInputMethodServic: GoogleInputMethodService.onStartInput():1808 
08-04 19:51:21.149  2355  2368 I art     : Starting a blocking GC Explicit
08-04 19:51:21.181  2355  2368 I art     : Explicit concurrent mark sweep GC freed 3045(111KB) AllocSpace objects, 2(40KB) LOS objects, 29% free, 38MB/54MB, paused 524us total 32.100ms
08-04 19:51:21.195  2355  2368 I art     : Starting a blocking GC Explicit
08-04 19:51:21.224  2355  2368 I art     : Explicit concurrent mark sweep GC freed 240(4KB) AllocSpace objects, 0(0B) LOS objects, 29% free, 38MB/54MB, paused 412us total 28.658ms
08-04 19:51:21.239  2355  2368 I art     : Starting a blocking GC Explicit
08-04 19:51:21.267  2355  2368 I art     : Explicit concurrent mark sweep GC freed 219(3KB) AllocSpace objects, 0(0B) LOS objects, 29% free, 38MB/54MB, paused 481us total 27.740ms
08-04 19:51:21.280  2355  2368 I art     : Starting a blocking GC Explicit
08-04 19:51:21.306  2355  2368 I art     : Explicit concurrent mark sweep GC freed 146(2464B) AllocSpace objects, 0(0B) LOS objects, 29% free, 38MB/54MB, paused 379us total 25.818ms
08-04 19:51:21.319  2355  2368 I art     : Starting a blocking GC Explicit
08-04 19:51:21.346   380   380 W SurfaceFlinger: couldn't log to binary event log: overflow.
08-04 19:51:21.348  2355  2368 I art     : Explicit concurrent mark sweep GC freed 161(2736B) AllocSpace objects, 0(0B) LOS objects, 29% free, 38MB/54MB, paused 500us total 28.218ms
08-04 19:51:21.665  2355  2778 I art     : Starting a blocking GC Explicit
08-04 19:51:21.689  2355  2778 I art     : Explicit concurrent mark sweep GC freed 2467(100KB) AllocSpace objects, 2(40KB) LOS objects, 29% free, 38MB/54MB, paused 397us total 22.977ms
08-04 19:51:21.700  2355  2778 I art     : Starting a blocking GC Explicit
08-04 19:51:21.722  2355  2778 I art     : Explicit concurrent mark sweep GC freed 4762(339KB) AllocSpace objects, 7(132KB) LOS objects, 29% free, 38MB/54MB, paused 375us total 21.526ms
08-04 19:51:21.733  2355  2778 I art     : Starting a blocking GC Explicit
08-04 19:51:21.755  2355  2778 I art     : Explicit concurrent mark sweep GC freed 122(2736B) AllocSpace objects, 0(0B) LOS objects, 29% free, 38MB/54MB, paused 385us total 21.861ms
08-04 19:51:21.767  2355  2778 I art     : Starting a blocking GC Explicit
08-04 19:51:21.789  2355  2778 I art     : Explicit concurrent mark sweep GC freed 109(2240B) AllocSpace objects, 0(0B) LOS objects, 29% free, 38MB/54MB, paused 367us total 21.934ms
08-04 19:51:21.800  2355  2778 I art     : Starting a blocking GC Explicit
08-04 19:51:21.823  2355  2778 I art     : Explicit concurrent mark sweep GC freed 99(1696B) AllocSpace objects, 0(0B) LOS objects, 29% free, 38MB/54MB, paused 396us total 22.705ms
08-04 19:51:22.152  2355  2370 I art     : Starting a blocking GC Explicit
08-04 19:51:22.179  2355  2370 I art     : Explicit concurrent mark sweep GC freed 2433(99KB) AllocSpace objects, 2(40KB) LOS objects, 29% free, 38MB/54MB, paused 394us total 26.554ms
08-04 19:51:22.192  2355  2370 I art     : Starting a blocking GC Explicit
08-04 19:51:22.218  2355  2370 I art     : Explicit concurrent mark sweep GC freed 166(3KB) AllocSpace objects, 0(0B) LOS objects, 29% free, 38MB/54MB, paused 418us total 25.482ms
08-04 19:51:22.230  2355  2370 I art     : Starting a blocking GC Explicit
08-04 19:51:22.254  2355  2370 I art     : Explicit concurrent mark sweep GC freed 97(1648B) AllocSpace objects, 0(0B) LOS objects, 29% free, 38MB/54MB, paused 395us total 24.500ms
08-04 19:51:22.266  2355  2370 I art     : Starting a blocking GC Explicit
08-04 19:51:22.291  2355  2370 I art     : Explicit concurrent mark sweep GC freed 101(1744B) AllocSpace objects, 0(0B) LOS objects, 29% free, 38MB/54MB, paused 398us total 24.013ms
08-04 19:51:22.302  2355  2370 I art     : Starting a blocking GC Explicit
08-04 19:51:22.327  2355  2370 I art     : Explicit concurrent mark sweep GC freed 99(1696B) AllocSpace objects, 0(0B) LOS objects, 29% free, 38MB/54MB, paused 419us total 24.660ms
08-04 19:51:22.639  2355  2368 I art     : Starting a blocking GC Explicit
08-04 19:51:22.660  2920  2920 D AndroidRuntime: >>>>>> START com.android.internal.os.RuntimeInit uid 2000 <<<<<<
08-04 19:51:22.665  2920  2920 D AndroidRuntime: CheckJNI is OFF
08-04 19:51:22.665  2355  2368 I art     : Explicit concurrent mark sweep GC freed 2385(98KB) AllocSpace objects, 2(40KB) LOS objects, 29% free, 38MB/54MB, paused 453us total 25.638ms
08-04 19:51:22.678  2355  2368 I art     : Starting a blocking GC Explicit
08-04 19:51:22.699  2920  2920 D ICU     : No timezone override file found: /data/misc/zoneinfo/current/icu/icu_tzdata.dat
08-04 19:51:22.701  2355  2368 I art     : Explicit concurrent mark sweep GC freed 140(2736B) AllocSpace objects, 0(0B) LOS objects, 29% free, 38MB/54MB, paused 434us total 22.744ms
08-04 19:51:22.712  2355  2368 I art     : Starting a blocking GC Explicit
08-04 19:51:22.733  2920  2920 I Radio-JNI: register_android_hardware_Radio DONE
08-04 19:51:22.736  2355  2368 I art     : Explicit concurrent mark sweep GC freed 113(1936B) AllocSpace objects, 0(0B) LOS objects, 29% free, 38MB/54MB, paused 476us total 23.987ms
08-04 19:51:22.748  2355  2368 I art     : Starting a blocking GC Explicit
08-04 19:51:22.756  2920  2920 D AndroidRuntime: Calling main entry com.android.commands.input.Input
08-04 19:51:22.757  2920  2920 I Input   : injectMotionEvent: MotionEvent { action=ACTION_DOWN, actionButton=0, id[0]=0, x[0]=504.0, y[0]=1706.0, toolType[0]=TOOL_TYPE_UNKNOWN, buttonState=0, metaState=0, flags=0x0, edgeFlags=0x0, pointerCount=1, historySize=0, eventTime=733899170, downTime=733899170, deviceId=0, source=0x1002 }
08-04 19:51:22.763  2920  2920 I Input   : injectMotionEvent: MotionEvent { action=ACTION_UP, actionButton=0, id[0]=0, x[0]=504.0, y[0]=1706.0, toolType[0]=TOOL_TYPE_UNKNOWN, buttonState=0, metaState=0, flags=0x0, edgeFlags=0x0, pointerCount=1, historySize=0, eventTime=733899170, downTime=733899170, deviceId=0, source=0x1002 }
08-04 19:51:22.765  2920  2920 D AndroidRuntime: Shutting down VM
08-04 19:51:22.766   512  2967 D audio_hw_primary: out_set_parameters: enter: usecase(1: low-latency-playback) kvpairs: routing=2
08-04 19:51:22.769   918  4400 I ActivityManager: START u0 {cmp=baseline.io.github.project_travel_mate/.destinations.funfacts.FunFactsActivity (has extras)} from uid 10650 on display 0
08-04 19:51:22.774  2355  2368 I art     : Explicit concurrent mark sweep GC freed 1143(121KB) AllocSpace objects, 0(0B) LOS objects, 29% free, 38MB/54MB, paused 634us total 25.457ms
08-04 19:51:22.779   512  2967 D audio_hw_primary: select_devices: out_snd_device(2: speaker) in_snd_device(0: none)
08-04 19:51:22.779   512  2967 D msm8974_platform: platform_send_audio_calibration: sending audio calibration for snd_device(2) acdb_id(15)
08-04 19:51:22.780   512  2967 I soundtrigger: audio_extn_sound_trigger_update_device_status: device 0x2 of type 0 for Event 1
08-04 19:51:22.786  2355  2368 I art     : Starting a blocking GC Explicit
08-04 19:51:22.789   512  2967 D audio_hw_primary: enable_snd_device: snd_device(2: speaker)
08-04 19:51:22.791   512  2967 D audio_hw_primary: enable_audio_route: apply and update mixer path: low-latency-playback speaker
08-04 19:51:22.792  2355  2445 D Gabe    : call	returning from cache
08-04 19:51:22.796  2355  2355 V EXECUTING: https://project-travel-mate.herokuapp.com/api/get-city-facts/1
08-04 19:51:22.811  2355  2368 I art     : Explicit concurrent mark sweep GC freed 1472(140KB) AllocSpace objects, 0(0B) LOS objects, 29% free, 38MB/54MB, paused 555us total 25.712ms
08-04 19:51:22.911   918   936 I ActivityManager: Displayed baseline.io.github.project_travel_mate/.destinations.funfacts.FunFactsActivity: +132ms
08-04 19:51:22.912 13866 13866 I GoogleInputMethodServic: GoogleInputMethodService.onFinishInput():3138 
08-04 19:51:22.912 13866 13866 I GoogleInputMethodServic: GoogleInputMethodService.onStartInput():1808 
08-04 19:51:23.103  2355  2377 I art     : Starting a blocking GC Explicit
08-04 19:51:23.137  2355  2377 I art     : Explicit concurrent mark sweep GC freed 3016(122KB) AllocSpace objects, 2(40KB) LOS objects, 27% free, 42MB/58MB, paused 510us total 33.463ms
08-04 19:51:23.150  2355  2377 I art     : Starting a blocking GC Explicit
08-04 19:51:23.165   380   380 W SurfaceFlinger: couldn't log to binary event log: overflow.
08-04 19:51:23.182  2355  2377 I art     : Explicit concurrent mark sweep GC freed 172(3KB) AllocSpace objects, 0(0B) LOS objects, 27% free, 42MB/58MB, paused 533us total 31.320ms
08-04 19:51:23.193  2355  2377 I art     : Starting a blocking GC Explicit
08-04 19:51:23.217  2355  2377 I art     : Explicit concurrent mark sweep GC freed 210(3KB) AllocSpace objects, 0(0B) LOS objects, 27% free, 42MB/58MB, paused 601us total 23.416ms
08-04 19:51:23.229  2355  2377 I art     : Starting a blocking GC Explicit
08-04 19:51:23.252  2355  2377 I art     : Explicit concurrent mark sweep GC freed 157(2688B) AllocSpace objects, 0(0B) LOS objects, 27% free, 42MB/58MB, paused 413us total 23.304ms
08-04 19:51:23.264  2355  2377 I art     : Starting a blocking GC Explicit
08-04 19:51:23.289  2355  2377 I art     : Explicit concurrent mark sweep GC freed 171(3KB) AllocSpace objects, 0(0B) LOS objects, 27% free, 42MB/58MB, paused 412us total 25.221ms
08-04 19:51:23.340   512  2967 D audio_hw_primary: disable_audio_route: reset and update mixer path: low-latency-playback speaker
08-04 19:51:23.340   512  2967 D audio_hw_primary: disable_snd_device: snd_device(2: speaker)
08-04 19:51:23.349   512  2967 I soundtrigger: audio_extn_sound_trigger_update_device_status: device 0x2 of type 0 for Event 0
08-04 19:51:23.552  2355  2944 I NAPPA_EXPERIMENTATION: MetricNetworkRequestExecutionTime: REQUEST_DURATION_SYSTEM='755',REQUEST_DURATION_OKHTTP='27',REQUEST_SYNCHRONOUS='FALSE',RESPONSE_CODE='200',RESPONSE_METHOD='GET',RESPONSE_LENGTH_OKHTTP='1793',RESPONSE_LENGTH_HEADER='1793',REQUEST_PROTOCOL='http/1.1',REQUEST_URL='https://project-travel-mate.herokuapp.com/api/get-city-facts/1',
08-04 19:51:23.553  2355  2944 V EXECUTING: https://project-travel-mate.herokuapp.com/api/get-city-images/1
08-04 19:51:23.603  2355  2370 I art     : Starting a blocking GC Explicit
08-04 19:51:23.628  2355  2370 I art     : Explicit concurrent mark sweep GC freed 5445(277KB) AllocSpace objects, 5(240KB) LOS objects, 27% free, 43MB/59MB, paused 695us total 25.436ms
08-04 19:51:23.641  2355  2370 I art     : Starting a blocking GC Explicit
08-04 19:51:23.666  2355  2370 I art     : Explicit concurrent mark sweep GC freed 1064(118KB) AllocSpace objects, 0(0B) LOS objects, 27% free, 43MB/59MB, paused 681us total 25.016ms
08-04 19:51:23.677  2355  2370 I art     : Starting a blocking GC Explicit
08-04 19:51:23.702  2355  2370 I art     : Explicit concurrent mark sweep GC freed 129(2176B) AllocSpace objects, 0(0B) LOS objects, 27% free, 43MB/59MB, paused 602us total 24.845ms
08-04 19:51:23.715  2355  2370 I art     : Starting a blocking GC Explicit
08-04 19:51:23.739  2355  2370 I art     : Explicit concurrent mark sweep GC freed 22(448B) AllocSpace objects, 0(0B) LOS objects, 27% free, 43MB/59MB, paused 453us total 24.036ms
08-04 19:51:23.751  2355  2370 I art     : Starting a blocking GC Explicit
08-04 19:51:23.776  2355  2370 I art     : Explicit concurrent mark sweep GC freed 135(2368B) AllocSpace objects, 0(0B) LOS objects, 27% free, 43MB/59MB, paused 719us total 24.890ms
08-04 19:51:24.098  2355  2370 I art     : Starting a blocking GC Explicit
08-04 19:51:24.124  2355  2370 I art     : Explicit concurrent mark sweep GC freed 3273(165KB) AllocSpace objects, 4(160KB) LOS objects, 26% free, 43MB/59MB, paused 821us total 25.918ms
08-04 19:51:24.136  2355  2370 I art     : Starting a blocking GC Explicit
08-04 19:51:24.162  2355  2370 I art     : Explicit concurrent mark sweep GC freed 2390(140KB) AllocSpace objects, 1(80KB) LOS objects, 26% free, 43MB/59MB, paused 657us total 25.477ms
08-04 19:51:24.174  2355  2370 I art     : Starting a blocking GC Explicit
08-04 19:51:24.174  2355  2979 I NAPPA_EXPERIMENTATION: MetricNetworkRequestExecutionTime: REQUEST_DURATION_SYSTEM='620',REQUEST_DURATION_OKHTTP='31',REQUEST_SYNCHRONOUS='FALSE',RESPONSE_CODE='200',RESPONSE_METHOD='GET',RESPONSE_LENGTH_OKHTTP='183',RESPONSE_LENGTH_HEADER='183',REQUEST_PROTOCOL='http/1.1',REQUEST_URL='https://project-travel-mate.herokuapp.com/api/get-city-images/1',
08-04 19:51:24.199  2355  2370 I art     : Explicit concurrent mark sweep GC freed 505(53KB) AllocSpace objects, 0(0B) LOS objects, 26% free, 43MB/59MB, paused 490us total 24.955ms
08-04 19:51:24.209  2355  2979 V RESPONSE: [{"id":17,"image_url":"https://upload.wikimedia.org/wikipedia/commons/9/94/%E0%B4%96%E0%B5%81%E0%B4%A4%E0%B5%8D%E0%B4%AC%E0%B5%8D_%E0%B4%AE%E0%B4%BF%E0%B4%A8%E0%B4%BE%E0%B5%BC1.jpg"}]
08-04 19:51:24.211  2355  2370 I art     : Starting a blocking GC Explicit
08-04 19:51:24.236  2355  2370 I art     : Explicit concurrent mark sweep GC freed 261(10KB) AllocSpace objects, 0(0B) LOS objects, 26% free, 43MB/59MB, paused 767us total 25.075ms
08-04 19:51:24.249  2355  2370 I art     : Starting a blocking GC Explicit
08-04 19:51:24.274  2355  2370 I art     : Explicit concurrent mark sweep GC freed 190(26KB) AllocSpace objects, 0(0B) LOS objects, 26% free, 43MB/59MB, paused 593us total 25.283ms
08-04 19:51:24.600  2355  2370 I art     : Starting a blocking GC Explicit
08-04 19:51:24.635  2355  2370 I art     : Explicit concurrent mark sweep GC freed 5808(272KB) AllocSpace objects, 3(4MB) LOS objects, 28% free, 39MB/55MB, paused 472us total 34.048ms
08-04 19:51:24.650  2355  2370 I art     : Starting a blocking GC Explicit
08-04 19:51:24.678  2355  2370 I art     : Explicit concurrent mark sweep GC freed 369(11KB) AllocSpace objects, 0(0B) LOS objects, 28% free, 39MB/55MB, paused 466us total 27.243ms
08-04 19:51:24.690  2355  2370 I art     : Starting a blocking GC Explicit
08-04 19:51:24.718  2355  2370 I art     : Explicit concurrent mark sweep GC freed 163(2768B) AllocSpace objects, 0(0B) LOS objects, 28% free, 39MB/55MB, paused 580us total 27.477ms
08-04 19:51:24.730  2355  2370 I art     : Starting a blocking GC Explicit
08-04 19:51:24.758  2355  2370 I art     : Explicit concurrent mark sweep GC freed 216(4KB) AllocSpace objects, 0(0B) LOS objects, 28% free, 39MB/55MB, paused 498us total 27.825ms
08-04 19:51:24.770  2355  2370 I art     : Starting a blocking GC Explicit
08-04 19:51:24.798  2355  2370 I art     : Explicit concurrent mark sweep GC freed 163(3KB) AllocSpace objects, 0(0B) LOS objects, 28% free, 39MB/55MB, paused 489us total 27.840ms
08-04 19:51:25.142  2355  2377 I art     : Starting a blocking GC Explicit
08-04 19:51:25.170  2355  2377 I art     : Explicit concurrent mark sweep GC freed 3072(109KB) AllocSpace objects, 2(40KB) LOS objects, 28% free, 39MB/55MB, paused 573us total 27.781ms
08-04 19:51:25.170  2355  2367 I art     : WaitForGcToComplete blocked for 6.454ms for cause HeapTrim
08-04 19:51:25.182  2355  2377 I art     : Starting a blocking GC Explicit
08-04 19:51:25.210  2355  2377 I art     : Explicit concurrent mark sweep GC freed 177(3KB) AllocSpace objects, 0(0B) LOS objects, 28% free, 39MB/55MB, paused 539us total 27.329ms
08-04 19:51:25.222  2355  2377 I art     : Starting a blocking GC Explicit
08-04 19:51:25.250  2355  2377 I art     : Explicit concurrent mark sweep GC freed 147(2496B) AllocSpace objects, 0(0B) LOS objects, 28% free, 39MB/55MB, paused 474us total 27.405ms
08-04 19:51:25.262  2355  2377 I art     : Starting a blocking GC Explicit
08-04 19:51:25.289  2355  2377 I art     : Explicit concurrent mark sweep GC freed 219(3KB) AllocSpace objects, 0(0B) LOS objects, 28% free, 39MB/55MB, paused 459us total 27.136ms
08-04 19:51:25.302  2355  2377 I art     : Starting a blocking GC Explicit
08-04 19:51:25.330  2355  2377 I art     : Explicit concurrent mark sweep GC freed 146(2464B) AllocSpace objects, 0(0B) LOS objects, 28% free, 39MB/55MB, paused 471us total 27.801ms
08-04 19:51:25.427  3007  3007 D AndroidRuntime: >>>>>> START com.android.internal.os.RuntimeInit uid 2000 <<<<<<
08-04 19:51:25.433  3007  3007 D AndroidRuntime: CheckJNI is OFF
08-04 19:51:25.467  3007  3007 D ICU     : No timezone override file found: /data/misc/zoneinfo/current/icu/icu_tzdata.dat
08-04 19:51:25.499  3007  3007 I Radio-JNI: register_android_hardware_Radio DONE
08-04 19:51:25.522  3007  3007 D AndroidRuntime: Calling main entry com.android.commands.input.Input
08-04 19:51:25.523  3007  3007 I Input   : injectKeyEvent: KeyEvent { action=ACTION_DOWN, keyCode=KEYCODE_BACK, scanCode=0, metaState=0, flags=0x0, repeatCount=0, eventTime=733901936, downTime=733901936, deviceId=-1, source=0x101 }
08-04 19:51:25.529  3007  3007 I Input   : injectKeyEvent: KeyEvent { action=ACTION_UP, keyCode=KEYCODE_BACK, scanCode=0, metaState=0, flags=0x0, repeatCount=0, eventTime=733901936, downTime=733901936, deviceId=-1, source=0x101 }
08-04 19:51:25.536  3007  3007 D AndroidRuntime: Shutting down VM
08-04 19:51:25.577 13866 13866 I GoogleInputMethodServic: GoogleInputMethodService.onFinishInput():3138 
08-04 19:51:25.578 13866 13866 I GoogleInputMethodServic: GoogleInputMethodService.onStartInput():1808 
08-04 19:51:25.661  2355  2368 I art     : Starting a blocking GC Explicit
08-04 19:51:25.694  2355  2368 I art     : Explicit concurrent mark sweep GC freed 3116(112KB) AllocSpace objects, 2(40KB) LOS objects, 28% free, 39MB/55MB, paused 489us total 32.571ms
08-04 19:51:25.707  2355  2368 I art     : Starting a blocking GC Explicit
08-04 19:51:25.743  2355  2368 I art     : Explicit concurrent mark sweep GC freed 242(4KB) AllocSpace objects, 0(0B) LOS objects, 28% free, 39MB/55MB, paused 552us total 36.007ms
08-04 19:51:25.758  2355  2368 I art     : Starting a blocking GC Explicit
08-04 19:51:25.793  2355  2368 I art     : Explicit concurrent mark sweep GC freed 219(3KB) AllocSpace objects, 0(0B) LOS objects, 28% free, 39MB/55MB, paused 515us total 34.372ms
08-04 19:51:25.808  2355  2368 I art     : Starting a blocking GC Explicit
08-04 19:51:25.843  2355  2368 I art     : Explicit concurrent mark sweep GC freed 219(3KB) AllocSpace objects, 0(0B) LOS objects, 28% free, 39MB/55MB, paused 534us total 34.797ms
08-04 19:51:25.857  2355  2368 I art     : Starting a blocking GC Explicit
08-04 19:51:25.868   380   380 W SurfaceFlinger: couldn't log to binary event log: overflow.
08-04 19:51:25.886  2355  2368 I art     : Explicit concurrent mark sweep GC freed 943(37KB) AllocSpace objects, 0(0B) LOS objects, 28% free, 39MB/55MB, paused 599us total 29.394ms
08-04 19:51:26.196  2355  2370 I art     : Starting a blocking GC Explicit
08-04 19:51:26.228  2355  2370 I art     : Explicit concurrent mark sweep GC freed 2449(102KB) AllocSpace objects, 5(684KB) LOS objects, 29% free, 38MB/54MB, paused 477us total 31.870ms
08-04 19:51:26.245  2355  2370 I art     : Starting a blocking GC Explicit
08-04 19:51:26.271  2355  2370 I art     : Explicit concurrent mark sweep GC freed 859(36KB) AllocSpace objects, 0(0B) LOS objects, 29% free, 38MB/54MB, paused 453us total 25.097ms
08-04 19:51:26.282  2355  2370 I art     : Starting a blocking GC Explicit
08-04 19:51:26.307  2355  2370 I art     : Explicit concurrent mark sweep GC freed 4826(233KB) AllocSpace objects, 1(28KB) LOS objects, 29% free, 38MB/54MB, paused 433us total 24.508ms
08-04 19:51:26.320  2355  2370 I art     : Starting a blocking GC Explicit
08-04 19:51:26.344  2355  2370 I art     : Explicit concurrent mark sweep GC freed 99(1696B) AllocSpace objects, 0(0B) LOS objects, 29% free, 38MB/54MB, paused 430us total 23.135ms
08-04 19:51:26.355  2355  2370 I art     : Starting a blocking GC Explicit
08-04 19:51:26.379  2355  2370 I art     : Explicit concurrent mark sweep GC freed 99(1696B) AllocSpace objects, 0(0B) LOS objects, 29% free, 38MB/54MB, paused 439us total 23.396ms
08-04 19:51:26.527  8429  8466 I Finsky  : [5787] ktr.run(-1): Stats for Executor: BlockingExecutor kvs@358e60e[Running, pool size = 1, active threads = 0, queued tasks = 0, completed tasks = 115]
08-04 19:51:26.527  8429  8466 I Finsky  : [5787] ktr.run(-1): Stats for Executor: LightweightExecutor kvs@fc6682f[Running, pool size = 4, active threads = 0, queued tasks = 0, completed tasks = 77]
08-04 19:51:26.699   918  3261 D WifiStateMachine: starting scan for "H369AA63323"WPA_PSK with 2412,5180
08-04 19:51:26.702  2355  2377 I art     : Starting a blocking GC Explicit
08-04 19:51:26.728  2355  2377 I art     : Explicit concurrent mark sweep GC freed 2434(99KB) AllocSpace objects, 2(40KB) LOS objects, 29% free, 38MB/54MB, paused 488us total 25.349ms
08-04 19:51:26.740  2355  2377 I art     : Starting a blocking GC Explicit
08-04 19:51:26.765  2355  2377 I art     : Explicit concurrent mark sweep GC freed 120(2448B) AllocSpace objects, 0(0B) LOS objects, 29% free, 38MB/54MB, paused 426us total 24.661ms
08-04 19:51:26.777  2355  2377 I art     : Starting a blocking GC Explicit
08-04 19:51:26.801  2355  2377 I art     : Explicit concurrent mark sweep GC freed 99(1696B) AllocSpace objects, 0(0B) LOS objects, 29% free, 38MB/54MB, paused 472us total 24.282ms
08-04 19:51:26.813  2355  2377 I art     : Starting a blocking GC Explicit
08-04 19:51:26.839  2355  2377 I art     : Explicit concurrent mark sweep GC freed 147(2496B) AllocSpace objects, 0(0B) LOS objects, 29% free, 38MB/54MB, paused 460us total 25.899ms
08-04 19:51:26.851  2355  2377 I art     : Starting a blocking GC Explicit
08-04 19:51:26.877  2355  2377 I art     : Explicit concurrent mark sweep GC freed 99(1696B) AllocSpace objects, 0(0B) LOS objects, 29% free, 38MB/54MB, paused 566us total 25.600ms
08-04 19:51:27.018  8429  8466 I Finsky  : [5787] ktr.run(-1): Stats for Executor: bgExecutor kvs@e92de3c[Running, pool size = 4, active threads = 0, queued tasks = 0, completed tasks = 334]
08-04 19:51:27.180  3057  3057 D AndroidRuntime: >>>>>> START com.android.internal.os.RuntimeInit uid 2000 <<<<<<
08-04 19:51:27.185  3057  3057 D AndroidRuntime: CheckJNI is OFF
08-04 19:51:27.221  2355  2778 I art     : Starting a blocking GC Explicit
08-04 19:51:27.221  3057  3057 D ICU     : No timezone override file found: /data/misc/zoneinfo/current/icu/icu_tzdata.dat
08-04 19:51:27.248  2355  2778 I art     : Explicit concurrent mark sweep GC freed 2484(100KB) AllocSpace objects, 2(40KB) LOS objects, 29% free, 38MB/54MB, paused 497us total 27.232ms
08-04 19:51:27.257  3057  3057 I Radio-JNI: register_android_hardware_Radio DONE
08-04 19:51:27.261  2355  2778 I art     : Starting a blocking GC Explicit
08-04 19:51:27.280  3057  3057 D AndroidRuntime: Calling main entry com.android.commands.input.Input
08-04 19:51:27.282  3057  3057 I Input   : injectMotionEvent: MotionEvent { action=ACTION_DOWN, actionButton=0, id[0]=0, x[0]=504.0, y[0]=1706.0, toolType[0]=TOOL_TYPE_UNKNOWN, buttonState=0, metaState=0, flags=0x0, edgeFlags=0x0, pointerCount=1, historySize=0, eventTime=733903695, downTime=733903695, deviceId=0, source=0x1002 }
08-04 19:51:27.285  2355  2778 I art     : Explicit concurrent mark sweep GC freed 118(2384B) AllocSpace objects, 0(0B) LOS objects, 29% free, 38MB/54MB, paused 693us total 24.467ms
08-04 19:51:27.288  3057  3057 I Input   : injectMotionEvent: MotionEvent { action=ACTION_UP, actionButton=0, id[0]=0, x[0]=504.0, y[0]=1706.0, toolType[0]=TOOL_TYPE_UNKNOWN, buttonState=0, metaState=0, flags=0x0, edgeFlags=0x0, pointerCount=1, historySize=0, eventTime=733903695, downTime=733903695, deviceId=0, source=0x1002 }
08-04 19:51:27.290  3057  3057 D AndroidRuntime: Shutting down VM
08-04 19:51:27.292   512  2967 D audio_hw_primary: out_set_parameters: enter: usecase(1: low-latency-playback) kvpairs: routing=2
08-04 19:51:27.293   918  6110 I ActivityManager: START u0 {cmp=baseline.io.github.project_travel_mate/.destinations.funfacts.FunFactsActivity (has extras)} from uid 10650 on display 0
08-04 19:51:27.297  2355  2778 I art     : Starting a blocking GC Explicit
08-04 19:51:27.305   512  2967 D audio_hw_primary: select_devices: out_snd_device(2: speaker) in_snd_device(0: none)
08-04 19:51:27.305   512  2967 D msm8974_platform: platform_send_audio_calibration: sending audio calibration for snd_device(2) acdb_id(15)
08-04 19:51:27.305   512  2967 I soundtrigger: audio_extn_sound_trigger_update_device_status: device 0x2 of type 0 for Event 1
08-04 19:51:27.310  2355  2445 D Gabe    : call	returning from cache
08-04 19:51:27.311  2355  2355 V EXECUTING: https://project-travel-mate.herokuapp.com/api/get-city-facts/1
08-04 19:51:27.317   512  2967 D audio_hw_primary: enable_snd_device: snd_device(2: speaker)
08-04 19:51:27.319   512  2967 D audio_hw_primary: enable_audio_route: apply and update mixer path: low-latency-playback speaker
08-04 19:51:27.323  2355  2778 I art     : Explicit concurrent mark sweep GC freed 1623(145KB) AllocSpace objects, 0(0B) LOS objects, 29% free, 38MB/54MB, paused 788us total 26.320ms
08-04 19:51:27.337  2355  2778 I art     : Starting a blocking GC Explicit
08-04 19:51:27.361  2355  2778 I art     : Explicit concurrent mark sweep GC freed 506(29KB) AllocSpace objects, 0(0B) LOS objects, 29% free, 38MB/54MB, paused 731us total 24.430ms
08-04 19:51:27.373  2355  2778 I art     : Starting a blocking GC Explicit
08-04 19:51:27.401  2355  2778 I art     : Explicit concurrent mark sweep GC freed 206(8KB) AllocSpace objects, 0(0B) LOS objects, 27% free, 43MB/59MB, paused 840us total 26.904ms
08-04 19:51:27.436   918   936 I ActivityManager: Displayed baseline.io.github.project_travel_mate/.destinations.funfacts.FunFactsActivity: +136ms
08-04 19:51:27.436 13866 13866 I GoogleInputMethodServic: GoogleInputMethodService.onFinishInput():3138 
08-04 19:51:27.437 13866 13866 I GoogleInputMethodServic: GoogleInputMethodService.onStartInput():1808 
08-04 19:51:27.688   380   380 W SurfaceFlinger: couldn't log to binary event log: overflow.
08-04 19:51:27.698  2355  2370 I art     : Starting a blocking GC Explicit
08-04 19:51:27.725  2355  2370 I art     : Explicit concurrent mark sweep GC freed 2682(105KB) AllocSpace objects, 2(40KB) LOS objects, 27% free, 43MB/59MB, paused 458us total 26.791ms
08-04 19:51:27.737  2355  2370 I art     : Starting a blocking GC Explicit
08-04 19:51:27.762  2355  2370 I art     : Explicit concurrent mark sweep GC freed 190(4KB) AllocSpace objects, 0(0B) LOS objects, 27% free, 43MB/59MB, paused 460us total 24.563ms
08-04 19:51:27.774  2355  2370 I art     : Starting a blocking GC Explicit
08-04 19:51:27.798  2355  2370 I art     : Explicit concurrent mark sweep GC freed 162(3KB) AllocSpace objects, 0(0B) LOS objects, 27% free, 43MB/59MB, paused 452us total 24.199ms
08-04 19:51:27.811  2355  2370 I art     : Starting a blocking GC Explicit
08-04 19:51:27.840  2355  2370 I art     : Explicit concurrent mark sweep GC freed 126(2112B) AllocSpace objects, 0(0B) LOS objects, 27% free, 43MB/59MB, paused 632us total 28.787ms
08-04 19:51:27.848   512  2967 D audio_hw_primary: disable_audio_route: reset and update mixer path: low-latency-playback speaker
08-04 19:51:27.849   512  2967 D audio_hw_primary: disable_snd_device: snd_device(2: speaker)
08-04 19:51:27.853  2355  2370 I art     : Starting a blocking GC Explicit
08-04 19:51:27.856   512  2967 I soundtrigger: audio_extn_sound_trigger_update_device_status: device 0x2 of type 0 for Event 0
08-04 19:51:27.878  2355  2370 I art     : Explicit concurrent mark sweep GC freed 28(704B) AllocSpace objects, 0(0B) LOS objects, 27% free, 43MB/59MB, paused 701us total 25.695ms
08-04 19:51:28.108   518   646 I ThermalEngine: ACTION: GPU - Setting GPU[0] to 450000000
08-04 19:51:28.160  2355  3081 I NAPPA_EXPERIMENTATION: MetricNetworkRequestExecutionTime: REQUEST_DURATION_SYSTEM='848',REQUEST_DURATION_OKHTTP='31',REQUEST_SYNCHRONOUS='FALSE',RESPONSE_CODE='200',RESPONSE_METHOD='GET',RESPONSE_LENGTH_OKHTTP='1793',RESPONSE_LENGTH_HEADER='1793',REQUEST_PROTOCOL='http/1.1',REQUEST_URL='https://project-travel-mate.herokuapp.com/api/get-city-facts/1',
08-04 19:51:28.162  2355  3081 V EXECUTING: https://project-travel-mate.herokuapp.com/api/get-city-images/1
08-04 19:51:28.223  2355  2368 I art     : Starting a blocking GC Explicit
08-04 19:51:28.257  2355  2368 I art     : Explicit concurrent mark sweep GC freed 5457(278KB) AllocSpace objects, 5(240KB) LOS objects, 26% free, 43MB/59MB, paused 978us total 33.853ms
08-04 19:51:28.273  2355  2368 I art     : Starting a blocking GC Explicit
08-04 19:51:28.305  2355  2368 I art     : Explicit concurrent mark sweep GC freed 1091(119KB) AllocSpace objects, 0(0B) LOS objects, 26% free, 43MB/59MB, paused 859us total 31.681ms
08-04 19:51:28.321  2355  2368 I art     : Starting a blocking GC Explicit
08-04 19:51:28.353  2355  2368 I art     : Explicit concurrent mark sweep GC freed 135(2256B) AllocSpace objects, 0(0B) LOS objects, 26% free, 43MB/59MB, paused 868us total 31.357ms
08-04 19:51:28.369  2355  2368 I art     : Starting a blocking GC Explicit
08-04 19:51:28.400  2355  2368 I art     : Explicit concurrent mark sweep GC freed 17(320B) AllocSpace objects, 0(0B) LOS objects, 26% free, 43MB/59MB, paused 677us total 31.076ms
08-04 19:51:28.416  2355  2368 I art     : Starting a blocking GC Explicit
08-04 19:51:28.448  2355  2368 I art     : Explicit concurrent mark sweep GC freed 132(2208B) AllocSpace objects, 0(0B) LOS objects, 26% free, 43MB/59MB, paused 1.005ms total 32.057ms
08-04 19:51:28.670  2355  3103 I NAPPA_EXPERIMENTATION: MetricNetworkRequestExecutionTime: REQUEST_DURATION_SYSTEM='507',REQUEST_DURATION_OKHTTP='22',REQUEST_SYNCHRONOUS='FALSE',RESPONSE_CODE='200',RESPONSE_METHOD='GET',RESPONSE_LENGTH_OKHTTP='183',RESPONSE_LENGTH_HEADER='183',REQUEST_PROTOCOL='http/1.1',REQUEST_URL='https://project-travel-mate.herokuapp.com/api/get-city-images/1',
08-04 19:51:28.709  2355  3103 V RESPONSE: [{"id":17,"image_url":"https://upload.wikimedia.org/wikipedia/commons/9/94/%E0%B4%96%E0%B5%81%E0%B4%A4%E0%B5%8D%E0%B4%AC%E0%B5%8D_%E0%B4%AE%E0%B4%BF%E0%B4%A8%E0%B4%BE%E0%B5%BC1.jpg"}]
08-04 19:51:28.799  2355  2377 I art     : Starting a blocking GC Explicit
08-04 19:51:28.834  2355  2377 I art     : Explicit concurrent mark sweep GC freed 8190(373KB) AllocSpace objects, 5(240KB) LOS objects, 26% free, 44MB/60MB, paused 678us total 34.831ms
08-04 19:51:28.850  2355  2377 I art     : Starting a blocking GC Explicit
08-04 19:51:28.885  2355  2377 I art     : Explicit concurrent mark sweep GC freed 1317(127KB) AllocSpace objects, 1(4MB) LOS objects, 28% free, 39MB/55MB, paused 667us total 34.700ms
08-04 19:51:28.901  2355  2377 I art     : Starting a blocking GC Explicit
08-04 19:51:28.938  2355  2377 I art     : Explicit concurrent mark sweep GC freed 243(4KB) AllocSpace objects, 0(0B) LOS objects, 28% free, 39MB/55MB, paused 690us total 37.111ms
08-04 19:51:28.955  2355  2377 I art     : Starting a blocking GC Explicit
08-04 19:51:28.994  2355  2377 I art     : Explicit concurrent mark sweep GC freed 297(5KB) AllocSpace objects, 0(0B) LOS objects, 28% free, 39MB/55MB, paused 749us total 38.608ms
08-04 19:51:29.011  2355  2377 I art     : Starting a blocking GC Explicit
08-04 19:51:29.047  2355  2377 I art     : Explicit concurrent mark sweep GC freed 231(4KB) AllocSpace objects, 0(0B) LOS objects, 28% free, 39MB/55MB, paused 729us total 35.771ms
08-04 19:51:29.449  2355  2778 I art     : Starting a blocking GC Explicit
08-04 19:51:29.490  2355  2778 I art     : Explicit concurrent mark sweep GC freed 3309(113KB) AllocSpace objects, 2(40KB) LOS objects, 28% free, 39MB/55MB, paused 744us total 41.238ms
08-04 19:51:29.509  2355  2778 I art     : Starting a blocking GC Explicit
08-04 19:51:29.545  2355  2778 I art     : Explicit concurrent mark sweep GC freed 310(5KB) AllocSpace objects, 0(0B) LOS objects, 28% free, 39MB/55MB, paused 668us total 36.512ms
08-04 19:51:29.562  2355  2778 I art     : Starting a blocking GC Explicit
08-04 19:51:29.596  2355  2778 I art     : Explicit concurrent mark sweep GC freed 219(3KB) AllocSpace objects, 0(0B) LOS objects, 28% free, 39MB/55MB, paused 646us total 33.999ms
08-04 19:51:29.612  2355  2778 I art     : Starting a blocking GC Explicit
08-04 19:51:29.647  2355  2778 I art     : Explicit concurrent mark sweep GC freed 219(3KB) AllocSpace objects, 0(0B) LOS objects, 28% free, 39MB/55MB, paused 751us total 34.304ms
08-04 19:51:29.663  2355  2778 I art     : Starting a blocking GC Explicit
08-04 19:51:29.699  2355  2778 I art     : Explicit concurrent mark sweep GC freed 218(3KB) AllocSpace objects, 0(0B) LOS objects, 28% free, 39MB/55MB, paused 708us total 35.886ms
08-04 19:51:30.072  3126  3126 D AndroidRuntime: >>>>>> START com.android.internal.os.RuntimeInit uid 2000 <<<<<<
08-04 19:51:30.078  3126  3126 D AndroidRuntime: CheckJNI is OFF
08-04 19:51:30.094  2355  2368 I art     : Starting a blocking GC Explicit
08-04 19:51:30.124  3126  3126 D ICU     : No timezone override file found: /data/misc/zoneinfo/current/icu/icu_tzdata.dat
08-04 19:51:30.132  2355  2368 I art     : Explicit concurrent mark sweep GC freed 3302(113KB) AllocSpace objects, 2(40KB) LOS objects, 28% free, 39MB/55MB, paused 663us total 37.509ms
08-04 19:51:30.149  2355  2368 I art     : Starting a blocking GC Explicit
08-04 19:51:30.170  3126  3126 I Radio-JNI: register_android_hardware_Radio DONE
08-04 19:51:30.184  2355  2368 I art     : Explicit concurrent mark sweep GC freed 230(4KB) AllocSpace objects, 0(0B) LOS objects, 28% free, 39MB/55MB, paused 917us total 35.171ms
08-04 19:51:30.200  3126  3126 D AndroidRuntime: Calling main entry com.android.commands.input.Input
08-04 19:51:30.201  2355  2368 I art     : Starting a blocking GC Explicit
08-04 19:51:30.202  3126  3126 I Input   : injectKeyEvent: KeyEvent { action=ACTION_DOWN, keyCode=KEYCODE_BACK, scanCode=0, metaState=0, flags=0x0, repeatCount=0, eventTime=733906615, downTime=733906615, deviceId=-1, source=0x101 }
08-04 19:51:30.211  3126  3126 I Input   : injectKeyEvent: KeyEvent { action=ACTION_UP, keyCode=KEYCODE_BACK, scanCode=0, metaState=0, flags=0x0, repeatCount=0, eventTime=733906615, downTime=733906615, deviceId=-1, source=0x101 }
08-04 19:51:30.216  3126  3126 D AndroidRuntime: Shutting down VM
08-04 19:51:30.235  2355  2368 I art     : Explicit concurrent mark sweep GC freed 271(5KB) AllocSpace objects, 0(0B) LOS objects, 28% free, 39MB/55MB, paused 855us total 34.003ms
08-04 19:51:30.235  2355  2367 I art     : WaitForGcToComplete blocked for 25.122ms for cause HeapTrim
08-04 19:51:30.251  2355  2368 I art     : Starting a blocking GC Explicit
08-04 19:51:30.253 13866 13866 I GoogleInputMethodServic: GoogleInputMethodService.onFinishInput():3138 
08-04 19:51:30.254 13866 13866 I GoogleInputMethodServic: GoogleInputMethodService.onStartInput():1808 
08-04 19:51:30.287  2355  2368 I art     : Explicit concurrent mark sweep GC freed 192(4KB) AllocSpace objects, 0(0B) LOS objects, 28% free, 39MB/55MB, paused 684us total 35.399ms
08-04 19:51:30.303  2355  2368 I art     : Starting a blocking GC Explicit
08-04 19:51:30.335  2355  2368 I art     : Explicit concurrent mark sweep GC freed 227(3KB) AllocSpace objects, 0(0B) LOS objects, 28% free, 39MB/55MB, paused 650us total 31.642ms
08-04 19:51:30.557   380   380 W SurfaceFlinger: couldn't log to binary event log: overflow.
08-04 19:51:30.698  2355  2778 I art     : Starting a blocking GC Explicit
08-04 19:51:30.736  2355  2778 I art     : Explicit concurrent mark sweep GC freed 3727(144KB) AllocSpace objects, 5(684KB) LOS objects, 29% free, 39MB/55MB, paused 715us total 37.133ms
08-04 19:51:30.752  2355  2778 I art     : Starting a blocking GC Explicit
08-04 19:51:30.783  2355  2778 I art     : Explicit concurrent mark sweep GC freed 5595(269KB) AllocSpace objects, 1(28KB) LOS objects, 29% free, 38MB/54MB, paused 680us total 31.274ms
08-04 19:51:30.799  2355  2778 I art     : Starting a blocking GC Explicit
08-04 19:51:30.829  2355  2778 I art     : Explicit concurrent mark sweep GC freed 163(3KB) AllocSpace objects, 0(0B) LOS objects, 29% free, 38MB/54MB, paused 663us total 30.202ms
08-04 19:51:30.844  2355  2778 I art     : Starting a blocking GC Explicit
08-04 19:51:30.877  2355  2778 I art     : Explicit concurrent mark sweep GC freed 146(2464B) AllocSpace objects, 0(0B) LOS objects, 29% free, 38MB/54MB, paused 761us total 32.642ms
08-04 19:51:30.893  2355  2778 I art     : Starting a blocking GC Explicit
08-04 19:51:30.927  2355  2778 I art     : Explicit concurrent mark sweep GC freed 147(2496B) AllocSpace objects, 0(0B) LOS objects, 29% free, 38MB/54MB, paused 764us total 33.237ms
08-04 19:51:31.298  2355  2377 I art     : Starting a blocking GC Explicit
08-04 19:51:31.335  2355  2377 I art     : Explicit concurrent mark sweep GC freed 2580(101KB) AllocSpace objects, 2(40KB) LOS objects, 29% free, 38MB/54MB, paused 638us total 36.069ms
08-04 19:51:31.353  2355  2377 I art     : Starting a blocking GC Explicit
08-04 19:51:31.386  2355  2377 I art     : Explicit concurrent mark sweep GC freed 166(3KB) AllocSpace objects, 0(0B) LOS objects, 29% free, 38MB/54MB, paused 663us total 32.643ms
08-04 19:51:31.401  2355  2377 I art     : Starting a blocking GC Explicit
08-04 19:51:31.433  2355  2377 I art     : Explicit concurrent mark sweep GC freed 147(2496B) AllocSpace objects, 0(0B) LOS objects, 29% free, 38MB/54MB, paused 628us total 31.687ms
08-04 19:51:31.450  2355  2377 I art     : Starting a blocking GC Explicit
08-04 19:51:31.482  2355  2377 I art     : Explicit concurrent mark sweep GC freed 147(2496B) AllocSpace objects, 0(0B) LOS objects, 29% free, 38MB/54MB, paused 686us total 31.506ms
08-04 19:51:31.497  2355  2377 I art     : Starting a blocking GC Explicit
08-04 19:51:31.530  2355  2377 I art     : Explicit concurrent mark sweep GC freed 147(2496B) AllocSpace objects, 0(0B) LOS objects, 29% free, 38MB/54MB, paused 659us total 31.940ms
08-04 19:51:31.893  2355  2368 I art     : Starting a blocking GC Explicit
08-04 19:51:31.931  2355  2368 I art     : Explicit concurrent mark sweep GC freed 2577(101KB) AllocSpace objects, 2(40KB) LOS objects, 29% free, 38MB/54MB, paused 780us total 37.586ms
08-04 19:51:31.951  2355  2368 I art     : Starting a blocking GC Explicit
08-04 19:51:31.985  2355  2368 I art     : Explicit concurrent mark sweep GC freed 168(3KB) AllocSpace objects, 0(0B) LOS objects, 29% free, 38MB/54MB, paused 678us total 33.291ms
08-04 19:51:31.991  3169  3169 D AndroidRuntime: >>>>>> START com.android.internal.os.RuntimeInit uid 2000 <<<<<<
08-04 19:51:31.997  3169  3169 D AndroidRuntime: CheckJNI is OFF
08-04 19:51:32.001  2355  2368 I art     : Starting a blocking GC Explicit
08-04 19:51:32.034  2355  2368 I art     : Explicit concurrent mark sweep GC freed 147(2496B) AllocSpace objects, 0(0B) LOS objects, 29% free, 38MB/54MB, paused 693us total 33.278ms
08-04 19:51:32.042  3169  3169 D ICU     : No timezone override file found: /data/misc/zoneinfo/current/icu/icu_tzdata.dat
08-04 19:51:32.050  2355  2368 I art     : Starting a blocking GC Explicit
08-04 19:51:32.085  2355  2368 I art     : Explicit concurrent mark sweep GC freed 147(2496B) AllocSpace objects, 0(0B) LOS objects, 29% free, 38MB/54MB, paused 690us total 34.031ms
08-04 19:51:32.089  3169  3169 I Radio-JNI: register_android_hardware_Radio DONE
08-04 19:51:32.101  2355  2368 I art     : Starting a blocking GC Explicit
08-04 19:51:32.119  3169  3169 D AndroidRuntime: Calling main entry com.android.commands.input.Input
08-04 19:51:32.121  3169  3169 I Input   : injectMotionEvent: MotionEvent { action=ACTION_DOWN, actionButton=0, id[0]=0, x[0]=693.0, y[0]=1450.0, toolType[0]=TOOL_TYPE_UNKNOWN, buttonState=0, metaState=0, flags=0x0, edgeFlags=0x0, pointerCount=1, historySize=0, eventTime=733908534, downTime=733908534, deviceId=0, source=0x1002 }
08-04 19:51:32.128  3169  3169 I Input   : injectMotionEvent: MotionEvent { action=ACTION_UP, actionButton=0, id[0]=0, x[0]=693.0, y[0]=1450.0, toolType[0]=TOOL_TYPE_UNKNOWN, buttonState=0, metaState=0, flags=0x0, edgeFlags=0x0, pointerCount=1, historySize=0, eventTime=733908534, downTime=733908534, deviceId=0, source=0x1002 }
08-04 19:51:32.130  3169  3169 D AndroidRuntime: Shutting down VM
08-04 19:51:32.132   918  6110 I ActivityManager: START u0 {cmp=baseline.io.github.project_travel_mate/.destinations.description.CityHistoryActivity} from uid 10650 on display 0
08-04 19:51:32.134   512  2967 D audio_hw_primary: out_set_parameters: enter: usecase(1: low-latency-playback) kvpairs: routing=2
08-04 19:51:32.135  2355  2368 I art     : Explicit concurrent mark sweep GC freed 149(2544B) AllocSpace objects, 0(0B) LOS objects, 29% free, 38MB/54MB, paused 686us total 33.569ms
08-04 19:51:32.147   512  2967 D audio_hw_primary: select_devices: out_snd_device(2: speaker) in_snd_device(0: none)
08-04 19:51:32.147   512  2967 D msm8974_platform: platform_send_audio_calibration: sending audio calibration for snd_device(2) acdb_id(15)
08-04 19:51:32.147   512  2967 I soundtrigger: audio_extn_sound_trigger_update_device_status: device 0x2 of type 0 for Event 1
08-04 19:51:32.160   512  2967 D audio_hw_primary: enable_snd_device: snd_device(2: speaker)
08-04 19:51:32.163   512  2967 D audio_hw_primary: enable_audio_route: apply and update mixer path: low-latency-playback speaker
08-04 19:51:32.165  2355  2445 D Gabe    : call	returning from cache
08-04 19:51:32.167  2355  2355 V EXECUTING: https://project-travel-mate.herokuapp.com/api/get-city-information/1
08-04 19:51:32.314 13866 13866 I GoogleInputMethodServic: GoogleInputMethodService.onFinishInput():3138 
08-04 19:51:32.315 13866 13866 I GoogleInputMethodServic: GoogleInputMethodService.onStartInput():1808 
08-04 19:51:32.317   918   936 I ActivityManager: Displayed baseline.io.github.project_travel_mate/.destinations.description.CityHistoryActivity: +176ms
08-04 19:51:32.488  2355  2368 I art     : Starting a blocking GC Explicit
08-04 19:51:32.528  2355  2368 I art     : Explicit concurrent mark sweep GC freed 3439(161KB) AllocSpace objects, 2(40KB) LOS objects, 26% free, 43MB/59MB, paused 869us total 40.223ms
08-04 19:51:32.547  2355  2368 I art     : Starting a blocking GC Explicit
08-04 19:51:32.559   380   380 W SurfaceFlinger: couldn't log to binary event log: overflow.
08-04 19:51:32.583  2355  2368 I art     : Explicit concurrent mark sweep GC freed 490(14KB) AllocSpace objects, 0(0B) LOS objects, 26% free, 43MB/59MB, paused 700us total 35.345ms
08-04 19:51:32.598  2355  2368 I art     : Starting a blocking GC Explicit
08-04 19:51:32.630  2355  2368 I art     : Explicit concurrent mark sweep GC freed 218(3KB) AllocSpace objects, 0(0B) LOS objects, 26% free, 43MB/59MB, paused 700us total 31.755ms
08-04 19:51:32.646  2355  2368 I art     : Starting a blocking GC Explicit
08-04 19:51:32.681  2355  2368 I art     : Explicit concurrent mark sweep GC freed 219(3KB) AllocSpace objects, 0(0B) LOS objects, 26% free, 43MB/59MB, paused 1.114ms total 34.164ms
08-04 19:51:32.699   512  2967 D audio_hw_primary: disable_audio_route: reset and update mixer path: low-latency-playback speaker
08-04 19:51:32.699  2355  2368 I art     : Starting a blocking GC Explicit
08-04 19:51:32.699   512  2967 D audio_hw_primary: disable_snd_device: snd_device(2: speaker)
08-04 19:51:32.707   512  2967 I soundtrigger: audio_extn_sound_trigger_update_device_status: device 0x2 of type 0 for Event 0
08-04 19:51:32.732  2355  2368 I art     : Explicit concurrent mark sweep GC freed 56(960B) AllocSpace objects, 0(0B) LOS objects, 26% free, 43MB/59MB, paused 876us total 32.099ms
08-04 19:51:32.979  2355  3195 I NAPPA_EXPERIMENTATION: MetricNetworkRequestExecutionTime: REQUEST_DURATION_SYSTEM='810',REQUEST_DURATION_OKHTTP='31',REQUEST_SYNCHRONOUS='FALSE',RESPONSE_CODE='200',RESPONSE_METHOD='GET',RESPONSE_LENGTH_OKHTTP='55024',RESPONSE_LENGTH_HEADER='55024',REQUEST_PROTOCOL='http/1.1',REQUEST_URL='https://project-travel-mate.herokuapp.com/api/get-city-information/1',
08-04 19:51:33.069 13866 13866 I GoogleInputMethodServic: GoogleInputMethodService.onFinishInput():3138 
08-04 19:51:33.070 13866 13866 I GoogleInputMethodServic: GoogleInputMethodService.onStartInput():1808 
08-04 19:51:33.082  2355  2377 I art     : Starting a blocking GC Explicit
08-04 19:51:33.120  2355  2377 I art     : Explicit concurrent mark sweep GC freed 6399(1455KB) AllocSpace objects, 25(5MB) LOS objects, 28% free, 39MB/55MB, paused 660us total 38.097ms
08-04 19:51:33.137  2355  2377 I art     : Starting a blocking GC Explicit
08-04 19:51:33.173  2355  2377 I art     : Explicit concurrent mark sweep GC freed 1219(122KB) AllocSpace objects, 0(0B) LOS objects, 28% free, 39MB/55MB, paused 701us total 35.609ms
08-04 19:51:33.189  2355  2377 I art     : Starting a blocking GC Explicit
08-04 19:51:33.226  2355  2377 I art     : Explicit concurrent mark sweep GC freed 219(3KB) AllocSpace objects, 0(0B) LOS objects, 28% free, 39MB/55MB, paused 691us total 36.993ms
08-04 19:51:33.243  2355  2377 I art     : Starting a blocking GC Explicit
08-04 19:51:33.280  2355  2377 I art     : Explicit concurrent mark sweep GC freed 277(4KB) AllocSpace objects, 0(0B) LOS objects, 28% free, 39MB/55MB, paused 835us total 36.837ms
08-04 19:51:33.297  2355  2377 I art     : Starting a blocking GC Explicit
08-04 19:51:33.334  2355  2377 I art     : Explicit concurrent mark sweep GC freed 233(3KB) AllocSpace objects, 0(0B) LOS objects, 28% free, 39MB/55MB, paused 690us total 37.265ms
08-04 19:51:33.719  2355  2368 I art     : Starting a blocking GC Explicit
08-04 19:51:33.761  2355  2368 I art     : Explicit concurrent mark sweep GC freed 3239(113KB) AllocSpace objects, 2(40KB) LOS objects, 28% free, 39MB/55MB, paused 728us total 40.974ms
08-04 19:51:33.780  2355  2368 I art     : Starting a blocking GC Explicit
08-04 19:51:33.820  2355  2368 I art     : Explicit concurrent mark sweep GC freed 332(6KB) AllocSpace objects, 0(0B) LOS objects, 28% free, 39MB/55MB, paused 700us total 39.572ms
08-04 19:51:33.837  2355  2368 I art     : Starting a blocking GC Explicit
08-04 19:51:33.874  2355  2368 I art     : Explicit concurrent mark sweep GC freed 224(3KB) AllocSpace objects, 0(0B) LOS objects, 28% free, 39MB/55MB, paused 728us total 35.780ms
08-04 19:51:33.890  2355  2368 I art     : Starting a blocking GC Explicit
08-04 19:51:33.928  2355  2368 I art     : Explicit concurrent mark sweep GC freed 225(3KB) AllocSpace objects, 0(0B) LOS objects, 28% free, 39MB/55MB, paused 705us total 37.458ms
08-04 19:51:33.945  2355  2368 I art     : Starting a blocking GC Explicit
08-04 19:51:33.982  2355  2368 I art     : Explicit concurrent mark sweep GC freed 296(4KB) AllocSpace objects, 0(0B) LOS objects, 28% free, 39MB/55MB, paused 968us total 37.110ms
08-04 19:51:34.388  2355  2370 I art     : Starting a blocking GC Explicit
08-04 19:51:34.430  2355  2370 I art     : Explicit concurrent mark sweep GC freed 3309(113KB) AllocSpace objects, 2(40KB) LOS objects, 28% free, 39MB/55MB, paused 1.001ms total 41.786ms
08-04 19:51:34.450  2355  2370 I art     : Starting a blocking GC Explicit
08-04 19:51:34.487  2355  2370 I art     : Explicit concurrent mark sweep GC freed 308(5KB) AllocSpace objects, 0(0B) LOS objects, 28% free, 39MB/55MB, paused 719us total 36.928ms
08-04 19:51:34.504  2355  2370 I art     : Starting a blocking GC Explicit
08-04 19:51:34.543  2355  2370 I art     : Explicit concurrent mark sweep GC freed 219(3KB) AllocSpace objects, 0(0B) LOS objects, 28% free, 39MB/55MB, paused 715us total 39.104ms
08-04 19:51:34.560  2355  2370 I art     : Starting a blocking GC Explicit
08-04 19:51:34.597  2355  2370 I art     : Explicit concurrent mark sweep GC freed 247(4KB) AllocSpace objects, 0(0B) LOS objects, 28% free, 39MB/55MB, paused 899us total 37.634ms
08-04 19:51:34.614  2355  2370 I art     : Starting a blocking GC Explicit
08-04 19:51:34.653  2355  2370 I art     : Explicit concurrent mark sweep GC freed 263(4KB) AllocSpace objects, 0(0B) LOS objects, 28% free, 39MB/55MB, paused 694us total 38.958ms
08-04 19:51:35.068  2355  2377 I art     : Starting a blocking GC Explicit
08-04 19:51:35.109  2355  2377 I art     : Explicit concurrent mark sweep GC freed 3371(114KB) AllocSpace objects, 2(40KB) LOS objects, 28% free, 39MB/55MB, paused 766us total 40.804ms
08-04 19:51:35.127  2355  2377 I art     : Starting a blocking GC Explicit
08-04 19:51:35.166  2355  2377 I art     : Explicit concurrent mark sweep GC freed 294(5KB) AllocSpace objects, 0(0B) LOS objects, 28% free, 39MB/55MB, paused 855us total 38.060ms
08-04 19:51:35.182  2355  2377 I art     : Starting a blocking GC Explicit
08-04 19:51:35.220  2355  2377 I art     : Explicit concurrent mark sweep GC freed 235(3KB) AllocSpace objects, 0(0B) LOS objects, 28% free, 39MB/55MB, paused 661us total 37.195ms
08-04 19:51:35.237  2355  2377 I art     : Starting a blocking GC Explicit
08-04 19:51:35.275  2355  2377 I art     : Explicit concurrent mark sweep GC freed 219(3KB) AllocSpace objects, 0(0B) LOS objects, 28% free, 39MB/55MB, paused 714us total 38.189ms
08-04 19:51:35.292  2355  2377 I art     : Starting a blocking GC Explicit
08-04 19:51:35.331  2355  2377 I art     : Explicit concurrent mark sweep GC freed 235(3KB) AllocSpace objects, 0(0B) LOS objects, 28% free, 39MB/55MB, paused 867us total 38.676ms
08-04 19:51:35.331  2355  2367 I art     : WaitForGcToComplete blocked for 39.039ms for cause HeapTrim
08-04 19:51:35.709  2355  2368 I art     : Starting a blocking GC Explicit
08-04 19:51:35.752  2355  2368 I art     : Explicit concurrent mark sweep GC freed 3283(113KB) AllocSpace objects, 2(40KB) LOS objects, 28% free, 39MB/55MB, paused 762us total 41.693ms
08-04 19:51:35.770  2355  2368 I art     : Starting a blocking GC Explicit
08-04 19:51:35.809  2355  2368 I art     : Explicit concurrent mark sweep GC freed 239(4KB) AllocSpace objects, 0(0B) LOS objects, 28% free, 39MB/55MB, paused 711us total 38.595ms
08-04 19:51:35.825  2355  2368 I art     : Starting a blocking GC Explicit
08-04 19:51:35.863  2355  2368 I art     : Explicit concurrent mark sweep GC freed 219(3KB) AllocSpace objects, 0(0B) LOS objects, 28% free, 39MB/55MB, paused 680us total 37.237ms
08-04 19:51:35.880  2355  2368 I art     : Starting a blocking GC Explicit
08-04 19:51:35.919  2355  2368 I art     : Explicit concurrent mark sweep GC freed 290(4KB) AllocSpace objects, 0(0B) LOS objects, 28% free, 39MB/55MB, paused 732us total 39.408ms
08-04 19:51:35.936  2355  2368 I art     : Starting a blocking GC Explicit
08-04 19:51:35.973  2355  2368 I art     : Explicit concurrent mark sweep GC freed 220(3KB) AllocSpace objects, 0(0B) LOS objects, 28% free, 39MB/55MB, paused 690us total 36.597ms
08-04 19:51:36.125   518   646 I ThermalEngine: ACTION: GPU - Setting GPU[0] to 510000000
08-04 19:51:36.351  2355  2778 I art     : Starting a blocking GC Explicit
08-04 19:51:36.383  2355  2778 I art     : Explicit concurrent mark sweep GC freed 3217(112KB) AllocSpace objects, 2(40KB) LOS objects, 28% free, 39MB/55MB, paused 583us total 31.236ms
08-04 19:51:36.395  2355  2778 I art     : Starting a blocking GC Explicit
08-04 19:51:36.423  2355  2778 I art     : Explicit concurrent mark sweep GC freed 178(3KB) AllocSpace objects, 0(0B) LOS objects, 28% free, 39MB/55MB, paused 526us total 27.227ms
08-04 19:51:36.435  2355  2778 I art     : Starting a blocking GC Explicit
08-04 19:51:36.466  2355  2778 I art     : Explicit concurrent mark sweep GC freed 218(3KB) AllocSpace objects, 0(0B) LOS objects, 28% free, 39MB/55MB, paused 560us total 31.381ms
08-04 19:51:36.479  2355  2778 I art     : Starting a blocking GC Explicit
08-04 19:51:36.508  2355  2778 I art     : Explicit concurrent mark sweep GC freed 148(2528B) AllocSpace objects, 0(0B) LOS objects, 28% free, 39MB/55MB, paused 535us total 28.701ms
08-04 19:51:36.520  2355  2778 I art     : Starting a blocking GC Explicit
08-04 19:51:36.548  2355  2778 I art     : Explicit concurrent mark sweep GC freed 170(2864B) AllocSpace objects, 0(0B) LOS objects, 28% free, 39MB/55MB, paused 635us total 28.024ms
08-04 19:51:36.791  3295  3295 D AndroidRuntime: >>>>>> START com.android.internal.os.RuntimeInit uid 2000 <<<<<<
08-04 19:51:36.797  3295  3295 D AndroidRuntime: CheckJNI is OFF
08-04 19:51:36.830  3295  3295 D ICU     : No timezone override file found: /data/misc/zoneinfo/current/icu/icu_tzdata.dat
08-04 19:51:36.864  3295  3295 I Radio-JNI: register_android_hardware_Radio DONE
08-04 19:51:36.887  3295  3295 D AndroidRuntime: Calling main entry com.android.commands.input.Input
08-04 19:51:36.888  3295  3295 I Input   : injectKeyEvent: KeyEvent { action=ACTION_DOWN, keyCode=KEYCODE_BACK, scanCode=0, metaState=0, flags=0x0, repeatCount=0, eventTime=733913301, downTime=733913301, deviceId=-1, source=0x101 }
08-04 19:51:36.892  3295  3295 I Input   : injectKeyEvent: KeyEvent { action=ACTION_UP, keyCode=KEYCODE_BACK, scanCode=0, metaState=0, flags=0x0, repeatCount=0, eventTime=733913301, downTime=733913301, deviceId=-1, source=0x101 }
08-04 19:51:36.897  3295  3295 D AndroidRuntime: Shutting down VM
08-04 19:51:36.899  2355  2368 I art     : Starting a blocking GC Explicit
08-04 19:51:36.928  2355  2368 I art     : Explicit concurrent mark sweep GC freed 3123(112KB) AllocSpace objects, 2(40KB) LOS objects, 28% free, 39MB/55MB, paused 507us total 29.329ms
08-04 19:51:36.941  2355  2368 I art     : Starting a blocking GC Explicit
08-04 19:51:36.942 13866 13866 I GoogleInputMethodServic: GoogleInputMethodService.onFinishInput():3138 
08-04 19:51:36.943 13866 13866 I GoogleInputMethodServic: GoogleInputMethodService.onStartInput():1808 
08-04 19:51:36.968  2355  2368 I art     : Explicit concurrent mark sweep GC freed 297(6KB) AllocSpace objects, 0(0B) LOS objects, 28% free, 39MB/55MB, paused 563us total 27.209ms
08-04 19:51:36.981  2355  2368 I art     : Starting a blocking GC Explicit
08-04 19:51:37.006  2355  2368 I art     : Explicit concurrent mark sweep GC freed 152(2688B) AllocSpace objects, 0(0B) LOS objects, 28% free, 39MB/55MB, paused 464us total 24.786ms
08-04 19:51:37.017  2355  2368 I art     : Starting a blocking GC Explicit
08-04 19:51:37.045  2355  2368 I art     : Explicit concurrent mark sweep GC freed 148(2528B) AllocSpace objects, 0(0B) LOS objects, 28% free, 39MB/55MB, paused 616us total 27.636ms
08-04 19:51:37.059  2355  2368 I art     : Starting a blocking GC Explicit
08-04 19:51:37.093  2355  2368 I art     : Explicit concurrent mark sweep GC freed 219(3KB) AllocSpace objects, 0(0B) LOS objects, 28% free, 39MB/55MB, paused 528us total 33.307ms
08-04 19:51:37.231   380   380 W SurfaceFlinger: couldn't log to binary event log: overflow.
08-04 19:51:37.397  2355  2370 I art     : Starting a blocking GC Explicit
08-04 19:51:37.428  2355  2370 I art     : Explicit concurrent mark sweep GC freed 2627(103KB) AllocSpace objects, 3(228KB) LOS objects, 28% free, 39MB/55MB, paused 551us total 30.785ms
08-04 19:51:37.441  2355  2370 I art     : Starting a blocking GC Explicit
08-04 19:51:37.469  2355  2370 I art     : Explicit concurrent mark sweep GC freed 4845(341KB) AllocSpace objects, 7(132KB) LOS objects, 29% free, 38MB/54MB, paused 524us total 28.090ms
08-04 19:51:37.481  2355  2370 I art     : Starting a blocking GC Explicit
08-04 19:51:37.509  2355  2370 I art     : Explicit concurrent mark sweep GC freed 98(1664B) AllocSpace objects, 0(0B) LOS objects, 29% free, 38MB/54MB, paused 530us total 27.743ms
08-04 19:51:37.522  2355  2370 I art     : Starting a blocking GC Explicit
08-04 19:51:37.549  2355  2370 I art     : Explicit concurrent mark sweep GC freed 101(1744B) AllocSpace objects, 0(0B) LOS objects, 29% free, 38MB/54MB, paused 662us total 27.492ms
08-04 19:51:37.562  2355  2370 I art     : Starting a blocking GC Explicit
08-04 19:51:37.588  2355  2370 I art     : Explicit concurrent mark sweep GC freed 146(2480B) AllocSpace objects, 0(0B) LOS objects, 29% free, 38MB/54MB, paused 489us total 26.041ms
08-04 19:51:37.917  2355  2778 I art     : Starting a blocking GC Explicit
08-04 19:51:37.947  2355  2778 I art     : Explicit concurrent mark sweep GC freed 2435(99KB) AllocSpace objects, 2(40KB) LOS objects, 29% free, 38MB/54MB, paused 523us total 29.828ms
08-04 19:51:37.962  2355  2778 I art     : Starting a blocking GC Explicit
08-04 19:51:37.990  2355  2778 I art     : Explicit concurrent mark sweep GC freed 166(3KB) AllocSpace objects, 0(0B) LOS objects, 29% free, 38MB/54MB, paused 511us total 26.959ms
08-04 19:51:38.002  2355  2778 I art     : Starting a blocking GC Explicit
08-04 19:51:38.029  2355  2778 I art     : Explicit concurrent mark sweep GC freed 99(1696B) AllocSpace objects, 0(0B) LOS objects, 29% free, 38MB/54MB, paused 507us total 27.053ms
08-04 19:51:38.041  2355  2778 I art     : Starting a blocking GC Explicit
08-04 19:51:38.069  2355  2778 I art     : Explicit concurrent mark sweep GC freed 147(2496B) AllocSpace objects, 0(0B) LOS objects, 29% free, 38MB/54MB, paused 514us total 27.328ms
08-04 19:51:38.081  2355  2778 I art     : Starting a blocking GC Explicit
08-04 19:51:38.109  2355  2778 I art     : Explicit concurrent mark sweep GC freed 98(1664B) AllocSpace objects, 0(0B) LOS objects, 29% free, 38MB/54MB, paused 520us total 27.576ms
08-04 19:51:38.423  2355  2377 I art     : Starting a blocking GC Explicit
08-04 19:51:38.452  2355  2377 I art     : Explicit concurrent mark sweep GC freed 2435(99KB) AllocSpace objects, 2(40KB) LOS objects, 29% free, 38MB/54MB, paused 576us total 28.532ms
08-04 19:51:38.465  2355  2377 I art     : Starting a blocking GC Explicit
08-04 19:51:38.492  2355  2377 I art     : Explicit concurrent mark sweep GC freed 119(2416B) AllocSpace objects, 0(0B) LOS objects, 29% free, 38MB/54MB, paused 519us total 26.664ms
08-04 19:51:38.504  2355  2377 I art     : Starting a blocking GC Explicit
08-04 19:51:38.531  2355  2377 I art     : Explicit concurrent mark sweep GC freed 99(1696B) AllocSpace objects, 0(0B) LOS objects, 29% free, 38MB/54MB, paused 520us total 26.946ms
08-04 19:51:38.542  3350  3350 D AndroidRuntime: >>>>>> START com.android.internal.os.RuntimeInit uid 2000 <<<<<<
08-04 19:51:38.544  2355  2377 I art     : Starting a blocking GC Explicit
08-04 19:51:38.547  3350  3350 D AndroidRuntime: CheckJNI is OFF
08-04 19:51:38.571  2355  2377 I art     : Explicit concurrent mark sweep GC freed 147(2496B) AllocSpace objects, 0(0B) LOS objects, 29% free, 38MB/54MB, paused 531us total 27.022ms
08-04 19:51:38.583  2355  2377 I art     : Starting a blocking GC Explicit
08-04 19:51:38.584  3350  3350 D ICU     : No timezone override file found: /data/misc/zoneinfo/current/icu/icu_tzdata.dat
08-04 19:51:38.610  2355  2377 I art     : Explicit concurrent mark sweep GC freed 98(1664B) AllocSpace objects, 0(0B) LOS objects, 29% free, 38MB/54MB, paused 564us total 26.791ms
08-04 19:51:38.618  3350  3350 I Radio-JNI: register_android_hardware_Radio DONE
08-04 19:51:38.639  3350  3350 D AndroidRuntime: Calling main entry com.android.commands.input.Input
08-04 19:51:38.641  3350  3350 I Input   : injectKeyEvent: KeyEvent { action=ACTION_DOWN, keyCode=KEYCODE_BACK, scanCode=0, metaState=0, flags=0x0, repeatCount=0, eventTime=733915054, downTime=733915054, deviceId=-1, source=0x101 }
08-04 19:51:38.646  3350  3350 I Input   : injectKeyEvent: KeyEvent { action=ACTION_UP, keyCode=KEYCODE_BACK, scanCode=0, metaState=0, flags=0x0, repeatCount=0, eventTime=733915054, downTime=733915054, deviceId=-1, source=0x101 }
08-04 19:51:38.651  3350  3350 D AndroidRuntime: Shutting down VM
08-04 19:51:38.667  2355  2355 V MainActivity: url = https://project-travel-mate.herokuapp.com/api/number-of-unread-notifications
08-04 19:51:38.695 13866 13866 I GoogleInputMethodServic: GoogleInputMethodService.onFinishInput():3138 
08-04 19:51:38.696 13866 13866 I GoogleInputMethodServic: GoogleInputMethodService.onStartInput():1808 
08-04 19:51:38.786   950   950 I ServiceManager: Waiting for service AtCmdFwd...
08-04 19:51:38.906  2355  2368 I art     : Starting a blocking GC Explicit
08-04 19:51:38.941  2355  2368 I art     : Explicit concurrent mark sweep GC freed 2966(124KB) AllocSpace objects, 2(40KB) LOS objects, 29% free, 38MB/54MB, paused 621us total 34.859ms
08-04 19:51:38.956  2355  2368 I art     : Starting a blocking GC Explicit
08-04 19:51:38.985  2355  2368 I art     : Explicit concurrent mark sweep GC freed 182(5KB) AllocSpace objects, 0(0B) LOS objects, 29% free, 38MB/54MB, paused 701us total 28.683ms
08-04 19:51:38.998  2355  2368 I art     : Starting a blocking GC Explicit
08-04 19:51:39.023  2355  2368 I art     : Explicit concurrent mark sweep GC freed 120(2592B) AllocSpace objects, 0(0B) LOS objects, 29% free, 38MB/54MB, paused 589us total 24.941ms
08-04 19:51:39.035  2355  2368 I art     : Starting a blocking GC Explicit
08-04 19:51:39.063  2355  2368 I art     : Explicit concurrent mark sweep GC freed 187(7KB) AllocSpace objects, 0(0B) LOS objects, 29% free, 38MB/54MB, paused 579us total 27.300ms
08-04 19:51:39.075  2355  2368 I art     : Starting a blocking GC Explicit
08-04 19:51:39.103  2355  2368 I art     : Explicit concurrent mark sweep GC freed 76(1328B) AllocSpace objects, 0(0B) LOS objects, 29% free, 38MB/54MB, paused 608us total 28.096ms
08-04 19:51:39.222  2355  3377 I NAPPA_EXPERIMENTATION: MetricNetworkRequestExecutionTime: REQUEST_DURATION_SYSTEM='554',REQUEST_DURATION_OKHTTP='28',REQUEST_SYNCHRONOUS='FALSE',RESPONSE_CODE='200',RESPONSE_METHOD='GET',RESPONSE_LENGTH_OKHTTP='36',RESPONSE_LENGTH_HEADER='36',REQUEST_PROTOCOL='http/1.1',REQUEST_URL='https://project-travel-mate.herokuapp.com/api/number-of-unread-notifications',
08-04 19:51:39.429  2355  2778 I art     : Starting a blocking GC Explicit
08-04 19:51:39.461  2355  2778 I art     : Explicit concurrent mark sweep GC freed 4740(239KB) AllocSpace objects, 5(240KB) LOS objects, 29% free, 39MB/55MB, paused 608us total 32.043ms
08-04 19:51:39.476  2355  2778 I art     : Starting a blocking GC Explicit
08-04 19:51:39.506  2355  2778 I art     : Explicit concurrent mark sweep GC freed 1028(118KB) AllocSpace objects, 0(0B) LOS objects, 29% free, 39MB/55MB, paused 607us total 29.150ms
08-04 19:51:39.518  2355  2778 I art     : Starting a blocking GC Explicit
08-04 19:51:39.547  2355  2778 I art     : Explicit concurrent mark sweep GC freed 51(896B) AllocSpace objects, 0(0B) LOS objects, 29% free, 39MB/55MB, paused 571us total 28.897ms
08-04 19:51:39.560  2355  2778 I art     : Starting a blocking GC Explicit
08-04 19:51:39.589  2355  2778 I art     : Explicit concurrent mark sweep GC freed 75(1296B) AllocSpace objects, 0(0B) LOS objects, 29% free, 39MB/55MB, paused 592us total 29.197ms
08-04 19:51:39.602  2355  2778 I art     : Starting a blocking GC Explicit
08-04 19:51:39.632  2355  2778 I art     : Explicit concurrent mark sweep GC freed 51(896B) AllocSpace objects, 0(0B) LOS objects, 29% free, 39MB/55MB, paused 579us total 29.545ms
08-04 19:51:39.787   950   950 I ServiceManager: Waiting for service AtCmdFwd...
08-04 19:51:39.968  2355  2370 I art     : Starting a blocking GC Explicit
08-04 19:51:39.996  2355  2370 I art     : Explicit concurrent mark sweep GC freed 1967(92KB) AllocSpace objects, 2(40KB) LOS objects, 29% free, 39MB/55MB, paused 574us total 28.122ms
08-04 19:51:40.009  2355  2370 I art     : Starting a blocking GC Explicit
08-04 19:51:40.037  2355  2370 I art     : Explicit concurrent mark sweep GC freed 104(2528B) AllocSpace objects, 0(0B) LOS objects, 29% free, 39MB/55MB, paused 669us total 28.419ms
08-04 19:51:40.050  2355  2370 I art     : Starting a blocking GC Explicit
08-04 19:51:40.079  2355  2370 I art     : Explicit concurrent mark sweep GC freed 50(864B) AllocSpace objects, 0(0B) LOS objects, 29% free, 39MB/55MB, paused 607us total 28.278ms
08-04 19:51:40.091  2355  2370 I art     : Starting a blocking GC Explicit
08-04 19:51:40.118  2355  2370 I art     : Explicit concurrent mark sweep GC freed 59(1040B) AllocSpace objects, 0(0B) LOS objects, 29% free, 39MB/55MB, paused 709us total 27.317ms
08-04 19:51:40.130  2355  2370 I art     : Starting a blocking GC Explicit
08-04 19:51:40.159  2355  2370 I art     : Explicit concurrent mark sweep GC freed 68(1184B) AllocSpace objects, 0(0B) LOS objects, 29% free, 39MB/55MB, paused 606us total 27.923ms
08-04 19:51:40.300  3409  3409 D AndroidRuntime: >>>>>> START com.android.internal.os.RuntimeInit uid 2000 <<<<<<
08-04 19:51:40.306  3409  3409 D AndroidRuntime: CheckJNI is OFF
08-04 19:51:40.339  3409  3409 D ICU     : No timezone override file found: /data/misc/zoneinfo/current/icu/icu_tzdata.dat
08-04 19:51:40.372  3409  3409 I Radio-JNI: register_android_hardware_Radio DONE
08-04 19:51:40.395  3409  3409 D AndroidRuntime: Calling main entry com.android.commands.input.Input
08-04 19:51:40.397  3409  3409 I Input   : injectMotionEvent: MotionEvent { action=ACTION_DOWN, actionButton=0, id[0]=0, x[0]=346.0, y[0]=709.0, toolType[0]=TOOL_TYPE_UNKNOWN, buttonState=0, metaState=0, flags=0x0, edgeFlags=0x0, pointerCount=1, historySize=0, eventTime=733916810, downTime=733916810, deviceId=0, source=0x1002 }
08-04 19:51:40.405  3409  3409 I Input   : injectMotionEvent: MotionEvent { action=ACTION_UP, actionButton=0, id[0]=0, x[0]=346.0, y[0]=709.0, toolType[0]=TOOL_TYPE_UNKNOWN, buttonState=0, metaState=0, flags=0x0, edgeFlags=0x0, pointerCount=1, historySize=0, eventTime=733916810, downTime=733916810, deviceId=0, source=0x1002 }
08-04 19:51:40.413   918  4400 I ActivityManager: START u0 {cmp=baseline.io.github.project_travel_mate/.destinations.description.FinalCityInfoActivity (has extras)} from uid 10650 on display 0
08-04 19:51:40.420  3409  3409 D AndroidRuntime: Shutting down VM
08-04 19:51:40.445  2355  2445 D Gabe    : call	returning from cache
08-04 19:51:40.467  2355  2355 V EXECUTING: https://project-travel-mate.herokuapp.com/api/get-city-weather/1
08-04 19:51:40.508  2355  2377 I art     : Starting a blocking GC Explicit
08-04 19:51:40.544  2355  2377 I art     : Explicit concurrent mark sweep GC freed 7221(449KB) AllocSpace objects, 2(40KB) LOS objects, 26% free, 43MB/59MB, paused 919us total 35.032ms
08-04 19:51:40.557  2355  2377 I art     : Starting a blocking GC Explicit
08-04 19:51:40.586  2355  2377 I art     : Explicit concurrent mark sweep GC freed 488(22KB) AllocSpace objects, 0(0B) LOS objects, 26% free, 43MB/59MB, paused 661us total 28.738ms
08-04 19:51:40.598  2355  2377 I art     : Starting a blocking GC Explicit
08-04 19:51:40.600   918   936 I ActivityManager: Displayed baseline.io.github.project_travel_mate/.destinations.description.FinalCityInfoActivity: +178ms
08-04 19:51:40.600 13866 13866 I GoogleInputMethodServic: GoogleInputMethodService.onFinishInput():3138 
08-04 19:51:40.601 13866 13866 I GoogleInputMethodServic: GoogleInputMethodService.onStartInput():1808 
08-04 19:51:40.628  2355  2377 I art     : Explicit concurrent mark sweep GC freed 134(3KB) AllocSpace objects, 0(0B) LOS objects, 26% free, 43MB/59MB, paused 1.156ms total 29.811ms
08-04 19:51:40.641  2355  2377 I art     : Starting a blocking GC Explicit
08-04 19:51:40.673  2355  2377 I art     : Explicit concurrent mark sweep GC freed 70(1232B) AllocSpace objects, 0(0B) LOS objects, 26% free, 43MB/59MB, paused 712us total 31.316ms
08-04 19:51:40.688  2355  2377 I art     : Starting a blocking GC Explicit
08-04 19:51:40.719  2355  2377 I art     : Explicit concurrent mark sweep GC freed 58(1008B) AllocSpace objects, 0(0B) LOS objects, 26% free, 43MB/59MB, paused 863us total 30.860ms
08-04 19:51:40.787   950   950 I ServiceManager: Waiting for service AtCmdFwd...
08-04 19:51:40.853   380   380 W SurfaceFlinger: couldn't log to binary event log: overflow.
08-04 19:51:40.967  2355  3434 I NAPPA_EXPERIMENTATION: MetricNetworkRequestExecutionTime: REQUEST_DURATION_SYSTEM='500',REQUEST_DURATION_OKHTTP='44',REQUEST_SYNCHRONOUS='FALSE',RESPONSE_CODE='200',RESPONSE_METHOD='GET',RESPONSE_LENGTH_OKHTTP='238',RESPONSE_LENGTH_HEADER='238',REQUEST_PROTOCOL='http/1.1',REQUEST_URL='https://project-travel-mate.herokuapp.com/api/get-city-weather/1',
08-04 19:51:40.974  2355  3435 I NAPPA_EXPERIMENTATION: MetricNetworkRequestExecutionTime: REQUEST_DURATION_SYSTEM='506',REQUEST_DURATION_OKHTTP='50',REQUEST_SYNCHRONOUS='FALSE',RESPONSE_CODE='200',RESPONSE_METHOD='GET',RESPONSE_LENGTH_OKHTTP='530',RESPONSE_LENGTH_HEADER='530',REQUEST_PROTOCOL='http/1.1',REQUEST_URL='https://project-travel-mate.herokuapp.com/api/get-city/1',
08-04 19:51:41.009  2355  3435 V Response: {"id":1,"city_name":"Delhi","description":"Delhi, officially the National Capital Territory of Delhi, is the Capital territory of India. During the British Raj, Delhi was part of the province of Punjab and is still historically and culturally connected to the Punjab region.","latitude":"28.613900","longitude":"77.209000","facts_count":6,"images":["https://upload.wikimedia.org/wikipedia/commons/9/94/%E0%B4%96%E0%B5%81%E0%B4%A4%E0%B5%8D%E0%B4%AC%E0%B5%8D_%E0%B4%AE%E0%B4%BF%E0%B4%A8%E0%B4%BE%E0%B5%BC1.jpg"],"has_visited":false}
08-04 19:51:41.079  2355  2377 I art     : Starting a blocking GC Explicit
08-04 19:51:41.110  2355  2377 I art     : Explicit concurrent mark sweep GC freed 7765(386KB) AllocSpace objects, 5(240KB) LOS objects, 26% free, 43MB/59MB, paused 799us total 30.401ms
08-04 19:51:41.122  2355  2377 I art     : Starting a blocking GC Explicit
08-04 19:51:41.131   518   646 I ThermalEngine: ACTION: GPU - Setting GPU[0] to 450000000
08-04 19:51:41.157  2355  2377 I art     : Explicit concurrent mark sweep GC freed 2594(209KB) AllocSpace objects, 0(0B) LOS objects, 26% free, 43MB/59MB, paused 1.453ms total 35.051ms
08-04 19:51:41.174  2355  2377 I art     : Starting a blocking GC Explicit
08-04 19:51:41.210  2355  2377 I art     : Explicit concurrent mark sweep GC freed 258(5KB) AllocSpace objects, 1(4MB) LOS objects, 28% free, 39MB/55MB, paused 759us total 36.449ms
08-04 19:51:41.226  2355  2377 I art     : Starting a blocking GC Explicit
08-04 19:51:41.262  2355  2377 I art     : Explicit concurrent mark sweep GC freed 171(3KB) AllocSpace objects, 0(0B) LOS objects, 28% free, 39MB/55MB, paused 768us total 35.111ms
08-04 19:51:41.279  2355  2377 I art     : Starting a blocking GC Explicit
08-04 19:51:41.314  2355  2377 I art     : Explicit concurrent mark sweep GC freed 147(2496B) AllocSpace objects, 0(0B) LOS objects, 28% free, 39MB/55MB, paused 797us total 35.577ms
08-04 19:51:41.677  2355  2778 I art     : Starting a blocking GC Explicit
08-04 19:51:41.718  2355  2778 I art     : Explicit concurrent mark sweep GC freed 2602(102KB) AllocSpace objects, 2(40KB) LOS objects, 28% free, 39MB/55MB, paused 785us total 40.475ms
08-04 19:51:41.735  2355  2778 I art     : Starting a blocking GC Explicit
08-04 19:51:41.773  2355  2778 I art     : Explicit concurrent mark sweep GC freed 223(4KB) AllocSpace objects, 0(0B) LOS objects, 28% free, 39MB/55MB, paused 855us total 37.888ms
08-04 19:51:41.788   950   950 I ServiceManager: Waiting for service AtCmdFwd...
08-04 19:51:41.790  2355  2778 I art     : Starting a blocking GC Explicit
08-04 19:51:41.829  2355  2778 I art     : Explicit concurrent mark sweep GC freed 148(2528B) AllocSpace objects, 0(0B) LOS objects, 28% free, 39MB/55MB, paused 862us total 38.774ms
08-04 19:51:41.845  2355  2778 I art     : Starting a blocking GC Explicit
08-04 19:51:41.884  2355  2778 I art     : Explicit concurrent mark sweep GC freed 147(2496B) AllocSpace objects, 0(0B) LOS objects, 28% free, 39MB/55MB, paused 831us total 39.006ms
08-04 19:51:41.901  2355  2778 I art     : Starting a blocking GC Explicit
08-04 19:51:41.941  2355  2778 I art     : Explicit concurrent mark sweep GC freed 194(3KB) AllocSpace objects, 0(0B) LOS objects, 28% free, 39MB/55MB, paused 800us total 39.049ms
08-04 19:51:42.310  2355  2368 I art     : Starting a blocking GC Explicit
08-04 19:51:42.354  2355  2368 I art     : Explicit concurrent mark sweep GC freed 2581(101KB) AllocSpace objects, 2(40KB) LOS objects, 28% free, 39MB/55MB, paused 836us total 42.870ms
08-04 19:51:42.372  2355  2368 I art     : Starting a blocking GC Explicit
08-04 19:51:42.412  2355  2368 I art     : Explicit concurrent mark sweep GC freed 212(3KB) AllocSpace objects, 0(0B) LOS objects, 28% free, 39MB/55MB, paused 882us total 39.196ms
08-04 19:51:42.428  2355  2368 I art     : Starting a blocking GC Explicit
08-04 19:51:42.470  2355  2368 I art     : Explicit concurrent mark sweep GC freed 149(2560B) AllocSpace objects, 0(0B) LOS objects, 28% free, 39MB/55MB, paused 856us total 40.995ms
08-04 19:51:42.487  2355  2368 I art     : Starting a blocking GC Explicit
08-04 19:51:42.528  2355  2368 I art     : Explicit concurrent mark sweep GC freed 193(3KB) AllocSpace objects, 0(0B) LOS objects, 28% free, 39MB/55MB, paused 832us total 41.478ms
08-04 19:51:42.545  2355  2368 I art     : Starting a blocking GC Explicit
08-04 19:51:42.587  2355  2368 I art     : Explicit concurrent mark sweep GC freed 149(2560B) AllocSpace objects, 0(0B) LOS objects, 28% free, 39MB/55MB, paused 957us total 41.848ms
08-04 19:51:42.788   950   950 I ServiceManager: Waiting for service AtCmdFwd...
08-04 19:51:42.979  2355  2377 I art     : Starting a blocking GC Explicit
08-04 19:51:43.022  2355  2377 I art     : Explicit concurrent mark sweep GC freed 2687(104KB) AllocSpace objects, 2(40KB) LOS objects, 28% free, 39MB/55MB, paused 781us total 43.256ms
08-04 19:51:43.039  2355  2377 I art     : Starting a blocking GC Explicit
08-04 19:51:43.082  2355  2377 I art     : Explicit concurrent mark sweep GC freed 223(4KB) AllocSpace objects, 0(0B) LOS objects, 28% free, 39MB/55MB, paused 848us total 42.365ms
08-04 19:51:43.099  2355  2377 I art     : Starting a blocking GC Explicit
08-04 19:51:43.141  2355  2377 I art     : Explicit concurrent mark sweep GC freed 153(2608B) AllocSpace objects, 0(0B) LOS objects, 28% free, 39MB/55MB, paused 857us total 41.515ms
08-04 19:51:43.158  2355  2377 I art     : Starting a blocking GC Explicit
08-04 19:51:43.201  2355  2377 I art     : Explicit concurrent mark sweep GC freed 189(3KB) AllocSpace objects, 0(0B) LOS objects, 28% free, 39MB/55MB, paused 896us total 42.888ms
08-04 19:51:43.218  2355  2377 I art     : Starting a blocking GC Explicit
08-04 19:51:43.260  2355  2377 I art     : Explicit concurrent mark sweep GC freed 175(2960B) AllocSpace objects, 0(0B) LOS objects, 28% free, 39MB/55MB, paused 1.017ms total 41.401ms
08-04 19:51:43.670  2355  2370 I art     : Starting a blocking GC Explicit
08-04 19:51:43.714  2355  2370 I art     : Explicit concurrent mark sweep GC freed 2743(104KB) AllocSpace objects, 2(40KB) LOS objects, 28% free, 39MB/55MB, paused 869us total 43.118ms
08-04 19:51:43.731  2355  2370 I art     : Starting a blocking GC Explicit
08-04 19:51:43.772  2355  2370 I art     : Explicit concurrent mark sweep GC freed 168(3KB) AllocSpace objects, 0(0B) LOS objects, 28% free, 39MB/55MB, paused 803us total 40.545ms
08-04 19:51:43.788   950   950 W Atfwd_Sendcmd: AtCmdFwd service not published, waiting... retryCnt : 5
08-04 19:51:43.789  2355  2370 I art     : Starting a blocking GC Explicit
08-04 19:51:43.832  2355  2370 I art     : Explicit concurrent mark sweep GC freed 194(3KB) AllocSpace objects, 0(0B) LOS objects, 28% free, 39MB/55MB, paused 858us total 42.950ms
08-04 19:51:43.850  2355  2370 I art     : Starting a blocking GC Explicit
08-04 19:51:43.891  2355  2370 I art     : Explicit concurrent mark sweep GC freed 148(2528B) AllocSpace objects, 0(0B) LOS objects, 28% free, 39MB/55MB, paused 874us total 40.799ms
08-04 19:51:43.908  2355  2370 I art     : Starting a blocking GC Explicit
08-04 19:51:43.949  2355  2370 I art     : Explicit concurrent mark sweep GC freed 194(3KB) AllocSpace objects, 0(0B) LOS objects, 28% free, 39MB/55MB, paused 892us total 40.938ms
08-04 19:51:44.340  2355  2778 I art     : Starting a blocking GC Explicit
08-04 19:51:44.382  2355  2778 I art     : Explicit concurrent mark sweep GC freed 2674(103KB) AllocSpace objects, 2(40KB) LOS objects, 28% free, 39MB/55MB, paused 879us total 42.331ms
08-04 19:51:44.401  2355  2778 I art     : Starting a blocking GC Explicit
08-04 19:51:44.442  2355  2778 I art     : Explicit concurrent mark sweep GC freed 174(3KB) AllocSpace objects, 0(0B) LOS objects, 28% free, 39MB/55MB, paused 880us total 40.449ms
08-04 19:51:44.459  2355  2778 I art     : Starting a blocking GC Explicit
08-04 19:51:44.499  2355  2778 I art     : Explicit concurrent mark sweep GC freed 188(3KB) AllocSpace objects, 0(0B) LOS objects, 28% free, 39MB/55MB, paused 899us total 39.680ms
08-04 19:51:44.516  2355  2778 I art     : Starting a blocking GC Explicit
08-04 19:51:44.557  2355  2778 I art     : Explicit concurrent mark sweep GC freed 148(2528B) AllocSpace objects, 0(0B) LOS objects, 28% free, 39MB/55MB, paused 850us total 41.036ms
08-04 19:51:44.574  2355  2778 I art     : Starting a blocking GC Explicit
08-04 19:51:44.615  2355  2778 I art     : Explicit concurrent mark sweep GC freed 193(3KB) AllocSpace objects, 0(0B) LOS objects, 28% free, 39MB/55MB, paused 830us total 40.560ms
08-04 19:51:44.972  2355  2377 I art     : Starting a blocking GC Explicit
08-04 19:51:45.015  2355  2377 I art     : Explicit concurrent mark sweep GC freed 2603(102KB) AllocSpace objects, 2(40KB) LOS objects, 28% free, 39MB/55MB, paused 894us total 42.466ms
08-04 19:51:45.035  2355  2377 I art     : Starting a blocking GC Explicit
08-04 19:51:45.075  2355  2377 I art     : Explicit concurrent mark sweep GC freed 177(3KB) AllocSpace objects, 0(0B) LOS objects, 28% free, 39MB/55MB, paused 917us total 39.930ms
08-04 19:51:45.092  2355  2377 I art     : Starting a blocking GC Explicit
08-04 19:51:45.129  2355  2377 I art     : Explicit concurrent mark sweep GC freed 193(3KB) AllocSpace objects, 0(0B) LOS objects, 28% free, 39MB/55MB, paused 917us total 37.708ms
08-04 19:51:45.138   518   646 I ThermalEngine: ACTION: GPU - Setting GPU[0] to 510000000
08-04 19:51:45.146  2355  2377 I art     : Starting a blocking GC Explicit
08-04 19:51:45.184  2355  2377 I art     : Explicit concurrent mark sweep GC freed 149(2560B) AllocSpace objects, 0(0B) LOS objects, 28% free, 39MB/55MB, paused 666us total 37.576ms
08-04 19:51:45.197  2355  2377 I art     : Starting a blocking GC Explicit
08-04 19:51:45.210  3498  3498 D AndroidRuntime: >>>>>> START com.android.internal.os.RuntimeInit uid 2000 <<<<<<
08-04 19:51:45.214  3498  3498 D AndroidRuntime: CheckJNI is OFF
08-04 19:51:45.228  2355  2377 I art     : Explicit concurrent mark sweep GC freed 132(2240B) AllocSpace objects, 0(0B) LOS objects, 28% free, 39MB/55MB, paused 847us total 30.199ms
08-04 19:51:45.250  3498  3498 D ICU     : No timezone override file found: /data/misc/zoneinfo/current/icu/icu_tzdata.dat
08-04 19:51:45.281  3498  3498 I Radio-JNI: register_android_hardware_Radio DONE
08-04 19:51:45.302  3498  3498 D AndroidRuntime: Calling main entry com.android.commands.input.Input
08-04 19:51:45.304  3498  3498 I Input   : injectMotionEvent: MotionEvent { action=ACTION_DOWN, actionButton=0, id[0]=0, x[0]=693.0, y[0]=1450.0, toolType[0]=TOOL_TYPE_UNKNOWN, buttonState=0, metaState=0, flags=0x0, edgeFlags=0x0, pointerCount=1, historySize=0, eventTime=733921717, downTime=733921717, deviceId=0, source=0x1002 }
08-04 19:51:45.312  3498  3498 I Input   : injectMotionEvent: MotionEvent { action=ACTION_UP, actionButton=0, id[0]=0, x[0]=693.0, y[0]=1450.0, toolType[0]=TOOL_TYPE_UNKNOWN, buttonState=0, metaState=0, flags=0x0, edgeFlags=0x0, pointerCount=1, historySize=0, eventTime=733921717, downTime=733921717, deviceId=0, source=0x1002 }
08-04 19:51:45.314  3498  3498 D AndroidRuntime: Shutting down VM
08-04 19:51:45.314   918  6110 I ActivityManager: START u0 {cmp=baseline.io.github.project_travel_mate/.destinations.description.CityHistoryActivity} from uid 10650 on display 0
08-04 19:51:45.316   512  2967 D audio_hw_primary: out_set_parameters: enter: usecase(1: low-latency-playback) kvpairs: routing=2
08-04 19:51:45.329   512  2967 D audio_hw_primary: select_devices: out_snd_device(2: speaker) in_snd_device(0: none)
08-04 19:51:45.329   512  2967 D msm8974_platform: platform_send_audio_calibration: sending audio calibration for snd_device(2) acdb_id(15)
08-04 19:51:45.329   512  2967 I soundtrigger: audio_extn_sound_trigger_update_device_status: device 0x2 of type 0 for Event 1
08-04 19:51:45.340  2355  2445 D Gabe    : call	returning from cache
08-04 19:51:45.341  2355  2355 V EXECUTING: https://project-travel-mate.herokuapp.com/api/get-city-information/1
08-04 19:51:45.342   512  2967 D audio_hw_primary: enable_snd_device: snd_device(2: speaker)
08-04 19:51:45.345   512  2967 D audio_hw_primary: enable_audio_route: apply and update mixer path: low-latency-playback speaker
08-04 19:51:45.477   918   936 I ActivityManager: Displayed baseline.io.github.project_travel_mate/.destinations.description.CityHistoryActivity: +157ms
08-04 19:51:45.478 13866 13866 I GoogleInputMethodServic: GoogleInputMethodService.onFinishInput():3138 
08-04 19:51:45.478 13866 13866 I GoogleInputMethodServic: GoogleInputMethodService.onStartInput():1808 
08-04 19:51:45.528  2355  2368 I art     : Starting a blocking GC Explicit
08-04 19:51:45.560  2355  2368 I art     : Explicit concurrent mark sweep GC freed 3106(155KB) AllocSpace objects, 2(40KB) LOS objects, 26% free, 44MB/60MB, paused 735us total 31.547ms
08-04 19:51:45.573  2355  2368 I art     : Starting a blocking GC Explicit
08-04 19:51:45.601  2355  2368 I art     : Explicit concurrent mark sweep GC freed 378(12KB) AllocSpace objects, 0(0B) LOS objects, 26% free, 44MB/60MB, paused 601us total 27.961ms
08-04 19:51:45.614  2355  2368 I art     : Starting a blocking GC Explicit
08-04 19:51:45.645  2355  2368 I art     : Explicit concurrent mark sweep GC freed 219(3KB) AllocSpace objects, 0(0B) LOS objects, 26% free, 44MB/60MB, paused 652us total 31.186ms
08-04 19:51:45.659  2355  2368 I art     : Starting a blocking GC Explicit
08-04 19:51:45.689  2355  2368 I art     : Explicit concurrent mark sweep GC freed 146(2464B) AllocSpace objects, 0(0B) LOS objects, 26% free, 44MB/60MB, paused 609us total 29.750ms
08-04 19:51:45.701  2355  2368 I art     : Starting a blocking GC Explicit
08-04 19:51:45.724   380   380 W SurfaceFlinger: couldn't log to binary event log: overflow.
08-04 19:51:45.731  2355  2368 I art     : Explicit concurrent mark sweep GC freed 231(4KB) AllocSpace objects, 0(0B) LOS objects, 26% free, 44MB/60MB, paused 610us total 29.521ms
08-04 19:51:45.889   512  2967 D audio_hw_primary: disable_audio_route: reset and update mixer path: low-latency-playback speaker
08-04 19:51:45.889   512  2967 D audio_hw_primary: disable_snd_device: snd_device(2: speaker)
08-04 19:51:45.897   512  2967 I soundtrigger: audio_extn_sound_trigger_update_device_status: device 0x2 of type 0 for Event 0
08-04 19:51:46.060  2355  2370 I art     : Starting a blocking GC Explicit
08-04 19:51:46.090  2355  2370 I art     : Explicit concurrent mark sweep GC freed 2510(101KB) AllocSpace objects, 2(40KB) LOS objects, 26% free, 44MB/60MB, paused 838us total 30.236ms
08-04 19:51:46.103  2355  2370 I art     : Starting a blocking GC Explicit
08-04 19:51:46.133  2355  2370 I art     : Explicit concurrent mark sweep GC freed 843(59KB) AllocSpace objects, 2(120KB) LOS objects, 26% free, 44MB/60MB, paused 1.079ms total 30.035ms
08-04 19:51:46.134  2355  2367 I art     : WaitForGcToComplete blocked for 23.638ms for cause HeapTrim
08-04 19:51:46.146  2355  2370 I art     : Starting a blocking GC Explicit
08-04 19:51:46.177  2355  2370 I art     : Explicit concurrent mark sweep GC freed 2234(102KB) AllocSpace objects, 1(80KB) LOS objects, 26% free, 44MB/60MB, paused 809us total 30.799ms
08-04 19:51:46.189  2355  3522 I NAPPA_EXPERIMENTATION: MetricNetworkRequestExecutionTime: REQUEST_DURATION_SYSTEM='847',REQUEST_DURATION_OKHTTP='28',REQUEST_SYNCHRONOUS='FALSE',RESPONSE_CODE='200',RESPONSE_METHOD='GET',RESPONSE_LENGTH_OKHTTP='55024',RESPONSE_LENGTH_HEADER='55024',REQUEST_PROTOCOL='http/1.1',REQUEST_URL='https://project-travel-mate.herokuapp.com/api/get-city-information/1',
08-04 19:51:46.189  2355  2370 I art     : Starting a blocking GC Explicit
08-04 19:51:46.219  2355  2370 I art     : Explicit concurrent mark sweep GC freed 984(104KB) AllocSpace objects, 3(272KB) LOS objects, 26% free, 44MB/60MB, paused 859us total 29.758ms
08-04 19:51:46.232  2355  2370 I art     : Starting a blocking GC Explicit
08-04 19:51:46.262  2355  2370 I art     : Explicit concurrent mark sweep GC freed 1056(987KB) AllocSpace objects, 12(328KB) LOS objects, 26% free, 44MB/60MB, paused 960us total 29.829ms
08-04 19:51:46.276 13866 13866 I GoogleInputMethodServic: GoogleInputMethodService.onFinishInput():3138 
08-04 19:51:46.276 13866 13866 I GoogleInputMethodServic: GoogleInputMethodService.onStartInput():1808 
08-04 19:51:46.611  2355  2368 I art     : Starting a blocking GC Explicit
08-04 19:51:46.649  2355  2368 I art     : Explicit concurrent mark sweep GC freed 3447(337KB) AllocSpace objects, 7(4MB) LOS objects, 28% free, 40MB/56MB, paused 714us total 37.831ms
08-04 19:51:46.662  2355  2368 I art     : Starting a blocking GC Explicit
08-04 19:51:46.694  2355  2368 I art     : Explicit concurrent mark sweep GC freed 265(5KB) AllocSpace objects, 0(0B) LOS objects, 28% free, 40MB/56MB, paused 739us total 32.276ms
08-04 19:51:46.701   918  3261 D WifiStateMachine: starting scan for "H369AA63323"WPA_PSK with 2412,5180
08-04 19:51:46.707  2355  2368 I art     : Starting a blocking GC Explicit
08-04 19:51:46.739  2355  2368 I art     : Explicit concurrent mark sweep GC freed 159(2720B) AllocSpace objects, 0(0B) LOS objects, 28% free, 40MB/56MB, paused 641us total 32.354ms
08-04 19:51:46.752  2355  2368 I art     : Starting a blocking GC Explicit
08-04 19:51:46.784  2355  2368 I art     : Explicit concurrent mark sweep GC freed 219(3KB) AllocSpace objects, 0(0B) LOS objects, 28% free, 40MB/56MB, paused 599us total 31.062ms
08-04 19:51:46.796  2355  2368 I art     : Starting a blocking GC Explicit
08-04 19:51:46.807 24365  7398 I NetworkScheduler.Stats: Task com.google.android.gms/com.google.android.gms.icing.service.IcingGcmTaskService started execution. cause:4 exec_start_elapsed_seconds: 1717310 [CONTEXT service_id=218 ]
08-04 19:51:46.818 24365 21906 I NetworkScheduler.Stats: Task com.google.android.gms/com.google.android.gms.icing.service.IcingGcmTaskService finished executing. cause:4 result: 1 elapsed_millis: 38 uptime_millis: 37 exec_start_elapsed_seconds: 1717310 [CONTEXT service_id=218 ]
08-04 19:51:46.824  2355  2368 I art     : Explicit concurrent mark sweep GC freed 147(2496B) AllocSpace objects, 0(0B) LOS objects, 28% free, 40MB/56MB, paused 550us total 28.479ms
08-04 19:51:46.860 24365  7398 I NetworkScheduler.Stats: Task com.google.android.gms/com.google.android.gms.ipa.base.IpaGcmTaskService started execution. cause:5 exec_start_elapsed_seconds: 1717310 [CONTEXT service_id=218 ]
08-04 19:51:46.869 24365 21906 I NetworkScheduler.Stats: Task com.google.android.gms/com.google.android.gms.ipa.base.IpaGcmTaskService finished executing. cause:5 result: 1 elapsed_millis: 29 uptime_millis: 28 exec_start_elapsed_seconds: 1717310 [CONTEXT service_id=218 ]
08-04 19:51:46.968 24577  2331 W GmscoreIpa: Processed 0 SMS and 0 MMS deletions
08-04 19:51:47.144   518   646 I ThermalEngine: ACTION: GPU - Setting GPU[0] to 450000000
08-04 19:51:47.170  2355  2377 I art     : Starting a blocking GC Explicit
08-04 19:51:47.212  2355  2377 I art     : Explicit concurrent mark sweep GC freed 3145(111KB) AllocSpace objects, 2(40KB) LOS objects, 28% free, 40MB/56MB, paused 919us total 42.354ms
08-04 19:51:47.230  2355  2377 I art     : Starting a blocking GC Explicit
08-04 19:51:47.269  2355  2377 I art     : Explicit concurrent mark sweep GC freed 278(4KB) AllocSpace objects, 0(0B) LOS objects, 28% free, 40MB/56MB, paused 807us total 38.934ms
08-04 19:51:47.286  2355  2377 I art     : Starting a blocking GC Explicit
08-04 19:51:47.327  2355  2377 I art     : Explicit concurrent mark sweep GC freed 226(3KB) AllocSpace objects, 0(0B) LOS objects, 28% free, 40MB/56MB, paused 970us total 41.071ms
08-04 19:51:47.344  2355  2377 I art     : Starting a blocking GC Explicit
08-04 19:51:47.388  2355  2377 I art     : Explicit concurrent mark sweep GC freed 283(4KB) AllocSpace objects, 0(0B) LOS objects, 28% free, 40MB/56MB, paused 907us total 44.006ms
08-04 19:51:47.406  2355  2377 I art     : Starting a blocking GC Explicit
08-04 19:51:47.451  2355  2377 I art     : Explicit concurrent mark sweep GC freed 291(4KB) AllocSpace objects, 0(0B) LOS objects, 28% free, 40MB/56MB, paused 902us total 45.341ms
08-04 19:51:47.854  2355  2368 I art     : Starting a blocking GC Explicit
08-04 19:51:47.900  2355  2368 I art     : Explicit concurrent mark sweep GC freed 3361(115KB) AllocSpace objects, 2(40KB) LOS objects, 28% free, 40MB/56MB, paused 1.018ms total 46.131ms
08-04 19:51:47.918  2355  2368 I art     : Starting a blocking GC Explicit
08-04 19:51:47.962  2355  2368 I art     : Explicit concurrent mark sweep GC freed 276(5KB) AllocSpace objects, 0(0B) LOS objects, 28% free, 40MB/56MB, paused 926us total 43.563ms
08-04 19:51:47.979  2355  2368 I art     : Starting a blocking GC Explicit
08-04 19:51:48.023  2355  2368 I art     : Explicit concurrent mark sweep GC freed 285(4KB) AllocSpace objects, 0(0B) LOS objects, 28% free, 40MB/56MB, paused 884us total 43.808ms
08-04 19:51:48.040  2355  2368 I art     : Starting a blocking GC Explicit
08-04 19:51:48.085  2355  2368 I art     : Explicit concurrent mark sweep GC freed 291(4KB) AllocSpace objects, 0(0B) LOS objects, 28% free, 40MB/56MB, paused 886us total 44.446ms
08-04 19:51:48.102  2355  2368 I art     : Starting a blocking GC Explicit
08-04 19:51:48.146  2355  2368 I art     : Explicit concurrent mark sweep GC freed 232(3KB) AllocSpace objects, 0(0B) LOS objects, 28% free, 40MB/56MB, paused 938us total 43.360ms
08-04 19:51:48.534  2355  2370 I art     : Starting a blocking GC Explicit
08-04 19:51:48.581  2355  2370 I art     : Explicit concurrent mark sweep GC freed 3290(113KB) AllocSpace objects, 2(40KB) LOS objects, 28% free, 40MB/56MB, paused 1.085ms total 46.782ms
08-04 19:51:48.602  2355  2370 I art     : Starting a blocking GC Explicit
08-04 19:51:48.645  2355  2370 I art     : Explicit concurrent mark sweep GC freed 309(5KB) AllocSpace objects, 0(0B) LOS objects, 28% free, 40MB/56MB, paused 878us total 42.590ms
08-04 19:51:48.662  2355  2370 I art     : Starting a blocking GC Explicit
08-04 19:51:48.706  2355  2370 I art     : Explicit concurrent mark sweep GC freed 290(4KB) AllocSpace objects, 0(0B) LOS objects, 28% free, 40MB/56MB, paused 891us total 44.098ms
08-04 19:51:48.723  2355  2370 I art     : Starting a blocking GC Explicit
08-04 19:51:48.766  2355  2370 I art     : Explicit concurrent mark sweep GC freed 283(5KB) AllocSpace objects, 0(0B) LOS objects, 28% free, 40MB/56MB, paused 1.015ms total 43.392ms
08-04 19:51:48.784  2355  2370 I art     : Starting a blocking GC Explicit
08-04 19:51:48.829  2355  2370 I art     : Explicit concurrent mark sweep GC freed 250(4KB) AllocSpace objects, 0(0B) LOS objects, 28% free, 40MB/56MB, paused 869us total 44.816ms
08-04 19:51:49.232  2355  2778 I art     : Starting a blocking GC Explicit
08-04 19:51:49.280  2355  2778 I art     : Explicit concurrent mark sweep GC freed 3370(114KB) AllocSpace objects, 2(40KB) LOS objects, 28% free, 40MB/56MB, paused 857us total 47.231ms
08-04 19:51:49.299  2355  2778 I art     : Starting a blocking GC Explicit
08-04 19:51:49.342  2355  2778 I art     : Explicit concurrent mark sweep GC freed 310(5KB) AllocSpace objects, 0(0B) LOS objects, 28% free, 40MB/56MB, paused 830us total 42.941ms
08-04 19:51:49.359  2355  2778 I art     : Starting a blocking GC Explicit
08-04 19:51:49.402  2355  2778 I art     : Explicit concurrent mark sweep GC freed 272(4KB) AllocSpace objects, 0(0B) LOS objects, 28% free, 40MB/56MB, paused 1ms total 42.863ms
08-04 19:51:49.419  2355  2778 I art     : Starting a blocking GC Explicit
08-04 19:51:49.463  2355  2778 I art     : Explicit concurrent mark sweep GC freed 239(3KB) AllocSpace objects, 0(0B) LOS objects, 28% free, 40MB/56MB, paused 1.031ms total 43.181ms
08-04 19:51:49.480  2355  2778 I art     : Starting a blocking GC Explicit
08-04 19:51:49.524  2355  2778 I art     : Explicit concurrent mark sweep GC freed 290(4KB) AllocSpace objects, 0(0B) LOS objects, 28% free, 40MB/56MB, paused 885us total 44.186ms
08-04 19:51:49.875  2355  2377 I art     : Starting a blocking GC Explicit
08-04 19:51:49.920  2355  2377 I art     : Explicit concurrent mark sweep GC freed 3156(111KB) AllocSpace objects, 2(40KB) LOS objects, 28% free, 40MB/56MB, paused 946us total 44.245ms
08-04 19:51:49.937  2355  2377 I art     : Starting a blocking GC Explicit
08-04 19:51:49.980  2355  2377 I art     : Explicit concurrent mark sweep GC freed 238(4KB) AllocSpace objects, 0(0B) LOS objects, 28% free, 40MB/56MB, paused 940us total 43.118ms
08-04 19:51:49.997  2355  2377 I art     : Starting a blocking GC Explicit
08-04 19:51:50.041  2355  2377 I art     : Explicit concurrent mark sweep GC freed 291(4KB) AllocSpace objects, 0(0B) LOS objects, 28% free, 40MB/56MB, paused 934us total 43.177ms
08-04 19:51:50.058  2355  2377 I art     : Starting a blocking GC Explicit
08-04 19:51:50.100  2355  2377 I art     : Explicit concurrent mark sweep GC freed 243(4KB) AllocSpace objects, 0(0B) LOS objects, 28% free, 40MB/56MB, paused 1.079ms total 42.010ms
08-04 19:51:50.117  2355  2377 I art     : Starting a blocking GC Explicit
08-04 19:51:50.121  3595  3595 D AndroidRuntime: >>>>>> START com.android.internal.os.RuntimeInit uid 2000 <<<<<<
08-04 19:51:50.127  3595  3595 D AndroidRuntime: CheckJNI is OFF
08-04 19:51:50.153   518   646 I ThermalEngine: ACTION: GPU - Setting GPU[0] to 510000000
08-04 19:51:50.160  2355  2377 I art     : Explicit concurrent mark sweep GC freed 267(4KB) AllocSpace objects, 0(0B) LOS objects, 28% free, 40MB/56MB, paused 914us total 42.958ms
08-04 19:51:50.174  3595  3595 D ICU     : No timezone override file found: /data/misc/zoneinfo/current/icu/icu_tzdata.dat
08-04 19:51:50.210  3595  3595 I Radio-JNI: register_android_hardware_Radio DONE
08-04 19:51:50.232  3595  3595 D AndroidRuntime: Calling main entry com.android.commands.input.Input
08-04 19:51:50.233  3595  3595 I Input   : injectKeyEvent: KeyEvent { action=ACTION_DOWN, keyCode=KEYCODE_BACK, scanCode=0, metaState=0, flags=0x0, repeatCount=0, eventTime=733926646, downTime=733926646, deviceId=-1, source=0x101 }
08-04 19:51:50.239  3595  3595 I Input   : injectKeyEvent: KeyEvent { action=ACTION_UP, keyCode=KEYCODE_BACK, scanCode=0, metaState=0, flags=0x0, repeatCount=0, eventTime=733926646, downTime=733926646, deviceId=-1, source=0x101 }
08-04 19:51:50.245  3595  3595 D AndroidRuntime: Shutting down VM
08-04 19:51:50.293 13866 13866 I GoogleInputMethodServic: GoogleInputMethodService.onFinishInput():3138 
08-04 19:51:50.294 13866 13866 I GoogleInputMethodServic: GoogleInputMethodService.onStartInput():1808 
08-04 19:51:50.472  2355  2370 I art     : Starting a blocking GC Explicit
08-04 19:51:50.504  2355  2370 I art     : Explicit concurrent mark sweep GC freed 2972(110KB) AllocSpace objects, 2(40KB) LOS objects, 28% free, 40MB/56MB, paused 566us total 31.666ms
08-04 19:51:50.517  2355  2370 I art     : Starting a blocking GC Explicit
08-04 19:51:50.550  2355  2370 I art     : Explicit concurrent mark sweep GC freed 241(4KB) AllocSpace objects, 0(0B) LOS objects, 28% free, 40MB/56MB, paused 799us total 33.339ms
08-04 19:51:50.566  2355  2370 I art     : Starting a blocking GC Explicit
08-04 19:51:50.595   380   380 W SurfaceFlinger: couldn't log to binary event log: overflow.
08-04 19:51:50.601  2355  2370 I art     : Explicit concurrent mark sweep GC freed 221(3KB) AllocSpace objects, 0(0B) LOS objects, 28% free, 40MB/56MB, paused 1.143ms total 34.720ms
08-04 19:51:50.615  2355  2370 I art     : Starting a blocking GC Explicit
08-04 19:51:50.646  2355  2370 I art     : Explicit concurrent mark sweep GC freed 123(2688B) AllocSpace objects, 1(188KB) LOS objects, 28% free, 40MB/56MB, paused 700us total 30.877ms
08-04 19:51:50.659  2355  2370 I art     : Starting a blocking GC Explicit
08-04 19:51:50.688  2355  2370 I art     : Explicit concurrent mark sweep GC freed 4842(341KB) AllocSpace objects, 7(132KB) LOS objects, 28% free, 39MB/55MB, paused 715us total 29.224ms
08-04 19:51:51.031  2355  2377 I art     : Starting a blocking GC Explicit
08-04 19:51:51.066  2355  2377 I art     : Explicit concurrent mark sweep GC freed 2515(101KB) AllocSpace objects, 2(40KB) LOS objects, 28% free, 39MB/55MB, paused 755us total 34.081ms
08-04 19:51:51.079  2355  2377 I art     : Starting a blocking GC Explicit
08-04 19:51:51.112  2355  2377 I art     : Explicit concurrent mark sweep GC freed 149(2896B) AllocSpace objects, 0(0B) LOS objects, 28% free, 39MB/55MB, paused 714us total 33.326ms
08-04 19:51:51.125  2355  2377 I art     : Starting a blocking GC Explicit
08-04 19:51:51.158  2355  2377 I art     : Explicit concurrent mark sweep GC freed 148(2528B) AllocSpace objects, 0(0B) LOS objects, 28% free, 39MB/55MB, paused 686us total 32.313ms
08-04 19:51:51.171  2355  2377 I art     : Starting a blocking GC Explicit
08-04 19:51:51.203  2355  2377 I art     : Explicit concurrent mark sweep GC freed 147(2496B) AllocSpace objects, 0(0B) LOS objects, 28% free, 39MB/55MB, paused 663us total 32.179ms
08-04 19:51:51.203  2355  2367 I art     : WaitForGcToComplete blocked for 26.248ms for cause HeapTrim
08-04 19:51:51.217  2355  2377 I art     : Starting a blocking GC Explicit
08-04 19:51:51.250  2355  2377 I art     : Explicit concurrent mark sweep GC freed 146(2464B) AllocSpace objects, 0(0B) LOS objects, 28% free, 39MB/55MB, paused 677us total 32.930ms
08-04 19:51:51.595  2355  2368 I art     : Starting a blocking GC Explicit
08-04 19:51:51.628  2355  2368 I art     : Explicit concurrent mark sweep GC freed 2485(100KB) AllocSpace objects, 2(40KB) LOS objects, 28% free, 39MB/55MB, paused 748us total 32.322ms
08-04 19:51:51.640  2355  2368 I art     : Starting a blocking GC Explicit
08-04 19:51:51.673  2355  2368 I art     : Explicit concurrent mark sweep GC freed 166(3KB) AllocSpace objects, 0(0B) LOS objects, 28% free, 39MB/55MB, paused 629us total 31.849ms
08-04 19:51:51.685  2355  2368 I art     : Starting a blocking GC Explicit
08-04 19:51:51.716  2355  2368 I art     : Explicit concurrent mark sweep GC freed 122(2064B) AllocSpace objects, 0(0B) LOS objects, 28% free, 39MB/55MB, paused 715us total 30.398ms
08-04 19:51:51.728  2355  2368 I art     : Starting a blocking GC Explicit
08-04 19:51:51.759  2355  2368 I art     : Explicit concurrent mark sweep GC freed 136(2784B) AllocSpace objects, 0(0B) LOS objects, 28% free, 39MB/55MB, paused 810us total 30.521ms
08-04 19:51:51.772  2355  2368 I art     : Starting a blocking GC Explicit
08-04 19:51:51.803  2355  2368 I art     : Explicit concurrent mark sweep GC freed 157(3040B) AllocSpace objects, 0(0B) LOS objects, 28% free, 39MB/55MB, paused 591us total 30.560ms
08-04 19:51:51.845  3656  3656 I art     : Late-enabling -Xcheck:jni
08-04 19:51:51.847   918   918 I ActivityManager: Start proc 3656:nappatfpr.com.newsblur/u0a658 for service nappatfpr.com.newsblur/.service.NBSyncService
08-04 19:51:51.876  3656  3656 W System  : ClassLoader referenced unknown path: /data/app/nappatfpr.com.newsblur-1/lib/arm64
08-04 19:51:51.913  3654  3654 D AndroidRuntime: >>>>>> START com.android.internal.os.RuntimeInit uid 2000 <<<<<<
08-04 19:51:51.918  3654  3654 D AndroidRuntime: CheckJNI is OFF
08-04 19:51:51.953  3654  3654 D ICU     : No timezone override file found: /data/misc/zoneinfo/current/icu/icu_tzdata.dat
08-04 19:51:51.984  3654  3654 I Radio-JNI: register_android_hardware_Radio DONE
08-04 19:51:52.004  3654  3654 D AndroidRuntime: Calling main entry com.android.commands.input.Input
08-04 19:51:52.006  3654  3654 I Input   : injectKeyEvent: KeyEvent { action=ACTION_DOWN, keyCode=KEYCODE_BACK, scanCode=0, metaState=0, flags=0x0, repeatCount=0, eventTime=733928419, downTime=733928419, deviceId=-1, source=0x101 }
08-04 19:51:52.011  3654  3654 I Input   : injectKeyEvent: KeyEvent { action=ACTION_UP, keyCode=KEYCODE_BACK, scanCode=0, metaState=0, flags=0x0, repeatCount=0, eventTime=733928419, downTime=733928419, deviceId=-1, source=0x101 }
08-04 19:51:52.015  3654  3654 D AndroidRuntime: Shutting down VM
08-04 19:51:52.032  2355  2355 V MainActivity: url = https://project-travel-mate.herokuapp.com/api/number-of-unread-notifications
08-04 19:51:52.054 13866 13866 I GoogleInputMethodServic: GoogleInputMethodService.onFinishInput():3138 
08-04 19:51:52.055 13866 13866 I GoogleInputMethodServic: GoogleInputMethodService.onStartInput():1808 
08-04 19:51:52.124  2355  2368 I art     : Starting a blocking GC Explicit
08-04 19:51:52.155  2355  2368 I art     : Explicit concurrent mark sweep GC freed 2992(124KB) AllocSpace objects, 2(40KB) LOS objects, 28% free, 39MB/55MB, paused 904us total 30.866ms
08-04 19:51:52.168  2355  2368 I art     : Starting a blocking GC Explicit
08-04 19:51:52.199  2355  2368 I art     : Explicit concurrent mark sweep GC freed 234(6KB) AllocSpace objects, 0(0B) LOS objects, 28% free, 39MB/55MB, paused 741us total 30.701ms
08-04 19:51:52.213  2355  2368 I art     : Starting a blocking GC Explicit
08-04 19:51:52.245  2355  2368 I art     : Explicit concurrent mark sweep GC freed 114(2000B) AllocSpace objects, 0(0B) LOS objects, 28% free, 39MB/55MB, paused 647us total 31.981ms
08-04 19:51:52.258  2355  2368 I art     : Starting a blocking GC Explicit
08-04 19:51:52.290  2355  2368 I art     : Explicit concurrent mark sweep GC freed 166(3KB) AllocSpace objects, 0(0B) LOS objects, 28% free, 39MB/55MB, paused 639us total 31.604ms
08-04 19:51:52.303  2355  2368 I art     : Starting a blocking GC Explicit
08-04 19:51:52.335  2355  2368 I art     : Explicit concurrent mark sweep GC freed 148(2560B) AllocSpace objects, 0(0B) LOS objects, 28% free, 39MB/55MB, paused 753us total 31.289ms
08-04 19:51:52.364   380   380 W SurfaceFlinger: couldn't log to binary event log: overflow.
08-04 19:51:52.532  2355  3694 I NAPPA_EXPERIMENTATION: MetricNetworkRequestExecutionTime: REQUEST_DURATION_SYSTEM='499',REQUEST_DURATION_OKHTTP='33',REQUEST_SYNCHRONOUS='FALSE',RESPONSE_CODE='200',RESPONSE_METHOD='GET',RESPONSE_LENGTH_OKHTTP='36',RESPONSE_LENGTH_HEADER='36',REQUEST_PROTOCOL='http/1.1',REQUEST_URL='https://project-travel-mate.herokuapp.com/api/number-of-unread-notifications',
08-04 19:51:52.636  2355  2370 I art     : Starting a blocking GC Explicit
08-04 19:51:52.669  2355  2370 I art     : Explicit concurrent mark sweep GC freed 4785(241KB) AllocSpace objects, 5(240KB) LOS objects, 28% free, 39MB/55MB, paused 767us total 32.970ms
08-04 19:51:52.681  2355  2370 I art     : Starting a blocking GC Explicit
08-04 19:51:52.714  2355  2370 I art     : Explicit concurrent mark sweep GC freed 1141(124KB) AllocSpace objects, 0(0B) LOS objects, 28% free, 39MB/55MB, paused 684us total 32.771ms
08-04 19:51:52.727  2355  2370 I art     : Starting a blocking GC Explicit
08-04 19:51:52.760  2355  2370 I art     : Explicit concurrent mark sweep GC freed 75(1296B) AllocSpace objects, 0(0B) LOS objects, 28% free, 39MB/55MB, paused 705us total 32.383ms
08-04 19:51:52.773  2355  2370 I art     : Starting a blocking GC Explicit
08-04 19:51:52.805  2355  2370 I art     : Explicit concurrent mark sweep GC freed 75(1296B) AllocSpace objects, 0(0B) LOS objects, 28% free, 39MB/55MB, paused 701us total 32.038ms
08-04 19:51:52.818  2355  2370 I art     : Starting a blocking GC Explicit
08-04 19:51:52.851  2355  2370 I art     : Explicit concurrent mark sweep GC freed 75(1296B) AllocSpace objects, 0(0B) LOS objects, 28% free, 39MB/55MB, paused 812us total 32.841ms
08-04 19:51:53.157   518   646 I ThermalEngine: ACTION: GPU - Setting GPU[0] to 450000000
08-04 19:51:53.186  2355  2377 I art     : Starting a blocking GC Explicit
08-04 19:51:53.229  2355  2377 I art     : Explicit concurrent mark sweep GC freed 1955(91KB) AllocSpace objects, 2(40KB) LOS objects, 28% free, 39MB/55MB, paused 1.176ms total 41.902ms
08-04 19:51:53.248  2355  2377 I art     : Starting a blocking GC Explicit
08-04 19:51:53.286  2355  2377 I art     : Explicit concurrent mark sweep GC freed 116(2320B) AllocSpace objects, 0(0B) LOS objects, 28% free, 39MB/55MB, paused 904us total 37.832ms
08-04 19:51:53.302  2355  2377 I art     : Starting a blocking GC Explicit
08-04 19:51:53.341  2355  2377 I art     : Explicit concurrent mark sweep GC freed 77(1360B) AllocSpace objects, 0(0B) LOS objects, 28% free, 39MB/55MB, paused 880us total 38.707ms
08-04 19:51:53.358  2355  2377 I art     : Starting a blocking GC Explicit
08-04 19:51:53.397  2355  2377 I art     : Explicit concurrent mark sweep GC freed 75(1296B) AllocSpace objects, 0(0B) LOS objects, 28% free, 39MB/55MB, paused 920us total 38.601ms
08-04 19:51:53.413  2355  2377 I art     : Starting a blocking GC Explicit
08-04 19:51:53.452  2355  2377 I art     : Explicit concurrent mark sweep GC freed 98(1664B) AllocSpace objects, 0(0B) LOS objects, 28% free, 39MB/55MB, paused 902us total 38.767ms
08-04 19:51:53.763  3725  3725 D AndroidRuntime: >>>>>> START com.android.internal.os.RuntimeInit uid 2000 <<<<<<
08-04 19:51:53.768  3725  3725 D AndroidRuntime: CheckJNI is OFF
08-04 19:51:53.811  3725  3725 D ICU     : No timezone override file found: /data/misc/zoneinfo/current/icu/icu_tzdata.dat
08-04 19:51:53.821  2355  2377 I art     : Starting a blocking GC Explicit
08-04 19:51:53.853  3725  3725 I Radio-JNI: register_android_hardware_Radio DONE
08-04 19:51:53.862  2355  2377 I art     : Explicit concurrent mark sweep GC freed 2041(93KB) AllocSpace objects, 2(40KB) LOS objects, 28% free, 39MB/55MB, paused 986us total 41.354ms
08-04 19:51:53.880  2355  2377 I art     : Starting a blocking GC Explicit
08-04 19:51:53.884  3725  3725 D AndroidRuntime: Calling main entry com.android.commands.input.Input
08-04 19:51:53.886  3725  3725 I Input   : injectMotionEvent: MotionEvent { action=ACTION_DOWN, actionButton=0, id[0]=0, x[0]=117.0, y[0]=170.0, toolType[0]=TOOL_TYPE_UNKNOWN, buttonState=0, metaState=0, flags=0x0, edgeFlags=0x0, pointerCount=1, historySize=0, eventTime=733930299, downTime=733930299, deviceId=0, source=0x1002 }
08-04 19:51:53.893  3725  3725 I Input   : injectMotionEvent: MotionEvent { action=ACTION_UP, actionButton=0, id[0]=0, x[0]=117.0, y[0]=170.0, toolType[0]=TOOL_TYPE_UNKNOWN, buttonState=0, metaState=0, flags=0x0, edgeFlags=0x0, pointerCount=1, historySize=0, eventTime=733930299, downTime=733930299, deviceId=0, source=0x1002 }
08-04 19:51:53.895  3725  3725 D AndroidRuntime: Shutting down VM
08-04 19:51:53.906   512  2967 D audio_hw_primary: out_set_parameters: enter: usecase(1: low-latency-playback) kvpairs: routing=2
08-04 19:51:53.920   512  2967 D audio_hw_primary: select_devices: out_snd_device(2: speaker) in_snd_device(0: none)
08-04 19:51:53.920   512  2967 D msm8974_platform: platform_send_audio_calibration: sending audio calibration for snd_device(2) acdb_id(15)
08-04 19:51:53.920   512  2967 I soundtrigger: audio_extn_sound_trigger_update_device_status: device 0x2 of type 0 for Event 1
08-04 19:51:53.920  2355  2377 I art     : Explicit concurrent mark sweep GC freed 161(3KB) AllocSpace objects, 0(0B) LOS objects, 28% free, 39MB/55MB, paused 1.249ms total 40.644ms
08-04 19:51:53.929   512  2967 D audio_hw_primary: enable_snd_device: snd_device(2: speaker)
08-04 19:51:53.931   512  2967 D audio_hw_primary: enable_audio_route: apply and update mixer path: low-latency-playback speaker
08-04 19:51:53.938  2355  2377 I art     : Starting a blocking GC Explicit
08-04 19:51:53.977  2355  2377 I art     : Explicit concurrent mark sweep GC freed 83(2912B) AllocSpace objects, 0(0B) LOS objects, 28% free, 40MB/56MB, paused 1.005ms total 38.599ms
08-04 19:51:53.993  2355  2377 I art     : Starting a blocking GC Explicit
08-04 19:51:54.032  2355  2377 I art     : Explicit concurrent mark sweep GC freed 370(17KB) AllocSpace objects, 0(0B) LOS objects, 28% free, 40MB/56MB, paused 876us total 39.216ms
08-04 19:51:54.048  2355  2377 I art     : Starting a blocking GC Explicit
08-04 19:51:54.087  2355  2377 I art     : Explicit concurrent mark sweep GC freed 166(5KB) AllocSpace objects, 0(0B) LOS objects, 28% free, 40MB/56MB, paused 1.110ms total 38.769ms
08-04 19:51:54.424   918   928 I ActivityManager: Killing 28299:com.google.android.talk/u0a53 (adj 15): empty #17
08-04 19:51:54.444  2355  2377 I art     : Starting a blocking GC Explicit
08-04 19:51:54.468   512  2967 D audio_hw_primary: disable_audio_route: reset and update mixer path: low-latency-playback speaker
08-04 19:51:54.469   512  2967 D audio_hw_primary: disable_snd_device: snd_device(2: speaker)
08-04 19:51:54.478   512  2967 I soundtrigger: audio_extn_sound_trigger_update_device_status: device 0x2 of type 0 for Event 0
08-04 19:51:54.484  2355  2377 I art     : Explicit concurrent mark sweep GC freed 1984(92KB) AllocSpace objects, 2(40KB) LOS objects, 28% free, 40MB/56MB, paused 850us total 39.575ms
08-04 19:51:54.501  2355  2377 I art     : Starting a blocking GC Explicit
08-04 19:51:54.540  2355  2377 I art     : Explicit concurrent mark sweep GC freed 128(2704B) AllocSpace objects, 0(0B) LOS objects, 28% free, 40MB/56MB, paused 925us total 39.417ms
08-04 19:51:54.557  2355  2377 I art     : Starting a blocking GC Explicit
08-04 19:51:54.595  2355  2377 I art     : Explicit concurrent mark sweep GC freed 75(1296B) AllocSpace objects, 0(0B) LOS objects, 28% free, 40MB/56MB, paused 927us total 37.896ms
08-04 19:51:54.612  2355  2377 I art     : Starting a blocking GC Explicit
08-04 19:51:54.650  2355  2377 I art     : Explicit concurrent mark sweep GC freed 75(1296B) AllocSpace objects, 0(0B) LOS objects, 28% free, 40MB/56MB, paused 938us total 38.632ms
08-04 19:51:54.659  3752  3752 D AndroidRuntime: >>>>>> START com.android.internal.os.RuntimeInit uid 2000 <<<<<<
08-04 19:51:54.664  3752  3752 D AndroidRuntime: CheckJNI is OFF
08-04 19:51:54.667  2355  2377 I art     : Starting a blocking GC Explicit
08-04 19:51:54.706  2355  2377 I art     : Explicit concurrent mark sweep GC freed 100(1728B) AllocSpace objects, 0(0B) LOS objects, 28% free, 40MB/56MB, paused 971us total 38.468ms
08-04 19:51:54.708  3752  3752 D ICU     : No timezone override file found: /data/misc/zoneinfo/current/icu/icu_tzdata.dat
08-04 19:51:54.750  3752  3752 I Radio-JNI: register_android_hardware_Radio DONE
08-04 19:51:54.779  3752  3752 D AndroidRuntime: Calling main entry com.android.commands.input.Input
08-04 19:51:54.782  3752  3752 I Input   : injectMotionEvent: MotionEvent { action=ACTION_DOWN, actionButton=0, id[0]=0, x[0]=355.0, y[0]=1674.0, toolType[0]=TOOL_TYPE_UNKNOWN, buttonState=0, metaState=0, flags=0x0, edgeFlags=0x0, pointerCount=1, historySize=0, eventTime=733931194, downTime=733931194, deviceId=0, source=0x1002 }
08-04 19:51:54.786  3752  3752 I Input   : injectMotionEvent: MotionEvent { action=ACTION_UP, actionButton=0, id[0]=0, x[0]=355.0, y[0]=1674.0, toolType[0]=TOOL_TYPE_UNKNOWN, buttonState=0, metaState=0, flags=0x0, edgeFlags=0x0, pointerCount=1, historySize=0, eventTime=733931194, downTime=733931194, deviceId=0, source=0x1002 }
08-04 19:51:54.788  3752  3752 D AndroidRuntime: Shutting down VM
08-04 19:51:54.805   512  2967 D audio_hw_primary: out_set_parameters: enter: usecase(1: low-latency-playback) kvpairs: routing=2
08-04 19:51:54.818   512  2967 D audio_hw_primary: select_devices: out_snd_device(2: speaker) in_snd_device(0: none)
08-04 19:51:54.818   512  2967 D msm8974_platform: platform_send_audio_calibration: sending audio calibration for snd_device(2) acdb_id(15)
08-04 19:51:54.818   512  2967 I soundtrigger: audio_extn_sound_trigger_update_device_status: device 0x2 of type 0 for Event 1
08-04 19:51:54.831   512  2967 D audio_hw_primary: enable_snd_device: snd_device(2: speaker)
08-04 19:51:54.833   512  2967 D audio_hw_primary: enable_audio_route: apply and update mixer path: low-latency-playback speaker
08-04 19:51:54.874   512  2967 D AudioFlinger: mixer(0xf4740000) throttle end: throttle time(12)
08-04 19:51:55.064  2355  2778 I art     : Starting a blocking GC Explicit
08-04 19:51:55.102  2355  2778 I art     : Explicit concurrent mark sweep GC freed 1381(141KB) AllocSpace objects, 0(0B) LOS objects, 17% free, 73MB/89MB, paused 1.020ms total 37.917ms
08-04 19:51:55.118  2355  2778 I art     : Starting a blocking GC Explicit
08-04 19:51:55.157  2355  2778 I art     : Explicit concurrent mark sweep GC freed 3(96B) AllocSpace objects, 0(0B) LOS objects, 17% free, 73MB/89MB, paused 1ms total 38.048ms
08-04 19:51:55.173  2355  2778 I art     : Starting a blocking GC Explicit
08-04 19:51:55.212  2355  2778 I art     : Explicit concurrent mark sweep GC freed 7(272B) AllocSpace objects, 0(0B) LOS objects, 16% free, 79MB/95MB, paused 944us total 37.983ms
08-04 19:51:55.228  2355  2778 I art     : Starting a blocking GC Explicit
08-04 19:51:55.267  2355  2778 I art     : Explicit concurrent mark sweep GC freed 6(224B) AllocSpace objects, 0(0B) LOS objects, 16% free, 79MB/95MB, paused 1.044ms total 38.789ms
08-04 19:51:55.283  2355  2778 I art     : Waiting for a blocking GC Explicit
08-04 19:51:55.291  2355  2778 I art     : WaitForGcToComplete blocked for 7.149ms for cause Explicit
08-04 19:51:55.291  2355  2778 I art     : Starting a blocking GC Explicit
08-04 19:51:55.329  2355  2778 I art     : Explicit concurrent mark sweep GC freed 9(336B) AllocSpace objects, 0(0B) LOS objects, 12% free, 115MB/131MB, paused 989us total 38.583ms
08-04 19:51:55.330  2355  2367 I art     : WaitForGcToComplete blocked for 38.864ms for cause Background
08-04 19:51:55.359   512  2967 D audio_hw_primary: disable_audio_route: reset and update mixer path: low-latency-playback speaker
08-04 19:51:55.360   512  2967 D audio_hw_primary: disable_snd_device: snd_device(2: speaker)
08-04 19:51:55.367   512  2967 I soundtrigger: audio_extn_sound_trigger_update_device_status: device 0x2 of type 0 for Event 0
08-04 19:51:55.702  2355  2370 I art     : Starting a blocking GC Explicit
08-04 19:51:55.742  2355  2370 I art     : Explicit concurrent mark sweep GC freed 21(1744B) AllocSpace objects, 0(0B) LOS objects, 10% free, 134MB/150MB, paused 1.008ms total 39.487ms
08-04 19:51:55.744  2355  2355 I Choreographer: Skipped 55 frames!  The application may be doing too much work on its main thread.
08-04 19:51:55.745  2355  2355 V MainActivity: url = https://project-travel-mate.herokuapp.com/api/number-of-unread-notifications
08-04 19:51:55.759  2355  2370 I art     : Starting a blocking GC Explicit
08-04 19:51:55.798  2355  2370 I art     : Explicit concurrent mark sweep GC freed 887(36KB) AllocSpace objects, 0(0B) LOS objects, 10% free, 134MB/150MB, paused 1.278ms total 39.263ms
08-04 19:51:55.819  2355  2370 I art     : Starting a blocking GC Explicit
08-04 19:51:55.854  2355  2370 I art     : Explicit concurrent mark sweep GC freed 1002(35KB) AllocSpace objects, 9(252KB) LOS objects, 10% free, 134MB/150MB, paused 927us total 35.493ms
08-04 19:51:55.871  2355  2370 I art     : Starting a blocking GC Explicit
08-04 19:51:55.908  2355  2370 I art     : Explicit concurrent mark sweep GC freed 780(47KB) AllocSpace objects, 0(0B) LOS objects, 10% free, 134MB/150MB, paused 997us total 36.890ms
08-04 19:51:55.924  2355  2370 I art     : Starting a blocking GC Explicit
08-04 19:51:55.960  2355  2370 I art     : Explicit concurrent mark sweep GC freed 3(96B) AllocSpace objects, 0(0B) LOS objects, 10% free, 134MB/150MB, paused 950us total 35.497ms
08-04 19:51:56.347  2355  2377 I art     : Starting a blocking GC Explicit
08-04 19:51:56.399  2355  2377 I art     : Explicit concurrent mark sweep GC freed 1426(83KB) AllocSpace objects, 2(36KB) LOS objects, 10% free, 134MB/150MB, paused 1.156ms total 50.530ms
08-04 19:51:56.419  2355  2377 I art     : Starting a blocking GC Explicit
08-04 19:51:56.470  2355  2377 I art     : Explicit concurrent mark sweep GC freed 22(784B) AllocSpace objects, 0(0B) LOS objects, 10% free, 134MB/150MB, paused 1.125ms total 50.233ms
08-04 19:51:56.490  2355  2377 I art     : Starting a blocking GC Explicit
08-04 19:51:56.536  2355  2377 I art     : Explicit concurrent mark sweep GC freed 3(96B) AllocSpace objects, 0(0B) LOS objects, 10% free, 134MB/150MB, paused 1.059ms total 45.209ms
08-04 19:51:56.555  2355  2377 I art     : Starting a blocking GC Explicit
08-04 19:51:56.600  2355  2377 I art     : Explicit concurrent mark sweep GC freed 726(58KB) AllocSpace objects, 2(120KB) LOS objects, 10% free, 134MB/150MB, paused 1.240ms total 44.453ms
08-04 19:51:56.618  2355  2377 I art     : Starting a blocking GC Explicit
08-04 19:51:56.663  2355  2377 I art     : Explicit concurrent mark sweep GC freed 2117(83KB) AllocSpace objects, 0(0B) LOS objects, 10% free, 134MB/150MB, paused 1.080ms total 44.693ms
08-04 19:51:56.671  2355  3818 I NAPPA_EXPERIMENTATION: MetricNetworkRequestExecutionTime: REQUEST_DURATION_SYSTEM='925',REQUEST_DURATION_OKHTTP='32',REQUEST_SYNCHRONOUS='FALSE',RESPONSE_CODE='200',RESPONSE_METHOD='GET',RESPONSE_LENGTH_OKHTTP='36',RESPONSE_LENGTH_HEADER='36',REQUEST_PROTOCOL='http/1.1',REQUEST_URL='https://project-travel-mate.herokuapp.com/api/number-of-unread-notifications',
08-04 19:51:57.084  2355  2368 I art     : Starting a blocking GC Explicit
08-04 19:51:57.133  2355  2368 I art     : Explicit concurrent mark sweep GC freed 2340(206KB) AllocSpace objects, 3(116KB) LOS objects, 10% free, 134MB/150MB, paused 1.009ms total 48.268ms
08-04 19:51:57.150  2355  2368 I art     : Starting a blocking GC Explicit
08-04 19:51:57.193  2355  2368 I art     : Explicit concurrent mark sweep GC freed 47(2016B) AllocSpace objects, 0(0B) LOS objects, 10% free, 134MB/150MB, paused 965us total 43.067ms
08-04 19:51:57.210  2355  2368 I art     : Starting a blocking GC Explicit
08-04 19:51:57.254  2355  2368 I art     : Explicit concurrent mark sweep GC freed 3(96B) AllocSpace objects, 0(0B) LOS objects, 10% free, 134MB/150MB, paused 1.022ms total 43.158ms
08-04 19:51:57.271  2355  2368 I art     : Starting a blocking GC Explicit
08-04 19:51:57.314  2355  2368 I art     : Explicit concurrent mark sweep GC freed 3(96B) AllocSpace objects, 0(0B) LOS objects, 10% free, 134MB/150MB, paused 1.006ms total 43.347ms
08-04 19:51:57.332  2355  2368 I art     : Starting a blocking GC Explicit
08-04 19:51:57.375  2355  2368 I art     : Explicit concurrent mark sweep GC freed 4(128B) AllocSpace objects, 0(0B) LOS objects, 10% free, 134MB/150MB, paused 1.366ms total 43.306ms
08-04 19:51:57.590  3848  3848 D AndroidRuntime: >>>>>> START com.android.internal.os.RuntimeInit uid 2000 <<<<<<
08-04 19:51:57.596  3848  3848 D AndroidRuntime: CheckJNI is OFF
08-04 19:51:57.636  3848  3848 D ICU     : No timezone override file found: /data/misc/zoneinfo/current/icu/icu_tzdata.dat
08-04 19:51:57.679  3848  3848 I Radio-JNI: register_android_hardware_Radio DONE
08-04 19:51:57.708  3848  3848 D AndroidRuntime: Calling main entry com.android.commands.input.Input
08-04 19:51:57.711  3848  3848 I Input   : injectMotionEvent: MotionEvent { action=ACTION_DOWN, actionButton=0, id[0]=0, x[0]=747.0, y[0]=608.0, toolType[0]=TOOL_TYPE_UNKNOWN, buttonState=0, metaState=0, flags=0x0, edgeFlags=0x0, pointerCount=1, historySize=0, eventTime=733934122, downTime=733934122, deviceId=0, source=0x1002 }
08-04 19:51:57.717  3848  3848 I Input   : injectMotionEvent: MotionEvent { action=ACTION_UP, actionButton=0, id[0]=0, x[0]=747.0, y[0]=608.0, toolType[0]=TOOL_TYPE_UNKNOWN, buttonState=0, metaState=0, flags=0x0, edgeFlags=0x0, pointerCount=1, historySize=0, eventTime=733934122, downTime=733934122, deviceId=0, source=0x1002 }
08-04 19:51:57.719  3848  3848 D AndroidRuntime: Shutting down VM
08-04 19:51:57.721   512  2967 D audio_hw_primary: out_set_parameters: enter: usecase(1: low-latency-playback) kvpairs: routing=2
08-04 19:51:57.729   918  5132 I ActivityManager: START u0 {cmp=baseline.io.github.project_travel_mate/.utilities.ChecklistActivity} from uid 10650 on display 0
08-04 19:51:57.734   512  2967 D audio_hw_primary: select_devices: out_snd_device(2: speaker) in_snd_device(0: none)
08-04 19:51:57.734   512  2967 D msm8974_platform: platform_send_audio_calibration: sending audio calibration for snd_device(2) acdb_id(15)
08-04 19:51:57.735   512  2967 I soundtrigger: audio_extn_sound_trigger_update_device_status: device 0x2 of type 0 for Event 1
08-04 19:51:57.747   512  2967 D audio_hw_primary: enable_snd_device: snd_device(2: speaker)
08-04 19:51:57.749   512  2967 D audio_hw_primary: enable_audio_route: apply and update mixer path: low-latency-playback speaker
08-04 19:51:57.791  2355  2368 I art     : Starting a blocking GC Explicit
08-04 19:51:57.838  2355  2368 I art     : Explicit concurrent mark sweep GC freed 2178(170KB) AllocSpace objects, 2(36KB) LOS objects, 10% free, 134MB/150MB, paused 5.659ms total 46.401ms
08-04 19:51:57.859  2355  2368 I art     : Starting a blocking GC Explicit
08-04 19:51:57.903  2355  2368 I art     : Explicit concurrent mark sweep GC freed 904(102KB) AllocSpace objects, 0(0B) LOS objects, 10% free, 134MB/150MB, paused 1.317ms total 43.245ms
08-04 19:51:57.920  2355  2368 I art     : Starting a blocking GC Explicit
08-04 19:51:57.945 13866 13866 I GoogleInputMethodServic: GoogleInputMethodService.onFinishInput():3138 
08-04 19:51:57.945   918   936 I ActivityManager: Displayed baseline.io.github.project_travel_mate/.utilities.ChecklistActivity: +208ms
08-04 19:51:57.946 13866 13866 I GoogleInputMethodServic: GoogleInputMethodService.onStartInput():1808 
08-04 19:51:57.961  2355  2368 I art     : Explicit concurrent mark sweep GC freed 406(25KB) AllocSpace objects, 0(0B) LOS objects, 10% free, 135MB/151MB, paused 975us total 40.809ms
08-04 19:51:57.979  2355  2368 I art     : Starting a blocking GC Explicit
08-04 19:51:58.018  2355  2368 I art     : Explicit concurrent mark sweep GC freed 78(3KB) AllocSpace objects, 0(0B) LOS objects, 10% free, 135MB/151MB, paused 1.064ms total 38.644ms
08-04 19:51:58.034  2355  2368 I art     : Starting a blocking GC Explicit
08-04 19:51:58.074  2355  2368 I art     : Explicit concurrent mark sweep GC freed 9(304B) AllocSpace objects, 0(0B) LOS objects, 10% free, 135MB/151MB, paused 1.001ms total 40.094ms
08-04 19:51:58.205   380   380 W SurfaceFlinger: couldn't log to binary event log: overflow.
08-04 19:51:58.288   512  2967 D audio_hw_primary: disable_audio_route: reset and update mixer path: low-latency-playback speaker
08-04 19:51:58.289   512  2967 D audio_hw_primary: disable_snd_device: snd_device(2: speaker)
08-04 19:51:58.299   512  2967 I soundtrigger: audio_extn_sound_trigger_update_device_status: device 0x2 of type 0 for Event 0
08-04 19:51:58.474  2355  2377 I art     : Starting a blocking GC Explicit
08-04 19:51:58.527  2355  2377 I art     : Explicit concurrent mark sweep GC freed 1595(91KB) AllocSpace objects, 2(36KB) LOS objects, 10% free, 135MB/151MB, paused 1.099ms total 53.188ms
08-04 19:51:58.547  2355  2377 I art     : Starting a blocking GC Explicit
08-04 19:51:58.591  2355  2377 I art     : Explicit concurrent mark sweep GC freed 34(1200B) AllocSpace objects, 0(0B) LOS objects, 10% free, 135MB/151MB, paused 1.007ms total 44.379ms
08-04 19:51:58.609  2355  2377 I art     : Starting a blocking GC Explicit
08-04 19:51:58.652  2355  2377 I art     : Explicit concurrent mark sweep GC freed 3(96B) AllocSpace objects, 0(0B) LOS objects, 10% free, 135MB/151MB, paused 1.092ms total 43.388ms
08-04 19:51:58.670  2355  2377 I art     : Starting a blocking GC Explicit
08-04 19:51:58.714  2355  2377 I art     : Explicit concurrent mark sweep GC freed 3(96B) AllocSpace objects, 0(0B) LOS objects, 10% free, 135MB/151MB, paused 1.184ms total 43.917ms
08-04 19:51:58.731  2355  2377 I art     : Starting a blocking GC Explicit
08-04 19:51:58.775  2355  2377 I art     : Explicit concurrent mark sweep GC freed 3(96B) AllocSpace objects, 0(0B) LOS objects, 10% free, 135MB/151MB, paused 1.091ms total 43.080ms
08-04 19:51:59.178  2355  2368 I art     : Starting a blocking GC Explicit
08-04 19:51:59.235  2355  2368 I art     : Explicit concurrent mark sweep GC freed 1580(90KB) AllocSpace objects, 2(36KB) LOS objects, 10% free, 135MB/151MB, paused 1.187ms total 56.335ms
08-04 19:51:59.255  2355  2368 I art     : Starting a blocking GC Explicit
08-04 19:51:59.300  2355  2368 I art     : Explicit concurrent mark sweep GC freed 26(944B) AllocSpace objects, 0(0B) LOS objects, 10% free, 135MB/151MB, paused 1.182ms total 44.670ms
08-04 19:51:59.320  2355  2368 I art     : Starting a blocking GC Explicit
08-04 19:51:59.365  2355  2368 I art     : Explicit concurrent mark sweep GC freed 3(96B) AllocSpace objects, 0(0B) LOS objects, 10% free, 135MB/151MB, paused 1.123ms total 44.202ms
08-04 19:51:59.383  2355  2368 I art     : Starting a blocking GC Explicit
08-04 19:51:59.431  2355  2368 I art     : Explicit concurrent mark sweep GC freed 3(96B) AllocSpace objects, 0(0B) LOS objects, 10% free, 135MB/151MB, paused 1.076ms total 48.314ms
08-04 19:51:59.449  2355  2368 I art     : Starting a blocking GC Explicit
08-04 19:51:59.498  2355  2368 I art     : Explicit concurrent mark sweep GC freed 3(96B) AllocSpace objects, 0(0B) LOS objects, 10% free, 135MB/151MB, paused 1.117ms total 48.927ms
08-04 19:51:59.942  2355  2370 I art     : Starting a blocking GC Explicit
08-04 19:51:59.999  2355  2370 I art     : Explicit concurrent mark sweep GC freed 1587(91KB) AllocSpace objects, 2(36KB) LOS objects, 10% free, 135MB/151MB, paused 1.321ms total 56.430ms
08-04 19:52:00.022  2355  2370 I art     : Starting a blocking GC Explicit
08-04 19:52:00.065  2355  2370 I art     : Explicit concurrent mark sweep GC freed 43(1760B) AllocSpace objects, 0(0B) LOS objects, 10% free, 135MB/151MB, paused 1.063ms total 43.127ms
08-04 19:52:00.082  2355  2370 I art     : Starting a blocking GC Explicit
08-04 19:52:00.128  2355  2370 I art     : Explicit concurrent mark sweep GC freed 3(96B) AllocSpace objects, 0(0B) LOS objects, 10% free, 135MB/151MB, paused 1.192ms total 45.086ms
08-04 19:52:00.145  2355  2370 I art     : Starting a blocking GC Explicit
08-04 19:52:00.192  2355  2370 I art     : Explicit concurrent mark sweep GC freed 3(96B) AllocSpace objects, 0(0B) LOS objects, 10% free, 135MB/151MB, paused 1.125ms total 46.219ms
08-04 19:52:00.209  2355  2370 I art     : Starting a blocking GC Explicit
08-04 19:52:00.258  2355  2370 I art     : Explicit concurrent mark sweep GC freed 3(96B) AllocSpace objects, 0(0B) LOS objects, 10% free, 135MB/151MB, paused 1.209ms total 48.346ms
08-04 19:52:00.689  2355  2778 I art     : Starting a blocking GC Explicit
08-04 19:52:00.745  2355  2778 I art     : Explicit concurrent mark sweep GC freed 1555(90KB) AllocSpace objects, 2(36KB) LOS objects, 10% free, 135MB/151MB, paused 1.245ms total 55.999ms
08-04 19:52:00.766  2355  2778 I art     : Starting a blocking GC Explicit
08-04 19:52:00.814  2355  2778 I art     : Explicit concurrent mark sweep GC freed 67(2320B) AllocSpace objects, 0(0B) LOS objects, 10% free, 135MB/151MB, paused 1.204ms total 47.536ms
08-04 19:52:00.835  2355  2778 I art     : Starting a blocking GC Explicit
08-04 19:52:00.885  2355  2778 I art     : Explicit concurrent mark sweep GC freed 4(128B) AllocSpace objects, 0(0B) LOS objects, 10% free, 135MB/151MB, paused 1.136ms total 49.165ms
08-04 19:52:00.904  2355  2778 I art     : Starting a blocking GC Explicit
08-04 19:52:00.952  2355  2778 I art     : Explicit concurrent mark sweep GC freed 3(96B) AllocSpace objects, 0(0B) LOS objects, 10% free, 135MB/151MB, paused 1.114ms total 47.328ms
08-04 19:52:00.970  2355  2778 I art     : Starting a blocking GC Explicit
08-04 19:52:01.019  2355  2778 I art     : Explicit concurrent mark sweep GC freed 3(96B) AllocSpace objects, 0(0B) LOS objects, 10% free, 135MB/151MB, paused 1.166ms total 49.138ms
08-04 19:52:01.476  2355  2377 I art     : Starting a blocking GC Explicit
08-04 19:52:01.538  2355  2377 I art     : Explicit concurrent mark sweep GC freed 1545(89KB) AllocSpace objects, 2(36KB) LOS objects, 10% free, 135MB/151MB, paused 1.272ms total 62.208ms
08-04 19:52:01.559  2355  2377 I art     : Starting a blocking GC Explicit
08-04 19:52:01.606  2355  2377 I art     : Explicit concurrent mark sweep GC freed 26(944B) AllocSpace objects, 0(0B) LOS objects, 10% free, 135MB/151MB, paused 1.118ms total 46.760ms
08-04 19:52:01.626  2355  2377 I art     : Starting a blocking GC Explicit
08-04 19:52:01.678  2355  2377 I art     : Explicit concurrent mark sweep GC freed 3(96B) AllocSpace objects, 0(0B) LOS objects, 10% free, 135MB/151MB, paused 1.129ms total 51.276ms
08-04 19:52:01.695  2355  2377 I art     : Starting a blocking GC Explicit
08-04 19:52:01.744  2355  2377 I art     : Explicit concurrent mark sweep GC freed 3(96B) AllocSpace objects, 0(0B) LOS objects, 10% free, 135MB/151MB, paused 1.147ms total 48.080ms
08-04 19:52:01.761  2355  2377 I art     : Starting a blocking GC Explicit
08-04 19:52:01.812  2355  2377 I art     : Explicit concurrent mark sweep GC freed 30(752B) AllocSpace objects, 0(0B) LOS objects, 10% free, 135MB/151MB, paused 1.168ms total 49.957ms
08-04 19:52:02.171   518   646 I ThermalEngine: ACTION: GPU - Setting GPU[0] to 510000000
08-04 19:52:02.217  2355  2368 I art     : Starting a blocking GC Explicit
08-04 19:52:02.257  2355  2368 I art     : Explicit concurrent mark sweep GC freed 1549(89KB) AllocSpace objects, 2(36KB) LOS objects, 10% free, 135MB/151MB, paused 856us total 39.679ms
08-04 19:52:02.270  2355  2368 I art     : Starting a blocking GC Explicit
08-04 19:52:02.304  2355  2368 I art     : Explicit concurrent mark sweep GC freed 26(944B) AllocSpace objects, 0(0B) LOS objects, 10% free, 135MB/151MB, paused 852us total 33.838ms
08-04 19:52:02.317  2355  2368 I art     : Starting a blocking GC Explicit
08-04 19:52:02.351  2355  2368 I art     : Explicit concurrent mark sweep GC freed 3(96B) AllocSpace objects, 0(0B) LOS objects, 10% free, 135MB/151MB, paused 806us total 33.504ms
08-04 19:52:02.364  2355  2368 I art     : Starting a blocking GC Explicit
08-04 19:52:02.398  2355  2368 I art     : Explicit concurrent mark sweep GC freed 3(96B) AllocSpace objects, 0(0B) LOS objects, 10% free, 135MB/151MB, paused 869us total 34.302ms
08-04 19:52:02.411  2355  2368 I art     : Starting a blocking GC Explicit
08-04 19:52:02.445  2355  2368 I art     : Explicit concurrent mark sweep GC freed 3(96B) AllocSpace objects, 0(0B) LOS objects, 10% free, 135MB/151MB, paused 827us total 33.702ms
08-04 19:52:02.465  3944  3944 D AndroidRuntime: >>>>>> START com.android.internal.os.RuntimeInit uid 2000 <<<<<<
08-04 19:52:02.470  3944  3944 D AndroidRuntime: CheckJNI is OFF
08-04 19:52:02.503  3944  3944 D ICU     : No timezone override file found: /data/misc/zoneinfo/current/icu/icu_tzdata.dat
08-04 19:52:02.537  3944  3944 I Radio-JNI: register_android_hardware_Radio DONE
08-04 19:52:02.559  3944  3944 D AndroidRuntime: Calling main entry com.android.commands.input.Input
08-04 19:52:02.561  3944  3944 I Input   : injectKeyEvent: KeyEvent { action=ACTION_DOWN, keyCode=KEYCODE_BACK, scanCode=0, metaState=0, flags=0x0, repeatCount=0, eventTime=733938974, downTime=733938974, deviceId=-1, source=0x101 }
08-04 19:52:02.567  3944  3944 I Input   : injectKeyEvent: KeyEvent { action=ACTION_UP, keyCode=KEYCODE_BACK, scanCode=0, metaState=0, flags=0x0, repeatCount=0, eventTime=733938974, downTime=733938974, deviceId=-1, source=0x101 }
08-04 19:52:02.573  3944  3944 D AndroidRuntime: Shutting down VM
08-04 19:52:02.592  2355  2355 V MainActivity: url = https://project-travel-mate.herokuapp.com/api/number-of-unread-notifications
08-04 19:52:02.619 13866 13866 I GoogleInputMethodServic: GoogleInputMethodService.onFinishInput():3138 
08-04 19:52:02.619 13866 13866 I GoogleInputMethodServic: GoogleInputMethodService.onStartInput():1808 
08-04 19:52:02.765  2355  2778 I art     : Starting a blocking GC Explicit
08-04 19:52:02.799  2355  2778 I art     : Explicit concurrent mark sweep GC freed 2019(111KB) AllocSpace objects, 2(36KB) LOS objects, 10% free, 135MB/151MB, paused 928us total 34.401ms
08-04 19:52:02.813  2355  2778 I art     : Starting a blocking GC Explicit
08-04 19:52:02.846  2355  2778 I art     : Explicit concurrent mark sweep GC freed 133(5KB) AllocSpace objects, 0(0B) LOS objects, 10% free, 135MB/151MB, paused 905us total 33.079ms
08-04 19:52:02.859  2355  2778 I art     : Starting a blocking GC Explicit
08-04 19:52:02.893  2355  2778 I art     : Explicit concurrent mark sweep GC freed 5(192B) AllocSpace objects, 0(0B) LOS objects, 10% free, 135MB/151MB, paused 777us total 33.264ms
08-04 19:52:02.906  2355  2778 I art     : Starting a blocking GC Explicit
08-04 19:52:02.909   380   380 W SurfaceFlinger: couldn't log to binary event log: overflow.
08-04 19:52:02.940  2355  2778 I art     : Explicit concurrent mark sweep GC freed 412(18KB) AllocSpace objects, 0(0B) LOS objects, 10% free, 135MB/151MB, paused 938us total 33.172ms
08-04 19:52:02.952  2355  2778 I art     : Starting a blocking GC Explicit
08-04 19:52:02.984  2355  2778 I art     : Explicit concurrent mark sweep GC freed 132(6KB) AllocSpace objects, 0(0B) LOS objects, 10% free, 135MB/151MB, paused 821us total 32.034ms
08-04 19:52:03.354  2355  2377 I art     : Starting a blocking GC Explicit
08-04 19:52:03.407  2355  2377 I art     : Explicit concurrent mark sweep GC freed 1545(89KB) AllocSpace objects, 2(36KB) LOS objects, 10% free, 135MB/151MB, paused 974us total 52.375ms
08-04 19:52:03.424  2355  2377 I art     : Starting a blocking GC Explicit
08-04 19:52:03.461  2355  2377 I art     : Explicit concurrent mark sweep GC freed 2536(130KB) AllocSpace objects, 3(200KB) LOS objects, 10% free, 135MB/151MB, paused 1.227ms total 37.349ms
08-04 19:52:03.475  2355  2377 I art     : Starting a blocking GC Explicit
08-04 19:52:03.490  2355  3984 I NAPPA_EXPERIMENTATION: MetricNetworkRequestExecutionTime: REQUEST_DURATION_SYSTEM='897',REQUEST_DURATION_OKHTTP='27',REQUEST_SYNCHRONOUS='FALSE',RESPONSE_CODE='200',RESPONSE_METHOD='GET',RESPONSE_LENGTH_OKHTTP='36',RESPONSE_LENGTH_HEADER='36',REQUEST_PROTOCOL='http/1.1',REQUEST_URL='https://project-travel-mate.herokuapp.com/api/number-of-unread-notifications',
08-04 19:52:03.511  2355  2377 I art     : Explicit concurrent mark sweep GC freed 1101(129KB) AllocSpace objects, 0(0B) LOS objects, 10% free, 135MB/151MB, paused 920us total 35.078ms
08-04 19:52:03.524  2355  2377 I art     : Starting a blocking GC Explicit
08-04 19:52:03.561  2355  2377 I art     : Explicit concurrent mark sweep GC freed 55(2304B) AllocSpace objects, 0(0B) LOS objects, 10% free, 135MB/151MB, paused 868us total 36.494ms
08-04 19:52:03.574  2355  2377 I art     : Starting a blocking GC Explicit
08-04 19:52:03.610  2355  2377 I art     : Explicit concurrent mark sweep GC freed 86(3KB) AllocSpace objects, 0(0B) LOS objects, 10% free, 135MB/151MB, paused 861us total 35.732ms
08-04 19:52:03.960  2355  2368 I art     : Starting a blocking GC Explicit
08-04 19:52:04.005  2355  2368 I art     : Explicit concurrent mark sweep GC freed 1588(90KB) AllocSpace objects, 2(36KB) LOS objects, 10% free, 135MB/151MB, paused 995us total 44.201ms
08-04 19:52:04.021  2355  2368 I art     : Starting a blocking GC Explicit
08-04 19:52:04.057  2355  2368 I art     : Explicit concurrent mark sweep GC freed 36(1488B) AllocSpace objects, 0(0B) LOS objects, 10% free, 135MB/151MB, paused 900us total 35.490ms
08-04 19:52:04.070  2355  2368 I art     : Starting a blocking GC Explicit
08-04 19:52:04.105  2355  2368 I art     : Explicit concurrent mark sweep GC freed 3(96B) AllocSpace objects, 0(0B) LOS objects, 10% free, 135MB/151MB, paused 875us total 34.741ms
08-04 19:52:04.118  2355  2368 I art     : Starting a blocking GC Explicit
08-04 19:52:04.152  2355  2368 I art     : Explicit concurrent mark sweep GC freed 3(96B) AllocSpace objects, 0(0B) LOS objects, 10% free, 135MB/151MB, paused 846us total 33.736ms
08-04 19:52:04.165  2355  2368 I art     : Starting a blocking GC Explicit
08-04 19:52:04.199  2355  2368 I art     : Explicit concurrent mark sweep GC freed 3(96B) AllocSpace objects, 0(0B) LOS objects, 10% free, 135MB/151MB, paused 897us total 33.724ms
08-04 19:52:04.258  4010  4010 D AndroidRuntime: >>>>>> START com.android.internal.os.RuntimeInit uid 2000 <<<<<<
08-04 19:52:04.263  4010  4010 D AndroidRuntime: CheckJNI is OFF
08-04 19:52:04.297  4010  4010 D ICU     : No timezone override file found: /data/misc/zoneinfo/current/icu/icu_tzdata.dat
08-04 19:52:04.333  4010  4010 I Radio-JNI: register_android_hardware_Radio DONE
08-04 19:52:04.356  4010  4010 D AndroidRuntime: Calling main entry com.android.commands.input.Input
08-04 19:52:04.358  4010  4010 I Input   : injectMotionEvent: MotionEvent { action=ACTION_DOWN, actionButton=0, id[0]=0, x[0]=657.0, y[0]=2037.0, toolType[0]=TOOL_TYPE_UNKNOWN, buttonState=0, metaState=0, flags=0x0, edgeFlags=0x0, pointerCount=1, historySize=0, eventTime=733940771, downTime=733940771, deviceId=0, source=0x1002 }
08-04 19:52:04.369  4010  4010 I Input   : injectMotionEvent: MotionEvent { action=ACTION_UP, actionButton=0, id[0]=0, x[0]=657.0, y[0]=2037.0, toolType[0]=TOOL_TYPE_UNKNOWN, buttonState=0, metaState=0, flags=0x0, edgeFlags=0x0, pointerCount=1, historySize=0, eventTime=733940771, downTime=733940771, deviceId=0, source=0x1002 }
08-04 19:52:04.371  4010  4010 D AndroidRuntime: Shutting down VM
08-04 19:52:04.381   918  3961 I ActivityManager: START u0 {cmp=baseline.io.github.project_travel_mate/.utilities.CompassActivity} from uid 10650 on display 0
08-04 19:52:04.382   512  2967 D audio_hw_primary: out_set_parameters: enter: usecase(1: low-latency-playback) kvpairs: routing=2
08-04 19:52:04.395   512  2967 D audio_hw_primary: select_devices: out_snd_device(2: speaker) in_snd_device(0: none)
08-04 19:52:04.395   512  2967 D msm8974_platform: platform_send_audio_calibration: sending audio calibration for snd_device(2) acdb_id(15)
08-04 19:52:04.396   512  2967 I soundtrigger: audio_extn_sound_trigger_update_device_status: device 0x2 of type 0 for Event 1
08-04 19:52:04.407   512  2967 D audio_hw_primary: enable_snd_device: snd_device(2: speaker)
08-04 19:52:04.409   512  2967 D audio_hw_primary: enable_audio_route: apply and update mixer path: low-latency-playback speaker
08-04 19:52:04.543  2355  2370 I art     : Starting a blocking GC Explicit
08-04 19:52:04.578  2355  2370 I art     : Explicit concurrent mark sweep GC freed 74(3KB) AllocSpace objects, 0(0B) LOS objects, 7% free, 184MB/200MB, paused 936us total 34.774ms
08-04 19:52:04.592  2355  2370 I art     : Starting a blocking GC Explicit
08-04 19:52:04.624  2355  2370 I art     : Explicit concurrent mark sweep GC freed 3(96B) AllocSpace objects, 0(0B) LOS objects, 7% free, 184MB/200MB, paused 924us total 31.494ms
08-04 19:52:04.637  2355  2370 I art     : Starting a blocking GC Explicit
08-04 19:52:04.669  2355  2370 I art     : Explicit concurrent mark sweep GC freed 3(96B) AllocSpace objects, 0(0B) LOS objects, 7% free, 184MB/200MB, paused 932us total 31.745ms
08-04 19:52:04.681  2355  2370 I art     : Starting a blocking GC Explicit
08-04 19:52:04.713  2355  2370 I art     : Explicit concurrent mark sweep GC freed 3(96B) AllocSpace objects, 0(0B) LOS objects, 7% free, 184MB/200MB, paused 915us total 31.634ms
08-04 19:52:04.725  2355  2370 I art     : Starting a blocking GC Explicit
08-04 19:52:04.758  2355  2370 I art     : Explicit concurrent mark sweep GC freed 3(96B) AllocSpace objects, 0(0B) LOS objects, 7% free, 184MB/200MB, paused 969us total 31.986ms
08-04 19:52:04.815  2355  2355 D CompassActivity: start compass
08-04 19:52:04.816   918  3961 I sensors : batch
08-04 19:52:04.816   918  3961 I sensors : activate
08-04 19:52:04.816   918  6029 I sensors : batch
08-04 19:52:04.816   918  6029 I sensors : activate
08-04 19:52:04.822   918  3188 I hubconnection: sensorhub said: 'batch 1 flags:0, sampling_rate_Hz:50.00, max_report_latency_us:0'
08-04 19:52:04.824   918  3188 I hubconnection: sensorhub said: 'activate 1 enable:1'
08-04 19:52:04.825   918  3188 I hubconnection: sensorhub said: 'batch 3 flags:0, sampling_rate_Hz:50.00, max_report_latency_us:0'
08-04 19:52:04.826   918  3188 I hubconnection: sensorhub said: 'activate 3 enable:1'
08-04 19:52:04.948   512  2967 D audio_hw_primary: disable_audio_route: reset and update mixer path: low-latency-playback speaker
08-04 19:52:04.949   512  2967 D audio_hw_primary: disable_snd_device: snd_device(2: speaker)
08-04 19:52:04.956   512  2967 I soundtrigger: audio_extn_sound_trigger_update_device_status: device 0x2 of type 0 for Event 0
08-04 19:52:04.971  2355  2355 D CompassActivity: will set rotation from 0.0 to 177.8888
08-04 19:52:04.976   918   936 I ActivityManager: Displayed baseline.io.github.project_travel_mate/.utilities.CompassActivity: +578ms
08-04 19:52:04.976  2355  2355 D CompassActivity: will set rotation from 177.8888 to 178.18616
08-04 19:52:04.977  2355  2355 D CompassActivity: will set rotation from 178.18616 to 178.18042
08-04 19:52:04.980 13866 13866 I GoogleInputMethodServic: GoogleInputMethodService.onFinishInput():3138 
08-04 19:52:04.981 13866 13866 I GoogleInputMethodServic: GoogleInputMethodService.onStartInput():1808 
08-04 19:52:05.053  2355  2355 D CompassActivity: will set rotation from 178.18042 to 177.94489
08-04 19:52:05.053  2355  2355 D CompassActivity: will set rotation from 177.94489 to 177.94318
08-04 19:52:05.054  2355  2355 D CompassActivity: will set rotation from 177.94318 to 177.82953
08-04 19:52:05.054  2355  2355 D CompassActivity: will set rotation from 177.82953 to 177.82483
08-04 19:52:05.054  2355  2355 D CompassActivity: will set rotation from 177.82483 to 177.94775
08-04 19:52:05.054  2355  2355 D CompassActivity: will set rotation from 177.94775 to 177.94281
08-04 19:52:05.073  2355  2355 D CompassActivity: will set rotation from 177.94281 to 177.74512
08-04 19:52:05.073  2355  2355 D CompassActivity: will set rotation from 177.74512 to 177.74951
08-04 19:52:05.077  2355  2355 D CompassActivity: will set rotation from 177.74951 to 177.93268
08-04 19:52:05.077  2355  2355 D CompassActivity: will set rotation from 177.93268 to 177.93121
08-04 19:52:05.095  2355  2368 I art     : Starting a blocking GC Explicit
08-04 19:52:05.096  2355  2355 D CompassActivity: will set rotation from 177.93121 to 177.92468
08-04 19:52:05.097  2355  2355 D CompassActivity: will set rotation from 177.92468 to 177.92102
08-04 19:52:05.115  2355  2355 D CompassActivity: will set rotation from 177.92102 to 177.9231
08-04 19:52:05.116  2355  2355 D CompassActivity: will set rotation from 177.9231 to 177.92249
08-04 19:52:05.126  2355  2368 I art     : Explicit concurrent mark sweep GC freed 1940(112KB) AllocSpace objects, 2(36KB) LOS objects, 7% free, 187MB/203MB, paused 777us total 30.511ms
08-04 19:52:05.136  2355  2355 D CompassActivity: will set rotation from 177.92249 to 177.93396
08-04 19:52:05.136  2355  2355 D CompassActivity: will set rotation from 177.93396 to 177.93542
08-04 19:52:05.139  2355  2368 I art     : Starting a blocking GC Explicit
08-04 19:52:05.156  2355  2355 D CompassActivity: will set rotation from 177.93542 to 177.90472
08-04 19:52:05.157  2355  2355 D CompassActivity: will set rotation from 177.90472 to 177.90588
08-04 19:52:05.179   518   646 I ThermalEngine: ACTION: GPU - Setting GPU[0] to 450000000
08-04 19:52:05.183  2355  2355 D CompassActivity: will set rotation from 177.90588 to 177.9176
08-04 19:52:05.184  2355  2355 D CompassActivity: will set rotation from 177.9176 to 177.91168
08-04 19:52:05.188  2355  2368 I art     : Explicit concurrent mark sweep GC freed 296(12KB) AllocSpace objects, 0(0B) LOS objects, 7% free, 187MB/203MB, paused 1.595ms total 48.642ms
08-04 19:52:05.196  2355  2355 D CompassActivity: will set rotation from 177.91168 to 177.995
08-04 19:52:05.197  2355  2355 D CompassActivity: will set rotation from 177.995 to 177.99182
08-04 19:52:05.208  2355  2368 I art     : Starting a blocking GC Explicit
08-04 19:52:05.217  2355  2355 D CompassActivity: will set rotation from 177.99182 to 178.03345
08-04 19:52:05.217  2355  2355 D CompassActivity: will set rotation from 178.03345 to 178.03821
08-04 19:52:05.229   380   380 W SurfaceFlinger: couldn't log to binary event log: overflow.
08-04 19:52:05.235  2355  2355 D CompassActivity: will set rotation from 178.03821 to 178.03754
08-04 19:52:05.236  2355  2355 D CompassActivity: will set rotation from 178.03754 to 178.0409
08-04 19:52:05.254  2355  2368 I art     : Explicit concurrent mark sweep GC freed 123(6KB) AllocSpace objects, 0(0B) LOS objects, 7% free, 187MB/203MB, paused 1.039ms total 45.456ms
08-04 19:52:05.255  2355  2355 D CompassActivity: will set rotation from 178.0409 to 178.04254
08-04 19:52:05.256  2355  2355 D CompassActivity: will set rotation from 178.04254 to 178.03992
08-04 19:52:05.271  2355  2368 I art     : Starting a blocking GC Explicit
08-04 19:52:05.276  2355  2355 D CompassActivity: will set rotation from 178.03992 to 178.08582
08-04 19:52:05.276  2355  2355 D CompassActivity: will set rotation from 178.08582 to 178.0863
08-04 19:52:05.295  2355  2355 D CompassActivity: will set rotation from 178.0863 to 178.11914
08-04 19:52:05.296  2355  2355 D CompassActivity: will set rotation from 178.11914 to 178.1156
08-04 19:52:05.308  2355  2368 I art     : Explicit concurrent mark sweep GC freed 123(6KB) AllocSpace objects, 0(0B) LOS objects, 7% free, 187MB/203MB, paused 1.389ms total 36.915ms
08-04 19:52:05.316  2355  2355 D CompassActivity: will set rotation from 178.1156 to 178.17603
08-04 19:52:05.317  2355  2355 D CompassActivity: will set rotation from 178.17603 to 178.17578
08-04 19:52:05.325  2355  2368 I art     : Starting a blocking GC Explicit
08-04 19:52:05.335  2355  2355 D CompassActivity: will set rotation from 178.17578 to 178.229
08-04 19:52:05.335  2355  2355 D CompassActivity: will set rotation from 178.229 to 178.22748
08-04 19:52:05.368  2355  2368 I art     : Explicit concurrent mark sweep GC freed 109(5KB) AllocSpace objects, 0(0B) LOS objects, 7% free, 187MB/203MB, paused 1.224ms total 42.501ms
08-04 19:52:05.429  2355  2355 D CompassActivity: will set rotation from 178.22748 to 178.25067
08-04 19:52:05.429  2355  2355 D CompassActivity: will set rotation from 178.25067 to 178.25092
08-04 19:52:05.429  2355  2355 D CompassActivity: will set rotation from 178.25092 to 178.26465
08-04 19:52:05.429  2355  2355 D CompassActivity: will set rotation from 178.26465 to 178.26367
08-04 19:52:05.429  2355  2355 D CompassActivity: will set rotation from 178.26367 to 178.33167
08-04 19:52:05.429  2355  2355 D CompassActivity: will set rotation from 178.33167 to 178.33173
08-04 19:52:05.430  2355  2355 D CompassActivity: will set rotation from 178.33173 to 178.37115
08-04 19:52:05.430  2355  2355 D CompassActivity: will set rotation from 178.37115 to 178.37
08-04 19:52:05.438  2355  2355 D CompassActivity: will set rotation from 178.37 to 178.34839
08-04 19:52:05.438  2355  2355 D CompassActivity: will set rotation from 178.34839 to 178.3479
08-04 19:52:05.454  2355  2355 D CompassActivity: will set rotation from 178.3479 to 178.41162
08-04 19:52:05.455  2355  2355 D CompassActivity: will set rotation from 178.41162 to 178.41382
08-04 19:52:05.474  2355  2355 D CompassActivity: will set rotation from 178.41382 to 178.39148
08-04 19:52:05.475  2355  2355 D CompassActivity: will set rotation from 178.39148 to 178.3941
08-04 19:52:05.494  2355  2355 D CompassActivity: will set rotation from 178.3941 to 178.42517
08-04 19:52:05.494  2355  2355 D CompassActivity: will set rotation from 178.42517 to 178.4226
08-04 19:52:05.516  2355  2355 D CompassActivity: will set rotation from 178.4226 to 178.45215
08-04 19:52:05.517  2355  2355 D CompassActivity: will set rotation from 178.45215 to 178.4541
08-04 19:52:05.535  2355  2355 D CompassActivity: will set rotation from 178.4541 to 178.432
08-04 19:52:05.536  2355  2355 D CompassActivity: will set rotation from 178.432 to 178.43158
08-04 19:52:05.555  2355  2355 D CompassActivity: will set rotation from 178.43158 to 178.46399
08-04 19:52:05.555  2355  2355 D CompassActivity: will set rotation from 178.46399 to 178.46326
08-04 19:52:05.574  2355  2355 D CompassActivity: will set rotation from 178.46326 to 178.48907
08-04 19:52:05.575  2355  2355 D CompassActivity: will set rotation from 178.48907 to 178.48785
08-04 19:52:05.594  2355  2355 D CompassActivity: will set rotation from 178.48785 to 178.46594
08-04 19:52:05.596  2355  2355 D CompassActivity: will set rotation from 178.46594 to 178.46631
08-04 19:52:05.615  2355  2355 D CompassActivity: will set rotation from 178.46631 to 178.46594
08-04 19:52:05.616  2355  2355 D CompassActivity: will set rotation from 178.46594 to 178.46527
08-04 19:52:05.634  2355  2355 D CompassActivity: will set rotation from 178.46527 to 178.4668
08-04 19:52:05.635  2355  2355 D CompassActivity: will set rotation from 178.4668 to 178.46423
08-04 19:52:05.655  2355  2355 D CompassActivity: will set rotation from 178.46423 to 178.48694
08-04 19:52:05.655  2355  2355 D CompassActivity: will set rotation from 178.48694 to 178.4848
08-04 19:52:05.674  2355  2355 D CompassActivity: will set rotation from 178.4848 to 178.50739
08-04 19:52:05.674  2355  2355 D CompassActivity: will set rotation from 178.50739 to 178.50854
08-04 19:52:05.694  2355  2355 D CompassActivity: will set rotation from 178.50854 to 178.55048
08-04 19:52:05.694  2355  2355 D CompassActivity: will set rotation from 178.55048 to 178.5509
08-04 19:52:05.716  2355  2355 D CompassActivity: will set rotation from 178.5509 to 178.54675
08-04 19:52:05.717  2355  2355 D CompassActivity: will set rotation from 178.54675 to 178.54755
08-04 19:52:05.736  2355  2355 D CompassActivity: will set rotation from 178.54755 to 178.54095
08-04 19:52:05.736  2355  2355 D CompassActivity: will set rotation from 178.54095 to 178.54236
08-04 19:52:05.754  2355  2355 D CompassActivity: will set rotation from 178.54236 to 178.5188
08-04 19:52:05.755  2355  2355 D CompassActivity: will set rotation from 178.5188 to 178.52057
08-04 19:52:05.774  2355  2355 D CompassActivity: will set rotation from 178.52057 to 178.49707
08-04 19:52:05.775  2355  2355 D CompassActivity: will set rotation from 178.49707 to 178.49731
08-04 19:52:05.778  2355  2778 I art     : Starting a blocking GC Explicit
08-04 19:52:05.793  2355  2355 D CompassActivity: will set rotation from 178.49731 to 178.51746
08-04 19:52:05.794  2355  2355 D CompassActivity: will set rotation from 178.51746 to 178.51593
08-04 19:52:05.816  2355  2355 D CompassActivity: will set rotation from 178.51593 to 178.49536
08-04 19:52:05.817  2355  2355 D CompassActivity: will set rotation from 178.49536 to 178.49695
08-04 19:52:05.831  2355  2778 I art     : Explicit concurrent mark sweep GC freed 2070(121KB) AllocSpace objects, 2(36KB) LOS objects, 7% free, 187MB/203MB, paused 1.186ms total 52.631ms
08-04 19:52:05.835  2355  2355 D CompassActivity: will set rotation from 178.49695 to 178.47742
08-04 19:52:05.835  2355  2355 D CompassActivity: will set rotation from 178.47742 to 178.47894
08-04 19:52:05.851  2355  2778 I art     : Starting a blocking GC Explicit
08-04 19:52:05.854  2355  2355 D CompassActivity: will set rotation from 178.47894 to 178.48138
08-04 19:52:05.854  2355  2355 D CompassActivity: will set rotation from 178.48138 to 178.47906
08-04 19:52:05.873  2355  2355 D CompassActivity: will set rotation from 178.47906 to 178.5011
08-04 19:52:05.873  2355  2355 D CompassActivity: will set rotation from 178.5011 to 178.4967
08-04 19:52:05.893  2355  2355 D CompassActivity: will set rotation from 178.4967 to 178.47693
08-04 19:52:05.894  2355  2355 D CompassActivity: will set rotation from 178.47693 to 178.47595
08-04 19:52:05.902  2355  2778 I art     : Explicit concurrent mark sweep GC freed 828(32KB) AllocSpace objects, 0(0B) LOS objects, 7% free, 187MB/203MB, paused 1.260ms total 50.521ms
08-04 19:52:05.914  2355  2355 D CompassActivity: will set rotation from 178.47595 to 178.49597
08-04 19:52:05.915  2355  2355 D CompassActivity: will set rotation from 178.49597 to 178.49512
08-04 19:52:05.920  2355  2778 I art     : Starting a blocking GC Explicit
08-04 19:52:05.936  2355  2355 D CompassActivity: will set rotation from 178.49512 to 178.495
08-04 19:52:05.936  2355  2355 D CompassActivity: will set rotation from 178.495 to 178.49347
08-04 19:52:05.953  2355  2355 D CompassActivity: will set rotation from 178.49347 to 178.51135
08-04 19:52:05.953  2355  2355 D CompassActivity: will set rotation from 178.51135 to 178.5116
08-04 19:52:05.971  2355  2778 I art     : Explicit concurrent mark sweep GC freed 145(6KB) AllocSpace objects, 0(0B) LOS objects, 7% free, 187MB/203MB, paused 1.009ms total 50.072ms
08-04 19:52:05.973  2355  2355 D CompassActivity: will set rotation from 178.5116 to 178.54968
08-04 19:52:05.973  2355  2355 D CompassActivity: will set rotation from 178.54968 to 178.54895
08-04 19:52:05.991  2355  2778 I art     : Starting a blocking GC Explicit
08-04 19:52:05.993  2355  2355 D CompassActivity: will set rotation from 178.54895 to 178.60443
08-04 19:52:05.993  2355  2355 D CompassActivity: will set rotation from 178.60443 to 178.60413
08-04 19:52:06.017  2355  2355 D CompassActivity: will set rotation from 178.60413 to 178.60223
08-04 19:52:06.018  2355  2355 D CompassActivity: will set rotation from 178.60223 to 178.60168
08-04 19:52:06.035  2355  2355 D CompassActivity: will set rotation from 178.60168 to 178.58038
08-04 19:52:06.035  2355  2355 D CompassActivity: will set rotation from 178.58038 to 178.57831
08-04 19:52:06.042  2355  2778 I art     : Explicit concurrent mark sweep GC freed 146(7KB) AllocSpace objects, 0(0B) LOS objects, 7% free, 187MB/203MB, paused 1.120ms total 50.902ms
08-04 19:52:06.053  2355  2355 D CompassActivity: will set rotation from 178.57831 to 178.59247
08-04 19:52:06.054  2355  2355 D CompassActivity: will set rotation from 178.59247 to 178.5907
08-04 19:52:06.063  2355  2778 I art     : Starting a blocking GC Explicit
08-04 19:52:06.073  2355  2355 D CompassActivity: will set rotation from 178.5907 to 178.56995
08-04 19:52:06.073  2355  2355 D CompassActivity: will set rotation from 178.56995 to 178.57098
08-04 19:52:06.092  2355  2355 D CompassActivity: will set rotation from 178.57098 to 178.56787
08-04 19:52:06.093  2355  2355 D CompassActivity: will set rotation from 178.56787 to 178.56891
08-04 19:52:06.112  2355  2355 D CompassActivity: will set rotation from 178.56891 to 178.58624
08-04 19:52:06.113  2355  2355 D CompassActivity: will set rotation from 178.58624 to 178.58636
08-04 19:52:06.116  2355  2778 I art     : Explicit concurrent mark sweep GC freed 173(8KB) AllocSpace objects, 0(0B) LOS objects, 7% free, 187MB/203MB, paused 1.280ms total 53.043ms
08-04 19:52:06.135  2355  2355 D CompassActivity: will set rotation from 178.58636 to 178.5827
08-04 19:52:06.136  2355  2355 D CompassActivity: will set rotation from 178.5827 to 178.58331
08-04 19:52:06.153  2355  2355 D CompassActivity: will set rotation from 178.58331 to 178.59589
08-04 19:52:06.153  2355  2355 D CompassActivity: will set rotation from 178.59589 to 178.59656
08-04 19:52:06.172  2355  2355 D CompassActivity: will set rotation from 178.59656 to 178.59363
08-04 19:52:06.172  2355  2355 D CompassActivity: will set rotation from 178.59363 to 178.59302
08-04 19:52:06.192  2355  2355 D CompassActivity: will set rotation from 178.59302 to 178.59106
08-04 19:52:06.192  2355  2355 D CompassActivity: will set rotation from 178.59106 to 178.59082
08-04 19:52:06.213  2355  2355 D CompassActivity: will set rotation from 178.59082 to 178.58704
08-04 19:52:06.214  2355  2355 D CompassActivity: will set rotation from 178.58704 to 178.58685
08-04 19:52:06.236  2355  2355 D CompassActivity: will set rotation from 178.58685 to 178.60345
08-04 19:52:06.236  2355  2355 D CompassActivity: will set rotation from 178.60345 to 178.6034
08-04 19:52:06.253  2355  2355 D CompassActivity: will set rotation from 178.6034 to 178.60199
08-04 19:52:06.253  2355  2355 D CompassActivity: will set rotation from 178.60199 to 178.60382
08-04 19:52:06.273  2355  2355 D CompassActivity: will set rotation from 178.60382 to 178.60425
08-04 19:52:06.273  2355  2355 D CompassActivity: will set rotation from 178.60425 to 178.60406
08-04 19:52:06.292  2355  2355 D CompassActivity: will set rotation from 178.60406 to 178.61829
08-04 19:52:06.292  2355  2355 D CompassActivity: will set rotation from 178.61829 to 178.61664
08-04 19:52:06.311  2355  2355 D CompassActivity: will set rotation from 178.61664 to 178.6123
08-04 19:52:06.312  2355  2355 D CompassActivity: will set rotation from 178.6123 to 178.61096
08-04 19:52:06.333  2355  2355 D CompassActivity: will set rotation from 178.61096 to 178.64075
08-04 19:52:06.334  2355  2355 D CompassActivity: will set rotation from 178.64075 to 178.64136
08-04 19:52:06.351  2355  2355 D CompassActivity: will set rotation from 178.64136 to 178.68524
08-04 19:52:06.352  2355  2355 D CompassActivity: will set rotation from 178.68524 to 178.68439
08-04 19:52:06.371  2355  2355 D CompassActivity: will set rotation from 178.68439 to 178.68005
08-04 19:52:06.371  2355  2355 D CompassActivity: will set rotation from 178.68005 to 178.68042
08-04 19:52:06.391  2355  2355 D CompassActivity: will set rotation from 178.68042 to 178.69324
08-04 19:52:06.392  2355  2355 D CompassActivity: will set rotation from 178.69324 to 178.69232
08-04 19:52:06.411  2355  2355 D CompassActivity: will set rotation from 178.69232 to 178.68658
08-04 19:52:06.411  2355  2355 D CompassActivity: will set rotation from 178.68658 to 178.68658
08-04 19:52:06.432  2355  2355 D CompassActivity: will set rotation from 178.68658 to 178.71497
08-04 19:52:06.432  2355  2355 D CompassActivity: will set rotation from 178.71497 to 178.7143
08-04 19:52:06.452  2355  2355 D CompassActivity: will set rotation from 178.7143 to 178.72253
08-04 19:52:06.452  2355  2355 D CompassActivity: will set rotation from 178.72253 to 178.72253
08-04 19:52:06.470  2355  2355 D CompassActivity: will set rotation from 178.72253 to 178.69702
08-04 19:52:06.470  2355  2355 D CompassActivity: will set rotation from 178.69702 to 178.69922
08-04 19:52:06.491  2355  2355 D CompassActivity: will set rotation from 178.69922 to 178.7099
08-04 19:52:06.492  2355  2355 D CompassActivity: will set rotation from 178.7099 to 178.7102
08-04 19:52:06.511  2355  2355 D CompassActivity: will set rotation from 178.7102 to 178.70575
08-04 19:52:06.512  2355  2355 D CompassActivity: will set rotation from 178.70575 to 178.70557
08-04 19:52:06.533  2355  2355 D CompassActivity: will set rotation from 178.70557 to 178.71326
08-04 19:52:06.534  2355  2355 D CompassActivity: will set rotation from 178.71326 to 178.71472
08-04 19:52:06.545  2355  2368 I art     : Starting a blocking GC Explicit
08-04 19:52:06.553  2355  2355 D CompassActivity: will set rotation from 178.71472 to 178.70612
08-04 19:52:06.553  2355  2355 D CompassActivity: will set rotation from 178.70612 to 178.70728
08-04 19:52:06.570  2355  2355 D CompassActivity: will set rotation from 178.70728 to 178.71606
08-04 19:52:06.571  2355  2355 D CompassActivity: will set rotation from 178.71606 to 178.71619
08-04 19:52:06.591  2355  2355 D CompassActivity: will set rotation from 178.71619 to 178.72168
08-04 19:52:06.591  2355  2355 D CompassActivity: will set rotation from 178.72168 to 178.72253
08-04 19:52:06.595  2355  2368 I art     : Explicit concurrent mark sweep GC freed 1968(117KB) AllocSpace objects, 2(36KB) LOS objects, 7% free, 187MB/203MB, paused 1.173ms total 48.971ms
08-04 19:52:06.611  2355  2355 D CompassActivity: will set rotation from 178.72253 to 178.72882
08-04 19:52:06.611  2355  2355 D CompassActivity: will set rotation from 178.72882 to 178.72815
08-04 19:52:06.614  2355  2368 I art     : Starting a blocking GC Explicit
08-04 19:52:06.635  2355  2355 D CompassActivity: will set rotation from 178.72815 to 178.70374
08-04 19:52:06.636  2355  2355 D CompassActivity: will set rotation from 178.70374 to 178.70209
08-04 19:52:06.650  2355  2355 D CompassActivity: will set rotation from 178.70209 to 178.66278
08-04 19:52:06.650  2355  2355 D CompassActivity: will set rotation from 178.66278 to 178.66156
08-04 19:52:06.659  2355  2368 I art     : Explicit concurrent mark sweep GC freed 766(30KB) AllocSpace objects, 0(0B) LOS objects, 7% free, 187MB/203MB, paused 1.038ms total 44.743ms
08-04 19:52:06.670  2355  2355 D CompassActivity: will set rotation from 178.66156 to 178.6388
08-04 19:52:06.670  2355  2355 D CompassActivity: will set rotation from 178.6388 to 178.63745
08-04 19:52:06.677  2355  2368 I art     : Starting a blocking GC Explicit
08-04 19:52:06.689  2355  2355 D CompassActivity: will set rotation from 178.63745 to 178.6325
08-04 19:52:06.690  2355  2355 D CompassActivity: will set rotation from 178.6325 to 178.63269
08-04 19:52:06.709  2355  2355 D CompassActivity: will set rotation from 178.63269 to 178.61218
08-04 19:52:06.710  2355  2355 D CompassActivity: will set rotation from 178.61218 to 178.61395
08-04 19:52:06.718  2355  2368 I art     : Explicit concurrent mark sweep GC freed 177(8KB) AllocSpace objects, 0(0B) LOS objects, 7% free, 187MB/203MB, paused 1.001ms total 41.059ms
08-04 19:52:06.731  2355  2355 D CompassActivity: will set rotation from 178.61395 to 178.60486
08-04 19:52:06.732  2355  2355 D CompassActivity: will set rotation from 178.60486 to 178.60547
08-04 19:52:06.735  2355  2368 I art     : Starting a blocking GC Explicit
08-04 19:52:06.751  2355  2355 D CompassActivity: will set rotation from 178.60547 to 178.6131
08-04 19:52:06.752  2355  2355 D CompassActivity: will set rotation from 178.6131 to 178.61359
08-04 19:52:06.771  2355  2355 D CompassActivity: will set rotation from 178.61359 to 178.6222
08-04 19:52:06.772  2355  2355 D CompassActivity: will set rotation from 178.6222 to 178.6206
08-04 19:52:06.783  2355  2368 I art     : Explicit concurrent mark sweep GC freed 128(6KB) AllocSpace objects, 0(0B) LOS objects, 7% free, 187MB/203MB, paused 1.320ms total 48.048ms
08-04 19:52:06.789  2355  2355 D CompassActivity: will set rotation from 178.6206 to 178.59851
08-04 19:52:06.789  2355  2355 D CompassActivity: will set rotation from 178.59851 to 178.59692
08-04 19:52:06.801  2355  2368 I art     : Starting a blocking GC Explicit
08-04 19:52:06.809  2355  2355 D CompassActivity: will set rotation from 178.59692 to 178.60504
08-04 19:52:06.809  2355  2355 D CompassActivity: will set rotation from 178.60504 to 178.60345
08-04 19:52:06.833  2355  2355 D CompassActivity: will set rotation from 178.60345 to 178.58154
08-04 19:52:06.834  2355  2355 D CompassActivity: will set rotation from 178.58154 to 178.58221
08-04 19:52:06.852  2355  2368 I art     : Explicit concurrent mark sweep GC freed 173(7KB) AllocSpace objects, 0(0B) LOS objects, 7% free, 187MB/203MB, paused 1.532ms total 50.828ms
08-04 19:52:06.853  2355  2355 D CompassActivity: will set rotation from 178.58221 to 178.59583
08-04 19:52:06.854  2355  2355 D CompassActivity: will set rotation from 178.59583 to 178.59637
08-04 19:52:06.872  2355  2355 D CompassActivity: will set rotation from 178.59637 to 178.60657
08-04 19:52:06.873  2355  2355 D CompassActivity: will set rotation from 178.60657 to 178.60608
08-04 19:52:06.891  2355  2355 D CompassActivity: will set rotation from 178.60608 to 178.58594
08-04 19:52:06.891  2355  2355 D CompassActivity: will set rotation from 178.58594 to 178.58551
08-04 19:52:06.909  2355  2355 D CompassActivity: will set rotation from 178.58551 to 178.5998
08-04 19:52:06.910  2355  2355 D CompassActivity: will set rotation from 178.5998 to 178.6015
08-04 19:52:06.929  2355  2355 D CompassActivity: will set rotation from 178.6015 to 178.61267
08-04 19:52:06.929  2355  2355 D CompassActivity: will set rotation from 178.61267 to 178.61371
08-04 19:52:06.951  2355  2355 D CompassActivity: will set rotation from 178.61371 to 178.60999
08-04 19:52:06.952  2355  2355 D CompassActivity: will set rotation from 178.60999 to 178.61035
08-04 19:52:06.970  2355  2355 D CompassActivity: will set rotation from 178.61035 to 178.62268
08-04 19:52:06.970  2355  2355 D CompassActivity: will set rotation from 178.62268 to 178.62079
08-04 19:52:06.990  2355  2355 D CompassActivity: will set rotation from 178.62079 to 178.6004
08-04 19:52:06.990  2355  2355 D CompassActivity: will set rotation from 178.6004 to 178.59937
08-04 19:52:07.009  2355  2355 D CompassActivity: will set rotation from 178.59937 to 178.59741
08-04 19:52:07.010  2355  2355 D CompassActivity: will set rotation from 178.59741 to 178.59778
08-04 19:52:07.031  2355  2355 D CompassActivity: will set rotation from 178.59778 to 178.57886
08-04 19:52:07.034  2355  2355 D CompassActivity: will set rotation from 178.57886 to 178.57831
08-04 19:52:07.052  2355  2355 D CompassActivity: will set rotation from 178.57831 to 178.5741
08-04 19:52:07.052  2355  2355 D CompassActivity: will set rotation from 178.5741 to 178.57294
08-04 19:52:07.069  2355  2355 D CompassActivity: will set rotation from 178.57294 to 178.59888
08-04 19:52:07.070  2355  2355 D CompassActivity: will set rotation from 178.59888 to 178.59888
08-04 19:52:07.089  2355  2355 D CompassActivity: will set rotation from 178.59888 to 178.59467
08-04 19:52:07.090  2355  2355 D CompassActivity: will set rotation from 178.59467 to 178.59473
08-04 19:52:07.108  2355  2355 D CompassActivity: will set rotation from 178.59473 to 178.58997
08-04 19:52:07.108  2355  2355 D CompassActivity: will set rotation from 178.58997 to 178.59009
08-04 19:52:07.128  2355  2355 D CompassActivity: will set rotation from 178.59009 to 178.61456
08-04 19:52:07.130  2355  2355 D CompassActivity: will set rotation from 178.61456 to 178.61389
08-04 19:52:07.148  2355  2355 D CompassActivity: will set rotation from 178.61389 to 178.6062
08-04 19:52:07.149  2355  2355 D CompassActivity: will set rotation from 178.6062 to 178.6062
08-04 19:52:07.151  4069  4069 D AndroidRuntime: >>>>>> START com.android.internal.os.RuntimeInit uid 2000 <<<<<<
08-04 19:52:07.157  4069  4069 D AndroidRuntime: CheckJNI is OFF
08-04 19:52:07.168  2355  2355 D CompassActivity: will set rotation from 178.6062 to 178.61536
08-04 19:52:07.168  2355  2355 D CompassActivity: will set rotation from 178.61536 to 178.61475
08-04 19:52:07.187  2355  2355 D CompassActivity: will set rotation from 178.61475 to 178.60889
08-04 19:52:07.187  2355  2355 D CompassActivity: will set rotation from 178.60889 to 178.60968
08-04 19:52:07.198  4069  4069 D ICU     : No timezone override file found: /data/misc/zoneinfo/current/icu/icu_tzdata.dat
08-04 19:52:07.207  2355  2355 D CompassActivity: will set rotation from 178.60968 to 178.63397
08-04 19:52:07.208  2355  2355 D CompassActivity: will set rotation from 178.63397 to 178.63239
08-04 19:52:07.228  2355  2355 D CompassActivity: will set rotation from 178.63239 to 178.64203
08-04 19:52:07.228  2355  2355 D CompassActivity: will set rotation from 178.64203 to 178.64105
08-04 19:52:07.240  4069  4069 I Radio-JNI: register_android_hardware_Radio DONE
08-04 19:52:07.250  2355  2355 D CompassActivity: will set rotation from 178.64105 to 178.6659
08-04 19:52:07.251  2355  2355 D CompassActivity: will set rotation from 178.6659 to 178.66656
08-04 19:52:07.268  2355  2355 D CompassActivity: will set rotation from 178.66656 to 178.67377
08-04 19:52:07.268  2355  2355 D CompassActivity: will set rotation from 178.67377 to 178.67285
08-04 19:52:07.271  4069  4069 D AndroidRuntime: Calling main entry com.android.commands.input.Input
08-04 19:52:07.272  2355  2778 I art     : Starting a blocking GC Explicit
08-04 19:52:07.273  4069  4069 I Input   : injectKeyEvent: KeyEvent { action=ACTION_DOWN, keyCode=KEYCODE_BACK, scanCode=0, metaState=0, flags=0x0, repeatCount=0, eventTime=733943686, downTime=733943686, deviceId=-1, source=0x101 }
08-04 19:52:07.280  4069  4069 I Input   : injectKeyEvent: KeyEvent { action=ACTION_UP, keyCode=KEYCODE_BACK, scanCode=0, metaState=0, flags=0x0, repeatCount=0, eventTime=733943686, downTime=733943686, deviceId=-1, source=0x101 }
08-04 19:52:07.289  2355  2355 D CompassActivity: will set rotation from 178.67285 to 178.68225
08-04 19:52:07.289  4069  4069 D AndroidRuntime: Shutting down VM
08-04 19:52:07.289  2355  2355 D CompassActivity: will set rotation from 178.68225 to 178.68134
08-04 19:52:07.299   918  6029 I sensors : activate
08-04 19:52:07.300   918  5952 I sensors : activate
08-04 19:52:07.305   918  3188 I hubconnection: sensorhub said: 'activate 1 enable:0'
08-04 19:52:07.307   918  3188 I hubconnection: sensorhub said: 'activate 3 enable:0'
08-04 19:52:07.320  2355  2778 I art     : Explicit concurrent mark sweep GC freed 1996(118KB) AllocSpace objects, 2(36KB) LOS objects, 7% free, 187MB/203MB, paused 1.193ms total 48.189ms
08-04 19:52:07.330  2355  2355 V MainActivity: url = https://project-travel-mate.herokuapp.com/api/number-of-unread-notifications
08-04 19:52:07.338  2355  2778 I art     : Starting a blocking GC Explicit
08-04 19:52:07.382  2355  2778 I art     : Explicit concurrent mark sweep GC freed 985(37KB) AllocSpace objects, 0(0B) LOS objects, 7% free, 187MB/203MB, paused 1.168ms total 44.066ms
08-04 19:52:07.401  2355  2778 I art     : Starting a blocking GC Explicit
08-04 19:52:07.442  2355  2778 I art     : Explicit concurrent mark sweep GC freed 75(3056B) AllocSpace objects, 0(0B) LOS objects, 7% free, 187MB/203MB, paused 1.432ms total 41.520ms
08-04 19:52:07.444 13866 13866 I GoogleInputMethodServic: GoogleInputMethodService.onFinishInput():3138 
08-04 19:52:07.445 13866 13866 I GoogleInputMethodServic: GoogleInputMethodService.onStartInput():1808 
08-04 19:52:07.461  2355  2778 I art     : Starting a blocking GC Explicit
08-04 19:52:07.502  2355  2778 I art     : Explicit concurrent mark sweep GC freed 33(1248B) AllocSpace objects, 0(0B) LOS objects, 7% free, 187MB/203MB, paused 1.368ms total 40.643ms
08-04 19:52:07.520  2355  2778 I art     : Starting a blocking GC Explicit
08-04 19:52:07.558  2355  2778 I art     : Explicit concurrent mark sweep GC freed 113(6KB) AllocSpace objects, 0(0B) LOS objects, 7% free, 187MB/203MB, paused 1.080ms total 37.717ms
08-04 19:52:07.714  2355  2355 D CompassActivity: stop compass
08-04 19:52:07.715   380   380 W SurfaceFlinger: couldn't log to binary event log: overflow.
08-04 19:52:07.915  2355  2368 I art     : Starting a blocking GC Explicit
08-04 19:52:07.961  2355  2368 I art     : Explicit concurrent mark sweep GC freed 1608(92KB) AllocSpace objects, 2(36KB) LOS objects, 7% free, 187MB/203MB, paused 1.215ms total 45.947ms
08-04 19:52:07.978  2355  2368 I art     : Starting a blocking GC Explicit
08-04 19:52:08.042  2355  2368 I art     : Explicit concurrent mark sweep GC freed 1289(82KB) AllocSpace objects, 3(52MB) LOS objects, 10% free, 135MB/151MB, paused 1.133ms total 63.511ms
08-04 19:52:08.062  2355  2368 I art     : Starting a blocking GC Explicit
08-04 19:52:08.105  2355  2368 I art     : Explicit concurrent mark sweep GC freed 3(96B) AllocSpace objects, 0(0B) LOS objects, 10% free, 135MB/151MB, paused 1.132ms total 43.345ms
08-04 19:52:08.123  2355  2368 I art     : Starting a blocking GC Explicit
08-04 19:52:08.168  2355  2368 I art     : Explicit concurrent mark sweep GC freed 937(67KB) AllocSpace objects, 2(120KB) LOS objects, 10% free, 135MB/151MB, paused 1.642ms total 45.458ms
08-04 19:52:08.187  2355  2368 I art     : Starting a blocking GC Explicit
08-04 19:52:08.224  2355  4092 I NAPPA_EXPERIMENTATION: MetricNetworkRequestExecutionTime: REQUEST_DURATION_SYSTEM='892',REQUEST_DURATION_OKHTTP='37',REQUEST_SYNCHRONOUS='FALSE',RESPONSE_CODE='200',RESPONSE_METHOD='GET',RESPONSE_LENGTH_OKHTTP='36',RESPONSE_LENGTH_HEADER='36',REQUEST_PROTOCOL='http/1.1',REQUEST_URL='https://project-travel-mate.herokuapp.com/api/number-of-unread-notifications',
08-04 19:52:08.231  2355  2368 I art     : Explicit concurrent mark sweep GC freed 2353(148KB) AllocSpace objects, 1(80KB) LOS objects, 10% free, 135MB/151MB, paused 1.159ms total 44.217ms
08-04 19:52:08.626  2355  2370 I art     : Starting a blocking GC Explicit
08-04 19:52:08.671  2355  2370 I art     : Explicit concurrent mark sweep GC freed 2015(138KB) AllocSpace objects, 2(36KB) LOS objects, 10% free, 135MB/151MB, paused 1.182ms total 44.849ms
08-04 19:52:08.689  2355  2370 I art     : Starting a blocking GC Explicit
08-04 19:52:08.732  2355  2370 I art     : Explicit concurrent mark sweep GC freed 37(1520B) AllocSpace objects, 0(0B) LOS objects, 10% free, 135MB/151MB, paused 1.048ms total 42.733ms
08-04 19:52:08.749  2355  2370 I art     : Starting a blocking GC Explicit
08-04 19:52:08.789   950   950 I Atfwd_Sendcmd: AtCmdFwd service not ready - Exhausted retry attempts - :6
08-04 19:52:08.789   950   950 I Atfwd_Daemon: result : -1 	 ,Init step :2 	 ,qmiErrorCode: 0
08-04 19:52:08.792  2355  2370 I art     : Explicit concurrent mark sweep GC freed 3(96B) AllocSpace objects, 0(0B) LOS objects, 10% free, 135MB/151MB, paused 1.095ms total 42.786ms
08-04 19:52:08.810  2355  2370 I art     : Starting a blocking GC Explicit
08-04 19:52:08.853  2355  2370 I art     : Explicit concurrent mark sweep GC freed 34(928B) AllocSpace objects, 0(0B) LOS objects, 10% free, 135MB/151MB, paused 1.107ms total 43.281ms
08-04 19:52:08.871  2355  2370 I art     : Starting a blocking GC Explicit
08-04 19:52:08.917  2355  2370 I art     : Explicit concurrent mark sweep GC freed 3(96B) AllocSpace objects, 0(0B) LOS objects, 10% free, 135MB/151MB, paused 1.050ms total 45.560ms
08-04 19:52:09.084  4116  4116 D AndroidRuntime: >>>>>> START com.android.internal.os.RuntimeInit uid 2000 <<<<<<
08-04 19:52:09.090  4116  4116 D AndroidRuntime: CheckJNI is OFF
08-04 19:52:09.129  4116  4116 D ICU     : No timezone override file found: /data/misc/zoneinfo/current/icu/icu_tzdata.dat
08-04 19:52:09.169  4116  4116 I Radio-JNI: register_android_hardware_Radio DONE
08-04 19:52:09.199  4116  4116 D AndroidRuntime: Calling main entry com.android.commands.input.Input
08-04 19:52:09.200  4116  4116 I Input   : injectMotionEvent: MotionEvent { action=ACTION_DOWN, actionButton=0, id[0]=0, x[0]=500.0, y[0]=2000.0, toolType[0]=TOOL_TYPE_UNKNOWN, buttonState=0, metaState=0, flags=0x0, edgeFlags=0x0, pointerCount=1, historySize=0, eventTime=733945613, downTime=733945613, deviceId=0, source=0x1002 }
08-04 19:52:09.207  4116  4116 I Input   : injectMotionEvent: MotionEvent { action=ACTION_MOVE, actionButton=0, id[0]=0, x[0]=500.0, y[0]=2000.0, toolType[0]=TOOL_TYPE_UNKNOWN, buttonState=0, metaState=0, flags=0x0, edgeFlags=0x0, pointerCount=1, historySize=0, eventTime=733945613, downTime=733945613, deviceId=0, source=0x1002 }
08-04 19:52:09.218  4116  4116 I Input   : injectMotionEvent: MotionEvent { action=ACTION_MOVE, actionButton=0, id[0]=0, x[0]=500.0, y[0]=1965.8, toolType[0]=TOOL_TYPE_UNKNOWN, buttonState=0, metaState=0, flags=0x0, edgeFlags=0x0, pointerCount=1, historySize=0, eventTime=733945631, downTime=733945631, deviceId=0, source=0x1002 }
08-04 19:52:09.233  4116  4116 I Input   : injectMotionEvent: MotionEvent { action=ACTION_MOVE, actionButton=0, id[0]=0, x[0]=500.0, y[0]=1937.3, toolType[0]=TOOL_TYPE_UNKNOWN, buttonState=0, metaState=0, flags=0x0, edgeFlags=0x0, pointerCount=1, historySize=0, eventTime=733945646, downTime=733945646, deviceId=0, source=0x1002 }
08-04 19:52:09.257  4116  4116 I Input   : injectMotionEvent: MotionEvent { action=ACTION_MOVE, actionButton=0, id[0]=0, x[0]=500.0, y[0]=1891.7, toolType[0]=TOOL_TYPE_UNKNOWN, buttonState=0, metaState=0, flags=0x0, edgeFlags=0x0, pointerCount=1, historySize=0, eventTime=733945670, downTime=733945670, deviceId=0, source=0x1002 }
08-04 19:52:09.266  4116  4116 I Input   : injectMotionEvent: MotionEvent { action=ACTION_MOVE, actionButton=0, id[0]=0, x[0]=500.0, y[0]=1872.7, toolType[0]=TOOL_TYPE_UNKNOWN, buttonState=0, metaState=0, flags=0x0, edgeFlags=0x0, pointerCount=1, historySize=0, eventTime=733945680, downTime=733945680, deviceId=0, source=0x1002 }
08-04 19:52:09.283  4116  4116 I Input   : injectMotionEvent: MotionEvent { action=ACTION_MOVE, actionButton=0, id[0]=0, x[0]=500.0, y[0]=1842.3, toolType[0]=TOOL_TYPE_UNKNOWN, buttonState=0, metaState=0, flags=0x0, edgeFlags=0x0, pointerCount=1, historySize=0, eventTime=733945696, downTime=733945696, deviceId=0, source=0x1002 }
08-04 19:52:09.284  2355  2368 I art     : Starting a blocking GC Explicit
08-04 19:52:09.299  4116  4116 I Input   : injectMotionEvent: MotionEvent { action=ACTION_MOVE, actionButton=0, id[0]=0, x[0]=500.0, y[0]=1810.0, toolType[0]=TOOL_TYPE_UNKNOWN, buttonState=0, metaState=0, flags=0x0, edgeFlags=0x0, pointerCount=1, historySize=0, eventTime=733945713, downTime=733945713, deviceId=0, source=0x1002 }
08-04 19:52:09.317  4116  4116 I Input   : injectMotionEvent: MotionEvent { action=ACTION_MOVE, actionButton=0, id[0]=0, x[0]=500.0, y[0]=1777.7, toolType[0]=TOOL_TYPE_UNKNOWN, buttonState=0, metaState=0, flags=0x0, edgeFlags=0x0, pointerCount=1, historySize=0, eventTime=733945730, downTime=733945730, deviceId=0, source=0x1002 }
08-04 19:52:09.331  2355  2368 I art     : Explicit concurrent mark sweep GC freed 1631(92KB) AllocSpace objects, 2(36KB) LOS objects, 10% free, 135MB/151MB, paused 1.085ms total 46.492ms
08-04 19:52:09.335  4116  4116 I Input   : injectMotionEvent: MotionEvent { action=ACTION_MOVE, actionButton=0, id[0]=0, x[0]=500.0, y[0]=1743.5, toolType[0]=TOOL_TYPE_UNKNOWN, buttonState=0, metaState=0, flags=0x0, edgeFlags=0x0, pointerCount=1, historySize=0, eventTime=733945748, downTime=733945748, deviceId=0, source=0x1002 }
08-04 19:52:09.348  2355  2368 I art     : Starting a blocking GC Explicit
08-04 19:52:09.355  4116  4116 I Input   : injectMotionEvent: MotionEvent { action=ACTION_MOVE, actionButton=0, id[0]=0, x[0]=500.0, y[0]=1703.6, toolType[0]=TOOL_TYPE_UNKNOWN, buttonState=0, metaState=0, flags=0x0, edgeFlags=0x0, pointerCount=1, historySize=0, eventTime=733945769, downTime=733945769, deviceId=0, source=0x1002 }
08-04 19:52:09.367  4116  4116 I Input   : injectMotionEvent: MotionEvent { action=ACTION_MOVE, actionButton=0, id[0]=0, x[0]=500.0, y[0]=1684.6, toolType[0]=TOOL_TYPE_UNKNOWN, buttonState=0, metaState=0, flags=0x0, edgeFlags=0x0, pointerCount=1, historySize=0, eventTime=733945779, downTime=733945779, deviceId=0, source=0x1002 }
08-04 19:52:09.384  4116  4116 I Input   : injectMotionEvent: MotionEvent { action=ACTION_MOVE, actionButton=0, id[0]=0, x[0]=500.0, y[0]=1652.3, toolType[0]=TOOL_TYPE_UNKNOWN, buttonState=0, metaState=0, flags=0x0, edgeFlags=0x0, pointerCount=1, historySize=0, eventTime=733945796, downTime=733945796, deviceId=0, source=0x1002 }
08-04 19:52:09.399  2355  2368 I art     : Explicit concurrent mark sweep GC freed 47(1904B) AllocSpace objects, 0(0B) LOS objects, 10% free, 135MB/151MB, paused 1.104ms total 50.289ms
08-04 19:52:09.400  4116  4116 I Input   : injectMotionEvent: MotionEvent { action=ACTION_MOVE, actionButton=0, id[0]=0, x[0]=500.0, y[0]=1620.0, toolType[0]=TOOL_TYPE_UNKNOWN, buttonState=0, metaState=0, flags=0x0, edgeFlags=0x0, pointerCount=1, historySize=0, eventTime=733945813, downTime=733945813, deviceId=0, source=0x1002 }
08-04 19:52:09.417  2355  2368 I art     : Starting a blocking GC Explicit
08-04 19:52:09.417  4116  4116 I Input   : injectMotionEvent: MotionEvent { action=ACTION_MOVE, actionButton=0, id[0]=0, x[0]=500.0, y[0]=1587.7, toolType[0]=TOOL_TYPE_UNKNOWN, buttonState=0, metaState=0, flags=0x0, edgeFlags=0x0, pointerCount=1, historySize=0, eventTime=733945830, downTime=733945830, deviceId=0, source=0x1002 }
08-04 19:52:09.433  4116  4116 I Input   : injectMotionEvent: MotionEvent { action=ACTION_MOVE, actionButton=0, id[0]=0, x[0]=500.0, y[0]=1557.3, toolType[0]=TOOL_TYPE_UNKNOWN, buttonState=0, metaState=0, flags=0x0, edgeFlags=0x0, pointerCount=1, historySize=0, eventTime=733945846, downTime=733945846, deviceId=0, source=0x1002 }
08-04 19:52:09.450  4116  4116 I Input   : injectMotionEvent: MotionEvent { action=ACTION_MOVE, actionButton=0, id[0]=0, x[0]=500.0, y[0]=1525.0, toolType[0]=TOOL_TYPE_UNKNOWN, buttonState=0, metaState=0, flags=0x0, edgeFlags=0x0, pointerCount=1, historySize=0, eventTime=733945863, downTime=733945863, deviceId=0, source=0x1002 }
08-04 19:52:09.463  2355  2368 I art     : Explicit concurrent mark sweep GC freed 3(96B) AllocSpace objects, 0(0B) LOS objects, 10% free, 135MB/151MB, paused 1.125ms total 45.865ms
08-04 19:52:09.466  4116  4116 I Input   : injectMotionEvent: MotionEvent { action=ACTION_MOVE, actionButton=0, id[0]=0, x[0]=500.0, y[0]=1492.7, toolType[0]=TOOL_TYPE_UNKNOWN, buttonState=0, metaState=0, flags=0x0, edgeFlags=0x0, pointerCount=1, historySize=0, eventTime=733945880, downTime=733945880, deviceId=0, source=0x1002 }
08-04 19:52:09.481  2355  2368 I art     : Starting a blocking GC Explicit
08-04 19:52:09.484  4116  4116 I Input   : injectMotionEvent: MotionEvent { action=ACTION_MOVE, actionButton=0, id[0]=0, x[0]=500.0, y[0]=1460.3999, toolType[0]=TOOL_TYPE_UNKNOWN, buttonState=0, metaState=0, flags=0x0, edgeFlags=0x0, pointerCount=1, historySize=0, eventTime=733945897, downTime=733945897, deviceId=0, source=0x1002 }
08-04 19:52:09.500  4116  4116 I Input   : injectMotionEvent: MotionEvent { action=ACTION_MOVE, actionButton=0, id[0]=0, x[0]=500.0, y[0]=1430.0, toolType[0]=TOOL_TYPE_UNKNOWN, buttonState=0, metaState=0, flags=0x0, edgeFlags=0x0, pointerCount=1, historySize=0, eventTime=733945913, downTime=733945913, deviceId=0, source=0x1002 }
08-04 19:52:09.517  4116  4116 I Input   : injectMotionEvent: MotionEvent { action=ACTION_MOVE, actionButton=0, id[0]=0, x[0]=500.0, y[0]=1397.7, toolType[0]=TOOL_TYPE_UNKNOWN, buttonState=0, metaState=0, flags=0x0, edgeFlags=0x0, pointerCount=1, historySize=0, eventTime=733945930, downTime=733945930, deviceId=0, source=0x1002 }
08-04 19:52:09.525  2355  2368 I art     : Explicit concurrent mark sweep GC freed 3(96B) AllocSpace objects, 0(0B) LOS objects, 10% free, 135MB/151MB, paused 1.111ms total 43.692ms
08-04 19:52:09.533  4116  4116 I Input   : injectMotionEvent: MotionEvent { action=ACTION_MOVE, actionButton=0, id[0]=0, x[0]=500.0, y[0]=1367.3, toolType[0]=TOOL_TYPE_UNKNOWN, buttonState=0, metaState=0, flags=0x0, edgeFlags=0x0, pointerCount=1, historySize=0, eventTime=733945946, downTime=733945946, deviceId=0, source=0x1002 }
08-04 19:52:09.544  2355  2368 I art     : Starting a blocking GC Explicit
08-04 19:52:09.550  4116  4116 I Input   : injectMotionEvent: MotionEvent { action=ACTION_MOVE, actionButton=0, id[0]=0, x[0]=500.0, y[0]=1335.0, toolType[0]=TOOL_TYPE_UNKNOWN, buttonState=0, metaState=0, flags=0x0, edgeFlags=0x0, pointerCount=1, historySize=0, eventTime=733945963, downTime=733945963, deviceId=0, source=0x1002 }
08-04 19:52:09.567  4116  4116 I Input   : injectMotionEvent: MotionEvent { action=ACTION_MOVE, actionButton=0, id[0]=0, x[0]=500.0, y[0]=1302.7, toolType[0]=TOOL_TYPE_UNKNOWN, buttonState=0, metaState=0, flags=0x0, edgeFlags=0x0, pointerCount=1, historySize=0, eventTime=733945980, downTime=733945980, deviceId=0, source=0x1002 }
08-04 19:52:09.584  4116  4116 I Input   : injectMotionEvent: MotionEvent { action=ACTION_MOVE, actionButton=0, id[0]=0, x[0]=500.0, y[0]=1272.3, toolType[0]=TOOL_TYPE_UNKNOWN, buttonState=0, metaState=0, flags=0x0, edgeFlags=0x0, pointerCount=1, historySize=0, eventTime=733945996, downTime=733945996, deviceId=0, source=0x1002 }
08-04 19:52:09.591  2355  2368 I art     : Explicit concurrent mark sweep GC freed 3(96B) AllocSpace objects, 0(0B) LOS objects, 10% free, 135MB/151MB, paused 1.117ms total 46.356ms
08-04 19:52:09.600  4116  4116 I Input   : injectMotionEvent: MotionEvent { action=ACTION_MOVE, actionButton=0, id[0]=0, x[0]=500.0, y[0]=1240.0, toolType[0]=TOOL_TYPE_UNKNOWN, buttonState=0, metaState=0, flags=0x0, edgeFlags=0x0, pointerCount=1, historySize=0, eventTime=733946013, downTime=733946013, deviceId=0, source=0x1002 }
08-04 19:52:09.618  4116  4116 I Input   : injectMotionEvent: MotionEvent { action=ACTION_MOVE, actionButton=0, id[0]=0, x[0]=500.0, y[0]=1205.8, toolType[0]=TOOL_TYPE_UNKNOWN, buttonState=0, metaState=0, flags=0x0, edgeFlags=0x0, pointerCount=1, historySize=0, eventTime=733946031, downTime=733946031, deviceId=0, source=0x1002 }
08-04 19:52:09.677  4116  4116 I Input   : injectMotionEvent: MotionEvent { action=ACTION_MOVE, actionButton=0, id[0]=0, x[0]=500.0, y[0]=1093.7, toolType[0]=TOOL_TYPE_UNKNOWN, buttonState=0, metaState=0, flags=0x0, edgeFlags=0x0, pointerCount=1, historySize=0, eventTime=733946090, downTime=733946090, deviceId=0, source=0x1002 }
08-04 19:52:09.732  4116  4116 I Input   : injectMotionEvent: MotionEvent { action=ACTION_MOVE, actionButton=0, id[0]=0, x[0]=500.0, y[0]=989.2, toolType[0]=TOOL_TYPE_UNKNOWN, buttonState=0, metaState=0, flags=0x0, edgeFlags=0x0, pointerCount=1, historySize=0, eventTime=733946145, downTime=733946145, deviceId=0, source=0x1002 }
08-04 19:52:09.791  4116  4116 I Input   : injectMotionEvent: MotionEvent { action=ACTION_MOVE, actionButton=0, id[0]=0, x[0]=500.0, y[0]=877.1, toolType[0]=TOOL_TYPE_UNKNOWN, buttonState=0, metaState=0, flags=0x0, edgeFlags=0x0, pointerCount=1, historySize=0, eventTime=733946204, downTime=733946204, deviceId=0, source=0x1002 }
08-04 19:52:09.847  4116  4116 I Input   : injectMotionEvent: MotionEvent { action=ACTION_MOVE, actionButton=0, id[0]=0, x[0]=500.0, y[0]=768.80005, toolType[0]=TOOL_TYPE_UNKNOWN, buttonState=0, metaState=0, flags=0x0, edgeFlags=0x0, pointerCount=1, historySize=0, eventTime=733946261, downTime=733946261, deviceId=0, source=0x1002 }
08-04 19:52:09.908  4116  4116 I Input   : injectMotionEvent: MotionEvent { action=ACTION_MOVE, actionButton=0, id[0]=0, x[0]=500.0, y[0]=654.80005, toolType[0]=TOOL_TYPE_UNKNOWN, buttonState=0, metaState=0, flags=0x0, edgeFlags=0x0, pointerCount=1, historySize=0, eventTime=733946321, downTime=733946321, deviceId=0, source=0x1002 }
08-04 19:52:09.977  2355  2368 I art     : Starting a blocking GC Explicit
08-04 19:52:09.979  4116  4116 I Input   : injectMotionEvent: MotionEvent { action=ACTION_MOVE, actionButton=0, id[0]=0, x[0]=500.0, y[0]=518.0, toolType[0]=TOOL_TYPE_UNKNOWN, buttonState=0, metaState=0, flags=0x0, edgeFlags=0x0, pointerCount=1, historySize=0, eventTime=733946393, downTime=733946393, deviceId=0, source=0x1002 }
08-04 19:52:10.016  2355  2368 I art     : Explicit concurrent mark sweep GC freed 1595(91KB) AllocSpace objects, 2(36KB) LOS objects, 10% free, 135MB/151MB, paused 1.211ms total 39.260ms
08-04 19:52:10.034  2355  2368 I art     : Starting a blocking GC Explicit
08-04 19:52:10.042  4116  4116 I Input   : injectMotionEvent: MotionEvent { action=ACTION_MOVE, actionButton=0, id[0]=0, x[0]=500.0, y[0]=398.30005, toolType[0]=TOOL_TYPE_UNKNOWN, buttonState=0, metaState=0, flags=0x0, edgeFlags=0x0, pointerCount=1, historySize=0, eventTime=733946456, downTime=733946456, deviceId=0, source=0x1002 }
08-04 19:52:10.078  2355  2368 I art     : Explicit concurrent mark sweep GC freed 41(1648B) AllocSpace objects, 0(0B) LOS objects, 10% free, 135MB/151MB, paused 1.246ms total 44.003ms
08-04 19:52:10.095  2355  2368 I art     : Starting a blocking GC Explicit
08-04 19:52:10.135  2355  2368 I art     : Explicit concurrent mark sweep GC freed 3(96B) AllocSpace objects, 0(0B) LOS objects, 10% free, 135MB/151MB, paused 1.154ms total 39.711ms
08-04 19:52:10.137  4116  4116 I Input   : injectMotionEvent: MotionEvent { action=ACTION_MOVE, actionButton=0, id[0]=0, x[0]=500.0, y[0]=217.79993, toolType[0]=TOOL_TYPE_UNKNOWN, buttonState=0, metaState=0, flags=0x0, edgeFlags=0x0, pointerCount=1, historySize=0, eventTime=733946551, downTime=733946551, deviceId=0, source=0x1002 }
08-04 19:52:10.152  2355  2368 I art     : Starting a blocking GC Explicit
08-04 19:52:10.174  4116  4116 I Input   : injectMotionEvent: MotionEvent { action=ACTION_MOVE, actionButton=0, id[0]=0, x[0]=500.0, y[0]=149.40002, toolType[0]=TOOL_TYPE_UNKNOWN, buttonState=0, metaState=0, flags=0x0, edgeFlags=0x0, pointerCount=1, historySize=0, eventTime=733946587, downTime=733946587, deviceId=0, source=0x1002 }
08-04 19:52:10.192  2355  2368 I art     : Explicit concurrent mark sweep GC freed 9(288B) AllocSpace objects, 0(0B) LOS objects, 10% free, 135MB/151MB, paused 1.039ms total 39.894ms
08-04 19:52:10.212  2355  2368 I art     : Starting a blocking GC Explicit
08-04 19:52:10.216  4116  4116 I Input   : injectMotionEvent: MotionEvent { action=ACTION_UP, actionButton=0, id[0]=0, x[0]=500.0, y[0]=100.0, toolType[0]=TOOL_TYPE_UNKNOWN, buttonState=0, metaState=0, flags=0x0, edgeFlags=0x0, pointerCount=1, historySize=0, eventTime=733946629, downTime=733946629, deviceId=0, source=0x1002 }
08-04 19:52:10.252  2355  2368 I art     : Explicit concurrent mark sweep GC freed 6(192B) AllocSpace objects, 0(0B) LOS objects, 10% free, 135MB/151MB, paused 1.118ms total 39.856ms
08-04 19:52:10.254  4116  4116 D AndroidRuntime: Shutting down VM
08-04 19:52:10.626  2355  2368 I art     : Starting a blocking GC Explicit
08-04 19:52:10.665  2355  2368 I art     : Explicit concurrent mark sweep GC freed 1557(89KB) AllocSpace objects, 2(36KB) LOS objects, 10% free, 135MB/151MB, paused 1.009ms total 38.386ms
08-04 19:52:10.681  2355  2368 I art     : Starting a blocking GC Explicit
08-04 19:52:10.719  2355  2368 I art     : Explicit concurrent mark sweep GC freed 28(1008B) AllocSpace objects, 0(0B) LOS objects, 10% free, 135MB/151MB, paused 1.050ms total 37.313ms
08-04 19:52:10.734  2355  2368 I art     : Starting a blocking GC Explicit
08-04 19:52:10.773  2355  2368 I art     : Explicit concurrent mark sweep GC freed 5(160B) AllocSpace objects, 0(0B) LOS objects, 10% free, 135MB/151MB, paused 1.042ms total 38.458ms
08-04 19:52:10.790  2355  2368 I art     : Starting a blocking GC Explicit
08-04 19:52:10.828  2355  2368 I art     : Explicit concurrent mark sweep GC freed 34(928B) AllocSpace objects, 0(0B) LOS objects, 10% free, 135MB/151MB, paused 1.087ms total 37.728ms
08-04 19:52:10.845  2355  2368 I art     : Starting a blocking GC Explicit
08-04 19:52:10.888  2355  2368 I art     : Explicit concurrent mark sweep GC freed 5(160B) AllocSpace objects, 0(0B) LOS objects, 10% free, 135MB/151MB, paused 1.049ms total 42.920ms
08-04 19:52:10.983  4170  4170 D AndroidRuntime: >>>>>> START com.android.internal.os.RuntimeInit uid 2000 <<<<<<
08-04 19:52:10.988  4170  4170 D AndroidRuntime: CheckJNI is OFF
08-04 19:52:11.029  4170  4170 D ICU     : No timezone override file found: /data/misc/zoneinfo/current/icu/icu_tzdata.dat
08-04 19:52:11.068  4170  4170 I Radio-JNI: register_android_hardware_Radio DONE
08-04 19:52:11.097  4170  4170 D AndroidRuntime: Calling main entry com.android.commands.input.Input
08-04 19:52:11.099  4170  4170 I Input   : injectMotionEvent: MotionEvent { action=ACTION_DOWN, actionButton=0, id[0]=0, x[0]=500.0, y[0]=2000.0, toolType[0]=TOOL_TYPE_UNKNOWN, buttonState=0, metaState=0, flags=0x0, edgeFlags=0x0, pointerCount=1, historySize=0, eventTime=733947512, downTime=733947512, deviceId=0, source=0x1002 }
08-04 19:52:11.143  4170  4170 I Input   : injectMotionEvent: MotionEvent { action=ACTION_MOVE, actionButton=0, id[0]=0, x[0]=500.0, y[0]=2000.0, toolType[0]=TOOL_TYPE_UNKNOWN, buttonState=0, metaState=0, flags=0x0, edgeFlags=0x0, pointerCount=1, historySize=0, eventTime=733947512, downTime=733947512, deviceId=0, source=0x1002 }
08-04 19:52:11.151  4170  4170 I Input   : injectMotionEvent: MotionEvent { action=ACTION_MOVE, actionButton=0, id[0]=0, x[0]=500.0, y[0]=1901.2, toolType[0]=TOOL_TYPE_UNKNOWN, buttonState=0, metaState=0, flags=0x0, edgeFlags=0x0, pointerCount=1, historySize=0, eventTime=733947564, downTime=733947564, deviceId=0, source=0x1002 }
08-04 19:52:11.168  4170  4170 I Input   : injectMotionEvent: MotionEvent { action=ACTION_MOVE, actionButton=0, id[0]=0, x[0]=500.0, y[0]=1867.0, toolType[0]=TOOL_TYPE_UNKNOWN, buttonState=0, metaState=0, flags=0x0, edgeFlags=0x0, pointerCount=1, historySize=0, eventTime=733947582, downTime=733947582, deviceId=0, source=0x1002 }
08-04 19:52:11.185  4170  4170 I Input   : injectMotionEvent: MotionEvent { action=ACTION_MOVE, actionButton=0, id[0]=0, x[0]=500.0, y[0]=1834.7, toolType[0]=TOOL_TYPE_UNKNOWN, buttonState=0, metaState=0, flags=0x0, edgeFlags=0x0, pointerCount=1, historySize=0, eventTime=733947599, downTime=733947599, deviceId=0, source=0x1002 }
08-04 19:52:11.191   518   646 I ThermalEngine: ACTION: GPU - Setting GPU[0] to 390000000
08-04 19:52:11.284  2355  2778 I art     : Starting a blocking GC Explicit
08-04 19:52:11.292  4170  4170 I Input   : injectMotionEvent: MotionEvent { action=ACTION_MOVE, actionButton=0, id[0]=0, x[0]=500.0, y[0]=1631.4, toolType[0]=TOOL_TYPE_UNKNOWN, buttonState=0, metaState=0, flags=0x0, edgeFlags=0x0, pointerCount=1, historySize=0, eventTime=733947706, downTime=733947706, deviceId=0, source=0x1002 }
08-04 19:52:11.344  2355  2778 I art     : Explicit concurrent mark sweep GC freed 1553(89KB) AllocSpace objects, 2(36KB) LOS objects, 10% free, 135MB/151MB, paused 1.563ms total 59.263ms
08-04 19:52:11.364  2355  2778 I art     : Starting a blocking GC Explicit
08-04 19:52:11.391  4170  4170 I Input   : injectMotionEvent: MotionEvent { action=ACTION_MOVE, actionButton=0, id[0]=0, x[0]=500.0, y[0]=1445.2, toolType[0]=TOOL_TYPE_UNKNOWN, buttonState=0, metaState=0, flags=0x0, edgeFlags=0x0, pointerCount=1, historySize=0, eventTime=733947804, downTime=733947804, deviceId=0, source=0x1002 }
08-04 19:52:11.415  2355  2778 I art     : Explicit concurrent mark sweep GC freed 31(1104B) AllocSpace objects, 0(0B) LOS objects, 10% free, 135MB/151MB, paused 1.425ms total 50.547ms
08-04 19:52:11.437  2355  2778 I art     : Starting a blocking GC Explicit
08-04 19:52:11.486  2355  2778 I art     : Explicit concurrent mark sweep GC freed 3(96B) AllocSpace objects, 0(0B) LOS objects, 10% free, 135MB/151MB, paused 1.703ms total 48.356ms
08-04 19:52:11.486  4170  4170 I Input   : injectMotionEvent: MotionEvent { action=ACTION_MOVE, actionButton=0, id[0]=0, x[0]=500.0, y[0]=1262.8, toolType[0]=TOOL_TYPE_UNKNOWN, buttonState=0, metaState=0, flags=0x0, edgeFlags=0x0, pointerCount=1, historySize=0, eventTime=733947900, downTime=733947900, deviceId=0, source=0x1002 }
08-04 19:52:11.507  2355  2778 I art     : Starting a blocking GC Explicit
08-04 19:52:11.528  4170  4170 I Input   : injectMotionEvent: MotionEvent { action=ACTION_MOVE, actionButton=0, id[0]=0, x[0]=500.0, y[0]=1183.0, toolType[0]=TOOL_TYPE_UNKNOWN, buttonState=0, metaState=0, flags=0x0, edgeFlags=0x0, pointerCount=1, historySize=0, eventTime=733947942, downTime=733947942, deviceId=0, source=0x1002 }
08-04 19:52:11.562  2355  2778 I art     : Explicit concurrent mark sweep GC freed 6(192B) AllocSpace objects, 0(0B) LOS objects, 10% free, 135MB/151MB, paused 1.875ms total 54.618ms
08-04 19:52:11.562  4170  4170 I Input   : injectMotionEvent: MotionEvent { action=ACTION_MOVE, actionButton=0, id[0]=0, x[0]=500.0, y[0]=1120.3, toolType[0]=TOOL_TYPE_UNKNOWN, buttonState=0, metaState=0, flags=0x0, edgeFlags=0x0, pointerCount=1, historySize=0, eventTime=733947975, downTime=733947975, deviceId=0, source=0x1002 }
08-04 19:52:11.583  2355  2778 I art     : Starting a blocking GC Explicit
08-04 19:52:11.601  4170  4170 I Input   : injectMotionEvent: MotionEvent { action=ACTION_MOVE, actionButton=0, id[0]=0, x[0]=500.0, y[0]=1046.2001, toolType[0]=TOOL_TYPE_UNKNOWN, buttonState=0, metaState=0, flags=0x0, edgeFlags=0x0, pointerCount=1, historySize=0, eventTime=733948014, downTime=733948014, deviceId=0, source=0x1002 }
08-04 19:52:11.637  2355  2778 I art     : Explicit concurrent mark sweep GC freed 3(96B) AllocSpace objects, 0(0B) LOS objects, 10% free, 135MB/151MB, paused 1.737ms total 53.488ms
08-04 19:52:11.638  2355  2367 I art     : WaitForGcToComplete blocked for 42.495ms for cause HeapTrim
08-04 19:52:11.641  4170  4170 I Input   : injectMotionEvent: MotionEvent { action=ACTION_MOVE, actionButton=0, id[0]=0, x[0]=500.0, y[0]=970.19995, toolType[0]=TOOL_TYPE_UNKNOWN, buttonState=0, metaState=0, flags=0x0, edgeFlags=0x0, pointerCount=1, historySize=0, eventTime=733948054, downTime=733948054, deviceId=0, source=0x1002 }
08-04 19:52:11.681  4170  4170 I Input   : injectMotionEvent: MotionEvent { action=ACTION_MOVE, actionButton=0, id[0]=0, x[0]=500.0, y[0]=892.30005, toolType[0]=TOOL_TYPE_UNKNOWN, buttonState=0, metaState=0, flags=0x0, edgeFlags=0x0, pointerCount=1, historySize=0, eventTime=733948095, downTime=733948095, deviceId=0, source=0x1002 }
08-04 19:52:11.717  4170  4170 I Input   : injectMotionEvent: MotionEvent { action=ACTION_MOVE, actionButton=0, id[0]=0, x[0]=500.0, y[0]=825.80005, toolType[0]=TOOL_TYPE_UNKNOWN, buttonState=0, metaState=0, flags=0x0, edgeFlags=0x0, pointerCount=1, historySize=0, eventTime=733948130, downTime=733948130, deviceId=0, source=0x1002 }
08-04 19:52:11.755  4170  4170 I Input   : injectMotionEvent: MotionEvent { action=ACTION_MOVE, actionButton=0, id[0]=0, x[0]=500.0, y[0]=753.6, toolType[0]=TOOL_TYPE_UNKNOWN, buttonState=0, metaState=0, flags=0x0, edgeFlags=0x0, pointerCount=1, historySize=0, eventTime=733948168, downTime=733948168, deviceId=0, source=0x1002 }
08-04 19:52:11.792  4170  4170 I Input   : injectMotionEvent: MotionEvent { action=ACTION_MOVE, actionButton=0, id[0]=0, x[0]=500.0, y[0]=683.2999, toolType[0]=TOOL_TYPE_UNKNOWN, buttonState=0, metaState=0, flags=0x0, edgeFlags=0x0, pointerCount=1, historySize=0, eventTime=733948205, downTime=733948205, deviceId=0, source=0x1002 }
08-04 19:52:11.832  4170  4170 I Input   : injectMotionEvent: MotionEvent { action=ACTION_MOVE, actionButton=0, id[0]=0, x[0]=500.0, y[0]=607.30005, toolType[0]=TOOL_TYPE_UNKNOWN, buttonState=0, metaState=0, flags=0x0, edgeFlags=0x0, pointerCount=1, historySize=0, eventTime=733948245, downTime=733948245, deviceId=0, source=0x1002 }
08-04 19:52:11.869  4170  4170 I Input   : injectMotionEvent: MotionEvent { action=ACTION_MOVE, actionButton=0, id[0]=0, x[0]=500.0, y[0]=537.0, toolType[0]=TOOL_TYPE_UNKNOWN, buttonState=0, metaState=0, flags=0x0, edgeFlags=0x0, pointerCount=1, historySize=0, eventTime=733948282, downTime=733948282, deviceId=0, source=0x1002 }
08-04 19:52:11.907  4170  4170 I Input   : injectMotionEvent: MotionEvent { action=ACTION_MOVE, actionButton=0, id[0]=0, x[0]=500.0, y[0]=464.79993, toolType[0]=TOOL_TYPE_UNKNOWN, buttonState=0, metaState=0, flags=0x0, edgeFlags=0x0, pointerCount=1, historySize=0, eventTime=733948320, downTime=733948320, deviceId=0, source=0x1002 }
08-04 19:52:11.945  4170  4170 I Input   : injectMotionEvent: MotionEvent { action=ACTION_MOVE, actionButton=0, id[0]=0, x[0]=500.0, y[0]=392.59998, toolType[0]=TOOL_TYPE_UNKNOWN, buttonState=0, metaState=0, flags=0x0, edgeFlags=0x0, pointerCount=1, historySize=0, eventTime=733948358, downTime=733948358, deviceId=0, source=0x1002 }
08-04 19:52:11.982  4170  4170 I Input   : injectMotionEvent: MotionEvent { action=ACTION_MOVE, actionButton=0, id[0]=0, x[0]=500.0, y[0]=322.29993, toolType[0]=TOOL_TYPE_UNKNOWN, buttonState=0, metaState=0, flags=0x0, edgeFlags=0x0, pointerCount=1, historySize=0, eventTime=733948395, downTime=733948395, deviceId=0, source=0x1002 }
08-04 19:52:12.021  4170  4170 I Input   : injectMotionEvent: MotionEvent { action=ACTION_MOVE, actionButton=0, id[0]=0, x[0]=500.0, y[0]=248.20007, toolType[0]=TOOL_TYPE_UNKNOWN, buttonState=0, metaState=0, flags=0x0, edgeFlags=0x0, pointerCount=1, historySize=0, eventTime=733948434, downTime=733948434, deviceId=0, source=0x1002 }
08-04 19:52:12.062  4170  4170 I Input   : injectMotionEvent: MotionEvent { action=ACTION_MOVE, actionButton=0, id[0]=0, x[0]=500.0, y[0]=170.30005, toolType[0]=TOOL_TYPE_UNKNOWN, buttonState=0, metaState=0, flags=0x0, edgeFlags=0x0, pointerCount=1, historySize=0, eventTime=733948475, downTime=733948475, deviceId=0, source=0x1002 }
08-04 19:52:12.081  2355  2368 I art     : Starting a blocking GC Explicit
08-04 19:52:12.099  4170  4170 I Input   : injectMotionEvent: MotionEvent { action=ACTION_UP, actionButton=0, id[0]=0, x[0]=500.0, y[0]=100.0, toolType[0]=TOOL_TYPE_UNKNOWN, buttonState=0, metaState=0, flags=0x0, edgeFlags=0x0, pointerCount=1, historySize=0, eventTime=733948513, downTime=733948513, deviceId=0, source=0x1002 }
08-04 19:52:12.135  2355  2368 I art     : Explicit concurrent mark sweep GC freed 1600(91KB) AllocSpace objects, 2(36KB) LOS objects, 10% free, 135MB/151MB, paused 1.519ms total 53.660ms
08-04 19:52:12.137  4170  4170 D AndroidRuntime: Shutting down VM
08-04 19:52:12.157  2355  2368 I art     : Starting a blocking GC Explicit
08-04 19:52:12.206  2355  2368 I art     : Explicit concurrent mark sweep GC freed 68(3KB) AllocSpace objects, 0(0B) LOS objects, 10% free, 135MB/151MB, paused 1.495ms total 48.146ms
08-04 19:52:12.226  2355  2368 I art     : Starting a blocking GC Explicit
08-04 19:52:12.273  2355  2368 I art     : Explicit concurrent mark sweep GC freed 3(96B) AllocSpace objects, 0(0B) LOS objects, 10% free, 135MB/151MB, paused 1.370ms total 46.886ms
08-04 19:52:12.293  2355  2368 I art     : Starting a blocking GC Explicit
08-04 19:52:12.347  2355  2368 I art     : Explicit concurrent mark sweep GC freed 3(96B) AllocSpace objects, 0(0B) LOS objects, 10% free, 135MB/151MB, paused 1.562ms total 53.097ms
08-04 19:52:12.370  2355  2368 I art     : Starting a blocking GC Explicit
08-04 19:52:12.422  2355  2368 I art     : Explicit concurrent mark sweep GC freed 3(96B) AllocSpace objects, 0(0B) LOS objects, 10% free, 135MB/151MB, paused 1.544ms total 51.307ms
08-04 19:52:12.860  2355  2778 I art     : Starting a blocking GC Explicit
08-04 19:52:12.917  2355  2778 I art     : Explicit concurrent mark sweep GC freed 1588(90KB) AllocSpace objects, 2(36KB) LOS objects, 10% free, 135MB/151MB, paused 1.948ms total 56.258ms
08-04 19:52:12.943  2355  2778 I art     : Starting a blocking GC Explicit
08-04 19:52:12.996  2355  2778 I art     : Explicit concurrent mark sweep GC freed 36(1488B) AllocSpace objects, 0(0B) LOS objects, 10% free, 135MB/151MB, paused 1.599ms total 52.152ms
08-04 19:52:13.019  2355  2778 I art     : Starting a blocking GC Explicit
08-04 19:52:13.038  4207  4207 D AndroidRuntime: >>>>>> START com.android.internal.os.RuntimeInit uid 2000 <<<<<<
08-04 19:52:13.044  4207  4207 D AndroidRuntime: CheckJNI is OFF
08-04 19:52:13.073  2355  2778 I art     : Explicit concurrent mark sweep GC freed 3(96B) AllocSpace objects, 0(0B) LOS objects, 10% free, 135MB/151MB, paused 1.792ms total 53.729ms
08-04 19:52:13.094  2355  2778 I art     : Starting a blocking GC Explicit
08-04 19:52:13.102  4207  4207 D ICU     : No timezone override file found: /data/misc/zoneinfo/current/icu/icu_tzdata.dat
08-04 19:52:13.147  4207  4207 I Radio-JNI: register_android_hardware_Radio DONE
08-04 19:52:13.147  2355  2778 I art     : Explicit concurrent mark sweep GC freed 3(96B) AllocSpace objects, 0(0B) LOS objects, 10% free, 135MB/151MB, paused 1.648ms total 52.953ms
08-04 19:52:13.170  2355  2778 I art     : Starting a blocking GC Explicit
08-04 19:52:13.180  4207  4207 D AndroidRuntime: Calling main entry com.android.commands.input.Input
08-04 19:52:13.182  4207  4207 I Input   : injectMotionEvent: MotionEvent { action=ACTION_DOWN, actionButton=0, id[0]=0, x[0]=657.0, y[0]=2080.0, toolType[0]=TOOL_TYPE_UNKNOWN, buttonState=0, metaState=0, flags=0x0, edgeFlags=0x0, pointerCount=1, historySize=0, eventTime=733949595, downTime=733949595, deviceId=0, source=0x1002 }
08-04 19:52:13.188  4207  4207 I Input   : injectMotionEvent: MotionEvent { action=ACTION_UP, actionButton=0, id[0]=0, x[0]=657.0, y[0]=2080.0, toolType[0]=TOOL_TYPE_UNKNOWN, buttonState=0, metaState=0, flags=0x0, edgeFlags=0x0, pointerCount=1, historySize=0, eventTime=733949595, downTime=733949595, deviceId=0, source=0x1002 }
08-04 19:52:13.190  4207  4207 D AndroidRuntime: Shutting down VM
08-04 19:52:13.192   918  6112 I ActivityManager: START u0 {cmp=baseline.io.github.project_travel_mate/.utilities.UpcomingWeekendsActivity} from uid 10650 on display 0
08-04 19:52:13.195   512  2967 D audio_hw_primary: out_set_parameters: enter: usecase(1: low-latency-playback) kvpairs: routing=2
08-04 19:52:13.209   512  2967 D audio_hw_primary: select_devices: out_snd_device(2: speaker) in_snd_device(0: none)
08-04 19:52:13.209   512  2967 D msm8974_platform: platform_send_audio_calibration: sending audio calibration for snd_device(2) acdb_id(15)
08-04 19:52:13.209   512  2967 I soundtrigger: audio_extn_sound_trigger_update_device_status: device 0x2 of type 0 for Event 1
08-04 19:52:13.223   512  2967 D audio_hw_primary: enable_snd_device: snd_device(2: speaker)
08-04 19:52:13.225   512  2967 D audio_hw_primary: enable_audio_route: apply and update mixer path: low-latency-playback speaker
08-04 19:52:13.227  2355  2778 I art     : Explicit concurrent mark sweep GC freed 83(8KB) AllocSpace objects, 0(0B) LOS objects, 10% free, 135MB/151MB, paused 1.779ms total 54.926ms
08-04 19:52:13.252  2355  2445 D Gabe    : call	returning from cache
08-04 19:52:13.257  2355  2355 V EXECUTING: https://project-travel-mate.herokuapp.com/api/get-upcoming-holidays/2020
08-04 19:52:13.261  2355  2355 V EXECUTING: https://project-travel-mate.herokuapp.com/api/get-upcoming-holidays/2020
08-04 19:52:13.352 13866 13866 I GoogleInputMethodServic: GoogleInputMethodService.onFinishInput():3138 
08-04 19:52:13.353 13866 13866 I GoogleInputMethodServic: GoogleInputMethodService.onStartInput():1808 
08-04 19:52:13.464   918   936 I ActivityManager: Displayed baseline.io.github.project_travel_mate/.utilities.UpcomingWeekendsActivity: +254ms
08-04 19:52:13.651  2355  2370 I art     : Starting a blocking GC Explicit
08-04 19:52:13.706  2355  2370 I art     : Explicit concurrent mark sweep GC freed 3513(230KB) AllocSpace objects, 2(36KB) LOS objects, 10% free, 139MB/155MB, paused 1.696ms total 54.369ms
08-04 19:52:13.722   380   380 W SurfaceFlinger: couldn't log to binary event log: overflow.
08-04 19:52:13.731  2355  2370 I art     : Starting a blocking GC Explicit
08-04 19:52:13.770   512  2967 D audio_hw_primary: disable_audio_route: reset and update mixer path: low-latency-playback speaker
08-04 19:52:13.771   512  2967 D audio_hw_primary: disable_snd_device: snd_device(2: speaker)
08-04 19:52:13.783   512  2967 I soundtrigger: audio_extn_sound_trigger_update_device_status: device 0x2 of type 0 for Event 0
08-04 19:52:13.783  2355  2370 I art     : Explicit concurrent mark sweep GC freed 1601(120KB) AllocSpace objects, 4(240KB) LOS objects, 10% free, 140MB/156MB, paused 2.150ms total 52.413ms
08-04 19:52:13.804  2355  2370 I art     : Starting a blocking GC Explicit
08-04 19:52:13.845  2355  4230 I NAPPA_EXPERIMENTATION: MetricNetworkRequestExecutionTime: REQUEST_DURATION_SYSTEM='586',REQUEST_DURATION_OKHTTP='33',REQUEST_SYNCHRONOUS='FALSE',RESPONSE_CODE='200',RESPONSE_METHOD='GET',RESPONSE_LENGTH_OKHTTP='6426',RESPONSE_LENGTH_HEADER='6426',REQUEST_PROTOCOL='http/1.1',REQUEST_URL='https://project-travel-mate.herokuapp.com/api/get-upcoming-holidays/2020',
08-04 19:52:13.867  2355  2370 I art     : Explicit concurrent mark sweep GC freed 4395(197KB) AllocSpace objects, 3(176KB) LOS objects, 10% free, 140MB/156MB, paused 2.136ms total 61.956ms
08-04 19:52:13.868  2355  4231 I NAPPA_EXPERIMENTATION: MetricNetworkRequestExecutionTime: REQUEST_DURATION_SYSTEM='605',REQUEST_DURATION_OKHTTP='51',REQUEST_SYNCHRONOUS='FALSE',RESPONSE_CODE='200',RESPONSE_METHOD='GET',RESPONSE_LENGTH_OKHTTP='6426',RESPONSE_LENGTH_HEADER='6426',REQUEST_PROTOCOL='http/1.1',REQUEST_URL='https://project-travel-mate.herokuapp.com/api/get-upcoming-holidays/2020',
08-04 19:52:13.889  2355  2370 I art     : Starting a blocking GC Explicit
08-04 19:52:13.940  2355  2370 I art     : Explicit concurrent mark sweep GC freed 1886(220KB) AllocSpace objects, 2(32KB) LOS objects, 10% free, 140MB/156MB, paused 1.857ms total 50.321ms
08-04 19:52:13.955  2355  2355 V Response: [{"month":"January","date":1,"day":"Wednesday","name":"New Year's Day","type":"Restricted"},{"month":"January","date":2,"day":"Thursday","name":"Guru Govind Singh Jayanti","type":"Restricted"},{"month":"January","date":14,"day":"Tuesday","name":"Lohri","type":"Restricted"},{"month":"January","date":15,"day":"Wednesday","name":"Pongal","type":"Restricted"},{"month":"January","date":15,"day":"Wednesday","name":"Makar Sankranti","type":"Restricted"},{"month":"January","date":25,"day":"Saturday","name":"Chinese New Year","type":"Observance"},{"month":"January","date":26,"day":"Sunday","name":"Republic Day","type":"Gazetted"},{"month":"January","date":30,"day":"Thursday","name":"Vasant Panchami","type":"Restricted"},{"month":"February","date":9,"day":"Sunday","name":"Guru Ravidas Jayanti","type":"Restricted"},{"month":"February","date":14,"day":"Friday","name":"Valentine's Day","type":"Observance"},{"month":"February","date":18,"day":"Tuesday","name":"Maharishi Dayanand Saraswati Jayanti","type":"Restricted"},{"month":"February","date":19,"day":"Wednesday","name":"Shivaji Jayanti","type":"Restricted"},{"month":"February","date":21,"day":"Friday","name":"Maha Shivaratri/Shivaratri","type":"Gazetted"},{"month":"March","date":9,"day":"Monday","name":"Holika Dahana","type":"Restricted"},{"month":"March","date":9,"day":"Monday","name":"Hazarat Ali's Birthday","type":"Restricted"},{"month":"March","date":10,"day":"Tuesday","name":"Holi","type":"Gazetted"},{"month":"March","date":20,"day":"Friday","name":"March Equinox","type":"Season"},{"month":"March","date":25,"day":"Wednesday","name":"Chaitra Sukhladi","type":"Restricted"},{"month":"April","date":2,"day":"Thursday","name":"Rama Navami","type":"Gazetted"},{"month":"April","date":6,"day":"Monday","name":"Mahavir Jayanti","type":"Gazetted"},{"month":"April","date":9,"day":"Thursday","name":"First day of Passover","type":"Observance"},{"month":"April","date":9,"day":"Thursday","name":"Maundy Thursday","type":"Observance,"},{"month":"April","date":10,"day":"Friday","name":"Good Friday","type":"Gazetted"},{"month":"April","date":12,"day":"Sunday","name":"Easter Day","type":"Restricted"},{"month":"April","date":13,"day":"Monday","name":"Vaisakhi","type":"Restricted"},{"month":"April","date":14,"day":"Tuesday","name":"Mesadi/Vaisakhadi","type":"Restricted"},{"month":"April","date":14,"day":"Tuesday","name":"Ambedkar Jayanti","type":"Central"},{"month":"May","date":1,"day":"Friday","name":"May Day","type":"Observance"},{"month":"May","date":7,"day":"Thursday","name":"Buddha Purnima/Vesak","type":"Gazetted"},{"month":"May","date":7,"day":"Thursday","name":"Birthday of Ravindranath","type":"Restricted"},{"month":"May","date":10,"day":"Sunday","name":"Mother's Day","type":"Observance"},{"month":"May","date":22,"day":"Friday","name":"Jamat Ul-Vida","type":"Restricted"},{"month":"May","date":25,"day":"Monday","name":"Ramzan Id/Eid-ul-Fitar","type":"Gazetted"},{"month":"May","date":25,"day":"Monday","name":"Ramzan Id/Eid-ul-Fitar","type":"Muslim,"},{"month":"June","date":21,"day":"Sunday","name":"June Solstice","type":"Season"},{"month":"June","date":21,"day":"Sunday","name":"Father's Day","type":"Observance"},{"month":"June","date":23,"day":"Tuesday","name":"Rath Yatra","type":"Restricted"},{"month":"July","date":5,"day":"Sunday","name":"Guru Purnima","type":"Observance"},{"month":"July","date":31,"day":"Friday","name":"Bakr Id/Eid ul-Adha","type":"Gazetted"},{"month":"August","date":2,"day":"Sunday","name":"Friendship Day","type":"Observance"},{"month":"August","date":3,"day":"Monday","name":"Raksha Bandhan (Rakhi)","type":"Restricted"},{"month":"August","date":11,"day":"Tuesday","name":"Janmashtami (Smarta)","type":"Restricted"},{"month":"August","date":12,"day":"Wednesday","name":"Janmashtami","type":"Gazetted"},{"month":"August","date":15,"day":"Saturday","name":"Independence Day","type":"Gazetted"},{"month":"August","date":16,"day":"Sunday","name":"Parsi New Year","type":"Restricted"},{"month":"August","date":22,"day":"Saturday","name":"Ganesh Chaturthi/Vin
08-04 19:52:13.960  2355  2370 I art     : Starting a blocking GC Explicit
08-04 19:52:14.013  2355  2370 I art     : Explicit concurrent mark sweep GC freed 4707(197KB) AllocSpace objects, 0(0B) LOS objects, 10% free, 140MB/156MB, paused 2.257ms total 52.565ms
08-04 19:52:14.057  2355  2355 V Response: [{"month":"January","date":1,"day":"Wednesday","name":"New Year's Day","type":"Restricted"},{"month":"January","date":2,"day":"Thursday","name":"Guru Govind Singh Jayanti","type":"Restricted"},{"month":"January","date":14,"day":"Tuesday","name":"Lohri","type":"Restricted"},{"month":"January","date":15,"day":"Wednesday","name":"Pongal","type":"Restricted"},{"month":"January","date":15,"day":"Wednesday","name":"Makar Sankranti","type":"Restricted"},{"month":"January","date":25,"day":"Saturday","name":"Chinese New Year","type":"Observance"},{"month":"January","date":26,"day":"Sunday","name":"Republic Day","type":"Gazetted"},{"month":"January","date":30,"day":"Thursday","name":"Vasant Panchami","type":"Restricted"},{"month":"February","date":9,"day":"Sunday","name":"Guru Ravidas Jayanti","type":"Restricted"},{"month":"February","date":14,"day":"Friday","name":"Valentine's Day","type":"Observance"},{"month":"February","date":18,"day":"Tuesday","name":"Maharishi Dayanand Saraswati Jayanti","type":"Restricted"},{"month":"February","date":19,"day":"Wednesday","name":"Shivaji Jayanti","type":"Restricted"},{"month":"February","date":21,"day":"Friday","name":"Maha Shivaratri/Shivaratri","type":"Gazetted"},{"month":"March","date":9,"day":"Monday","name":"Holika Dahana","type":"Restricted"},{"month":"March","date":9,"day":"Monday","name":"Hazarat Ali's Birthday","type":"Restricted"},{"month":"March","date":10,"day":"Tuesday","name":"Holi","type":"Gazetted"},{"month":"March","date":20,"day":"Friday","name":"March Equinox","type":"Season"},{"month":"March","date":25,"day":"Wednesday","name":"Chaitra Sukhladi","type":"Restricted"},{"month":"April","date":2,"day":"Thursday","name":"Rama Navami","type":"Gazetted"},{"month":"April","date":6,"day":"Monday","name":"Mahavir Jayanti","type":"Gazetted"},{"month":"April","date":9,"day":"Thursday","name":"First day of Passover","type":"Observance"},{"month":"April","date":9,"day":"Thursday","name":"Maundy Thursday","type":"Observance,"},{"month":"April","date":10,"day":"Friday","name":"Good Friday","type":"Gazetted"},{"month":"April","date":12,"day":"Sunday","name":"Easter Day","type":"Restricted"},{"month":"April","date":13,"day":"Monday","name":"Vaisakhi","type":"Restricted"},{"month":"April","date":14,"day":"Tuesday","name":"Mesadi/Vaisakhadi","type":"Restricted"},{"month":"April","date":14,"day":"Tuesday","name":"Ambedkar Jayanti","type":"Central"},{"month":"May","date":1,"day":"Friday","name":"May Day","type":"Observance"},{"month":"May","date":7,"day":"Thursday","name":"Buddha Purnima/Vesak","type":"Gazetted"},{"month":"May","date":7,"day":"Thursday","name":"Birthday of Ravindranath","type":"Restricted"},{"month":"May","date":10,"day":"Sunday","name":"Mother's Day","type":"Observance"},{"month":"May","date":22,"day":"Friday","name":"Jamat Ul-Vida","type":"Restricted"},{"month":"May","date":25,"day":"Monday","name":"Ramzan Id/Eid-ul-Fitar","type":"Gazetted"},{"month":"May","date":25,"day":"Monday","name":"Ramzan Id/Eid-ul-Fitar","type":"Muslim,"},{"month":"June","date":21,"day":"Sunday","name":"June Solstice","type":"Season"},{"month":"June","date":21,"day":"Sunday","name":"Father's Day","type":"Observance"},{"month":"June","date":23,"day":"Tuesday","name":"Rath Yatra","type":"Restricted"},{"month":"July","date":5,"day":"Sunday","name":"Guru Purnima","type":"Observance"},{"month":"July","date":31,"day":"Friday","name":"Bakr Id/Eid ul-Adha","type":"Gazetted"},{"month":"August","date":2,"day":"Sunday","name":"Friendship Day","type":"Observance"},{"month":"August","date":3,"day":"Monday","name":"Raksha Bandhan (Rakhi)","type":"Restricted"},{"month":"August","date":11,"day":"Tuesday","name":"Janmashtami (Smarta)","type":"Restricted"},{"month":"August","date":12,"day":"Wednesday","name":"Janmashtami","type":"Gazetted"},{"month":"August","date":15,"day":"Saturday","name":"Independence Day","type":"Gazetted"},{"month":"August","date":16,"day":"Sunday","name":"Parsi New Year","type":"Restricted"},{"month":"August","date":22,"day":"Saturday","name":"Ganesh Chaturthi/Vin
08-04 19:52:14.430  2355  2368 I art     : Starting a blocking GC Explicit
08-04 19:52:14.495  2355  2368 I art     : Explicit concurrent mark sweep GC freed 10704(426KB) AllocSpace objects, 3(4MB) LOS objects, 10% free, 136MB/152MB, paused 1.787ms total 64.652ms
08-04 19:52:14.519  2355  2368 I art     : Starting a blocking GC Explicit
08-04 19:52:14.579  2355  2368 I art     : Explicit concurrent mark sweep GC freed 1568(87KB) AllocSpace objects, 11(220KB) LOS objects, 10% free, 136MB/152MB, paused 1.918ms total 60.111ms
08-04 19:52:14.603  2355  2368 I art     : Starting a blocking GC Explicit
08-04 19:52:14.662  2355  2368 I art     : Explicit concurrent mark sweep GC freed 129(2496B) AllocSpace objects, 0(0B) LOS objects, 10% free, 136MB/152MB, paused 1.736ms total 58.078ms
08-04 19:52:14.685  2355  2368 I art     : Starting a blocking GC Explicit
08-04 19:52:14.746  2355  2368 I art     : Explicit concurrent mark sweep GC freed 135(2672B) AllocSpace objects, 0(0B) LOS objects, 10% free, 136MB/152MB, paused 1.838ms total 59.807ms
08-04 19:52:14.770  2355  2368 I art     : Starting a blocking GC Explicit
08-04 19:52:14.830  2355  2368 I art     : Explicit concurrent mark sweep GC freed 167(3KB) AllocSpace objects, 0(0B) LOS objects, 10% free, 136MB/152MB, paused 1.778ms total 59.781ms
08-04 19:52:15.279  2355  2370 I art     : Starting a blocking GC Explicit
08-04 19:52:15.339  2355  2370 I art     : Explicit concurrent mark sweep GC freed 2265(101KB) AllocSpace objects, 2(36KB) LOS objects, 10% free, 136MB/152MB, paused 1.805ms total 59.949ms
08-04 19:52:15.364  2355  2370 I art     : Starting a blocking GC Explicit
08-04 19:52:15.423  2355  2370 I art     : Explicit concurrent mark sweep GC freed 146(2944B) AllocSpace objects, 0(0B) LOS objects, 10% free, 136MB/152MB, paused 1.682ms total 58.557ms
08-04 19:52:15.447  2355  2370 I art     : Starting a blocking GC Explicit
08-04 19:52:15.507  2355  2370 I art     : Explicit concurrent mark sweep GC freed 123(2096B) AllocSpace objects, 0(0B) LOS objects, 10% free, 136MB/152MB, paused 1.766ms total 59.970ms
08-04 19:52:15.531  2355  2370 I art     : Starting a blocking GC Explicit
08-04 19:52:15.593  2355  2370 I art     : Explicit concurrent mark sweep GC freed 123(2096B) AllocSpace objects, 0(0B) LOS objects, 10% free, 136MB/152MB, paused 1.952ms total 61.462ms
08-04 19:52:15.618  2355  2370 I art     : Starting a blocking GC Explicit
08-04 19:52:15.677  2355  2370 I art     : Explicit concurrent mark sweep GC freed 128(2176B) AllocSpace objects, 0(0B) LOS objects, 10% free, 136MB/152MB, paused 1.875ms total 57.883ms
08-04 19:52:16.111  2355  2778 I art     : Starting a blocking GC Explicit
08-04 19:52:16.173  2355  2778 I art     : Explicit concurrent mark sweep GC freed 2303(102KB) AllocSpace objects, 2(36KB) LOS objects, 10% free, 136MB/152MB, paused 1.704ms total 60.908ms
08-04 19:52:16.198  2355  2778 I art     : Starting a blocking GC Explicit
08-04 19:52:16.199   518   646 I ThermalEngine: ACTION: GPU - Setting GPU[0] to 450000000
08-04 19:52:16.246  2355  2778 I art     : Explicit concurrent mark sweep GC freed 156(3KB) AllocSpace objects, 0(0B) LOS objects, 10% free, 136MB/152MB, paused 1.108ms total 47.886ms
08-04 19:52:16.264  2355  2778 I art     : Starting a blocking GC Explicit
08-04 19:52:16.314  2355  2778 I art     : Explicit concurrent mark sweep GC freed 98(1664B) AllocSpace objects, 0(0B) LOS objects, 10% free, 136MB/152MB, paused 1.187ms total 49.541ms
08-04 19:52:16.332  2355  2778 I art     : Starting a blocking GC Explicit
08-04 19:52:16.385  2355  2778 I art     : Explicit concurrent mark sweep GC freed 100(1728B) AllocSpace objects, 0(0B) LOS objects, 10% free, 136MB/152MB, paused 1.082ms total 52.394ms
08-04 19:52:16.406  2355  2778 I art     : Starting a blocking GC Explicit
08-04 19:52:16.455  2355  2778 I art     : Explicit concurrent mark sweep GC freed 100(1728B) AllocSpace objects, 0(0B) LOS objects, 10% free, 136MB/152MB, paused 1.127ms total 49.445ms
08-04 19:52:16.890  2355  2377 I art     : Starting a blocking GC Explicit
08-04 19:52:16.944  2355  2377 I art     : Explicit concurrent mark sweep GC freed 2285(102KB) AllocSpace objects, 2(36KB) LOS objects, 10% free, 136MB/152MB, paused 1.292ms total 54.190ms
08-04 19:52:16.965  2355  2377 I art     : Starting a blocking GC Explicit
08-04 19:52:17.015  2355  2377 I art     : Explicit concurrent mark sweep GC freed 159(3KB) AllocSpace objects, 0(0B) LOS objects, 10% free, 136MB/152MB, paused 1.098ms total 49.773ms
08-04 19:52:17.033  2355  2377 I art     : Starting a blocking GC Explicit
08-04 19:52:17.083  2355  2377 I art     : Explicit concurrent mark sweep GC freed 99(1696B) AllocSpace objects, 0(0B) LOS objects, 10% free, 136MB/152MB, paused 1.144ms total 49.719ms
08-04 19:52:17.101  2355  2377 I art     : Starting a blocking GC Explicit
08-04 19:52:17.151  2355  2377 I art     : Explicit concurrent mark sweep GC freed 95(1632B) AllocSpace objects, 0(0B) LOS objects, 10% free, 136MB/152MB, paused 1.159ms total 49.756ms
08-04 19:52:17.151  2355  2367 I art     : WaitForGcToComplete blocked for 15.224ms for cause HeapTrim
08-04 19:52:17.168  2355  2377 I art     : Starting a blocking GC Explicit
08-04 19:52:17.219  2355  2377 I art     : Explicit concurrent mark sweep GC freed 104(1792B) AllocSpace objects, 0(0B) LOS objects, 10% free, 136MB/152MB, paused 1.158ms total 50.536ms
08-04 19:52:17.613  2355  2368 I art     : Starting a blocking GC Explicit
08-04 19:52:17.663  2355  2368 I art     : Explicit concurrent mark sweep GC freed 2183(100KB) AllocSpace objects, 2(36KB) LOS objects, 10% free, 136MB/152MB, paused 1.303ms total 49.755ms
08-04 19:52:17.681  2355  2368 I art     : Starting a blocking GC Explicit
08-04 19:52:17.731  2355  2368 I art     : Explicit concurrent mark sweep GC freed 130(3056B) AllocSpace objects, 0(0B) LOS objects, 10% free, 136MB/152MB, paused 1.581ms total 49.207ms
08-04 19:52:17.749  2355  2368 I art     : Starting a blocking GC Explicit
08-04 19:52:17.797  2355  2368 I art     : Explicit concurrent mark sweep GC freed 117(2144B) AllocSpace objects, 0(0B) LOS objects, 10% free, 136MB/152MB, paused 1.342ms total 47.422ms
08-04 19:52:17.815  2355  2368 I art     : Starting a blocking GC Explicit
08-04 19:52:17.865  2355  2368 I art     : Explicit concurrent mark sweep GC freed 124(2432B) AllocSpace objects, 0(0B) LOS objects, 10% free, 136MB/152MB, paused 1.303ms total 49.781ms
08-04 19:52:17.883  2355  2368 I art     : Starting a blocking GC Explicit
08-04 19:52:17.931  2355  2368 I art     : Explicit concurrent mark sweep GC freed 107(1824B) AllocSpace objects, 0(0B) LOS objects, 10% free, 136MB/152MB, paused 1.305ms total 47.934ms
08-04 19:52:17.979  4290  4290 D AndroidRuntime: >>>>>> START com.android.internal.os.RuntimeInit uid 2000 <<<<<<
08-04 19:52:17.986  4290  4290 D AndroidRuntime: CheckJNI is OFF
08-04 19:52:18.029  4290  4290 D ICU     : No timezone override file found: /data/misc/zoneinfo/current/icu/icu_tzdata.dat
08-04 19:52:18.075  4290  4290 I Radio-JNI: register_android_hardware_Radio DONE
08-04 19:52:18.105  4290  4290 D AndroidRuntime: Calling main entry com.android.commands.input.Input
08-04 19:52:18.107  4290  4290 I Input   : injectKeyEvent: KeyEvent { action=ACTION_DOWN, keyCode=KEYCODE_BACK, scanCode=0, metaState=0, flags=0x0, repeatCount=0, eventTime=733954520, downTime=733954520, deviceId=-1, source=0x101 }
08-04 19:52:18.112  4290  4290 I Input   : injectKeyEvent: KeyEvent { action=ACTION_UP, keyCode=KEYCODE_BACK, scanCode=0, metaState=0, flags=0x0, repeatCount=0, eventTime=733954520, downTime=733954520, deviceId=-1, source=0x101 }
08-04 19:52:18.119  4290  4290 D AndroidRuntime: Shutting down VM
08-04 19:52:18.130  2355  2355 V MainActivity: url = https://project-travel-mate.herokuapp.com/api/number-of-unread-notifications
08-04 19:52:18.157 13866 13866 I GoogleInputMethodServic: GoogleInputMethodService.onFinishInput():3138 
08-04 19:52:18.158 13866 13866 I GoogleInputMethodServic: GoogleInputMethodService.onStartInput():1808 
08-04 19:52:18.327  2355  2778 I art     : Starting a blocking GC Explicit
08-04 19:52:18.374  2355  2778 I art     : Explicit concurrent mark sweep GC freed 2552(119KB) AllocSpace objects, 2(36KB) LOS objects, 10% free, 136MB/152MB, paused 1.153ms total 46.339ms
08-04 19:52:18.394  2355  2778 I art     : Starting a blocking GC Explicit
08-04 19:52:18.446  2355  2778 I art     : Explicit concurrent mark sweep GC freed 192(4KB) AllocSpace objects, 0(0B) LOS objects, 10% free, 136MB/152MB, paused 1.242ms total 51.416ms
08-04 19:52:18.468  2355  2778 I art     : Starting a blocking GC Explicit
08-04 19:52:18.493   380   380 W SurfaceFlinger: couldn't log to binary event log: overflow.
08-04 19:52:18.515  2355  2778 I art     : Explicit concurrent mark sweep GC freed 94(2000B) AllocSpace objects, 0(0B) LOS objects, 10% free, 136MB/152MB, paused 1.166ms total 47.229ms
08-04 19:52:18.533  2355  2778 I art     : Starting a blocking GC Explicit
08-04 19:52:18.582  2355  2778 I art     : Explicit concurrent mark sweep GC freed 13(496B) AllocSpace objects, 1(188KB) LOS objects, 10% free, 136MB/152MB, paused 1.245ms total 48.628ms
08-04 19:52:18.600  2355  2778 I art     : Starting a blocking GC Explicit
08-04 19:52:18.647  2355  2778 I art     : Explicit concurrent mark sweep GC freed 6621(359KB) AllocSpace objects, 13(264KB) LOS objects, 10% free, 135MB/151MB, paused 1.171ms total 46.665ms
08-04 19:52:18.791   950   950 I ServiceManager: Waiting for service AtCmdFwd...
08-04 19:52:18.862  2355  4316 I NAPPA_EXPERIMENTATION: MetricNetworkRequestExecutionTime: REQUEST_DURATION_SYSTEM='731',REQUEST_DURATION_OKHTTP='29',REQUEST_SYNCHRONOUS='FALSE',RESPONSE_CODE='200',RESPONSE_METHOD='GET',RESPONSE_LENGTH_OKHTTP='36',RESPONSE_LENGTH_HEADER='36',REQUEST_PROTOCOL='http/1.1',REQUEST_URL='https://project-travel-mate.herokuapp.com/api/number-of-unread-notifications',
08-04 19:52:19.044  2355  2377 I art     : Starting a blocking GC Explicit
08-04 19:52:19.109  2355  2377 I art     : Explicit concurrent mark sweep GC freed 4403(239KB) AllocSpace objects, 5(236KB) LOS objects, 10% free, 135MB/151MB, paused 1.262ms total 64.606ms
08-04 19:52:19.131  2355  2377 I art     : Starting a blocking GC Explicit
08-04 19:52:19.177  2355  2377 I art     : Explicit concurrent mark sweep GC freed 970(117KB) AllocSpace objects, 0(0B) LOS objects, 10% free, 135MB/151MB, paused 1.108ms total 45.721ms
08-04 19:52:19.195  2355  2377 I art     : Starting a blocking GC Explicit
08-04 19:52:19.242  2355  2377 I art     : Explicit concurrent mark sweep GC freed 3(96B) AllocSpace objects, 0(0B) LOS objects, 10% free, 135MB/151MB, paused 1.134ms total 46.748ms
08-04 19:52:19.260  2355  2377 I art     : Starting a blocking GC Explicit
08-04 19:52:19.306  2355  2377 I art     : Explicit concurrent mark sweep GC freed 3(96B) AllocSpace objects, 0(0B) LOS objects, 10% free, 135MB/151MB, paused 1.147ms total 46.203ms
08-04 19:52:19.324  2355  2377 I art     : Starting a blocking GC Explicit
08-04 19:52:19.369  2355  2377 I art     : Explicit concurrent mark sweep GC freed 3(96B) AllocSpace objects, 0(0B) LOS objects, 10% free, 135MB/151MB, paused 1.127ms total 45.118ms
08-04 19:52:19.760  2355  2370 I art     : Starting a blocking GC Explicit
08-04 19:52:19.792   950   950 I ServiceManager: Waiting for service AtCmdFwd...
08-04 19:52:19.805  2355  2370 I art     : Explicit concurrent mark sweep GC freed 1547(89KB) AllocSpace objects, 2(36KB) LOS objects, 10% free, 135MB/151MB, paused 1.089ms total 44.373ms
08-04 19:52:19.825  2355  2370 I art     : Starting a blocking GC Explicit
08-04 19:52:19.865  2355  2370 I art     : Explicit concurrent mark sweep GC freed 59(1840B) AllocSpace objects, 0(0B) LOS objects, 10% free, 135MB/151MB, paused 1.109ms total 39.586ms
08-04 19:52:19.882  2355  2370 I art     : Starting a blocking GC Explicit
08-04 19:52:19.896  4333  4333 D AndroidRuntime: >>>>>> START com.android.internal.os.RuntimeInit uid 2000 <<<<<<
08-04 19:52:19.901  4333  4333 D AndroidRuntime: CheckJNI is OFF
08-04 19:52:19.923  2355  2370 I art     : Explicit concurrent mark sweep GC freed 7(224B) AllocSpace objects, 0(0B) LOS objects, 10% free, 135MB/151MB, paused 1.075ms total 40.327ms
08-04 19:52:19.942  2355  2370 I art     : Starting a blocking GC Explicit
08-04 19:52:19.942  4333  4333 D ICU     : No timezone override file found: /data/misc/zoneinfo/current/icu/icu_tzdata.dat
08-04 19:52:19.980  4333  4333 I Radio-JNI: register_android_hardware_Radio DONE
08-04 19:52:19.981  2355  2370 I art     : Explicit concurrent mark sweep GC freed 5(160B) AllocSpace objects, 0(0B) LOS objects, 10% free, 135MB/151MB, paused 1.205ms total 39.401ms
08-04 19:52:19.999  2355  2370 I art     : Starting a blocking GC Explicit
08-04 19:52:20.010  4333  4333 D AndroidRuntime: Calling main entry com.android.commands.input.Input
08-04 19:52:20.011  4333  4333 I Input   : injectMotionEvent: MotionEvent { action=ACTION_DOWN, actionButton=0, id[0]=0, x[0]=657.0, y[0]=2080.0, toolType[0]=TOOL_TYPE_UNKNOWN, buttonState=0, metaState=0, flags=0x0, edgeFlags=0x0, pointerCount=1, historySize=0, eventTime=733956424, downTime=733956424, deviceId=0, source=0x1002 }
08-04 19:52:20.019  4333  4333 I Input   : injectMotionEvent: MotionEvent { action=ACTION_UP, actionButton=0, id[0]=0, x[0]=657.0, y[0]=2080.0, toolType[0]=TOOL_TYPE_UNKNOWN, buttonState=0, metaState=0, flags=0x0, edgeFlags=0x0, pointerCount=1, historySize=0, eventTime=733956424, downTime=733956424, deviceId=0, source=0x1002 }
08-04 19:52:20.039  2355  2370 I art     : Explicit concurrent mark sweep GC freed 5(160B) AllocSpace objects, 0(0B) LOS objects, 10% free, 135MB/151MB, paused 1.138ms total 40.154ms
08-04 19:52:20.057  4333  4333 D AndroidRuntime: Shutting down VM
08-04 19:52:20.092   918  3359 I ActivityManager: START u0 {cmp=baseline.io.github.project_travel_mate/.utilities.UpcomingWeekendsActivity} from uid 10650 on display 0
08-04 19:52:20.093   512  2967 D audio_hw_primary: out_set_parameters: enter: usecase(1: low-latency-playback) kvpairs: routing=2
08-04 19:52:20.106   512  2967 D audio_hw_primary: select_devices: out_snd_device(2: speaker) in_snd_device(0: none)
08-04 19:52:20.106   512  2967 D msm8974_platform: platform_send_audio_calibration: sending audio calibration for snd_device(2) acdb_id(15)
08-04 19:52:20.106   512  2967 I soundtrigger: audio_extn_sound_trigger_update_device_status: device 0x2 of type 0 for Event 1
08-04 19:52:20.116   512  2967 D audio_hw_primary: enable_snd_device: snd_device(2: speaker)
08-04 19:52:20.118   512  2967 D audio_hw_primary: enable_audio_route: apply and update mixer path: low-latency-playback speaker
08-04 19:52:20.118  2355  2445 D Gabe    : call	returning from cache
08-04 19:52:20.121  2355  2355 V EXECUTING: https://project-travel-mate.herokuapp.com/api/get-upcoming-holidays/2020
08-04 19:52:20.123  2355  2355 V EXECUTING: https://project-travel-mate.herokuapp.com/api/get-upcoming-holidays/2020
08-04 19:52:20.211 13866 13866 I GoogleInputMethodServic: GoogleInputMethodService.onFinishInput():3138 
08-04 19:52:20.214 13866 13866 I GoogleInputMethodServic: GoogleInputMethodService.onStartInput():1808 
08-04 19:52:20.304   918   936 I ActivityManager: Displayed baseline.io.github.project_travel_mate/.utilities.UpcomingWeekendsActivity: +204ms
08-04 19:52:20.413  2355  2778 I art     : Starting a blocking GC Explicit
08-04 19:52:20.459  2355  2778 I art     : Explicit concurrent mark sweep GC freed 3399(189KB) AllocSpace objects, 2(36KB) LOS objects, 10% free, 140MB/156MB, paused 1.289ms total 46.155ms
08-04 19:52:20.476  2355  2778 I art     : Starting a blocking GC Explicit
08-04 19:52:20.520  2355  2778 I art     : Explicit concurrent mark sweep GC freed 344(13KB) AllocSpace objects, 0(0B) LOS objects, 10% free, 140MB/156MB, paused 1.280ms total 43.484ms
08-04 19:52:20.539  2355  2778 I art     : Starting a blocking GC Explicit
08-04 19:52:20.562   380   380 W SurfaceFlinger: couldn't log to binary event log: overflow.
08-04 19:52:20.586  2355  2778 I art     : Explicit concurrent mark sweep GC freed 99(1696B) AllocSpace objects, 0(0B) LOS objects, 10% free, 140MB/156MB, paused 1.093ms total 46.452ms
08-04 19:52:20.602  2355  2778 I art     : Starting a blocking GC Explicit
08-04 19:52:20.644  2355  2778 I art     : Explicit concurrent mark sweep GC freed 75(1296B) AllocSpace objects, 0(0B) LOS objects, 10% free, 140MB/156MB, paused 1.250ms total 41.446ms
08-04 19:52:20.648   512  2967 D audio_hw_primary: disable_audio_route: reset and update mixer path: low-latency-playback speaker
08-04 19:52:20.649   512  2967 D audio_hw_primary: disable_snd_device: snd_device(2: speaker)
08-04 19:52:20.657   512  2967 I soundtrigger: audio_extn_sound_trigger_update_device_status: device 0x2 of type 0 for Event 0
08-04 19:52:20.662  2355  2778 I art     : Starting a blocking GC Explicit
08-04 19:52:20.710  2355  2778 I art     : Explicit concurrent mark sweep GC freed 125(2544B) AllocSpace objects, 0(0B) LOS objects, 10% free, 140MB/156MB, paused 1.590ms total 47.464ms
08-04 19:52:20.792   950   950 I ServiceManager: Waiting for service AtCmdFwd...
08-04 19:52:20.905  2355  4359 I NAPPA_EXPERIMENTATION: MetricNetworkRequestExecutionTime: REQUEST_DURATION_SYSTEM='781',REQUEST_DURATION_OKHTTP='35',REQUEST_SYNCHRONOUS='FALSE',RESPONSE_CODE='200',RESPONSE_METHOD='GET',RESPONSE_LENGTH_OKHTTP='6426',RESPONSE_LENGTH_HEADER='6426',REQUEST_PROTOCOL='http/1.1',REQUEST_URL='https://project-travel-mate.herokuapp.com/api/get-upcoming-holidays/2020',
08-04 19:52:20.922  2355  4358 I NAPPA_EXPERIMENTATION: MetricNetworkRequestExecutionTime: REQUEST_DURATION_SYSTEM='800',REQUEST_DURATION_OKHTTP='51',REQUEST_SYNCHRONOUS='FALSE',RESPONSE_CODE='200',RESPONSE_METHOD='GET',RESPONSE_LENGTH_OKHTTP='6426',RESPONSE_LENGTH_HEADER='6426',REQUEST_PROTOCOL='http/1.1',REQUEST_URL='https://project-travel-mate.herokuapp.com/api/get-upcoming-holidays/2020',
08-04 19:52:20.973  2355  2355 V Response: [{"month":"January","date":1,"day":"Wednesday","name":"New Year's Day","type":"Restricted"},{"month":"January","date":2,"day":"Thursday","name":"Guru Govind Singh Jayanti","type":"Restricted"},{"month":"January","date":14,"day":"Tuesday","name":"Lohri","type":"Restricted"},{"month":"January","date":15,"day":"Wednesday","name":"Pongal","type":"Restricted"},{"month":"January","date":15,"day":"Wednesday","name":"Makar Sankranti","type":"Restricted"},{"month":"January","date":25,"day":"Saturday","name":"Chinese New Year","type":"Observance"},{"month":"January","date":26,"day":"Sunday","name":"Republic Day","type":"Gazetted"},{"month":"January","date":30,"day":"Thursday","name":"Vasant Panchami","type":"Restricted"},{"month":"February","date":9,"day":"Sunday","name":"Guru Ravidas Jayanti","type":"Restricted"},{"month":"February","date":14,"day":"Friday","name":"Valentine's Day","type":"Observance"},{"month":"February","date":18,"day":"Tuesday","name":"Maharishi Dayanand Saraswati Jayanti","type":"Restricted"},{"month":"February","date":19,"day":"Wednesday","name":"Shivaji Jayanti","type":"Restricted"},{"month":"February","date":21,"day":"Friday","name":"Maha Shivaratri/Shivaratri","type":"Gazetted"},{"month":"March","date":9,"day":"Monday","name":"Holika Dahana","type":"Restricted"},{"month":"March","date":9,"day":"Monday","name":"Hazarat Ali's Birthday","type":"Restricted"},{"month":"March","date":10,"day":"Tuesday","name":"Holi","type":"Gazetted"},{"month":"March","date":20,"day":"Friday","name":"March Equinox","type":"Season"},{"month":"March","date":25,"day":"Wednesday","name":"Chaitra Sukhladi","type":"Restricted"},{"month":"April","date":2,"day":"Thursday","name":"Rama Navami","type":"Gazetted"},{"month":"April","date":6,"day":"Monday","name":"Mahavir Jayanti","type":"Gazetted"},{"month":"April","date":9,"day":"Thursday","name":"First day of Passover","type":"Observance"},{"month":"April","date":9,"day":"Thursday","name":"Maundy Thursday","type":"Observance,"},{"month":"April","date":10,"day":"Friday","name":"Good Friday","type":"Gazetted"},{"month":"April","date":12,"day":"Sunday","name":"Easter Day","type":"Restricted"},{"month":"April","date":13,"day":"Monday","name":"Vaisakhi","type":"Restricted"},{"month":"April","date":14,"day":"Tuesday","name":"Mesadi/Vaisakhadi","type":"Restricted"},{"month":"April","date":14,"day":"Tuesday","name":"Ambedkar Jayanti","type":"Central"},{"month":"May","date":1,"day":"Friday","name":"May Day","type":"Observance"},{"month":"May","date":7,"day":"Thursday","name":"Buddha Purnima/Vesak","type":"Gazetted"},{"month":"May","date":7,"day":"Thursday","name":"Birthday of Ravindranath","type":"Restricted"},{"month":"May","date":10,"day":"Sunday","name":"Mother's Day","type":"Observance"},{"month":"May","date":22,"day":"Friday","name":"Jamat Ul-Vida","type":"Restricted"},{"month":"May","date":25,"day":"Monday","name":"Ramzan Id/Eid-ul-Fitar","type":"Gazetted"},{"month":"May","date":25,"day":"Monday","name":"Ramzan Id/Eid-ul-Fitar","type":"Muslim,"},{"month":"June","date":21,"day":"Sunday","name":"June Solstice","type":"Season"},{"month":"June","date":21,"day":"Sunday","name":"Father's Day","type":"Observance"},{"month":"June","date":23,"day":"Tuesday","name":"Rath Yatra","type":"Restricted"},{"month":"July","date":5,"day":"Sunday","name":"Guru Purnima","type":"Observance"},{"month":"July","date":31,"day":"Friday","name":"Bakr Id/Eid ul-Adha","type":"Gazetted"},{"month":"August","date":2,"day":"Sunday","name":"Friendship Day","type":"Observance"},{"month":"August","date":3,"day":"Monday","name":"Raksha Bandhan (Rakhi)","type":"Restricted"},{"month":"August","date":11,"day":"Tuesday","name":"Janmashtami (Smarta)","type":"Restricted"},{"month":"August","date":12,"day":"Wednesday","name":"Janmashtami","type":"Gazetted"},{"month":"August","date":15,"day":"Saturday","name":"Independence Day","type":"Gazetted"},{"month":"August","date":16,"day":"Sunday","name":"Parsi New Year","type":"Restricted"},{"month":"August","date":22,"day":"Saturday","name":"Ganesh Chaturthi/Vin
08-04 19:52:20.976  2355  2355 V Response: [{"month":"January","date":1,"day":"Wednesday","name":"New Year's Day","type":"Restricted"},{"month":"January","date":2,"day":"Thursday","name":"Guru Govind Singh Jayanti","type":"Restricted"},{"month":"January","date":14,"day":"Tuesday","name":"Lohri","type":"Restricted"},{"month":"January","date":15,"day":"Wednesday","name":"Pongal","type":"Restricted"},{"month":"January","date":15,"day":"Wednesday","name":"Makar Sankranti","type":"Restricted"},{"month":"January","date":25,"day":"Saturday","name":"Chinese New Year","type":"Observance"},{"month":"January","date":26,"day":"Sunday","name":"Republic Day","type":"Gazetted"},{"month":"January","date":30,"day":"Thursday","name":"Vasant Panchami","type":"Restricted"},{"month":"February","date":9,"day":"Sunday","name":"Guru Ravidas Jayanti","type":"Restricted"},{"month":"February","date":14,"day":"Friday","name":"Valentine's Day","type":"Observance"},{"month":"February","date":18,"day":"Tuesday","name":"Maharishi Dayanand Saraswati Jayanti","type":"Restricted"},{"month":"February","date":19,"day":"Wednesday","name":"Shivaji Jayanti","type":"Restricted"},{"month":"February","date":21,"day":"Friday","name":"Maha Shivaratri/Shivaratri","type":"Gazetted"},{"month":"March","date":9,"day":"Monday","name":"Holika Dahana","type":"Restricted"},{"month":"March","date":9,"day":"Monday","name":"Hazarat Ali's Birthday","type":"Restricted"},{"month":"March","date":10,"day":"Tuesday","name":"Holi","type":"Gazetted"},{"month":"March","date":20,"day":"Friday","name":"March Equinox","type":"Season"},{"month":"March","date":25,"day":"Wednesday","name":"Chaitra Sukhladi","type":"Restricted"},{"month":"April","date":2,"day":"Thursday","name":"Rama Navami","type":"Gazetted"},{"month":"April","date":6,"day":"Monday","name":"Mahavir Jayanti","type":"Gazetted"},{"month":"April","date":9,"day":"Thursday","name":"First day of Passover","type":"Observance"},{"month":"April","date":9,"day":"Thursday","name":"Maundy Thursday","type":"Observance,"},{"month":"April","date":10,"day":"Friday","name":"Good Friday","type":"Gazetted"},{"month":"April","date":12,"day":"Sunday","name":"Easter Day","type":"Restricted"},{"month":"April","date":13,"day":"Monday","name":"Vaisakhi","type":"Restricted"},{"month":"April","date":14,"day":"Tuesday","name":"Mesadi/Vaisakhadi","type":"Restricted"},{"month":"April","date":14,"day":"Tuesday","name":"Ambedkar Jayanti","type":"Central"},{"month":"May","date":1,"day":"Friday","name":"May Day","type":"Observance"},{"month":"May","date":7,"day":"Thursday","name":"Buddha Purnima/Vesak","type":"Gazetted"},{"month":"May","date":7,"day":"Thursday","name":"Birthday of Ravindranath","type":"Restricted"},{"month":"May","date":10,"day":"Sunday","name":"Mother's Day","type":"Observance"},{"month":"May","date":22,"day":"Friday","name":"Jamat Ul-Vida","type":"Restricted"},{"month":"May","date":25,"day":"Monday","name":"Ramzan Id/Eid-ul-Fitar","type":"Gazetted"},{"month":"May","date":25,"day":"Monday","name":"Ramzan Id/Eid-ul-Fitar","type":"Muslim,"},{"month":"June","date":21,"day":"Sunday","name":"June Solstice","type":"Season"},{"month":"June","date":21,"day":"Sunday","name":"Father's Day","type":"Observance"},{"month":"June","date":23,"day":"Tuesday","name":"Rath Yatra","type":"Restricted"},{"month":"July","date":5,"day":"Sunday","name":"Guru Purnima","type":"Observance"},{"month":"July","date":31,"day":"Friday","name":"Bakr Id/Eid ul-Adha","type":"Gazetted"},{"month":"August","date":2,"day":"Sunday","name":"Friendship Day","type":"Observance"},{"month":"August","date":3,"day":"Monday","name":"Raksha Bandhan (Rakhi)","type":"Restricted"},{"month":"August","date":11,"day":"Tuesday","name":"Janmashtami (Smarta)","type":"Restricted"},{"month":"August","date":12,"day":"Wednesday","name":"Janmashtami","type":"Gazetted"},{"month":"August","date":15,"day":"Saturday","name":"Independence Day","type":"Gazetted"},{"month":"August","date":16,"day":"Sunday","name":"Parsi New Year","type":"Restricted"},{"month":"August","date":22,"day":"Saturday","name":"Ganesh Chaturthi/Vin
08-04 19:52:21.075  2355  2370 I art     : Starting a blocking GC Explicit
08-04 19:52:21.131  2355  2370 I art     : Explicit concurrent mark sweep GC freed 16677(722KB) AllocSpace objects, 12(4MB) LOS objects, 10% free, 136MB/152MB, paused 1.243ms total 55.542ms
08-04 19:52:21.149  2355  2370 I art     : Starting a blocking GC Explicit
08-04 19:52:21.198  2355  2370 I art     : Explicit concurrent mark sweep GC freed 2250(245KB) AllocSpace objects, 0(0B) LOS objects, 10% free, 136MB/152MB, paused 1.421ms total 48.696ms
08-04 19:52:21.217  2355  2370 I art     : Starting a blocking GC Explicit
08-04 19:52:21.267  2355  2370 I art     : Explicit concurrent mark sweep GC freed 123(2096B) AllocSpace objects, 0(0B) LOS objects, 10% free, 136MB/152MB, paused 1.303ms total 49.997ms
08-04 19:52:21.285  2355  2370 I art     : Starting a blocking GC Explicit
08-04 19:52:21.337  2355  2370 I art     : Explicit concurrent mark sweep GC freed 99(1696B) AllocSpace objects, 0(0B) LOS objects, 10% free, 136MB/152MB, paused 1.214ms total 51.421ms
08-04 19:52:21.358  2355  2370 I art     : Starting a blocking GC Explicit
08-04 19:52:21.405  2355  2370 I art     : Explicit concurrent mark sweep GC freed 99(1696B) AllocSpace objects, 0(0B) LOS objects, 10% free, 136MB/152MB, paused 1.171ms total 47.421ms
08-04 19:52:21.793   950   950 I ServiceManager: Waiting for service AtCmdFwd...
08-04 19:52:21.795  2355  2368 I art     : Starting a blocking GC Explicit
08-04 19:52:21.852  2355  2368 I art     : Explicit concurrent mark sweep GC freed 2236(101KB) AllocSpace objects, 2(36KB) LOS objects, 10% free, 136MB/152MB, paused 1.401ms total 56.447ms
08-04 19:52:21.870  2355  2368 I art     : Starting a blocking GC Explicit
08-04 19:52:21.926  2355  2368 I art     : Explicit concurrent mark sweep GC freed 142(3KB) AllocSpace objects, 0(0B) LOS objects, 10% free, 136MB/152MB, paused 1.262ms total 55.032ms
08-04 19:52:21.947  2355  2368 I art     : Starting a blocking GC Explicit
08-04 19:52:22.000  2355  2368 I art     : Explicit concurrent mark sweep GC freed 123(2096B) AllocSpace objects, 0(0B) LOS objects, 10% free, 136MB/152MB, paused 1.407ms total 52.824ms
08-04 19:52:22.019  2355  2368 I art     : Starting a blocking GC Explicit
08-04 19:52:22.073  2355  2368 I art     : Explicit concurrent mark sweep GC freed 99(1696B) AllocSpace objects, 0(0B) LOS objects, 10% free, 136MB/152MB, paused 1.184ms total 53.688ms
08-04 19:52:22.091  2355  2368 I art     : Starting a blocking GC Explicit
08-04 19:52:22.145  2355  2368 I art     : Explicit concurrent mark sweep GC freed 99(1696B) AllocSpace objects, 0(0B) LOS objects, 10% free, 136MB/152MB, paused 1.247ms total 54.131ms
08-04 19:52:22.551  2355  2778 I art     : Starting a blocking GC Explicit
08-04 19:52:22.604  2355  2778 I art     : Explicit concurrent mark sweep GC freed 2216(100KB) AllocSpace objects, 2(36KB) LOS objects, 10% free, 136MB/152MB, paused 1.193ms total 52.409ms
08-04 19:52:22.623  2355  2778 I art     : Starting a blocking GC Explicit
08-04 19:52:22.676  2355  2778 I art     : Explicit concurrent mark sweep GC freed 123(2576B) AllocSpace objects, 0(0B) LOS objects, 10% free, 136MB/152MB, paused 1.228ms total 52.529ms
08-04 19:52:22.694  2355  2778 I art     : Starting a blocking GC Explicit
08-04 19:52:22.747  2355  2778 I art     : Explicit concurrent mark sweep GC freed 99(1696B) AllocSpace objects, 0(0B) LOS objects, 10% free, 136MB/152MB, paused 1.330ms total 53.232ms
08-04 19:52:22.766  2355  2778 I art     : Starting a blocking GC Explicit
08-04 19:52:22.794   950   950 I ServiceManager: Waiting for service AtCmdFwd...
08-04 19:52:22.821  2355  2778 I art     : Explicit concurrent mark sweep GC freed 142(2688B) AllocSpace objects, 0(0B) LOS objects, 10% free, 136MB/152MB, paused 1.421ms total 54.700ms
08-04 19:52:22.839  2355  2778 I art     : Starting a blocking GC Explicit
08-04 19:52:22.893  2355  2778 I art     : Explicit concurrent mark sweep GC freed 111(1936B) AllocSpace objects, 0(0B) LOS objects, 10% free, 136MB/152MB, paused 1.318ms total 52.815ms
08-04 19:52:23.308  2355  2377 I art     : Starting a blocking GC Explicit
08-04 19:52:23.363  2355  2377 I art     : Explicit concurrent mark sweep GC freed 2218(100KB) AllocSpace objects, 2(36KB) LOS objects, 10% free, 136MB/152MB, paused 1.232ms total 54.068ms
08-04 19:52:23.381  2355  2377 I art     : Starting a blocking GC Explicit
08-04 19:52:23.436  2355  2377 I art     : Explicit concurrent mark sweep GC freed 128(2640B) AllocSpace objects, 0(0B) LOS objects, 10% free, 136MB/152MB, paused 1.354ms total 54.849ms
08-04 19:52:23.459  2355  2377 I art     : Starting a blocking GC Explicit
08-04 19:52:23.510  2355  2377 I art     : Explicit concurrent mark sweep GC freed 117(2000B) AllocSpace objects, 0(0B) LOS objects, 10% free, 136MB/152MB, paused 1.242ms total 51.233ms
08-04 19:52:23.529  2355  2377 I art     : Starting a blocking GC Explicit
08-04 19:52:23.580  2355  2377 I art     : Explicit concurrent mark sweep GC freed 102(1792B) AllocSpace objects, 0(0B) LOS objects, 10% free, 136MB/152MB, paused 1.228ms total 50.748ms
08-04 19:52:23.598  2355  2377 I art     : Starting a blocking GC Explicit
08-04 19:52:23.651  2355  2377 I art     : Explicit concurrent mark sweep GC freed 109(2208B) AllocSpace objects, 0(0B) LOS objects, 10% free, 136MB/152MB, paused 1.152ms total 52.513ms
08-04 19:52:23.794   950   950 W Atfwd_Sendcmd: AtCmdFwd service not published, waiting... retryCnt : 1
08-04 19:52:24.077  2355  2370 I art     : Starting a blocking GC Explicit
08-04 19:52:24.133  2355  2370 I art     : Explicit concurrent mark sweep GC freed 2298(102KB) AllocSpace objects, 2(36KB) LOS objects, 10% free, 136MB/152MB, paused 1.234ms total 55.134ms
08-04 19:52:24.151  2355  2370 I art     : Starting a blocking GC Explicit
08-04 19:52:24.204  2355  2370 I art     : Explicit concurrent mark sweep GC freed 141(3KB) AllocSpace objects, 0(0B) LOS objects, 10% free, 136MB/152MB, paused 1.370ms total 52.531ms
08-04 19:52:24.222  2355  2370 I art     : Starting a blocking GC Explicit
08-04 19:52:24.275  2355  2370 I art     : Explicit concurrent mark sweep GC freed 127(2576B) AllocSpace objects, 0(0B) LOS objects, 10% free, 136MB/152MB, paused 1.154ms total 52.070ms
08-04 19:52:24.293  2355  2370 I art     : Starting a blocking GC Explicit
08-04 19:52:24.341  2355  2370 I art     : Explicit concurrent mark sweep GC freed 113(2128B) AllocSpace objects, 0(0B) LOS objects, 10% free, 136MB/152MB, paused 1.088ms total 47.549ms
08-04 19:52:24.359  2355  2370 I art     : Starting a blocking GC Explicit
08-04 19:52:24.407  2355  2370 I art     : Explicit concurrent mark sweep GC freed 99(1696B) AllocSpace objects, 0(0B) LOS objects, 10% free, 136MB/152MB, paused 1.208ms total 47.867ms
08-04 19:52:24.816  2355  2368 I art     : Starting a blocking GC Explicit
08-04 19:52:24.850  4426  4426 D AndroidRuntime: >>>>>> START com.android.internal.os.RuntimeInit uid 2000 <<<<<<
08-04 19:52:24.856  4426  4426 D AndroidRuntime: CheckJNI is OFF
08-04 19:52:24.870  2355  2368 I art     : Explicit concurrent mark sweep GC freed 2236(101KB) AllocSpace objects, 2(36KB) LOS objects, 10% free, 136MB/152MB, paused 1.348ms total 52.953ms
08-04 19:52:24.888  2355  2368 I art     : Starting a blocking GC Explicit
08-04 19:52:24.902  4426  4426 D ICU     : No timezone override file found: /data/misc/zoneinfo/current/icu/icu_tzdata.dat
08-04 19:52:24.938  2355  2368 I art     : Explicit concurrent mark sweep GC freed 146(3KB) AllocSpace objects, 0(0B) LOS objects, 10% free, 136MB/152MB, paused 1.440ms total 49.847ms
08-04 19:52:24.951  4426  4426 I Radio-JNI: register_android_hardware_Radio DONE
08-04 19:52:24.956  2355  2368 I art     : Starting a blocking GC Explicit
08-04 19:52:24.980  4426  4426 D AndroidRuntime: Calling main entry com.android.commands.input.Input
08-04 19:52:24.982  4426  4426 I Input   : injectKeyEvent: KeyEvent { action=ACTION_DOWN, keyCode=KEYCODE_BACK, scanCode=0, metaState=0, flags=0x0, repeatCount=0, eventTime=733961395, downTime=733961395, deviceId=-1, source=0x101 }
08-04 19:52:24.990  4426  4426 I Input   : injectKeyEvent: KeyEvent { action=ACTION_UP, keyCode=KEYCODE_BACK, scanCode=0, metaState=0, flags=0x0, repeatCount=0, eventTime=733961395, downTime=733961395, deviceId=-1, source=0x101 }
08-04 19:52:24.996  4426  4426 D AndroidRuntime: Shutting down VM
08-04 19:52:25.012  2355  2368 I art     : Explicit concurrent mark sweep GC freed 95(1888B) AllocSpace objects, 0(0B) LOS objects, 10% free, 136MB/152MB, paused 8.012ms total 55.437ms
08-04 19:52:25.015  2355  2355 V MainActivity: url = https://project-travel-mate.herokuapp.com/api/number-of-unread-notifications
08-04 19:52:25.031  2355  2368 I art     : Starting a blocking GC Explicit
08-04 19:52:25.076  2355  2368 I art     : Explicit concurrent mark sweep GC freed 384(14KB) AllocSpace objects, 0(0B) LOS objects, 10% free, 136MB/152MB, paused 1.389ms total 45.049ms
08-04 19:52:25.096  2355  2368 I art     : Starting a blocking GC Explicit
08-04 19:52:25.097 13866 13866 I GoogleInputMethodServic: GoogleInputMethodService.onFinishInput():3138 
08-04 19:52:25.097 13866 13866 I GoogleInputMethodServic: GoogleInputMethodService.onStartInput():1808 
08-04 19:52:25.144  2355  2368 I art     : Explicit concurrent mark sweep GC freed 117(3KB) AllocSpace objects, 0(0B) LOS objects, 10% free, 136MB/152MB, paused 1.616ms total 47.412ms
08-04 19:52:25.368   380   380 W SurfaceFlinger: couldn't log to binary event log: overflow.
08-04 19:52:25.525  2355  2778 I art     : Starting a blocking GC Explicit
08-04 19:52:25.577  2355  2778 I art     : Explicit concurrent mark sweep GC freed 2015(102KB) AllocSpace objects, 3(224KB) LOS objects, 10% free, 136MB/152MB, paused 1.283ms total 51.891ms
08-04 19:52:25.602  2355  2778 I art     : Starting a blocking GC Explicit
08-04 19:52:25.648  2355  2778 I art     : Explicit concurrent mark sweep GC freed 6650(361KB) AllocSpace objects, 13(264KB) LOS objects, 10% free, 135MB/151MB, paused 1.223ms total 46.063ms
08-04 19:52:25.666  2355  2778 I art     : Starting a blocking GC Explicit
08-04 19:52:25.712  2355  2778 I art     : Explicit concurrent mark sweep GC freed 9(384B) AllocSpace objects, 0(0B) LOS objects, 10% free, 135MB/151MB, paused 1.259ms total 46.397ms
08-04 19:52:25.730  2355  2778 I art     : Starting a blocking GC Explicit
08-04 19:52:25.779  2355  2778 I art     : Explicit concurrent mark sweep GC freed 3(96B) AllocSpace objects, 0(0B) LOS objects, 10% free, 135MB/151MB, paused 1.261ms total 48.318ms
08-04 19:52:25.797  2355  2778 I art     : Starting a blocking GC Explicit
08-04 19:52:25.844  2355  2778 I art     : Explicit concurrent mark sweep GC freed 34(928B) AllocSpace objects, 0(0B) LOS objects, 10% free, 135MB/151MB, paused 1.246ms total 47.133ms
08-04 19:52:25.918  2355  4449 I NAPPA_EXPERIMENTATION: MetricNetworkRequestExecutionTime: REQUEST_DURATION_SYSTEM='902',REQUEST_DURATION_OKHTTP='30',REQUEST_SYNCHRONOUS='FALSE',RESPONSE_CODE='200',RESPONSE_METHOD='GET',RESPONSE_LENGTH_OKHTTP='36',RESPONSE_LENGTH_HEADER='36',REQUEST_PROTOCOL='http/1.1',REQUEST_URL='https://project-travel-mate.herokuapp.com/api/number-of-unread-notifications',
08-04 19:52:26.241  2355  2377 I art     : Starting a blocking GC Explicit
08-04 19:52:26.295  2355  2377 I art     : Explicit concurrent mark sweep GC freed 4355(237KB) AllocSpace objects, 5(236KB) LOS objects, 10% free, 136MB/152MB, paused 1.250ms total 54.223ms
08-04 19:52:26.313  2355  2377 I art     : Starting a blocking GC Explicit
08-04 19:52:26.358  2355  2377 I art     : Explicit concurrent mark sweep GC freed 960(117KB) AllocSpace objects, 0(0B) LOS objects, 10% free, 136MB/152MB, paused 1.299ms total 44.513ms
08-04 19:52:26.376  2355  2377 I art     : Starting a blocking GC Explicit
08-04 19:52:26.421  2355  2377 I art     : Explicit concurrent mark sweep GC freed 3(96B) AllocSpace objects, 0(0B) LOS objects, 10% free, 136MB/152MB, paused 1.188ms total 44.813ms
08-04 19:52:26.438  2355  2377 I art     : Starting a blocking GC Explicit
08-04 19:52:26.484  2355  2377 I art     : Explicit concurrent mark sweep GC freed 3(96B) AllocSpace objects, 0(0B) LOS objects, 10% free, 136MB/152MB, paused 1.205ms total 45.643ms
08-04 19:52:26.502  2355  2377 I art     : Starting a blocking GC Explicit
08-04 19:52:26.548  2355  2377 I art     : Explicit concurrent mark sweep GC freed 3(96B) AllocSpace objects, 0(0B) LOS objects, 10% free, 136MB/152MB, paused 1.369ms total 46.157ms
08-04 19:52:26.705   918  3261 D WifiStateMachine: starting scan for "H369AA63323"WPA_PSK with 2412,5180
08-04 19:52:26.786  4477  4477 D AndroidRuntime: >>>>>> START com.android.internal.os.RuntimeInit uid 2000 <<<<<<
08-04 19:52:26.791  4477  4477 D AndroidRuntime: CheckJNI is OFF
08-04 19:52:26.831  4477  4477 D ICU     : No timezone override file found: /data/misc/zoneinfo/current/icu/icu_tzdata.dat
08-04 19:52:26.871  4477  4477 I Radio-JNI: register_android_hardware_Radio DONE
08-04 19:52:26.899  4477  4477 D AndroidRuntime: Calling main entry com.android.commands.input.Input
08-04 19:52:26.901  4477  4477 I Input   : injectMotionEvent: MotionEvent { action=ACTION_DOWN, actionButton=0, id[0]=0, x[0]=117.0, y[0]=170.0, toolType[0]=TOOL_TYPE_UNKNOWN, buttonState=0, metaState=0, flags=0x0, edgeFlags=0x0, pointerCount=1, historySize=0, eventTime=733963314, downTime=733963314, deviceId=0, source=0x1002 }
08-04 19:52:26.933  4477  4477 I Input   : injectMotionEvent: MotionEvent { action=ACTION_UP, actionButton=0, id[0]=0, x[0]=117.0, y[0]=170.0, toolType[0]=TOOL_TYPE_UNKNOWN, buttonState=0, metaState=0, flags=0x0, edgeFlags=0x0, pointerCount=1, historySize=0, eventTime=733963314, downTime=733963314, deviceId=0, source=0x1002 }
08-04 19:52:26.957  2355  2377 I art     : Starting a blocking GC Explicit
08-04 19:52:26.974  4477  4477 D AndroidRuntime: Shutting down VM
08-04 19:52:26.992   512  2967 D audio_hw_primary: out_set_parameters: enter: usecase(1: low-latency-playback) kvpairs: routing=2
08-04 19:52:27.001  2355  2377 I art     : Explicit concurrent mark sweep GC freed 1624(92KB) AllocSpace objects, 2(36KB) LOS objects, 10% free, 136MB/152MB, paused 1.299ms total 43.927ms
08-04 19:52:27.004   512  2967 D audio_hw_primary: select_devices: out_snd_device(2: speaker) in_snd_device(0: none)
08-04 19:52:27.005   512  2967 D msm8974_platform: platform_send_audio_calibration: sending audio calibration for snd_device(2) acdb_id(15)
08-04 19:52:27.005   512  2967 I soundtrigger: audio_extn_sound_trigger_update_device_status: device 0x2 of type 0 for Event 1
08-04 19:52:27.015   512  2967 D audio_hw_primary: enable_snd_device: snd_device(2: speaker)
08-04 19:52:27.017   512  2967 D audio_hw_primary: enable_audio_route: apply and update mixer path: low-latency-playback speaker
08-04 19:52:27.018  2355  2377 I art     : Starting a blocking GC Explicit
08-04 19:52:27.060  2355  2377 I art     : Explicit concurrent mark sweep GC freed 85(3KB) AllocSpace objects, 0(0B) LOS objects, 10% free, 136MB/152MB, paused 1.178ms total 42.033ms
08-04 19:52:27.078  2355  2377 I art     : Starting a blocking GC Explicit
08-04 19:52:27.121  2355  2377 I art     : Explicit concurrent mark sweep GC freed 306(16KB) AllocSpace objects, 0(0B) LOS objects, 10% free, 136MB/152MB, paused 1.385ms total 43.055ms
08-04 19:52:27.141  2355  2377 I art     : Starting a blocking GC Explicit
08-04 19:52:27.183  2355  2377 I art     : Explicit concurrent mark sweep GC freed 97(4KB) AllocSpace objects, 0(0B) LOS objects, 10% free, 136MB/152MB, paused 1.088ms total 42.306ms
08-04 19:52:27.200  2355  2377 I art     : Starting a blocking GC Explicit
08-04 19:52:27.242  2355  2377 I art     : Explicit concurrent mark sweep GC freed 3(96B) AllocSpace objects, 0(0B) LOS objects, 10% free, 136MB/152MB, paused 1.215ms total 41.442ms
08-04 19:52:27.549   512  2967 D audio_hw_primary: disable_audio_route: reset and update mixer path: low-latency-playback speaker
08-04 19:52:27.551   512  2967 D audio_hw_primary: disable_snd_device: snd_device(2: speaker)
08-04 19:52:27.558   512  2967 I soundtrigger: audio_extn_sound_trigger_update_device_status: device 0x2 of type 0 for Event 0
08-04 19:52:27.624  2355  2778 I art     : Starting a blocking GC Explicit
08-04 19:52:27.669  2355  2778 I art     : Explicit concurrent mark sweep GC freed 1548(89KB) AllocSpace objects, 2(36KB) LOS objects, 10% free, 136MB/152MB, paused 1.245ms total 44.717ms
08-04 19:52:27.688  2355  2778 I art     : Starting a blocking GC Explicit
08-04 19:52:27.732  2355  2778 I art     : Explicit concurrent mark sweep GC freed 42(1664B) AllocSpace objects, 0(0B) LOS objects, 10% free, 136MB/152MB, paused 1.245ms total 44.569ms
08-04 19:52:27.736  4502  4502 D AndroidRuntime: >>>>>> START com.android.internal.os.RuntimeInit uid 2000 <<<<<<
08-04 19:52:27.742  4502  4502 D AndroidRuntime: CheckJNI is OFF
08-04 19:52:27.750  2355  2778 I art     : Starting a blocking GC Explicit
08-04 19:52:27.785  4502  4502 D ICU     : No timezone override file found: /data/misc/zoneinfo/current/icu/icu_tzdata.dat
08-04 19:52:27.795  2355  2778 I art     : Explicit concurrent mark sweep GC freed 17(736B) AllocSpace objects, 0(0B) LOS objects, 10% free, 136MB/152MB, paused 1.209ms total 44.619ms
08-04 19:52:27.812  2355  2778 I art     : Starting a blocking GC Explicit
08-04 19:52:27.831  4502  4502 I Radio-JNI: register_android_hardware_Radio DONE
08-04 19:52:27.858  2355  2778 I art     : Explicit concurrent mark sweep GC freed 38(1152B) AllocSpace objects, 0(0B) LOS objects, 10% free, 136MB/152MB, paused 1.272ms total 45.564ms
08-04 19:52:27.860  4502  4502 D AndroidRuntime: Calling main entry com.android.commands.input.Input
08-04 19:52:27.862  4502  4502 I Input   : injectMotionEvent: MotionEvent { action=ACTION_DOWN, actionButton=0, id[0]=0, x[0]=405.0, y[0]=661.0, toolType[0]=TOOL_TYPE_UNKNOWN, buttonState=0, metaState=0, flags=0x0, edgeFlags=0x0, pointerCount=1, historySize=0, eventTime=733964274, downTime=733964274, deviceId=0, source=0x1002 }
08-04 19:52:27.866  4502  4502 I Input   : injectMotionEvent: MotionEvent { action=ACTION_UP, actionButton=0, id[0]=0, x[0]=405.0, y[0]=661.0, toolType[0]=TOOL_TYPE_UNKNOWN, buttonState=0, metaState=0, flags=0x0, edgeFlags=0x0, pointerCount=1, historySize=0, eventTime=733964274, downTime=733964274, deviceId=0, source=0x1002 }
08-04 19:52:27.869  4502  4502 D AndroidRuntime: Shutting down VM
08-04 19:52:27.875  2355  2778 I art     : Starting a blocking GC Explicit
08-04 19:52:27.881   512  2967 D audio_hw_primary: out_set_parameters: enter: usecase(1: low-latency-playback) kvpairs: routing=2
08-04 19:52:27.894   512  2967 D audio_hw_primary: select_devices: out_snd_device(2: speaker) in_snd_device(0: none)
08-04 19:52:27.894   512  2967 D msm8974_platform: platform_send_audio_calibration: sending audio calibration for snd_device(2) acdb_id(15)
08-04 19:52:27.894   512  2967 I soundtrigger: audio_extn_sound_trigger_update_device_status: device 0x2 of type 0 for Event 1
08-04 19:52:27.904   512  2967 D audio_hw_primary: enable_snd_device: snd_device(2: speaker)
08-04 19:52:27.906   512  2967 D audio_hw_primary: enable_audio_route: apply and update mixer path: low-latency-playback speaker
08-04 19:52:27.922  2355  2778 I art     : Explicit concurrent mark sweep GC freed 443(45KB) AllocSpace objects, 0(0B) LOS objects, 8% free, 167MB/183MB, paused 1.430ms total 46.250ms
08-04 19:52:27.952   512  2967 D AudioFlinger: mixer(0xf4740000) throttle end: throttle time(12)
08-04 19:52:28.298  2355  2368 I art     : Starting a blocking GC Explicit
08-04 19:52:28.318   918   930 I UsageStatsService: User[0] Flushing usage stats to disk
08-04 19:52:28.349  2355  2368 I art     : Explicit concurrent mark sweep GC freed 1955(164KB) AllocSpace objects, 2(36KB) LOS objects, 8% free, 182MB/198MB, paused 2.122ms total 50.758ms
08-04 19:52:28.377  2355  2368 I art     : Starting a blocking GC Explicit
08-04 19:52:28.422  2355  2368 I art     : Explicit concurrent mark sweep GC freed 1302(54KB) AllocSpace objects, 9(252KB) LOS objects, 8% free, 182MB/198MB, paused 1.333ms total 44.466ms
08-04 19:52:28.443  2355  2368 I art     : Starting a blocking GC Explicit
08-04 19:52:28.448   512  2967 D audio_hw_primary: disable_audio_route: reset and update mixer path: low-latency-playback speaker
08-04 19:52:28.449   512  2967 D audio_hw_primary: disable_snd_device: snd_device(2: speaker)
08-04 19:52:28.457   512  2967 I soundtrigger: audio_extn_sound_trigger_update_device_status: device 0x2 of type 0 for Event 0
08-04 19:52:28.485  2355  2368 I art     : Explicit concurrent mark sweep GC freed 807(47KB) AllocSpace objects, 0(0B) LOS objects, 8% free, 182MB/198MB, paused 1.283ms total 41.981ms
08-04 19:52:28.502  2355  2368 I art     : Starting a blocking GC Explicit
08-04 19:52:28.545  2355  2368 I art     : Explicit concurrent mark sweep GC freed 44(1088B) AllocSpace objects, 0(0B) LOS objects, 8% free, 182MB/198MB, paused 1.090ms total 42.664ms
08-04 19:52:28.562  2355  2368 I art     : Starting a blocking GC Explicit
08-04 19:52:28.603  2355  2368 I art     : Explicit concurrent mark sweep GC freed 3(96B) AllocSpace objects, 0(0B) LOS objects, 8% free, 182MB/198MB, paused 1.021ms total 40.813ms
08-04 19:52:28.794   950   950 I ServiceManager: Waiting for service AtCmdFwd...
08-04 19:52:28.984  2355  2377 I art     : Starting a blocking GC Explicit
08-04 19:52:29.032  2355  2377 I art     : Explicit concurrent mark sweep GC freed 1589(90KB) AllocSpace objects, 2(36KB) LOS objects, 8% free, 182MB/198MB, paused 1.161ms total 48.165ms
08-04 19:52:29.050  2355  2377 I art     : Starting a blocking GC Explicit
08-04 19:52:29.099  2355  2377 I art     : Explicit concurrent mark sweep GC freed 40(1376B) AllocSpace objects, 0(0B) LOS objects, 8% free, 182MB/198MB, paused 1.178ms total 48.811ms
08-04 19:52:29.117  2355  2377 I art     : Starting a blocking GC Explicit
08-04 19:52:29.166  2355  2377 I art     : Explicit concurrent mark sweep GC freed 3(96B) AllocSpace objects, 0(0B) LOS objects, 8% free, 182MB/198MB, paused 1.164ms total 48.771ms
08-04 19:52:29.184  2355  2377 I art     : Starting a blocking GC Explicit
08-04 19:52:29.232  2355  2377 I art     : Explicit concurrent mark sweep GC freed 3(96B) AllocSpace objects, 0(0B) LOS objects, 8% free, 182MB/198MB, paused 1.106ms total 47.689ms
08-04 19:52:29.250  2355  2377 I art     : Starting a blocking GC Explicit
08-04 19:52:29.300  2355  2377 I art     : Explicit concurrent mark sweep GC freed 3(96B) AllocSpace objects, 0(0B) LOS objects, 8% free, 182MB/198MB, paused 1.308ms total 49.300ms
08-04 19:52:29.703  2355  2370 I art     : Starting a blocking GC Explicit
08-04 19:52:29.769  2355  2370 I art     : Explicit concurrent mark sweep GC freed 1557(90KB) AllocSpace objects, 2(36KB) LOS objects, 8% free, 182MB/198MB, paused 1.386ms total 65.415ms
08-04 19:52:29.790  2355  2370 I art     : Starting a blocking GC Explicit
08-04 19:52:29.795   950   950 I ServiceManager: Waiting for service AtCmdFwd...
08-04 19:52:29.843  2355  2370 I art     : Explicit concurrent mark sweep GC freed 76(2816B) AllocSpace objects, 0(0B) LOS objects, 8% free, 182MB/198MB, paused 1.152ms total 52.214ms
08-04 19:52:29.862  2355  2370 I art     : Starting a blocking GC Explicit
08-04 19:52:29.916  2355  2370 I art     : Explicit concurrent mark sweep GC freed 3(96B) AllocSpace objects, 0(0B) LOS objects, 8% free, 182MB/198MB, paused 1.189ms total 54.392ms
08-04 19:52:29.937  2355  2370 I art     : Starting a blocking GC Explicit
08-04 19:52:29.989  2355  2370 I art     : Explicit concurrent mark sweep GC freed 3(96B) AllocSpace objects, 0(0B) LOS objects, 8% free, 182MB/198MB, paused 1.228ms total 51.446ms
08-04 19:52:30.007  2355  2370 I art     : Starting a blocking GC Explicit
08-04 19:52:30.061  2355  2370 I art     : Explicit concurrent mark sweep GC freed 3(96B) AllocSpace objects, 0(0B) LOS objects, 8% free, 182MB/198MB, paused 1.297ms total 53.430ms
08-04 19:52:30.488  2355  2778 I art     : Starting a blocking GC Explicit
08-04 19:52:30.549  2355  2778 I art     : Explicit concurrent mark sweep GC freed 1545(89KB) AllocSpace objects, 2(36KB) LOS objects, 8% free, 182MB/198MB, paused 1.436ms total 59.708ms
08-04 19:52:30.567  2355  2778 I art     : Starting a blocking GC Explicit
08-04 19:52:30.616  2355  2778 I art     : Explicit concurrent mark sweep GC freed 26(944B) AllocSpace objects, 0(0B) LOS objects, 8% free, 182MB/198MB, paused 1.144ms total 49.229ms
08-04 19:52:30.635  2355  2778 I art     : Starting a blocking GC Explicit
08-04 19:52:30.662  4553  4553 D AndroidRuntime: >>>>>> START com.android.internal.os.RuntimeInit uid 2000 <<<<<<
08-04 19:52:30.668  4553  4553 D AndroidRuntime: CheckJNI is OFF
08-04 19:52:30.684  2355  2778 I art     : Explicit concurrent mark sweep GC freed 3(96B) AllocSpace objects, 0(0B) LOS objects, 8% free, 182MB/198MB, paused 1.230ms total 49.590ms
08-04 19:52:30.702  2355  2778 I art     : Starting a blocking GC Explicit
08-04 19:52:30.716  4553  4553 D ICU     : No timezone override file found: /data/misc/zoneinfo/current/icu/icu_tzdata.dat
08-04 19:52:30.750  2355  2778 I art     : Explicit concurrent mark sweep GC freed 14(720B) AllocSpace objects, 0(0B) LOS objects, 8% free, 182MB/198MB, paused 1.287ms total 47.745ms
08-04 19:52:30.764  4553  4553 I Radio-JNI: register_android_hardware_Radio DONE
08-04 19:52:30.768  2355  2778 I art     : Starting a blocking GC Explicit
08-04 19:52:30.794  4553  4553 D AndroidRuntime: Calling main entry com.android.commands.input.Input
08-04 19:52:30.796   950   950 I ServiceManager: Waiting for service AtCmdFwd...
08-04 19:52:30.797  4553  4553 I Input   : injectMotionEvent: MotionEvent { action=ACTION_DOWN, actionButton=0, id[0]=0, x[0]=1341.0, y[0]=197.0, toolType[0]=TOOL_TYPE_UNKNOWN, buttonState=0, metaState=0, flags=0x0, edgeFlags=0x0, pointerCount=1, historySize=0, eventTime=733967209, downTime=733967209, deviceId=0, source=0x1002 }
08-04 19:52:30.803  4553  4553 I Input   : injectMotionEvent: MotionEvent { action=ACTION_UP, actionButton=0, id[0]=0, x[0]=1341.0, y[0]=197.0, toolType[0]=TOOL_TYPE_UNKNOWN, buttonState=0, metaState=0, flags=0x0, edgeFlags=0x0, pointerCount=1, historySize=0, eventTime=733967209, downTime=733967209, deviceId=0, source=0x1002 }
08-04 19:52:30.807  4553  4553 D AndroidRuntime: Shutting down VM
08-04 19:52:30.810   918  4413 I ActivityManager: START u0 {cmp=baseline.io.github.project_travel_mate/.notifications.NotificationsActivity} from uid 10650 on display 0
08-04 19:52:30.811   512  2967 D audio_hw_primary: out_set_parameters: enter: usecase(1: low-latency-playback) kvpairs: routing=2
08-04 19:52:30.817  2355  2778 I art     : Explicit concurrent mark sweep GC freed 68(6KB) AllocSpace objects, 0(0B) LOS objects, 8% free, 182MB/198MB, paused 1.494ms total 48.280ms
08-04 19:52:30.824   512  2967 D audio_hw_primary: select_devices: out_snd_device(2: speaker) in_snd_device(0: none)
08-04 19:52:30.824   512  2967 D msm8974_platform: platform_send_audio_calibration: sending audio calibration for snd_device(2) acdb_id(15)
08-04 19:52:30.825   512  2967 I soundtrigger: audio_extn_sound_trigger_update_device_status: device 0x2 of type 0 for Event 1
08-04 19:52:30.836   512  2967 D audio_hw_primary: enable_snd_device: snd_device(2: speaker)
08-04 19:52:30.838   512  2967 D audio_hw_primary: enable_audio_route: apply and update mixer path: low-latency-playback speaker
08-04 19:52:30.855  2355  2445 D Gabe    : call	returning from cache
08-04 19:52:30.860  2355  2355 V EXECUTING: https://project-travel-mate.herokuapp.com/api/get-notifications
08-04 19:52:30.867  2355  2355 V EXECUTING: https://project-travel-mate.herokuapp.com/api/get-notifications
08-04 19:52:31.029   918   936 I ActivityManager: Displayed baseline.io.github.project_travel_mate/.notifications.NotificationsActivity: +205ms
08-04 19:52:31.033 13866 13866 I GoogleInputMethodServic: GoogleInputMethodService.onFinishInput():3138 
08-04 19:52:31.034 13866 13866 I GoogleInputMethodServic: GoogleInputMethodService.onStartInput():1808 
08-04 19:52:31.132  2355  2373 D OpenGLRenderer: endAllStagingAnimators on 0x7f7a17d400 (RippleDrawable) with handle 0x7f7c34f160
08-04 19:52:31.193  2355  2377 I art     : Starting a blocking GC Explicit
08-04 19:52:31.243  2355  2377 I art     : Explicit concurrent mark sweep GC freed 3977(222KB) AllocSpace objects, 2(36KB) LOS objects, 7% free, 187MB/203MB, paused 1.210ms total 49.038ms
08-04 19:52:31.263  2355  2377 I art     : Starting a blocking GC Explicit
08-04 19:52:31.275   380   380 W SurfaceFlinger: couldn't log to binary event log: overflow.
08-04 19:52:31.309  2355  2377 I art     : Explicit concurrent mark sweep GC freed 439(17KB) AllocSpace objects, 0(0B) LOS objects, 7% free, 187MB/203MB, paused 1.231ms total 46.110ms
08-04 19:52:31.326  2355  2377 I art     : Starting a blocking GC Explicit
08-04 19:52:31.368   512  2967 D audio_hw_primary: disable_audio_route: reset and update mixer path: low-latency-playback speaker
08-04 19:52:31.369   512  2967 D audio_hw_primary: disable_snd_device: snd_device(2: speaker)
08-04 19:52:31.372  2355  2377 I art     : Explicit concurrent mark sweep GC freed 99(1696B) AllocSpace objects, 0(0B) LOS objects, 7% free, 187MB/203MB, paused 1.267ms total 45.715ms
08-04 19:52:31.379   512  2967 I soundtrigger: audio_extn_sound_trigger_update_device_status: device 0x2 of type 0 for Event 0
08-04 19:52:31.390  2355  2377 I art     : Starting a blocking GC Explicit
08-04 19:52:31.439  2355  2377 I art     : Explicit concurrent mark sweep GC freed 232(6KB) AllocSpace objects, 0(0B) LOS objects, 7% free, 187MB/203MB, paused 1.469ms total 48.580ms
08-04 19:52:31.458  2355  2377 I art     : Starting a blocking GC Explicit
08-04 19:52:31.502  2355  2377 I art     : Explicit concurrent mark sweep GC freed 46(1248B) AllocSpace objects, 0(0B) LOS objects, 7% free, 187MB/203MB, paused 1.176ms total 44.048ms
08-04 19:52:31.756  2355  4577 I NAPPA_EXPERIMENTATION: MetricNetworkRequestExecutionTime: REQUEST_DURATION_SYSTEM='895',REQUEST_DURATION_OKHTTP='29',REQUEST_SYNCHRONOUS='FALSE',RESPONSE_CODE='200',RESPONSE_METHOD='GET',RESPONSE_LENGTH_OKHTTP='2',RESPONSE_LENGTH_HEADER='2',REQUEST_PROTOCOL='http/1.1',REQUEST_URL='https://project-travel-mate.herokuapp.com/api/get-notifications',
08-04 19:52:31.776  2355  4578 I NAPPA_EXPERIMENTATION: MetricNetworkRequestExecutionTime: REQUEST_DURATION_SYSTEM='907',REQUEST_DURATION_OKHTTP='44',REQUEST_SYNCHRONOUS='FALSE',RESPONSE_CODE='200',RESPONSE_METHOD='GET',RESPONSE_LENGTH_OKHTTP='2',RESPONSE_LENGTH_HEADER='2',REQUEST_PROTOCOL='http/1.1',REQUEST_URL='https://project-travel-mate.herokuapp.com/api/get-notifications',
08-04 19:52:31.797   950   950 I ServiceManager: Waiting for service AtCmdFwd...
08-04 19:52:31.899  2355  2778 I art     : Starting a blocking GC Explicit
08-04 19:52:31.908  2355  2355 V Response: [] 
08-04 19:52:31.932  2355  2355 V Response: [] 
08-04 19:52:31.941  2355  2445 W LOTTIE  : Animation contains merge paths. Merge paths are only supported on KitKat+ and must be manually enabled by calling enableMergePathsForKitKatAndAbove().
08-04 19:52:31.949  2355  2778 I art     : Explicit concurrent mark sweep GC freed 10119(509KB) AllocSpace objects, 8(436KB) LOS objects, 7% free, 188MB/204MB, paused 2.487ms total 49.959ms
08-04 19:52:31.953  2355  2445 W LOTTIE  : Animation contains merge paths. Merge paths are only supported on KitKat+ and must be manually enabled by calling enableMergePathsForKitKatAndAbove().
08-04 19:52:31.956  2355  2445 W LOTTIE  : Animation contains merge paths. Merge paths are only supported on KitKat+ and must be manually enabled by calling enableMergePathsForKitKatAndAbove().
08-04 19:52:31.959  2355  2445 W LOTTIE  : Animation contains merge paths. Merge paths are only supported on KitKat+ and must be manually enabled by calling enableMergePathsForKitKatAndAbove().
08-04 19:52:31.962  2355  2445 W LOTTIE  : Animation contains merge paths. Merge paths are only supported on KitKat+ and must be manually enabled by calling enableMergePathsForKitKatAndAbove().
08-04 19:52:31.965  2355  2445 W LOTTIE  : Animation contains merge paths. Merge paths are only supported on KitKat+ and must be manually enabled by calling enableMergePathsForKitKatAndAbove().
08-04 19:52:31.967  2355  2778 I art     : Starting a blocking GC Explicit
08-04 19:52:31.969  2355  2445 W LOTTIE  : Animation contains merge paths. Merge paths are only supported on KitKat+ and must be manually enabled by calling enableMergePathsForKitKatAndAbove().
08-04 19:52:31.971  2355  2355 W LOTTIE  : Animation contains merge paths but they are disabled.
08-04 19:52:32.013  2355  2778 I art     : Explicit concurrent mark sweep GC freed 8432(495KB) AllocSpace objects, 2(364KB) LOS objects, 7% free, 187MB/203MB, paused 1.354ms total 46.052ms
08-04 19:52:32.030  2355  2778 I art     : Starting a blocking GC Explicit
08-04 19:52:32.075  2355  2778 I art     : Explicit concurrent mark sweep GC freed 2153(97KB) AllocSpace objects, 0(0B) LOS objects, 7% free, 187MB/203MB, paused 1.121ms total 45.301ms
08-04 19:52:32.093  2355  2778 I art     : Starting a blocking GC Explicit
08-04 19:52:32.136  2355  2778 I art     : Explicit concurrent mark sweep GC freed 288(4KB) AllocSpace objects, 0(0B) LOS objects, 7% free, 187MB/203MB, paused 1.106ms total 42.931ms
08-04 19:52:32.153  2355  2778 I art     : Starting a blocking GC Explicit
08-04 19:52:32.196  2355  2778 I art     : Explicit concurrent mark sweep GC freed 230(3KB) AllocSpace objects, 0(0B) LOS objects, 7% free, 187MB/203MB, paused 1.337ms total 42.529ms
08-04 19:52:32.584  2355  2377 I art     : Starting a blocking GC Explicit
08-04 19:52:32.630  2355  2377 I art     : Explicit concurrent mark sweep GC freed 3540(125KB) AllocSpace objects, 2(36KB) LOS objects, 7% free, 187MB/203MB, paused 1.375ms total 46.480ms
08-04 19:52:32.648  2355  2377 I art     : Starting a blocking GC Explicit
08-04 19:52:32.691  2355  2377 I art     : Explicit concurrent mark sweep GC freed 454(15KB) AllocSpace objects, 0(0B) LOS objects, 7% free, 187MB/203MB, paused 1.085ms total 42.420ms
08-04 19:52:32.691  2355  2367 I art     : WaitForGcToComplete blocked for 21.428ms for cause HeapTrim
08-04 19:52:32.708  2355  2377 I art     : Starting a blocking GC Explicit
08-04 19:52:32.751  2355  2377 I art     : Explicit concurrent mark sweep GC freed 298(5KB) AllocSpace objects, 0(0B) LOS objects, 7% free, 187MB/203MB, paused 1.176ms total 42.635ms
08-04 19:52:32.768  2355  2377 I art     : Starting a blocking GC Explicit
08-04 19:52:32.797   950   950 I ServiceManager: Waiting for service AtCmdFwd...
08-04 19:52:32.811  2355  2377 I art     : Explicit concurrent mark sweep GC freed 256(4KB) AllocSpace objects, 0(0B) LOS objects, 7% free, 187MB/203MB, paused 1.179ms total 42.784ms
08-04 19:52:32.829  2355  2377 I art     : Starting a blocking GC Explicit
08-04 19:52:32.872  2355  2377 I art     : Explicit concurrent mark sweep GC freed 278(4KB) AllocSpace objects, 0(0B) LOS objects, 7% free, 187MB/203MB, paused 1.067ms total 43.656ms
08-04 19:52:33.264  2355  2377 I art     : Starting a blocking GC Explicit
08-04 19:52:33.309  2355  2377 I art     : Explicit concurrent mark sweep GC freed 3378(118KB) AllocSpace objects, 2(36KB) LOS objects, 7% free, 187MB/203MB, paused 1.185ms total 44.677ms
08-04 19:52:33.327  2355  2377 I art     : Starting a blocking GC Explicit
08-04 19:52:33.372  2355  2377 I art     : Explicit concurrent mark sweep GC freed 320(5KB) AllocSpace objects, 0(0B) LOS objects, 7% free, 187MB/203MB, paused 1.098ms total 44.356ms
08-04 19:52:33.389  2355  2377 I art     : Starting a blocking GC Explicit
08-04 19:52:33.435  2355  2377 I art     : Explicit concurrent mark sweep GC freed 283(4KB) AllocSpace objects, 0(0B) LOS objects, 7% free, 187MB/203MB, paused 1.148ms total 45.186ms
08-04 19:52:33.452  2355  2377 I art     : Starting a blocking GC Explicit
08-04 19:52:33.496  2355  2377 I art     : Explicit concurrent mark sweep GC freed 220(3KB) AllocSpace objects, 0(0B) LOS objects, 7% free, 187MB/203MB, paused 1.165ms total 43.400ms
08-04 19:52:33.513  2355  2377 I art     : Starting a blocking GC Explicit
08-04 19:52:33.556  2355  2377 I art     : Explicit concurrent mark sweep GC freed 276(4KB) AllocSpace objects, 0(0B) LOS objects, 7% free, 187MB/203MB, paused 1.082ms total 42.794ms
08-04 19:52:33.797   950   950 W Atfwd_Sendcmd: AtCmdFwd service not published, waiting... retryCnt : 2
08-04 19:52:33.940  2355  2377 I art     : Starting a blocking GC Explicit
08-04 19:52:33.984  2355  2377 I art     : Explicit concurrent mark sweep GC freed 3406(119KB) AllocSpace objects, 2(36KB) LOS objects, 7% free, 187MB/203MB, paused 1.266ms total 44.187ms
08-04 19:52:34.002  2355  2377 I art     : Starting a blocking GC Explicit
08-04 19:52:34.045  2355  2377 I art     : Explicit concurrent mark sweep GC freed 248(4KB) AllocSpace objects, 0(0B) LOS objects, 7% free, 187MB/203MB, paused 1.134ms total 43.468ms
08-04 19:52:34.063  2355  2377 I art     : Starting a blocking GC Explicit
08-04 19:52:34.107  2355  2377 I art     : Explicit concurrent mark sweep GC freed 283(4KB) AllocSpace objects, 0(0B) LOS objects, 7% free, 187MB/203MB, paused 1.087ms total 43.462ms
08-04 19:52:34.124  2355  2377 I art     : Starting a blocking GC Explicit
08-04 19:52:34.166  2355  2377 I art     : Explicit concurrent mark sweep GC freed 273(4KB) AllocSpace objects, 0(0B) LOS objects, 7% free, 187MB/203MB, paused 1.309ms total 42.246ms
08-04 19:52:34.183  2355  2377 I art     : Starting a blocking GC Explicit
08-04 19:52:34.229   518   646 I ThermalEngine: ACTION: GPU - Setting GPU[0] to 390000000
08-04 19:52:34.233  2355  2377 I art     : Explicit concurrent mark sweep GC freed 223(3KB) AllocSpace objects, 0(0B) LOS objects, 7% free, 187MB/203MB, paused 1.353ms total 48.908ms
08-04 19:52:34.656  2355  2370 I art     : Starting a blocking GC Explicit
08-04 19:52:34.705   918  3188 I hubconnection: sensorhub said: 'set_bias 3: -5.7600, 0.0000, 0.0000'
08-04 19:52:34.713  2355  2370 I art     : Explicit concurrent mark sweep GC freed 3575(121KB) AllocSpace objects, 2(36KB) LOS objects, 7% free, 187MB/203MB, paused 1.621ms total 56.651ms
08-04 19:52:34.735  2355  2370 I art     : Starting a blocking GC Explicit
08-04 19:52:34.789  2355  2370 I art     : Explicit concurrent mark sweep GC freed 376(6KB) AllocSpace objects, 0(0B) LOS objects, 7% free, 187MB/203MB, paused 1.990ms total 53.390ms
08-04 19:52:34.812  2355  2370 I art     : Starting a blocking GC Explicit
08-04 19:52:34.866  2355  2370 I art     : Explicit concurrent mark sweep GC freed 323(5KB) AllocSpace objects, 0(0B) LOS objects, 7% free, 187MB/203MB, paused 1.780ms total 53.044ms
08-04 19:52:34.889  2355  2370 I art     : Starting a blocking GC Explicit
08-04 19:52:34.944  2355  2370 I art     : Explicit concurrent mark sweep GC freed 344(5KB) AllocSpace objects, 0(0B) LOS objects, 7% free, 187MB/203MB, paused 1.641ms total 54.371ms
08-04 19:52:34.967  2355  2370 I art     : Starting a blocking GC Explicit
08-04 19:52:35.021  2355  2370 I art     : Explicit concurrent mark sweep GC freed 350(5KB) AllocSpace objects, 0(0B) LOS objects, 7% free, 187MB/203MB, paused 1.738ms total 53.882ms
08-04 19:52:35.474  2355  2370 I art     : Starting a blocking GC Explicit
08-04 19:52:35.529  2355  2370 I art     : Explicit concurrent mark sweep GC freed 3721(125KB) AllocSpace objects, 2(36KB) LOS objects, 7% free, 187MB/203MB, paused 1.763ms total 54.737ms
08-04 19:52:35.552  2355  2370 I art     : Starting a blocking GC Explicit
08-04 19:52:35.607  2355  2370 I art     : Explicit concurrent mark sweep GC freed 378(6KB) AllocSpace objects, 0(0B) LOS objects, 7% free, 187MB/203MB, paused 1.673ms total 54.065ms
08-04 19:52:35.629  2355  2370 I art     : Starting a blocking GC Explicit
08-04 19:52:35.683  2355  2370 I art     : Explicit concurrent mark sweep GC freed 453(15KB) AllocSpace objects, 0(0B) LOS objects, 7% free, 187MB/203MB, paused 1.897ms total 53.805ms
08-04 19:52:35.689  4644  4644 D AndroidRuntime: >>>>>> START com.android.internal.os.RuntimeInit uid 2000 <<<<<<
08-04 19:52:35.694  4644  4644 D AndroidRuntime: CheckJNI is OFF
08-04 19:52:35.706  2355  2370 I art     : Starting a blocking GC Explicit
08-04 19:52:35.748  4644  4644 D ICU     : No timezone override file found: /data/misc/zoneinfo/current/icu/icu_tzdata.dat
08-04 19:52:35.759  2355  2370 I art     : Explicit concurrent mark sweep GC freed 364(6KB) AllocSpace objects, 0(0B) LOS objects, 7% free, 187MB/203MB, paused 1.653ms total 52.762ms
08-04 19:52:35.781  2355  2370 I art     : Starting a blocking GC Explicit
08-04 19:52:35.801  4644  4644 I Radio-JNI: register_android_hardware_Radio DONE
08-04 19:52:35.833  4644  4644 D AndroidRuntime: Calling main entry com.android.commands.input.Input
08-04 19:52:35.835  4644  4644 I Input   : injectKeyEvent: KeyEvent { action=ACTION_DOWN, keyCode=KEYCODE_BACK, scanCode=0, metaState=0, flags=0x0, repeatCount=0, eventTime=733972248, downTime=733972248, deviceId=-1, source=0x101 }
08-04 19:52:35.842  2355  2370 I art     : Explicit concurrent mark sweep GC freed 384(6KB) AllocSpace objects, 0(0B) LOS objects, 7% free, 187MB/203MB, paused 1.676ms total 60.345ms
08-04 19:52:35.844  4644  4644 I Input   : injectKeyEvent: KeyEvent { action=ACTION_UP, keyCode=KEYCODE_BACK, scanCode=0, metaState=0, flags=0x0, repeatCount=0, eventTime=733972248, downTime=733972248, deviceId=-1, source=0x101 }
08-04 19:52:35.865  4644  4644 D AndroidRuntime: Shutting down VM
08-04 19:52:35.887  2355  2355 V MainActivity: url = https://project-travel-mate.herokuapp.com/api/number-of-unread-notifications
08-04 19:52:35.927 13866 13866 I GoogleInputMethodServic: GoogleInputMethodService.onFinishInput():3138 
08-04 19:52:35.928 13866 13866 I GoogleInputMethodServic: GoogleInputMethodService.onStartInput():1808 
08-04 19:52:36.213   380   380 W SurfaceFlinger: couldn't log to binary event log: overflow.
08-04 19:52:36.280  2355  2778 I art     : Starting a blocking GC Explicit
08-04 19:52:36.348  2355  2778 I art     : Explicit concurrent mark sweep GC freed 2535(120KB) AllocSpace objects, 3(4MB) LOS objects, 8% free, 183MB/199MB, paused 2.438ms total 68.012ms
08-04 19:52:36.377  2355  2778 I art     : Starting a blocking GC Explicit
08-04 19:52:36.434  2355  2778 I art     : Explicit concurrent mark sweep GC freed 3802(180KB) AllocSpace objects, 2(56KB) LOS objects, 8% free, 182MB/198MB, paused 1.832ms total 56.664ms
08-04 19:52:36.457  2355  2778 I art     : Starting a blocking GC Explicit
08-04 19:52:36.519  2355  2778 I art     : Explicit concurrent mark sweep GC freed 7(288B) AllocSpace objects, 0(0B) LOS objects, 8% free, 182MB/198MB, paused 2.048ms total 60.994ms
08-04 19:52:36.544  2355  2778 I art     : Starting a blocking GC Explicit
08-04 19:52:36.606  2355  2778 I art     : Explicit concurrent mark sweep GC freed 3(96B) AllocSpace objects, 0(0B) LOS objects, 8% free, 182MB/198MB, paused 1.923ms total 62.110ms
08-04 19:52:36.632  2355  2778 I art     : Starting a blocking GC Explicit
08-04 19:52:36.694  2355  2778 I art     : Explicit concurrent mark sweep GC freed 3(96B) AllocSpace objects, 0(0B) LOS objects, 8% free, 182MB/198MB, paused 1.994ms total 62.166ms
08-04 19:52:36.774  2355  4668 I NAPPA_EXPERIMENTATION: MetricNetworkRequestExecutionTime: REQUEST_DURATION_SYSTEM='886',REQUEST_DURATION_OKHTTP='32',REQUEST_SYNCHRONOUS='FALSE',RESPONSE_CODE='200',RESPONSE_METHOD='GET',RESPONSE_LENGTH_OKHTTP='36',RESPONSE_LENGTH_HEADER='36',REQUEST_PROTOCOL='http/1.1',REQUEST_URL='https://project-travel-mate.herokuapp.com/api/number-of-unread-notifications',
08-04 19:52:37.157  2355  2370 I art     : Starting a blocking GC Explicit
08-04 19:52:37.220  2355  2370 I art     : Explicit concurrent mark sweep GC freed 4398(239KB) AllocSpace objects, 5(236KB) LOS objects, 8% free, 183MB/199MB, paused 2.018ms total 61.883ms
08-04 19:52:37.245  2355  2370 I art     : Starting a blocking GC Explicit
08-04 19:52:37.306  2355  2370 I art     : Explicit concurrent mark sweep GC freed 970(117KB) AllocSpace objects, 0(0B) LOS objects, 8% free, 183MB/199MB, paused 1.888ms total 60.466ms
08-04 19:52:37.330  2355  2370 I art     : Starting a blocking GC Explicit
08-04 19:52:37.388  2355  2370 I art     : Explicit concurrent mark sweep GC freed 3(96B) AllocSpace objects, 0(0B) LOS objects, 8% free, 183MB/199MB, paused 1.867ms total 57.783ms
08-04 19:52:37.412  2355  2370 I art     : Starting a blocking GC Explicit
08-04 19:52:37.472  2355  2370 I art     : Explicit concurrent mark sweep GC freed 3(96B) AllocSpace objects, 0(0B) LOS objects, 8% free, 183MB/199MB, paused 2.035ms total 60.108ms
08-04 19:52:37.498  2355  2370 I art     : Starting a blocking GC Explicit
08-04 19:52:37.558  2355  2370 I art     : Explicit concurrent mark sweep GC freed 3(96B) AllocSpace objects, 0(0B) LOS objects, 8% free, 183MB/199MB, paused 2.020ms total 59.933ms
08-04 19:52:37.759  4690  4690 D AndroidRuntime: >>>>>> START com.android.internal.os.RuntimeInit uid 2000 <<<<<<
08-04 19:52:37.765  4690  4690 D AndroidRuntime: CheckJNI is OFF
08-04 19:52:37.822  4690  4690 D ICU     : No timezone override file found: /data/misc/zoneinfo/current/icu/icu_tzdata.dat
08-04 19:52:37.866  4690  4690 I Radio-JNI: register_android_hardware_Radio DONE
08-04 19:52:37.898  4690  4690 D AndroidRuntime: Calling main entry com.android.commands.input.Input
08-04 19:52:37.901  4690  4690 I Input   : injectMotionEvent: MotionEvent { action=ACTION_DOWN, actionButton=0, id[0]=0, x[0]=117.0, y[0]=170.0, toolType[0]=TOOL_TYPE_UNKNOWN, buttonState=0, metaState=0, flags=0x0, edgeFlags=0x0, pointerCount=1, historySize=0, eventTime=733974313, downTime=733974313, deviceId=0, source=0x1002 }
08-04 19:52:37.906  4690  4690 I Input   : injectMotionEvent: MotionEvent { action=ACTION_UP, actionButton=0, id[0]=0, x[0]=117.0, y[0]=170.0, toolType[0]=TOOL_TYPE_UNKNOWN, buttonState=0, metaState=0, flags=0x0, edgeFlags=0x0, pointerCount=1, historySize=0, eventTime=733974313, downTime=733974313, deviceId=0, source=0x1002 }
08-04 19:52:37.909  4690  4690 D AndroidRuntime: Shutting down VM
08-04 19:52:37.921   512  2967 D audio_hw_primary: out_set_parameters: enter: usecase(1: low-latency-playback) kvpairs: routing=2
08-04 19:52:37.941   512  2967 D audio_hw_primary: select_devices: out_snd_device(2: speaker) in_snd_device(0: none)
08-04 19:52:37.941   512  2967 D msm8974_platform: platform_send_audio_calibration: sending audio calibration for snd_device(2) acdb_id(15)
08-04 19:52:37.942   512  2967 I soundtrigger: audio_extn_sound_trigger_update_device_status: device 0x2 of type 0 for Event 1
08-04 19:52:37.955   512  2967 D audio_hw_primary: enable_snd_device: snd_device(2: speaker)
08-04 19:52:37.957   512  2967 D audio_hw_primary: enable_audio_route: apply and update mixer path: low-latency-playback speaker
08-04 19:52:38.002  2355  2370 I art     : Starting a blocking GC Explicit
08-04 19:52:38.073  2355  2370 I art     : Explicit concurrent mark sweep GC freed 2022(112KB) AllocSpace objects, 2(36KB) LOS objects, 8% free, 183MB/199MB, paused 1.880ms total 70.260ms
08-04 19:52:38.100  2355  2370 I art     : Starting a blocking GC Explicit
08-04 19:52:38.164  2355  2370 I art     : Explicit concurrent mark sweep GC freed 50(1888B) AllocSpace objects, 0(0B) LOS objects, 8% free, 183MB/199MB, paused 1.920ms total 63.934ms
08-04 19:52:38.188  2355  2370 I art     : Starting a blocking GC Explicit
08-04 19:52:38.242  2355  2370 I art     : Explicit concurrent mark sweep GC freed 5(160B) AllocSpace objects, 0(0B) LOS objects, 8% free, 183MB/199MB, paused 1.665ms total 53.949ms
08-04 19:52:38.265  2355  2370 I art     : Starting a blocking GC Explicit
08-04 19:52:38.322  2355  2370 I art     : Explicit concurrent mark sweep GC freed 3(96B) AllocSpace objects, 0(0B) LOS objects, 8% free, 183MB/199MB, paused 1.697ms total 56.612ms
08-04 19:52:38.346  2355  2370 I art     : Starting a blocking GC Explicit
08-04 19:52:38.406  2355  2370 I art     : Explicit concurrent mark sweep GC freed 12(416B) AllocSpace objects, 0(0B) LOS objects, 8% free, 183MB/199MB, paused 1.826ms total 59.686ms
08-04 19:52:38.489   512  2967 D audio_hw_primary: disable_audio_route: reset and update mixer path: low-latency-playback speaker
08-04 19:52:38.490   512  2967 D audio_hw_primary: disable_snd_device: snd_device(2: speaker)
08-04 19:52:38.498   512  2967 I soundtrigger: audio_extn_sound_trigger_update_device_status: device 0x2 of type 0 for Event 0
08-04 19:52:38.821  4713  4713 D AndroidRuntime: >>>>>> START com.android.internal.os.RuntimeInit uid 2000 <<<<<<
08-04 19:52:38.828  4713  4713 D AndroidRuntime: CheckJNI is OFF
08-04 19:52:38.865  2355  2368 I art     : Starting a blocking GC Explicit
08-04 19:52:38.886  4713  4713 D ICU     : No timezone override file found: /data/misc/zoneinfo/current/icu/icu_tzdata.dat
08-04 19:52:38.928  2355  2368 I art     : Explicit concurrent mark sweep GC freed 1628(92KB) AllocSpace objects, 2(36KB) LOS objects, 8% free, 183MB/199MB, paused 1.890ms total 62.940ms
08-04 19:52:38.931  4713  4713 I Radio-JNI: register_android_hardware_Radio DONE
08-04 19:52:38.954  2355  2368 I art     : Starting a blocking GC Explicit
08-04 19:52:38.963  4713  4713 D AndroidRuntime: Calling main entry com.android.commands.input.Input
08-04 19:52:38.966  4713  4713 I Input   : injectMotionEvent: MotionEvent { action=ACTION_DOWN, actionButton=0, id[0]=0, x[0]=418.0, y[0]=842.0, toolType[0]=TOOL_TYPE_UNKNOWN, buttonState=0, metaState=0, flags=0x0, edgeFlags=0x0, pointerCount=1, historySize=0, eventTime=733975378, downTime=733975378, deviceId=0, source=0x1002 }
08-04 19:52:38.971  4713  4713 I Input   : injectMotionEvent: MotionEvent { action=ACTION_UP, actionButton=0, id[0]=0, x[0]=418.0, y[0]=842.0, toolType[0]=TOOL_TYPE_UNKNOWN, buttonState=0, metaState=0, flags=0x0, edgeFlags=0x0, pointerCount=1, historySize=0, eventTime=733975378, downTime=733975378, deviceId=0, source=0x1002 }
08-04 19:52:38.973  4713  4713 D AndroidRuntime: Shutting down VM
08-04 19:52:38.988   512  2967 D audio_hw_primary: out_set_parameters: enter: usecase(1: low-latency-playback) kvpairs: routing=2
08-04 19:52:38.990  2355  2445 D Gabe    : call	returning from cache
08-04 19:52:39.001   512  2967 D audio_hw_primary: select_devices: out_snd_device(2: speaker) in_snd_device(0: none)
08-04 19:52:39.001   512  2967 D msm8974_platform: platform_send_audio_calibration: sending audio calibration for snd_device(2) acdb_id(15)
08-04 19:52:39.002   512  2967 I soundtrigger: audio_extn_sound_trigger_update_device_status: device 0x2 of type 0 for Event 1
08-04 19:52:39.015   512  2967 D audio_hw_primary: enable_snd_device: snd_device(2: speaker)
08-04 19:52:39.017  2355  2368 I art     : Explicit concurrent mark sweep GC freed 648(29KB) AllocSpace objects, 0(0B) LOS objects, 8% free, 183MB/199MB, paused 2.681ms total 63.217ms
08-04 19:52:39.020   512  2967 D audio_hw_primary: enable_audio_route: apply and update mixer path: low-latency-playback speaker
08-04 19:52:39.028  2355  2355 V MainActivity: url = https://project-travel-mate.herokuapp.com/api/number-of-unread-notifications
08-04 19:52:39.040  2355  2368 I art     : Starting a blocking GC Explicit
08-04 19:52:39.063   512  2967 D AudioFlinger: mixer(0xf4740000) throttle end: throttle time(12)
08-04 19:52:39.105  2355  2368 I art     : Explicit concurrent mark sweep GC freed 665(44KB) AllocSpace objects, 0(0B) LOS objects, 8% free, 183MB/199MB, paused 2.666ms total 64.113ms
08-04 19:52:39.130  2355  2368 I art     : Starting a blocking GC Explicit
08-04 19:52:39.194  2355  2368 I art     : Explicit concurrent mark sweep GC freed 428(28KB) AllocSpace objects, 0(0B) LOS objects, 8% free, 183MB/199MB, paused 2.440ms total 63.912ms
08-04 19:52:39.220  2355  2368 I art     : Starting a blocking GC Explicit
08-04 19:52:39.237   518   646 I ThermalEngine: ACTION: GPU - Setting GPU[0] to 450000000
08-04 19:52:39.279  2355  2368 I art     : Explicit concurrent mark sweep GC freed 648(37KB) AllocSpace objects, 0(0B) LOS objects, 8% free, 183MB/199MB, paused 2.018ms total 58.077ms
08-04 19:52:39.549   512  2967 D audio_hw_primary: disable_audio_route: reset and update mixer path: low-latency-playback speaker
08-04 19:52:39.551   512  2967 D audio_hw_primary: disable_snd_device: snd_device(2: speaker)
08-04 19:52:39.558   512  2967 I soundtrigger: audio_extn_sound_trigger_update_device_status: device 0x2 of type 0 for Event 0
08-04 19:52:39.611  2355  2355 I Choreographer: Skipped 34 frames!  The application may be doing too much work on its main thread.
08-04 19:52:39.682  2355  2370 I art     : Starting a blocking GC Explicit
08-04 19:52:39.744  2355  2370 I art     : Explicit concurrent mark sweep GC freed 4566(248KB) AllocSpace objects, 11(292KB) LOS objects, 8% free, 183MB/199MB, paused 1.823ms total 60.835ms
08-04 19:52:39.763  2355  2370 I art     : Starting a blocking GC Explicit
08-04 19:52:39.824  2355  2370 I art     : Explicit concurrent mark sweep GC freed 4693(228KB) AllocSpace objects, 3(200KB) LOS objects, 7% free, 184MB/200MB, paused 2.596ms total 60.834ms
08-04 19:52:39.843  2355  2370 I art     : Starting a blocking GC Explicit
08-04 19:52:39.856  2355  4736 I NAPPA_EXPERIMENTATION: MetricNetworkRequestExecutionTime: REQUEST_DURATION_SYSTEM='827',REQUEST_DURATION_OKHTTP='33',REQUEST_SYNCHRONOUS='FALSE',RESPONSE_CODE='200',RESPONSE_METHOD='GET',RESPONSE_LENGTH_OKHTTP='36',RESPONSE_LENGTH_HEADER='36',REQUEST_PROTOCOL='http/1.1',REQUEST_URL='https://project-travel-mate.herokuapp.com/api/number-of-unread-notifications',
08-04 19:52:39.895  2355  2370 I art     : Explicit concurrent mark sweep GC freed 1337(137KB) AllocSpace objects, 0(0B) LOS objects, 8% free, 183MB/199MB, paused 1.189ms total 51.804ms
08-04 19:52:39.914  2355  2370 I art     : Starting a blocking GC Explicit
08-04 19:52:39.968  2355  2370 I art     : Explicit concurrent mark sweep GC freed 206(6KB) AllocSpace objects, 0(0B) LOS objects, 8% free, 183MB/199MB, paused 1.294ms total 53.686ms
08-04 19:52:39.986  2355  2370 I art     : Starting a blocking GC Explicit
08-04 19:52:40.041  2355  2370 I art     : Explicit concurrent mark sweep GC freed 136(2912B) AllocSpace objects, 0(0B) LOS objects, 8% free, 183MB/199MB, paused 1.283ms total 53.951ms
08-04 19:52:40.435  2355  2377 I art     : Starting a blocking GC Explicit
08-04 19:52:40.494  2355  2377 I art     : Explicit concurrent mark sweep GC freed 2197(100KB) AllocSpace objects, 2(52KB) LOS objects, 8% free, 183MB/199MB, paused 1.281ms total 57.399ms
08-04 19:52:40.514  2355  2377 I art     : Starting a blocking GC Explicit
08-04 19:52:40.567  2355  2377 I art     : Explicit concurrent mark sweep GC freed 123(2576B) AllocSpace objects, 0(0B) LOS objects, 8% free, 183MB/199MB, paused 1.225ms total 52.945ms
08-04 19:52:40.586  2355  2377 I art     : Starting a blocking GC Explicit
08-04 19:52:40.641  2355  2377 I art     : Explicit concurrent mark sweep GC freed 111(1920B) AllocSpace objects, 0(0B) LOS objects, 8% free, 183MB/199MB, paused 1.461ms total 54.598ms
08-04 19:52:40.660  2355  2377 I art     : Starting a blocking GC Explicit
08-04 19:52:40.716  2355  2377 I art     : Explicit concurrent mark sweep GC freed 120(2192B) AllocSpace objects, 0(0B) LOS objects, 8% free, 183MB/199MB, paused 1.263ms total 56.033ms
08-04 19:52:40.737  2355  2377 I art     : Starting a blocking GC Explicit
08-04 19:52:40.791  2355  2377 I art     : Explicit concurrent mark sweep GC freed 106(1920B) AllocSpace objects, 0(0B) LOS objects, 8% free, 183MB/199MB, paused 1.803ms total 54.284ms
08-04 19:52:41.220  2355  2368 I art     : Starting a blocking GC Explicit
08-04 19:52:41.298  2355  2368 I art     : Explicit concurrent mark sweep GC freed 2366(104KB) AllocSpace objects, 2(52KB) LOS objects, 8% free, 183MB/199MB, paused 1.287ms total 77.089ms
08-04 19:52:41.317  2355  2368 I art     : Starting a blocking GC Explicit
08-04 19:52:41.369  2355  2368 I art     : Explicit concurrent mark sweep GC freed 123(2576B) AllocSpace objects, 0(0B) LOS objects, 8% free, 183MB/199MB, paused 1.328ms total 51.921ms
08-04 19:52:41.388  2355  2368 I art     : Starting a blocking GC Explicit
08-04 19:52:41.443  2355  2368 I art     : Explicit concurrent mark sweep GC freed 122(2064B) AllocSpace objects, 0(0B) LOS objects, 8% free, 183MB/199MB, paused 1.315ms total 54.612ms
08-04 19:52:41.462  2355  2368 I art     : Starting a blocking GC Explicit
08-04 19:52:41.520  2355  2368 I art     : Explicit concurrent mark sweep GC freed 100(1728B) AllocSpace objects, 0(0B) LOS objects, 8% free, 183MB/199MB, paused 1.269ms total 57.905ms
08-04 19:52:41.539  2355  2368 I art     : Starting a blocking GC Explicit
08-04 19:52:41.597  2355  2368 I art     : Explicit concurrent mark sweep GC freed 122(2064B) AllocSpace objects, 0(0B) LOS objects, 8% free, 183MB/199MB, paused 1.316ms total 57.492ms
08-04 19:52:41.779  4771  4771 D AndroidRuntime: >>>>>> START com.android.internal.os.RuntimeInit uid 2000 <<<<<<
08-04 19:52:41.786  4771  4771 D AndroidRuntime: CheckJNI is OFF
08-04 19:52:41.827  4771  4771 D ICU     : No timezone override file found: /data/misc/zoneinfo/current/icu/icu_tzdata.dat
08-04 19:52:41.869  4771  4771 I Radio-JNI: register_android_hardware_Radio DONE
08-04 19:52:41.900  4771  4771 D AndroidRuntime: Calling main entry com.android.commands.input.Input
08-04 19:52:41.902  4771  4771 I Input   : injectMotionEvent: MotionEvent { action=ACTION_DOWN, actionButton=0, id[0]=0, x[0]=117.0, y[0]=170.0, toolType[0]=TOOL_TYPE_UNKNOWN, buttonState=0, metaState=0, flags=0x0, edgeFlags=0x0, pointerCount=1, historySize=0, eventTime=733978315, downTime=733978315, deviceId=0, source=0x1002 }
08-04 19:52:41.908  4771  4771 I Input   : injectMotionEvent: MotionEvent { action=ACTION_UP, actionButton=0, id[0]=0, x[0]=117.0, y[0]=170.0, toolType[0]=TOOL_TYPE_UNKNOWN, buttonState=0, metaState=0, flags=0x0, edgeFlags=0x0, pointerCount=1, historySize=0, eventTime=733978315, downTime=733978315, deviceId=0, source=0x1002 }
08-04 19:52:41.910  4771  4771 D AndroidRuntime: Shutting down VM
08-04 19:52:41.924   512  2967 D audio_hw_primary: out_set_parameters: enter: usecase(1: low-latency-playback) kvpairs: routing=2
08-04 19:52:41.938   512  2967 D audio_hw_primary: select_devices: out_snd_device(2: speaker) in_snd_device(0: none)
08-04 19:52:41.939   512  2967 D msm8974_platform: platform_send_audio_calibration: sending audio calibration for snd_device(2) acdb_id(15)
08-04 19:52:41.939   512  2967 I soundtrigger: audio_extn_sound_trigger_update_device_status: device 0x2 of type 0 for Event 1
08-04 19:52:41.949   512  2967 D audio_hw_primary: enable_snd_device: snd_device(2: speaker)
08-04 19:52:41.952   512  2967 D audio_hw_primary: enable_audio_route: apply and update mixer path: low-latency-playback speaker
08-04 19:52:42.015  2355  2778 I art     : Starting a blocking GC Explicit
08-04 19:52:42.076  2355  2778 I art     : Explicit concurrent mark sweep GC freed 2737(124KB) AllocSpace objects, 2(52KB) LOS objects, 7% free, 184MB/200MB, paused 1.454ms total 60.919ms
08-04 19:52:42.095  2355  2778 I art     : Starting a blocking GC Explicit
08-04 19:52:42.149  2355  2778 I art     : Explicit concurrent mark sweep GC freed 164(4KB) AllocSpace objects, 0(0B) LOS objects, 7% free, 184MB/200MB, paused 1.279ms total 53.633ms
08-04 19:52:42.168  2355  2778 I art     : Starting a blocking GC Explicit
08-04 19:52:42.217  2355  2778 I art     : Explicit concurrent mark sweep GC freed 101(1760B) AllocSpace objects, 0(0B) LOS objects, 7% free, 184MB/200MB, paused 1.116ms total 48.721ms
08-04 19:52:42.235  2355  2778 I art     : Starting a blocking GC Explicit
08-04 19:52:42.283  2355  2778 I art     : Explicit concurrent mark sweep GC freed 99(1696B) AllocSpace objects, 0(0B) LOS objects, 7% free, 184MB/200MB, paused 1.167ms total 47.910ms
08-04 19:52:42.301  2355  2778 I art     : Starting a blocking GC Explicit
08-04 19:52:42.351  2355  2778 I art     : Explicit concurrent mark sweep GC freed 107(1984B) AllocSpace objects, 0(0B) LOS objects, 7% free, 184MB/200MB, paused 1.269ms total 48.974ms
08-04 19:52:42.489   512  2967 D audio_hw_primary: disable_audio_route: reset and update mixer path: low-latency-playback speaker
08-04 19:52:42.490   512  2967 D audio_hw_primary: disable_snd_device: snd_device(2: speaker)
08-04 19:52:42.498   512  2967 I soundtrigger: audio_extn_sound_trigger_update_device_status: device 0x2 of type 0 for Event 0
08-04 19:52:42.662  4794  4794 D AndroidRuntime: >>>>>> START com.android.internal.os.RuntimeInit uid 2000 <<<<<<
08-04 19:52:42.667  4794  4794 D AndroidRuntime: CheckJNI is OFF
08-04 19:52:42.710  4794  4794 D ICU     : No timezone override file found: /data/misc/zoneinfo/current/icu/icu_tzdata.dat
08-04 19:52:42.742  2355  2377 I art     : Starting a blocking GC Explicit
08-04 19:52:42.753  4794  4794 I Radio-JNI: register_android_hardware_Radio DONE
08-04 19:52:42.783  4794  4794 D AndroidRuntime: Calling main entry com.android.commands.input.Input
08-04 19:52:42.785  4794  4794 I Input   : injectMotionEvent: MotionEvent { action=ACTION_DOWN, actionButton=0, id[0]=0, x[0]=355.0, y[0]=1674.0, toolType[0]=TOOL_TYPE_UNKNOWN, buttonState=0, metaState=0, flags=0x0, edgeFlags=0x0, pointerCount=1, historySize=0, eventTime=733979197, downTime=733979197, deviceId=0, source=0x1002 }
08-04 19:52:42.789  4794  4794 I Input   : injectMotionEvent: MotionEvent { action=ACTION_UP, actionButton=0, id[0]=0, x[0]=355.0, y[0]=1674.0, toolType[0]=TOOL_TYPE_UNKNOWN, buttonState=0, metaState=0, flags=0x0, edgeFlags=0x0, pointerCount=1, historySize=0, eventTime=733979197, downTime=733979197, deviceId=0, source=0x1002 }
08-04 19:52:42.791  4794  4794 D AndroidRuntime: Shutting down VM
08-04 19:52:42.799  2355  2377 I art     : Explicit concurrent mark sweep GC freed 2216(101KB) AllocSpace objects, 2(52KB) LOS objects, 7% free, 184MB/200MB, paused 1.369ms total 55.813ms
08-04 19:52:42.812   512  2967 D audio_hw_primary: out_set_parameters: enter: usecase(1: low-latency-playback) kvpairs: routing=2
08-04 19:52:42.819  2355  2377 I art     : Starting a blocking GC Explicit
08-04 19:52:42.822  2355  2355 V MainActivity: url = https://project-travel-mate.herokuapp.com/api/number-of-unread-notifications
08-04 19:52:42.825   512  2967 D audio_hw_primary: select_devices: out_snd_device(2: speaker) in_snd_device(0: none)
08-04 19:52:42.826   512  2967 D msm8974_platform: platform_send_audio_calibration: sending audio calibration for snd_device(2) acdb_id(15)
08-04 19:52:42.826   512  2967 I soundtrigger: audio_extn_sound_trigger_update_device_status: device 0x2 of type 0 for Event 1
08-04 19:52:42.837   512  2967 D audio_hw_primary: enable_snd_device: snd_device(2: speaker)
08-04 19:52:42.839   512  2967 D audio_hw_primary: enable_audio_route: apply and update mixer path: low-latency-playback speaker
08-04 19:52:42.873  2355  2377 I art     : Explicit concurrent mark sweep GC freed 1440(58KB) AllocSpace objects, 0(0B) LOS objects, 7% free, 184MB/200MB, paused 1.900ms total 54.321ms
08-04 19:52:42.880   512  2967 D AudioFlinger: mixer(0xf4740000) throttle end: throttle time(12)
08-04 19:52:42.892  2355  2377 I art     : Starting a blocking GC Explicit
08-04 19:52:42.945  2355  2377 I art     : Explicit concurrent mark sweep GC freed 2437(178KB) AllocSpace objects, 0(0B) LOS objects, 7% free, 184MB/200MB, paused 1.403ms total 52.327ms
08-04 19:52:42.963  2355  2377 I art     : Starting a blocking GC Explicit
08-04 19:52:43.014  2355  2377 I art     : Explicit concurrent mark sweep GC freed 750(44KB) AllocSpace objects, 9(252KB) LOS objects, 7% free, 184MB/200MB, paused 1.291ms total 50.682ms
08-04 19:52:43.032  2355  2377 I art     : Starting a blocking GC Explicit
08-04 19:52:43.079  2355  2377 I art     : Explicit concurrent mark sweep GC freed 3(96B) AllocSpace objects, 0(0B) LOS objects, 7% free, 184MB/200MB, paused 1.213ms total 46.870ms
08-04 19:52:43.079  2355  2367 I art     : WaitForGcToComplete blocked for 6.017ms for cause HeapTrim
08-04 19:52:43.368   512  2967 D audio_hw_primary: disable_audio_route: reset and update mixer path: low-latency-playback speaker
08-04 19:52:43.370   512  2967 D audio_hw_primary: disable_snd_device: snd_device(2: speaker)
08-04 19:52:43.378   512  2967 I soundtrigger: audio_extn_sound_trigger_update_device_status: device 0x2 of type 0 for Event 0
08-04 19:52:43.458  2355  2370 I art     : Starting a blocking GC Explicit
08-04 19:52:43.520  2355  2370 I art     : Explicit concurrent mark sweep GC freed 1573(90KB) AllocSpace objects, 2(48KB) LOS objects, 7% free, 184MB/200MB, paused 1.446ms total 61.436ms
08-04 19:52:43.544  2355  2370 I art     : Starting a blocking GC Explicit
08-04 19:52:43.601  2355  2370 I art     : Explicit concurrent mark sweep GC freed 2397(125KB) AllocSpace objects, 3(200KB) LOS objects, 7% free, 184MB/200MB, paused 1.895ms total 56.744ms
08-04 19:52:43.620  2355  2370 I art     : Starting a blocking GC Explicit
08-04 19:52:43.634  2355  4816 I NAPPA_EXPERIMENTATION: MetricNetworkRequestExecutionTime: REQUEST_DURATION_SYSTEM='809',REQUEST_DURATION_OKHTTP='30',REQUEST_SYNCHRONOUS='FALSE',RESPONSE_CODE='200',RESPONSE_METHOD='GET',RESPONSE_LENGTH_OKHTTP='36',RESPONSE_LENGTH_HEADER='36',REQUEST_PROTOCOL='http/1.1',REQUEST_URL='https://project-travel-mate.herokuapp.com/api/number-of-unread-notifications',
08-04 19:52:43.674  2355  2370 I art     : Explicit concurrent mark sweep GC freed 1254(134KB) AllocSpace objects, 0(0B) LOS objects, 7% free, 184MB/200MB, paused 1.410ms total 53.411ms
08-04 19:52:43.693  2355  2370 I art     : Starting a blocking GC Explicit
08-04 19:52:43.750  2355  2370 I art     : Explicit concurrent mark sweep GC freed 124(5KB) AllocSpace objects, 0(0B) LOS objects, 7% free, 184MB/200MB, paused 1.300ms total 56.833ms
08-04 19:52:43.770  2355  2370 I art     : Starting a blocking GC Explicit
08-04 19:52:43.798   950   950 I ServiceManager: Waiting for service AtCmdFwd...
08-04 19:52:43.831  2355  2370 I art     : Explicit concurrent mark sweep GC freed 34(928B) AllocSpace objects, 0(0B) LOS objects, 7% free, 184MB/200MB, paused 1.361ms total 61.098ms
08-04 19:52:44.254  2355  2368 I art     : Starting a blocking GC Explicit
08-04 19:52:44.329  2355  2368 I art     : Explicit concurrent mark sweep GC freed 1549(89KB) AllocSpace objects, 2(48KB) LOS objects, 7% free, 184MB/200MB, paused 1.673ms total 74.506ms
08-04 19:52:44.351  2355  2368 I art     : Starting a blocking GC Explicit
08-04 19:52:44.412  2355  2368 I art     : Explicit concurrent mark sweep GC freed 26(944B) AllocSpace objects, 0(0B) LOS objects, 7% free, 184MB/200MB, paused 1.267ms total 60.777ms
08-04 19:52:44.434  2355  2368 I art     : Starting a blocking GC Explicit
08-04 19:52:44.500  2355  2368 I art     : Explicit concurrent mark sweep GC freed 12(384B) AllocSpace objects, 0(0B) LOS objects, 7% free, 184MB/200MB, paused 1.357ms total 66.410ms
08-04 19:52:44.520  2355  2368 I art     : Starting a blocking GC Explicit
08-04 19:52:44.577  2355  2368 I art     : Explicit concurrent mark sweep GC freed 12(384B) AllocSpace objects, 0(0B) LOS objects, 7% free, 184MB/200MB, paused 1.189ms total 56.964ms
08-04 19:52:44.598  2355  2368 I art     : Starting a blocking GC Explicit
08-04 19:52:44.658  2355  2368 I art     : Explicit concurrent mark sweep GC freed 12(384B) AllocSpace objects, 0(0B) LOS objects, 7% free, 184MB/200MB, paused 1.238ms total 60.132ms
08-04 19:52:44.798   950   950 I ServiceManager: Waiting for service AtCmdFwd...
08-04 19:52:45.091  2355  2778 I art     : Starting a blocking GC Explicit
08-04 19:52:45.155  2355  2778 I art     : Explicit concurrent mark sweep GC freed 1595(91KB) AllocSpace objects, 2(48KB) LOS objects, 7% free, 184MB/200MB, paused 1.325ms total 63.386ms
08-04 19:52:45.175  2355  2778 I art     : Starting a blocking GC Explicit
08-04 19:52:45.235  2355  2778 I art     : Explicit concurrent mark sweep GC freed 46(2000B) AllocSpace objects, 0(0B) LOS objects, 7% free, 184MB/200MB, paused 1.208ms total 59.824ms
08-04 19:52:45.254  2355  2778 I art     : Starting a blocking GC Explicit
08-04 19:52:45.312  2355  2778 I art     : Explicit concurrent mark sweep GC freed 3(96B) AllocSpace objects, 0(0B) LOS objects, 7% free, 184MB/200MB, paused 1.333ms total 58.598ms
08-04 19:52:45.332  2355  2778 I art     : Starting a blocking GC Explicit
08-04 19:52:45.391  2355  2778 I art     : Explicit concurrent mark sweep GC freed 3(96B) AllocSpace objects, 0(0B) LOS objects, 7% free, 184MB/200MB, paused 1.350ms total 59.211ms
08-04 19:52:45.410  2355  2778 I art     : Starting a blocking GC Explicit
08-04 19:52:45.470  2355  2778 I art     : Explicit concurrent mark sweep GC freed 3(96B) AllocSpace objects, 0(0B) LOS objects, 7% free, 184MB/200MB, paused 1.346ms total 59.839ms
08-04 19:52:45.595  4850  4850 D AndroidRuntime: >>>>>> START com.android.internal.os.RuntimeInit uid 2000 <<<<<<
08-04 19:52:45.603  4850  4850 D AndroidRuntime: CheckJNI is OFF
08-04 19:52:45.647  4850  4850 D ICU     : No timezone override file found: /data/misc/zoneinfo/current/icu/icu_tzdata.dat
08-04 19:52:45.691  4850  4850 I Radio-JNI: register_android_hardware_Radio DONE
08-04 19:52:45.720  4850  4850 D AndroidRuntime: Calling main entry com.android.commands.input.Input
08-04 19:52:45.723  4850  4850 I Input   : injectMotionEvent: MotionEvent { action=ACTION_DOWN, actionButton=0, id[0]=0, x[0]=747.0, y[0]=608.0, toolType[0]=TOOL_TYPE_UNKNOWN, buttonState=0, metaState=0, flags=0x0, edgeFlags=0x0, pointerCount=1, historySize=0, eventTime=733982135, downTime=733982135, deviceId=0, source=0x1002 }
08-04 19:52:45.729  4850  4850 I Input   : injectMotionEvent: MotionEvent { action=ACTION_UP, actionButton=0, id[0]=0, x[0]=747.0, y[0]=608.0, toolType[0]=TOOL_TYPE_UNKNOWN, buttonState=0, metaState=0, flags=0x0, edgeFlags=0x0, pointerCount=1, historySize=0, eventTime=733982135, downTime=733982135, deviceId=0, source=0x1002 }
08-04 19:52:45.732   918  3696 I ActivityManager: START u0 {cmp=baseline.io.github.project_travel_mate/.utilities.ChecklistActivity} from uid 10650 on display 0
08-04 19:52:45.735   512  2967 D audio_hw_primary: out_set_parameters: enter: usecase(1: low-latency-playback) kvpairs: routing=2
08-04 19:52:45.736  4850  4850 D AndroidRuntime: Shutting down VM
08-04 19:52:45.748   512  2967 D audio_hw_primary: select_devices: out_snd_device(2: speaker) in_snd_device(0: none)
08-04 19:52:45.748   512  2967 D msm8974_platform: platform_send_audio_calibration: sending audio calibration for snd_device(2) acdb_id(15)
08-04 19:52:45.748   512  2967 I soundtrigger: audio_extn_sound_trigger_update_device_status: device 0x2 of type 0 for Event 1
08-04 19:52:45.761   512  2967 D audio_hw_primary: enable_snd_device: snd_device(2: speaker)
08-04 19:52:45.763   512  2967 D audio_hw_primary: enable_audio_route: apply and update mixer path: low-latency-playback speaker
08-04 19:52:45.799   950   950 I ServiceManager: Waiting for service AtCmdFwd...
08-04 19:52:45.838   918   936 I ActivityManager: Displayed baseline.io.github.project_travel_mate/.utilities.ChecklistActivity: +96ms
08-04 19:52:45.838 13866 13866 I GoogleInputMethodServic: GoogleInputMethodService.onFinishInput():3138 
08-04 19:52:45.839 13866 13866 I GoogleInputMethodServic: GoogleInputMethodService.onStartInput():1808 
08-04 19:52:45.912  2355  2778 I art     : Starting a blocking GC Explicit
08-04 19:52:45.976  2355  2778 I art     : Explicit concurrent mark sweep GC freed 2516(146KB) AllocSpace objects, 2(48KB) LOS objects, 7% free, 184MB/200MB, paused 1.433ms total 63.306ms
08-04 19:52:46.000  2355  2778 I art     : Starting a blocking GC Explicit
08-04 19:52:46.073  2355  2778 I art     : Explicit concurrent mark sweep GC freed 332(14KB) AllocSpace objects, 0(0B) LOS objects, 7% free, 184MB/200MB, paused 1.399ms total 72.760ms
08-04 19:52:46.075   380   380 W SurfaceFlinger: couldn't log to binary event log: overflow.
08-04 19:52:46.095  2355  2778 I art     : Starting a blocking GC Explicit
08-04 19:52:46.144  2355  2778 I art     : Explicit concurrent mark sweep GC freed 3(96B) AllocSpace objects, 0(0B) LOS objects, 7% free, 184MB/200MB, paused 1.161ms total 48.222ms
08-04 19:52:46.162  2355  2778 I art     : Starting a blocking GC Explicit
08-04 19:52:46.217  2355  2778 I art     : Explicit concurrent mark sweep GC freed 51(1632B) AllocSpace objects, 0(0B) LOS objects, 7% free, 184MB/200MB, paused 1.427ms total 54.763ms
08-04 19:52:46.237  2355  2778 I art     : Starting a blocking GC Explicit
08-04 19:52:46.292  2355  2778 I art     : Explicit concurrent mark sweep GC freed 20(800B) AllocSpace objects, 0(0B) LOS objects, 7% free, 184MB/200MB, paused 1.321ms total 54.493ms
08-04 19:52:46.298   512  2967 D audio_hw_primary: disable_audio_route: reset and update mixer path: low-latency-playback speaker
08-04 19:52:46.300   512  2967 D audio_hw_primary: disable_snd_device: snd_device(2: speaker)
08-04 19:52:46.308   512  2967 I soundtrigger: audio_extn_sound_trigger_update_device_status: device 0x2 of type 0 for Event 0
08-04 19:52:46.706   918  3261 D WifiStateMachine: starting scan for "H369AA63323"WPA_PSK with 2412,5180
08-04 19:52:46.713  2355  2368 I art     : Starting a blocking GC Explicit
08-04 19:52:46.788  2355  2368 I art     : Explicit concurrent mark sweep GC freed 1608(92KB) AllocSpace objects, 2(48KB) LOS objects, 7% free, 184MB/200MB, paused 1.546ms total 74.845ms
08-04 19:52:46.799   950   950 I ServiceManager: Waiting for service AtCmdFwd...
08-04 19:52:46.808  2355  2368 I art     : Starting a blocking GC Explicit
08-04 19:52:46.866  2355  2368 I art     : Explicit concurrent mark sweep GC freed 65(2016B) AllocSpace objects, 0(0B) LOS objects, 7% free, 184MB/200MB, paused 1.291ms total 58.262ms
08-04 19:52:46.886  2355  2368 I art     : Starting a blocking GC Explicit
08-04 19:52:46.944  2355  2368 I art     : Explicit concurrent mark sweep GC freed 3(96B) AllocSpace objects, 0(0B) LOS objects, 7% free, 184MB/200MB, paused 1.426ms total 58.443ms
08-04 19:52:46.967  2355  2368 I art     : Starting a blocking GC Explicit
08-04 19:52:47.026  2355  2368 I art     : Explicit concurrent mark sweep GC freed 3(96B) AllocSpace objects, 0(0B) LOS objects, 7% free, 184MB/200MB, paused 1.402ms total 58.524ms
08-04 19:52:47.050  2355  2368 I art     : Starting a blocking GC Explicit
08-04 19:52:47.111  2355  2368 I art     : Explicit concurrent mark sweep GC freed 3(96B) AllocSpace objects, 0(0B) LOS objects, 7% free, 184MB/200MB, paused 1.440ms total 60.936ms
08-04 19:52:47.529  2355  2370 I art     : Starting a blocking GC Explicit
08-04 19:52:47.606  2355  2370 I art     : Explicit concurrent mark sweep GC freed 1586(92KB) AllocSpace objects, 2(48KB) LOS objects, 7% free, 184MB/200MB, paused 1.372ms total 76.251ms
08-04 19:52:47.628  2355  2370 I art     : Starting a blocking GC Explicit
08-04 19:52:47.692  2355  2370 I art     : Explicit concurrent mark sweep GC freed 39(1648B) AllocSpace objects, 0(0B) LOS objects, 7% free, 184MB/200MB, paused 1.365ms total 63.988ms
08-04 19:52:47.712  2355  2370 I art     : Starting a blocking GC Explicit
08-04 19:52:47.775  2355  2370 I art     : Explicit concurrent mark sweep GC freed 14(672B) AllocSpace objects, 0(0B) LOS objects, 7% free, 184MB/200MB, paused 1.326ms total 62.850ms
08-04 19:52:47.795  2355  2370 I art     : Starting a blocking GC Explicit
08-04 19:52:47.800   950   950 I ServiceManager: Waiting for service AtCmdFwd...
08-04 19:52:47.859  2355  2370 I art     : Explicit concurrent mark sweep GC freed 50(1632B) AllocSpace objects, 0(0B) LOS objects, 7% free, 184MB/200MB, paused 1.499ms total 63.349ms
08-04 19:52:47.882  2355  2370 I art     : Starting a blocking GC Explicit
08-04 19:52:47.950  2355  2370 I art     : Explicit concurrent mark sweep GC freed 3(96B) AllocSpace objects, 0(0B) LOS objects, 7% free, 184MB/200MB, paused 1.497ms total 67.542ms
08-04 19:52:48.400  2355  2377 I art     : Starting a blocking GC Explicit
08-04 19:52:48.482  2355  2377 I art     : Explicit concurrent mark sweep GC freed 1586(92KB) AllocSpace objects, 2(48KB) LOS objects, 7% free, 184MB/200MB, paused 1.445ms total 80.629ms
08-04 19:52:48.505  2355  2377 I art     : Starting a blocking GC Explicit
08-04 19:52:48.568  2355  2377 I art     : Explicit concurrent mark sweep GC freed 28(1024B) AllocSpace objects, 0(0B) LOS objects, 7% free, 184MB/200MB, paused 1.454ms total 63.320ms
08-04 19:52:48.569  2355  2367 I art     : WaitForGcToComplete blocked for 47.829ms for cause HeapTrim
08-04 19:52:48.588  2355  2377 I art     : Starting a blocking GC Explicit
08-04 19:52:48.650  2355  2377 I art     : Explicit concurrent mark sweep GC freed 3(96B) AllocSpace objects, 0(0B) LOS objects, 7% free, 184MB/200MB, paused 1.515ms total 62.028ms
08-04 19:52:48.670  2355  2377 I art     : Starting a blocking GC Explicit
08-04 19:52:48.738  2355  2377 I art     : Explicit concurrent mark sweep GC freed 9(496B) AllocSpace objects, 0(0B) LOS objects, 7% free, 184MB/200MB, paused 1.440ms total 67.375ms
08-04 19:52:48.759  2355  2377 I art     : Starting a blocking GC Explicit
08-04 19:52:48.800   950   950 W Atfwd_Sendcmd: AtCmdFwd service not published, waiting... retryCnt : 3
08-04 19:52:48.824  2355  2377 I art     : Explicit concurrent mark sweep GC freed 52(1664B) AllocSpace objects, 0(0B) LOS objects, 7% free, 184MB/200MB, paused 1.343ms total 64.653ms
08-04 19:52:49.281  2355  2778 I art     : Starting a blocking GC Explicit
08-04 19:52:49.366  2355  2778 I art     : Explicit concurrent mark sweep GC freed 1588(92KB) AllocSpace objects, 2(48KB) LOS objects, 7% free, 184MB/200MB, paused 1.382ms total 83.506ms
08-04 19:52:49.389  2355  2778 I art     : Starting a blocking GC Explicit
08-04 19:52:49.452  2355  2778 I art     : Explicit concurrent mark sweep GC freed 28(1024B) AllocSpace objects, 0(0B) LOS objects, 7% free, 184MB/200MB, paused 1.312ms total 62.500ms
08-04 19:52:49.475  2355  2778 I art     : Starting a blocking GC Explicit
08-04 19:52:49.538  2355  2778 I art     : Explicit concurrent mark sweep GC freed 3(96B) AllocSpace objects, 0(0B) LOS objects, 7% free, 184MB/200MB, paused 1.489ms total 62.847ms
08-04 19:52:49.558  2355  2778 I art     : Starting a blocking GC Explicit
08-04 19:52:49.626  2355  2778 I art     : Explicit concurrent mark sweep GC freed 3(96B) AllocSpace objects, 0(0B) LOS objects, 7% free, 184MB/200MB, paused 1.315ms total 67.687ms
08-04 19:52:49.648  2355  2778 I art     : Starting a blocking GC Explicit
08-04 19:52:49.713  2355  2778 I art     : Explicit concurrent mark sweep GC freed 3(96B) AllocSpace objects, 0(0B) LOS objects, 7% free, 184MB/200MB, paused 1.364ms total 64.230ms
08-04 19:52:50.143  2355  2368 I art     : Starting a blocking GC Explicit
08-04 19:52:50.211  2355  2368 I art     : Explicit concurrent mark sweep GC freed 1624(93KB) AllocSpace objects, 2(48KB) LOS objects, 7% free, 184MB/200MB, paused 1.398ms total 67.626ms
08-04 19:52:50.230  2355  2368 I art     : Starting a blocking GC Explicit
08-04 19:52:50.290  2355  2368 I art     : Explicit concurrent mark sweep GC freed 28(1024B) AllocSpace objects, 0(0B) LOS objects, 7% free, 184MB/200MB, paused 1.415ms total 59.447ms
08-04 19:52:50.310  2355  2368 I art     : Starting a blocking GC Explicit
08-04 19:52:50.369  2355  2368 I art     : Explicit concurrent mark sweep GC freed 3(96B) AllocSpace objects, 0(0B) LOS objects, 7% free, 184MB/200MB, paused 1.319ms total 58.721ms
08-04 19:52:50.388  2355  2368 I art     : Starting a blocking GC Explicit
08-04 19:52:50.451  2355  2368 I art     : Explicit concurrent mark sweep GC freed 3(96B) AllocSpace objects, 0(0B) LOS objects, 7% free, 184MB/200MB, paused 1.400ms total 61.918ms
08-04 19:52:50.470  2355  2368 I art     : Starting a blocking GC Explicit
08-04 19:52:50.530  2355  2368 I art     : Explicit concurrent mark sweep GC freed 3(96B) AllocSpace objects, 0(0B) LOS objects, 7% free, 184MB/200MB, paused 1.418ms total 59.648ms
08-04 19:52:50.545  4930  4930 D AndroidRuntime: >>>>>> START com.android.internal.os.RuntimeInit uid 2000 <<<<<<
08-04 19:52:50.551  4930  4930 D AndroidRuntime: CheckJNI is OFF
08-04 19:52:50.595  4930  4930 D ICU     : No timezone override file found: /data/misc/zoneinfo/current/icu/icu_tzdata.dat
08-04 19:52:50.641  4930  4930 I Radio-JNI: register_android_hardware_Radio DONE
08-04 19:52:50.672  4930  4930 D AndroidRuntime: Calling main entry com.android.commands.input.Input
08-04 19:52:50.676  4930  4930 I Input   : injectKeyEvent: KeyEvent { action=ACTION_DOWN, keyCode=KEYCODE_BACK, scanCode=0, metaState=0, flags=0x0, repeatCount=0, eventTime=733987088, downTime=733987088, deviceId=-1, source=0x101 }
08-04 19:52:50.684  4930  4930 I Input   : injectKeyEvent: KeyEvent { action=ACTION_UP, keyCode=KEYCODE_BACK, scanCode=0, metaState=0, flags=0x0, repeatCount=0, eventTime=733987088, downTime=733987088, deviceId=-1, source=0x101 }
08-04 19:52:50.692  4930  4930 D AndroidRuntime: Shutting down VM
08-04 19:52:50.712  2355  2355 V MainActivity: url = https://project-travel-mate.herokuapp.com/api/number-of-unread-notifications
08-04 19:52:50.745 13866 13866 I GoogleInputMethodServic: GoogleInputMethodService.onFinishInput():3138 
08-04 19:52:50.749 13866 13866 I GoogleInputMethodServic: GoogleInputMethodService.onStartInput():1808 
08-04 19:52:50.930  2355  2377 I art     : Starting a blocking GC Explicit
08-04 19:52:50.981  2355  2377 I art     : Explicit concurrent mark sweep GC freed 2155(117KB) AllocSpace objects, 2(48KB) LOS objects, 7% free, 184MB/200MB, paused 1.257ms total 50.489ms
08-04 19:52:51.000  2355  2377 I art     : Starting a blocking GC Explicit
08-04 19:52:51.046   380   380 W SurfaceFlinger: couldn't log to binary event log: overflow.
08-04 19:52:51.049  2355  2377 I art     : Explicit concurrent mark sweep GC freed 166(6KB) AllocSpace objects, 0(0B) LOS objects, 7% free, 184MB/200MB, paused 1.542ms total 49.366ms
08-04 19:52:51.068  2355  2377 I art     : Starting a blocking GC Explicit
08-04 19:52:51.121  2355  2377 I art     : Explicit concurrent mark sweep GC freed 337(15KB) AllocSpace objects, 0(0B) LOS objects, 7% free, 184MB/200MB, paused 1.323ms total 52.837ms
08-04 19:52:51.139  2355  2377 I art     : Starting a blocking GC Explicit
08-04 19:52:51.191  2355  2377 I art     : Explicit concurrent mark sweep GC freed 131(6KB) AllocSpace objects, 0(0B) LOS objects, 7% free, 184MB/200MB, paused 1.347ms total 51.976ms
08-04 19:52:51.211  2355  2377 I art     : Starting a blocking GC Explicit
08-04 19:52:51.267  2355  2377 I art     : Explicit concurrent mark sweep GC freed 3(96B) AllocSpace objects, 0(0B) LOS objects, 7% free, 184MB/200MB, paused 1.429ms total 55.914ms
08-04 19:52:51.528  2355  4948 I NAPPA_EXPERIMENTATION: MetricNetworkRequestExecutionTime: REQUEST_DURATION_SYSTEM='814',REQUEST_DURATION_OKHTTP='31',REQUEST_SYNCHRONOUS='FALSE',RESPONSE_CODE='200',RESPONSE_METHOD='GET',RESPONSE_LENGTH_OKHTTP='36',RESPONSE_LENGTH_HEADER='36',REQUEST_PROTOCOL='http/1.1',REQUEST_URL='https://project-travel-mate.herokuapp.com/api/number-of-unread-notifications',
08-04 19:52:51.689  2355  2778 I art     : Starting a blocking GC Explicit
08-04 19:52:51.764  2355  2778 I art     : Explicit concurrent mark sweep GC freed 4406(241KB) AllocSpace objects, 5(248KB) LOS objects, 7% free, 184MB/200MB, paused 1.663ms total 74.487ms
08-04 19:52:51.787  2355  2778 I art     : Starting a blocking GC Explicit
08-04 19:52:51.850  2355  2778 I art     : Explicit concurrent mark sweep GC freed 1010(118KB) AllocSpace objects, 0(0B) LOS objects, 7% free, 184MB/200MB, paused 1.828ms total 62.054ms
08-04 19:52:51.872  2355  2778 I art     : Starting a blocking GC Explicit
08-04 19:52:51.930  2355  2778 I art     : Explicit concurrent mark sweep GC freed 3(96B) AllocSpace objects, 0(0B) LOS objects, 7% free, 184MB/200MB, paused 1.286ms total 58.130ms
08-04 19:52:51.949  2355  2778 I art     : Starting a blocking GC Explicit
08-04 19:52:52.005  2355  2778 I art     : Explicit concurrent mark sweep GC freed 3(96B) AllocSpace objects, 0(0B) LOS objects, 7% free, 184MB/200MB, paused 1.309ms total 55.368ms
08-04 19:52:52.024  2355  2778 I art     : Starting a blocking GC Explicit
08-04 19:52:52.080  2355  2778 I art     : Explicit concurrent mark sweep GC freed 3(96B) AllocSpace objects, 0(0B) LOS objects, 7% free, 184MB/200MB, paused 1.396ms total 55.729ms
08-04 19:52:52.470  4966  4966 D AndroidRuntime: >>>>>> START com.android.internal.os.RuntimeInit uid 2000 <<<<<<
08-04 19:52:52.476  4966  4966 D AndroidRuntime: CheckJNI is OFF
08-04 19:52:52.489  2355  2370 I art     : Starting a blocking GC Explicit
08-04 19:52:52.524  4966  4966 D ICU     : No timezone override file found: /data/misc/zoneinfo/current/icu/icu_tzdata.dat
08-04 19:52:52.555  2355  2370 I art     : Explicit concurrent mark sweep GC freed 1612(92KB) AllocSpace objects, 2(48KB) LOS objects, 7% free, 184MB/200MB, paused 1.786ms total 65.069ms
08-04 19:52:52.575  2355  2370 I art     : Starting a blocking GC Explicit
08-04 19:52:52.576  4966  4966 I Radio-JNI: register_android_hardware_Radio DONE
08-04 19:52:52.606  4966  4966 D AndroidRuntime: Calling main entry com.android.commands.input.Input
08-04 19:52:52.609  4966  4966 I Input   : injectMotionEvent: MotionEvent { action=ACTION_DOWN, actionButton=0, id[0]=0, x[0]=657.0, y[0]=2037.0, toolType[0]=TOOL_TYPE_UNKNOWN, buttonState=0, metaState=0, flags=0x0, edgeFlags=0x0, pointerCount=1, historySize=0, eventTime=733989021, downTime=733989021, deviceId=0, source=0x1002 }
08-04 19:52:52.617  4966  4966 I Input   : injectMotionEvent: MotionEvent { action=ACTION_UP, actionButton=0, id[0]=0, x[0]=657.0, y[0]=2037.0, toolType[0]=TOOL_TYPE_UNKNOWN, buttonState=0, metaState=0, flags=0x0, edgeFlags=0x0, pointerCount=1, historySize=0, eventTime=733989021, downTime=733989021, deviceId=0, source=0x1002 }
08-04 19:52:52.619   918  5132 I ActivityManager: START u0 {cmp=baseline.io.github.project_travel_mate/.utilities.CompassActivity} from uid 10650 on display 0
08-04 19:52:52.619  4966  4966 D AndroidRuntime: Shutting down VM
08-04 19:52:52.622   512  2967 D audio_hw_primary: out_set_parameters: enter: usecase(1: low-latency-playback) kvpairs: routing=2
08-04 19:52:52.630  2355  2370 I art     : Explicit concurrent mark sweep GC freed 49(1872B) AllocSpace objects, 0(0B) LOS objects, 7% free, 184MB/200MB, paused 1.351ms total 53.860ms
08-04 19:52:52.635   512  2967 D audio_hw_primary: select_devices: out_snd_device(2: speaker) in_snd_device(0: none)
08-04 19:52:52.636   512  2967 D msm8974_platform: platform_send_audio_calibration: sending audio calibration for snd_device(2) acdb_id(15)
08-04 19:52:52.636   512  2967 I soundtrigger: audio_extn_sound_trigger_update_device_status: device 0x2 of type 0 for Event 1
08-04 19:52:52.649   512  2967 D audio_hw_primary: enable_snd_device: snd_device(2: speaker)
08-04 19:52:52.651   512  2967 D audio_hw_primary: enable_audio_route: apply and update mixer path: low-latency-playback speaker
08-04 19:52:52.652  2355  2370 I art     : Starting a blocking GC Explicit
08-04 19:52:52.701  2355  2370 I art     : Explicit concurrent mark sweep GC freed 334(33KB) AllocSpace objects, 0(0B) LOS objects, 7% free, 184MB/200MB, paused 1.412ms total 48.750ms
08-04 19:52:52.708   918 13197 D NetworkMonitor/NetworkAgentInfo [WIFI () - 158]: Checking http://connectivitycheck.gstatic.com/generate_204 on "H369AA63323", 192.168.2.12=192.168.2.12
08-04 19:52:52.719  2355  2370 I art     : Waiting for a blocking GC Explicit
08-04 19:52:52.728  2355  2370 I art     : WaitForGcToComplete blocked for 9.524ms for cause Explicit
08-04 19:52:52.729  2355  2370 I art     : Starting a blocking GC Explicit
08-04 19:52:52.784  2355  2370 I art     : Explicit concurrent mark sweep GC freed 162(7KB) AllocSpace objects, 0(0B) LOS objects, 6% free, 233MB/249MB, paused 1.317ms total 54.877ms
08-04 19:52:52.784  2355  2367 I art     : WaitForGcToComplete blocked for 55.143ms for cause Background
08-04 19:52:52.802  2355  2370 I art     : Starting a blocking GC Explicit
08-04 19:52:52.812   918 13197 D NetworkMonitor/NetworkAgentInfo [WIFI () - 158]: Probably not a portal: exception java.io.IOException: unexpected end of stream on Connection{connectivitycheck.gstatic.com:80, proxy=HTTP@/192.168.2.12:8080 hostAddress=192.168.2.12 cipherSuite=none protocol=http/1.1} (recycle count=0)
08-04 19:52:52.813   918  3263 D ConnectivityService: NetworkAgentInfo [WIFI () - 158] validation failed
08-04 19:52:52.814   918  3261 E WifiConfigStore:  rewrite network history for "H369AA63323"WPA_PSK
08-04 19:52:52.857  2355  2370 I art     : Explicit concurrent mark sweep GC freed 40(1088B) AllocSpace objects, 0(0B) LOS objects, 6% free, 233MB/249MB, paused 1.437ms total 54.023ms
08-04 19:52:53.179  2355  2355 D CompassActivity: start compass
08-04 19:52:53.181   918  6029 I sensors : batch
08-04 19:52:53.181   918  6029 I sensors : activate
08-04 19:52:53.181   918  6112 I sensors : batch
08-04 19:52:53.181   918  6112 I sensors : activate
08-04 19:52:53.185  2355  2355 I Choreographer: Skipped 32 frames!  The application may be doing too much work on its main thread.
08-04 19:52:53.188   918  3188 I hubconnection: sensorhub said: 'batch 1 flags:0, sampling_rate_Hz:50.00, max_report_latency_us:0'
08-04 19:52:53.189   918  3188 I hubconnection: sensorhub said: 'activate 1 enable:1'
08-04 19:52:53.191   918  3188 I hubconnection: sensorhub said: 'batch 3 flags:0, sampling_rate_Hz:50.00, max_report_latency_us:0'
08-04 19:52:53.192   918  3188 I hubconnection: sensorhub said: 'activate 3 enable:1'
08-04 19:52:53.192   512  2967 D audio_hw_primary: disable_audio_route: reset and update mixer path: low-latency-playback speaker
08-04 19:52:53.194   512  2967 D audio_hw_primary: disable_snd_device: snd_device(2: speaker)
08-04 19:52:53.203   512  2967 I soundtrigger: audio_extn_sound_trigger_update_device_status: device 0x2 of type 0 for Event 0
08-04 19:52:53.239  2355  2368 I art     : Starting a blocking GC Explicit
08-04 19:52:53.246 13866 13866 I GoogleInputMethodServic: GoogleInputMethodService.onFinishInput():3138 
08-04 19:52:53.247 13866 13866 I GoogleInputMethodServic: GoogleInputMethodService.onStartInput():1808 
08-04 19:52:53.296  2355  2368 I art     : Explicit concurrent mark sweep GC freed 1813(102KB) AllocSpace objects, 2(48KB) LOS objects, 6% free, 236MB/252MB, paused 1.247ms total 56.563ms
08-04 19:52:53.317  2355  2368 I art     : Starting a blocking GC Explicit
08-04 19:52:53.363  2355  2355 D CompassActivity: will set rotation from 0.0 to 178.08014
08-04 19:52:53.367  2355  2368 I art     : Explicit concurrent mark sweep GC freed 64(2576B) AllocSpace objects, 0(0B) LOS objects, 6% free, 236MB/252MB, paused 1.383ms total 50.120ms
08-04 19:52:53.371   918   936 I ActivityManager: Displayed baseline.io.github.project_travel_mate/.utilities.CompassActivity: +741ms
08-04 19:52:53.386  2355  2368 I art     : Starting a blocking GC Explicit
08-04 19:52:53.439  2355  2368 I art     : Explicit concurrent mark sweep GC freed 3(96B) AllocSpace objects, 0(0B) LOS objects, 6% free, 236MB/252MB, paused 1.643ms total 52.689ms
08-04 19:52:53.454  2355  2355 D CompassActivity: will set rotation from 178.08014 to 178.41638
08-04 19:52:53.454  2355  2355 D CompassActivity: will set rotation from 178.41638 to 178.40796
08-04 19:52:53.455  2355  2355 D CompassActivity: will set rotation from 178.40796 to 178.30933
08-04 19:52:53.455  2355  2355 D CompassActivity: will set rotation from 178.30933 to 178.30304
08-04 19:52:53.455  2355  2355 D CompassActivity: will set rotation from 178.30304 to 178.2439
08-04 19:52:53.455  2355  2355 D CompassActivity: will set rotation from 178.2439 to 178.24786
08-04 19:52:53.455  2355  2355 D CompassActivity: will set rotation from 178.24786 to 178.29614
08-04 19:52:53.455  2355  2355 D CompassActivity: will set rotation from 178.29614 to 178.2973
08-04 19:52:53.455  2355  2355 D CompassActivity: will set rotation from 178.2973 to 178.18579
08-04 19:52:53.455  2355  2355 D CompassActivity: will set rotation from 178.18579 to 178.1919
08-04 19:52:53.463  2355  2368 I art     : Starting a blocking GC Explicit
08-04 19:52:53.514  2355  2368 I art     : Explicit concurrent mark sweep GC freed 73(5KB) AllocSpace objects, 0(0B) LOS objects, 6% free, 236MB/252MB, paused 1.527ms total 50.634ms
08-04 19:52:53.534  2355  2368 I art     : Starting a blocking GC Explicit
08-04 19:52:53.546  2355  2355 D CompassActivity: will set rotation from 178.1919 to 178.13074
08-04 19:52:53.547  2355  2355 D CompassActivity: will set rotation from 178.13074 to 178.13202
08-04 19:52:53.547  2355  2355 D CompassActivity: will set rotation from 178.13202 to 178.07495
08-04 19:52:53.547  2355  2355 D CompassActivity: will set rotation from 178.07495 to 178.0766
08-04 19:52:53.547  2355  2355 D CompassActivity: will set rotation from 178.0766 to 178.13599
08-04 19:52:53.547  2355  2355 D CompassActivity: will set rotation from 178.13599 to 178.13794
08-04 19:52:53.547  2355  2355 D CompassActivity: will set rotation from 178.13794 to 178.12134
08-04 19:52:53.547  2355  2355 D CompassActivity: will set rotation from 178.12134 to 178.12561
08-04 19:52:53.571  2355  2355 D CompassActivity: will set rotation from 178.12561 to 178.21057
08-04 19:52:53.571  2355  2355 D CompassActivity: will set rotation from 178.21057 to 178.21204
08-04 19:52:53.571  2355  2355 D CompassActivity: will set rotation from 178.21204 to 178.294
08-04 19:52:53.571  2355  2355 D CompassActivity: will set rotation from 178.294 to 178.29944
08-04 19:52:53.590  2355  2355 D CompassActivity: will set rotation from 178.29944 to 178.27808
08-04 19:52:53.590  2355  2355 D CompassActivity: will set rotation from 178.27808 to 178.27966
08-04 19:52:53.591  2355  2368 I art     : Explicit concurrent mark sweep GC freed 223(11KB) AllocSpace objects, 0(0B) LOS objects, 6% free, 236MB/252MB, paused 1.202ms total 56.117ms
08-04 19:52:53.610  2355  2355 D CompassActivity: will set rotation from 178.27966 to 178.34894
08-04 19:52:53.610  2355  2355 D CompassActivity: will set rotation from 178.34894 to 178.35059
08-04 19:52:53.616   380   380 W SurfaceFlinger: couldn't log to binary event log: overflow.
08-04 19:52:53.632  2355  2355 D CompassActivity: will set rotation from 178.35059 to 178.40552
08-04 19:52:53.632  2355  2355 D CompassActivity: will set rotation from 178.40552 to 178.40454
08-04 19:52:53.651  2355  2355 D CompassActivity: will set rotation from 178.40454 to 178.42267
08-04 19:52:53.651  2355  2355 D CompassActivity: will set rotation from 178.42267 to 178.42291
08-04 19:52:53.671  2355  2355 D CompassActivity: will set rotation from 178.42291 to 178.47461
08-04 19:52:53.671  2355  2355 D CompassActivity: will set rotation from 178.47461 to 178.47333
08-04 19:52:53.690  2355  2355 D CompassActivity: will set rotation from 178.47333 to 178.48346
08-04 19:52:53.690  2355  2355 D CompassActivity: will set rotation from 178.48346 to 178.4815
08-04 19:52:53.710  2355  2355 D CompassActivity: will set rotation from 178.4815 to 178.45831
08-04 19:52:53.710  2355  2355 D CompassActivity: will set rotation from 178.45831 to 178.46228
08-04 19:52:53.730  2355  2355 D CompassActivity: will set rotation from 178.46228 to 178.56555
08-04 19:52:53.730  2355  2355 D CompassActivity: will set rotation from 178.56555 to 178.56836
08-04 19:52:53.822  2355  2355 D CompassActivity: will set rotation from 178.56836 to 178.6034
08-04 19:52:53.822  2355  2355 D CompassActivity: will set rotation from 178.6034 to 178.60547
08-04 19:52:53.822  2355  2355 D CompassActivity: will set rotation from 178.60547 to 178.63977
08-04 19:52:53.822  2355  2355 D CompassActivity: will set rotation from 178.63977 to 178.64032
08-04 19:52:53.822  2355  2355 D CompassActivity: will set rotation from 178.64032 to 178.66864
08-04 19:52:53.822  2355  2355 D CompassActivity: will set rotation from 178.66864 to 178.6676
08-04 19:52:53.823  2355  2355 D CompassActivity: will set rotation from 178.6676 to 178.66675
08-04 19:52:53.823  2355  2355 D CompassActivity: will set rotation from 178.66675 to 178.66724
08-04 19:52:53.829  2355  2355 D CompassActivity: will set rotation from 178.66724 to 178.71704
08-04 19:52:53.830  2355  2355 D CompassActivity: will set rotation from 178.71704 to 178.71338
08-04 19:52:53.851  2355  2355 D CompassActivity: will set rotation from 178.71338 to 178.7373
08-04 19:52:53.851  2355  2355 D CompassActivity: will set rotation from 178.7373 to 178.74146
08-04 19:52:53.869  2355  2355 D CompassActivity: will set rotation from 178.74146 to 178.70184
08-04 19:52:53.870  2355  2355 D CompassActivity: will set rotation from 178.70184 to 178.70227
08-04 19:52:53.889  2355  2355 D CompassActivity: will set rotation from 178.70227 to 178.72418
08-04 19:52:53.889  2355  2355 D CompassActivity: will set rotation from 178.72418 to 178.724
08-04 19:52:53.910  2355  2355 D CompassActivity: will set rotation from 178.724 to 178.7395
08-04 19:52:53.910  2355  2355 D CompassActivity: will set rotation from 178.7395 to 178.73883
08-04 19:52:53.929  2355  2355 D CompassActivity: will set rotation from 178.73883 to 178.75354
08-04 19:52:53.931  2355  2355 D CompassActivity: will set rotation from 178.75354 to 178.75177
08-04 19:52:53.949  2355  2355 D CompassActivity: will set rotation from 178.75177 to 178.79144
08-04 19:52:53.950  2355  2355 D CompassActivity: will set rotation from 178.79144 to 178.78998
08-04 19:52:53.970  2355  2355 D CompassActivity: will set rotation from 178.78998 to 178.7627
08-04 19:52:53.970  2355  2355 D CompassActivity: will set rotation from 178.7627 to 178.76428
08-04 19:52:53.989  2355  2355 D CompassActivity: will set rotation from 178.76428 to 178.73627
08-04 19:52:53.990  2355  2355 D CompassActivity: will set rotation from 178.73627 to 178.73822
08-04 19:52:54.009  2355  2355 D CompassActivity: will set rotation from 178.73822 to 178.7102
08-04 19:52:54.010  2355  2355 D CompassActivity: will set rotation from 178.7102 to 178.70892
08-04 19:52:54.029  2355  2355 D CompassActivity: will set rotation from 178.70892 to 178.72296
08-04 19:52:54.030  2355  2355 D CompassActivity: will set rotation from 178.72296 to 178.72168
08-04 19:52:54.049  2355  2355 D CompassActivity: will set rotation from 178.72168 to 178.71619
08-04 19:52:54.049  2355  2355 D CompassActivity: will set rotation from 178.71619 to 178.71716
08-04 19:52:54.072  2355  2355 D CompassActivity: will set rotation from 178.71716 to 178.7135
08-04 19:52:54.072  2355  2355 D CompassActivity: will set rotation from 178.7135 to 178.7135
08-04 19:52:54.083  2355  2368 I art     : Starting a blocking GC Explicit
08-04 19:52:54.089  2355  2355 D CompassActivity: will set rotation from 178.7135 to 178.68738
08-04 19:52:54.089  2355  2355 D CompassActivity: will set rotation from 178.68738 to 178.68628
08-04 19:52:54.109  2355  2355 D CompassActivity: will set rotation from 178.68628 to 178.68188
08-04 19:52:54.109  2355  2355 D CompassActivity: will set rotation from 178.68188 to 178.68036
08-04 19:52:54.129  2355  2355 D CompassActivity: will set rotation from 178.68036 to 178.67786
08-04 19:52:54.129  2355  2355 D CompassActivity: will set rotation from 178.67786 to 178.67792
08-04 19:52:54.150  2355  2355 D CompassActivity: will set rotation from 178.67792 to 178.67676
08-04 19:52:54.151  2355  2355 D CompassActivity: will set rotation from 178.67676 to 178.67773
08-04 19:52:54.153  2355  2368 I art     : Explicit concurrent mark sweep GC freed 2255(131KB) AllocSpace objects, 2(48KB) LOS objects, 6% free, 236MB/252MB, paused 1.409ms total 68.659ms
08-04 19:52:54.172  2355  2355 D CompassActivity: will set rotation from 178.67773 to 178.6767
08-04 19:52:54.172  2355  2355 D CompassActivity: will set rotation from 178.6767 to 178.67725
08-04 19:52:54.174  2355  2368 I art     : Starting a blocking GC Explicit
08-04 19:52:54.189  2355  2355 D CompassActivity: will set rotation from 178.67725 to 178.63708
08-04 19:52:54.189  2355  2355 D CompassActivity: will set rotation from 178.63708 to 178.63654
08-04 19:52:54.208  2355  2355 D CompassActivity: will set rotation from 178.63654 to 178.61658
08-04 19:52:54.209  2355  2355 D CompassActivity: will set rotation from 178.61658 to 178.61792
08-04 19:52:54.228  2355  2355 D CompassActivity: will set rotation from 178.61792 to 178.60083
08-04 19:52:54.229  2355  2355 D CompassActivity: will set rotation from 178.60083 to 178.59985
08-04 19:52:54.241  2355  2368 I art     : Explicit concurrent mark sweep GC freed 878(36KB) AllocSpace objects, 0(0B) LOS objects, 6% free, 236MB/252MB, paused 1.219ms total 66.262ms
08-04 19:52:54.248  2355  2355 D CompassActivity: will set rotation from 178.59985 to 178.61884
08-04 19:52:54.249  2355  2355 D CompassActivity: will set rotation from 178.61884 to 178.61792
08-04 19:52:54.263  2355  2368 I art     : Starting a blocking GC Explicit
08-04 19:52:54.272  2355  2355 D CompassActivity: will set rotation from 178.61792 to 178.65417
08-04 19:52:54.272  2355  2355 D CompassActivity: will set rotation from 178.65417 to 178.65295
08-04 19:52:54.289  2355  2355 D CompassActivity: will set rotation from 178.65295 to 178.65015
08-04 19:52:54.289  2355  2355 D CompassActivity: will set rotation from 178.65015 to 178.64972
08-04 19:52:54.308  2355  2355 D CompassActivity: will set rotation from 178.64972 to 178.62982
08-04 19:52:54.308  2355  2355 D CompassActivity: will set rotation from 178.62982 to 178.62897
08-04 19:52:54.328  2355  2355 D CompassActivity: will set rotation from 178.62897 to 178.62769
08-04 19:52:54.328  2355  2355 D CompassActivity: will set rotation from 178.62769 to 178.62726
08-04 19:52:54.329  2355  2368 I art     : Explicit concurrent mark sweep GC freed 204(9KB) AllocSpace objects, 0(0B) LOS objects, 6% free, 236MB/252MB, paused 1.408ms total 65.522ms
08-04 19:52:54.347  2355  2355 D CompassActivity: will set rotation from 178.62726 to 178.64453
08-04 19:52:54.348  2355  2355 D CompassActivity: will set rotation from 178.64453 to 178.64386
08-04 19:52:54.351  2355  2368 I art     : Starting a blocking GC Explicit
08-04 19:52:54.369  2355  2355 D CompassActivity: will set rotation from 178.64386 to 178.64185
08-04 19:52:54.370  2355  2355 D CompassActivity: will set rotation from 178.64185 to 178.64178
08-04 19:52:54.389  2355  2355 D CompassActivity: will set rotation from 178.64178 to 178.6571
08-04 19:52:54.390  2355  2355 D CompassActivity: will set rotation from 178.6571 to 178.65448
08-04 19:52:54.408  2355  2355 D CompassActivity: will set rotation from 178.65448 to 178.65198
08-04 19:52:54.408  2355  2355 D CompassActivity: will set rotation from 178.65198 to 178.64844
08-04 19:52:54.419  2355  2368 I art     : Explicit concurrent mark sweep GC freed 189(9KB) AllocSpace objects, 0(0B) LOS objects, 6% free, 236MB/252MB, paused 1.529ms total 66.665ms
08-04 19:52:54.428  2355  2355 D CompassActivity: will set rotation from 178.64844 to 178.66608
08-04 19:52:54.428  2355  2355 D CompassActivity: will set rotation from 178.66608 to 178.6648
08-04 19:52:54.440  2355  2368 I art     : Starting a blocking GC Explicit
08-04 19:52:54.447  2355  2355 D CompassActivity: will set rotation from 178.6648 to 178.67786
08-04 19:52:54.448  2355  2355 D CompassActivity: will set rotation from 178.67786 to 178.67615
08-04 19:52:54.470  2355  2355 D CompassActivity: will set rotation from 178.67615 to 178.67273
08-04 19:52:54.470  2355  2355 D CompassActivity: will set rotation from 178.67273 to 178.67444
08-04 19:52:54.489  2355  2355 D CompassActivity: will set rotation from 178.67444 to 178.67297
08-04 19:52:54.489  2355  2355 D CompassActivity: will set rotation from 178.67297 to 178.67377
08-04 19:52:54.507  2355  2368 I art     : Explicit concurrent mark sweep GC freed 220(10KB) AllocSpace objects, 0(0B) LOS objects, 6% free, 236MB/252MB, paused 1.552ms total 66.251ms
08-04 19:52:54.511  2355  2355 D CompassActivity: will set rotation from 178.67377 to 178.69
08-04 19:52:54.511  2355  2355 D CompassActivity: will set rotation from 178.69 to 178.69196
08-04 19:52:54.527  2355  2355 D CompassActivity: will set rotation from 178.69196 to 178.68835
08-04 19:52:54.527  2355  2355 D CompassActivity: will set rotation from 178.68835 to 178.6886
08-04 19:52:54.547  2355  2355 D CompassActivity: will set rotation from 178.6886 to 178.67004
08-04 19:52:54.547  2355  2355 D CompassActivity: will set rotation from 178.67004 to 178.67145
08-04 19:52:54.568  2355  2355 D CompassActivity: will set rotation from 178.67145 to 178.66846
08-04 19:52:54.569  2355  2355 D CompassActivity: will set rotation from 178.66846 to 178.66675
08-04 19:52:54.588  2355  2355 D CompassActivity: will set rotation from 178.66675 to 178.64679
08-04 19:52:54.589  2355  2355 D CompassActivity: will set rotation from 178.64679 to 178.64685
08-04 19:52:54.607  2355  2355 D CompassActivity: will set rotation from 178.64685 to 178.66089
08-04 19:52:54.607  2355  2355 D CompassActivity: will set rotation from 178.66089 to 178.66321
08-04 19:52:54.627  2355  2355 D CompassActivity: will set rotation from 178.66321 to 178.6767
08-04 19:52:54.628  2355  2355 D CompassActivity: will set rotation from 178.6767 to 178.67542
08-04 19:52:54.648  2355  2355 D CompassActivity: will set rotation from 178.67542 to 178.67505
08-04 19:52:54.648  2355  2355 D CompassActivity: will set rotation from 178.67505 to 178.67389
08-04 19:52:54.667  2355  2355 D CompassActivity: will set rotation from 178.67389 to 178.67242
08-04 19:52:54.667  2355  2355 D CompassActivity: will set rotation from 178.67242 to 178.67114
08-04 19:52:54.689  2355  2355 D CompassActivity: will set rotation from 178.67114 to 178.68323
08-04 19:52:54.690  2355  2355 D CompassActivity: will set rotation from 178.68323 to 178.6803
08-04 19:52:54.706  2355  2355 D CompassActivity: will set rotation from 178.6803 to 178.63135
08-04 19:52:54.706  2355  2355 D CompassActivity: will set rotation from 178.63135 to 178.62866
08-04 19:52:54.726  2355  2355 D CompassActivity: will set rotation from 178.62866 to 178.64624
08-04 19:52:54.726  2355  2355 D CompassActivity: will set rotation from 178.64624 to 178.64417
08-04 19:52:54.746  2355  2355 D CompassActivity: will set rotation from 178.64417 to 178.67303
08-04 19:52:54.747  2355  2355 D CompassActivity: will set rotation from 178.67303 to 178.6753
08-04 19:52:54.766  2355  2355 D CompassActivity: will set rotation from 178.6753 to 178.7066
08-04 19:52:54.766  2355  2355 D CompassActivity: will set rotation from 178.7066 to 178.70862
08-04 19:52:54.786  2355  2355 D CompassActivity: will set rotation from 178.70862 to 178.67572
08-04 19:52:54.787  2355  2355 D CompassActivity: will set rotation from 178.67572 to 178.67615
08-04 19:52:54.806  2355  2355 D CompassActivity: will set rotation from 178.67615 to 178.65625
08-04 19:52:54.807  2355  2355 D CompassActivity: will set rotation from 178.65625 to 178.65662
08-04 19:52:54.825  2355  2355 D CompassActivity: will set rotation from 178.65662 to 178.63983
08-04 19:52:54.826  2355  2355 D CompassActivity: will set rotation from 178.63983 to 178.6391
08-04 19:52:54.847  2355  2355 D CompassActivity: will set rotation from 178.6391 to 178.65515
08-04 19:52:54.847  2355  2355 D CompassActivity: will set rotation from 178.65515 to 178.6557
08-04 19:52:54.866  2355  2355 D CompassActivity: will set rotation from 178.6557 to 178.65417
08-04 19:52:54.866  2355  2355 D CompassActivity: will set rotation from 178.65417 to 178.6549
08-04 19:52:54.886  2355  2355 D CompassActivity: will set rotation from 178.6549 to 178.61987
08-04 19:52:54.886  2355  2355 D CompassActivity: will set rotation from 178.61987 to 178.6195
08-04 19:52:54.905  2355  2355 D CompassActivity: will set rotation from 178.6195 to 178.61523
08-04 19:52:54.906  2355  2355 D CompassActivity: will set rotation from 178.61523 to 178.61523
08-04 19:52:54.925  2355  2355 D CompassActivity: will set rotation from 178.61523 to 178.58453
08-04 19:52:54.925  2355  2355 D CompassActivity: will set rotation from 178.58453 to 178.58429
08-04 19:52:54.945  2355  2355 D CompassActivity: will set rotation from 178.58429 to 178.58301
08-04 19:52:54.946  2355  2355 D CompassActivity: will set rotation from 178.58301 to 178.58435
08-04 19:52:54.948  2355  2377 I art     : Starting a blocking GC Explicit
08-04 19:52:54.965  2355  2355 D CompassActivity: will set rotation from 178.58435 to 178.58691
08-04 19:52:54.965  2355  2355 D CompassActivity: will set rotation from 178.58691 to 178.58679
08-04 19:52:54.987  2355  2355 D CompassActivity: will set rotation from 178.58679 to 178.58795
08-04 19:52:54.989  2355  2355 D CompassActivity: will set rotation from 178.58795 to 178.58856
08-04 19:52:55.007  2355  2355 D CompassActivity: will set rotation from 178.58856 to 178.55762
08-04 19:52:55.008  2355  2355 D CompassActivity: will set rotation from 178.55762 to 178.55768
08-04 19:52:55.021  2355  2377 I art     : Explicit concurrent mark sweep GC freed 2099(124KB) AllocSpace objects, 2(48KB) LOS objects, 6% free, 236MB/252MB, paused 1.587ms total 71.988ms
08-04 19:52:55.026  2355  2355 D CompassActivity: will set rotation from 178.55768 to 178.5304
08-04 19:52:55.026  2355  2355 D CompassActivity: will set rotation from 178.5304 to 178.53003
08-04 19:52:55.041  2355  2377 I art     : Starting a blocking GC Explicit
08-04 19:52:55.045  2355  2355 D CompassActivity: will set rotation from 178.53003 to 178.5174
08-04 19:52:55.046  2355  2355 D CompassActivity: will set rotation from 178.5174 to 178.5166
08-04 19:52:55.064  2355  2355 D CompassActivity: will set rotation from 178.5166 to 178.52264
08-04 19:52:55.065  2355  2355 D CompassActivity: will set rotation from 178.52264 to 178.52246
08-04 19:52:55.087  2355  2355 D CompassActivity: will set rotation from 178.52246 to 178.53796
08-04 19:52:55.087  2355  2355 D CompassActivity: will set rotation from 178.53796 to 178.5387
08-04 19:52:55.095  2355  2377 I art     : Explicit concurrent mark sweep GC freed 848(33KB) AllocSpace objects, 0(0B) LOS objects, 6% free, 236MB/252MB, paused 1.259ms total 53.407ms
08-04 19:52:55.105  2355  2355 D CompassActivity: will set rotation from 178.5387 to 178.51141
08-04 19:52:55.106  2355  2355 D CompassActivity: will set rotation from 178.51141 to 178.51099
08-04 19:52:55.114  2355  2377 I art     : Starting a blocking GC Explicit
08-04 19:52:55.124  2355  2355 D CompassActivity: will set rotation from 178.51099 to 178.51324
08-04 19:52:55.124  2355  2355 D CompassActivity: will set rotation from 178.51324 to 178.51257
08-04 19:52:55.144  2355  2355 D CompassActivity: will set rotation from 178.51257 to 178.53125
08-04 19:52:55.144  2355  2355 D CompassActivity: will set rotation from 178.53125 to 178.53119
08-04 19:52:55.164  2355  2355 D CompassActivity: will set rotation from 178.53119 to 178.51697
08-04 19:52:55.164  2355  2355 D CompassActivity: will set rotation from 178.51697 to 178.5166
08-04 19:52:55.169  2355  2377 I art     : Explicit concurrent mark sweep GC freed 175(8KB) AllocSpace objects, 0(0B) LOS objects, 6% free, 236MB/252MB, paused 1.470ms total 54.130ms
08-04 19:52:55.184  2355  2355 D CompassActivity: will set rotation from 178.5166 to 178.50183
08-04 19:52:55.184  2355  2355 D CompassActivity: will set rotation from 178.50183 to 178.5025
08-04 19:52:55.187  2355  2377 I art     : Starting a blocking GC Explicit
08-04 19:52:55.204  2355  2355 D CompassActivity: will set rotation from 178.5025 to 178.48773
08-04 19:52:55.204  2355  2355 D CompassActivity: will set rotation from 178.48773 to 178.48975
08-04 19:52:55.223  2355  2355 D CompassActivity: will set rotation from 178.48975 to 178.47931
08-04 19:52:55.224  2355  2355 D CompassActivity: will set rotation from 178.47931 to 178.47864
08-04 19:52:55.241  2355  2377 I art     : Explicit concurrent mark sweep GC freed 161(7KB) AllocSpace objects, 0(0B) LOS objects, 6% free, 236MB/252MB, paused 1.232ms total 53.884ms
08-04 19:52:55.245  2355  2355 D CompassActivity: will set rotation from 178.47864 to 178.46869
08-04 19:52:55.245  2355  2355 D CompassActivity: will set rotation from 178.46869 to 178.46649
08-04 19:52:55.261  2355  2377 I art     : Starting a blocking GC Explicit
08-04 19:52:55.264  2355  2355 D CompassActivity: will set rotation from 178.46649 to 178.45386
08-04 19:52:55.264  2355  2355 D CompassActivity: will set rotation from 178.45386 to 178.45355
08-04 19:52:55.284  2355  2355 D CompassActivity: will set rotation from 178.45355 to 178.44226
08-04 19:52:55.284  2355  2355 D CompassActivity: will set rotation from 178.44226 to 178.44128
08-04 19:52:55.304  2355  2355 D CompassActivity: will set rotation from 178.44128 to 178.4281
08-04 19:52:55.304  2355  2355 D CompassActivity: will set rotation from 178.4281 to 178.42786
08-04 19:52:55.318  2355  2377 I art     : Explicit concurrent mark sweep GC freed 146(7KB) AllocSpace objects, 0(0B) LOS objects, 6% free, 236MB/252MB, paused 1.512ms total 56.820ms
08-04 19:52:55.326  2355  2355 D CompassActivity: will set rotation from 178.42786 to 178.44849
08-04 19:52:55.327  2355  2355 D CompassActivity: will set rotation from 178.44849 to 178.4469
08-04 19:52:55.344  2355  2355 D CompassActivity: will set rotation from 178.4469 to 178.43579
08-04 19:52:55.344  2355  2355 D CompassActivity: will set rotation from 178.43579 to 178.43622
08-04 19:52:55.364  2355  2355 D CompassActivity: will set rotation from 178.43622 to 178.45508
08-04 19:52:55.365  2355  2355 D CompassActivity: will set rotation from 178.45508 to 178.4544
08-04 19:52:55.384  2355  2355 D CompassActivity: will set rotation from 178.4544 to 178.47565
08-04 19:52:55.385  2355  2355 D CompassActivity: will set rotation from 178.47565 to 178.4754
08-04 19:52:55.407  2355  2355 D CompassActivity: will set rotation from 178.4754 to 178.46088
08-04 19:52:55.407  2355  2355 D CompassActivity: will set rotation from 178.46088 to 178.46161
08-04 19:52:55.424  2355  2355 D CompassActivity: will set rotation from 178.46161 to 178.42114
08-04 19:52:55.424  2355  2355 D CompassActivity: will set rotation from 178.42114 to 178.42084
08-04 19:52:55.444  2355  2355 D CompassActivity: will set rotation from 178.42084 to 178.42786
08-04 19:52:55.445  2355  2355 D CompassActivity: will set rotation from 178.42786 to 178.42743
08-04 19:52:55.464  2355  2355 D CompassActivity: will set rotation from 178.42743 to 178.44897
08-04 19:52:55.464  2355  2355 D CompassActivity: will set rotation from 178.44897 to 178.44995
08-04 19:52:55.484  2355  2355 D CompassActivity: will set rotation from 178.44995 to 178.4701
08-04 19:52:55.484  2355  2355 D CompassActivity: will set rotation from 178.4701 to 178.469
08-04 19:52:55.504  2355  2355 D CompassActivity: will set rotation from 178.469 to 178.45593
08-04 19:52:55.505  2355  2355 D CompassActivity: will set rotation from 178.45593 to 178.45428
08-04 19:52:55.523  2355  2355 D CompassActivity: will set rotation from 178.45428 to 178.43115
08-04 19:52:55.523  2355  2355 D CompassActivity: will set rotation from 178.43115 to 178.43146
08-04 19:52:55.542  2355  2355 D CompassActivity: will set rotation from 178.43146 to 178.42126
08-04 19:52:55.543  2355  2355 D CompassActivity: will set rotation from 178.42126 to 178.42133
08-04 19:52:55.548  5021  5021 D AndroidRuntime: >>>>>> START com.android.internal.os.RuntimeInit uid 2000 <<<<<<
08-04 19:52:55.554  5021  5021 D AndroidRuntime: CheckJNI is OFF
08-04 19:52:55.563  2355  2355 D CompassActivity: will set rotation from 178.42133 to 178.41101
08-04 19:52:55.563  2355  2355 D CompassActivity: will set rotation from 178.41101 to 178.41217
08-04 19:52:55.582  2355  2355 D CompassActivity: will set rotation from 178.41217 to 178.43237
08-04 19:52:55.583  2355  2355 D CompassActivity: will set rotation from 178.43237 to 178.4325
08-04 19:52:55.597  5021  5021 D ICU     : No timezone override file found: /data/misc/zoneinfo/current/icu/icu_tzdata.dat
08-04 19:52:55.602  2355  2355 D CompassActivity: will set rotation from 178.4325 to 178.41003
08-04 19:52:55.603  2355  2355 D CompassActivity: will set rotation from 178.41003 to 178.40973
08-04 19:52:55.622  2355  2355 D CompassActivity: will set rotation from 178.40973 to 178.43005
08-04 19:52:55.623  2355  2355 D CompassActivity: will set rotation from 178.43005 to 178.4303
08-04 19:52:55.642  2355  2355 D CompassActivity: will set rotation from 178.4303 to 178.41968
08-04 19:52:55.642  2355  2355 D CompassActivity: will set rotation from 178.41968 to 178.4198
08-04 19:52:55.644  5021  5021 I Radio-JNI: register_android_hardware_Radio DONE
08-04 19:52:55.661  2355  2355 D CompassActivity: will set rotation from 178.4198 to 178.40662
08-04 19:52:55.662  2355  2355 D CompassActivity: will set rotation from 178.40662 to 178.40594
08-04 19:52:55.674  5021  5021 D AndroidRuntime: Calling main entry com.android.commands.input.Input
08-04 19:52:55.675  5021  5021 I Input   : injectKeyEvent: KeyEvent { action=ACTION_DOWN, keyCode=KEYCODE_BACK, scanCode=0, metaState=0, flags=0x0, repeatCount=0, eventTime=733992089, downTime=733992089, deviceId=-1, source=0x101 }
08-04 19:52:55.680  5021  5021 I Input   : injectKeyEvent: KeyEvent { action=ACTION_UP, keyCode=KEYCODE_BACK, scanCode=0, metaState=0, flags=0x0, repeatCount=0, eventTime=733992089, downTime=733992089, deviceId=-1, source=0x101 }
08-04 19:52:55.687  2355  2355 D CompassActivity: will set rotation from 178.40594 to 178.40991
08-04 19:52:55.687  5021  5021 D AndroidRuntime: Shutting down VM
08-04 19:52:55.687  2355  2355 D CompassActivity: will set rotation from 178.40991 to 178.40839
08-04 19:52:55.688   918  3696 I sensors : activate
08-04 19:52:55.689   918  6112 I sensors : activate
08-04 19:52:55.693   918  3188 I hubconnection: sensorhub said: 'activate 1 enable:0'
08-04 19:52:55.694   918  3188 I hubconnection: sensorhub said: 'activate 3 enable:0'
08-04 19:52:55.718  2355  2355 V MainActivity: url = https://project-travel-mate.herokuapp.com/api/number-of-unread-notifications
08-04 19:52:55.737  2355  2377 I art     : Starting a blocking GC Explicit
08-04 19:52:55.795  2355  2377 I art     : Explicit concurrent mark sweep GC freed 2409(135KB) AllocSpace objects, 2(48KB) LOS objects, 6% free, 236MB/252MB, paused 1.346ms total 57.812ms
08-04 19:52:55.815  2355  2377 I art     : Starting a blocking GC Explicit
08-04 19:52:55.838 13866 13866 I GoogleInputMethodServic: GoogleInputMethodService.onFinishInput():3138 
08-04 19:52:55.839 13866 13866 I GoogleInputMethodServic: GoogleInputMethodService.onStartInput():1808 
08-04 19:52:55.868  2355  2377 I art     : Explicit concurrent mark sweep GC freed 726(27KB) AllocSpace objects, 0(0B) LOS objects, 6% free, 236MB/252MB, paused 1.411ms total 52.891ms
08-04 19:52:55.890  2355  2377 I art     : Starting a blocking GC Explicit
08-04 19:52:55.940  2355  2377 I art     : Explicit concurrent mark sweep GC freed 31(1136B) AllocSpace objects, 0(0B) LOS objects, 6% free, 236MB/252MB, paused 1.254ms total 49.874ms
08-04 19:52:55.959  2355  2377 I art     : Starting a blocking GC Explicit
08-04 19:52:56.013  2355  2377 I art     : Explicit concurrent mark sweep GC freed 22(1184B) AllocSpace objects, 0(0B) LOS objects, 6% free, 236MB/252MB, paused 1.235ms total 54.026ms
08-04 19:52:56.033  2355  2377 I art     : Starting a blocking GC Explicit
08-04 19:52:56.100  2355  2377 I art     : Explicit concurrent mark sweep GC freed 5(192B) AllocSpace objects, 0(0B) LOS objects, 6% free, 236MB/252MB, paused 1.399ms total 66.919ms
08-04 19:52:56.119  2355  2355 D CompassActivity: stop compass
08-04 19:52:56.119   380   380 W SurfaceFlinger: couldn't log to binary event log: overflow.
08-04 19:52:56.269   518   646 I ThermalEngine: ACTION: GPU - Setting GPU[0] to 390000000
08-04 19:52:56.542  2355  5044 I NAPPA_EXPERIMENTATION: MetricNetworkRequestExecutionTime: REQUEST_DURATION_SYSTEM='822',REQUEST_DURATION_OKHTTP='31',REQUEST_SYNCHRONOUS='FALSE',RESPONSE_CODE='200',RESPONSE_METHOD='GET',RESPONSE_LENGTH_OKHTTP='36',RESPONSE_LENGTH_HEADER='36',REQUEST_PROTOCOL='http/1.1',REQUEST_URL='https://project-travel-mate.herokuapp.com/api/number-of-unread-notifications',
08-04 19:52:56.563  2355  2370 I art     : Starting a blocking GC Explicit
08-04 19:52:56.655  2355  2370 I art     : Explicit concurrent mark sweep GC freed 4332(237KB) AllocSpace objects, 5(248KB) LOS objects, 6% free, 236MB/252MB, paused 2.462ms total 91.121ms
08-04 19:52:56.687  2355  2370 I art     : Starting a blocking GC Explicit
08-04 19:52:56.777  2355  2370 I art     : Explicit concurrent mark sweep GC freed 2322(202KB) AllocSpace objects, 3(52MB) LOS objects, 7% free, 184MB/200MB, paused 1.958ms total 89.608ms
08-04 19:52:56.804  2355  2370 I art     : Starting a blocking GC Explicit
08-04 19:52:56.877  2355  2370 I art     : Explicit concurrent mark sweep GC freed 60(2144B) AllocSpace objects, 0(0B) LOS objects, 7% free, 184MB/200MB, paused 2.018ms total 72.217ms
08-04 19:52:56.908  2355  2370 I art     : Starting a blocking GC Explicit
08-04 19:52:56.977  2355  2370 I art     : Explicit concurrent mark sweep GC freed 17(528B) AllocSpace objects, 0(0B) LOS objects, 7% free, 184MB/200MB, paused 1.961ms total 68.354ms
08-04 19:52:57.003  2355  2370 I art     : Starting a blocking GC Explicit
08-04 19:52:57.072  2355  2370 I art     : Explicit concurrent mark sweep GC freed 3(96B) AllocSpace objects, 0(0B) LOS objects, 7% free, 184MB/200MB, paused 2.020ms total 69.131ms
08-04 19:52:57.532  2355  2377 I art     : Starting a blocking GC Explicit
08-04 19:52:57.587  5057  5057 D AndroidRuntime: >>>>>> START com.android.internal.os.RuntimeInit uid 2000 <<<<<<
08-04 19:52:57.595  5057  5057 D AndroidRuntime: CheckJNI is OFF
08-04 19:52:57.609  2355  2377 I art     : Explicit concurrent mark sweep GC freed 1610(92KB) AllocSpace objects, 2(48KB) LOS objects, 7% free, 184MB/200MB, paused 2.593ms total 75.943ms
08-04 19:52:57.638  2355  2377 I art     : Starting a blocking GC Explicit
08-04 19:52:57.654  5057  5057 D ICU     : No timezone override file found: /data/misc/zoneinfo/current/icu/icu_tzdata.dat
08-04 19:52:57.699  5057  5057 I Radio-JNI: register_android_hardware_Radio DONE
08-04 19:52:57.704  2355  2377 I art     : Explicit concurrent mark sweep GC freed 29(1056B) AllocSpace objects, 0(0B) LOS objects, 7% free, 184MB/200MB, paused 2.044ms total 65.846ms
08-04 19:52:57.729  2355  2377 I art     : Starting a blocking GC Explicit
08-04 19:52:57.733  5057  5057 D AndroidRuntime: Calling main entry com.android.commands.input.Input
08-04 19:52:57.735  5057  5057 I Input   : injectMotionEvent: MotionEvent { action=ACTION_DOWN, actionButton=0, id[0]=0, x[0]=500.0, y[0]=2000.0, toolType[0]=TOOL_TYPE_UNKNOWN, buttonState=0, metaState=0, flags=0x0, edgeFlags=0x0, pointerCount=1, historySize=0, eventTime=733994148, downTime=733994148, deviceId=0, source=0x1002 }
08-04 19:52:57.741  5057  5057 I Input   : injectMotionEvent: MotionEvent { action=ACTION_MOVE, actionButton=0, id[0]=0, x[0]=500.0, y[0]=2000.0, toolType[0]=TOOL_TYPE_UNKNOWN, buttonState=0, metaState=0, flags=0x0, edgeFlags=0x0, pointerCount=1, historySize=0, eventTime=733994148, downTime=733994148, deviceId=0, source=0x1002 }
08-04 19:52:57.754  5057  5057 I Input   : injectMotionEvent: MotionEvent { action=ACTION_MOVE, actionButton=0, id[0]=0, x[0]=500.0, y[0]=1962.0, toolType[0]=TOOL_TYPE_UNKNOWN, buttonState=0, metaState=0, flags=0x0, edgeFlags=0x0, pointerCount=1, historySize=0, eventTime=733994168, downTime=733994168, deviceId=0, source=0x1002 }
08-04 19:52:57.771  5057  5057 I Input   : injectMotionEvent: MotionEvent { action=ACTION_MOVE, actionButton=0, id[0]=0, x[0]=500.0, y[0]=1929.7, toolType[0]=TOOL_TYPE_UNKNOWN, buttonState=0, metaState=0, flags=0x0, edgeFlags=0x0, pointerCount=1, historySize=0, eventTime=733994185, downTime=733994185, deviceId=0, source=0x1002 }
08-04 19:52:57.803  5057  5057 I Input   : injectMotionEvent: MotionEvent { action=ACTION_MOVE, actionButton=0, id[0]=0, x[0]=500.0, y[0]=1870.8, toolType[0]=TOOL_TYPE_UNKNOWN, buttonState=0, metaState=0, flags=0x0, edgeFlags=0x0, pointerCount=1, historySize=0, eventTime=733994216, downTime=733994216, deviceId=0, source=0x1002 }
08-04 19:52:57.804  2355  2377 I art     : Explicit concurrent mark sweep GC freed 51(2112B) AllocSpace objects, 0(0B) LOS objects, 7% free, 184MB/200MB, paused 2.534ms total 74.213ms
08-04 19:52:57.825  5057  5057 I Input   : injectMotionEvent: MotionEvent { action=ACTION_MOVE, actionButton=0, id[0]=0, x[0]=500.0, y[0]=1829.0, toolType[0]=TOOL_TYPE_UNKNOWN, buttonState=0, metaState=0, flags=0x0, edgeFlags=0x0, pointerCount=1, historySize=0, eventTime=733994238, downTime=733994238, deviceId=0, source=0x1002 }
08-04 19:52:57.835  2355  2377 I art     : Starting a blocking GC Explicit
08-04 19:52:57.849  5057  5057 I Input   : injectMotionEvent: MotionEvent { action=ACTION_MOVE, actionButton=0, id[0]=0, x[0]=500.0, y[0]=1783.4, toolType[0]=TOOL_TYPE_UNKNOWN, buttonState=0, metaState=0, flags=0x0, edgeFlags=0x0, pointerCount=1, historySize=0, eventTime=733994262, downTime=733994262, deviceId=0, source=0x1002 }
08-04 19:52:57.871  5057  5057 I Input   : injectMotionEvent: MotionEvent { action=ACTION_MOVE, actionButton=0, id[0]=0, x[0]=500.0, y[0]=1739.7, toolType[0]=TOOL_TYPE_UNKNOWN, buttonState=0, metaState=0, flags=0x0, edgeFlags=0x0, pointerCount=1, historySize=0, eventTime=733994285, downTime=733994285, deviceId=0, source=0x1002 }
08-04 19:52:57.890  5057  5057 I Input   : injectMotionEvent: MotionEvent { action=ACTION_MOVE, actionButton=0, id[0]=0, x[0]=500.0, y[0]=1705.5, toolType[0]=TOOL_TYPE_UNKNOWN, buttonState=0, metaState=0, flags=0x0, edgeFlags=0x0, pointerCount=1, historySize=0, eventTime=733994303, downTime=733994303, deviceId=0, source=0x1002 }
08-04 19:52:57.906  5057  5057 I Input   : injectMotionEvent: MotionEvent { action=ACTION_MOVE, actionButton=0, id[0]=0, x[0]=500.0, y[0]=1675.1, toolType[0]=TOOL_TYPE_UNKNOWN, buttonState=0, metaState=0, flags=0x0, edgeFlags=0x0, pointerCount=1, historySize=0, eventTime=733994319, downTime=733994319, deviceId=0, source=0x1002 }
08-04 19:52:57.921  2355  2377 I art     : Explicit concurrent mark sweep GC freed 99(3KB) AllocSpace objects, 0(0B) LOS objects, 7% free, 184MB/200MB, paused 2.476ms total 84.782ms
08-04 19:52:57.925  5057  5057 I Input   : injectMotionEvent: MotionEvent { action=ACTION_MOVE, actionButton=0, id[0]=0, x[0]=500.0, y[0]=1639.0, toolType[0]=TOOL_TYPE_UNKNOWN, buttonState=0, metaState=0, flags=0x0, edgeFlags=0x0, pointerCount=1, historySize=0, eventTime=733994338, downTime=733994338, deviceId=0, source=0x1002 }
08-04 19:52:57.945  5057  5057 I Input   : injectMotionEvent: MotionEvent { action=ACTION_MOVE, actionButton=0, id[0]=0, x[0]=500.0, y[0]=1601.0, toolType[0]=TOOL_TYPE_UNKNOWN, buttonState=0, metaState=0, flags=0x0, edgeFlags=0x0, pointerCount=1, historySize=0, eventTime=733994358, downTime=733994358, deviceId=0, source=0x1002 }
08-04 19:52:57.955  2355  2377 I art     : Starting a blocking GC Explicit
08-04 19:52:57.960  5057  5057 I Input   : injectMotionEvent: MotionEvent { action=ACTION_MOVE, actionButton=0, id[0]=0, x[0]=500.0, y[0]=1572.5, toolType[0]=TOOL_TYPE_UNKNOWN, buttonState=0, metaState=0, flags=0x0, edgeFlags=0x0, pointerCount=1, historySize=0, eventTime=733994373, downTime=733994373, deviceId=0, source=0x1002 }
08-04 19:52:57.973  5057  5057 I Input   : injectMotionEvent: MotionEvent { action=ACTION_MOVE, actionButton=0, id[0]=0, x[0]=500.0, y[0]=1547.8, toolType[0]=TOOL_TYPE_UNKNOWN, buttonState=0, metaState=0, flags=0x0, edgeFlags=0x0, pointerCount=1, historySize=0, eventTime=733994386, downTime=733994386, deviceId=0, source=0x1002 }
08-04 19:52:57.989  5057  5057 I Input   : injectMotionEvent: MotionEvent { action=ACTION_MOVE, actionButton=0, id[0]=0, x[0]=500.0, y[0]=1517.4, toolType[0]=TOOL_TYPE_UNKNOWN, buttonState=0, metaState=0, flags=0x0, edgeFlags=0x0, pointerCount=1, historySize=0, eventTime=733994402, downTime=733994402, deviceId=0, source=0x1002 }
08-04 19:52:58.006  5057  5057 I Input   : injectMotionEvent: MotionEvent { action=ACTION_MOVE, actionButton=0, id[0]=0, x[0]=500.0, y[0]=1485.1, toolType[0]=TOOL_TYPE_UNKNOWN, buttonState=0, metaState=0, flags=0x0, edgeFlags=0x0, pointerCount=1, historySize=0, eventTime=733994419, downTime=733994419, deviceId=0, source=0x1002 }
08-04 19:52:58.023  5057  5057 I Input   : injectMotionEvent: MotionEvent { action=ACTION_MOVE, actionButton=0, id[0]=0, x[0]=500.0, y[0]=1452.8, toolType[0]=TOOL_TYPE_UNKNOWN, buttonState=0, metaState=0, flags=0x0, edgeFlags=0x0, pointerCount=1, historySize=0, eventTime=733994436, downTime=733994436, deviceId=0, source=0x1002 }
08-04 19:52:58.040  2355  2377 I art     : Explicit concurrent mark sweep GC freed 23(992B) AllocSpace objects, 0(0B) LOS objects, 7% free, 184MB/200MB, paused 2.456ms total 84.891ms
08-04 19:52:58.040  5057  5057 I Input   : injectMotionEvent: MotionEvent { action=ACTION_MOVE, actionButton=0, id[0]=0, x[0]=500.0, y[0]=1418.6001, toolType[0]=TOOL_TYPE_UNKNOWN, buttonState=0, metaState=0, flags=0x0, edgeFlags=0x0, pointerCount=1, historySize=0, eventTime=733994454, downTime=733994454, deviceId=0, source=0x1002 }
08-04 19:52:58.057  5057  5057 I Input   : injectMotionEvent: MotionEvent { action=ACTION_MOVE, actionButton=0, id[0]=0, x[0]=500.0, y[0]=1390.1, toolType[0]=TOOL_TYPE_UNKNOWN, buttonState=0, metaState=0, flags=0x0, edgeFlags=0x0, pointerCount=1, historySize=0, eventTime=733994469, downTime=733994469, deviceId=0, source=0x1002 }
08-04 19:52:58.076  5057  5057 I Input   : injectMotionEvent: MotionEvent { action=ACTION_MOVE, actionButton=0, id[0]=0, x[0]=500.0, y[0]=1352.1001, toolType[0]=TOOL_TYPE_UNKNOWN, buttonState=0, metaState=0, flags=0x0, edgeFlags=0x0, pointerCount=1, historySize=0, eventTime=733994489, downTime=733994489, deviceId=0, source=0x1002 }
08-04 19:52:58.094  5057  5057 I Input   : injectMotionEvent: MotionEvent { action=ACTION_MOVE, actionButton=0, id[0]=0, x[0]=500.0, y[0]=1317.9, toolType[0]=TOOL_TYPE_UNKNOWN, buttonState=0, metaState=0, flags=0x0, edgeFlags=0x0, pointerCount=1, historySize=0, eventTime=733994507, downTime=733994507, deviceId=0, source=0x1002 }
08-04 19:52:58.106  5057  5057 I Input   : injectMotionEvent: MotionEvent { action=ACTION_MOVE, actionButton=0, id[0]=0, x[0]=500.0, y[0]=1295.1001, toolType[0]=TOOL_TYPE_UNKNOWN, buttonState=0, metaState=0, flags=0x0, edgeFlags=0x0, pointerCount=1, historySize=0, eventTime=733994519, downTime=733994519, deviceId=0, source=0x1002 }
08-04 19:52:58.123  5057  5057 I Input   : injectMotionEvent: MotionEvent { action=ACTION_MOVE, actionButton=0, id[0]=0, x[0]=500.0, y[0]=1262.8, toolType[0]=TOOL_TYPE_UNKNOWN, buttonState=0, metaState=0, flags=0x0, edgeFlags=0x0, pointerCount=1, historySize=0, eventTime=733994536, downTime=733994536, deviceId=0, source=0x1002 }
08-04 19:52:58.140  5057  5057 I Input   : injectMotionEvent: MotionEvent { action=ACTION_MOVE, actionButton=0, id[0]=0, x[0]=500.0, y[0]=1230.5, toolType[0]=TOOL_TYPE_UNKNOWN, buttonState=0, metaState=0, flags=0x0, edgeFlags=0x0, pointerCount=1, historySize=0, eventTime=733994553, downTime=733994553, deviceId=0, source=0x1002 }
08-04 19:52:58.159  5057  5057 I Input   : injectMotionEvent: MotionEvent { action=ACTION_MOVE, actionButton=0, id[0]=0, x[0]=500.0, y[0]=1194.4, toolType[0]=TOOL_TYPE_UNKNOWN, buttonState=0, metaState=0, flags=0x0, edgeFlags=0x0, pointerCount=1, historySize=0, eventTime=733994572, downTime=733994572, deviceId=0, source=0x1002 }
08-04 19:52:58.233  5057  5057 I Input   : injectMotionEvent: MotionEvent { action=ACTION_MOVE, actionButton=0, id[0]=0, x[0]=500.0, y[0]=1053.8, toolType[0]=TOOL_TYPE_UNKNOWN, buttonState=0, metaState=0, flags=0x0, edgeFlags=0x0, pointerCount=1, historySize=0, eventTime=733994646, downTime=733994646, deviceId=0, source=0x1002 }
08-04 19:52:58.303  5057  5057 I Input   : injectMotionEvent: MotionEvent { action=ACTION_MOVE, actionButton=0, id[0]=0, x[0]=500.0, y[0]=920.7999, toolType[0]=TOOL_TYPE_UNKNOWN, buttonState=0, metaState=0, flags=0x0, edgeFlags=0x0, pointerCount=1, historySize=0, eventTime=733994716, downTime=733994716, deviceId=0, source=0x1002 }
08-04 19:52:58.365  5057  5057 I Input   : injectMotionEvent: MotionEvent { action=ACTION_MOVE, actionButton=0, id[0]=0, x[0]=500.0, y[0]=803.0, toolType[0]=TOOL_TYPE_UNKNOWN, buttonState=0, metaState=0, flags=0x0, edgeFlags=0x0, pointerCount=1, historySize=0, eventTime=733994778, downTime=733994778, deviceId=0, source=0x1002 }
08-04 19:52:58.432  5057  5057 I Input   : injectMotionEvent: MotionEvent { action=ACTION_MOVE, actionButton=0, id[0]=0, x[0]=500.0, y[0]=673.7999, toolType[0]=TOOL_TYPE_UNKNOWN, buttonState=0, metaState=0, flags=0x0, edgeFlags=0x0, pointerCount=1, historySize=0, eventTime=733994846, downTime=733994846, deviceId=0, source=0x1002 }
08-04 19:52:58.495  5057  5057 I Input   : injectMotionEvent: MotionEvent { action=ACTION_MOVE, actionButton=0, id[0]=0, x[0]=500.0, y[0]=556.0, toolType[0]=TOOL_TYPE_UNKNOWN, buttonState=0, metaState=0, flags=0x0, edgeFlags=0x0, pointerCount=1, historySize=0, eventTime=733994908, downTime=733994908, deviceId=0, source=0x1002 }
08-04 19:52:58.510  2355  2778 I art     : Starting a blocking GC Explicit
08-04 19:52:58.554  5057  5057 I Input   : injectMotionEvent: MotionEvent { action=ACTION_MOVE, actionButton=0, id[0]=0, x[0]=500.0, y[0]=442.0, toolType[0]=TOOL_TYPE_UNKNOWN, buttonState=0, metaState=0, flags=0x0, edgeFlags=0x0, pointerCount=1, historySize=0, eventTime=733994968, downTime=733994968, deviceId=0, source=0x1002 }
08-04 19:52:58.580  2355  2778 I art     : Explicit concurrent mark sweep GC freed 1596(92KB) AllocSpace objects, 2(48KB) LOS objects, 7% free, 184MB/200MB, paused 2.231ms total 69.764ms
08-04 19:52:58.605  2355  2778 I art     : Starting a blocking GC Explicit
08-04 19:52:58.620  5057  5057 I Input   : injectMotionEvent: MotionEvent { action=ACTION_MOVE, actionButton=0, id[0]=0, x[0]=500.0, y[0]=318.5, toolType[0]=TOOL_TYPE_UNKNOWN, buttonState=0, metaState=0, flags=0x0, edgeFlags=0x0, pointerCount=1, historySize=0, eventTime=733995033, downTime=733995033, deviceId=0, source=0x1002 }
08-04 19:52:58.670  2355  2778 I art     : Explicit concurrent mark sweep GC freed 33(1184B) AllocSpace objects, 0(0B) LOS objects, 7% free, 184MB/200MB, paused 1.825ms total 64.765ms
08-04 19:52:58.693  2355  2778 I art     : Starting a blocking GC Explicit
08-04 19:52:58.714  5057  5057 I Input   : injectMotionEvent: MotionEvent { action=ACTION_MOVE, actionButton=0, id[0]=0, x[0]=500.0, y[0]=139.90002, toolType[0]=TOOL_TYPE_UNKNOWN, buttonState=0, metaState=0, flags=0x0, edgeFlags=0x0, pointerCount=1, historySize=0, eventTime=733995127, downTime=733995127, deviceId=0, source=0x1002 }
08-04 19:52:58.751  5057  5057 I Input   : injectMotionEvent: MotionEvent { action=ACTION_UP, actionButton=0, id[0]=0, x[0]=500.0, y[0]=100.0, toolType[0]=TOOL_TYPE_UNKNOWN, buttonState=0, metaState=0, flags=0x0, edgeFlags=0x0, pointerCount=1, historySize=0, eventTime=733995164, downTime=733995164, deviceId=0, source=0x1002 }
08-04 19:52:58.759  2355  2778 I art     : Explicit concurrent mark sweep GC freed 8(256B) AllocSpace objects, 0(0B) LOS objects, 7% free, 184MB/200MB, paused 2.051ms total 65.707ms
08-04 19:52:58.783  2355  2778 I art     : Starting a blocking GC Explicit
08-04 19:52:58.791  5057  5057 D AndroidRuntime: Shutting down VM
08-04 19:52:58.847  2355  2778 I art     : Explicit concurrent mark sweep GC freed 42(1152B) AllocSpace objects, 0(0B) LOS objects, 7% free, 184MB/200MB, paused 1.719ms total 64.137ms
08-04 19:52:58.870  2355  2778 I art     : Starting a blocking GC Explicit
08-04 19:52:58.937  2355  2778 I art     : Explicit concurrent mark sweep GC freed 3(96B) AllocSpace objects, 0(0B) LOS objects, 7% free, 184MB/200MB, paused 1.950ms total 65.953ms
08-04 19:52:59.410  2355  2370 I art     : Starting a blocking GC Explicit
08-04 19:52:59.479  2355  2370 I art     : Explicit concurrent mark sweep GC freed 1599(92KB) AllocSpace objects, 2(48KB) LOS objects, 7% free, 184MB/200MB, paused 1.969ms total 68.592ms
08-04 19:52:59.503  2355  2370 I art     : Starting a blocking GC Explicit
08-04 19:52:59.564  2355  2370 I art     : Explicit concurrent mark sweep GC freed 28(1024B) AllocSpace objects, 0(0B) LOS objects, 7% free, 184MB/200MB, paused 1.991ms total 60.746ms
08-04 19:52:59.590  2355  2370 I art     : Starting a blocking GC Explicit
08-04 19:52:59.651  5107  5107 D AndroidRuntime: >>>>>> START com.android.internal.os.RuntimeInit uid 2000 <<<<<<
08-04 19:52:59.658  5107  5107 D AndroidRuntime: CheckJNI is OFF
08-04 19:52:59.660  2355  2370 I art     : Explicit concurrent mark sweep GC freed 9(496B) AllocSpace objects, 0(0B) LOS objects, 7% free, 184MB/200MB, paused 2.230ms total 69.369ms
08-04 19:52:59.685  2355  2370 I art     : Starting a blocking GC Explicit
08-04 19:52:59.710  5107  5107 D ICU     : No timezone override file found: /data/misc/zoneinfo/current/icu/icu_tzdata.dat
08-04 19:52:59.754  5107  5107 I Radio-JNI: register_android_hardware_Radio DONE
08-04 19:52:59.754  2355  2370 I art     : Explicit concurrent mark sweep GC freed 15(672B) AllocSpace objects, 0(0B) LOS objects, 7% free, 184MB/200MB, paused 2.018ms total 68.032ms
08-04 19:52:59.780  2355  2370 I art     : Starting a blocking GC Explicit
08-04 19:52:59.787  5107  5107 D AndroidRuntime: Calling main entry com.android.commands.input.Input
08-04 19:52:59.789  5107  5107 I Input   : injectMotionEvent: MotionEvent { action=ACTION_DOWN, actionButton=0, id[0]=0, x[0]=500.0, y[0]=2000.0, toolType[0]=TOOL_TYPE_UNKNOWN, buttonState=0, metaState=0, flags=0x0, edgeFlags=0x0, pointerCount=1, historySize=0, eventTime=733996202, downTime=733996202, deviceId=0, source=0x1002 }
08-04 19:52:59.794  5107  5107 I Input   : injectMotionEvent: MotionEvent { action=ACTION_MOVE, actionButton=0, id[0]=0, x[0]=500.0, y[0]=2000.0, toolType[0]=TOOL_TYPE_UNKNOWN, buttonState=0, metaState=0, flags=0x0, edgeFlags=0x0, pointerCount=1, historySize=0, eventTime=733996202, downTime=733996202, deviceId=0, source=0x1002 }
08-04 19:52:59.807  5107  5107 I Input   : injectMotionEvent: MotionEvent { action=ACTION_MOVE, actionButton=0, id[0]=0, x[0]=500.0, y[0]=1965.8, toolType[0]=TOOL_TYPE_UNKNOWN, buttonState=0, metaState=0, flags=0x0, edgeFlags=0x0, pointerCount=1, historySize=0, eventTime=733996220, downTime=733996220, deviceId=0, source=0x1002 }
08-04 19:52:59.824  5107  5107 I Input   : injectMotionEvent: MotionEvent { action=ACTION_MOVE, actionButton=0, id[0]=0, x[0]=500.0, y[0]=1933.5, toolType[0]=TOOL_TYPE_UNKNOWN, buttonState=0, metaState=0, flags=0x0, edgeFlags=0x0, pointerCount=1, historySize=0, eventTime=733996237, downTime=733996237, deviceId=0, source=0x1002 }
08-04 19:52:59.844  5107  5107 I Input   : injectMotionEvent: MotionEvent { action=ACTION_MOVE, actionButton=0, id[0]=0, x[0]=500.0, y[0]=1895.5, toolType[0]=TOOL_TYPE_UNKNOWN, buttonState=0, metaState=0, flags=0x0, edgeFlags=0x0, pointerCount=1, historySize=0, eventTime=733996257, downTime=733996257, deviceId=0, source=0x1002 }
08-04 19:52:59.856  2355  2370 I art     : Explicit concurrent mark sweep GC freed 54(1632B) AllocSpace objects, 0(0B) LOS objects, 7% free, 184MB/200MB, paused 2.069ms total 75.529ms
08-04 19:52:59.894  5107  5107 I Input   : injectMotionEvent: MotionEvent { action=ACTION_MOVE, actionButton=0, id[0]=0, x[0]=500.0, y[0]=1800.5, toolType[0]=TOOL_TYPE_UNKNOWN, buttonState=0, metaState=0, flags=0x0, edgeFlags=0x0, pointerCount=1, historySize=0, eventTime=733996307, downTime=733996307, deviceId=0, source=0x1002 }
08-04 19:52:59.901   918  3188 I hubconnection: sensorhub said: 'set_bias 3: -5.5488, 0.0000, 0.0000'
08-04 19:52:59.932  5107  5107 I Input   : injectMotionEvent: MotionEvent { action=ACTION_MOVE, actionButton=0, id[0]=0, x[0]=500.0, y[0]=1728.3, toolType[0]=TOOL_TYPE_UNKNOWN, buttonState=0, metaState=0, flags=0x0, edgeFlags=0x0, pointerCount=1, historySize=0, eventTime=733996345, downTime=733996345, deviceId=0, source=0x1002 }
08-04 19:52:59.970  5107  5107 I Input   : injectMotionEvent: MotionEvent { action=ACTION_MOVE, actionButton=0, id[0]=0, x[0]=500.0, y[0]=1656.1, toolType[0]=TOOL_TYPE_UNKNOWN, buttonState=0, metaState=0, flags=0x0, edgeFlags=0x0, pointerCount=1, historySize=0, eventTime=733996383, downTime=733996383, deviceId=0, source=0x1002 }
08-04 19:53:00.007  5107  5107 I Input   : injectMotionEvent: MotionEvent { action=ACTION_MOVE, actionButton=0, id[0]=0, x[0]=500.0, y[0]=1585.8, toolType[0]=TOOL_TYPE_UNKNOWN, buttonState=0, metaState=0, flags=0x0, edgeFlags=0x0, pointerCount=1, historySize=0, eventTime=733996420, downTime=733996420, deviceId=0, source=0x1002 }
08-04 19:53:00.047  5107  5107 I Input   : injectMotionEvent: MotionEvent { action=ACTION_MOVE, actionButton=0, id[0]=0, x[0]=500.0, y[0]=1509.8, toolType[0]=TOOL_TYPE_UNKNOWN, buttonState=0, metaState=0, flags=0x0, edgeFlags=0x0, pointerCount=1, historySize=0, eventTime=733996460, downTime=733996460, deviceId=0, source=0x1002 }
08-04 19:53:00.090  5107  5107 I Input   : injectMotionEvent: MotionEvent { action=ACTION_MOVE, actionButton=0, id[0]=0, x[0]=500.0, y[0]=1428.1, toolType[0]=TOOL_TYPE_UNKNOWN, buttonState=0, metaState=0, flags=0x0, edgeFlags=0x0, pointerCount=1, historySize=0, eventTime=733996503, downTime=733996503, deviceId=0, source=0x1002 }
08-04 19:53:00.133  5107  5107 I Input   : injectMotionEvent: MotionEvent { action=ACTION_MOVE, actionButton=0, id[0]=0, x[0]=500.0, y[0]=1344.5, toolType[0]=TOOL_TYPE_UNKNOWN, buttonState=0, metaState=0, flags=0x0, edgeFlags=0x0, pointerCount=1, historySize=0, eventTime=733996547, downTime=733996547, deviceId=0, source=0x1002 }
08-04 19:53:00.171  5107  5107 I Input   : injectMotionEvent: MotionEvent { action=ACTION_MOVE, actionButton=0, id[0]=0, x[0]=500.0, y[0]=1274.2, toolType[0]=TOOL_TYPE_UNKNOWN, buttonState=0, metaState=0, flags=0x0, edgeFlags=0x0, pointerCount=1, historySize=0, eventTime=733996584, downTime=733996584, deviceId=0, source=0x1002 }
08-04 19:53:00.211  5107  5107 I Input   : injectMotionEvent: MotionEvent { action=ACTION_MOVE, actionButton=0, id[0]=0, x[0]=500.0, y[0]=1198.2, toolType[0]=TOOL_TYPE_UNKNOWN, buttonState=0, metaState=0, flags=0x0, edgeFlags=0x0, pointerCount=1, historySize=0, eventTime=733996624, downTime=733996624, deviceId=0, source=0x1002 }
08-04 19:53:00.248  5107  5107 I Input   : injectMotionEvent: MotionEvent { action=ACTION_MOVE, actionButton=0, id[0]=0, x[0]=500.0, y[0]=1127.9, toolType[0]=TOOL_TYPE_UNKNOWN, buttonState=0, metaState=0, flags=0x0, edgeFlags=0x0, pointerCount=1, historySize=0, eventTime=733996661, downTime=733996661, deviceId=0, source=0x1002 }
08-04 19:53:00.287  5107  5107 I Input   : injectMotionEvent: MotionEvent { action=ACTION_MOVE, actionButton=0, id[0]=0, x[0]=500.0, y[0]=1053.8, toolType[0]=TOOL_TYPE_UNKNOWN, buttonState=0, metaState=0, flags=0x0, edgeFlags=0x0, pointerCount=1, historySize=0, eventTime=733996700, downTime=733996700, deviceId=0, source=0x1002 }
08-04 19:53:00.327  2355  2370 I art     : Starting a blocking GC Explicit
08-04 19:53:00.328  5107  5107 I Input   : injectMotionEvent: MotionEvent { action=ACTION_MOVE, actionButton=0, id[0]=0, x[0]=500.0, y[0]=975.9, toolType[0]=TOOL_TYPE_UNKNOWN, buttonState=0, metaState=0, flags=0x0, edgeFlags=0x0, pointerCount=1, historySize=0, eventTime=733996741, downTime=733996741, deviceId=0, source=0x1002 }
08-04 19:53:00.367  5107  5107 I Input   : injectMotionEvent: MotionEvent { action=ACTION_MOVE, actionButton=0, id[0]=0, x[0]=500.0, y[0]=901.7999, toolType[0]=TOOL_TYPE_UNKNOWN, buttonState=0, metaState=0, flags=0x0, edgeFlags=0x0, pointerCount=1, historySize=0, eventTime=733996780, downTime=733996780, deviceId=0, source=0x1002 }
08-04 19:53:00.392  2355  2370 I art     : Explicit concurrent mark sweep GC freed 1625(93KB) AllocSpace objects, 2(48KB) LOS objects, 7% free, 184MB/200MB, paused 1.851ms total 64.179ms
08-04 19:53:00.407  5107  5107 I Input   : injectMotionEvent: MotionEvent { action=ACTION_MOVE, actionButton=0, id[0]=0, x[0]=500.0, y[0]=825.80005, toolType[0]=TOOL_TYPE_UNKNOWN, buttonState=0, metaState=0, flags=0x0, edgeFlags=0x0, pointerCount=1, historySize=0, eventTime=733996820, downTime=733996820, deviceId=0, source=0x1002 }
08-04 19:53:00.416  2355  2370 I art     : Starting a blocking GC Explicit
08-04 19:53:00.444  5107  5107 I Input   : injectMotionEvent: MotionEvent { action=ACTION_MOVE, actionButton=0, id[0]=0, x[0]=500.0, y[0]=755.5, toolType[0]=TOOL_TYPE_UNKNOWN, buttonState=0, metaState=0, flags=0x0, edgeFlags=0x0, pointerCount=1, historySize=0, eventTime=733996857, downTime=733996857, deviceId=0, source=0x1002 }
08-04 19:53:00.482  2355  2370 I art     : Explicit concurrent mark sweep GC freed 34(1216B) AllocSpace objects, 0(0B) LOS objects, 7% free, 184MB/200MB, paused 1.872ms total 65.563ms
08-04 19:53:00.484  5107  5107 I Input   : injectMotionEvent: MotionEvent { action=ACTION_MOVE, actionButton=0, id[0]=0, x[0]=500.0, y[0]=679.5, toolType[0]=TOOL_TYPE_UNKNOWN, buttonState=0, metaState=0, flags=0x0, edgeFlags=0x0, pointerCount=1, historySize=0, eventTime=733996897, downTime=733996897, deviceId=0, source=0x1002 }
08-04 19:53:00.506  2355  2370 I art     : Starting a blocking GC Explicit
08-04 19:53:00.522  5107  5107 I Input   : injectMotionEvent: MotionEvent { action=ACTION_MOVE, actionButton=0, id[0]=0, x[0]=500.0, y[0]=607.30005, toolType[0]=TOOL_TYPE_UNKNOWN, buttonState=0, metaState=0, flags=0x0, edgeFlags=0x0, pointerCount=1, historySize=0, eventTime=733996935, downTime=733996935, deviceId=0, source=0x1002 }
08-04 19:53:00.563  5107  5107 I Input   : injectMotionEvent: MotionEvent { action=ACTION_MOVE, actionButton=0, id[0]=0, x[0]=500.0, y[0]=529.4, toolType[0]=TOOL_TYPE_UNKNOWN, buttonState=0, metaState=0, flags=0x0, edgeFlags=0x0, pointerCount=1, historySize=0, eventTime=733996976, downTime=733996976, deviceId=0, source=0x1002 }
08-04 19:53:00.574  2355  2370 I art     : Explicit concurrent mark sweep GC freed 15(480B) AllocSpace objects, 0(0B) LOS objects, 7% free, 184MB/200MB, paused 1.750ms total 67.209ms
08-04 19:53:00.599  2355  2370 I art     : Starting a blocking GC Explicit
08-04 19:53:00.601  5107  5107 I Input   : injectMotionEvent: MotionEvent { action=ACTION_MOVE, actionButton=0, id[0]=0, x[0]=500.0, y[0]=455.29993, toolType[0]=TOOL_TYPE_UNKNOWN, buttonState=0, metaState=0, flags=0x0, edgeFlags=0x0, pointerCount=1, historySize=0, eventTime=733997015, downTime=733997015, deviceId=0, source=0x1002 }
08-04 19:53:00.638  5107  5107 I Input   : injectMotionEvent: MotionEvent { action=ACTION_MOVE, actionButton=0, id[0]=0, x[0]=500.0, y[0]=386.90002, toolType[0]=TOOL_TYPE_UNKNOWN, buttonState=0, metaState=0, flags=0x0, edgeFlags=0x0, pointerCount=1, historySize=0, eventTime=733997051, downTime=733997051, deviceId=0, source=0x1002 }
08-04 19:53:00.660  2355  2370 I art     : Explicit concurrent mark sweep GC freed 10(320B) AllocSpace objects, 0(0B) LOS objects, 7% free, 184MB/200MB, paused 1.823ms total 60.759ms
08-04 19:53:00.680  5107  5107 I Input   : injectMotionEvent: MotionEvent { action=ACTION_MOVE, actionButton=0, id[0]=0, x[0]=500.0, y[0]=305.19995, toolType[0]=TOOL_TYPE_UNKNOWN, buttonState=0, metaState=0, flags=0x0, edgeFlags=0x0, pointerCount=1, historySize=0, eventTime=733997094, downTime=733997094, deviceId=0, source=0x1002 }
08-04 19:53:00.685  2355  2370 I art     : Starting a blocking GC Explicit
08-04 19:53:00.718  5107  5107 I Input   : injectMotionEvent: MotionEvent { action=ACTION_MOVE, actionButton=0, id[0]=0, x[0]=500.0, y[0]=234.8999, toolType[0]=TOOL_TYPE_UNKNOWN, buttonState=0, metaState=0, flags=0x0, edgeFlags=0x0, pointerCount=1, historySize=0, eventTime=733997131, downTime=733997131, deviceId=0, source=0x1002 }
08-04 19:53:00.749  2355  2370 I art     : Explicit concurrent mark sweep GC freed 10(320B) AllocSpace objects, 0(0B) LOS objects, 7% free, 184MB/200MB, paused 1.978ms total 64.026ms
08-04 19:53:00.755  5107  5107 I Input   : injectMotionEvent: MotionEvent { action=ACTION_MOVE, actionButton=0, id[0]=0, x[0]=500.0, y[0]=162.69995, toolType[0]=TOOL_TYPE_UNKNOWN, buttonState=0, metaState=0, flags=0x0, edgeFlags=0x0, pointerCount=1, historySize=0, eventTime=733997169, downTime=733997169, deviceId=0, source=0x1002 }
08-04 19:53:00.794  5107  5107 I Input   : injectMotionEvent: MotionEvent { action=ACTION_UP, actionButton=0, id[0]=0, x[0]=500.0, y[0]=100.0, toolType[0]=TOOL_TYPE_UNKNOWN, buttonState=0, metaState=0, flags=0x0, edgeFlags=0x0, pointerCount=1, historySize=0, eventTime=733997207, downTime=733997207, deviceId=0, source=0x1002 }
08-04 19:53:00.832  5107  5107 D AndroidRuntime: Shutting down VM
08-04 19:53:01.192  2355  2377 I art     : Starting a blocking GC Explicit
08-04 19:53:01.262  2355  2377 I art     : Explicit concurrent mark sweep GC freed 1689(96KB) AllocSpace objects, 2(48KB) LOS objects, 7% free, 184MB/200MB, paused 2.079ms total 70.201ms
08-04 19:53:01.288  2355  2377 I art     : Starting a blocking GC Explicit
08-04 19:53:01.356  2355  2377 I art     : Explicit concurrent mark sweep GC freed 40(1648B) AllocSpace objects, 0(0B) LOS objects, 7% free, 184MB/200MB, paused 2.008ms total 67.248ms
08-04 19:53:01.382  2355  2377 I art     : Starting a blocking GC Explicit
08-04 19:53:01.451  2355  2377 I art     : Explicit concurrent mark sweep GC freed 3(96B) AllocSpace objects, 0(0B) LOS objects, 7% free, 184MB/200MB, paused 2.023ms total 68.640ms
08-04 19:53:01.477  2355  2377 I art     : Starting a blocking GC Explicit
08-04 19:53:01.548  2355  2377 I art     : Explicit concurrent mark sweep GC freed 3(96B) AllocSpace objects, 0(0B) LOS objects, 7% free, 184MB/200MB, paused 2.144ms total 70.845ms
08-04 19:53:01.575  2355  2377 I art     : Starting a blocking GC Explicit
08-04 19:53:01.644  2355  2377 I art     : Explicit concurrent mark sweep GC freed 3(96B) AllocSpace objects, 0(0B) LOS objects, 7% free, 184MB/200MB, paused 1.993ms total 69.082ms
08-04 19:53:01.698  5181  5181 D AndroidRuntime: >>>>>> START com.android.internal.os.RuntimeInit uid 2000 <<<<<<
08-04 19:53:01.705  5181  5181 D AndroidRuntime: CheckJNI is OFF
08-04 19:53:01.756  5181  5181 D ICU     : No timezone override file found: /data/misc/zoneinfo/current/icu/icu_tzdata.dat
08-04 19:53:01.809  5181  5181 I Radio-JNI: register_android_hardware_Radio DONE
08-04 19:53:01.843  5181  5181 D AndroidRuntime: Calling main entry com.android.commands.input.Input
08-04 19:53:01.845  5181  5181 I Input   : injectMotionEvent: MotionEvent { action=ACTION_DOWN, actionButton=0, id[0]=0, x[0]=657.0, y[0]=2080.0, toolType[0]=TOOL_TYPE_UNKNOWN, buttonState=0, metaState=0, flags=0x0, edgeFlags=0x0, pointerCount=1, historySize=0, eventTime=733998258, downTime=733998258, deviceId=0, source=0x1002 }
08-04 19:53:01.851  5181  5181 I Input   : injectMotionEvent: MotionEvent { action=ACTION_UP, actionButton=0, id[0]=0, x[0]=657.0, y[0]=2080.0, toolType[0]=TOOL_TYPE_UNKNOWN, buttonState=0, metaState=0, flags=0x0, edgeFlags=0x0, pointerCount=1, historySize=0, eventTime=733998258, downTime=733998258, deviceId=0, source=0x1002 }
08-04 19:53:01.853   918  6110 I ActivityManager: START u0 {cmp=baseline.io.github.project_travel_mate/.utilities.UpcomingWeekendsActivity} from uid 10650 on display 0
08-04 19:53:01.855   512  2967 D audio_hw_primary: out_set_parameters: enter: usecase(1: low-latency-playback) kvpairs: routing=2
08-04 19:53:01.861  5181  5181 D AndroidRuntime: Shutting down VM
08-04 19:53:01.868   512  2967 D audio_hw_primary: select_devices: out_snd_device(2: speaker) in_snd_device(0: none)
08-04 19:53:01.868   512  2967 D msm8974_platform: platform_send_audio_calibration: sending audio calibration for snd_device(2) acdb_id(15)
08-04 19:53:01.869   512  2967 I soundtrigger: audio_extn_sound_trigger_update_device_status: device 0x2 of type 0 for Event 1
08-04 19:53:01.882   512  2967 D audio_hw_primary: enable_snd_device: snd_device(2: speaker)
08-04 19:53:01.886   512  2967 D audio_hw_primary: enable_audio_route: apply and update mixer path: low-latency-playback speaker
08-04 19:53:01.918  2355  2445 D Gabe    : call	returning from cache
08-04 19:53:01.922  2355  2355 V EXECUTING: https://project-travel-mate.herokuapp.com/api/get-upcoming-holidays/2020
08-04 19:53:01.926  2355  2355 V EXECUTING: https://project-travel-mate.herokuapp.com/api/get-upcoming-holidays/2020
08-04 19:53:02.023 13866 13866 I GoogleInputMethodServic: GoogleInputMethodService.onFinishInput():3138 
08-04 19:53:02.023 13866 13866 I GoogleInputMethodServic: GoogleInputMethodService.onStartInput():1808 
08-04 19:53:02.110  2355  2370 I art     : Starting a blocking GC Explicit
08-04 19:53:02.129   918   936 I ActivityManager: Displayed baseline.io.github.project_travel_mate/.utilities.UpcomingWeekendsActivity: +263ms
08-04 19:53:02.179  2355  2370 I art     : Explicit concurrent mark sweep GC freed 3371(191KB) AllocSpace objects, 2(48KB) LOS objects, 7% free, 189MB/205MB, paused 2.536ms total 68.227ms
08-04 19:53:02.204  2355  2370 I art     : Starting a blocking GC Explicit
08-04 19:53:02.271  2355  2370 I art     : Explicit concurrent mark sweep GC freed 329(12KB) AllocSpace objects, 0(0B) LOS objects, 7% free, 189MB/205MB, paused 2.215ms total 66.947ms
08-04 19:53:02.297  2355  2370 I art     : Starting a blocking GC Explicit
08-04 19:53:02.365  2355  2370 I art     : Explicit concurrent mark sweep GC freed 110(2000B) AllocSpace objects, 0(0B) LOS objects, 7% free, 189MB/205MB, paused 3.070ms total 67.858ms
08-04 19:53:02.376   380   380 W SurfaceFlinger: couldn't log to binary event log: overflow.
08-04 19:53:02.394  2355  2370 I art     : Starting a blocking GC Explicit
08-04 19:53:02.429   512  2967 D audio_hw_primary: disable_audio_route: reset and update mixer path: low-latency-playback speaker
08-04 19:53:02.430   512  2967 D audio_hw_primary: disable_snd_device: snd_device(2: speaker)
08-04 19:53:02.438   512  2967 I soundtrigger: audio_extn_sound_trigger_update_device_status: device 0x2 of type 0 for Event 0
08-04 19:53:02.461  2355  2370 I art     : Explicit concurrent mark sweep GC freed 144(2448B) AllocSpace objects, 0(0B) LOS objects, 7% free, 189MB/205MB, paused 2.297ms total 67.333ms
08-04 19:53:02.488  2355  2370 I art     : Starting a blocking GC Explicit
08-04 19:53:02.559  2355  2370 I art     : Explicit concurrent mark sweep GC freed 150(2512B) AllocSpace objects, 0(0B) LOS objects, 7% free, 189MB/205MB, paused 2.282ms total 70.681ms
08-04 19:53:02.700  2355  5216 I NAPPA_EXPERIMENTATION: MetricNetworkRequestExecutionTime: REQUEST_DURATION_SYSTEM='773',REQUEST_DURATION_OKHTTP='42',REQUEST_SYNCHRONOUS='FALSE',RESPONSE_CODE='200',RESPONSE_METHOD='GET',RESPONSE_LENGTH_OKHTTP='6426',RESPONSE_LENGTH_HEADER='6426',REQUEST_PROTOCOL='http/1.1',REQUEST_URL='https://project-travel-mate.herokuapp.com/api/get-upcoming-holidays/2020',
08-04 19:53:02.707  2355  5215 I NAPPA_EXPERIMENTATION: MetricNetworkRequestExecutionTime: REQUEST_DURATION_SYSTEM='783',REQUEST_DURATION_OKHTTP='49',REQUEST_SYNCHRONOUS='FALSE',RESPONSE_CODE='200',RESPONSE_METHOD='GET',RESPONSE_LENGTH_OKHTTP='6426',RESPONSE_LENGTH_HEADER='6426',REQUEST_PROTOCOL='http/1.1',REQUEST_URL='https://project-travel-mate.herokuapp.com/api/get-upcoming-holidays/2020',
08-04 19:53:02.799  2355  2355 V Response: [{"month":"January","date":1,"day":"Wednesday","name":"New Year's Day","type":"Restricted"},{"month":"January","date":2,"day":"Thursday","name":"Guru Govind Singh Jayanti","type":"Restricted"},{"month":"January","date":14,"day":"Tuesday","name":"Lohri","type":"Restricted"},{"month":"January","date":15,"day":"Wednesday","name":"Pongal","type":"Restricted"},{"month":"January","date":15,"day":"Wednesday","name":"Makar Sankranti","type":"Restricted"},{"month":"January","date":25,"day":"Saturday","name":"Chinese New Year","type":"Observance"},{"month":"January","date":26,"day":"Sunday","name":"Republic Day","type":"Gazetted"},{"month":"January","date":30,"day":"Thursday","name":"Vasant Panchami","type":"Restricted"},{"month":"February","date":9,"day":"Sunday","name":"Guru Ravidas Jayanti","type":"Restricted"},{"month":"February","date":14,"day":"Friday","name":"Valentine's Day","type":"Observance"},{"month":"February","date":18,"day":"Tuesday","name":"Maharishi Dayanand Saraswati Jayanti","type":"Restricted"},{"month":"February","date":19,"day":"Wednesday","name":"Shivaji Jayanti","type":"Restricted"},{"month":"February","date":21,"day":"Friday","name":"Maha Shivaratri/Shivaratri","type":"Gazetted"},{"month":"March","date":9,"day":"Monday","name":"Holika Dahana","type":"Restricted"},{"month":"March","date":9,"day":"Monday","name":"Hazarat Ali's Birthday","type":"Restricted"},{"month":"March","date":10,"day":"Tuesday","name":"Holi","type":"Gazetted"},{"month":"March","date":20,"day":"Friday","name":"March Equinox","type":"Season"},{"month":"March","date":25,"day":"Wednesday","name":"Chaitra Sukhladi","type":"Restricted"},{"month":"April","date":2,"day":"Thursday","name":"Rama Navami","type":"Gazetted"},{"month":"April","date":6,"day":"Monday","name":"Mahavir Jayanti","type":"Gazetted"},{"month":"April","date":9,"day":"Thursday","name":"First day of Passover","type":"Observance"},{"month":"April","date":9,"day":"Thursday","name":"Maundy Thursday","type":"Observance,"},{"month":"April","date":10,"day":"Friday","name":"Good Friday","type":"Gazetted"},{"month":"April","date":12,"day":"Sunday","name":"Easter Day","type":"Restricted"},{"month":"April","date":13,"day":"Monday","name":"Vaisakhi","type":"Restricted"},{"month":"April","date":14,"day":"Tuesday","name":"Mesadi/Vaisakhadi","type":"Restricted"},{"month":"April","date":14,"day":"Tuesday","name":"Ambedkar Jayanti","type":"Central"},{"month":"May","date":1,"day":"Friday","name":"May Day","type":"Observance"},{"month":"May","date":7,"day":"Thursday","name":"Buddha Purnima/Vesak","type":"Gazetted"},{"month":"May","date":7,"day":"Thursday","name":"Birthday of Ravindranath","type":"Restricted"},{"month":"May","date":10,"day":"Sunday","name":"Mother's Day","type":"Observance"},{"month":"May","date":22,"day":"Friday","name":"Jamat Ul-Vida","type":"Restricted"},{"month":"May","date":25,"day":"Monday","name":"Ramzan Id/Eid-ul-Fitar","type":"Gazetted"},{"month":"May","date":25,"day":"Monday","name":"Ramzan Id/Eid-ul-Fitar","type":"Muslim,"},{"month":"June","date":21,"day":"Sunday","name":"June Solstice","type":"Season"},{"month":"June","date":21,"day":"Sunday","name":"Father's Day","type":"Observance"},{"month":"June","date":23,"day":"Tuesday","name":"Rath Yatra","type":"Restricted"},{"month":"July","date":5,"day":"Sunday","name":"Guru Purnima","type":"Observance"},{"month":"July","date":31,"day":"Friday","name":"Bakr Id/Eid ul-Adha","type":"Gazetted"},{"month":"August","date":2,"day":"Sunday","name":"Friendship Day","type":"Observance"},{"month":"August","date":3,"day":"Monday","name":"Raksha Bandhan (Rakhi)","type":"Restricted"},{"month":"August","date":11,"day":"Tuesday","name":"Janmashtami (Smarta)","type":"Restricted"},{"month":"August","date":12,"day":"Wednesday","name":"Janmashtami","type":"Gazetted"},{"month":"August","date":15,"day":"Saturday","name":"Independence Day","type":"Gazetted"},{"month":"August","date":16,"day":"Sunday","name":"Parsi New Year","type":"Restricted"},{"month":"August","date":22,"day":"Saturday","name":"Ganesh Chaturthi/Vin
08-04 19:53:02.803  2355  2355 V Response: [{"month":"January","date":1,"day":"Wednesday","name":"New Year's Day","type":"Restricted"},{"month":"January","date":2,"day":"Thursday","name":"Guru Govind Singh Jayanti","type":"Restricted"},{"month":"January","date":14,"day":"Tuesday","name":"Lohri","type":"Restricted"},{"month":"January","date":15,"day":"Wednesday","name":"Pongal","type":"Restricted"},{"month":"January","date":15,"day":"Wednesday","name":"Makar Sankranti","type":"Restricted"},{"month":"January","date":25,"day":"Saturday","name":"Chinese New Year","type":"Observance"},{"month":"January","date":26,"day":"Sunday","name":"Republic Day","type":"Gazetted"},{"month":"January","date":30,"day":"Thursday","name":"Vasant Panchami","type":"Restricted"},{"month":"February","date":9,"day":"Sunday","name":"Guru Ravidas Jayanti","type":"Restricted"},{"month":"February","date":14,"day":"Friday","name":"Valentine's Day","type":"Observance"},{"month":"February","date":18,"day":"Tuesday","name":"Maharishi Dayanand Saraswati Jayanti","type":"Restricted"},{"month":"February","date":19,"day":"Wednesday","name":"Shivaji Jayanti","type":"Restricted"},{"month":"February","date":21,"day":"Friday","name":"Maha Shivaratri/Shivaratri","type":"Gazetted"},{"month":"March","date":9,"day":"Monday","name":"Holika Dahana","type":"Restricted"},{"month":"March","date":9,"day":"Monday","name":"Hazarat Ali's Birthday","type":"Restricted"},{"month":"March","date":10,"day":"Tuesday","name":"Holi","type":"Gazetted"},{"month":"March","date":20,"day":"Friday","name":"March Equinox","type":"Season"},{"month":"March","date":25,"day":"Wednesday","name":"Chaitra Sukhladi","type":"Restricted"},{"month":"April","date":2,"day":"Thursday","name":"Rama Navami","type":"Gazetted"},{"month":"April","date":6,"day":"Monday","name":"Mahavir Jayanti","type":"Gazetted"},{"month":"April","date":9,"day":"Thursday","name":"First day of Passover","type":"Observance"},{"month":"April","date":9,"day":"Thursday","name":"Maundy Thursday","type":"Observance,"},{"month":"April","date":10,"day":"Friday","name":"Good Friday","type":"Gazetted"},{"month":"April","date":12,"day":"Sunday","name":"Easter Day","type":"Restricted"},{"month":"April","date":13,"day":"Monday","name":"Vaisakhi","type":"Restricted"},{"month":"April","date":14,"day":"Tuesday","name":"Mesadi/Vaisakhadi","type":"Restricted"},{"month":"April","date":14,"day":"Tuesday","name":"Ambedkar Jayanti","type":"Central"},{"month":"May","date":1,"day":"Friday","name":"May Day","type":"Observance"},{"month":"May","date":7,"day":"Thursday","name":"Buddha Purnima/Vesak","type":"Gazetted"},{"month":"May","date":7,"day":"Thursday","name":"Birthday of Ravindranath","type":"Restricted"},{"month":"May","date":10,"day":"Sunday","name":"Mother's Day","type":"Observance"},{"month":"May","date":22,"day":"Friday","name":"Jamat Ul-Vida","type":"Restricted"},{"month":"May","date":25,"day":"Monday","name":"Ramzan Id/Eid-ul-Fitar","type":"Gazetted"},{"month":"May","date":25,"day":"Monday","name":"Ramzan Id/Eid-ul-Fitar","type":"Muslim,"},{"month":"June","date":21,"day":"Sunday","name":"June Solstice","type":"Season"},{"month":"June","date":21,"day":"Sunday","name":"Father's Day","type":"Observance"},{"month":"June","date":23,"day":"Tuesday","name":"Rath Yatra","type":"Restricted"},{"month":"July","date":5,"day":"Sunday","name":"Guru Purnima","type":"Observance"},{"month":"July","date":31,"day":"Friday","name":"Bakr Id/Eid ul-Adha","type":"Gazetted"},{"month":"August","date":2,"day":"Sunday","name":"Friendship Day","type":"Observance"},{"month":"August","date":3,"day":"Monday","name":"Raksha Bandhan (Rakhi)","type":"Restricted"},{"month":"August","date":11,"day":"Tuesday","name":"Janmashtami (Smarta)","type":"Restricted"},{"month":"August","date":12,"day":"Wednesday","name":"Janmashtami","type":"Gazetted"},{"month":"August","date":15,"day":"Saturday","name":"Independence Day","type":"Gazetted"},{"month":"August","date":16,"day":"Sunday","name":"Parsi New Year","type":"Restricted"},{"month":"August","date":22,"day":"Saturday","name":"Ganesh Chaturthi/Vin
08-04 19:53:02.988  2355  2377 I art     : Starting a blocking GC Explicit
08-04 19:53:03.073  2355  2377 I art     : Explicit concurrent mark sweep GC freed 16863(727KB) AllocSpace objects, 12(4MB) LOS objects, 7% free, 185MB/201MB, paused 2.217ms total 84.603ms
08-04 19:53:03.101  2355  2377 I art     : Starting a blocking GC Explicit
08-04 19:53:03.177  2355  2377 I art     : Explicit concurrent mark sweep GC freed 2322(247KB) AllocSpace objects, 0(0B) LOS objects, 7% free, 185MB/201MB, paused 2.080ms total 75.396ms
08-04 19:53:03.205  2355  2377 I art     : Starting a blocking GC Explicit
08-04 19:53:03.282  2355  2377 I art     : Explicit concurrent mark sweep GC freed 171(2896B) AllocSpace objects, 0(0B) LOS objects, 7% free, 185MB/201MB, paused 2.224ms total 76.881ms
08-04 19:53:03.310  2355  2377 I art     : Starting a blocking GC Explicit
08-04 19:53:03.387  2355  2377 I art     : Explicit concurrent mark sweep GC freed 146(2464B) AllocSpace objects, 0(0B) LOS objects, 7% free, 185MB/201MB, paused 2.079ms total 76.150ms
08-04 19:53:03.414  2355  2377 I art     : Starting a blocking GC Explicit
08-04 19:53:03.491  2355  2377 I art     : Explicit concurrent mark sweep GC freed 148(2528B) AllocSpace objects, 0(0B) LOS objects, 7% free, 185MB/201MB, paused 2.093ms total 76.066ms
08-04 19:53:03.801   950   950 I ServiceManager: Waiting for service AtCmdFwd...
08-04 19:53:03.973  2355  2778 I art     : Starting a blocking GC Explicit
08-04 19:53:04.051  2355  2778 I art     : Explicit concurrent mark sweep GC freed 2465(107KB) AllocSpace objects, 2(48KB) LOS objects, 7% free, 185MB/201MB, paused 2.178ms total 78.039ms
08-04 19:53:04.079  2355  2778 I art     : Starting a blocking GC Explicit
08-04 19:53:04.155  2355  2778 I art     : Explicit concurrent mark sweep GC freed 206(4KB) AllocSpace objects, 0(0B) LOS objects, 7% free, 185MB/201MB, paused 2.155ms total 75.837ms
08-04 19:53:04.183  2355  2778 I art     : Starting a blocking GC Explicit
08-04 19:53:04.260  2355  2778 I art     : Explicit concurrent mark sweep GC freed 147(2496B) AllocSpace objects, 0(0B) LOS objects, 7% free, 185MB/201MB, paused 2.184ms total 76.510ms
08-04 19:53:04.288  2355  2778 I art     : Starting a blocking GC Explicit
08-04 19:53:04.366  2355  2778 I art     : Explicit concurrent mark sweep GC freed 148(2512B) AllocSpace objects, 0(0B) LOS objects, 7% free, 185MB/201MB, paused 2.296ms total 77.192ms
08-04 19:53:04.394  2355  2778 I art     : Starting a blocking GC Explicit
08-04 19:53:04.471  2355  2778 I art     : Explicit concurrent mark sweep GC freed 169(2848B) AllocSpace objects, 0(0B) LOS objects, 7% free, 185MB/201MB, paused 2.176ms total 76.893ms
08-04 19:53:04.802   950   950 I ServiceManager: Waiting for service AtCmdFwd...
08-04 19:53:04.926  2355  2370 I art     : Starting a blocking GC Explicit
08-04 19:53:05.005  2355  2370 I art     : Explicit concurrent mark sweep GC freed 2391(105KB) AllocSpace objects, 2(48KB) LOS objects, 7% free, 185MB/201MB, paused 2.121ms total 77.700ms
08-04 19:53:05.033  2355  2370 I art     : Starting a blocking GC Explicit
08-04 19:53:05.110  2355  2370 I art     : Explicit concurrent mark sweep GC freed 174(3KB) AllocSpace objects, 0(0B) LOS objects, 7% free, 185MB/201MB, paused 2.236ms total 76.631ms
08-04 19:53:05.137  2355  2370 I art     : Starting a blocking GC Explicit
08-04 19:53:05.215  2355  2370 I art     : Explicit concurrent mark sweep GC freed 147(2496B) AllocSpace objects, 0(0B) LOS objects, 7% free, 185MB/201MB, paused 2.125ms total 76.827ms
08-04 19:53:05.242  2355  2370 I art     : Starting a blocking GC Explicit
08-04 19:53:05.281   518   646 I ThermalEngine: ACTION: GPU - Setting GPU[0] to 450000000
08-04 19:53:05.318  2355  2370 I art     : Explicit concurrent mark sweep GC freed 171(2896B) AllocSpace objects, 0(0B) LOS objects, 7% free, 185MB/201MB, paused 2.044ms total 75.827ms
08-04 19:53:05.338  2355  2370 I art     : Starting a blocking GC Explicit
08-04 19:53:05.403  2355  2370 I art     : Explicit concurrent mark sweep GC freed 122(2064B) AllocSpace objects, 0(0B) LOS objects, 7% free, 185MB/201MB, paused 1.442ms total 63.956ms
08-04 19:53:05.803   950   950 I ServiceManager: Waiting for service AtCmdFwd...
08-04 19:53:05.828   918  3188 I hubconnection: sensorhub said: 'set_bias 3: -5.4720, 0.0000, 0.0000'
08-04 19:53:05.843  2355  2368 I art     : Starting a blocking GC Explicit
08-04 19:53:05.911  2355  2368 I art     : Explicit concurrent mark sweep GC freed 2357(105KB) AllocSpace objects, 2(48KB) LOS objects, 7% free, 185MB/201MB, paused 1.479ms total 67.473ms
08-04 19:53:05.934  2355  2368 I art     : Starting a blocking GC Explicit
08-04 19:53:05.996  2355  2368 I art     : Explicit concurrent mark sweep GC freed 158(3KB) AllocSpace objects, 0(0B) LOS objects, 7% free, 185MB/201MB, paused 1.330ms total 62.015ms
08-04 19:53:06.016  2355  2368 I art     : Starting a blocking GC Explicit
08-04 19:53:06.082  2355  2368 I art     : Explicit concurrent mark sweep GC freed 123(2096B) AllocSpace objects, 0(0B) LOS objects, 7% free, 185MB/201MB, paused 1.369ms total 65.744ms
08-04 19:53:06.102  2355  2368 I art     : Starting a blocking GC Explicit
08-04 19:53:06.163  2355  2368 I art     : Explicit concurrent mark sweep GC freed 123(2096B) AllocSpace objects, 0(0B) LOS objects, 7% free, 185MB/201MB, paused 1.322ms total 60.194ms
08-04 19:53:06.183  2355  2368 I art     : Starting a blocking GC Explicit
08-04 19:53:06.242  2355  2368 I art     : Explicit concurrent mark sweep GC freed 123(2096B) AllocSpace objects, 0(0B) LOS objects, 7% free, 185MB/201MB, paused 1.417ms total 58.670ms
08-04 19:53:06.651  2355  2377 I art     : Starting a blocking GC Explicit
08-04 19:53:06.661  5261  5261 D AndroidRuntime: >>>>>> START com.android.internal.os.RuntimeInit uid 2000 <<<<<<
08-04 19:53:06.667  5261  5261 D AndroidRuntime: CheckJNI is OFF
08-04 19:53:06.708   918  3261 D WifiStateMachine: starting scan for "H369AA63323"WPA_PSK with 2412,5180
08-04 19:53:06.711  5261  5261 D ICU     : No timezone override file found: /data/misc/zoneinfo/current/icu/icu_tzdata.dat
08-04 19:53:06.716  2355  2377 I art     : Explicit concurrent mark sweep GC freed 2258(103KB) AllocSpace objects, 2(48KB) LOS objects, 7% free, 185MB/201MB, paused 1.452ms total 64.087ms
08-04 19:53:06.735  2355  2377 I art     : Starting a blocking GC Explicit
08-04 19:53:06.759  5261  5261 I Radio-JNI: register_android_hardware_Radio DONE
08-04 19:53:06.788  5261  5261 D AndroidRuntime: Calling main entry com.android.commands.input.Input
08-04 19:53:06.791  5261  5261 I Input   : injectKeyEvent: KeyEvent { action=ACTION_DOWN, keyCode=KEYCODE_BACK, scanCode=0, metaState=0, flags=0x0, repeatCount=0, eventTime=734003203, downTime=734003203, deviceId=-1, source=0x101 }
08-04 19:53:06.795  2355  2377 I art     : Explicit concurrent mark sweep GC freed 160(3KB) AllocSpace objects, 0(0B) LOS objects, 7% free, 185MB/201MB, paused 1.452ms total 59.229ms
08-04 19:53:06.799  5261  5261 I Input   : injectKeyEvent: KeyEvent { action=ACTION_UP, keyCode=KEYCODE_BACK, scanCode=0, metaState=0, flags=0x0, repeatCount=0, eventTime=734003203, downTime=734003203, deviceId=-1, source=0x101 }
08-04 19:53:06.803   950   950 I ServiceManager: Waiting for service AtCmdFwd...
08-04 19:53:06.806  5261  5261 D AndroidRuntime: Shutting down VM
08-04 19:53:06.814  2355  2377 I art     : Starting a blocking GC Explicit
08-04 19:53:06.817  2355  2355 V MainActivity: url = https://project-travel-mate.herokuapp.com/api/number-of-unread-notifications
08-04 19:53:06.848 13866 13866 I GoogleInputMethodServic: GoogleInputMethodService.onFinishInput():3138 
08-04 19:53:06.848 13866 13866 I GoogleInputMethodServic: GoogleInputMethodService.onStartInput():1808 
08-04 19:53:06.868  2355  2377 I art     : Explicit concurrent mark sweep GC freed 492(17KB) AllocSpace objects, 0(0B) LOS objects, 7% free, 185MB/201MB, paused 1.517ms total 53.319ms
08-04 19:53:06.888  2355  2377 I art     : Starting a blocking GC Explicit
08-04 19:53:06.944  2355  2377 I art     : Explicit concurrent mark sweep GC freed 164(7KB) AllocSpace objects, 0(0B) LOS objects, 7% free, 185MB/201MB, paused 1.589ms total 55.987ms
08-04 19:53:06.964  2355  2377 I art     : Starting a blocking GC Explicit
08-04 19:53:07.017  2355  2377 I art     : Explicit concurrent mark sweep GC freed 178(4KB) AllocSpace objects, 0(0B) LOS objects, 7% free, 185MB/201MB, paused 1.499ms total 52.571ms
08-04 19:53:07.197   380   380 W SurfaceFlinger: couldn't log to binary event log: overflow.
08-04 19:53:07.403  2355  2370 I art     : Starting a blocking GC Explicit
08-04 19:53:07.480  2355  2370 I art     : Explicit concurrent mark sweep GC freed 1900(98KB) AllocSpace objects, 3(236KB) LOS objects, 7% free, 185MB/201MB, paused 1.636ms total 76.682ms
08-04 19:53:07.503  2355  2370 I art     : Starting a blocking GC Explicit
08-04 19:53:07.552  2355  2370 I art     : Explicit concurrent mark sweep GC freed 6651(361KB) AllocSpace objects, 13(264KB) LOS objects, 7% free, 184MB/200MB, paused 1.485ms total 48.844ms
08-04 19:53:07.571  2355  2370 I art     : Starting a blocking GC Explicit
08-04 19:53:07.628  2355  2370 I art     : Explicit concurrent mark sweep GC freed 10(416B) AllocSpace objects, 0(0B) LOS objects, 7% free, 184MB/200MB, paused 1.450ms total 57.179ms
08-04 19:53:07.647  2355  2370 I art     : Starting a blocking GC Explicit
08-04 19:53:07.697  2355  5284 I NAPPA_EXPERIMENTATION: MetricNetworkRequestExecutionTime: REQUEST_DURATION_SYSTEM='879',REQUEST_DURATION_OKHTTP='26',REQUEST_SYNCHRONOUS='FALSE',RESPONSE_CODE='200',RESPONSE_METHOD='GET',RESPONSE_LENGTH_OKHTTP='36',RESPONSE_LENGTH_HEADER='36',REQUEST_PROTOCOL='http/1.1',REQUEST_URL='https://project-travel-mate.herokuapp.com/api/number-of-unread-notifications',
08-04 19:53:07.709  2355  2370 I art     : Explicit concurrent mark sweep GC freed 2673(142KB) AllocSpace objects, 2(120KB) LOS objects, 7% free, 185MB/201MB, paused 1.462ms total 61.260ms
08-04 19:53:07.728  2355  2370 I art     : Starting a blocking GC Explicit
08-04 19:53:07.788  2355  2370 I art     : Explicit concurrent mark sweep GC freed 983(116KB) AllocSpace objects, 1(80KB) LOS objects, 7% free, 184MB/200MB, paused 1.462ms total 59.621ms
08-04 19:53:07.804   950   950 I ServiceManager: Waiting for service AtCmdFwd...
08-04 19:53:08.207  2355  2368 I art     : Starting a blocking GC Explicit
08-04 19:53:08.279  2355  2368 I art     : Explicit concurrent mark sweep GC freed 1718(99KB) AllocSpace objects, 2(48KB) LOS objects, 7% free, 184MB/200MB, paused 1.702ms total 71.669ms
08-04 19:53:08.300  2355  2368 I art     : Starting a blocking GC Explicit
08-04 19:53:08.355  2355  2368 I art     : Explicit concurrent mark sweep GC freed 39(1568B) AllocSpace objects, 0(0B) LOS objects, 7% free, 184MB/200MB, paused 1.426ms total 53.973ms
08-04 19:53:08.374  2355  2368 I art     : Starting a blocking GC Explicit
08-04 19:53:08.433  2355  2368 I art     : Explicit concurrent mark sweep GC freed 17(528B) AllocSpace objects, 0(0B) LOS objects, 7% free, 184MB/200MB, paused 1.709ms total 58.359ms
08-04 19:53:08.453  2355  2368 I art     : Starting a blocking GC Explicit
08-04 19:53:08.507  2355  2368 I art     : Explicit concurrent mark sweep GC freed 7(224B) AllocSpace objects, 0(0B) LOS objects, 7% free, 184MB/200MB, paused 1.301ms total 53.870ms
08-04 19:53:08.526  2355  2368 I art     : Starting a blocking GC Explicit
08-04 19:53:08.581  2355  2368 I art     : Explicit concurrent mark sweep GC freed 6(192B) AllocSpace objects, 0(0B) LOS objects, 7% free, 184MB/200MB, paused 1.356ms total 54.446ms
08-04 19:53:08.590  5307  5307 D AndroidRuntime: >>>>>> START com.android.internal.os.RuntimeInit uid 2000 <<<<<<
08-04 19:53:08.595  5307  5307 D AndroidRuntime: CheckJNI is OFF
08-04 19:53:08.633  5307  5307 D ICU     : No timezone override file found: /data/misc/zoneinfo/current/icu/icu_tzdata.dat
08-04 19:53:08.676  5307  5307 I Radio-JNI: register_android_hardware_Radio DONE
08-04 19:53:08.703  5307  5307 D AndroidRuntime: Calling main entry com.android.commands.input.Input
08-04 19:53:08.705  5307  5307 I Input   : injectMotionEvent: MotionEvent { action=ACTION_DOWN, actionButton=0, id[0]=0, x[0]=657.0, y[0]=2080.0, toolType[0]=TOOL_TYPE_UNKNOWN, buttonState=0, metaState=0, flags=0x0, edgeFlags=0x0, pointerCount=1, historySize=0, eventTime=734005118, downTime=734005118, deviceId=0, source=0x1002 }
08-04 19:53:08.728  5307  5307 I Input   : injectMotionEvent: MotionEvent { action=ACTION_UP, actionButton=0, id[0]=0, x[0]=657.0, y[0]=2080.0, toolType[0]=TOOL_TYPE_UNKNOWN, buttonState=0, metaState=0, flags=0x0, edgeFlags=0x0, pointerCount=1, historySize=0, eventTime=734005118, downTime=734005118, deviceId=0, source=0x1002 }
08-04 19:53:08.767  5307  5307 D AndroidRuntime: Shutting down VM
08-04 19:53:08.767   918  4400 I ActivityManager: START u0 {cmp=baseline.io.github.project_travel_mate/.utilities.UpcomingWeekendsActivity} from uid 10650 on display 0
08-04 19:53:08.769   512  2967 D audio_hw_primary: out_set_parameters: enter: usecase(1: low-latency-playback) kvpairs: routing=2
08-04 19:53:08.782   512  2967 D audio_hw_primary: select_devices: out_snd_device(2: speaker) in_snd_device(0: none)
08-04 19:53:08.782   512  2967 D msm8974_platform: platform_send_audio_calibration: sending audio calibration for snd_device(2) acdb_id(15)
08-04 19:53:08.782   512  2967 I soundtrigger: audio_extn_sound_trigger_update_device_status: device 0x2 of type 0 for Event 1
08-04 19:53:08.792   512  2967 D audio_hw_primary: enable_snd_device: snd_device(2: speaker)
08-04 19:53:08.794   512  2967 D audio_hw_primary: enable_audio_route: apply and update mixer path: low-latency-playback speaker
08-04 19:53:08.797  2355  2445 D Gabe    : call	returning from cache
08-04 19:53:08.799  2355  2355 V EXECUTING: https://project-travel-mate.herokuapp.com/api/get-upcoming-holidays/2020
08-04 19:53:08.802  2355  2355 V EXECUTING: https://project-travel-mate.herokuapp.com/api/get-upcoming-holidays/2020
08-04 19:53:08.804   950   950 W Atfwd_Sendcmd: AtCmdFwd service not published, waiting... retryCnt : 4
08-04 19:53:08.900 13866 13866 I GoogleInputMethodServic: GoogleInputMethodService.onFinishInput():3138 
08-04 19:53:08.901 13866 13866 I GoogleInputMethodServic: GoogleInputMethodService.onStartInput():1808 
08-04 19:53:08.965  2355  2368 I art     : Starting a blocking GC Explicit
08-04 19:53:08.995   918   936 I ActivityManager: Displayed baseline.io.github.project_travel_mate/.utilities.UpcomingWeekendsActivity: +217ms
08-04 19:53:09.019  2355  2368 I art     : Explicit concurrent mark sweep GC freed 3373(191KB) AllocSpace objects, 2(48KB) LOS objects, 7% free, 189MB/205MB, paused 1.732ms total 53.946ms
08-04 19:53:09.039  2355  2368 I art     : Starting a blocking GC Explicit
08-04 19:53:09.095  2355  2368 I art     : Explicit concurrent mark sweep GC freed 349(13KB) AllocSpace objects, 0(0B) LOS objects, 7% free, 189MB/205MB, paused 1.486ms total 55.020ms
08-04 19:53:09.113  2355  2368 I art     : Starting a blocking GC Explicit
08-04 19:53:09.173  2355  2368 I art     : Explicit concurrent mark sweep GC freed 123(2096B) AllocSpace objects, 0(0B) LOS objects, 7% free, 189MB/205MB, paused 1.532ms total 59.241ms
08-04 19:53:09.194  2355  2368 I art     : Starting a blocking GC Explicit
08-04 19:53:09.250   380   380 W SurfaceFlinger: couldn't log to binary event log: overflow.
08-04 19:53:09.258  2355  2368 I art     : Explicit concurrent mark sweep GC freed 123(2096B) AllocSpace objects, 0(0B) LOS objects, 7% free, 189MB/205MB, paused 1.465ms total 63.125ms
08-04 19:53:09.277  2355  2368 I art     : Starting a blocking GC Explicit
08-04 19:53:09.328   512  2967 D audio_hw_primary: disable_audio_route: reset and update mixer path: low-latency-playback speaker
08-04 19:53:09.330   512  2967 D audio_hw_primary: disable_snd_device: snd_device(2: speaker)
08-04 19:53:09.334  2355  2368 I art     : Explicit concurrent mark sweep GC freed 5205(264KB) AllocSpace objects, 5(320KB) LOS objects, 7% free, 189MB/205MB, paused 1.555ms total 56.474ms
08-04 19:53:09.338   512  2967 I soundtrigger: audio_extn_sound_trigger_update_device_status: device 0x2 of type 0 for Event 0
08-04 19:53:09.345  2355  5332 I NAPPA_EXPERIMENTATION: MetricNetworkRequestExecutionTime: REQUEST_DURATION_SYSTEM='542',REQUEST_DURATION_OKHTTP='35',REQUEST_SYNCHRONOUS='FALSE',RESPONSE_CODE='200',RESPONSE_METHOD='GET',RESPONSE_LENGTH_OKHTTP='6426',RESPONSE_LENGTH_HEADER='6426',REQUEST_PROTOCOL='http/1.1',REQUEST_URL='https://project-travel-mate.herokuapp.com/api/get-upcoming-holidays/2020',
08-04 19:53:09.346  2355  2355 V Response: [{"month":"January","date":1,"day":"Wednesday","name":"New Year's Day","type":"Restricted"},{"month":"January","date":2,"day":"Thursday","name":"Guru Govind Singh Jayanti","type":"Restricted"},{"month":"January","date":14,"day":"Tuesday","name":"Lohri","type":"Restricted"},{"month":"January","date":15,"day":"Wednesday","name":"Pongal","type":"Restricted"},{"month":"January","date":15,"day":"Wednesday","name":"Makar Sankranti","type":"Restricted"},{"month":"January","date":25,"day":"Saturday","name":"Chinese New Year","type":"Observance"},{"month":"January","date":26,"day":"Sunday","name":"Republic Day","type":"Gazetted"},{"month":"January","date":30,"day":"Thursday","name":"Vasant Panchami","type":"Restricted"},{"month":"February","date":9,"day":"Sunday","name":"Guru Ravidas Jayanti","type":"Restricted"},{"month":"February","date":14,"day":"Friday","name":"Valentine's Day","type":"Observance"},{"month":"February","date":18,"day":"Tuesday","name":"Maharishi Dayanand Saraswati Jayanti","type":"Restricted"},{"month":"February","date":19,"day":"Wednesday","name":"Shivaji Jayanti","type":"Restricted"},{"month":"February","date":21,"day":"Friday","name":"Maha Shivaratri/Shivaratri","type":"Gazetted"},{"month":"March","date":9,"day":"Monday","name":"Holika Dahana","type":"Restricted"},{"month":"March","date":9,"day":"Monday","name":"Hazarat Ali's Birthday","type":"Restricted"},{"month":"March","date":10,"day":"Tuesday","name":"Holi","type":"Gazetted"},{"month":"March","date":20,"day":"Friday","name":"March Equinox","type":"Season"},{"month":"March","date":25,"day":"Wednesday","name":"Chaitra Sukhladi","type":"Restricted"},{"month":"April","date":2,"day":"Thursday","name":"Rama Navami","type":"Gazetted"},{"month":"April","date":6,"day":"Monday","name":"Mahavir Jayanti","type":"Gazetted"},{"month":"April","date":9,"day":"Thursday","name":"First day of Passover","type":"Observance"},{"month":"April","date":9,"day":"Thursday","name":"Maundy Thursday","type":"Observance,"},{"month":"April","date":10,"day":"Friday","name":"Good Friday","type":"Gazetted"},{"month":"April","date":12,"day":"Sunday","name":"Easter Day","type":"Restricted"},{"month":"April","date":13,"day":"Monday","name":"Vaisakhi","type":"Restricted"},{"month":"April","date":14,"day":"Tuesday","name":"Mesadi/Vaisakhadi","type":"Restricted"},{"month":"April","date":14,"day":"Tuesday","name":"Ambedkar Jayanti","type":"Central"},{"month":"May","date":1,"day":"Friday","name":"May Day","type":"Observance"},{"month":"May","date":7,"day":"Thursday","name":"Buddha Purnima/Vesak","type":"Gazetted"},{"month":"May","date":7,"day":"Thursday","name":"Birthday of Ravindranath","type":"Restricted"},{"month":"May","date":10,"day":"Sunday","name":"Mother's Day","type":"Observance"},{"month":"May","date":22,"day":"Friday","name":"Jamat Ul-Vida","type":"Restricted"},{"month":"May","date":25,"day":"Monday","name":"Ramzan Id/Eid-ul-Fitar","type":"Gazetted"},{"month":"May","date":25,"day":"Monday","name":"Ramzan Id/Eid-ul-Fitar","type":"Muslim,"},{"month":"June","date":21,"day":"Sunday","name":"June Solstice","type":"Season"},{"month":"June","date":21,"day":"Sunday","name":"Father's Day","type":"Observance"},{"month":"June","date":23,"day":"Tuesday","name":"Rath Yatra","type":"Restricted"},{"month":"July","date":5,"day":"Sunday","name":"Guru Purnima","type":"Observance"},{"month":"July","date":31,"day":"Friday","name":"Bakr Id/Eid ul-Adha","type":"Gazetted"},{"month":"August","date":2,"day":"Sunday","name":"Friendship Day","type":"Observance"},{"month":"August","date":3,"day":"Monday","name":"Raksha Bandhan (Rakhi)","type":"Restricted"},{"month":"August","date":11,"day":"Tuesday","name":"Janmashtami (Smarta)","type":"Restricted"},{"month":"August","date":12,"day":"Wednesday","name":"Janmashtami","type":"Gazetted"},{"month":"August","date":15,"day":"Saturday","name":"Independence Day","type":"Gazetted"},{"month":"August","date":16,"day":"Sunday","name":"Parsi New Year","type":"Restricted"},{"month":"August","date":22,"day":"Saturday","name":"Ganesh Chaturthi/Vin
08-04 19:53:09.358  2355  5331 I NAPPA_EXPERIMENTATION: MetricNetworkRequestExecutionTime: REQUEST_DURATION_SYSTEM='558',REQUEST_DURATION_OKHTTP='46',REQUEST_SYNCHRONOUS='FALSE',RESPONSE_CODE='200',RESPONSE_METHOD='GET',RESPONSE_LENGTH_OKHTTP='6426',RESPONSE_LENGTH_HEADER='6426',REQUEST_PROTOCOL='http/1.1',REQUEST_URL='https://project-travel-mate.herokuapp.com/api/get-upcoming-holidays/2020',
08-04 19:53:09.395  2355  2355 V Response: [{"month":"January","date":1,"day":"Wednesday","name":"New Year's Day","type":"Restricted"},{"month":"January","date":2,"day":"Thursday","name":"Guru Govind Singh Jayanti","type":"Restricted"},{"month":"January","date":14,"day":"Tuesday","name":"Lohri","type":"Restricted"},{"month":"January","date":15,"day":"Wednesday","name":"Pongal","type":"Restricted"},{"month":"January","date":15,"day":"Wednesday","name":"Makar Sankranti","type":"Restricted"},{"month":"January","date":25,"day":"Saturday","name":"Chinese New Year","type":"Observance"},{"month":"January","date":26,"day":"Sunday","name":"Republic Day","type":"Gazetted"},{"month":"January","date":30,"day":"Thursday","name":"Vasant Panchami","type":"Restricted"},{"month":"February","date":9,"day":"Sunday","name":"Guru Ravidas Jayanti","type":"Restricted"},{"month":"February","date":14,"day":"Friday","name":"Valentine's Day","type":"Observance"},{"month":"February","date":18,"day":"Tuesday","name":"Maharishi Dayanand Saraswati Jayanti","type":"Restricted"},{"month":"February","date":19,"day":"Wednesday","name":"Shivaji Jayanti","type":"Restricted"},{"month":"February","date":21,"day":"Friday","name":"Maha Shivaratri/Shivaratri","type":"Gazetted"},{"month":"March","date":9,"day":"Monday","name":"Holika Dahana","type":"Restricted"},{"month":"March","date":9,"day":"Monday","name":"Hazarat Ali's Birthday","type":"Restricted"},{"month":"March","date":10,"day":"Tuesday","name":"Holi","type":"Gazetted"},{"month":"March","date":20,"day":"Friday","name":"March Equinox","type":"Season"},{"month":"March","date":25,"day":"Wednesday","name":"Chaitra Sukhladi","type":"Restricted"},{"month":"April","date":2,"day":"Thursday","name":"Rama Navami","type":"Gazetted"},{"month":"April","date":6,"day":"Monday","name":"Mahavir Jayanti","type":"Gazetted"},{"month":"April","date":9,"day":"Thursday","name":"First day of Passover","type":"Observance"},{"month":"April","date":9,"day":"Thursday","name":"Maundy Thursday","type":"Observance,"},{"month":"April","date":10,"day":"Friday","name":"Good Friday","type":"Gazetted"},{"month":"April","date":12,"day":"Sunday","name":"Easter Day","type":"Restricted"},{"month":"April","date":13,"day":"Monday","name":"Vaisakhi","type":"Restricted"},{"month":"April","date":14,"day":"Tuesday","name":"Mesadi/Vaisakhadi","type":"Restricted"},{"month":"April","date":14,"day":"Tuesday","name":"Ambedkar Jayanti","type":"Central"},{"month":"May","date":1,"day":"Friday","name":"May Day","type":"Observance"},{"month":"May","date":7,"day":"Thursday","name":"Buddha Purnima/Vesak","type":"Gazetted"},{"month":"May","date":7,"day":"Thursday","name":"Birthday of Ravindranath","type":"Restricted"},{"month":"May","date":10,"day":"Sunday","name":"Mother's Day","type":"Observance"},{"month":"May","date":22,"day":"Friday","name":"Jamat Ul-Vida","type":"Restricted"},{"month":"May","date":25,"day":"Monday","name":"Ramzan Id/Eid-ul-Fitar","type":"Gazetted"},{"month":"May","date":25,"day":"Monday","name":"Ramzan Id/Eid-ul-Fitar","type":"Muslim,"},{"month":"June","date":21,"day":"Sunday","name":"June Solstice","type":"Season"},{"month":"June","date":21,"day":"Sunday","name":"Father's Day","type":"Observance"},{"month":"June","date":23,"day":"Tuesday","name":"Rath Yatra","type":"Restricted"},{"month":"July","date":5,"day":"Sunday","name":"Guru Purnima","type":"Observance"},{"month":"July","date":31,"day":"Friday","name":"Bakr Id/Eid ul-Adha","type":"Gazetted"},{"month":"August","date":2,"day":"Sunday","name":"Friendship Day","type":"Observance"},{"month":"August","date":3,"day":"Monday","name":"Raksha Bandhan (Rakhi)","type":"Restricted"},{"month":"August","date":11,"day":"Tuesday","name":"Janmashtami (Smarta)","type":"Restricted"},{"month":"August","date":12,"day":"Wednesday","name":"Janmashtami","type":"Gazetted"},{"month":"August","date":15,"day":"Saturday","name":"Independence Day","type":"Gazetted"},{"month":"August","date":16,"day":"Sunday","name":"Parsi New Year","type":"Restricted"},{"month":"August","date":22,"day":"Saturday","name":"Ganesh Chaturthi/Vin
08-04 19:53:09.734  2355  2370 I art     : Starting a blocking GC Explicit
08-04 19:53:09.804  2355  2370 I art     : Explicit concurrent mark sweep GC freed 17567(837KB) AllocSpace objects, 7(4MB) LOS objects, 7% free, 185MB/201MB, paused 1.641ms total 68.754ms
08-04 19:53:09.823  2355  2370 I art     : Starting a blocking GC Explicit
08-04 19:53:09.885  2355  2370 I art     : Explicit concurrent mark sweep GC freed 1687(94KB) AllocSpace objects, 0(0B) LOS objects, 7% free, 185MB/201MB, paused 1.401ms total 61.454ms
08-04 19:53:09.905  2355  2370 I art     : Starting a blocking GC Explicit
08-04 19:53:09.967  2355  2370 I art     : Explicit concurrent mark sweep GC freed 123(2096B) AllocSpace objects, 0(0B) LOS objects, 7% free, 185MB/201MB, paused 1.485ms total 62.008ms
08-04 19:53:09.988  2355  2370 I art     : Starting a blocking GC Explicit
08-04 19:53:10.050  2355  2370 I art     : Explicit concurrent mark sweep GC freed 123(2096B) AllocSpace objects, 0(0B) LOS objects, 7% free, 185MB/201MB, paused 1.497ms total 61.821ms
08-04 19:53:10.050  2355  2367 I art     : WaitForGcToComplete blocked for 44.940ms for cause HeapTrim
08-04 19:53:10.070  2355  2370 I art     : Starting a blocking GC Explicit
08-04 19:53:10.133  2355  2370 I art     : Explicit concurrent mark sweep GC freed 123(2096B) AllocSpace objects, 0(0B) LOS objects, 7% free, 185MB/201MB, paused 1.450ms total 62.774ms
08-04 19:53:10.558  2355  2778 I art     : Starting a blocking GC Explicit
08-04 19:53:10.629  2355  2778 I art     : Explicit concurrent mark sweep GC freed 2306(103KB) AllocSpace objects, 2(48KB) LOS objects, 7% free, 185MB/201MB, paused 1.712ms total 70.094ms
08-04 19:53:10.649  2355  2778 I art     : Starting a blocking GC Explicit
08-04 19:53:10.715  2355  2778 I art     : Explicit concurrent mark sweep GC freed 148(3024B) AllocSpace objects, 0(0B) LOS objects, 7% free, 185MB/201MB, paused 1.453ms total 65.723ms
08-04 19:53:10.735  2355  2778 I art     : Starting a blocking GC Explicit
08-04 19:53:10.806  2355  2778 I art     : Explicit concurrent mark sweep GC freed 125(2112B) AllocSpace objects, 0(0B) LOS objects, 7% free, 185MB/201MB, paused 1.854ms total 70.295ms
08-04 19:53:10.827  2355  2778 I art     : Starting a blocking GC Explicit
08-04 19:53:10.896  2355  2778 I art     : Explicit concurrent mark sweep GC freed 182(3KB) AllocSpace objects, 0(0B) LOS objects, 7% free, 185MB/201MB, paused 1.560ms total 68.904ms
08-04 19:53:10.917  2355  2778 I art     : Starting a blocking GC Explicit
08-04 19:53:10.985  2355  2778 I art     : Explicit concurrent mark sweep GC freed 123(2096B) AllocSpace objects, 0(0B) LOS objects, 7% free, 185MB/201MB, paused 1.466ms total 68.157ms
08-04 19:53:11.431  2355  2377 I art     : Starting a blocking GC Explicit
08-04 19:53:11.501  2355  2377 I art     : Explicit concurrent mark sweep GC freed 2330(104KB) AllocSpace objects, 2(48KB) LOS objects, 7% free, 185MB/201MB, paused 1.527ms total 70.069ms
08-04 19:53:11.527  2355  2377 I art     : Starting a blocking GC Explicit
08-04 19:53:11.592  2355  2377 I art     : Explicit concurrent mark sweep GC freed 171(3KB) AllocSpace objects, 0(0B) LOS objects, 7% free, 185MB/201MB, paused 1.550ms total 64.835ms
08-04 19:53:11.612  2355  2377 I art     : Starting a blocking GC Explicit
08-04 19:53:11.680  2355  2377 I art     : Explicit concurrent mark sweep GC freed 135(2752B) AllocSpace objects, 0(0B) LOS objects, 7% free, 185MB/201MB, paused 1.455ms total 67.382ms
08-04 19:53:11.700  2355  2377 I art     : Starting a blocking GC Explicit
08-04 19:53:11.769  2355  2377 I art     : Explicit concurrent mark sweep GC freed 134(2672B) AllocSpace objects, 0(0B) LOS objects, 7% free, 185MB/201MB, paused 1.534ms total 69.105ms
08-04 19:53:11.790  2355  2377 I art     : Starting a blocking GC Explicit
08-04 19:53:11.857  2355  2377 I art     : Explicit concurrent mark sweep GC freed 175(3KB) AllocSpace objects, 0(0B) LOS objects, 7% free, 185MB/201MB, paused 1.708ms total 67.092ms
08-04 19:53:12.305  2355  2368 I art     : Starting a blocking GC Explicit
08-04 19:53:12.375  2355  2368 I art     : Explicit concurrent mark sweep GC freed 2336(104KB) AllocSpace objects, 2(48KB) LOS objects, 7% free, 185MB/201MB, paused 1.725ms total 69.445ms
08-04 19:53:12.395  2355  2368 I art     : Starting a blocking GC Explicit
08-04 19:53:12.464  2355  2368 I art     : Explicit concurrent mark sweep GC freed 151(3KB) AllocSpace objects, 0(0B) LOS objects, 7% free, 185MB/201MB, paused 1.611ms total 68.211ms
08-04 19:53:12.485  2355  2368 I art     : Starting a blocking GC Explicit
08-04 19:53:12.554  2355  2368 I art     : Explicit concurrent mark sweep GC freed 124(2128B) AllocSpace objects, 0(0B) LOS objects, 7% free, 185MB/201MB, paused 1.509ms total 69.445ms
08-04 19:53:12.575  2355  2368 I art     : Starting a blocking GC Explicit
08-04 19:53:12.645  2355  2368 I art     : Explicit concurrent mark sweep GC freed 146(2464B) AllocSpace objects, 0(0B) LOS objects, 7% free, 185MB/201MB, paused 1.560ms total 70.196ms
08-04 19:53:12.666  2355  2368 I art     : Starting a blocking GC Explicit
08-04 19:53:12.734  2355  2368 I art     : Explicit concurrent mark sweep GC freed 130(2528B) AllocSpace objects, 0(0B) LOS objects, 7% free, 185MB/201MB, paused 1.605ms total 67.594ms
08-04 19:53:13.175  2355  2370 I art     : Starting a blocking GC Explicit
08-04 19:53:13.241  2355  2370 I art     : Explicit concurrent mark sweep GC freed 2362(105KB) AllocSpace objects, 2(48KB) LOS objects, 7% free, 185MB/201MB, paused 1.663ms total 65.796ms
08-04 19:53:13.261  2355  2370 I art     : Starting a blocking GC Explicit
08-04 19:53:13.324  2355  2370 I art     : Explicit concurrent mark sweep GC freed 145(3KB) AllocSpace objects, 0(0B) LOS objects, 7% free, 185MB/201MB, paused 1.691ms total 62.798ms
08-04 19:53:13.344  2355  2370 I art     : Starting a blocking GC Explicit
08-04 19:53:13.411  2355  2370 I art     : Explicit concurrent mark sweep GC freed 133(2256B) AllocSpace objects, 0(0B) LOS objects, 7% free, 185MB/201MB, paused 1.683ms total 66.213ms
08-04 19:53:13.431  2355  2370 I art     : Starting a blocking GC Explicit
08-04 19:53:13.495  2355  2370 I art     : Explicit concurrent mark sweep GC freed 136(2304B) AllocSpace objects, 0(0B) LOS objects, 7% free, 185MB/201MB, paused 1.478ms total 64.154ms
08-04 19:53:13.516  2355  2370 I art     : Starting a blocking GC Explicit
08-04 19:53:13.525 24365 21906 I NetworkScheduler.Stats: Task com.google.android.apps.gcs/ started execution. cause:4 exec_start_elapsed_seconds: 1717397 [CONTEXT service_id=218 ]
08-04 19:53:13.527 28311  5388 W Gcs.WfaEliRefreshTask: [24857] afk.b: NULL eligibility response.
08-04 19:53:13.530 24365 21906 I NetworkScheduler.Stats: Task com.google.android.apps.gcs/ finished executing. cause:4 result: 3 elapsed_millis: 15 uptime_millis: 15 exec_start_elapsed_seconds: 1717397 [CONTEXT service_id=218 ]
08-04 19:53:13.550  5386  5386 D AndroidRuntime: >>>>>> START com.android.internal.os.RuntimeInit uid 2000 <<<<<<
08-04 19:53:13.555  5386  5386 D AndroidRuntime: CheckJNI is OFF
08-04 19:53:13.574  2355  2370 I art     : Explicit concurrent mark sweep GC freed 109(1872B) AllocSpace objects, 0(0B) LOS objects, 7% free, 185MB/201MB, paused 1.480ms total 57.840ms
08-04 19:53:13.595 24365  7398 I NetworkScheduler.Stats: Task com.google.android.gms/com.google.android.gms.common.stats.net.NetworkReportService started execution. cause:5 exec_start_elapsed_seconds: 1717397 [CONTEXT service_id=218 ]
08-04 19:53:13.599  5386  5386 D ICU     : No timezone override file found: /data/misc/zoneinfo/current/icu/icu_tzdata.dat
08-04 19:53:13.638  5386  5386 I Radio-JNI: register_android_hardware_Radio DONE
08-04 19:53:13.665  5386  5386 D AndroidRuntime: Calling main entry com.android.commands.input.Input
08-04 19:53:13.666  5386  5386 I Input   : injectKeyEvent: KeyEvent { action=ACTION_DOWN, keyCode=KEYCODE_BACK, scanCode=0, metaState=0, flags=0x0, repeatCount=0, eventTime=734010079, downTime=734010079, deviceId=-1, source=0x101 }
08-04 19:53:13.673  5386  5386 I Input   : injectKeyEvent: KeyEvent { action=ACTION_UP, keyCode=KEYCODE_BACK, scanCode=0, metaState=0, flags=0x0, repeatCount=0, eventTime=734010079, downTime=734010079, deviceId=-1, source=0x101 }
08-04 19:53:13.679  5386  5386 D AndroidRuntime: Shutting down VM
08-04 19:53:13.691  2355  2355 V MainActivity: url = https://project-travel-mate.herokuapp.com/api/number-of-unread-notifications
08-04 19:53:13.721 13866 13866 I GoogleInputMethodServic: GoogleInputMethodService.onFinishInput():3138 
08-04 19:53:13.722 13866 13866 I GoogleInputMethodServic: GoogleInputMethodService.onStartInput():1808 
08-04 19:53:13.962  2355  2377 I art     : Starting a blocking GC Explicit
08-04 19:53:14.021  2355  2377 I art     : Explicit concurrent mark sweep GC freed 2685(126KB) AllocSpace objects, 2(48KB) LOS objects, 7% free, 185MB/201MB, paused 1.459ms total 59.280ms
08-04 19:53:14.042  2355  2377 I art     : Starting a blocking GC Explicit
08-04 19:53:14.054   380   380 W SurfaceFlinger: couldn't log to binary event log: overflow.
08-04 19:53:14.095  2355  2377 I art     : Explicit concurrent mark sweep GC freed 222(6KB) AllocSpace objects, 0(0B) LOS objects, 7% free, 185MB/201MB, paused 1.279ms total 52.787ms
08-04 19:53:14.114  2355  2377 I art     : Starting a blocking GC Explicit
08-04 19:53:14.168  2355  2377 I art     : Explicit concurrent mark sweep GC freed 12(544B) AllocSpace objects, 0(0B) LOS objects, 7% free, 185MB/201MB, paused 1.348ms total 53.918ms
08-04 19:53:14.187  2355  2377 I art     : Starting a blocking GC Explicit
08-04 19:53:14.243  2355  2377 I art     : Explicit concurrent mark sweep GC freed 9136(490KB) AllocSpace objects, 16(464KB) LOS objects, 7% free, 185MB/201MB, paused 1.581ms total 55.627ms
08-04 19:53:14.253  2355  5400 I NAPPA_EXPERIMENTATION: MetricNetworkRequestExecutionTime: REQUEST_DURATION_SYSTEM='560',REQUEST_DURATION_OKHTTP='31',REQUEST_SYNCHRONOUS='FALSE',RESPONSE_CODE='200',RESPONSE_METHOD='GET',RESPONSE_LENGTH_OKHTTP='36',RESPONSE_LENGTH_HEADER='36',REQUEST_PROTOCOL='http/1.1',REQUEST_URL='https://project-travel-mate.herokuapp.com/api/number-of-unread-notifications',
08-04 19:53:14.262  2355  2377 I art     : Starting a blocking GC Explicit
08-04 19:53:14.313  2355  2377 I art     : Explicit concurrent mark sweep GC freed 1113(129KB) AllocSpace objects, 0(0B) LOS objects, 7% free, 185MB/201MB, paused 1.421ms total 51.097ms
08-04 19:53:14.423   918   927 I art     : Background partial concurrent mark sweep GC freed 33790(1866KB) AllocSpace objects, 4(184KB) LOS objects, 18% free, 69MB/85MB, paused 1.861ms total 205.105ms
08-04 19:53:14.706 24365 21906 I NetworkScheduler.Stats: Task com.google.android.gms/com.google.android.gms.common.stats.net.NetworkReportService finished executing. cause:5 result: 1 elapsed_millis: 1143 uptime_millis: 1143 exec_start_elapsed_seconds: 1717397 [CONTEXT service_id=218 ]
08-04 19:53:14.707  2355  2377 I art     : Starting a blocking GC Explicit
08-04 19:53:14.768  2355  2377 I art     : Explicit concurrent mark sweep GC freed 1692(96KB) AllocSpace objects, 2(48KB) LOS objects, 7% free, 185MB/201MB, paused 1.522ms total 60.972ms
08-04 19:53:14.788  2355  2377 I art     : Starting a blocking GC Explicit
08-04 19:53:14.849  2355  2377 I art     : Explicit concurrent mark sweep GC freed 84(2896B) AllocSpace objects, 0(0B) LOS objects, 7% free, 185MB/201MB, paused 1.487ms total 60.637ms
08-04 19:53:14.869  2355  2377 I art     : Starting a blocking GC Explicit
08-04 19:53:14.930  2355  2377 I art     : Explicit concurrent mark sweep GC freed 3(96B) AllocSpace objects, 0(0B) LOS objects, 7% free, 185MB/201MB, paused 1.483ms total 60.305ms
08-04 19:53:14.949  2355  2377 I art     : Starting a blocking GC Explicit
08-04 19:53:15.006  2355  2377 I art     : Explicit concurrent mark sweep GC freed 3(96B) AllocSpace objects, 0(0B) LOS objects, 7% free, 185MB/201MB, paused 1.536ms total 56.605ms
08-04 19:53:15.025  2355  2377 I art     : Starting a blocking GC Explicit
08-04 19:53:15.084  2355  2377 I art     : Explicit concurrent mark sweep GC freed 3(96B) AllocSpace objects, 0(0B) LOS objects, 7% free, 185MB/201MB, paused 1.479ms total 58.954ms
08-04 19:53:15.444  5423  5423 D AndroidRuntime: >>>>>> START com.android.internal.os.RuntimeInit uid 2000 <<<<<<
08-04 19:53:15.450  5423  5423 D AndroidRuntime: CheckJNI is OFF
08-04 19:53:15.488  5423  5423 D ICU     : No timezone override file found: /data/misc/zoneinfo/current/icu/icu_tzdata.dat
08-04 19:53:15.505  2355  2377 I art     : Starting a blocking GC Explicit
08-04 19:53:15.526  5423  5423 I Radio-JNI: register_android_hardware_Radio DONE
08-04 19:53:15.554  5423  5423 D AndroidRuntime: Calling main entry com.android.commands.input.Input
08-04 19:53:15.557  5423  5423 I Input   : injectMotionEvent: MotionEvent { action=ACTION_DOWN, actionButton=0, id[0]=0, x[0]=117.0, y[0]=170.0, toolType[0]=TOOL_TYPE_UNKNOWN, buttonState=0, metaState=0, flags=0x0, edgeFlags=0x0, pointerCount=1, historySize=0, eventTime=734011969, downTime=734011969, deviceId=0, source=0x1002 }
08-04 19:53:15.559  2355  2377 I art     : Explicit concurrent mark sweep GC freed 1598(92KB) AllocSpace objects, 2(48KB) LOS objects, 7% free, 185MB/201MB, paused 1.547ms total 53.857ms
08-04 19:53:15.574  5423  5423 I Input   : injectMotionEvent: MotionEvent { action=ACTION_UP, actionButton=0, id[0]=0, x[0]=117.0, y[0]=170.0, toolType[0]=TOOL_TYPE_UNKNOWN, buttonState=0, metaState=0, flags=0x0, edgeFlags=0x0, pointerCount=1, historySize=0, eventTime=734011969, downTime=734011969, deviceId=0, source=0x1002 }
08-04 19:53:15.580  2355  2377 I art     : Starting a blocking GC Explicit
08-04 19:53:15.613  5423  5423 D AndroidRuntime: Shutting down VM
08-04 19:53:15.635  2355  2377 I art     : Explicit concurrent mark sweep GC freed 50(1744B) AllocSpace objects, 0(0B) LOS objects, 7% free, 185MB/201MB, paused 1.469ms total 54.602ms
08-04 19:53:15.654   512  2967 D audio_hw_primary: out_set_parameters: enter: usecase(1: low-latency-playback) kvpairs: routing=2
08-04 19:53:15.656  2355  2377 I art     : Starting a blocking GC Explicit
08-04 19:53:15.667   512  2967 D audio_hw_primary: select_devices: out_snd_device(2: speaker) in_snd_device(0: none)
08-04 19:53:15.667   512  2967 D msm8974_platform: platform_send_audio_calibration: sending audio calibration for snd_device(2) acdb_id(15)
08-04 19:53:15.667   512  2967 I soundtrigger: audio_extn_sound_trigger_update_device_status: device 0x2 of type 0 for Event 1
08-04 19:53:15.677   512  2967 D audio_hw_primary: enable_snd_device: snd_device(2: speaker)
08-04 19:53:15.679   512  2967 D audio_hw_primary: enable_audio_route: apply and update mixer path: low-latency-playback speaker
08-04 19:53:15.713  2355  2377 I art     : Explicit concurrent mark sweep GC freed 11(368B) AllocSpace objects, 0(0B) LOS objects, 7% free, 185MB/201MB, paused 1.397ms total 56.472ms
08-04 19:53:15.735  2355  2377 I art     : Starting a blocking GC Explicit
08-04 19:53:15.789  2355  2377 I art     : Explicit concurrent mark sweep GC freed 411(21KB) AllocSpace objects, 0(0B) LOS objects, 7% free, 185MB/201MB, paused 1.423ms total 54.169ms
08-04 19:53:15.809  2355  2377 I art     : Starting a blocking GC Explicit
08-04 19:53:15.864  2355  2377 I art     : Explicit concurrent mark sweep GC freed 73(2672B) AllocSpace objects, 0(0B) LOS objects, 7% free, 185MB/201MB, paused 1.383ms total 55.283ms
08-04 19:53:16.219   512  2967 D audio_hw_primary: disable_audio_route: reset and update mixer path: low-latency-playback speaker
08-04 19:53:16.221   512  2967 D audio_hw_primary: disable_snd_device: snd_device(2: speaker)
08-04 19:53:16.228   512  2967 I soundtrigger: audio_extn_sound_trigger_update_device_status: device 0x2 of type 0 for Event 0
08-04 19:53:16.267  2355  2370 I art     : Starting a blocking GC Explicit
08-04 19:53:16.325  2355  2370 I art     : Explicit concurrent mark sweep GC freed 1589(92KB) AllocSpace objects, 2(48KB) LOS objects, 7% free, 185MB/201MB, paused 1.440ms total 57.943ms
08-04 19:53:16.345  2355  2370 I art     : Starting a blocking GC Explicit
08-04 19:53:16.362  5446  5446 D AndroidRuntime: >>>>>> START com.android.internal.os.RuntimeInit uid 2000 <<<<<<
08-04 19:53:16.367  5446  5446 D AndroidRuntime: CheckJNI is OFF
08-04 19:53:16.402  2355  2370 I art     : Explicit concurrent mark sweep GC freed 38(1360B) AllocSpace objects, 0(0B) LOS objects, 7% free, 185MB/201MB, paused 1.481ms total 57.280ms
08-04 19:53:16.411  5446  5446 D ICU     : No timezone override file found: /data/misc/zoneinfo/current/icu/icu_tzdata.dat
08-04 19:53:16.421  2355  2370 I art     : Starting a blocking GC Explicit
08-04 19:53:16.453  5446  5446 I Radio-JNI: register_android_hardware_Radio DONE
08-04 19:53:16.480  2355  2370 I art     : Explicit concurrent mark sweep GC freed 5(160B) AllocSpace objects, 0(0B) LOS objects, 7% free, 185MB/201MB, paused 1.510ms total 57.953ms
08-04 19:53:16.483  5446  5446 D AndroidRuntime: Calling main entry com.android.commands.input.Input
08-04 19:53:16.485  5446  5446 I Input   : injectMotionEvent: MotionEvent { action=ACTION_DOWN, actionButton=0, id[0]=0, x[0]=405.0, y[0]=661.0, toolType[0]=TOOL_TYPE_UNKNOWN, buttonState=0, metaState=0, flags=0x0, edgeFlags=0x0, pointerCount=1, historySize=0, eventTime=734012897, downTime=734012897, deviceId=0, source=0x1002 }
08-04 19:53:16.490  5446  5446 I Input   : injectMotionEvent: MotionEvent { action=ACTION_UP, actionButton=0, id[0]=0, x[0]=405.0, y[0]=661.0, toolType[0]=TOOL_TYPE_UNKNOWN, buttonState=0, metaState=0, flags=0x0, edgeFlags=0x0, pointerCount=1, historySize=0, eventTime=734012897, downTime=734012897, deviceId=0, source=0x1002 }
08-04 19:53:16.493  5446  5446 D AndroidRuntime: Shutting down VM
08-04 19:53:16.500  2355  2370 I art     : Starting a blocking GC Explicit
08-04 19:53:16.514   512  2967 D audio_hw_primary: out_set_parameters: enter: usecase(1: low-latency-playback) kvpairs: routing=2
08-04 19:53:16.527   512  2967 D audio_hw_primary: select_devices: out_snd_device(2: speaker) in_snd_device(0: none)
08-04 19:53:16.527   512  2967 D msm8974_platform: platform_send_audio_calibration: sending audio calibration for snd_device(2) acdb_id(15)
08-04 19:53:16.528   512  2967 I soundtrigger: audio_extn_sound_trigger_update_device_status: device 0x2 of type 0 for Event 1
08-04 19:53:16.537   512  2967 D audio_hw_primary: enable_snd_device: snd_device(2: speaker)
08-04 19:53:16.539   512  2967 D audio_hw_primary: enable_audio_route: apply and update mixer path: low-latency-playback speaker
08-04 19:53:16.560  2355  2370 I art     : Explicit concurrent mark sweep GC freed 1173(45KB) AllocSpace objects, 0(0B) LOS objects, 7% free, 185MB/201MB, paused 1.946ms total 59.568ms
08-04 19:53:16.578   512  2967 D AudioFlinger: mixer(0xf4740000) throttle end: throttle time(12)
08-04 19:53:16.578  2355  2370 I art     : Starting a blocking GC Explicit
08-04 19:53:16.636  2355  2370 I art     : Explicit concurrent mark sweep GC freed 929(31KB) AllocSpace objects, 0(0B) LOS objects, 7% free, 185MB/201MB, paused 1.535ms total 57.399ms
08-04 19:53:17.037  2355  2368 I art     : Starting a blocking GC Explicit
08-04 19:53:17.060   512  2967 D audio_hw_primary: disable_audio_route: reset and update mixer path: low-latency-playback speaker
08-04 19:53:17.062   512  2967 D audio_hw_primary: disable_snd_device: snd_device(2: speaker)
08-04 19:53:17.071   512  2967 I soundtrigger: audio_extn_sound_trigger_update_device_status: device 0x2 of type 0 for Event 0
08-04 19:53:17.101  2355  2368 I art     : Explicit concurrent mark sweep GC freed 2452(141KB) AllocSpace objects, 11(300KB) LOS objects, 7% free, 185MB/201MB, paused 1.516ms total 63.054ms
08-04 19:53:17.121  2355  2368 I art     : Starting a blocking GC Explicit
08-04 19:53:17.187  2355  2368 I art     : Explicit concurrent mark sweep GC freed 28(1024B) AllocSpace objects, 0(0B) LOS objects, 7% free, 185MB/201MB, paused 1.604ms total 66.360ms
08-04 19:53:17.211  2355  2368 I art     : Starting a blocking GC Explicit
08-04 19:53:17.275  2355  2368 I art     : Explicit concurrent mark sweep GC freed 3(96B) AllocSpace objects, 0(0B) LOS objects, 7% free, 185MB/201MB, paused 1.473ms total 63.377ms
08-04 19:53:17.295  2355  2368 I art     : Starting a blocking GC Explicit
08-04 19:53:17.358  2355  2368 I art     : Explicit concurrent mark sweep GC freed 3(96B) AllocSpace objects, 0(0B) LOS objects, 7% free, 185MB/201MB, paused 1.535ms total 63.040ms
08-04 19:53:17.379  2355  2368 I art     : Starting a blocking GC Explicit
08-04 19:53:17.447  2355  2368 I art     : Explicit concurrent mark sweep GC freed 3(96B) AllocSpace objects, 0(0B) LOS objects, 7% free, 185MB/201MB, paused 1.592ms total 67.786ms
08-04 19:53:17.893  2355  2778 I art     : Starting a blocking GC Explicit
08-04 19:53:17.980  2355  2778 I art     : Explicit concurrent mark sweep GC freed 1635(93KB) AllocSpace objects, 2(48KB) LOS objects, 7% free, 185MB/201MB, paused 1.808ms total 85.976ms
08-04 19:53:18.003  2355  2778 I art     : Starting a blocking GC Explicit
08-04 19:53:18.066  2355  2778 I art     : Explicit concurrent mark sweep GC freed 49(2336B) AllocSpace objects, 0(0B) LOS objects, 7% free, 185MB/201MB, paused 1.491ms total 62.980ms
08-04 19:53:18.086  2355  2778 I art     : Starting a blocking GC Explicit
08-04 19:53:18.154  2355  2778 I art     : Explicit concurrent mark sweep GC freed 3(96B) AllocSpace objects, 0(0B) LOS objects, 7% free, 185MB/201MB, paused 1.668ms total 67.726ms
08-04 19:53:18.178  2355  2778 I art     : Starting a blocking GC Explicit
08-04 19:53:18.247  2355  2778 I art     : Explicit concurrent mark sweep GC freed 3(96B) AllocSpace objects, 0(0B) LOS objects, 7% free, 185MB/201MB, paused 1.571ms total 68.505ms
08-04 19:53:18.268  2355  2778 I art     : Starting a blocking GC Explicit
08-04 19:53:18.342  2355  2778 I art     : Explicit concurrent mark sweep GC freed 3(96B) AllocSpace objects, 0(0B) LOS objects, 7% free, 185MB/201MB, paused 1.821ms total 73.939ms
08-04 19:53:18.793  2355  2377 I art     : Starting a blocking GC Explicit
08-04 19:53:18.858  2355  2377 I art     : Explicit concurrent mark sweep GC freed 1635(93KB) AllocSpace objects, 2(48KB) LOS objects, 7% free, 185MB/201MB, paused 1.490ms total 63.719ms
08-04 19:53:18.877  2355  2377 I art     : Starting a blocking GC Explicit
08-04 19:53:18.937  2355  2377 I art     : Explicit concurrent mark sweep GC freed 42(1696B) AllocSpace objects, 0(0B) LOS objects, 7% free, 185MB/201MB, paused 1.463ms total 59.448ms
08-04 19:53:18.957  2355  2377 I art     : Starting a blocking GC Explicit
08-04 19:53:19.019  2355  2377 I art     : Explicit concurrent mark sweep GC freed 12(576B) AllocSpace objects, 0(0B) LOS objects, 7% free, 185MB/201MB, paused 1.485ms total 62.488ms
08-04 19:53:19.039  2355  2377 I art     : Starting a blocking GC Explicit
08-04 19:53:19.103  2355  2377 I art     : Explicit concurrent mark sweep GC freed 17(528B) AllocSpace objects, 0(0B) LOS objects, 7% free, 185MB/201MB, paused 1.582ms total 63.608ms
08-04 19:53:19.124  2355  2377 I art     : Starting a blocking GC Explicit
08-04 19:53:19.190  2355  2377 I art     : Explicit concurrent mark sweep GC freed 3(96B) AllocSpace objects, 0(0B) LOS objects, 7% free, 185MB/201MB, paused 1.487ms total 65.197ms
08-04 19:53:19.293  5499  5499 D AndroidRuntime: >>>>>> START com.android.internal.os.RuntimeInit uid 2000 <<<<<<
08-04 19:53:19.300  5499  5499 D AndroidRuntime: CheckJNI is OFF
08-04 19:53:19.349  5499  5499 D ICU     : No timezone override file found: /data/misc/zoneinfo/current/icu/icu_tzdata.dat
08-04 19:53:19.395  5499  5499 I Radio-JNI: register_android_hardware_Radio DONE
08-04 19:53:19.424  5499  5499 D AndroidRuntime: Calling main entry com.android.commands.input.Input
08-04 19:53:19.426  5499  5499 I Input   : injectMotionEvent: MotionEvent { action=ACTION_DOWN, actionButton=0, id[0]=0, x[0]=1341.0, y[0]=197.0, toolType[0]=TOOL_TYPE_UNKNOWN, buttonState=0, metaState=0, flags=0x0, edgeFlags=0x0, pointerCount=1, historySize=0, eventTime=734015838, downTime=734015838, deviceId=0, source=0x1002 }
08-04 19:53:19.430  5499  5499 I Input   : injectMotionEvent: MotionEvent { action=ACTION_UP, actionButton=0, id[0]=0, x[0]=1341.0, y[0]=197.0, toolType[0]=TOOL_TYPE_UNKNOWN, buttonState=0, metaState=0, flags=0x0, edgeFlags=0x0, pointerCount=1, historySize=0, eventTime=734015838, downTime=734015838, deviceId=0, source=0x1002 }
08-04 19:53:19.432  5499  5499 D AndroidRuntime: Shutting down VM
08-04 19:53:19.447   918   928 I ActivityManager: START u0 {cmp=baseline.io.github.project_travel_mate/.notifications.NotificationsActivity} from uid 10650 on display 0
08-04 19:53:19.449   512  2967 D audio_hw_primary: out_set_parameters: enter: usecase(1: low-latency-playback) kvpairs: routing=2
08-04 19:53:19.463   512  2967 D audio_hw_primary: select_devices: out_snd_device(2: speaker) in_snd_device(0: none)
08-04 19:53:19.463   512  2967 D msm8974_platform: platform_send_audio_calibration: sending audio calibration for snd_device(2) acdb_id(15)
08-04 19:53:19.463   512  2967 I soundtrigger: audio_extn_sound_trigger_update_device_status: device 0x2 of type 0 for Event 1
08-04 19:53:19.479   512  2967 D audio_hw_primary: enable_snd_device: snd_device(2: speaker)
08-04 19:53:19.482   512  2967 D audio_hw_primary: enable_audio_route: apply and update mixer path: low-latency-playback speaker
08-04 19:53:19.493  2355  2445 D Gabe    : call	returning from cache
08-04 19:53:19.499  2355  2355 V EXECUTING: https://project-travel-mate.herokuapp.com/api/get-notifications
08-04 19:53:19.501  2355  2355 V EXECUTING: https://project-travel-mate.herokuapp.com/api/get-notifications
08-04 19:53:19.652  2355  2377 I art     : Starting a blocking GC Explicit
08-04 19:53:19.670   918   936 I ActivityManager: Displayed baseline.io.github.project_travel_mate/.notifications.NotificationsActivity: +211ms
08-04 19:53:19.672 13866 13866 I GoogleInputMethodServic: GoogleInputMethodService.onFinishInput():3138 
08-04 19:53:19.673 13866 13866 I GoogleInputMethodServic: GoogleInputMethodService.onStartInput():1808 
08-04 19:53:19.713  2355  2377 I art     : Explicit concurrent mark sweep GC freed 3779(214KB) AllocSpace objects, 2(48KB) LOS objects, 7% free, 189MB/205MB, paused 1.664ms total 61.145ms
08-04 19:53:19.735  2355  2377 I art     : Starting a blocking GC Explicit
08-04 19:53:19.768  2355  2373 D OpenGLRenderer: endAllStagingAnimators on 0x7f7a17d400 (RippleDrawable) with handle 0x7f799acb00
08-04 19:53:19.793  2355  2377 I art     : Explicit concurrent mark sweep GC freed 398(16KB) AllocSpace objects, 0(0B) LOS objects, 7% free, 189MB/205MB, paused 1.946ms total 58.623ms
08-04 19:53:19.813  2355  2377 I art     : Starting a blocking GC Explicit
08-04 19:53:19.870  2355  2377 I art     : Explicit concurrent mark sweep GC freed 172(4KB) AllocSpace objects, 0(0B) LOS objects, 7% free, 189MB/205MB, paused 1.424ms total 57.395ms
08-04 19:53:19.890  2355  2377 I art     : Starting a blocking GC Explicit
08-04 19:53:19.929   380   380 W SurfaceFlinger: couldn't log to binary event log: overflow.
08-04 19:53:19.950  2355  2377 I art     : Explicit concurrent mark sweep GC freed 124(2128B) AllocSpace objects, 0(0B) LOS objects, 7% free, 189MB/205MB, paused 1.408ms total 59.587ms
08-04 19:53:19.969  2355  2377 I art     : Starting a blocking GC Explicit
08-04 19:53:20.019   512  2967 D audio_hw_primary: disable_audio_route: reset and update mixer path: low-latency-playback speaker
08-04 19:53:20.021   512  2967 D audio_hw_primary: disable_snd_device: snd_device(2: speaker)
08-04 19:53:20.027  2355  2377 I art     : Explicit concurrent mark sweep GC freed 506(18KB) AllocSpace objects, 0(0B) LOS objects, 7% free, 189MB/205MB, paused 1.751ms total 57.120ms
08-04 19:53:20.032   512  2967 I soundtrigger: audio_extn_sound_trigger_update_device_status: device 0x2 of type 0 for Event 0
08-04 19:53:20.118  2355  5523 I NAPPA_EXPERIMENTATION: MetricNetworkRequestExecutionTime: REQUEST_DURATION_SYSTEM='618',REQUEST_DURATION_OKHTTP='48',REQUEST_SYNCHRONOUS='FALSE',RESPONSE_CODE='200',RESPONSE_METHOD='GET',RESPONSE_LENGTH_OKHTTP='2',RESPONSE_LENGTH_HEADER='2',REQUEST_PROTOCOL='http/1.1',REQUEST_URL='https://project-travel-mate.herokuapp.com/api/get-notifications',
08-04 19:53:20.124  2355  5524 I NAPPA_EXPERIMENTATION: MetricNetworkRequestExecutionTime: REQUEST_DURATION_SYSTEM='622',REQUEST_DURATION_OKHTTP='55',REQUEST_SYNCHRONOUS='FALSE',RESPONSE_CODE='200',RESPONSE_METHOD='GET',RESPONSE_LENGTH_OKHTTP='2',RESPONSE_LENGTH_HEADER='2',REQUEST_PROTOCOL='http/1.1',REQUEST_URL='https://project-travel-mate.herokuapp.com/api/get-notifications',
08-04 19:53:20.279  2355  2355 V Response: [] 
08-04 19:53:20.284  2355  2445 D Gabe    : call	returning from cache
08-04 19:53:20.284  2355  2355 V Response: [] 
08-04 19:53:20.288  2355  2445 D Gabe    : call	returning from cache
08-04 19:53:20.414  2355  2778 I art     : Starting a blocking GC Explicit
08-04 19:53:20.473  2355  2778 I art     : Explicit concurrent mark sweep GC freed 9645(457KB) AllocSpace objects, 9(636KB) LOS objects, 7% free, 190MB/206MB, paused 1.504ms total 58.009ms
08-04 19:53:20.492  2355  2778 I art     : Starting a blocking GC Explicit
08-04 19:53:20.547  2355  2778 I art     : Explicit concurrent mark sweep GC freed 3810(305KB) AllocSpace objects, 0(0B) LOS objects, 7% free, 190MB/206MB, paused 1.357ms total 54.138ms
08-04 19:53:20.566  2355  2778 I art     : Starting a blocking GC Explicit
08-04 19:53:20.621  2355  2778 I art     : Explicit concurrent mark sweep GC freed 468(9KB) AllocSpace objects, 0(0B) LOS objects, 7% free, 190MB/206MB, paused 1.509ms total 54.677ms
08-04 19:53:20.621  2355  2367 I art     : WaitForGcToComplete blocked for 55.010ms for cause HeapTrim
08-04 19:53:20.640  2355  2778 I art     : Starting a blocking GC Explicit
08-04 19:53:20.693  2355  2778 I art     : Explicit concurrent mark sweep GC freed 441(14KB) AllocSpace objects, 0(0B) LOS objects, 7% free, 190MB/206MB, paused 1.338ms total 52.861ms
08-04 19:53:20.712  2355  2778 I art     : Starting a blocking GC Explicit
08-04 19:53:20.764  2355  2778 I art     : Explicit concurrent mark sweep GC freed 302(5KB) AllocSpace objects, 0(0B) LOS objects, 7% free, 190MB/206MB, paused 1.473ms total 52.742ms
08-04 19:53:21.171  2355  2778 I art     : Starting a blocking GC Explicit
08-04 19:53:21.228  2355  2778 I art     : Explicit concurrent mark sweep GC freed 3665(127KB) AllocSpace objects, 2(48KB) LOS objects, 7% free, 190MB/206MB, paused 1.392ms total 56.762ms
08-04 19:53:21.248  2355  2778 I art     : Starting a blocking GC Explicit
08-04 19:53:21.302  2355  2778 I art     : Explicit concurrent mark sweep GC freed 358(6KB) AllocSpace objects, 0(0B) LOS objects, 7% free, 190MB/206MB, paused 1.545ms total 53.644ms
08-04 19:53:21.309   518   646 I ThermalEngine: ACTION: GPU - Setting GPU[0] to 390000000
08-04 19:53:21.335  2355  2778 I art     : Starting a blocking GC Explicit
08-04 19:53:21.403  2355  2778 I art     : Explicit concurrent mark sweep GC freed 434(7KB) AllocSpace objects, 0(0B) LOS objects, 7% free, 190MB/206MB, paused 2.129ms total 67.919ms
08-04 19:53:21.429  2355  2778 I art     : Starting a blocking GC Explicit
08-04 19:53:21.496  2355  2778 I art     : Explicit concurrent mark sweep GC freed 405(6KB) AllocSpace objects, 0(0B) LOS objects, 7% free, 190MB/206MB, paused 1.905ms total 66.365ms
08-04 19:53:21.521  2355  2778 I art     : Starting a blocking GC Explicit
08-04 19:53:21.587  2355  2778 I art     : Explicit concurrent mark sweep GC freed 399(6KB) AllocSpace objects, 0(0B) LOS objects, 7% free, 190MB/206MB, paused 2.040ms total 65.406ms
08-04 19:53:22.039  2355  2370 I art     : Starting a blocking GC Explicit
08-04 19:53:22.113  2355  2370 I art     : Explicit concurrent mark sweep GC freed 3830(128KB) AllocSpace objects, 2(48KB) LOS objects, 7% free, 190MB/206MB, paused 1.950ms total 73.315ms
08-04 19:53:22.139  2355  2370 I art     : Starting a blocking GC Explicit
08-04 19:53:22.206  2355  2370 I art     : Explicit concurrent mark sweep GC freed 442(7KB) AllocSpace objects, 0(0B) LOS objects, 7% free, 190MB/206MB, paused 2.135ms total 65.979ms
08-04 19:53:22.235  2355  2370 I art     : Starting a blocking GC Explicit
08-04 19:53:22.299  2355  2370 I art     : Explicit concurrent mark sweep GC freed 369(5KB) AllocSpace objects, 0(0B) LOS objects, 7% free, 190MB/206MB, paused 2.001ms total 64.159ms
08-04 19:53:22.324  2355  2370 I art     : Starting a blocking GC Explicit
08-04 19:53:22.390  2355  2370 I art     : Explicit concurrent mark sweep GC freed 421(6KB) AllocSpace objects, 0(0B) LOS objects, 7% free, 190MB/206MB, paused 2ms total 65.653ms
08-04 19:53:22.416  2355  2370 I art     : Starting a blocking GC Explicit
08-04 19:53:22.481  2355  2370 I art     : Explicit concurrent mark sweep GC freed 355(5KB) AllocSpace objects, 0(0B) LOS objects, 7% free, 190MB/206MB, paused 1.941ms total 64.744ms
08-04 19:53:22.930  2355  2377 I art     : Starting a blocking GC Explicit
08-04 19:53:22.998  2355  2377 I art     : Explicit concurrent mark sweep GC freed 3792(127KB) AllocSpace objects, 2(48KB) LOS objects, 7% free, 190MB/206MB, paused 2.024ms total 67.158ms
08-04 19:53:23.024  2355  2377 I art     : Starting a blocking GC Explicit
08-04 19:53:23.088  2355  2377 I art     : Explicit concurrent mark sweep GC freed 402(6KB) AllocSpace objects, 0(0B) LOS objects, 7% free, 190MB/206MB, paused 2.121ms total 63.428ms
08-04 19:53:23.112  2355  2377 I art     : Starting a blocking GC Explicit
08-04 19:53:23.178  2355  2377 I art     : Explicit concurrent mark sweep GC freed 400(6KB) AllocSpace objects, 0(0B) LOS objects, 7% free, 190MB/206MB, paused 2.011ms total 64.943ms
08-04 19:53:23.202  2355  2377 I art     : Starting a blocking GC Explicit
08-04 19:53:23.270  2355  2377 I art     : Explicit concurrent mark sweep GC freed 362(5KB) AllocSpace objects, 0(0B) LOS objects, 7% free, 190MB/206MB, paused 2.024ms total 67.440ms
08-04 19:53:23.295  2355  2377 I art     : Starting a blocking GC Explicit
08-04 19:53:23.359  2355  2377 I art     : Explicit concurrent mark sweep GC freed 412(6KB) AllocSpace objects, 0(0B) LOS objects, 7% free, 190MB/206MB, paused 2.612ms total 64.380ms
08-04 19:53:23.805  2355  2778 I art     : Starting a blocking GC Explicit
08-04 19:53:23.880  2355  2778 I art     : Explicit concurrent mark sweep GC freed 3876(130KB) AllocSpace objects, 2(48KB) LOS objects, 7% free, 190MB/206MB, paused 2.123ms total 74.416ms
08-04 19:53:23.907  2355  2778 I art     : Starting a blocking GC Explicit
08-04 19:53:23.973  2355  2778 I art     : Explicit concurrent mark sweep GC freed 440(8KB) AllocSpace objects, 0(0B) LOS objects, 7% free, 190MB/206MB, paused 2.100ms total 66.149ms
08-04 19:53:23.998  2355  2778 I art     : Starting a blocking GC Explicit
08-04 19:53:24.063  2355  2778 I art     : Explicit concurrent mark sweep GC freed 536(16KB) AllocSpace objects, 0(0B) LOS objects, 7% free, 190MB/206MB, paused 1.954ms total 65.227ms
08-04 19:53:24.087  2355  2778 I art     : Starting a blocking GC Explicit
08-04 19:53:24.152  2355  2778 I art     : Explicit concurrent mark sweep GC freed 353(5KB) AllocSpace objects, 0(0B) LOS objects, 7% free, 190MB/206MB, paused 2.051ms total 64.838ms
08-04 19:53:24.177  2355  2778 I art     : Starting a blocking GC Explicit
08-04 19:53:24.242  2355  2778 I art     : Explicit concurrent mark sweep GC freed 375(6KB) AllocSpace objects, 0(0B) LOS objects, 7% free, 190MB/206MB, paused 2.197ms total 65.094ms
08-04 19:53:24.313  5579  5579 D AndroidRuntime: >>>>>> START com.android.internal.os.RuntimeInit uid 2000 <<<<<<
08-04 19:53:24.320  5579  5579 D AndroidRuntime: CheckJNI is OFF
08-04 19:53:24.375  5579  5579 D ICU     : No timezone override file found: /data/misc/zoneinfo/current/icu/icu_tzdata.dat
08-04 19:53:24.420  5579  5579 I Radio-JNI: register_android_hardware_Radio DONE
08-04 19:53:24.452  5579  5579 D AndroidRuntime: Calling main entry com.android.commands.input.Input
08-04 19:53:24.454  5579  5579 I Input   : injectKeyEvent: KeyEvent { action=ACTION_DOWN, keyCode=KEYCODE_BACK, scanCode=0, metaState=0, flags=0x0, repeatCount=0, eventTime=734020867, downTime=734020867, deviceId=-1, source=0x101 }
08-04 19:53:24.464  5579  5579 I Input   : injectKeyEvent: KeyEvent { action=ACTION_UP, keyCode=KEYCODE_BACK, scanCode=0, metaState=0, flags=0x0, repeatCount=0, eventTime=734020867, downTime=734020867, deviceId=-1, source=0x101 }
08-04 19:53:24.470  5579  5579 D AndroidRuntime: Shutting down VM
08-04 19:53:24.493  2355  2355 V MainActivity: url = https://project-travel-mate.herokuapp.com/api/number-of-unread-notifications
08-04 19:53:24.571 13866 13866 I GoogleInputMethodServic: GoogleInputMethodService.onFinishInput():3138 
08-04 19:53:24.572 13866 13866 I GoogleInputMethodServic: GoogleInputMethodService.onStartInput():1808 
08-04 19:53:24.708  2355  2370 I art     : Starting a blocking GC Explicit
08-04 19:53:24.809  2355  2370 I art     : Explicit concurrent mark sweep GC freed 3473(137KB) AllocSpace objects, 2(48KB) LOS objects, 7% free, 190MB/206MB, paused 2.997ms total 100.425ms
08-04 19:53:24.841  2355  2370 I art     : Starting a blocking GC Explicit
08-04 19:53:24.850   380   380 W SurfaceFlinger: couldn't log to binary event log: overflow.
08-04 19:53:24.914  2355  2370 I art     : Explicit concurrent mark sweep GC freed 183(6KB) AllocSpace objects, 1(4MB) LOS objects, 7% free, 185MB/201MB, paused 2.092ms total 73.200ms
08-04 19:53:24.941  2355  2370 I art     : Starting a blocking GC Explicit
08-04 19:53:25.019  2355  2370 I art     : Explicit concurrent mark sweep GC freed 11(448B) AllocSpace objects, 0(0B) LOS objects, 7% free, 185MB/201MB, paused 2.132ms total 77.756ms
08-04 19:53:25.046  2355  2370 I art     : Starting a blocking GC Explicit
08-04 19:53:25.108  2355  5602 I NAPPA_EXPERIMENTATION: MetricNetworkRequestExecutionTime: REQUEST_DURATION_SYSTEM='614',REQUEST_DURATION_OKHTTP='34',REQUEST_SYNCHRONOUS='FALSE',RESPONSE_CODE='200',RESPONSE_METHOD='GET',RESPONSE_LENGTH_OKHTTP='36',RESPONSE_LENGTH_HEADER='36',REQUEST_PROTOCOL='http/1.1',REQUEST_URL='https://project-travel-mate.herokuapp.com/api/number-of-unread-notifications',
08-04 19:53:25.116  2355  2370 I art     : Explicit concurrent mark sweep GC freed 6396(320KB) AllocSpace objects, 4(176KB) LOS objects, 7% free, 185MB/201MB, paused 2.120ms total 69.822ms
08-04 19:53:25.143  2355  2370 I art     : Starting a blocking GC Explicit
08-04 19:53:25.231  2355  2370 I art     : Explicit concurrent mark sweep GC freed 1070(121KB) AllocSpace objects, 1(80KB) LOS objects, 7% free, 185MB/201MB, paused 2.881ms total 87.342ms
08-04 19:53:25.726  2355  2368 I art     : Starting a blocking GC Explicit
08-04 19:53:25.803  2355  2368 I art     : Explicit concurrent mark sweep GC freed 1590(92KB) AllocSpace objects, 2(48KB) LOS objects, 7% free, 185MB/201MB, paused 2.213ms total 76.072ms
08-04 19:53:25.830  2355  2368 I art     : Starting a blocking GC Explicit
08-04 19:53:25.906  2355  2368 I art     : Explicit concurrent mark sweep GC freed 65(2016B) AllocSpace objects, 0(0B) LOS objects, 7% free, 185MB/201MB, paused 2.215ms total 75.328ms
08-04 19:53:25.934  2355  2368 I art     : Starting a blocking GC Explicit
08-04 19:53:26.010  2355  2368 I art     : Explicit concurrent mark sweep GC freed 6(192B) AllocSpace objects, 0(0B) LOS objects, 7% free, 185MB/201MB, paused 2.376ms total 75.599ms
08-04 19:53:26.037  2355  2368 I art     : Starting a blocking GC Explicit
08-04 19:53:26.112  2355  2368 I art     : Explicit concurrent mark sweep GC freed 13(608B) AllocSpace objects, 0(0B) LOS objects, 7% free, 185MB/201MB, paused 2.338ms total 74.737ms
08-04 19:53:26.140  2355  2368 I art     : Starting a blocking GC Explicit
08-04 19:53:26.216  2355  2368 I art     : Explicit concurrent mark sweep GC freed 17(528B) AllocSpace objects, 0(0B) LOS objects, 7% free, 185MB/201MB, paused 2.183ms total 75.160ms
08-04 19:53:26.330  5615  5615 D AndroidRuntime: >>>>>> START com.android.internal.os.RuntimeInit uid 2000 <<<<<<
08-04 19:53:26.338  5615  5615 D AndroidRuntime: CheckJNI is OFF
08-04 19:53:26.397  5615  5615 D ICU     : No timezone override file found: /data/misc/zoneinfo/current/icu/icu_tzdata.dat
08-04 19:53:26.445  5615  5615 I Radio-JNI: register_android_hardware_Radio DONE
08-04 19:53:26.478  5615  5615 D AndroidRuntime: Calling main entry com.android.commands.input.Input
08-04 19:53:26.480  5615  5615 I Input   : injectMotionEvent: MotionEvent { action=ACTION_DOWN, actionButton=0, id[0]=0, x[0]=117.0, y[0]=170.0, toolType[0]=TOOL_TYPE_UNKNOWN, buttonState=0, metaState=0, flags=0x0, edgeFlags=0x0, pointerCount=1, historySize=0, eventTime=734022893, downTime=734022893, deviceId=0, source=0x1002 }
08-04 19:53:26.486  5615  5615 I Input   : injectMotionEvent: MotionEvent { action=ACTION_UP, actionButton=0, id[0]=0, x[0]=117.0, y[0]=170.0, toolType[0]=TOOL_TYPE_UNKNOWN, buttonState=0, metaState=0, flags=0x0, edgeFlags=0x0, pointerCount=1, historySize=0, eventTime=734022893, downTime=734022893, deviceId=0, source=0x1002 }
08-04 19:53:26.488  5615  5615 D AndroidRuntime: Shutting down VM
08-04 19:53:26.509   512  2967 D audio_hw_primary: out_set_parameters: enter: usecase(1: low-latency-playback) kvpairs: routing=2
08-04 19:53:26.523   512  2967 D audio_hw_primary: select_devices: out_snd_device(2: speaker) in_snd_device(0: none)
08-04 19:53:26.523   512  2967 D msm8974_platform: platform_send_audio_calibration: sending audio calibration for snd_device(2) acdb_id(15)
08-04 19:53:26.524   512  2967 I soundtrigger: audio_extn_sound_trigger_update_device_status: device 0x2 of type 0 for Event 1
08-04 19:53:26.535   512  2967 D audio_hw_primary: enable_snd_device: snd_device(2: speaker)
08-04 19:53:26.539   512  2967 D audio_hw_primary: enable_audio_route: apply and update mixer path: low-latency-playback speaker
08-04 19:53:26.706  2355  2370 I art     : Starting a blocking GC Explicit
08-04 19:53:26.711   918  3261 D WifiStateMachine: starting scan for "H369AA63323"WPA_PSK with 2412,5180
08-04 19:53:26.793  2355  2370 I art     : Explicit concurrent mark sweep GC freed 2007(113KB) AllocSpace objects, 2(48KB) LOS objects, 7% free, 185MB/201MB, paused 1.946ms total 85.833ms
08-04 19:53:26.820  2355  2370 I art     : Starting a blocking GC Explicit
08-04 19:53:26.889  2355  2370 I art     : Explicit concurrent mark sweep GC freed 101(3KB) AllocSpace objects, 0(0B) LOS objects, 7% free, 185MB/201MB, paused 2.253ms total 69.213ms
08-04 19:53:26.915  2355  2370 I art     : Starting a blocking GC Explicit
08-04 19:53:26.989  2355  2370 I art     : Explicit concurrent mark sweep GC freed 27(1200B) AllocSpace objects, 0(0B) LOS objects, 7% free, 185MB/201MB, paused 2.329ms total 73.858ms
08-04 19:53:27.017  2355  2370 I art     : Starting a blocking GC Explicit
08-04 19:53:27.090   512  2967 D audio_hw_primary: disable_audio_route: reset and update mixer path: low-latency-playback speaker
08-04 19:53:27.090  2355  2370 I art     : Explicit concurrent mark sweep GC freed 13(416B) AllocSpace objects, 0(0B) LOS objects, 7% free, 185MB/201MB, paused 2.205ms total 72.696ms
08-04 19:53:27.092   512  2967 D audio_hw_primary: disable_snd_device: snd_device(2: speaker)
08-04 19:53:27.101   512  2967 I soundtrigger: audio_extn_sound_trigger_update_device_status: device 0x2 of type 0 for Event 0
08-04 19:53:27.117  2355  2370 I art     : Starting a blocking GC Explicit
08-04 19:53:27.191  2355  2370 I art     : Explicit concurrent mark sweep GC freed 3(96B) AllocSpace objects, 0(0B) LOS objects, 7% free, 185MB/201MB, paused 2.179ms total 73.262ms
08-04 19:53:27.398  5638  5638 D AndroidRuntime: >>>>>> START com.android.internal.os.RuntimeInit uid 2000 <<<<<<
08-04 19:53:27.404  5638  5638 D AndroidRuntime: CheckJNI is OFF
08-04 19:53:27.462  5638  5638 D ICU     : No timezone override file found: /data/misc/zoneinfo/current/icu/icu_tzdata.dat
08-04 19:53:27.506  5638  5638 I Radio-JNI: register_android_hardware_Radio DONE
08-04 19:53:27.540  5638  5638 D AndroidRuntime: Calling main entry com.android.commands.input.Input
08-04 19:53:27.543  5638  5638 I Input   : injectMotionEvent: MotionEvent { action=ACTION_DOWN, actionButton=0, id[0]=0, x[0]=418.0, y[0]=842.0, toolType[0]=TOOL_TYPE_UNKNOWN, buttonState=0, metaState=0, flags=0x0, edgeFlags=0x0, pointerCount=1, historySize=0, eventTime=734023955, downTime=734023955, deviceId=0, source=0x1002 }
08-04 19:53:27.548  5638  5638 I Input   : injectMotionEvent: MotionEvent { action=ACTION_UP, actionButton=0, id[0]=0, x[0]=418.0, y[0]=842.0, toolType[0]=TOOL_TYPE_UNKNOWN, buttonState=0, metaState=0, flags=0x0, edgeFlags=0x0, pointerCount=1, historySize=0, eventTime=734023955, downTime=734023955, deviceId=0, source=0x1002 }
08-04 19:53:27.551  5638  5638 D AndroidRuntime: Shutting down VM
08-04 19:53:27.559   512  2967 D audio_hw_primary: out_set_parameters: enter: usecase(1: low-latency-playback) kvpairs: routing=2
08-04 19:53:27.564  2355  2445 D Gabe    : call	returning from cache
08-04 19:53:27.573   512  2967 D audio_hw_primary: select_devices: out_snd_device(2: speaker) in_snd_device(0: none)
08-04 19:53:27.573   512  2967 D msm8974_platform: platform_send_audio_calibration: sending audio calibration for snd_device(2) acdb_id(15)
08-04 19:53:27.574   512  2967 I soundtrigger: audio_extn_sound_trigger_update_device_status: device 0x2 of type 0 for Event 1
08-04 19:53:27.583   512  2967 D audio_hw_primary: enable_snd_device: snd_device(2: speaker)
08-04 19:53:27.585   512  2967 D audio_hw_primary: enable_audio_route: apply and update mixer path: low-latency-playback speaker
08-04 19:53:27.603  2355  2355 V MainActivity: url = https://project-travel-mate.herokuapp.com/api/number-of-unread-notifications
08-04 19:53:27.634   512  2967 D AudioFlinger: mixer(0xf4740000) throttle end: throttle time(12)
08-04 19:53:27.661  2355  2377 I art     : Starting a blocking GC Explicit
08-04 19:53:27.740  2355  2377 I art     : Explicit concurrent mark sweep GC freed 2919(172KB) AllocSpace objects, 2(48KB) LOS objects, 7% free, 185MB/201MB, paused 2.889ms total 78.598ms
08-04 19:53:27.768  2355  2377 I art     : Starting a blocking GC Explicit
08-04 19:53:27.844  2355  2377 I art     : Explicit concurrent mark sweep GC freed 829(45KB) AllocSpace objects, 0(0B) LOS objects, 7% free, 185MB/201MB, paused 3.417ms total 76.254ms
08-04 19:53:27.871  2355  2377 I art     : Starting a blocking GC Explicit
08-04 19:53:27.952  2355  2377 I art     : Explicit concurrent mark sweep GC freed 375(24KB) AllocSpace objects, 0(0B) LOS objects, 7% free, 185MB/201MB, paused 2.953ms total 80.587ms
08-04 19:53:27.979  2355  2377 I art     : Starting a blocking GC Explicit
08-04 19:53:28.062  2355  2377 I art     : Explicit concurrent mark sweep GC freed 314(22KB) AllocSpace objects, 0(0B) LOS objects, 7% free, 186MB/202MB, paused 2.864ms total 83.089ms
08-04 19:53:28.089  2355  2377 I art     : Starting a blocking GC Explicit
08-04 19:53:28.138   512  2967 D audio_hw_primary: disable_audio_route: reset and update mixer path: low-latency-playback speaker
08-04 19:53:28.140   512  2967 D audio_hw_primary: disable_snd_device: snd_device(2: speaker)
08-04 19:53:28.147   512  2967 I soundtrigger: audio_extn_sound_trigger_update_device_status: device 0x2 of type 0 for Event 0
08-04 19:53:28.171  2355  2377 I art     : Explicit concurrent mark sweep GC freed 303(24KB) AllocSpace objects, 0(0B) LOS objects, 7% free, 186MB/202MB, paused 2.893ms total 81.101ms
08-04 19:53:28.323  2355  2355 I Choreographer: Skipped 42 frames!  The application may be doing too much work on its main thread.
08-04 19:53:28.495  2355  5662 I NAPPA_EXPERIMENTATION: MetricNetworkRequestExecutionTime: REQUEST_DURATION_SYSTEM='890',REQUEST_DURATION_OKHTTP='30',REQUEST_SYNCHRONOUS='FALSE',RESPONSE_CODE='200',RESPONSE_METHOD='GET',RESPONSE_LENGTH_OKHTTP='36',RESPONSE_LENGTH_HEADER='36',REQUEST_PROTOCOL='http/1.1',REQUEST_URL='https://project-travel-mate.herokuapp.com/api/number-of-unread-notifications',
08-04 19:53:28.637  2355  2370 I art     : Starting a blocking GC Explicit
08-04 19:53:28.724  2355  2370 I art     : Explicit concurrent mark sweep GC freed 8064(391KB) AllocSpace objects, 14(512KB) LOS objects, 7% free, 186MB/202MB, paused 2.332ms total 86.248ms
08-04 19:53:28.753  2355  2370 I art     : Starting a blocking GC Explicit
08-04 19:53:28.804   950   950 I ServiceManager: Waiting for service AtCmdFwd...
08-04 19:53:28.837  2355  2370 I art     : Explicit concurrent mark sweep GC freed 2140(175KB) AllocSpace objects, 0(0B) LOS objects, 7% free, 186MB/202MB, paused 2.192ms total 83.785ms
08-04 19:53:28.866  2355  2370 I art     : Starting a blocking GC Explicit
08-04 19:53:28.950  2355  2370 I art     : Explicit concurrent mark sweep GC freed 171(2896B) AllocSpace objects, 0(0B) LOS objects, 7% free, 186MB/202MB, paused 2.402ms total 82.951ms
08-04 19:53:28.979  2355  2370 I art     : Starting a blocking GC Explicit
08-04 19:53:29.063  2355  2370 I art     : Explicit concurrent mark sweep GC freed 170(2864B) AllocSpace objects, 0(0B) LOS objects, 7% free, 186MB/202MB, paused 2.382ms total 83.965ms
08-04 19:53:29.093  2355  2370 I art     : Starting a blocking GC Explicit
08-04 19:53:29.178  2355  2370 I art     : Explicit concurrent mark sweep GC freed 172(2928B) AllocSpace objects, 0(0B) LOS objects, 7% free, 186MB/202MB, paused 2.348ms total 84.337ms
08-04 19:53:29.655  2355  2377 I art     : Starting a blocking GC Explicit
08-04 19:53:29.741  2355  2377 I art     : Explicit concurrent mark sweep GC freed 2421(106KB) AllocSpace objects, 2(64KB) LOS objects, 7% free, 186MB/202MB, paused 2.462ms total 85.394ms
08-04 19:53:29.770  2355  2377 I art     : Starting a blocking GC Explicit
08-04 19:53:29.805   950   950 I ServiceManager: Waiting for service AtCmdFwd...
08-04 19:53:29.852  2355  2377 I art     : Explicit concurrent mark sweep GC freed 244(5KB) AllocSpace objects, 0(0B) LOS objects, 7% free, 186MB/202MB, paused 2.219ms total 81.568ms
08-04 19:53:29.880  2355  2377 I art     : Starting a blocking GC Explicit
08-04 19:53:29.960  2355  2377 I art     : Explicit concurrent mark sweep GC freed 151(2560B) AllocSpace objects, 0(0B) LOS objects, 7% free, 186MB/202MB, paused 2.520ms total 79.433ms
08-04 19:53:29.988  2355  2377 I art     : Starting a blocking GC Explicit
08-04 19:53:30.069  2355  2377 I art     : Explicit concurrent mark sweep GC freed 166(2800B) AllocSpace objects, 0(0B) LOS objects, 7% free, 186MB/202MB, paused 2.353ms total 80.728ms
08-04 19:53:30.098  2355  2377 I art     : Starting a blocking GC Explicit
08-04 19:53:30.179  2355  2377 I art     : Explicit concurrent mark sweep GC freed 172(2928B) AllocSpace objects, 0(0B) LOS objects, 7% free, 186MB/202MB, paused 2.385ms total 80.753ms
08-04 19:53:30.323   518   646 I ThermalEngine: ACTION: GPU - Setting GPU[0] to 450000000
08-04 19:53:30.446  5689  5689 D AndroidRuntime: >>>>>> START com.android.internal.os.RuntimeInit uid 2000 <<<<<<
08-04 19:53:30.452  5689  5689 D AndroidRuntime: CheckJNI is OFF
08-04 19:53:30.496  5689  5689 D ICU     : No timezone override file found: /data/misc/zoneinfo/current/icu/icu_tzdata.dat
08-04 19:53:30.551  5689  5689 I Radio-JNI: register_android_hardware_Radio DONE
08-04 19:53:30.580  5689  5689 D AndroidRuntime: Calling main entry com.android.commands.am.Am
08-04 19:53:30.591  2355  2368 I art     : Starting a blocking GC Explicit
08-04 19:53:30.627  8245  8245 I Trepn   : Trepn 6.2s: Received intent: com.quicinc.trepn.stop_profiling
08-04 19:53:30.685  8245  8245 I Trepn   : Trepn 6.2s: Trepn has Stopped Profiling.
08-04 19:53:30.690  2355  2368 I art     : Explicit concurrent mark sweep GC freed 2306(103KB) AllocSpace objects, 2(64KB) LOS objects, 7% free, 186MB/202MB, paused 1.375ms total 98.612ms
08-04 19:53:30.710  2355  2368 I art     : Starting a blocking GC Explicit
08-04 19:53:30.776  2355  2368 I art     : Explicit concurrent mark sweep GC freed 179(3KB) AllocSpace objects, 0(0B) LOS objects, 7% free, 186MB/202MB, paused 1.588ms total 65.745ms
08-04 19:53:30.797  2355  2368 I art     : Starting a blocking GC Explicit
08-04 19:53:30.805   950   950 I ServiceManager: Waiting for service AtCmdFwd...
08-04 19:53:30.852  5689  5689 D AndroidRuntime: Shutting down VM
08-04 19:53:30.856   918   928 W AppOps  : Finishing op nesting under-run: uid 10078 pkg com.quicinc.trepn code 24 time=0 duration=0 nesting=0
08-04 19:53:30.860  2355  2368 I art     : Explicit concurrent mark sweep GC freed 155(3KB) AllocSpace objects, 0(0B) LOS objects, 7% free, 186MB/202MB, paused 2.326ms total 63.470ms
08-04 19:53:30.860  2355  2367 I art     : WaitForGcToComplete blocked for 57.229ms for cause HeapTrim
08-04 19:53:30.881  2355  2368 I art     : Starting a blocking GC Explicit
08-04 19:53:30.941  2355  2368 I art     : Explicit concurrent mark sweep GC freed 120(2048B) AllocSpace objects, 0(0B) LOS objects, 7% free, 186MB/202MB, paused 1.394ms total 59.547ms
08-04 19:53:30.960  2355  2368 I art     : Starting a blocking GC Explicit
08-04 19:53:31.023   918  3188 I hubconnection: sensorhub said: 'set_bias 3: -6.2400, 0.0000, 0.0000'
08-04 19:53:31.029  2355  2368 I art     : Explicit concurrent mark sweep GC freed 146(2464B) AllocSpace objects, 0(0B) LOS objects, 7% free, 186MB/202MB, paused 1.553ms total 68.796ms
08-04 19:53:31.445  2355  2370 I art     : Starting a blocking GC Explicit
08-04 19:53:31.511  2355  2370 I art     : Explicit concurrent mark sweep GC freed 2280(103KB) AllocSpace objects, 2(64KB) LOS objects, 7% free, 186MB/202MB, paused 1.709ms total 66.152ms
08-04 19:53:31.532  2355  2370 I art     : Starting a blocking GC Explicit
08-04 19:53:31.598  2355  2370 I art     : Explicit concurrent mark sweep GC freed 152(3KB) AllocSpace objects, 0(0B) LOS objects, 7% free, 186MB/202MB, paused 1.588ms total 65.118ms
08-04 19:53:31.619  2355  2370 I art     : Starting a blocking GC Explicit
08-04 19:53:31.685  2355  2370 I art     : Explicit concurrent mark sweep GC freed 124(2128B) AllocSpace objects, 0(0B) LOS objects, 7% free, 186MB/202MB, paused 1.493ms total 65.696ms
08-04 19:53:31.706  2355  2370 I art     : Starting a blocking GC Explicit
08-04 19:53:31.771  2355  2370 I art     : Explicit concurrent mark sweep GC freed 122(2064B) AllocSpace objects, 0(0B) LOS objects, 7% free, 186MB/202MB, paused 1.523ms total 64.442ms
08-04 19:53:31.793  2355  2370 I art     : Starting a blocking GC Explicit
08-04 19:53:31.806   950   950 I ServiceManager: Waiting for service AtCmdFwd...
08-04 19:53:31.857  2355  2370 I art     : Explicit concurrent mark sweep GC freed 169(3KB) AllocSpace objects, 0(0B) LOS objects, 7% free, 186MB/202MB, paused 1.521ms total 63.733ms
08-04 19:53:32.806   950   950 I ServiceManager: Waiting for service AtCmdFwd...
08-04 19:53:33.807   950   950 W Atfwd_Sendcmd: AtCmdFwd service not published, waiting... retryCnt : 5
