--------- beginning of main
08-04 12:44:38.682 25156 25156 D AndroidRuntime: >>>>>> START com.android.internal.os.RuntimeInit uid 2000 <<<<<<
08-04 12:44:38.689 25156 25156 D AndroidRuntime: CheckJNI is OFF
08-04 12:44:38.717 25156 25156 D ICU     : No timezone override file found: /data/misc/zoneinfo/current/icu/icu_tzdata.dat
08-04 12:44:38.743 25156 25156 I Radio-JNI: register_android_hardware_Radio DONE
08-04 12:44:38.760 25156 25156 D AndroidRuntime: Calling main entry com.android.commands.monkey.Monkey
--------- beginning of system
08-04 12:44:38.776   918   931 W BroadcastQueue: Skipping deliver [background] BroadcastRecord{3387721 u-1 android.net.conn.CONNECTIVITY_CHANGE} to ReceiverList{7dcf746 25156 (unknown name)/2000/u-1 remote:250c92b}: process crashing
08-04 12:44:38.787   918  6110 I ActivityManager: START u0 {act=android.intent.action.MAIN cat=[android.intent.category.LAUNCHER] flg=0x10200000 cmp=baseline.io.github.project_travel_mate/.SplashActivity} from uid 2000 on display 0
08-04 12:44:38.824   918  6112 I ActivityManager: Start proc 25165:baseline.io.github.project_travel_mate/u0a650 for activity baseline.io.github.project_travel_mate/.SplashActivity
08-04 12:44:38.825 25165 25165 I art     : Late-enabling -Xcheck:jni
08-04 12:44:38.833 25156 25156 I art     : System.exit called, status: 0
08-04 12:44:38.833 25156 25156 I AndroidRuntime: VM exiting with result code 0.
08-04 12:44:38.897  2075  1217 I PBSessionCacheImpl: Deleted sessionId[9127543042550561] from persistence.
08-04 12:44:38.902  2075  2107 W SearchServiceCore: Abort, client detached.
08-04 12:44:38.903  2075  2107 I MicroDetectionState: Should stop hotword detection immediately - true
08-04 12:44:38.915 25165 25165 W System  : ClassLoader referenced unknown path: /data/app/baseline.io.github.project_travel_mate-1/lib/arm64
08-04 12:44:39.071 25165 25165 W art     : Before Android 4.1, method android.graphics.PorterDuffColorFilter androidx.vectordrawable.graphics.drawable.VectorDrawableCompat.updateTintFilter(android.graphics.PorterDuffColorFilter, android.content.res.ColorStateList, android.graphics.PorterDuff$Mode) would have incorrectly overridden the package-private method in android.graphics.drawable.Drawable
08-04 12:44:39.122 25165 25165 I art     : Rejecting re-init on previously-failed class java.lang.Class<androidx.core.view.ViewCompat$OnUnhandledKeyEventListenerWrapper>
08-04 12:44:39.123 25165 25165 I art     : Rejecting re-init on previously-failed class java.lang.Class<androidx.core.view.ViewCompat$OnUnhandledKeyEventListenerWrapper>
08-04 12:44:39.196 25165 25180 D OpenGLRenderer: Use EGL_SWAP_BEHAVIOR_PRESERVED: true
08-04 12:44:39.256 25165 25180 I Adreno  : QUALCOMM build                   : fcf4852, I1af360237c
08-04 12:44:39.256 25165 25180 I Adreno  : Build Date                       : 09/23/15
08-04 12:44:39.256 25165 25180 I Adreno  : OpenGL ES Shader Compiler Version: XE031.05.13.02
08-04 12:44:39.256 25165 25180 I Adreno  : Local Branch                     : mybranch14465806
08-04 12:44:39.256 25165 25180 I Adreno  : Remote Branch                    : quic/LA.BF64.1.2.9_v2
08-04 12:44:39.256 25165 25180 I Adreno  : Remote Branch                    : NONE
08-04 12:44:39.256 25165 25180 I Adreno  : Reconstruct Branch               : NOTHING
08-04 12:44:39.264 25165 25180 I OpenGLRenderer: Initialized EGL, version 1.4
08-04 12:44:39.390   918   936 I ActivityManager: Displayed baseline.io.github.project_travel_mate/.SplashActivity: +594ms
08-04 12:44:39.397 13866 13866 I GoogleInputMethodServic: GoogleInputMethodService.onFinishInput():3138 
08-04 12:44:39.398 13866 13866 I GoogleInputMethodServic: GoogleInputMethodService.onStartInput():1808 
08-04 12:44:40.380 25195 25195 D AndroidRuntime: >>>>>> START com.android.internal.os.RuntimeInit uid 2000 <<<<<<
08-04 12:44:40.383 25195 25195 D AndroidRuntime: CheckJNI is OFF
08-04 12:44:40.409 25195 25195 D ICU     : No timezone override file found: /data/misc/zoneinfo/current/icu/icu_tzdata.dat
08-04 12:44:40.440 25195 25195 I Radio-JNI: register_android_hardware_Radio DONE
08-04 12:44:40.455 25195 25195 D AndroidRuntime: Calling main entry com.android.commands.am.Am
08-04 12:44:40.462  2375  2375 I Trepn   : Trepn 6.2s: Received intent: com.quicinc.trepn.start_profiling
08-04 12:44:40.581  2375  2375 W FileUtils: Failed to chmod(/storage/emulated/0/trepn/Trepn_2020.08.04_124440.db): android.system.ErrnoException: chmod failed: EPERM (Operation not permitted)
08-04 12:44:40.700  2375  2375 I Trepn   : Trepn 6.2s: Trepn has Started Profiling.
08-04 12:44:40.701 25195 25195 D AndroidRuntime: Shutting down VM
08-04 12:44:40.775   918   927 I art     : Background partial concurrent mark sweep GC freed 115141(9MB) AllocSpace objects, 171(3MB) LOS objects, 18% free, 68MB/84MB, paused 1.271ms total 143.546ms
08-04 12:44:41.231 25165 25177 I art     : Starting a blocking GC Explicit
08-04 12:44:41.245 25165 25177 I art     : Explicit concurrent mark sweep GC freed 37594(1834KB) AllocSpace objects, 0(0B) LOS objects, 40% free, 20MB/34MB, paused 114us total 14.036ms
08-04 12:44:41.253 25165 25177 I art     : Starting a blocking GC Explicit
08-04 12:44:41.259   918  4413 I ActivityManager: START u0 {cmp=baseline.io.github.project_travel_mate/.MainActivity} from uid 10650 on display 0
08-04 12:44:41.286 25165 25177 I art     : Explicit concurrent mark sweep GC freed 252(10KB) AllocSpace objects, 0(0B) LOS objects, 40% free, 20MB/34MB, paused 750us total 32.824ms
08-04 12:44:41.294 25165 25177 I art     : Starting a blocking GC Explicit
08-04 12:44:41.316 25165 25177 I art     : Explicit concurrent mark sweep GC freed 1415(57KB) AllocSpace objects, 0(0B) LOS objects, 40% free, 20MB/34MB, paused 329us total 21.635ms
08-04 12:44:41.324 25165 25177 I art     : Starting a blocking GC Explicit
08-04 12:44:41.334 25165 25177 I art     : Explicit concurrent mark sweep GC freed 1375(57KB) AllocSpace objects, 0(0B) LOS objects, 40% free, 20MB/34MB, paused 150us total 9.703ms
08-04 12:44:41.342 25165 25177 I art     : Starting a blocking GC Explicit
08-04 12:44:41.362 25165 25177 I art     : Explicit concurrent mark sweep GC freed 780(52KB) AllocSpace objects, 0(0B) LOS objects, 40% free, 20MB/34MB, paused 300us total 19.629ms
08-04 12:44:41.611 25165 25165 W Settings: Setting airplane_mode_on has moved from android.provider.Settings.System to android.provider.Settings.Global, returning read-only value.
08-04 12:44:41.637 25165 25165 V MainActivity: url=https://project-travel-mate.herokuapp.com/api/get-user
08-04 12:44:41.692 25165 25247 W LOTTIE  : Unknown mask mode mode. Defaulting to Add.
08-04 12:44:41.706 25165 25247 W LOTTIE  : You have 5 images. Lottie should primarily be used with shapes. If you are using Adobe Illustrator, convert the Illustrator layers to shape layers.
08-04 12:44:41.708 25165 25247 W LOTTIE  : Unknown mask mode mode. Defaulting to Add.
08-04 12:44:41.708 25165 25247 W LOTTIE  : Unknown mask mode mode. Defaulting to Add.
08-04 12:44:41.750 25165 25227 I art     : Starting a blocking GC Explicit
08-04 12:44:41.764 25165 25165 V CityFragment: url=https://project-travel-mate.herokuapp.com/api/get-all-cities/10
08-04 12:44:41.768 25165 25227 I art     : Explicit concurrent mark sweep GC freed 14367(1089KB) AllocSpace objects, 2(40KB) LOS objects, 40% free, 23MB/38MB, paused 533us total 17.728ms
08-04 12:44:41.779 25165 25227 I art     : Starting a blocking GC Explicit
08-04 12:44:41.791 25165 25227 I art     : Explicit concurrent mark sweep GC freed 1243(66KB) AllocSpace objects, 0(0B) LOS objects, 40% free, 23MB/38MB, paused 259us total 12.363ms
08-04 12:44:41.804 25165 25227 I art     : Starting a blocking GC Explicit
08-04 12:44:41.822 25165 25227 I art     : Explicit concurrent mark sweep GC freed 19(992B) AllocSpace objects, 0(0B) LOS objects, 40% free, 23MB/38MB, paused 200us total 14.101ms
08-04 12:44:41.994 25165 25227 I art     : Starting a blocking GC Explicit
08-04 12:44:42.039 25165 25227 I art     : Explicit concurrent mark sweep GC freed 3(96B) AllocSpace objects, 0(0B) LOS objects, 40% free, 23MB/38MB, paused 491us total 41.059ms
08-04 12:44:42.093 25165 25227 I art     : Starting a blocking GC Explicit
08-04 12:44:42.116 25165 25227 I art     : Explicit concurrent mark sweep GC freed 3(96B) AllocSpace objects, 0(0B) LOS objects, 40% free, 23MB/38MB, paused 284us total 21.938ms
08-04 12:44:42.121 25165 25165 E RecyclerView: No adapter attached; skipping layout
08-04 12:44:42.220 25165 25246 I NAPPA_EXPERIMENTATION: MetricNetworkRequestExecutionTime: REQUEST_DURATION_SYSTEM='560',REQUEST_DURATION_OKHTTP='33',REQUEST_SYNCHRONOUS='FALSE',RESPONSE_CODE='200',RESPONSE_METHOD='GET',RESPONSE_LENGTH_OKHTTP='185',RESPONSE_LENGTH_HEADER='185',REQUEST_PROTOCOL='http/1.1',REQUEST_URL='https://project-travel-mate.herokuapp.com/api/get-user',
08-04 12:44:42.238 25165 25250 I NAPPA_EXPERIMENTATION: MetricNetworkRequestExecutionTime: REQUEST_DURATION_SYSTEM='473',REQUEST_DURATION_OKHTTP='53',REQUEST_SYNCHRONOUS='FALSE',RESPONSE_CODE='200',RESPONSE_METHOD='GET',RESPONSE_LENGTH_OKHTTP='1588',RESPONSE_LENGTH_HEADER='1588',REQUEST_PROTOCOL='http/1.1',REQUEST_URL='https://project-travel-mate.herokuapp.com/api/get-all-cities/10',
08-04 12:44:42.295 25165 25165 V MainActivity: url = https://project-travel-mate.herokuapp.com/api/number-of-unread-notifications
08-04 12:44:42.298   918   936 I ActivityManager: Displayed baseline.io.github.project_travel_mate/.MainActivity: +966ms
08-04 12:44:42.329 13866 13866 I GoogleInputMethodServic: GoogleInputMethodService.onFinishInput():3138 
08-04 12:44:42.330 13866 13866 I GoogleInputMethodServic: GoogleInputMethodService.onStartInput():1808 
08-04 12:44:42.334 25165 25165 E RecyclerView: No adapter attached; skipping layout
08-04 12:44:42.394 25165 25226 I art     : Starting a blocking GC Explicit
08-04 12:44:42.410 25165 25165 V CityFragment: result=[{"id":1,"city_name":"Delhi","facts_count":6,"image":"https://upload.wikimedia.org/wikipedia/commons/9/94/%E0%B4%96%E0%B5%81%E0%B4%A4%E0%B5%8D%E0%B4%AC%E0%B5%8D_%E0%B4%AE%E0%B4%BF%E0%B4%A8%E0%B4%BE%E0%B5%BC1.jpg","visit_count":18186},{"id":2,"city_name":"Mumbai","facts_count":0,"image":"https://static1.squarespace.com/static/55917ae2e4b0984fc8c264c4/t/5ad7a037758d464041bfba27/1524102624280/Victoria_Mumbai.jpg","visit_count":6022},{"id":3,"city_name":"Bangalore","facts_count":0,"image":null,"visit_count":5536},{"id":8,"city_name":"Pune","facts_count":0,"image":"https://www.zricks.com/ImagesPostProject/47929//6557d975-20a9-4c6c-a776-8072a1936a76.jpg","visit_count":3324},{"id":4,"city_name":"Chennai","facts_count":0,"image":"http://lh3.ggpht.com/_YLb7tJ8RoAk/SfazBLdgf3I/AAAAAAAANEg/p52_Zz_URxg/s640/Picture%20009.jpg","visit_count":3061},{"id":5,"city_name":"Kolkata","facts_count":0,"image":"https://i.pinimg.com/originals/05/ec/42/05ec42c545b494d12cc612923483b4f0.jpg","visit_count":2211},{"id":9,"city_name":"Jaipur","facts_count":1,"image":"https://www.trodly.com/pictures/attraction/1943.jpg","visit_count":2007},{"id":6,"city_name":"Hyderabad","facts_count":0,"image":"https://i1.trekearth.com/photos/59194/charminar_020_sm.jpg","visit_count":1633},{"id":150,"city_name":"Panjim","facts_count":0,"image":"http://www.nomad4ever.com/wp-content/uploads/2009/04/palm-trees-at-baga-creek-north-goa1.jpg","visit_count":1488},{"id":7,"city_name":"Ahmedabad","facts_count":0,"image":"https://i.pinimg.com/originals/a5/ed/29/a5ed293271669a61f47059f7b0d9cf2c.jpg","visit_count":1115}]
08-04 12:44:42.417 25165 25226 I art     : Explicit concurrent mark sweep GC freed 13057(820KB) AllocSpace objects, 7(420KB) LOS objects, 36% free, 28MB/44MB, paused 222us total 23.125ms
08-04 12:44:42.427   918  3261 D WifiStateMachine: starting scan for "H369AA63323"WPA_PSK with 2412,5180
08-04 12:44:42.430 25165 25226 I art     : Starting a blocking GC Explicit
08-04 12:44:42.445 25165 25226 I art     : Explicit concurrent mark sweep GC freed 2406(258KB) AllocSpace objects, 0(0B) LOS objects, 36% free, 28MB/44MB, paused 240us total 14.602ms
08-04 12:44:42.454 25165 25226 I art     : Starting a blocking GC Explicit
08-04 12:44:42.469 25165 25226 I art     : Explicit concurrent mark sweep GC freed 157(4KB) AllocSpace objects, 0(0B) LOS objects, 36% free, 28MB/44MB, paused 248us total 15.197ms
08-04 12:44:42.479 25165 25226 I art     : Starting a blocking GC Explicit
08-04 12:44:42.482 25165 25165 D CityFragment: get cities cities size = 10
08-04 12:44:42.503 25165 25226 I art     : Explicit concurrent mark sweep GC freed 441(35KB) AllocSpace objects, 1(20KB) LOS objects, 36% free, 28MB/44MB, paused 413us total 23.492ms
08-04 12:44:42.512 25165 25226 I art     : Starting a blocking GC Explicit
08-04 12:44:42.528 25165 25226 I art     : Explicit concurrent mark sweep GC freed 505(27KB) AllocSpace objects, 0(0B) LOS objects, 34% free, 30MB/46MB, paused 387us total 16.059ms
08-04 12:44:42.762   380   380 W SurfaceFlinger: couldn't log to binary event log: overflow.
08-04 12:44:42.818 25165 25226 I art     : Starting a blocking GC Explicit
08-04 12:44:42.839 25165 25226 I art     : Explicit concurrent mark sweep GC freed 13434(826KB) AllocSpace objects, 12(4MB) LOS objects, 35% free, 28MB/44MB, paused 537us total 20.412ms
08-04 12:44:42.847 25165 25226 I art     : Starting a blocking GC Explicit
08-04 12:44:42.856 25165 25264 I NAPPA_EXPERIMENTATION: MetricNetworkRequestExecutionTime: REQUEST_DURATION_SYSTEM='561',REQUEST_DURATION_OKHTTP='56',REQUEST_SYNCHRONOUS='FALSE',RESPONSE_CODE='200',RESPONSE_METHOD='GET',RESPONSE_LENGTH_OKHTTP='36',RESPONSE_LENGTH_HEADER='36',REQUEST_PROTOCOL='http/1.1',REQUEST_URL='https://project-travel-mate.herokuapp.com/api/number-of-unread-notifications',
08-04 12:44:42.866 25165 25226 I art     : Explicit concurrent mark sweep GC freed 2737(280KB) AllocSpace objects, 0(0B) LOS objects, 36% free, 28MB/44MB, paused 627us total 18.292ms
08-04 12:44:42.874 25165 25226 I art     : Starting a blocking GC Explicit
08-04 12:44:42.892 25165 25226 I art     : Explicit concurrent mark sweep GC freed 2778(229KB) AllocSpace objects, 1(20KB) LOS objects, 35% free, 29MB/45MB, paused 353us total 17.332ms
08-04 12:44:42.900 25165 25226 I art     : Starting a blocking GC Explicit
08-04 12:44:42.917 25165 25226 I art     : Explicit concurrent mark sweep GC freed 563(132KB) AllocSpace objects, 1(36KB) LOS objects, 35% free, 29MB/45MB, paused 340us total 16.126ms
08-04 12:44:42.925 25165 25226 I art     : Starting a blocking GC Explicit
08-04 12:44:42.940 25165 25226 I art     : Explicit concurrent mark sweep GC freed 8252(518KB) AllocSpace objects, 0(0B) LOS objects, 35% free, 29MB/45MB, paused 327us total 14.943ms
08-04 12:44:43.240 25165 25178 I art     : Starting a blocking GC Explicit
08-04 12:44:43.259 25165 25178 I art     : Explicit concurrent mark sweep GC freed 13582(1280KB) AllocSpace objects, 15(1676KB) LOS objects, 33% free, 31MB/47MB, paused 450us total 18.610ms
08-04 12:44:43.268 25165 25178 I art     : Starting a blocking GC Explicit
08-04 12:44:43.284 25165 25178 I art     : Explicit concurrent mark sweep GC freed 556(106KB) AllocSpace objects, 4(144KB) LOS objects, 32% free, 32MB/48MB, paused 251us total 15.976ms
08-04 12:44:43.292 25165 25178 I art     : Starting a blocking GC Explicit
08-04 12:44:43.308 25165 25178 I art     : Explicit concurrent mark sweep GC freed 192(7KB) AllocSpace objects, 2(88KB) LOS objects, 32% free, 32MB/48MB, paused 266us total 16.020ms
08-04 12:44:43.316 25165 25178 I art     : Starting a blocking GC Explicit
08-04 12:44:43.333 25165 25178 I art     : Explicit concurrent mark sweep GC freed 77(1728B) AllocSpace objects, 0(0B) LOS objects, 32% free, 32MB/48MB, paused 262us total 16.785ms
08-04 12:44:43.342 25165 25178 I art     : Starting a blocking GC Explicit
08-04 12:44:43.358 25165 25178 I art     : Explicit concurrent mark sweep GC freed 27(496B) AllocSpace objects, 0(0B) LOS objects, 32% free, 32MB/48MB, paused 268us total 15.720ms
08-04 12:44:43.626   918 13198 D NetlinkSocketObserver: NeighborEvent{elapsedMs=1691687501, 192.168.2.254, [7C3953A63323], RTM_NEWNEIGH, NUD_STALE}
08-04 12:44:43.710 25165 25177 I art     : Starting a blocking GC Explicit
08-04 12:44:43.729 25165 25177 I art     : Explicit concurrent mark sweep GC freed 2387(112KB) AllocSpace objects, 2(40KB) LOS objects, 32% free, 32MB/48MB, paused 294us total 18.938ms
08-04 12:44:43.739 25165 25177 I art     : Starting a blocking GC Explicit
08-04 12:44:43.757 25165 25177 I art     : Explicit concurrent mark sweep GC freed 80(2304B) AllocSpace objects, 0(0B) LOS objects, 32% free, 32MB/48MB, paused 286us total 17.950ms
08-04 12:44:43.766 25165 25177 I art     : Starting a blocking GC Explicit
08-04 12:44:43.785 25165 25177 I art     : Explicit concurrent mark sweep GC freed 51(896B) AllocSpace objects, 0(0B) LOS objects, 32% free, 32MB/48MB, paused 280us total 18.313ms
08-04 12:44:43.794 25165 25177 I art     : Starting a blocking GC Explicit
08-04 12:44:43.812 25165 25177 I art     : Explicit concurrent mark sweep GC freed 27(496B) AllocSpace objects, 0(0B) LOS objects, 32% free, 32MB/48MB, paused 265us total 17.857ms
08-04 12:44:43.822 25165 25177 I art     : Starting a blocking GC Explicit
08-04 12:44:43.839 25165 25177 I art     : Explicit concurrent mark sweep GC freed 51(896B) AllocSpace objects, 0(0B) LOS objects, 32% free, 32MB/48MB, paused 271us total 17.673ms
08-04 12:44:44.183 25165 25227 I art     : Starting a blocking GC Explicit
08-04 12:44:44.202 25165 25227 I art     : Explicit concurrent mark sweep GC freed 1950(91KB) AllocSpace objects, 2(40KB) LOS objects, 32% free, 32MB/48MB, paused 295us total 19.062ms
08-04 12:44:44.212 25165 25227 I art     : Starting a blocking GC Explicit
08-04 12:44:44.229 25165 25227 I art     : Explicit concurrent mark sweep GC freed 47(1216B) AllocSpace objects, 0(0B) LOS objects, 32% free, 32MB/48MB, paused 280us total 17.653ms
08-04 12:44:44.238 25165 25227 I art     : Starting a blocking GC Explicit
08-04 12:44:44.256 25165 25227 I art     : Explicit concurrent mark sweep GC freed 51(896B) AllocSpace objects, 0(0B) LOS objects, 32% free, 32MB/48MB, paused 275us total 17.522ms
08-04 12:44:44.265 25165 25227 I art     : Starting a blocking GC Explicit
08-04 12:44:44.283 25165 25227 I art     : Explicit concurrent mark sweep GC freed 37(640B) AllocSpace objects, 0(0B) LOS objects, 32% free, 32MB/48MB, paused 323us total 18.232ms
08-04 12:44:44.292 25165 25227 I art     : Starting a blocking GC Explicit
08-04 12:44:44.310 25165 25227 I art     : Explicit concurrent mark sweep GC freed 41(752B) AllocSpace objects, 0(0B) LOS objects, 32% free, 32MB/48MB, paused 257us total 17.230ms
08-04 12:44:44.397 13866 13882 I PeriodicStatsRunner: PeriodicStatsRunner.call():175 call()
08-04 12:44:44.398 13866 13882 I PeriodicStatsRunner: PeriodicStatsRunner.call():179 No submit PeriodicStats since input started.
08-04 12:44:44.630 25165 25178 I art     : Starting a blocking GC Explicit
08-04 12:44:44.656 25165 25178 I art     : Explicit concurrent mark sweep GC freed 3900(298KB) AllocSpace objects, 7(1388KB) LOS objects, 32% free, 32MB/48MB, paused 248us total 25.608ms
08-04 12:44:44.665 25165 25178 I art     : Starting a blocking GC Explicit
08-04 12:44:44.679 25165 25178 I art     : Explicit concurrent mark sweep GC freed 129(4KB) AllocSpace objects, 0(0B) LOS objects, 32% free, 32MB/48MB, paused 213us total 13.957ms
08-04 12:44:44.687 25165 25178 I art     : Starting a blocking GC Explicit
08-04 12:44:44.701 25165 25178 I art     : Explicit concurrent mark sweep GC freed 51(896B) AllocSpace objects, 0(0B) LOS objects, 32% free, 32MB/48MB, paused 214us total 13.810ms
08-04 12:44:44.709 25165 25178 I art     : Starting a blocking GC Explicit
08-04 12:44:44.723 25165 25178 I art     : Explicit concurrent mark sweep GC freed 27(496B) AllocSpace objects, 0(0B) LOS objects, 32% free, 32MB/48MB, paused 216us total 13.864ms
08-04 12:44:44.731 25165 25178 I art     : Starting a blocking GC Explicit
08-04 12:44:44.745 25165 25178 I art     : Explicit concurrent mark sweep GC freed 27(496B) AllocSpace objects, 0(0B) LOS objects, 32% free, 32MB/48MB, paused 219us total 13.937ms
08-04 12:44:45.047 25165 25177 I art     : Starting a blocking GC Explicit
08-04 12:44:45.066 25165 25177 I art     : Explicit concurrent mark sweep GC freed 2280(109KB) AllocSpace objects, 2(40KB) LOS objects, 32% free, 32MB/48MB, paused 344us total 19.119ms
08-04 12:44:45.075 25165 25177 I art     : Starting a blocking GC Explicit
08-04 12:44:45.094 25165 25177 I art     : Explicit concurrent mark sweep GC freed 71(2160B) AllocSpace objects, 0(0B) LOS objects, 32% free, 32MB/48MB, paused 258us total 18.293ms
08-04 12:44:45.103 25165 25177 I art     : Starting a blocking GC Explicit
08-04 12:44:45.121 25165 25177 I art     : Explicit concurrent mark sweep GC freed 51(896B) AllocSpace objects, 0(0B) LOS objects, 32% free, 32MB/48MB, paused 252us total 18.181ms
08-04 12:44:45.130 25165 25177 I art     : Starting a blocking GC Explicit
08-04 12:44:45.148 25165 25177 I art     : Explicit concurrent mark sweep GC freed 27(496B) AllocSpace objects, 0(0B) LOS objects, 32% free, 32MB/48MB, paused 233us total 17.580ms
08-04 12:44:45.157 25165 25177 I art     : Starting a blocking GC Explicit
08-04 12:44:45.175 25165 25177 I art     : Explicit concurrent mark sweep GC freed 51(896B) AllocSpace objects, 0(0B) LOS objects, 32% free, 32MB/48MB, paused 247us total 17.454ms
08-04 12:44:45.518 25165 25227 I art     : Starting a blocking GC Explicit
08-04 12:44:45.537 25165 25227 I art     : Explicit concurrent mark sweep GC freed 1953(91KB) AllocSpace objects, 2(40KB) LOS objects, 32% free, 32MB/48MB, paused 342us total 18.578ms
08-04 12:44:45.546 25165 25227 I art     : Starting a blocking GC Explicit
08-04 12:44:45.563 25165 25227 I art     : Explicit concurrent mark sweep GC freed 46(1184B) AllocSpace objects, 0(0B) LOS objects, 32% free, 32MB/48MB, paused 261us total 17.358ms
08-04 12:44:45.573 25165 25227 I art     : Starting a blocking GC Explicit
08-04 12:44:45.588 25165 25227 I art     : Explicit concurrent mark sweep GC freed 51(896B) AllocSpace objects, 0(0B) LOS objects, 32% free, 32MB/48MB, paused 265us total 15.078ms
08-04 12:44:45.596 25165 25227 I art     : Starting a blocking GC Explicit
08-04 12:44:45.612 25165 25227 I art     : Explicit concurrent mark sweep GC freed 27(496B) AllocSpace objects, 0(0B) LOS objects, 32% free, 32MB/48MB, paused 226us total 15.507ms
08-04 12:44:45.620 25165 25227 I art     : Starting a blocking GC Explicit
08-04 12:44:45.636 25165 25227 I art     : Explicit concurrent mark sweep GC freed 51(896B) AllocSpace objects, 0(0B) LOS objects, 32% free, 32MB/48MB, paused 239us total 15.110ms
08-04 12:44:45.959 25165 25178 I art     : Starting a blocking GC Explicit
08-04 12:44:45.984 25165 25178 I art     : Explicit concurrent mark sweep GC freed 1905(90KB) AllocSpace objects, 2(40KB) LOS objects, 32% free, 32MB/48MB, paused 332us total 23.655ms
08-04 12:44:45.996 25165 25178 I art     : Starting a blocking GC Explicit
08-04 12:44:46.014 25165 25178 I art     : Explicit concurrent mark sweep GC freed 70(1584B) AllocSpace objects, 0(0B) LOS objects, 32% free, 32MB/48MB, paused 251us total 17.434ms
08-04 12:44:46.023 25165 25178 I art     : Starting a blocking GC Explicit
08-04 12:44:46.041 25165 25178 I art     : Explicit concurrent mark sweep GC freed 51(896B) AllocSpace objects, 0(0B) LOS objects, 32% free, 32MB/48MB, paused 250us total 17.730ms
08-04 12:44:46.050 25165 25178 I art     : Starting a blocking GC Explicit
08-04 12:44:46.068 25165 25178 I art     : Explicit concurrent mark sweep GC freed 31(544B) AllocSpace objects, 0(0B) LOS objects, 32% free, 32MB/48MB, paused 279us total 18.268ms
08-04 12:44:46.077 25165 25178 I art     : Starting a blocking GC Explicit
08-04 12:44:46.095 25165 25178 I art     : Explicit concurrent mark sweep GC freed 47(848B) AllocSpace objects, 0(0B) LOS objects, 32% free, 32MB/48MB, paused 245us total 17.687ms
08-04 12:44:46.437 25165 25226 I art     : Starting a blocking GC Explicit
08-04 12:44:46.461 25165 25226 I art     : Explicit concurrent mark sweep GC freed 1952(91KB) AllocSpace objects, 2(40KB) LOS objects, 32% free, 32MB/48MB, paused 273us total 24.202ms
08-04 12:44:46.475 25165 25226 I art     : Starting a blocking GC Explicit
08-04 12:44:46.493 25165 25226 I art     : Explicit concurrent mark sweep GC freed 70(1584B) AllocSpace objects, 0(0B) LOS objects, 32% free, 32MB/48MB, paused 229us total 17.508ms
08-04 12:44:46.502 25165 25226 I art     : Starting a blocking GC Explicit
08-04 12:44:46.519 25165 25226 I art     : Explicit concurrent mark sweep GC freed 41(704B) AllocSpace objects, 0(0B) LOS objects, 32% free, 32MB/48MB, paused 275us total 17.098ms
08-04 12:44:46.528 25165 25226 I art     : Starting a blocking GC Explicit
08-04 12:44:46.545 25165 25226 I art     : Explicit concurrent mark sweep GC freed 37(688B) AllocSpace objects, 0(0B) LOS objects, 32% free, 32MB/48MB, paused 239us total 16.869ms
08-04 12:44:46.553 25165 25226 I art     : Starting a blocking GC Explicit
08-04 12:44:46.570 25165 25226 I art     : Explicit concurrent mark sweep GC freed 51(896B) AllocSpace objects, 0(0B) LOS objects, 32% free, 32MB/48MB, paused 243us total 16.893ms
08-04 12:44:46.932 25165 25177 I art     : Starting a blocking GC Explicit
08-04 12:44:46.953 25165 25177 I art     : Explicit concurrent mark sweep GC freed 1968(91KB) AllocSpace objects, 2(40KB) LOS objects, 32% free, 32MB/48MB, paused 308us total 20.627ms
08-04 12:44:46.963 25165 25177 I art     : Starting a blocking GC Explicit
08-04 12:44:46.981 25165 25177 I art     : Explicit concurrent mark sweep GC freed 54(1328B) AllocSpace objects, 0(0B) LOS objects, 32% free, 32MB/48MB, paused 237us total 17.816ms
08-04 12:44:46.990 25165 25177 I art     : Starting a blocking GC Explicit
08-04 12:44:47.008 25165 25177 I art     : Explicit concurrent mark sweep GC freed 51(896B) AllocSpace objects, 0(0B) LOS objects, 32% free, 32MB/48MB, paused 237us total 17.620ms
08-04 12:44:47.017 25165 25177 I art     : Starting a blocking GC Explicit
08-04 12:44:47.036 25165 25177 I art     : Explicit concurrent mark sweep GC freed 41(704B) AllocSpace objects, 0(0B) LOS objects, 32% free, 32MB/48MB, paused 418us total 18.139ms
08-04 12:44:47.045 25165 25177 I art     : Starting a blocking GC Explicit
08-04 12:44:47.063 25165 25177 I art     : Explicit concurrent mark sweep GC freed 37(688B) AllocSpace objects, 0(0B) LOS objects, 32% free, 32MB/48MB, paused 252us total 17.582ms
08-04 12:44:47.336 13866 13882 I PeriodicStatsRunner: PeriodicStatsRunner.call():175 call()
08-04 12:44:47.337 13866 13882 I PeriodicStatsRunner: PeriodicStatsRunner.call():179 No submit PeriodicStats since input started.
08-04 12:44:47.422 25165 25227 I art     : Starting a blocking GC Explicit
08-04 12:44:47.447 25165 25227 I art     : Explicit concurrent mark sweep GC freed 1977(92KB) AllocSpace objects, 2(40KB) LOS objects, 32% free, 32MB/48MB, paused 285us total 24.471ms
08-04 12:44:47.460 25165 25227 I art     : Starting a blocking GC Explicit
08-04 12:44:47.476 25165 25227 I art     : Explicit concurrent mark sweep GC freed 70(1584B) AllocSpace objects, 0(0B) LOS objects, 32% free, 32MB/48MB, paused 256us total 16.624ms
08-04 12:44:47.485 25165 25227 I art     : Starting a blocking GC Explicit
08-04 12:44:47.502 25165 25227 I art     : Explicit concurrent mark sweep GC freed 33(592B) AllocSpace objects, 0(0B) LOS objects, 32% free, 32MB/48MB, paused 269us total 17.008ms
08-04 12:44:47.511 25165 25227 I art     : Starting a blocking GC Explicit
08-04 12:44:47.528 25165 25227 I art     : Explicit concurrent mark sweep GC freed 45(800B) AllocSpace objects, 0(0B) LOS objects, 32% free, 32MB/48MB, paused 249us total 16.658ms
08-04 12:44:47.537 25165 25227 I art     : Starting a blocking GC Explicit
08-04 12:44:47.554 25165 25227 I art     : Explicit concurrent mark sweep GC freed 49(848B) AllocSpace objects, 0(0B) LOS objects, 32% free, 32MB/48MB, paused 270us total 16.991ms
08-04 12:44:47.860 25165 25178 I art     : Starting a blocking GC Explicit
08-04 12:44:47.879 25165 25178 I art     : Explicit concurrent mark sweep GC freed 1882(90KB) AllocSpace objects, 2(40KB) LOS objects, 32% free, 32MB/48MB, paused 266us total 18.523ms
08-04 12:44:47.888 25165 25178 I art     : Starting a blocking GC Explicit
08-04 12:44:47.906 25165 25178 I art     : Explicit concurrent mark sweep GC freed 70(1584B) AllocSpace objects, 0(0B) LOS objects, 32% free, 32MB/48MB, paused 250us total 17.009ms
08-04 12:44:47.914 25165 25178 I art     : Starting a blocking GC Explicit
08-04 12:44:47.931 25165 25178 I art     : Explicit concurrent mark sweep GC freed 27(496B) AllocSpace objects, 0(0B) LOS objects, 32% free, 32MB/48MB, paused 250us total 16.885ms
08-04 12:44:47.940 25165 25178 I art     : Starting a blocking GC Explicit
08-04 12:44:47.957 25165 25178 I art     : Explicit concurrent mark sweep GC freed 51(896B) AllocSpace objects, 0(0B) LOS objects, 32% free, 32MB/48MB, paused 267us total 16.929ms
08-04 12:44:47.966 25165 25178 I art     : Starting a blocking GC Explicit
08-04 12:44:47.983 25165 25178 I art     : Explicit concurrent mark sweep GC freed 27(496B) AllocSpace objects, 0(0B) LOS objects, 32% free, 32MB/48MB, paused 245us total 16.753ms
08-04 12:44:48.056 25401 25401 D AndroidRuntime: >>>>>> START com.android.internal.os.RuntimeInit uid 2000 <<<<<<
08-04 12:44:48.060 25401 25401 D AndroidRuntime: CheckJNI is OFF
08-04 12:44:48.090 25401 25401 D ICU     : No timezone override file found: /data/misc/zoneinfo/current/icu/icu_tzdata.dat
08-04 12:44:48.117 25401 25401 I Radio-JNI: register_android_hardware_Radio DONE
08-04 12:44:48.133 25401 25401 D AndroidRuntime: Calling main entry com.android.commands.input.Input
08-04 12:44:48.135 25401 25401 I Input   : injectMotionEvent: MotionEvent { action=ACTION_DOWN, actionButton=0, id[0]=0, x[0]=346.0, y[0]=709.0, toolType[0]=TOOL_TYPE_UNKNOWN, buttonState=0, metaState=0, flags=0x0, edgeFlags=0x0, pointerCount=1, historySize=0, eventTime=708304548, downTime=708304548, deviceId=0, source=0x1002 }
08-04 12:44:48.145 25401 25401 I Input   : injectMotionEvent: MotionEvent { action=ACTION_UP, actionButton=0, id[0]=0, x[0]=346.0, y[0]=709.0, toolType[0]=TOOL_TYPE_UNKNOWN, buttonState=0, metaState=0, flags=0x0, edgeFlags=0x0, pointerCount=1, historySize=0, eventTime=708304548, downTime=708304548, deviceId=0, source=0x1002 }
08-04 12:44:48.154   918  5132 I ActivityManager: START u0 {cmp=baseline.io.github.project_travel_mate/.destinations.description.FinalCityInfoActivity (has extras)} from uid 10650 on display 0
08-04 12:44:48.161 25401 25401 D AndroidRuntime: Shutting down VM
08-04 12:44:48.187 25165 25247 D Gabe    : call	returning from cache
08-04 12:44:48.222 18870 18870 I ServiceManager: Waiting for service AtCmdFwd...
08-04 12:44:48.264 25165 25165 V EXECUTING: https://project-travel-mate.herokuapp.com/api/get-city-weather/1
08-04 12:44:48.266 25165 25178 I art     : Starting a blocking GC Explicit
08-04 12:44:48.290 25165 25178 I art     : Explicit concurrent mark sweep GC freed 8621(562KB) AllocSpace objects, 2(40KB) LOS objects, 32% free, 33MB/49MB, paused 408us total 22.880ms
08-04 12:44:48.299 25165 25178 I art     : Starting a blocking GC Explicit
08-04 12:44:48.319 25165 25178 I art     : Explicit concurrent mark sweep GC freed 1277(56KB) AllocSpace objects, 0(0B) LOS objects, 29% free, 37MB/53MB, paused 575us total 19.488ms
08-04 12:44:48.329 25165 25178 I art     : Starting a blocking GC Explicit
08-04 12:44:48.349 25165 25178 I art     : Explicit concurrent mark sweep GC freed 58(3KB) AllocSpace objects, 0(0B) LOS objects, 29% free, 37MB/53MB, paused 632us total 19.787ms
08-04 12:44:48.359 25165 25178 I art     : Starting a blocking GC Explicit
08-04 12:44:48.378 25165 25178 I art     : Explicit concurrent mark sweep GC freed 9(224B) AllocSpace objects, 0(0B) LOS objects, 29% free, 37MB/53MB, paused 368us total 19.185ms
08-04 12:44:48.384   918   936 I ActivityManager: Displayed baseline.io.github.project_travel_mate/.destinations.description.FinalCityInfoActivity: +223ms
08-04 12:44:48.385 13866 13866 I GoogleInputMethodServic: GoogleInputMethodService.onFinishInput():3138 
08-04 12:44:48.386 13866 13866 I GoogleInputMethodServic: GoogleInputMethodService.onStartInput():1808 
08-04 12:44:48.387 25165 25178 I art     : Starting a blocking GC Explicit
08-04 12:44:48.408 25165 25178 I art     : Explicit concurrent mark sweep GC freed 145(3KB) AllocSpace objects, 0(0B) LOS objects, 29% free, 37MB/53MB, paused 612us total 20.515ms
08-04 12:44:48.636   380   380 W SurfaceFlinger: couldn't log to binary event log: overflow.
08-04 12:44:48.706 25165 25227 I art     : Starting a blocking GC Explicit
08-04 12:44:48.724 25165 25227 I art     : Explicit concurrent mark sweep GC freed 2302(97KB) AllocSpace objects, 2(40KB) LOS objects, 29% free, 37MB/53MB, paused 273us total 17.540ms
08-04 12:44:48.733 25165 25227 I art     : Starting a blocking GC Explicit
08-04 12:44:48.752 25165 25227 I art     : Explicit concurrent mark sweep GC freed 70(1584B) AllocSpace objects, 0(0B) LOS objects, 29% free, 37MB/53MB, paused 394us total 18.993ms
08-04 12:44:48.764 25165 25227 I art     : Starting a blocking GC Explicit
08-04 12:44:48.784 25165 25227 I art     : Explicit concurrent mark sweep GC freed 102(1712B) AllocSpace objects, 0(0B) LOS objects, 29% free, 37MB/53MB, paused 473us total 19.488ms
08-04 12:44:48.794 25165 25227 I art     : Starting a blocking GC Explicit
08-04 12:44:48.814 25165 25227 I art     : Explicit concurrent mark sweep GC freed 29(736B) AllocSpace objects, 0(0B) LOS objects, 29% free, 37MB/53MB, paused 605us total 19.169ms
08-04 12:44:48.824 25165 25227 I art     : Starting a blocking GC Explicit
08-04 12:44:48.844 25165 25227 I art     : Explicit concurrent mark sweep GC freed 214(12KB) AllocSpace objects, 0(0B) LOS objects, 29% free, 37MB/53MB, paused 505us total 19.540ms
08-04 12:44:48.976 25165 25434 I NAPPA_EXPERIMENTATION: MetricNetworkRequestExecutionTime: REQUEST_DURATION_SYSTEM='711',REQUEST_DURATION_OKHTTP='44',REQUEST_SYNCHRONOUS='FALSE',RESPONSE_CODE='200',RESPONSE_METHOD='GET',RESPONSE_LENGTH_OKHTTP='530',RESPONSE_LENGTH_HEADER='530',REQUEST_PROTOCOL='http/1.1',REQUEST_URL='https://project-travel-mate.herokuapp.com/api/get-city/1',
08-04 12:44:48.981 25165 25433 I NAPPA_EXPERIMENTATION: MetricNetworkRequestExecutionTime: REQUEST_DURATION_SYSTEM='717',REQUEST_DURATION_OKHTTP='49',REQUEST_SYNCHRONOUS='FALSE',RESPONSE_CODE='200',RESPONSE_METHOD='GET',RESPONSE_LENGTH_OKHTTP='238',RESPONSE_LENGTH_HEADER='238',REQUEST_PROTOCOL='http/1.1',REQUEST_URL='https://project-travel-mate.herokuapp.com/api/get-city-weather/1',
08-04 12:44:49.009 25165 25434 V Response: {"id":1,"city_name":"Delhi","description":"Delhi, officially the National Capital Territory of Delhi, is the Capital territory of India. During the British Raj, Delhi was part of the province of Punjab and is still historically and culturally connected to the Punjab region.","latitude":"28.613900","longitude":"77.209000","facts_count":6,"images":["https://upload.wikimedia.org/wikipedia/commons/9/94/%E0%B4%96%E0%B5%81%E0%B4%A4%E0%B5%8D%E0%B4%AC%E0%B5%8D_%E0%B4%AE%E0%B4%BF%E0%B4%A8%E0%B4%BE%E0%B5%BC1.jpg"],"has_visited":false}
08-04 12:44:49.113 25165 25177 I art     : Starting a blocking GC Explicit
08-04 12:44:49.134 25165 25177 I art     : Explicit concurrent mark sweep GC freed 9529(577KB) AllocSpace objects, 11(4MB) LOS objects, 31% free, 35MB/51MB, paused 376us total 20.296ms
08-04 12:44:49.145 25165 25177 I art     : Starting a blocking GC Explicit
08-04 12:44:49.162 25165 25177 I art     : Explicit concurrent mark sweep GC freed 1414(156KB) AllocSpace objects, 2(88KB) LOS objects, 28% free, 39MB/55MB, paused 256us total 16.928ms
08-04 12:44:49.170 25165 25177 I art     : Starting a blocking GC Explicit
08-04 12:44:49.189 25165 25177 I art     : Explicit concurrent mark sweep GC freed 130(2800B) AllocSpace objects, 1(1204KB) LOS objects, 29% free, 38MB/54MB, paused 277us total 18.577ms
08-04 12:44:49.198 25165 25177 I art     : Starting a blocking GC Explicit
08-04 12:44:49.216 25165 25177 I art     : Explicit concurrent mark sweep GC freed 74(13KB) AllocSpace objects, 0(0B) LOS objects, 29% free, 38MB/54MB, paused 279us total 18.136ms
08-04 12:44:49.223 18870 18870 I ServiceManager: Waiting for service AtCmdFwd...
08-04 12:44:49.225 25165 25177 I art     : Starting a blocking GC Explicit
08-04 12:44:49.244 25165 25177 I art     : Explicit concurrent mark sweep GC freed 109(2032B) AllocSpace objects, 0(0B) LOS objects, 29% free, 38MB/54MB, paused 291us total 19.196ms
08-04 12:44:49.551 25165 25178 I art     : Starting a blocking GC Explicit
08-04 12:44:49.572 25165 25178 I art     : Explicit concurrent mark sweep GC freed 2327(99KB) AllocSpace objects, 2(40KB) LOS objects, 29% free, 38MB/54MB, paused 260us total 21.511ms
08-04 12:44:49.582 25165 25178 I art     : Starting a blocking GC Explicit
08-04 12:44:49.603 25165 25178 I art     : Explicit concurrent mark sweep GC freed 118(3KB) AllocSpace objects, 0(0B) LOS objects, 29% free, 38MB/54MB, paused 392us total 21.130ms
08-04 12:44:49.613 25165 25178 I art     : Starting a blocking GC Explicit
08-04 12:44:49.632 25165 25178 I art     : Explicit concurrent mark sweep GC freed 86(1872B) AllocSpace objects, 0(0B) LOS objects, 29% free, 38MB/54MB, paused 277us total 19.312ms
08-04 12:44:49.641 25165 25178 I art     : Starting a blocking GC Explicit
08-04 12:44:49.661 25165 25178 I art     : Explicit concurrent mark sweep GC freed 99(1696B) AllocSpace objects, 0(0B) LOS objects, 29% free, 38MB/54MB, paused 275us total 19.895ms
08-04 12:44:49.662 25165 25175 I art     : WaitForGcToComplete blocked for 5.665ms for cause HeapTrim
08-04 12:44:49.671 25165 25178 I art     : Starting a blocking GC Explicit
08-04 12:44:49.691 25165 25178 I art     : Explicit concurrent mark sweep GC freed 99(1696B) AllocSpace objects, 0(0B) LOS objects, 29% free, 38MB/54MB, paused 277us total 20.010ms
08-04 12:44:50.045 25165 25226 I art     : Starting a blocking GC Explicit
08-04 12:44:50.067 25165 25226 I art     : Explicit concurrent mark sweep GC freed 2483(100KB) AllocSpace objects, 2(40KB) LOS objects, 29% free, 38MB/54MB, paused 286us total 21.212ms
08-04 12:44:50.076 25165 25226 I art     : Starting a blocking GC Explicit
08-04 12:44:50.097 25165 25226 I art     : Explicit concurrent mark sweep GC freed 118(2384B) AllocSpace objects, 0(0B) LOS objects, 29% free, 38MB/54MB, paused 298us total 20.745ms
08-04 12:44:50.106 25165 25226 I art     : Starting a blocking GC Explicit
08-04 12:44:50.127 25165 25226 I art     : Explicit concurrent mark sweep GC freed 99(1696B) AllocSpace objects, 0(0B) LOS objects, 29% free, 38MB/54MB, paused 360us total 20.392ms
08-04 12:44:50.136 25165 25226 I art     : Starting a blocking GC Explicit
08-04 12:44:50.157 25165 25226 I art     : Explicit concurrent mark sweep GC freed 98(1664B) AllocSpace objects, 0(0B) LOS objects, 29% free, 38MB/54MB, paused 315us total 20.536ms
08-04 12:44:50.166 25165 25226 I art     : Starting a blocking GC Explicit
08-04 12:44:50.187 25165 25226 I art     : Explicit concurrent mark sweep GC freed 52(928B) AllocSpace objects, 0(0B) LOS objects, 29% free, 38MB/54MB, paused 323us total 20.147ms
08-04 12:44:50.224 18870 18870 I ServiceManager: Waiting for service AtCmdFwd...
08-04 12:44:50.546 25165 25227 I art     : Starting a blocking GC Explicit
08-04 12:44:50.567 25165 25227 I art     : Explicit concurrent mark sweep GC freed 2529(101KB) AllocSpace objects, 2(40KB) LOS objects, 29% free, 38MB/54MB, paused 322us total 20.767ms
08-04 12:44:50.576 25165 25227 I art     : Starting a blocking GC Explicit
08-04 12:44:50.599 25165 25227 I art     : Explicit concurrent mark sweep GC freed 118(2384B) AllocSpace objects, 0(0B) LOS objects, 29% free, 38MB/54MB, paused 303us total 22.048ms
08-04 12:44:50.608 25165 25227 I art     : Starting a blocking GC Explicit
08-04 12:44:50.627 25165 25227 I art     : Explicit concurrent mark sweep GC freed 99(1696B) AllocSpace objects, 0(0B) LOS objects, 29% free, 38MB/54MB, paused 287us total 19.708ms
08-04 12:44:50.637 25165 25227 I art     : Starting a blocking GC Explicit
08-04 12:44:50.657 25165 25227 I art     : Explicit concurrent mark sweep GC freed 98(1664B) AllocSpace objects, 0(0B) LOS objects, 29% free, 38MB/54MB, paused 314us total 20.213ms
08-04 12:44:50.666 25165 25227 I art     : Starting a blocking GC Explicit
08-04 12:44:50.686 25165 25227 I art     : Explicit concurrent mark sweep GC freed 52(928B) AllocSpace objects, 0(0B) LOS objects, 29% free, 38MB/54MB, paused 277us total 20.073ms
08-04 12:44:51.061 25165 25177 I art     : Starting a blocking GC Explicit
08-04 12:44:51.084 25165 25177 I art     : Explicit concurrent mark sweep GC freed 2578(101KB) AllocSpace objects, 2(40KB) LOS objects, 29% free, 38MB/54MB, paused 298us total 22.263ms
08-04 12:44:51.096 25165 25177 I art     : Starting a blocking GC Explicit
08-04 12:44:51.116 25165 25177 I art     : Explicit concurrent mark sweep GC freed 118(2384B) AllocSpace objects, 0(0B) LOS objects, 29% free, 38MB/54MB, paused 285us total 19.562ms
08-04 12:44:51.125 25165 25177 I art     : Starting a blocking GC Explicit
08-04 12:44:51.145 25165 25177 I art     : Explicit concurrent mark sweep GC freed 99(1696B) AllocSpace objects, 0(0B) LOS objects, 29% free, 38MB/54MB, paused 282us total 19.770ms
08-04 12:44:51.154 25165 25177 I art     : Starting a blocking GC Explicit
08-04 12:44:51.173 25165 25177 I art     : Explicit concurrent mark sweep GC freed 98(1664B) AllocSpace objects, 0(0B) LOS objects, 29% free, 38MB/54MB, paused 284us total 19ms
08-04 12:44:51.182 25165 25177 I art     : Starting a blocking GC Explicit
08-04 12:44:51.203 25165 25177 I art     : Explicit concurrent mark sweep GC freed 52(928B) AllocSpace objects, 0(0B) LOS objects, 29% free, 38MB/54MB, paused 281us total 20.532ms
08-04 12:44:51.224 18870 18870 I ServiceManager: Waiting for service AtCmdFwd...
08-04 12:44:51.536 25165 25178 I art     : Starting a blocking GC Explicit
08-04 12:44:51.559 25165 25178 I art     : Explicit concurrent mark sweep GC freed 2483(100KB) AllocSpace objects, 2(40KB) LOS objects, 29% free, 38MB/54MB, paused 276us total 22.565ms
08-04 12:44:51.570 25165 25178 I art     : Starting a blocking GC Explicit
08-04 12:44:51.590 25165 25178 I art     : Explicit concurrent mark sweep GC freed 117(2352B) AllocSpace objects, 0(0B) LOS objects, 29% free, 38MB/54MB, paused 301us total 19.625ms
08-04 12:44:51.599 25165 25178 I art     : Starting a blocking GC Explicit
08-04 12:44:51.618 25165 25178 I art     : Explicit concurrent mark sweep GC freed 52(928B) AllocSpace objects, 0(0B) LOS objects, 29% free, 38MB/54MB, paused 267us total 19.294ms
08-04 12:44:51.627 25165 25178 I art     : Starting a blocking GC Explicit
08-04 12:44:51.647 25165 25178 I art     : Explicit concurrent mark sweep GC freed 99(1696B) AllocSpace objects, 0(0B) LOS objects, 29% free, 38MB/54MB, paused 296us total 19.693ms
08-04 12:44:51.656 25165 25178 I art     : Starting a blocking GC Explicit
08-04 12:44:51.677 25165 25178 I art     : Explicit concurrent mark sweep GC freed 99(1696B) AllocSpace objects, 0(0B) LOS objects, 29% free, 38MB/54MB, paused 329us total 20.521ms
08-04 12:44:52.003 25165 25226 I art     : Starting a blocking GC Explicit
08-04 12:44:52.027 25165 25226 I art     : Explicit concurrent mark sweep GC freed 2433(99KB) AllocSpace objects, 2(40KB) LOS objects, 29% free, 38MB/54MB, paused 281us total 22.737ms
08-04 12:44:52.038 25165 25226 I art     : Starting a blocking GC Explicit
08-04 12:44:52.058 25165 25226 I art     : Explicit concurrent mark sweep GC freed 118(2384B) AllocSpace objects, 0(0B) LOS objects, 29% free, 38MB/54MB, paused 280us total 20.201ms
08-04 12:44:52.067 25165 25226 I art     : Starting a blocking GC Explicit
08-04 12:44:52.088 25165 25226 I art     : Explicit concurrent mark sweep GC freed 51(896B) AllocSpace objects, 0(0B) LOS objects, 29% free, 38MB/54MB, paused 282us total 20.078ms
08-04 12:44:52.097 25165 25226 I art     : Starting a blocking GC Explicit
08-04 12:44:52.117 25165 25226 I art     : Explicit concurrent mark sweep GC freed 99(1696B) AllocSpace objects, 0(0B) LOS objects, 29% free, 38MB/54MB, paused 278us total 20.117ms
08-04 12:44:52.126 25165 25226 I art     : Starting a blocking GC Explicit
08-04 12:44:52.147 25165 25226 I art     : Explicit concurrent mark sweep GC freed 99(1696B) AllocSpace objects, 0(0B) LOS objects, 29% free, 38MB/54MB, paused 347us total 20.151ms
08-04 12:44:52.225 18870 18870 I ServiceManager: Waiting for service AtCmdFwd...
08-04 12:44:52.502 25165 25227 I art     : Starting a blocking GC Explicit
08-04 12:44:52.523 25165 25227 I art     : Explicit concurrent mark sweep GC freed 2482(100KB) AllocSpace objects, 2(40KB) LOS objects, 29% free, 38MB/54MB, paused 416us total 21.224ms
08-04 12:44:52.533 25165 25227 I art     : Starting a blocking GC Explicit
08-04 12:44:52.551 25165 25227 I art     : Explicit concurrent mark sweep GC freed 118(2384B) AllocSpace objects, 0(0B) LOS objects, 29% free, 38MB/54MB, paused 283us total 17.557ms
08-04 12:44:52.560 25165 25227 I art     : Starting a blocking GC Explicit
08-04 12:44:52.578 25165 25227 I art     : Explicit concurrent mark sweep GC freed 99(1696B) AllocSpace objects, 0(0B) LOS objects, 29% free, 38MB/54MB, paused 313us total 18.383ms
08-04 12:44:52.587 25165 25227 I art     : Starting a blocking GC Explicit
08-04 12:44:52.606 25165 25227 I art     : Explicit concurrent mark sweep GC freed 83(2080B) AllocSpace objects, 0(0B) LOS objects, 29% free, 38MB/54MB, paused 361us total 19.180ms
08-04 12:44:52.615 25165 25227 I art     : Starting a blocking GC Explicit
08-04 12:44:52.635 25165 25227 I art     : Explicit concurrent mark sweep GC freed 100(2096B) AllocSpace objects, 0(0B) LOS objects, 29% free, 38MB/54MB, paused 290us total 19.494ms
08-04 12:44:52.727 25528 25528 D AndroidRuntime: >>>>>> START com.android.internal.os.RuntimeInit uid 2000 <<<<<<
08-04 12:44:52.731 25528 25528 D AndroidRuntime: CheckJNI is OFF
08-04 12:44:52.760 25528 25528 D ICU     : No timezone override file found: /data/misc/zoneinfo/current/icu/icu_tzdata.dat
08-04 12:44:52.786 25528 25528 I Radio-JNI: register_android_hardware_Radio DONE
08-04 12:44:52.802 25528 25528 D AndroidRuntime: Calling main entry com.android.commands.input.Input
08-04 12:44:52.803 25528 25528 I Input   : injectMotionEvent: MotionEvent { action=ACTION_DOWN, actionButton=0, id[0]=0, x[0]=693.0, y[0]=1450.0, toolType[0]=TOOL_TYPE_UNKNOWN, buttonState=0, metaState=0, flags=0x0, edgeFlags=0x0, pointerCount=1, historySize=0, eventTime=708309216, downTime=708309216, deviceId=0, source=0x1002 }
08-04 12:44:52.808 25528 25528 I Input   : injectMotionEvent: MotionEvent { action=ACTION_UP, actionButton=0, id[0]=0, x[0]=693.0, y[0]=1450.0, toolType[0]=TOOL_TYPE_UNKNOWN, buttonState=0, metaState=0, flags=0x0, edgeFlags=0x0, pointerCount=1, historySize=0, eventTime=708309216, downTime=708309216, deviceId=0, source=0x1002 }
08-04 12:44:52.810 25528 25528 D AndroidRuntime: Shutting down VM
08-04 12:44:52.811   918  3670 I ActivityManager: START u0 {cmp=baseline.io.github.project_travel_mate/.destinations.description.CityHistoryActivity} from uid 10650 on display 0
08-04 12:44:52.811   512  2967 D audio_hw_primary: out_set_parameters: enter: usecase(1: low-latency-playback) kvpairs: routing=2
08-04 12:44:52.824   512  2967 D audio_hw_primary: select_devices: out_snd_device(2: speaker) in_snd_device(0: none)
08-04 12:44:52.825   512  2967 D msm8974_platform: platform_send_audio_calibration: sending audio calibration for snd_device(2) acdb_id(15)
08-04 12:44:52.825   512  2967 I soundtrigger: audio_extn_sound_trigger_update_device_status: device 0x2 of type 0 for Event 1
08-04 12:44:52.835   512  2967 D audio_hw_primary: enable_snd_device: snd_device(2: speaker)
08-04 12:44:52.837   512  2967 D audio_hw_primary: enable_audio_route: apply and update mixer path: low-latency-playback speaker
08-04 12:44:52.843 25165 25247 D Gabe    : call	returning from cache
08-04 12:44:52.845 25165 25165 V EXECUTING: https://project-travel-mate.herokuapp.com/api/get-city-information/1
08-04 12:44:52.926 25165 25177 I art     : Starting a blocking GC Explicit
08-04 12:44:52.948 25165 25177 I art     : Explicit concurrent mark sweep GC freed 3194(226KB) AllocSpace objects, 2(40KB) LOS objects, 27% free, 42MB/58MB, paused 440us total 22.095ms
08-04 12:44:52.958 25165 25177 I art     : Starting a blocking GC Explicit
08-04 12:44:52.974   918   936 I ActivityManager: Displayed baseline.io.github.project_travel_mate/.destinations.description.CityHistoryActivity: +154ms
08-04 12:44:52.976 13866 13866 I GoogleInputMethodServic: GoogleInputMethodService.onFinishInput():3138 
08-04 12:44:52.977 13866 13866 I GoogleInputMethodServic: GoogleInputMethodService.onStartInput():1808 
08-04 12:44:52.979 25165 25177 I art     : Explicit concurrent mark sweep GC freed 311(11KB) AllocSpace objects, 0(0B) LOS objects, 27% free, 42MB/58MB, paused 496us total 20.771ms
08-04 12:44:52.990 25165 25177 I art     : Starting a blocking GC Explicit
08-04 12:44:53.015 25165 25177 I art     : Explicit concurrent mark sweep GC freed 63(1328B) AllocSpace objects, 0(0B) LOS objects, 27% free, 42MB/58MB, paused 789us total 24.870ms
08-04 12:44:53.026 25165 25177 I art     : Starting a blocking GC Explicit
08-04 12:44:53.048 25165 25177 I art     : Explicit concurrent mark sweep GC freed 81(1424B) AllocSpace objects, 0(0B) LOS objects, 27% free, 42MB/58MB, paused 430us total 21.778ms
08-04 12:44:53.058 25165 25177 I art     : Starting a blocking GC Explicit
08-04 12:44:53.077 25165 25177 I art     : Explicit concurrent mark sweep GC freed 224(3KB) AllocSpace objects, 0(0B) LOS objects, 27% free, 42MB/58MB, paused 303us total 19.039ms
08-04 12:44:53.223   380   380 W SurfaceFlinger: couldn't log to binary event log: overflow.
08-04 12:44:53.225 18870 18870 W Atfwd_Sendcmd: AtCmdFwd service not published, waiting... retryCnt : 1
08-04 12:44:53.351 25165 25177 I art     : Starting a blocking GC Explicit
08-04 12:44:53.372 25165 25177 I art     : Explicit concurrent mark sweep GC freed 2628(102KB) AllocSpace objects, 2(40KB) LOS objects, 27% free, 42MB/58MB, paused 547us total 20.671ms
08-04 12:44:53.379   512  2967 D audio_hw_primary: disable_audio_route: reset and update mixer path: low-latency-playback speaker
08-04 12:44:53.380   512  2967 D audio_hw_primary: disable_snd_device: snd_device(2: speaker)
08-04 12:44:53.381 25165 25177 I art     : Starting a blocking GC Explicit
08-04 12:44:53.386 13866 13882 I PeriodicStatsRunner: PeriodicStatsRunner.call():175 call()
08-04 12:44:53.386 13866 13882 I PeriodicStatsRunner: PeriodicStatsRunner.call():179 No submit PeriodicStats since input started.
08-04 12:44:53.387   512  2967 I soundtrigger: audio_extn_sound_trigger_update_device_status: device 0x2 of type 0 for Event 0
08-04 12:44:53.402 25165 25177 I art     : Explicit concurrent mark sweep GC freed 41(1136B) AllocSpace objects, 0(0B) LOS objects, 27% free, 42MB/58MB, paused 446us total 20.179ms
08-04 12:44:53.411 25165 25177 I art     : Starting a blocking GC Explicit
08-04 12:44:53.432 25165 25177 I art     : Explicit concurrent mark sweep GC freed 156(3KB) AllocSpace objects, 0(0B) LOS objects, 27% free, 42MB/58MB, paused 499us total 21.543ms
08-04 12:44:53.442 25165 25177 I art     : Starting a blocking GC Explicit
08-04 12:44:53.463 25165 25177 I art     : Explicit concurrent mark sweep GC freed 21(384B) AllocSpace objects, 0(0B) LOS objects, 27% free, 42MB/58MB, paused 501us total 20.387ms
08-04 12:44:53.472 25165 25177 I art     : Starting a blocking GC Explicit
08-04 12:44:53.493 25165 25177 I art     : Explicit concurrent mark sweep GC freed 127(2144B) AllocSpace objects, 0(0B) LOS objects, 27% free, 42MB/58MB, paused 438us total 20.657ms
08-04 12:44:53.670 25165 25554 I NAPPA_EXPERIMENTATION: MetricNetworkRequestExecutionTime: REQUEST_DURATION_SYSTEM='824',REQUEST_DURATION_OKHTTP='33',REQUEST_SYNCHRONOUS='FALSE',RESPONSE_CODE='200',RESPONSE_METHOD='GET',RESPONSE_LENGTH_OKHTTP='55024',RESPONSE_LENGTH_HEADER='55024',REQUEST_PROTOCOL='http/1.1',REQUEST_URL='https://project-travel-mate.herokuapp.com/api/get-city-information/1',
08-04 12:44:53.768 25165 25178 I art     : Starting a blocking GC Explicit
08-04 12:44:53.788 25165 25178 I art     : Explicit concurrent mark sweep GC freed 5852(1206KB) AllocSpace objects, 20(840KB) LOS objects, 26% free, 43MB/59MB, paused 515us total 19.938ms
08-04 12:44:53.797 25165 25178 I art     : Starting a blocking GC Explicit
08-04 12:44:53.800 13866 13866 I GoogleInputMethodServic: GoogleInputMethodService.onFinishInput():3138 
08-04 12:44:53.801 13866 13866 I GoogleInputMethodServic: GoogleInputMethodService.onStartInput():1808 
08-04 12:44:53.816 25165 25178 I art     : Explicit concurrent mark sweep GC freed 1537(385KB) AllocSpace objects, 4(80KB) LOS objects, 26% free, 43MB/59MB, paused 284us total 19.076ms
08-04 12:44:53.825 25165 25178 I art     : Starting a blocking GC Explicit
08-04 12:44:53.845 25165 25178 I art     : Explicit concurrent mark sweep GC freed 161(3KB) AllocSpace objects, 1(4MB) LOS objects, 29% free, 39MB/55MB, paused 266us total 19.801ms
08-04 12:44:53.854 25165 25178 I art     : Starting a blocking GC Explicit
08-04 12:44:53.874 25165 25178 I art     : Explicit concurrent mark sweep GC freed 79(1360B) AllocSpace objects, 0(0B) LOS objects, 29% free, 39MB/55MB, paused 383us total 20.447ms
08-04 12:44:53.884 25165 25178 I art     : Starting a blocking GC Explicit
08-04 12:44:53.905 25165 25178 I art     : Explicit concurrent mark sweep GC freed 143(2432B) AllocSpace objects, 0(0B) LOS objects, 29% free, 39MB/55MB, paused 297us total 20.907ms
08-04 12:44:54.232 25165 25226 I art     : Starting a blocking GC Explicit
08-04 12:44:54.259 25165 25226 I art     : Explicit concurrent mark sweep GC freed 2937(107KB) AllocSpace objects, 2(40KB) LOS objects, 29% free, 39MB/55MB, paused 448us total 26ms
08-04 12:44:54.269 25165 25226 I art     : Starting a blocking GC Explicit
08-04 12:44:54.291 25165 25226 I art     : Explicit concurrent mark sweep GC freed 176(3KB) AllocSpace objects, 0(0B) LOS objects, 29% free, 39MB/55MB, paused 389us total 21.321ms
08-04 12:44:54.300 25165 25226 I art     : Starting a blocking GC Explicit
08-04 12:44:54.322 25165 25226 I art     : Explicit concurrent mark sweep GC freed 137(2336B) AllocSpace objects, 0(0B) LOS objects, 29% free, 39MB/55MB, paused 304us total 21.150ms
08-04 12:44:54.331 25165 25226 I art     : Starting a blocking GC Explicit
08-04 12:44:54.352 25165 25226 I art     : Explicit concurrent mark sweep GC freed 147(2496B) AllocSpace objects, 0(0B) LOS objects, 29% free, 39MB/55MB, paused 304us total 21.177ms
08-04 12:44:54.361 25165 25226 I art     : Starting a blocking GC Explicit
08-04 12:44:54.384 25165 25226 I art     : Explicit concurrent mark sweep GC freed 147(2496B) AllocSpace objects, 0(0B) LOS objects, 29% free, 39MB/55MB, paused 299us total 22.086ms
08-04 12:44:54.756 25165 25227 I art     : Starting a blocking GC Explicit
08-04 12:44:54.779 25165 25227 I art     : Explicit concurrent mark sweep GC freed 3185(112KB) AllocSpace objects, 2(40KB) LOS objects, 29% free, 39MB/55MB, paused 276us total 22.757ms
08-04 12:44:54.789 25165 25227 I art     : Starting a blocking GC Explicit
08-04 12:44:54.812 25165 25227 I art     : Explicit concurrent mark sweep GC freed 166(3KB) AllocSpace objects, 0(0B) LOS objects, 29% free, 39MB/55MB, paused 302us total 22.585ms
08-04 12:44:54.822 25165 25227 I art     : Starting a blocking GC Explicit
08-04 12:44:54.844 25165 25227 I art     : Explicit concurrent mark sweep GC freed 147(2496B) AllocSpace objects, 0(0B) LOS objects, 29% free, 39MB/55MB, paused 305us total 22.336ms
08-04 12:44:54.854 25165 25227 I art     : Starting a blocking GC Explicit
08-04 12:44:54.876 25165 25227 I art     : Explicit concurrent mark sweep GC freed 106(1792B) AllocSpace objects, 0(0B) LOS objects, 29% free, 39MB/55MB, paused 386us total 21.962ms
08-04 12:44:54.885 25165 25227 I art     : Starting a blocking GC Explicit
08-04 12:44:54.907 25165 25227 I art     : Explicit concurrent mark sweep GC freed 116(2000B) AllocSpace objects, 0(0B) LOS objects, 29% free, 39MB/55MB, paused 290us total 21.648ms
08-04 12:44:55.146 24365  7398 I NetworkScheduler.Stats: Task com.google.android.apps.gcs/ started execution. cause:4 exec_start_elapsed_seconds: 1691699 [CONTEXT service_id=218 ]
08-04 12:44:55.157 25112 25607 W Gcs.WfaEliRefreshTask: [23937] afk.b: NULL eligibility response.
08-04 12:44:55.161 24365  7398 I NetworkScheduler.Stats: Task com.google.android.apps.gcs/ finished executing. cause:4 result: 3 elapsed_millis: 19 uptime_millis: 19 exec_start_elapsed_seconds: 1691699 [CONTEXT service_id=218 ]
08-04 12:44:55.223 24365  7397 I NetworkScheduler.Stats: Task com.google.android.gms/com.google.android.gms.stats.PlatformStatsCollectorService started execution. cause:5 exec_start_elapsed_seconds: 1691699 [CONTEXT service_id=218 ]
08-04 12:44:55.243   918   929 I AccountManagerService: getTypesVisibleToCaller: isPermitted? true
08-04 12:44:55.249 24365  7398 I NetworkScheduler.Stats: Task com.google.android.gms/com.google.android.gms.stats.PlatformStatsCollectorService finished executing. cause:5 result: 1 elapsed_millis: 65 uptime_millis: 64 exec_start_elapsed_seconds: 1691699 [CONTEXT service_id=218 ]
08-04 12:44:55.261 25165 25178 I art     : Starting a blocking GC Explicit
08-04 12:44:55.284 25165 25178 I art     : Explicit concurrent mark sweep GC freed 3081(110KB) AllocSpace objects, 2(40KB) LOS objects, 29% free, 39MB/55MB, paused 303us total 22.106ms
08-04 12:44:55.293 25165 25178 I art     : Starting a blocking GC Explicit
08-04 12:44:55.315 25165 25178 I art     : Explicit concurrent mark sweep GC freed 166(3KB) AllocSpace objects, 0(0B) LOS objects, 29% free, 39MB/55MB, paused 307us total 21.543ms
08-04 12:44:55.324 25165 25178 I art     : Starting a blocking GC Explicit
08-04 12:44:55.347 25165 25178 I art     : Explicit concurrent mark sweep GC freed 146(2464B) AllocSpace objects, 0(0B) LOS objects, 29% free, 39MB/55MB, paused 367us total 22.281ms
08-04 12:44:55.356 25165 25178 I art     : Starting a blocking GC Explicit
08-04 12:44:55.378 25165 25178 I art     : Explicit concurrent mark sweep GC freed 148(2528B) AllocSpace objects, 0(0B) LOS objects, 29% free, 39MB/55MB, paused 327us total 21.834ms
08-04 12:44:55.388 25165 25178 I art     : Starting a blocking GC Explicit
08-04 12:44:55.410 25165 25178 I art     : Explicit concurrent mark sweep GC freed 113(1904B) AllocSpace objects, 0(0B) LOS objects, 29% free, 39MB/55MB, paused 383us total 21.873ms
08-04 12:44:55.744 25165 25226 I art     : Starting a blocking GC Explicit
08-04 12:44:55.769 25165 25226 I art     : Explicit concurrent mark sweep GC freed 2983(108KB) AllocSpace objects, 2(40KB) LOS objects, 29% free, 39MB/55MB, paused 325us total 24.917ms
08-04 12:44:55.781 25165 25226 I art     : Starting a blocking GC Explicit
08-04 12:44:55.803 25165 25226 I art     : Explicit concurrent mark sweep GC freed 182(3KB) AllocSpace objects, 0(0B) LOS objects, 29% free, 39MB/55MB, paused 308us total 21.464ms
08-04 12:44:55.812 25165 25226 I art     : Starting a blocking GC Explicit
08-04 12:44:55.833 25165 25226 I art     : Explicit concurrent mark sweep GC freed 147(2496B) AllocSpace objects, 0(0B) LOS objects, 29% free, 39MB/55MB, paused 297us total 20.901ms
08-04 12:44:55.843 25165 25226 I art     : Starting a blocking GC Explicit
08-04 12:44:55.864 25165 25226 I art     : Explicit concurrent mark sweep GC freed 146(2464B) AllocSpace objects, 0(0B) LOS objects, 29% free, 39MB/55MB, paused 305us total 21.204ms
08-04 12:44:55.874 25165 25226 I art     : Starting a blocking GC Explicit
08-04 12:44:55.896 25165 25226 I art     : Explicit concurrent mark sweep GC freed 148(2528B) AllocSpace objects, 0(0B) LOS objects, 29% free, 39MB/55MB, paused 301us total 21.919ms
08-04 12:44:56.244 25165 25177 I art     : Starting a blocking GC Explicit
08-04 12:44:56.268 25165 25177 I art     : Explicit concurrent mark sweep GC freed 3010(108KB) AllocSpace objects, 2(40KB) LOS objects, 29% free, 39MB/55MB, paused 293us total 23.561ms
08-04 12:44:56.278 25165 25177 I art     : Starting a blocking GC Explicit
08-04 12:44:56.300 25165 25177 I art     : Explicit concurrent mark sweep GC freed 166(3KB) AllocSpace objects, 0(0B) LOS objects, 29% free, 39MB/55MB, paused 308us total 22.230ms
08-04 12:44:56.309 25165 25177 I art     : Starting a blocking GC Explicit
08-04 12:44:56.332 25165 25177 I art     : Explicit concurrent mark sweep GC freed 146(2464B) AllocSpace objects, 0(0B) LOS objects, 29% free, 39MB/55MB, paused 371us total 22.342ms
08-04 12:44:56.342 25165 25177 I art     : Starting a blocking GC Explicit
08-04 12:44:56.364 25165 25177 I art     : Explicit concurrent mark sweep GC freed 148(2528B) AllocSpace objects, 0(0B) LOS objects, 29% free, 39MB/55MB, paused 338us total 22.660ms
08-04 12:44:56.374 25165 25177 I art     : Starting a blocking GC Explicit
08-04 12:44:56.397 25165 25177 I art     : Explicit concurrent mark sweep GC freed 147(2496B) AllocSpace objects, 0(0B) LOS objects, 29% free, 39MB/55MB, paused 375us total 22.067ms
08-04 12:44:56.746 25165 25227 I art     : Starting a blocking GC Explicit
08-04 12:44:56.771 25165 25227 I art     : Explicit concurrent mark sweep GC freed 3009(108KB) AllocSpace objects, 2(40KB) LOS objects, 29% free, 39MB/55MB, paused 310us total 25.125ms
08-04 12:44:56.784 25165 25227 I art     : Starting a blocking GC Explicit
08-04 12:44:56.805 25165 25227 I art     : Explicit concurrent mark sweep GC freed 166(3KB) AllocSpace objects, 0(0B) LOS objects, 29% free, 39MB/55MB, paused 299us total 21.391ms
08-04 12:44:56.815 25165 25227 I art     : Starting a blocking GC Explicit
08-04 12:44:56.836 25165 25227 I art     : Explicit concurrent mark sweep GC freed 147(2496B) AllocSpace objects, 0(0B) LOS objects, 29% free, 39MB/55MB, paused 304us total 21.637ms
08-04 12:44:56.845 25165 25227 I art     : Starting a blocking GC Explicit
08-04 12:44:56.867 25165 25227 I art     : Explicit concurrent mark sweep GC freed 147(2496B) AllocSpace objects, 0(0B) LOS objects, 29% free, 39MB/55MB, paused 315us total 21.320ms
08-04 12:44:56.876 25165 25227 I art     : Starting a blocking GC Explicit
08-04 12:44:56.898 25165 25227 I art     : Explicit concurrent mark sweep GC freed 146(2464B) AllocSpace objects, 0(0B) LOS objects, 29% free, 39MB/55MB, paused 327us total 22.202ms
08-04 12:44:57.214 25165 25178 I art     : Starting a blocking GC Explicit
08-04 12:44:57.237 25165 25178 I art     : Explicit concurrent mark sweep GC freed 2866(106KB) AllocSpace objects, 2(40KB) LOS objects, 29% free, 39MB/55MB, paused 398us total 23.295ms
08-04 12:44:57.247 25165 25178 I art     : Starting a blocking GC Explicit
08-04 12:44:57.269 25165 25178 I art     : Explicit concurrent mark sweep GC freed 166(3KB) AllocSpace objects, 0(0B) LOS objects, 29% free, 39MB/55MB, paused 298us total 21.865ms
08-04 12:44:57.278 25165 25178 I art     : Starting a blocking GC Explicit
08-04 12:44:57.299 25165 25178 I art     : Explicit concurrent mark sweep GC freed 146(2464B) AllocSpace objects, 0(0B) LOS objects, 29% free, 39MB/55MB, paused 328us total 20.746ms
08-04 12:44:57.308 25165 25178 I art     : Starting a blocking GC Explicit
08-04 12:44:57.329 25165 25178 I art     : Explicit concurrent mark sweep GC freed 147(2496B) AllocSpace objects, 0(0B) LOS objects, 29% free, 39MB/55MB, paused 324us total 21.189ms
08-04 12:44:57.338 25165 25178 I art     : Starting a blocking GC Explicit
08-04 12:44:57.359 25165 25178 I art     : Explicit concurrent mark sweep GC freed 76(1328B) AllocSpace objects, 0(0B) LOS objects, 29% free, 39MB/55MB, paused 304us total 20.446ms
08-04 12:44:57.422 25640 25640 D AndroidRuntime: >>>>>> START com.android.internal.os.RuntimeInit uid 2000 <<<<<<
08-04 12:44:57.426 25640 25640 D AndroidRuntime: CheckJNI is OFF
08-04 12:44:57.453 25640 25640 D ICU     : No timezone override file found: /data/misc/zoneinfo/current/icu/icu_tzdata.dat
08-04 12:44:57.481 25640 25640 I Radio-JNI: register_android_hardware_Radio DONE
08-04 12:44:57.498 25640 25640 D AndroidRuntime: Calling main entry com.android.commands.input.Input
08-04 12:44:57.499 25640 25640 I Input   : injectKeyEvent: KeyEvent { action=ACTION_DOWN, keyCode=KEYCODE_BACK, scanCode=0, metaState=0, flags=0x0, repeatCount=0, eventTime=708313912, downTime=708313912, deviceId=-1, source=0x101 }
08-04 12:44:57.506 25640 25640 I Input   : injectKeyEvent: KeyEvent { action=ACTION_UP, keyCode=KEYCODE_BACK, scanCode=0, metaState=0, flags=0x0, repeatCount=0, eventTime=708313912, downTime=708313912, deviceId=-1, source=0x101 }
08-04 12:44:57.512 25640 25640 D AndroidRuntime: Shutting down VM
08-04 12:44:57.555 13866 13866 I GoogleInputMethodServic: GoogleInputMethodService.onFinishInput():3138 
08-04 12:44:57.556 13866 13866 I GoogleInputMethodServic: GoogleInputMethodService.onStartInput():1808 
08-04 12:44:57.643 25165 25226 I art     : Starting a blocking GC Explicit
08-04 12:44:57.678 25165 25226 I art     : Explicit concurrent mark sweep GC freed 2900(109KB) AllocSpace objects, 2(40KB) LOS objects, 29% free, 39MB/55MB, paused 357us total 34.453ms
08-04 12:44:57.691 25165 25226 I art     : Starting a blocking GC Explicit
08-04 12:44:57.722 25165 25226 I art     : Explicit concurrent mark sweep GC freed 242(4KB) AllocSpace objects, 0(0B) LOS objects, 29% free, 39MB/55MB, paused 384us total 30.256ms
08-04 12:44:57.733 25165 25226 I art     : Starting a blocking GC Explicit
08-04 12:44:57.758 25165 25226 I art     : Explicit concurrent mark sweep GC freed 147(2496B) AllocSpace objects, 0(0B) LOS objects, 29% free, 39MB/55MB, paused 314us total 25.223ms
08-04 12:44:57.769 25165 25226 I art     : Starting a blocking GC Explicit
08-04 12:44:57.794 25165 25226 I art     : Explicit concurrent mark sweep GC freed 147(2496B) AllocSpace objects, 0(0B) LOS objects, 29% free, 39MB/55MB, paused 291us total 24.538ms
08-04 12:44:57.806 25165 25226 I art     : Starting a blocking GC Explicit
08-04 12:44:57.837 25165 25226 I art     : Explicit concurrent mark sweep GC freed 219(3KB) AllocSpace objects, 0(0B) LOS objects, 29% free, 39MB/55MB, paused 385us total 30.292ms
08-04 12:44:57.861   380   380 W SurfaceFlinger: couldn't log to binary event log: overflow.
08-04 12:44:57.978 13866 13882 I PeriodicStatsRunner: PeriodicStatsRunner.call():175 call()
08-04 12:44:57.981 13866 13882 I PeriodicStatsRunner: PeriodicStatsRunner.call():179 No submit PeriodicStats since input started.
08-04 12:44:58.108 25165 25227 I art     : Starting a blocking GC Explicit
08-04 12:44:58.134 25165 25227 I art     : Explicit concurrent mark sweep GC freed 2363(98KB) AllocSpace objects, 4(404KB) LOS objects, 29% free, 38MB/54MB, paused 334us total 24.967ms
08-04 12:44:58.146 25165 25227 I art     : Starting a blocking GC Explicit
08-04 12:44:58.166 25165 25227 I art     : Explicit concurrent mark sweep GC freed 4808(341KB) AllocSpace objects, 7(132KB) LOS objects, 29% free, 38MB/54MB, paused 326us total 19.735ms
08-04 12:44:58.174 25165 25227 I art     : Starting a blocking GC Explicit
08-04 12:44:58.194 25165 25227 I art     : Explicit concurrent mark sweep GC freed 55(1088B) AllocSpace objects, 0(0B) LOS objects, 29% free, 38MB/54MB, paused 341us total 19.230ms
08-04 12:44:58.203 25165 25227 I art     : Starting a blocking GC Explicit
08-04 12:44:58.223 25165 25227 I art     : Explicit concurrent mark sweep GC freed 99(1696B) AllocSpace objects, 0(0B) LOS objects, 29% free, 38MB/54MB, paused 339us total 20.124ms
08-04 12:44:58.226 18870 18870 I ServiceManager: Waiting for service AtCmdFwd...
08-04 12:44:58.232 25165 25227 I art     : Starting a blocking GC Explicit
08-04 12:44:58.253 25165 25227 I art     : Explicit concurrent mark sweep GC freed 99(1696B) AllocSpace objects, 0(0B) LOS objects, 29% free, 38MB/54MB, paused 391us total 21.113ms
08-04 12:44:58.582 25165 25178 I art     : Starting a blocking GC Explicit
08-04 12:44:58.606 25165 25178 I art     : Explicit concurrent mark sweep GC freed 2457(100KB) AllocSpace objects, 2(40KB) LOS objects, 29% free, 38MB/54MB, paused 335us total 23.996ms
08-04 12:44:58.617 25165 25178 I art     : Starting a blocking GC Explicit
08-04 12:44:58.637 25165 25178 I art     : Explicit concurrent mark sweep GC freed 128(2928B) AllocSpace objects, 0(0B) LOS objects, 29% free, 38MB/54MB, paused 340us total 19.682ms
08-04 12:44:58.645 25165 25178 I art     : Starting a blocking GC Explicit
08-04 12:44:58.663 25165 25178 I art     : Explicit concurrent mark sweep GC freed 97(1632B) AllocSpace objects, 0(0B) LOS objects, 29% free, 38MB/54MB, paused 311us total 17.858ms
08-04 12:44:58.672 25165 25178 I art     : Starting a blocking GC Explicit
08-04 12:44:58.691 25165 25178 I art     : Explicit concurrent mark sweep GC freed 53(960B) AllocSpace objects, 0(0B) LOS objects, 29% free, 38MB/54MB, paused 284us total 18.525ms
08-04 12:44:58.699 25165 25178 I art     : Starting a blocking GC Explicit
08-04 12:44:58.720 25165 25178 I art     : Explicit concurrent mark sweep GC freed 99(1696B) AllocSpace objects, 0(0B) LOS objects, 29% free, 38MB/54MB, paused 300us total 20.759ms
08-04 12:44:58.801 13866 13882 I PeriodicStatsRunner: PeriodicStatsRunner.call():175 call()
08-04 12:44:58.801 13866 13882 I PeriodicStatsRunner: PeriodicStatsRunner.call():179 No submit PeriodicStats since input started.
08-04 12:44:59.013 25165 25226 I art     : Starting a blocking GC Explicit
08-04 12:44:59.035 25165 25226 I art     : Explicit concurrent mark sweep GC freed 2337(97KB) AllocSpace objects, 2(40KB) LOS objects, 29% free, 38MB/54MB, paused 377us total 22.202ms
08-04 12:44:59.045 25165 25226 I art     : Starting a blocking GC Explicit
08-04 12:44:59.054 25691 25691 D AndroidRuntime: >>>>>> START com.android.internal.os.RuntimeInit uid 2000 <<<<<<
08-04 12:44:59.058 25691 25691 D AndroidRuntime: CheckJNI is OFF
08-04 12:44:59.065 25165 25226 I art     : Explicit concurrent mark sweep GC freed 118(2384B) AllocSpace objects, 0(0B) LOS objects, 29% free, 38MB/54MB, paused 294us total 20.374ms
08-04 12:44:59.074 25165 25226 I art     : Starting a blocking GC Explicit
08-04 12:44:59.085 25691 25691 D ICU     : No timezone override file found: /data/misc/zoneinfo/current/icu/icu_tzdata.dat
08-04 12:44:59.093 25165 25226 I art     : Explicit concurrent mark sweep GC freed 51(896B) AllocSpace objects, 0(0B) LOS objects, 29% free, 38MB/54MB, paused 326us total 18.116ms
08-04 12:44:59.101 25165 25226 I art     : Starting a blocking GC Explicit
08-04 12:44:59.110 25691 25691 I Radio-JNI: register_android_hardware_Radio DONE
08-04 12:44:59.121 25165 25226 I art     : Explicit concurrent mark sweep GC freed 99(1696B) AllocSpace objects, 0(0B) LOS objects, 29% free, 38MB/54MB, paused 321us total 19.349ms
08-04 12:44:59.127 25691 25691 D AndroidRuntime: Calling main entry com.android.commands.input.Input
08-04 12:44:59.128 25691 25691 I Input   : injectMotionEvent: MotionEvent { action=ACTION_DOWN, actionButton=0, id[0]=0, x[0]=504.0, y[0]=1706.0, toolType[0]=TOOL_TYPE_UNKNOWN, buttonState=0, metaState=0, flags=0x0, edgeFlags=0x0, pointerCount=1, historySize=0, eventTime=708315541, downTime=708315541, deviceId=0, source=0x1002 }
08-04 12:44:59.130 25165 25226 I art     : Starting a blocking GC Explicit
08-04 12:44:59.134 25691 25691 I Input   : injectMotionEvent: MotionEvent { action=ACTION_UP, actionButton=0, id[0]=0, x[0]=504.0, y[0]=1706.0, toolType[0]=TOOL_TYPE_UNKNOWN, buttonState=0, metaState=0, flags=0x0, edgeFlags=0x0, pointerCount=1, historySize=0, eventTime=708315541, downTime=708315541, deviceId=0, source=0x1002 }
08-04 12:44:59.135 25691 25691 D AndroidRuntime: Shutting down VM
08-04 12:44:59.136   512  2967 D audio_hw_primary: out_set_parameters: enter: usecase(1: low-latency-playback) kvpairs: routing=2
08-04 12:44:59.139   918  4400 I ActivityManager: START u0 {cmp=baseline.io.github.project_travel_mate/.destinations.funfacts.FunFactsActivity (has extras)} from uid 10650 on display 0
08-04 12:44:59.149   512  2967 D audio_hw_primary: select_devices: out_snd_device(2: speaker) in_snd_device(0: none)
08-04 12:44:59.149   512  2967 D msm8974_platform: platform_send_audio_calibration: sending audio calibration for snd_device(2) acdb_id(15)
08-04 12:44:59.149 25165 25226 I art     : Explicit concurrent mark sweep GC freed 1144(121KB) AllocSpace objects, 0(0B) LOS objects, 29% free, 38MB/54MB, paused 425us total 19.767ms
08-04 12:44:59.149   512  2967 I soundtrigger: audio_extn_sound_trigger_update_device_status: device 0x2 of type 0 for Event 1
08-04 12:44:59.160   512  2967 D audio_hw_primary: enable_snd_device: snd_device(2: speaker)
08-04 12:44:59.161 25165 25247 D Gabe    : call	returning from cache
08-04 12:44:59.162   512  2967 D audio_hw_primary: enable_audio_route: apply and update mixer path: low-latency-playback speaker
08-04 12:44:59.164 25165 25165 V EXECUTING: https://project-travel-mate.herokuapp.com/api/get-city-facts/1
08-04 12:44:59.226 18870 18870 I ServiceManager: Waiting for service AtCmdFwd...
08-04 12:44:59.277   918   936 I ActivityManager: Displayed baseline.io.github.project_travel_mate/.destinations.funfacts.FunFactsActivity: +129ms
08-04 12:44:59.277 13866 13866 I GoogleInputMethodServic: GoogleInputMethodService.onFinishInput():3138 
08-04 12:44:59.278 13866 13866 I GoogleInputMethodServic: GoogleInputMethodService.onStartInput():1808 
08-04 12:44:59.408 25165 25177 I art     : Starting a blocking GC Explicit
08-04 12:44:59.433 25165 25177 I art     : Explicit concurrent mark sweep GC freed 4087(252KB) AllocSpace objects, 2(40KB) LOS objects, 27% free, 42MB/58MB, paused 391us total 24.893ms
08-04 12:44:59.446 25165 25177 I art     : Starting a blocking GC Explicit
08-04 12:44:59.471 25165 25177 I art     : Explicit concurrent mark sweep GC freed 270(8KB) AllocSpace objects, 0(0B) LOS objects, 27% free, 42MB/58MB, paused 426us total 24.949ms
08-04 12:44:59.482 25165 25177 I art     : Starting a blocking GC Explicit
08-04 12:44:59.509 25165 25177 I art     : Explicit concurrent mark sweep GC freed 147(2496B) AllocSpace objects, 0(0B) LOS objects, 27% free, 42MB/58MB, paused 361us total 26.365ms
08-04 12:44:59.521 25165 25177 I art     : Starting a blocking GC Explicit
08-04 12:44:59.530   380   380 W SurfaceFlinger: couldn't log to binary event log: overflow.
08-04 12:44:59.547 25165 25177 I art     : Explicit concurrent mark sweep GC freed 152(2576B) AllocSpace objects, 0(0B) LOS objects, 27% free, 42MB/58MB, paused 485us total 25.312ms
08-04 12:44:59.556 25165 25177 I art     : Starting a blocking GC Explicit
08-04 12:44:59.576 25165 25177 I art     : Explicit concurrent mark sweep GC freed 142(2416B) AllocSpace objects, 0(0B) LOS objects, 27% free, 42MB/58MB, paused 340us total 19.323ms
08-04 12:44:59.698   512  2967 D audio_hw_primary: disable_audio_route: reset and update mixer path: low-latency-playback speaker
08-04 12:44:59.699   512  2967 D audio_hw_primary: disable_snd_device: snd_device(2: speaker)
08-04 12:44:59.708   512  2967 I soundtrigger: audio_extn_sound_trigger_update_device_status: device 0x2 of type 0 for Event 0
08-04 12:44:59.857 25165 25226 I art     : Starting a blocking GC Explicit
08-04 12:44:59.879 25165 25226 I art     : Explicit concurrent mark sweep GC freed 4881(229KB) AllocSpace objects, 4(160KB) LOS objects, 27% free, 43MB/59MB, paused 704us total 22.090ms
08-04 12:44:59.889 25165 25226 I art     : Starting a blocking GC Explicit
08-04 12:44:59.909 25165 25226 I art     : Explicit concurrent mark sweep GC freed 1152(122KB) AllocSpace objects, 1(80KB) LOS objects, 27% free, 43MB/59MB, paused 577us total 20.385ms
08-04 12:44:59.914 25165 25716 I NAPPA_EXPERIMENTATION: MetricNetworkRequestExecutionTime: REQUEST_DURATION_SYSTEM='749',REQUEST_DURATION_OKHTTP='31',REQUEST_SYNCHRONOUS='FALSE',RESPONSE_CODE='200',RESPONSE_METHOD='GET',RESPONSE_LENGTH_OKHTTP='1793',RESPONSE_LENGTH_HEADER='1793',REQUEST_PROTOCOL='http/1.1',REQUEST_URL='https://project-travel-mate.herokuapp.com/api/get-city-facts/1',
08-04 12:44:59.918 25165 25716 V EXECUTING: https://project-travel-mate.herokuapp.com/api/get-city-images/1
08-04 12:44:59.919 25165 25226 I art     : Starting a blocking GC Explicit
08-04 12:44:59.941 25165 25226 I art     : Explicit concurrent mark sweep GC freed 518(40KB) AllocSpace objects, 0(0B) LOS objects, 27% free, 43MB/59MB, paused 544us total 21.430ms
08-04 12:44:59.949 25165 25226 I art     : Starting a blocking GC Explicit
08-04 12:44:59.970 25165 25226 I art     : Explicit concurrent mark sweep GC freed 233(10KB) AllocSpace objects, 0(0B) LOS objects, 27% free, 43MB/59MB, paused 500us total 21.085ms
08-04 12:44:59.980 25165 25226 I art     : Starting a blocking GC Explicit
08-04 12:45:00.001 25165 25226 I art     : Explicit concurrent mark sweep GC freed 123(2064B) AllocSpace objects, 0(0B) LOS objects, 27% free, 43MB/59MB, paused 576us total 20.708ms
08-04 12:45:00.227 18870 18870 I ServiceManager: Waiting for service AtCmdFwd...
08-04 12:45:00.264   518   646 I ThermalEngine: ACTION: GPU - Setting GPU[0] to 510000000
08-04 12:45:00.298 25165 25227 I art     : Starting a blocking GC Explicit
08-04 12:45:00.323 25165 25227 I art     : Explicit concurrent mark sweep GC freed 2256(96KB) AllocSpace objects, 2(40KB) LOS objects, 27% free, 43MB/59MB, paused 458us total 24.925ms
08-04 12:45:00.335 25165 25227 I art     : Starting a blocking GC Explicit
08-04 12:45:00.361 25165 25227 I art     : Explicit concurrent mark sweep GC freed 155(3KB) AllocSpace objects, 0(0B) LOS objects, 27% free, 43MB/59MB, paused 782us total 26.053ms
08-04 12:45:00.373 25165 25227 I art     : Starting a blocking GC Explicit
08-04 12:45:00.399 25165 25227 I art     : Explicit concurrent mark sweep GC freed 2620(130KB) AllocSpace objects, 2(120KB) LOS objects, 26% free, 43MB/59MB, paused 652us total 26.140ms
08-04 12:45:00.411 25165 25227 I art     : Starting a blocking GC Explicit
08-04 12:45:00.432 25165 25738 I NAPPA_EXPERIMENTATION: MetricNetworkRequestExecutionTime: REQUEST_DURATION_SYSTEM='512',REQUEST_DURATION_OKHTTP='31',REQUEST_SYNCHRONOUS='FALSE',RESPONSE_CODE='200',RESPONSE_METHOD='GET',RESPONSE_LENGTH_OKHTTP='183',RESPONSE_LENGTH_HEADER='183',REQUEST_PROTOCOL='http/1.1',REQUEST_URL='https://project-travel-mate.herokuapp.com/api/get-city-images/1',
08-04 12:45:00.437 25165 25227 I art     : Explicit concurrent mark sweep GC freed 1241(131KB) AllocSpace objects, 1(80KB) LOS objects, 26% free, 43MB/59MB, paused 757us total 25.495ms
08-04 12:45:00.449 25165 25227 I art     : Starting a blocking GC Explicit
08-04 12:45:00.469 25165 25738 V RESPONSE: [{"id":17,"image_url":"https://upload.wikimedia.org/wikipedia/commons/9/94/%E0%B4%96%E0%B5%81%E0%B4%A4%E0%B5%8D%E0%B4%AC%E0%B5%8D_%E0%B4%AE%E0%B4%BF%E0%B4%A8%E0%B4%BE%E0%B5%BC1.jpg"}]
08-04 12:45:00.475 25165 25227 I art     : Explicit concurrent mark sweep GC freed 187(5KB) AllocSpace objects, 0(0B) LOS objects, 26% free, 43MB/59MB, paused 642us total 25.459ms
08-04 12:45:00.783 25165 25227 I art     : Starting a blocking GC Explicit
08-04 12:45:00.817 25165 25227 I art     : Explicit concurrent mark sweep GC freed 5659(295KB) AllocSpace objects, 3(4MB) LOS objects, 28% free, 39MB/55MB, paused 554us total 33.788ms
08-04 12:45:00.830 25165 25227 I art     : Starting a blocking GC Explicit
08-04 12:45:00.859 25165 25227 I art     : Explicit concurrent mark sweep GC freed 374(11KB) AllocSpace objects, 0(0B) LOS objects, 28% free, 39MB/55MB, paused 447us total 28.675ms
08-04 12:45:00.871 25165 25227 I art     : Starting a blocking GC Explicit
08-04 12:45:00.901 25165 25227 I art     : Explicit concurrent mark sweep GC freed 236(4KB) AllocSpace objects, 0(0B) LOS objects, 28% free, 39MB/55MB, paused 544us total 29.463ms
08-04 12:45:00.913 25165 25227 I art     : Starting a blocking GC Explicit
08-04 12:45:00.943 25165 25227 I art     : Explicit concurrent mark sweep GC freed 150(2576B) AllocSpace objects, 0(0B) LOS objects, 28% free, 39MB/55MB, paused 461us total 29.120ms
08-04 12:45:00.955 25165 25227 I art     : Starting a blocking GC Explicit
08-04 12:45:00.984 25165 25227 I art     : Explicit concurrent mark sweep GC freed 218(3KB) AllocSpace objects, 0(0B) LOS objects, 28% free, 39MB/55MB, paused 504us total 28.641ms
08-04 12:45:01.227 18870 18870 I ServiceManager: Waiting for service AtCmdFwd...
08-04 12:45:01.359 25165 25177 I art     : Starting a blocking GC Explicit
08-04 12:45:01.389 25165 25177 I art     : Explicit concurrent mark sweep GC freed 3156(111KB) AllocSpace objects, 2(40KB) LOS objects, 28% free, 39MB/55MB, paused 415us total 30.243ms
08-04 12:45:01.401 25165 25177 I art     : Starting a blocking GC Explicit
08-04 12:45:01.428 25165 25177 I art     : Explicit concurrent mark sweep GC freed 166(3KB) AllocSpace objects, 0(0B) LOS objects, 28% free, 39MB/55MB, paused 427us total 26.806ms
08-04 12:45:01.440 25165 25177 I art     : Starting a blocking GC Explicit
08-04 12:45:01.466 25165 25177 I art     : Explicit concurrent mark sweep GC freed 149(2528B) AllocSpace objects, 0(0B) LOS objects, 28% free, 39MB/55MB, paused 571us total 25.517ms
08-04 12:45:01.478 25165 25177 I art     : Starting a blocking GC Explicit
08-04 12:45:01.504 25165 25177 I art     : Explicit concurrent mark sweep GC freed 217(3KB) AllocSpace objects, 0(0B) LOS objects, 28% free, 39MB/55MB, paused 480us total 26.367ms
08-04 12:45:01.517 25165 25177 I art     : Starting a blocking GC Explicit
08-04 12:45:01.542 25165 25177 I art     : Explicit concurrent mark sweep GC freed 146(2464B) AllocSpace objects, 0(0B) LOS objects, 28% free, 39MB/55MB, paused 450us total 24.826ms
08-04 12:45:01.782 25771 25771 D AndroidRuntime: >>>>>> START com.android.internal.os.RuntimeInit uid 2000 <<<<<<
08-04 12:45:01.787 25771 25771 D AndroidRuntime: CheckJNI is OFF
08-04 12:45:01.820 25771 25771 D ICU     : No timezone override file found: /data/misc/zoneinfo/current/icu/icu_tzdata.dat
08-04 12:45:01.852 25771 25771 I Radio-JNI: register_android_hardware_Radio DONE
08-04 12:45:01.873 25771 25771 D AndroidRuntime: Calling main entry com.android.commands.input.Input
08-04 12:45:01.874 25771 25771 I Input   : injectKeyEvent: KeyEvent { action=ACTION_DOWN, keyCode=KEYCODE_BACK, scanCode=0, metaState=0, flags=0x0, repeatCount=0, eventTime=708318287, downTime=708318287, deviceId=-1, source=0x101 }
08-04 12:45:01.875 25165 25178 I art     : Starting a blocking GC Explicit
08-04 12:45:01.879 25771 25771 I Input   : injectKeyEvent: KeyEvent { action=ACTION_UP, keyCode=KEYCODE_BACK, scanCode=0, metaState=0, flags=0x0, repeatCount=0, eventTime=708318287, downTime=708318287, deviceId=-1, source=0x101 }
08-04 12:45:01.884 25771 25771 D AndroidRuntime: Shutting down VM
08-04 12:45:01.895   918   931 I ProcessStatsService: Prepared write state in 2ms
08-04 12:45:01.904 25165 25178 I art     : Explicit concurrent mark sweep GC freed 3076(111KB) AllocSpace objects, 2(40KB) LOS objects, 28% free, 39MB/55MB, paused 481us total 28.714ms
08-04 12:45:01.916 25165 25178 I art     : Starting a blocking GC Explicit
08-04 12:45:01.925 13866 13866 I GoogleInputMethodServic: GoogleInputMethodService.onFinishInput():3138 
08-04 12:45:01.927 13866 13866 I GoogleInputMethodServic: GoogleInputMethodService.onStartInput():1808 
08-04 12:45:01.941 25165 25178 I art     : Explicit concurrent mark sweep GC freed 157(4KB) AllocSpace objects, 0(0B) LOS objects, 28% free, 39MB/55MB, paused 454us total 25.119ms
08-04 12:45:01.953 25165 25178 I art     : Starting a blocking GC Explicit
08-04 12:45:01.978 25165 25178 I art     : Explicit concurrent mark sweep GC freed 226(3KB) AllocSpace objects, 0(0B) LOS objects, 28% free, 39MB/55MB, paused 447us total 24.652ms
08-04 12:45:01.990 25165 25178 I art     : Starting a blocking GC Explicit
08-04 12:45:02.014 25165 25178 I art     : Explicit concurrent mark sweep GC freed 149(2544B) AllocSpace objects, 0(0B) LOS objects, 28% free, 39MB/55MB, paused 434us total 24.265ms
08-04 12:45:02.026 25165 25178 I art     : Starting a blocking GC Explicit
08-04 12:45:02.056 25165 25178 I art     : Explicit concurrent mark sweep GC freed 219(3KB) AllocSpace objects, 0(0B) LOS objects, 28% free, 39MB/55MB, paused 485us total 28.938ms
08-04 12:45:02.216   380   380 W SurfaceFlinger: couldn't log to binary event log: overflow.
08-04 12:45:02.228 18870 18870 I ServiceManager: Waiting for service AtCmdFwd...
08-04 12:45:02.368 25165 25226 I art     : Starting a blocking GC Explicit
08-04 12:45:02.398 25165 25226 I art     : Explicit concurrent mark sweep GC freed 3413(140KB) AllocSpace objects, 5(684KB) LOS objects, 29% free, 38MB/54MB, paused 487us total 30.021ms
08-04 12:45:02.411 25165 25226 I art     : Starting a blocking GC Explicit
08-04 12:45:02.428   918  3261 D WifiStateMachine: starting scan for "H369AA63323"WPA_PSK with 2412,5180
08-04 12:45:02.438 25165 25226 I art     : Explicit concurrent mark sweep GC freed 5581(268KB) AllocSpace objects, 1(28KB) LOS objects, 29% free, 38MB/54MB, paused 494us total 27.047ms
08-04 12:45:02.450 25165 25226 I art     : Starting a blocking GC Explicit
08-04 12:45:02.477 25165 25226 I art     : Explicit concurrent mark sweep GC freed 103(1824B) AllocSpace objects, 0(0B) LOS objects, 29% free, 38MB/54MB, paused 464us total 26.396ms
08-04 12:45:02.489 25165 25226 I art     : Starting a blocking GC Explicit
08-04 12:45:02.516 25165 25226 I art     : Explicit concurrent mark sweep GC freed 100(1728B) AllocSpace objects, 0(0B) LOS objects, 29% free, 38MB/54MB, paused 472us total 26.806ms
08-04 12:45:02.529 25165 25226 I art     : Starting a blocking GC Explicit
08-04 12:45:02.555 25165 25226 I art     : Explicit concurrent mark sweep GC freed 147(2496B) AllocSpace objects, 0(0B) LOS objects, 29% free, 38MB/54MB, paused 455us total 26.428ms
08-04 12:45:02.556 13866 13882 I PeriodicStatsRunner: PeriodicStatsRunner.call():175 call()
08-04 12:45:02.556 13866 13882 I PeriodicStatsRunner: PeriodicStatsRunner.call():179 No submit PeriodicStats since input started.
08-04 12:45:02.907 25165 25177 I art     : Starting a blocking GC Explicit
08-04 12:45:02.935 25165 25177 I art     : Explicit concurrent mark sweep GC freed 2492(100KB) AllocSpace objects, 2(40KB) LOS objects, 29% free, 38MB/54MB, paused 650us total 28.497ms
08-04 12:45:02.950 25165 25177 I art     : Starting a blocking GC Explicit
08-04 12:45:02.977 25165 25177 I art     : Explicit concurrent mark sweep GC freed 156(3008B) AllocSpace objects, 0(0B) LOS objects, 29% free, 38MB/54MB, paused 523us total 26.718ms
08-04 12:45:02.989 25165 25177 I art     : Starting a blocking GC Explicit
08-04 12:45:03.016 25165 25177 I art     : Explicit concurrent mark sweep GC freed 100(1728B) AllocSpace objects, 0(0B) LOS objects, 29% free, 38MB/54MB, paused 458us total 27.015ms
08-04 12:45:03.028 25165 25177 I art     : Starting a blocking GC Explicit
08-04 12:45:03.055 25165 25177 I art     : Explicit concurrent mark sweep GC freed 147(2496B) AllocSpace objects, 0(0B) LOS objects, 29% free, 38MB/54MB, paused 462us total 26.761ms
08-04 12:45:03.068 25165 25177 I art     : Starting a blocking GC Explicit
08-04 12:45:03.096 25165 25177 I art     : Explicit concurrent mark sweep GC freed 99(1696B) AllocSpace objects, 0(0B) LOS objects, 29% free, 38MB/54MB, paused 456us total 27.386ms
08-04 12:45:03.228 18870 18870 W Atfwd_Sendcmd: AtCmdFwd service not published, waiting... retryCnt : 2
08-04 12:45:03.414 25165 25178 I art     : Starting a blocking GC Explicit
08-04 12:45:03.442 25165 25178 I art     : Explicit concurrent mark sweep GC freed 2435(99KB) AllocSpace objects, 2(40KB) LOS objects, 29% free, 38MB/54MB, paused 465us total 27.669ms
08-04 12:45:03.455 25165 25178 I art     : Starting a blocking GC Explicit
08-04 12:45:03.482 25165 25178 I art     : Explicit concurrent mark sweep GC freed 118(2384B) AllocSpace objects, 0(0B) LOS objects, 29% free, 38MB/54MB, paused 468us total 27.080ms
08-04 12:45:03.495 25165 25178 I art     : Starting a blocking GC Explicit
08-04 12:45:03.521 25165 25178 I art     : Explicit concurrent mark sweep GC freed 147(2496B) AllocSpace objects, 0(0B) LOS objects, 29% free, 38MB/54MB, paused 455us total 25.503ms
08-04 12:45:03.533 25165 25178 I art     : Starting a blocking GC Explicit
08-04 12:45:03.544 25815 25815 D AndroidRuntime: >>>>>> START com.android.internal.os.RuntimeInit uid 2000 <<<<<<
08-04 12:45:03.548 25815 25815 D AndroidRuntime: CheckJNI is OFF
08-04 12:45:03.559 25165 25178 I art     : Explicit concurrent mark sweep GC freed 99(1696B) AllocSpace objects, 0(0B) LOS objects, 29% free, 38MB/54MB, paused 446us total 25.750ms
08-04 12:45:03.571 25165 25178 I art     : Starting a blocking GC Explicit
08-04 12:45:03.584 25815 25815 D ICU     : No timezone override file found: /data/misc/zoneinfo/current/icu/icu_tzdata.dat
08-04 12:45:03.596 25165 25178 I art     : Explicit concurrent mark sweep GC freed 99(1696B) AllocSpace objects, 0(0B) LOS objects, 29% free, 38MB/54MB, paused 483us total 25.447ms
08-04 12:45:03.620 25815 25815 I Radio-JNI: register_android_hardware_Radio DONE
08-04 12:45:03.642 25815 25815 D AndroidRuntime: Calling main entry com.android.commands.input.Input
08-04 12:45:03.644 25815 25815 I Input   : injectMotionEvent: MotionEvent { action=ACTION_DOWN, actionButton=0, id[0]=0, x[0]=504.0, y[0]=1706.0, toolType[0]=TOOL_TYPE_UNKNOWN, buttonState=0, metaState=0, flags=0x0, edgeFlags=0x0, pointerCount=1, historySize=0, eventTime=708320056, downTime=708320056, deviceId=0, source=0x1002 }
08-04 12:45:03.649 25815 25815 I Input   : injectMotionEvent: MotionEvent { action=ACTION_UP, actionButton=0, id[0]=0, x[0]=504.0, y[0]=1706.0, toolType[0]=TOOL_TYPE_UNKNOWN, buttonState=0, metaState=0, flags=0x0, edgeFlags=0x0, pointerCount=1, historySize=0, eventTime=708320056, downTime=708320056, deviceId=0, source=0x1002 }
08-04 12:45:03.652   512  2967 D audio_hw_primary: out_set_parameters: enter: usecase(1: low-latency-playback) kvpairs: routing=2
08-04 12:45:03.652 25815 25815 D AndroidRuntime: Shutting down VM
08-04 12:45:03.654   918  6111 I ActivityManager: START u0 {cmp=baseline.io.github.project_travel_mate/.destinations.funfacts.FunFactsActivity (has extras)} from uid 10650 on display 0
08-04 12:45:03.664   512  2967 D audio_hw_primary: select_devices: out_snd_device(2: speaker) in_snd_device(0: none)
08-04 12:45:03.665   512  2967 D msm8974_platform: platform_send_audio_calibration: sending audio calibration for snd_device(2) acdb_id(15)
08-04 12:45:03.665   512  2967 I soundtrigger: audio_extn_sound_trigger_update_device_status: device 0x2 of type 0 for Event 1
08-04 12:45:03.674 25165 25247 D Gabe    : call	returning from cache
08-04 12:45:03.676 25165 25165 V EXECUTING: https://project-travel-mate.herokuapp.com/api/get-city-facts/1
08-04 12:45:03.676   512  2967 D audio_hw_primary: enable_snd_device: snd_device(2: speaker)
08-04 12:45:03.678   512  2967 D audio_hw_primary: enable_audio_route: apply and update mixer path: low-latency-playback speaker
08-04 12:45:03.813   918   936 I ActivityManager: Displayed baseline.io.github.project_travel_mate/.destinations.funfacts.FunFactsActivity: +149ms
08-04 12:45:03.813 13866 13866 I GoogleInputMethodServic: GoogleInputMethodService.onFinishInput():3138 
08-04 12:45:03.814 13866 13866 I GoogleInputMethodServic: GoogleInputMethodService.onStartInput():1808 
08-04 12:45:03.896 25165 25177 I art     : Starting a blocking GC Explicit
08-04 12:45:03.926 25165 25177 I art     : Explicit concurrent mark sweep GC freed 4084(270KB) AllocSpace objects, 2(40KB) LOS objects, 27% free, 43MB/59MB, paused 736us total 29.072ms
08-04 12:45:03.940 25165 25177 I art     : Starting a blocking GC Explicit
08-04 12:45:03.966 25165 25177 I art     : Explicit concurrent mark sweep GC freed 281(8KB) AllocSpace objects, 0(0B) LOS objects, 27% free, 43MB/59MB, paused 483us total 25.819ms
08-04 12:45:03.977 25165 25177 I art     : Starting a blocking GC Explicit
08-04 12:45:04.001 25165 25177 I art     : Explicit concurrent mark sweep GC freed 147(2496B) AllocSpace objects, 0(0B) LOS objects, 27% free, 43MB/59MB, paused 459us total 23.215ms
08-04 12:45:04.013 25165 25177 I art     : Starting a blocking GC Explicit
08-04 12:45:04.039 25165 25177 I art     : Explicit concurrent mark sweep GC freed 219(3KB) AllocSpace objects, 0(0B) LOS objects, 27% free, 43MB/59MB, paused 484us total 26.429ms
08-04 12:45:04.052 25165 25177 I art     : Starting a blocking GC Explicit
08-04 12:45:04.069   380   380 W SurfaceFlinger: couldn't log to binary event log: overflow.
08-04 12:45:04.081 25165 25177 I art     : Explicit concurrent mark sweep GC freed 146(2464B) AllocSpace objects, 0(0B) LOS objects, 27% free, 43MB/59MB, paused 487us total 28.693ms
08-04 12:45:04.220   512  2967 D audio_hw_primary: disable_audio_route: reset and update mixer path: low-latency-playback speaker
08-04 12:45:04.222   512  2967 D audio_hw_primary: disable_snd_device: snd_device(2: speaker)
08-04 12:45:04.230   512  2967 I soundtrigger: audio_extn_sound_trigger_update_device_status: device 0x2 of type 0 for Event 0
08-04 12:45:04.286 13866 13882 I PeriodicStatsRunner: PeriodicStatsRunner.call():175 call()
08-04 12:45:04.287 13866 13882 I PeriodicStatsRunner: PeriodicStatsRunner.call():179 No submit PeriodicStats since input started.
08-04 12:45:04.389 25165 25226 I art     : Starting a blocking GC Explicit
08-04 12:45:04.415 25165 25839 I NAPPA_EXPERIMENTATION: MetricNetworkRequestExecutionTime: REQUEST_DURATION_SYSTEM='739',REQUEST_DURATION_OKHTTP='30',REQUEST_SYNCHRONOUS='FALSE',RESPONSE_CODE='200',RESPONSE_METHOD='GET',RESPONSE_LENGTH_OKHTTP='1793',RESPONSE_LENGTH_HEADER='1793',REQUEST_PROTOCOL='http/1.1',REQUEST_URL='https://project-travel-mate.herokuapp.com/api/get-city-facts/1',
08-04 12:45:04.416 25165 25839 V EXECUTING: https://project-travel-mate.herokuapp.com/api/get-city-images/1
08-04 12:45:04.417 25165 25226 I art     : Explicit concurrent mark sweep GC freed 5150(244KB) AllocSpace objects, 5(240KB) LOS objects, 26% free, 43MB/59MB, paused 772us total 27.408ms
08-04 12:45:04.430 25165 25226 I art     : Starting a blocking GC Explicit
08-04 12:45:04.456 25165 25226 I art     : Explicit concurrent mark sweep GC freed 1530(154KB) AllocSpace objects, 0(0B) LOS objects, 26% free, 43MB/59MB, paused 713us total 25.899ms
08-04 12:45:04.468 25165 25226 I art     : Starting a blocking GC Explicit
08-04 12:45:04.494 25165 25226 I art     : Explicit concurrent mark sweep GC freed 123(2816B) AllocSpace objects, 0(0B) LOS objects, 26% free, 43MB/59MB, paused 685us total 25.502ms
08-04 12:45:04.507 25165 25226 I art     : Starting a blocking GC Explicit
08-04 12:45:04.533 25165 25226 I art     : Explicit concurrent mark sweep GC freed 47(800B) AllocSpace objects, 0(0B) LOS objects, 26% free, 43MB/59MB, paused 762us total 26.200ms
08-04 12:45:04.545 25165 25226 I art     : Starting a blocking GC Explicit
08-04 12:45:04.571 25165 25226 I art     : Explicit concurrent mark sweep GC freed 128(2144B) AllocSpace objects, 0(0B) LOS objects, 26% free, 43MB/59MB, paused 624us total 26.006ms
08-04 12:45:04.876 25165 25227 I art     : Starting a blocking GC Explicit
08-04 12:45:04.904 25165 25227 I art     : Explicit concurrent mark sweep GC freed 4742(225KB) AllocSpace objects, 4(160KB) LOS objects, 26% free, 43MB/59MB, paused 912us total 27.405ms
08-04 12:45:04.905 25165 25175 I art     : WaitForGcToComplete blocked for 25.617ms for cause HeapTrim
08-04 12:45:04.916 25165 25227 I art     : Starting a blocking GC Explicit
08-04 12:45:04.936 25165 25861 I NAPPA_EXPERIMENTATION: MetricNetworkRequestExecutionTime: REQUEST_DURATION_SYSTEM='519',REQUEST_DURATION_OKHTTP='30',REQUEST_SYNCHRONOUS='FALSE',RESPONSE_CODE='200',RESPONSE_METHOD='GET',RESPONSE_LENGTH_OKHTTP='183',RESPONSE_LENGTH_HEADER='183',REQUEST_PROTOCOL='http/1.1',REQUEST_URL='https://project-travel-mate.herokuapp.com/api/get-city-images/1',
08-04 12:45:04.942 25165 25227 I art     : Explicit concurrent mark sweep GC freed 1293(133KB) AllocSpace objects, 1(80KB) LOS objects, 26% free, 43MB/59MB, paused 694us total 25.888ms
08-04 12:45:04.954 25165 25227 I art     : Starting a blocking GC Explicit
08-04 12:45:04.970 25165 25861 V RESPONSE: [{"id":17,"image_url":"https://upload.wikimedia.org/wikipedia/commons/9/94/%E0%B4%96%E0%B5%81%E0%B4%A4%E0%B5%8D%E0%B4%AC%E0%B5%8D_%E0%B4%AE%E0%B4%BF%E0%B4%A8%E0%B4%BE%E0%B5%BC1.jpg"}]
08-04 12:45:04.980 25165 25227 I art     : Explicit concurrent mark sweep GC freed 71(3KB) AllocSpace objects, 0(0B) LOS objects, 26% free, 43MB/59MB, paused 469us total 25.518ms
08-04 12:45:04.992 25165 25227 I art     : Starting a blocking GC Explicit
08-04 12:45:05.018 25165 25227 I art     : Explicit concurrent mark sweep GC freed 225(6KB) AllocSpace objects, 0(0B) LOS objects, 26% free, 43MB/59MB, paused 809us total 26.374ms
08-04 12:45:05.031 25165 25227 I art     : Starting a blocking GC Explicit
08-04 12:45:05.057 25165 25227 I art     : Explicit concurrent mark sweep GC freed 1842(72KB) AllocSpace objects, 0(0B) LOS objects, 26% free, 43MB/59MB, paused 890us total 26.382ms
08-04 12:45:05.388 25165 25177 I art     : Starting a blocking GC Explicit
08-04 12:45:05.423 25165 25177 I art     : Explicit concurrent mark sweep GC freed 4610(178KB) AllocSpace objects, 3(4MB) LOS objects, 28% free, 39MB/55MB, paused 714us total 34.041ms
08-04 12:45:05.438 25165 25177 I art     : Starting a blocking GC Explicit
08-04 12:45:05.467 25165 25177 I art     : Explicit concurrent mark sweep GC freed 367(10KB) AllocSpace objects, 0(0B) LOS objects, 28% free, 39MB/55MB, paused 507us total 28.703ms
08-04 12:45:05.479 25165 25177 I art     : Starting a blocking GC Explicit
08-04 12:45:05.507 25165 25177 I art     : Explicit concurrent mark sweep GC freed 219(3KB) AllocSpace objects, 0(0B) LOS objects, 28% free, 39MB/55MB, paused 546us total 28.302ms
08-04 12:45:05.520 25165 25177 I art     : Starting a blocking GC Explicit
08-04 12:45:05.550 25165 25177 I art     : Explicit concurrent mark sweep GC freed 146(2464B) AllocSpace objects, 0(0B) LOS objects, 28% free, 39MB/55MB, paused 575us total 30.022ms
08-04 12:45:05.563 25165 25177 I art     : Starting a blocking GC Explicit
08-04 12:45:05.592 25165 25177 I art     : Explicit concurrent mark sweep GC freed 220(3KB) AllocSpace objects, 0(0B) LOS objects, 28% free, 39MB/55MB, paused 501us total 28.689ms
08-04 12:45:05.927 25165 25227 I art     : Starting a blocking GC Explicit
08-04 12:45:05.956 25165 25227 I art     : Explicit concurrent mark sweep GC freed 2997(108KB) AllocSpace objects, 2(40KB) LOS objects, 28% free, 39MB/55MB, paused 618us total 28.875ms
08-04 12:45:05.969 25165 25227 I art     : Starting a blocking GC Explicit
08-04 12:45:05.997 25165 25227 I art     : Explicit concurrent mark sweep GC freed 180(3KB) AllocSpace objects, 0(0B) LOS objects, 28% free, 39MB/55MB, paused 578us total 28.270ms
08-04 12:45:06.010 25165 25227 I art     : Starting a blocking GC Explicit
08-04 12:45:06.039 25165 25227 I art     : Explicit concurrent mark sweep GC freed 148(2512B) AllocSpace objects, 0(0B) LOS objects, 28% free, 39MB/55MB, paused 614us total 28.695ms
08-04 12:45:06.051 25165 25227 I art     : Starting a blocking GC Explicit
08-04 12:45:06.079 25165 25227 I art     : Explicit concurrent mark sweep GC freed 218(3KB) AllocSpace objects, 0(0B) LOS objects, 28% free, 39MB/55MB, paused 527us total 27.671ms
08-04 12:45:06.091 25165 25227 I art     : Starting a blocking GC Explicit
08-04 12:45:06.120 25165 25227 I art     : Explicit concurrent mark sweep GC freed 147(2496B) AllocSpace objects, 0(0B) LOS objects, 28% free, 39MB/55MB, paused 530us total 28.657ms
08-04 12:45:06.297 25893 25893 D AndroidRuntime: >>>>>> START com.android.internal.os.RuntimeInit uid 2000 <<<<<<
08-04 12:45:06.302 25893 25893 D AndroidRuntime: CheckJNI is OFF
08-04 12:45:06.334 25893 25893 D ICU     : No timezone override file found: /data/misc/zoneinfo/current/icu/icu_tzdata.dat
08-04 12:45:06.366 25893 25893 I Radio-JNI: register_android_hardware_Radio DONE
08-04 12:45:06.388 25893 25893 D AndroidRuntime: Calling main entry com.android.commands.input.Input
08-04 12:45:06.389 25893 25893 I Input   : injectKeyEvent: KeyEvent { action=ACTION_DOWN, keyCode=KEYCODE_BACK, scanCode=0, metaState=0, flags=0x0, repeatCount=0, eventTime=708322802, downTime=708322802, deviceId=-1, source=0x101 }
08-04 12:45:06.397 25893 25893 I Input   : injectKeyEvent: KeyEvent { action=ACTION_UP, keyCode=KEYCODE_BACK, scanCode=0, metaState=0, flags=0x0, repeatCount=0, eventTime=708322802, downTime=708322802, deviceId=-1, source=0x101 }
08-04 12:45:06.405 25893 25893 D AndroidRuntime: Shutting down VM
08-04 12:45:06.446 13866 13866 I GoogleInputMethodServic: GoogleInputMethodService.onFinishInput():3138 
08-04 12:45:06.447 13866 13866 I GoogleInputMethodServic: GoogleInputMethodService.onStartInput():1808 
08-04 12:45:06.476 25165 25226 I art     : Starting a blocking GC Explicit
08-04 12:45:06.503 25165 25226 I art     : Explicit concurrent mark sweep GC freed 3113(112KB) AllocSpace objects, 2(40KB) LOS objects, 28% free, 39MB/55MB, paused 469us total 26.762ms
08-04 12:45:06.515 25165 25226 I art     : Starting a blocking GC Explicit
08-04 12:45:06.539 25165 25226 I art     : Explicit concurrent mark sweep GC freed 224(4KB) AllocSpace objects, 0(0B) LOS objects, 28% free, 39MB/55MB, paused 525us total 24.346ms
08-04 12:45:06.551 25165 25226 I art     : Starting a blocking GC Explicit
08-04 12:45:06.577 25165 25226 I art     : Explicit concurrent mark sweep GC freed 167(2848B) AllocSpace objects, 0(0B) LOS objects, 28% free, 39MB/55MB, paused 532us total 25.595ms
08-04 12:45:06.589 25165 25226 I art     : Starting a blocking GC Explicit
08-04 12:45:06.619 25165 25226 I art     : Explicit concurrent mark sweep GC freed 147(2496B) AllocSpace objects, 0(0B) LOS objects, 28% free, 39MB/55MB, paused 513us total 29.411ms
08-04 12:45:06.633 25165 25226 I art     : Starting a blocking GC Explicit
08-04 12:45:06.661 25165 25226 I art     : Explicit concurrent mark sweep GC freed 219(3KB) AllocSpace objects, 0(0B) LOS objects, 28% free, 39MB/55MB, paused 490us total 28.074ms
08-04 12:45:06.771   380   380 W SurfaceFlinger: couldn't log to binary event log: overflow.
08-04 12:45:06.926 13866 13882 I PeriodicStatsRunner: PeriodicStatsRunner.call():175 call()
08-04 12:45:06.927 13866 13882 I PeriodicStatsRunner: PeriodicStatsRunner.call():179 No submit PeriodicStats since input started.
08-04 12:45:06.970 25165 25227 I art     : Starting a blocking GC Explicit
08-04 12:45:07.004 25165 25227 I art     : Explicit concurrent mark sweep GC freed 3351(137KB) AllocSpace objects, 5(684KB) LOS objects, 29% free, 39MB/55MB, paused 570us total 33.310ms
08-04 12:45:07.020 25165 25227 I art     : Starting a blocking GC Explicit
08-04 12:45:07.044 25165 25227 I art     : Explicit concurrent mark sweep GC freed 5605(270KB) AllocSpace objects, 1(28KB) LOS objects, 29% free, 38MB/54MB, paused 482us total 24.535ms
08-04 12:45:07.056 25165 25227 I art     : Starting a blocking GC Explicit
08-04 12:45:07.080 25165 25227 I art     : Explicit concurrent mark sweep GC freed 104(1952B) AllocSpace objects, 0(0B) LOS objects, 29% free, 38MB/54MB, paused 504us total 24.266ms
08-04 12:45:07.092 25165 25227 I art     : Starting a blocking GC Explicit
08-04 12:45:07.116 25165 25227 I art     : Explicit concurrent mark sweep GC freed 99(1696B) AllocSpace objects, 0(0B) LOS objects, 29% free, 38MB/54MB, paused 480us total 24.197ms
08-04 12:45:07.128 25165 25227 I art     : Starting a blocking GC Explicit
08-04 12:45:07.152 25165 25227 I art     : Explicit concurrent mark sweep GC freed 99(1696B) AllocSpace objects, 0(0B) LOS objects, 29% free, 38MB/54MB, paused 514us total 24.234ms
08-04 12:45:07.477 25165 25177 I art     : Starting a blocking GC Explicit
08-04 12:45:07.505 25165 25177 I art     : Explicit concurrent mark sweep GC freed 2435(99KB) AllocSpace objects, 2(40KB) LOS objects, 29% free, 38MB/54MB, paused 522us total 27.199ms
08-04 12:45:07.517 25165 25177 I art     : Starting a blocking GC Explicit
08-04 12:45:07.545 25165 25177 I art     : Explicit concurrent mark sweep GC freed 166(3KB) AllocSpace objects, 0(0B) LOS objects, 29% free, 38MB/54MB, paused 498us total 27.583ms
08-04 12:45:07.558 25165 25177 I art     : Starting a blocking GC Explicit
08-04 12:45:07.585 25165 25177 I art     : Explicit concurrent mark sweep GC freed 105(2096B) AllocSpace objects, 0(0B) LOS objects, 29% free, 38MB/54MB, paused 511us total 27.603ms
08-04 12:45:07.598 25165 25177 I art     : Starting a blocking GC Explicit
08-04 12:45:07.625 25165 25177 I art     : Explicit concurrent mark sweep GC freed 170(3KB) AllocSpace objects, 0(0B) LOS objects, 29% free, 38MB/54MB, paused 503us total 27.083ms
08-04 12:45:07.638 25165 25177 I art     : Starting a blocking GC Explicit
08-04 12:45:07.664 25165 25177 I art     : Explicit concurrent mark sweep GC freed 108(2144B) AllocSpace objects, 0(0B) LOS objects, 29% free, 38MB/54MB, paused 470us total 25.602ms
08-04 12:45:07.997 25165 25226 I art     : Starting a blocking GC Explicit
08-04 12:45:08.026 25165 25226 I art     : Explicit concurrent mark sweep GC freed 2459(99KB) AllocSpace objects, 2(40KB) LOS objects, 29% free, 38MB/54MB, paused 619us total 28.786ms
08-04 12:45:08.042 25165 25226 I art     : Starting a blocking GC Explicit
08-04 12:45:08.043 25936 25936 D AndroidRuntime: >>>>>> START com.android.internal.os.RuntimeInit uid 2000 <<<<<<
08-04 12:45:08.048 25936 25936 D AndroidRuntime: CheckJNI is OFF
08-04 12:45:08.068 25165 25226 I art     : Explicit concurrent mark sweep GC freed 143(2816B) AllocSpace objects, 0(0B) LOS objects, 29% free, 38MB/54MB, paused 514us total 25.745ms
08-04 12:45:08.080 25165 25226 I art     : Starting a blocking GC Explicit
08-04 12:45:08.083 25936 25936 D ICU     : No timezone override file found: /data/misc/zoneinfo/current/icu/icu_tzdata.dat
08-04 12:45:08.106 25165 25226 I art     : Explicit concurrent mark sweep GC freed 99(1696B) AllocSpace objects, 0(0B) LOS objects, 29% free, 38MB/54MB, paused 499us total 25.684ms
08-04 12:45:08.118 25936 25936 I Radio-JNI: register_android_hardware_Radio DONE
08-04 12:45:08.118 25165 25226 I art     : Starting a blocking GC Explicit
08-04 12:45:08.139 25936 25936 D AndroidRuntime: Calling main entry com.android.commands.input.Input
08-04 12:45:08.141 25936 25936 I Input   : injectMotionEvent: MotionEvent { action=ACTION_DOWN, actionButton=0, id[0]=0, x[0]=693.0, y[0]=1450.0, toolType[0]=TOOL_TYPE_UNKNOWN, buttonState=0, metaState=0, flags=0x0, edgeFlags=0x0, pointerCount=1, historySize=0, eventTime=708324554, downTime=708324554, deviceId=0, source=0x1002 }
08-04 12:45:08.143 25165 25226 I art     : Explicit concurrent mark sweep GC freed 115(1952B) AllocSpace objects, 0(0B) LOS objects, 29% free, 38MB/54MB, paused 593us total 24.510ms
08-04 12:45:08.152 25936 25936 I Input   : injectMotionEvent: MotionEvent { action=ACTION_UP, actionButton=0, id[0]=0, x[0]=693.0, y[0]=1450.0, toolType[0]=TOOL_TYPE_UNKNOWN, buttonState=0, metaState=0, flags=0x0, edgeFlags=0x0, pointerCount=1, historySize=0, eventTime=708324554, downTime=708324554, deviceId=0, source=0x1002 }
08-04 12:45:08.153 25936 25936 D AndroidRuntime: Shutting down VM
08-04 12:45:08.153   918  6112 I ActivityManager: START u0 {cmp=baseline.io.github.project_travel_mate/.destinations.description.CityHistoryActivity} from uid 10650 on display 0
08-04 12:45:08.154 25165 25226 I art     : Starting a blocking GC Explicit
08-04 12:45:08.155   512  2967 D audio_hw_primary: out_set_parameters: enter: usecase(1: low-latency-playback) kvpairs: routing=2
08-04 12:45:08.168   512  2967 D audio_hw_primary: select_devices: out_snd_device(2: speaker) in_snd_device(0: none)
08-04 12:45:08.168   512  2967 D msm8974_platform: platform_send_audio_calibration: sending audio calibration for snd_device(2) acdb_id(15)
08-04 12:45:08.168   512  2967 I soundtrigger: audio_extn_sound_trigger_update_device_status: device 0x2 of type 0 for Event 1
08-04 12:45:08.178   512  2967 D audio_hw_primary: enable_snd_device: snd_device(2: speaker)
08-04 12:45:08.178 25165 25247 D Gabe    : call	returning from cache
08-04 12:45:08.180   512  2967 D audio_hw_primary: enable_audio_route: apply and update mixer path: low-latency-playback speaker
08-04 12:45:08.181 25165 25226 I art     : Explicit concurrent mark sweep GC freed 343(18KB) AllocSpace objects, 0(0B) LOS objects, 29% free, 38MB/54MB, paused 906us total 26.172ms
08-04 12:45:08.181 25165 25165 V EXECUTING: https://project-travel-mate.herokuapp.com/api/get-city-information/1
08-04 12:45:08.312 13866 13866 I GoogleInputMethodServic: GoogleInputMethodService.onFinishInput():3138 
08-04 12:45:08.313   918   936 I ActivityManager: Displayed baseline.io.github.project_travel_mate/.destinations.description.CityHistoryActivity: +149ms
08-04 12:45:08.313 13866 13866 I GoogleInputMethodServic: GoogleInputMethodService.onStartInput():1808 
08-04 12:45:08.477 25165 25178 I art     : Starting a blocking GC Explicit
08-04 12:45:08.508 25165 25178 I art     : Explicit concurrent mark sweep GC freed 3156(147KB) AllocSpace objects, 2(40KB) LOS objects, 26% free, 43MB/59MB, paused 709us total 30.836ms
08-04 12:45:08.522 25165 25178 I art     : Starting a blocking GC Explicit
08-04 12:45:08.553 25165 25178 I art     : Explicit concurrent mark sweep GC freed 319(8KB) AllocSpace objects, 0(0B) LOS objects, 26% free, 43MB/59MB, paused 541us total 30.318ms
08-04 12:45:08.557   380   380 W SurfaceFlinger: couldn't log to binary event log: overflow.
08-04 12:45:08.569 25165 25178 I art     : Starting a blocking GC Explicit
08-04 12:45:08.594 25165 25178 I art     : Explicit concurrent mark sweep GC freed 221(3KB) AllocSpace objects, 0(0B) LOS objects, 26% free, 43MB/59MB, paused 495us total 25.258ms
08-04 12:45:08.606 25165 25178 I art     : Starting a blocking GC Explicit
08-04 12:45:08.631 25165 25178 I art     : Explicit concurrent mark sweep GC freed 146(2464B) AllocSpace objects, 0(0B) LOS objects, 26% free, 43MB/59MB, paused 505us total 25.179ms
08-04 12:45:08.643 25165 25178 I art     : Starting a blocking GC Explicit
08-04 12:45:08.671 25165 25178 I art     : Explicit concurrent mark sweep GC freed 148(2528B) AllocSpace objects, 0(0B) LOS objects, 26% free, 43MB/59MB, paused 556us total 27.809ms
08-04 12:45:08.718   512  2967 D audio_hw_primary: disable_audio_route: reset and update mixer path: low-latency-playback speaker
08-04 12:45:08.719   512  2967 D audio_hw_primary: disable_snd_device: snd_device(2: speaker)
08-04 12:45:08.726   512  2967 I soundtrigger: audio_extn_sound_trigger_update_device_status: device 0x2 of type 0 for Event 0
08-04 12:45:08.814 13866 13882 I PeriodicStatsRunner: PeriodicStatsRunner.call():175 call()
08-04 12:45:08.814 13866 13882 I PeriodicStatsRunner: PeriodicStatsRunner.call():179 No submit PeriodicStats since input started.
08-04 12:45:08.996 25165 25226 I art     : Starting a blocking GC Explicit
08-04 12:45:09.020 25165 25960 I NAPPA_EXPERIMENTATION: MetricNetworkRequestExecutionTime: REQUEST_DURATION_SYSTEM='838',REQUEST_DURATION_OKHTTP='27',REQUEST_SYNCHRONOUS='FALSE',RESPONSE_CODE='200',RESPONSE_METHOD='GET',RESPONSE_LENGTH_OKHTTP='55024',RESPONSE_LENGTH_HEADER='55024',REQUEST_PROTOCOL='http/1.1',REQUEST_URL='https://project-travel-mate.herokuapp.com/api/get-city-information/1',
08-04 12:45:09.024 25165 25226 I art     : Explicit concurrent mark sweep GC freed 4951(240KB) AllocSpace objects, 5(240KB) LOS objects, 26% free, 43MB/59MB, paused 533us total 27.626ms
08-04 12:45:09.047 25165 25226 I art     : Starting a blocking GC Explicit
08-04 12:45:09.073 25165 25226 I art     : Explicit concurrent mark sweep GC freed 1205(123KB) AllocSpace objects, 3(272KB) LOS objects, 26% free, 43MB/59MB, paused 493us total 26.254ms
08-04 12:45:09.085 25165 25226 I art     : Starting a blocking GC Explicit
08-04 12:45:09.107 13866 13866 I GoogleInputMethodServic: GoogleInputMethodService.onFinishInput():3138 
08-04 12:45:09.108 13866 13866 I GoogleInputMethodServic: GoogleInputMethodService.onStartInput():1808 
08-04 12:45:09.111 25165 25226 I art     : Explicit concurrent mark sweep GC freed 1320(1209KB) AllocSpace objects, 16(408KB) LOS objects, 26% free, 43MB/59MB, paused 571us total 25.958ms
08-04 12:45:09.123 25165 25226 I art     : Starting a blocking GC Explicit
08-04 12:45:09.149 25165 25226 I art     : Explicit concurrent mark sweep GC freed 238(5KB) AllocSpace objects, 1(4MB) LOS objects, 28% free, 39MB/55MB, paused 471us total 26.403ms
08-04 12:45:09.161 25165 25226 I art     : Starting a blocking GC Explicit
08-04 12:45:09.190 25165 25226 I art     : Explicit concurrent mark sweep GC freed 150(2592B) AllocSpace objects, 0(0B) LOS objects, 28% free, 39MB/55MB, paused 525us total 28.701ms
08-04 12:45:09.519 25165 25177 I art     : Starting a blocking GC Explicit
08-04 12:45:09.553 25165 25177 I art     : Explicit concurrent mark sweep GC freed 3011(108KB) AllocSpace objects, 2(40KB) LOS objects, 28% free, 39MB/55MB, paused 533us total 33.131ms
08-04 12:45:09.566 25165 25177 I art     : Starting a blocking GC Explicit
08-04 12:45:09.596 25165 25177 I art     : Explicit concurrent mark sweep GC freed 238(4KB) AllocSpace objects, 0(0B) LOS objects, 28% free, 39MB/55MB, paused 544us total 30.108ms
08-04 12:45:09.609 25165 25177 I art     : Starting a blocking GC Explicit
08-04 12:45:09.639 25165 25177 I art     : Explicit concurrent mark sweep GC freed 147(2496B) AllocSpace objects, 0(0B) LOS objects, 28% free, 39MB/55MB, paused 542us total 30.605ms
08-04 12:45:09.652 25165 25177 I art     : Starting a blocking GC Explicit
08-04 12:45:09.684 25165 25177 I art     : Explicit concurrent mark sweep GC freed 219(3KB) AllocSpace objects, 0(0B) LOS objects, 28% free, 39MB/55MB, paused 541us total 31.220ms
08-04 12:45:09.697 25165 25177 I art     : Starting a blocking GC Explicit
08-04 12:45:09.728 25165 25177 I art     : Explicit concurrent mark sweep GC freed 218(3KB) AllocSpace objects, 0(0B) LOS objects, 28% free, 39MB/55MB, paused 562us total 30.566ms
08-04 12:45:10.083 25165 25227 I art     : Starting a blocking GC Explicit
08-04 12:45:10.113 25165 25227 I art     : Explicit concurrent mark sweep GC freed 3116(111KB) AllocSpace objects, 2(40KB) LOS objects, 28% free, 39MB/55MB, paused 506us total 29.705ms
08-04 12:45:10.127 25165 25227 I art     : Starting a blocking GC Explicit
08-04 12:45:10.156 25165 25227 I art     : Explicit concurrent mark sweep GC freed 166(3KB) AllocSpace objects, 0(0B) LOS objects, 28% free, 39MB/55MB, paused 520us total 29.345ms
08-04 12:45:10.169 25165 25227 I art     : Starting a blocking GC Explicit
08-04 12:45:10.199 25165 25227 I art     : Explicit concurrent mark sweep GC freed 219(3KB) AllocSpace objects, 0(0B) LOS objects, 28% free, 39MB/55MB, paused 542us total 30.203ms
08-04 12:45:10.212 25165 25227 I art     : Starting a blocking GC Explicit
08-04 12:45:10.242 25165 25227 I art     : Explicit concurrent mark sweep GC freed 152(2576B) AllocSpace objects, 0(0B) LOS objects, 28% free, 39MB/55MB, paused 680us total 30.002ms
08-04 12:45:10.255 25165 25227 I art     : Starting a blocking GC Explicit
08-04 12:45:10.286 25165 25227 I art     : Explicit concurrent mark sweep GC freed 214(3KB) AllocSpace objects, 0(0B) LOS objects, 28% free, 39MB/55MB, paused 496us total 30.780ms
08-04 12:45:10.654 25165 25226 I art     : Starting a blocking GC Explicit
08-04 12:45:10.688 25165 25226 I art     : Explicit concurrent mark sweep GC freed 3167(111KB) AllocSpace objects, 2(40KB) LOS objects, 28% free, 39MB/55MB, paused 541us total 33.198ms
08-04 12:45:10.704 25165 25226 I art     : Starting a blocking GC Explicit
08-04 12:45:10.732 25165 25226 I art     : Explicit concurrent mark sweep GC freed 254(5KB) AllocSpace objects, 0(0B) LOS objects, 28% free, 39MB/55MB, paused 506us total 28.035ms
08-04 12:45:10.745 25165 25226 I art     : Starting a blocking GC Explicit
08-04 12:45:10.774 25165 25226 I art     : Explicit concurrent mark sweep GC freed 147(2496B) AllocSpace objects, 0(0B) LOS objects, 28% free, 39MB/55MB, paused 530us total 29.124ms
08-04 12:45:10.786 25165 25226 I art     : Starting a blocking GC Explicit
08-04 12:45:10.816 25165 25226 I art     : Explicit concurrent mark sweep GC freed 219(3KB) AllocSpace objects, 0(0B) LOS objects, 28% free, 39MB/55MB, paused 528us total 29.520ms
08-04 12:45:10.829 25165 25226 I art     : Starting a blocking GC Explicit
08-04 12:45:10.858 25165 25226 I art     : Explicit concurrent mark sweep GC freed 147(2496B) AllocSpace objects, 0(0B) LOS objects, 28% free, 39MB/55MB, paused 491us total 28.897ms
08-04 12:45:11.235 25165 25177 I art     : Starting a blocking GC Explicit
08-04 12:45:11.267 25165 25177 I art     : Explicit concurrent mark sweep GC freed 3227(112KB) AllocSpace objects, 2(40KB) LOS objects, 28% free, 39MB/55MB, paused 525us total 32.124ms
08-04 12:45:11.280 25165 25177 I art     : Starting a blocking GC Explicit
08-04 12:45:11.311 25165 25177 I art     : Explicit concurrent mark sweep GC freed 189(3KB) AllocSpace objects, 0(0B) LOS objects, 28% free, 39MB/55MB, paused 643us total 30.121ms
08-04 12:45:11.323 25165 25177 I art     : Starting a blocking GC Explicit
08-04 12:45:11.353 25165 25177 I art     : Explicit concurrent mark sweep GC freed 197(3KB) AllocSpace objects, 0(0B) LOS objects, 28% free, 39MB/55MB, paused 545us total 30.110ms
08-04 12:45:11.366 25165 25177 I art     : Starting a blocking GC Explicit
08-04 12:45:11.397 25165 25177 I art     : Explicit concurrent mark sweep GC freed 219(3KB) AllocSpace objects, 0(0B) LOS objects, 28% free, 39MB/55MB, paused 605us total 30.180ms
08-04 12:45:11.410 25165 25177 I art     : Starting a blocking GC Explicit
08-04 12:45:11.441 25165 25177 I art     : Explicit concurrent mark sweep GC freed 146(2464B) AllocSpace objects, 0(0B) LOS objects, 28% free, 39MB/55MB, paused 559us total 31.130ms
08-04 12:45:11.447 13866 13882 I PeriodicStatsRunner: PeriodicStatsRunner.call():175 call()
08-04 12:45:11.448 13866 13882 I PeriodicStatsRunner: PeriodicStatsRunner.call():179 No submit PeriodicStats since input started.
08-04 12:45:11.819 25165 25178 I art     : Starting a blocking GC Explicit
08-04 12:45:11.852 25165 25178 I art     : Explicit concurrent mark sweep GC freed 3228(112KB) AllocSpace objects, 2(40KB) LOS objects, 28% free, 39MB/55MB, paused 591us total 32.177ms
08-04 12:45:11.868 25165 25178 I art     : Starting a blocking GC Explicit
08-04 12:45:11.896 25165 25178 I art     : Explicit concurrent mark sweep GC freed 237(4KB) AllocSpace objects, 0(0B) LOS objects, 28% free, 39MB/55MB, paused 529us total 27.334ms
08-04 12:45:11.908 25165 25178 I art     : Starting a blocking GC Explicit
08-04 12:45:11.938 25165 25178 I art     : Explicit concurrent mark sweep GC freed 148(2528B) AllocSpace objects, 0(0B) LOS objects, 28% free, 39MB/55MB, paused 512us total 29.130ms
08-04 12:45:11.950 25165 25178 I art     : Starting a blocking GC Explicit
08-04 12:45:11.980 25165 25178 I art     : Explicit concurrent mark sweep GC freed 218(3KB) AllocSpace objects, 0(0B) LOS objects, 28% free, 39MB/55MB, paused 566us total 29.498ms
08-04 12:45:11.992 25165 25178 I art     : Starting a blocking GC Explicit
08-04 12:45:12.021 25165 25178 I art     : Explicit concurrent mark sweep GC freed 147(2496B) AllocSpace objects, 0(0B) LOS objects, 28% free, 39MB/55MB, paused 510us total 28.853ms
08-04 12:45:12.389 25165 25227 I art     : Starting a blocking GC Explicit
08-04 12:45:12.420 25165 25227 I art     : Explicit concurrent mark sweep GC freed 3156(111KB) AllocSpace objects, 2(40KB) LOS objects, 28% free, 39MB/55MB, paused 521us total 30.256ms
08-04 12:45:12.433 25165 25227 I art     : Starting a blocking GC Explicit
08-04 12:45:12.462 25165 25227 I art     : Explicit concurrent mark sweep GC freed 219(3KB) AllocSpace objects, 0(0B) LOS objects, 28% free, 39MB/55MB, paused 624us total 28.922ms
08-04 12:45:12.475 25165 25227 I art     : Starting a blocking GC Explicit
08-04 12:45:12.503 25165 25227 I art     : Explicit concurrent mark sweep GC freed 166(2832B) AllocSpace objects, 0(0B) LOS objects, 28% free, 39MB/55MB, paused 569us total 28.294ms
08-04 12:45:12.516 25165 25227 I art     : Starting a blocking GC Explicit
08-04 12:45:12.545 25165 25227 I art     : Explicit concurrent mark sweep GC freed 166(2800B) AllocSpace objects, 0(0B) LOS objects, 28% free, 39MB/55MB, paused 726us total 28.846ms
08-04 12:45:12.557 25165 25227 I art     : Starting a blocking GC Explicit
08-04 12:45:12.587 25165 25227 I art     : Explicit concurrent mark sweep GC freed 200(3KB) AllocSpace objects, 0(0B) LOS objects, 28% free, 39MB/55MB, paused 590us total 29.136ms
08-04 12:45:12.811 26047 26047 D AndroidRuntime: >>>>>> START com.android.internal.os.RuntimeInit uid 2000 <<<<<<
08-04 12:45:12.816 26047 26047 D AndroidRuntime: CheckJNI is OFF
08-04 12:45:12.847 26047 26047 D ICU     : No timezone override file found: /data/misc/zoneinfo/current/icu/icu_tzdata.dat
08-04 12:45:12.880 26047 26047 I Radio-JNI: register_android_hardware_Radio DONE
08-04 12:45:12.902 26047 26047 D AndroidRuntime: Calling main entry com.android.commands.input.Input
08-04 12:45:12.904 26047 26047 I Input   : injectKeyEvent: KeyEvent { action=ACTION_DOWN, keyCode=KEYCODE_BACK, scanCode=0, metaState=0, flags=0x0, repeatCount=0, eventTime=708329317, downTime=708329317, deviceId=-1, source=0x101 }
08-04 12:45:12.908 26047 26047 I Input   : injectKeyEvent: KeyEvent { action=ACTION_UP, keyCode=KEYCODE_BACK, scanCode=0, metaState=0, flags=0x0, repeatCount=0, eventTime=708329317, downTime=708329317, deviceId=-1, source=0x101 }
08-04 12:45:12.913 26047 26047 D AndroidRuntime: Shutting down VM
08-04 12:45:12.945 25165 25226 I art     : Starting a blocking GC Explicit
08-04 12:45:12.954 13866 13866 I GoogleInputMethodServic: GoogleInputMethodService.onFinishInput():3138 
08-04 12:45:12.955 13866 13866 I GoogleInputMethodServic: GoogleInputMethodService.onStartInput():1808 
08-04 12:45:12.976 25165 25226 I art     : Explicit concurrent mark sweep GC freed 3116(112KB) AllocSpace objects, 2(40KB) LOS objects, 28% free, 39MB/55MB, paused 738us total 31.333ms
08-04 12:45:12.988 25165 25226 I art     : Starting a blocking GC Explicit
08-04 12:45:13.015 25165 25226 I art     : Explicit concurrent mark sweep GC freed 311(5KB) AllocSpace objects, 0(0B) LOS objects, 28% free, 39MB/55MB, paused 479us total 26.660ms
08-04 12:45:13.027 25165 25226 I art     : Starting a blocking GC Explicit
08-04 12:45:13.054 25165 25226 I art     : Explicit concurrent mark sweep GC freed 149(2560B) AllocSpace objects, 0(0B) LOS objects, 28% free, 39MB/55MB, paused 482us total 26.920ms
08-04 12:45:13.067 25165 25226 I art     : Starting a blocking GC Explicit
08-04 12:45:13.099 25165 25226 I art     : Explicit concurrent mark sweep GC freed 219(3KB) AllocSpace objects, 0(0B) LOS objects, 28% free, 39MB/55MB, paused 598us total 31.965ms
08-04 12:45:13.114 25165 25226 I art     : Starting a blocking GC Explicit
08-04 12:45:13.152 25165 25226 I art     : Explicit concurrent mark sweep GC freed 219(3KB) AllocSpace objects, 0(0B) LOS objects, 28% free, 39MB/55MB, paused 648us total 37.305ms
08-04 12:45:13.229 18870 18870 I ServiceManager: Waiting for service AtCmdFwd...
08-04 12:45:13.244   380   380 W SurfaceFlinger: couldn't log to binary event log: overflow.
08-04 12:45:13.312 13866 13882 I PeriodicStatsRunner: PeriodicStatsRunner.call():175 call()
08-04 12:45:13.313 13866 13882 I PeriodicStatsRunner: PeriodicStatsRunner.call():179 No submit PeriodicStats since input started.
08-04 12:45:13.451 25165 25178 I art     : Starting a blocking GC Explicit
08-04 12:45:13.484 25165 25178 I art     : Explicit concurrent mark sweep GC freed 2556(102KB) AllocSpace objects, 3(228KB) LOS objects, 28% free, 39MB/55MB, paused 567us total 33.289ms
08-04 12:45:13.497 25165 25178 I art     : Starting a blocking GC Explicit
08-04 12:45:13.522 25165 25178 I art     : Explicit concurrent mark sweep GC freed 4790(340KB) AllocSpace objects, 7(132KB) LOS objects, 29% free, 38MB/54MB, paused 557us total 25.276ms
08-04 12:45:13.534 25165 25178 I art     : Starting a blocking GC Explicit
08-04 12:45:13.560 25165 25178 I art     : Explicit concurrent mark sweep GC freed 105(1984B) AllocSpace objects, 0(0B) LOS objects, 29% free, 38MB/54MB, paused 500us total 25.471ms
08-04 12:45:13.571 25165 25178 I art     : Starting a blocking GC Explicit
08-04 12:45:13.597 25165 25178 I art     : Explicit concurrent mark sweep GC freed 170(3KB) AllocSpace objects, 0(0B) LOS objects, 29% free, 38MB/54MB, paused 621us total 25.521ms
08-04 12:45:13.610 25165 25178 I art     : Starting a blocking GC Explicit
08-04 12:45:13.637 25165 25178 I art     : Explicit concurrent mark sweep GC freed 109(2240B) AllocSpace objects, 0(0B) LOS objects, 29% free, 38MB/54MB, paused 610us total 26.912ms
08-04 12:45:13.967 25165 25227 I art     : Starting a blocking GC Explicit
08-04 12:45:13.998 25165 25227 I art     : Explicit concurrent mark sweep GC freed 2483(100KB) AllocSpace objects, 2(40KB) LOS objects, 29% free, 38MB/54MB, paused 537us total 30.927ms
08-04 12:45:14.010 25165 25227 I art     : Starting a blocking GC Explicit
08-04 12:45:14.038 25165 25227 I art     : Explicit concurrent mark sweep GC freed 118(2384B) AllocSpace objects, 0(0B) LOS objects, 29% free, 38MB/54MB, paused 529us total 27.522ms
08-04 12:45:14.050 25165 25227 I art     : Starting a blocking GC Explicit
08-04 12:45:14.078 25165 25227 I art     : Explicit concurrent mark sweep GC freed 99(1696B) AllocSpace objects, 0(0B) LOS objects, 29% free, 38MB/54MB, paused 703us total 27.606ms
08-04 12:45:14.091 25165 25227 I art     : Starting a blocking GC Explicit
08-04 12:45:14.107 13866 13882 I PeriodicStatsRunner: PeriodicStatsRunner.call():175 call()
08-04 12:45:14.108 13866 13882 I PeriodicStatsRunner: PeriodicStatsRunner.call():179 No submit PeriodicStats since input started.
08-04 12:45:14.118 25165 25227 I art     : Explicit concurrent mark sweep GC freed 147(2496B) AllocSpace objects, 0(0B) LOS objects, 29% free, 38MB/54MB, paused 534us total 27.227ms
08-04 12:45:14.130 25165 25227 I art     : Starting a blocking GC Explicit
08-04 12:45:14.157 25165 25227 I art     : Explicit concurrent mark sweep GC freed 99(1696B) AllocSpace objects, 0(0B) LOS objects, 29% free, 38MB/54MB, paused 607us total 26.365ms
08-04 12:45:14.229 18870 18870 I ServiceManager: Waiting for service AtCmdFwd...
08-04 12:45:14.475 25165 25226 I art     : Starting a blocking GC Explicit
08-04 12:45:14.504 25165 25226 I art     : Explicit concurrent mark sweep GC freed 2435(99KB) AllocSpace objects, 2(40KB) LOS objects, 29% free, 38MB/54MB, paused 554us total 28.709ms
08-04 12:45:14.517 25165 25226 I art     : Starting a blocking GC Explicit
08-04 12:45:14.544 25165 25226 I art     : Explicit concurrent mark sweep GC freed 118(2384B) AllocSpace objects, 0(0B) LOS objects, 29% free, 38MB/54MB, paused 570us total 26.587ms
08-04 12:45:14.551 26090 26090 D AndroidRuntime: >>>>>> START com.android.internal.os.RuntimeInit uid 2000 <<<<<<
08-04 12:45:14.556 25165 25226 I art     : Starting a blocking GC Explicit
08-04 12:45:14.556 26090 26090 D AndroidRuntime: CheckJNI is OFF
08-04 12:45:14.583 25165 25226 I art     : Explicit concurrent mark sweep GC freed 147(2496B) AllocSpace objects, 0(0B) LOS objects, 29% free, 38MB/54MB, paused 594us total 26.685ms
08-04 12:45:14.592 26090 26090 D ICU     : No timezone override file found: /data/misc/zoneinfo/current/icu/icu_tzdata.dat
08-04 12:45:14.595 25165 25226 I art     : Starting a blocking GC Explicit
08-04 12:45:14.623 25165 25226 I art     : Explicit concurrent mark sweep GC freed 98(1664B) AllocSpace objects, 0(0B) LOS objects, 29% free, 38MB/54MB, paused 560us total 27.194ms
08-04 12:45:14.628 26090 26090 I Radio-JNI: register_android_hardware_Radio DONE
08-04 12:45:14.635 25165 25226 I art     : Starting a blocking GC Explicit
08-04 12:45:14.650 26090 26090 D AndroidRuntime: Calling main entry com.android.commands.input.Input
08-04 12:45:14.651 26090 26090 I Input   : injectKeyEvent: KeyEvent { action=ACTION_DOWN, keyCode=KEYCODE_BACK, scanCode=0, metaState=0, flags=0x0, repeatCount=0, eventTime=708331064, downTime=708331064, deviceId=-1, source=0x101 }
08-04 12:45:14.657 26090 26090 I Input   : injectKeyEvent: KeyEvent { action=ACTION_UP, keyCode=KEYCODE_BACK, scanCode=0, metaState=0, flags=0x0, repeatCount=0, eventTime=708331064, downTime=708331064, deviceId=-1, source=0x101 }
08-04 12:45:14.661 25165 25226 I art     : Explicit concurrent mark sweep GC freed 102(1840B) AllocSpace objects, 0(0B) LOS objects, 29% free, 38MB/54MB, paused 533us total 26.248ms
08-04 12:45:14.664 26090 26090 D AndroidRuntime: Shutting down VM
08-04 12:45:14.680 25165 25165 V MainActivity: url = https://project-travel-mate.herokuapp.com/api/number-of-unread-notifications
08-04 12:45:14.710 13866 13866 I GoogleInputMethodServic: GoogleInputMethodService.onFinishInput():3138 
08-04 12:45:14.710 13866 13866 I GoogleInputMethodServic: GoogleInputMethodService.onStartInput():1808 
08-04 12:45:14.974 25165 25226 I art     : Starting a blocking GC Explicit
08-04 12:45:15.007 25165 25226 I art     : Explicit concurrent mark sweep GC freed 2963(124KB) AllocSpace objects, 2(40KB) LOS objects, 29% free, 38MB/54MB, paused 617us total 33.630ms
08-04 12:45:15.020 25165 25226 I art     : Starting a blocking GC Explicit
08-04 12:45:15.029   380   380 W SurfaceFlinger: couldn't log to binary event log: overflow.
08-04 12:45:15.045 25165 25226 I art     : Explicit concurrent mark sweep GC freed 200(5KB) AllocSpace objects, 0(0B) LOS objects, 29% free, 38MB/54MB, paused 565us total 24.856ms
08-04 12:45:15.057 25165 25226 I art     : Starting a blocking GC Explicit
08-04 12:45:15.084 25165 25226 I art     : Explicit concurrent mark sweep GC freed 84(1744B) AllocSpace objects, 0(0B) LOS objects, 29% free, 38MB/54MB, paused 585us total 26.797ms
08-04 12:45:15.096 25165 25226 I art     : Starting a blocking GC Explicit
08-04 12:45:15.123 25165 25226 I art     : Explicit concurrent mark sweep GC freed 180(7KB) AllocSpace objects, 0(0B) LOS objects, 29% free, 38MB/54MB, paused 637us total 27.340ms
08-04 12:45:15.123 25165 25175 I art     : WaitForGcToComplete blocked for 9.657ms for cause HeapTrim
08-04 12:45:15.136 25165 25226 I art     : Starting a blocking GC Explicit
08-04 12:45:15.165 25165 25226 I art     : Explicit concurrent mark sweep GC freed 75(1296B) AllocSpace objects, 0(0B) LOS objects, 29% free, 38MB/54MB, paused 643us total 29.399ms
08-04 12:45:15.229 18870 18870 I ServiceManager: Waiting for service AtCmdFwd...
08-04 12:45:15.487 25165 26114 I NAPPA_EXPERIMENTATION: MetricNetworkRequestExecutionTime: REQUEST_DURATION_SYSTEM='806',REQUEST_DURATION_OKHTTP='33',REQUEST_SYNCHRONOUS='FALSE',RESPONSE_CODE='200',RESPONSE_METHOD='GET',RESPONSE_LENGTH_OKHTTP='36',RESPONSE_LENGTH_HEADER='36',REQUEST_PROTOCOL='http/1.1',REQUEST_URL='https://project-travel-mate.herokuapp.com/api/number-of-unread-notifications',
08-04 12:45:15.500 25165 25177 I art     : Starting a blocking GC Explicit
08-04 12:45:15.533 25165 25177 I art     : Explicit concurrent mark sweep GC freed 4666(236KB) AllocSpace objects, 5(240KB) LOS objects, 29% free, 39MB/55MB, paused 674us total 32.822ms
08-04 12:45:15.550 25165 25177 I art     : Starting a blocking GC Explicit
08-04 12:45:15.578 25165 25177 I art     : Explicit concurrent mark sweep GC freed 1103(121KB) AllocSpace objects, 0(0B) LOS objects, 29% free, 39MB/55MB, paused 562us total 27.525ms
08-04 12:45:15.590 25165 25177 I art     : Starting a blocking GC Explicit
08-04 12:45:15.616 25165 25177 I art     : Explicit concurrent mark sweep GC freed 74(1264B) AllocSpace objects, 0(0B) LOS objects, 29% free, 39MB/55MB, paused 553us total 25.453ms
08-04 12:45:15.627 25165 25177 I art     : Starting a blocking GC Explicit
08-04 12:45:15.653 25165 25177 I art     : Explicit concurrent mark sweep GC freed 52(928B) AllocSpace objects, 0(0B) LOS objects, 29% free, 39MB/55MB, paused 543us total 25.199ms
08-04 12:45:15.664 25165 25177 I art     : Starting a blocking GC Explicit
08-04 12:45:15.689 25165 25177 I art     : Explicit concurrent mark sweep GC freed 51(896B) AllocSpace objects, 0(0B) LOS objects, 29% free, 39MB/55MB, paused 563us total 25.059ms
08-04 12:45:16.012 25165 25227 I art     : Starting a blocking GC Explicit
08-04 12:45:16.040 25165 25227 I art     : Explicit concurrent mark sweep GC freed 1931(91KB) AllocSpace objects, 2(40KB) LOS objects, 29% free, 39MB/55MB, paused 586us total 27.597ms
08-04 12:45:16.052 25165 25227 I art     : Starting a blocking GC Explicit
08-04 12:45:16.079 25165 25227 I art     : Explicit concurrent mark sweep GC freed 70(1584B) AllocSpace objects, 0(0B) LOS objects, 29% free, 39MB/55MB, paused 575us total 27.312ms
08-04 12:45:16.091 25165 25227 I art     : Starting a blocking GC Explicit
08-04 12:45:16.119 25165 25227 I art     : Explicit concurrent mark sweep GC freed 76(1328B) AllocSpace objects, 0(0B) LOS objects, 29% free, 39MB/55MB, paused 594us total 27.696ms
08-04 12:45:16.131 25165 25227 I art     : Starting a blocking GC Explicit
08-04 12:45:16.159 25165 25227 I art     : Explicit concurrent mark sweep GC freed 51(896B) AllocSpace objects, 0(0B) LOS objects, 29% free, 39MB/55MB, paused 587us total 27.674ms
08-04 12:45:16.172 25165 25227 I art     : Starting a blocking GC Explicit
08-04 12:45:16.200 25165 25227 I art     : Explicit concurrent mark sweep GC freed 74(1264B) AllocSpace objects, 0(0B) LOS objects, 29% free, 39MB/55MB, paused 587us total 27.866ms
08-04 12:45:16.230 18870 18870 I ServiceManager: Waiting for service AtCmdFwd...
08-04 12:45:16.326 26146 26146 D AndroidRuntime: >>>>>> START com.android.internal.os.RuntimeInit uid 2000 <<<<<<
08-04 12:45:16.332 26146 26146 D AndroidRuntime: CheckJNI is OFF
08-04 12:45:16.363 26146 26146 D ICU     : No timezone override file found: /data/misc/zoneinfo/current/icu/icu_tzdata.dat
08-04 12:45:16.393 26146 26146 I Radio-JNI: register_android_hardware_Radio DONE
08-04 12:45:16.413 26146 26146 D AndroidRuntime: Calling main entry com.android.commands.input.Input
08-04 12:45:16.415 26146 26146 I Input   : injectMotionEvent: MotionEvent { action=ACTION_DOWN, actionButton=0, id[0]=0, x[0]=346.0, y[0]=709.0, toolType[0]=TOOL_TYPE_UNKNOWN, buttonState=0, metaState=0, flags=0x0, edgeFlags=0x0, pointerCount=1, historySize=0, eventTime=708332827, downTime=708332827, deviceId=0, source=0x1002 }
08-04 12:45:16.422 26146 26146 I Input   : injectMotionEvent: MotionEvent { action=ACTION_UP, actionButton=0, id[0]=0, x[0]=346.0, y[0]=709.0, toolType[0]=TOOL_TYPE_UNKNOWN, buttonState=0, metaState=0, flags=0x0, edgeFlags=0x0, pointerCount=1, historySize=0, eventTime=708332827, downTime=708332827, deviceId=0, source=0x1002 }
08-04 12:45:16.430   918   928 I ActivityManager: START u0 {cmp=baseline.io.github.project_travel_mate/.destinations.description.FinalCityInfoActivity (has extras)} from uid 10650 on display 0
08-04 12:45:16.437 26146 26146 D AndroidRuntime: Shutting down VM
08-04 12:45:16.458 25165 25247 D Gabe    : call	returning from cache
08-04 12:45:16.480 25165 25165 V EXECUTING: https://project-travel-mate.herokuapp.com/api/get-city-weather/1
08-04 12:45:16.526 25165 25178 I art     : Starting a blocking GC Explicit
08-04 12:45:16.560 25165 25178 I art     : Explicit concurrent mark sweep GC freed 7070(440KB) AllocSpace objects, 2(40KB) LOS objects, 26% free, 43MB/59MB, paused 930us total 33.462ms
08-04 12:45:16.572 25165 25178 I art     : Starting a blocking GC Explicit
08-04 12:45:16.600 25165 25178 I art     : Explicit concurrent mark sweep GC freed 594(31KB) AllocSpace objects, 0(0B) LOS objects, 26% free, 43MB/59MB, paused 607us total 27.649ms
08-04 12:45:16.608   918   936 I ActivityManager: Displayed baseline.io.github.project_travel_mate/.destinations.description.FinalCityInfoActivity: +168ms
08-04 12:45:16.609 13866 13866 I GoogleInputMethodServic: GoogleInputMethodService.onFinishInput():3138 
08-04 12:45:16.609 13866 13866 I GoogleInputMethodServic: GoogleInputMethodService.onStartInput():1808 
08-04 12:45:16.613 25165 25178 I art     : Starting a blocking GC Explicit
08-04 12:45:16.643 25165 25178 I art     : Explicit concurrent mark sweep GC freed 146(3KB) AllocSpace objects, 0(0B) LOS objects, 26% free, 43MB/59MB, paused 924us total 30.564ms
08-04 12:45:16.657 25165 25178 I art     : Starting a blocking GC Explicit
08-04 12:45:16.687 25165 25178 I art     : Explicit concurrent mark sweep GC freed 69(1664B) AllocSpace objects, 0(0B) LOS objects, 26% free, 43MB/59MB, paused 897us total 29.945ms
08-04 12:45:16.702 25165 25178 I art     : Starting a blocking GC Explicit
08-04 12:45:16.734 25165 25178 I art     : Explicit concurrent mark sweep GC freed 69(1584B) AllocSpace objects, 0(0B) LOS objects, 26% free, 43MB/59MB, paused 932us total 31.628ms
08-04 12:45:16.865   380   380 W SurfaceFlinger: couldn't log to binary event log: overflow.
08-04 12:45:17.031 25165 25227 I art     : Starting a blocking GC Explicit
08-04 12:45:17.036 25165 26172 I NAPPA_EXPERIMENTATION: MetricNetworkRequestExecutionTime: REQUEST_DURATION_SYSTEM='555',REQUEST_DURATION_OKHTTP='46',REQUEST_SYNCHRONOUS='FALSE',RESPONSE_CODE='200',RESPONSE_METHOD='GET',RESPONSE_LENGTH_OKHTTP='530',RESPONSE_LENGTH_HEADER='530',REQUEST_PROTOCOL='http/1.1',REQUEST_URL='https://project-travel-mate.herokuapp.com/api/get-city/1',
08-04 12:45:17.041 25165 26171 I NAPPA_EXPERIMENTATION: MetricNetworkRequestExecutionTime: REQUEST_DURATION_SYSTEM='561',REQUEST_DURATION_OKHTTP='52',REQUEST_SYNCHRONOUS='FALSE',RESPONSE_CODE='200',RESPONSE_METHOD='GET',RESPONSE_LENGTH_OKHTTP='238',RESPONSE_LENGTH_HEADER='238',REQUEST_PROTOCOL='http/1.1',REQUEST_URL='https://project-travel-mate.herokuapp.com/api/get-city-weather/1',
08-04 12:45:17.062 25165 25227 I art     : Explicit concurrent mark sweep GC freed 6978(327KB) AllocSpace objects, 5(240KB) LOS objects, 26% free, 43MB/59MB, paused 893us total 31.280ms
08-04 12:45:17.069 25165 26172 V Response: {"id":1,"city_name":"Delhi","description":"Delhi, officially the National Capital Territory of Delhi, is the Capital territory of India. During the British Raj, Delhi was part of the province of Punjab and is still historically and culturally connected to the Punjab region.","latitude":"28.613900","longitude":"77.209000","facts_count":6,"images":["https://upload.wikimedia.org/wikipedia/commons/9/94/%E0%B4%96%E0%B5%81%E0%B4%A4%E0%B5%8D%E0%B4%AC%E0%B5%8D_%E0%B4%AE%E0%B4%BF%E0%B4%A8%E0%B4%BE%E0%B5%BC1.jpg"],"has_visited":false}
08-04 12:45:17.074 25165 25227 I art     : Starting a blocking GC Explicit
08-04 12:45:17.104 25165 25227 I art     : Explicit concurrent mark sweep GC freed 1419(137KB) AllocSpace objects, 0(0B) LOS objects, 26% free, 43MB/59MB, paused 841us total 29.665ms
08-04 12:45:17.117 25165 25227 I art     : Starting a blocking GC Explicit
08-04 12:45:17.146 25165 25227 I art     : Explicit concurrent mark sweep GC freed 91(3KB) AllocSpace objects, 0(0B) LOS objects, 26% free, 43MB/59MB, paused 863us total 29.087ms
08-04 12:45:17.158 25165 25227 I art     : Starting a blocking GC Explicit
08-04 12:45:17.186 25165 25227 I art     : Explicit concurrent mark sweep GC freed 1695(92KB) AllocSpace objects, 0(0B) LOS objects, 26% free, 44MB/60MB, paused 579us total 27.319ms
08-04 12:45:17.198 25165 25227 I art     : Starting a blocking GC Explicit
08-04 12:45:17.228 25165 25227 I art     : Explicit concurrent mark sweep GC freed 124(2752B) AllocSpace objects, 1(4MB) LOS objects, 28% free, 39MB/55MB, paused 623us total 29.312ms
08-04 12:45:17.230 18870 18870 I ServiceManager: Waiting for service AtCmdFwd...
08-04 12:45:17.560 25165 25177 I art     : Starting a blocking GC Explicit
08-04 12:45:17.597 25165 25177 I art     : Explicit concurrent mark sweep GC freed 2484(100KB) AllocSpace objects, 2(40KB) LOS objects, 28% free, 39MB/55MB, paused 794us total 35.683ms
08-04 12:45:17.611 25165 25177 I art     : Starting a blocking GC Explicit
08-04 12:45:17.642 25165 25177 I art     : Explicit concurrent mark sweep GC freed 166(3KB) AllocSpace objects, 0(0B) LOS objects, 28% free, 39MB/55MB, paused 613us total 30.966ms
08-04 12:45:17.654 25165 25177 I art     : Starting a blocking GC Explicit
08-04 12:45:17.686 25165 25177 I art     : Explicit concurrent mark sweep GC freed 169(3KB) AllocSpace objects, 0(0B) LOS objects, 28% free, 39MB/55MB, paused 704us total 31.041ms
08-04 12:45:17.699 25165 25177 I art     : Starting a blocking GC Explicit
08-04 12:45:17.729 25165 25177 I art     : Explicit concurrent mark sweep GC freed 109(2240B) AllocSpace objects, 0(0B) LOS objects, 28% free, 39MB/55MB, paused 626us total 30.103ms
08-04 12:45:17.742 25165 25177 I art     : Starting a blocking GC Explicit
08-04 12:45:17.773 25165 25177 I art     : Explicit concurrent mark sweep GC freed 148(2528B) AllocSpace objects, 0(0B) LOS objects, 28% free, 39MB/55MB, paused 645us total 30.630ms
08-04 12:45:17.956 13866 13882 I PeriodicStatsRunner: PeriodicStatsRunner.call():175 call()
08-04 12:45:17.957 13866 13882 I PeriodicStatsRunner: PeriodicStatsRunner.call():179 No submit PeriodicStats since input started.
08-04 12:45:18.116 25165 25226 I art     : Starting a blocking GC Explicit
08-04 12:45:18.148 25165 25226 I art     : Explicit concurrent mark sweep GC freed 2482(100KB) AllocSpace objects, 2(40KB) LOS objects, 28% free, 39MB/55MB, paused 652us total 31.635ms
08-04 12:45:18.160 25165 25226 I art     : Starting a blocking GC Explicit
08-04 12:45:18.191 25165 25226 I art     : Explicit concurrent mark sweep GC freed 167(3KB) AllocSpace objects, 0(0B) LOS objects, 28% free, 39MB/55MB, paused 626us total 30.690ms
08-04 12:45:18.204 25165 25226 I art     : Starting a blocking GC Explicit
08-04 12:45:18.230 18870 18870 W Atfwd_Sendcmd: AtCmdFwd service not published, waiting... retryCnt : 3
08-04 12:45:18.235 25165 25226 I art     : Explicit concurrent mark sweep GC freed 137(2304B) AllocSpace objects, 0(0B) LOS objects, 28% free, 39MB/55MB, paused 767us total 30.997ms
08-04 12:45:18.248 25165 25226 I art     : Starting a blocking GC Explicit
08-04 12:45:18.280 25165 25226 I art     : Explicit concurrent mark sweep GC freed 109(1888B) AllocSpace objects, 0(0B) LOS objects, 28% free, 39MB/55MB, paused 628us total 31.612ms
08-04 12:45:18.292 25165 25226 I art     : Starting a blocking GC Explicit
08-04 12:45:18.324 25165 25226 I art     : Explicit concurrent mark sweep GC freed 147(2496B) AllocSpace objects, 0(0B) LOS objects, 28% free, 39MB/55MB, paused 637us total 31.550ms
08-04 12:45:18.693 25165 25227 I art     : Starting a blocking GC Explicit
08-04 12:45:18.726 25165 25227 I art     : Explicit concurrent mark sweep GC freed 2579(101KB) AllocSpace objects, 2(40KB) LOS objects, 28% free, 39MB/55MB, paused 615us total 33.232ms
08-04 12:45:18.739 25165 25227 I art     : Starting a blocking GC Explicit
08-04 12:45:18.769 25165 25227 I art     : Explicit concurrent mark sweep GC freed 165(3KB) AllocSpace objects, 0(0B) LOS objects, 28% free, 39MB/55MB, paused 630us total 30.489ms
08-04 12:45:18.782 25165 25227 I art     : Starting a blocking GC Explicit
08-04 12:45:18.811 25165 25227 I art     : Explicit concurrent mark sweep GC freed 100(1728B) AllocSpace objects, 0(0B) LOS objects, 28% free, 39MB/55MB, paused 587us total 28.184ms
08-04 12:45:18.822 25165 25227 I art     : Starting a blocking GC Explicit
08-04 12:45:18.849 25165 25227 I art     : Explicit concurrent mark sweep GC freed 99(1696B) AllocSpace objects, 0(0B) LOS objects, 28% free, 39MB/55MB, paused 579us total 26.900ms
08-04 12:45:18.861 25165 25227 I art     : Starting a blocking GC Explicit
08-04 12:45:18.889 25165 25227 I art     : Explicit concurrent mark sweep GC freed 147(2496B) AllocSpace objects, 0(0B) LOS objects, 28% free, 39MB/55MB, paused 597us total 27.524ms
08-04 12:45:19.239 25165 25178 I art     : Starting a blocking GC Explicit
08-04 12:45:19.271 25165 25178 I art     : Explicit concurrent mark sweep GC freed 2531(101KB) AllocSpace objects, 2(40KB) LOS objects, 28% free, 39MB/55MB, paused 637us total 31.203ms
08-04 12:45:19.283 25165 25178 I art     : Starting a blocking GC Explicit
08-04 12:45:19.314 25165 25178 I art     : Explicit concurrent mark sweep GC freed 118(2384B) AllocSpace objects, 0(0B) LOS objects, 28% free, 39MB/55MB, paused 612us total 30.818ms
08-04 12:45:19.327 25165 25178 I art     : Starting a blocking GC Explicit
08-04 12:45:19.359 25165 25178 I art     : Explicit concurrent mark sweep GC freed 148(2528B) AllocSpace objects, 0(0B) LOS objects, 28% free, 39MB/55MB, paused 638us total 31.351ms
08-04 12:45:19.371 25165 25178 I art     : Starting a blocking GC Explicit
08-04 12:45:19.403 25165 25178 I art     : Explicit concurrent mark sweep GC freed 137(2304B) AllocSpace objects, 0(0B) LOS objects, 28% free, 39MB/55MB, paused 709us total 31.216ms
08-04 12:45:19.416 25165 25178 I art     : Starting a blocking GC Explicit
08-04 12:45:19.447 25165 25178 I art     : Explicit concurrent mark sweep GC freed 109(1888B) AllocSpace objects, 0(0B) LOS objects, 28% free, 39MB/55MB, paused 751us total 31.306ms
08-04 12:45:19.727 13866 13882 I PeriodicStatsRunner: PeriodicStatsRunner.call():175 call()
08-04 12:45:19.727 13866 13882 I PeriodicStatsRunner: PeriodicStatsRunner.call():179 No submit PeriodicStats since input started.
08-04 12:45:19.832 25165 25177 I art     : Starting a blocking GC Explicit
08-04 12:45:19.867 25165 25177 I art     : Explicit concurrent mark sweep GC freed 2640(103KB) AllocSpace objects, 2(40KB) LOS objects, 28% free, 39MB/55MB, paused 637us total 34.495ms
08-04 12:45:19.883 25165 25177 I art     : Starting a blocking GC Explicit
08-04 12:45:19.913 25165 25177 I art     : Explicit concurrent mark sweep GC freed 176(3KB) AllocSpace objects, 0(0B) LOS objects, 28% free, 39MB/55MB, paused 585us total 29.661ms
08-04 12:45:19.925 25165 25177 I art     : Starting a blocking GC Explicit
08-04 12:45:19.956 25165 25177 I art     : Explicit concurrent mark sweep GC freed 147(2496B) AllocSpace objects, 0(0B) LOS objects, 28% free, 39MB/55MB, paused 618us total 30.298ms
08-04 12:45:19.968 25165 25177 I art     : Starting a blocking GC Explicit
08-04 12:45:20.001 25165 25177 I art     : Explicit concurrent mark sweep GC freed 98(1664B) AllocSpace objects, 0(0B) LOS objects, 28% free, 39MB/55MB, paused 616us total 32.075ms
08-04 12:45:20.013 25165 25177 I art     : Starting a blocking GC Explicit
08-04 12:45:20.045 25165 25177 I art     : Explicit concurrent mark sweep GC freed 148(2528B) AllocSpace objects, 0(0B) LOS objects, 28% free, 39MB/55MB, paused 581us total 31.548ms
08-04 12:45:20.410 25165 25226 I art     : Starting a blocking GC Explicit
08-04 12:45:20.444 25165 25226 I art     : Explicit concurrent mark sweep GC freed 2579(101KB) AllocSpace objects, 2(40KB) LOS objects, 28% free, 39MB/55MB, paused 593us total 32.997ms
08-04 12:45:20.457 25165 25226 I art     : Starting a blocking GC Explicit
08-04 12:45:20.488 25165 25226 I art     : Explicit concurrent mark sweep GC freed 165(3KB) AllocSpace objects, 0(0B) LOS objects, 28% free, 39MB/55MB, paused 657us total 31.575ms
08-04 12:45:20.501 25165 25226 I art     : Starting a blocking GC Explicit
08-04 12:45:20.535 25165 25226 I art     : Explicit concurrent mark sweep GC freed 99(1696B) AllocSpace objects, 0(0B) LOS objects, 28% free, 39MB/55MB, paused 657us total 33.045ms
08-04 12:45:20.548 25165 25226 I art     : Starting a blocking GC Explicit
08-04 12:45:20.580 25165 25226 I art     : Explicit concurrent mark sweep GC freed 148(2528B) AllocSpace objects, 0(0B) LOS objects, 28% free, 39MB/55MB, paused 653us total 31.995ms
08-04 12:45:20.593 25165 25226 I art     : Starting a blocking GC Explicit
08-04 12:45:20.626 25165 25226 I art     : Explicit concurrent mark sweep GC freed 147(2496B) AllocSpace objects, 0(0B) LOS objects, 28% free, 39MB/55MB, paused 638us total 32.553ms
08-04 12:45:20.952 25165 25178 I art     : Starting a blocking GC Explicit
08-04 12:45:20.986 25165 25178 I art     : Explicit concurrent mark sweep GC freed 2457(100KB) AllocSpace objects, 2(40KB) LOS objects, 28% free, 39MB/55MB, paused 759us total 33.053ms
08-04 12:45:20.999 25165 25178 I art     : Starting a blocking GC Explicit
08-04 12:45:21.030 25165 25178 I art     : Explicit concurrent mark sweep GC freed 177(3KB) AllocSpace objects, 0(0B) LOS objects, 28% free, 39MB/55MB, paused 619us total 30.679ms
08-04 12:45:21.043 25165 25178 I art     : Starting a blocking GC Explicit
08-04 12:45:21.073 25165 25178 I art     : Explicit concurrent mark sweep GC freed 147(2496B) AllocSpace objects, 0(0B) LOS objects, 28% free, 39MB/55MB, paused 635us total 30.167ms
08-04 12:45:21.086 25165 25178 I art     : Starting a blocking GC Explicit
08-04 12:45:21.117 25165 25178 I art     : Explicit concurrent mark sweep GC freed 98(1664B) AllocSpace objects, 0(0B) LOS objects, 28% free, 39MB/55MB, paused 715us total 30.805ms
08-04 12:45:21.130 25165 25178 I art     : Starting a blocking GC Explicit
08-04 12:45:21.132 26245 26245 D AndroidRuntime: >>>>>> START com.android.internal.os.RuntimeInit uid 2000 <<<<<<
08-04 12:45:21.136 26245 26245 D AndroidRuntime: CheckJNI is OFF
08-04 12:45:21.160 25165 25178 I art     : Explicit concurrent mark sweep GC freed 148(2528B) AllocSpace objects, 0(0B) LOS objects, 28% free, 39MB/55MB, paused 640us total 30.295ms
08-04 12:45:21.172 26245 26245 D ICU     : No timezone override file found: /data/misc/zoneinfo/current/icu/icu_tzdata.dat
08-04 12:45:21.204 26245 26245 I Radio-JNI: register_android_hardware_Radio DONE
08-04 12:45:21.226 26245 26245 D AndroidRuntime: Calling main entry com.android.commands.input.Input
08-04 12:45:21.228 26245 26245 I Input   : injectMotionEvent: MotionEvent { action=ACTION_DOWN, actionButton=0, id[0]=0, x[0]=693.0, y[0]=1450.0, toolType[0]=TOOL_TYPE_UNKNOWN, buttonState=0, metaState=0, flags=0x0, edgeFlags=0x0, pointerCount=1, historySize=0, eventTime=708337641, downTime=708337641, deviceId=0, source=0x1002 }
08-04 12:45:21.235 26245 26245 I Input   : injectMotionEvent: MotionEvent { action=ACTION_UP, actionButton=0, id[0]=0, x[0]=693.0, y[0]=1450.0, toolType[0]=TOOL_TYPE_UNKNOWN, buttonState=0, metaState=0, flags=0x0, edgeFlags=0x0, pointerCount=1, historySize=0, eventTime=708337641, downTime=708337641, deviceId=0, source=0x1002 }
08-04 12:45:21.237 26245 26245 D AndroidRuntime: Shutting down VM
08-04 12:45:21.238   918  6029 I ActivityManager: START u0 {cmp=baseline.io.github.project_travel_mate/.destinations.description.CityHistoryActivity} from uid 10650 on display 0
08-04 12:45:21.240   512  2967 D audio_hw_primary: out_set_parameters: enter: usecase(1: low-latency-playback) kvpairs: routing=2
08-04 12:45:21.253   512  2967 D audio_hw_primary: select_devices: out_snd_device(2: speaker) in_snd_device(0: none)
08-04 12:45:21.253   512  2967 D msm8974_platform: platform_send_audio_calibration: sending audio calibration for snd_device(2) acdb_id(15)
08-04 12:45:21.253   512  2967 I soundtrigger: audio_extn_sound_trigger_update_device_status: device 0x2 of type 0 for Event 1
08-04 12:45:21.264   512  2967 D audio_hw_primary: enable_snd_device: snd_device(2: speaker)
08-04 12:45:21.265 25165 25247 D Gabe    : call	returning from cache
08-04 12:45:21.267   512  2967 D audio_hw_primary: enable_audio_route: apply and update mixer path: low-latency-playback speaker
08-04 12:45:21.267 25165 25165 V EXECUTING: https://project-travel-mate.herokuapp.com/api/get-city-information/1
08-04 12:45:21.395 13866 13866 I GoogleInputMethodServic: GoogleInputMethodService.onFinishInput():3138 
08-04 12:45:21.395 13866 13866 I GoogleInputMethodServic: GoogleInputMethodService.onStartInput():1808 
08-04 12:45:21.396   918   936 I ActivityManager: Displayed baseline.io.github.project_travel_mate/.destinations.description.CityHistoryActivity: +147ms
08-04 12:45:21.399 32231 32256 I Finsky  : [5699] ktr.run(-1): Stats for Executor: BlockingExecutor kvs@6d4ca7b[Running, pool size = 0, active threads = 0, queued tasks = 0, completed tasks = 106]
08-04 12:45:21.399 32231 32256 I Finsky  : [5699] ktr.run(-1): Stats for Executor: LightweightExecutor kvs@46de098[Running, pool size = 4, active threads = 0, queued tasks = 0, completed tasks = 79]
08-04 12:45:21.469 25165 25227 I art     : Starting a blocking GC Explicit
08-04 12:45:21.504 25165 25227 I art     : Explicit concurrent mark sweep GC freed 3079(154KB) AllocSpace objects, 2(40KB) LOS objects, 26% free, 44MB/60MB, paused 881us total 34.662ms
08-04 12:45:21.518 25165 25227 I art     : Starting a blocking GC Explicit
08-04 12:45:21.549 32231 32256 I Finsky  : [5699] ktr.run(-1): Stats for Executor: bgExecutor kvs@ac720f1[Running, pool size = 4, active threads = 0, queued tasks = 0, completed tasks = 362]
08-04 12:45:21.549 25165 25227 I art     : Explicit concurrent mark sweep GC freed 374(12KB) AllocSpace objects, 0(0B) LOS objects, 26% free, 44MB/60MB, paused 621us total 31.534ms
08-04 12:45:21.562 25165 25227 I art     : Starting a blocking GC Explicit
08-04 12:45:21.590 25165 25227 I art     : Explicit concurrent mark sweep GC freed 219(3KB) AllocSpace objects, 0(0B) LOS objects, 26% free, 44MB/60MB, paused 620us total 28.575ms
08-04 12:45:21.603 25165 25227 I art     : Starting a blocking GC Explicit
08-04 12:45:21.609 13866 13882 I PeriodicStatsRunner: PeriodicStatsRunner.call():175 call()
08-04 12:45:21.609 13866 13882 I PeriodicStatsRunner: PeriodicStatsRunner.call():179 No submit PeriodicStats since input started.
08-04 12:45:21.633 25165 25227 I art     : Explicit concurrent mark sweep GC freed 146(2464B) AllocSpace objects, 0(0B) LOS objects, 26% free, 44MB/60MB, paused 687us total 30.610ms
08-04 12:45:21.648 25165 25227 I art     : Starting a blocking GC Explicit
08-04 12:45:21.653   380   380 W SurfaceFlinger: couldn't log to binary event log: overflow.
08-04 12:45:21.680 25165 25227 I art     : Explicit concurrent mark sweep GC freed 220(3KB) AllocSpace objects, 0(0B) LOS objects, 26% free, 44MB/60MB, paused 613us total 31.772ms
08-04 12:45:21.798   512  2967 D audio_hw_primary: disable_audio_route: reset and update mixer path: low-latency-playback speaker
08-04 12:45:21.799   512  2967 D audio_hw_primary: disable_snd_device: snd_device(2: speaker)
08-04 12:45:21.806   512  2967 I soundtrigger: audio_extn_sound_trigger_update_device_status: device 0x2 of type 0 for Event 0
08-04 12:45:21.994 25165 25227 I art     : Starting a blocking GC Explicit
08-04 12:45:22.024 25165 25227 I art     : Explicit concurrent mark sweep GC freed 2355(98KB) AllocSpace objects, 2(40KB) LOS objects, 26% free, 44MB/60MB, paused 634us total 29.313ms
08-04 12:45:22.037 25165 25227 I art     : Starting a blocking GC Explicit
08-04 12:45:22.067 25165 25227 I art     : Explicit concurrent mark sweep GC freed 153(2976B) AllocSpace objects, 0(0B) LOS objects, 26% free, 44MB/60MB, paused 762us total 30.156ms
08-04 12:45:22.080 25165 25227 I art     : Starting a blocking GC Explicit
08-04 12:45:22.112 25165 25227 I art     : Explicit concurrent mark sweep GC freed 2673(133KB) AllocSpace objects, 2(120KB) LOS objects, 26% free, 44MB/60MB, paused 1.039ms total 32.380ms
08-04 12:45:22.124 25165 25227 I art     : Starting a blocking GC Explicit
08-04 12:45:22.140 25165 26269 I NAPPA_EXPERIMENTATION: MetricNetworkRequestExecutionTime: REQUEST_DURATION_SYSTEM='872',REQUEST_DURATION_OKHTTP='29',REQUEST_SYNCHRONOUS='FALSE',RESPONSE_CODE='200',RESPONSE_METHOD='GET',RESPONSE_LENGTH_OKHTTP='55024',RESPONSE_LENGTH_HEADER='55024',REQUEST_PROTOCOL='http/1.1',REQUEST_URL='https://project-travel-mate.herokuapp.com/api/get-city-information/1',
08-04 12:45:22.156 25165 25227 I art     : Explicit concurrent mark sweep GC freed 1205(130KB) AllocSpace objects, 1(80KB) LOS objects, 26% free, 44MB/60MB, paused 992us total 31.266ms
08-04 12:45:22.169 25165 25227 I art     : Starting a blocking GC Explicit
08-04 12:45:22.199 25165 25227 I art     : Explicit concurrent mark sweep GC freed 265(7KB) AllocSpace objects, 3(272KB) LOS objects, 26% free, 44MB/60MB, paused 840us total 30.038ms
08-04 12:45:22.282 13866 13866 I GoogleInputMethodServic: GoogleInputMethodService.onFinishInput():3138 
08-04 12:45:22.282 13866 13866 I GoogleInputMethodServic: GoogleInputMethodService.onStartInput():1808 
08-04 12:45:22.430   918  3261 D WifiStateMachine: starting scan for "H369AA63323"WPA_PSK with 2412,5180
08-04 12:45:22.539 25165 25177 I art     : Starting a blocking GC Explicit
08-04 12:45:22.579 25165 25177 I art     : Explicit concurrent mark sweep GC freed 4120(1315KB) AllocSpace objects, 19(4MB) LOS objects, 28% free, 40MB/56MB, paused 722us total 39.907ms
08-04 12:45:22.592 25165 25177 I art     : Starting a blocking GC Explicit
08-04 12:45:22.624 25165 25177 I art     : Explicit concurrent mark sweep GC freed 293(6KB) AllocSpace objects, 0(0B) LOS objects, 28% free, 40MB/56MB, paused 669us total 32.258ms
08-04 12:45:22.637 25165 25177 I art     : Starting a blocking GC Explicit
08-04 12:45:22.667 25165 25177 I art     : Explicit concurrent mark sweep GC freed 163(3KB) AllocSpace objects, 0(0B) LOS objects, 28% free, 40MB/56MB, paused 690us total 30.319ms
08-04 12:45:22.679 25165 25177 I art     : Starting a blocking GC Explicit
08-04 12:45:22.709 25165 25177 I art     : Explicit concurrent mark sweep GC freed 221(3KB) AllocSpace objects, 0(0B) LOS objects, 28% free, 40MB/56MB, paused 627us total 29.419ms
08-04 12:45:22.721 25165 25177 I art     : Starting a blocking GC Explicit
08-04 12:45:22.751 25165 25177 I art     : Explicit concurrent mark sweep GC freed 146(2464B) AllocSpace objects, 0(0B) LOS objects, 28% free, 40MB/56MB, paused 625us total 30.049ms
08-04 12:45:23.076 25165 25177 I art     : Starting a blocking GC Explicit
08-04 12:45:23.107 25165 25177 I art     : Explicit concurrent mark sweep GC freed 2987(108KB) AllocSpace objects, 2(40KB) LOS objects, 28% free, 40MB/56MB, paused 628us total 30.766ms
08-04 12:45:23.120 25165 25177 I art     : Starting a blocking GC Explicit
08-04 12:45:23.152 25165 25177 I art     : Explicit concurrent mark sweep GC freed 219(4KB) AllocSpace objects, 0(0B) LOS objects, 28% free, 40MB/56MB, paused 653us total 32.035ms
08-04 12:45:23.165 25165 25177 I art     : Starting a blocking GC Explicit
08-04 12:45:23.196 25165 25177 I art     : Explicit concurrent mark sweep GC freed 219(3KB) AllocSpace objects, 0(0B) LOS objects, 28% free, 40MB/56MB, paused 649us total 31.502ms
08-04 12:45:23.209 25165 25177 I art     : Starting a blocking GC Explicit
08-04 12:45:23.243 25165 25177 I art     : Explicit concurrent mark sweep GC freed 173(2896B) AllocSpace objects, 0(0B) LOS objects, 28% free, 40MB/56MB, paused 788us total 33.450ms
08-04 12:45:23.256 25165 25177 I art     : Starting a blocking GC Explicit
08-04 12:45:23.289 25165 25177 I art     : Explicit concurrent mark sweep GC freed 192(3KB) AllocSpace objects, 0(0B) LOS objects, 28% free, 40MB/56MB, paused 686us total 33.400ms
08-04 12:45:23.644 25165 25226 I art     : Starting a blocking GC Explicit
08-04 12:45:23.679 25165 25226 I art     : Explicit concurrent mark sweep GC freed 3162(111KB) AllocSpace objects, 2(40KB) LOS objects, 28% free, 40MB/56MB, paused 687us total 34.788ms
08-04 12:45:23.693 25165 25226 I art     : Starting a blocking GC Explicit
08-04 12:45:23.727 25165 25226 I art     : Explicit concurrent mark sweep GC freed 214(4KB) AllocSpace objects, 0(0B) LOS objects, 28% free, 40MB/56MB, paused 879us total 34.184ms
08-04 12:45:23.741 25165 25226 I art     : Starting a blocking GC Explicit
08-04 12:45:23.775 25165 25226 I art     : Explicit concurrent mark sweep GC freed 205(3KB) AllocSpace objects, 0(0B) LOS objects, 28% free, 40MB/56MB, paused 793us total 34.560ms
08-04 12:45:23.789 25165 25226 I art     : Starting a blocking GC Explicit
08-04 12:45:23.823 25165 25226 I art     : Explicit concurrent mark sweep GC freed 200(3KB) AllocSpace objects, 0(0B) LOS objects, 28% free, 40MB/56MB, paused 677us total 34.111ms
08-04 12:45:23.836 25165 25226 I art     : Starting a blocking GC Explicit
08-04 12:45:23.870 25165 25226 I art     : Explicit concurrent mark sweep GC freed 220(3KB) AllocSpace objects, 0(0B) LOS objects, 28% free, 40MB/56MB, paused 665us total 33.435ms
08-04 12:45:24.223 25165 25227 I art     : Starting a blocking GC Explicit
08-04 12:45:24.258 25165 25227 I art     : Explicit concurrent mark sweep GC freed 3095(110KB) AllocSpace objects, 2(40KB) LOS objects, 28% free, 40MB/56MB, paused 735us total 34.304ms
08-04 12:45:24.271 25165 25227 I art     : Starting a blocking GC Explicit
08-04 12:45:24.303 25165 25227 I art     : Explicit concurrent mark sweep GC freed 226(4KB) AllocSpace objects, 0(0B) LOS objects, 28% free, 40MB/56MB, paused 639us total 32.012ms
08-04 12:45:24.316 25165 25227 I art     : Starting a blocking GC Explicit
08-04 12:45:24.349 25165 25227 I art     : Explicit concurrent mark sweep GC freed 219(3KB) AllocSpace objects, 0(0B) LOS objects, 28% free, 40MB/56MB, paused 654us total 33.408ms
08-04 12:45:24.362 25165 25227 I art     : Starting a blocking GC Explicit
08-04 12:45:24.396 25165 25227 I art     : Explicit concurrent mark sweep GC freed 193(3KB) AllocSpace objects, 0(0B) LOS objects, 28% free, 40MB/56MB, paused 770us total 33.122ms
08-04 12:45:24.409 25165 25227 I art     : Starting a blocking GC Explicit
08-04 12:45:24.443 25165 25227 I art     : Explicit concurrent mark sweep GC freed 181(3KB) AllocSpace objects, 0(0B) LOS objects, 28% free, 40MB/56MB, paused 813us total 33.818ms
08-04 12:45:24.810 25165 25178 I art     : Starting a blocking GC Explicit
08-04 12:45:24.879 25165 25178 I art     : Explicit concurrent mark sweep GC freed 3338(114KB) AllocSpace objects, 2(40KB) LOS objects, 28% free, 40MB/56MB, paused 1.455ms total 68.652ms
08-04 12:45:24.901 25165 25178 I art     : Starting a blocking GC Explicit
08-04 12:45:24.935 25165 25178 I art     : Explicit concurrent mark sweep GC freed 264(4KB) AllocSpace objects, 0(0B) LOS objects, 28% free, 40MB/56MB, paused 661us total 34.338ms
08-04 12:45:24.948 25165 25178 I art     : Starting a blocking GC Explicit
08-04 12:45:24.982 25165 25178 I art     : Explicit concurrent mark sweep GC freed 218(3KB) AllocSpace objects, 0(0B) LOS objects, 28% free, 40MB/56MB, paused 677us total 33.132ms
08-04 12:45:24.995 25165 25178 I art     : Starting a blocking GC Explicit
08-04 12:45:25.029 25165 25178 I art     : Explicit concurrent mark sweep GC freed 176(2960B) AllocSpace objects, 0(0B) LOS objects, 28% free, 40MB/56MB, paused 804us total 33.992ms
08-04 12:45:25.042 25165 25178 I art     : Starting a blocking GC Explicit
08-04 12:45:25.077 25165 25178 I art     : Explicit concurrent mark sweep GC freed 206(3KB) AllocSpace objects, 0(0B) LOS objects, 28% free, 40MB/56MB, paused 772us total 34.081ms
08-04 12:45:25.443 25165 25177 I art     : Starting a blocking GC Explicit
08-04 12:45:25.480 25165 25177 I art     : Explicit concurrent mark sweep GC freed 3183(111KB) AllocSpace objects, 2(40KB) LOS objects, 28% free, 40MB/56MB, paused 813us total 36.631ms
08-04 12:45:25.480 25165 25175 I art     : WaitForGcToComplete blocked for 33.861ms for cause HeapTrim
08-04 12:45:25.493 25165 25177 I art     : Starting a blocking GC Explicit
08-04 12:45:25.524 25165 25177 I art     : Explicit concurrent mark sweep GC freed 195(3KB) AllocSpace objects, 0(0B) LOS objects, 28% free, 40MB/56MB, paused 584us total 30.224ms
08-04 12:45:25.537 25165 25177 I art     : Starting a blocking GC Explicit
08-04 12:45:25.566 25165 25177 I art     : Explicit concurrent mark sweep GC freed 220(3KB) AllocSpace objects, 0(0B) LOS objects, 28% free, 40MB/56MB, paused 612us total 28.603ms
08-04 12:45:25.578 25165 25177 I art     : Starting a blocking GC Explicit
08-04 12:45:25.607 25165 25177 I art     : Explicit concurrent mark sweep GC freed 159(3KB) AllocSpace objects, 0(0B) LOS objects, 28% free, 40MB/56MB, paused 653us total 28.505ms
08-04 12:45:25.619 25165 25177 I art     : Starting a blocking GC Explicit
08-04 12:45:25.648 25165 25177 I art     : Explicit concurrent mark sweep GC freed 229(4KB) AllocSpace objects, 0(0B) LOS objects, 28% free, 40MB/56MB, paused 648us total 28.895ms
08-04 12:45:25.868 26352 26352 D AndroidRuntime: >>>>>> START com.android.internal.os.RuntimeInit uid 2000 <<<<<<
08-04 12:45:25.872 26352 26352 D AndroidRuntime: CheckJNI is OFF
08-04 12:45:25.902 26352 26352 D ICU     : No timezone override file found: /data/misc/zoneinfo/current/icu/icu_tzdata.dat
08-04 12:45:25.933 26352 26352 I Radio-JNI: register_android_hardware_Radio DONE
08-04 12:45:25.954 26352 26352 D AndroidRuntime: Calling main entry com.android.commands.input.Input
08-04 12:45:25.956 26352 26352 I Input   : injectKeyEvent: KeyEvent { action=ACTION_DOWN, keyCode=KEYCODE_BACK, scanCode=0, metaState=0, flags=0x0, repeatCount=0, eventTime=708342369, downTime=708342369, deviceId=-1, source=0x101 }
08-04 12:45:25.961 26352 26352 I Input   : injectKeyEvent: KeyEvent { action=ACTION_UP, keyCode=KEYCODE_BACK, scanCode=0, metaState=0, flags=0x0, repeatCount=0, eventTime=708342369, downTime=708342369, deviceId=-1, source=0x101 }
08-04 12:45:25.965 26352 26352 D AndroidRuntime: Shutting down VM
08-04 12:45:25.999 13866 13866 I GoogleInputMethodServic: GoogleInputMethodService.onFinishInput():3138 
08-04 12:45:26.000 13866 13866 I GoogleInputMethodServic: GoogleInputMethodService.onStartInput():1808 
08-04 12:45:26.023 25165 25226 I art     : Starting a blocking GC Explicit
08-04 12:45:26.057 25165 25226 I art     : Explicit concurrent mark sweep GC freed 3260(115KB) AllocSpace objects, 2(40KB) LOS objects, 28% free, 40MB/56MB, paused 674us total 33.938ms
08-04 12:45:26.070 25165 25226 I art     : Starting a blocking GC Explicit
08-04 12:45:26.099 25165 25226 I art     : Explicit concurrent mark sweep GC freed 242(4KB) AllocSpace objects, 0(0B) LOS objects, 28% free, 40MB/56MB, paused 567us total 28.547ms
08-04 12:45:26.112 25165 25226 I art     : Starting a blocking GC Explicit
08-04 12:45:26.147 25165 25226 I art     : Explicit concurrent mark sweep GC freed 219(3KB) AllocSpace objects, 0(0B) LOS objects, 28% free, 40MB/56MB, paused 691us total 34.660ms
08-04 12:45:26.161 25165 25226 I art     : Starting a blocking GC Explicit
08-04 12:45:26.200 25165 25226 I art     : Explicit concurrent mark sweep GC freed 219(3KB) AllocSpace objects, 0(0B) LOS objects, 28% free, 40MB/56MB, paused 709us total 38.858ms
08-04 12:45:26.214 25165 25226 I art     : Starting a blocking GC Explicit
08-04 12:45:26.254 25165 25226 I art     : Explicit concurrent mark sweep GC freed 219(3KB) AllocSpace objects, 0(0B) LOS objects, 28% free, 40MB/56MB, paused 647us total 40.678ms
08-04 12:45:26.308   380   380 W SurfaceFlinger: couldn't log to binary event log: overflow.
08-04 12:45:26.395 13866 13882 I PeriodicStatsRunner: PeriodicStatsRunner.call():175 call()
08-04 12:45:26.396 13866 13882 I PeriodicStatsRunner: PeriodicStatsRunner.call():179 No submit PeriodicStats since input started.
08-04 12:45:26.564 25165 25177 I art     : Starting a blocking GC Explicit
08-04 12:45:26.604 25165 25177 I art     : Explicit concurrent mark sweep GC freed 2557(102KB) AllocSpace objects, 4(404KB) LOS objects, 28% free, 40MB/56MB, paused 867us total 39.425ms
08-04 12:45:26.619 25165 25177 I art     : Starting a blocking GC Explicit
08-04 12:45:26.651 25165 25177 I art     : Explicit concurrent mark sweep GC freed 4866(342KB) AllocSpace objects, 7(132KB) LOS objects, 28% free, 39MB/55MB, paused 660us total 31.882ms
08-04 12:45:26.664 25165 25177 I art     : Starting a blocking GC Explicit
08-04 12:45:26.696 25165 25177 I art     : Explicit concurrent mark sweep GC freed 170(3KB) AllocSpace objects, 0(0B) LOS objects, 28% free, 39MB/55MB, paused 653us total 31.954ms
08-04 12:45:26.710 25165 25177 I art     : Starting a blocking GC Explicit
08-04 12:45:26.741 25165 25177 I art     : Explicit concurrent mark sweep GC freed 109(2240B) AllocSpace objects, 0(0B) LOS objects, 28% free, 39MB/55MB, paused 648us total 31.492ms
08-04 12:45:26.754 25165 25177 I art     : Starting a blocking GC Explicit
08-04 12:45:26.786 25165 25177 I art     : Explicit concurrent mark sweep GC freed 147(2496B) AllocSpace objects, 0(0B) LOS objects, 28% free, 39MB/55MB, paused 644us total 32.146ms
08-04 12:45:27.140 25165 25178 I art     : Starting a blocking GC Explicit
08-04 12:45:27.175 25165 25178 I art     : Explicit concurrent mark sweep GC freed 2531(101KB) AllocSpace objects, 2(40KB) LOS objects, 28% free, 39MB/55MB, paused 648us total 34.994ms
08-04 12:45:27.188 25165 25178 I art     : Starting a blocking GC Explicit
08-04 12:45:27.218 25165 25178 I art     : Explicit concurrent mark sweep GC freed 166(3KB) AllocSpace objects, 0(0B) LOS objects, 28% free, 39MB/55MB, paused 639us total 29.616ms
08-04 12:45:27.230 25165 25178 I art     : Starting a blocking GC Explicit
08-04 12:45:27.261 25165 25178 I art     : Explicit concurrent mark sweep GC freed 109(1856B) AllocSpace objects, 0(0B) LOS objects, 28% free, 39MB/55MB, paused 809us total 30.754ms
08-04 12:45:27.274 25165 25178 I art     : Starting a blocking GC Explicit
08-04 12:45:27.282 13866 13882 I PeriodicStatsRunner: PeriodicStatsRunner.call():175 call()
08-04 12:45:27.282 13866 13882 I PeriodicStatsRunner: PeriodicStatsRunner.call():179 No submit PeriodicStats since input started.
08-04 12:45:27.302 25165 25178 I art     : Explicit concurrent mark sweep GC freed 137(2336B) AllocSpace objects, 0(0B) LOS objects, 28% free, 39MB/55MB, paused 638us total 27.574ms
08-04 12:45:27.314 25165 25178 I art     : Starting a blocking GC Explicit
08-04 12:45:27.343 25165 25178 I art     : Explicit concurrent mark sweep GC freed 100(1712B) AllocSpace objects, 0(0B) LOS objects, 28% free, 39MB/55MB, paused 767us total 29.032ms
08-04 12:45:27.602 26396 26396 D AndroidRuntime: >>>>>> START com.android.internal.os.RuntimeInit uid 2000 <<<<<<
08-04 12:45:27.607 26396 26396 D AndroidRuntime: CheckJNI is OFF
08-04 12:45:27.641 26396 26396 D ICU     : No timezone override file found: /data/misc/zoneinfo/current/icu/icu_tzdata.dat
08-04 12:45:27.672 25165 25226 I art     : Starting a blocking GC Explicit
08-04 12:45:27.674 26396 26396 I Radio-JNI: register_android_hardware_Radio DONE
08-04 12:45:27.696 26396 26396 D AndroidRuntime: Calling main entry com.android.commands.input.Input
08-04 12:45:27.698 26396 26396 I Input   : injectKeyEvent: KeyEvent { action=ACTION_DOWN, keyCode=KEYCODE_BACK, scanCode=0, metaState=0, flags=0x0, repeatCount=0, eventTime=708344111, downTime=708344111, deviceId=-1, source=0x101 }
08-04 12:45:27.704 25165 25226 I art     : Explicit concurrent mark sweep GC freed 2482(100KB) AllocSpace objects, 2(40KB) LOS objects, 28% free, 39MB/55MB, paused 618us total 31.310ms
08-04 12:45:27.704 26396 26396 I Input   : injectKeyEvent: KeyEvent { action=ACTION_UP, keyCode=KEYCODE_BACK, scanCode=0, metaState=0, flags=0x0, repeatCount=0, eventTime=708344111, downTime=708344111, deviceId=-1, source=0x101 }
08-04 12:45:27.711 26396 26396 D AndroidRuntime: Shutting down VM
08-04 12:45:27.717 25165 25226 I art     : Starting a blocking GC Explicit
08-04 12:45:27.727 25165 25165 V MainActivity: url = https://project-travel-mate.herokuapp.com/api/number-of-unread-notifications
08-04 12:45:27.748 25165 25226 I art     : Explicit concurrent mark sweep GC freed 465(16KB) AllocSpace objects, 0(0B) LOS objects, 28% free, 39MB/55MB, paused 743us total 30.780ms
08-04 12:45:27.757 13866 13866 I GoogleInputMethodServic: GoogleInputMethodService.onFinishInput():3138 
08-04 12:45:27.758 13866 13866 I GoogleInputMethodServic: GoogleInputMethodService.onStartInput():1808 
08-04 12:45:27.760 25165 25226 I art     : Starting a blocking GC Explicit
08-04 12:45:27.795 25165 25226 I art     : Explicit concurrent mark sweep GC freed 312(8KB) AllocSpace objects, 0(0B) LOS objects, 28% free, 39MB/55MB, paused 1.319ms total 34.110ms
08-04 12:45:27.807 25165 25226 I art     : Starting a blocking GC Explicit
08-04 12:45:27.834 25165 25226 I art     : Explicit concurrent mark sweep GC freed 246(8KB) AllocSpace objects, 0(0B) LOS objects, 28% free, 39MB/55MB, paused 628us total 27.004ms
08-04 12:45:27.847 25165 25226 I art     : Starting a blocking GC Explicit
08-04 12:45:27.875 25165 25226 I art     : Explicit concurrent mark sweep GC freed 105(2064B) AllocSpace objects, 0(0B) LOS objects, 28% free, 39MB/55MB, paused 665us total 28.468ms
08-04 12:45:28.043   380   380 W SurfaceFlinger: couldn't log to binary event log: overflow.
08-04 12:45:28.180 25165 25227 I art     : Starting a blocking GC Explicit
08-04 12:45:28.216 25165 25227 I art     : Explicit concurrent mark sweep GC freed 2236(97KB) AllocSpace objects, 2(40KB) LOS objects, 28% free, 39MB/55MB, paused 765us total 36.464ms
08-04 12:45:28.231 25165 25227 I art     : Starting a blocking GC Explicit
08-04 12:45:28.265 25165 25227 I art     : Explicit concurrent mark sweep GC freed 234(9KB) AllocSpace objects, 0(0B) LOS objects, 28% free, 39MB/55MB, paused 725us total 33.745ms
08-04 12:45:28.279 25165 25227 I art     : Starting a blocking GC Explicit
08-04 12:45:28.313 25165 25227 I art     : Explicit concurrent mark sweep GC freed 74(1264B) AllocSpace objects, 0(0B) LOS objects, 28% free, 39MB/55MB, paused 789us total 33.582ms
08-04 12:45:28.326 25165 25227 I art     : Starting a blocking GC Explicit
08-04 12:45:28.360 25165 25227 I art     : Explicit concurrent mark sweep GC freed 52(928B) AllocSpace objects, 0(0B) LOS objects, 28% free, 39MB/55MB, paused 745us total 34.365ms
08-04 12:45:28.373 25165 25227 I art     : Starting a blocking GC Explicit
08-04 12:45:28.408 25165 25227 I art     : Explicit concurrent mark sweep GC freed 76(1328B) AllocSpace objects, 0(0B) LOS objects, 28% free, 39MB/55MB, paused 775us total 34.380ms
08-04 12:45:28.593 25165 26419 I NAPPA_EXPERIMENTATION: MetricNetworkRequestExecutionTime: REQUEST_DURATION_SYSTEM='865',REQUEST_DURATION_OKHTTP='29',REQUEST_SYNCHRONOUS='FALSE',RESPONSE_CODE='200',RESPONSE_METHOD='GET',RESPONSE_LENGTH_OKHTTP='36',RESPONSE_LENGTH_HEADER='36',REQUEST_PROTOCOL='http/1.1',REQUEST_URL='https://project-travel-mate.herokuapp.com/api/number-of-unread-notifications',
08-04 12:45:28.728 25165 25226 I art     : Starting a blocking GC Explicit
08-04 12:45:28.764 25165 25226 I art     : Explicit concurrent mark sweep GC freed 4774(240KB) AllocSpace objects, 5(240KB) LOS objects, 28% free, 39MB/55MB, paused 793us total 35.098ms
08-04 12:45:28.777 25165 25226 I art     : Starting a blocking GC Explicit
08-04 12:45:28.810 25165 25226 I art     : Explicit concurrent mark sweep GC freed 1016(118KB) AllocSpace objects, 0(0B) LOS objects, 28% free, 39MB/55MB, paused 749us total 33.256ms
08-04 12:45:28.823 25165 25226 I art     : Starting a blocking GC Explicit
08-04 12:45:28.857 25165 25226 I art     : Explicit concurrent mark sweep GC freed 76(1328B) AllocSpace objects, 0(0B) LOS objects, 28% free, 39MB/55MB, paused 795us total 33.580ms
08-04 12:45:28.870 25165 25226 I art     : Starting a blocking GC Explicit
08-04 12:45:28.904 25165 25226 I art     : Explicit concurrent mark sweep GC freed 75(1296B) AllocSpace objects, 0(0B) LOS objects, 28% free, 39MB/55MB, paused 741us total 33.828ms
08-04 12:45:28.918 25165 25226 I art     : Starting a blocking GC Explicit
08-04 12:45:28.951 25165 25226 I art     : Explicit concurrent mark sweep GC freed 75(1296B) AllocSpace objects, 0(0B) LOS objects, 28% free, 39MB/55MB, paused 676us total 33.114ms
08-04 12:45:29.281 25165 25177 I art     : Starting a blocking GC Explicit
08-04 12:45:29.314 25165 25177 I art     : Explicit concurrent mark sweep GC freed 1934(91KB) AllocSpace objects, 2(40KB) LOS objects, 28% free, 39MB/55MB, paused 777us total 33.259ms
08-04 12:45:29.327 25165 25177 I art     : Starting a blocking GC Explicit
08-04 12:45:29.357 26442 26442 D AndroidRuntime: >>>>>> START com.android.internal.os.RuntimeInit uid 2000 <<<<<<
08-04 12:45:29.361 25165 25177 I art     : Explicit concurrent mark sweep GC freed 92(1984B) AllocSpace objects, 0(0B) LOS objects, 28% free, 39MB/55MB, paused 708us total 34.072ms
08-04 12:45:29.362 26442 26442 D AndroidRuntime: CheckJNI is OFF
08-04 12:45:29.374 25165 25177 I art     : Starting a blocking GC Explicit
08-04 12:45:29.397 26442 26442 D ICU     : No timezone override file found: /data/misc/zoneinfo/current/icu/icu_tzdata.dat
08-04 12:45:29.405 25165 25177 I art     : Explicit concurrent mark sweep GC freed 81(1488B) AllocSpace objects, 0(0B) LOS objects, 28% free, 39MB/55MB, paused 738us total 30.847ms
08-04 12:45:29.418 25165 25177 I art     : Starting a blocking GC Explicit
08-04 12:45:29.430 26442 26442 I Radio-JNI: register_android_hardware_Radio DONE
08-04 12:45:29.448 25165 25177 I art     : Explicit concurrent mark sweep GC freed 78(1392B) AllocSpace objects, 0(0B) LOS objects, 28% free, 39MB/55MB, paused 761us total 29.729ms
08-04 12:45:29.451 26442 26442 D AndroidRuntime: Calling main entry com.android.commands.input.Input
08-04 12:45:29.453 26442 26442 I Input   : injectMotionEvent: MotionEvent { action=ACTION_DOWN, actionButton=0, id[0]=0, x[0]=117.0, y[0]=170.0, toolType[0]=TOOL_TYPE_UNKNOWN, buttonState=0, metaState=0, flags=0x0, edgeFlags=0x0, pointerCount=1, historySize=0, eventTime=708345866, downTime=708345866, deviceId=0, source=0x1002 }
08-04 12:45:29.458 26442 26442 I Input   : injectMotionEvent: MotionEvent { action=ACTION_UP, actionButton=0, id[0]=0, x[0]=117.0, y[0]=170.0, toolType[0]=TOOL_TYPE_UNKNOWN, buttonState=0, metaState=0, flags=0x0, edgeFlags=0x0, pointerCount=1, historySize=0, eventTime=708345866, downTime=708345866, deviceId=0, source=0x1002 }
08-04 12:45:29.460 26442 26442 D AndroidRuntime: Shutting down VM
08-04 12:45:29.460 25165 25177 I art     : Starting a blocking GC Explicit
08-04 12:45:29.468   512  2967 D audio_hw_primary: out_set_parameters: enter: usecase(1: low-latency-playback) kvpairs: routing=2
08-04 12:45:29.481   512  2967 D audio_hw_primary: select_devices: out_snd_device(2: speaker) in_snd_device(0: none)
08-04 12:45:29.481   512  2967 D msm8974_platform: platform_send_audio_calibration: sending audio calibration for snd_device(2) acdb_id(15)
08-04 12:45:29.482   512  2967 I soundtrigger: audio_extn_sound_trigger_update_device_status: device 0x2 of type 0 for Event 1
08-04 12:45:29.491   512  2967 D audio_hw_primary: enable_snd_device: snd_device(2: speaker)
08-04 12:45:29.492 25165 25177 I art     : Explicit concurrent mark sweep GC freed 131(3KB) AllocSpace objects, 0(0B) LOS objects, 28% free, 40MB/56MB, paused 862us total 31.260ms
08-04 12:45:29.493   512  2967 D audio_hw_primary: enable_audio_route: apply and update mixer path: low-latency-playback speaker
08-04 12:45:29.804 25165 25227 I art     : Starting a blocking GC Explicit
08-04 12:45:29.839 25165 25227 I art     : Explicit concurrent mark sweep GC freed 2326(112KB) AllocSpace objects, 2(40KB) LOS objects, 28% free, 40MB/56MB, paused 714us total 34.846ms
08-04 12:45:29.852 25165 25227 I art     : Starting a blocking GC Explicit
08-04 12:45:29.882 25165 25227 I art     : Explicit concurrent mark sweep GC freed 118(3KB) AllocSpace objects, 0(0B) LOS objects, 28% free, 40MB/56MB, paused 838us total 30.083ms
08-04 12:45:29.895 25165 25227 I art     : Starting a blocking GC Explicit
08-04 12:45:29.924 25165 25227 I art     : Explicit concurrent mark sweep GC freed 52(928B) AllocSpace objects, 0(0B) LOS objects, 28% free, 40MB/56MB, paused 679us total 29.255ms
08-04 12:45:29.937 25165 25227 I art     : Starting a blocking GC Explicit
08-04 12:45:29.967 25165 25227 I art     : Explicit concurrent mark sweep GC freed 77(1360B) AllocSpace objects, 0(0B) LOS objects, 28% free, 40MB/56MB, paused 600us total 29.856ms
08-04 12:45:29.979 25165 25227 I art     : Starting a blocking GC Explicit
08-04 12:45:30.009 25165 25227 I art     : Explicit concurrent mark sweep GC freed 51(896B) AllocSpace objects, 0(0B) LOS objects, 28% free, 40MB/56MB, paused 684us total 29.528ms
08-04 12:45:30.030   512  2967 D audio_hw_primary: disable_audio_route: reset and update mixer path: low-latency-playback speaker
08-04 12:45:30.031   512  2967 D audio_hw_primary: disable_snd_device: snd_device(2: speaker)
08-04 12:45:30.039   512  2967 I soundtrigger: audio_extn_sound_trigger_update_device_status: device 0x2 of type 0 for Event 0
08-04 12:45:30.088 26472 26472 D AndroidRuntime: >>>>>> START com.android.internal.os.RuntimeInit uid 2000 <<<<<<
08-04 12:45:30.093 26472 26472 D AndroidRuntime: CheckJNI is OFF
08-04 12:45:30.127 26472 26472 D ICU     : No timezone override file found: /data/misc/zoneinfo/current/icu/icu_tzdata.dat
08-04 12:45:30.159 26472 26472 I Radio-JNI: register_android_hardware_Radio DONE
08-04 12:45:30.181 26472 26472 D AndroidRuntime: Calling main entry com.android.commands.input.Input
08-04 12:45:30.182 26472 26472 I Input   : injectMotionEvent: MotionEvent { action=ACTION_DOWN, actionButton=0, id[0]=0, x[0]=355.0, y[0]=1674.0, toolType[0]=TOOL_TYPE_UNKNOWN, buttonState=0, metaState=0, flags=0x0, edgeFlags=0x0, pointerCount=1, historySize=0, eventTime=708346595, downTime=708346595, deviceId=0, source=0x1002 }
08-04 12:45:30.186 26472 26472 I Input   : injectMotionEvent: MotionEvent { action=ACTION_UP, actionButton=0, id[0]=0, x[0]=355.0, y[0]=1674.0, toolType[0]=TOOL_TYPE_UNKNOWN, buttonState=0, metaState=0, flags=0x0, edgeFlags=0x0, pointerCount=1, historySize=0, eventTime=708346595, downTime=708346595, deviceId=0, source=0x1002 }
08-04 12:45:30.188 26472 26472 D AndroidRuntime: Shutting down VM
08-04 12:45:30.200   512  2967 D audio_hw_primary: out_set_parameters: enter: usecase(1: low-latency-playback) kvpairs: routing=2
08-04 12:45:30.214   512  2967 D audio_hw_primary: select_devices: out_snd_device(2: speaker) in_snd_device(0: none)
08-04 12:45:30.214   512  2967 D msm8974_platform: platform_send_audio_calibration: sending audio calibration for snd_device(2) acdb_id(15)
08-04 12:45:30.214   512  2967 I soundtrigger: audio_extn_sound_trigger_update_device_status: device 0x2 of type 0 for Event 1
08-04 12:45:30.223   512  2967 D audio_hw_primary: enable_snd_device: snd_device(2: speaker)
08-04 12:45:30.225   512  2967 D audio_hw_primary: enable_audio_route: apply and update mixer path: low-latency-playback speaker
08-04 12:45:30.271   512  2967 D AudioFlinger: mixer(0xf4740000) throttle end: throttle time(12)
08-04 12:45:30.319 25165 25227 I art     : Starting a blocking GC Explicit
08-04 12:45:30.352 25165 25227 I art     : Explicit concurrent mark sweep GC freed 2167(112KB) AllocSpace objects, 2(40KB) LOS objects, 17% free, 74MB/90MB, paused 778us total 32.814ms
08-04 12:45:30.365 25165 25227 I art     : Starting a blocking GC Explicit
08-04 12:45:30.396 25165 25227 I art     : Explicit concurrent mark sweep GC freed 1391(141KB) AllocSpace objects, 0(0B) LOS objects, 17% free, 73MB/89MB, paused 785us total 30.335ms
08-04 12:45:30.408 25165 25227 I art     : Starting a blocking GC Explicit
08-04 12:45:30.437 25165 25227 I art     : Explicit concurrent mark sweep GC freed 3(96B) AllocSpace objects, 0(0B) LOS objects, 17% free, 73MB/89MB, paused 804us total 28.800ms
08-04 12:45:30.449 25165 25227 I art     : Starting a blocking GC Explicit
08-04 12:45:30.478 25165 25227 I art     : Explicit concurrent mark sweep GC freed 4(128B) AllocSpace objects, 0(0B) LOS objects, 17% free, 73MB/89MB, paused 663us total 28.713ms
08-04 12:45:30.491 25165 25227 I art     : Starting a blocking GC Explicit
08-04 12:45:30.519 25165 25227 I art     : Explicit concurrent mark sweep GC freed 6(240B) AllocSpace objects, 0(0B) LOS objects, 16% free, 79MB/95MB, paused 754us total 28.680ms
08-04 12:45:30.768   512  2967 D audio_hw_primary: disable_audio_route: reset and update mixer path: low-latency-playback speaker
08-04 12:45:30.769   512  2967 D audio_hw_primary: disable_snd_device: snd_device(2: speaker)
08-04 12:45:30.777   512  2967 I soundtrigger: audio_extn_sound_trigger_update_device_status: device 0x2 of type 0 for Event 0
08-04 12:45:30.841 25165 25178 I art     : Starting a blocking GC Explicit
08-04 12:45:30.874 25165 25178 I art     : Explicit concurrent mark sweep GC freed 6(1216B) AllocSpace objects, 0(0B) LOS objects, 10% free, 134MB/150MB, paused 774us total 31.960ms
08-04 12:45:30.887 25165 25178 I art     : Starting a blocking GC Explicit
08-04 12:45:30.891 25165 25165 I Choreographer: Skipped 40 frames!  The application may be doing too much work on its main thread.
08-04 12:45:30.892 25165 25165 V MainActivity: url = https://project-travel-mate.herokuapp.com/api/number-of-unread-notifications
08-04 12:45:30.920 25165 25178 I art     : Explicit concurrent mark sweep GC freed 661(26KB) AllocSpace objects, 0(0B) LOS objects, 10% free, 134MB/150MB, paused 1.422ms total 32.845ms
08-04 12:45:30.932 25165 25178 I art     : Starting a blocking GC Explicit
08-04 12:45:30.962 25165 25178 I art     : Explicit concurrent mark sweep GC freed 1168(42KB) AllocSpace objects, 7(196KB) LOS objects, 10% free, 134MB/150MB, paused 765us total 29.830ms
08-04 12:45:30.974 25165 25178 I art     : Starting a blocking GC Explicit
08-04 12:45:31.002 25165 25178 I art     : Explicit concurrent mark sweep GC freed 804(49KB) AllocSpace objects, 2(56KB) LOS objects, 10% free, 134MB/150MB, paused 694us total 27.747ms
08-04 12:45:31.014 25165 25178 I art     : Starting a blocking GC Explicit
08-04 12:45:31.016 13866 13882 I PeriodicStatsRunner: PeriodicStatsRunner.call():175 call()
08-04 12:45:31.016 13866 13882 I PeriodicStatsRunner: PeriodicStatsRunner.call():179 No submit PeriodicStats since input started.
08-04 12:45:31.044 25165 25178 I art     : Explicit concurrent mark sweep GC freed 51(2416B) AllocSpace objects, 0(0B) LOS objects, 10% free, 134MB/150MB, paused 783us total 29.351ms
08-04 12:45:31.381 25165 25226 I art     : Starting a blocking GC Explicit
08-04 12:45:31.426 25165 25226 I art     : Explicit concurrent mark sweep GC freed 3112(181KB) AllocSpace objects, 5(236KB) LOS objects, 10% free, 134MB/150MB, paused 1.366ms total 44.026ms
08-04 12:45:31.439 25165 25226 I art     : Starting a blocking GC Explicit
08-04 12:45:31.465 25165 26508 I NAPPA_EXPERIMENTATION: MetricNetworkRequestExecutionTime: REQUEST_DURATION_SYSTEM='573',REQUEST_DURATION_OKHTTP='31',REQUEST_SYNCHRONOUS='FALSE',RESPONSE_CODE='200',RESPONSE_METHOD='GET',RESPONSE_LENGTH_OKHTTP='36',RESPONSE_LENGTH_HEADER='36',REQUEST_PROTOCOL='http/1.1',REQUEST_URL='https://project-travel-mate.herokuapp.com/api/number-of-unread-notifications',
08-04 12:45:31.473 25165 25226 I art     : Explicit concurrent mark sweep GC freed 1937(160KB) AllocSpace objects, 0(0B) LOS objects, 10% free, 134MB/150MB, paused 781us total 33.166ms
08-04 12:45:31.485 25165 25226 I art     : Starting a blocking GC Explicit
08-04 12:45:31.519 25165 25226 I art     : Explicit concurrent mark sweep GC freed 62(2528B) AllocSpace objects, 0(0B) LOS objects, 10% free, 134MB/150MB, paused 878us total 33.629ms
08-04 12:45:31.533 25165 25226 I art     : Starting a blocking GC Explicit
08-04 12:45:31.563 25165 25226 I art     : Explicit concurrent mark sweep GC freed 87(3KB) AllocSpace objects, 0(0B) LOS objects, 10% free, 134MB/150MB, paused 685us total 29.346ms
08-04 12:45:31.576 25165 25226 I art     : Starting a blocking GC Explicit
08-04 12:45:31.609 25165 25226 I art     : Explicit concurrent mark sweep GC freed 15(752B) AllocSpace objects, 0(0B) LOS objects, 10% free, 134MB/150MB, paused 772us total 32.911ms
08-04 12:45:31.948 25165 25177 I art     : Starting a blocking GC Explicit
08-04 12:45:31.995 25165 25177 I art     : Explicit concurrent mark sweep GC freed 1447(84KB) AllocSpace objects, 2(36KB) LOS objects, 10% free, 134MB/150MB, paused 817us total 46.166ms
08-04 12:45:32.012 25165 25177 I art     : Starting a blocking GC Explicit
08-04 12:45:32.047 25165 25177 I art     : Explicit concurrent mark sweep GC freed 22(784B) AllocSpace objects, 0(0B) LOS objects, 10% free, 134MB/150MB, paused 747us total 34.825ms
08-04 12:45:32.060 25165 25177 I art     : Starting a blocking GC Explicit
08-04 12:45:32.095 25165 25177 I art     : Explicit concurrent mark sweep GC freed 3(96B) AllocSpace objects, 0(0B) LOS objects, 10% free, 134MB/150MB, paused 686us total 34.523ms
08-04 12:45:32.108 25165 25177 I art     : Starting a blocking GC Explicit
08-04 12:45:32.143 25165 25177 I art     : Explicit concurrent mark sweep GC freed 3(96B) AllocSpace objects, 0(0B) LOS objects, 10% free, 134MB/150MB, paused 742us total 34.843ms
08-04 12:45:32.157 25165 25177 I art     : Starting a blocking GC Explicit
08-04 12:45:32.192 25165 25177 I art     : Explicit concurrent mark sweep GC freed 3(96B) AllocSpace objects, 0(0B) LOS objects, 10% free, 134MB/150MB, paused 739us total 35.174ms
08-04 12:45:32.323   518   646 I ThermalEngine: ACTION: GPU - Setting GPU[0] to 450000000
08-04 12:45:32.603 25165 25226 I art     : Starting a blocking GC Explicit
08-04 12:45:32.649 25165 25226 I art     : Explicit concurrent mark sweep GC freed 1444(83KB) AllocSpace objects, 2(36KB) LOS objects, 10% free, 134MB/150MB, paused 986us total 45.373ms
08-04 12:45:32.667 25165 25226 I art     : Starting a blocking GC Explicit
08-04 12:45:32.716 25165 25226 I art     : Explicit concurrent mark sweep GC freed 43(1728B) AllocSpace objects, 0(0B) LOS objects, 10% free, 134MB/150MB, paused 1.160ms total 48.618ms
08-04 12:45:32.734 25165 25226 I art     : Starting a blocking GC Explicit
08-04 12:45:32.758 13866 13882 I PeriodicStatsRunner: PeriodicStatsRunner.call():175 call()
08-04 12:45:32.758 13866 13882 I PeriodicStatsRunner: PeriodicStatsRunner.call():179 No submit PeriodicStats since input started.
08-04 12:45:32.781 25165 25226 I art     : Explicit concurrent mark sweep GC freed 17(768B) AllocSpace objects, 0(0B) LOS objects, 10% free, 134MB/150MB, paused 1.064ms total 46.688ms
08-04 12:45:32.798 25165 25226 I art     : Starting a blocking GC Explicit
08-04 12:45:32.841 25165 25226 I art     : Explicit concurrent mark sweep GC freed 3(96B) AllocSpace objects, 0(0B) LOS objects, 10% free, 134MB/150MB, paused 1.165ms total 43.197ms
08-04 12:45:32.857 25165 25226 I art     : Starting a blocking GC Explicit
08-04 12:45:32.903 25165 25226 I art     : Explicit concurrent mark sweep GC freed 3(96B) AllocSpace objects, 0(0B) LOS objects, 10% free, 134MB/150MB, paused 990us total 45.221ms
08-04 12:45:33.000 26546 26546 D AndroidRuntime: >>>>>> START com.android.internal.os.RuntimeInit uid 2000 <<<<<<
08-04 12:45:33.007 26546 26546 D AndroidRuntime: CheckJNI is OFF
08-04 12:45:33.056 26546 26546 D ICU     : No timezone override file found: /data/misc/zoneinfo/current/icu/icu_tzdata.dat
08-04 12:45:33.104 26546 26546 I Radio-JNI: register_android_hardware_Radio DONE
08-04 12:45:33.133 26546 26546 D AndroidRuntime: Calling main entry com.android.commands.input.Input
08-04 12:45:33.135 26546 26546 I Input   : injectMotionEvent: MotionEvent { action=ACTION_DOWN, actionButton=0, id[0]=0, x[0]=747.0, y[0]=608.0, toolType[0]=TOOL_TYPE_UNKNOWN, buttonState=0, metaState=0, flags=0x0, edgeFlags=0x0, pointerCount=1, historySize=0, eventTime=708349548, downTime=708349548, deviceId=0, source=0x1002 }
08-04 12:45:33.141 26546 26546 I Input   : injectMotionEvent: MotionEvent { action=ACTION_UP, actionButton=0, id[0]=0, x[0]=747.0, y[0]=608.0, toolType[0]=TOOL_TYPE_UNKNOWN, buttonState=0, metaState=0, flags=0x0, edgeFlags=0x0, pointerCount=1, historySize=0, eventTime=708349548, downTime=708349548, deviceId=0, source=0x1002 }
08-04 12:45:33.144 26546 26546 D AndroidRuntime: Shutting down VM
08-04 12:45:33.145   512  2967 D audio_hw_primary: out_set_parameters: enter: usecase(1: low-latency-playback) kvpairs: routing=2
08-04 12:45:33.153   918  6110 I ActivityManager: START u0 {cmp=baseline.io.github.project_travel_mate/.utilities.ChecklistActivity} from uid 10650 on display 0
08-04 12:45:33.160   512  2967 D audio_hw_primary: select_devices: out_snd_device(2: speaker) in_snd_device(0: none)
08-04 12:45:33.160   512  2967 D msm8974_platform: platform_send_audio_calibration: sending audio calibration for snd_device(2) acdb_id(15)
08-04 12:45:33.160   512  2967 I soundtrigger: audio_extn_sound_trigger_update_device_status: device 0x2 of type 0 for Event 1
08-04 12:45:33.173   512  2967 D audio_hw_primary: enable_snd_device: snd_device(2: speaker)
08-04 12:45:33.176   512  2967 D audio_hw_primary: enable_audio_route: apply and update mixer path: low-latency-playback speaker
08-04 12:45:33.231 18870 18870 I ServiceManager: Waiting for service AtCmdFwd...
08-04 12:45:33.319 25165 25178 I art     : Starting a blocking GC Explicit
08-04 12:45:33.363 25165 25178 I art     : Explicit concurrent mark sweep GC freed 3020(273KB) AllocSpace objects, 2(36KB) LOS objects, 10% free, 135MB/151MB, paused 1.268ms total 43.778ms
08-04 12:45:33.380   918   936 I ActivityManager: Displayed baseline.io.github.project_travel_mate/.utilities.ChecklistActivity: +218ms
08-04 12:45:33.381 13866 13866 I GoogleInputMethodServic: GoogleInputMethodService.onFinishInput():3138 
08-04 12:45:33.381 25165 25178 I art     : Starting a blocking GC Explicit
08-04 12:45:33.381 13866 13866 I GoogleInputMethodServic: GoogleInputMethodService.onStartInput():1808 
08-04 12:45:33.423 25165 25178 I art     : Explicit concurrent mark sweep GC freed 514(28KB) AllocSpace objects, 0(0B) LOS objects, 10% free, 135MB/151MB, paused 1.082ms total 41.714ms
08-04 12:45:33.440 25165 25178 I art     : Starting a blocking GC Explicit
08-04 12:45:33.483 25165 25178 I art     : Explicit concurrent mark sweep GC freed 27(1248B) AllocSpace objects, 0(0B) LOS objects, 10% free, 135MB/151MB, paused 1.005ms total 42.860ms
08-04 12:45:33.501 25165 25178 I art     : Starting a blocking GC Explicit
08-04 12:45:33.554 25165 25178 I art     : Explicit concurrent mark sweep GC freed 3(96B) AllocSpace objects, 0(0B) LOS objects, 10% free, 135MB/151MB, paused 1.234ms total 51.927ms
08-04 12:45:33.572 25165 25178 I art     : Starting a blocking GC Explicit
08-04 12:45:33.621 25165 25178 I art     : Explicit concurrent mark sweep GC freed 3(96B) AllocSpace objects, 0(0B) LOS objects, 10% free, 135MB/151MB, paused 1.188ms total 48.851ms
08-04 12:45:33.633   380   380 W SurfaceFlinger: couldn't log to binary event log: overflow.
08-04 12:45:33.710   512  2967 D audio_hw_primary: disable_audio_route: reset and update mixer path: low-latency-playback speaker
08-04 12:45:33.711   512  2967 D audio_hw_primary: disable_snd_device: snd_device(2: speaker)
08-04 12:45:33.719   512  2967 I soundtrigger: audio_extn_sound_trigger_update_device_status: device 0x2 of type 0 for Event 0
08-04 12:45:34.025 25165 25177 I art     : Starting a blocking GC Explicit
08-04 12:45:34.085 25165 25177 I art     : Explicit concurrent mark sweep GC freed 1632(94KB) AllocSpace objects, 2(36KB) LOS objects, 10% free, 135MB/151MB, paused 1.149ms total 59.454ms
08-04 12:45:34.105 25165 25177 I art     : Starting a blocking GC Explicit
08-04 12:45:34.149 25165 25177 I art     : Explicit concurrent mark sweep GC freed 36(1280B) AllocSpace objects, 0(0B) LOS objects, 10% free, 135MB/151MB, paused 1.114ms total 44.278ms
08-04 12:45:34.167 25165 25177 I art     : Starting a blocking GC Explicit
08-04 12:45:34.212 25165 25177 I art     : Explicit concurrent mark sweep GC freed 3(96B) AllocSpace objects, 0(0B) LOS objects, 10% free, 135MB/151MB, paused 1.072ms total 45.058ms
08-04 12:45:34.229 25165 25177 I art     : Starting a blocking GC Explicit
08-04 12:45:34.231 18870 18870 I ServiceManager: Waiting for service AtCmdFwd...
08-04 12:45:34.275 25165 25177 I art     : Explicit concurrent mark sweep GC freed 38(1296B) AllocSpace objects, 0(0B) LOS objects, 10% free, 135MB/151MB, paused 1.082ms total 45.322ms
08-04 12:45:34.292 25165 25177 I art     : Starting a blocking GC Explicit
08-04 12:45:34.338 25165 25177 I art     : Explicit concurrent mark sweep GC freed 3(96B) AllocSpace objects, 0(0B) LOS objects, 10% free, 135MB/151MB, paused 1.136ms total 45.634ms
08-04 12:45:34.754 25165 25227 I art     : Starting a blocking GC Explicit
08-04 12:45:34.815 25165 25227 I art     : Explicit concurrent mark sweep GC freed 1592(92KB) AllocSpace objects, 2(36KB) LOS objects, 10% free, 135MB/151MB, paused 1.212ms total 60.039ms
08-04 12:45:34.837 25165 25227 I art     : Starting a blocking GC Explicit
08-04 12:45:34.887 25165 25227 I art     : Explicit concurrent mark sweep GC freed 45(1840B) AllocSpace objects, 0(0B) LOS objects, 10% free, 135MB/151MB, paused 1.112ms total 49.010ms
08-04 12:45:34.907 25165 25227 I art     : Starting a blocking GC Explicit
08-04 12:45:34.954 25165 25227 I art     : Explicit concurrent mark sweep GC freed 3(96B) AllocSpace objects, 0(0B) LOS objects, 10% free, 135MB/151MB, paused 1.077ms total 46.155ms
08-04 12:45:34.972 25165 25227 I art     : Starting a blocking GC Explicit
08-04 12:45:35.024 25165 25227 I art     : Explicit concurrent mark sweep GC freed 3(96B) AllocSpace objects, 0(0B) LOS objects, 10% free, 135MB/151MB, paused 1.483ms total 51.569ms
08-04 12:45:35.043 25165 25227 I art     : Starting a blocking GC Explicit
08-04 12:45:35.091 25165 25227 I art     : Explicit concurrent mark sweep GC freed 3(96B) AllocSpace objects, 0(0B) LOS objects, 10% free, 135MB/151MB, paused 1.156ms total 46.947ms
08-04 12:45:35.233 18870 18870 I ServiceManager: Waiting for service AtCmdFwd...
08-04 12:45:35.320   518   646 I ThermalEngine: ACTION: GPU - Setting GPU[0] to 510000000
08-04 12:45:35.497 25165 25226 I art     : Starting a blocking GC Explicit
08-04 12:45:35.550 25165 25226 I art     : Explicit concurrent mark sweep GC freed 1614(93KB) AllocSpace objects, 2(36KB) LOS objects, 10% free, 135MB/151MB, paused 954us total 53.218ms
08-04 12:45:35.568 25165 25226 I art     : Starting a blocking GC Explicit
08-04 12:45:35.604 25165 25226 I art     : Explicit concurrent mark sweep GC freed 28(1024B) AllocSpace objects, 0(0B) LOS objects, 10% free, 135MB/151MB, paused 834us total 35.585ms
08-04 12:45:35.604 25165 25175 I art     : WaitForGcToComplete blocked for 35.866ms for cause HeapTrim
08-04 12:45:35.617 25165 25226 I art     : Starting a blocking GC Explicit
08-04 12:45:35.654 25165 25226 I art     : Explicit concurrent mark sweep GC freed 3(96B) AllocSpace objects, 0(0B) LOS objects, 10% free, 135MB/151MB, paused 851us total 36.877ms
08-04 12:45:35.668 25165 25226 I art     : Starting a blocking GC Explicit
08-04 12:45:35.704 25165 25226 I art     : Explicit concurrent mark sweep GC freed 15(752B) AllocSpace objects, 0(0B) LOS objects, 10% free, 135MB/151MB, paused 832us total 35.692ms
08-04 12:45:35.718 25165 25226 I art     : Starting a blocking GC Explicit
08-04 12:45:35.755 25165 25226 I art     : Explicit concurrent mark sweep GC freed 13(640B) AllocSpace objects, 0(0B) LOS objects, 10% free, 135MB/151MB, paused 833us total 36.808ms
08-04 12:45:36.131 25165 25178 I art     : Starting a blocking GC Explicit
08-04 12:45:36.178 25165 25178 I art     : Explicit concurrent mark sweep GC freed 1584(92KB) AllocSpace objects, 2(36KB) LOS objects, 10% free, 135MB/151MB, paused 907us total 46.532ms
08-04 12:45:36.193 25165 25178 I art     : Starting a blocking GC Explicit
08-04 12:45:36.230 25165 25178 I art     : Explicit concurrent mark sweep GC freed 28(1024B) AllocSpace objects, 0(0B) LOS objects, 10% free, 135MB/151MB, paused 848us total 36.831ms
08-04 12:45:36.234 18870 18870 I ServiceManager: Waiting for service AtCmdFwd...
08-04 12:45:36.244 25165 25178 I art     : Starting a blocking GC Explicit
08-04 12:45:36.281 25165 25178 I art     : Explicit concurrent mark sweep GC freed 34(928B) AllocSpace objects, 0(0B) LOS objects, 10% free, 135MB/151MB, paused 799us total 36.812ms
08-04 12:45:36.294 25165 25178 I art     : Starting a blocking GC Explicit
08-04 12:45:36.330 25165 25178 I art     : Explicit concurrent mark sweep GC freed 3(96B) AllocSpace objects, 0(0B) LOS objects, 10% free, 135MB/151MB, paused 860us total 35.664ms
08-04 12:45:36.344 25165 25178 I art     : Starting a blocking GC Explicit
08-04 12:45:36.381 25165 25178 I art     : Explicit concurrent mark sweep GC freed 3(96B) AllocSpace objects, 0(0B) LOS objects, 10% free, 135MB/151MB, paused 835us total 36.851ms
08-04 12:45:36.765 25165 25177 I art     : Starting a blocking GC Explicit
08-04 12:45:36.814 25165 25177 I art     : Explicit concurrent mark sweep GC freed 1582(91KB) AllocSpace objects, 2(36KB) LOS objects, 10% free, 135MB/151MB, paused 914us total 48.303ms
08-04 12:45:36.829 25165 25177 I art     : Starting a blocking GC Explicit
08-04 12:45:36.866 25165 25177 I art     : Explicit concurrent mark sweep GC freed 28(1024B) AllocSpace objects, 0(0B) LOS objects, 10% free, 135MB/151MB, paused 772us total 36.589ms
08-04 12:45:36.880 25165 25177 I art     : Starting a blocking GC Explicit
08-04 12:45:36.916 25165 25177 I art     : Explicit concurrent mark sweep GC freed 3(96B) AllocSpace objects, 0(0B) LOS objects, 10% free, 135MB/151MB, paused 831us total 36.542ms
08-04 12:45:36.930 25165 25177 I art     : Starting a blocking GC Explicit
08-04 12:45:36.967 25165 25177 I art     : Explicit concurrent mark sweep GC freed 3(96B) AllocSpace objects, 0(0B) LOS objects, 10% free, 135MB/151MB, paused 895us total 36.841ms
08-04 12:45:36.980 25165 25177 I art     : Starting a blocking GC Explicit
08-04 12:45:37.017 25165 25177 I art     : Explicit concurrent mark sweep GC freed 3(96B) AllocSpace objects, 0(0B) LOS objects, 10% free, 135MB/151MB, paused 903us total 36.725ms
08-04 12:45:37.234 18870 18870 I ServiceManager: Waiting for service AtCmdFwd...
08-04 12:45:37.398 25165 25227 I art     : Starting a blocking GC Explicit
08-04 12:45:37.438 25165 25227 I art     : Explicit concurrent mark sweep GC freed 1614(92KB) AllocSpace objects, 2(36KB) LOS objects, 10% free, 135MB/151MB, paused 915us total 39.288ms
08-04 12:45:37.451 25165 25227 I art     : Starting a blocking GC Explicit
08-04 12:45:37.485 25165 25227 I art     : Explicit concurrent mark sweep GC freed 28(1024B) AllocSpace objects, 0(0B) LOS objects, 10% free, 135MB/151MB, paused 827us total 33.761ms
08-04 12:45:37.498 25165 25227 I art     : Starting a blocking GC Explicit
08-04 12:45:37.533 25165 25227 I art     : Explicit concurrent mark sweep GC freed 3(96B) AllocSpace objects, 0(0B) LOS objects, 10% free, 135MB/151MB, paused 951us total 34.841ms
08-04 12:45:37.547 25165 25227 I art     : Starting a blocking GC Explicit
08-04 12:45:37.581 25165 25227 I art     : Explicit concurrent mark sweep GC freed 3(96B) AllocSpace objects, 0(0B) LOS objects, 10% free, 135MB/151MB, paused 795us total 33.969ms
08-04 12:45:37.594 25165 25227 I art     : Starting a blocking GC Explicit
08-04 12:45:37.628 25165 25227 I art     : Explicit concurrent mark sweep GC freed 15(752B) AllocSpace objects, 0(0B) LOS objects, 10% free, 135MB/151MB, paused 844us total 33.933ms
08-04 12:45:37.829 26637 26637 D AndroidRuntime: >>>>>> START com.android.internal.os.RuntimeInit uid 2000 <<<<<<
08-04 12:45:37.837 26637 26637 D AndroidRuntime: CheckJNI is OFF
08-04 12:45:37.870 26637 26637 D ICU     : No timezone override file found: /data/misc/zoneinfo/current/icu/icu_tzdata.dat
08-04 12:45:37.902 26637 26637 I Radio-JNI: register_android_hardware_Radio DONE
08-04 12:45:37.924 26637 26637 D AndroidRuntime: Calling main entry com.android.commands.input.Input
08-04 12:45:37.926 26637 26637 I Input   : injectKeyEvent: KeyEvent { action=ACTION_DOWN, keyCode=KEYCODE_BACK, scanCode=0, metaState=0, flags=0x0, repeatCount=0, eventTime=708354339, downTime=708354339, deviceId=-1, source=0x101 }
08-04 12:45:37.930 26637 26637 I Input   : injectKeyEvent: KeyEvent { action=ACTION_UP, keyCode=KEYCODE_BACK, scanCode=0, metaState=0, flags=0x0, repeatCount=0, eventTime=708354339, downTime=708354339, deviceId=-1, source=0x101 }
08-04 12:45:37.936 26637 26637 D AndroidRuntime: Shutting down VM
08-04 12:45:37.954 25165 25165 V MainActivity: url = https://project-travel-mate.herokuapp.com/api/number-of-unread-notifications
08-04 12:45:37.984 13866 13866 I GoogleInputMethodServic: GoogleInputMethodService.onFinishInput():3138 
08-04 12:45:37.985 13866 13866 I GoogleInputMethodServic: GoogleInputMethodService.onStartInput():1808 
08-04 12:45:37.997 25165 25226 I art     : Starting a blocking GC Explicit
08-04 12:45:38.043 25165 25226 I art     : Explicit concurrent mark sweep GC freed 1973(107KB) AllocSpace objects, 2(36KB) LOS objects, 10% free, 135MB/151MB, paused 1.076ms total 45.800ms
08-04 12:45:38.056 25165 25226 I art     : Starting a blocking GC Explicit
08-04 12:45:38.086 25165 25226 I art     : Explicit concurrent mark sweep GC freed 147(8KB) AllocSpace objects, 0(0B) LOS objects, 10% free, 135MB/151MB, paused 832us total 29.948ms
08-04 12:45:38.099 25165 25226 I art     : Starting a blocking GC Explicit
08-04 12:45:38.129 25165 25226 I art     : Explicit concurrent mark sweep GC freed 9(464B) AllocSpace objects, 0(0B) LOS objects, 10% free, 135MB/151MB, paused 746us total 29.470ms
08-04 12:45:38.141 25165 25226 I art     : Starting a blocking GC Explicit
08-04 12:45:38.171 25165 25226 I art     : Explicit concurrent mark sweep GC freed 24(1200B) AllocSpace objects, 0(0B) LOS objects, 10% free, 135MB/151MB, paused 740us total 30.041ms
08-04 12:45:38.184 25165 25226 I art     : Starting a blocking GC Explicit
08-04 12:45:38.214 25165 25226 I art     : Explicit concurrent mark sweep GC freed 7(288B) AllocSpace objects, 0(0B) LOS objects, 10% free, 135MB/151MB, paused 737us total 29.706ms
08-04 12:45:38.235 18870 18870 W Atfwd_Sendcmd: AtCmdFwd service not published, waiting... retryCnt : 4
08-04 12:45:38.288   380   380 W SurfaceFlinger: couldn't log to binary event log: overflow.
08-04 12:45:38.381 13866 13882 I PeriodicStatsRunner: PeriodicStatsRunner.call():175 call()
08-04 12:45:38.381 13866 13882 I PeriodicStatsRunner: PeriodicStatsRunner.call():179 No submit PeriodicStats since input started.
08-04 12:45:38.525 25165 25178 I art     : Starting a blocking GC Explicit
08-04 12:45:38.562 25165 25178 I art     : Explicit concurrent mark sweep GC freed 2226(119KB) AllocSpace objects, 2(36KB) LOS objects, 10% free, 135MB/151MB, paused 1.188ms total 37.087ms
08-04 12:45:38.576 25165 25178 I art     : Starting a blocking GC Explicit
08-04 12:45:38.612 25165 25178 I art     : Explicit concurrent mark sweep GC freed 2527(131KB) AllocSpace objects, 2(120KB) LOS objects, 10% free, 135MB/151MB, paused 957us total 35.810ms
08-04 12:45:38.626 25165 25178 I art     : Starting a blocking GC Explicit
08-04 12:45:38.629 25165 26660 I NAPPA_EXPERIMENTATION: MetricNetworkRequestExecutionTime: REQUEST_DURATION_SYSTEM='674',REQUEST_DURATION_OKHTTP='32',REQUEST_SYNCHRONOUS='FALSE',RESPONSE_CODE='200',RESPONSE_METHOD='GET',RESPONSE_LENGTH_OKHTTP='36',RESPONSE_LENGTH_HEADER='36',REQUEST_PROTOCOL='http/1.1',REQUEST_URL='https://project-travel-mate.herokuapp.com/api/number-of-unread-notifications',
08-04 12:45:38.662 25165 25178 I art     : Explicit concurrent mark sweep GC freed 1050(127KB) AllocSpace objects, 1(80KB) LOS objects, 10% free, 135MB/151MB, paused 914us total 35.893ms
08-04 12:45:38.675 25165 25178 I art     : Starting a blocking GC Explicit
08-04 12:45:38.712 25165 25178 I art     : Explicit concurrent mark sweep GC freed 60(2528B) AllocSpace objects, 0(0B) LOS objects, 10% free, 135MB/151MB, paused 872us total 37.190ms
08-04 12:45:38.726 25165 25178 I art     : Starting a blocking GC Explicit
08-04 12:45:38.764 25165 25178 I art     : Explicit concurrent mark sweep GC freed 90(3KB) AllocSpace objects, 0(0B) LOS objects, 10% free, 135MB/151MB, paused 873us total 37.588ms
08-04 12:45:39.135 25165 25227 I art     : Starting a blocking GC Explicit
08-04 12:45:39.187 25165 25227 I art     : Explicit concurrent mark sweep GC freed 1582(91KB) AllocSpace objects, 2(36KB) LOS objects, 10% free, 135MB/151MB, paused 846us total 51.350ms
08-04 12:45:39.201 25165 25227 I art     : Starting a blocking GC Explicit
08-04 12:45:39.232 25165 25227 I art     : Explicit concurrent mark sweep GC freed 28(1024B) AllocSpace objects, 0(0B) LOS objects, 10% free, 135MB/151MB, paused 809us total 31.390ms
08-04 12:45:39.245 25165 25227 I art     : Starting a blocking GC Explicit
08-04 12:45:39.279 25165 25227 I art     : Explicit concurrent mark sweep GC freed 34(928B) AllocSpace objects, 0(0B) LOS objects, 10% free, 135MB/151MB, paused 870us total 33.927ms
08-04 12:45:39.293 25165 25227 I art     : Starting a blocking GC Explicit
08-04 12:45:39.328 25165 25227 I art     : Explicit concurrent mark sweep GC freed 3(96B) AllocSpace objects, 0(0B) LOS objects, 10% free, 135MB/151MB, paused 872us total 34.556ms
08-04 12:45:39.341 25165 25227 I art     : Starting a blocking GC Explicit
08-04 12:45:39.376 25165 25227 I art     : Explicit concurrent mark sweep GC freed 3(96B) AllocSpace objects, 0(0B) LOS objects, 10% free, 135MB/151MB, paused 935us total 34.996ms
08-04 12:45:39.588 26683 26683 D AndroidRuntime: >>>>>> START com.android.internal.os.RuntimeInit uid 2000 <<<<<<
08-04 12:45:39.595 26683 26683 D AndroidRuntime: CheckJNI is OFF
08-04 12:45:39.633 26683 26683 D ICU     : No timezone override file found: /data/misc/zoneinfo/current/icu/icu_tzdata.dat
08-04 12:45:39.666 26683 26683 I Radio-JNI: register_android_hardware_Radio DONE
08-04 12:45:39.688 26683 26683 D AndroidRuntime: Calling main entry com.android.commands.input.Input
08-04 12:45:39.690 26683 26683 I Input   : injectMotionEvent: MotionEvent { action=ACTION_DOWN, actionButton=0, id[0]=0, x[0]=657.0, y[0]=2037.0, toolType[0]=TOOL_TYPE_UNKNOWN, buttonState=0, metaState=0, flags=0x0, edgeFlags=0x0, pointerCount=1, historySize=0, eventTime=708356102, downTime=708356102, deviceId=0, source=0x1002 }
08-04 12:45:39.694 26683 26683 I Input   : injectMotionEvent: MotionEvent { action=ACTION_UP, actionButton=0, id[0]=0, x[0]=657.0, y[0]=2037.0, toolType[0]=TOOL_TYPE_UNKNOWN, buttonState=0, metaState=0, flags=0x0, edgeFlags=0x0, pointerCount=1, historySize=0, eventTime=708356102, downTime=708356102, deviceId=0, source=0x1002 }
08-04 12:45:39.696 26683 26683 D AndroidRuntime: Shutting down VM
08-04 12:45:39.708   918  4413 I ActivityManager: START u0 {cmp=baseline.io.github.project_travel_mate/.utilities.CompassActivity} from uid 10650 on display 0
08-04 12:45:39.708   512  2967 D audio_hw_primary: out_set_parameters: enter: usecase(1: low-latency-playback) kvpairs: routing=2
08-04 12:45:39.721   512  2967 D audio_hw_primary: select_devices: out_snd_device(2: speaker) in_snd_device(0: none)
08-04 12:45:39.721   512  2967 D msm8974_platform: platform_send_audio_calibration: sending audio calibration for snd_device(2) acdb_id(15)
08-04 12:45:39.721   512  2967 I soundtrigger: audio_extn_sound_trigger_update_device_status: device 0x2 of type 0 for Event 1
08-04 12:45:39.733 25165 25226 I art     : Starting a blocking GC Explicit
08-04 12:45:39.733   512  2967 D audio_hw_primary: enable_snd_device: snd_device(2: speaker)
08-04 12:45:39.736   512  2967 D audio_hw_primary: enable_audio_route: apply and update mixer path: low-latency-playback speaker
08-04 12:45:39.768 25165 25226 I art     : Explicit concurrent mark sweep GC freed 1904(119KB) AllocSpace objects, 2(36KB) LOS objects, 10% free, 135MB/151MB, paused 1.002ms total 34.547ms
08-04 12:45:39.780 25165 25226 I art     : Starting a blocking GC Explicit
08-04 12:45:39.813 25165 25226 I art     : Explicit concurrent mark sweep GC freed 169(21KB) AllocSpace objects, 0(0B) LOS objects, 7% free, 184MB/200MB, paused 917us total 31.920ms
08-04 12:45:39.825 25165 25226 I art     : Starting a blocking GC Explicit
08-04 12:45:39.859 25165 25226 I art     : Explicit concurrent mark sweep GC freed 39(1552B) AllocSpace objects, 0(0B) LOS objects, 7% free, 184MB/200MB, paused 982us total 33.912ms
08-04 12:45:39.872 25165 25226 I art     : Starting a blocking GC Explicit
08-04 12:45:39.904 25165 25226 I art     : Explicit concurrent mark sweep GC freed 3(96B) AllocSpace objects, 0(0B) LOS objects, 7% free, 184MB/200MB, paused 949us total 31.907ms
08-04 12:45:39.917 25165 25226 I art     : Starting a blocking GC Explicit
08-04 12:45:39.949 25165 25226 I art     : Explicit concurrent mark sweep GC freed 3(96B) AllocSpace objects, 0(0B) LOS objects, 7% free, 184MB/200MB, paused 934us total 32.104ms
08-04 12:45:40.153 25165 25165 D CompassActivity: start compass
08-04 12:45:40.166   918  3961 I sensors : batch
08-04 12:45:40.166   918  3961 I sensors : activate
08-04 12:45:40.167   918   928 I sensors : batch
08-04 12:45:40.167   918   928 I sensors : activate
08-04 12:45:40.173   918  3188 I hubconnection: sensorhub said: 'batch 1 flags:0, sampling_rate_Hz:50.00, max_report_latency_us:0'
08-04 12:45:40.174   918  3188 I hubconnection: sensorhub said: 'activate 1 enable:1'
08-04 12:45:40.176   918  3188 I hubconnection: sensorhub said: 'batch 3 flags:0, sampling_rate_Hz:50.00, max_report_latency_us:0'
08-04 12:45:40.177   918  3188 I hubconnection: sensorhub said: 'activate 3 enable:1'
08-04 12:45:40.263 25165 25177 I art     : Starting a blocking GC Explicit
08-04 12:45:40.278   512  2967 D audio_hw_primary: disable_audio_route: reset and update mixer path: low-latency-playback speaker
08-04 12:45:40.279   512  2967 D audio_hw_primary: disable_snd_device: snd_device(2: speaker)
08-04 12:45:40.287   512  2967 I soundtrigger: audio_extn_sound_trigger_update_device_status: device 0x2 of type 0 for Event 0
08-04 12:45:40.295 25165 25177 I art     : Explicit concurrent mark sweep GC freed 1835(103KB) AllocSpace objects, 2(36KB) LOS objects, 7% free, 187MB/203MB, paused 824us total 31.830ms
08-04 12:45:40.309 25165 25177 I art     : Starting a blocking GC Explicit
08-04 12:45:40.329 25165 25165 D CompassActivity: will set rotation from 0.0 to 178.23676
08-04 12:45:40.334   918   936 I ActivityManager: Displayed baseline.io.github.project_travel_mate/.utilities.CompassActivity: +610ms
08-04 12:45:40.334 13866 13866 I GoogleInputMethodServic: GoogleInputMethodService.onFinishInput():3138 
08-04 12:45:40.335 13866 13866 I GoogleInputMethodServic: GoogleInputMethodService.onStartInput():1808 
08-04 12:45:40.346 25165 25177 I art     : Explicit concurrent mark sweep GC freed 78(3KB) AllocSpace objects, 0(0B) LOS objects, 7% free, 187MB/203MB, paused 885us total 36.208ms
08-04 12:45:40.358 25165 25177 I art     : Starting a blocking GC Explicit
08-04 12:45:40.395 25165 25177 I art     : Explicit concurrent mark sweep GC freed 9(1040B) AllocSpace objects, 0(0B) LOS objects, 7% free, 187MB/203MB, paused 1.240ms total 36.672ms
08-04 12:45:40.405 25165 25165 D CompassActivity: will set rotation from 178.23676 to 178.55042
08-04 12:45:40.405 25165 25165 D CompassActivity: will set rotation from 178.55042 to 178.54657
08-04 12:45:40.405 25165 25165 D CompassActivity: will set rotation from 178.54657 to 178.97968
08-04 12:45:40.405 25165 25165 D CompassActivity: will set rotation from 178.97968 to 178.97925
08-04 12:45:40.405 25165 25165 D CompassActivity: will set rotation from 178.97925 to 179.2049
08-04 12:45:40.406 25165 25165 D CompassActivity: will set rotation from 179.2049 to 179.19702
08-04 12:45:40.406 25165 25165 D CompassActivity: will set rotation from 179.19702 to 179.22223
08-04 12:45:40.406 25165 25165 D CompassActivity: will set rotation from 179.22223 to 179.21924
08-04 12:45:40.411 25165 25177 I art     : Starting a blocking GC Explicit
08-04 12:45:40.442 25165 25177 I art     : Explicit concurrent mark sweep GC freed 61(4KB) AllocSpace objects, 0(0B) LOS objects, 7% free, 187MB/203MB, paused 824us total 31.062ms
08-04 12:45:40.457 25165 25177 I art     : Starting a blocking GC Explicit
08-04 12:45:40.494 25165 25177 I art     : Explicit concurrent mark sweep GC freed 110(4KB) AllocSpace objects, 0(0B) LOS objects, 7% free, 187MB/203MB, paused 770us total 36.061ms
08-04 12:45:40.512 25165 25165 D CompassActivity: will set rotation from 179.21924 to 179.23615
08-04 12:45:40.512 25165 25165 D CompassActivity: will set rotation from 179.23615 to 179.2309
08-04 12:45:40.512 25165 25165 D CompassActivity: will set rotation from 179.2309 to 179.71802
08-04 12:45:40.512 25165 25165 D CompassActivity: will set rotation from 179.71802 to 179.72223
08-04 12:45:40.512 25165 25165 D CompassActivity: will set rotation from 179.72223 to 180.00583
08-04 12:45:40.512 25165 25165 D CompassActivity: will set rotation from 180.00583 to 180.00912
08-04 12:45:40.513 25165 25165 D CompassActivity: will set rotation from 180.00912 to 180.04501
08-04 12:45:40.513 25165 25165 D CompassActivity: will set rotation from 180.04501 to 180.04749
08-04 12:45:40.513 25165 25165 D CompassActivity: will set rotation from 180.04749 to 180.46729
08-04 12:45:40.513 25165 25165 D CompassActivity: will set rotation from 180.46729 to 180.46811
08-04 12:45:40.522 25165 25165 D CompassActivity: will set rotation from 180.46811 to 180.76823
08-04 12:45:40.522 25165 25165 D CompassActivity: will set rotation from 180.76823 to 180.7661
08-04 12:45:40.542 25165 25165 D CompassActivity: will set rotation from 180.7661 to 181.05782
08-04 12:45:40.542 25165 25165 D CompassActivity: will set rotation from 181.05782 to 181.05711
08-04 12:45:40.562 25165 25165 D CompassActivity: will set rotation from 181.05711 to 181.2728
08-04 12:45:40.562 25165 25165 D CompassActivity: will set rotation from 181.2728 to 181.27133
08-04 12:45:40.581 25165 25165 D CompassActivity: will set rotation from 181.27133 to 181.49454
08-04 12:45:40.581 25165 25165 D CompassActivity: will set rotation from 181.49454 to 181.49525
08-04 12:45:40.591   380   380 W SurfaceFlinger: couldn't log to binary event log: overflow.
08-04 12:45:40.603 25165 25165 D CompassActivity: will set rotation from 181.49525 to 181.60847
08-04 12:45:40.603 25165 25165 D CompassActivity: will set rotation from 181.60847 to 181.61026
08-04 12:45:40.622 25165 25165 D CompassActivity: will set rotation from 181.61026 to 181.67526
08-04 12:45:40.623 25165 25165 D CompassActivity: will set rotation from 181.67526 to 181.67632
08-04 12:45:40.642 25165 25165 D CompassActivity: will set rotation from 181.67632 to 181.58061
08-04 12:45:40.643 25165 25165 D CompassActivity: will set rotation from 181.58061 to 181.57819
08-04 12:45:40.643   918  3188 I hubconnection: sensorhub said: 'set_bias 3: -9.1200, 0.0000, 0.0000'
08-04 12:45:40.661 25165 25165 D CompassActivity: will set rotation from 181.57819 to 181.2948
08-04 12:45:40.662 25165 25165 D CompassActivity: will set rotation from 181.2948 to 181.29132
08-04 12:45:40.682 25165 25165 D CompassActivity: will set rotation from 181.29132 to 181.04337
08-04 12:45:40.683 25165 25165 D CompassActivity: will set rotation from 181.04337 to 181.03952
08-04 12:45:40.702 25165 25165 D CompassActivity: will set rotation from 181.03952 to 180.87732
08-04 12:45:40.702 25165 25165 D CompassActivity: will set rotation from 180.87732 to 180.8743
08-04 12:45:40.788 25165 25165 D CompassActivity: will set rotation from 180.8743 to 180.76411
08-04 12:45:40.789 25165 25165 D CompassActivity: will set rotation from 180.76411 to 180.76486
08-04 12:45:40.789 25165 25165 D CompassActivity: will set rotation from 180.76486 to 180.54132
08-04 12:45:40.789 25165 25165 D CompassActivity: will set rotation from 180.54132 to 180.54132
08-04 12:45:40.789 25165 25165 D CompassActivity: will set rotation from 180.54132 to 180.30527
08-04 12:45:40.789 25165 25165 D CompassActivity: will set rotation from 180.30527 to 180.3053
08-04 12:45:40.789 25165 25165 D CompassActivity: will set rotation from 180.3053 to 180.08969
08-04 12:45:40.789 25165 25165 D CompassActivity: will set rotation from 180.08969 to 180.08495
08-04 12:45:40.801 25165 25165 D CompassActivity: will set rotation from 180.08495 to 179.82886
08-04 12:45:40.801 25165 25165 D CompassActivity: will set rotation from 179.82886 to 179.82727
08-04 12:45:40.820 25165 25165 D CompassActivity: will set rotation from 179.82727 to 179.59064
08-04 12:45:40.821 25165 25165 D CompassActivity: will set rotation from 179.59064 to 179.59271
08-04 12:45:40.842 25165 25165 D CompassActivity: will set rotation from 179.59271 to 179.46057
08-04 12:45:40.842 25165 25226 I art     : Starting a blocking GC Explicit
08-04 12:45:40.843 25165 25165 D CompassActivity: will set rotation from 179.46057 to 179.46362
08-04 12:45:40.861 25165 25165 D CompassActivity: will set rotation from 179.46362 to 179.26215
08-04 12:45:40.861 25165 25165 D CompassActivity: will set rotation from 179.26215 to 179.26123
08-04 12:45:40.878 25165 25226 I art     : Explicit concurrent mark sweep GC freed 1959(117KB) AllocSpace objects, 2(36KB) LOS objects, 7% free, 187MB/203MB, paused 791us total 35.096ms
08-04 12:45:40.882 25165 25165 D CompassActivity: will set rotation from 179.26123 to 179.12628
08-04 12:45:40.882 25165 25165 D CompassActivity: will set rotation from 179.12628 to 179.12628
08-04 12:45:40.893 25165 25226 I art     : Starting a blocking GC Explicit
08-04 12:45:40.901 25165 25165 D CompassActivity: will set rotation from 179.12628 to 178.99963
08-04 12:45:40.901 25165 25165 D CompassActivity: will set rotation from 178.99963 to 178.99695
08-04 12:45:40.920 25165 25165 D CompassActivity: will set rotation from 178.99695 to 178.85614
08-04 12:45:40.921 25165 25165 D CompassActivity: will set rotation from 178.85614 to 178.85791
08-04 12:45:40.931 25165 25226 I art     : Explicit concurrent mark sweep GC freed 691(28KB) AllocSpace objects, 0(0B) LOS objects, 7% free, 187MB/203MB, paused 768us total 38.472ms
08-04 12:45:40.945 25165 25165 D CompassActivity: will set rotation from 178.85791 to 178.75256
08-04 12:45:40.945 25165 25165 D CompassActivity: will set rotation from 178.75256 to 178.7533
08-04 12:45:40.946 25165 25226 I art     : Starting a blocking GC Explicit
08-04 12:45:40.962 25165 25165 D CompassActivity: will set rotation from 178.7533 to 178.64734
08-04 12:45:40.963 25165 25165 D CompassActivity: will set rotation from 178.64734 to 178.64746
08-04 12:45:40.980 25165 25165 D CompassActivity: will set rotation from 178.64746 to 178.55457
08-04 12:45:40.980 25165 25165 D CompassActivity: will set rotation from 178.55457 to 178.552
08-04 12:45:40.982 25165 25226 I art     : Explicit concurrent mark sweep GC freed 129(6KB) AllocSpace objects, 0(0B) LOS objects, 7% free, 187MB/203MB, paused 760us total 36.055ms
08-04 12:45:40.996 25165 25226 I art     : Starting a blocking GC Explicit
08-04 12:45:41.000 25165 25165 D CompassActivity: will set rotation from 178.552 to 178.46167
08-04 12:45:41.001 25165 25165 D CompassActivity: will set rotation from 178.46167 to 178.46075
08-04 12:45:41.020 25165 25165 D CompassActivity: will set rotation from 178.46075 to 178.39807
08-04 12:45:41.020 25165 25165 D CompassActivity: will set rotation from 178.39807 to 178.4007
08-04 12:45:41.029 25165 25226 I art     : Explicit concurrent mark sweep GC freed 105(4KB) AllocSpace objects, 0(0B) LOS objects, 7% free, 187MB/203MB, paused 763us total 33.335ms
08-04 12:45:41.040 25165 25165 D CompassActivity: will set rotation from 178.4007 to 178.31927
08-04 12:45:41.041 25165 25165 D CompassActivity: will set rotation from 178.31927 to 178.32037
08-04 12:45:41.042 25165 25226 I art     : Starting a blocking GC Explicit
08-04 12:45:41.063 25165 25165 D CompassActivity: will set rotation from 178.32037 to 178.18152
08-04 12:45:41.063 25165 25165 D CompassActivity: will set rotation from 178.18152 to 178.18268
08-04 12:45:41.076 25165 25226 I art     : Explicit concurrent mark sweep GC freed 102(4KB) AllocSpace objects, 0(0B) LOS objects, 7% free, 187MB/203MB, paused 919us total 33.929ms
08-04 12:45:41.080 25165 25165 D CompassActivity: will set rotation from 178.18268 to 178.11365
08-04 12:45:41.080 25165 25165 D CompassActivity: will set rotation from 178.11365 to 178.11365
08-04 12:45:41.100 25165 25165 D CompassActivity: will set rotation from 178.11365 to 178.008
08-04 12:45:41.100 25165 25165 D CompassActivity: will set rotation from 178.008 to 178.00897
08-04 12:45:41.120 25165 25165 D CompassActivity: will set rotation from 178.00897 to 177.95294
08-04 12:45:41.120 25165 25165 D CompassActivity: will set rotation from 177.95294 to 177.9524
08-04 12:45:41.140 25165 25165 D CompassActivity: will set rotation from 177.9524 to 177.91968
08-04 12:45:41.141 25165 25165 D CompassActivity: will set rotation from 177.91968 to 177.9184
08-04 12:45:41.160 25165 25165 D CompassActivity: will set rotation from 177.9184 to 177.82526
08-04 12:45:41.161 25165 25165 D CompassActivity: will set rotation from 177.82526 to 177.82635
08-04 12:45:41.179 25165 25165 D CompassActivity: will set rotation from 177.82635 to 177.75989
08-04 12:45:41.180 25165 25165 D CompassActivity: will set rotation from 177.75989 to 177.76038
08-04 12:45:41.200 25165 25165 D CompassActivity: will set rotation from 177.76038 to 177.6792
08-04 12:45:41.200 25165 25165 D CompassActivity: will set rotation from 177.6792 to 177.6795
08-04 12:45:41.220 25165 25165 D CompassActivity: will set rotation from 177.6795 to 177.62048
08-04 12:45:41.220 25165 25165 D CompassActivity: will set rotation from 177.62048 to 177.6222
08-04 12:45:41.239 25165 25165 D CompassActivity: will set rotation from 177.6222 to 177.62402
08-04 12:45:41.240 25165 25165 D CompassActivity: will set rotation from 177.62402 to 177.62244
08-04 12:45:41.264 25165 25165 D CompassActivity: will set rotation from 177.62244 to 177.60132
08-04 12:45:41.264 25165 25165 D CompassActivity: will set rotation from 177.60132 to 177.60126
08-04 12:45:41.280 25165 25165 D CompassActivity: will set rotation from 177.60126 to 177.58728
08-04 12:45:41.281 25165 25165 D CompassActivity: will set rotation from 177.58728 to 177.58392
08-04 12:45:41.300 25165 25165 D CompassActivity: will set rotation from 177.58392 to 177.56451
08-04 12:45:41.300 25165 25165 D CompassActivity: will set rotation from 177.56451 to 177.56555
08-04 12:45:41.319 25165 25165 D CompassActivity: will set rotation from 177.56555 to 177.50781
08-04 12:45:41.320 25165 25165 D CompassActivity: will set rotation from 177.50781 to 177.51038
08-04 12:45:41.339 25165 25165 D CompassActivity: will set rotation from 177.51038 to 177.44
08-04 12:45:41.340 25165 25165 D CompassActivity: will set rotation from 177.44 to 177.44104
08-04 12:45:41.360 25165 25165 D CompassActivity: will set rotation from 177.44104 to 177.35468
08-04 12:45:41.360 25165 25165 D CompassActivity: will set rotation from 177.35468 to 177.35327
08-04 12:45:41.380 25165 25165 D CompassActivity: will set rotation from 177.35327 to 177.28552
08-04 12:45:41.380 25165 25165 D CompassActivity: will set rotation from 177.28552 to 177.28479
08-04 12:45:41.398 25165 25165 D CompassActivity: will set rotation from 177.28479 to 177.22083
08-04 12:45:41.399 25165 25165 D CompassActivity: will set rotation from 177.22083 to 177.22198
08-04 12:45:41.418 25165 25165 D CompassActivity: will set rotation from 177.22198 to 177.12482
08-04 12:45:41.419 25165 25165 D CompassActivity: will set rotation from 177.12482 to 177.12476
08-04 12:45:41.438 25165 25165 D CompassActivity: will set rotation from 177.12476 to 177.08862
08-04 12:45:41.439 25165 25165 D CompassActivity: will set rotation from 177.08862 to 177.08551
08-04 12:45:41.440 25165 25226 I art     : Starting a blocking GC Explicit
08-04 12:45:41.459 25165 25165 D CompassActivity: will set rotation from 177.08551 to 177.06451
08-04 12:45:41.460 25165 25165 D CompassActivity: will set rotation from 177.06451 to 177.06335
08-04 12:45:41.479 25165 25165 D CompassActivity: will set rotation from 177.06335 to 177.0091
08-04 12:45:41.479 25165 25165 D CompassActivity: will set rotation from 177.0091 to 177.00854
08-04 12:45:41.482 25165 25226 I art     : Explicit concurrent mark sweep GC freed 1966(116KB) AllocSpace objects, 2(36KB) LOS objects, 7% free, 187MB/203MB, paused 789us total 41.092ms
08-04 12:45:41.496 25165 25226 I art     : Starting a blocking GC Explicit
08-04 12:45:41.498 25165 25165 D CompassActivity: will set rotation from 177.00854 to 176.94287
08-04 12:45:41.499 25165 25165 D CompassActivity: will set rotation from 176.94287 to 176.94305
08-04 12:45:41.519 25165 25165 D CompassActivity: will set rotation from 176.94305 to 176.91724
08-04 12:45:41.519 25165 25165 D CompassActivity: will set rotation from 176.91724 to 176.91663
08-04 12:45:41.535 25165 25226 I art     : Explicit concurrent mark sweep GC freed 657(25KB) AllocSpace objects, 0(0B) LOS objects, 7% free, 187MB/203MB, paused 815us total 38.316ms
08-04 12:45:41.539 25165 25165 D CompassActivity: will set rotation from 176.91663 to 176.83466
08-04 12:45:41.540 25165 25165 D CompassActivity: will set rotation from 176.83466 to 176.83356
08-04 12:45:41.550 25165 25226 I art     : Starting a blocking GC Explicit
08-04 12:45:41.561 25165 25165 D CompassActivity: will set rotation from 176.83356 to 176.78937
08-04 12:45:41.563 25165 25165 D CompassActivity: will set rotation from 176.78937 to 176.78845
08-04 12:45:41.580 25165 25165 D CompassActivity: will set rotation from 176.78845 to 176.745
08-04 12:45:41.580 25165 25165 D CompassActivity: will set rotation from 176.745 to 176.74689
08-04 12:45:41.586 25165 25226 I art     : Explicit concurrent mark sweep GC freed 132(6KB) AllocSpace objects, 0(0B) LOS objects, 7% free, 187MB/203MB, paused 820us total 35.564ms
08-04 12:45:41.598 25165 25165 D CompassActivity: will set rotation from 176.74689 to 176.7063
08-04 12:45:41.599 25165 25165 D CompassActivity: will set rotation from 176.7063 to 176.70618
08-04 12:45:41.600 25165 25226 I art     : Starting a blocking GC Explicit
08-04 12:45:41.618 25165 25165 D CompassActivity: will set rotation from 176.70618 to 176.65015
08-04 12:45:41.618 25165 25165 D CompassActivity: will set rotation from 176.65015 to 176.65027
08-04 12:45:41.632 25165 25226 I art     : Explicit concurrent mark sweep GC freed 118(5KB) AllocSpace objects, 0(0B) LOS objects, 7% free, 187MB/203MB, paused 745us total 32.730ms
08-04 12:45:41.638 25165 25165 D CompassActivity: will set rotation from 176.65027 to 176.61719
08-04 12:45:41.639 25165 25165 D CompassActivity: will set rotation from 176.61719 to 176.6153
08-04 12:45:41.646 25165 25226 I art     : Starting a blocking GC Explicit
08-04 12:45:41.660 25165 25165 D CompassActivity: will set rotation from 176.6153 to 176.58478
08-04 12:45:41.660 25165 25165 D CompassActivity: will set rotation from 176.58478 to 176.58405
08-04 12:45:41.680 25165 25226 I art     : Explicit concurrent mark sweep GC freed 95(4KB) AllocSpace objects, 0(0B) LOS objects, 7% free, 187MB/203MB, paused 732us total 33.519ms
08-04 12:45:41.680 25165 25165 D CompassActivity: will set rotation from 176.58405 to 176.54535
08-04 12:45:41.680 25165 25165 D CompassActivity: will set rotation from 176.54535 to 176.54529
08-04 12:45:41.701 25165 25165 D CompassActivity: will set rotation from 176.54529 to 176.5122
08-04 12:45:41.701 25165 25165 D CompassActivity: will set rotation from 176.5122 to 176.51245
08-04 12:45:41.718 25165 25165 D CompassActivity: will set rotation from 176.51245 to 176.45032
08-04 12:45:41.719 25165 25165 D CompassActivity: will set rotation from 176.45032 to 176.4505
08-04 12:45:41.738 25165 25165 D CompassActivity: will set rotation from 176.4505 to 176.456
08-04 12:45:41.739 25165 25165 D CompassActivity: will set rotation from 176.456 to 176.45654
08-04 12:45:41.762 25165 25165 D CompassActivity: will set rotation from 176.45654 to 176.46088
08-04 12:45:41.762 25165 25165 D CompassActivity: will set rotation from 176.46088 to 176.46063
08-04 12:45:41.782 25165 25165 D CompassActivity: will set rotation from 176.46063 to 176.43298
08-04 12:45:41.783 25165 25165 D CompassActivity: will set rotation from 176.43298 to 176.43262
08-04 12:45:41.800 25165 25165 D CompassActivity: will set rotation from 176.43262 to 176.42432
08-04 12:45:41.801 25165 25165 D CompassActivity: will set rotation from 176.42432 to 176.42474
08-04 12:45:41.818 25165 25165 D CompassActivity: will set rotation from 176.42474 to 176.4148
08-04 12:45:41.818 25165 25165 D CompassActivity: will set rotation from 176.4148 to 176.41602
08-04 12:45:41.837 25165 25165 D CompassActivity: will set rotation from 176.41602 to 176.39319
08-04 12:45:41.838 25165 25165 D CompassActivity: will set rotation from 176.39319 to 176.39154
08-04 12:45:41.857 25165 25165 D CompassActivity: will set rotation from 176.39154 to 176.39789
08-04 12:45:41.858 25165 25165 D CompassActivity: will set rotation from 176.39789 to 176.39795
08-04 12:45:41.880 25165 25165 D CompassActivity: will set rotation from 176.39795 to 176.39093
08-04 12:45:41.880 25165 25165 D CompassActivity: will set rotation from 176.39093 to 176.39026
08-04 12:45:41.897 25165 25165 D CompassActivity: will set rotation from 176.39026 to 176.3855
08-04 12:45:41.897 25165 25165 D CompassActivity: will set rotation from 176.3855 to 176.38428
08-04 12:45:41.917 25165 25165 D CompassActivity: will set rotation from 176.38428 to 176.34558
08-04 12:45:41.917 25165 25165 D CompassActivity: will set rotation from 176.34558 to 176.34637
08-04 12:45:41.937 25165 25165 D CompassActivity: will set rotation from 176.34637 to 176.32312
08-04 12:45:41.938 25165 25165 D CompassActivity: will set rotation from 176.32312 to 176.32318
08-04 12:45:41.956 25165 25165 D CompassActivity: will set rotation from 176.32318 to 176.30164
08-04 12:45:41.957 25165 25165 D CompassActivity: will set rotation from 176.30164 to 176.30127
08-04 12:45:41.976 25165 25165 D CompassActivity: will set rotation from 176.30127 to 176.28046
08-04 12:45:41.977 25165 25165 D CompassActivity: will set rotation from 176.28046 to 176.28015
08-04 12:45:41.996 25165 25165 D CompassActivity: will set rotation from 176.28015 to 176.25427
08-04 12:45:41.996 25165 25165 D CompassActivity: will set rotation from 176.25427 to 176.25494
08-04 12:45:42.016 25165 25165 D CompassActivity: will set rotation from 176.25494 to 176.22986
08-04 12:45:42.016 25165 25165 D CompassActivity: will set rotation from 176.22986 to 176.22888
08-04 12:45:42.036 25165 25165 D CompassActivity: will set rotation from 176.22888 to 176.17395
08-04 12:45:42.036 25165 25165 D CompassActivity: will set rotation from 176.17395 to 176.17169
08-04 12:45:42.057 25165 25165 D CompassActivity: will set rotation from 176.17169 to 176.16693
08-04 12:45:42.059 25165 25165 D CompassActivity: will set rotation from 176.16693 to 176.16626
08-04 12:45:42.062 25165 25226 I art     : Starting a blocking GC Explicit
08-04 12:45:42.080 25165 25165 D CompassActivity: will set rotation from 176.16626 to 176.13226
08-04 12:45:42.081 25165 25165 D CompassActivity: will set rotation from 176.13226 to 176.1319
08-04 12:45:42.097 25165 25165 D CompassActivity: will set rotation from 176.1319 to 176.11163
08-04 12:45:42.098 25165 25165 D CompassActivity: will set rotation from 176.11163 to 176.11304
08-04 12:45:42.103 25165 25226 I art     : Explicit concurrent mark sweep GC freed 1960(117KB) AllocSpace objects, 2(36KB) LOS objects, 7% free, 187MB/203MB, paused 879us total 40.902ms
08-04 12:45:42.117 25165 25165 D CompassActivity: will set rotation from 176.11304 to 176.11023
08-04 12:45:42.117 25165 25165 D CompassActivity: will set rotation from 176.11023 to 176.1109
08-04 12:45:42.119 25165 25226 I art     : Starting a blocking GC Explicit
08-04 12:45:42.136 25165 25165 D CompassActivity: will set rotation from 176.1109 to 176.09253
08-04 12:45:42.136 25165 25165 D CompassActivity: will set rotation from 176.09253 to 176.0935
08-04 12:45:42.153 25165 25226 I art     : Explicit concurrent mark sweep GC freed 698(27KB) AllocSpace objects, 0(0B) LOS objects, 7% free, 187MB/203MB, paused 1.009ms total 33.629ms
08-04 12:45:42.156 25165 25165 D CompassActivity: will set rotation from 176.0935 to 176.0476
08-04 12:45:42.156 25165 25165 D CompassActivity: will set rotation from 176.0476 to 176.0459
08-04 12:45:42.167 25165 25226 I art     : Starting a blocking GC Explicit
08-04 12:45:42.180 25165 25165 D CompassActivity: will set rotation from 176.0459 to 176.01001
08-04 12:45:42.180 25165 25165 D CompassActivity: will set rotation from 176.01001 to 176.01111
08-04 12:45:42.197 25165 25165 D CompassActivity: will set rotation from 176.01111 to 175.96399
08-04 12:45:42.198 25165 25165 D CompassActivity: will set rotation from 175.96399 to 175.96423
08-04 12:45:42.200 25165 25226 I art     : Explicit concurrent mark sweep GC freed 103(5KB) AllocSpace objects, 0(0B) LOS objects, 7% free, 187MB/203MB, paused 796us total 33.627ms
08-04 12:45:42.214 25165 25226 I art     : Starting a blocking GC Explicit
08-04 12:45:42.216 25165 25165 D CompassActivity: will set rotation from 175.96423 to 175.94543
08-04 12:45:42.218 25165 25165 D CompassActivity: will set rotation from 175.94543 to 175.94226
08-04 12:45:42.237 25165 25165 D CompassActivity: will set rotation from 175.94226 to 175.9137
08-04 12:45:42.237 25165 25165 D CompassActivity: will set rotation from 175.9137 to 175.9126
08-04 12:45:42.249 25165 25226 I art     : Explicit concurrent mark sweep GC freed 152(6KB) AllocSpace objects, 0(0B) LOS objects, 7% free, 187MB/203MB, paused 790us total 34.261ms
08-04 12:45:42.256 25165 25165 D CompassActivity: will set rotation from 175.9126 to 175.85303
08-04 12:45:42.256 25165 25165 D CompassActivity: will set rotation from 175.85303 to 175.85333
08-04 12:45:42.262 25165 25226 I art     : Starting a blocking GC Explicit
08-04 12:45:42.277 25165 25165 D CompassActivity: will set rotation from 175.85333 to 175.8136
08-04 12:45:42.277 25165 25165 D CompassActivity: will set rotation from 175.8136 to 175.81409
08-04 12:45:42.296 25165 25165 D CompassActivity: will set rotation from 175.81409 to 175.8053
08-04 12:45:42.297 25165 25226 I art     : Explicit concurrent mark sweep GC freed 112(5KB) AllocSpace objects, 0(0B) LOS objects, 7% free, 187MB/203MB, paused 771us total 34.067ms
08-04 12:45:42.297 25165 25165 D CompassActivity: will set rotation from 175.8053 to 175.80615
08-04 12:45:42.319 25165 25165 D CompassActivity: will set rotation from 175.80615 to 175.76666
08-04 12:45:42.320 25165 25165 D CompassActivity: will set rotation from 175.76666 to 175.76605
08-04 12:45:42.334   518   646 I ThermalEngine: ACTION: GPU - Setting GPU[0] to 450000000
08-04 12:45:42.338 25165 25165 D CompassActivity: will set rotation from 175.76605 to 175.74652
08-04 12:45:42.338 25165 25165 D CompassActivity: will set rotation from 175.74652 to 175.7453
08-04 12:45:42.355 25165 25165 D CompassActivity: will set rotation from 175.7453 to 175.71313
08-04 12:45:42.355 25165 25165 D CompassActivity: will set rotation from 175.71313 to 175.71094
08-04 12:45:42.372 26746 26746 D AndroidRuntime: >>>>>> START com.android.internal.os.RuntimeInit uid 2000 <<<<<<
08-04 12:45:42.375 25165 25165 D CompassActivity: will set rotation from 175.71094 to 175.70825
08-04 12:45:42.375 25165 25165 D CompassActivity: will set rotation from 175.70825 to 175.71014
08-04 12:45:42.378 26746 26746 D AndroidRuntime: CheckJNI is OFF
08-04 12:45:42.396 25165 25165 D CompassActivity: will set rotation from 175.71014 to 175.72168
08-04 12:45:42.396 25165 25165 D CompassActivity: will set rotation from 175.72168 to 175.72351
08-04 12:45:42.415 25165 25165 D CompassActivity: will set rotation from 175.72351 to 175.73492
08-04 12:45:42.416 25165 25165 D CompassActivity: will set rotation from 175.73492 to 175.73553
08-04 12:45:42.418 26746 26746 D ICU     : No timezone override file found: /data/misc/zoneinfo/current/icu/icu_tzdata.dat
08-04 12:45:42.433   918  3261 D WifiStateMachine: starting scan for "H369AA63323"WPA_PSK with 2412,5180
08-04 12:45:42.435 25165 25165 D CompassActivity: will set rotation from 175.73553 to 175.71692
08-04 12:45:42.436 25165 25165 D CompassActivity: will set rotation from 175.71692 to 175.71765
08-04 12:45:42.455 25165 25165 D CompassActivity: will set rotation from 175.71765 to 175.71375
08-04 12:45:42.456 25165 25165 D CompassActivity: will set rotation from 175.71375 to 175.71375
08-04 12:45:42.463 26746 26746 I Radio-JNI: register_android_hardware_Radio DONE
08-04 12:45:42.475 25165 25165 D CompassActivity: will set rotation from 175.71375 to 175.73877
08-04 12:45:42.475 25165 25165 D CompassActivity: will set rotation from 175.73877 to 175.73901
08-04 12:45:42.492 26746 26746 D AndroidRuntime: Calling main entry com.android.commands.input.Input
08-04 12:45:42.494 26746 26746 I Input   : injectKeyEvent: KeyEvent { action=ACTION_DOWN, keyCode=KEYCODE_BACK, scanCode=0, metaState=0, flags=0x0, repeatCount=0, eventTime=708358907, downTime=708358907, deviceId=-1, source=0x101 }
08-04 12:45:42.499 25165 25165 D CompassActivity: will set rotation from 175.73901 to 175.7237
08-04 12:45:42.500 25165 25165 D CompassActivity: will set rotation from 175.7237 to 175.72394
08-04 12:45:42.501 26746 26746 I Input   : injectKeyEvent: KeyEvent { action=ACTION_UP, keyCode=KEYCODE_BACK, scanCode=0, metaState=0, flags=0x0, repeatCount=0, eventTime=708358907, downTime=708358907, deviceId=-1, source=0x101 }
08-04 12:45:42.508 26746 26746 D AndroidRuntime: Shutting down VM
08-04 12:45:42.510   918  3696 I sensors : activate
08-04 12:45:42.511   918  3670 I sensors : activate
08-04 12:45:42.516   918  3188 I hubconnection: sensorhub said: 'activate 1 enable:0'
08-04 12:45:42.519   918  3188 I hubconnection: sensorhub said: 'activate 3 enable:0'
08-04 12:45:42.542 25165 25165 V MainActivity: url = https://project-travel-mate.herokuapp.com/api/number-of-unread-notifications
08-04 12:45:42.679 13866 13866 I GoogleInputMethodServic: GoogleInputMethodService.onFinishInput():3138 
08-04 12:45:42.680 13866 13866 I GoogleInputMethodServic: GoogleInputMethodService.onStartInput():1808 
08-04 12:45:42.699 25165 25227 I art     : Starting a blocking GC Explicit
08-04 12:45:42.741 25165 25227 I art     : Explicit concurrent mark sweep GC freed 2277(127KB) AllocSpace objects, 2(36KB) LOS objects, 7% free, 187MB/203MB, paused 1.274ms total 41.562ms
08-04 12:45:42.758 25165 25227 I art     : Starting a blocking GC Explicit
08-04 12:45:42.796 25165 25227 I art     : Explicit concurrent mark sweep GC freed 447(17KB) AllocSpace objects, 0(0B) LOS objects, 7% free, 187MB/203MB, paused 1.046ms total 37.920ms
08-04 12:45:42.812 25165 25227 I art     : Starting a blocking GC Explicit
08-04 12:45:42.851 25165 25227 I art     : Explicit concurrent mark sweep GC freed 7(288B) AllocSpace objects, 0(0B) LOS objects, 7% free, 187MB/203MB, paused 1.001ms total 38.605ms
08-04 12:45:42.868 25165 25227 I art     : Starting a blocking GC Explicit
08-04 12:45:42.907 25165 25227 I art     : Explicit concurrent mark sweep GC freed 6(192B) AllocSpace objects, 0(0B) LOS objects, 7% free, 187MB/203MB, paused 1.132ms total 39.477ms
08-04 12:45:42.924 25165 25227 I art     : Starting a blocking GC Explicit
08-04 12:45:42.959 25165 25165 D CompassActivity: stop compass
08-04 12:45:42.959   380   380 W SurfaceFlinger: couldn't log to binary event log: overflow.
08-04 12:45:42.964 25165 25227 I art     : Explicit concurrent mark sweep GC freed 19(800B) AllocSpace objects, 0(0B) LOS objects, 7% free, 187MB/203MB, paused 1.254ms total 39.570ms
08-04 12:45:42.984 13866 13882 I PeriodicStatsRunner: PeriodicStatsRunner.call():175 call()
08-04 12:45:42.985 13866 13882 I PeriodicStatsRunner: PeriodicStatsRunner.call():179 No submit PeriodicStats since input started.
08-04 12:45:43.235 25165 26769 I NAPPA_EXPERIMENTATION: MetricNetworkRequestExecutionTime: REQUEST_DURATION_SYSTEM='691',REQUEST_DURATION_OKHTTP='30',REQUEST_SYNCHRONOUS='FALSE',RESPONSE_CODE='200',RESPONSE_METHOD='GET',RESPONSE_LENGTH_OKHTTP='36',RESPONSE_LENGTH_HEADER='36',REQUEST_PROTOCOL='http/1.1',REQUEST_URL='https://project-travel-mate.herokuapp.com/api/number-of-unread-notifications',
08-04 12:45:43.339 25165 25177 I art     : Starting a blocking GC Explicit
08-04 12:45:43.387 25165 25177 I art     : Explicit concurrent mark sweep GC freed 4488(244KB) AllocSpace objects, 5(236KB) LOS objects, 7% free, 187MB/203MB, paused 1.091ms total 48.178ms
08-04 12:45:43.404 25165 25177 I art     : Starting a blocking GC Explicit
08-04 12:45:43.468 25165 25177 I art     : Explicit concurrent mark sweep GC freed 2225(198KB) AllocSpace objects, 3(52MB) LOS objects, 10% free, 135MB/151MB, paused 1.091ms total 62.909ms
08-04 12:45:43.486 25165 25177 I art     : Starting a blocking GC Explicit
08-04 12:45:43.531 25165 25177 I art     : Explicit concurrent mark sweep GC freed 3(96B) AllocSpace objects, 0(0B) LOS objects, 10% free, 135MB/151MB, paused 1.088ms total 45.321ms
08-04 12:45:43.549 25165 25177 I art     : Starting a blocking GC Explicit
08-04 12:45:43.594 25165 25177 I art     : Explicit concurrent mark sweep GC freed 14(720B) AllocSpace objects, 0(0B) LOS objects, 10% free, 135MB/151MB, paused 1.032ms total 44.936ms
08-04 12:45:43.611 25165 25177 I art     : Starting a blocking GC Explicit
08-04 12:45:43.659 25165 25177 I art     : Explicit concurrent mark sweep GC freed 14(672B) AllocSpace objects, 0(0B) LOS objects, 10% free, 135MB/151MB, paused 1.335ms total 47.372ms
08-04 12:45:44.037 25165 25226 I art     : Starting a blocking GC Explicit
08-04 12:45:44.094 25165 25226 I art     : Explicit concurrent mark sweep GC freed 1582(91KB) AllocSpace objects, 2(36KB) LOS objects, 10% free, 135MB/151MB, paused 1.320ms total 55.838ms
08-04 12:45:44.112 25165 25226 I art     : Starting a blocking GC Explicit
08-04 12:45:44.161 25165 25226 I art     : Explicit concurrent mark sweep GC freed 28(1024B) AllocSpace objects, 0(0B) LOS objects, 10% free, 135MB/151MB, paused 1.069ms total 48.540ms
08-04 12:45:44.188 25165 25226 I art     : Starting a blocking GC Explicit
08-04 12:45:44.229 25165 25226 I art     : Explicit concurrent mark sweep GC freed 5(160B) AllocSpace objects, 0(0B) LOS objects, 10% free, 135MB/151MB, paused 1.065ms total 41.287ms
08-04 12:45:44.246 25165 25226 I art     : Starting a blocking GC Explicit
08-04 12:45:44.286 25165 25226 I art     : Explicit concurrent mark sweep GC freed 40(1120B) AllocSpace objects, 0(0B) LOS objects, 10% free, 135MB/151MB, paused 1.092ms total 39.949ms
08-04 12:45:44.303 26781 26781 D AndroidRuntime: >>>>>> START com.android.internal.os.RuntimeInit uid 2000 <<<<<<
08-04 12:45:44.303 25165 25226 I art     : Starting a blocking GC Explicit
08-04 12:45:44.309 26781 26781 D AndroidRuntime: CheckJNI is OFF
08-04 12:45:44.343 25165 25226 I art     : Explicit concurrent mark sweep GC freed 8(256B) AllocSpace objects, 0(0B) LOS objects, 10% free, 135MB/151MB, paused 1.153ms total 39.421ms
08-04 12:45:44.351 26781 26781 D ICU     : No timezone override file found: /data/misc/zoneinfo/current/icu/icu_tzdata.dat
08-04 12:45:44.391 26781 26781 I Radio-JNI: register_android_hardware_Radio DONE
08-04 12:45:44.419 26781 26781 D AndroidRuntime: Calling main entry com.android.commands.input.Input
08-04 12:45:44.421 26781 26781 I Input   : injectMotionEvent: MotionEvent { action=ACTION_DOWN, actionButton=0, id[0]=0, x[0]=500.0, y[0]=2000.0, toolType[0]=TOOL_TYPE_UNKNOWN, buttonState=0, metaState=0, flags=0x0, edgeFlags=0x0, pointerCount=1, historySize=0, eventTime=708360833, downTime=708360833, deviceId=0, source=0x1002 }
08-04 12:45:44.427 26781 26781 I Input   : injectMotionEvent: MotionEvent { action=ACTION_MOVE, actionButton=0, id[0]=0, x[0]=500.0, y[0]=2000.0, toolType[0]=TOOL_TYPE_UNKNOWN, buttonState=0, metaState=0, flags=0x0, edgeFlags=0x0, pointerCount=1, historySize=0, eventTime=708360833, downTime=708360833, deviceId=0, source=0x1002 }
08-04 12:45:44.446 26781 26781 I Input   : injectMotionEvent: MotionEvent { action=ACTION_MOVE, actionButton=0, id[0]=0, x[0]=500.0, y[0]=1950.6, toolType[0]=TOOL_TYPE_UNKNOWN, buttonState=0, metaState=0, flags=0x0, edgeFlags=0x0, pointerCount=1, historySize=0, eventTime=708360859, downTime=708360859, deviceId=0, source=0x1002 }
08-04 12:45:44.461 26781 26781 I Input   : injectMotionEvent: MotionEvent { action=ACTION_MOVE, actionButton=0, id[0]=0, x[0]=500.0, y[0]=1920.2, toolType[0]=TOOL_TYPE_UNKNOWN, buttonState=0, metaState=0, flags=0x0, edgeFlags=0x0, pointerCount=1, historySize=0, eventTime=708360875, downTime=708360875, deviceId=0, source=0x1002 }
08-04 12:45:44.489 26781 26781 I Input   : injectMotionEvent: MotionEvent { action=ACTION_MOVE, actionButton=0, id[0]=0, x[0]=500.0, y[0]=1868.9, toolType[0]=TOOL_TYPE_UNKNOWN, buttonState=0, metaState=0, flags=0x0, edgeFlags=0x0, pointerCount=1, historySize=0, eventTime=708360902, downTime=708360902, deviceId=0, source=0x1002 }
08-04 12:45:44.511 26781 26781 I Input   : injectMotionEvent: MotionEvent { action=ACTION_MOVE, actionButton=0, id[0]=0, x[0]=500.0, y[0]=1825.2, toolType[0]=TOOL_TYPE_UNKNOWN, buttonState=0, metaState=0, flags=0x0, edgeFlags=0x0, pointerCount=1, historySize=0, eventTime=708360925, downTime=708360925, deviceId=0, source=0x1002 }
08-04 12:45:44.530 26781 26781 I Input   : injectMotionEvent: MotionEvent { action=ACTION_MOVE, actionButton=0, id[0]=0, x[0]=500.0, y[0]=1792.9, toolType[0]=TOOL_TYPE_UNKNOWN, buttonState=0, metaState=0, flags=0x0, edgeFlags=0x0, pointerCount=1, historySize=0, eventTime=708360942, downTime=708360942, deviceId=0, source=0x1002 }
08-04 12:45:44.545 26781 26781 I Input   : injectMotionEvent: MotionEvent { action=ACTION_MOVE, actionButton=0, id[0]=0, x[0]=500.0, y[0]=1762.5, toolType[0]=TOOL_TYPE_UNKNOWN, buttonState=0, metaState=0, flags=0x0, edgeFlags=0x0, pointerCount=1, historySize=0, eventTime=708360958, downTime=708360958, deviceId=0, source=0x1002 }
08-04 12:45:44.562 26781 26781 I Input   : injectMotionEvent: MotionEvent { action=ACTION_MOVE, actionButton=0, id[0]=0, x[0]=500.0, y[0]=1730.2, toolType[0]=TOOL_TYPE_UNKNOWN, buttonState=0, metaState=0, flags=0x0, edgeFlags=0x0, pointerCount=1, historySize=0, eventTime=708360975, downTime=708360975, deviceId=0, source=0x1002 }
08-04 12:45:44.580 26781 26781 I Input   : injectMotionEvent: MotionEvent { action=ACTION_MOVE, actionButton=0, id[0]=0, x[0]=500.0, y[0]=1696.0, toolType[0]=TOOL_TYPE_UNKNOWN, buttonState=0, metaState=0, flags=0x0, edgeFlags=0x0, pointerCount=1, historySize=0, eventTime=708360993, downTime=708360993, deviceId=0, source=0x1002 }
08-04 12:45:44.595 26781 26781 I Input   : injectMotionEvent: MotionEvent { action=ACTION_MOVE, actionButton=0, id[0]=0, x[0]=500.0, y[0]=1667.5, toolType[0]=TOOL_TYPE_UNKNOWN, buttonState=0, metaState=0, flags=0x0, edgeFlags=0x0, pointerCount=1, historySize=0, eventTime=708361008, downTime=708361008, deviceId=0, source=0x1002 }
08-04 12:45:44.611 26781 26781 I Input   : injectMotionEvent: MotionEvent { action=ACTION_MOVE, actionButton=0, id[0]=0, x[0]=500.0, y[0]=1635.2, toolType[0]=TOOL_TYPE_UNKNOWN, buttonState=0, metaState=0, flags=0x0, edgeFlags=0x0, pointerCount=1, historySize=0, eventTime=708361025, downTime=708361025, deviceId=0, source=0x1002 }
08-04 12:45:44.629 26781 26781 I Input   : injectMotionEvent: MotionEvent { action=ACTION_MOVE, actionButton=0, id[0]=0, x[0]=500.0, y[0]=1602.9, toolType[0]=TOOL_TYPE_UNKNOWN, buttonState=0, metaState=0, flags=0x0, edgeFlags=0x0, pointerCount=1, historySize=0, eventTime=708361042, downTime=708361042, deviceId=0, source=0x1002 }
08-04 12:45:44.646 26781 26781 I Input   : injectMotionEvent: MotionEvent { action=ACTION_MOVE, actionButton=0, id[0]=0, x[0]=500.0, y[0]=1570.6, toolType[0]=TOOL_TYPE_UNKNOWN, buttonState=0, metaState=0, flags=0x0, edgeFlags=0x0, pointerCount=1, historySize=0, eventTime=708361059, downTime=708361059, deviceId=0, source=0x1002 }
08-04 12:45:44.662 26781 26781 I Input   : injectMotionEvent: MotionEvent { action=ACTION_MOVE, actionButton=0, id[0]=0, x[0]=500.0, y[0]=1538.3, toolType[0]=TOOL_TYPE_UNKNOWN, buttonState=0, metaState=0, flags=0x0, edgeFlags=0x0, pointerCount=1, historySize=0, eventTime=708361076, downTime=708361076, deviceId=0, source=0x1002 }
08-04 12:45:44.679 26781 26781 I Input   : injectMotionEvent: MotionEvent { action=ACTION_MOVE, actionButton=0, id[0]=0, x[0]=500.0, y[0]=1507.9, toolType[0]=TOOL_TYPE_UNKNOWN, buttonState=0, metaState=0, flags=0x0, edgeFlags=0x0, pointerCount=1, historySize=0, eventTime=708361092, downTime=708361092, deviceId=0, source=0x1002 }
08-04 12:45:44.696 26781 26781 I Input   : injectMotionEvent: MotionEvent { action=ACTION_MOVE, actionButton=0, id[0]=0, x[0]=500.0, y[0]=1475.6001, toolType[0]=TOOL_TYPE_UNKNOWN, buttonState=0, metaState=0, flags=0x0, edgeFlags=0x0, pointerCount=1, historySize=0, eventTime=708361109, downTime=708361109, deviceId=0, source=0x1002 }
08-04 12:45:44.714 26781 26781 I Input   : injectMotionEvent: MotionEvent { action=ACTION_MOVE, actionButton=0, id[0]=0, x[0]=500.0, y[0]=1439.5, toolType[0]=TOOL_TYPE_UNKNOWN, buttonState=0, metaState=0, flags=0x0, edgeFlags=0x0, pointerCount=1, historySize=0, eventTime=708361128, downTime=708361128, deviceId=0, source=0x1002 }
08-04 12:45:44.727 25165 25178 I art     : Starting a blocking GC Explicit
08-04 12:45:44.731 26781 26781 I Input   : injectMotionEvent: MotionEvent { action=ACTION_MOVE, actionButton=0, id[0]=0, x[0]=500.0, y[0]=1409.1001, toolType[0]=TOOL_TYPE_UNKNOWN, buttonState=0, metaState=0, flags=0x0, edgeFlags=0x0, pointerCount=1, historySize=0, eventTime=708361144, downTime=708361144, deviceId=0, source=0x1002 }
08-04 12:45:44.746 26781 26781 I Input   : injectMotionEvent: MotionEvent { action=ACTION_MOVE, actionButton=0, id[0]=0, x[0]=500.0, y[0]=1380.6, toolType[0]=TOOL_TYPE_UNKNOWN, buttonState=0, metaState=0, flags=0x0, edgeFlags=0x0, pointerCount=1, historySize=0, eventTime=708361159, downTime=708361159, deviceId=0, source=0x1002 }
08-04 12:45:44.762 26781 26781 I Input   : injectMotionEvent: MotionEvent { action=ACTION_MOVE, actionButton=0, id[0]=0, x[0]=500.0, y[0]=1350.2, toolType[0]=TOOL_TYPE_UNKNOWN, buttonState=0, metaState=0, flags=0x0, edgeFlags=0x0, pointerCount=1, historySize=0, eventTime=708361175, downTime=708361175, deviceId=0, source=0x1002 }
08-04 12:45:44.779 26781 26781 I Input   : injectMotionEvent: MotionEvent { action=ACTION_MOVE, actionButton=0, id[0]=0, x[0]=500.0, y[0]=1317.9, toolType[0]=TOOL_TYPE_UNKNOWN, buttonState=0, metaState=0, flags=0x0, edgeFlags=0x0, pointerCount=1, historySize=0, eventTime=708361192, downTime=708361192, deviceId=0, source=0x1002 }
08-04 12:45:44.779 25165 25178 I art     : Explicit concurrent mark sweep GC freed 1668(95KB) AllocSpace objects, 2(36KB) LOS objects, 10% free, 135MB/151MB, paused 1.304ms total 51.904ms
08-04 12:45:44.795 26781 26781 I Input   : injectMotionEvent: MotionEvent { action=ACTION_MOVE, actionButton=0, id[0]=0, x[0]=500.0, y[0]=1287.5, toolType[0]=TOOL_TYPE_UNKNOWN, buttonState=0, metaState=0, flags=0x0, edgeFlags=0x0, pointerCount=1, historySize=0, eventTime=708361208, downTime=708361208, deviceId=0, source=0x1002 }
08-04 12:45:44.799 25165 25178 I art     : Starting a blocking GC Explicit
08-04 12:45:44.811 26781 26781 I Input   : injectMotionEvent: MotionEvent { action=ACTION_MOVE, actionButton=0, id[0]=0, x[0]=500.0, y[0]=1255.2, toolType[0]=TOOL_TYPE_UNKNOWN, buttonState=0, metaState=0, flags=0x0, edgeFlags=0x0, pointerCount=1, historySize=0, eventTime=708361225, downTime=708361225, deviceId=0, source=0x1002 }
08-04 12:45:44.829 26781 26781 I Input   : injectMotionEvent: MotionEvent { action=ACTION_MOVE, actionButton=0, id[0]=0, x[0]=500.0, y[0]=1221.0, toolType[0]=TOOL_TYPE_UNKNOWN, buttonState=0, metaState=0, flags=0x0, edgeFlags=0x0, pointerCount=1, historySize=0, eventTime=708361243, downTime=708361243, deviceId=0, source=0x1002 }
08-04 12:45:44.844 25165 25178 I art     : Explicit concurrent mark sweep GC freed 65(2752B) AllocSpace objects, 0(0B) LOS objects, 10% free, 135MB/151MB, paused 1.124ms total 45.248ms
08-04 12:45:44.845 26781 26781 I Input   : injectMotionEvent: MotionEvent { action=ACTION_MOVE, actionButton=0, id[0]=0, x[0]=500.0, y[0]=1192.5, toolType[0]=TOOL_TYPE_UNKNOWN, buttonState=0, metaState=0, flags=0x0, edgeFlags=0x0, pointerCount=1, historySize=0, eventTime=708361258, downTime=708361258, deviceId=0, source=0x1002 }
08-04 12:45:44.862 25165 25178 I art     : Starting a blocking GC Explicit
08-04 12:45:44.906 25165 25178 I art     : Explicit concurrent mark sweep GC freed 4(128B) AllocSpace objects, 0(0B) LOS objects, 10% free, 135MB/151MB, paused 1.275ms total 43.240ms
08-04 12:45:44.907 26781 26781 I Input   : injectMotionEvent: MotionEvent { action=ACTION_MOVE, actionButton=0, id[0]=0, x[0]=500.0, y[0]=1072.8, toolType[0]=TOOL_TYPE_UNKNOWN, buttonState=0, metaState=0, flags=0x0, edgeFlags=0x0, pointerCount=1, historySize=0, eventTime=708361321, downTime=708361321, deviceId=0, source=0x1002 }
08-04 12:45:44.922 25165 25178 I art     : Starting a blocking GC Explicit
08-04 12:45:44.960 25165 25178 I art     : Explicit concurrent mark sweep GC freed 3(96B) AllocSpace objects, 0(0B) LOS objects, 10% free, 135MB/151MB, paused 1.227ms total 38.304ms
08-04 12:45:44.970 26781 26781 I Input   : injectMotionEvent: MotionEvent { action=ACTION_MOVE, actionButton=0, id[0]=0, x[0]=500.0, y[0]=953.1, toolType[0]=TOOL_TYPE_UNKNOWN, buttonState=0, metaState=0, flags=0x0, edgeFlags=0x0, pointerCount=1, historySize=0, eventTime=708361384, downTime=708361384, deviceId=0, source=0x1002 }
08-04 12:45:44.977 25165 25178 I art     : Starting a blocking GC Explicit
08-04 12:45:45.016 25165 25178 I art     : Explicit concurrent mark sweep GC freed 3(96B) AllocSpace objects, 0(0B) LOS objects, 10% free, 135MB/151MB, paused 1.232ms total 38.502ms
08-04 12:45:45.037 26781 26781 I Input   : injectMotionEvent: MotionEvent { action=ACTION_MOVE, actionButton=0, id[0]=0, x[0]=500.0, y[0]=827.7001, toolType[0]=TOOL_TYPE_UNKNOWN, buttonState=0, metaState=0, flags=0x0, edgeFlags=0x0, pointerCount=1, historySize=0, eventTime=708361450, downTime=708361450, deviceId=0, source=0x1002 }
08-04 12:45:45.102 26781 26781 I Input   : injectMotionEvent: MotionEvent { action=ACTION_MOVE, actionButton=0, id[0]=0, x[0]=500.0, y[0]=704.2001, toolType[0]=TOOL_TYPE_UNKNOWN, buttonState=0, metaState=0, flags=0x0, edgeFlags=0x0, pointerCount=1, historySize=0, eventTime=708361515, downTime=708361515, deviceId=0, source=0x1002 }
08-04 12:45:45.168 26781 26781 I Input   : injectMotionEvent: MotionEvent { action=ACTION_MOVE, actionButton=0, id[0]=0, x[0]=500.0, y[0]=578.7999, toolType[0]=TOOL_TYPE_UNKNOWN, buttonState=0, metaState=0, flags=0x0, edgeFlags=0x0, pointerCount=1, historySize=0, eventTime=708361581, downTime=708361581, deviceId=0, source=0x1002 }
08-04 12:45:45.229 26781 26781 I Input   : injectMotionEvent: MotionEvent { action=ACTION_MOVE, actionButton=0, id[0]=0, x[0]=500.0, y[0]=461.0, toolType[0]=TOOL_TYPE_UNKNOWN, buttonState=0, metaState=0, flags=0x0, edgeFlags=0x0, pointerCount=1, historySize=0, eventTime=708361643, downTime=708361643, deviceId=0, source=0x1002 }
08-04 12:45:45.292 26781 26781 I Input   : injectMotionEvent: MotionEvent { action=ACTION_MOVE, actionButton=0, id[0]=0, x[0]=500.0, y[0]=343.20007, toolType[0]=TOOL_TYPE_UNKNOWN, buttonState=0, metaState=0, flags=0x0, edgeFlags=0x0, pointerCount=1, historySize=0, eventTime=708361705, downTime=708361705, deviceId=0, source=0x1002 }
08-04 12:45:45.336 13866 13882 I PeriodicStatsRunner: PeriodicStatsRunner.call():175 call()
08-04 12:45:45.336 13866 13882 I PeriodicStatsRunner: PeriodicStatsRunner.call():179 No submit PeriodicStats since input started.
08-04 12:45:45.389 25165 25177 I art     : Starting a blocking GC Explicit
08-04 12:45:45.394 26781 26781 I Input   : injectMotionEvent: MotionEvent { action=ACTION_MOVE, actionButton=0, id[0]=0, x[0]=500.0, y[0]=149.40002, toolType[0]=TOOL_TYPE_UNKNOWN, buttonState=0, metaState=0, flags=0x0, edgeFlags=0x0, pointerCount=1, historySize=0, eventTime=708361807, downTime=708361807, deviceId=0, source=0x1002 }
08-04 12:45:45.436 25165 25177 I art     : Explicit concurrent mark sweep GC freed 1622(93KB) AllocSpace objects, 2(36KB) LOS objects, 10% free, 135MB/151MB, paused 1.229ms total 46.459ms
08-04 12:45:45.436 26781 26781 I Input   : injectMotionEvent: MotionEvent { action=ACTION_UP, actionButton=0, id[0]=0, x[0]=500.0, y[0]=100.0, toolType[0]=TOOL_TYPE_UNKNOWN, buttonState=0, metaState=0, flags=0x0, edgeFlags=0x0, pointerCount=1, historySize=0, eventTime=708361849, downTime=708361849, deviceId=0, source=0x1002 }
08-04 12:45:45.452 25165 25177 I art     : Starting a blocking GC Explicit
08-04 12:45:45.475 26781 26781 D AndroidRuntime: Shutting down VM
08-04 12:45:45.492 25165 25177 I art     : Explicit concurrent mark sweep GC freed 32(1152B) AllocSpace objects, 0(0B) LOS objects, 10% free, 135MB/151MB, paused 1.081ms total 39.768ms
08-04 12:45:45.510 25165 25177 I art     : Starting a blocking GC Explicit
08-04 12:45:45.552 25165 25177 I art     : Explicit concurrent mark sweep GC freed 3(96B) AllocSpace objects, 0(0B) LOS objects, 10% free, 135MB/151MB, paused 963us total 42.301ms
08-04 12:45:45.569 25165 25177 I art     : Starting a blocking GC Explicit
08-04 12:45:45.613 25165 25177 I art     : Explicit concurrent mark sweep GC freed 3(96B) AllocSpace objects, 0(0B) LOS objects, 10% free, 135MB/151MB, paused 1.070ms total 43.917ms
08-04 12:45:45.630 25165 25177 I art     : Starting a blocking GC Explicit
08-04 12:45:45.674 25165 25177 I art     : Explicit concurrent mark sweep GC freed 3(96B) AllocSpace objects, 0(0B) LOS objects, 10% free, 135MB/151MB, paused 1.052ms total 43.800ms
08-04 12:45:46.073 25165 25177 I art     : Starting a blocking GC Explicit
08-04 12:45:46.115 25165 25177 I art     : Explicit concurrent mark sweep GC freed 1641(94KB) AllocSpace objects, 2(36KB) LOS objects, 10% free, 135MB/151MB, paused 1.085ms total 41.744ms
08-04 12:45:46.133 25165 25177 I art     : Starting a blocking GC Explicit
08-04 12:45:46.172 25165 25177 I art     : Explicit concurrent mark sweep GC freed 28(1024B) AllocSpace objects, 0(0B) LOS objects, 10% free, 135MB/151MB, paused 1.038ms total 39.082ms
08-04 12:45:46.192 25165 25177 I art     : Starting a blocking GC Explicit
08-04 12:45:46.225 26830 26830 D AndroidRuntime: >>>>>> START com.android.internal.os.RuntimeInit uid 2000 <<<<<<
08-04 12:45:46.232 25165 25177 I art     : Explicit concurrent mark sweep GC freed 3(96B) AllocSpace objects, 0(0B) LOS objects, 10% free, 135MB/151MB, paused 1.031ms total 39.411ms
08-04 12:45:46.232 26830 26830 D AndroidRuntime: CheckJNI is OFF
08-04 12:45:46.248 25165 25177 I art     : Starting a blocking GC Explicit
08-04 12:45:46.273 26830 26830 D ICU     : No timezone override file found: /data/misc/zoneinfo/current/icu/icu_tzdata.dat
08-04 12:45:46.287 25165 25177 I art     : Explicit concurrent mark sweep GC freed 34(928B) AllocSpace objects, 0(0B) LOS objects, 10% free, 135MB/151MB, paused 1.168ms total 38.735ms
08-04 12:45:46.303 25165 25177 I art     : Starting a blocking GC Explicit
08-04 12:45:46.313 26830 26830 I Radio-JNI: register_android_hardware_Radio DONE
08-04 12:45:46.341 26830 26830 D AndroidRuntime: Calling main entry com.android.commands.input.Input
08-04 12:45:46.343 26830 26830 I Input   : injectMotionEvent: MotionEvent { action=ACTION_DOWN, actionButton=0, id[0]=0, x[0]=500.0, y[0]=2000.0, toolType[0]=TOOL_TYPE_UNKNOWN, buttonState=0, metaState=0, flags=0x0, edgeFlags=0x0, pointerCount=1, historySize=0, eventTime=708362756, downTime=708362756, deviceId=0, source=0x1002 }
08-04 12:45:46.344 25165 25177 I art     : Explicit concurrent mark sweep GC freed 3(96B) AllocSpace objects, 0(0B) LOS objects, 10% free, 135MB/151MB, paused 1.105ms total 40.178ms
08-04 12:45:46.348 26830 26830 I Input   : injectMotionEvent: MotionEvent { action=ACTION_MOVE, actionButton=0, id[0]=0, x[0]=500.0, y[0]=2000.0, toolType[0]=TOOL_TYPE_UNKNOWN, buttonState=0, metaState=0, flags=0x0, edgeFlags=0x0, pointerCount=1, historySize=0, eventTime=708362756, downTime=708362756, deviceId=0, source=0x1002 }
08-04 12:45:46.364 26830 26830 I Input   : injectMotionEvent: MotionEvent { action=ACTION_MOVE, actionButton=0, id[0]=0, x[0]=500.0, y[0]=1960.1, toolType[0]=TOOL_TYPE_UNKNOWN, buttonState=0, metaState=0, flags=0x0, edgeFlags=0x0, pointerCount=1, historySize=0, eventTime=708362777, downTime=708362777, deviceId=0, source=0x1002 }
08-04 12:45:46.381 26830 26830 I Input   : injectMotionEvent: MotionEvent { action=ACTION_MOVE, actionButton=0, id[0]=0, x[0]=500.0, y[0]=1925.9, toolType[0]=TOOL_TYPE_UNKNOWN, buttonState=0, metaState=0, flags=0x0, edgeFlags=0x0, pointerCount=1, historySize=0, eventTime=708362795, downTime=708362795, deviceId=0, source=0x1002 }
08-04 12:45:46.398 26830 26830 I Input   : injectMotionEvent: MotionEvent { action=ACTION_MOVE, actionButton=0, id[0]=0, x[0]=500.0, y[0]=1895.5, toolType[0]=TOOL_TYPE_UNKNOWN, buttonState=0, metaState=0, flags=0x0, edgeFlags=0x0, pointerCount=1, historySize=0, eventTime=708362811, downTime=708362811, deviceId=0, source=0x1002 }
08-04 12:45:46.437 26830 26830 I Input   : injectMotionEvent: MotionEvent { action=ACTION_MOVE, actionButton=0, id[0]=0, x[0]=500.0, y[0]=1821.4, toolType[0]=TOOL_TYPE_UNKNOWN, buttonState=0, metaState=0, flags=0x0, edgeFlags=0x0, pointerCount=1, historySize=0, eventTime=708362850, downTime=708362850, deviceId=0, source=0x1002 }
08-04 12:45:46.472 26830 26830 I Input   : injectMotionEvent: MotionEvent { action=ACTION_MOVE, actionButton=0, id[0]=0, x[0]=500.0, y[0]=1753.0, toolType[0]=TOOL_TYPE_UNKNOWN, buttonState=0, metaState=0, flags=0x0, edgeFlags=0x0, pointerCount=1, historySize=0, eventTime=708362886, downTime=708362886, deviceId=0, source=0x1002 }
08-04 12:45:46.510 26830 26830 I Input   : injectMotionEvent: MotionEvent { action=ACTION_MOVE, actionButton=0, id[0]=0, x[0]=500.0, y[0]=1682.7, toolType[0]=TOOL_TYPE_UNKNOWN, buttonState=0, metaState=0, flags=0x0, edgeFlags=0x0, pointerCount=1, historySize=0, eventTime=708362923, downTime=708362923, deviceId=0, source=0x1002 }
08-04 12:45:46.546 26830 26830 I Input   : injectMotionEvent: MotionEvent { action=ACTION_MOVE, actionButton=0, id[0]=0, x[0]=500.0, y[0]=1612.4, toolType[0]=TOOL_TYPE_UNKNOWN, buttonState=0, metaState=0, flags=0x0, edgeFlags=0x0, pointerCount=1, historySize=0, eventTime=708362960, downTime=708362960, deviceId=0, source=0x1002 }
08-04 12:45:46.587 26830 26830 I Input   : injectMotionEvent: MotionEvent { action=ACTION_MOVE, actionButton=0, id[0]=0, x[0]=500.0, y[0]=1536.4, toolType[0]=TOOL_TYPE_UNKNOWN, buttonState=0, metaState=0, flags=0x0, edgeFlags=0x0, pointerCount=1, historySize=0, eventTime=708363000, downTime=708363000, deviceId=0, source=0x1002 }
08-04 12:45:46.626 26830 26830 I Input   : injectMotionEvent: MotionEvent { action=ACTION_MOVE, actionButton=0, id[0]=0, x[0]=500.0, y[0]=1462.3, toolType[0]=TOOL_TYPE_UNKNOWN, buttonState=0, metaState=0, flags=0x0, edgeFlags=0x0, pointerCount=1, historySize=0, eventTime=708363039, downTime=708363039, deviceId=0, source=0x1002 }
08-04 12:45:46.666 26830 26830 I Input   : injectMotionEvent: MotionEvent { action=ACTION_MOVE, actionButton=0, id[0]=0, x[0]=500.0, y[0]=1384.4, toolType[0]=TOOL_TYPE_UNKNOWN, buttonState=0, metaState=0, flags=0x0, edgeFlags=0x0, pointerCount=1, historySize=0, eventTime=708363080, downTime=708363080, deviceId=0, source=0x1002 }
08-04 12:45:46.706 26830 26830 I Input   : injectMotionEvent: MotionEvent { action=ACTION_MOVE, actionButton=0, id[0]=0, x[0]=500.0, y[0]=1310.3, toolType[0]=TOOL_TYPE_UNKNOWN, buttonState=0, metaState=0, flags=0x0, edgeFlags=0x0, pointerCount=1, historySize=0, eventTime=708363119, downTime=708363119, deviceId=0, source=0x1002 }
08-04 12:45:46.718 25165 25227 I art     : Starting a blocking GC Explicit
08-04 12:45:46.745 26830 26830 I Input   : injectMotionEvent: MotionEvent { action=ACTION_MOVE, actionButton=0, id[0]=0, x[0]=500.0, y[0]=1236.2, toolType[0]=TOOL_TYPE_UNKNOWN, buttonState=0, metaState=0, flags=0x0, edgeFlags=0x0, pointerCount=1, historySize=0, eventTime=708363158, downTime=708363158, deviceId=0, source=0x1002 }
08-04 12:45:46.762 25165 25227 I art     : Explicit concurrent mark sweep GC freed 1638(94KB) AllocSpace objects, 2(36KB) LOS objects, 10% free, 135MB/151MB, paused 1.065ms total 44.035ms
08-04 12:45:46.781 25165 25227 I art     : Starting a blocking GC Explicit
08-04 12:45:46.787 26830 26830 I Input   : injectMotionEvent: MotionEvent { action=ACTION_MOVE, actionButton=0, id[0]=0, x[0]=500.0, y[0]=1156.3999, toolType[0]=TOOL_TYPE_UNKNOWN, buttonState=0, metaState=0, flags=0x0, edgeFlags=0x0, pointerCount=1, historySize=0, eventTime=708363200, downTime=708363200, deviceId=0, source=0x1002 }
08-04 12:45:46.823 25165 25227 I art     : Explicit concurrent mark sweep GC freed 40(1632B) AllocSpace objects, 0(0B) LOS objects, 10% free, 135MB/151MB, paused 1.270ms total 41.755ms
08-04 12:45:46.824 26830 26830 I Input   : injectMotionEvent: MotionEvent { action=ACTION_MOVE, actionButton=0, id[0]=0, x[0]=500.0, y[0]=1086.1, toolType[0]=TOOL_TYPE_UNKNOWN, buttonState=0, metaState=0, flags=0x0, edgeFlags=0x0, pointerCount=1, historySize=0, eventTime=708363237, downTime=708363237, deviceId=0, source=0x1002 }
08-04 12:45:46.839 25165 25227 I art     : Starting a blocking GC Explicit
08-04 12:45:46.866 26830 26830 I Input   : injectMotionEvent: MotionEvent { action=ACTION_MOVE, actionButton=0, id[0]=0, x[0]=500.0, y[0]=1006.3, toolType[0]=TOOL_TYPE_UNKNOWN, buttonState=0, metaState=0, flags=0x0, edgeFlags=0x0, pointerCount=1, historySize=0, eventTime=708363279, downTime=708363279, deviceId=0, source=0x1002 }
08-04 12:45:46.881 25165 25227 I art     : Explicit concurrent mark sweep GC freed 7(224B) AllocSpace objects, 0(0B) LOS objects, 10% free, 135MB/151MB, paused 1.037ms total 41.568ms
08-04 12:45:46.899 25165 25227 I art     : Starting a blocking GC Explicit
08-04 12:45:46.905 26830 26830 I Input   : injectMotionEvent: MotionEvent { action=ACTION_MOVE, actionButton=0, id[0]=0, x[0]=500.0, y[0]=932.2001, toolType[0]=TOOL_TYPE_UNKNOWN, buttonState=0, metaState=0, flags=0x0, edgeFlags=0x0, pointerCount=1, historySize=0, eventTime=708363318, downTime=708363318, deviceId=0, source=0x1002 }
08-04 12:45:46.941 25165 25227 I art     : Explicit concurrent mark sweep GC freed 5(160B) AllocSpace objects, 0(0B) LOS objects, 10% free, 135MB/151MB, paused 1.012ms total 41.223ms
08-04 12:45:46.945 26830 26830 I Input   : injectMotionEvent: MotionEvent { action=ACTION_MOVE, actionButton=0, id[0]=0, x[0]=500.0, y[0]=856.19995, toolType[0]=TOOL_TYPE_UNKNOWN, buttonState=0, metaState=0, flags=0x0, edgeFlags=0x0, pointerCount=1, historySize=0, eventTime=708363358, downTime=708363358, deviceId=0, source=0x1002 }
08-04 12:45:46.958 25165 25227 I art     : Starting a blocking GC Explicit
08-04 12:45:46.986 26830 26830 I Input   : injectMotionEvent: MotionEvent { action=ACTION_MOVE, actionButton=0, id[0]=0, x[0]=500.0, y[0]=778.2999, toolType[0]=TOOL_TYPE_UNKNOWN, buttonState=0, metaState=0, flags=0x0, edgeFlags=0x0, pointerCount=1, historySize=0, eventTime=708363399, downTime=708363399, deviceId=0, source=0x1002 }
08-04 12:45:46.998 25165 25227 I art     : Explicit concurrent mark sweep GC freed 7(224B) AllocSpace objects, 0(0B) LOS objects, 10% free, 135MB/151MB, paused 1.079ms total 39.869ms
08-04 12:45:47.026 26830 26830 I Input   : injectMotionEvent: MotionEvent { action=ACTION_MOVE, actionButton=0, id[0]=0, x[0]=500.0, y[0]=702.2999, toolType[0]=TOOL_TYPE_UNKNOWN, buttonState=0, metaState=0, flags=0x0, edgeFlags=0x0, pointerCount=1, historySize=0, eventTime=708363439, downTime=708363439, deviceId=0, source=0x1002 }
08-04 12:45:47.063 26830 26830 I Input   : injectMotionEvent: MotionEvent { action=ACTION_MOVE, actionButton=0, id[0]=0, x[0]=500.0, y[0]=632.0, toolType[0]=TOOL_TYPE_UNKNOWN, buttonState=0, metaState=0, flags=0x0, edgeFlags=0x0, pointerCount=1, historySize=0, eventTime=708363476, downTime=708363476, deviceId=0, source=0x1002 }
08-04 12:45:47.099 26830 26830 I Input   : injectMotionEvent: MotionEvent { action=ACTION_MOVE, actionButton=0, id[0]=0, x[0]=500.0, y[0]=563.6, toolType[0]=TOOL_TYPE_UNKNOWN, buttonState=0, metaState=0, flags=0x0, edgeFlags=0x0, pointerCount=1, historySize=0, eventTime=708363512, downTime=708363512, deviceId=0, source=0x1002 }
08-04 12:45:47.134 26830 26830 I Input   : injectMotionEvent: MotionEvent { action=ACTION_MOVE, actionButton=0, id[0]=0, x[0]=500.0, y[0]=497.09998, toolType[0]=TOOL_TYPE_UNKNOWN, buttonState=0, metaState=0, flags=0x0, edgeFlags=0x0, pointerCount=1, historySize=0, eventTime=708363547, downTime=708363547, deviceId=0, source=0x1002 }
08-04 12:45:47.169 26830 26830 I Input   : injectMotionEvent: MotionEvent { action=ACTION_MOVE, actionButton=0, id[0]=0, x[0]=500.0, y[0]=430.6001, toolType[0]=TOOL_TYPE_UNKNOWN, buttonState=0, metaState=0, flags=0x0, edgeFlags=0x0, pointerCount=1, historySize=0, eventTime=708363582, downTime=708363582, deviceId=0, source=0x1002 }
08-04 12:45:47.205 26830 26830 I Input   : injectMotionEvent: MotionEvent { action=ACTION_MOVE, actionButton=0, id[0]=0, x[0]=500.0, y[0]=362.20007, toolType[0]=TOOL_TYPE_UNKNOWN, buttonState=0, metaState=0, flags=0x0, edgeFlags=0x0, pointerCount=1, historySize=0, eventTime=708363618, downTime=708363618, deviceId=0, source=0x1002 }
08-04 12:45:47.248 26830 26830 I Input   : injectMotionEvent: MotionEvent { action=ACTION_MOVE, actionButton=0, id[0]=0, x[0]=500.0, y[0]=280.5, toolType[0]=TOOL_TYPE_UNKNOWN, buttonState=0, metaState=0, flags=0x0, edgeFlags=0x0, pointerCount=1, historySize=0, eventTime=708363661, downTime=708363661, deviceId=0, source=0x1002 }
08-04 12:45:47.284 26830 26830 I Input   : injectMotionEvent: MotionEvent { action=ACTION_MOVE, actionButton=0, id[0]=0, x[0]=500.0, y[0]=210.20007, toolType[0]=TOOL_TYPE_UNKNOWN, buttonState=0, metaState=0, flags=0x0, edgeFlags=0x0, pointerCount=1, historySize=0, eventTime=708363698, downTime=708363698, deviceId=0, source=0x1002 }
08-04 12:45:47.324 26830 26830 I Input   : injectMotionEvent: MotionEvent { action=ACTION_MOVE, actionButton=0, id[0]=0, x[0]=500.0, y[0]=136.09998, toolType[0]=TOOL_TYPE_UNKNOWN, buttonState=0, metaState=0, flags=0x0, edgeFlags=0x0, pointerCount=1, historySize=0, eventTime=708363737, downTime=708363737, deviceId=0, source=0x1002 }
08-04 12:45:47.364 26830 26830 I Input   : injectMotionEvent: MotionEvent { action=ACTION_UP, actionButton=0, id[0]=0, x[0]=500.0, y[0]=100.0, toolType[0]=TOOL_TYPE_UNKNOWN, buttonState=0, metaState=0, flags=0x0, edgeFlags=0x0, pointerCount=1, historySize=0, eventTime=708363777, downTime=708363777, deviceId=0, source=0x1002 }
08-04 12:45:47.374 25165 25178 I art     : Starting a blocking GC Explicit
08-04 12:45:47.399 26830 26830 D AndroidRuntime: Shutting down VM
08-04 12:45:47.417 25165 25178 I art     : Explicit concurrent mark sweep GC freed 1651(93KB) AllocSpace objects, 2(36KB) LOS objects, 10% free, 135MB/151MB, paused 1.033ms total 42.472ms
08-04 12:45:47.435 25165 25178 I art     : Starting a blocking GC Explicit
08-04 12:45:47.476 25165 25178 I art     : Explicit concurrent mark sweep GC freed 28(1024B) AllocSpace objects, 0(0B) LOS objects, 10% free, 135MB/151MB, paused 1.026ms total 40.830ms
08-04 12:45:47.492 25165 25178 I art     : Starting a blocking GC Explicit
08-04 12:45:47.536 25165 25178 I art     : Explicit concurrent mark sweep GC freed 5(176B) AllocSpace objects, 0(0B) LOS objects, 10% free, 135MB/151MB, paused 1.065ms total 42.763ms
08-04 12:45:47.553 25165 25178 I art     : Starting a blocking GC Explicit
08-04 12:45:47.598 25165 25178 I art     : Explicit concurrent mark sweep GC freed 3(96B) AllocSpace objects, 0(0B) LOS objects, 10% free, 135MB/151MB, paused 1.135ms total 44.781ms
08-04 12:45:47.615 25165 25178 I art     : Starting a blocking GC Explicit
08-04 12:45:47.659 25165 25178 I art     : Explicit concurrent mark sweep GC freed 3(96B) AllocSpace objects, 0(0B) LOS objects, 10% free, 135MB/151MB, paused 1.218ms total 42.778ms
08-04 12:45:47.679 13866 13882 I PeriodicStatsRunner: PeriodicStatsRunner.call():175 call()
08-04 12:45:47.680 13866 13882 I PeriodicStatsRunner: PeriodicStatsRunner.call():179 No submit PeriodicStats since input started.
08-04 12:45:48.046 25165 25226 I art     : Starting a blocking GC Explicit
08-04 12:45:48.101 25165 25226 I art     : Explicit concurrent mark sweep GC freed 1597(92KB) AllocSpace objects, 2(36KB) LOS objects, 10% free, 135MB/151MB, paused 1.138ms total 53.489ms
08-04 12:45:48.118 25165 25226 I art     : Starting a blocking GC Explicit
08-04 12:45:48.162 25165 25226 I art     : Explicit concurrent mark sweep GC freed 36(1472B) AllocSpace objects, 0(0B) LOS objects, 10% free, 135MB/151MB, paused 1.120ms total 43.655ms
08-04 12:45:48.175 26876 26876 D AndroidRuntime: >>>>>> START com.android.internal.os.RuntimeInit uid 2000 <<<<<<
08-04 12:45:48.179 25165 25226 I art     : Starting a blocking GC Explicit
08-04 12:45:48.181 26876 26876 D AndroidRuntime: CheckJNI is OFF
08-04 12:45:48.223 25165 25226 I art     : Explicit concurrent mark sweep GC freed 3(96B) AllocSpace objects, 0(0B) LOS objects, 10% free, 135MB/151MB, paused 1.164ms total 43.145ms
08-04 12:45:48.225 26876 26876 D ICU     : No timezone override file found: /data/misc/zoneinfo/current/icu/icu_tzdata.dat
08-04 12:45:48.240 25165 25226 I art     : Starting a blocking GC Explicit
08-04 12:45:48.267 26876 26876 I Radio-JNI: register_android_hardware_Radio DONE
08-04 12:45:48.284 25165 25226 I art     : Explicit concurrent mark sweep GC freed 34(928B) AllocSpace objects, 0(0B) LOS objects, 10% free, 135MB/151MB, paused 1.088ms total 43.507ms
08-04 12:45:48.297 26876 26876 D AndroidRuntime: Calling main entry com.android.commands.input.Input
08-04 12:45:48.300 26876 26876 I Input   : injectMotionEvent: MotionEvent { action=ACTION_DOWN, actionButton=0, id[0]=0, x[0]=657.0, y[0]=2080.0, toolType[0]=TOOL_TYPE_UNKNOWN, buttonState=0, metaState=0, flags=0x0, edgeFlags=0x0, pointerCount=1, historySize=0, eventTime=708364713, downTime=708364713, deviceId=0, source=0x1002 }
08-04 12:45:48.301 25165 25226 I art     : Starting a blocking GC Explicit
08-04 12:45:48.304 26876 26876 I Input   : injectMotionEvent: MotionEvent { action=ACTION_UP, actionButton=0, id[0]=0, x[0]=657.0, y[0]=2080.0, toolType[0]=TOOL_TYPE_UNKNOWN, buttonState=0, metaState=0, flags=0x0, edgeFlags=0x0, pointerCount=1, historySize=0, eventTime=708364713, downTime=708364713, deviceId=0, source=0x1002 }
08-04 12:45:48.306 26876 26876 D AndroidRuntime: Shutting down VM
08-04 12:45:48.307   918  6110 I ActivityManager: START u0 {cmp=baseline.io.github.project_travel_mate/.utilities.UpcomingWeekendsActivity} from uid 10650 on display 0
08-04 12:45:48.308   512  2967 D audio_hw_primary: out_set_parameters: enter: usecase(1: low-latency-playback) kvpairs: routing=2
08-04 12:45:48.321   512  2967 D audio_hw_primary: select_devices: out_snd_device(2: speaker) in_snd_device(0: none)
08-04 12:45:48.321   512  2967 D msm8974_platform: platform_send_audio_calibration: sending audio calibration for snd_device(2) acdb_id(15)
08-04 12:45:48.321   512  2967 I soundtrigger: audio_extn_sound_trigger_update_device_status: device 0x2 of type 0 for Event 1
08-04 12:45:48.332   512  2967 D audio_hw_primary: enable_snd_device: snd_device(2: speaker)
08-04 12:45:48.334   512  2967 D audio_hw_primary: enable_audio_route: apply and update mixer path: low-latency-playback speaker
08-04 12:45:48.339 25165 25247 D Gabe    : call	returning from cache
08-04 12:45:48.344 25165 25165 V EXECUTING: https://project-travel-mate.herokuapp.com/api/get-upcoming-holidays/2020
08-04 12:45:48.344 25165 25226 I art     : Explicit concurrent mark sweep GC freed 361(42KB) AllocSpace objects, 0(0B) LOS objects, 10% free, 135MB/151MB, paused 1.740ms total 42.758ms
08-04 12:45:48.347 25165 25165 V EXECUTING: https://project-travel-mate.herokuapp.com/api/get-upcoming-holidays/2020
08-04 12:45:48.429 13866 13866 I GoogleInputMethodServic: GoogleInputMethodService.onFinishInput():3138 
08-04 12:45:48.430 13866 13866 I GoogleInputMethodServic: GoogleInputMethodService.onStartInput():1808 
08-04 12:45:48.533   918   936 I ActivityManager: Displayed baseline.io.github.project_travel_mate/.utilities.UpcomingWeekendsActivity: +216ms
08-04 12:45:48.715 25165 25178 I art     : Starting a blocking GC Explicit
08-04 12:45:48.765 25165 25178 I art     : Explicit concurrent mark sweep GC freed 3394(205KB) AllocSpace objects, 2(36KB) LOS objects, 10% free, 139MB/155MB, paused 1.321ms total 49.249ms
08-04 12:45:48.783   380   380 W SurfaceFlinger: couldn't log to binary event log: overflow.
08-04 12:45:48.787 25165 25178 I art     : Starting a blocking GC Explicit
08-04 12:45:48.830 25165 25178 I art     : Explicit concurrent mark sweep GC freed 238(7KB) AllocSpace objects, 0(0B) LOS objects, 10% free, 139MB/155MB, paused 1.208ms total 41.858ms
08-04 12:45:48.846 25165 25178 I art     : Starting a blocking GC Explicit
08-04 12:45:48.869   512  2967 D audio_hw_primary: disable_audio_route: reset and update mixer path: low-latency-playback speaker
08-04 12:45:48.869   512  2967 D audio_hw_primary: disable_snd_device: snd_device(2: speaker)
08-04 12:45:48.877   512  2967 I soundtrigger: audio_extn_sound_trigger_update_device_status: device 0x2 of type 0 for Event 0
08-04 12:45:48.890 25165 25178 I art     : Explicit concurrent mark sweep GC freed 99(1696B) AllocSpace objects, 0(0B) LOS objects, 10% free, 139MB/155MB, paused 1.125ms total 44.380ms
08-04 12:45:48.909 25165 25178 I art     : Starting a blocking GC Explicit
08-04 12:45:48.954 25165 25178 I art     : Explicit concurrent mark sweep GC freed 5177(264KB) AllocSpace objects, 5(360KB) LOS objects, 10% free, 140MB/156MB, paused 1.772ms total 44.720ms
08-04 12:45:48.971 25165 25178 I art     : Starting a blocking GC Explicit
08-04 12:45:48.978 25165 26900 I NAPPA_EXPERIMENTATION: MetricNetworkRequestExecutionTime: REQUEST_DURATION_SYSTEM='630',REQUEST_DURATION_OKHTTP='33',REQUEST_SYNCHRONOUS='FALSE',RESPONSE_CODE='200',RESPONSE_METHOD='GET',RESPONSE_LENGTH_OKHTTP='6426',RESPONSE_LENGTH_HEADER='6426',REQUEST_PROTOCOL='http/1.1',REQUEST_URL='https://project-travel-mate.herokuapp.com/api/get-upcoming-holidays/2020',
08-04 12:45:48.999 25165 26899 I NAPPA_EXPERIMENTATION: MetricNetworkRequestExecutionTime: REQUEST_DURATION_SYSTEM='653',REQUEST_DURATION_OKHTTP='50',REQUEST_SYNCHRONOUS='FALSE',RESPONSE_CODE='200',RESPONSE_METHOD='GET',RESPONSE_LENGTH_OKHTTP='6426',RESPONSE_LENGTH_HEADER='6426',REQUEST_PROTOCOL='http/1.1',REQUEST_URL='https://project-travel-mate.herokuapp.com/api/get-upcoming-holidays/2020',
08-04 12:45:49.013 25165 25178 I art     : Explicit concurrent mark sweep GC freed 2262(257KB) AllocSpace objects, 3(72KB) LOS objects, 10% free, 140MB/156MB, paused 1.392ms total 42.201ms
08-04 12:45:49.089 25165 25165 V Response: [{"month":"January","date":1,"day":"Wednesday","name":"New Year's Day","type":"Restricted"},{"month":"January","date":2,"day":"Thursday","name":"Guru Govind Singh Jayanti","type":"Restricted"},{"month":"January","date":14,"day":"Tuesday","name":"Lohri","type":"Restricted"},{"month":"January","date":15,"day":"Wednesday","name":"Pongal","type":"Restricted"},{"month":"January","date":15,"day":"Wednesday","name":"Makar Sankranti","type":"Restricted"},{"month":"January","date":25,"day":"Saturday","name":"Chinese New Year","type":"Observance"},{"month":"January","date":26,"day":"Sunday","name":"Republic Day","type":"Gazetted"},{"month":"January","date":30,"day":"Thursday","name":"Vasant Panchami","type":"Restricted"},{"month":"February","date":9,"day":"Sunday","name":"Guru Ravidas Jayanti","type":"Restricted"},{"month":"February","date":14,"day":"Friday","name":"Valentine's Day","type":"Observance"},{"month":"February","date":18,"day":"Tuesday","name":"Maharishi Dayanand Saraswati Jayanti","type":"Restricted"},{"month":"February","date":19,"day":"Wednesday","name":"Shivaji Jayanti","type":"Restricted"},{"month":"February","date":21,"day":"Friday","name":"Maha Shivaratri/Shivaratri","type":"Gazetted"},{"month":"March","date":9,"day":"Monday","name":"Holika Dahana","type":"Restricted"},{"month":"March","date":9,"day":"Monday","name":"Hazarat Ali's Birthday","type":"Restricted"},{"month":"March","date":10,"day":"Tuesday","name":"Holi","type":"Gazetted"},{"month":"March","date":20,"day":"Friday","name":"March Equinox","type":"Season"},{"month":"March","date":25,"day":"Wednesday","name":"Chaitra Sukhladi","type":"Restricted"},{"month":"April","date":2,"day":"Thursday","name":"Rama Navami","type":"Gazetted"},{"month":"April","date":6,"day":"Monday","name":"Mahavir Jayanti","type":"Gazetted"},{"month":"April","date":9,"day":"Thursday","name":"First day of Passover","type":"Observance"},{"month":"April","date":9,"day":"Thursday","name":"Maundy Thursday","type":"Observance,"},{"month":"April","date":10,"day":"Friday","name":"Good Friday","type":"Gazetted"},{"month":"April","date":12,"day":"Sunday","name":"Easter Day","type":"Restricted"},{"month":"April","date":13,"day":"Monday","name":"Vaisakhi","type":"Restricted"},{"month":"April","date":14,"day":"Tuesday","name":"Mesadi/Vaisakhadi","type":"Restricted"},{"month":"April","date":14,"day":"Tuesday","name":"Ambedkar Jayanti","type":"Central"},{"month":"May","date":1,"day":"Friday","name":"May Day","type":"Observance"},{"month":"May","date":7,"day":"Thursday","name":"Buddha Purnima/Vesak","type":"Gazetted"},{"month":"May","date":7,"day":"Thursday","name":"Birthday of Ravindranath","type":"Restricted"},{"month":"May","date":10,"day":"Sunday","name":"Mother's Day","type":"Observance"},{"month":"May","date":22,"day":"Friday","name":"Jamat Ul-Vida","type":"Restricted"},{"month":"May","date":25,"day":"Monday","name":"Ramzan Id/Eid-ul-Fitar","type":"Gazetted"},{"month":"May","date":25,"day":"Monday","name":"Ramzan Id/Eid-ul-Fitar","type":"Muslim,"},{"month":"June","date":21,"day":"Sunday","name":"June Solstice","type":"Season"},{"month":"June","date":21,"day":"Sunday","name":"Father's Day","type":"Observance"},{"month":"June","date":23,"day":"Tuesday","name":"Rath Yatra","type":"Restricted"},{"month":"July","date":5,"day":"Sunday","name":"Guru Purnima","type":"Observance"},{"month":"July","date":31,"day":"Friday","name":"Bakr Id/Eid ul-Adha","type":"Gazetted"},{"month":"August","date":2,"day":"Sunday","name":"Friendship Day","type":"Observance"},{"month":"August","date":3,"day":"Monday","name":"Raksha Bandhan (Rakhi)","type":"Restricted"},{"month":"August","date":11,"day":"Tuesday","name":"Janmashtami (Smarta)","type":"Restricted"},{"month":"August","date":12,"day":"Wednesday","name":"Janmashtami","type":"Gazetted"},{"month":"August","date":15,"day":"Saturday","name":"Independence Day","type":"Gazetted"},{"month":"August","date":16,"day":"Sunday","name":"Parsi New Year","type":"Restricted"},{"month":"August","date":22,"day":"Saturday","name":"Ganesh Chaturthi/Vin
08-04 12:45:49.094 25165 25165 V Response: [{"month":"January","date":1,"day":"Wednesday","name":"New Year's Day","type":"Restricted"},{"month":"January","date":2,"day":"Thursday","name":"Guru Govind Singh Jayanti","type":"Restricted"},{"month":"January","date":14,"day":"Tuesday","name":"Lohri","type":"Restricted"},{"month":"January","date":15,"day":"Wednesday","name":"Pongal","type":"Restricted"},{"month":"January","date":15,"day":"Wednesday","name":"Makar Sankranti","type":"Restricted"},{"month":"January","date":25,"day":"Saturday","name":"Chinese New Year","type":"Observance"},{"month":"January","date":26,"day":"Sunday","name":"Republic Day","type":"Gazetted"},{"month":"January","date":30,"day":"Thursday","name":"Vasant Panchami","type":"Restricted"},{"month":"February","date":9,"day":"Sunday","name":"Guru Ravidas Jayanti","type":"Restricted"},{"month":"February","date":14,"day":"Friday","name":"Valentine's Day","type":"Observance"},{"month":"February","date":18,"day":"Tuesday","name":"Maharishi Dayanand Saraswati Jayanti","type":"Restricted"},{"month":"February","date":19,"day":"Wednesday","name":"Shivaji Jayanti","type":"Restricted"},{"month":"February","date":21,"day":"Friday","name":"Maha Shivaratri/Shivaratri","type":"Gazetted"},{"month":"March","date":9,"day":"Monday","name":"Holika Dahana","type":"Restricted"},{"month":"March","date":9,"day":"Monday","name":"Hazarat Ali's Birthday","type":"Restricted"},{"month":"March","date":10,"day":"Tuesday","name":"Holi","type":"Gazetted"},{"month":"March","date":20,"day":"Friday","name":"March Equinox","type":"Season"},{"month":"March","date":25,"day":"Wednesday","name":"Chaitra Sukhladi","type":"Restricted"},{"month":"April","date":2,"day":"Thursday","name":"Rama Navami","type":"Gazetted"},{"month":"April","date":6,"day":"Monday","name":"Mahavir Jayanti","type":"Gazetted"},{"month":"April","date":9,"day":"Thursday","name":"First day of Passover","type":"Observance"},{"month":"April","date":9,"day":"Thursday","name":"Maundy Thursday","type":"Observance,"},{"month":"April","date":10,"day":"Friday","name":"Good Friday","type":"Gazetted"},{"month":"April","date":12,"day":"Sunday","name":"Easter Day","type":"Restricted"},{"month":"April","date":13,"day":"Monday","name":"Vaisakhi","type":"Restricted"},{"month":"April","date":14,"day":"Tuesday","name":"Mesadi/Vaisakhadi","type":"Restricted"},{"month":"April","date":14,"day":"Tuesday","name":"Ambedkar Jayanti","type":"Central"},{"month":"May","date":1,"day":"Friday","name":"May Day","type":"Observance"},{"month":"May","date":7,"day":"Thursday","name":"Buddha Purnima/Vesak","type":"Gazetted"},{"month":"May","date":7,"day":"Thursday","name":"Birthday of Ravindranath","type":"Restricted"},{"month":"May","date":10,"day":"Sunday","name":"Mother's Day","type":"Observance"},{"month":"May","date":22,"day":"Friday","name":"Jamat Ul-Vida","type":"Restricted"},{"month":"May","date":25,"day":"Monday","name":"Ramzan Id/Eid-ul-Fitar","type":"Gazetted"},{"month":"May","date":25,"day":"Monday","name":"Ramzan Id/Eid-ul-Fitar","type":"Muslim,"},{"month":"June","date":21,"day":"Sunday","name":"June Solstice","type":"Season"},{"month":"June","date":21,"day":"Sunday","name":"Father's Day","type":"Observance"},{"month":"June","date":23,"day":"Tuesday","name":"Rath Yatra","type":"Restricted"},{"month":"July","date":5,"day":"Sunday","name":"Guru Purnima","type":"Observance"},{"month":"July","date":31,"day":"Friday","name":"Bakr Id/Eid ul-Adha","type":"Gazetted"},{"month":"August","date":2,"day":"Sunday","name":"Friendship Day","type":"Observance"},{"month":"August","date":3,"day":"Monday","name":"Raksha Bandhan (Rakhi)","type":"Restricted"},{"month":"August","date":11,"day":"Tuesday","name":"Janmashtami (Smarta)","type":"Restricted"},{"month":"August","date":12,"day":"Wednesday","name":"Janmashtami","type":"Gazetted"},{"month":"August","date":15,"day":"Saturday","name":"Independence Day","type":"Gazetted"},{"month":"August","date":16,"day":"Sunday","name":"Parsi New Year","type":"Restricted"},{"month":"August","date":22,"day":"Saturday","name":"Ganesh Chaturthi/Vin
08-04 12:45:49.386 25165 25178 I art     : Starting a blocking GC Explicit
08-04 12:45:49.441 25165 25178 I art     : Explicit concurrent mark sweep GC freed 11383(476KB) AllocSpace objects, 4(4MB) LOS objects, 10% free, 136MB/152MB, paused 1.363ms total 53.936ms
08-04 12:45:49.459 25165 25178 I art     : Starting a blocking GC Explicit
08-04 12:45:49.507 25165 25178 I art     : Explicit concurrent mark sweep GC freed 389(13KB) AllocSpace objects, 0(0B) LOS objects, 10% free, 136MB/152MB, paused 1.249ms total 48.255ms
08-04 12:45:49.525 25165 25178 I art     : Starting a blocking GC Explicit
08-04 12:45:49.575 25165 25178 I art     : Explicit concurrent mark sweep GC freed 99(1696B) AllocSpace objects, 0(0B) LOS objects, 10% free, 136MB/152MB, paused 1.124ms total 49.343ms
08-04 12:45:49.593 25165 25178 I art     : Starting a blocking GC Explicit
08-04 12:45:49.642 25165 25178 I art     : Explicit concurrent mark sweep GC freed 111(2352B) AllocSpace objects, 0(0B) LOS objects, 10% free, 136MB/152MB, paused 1.052ms total 48.465ms
08-04 12:45:49.660 25165 25178 I art     : Starting a blocking GC Explicit
08-04 12:45:49.709 25165 25178 I art     : Explicit concurrent mark sweep GC freed 117(2656B) AllocSpace objects, 0(0B) LOS objects, 10% free, 136MB/152MB, paused 1.159ms total 48.776ms
08-04 12:45:50.095 25165 25226 I art     : Starting a blocking GC Explicit
08-04 12:45:50.148 25165 25226 I art     : Explicit concurrent mark sweep GC freed 2207(102KB) AllocSpace objects, 2(36KB) LOS objects, 10% free, 136MB/152MB, paused 1.155ms total 51.975ms
08-04 12:45:50.166 25165 25226 I art     : Starting a blocking GC Explicit
08-04 12:45:50.219 25165 25226 I art     : Explicit concurrent mark sweep GC freed 124(2624B) AllocSpace objects, 0(0B) LOS objects, 10% free, 136MB/152MB, paused 1.229ms total 52.886ms
08-04 12:45:50.237 25165 25226 I art     : Starting a blocking GC Explicit
08-04 12:45:50.291 25165 25226 I art     : Explicit concurrent mark sweep GC freed 152(2864B) AllocSpace objects, 0(0B) LOS objects, 10% free, 136MB/152MB, paused 1.122ms total 52.832ms
08-04 12:45:50.309 25165 25226 I art     : Starting a blocking GC Explicit
08-04 12:45:50.362 25165 25226 I art     : Explicit concurrent mark sweep GC freed 101(1760B) AllocSpace objects, 0(0B) LOS objects, 10% free, 136MB/152MB, paused 1.081ms total 52.819ms
08-04 12:45:50.381 25165 25226 I art     : Starting a blocking GC Explicit
08-04 12:45:50.433 25165 25226 I art     : Explicit concurrent mark sweep GC freed 99(1696B) AllocSpace objects, 0(0B) LOS objects, 10% free, 136MB/152MB, paused 1.179ms total 51.843ms
08-04 12:45:50.844 25165 25227 I art     : Starting a blocking GC Explicit
08-04 12:45:50.897 25165 25227 I art     : Explicit concurrent mark sweep GC freed 2266(103KB) AllocSpace objects, 2(36KB) LOS objects, 10% free, 136MB/152MB, paused 1.161ms total 51.818ms
08-04 12:45:50.915 25165 25227 I art     : Starting a blocking GC Explicit
08-04 12:45:50.968 25165 25227 I art     : Explicit concurrent mark sweep GC freed 134(3KB) AllocSpace objects, 0(0B) LOS objects, 10% free, 136MB/152MB, paused 1.260ms total 52.576ms
08-04 12:45:50.990 25165 25227 I art     : Starting a blocking GC Explicit
08-04 12:45:51.039 25165 25227 I art     : Explicit concurrent mark sweep GC freed 107(1824B) AllocSpace objects, 0(0B) LOS objects, 10% free, 136MB/152MB, paused 1.257ms total 48.916ms
08-04 12:45:51.057 25165 25227 I art     : Starting a blocking GC Explicit
08-04 12:45:51.108 25165 25227 I art     : Explicit concurrent mark sweep GC freed 114(1936B) AllocSpace objects, 0(0B) LOS objects, 10% free, 136MB/152MB, paused 1.302ms total 50.547ms
08-04 12:45:51.126 25165 25227 I art     : Starting a blocking GC Explicit
08-04 12:45:51.178 25165 25227 I art     : Explicit concurrent mark sweep GC freed 100(1728B) AllocSpace objects, 0(0B) LOS objects, 10% free, 136MB/152MB, paused 1.176ms total 51.559ms
08-04 12:45:51.179 25165 25175 I art     : WaitForGcToComplete blocked for 49.806ms for cause HeapTrim
08-04 12:45:51.605 25165 25177 I art     : Starting a blocking GC Explicit
08-04 12:45:51.659 25165 25177 I art     : Explicit concurrent mark sweep GC freed 2308(104KB) AllocSpace objects, 2(36KB) LOS objects, 10% free, 136MB/152MB, paused 1.362ms total 53.824ms
08-04 12:45:51.677 25165 25177 I art     : Starting a blocking GC Explicit
08-04 12:45:51.730 25165 25177 I art     : Explicit concurrent mark sweep GC freed 126(2688B) AllocSpace objects, 0(0B) LOS objects, 10% free, 136MB/152MB, paused 1.116ms total 52.106ms
08-04 12:45:51.748 25165 25177 I art     : Starting a blocking GC Explicit
08-04 12:45:51.800 25165 25177 I art     : Explicit concurrent mark sweep GC freed 99(1696B) AllocSpace objects, 0(0B) LOS objects, 10% free, 136MB/152MB, paused 1.113ms total 52.297ms
08-04 12:45:51.822 25165 25177 I art     : Starting a blocking GC Explicit
08-04 12:45:51.872 25165 25177 I art     : Explicit concurrent mark sweep GC freed 103(1760B) AllocSpace objects, 0(0B) LOS objects, 10% free, 136MB/152MB, paused 1.267ms total 49.941ms
08-04 12:45:51.890 25165 25177 I art     : Starting a blocking GC Explicit
08-04 12:45:51.944 25165 25177 I art     : Explicit concurrent mark sweep GC freed 119(2032B) AllocSpace objects, 0(0B) LOS objects, 10% free, 136MB/152MB, paused 1.134ms total 53.561ms
08-04 12:45:52.364 25165 25178 I art     : Starting a blocking GC Explicit
08-04 12:45:52.420 25165 25178 I art     : Explicit concurrent mark sweep GC freed 2285(103KB) AllocSpace objects, 2(36KB) LOS objects, 10% free, 136MB/152MB, paused 1.214ms total 55.006ms
08-04 12:45:52.440 25165 25178 I art     : Starting a blocking GC Explicit
08-04 12:45:52.491 25165 25178 I art     : Explicit concurrent mark sweep GC freed 132(2752B) AllocSpace objects, 0(0B) LOS objects, 10% free, 136MB/152MB, paused 1.304ms total 51.167ms
08-04 12:45:52.510 25165 25178 I art     : Starting a blocking GC Explicit
08-04 12:45:52.560 25165 25178 I art     : Explicit concurrent mark sweep GC freed 114(1936B) AllocSpace objects, 0(0B) LOS objects, 10% free, 136MB/152MB, paused 1.164ms total 50.477ms
08-04 12:45:52.579 25165 25178 I art     : Starting a blocking GC Explicit
08-04 12:45:52.624 25165 25178 I art     : Explicit concurrent mark sweep GC freed 111(2352B) AllocSpace objects, 0(0B) LOS objects, 10% free, 136MB/152MB, paused 1.125ms total 44.627ms
08-04 12:45:52.641 25165 25178 I art     : Starting a blocking GC Explicit
08-04 12:45:52.688 25165 25178 I art     : Explicit concurrent mark sweep GC freed 86(1872B) AllocSpace objects, 0(0B) LOS objects, 10% free, 136MB/152MB, paused 1.287ms total 46.321ms
08-04 12:45:53.100 26966 26966 D AndroidRuntime: >>>>>> START com.android.internal.os.RuntimeInit uid 2000 <<<<<<
08-04 12:45:53.106 26966 26966 D AndroidRuntime: CheckJNI is OFF
08-04 12:45:53.115 25165 25226 I art     : Starting a blocking GC Explicit
08-04 12:45:53.151 26966 26966 D ICU     : No timezone override file found: /data/misc/zoneinfo/current/icu/icu_tzdata.dat
08-04 12:45:53.166 25165 25226 I art     : Explicit concurrent mark sweep GC freed 2278(103KB) AllocSpace objects, 2(36KB) LOS objects, 10% free, 136MB/152MB, paused 1.281ms total 50.491ms
08-04 12:45:53.184 25165 25226 I art     : Starting a blocking GC Explicit
08-04 12:45:53.199 26966 26966 I Radio-JNI: register_android_hardware_Radio DONE
08-04 12:45:53.229 26966 26966 D AndroidRuntime: Calling main entry com.android.commands.input.Input
08-04 12:45:53.231 26966 26966 I Input   : injectKeyEvent: KeyEvent { action=ACTION_DOWN, keyCode=KEYCODE_BACK, scanCode=0, metaState=0, flags=0x0, repeatCount=0, eventTime=708369643, downTime=708369643, deviceId=-1, source=0x101 }
08-04 12:45:53.232 25165 25226 I art     : Explicit concurrent mark sweep GC freed 124(2624B) AllocSpace objects, 0(0B) LOS objects, 10% free, 136MB/152MB, paused 1.228ms total 47.943ms
08-04 12:45:53.237 26966 26966 I Input   : injectKeyEvent: KeyEvent { action=ACTION_UP, keyCode=KEYCODE_BACK, scanCode=0, metaState=0, flags=0x0, repeatCount=0, eventTime=708369643, downTime=708369643, deviceId=-1, source=0x101 }
08-04 12:45:53.244 26966 26966 D AndroidRuntime: Shutting down VM
08-04 12:45:53.249 25165 25226 I art     : Starting a blocking GC Explicit
08-04 12:45:53.254 25165 25165 V MainActivity: url = https://project-travel-mate.herokuapp.com/api/number-of-unread-notifications
08-04 12:45:53.284 13866 13866 I GoogleInputMethodServic: GoogleInputMethodService.onFinishInput():3138 
08-04 12:45:53.285 13866 13866 I GoogleInputMethodServic: GoogleInputMethodService.onStartInput():1808 
08-04 12:45:53.295 25165 25226 I art     : Explicit concurrent mark sweep GC freed 432(15KB) AllocSpace objects, 0(0B) LOS objects, 10% free, 136MB/152MB, paused 1.405ms total 45.145ms
08-04 12:45:53.314 25165 25226 I art     : Starting a blocking GC Explicit
08-04 12:45:53.357 25165 25226 I art     : Explicit concurrent mark sweep GC freed 170(8KB) AllocSpace objects, 0(0B) LOS objects, 10% free, 136MB/152MB, paused 1.247ms total 43.449ms
08-04 12:45:53.375 25165 25226 I art     : Starting a blocking GC Explicit
08-04 12:45:53.418 25165 25226 I art     : Explicit concurrent mark sweep GC freed 107(2672B) AllocSpace objects, 0(0B) LOS objects, 10% free, 136MB/152MB, paused 1.219ms total 42.091ms
08-04 12:45:53.431 13866 13882 I PeriodicStatsRunner: PeriodicStatsRunner.call():175 call()
08-04 12:45:53.432 13866 13882 I PeriodicStatsRunner: PeriodicStatsRunner.call():179 No submit PeriodicStats since input started.
08-04 12:45:53.637   380   380 W SurfaceFlinger: couldn't log to binary event log: overflow.
08-04 12:45:53.798 25165 25177 I art     : Starting a blocking GC Explicit
08-04 12:45:53.863 25165 25177 I art     : Explicit concurrent mark sweep GC freed 1964(100KB) AllocSpace objects, 3(224KB) LOS objects, 10% free, 136MB/152MB, paused 1.393ms total 64.518ms
08-04 12:45:53.889 25165 25177 I art     : Starting a blocking GC Explicit
08-04 12:45:53.937 25165 25177 I art     : Explicit concurrent mark sweep GC freed 6677(362KB) AllocSpace objects, 13(264KB) LOS objects, 10% free, 135MB/151MB, paused 1.161ms total 47.459ms
08-04 12:45:53.955 25165 25177 I art     : Starting a blocking GC Explicit
08-04 12:45:53.986   918  3188 I hubconnection: sensorhub said: 'set_bias 3: -5.7696, 0.0000, 0.0000'
08-04 12:45:54.001 25165 25177 I art     : Explicit concurrent mark sweep GC freed 6(256B) AllocSpace objects, 0(0B) LOS objects, 10% free, 135MB/151MB, paused 1.094ms total 46.131ms
08-04 12:45:54.019 25165 25177 I art     : Starting a blocking GC Explicit
08-04 12:45:54.067 25165 25177 I art     : Explicit concurrent mark sweep GC freed 2577(132KB) AllocSpace objects, 3(200KB) LOS objects, 10% free, 135MB/151MB, paused 1.349ms total 48.247ms
08-04 12:45:54.085 25165 25177 I art     : Starting a blocking GC Explicit
08-04 12:45:54.086 25165 26989 I NAPPA_EXPERIMENTATION: MetricNetworkRequestExecutionTime: REQUEST_DURATION_SYSTEM='830',REQUEST_DURATION_OKHTTP='31',REQUEST_SYNCHRONOUS='FALSE',RESPONSE_CODE='200',RESPONSE_METHOD='GET',RESPONSE_LENGTH_OKHTTP='36',RESPONSE_LENGTH_HEADER='36',REQUEST_PROTOCOL='http/1.1',REQUEST_URL='https://project-travel-mate.herokuapp.com/api/number-of-unread-notifications',
08-04 12:45:54.133 25165 25177 I art     : Explicit concurrent mark sweep GC freed 1079(126KB) AllocSpace objects, 0(0B) LOS objects, 10% free, 135MB/151MB, paused 1.120ms total 47.018ms
08-04 12:45:54.532 25165 25178 I art     : Starting a blocking GC Explicit
08-04 12:45:54.579 25165 25178 I art     : Explicit concurrent mark sweep GC freed 1706(98KB) AllocSpace objects, 2(36KB) LOS objects, 10% free, 135MB/151MB, paused 1.347ms total 46.431ms
08-04 12:45:54.596 25165 25178 I art     : Starting a blocking GC Explicit
08-04 12:45:54.641 25165 25178 I art     : Explicit concurrent mark sweep GC freed 28(1024B) AllocSpace objects, 0(0B) LOS objects, 10% free, 135MB/151MB, paused 1.194ms total 44.664ms
08-04 12:45:54.659 25165 25178 I art     : Starting a blocking GC Explicit
08-04 12:45:54.704 25165 25178 I art     : Explicit concurrent mark sweep GC freed 3(96B) AllocSpace objects, 0(0B) LOS objects, 10% free, 135MB/151MB, paused 1.149ms total 45.402ms
08-04 12:45:54.722 25165 25178 I art     : Starting a blocking GC Explicit
08-04 12:45:54.768 25165 25178 I art     : Explicit concurrent mark sweep GC freed 3(96B) AllocSpace objects, 0(0B) LOS objects, 10% free, 135MB/151MB, paused 1.232ms total 45.923ms
08-04 12:45:54.786 25165 25178 I art     : Starting a blocking GC Explicit
08-04 12:45:54.831 25165 25178 I art     : Explicit concurrent mark sweep GC freed 3(96B) AllocSpace objects, 0(0B) LOS objects, 10% free, 135MB/151MB, paused 1.163ms total 45.226ms
08-04 12:45:55.021 27011 27011 D AndroidRuntime: >>>>>> START com.android.internal.os.RuntimeInit uid 2000 <<<<<<
08-04 12:45:55.028 27011 27011 D AndroidRuntime: CheckJNI is OFF
08-04 12:45:55.069 27011 27011 D ICU     : No timezone override file found: /data/misc/zoneinfo/current/icu/icu_tzdata.dat
08-04 12:45:55.109 27011 27011 I Radio-JNI: register_android_hardware_Radio DONE
08-04 12:45:55.136 27011 27011 D AndroidRuntime: Calling main entry com.android.commands.input.Input
08-04 12:45:55.138 27011 27011 I Input   : injectMotionEvent: MotionEvent { action=ACTION_DOWN, actionButton=0, id[0]=0, x[0]=657.0, y[0]=2080.0, toolType[0]=TOOL_TYPE_UNKNOWN, buttonState=0, metaState=0, flags=0x0, edgeFlags=0x0, pointerCount=1, historySize=0, eventTime=708371551, downTime=708371551, deviceId=0, source=0x1002 }
08-04 12:45:55.172 27011 27011 I Input   : injectMotionEvent: MotionEvent { action=ACTION_UP, actionButton=0, id[0]=0, x[0]=657.0, y[0]=2080.0, toolType[0]=TOOL_TYPE_UNKNOWN, buttonState=0, metaState=0, flags=0x0, edgeFlags=0x0, pointerCount=1, historySize=0, eventTime=708371551, downTime=708371551, deviceId=0, source=0x1002 }
08-04 12:45:55.178 24365  7398 I NetworkScheduler.Stats: Task com.google.android.apps.gcs/ started execution. cause:4 exec_start_elapsed_seconds: 1691759 [CONTEXT service_id=218 ]
08-04 12:45:55.179 25112 27034 W Gcs.WfaEliRefreshTask: [23938] afk.b: NULL eligibility response.
08-04 12:45:55.182 24365  7398 I NetworkScheduler.Stats: Task com.google.android.apps.gcs/ finished executing. cause:4 result: 3 elapsed_millis: 6 uptime_millis: 6 exec_start_elapsed_seconds: 1691759 [CONTEXT service_id=218 ]
08-04 12:45:55.210 27011 27011 D AndroidRuntime: Shutting down VM
08-04 12:45:55.211   918   929 I ActivityManager: START u0 {cmp=baseline.io.github.project_travel_mate/.utilities.UpcomingWeekendsActivity} from uid 10650 on display 0
08-04 12:45:55.212   512  2967 D audio_hw_primary: out_set_parameters: enter: usecase(1: low-latency-playback) kvpairs: routing=2
08-04 12:45:55.225   512  2967 D audio_hw_primary: select_devices: out_snd_device(2: speaker) in_snd_device(0: none)
08-04 12:45:55.225   512  2967 D msm8974_platform: platform_send_audio_calibration: sending audio calibration for snd_device(2) acdb_id(15)
08-04 12:45:55.225 25165 25178 I art     : Starting a blocking GC Explicit
08-04 12:45:55.225   512  2967 I soundtrigger: audio_extn_sound_trigger_update_device_status: device 0x2 of type 0 for Event 1
08-04 12:45:55.234   512  2967 D audio_hw_primary: enable_snd_device: snd_device(2: speaker)
08-04 12:45:55.236 25165 25247 D Gabe    : call	returning from cache
08-04 12:45:55.236   512  2967 D audio_hw_primary: enable_audio_route: apply and update mixer path: low-latency-playback speaker
08-04 12:45:55.239 25165 25165 V EXECUTING: https://project-travel-mate.herokuapp.com/api/get-upcoming-holidays/2020
08-04 12:45:55.242 25165 25165 V EXECUTING: https://project-travel-mate.herokuapp.com/api/get-upcoming-holidays/2020
08-04 12:45:55.266 25165 25178 I art     : Explicit concurrent mark sweep GC freed 2334(149KB) AllocSpace objects, 2(36KB) LOS objects, 10% free, 135MB/151MB, paused 1.275ms total 40.206ms
08-04 12:45:55.285 25165 25178 I art     : Starting a blocking GC Explicit
08-04 12:45:55.326 25165 25178 I art     : Explicit concurrent mark sweep GC freed 542(25KB) AllocSpace objects, 0(0B) LOS objects, 10% free, 135MB/151MB, paused 1.182ms total 41.370ms
08-04 12:45:55.337 13866 13866 I GoogleInputMethodServic: GoogleInputMethodService.onFinishInput():3138 
08-04 12:45:55.338 13866 13866 I GoogleInputMethodServic: GoogleInputMethodService.onStartInput():1808 
08-04 12:45:55.343 25165 25178 I art     : Starting a blocking GC Explicit
08-04 12:45:55.354   518   646 I ThermalEngine: ACTION: GPU - Setting GPU[0] to 510000000
08-04 12:45:55.387 25165 25178 I art     : Explicit concurrent mark sweep GC freed 615(22KB) AllocSpace objects, 0(0B) LOS objects, 10% free, 140MB/156MB, paused 1.572ms total 44.100ms
08-04 12:45:55.401 25165 25178 I art     : Starting a blocking GC Explicit
08-04 12:45:55.429   918   936 I ActivityManager: Displayed baseline.io.github.project_travel_mate/.utilities.UpcomingWeekendsActivity: +211ms
08-04 12:45:55.436 25165 25178 I art     : Explicit concurrent mark sweep GC freed 114(4KB) AllocSpace objects, 0(0B) LOS objects, 10% free, 140MB/156MB, paused 1.089ms total 34.376ms
08-04 12:45:55.449 25165 25178 I art     : Starting a blocking GC Explicit
08-04 12:45:55.487 25165 25178 I art     : Explicit concurrent mark sweep GC freed 47(848B) AllocSpace objects, 0(0B) LOS objects, 10% free, 140MB/156MB, paused 1.072ms total 38.169ms
08-04 12:45:55.689   380   380 W SurfaceFlinger: couldn't log to binary event log: overflow.
08-04 12:45:55.768   512  2967 D audio_hw_primary: disable_audio_route: reset and update mixer path: low-latency-playback speaker
08-04 12:45:55.770   512  2967 D audio_hw_primary: disable_snd_device: snd_device(2: speaker)
08-04 12:45:55.778   512  2967 I soundtrigger: audio_extn_sound_trigger_update_device_status: device 0x2 of type 0 for Event 0
08-04 12:45:55.851 25165 25226 I art     : Starting a blocking GC Explicit
08-04 12:45:55.886 25165 25226 I art     : Explicit concurrent mark sweep GC freed 3701(194KB) AllocSpace objects, 4(156KB) LOS objects, 10% free, 140MB/156MB, paused 1.251ms total 35.509ms
08-04 12:45:55.901 25165 25226 I art     : Starting a blocking GC Explicit
08-04 12:45:55.926 25165 27036 I NAPPA_EXPERIMENTATION: MetricNetworkRequestExecutionTime: REQUEST_DURATION_SYSTEM='686',REQUEST_DURATION_OKHTTP='32',REQUEST_SYNCHRONOUS='FALSE',RESPONSE_CODE='200',RESPONSE_METHOD='GET',RESPONSE_LENGTH_OKHTTP='6426',RESPONSE_LENGTH_HEADER='6426',REQUEST_PROTOCOL='http/1.1',REQUEST_URL='https://project-travel-mate.herokuapp.com/api/get-upcoming-holidays/2020',
08-04 12:45:55.937 25165 25226 I art     : Explicit concurrent mark sweep GC freed 2214(171KB) AllocSpace objects, 2(96KB) LOS objects, 10% free, 140MB/156MB, paused 1.089ms total 35.401ms
08-04 12:45:55.949 25165 25226 I art     : Starting a blocking GC Explicit
08-04 12:45:55.985 25165 25226 I art     : Explicit concurrent mark sweep GC freed 849(61KB) AllocSpace objects, 2(120KB) LOS objects, 10% free, 140MB/156MB, paused 1.214ms total 34.981ms
08-04 12:45:55.998 25165 25226 I art     : Starting a blocking GC Explicit
08-04 12:45:56.002 25165 25165 V Response: [{"month":"January","date":1,"day":"Wednesday","name":"New Year's Day","type":"Restricted"},{"month":"January","date":2,"day":"Thursday","name":"Guru Govind Singh Jayanti","type":"Restricted"},{"month":"January","date":14,"day":"Tuesday","name":"Lohri","type":"Restricted"},{"month":"January","date":15,"day":"Wednesday","name":"Pongal","type":"Restricted"},{"month":"January","date":15,"day":"Wednesday","name":"Makar Sankranti","type":"Restricted"},{"month":"January","date":25,"day":"Saturday","name":"Chinese New Year","type":"Observance"},{"month":"January","date":26,"day":"Sunday","name":"Republic Day","type":"Gazetted"},{"month":"January","date":30,"day":"Thursday","name":"Vasant Panchami","type":"Restricted"},{"month":"February","date":9,"day":"Sunday","name":"Guru Ravidas Jayanti","type":"Restricted"},{"month":"February","date":14,"day":"Friday","name":"Valentine's Day","type":"Observance"},{"month":"February","date":18,"day":"Tuesday","name":"Maharishi Dayanand Saraswati Jayanti","type":"Restricted"},{"month":"February","date":19,"day":"Wednesday","name":"Shivaji Jayanti","type":"Restricted"},{"month":"February","date":21,"day":"Friday","name":"Maha Shivaratri/Shivaratri","type":"Gazetted"},{"month":"March","date":9,"day":"Monday","name":"Holika Dahana","type":"Restricted"},{"month":"March","date":9,"day":"Monday","name":"Hazarat Ali's Birthday","type":"Restricted"},{"month":"March","date":10,"day":"Tuesday","name":"Holi","type":"Gazetted"},{"month":"March","date":20,"day":"Friday","name":"March Equinox","type":"Season"},{"month":"March","date":25,"day":"Wednesday","name":"Chaitra Sukhladi","type":"Restricted"},{"month":"April","date":2,"day":"Thursday","name":"Rama Navami","type":"Gazetted"},{"month":"April","date":6,"day":"Monday","name":"Mahavir Jayanti","type":"Gazetted"},{"month":"April","date":9,"day":"Thursday","name":"First day of Passover","type":"Observance"},{"month":"April","date":9,"day":"Thursday","name":"Maundy Thursday","type":"Observance,"},{"month":"April","date":10,"day":"Friday","name":"Good Friday","type":"Gazetted"},{"month":"April","date":12,"day":"Sunday","name":"Easter Day","type":"Restricted"},{"month":"April","date":13,"day":"Monday","name":"Vaisakhi","type":"Restricted"},{"month":"April","date":14,"day":"Tuesday","name":"Mesadi/Vaisakhadi","type":"Restricted"},{"month":"April","date":14,"day":"Tuesday","name":"Ambedkar Jayanti","type":"Central"},{"month":"May","date":1,"day":"Friday","name":"May Day","type":"Observance"},{"month":"May","date":7,"day":"Thursday","name":"Buddha Purnima/Vesak","type":"Gazetted"},{"month":"May","date":7,"day":"Thursday","name":"Birthday of Ravindranath","type":"Restricted"},{"month":"May","date":10,"day":"Sunday","name":"Mother's Day","type":"Observance"},{"month":"May","date":22,"day":"Friday","name":"Jamat Ul-Vida","type":"Restricted"},{"month":"May","date":25,"day":"Monday","name":"Ramzan Id/Eid-ul-Fitar","type":"Gazetted"},{"month":"May","date":25,"day":"Monday","name":"Ramzan Id/Eid-ul-Fitar","type":"Muslim,"},{"month":"June","date":21,"day":"Sunday","name":"June Solstice","type":"Season"},{"month":"June","date":21,"day":"Sunday","name":"Father's Day","type":"Observance"},{"month":"June","date":23,"day":"Tuesday","name":"Rath Yatra","type":"Restricted"},{"month":"July","date":5,"day":"Sunday","name":"Guru Purnima","type":"Observance"},{"month":"July","date":31,"day":"Friday","name":"Bakr Id/Eid ul-Adha","type":"Gazetted"},{"month":"August","date":2,"day":"Sunday","name":"Friendship Day","type":"Observance"},{"month":"August","date":3,"day":"Monday","name":"Raksha Bandhan (Rakhi)","type":"Restricted"},{"month":"August","date":11,"day":"Tuesday","name":"Janmashtami (Smarta)","type":"Restricted"},{"month":"August","date":12,"day":"Wednesday","name":"Janmashtami","type":"Gazetted"},{"month":"August","date":15,"day":"Saturday","name":"Independence Day","type":"Gazetted"},{"month":"August","date":16,"day":"Sunday","name":"Parsi New Year","type":"Restricted"},{"month":"August","date":22,"day":"Saturday","name":"Ganesh Chaturthi/Vin
08-04 12:45:56.034 25165 25226 I art     : Explicit concurrent mark sweep GC freed 7343(295KB) AllocSpace objects, 1(80KB) LOS objects, 10% free, 140MB/156MB, paused 1.298ms total 35.624ms
08-04 12:45:56.037 25165 27037 I NAPPA_EXPERIMENTATION: MetricNetworkRequestExecutionTime: REQUEST_DURATION_SYSTEM='794',REQUEST_DURATION_OKHTTP='27',REQUEST_SYNCHRONOUS='FALSE',RESPONSE_CODE='200',RESPONSE_METHOD='GET',RESPONSE_LENGTH_OKHTTP='6426',RESPONSE_LENGTH_HEADER='6426',REQUEST_PROTOCOL='http/1.1',REQUEST_URL='https://project-travel-mate.herokuapp.com/api/get-upcoming-holidays/2020',
08-04 12:45:56.046 25165 25226 I art     : Starting a blocking GC Explicit
08-04 12:45:56.054 25165 25165 V Response: [{"month":"January","date":1,"day":"Wednesday","name":"New Year's Day","type":"Restricted"},{"month":"January","date":2,"day":"Thursday","name":"Guru Govind Singh Jayanti","type":"Restricted"},{"month":"January","date":14,"day":"Tuesday","name":"Lohri","type":"Restricted"},{"month":"January","date":15,"day":"Wednesday","name":"Pongal","type":"Restricted"},{"month":"January","date":15,"day":"Wednesday","name":"Makar Sankranti","type":"Restricted"},{"month":"January","date":25,"day":"Saturday","name":"Chinese New Year","type":"Observance"},{"month":"January","date":26,"day":"Sunday","name":"Republic Day","type":"Gazetted"},{"month":"January","date":30,"day":"Thursday","name":"Vasant Panchami","type":"Restricted"},{"month":"February","date":9,"day":"Sunday","name":"Guru Ravidas Jayanti","type":"Restricted"},{"month":"February","date":14,"day":"Friday","name":"Valentine's Day","type":"Observance"},{"month":"February","date":18,"day":"Tuesday","name":"Maharishi Dayanand Saraswati Jayanti","type":"Restricted"},{"month":"February","date":19,"day":"Wednesday","name":"Shivaji Jayanti","type":"Restricted"},{"month":"February","date":21,"day":"Friday","name":"Maha Shivaratri/Shivaratri","type":"Gazetted"},{"month":"March","date":9,"day":"Monday","name":"Holika Dahana","type":"Restricted"},{"month":"March","date":9,"day":"Monday","name":"Hazarat Ali's Birthday","type":"Restricted"},{"month":"March","date":10,"day":"Tuesday","name":"Holi","type":"Gazetted"},{"month":"March","date":20,"day":"Friday","name":"March Equinox","type":"Season"},{"month":"March","date":25,"day":"Wednesday","name":"Chaitra Sukhladi","type":"Restricted"},{"month":"April","date":2,"day":"Thursday","name":"Rama Navami","type":"Gazetted"},{"month":"April","date":6,"day":"Monday","name":"Mahavir Jayanti","type":"Gazetted"},{"month":"April","date":9,"day":"Thursday","name":"First day of Passover","type":"Observance"},{"month":"April","date":9,"day":"Thursday","name":"Maundy Thursday","type":"Observance,"},{"month":"April","date":10,"day":"Friday","name":"Good Friday","type":"Gazetted"},{"month":"April","date":12,"day":"Sunday","name":"Easter Day","type":"Restricted"},{"month":"April","date":13,"day":"Monday","name":"Vaisakhi","type":"Restricted"},{"month":"April","date":14,"day":"Tuesday","name":"Mesadi/Vaisakhadi","type":"Restricted"},{"month":"April","date":14,"day":"Tuesday","name":"Ambedkar Jayanti","type":"Central"},{"month":"May","date":1,"day":"Friday","name":"May Day","type":"Observance"},{"month":"May","date":7,"day":"Thursday","name":"Buddha Purnima/Vesak","type":"Gazetted"},{"month":"May","date":7,"day":"Thursday","name":"Birthday of Ravindranath","type":"Restricted"},{"month":"May","date":10,"day":"Sunday","name":"Mother's Day","type":"Observance"},{"month":"May","date":22,"day":"Friday","name":"Jamat Ul-Vida","type":"Restricted"},{"month":"May","date":25,"day":"Monday","name":"Ramzan Id/Eid-ul-Fitar","type":"Gazetted"},{"month":"May","date":25,"day":"Monday","name":"Ramzan Id/Eid-ul-Fitar","type":"Muslim,"},{"month":"June","date":21,"day":"Sunday","name":"June Solstice","type":"Season"},{"month":"June","date":21,"day":"Sunday","name":"Father's Day","type":"Observance"},{"month":"June","date":23,"day":"Tuesday","name":"Rath Yatra","type":"Restricted"},{"month":"July","date":5,"day":"Sunday","name":"Guru Purnima","type":"Observance"},{"month":"July","date":31,"day":"Friday","name":"Bakr Id/Eid ul-Adha","type":"Gazetted"},{"month":"August","date":2,"day":"Sunday","name":"Friendship Day","type":"Observance"},{"month":"August","date":3,"day":"Monday","name":"Raksha Bandhan (Rakhi)","type":"Restricted"},{"month":"August","date":11,"day":"Tuesday","name":"Janmashtami (Smarta)","type":"Restricted"},{"month":"August","date":12,"day":"Wednesday","name":"Janmashtami","type":"Gazetted"},{"month":"August","date":15,"day":"Saturday","name":"Independence Day","type":"Gazetted"},{"month":"August","date":16,"day":"Sunday","name":"Parsi New Year","type":"Restricted"},{"month":"August","date":22,"day":"Saturday","name":"Ganesh Chaturthi/Vin
08-04 12:45:56.083 25165 25226 I art     : Explicit concurrent mark sweep GC freed 8865(390KB) AllocSpace objects, 2(32KB) LOS objects, 10% free, 141MB/157MB, paused 1.347ms total 36.433ms
08-04 12:45:56.358   518   646 I ThermalEngine: ACTION: GPU - Setting GPU[0] to 450000000
08-04 12:45:56.451 25165 25177 I art     : Starting a blocking GC Explicit
08-04 12:45:56.505 25165 25177 I art     : Explicit concurrent mark sweep GC freed 3497(175KB) AllocSpace objects, 13(4MB) LOS objects, 10% free, 136MB/152MB, paused 1.232ms total 54.241ms
08-04 12:45:56.524 25165 25177 I art     : Starting a blocking GC Explicit
08-04 12:45:56.575 25165 25177 I art     : Explicit concurrent mark sweep GC freed 361(17KB) AllocSpace objects, 1(20KB) LOS objects, 10% free, 136MB/152MB, paused 1.446ms total 50.839ms
08-04 12:45:56.594 25165 25177 I art     : Starting a blocking GC Explicit
08-04 12:45:56.644 25165 25177 I art     : Explicit concurrent mark sweep GC freed 118(2000B) AllocSpace objects, 0(0B) LOS objects, 10% free, 136MB/152MB, paused 1.278ms total 50.342ms
08-04 12:45:56.663 25165 25177 I art     : Starting a blocking GC Explicit
08-04 12:45:56.717 25165 25177 I art     : Explicit concurrent mark sweep GC freed 112(2384B) AllocSpace objects, 0(0B) LOS objects, 10% free, 136MB/152MB, paused 1.281ms total 53.886ms
08-04 12:45:56.718 25165 25175 I art     : WaitForGcToComplete blocked for 54.241ms for cause HeapTrim
08-04 12:45:56.736 25165 25177 I art     : Starting a blocking GC Explicit
08-04 12:45:56.794 25165 25177 I art     : Explicit concurrent mark sweep GC freed 143(3KB) AllocSpace objects, 0(0B) LOS objects, 10% free, 136MB/152MB, paused 1.413ms total 57.555ms
08-04 12:45:57.210 25165 25227 I art     : Starting a blocking GC Explicit
08-04 12:45:57.268 25165 25227 I art     : Explicit concurrent mark sweep GC freed 2285(103KB) AllocSpace objects, 2(36KB) LOS objects, 10% free, 136MB/152MB, paused 1.257ms total 57.415ms
08-04 12:45:57.288 25165 25227 I art     : Starting a blocking GC Explicit
08-04 12:45:57.341 25165 25227 I art     : Explicit concurrent mark sweep GC freed 124(2624B) AllocSpace objects, 0(0B) LOS objects, 10% free, 136MB/152MB, paused 1.149ms total 52.693ms
08-04 12:45:57.360 25165 25227 I art     : Starting a blocking GC Explicit
08-04 12:45:57.414 25165 25227 I art     : Explicit concurrent mark sweep GC freed 123(2096B) AllocSpace objects, 0(0B) LOS objects, 10% free, 136MB/152MB, paused 1.244ms total 54.415ms
08-04 12:45:57.433 25165 25227 I art     : Starting a blocking GC Explicit
08-04 12:45:57.487 25165 25227 I art     : Explicit concurrent mark sweep GC freed 99(1696B) AllocSpace objects, 0(0B) LOS objects, 10% free, 136MB/152MB, paused 1.278ms total 53.549ms
08-04 12:45:57.506 25165 25227 I art     : Starting a blocking GC Explicit
08-04 12:45:57.564 25165 25227 I art     : Explicit concurrent mark sweep GC freed 122(2064B) AllocSpace objects, 0(0B) LOS objects, 10% free, 136MB/152MB, paused 1.291ms total 57.799ms
08-04 12:45:57.967 25165 25226 I art     : Starting a blocking GC Explicit
08-04 12:45:58.023 25165 25226 I art     : Explicit concurrent mark sweep GC freed 2231(102KB) AllocSpace objects, 2(36KB) LOS objects, 10% free, 136MB/152MB, paused 1.255ms total 56.034ms
08-04 12:45:58.042 25165 25226 I art     : Starting a blocking GC Explicit
08-04 12:45:58.095 25165 25226 I art     : Explicit concurrent mark sweep GC freed 129(2688B) AllocSpace objects, 0(0B) LOS objects, 10% free, 136MB/152MB, paused 1.354ms total 53.364ms
08-04 12:45:58.114 25165 25226 I art     : Starting a blocking GC Explicit
08-04 12:45:58.169 25165 25226 I art     : Explicit concurrent mark sweep GC freed 118(2032B) AllocSpace objects, 0(0B) LOS objects, 10% free, 136MB/152MB, paused 1.184ms total 54.638ms
08-04 12:45:58.191 25165 25226 I art     : Starting a blocking GC Explicit
08-04 12:45:58.235 18870 18870 I ServiceManager: Waiting for service AtCmdFwd...
08-04 12:45:58.242 25165 25226 I art     : Explicit concurrent mark sweep GC freed 128(2464B) AllocSpace objects, 0(0B) LOS objects, 10% free, 136MB/152MB, paused 1.198ms total 50.855ms
08-04 12:45:58.261 25165 25226 I art     : Starting a blocking GC Explicit
08-04 12:45:58.285 13866 13882 I PeriodicStatsRunner: PeriodicStatsRunner.call():175 call()
08-04 12:45:58.285 13866 13882 I PeriodicStatsRunner: PeriodicStatsRunner.call():179 No submit PeriodicStats since input started.
08-04 12:45:58.314 25165 25226 I art     : Explicit concurrent mark sweep GC freed 122(2096B) AllocSpace objects, 0(0B) LOS objects, 10% free, 136MB/152MB, paused 1.358ms total 52.978ms
08-04 12:45:58.728 25165 25178 I art     : Starting a blocking GC Explicit
08-04 12:45:58.785 25165 25178 I art     : Explicit concurrent mark sweep GC freed 2269(103KB) AllocSpace objects, 2(36KB) LOS objects, 10% free, 136MB/152MB, paused 1.307ms total 56.310ms
08-04 12:45:58.805 25165 25178 I art     : Starting a blocking GC Explicit
08-04 12:45:58.857 25165 25178 I art     : Explicit concurrent mark sweep GC freed 135(3KB) AllocSpace objects, 0(0B) LOS objects, 10% free, 136MB/152MB, paused 1.329ms total 52.417ms
08-04 12:45:58.876 25165 25178 I art     : Starting a blocking GC Explicit
08-04 12:45:58.932 25165 25178 I art     : Explicit concurrent mark sweep GC freed 120(2016B) AllocSpace objects, 0(0B) LOS objects, 10% free, 136MB/152MB, paused 1.413ms total 55.855ms
08-04 12:45:58.954 25165 25178 I art     : Starting a blocking GC Explicit
08-04 12:45:59.006 25165 25178 I art     : Explicit concurrent mark sweep GC freed 102(1776B) AllocSpace objects, 0(0B) LOS objects, 10% free, 136MB/152MB, paused 1.230ms total 51.328ms
08-04 12:45:59.024 25165 25178 I art     : Starting a blocking GC Explicit
08-04 12:45:59.077 25165 25178 I art     : Explicit concurrent mark sweep GC freed 99(1696B) AllocSpace objects, 0(0B) LOS objects, 10% free, 136MB/152MB, paused 1.095ms total 53.012ms
08-04 12:45:59.236 18870 18870 I ServiceManager: Waiting for service AtCmdFwd...
08-04 12:45:59.362   518   646 I ThermalEngine: ACTION: GPU - Setting GPU[0] to 510000000
08-04 12:45:59.480 25165 25177 I art     : Starting a blocking GC Explicit
08-04 12:45:59.520 25165 25177 I art     : Explicit concurrent mark sweep GC freed 2261(103KB) AllocSpace objects, 2(36KB) LOS objects, 10% free, 136MB/152MB, paused 951us total 39.789ms
08-04 12:45:59.534 25165 25177 I art     : Starting a blocking GC Explicit
08-04 12:45:59.573 25165 25177 I art     : Explicit concurrent mark sweep GC freed 100(2224B) AllocSpace objects, 0(0B) LOS objects, 10% free, 136MB/152MB, paused 929us total 39.262ms
08-04 12:45:59.587 25165 25177 I art     : Starting a blocking GC Explicit
08-04 12:45:59.626 25165 25177 I art     : Explicit concurrent mark sweep GC freed 75(1296B) AllocSpace objects, 0(0B) LOS objects, 10% free, 136MB/152MB, paused 919us total 38.743ms
08-04 12:45:59.639 25165 25177 I art     : Starting a blocking GC Explicit
08-04 12:45:59.678 25165 25177 I art     : Explicit concurrent mark sweep GC freed 86(1920B) AllocSpace objects, 0(0B) LOS objects, 10% free, 136MB/152MB, paused 959us total 38.786ms
08-04 12:45:59.692 25165 25177 I art     : Starting a blocking GC Explicit
08-04 12:45:59.731 25165 25177 I art     : Explicit concurrent mark sweep GC freed 105(2176B) AllocSpace objects, 0(0B) LOS objects, 10% free, 136MB/152MB, paused 1.039ms total 38.555ms
08-04 12:45:59.868 27101 27101 D AndroidRuntime: >>>>>> START com.android.internal.os.RuntimeInit uid 2000 <<<<<<
08-04 12:45:59.874 27101 27101 D AndroidRuntime: CheckJNI is OFF
08-04 12:45:59.906 27101 27101 D ICU     : No timezone override file found: /data/misc/zoneinfo/current/icu/icu_tzdata.dat
08-04 12:45:59.937 27101 27101 I Radio-JNI: register_android_hardware_Radio DONE
08-04 12:45:59.958 27101 27101 D AndroidRuntime: Calling main entry com.android.commands.input.Input
08-04 12:45:59.960 27101 27101 I Input   : injectKeyEvent: KeyEvent { action=ACTION_DOWN, keyCode=KEYCODE_BACK, scanCode=0, metaState=0, flags=0x0, repeatCount=0, eventTime=708376373, downTime=708376373, deviceId=-1, source=0x101 }
08-04 12:45:59.965 27101 27101 I Input   : injectKeyEvent: KeyEvent { action=ACTION_UP, keyCode=KEYCODE_BACK, scanCode=0, metaState=0, flags=0x0, repeatCount=0, eventTime=708376373, downTime=708376373, deviceId=-1, source=0x101 }
08-04 12:45:59.971 27101 27101 D AndroidRuntime: Shutting down VM
08-04 12:45:59.980 25165 25165 V MainActivity: url = https://project-travel-mate.herokuapp.com/api/number-of-unread-notifications
08-04 12:46:00.013 13866 13866 I GoogleInputMethodServic: GoogleInputMethodService.onFinishInput():3138 
08-04 12:46:00.013 13866 13866 I GoogleInputMethodServic: GoogleInputMethodService.onStartInput():1808 
08-04 12:46:00.102 25165 25227 I art     : Starting a blocking GC Explicit
08-04 12:46:00.136 25165 25227 I art     : Explicit concurrent mark sweep GC freed 2559(121KB) AllocSpace objects, 2(36KB) LOS objects, 10% free, 136MB/152MB, paused 825us total 33.343ms
08-04 12:46:00.150 25165 25227 I art     : Starting a blocking GC Explicit
08-04 12:46:00.186 25165 25227 I art     : Explicit concurrent mark sweep GC freed 165(4KB) AllocSpace objects, 0(0B) LOS objects, 10% free, 136MB/152MB, paused 980us total 35.700ms
08-04 12:46:00.200 25165 25227 I art     : Starting a blocking GC Explicit
08-04 12:46:00.236 18870 18870 I ServiceManager: Waiting for service AtCmdFwd...
08-04 12:46:00.237 25165 25227 I art     : Explicit concurrent mark sweep GC freed 124(3KB) AllocSpace objects, 0(0B) LOS objects, 10% free, 136MB/152MB, paused 937us total 37.247ms
08-04 12:46:00.252 25165 25227 I art     : Starting a blocking GC Explicit
08-04 12:46:00.297 25165 25227 I art     : Explicit concurrent mark sweep GC freed 102(1824B) AllocSpace objects, 0(0B) LOS objects, 10% free, 136MB/152MB, paused 955us total 43.947ms
08-04 12:46:00.313 25165 25227 I art     : Starting a blocking GC Explicit
08-04 12:46:00.327   380   380 W SurfaceFlinger: couldn't log to binary event log: overflow.
08-04 12:46:00.338 13866 13882 I PeriodicStatsRunner: PeriodicStatsRunner.call():175 call()
08-04 12:46:00.339 13866 13882 I PeriodicStatsRunner: PeriodicStatsRunner.call():179 No submit PeriodicStats since input started.
08-04 12:46:00.352 25165 25227 I art     : Explicit concurrent mark sweep GC freed 70(1728B) AllocSpace objects, 0(0B) LOS objects, 10% free, 136MB/152MB, paused 841us total 38.481ms
08-04 12:46:00.695 25165 25178 I art     : Starting a blocking GC Explicit
08-04 12:46:00.753 25165 25178 I art     : Explicit concurrent mark sweep GC freed 1648(95KB) AllocSpace objects, 3(224KB) LOS objects, 10% free, 136MB/152MB, paused 1.162ms total 57.621ms
08-04 12:46:00.769 25165 25178 I art     : Starting a blocking GC Explicit
08-04 12:46:00.810 25165 25178 I art     : Explicit concurrent mark sweep GC freed 9080(487KB) AllocSpace objects, 16(464KB) LOS objects, 10% free, 136MB/152MB, paused 1.250ms total 40.995ms
08-04 12:46:00.823 25165 25178 I art     : Starting a blocking GC Explicit
08-04 12:46:00.845 25165 27124 I NAPPA_EXPERIMENTATION: MetricNetworkRequestExecutionTime: REQUEST_DURATION_SYSTEM='864',REQUEST_DURATION_OKHTTP='31',REQUEST_SYNCHRONOUS='FALSE',RESPONSE_CODE='200',RESPONSE_METHOD='GET',RESPONSE_LENGTH_OKHTTP='36',RESPONSE_LENGTH_HEADER='36',REQUEST_PROTOCOL='http/1.1',REQUEST_URL='https://project-travel-mate.herokuapp.com/api/number-of-unread-notifications',
08-04 12:46:00.863 25165 25178 I art     : Explicit concurrent mark sweep GC freed 1195(132KB) AllocSpace objects, 0(0B) LOS objects, 10% free, 136MB/152MB, paused 962us total 39.089ms
08-04 12:46:00.876 25165 25178 I art     : Starting a blocking GC Explicit
08-04 12:46:00.917 25165 25178 I art     : Explicit concurrent mark sweep GC freed 57(2368B) AllocSpace objects, 0(0B) LOS objects, 10% free, 136MB/152MB, paused 933us total 40.162ms
08-04 12:46:00.931 25165 25178 I art     : Starting a blocking GC Explicit
08-04 12:46:00.972 25165 25178 I art     : Explicit concurrent mark sweep GC freed 86(3KB) AllocSpace objects, 0(0B) LOS objects, 10% free, 136MB/152MB, paused 923us total 40.507ms
08-04 12:46:01.237 18870 18870 I ServiceManager: Waiting for service AtCmdFwd...
08-04 12:46:01.329 25165 25226 I art     : Starting a blocking GC Explicit
08-04 12:46:01.369 25165 25226 I art     : Explicit concurrent mark sweep GC freed 1613(92KB) AllocSpace objects, 2(36KB) LOS objects, 10% free, 136MB/152MB, paused 997us total 39.505ms
08-04 12:46:01.383 25165 25226 I art     : Starting a blocking GC Explicit
08-04 12:46:01.420 25165 25226 I art     : Explicit concurrent mark sweep GC freed 28(1024B) AllocSpace objects, 0(0B) LOS objects, 10% free, 136MB/152MB, paused 927us total 37.405ms
08-04 12:46:01.434 25165 25226 I art     : Starting a blocking GC Explicit
08-04 12:46:01.471 25165 25226 I art     : Explicit concurrent mark sweep GC freed 3(96B) AllocSpace objects, 0(0B) LOS objects, 10% free, 136MB/152MB, paused 935us total 36.706ms
08-04 12:46:01.484 25165 25226 I art     : Starting a blocking GC Explicit
08-04 12:46:01.521 25165 25226 I art     : Explicit concurrent mark sweep GC freed 3(96B) AllocSpace objects, 0(0B) LOS objects, 10% free, 136MB/152MB, paused 887us total 36.376ms
08-04 12:46:01.533 25165 25226 I art     : Starting a blocking GC Explicit
08-04 12:46:01.568 25165 25226 I art     : Explicit concurrent mark sweep GC freed 3(96B) AllocSpace objects, 0(0B) LOS objects, 10% free, 136MB/152MB, paused 940us total 34.805ms
08-04 12:46:01.637 27145 27145 D AndroidRuntime: >>>>>> START com.android.internal.os.RuntimeInit uid 2000 <<<<<<
08-04 12:46:01.642 27145 27145 D AndroidRuntime: CheckJNI is OFF
08-04 12:46:01.676 27145 27145 D ICU     : No timezone override file found: /data/misc/zoneinfo/current/icu/icu_tzdata.dat
08-04 12:46:01.713 27145 27145 I Radio-JNI: register_android_hardware_Radio DONE
08-04 12:46:01.735 27145 27145 D AndroidRuntime: Calling main entry com.android.commands.input.Input
08-04 12:46:01.736 27145 27145 I Input   : injectMotionEvent: MotionEvent { action=ACTION_DOWN, actionButton=0, id[0]=0, x[0]=117.0, y[0]=170.0, toolType[0]=TOOL_TYPE_UNKNOWN, buttonState=0, metaState=0, flags=0x0, edgeFlags=0x0, pointerCount=1, historySize=0, eventTime=708378149, downTime=708378149, deviceId=0, source=0x1002 }
08-04 12:46:01.743 27145 27145 I Input   : injectMotionEvent: MotionEvent { action=ACTION_UP, actionButton=0, id[0]=0, x[0]=117.0, y[0]=170.0, toolType[0]=TOOL_TYPE_UNKNOWN, buttonState=0, metaState=0, flags=0x0, edgeFlags=0x0, pointerCount=1, historySize=0, eventTime=708378149, downTime=708378149, deviceId=0, source=0x1002 }
08-04 12:46:01.770 27145 27145 D AndroidRuntime: Shutting down VM
08-04 12:46:01.800   512  2967 D audio_hw_primary: out_set_parameters: enter: usecase(1: low-latency-playback) kvpairs: routing=2
08-04 12:46:01.813   512  2967 D audio_hw_primary: select_devices: out_snd_device(2: speaker) in_snd_device(0: none)
08-04 12:46:01.813   512  2967 D msm8974_platform: platform_send_audio_calibration: sending audio calibration for snd_device(2) acdb_id(15)
08-04 12:46:01.813   512  2967 I soundtrigger: audio_extn_sound_trigger_update_device_status: device 0x2 of type 0 for Event 1
08-04 12:46:01.830   512  2967 D audio_hw_primary: enable_snd_device: snd_device(2: speaker)
08-04 12:46:01.832   512  2967 D audio_hw_primary: enable_audio_route: apply and update mixer path: low-latency-playback speaker
08-04 12:46:01.924 25165 25227 I art     : Starting a blocking GC Explicit
08-04 12:46:01.959 25165 25227 I art     : Explicit concurrent mark sweep GC freed 2072(115KB) AllocSpace objects, 2(36KB) LOS objects, 10% free, 136MB/152MB, paused 1.049ms total 34.707ms
08-04 12:46:01.973 25165 25227 I art     : Starting a blocking GC Explicit
08-04 12:46:02.008 25165 25227 I art     : Explicit concurrent mark sweep GC freed 62(2512B) AllocSpace objects, 0(0B) LOS objects, 10% free, 136MB/152MB, paused 1.137ms total 34.551ms
08-04 12:46:02.020 25165 25227 I art     : Starting a blocking GC Explicit
08-04 12:46:02.055 25165 25227 I art     : Explicit concurrent mark sweep GC freed 3(96B) AllocSpace objects, 0(0B) LOS objects, 10% free, 136MB/152MB, paused 1.035ms total 34.538ms
08-04 12:46:02.068 25165 25227 I art     : Starting a blocking GC Explicit
08-04 12:46:02.103 25165 25227 I art     : Explicit concurrent mark sweep GC freed 3(96B) AllocSpace objects, 0(0B) LOS objects, 10% free, 136MB/152MB, paused 926us total 34.226ms
08-04 12:46:02.115 25165 25227 I art     : Starting a blocking GC Explicit
08-04 12:46:02.149 25165 25227 I art     : Explicit concurrent mark sweep GC freed 5(160B) AllocSpace objects, 0(0B) LOS objects, 10% free, 136MB/152MB, paused 982us total 33.819ms
08-04 12:46:02.237 18870 18870 I ServiceManager: Waiting for service AtCmdFwd...
08-04 12:46:02.368   512  2967 D audio_hw_primary: disable_audio_route: reset and update mixer path: low-latency-playback speaker
08-04 12:46:02.369   512  2967 D audio_hw_primary: disable_snd_device: snd_device(2: speaker)
08-04 12:46:02.376   512  2967 I soundtrigger: audio_extn_sound_trigger_update_device_status: device 0x2 of type 0 for Event 0
08-04 12:46:02.384 27169 27169 D AndroidRuntime: >>>>>> START com.android.internal.os.RuntimeInit uid 2000 <<<<<<
08-04 12:46:02.389 27169 27169 D AndroidRuntime: CheckJNI is OFF
08-04 12:46:02.419 27169 27169 D ICU     : No timezone override file found: /data/misc/zoneinfo/current/icu/icu_tzdata.dat
08-04 12:46:02.437   918  3261 D WifiStateMachine: starting scan for "H369AA63323"WPA_PSK with 2412,5180
08-04 12:46:02.452 27169 27169 I Radio-JNI: register_android_hardware_Radio DONE
08-04 12:46:02.473 27169 27169 D AndroidRuntime: Calling main entry com.android.commands.input.Input
08-04 12:46:02.475 27169 27169 I Input   : injectMotionEvent: MotionEvent { action=ACTION_DOWN, actionButton=0, id[0]=0, x[0]=405.0, y[0]=661.0, toolType[0]=TOOL_TYPE_UNKNOWN, buttonState=0, metaState=0, flags=0x0, edgeFlags=0x0, pointerCount=1, historySize=0, eventTime=708378887, downTime=708378887, deviceId=0, source=0x1002 }
08-04 12:46:02.477 25165 25178 I art     : Starting a blocking GC Explicit
08-04 12:46:02.479 27169 27169 I Input   : injectMotionEvent: MotionEvent { action=ACTION_UP, actionButton=0, id[0]=0, x[0]=405.0, y[0]=661.0, toolType[0]=TOOL_TYPE_UNKNOWN, buttonState=0, metaState=0, flags=0x0, edgeFlags=0x0, pointerCount=1, historySize=0, eventTime=708378887, downTime=708378887, deviceId=0, source=0x1002 }
08-04 12:46:02.486 27169 27169 D AndroidRuntime: Shutting down VM
08-04 12:46:02.508   512  2967 D audio_hw_primary: out_set_parameters: enter: usecase(1: low-latency-playback) kvpairs: routing=2
08-04 12:46:02.518 25165 25178 I art     : Explicit concurrent mark sweep GC freed 2022(125KB) AllocSpace objects, 2(36KB) LOS objects, 10% free, 136MB/152MB, paused 1.905ms total 41.468ms
08-04 12:46:02.521   512  2967 D audio_hw_primary: select_devices: out_snd_device(2: speaker) in_snd_device(0: none)
08-04 12:46:02.521   512  2967 D msm8974_platform: platform_send_audio_calibration: sending audio calibration for snd_device(2) acdb_id(15)
08-04 12:46:02.521   512  2967 I soundtrigger: audio_extn_sound_trigger_update_device_status: device 0x2 of type 0 for Event 1
08-04 12:46:02.530   512  2967 D audio_hw_primary: enable_snd_device: snd_device(2: speaker)
08-04 12:46:02.532   512  2967 D audio_hw_primary: enable_audio_route: apply and update mixer path: low-latency-playback speaker
08-04 12:46:02.533 25165 25178 I art     : Starting a blocking GC Explicit
08-04 12:46:02.568 25165 25178 I art     : Explicit concurrent mark sweep GC freed 117(43KB) AllocSpace objects, 0(0B) LOS objects, 8% free, 167MB/183MB, paused 1.015ms total 34.431ms
08-04 12:46:02.578   512  2967 D AudioFlinger: mixer(0xf4740000) throttle end: throttle time(12)
08-04 12:46:02.580 25165 25178 I art     : Starting a blocking GC Explicit
08-04 12:46:02.615 25165 25178 I art     : Explicit concurrent mark sweep GC freed 14(512B) AllocSpace objects, 0(0B) LOS objects, 8% free, 167MB/183MB, paused 1.013ms total 34.665ms
08-04 12:46:02.628 25165 25178 I art     : Starting a blocking GC Explicit
08-04 12:46:02.663 25165 25178 I art     : Explicit concurrent mark sweep GC freed 3(96B) AllocSpace objects, 0(0B) LOS objects, 8% free, 167MB/183MB, paused 1.016ms total 34.524ms
08-04 12:46:02.676 25165 25178 I art     : Starting a blocking GC Explicit
08-04 12:46:02.711 25165 25178 I art     : Explicit concurrent mark sweep GC freed 3(96B) AllocSpace objects, 0(0B) LOS objects, 8% free, 167MB/183MB, paused 1.015ms total 34.883ms
08-04 12:46:03.043 25165 25178 I art     : Starting a blocking GC Explicit
08-04 12:46:03.069   512  2967 D audio_hw_primary: disable_audio_route: reset and update mixer path: low-latency-playback speaker
08-04 12:46:03.070   512  2967 D audio_hw_primary: disable_snd_device: snd_device(2: speaker)
08-04 12:46:03.078   512  2967 I soundtrigger: audio_extn_sound_trigger_update_device_status: device 0x2 of type 0 for Event 0
08-04 12:46:03.078 25165 25178 I art     : Explicit concurrent mark sweep GC freed 3239(190KB) AllocSpace objects, 11(288KB) LOS objects, 8% free, 182MB/198MB, paused 904us total 34.699ms
08-04 12:46:03.091 25165 25178 I art     : Starting a blocking GC Explicit
08-04 12:46:03.129 25165 25178 I art     : Explicit concurrent mark sweep GC freed 921(52KB) AllocSpace objects, 0(0B) LOS objects, 8% free, 182MB/198MB, paused 962us total 37.867ms
08-04 12:46:03.143 25165 25178 I art     : Starting a blocking GC Explicit
08-04 12:46:03.184 25165 25178 I art     : Explicit concurrent mark sweep GC freed 3(96B) AllocSpace objects, 0(0B) LOS objects, 8% free, 182MB/198MB, paused 994us total 39.947ms
08-04 12:46:03.198 25165 25178 I art     : Starting a blocking GC Explicit
08-04 12:46:03.237 18870 18870 W Atfwd_Sendcmd: AtCmdFwd service not published, waiting... retryCnt : 5
08-04 12:46:03.238 25165 25178 I art     : Explicit concurrent mark sweep GC freed 33(896B) AllocSpace objects, 0(0B) LOS objects, 8% free, 182MB/198MB, paused 909us total 40.286ms
08-04 12:46:03.252 25165 25178 I art     : Starting a blocking GC Explicit
08-04 12:46:03.293 25165 25178 I art     : Explicit concurrent mark sweep GC freed 4(128B) AllocSpace objects, 0(0B) LOS objects, 8% free, 182MB/198MB, paused 997us total 40.446ms
08-04 12:46:03.373   518   646 I ThermalEngine: ACTION: GPU - Setting GPU[0] to 450000000
08-04 12:46:03.709 25165 25226 I art     : Starting a blocking GC Explicit
08-04 12:46:03.778 25165 25226 I art     : Explicit concurrent mark sweep GC freed 1582(92KB) AllocSpace objects, 2(36KB) LOS objects, 8% free, 182MB/198MB, paused 1.300ms total 68.283ms
08-04 12:46:03.799 25165 25226 I art     : Starting a blocking GC Explicit
08-04 12:46:03.850 25165 25226 I art     : Explicit concurrent mark sweep GC freed 28(1024B) AllocSpace objects, 0(0B) LOS objects, 8% free, 182MB/198MB, paused 1.319ms total 51.148ms
08-04 12:46:03.873 25165 25226 I art     : Starting a blocking GC Explicit
08-04 12:46:03.925 25165 25226 I art     : Explicit concurrent mark sweep GC freed 3(96B) AllocSpace objects, 0(0B) LOS objects, 8% free, 182MB/198MB, paused 1.297ms total 51.147ms
08-04 12:46:03.946 25165 25226 I art     : Starting a blocking GC Explicit
08-04 12:46:03.997 25165 25226 I art     : Explicit concurrent mark sweep GC freed 3(96B) AllocSpace objects, 0(0B) LOS objects, 8% free, 182MB/198MB, paused 1.203ms total 50.293ms
08-04 12:46:04.015 25165 25226 I art     : Starting a blocking GC Explicit
08-04 12:46:04.069 25165 25226 I art     : Explicit concurrent mark sweep GC freed 3(96B) AllocSpace objects, 0(0B) LOS objects, 8% free, 182MB/198MB, paused 1.590ms total 53.618ms
08-04 12:46:04.530 25165 25227 I art     : Starting a blocking GC Explicit
08-04 12:46:04.600 25165 25227 I art     : Explicit concurrent mark sweep GC freed 1637(94KB) AllocSpace objects, 2(36KB) LOS objects, 8% free, 182MB/198MB, paused 1.375ms total 69.801ms
08-04 12:46:04.622 25165 25227 I art     : Starting a blocking GC Explicit
08-04 12:46:04.681 25165 25227 I art     : Explicit concurrent mark sweep GC freed 53(2032B) AllocSpace objects, 0(0B) LOS objects, 8% free, 182MB/198MB, paused 1.383ms total 57.860ms
08-04 12:46:04.702 25165 25227 I art     : Starting a blocking GC Explicit
08-04 12:46:04.752 25165 25227 I art     : Explicit concurrent mark sweep GC freed 3(96B) AllocSpace objects, 0(0B) LOS objects, 8% free, 182MB/198MB, paused 1.121ms total 50.266ms
08-04 12:46:04.770 25165 25227 I art     : Starting a blocking GC Explicit
08-04 12:46:04.816 25165 25227 I art     : Explicit concurrent mark sweep GC freed 3(96B) AllocSpace objects, 0(0B) LOS objects, 8% free, 182MB/198MB, paused 1.167ms total 45.126ms
08-04 12:46:04.834 25165 25227 I art     : Starting a blocking GC Explicit
08-04 12:46:04.881 25165 25227 I art     : Explicit concurrent mark sweep GC freed 3(96B) AllocSpace objects, 0(0B) LOS objects, 8% free, 182MB/198MB, paused 1.160ms total 47.439ms
08-04 12:46:05.014 13866 13882 I PeriodicStatsRunner: PeriodicStatsRunner.call():175 call()
08-04 12:46:05.014 13866 13882 I PeriodicStatsRunner: PeriodicStatsRunner.call():179 No submit PeriodicStats since input started.
08-04 12:46:05.274 27222 27222 D AndroidRuntime: >>>>>> START com.android.internal.os.RuntimeInit uid 2000 <<<<<<
08-04 12:46:05.281 27222 27222 D AndroidRuntime: CheckJNI is OFF
08-04 12:46:05.293 25165 25177 I art     : Starting a blocking GC Explicit
08-04 12:46:05.327 27222 27222 D ICU     : No timezone override file found: /data/misc/zoneinfo/current/icu/icu_tzdata.dat
08-04 12:46:05.345 25165 25177 I art     : Explicit concurrent mark sweep GC freed 1626(93KB) AllocSpace objects, 2(36KB) LOS objects, 8% free, 182MB/198MB, paused 1.283ms total 51.366ms
08-04 12:46:05.363 25165 25177 I art     : Starting a blocking GC Explicit
08-04 12:46:05.375 27222 27222 I Radio-JNI: register_android_hardware_Radio DONE
08-04 12:46:05.405 27222 27222 D AndroidRuntime: Calling main entry com.android.commands.input.Input
08-04 12:46:05.407 27222 27222 I Input   : injectMotionEvent: MotionEvent { action=ACTION_DOWN, actionButton=0, id[0]=0, x[0]=1341.0, y[0]=197.0, toolType[0]=TOOL_TYPE_UNKNOWN, buttonState=0, metaState=0, flags=0x0, edgeFlags=0x0, pointerCount=1, historySize=0, eventTime=708381819, downTime=708381819, deviceId=0, source=0x1002 }
08-04 12:46:05.412 25165 25177 I art     : Explicit concurrent mark sweep GC freed 42(1456B) AllocSpace objects, 0(0B) LOS objects, 8% free, 182MB/198MB, paused 1.397ms total 48.816ms
08-04 12:46:05.414 27222 27222 I Input   : injectMotionEvent: MotionEvent { action=ACTION_UP, actionButton=0, id[0]=0, x[0]=1341.0, y[0]=197.0, toolType[0]=TOOL_TYPE_UNKNOWN, buttonState=0, metaState=0, flags=0x0, edgeFlags=0x0, pointerCount=1, historySize=0, eventTime=708381819, downTime=708381819, deviceId=0, source=0x1002 }
08-04 12:46:05.418 27222 27222 D AndroidRuntime: Shutting down VM
08-04 12:46:05.430 25165 25177 I art     : Starting a blocking GC Explicit
08-04 12:46:05.438   918  3696 I ActivityManager: START u0 {cmp=baseline.io.github.project_travel_mate/.notifications.NotificationsActivity} from uid 10650 on display 0
08-04 12:46:05.439   512  2967 D audio_hw_primary: out_set_parameters: enter: usecase(1: low-latency-playback) kvpairs: routing=2
08-04 12:46:05.454   512  2967 D audio_hw_primary: select_devices: out_snd_device(2: speaker) in_snd_device(0: none)
08-04 12:46:05.454   512  2967 D msm8974_platform: platform_send_audio_calibration: sending audio calibration for snd_device(2) acdb_id(15)
08-04 12:46:05.454   512  2967 I soundtrigger: audio_extn_sound_trigger_update_device_status: device 0x2 of type 0 for Event 1
08-04 12:46:05.463   512  2967 D audio_hw_primary: enable_snd_device: snd_device(2: speaker)
08-04 12:46:05.465   512  2967 D audio_hw_primary: enable_audio_route: apply and update mixer path: low-latency-playback speaker
08-04 12:46:05.473 25165 25247 D Gabe    : call	returning from cache
08-04 12:46:05.477 25165 25177 I art     : Explicit concurrent mark sweep GC freed 326(23KB) AllocSpace objects, 0(0B) LOS objects, 8% free, 183MB/199MB, paused 1.543ms total 46.607ms
08-04 12:46:05.482 25165 25165 V EXECUTING: https://project-travel-mate.herokuapp.com/api/get-notifications
08-04 12:46:05.489 25165 25165 V EXECUTING: https://project-travel-mate.herokuapp.com/api/get-notifications
08-04 12:46:05.495 25165 25177 I art     : Starting a blocking GC Explicit
08-04 12:46:05.540 25165 25177 I art     : Explicit concurrent mark sweep GC freed 1029(79KB) AllocSpace objects, 0(0B) LOS objects, 8% free, 183MB/199MB, paused 1.274ms total 44.200ms
08-04 12:46:05.558 25165 25177 I art     : Starting a blocking GC Explicit
08-04 12:46:05.606 25165 25177 I art     : Explicit concurrent mark sweep GC freed 826(27KB) AllocSpace objects, 0(0B) LOS objects, 7% free, 187MB/203MB, paused 1.681ms total 47.730ms
08-04 12:46:05.650   918   936 I ActivityManager: Displayed baseline.io.github.project_travel_mate/.notifications.NotificationsActivity: +203ms
08-04 12:46:05.655 13866 13866 I GoogleInputMethodServic: GoogleInputMethodService.onFinishInput():3138 
08-04 12:46:05.655 13866 13866 I GoogleInputMethodServic: GoogleInputMethodService.onStartInput():1808 
08-04 12:46:05.762 25165 25180 D OpenGLRenderer: endAllStagingAnimators on 0x7f7e23dc00 (RippleDrawable) with handle 0x7f7aad5920
08-04 12:46:05.901   380   380 W SurfaceFlinger: couldn't log to binary event log: overflow.
08-04 12:46:05.969 25165 25177 I art     : Starting a blocking GC Explicit
08-04 12:46:05.999   512  2967 D audio_hw_primary: disable_audio_route: reset and update mixer path: low-latency-playback speaker
08-04 12:46:06.002   512  2967 D audio_hw_primary: disable_snd_device: snd_device(2: speaker)
08-04 12:46:06.016   512  2967 I soundtrigger: audio_extn_sound_trigger_update_device_status: device 0x2 of type 0 for Event 0
08-04 12:46:06.019 25165 25177 I art     : Explicit concurrent mark sweep GC freed 3660(227KB) AllocSpace objects, 6(276KB) LOS objects, 7% free, 187MB/203MB, paused 1.727ms total 49.936ms
08-04 12:46:06.039 25165 25177 I art     : Starting a blocking GC Explicit
08-04 12:46:06.076 25165 27247 I NAPPA_EXPERIMENTATION: MetricNetworkRequestExecutionTime: REQUEST_DURATION_SYSTEM='587',REQUEST_DURATION_OKHTTP='30',REQUEST_SYNCHRONOUS='FALSE',RESPONSE_CODE='200',RESPONSE_METHOD='GET',RESPONSE_LENGTH_OKHTTP='2',RESPONSE_LENGTH_HEADER='2',REQUEST_PROTOCOL='http/1.1',REQUEST_URL='https://project-travel-mate.herokuapp.com/api/get-notifications',
08-04 12:46:06.087 25165 25177 I art     : Explicit concurrent mark sweep GC freed 4464(212KB) AllocSpace objects, 2(160KB) LOS objects, 7% free, 188MB/204MB, paused 1.601ms total 47.928ms
08-04 12:46:06.095 25165 27246 I NAPPA_EXPERIMENTATION: MetricNetworkRequestExecutionTime: REQUEST_DURATION_SYSTEM='611',REQUEST_DURATION_OKHTTP='46',REQUEST_SYNCHRONOUS='FALSE',RESPONSE_CODE='200',RESPONSE_METHOD='GET',RESPONSE_LENGTH_OKHTTP='2',RESPONSE_LENGTH_HEADER='2',REQUEST_PROTOCOL='http/1.1',REQUEST_URL='https://project-travel-mate.herokuapp.com/api/get-notifications',
08-04 12:46:06.104 25165 25177 I art     : Starting a blocking GC Explicit
08-04 12:46:06.150 25165 25177 I art     : Explicit concurrent mark sweep GC freed 1852(206KB) AllocSpace objects, 0(0B) LOS objects, 7% free, 187MB/203MB, paused 1.395ms total 45.437ms
08-04 12:46:06.168 25165 25177 I art     : Starting a blocking GC Explicit
08-04 12:46:06.207 25165 25165 V Response: [] 
08-04 12:46:06.216 25165 25177 W art     : Suspending all threads took: 5.217ms
08-04 12:46:06.218 25165 25177 I art     : Explicit concurrent mark sweep GC freed 65(2480B) AllocSpace objects, 0(0B) LOS objects, 7% free, 187MB/203MB, paused 6.792ms total 50.477ms
08-04 12:46:06.235 25165 25165 V Response: [] 
08-04 12:46:06.236 25165 25177 I art     : Starting a blocking GC Explicit
08-04 12:46:06.243 25165 25247 W LOTTIE  : Animation contains merge paths. Merge paths are only supported on KitKat+ and must be manually enabled by calling enableMergePathsForKitKatAndAbove().
08-04 12:46:06.252 25165 25247 W LOTTIE  : Animation contains merge paths. Merge paths are only supported on KitKat+ and must be manually enabled by calling enableMergePathsForKitKatAndAbove().
08-04 12:46:06.255 25165 25247 W LOTTIE  : Animation contains merge paths. Merge paths are only supported on KitKat+ and must be manually enabled by calling enableMergePathsForKitKatAndAbove().
08-04 12:46:06.258 25165 25247 W LOTTIE  : Animation contains merge paths. Merge paths are only supported on KitKat+ and must be manually enabled by calling enableMergePathsForKitKatAndAbove().
08-04 12:46:06.260 25165 25247 W LOTTIE  : Animation contains merge paths. Merge paths are only supported on KitKat+ and must be manually enabled by calling enableMergePathsForKitKatAndAbove().
08-04 12:46:06.263 25165 25247 W LOTTIE  : Animation contains merge paths. Merge paths are only supported on KitKat+ and must be manually enabled by calling enableMergePathsForKitKatAndAbove().
08-04 12:46:06.265 25165 25247 W LOTTIE  : Animation contains merge paths. Merge paths are only supported on KitKat+ and must be manually enabled by calling enableMergePathsForKitKatAndAbove().
08-04 12:46:06.266 25165 25165 W LOTTIE  : Animation contains merge paths but they are disabled.
08-04 12:46:06.281 25165 25177 I art     : Explicit concurrent mark sweep GC freed 8793(367KB) AllocSpace objects, 1(188KB) LOS objects, 7% free, 187MB/203MB, paused 1.353ms total 44.835ms
08-04 12:46:06.664 25165 25178 I art     : Starting a blocking GC Explicit
08-04 12:46:06.709 25165 25178 I art     : Explicit concurrent mark sweep GC freed 5636(233KB) AllocSpace objects, 2(36KB) LOS objects, 7% free, 187MB/203MB, paused 1.203ms total 45.013ms
08-04 12:46:06.727 25165 25178 I art     : Starting a blocking GC Explicit
08-04 12:46:06.769 25165 25178 I art     : Explicit concurrent mark sweep GC freed 387(14KB) AllocSpace objects, 0(0B) LOS objects, 7% free, 187MB/203MB, paused 1.139ms total 42.257ms
08-04 12:46:06.787 25165 25178 I art     : Starting a blocking GC Explicit
08-04 12:46:06.830 25165 25178 I art     : Explicit concurrent mark sweep GC freed 326(6KB) AllocSpace objects, 0(0B) LOS objects, 7% free, 187MB/203MB, paused 1.105ms total 43.051ms
08-04 12:46:06.847 25165 25178 I art     : Starting a blocking GC Explicit
08-04 12:46:06.891 25165 25178 I art     : Explicit concurrent mark sweep GC freed 246(3KB) AllocSpace objects, 0(0B) LOS objects, 7% free, 187MB/203MB, paused 1.258ms total 43.337ms
08-04 12:46:06.908 25165 25178 I art     : Starting a blocking GC Explicit
08-04 12:46:06.951 25165 25178 I art     : Explicit concurrent mark sweep GC freed 250(4KB) AllocSpace objects, 0(0B) LOS objects, 7% free, 187MB/203MB, paused 1.112ms total 42.503ms
08-04 12:46:07.333 25165 25177 I art     : Starting a blocking GC Explicit
08-04 12:46:07.378 25165 25177 I art     : Explicit concurrent mark sweep GC freed 3463(122KB) AllocSpace objects, 2(36KB) LOS objects, 7% free, 187MB/203MB, paused 1.285ms total 44.140ms
08-04 12:46:07.395 25165 25177 I art     : Starting a blocking GC Explicit
08-04 12:46:07.440 25165 25177 I art     : Explicit concurrent mark sweep GC freed 254(4KB) AllocSpace objects, 0(0B) LOS objects, 7% free, 187MB/203MB, paused 1.364ms total 44.951ms
08-04 12:46:07.458 25165 25177 I art     : Starting a blocking GC Explicit
08-04 12:46:07.502 25165 25177 I art     : Explicit concurrent mark sweep GC freed 267(4KB) AllocSpace objects, 0(0B) LOS objects, 7% free, 187MB/203MB, paused 1.080ms total 44.201ms
08-04 12:46:07.519 25165 25177 I art     : Starting a blocking GC Explicit
08-04 12:46:07.562 25165 25177 I art     : Explicit concurrent mark sweep GC freed 282(4KB) AllocSpace objects, 0(0B) LOS objects, 7% free, 187MB/203MB, paused 1.114ms total 42.280ms
08-04 12:46:07.579 25165 25177 I art     : Starting a blocking GC Explicit
08-04 12:46:07.623 25165 25177 I art     : Explicit concurrent mark sweep GC freed 235(4KB) AllocSpace objects, 0(0B) LOS objects, 7% free, 187MB/203MB, paused 1.235ms total 43.449ms
08-04 12:46:08.015 25165 25227 I art     : Starting a blocking GC Explicit
08-04 12:46:08.059 25165 25227 I art     : Explicit concurrent mark sweep GC freed 3473(122KB) AllocSpace objects, 2(36KB) LOS objects, 7% free, 187MB/203MB, paused 1.273ms total 44.316ms
08-04 12:46:08.077 25165 25227 I art     : Starting a blocking GC Explicit
08-04 12:46:08.122 25165 25227 I art     : Explicit concurrent mark sweep GC freed 245(4KB) AllocSpace objects, 0(0B) LOS objects, 7% free, 187MB/203MB, paused 1.080ms total 44.978ms
08-04 12:46:08.140 25165 25227 I art     : Starting a blocking GC Explicit
08-04 12:46:08.184 25165 25227 I art     : Explicit concurrent mark sweep GC freed 283(4KB) AllocSpace objects, 0(0B) LOS objects, 7% free, 187MB/203MB, paused 1.092ms total 44.105ms
08-04 12:46:08.202 25165 25227 I art     : Starting a blocking GC Explicit
08-04 12:46:08.245 25165 25227 I art     : Explicit concurrent mark sweep GC freed 312(5KB) AllocSpace objects, 0(0B) LOS objects, 7% free, 187MB/203MB, paused 1.091ms total 43.109ms
08-04 12:46:08.262 25165 25227 I art     : Starting a blocking GC Explicit
08-04 12:46:08.305 25165 25227 I art     : Explicit concurrent mark sweep GC freed 224(3KB) AllocSpace objects, 0(0B) LOS objects, 7% free, 187MB/203MB, paused 1.296ms total 42.655ms
08-04 12:46:08.681 25165 25178 I art     : Starting a blocking GC Explicit
08-04 12:46:08.727 25165 25178 I art     : Explicit concurrent mark sweep GC freed 3344(120KB) AllocSpace objects, 2(36KB) LOS objects, 7% free, 187MB/203MB, paused 1.358ms total 45.864ms
08-04 12:46:08.745 25165 25178 I art     : Starting a blocking GC Explicit
08-04 12:46:08.790 25165 25178 I art     : Explicit concurrent mark sweep GC freed 309(5KB) AllocSpace objects, 0(0B) LOS objects, 7% free, 187MB/203MB, paused 1.094ms total 45.150ms
08-04 12:46:08.808 25165 25178 I art     : Starting a blocking GC Explicit
08-04 12:46:08.851 25165 25178 I art     : Explicit concurrent mark sweep GC freed 283(4KB) AllocSpace objects, 0(0B) LOS objects, 7% free, 187MB/203MB, paused 1.086ms total 42.367ms
08-04 12:46:08.868 25165 25178 I art     : Starting a blocking GC Explicit
08-04 12:46:08.911 25165 25178 I art     : Explicit concurrent mark sweep GC freed 275(4KB) AllocSpace objects, 0(0B) LOS objects, 7% free, 187MB/203MB, paused 1.232ms total 42.781ms
08-04 12:46:08.928 25165 25178 I art     : Starting a blocking GC Explicit
08-04 12:46:08.971 25165 25178 I art     : Explicit concurrent mark sweep GC freed 221(3KB) AllocSpace objects, 0(0B) LOS objects, 7% free, 187MB/203MB, paused 1.113ms total 43.175ms
08-04 12:46:09.373 25165 25226 I art     : Starting a blocking GC Explicit
08-04 12:46:09.419 25165 25226 I art     : Explicit concurrent mark sweep GC freed 3516(123KB) AllocSpace objects, 2(36KB) LOS objects, 7% free, 187MB/203MB, paused 1.113ms total 45.615ms
08-04 12:46:09.437 25165 25226 I art     : Starting a blocking GC Explicit
08-04 12:46:09.483 25165 25226 I art     : Explicit concurrent mark sweep GC freed 309(5KB) AllocSpace objects, 0(0B) LOS objects, 7% free, 187MB/203MB, paused 1.305ms total 44.933ms
08-04 12:46:09.500 25165 25226 I art     : Starting a blocking GC Explicit
08-04 12:46:09.544 25165 25226 I art     : Explicit concurrent mark sweep GC freed 228(3KB) AllocSpace objects, 0(0B) LOS objects, 7% free, 187MB/203MB, paused 1.088ms total 44.249ms
08-04 12:46:09.562 25165 25226 I art     : Starting a blocking GC Explicit
08-04 12:46:09.606 25165 25226 I art     : Explicit concurrent mark sweep GC freed 295(4KB) AllocSpace objects, 0(0B) LOS objects, 7% free, 187MB/203MB, paused 1.065ms total 43.615ms
08-04 12:46:09.623 25165 25226 I art     : Starting a blocking GC Explicit
08-04 12:46:09.666 25165 25226 I art     : Explicit concurrent mark sweep GC freed 283(4KB) AllocSpace objects, 0(0B) LOS objects, 7% free, 187MB/203MB, paused 1.126ms total 42.739ms
08-04 12:46:10.035 25165 25227 I art     : Starting a blocking GC Explicit
08-04 12:46:10.082 25165 25227 I art     : Explicit concurrent mark sweep GC freed 3332(120KB) AllocSpace objects, 2(36KB) LOS objects, 7% free, 187MB/203MB, paused 1.412ms total 46.760ms
08-04 12:46:10.099 25165 25227 I art     : Starting a blocking GC Explicit
08-04 12:46:10.144 25165 25227 I art     : Explicit concurrent mark sweep GC freed 456(15KB) AllocSpace objects, 0(0B) LOS objects, 7% free, 187MB/203MB, paused 1.293ms total 44.293ms
08-04 12:46:10.157 27315 27315 D AndroidRuntime: >>>>>> START com.android.internal.os.RuntimeInit uid 2000 <<<<<<
08-04 12:46:10.162 25165 25227 I art     : Starting a blocking GC Explicit
08-04 12:46:10.162 27315 27315 D AndroidRuntime: CheckJNI is OFF
08-04 12:46:10.202 27315 27315 D ICU     : No timezone override file found: /data/misc/zoneinfo/current/icu/icu_tzdata.dat
08-04 12:46:10.208 25165 25227 I art     : Explicit concurrent mark sweep GC freed 215(3KB) AllocSpace objects, 0(0B) LOS objects, 7% free, 187MB/203MB, paused 1.178ms total 45.629ms
08-04 12:46:10.225 25165 25227 I art     : Starting a blocking GC Explicit
08-04 12:46:10.242 27315 27315 I Radio-JNI: register_android_hardware_Radio DONE
08-04 12:46:10.271 25165 25227 I art     : Explicit concurrent mark sweep GC freed 314(5KB) AllocSpace objects, 0(0B) LOS objects, 7% free, 187MB/203MB, paused 1.130ms total 44.870ms
08-04 12:46:10.271 27315 27315 D AndroidRuntime: Calling main entry com.android.commands.input.Input
08-04 12:46:10.272 27315 27315 I Input   : injectKeyEvent: KeyEvent { action=ACTION_DOWN, keyCode=KEYCODE_BACK, scanCode=0, metaState=0, flags=0x0, repeatCount=0, eventTime=708386685, downTime=708386685, deviceId=-1, source=0x101 }
08-04 12:46:10.286 27315 27315 I Input   : injectKeyEvent: KeyEvent { action=ACTION_UP, keyCode=KEYCODE_BACK, scanCode=0, metaState=0, flags=0x0, repeatCount=0, eventTime=708386685, downTime=708386685, deviceId=-1, source=0x101 }
08-04 12:46:10.288 25165 25227 I art     : Starting a blocking GC Explicit
08-04 12:46:10.292 27315 27315 D AndroidRuntime: Shutting down VM
08-04 12:46:10.309 25165 25165 V MainActivity: url = https://project-travel-mate.herokuapp.com/api/number-of-unread-notifications
08-04 12:46:10.332 25165 25227 I art     : Explicit concurrent mark sweep GC freed 469(15KB) AllocSpace objects, 0(0B) LOS objects, 7% free, 187MB/203MB, paused 1.231ms total 43.339ms
08-04 12:46:10.344 13866 13866 I GoogleInputMethodServic: GoogleInputMethodService.onFinishInput():3138 
08-04 12:46:10.344 13866 13866 I GoogleInputMethodServic: GoogleInputMethodService.onStartInput():1808 
08-04 12:46:10.655   380   380 W SurfaceFlinger: couldn't log to binary event log: overflow.
08-04 12:46:10.662 13866 13882 I PeriodicStatsRunner: PeriodicStatsRunner.call():175 call()
08-04 12:46:10.663 13866 13882 I PeriodicStatsRunner: PeriodicStatsRunner.call():179 No submit PeriodicStats since input started.
08-04 12:46:10.730 25165 25226 I art     : Starting a blocking GC Explicit
08-04 12:46:10.784 25165 25226 I art     : Explicit concurrent mark sweep GC freed 2181(110KB) AllocSpace objects, 3(4MB) LOS objects, 8% free, 183MB/199MB, paused 1.325ms total 53.086ms
08-04 12:46:10.801 25165 25226 I art     : Starting a blocking GC Explicit
08-04 12:46:10.848 25165 25226 I art     : Explicit concurrent mark sweep GC freed 587(27KB) AllocSpace objects, 0(0B) LOS objects, 8% free, 183MB/199MB, paused 1.384ms total 46.617ms
08-04 12:46:10.866 25165 25226 I art     : Starting a blocking GC Explicit
08-04 12:46:10.918 25165 25226 I art     : Explicit concurrent mark sweep GC freed 3222(153KB) AllocSpace objects, 2(56KB) LOS objects, 8% free, 183MB/199MB, paused 1.335ms total 51.571ms
08-04 12:46:10.936 25165 25226 I art     : Starting a blocking GC Explicit
08-04 12:46:10.990 25165 25226 I art     : Explicit concurrent mark sweep GC freed 3(96B) AllocSpace objects, 0(0B) LOS objects, 8% free, 183MB/199MB, paused 1.544ms total 53.455ms
08-04 12:46:11.013 25165 25226 I art     : Starting a blocking GC Explicit
08-04 12:46:11.064 25165 25226 I art     : Explicit concurrent mark sweep GC freed 3(96B) AllocSpace objects, 0(0B) LOS objects, 8% free, 183MB/199MB, paused 1.287ms total 51.210ms
08-04 12:46:11.190 25165 27339 I NAPPA_EXPERIMENTATION: MetricNetworkRequestExecutionTime: REQUEST_DURATION_SYSTEM='880',REQUEST_DURATION_OKHTTP='29',REQUEST_SYNCHRONOUS='FALSE',RESPONSE_CODE='200',RESPONSE_METHOD='GET',RESPONSE_LENGTH_OKHTTP='36',RESPONSE_LENGTH_HEADER='36',REQUEST_PROTOCOL='http/1.1',REQUEST_URL='https://project-travel-mate.herokuapp.com/api/number-of-unread-notifications',
08-04 12:46:11.466 25165 25177 I art     : Starting a blocking GC Explicit
08-04 12:46:11.531 25165 25177 I art     : Explicit concurrent mark sweep GC freed 4423(241KB) AllocSpace objects, 5(236KB) LOS objects, 8% free, 183MB/199MB, paused 1.449ms total 63.951ms
08-04 12:46:11.555 25165 25177 I art     : Starting a blocking GC Explicit
08-04 12:46:11.603 25165 25177 I art     : Explicit concurrent mark sweep GC freed 962(117KB) AllocSpace objects, 0(0B) LOS objects, 8% free, 183MB/199MB, paused 1.227ms total 48.170ms
08-04 12:46:11.621 25165 25177 I art     : Starting a blocking GC Explicit
08-04 12:46:11.670 25165 25177 I art     : Explicit concurrent mark sweep GC freed 9(496B) AllocSpace objects, 0(0B) LOS objects, 8% free, 183MB/199MB, paused 1.278ms total 48.599ms
08-04 12:46:11.688 25165 25177 I art     : Starting a blocking GC Explicit
08-04 12:46:11.738 25165 25177 I art     : Explicit concurrent mark sweep GC freed 15(672B) AllocSpace objects, 0(0B) LOS objects, 8% free, 183MB/199MB, paused 1.360ms total 49.647ms
08-04 12:46:11.757 25165 25177 I art     : Starting a blocking GC Explicit
08-04 12:46:11.774   918  3188 I hubconnection: sensorhub said: 'set_bias 3: -6.2400, 0.0000, 0.0000'
08-04 12:46:11.805 25165 25177 I art     : Explicit concurrent mark sweep GC freed 7(320B) AllocSpace objects, 0(0B) LOS objects, 8% free, 183MB/199MB, paused 1.245ms total 48.614ms
08-04 12:46:12.080 27361 27361 D AndroidRuntime: >>>>>> START com.android.internal.os.RuntimeInit uid 2000 <<<<<<
08-04 12:46:12.087 27361 27361 D AndroidRuntime: CheckJNI is OFF
08-04 12:46:12.133 27361 27361 D ICU     : No timezone override file found: /data/misc/zoneinfo/current/icu/icu_tzdata.dat
08-04 12:46:12.180 27361 27361 I Radio-JNI: register_android_hardware_Radio DONE
08-04 12:46:12.192 25165 25178 I art     : Starting a blocking GC Explicit
08-04 12:46:12.211 27361 27361 D AndroidRuntime: Calling main entry com.android.commands.input.Input
08-04 12:46:12.213 27361 27361 I Input   : injectMotionEvent: MotionEvent { action=ACTION_DOWN, actionButton=0, id[0]=0, x[0]=117.0, y[0]=170.0, toolType[0]=TOOL_TYPE_UNKNOWN, buttonState=0, metaState=0, flags=0x0, edgeFlags=0x0, pointerCount=1, historySize=0, eventTime=708388625, downTime=708388625, deviceId=0, source=0x1002 }
08-04 12:46:12.219 27361 27361 I Input   : injectMotionEvent: MotionEvent { action=ACTION_UP, actionButton=0, id[0]=0, x[0]=117.0, y[0]=170.0, toolType[0]=TOOL_TYPE_UNKNOWN, buttonState=0, metaState=0, flags=0x0, edgeFlags=0x0, pointerCount=1, historySize=0, eventTime=708388625, downTime=708388625, deviceId=0, source=0x1002 }
08-04 12:46:12.222 27361 27361 D AndroidRuntime: Shutting down VM
08-04 12:46:12.227   512  2967 D audio_hw_primary: out_set_parameters: enter: usecase(1: low-latency-playback) kvpairs: routing=2
08-04 12:46:12.241   512  2967 D audio_hw_primary: select_devices: out_snd_device(2: speaker) in_snd_device(0: none)
08-04 12:46:12.241   512  2967 D msm8974_platform: platform_send_audio_calibration: sending audio calibration for snd_device(2) acdb_id(15)
08-04 12:46:12.241   512  2967 I soundtrigger: audio_extn_sound_trigger_update_device_status: device 0x2 of type 0 for Event 1
08-04 12:46:12.248 25165 25178 I art     : Explicit concurrent mark sweep GC freed 1635(93KB) AllocSpace objects, 2(36KB) LOS objects, 8% free, 183MB/199MB, paused 1.923ms total 54.839ms
08-04 12:46:12.253   512  2967 D audio_hw_primary: enable_snd_device: snd_device(2: speaker)
08-04 12:46:12.255   512  2967 D audio_hw_primary: enable_audio_route: apply and update mixer path: low-latency-playback speaker
08-04 12:46:12.265 25165 25178 I art     : Starting a blocking GC Explicit
08-04 12:46:12.313 25165 25178 I art     : Explicit concurrent mark sweep GC freed 327(17KB) AllocSpace objects, 0(0B) LOS objects, 8% free, 183MB/199MB, paused 1.138ms total 47.353ms
08-04 12:46:12.331 25165 25178 I art     : Starting a blocking GC Explicit
08-04 12:46:12.377 25165 25178 I art     : Explicit concurrent mark sweep GC freed 115(4KB) AllocSpace objects, 0(0B) LOS objects, 8% free, 183MB/199MB, paused 1.313ms total 46.350ms
08-04 12:46:12.395 25165 25178 I art     : Starting a blocking GC Explicit
08-04 12:46:12.442 25165 25178 I art     : Explicit concurrent mark sweep GC freed 3(96B) AllocSpace objects, 0(0B) LOS objects, 8% free, 183MB/199MB, paused 1.580ms total 47.133ms
08-04 12:46:12.442 25165 25175 I art     : WaitForGcToComplete blocked for 47.508ms for cause HeapTrim
08-04 12:46:12.461 25165 25178 I art     : Starting a blocking GC Explicit
08-04 12:46:12.505 25165 25178 I art     : Explicit concurrent mark sweep GC freed 3(96B) AllocSpace objects, 0(0B) LOS objects, 8% free, 183MB/199MB, paused 1.213ms total 44.004ms
08-04 12:46:12.800   512  2967 D audio_hw_primary: disable_audio_route: reset and update mixer path: low-latency-playback speaker
08-04 12:46:12.802   512  2967 D audio_hw_primary: disable_snd_device: snd_device(2: speaker)
08-04 12:46:12.810   512  2967 I soundtrigger: audio_extn_sound_trigger_update_device_status: device 0x2 of type 0 for Event 0
08-04 12:46:12.878 25165 25227 I art     : Starting a blocking GC Explicit
08-04 12:46:12.928 25165 25227 I art     : Explicit concurrent mark sweep GC freed 1587(92KB) AllocSpace objects, 2(36KB) LOS objects, 8% free, 183MB/199MB, paused 1.305ms total 49.128ms
08-04 12:46:12.946 25165 25227 I art     : Starting a blocking GC Explicit
08-04 12:46:12.993 27392 27392 D AndroidRuntime: >>>>>> START com.android.internal.os.RuntimeInit uid 2000 <<<<<<
08-04 12:46:12.995 25165 25227 I art     : Explicit concurrent mark sweep GC freed 36(1280B) AllocSpace objects, 0(0B) LOS objects, 8% free, 183MB/199MB, paused 1.330ms total 48.377ms
08-04 12:46:12.999 27392 27392 D AndroidRuntime: CheckJNI is OFF
08-04 12:46:13.013 25165 25227 I art     : Starting a blocking GC Explicit
08-04 12:46:13.044 27392 27392 D ICU     : No timezone override file found: /data/misc/zoneinfo/current/icu/icu_tzdata.dat
08-04 12:46:13.060 25165 25227 I art     : Explicit concurrent mark sweep GC freed 5(160B) AllocSpace objects, 0(0B) LOS objects, 8% free, 183MB/199MB, paused 1.219ms total 46.860ms
08-04 12:46:13.078 25165 25227 I art     : Starting a blocking GC Explicit
08-04 12:46:13.087 27392 27392 I Radio-JNI: register_android_hardware_Radio DONE
08-04 12:46:13.116 27392 27392 D AndroidRuntime: Calling main entry com.android.commands.input.Input
08-04 12:46:13.118 27392 27392 I Input   : injectMotionEvent: MotionEvent { action=ACTION_DOWN, actionButton=0, id[0]=0, x[0]=418.0, y[0]=842.0, toolType[0]=TOOL_TYPE_UNKNOWN, buttonState=0, metaState=0, flags=0x0, edgeFlags=0x0, pointerCount=1, historySize=0, eventTime=708389530, downTime=708389530, deviceId=0, source=0x1002 }
08-04 12:46:13.122 27392 27392 I Input   : injectMotionEvent: MotionEvent { action=ACTION_UP, actionButton=0, id[0]=0, x[0]=418.0, y[0]=842.0, toolType[0]=TOOL_TYPE_UNKNOWN, buttonState=0, metaState=0, flags=0x0, edgeFlags=0x0, pointerCount=1, historySize=0, eventTime=708389530, downTime=708389530, deviceId=0, source=0x1002 }
08-04 12:46:13.124 27392 27392 D AndroidRuntime: Shutting down VM
08-04 12:46:13.126 25165 25227 I art     : Explicit concurrent mark sweep GC freed 8(224B) AllocSpace objects, 0(0B) LOS objects, 8% free, 183MB/199MB, paused 1.465ms total 47.764ms
08-04 12:46:13.144   512  2967 D audio_hw_primary: out_set_parameters: enter: usecase(1: low-latency-playback) kvpairs: routing=2
08-04 12:46:13.145 25165 25227 I art     : Starting a blocking GC Explicit
08-04 12:46:13.149 25165 25247 D Gabe    : call	returning from cache
08-04 12:46:13.159   512  2967 D audio_hw_primary: select_devices: out_snd_device(2: speaker) in_snd_device(0: none)
08-04 12:46:13.159   512  2967 D msm8974_platform: platform_send_audio_calibration: sending audio calibration for snd_device(2) acdb_id(15)
08-04 12:46:13.159   512  2967 I soundtrigger: audio_extn_sound_trigger_update_device_status: device 0x2 of type 0 for Event 1
08-04 12:46:13.169   512  2967 D audio_hw_primary: enable_snd_device: snd_device(2: speaker)
08-04 12:46:13.169 25165 25165 V MainActivity: url = https://project-travel-mate.herokuapp.com/api/number-of-unread-notifications
08-04 12:46:13.171   512  2967 D audio_hw_primary: enable_audio_route: apply and update mixer path: low-latency-playback speaker
08-04 12:46:13.195 25165 25227 I art     : Explicit concurrent mark sweep GC freed 1039(57KB) AllocSpace objects, 0(0B) LOS objects, 8% free, 183MB/199MB, paused 1.735ms total 48.810ms
08-04 12:46:13.218   512  2967 D AudioFlinger: mixer(0xf4740000) throttle end: throttle time(12)
08-04 12:46:13.576 25165 25177 I art     : Starting a blocking GC Explicit
08-04 12:46:13.635 25165 25177 I art     : Explicit concurrent mark sweep GC freed 4096(252KB) AllocSpace objects, 2(36KB) LOS objects, 8% free, 183MB/199MB, paused 2.132ms total 58.825ms
08-04 12:46:13.654 25165 25177 I art     : Starting a blocking GC Explicit
08-04 12:46:13.692 25165 25165 I Choreographer: Skipped 31 frames!  The application may be doing too much work on its main thread.
08-04 12:46:13.712 25165 25177 I art     : Explicit concurrent mark sweep GC freed 1730(60KB) AllocSpace objects, 9(252KB) LOS objects, 8% free, 183MB/199MB, paused 2.069ms total 57.379ms
08-04 12:46:13.718   512  2967 D audio_hw_primary: disable_audio_route: reset and update mixer path: low-latency-playback speaker
08-04 12:46:13.719   512  2967 D audio_hw_primary: disable_snd_device: snd_device(2: speaker)
08-04 12:46:13.726   512  2967 I soundtrigger: audio_extn_sound_trigger_update_device_status: device 0x2 of type 0 for Event 0
08-04 12:46:13.730 25165 25177 I art     : Starting a blocking GC Explicit
08-04 12:46:13.784 25165 25177 I art     : Explicit concurrent mark sweep GC freed 943(63KB) AllocSpace objects, 0(0B) LOS objects, 8% free, 183MB/199MB, paused 1.944ms total 53.598ms
08-04 12:46:13.803 25165 25177 I art     : Starting a blocking GC Explicit
08-04 12:46:13.861 25165 25177 I art     : Explicit concurrent mark sweep GC freed 500(29KB) AllocSpace objects, 0(0B) LOS objects, 8% free, 183MB/199MB, paused 1.975ms total 57.810ms
08-04 12:46:13.880 25165 25177 I art     : Starting a blocking GC Explicit
08-04 12:46:13.937 25165 25177 I art     : Explicit concurrent mark sweep GC freed 870(26KB) AllocSpace objects, 0(0B) LOS objects, 8% free, 183MB/199MB, paused 1.215ms total 56.368ms
08-04 12:46:14.057 25165 27414 I NAPPA_EXPERIMENTATION: MetricNetworkRequestExecutionTime: REQUEST_DURATION_SYSTEM='887',REQUEST_DURATION_OKHTTP='31',REQUEST_SYNCHRONOUS='FALSE',RESPONSE_CODE='200',RESPONSE_METHOD='GET',RESPONSE_LENGTH_OKHTTP='36',RESPONSE_LENGTH_HEADER='36',REQUEST_PROTOCOL='http/1.1',REQUEST_URL='https://project-travel-mate.herokuapp.com/api/number-of-unread-notifications',
08-04 12:46:14.339 25165 25227 I art     : Starting a blocking GC Explicit
08-04 12:46:14.401 25165 25227 I art     : Explicit concurrent mark sweep GC freed 5170(255KB) AllocSpace objects, 5(252KB) LOS objects, 7% free, 184MB/200MB, paused 1.303ms total 61.687ms
08-04 12:46:14.423 25165 25227 I art     : Starting a blocking GC Explicit
08-04 12:46:14.475 25165 25227 I art     : Explicit concurrent mark sweep GC freed 1061(118KB) AllocSpace objects, 0(0B) LOS objects, 8% free, 183MB/199MB, paused 1.232ms total 52.406ms
08-04 12:46:14.494 25165 25227 I art     : Starting a blocking GC Explicit
08-04 12:46:14.548 25165 25227 I art     : Explicit concurrent mark sweep GC freed 122(2064B) AllocSpace objects, 0(0B) LOS objects, 8% free, 183MB/199MB, paused 1.247ms total 53.667ms
08-04 12:46:14.567 25165 25227 I art     : Starting a blocking GC Explicit
08-04 12:46:14.622 25165 25227 I art     : Explicit concurrent mark sweep GC freed 100(1728B) AllocSpace objects, 0(0B) LOS objects, 8% free, 183MB/199MB, paused 1.154ms total 54.727ms
08-04 12:46:14.641 25165 25227 I art     : Starting a blocking GC Explicit
08-04 12:46:14.696 25165 25227 I art     : Explicit concurrent mark sweep GC freed 134(2720B) AllocSpace objects, 0(0B) LOS objects, 8% free, 183MB/199MB, paused 1.283ms total 55.342ms
08-04 12:46:15.113 25165 25226 I art     : Starting a blocking GC Explicit
08-04 12:46:15.177 25165 25226 I art     : Explicit concurrent mark sweep GC freed 2300(104KB) AllocSpace objects, 2(52KB) LOS objects, 8% free, 183MB/199MB, paused 1.369ms total 63.280ms
08-04 12:46:15.199 25165 25226 I art     : Starting a blocking GC Explicit
08-04 12:46:15.258 25165 25226 I art     : Explicit concurrent mark sweep GC freed 179(3KB) AllocSpace objects, 0(0B) LOS objects, 8% free, 183MB/199MB, paused 1.474ms total 58.798ms
08-04 12:46:15.278 25165 25226 I art     : Starting a blocking GC Explicit
08-04 12:46:15.341 25165 25226 I art     : Explicit concurrent mark sweep GC freed 123(2096B) AllocSpace objects, 0(0B) LOS objects, 8% free, 183MB/199MB, paused 1.318ms total 63.257ms
08-04 12:46:15.345 13866 13882 I PeriodicStatsRunner: PeriodicStatsRunner.call():175 call()
08-04 12:46:15.345 13866 13882 I PeriodicStatsRunner: PeriodicStatsRunner.call():179 No submit PeriodicStats since input started.
08-04 12:46:15.360 25165 25226 I art     : Starting a blocking GC Explicit
08-04 12:46:15.417 25165 25226 I art     : Explicit concurrent mark sweep GC freed 121(2032B) AllocSpace objects, 0(0B) LOS objects, 8% free, 183MB/199MB, paused 1.367ms total 56.283ms
08-04 12:46:15.435 25165 25226 I art     : Starting a blocking GC Explicit
08-04 12:46:15.490 25165 25226 I art     : Explicit concurrent mark sweep GC freed 101(1760B) AllocSpace objects, 0(0B) LOS objects, 8% free, 183MB/199MB, paused 1.349ms total 54.370ms
08-04 12:46:15.906 25165 25178 I art     : Starting a blocking GC Explicit
08-04 12:46:15.919 27446 27446 D AndroidRuntime: >>>>>> START com.android.internal.os.RuntimeInit uid 2000 <<<<<<
08-04 12:46:15.925 27446 27446 D AndroidRuntime: CheckJNI is OFF
08-04 12:46:15.965 25165 25178 I art     : Explicit concurrent mark sweep GC freed 2274(103KB) AllocSpace objects, 2(52KB) LOS objects, 8% free, 183MB/199MB, paused 1.456ms total 58.637ms
08-04 12:46:15.969 27446 27446 D ICU     : No timezone override file found: /data/misc/zoneinfo/current/icu/icu_tzdata.dat
08-04 12:46:15.984 25165 25178 I art     : Starting a blocking GC Explicit
08-04 12:46:16.015 27446 27446 I Radio-JNI: register_android_hardware_Radio DONE
08-04 12:46:16.041 25165 25178 I art     : Explicit concurrent mark sweep GC freed 159(3KB) AllocSpace objects, 0(0B) LOS objects, 8% free, 183MB/199MB, paused 1.380ms total 56.463ms
08-04 12:46:16.044 27446 27446 D AndroidRuntime: Calling main entry com.android.commands.input.Input
08-04 12:46:16.047 27446 27446 I Input   : injectMotionEvent: MotionEvent { action=ACTION_DOWN, actionButton=0, id[0]=0, x[0]=117.0, y[0]=170.0, toolType[0]=TOOL_TYPE_UNKNOWN, buttonState=0, metaState=0, flags=0x0, edgeFlags=0x0, pointerCount=1, historySize=0, eventTime=708392459, downTime=708392459, deviceId=0, source=0x1002 }
08-04 12:46:16.054 27446 27446 I Input   : injectMotionEvent: MotionEvent { action=ACTION_UP, actionButton=0, id[0]=0, x[0]=117.0, y[0]=170.0, toolType[0]=TOOL_TYPE_UNKNOWN, buttonState=0, metaState=0, flags=0x0, edgeFlags=0x0, pointerCount=1, historySize=0, eventTime=708392459, downTime=708392459, deviceId=0, source=0x1002 }
08-04 12:46:16.056 27446 27446 D AndroidRuntime: Shutting down VM
08-04 12:46:16.060 25165 25178 I art     : Starting a blocking GC Explicit
08-04 12:46:16.066   512  2967 D audio_hw_primary: out_set_parameters: enter: usecase(1: low-latency-playback) kvpairs: routing=2
08-04 12:46:16.080   512  2967 D audio_hw_primary: select_devices: out_snd_device(2: speaker) in_snd_device(0: none)
08-04 12:46:16.080   512  2967 D msm8974_platform: platform_send_audio_calibration: sending audio calibration for snd_device(2) acdb_id(15)
08-04 12:46:16.080   512  2967 I soundtrigger: audio_extn_sound_trigger_update_device_status: device 0x2 of type 0 for Event 1
08-04 12:46:16.089   512  2967 D audio_hw_primary: enable_snd_device: snd_device(2: speaker)
08-04 12:46:16.091   512  2967 D audio_hw_primary: enable_audio_route: apply and update mixer path: low-latency-playback speaker
08-04 12:46:16.112 25165 25178 I art     : Explicit concurrent mark sweep GC freed 167(4KB) AllocSpace objects, 0(0B) LOS objects, 7% free, 184MB/200MB, paused 1.190ms total 51.917ms
08-04 12:46:16.130 25165 25178 I art     : Starting a blocking GC Explicit
08-04 12:46:16.180 25165 25178 I art     : Explicit concurrent mark sweep GC freed 499(21KB) AllocSpace objects, 0(0B) LOS objects, 7% free, 184MB/200MB, paused 1.231ms total 49.843ms
08-04 12:46:16.198 25165 25178 I art     : Starting a blocking GC Explicit
08-04 12:46:16.253 25165 25178 I art     : Explicit concurrent mark sweep GC freed 166(3KB) AllocSpace objects, 0(0B) LOS objects, 7% free, 184MB/200MB, paused 1.285ms total 54.598ms
08-04 12:46:16.629   512  2967 D audio_hw_primary: disable_audio_route: reset and update mixer path: low-latency-playback speaker
08-04 12:46:16.631   512  2967 D audio_hw_primary: disable_snd_device: snd_device(2: speaker)
08-04 12:46:16.636 25165 25177 I art     : Starting a blocking GC Explicit
08-04 12:46:16.639   512  2967 I soundtrigger: audio_extn_sound_trigger_update_device_status: device 0x2 of type 0 for Event 0
08-04 12:46:16.691 25165 25177 I art     : Explicit concurrent mark sweep GC freed 2225(103KB) AllocSpace objects, 2(52KB) LOS objects, 7% free, 184MB/200MB, paused 1.263ms total 53.885ms
08-04 12:46:16.709 25165 25177 I art     : Starting a blocking GC Explicit
08-04 12:46:16.762 25165 25177 I art     : Explicit concurrent mark sweep GC freed 144(3KB) AllocSpace objects, 0(0B) LOS objects, 7% free, 184MB/200MB, paused 1.235ms total 52.593ms
08-04 12:46:16.781 25165 25177 I art     : Starting a blocking GC Explicit
08-04 12:46:16.813 27469 27469 D AndroidRuntime: >>>>>> START com.android.internal.os.RuntimeInit uid 2000 <<<<<<
08-04 12:46:16.819 27469 27469 D AndroidRuntime: CheckJNI is OFF
08-04 12:46:16.835 25165 25177 I art     : Explicit concurrent mark sweep GC freed 124(2128B) AllocSpace objects, 0(0B) LOS objects, 7% free, 184MB/200MB, paused 1.265ms total 53.816ms
08-04 12:46:16.853 25165 25177 I art     : Starting a blocking GC Explicit
08-04 12:46:16.865 27469 27469 D ICU     : No timezone override file found: /data/misc/zoneinfo/current/icu/icu_tzdata.dat
08-04 12:46:16.907 27469 27469 I Radio-JNI: register_android_hardware_Radio DONE
08-04 12:46:16.907 25165 25177 I art     : Explicit concurrent mark sweep GC freed 101(1760B) AllocSpace objects, 0(0B) LOS objects, 7% free, 184MB/200MB, paused 1.425ms total 54.043ms
08-04 12:46:16.926 25165 25177 I art     : Starting a blocking GC Explicit
08-04 12:46:16.938 27469 27469 D AndroidRuntime: Calling main entry com.android.commands.input.Input
08-04 12:46:16.940 27469 27469 I Input   : injectMotionEvent: MotionEvent { action=ACTION_DOWN, actionButton=0, id[0]=0, x[0]=355.0, y[0]=1674.0, toolType[0]=TOOL_TYPE_UNKNOWN, buttonState=0, metaState=0, flags=0x0, edgeFlags=0x0, pointerCount=1, historySize=0, eventTime=708393353, downTime=708393353, deviceId=0, source=0x1002 }
08-04 12:46:16.944 27469 27469 I Input   : injectMotionEvent: MotionEvent { action=ACTION_UP, actionButton=0, id[0]=0, x[0]=355.0, y[0]=1674.0, toolType[0]=TOOL_TYPE_UNKNOWN, buttonState=0, metaState=0, flags=0x0, edgeFlags=0x0, pointerCount=1, historySize=0, eventTime=708393353, downTime=708393353, deviceId=0, source=0x1002 }
08-04 12:46:16.947 27469 27469 D AndroidRuntime: Shutting down VM
08-04 12:46:16.968   512  2967 D audio_hw_primary: out_set_parameters: enter: usecase(1: low-latency-playback) kvpairs: routing=2
08-04 12:46:16.978 25165 25165 V MainActivity: url = https://project-travel-mate.herokuapp.com/api/number-of-unread-notifications
08-04 12:46:16.981   512  2967 D audio_hw_primary: select_devices: out_snd_device(2: speaker) in_snd_device(0: none)
08-04 12:46:16.981   512  2967 D msm8974_platform: platform_send_audio_calibration: sending audio calibration for snd_device(2) acdb_id(15)
08-04 12:46:16.981   512  2967 I soundtrigger: audio_extn_sound_trigger_update_device_status: device 0x2 of type 0 for Event 1
08-04 12:46:16.982 25165 25177 I art     : Explicit concurrent mark sweep GC freed 530(20KB) AllocSpace objects, 0(0B) LOS objects, 7% free, 184MB/200MB, paused 1.931ms total 55.703ms
08-04 12:46:16.990   512  2967 D audio_hw_primary: enable_snd_device: snd_device(2: speaker)
08-04 12:46:16.992   512  2967 D audio_hw_primary: enable_audio_route: apply and update mixer path: low-latency-playback speaker
08-04 12:46:17.033   512  2967 D AudioFlinger: mixer(0xf4740000) throttle end: throttle time(12)
08-04 12:46:17.360 25165 25178 I art     : Starting a blocking GC Explicit
08-04 12:46:17.423 25165 25178 I art     : Explicit concurrent mark sweep GC freed 3488(161KB) AllocSpace objects, 11(304KB) LOS objects, 7% free, 184MB/200MB, paused 1.319ms total 62.432ms
08-04 12:46:17.444 25165 25178 I art     : Starting a blocking GC Explicit
08-04 12:46:17.494 25165 25178 I art     : Explicit concurrent mark sweep GC freed 2309(194KB) AllocSpace objects, 0(0B) LOS objects, 7% free, 184MB/200MB, paused 1.286ms total 50.234ms
08-04 12:46:17.513 25165 25178 I art     : Starting a blocking GC Explicit
08-04 12:46:17.519   512  2967 D audio_hw_primary: disable_audio_route: reset and update mixer path: low-latency-playback speaker
08-04 12:46:17.520   512  2967 D audio_hw_primary: disable_snd_device: snd_device(2: speaker)
08-04 12:46:17.528   512  2967 I soundtrigger: audio_extn_sound_trigger_update_device_status: device 0x2 of type 0 for Event 0
08-04 12:46:17.569 25165 25178 I art     : Explicit concurrent mark sweep GC freed 3(96B) AllocSpace objects, 0(0B) LOS objects, 7% free, 184MB/200MB, paused 1.286ms total 56.085ms
08-04 12:46:17.570 25165 25175 I art     : WaitForGcToComplete blocked for 56.371ms for cause HeapTrim
08-04 12:46:17.589 25165 25178 I art     : Starting a blocking GC Explicit
08-04 12:46:17.647 25165 25178 I art     : Explicit concurrent mark sweep GC freed 3(96B) AllocSpace objects, 0(0B) LOS objects, 7% free, 184MB/200MB, paused 1.414ms total 58.354ms
08-04 12:46:17.671 25165 25178 I art     : Starting a blocking GC Explicit
08-04 12:46:17.729 25165 25178 I art     : Explicit concurrent mark sweep GC freed 2589(133KB) AllocSpace objects, 3(200KB) LOS objects, 7% free, 184MB/200MB, paused 1.577ms total 57.222ms
08-04 12:46:17.743 25165 27491 I NAPPA_EXPERIMENTATION: MetricNetworkRequestExecutionTime: REQUEST_DURATION_SYSTEM='760',REQUEST_DURATION_OKHTTP='30',REQUEST_SYNCHRONOUS='FALSE',RESPONSE_CODE='200',RESPONSE_METHOD='GET',RESPONSE_LENGTH_OKHTTP='36',RESPONSE_LENGTH_HEADER='36',REQUEST_PROTOCOL='http/1.1',REQUEST_URL='https://project-travel-mate.herokuapp.com/api/number-of-unread-notifications',
08-04 12:46:18.137 25165 25177 I art     : Starting a blocking GC Explicit
08-04 12:46:18.207 25165 25177 I art     : Explicit concurrent mark sweep GC freed 2768(224KB) AllocSpace objects, 2(48KB) LOS objects, 7% free, 184MB/200MB, paused 1.354ms total 70.474ms
08-04 12:46:18.230 25165 25177 I art     : Starting a blocking GC Explicit
08-04 12:46:18.288 25165 25177 I art     : Explicit concurrent mark sweep GC freed 66(2192B) AllocSpace objects, 0(0B) LOS objects, 7% free, 184MB/200MB, paused 1.341ms total 57.662ms
08-04 12:46:18.307 25165 25177 I art     : Starting a blocking GC Explicit
08-04 12:46:18.366 25165 25177 I art     : Explicit concurrent mark sweep GC freed 3(96B) AllocSpace objects, 0(0B) LOS objects, 7% free, 184MB/200MB, paused 1.356ms total 59.065ms
08-04 12:46:18.389 25165 25177 I art     : Starting a blocking GC Explicit
08-04 12:46:18.450 25165 25177 I art     : Explicit concurrent mark sweep GC freed 3(96B) AllocSpace objects, 0(0B) LOS objects, 7% free, 184MB/200MB, paused 1.431ms total 60.508ms
08-04 12:46:18.473 25165 25177 I art     : Starting a blocking GC Explicit
08-04 12:46:18.536 25165 25177 I art     : Explicit concurrent mark sweep GC freed 3(96B) AllocSpace objects, 0(0B) LOS objects, 7% free, 184MB/200MB, paused 1.348ms total 63.249ms
08-04 12:46:18.964 25165 25177 I art     : Starting a blocking GC Explicit
08-04 12:46:19.033 25165 25177 I art     : Explicit concurrent mark sweep GC freed 1616(93KB) AllocSpace objects, 2(48KB) LOS objects, 7% free, 184MB/200MB, paused 1.381ms total 68.011ms
08-04 12:46:19.054 25165 25177 I art     : Starting a blocking GC Explicit
08-04 12:46:19.118 25165 25177 I art     : Explicit concurrent mark sweep GC freed 28(1024B) AllocSpace objects, 0(0B) LOS objects, 7% free, 184MB/200MB, paused 1.495ms total 63.578ms
08-04 12:46:19.138 25165 25177 I art     : Starting a blocking GC Explicit
08-04 12:46:19.201 25165 25177 I art     : Explicit concurrent mark sweep GC freed 3(96B) AllocSpace objects, 0(0B) LOS objects, 7% free, 184MB/200MB, paused 1.269ms total 62.779ms
08-04 12:46:19.224 25165 25177 I art     : Starting a blocking GC Explicit
08-04 12:46:19.278 25165 25177 I art     : Explicit concurrent mark sweep GC freed 34(928B) AllocSpace objects, 0(0B) LOS objects, 7% free, 184MB/200MB, paused 1.309ms total 54.049ms
08-04 12:46:19.297 25165 25177 I art     : Starting a blocking GC Explicit
08-04 12:46:19.351 25165 25177 I art     : Explicit concurrent mark sweep GC freed 3(96B) AllocSpace objects, 0(0B) LOS objects, 7% free, 184MB/200MB, paused 1.312ms total 53.934ms
08-04 12:46:19.739 27525 27525 D AndroidRuntime: >>>>>> START com.android.internal.os.RuntimeInit uid 2000 <<<<<<
08-04 12:46:19.746 27525 27525 D AndroidRuntime: CheckJNI is OFF
08-04 12:46:19.790 25165 25178 I art     : Starting a blocking GC Explicit
08-04 12:46:19.797 27525 27525 D ICU     : No timezone override file found: /data/misc/zoneinfo/current/icu/icu_tzdata.dat
08-04 12:46:19.843 27525 27525 I Radio-JNI: register_android_hardware_Radio DONE
08-04 12:46:19.854 25165 25178 I art     : Explicit concurrent mark sweep GC freed 1598(92KB) AllocSpace objects, 2(48KB) LOS objects, 7% free, 184MB/200MB, paused 1.455ms total 62.890ms
08-04 12:46:19.874 27525 27525 D AndroidRuntime: Calling main entry com.android.commands.input.Input
08-04 12:46:19.874 25165 25178 I art     : Starting a blocking GC Explicit
08-04 12:46:19.876 27525 27525 I Input   : injectMotionEvent: MotionEvent { action=ACTION_DOWN, actionButton=0, id[0]=0, x[0]=747.0, y[0]=608.0, toolType[0]=TOOL_TYPE_UNKNOWN, buttonState=0, metaState=0, flags=0x0, edgeFlags=0x0, pointerCount=1, historySize=0, eventTime=708396288, downTime=708396288, deviceId=0, source=0x1002 }
08-04 12:46:19.883 27525 27525 I Input   : injectMotionEvent: MotionEvent { action=ACTION_UP, actionButton=0, id[0]=0, x[0]=747.0, y[0]=608.0, toolType[0]=TOOL_TYPE_UNKNOWN, buttonState=0, metaState=0, flags=0x0, edgeFlags=0x0, pointerCount=1, historySize=0, eventTime=708396288, downTime=708396288, deviceId=0, source=0x1002 }
08-04 12:46:19.884 27525 27525 D AndroidRuntime: Shutting down VM
08-04 12:46:19.885   918   928 I ActivityManager: START u0 {cmp=baseline.io.github.project_travel_mate/.utilities.ChecklistActivity} from uid 10650 on display 0
08-04 12:46:19.886   512  2967 D audio_hw_primary: out_set_parameters: enter: usecase(1: low-latency-playback) kvpairs: routing=2
08-04 12:46:19.900   512  2967 D audio_hw_primary: select_devices: out_snd_device(2: speaker) in_snd_device(0: none)
08-04 12:46:19.900   512  2967 D msm8974_platform: platform_send_audio_calibration: sending audio calibration for snd_device(2) acdb_id(15)
08-04 12:46:19.901   512  2967 I soundtrigger: audio_extn_sound_trigger_update_device_status: device 0x2 of type 0 for Event 1
08-04 12:46:19.912   512  2967 D audio_hw_primary: enable_snd_device: snd_device(2: speaker)
08-04 12:46:19.915   512  2967 D audio_hw_primary: enable_audio_route: apply and update mixer path: low-latency-playback speaker
08-04 12:46:19.930 25165 25178 I art     : Explicit concurrent mark sweep GC freed 550(32KB) AllocSpace objects, 0(0B) LOS objects, 7% free, 184MB/200MB, paused 2.310ms total 56.477ms
08-04 12:46:19.950 25165 25178 I art     : Starting a blocking GC Explicit
08-04 12:46:19.994 13866 13866 I GoogleInputMethodServic: GoogleInputMethodService.onFinishInput():3138 
08-04 12:46:19.994   918   936 I ActivityManager: Displayed baseline.io.github.project_travel_mate/.utilities.ChecklistActivity: +99ms
08-04 12:46:19.994 13866 13866 I GoogleInputMethodServic: GoogleInputMethodService.onStartInput():1808 
08-04 12:46:20.000 25165 25178 I art     : Explicit concurrent mark sweep GC freed 564(31KB) AllocSpace objects, 0(0B) LOS objects, 7% free, 184MB/200MB, paused 1.541ms total 49.849ms
08-04 12:46:20.019 25165 25178 I art     : Starting a blocking GC Explicit
08-04 12:46:20.070 25165 25178 I art     : Explicit concurrent mark sweep GC freed 120(4KB) AllocSpace objects, 0(0B) LOS objects, 7% free, 184MB/200MB, paused 1.162ms total 50.624ms
08-04 12:46:20.088 25165 25178 I art     : Starting a blocking GC Explicit
08-04 12:46:20.137 25165 25178 I art     : Explicit concurrent mark sweep GC freed 14(512B) AllocSpace objects, 0(0B) LOS objects, 7% free, 184MB/200MB, paused 1.164ms total 48.297ms
08-04 12:46:20.249   380   380 W SurfaceFlinger: couldn't log to binary event log: overflow.
08-04 12:46:20.450   512  2967 D audio_hw_primary: disable_audio_route: reset and update mixer path: low-latency-playback speaker
08-04 12:46:20.451   512  2967 D audio_hw_primary: disable_snd_device: snd_device(2: speaker)
08-04 12:46:20.459   512  2967 I soundtrigger: audio_extn_sound_trigger_update_device_status: device 0x2 of type 0 for Event 0
08-04 12:46:20.511 25165 25226 I art     : Starting a blocking GC Explicit
08-04 12:46:20.572 25165 25226 I art     : Explicit concurrent mark sweep GC freed 1675(94KB) AllocSpace objects, 2(48KB) LOS objects, 7% free, 184MB/200MB, paused 1.339ms total 59.846ms
08-04 12:46:20.591 25165 25226 I art     : Starting a blocking GC Explicit
08-04 12:46:20.650 25165 25226 I art     : Explicit concurrent mark sweep GC freed 36(1280B) AllocSpace objects, 0(0B) LOS objects, 7% free, 184MB/200MB, paused 1.358ms total 58.740ms
08-04 12:46:20.669 25165 25226 I art     : Starting a blocking GC Explicit
08-04 12:46:20.730 25165 25226 I art     : Explicit concurrent mark sweep GC freed 15(752B) AllocSpace objects, 0(0B) LOS objects, 7% free, 184MB/200MB, paused 1.557ms total 60.893ms
08-04 12:46:20.753 25165 25226 I art     : Starting a blocking GC Explicit
08-04 12:46:20.816 25165 25226 I art     : Explicit concurrent mark sweep GC freed 23(1184B) AllocSpace objects, 0(0B) LOS objects, 7% free, 184MB/200MB, paused 1.554ms total 62.661ms
08-04 12:46:20.838 25165 25226 I art     : Starting a blocking GC Explicit
08-04 12:46:20.897 25165 25226 I art     : Explicit concurrent mark sweep GC freed 3(96B) AllocSpace objects, 0(0B) LOS objects, 7% free, 184MB/200MB, paused 1.382ms total 58.572ms
08-04 12:46:21.313 25165 25178 I art     : Starting a blocking GC Explicit
08-04 12:46:21.391 25165 25178 I art     : Explicit concurrent mark sweep GC freed 1623(93KB) AllocSpace objects, 2(48KB) LOS objects, 7% free, 184MB/200MB, paused 1.421ms total 77.982ms
08-04 12:46:21.412 25165 25178 I art     : Starting a blocking GC Explicit
08-04 12:46:21.472 25165 25178 I art     : Explicit concurrent mark sweep GC freed 28(1024B) AllocSpace objects, 0(0B) LOS objects, 7% free, 184MB/200MB, paused 1.314ms total 59.162ms
08-04 12:46:21.491 25165 25178 I art     : Starting a blocking GC Explicit
08-04 12:46:21.550 25165 25178 I art     : Explicit concurrent mark sweep GC freed 3(96B) AllocSpace objects, 0(0B) LOS objects, 7% free, 184MB/200MB, paused 1.360ms total 58.542ms
08-04 12:46:21.569 25165 25178 I art     : Starting a blocking GC Explicit
08-04 12:46:21.635 25165 25178 I art     : Explicit concurrent mark sweep GC freed 3(96B) AllocSpace objects, 0(0B) LOS objects, 7% free, 184MB/200MB, paused 1.494ms total 65.857ms
08-04 12:46:21.657 25165 25178 I art     : Starting a blocking GC Explicit
08-04 12:46:21.730 25165 25178 I art     : Explicit concurrent mark sweep GC freed 3(96B) AllocSpace objects, 0(0B) LOS objects, 7% free, 184MB/200MB, paused 1.695ms total 72.233ms
08-04 12:46:22.208 25165 25227 I art     : Starting a blocking GC Explicit
08-04 12:46:22.280 25165 25227 I art     : Explicit concurrent mark sweep GC freed 1636(93KB) AllocSpace objects, 2(48KB) LOS objects, 7% free, 184MB/200MB, paused 1.396ms total 71.120ms
08-04 12:46:22.300 25165 25227 I art     : Starting a blocking GC Explicit
08-04 12:46:22.365 25165 25227 I art     : Explicit concurrent mark sweep GC freed 42(1456B) AllocSpace objects, 0(0B) LOS objects, 7% free, 184MB/200MB, paused 1.245ms total 65.368ms
08-04 12:46:22.389 25165 25227 I art     : Starting a blocking GC Explicit
08-04 12:46:22.442   918  3261 D WifiStateMachine: starting scan for "H369AA63323"WPA_PSK with 2412,5180
08-04 12:46:22.456 25165 25227 I art     : Explicit concurrent mark sweep GC freed 3(96B) AllocSpace objects, 0(0B) LOS objects, 7% free, 184MB/200MB, paused 1.331ms total 66.825ms
08-04 12:46:22.479 25165 25227 I art     : Starting a blocking GC Explicit
08-04 12:46:22.540 25165 25227 I art     : Explicit concurrent mark sweep GC freed 3(96B) AllocSpace objects, 0(0B) LOS objects, 7% free, 184MB/200MB, paused 1.413ms total 60.649ms
08-04 12:46:22.560 25165 25227 I art     : Starting a blocking GC Explicit
08-04 12:46:22.627 25165 25227 I art     : Explicit concurrent mark sweep GC freed 14(720B) AllocSpace objects, 0(0B) LOS objects, 7% free, 184MB/200MB, paused 1.397ms total 66.951ms
08-04 12:46:23.065 25165 25177 I art     : Starting a blocking GC Explicit
08-04 12:46:23.152 25165 25177 I art     : Explicit concurrent mark sweep GC freed 1595(92KB) AllocSpace objects, 2(48KB) LOS objects, 7% free, 184MB/200MB, paused 1.497ms total 87.104ms
08-04 12:46:23.174 25165 25177 I art     : Starting a blocking GC Explicit
08-04 12:46:23.240 25165 25177 I art     : Explicit concurrent mark sweep GC freed 64(1984B) AllocSpace objects, 0(0B) LOS objects, 7% free, 184MB/200MB, paused 1.541ms total 65.774ms
08-04 12:46:23.260 25165 25177 I art     : Starting a blocking GC Explicit
08-04 12:46:23.324 25165 25177 I art     : Explicit concurrent mark sweep GC freed 4(128B) AllocSpace objects, 0(0B) LOS objects, 7% free, 184MB/200MB, paused 1.321ms total 63.709ms
08-04 12:46:23.344 25165 25177 I art     : Starting a blocking GC Explicit
08-04 12:46:23.412 25165 25177 I art     : Explicit concurrent mark sweep GC freed 3(96B) AllocSpace objects, 0(0B) LOS objects, 7% free, 184MB/200MB, paused 1.359ms total 67.304ms
08-04 12:46:23.434 25165 25177 I art     : Starting a blocking GC Explicit
08-04 12:46:23.500 25165 25177 I art     : Explicit concurrent mark sweep GC freed 3(96B) AllocSpace objects, 0(0B) LOS objects, 7% free, 184MB/200MB, paused 1.406ms total 65.895ms
08-04 12:46:23.934 25165 25226 I art     : Starting a blocking GC Explicit
08-04 12:46:24.016 25165 25226 I art     : Explicit concurrent mark sweep GC freed 1598(92KB) AllocSpace objects, 2(48KB) LOS objects, 7% free, 184MB/200MB, paused 1.472ms total 81.303ms
08-04 12:46:24.041 25165 25226 I art     : Starting a blocking GC Explicit
08-04 12:46:24.103 25165 25226 I art     : Explicit concurrent mark sweep GC freed 38(1568B) AllocSpace objects, 0(0B) LOS objects, 7% free, 184MB/200MB, paused 1.356ms total 61.151ms
08-04 12:46:24.123 25165 25226 I art     : Starting a blocking GC Explicit
08-04 12:46:24.180 25165 25226 I art     : Explicit concurrent mark sweep GC freed 3(96B) AllocSpace objects, 0(0B) LOS objects, 7% free, 184MB/200MB, paused 1.227ms total 57.188ms
08-04 12:46:24.199 25165 25226 I art     : Starting a blocking GC Explicit
08-04 12:46:24.254 25165 25226 I art     : Explicit concurrent mark sweep GC freed 40(1088B) AllocSpace objects, 0(0B) LOS objects, 7% free, 184MB/200MB, paused 1.291ms total 54.909ms
08-04 12:46:24.273 25165 25226 I art     : Starting a blocking GC Explicit
08-04 12:46:24.334 25165 25226 I art     : Explicit concurrent mark sweep GC freed 3(96B) AllocSpace objects, 0(0B) LOS objects, 7% free, 184MB/200MB, paused 1.369ms total 59.908ms
08-04 12:46:24.407   518   646 I ThermalEngine: ACTION: GPU - Setting GPU[0] to 510000000
08-04 12:46:24.629 27603 27603 D AndroidRuntime: >>>>>> START com.android.internal.os.RuntimeInit uid 2000 <<<<<<
08-04 12:46:24.634 27603 27603 D AndroidRuntime: CheckJNI is OFF
08-04 12:46:24.669 27603 27603 D ICU     : No timezone override file found: /data/misc/zoneinfo/current/icu/icu_tzdata.dat
08-04 12:46:24.702 27603 27603 I Radio-JNI: register_android_hardware_Radio DONE
08-04 12:46:24.715 25165 25178 I art     : Starting a blocking GC Explicit
08-04 12:46:24.725 27603 27603 D AndroidRuntime: Calling main entry com.android.commands.input.Input
08-04 12:46:24.727 27603 27603 I Input   : injectKeyEvent: KeyEvent { action=ACTION_DOWN, keyCode=KEYCODE_BACK, scanCode=0, metaState=0, flags=0x0, repeatCount=0, eventTime=708401140, downTime=708401140, deviceId=-1, source=0x101 }
08-04 12:46:24.733 27603 27603 I Input   : injectKeyEvent: KeyEvent { action=ACTION_UP, keyCode=KEYCODE_BACK, scanCode=0, metaState=0, flags=0x0, repeatCount=0, eventTime=708401140, downTime=708401140, deviceId=-1, source=0x101 }
08-04 12:46:24.741 27603 27603 D AndroidRuntime: Shutting down VM
08-04 12:46:24.756 25165 25165 V MainActivity: url = https://project-travel-mate.herokuapp.com/api/number-of-unread-notifications
08-04 12:46:24.766 25165 25178 I art     : Explicit concurrent mark sweep GC freed 1882(104KB) AllocSpace objects, 2(48KB) LOS objects, 7% free, 184MB/200MB, paused 5.848ms total 50.356ms
08-04 12:46:24.780 25165 25178 I art     : Starting a blocking GC Explicit
08-04 12:46:24.792 13866 13866 I GoogleInputMethodServic: GoogleInputMethodService.onFinishInput():3138 
08-04 12:46:24.793 13866 13866 I GoogleInputMethodServic: GoogleInputMethodService.onStartInput():1808 
08-04 12:46:24.820 25165 25178 I art     : Explicit concurrent mark sweep GC freed 140(5KB) AllocSpace objects, 0(0B) LOS objects, 7% free, 184MB/200MB, paused 1.062ms total 39.792ms
08-04 12:46:24.837 25165 25178 I art     : Starting a blocking GC Explicit
08-04 12:46:24.878 25165 25178 I art     : Explicit concurrent mark sweep GC freed 112(5KB) AllocSpace objects, 0(0B) LOS objects, 7% free, 184MB/200MB, paused 945us total 40.836ms
08-04 12:46:24.892 25165 25178 I art     : Starting a blocking GC Explicit
08-04 12:46:24.937 25165 25178 I art     : Explicit concurrent mark sweep GC freed 32(2240B) AllocSpace objects, 0(0B) LOS objects, 7% free, 184MB/200MB, paused 1.034ms total 44.897ms
08-04 12:46:24.953 25165 25178 I art     : Starting a blocking GC Explicit
08-04 12:46:24.995 13866 13882 I PeriodicStatsRunner: PeriodicStatsRunner.call():175 call()
08-04 12:46:24.995 13866 13882 I PeriodicStatsRunner: PeriodicStatsRunner.call():179 No submit PeriodicStats since input started.
08-04 12:46:25.011 25165 25178 I art     : Explicit concurrent mark sweep GC freed 24(1200B) AllocSpace objects, 0(0B) LOS objects, 7% free, 184MB/200MB, paused 1.406ms total 56.900ms
08-04 12:46:25.104   380   380 W SurfaceFlinger: couldn't log to binary event log: overflow.
08-04 12:46:25.342 25165 25177 I art     : Starting a blocking GC Explicit
08-04 12:46:25.399 25165 25177 I art     : Explicit concurrent mark sweep GC freed 4592(243KB) AllocSpace objects, 5(248KB) LOS objects, 7% free, 184MB/200MB, paused 1.476ms total 56.343ms
08-04 12:46:25.414 25165 25177 I art     : Starting a blocking GC Explicit
08-04 12:46:25.428 25165 27626 I NAPPA_EXPERIMENTATION: MetricNetworkRequestExecutionTime: REQUEST_DURATION_SYSTEM='671',REQUEST_DURATION_OKHTTP='33',REQUEST_SYNCHRONOUS='FALSE',RESPONSE_CODE='200',RESPONSE_METHOD='GET',RESPONSE_LENGTH_OKHTTP='36',RESPONSE_LENGTH_HEADER='36',REQUEST_PROTOCOL='http/1.1',REQUEST_URL='https://project-travel-mate.herokuapp.com/api/number-of-unread-notifications',
08-04 12:46:25.461 25165 25177 I art     : Explicit concurrent mark sweep GC freed 1212(134KB) AllocSpace objects, 0(0B) LOS objects, 7% free, 184MB/200MB, paused 1.089ms total 47.103ms
08-04 12:46:25.476 25165 25177 I art     : Starting a blocking GC Explicit
08-04 12:46:25.526 25165 25177 I art     : Explicit concurrent mark sweep GC freed 135(5KB) AllocSpace objects, 0(0B) LOS objects, 7% free, 184MB/200MB, paused 1.177ms total 49.326ms
08-04 12:46:25.541 25165 25177 I art     : Starting a blocking GC Explicit
08-04 12:46:25.590 25165 25177 I art     : Explicit concurrent mark sweep GC freed 9(496B) AllocSpace objects, 0(0B) LOS objects, 7% free, 184MB/200MB, paused 1.065ms total 48.551ms
08-04 12:46:25.605 25165 25177 I art     : Starting a blocking GC Explicit
08-04 12:46:25.654 25165 25177 I art     : Explicit concurrent mark sweep GC freed 15(672B) AllocSpace objects, 0(0B) LOS objects, 7% free, 184MB/200MB, paused 1.074ms total 49.174ms
08-04 12:46:26.016 25165 25227 I art     : Starting a blocking GC Explicit
08-04 12:46:26.065 25165 25227 I art     : Explicit concurrent mark sweep GC freed 1590(92KB) AllocSpace objects, 2(48KB) LOS objects, 7% free, 184MB/200MB, paused 1.050ms total 48.163ms
08-04 12:46:26.080 25165 25227 I art     : Starting a blocking GC Explicit
08-04 12:46:26.126 25165 25227 I art     : Explicit concurrent mark sweep GC freed 28(1024B) AllocSpace objects, 0(0B) LOS objects, 7% free, 184MB/200MB, paused 1.021ms total 45.777ms
08-04 12:46:26.140 25165 25227 I art     : Starting a blocking GC Explicit
08-04 12:46:26.186 25165 25227 I art     : Explicit concurrent mark sweep GC freed 3(96B) AllocSpace objects, 0(0B) LOS objects, 7% free, 184MB/200MB, paused 999us total 46.027ms
08-04 12:46:26.202 25165 25227 I art     : Starting a blocking GC Explicit
08-04 12:46:26.248 25165 25227 I art     : Explicit concurrent mark sweep GC freed 40(1088B) AllocSpace objects, 0(0B) LOS objects, 7% free, 184MB/200MB, paused 1.094ms total 45.110ms
08-04 12:46:26.263 25165 25227 I art     : Starting a blocking GC Explicit
08-04 12:46:26.311 25165 25227 I art     : Explicit concurrent mark sweep GC freed 3(96B) AllocSpace objects, 0(0B) LOS objects, 7% free, 184MB/200MB, paused 1.074ms total 47.341ms
08-04 12:46:26.402 27648 27648 D AndroidRuntime: >>>>>> START com.android.internal.os.RuntimeInit uid 2000 <<<<<<
08-04 12:46:26.409 27648 27648 D AndroidRuntime: CheckJNI is OFF
08-04 12:46:26.442 27648 27648 D ICU     : No timezone override file found: /data/misc/zoneinfo/current/icu/icu_tzdata.dat
08-04 12:46:26.474 27648 27648 I Radio-JNI: register_android_hardware_Radio DONE
08-04 12:46:26.495 27648 27648 D AndroidRuntime: Calling main entry com.android.commands.input.Input
08-04 12:46:26.496 27648 27648 I Input   : injectMotionEvent: MotionEvent { action=ACTION_DOWN, actionButton=0, id[0]=0, x[0]=657.0, y[0]=2037.0, toolType[0]=TOOL_TYPE_UNKNOWN, buttonState=0, metaState=0, flags=0x0, edgeFlags=0x0, pointerCount=1, historySize=0, eventTime=708402909, downTime=708402909, deviceId=0, source=0x1002 }
08-04 12:46:26.500 27648 27648 I Input   : injectMotionEvent: MotionEvent { action=ACTION_UP, actionButton=0, id[0]=0, x[0]=657.0, y[0]=2037.0, toolType[0]=TOOL_TYPE_UNKNOWN, buttonState=0, metaState=0, flags=0x0, edgeFlags=0x0, pointerCount=1, historySize=0, eventTime=708402909, downTime=708402909, deviceId=0, source=0x1002 }
08-04 12:46:26.501 27648 27648 D AndroidRuntime: Shutting down VM
08-04 12:46:26.507   918   929 I ActivityManager: START u0 {cmp=baseline.io.github.project_travel_mate/.utilities.CompassActivity} from uid 10650 on display 0
08-04 12:46:26.508   512  2967 D audio_hw_primary: out_set_parameters: enter: usecase(1: low-latency-playback) kvpairs: routing=2
08-04 12:46:26.521   512  2967 D audio_hw_primary: select_devices: out_snd_device(2: speaker) in_snd_device(0: none)
08-04 12:46:26.521   512  2967 D msm8974_platform: platform_send_audio_calibration: sending audio calibration for snd_device(2) acdb_id(15)
08-04 12:46:26.521   512  2967 I soundtrigger: audio_extn_sound_trigger_update_device_status: device 0x2 of type 0 for Event 1
08-04 12:46:26.533   512  2967 D audio_hw_primary: enable_snd_device: snd_device(2: speaker)
08-04 12:46:26.536   512  2967 D audio_hw_primary: enable_audio_route: apply and update mixer path: low-latency-playback speaker
08-04 12:46:26.652 25165 25178 I art     : Starting a blocking GC Explicit
08-04 12:46:26.697 25165 25178 I art     : Explicit concurrent mark sweep GC freed 68(3KB) AllocSpace objects, 0(0B) LOS objects, 6% free, 233MB/249MB, paused 1.162ms total 44.957ms
08-04 12:46:26.711 25165 25178 I art     : Starting a blocking GC Explicit
08-04 12:46:26.754 25165 25178 I art     : Explicit concurrent mark sweep GC freed 3(96B) AllocSpace objects, 0(0B) LOS objects, 6% free, 233MB/249MB, paused 1.130ms total 42.745ms
08-04 12:46:26.768 25165 25178 I art     : Starting a blocking GC Explicit
08-04 12:46:26.810 25165 25178 I art     : Explicit concurrent mark sweep GC freed 3(96B) AllocSpace objects, 0(0B) LOS objects, 6% free, 233MB/249MB, paused 1.089ms total 41.934ms
08-04 12:46:26.825 25165 25178 I art     : Starting a blocking GC Explicit
08-04 12:46:26.870 25165 25178 I art     : Explicit concurrent mark sweep GC freed 3(96B) AllocSpace objects, 0(0B) LOS objects, 6% free, 233MB/249MB, paused 1.148ms total 44.283ms
08-04 12:46:26.884 25165 25178 I art     : Starting a blocking GC Explicit
08-04 12:46:26.929 25165 25178 I art     : Explicit concurrent mark sweep GC freed 7(224B) AllocSpace objects, 0(0B) LOS objects, 6% free, 236MB/252MB, paused 1.162ms total 44.295ms
08-04 12:46:26.935 25165 25165 D CompassActivity: start compass
08-04 12:46:26.936   918  5132 I sensors : batch
08-04 12:46:26.936   918  5132 I sensors : activate
08-04 12:46:26.937   918  5481 I sensors : batch
08-04 12:46:26.937   918  5481 I sensors : activate
08-04 12:46:26.943   918  3188 I hubconnection: sensorhub said: 'batch 1 flags:0, sampling_rate_Hz:50.00, max_report_latency_us:0'
08-04 12:46:26.944   918  3188 I hubconnection: sensorhub said: 'activate 1 enable:1'
08-04 12:46:26.945   918  3188 I hubconnection: sensorhub said: 'batch 3 flags:0, sampling_rate_Hz:50.00, max_report_latency_us:0'
08-04 12:46:26.946   918  3188 I hubconnection: sensorhub said: 'activate 3 enable:1'
08-04 12:46:27.068   512  2967 D audio_hw_primary: disable_audio_route: reset and update mixer path: low-latency-playback speaker
08-04 12:46:27.069   512  2967 D audio_hw_primary: disable_snd_device: snd_device(2: speaker)
08-04 12:46:27.078   512  2967 I soundtrigger: audio_extn_sound_trigger_update_device_status: device 0x2 of type 0 for Event 0
08-04 12:46:27.080   918   936 I ActivityManager: Displayed baseline.io.github.project_travel_mate/.utilities.CompassActivity: +556ms
08-04 12:46:27.080 25165 25165 D CompassActivity: will set rotation from 0.0 to 178.2561
08-04 12:46:27.080 13866 13866 I GoogleInputMethodServic: GoogleInputMethodService.onFinishInput():3138 
08-04 12:46:27.081 13866 13866 I GoogleInputMethodServic: GoogleInputMethodService.onStartInput():1808 
08-04 12:46:27.150 25165 25165 D CompassActivity: will set rotation from 178.2561 to 179.03833
08-04 12:46:27.150 25165 25165 D CompassActivity: will set rotation from 179.03833 to 179.05994
08-04 12:46:27.150 25165 25165 D CompassActivity: will set rotation from 179.05994 to 179.33026
08-04 12:46:27.150 25165 25165 D CompassActivity: will set rotation from 179.33026 to 179.32935
08-04 12:46:27.150 25165 25165 D CompassActivity: will set rotation from 179.32935 to 179.04138
08-04 12:46:27.150 25165 25165 D CompassActivity: will set rotation from 179.04138 to 179.03894
08-04 12:46:27.259 25165 25165 D CompassActivity: will set rotation from 179.03894 to 178.97778
08-04 12:46:27.259 25165 25165 D CompassActivity: will set rotation from 178.97778 to 178.96948
08-04 12:46:27.260 25165 25165 D CompassActivity: will set rotation from 178.96948 to 178.84845
08-04 12:46:27.260 25165 25165 D CompassActivity: will set rotation from 178.84845 to 178.84827
08-04 12:46:27.260 25165 25165 D CompassActivity: will set rotation from 178.84827 to 178.84106
08-04 12:46:27.260 25165 25165 D CompassActivity: will set rotation from 178.84106 to 178.83173
08-04 12:46:27.260 25165 25165 D CompassActivity: will set rotation from 178.83173 to 178.74597
08-04 12:46:27.260 25165 25165 D CompassActivity: will set rotation from 178.74597 to 178.7417
08-04 12:46:27.260 25165 25165 D CompassActivity: will set rotation from 178.7417 to 178.74261
08-04 12:46:27.260 25165 25165 D CompassActivity: will set rotation from 178.74261 to 178.74512
08-04 12:46:27.260 25165 25165 D CompassActivity: will set rotation from 178.74512 to 178.76587
08-04 12:46:27.260 25165 25165 D CompassActivity: will set rotation from 178.76587 to 178.76233
08-04 12:46:27.275 25165 25165 D CompassActivity: will set rotation from 178.76233 to 178.76245
08-04 12:46:27.276 25165 25165 D CompassActivity: will set rotation from 178.76245 to 178.7602
08-04 12:46:27.278 25165 25177 I art     : Starting a blocking GC Explicit
08-04 12:46:27.295 25165 25165 D CompassActivity: will set rotation from 178.7602 to 178.80652
08-04 12:46:27.295 25165 25165 D CompassActivity: will set rotation from 178.80652 to 178.8122
08-04 12:46:27.315 25165 25165 D CompassActivity: will set rotation from 178.8122 to 178.77124
08-04 12:46:27.315 25165 25165 D CompassActivity: will set rotation from 178.77124 to 178.77344
08-04 12:46:27.320 25165 25177 I art     : Explicit concurrent mark sweep GC freed 2029(115KB) AllocSpace objects, 2(48KB) LOS objects, 6% free, 236MB/252MB, paused 973us total 41.964ms
08-04 12:46:27.335 25165 25165 D CompassActivity: will set rotation from 178.77344 to 178.78119
08-04 12:46:27.335 25165 25165 D CompassActivity: will set rotation from 178.78119 to 178.77441
08-04 12:46:27.335 25165 25177 I art     : Starting a blocking GC Explicit
08-04 12:46:27.340   380   380 W SurfaceFlinger: couldn't log to binary event log: overflow.
08-04 12:46:27.356 25165 25165 D CompassActivity: will set rotation from 178.77441 to 178.86414
08-04 12:46:27.356 25165 25165 D CompassActivity: will set rotation from 178.86414 to 178.8656
08-04 12:46:27.375 25165 25165 D CompassActivity: will set rotation from 178.8656 to 178.90076
08-04 12:46:27.375 25165 25165 D CompassActivity: will set rotation from 178.90076 to 178.90564
08-04 12:46:27.377 25165 25177 I art     : Explicit concurrent mark sweep GC freed 422(18KB) AllocSpace objects, 0(0B) LOS objects, 6% free, 236MB/252MB, paused 970us total 41.460ms
08-04 12:46:27.391 25165 25177 I art     : Starting a blocking GC Explicit
08-04 12:46:27.394 25165 25165 D CompassActivity: will set rotation from 178.90564 to 178.97583
08-04 12:46:27.395 25165 25165 D CompassActivity: will set rotation from 178.97583 to 178.97705
08-04 12:46:27.414 25165 25165 D CompassActivity: will set rotation from 178.97705 to 178.99445
08-04 12:46:27.415 25165 25165 D CompassActivity: will set rotation from 178.99445 to 178.99255
08-04 12:46:27.433 25165 25177 I art     : Explicit concurrent mark sweep GC freed 96(4KB) AllocSpace objects, 0(0B) LOS objects, 6% free, 236MB/252MB, paused 932us total 41.725ms
08-04 12:46:27.434 25165 25165 D CompassActivity: will set rotation from 178.99255 to 179.01746
08-04 12:46:27.435 25165 25165 D CompassActivity: will set rotation from 179.01746 to 179.01343
08-04 12:46:27.448 25165 25177 I art     : Starting a blocking GC Explicit
08-04 12:46:27.454 25165 25165 D CompassActivity: will set rotation from 179.01343 to 179.02948
08-04 12:46:27.455 25165 25165 D CompassActivity: will set rotation from 179.02948 to 179.02942
08-04 12:46:27.492 25165 25177 I art     : Explicit concurrent mark sweep GC freed 96(4KB) AllocSpace objects, 0(0B) LOS objects, 6% free, 236MB/252MB, paused 949us total 43.825ms
08-04 12:46:27.507 25165 25177 I art     : Starting a blocking GC Explicit
08-04 12:46:27.525 25165 25165 D CompassActivity: will set rotation from 179.02942 to 179.01831
08-04 12:46:27.526 25165 25165 D CompassActivity: will set rotation from 179.01831 to 179.01959
08-04 12:46:27.526 25165 25165 D CompassActivity: will set rotation from 179.01959 to 179.01074
08-04 12:46:27.526 25165 25165 D CompassActivity: will set rotation from 179.01074 to 179.0094
08-04 12:46:27.526 25165 25165 D CompassActivity: will set rotation from 179.0094 to 178.9718
08-04 12:46:27.526 25165 25165 D CompassActivity: will set rotation from 178.9718 to 178.96918
08-04 12:46:27.535 25165 25165 D CompassActivity: will set rotation from 178.96918 to 178.95886
08-04 12:46:27.536 25165 25165 D CompassActivity: will set rotation from 178.95886 to 178.96118
08-04 12:46:27.549 25165 25177 I art     : Explicit concurrent mark sweep GC freed 192(8KB) AllocSpace objects, 0(0B) LOS objects, 6% free, 236MB/252MB, paused 1.132ms total 41.728ms
08-04 12:46:27.554 25165 25165 D CompassActivity: will set rotation from 178.96118 to 178.98297
08-04 12:46:27.554 25165 25165 D CompassActivity: will set rotation from 178.98297 to 178.98163
08-04 12:46:27.574 25165 25165 D CompassActivity: will set rotation from 178.98163 to 179.00317
08-04 12:46:27.574 25165 25165 D CompassActivity: will set rotation from 179.00317 to 179.00134
08-04 12:46:27.595 25165 25165 D CompassActivity: will set rotation from 179.00134 to 178.96448
08-04 12:46:27.595 25165 25165 D CompassActivity: will set rotation from 178.96448 to 178.96301
08-04 12:46:27.614 25165 25165 D CompassActivity: will set rotation from 178.96301 to 179.01343
08-04 12:46:27.614 25165 25165 D CompassActivity: will set rotation from 179.01343 to 179.01624
08-04 12:46:27.634 25165 25165 D CompassActivity: will set rotation from 179.01624 to 179.01123
08-04 12:46:27.634 25165 25165 D CompassActivity: will set rotation from 179.01123 to 179.01239
08-04 12:46:27.654 25165 25165 D CompassActivity: will set rotation from 179.01239 to 179.05481
08-04 12:46:27.655 25165 25165 D CompassActivity: will set rotation from 179.05481 to 179.05579
08-04 12:46:27.676 25165 25165 D CompassActivity: will set rotation from 179.05579 to 179.09485
08-04 12:46:27.676 25165 25165 D CompassActivity: will set rotation from 179.09485 to 179.09412
08-04 12:46:27.695 25165 25165 D CompassActivity: will set rotation from 179.09412 to 179.10486
08-04 12:46:27.696 25165 25165 D CompassActivity: will set rotation from 179.10486 to 179.10535
08-04 12:46:27.714 25165 25165 D CompassActivity: will set rotation from 179.10535 to 179.07019
08-04 12:46:27.715 25165 25165 D CompassActivity: will set rotation from 179.07019 to 179.06934
08-04 12:46:27.735 25165 25165 D CompassActivity: will set rotation from 179.06934 to 179.06427
08-04 12:46:27.735 25165 25165 D CompassActivity: will set rotation from 179.06427 to 179.06433
08-04 12:46:27.753 25165 25165 D CompassActivity: will set rotation from 179.06433 to 179.08069
08-04 12:46:27.754 25165 25165 D CompassActivity: will set rotation from 179.08069 to 179.07813
08-04 12:46:27.778 25165 25165 D CompassActivity: will set rotation from 179.07813 to 179.10889
08-04 12:46:27.779 25165 25165 D CompassActivity: will set rotation from 179.10889 to 179.10754
08-04 12:46:27.797 25165 25165 D CompassActivity: will set rotation from 179.10754 to 179.14417
08-04 12:46:27.797 25165 25165 D CompassActivity: will set rotation from 179.14417 to 179.14172
08-04 12:46:27.813 25165 25165 D CompassActivity: will set rotation from 179.14172 to 179.14844
08-04 12:46:27.814 25165 25165 D CompassActivity: will set rotation from 179.14844 to 179.14813
08-04 12:46:27.833 25165 25165 D CompassActivity: will set rotation from 179.14813 to 179.15735
08-04 12:46:27.833 25165 25165 D CompassActivity: will set rotation from 179.15735 to 179.15564
08-04 12:46:27.853 25165 25165 D CompassActivity: will set rotation from 179.15564 to 179.164
08-04 12:46:27.853 25165 25165 D CompassActivity: will set rotation from 179.164 to 179.16254
08-04 12:46:27.873 25165 25165 D CompassActivity: will set rotation from 179.16254 to 179.19055
08-04 12:46:27.874 25165 25165 D CompassActivity: will set rotation from 179.19055 to 179.19147
08-04 12:46:27.895 25165 25165 D CompassActivity: will set rotation from 179.19147 to 179.19562
08-04 12:46:27.896 25165 25165 D CompassActivity: will set rotation from 179.19562 to 179.19733
08-04 12:46:27.915 25165 25165 D CompassActivity: will set rotation from 179.19733 to 179.18298
08-04 12:46:27.915 25165 25165 D CompassActivity: will set rotation from 179.18298 to 179.185
08-04 12:46:27.933 25165 25165 D CompassActivity: will set rotation from 179.185 to 179.1889
08-04 12:46:27.933 25165 25165 D CompassActivity: will set rotation from 179.1889 to 179.18866
08-04 12:46:27.945 25165 25178 I art     : Starting a blocking GC Explicit
08-04 12:46:27.953 25165 25165 D CompassActivity: will set rotation from 179.18866 to 179.15417
08-04 12:46:27.954 25165 25165 D CompassActivity: will set rotation from 179.15417 to 179.15247
08-04 12:46:27.973 25165 25165 D CompassActivity: will set rotation from 179.15247 to 179.16498
08-04 12:46:27.973 25165 25165 D CompassActivity: will set rotation from 179.16498 to 179.16553
08-04 12:46:27.995 25165 25165 D CompassActivity: will set rotation from 179.16553 to 179.2127
08-04 12:46:27.996 25165 25165 D CompassActivity: will set rotation from 179.2127 to 179.21552
08-04 12:46:28.003 25165 25178 I art     : Explicit concurrent mark sweep GC freed 2019(120KB) AllocSpace objects, 2(48KB) LOS objects, 6% free, 236MB/252MB, paused 1.066ms total 57.483ms
08-04 12:46:28.016 25165 25165 D CompassActivity: will set rotation from 179.21552 to 179.17944
08-04 12:46:28.016 25165 25165 D CompassActivity: will set rotation from 179.17944 to 179.17834
08-04 12:46:28.022 25165 25178 I art     : Starting a blocking GC Explicit
08-04 12:46:28.032 25165 25165 D CompassActivity: will set rotation from 179.17834 to 179.20148
08-04 12:46:28.033 25165 25165 D CompassActivity: will set rotation from 179.20148 to 179.20062
08-04 12:46:28.052 25165 25165 D CompassActivity: will set rotation from 179.20062 to 179.2052
08-04 12:46:28.053 25165 25165 D CompassActivity: will set rotation from 179.2052 to 179.20361
08-04 12:46:28.072 25165 25165 D CompassActivity: will set rotation from 179.20361 to 179.2276
08-04 12:46:28.074 25165 25165 D CompassActivity: will set rotation from 179.2276 to 179.22656
08-04 12:46:28.080 25165 25178 I art     : Explicit concurrent mark sweep GC freed 734(29KB) AllocSpace objects, 0(0B) LOS objects, 6% free, 236MB/252MB, paused 1.366ms total 57.673ms
08-04 12:46:28.094 25165 25165 D CompassActivity: will set rotation from 179.22656 to 179.22882
08-04 12:46:28.095 25165 25165 D CompassActivity: will set rotation from 179.22882 to 179.22876
08-04 12:46:28.097 25165 25178 I art     : Starting a blocking GC Explicit
08-04 12:46:28.113 25165 25165 D CompassActivity: will set rotation from 179.22876 to 179.25293
08-04 12:46:28.113 25165 25165 D CompassActivity: will set rotation from 179.25293 to 179.25061
08-04 12:46:28.132 25165 25165 D CompassActivity: will set rotation from 179.25061 to 179.23291
08-04 12:46:28.133 25165 25165 D CompassActivity: will set rotation from 179.23291 to 179.23187
08-04 12:46:28.152 25165 25165 D CompassActivity: will set rotation from 179.23187 to 179.23352
08-04 12:46:28.153 25165 25178 I art     : Explicit concurrent mark sweep GC freed 162(7KB) AllocSpace objects, 0(0B) LOS objects, 6% free, 236MB/252MB, paused 1.084ms total 55.796ms
08-04 12:46:28.153 25165 25165 D CompassActivity: will set rotation from 179.23352 to 179.23456
08-04 12:46:28.172 25165 25178 I art     : Starting a blocking GC Explicit
08-04 12:46:28.175 25165 25165 D CompassActivity: will set rotation from 179.23456 to 179.21826
08-04 12:46:28.175 25165 25165 D CompassActivity: will set rotation from 179.21826 to 179.22137
08-04 12:46:28.193 25165 25165 D CompassActivity: will set rotation from 179.22137 to 179.24261
08-04 12:46:28.194 25165 25165 D CompassActivity: will set rotation from 179.24261 to 179.24329
08-04 12:46:28.214 25165 25165 D CompassActivity: will set rotation from 179.24329 to 179.24707
08-04 12:46:28.214 25165 25165 D CompassActivity: will set rotation from 179.24707 to 179.2467
08-04 12:46:28.229 25165 25178 I art     : Explicit concurrent mark sweep GC freed 146(7KB) AllocSpace objects, 0(0B) LOS objects, 6% free, 236MB/252MB, paused 1.331ms total 57.536ms
08-04 12:46:28.233 25165 25165 D CompassActivity: will set rotation from 179.2467 to 179.23279
08-04 12:46:28.234 25165 25165 D CompassActivity: will set rotation from 179.23279 to 179.23328
08-04 12:46:28.238 18870 18870 I Atfwd_Sendcmd: AtCmdFwd service not ready - Exhausted retry attempts - :6
08-04 12:46:28.238 18870 18870 I Atfwd_Daemon: result : -1 	 ,Init step :2 	 ,qmiErrorCode: 0
08-04 12:46:28.246 25165 25178 I art     : Starting a blocking GC Explicit
08-04 12:46:28.254 25165 25165 D CompassActivity: will set rotation from 179.23328 to 179.25708
08-04 12:46:28.254 25165 25165 D CompassActivity: will set rotation from 179.25708 to 179.25562
08-04 12:46:28.272 25165 25165 D CompassActivity: will set rotation from 179.25562 to 179.25964
08-04 12:46:28.272 25165 25165 D CompassActivity: will set rotation from 179.25964 to 179.26111
08-04 12:46:28.296 25165 25165 D CompassActivity: will set rotation from 179.26111 to 179.2832
08-04 12:46:28.296 25165 25165 D CompassActivity: will set rotation from 179.2832 to 179.2846
08-04 12:46:28.299 25165 25178 I art     : Explicit concurrent mark sweep GC freed 212(9KB) AllocSpace objects, 0(0B) LOS objects, 6% free, 236MB/252MB, paused 955us total 52.299ms
08-04 12:46:28.313 25165 25165 D CompassActivity: will set rotation from 179.2846 to 179.3042
08-04 12:46:28.314 25165 25165 D CompassActivity: will set rotation from 179.3042 to 179.30316
08-04 12:46:28.332 25165 25165 D CompassActivity: will set rotation from 179.30316 to 179.32214
08-04 12:46:28.332 25165 25165 D CompassActivity: will set rotation from 179.32214 to 179.32233
08-04 12:46:28.352 25165 25165 D CompassActivity: will set rotation from 179.32233 to 179.34119
08-04 12:46:28.353 25165 25165 D CompassActivity: will set rotation from 179.34119 to 179.34204
08-04 12:46:28.372 25165 25165 D CompassActivity: will set rotation from 179.34204 to 179.36151
08-04 12:46:28.374 25165 25165 D CompassActivity: will set rotation from 179.36151 to 179.35956
08-04 12:46:28.393 25165 25165 D CompassActivity: will set rotation from 179.35956 to 179.37555
08-04 12:46:28.394 25165 25165 D CompassActivity: will set rotation from 179.37555 to 179.37415
08-04 12:46:28.412   518   646 I ThermalEngine: ACTION: GPU - Setting GPU[0] to 450000000
08-04 12:46:28.418 25165 25165 D CompassActivity: will set rotation from 179.37415 to 179.42389
08-04 12:46:28.418 25165 25165 D CompassActivity: will set rotation from 179.42389 to 179.42456
08-04 12:46:28.432 25165 25165 D CompassActivity: will set rotation from 179.42456 to 179.45831
08-04 12:46:28.432 25165 25165 D CompassActivity: will set rotation from 179.45831 to 179.45703
08-04 12:46:28.451 25165 25165 D CompassActivity: will set rotation from 179.45703 to 179.4903
08-04 12:46:28.451 25165 25165 D CompassActivity: will set rotation from 179.4903 to 179.49048
08-04 12:46:28.471 25165 25165 D CompassActivity: will set rotation from 179.49048 to 179.46967
08-04 12:46:28.472 25165 25165 D CompassActivity: will set rotation from 179.46967 to 179.46838
08-04 12:46:28.491 25165 25165 D CompassActivity: will set rotation from 179.46838 to 179.46704
08-04 12:46:28.493 25165 25165 D CompassActivity: will set rotation from 179.46704 to 179.46692
08-04 12:46:28.511 25165 25165 D CompassActivity: will set rotation from 179.46692 to 179.46289
08-04 12:46:28.511 25165 25165 D CompassActivity: will set rotation from 179.46289 to 179.4624
08-04 12:46:28.530 25165 25165 D CompassActivity: will set rotation from 179.4624 to 179.50891
08-04 12:46:28.531 25165 25165 D CompassActivity: will set rotation from 179.50891 to 179.50769
08-04 12:46:28.550 25165 25165 D CompassActivity: will set rotation from 179.50769 to 179.48828
08-04 12:46:28.550 25165 25165 D CompassActivity: will set rotation from 179.48828 to 179.48712
08-04 12:46:28.570 25165 25165 D CompassActivity: will set rotation from 179.48712 to 179.48413
08-04 12:46:28.571 25165 25165 D CompassActivity: will set rotation from 179.48413 to 179.48193
08-04 12:46:28.590 25165 25165 D CompassActivity: will set rotation from 179.48193 to 179.47766
08-04 12:46:28.591 25165 25165 D CompassActivity: will set rotation from 179.47766 to 179.4776
08-04 12:46:28.611 25165 25165 D CompassActivity: will set rotation from 179.4776 to 179.48816
08-04 12:46:28.611 25165 25165 D CompassActivity: will set rotation from 179.48816 to 179.48761
08-04 12:46:28.632 25165 25165 D CompassActivity: will set rotation from 179.48761 to 179.50049
08-04 12:46:28.633 25165 25165 D CompassActivity: will set rotation from 179.50049 to 179.50061
08-04 12:46:28.650 25165 25165 D CompassActivity: will set rotation from 179.50061 to 179.51062
08-04 12:46:28.651 25165 25165 D CompassActivity: will set rotation from 179.51062 to 179.5133
08-04 12:46:28.670 25165 25165 D CompassActivity: will set rotation from 179.5133 to 179.49414
08-04 12:46:28.671 25165 25165 D CompassActivity: will set rotation from 179.49414 to 179.49347
08-04 12:46:28.691 25165 25165 D CompassActivity: will set rotation from 179.49347 to 179.5072
08-04 12:46:28.691 25165 25165 D CompassActivity: will set rotation from 179.5072 to 179.50647
08-04 12:46:28.717 25165 25165 D CompassActivity: will set rotation from 179.50647 to 179.50061
08-04 12:46:28.717 25165 25165 D CompassActivity: will set rotation from 179.50061 to 179.50024
08-04 12:46:28.725 25165 25226 I art     : Starting a blocking GC Explicit
08-04 12:46:28.731 25165 25165 D CompassActivity: will set rotation from 179.50024 to 179.52502
08-04 12:46:28.732 25165 25165 D CompassActivity: will set rotation from 179.52502 to 179.52374
08-04 12:46:28.751 25165 25165 D CompassActivity: will set rotation from 179.52374 to 179.50238
08-04 12:46:28.751 25165 25165 D CompassActivity: will set rotation from 179.50238 to 179.50342
08-04 12:46:28.771 25165 25165 D CompassActivity: will set rotation from 179.50342 to 179.51404
08-04 12:46:28.771 25165 25165 D CompassActivity: will set rotation from 179.51404 to 179.51245
08-04 12:46:28.787 25165 25226 I art     : Explicit concurrent mark sweep GC freed 2063(122KB) AllocSpace objects, 2(48KB) LOS objects, 6% free, 236MB/252MB, paused 1.347ms total 62.229ms
08-04 12:46:28.790 25165 25165 D CompassActivity: will set rotation from 179.51245 to 179.50397
08-04 12:46:28.791 25165 25165 D CompassActivity: will set rotation from 179.50397 to 179.50262
08-04 12:46:28.807 25165 25226 I art     : Starting a blocking GC Explicit
08-04 12:46:28.810 25165 25165 D CompassActivity: will set rotation from 179.50262 to 179.51154
08-04 12:46:28.810 25165 25165 D CompassActivity: will set rotation from 179.51154 to 179.51355
08-04 12:46:28.829 25165 25165 D CompassActivity: will set rotation from 179.51355 to 179.48914
08-04 12:46:28.829 25165 25165 D CompassActivity: will set rotation from 179.48914 to 179.48816
08-04 12:46:28.848 25165 25165 D CompassActivity: will set rotation from 179.48816 to 179.49872
08-04 12:46:28.849 25165 25165 D CompassActivity: will set rotation from 179.49872 to 179.49744
08-04 12:46:28.861 25165 25226 I art     : Explicit concurrent mark sweep GC freed 804(31KB) AllocSpace objects, 0(0B) LOS objects, 6% free, 236MB/252MB, paused 1.379ms total 53.865ms
08-04 12:46:28.870 25165 25165 D CompassActivity: will set rotation from 179.49744 to 179.47382
08-04 12:46:28.870 25165 25165 D CompassActivity: will set rotation from 179.47382 to 179.47375
08-04 12:46:28.881 25165 25226 I art     : Starting a blocking GC Explicit
08-04 12:46:28.889 25165 25165 D CompassActivity: will set rotation from 179.47375 to 179.46655
08-04 12:46:28.889 25165 25165 D CompassActivity: will set rotation from 179.46655 to 179.46814
08-04 12:46:28.910 25165 25165 D CompassActivity: will set rotation from 179.46814 to 179.46362
08-04 12:46:28.911 25165 25165 D CompassActivity: will set rotation from 179.46362 to 179.46295
08-04 12:46:28.930 25165 25165 D CompassActivity: will set rotation from 179.46295 to 179.45801
08-04 12:46:28.931 25165 25165 D CompassActivity: will set rotation from 179.45801 to 179.45813
08-04 12:46:28.948 25165 25226 I art     : Explicit concurrent mark sweep GC freed 175(8KB) AllocSpace objects, 0(0B) LOS objects, 6% free, 236MB/252MB, paused 1.675ms total 66.767ms
08-04 12:46:28.950 25165 25165 D CompassActivity: will set rotation from 179.45813 to 179.43701
08-04 12:46:28.951 25165 25165 D CompassActivity: will set rotation from 179.43701 to 179.43756
08-04 12:46:28.970 25165 25226 I art     : Starting a blocking GC Explicit
08-04 12:46:28.971 25165 25165 D CompassActivity: will set rotation from 179.43756 to 179.4342
08-04 12:46:28.972 25165 25165 D CompassActivity: will set rotation from 179.4342 to 179.43353
08-04 12:46:28.989 25165 25165 D CompassActivity: will set rotation from 179.43353 to 179.4314
08-04 12:46:28.990 25165 25165 D CompassActivity: will set rotation from 179.4314 to 179.43079
08-04 12:46:29.012 25165 25165 D CompassActivity: will set rotation from 179.43079 to 179.4107
08-04 12:46:29.013 25165 25165 D CompassActivity: will set rotation from 179.4107 to 179.41064
08-04 12:46:29.031 25165 25165 D CompassActivity: will set rotation from 179.41064 to 179.39178
08-04 12:46:29.033 25165 25165 D CompassActivity: will set rotation from 179.39178 to 179.38995
08-04 12:46:29.034 25165 25226 I art     : Explicit concurrent mark sweep GC freed 182(9KB) AllocSpace objects, 0(0B) LOS objects, 6% free, 236MB/252MB, paused 1.357ms total 63.929ms
08-04 12:46:29.049 25165 25165 D CompassActivity: will set rotation from 179.38995 to 179.40308
08-04 12:46:29.050 25165 25165 D CompassActivity: will set rotation from 179.40308 to 179.40088
08-04 12:46:29.054 25165 25226 I art     : Starting a blocking GC Explicit
08-04 12:46:29.069 25165 25165 D CompassActivity: will set rotation from 179.40088 to 179.38562
08-04 12:46:29.070 25165 25165 D CompassActivity: will set rotation from 179.38562 to 179.38593
08-04 12:46:29.088 25165 25165 D CompassActivity: will set rotation from 179.38593 to 179.38513
08-04 12:46:29.089 25165 25165 D CompassActivity: will set rotation from 179.38513 to 179.38428
08-04 12:46:29.113 25165 25165 D CompassActivity: will set rotation from 179.38428 to 179.40039
08-04 12:46:29.114 25165 25165 D CompassActivity: will set rotation from 179.40039 to 179.40112
08-04 12:46:29.114 25165 25226 I art     : Explicit concurrent mark sweep GC freed 184(8KB) AllocSpace objects, 0(0B) LOS objects, 6% free, 236MB/252MB, paused 1.285ms total 58.187ms
08-04 12:46:29.132 25165 25165 D CompassActivity: will set rotation from 179.40112 to 179.41449
08-04 12:46:29.132 25165 25165 D CompassActivity: will set rotation from 179.41449 to 179.41412
08-04 12:46:29.148 25165 25165 D CompassActivity: will set rotation from 179.41412 to 179.4112
08-04 12:46:29.149 25165 25165 D CompassActivity: will set rotation from 179.4112 to 179.41296
08-04 12:46:29.170 25165 25165 D CompassActivity: will set rotation from 179.41296 to 179.39917
08-04 12:46:29.170 25165 25165 D CompassActivity: will set rotation from 179.39917 to 179.4002
08-04 12:46:29.188 25165 25165 D CompassActivity: will set rotation from 179.4002 to 179.39825
08-04 12:46:29.189 25165 25165 D CompassActivity: will set rotation from 179.39825 to 179.39783
08-04 12:46:29.208 25165 25165 D CompassActivity: will set rotation from 179.39783 to 179.3982
08-04 12:46:29.209 25165 25165 D CompassActivity: will set rotation from 179.3982 to 179.39777
08-04 12:46:29.228 25165 25165 D CompassActivity: will set rotation from 179.39777 to 179.3941
08-04 12:46:29.229 25165 25165 D CompassActivity: will set rotation from 179.3941 to 179.39465
08-04 12:46:29.248 25165 25165 D CompassActivity: will set rotation from 179.39465 to 179.40881
08-04 12:46:29.249 25165 25165 D CompassActivity: will set rotation from 179.40881 to 179.409
08-04 12:46:29.269 25165 25165 D CompassActivity: will set rotation from 179.409 to 179.42212
08-04 12:46:29.269 25165 25165 D CompassActivity: will set rotation from 179.42212 to 179.42175
08-04 12:46:29.289 25165 25165 D CompassActivity: will set rotation from 179.42175 to 179.43665
08-04 12:46:29.290 25165 25165 D CompassActivity: will set rotation from 179.43665 to 179.43811
08-04 12:46:29.304 27701 27701 D AndroidRuntime: >>>>>> START com.android.internal.os.RuntimeInit uid 2000 <<<<<<
08-04 12:46:29.307 25165 25165 D CompassActivity: will set rotation from 179.43811 to 179.45111
08-04 12:46:29.308 25165 25165 D CompassActivity: will set rotation from 179.45111 to 179.45062
08-04 12:46:29.311 27701 27701 D AndroidRuntime: CheckJNI is OFF
08-04 12:46:29.327 25165 25165 D CompassActivity: will set rotation from 179.45062 to 179.44629
08-04 12:46:29.328 25165 25165 D CompassActivity: will set rotation from 179.44629 to 179.44617
08-04 12:46:29.347 25165 25165 D CompassActivity: will set rotation from 179.44617 to 179.42896
08-04 12:46:29.348 25165 25165 D CompassActivity: will set rotation from 179.42896 to 179.43018
08-04 12:46:29.350 27701 27701 D ICU     : No timezone override file found: /data/misc/zoneinfo/current/icu/icu_tzdata.dat
08-04 12:46:29.367 25165 25165 D CompassActivity: will set rotation from 179.43018 to 179.44324
08-04 12:46:29.367 25165 25165 D CompassActivity: will set rotation from 179.44324 to 179.44434
08-04 12:46:29.387 25165 25165 D CompassActivity: will set rotation from 179.44434 to 179.42523
08-04 12:46:29.387 25165 25165 D CompassActivity: will set rotation from 179.42523 to 179.42566
08-04 12:46:29.392 27701 27701 I Radio-JNI: register_android_hardware_Radio DONE
08-04 12:46:29.407 25165 25165 D CompassActivity: will set rotation from 179.42566 to 179.4043
08-04 12:46:29.407 25165 25165 D CompassActivity: will set rotation from 179.4043 to 179.40399
08-04 12:46:29.420 27701 27701 D AndroidRuntime: Calling main entry com.android.commands.input.Input
08-04 12:46:29.422 27701 27701 I Input   : injectKeyEvent: KeyEvent { action=ACTION_DOWN, keyCode=KEYCODE_BACK, scanCode=0, metaState=0, flags=0x0, repeatCount=0, eventTime=708405834, downTime=708405834, deviceId=-1, source=0x101 }
08-04 12:46:29.428 27701 27701 I Input   : injectKeyEvent: KeyEvent { action=ACTION_UP, keyCode=KEYCODE_BACK, scanCode=0, metaState=0, flags=0x0, repeatCount=0, eventTime=708405834, downTime=708405834, deviceId=-1, source=0x101 }
08-04 12:46:29.429 25165 25165 D CompassActivity: will set rotation from 179.40399 to 179.40173
08-04 12:46:29.429 25165 25165 D CompassActivity: will set rotation from 179.40173 to 179.4021
08-04 12:46:29.433 27701 27701 D AndroidRuntime: Shutting down VM
08-04 12:46:29.443   918  5132 I sensors : activate
08-04 12:46:29.444   918  5481 I sensors : activate
08-04 12:46:29.448   918  3188 I hubconnection: sensorhub said: 'activate 1 enable:0'
08-04 12:46:29.449   918  3188 I hubconnection: sensorhub said: 'activate 3 enable:0'
08-04 12:46:29.476 25165 25165 V MainActivity: url = https://project-travel-mate.herokuapp.com/api/number-of-unread-notifications
08-04 12:46:29.530 25165 25226 I art     : Starting a blocking GC Explicit
08-04 12:46:29.586 25165 25226 I art     : Explicit concurrent mark sweep GC freed 2417(134KB) AllocSpace objects, 2(48KB) LOS objects, 6% free, 236MB/252MB, paused 1.587ms total 55.936ms
08-04 12:46:29.597 13866 13866 I GoogleInputMethodServic: GoogleInputMethodService.onFinishInput():3138 
08-04 12:46:29.598 13866 13866 I GoogleInputMethodServic: GoogleInputMethodService.onStartInput():1808 
08-04 12:46:29.606 25165 25226 I art     : Starting a blocking GC Explicit
08-04 12:46:29.659 25165 25226 I art     : Explicit concurrent mark sweep GC freed 617(24KB) AllocSpace objects, 0(0B) LOS objects, 6% free, 236MB/252MB, paused 1.367ms total 53.134ms
08-04 12:46:29.678 25165 25226 I art     : Starting a blocking GC Explicit
08-04 12:46:29.730 25165 25226 I art     : Explicit concurrent mark sweep GC freed 59(2752B) AllocSpace objects, 0(0B) LOS objects, 6% free, 236MB/252MB, paused 1.373ms total 51.782ms
08-04 12:46:29.749 25165 25226 I art     : Starting a blocking GC Explicit
08-04 12:46:29.793 13866 13882 I PeriodicStatsRunner: PeriodicStatsRunner.call():175 call()
08-04 12:46:29.793 13866 13882 I PeriodicStatsRunner: PeriodicStatsRunner.call():179 No submit PeriodicStats since input started.
08-04 12:46:29.813 25165 25226 I art     : Explicit concurrent mark sweep GC freed 17(832B) AllocSpace objects, 0(0B) LOS objects, 6% free, 236MB/252MB, paused 1.342ms total 63.938ms
08-04 12:46:29.836 25165 25226 I art     : Starting a blocking GC Explicit
08-04 12:46:29.876 25165 25165 D CompassActivity: stop compass
08-04 12:46:29.876   380   380 W SurfaceFlinger: couldn't log to binary event log: overflow.
08-04 12:46:29.894 25165 25226 I art     : Explicit concurrent mark sweep GC freed 13(576B) AllocSpace objects, 0(0B) LOS objects, 6% free, 236MB/252MB, paused 1.227ms total 57.461ms
08-04 12:46:30.317 25165 25227 I art     : Starting a blocking GC Explicit
08-04 12:46:30.344 25165 27724 I NAPPA_EXPERIMENTATION: MetricNetworkRequestExecutionTime: REQUEST_DURATION_SYSTEM='867',REQUEST_DURATION_OKHTTP='31',REQUEST_SYNCHRONOUS='FALSE',RESPONSE_CODE='200',RESPONSE_METHOD='GET',RESPONSE_LENGTH_OKHTTP='36',RESPONSE_LENGTH_HEADER='36',REQUEST_PROTOCOL='http/1.1',REQUEST_URL='https://project-travel-mate.herokuapp.com/api/number-of-unread-notifications',
08-04 12:46:30.387 25165 25227 I art     : Explicit concurrent mark sweep GC freed 4340(237KB) AllocSpace objects, 5(248KB) LOS objects, 6% free, 236MB/252MB, paused 1.689ms total 70.118ms
08-04 12:46:30.409 25165 25227 I art     : Starting a blocking GC Explicit
08-04 12:46:30.485 25165 25227 I art     : Explicit concurrent mark sweep GC freed 2326(202KB) AllocSpace objects, 3(52MB) LOS objects, 7% free, 184MB/200MB, paused 1.422ms total 75.541ms
08-04 12:46:30.505 25165 25227 I art     : Starting a blocking GC Explicit
08-04 12:46:30.564 25165 25227 I art     : Explicit concurrent mark sweep GC freed 3(96B) AllocSpace objects, 0(0B) LOS objects, 7% free, 184MB/200MB, paused 1.292ms total 59.346ms
08-04 12:46:30.584 25165 25227 I art     : Starting a blocking GC Explicit
08-04 12:46:30.644 25165 25227 I art     : Explicit concurrent mark sweep GC freed 3(96B) AllocSpace objects, 0(0B) LOS objects, 7% free, 184MB/200MB, paused 1.452ms total 60.266ms
08-04 12:46:30.669 25165 25227 I art     : Starting a blocking GC Explicit
08-04 12:46:30.725 25165 25227 I art     : Explicit concurrent mark sweep GC freed 3(96B) AllocSpace objects, 0(0B) LOS objects, 7% free, 184MB/200MB, paused 1.384ms total 55.406ms
08-04 12:46:31.146 25165 25177 I art     : Starting a blocking GC Explicit
08-04 12:46:31.184 27736 27736 D AndroidRuntime: >>>>>> START com.android.internal.os.RuntimeInit uid 2000 <<<<<<
08-04 12:46:31.189 27736 27736 D AndroidRuntime: CheckJNI is OFF
08-04 12:46:31.198 25165 25177 I art     : Explicit concurrent mark sweep GC freed 1591(92KB) AllocSpace objects, 2(48KB) LOS objects, 7% free, 184MB/200MB, paused 1.509ms total 51.433ms
08-04 12:46:31.216 25165 25177 I art     : Starting a blocking GC Explicit
08-04 12:46:31.231 27736 27736 D ICU     : No timezone override file found: /data/misc/zoneinfo/current/icu/icu_tzdata.dat
08-04 12:46:31.268 25165 25177 I art     : Explicit concurrent mark sweep GC freed 73(2272B) AllocSpace objects, 0(0B) LOS objects, 7% free, 184MB/200MB, paused 1.337ms total 51.140ms
08-04 12:46:31.270 27736 27736 I Radio-JNI: register_android_hardware_Radio DONE
08-04 12:46:31.287 25165 25177 I art     : Starting a blocking GC Explicit
08-04 12:46:31.300 27736 27736 D AndroidRuntime: Calling main entry com.android.commands.input.Input
08-04 12:46:31.302 27736 27736 I Input   : injectMotionEvent: MotionEvent { action=ACTION_DOWN, actionButton=0, id[0]=0, x[0]=500.0, y[0]=2000.0, toolType[0]=TOOL_TYPE_UNKNOWN, buttonState=0, metaState=0, flags=0x0, edgeFlags=0x0, pointerCount=1, historySize=0, eventTime=708407715, downTime=708407715, deviceId=0, source=0x1002 }
08-04 12:46:31.306 27736 27736 I Input   : injectMotionEvent: MotionEvent { action=ACTION_MOVE, actionButton=0, id[0]=0, x[0]=500.0, y[0]=2000.0, toolType[0]=TOOL_TYPE_UNKNOWN, buttonState=0, metaState=0, flags=0x0, edgeFlags=0x0, pointerCount=1, historySize=0, eventTime=708407715, downTime=708407715, deviceId=0, source=0x1002 }
08-04 12:46:31.312 27736 27736 I Input   : injectMotionEvent: MotionEvent { action=ACTION_MOVE, actionButton=0, id[0]=0, x[0]=500.0, y[0]=1981.0, toolType[0]=TOOL_TYPE_UNKNOWN, buttonState=0, metaState=0, flags=0x0, edgeFlags=0x0, pointerCount=1, historySize=0, eventTime=708407725, downTime=708407725, deviceId=0, source=0x1002 }
08-04 12:46:31.329 27736 27736 I Input   : injectMotionEvent: MotionEvent { action=ACTION_MOVE, actionButton=0, id[0]=0, x[0]=500.0, y[0]=1948.7, toolType[0]=TOOL_TYPE_UNKNOWN, buttonState=0, metaState=0, flags=0x0, edgeFlags=0x0, pointerCount=1, historySize=0, eventTime=708407742, downTime=708407742, deviceId=0, source=0x1002 }
08-04 12:46:31.344 25165 25177 I art     : Explicit concurrent mark sweep GC freed 13(416B) AllocSpace objects, 0(0B) LOS objects, 7% free, 184MB/200MB, paused 1.396ms total 56.763ms
08-04 12:46:31.345 27736 27736 I Input   : injectMotionEvent: MotionEvent { action=ACTION_MOVE, actionButton=0, id[0]=0, x[0]=500.0, y[0]=1918.3, toolType[0]=TOOL_TYPE_UNKNOWN, buttonState=0, metaState=0, flags=0x0, edgeFlags=0x0, pointerCount=1, historySize=0, eventTime=708407758, downTime=708407758, deviceId=0, source=0x1002 }
08-04 12:46:31.367 25165 25177 I art     : Starting a blocking GC Explicit
08-04 12:46:31.371 27736 27736 I Input   : injectMotionEvent: MotionEvent { action=ACTION_MOVE, actionButton=0, id[0]=0, x[0]=500.0, y[0]=1868.9, toolType[0]=TOOL_TYPE_UNKNOWN, buttonState=0, metaState=0, flags=0x0, edgeFlags=0x0, pointerCount=1, historySize=0, eventTime=708407784, downTime=708407784, deviceId=0, source=0x1002 }
08-04 12:46:31.379 27736 27736 I Input   : injectMotionEvent: MotionEvent { action=ACTION_MOVE, actionButton=0, id[0]=0, x[0]=500.0, y[0]=1853.7, toolType[0]=TOOL_TYPE_UNKNOWN, buttonState=0, metaState=0, flags=0x0, edgeFlags=0x0, pointerCount=1, historySize=0, eventTime=708407792, downTime=708407792, deviceId=0, source=0x1002 }
08-04 12:46:31.396 27736 27736 I Input   : injectMotionEvent: MotionEvent { action=ACTION_MOVE, actionButton=0, id[0]=0, x[0]=500.0, y[0]=1821.4, toolType[0]=TOOL_TYPE_UNKNOWN, buttonState=0, metaState=0, flags=0x0, edgeFlags=0x0, pointerCount=1, historySize=0, eventTime=708407809, downTime=708407809, deviceId=0, source=0x1002 }
08-04 12:46:31.412 27736 27736 I Input   : injectMotionEvent: MotionEvent { action=ACTION_MOVE, actionButton=0, id[0]=0, x[0]=500.0, y[0]=1791.0, toolType[0]=TOOL_TYPE_UNKNOWN, buttonState=0, metaState=0, flags=0x0, edgeFlags=0x0, pointerCount=1, historySize=0, eventTime=708407825, downTime=708407825, deviceId=0, source=0x1002 }
08-04 12:46:31.430 27736 27736 I Input   : injectMotionEvent: MotionEvent { action=ACTION_MOVE, actionButton=0, id[0]=0, x[0]=500.0, y[0]=1756.8, toolType[0]=TOOL_TYPE_UNKNOWN, buttonState=0, metaState=0, flags=0x0, edgeFlags=0x0, pointerCount=1, historySize=0, eventTime=708407843, downTime=708407843, deviceId=0, source=0x1002 }
08-04 12:46:31.430 25165 25177 I art     : Explicit concurrent mark sweep GC freed 66(2240B) AllocSpace objects, 0(0B) LOS objects, 7% free, 184MB/200MB, paused 1.566ms total 62.963ms
08-04 12:46:31.446 27736 27736 I Input   : injectMotionEvent: MotionEvent { action=ACTION_MOVE, actionButton=0, id[0]=0, x[0]=500.0, y[0]=1726.4, toolType[0]=TOOL_TYPE_UNKNOWN, buttonState=0, metaState=0, flags=0x0, edgeFlags=0x0, pointerCount=1, historySize=0, eventTime=708407859, downTime=708407859, deviceId=0, source=0x1002 }
08-04 12:46:31.450 25165 25177 I art     : Starting a blocking GC Explicit
08-04 12:46:31.462 27736 27736 I Input   : injectMotionEvent: MotionEvent { action=ACTION_MOVE, actionButton=0, id[0]=0, x[0]=500.0, y[0]=1696.0, toolType[0]=TOOL_TYPE_UNKNOWN, buttonState=0, metaState=0, flags=0x0, edgeFlags=0x0, pointerCount=1, historySize=0, eventTime=708407875, downTime=708407875, deviceId=0, source=0x1002 }
08-04 12:46:31.481 27736 27736 I Input   : injectMotionEvent: MotionEvent { action=ACTION_MOVE, actionButton=0, id[0]=0, x[0]=500.0, y[0]=1661.8, toolType[0]=TOOL_TYPE_UNKNOWN, buttonState=0, metaState=0, flags=0x0, edgeFlags=0x0, pointerCount=1, historySize=0, eventTime=708407893, downTime=708407893, deviceId=0, source=0x1002 }
08-04 12:46:31.497 27736 27736 I Input   : injectMotionEvent: MotionEvent { action=ACTION_MOVE, actionButton=0, id[0]=0, x[0]=500.0, y[0]=1629.5, toolType[0]=TOOL_TYPE_UNKNOWN, buttonState=0, metaState=0, flags=0x0, edgeFlags=0x0, pointerCount=1, historySize=0, eventTime=708407910, downTime=708407910, deviceId=0, source=0x1002 }
08-04 12:46:31.511 25165 25177 I art     : Explicit concurrent mark sweep GC freed 24(1040B) AllocSpace objects, 0(0B) LOS objects, 7% free, 184MB/200MB, paused 1.500ms total 60.616ms
08-04 12:46:31.513 27736 27736 I Input   : injectMotionEvent: MotionEvent { action=ACTION_MOVE, actionButton=0, id[0]=0, x[0]=500.0, y[0]=1599.1, toolType[0]=TOOL_TYPE_UNKNOWN, buttonState=0, metaState=0, flags=0x0, edgeFlags=0x0, pointerCount=1, historySize=0, eventTime=708407926, downTime=708407926, deviceId=0, source=0x1002 }
08-04 12:46:31.531 27736 27736 I Input   : injectMotionEvent: MotionEvent { action=ACTION_MOVE, actionButton=0, id[0]=0, x[0]=500.0, y[0]=1564.9, toolType[0]=TOOL_TYPE_UNKNOWN, buttonState=0, metaState=0, flags=0x0, edgeFlags=0x0, pointerCount=1, historySize=0, eventTime=708407944, downTime=708407944, deviceId=0, source=0x1002 }
08-04 12:46:31.546 27736 27736 I Input   : injectMotionEvent: MotionEvent { action=ACTION_MOVE, actionButton=0, id[0]=0, x[0]=500.0, y[0]=1536.4, toolType[0]=TOOL_TYPE_UNKNOWN, buttonState=0, metaState=0, flags=0x0, edgeFlags=0x0, pointerCount=1, historySize=0, eventTime=708407959, downTime=708407959, deviceId=0, source=0x1002 }
08-04 12:46:31.562 27736 27736 I Input   : injectMotionEvent: MotionEvent { action=ACTION_MOVE, actionButton=0, id[0]=0, x[0]=500.0, y[0]=1504.1, toolType[0]=TOOL_TYPE_UNKNOWN, buttonState=0, metaState=0, flags=0x0, edgeFlags=0x0, pointerCount=1, historySize=0, eventTime=708407976, downTime=708407976, deviceId=0, source=0x1002 }
08-04 12:46:31.579 27736 27736 I Input   : injectMotionEvent: MotionEvent { action=ACTION_MOVE, actionButton=0, id[0]=0, x[0]=500.0, y[0]=1473.7, toolType[0]=TOOL_TYPE_UNKNOWN, buttonState=0, metaState=0, flags=0x0, edgeFlags=0x0, pointerCount=1, historySize=0, eventTime=708407992, downTime=708407992, deviceId=0, source=0x1002 }
08-04 12:46:31.595 27736 27736 I Input   : injectMotionEvent: MotionEvent { action=ACTION_MOVE, actionButton=0, id[0]=0, x[0]=500.0, y[0]=1443.3, toolType[0]=TOOL_TYPE_UNKNOWN, buttonState=0, metaState=0, flags=0x0, edgeFlags=0x0, pointerCount=1, historySize=0, eventTime=708408008, downTime=708408008, deviceId=0, source=0x1002 }
08-04 12:46:31.612 27736 27736 I Input   : injectMotionEvent: MotionEvent { action=ACTION_MOVE, actionButton=0, id[0]=0, x[0]=500.0, y[0]=1411.0, toolType[0]=TOOL_TYPE_UNKNOWN, buttonState=0, metaState=0, flags=0x0, edgeFlags=0x0, pointerCount=1, historySize=0, eventTime=708408025, downTime=708408025, deviceId=0, source=0x1002 }
08-04 12:46:31.629 27736 27736 I Input   : injectMotionEvent: MotionEvent { action=ACTION_MOVE, actionButton=0, id[0]=0, x[0]=500.0, y[0]=1378.7, toolType[0]=TOOL_TYPE_UNKNOWN, buttonState=0, metaState=0, flags=0x0, edgeFlags=0x0, pointerCount=1, historySize=0, eventTime=708408042, downTime=708408042, deviceId=0, source=0x1002 }
08-04 12:46:31.646 27736 27736 I Input   : injectMotionEvent: MotionEvent { action=ACTION_MOVE, actionButton=0, id[0]=0, x[0]=500.0, y[0]=1346.3999, toolType[0]=TOOL_TYPE_UNKNOWN, buttonState=0, metaState=0, flags=0x0, edgeFlags=0x0, pointerCount=1, historySize=0, eventTime=708408059, downTime=708408059, deviceId=0, source=0x1002 }
08-04 12:46:31.663 27736 27736 I Input   : injectMotionEvent: MotionEvent { action=ACTION_MOVE, actionButton=0, id[0]=0, x[0]=500.0, y[0]=1314.1, toolType[0]=TOOL_TYPE_UNKNOWN, buttonState=0, metaState=0, flags=0x0, edgeFlags=0x0, pointerCount=1, historySize=0, eventTime=708408076, downTime=708408076, deviceId=0, source=0x1002 }
08-04 12:46:31.686 27736 27736 I Input   : injectMotionEvent: MotionEvent { action=ACTION_MOVE, actionButton=0, id[0]=0, x[0]=500.0, y[0]=1272.3, toolType[0]=TOOL_TYPE_UNKNOWN, buttonState=0, metaState=0, flags=0x0, edgeFlags=0x0, pointerCount=1, historySize=0, eventTime=708408098, downTime=708408098, deviceId=0, source=0x1002 }
08-04 12:46:31.696 27736 27736 I Input   : injectMotionEvent: MotionEvent { action=ACTION_MOVE, actionButton=0, id[0]=0, x[0]=500.0, y[0]=1251.4, toolType[0]=TOOL_TYPE_UNKNOWN, buttonState=0, metaState=0, flags=0x0, edgeFlags=0x0, pointerCount=1, historySize=0, eventTime=708408109, downTime=708408109, deviceId=0, source=0x1002 }
08-04 12:46:31.712 27736 27736 I Input   : injectMotionEvent: MotionEvent { action=ACTION_MOVE, actionButton=0, id[0]=0, x[0]=500.0, y[0]=1219.1, toolType[0]=TOOL_TYPE_UNKNOWN, buttonState=0, metaState=0, flags=0x0, edgeFlags=0x0, pointerCount=1, historySize=0, eventTime=708408126, downTime=708408126, deviceId=0, source=0x1002 }
08-04 12:46:31.730 27736 27736 I Input   : injectMotionEvent: MotionEvent { action=ACTION_MOVE, actionButton=0, id[0]=0, x[0]=500.0, y[0]=1184.9, toolType[0]=TOOL_TYPE_UNKNOWN, buttonState=0, metaState=0, flags=0x0, edgeFlags=0x0, pointerCount=1, historySize=0, eventTime=708408144, downTime=708408144, deviceId=0, source=0x1002 }
08-04 12:46:31.808 27736 27736 I Input   : injectMotionEvent: MotionEvent { action=ACTION_MOVE, actionButton=0, id[0]=0, x[0]=500.0, y[0]=1036.7, toolType[0]=TOOL_TYPE_UNKNOWN, buttonState=0, metaState=0, flags=0x0, edgeFlags=0x0, pointerCount=1, historySize=0, eventTime=708408222, downTime=708408222, deviceId=0, source=0x1002 }
08-04 12:46:31.870 27736 27736 I Input   : injectMotionEvent: MotionEvent { action=ACTION_MOVE, actionButton=0, id[0]=0, x[0]=500.0, y[0]=918.9, toolType[0]=TOOL_TYPE_UNKNOWN, buttonState=0, metaState=0, flags=0x0, edgeFlags=0x0, pointerCount=1, historySize=0, eventTime=708408284, downTime=708408284, deviceId=0, source=0x1002 }
08-04 12:46:31.930 25165 25178 I art     : Starting a blocking GC Explicit
08-04 12:46:31.932 27736 27736 I Input   : injectMotionEvent: MotionEvent { action=ACTION_MOVE, actionButton=0, id[0]=0, x[0]=500.0, y[0]=803.0, toolType[0]=TOOL_TYPE_UNKNOWN, buttonState=0, metaState=0, flags=0x0, edgeFlags=0x0, pointerCount=1, historySize=0, eventTime=708408345, downTime=708408345, deviceId=0, source=0x1002 }
08-04 12:46:31.983 25165 25178 I art     : Explicit concurrent mark sweep GC freed 1620(93KB) AllocSpace objects, 2(48KB) LOS objects, 7% free, 184MB/200MB, paused 1.431ms total 52.206ms
08-04 12:46:31.995 27736 27736 I Input   : injectMotionEvent: MotionEvent { action=ACTION_MOVE, actionButton=0, id[0]=0, x[0]=500.0, y[0]=683.2999, toolType[0]=TOOL_TYPE_UNKNOWN, buttonState=0, metaState=0, flags=0x0, edgeFlags=0x0, pointerCount=1, historySize=0, eventTime=708408408, downTime=708408408, deviceId=0, source=0x1002 }
08-04 12:46:32.001 25165 25178 I art     : Starting a blocking GC Explicit
08-04 12:46:32.057 25165 25178 I art     : Explicit concurrent mark sweep GC freed 58(2240B) AllocSpace objects, 0(0B) LOS objects, 7% free, 184MB/200MB, paused 1.521ms total 55.345ms
08-04 12:46:32.059 27736 27736 I Input   : injectMotionEvent: MotionEvent { action=ACTION_MOVE, actionButton=0, id[0]=0, x[0]=500.0, y[0]=561.69995, toolType[0]=TOOL_TYPE_UNKNOWN, buttonState=0, metaState=0, flags=0x0, edgeFlags=0x0, pointerCount=1, historySize=0, eventTime=708408472, downTime=708408472, deviceId=0, source=0x1002 }
08-04 12:46:32.075 25165 25178 I art     : Starting a blocking GC Explicit
08-04 12:46:32.081 13866 13882 I PeriodicStatsRunner: PeriodicStatsRunner.call():175 call()
08-04 12:46:32.081 13866 13882 I PeriodicStatsRunner: PeriodicStatsRunner.call():179 No submit PeriodicStats since input started.
08-04 12:46:32.119 27736 27736 I Input   : injectMotionEvent: MotionEvent { action=ACTION_MOVE, actionButton=0, id[0]=0, x[0]=500.0, y[0]=447.70007, toolType[0]=TOOL_TYPE_UNKNOWN, buttonState=0, metaState=0, flags=0x0, edgeFlags=0x0, pointerCount=1, historySize=0, eventTime=708408532, downTime=708408532, deviceId=0, source=0x1002 }
08-04 12:46:32.127 25165 25178 I art     : Explicit concurrent mark sweep GC freed 3(96B) AllocSpace objects, 0(0B) LOS objects, 7% free, 184MB/200MB, paused 1.264ms total 51.957ms
08-04 12:46:32.145 25165 25178 I art     : Starting a blocking GC Explicit
08-04 12:46:32.184 27736 27736 I Input   : injectMotionEvent: MotionEvent { action=ACTION_MOVE, actionButton=0, id[0]=0, x[0]=500.0, y[0]=324.19995, toolType[0]=TOOL_TYPE_UNKNOWN, buttonState=0, metaState=0, flags=0x0, edgeFlags=0x0, pointerCount=1, historySize=0, eventTime=708408597, downTime=708408597, deviceId=0, source=0x1002 }
08-04 12:46:32.198 25165 25178 I art     : Explicit concurrent mark sweep GC freed 8(256B) AllocSpace objects, 0(0B) LOS objects, 7% free, 184MB/200MB, paused 1.400ms total 52.725ms
08-04 12:46:32.217 25165 25178 I art     : Starting a blocking GC Explicit
08-04 12:46:32.269 25165 25178 I art     : Explicit concurrent mark sweep GC freed 40(1088B) AllocSpace objects, 0(0B) LOS objects, 7% free, 184MB/200MB, paused 1.504ms total 52.218ms
08-04 12:46:32.281 27736 27736 I Input   : injectMotionEvent: MotionEvent { action=ACTION_MOVE, actionButton=0, id[0]=0, x[0]=500.0, y[0]=139.90002, toolType[0]=TOOL_TYPE_UNKNOWN, buttonState=0, metaState=0, flags=0x0, edgeFlags=0x0, pointerCount=1, historySize=0, eventTime=708408694, downTime=708408694, deviceId=0, source=0x1002 }
08-04 12:46:32.316 27736 27736 I Input   : injectMotionEvent: MotionEvent { action=ACTION_UP, actionButton=0, id[0]=0, x[0]=500.0, y[0]=100.0, toolType[0]=TOOL_TYPE_UNKNOWN, buttonState=0, metaState=0, flags=0x0, edgeFlags=0x0, pointerCount=1, historySize=0, eventTime=708408729, downTime=708408729, deviceId=0, source=0x1002 }
08-04 12:46:32.350 27736 27736 D AndroidRuntime: Shutting down VM
08-04 12:46:32.664 25165 25227 I art     : Starting a blocking GC Explicit
08-04 12:46:32.728 25165 25227 I art     : Explicit concurrent mark sweep GC freed 1605(93KB) AllocSpace objects, 2(48KB) LOS objects, 7% free, 184MB/200MB, paused 1.479ms total 63.589ms
08-04 12:46:32.749 25165 25227 I art     : Starting a blocking GC Explicit
08-04 12:46:32.800 25165 25227 I art     : Explicit concurrent mark sweep GC freed 42(1696B) AllocSpace objects, 0(0B) LOS objects, 7% free, 184MB/200MB, paused 1.260ms total 50.322ms
08-04 12:46:32.818 25165 25227 I art     : Starting a blocking GC Explicit
08-04 12:46:32.869 25165 25227 I art     : Explicit concurrent mark sweep GC freed 7(224B) AllocSpace objects, 0(0B) LOS objects, 7% free, 184MB/200MB, paused 1.253ms total 50.276ms
08-04 12:46:32.889 25165 25227 I art     : Starting a blocking GC Explicit
08-04 12:46:32.941 25165 25227 I art     : Explicit concurrent mark sweep GC freed 7(224B) AllocSpace objects, 0(0B) LOS objects, 7% free, 184MB/200MB, paused 1.268ms total 51.635ms
08-04 12:46:32.961 25165 25227 I art     : Starting a blocking GC Explicit
08-04 12:46:33.014 25165 25227 I art     : Explicit concurrent mark sweep GC freed 5(160B) AllocSpace objects, 0(0B) LOS objects, 7% free, 184MB/200MB, paused 1.257ms total 52.281ms
08-04 12:46:33.110 27785 27785 D AndroidRuntime: >>>>>> START com.android.internal.os.RuntimeInit uid 2000 <<<<<<
08-04 12:46:33.116 27785 27785 D AndroidRuntime: CheckJNI is OFF
08-04 12:46:33.158 27785 27785 D ICU     : No timezone override file found: /data/misc/zoneinfo/current/icu/icu_tzdata.dat
08-04 12:46:33.199 27785 27785 I Radio-JNI: register_android_hardware_Radio DONE
08-04 12:46:33.228 27785 27785 D AndroidRuntime: Calling main entry com.android.commands.input.Input
08-04 12:46:33.230 27785 27785 I Input   : injectMotionEvent: MotionEvent { action=ACTION_DOWN, actionButton=0, id[0]=0, x[0]=500.0, y[0]=2000.0, toolType[0]=TOOL_TYPE_UNKNOWN, buttonState=0, metaState=0, flags=0x0, edgeFlags=0x0, pointerCount=1, historySize=0, eventTime=708409642, downTime=708409642, deviceId=0, source=0x1002 }
08-04 12:46:33.235 27785 27785 I Input   : injectMotionEvent: MotionEvent { action=ACTION_MOVE, actionButton=0, id[0]=0, x[0]=500.0, y[0]=2000.0, toolType[0]=TOOL_TYPE_UNKNOWN, buttonState=0, metaState=0, flags=0x0, edgeFlags=0x0, pointerCount=1, historySize=0, eventTime=708409642, downTime=708409642, deviceId=0, source=0x1002 }
08-04 12:46:33.247 27785 27785 I Input   : injectMotionEvent: MotionEvent { action=ACTION_MOVE, actionButton=0, id[0]=0, x[0]=500.0, y[0]=1965.8, toolType[0]=TOOL_TYPE_UNKNOWN, buttonState=0, metaState=0, flags=0x0, edgeFlags=0x0, pointerCount=1, historySize=0, eventTime=708409660, downTime=708409660, deviceId=0, source=0x1002 }
08-04 12:46:33.264 27785 27785 I Input   : injectMotionEvent: MotionEvent { action=ACTION_MOVE, actionButton=0, id[0]=0, x[0]=500.0, y[0]=1933.5, toolType[0]=TOOL_TYPE_UNKNOWN, buttonState=0, metaState=0, flags=0x0, edgeFlags=0x0, pointerCount=1, historySize=0, eventTime=708409677, downTime=708409677, deviceId=0, source=0x1002 }
08-04 12:46:33.281 27785 27785 I Input   : injectMotionEvent: MotionEvent { action=ACTION_MOVE, actionButton=0, id[0]=0, x[0]=500.0, y[0]=1901.2, toolType[0]=TOOL_TYPE_UNKNOWN, buttonState=0, metaState=0, flags=0x0, edgeFlags=0x0, pointerCount=1, historySize=0, eventTime=708409694, downTime=708409694, deviceId=0, source=0x1002 }
08-04 12:46:33.327 27785 27785 I Input   : injectMotionEvent: MotionEvent { action=ACTION_MOVE, actionButton=0, id[0]=0, x[0]=500.0, y[0]=1811.9, toolType[0]=TOOL_TYPE_UNKNOWN, buttonState=0, metaState=0, flags=0x0, edgeFlags=0x0, pointerCount=1, historySize=0, eventTime=708409741, downTime=708409741, deviceId=0, source=0x1002 }
08-04 12:46:33.368 27785 27785 I Input   : injectMotionEvent: MotionEvent { action=ACTION_MOVE, actionButton=0, id[0]=0, x[0]=500.0, y[0]=1735.9, toolType[0]=TOOL_TYPE_UNKNOWN, buttonState=0, metaState=0, flags=0x0, edgeFlags=0x0, pointerCount=1, historySize=0, eventTime=708409781, downTime=708409781, deviceId=0, source=0x1002 }
08-04 12:46:33.407 27785 27785 I Input   : injectMotionEvent: MotionEvent { action=ACTION_MOVE, actionButton=0, id[0]=0, x[0]=500.0, y[0]=1659.9, toolType[0]=TOOL_TYPE_UNKNOWN, buttonState=0, metaState=0, flags=0x0, edgeFlags=0x0, pointerCount=1, historySize=0, eventTime=708409821, downTime=708409821, deviceId=0, source=0x1002 }
08-04 12:46:33.415 25165 25227 I art     : Starting a blocking GC Explicit
08-04 12:46:33.444 27785 27785 I Input   : injectMotionEvent: MotionEvent { action=ACTION_MOVE, actionButton=0, id[0]=0, x[0]=500.0, y[0]=1591.5, toolType[0]=TOOL_TYPE_UNKNOWN, buttonState=0, metaState=0, flags=0x0, edgeFlags=0x0, pointerCount=1, historySize=0, eventTime=708409857, downTime=708409857, deviceId=0, source=0x1002 }
08-04 12:46:33.469 25165 25227 I art     : Explicit concurrent mark sweep GC freed 1659(94KB) AllocSpace objects, 2(48KB) LOS objects, 7% free, 184MB/200MB, paused 1.537ms total 53.566ms
08-04 12:46:33.483 27785 27785 I Input   : injectMotionEvent: MotionEvent { action=ACTION_MOVE, actionButton=0, id[0]=0, x[0]=500.0, y[0]=1517.4, toolType[0]=TOOL_TYPE_UNKNOWN, buttonState=0, metaState=0, flags=0x0, edgeFlags=0x0, pointerCount=1, historySize=0, eventTime=708409896, downTime=708409896, deviceId=0, source=0x1002 }
08-04 12:46:33.489 25165 25227 I art     : Starting a blocking GC Explicit
08-04 12:46:33.523 27785 27785 I Input   : injectMotionEvent: MotionEvent { action=ACTION_MOVE, actionButton=0, id[0]=0, x[0]=500.0, y[0]=1439.5, toolType[0]=TOOL_TYPE_UNKNOWN, buttonState=0, metaState=0, flags=0x0, edgeFlags=0x0, pointerCount=1, historySize=0, eventTime=708409937, downTime=708409937, deviceId=0, source=0x1002 }
08-04 12:46:33.541 25165 25227 I art     : Explicit concurrent mark sweep GC freed 35(1248B) AllocSpace objects, 0(0B) LOS objects, 7% free, 184MB/200MB, paused 1.266ms total 51.453ms
08-04 12:46:33.563 25165 25227 I art     : Starting a blocking GC Explicit
08-04 12:46:33.567 27785 27785 I Input   : injectMotionEvent: MotionEvent { action=ACTION_MOVE, actionButton=0, id[0]=0, x[0]=500.0, y[0]=1357.8, toolType[0]=TOOL_TYPE_UNKNOWN, buttonState=0, metaState=0, flags=0x0, edgeFlags=0x0, pointerCount=1, historySize=0, eventTime=708409980, downTime=708409980, deviceId=0, source=0x1002 }
08-04 12:46:33.605 27785 27785 I Input   : injectMotionEvent: MotionEvent { action=ACTION_MOVE, actionButton=0, id[0]=0, x[0]=500.0, y[0]=1283.7, toolType[0]=TOOL_TYPE_UNKNOWN, buttonState=0, metaState=0, flags=0x0, edgeFlags=0x0, pointerCount=1, historySize=0, eventTime=708410019, downTime=708410019, deviceId=0, source=0x1002 }
08-04 12:46:33.615 25165 25227 I art     : Explicit concurrent mark sweep GC freed 7(224B) AllocSpace objects, 0(0B) LOS objects, 7% free, 184MB/200MB, paused 1.261ms total 52.361ms
08-04 12:46:33.635 25165 25227 I art     : Starting a blocking GC Explicit
08-04 12:46:33.646 27785 27785 I Input   : injectMotionEvent: MotionEvent { action=ACTION_MOVE, actionButton=0, id[0]=0, x[0]=500.0, y[0]=1207.7, toolType[0]=TOOL_TYPE_UNKNOWN, buttonState=0, metaState=0, flags=0x0, edgeFlags=0x0, pointerCount=1, historySize=0, eventTime=708410059, downTime=708410059, deviceId=0, source=0x1002 }
08-04 12:46:33.684 27785 27785 I Input   : injectMotionEvent: MotionEvent { action=ACTION_MOVE, actionButton=0, id[0]=0, x[0]=500.0, y[0]=1135.5, toolType[0]=TOOL_TYPE_UNKNOWN, buttonState=0, metaState=0, flags=0x0, edgeFlags=0x0, pointerCount=1, historySize=0, eventTime=708410097, downTime=708410097, deviceId=0, source=0x1002 }
08-04 12:46:33.688 25165 25227 I art     : Explicit concurrent mark sweep GC freed 7(224B) AllocSpace objects, 0(0B) LOS objects, 7% free, 184MB/200MB, paused 1.589ms total 52.559ms
08-04 12:46:33.707 25165 25227 I art     : Starting a blocking GC Explicit
08-04 12:46:33.725 27785 27785 I Input   : injectMotionEvent: MotionEvent { action=ACTION_MOVE, actionButton=0, id[0]=0, x[0]=500.0, y[0]=1057.6001, toolType[0]=TOOL_TYPE_UNKNOWN, buttonState=0, metaState=0, flags=0x0, edgeFlags=0x0, pointerCount=1, historySize=0, eventTime=708410138, downTime=708410138, deviceId=0, source=0x1002 }
08-04 12:46:33.759 25165 25227 I art     : Explicit concurrent mark sweep GC freed 5(160B) AllocSpace objects, 0(0B) LOS objects, 7% free, 184MB/200MB, paused 1.361ms total 51.857ms
08-04 12:46:33.766 27785 27785 I Input   : injectMotionEvent: MotionEvent { action=ACTION_MOVE, actionButton=0, id[0]=0, x[0]=500.0, y[0]=979.7, toolType[0]=TOOL_TYPE_UNKNOWN, buttonState=0, metaState=0, flags=0x0, edgeFlags=0x0, pointerCount=1, historySize=0, eventTime=708410179, downTime=708410179, deviceId=0, source=0x1002 }
08-04 12:46:33.805 27785 27785 I Input   : injectMotionEvent: MotionEvent { action=ACTION_MOVE, actionButton=0, id[0]=0, x[0]=500.0, y[0]=905.6001, toolType[0]=TOOL_TYPE_UNKNOWN, buttonState=0, metaState=0, flags=0x0, edgeFlags=0x0, pointerCount=1, historySize=0, eventTime=708410218, downTime=708410218, deviceId=0, source=0x1002 }
08-04 12:46:33.845 27785 27785 I Input   : injectMotionEvent: MotionEvent { action=ACTION_MOVE, actionButton=0, id[0]=0, x[0]=500.0, y[0]=829.6, toolType[0]=TOOL_TYPE_UNKNOWN, buttonState=0, metaState=0, flags=0x0, edgeFlags=0x0, pointerCount=1, historySize=0, eventTime=708410258, downTime=708410258, deviceId=0, source=0x1002 }
08-04 12:46:33.885 27785 27785 I Input   : injectMotionEvent: MotionEvent { action=ACTION_MOVE, actionButton=0, id[0]=0, x[0]=500.0, y[0]=751.69995, toolType[0]=TOOL_TYPE_UNKNOWN, buttonState=0, metaState=0, flags=0x0, edgeFlags=0x0, pointerCount=1, historySize=0, eventTime=708410299, downTime=708410299, deviceId=0, source=0x1002 }
08-04 12:46:33.926 27785 27785 I Input   : injectMotionEvent: MotionEvent { action=ACTION_MOVE, actionButton=0, id[0]=0, x[0]=500.0, y[0]=675.69995, toolType[0]=TOOL_TYPE_UNKNOWN, buttonState=0, metaState=0, flags=0x0, edgeFlags=0x0, pointerCount=1, historySize=0, eventTime=708410339, downTime=708410339, deviceId=0, source=0x1002 }
08-04 12:46:33.965 27785 27785 I Input   : injectMotionEvent: MotionEvent { action=ACTION_MOVE, actionButton=0, id[0]=0, x[0]=500.0, y[0]=601.6, toolType[0]=TOOL_TYPE_UNKNOWN, buttonState=0, metaState=0, flags=0x0, edgeFlags=0x0, pointerCount=1, historySize=0, eventTime=708410378, downTime=708410378, deviceId=0, source=0x1002 }
08-04 12:46:34.009 27785 27785 I Input   : injectMotionEvent: MotionEvent { action=ACTION_MOVE, actionButton=0, id[0]=0, x[0]=500.0, y[0]=518.0, toolType[0]=TOOL_TYPE_UNKNOWN, buttonState=0, metaState=0, flags=0x0, edgeFlags=0x0, pointerCount=1, historySize=0, eventTime=708410422, downTime=708410422, deviceId=0, source=0x1002 }
08-04 12:46:34.045 27785 27785 I Input   : injectMotionEvent: MotionEvent { action=ACTION_MOVE, actionButton=0, id[0]=0, x[0]=500.0, y[0]=449.59998, toolType[0]=TOOL_TYPE_UNKNOWN, buttonState=0, metaState=0, flags=0x0, edgeFlags=0x0, pointerCount=1, historySize=0, eventTime=708410458, downTime=708410458, deviceId=0, source=0x1002 }
08-04 12:46:34.085 27785 27785 I Input   : injectMotionEvent: MotionEvent { action=ACTION_MOVE, actionButton=0, id[0]=0, x[0]=500.0, y[0]=371.70007, toolType[0]=TOOL_TYPE_UNKNOWN, buttonState=0, metaState=0, flags=0x0, edgeFlags=0x0, pointerCount=1, historySize=0, eventTime=708410499, downTime=708410499, deviceId=0, source=0x1002 }
08-04 12:46:34.130 27785 27785 I Input   : injectMotionEvent: MotionEvent { action=ACTION_MOVE, actionButton=0, id[0]=0, x[0]=500.0, y[0]=288.09998, toolType[0]=TOOL_TYPE_UNKNOWN, buttonState=0, metaState=0, flags=0x0, edgeFlags=0x0, pointerCount=1, historySize=0, eventTime=708410543, downTime=708410543, deviceId=0, source=0x1002 }
08-04 12:46:34.166 25165 25178 I art     : Starting a blocking GC Explicit
08-04 12:46:34.168 27785 27785 I Input   : injectMotionEvent: MotionEvent { action=ACTION_MOVE, actionButton=0, id[0]=0, x[0]=500.0, y[0]=215.90002, toolType[0]=TOOL_TYPE_UNKNOWN, buttonState=0, metaState=0, flags=0x0, edgeFlags=0x0, pointerCount=1, historySize=0, eventTime=708410581, downTime=708410581, deviceId=0, source=0x1002 }
08-04 12:46:34.206 27785 27785 I Input   : injectMotionEvent: MotionEvent { action=ACTION_MOVE, actionButton=0, id[0]=0, x[0]=500.0, y[0]=143.69995, toolType[0]=TOOL_TYPE_UNKNOWN, buttonState=0, metaState=0, flags=0x0, edgeFlags=0x0, pointerCount=1, historySize=0, eventTime=708410619, downTime=708410619, deviceId=0, source=0x1002 }
08-04 12:46:34.219 25165 25178 I art     : Explicit concurrent mark sweep GC freed 1624(93KB) AllocSpace objects, 2(48KB) LOS objects, 7% free, 184MB/200MB, paused 1.293ms total 52.480ms
08-04 12:46:34.239 25165 25178 I art     : Starting a blocking GC Explicit
08-04 12:46:34.247 27785 27785 I Input   : injectMotionEvent: MotionEvent { action=ACTION_UP, actionButton=0, id[0]=0, x[0]=500.0, y[0]=100.0, toolType[0]=TOOL_TYPE_UNKNOWN, buttonState=0, metaState=0, flags=0x0, edgeFlags=0x0, pointerCount=1, historySize=0, eventTime=708410660, downTime=708410660, deviceId=0, source=0x1002 }
08-04 12:46:34.284 27785 27785 D AndroidRuntime: Shutting down VM
08-04 12:46:34.290 25165 25178 I art     : Explicit concurrent mark sweep GC freed 71(2208B) AllocSpace objects, 0(0B) LOS objects, 7% free, 184MB/200MB, paused 1.375ms total 51.253ms
08-04 12:46:34.310 25165 25178 I art     : Starting a blocking GC Explicit
08-04 12:46:34.363 25165 25178 I art     : Explicit concurrent mark sweep GC freed 4(128B) AllocSpace objects, 0(0B) LOS objects, 7% free, 184MB/200MB, paused 1.304ms total 52.613ms
08-04 12:46:34.381 25165 25178 I art     : Starting a blocking GC Explicit
08-04 12:46:34.426   518   646 I ThermalEngine: ACTION: GPU - Setting GPU[0] to 390000000
08-04 12:46:34.442 25165 25178 I art     : Explicit concurrent mark sweep GC freed 5(176B) AllocSpace objects, 0(0B) LOS objects, 7% free, 184MB/200MB, paused 2.018ms total 60.269ms
08-04 12:46:34.468 25165 25178 I art     : Starting a blocking GC Explicit
08-04 12:46:34.541 25165 25178 I art     : Explicit concurrent mark sweep GC freed 3(96B) AllocSpace objects, 0(0B) LOS objects, 7% free, 184MB/200MB, paused 2.122ms total 72.197ms
08-04 12:46:34.598 13866 13882 I PeriodicStatsRunner: PeriodicStatsRunner.call():175 call()
08-04 12:46:34.598 13866 13882 I PeriodicStatsRunner: PeriodicStatsRunner.call():179 No submit PeriodicStats since input started.
08-04 12:46:35.009 25165 25227 I art     : Starting a blocking GC Explicit
08-04 12:46:35.097 25165 25227 I art     : Explicit concurrent mark sweep GC freed 1598(92KB) AllocSpace objects, 2(48KB) LOS objects, 7% free, 184MB/200MB, paused 2.915ms total 87.143ms
08-04 12:46:35.124 25165 25227 I art     : Starting a blocking GC Explicit
08-04 12:46:35.173 27821 27821 D AndroidRuntime: >>>>>> START com.android.internal.os.RuntimeInit uid 2000 <<<<<<
08-04 12:46:35.179 27821 27821 D AndroidRuntime: CheckJNI is OFF
08-04 12:46:35.190 25165 25227 I art     : Explicit concurrent mark sweep GC freed 38(1568B) AllocSpace objects, 0(0B) LOS objects, 7% free, 184MB/200MB, paused 2.245ms total 65.703ms
08-04 12:46:35.215 25165 25227 I art     : Starting a blocking GC Explicit
08-04 12:46:35.234 27821 27821 D ICU     : No timezone override file found: /data/misc/zoneinfo/current/icu/icu_tzdata.dat
08-04 12:46:35.278 27821 27821 I Radio-JNI: register_android_hardware_Radio DONE
08-04 12:46:35.285 25165 25227 I art     : Explicit concurrent mark sweep GC freed 40(1088B) AllocSpace objects, 0(0B) LOS objects, 7% free, 184MB/200MB, paused 2.026ms total 69.821ms
08-04 12:46:35.310 27821 27821 D AndroidRuntime: Calling main entry com.android.commands.input.Input
08-04 12:46:35.311 25165 25227 I art     : Starting a blocking GC Explicit
08-04 12:46:35.313 27821 27821 I Input   : injectMotionEvent: MotionEvent { action=ACTION_DOWN, actionButton=0, id[0]=0, x[0]=657.0, y[0]=2080.0, toolType[0]=TOOL_TYPE_UNKNOWN, buttonState=0, metaState=0, flags=0x0, edgeFlags=0x0, pointerCount=1, historySize=0, eventTime=708411725, downTime=708411725, deviceId=0, source=0x1002 }
08-04 12:46:35.318 27821 27821 I Input   : injectMotionEvent: MotionEvent { action=ACTION_UP, actionButton=0, id[0]=0, x[0]=657.0, y[0]=2080.0, toolType[0]=TOOL_TYPE_UNKNOWN, buttonState=0, metaState=0, flags=0x0, edgeFlags=0x0, pointerCount=1, historySize=0, eventTime=708411725, downTime=708411725, deviceId=0, source=0x1002 }
08-04 12:46:35.320   918  3670 I ActivityManager: START u0 {cmp=baseline.io.github.project_travel_mate/.utilities.UpcomingWeekendsActivity} from uid 10650 on display 0
08-04 12:46:35.320 27821 27821 D AndroidRuntime: Shutting down VM
08-04 12:46:35.323   512  2967 D audio_hw_primary: out_set_parameters: enter: usecase(1: low-latency-playback) kvpairs: routing=2
08-04 12:46:35.339   512  2967 D audio_hw_primary: select_devices: out_snd_device(2: speaker) in_snd_device(0: none)
08-04 12:46:35.339   512  2967 D msm8974_platform: platform_send_audio_calibration: sending audio calibration for snd_device(2) acdb_id(15)
08-04 12:46:35.339   512  2967 I soundtrigger: audio_extn_sound_trigger_update_device_status: device 0x2 of type 0 for Event 1
08-04 12:46:35.353   512  2967 D audio_hw_primary: enable_snd_device: snd_device(2: speaker)
08-04 12:46:35.355   512  2967 D audio_hw_primary: enable_audio_route: apply and update mixer path: low-latency-playback speaker
08-04 12:46:35.364 25165 25247 D Gabe    : call	returning from cache
08-04 12:46:35.369 25165 25165 V EXECUTING: https://project-travel-mate.herokuapp.com/api/get-upcoming-holidays/2020
08-04 12:46:35.373 25165 25165 V EXECUTING: https://project-travel-mate.herokuapp.com/api/get-upcoming-holidays/2020
08-04 12:46:35.390 25165 25227 I art     : Explicit concurrent mark sweep GC freed 664(36KB) AllocSpace objects, 0(0B) LOS objects, 7% free, 184MB/200MB, paused 2.378ms total 78.511ms
08-04 12:46:35.423 25165 25227 I art     : Starting a blocking GC Explicit
08-04 12:46:35.462 13866 13866 I GoogleInputMethodServic: GoogleInputMethodService.onFinishInput():3138 
08-04 12:46:35.462 13866 13866 I GoogleInputMethodServic: GoogleInputMethodService.onStartInput():1808 
08-04 12:46:35.490 25165 25227 I art     : Explicit concurrent mark sweep GC freed 1082(64KB) AllocSpace objects, 0(0B) LOS objects, 7% free, 189MB/205MB, paused 2.553ms total 67.501ms
08-04 12:46:35.566   918   936 I ActivityManager: Displayed baseline.io.github.project_travel_mate/.utilities.UpcomingWeekendsActivity: +234ms
08-04 12:46:35.816   380   380 W SurfaceFlinger: couldn't log to binary event log: overflow.
08-04 12:46:35.899   512  2967 D audio_hw_primary: disable_audio_route: reset and update mixer path: low-latency-playback speaker
08-04 12:46:35.901   512  2967 D audio_hw_primary: disable_snd_device: snd_device(2: speaker)
08-04 12:46:35.909   512  2967 I soundtrigger: audio_extn_sound_trigger_update_device_status: device 0x2 of type 0 for Event 0
08-04 12:46:35.954 25165 25226 I art     : Starting a blocking GC Explicit
08-04 12:46:36.018 25165 25226 I art     : Explicit concurrent mark sweep GC freed 2282(107KB) AllocSpace objects, 2(48KB) LOS objects, 7% free, 189MB/205MB, paused 2.143ms total 63.362ms
08-04 12:46:36.041 25165 25226 I art     : Starting a blocking GC Explicit
08-04 12:46:36.102 25165 25226 I art     : Explicit concurrent mark sweep GC freed 210(6KB) AllocSpace objects, 0(0B) LOS objects, 7% free, 189MB/205MB, paused 2.042ms total 61.190ms
08-04 12:46:36.134 25165 25226 I art     : Starting a blocking GC Explicit
08-04 12:46:36.204 25165 25226 I art     : Explicit concurrent mark sweep GC freed 5236(265KB) AllocSpace objects, 4(240KB) LOS objects, 7% free, 189MB/205MB, paused 2.153ms total 69.342ms
08-04 12:46:36.206 25165 27845 I NAPPA_EXPERIMENTATION: MetricNetworkRequestExecutionTime: REQUEST_DURATION_SYSTEM='831',REQUEST_DURATION_OKHTTP='31',REQUEST_SYNCHRONOUS='FALSE',RESPONSE_CODE='200',RESPONSE_METHOD='GET',RESPONSE_LENGTH_OKHTTP='6426',RESPONSE_LENGTH_HEADER='6426',REQUEST_PROTOCOL='http/1.1',REQUEST_URL='https://project-travel-mate.herokuapp.com/api/get-upcoming-holidays/2020',
08-04 12:46:36.226 25165 27844 I NAPPA_EXPERIMENTATION: MetricNetworkRequestExecutionTime: REQUEST_DURATION_SYSTEM='856',REQUEST_DURATION_OKHTTP='40',REQUEST_SYNCHRONOUS='FALSE',RESPONSE_CODE='200',RESPONSE_METHOD='GET',RESPONSE_LENGTH_OKHTTP='6426',RESPONSE_LENGTH_HEADER='6426',REQUEST_PROTOCOL='http/1.1',REQUEST_URL='https://project-travel-mate.herokuapp.com/api/get-upcoming-holidays/2020',
08-04 12:46:36.227 25165 25226 I art     : Starting a blocking GC Explicit
08-04 12:46:36.260 25165 25165 V Response: [{"month":"January","date":1,"day":"Wednesday","name":"New Year's Day","type":"Restricted"},{"month":"January","date":2,"day":"Thursday","name":"Guru Govind Singh Jayanti","type":"Restricted"},{"month":"January","date":14,"day":"Tuesday","name":"Lohri","type":"Restricted"},{"month":"January","date":15,"day":"Wednesday","name":"Pongal","type":"Restricted"},{"month":"January","date":15,"day":"Wednesday","name":"Makar Sankranti","type":"Restricted"},{"month":"January","date":25,"day":"Saturday","name":"Chinese New Year","type":"Observance"},{"month":"January","date":26,"day":"Sunday","name":"Republic Day","type":"Gazetted"},{"month":"January","date":30,"day":"Thursday","name":"Vasant Panchami","type":"Restricted"},{"month":"February","date":9,"day":"Sunday","name":"Guru Ravidas Jayanti","type":"Restricted"},{"month":"February","date":14,"day":"Friday","name":"Valentine's Day","type":"Observance"},{"month":"February","date":18,"day":"Tuesday","name":"Maharishi Dayanand Saraswati Jayanti","type":"Restricted"},{"month":"February","date":19,"day":"Wednesday","name":"Shivaji Jayanti","type":"Restricted"},{"month":"February","date":21,"day":"Friday","name":"Maha Shivaratri/Shivaratri","type":"Gazetted"},{"month":"March","date":9,"day":"Monday","name":"Holika Dahana","type":"Restricted"},{"month":"March","date":9,"day":"Monday","name":"Hazarat Ali's Birthday","type":"Restricted"},{"month":"March","date":10,"day":"Tuesday","name":"Holi","type":"Gazetted"},{"month":"March","date":20,"day":"Friday","name":"March Equinox","type":"Season"},{"month":"March","date":25,"day":"Wednesday","name":"Chaitra Sukhladi","type":"Restricted"},{"month":"April","date":2,"day":"Thursday","name":"Rama Navami","type":"Gazetted"},{"month":"April","date":6,"day":"Monday","name":"Mahavir Jayanti","type":"Gazetted"},{"month":"April","date":9,"day":"Thursday","name":"First day of Passover","type":"Observance"},{"month":"April","date":9,"day":"Thursday","name":"Maundy Thursday","type":"Observance,"},{"month":"April","date":10,"day":"Friday","name":"Good Friday","type":"Gazetted"},{"month":"April","date":12,"day":"Sunday","name":"Easter Day","type":"Restricted"},{"month":"April","date":13,"day":"Monday","name":"Vaisakhi","type":"Restricted"},{"month":"April","date":14,"day":"Tuesday","name":"Mesadi/Vaisakhadi","type":"Restricted"},{"month":"April","date":14,"day":"Tuesday","name":"Ambedkar Jayanti","type":"Central"},{"month":"May","date":1,"day":"Friday","name":"May Day","type":"Observance"},{"month":"May","date":7,"day":"Thursday","name":"Buddha Purnima/Vesak","type":"Gazetted"},{"month":"May","date":7,"day":"Thursday","name":"Birthday of Ravindranath","type":"Restricted"},{"month":"May","date":10,"day":"Sunday","name":"Mother's Day","type":"Observance"},{"month":"May","date":22,"day":"Friday","name":"Jamat Ul-Vida","type":"Restricted"},{"month":"May","date":25,"day":"Monday","name":"Ramzan Id/Eid-ul-Fitar","type":"Gazetted"},{"month":"May","date":25,"day":"Monday","name":"Ramzan Id/Eid-ul-Fitar","type":"Muslim,"},{"month":"June","date":21,"day":"Sunday","name":"June Solstice","type":"Season"},{"month":"June","date":21,"day":"Sunday","name":"Father's Day","type":"Observance"},{"month":"June","date":23,"day":"Tuesday","name":"Rath Yatra","type":"Restricted"},{"month":"July","date":5,"day":"Sunday","name":"Guru Purnima","type":"Observance"},{"month":"July","date":31,"day":"Friday","name":"Bakr Id/Eid ul-Adha","type":"Gazetted"},{"month":"August","date":2,"day":"Sunday","name":"Friendship Day","type":"Observance"},{"month":"August","date":3,"day":"Monday","name":"Raksha Bandhan (Rakhi)","type":"Restricted"},{"month":"August","date":11,"day":"Tuesday","name":"Janmashtami (Smarta)","type":"Restricted"},{"month":"August","date":12,"day":"Wednesday","name":"Janmashtami","type":"Gazetted"},{"month":"August","date":15,"day":"Saturday","name":"Independence Day","type":"Gazetted"},{"month":"August","date":16,"day":"Sunday","name":"Parsi New Year","type":"Restricted"},{"month":"August","date":22,"day":"Saturday","name":"Ganesh Chaturthi/Vin
08-04 12:46:36.291 25165 25226 I art     : Explicit concurrent mark sweep GC freed 5861(386KB) AllocSpace objects, 5(208KB) LOS objects, 7% free, 189MB/205MB, paused 2.201ms total 63.850ms
08-04 12:46:36.315 25165 25226 I art     : Starting a blocking GC Explicit
08-04 12:46:36.350 25165 25165 V Response: [{"month":"January","date":1,"day":"Wednesday","name":"New Year's Day","type":"Restricted"},{"month":"January","date":2,"day":"Thursday","name":"Guru Govind Singh Jayanti","type":"Restricted"},{"month":"January","date":14,"day":"Tuesday","name":"Lohri","type":"Restricted"},{"month":"January","date":15,"day":"Wednesday","name":"Pongal","type":"Restricted"},{"month":"January","date":15,"day":"Wednesday","name":"Makar Sankranti","type":"Restricted"},{"month":"January","date":25,"day":"Saturday","name":"Chinese New Year","type":"Observance"},{"month":"January","date":26,"day":"Sunday","name":"Republic Day","type":"Gazetted"},{"month":"January","date":30,"day":"Thursday","name":"Vasant Panchami","type":"Restricted"},{"month":"February","date":9,"day":"Sunday","name":"Guru Ravidas Jayanti","type":"Restricted"},{"month":"February","date":14,"day":"Friday","name":"Valentine's Day","type":"Observance"},{"month":"February","date":18,"day":"Tuesday","name":"Maharishi Dayanand Saraswati Jayanti","type":"Restricted"},{"month":"February","date":19,"day":"Wednesday","name":"Shivaji Jayanti","type":"Restricted"},{"month":"February","date":21,"day":"Friday","name":"Maha Shivaratri/Shivaratri","type":"Gazetted"},{"month":"March","date":9,"day":"Monday","name":"Holika Dahana","type":"Restricted"},{"month":"March","date":9,"day":"Monday","name":"Hazarat Ali's Birthday","type":"Restricted"},{"month":"March","date":10,"day":"Tuesday","name":"Holi","type":"Gazetted"},{"month":"March","date":20,"day":"Friday","name":"March Equinox","type":"Season"},{"month":"March","date":25,"day":"Wednesday","name":"Chaitra Sukhladi","type":"Restricted"},{"month":"April","date":2,"day":"Thursday","name":"Rama Navami","type":"Gazetted"},{"month":"April","date":6,"day":"Monday","name":"Mahavir Jayanti","type":"Gazetted"},{"month":"April","date":9,"day":"Thursday","name":"First day of Passover","type":"Observance"},{"month":"April","date":9,"day":"Thursday","name":"Maundy Thursday","type":"Observance,"},{"month":"April","date":10,"day":"Friday","name":"Good Friday","type":"Gazetted"},{"month":"April","date":12,"day":"Sunday","name":"Easter Day","type":"Restricted"},{"month":"April","date":13,"day":"Monday","name":"Vaisakhi","type":"Restricted"},{"month":"April","date":14,"day":"Tuesday","name":"Mesadi/Vaisakhadi","type":"Restricted"},{"month":"April","date":14,"day":"Tuesday","name":"Ambedkar Jayanti","type":"Central"},{"month":"May","date":1,"day":"Friday","name":"May Day","type":"Observance"},{"month":"May","date":7,"day":"Thursday","name":"Buddha Purnima/Vesak","type":"Gazetted"},{"month":"May","date":7,"day":"Thursday","name":"Birthday of Ravindranath","type":"Restricted"},{"month":"May","date":10,"day":"Sunday","name":"Mother's Day","type":"Observance"},{"month":"May","date":22,"day":"Friday","name":"Jamat Ul-Vida","type":"Restricted"},{"month":"May","date":25,"day":"Monday","name":"Ramzan Id/Eid-ul-Fitar","type":"Gazetted"},{"month":"May","date":25,"day":"Monday","name":"Ramzan Id/Eid-ul-Fitar","type":"Muslim,"},{"month":"June","date":21,"day":"Sunday","name":"June Solstice","type":"Season"},{"month":"June","date":21,"day":"Sunday","name":"Father's Day","type":"Observance"},{"month":"June","date":23,"day":"Tuesday","name":"Rath Yatra","type":"Restricted"},{"month":"July","date":5,"day":"Sunday","name":"Guru Purnima","type":"Observance"},{"month":"July","date":31,"day":"Friday","name":"Bakr Id/Eid ul-Adha","type":"Gazetted"},{"month":"August","date":2,"day":"Sunday","name":"Friendship Day","type":"Observance"},{"month":"August","date":3,"day":"Monday","name":"Raksha Bandhan (Rakhi)","type":"Restricted"},{"month":"August","date":11,"day":"Tuesday","name":"Janmashtami (Smarta)","type":"Restricted"},{"month":"August","date":12,"day":"Wednesday","name":"Janmashtami","type":"Gazetted"},{"month":"August","date":15,"day":"Saturday","name":"Independence Day","type":"Gazetted"},{"month":"August","date":16,"day":"Sunday","name":"Parsi New Year","type":"Restricted"},{"month":"August","date":22,"day":"Saturday","name":"Ganesh Chaturthi/Vin
08-04 12:46:36.389 25165 25226 I art     : Explicit concurrent mark sweep GC freed 8074(297KB) AllocSpace objects, 0(0B) LOS objects, 7% free, 189MB/205MB, paused 2.679ms total 73.044ms
08-04 12:46:36.835 25165 25177 I art     : Starting a blocking GC Explicit
08-04 12:46:36.915 25165 25177 I art     : Explicit concurrent mark sweep GC freed 4308(176KB) AllocSpace objects, 9(4MB) LOS objects, 7% free, 185MB/201MB, paused 2.198ms total 79.814ms
08-04 12:46:36.942 25165 25177 I art     : Starting a blocking GC Explicit
08-04 12:46:37.022 25165 25177 I art     : Explicit concurrent mark sweep GC freed 1299(76KB) AllocSpace objects, 5(100KB) LOS objects, 7% free, 185MB/201MB, paused 2.352ms total 78.995ms
08-04 12:46:37.050 25165 25177 I art     : Starting a blocking GC Explicit
08-04 12:46:37.125 25165 25177 I art     : Explicit concurrent mark sweep GC freed 169(2848B) AllocSpace objects, 0(0B) LOS objects, 7% free, 185MB/201MB, paused 2.063ms total 75.360ms
08-04 12:46:37.153 25165 25177 I art     : Starting a blocking GC Explicit
08-04 12:46:37.231 25165 25177 I art     : Explicit concurrent mark sweep GC freed 149(2544B) AllocSpace objects, 0(0B) LOS objects, 7% free, 185MB/201MB, paused 2.259ms total 78.145ms
08-04 12:46:37.259 25165 25177 I art     : Starting a blocking GC Explicit
08-04 12:46:37.335 25165 25177 I art     : Explicit concurrent mark sweep GC freed 184(3KB) AllocSpace objects, 0(0B) LOS objects, 7% free, 185MB/201MB, paused 2.066ms total 75.709ms
08-04 12:46:37.431   518   646 I ThermalEngine: ACTION: GPU - Setting GPU[0] to 450000000
08-04 12:46:37.803 25165 25227 I art     : Starting a blocking GC Explicit
08-04 12:46:37.874 25165 25227 I art     : Explicit concurrent mark sweep GC freed 2389(105KB) AllocSpace objects, 2(48KB) LOS objects, 7% free, 185MB/201MB, paused 1.427ms total 70.495ms
08-04 12:46:37.896 25165 25227 I art     : Starting a blocking GC Explicit
08-04 12:46:37.961 25165 25227 I art     : Explicit concurrent mark sweep GC freed 169(4KB) AllocSpace objects, 0(0B) LOS objects, 7% free, 185MB/201MB, paused 1.442ms total 65.162ms
08-04 12:46:37.981 25165 25227 I art     : Starting a blocking GC Explicit
08-04 12:46:38.044 25165 25227 I art     : Explicit concurrent mark sweep GC freed 122(2064B) AllocSpace objects, 0(0B) LOS objects, 7% free, 185MB/201MB, paused 1.460ms total 62.425ms
08-04 12:46:38.064 25165 25227 I art     : Starting a blocking GC Explicit
08-04 12:46:38.131 25165 25227 I art     : Explicit concurrent mark sweep GC freed 124(2128B) AllocSpace objects, 0(0B) LOS objects, 7% free, 185MB/201MB, paused 1.478ms total 66.343ms
08-04 12:46:38.151 25165 25227 I art     : Starting a blocking GC Explicit
08-04 12:46:38.219 25165 25227 I art     : Explicit concurrent mark sweep GC freed 123(2096B) AllocSpace objects, 0(0B) LOS objects, 7% free, 185MB/201MB, paused 1.459ms total 68.040ms
08-04 12:46:38.662 25165 25226 I art     : Starting a blocking GC Explicit
08-04 12:46:38.732 25165 25226 I art     : Explicit concurrent mark sweep GC freed 2384(106KB) AllocSpace objects, 2(48KB) LOS objects, 7% free, 185MB/201MB, paused 1.473ms total 69.450ms
08-04 12:46:38.755 25165 25226 I art     : Starting a blocking GC Explicit
08-04 12:46:38.819 25165 25226 I art     : Explicit concurrent mark sweep GC freed 166(3KB) AllocSpace objects, 0(0B) LOS objects, 7% free, 185MB/201MB, paused 1.468ms total 64.218ms
08-04 12:46:38.840 25165 25226 I art     : Starting a blocking GC Explicit
08-04 12:46:38.905 25165 25226 I art     : Explicit concurrent mark sweep GC freed 138(2560B) AllocSpace objects, 0(0B) LOS objects, 7% free, 185MB/201MB, paused 1.445ms total 64.820ms
08-04 12:46:38.925 25165 25226 I art     : Starting a blocking GC Explicit
08-04 12:46:38.993 25165 25226 I art     : Explicit concurrent mark sweep GC freed 146(2464B) AllocSpace objects, 0(0B) LOS objects, 7% free, 185MB/201MB, paused 1.291ms total 67.637ms
08-04 12:46:39.013 25165 25226 I art     : Starting a blocking GC Explicit
08-04 12:46:39.081 25165 25226 I art     : Explicit concurrent mark sweep GC freed 124(2128B) AllocSpace objects, 0(0B) LOS objects, 7% free, 185MB/201MB, paused 1.284ms total 67.948ms
08-04 12:46:39.528 25165 25178 I art     : Starting a blocking GC Explicit
08-04 12:46:39.593 25165 25178 I art     : Explicit concurrent mark sweep GC freed 2367(105KB) AllocSpace objects, 2(48KB) LOS objects, 7% free, 185MB/201MB, paused 1.383ms total 64.888ms
08-04 12:46:39.613 25165 25178 I art     : Starting a blocking GC Explicit
08-04 12:46:39.673 25165 25178 I art     : Explicit concurrent mark sweep GC freed 124(2624B) AllocSpace objects, 0(0B) LOS objects, 7% free, 185MB/201MB, paused 1.474ms total 59.389ms
08-04 12:46:39.692 25165 25178 I art     : Starting a blocking GC Explicit
08-04 12:46:39.755 25165 25178 I art     : Explicit concurrent mark sweep GC freed 123(2096B) AllocSpace objects, 0(0B) LOS objects, 7% free, 185MB/201MB, paused 1.428ms total 62.296ms
08-04 12:46:39.775 25165 25178 I art     : Starting a blocking GC Explicit
08-04 12:46:39.840 25165 25178 I art     : Explicit concurrent mark sweep GC freed 123(2096B) AllocSpace objects, 0(0B) LOS objects, 7% free, 185MB/201MB, paused 1.488ms total 64.723ms
08-04 12:46:39.861 25165 25178 I art     : Starting a blocking GC Explicit
08-04 12:46:39.925 25165 25178 I art     : Explicit concurrent mark sweep GC freed 133(2256B) AllocSpace objects, 0(0B) LOS objects, 7% free, 185MB/201MB, paused 1.651ms total 64.100ms
08-04 12:46:40.120 27898 27898 D AndroidRuntime: >>>>>> START com.android.internal.os.RuntimeInit uid 2000 <<<<<<
08-04 12:46:40.125 27898 27898 D AndroidRuntime: CheckJNI is OFF
08-04 12:46:40.165 27898 27898 D ICU     : No timezone override file found: /data/misc/zoneinfo/current/icu/icu_tzdata.dat
08-04 12:46:40.207 27898 27898 I Radio-JNI: register_android_hardware_Radio DONE
08-04 12:46:40.236 27898 27898 D AndroidRuntime: Calling main entry com.android.commands.input.Input
08-04 12:46:40.238 27898 27898 I Input   : injectKeyEvent: KeyEvent { action=ACTION_DOWN, keyCode=KEYCODE_BACK, scanCode=0, metaState=0, flags=0x0, repeatCount=0, eventTime=708416650, downTime=708416650, deviceId=-1, source=0x101 }
08-04 12:46:40.245 27898 27898 I Input   : injectKeyEvent: KeyEvent { action=ACTION_UP, keyCode=KEYCODE_BACK, scanCode=0, metaState=0, flags=0x0, repeatCount=0, eventTime=708416650, downTime=708416650, deviceId=-1, source=0x101 }
08-04 12:46:40.251 27898 27898 D AndroidRuntime: Shutting down VM
08-04 12:46:40.261 25165 25165 V MainActivity: url = https://project-travel-mate.herokuapp.com/api/number-of-unread-notifications
08-04 12:46:40.288 13866 13866 I GoogleInputMethodServic: GoogleInputMethodService.onFinishInput():3138 
08-04 12:46:40.289 13866 13866 I GoogleInputMethodServic: GoogleInputMethodService.onStartInput():1808 
08-04 12:46:40.322 25165 25177 I art     : Starting a blocking GC Explicit
08-04 12:46:40.378 25165 25177 I art     : Explicit concurrent mark sweep GC freed 2658(124KB) AllocSpace objects, 2(48KB) LOS objects, 7% free, 185MB/201MB, paused 1.644ms total 56.097ms
08-04 12:46:40.398 25165 25177 I art     : Starting a blocking GC Explicit
08-04 12:46:40.450 25165 25177 I art     : Explicit concurrent mark sweep GC freed 173(4KB) AllocSpace objects, 0(0B) LOS objects, 7% free, 185MB/201MB, paused 1.288ms total 51.912ms
08-04 12:46:40.462 13866 13882 I PeriodicStatsRunner: PeriodicStatsRunner.call():175 call()
08-04 12:46:40.462 13866 13882 I PeriodicStatsRunner: PeriodicStatsRunner.call():179 No submit PeriodicStats since input started.
08-04 12:46:40.469 25165 25177 I art     : Starting a blocking GC Explicit
08-04 12:46:40.528 25165 25177 I art     : Explicit concurrent mark sweep GC freed 143(3KB) AllocSpace objects, 0(0B) LOS objects, 7% free, 185MB/201MB, paused 1.629ms total 58.414ms
08-04 12:46:40.549 25165 25177 I art     : Starting a blocking GC Explicit
08-04 12:46:40.616 25165 25177 I art     : Explicit concurrent mark sweep GC freed 139(2944B) AllocSpace objects, 0(0B) LOS objects, 7% free, 185MB/201MB, paused 1.305ms total 66.866ms
08-04 12:46:40.636 25165 25177 I art     : Starting a blocking GC Explicit
08-04 12:46:40.638   380   380 W SurfaceFlinger: couldn't log to binary event log: overflow.
08-04 12:46:40.698 25165 25177 I art     : Explicit concurrent mark sweep GC freed 85(2448B) AllocSpace objects, 1(188KB) LOS objects, 7% free, 185MB/201MB, paused 1.439ms total 61.279ms
08-04 12:46:40.993 25165 27922 I NAPPA_EXPERIMENTATION: MetricNetworkRequestExecutionTime: REQUEST_DURATION_SYSTEM='731',REQUEST_DURATION_OKHTTP='31',REQUEST_SYNCHRONOUS='FALSE',RESPONSE_CODE='200',RESPONSE_METHOD='GET',RESPONSE_LENGTH_OKHTTP='36',RESPONSE_LENGTH_HEADER='36',REQUEST_PROTOCOL='http/1.1',REQUEST_URL='https://project-travel-mate.herokuapp.com/api/number-of-unread-notifications',
08-04 12:46:41.117 25165 25178 I art     : Starting a blocking GC Explicit
08-04 12:46:41.192 25165 25178 I art     : Explicit concurrent mark sweep GC freed 11024(600KB) AllocSpace objects, 18(512KB) LOS objects, 7% free, 185MB/201MB, paused 1.421ms total 75.323ms
08-04 12:46:41.212 25165 25178 I art     : Starting a blocking GC Explicit
08-04 12:46:41.273 25165 25178 I art     : Explicit concurrent mark sweep GC freed 999(118KB) AllocSpace objects, 0(0B) LOS objects, 7% free, 184MB/200MB, paused 1.570ms total 60.341ms
08-04 12:46:41.293 25165 25178 I art     : Starting a blocking GC Explicit
08-04 12:46:41.354 25165 25178 I art     : Explicit concurrent mark sweep GC freed 3(96B) AllocSpace objects, 0(0B) LOS objects, 7% free, 184MB/200MB, paused 1.412ms total 61.303ms
08-04 12:46:41.374 25165 25178 I art     : Starting a blocking GC Explicit
08-04 12:46:41.439 25165 25178 I art     : Explicit concurrent mark sweep GC freed 3(96B) AllocSpace objects, 0(0B) LOS objects, 7% free, 184MB/200MB, paused 1.565ms total 64.935ms
08-04 12:46:41.463 25165 25178 I art     : Starting a blocking GC Explicit
08-04 12:46:41.521 25165 25178 I art     : Explicit concurrent mark sweep GC freed 3(96B) AllocSpace objects, 0(0B) LOS objects, 7% free, 184MB/200MB, paused 1.419ms total 58.097ms
08-04 12:46:41.935 25165 25226 I art     : Starting a blocking GC Explicit
08-04 12:46:41.991 25165 25226 I art     : Explicit concurrent mark sweep GC freed 1603(92KB) AllocSpace objects, 2(48KB) LOS objects, 7% free, 184MB/200MB, paused 1.446ms total 55.799ms
08-04 12:46:42.011 25165 25226 I art     : Starting a blocking GC Explicit
08-04 12:46:42.016 27936 27936 D AndroidRuntime: >>>>>> START com.android.internal.os.RuntimeInit uid 2000 <<<<<<
08-04 12:46:42.022 27936 27936 D AndroidRuntime: CheckJNI is OFF
08-04 12:46:42.062 27936 27936 D ICU     : No timezone override file found: /data/misc/zoneinfo/current/icu/icu_tzdata.dat
08-04 12:46:42.067 25165 25226 I art     : Explicit concurrent mark sweep GC freed 42(1696B) AllocSpace objects, 0(0B) LOS objects, 7% free, 184MB/200MB, paused 1.450ms total 55.147ms
08-04 12:46:42.087 25165 25226 I art     : Starting a blocking GC Explicit
08-04 12:46:42.101 27936 27936 I Radio-JNI: register_android_hardware_Radio DONE
08-04 12:46:42.128 27936 27936 D AndroidRuntime: Calling main entry com.android.commands.input.Input
08-04 12:46:42.130 27936 27936 I Input   : injectMotionEvent: MotionEvent { action=ACTION_DOWN, actionButton=0, id[0]=0, x[0]=657.0, y[0]=2080.0, toolType[0]=TOOL_TYPE_UNKNOWN, buttonState=0, metaState=0, flags=0x0, edgeFlags=0x0, pointerCount=1, historySize=0, eventTime=708418543, downTime=708418543, deviceId=0, source=0x1002 }
08-04 12:46:42.142 25165 25226 I art     : Explicit concurrent mark sweep GC freed 6(192B) AllocSpace objects, 0(0B) LOS objects, 7% free, 184MB/200MB, paused 1.614ms total 54.664ms
08-04 12:46:42.142 27936 27936 I Input   : injectMotionEvent: MotionEvent { action=ACTION_UP, actionButton=0, id[0]=0, x[0]=657.0, y[0]=2080.0, toolType[0]=TOOL_TYPE_UNKNOWN, buttonState=0, metaState=0, flags=0x0, edgeFlags=0x0, pointerCount=1, historySize=0, eventTime=708418543, downTime=708418543, deviceId=0, source=0x1002 }
08-04 12:46:42.161 25165 25226 I art     : Starting a blocking GC Explicit
08-04 12:46:42.181 27936 27936 D AndroidRuntime: Shutting down VM
08-04 12:46:42.218 25165 25226 I art     : Explicit concurrent mark sweep GC freed 6(192B) AllocSpace objects, 0(0B) LOS objects, 7% free, 184MB/200MB, paused 1.736ms total 56.163ms
08-04 12:46:42.218   918  3670 I ActivityManager: START u0 {cmp=baseline.io.github.project_travel_mate/.utilities.UpcomingWeekendsActivity} from uid 10650 on display 0
08-04 12:46:42.221   512  2967 D audio_hw_primary: out_set_parameters: enter: usecase(1: low-latency-playback) kvpairs: routing=2
08-04 12:46:42.234   512  2967 D audio_hw_primary: select_devices: out_snd_device(2: speaker) in_snd_device(0: none)
08-04 12:46:42.234   512  2967 D msm8974_platform: platform_send_audio_calibration: sending audio calibration for snd_device(2) acdb_id(15)
08-04 12:46:42.234   512  2967 I soundtrigger: audio_extn_sound_trigger_update_device_status: device 0x2 of type 0 for Event 1
08-04 12:46:42.236 25165 25226 I art     : Starting a blocking GC Explicit
08-04 12:46:42.243   512  2967 D audio_hw_primary: enable_snd_device: snd_device(2: speaker)
08-04 12:46:42.245   512  2967 D audio_hw_primary: enable_audio_route: apply and update mixer path: low-latency-playback speaker
08-04 12:46:42.250 25165 25247 D Gabe    : call	returning from cache
08-04 12:46:42.252 25165 25165 V EXECUTING: https://project-travel-mate.herokuapp.com/api/get-upcoming-holidays/2020
08-04 12:46:42.254 25165 25165 V EXECUTING: https://project-travel-mate.herokuapp.com/api/get-upcoming-holidays/2020
08-04 12:46:42.289 25165 25226 I art     : Explicit concurrent mark sweep GC freed 753(57KB) AllocSpace objects, 0(0B) LOS objects, 7% free, 185MB/201MB, paused 1.752ms total 52.574ms
08-04 12:46:42.336 13866 13866 I GoogleInputMethodServic: GoogleInputMethodService.onFinishInput():3138 
08-04 12:46:42.337 13866 13866 I GoogleInputMethodServic: GoogleInputMethodService.onStartInput():1808 
08-04 12:46:42.432   918   936 I ActivityManager: Displayed baseline.io.github.project_travel_mate/.utilities.UpcomingWeekendsActivity: +205ms
08-04 12:46:42.443   918  3261 D WifiStateMachine: starting scan for "H369AA63323"WPA_PSK with 2412,5180
08-04 12:46:42.672 25165 25226 I art     : Starting a blocking GC Explicit
08-04 12:46:42.691   380   380 W SurfaceFlinger: couldn't log to binary event log: overflow.
08-04 12:46:42.741 25165 25226 I art     : Explicit concurrent mark sweep GC freed 3170(149KB) AllocSpace objects, 2(48KB) LOS objects, 7% free, 189MB/205MB, paused 1.483ms total 68.048ms
08-04 12:46:42.759 25165 25226 I art     : Starting a blocking GC Explicit
08-04 12:46:42.788   512  2967 D audio_hw_primary: disable_audio_route: reset and update mixer path: low-latency-playback speaker
08-04 12:46:42.789   512  2967 D audio_hw_primary: disable_snd_device: snd_device(2: speaker)
08-04 12:46:42.797   512  2967 I soundtrigger: audio_extn_sound_trigger_update_device_status: device 0x2 of type 0 for Event 0
08-04 12:46:42.815 25165 25226 I art     : Explicit concurrent mark sweep GC freed 5329(269KB) AllocSpace objects, 6(400KB) LOS objects, 7% free, 189MB/205MB, paused 1.765ms total 55.719ms
08-04 12:46:42.836 25165 25226 I art     : Starting a blocking GC Explicit
08-04 12:46:42.838 25165 27961 I NAPPA_EXPERIMENTATION: MetricNetworkRequestExecutionTime: REQUEST_DURATION_SYSTEM='582',REQUEST_DURATION_OKHTTP='37',REQUEST_SYNCHRONOUS='FALSE',RESPONSE_CODE='200',RESPONSE_METHOD='GET',RESPONSE_LENGTH_OKHTTP='6426',RESPONSE_LENGTH_HEADER='6426',REQUEST_PROTOCOL='http/1.1',REQUEST_URL='https://project-travel-mate.herokuapp.com/api/get-upcoming-holidays/2020',
08-04 12:46:42.852 25165 27960 I NAPPA_EXPERIMENTATION: MetricNetworkRequestExecutionTime: REQUEST_DURATION_SYSTEM='599',REQUEST_DURATION_OKHTTP='45',REQUEST_SYNCHRONOUS='FALSE',RESPONSE_CODE='200',RESPONSE_METHOD='GET',RESPONSE_LENGTH_OKHTTP='6426',RESPONSE_LENGTH_HEADER='6426',REQUEST_PROTOCOL='http/1.1',REQUEST_URL='https://project-travel-mate.herokuapp.com/api/get-upcoming-holidays/2020',
08-04 12:46:42.891 25165 25226 I art     : Explicit concurrent mark sweep GC freed 2180(254KB) AllocSpace objects, 3(48KB) LOS objects, 7% free, 189MB/205MB, paused 1.755ms total 55.429ms
08-04 12:46:42.910 25165 25226 I art     : Starting a blocking GC Explicit
08-04 12:46:42.920 25165 25165 V Response: [{"month":"January","date":1,"day":"Wednesday","name":"New Year's Day","type":"Restricted"},{"month":"January","date":2,"day":"Thursday","name":"Guru Govind Singh Jayanti","type":"Restricted"},{"month":"January","date":14,"day":"Tuesday","name":"Lohri","type":"Restricted"},{"month":"January","date":15,"day":"Wednesday","name":"Pongal","type":"Restricted"},{"month":"January","date":15,"day":"Wednesday","name":"Makar Sankranti","type":"Restricted"},{"month":"January","date":25,"day":"Saturday","name":"Chinese New Year","type":"Observance"},{"month":"January","date":26,"day":"Sunday","name":"Republic Day","type":"Gazetted"},{"month":"January","date":30,"day":"Thursday","name":"Vasant Panchami","type":"Restricted"},{"month":"February","date":9,"day":"Sunday","name":"Guru Ravidas Jayanti","type":"Restricted"},{"month":"February","date":14,"day":"Friday","name":"Valentine's Day","type":"Observance"},{"month":"February","date":18,"day":"Tuesday","name":"Maharishi Dayanand Saraswati Jayanti","type":"Restricted"},{"month":"February","date":19,"day":"Wednesday","name":"Shivaji Jayanti","type":"Restricted"},{"month":"February","date":21,"day":"Friday","name":"Maha Shivaratri/Shivaratri","type":"Gazetted"},{"month":"March","date":9,"day":"Monday","name":"Holika Dahana","type":"Restricted"},{"month":"March","date":9,"day":"Monday","name":"Hazarat Ali's Birthday","type":"Restricted"},{"month":"March","date":10,"day":"Tuesday","name":"Holi","type":"Gazetted"},{"month":"March","date":20,"day":"Friday","name":"March Equinox","type":"Season"},{"month":"March","date":25,"day":"Wednesday","name":"Chaitra Sukhladi","type":"Restricted"},{"month":"April","date":2,"day":"Thursday","name":"Rama Navami","type":"Gazetted"},{"month":"April","date":6,"day":"Monday","name":"Mahavir Jayanti","type":"Gazetted"},{"month":"April","date":9,"day":"Thursday","name":"First day of Passover","type":"Observance"},{"month":"April","date":9,"day":"Thursday","name":"Maundy Thursday","type":"Observance,"},{"month":"April","date":10,"day":"Friday","name":"Good Friday","type":"Gazetted"},{"month":"April","date":12,"day":"Sunday","name":"Easter Day","type":"Restricted"},{"month":"April","date":13,"day":"Monday","name":"Vaisakhi","type":"Restricted"},{"month":"April","date":14,"day":"Tuesday","name":"Mesadi/Vaisakhadi","type":"Restricted"},{"month":"April","date":14,"day":"Tuesday","name":"Ambedkar Jayanti","type":"Central"},{"month":"May","date":1,"day":"Friday","name":"May Day","type":"Observance"},{"month":"May","date":7,"day":"Thursday","name":"Buddha Purnima/Vesak","type":"Gazetted"},{"month":"May","date":7,"day":"Thursday","name":"Birthday of Ravindranath","type":"Restricted"},{"month":"May","date":10,"day":"Sunday","name":"Mother's Day","type":"Observance"},{"month":"May","date":22,"day":"Friday","name":"Jamat Ul-Vida","type":"Restricted"},{"month":"May","date":25,"day":"Monday","name":"Ramzan Id/Eid-ul-Fitar","type":"Gazetted"},{"month":"May","date":25,"day":"Monday","name":"Ramzan Id/Eid-ul-Fitar","type":"Muslim,"},{"month":"June","date":21,"day":"Sunday","name":"June Solstice","type":"Season"},{"month":"June","date":21,"day":"Sunday","name":"Father's Day","type":"Observance"},{"month":"June","date":23,"day":"Tuesday","name":"Rath Yatra","type":"Restricted"},{"month":"July","date":5,"day":"Sunday","name":"Guru Purnima","type":"Observance"},{"month":"July","date":31,"day":"Friday","name":"Bakr Id/Eid ul-Adha","type":"Gazetted"},{"month":"August","date":2,"day":"Sunday","name":"Friendship Day","type":"Observance"},{"month":"August","date":3,"day":"Monday","name":"Raksha Bandhan (Rakhi)","type":"Restricted"},{"month":"August","date":11,"day":"Tuesday","name":"Janmashtami (Smarta)","type":"Restricted"},{"month":"August","date":12,"day":"Wednesday","name":"Janmashtami","type":"Gazetted"},{"month":"August","date":15,"day":"Saturday","name":"Independence Day","type":"Gazetted"},{"month":"August","date":16,"day":"Sunday","name":"Parsi New Year","type":"Restricted"},{"month":"August","date":22,"day":"Saturday","name":"Ganesh Chaturthi/Vin
08-04 12:46:42.966 25165 25226 I art     : Explicit concurrent mark sweep GC freed 5792(210KB) AllocSpace objects, 0(0B) LOS objects, 7% free, 189MB/205MB, paused 1.882ms total 56.203ms
08-04 12:46:42.985 25165 25226 I art     : Starting a blocking GC Explicit
08-04 12:46:42.988 25165 25165 V Response: [{"month":"January","date":1,"day":"Wednesday","name":"New Year's Day","type":"Restricted"},{"month":"January","date":2,"day":"Thursday","name":"Guru Govind Singh Jayanti","type":"Restricted"},{"month":"January","date":14,"day":"Tuesday","name":"Lohri","type":"Restricted"},{"month":"January","date":15,"day":"Wednesday","name":"Pongal","type":"Restricted"},{"month":"January","date":15,"day":"Wednesday","name":"Makar Sankranti","type":"Restricted"},{"month":"January","date":25,"day":"Saturday","name":"Chinese New Year","type":"Observance"},{"month":"January","date":26,"day":"Sunday","name":"Republic Day","type":"Gazetted"},{"month":"January","date":30,"day":"Thursday","name":"Vasant Panchami","type":"Restricted"},{"month":"February","date":9,"day":"Sunday","name":"Guru Ravidas Jayanti","type":"Restricted"},{"month":"February","date":14,"day":"Friday","name":"Valentine's Day","type":"Observance"},{"month":"February","date":18,"day":"Tuesday","name":"Maharishi Dayanand Saraswati Jayanti","type":"Restricted"},{"month":"February","date":19,"day":"Wednesday","name":"Shivaji Jayanti","type":"Restricted"},{"month":"February","date":21,"day":"Friday","name":"Maha Shivaratri/Shivaratri","type":"Gazetted"},{"month":"March","date":9,"day":"Monday","name":"Holika Dahana","type":"Restricted"},{"month":"March","date":9,"day":"Monday","name":"Hazarat Ali's Birthday","type":"Restricted"},{"month":"March","date":10,"day":"Tuesday","name":"Holi","type":"Gazetted"},{"month":"March","date":20,"day":"Friday","name":"March Equinox","type":"Season"},{"month":"March","date":25,"day":"Wednesday","name":"Chaitra Sukhladi","type":"Restricted"},{"month":"April","date":2,"day":"Thursday","name":"Rama Navami","type":"Gazetted"},{"month":"April","date":6,"day":"Monday","name":"Mahavir Jayanti","type":"Gazetted"},{"month":"April","date":9,"day":"Thursday","name":"First day of Passover","type":"Observance"},{"month":"April","date":9,"day":"Thursday","name":"Maundy Thursday","type":"Observance,"},{"month":"April","date":10,"day":"Friday","name":"Good Friday","type":"Gazetted"},{"month":"April","date":12,"day":"Sunday","name":"Easter Day","type":"Restricted"},{"month":"April","date":13,"day":"Monday","name":"Vaisakhi","type":"Restricted"},{"month":"April","date":14,"day":"Tuesday","name":"Mesadi/Vaisakhadi","type":"Restricted"},{"month":"April","date":14,"day":"Tuesday","name":"Ambedkar Jayanti","type":"Central"},{"month":"May","date":1,"day":"Friday","name":"May Day","type":"Observance"},{"month":"May","date":7,"day":"Thursday","name":"Buddha Purnima/Vesak","type":"Gazetted"},{"month":"May","date":7,"day":"Thursday","name":"Birthday of Ravindranath","type":"Restricted"},{"month":"May","date":10,"day":"Sunday","name":"Mother's Day","type":"Observance"},{"month":"May","date":22,"day":"Friday","name":"Jamat Ul-Vida","type":"Restricted"},{"month":"May","date":25,"day":"Monday","name":"Ramzan Id/Eid-ul-Fitar","type":"Gazetted"},{"month":"May","date":25,"day":"Monday","name":"Ramzan Id/Eid-ul-Fitar","type":"Muslim,"},{"month":"June","date":21,"day":"Sunday","name":"June Solstice","type":"Season"},{"month":"June","date":21,"day":"Sunday","name":"Father's Day","type":"Observance"},{"month":"June","date":23,"day":"Tuesday","name":"Rath Yatra","type":"Restricted"},{"month":"July","date":5,"day":"Sunday","name":"Guru Purnima","type":"Observance"},{"month":"July","date":31,"day":"Friday","name":"Bakr Id/Eid ul-Adha","type":"Gazetted"},{"month":"August","date":2,"day":"Sunday","name":"Friendship Day","type":"Observance"},{"month":"August","date":3,"day":"Monday","name":"Raksha Bandhan (Rakhi)","type":"Restricted"},{"month":"August","date":11,"day":"Tuesday","name":"Janmashtami (Smarta)","type":"Restricted"},{"month":"August","date":12,"day":"Wednesday","name":"Janmashtami","type":"Gazetted"},{"month":"August","date":15,"day":"Saturday","name":"Independence Day","type":"Gazetted"},{"month":"August","date":16,"day":"Sunday","name":"Parsi New Year","type":"Restricted"},{"month":"August","date":22,"day":"Saturday","name":"Ganesh Chaturthi/Vin
08-04 12:46:43.043 25165 25226 I art     : Explicit concurrent mark sweep GC freed 7647(279KB) AllocSpace objects, 1(4MB) LOS objects, 7% free, 186MB/202MB, paused 1.543ms total 57.778ms
08-04 12:46:43.438 25165 27924 I art     : Starting a blocking GC Explicit
08-04 12:46:43.505 25165 27924 I art     : Explicit concurrent mark sweep GC freed 3202(149KB) AllocSpace objects, 10(208KB) LOS objects, 7% free, 186MB/202MB, paused 1.484ms total 66.595ms
08-04 12:46:43.527 25165 27924 I art     : Starting a blocking GC Explicit
08-04 12:46:43.590 25165 27924 I art     : Explicit concurrent mark sweep GC freed 762(44KB) AllocSpace objects, 3(60KB) LOS objects, 7% free, 185MB/201MB, paused 1.688ms total 62.938ms
08-04 12:46:43.610 25165 27924 I art     : Starting a blocking GC Explicit
08-04 12:46:43.673 25165 27924 I art     : Explicit concurrent mark sweep GC freed 136(2816B) AllocSpace objects, 0(0B) LOS objects, 7% free, 185MB/201MB, paused 1.464ms total 62.426ms
08-04 12:46:43.693 25165 27924 I art     : Starting a blocking GC Explicit
08-04 12:46:43.759 25165 27924 I art     : Explicit concurrent mark sweep GC freed 141(3KB) AllocSpace objects, 0(0B) LOS objects, 7% free, 185MB/201MB, paused 1.568ms total 65.770ms
08-04 12:46:43.760 25165 25175 I art     : WaitForGcToComplete blocked for 27.444ms for cause HeapTrim
08-04 12:46:43.784 25165 27924 I art     : Starting a blocking GC Explicit
08-04 12:46:43.853 25165 27924 I art     : Explicit concurrent mark sweep GC freed 147(2496B) AllocSpace objects, 0(0B) LOS objects, 7% free, 185MB/201MB, paused 1.540ms total 68.983ms
08-04 12:46:44.285 25165 25177 I art     : Starting a blocking GC Explicit
08-04 12:46:44.356 25165 25177 I art     : Explicit concurrent mark sweep GC freed 2343(104KB) AllocSpace objects, 2(48KB) LOS objects, 7% free, 185MB/201MB, paused 1.537ms total 71.409ms
08-04 12:46:44.379 25165 25177 I art     : Starting a blocking GC Explicit
08-04 12:46:44.445 25165 25177 I art     : Explicit concurrent mark sweep GC freed 150(3KB) AllocSpace objects, 0(0B) LOS objects, 7% free, 185MB/201MB, paused 1.671ms total 65.872ms
08-04 12:46:44.466 25165 25177 I art     : Starting a blocking GC Explicit
08-04 12:46:44.530 25165 25177 I art     : Explicit concurrent mark sweep GC freed 129(2192B) AllocSpace objects, 0(0B) LOS objects, 7% free, 185MB/201MB, paused 1.564ms total 64.094ms
08-04 12:46:44.551 25165 25177 I art     : Starting a blocking GC Explicit
08-04 12:46:44.619 25165 25177 I art     : Explicit concurrent mark sweep GC freed 139(2368B) AllocSpace objects, 0(0B) LOS objects, 7% free, 185MB/201MB, paused 1.567ms total 68.057ms
08-04 12:46:44.639 25165 25177 I art     : Starting a blocking GC Explicit
08-04 12:46:44.709 25165 25177 I art     : Explicit concurrent mark sweep GC freed 134(2720B) AllocSpace objects, 0(0B) LOS objects, 7% free, 185MB/201MB, paused 1.437ms total 69.221ms
08-04 12:46:45.141 25165 25178 I art     : Starting a blocking GC Explicit
08-04 12:46:45.212 25165 25178 I art     : Explicit concurrent mark sweep GC freed 2317(104KB) AllocSpace objects, 2(48KB) LOS objects, 7% free, 185MB/201MB, paused 1.507ms total 70.455ms
08-04 12:46:45.235 25165 25178 I art     : Starting a blocking GC Explicit
08-04 12:46:45.291 13866 13882 I PeriodicStatsRunner: PeriodicStatsRunner.call():175 call()
08-04 12:46:45.291 13866 13882 I PeriodicStatsRunner: PeriodicStatsRunner.call():179 No submit PeriodicStats since input started.
08-04 12:46:45.300 25165 25178 I art     : Explicit concurrent mark sweep GC freed 207(4KB) AllocSpace objects, 0(0B) LOS objects, 7% free, 185MB/201MB, paused 1.598ms total 64.776ms
08-04 12:46:45.320 25165 25178 I art     : Starting a blocking GC Explicit
08-04 12:46:45.387 25165 25178 I art     : Explicit concurrent mark sweep GC freed 125(2144B) AllocSpace objects, 0(0B) LOS objects, 7% free, 185MB/201MB, paused 1.527ms total 66.925ms
08-04 12:46:45.407 25165 25178 I art     : Starting a blocking GC Explicit
08-04 12:46:45.477 25165 25178 I art     : Explicit concurrent mark sweep GC freed 124(2128B) AllocSpace objects, 0(0B) LOS objects, 7% free, 185MB/201MB, paused 1.552ms total 69.387ms
08-04 12:46:45.498 25165 25178 I art     : Starting a blocking GC Explicit
08-04 12:46:45.567 25165 25178 I art     : Explicit concurrent mark sweep GC freed 145(2432B) AllocSpace objects, 0(0B) LOS objects, 7% free, 185MB/201MB, paused 1.581ms total 69.040ms
08-04 12:46:46.014 25165 25227 I art     : Starting a blocking GC Explicit
08-04 12:46:46.113 25165 25227 I art     : Explicit concurrent mark sweep GC freed 2355(104KB) AllocSpace objects, 2(48KB) LOS objects, 7% free, 185MB/201MB, paused 1.477ms total 99.114ms
08-04 12:46:46.136 25165 25227 I art     : Starting a blocking GC Explicit
08-04 12:46:46.201 25165 25227 I art     : Explicit concurrent mark sweep GC freed 172(3KB) AllocSpace objects, 0(0B) LOS objects, 7% free, 185MB/201MB, paused 1.568ms total 64.612ms
08-04 12:46:46.221 25165 25227 I art     : Starting a blocking GC Explicit
08-04 12:46:46.288 25165 25227 I art     : Explicit concurrent mark sweep GC freed 161(3KB) AllocSpace objects, 0(0B) LOS objects, 7% free, 185MB/201MB, paused 1.586ms total 66.510ms
08-04 12:46:46.308 25165 25227 I art     : Starting a blocking GC Explicit
08-04 12:46:46.373 25165 25227 I art     : Explicit concurrent mark sweep GC freed 123(2096B) AllocSpace objects, 0(0B) LOS objects, 7% free, 185MB/201MB, paused 1.416ms total 64.603ms
08-04 12:46:46.393 25165 25227 I art     : Starting a blocking GC Explicit
08-04 12:46:46.458 25165 25227 I art     : Explicit concurrent mark sweep GC freed 123(2096B) AllocSpace objects, 0(0B) LOS objects, 7% free, 185MB/201MB, paused 1.549ms total 65.397ms
08-04 12:46:46.930 25165 25226 I art     : Starting a blocking GC Explicit
08-04 12:46:46.978 28015 28015 D AndroidRuntime: >>>>>> START com.android.internal.os.RuntimeInit uid 2000 <<<<<<
08-04 12:46:46.984 28015 28015 D AndroidRuntime: CheckJNI is OFF
08-04 12:46:47.000 25165 25226 I art     : Explicit concurrent mark sweep GC freed 2371(105KB) AllocSpace objects, 2(48KB) LOS objects, 7% free, 185MB/201MB, paused 1.808ms total 69.576ms
08-04 12:46:47.019 25165 25226 I art     : Starting a blocking GC Explicit
08-04 12:46:47.031 28015 28015 D ICU     : No timezone override file found: /data/misc/zoneinfo/current/icu/icu_tzdata.dat
08-04 12:46:47.075 28015 28015 I Radio-JNI: register_android_hardware_Radio DONE
08-04 12:46:47.083 25165 25226 I art     : Explicit concurrent mark sweep GC freed 155(3KB) AllocSpace objects, 0(0B) LOS objects, 7% free, 185MB/201MB, paused 1.721ms total 63.173ms
08-04 12:46:47.104 25165 25226 I art     : Starting a blocking GC Explicit
08-04 12:46:47.106 28015 28015 D AndroidRuntime: Calling main entry com.android.commands.input.Input
08-04 12:46:47.108 28015 28015 I Input   : injectKeyEvent: KeyEvent { action=ACTION_DOWN, keyCode=KEYCODE_BACK, scanCode=0, metaState=0, flags=0x0, repeatCount=0, eventTime=708423521, downTime=708423521, deviceId=-1, source=0x101 }
08-04 12:46:47.117 28015 28015 I Input   : injectKeyEvent: KeyEvent { action=ACTION_UP, keyCode=KEYCODE_BACK, scanCode=0, metaState=0, flags=0x0, repeatCount=0, eventTime=708423521, downTime=708423521, deviceId=-1, source=0x101 }
08-04 12:46:47.123 28015 28015 D AndroidRuntime: Shutting down VM
08-04 12:46:47.133 25165 25165 V MainActivity: url = https://project-travel-mate.herokuapp.com/api/number-of-unread-notifications
08-04 12:46:47.159 25165 25226 I art     : Explicit concurrent mark sweep GC freed 428(15KB) AllocSpace objects, 0(0B) LOS objects, 7% free, 185MB/201MB, paused 1.510ms total 55.189ms
08-04 12:46:47.162 13866 13866 I GoogleInputMethodServic: GoogleInputMethodService.onFinishInput():3138 
08-04 12:46:47.164 13866 13866 I GoogleInputMethodServic: GoogleInputMethodService.onStartInput():1808 
08-04 12:46:47.179 25165 25226 I art     : Starting a blocking GC Explicit
08-04 12:46:47.235 25165 25226 I art     : Explicit concurrent mark sweep GC freed 220(9KB) AllocSpace objects, 0(0B) LOS objects, 7% free, 185MB/201MB, paused 1.459ms total 55.618ms
08-04 12:46:47.256 25165 25226 I art     : Starting a blocking GC Explicit
08-04 12:46:47.310 25165 25226 I art     : Explicit concurrent mark sweep GC freed 155(4KB) AllocSpace objects, 0(0B) LOS objects, 7% free, 185MB/201MB, paused 1.513ms total 54.432ms
08-04 12:46:47.336 13866 13882 I PeriodicStatsRunner: PeriodicStatsRunner.call():175 call()
08-04 12:46:47.337 13866 13882 I PeriodicStatsRunner: PeriodicStatsRunner.call():179 No submit PeriodicStats since input started.
08-04 12:46:47.496   380   380 W SurfaceFlinger: couldn't log to binary event log: overflow.
08-04 12:46:47.698 25165 25226 I art     : Starting a blocking GC Explicit
08-04 12:46:47.780 25165 25226 I art     : Explicit concurrent mark sweep GC freed 1931(99KB) AllocSpace objects, 3(236KB) LOS objects, 7% free, 185MB/201MB, paused 1.782ms total 81.547ms
08-04 12:46:47.805 25165 25226 I art     : Starting a blocking GC Explicit
08-04 12:46:47.857 25165 28038 I NAPPA_EXPERIMENTATION: MetricNetworkRequestExecutionTime: REQUEST_DURATION_SYSTEM='723',REQUEST_DURATION_OKHTTP='32',REQUEST_SYNCHRONOUS='FALSE',RESPONSE_CODE='200',RESPONSE_METHOD='GET',RESPONSE_LENGTH_OKHTTP='36',RESPONSE_LENGTH_HEADER='36',REQUEST_PROTOCOL='http/1.1',REQUEST_URL='https://project-travel-mate.herokuapp.com/api/number-of-unread-notifications',
08-04 12:46:47.863 25165 25226 I art     : Explicit concurrent mark sweep GC freed 9331(504KB) AllocSpace objects, 15(384KB) LOS objects, 7% free, 185MB/201MB, paused 1.557ms total 57.724ms
08-04 12:46:47.882 25165 25226 I art     : Starting a blocking GC Explicit
08-04 12:46:47.943 25165 25226 I art     : Explicit concurrent mark sweep GC freed 990(116KB) AllocSpace objects, 1(80KB) LOS objects, 7% free, 185MB/201MB, paused 1.554ms total 60.855ms
08-04 12:46:47.963 25165 25226 I art     : Starting a blocking GC Explicit
08-04 12:46:48.026 25165 25226 I art     : Explicit concurrent mark sweep GC freed 96(6KB) AllocSpace objects, 0(0B) LOS objects, 7% free, 185MB/201MB, paused 1.405ms total 62.685ms
08-04 12:46:48.046 25165 25226 I art     : Starting a blocking GC Explicit
08-04 12:46:48.109 25165 25226 I art     : Explicit concurrent mark sweep GC freed 3(96B) AllocSpace objects, 0(0B) LOS objects, 7% free, 185MB/201MB, paused 1.568ms total 62.764ms
08-04 12:46:48.533 25165 25178 I art     : Starting a blocking GC Explicit
08-04 12:46:48.606 25165 25178 I art     : Explicit concurrent mark sweep GC freed 1623(93KB) AllocSpace objects, 2(48KB) LOS objects, 7% free, 185MB/201MB, paused 1.652ms total 72.943ms
08-04 12:46:48.627 25165 25178 I art     : Starting a blocking GC Explicit
08-04 12:46:48.688 25165 25178 I art     : Explicit concurrent mark sweep GC freed 28(1024B) AllocSpace objects, 0(0B) LOS objects, 7% free, 185MB/201MB, paused 1.622ms total 61.044ms
08-04 12:46:48.708 25165 25178 I art     : Starting a blocking GC Explicit
08-04 12:46:48.769 25165 25178 I art     : Explicit concurrent mark sweep GC freed 4(128B) AllocSpace objects, 0(0B) LOS objects, 7% free, 185MB/201MB, paused 1.993ms total 60.410ms
08-04 12:46:48.788 25165 25178 I art     : Starting a blocking GC Explicit
08-04 12:46:48.844 25165 25178 I art     : Explicit concurrent mark sweep GC freed 8(256B) AllocSpace objects, 0(0B) LOS objects, 7% free, 185MB/201MB, paused 1.413ms total 55.099ms
08-04 12:46:48.863 25165 25178 I art     : Starting a blocking GC Explicit
08-04 12:46:48.919 25165 25178 I art     : Explicit concurrent mark sweep GC freed 7(224B) AllocSpace objects, 0(0B) LOS objects, 7% free, 185MB/201MB, paused 1.511ms total 55.832ms
08-04 12:46:48.920 25165 25175 I art     : WaitForGcToComplete blocked for 56.128ms for cause HeapTrim
08-04 12:46:48.920 28060 28060 D AndroidRuntime: >>>>>> START com.android.internal.os.RuntimeInit uid 2000 <<<<<<
08-04 12:46:48.925 28060 28060 D AndroidRuntime: CheckJNI is OFF
08-04 12:46:48.964 28060 28060 D ICU     : No timezone override file found: /data/misc/zoneinfo/current/icu/icu_tzdata.dat
08-04 12:46:49.003 28060 28060 I Radio-JNI: register_android_hardware_Radio DONE
08-04 12:46:49.032 28060 28060 D AndroidRuntime: Calling main entry com.android.commands.input.Input
08-04 12:46:49.034 28060 28060 I Input   : injectMotionEvent: MotionEvent { action=ACTION_DOWN, actionButton=0, id[0]=0, x[0]=117.0, y[0]=170.0, toolType[0]=TOOL_TYPE_UNKNOWN, buttonState=0, metaState=0, flags=0x0, edgeFlags=0x0, pointerCount=1, historySize=0, eventTime=708425447, downTime=708425447, deviceId=0, source=0x1002 }
08-04 12:46:49.069 28060 28060 I Input   : injectMotionEvent: MotionEvent { action=ACTION_UP, actionButton=0, id[0]=0, x[0]=117.0, y[0]=170.0, toolType[0]=TOOL_TYPE_UNKNOWN, buttonState=0, metaState=0, flags=0x0, edgeFlags=0x0, pointerCount=1, historySize=0, eventTime=708425447, downTime=708425447, deviceId=0, source=0x1002 }
08-04 12:46:49.072 28060 28060 D AndroidRuntime: Shutting down VM
08-04 12:46:49.087   512  2967 D audio_hw_primary: out_set_parameters: enter: usecase(1: low-latency-playback) kvpairs: routing=2
08-04 12:46:49.100   512  2967 D audio_hw_primary: select_devices: out_snd_device(2: speaker) in_snd_device(0: none)
08-04 12:46:49.100   512  2967 D msm8974_platform: platform_send_audio_calibration: sending audio calibration for snd_device(2) acdb_id(15)
08-04 12:46:49.100   512  2967 I soundtrigger: audio_extn_sound_trigger_update_device_status: device 0x2 of type 0 for Event 1
08-04 12:46:49.112   512  2967 D audio_hw_primary: enable_snd_device: snd_device(2: speaker)
08-04 12:46:49.114   512  2967 D audio_hw_primary: enable_audio_route: apply and update mixer path: low-latency-playback speaker
08-04 12:46:49.312 25165 25177 I art     : Starting a blocking GC Explicit
08-04 12:46:49.365 25165 25177 I art     : Explicit concurrent mark sweep GC freed 2060(115KB) AllocSpace objects, 2(48KB) LOS objects, 7% free, 185MB/201MB, paused 1.385ms total 52.865ms
08-04 12:46:49.386 25165 25177 I art     : Starting a blocking GC Explicit
08-04 12:46:49.439 25165 25177 I art     : Explicit concurrent mark sweep GC freed 80(2976B) AllocSpace objects, 0(0B) LOS objects, 7% free, 185MB/201MB, paused 1.392ms total 52.474ms
08-04 12:46:49.457 25165 25177 I art     : Starting a blocking GC Explicit
08-04 12:46:49.510 25165 25177 I art     : Explicit concurrent mark sweep GC freed 5(160B) AllocSpace objects, 0(0B) LOS objects, 7% free, 185MB/201MB, paused 1.406ms total 52.711ms
08-04 12:46:49.530 25165 25177 I art     : Starting a blocking GC Explicit
08-04 12:46:49.583 25165 25177 I art     : Explicit concurrent mark sweep GC freed 3(96B) AllocSpace objects, 0(0B) LOS objects, 7% free, 185MB/201MB, paused 1.354ms total 52.699ms
08-04 12:46:49.605 25165 25177 I art     : Starting a blocking GC Explicit
08-04 12:46:49.648   512  2967 D audio_hw_primary: disable_audio_route: reset and update mixer path: low-latency-playback speaker
08-04 12:46:49.649   512  2967 D audio_hw_primary: disable_snd_device: snd_device(2: speaker)
08-04 12:46:49.657   512  2967 I soundtrigger: audio_extn_sound_trigger_update_device_status: device 0x2 of type 0 for Event 0
08-04 12:46:49.658 25165 25177 I art     : Explicit concurrent mark sweep GC freed 24(1072B) AllocSpace objects, 0(0B) LOS objects, 7% free, 185MB/201MB, paused 1.328ms total 52.475ms
08-04 12:46:49.815 28083 28083 D AndroidRuntime: >>>>>> START com.android.internal.os.RuntimeInit uid 2000 <<<<<<
08-04 12:46:49.821 28083 28083 D AndroidRuntime: CheckJNI is OFF
08-04 12:46:49.863 28083 28083 D ICU     : No timezone override file found: /data/misc/zoneinfo/current/icu/icu_tzdata.dat
08-04 12:46:49.904 28083 28083 I Radio-JNI: register_android_hardware_Radio DONE
08-04 12:46:49.933 28083 28083 D AndroidRuntime: Calling main entry com.android.commands.input.Input
08-04 12:46:49.935 28083 28083 I Input   : injectMotionEvent: MotionEvent { action=ACTION_DOWN, actionButton=0, id[0]=0, x[0]=405.0, y[0]=661.0, toolType[0]=TOOL_TYPE_UNKNOWN, buttonState=0, metaState=0, flags=0x0, edgeFlags=0x0, pointerCount=1, historySize=0, eventTime=708426348, downTime=708426348, deviceId=0, source=0x1002 }
08-04 12:46:49.940 28083 28083 I Input   : injectMotionEvent: MotionEvent { action=ACTION_UP, actionButton=0, id[0]=0, x[0]=405.0, y[0]=661.0, toolType[0]=TOOL_TYPE_UNKNOWN, buttonState=0, metaState=0, flags=0x0, edgeFlags=0x0, pointerCount=1, historySize=0, eventTime=708426348, downTime=708426348, deviceId=0, source=0x1002 }
08-04 12:46:49.942 28083 28083 D AndroidRuntime: Shutting down VM
08-04 12:46:49.960   512  2967 D audio_hw_primary: out_set_parameters: enter: usecase(1: low-latency-playback) kvpairs: routing=2
08-04 12:46:49.973   512  2967 D audio_hw_primary: select_devices: out_snd_device(2: speaker) in_snd_device(0: none)
08-04 12:46:49.973   512  2967 D msm8974_platform: platform_send_audio_calibration: sending audio calibration for snd_device(2) acdb_id(15)
08-04 12:46:49.973   512  2967 I soundtrigger: audio_extn_sound_trigger_update_device_status: device 0x2 of type 0 for Event 1
08-04 12:46:49.984   512  2967 D audio_hw_primary: enable_snd_device: snd_device(2: speaker)
08-04 12:46:49.986   512  2967 D audio_hw_primary: enable_audio_route: apply and update mixer path: low-latency-playback speaker
08-04 12:46:50.028   512  2967 D AudioFlinger: mixer(0xf4740000) throttle end: throttle time(12)
08-04 12:46:50.060 25165 25177 I art     : Starting a blocking GC Explicit
08-04 12:46:50.117 25165 25177 I art     : Explicit concurrent mark sweep GC freed 3543(162KB) AllocSpace objects, 2(48KB) LOS objects, 7% free, 185MB/201MB, paused 1.400ms total 55.996ms
08-04 12:46:50.136 25165 25177 I art     : Starting a blocking GC Explicit
08-04 12:46:50.193 25165 25177 I art     : Explicit concurrent mark sweep GC freed 949(52KB) AllocSpace objects, 0(0B) LOS objects, 7% free, 185MB/201MB, paused 1.572ms total 56.064ms
08-04 12:46:50.213 25165 25177 I art     : Starting a blocking GC Explicit
08-04 12:46:50.272 25165 25177 I art     : Explicit concurrent mark sweep GC freed 40(1088B) AllocSpace objects, 9(252KB) LOS objects, 7% free, 185MB/201MB, paused 1.470ms total 58.723ms
08-04 12:46:50.292 25165 25177 I art     : Starting a blocking GC Explicit
08-04 12:46:50.348 25165 25177 I art     : Explicit concurrent mark sweep GC freed 3(96B) AllocSpace objects, 0(0B) LOS objects, 7% free, 185MB/201MB, paused 1.496ms total 55.790ms
08-04 12:46:50.367 25165 25177 I art     : Starting a blocking GC Explicit
08-04 12:46:50.424 25165 25177 I art     : Explicit concurrent mark sweep GC freed 27(864B) AllocSpace objects, 0(0B) LOS objects, 7% free, 185MB/201MB, paused 1.293ms total 57.092ms
08-04 12:46:50.509   512  2967 D audio_hw_primary: disable_audio_route: reset and update mixer path: low-latency-playback speaker
08-04 12:46:50.511   512  2967 D audio_hw_primary: disable_snd_device: snd_device(2: speaker)
08-04 12:46:50.518   512  2967 I soundtrigger: audio_extn_sound_trigger_update_device_status: device 0x2 of type 0 for Event 0
08-04 12:46:50.851 25165 25178 I art     : Starting a blocking GC Explicit
08-04 12:46:50.930 25165 25178 I art     : Explicit concurrent mark sweep GC freed 1598(92KB) AllocSpace objects, 2(48KB) LOS objects, 7% free, 185MB/201MB, paused 1.709ms total 78.008ms
08-04 12:46:50.952 25165 25178 I art     : Starting a blocking GC Explicit
08-04 12:46:51.017 25165 25178 I art     : Explicit concurrent mark sweep GC freed 49(2320B) AllocSpace objects, 0(0B) LOS objects, 7% free, 185MB/201MB, paused 1.630ms total 63.894ms
08-04 12:46:51.037 25165 25178 I art     : Starting a blocking GC Explicit
08-04 12:46:51.100 25165 25178 I art     : Explicit concurrent mark sweep GC freed 3(96B) AllocSpace objects, 0(0B) LOS objects, 7% free, 185MB/201MB, paused 1.495ms total 63.166ms
08-04 12:46:51.121 25165 25178 I art     : Starting a blocking GC Explicit
08-04 12:46:51.189 25165 25178 I art     : Explicit concurrent mark sweep GC freed 3(96B) AllocSpace objects, 0(0B) LOS objects, 7% free, 185MB/201MB, paused 1.618ms total 68.571ms
08-04 12:46:51.211 25165 25178 I art     : Starting a blocking GC Explicit
08-04 12:46:51.276 25165 25178 I art     : Explicit concurrent mark sweep GC freed 40(1088B) AllocSpace objects, 0(0B) LOS objects, 7% free, 185MB/201MB, paused 1.451ms total 64.248ms
08-04 12:46:51.708 25165 27924 I art     : Starting a blocking GC Explicit
08-04 12:46:51.804 25165 27924 I art     : Explicit concurrent mark sweep GC freed 1586(92KB) AllocSpace objects, 2(48KB) LOS objects, 7% free, 185MB/201MB, paused 1.842ms total 95.072ms
08-04 12:46:51.831 25165 27924 I art     : Starting a blocking GC Explicit
08-04 12:46:51.903 25165 27924 I art     : Explicit concurrent mark sweep GC freed 28(1024B) AllocSpace objects, 0(0B) LOS objects, 7% free, 185MB/201MB, paused 1.550ms total 72.012ms
08-04 12:46:51.925 25165 27924 I art     : Starting a blocking GC Explicit
08-04 12:46:51.997 25165 27924 I art     : Explicit concurrent mark sweep GC freed 3(96B) AllocSpace objects, 0(0B) LOS objects, 7% free, 185MB/201MB, paused 1.539ms total 71.577ms
08-04 12:46:52.017 25165 27924 I art     : Starting a blocking GC Explicit
08-04 12:46:52.087 25165 27924 I art     : Explicit concurrent mark sweep GC freed 3(96B) AllocSpace objects, 0(0B) LOS objects, 7% free, 185MB/201MB, paused 1.518ms total 69.079ms
08-04 12:46:52.107 25165 27924 I art     : Starting a blocking GC Explicit
08-04 12:46:52.163 13866 13882 I PeriodicStatsRunner: PeriodicStatsRunner.call():175 call()
08-04 12:46:52.163 13866 13882 I PeriodicStatsRunner: PeriodicStatsRunner.call():179 No submit PeriodicStats since input started.
08-04 12:46:52.179 25165 27924 I art     : Explicit concurrent mark sweep GC freed 3(96B) AllocSpace objects, 0(0B) LOS objects, 7% free, 185MB/201MB, paused 1.725ms total 71.058ms
08-04 12:46:52.603 25165 25226 I art     : Starting a blocking GC Explicit
08-04 12:46:52.673 25165 25226 I art     : Explicit concurrent mark sweep GC freed 1635(93KB) AllocSpace objects, 2(48KB) LOS objects, 7% free, 185MB/201MB, paused 1.564ms total 69.703ms
08-04 12:46:52.693 25165 25226 I art     : Starting a blocking GC Explicit
08-04 12:46:52.754 28124 28124 D AndroidRuntime: >>>>>> START com.android.internal.os.RuntimeInit uid 2000 <<<<<<
08-04 12:46:52.759 25165 25226 I art     : Explicit concurrent mark sweep GC freed 38(1568B) AllocSpace objects, 0(0B) LOS objects, 7% free, 185MB/201MB, paused 1.637ms total 65.482ms
08-04 12:46:52.760 28124 28124 D AndroidRuntime: CheckJNI is OFF
08-04 12:46:52.779 25165 25226 I art     : Starting a blocking GC Explicit
08-04 12:46:52.806 28124 28124 D ICU     : No timezone override file found: /data/misc/zoneinfo/current/icu/icu_tzdata.dat
08-04 12:46:52.843 25165 25226 I art     : Explicit concurrent mark sweep GC freed 3(96B) AllocSpace objects, 0(0B) LOS objects, 7% free, 185MB/201MB, paused 1.564ms total 63.464ms
08-04 12:46:52.853 28124 28124 I Radio-JNI: register_android_hardware_Radio DONE
08-04 12:46:52.863 25165 25226 I art     : Starting a blocking GC Explicit
08-04 12:46:52.883 28124 28124 D AndroidRuntime: Calling main entry com.android.commands.input.Input
08-04 12:46:52.885 28124 28124 I Input   : injectMotionEvent: MotionEvent { action=ACTION_DOWN, actionButton=0, id[0]=0, x[0]=1341.0, y[0]=197.0, toolType[0]=TOOL_TYPE_UNKNOWN, buttonState=0, metaState=0, flags=0x0, edgeFlags=0x0, pointerCount=1, historySize=0, eventTime=708429298, downTime=708429298, deviceId=0, source=0x1002 }
08-04 12:46:52.893 28124 28124 I Input   : injectMotionEvent: MotionEvent { action=ACTION_UP, actionButton=0, id[0]=0, x[0]=1341.0, y[0]=197.0, toolType[0]=TOOL_TYPE_UNKNOWN, buttonState=0, metaState=0, flags=0x0, edgeFlags=0x0, pointerCount=1, historySize=0, eventTime=708429298, downTime=708429298, deviceId=0, source=0x1002 }
08-04 12:46:52.895 28124 28124 D AndroidRuntime: Shutting down VM
08-04 12:46:52.904   918  6029 I ActivityManager: START u0 {cmp=baseline.io.github.project_travel_mate/.notifications.NotificationsActivity} from uid 10650 on display 0
08-04 12:46:52.905   512  2967 D audio_hw_primary: out_set_parameters: enter: usecase(1: low-latency-playback) kvpairs: routing=2
08-04 12:46:52.918   512  2967 D audio_hw_primary: select_devices: out_snd_device(2: speaker) in_snd_device(0: none)
08-04 12:46:52.918   512  2967 D msm8974_platform: platform_send_audio_calibration: sending audio calibration for snd_device(2) acdb_id(15)
08-04 12:46:52.918   512  2967 I soundtrigger: audio_extn_sound_trigger_update_device_status: device 0x2 of type 0 for Event 1
08-04 12:46:52.926 25165 25226 I art     : Explicit concurrent mark sweep GC freed 56(1872B) AllocSpace objects, 0(0B) LOS objects, 7% free, 185MB/201MB, paused 1.975ms total 62.607ms
08-04 12:46:52.932   512  2967 D audio_hw_primary: enable_snd_device: snd_device(2: speaker)
08-04 12:46:52.934   512  2967 D audio_hw_primary: enable_audio_route: apply and update mixer path: low-latency-playback speaker
08-04 12:46:52.942 25165 25247 D Gabe    : call	returning from cache
08-04 12:46:52.947 25165 25226 I art     : Starting a blocking GC Explicit
08-04 12:46:52.948 25165 25165 V EXECUTING: https://project-travel-mate.herokuapp.com/api/get-notifications
08-04 12:46:52.951 25165 25165 V EXECUTING: https://project-travel-mate.herokuapp.com/api/get-notifications
08-04 12:46:53.003 25165 25226 I art     : Explicit concurrent mark sweep GC freed 1242(83KB) AllocSpace objects, 0(0B) LOS objects, 7% free, 185MB/201MB, paused 1.957ms total 55.926ms
08-04 12:46:53.113   918   936 I ActivityManager: Displayed baseline.io.github.project_travel_mate/.notifications.NotificationsActivity: +200ms
08-04 12:46:53.114 13866 13866 I GoogleInputMethodServic: GoogleInputMethodService.onFinishInput():3138 
08-04 12:46:53.117 13866 13866 I GoogleInputMethodServic: GoogleInputMethodService.onStartInput():1808 
08-04 12:46:53.210 25165 25180 D OpenGLRenderer: endAllStagingAnimators on 0x7f7e23dc00 (RippleDrawable) with handle 0x7f7bca9e20
08-04 12:46:53.241 18870 18872 E QC-QMI  : qmi_client [18870] 4ea: failed to locate client data
08-04 12:46:53.242   519   519 E QC-QMI  : qmuxd: RX on fd=18 returned error=0 errno[2:No such file or directory]
08-04 12:46:53.242 18870 18870 I Atfwd_Daemon: Stop the daemon....
08-04 12:46:53.242   519   519 E QC-QMI  : QMUX qmux_client_id=4ea not found in qmux client list, unable to remove
08-04 12:46:53.289 28163 28163 W ATFWD-daemon: type=1400 audit(0.0:738759): avc: denied { read write } for name="diag" dev="tmpfs" ino=1296 scontext=u:r:atfwd:s0 tcontext=u:object_r:diag_device:s0 tclass=chr_file permissive=0
08-04 12:46:53.304 28163 28163 I libmdmdetect: ESOC framework not supported
08-04 12:46:53.304 28163 28163 I libmdmdetect: Found internal modem: modem
08-04 12:46:53.305 28163 28163 E Diag_Lib:  Diag_LSM_Init: Failed to open handle to diag driver, error = 13
08-04 12:46:53.309 28163 28163 I Atfwd_Daemon: result : 255 	 ,Init step :0 	 ,qmiErrorCode: 0
08-04 12:46:53.309 28163 28163 I Atfwd_Daemon: result : 0 	 ,Init step :1 	 ,qmiErrorCode: 0
08-04 12:46:53.309 28163 28163 I ServiceManager: Waiting for service AtCmdFwd...
08-04 12:46:53.369   380   380 W SurfaceFlinger: couldn't log to binary event log: overflow.
08-04 12:46:53.389 25165 25226 I art     : Starting a blocking GC Explicit
08-04 12:46:53.451 25165 25226 I art     : Explicit concurrent mark sweep GC freed 6696(351KB) AllocSpace objects, 7(368KB) LOS objects, 7% free, 190MB/206MB, paused 2.607ms total 61.614ms
08-04 12:46:53.469   512  2967 D audio_hw_primary: disable_audio_route: reset and update mixer path: low-latency-playback speaker
08-04 12:46:53.470   512  2967 D audio_hw_primary: disable_snd_device: snd_device(2: speaker)
08-04 12:46:53.472 25165 25226 I art     : Starting a blocking GC Explicit
08-04 12:46:53.478   512  2967 I soundtrigger: audio_extn_sound_trigger_update_device_status: device 0x2 of type 0 for Event 0
08-04 12:46:53.479 25165 28148 I NAPPA_EXPERIMENTATION: MetricNetworkRequestExecutionTime: REQUEST_DURATION_SYSTEM='530',REQUEST_DURATION_OKHTTP='33',REQUEST_SYNCHRONOUS='FALSE',RESPONSE_CODE='200',RESPONSE_METHOD='GET',RESPONSE_LENGTH_OKHTTP='2',RESPONSE_LENGTH_HEADER='2',REQUEST_PROTOCOL='http/1.1',REQUEST_URL='https://project-travel-mate.herokuapp.com/api/get-notifications',
08-04 12:46:53.498 25165 28149 I NAPPA_EXPERIMENTATION: MetricNetworkRequestExecutionTime: REQUEST_DURATION_SYSTEM='547',REQUEST_DURATION_OKHTTP='32',REQUEST_SYNCHRONOUS='FALSE',RESPONSE_CODE='200',RESPONSE_METHOD='GET',RESPONSE_LENGTH_OKHTTP='2',RESPONSE_LENGTH_HEADER='2',REQUEST_PROTOCOL='http/1.1',REQUEST_URL='https://project-travel-mate.herokuapp.com/api/get-notifications',
08-04 12:46:53.530 25165 25226 I art     : Explicit concurrent mark sweep GC freed 3678(294KB) AllocSpace objects, 1(80KB) LOS objects, 7% free, 190MB/206MB, paused 1.758ms total 57.345ms
08-04 12:46:53.550 25165 25226 I art     : Starting a blocking GC Explicit
08-04 12:46:53.607 25165 25226 I art     : Explicit concurrent mark sweep GC freed 428(33KB) AllocSpace objects, 0(0B) LOS objects, 7% free, 190MB/206MB, paused 1.821ms total 56.603ms
08-04 12:46:53.626 25165 25226 I art     : Starting a blocking GC Explicit
08-04 12:46:53.671 25165 25165 V Response: [] 
08-04 12:46:53.677 25165 25247 D Gabe    : call	returning from cache
08-04 12:46:53.678 25165 25165 V Response: [] 
08-04 12:46:53.682 25165 25226 I art     : Explicit concurrent mark sweep GC freed 170(6KB) AllocSpace objects, 0(0B) LOS objects, 7% free, 190MB/206MB, paused 1.812ms total 56.164ms
08-04 12:46:53.683 25165 25247 D Gabe    : call	returning from cache
08-04 12:46:53.701 25165 25226 I art     : Starting a blocking GC Explicit
08-04 12:46:53.757 25165 25226 I art     : Explicit concurrent mark sweep GC freed 2108(75KB) AllocSpace objects, 1(188KB) LOS objects, 7% free, 190MB/206MB, paused 1.674ms total 55.379ms
08-04 12:46:54.158 25165 25178 I art     : Starting a blocking GC Explicit
08-04 12:46:54.213 25165 25178 I art     : Explicit concurrent mark sweep GC freed 5299(195KB) AllocSpace objects, 2(48KB) LOS objects, 7% free, 189MB/205MB, paused 1.477ms total 54.539ms
08-04 12:46:54.232 25165 25178 I art     : Starting a blocking GC Explicit
08-04 12:46:54.285 25165 25178 I art     : Explicit concurrent mark sweep GC freed 544(18KB) AllocSpace objects, 0(0B) LOS objects, 7% free, 189MB/205MB, paused 1.296ms total 52.836ms
08-04 12:46:54.305 25165 25178 I art     : Starting a blocking GC Explicit
08-04 12:46:54.310 28163 28163 I ServiceManager: Waiting for service AtCmdFwd...
08-04 12:46:54.360 25165 25178 I art     : Explicit concurrent mark sweep GC freed 316(5KB) AllocSpace objects, 0(0B) LOS objects, 7% free, 189MB/205MB, paused 1.455ms total 54.453ms
08-04 12:46:54.378 25165 25178 I art     : Starting a blocking GC Explicit
08-04 12:46:54.430 25165 25178 I art     : Explicit concurrent mark sweep GC freed 320(5KB) AllocSpace objects, 0(0B) LOS objects, 7% free, 189MB/205MB, paused 1.344ms total 51.883ms
08-04 12:46:54.430 25165 25175 I art     : WaitForGcToComplete blocked for 49.795ms for cause HeapTrim
08-04 12:46:54.449 25165 25178 I art     : Starting a blocking GC Explicit
08-04 12:46:54.501 25165 25178 I art     : Explicit concurrent mark sweep GC freed 283(4KB) AllocSpace objects, 0(0B) LOS objects, 7% free, 189MB/205MB, paused 1.321ms total 52.080ms
08-04 12:46:54.916 25165 25177 I art     : Starting a blocking GC Explicit
08-04 12:46:54.974 25165 25177 I art     : Explicit concurrent mark sweep GC freed 3585(124KB) AllocSpace objects, 2(48KB) LOS objects, 7% free, 189MB/205MB, paused 1.722ms total 58.056ms
08-04 12:46:54.993 25165 25177 I art     : Starting a blocking GC Explicit
08-04 12:46:55.047 25165 25177 I art     : Explicit concurrent mark sweep GC freed 369(6KB) AllocSpace objects, 0(0B) LOS objects, 7% free, 189MB/205MB, paused 1.384ms total 53.398ms
08-04 12:46:55.067 25165 25177 I art     : Starting a blocking GC Explicit
08-04 12:46:55.123 25165 25177 I art     : Explicit concurrent mark sweep GC freed 290(4KB) AllocSpace objects, 0(0B) LOS objects, 7% free, 189MB/205MB, paused 1.480ms total 55.963ms
08-04 12:46:55.142 25165 25177 I art     : Starting a blocking GC Explicit
08-04 12:46:55.197 25165 25177 I art     : Explicit concurrent mark sweep GC freed 346(5KB) AllocSpace objects, 0(0B) LOS objects, 7% free, 189MB/205MB, paused 1.531ms total 54.930ms
08-04 12:46:55.216 25165 25177 I art     : Starting a blocking GC Explicit
08-04 12:46:55.272 25165 25177 I art     : Explicit concurrent mark sweep GC freed 320(5KB) AllocSpace objects, 0(0B) LOS objects, 7% free, 189MB/205MB, paused 1.388ms total 55.194ms
08-04 12:46:55.310 28163 28163 I ServiceManager: Waiting for service AtCmdFwd...
08-04 12:46:55.680 25165 25177 I art     : Starting a blocking GC Explicit
08-04 12:46:55.734 25165 25177 I art     : Explicit concurrent mark sweep GC freed 3558(123KB) AllocSpace objects, 2(48KB) LOS objects, 7% free, 189MB/205MB, paused 1.324ms total 53.661ms
08-04 12:46:55.754 25165 25177 I art     : Starting a blocking GC Explicit
08-04 12:46:55.809 25165 25177 I art     : Explicit concurrent mark sweep GC freed 347(6KB) AllocSpace objects, 0(0B) LOS objects, 7% free, 189MB/205MB, paused 1.592ms total 55.447ms
08-04 12:46:55.828 25165 25177 I art     : Starting a blocking GC Explicit
08-04 12:46:55.882 25165 25177 I art     : Explicit concurrent mark sweep GC freed 324(5KB) AllocSpace objects, 0(0B) LOS objects, 7% free, 189MB/205MB, paused 1.364ms total 53.574ms
08-04 12:46:55.901 25165 25177 I art     : Starting a blocking GC Explicit
08-04 12:46:55.956 25165 25177 I art     : Explicit concurrent mark sweep GC freed 286(4KB) AllocSpace objects, 0(0B) LOS objects, 7% free, 189MB/205MB, paused 1.383ms total 54.538ms
08-04 12:46:55.975 25165 25177 I art     : Starting a blocking GC Explicit
08-04 12:46:56.032 25165 25177 I art     : Explicit concurrent mark sweep GC freed 363(6KB) AllocSpace objects, 0(0B) LOS objects, 7% free, 189MB/205MB, paused 1.420ms total 56.555ms
08-04 12:46:56.311 28163 28163 I ServiceManager: Waiting for service AtCmdFwd...
08-04 12:46:56.443 25165 25226 I art     : Starting a blocking GC Explicit
08-04 12:46:56.502 25165 25226 I art     : Explicit concurrent mark sweep GC freed 3610(125KB) AllocSpace objects, 2(48KB) LOS objects, 7% free, 189MB/205MB, paused 1.322ms total 58.093ms
08-04 12:46:56.521 25165 25226 I art     : Starting a blocking GC Explicit
08-04 12:46:56.577 25165 25226 I art     : Explicit concurrent mark sweep GC freed 356(6KB) AllocSpace objects, 0(0B) LOS objects, 7% free, 189MB/205MB, paused 1.632ms total 55.907ms
08-04 12:46:56.596 25165 25226 I art     : Starting a blocking GC Explicit
08-04 12:46:56.650 25165 25226 I art     : Explicit concurrent mark sweep GC freed 319(5KB) AllocSpace objects, 0(0B) LOS objects, 7% free, 189MB/205MB, paused 1.296ms total 53.762ms
08-04 12:46:56.669 25165 25226 I art     : Starting a blocking GC Explicit
08-04 12:46:56.722 25165 25226 I art     : Explicit concurrent mark sweep GC freed 295(5KB) AllocSpace objects, 0(0B) LOS objects, 7% free, 189MB/205MB, paused 1.331ms total 52.496ms
08-04 12:46:56.741 25165 25226 I art     : Starting a blocking GC Explicit
08-04 12:46:56.796 25165 25226 I art     : Explicit concurrent mark sweep GC freed 361(6KB) AllocSpace objects, 0(0B) LOS objects, 7% free, 189MB/205MB, paused 1.504ms total 54.949ms
08-04 12:46:57.210 25165 25177 I art     : Starting a blocking GC Explicit
08-04 12:46:57.266 25165 25177 I art     : Explicit concurrent mark sweep GC freed 3643(126KB) AllocSpace objects, 2(48KB) LOS objects, 7% free, 189MB/205MB, paused 1.511ms total 55.406ms
08-04 12:46:57.285 25165 25177 I art     : Starting a blocking GC Explicit
08-04 12:46:57.311 28163 28163 I ServiceManager: Waiting for service AtCmdFwd...
08-04 12:46:57.338 25165 25177 I art     : Explicit concurrent mark sweep GC freed 325(5KB) AllocSpace objects, 0(0B) LOS objects, 7% free, 189MB/205MB, paused 1.373ms total 52.943ms
08-04 12:46:57.357 25165 25177 I art     : Starting a blocking GC Explicit
08-04 12:46:57.410 25165 25177 I art     : Explicit concurrent mark sweep GC freed 451(15KB) AllocSpace objects, 0(0B) LOS objects, 7% free, 189MB/205MB, paused 1.485ms total 52.587ms
08-04 12:46:57.428 25165 25177 I art     : Starting a blocking GC Explicit
08-04 12:46:57.484 25165 25177 I art     : Explicit concurrent mark sweep GC freed 344(5KB) AllocSpace objects, 0(0B) LOS objects, 7% free, 189MB/205MB, paused 1.488ms total 55.239ms
08-04 12:46:57.503 25165 25177 I art     : Starting a blocking GC Explicit
08-04 12:46:57.558 25165 25177 I art     : Explicit concurrent mark sweep GC freed 283(4KB) AllocSpace objects, 0(0B) LOS objects, 7% free, 189MB/205MB, paused 1.410ms total 54.911ms
08-04 12:46:57.645 28223 28223 D AndroidRuntime: >>>>>> START com.android.internal.os.RuntimeInit uid 2000 <<<<<<
08-04 12:46:57.651 28223 28223 D AndroidRuntime: CheckJNI is OFF
08-04 12:46:57.689 28223 28223 D ICU     : No timezone override file found: /data/misc/zoneinfo/current/icu/icu_tzdata.dat
08-04 12:46:57.728 28223 28223 I Radio-JNI: register_android_hardware_Radio DONE
08-04 12:46:57.756 28223 28223 D AndroidRuntime: Calling main entry com.android.commands.input.Input
08-04 12:46:57.757 28223 28223 I Input   : injectKeyEvent: KeyEvent { action=ACTION_DOWN, keyCode=KEYCODE_BACK, scanCode=0, metaState=0, flags=0x0, repeatCount=0, eventTime=708434170, downTime=708434170, deviceId=-1, source=0x101 }
08-04 12:46:57.770 28223 28223 I Input   : injectKeyEvent: KeyEvent { action=ACTION_UP, keyCode=KEYCODE_BACK, scanCode=0, metaState=0, flags=0x0, repeatCount=0, eventTime=708434170, downTime=708434170, deviceId=-1, source=0x101 }
08-04 12:46:57.777 28223 28223 D AndroidRuntime: Shutting down VM
08-04 12:46:57.794 25165 25165 V MainActivity: url = https://project-travel-mate.herokuapp.com/api/number-of-unread-notifications
08-04 12:46:57.835 13866 13866 I GoogleInputMethodServic: GoogleInputMethodService.onFinishInput():3138 
08-04 12:46:57.836 13866 13866 I GoogleInputMethodServic: GoogleInputMethodService.onStartInput():1808 
08-04 12:46:57.962 25165 25178 I art     : Starting a blocking GC Explicit
08-04 12:46:58.035 25165 25178 I art     : Explicit concurrent mark sweep GC freed 3371(135KB) AllocSpace objects, 2(48KB) LOS objects, 7% free, 189MB/205MB, paused 1.801ms total 72.568ms
08-04 12:46:58.059 25165 25178 I art     : Starting a blocking GC Explicit
08-04 12:46:58.115 13866 13882 I PeriodicStatsRunner: PeriodicStatsRunner.call():175 call()
08-04 12:46:58.115 13866 13882 I PeriodicStatsRunner: PeriodicStatsRunner.call():179 No submit PeriodicStats since input started.
08-04 12:46:58.124   380   380 W SurfaceFlinger: couldn't log to binary event log: overflow.
08-04 12:46:58.131 25165 25178 I art     : Explicit concurrent mark sweep GC freed 161(5KB) AllocSpace objects, 0(0B) LOS objects, 7% free, 189MB/205MB, paused 2.589ms total 71.871ms
08-04 12:46:58.150 25165 25178 I art     : Starting a blocking GC Explicit
08-04 12:46:58.212 25165 25178 I art     : Explicit concurrent mark sweep GC freed 20(896B) AllocSpace objects, 1(4MB) LOS objects, 7% free, 185MB/201MB, paused 1.507ms total 60.852ms
08-04 12:46:58.231 25165 25178 I art     : Starting a blocking GC Explicit
08-04 12:46:58.294 25165 25178 I art     : Explicit concurrent mark sweep GC freed 3765(178KB) AllocSpace objects, 2(56KB) LOS objects, 7% free, 185MB/201MB, paused 1.605ms total 63.232ms
08-04 12:46:58.311 28163 28163 W Atfwd_Sendcmd: AtCmdFwd service not published, waiting... retryCnt : 1
08-04 12:46:58.315 25165 25178 I art     : Starting a blocking GC Explicit
08-04 12:46:58.380 25165 25178 I art     : Explicit concurrent mark sweep GC freed 3(96B) AllocSpace objects, 0(0B) LOS objects, 7% free, 185MB/201MB, paused 1.595ms total 64.937ms
08-04 12:46:58.466   518   646 I ThermalEngine: ACTION: GPU - Setting GPU[0] to 390000000
08-04 12:46:58.704 25165 28246 I NAPPA_EXPERIMENTATION: MetricNetworkRequestExecutionTime: REQUEST_DURATION_SYSTEM='909',REQUEST_DURATION_OKHTTP='29',REQUEST_SYNCHRONOUS='FALSE',RESPONSE_CODE='200',RESPONSE_METHOD='GET',RESPONSE_LENGTH_OKHTTP='36',RESPONSE_LENGTH_HEADER='36',REQUEST_PROTOCOL='http/1.1',REQUEST_URL='https://project-travel-mate.herokuapp.com/api/number-of-unread-notifications',
08-04 12:46:58.858 25165 25177 I art     : Starting a blocking GC Explicit
08-04 12:46:58.950 25165 25177 I art     : Explicit concurrent mark sweep GC freed 4407(241KB) AllocSpace objects, 5(248KB) LOS objects, 7% free, 185MB/201MB, paused 2.606ms total 90.984ms
08-04 12:46:58.980 25165 25177 I art     : Starting a blocking GC Explicit
08-04 12:46:59.057 25165 25177 I art     : Explicit concurrent mark sweep GC freed 972(117KB) AllocSpace objects, 0(0B) LOS objects, 7% free, 185MB/201MB, paused 2.193ms total 76.629ms
08-04 12:46:59.084 25165 25177 I art     : Starting a blocking GC Explicit
08-04 12:46:59.158 25165 25177 I art     : Explicit concurrent mark sweep GC freed 3(96B) AllocSpace objects, 0(0B) LOS objects, 7% free, 185MB/201MB, paused 2.388ms total 73.944ms
08-04 12:46:59.185 25165 25177 I art     : Starting a blocking GC Explicit
08-04 12:46:59.262 25165 25177 I art     : Explicit concurrent mark sweep GC freed 40(1088B) AllocSpace objects, 0(0B) LOS objects, 7% free, 185MB/201MB, paused 2.255ms total 76.333ms
08-04 12:46:59.290 25165 25177 I art     : Starting a blocking GC Explicit
08-04 12:46:59.367 25165 25177 I art     : Explicit concurrent mark sweep GC freed 3(96B) AllocSpace objects, 0(0B) LOS objects, 7% free, 185MB/201MB, paused 2.300ms total 76.918ms
08-04 12:46:59.653 28258 28258 D AndroidRuntime: >>>>>> START com.android.internal.os.RuntimeInit uid 2000 <<<<<<
08-04 12:46:59.659 28258 28258 D AndroidRuntime: CheckJNI is OFF
08-04 12:46:59.714 28258 28258 D ICU     : No timezone override file found: /data/misc/zoneinfo/current/icu/icu_tzdata.dat
08-04 12:46:59.765 28258 28258 I Radio-JNI: register_android_hardware_Radio DONE
08-04 12:46:59.797 28258 28258 D AndroidRuntime: Calling main entry com.android.commands.input.Input
08-04 12:46:59.799 28258 28258 I Input   : injectMotionEvent: MotionEvent { action=ACTION_DOWN, actionButton=0, id[0]=0, x[0]=117.0, y[0]=170.0, toolType[0]=TOOL_TYPE_UNKNOWN, buttonState=0, metaState=0, flags=0x0, edgeFlags=0x0, pointerCount=1, historySize=0, eventTime=708436212, downTime=708436212, deviceId=0, source=0x1002 }
08-04 12:46:59.805 28258 28258 I Input   : injectMotionEvent: MotionEvent { action=ACTION_UP, actionButton=0, id[0]=0, x[0]=117.0, y[0]=170.0, toolType[0]=TOOL_TYPE_UNKNOWN, buttonState=0, metaState=0, flags=0x0, edgeFlags=0x0, pointerCount=1, historySize=0, eventTime=708436212, downTime=708436212, deviceId=0, source=0x1002 }
08-04 12:46:59.808 28258 28258 D AndroidRuntime: Shutting down VM
08-04 12:46:59.814   512  2967 D audio_hw_primary: out_set_parameters: enter: usecase(1: low-latency-playback) kvpairs: routing=2
08-04 12:46:59.827   512  2967 D audio_hw_primary: select_devices: out_snd_device(2: speaker) in_snd_device(0: none)
08-04 12:46:59.827   512  2967 D msm8974_platform: platform_send_audio_calibration: sending audio calibration for snd_device(2) acdb_id(15)
08-04 12:46:59.828   512  2967 I soundtrigger: audio_extn_sound_trigger_update_device_status: device 0x2 of type 0 for Event 1
08-04 12:46:59.840   512  2967 D audio_hw_primary: enable_snd_device: snd_device(2: speaker)
08-04 12:46:59.843   512  2967 D audio_hw_primary: enable_audio_route: apply and update mixer path: low-latency-playback speaker
08-04 12:46:59.856 25165 25226 I art     : Starting a blocking GC Explicit
08-04 12:46:59.943 25165 25226 I art     : Explicit concurrent mark sweep GC freed 1917(109KB) AllocSpace objects, 2(48KB) LOS objects, 7% free, 185MB/201MB, paused 2.555ms total 86.550ms
08-04 12:46:59.972 25165 25226 I art     : Starting a blocking GC Explicit
08-04 12:47:00.045 25165 25226 I art     : Explicit concurrent mark sweep GC freed 152(6KB) AllocSpace objects, 0(0B) LOS objects, 7% free, 185MB/201MB, paused 2.481ms total 71.998ms
08-04 12:47:00.072 25165 25226 I art     : Starting a blocking GC Explicit
08-04 12:47:00.141 25165 25226 I art     : Explicit concurrent mark sweep GC freed 3(96B) AllocSpace objects, 0(0B) LOS objects, 7% free, 185MB/201MB, paused 2.297ms total 69.052ms
08-04 12:47:00.168 25165 25226 I art     : Starting a blocking GC Explicit
08-04 12:47:00.242 25165 25226 I art     : Explicit concurrent mark sweep GC freed 43(1216B) AllocSpace objects, 0(0B) LOS objects, 7% free, 185MB/201MB, paused 2.681ms total 73.720ms
08-04 12:47:00.271 25165 25226 I art     : Starting a blocking GC Explicit
08-04 12:47:00.344 25165 25226 I art     : Explicit concurrent mark sweep GC freed 11(352B) AllocSpace objects, 0(0B) LOS objects, 7% free, 185MB/201MB, paused 2.284ms total 72.475ms
08-04 12:47:00.389   512  2967 D audio_hw_primary: disable_audio_route: reset and update mixer path: low-latency-playback speaker
08-04 12:47:00.390   512  2967 D audio_hw_primary: disable_snd_device: snd_device(2: speaker)
08-04 12:47:00.398   512  2967 I soundtrigger: audio_extn_sound_trigger_update_device_status: device 0x2 of type 0 for Event 0
08-04 12:47:00.468   518   646 I ThermalEngine: ACTION: GPU - Setting GPU[0] to 450000000
08-04 12:47:00.649 28281 28281 D AndroidRuntime: >>>>>> START com.android.internal.os.RuntimeInit uid 2000 <<<<<<
08-04 12:47:00.656 28281 28281 D AndroidRuntime: CheckJNI is OFF
08-04 12:47:00.703 28281 28281 D ICU     : No timezone override file found: /data/misc/zoneinfo/current/icu/icu_tzdata.dat
08-04 12:47:00.748 28281 28281 I Radio-JNI: register_android_hardware_Radio DONE
08-04 12:47:00.766 25165 25226 I art     : Starting a blocking GC Explicit
08-04 12:47:00.779 28281 28281 D AndroidRuntime: Calling main entry com.android.commands.input.Input
08-04 12:47:00.781 28281 28281 I Input   : injectMotionEvent: MotionEvent { action=ACTION_DOWN, actionButton=0, id[0]=0, x[0]=418.0, y[0]=842.0, toolType[0]=TOOL_TYPE_UNKNOWN, buttonState=0, metaState=0, flags=0x0, edgeFlags=0x0, pointerCount=1, historySize=0, eventTime=708437194, downTime=708437194, deviceId=0, source=0x1002 }
08-04 12:47:00.785 28281 28281 I Input   : injectMotionEvent: MotionEvent { action=ACTION_UP, actionButton=0, id[0]=0, x[0]=418.0, y[0]=842.0, toolType[0]=TOOL_TYPE_UNKNOWN, buttonState=0, metaState=0, flags=0x0, edgeFlags=0x0, pointerCount=1, historySize=0, eventTime=708437194, downTime=708437194, deviceId=0, source=0x1002 }
08-04 12:47:00.787 28281 28281 D AndroidRuntime: Shutting down VM
08-04 12:47:00.800 25165 25247 D Gabe    : call	returning from cache
08-04 12:47:00.800   512  2967 D audio_hw_primary: out_set_parameters: enter: usecase(1: low-latency-playback) kvpairs: routing=2
08-04 12:47:00.813   512  2967 D audio_hw_primary: select_devices: out_snd_device(2: speaker) in_snd_device(0: none)
08-04 12:47:00.813   512  2967 D msm8974_platform: platform_send_audio_calibration: sending audio calibration for snd_device(2) acdb_id(15)
08-04 12:47:00.813   512  2967 I soundtrigger: audio_extn_sound_trigger_update_device_status: device 0x2 of type 0 for Event 1
08-04 12:47:00.822 25165 25165 V MainActivity: url = https://project-travel-mate.herokuapp.com/api/number-of-unread-notifications
08-04 12:47:00.822   512  2967 D audio_hw_primary: enable_snd_device: snd_device(2: speaker)
08-04 12:47:00.824   512  2967 D audio_hw_primary: enable_audio_route: apply and update mixer path: low-latency-playback speaker
08-04 12:47:00.828 25165 25226 I art     : Explicit concurrent mark sweep GC freed 2412(135KB) AllocSpace objects, 2(48KB) LOS objects, 7% free, 185MB/201MB, paused 1.989ms total 61.506ms
08-04 12:47:00.847 25165 25226 I art     : Starting a blocking GC Explicit
08-04 12:47:00.871   512  2967 D AudioFlinger: mixer(0xf4740000) throttle end: throttle time(12)
08-04 12:47:00.909 25165 25226 I art     : Explicit concurrent mark sweep GC freed 618(38KB) AllocSpace objects, 0(0B) LOS objects, 7% free, 185MB/201MB, paused 1.964ms total 61.518ms
08-04 12:47:00.928 25165 25226 I art     : Starting a blocking GC Explicit
08-04 12:47:00.984 25165 25226 I art     : Explicit concurrent mark sweep GC freed 464(31KB) AllocSpace objects, 0(0B) LOS objects, 7% free, 185MB/201MB, paused 2.044ms total 55.851ms
08-04 12:47:01.009 25165 25226 I art     : Starting a blocking GC Explicit
08-04 12:47:01.069 25165 25226 I art     : Explicit concurrent mark sweep GC freed 649(38KB) AllocSpace objects, 0(0B) LOS objects, 7% free, 185MB/201MB, paused 1.999ms total 59.440ms
08-04 12:47:01.088 25165 25226 I art     : Starting a blocking GC Explicit
08-04 12:47:01.150 25165 25226 I art     : Explicit concurrent mark sweep GC freed 336(22KB) AllocSpace objects, 0(0B) LOS objects, 7% free, 186MB/202MB, paused 1.853ms total 61.489ms
08-04 12:47:01.336 25165 25165 I Choreographer: Skipped 30 frames!  The application may be doing too much work on its main thread.
08-04 12:47:01.369   512  2967 D audio_hw_primary: disable_audio_route: reset and update mixer path: low-latency-playback speaker
08-04 12:47:01.371   512  2967 D audio_hw_primary: disable_snd_device: snd_device(2: speaker)
08-04 12:47:01.379   512  2967 I soundtrigger: audio_extn_sound_trigger_update_device_status: device 0x2 of type 0 for Event 0
08-04 12:47:01.555 25165 25177 I art     : Starting a blocking GC Explicit
08-04 12:47:01.623 25165 25177 I art     : Explicit concurrent mark sweep GC freed 6194(323KB) AllocSpace objects, 13(432KB) LOS objects, 7% free, 186MB/202MB, paused 1.843ms total 68.280ms
08-04 12:47:01.644 25165 25177 I art     : Starting a blocking GC Explicit
08-04 12:47:01.679 25165 28303 I NAPPA_EXPERIMENTATION: MetricNetworkRequestExecutionTime: REQUEST_DURATION_SYSTEM='856',REQUEST_DURATION_OKHTTP='31',REQUEST_SYNCHRONOUS='FALSE',RESPONSE_CODE='200',RESPONSE_METHOD='GET',RESPONSE_LENGTH_OKHTTP='36',RESPONSE_LENGTH_HEADER='36',REQUEST_PROTOCOL='http/1.1',REQUEST_URL='https://project-travel-mate.herokuapp.com/api/number-of-unread-notifications',
08-04 12:47:01.710 25165 25177 I art     : Explicit concurrent mark sweep GC freed 3403(178KB) AllocSpace objects, 1(80KB) LOS objects, 7% free, 186MB/202MB, paused 1.584ms total 65.756ms
08-04 12:47:01.730 25165 25177 I art     : Starting a blocking GC Explicit
08-04 12:47:01.800 25165 25177 I art     : Explicit concurrent mark sweep GC freed 912(88KB) AllocSpace objects, 0(0B) LOS objects, 7% free, 186MB/202MB, paused 1.582ms total 69.254ms
08-04 12:47:01.820 25165 25177 I art     : Starting a blocking GC Explicit
08-04 12:47:01.891 25165 25177 I art     : Explicit concurrent mark sweep GC freed 123(2096B) AllocSpace objects, 0(0B) LOS objects, 7% free, 186MB/202MB, paused 1.551ms total 70.610ms
08-04 12:47:01.912 25165 25177 I art     : Starting a blocking GC Explicit
08-04 12:47:01.983 25165 25177 I art     : Explicit concurrent mark sweep GC freed 147(2496B) AllocSpace objects, 0(0B) LOS objects, 7% free, 186MB/202MB, paused 1.701ms total 70.724ms
08-04 12:47:02.407 25165 25227 I art     : Starting a blocking GC Explicit
08-04 12:47:02.447   918  3261 D WifiStateMachine: starting scan for "H369AA63323"WPA_PSK with 2412,5180
08-04 12:47:02.472 25165 25227 I art     : Explicit concurrent mark sweep GC freed 2325(104KB) AllocSpace objects, 2(64KB) LOS objects, 7% free, 186MB/202MB, paused 1.355ms total 63.964ms
08-04 12:47:02.492 25165 25227 I art     : Starting a blocking GC Explicit
08-04 12:47:02.554 25165 25227 I art     : Explicit concurrent mark sweep GC freed 158(3KB) AllocSpace objects, 0(0B) LOS objects, 7% free, 186MB/202MB, paused 1.403ms total 62.394ms
08-04 12:47:02.576 25165 25227 I art     : Starting a blocking GC Explicit
08-04 12:47:02.645 25165 25227 I art     : Explicit concurrent mark sweep GC freed 133(2416B) AllocSpace objects, 0(0B) LOS objects, 7% free, 186MB/202MB, paused 1.580ms total 68.288ms
08-04 12:47:02.666 25165 25227 I art     : Starting a blocking GC Explicit
08-04 12:47:02.740 25165 25227 I art     : Explicit concurrent mark sweep GC freed 164(3KB) AllocSpace objects, 0(0B) LOS objects, 7% free, 186MB/202MB, paused 1.720ms total 73.840ms
08-04 12:47:02.761 25165 25227 I art     : Starting a blocking GC Explicit
08-04 12:47:02.835 25165 25227 I art     : Explicit concurrent mark sweep GC freed 155(3040B) AllocSpace objects, 0(0B) LOS objects, 7% free, 186MB/202MB, paused 1.681ms total 74.106ms
08-04 12:47:02.836 13866 13882 I PeriodicStatsRunner: PeriodicStatsRunner.call():175 call()
08-04 12:47:02.837 13866 13882 I PeriodicStatsRunner: PeriodicStatsRunner.call():179 No submit PeriodicStats since input started.
08-04 12:47:03.255 25165 25226 I art     : Starting a blocking GC Explicit
08-04 12:47:03.312 28163 28163 I ServiceManager: Waiting for service AtCmdFwd...
08-04 12:47:03.328 25165 25226 I art     : Explicit concurrent mark sweep GC freed 2323(104KB) AllocSpace objects, 2(64KB) LOS objects, 7% free, 186MB/202MB, paused 1.632ms total 72.441ms
08-04 12:47:03.349 25165 25226 I art     : Starting a blocking GC Explicit
08-04 12:47:03.416 25165 25226 I art     : Explicit concurrent mark sweep GC freed 161(3KB) AllocSpace objects, 0(0B) LOS objects, 7% free, 186MB/202MB, paused 1.689ms total 67.583ms
08-04 12:47:03.437 25165 25226 I art     : Starting a blocking GC Explicit
08-04 12:47:03.510 25165 25226 I art     : Explicit concurrent mark sweep GC freed 134(2288B) AllocSpace objects, 0(0B) LOS objects, 7% free, 186MB/202MB, paused 1.593ms total 72.303ms
08-04 12:47:03.531 25165 25226 I art     : Starting a blocking GC Explicit
08-04 12:47:03.603 25165 25226 I art     : Explicit concurrent mark sweep GC freed 146(2464B) AllocSpace objects, 0(0B) LOS objects, 7% free, 186MB/202MB, paused 1.666ms total 71.886ms
08-04 12:47:03.624 25165 25226 I art     : Starting a blocking GC Explicit
08-04 12:47:03.630 28339 28339 D AndroidRuntime: >>>>>> START com.android.internal.os.RuntimeInit uid 2000 <<<<<<
08-04 12:47:03.635 28339 28339 D AndroidRuntime: CheckJNI is OFF
08-04 12:47:03.679 28339 28339 D ICU     : No timezone override file found: /data/misc/zoneinfo/current/icu/icu_tzdata.dat
08-04 12:47:03.694 25165 25226 I art     : Explicit concurrent mark sweep GC freed 124(2128B) AllocSpace objects, 0(0B) LOS objects, 7% free, 186MB/202MB, paused 1.717ms total 69.552ms
08-04 12:47:03.729 28339 28339 I Radio-JNI: register_android_hardware_Radio DONE
08-04 12:47:03.758 28339 28339 D AndroidRuntime: Calling main entry com.android.commands.am.Am
08-04 12:47:03.776  2375  2375 I Trepn   : Trepn 6.2s: Received intent: com.quicinc.trepn.stop_profiling
08-04 12:47:03.857  2375  2375 I Trepn   : Trepn 6.2s: Trepn has Stopped Profiling.
08-04 12:47:04.037 28339 28339 D AndroidRuntime: Shutting down VM
08-04 12:47:04.042   918  3670 W AppOps  : Finishing op nesting under-run: uid 10078 pkg com.quicinc.trepn code 24 time=0 duration=0 nesting=0
08-04 12:47:04.105 25165 27924 I art     : Starting a blocking GC Explicit
08-04 12:47:04.177 25165 27924 I art     : Explicit concurrent mark sweep GC freed 2283(103KB) AllocSpace objects, 2(64KB) LOS objects, 7% free, 186MB/202MB, paused 1.596ms total 72.213ms
08-04 12:47:04.198 25165 27924 I art     : Starting a blocking GC Explicit
08-04 12:47:04.272 25165 27924 I art     : Explicit concurrent mark sweep GC freed 207(4KB) AllocSpace objects, 0(0B) LOS objects, 7% free, 186MB/202MB, paused 1.622ms total 73.178ms
08-04 12:47:04.294 25165 27924 I art     : Starting a blocking GC Explicit
08-04 12:47:04.313 28163 28163 I ServiceManager: Waiting for service AtCmdFwd...
08-04 12:47:04.362 25165 27924 I art     : Explicit concurrent mark sweep GC freed 125(2160B) AllocSpace objects, 0(0B) LOS objects, 7% free, 186MB/202MB, paused 1.504ms total 68.373ms
08-04 12:47:04.383 25165 27924 I art     : Starting a blocking GC Explicit
08-04 12:47:04.449 25165 27924 I art     : Explicit concurrent mark sweep GC freed 124(2128B) AllocSpace objects, 0(0B) LOS objects, 7% free, 186MB/202MB, paused 1.582ms total 65.538ms
08-04 12:47:04.469 25165 27924 I art     : Starting a blocking GC Explicit
08-04 12:47:04.535 25165 27924 I art     : Explicit concurrent mark sweep GC freed 147(2496B) AllocSpace objects, 0(0B) LOS objects, 7% free, 186MB/202MB, paused 1.633ms total 65.582ms
08-04 12:47:05.313 28163 28163 I ServiceManager: Waiting for service AtCmdFwd...
08-04 12:47:06.314 28163 28163 I ServiceManager: Waiting for service AtCmdFwd...
08-04 12:47:07.315 28163 28163 I ServiceManager: Waiting for service AtCmdFwd...
