--------- beginning of main
08-04 13:54:36.115 26375 26375 D AndroidRuntime: >>>>>> START com.android.internal.os.RuntimeInit uid 2000 <<<<<<
08-04 13:54:36.122 26375 26375 D AndroidRuntime: CheckJNI is OFF
08-04 13:54:36.157 26375 26375 D ICU     : No timezone override file found: /data/misc/zoneinfo/current/icu/icu_tzdata.dat
08-04 13:54:36.191 26375 26375 I Radio-JNI: register_android_hardware_Radio DONE
08-04 13:54:36.207 26375 26375 D AndroidRuntime: Calling main entry com.android.commands.monkey.Monkey
--------- beginning of system
08-04 13:54:36.223   918   931 W BroadcastQueue: Skipping deliver [background] BroadcastRecord{d4876e2 u-1 android.net.conn.CONNECTIVITY_CHANGE} to ReceiverList{dfaa73 26375 (unknown name)/2000/u-1 remote:b27e8c4}: process crashing
08-04 13:54:36.233   918  5132 I ActivityManager: START u0 {act=android.intent.action.MAIN cat=[android.intent.category.LAUNCHER] flg=0x10200000 cmp=baseline.io.github.project_travel_mate/.SplashActivity} from uid 2000 on display 0
08-04 13:54:36.278 26384 26384 I art     : Late-enabling -Xcheck:jni
08-04 13:54:36.283   918  3670 I ActivityManager: Start proc 26384:baseline.io.github.project_travel_mate/u0a650 for activity baseline.io.github.project_travel_mate/.SplashActivity
08-04 13:54:36.303 26375 26375 I art     : System.exit called, status: 0
08-04 13:54:36.304 26375 26375 I AndroidRuntime: VM exiting with result code 0.
08-04 13:54:36.341  2075 22580 I PBSessionCacheImpl: Deleted sessionId[9127543042550561] from persistence.
08-04 13:54:36.344  2075  2107 W SearchServiceCore: Abort, client detached.
08-04 13:54:36.344  2075  2107 I MicroDetectionState: Should stop hotword detection immediately - true
08-04 13:54:36.376 26384 26384 W System  : ClassLoader referenced unknown path: /data/app/baseline.io.github.project_travel_mate-1/lib/arm64
08-04 13:54:36.548 26384 26384 W art     : Before Android 4.1, method android.graphics.PorterDuffColorFilter androidx.vectordrawable.graphics.drawable.VectorDrawableCompat.updateTintFilter(android.graphics.PorterDuffColorFilter, android.content.res.ColorStateList, android.graphics.PorterDuff$Mode) would have incorrectly overridden the package-private method in android.graphics.drawable.Drawable
08-04 13:54:36.595 26384 26384 I art     : Rejecting re-init on previously-failed class java.lang.Class<androidx.core.view.ViewCompat$OnUnhandledKeyEventListenerWrapper>
08-04 13:54:36.595 26384 26384 I art     : Rejecting re-init on previously-failed class java.lang.Class<androidx.core.view.ViewCompat$OnUnhandledKeyEventListenerWrapper>
08-04 13:54:36.654 26384 26399 D OpenGLRenderer: Use EGL_SWAP_BEHAVIOR_PRESERVED: true
08-04 13:54:36.725 26384 26399 I Adreno  : QUALCOMM build                   : fcf4852, I1af360237c
08-04 13:54:36.725 26384 26399 I Adreno  : Build Date                       : 09/23/15
08-04 13:54:36.725 26384 26399 I Adreno  : OpenGL ES Shader Compiler Version: XE031.05.13.02
08-04 13:54:36.725 26384 26399 I Adreno  : Local Branch                     : mybranch14465806
08-04 13:54:36.725 26384 26399 I Adreno  : Remote Branch                    : quic/LA.BF64.1.2.9_v2
08-04 13:54:36.725 26384 26399 I Adreno  : Remote Branch                    : NONE
08-04 13:54:36.725 26384 26399 I Adreno  : Reconstruct Branch               : NOTHING
08-04 13:54:36.734 26384 26399 I OpenGLRenderer: Initialized EGL, version 1.4
08-04 13:54:36.879 13866 13866 I GoogleInputMethodServic: GoogleInputMethodService.onFinishInput():3138 
08-04 13:54:36.880 13866 13866 I GoogleInputMethodServic: GoogleInputMethodService.onStartInput():1808 
08-04 13:54:36.880   918   936 I ActivityManager: Displayed baseline.io.github.project_travel_mate/.SplashActivity: +630ms
08-04 13:54:37.851 26413 26413 D AndroidRuntime: >>>>>> START com.android.internal.os.RuntimeInit uid 2000 <<<<<<
08-04 13:54:37.855 26413 26413 D AndroidRuntime: CheckJNI is OFF
08-04 13:54:37.880 26413 26413 D ICU     : No timezone override file found: /data/misc/zoneinfo/current/icu/icu_tzdata.dat
08-04 13:54:37.908 26413 26413 I Radio-JNI: register_android_hardware_Radio DONE
08-04 13:54:37.923 26413 26413 D AndroidRuntime: Calling main entry com.android.commands.am.Am
08-04 13:54:37.930  2375  2375 I Trepn   : Trepn 6.2s: Received intent: com.quicinc.trepn.start_profiling
08-04 13:54:38.040  2375  2375 W FileUtils: Failed to chmod(/storage/emulated/0/trepn/Trepn_2020.08.04_135437.db): android.system.ErrnoException: chmod failed: EPERM (Operation not permitted)
08-04 13:54:38.147  2375  2375 I Trepn   : Trepn 6.2s: Trepn has Started Profiling.
08-04 13:54:38.148 26413 26413 D AndroidRuntime: Shutting down VM
08-04 13:54:38.637 26384 26396 I art     : Starting a blocking GC Explicit
08-04 13:54:38.654 26384 26396 I art     : Explicit concurrent mark sweep GC freed 47633(2MB) AllocSpace objects, 2(40KB) LOS objects, 40% free, 20MB/34MB, paused 115us total 16.857ms
08-04 13:54:38.662 26384 26396 I art     : Starting a blocking GC Explicit
08-04 13:54:38.672 26384 26396 I art     : Explicit concurrent mark sweep GC freed 1110(47KB) AllocSpace objects, 0(0B) LOS objects, 40% free, 20MB/34MB, paused 116us total 9.076ms
08-04 13:54:38.679 26384 26396 I art     : Starting a blocking GC Explicit
08-04 13:54:38.688 26384 26396 I art     : Explicit concurrent mark sweep GC freed 3(96B) AllocSpace objects, 0(0B) LOS objects, 40% free, 20MB/34MB, paused 123us total 8.791ms
08-04 13:54:38.695 26384 26396 I art     : Starting a blocking GC Explicit
08-04 13:54:38.717 26384 26396 I art     : Explicit concurrent mark sweep GC freed 1538(59KB) AllocSpace objects, 0(0B) LOS objects, 40% free, 20MB/34MB, paused 173us total 21.531ms
08-04 13:54:38.724 26384 26396 I art     : Starting a blocking GC Explicit
08-04 13:54:38.733 26384 26396 I art     : Explicit concurrent mark sweep GC freed 1219(58KB) AllocSpace objects, 0(0B) LOS objects, 40% free, 20MB/34MB, paused 112us total 8.758ms
08-04 13:54:38.762   918  5132 I ActivityManager: START u0 {cmp=baseline.io.github.project_travel_mate/.MainActivity} from uid 10650 on display 0
08-04 13:54:38.904 26384 26384 W Settings: Setting airplane_mode_on has moved from android.provider.Settings.System to android.provider.Settings.Global, returning read-only value.
08-04 13:54:38.921 26384 26384 V MainActivity: url=https://project-travel-mate.herokuapp.com/api/get-user
08-04 13:54:38.964 26384 26462 W LOTTIE  : Unknown mask mode mode. Defaulting to Add.
08-04 13:54:38.972 26384 26462 W LOTTIE  : You have 5 images. Lottie should primarily be used with shapes. If you are using Adobe Illustrator, convert the Illustrator layers to shape layers.
08-04 13:54:38.973 26384 26462 W LOTTIE  : Unknown mask mode mode. Defaulting to Add.
08-04 13:54:38.973 26384 26462 W LOTTIE  : Unknown mask mode mode. Defaulting to Add.
08-04 13:54:39.014 26384 26384 V CityFragment: url=https://project-travel-mate.herokuapp.com/api/get-all-cities/10
08-04 13:54:39.056 26384 26402 I art     : Starting a blocking GC Explicit
08-04 13:54:39.151 26384 26402 I art     : Explicit concurrent mark sweep GC freed 15166(1151KB) AllocSpace objects, 2(40KB) LOS objects, 40% free, 23MB/38MB, paused 1.149ms total 95.152ms
08-04 13:54:39.160 26384 26384 E RecyclerView: No adapter attached; skipping layout
08-04 13:54:39.172 26384 26402 I art     : Starting a blocking GC Explicit
08-04 13:54:39.192 26384 26402 I art     : Explicit concurrent mark sweep GC freed 920(141KB) AllocSpace objects, 0(0B) LOS objects, 40% free, 23MB/38MB, paused 434us total 20.281ms
08-04 13:54:39.202 26384 26402 I art     : Starting a blocking GC Explicit
08-04 13:54:39.215 26384 26402 I art     : Explicit concurrent mark sweep GC freed 2660(104KB) AllocSpace objects, 0(0B) LOS objects, 40% free, 23MB/38MB, paused 421us total 12.426ms
08-04 13:54:39.222 26384 26402 I art     : Starting a blocking GC Explicit
08-04 13:54:39.237 26384 26402 I art     : Explicit concurrent mark sweep GC freed 2076(86KB) AllocSpace objects, 0(0B) LOS objects, 36% free, 27MB/43MB, paused 408us total 14.204ms
08-04 13:54:39.245 26384 26402 I art     : Starting a blocking GC Explicit
08-04 13:54:39.260 26384 26402 I art     : Explicit concurrent mark sweep GC freed 79(4KB) AllocSpace objects, 0(0B) LOS objects, 36% free, 27MB/43MB, paused 610us total 14.330ms
08-04 13:54:39.326 26384 26384 V MainActivity: url = https://project-travel-mate.herokuapp.com/api/number-of-unread-notifications
08-04 13:54:39.327   918   936 I ActivityManager: Displayed baseline.io.github.project_travel_mate/.MainActivity: +557ms
08-04 13:54:39.351 13866 13866 I GoogleInputMethodServic: GoogleInputMethodService.onFinishInput():3138 
08-04 13:54:39.351 13866 13866 I GoogleInputMethodServic: GoogleInputMethodService.onStartInput():1808 
08-04 13:54:39.353 26384 26384 E RecyclerView: No adapter attached; skipping layout
08-04 13:54:39.523 26384 26461 I NAPPA_EXPERIMENTATION: MetricNetworkRequestExecutionTime: REQUEST_DURATION_SYSTEM='583',REQUEST_DURATION_OKHTTP='38',REQUEST_SYNCHRONOUS='FALSE',RESPONSE_CODE='200',RESPONSE_METHOD='GET',RESPONSE_LENGTH_OKHTTP='185',RESPONSE_LENGTH_HEADER='185',REQUEST_PROTOCOL='http/1.1',REQUEST_URL='https://project-travel-mate.herokuapp.com/api/get-user',
08-04 13:54:39.538 26384 26465 I NAPPA_EXPERIMENTATION: MetricNetworkRequestExecutionTime: REQUEST_DURATION_SYSTEM='523',REQUEST_DURATION_OKHTTP='51',REQUEST_SYNCHRONOUS='FALSE',RESPONSE_CODE='200',RESPONSE_METHOD='GET',RESPONSE_LENGTH_OKHTTP='1588',RESPONSE_LENGTH_HEADER='1588',REQUEST_PROTOCOL='http/1.1',REQUEST_URL='https://project-travel-mate.herokuapp.com/api/get-all-cities/10',
08-04 13:54:39.541 26384 26384 V CityFragment: result=[{"id":1,"city_name":"Delhi","facts_count":6,"image":"https://upload.wikimedia.org/wikipedia/commons/9/94/%E0%B4%96%E0%B5%81%E0%B4%A4%E0%B5%8D%E0%B4%AC%E0%B5%8D_%E0%B4%AE%E0%B4%BF%E0%B4%A8%E0%B4%BE%E0%B5%BC1.jpg","visit_count":18186},{"id":2,"city_name":"Mumbai","facts_count":0,"image":"https://static1.squarespace.com/static/55917ae2e4b0984fc8c264c4/t/5ad7a037758d464041bfba27/1524102624280/Victoria_Mumbai.jpg","visit_count":6022},{"id":3,"city_name":"Bangalore","facts_count":0,"image":null,"visit_count":5536},{"id":8,"city_name":"Pune","facts_count":0,"image":"https://www.zricks.com/ImagesPostProject/47929//6557d975-20a9-4c6c-a776-8072a1936a76.jpg","visit_count":3324},{"id":4,"city_name":"Chennai","facts_count":0,"image":"http://lh3.ggpht.com/_YLb7tJ8RoAk/SfazBLdgf3I/AAAAAAAANEg/p52_Zz_URxg/s640/Picture%20009.jpg","visit_count":3061},{"id":5,"city_name":"Kolkata","facts_count":0,"image":"https://i.pinimg.com/originals/05/ec/42/05ec42c545b494d12cc612923483b4f0.jpg","visit_count":2211},{"id":9,"city_name":"Jaipur","facts_count":1,"image":"https://www.trodly.com/pictures/attraction/1943.jpg","visit_count":2007},{"id":6,"city_name":"Hyderabad","facts_count":0,"image":"https://i1.trekearth.com/photos/59194/charminar_020_sm.jpg","visit_count":1633},{"id":150,"city_name":"Panjim","facts_count":0,"image":"http://www.nomad4ever.com/wp-content/uploads/2009/04/palm-trees-at-baga-creek-north-goa1.jpg","visit_count":1488},{"id":7,"city_name":"Ahmedabad","facts_count":0,"image":"https://i.pinimg.com/originals/a5/ed/29/a5ed293271669a61f47059f7b0d9cf2c.jpg","visit_count":1115}]
08-04 13:54:39.555 26384 26396 I art     : Starting a blocking GC Explicit
08-04 13:54:39.576   380   380 W SurfaceFlinger: couldn't log to binary event log: overflow.
08-04 13:54:39.590 26384 26396 I art     : Explicit concurrent mark sweep GC freed 8520(532KB) AllocSpace objects, 7(420KB) LOS objects, 36% free, 28MB/44MB, paused 494us total 34.056ms
08-04 13:54:39.591 26384 26384 D CityFragment: get cities cities size = 10
08-04 13:54:39.600 26384 26396 I art     : Starting a blocking GC Explicit
08-04 13:54:39.615 26384 26396 I art     : Explicit concurrent mark sweep GC freed 2612(291KB) AllocSpace objects, 1(20KB) LOS objects, 34% free, 30MB/46MB, paused 355us total 14.102ms
08-04 13:54:39.623 26384 26396 I art     : Starting a blocking GC Explicit
08-04 13:54:39.637 26384 26396 I art     : Explicit concurrent mark sweep GC freed 195(11KB) AllocSpace objects, 0(0B) LOS objects, 34% free, 30MB/46MB, paused 395us total 13.716ms
08-04 13:54:39.645 26384 26396 I art     : Starting a blocking GC Explicit
08-04 13:54:39.660 26384 26396 I art     : Explicit concurrent mark sweep GC freed 451(32KB) AllocSpace objects, 0(0B) LOS objects, 34% free, 30MB/46MB, paused 511us total 14.963ms
08-04 13:54:39.668 26384 26396 I art     : Starting a blocking GC Explicit
08-04 13:54:39.684 26384 26396 I art     : Explicit concurrent mark sweep GC freed 380(26KB) AllocSpace objects, 0(0B) LOS objects, 34% free, 30MB/46MB, paused 432us total 15.502ms
08-04 13:54:39.773 26384 26467 I NAPPA_EXPERIMENTATION: MetricNetworkRequestExecutionTime: REQUEST_DURATION_SYSTEM='447',REQUEST_DURATION_OKHTTP='59',REQUEST_SYNCHRONOUS='FALSE',RESPONSE_CODE='200',RESPONSE_METHOD='GET',RESPONSE_LENGTH_OKHTTP='36',RESPONSE_LENGTH_HEADER='36',REQUEST_PROTOCOL='http/1.1',REQUEST_URL='https://project-travel-mate.herokuapp.com/api/number-of-unread-notifications',
08-04 13:54:39.940 26384 26402 I art     : Starting a blocking GC Explicit
08-04 13:54:39.962 26384 26402 I art     : Explicit concurrent mark sweep GC freed 16462(1421KB) AllocSpace objects, 14(4MB) LOS objects, 34% free, 29MB/45MB, paused 713us total 21.447ms
08-04 13:54:39.971 26384 26402 I art     : Starting a blocking GC Explicit
08-04 13:54:39.987 26384 26402 I art     : Explicit concurrent mark sweep GC freed 11048(598KB) AllocSpace objects, 2(88KB) LOS objects, 35% free, 29MB/45MB, paused 380us total 16.172ms
08-04 13:54:39.995 26384 26402 I art     : Starting a blocking GC Explicit
08-04 13:54:40.010 26384 26402 I art     : Explicit concurrent mark sweep GC freed 1060(45KB) AllocSpace objects, 0(0B) LOS objects, 35% free, 29MB/45MB, paused 420us total 15.062ms
08-04 13:54:40.018 26384 26402 I art     : Starting a blocking GC Explicit
08-04 13:54:40.035 26384 26402 I art     : Explicit concurrent mark sweep GC freed 1046(41KB) AllocSpace objects, 0(0B) LOS objects, 35% free, 29MB/45MB, paused 324us total 16.722ms
08-04 13:54:40.044 26384 26402 I art     : Starting a blocking GC Explicit
08-04 13:54:40.059 26384 26402 I art     : Explicit concurrent mark sweep GC freed 283(51KB) AllocSpace objects, 0(0B) LOS objects, 34% free, 30MB/46MB, paused 381us total 15.774ms
08-04 13:54:40.359 26384 26402 I art     : Starting a blocking GC Explicit
08-04 13:54:40.380 26384 26402 I art     : Explicit concurrent mark sweep GC freed 9337(1104KB) AllocSpace objects, 19(1820KB) LOS objects, 32% free, 32MB/48MB, paused 348us total 20.344ms
08-04 13:54:40.389 26384 26402 I art     : Starting a blocking GC Explicit
08-04 13:54:40.408 26384 26402 I art     : Explicit concurrent mark sweep GC freed 698(29KB) AllocSpace objects, 0(0B) LOS objects, 32% free, 32MB/48MB, paused 524us total 18.916ms
08-04 13:54:40.416 26384 26402 I art     : Starting a blocking GC Explicit
08-04 13:54:40.434 26384 26402 I art     : Explicit concurrent mark sweep GC freed 636(25KB) AllocSpace objects, 0(0B) LOS objects, 32% free, 32MB/48MB, paused 437us total 17.723ms
08-04 13:54:40.444 26384 26402 I art     : Starting a blocking GC Explicit
08-04 13:54:40.462 26384 26402 I art     : Explicit concurrent mark sweep GC freed 1114(41KB) AllocSpace objects, 0(0B) LOS objects, 32% free, 32MB/48MB, paused 395us total 17.863ms
08-04 13:54:40.470 26384 26402 I art     : Starting a blocking GC Explicit
08-04 13:54:40.485 26384 26402 I art     : Explicit concurrent mark sweep GC freed 202(65KB) AllocSpace objects, 0(0B) LOS objects, 32% free, 33MB/49MB, paused 236us total 15.122ms
08-04 13:54:40.816 26384 26396 I art     : Starting a blocking GC Explicit
08-04 13:54:40.837 26384 26396 I art     : Explicit concurrent mark sweep GC freed 2527(190KB) AllocSpace objects, 7(1388KB) LOS objects, 32% free, 32MB/48MB, paused 268us total 21.100ms
08-04 13:54:40.847 26384 26396 I art     : Starting a blocking GC Explicit
08-04 13:54:40.863 26384 26396 I art     : Explicit concurrent mark sweep GC freed 111(3KB) AllocSpace objects, 0(0B) LOS objects, 32% free, 32MB/48MB, paused 320us total 16.250ms
08-04 13:54:40.872 26384 26396 I art     : Starting a blocking GC Explicit
08-04 13:54:40.888 26384 26396 I art     : Explicit concurrent mark sweep GC freed 29(560B) AllocSpace objects, 0(0B) LOS objects, 32% free, 32MB/48MB, paused 258us total 15.762ms
08-04 13:54:40.897 26384 26396 I art     : Starting a blocking GC Explicit
08-04 13:54:40.915 26384 26396 I art     : Explicit concurrent mark sweep GC freed 51(896B) AllocSpace objects, 0(0B) LOS objects, 32% free, 32MB/48MB, paused 259us total 17.763ms
08-04 13:54:40.924 26384 26396 I art     : Starting a blocking GC Explicit
08-04 13:54:40.941 26384 26396 I art     : Explicit concurrent mark sweep GC freed 34(784B) AllocSpace objects, 0(0B) LOS objects, 32% free, 32MB/48MB, paused 236us total 16.743ms
08-04 13:54:41.304 26384 26395 I art     : Starting a blocking GC Explicit
08-04 13:54:41.325 26384 26395 I art     : Explicit concurrent mark sweep GC freed 1984(92KB) AllocSpace objects, 2(40KB) LOS objects, 32% free, 32MB/48MB, paused 263us total 20.249ms
08-04 13:54:41.337 26384 26395 I art     : Starting a blocking GC Explicit
08-04 13:54:41.354 26384 26395 I art     : Explicit concurrent mark sweep GC freed 70(1584B) AllocSpace objects, 0(0B) LOS objects, 32% free, 32MB/48MB, paused 252us total 17.080ms
08-04 13:54:41.363 26384 26395 I art     : Starting a blocking GC Explicit
08-04 13:54:41.380 26384 26395 I art     : Explicit concurrent mark sweep GC freed 50(864B) AllocSpace objects, 0(0B) LOS objects, 32% free, 32MB/48MB, paused 236us total 16.758ms
08-04 13:54:41.388 26384 26395 I art     : Starting a blocking GC Explicit
08-04 13:54:41.405 26384 26395 I art     : Explicit concurrent mark sweep GC freed 28(528B) AllocSpace objects, 0(0B) LOS objects, 32% free, 32MB/48MB, paused 255us total 16.864ms
08-04 13:54:41.414 26384 26395 I art     : Starting a blocking GC Explicit
08-04 13:54:41.431 26384 26395 I art     : Explicit concurrent mark sweep GC freed 38(672B) AllocSpace objects, 0(0B) LOS objects, 32% free, 32MB/48MB, paused 274us total 17.199ms
08-04 13:54:41.785 26384 26402 I art     : Starting a blocking GC Explicit
08-04 13:54:41.810 26384 26402 I art     : Explicit concurrent mark sweep GC freed 1964(91KB) AllocSpace objects, 2(40KB) LOS objects, 32% free, 32MB/48MB, paused 262us total 24.270ms
08-04 13:54:41.821 26384 26402 I art     : Starting a blocking GC Explicit
08-04 13:54:41.840 26384 26402 I art     : Explicit concurrent mark sweep GC freed 70(1584B) AllocSpace objects, 0(0B) LOS objects, 32% free, 32MB/48MB, paused 263us total 18.191ms
08-04 13:54:41.849 26384 26402 I art     : Starting a blocking GC Explicit
08-04 13:54:41.867 26384 26402 I art     : Explicit concurrent mark sweep GC freed 51(896B) AllocSpace objects, 0(0B) LOS objects, 32% free, 32MB/48MB, paused 269us total 17.340ms
08-04 13:54:41.876 26384 26402 I art     : Starting a blocking GC Explicit
08-04 13:54:41.893 26384 26402 I art     : Explicit concurrent mark sweep GC freed 27(496B) AllocSpace objects, 0(0B) LOS objects, 32% free, 32MB/48MB, paused 251us total 17.490ms
08-04 13:54:41.902 26384 26402 I art     : Starting a blocking GC Explicit
08-04 13:54:41.920 26384 26402 I art     : Explicit concurrent mark sweep GC freed 51(896B) AllocSpace objects, 0(0B) LOS objects, 32% free, 32MB/48MB, paused 258us total 17.763ms
08-04 13:54:42.273 26384 26396 I art     : Starting a blocking GC Explicit
08-04 13:54:42.289 26384 26396 I art     : Explicit concurrent mark sweep GC freed 1951(91KB) AllocSpace objects, 2(40KB) LOS objects, 32% free, 32MB/48MB, paused 233us total 16.192ms
08-04 13:54:42.298 26384 26396 I art     : Starting a blocking GC Explicit
08-04 13:54:42.313 26384 26396 I art     : Explicit concurrent mark sweep GC freed 71(1616B) AllocSpace objects, 0(0B) LOS objects, 32% free, 32MB/48MB, paused 226us total 15.675ms
08-04 13:54:42.323 26384 26396 I art     : Starting a blocking GC Explicit
08-04 13:54:42.337 26384 26396 I art     : Explicit concurrent mark sweep GC freed 27(496B) AllocSpace objects, 0(0B) LOS objects, 32% free, 32MB/48MB, paused 224us total 14.402ms
08-04 13:54:42.345 26384 26396 I art     : Starting a blocking GC Explicit
08-04 13:54:42.360 26384 26396 I art     : Explicit concurrent mark sweep GC freed 26(464B) AllocSpace objects, 0(0B) LOS objects, 32% free, 32MB/48MB, paused 226us total 15.100ms
08-04 13:54:42.369 26384 26396 I art     : Starting a blocking GC Explicit
08-04 13:54:42.385 26384 26396 I art     : Explicit concurrent mark sweep GC freed 52(928B) AllocSpace objects, 0(0B) LOS objects, 32% free, 32MB/48MB, paused 237us total 15.791ms
08-04 13:54:42.778 26384 26395 I art     : Starting a blocking GC Explicit
08-04 13:54:42.800 26384 26395 I art     : Explicit concurrent mark sweep GC freed 2022(92KB) AllocSpace objects, 2(40KB) LOS objects, 32% free, 32MB/48MB, paused 263us total 21.373ms
08-04 13:54:42.809 26384 26395 I art     : Starting a blocking GC Explicit
08-04 13:54:42.817   918 13198 D NetlinkSocketObserver: NeighborEvent{elapsedMs=1695886691, 192.168.2.254, [7C3953A63323], RTM_NEWNEIGH, NUD_PROBE}
08-04 13:54:42.827 26384 26395 I art     : Explicit concurrent mark sweep GC freed 46(1184B) AllocSpace objects, 0(0B) LOS objects, 32% free, 32MB/48MB, paused 237us total 17.802ms
08-04 13:54:42.836 26384 26395 I art     : Starting a blocking GC Explicit
08-04 13:54:42.853 26384 26395 I art     : Explicit concurrent mark sweep GC freed 51(896B) AllocSpace objects, 0(0B) LOS objects, 32% free, 32MB/48MB, paused 250us total 16.850ms
08-04 13:54:42.863 26384 26395 I art     : Starting a blocking GC Explicit
08-04 13:54:42.878 26384 26395 I art     : Explicit concurrent mark sweep GC freed 27(496B) AllocSpace objects, 0(0B) LOS objects, 32% free, 32MB/48MB, paused 253us total 15.144ms
08-04 13:54:42.886 26384 26395 I art     : Starting a blocking GC Explicit
08-04 13:54:42.902 26384 26395 I art     : Explicit concurrent mark sweep GC freed 51(896B) AllocSpace objects, 0(0B) LOS objects, 32% free, 32MB/48MB, paused 232us total 15.192ms
08-04 13:54:43.219 26384 26402 I art     : Starting a blocking GC Explicit
08-04 13:54:43.240 26384 26402 I art     : Explicit concurrent mark sweep GC freed 1902(90KB) AllocSpace objects, 2(40KB) LOS objects, 32% free, 32MB/48MB, paused 254us total 21.150ms
08-04 13:54:43.253 26384 26402 I art     : Starting a blocking GC Explicit
08-04 13:54:43.268 26384 26402 I art     : Explicit concurrent mark sweep GC freed 70(1584B) AllocSpace objects, 0(0B) LOS objects, 32% free, 32MB/48MB, paused 221us total 14.323ms
08-04 13:54:43.275 26384 26402 I art     : Starting a blocking GC Explicit
08-04 13:54:43.289 26384 26402 I art     : Explicit concurrent mark sweep GC freed 27(496B) AllocSpace objects, 0(0B) LOS objects, 32% free, 32MB/48MB, paused 223us total 13.942ms
08-04 13:54:43.297 26384 26402 I art     : Starting a blocking GC Explicit
08-04 13:54:43.313 26384 26402 I art     : Explicit concurrent mark sweep GC freed 27(496B) AllocSpace objects, 0(0B) LOS objects, 32% free, 32MB/48MB, paused 258us total 15.084ms
08-04 13:54:43.321 26384 26402 I art     : Starting a blocking GC Explicit
08-04 13:54:43.336 26384 26402 I art     : Explicit concurrent mark sweep GC freed 51(896B) AllocSpace objects, 0(0B) LOS objects, 32% free, 32MB/48MB, paused 238us total 14.919ms
08-04 13:54:43.677 26384 26396 I art     : Starting a blocking GC Explicit
08-04 13:54:43.696 26384 26396 I art     : Explicit concurrent mark sweep GC freed 1926(91KB) AllocSpace objects, 2(40KB) LOS objects, 32% free, 32MB/48MB, paused 253us total 17.986ms
08-04 13:54:43.704 26384 26396 I art     : Starting a blocking GC Explicit
08-04 13:54:43.722 26384 26396 I art     : Explicit concurrent mark sweep GC freed 70(1584B) AllocSpace objects, 0(0B) LOS objects, 32% free, 32MB/48MB, paused 249us total 16.913ms
08-04 13:54:43.730 26384 26396 I art     : Starting a blocking GC Explicit
08-04 13:54:43.749 26384 26396 I art     : Explicit concurrent mark sweep GC freed 44(752B) AllocSpace objects, 0(0B) LOS objects, 32% free, 32MB/48MB, paused 300us total 18.237ms
08-04 13:54:43.758 26384 26396 I art     : Starting a blocking GC Explicit
08-04 13:54:43.775 26384 26396 I art     : Explicit concurrent mark sweep GC freed 34(640B) AllocSpace objects, 0(0B) LOS objects, 32% free, 32MB/48MB, paused 247us total 17.183ms
08-04 13:54:43.784 26384 26396 I art     : Starting a blocking GC Explicit
08-04 13:54:43.801 26384 26396 I art     : Explicit concurrent mark sweep GC freed 51(896B) AllocSpace objects, 0(0B) LOS objects, 32% free, 32MB/48MB, paused 249us total 17.133ms
08-04 13:54:44.145 26384 26395 I art     : Starting a blocking GC Explicit
08-04 13:54:44.169 26384 26395 I art     : Explicit concurrent mark sweep GC freed 1947(91KB) AllocSpace objects, 2(40KB) LOS objects, 32% free, 32MB/48MB, paused 288us total 23.403ms
08-04 13:54:44.178 26384 26395 I art     : Starting a blocking GC Explicit
08-04 13:54:44.196 26384 26395 I art     : Explicit concurrent mark sweep GC freed 49(1248B) AllocSpace objects, 0(0B) LOS objects, 32% free, 32MB/48MB, paused 242us total 18.085ms
08-04 13:54:44.205 26384 26395 I art     : Starting a blocking GC Explicit
08-04 13:54:44.223 26384 26395 I art     : Explicit concurrent mark sweep GC freed 51(896B) AllocSpace objects, 0(0B) LOS objects, 32% free, 32MB/48MB, paused 250us total 17.634ms
08-04 13:54:44.232 26384 26395 I art     : Starting a blocking GC Explicit
08-04 13:54:44.251 26384 26395 I art     : Explicit concurrent mark sweep GC freed 41(704B) AllocSpace objects, 0(0B) LOS objects, 32% free, 32MB/48MB, paused 283us total 18.799ms
08-04 13:54:44.260 26384 26395 I art     : Starting a blocking GC Explicit
08-04 13:54:44.278 26384 26395 I art     : Explicit concurrent mark sweep GC freed 37(688B) AllocSpace objects, 0(0B) LOS objects, 32% free, 32MB/48MB, paused 248us total 17.278ms
08-04 13:54:44.629 26384 26402 I art     : Starting a blocking GC Explicit
08-04 13:54:44.654 26384 26402 I art     : Explicit concurrent mark sweep GC freed 1975(91KB) AllocSpace objects, 2(40KB) LOS objects, 32% free, 32MB/48MB, paused 331us total 24.412ms
08-04 13:54:44.668 26384 26402 I art     : Starting a blocking GC Explicit
08-04 13:54:44.686 26384 26402 I art     : Explicit concurrent mark sweep GC freed 69(1552B) AllocSpace objects, 0(0B) LOS objects, 32% free, 32MB/48MB, paused 246us total 17.687ms
08-04 13:54:44.695 26384 26402 I art     : Starting a blocking GC Explicit
08-04 13:54:44.712 26384 26402 I art     : Explicit concurrent mark sweep GC freed 28(528B) AllocSpace objects, 0(0B) LOS objects, 32% free, 32MB/48MB, paused 244us total 17.227ms
08-04 13:54:44.721 26384 26402 I art     : Starting a blocking GC Explicit
08-04 13:54:44.739 26384 26402 I art     : Explicit concurrent mark sweep GC freed 51(896B) AllocSpace objects, 0(0B) LOS objects, 32% free, 32MB/48MB, paused 261us total 17.340ms
08-04 13:54:44.747 26384 26402 I art     : Starting a blocking GC Explicit
08-04 13:54:44.765 26384 26402 I art     : Explicit concurrent mark sweep GC freed 27(496B) AllocSpace objects, 0(0B) LOS objects, 32% free, 32MB/48MB, paused 257us total 17.172ms
08-04 13:54:44.898 26337 26337 I ServiceManager: Waiting for service AtCmdFwd...
08-04 13:54:45.105 26384 26396 I art     : Starting a blocking GC Explicit
08-04 13:54:45.124 26384 26396 I art     : Explicit concurrent mark sweep GC freed 1951(91KB) AllocSpace objects, 2(40KB) LOS objects, 32% free, 32MB/48MB, paused 251us total 18.982ms
08-04 13:54:45.134 26384 26396 I art     : Starting a blocking GC Explicit
08-04 13:54:45.151 26384 26396 I art     : Explicit concurrent mark sweep GC freed 70(1584B) AllocSpace objects, 0(0B) LOS objects, 32% free, 32MB/48MB, paused 239us total 17.304ms
08-04 13:54:45.160 26384 26396 I art     : Starting a blocking GC Explicit
08-04 13:54:45.177 26384 26396 I art     : Explicit concurrent mark sweep GC freed 27(496B) AllocSpace objects, 0(0B) LOS objects, 32% free, 32MB/48MB, paused 240us total 16.669ms
08-04 13:54:45.186 26384 26396 I art     : Starting a blocking GC Explicit
08-04 13:54:45.202 26384 26396 I art     : Explicit concurrent mark sweep GC freed 51(896B) AllocSpace objects, 0(0B) LOS objects, 32% free, 32MB/48MB, paused 244us total 16.662ms
08-04 13:54:45.211 26384 26396 I art     : Starting a blocking GC Explicit
08-04 13:54:45.227 26384 26396 I art     : Explicit concurrent mark sweep GC freed 27(496B) AllocSpace objects, 0(0B) LOS objects, 32% free, 32MB/48MB, paused 232us total 16.162ms
08-04 13:54:45.506 26384 26395 I art     : Starting a blocking GC Explicit
08-04 13:54:45.525 26384 26395 I art     : Explicit concurrent mark sweep GC freed 1856(90KB) AllocSpace objects, 2(40KB) LOS objects, 32% free, 32MB/48MB, paused 308us total 18.300ms
08-04 13:54:45.533 26620 26620 D AndroidRuntime: >>>>>> START com.android.internal.os.RuntimeInit uid 2000 <<<<<<
08-04 13:54:45.534 26384 26395 I art     : Starting a blocking GC Explicit
08-04 13:54:45.537 26620 26620 D AndroidRuntime: CheckJNI is OFF
08-04 13:54:45.551 26384 26395 I art     : Explicit concurrent mark sweep GC freed 70(1584B) AllocSpace objects, 0(0B) LOS objects, 32% free, 32MB/48MB, paused 250us total 16.645ms
08-04 13:54:45.559 26384 26395 I art     : Starting a blocking GC Explicit
08-04 13:54:45.565 26620 26620 D ICU     : No timezone override file found: /data/misc/zoneinfo/current/icu/icu_tzdata.dat
08-04 13:54:45.577 26384 26395 I art     : Explicit concurrent mark sweep GC freed 27(496B) AllocSpace objects, 0(0B) LOS objects, 32% free, 32MB/48MB, paused 295us total 16.915ms
08-04 13:54:45.585 26384 26395 I art     : Starting a blocking GC Explicit
08-04 13:54:45.591 26620 26620 I Radio-JNI: register_android_hardware_Radio DONE
08-04 13:54:45.601 26384 26395 I art     : Explicit concurrent mark sweep GC freed 41(720B) AllocSpace objects, 0(0B) LOS objects, 32% free, 32MB/48MB, paused 373us total 15.689ms
08-04 13:54:45.606 26620 26620 D AndroidRuntime: Calling main entry com.android.commands.input.Input
08-04 13:54:45.608 26620 26620 I Input   : injectMotionEvent: MotionEvent { action=ACTION_DOWN, actionButton=0, id[0]=0, x[0]=346.0, y[0]=709.0, toolType[0]=TOOL_TYPE_UNKNOWN, buttonState=0, metaState=0, flags=0x0, edgeFlags=0x0, pointerCount=1, historySize=0, eventTime=712502021, downTime=712502021, deviceId=0, source=0x1002 }
08-04 13:54:45.609 26384 26395 I art     : Starting a blocking GC Explicit
08-04 13:54:45.614 26620 26620 I Input   : injectMotionEvent: MotionEvent { action=ACTION_UP, actionButton=0, id[0]=0, x[0]=346.0, y[0]=709.0, toolType[0]=TOOL_TYPE_UNKNOWN, buttonState=0, metaState=0, flags=0x0, edgeFlags=0x0, pointerCount=1, historySize=0, eventTime=712502021, downTime=712502021, deviceId=0, source=0x1002 }
08-04 13:54:45.623   918  3359 I ActivityManager: START u0 {cmp=baseline.io.github.project_travel_mate/.destinations.description.FinalCityInfoActivity (has extras)} from uid 10650 on display 0
08-04 13:54:45.627 26384 26395 I art     : Explicit concurrent mark sweep GC freed 1172(180KB) AllocSpace objects, 0(0B) LOS objects, 32% free, 32MB/48MB, paused 386us total 17.687ms
08-04 13:54:45.629 26620 26620 D AndroidRuntime: Shutting down VM
08-04 13:54:45.649 26384 26462 D Gabe    : call	returning from cache
08-04 13:54:45.683 26384 26384 V EXECUTING: https://project-travel-mate.herokuapp.com/api/get-city-weather/1
08-04 13:54:45.807   918   936 I ActivityManager: Displayed baseline.io.github.project_travel_mate/.destinations.description.FinalCityInfoActivity: +177ms
08-04 13:54:45.807 13866 13866 I GoogleInputMethodServic: GoogleInputMethodService.onFinishInput():3138 
08-04 13:54:45.808 13866 13866 I GoogleInputMethodServic: GoogleInputMethodService.onStartInput():1808 
08-04 13:54:45.876 26384 26402 I art     : Starting a blocking GC Explicit
08-04 13:54:45.896 26384 26402 I art     : Explicit concurrent mark sweep GC freed 9103(499KB) AllocSpace objects, 2(40KB) LOS objects, 29% free, 37MB/53MB, paused 295us total 19.343ms
08-04 13:54:45.899 26337 26337 I ServiceManager: Waiting for service AtCmdFwd...
08-04 13:54:45.905 26384 26402 I art     : Starting a blocking GC Explicit
08-04 13:54:45.922 26384 26402 I art     : Explicit concurrent mark sweep GC freed 637(30KB) AllocSpace objects, 0(0B) LOS objects, 29% free, 37MB/53MB, paused 319us total 17.474ms
08-04 13:54:45.931 26384 26402 I art     : Starting a blocking GC Explicit
08-04 13:54:45.949 26384 26402 I art     : Explicit concurrent mark sweep GC freed 54(944B) AllocSpace objects, 0(0B) LOS objects, 29% free, 37MB/53MB, paused 355us total 17.370ms
08-04 13:54:45.959 26384 26402 I art     : Starting a blocking GC Explicit
08-04 13:54:45.978 26384 26402 I art     : Explicit concurrent mark sweep GC freed 96(1648B) AllocSpace objects, 0(0B) LOS objects, 29% free, 37MB/53MB, paused 311us total 19.432ms
08-04 13:54:45.987 26384 26402 I art     : Starting a blocking GC Explicit
08-04 13:54:46.008 26384 26402 I art     : Explicit concurrent mark sweep GC freed 99(1696B) AllocSpace objects, 0(0B) LOS objects, 29% free, 37MB/53MB, paused 349us total 20.207ms
08-04 13:54:46.049   380   380 W SurfaceFlinger: couldn't log to binary event log: overflow.
08-04 13:54:46.288 26384 26402 I art     : Starting a blocking GC Explicit
08-04 13:54:46.307 26384 26402 I art     : Explicit concurrent mark sweep GC freed 2220(104KB) AllocSpace objects, 2(40KB) LOS objects, 29% free, 37MB/53MB, paused 343us total 18.469ms
08-04 13:54:46.316 26384 26402 I art     : Starting a blocking GC Explicit
08-04 13:54:46.335 26384 26402 I art     : Explicit concurrent mark sweep GC freed 129(2608B) AllocSpace objects, 0(0B) LOS objects, 29% free, 37MB/53MB, paused 469us total 18.568ms
08-04 13:54:46.344 26384 26402 I art     : Starting a blocking GC Explicit
08-04 13:54:46.364 26384 26402 I art     : Explicit concurrent mark sweep GC freed 21(384B) AllocSpace objects, 0(0B) LOS objects, 29% free, 37MB/53MB, paused 634us total 19.524ms
08-04 13:54:46.373 26384 26402 I art     : Starting a blocking GC Explicit
08-04 13:54:46.392 26384 26402 I art     : Explicit concurrent mark sweep GC freed 103(1712B) AllocSpace objects, 0(0B) LOS objects, 29% free, 37MB/53MB, paused 427us total 18.457ms
08-04 13:54:46.401 26384 26402 I art     : Starting a blocking GC Explicit
08-04 13:54:46.419 26384 26402 I art     : Explicit concurrent mark sweep GC freed 99(1680B) AllocSpace objects, 0(0B) LOS objects, 29% free, 37MB/53MB, paused 469us total 17.742ms
08-04 13:54:46.563 26384 26645 I NAPPA_EXPERIMENTATION: MetricNetworkRequestExecutionTime: REQUEST_DURATION_SYSTEM='879',REQUEST_DURATION_OKHTTP='48',REQUEST_SYNCHRONOUS='FALSE',RESPONSE_CODE='200',RESPONSE_METHOD='GET',RESPONSE_LENGTH_OKHTTP='530',RESPONSE_LENGTH_HEADER='530',REQUEST_PROTOCOL='http/1.1',REQUEST_URL='https://project-travel-mate.herokuapp.com/api/get-city/1',
08-04 13:54:46.569 26384 26644 I NAPPA_EXPERIMENTATION: MetricNetworkRequestExecutionTime: REQUEST_DURATION_SYSTEM='886',REQUEST_DURATION_OKHTTP='51',REQUEST_SYNCHRONOUS='FALSE',RESPONSE_CODE='200',RESPONSE_METHOD='GET',RESPONSE_LENGTH_OKHTTP='238',RESPONSE_LENGTH_HEADER='238',REQUEST_PROTOCOL='http/1.1',REQUEST_URL='https://project-travel-mate.herokuapp.com/api/get-city-weather/1',
08-04 13:54:46.609 26384 26645 V Response: {"id":1,"city_name":"Delhi","description":"Delhi, officially the National Capital Territory of Delhi, is the Capital territory of India. During the British Raj, Delhi was part of the province of Punjab and is still historically and culturally connected to the Punjab region.","latitude":"28.613900","longitude":"77.209000","facts_count":6,"images":["https://upload.wikimedia.org/wikipedia/commons/9/94/%E0%B4%96%E0%B5%81%E0%B4%A4%E0%B5%8D%E0%B4%AC%E0%B5%8D_%E0%B4%AE%E0%B4%BF%E0%B4%A8%E0%B4%BE%E0%B5%BC1.jpg"],"has_visited":false}
08-04 13:54:46.686 26384 26402 I art     : Starting a blocking GC Explicit
08-04 13:54:46.706 26384 26402 I art     : Explicit concurrent mark sweep GC freed 8518(489KB) AllocSpace objects, 8(316KB) LOS objects, 28% free, 39MB/55MB, paused 438us total 19.242ms
08-04 13:54:46.714 26384 26402 I art     : Starting a blocking GC Explicit
08-04 13:54:46.733 26384 26402 I art     : Explicit concurrent mark sweep GC freed 2284(226KB) AllocSpace objects, 3(4MB) LOS objects, 31% free, 35MB/51MB, paused 379us total 18.962ms
08-04 13:54:46.743 26384 26402 I art     : Starting a blocking GC Explicit
08-04 13:54:46.759 26384 26402 I art     : Explicit concurrent mark sweep GC freed 260(20KB) AllocSpace objects, 2(88KB) LOS objects, 28% free, 39MB/55MB, paused 252us total 15.897ms
08-04 13:54:46.767 26384 26402 I art     : Starting a blocking GC Explicit
08-04 13:54:46.785 26384 26402 I art     : Explicit concurrent mark sweep GC freed 149(15KB) AllocSpace objects, 1(1204KB) LOS objects, 29% free, 38MB/54MB, paused 275us total 17.497ms
08-04 13:54:46.793 26384 26402 I art     : Starting a blocking GC Explicit
08-04 13:54:46.811 26384 26402 I art     : Explicit concurrent mark sweep GC freed 65(1440B) AllocSpace objects, 0(0B) LOS objects, 29% free, 38MB/54MB, paused 269us total 17.951ms
08-04 13:54:46.899 26337 26337 I ServiceManager: Waiting for service AtCmdFwd...
08-04 13:54:47.098 26384 26395 I art     : Starting a blocking GC Explicit
08-04 13:54:47.115 26384 26395 I art     : Explicit concurrent mark sweep GC freed 2277(98KB) AllocSpace objects, 2(40KB) LOS objects, 29% free, 38MB/54MB, paused 273us total 17.713ms
08-04 13:54:47.125 26384 26395 I art     : Starting a blocking GC Explicit
08-04 13:54:47.142 26384 26395 I art     : Explicit concurrent mark sweep GC freed 120(2528B) AllocSpace objects, 0(0B) LOS objects, 29% free, 38MB/54MB, paused 261us total 16.798ms
08-04 13:54:47.150 26384 26395 I art     : Starting a blocking GC Explicit
08-04 13:54:47.168 26384 26395 I art     : Explicit concurrent mark sweep GC freed 85(1424B) AllocSpace objects, 0(0B) LOS objects, 29% free, 38MB/54MB, paused 300us total 17.538ms
08-04 13:54:47.176 26384 26395 I art     : Starting a blocking GC Explicit
08-04 13:54:47.194 26384 26395 I art     : Explicit concurrent mark sweep GC freed 71(1568B) AllocSpace objects, 0(0B) LOS objects, 29% free, 38MB/54MB, paused 270us total 17.212ms
08-04 13:54:47.202 26384 26395 I art     : Starting a blocking GC Explicit
08-04 13:54:47.220 26384 26395 I art     : Explicit concurrent mark sweep GC freed 122(2656B) AllocSpace objects, 0(0B) LOS objects, 29% free, 38MB/54MB, paused 279us total 17.668ms
08-04 13:54:47.590 26384 26402 I art     : Starting a blocking GC Explicit
08-04 13:54:47.612 26384 26402 I art     : Explicit concurrent mark sweep GC freed 2532(101KB) AllocSpace objects, 2(40KB) LOS objects, 29% free, 38MB/54MB, paused 284us total 20.858ms
08-04 13:54:47.621 26384 26402 I art     : Starting a blocking GC Explicit
08-04 13:54:47.641 26384 26402 I art     : Explicit concurrent mark sweep GC freed 118(2384B) AllocSpace objects, 0(0B) LOS objects, 29% free, 38MB/54MB, paused 267us total 19.858ms
08-04 13:54:47.650 26384 26402 I art     : Starting a blocking GC Explicit
08-04 13:54:47.670 26384 26402 I art     : Explicit concurrent mark sweep GC freed 98(1664B) AllocSpace objects, 0(0B) LOS objects, 29% free, 38MB/54MB, paused 300us total 19.988ms
08-04 13:54:47.679 26384 26402 I art     : Starting a blocking GC Explicit
08-04 13:54:47.700 26384 26402 I art     : Explicit concurrent mark sweep GC freed 52(928B) AllocSpace objects, 0(0B) LOS objects, 29% free, 38MB/54MB, paused 277us total 20.377ms
08-04 13:54:47.709 26384 26402 I art     : Starting a blocking GC Explicit
08-04 13:54:47.729 26384 26402 I art     : Explicit concurrent mark sweep GC freed 99(1696B) AllocSpace objects, 0(0B) LOS objects, 29% free, 38MB/54MB, paused 286us total 19.456ms
08-04 13:54:47.900 26337 26337 I ServiceManager: Waiting for service AtCmdFwd...
08-04 13:54:48.100 26384 26395 I art     : Starting a blocking GC Explicit
08-04 13:54:48.124 26384 26395 I art     : Explicit concurrent mark sweep GC freed 2575(101KB) AllocSpace objects, 2(40KB) LOS objects, 29% free, 38MB/54MB, paused 316us total 23.664ms
08-04 13:54:48.134 26384 26395 I art     : Starting a blocking GC Explicit
08-04 13:54:48.153 26384 26395 I art     : Explicit concurrent mark sweep GC freed 119(2416B) AllocSpace objects, 0(0B) LOS objects, 29% free, 38MB/54MB, paused 261us total 19.444ms
08-04 13:54:48.162 26384 26395 I art     : Starting a blocking GC Explicit
08-04 13:54:48.182 26384 26395 I art     : Explicit concurrent mark sweep GC freed 51(896B) AllocSpace objects, 0(0B) LOS objects, 29% free, 38MB/54MB, paused 280us total 19.687ms
08-04 13:54:48.191 26384 26395 I art     : Starting a blocking GC Explicit
08-04 13:54:48.211 26384 26395 I art     : Explicit concurrent mark sweep GC freed 99(1696B) AllocSpace objects, 0(0B) LOS objects, 29% free, 38MB/54MB, paused 279us total 19.484ms
08-04 13:54:48.220 26384 26395 I art     : Starting a blocking GC Explicit
08-04 13:54:48.240 26384 26395 I art     : Explicit concurrent mark sweep GC freed 99(1696B) AllocSpace objects, 0(0B) LOS objects, 29% free, 38MB/54MB, paused 292us total 20.585ms
08-04 13:54:48.579 26384 26396 I art     : Starting a blocking GC Explicit
08-04 13:54:48.600 26384 26396 I art     : Explicit concurrent mark sweep GC freed 2432(99KB) AllocSpace objects, 2(40KB) LOS objects, 29% free, 38MB/54MB, paused 275us total 20.009ms
08-04 13:54:48.609 26384 26396 I art     : Starting a blocking GC Explicit
08-04 13:54:48.628 26384 26396 I art     : Explicit concurrent mark sweep GC freed 118(2384B) AllocSpace objects, 0(0B) LOS objects, 29% free, 38MB/54MB, paused 270us total 19.308ms
08-04 13:54:48.637 26384 26396 I art     : Starting a blocking GC Explicit
08-04 13:54:48.657 26384 26396 I art     : Explicit concurrent mark sweep GC freed 99(1696B) AllocSpace objects, 0(0B) LOS objects, 29% free, 38MB/54MB, paused 288us total 19.553ms
08-04 13:54:48.666 26384 26396 I art     : Starting a blocking GC Explicit
08-04 13:54:48.687 26384 26396 I art     : Explicit concurrent mark sweep GC freed 86(1456B) AllocSpace objects, 0(0B) LOS objects, 29% free, 38MB/54MB, paused 489us total 20.592ms
08-04 13:54:48.696 26384 26396 I art     : Starting a blocking GC Explicit
08-04 13:54:48.716 26384 26396 I art     : Explicit concurrent mark sweep GC freed 64(1136B) AllocSpace objects, 0(0B) LOS objects, 29% free, 38MB/54MB, paused 286us total 19.763ms
08-04 13:54:48.903 26337 26337 I ServiceManager: Waiting for service AtCmdFwd...
08-04 13:54:49.052 26384 26402 I art     : Starting a blocking GC Explicit
08-04 13:54:49.077 26384 26402 I art     : Explicit concurrent mark sweep GC freed 2479(100KB) AllocSpace objects, 2(40KB) LOS objects, 29% free, 38MB/54MB, paused 442us total 23.780ms
08-04 13:54:49.087 26384 26402 I art     : Starting a blocking GC Explicit
08-04 13:54:49.107 26384 26402 I art     : Explicit concurrent mark sweep GC freed 119(2416B) AllocSpace objects, 0(0B) LOS objects, 29% free, 38MB/54MB, paused 290us total 19.767ms
08-04 13:54:49.116 26384 26402 I art     : Starting a blocking GC Explicit
08-04 13:54:49.136 26384 26402 I art     : Explicit concurrent mark sweep GC freed 60(1040B) AllocSpace objects, 0(0B) LOS objects, 29% free, 38MB/54MB, paused 360us total 19.831ms
08-04 13:54:49.145 26384 26402 I art     : Starting a blocking GC Explicit
08-04 13:54:49.165 26384 26402 I art     : Explicit concurrent mark sweep GC freed 90(1552B) AllocSpace objects, 0(0B) LOS objects, 29% free, 38MB/54MB, paused 280us total 19.591ms
08-04 13:54:49.174 26384 26402 I art     : Starting a blocking GC Explicit
08-04 13:54:49.194 26384 26402 I art     : Explicit concurrent mark sweep GC freed 99(1696B) AllocSpace objects, 0(0B) LOS objects, 29% free, 38MB/54MB, paused 284us total 20.441ms
08-04 13:54:49.518 26384 26395 I art     : Starting a blocking GC Explicit
08-04 13:54:49.541 26384 26395 I art     : Explicit concurrent mark sweep GC freed 2432(99KB) AllocSpace objects, 2(40KB) LOS objects, 29% free, 38MB/54MB, paused 278us total 22.473ms
08-04 13:54:49.554 26384 26395 I art     : Starting a blocking GC Explicit
08-04 13:54:49.574 26384 26395 I art     : Explicit concurrent mark sweep GC freed 118(2384B) AllocSpace objects, 0(0B) LOS objects, 29% free, 38MB/54MB, paused 277us total 19.756ms
08-04 13:54:49.583 26384 26395 I art     : Starting a blocking GC Explicit
08-04 13:54:49.603 26384 26395 I art     : Explicit concurrent mark sweep GC freed 51(896B) AllocSpace objects, 0(0B) LOS objects, 29% free, 38MB/54MB, paused 312us total 19.404ms
08-04 13:54:49.612 26384 26395 I art     : Starting a blocking GC Explicit
08-04 13:54:49.631 26384 26395 I art     : Explicit concurrent mark sweep GC freed 99(1696B) AllocSpace objects, 0(0B) LOS objects, 29% free, 38MB/54MB, paused 266us total 18.981ms
08-04 13:54:49.640 26384 26395 I art     : Starting a blocking GC Explicit
08-04 13:54:49.660 26384 26395 I art     : Explicit concurrent mark sweep GC freed 99(1696B) AllocSpace objects, 0(0B) LOS objects, 29% free, 38MB/54MB, paused 278us total 20.363ms
08-04 13:54:49.903 26337 26337 W Atfwd_Sendcmd: AtCmdFwd service not published, waiting... retryCnt : 4
08-04 13:54:49.986 26384 26396 I art     : Starting a blocking GC Explicit
08-04 13:54:50.008 26384 26396 I art     : Explicit concurrent mark sweep GC freed 2431(99KB) AllocSpace objects, 2(40KB) LOS objects, 29% free, 38MB/54MB, paused 367us total 21.861ms
08-04 13:54:50.018 26384 26396 I art     : Starting a blocking GC Explicit
08-04 13:54:50.037 26384 26396 I art     : Explicit concurrent mark sweep GC freed 86(1856B) AllocSpace objects, 0(0B) LOS objects, 29% free, 38MB/54MB, paused 318us total 18.202ms
08-04 13:54:50.045 26384 26396 I art     : Starting a blocking GC Explicit
08-04 13:54:50.063 26384 26396 I art     : Explicit concurrent mark sweep GC freed 84(1456B) AllocSpace objects, 0(0B) LOS objects, 29% free, 38MB/54MB, paused 268us total 17.780ms
08-04 13:54:50.073 26384 26396 I art     : Starting a blocking GC Explicit
08-04 13:54:50.092 26384 26396 I art     : Explicit concurrent mark sweep GC freed 99(1696B) AllocSpace objects, 0(0B) LOS objects, 29% free, 38MB/54MB, paused 297us total 18.865ms
08-04 13:54:50.101 26384 26396 I art     : Starting a blocking GC Explicit
08-04 13:54:50.120 26384 26396 I art     : Explicit concurrent mark sweep GC freed 51(896B) AllocSpace objects, 0(0B) LOS objects, 29% free, 38MB/54MB, paused 356us total 19.001ms
08-04 13:54:50.320 26743 26743 D AndroidRuntime: >>>>>> START com.android.internal.os.RuntimeInit uid 2000 <<<<<<
08-04 13:54:50.324 26743 26743 D AndroidRuntime: CheckJNI is OFF
08-04 13:54:50.357 26743 26743 D ICU     : No timezone override file found: /data/misc/zoneinfo/current/icu/icu_tzdata.dat
08-04 13:54:50.391 26743 26743 I Radio-JNI: register_android_hardware_Radio DONE
08-04 13:54:50.408 26743 26743 D AndroidRuntime: Calling main entry com.android.commands.input.Input
08-04 13:54:50.410 26743 26743 I Input   : injectMotionEvent: MotionEvent { action=ACTION_DOWN, actionButton=0, id[0]=0, x[0]=693.0, y[0]=1450.0, toolType[0]=TOOL_TYPE_UNKNOWN, buttonState=0, metaState=0, flags=0x0, edgeFlags=0x0, pointerCount=1, historySize=0, eventTime=712506822, downTime=712506822, deviceId=0, source=0x1002 }
08-04 13:54:50.414 26743 26743 I Input   : injectMotionEvent: MotionEvent { action=ACTION_UP, actionButton=0, id[0]=0, x[0]=693.0, y[0]=1450.0, toolType[0]=TOOL_TYPE_UNKNOWN, buttonState=0, metaState=0, flags=0x0, edgeFlags=0x0, pointerCount=1, historySize=0, eventTime=712506822, downTime=712506822, deviceId=0, source=0x1002 }
08-04 13:54:50.415 26743 26743 D AndroidRuntime: Shutting down VM
08-04 13:54:50.416   918  5132 I ActivityManager: START u0 {cmp=baseline.io.github.project_travel_mate/.destinations.description.CityHistoryActivity} from uid 10650 on display 0
08-04 13:54:50.417   512  2967 D audio_hw_primary: out_set_parameters: enter: usecase(1: low-latency-playback) kvpairs: routing=2
08-04 13:54:50.430   512  2967 D audio_hw_primary: select_devices: out_snd_device(2: speaker) in_snd_device(0: none)
08-04 13:54:50.430   512  2967 D msm8974_platform: platform_send_audio_calibration: sending audio calibration for snd_device(2) acdb_id(15)
08-04 13:54:50.430   512  2967 I soundtrigger: audio_extn_sound_trigger_update_device_status: device 0x2 of type 0 for Event 1
08-04 13:54:50.443 26384 26462 D Gabe    : call	returning from cache
08-04 13:54:50.445 26384 26384 V EXECUTING: https://project-travel-mate.herokuapp.com/api/get-city-information/1
08-04 13:54:50.446 26384 26395 I art     : Starting a blocking GC Explicit
08-04 13:54:50.447   512  2967 D audio_hw_primary: enable_snd_device: snd_device(2: speaker)
08-04 13:54:50.449   512  2967 D audio_hw_primary: enable_audio_route: apply and update mixer path: low-latency-playback speaker
08-04 13:54:50.469 26384 26395 I art     : Explicit concurrent mark sweep GC freed 3035(214KB) AllocSpace objects, 2(40KB) LOS objects, 29% free, 38MB/54MB, paused 408us total 22.961ms
08-04 13:54:50.480 26384 26395 I art     : Starting a blocking GC Explicit
08-04 13:54:50.499 26384 26395 I art     : Explicit concurrent mark sweep GC freed 502(21KB) AllocSpace objects, 0(0B) LOS objects, 29% free, 38MB/54MB, paused 660us total 18.771ms
08-04 13:54:50.508 26384 26395 I art     : Starting a blocking GC Explicit
08-04 13:54:50.530 26384 26395 I art     : Explicit concurrent mark sweep GC freed 263(6KB) AllocSpace objects, 0(0B) LOS objects, 27% free, 42MB/58MB, paused 505us total 21.847ms
08-04 13:54:50.540 26384 26395 I art     : Starting a blocking GC Explicit
08-04 13:54:50.560 26384 26395 I art     : Explicit concurrent mark sweep GC freed 40(1744B) AllocSpace objects, 0(0B) LOS objects, 27% free, 42MB/58MB, paused 454us total 19.800ms
08-04 13:54:50.571 26384 26395 I art     : Starting a blocking GC Explicit
08-04 13:54:50.577   918   936 I ActivityManager: Displayed baseline.io.github.project_travel_mate/.destinations.description.CityHistoryActivity: +154ms
08-04 13:54:50.578 13866 13866 I GoogleInputMethodServic: GoogleInputMethodService.onFinishInput():3138 
08-04 13:54:50.578 13866 13866 I GoogleInputMethodServic: GoogleInputMethodService.onStartInput():1808 
08-04 13:54:50.590 26384 26395 I art     : Explicit concurrent mark sweep GC freed 135(2880B) AllocSpace objects, 0(0B) LOS objects, 27% free, 42MB/58MB, paused 466us total 19.407ms
08-04 13:54:50.821   380   380 W SurfaceFlinger: couldn't log to binary event log: overflow.
08-04 13:54:50.912 26384 26396 I art     : Starting a blocking GC Explicit
08-04 13:54:50.935 26384 26396 I art     : Explicit concurrent mark sweep GC freed 2656(103KB) AllocSpace objects, 2(40KB) LOS objects, 27% free, 42MB/58MB, paused 340us total 22.425ms
08-04 13:54:50.946 26384 26396 I art     : Starting a blocking GC Explicit
08-04 13:54:50.972 26384 26396 I art     : Explicit concurrent mark sweep GC freed 207(3KB) AllocSpace objects, 0(0B) LOS objects, 27% free, 42MB/58MB, paused 682us total 26.009ms
08-04 13:54:50.984 26384 26396 I art     : Starting a blocking GC Explicit
08-04 13:54:50.989   512  2967 D audio_hw_primary: disable_audio_route: reset and update mixer path: low-latency-playback speaker
08-04 13:54:50.990   512  2967 D audio_hw_primary: disable_snd_device: snd_device(2: speaker)
08-04 13:54:50.997   512  2967 I soundtrigger: audio_extn_sound_trigger_update_device_status: device 0x2 of type 0 for Event 0
08-04 13:54:51.004 26384 26396 I art     : Explicit concurrent mark sweep GC freed 31(592B) AllocSpace objects, 0(0B) LOS objects, 27% free, 42MB/58MB, paused 428us total 19.916ms
08-04 13:54:51.013 26384 26396 I art     : Starting a blocking GC Explicit
08-04 13:54:51.033 26384 26396 I art     : Explicit concurrent mark sweep GC freed 142(3KB) AllocSpace objects, 0(0B) LOS objects, 27% free, 42MB/58MB, paused 454us total 19.618ms
08-04 13:54:51.043 26384 26396 I art     : Starting a blocking GC Explicit
08-04 13:54:51.063 26384 26396 I art     : Explicit concurrent mark sweep GC freed 26(992B) AllocSpace objects, 0(0B) LOS objects, 27% free, 42MB/58MB, paused 423us total 19.845ms
08-04 13:54:51.258 26384 26773 I NAPPA_EXPERIMENTATION: MetricNetworkRequestExecutionTime: REQUEST_DURATION_SYSTEM='812',REQUEST_DURATION_OKHTTP='35',REQUEST_SYNCHRONOUS='FALSE',RESPONSE_CODE='200',RESPONSE_METHOD='GET',RESPONSE_LENGTH_OKHTTP='55024',RESPONSE_LENGTH_HEADER='55024',REQUEST_PROTOCOL='http/1.1',REQUEST_URL='https://project-travel-mate.herokuapp.com/api/get-city-information/1',
08-04 13:54:51.332 13866 13866 I GoogleInputMethodServic: GoogleInputMethodService.onFinishInput():3138 
08-04 13:54:51.332 13866 13866 I GoogleInputMethodServic: GoogleInputMethodService.onStartInput():1808 
08-04 13:54:51.341 26384 26402 I art     : Starting a blocking GC Explicit
08-04 13:54:51.363 26384 26402 I art     : Explicit concurrent mark sweep GC freed 6448(1474KB) AllocSpace objects, 25(5MB) LOS objects, 28% free, 39MB/55MB, paused 302us total 21.933ms
08-04 13:54:51.373 26384 26402 I art     : Starting a blocking GC Explicit
08-04 13:54:51.392 26384 26402 I art     : Explicit concurrent mark sweep GC freed 1145(121KB) AllocSpace objects, 0(0B) LOS objects, 29% free, 39MB/55MB, paused 296us total 19.656ms
08-04 13:54:51.401 26384 26402 I art     : Starting a blocking GC Explicit
08-04 13:54:51.422 26384 26402 I art     : Explicit concurrent mark sweep GC freed 84(1440B) AllocSpace objects, 0(0B) LOS objects, 29% free, 39MB/55MB, paused 399us total 20.527ms
08-04 13:54:51.431 26384 26402 I art     : Starting a blocking GC Explicit
08-04 13:54:51.453 26384 26402 I art     : Explicit concurrent mark sweep GC freed 138(2352B) AllocSpace objects, 0(0B) LOS objects, 29% free, 39MB/55MB, paused 310us total 21.570ms
08-04 13:54:51.462 26384 26402 I art     : Starting a blocking GC Explicit
08-04 13:54:51.485 26384 26402 I art     : Explicit concurrent mark sweep GC freed 147(2496B) AllocSpace objects, 0(0B) LOS objects, 29% free, 39MB/55MB, paused 359us total 22.038ms
08-04 13:54:51.802 26384 26396 I art     : Starting a blocking GC Explicit
08-04 13:54:51.825 26384 26396 I art     : Explicit concurrent mark sweep GC freed 2938(107KB) AllocSpace objects, 2(40KB) LOS objects, 29% free, 39MB/55MB, paused 312us total 22.406ms
08-04 13:54:51.834 26384 26396 I art     : Starting a blocking GC Explicit
08-04 13:54:51.857 26384 26396 I art     : Explicit concurrent mark sweep GC freed 142(2768B) AllocSpace objects, 0(0B) LOS objects, 29% free, 39MB/55MB, paused 473us total 22.182ms
08-04 13:54:51.866 26384 26396 I art     : Starting a blocking GC Explicit
08-04 13:54:51.889 26384 26396 I art     : Explicit concurrent mark sweep GC freed 104(1808B) AllocSpace objects, 0(0B) LOS objects, 29% free, 39MB/55MB, paused 452us total 22.381ms
08-04 13:54:51.898 26384 26396 I art     : Starting a blocking GC Explicit
08-04 13:54:51.920 26384 26396 I art     : Explicit concurrent mark sweep GC freed 143(2432B) AllocSpace objects, 0(0B) LOS objects, 29% free, 39MB/55MB, paused 306us total 21.320ms
08-04 13:54:51.929 26384 26396 I art     : Starting a blocking GC Explicit
08-04 13:54:51.951 26384 26396 I art     : Explicit concurrent mark sweep GC freed 147(2496B) AllocSpace objects, 0(0B) LOS objects, 29% free, 39MB/55MB, paused 304us total 21.804ms
08-04 13:54:52.275 26384 26402 I art     : Starting a blocking GC Explicit
08-04 13:54:52.299 26384 26402 I art     : Explicit concurrent mark sweep GC freed 2966(108KB) AllocSpace objects, 2(40KB) LOS objects, 29% free, 39MB/55MB, paused 336us total 24.314ms
08-04 13:54:52.309 26384 26402 I art     : Starting a blocking GC Explicit
08-04 13:54:52.331 26384 26402 I art     : Explicit concurrent mark sweep GC freed 167(3KB) AllocSpace objects, 0(0B) LOS objects, 29% free, 39MB/55MB, paused 269us total 22.175ms
08-04 13:54:52.340 26384 26402 I art     : Starting a blocking GC Explicit
08-04 13:54:52.359 26384 26402 I art     : Explicit concurrent mark sweep GC freed 147(2496B) AllocSpace objects, 0(0B) LOS objects, 29% free, 39MB/55MB, paused 264us total 19.259ms
08-04 13:54:52.369 26384 26402 I art     : Starting a blocking GC Explicit
08-04 13:54:52.390 26384 26402 I art     : Explicit concurrent mark sweep GC freed 83(1424B) AllocSpace objects, 0(0B) LOS objects, 29% free, 39MB/55MB, paused 383us total 21.003ms
08-04 13:54:52.399 26384 26402 I art     : Starting a blocking GC Explicit
08-04 13:54:52.421 26384 26402 I art     : Explicit concurrent mark sweep GC freed 139(2368B) AllocSpace objects, 0(0B) LOS objects, 29% free, 39MB/55MB, paused 322us total 21.448ms
08-04 13:54:52.472   518   646 I ThermalEngine: ACTION: GPU - Setting GPU[0] to 510000000
08-04 13:54:52.587   918 13198 D NetlinkSocketObserver: NeighborEvent{elapsedMs=1695896462, 192.168.2.254, [7C3953A63323], RTM_NEWNEIGH, NUD_STALE}
08-04 13:54:52.781 26384 26396 I art     : Starting a blocking GC Explicit
08-04 13:54:52.810 26384 26396 I art     : Explicit concurrent mark sweep GC freed 3152(111KB) AllocSpace objects, 2(40KB) LOS objects, 29% free, 39MB/55MB, paused 431us total 29.098ms
08-04 13:54:52.822 26384 26396 I art     : Starting a blocking GC Explicit
08-04 13:54:52.847 26384 26396 I art     : Explicit concurrent mark sweep GC freed 167(3KB) AllocSpace objects, 0(0B) LOS objects, 29% free, 39MB/55MB, paused 412us total 25.147ms
08-04 13:54:52.860 26384 26396 I art     : Starting a blocking GC Explicit
08-04 13:54:52.887 26384 26396 I art     : Explicit concurrent mark sweep GC freed 147(2496B) AllocSpace objects, 0(0B) LOS objects, 29% free, 39MB/55MB, paused 425us total 27.323ms
08-04 13:54:52.900 26384 26396 I art     : Starting a blocking GC Explicit
08-04 13:54:52.927 26384 26396 I art     : Explicit concurrent mark sweep GC freed 219(3KB) AllocSpace objects, 0(0B) LOS objects, 29% free, 39MB/55MB, paused 551us total 26.928ms
08-04 13:54:52.939 26384 26396 I art     : Starting a blocking GC Explicit
08-04 13:54:52.967 26384 26396 I art     : Explicit concurrent mark sweep GC freed 146(2464B) AllocSpace objects, 0(0B) LOS objects, 29% free, 39MB/55MB, paused 512us total 27.361ms
08-04 13:54:53.351 26384 26395 I art     : Starting a blocking GC Explicit
08-04 13:54:53.380 26384 26395 I art     : Explicit concurrent mark sweep GC freed 3238(113KB) AllocSpace objects, 2(40KB) LOS objects, 29% free, 39MB/55MB, paused 414us total 29.236ms
08-04 13:54:53.395 26384 26395 I art     : Starting a blocking GC Explicit
08-04 13:54:53.421 26384 26395 I art     : Explicit concurrent mark sweep GC freed 182(3KB) AllocSpace objects, 0(0B) LOS objects, 29% free, 39MB/55MB, paused 383us total 26.349ms
08-04 13:54:53.434 26384 26395 I art     : Starting a blocking GC Explicit
08-04 13:54:53.460 26384 26395 I art     : Explicit concurrent mark sweep GC freed 219(3KB) AllocSpace objects, 0(0B) LOS objects, 29% free, 39MB/55MB, paused 441us total 26.450ms
08-04 13:54:53.473 26384 26395 I art     : Starting a blocking GC Explicit
08-04 13:54:53.500 26384 26395 I art     : Explicit concurrent mark sweep GC freed 146(2464B) AllocSpace objects, 0(0B) LOS objects, 29% free, 39MB/55MB, paused 427us total 27.159ms
08-04 13:54:53.513 26384 26395 I art     : Starting a blocking GC Explicit
08-04 13:54:53.540 26384 26395 I art     : Explicit concurrent mark sweep GC freed 148(2528B) AllocSpace objects, 0(0B) LOS objects, 29% free, 39MB/55MB, paused 396us total 27.134ms
08-04 13:54:53.885 26384 26402 I art     : Starting a blocking GC Explicit
08-04 13:54:53.917 26384 26402 I art     : Explicit concurrent mark sweep GC freed 3082(110KB) AllocSpace objects, 2(40KB) LOS objects, 29% free, 39MB/55MB, paused 428us total 31.224ms
08-04 13:54:53.930 26384 26402 I art     : Starting a blocking GC Explicit
08-04 13:54:53.958 26384 26402 I art     : Explicit concurrent mark sweep GC freed 166(3KB) AllocSpace objects, 0(0B) LOS objects, 29% free, 39MB/55MB, paused 402us total 27.725ms
08-04 13:54:53.970 26384 26402 I art     : Starting a blocking GC Explicit
08-04 13:54:53.997 26384 26402 I art     : Explicit concurrent mark sweep GC freed 219(3KB) AllocSpace objects, 0(0B) LOS objects, 29% free, 39MB/55MB, paused 469us total 27.298ms
08-04 13:54:54.010 26384 26402 I art     : Starting a blocking GC Explicit
08-04 13:54:54.039 26384 26402 I art     : Explicit concurrent mark sweep GC freed 147(2496B) AllocSpace objects, 0(0B) LOS objects, 29% free, 39MB/55MB, paused 431us total 28.465ms
08-04 13:54:54.052 26384 26402 I art     : Starting a blocking GC Explicit
08-04 13:54:54.079 26384 26402 I art     : Explicit concurrent mark sweep GC freed 219(3KB) AllocSpace objects, 0(0B) LOS objects, 29% free, 39MB/55MB, paused 408us total 27.486ms
08-04 13:54:54.437 26384 26396 I art     : Starting a blocking GC Explicit
08-04 13:54:54.467 26384 26396 I art     : Explicit concurrent mark sweep GC freed 3081(110KB) AllocSpace objects, 2(40KB) LOS objects, 29% free, 39MB/55MB, paused 415us total 30.310ms
08-04 13:54:54.484 26384 26396 I art     : Starting a blocking GC Explicit
08-04 13:54:54.511 26384 26396 I art     : Explicit concurrent mark sweep GC freed 236(4KB) AllocSpace objects, 0(0B) LOS objects, 29% free, 39MB/55MB, paused 462us total 26.330ms
08-04 13:54:54.523 26384 26396 I art     : Starting a blocking GC Explicit
08-04 13:54:54.550 26384 26396 I art     : Explicit concurrent mark sweep GC freed 149(2544B) AllocSpace objects, 0(0B) LOS objects, 29% free, 39MB/55MB, paused 411us total 26.575ms
08-04 13:54:54.562 26384 26396 I art     : Starting a blocking GC Explicit
08-04 13:54:54.589 26384 26396 I art     : Explicit concurrent mark sweep GC freed 148(2528B) AllocSpace objects, 0(0B) LOS objects, 29% free, 39MB/55MB, paused 406us total 27.062ms
08-04 13:54:54.602 26384 26396 I art     : Starting a blocking GC Explicit
08-04 13:54:54.629 26384 26396 I art     : Explicit concurrent mark sweep GC freed 219(3KB) AllocSpace objects, 0(0B) LOS objects, 29% free, 39MB/55MB, paused 419us total 26.967ms
08-04 13:54:54.942 26384 26395 I art     : Starting a blocking GC Explicit
08-04 13:54:54.971 26384 26395 I art     : Explicit concurrent mark sweep GC freed 2865(106KB) AllocSpace objects, 2(40KB) LOS objects, 29% free, 39MB/55MB, paused 435us total 27.952ms
08-04 13:54:54.983 26384 26395 I art     : Starting a blocking GC Explicit
08-04 13:54:55.010 26384 26395 I art     : Explicit concurrent mark sweep GC freed 192(3KB) AllocSpace objects, 0(0B) LOS objects, 29% free, 39MB/55MB, paused 525us total 26.701ms
08-04 13:54:55.023 26384 26395 I art     : Starting a blocking GC Explicit
08-04 13:54:55.049 26384 26395 I art     : Explicit concurrent mark sweep GC freed 194(3KB) AllocSpace objects, 0(0B) LOS objects, 29% free, 39MB/55MB, paused 441us total 26.261ms
08-04 13:54:55.061 26384 26395 I art     : Starting a blocking GC Explicit
08-04 13:54:55.088 26384 26395 I art     : Explicit concurrent mark sweep GC freed 147(2496B) AllocSpace objects, 0(0B) LOS objects, 29% free, 39MB/55MB, paused 430us total 26.216ms
08-04 13:54:55.100 26384 26395 I art     : Starting a blocking GC Explicit
08-04 13:54:55.118 26855 26855 D AndroidRuntime: >>>>>> START com.android.internal.os.RuntimeInit uid 2000 <<<<<<
08-04 13:54:55.123 26855 26855 D AndroidRuntime: CheckJNI is OFF
08-04 13:54:55.127 26384 26395 I art     : Explicit concurrent mark sweep GC freed 148(2512B) AllocSpace objects, 0(0B) LOS objects, 29% free, 39MB/55MB, paused 597us total 26.842ms
08-04 13:54:55.157 26855 26855 D ICU     : No timezone override file found: /data/misc/zoneinfo/current/icu/icu_tzdata.dat
08-04 13:54:55.190 26855 26855 I Radio-JNI: register_android_hardware_Radio DONE
08-04 13:54:55.212 26855 26855 D AndroidRuntime: Calling main entry com.android.commands.input.Input
08-04 13:54:55.213 26855 26855 I Input   : injectKeyEvent: KeyEvent { action=ACTION_DOWN, keyCode=KEYCODE_BACK, scanCode=0, metaState=0, flags=0x0, repeatCount=0, eventTime=712511626, downTime=712511626, deviceId=-1, source=0x101 }
08-04 13:54:55.221 26855 26855 I Input   : injectKeyEvent: KeyEvent { action=ACTION_UP, keyCode=KEYCODE_BACK, scanCode=0, metaState=0, flags=0x0, repeatCount=0, eventTime=712511626, downTime=712511626, deviceId=-1, source=0x101 }
08-04 13:54:55.228 26855 26855 D AndroidRuntime: Shutting down VM
08-04 13:54:55.273 13866 13866 I GoogleInputMethodServic: GoogleInputMethodService.onFinishInput():3138 
08-04 13:54:55.274 13866 13866 I GoogleInputMethodServic: GoogleInputMethodService.onStartInput():1808 
08-04 13:54:55.421 26384 26395 I art     : Starting a blocking GC Explicit
08-04 13:54:55.454 26384 26395 I art     : Explicit concurrent mark sweep GC freed 2897(109KB) AllocSpace objects, 2(40KB) LOS objects, 29% free, 39MB/55MB, paused 375us total 32.191ms
08-04 13:54:55.467 26384 26395 I art     : Starting a blocking GC Explicit
08-04 13:54:55.494 26384 26395 I art     : Explicit concurrent mark sweep GC freed 183(3KB) AllocSpace objects, 0(0B) LOS objects, 29% free, 39MB/55MB, paused 475us total 26.197ms
08-04 13:54:55.507 26384 26395 I art     : Starting a blocking GC Explicit
08-04 13:54:55.535 26384 26395 I art     : Explicit concurrent mark sweep GC freed 206(3KB) AllocSpace objects, 0(0B) LOS objects, 29% free, 39MB/55MB, paused 376us total 28.047ms
08-04 13:54:55.549 26384 26395 I art     : Starting a blocking GC Explicit
08-04 13:54:55.576   380   380 W SurfaceFlinger: couldn't log to binary event log: overflow.
08-04 13:54:55.577 26384 26395 I art     : Explicit concurrent mark sweep GC freed 162(2736B) AllocSpace objects, 0(0B) LOS objects, 29% free, 39MB/55MB, paused 490us total 28.158ms
08-04 13:54:55.594 26384 26395 I art     : Starting a blocking GC Explicit
08-04 13:54:55.619 26384 26395 I art     : Explicit concurrent mark sweep GC freed 182(3KB) AllocSpace objects, 2(364KB) LOS objects, 29% free, 38MB/54MB, paused 389us total 24.731ms
08-04 13:54:55.948 26384 26402 I art     : Starting a blocking GC Explicit
08-04 13:54:55.978 26384 26402 I art     : Explicit concurrent mark sweep GC freed 7108(437KB) AllocSpace objects, 9(172KB) LOS objects, 29% free, 38MB/54MB, paused 418us total 29.800ms
08-04 13:54:55.994 26384 26402 I art     : Starting a blocking GC Explicit
08-04 13:54:56.020 26384 26402 I art     : Explicit concurrent mark sweep GC freed 166(3KB) AllocSpace objects, 0(0B) LOS objects, 29% free, 38MB/54MB, paused 491us total 25.651ms
08-04 13:54:56.031 26384 26402 I art     : Starting a blocking GC Explicit
08-04 13:54:56.055 26384 26402 I art     : Explicit concurrent mark sweep GC freed 99(1696B) AllocSpace objects, 0(0B) LOS objects, 29% free, 38MB/54MB, paused 403us total 24.122ms
08-04 13:54:56.067 26384 26402 I art     : Starting a blocking GC Explicit
08-04 13:54:56.093 26384 26402 I art     : Explicit concurrent mark sweep GC freed 99(1696B) AllocSpace objects, 0(0B) LOS objects, 29% free, 38MB/54MB, paused 405us total 25.316ms
08-04 13:54:56.105 26384 26402 I art     : Starting a blocking GC Explicit
08-04 13:54:56.131 26384 26402 I art     : Explicit concurrent mark sweep GC freed 147(2496B) AllocSpace objects, 0(0B) LOS objects, 29% free, 38MB/54MB, paused 410us total 25.270ms
08-04 13:54:56.464 26384 26396 I art     : Starting a blocking GC Explicit
08-04 13:54:56.490 26384 26396 I art     : Explicit concurrent mark sweep GC freed 2457(100KB) AllocSpace objects, 2(40KB) LOS objects, 29% free, 38MB/54MB, paused 404us total 26.174ms
08-04 13:54:56.503 26384 26396 I art     : Starting a blocking GC Explicit
08-04 13:54:56.527 26384 26396 I art     : Explicit concurrent mark sweep GC freed 128(2928B) AllocSpace objects, 0(0B) LOS objects, 29% free, 38MB/54MB, paused 467us total 24.593ms
08-04 13:54:56.539 26384 26396 I art     : Starting a blocking GC Explicit
08-04 13:54:56.564 26384 26396 I art     : Explicit concurrent mark sweep GC freed 147(2496B) AllocSpace objects, 0(0B) LOS objects, 29% free, 38MB/54MB, paused 402us total 24.976ms
08-04 13:54:56.576 26384 26396 I art     : Starting a blocking GC Explicit
08-04 13:54:56.601 26384 26396 I art     : Explicit concurrent mark sweep GC freed 99(1696B) AllocSpace objects, 0(0B) LOS objects, 29% free, 38MB/54MB, paused 410us total 24.189ms
08-04 13:54:56.613 26384 26396 I art     : Starting a blocking GC Explicit
08-04 13:54:56.638 26384 26396 I art     : Explicit concurrent mark sweep GC freed 99(1696B) AllocSpace objects, 0(0B) LOS objects, 29% free, 38MB/54MB, paused 433us total 24.510ms
08-04 13:54:56.863 26909 26909 D AndroidRuntime: >>>>>> START com.android.internal.os.RuntimeInit uid 2000 <<<<<<
08-04 13:54:56.868 26909 26909 D AndroidRuntime: CheckJNI is OFF
08-04 13:54:56.901 26909 26909 D ICU     : No timezone override file found: /data/misc/zoneinfo/current/icu/icu_tzdata.dat
08-04 13:54:56.936 26909 26909 I Radio-JNI: register_android_hardware_Radio DONE
08-04 13:54:56.952 26384 26395 I art     : Starting a blocking GC Explicit
08-04 13:54:56.959 26909 26909 D AndroidRuntime: Calling main entry com.android.commands.input.Input
08-04 13:54:56.961 26909 26909 I Input   : injectMotionEvent: MotionEvent { action=ACTION_DOWN, actionButton=0, id[0]=0, x[0]=504.0, y[0]=1706.0, toolType[0]=TOOL_TYPE_UNKNOWN, buttonState=0, metaState=0, flags=0x0, edgeFlags=0x0, pointerCount=1, historySize=0, eventTime=712513374, downTime=712513374, deviceId=0, source=0x1002 }
08-04 13:54:56.967 26909 26909 I Input   : injectMotionEvent: MotionEvent { action=ACTION_UP, actionButton=0, id[0]=0, x[0]=504.0, y[0]=1706.0, toolType[0]=TOOL_TYPE_UNKNOWN, buttonState=0, metaState=0, flags=0x0, edgeFlags=0x0, pointerCount=1, historySize=0, eventTime=712513374, downTime=712513374, deviceId=0, source=0x1002 }
08-04 13:54:56.968 26909 26909 D AndroidRuntime: Shutting down VM
08-04 13:54:56.970   512  2967 D audio_hw_primary: out_set_parameters: enter: usecase(1: low-latency-playback) kvpairs: routing=2
08-04 13:54:56.973   918  4400 I ActivityManager: START u0 {cmp=baseline.io.github.project_travel_mate/.destinations.funfacts.FunFactsActivity (has extras)} from uid 10650 on display 0
08-04 13:54:56.979 26384 26395 I art     : Explicit concurrent mark sweep GC freed 3467(219KB) AllocSpace objects, 2(40KB) LOS objects, 29% free, 38MB/54MB, paused 522us total 26.521ms
08-04 13:54:56.985   512  2967 D audio_hw_primary: select_devices: out_snd_device(2: speaker) in_snd_device(0: none)
08-04 13:54:56.985   512  2967 D msm8974_platform: platform_send_audio_calibration: sending audio calibration for snd_device(2) acdb_id(15)
08-04 13:54:56.985   512  2967 I soundtrigger: audio_extn_sound_trigger_update_device_status: device 0x2 of type 0 for Event 1
08-04 13:54:56.992 26384 26395 I art     : Starting a blocking GC Explicit
08-04 13:54:56.996 26384 26462 D Gabe    : call	returning from cache
08-04 13:54:56.996   512  2967 D audio_hw_primary: enable_snd_device: snd_device(2: speaker)
08-04 13:54:56.999   512  2967 D audio_hw_primary: enable_audio_route: apply and update mixer path: low-latency-playback speaker
08-04 13:54:57.001 26384 26384 V EXECUTING: https://project-travel-mate.herokuapp.com/api/get-city-facts/1
08-04 13:54:57.017 26384 26395 I art     : Explicit concurrent mark sweep GC freed 1665(147KB) AllocSpace objects, 0(0B) LOS objects, 29% free, 38MB/54MB, paused 571us total 24.721ms
08-04 13:54:57.029 26384 26395 I art     : Starting a blocking GC Explicit
08-04 13:54:57.052 26384 26395 I art     : Explicit concurrent mark sweep GC freed 502(19KB) AllocSpace objects, 0(0B) LOS objects, 29% free, 38MB/54MB, paused 777us total 23.465ms
08-04 13:54:57.065 26384 26395 I art     : Starting a blocking GC Explicit
08-04 13:54:57.090 26384 26395 I art     : Explicit concurrent mark sweep GC freed 150(4KB) AllocSpace objects, 0(0B) LOS objects, 27% free, 42MB/58MB, paused 680us total 25.109ms
08-04 13:54:57.102 26384 26395 I art     : Starting a blocking GC Explicit
08-04 13:54:57.126 26384 26395 I art     : Explicit concurrent mark sweep GC freed 22(800B) AllocSpace objects, 0(0B) LOS objects, 27% free, 42MB/58MB, paused 438us total 23.821ms
08-04 13:54:57.126   918   936 I ActivityManager: Displayed baseline.io.github.project_travel_mate/.destinations.funfacts.FunFactsActivity: +146ms
08-04 13:54:57.127 13866 13866 I GoogleInputMethodServic: GoogleInputMethodService.onFinishInput():3138 
08-04 13:54:57.128 13866 13866 I GoogleInputMethodServic: GoogleInputMethodService.onStartInput():1808 
08-04 13:54:57.379   380   380 W SurfaceFlinger: couldn't log to binary event log: overflow.
08-04 13:54:57.425 26384 26396 I art     : Starting a blocking GC Explicit
08-04 13:54:57.452 26384 26396 I art     : Explicit concurrent mark sweep GC freed 3934(182KB) AllocSpace objects, 4(160KB) LOS objects, 27% free, 43MB/59MB, paused 837us total 27.364ms
08-04 13:54:57.466 26384 26396 I art     : Starting a blocking GC Explicit
08-04 13:54:57.491 26384 26933 I NAPPA_EXPERIMENTATION: MetricNetworkRequestExecutionTime: REQUEST_DURATION_SYSTEM='490',REQUEST_DURATION_OKHTTP='30',REQUEST_SYNCHRONOUS='FALSE',RESPONSE_CODE='200',RESPONSE_METHOD='GET',RESPONSE_LENGTH_OKHTTP='1793',RESPONSE_LENGTH_HEADER='1793',REQUEST_PROTOCOL='http/1.1',REQUEST_URL='https://project-travel-mate.herokuapp.com/api/get-city-facts/1',
08-04 13:54:57.492 26384 26396 I art     : Explicit concurrent mark sweep GC freed 2530(172KB) AllocSpace objects, 1(80KB) LOS objects, 27% free, 42MB/58MB, paused 539us total 26.224ms
08-04 13:54:57.494 26384 26933 V EXECUTING: https://project-travel-mate.herokuapp.com/api/get-city-images/1
08-04 13:54:57.505 26384 26396 I art     : Starting a blocking GC Explicit
08-04 13:54:57.528   512  2967 D audio_hw_primary: disable_audio_route: reset and update mixer path: low-latency-playback speaker
08-04 13:54:57.529   512  2967 D audio_hw_primary: disable_snd_device: snd_device(2: speaker)
08-04 13:54:57.531 26384 26396 I art     : Explicit concurrent mark sweep GC freed 729(52KB) AllocSpace objects, 0(0B) LOS objects, 27% free, 42MB/58MB, paused 599us total 26.311ms
08-04 13:54:57.537   512  2967 I soundtrigger: audio_extn_sound_trigger_update_device_status: device 0x2 of type 0 for Event 0
08-04 13:54:57.544 26384 26396 I art     : Starting a blocking GC Explicit
08-04 13:54:57.569 26384 26396 I art     : Explicit concurrent mark sweep GC freed 47(1712B) AllocSpace objects, 0(0B) LOS objects, 27% free, 43MB/59MB, paused 650us total 24.638ms
08-04 13:54:57.581 26384 26396 I art     : Starting a blocking GC Explicit
08-04 13:54:57.606 26384 26396 I art     : Explicit concurrent mark sweep GC freed 154(3KB) AllocSpace objects, 0(0B) LOS objects, 27% free, 43MB/59MB, paused 711us total 24.810ms
08-04 13:54:57.921 26384 26888 I art     : Starting a blocking GC Explicit
08-04 13:54:57.946 26384 26888 I art     : Explicit concurrent mark sweep GC freed 2244(96KB) AllocSpace objects, 2(40KB) LOS objects, 27% free, 43MB/59MB, paused 597us total 24.916ms
08-04 13:54:57.959 26384 26888 I art     : Starting a blocking GC Explicit
08-04 13:54:57.983 26384 26888 I art     : Explicit concurrent mark sweep GC freed 139(2816B) AllocSpace objects, 0(0B) LOS objects, 27% free, 43MB/59MB, paused 634us total 24.320ms
08-04 13:54:57.995 26384 26888 I art     : Starting a blocking GC Explicit
08-04 13:54:58.020 26384 26888 I art     : Explicit concurrent mark sweep GC freed 36(624B) AllocSpace objects, 0(0B) LOS objects, 27% free, 43MB/59MB, paused 637us total 24.866ms
08-04 13:54:58.032 26384 26888 I art     : Starting a blocking GC Explicit
08-04 13:54:58.057 26384 26888 I art     : Explicit concurrent mark sweep GC freed 790(57KB) AllocSpace objects, 2(120KB) LOS objects, 26% free, 43MB/59MB, paused 888us total 24.886ms
08-04 13:54:58.070 26384 26888 I art     : Starting a blocking GC Explicit
08-04 13:54:58.096 26384 26888 I art     : Explicit concurrent mark sweep GC freed 2129(93KB) AllocSpace objects, 1(80KB) LOS objects, 26% free, 43MB/59MB, paused 680us total 25.742ms
08-04 13:54:58.112 26384 26945 I NAPPA_EXPERIMENTATION: MetricNetworkRequestExecutionTime: REQUEST_DURATION_SYSTEM='616',REQUEST_DURATION_OKHTTP='29',REQUEST_SYNCHRONOUS='FALSE',RESPONSE_CODE='200',RESPONSE_METHOD='GET',RESPONSE_LENGTH_OKHTTP='183',RESPONSE_LENGTH_HEADER='183',REQUEST_PROTOCOL='http/1.1',REQUEST_URL='https://project-travel-mate.herokuapp.com/api/get-city-images/1',
08-04 13:54:58.159 26384 26945 V RESPONSE: [{"id":17,"image_url":"https://upload.wikimedia.org/wikipedia/commons/9/94/%E0%B4%96%E0%B5%81%E0%B4%A4%E0%B5%8D%E0%B4%AC%E0%B5%8D_%E0%B4%AE%E0%B4%BF%E0%B4%A8%E0%B4%BE%E0%B5%BC1.jpg"}]
08-04 13:54:58.404 26384 26402 I art     : Starting a blocking GC Explicit
08-04 13:54:58.437 26384 26402 I art     : Explicit concurrent mark sweep GC freed 6824(411KB) AllocSpace objects, 3(4MB) LOS objects, 28% free, 39MB/55MB, paused 464us total 31.805ms
08-04 13:54:58.454 26384 26402 I art     : Starting a blocking GC Explicit
08-04 13:54:58.481 26384 26402 I art     : Explicit concurrent mark sweep GC freed 364(11KB) AllocSpace objects, 0(0B) LOS objects, 28% free, 39MB/55MB, paused 546us total 27.395ms
08-04 13:54:58.494 26384 26402 I art     : Starting a blocking GC Explicit
08-04 13:54:58.521 26384 26402 I art     : Explicit concurrent mark sweep GC freed 180(3KB) AllocSpace objects, 0(0B) LOS objects, 28% free, 39MB/55MB, paused 451us total 27.440ms
08-04 13:54:58.533 26384 26402 I art     : Starting a blocking GC Explicit
08-04 13:54:58.562 26384 26402 I art     : Explicit concurrent mark sweep GC freed 157(2880B) AllocSpace objects, 0(0B) LOS objects, 28% free, 39MB/55MB, paused 429us total 27.985ms
08-04 13:54:58.574 26384 26402 I art     : Starting a blocking GC Explicit
08-04 13:54:58.601 26384 26402 I art     : Explicit concurrent mark sweep GC freed 219(3KB) AllocSpace objects, 0(0B) LOS objects, 28% free, 39MB/55MB, paused 451us total 27.024ms
08-04 13:54:58.969 26384 26395 I art     : Starting a blocking GC Explicit
08-04 13:54:59.001 26384 26395 I art     : Explicit concurrent mark sweep GC freed 3154(111KB) AllocSpace objects, 2(40KB) LOS objects, 28% free, 39MB/55MB, paused 499us total 30.969ms
08-04 13:54:59.016 26384 26395 I art     : Starting a blocking GC Explicit
08-04 13:54:59.043 26384 26395 I art     : Explicit concurrent mark sweep GC freed 167(3KB) AllocSpace objects, 0(0B) LOS objects, 28% free, 39MB/55MB, paused 458us total 27.562ms
08-04 13:54:59.056 26384 26395 I art     : Starting a blocking GC Explicit
08-04 13:54:59.084 26384 26395 I art     : Explicit concurrent mark sweep GC freed 219(3KB) AllocSpace objects, 0(0B) LOS objects, 28% free, 39MB/55MB, paused 455us total 27.601ms
08-04 13:54:59.096 26384 26395 I art     : Starting a blocking GC Explicit
08-04 13:54:59.125 26384 26395 I art     : Explicit concurrent mark sweep GC freed 146(2464B) AllocSpace objects, 0(0B) LOS objects, 28% free, 39MB/55MB, paused 440us total 28.647ms
08-04 13:54:59.138 26384 26395 I art     : Starting a blocking GC Explicit
08-04 13:54:59.167 26384 26395 I art     : Explicit concurrent mark sweep GC freed 219(3KB) AllocSpace objects, 0(0B) LOS objects, 28% free, 39MB/55MB, paused 518us total 28.885ms
08-04 13:54:59.487 26384 26888 I art     : Starting a blocking GC Explicit
08-04 13:54:59.515 26384 26888 I art     : Explicit concurrent mark sweep GC freed 2895(107KB) AllocSpace objects, 2(40KB) LOS objects, 28% free, 39MB/55MB, paused 623us total 28.115ms
08-04 13:54:59.528 26384 26888 I art     : Starting a blocking GC Explicit
08-04 13:54:59.553 26384 26888 I art     : Explicit concurrent mark sweep GC freed 239(4KB) AllocSpace objects, 0(0B) LOS objects, 28% free, 39MB/55MB, paused 419us total 24.840ms
08-04 13:54:59.565 26384 26888 I art     : Starting a blocking GC Explicit
08-04 13:54:59.581 24365 25567 I NetworkScheduler.Stats: Task com.google.android.apps.gcs/ started execution. cause:4 exec_start_elapsed_seconds: 1695903 [CONTEXT service_id=218 ]
08-04 13:54:59.582 26348 26990 W Gcs.WfaEliRefreshTask: [24111] afk.b: NULL eligibility response.
08-04 13:54:59.586 24365 25567 I NetworkScheduler.Stats: Task com.google.android.apps.gcs/ finished executing. cause:4 result: 3 elapsed_millis: 13 uptime_millis: 12 exec_start_elapsed_seconds: 1695903 [CONTEXT service_id=218 ]
08-04 13:54:59.591 26384 26888 I art     : Explicit concurrent mark sweep GC freed 146(2464B) AllocSpace objects, 0(0B) LOS objects, 28% free, 39MB/55MB, paused 447us total 25.951ms
08-04 13:54:59.603 26384 26888 I art     : Starting a blocking GC Explicit
08-04 13:54:59.628 26384 26888 I art     : Explicit concurrent mark sweep GC freed 148(2528B) AllocSpace objects, 0(0B) LOS objects, 28% free, 39MB/55MB, paused 418us total 25.267ms
08-04 13:54:59.640 26384 26888 I art     : Starting a blocking GC Explicit
08-04 13:54:59.640 24365 23406 I NetworkScheduler.Stats: Task com.google.android.gms/com.google.android.gms.common.stats.net.NetworkReportService started execution. cause:5 exec_start_elapsed_seconds: 1695903 [CONTEXT service_id=218 ]
08-04 13:54:59.655 26978 26978 D AndroidRuntime: >>>>>> START com.android.internal.os.RuntimeInit uid 2000 <<<<<<
08-04 13:54:59.659 26978 26978 D AndroidRuntime: CheckJNI is OFF
08-04 13:54:59.664 26384 26888 I art     : Explicit concurrent mark sweep GC freed 155(2624B) AllocSpace objects, 0(0B) LOS objects, 28% free, 39MB/55MB, paused 566us total 24.285ms
08-04 13:54:59.672 24365 25567 I NetworkScheduler.Stats: Task com.google.android.gms/com.google.android.gms.clearcut.uploader.QosUploaderService started execution. cause:5 exec_start_elapsed_seconds: 1695903 [CONTEXT service_id=218 ]
08-04 13:54:59.692 26978 26978 D ICU     : No timezone override file found: /data/misc/zoneinfo/current/icu/icu_tzdata.dat
08-04 13:54:59.720 26978 26978 I Radio-JNI: register_android_hardware_Radio DONE
08-04 13:54:59.740 26978 26978 D AndroidRuntime: Calling main entry com.android.commands.input.Input
08-04 13:54:59.741 26978 26978 I Input   : injectKeyEvent: KeyEvent { action=ACTION_DOWN, keyCode=KEYCODE_BACK, scanCode=0, metaState=0, flags=0x0, repeatCount=0, eventTime=712516155, downTime=712516155, deviceId=-1, source=0x101 }
08-04 13:54:59.746 26978 26978 I Input   : injectKeyEvent: KeyEvent { action=ACTION_UP, keyCode=KEYCODE_BACK, scanCode=0, metaState=0, flags=0x0, repeatCount=0, eventTime=712516155, downTime=712516155, deviceId=-1, source=0x101 }
08-04 13:54:59.754 26978 26978 D AndroidRuntime: Shutting down VM
08-04 13:54:59.790 13866 13866 I GoogleInputMethodServic: GoogleInputMethodService.onFinishInput():3138 
08-04 13:54:59.791 13866 13866 I GoogleInputMethodServic: GoogleInputMethodService.onStartInput():1808 
08-04 13:54:59.953 26384 26888 I art     : Starting a blocking GC Explicit
08-04 13:54:59.973   918  6110 I AccountManagerService: getTypesVisibleToCaller: isPermitted? true
08-04 13:54:59.978 26384 26888 I art     : Explicit concurrent mark sweep GC freed 2891(109KB) AllocSpace objects, 2(40KB) LOS objects, 28% free, 39MB/55MB, paused 427us total 24.751ms
08-04 13:54:59.978   918  6112 I AccountManagerService: getTypesVisibleToCaller: isPermitted? true
08-04 13:54:59.986   918  5481 I AccountManagerService: getTypesVisibleToCaller: isPermitted? true
08-04 13:54:59.990 26384 26888 I art     : Starting a blocking GC Explicit
08-04 13:54:59.995   918  6111 I AccountManagerService: getTypesVisibleToCaller: isPermitted? true
08-04 13:55:00.014 26384 26888 I art     : Explicit concurrent mark sweep GC freed 170(3KB) AllocSpace objects, 0(0B) LOS objects, 28% free, 39MB/55MB, paused 474us total 24.015ms
08-04 13:55:00.016   918  5132 I AccountManagerService: getTypesVisibleToCaller: isPermitted? true
08-04 13:55:00.028 26384 26888 I art     : Starting a blocking GC Explicit
08-04 13:55:00.033   918   927 I art     : Background partial concurrent mark sweep GC freed 100549(8MB) AllocSpace objects, 121(2MB) LOS objects, 18% free, 69MB/85MB, paused 10.476ms total 180.683ms
08-04 13:55:00.038   918  6111 I AccountManagerService: getTypesVisibleToCaller: isPermitted? true
08-04 13:55:00.043   918  3696 I AccountManagerService: getTypesVisibleToCaller: isPermitted? true
08-04 13:55:00.048   918  5952 I AccountManagerService: getTypesVisibleToCaller: isPermitted? true
08-04 13:55:00.053 26384 26888 I art     : Explicit concurrent mark sweep GC freed 219(3KB) AllocSpace objects, 0(0B) LOS objects, 28% free, 39MB/55MB, paused 423us total 24.747ms
08-04 13:55:00.055   918  3670 I AccountManagerService: getTypesVisibleToCaller: isPermitted? true
08-04 13:55:00.060   918  5132 I AccountManagerService: getTypesVisibleToCaller: isPermitted? true
08-04 13:55:00.065 26384 26888 I art     : Starting a blocking GC Explicit
08-04 13:55:00.066   918  6111 I AccountManagerService: getTypesVisibleToCaller: isPermitted? true
08-04 13:55:00.074   918   928 I AccountManagerService: getTypesVisibleToCaller: isPermitted? true
08-04 13:55:00.079   918  6029 I AccountManagerService: getTypesVisibleToCaller: isPermitted? true
08-04 13:55:00.080   380   380 W SurfaceFlinger: couldn't log to binary event log: overflow.
08-04 13:55:00.086   918  6029 I AccountManagerService: getTypesVisibleToCaller: isPermitted? true
08-04 13:55:00.089 26384 26888 I art     : Explicit concurrent mark sweep GC freed 920(38KB) AllocSpace objects, 2(364KB) LOS objects, 29% free, 38MB/54MB, paused 457us total 24.562ms
08-04 13:55:00.091   918  5481 I AccountManagerService: getTypesVisibleToCaller: isPermitted? true
08-04 13:55:00.098   918  6110 I AccountManagerService: getTypesVisibleToCaller: isPermitted? true
08-04 13:55:00.101 26384 26888 I art     : Starting a blocking GC Explicit
08-04 13:55:00.106   918  3961 I AccountManagerService: getTypesVisibleToCaller: isPermitted? true
08-04 13:55:00.111   918  3670 I AccountManagerService: getTypesVisibleToCaller: isPermitted? true
08-04 13:55:00.116   918  6110 I AccountManagerService: getTypesVisibleToCaller: isPermitted? true
08-04 13:55:00.121   918  4413 I AccountManagerService: getTypesVisibleToCaller: isPermitted? true
08-04 13:55:00.124 26384 26888 I art     : Explicit concurrent mark sweep GC freed 127(3KB) AllocSpace objects, 0(0B) LOS objects, 29% free, 38MB/54MB, paused 418us total 22.951ms
08-04 13:55:00.127   918  5132 I AccountManagerService: getTypesVisibleToCaller: isPermitted? true
08-04 13:55:00.132   918  6111 I AccountManagerService: getTypesVisibleToCaller: isPermitted? true
08-04 13:55:00.138   918  3961 I AccountManagerService: getTypesVisibleToCaller: isPermitted? true
08-04 13:55:00.144   918  3359 I AccountManagerService: getTypesVisibleToCaller: isPermitted? true
08-04 13:55:00.153   918  3696 I AccountManagerService: getTypesVisibleToCaller: isPermitted? true
08-04 13:55:00.158   918  4413 I AccountManagerService: getTypesVisibleToCaller: isPermitted? true
08-04 13:55:00.163   918  3961 I AccountManagerService: getTypesVisibleToCaller: isPermitted? true
08-04 13:55:00.189   918  5952 I AccountManagerService: getTypesVisibleToCaller: isPermitted? true
08-04 13:55:00.324 24365  7397 W Conscrypt: Could not set socket write timeout: java.net.SocketException: Socket closed
08-04 13:55:00.324 24365  7397 E art     : invalid stream - problem with parameter iterator in /data/app/com.google.android.gms-2/base.apk:classes3.dex for method void com.google.android.gms.org.conscrypt.ConscryptFileDescriptorSocket.setSoWriteTimeout(int)
08-04 13:55:00.341 24365  7397 W Conscrypt: 	at com.google.android.gms.org.conscrypt.Platform.setSocketWriteTimeout(:com.google.android.gms@202614019@20.26.14 (040400-320008519):2)
08-04 13:55:00.341 24365  7397 W Conscrypt: 	at com.google.android.gms.org.conscrypt.ConscryptFileDescriptorSocket.setSoWriteTimeout(:com.google.android.gms@202614019@20.26.14 (040400-320008519))
08-04 13:55:00.367 24365  7397 W Conscrypt: Could not set socket write timeout: java.net.SocketException: Socket closed
08-04 13:55:00.367 24365  7397 E art     : invalid stream - problem with parameter iterator in /data/app/com.google.android.gms-2/base.apk:classes3.dex for method void com.google.android.gms.org.conscrypt.ConscryptFileDescriptorSocket.setSoWriteTimeout(int)
08-04 13:55:00.367 24365  7397 W Conscrypt: 	at com.google.android.gms.org.conscrypt.Platform.setSocketWriteTimeout(:com.google.android.gms@202614019@20.26.14 (040400-320008519):2)
08-04 13:55:00.367 24365  7397 W Conscrypt: 	at com.google.android.gms.org.conscrypt.ConscryptFileDescriptorSocket.setSoWriteTimeout(:com.google.android.gms@202614019@20.26.14 (040400-320008519))
08-04 13:55:00.386   918  6029 I AccountManagerService: getTypesVisibleToCaller: isPermitted? true
08-04 13:55:00.421 24365  7397 E CCTUploader: Clearcut transport failed to make network request. Use 230 milliseconds.
08-04 13:55:00.421 24365  7397 E CCTUploader: java.io.IOException: unexpected end of stream on Connection{play.googleapis.com:443, proxy=HTTP@192.168.2.12:8080 hostAddress=192.168.2.12 cipherSuite=TLS_AES_256_GCM_SHA384 protocol=http/1.1} (recycle count=0)
08-04 13:55:00.421 24365  7397 E CCTUploader: 	at com.android.okhttp.internal.http.HttpConnection.readResponse(HttpConnection.java:210)
08-04 13:55:00.421 24365  7397 E CCTUploader: 	at com.android.okhttp.internal.http.HttpTransport.readResponseHeaders(HttpTransport.java:80)
08-04 13:55:00.421 24365  7397 E CCTUploader: 	at com.android.okhttp.internal.http.HttpEngine.readNetworkResponse(HttpEngine.java:904)
08-04 13:55:00.421 24365  7397 E CCTUploader: 	at com.android.okhttp.internal.http.HttpEngine.readResponse(HttpEngine.java:788)
08-04 13:55:00.421 24365  7397 E CCTUploader: 	at com.android.okhttp.internal.huc.HttpURLConnectionImpl.execute(HttpURLConnectionImpl.java:439)
08-04 13:55:00.421 24365  7397 E CCTUploader: 	at com.android.okhttp.internal.huc.HttpURLConnectionImpl.getResponse(HttpURLConnectionImpl.java:384)
08-04 13:55:00.421 24365  7397 E CCTUploader: 	at com.android.okhttp.internal.huc.HttpURLConnectionImpl.getResponseCode(HttpURLConnectionImpl.java:497)
08-04 13:55:00.421 24365  7397 E CCTUploader: 	at com.android.okhttp.internal.huc.DelegatingHttpsURLConnection.getResponseCode(DelegatingHttpsURLConnection.java:105)
08-04 13:55:00.421 24365  7397 E CCTUploader: 	at com.android.okhttp.internal.huc.HttpsURLConnectionImpl.getResponseCode(HttpsURLConnectionImpl.java)
08-04 13:55:00.421 24365  7397 E CCTUploader: 	at aboy.a(:com.google.android.gms@202614019@20.26.14 (040400-320008519):29)
08-04 13:55:00.421 24365  7397 E CCTUploader: 	at aboy.execute(:com.google.android.gms@202614019@20.26.14 (040400-320008519):8)
08-04 13:55:00.421 24365  7397 E CCTUploader: 	at aboy.execute(:com.google.android.gms@202614019@20.26.14 (040400-320008519):7)
08-04 13:55:00.421 24365  7397 E CCTUploader: 	at rbc.a(:com.google.android.gms@202614019@20.26.14 (040400-320008519):7)
08-04 13:55:00.421 24365  7397 E CCTUploader: 	at rbc.a(:com.google.android.gms@202614019@20.26.14 (040400-320008519):30)
08-04 13:55:00.421 24365  7397 E CCTUploader: 	at com.google.android.gms.clearcut.uploader.QosUploaderChimeraService.a(:com.google.android.gms@202614019@20.26.14 (040400-320008519):110)
08-04 13:55:00.421 24365  7397 E CCTUploader: 	at com.google.android.gms.clearcut.uploader.QosUploaderChimeraService.a(:com.google.android.gms@202614019@20.26.14 (040400-320008519):2)
08-04 13:55:00.421 24365  7397 E CCTUploader: 	at aegr.call(Unknown Source)
08-04 13:55:00.421 24365  7397 E CCTUploader: 	at java.util.concurrent.FutureTask.run(FutureTask.java:237)
08-04 13:55:00.421 24365  7397 E CCTUploader: 	at skp.b(:com.google.android.gms@202614019@20.26.14 (040400-320008519):12)
08-04 13:55:00.421 24365  7397 E CCTUploader: 	at skp.run(:com.google.android.gms@202614019@20.26.14 (040400-320008519):7)
08-04 13:55:00.421 24365  7397 E CCTUploader: 	at java.util.concurrent.ThreadPoolExecutor.runWorker(ThreadPoolExecutor.java:1113)
08-04 13:55:00.421 24365  7397 E CCTUploader: 	at java.util.concurrent.ThreadPoolExecutor$Worker.run(ThreadPoolExecutor.java:588)
08-04 13:55:00.421 24365  7397 E CCTUploader: 	at sql.run(:com.google.android.gms@202614019@20.26.14 (040400-320008519):0)
08-04 13:55:00.421 24365  7397 E CCTUploader: 	at java.lang.Thread.run(Thread.java:818)
08-04 13:55:00.421 24365  7397 E CCTUploader: Caused by: java.io.EOFException: \n not found: size=0 content=...
08-04 13:55:00.421 24365  7397 E CCTUploader: 	at com.android.okhttp.okio.RealBufferedSource.readUtf8LineStrict(RealBufferedSource.java:200)
08-04 13:55:00.421 24365  7397 E CCTUploader: 	at com.android.okhttp.internal.http.HttpConnection.readResponse(HttpConnection.java:191)
08-04 13:55:00.421 24365  7397 E CCTUploader: 	... 23 more
08-04 13:55:00.446 26384 26396 I art     : Starting a blocking GC Explicit
08-04 13:55:00.471 26384 26396 I art     : Explicit concurrent mark sweep GC freed 7823(364KB) AllocSpace objects, 3(68KB) LOS objects, 29% free, 38MB/54MB, paused 477us total 24.556ms
08-04 13:55:00.483 26384 26396 I art     : Starting a blocking GC Explicit
08-04 13:55:00.505 26384 26396 I art     : Explicit concurrent mark sweep GC freed 118(2384B) AllocSpace objects, 0(0B) LOS objects, 29% free, 38MB/54MB, paused 431us total 22.414ms
08-04 13:55:00.516 26384 26396 I art     : Starting a blocking GC Explicit
08-04 13:55:00.538 26384 26396 I art     : Explicit concurrent mark sweep GC freed 99(1696B) AllocSpace objects, 0(0B) LOS objects, 29% free, 38MB/54MB, paused 433us total 21.281ms
08-04 13:55:00.549 26384 26396 I art     : Starting a blocking GC Explicit
08-04 13:55:00.571 26384 26396 I art     : Explicit concurrent mark sweep GC freed 99(1696B) AllocSpace objects, 0(0B) LOS objects, 29% free, 38MB/54MB, paused 414us total 21.344ms
08-04 13:55:00.582 26384 26396 I art     : Starting a blocking GC Explicit
08-04 13:55:00.604 26384 26396 I art     : Explicit concurrent mark sweep GC freed 99(1696B) AllocSpace objects, 0(0B) LOS objects, 29% free, 38MB/54MB, paused 430us total 21.308ms
08-04 13:55:00.622   918   927 I art     : Background partial concurrent mark sweep GC freed 15355(763KB) AllocSpace objects, 2(40KB) LOS objects, 18% free, 69MB/85MB, paused 1.447ms total 152.763ms
08-04 13:55:00.626 24365 25567 I NetworkScheduler.Stats: Task com.google.android.gms/com.google.android.gms.clearcut.uploader.QosUploaderService finished executing. cause:5 result: 2 elapsed_millis: 980 uptime_millis: 980 exec_start_elapsed_seconds: 1695903 [CONTEXT service_id=218 ]
08-04 13:55:00.682 24365 23406 I NetworkScheduler.Stats: Task com.google.android.gms/com.google.android.gms.checkin.EventLogService started execution. cause:5 exec_start_elapsed_seconds: 1695904 [CONTEXT service_id=218 ]
08-04 13:55:00.688 24365  7398 I NetworkScheduler.Stats: Task com.google.android.gms/com.google.android.gms.common.stats.net.NetworkReportService finished executing. cause:5 result: 1 elapsed_millis: 1071 uptime_millis: 1071 exec_start_elapsed_seconds: 1695903 [CONTEXT service_id=218 ]
08-04 13:55:00.693 24577 22341 I Checkin : [EventLogChimeraService] Opted in for usage reporting: false
08-04 13:55:00.693 24577 22341 I Checkin : [EventLogChimeraService] Aggregate from 1596540569276 (log), 1596540569276 (data)
08-04 13:55:00.716 24365  7398 I NetworkScheduler.Stats: Task com.google.android.apps.gcs/ started execution. cause:5 exec_start_elapsed_seconds: 1695904 [CONTEXT service_id=218 ]
08-04 13:55:00.815 24365  7397 I NetworkScheduler.Stats: Task com.google.android.apps.gcs/ finished executing. cause:5 result: 1 elapsed_millis: 103 uptime_millis: 102 exec_start_elapsed_seconds: 1695904 [CONTEXT service_id=218 ]
08-04 13:55:00.840 24365  7397 I NetworkScheduler.Stats: Task com.google.android.apps.gcs/ started execution. cause:5 exec_start_elapsed_seconds: 1695904 [CONTEXT service_id=218 ]
08-04 13:55:00.842 26348 27037 W Gcs.WfaEliRefreshTask: [24113] afk.b: NULL eligibility response.
08-04 13:55:00.844 24365  7397 I NetworkScheduler.Stats: Task com.google.android.apps.gcs/ finished executing. cause:5 result: 3 elapsed_millis: 9 uptime_millis: 8 exec_start_elapsed_seconds: 1695904 [CONTEXT service_id=218 ]
08-04 13:55:00.915 26384 26402 I art     : Starting a blocking GC Explicit
08-04 13:55:00.939 26384 26402 I art     : Explicit concurrent mark sweep GC freed 2387(98KB) AllocSpace objects, 2(40KB) LOS objects, 29% free, 38MB/54MB, paused 427us total 23.479ms
08-04 13:55:00.950 26384 26402 I art     : Starting a blocking GC Explicit
08-04 13:55:00.973 26384 26402 I art     : Explicit concurrent mark sweep GC freed 122(2528B) AllocSpace objects, 0(0B) LOS objects, 29% free, 38MB/54MB, paused 420us total 22.910ms
08-04 13:55:00.985 26384 26402 I art     : Starting a blocking GC Explicit
08-04 13:55:01.008 26384 26402 I art     : Explicit concurrent mark sweep GC freed 99(1696B) AllocSpace objects, 0(0B) LOS objects, 29% free, 38MB/54MB, paused 417us total 22.673ms
08-04 13:55:01.019 26384 26402 I art     : Starting a blocking GC Explicit
08-04 13:55:01.042 26384 26402 I art     : Explicit concurrent mark sweep GC freed 99(1696B) AllocSpace objects, 0(0B) LOS objects, 29% free, 38MB/54MB, paused 417us total 22.587ms
08-04 13:55:01.053 26384 26402 I art     : Starting a blocking GC Explicit
08-04 13:55:01.076 26384 26402 I art     : Explicit concurrent mark sweep GC freed 99(1696B) AllocSpace objects, 0(0B) LOS objects, 29% free, 38MB/54MB, paused 430us total 21.944ms
08-04 13:55:01.350 27038 27038 D AndroidRuntime: >>>>>> START com.android.internal.os.RuntimeInit uid 2000 <<<<<<
08-04 13:55:01.354 27038 27038 D AndroidRuntime: CheckJNI is OFF
08-04 13:55:01.369 26384 26888 I art     : Starting a blocking GC Explicit
08-04 13:55:01.386 27038 27038 D ICU     : No timezone override file found: /data/misc/zoneinfo/current/icu/icu_tzdata.dat
08-04 13:55:01.392 26384 26888 I art     : Explicit concurrent mark sweep GC freed 2340(98KB) AllocSpace objects, 2(40KB) LOS objects, 29% free, 38MB/54MB, paused 431us total 22.803ms
08-04 13:55:01.403 26384 26888 I art     : Starting a blocking GC Explicit
08-04 13:55:01.417 27038 27038 I Radio-JNI: register_android_hardware_Radio DONE
08-04 13:55:01.426 26384 26888 I art     : Explicit concurrent mark sweep GC freed 118(2384B) AllocSpace objects, 0(0B) LOS objects, 29% free, 38MB/54MB, paused 423us total 22.737ms
08-04 13:55:01.438 26384 26888 I art     : Starting a blocking GC Explicit
08-04 13:55:01.438 27038 27038 D AndroidRuntime: Calling main entry com.android.commands.input.Input
08-04 13:55:01.439 27038 27038 I Input   : injectMotionEvent: MotionEvent { action=ACTION_DOWN, actionButton=0, id[0]=0, x[0]=504.0, y[0]=1706.0, toolType[0]=TOOL_TYPE_UNKNOWN, buttonState=0, metaState=0, flags=0x0, edgeFlags=0x0, pointerCount=1, historySize=0, eventTime=712517852, downTime=712517852, deviceId=0, source=0x1002 }
08-04 13:55:01.443 27038 27038 I Input   : injectMotionEvent: MotionEvent { action=ACTION_UP, actionButton=0, id[0]=0, x[0]=504.0, y[0]=1706.0, toolType[0]=TOOL_TYPE_UNKNOWN, buttonState=0, metaState=0, flags=0x0, edgeFlags=0x0, pointerCount=1, historySize=0, eventTime=712517852, downTime=712517852, deviceId=0, source=0x1002 }
08-04 13:55:01.444 27038 27038 D AndroidRuntime: Shutting down VM
08-04 13:55:01.445   512  2967 D audio_hw_primary: out_set_parameters: enter: usecase(1: low-latency-playback) kvpairs: routing=2
08-04 13:55:01.448   918   929 I ActivityManager: START u0 {cmp=baseline.io.github.project_travel_mate/.destinations.funfacts.FunFactsActivity (has extras)} from uid 10650 on display 0
08-04 13:55:01.458   512  2967 D audio_hw_primary: select_devices: out_snd_device(2: speaker) in_snd_device(0: none)
08-04 13:55:01.458   512  2967 D msm8974_platform: platform_send_audio_calibration: sending audio calibration for snd_device(2) acdb_id(15)
08-04 13:55:01.458   512  2967 I soundtrigger: audio_extn_sound_trigger_update_device_status: device 0x2 of type 0 for Event 1
08-04 13:55:01.460 26384 26888 I art     : Explicit concurrent mark sweep GC freed 1193(118KB) AllocSpace objects, 0(0B) LOS objects, 29% free, 38MB/54MB, paused 532us total 22.435ms
08-04 13:55:01.468   512  2967 D audio_hw_primary: enable_snd_device: snd_device(2: speaker)
08-04 13:55:01.470   512  2967 D audio_hw_primary: enable_audio_route: apply and update mixer path: low-latency-playback speaker
08-04 13:55:01.470 26384 26462 D Gabe    : call	returning from cache
08-04 13:55:01.474 26384 26888 I art     : Starting a blocking GC Explicit
08-04 13:55:01.477 26384 26384 V EXECUTING: https://project-travel-mate.herokuapp.com/api/get-city-facts/1
08-04 13:55:01.499 26384 26888 I art     : Explicit concurrent mark sweep GC freed 1309(125KB) AllocSpace objects, 0(0B) LOS objects, 29% free, 38MB/54MB, paused 626us total 24.597ms
08-04 13:55:01.510 26384 26888 I art     : Starting a blocking GC Explicit
08-04 13:55:01.532 26384 26888 I art     : Explicit concurrent mark sweep GC freed 205(10KB) AllocSpace objects, 0(0B) LOS objects, 29% free, 38MB/54MB, paused 488us total 21.937ms
08-04 13:55:01.614 13866 13866 I GoogleInputMethodServic: GoogleInputMethodService.onFinishInput():3138 
08-04 13:55:01.614   918   936 I ActivityManager: Displayed baseline.io.github.project_travel_mate/.destinations.funfacts.FunFactsActivity: +156ms
08-04 13:55:01.615 13866 13866 I GoogleInputMethodServic: GoogleInputMethodService.onStartInput():1808 
08-04 13:55:01.832 26384 26402 I art     : Starting a blocking GC Explicit
08-04 13:55:01.857 26384 26402 I art     : Explicit concurrent mark sweep GC freed 2813(114KB) AllocSpace objects, 2(40KB) LOS objects, 27% free, 43MB/59MB, paused 516us total 25.323ms
08-04 13:55:01.866   380   380 W SurfaceFlinger: couldn't log to binary event log: overflow.
08-04 13:55:01.869 26384 26402 I art     : Starting a blocking GC Explicit
08-04 13:55:01.893 26384 26402 I art     : Explicit concurrent mark sweep GC freed 171(3KB) AllocSpace objects, 0(0B) LOS objects, 27% free, 43MB/59MB, paused 446us total 23.341ms
08-04 13:55:01.905 26384 26402 I art     : Starting a blocking GC Explicit
08-04 13:55:01.928 26384 26402 I art     : Explicit concurrent mark sweep GC freed 147(2496B) AllocSpace objects, 0(0B) LOS objects, 27% free, 43MB/59MB, paused 452us total 22.671ms
08-04 13:55:01.939 26384 26402 I art     : Starting a blocking GC Explicit
08-04 13:55:01.962 26384 26402 I art     : Explicit concurrent mark sweep GC freed 147(2496B) AllocSpace objects, 0(0B) LOS objects, 27% free, 43MB/59MB, paused 462us total 22.563ms
08-04 13:55:01.973 26384 26402 I art     : Starting a blocking GC Explicit
08-04 13:55:01.997 26384 26402 I art     : Explicit concurrent mark sweep GC freed 185(3KB) AllocSpace objects, 0(0B) LOS objects, 27% free, 43MB/59MB, paused 684us total 23.844ms
08-04 13:55:02.008   512  2967 D audio_hw_primary: disable_audio_route: reset and update mixer path: low-latency-playback speaker
08-04 13:55:02.009   512  2967 D audio_hw_primary: disable_snd_device: snd_device(2: speaker)
08-04 13:55:02.017   512  2967 I soundtrigger: audio_extn_sound_trigger_update_device_status: device 0x2 of type 0 for Event 0
08-04 13:55:02.303 26384 27062 I NAPPA_EXPERIMENTATION: MetricNetworkRequestExecutionTime: REQUEST_DURATION_SYSTEM='826',REQUEST_DURATION_OKHTTP='27',REQUEST_SYNCHRONOUS='FALSE',RESPONSE_CODE='200',RESPONSE_METHOD='GET',RESPONSE_LENGTH_OKHTTP='1793',RESPONSE_LENGTH_HEADER='1793',REQUEST_PROTOCOL='http/1.1',REQUEST_URL='https://project-travel-mate.herokuapp.com/api/get-city-facts/1',
08-04 13:55:02.305 26384 27062 V EXECUTING: https://project-travel-mate.herokuapp.com/api/get-city-images/1
08-04 13:55:02.311 26384 26396 I art     : Starting a blocking GC Explicit
08-04 13:55:02.337 26384 26396 I art     : Explicit concurrent mark sweep GC freed 5355(277KB) AllocSpace objects, 5(240KB) LOS objects, 26% free, 43MB/59MB, paused 519us total 26.170ms
08-04 13:55:02.349 26384 26396 I art     : Starting a blocking GC Explicit
08-04 13:55:02.375 26384 26396 I art     : Explicit concurrent mark sweep GC freed 1119(120KB) AllocSpace objects, 0(0B) LOS objects, 26% free, 43MB/59MB, paused 632us total 25.634ms
08-04 13:55:02.387 26384 26396 I art     : Starting a blocking GC Explicit
08-04 13:55:02.413 26384 26396 I art     : Explicit concurrent mark sweep GC freed 128(2144B) AllocSpace objects, 0(0B) LOS objects, 26% free, 43MB/59MB, paused 658us total 25.385ms
08-04 13:55:02.425 26384 26396 I art     : Starting a blocking GC Explicit
08-04 13:55:02.450 26384 26396 I art     : Explicit concurrent mark sweep GC freed 56(1104B) AllocSpace objects, 0(0B) LOS objects, 26% free, 43MB/59MB, paused 579us total 24.733ms
08-04 13:55:02.462 26384 26396 I art     : Starting a blocking GC Explicit
08-04 13:55:02.488 26384 26396 I art     : Explicit concurrent mark sweep GC freed 103(1808B) AllocSpace objects, 0(0B) LOS objects, 26% free, 43MB/59MB, paused 645us total 25.545ms
08-04 13:55:02.488 26384 26394 I art     : WaitForGcToComplete blocked for 24.453ms for cause HeapTrim
08-04 13:55:02.712 26384 27085 I NAPPA_EXPERIMENTATION: MetricNetworkRequestExecutionTime: REQUEST_DURATION_SYSTEM='405',REQUEST_DURATION_OKHTTP='29',REQUEST_SYNCHRONOUS='FALSE',RESPONSE_CODE='200',RESPONSE_METHOD='GET',RESPONSE_LENGTH_OKHTTP='183',RESPONSE_LENGTH_HEADER='183',REQUEST_PROTOCOL='http/1.1',REQUEST_URL='https://project-travel-mate.herokuapp.com/api/get-city-images/1',
08-04 13:55:02.718   918  5132 I AccountManagerService: getTypesVisibleToCaller: isPermitted? true
08-04 13:55:02.745 24577 22341 I Checkin : [ServiceDumpSys] dumping service [account]
08-04 13:55:02.758 24365  7398 I NetworkScheduler.Stats: Task com.google.android.gms/com.google.android.gms.checkin.EventLogService finished executing. cause:5 result: 1 elapsed_millis: 2095 uptime_millis: 2095 exec_start_elapsed_seconds: 1695904 [CONTEXT service_id=218 ]
08-04 13:55:02.759 26384 27085 V RESPONSE: [{"id":17,"image_url":"https://upload.wikimedia.org/wikipedia/commons/9/94/%E0%B4%96%E0%B5%81%E0%B4%A4%E0%B5%8D%E0%B4%AC%E0%B5%8D_%E0%B4%AE%E0%B4%BF%E0%B4%A8%E0%B4%BE%E0%B5%BC1.jpg"}]
08-04 13:55:02.765   918  6111 I AccountManagerService: getTypesVisibleToCaller: isPermitted? true
08-04 13:55:02.791 26384 26888 I art     : Starting a blocking GC Explicit
08-04 13:55:02.819 26384 26888 I art     : Explicit concurrent mark sweep GC freed 5168(247KB) AllocSpace objects, 5(240KB) LOS objects, 26% free, 43MB/59MB, paused 809us total 27.390ms
08-04 13:55:02.831 26384 26888 I art     : Starting a blocking GC Explicit
08-04 13:55:02.858 26384 26888 I art     : Explicit concurrent mark sweep GC freed 2784(189KB) AllocSpace objects, 0(0B) LOS objects, 26% free, 43MB/59MB, paused 848us total 26.648ms
08-04 13:55:02.869 26384 26888 I art     : Starting a blocking GC Explicit
08-04 13:55:02.896 26384 26888 I art     : Explicit concurrent mark sweep GC freed 1709(70KB) AllocSpace objects, 0(0B) LOS objects, 26% free, 43MB/59MB, paused 508us total 26.008ms
08-04 13:55:02.907 26384 26888 I art     : Starting a blocking GC Explicit
08-04 13:55:02.935 26384 26888 I art     : Explicit concurrent mark sweep GC freed 281(8KB) AllocSpace objects, 1(4MB) LOS objects, 28% free, 39MB/55MB, paused 506us total 27.474ms
08-04 13:55:02.947 26384 26888 I art     : Starting a blocking GC Explicit
08-04 13:55:02.975 26384 26888 I art     : Explicit concurrent mark sweep GC freed 219(3KB) AllocSpace objects, 0(0B) LOS objects, 28% free, 39MB/55MB, paused 517us total 28.026ms
08-04 13:55:03.088   918  3261 D WifiStateMachine: starting scan for "H369AA63323"WPA_PSK with 2412,5180
08-04 13:55:03.326 26384 26395 I art     : Starting a blocking GC Explicit
08-04 13:55:03.357 26384 26395 I art     : Explicit concurrent mark sweep GC freed 3121(111KB) AllocSpace objects, 2(40KB) LOS objects, 28% free, 39MB/55MB, paused 508us total 30.521ms
08-04 13:55:03.371 26384 26395 I art     : Starting a blocking GC Explicit
08-04 13:55:03.400 26384 26395 I art     : Explicit concurrent mark sweep GC freed 166(3KB) AllocSpace objects, 0(0B) LOS objects, 28% free, 39MB/55MB, paused 463us total 28.732ms
08-04 13:55:03.412 26384 26395 I art     : Starting a blocking GC Explicit
08-04 13:55:03.441 26384 26395 I art     : Explicit concurrent mark sweep GC freed 219(3KB) AllocSpace objects, 0(0B) LOS objects, 28% free, 39MB/55MB, paused 501us total 28.475ms
08-04 13:55:03.453 26384 26395 I art     : Starting a blocking GC Explicit
08-04 13:55:03.483 26384 26395 I art     : Explicit concurrent mark sweep GC freed 147(2496B) AllocSpace objects, 0(0B) LOS objects, 28% free, 39MB/55MB, paused 499us total 29.673ms
08-04 13:55:03.491   518   646 I ThermalEngine: ACTION: GPU - Setting GPU[0] to 450000000
08-04 13:55:03.503 26384 26395 I art     : Starting a blocking GC Explicit
08-04 13:55:03.541 26384 26395 I art     : Explicit concurrent mark sweep GC freed 290(4KB) AllocSpace objects, 0(0B) LOS objects, 28% free, 39MB/55MB, paused 671us total 37.882ms
08-04 13:55:03.916 26384 26402 I art     : Starting a blocking GC Explicit
08-04 13:55:03.954 26384 26402 I art     : Explicit concurrent mark sweep GC freed 3170(111KB) AllocSpace objects, 2(40KB) LOS objects, 28% free, 39MB/55MB, paused 815us total 38.434ms
08-04 13:55:03.971 26384 26402 I art     : Starting a blocking GC Explicit
08-04 13:55:04.009 26384 26402 I art     : Explicit concurrent mark sweep GC freed 271(4KB) AllocSpace objects, 0(0B) LOS objects, 28% free, 39MB/55MB, paused 785us total 37.309ms
08-04 13:55:04.025 26384 26402 I art     : Starting a blocking GC Explicit
08-04 13:55:04.064 26384 26402 I art     : Explicit concurrent mark sweep GC freed 244(4KB) AllocSpace objects, 0(0B) LOS objects, 28% free, 39MB/55MB, paused 721us total 38.605ms
08-04 13:55:04.081 26384 26402 I art     : Starting a blocking GC Explicit
08-04 13:55:04.119 26384 26402 I art     : Explicit concurrent mark sweep GC freed 220(3KB) AllocSpace objects, 0(0B) LOS objects, 28% free, 39MB/55MB, paused 666us total 37.846ms
08-04 13:55:04.135 26384 26402 I art     : Starting a blocking GC Explicit
08-04 13:55:04.174 26384 26402 I art     : Explicit concurrent mark sweep GC freed 253(4KB) AllocSpace objects, 0(0B) LOS objects, 28% free, 39MB/55MB, paused 863us total 38.339ms
08-04 13:55:04.257 27109 27109 D AndroidRuntime: >>>>>> START com.android.internal.os.RuntimeInit uid 2000 <<<<<<
08-04 13:55:04.263 27109 27109 D AndroidRuntime: CheckJNI is OFF
08-04 13:55:04.306 27109 27109 D ICU     : No timezone override file found: /data/misc/zoneinfo/current/icu/icu_tzdata.dat
08-04 13:55:04.349 27109 27109 I Radio-JNI: register_android_hardware_Radio DONE
08-04 13:55:04.378 27109 27109 D AndroidRuntime: Calling main entry com.android.commands.input.Input
08-04 13:55:04.380 27109 27109 I Input   : injectKeyEvent: KeyEvent { action=ACTION_DOWN, keyCode=KEYCODE_BACK, scanCode=0, metaState=0, flags=0x0, repeatCount=0, eventTime=712520793, downTime=712520793, deviceId=-1, source=0x101 }
08-04 13:55:04.394 27109 27109 I Input   : injectKeyEvent: KeyEvent { action=ACTION_UP, keyCode=KEYCODE_BACK, scanCode=0, metaState=0, flags=0x0, repeatCount=0, eventTime=712520793, downTime=712520793, deviceId=-1, source=0x101 }
08-04 13:55:04.403 27109 27109 D AndroidRuntime: Shutting down VM
08-04 13:55:04.450 13866 13866 I GoogleInputMethodServic: GoogleInputMethodService.onFinishInput():3138 
08-04 13:55:04.451 13866 13866 I GoogleInputMethodServic: GoogleInputMethodService.onStartInput():1808 
08-04 13:55:04.560 26384 26396 I art     : Starting a blocking GC Explicit
08-04 13:55:04.593 26384 26396 I art     : Explicit concurrent mark sweep GC freed 3298(115KB) AllocSpace objects, 2(40KB) LOS objects, 28% free, 39MB/55MB, paused 727us total 33.302ms
08-04 13:55:04.609 26384 26396 I art     : Starting a blocking GC Explicit
08-04 13:55:04.643 26384 26396 I art     : Explicit concurrent mark sweep GC freed 243(4KB) AllocSpace objects, 0(0B) LOS objects, 28% free, 39MB/55MB, paused 629us total 33.909ms
08-04 13:55:04.660 26384 26396 I art     : Starting a blocking GC Explicit
08-04 13:55:04.693 26384 26396 I art     : Explicit concurrent mark sweep GC freed 219(3KB) AllocSpace objects, 0(0B) LOS objects, 28% free, 39MB/55MB, paused 776us total 33.253ms
08-04 13:55:04.710 26384 26396 I art     : Starting a blocking GC Explicit
08-04 13:55:04.749 26384 26396 I art     : Explicit concurrent mark sweep GC freed 219(3KB) AllocSpace objects, 0(0B) LOS objects, 28% free, 39MB/55MB, paused 671us total 39.031ms
08-04 13:55:04.766 26384 26396 I art     : Starting a blocking GC Explicit
08-04 13:55:04.769   380   380 W SurfaceFlinger: couldn't log to binary event log: overflow.
08-04 13:55:04.800 26384 26396 I art     : Explicit concurrent mark sweep GC freed 988(39KB) AllocSpace objects, 3(644KB) LOS objects, 29% free, 39MB/55MB, paused 677us total 34.192ms
08-04 13:55:05.170 26384 26888 I art     : Starting a blocking GC Explicit
08-04 13:55:05.212 26384 26888 I art     : Explicit concurrent mark sweep GC freed 2785(110KB) AllocSpace objects, 2(40KB) LOS objects, 29% free, 39MB/55MB, paused 718us total 41.446ms
08-04 13:55:05.228 26384 26888 I art     : Starting a blocking GC Explicit
08-04 13:55:05.261 26384 26888 I art     : Explicit concurrent mark sweep GC freed 5492(264KB) AllocSpace objects, 1(28KB) LOS objects, 29% free, 38MB/54MB, paused 653us total 32.655ms
08-04 13:55:05.277 26384 26888 I art     : Starting a blocking GC Explicit
08-04 13:55:05.307 26384 26888 I art     : Explicit concurrent mark sweep GC freed 147(2496B) AllocSpace objects, 0(0B) LOS objects, 29% free, 38MB/54MB, paused 714us total 29.664ms
08-04 13:55:05.322 26384 26888 I art     : Starting a blocking GC Explicit
08-04 13:55:05.356 26384 26888 I art     : Explicit concurrent mark sweep GC freed 146(2464B) AllocSpace objects, 0(0B) LOS objects, 29% free, 38MB/54MB, paused 722us total 33.695ms
08-04 13:55:05.372 26384 26888 I art     : Starting a blocking GC Explicit
08-04 13:55:05.406 26384 26888 I art     : Explicit concurrent mark sweep GC freed 147(2496B) AllocSpace objects, 0(0B) LOS objects, 29% free, 38MB/54MB, paused 704us total 33.520ms
08-04 13:55:05.766 26384 26395 I art     : Starting a blocking GC Explicit
08-04 13:55:05.802 26384 26395 I art     : Explicit concurrent mark sweep GC freed 2532(101KB) AllocSpace objects, 2(40KB) LOS objects, 29% free, 38MB/54MB, paused 664us total 35.739ms
08-04 13:55:05.818 26384 26395 I art     : Starting a blocking GC Explicit
08-04 13:55:05.851 26384 26395 I art     : Explicit concurrent mark sweep GC freed 166(3KB) AllocSpace objects, 0(0B) LOS objects, 29% free, 38MB/54MB, paused 650us total 33.042ms
08-04 13:55:05.867 26384 26395 I art     : Starting a blocking GC Explicit
08-04 13:55:05.900 26384 26395 I art     : Explicit concurrent mark sweep GC freed 147(2496B) AllocSpace objects, 0(0B) LOS objects, 29% free, 38MB/54MB, paused 715us total 32.537ms
08-04 13:55:05.916 26384 26395 I art     : Starting a blocking GC Explicit
08-04 13:55:05.949 26384 26395 I art     : Explicit concurrent mark sweep GC freed 147(2496B) AllocSpace objects, 0(0B) LOS objects, 29% free, 38MB/54MB, paused 675us total 32.996ms
08-04 13:55:05.965 26384 26395 I art     : Starting a blocking GC Explicit
08-04 13:55:05.998 26384 26395 I art     : Explicit concurrent mark sweep GC freed 147(2496B) AllocSpace objects, 0(0B) LOS objects, 29% free, 38MB/54MB, paused 657us total 33.130ms
08-04 13:55:06.208 27163 27163 D AndroidRuntime: >>>>>> START com.android.internal.os.RuntimeInit uid 2000 <<<<<<
08-04 13:55:06.214 27163 27163 D AndroidRuntime: CheckJNI is OFF
08-04 13:55:06.254 27163 27163 D ICU     : No timezone override file found: /data/misc/zoneinfo/current/icu/icu_tzdata.dat
08-04 13:55:06.294 27163 27163 I Radio-JNI: register_android_hardware_Radio DONE
08-04 13:55:06.323 27163 27163 D AndroidRuntime: Calling main entry com.android.commands.input.Input
08-04 13:55:06.325 27163 27163 I Input   : injectMotionEvent: MotionEvent { action=ACTION_DOWN, actionButton=0, id[0]=0, x[0]=693.0, y[0]=1450.0, toolType[0]=TOOL_TYPE_UNKNOWN, buttonState=0, metaState=0, flags=0x0, edgeFlags=0x0, pointerCount=1, historySize=0, eventTime=712522738, downTime=712522738, deviceId=0, source=0x1002 }
08-04 13:55:06.329 27163 27163 I Input   : injectMotionEvent: MotionEvent { action=ACTION_UP, actionButton=0, id[0]=0, x[0]=693.0, y[0]=1450.0, toolType[0]=TOOL_TYPE_UNKNOWN, buttonState=0, metaState=0, flags=0x0, edgeFlags=0x0, pointerCount=1, historySize=0, eventTime=712522738, downTime=712522738, deviceId=0, source=0x1002 }
08-04 13:55:06.331   918  3961 I ActivityManager: START u0 {cmp=baseline.io.github.project_travel_mate/.destinations.description.CityHistoryActivity} from uid 10650 on display 0
08-04 13:55:06.333 27163 27163 D AndroidRuntime: Shutting down VM
08-04 13:55:06.334   512  2967 D audio_hw_primary: out_set_parameters: enter: usecase(1: low-latency-playback) kvpairs: routing=2
08-04 13:55:06.347   512  2967 D audio_hw_primary: select_devices: out_snd_device(2: speaker) in_snd_device(0: none)
08-04 13:55:06.347   512  2967 D msm8974_platform: platform_send_audio_calibration: sending audio calibration for snd_device(2) acdb_id(15)
08-04 13:55:06.347   512  2967 I soundtrigger: audio_extn_sound_trigger_update_device_status: device 0x2 of type 0 for Event 1
08-04 13:55:06.358   512  2967 D audio_hw_primary: enable_snd_device: snd_device(2: speaker)
08-04 13:55:06.360   512  2967 D audio_hw_primary: enable_audio_route: apply and update mixer path: low-latency-playback speaker
08-04 13:55:06.365 26384 26462 D Gabe    : call	returning from cache
08-04 13:55:06.368 26384 26384 V EXECUTING: https://project-travel-mate.herokuapp.com/api/get-city-information/1
08-04 13:55:06.375 26384 26395 I art     : Starting a blocking GC Explicit
08-04 13:55:06.408 26384 26395 I art     : Explicit concurrent mark sweep GC freed 3016(144KB) AllocSpace objects, 2(40KB) LOS objects, 29% free, 38MB/54MB, paused 809us total 32.522ms
08-04 13:55:06.424 26384 26395 I art     : Starting a blocking GC Explicit
08-04 13:55:06.459 26384 26395 I art     : Explicit concurrent mark sweep GC freed 685(22KB) AllocSpace objects, 0(0B) LOS objects, 27% free, 43MB/59MB, paused 900us total 35.209ms
08-04 13:55:06.475 26384 26395 I art     : Starting a blocking GC Explicit
08-04 13:55:06.508 26384 26395 I art     : Explicit concurrent mark sweep GC freed 96(6KB) AllocSpace objects, 0(0B) LOS objects, 26% free, 43MB/59MB, paused 843us total 32.449ms
08-04 13:55:06.514 13866 13866 I GoogleInputMethodServic: GoogleInputMethodService.onFinishInput():3138 
08-04 13:55:06.514 13866 13866 I GoogleInputMethodServic: GoogleInputMethodService.onStartInput():1808 
08-04 13:55:06.515   918   936 I ActivityManager: Displayed baseline.io.github.project_travel_mate/.destinations.description.CityHistoryActivity: +172ms
08-04 13:55:06.524 26384 26395 I art     : Starting a blocking GC Explicit
08-04 13:55:06.558 26384 26395 I art     : Explicit concurrent mark sweep GC freed 148(3KB) AllocSpace objects, 0(0B) LOS objects, 26% free, 43MB/59MB, paused 1.038ms total 34.012ms
08-04 13:55:06.576 26384 26395 I art     : Starting a blocking GC Explicit
08-04 13:55:06.609 26384 26395 I art     : Explicit concurrent mark sweep GC freed 82(1440B) AllocSpace objects, 0(0B) LOS objects, 26% free, 43MB/59MB, paused 799us total 33.022ms
08-04 13:55:06.772   380   380 W SurfaceFlinger: couldn't log to binary event log: overflow.
08-04 13:55:06.901   512  2967 D audio_hw_primary: disable_audio_route: reset and update mixer path: low-latency-playback speaker
08-04 13:55:06.902   512  2967 D audio_hw_primary: disable_snd_device: snd_device(2: speaker)
08-04 13:55:06.911   512  2967 I soundtrigger: audio_extn_sound_trigger_update_device_status: device 0x2 of type 0 for Event 0
08-04 13:55:06.961 26384 26888 I art     : Starting a blocking GC Explicit
08-04 13:55:06.994 26384 26888 I art     : Explicit concurrent mark sweep GC freed 2696(104KB) AllocSpace objects, 2(40KB) LOS objects, 26% free, 43MB/59MB, paused 968us total 32.595ms
08-04 13:55:07.011 26384 26888 I art     : Starting a blocking GC Explicit
08-04 13:55:07.043 26384 26888 I art     : Explicit concurrent mark sweep GC freed 55(1392B) AllocSpace objects, 0(0B) LOS objects, 26% free, 43MB/59MB, paused 1.021ms total 32.448ms
08-04 13:55:07.059 26384 26888 I art     : Starting a blocking GC Explicit
08-04 13:55:07.092 26384 26888 I art     : Explicit concurrent mark sweep GC freed 132(2224B) AllocSpace objects, 0(0B) LOS objects, 26% free, 43MB/59MB, paused 860us total 32.190ms
08-04 13:55:07.108 26384 26888 I art     : Starting a blocking GC Explicit
08-04 13:55:07.140 26384 26888 I art     : Explicit concurrent mark sweep GC freed 107(1808B) AllocSpace objects, 0(0B) LOS objects, 26% free, 43MB/59MB, paused 905us total 32.059ms
08-04 13:55:07.157 26384 26888 I art     : Starting a blocking GC Explicit
08-04 13:55:07.191 26384 26888 I art     : Explicit concurrent mark sweep GC freed 2448(126KB) AllocSpace objects, 3(200KB) LOS objects, 26% free, 43MB/59MB, paused 1.041ms total 34.272ms
08-04 13:55:07.228 26384 27187 I NAPPA_EXPERIMENTATION: MetricNetworkRequestExecutionTime: REQUEST_DURATION_SYSTEM='860',REQUEST_DURATION_OKHTTP='32',REQUEST_SYNCHRONOUS='FALSE',RESPONSE_CODE='200',RESPONSE_METHOD='GET',RESPONSE_LENGTH_OKHTTP='55024',RESPONSE_LENGTH_HEADER='55024',REQUEST_PROTOCOL='http/1.1',REQUEST_URL='https://project-travel-mate.herokuapp.com/api/get-city-information/1',
08-04 13:55:07.367 13866 13866 I GoogleInputMethodServic: GoogleInputMethodService.onFinishInput():3138 
08-04 13:55:07.367 13866 13866 I GoogleInputMethodServic: GoogleInputMethodService.onStartInput():1808 
08-04 13:55:07.541 26384 26888 I art     : Starting a blocking GC Explicit
08-04 13:55:07.582 26384 26888 I art     : Explicit concurrent mark sweep GC freed 5324(1450KB) AllocSpace objects, 22(4MB) LOS objects, 28% free, 39MB/55MB, paused 702us total 40.923ms
08-04 13:55:07.598 26384 26888 I art     : Starting a blocking GC Explicit
08-04 13:55:07.633 26384 26888 I art     : Explicit concurrent mark sweep GC freed 305(7KB) AllocSpace objects, 0(0B) LOS objects, 28% free, 39MB/55MB, paused 706us total 34.878ms
08-04 13:55:07.650 26384 26888 I art     : Starting a blocking GC Explicit
08-04 13:55:07.686 26384 26888 I art     : Explicit concurrent mark sweep GC freed 219(3KB) AllocSpace objects, 0(0B) LOS objects, 28% free, 39MB/55MB, paused 701us total 35.734ms
08-04 13:55:07.702 26384 26888 I art     : Starting a blocking GC Explicit
08-04 13:55:07.739 26384 26888 I art     : Explicit concurrent mark sweep GC freed 219(3KB) AllocSpace objects, 0(0B) LOS objects, 28% free, 39MB/55MB, paused 700us total 36.263ms
08-04 13:55:07.755 26384 26888 I art     : Starting a blocking GC Explicit
08-04 13:55:07.792 26384 26888 I art     : Explicit concurrent mark sweep GC freed 252(4KB) AllocSpace objects, 0(0B) LOS objects, 28% free, 39MB/55MB, paused 893us total 36.310ms
08-04 13:55:08.165 26384 26396 I art     : Starting a blocking GC Explicit
08-04 13:55:08.204 26384 26396 I art     : Explicit concurrent mark sweep GC freed 3225(113KB) AllocSpace objects, 2(40KB) LOS objects, 28% free, 39MB/55MB, paused 723us total 38.027ms
08-04 13:55:08.220 26384 26396 I art     : Starting a blocking GC Explicit
08-04 13:55:08.259 26384 26396 I art     : Explicit concurrent mark sweep GC freed 287(5KB) AllocSpace objects, 0(0B) LOS objects, 28% free, 39MB/55MB, paused 800us total 38.217ms
08-04 13:55:08.276 26384 26396 I art     : Starting a blocking GC Explicit
08-04 13:55:08.313 26384 26396 I art     : Explicit concurrent mark sweep GC freed 269(4KB) AllocSpace objects, 0(0B) LOS objects, 28% free, 39MB/55MB, paused 697us total 36.660ms
08-04 13:55:08.330 26384 26396 I art     : Starting a blocking GC Explicit
08-04 13:55:08.368 26384 26396 I art     : Explicit concurrent mark sweep GC freed 219(3KB) AllocSpace objects, 0(0B) LOS objects, 28% free, 39MB/55MB, paused 716us total 37.833ms
08-04 13:55:08.385 26384 26396 I art     : Starting a blocking GC Explicit
08-04 13:55:08.426 26384 26396 I art     : Explicit concurrent mark sweep GC freed 224(3KB) AllocSpace objects, 0(0B) LOS objects, 28% free, 39MB/55MB, paused 872us total 40.666ms
08-04 13:55:08.627   918  3188 I hubconnection: sensorhub said: 'set_bias 3: -6.1824, 0.0000, 0.0000'
08-04 13:55:08.820 26384 26395 I art     : Starting a blocking GC Explicit
08-04 13:55:08.860 26384 26395 I art     : Explicit concurrent mark sweep GC freed 3308(113KB) AllocSpace objects, 2(40KB) LOS objects, 28% free, 39MB/55MB, paused 916us total 39.849ms
08-04 13:55:08.877 26384 26395 I art     : Starting a blocking GC Explicit
08-04 13:55:08.916 26384 26395 I art     : Explicit concurrent mark sweep GC freed 296(5KB) AllocSpace objects, 0(0B) LOS objects, 28% free, 39MB/55MB, paused 717us total 39.060ms
08-04 13:55:08.934 26384 26395 I art     : Starting a blocking GC Explicit
08-04 13:55:08.973 26384 26395 I art     : Explicit concurrent mark sweep GC freed 219(3KB) AllocSpace objects, 0(0B) LOS objects, 28% free, 39MB/55MB, paused 672us total 39.526ms
08-04 13:55:08.990 26384 26395 I art     : Starting a blocking GC Explicit
08-04 13:55:09.031 26384 26395 I art     : Explicit concurrent mark sweep GC freed 290(4KB) AllocSpace objects, 0(0B) LOS objects, 28% free, 39MB/55MB, paused 763us total 40.660ms
08-04 13:55:09.049 26384 26395 I art     : Starting a blocking GC Explicit
08-04 13:55:09.088 26384 26395 I art     : Explicit concurrent mark sweep GC freed 220(3KB) AllocSpace objects, 0(0B) LOS objects, 28% free, 39MB/55MB, paused 707us total 39.430ms
08-04 13:55:09.499 26384 26402 I art     : Starting a blocking GC Explicit
08-04 13:55:09.541 26384 26402 I art     : Explicit concurrent mark sweep GC freed 3372(114KB) AllocSpace objects, 2(40KB) LOS objects, 28% free, 39MB/55MB, paused 721us total 41.652ms
08-04 13:55:09.558 26384 26402 I art     : Starting a blocking GC Explicit
08-04 13:55:09.597 26384 26402 I art     : Explicit concurrent mark sweep GC freed 309(5KB) AllocSpace objects, 0(0B) LOS objects, 28% free, 39MB/55MB, paused 717us total 39.012ms
08-04 13:55:09.614 26384 26402 I art     : Starting a blocking GC Explicit
08-04 13:55:09.654 26384 26402 I art     : Explicit concurrent mark sweep GC freed 220(3KB) AllocSpace objects, 0(0B) LOS objects, 28% free, 39MB/55MB, paused 741us total 40.272ms
08-04 13:55:09.671 26384 26402 I art     : Starting a blocking GC Explicit
08-04 13:55:09.712 26384 26402 I art     : Explicit concurrent mark sweep GC freed 290(4KB) AllocSpace objects, 0(0B) LOS objects, 28% free, 39MB/55MB, paused 689us total 40.858ms
08-04 13:55:09.729 26384 26402 I art     : Starting a blocking GC Explicit
08-04 13:55:09.769 26384 26402 I art     : Explicit concurrent mark sweep GC freed 220(3KB) AllocSpace objects, 0(0B) LOS objects, 28% free, 39MB/55MB, paused 747us total 39.210ms
08-04 13:55:09.904 26337 26337 I ServiceManager: Waiting for service AtCmdFwd...
08-04 13:55:10.141 26384 26888 I art     : Starting a blocking GC Explicit
08-04 13:55:10.185 26384 26888 I art     : Explicit concurrent mark sweep GC freed 3227(112KB) AllocSpace objects, 2(40KB) LOS objects, 28% free, 39MB/55MB, paused 798us total 43.351ms
08-04 13:55:10.204 26384 26888 I art     : Starting a blocking GC Explicit
08-04 13:55:10.243 26384 26888 I art     : Explicit concurrent mark sweep GC freed 240(4KB) AllocSpace objects, 0(0B) LOS objects, 28% free, 39MB/55MB, paused 886us total 38.777ms
08-04 13:55:10.260 26384 26888 I art     : Starting a blocking GC Explicit
08-04 13:55:10.301 26384 26888 I art     : Explicit concurrent mark sweep GC freed 289(4KB) AllocSpace objects, 0(0B) LOS objects, 28% free, 39MB/55MB, paused 751us total 40.597ms
08-04 13:55:10.318 26384 26888 I art     : Starting a blocking GC Explicit
08-04 13:55:10.356 26384 26888 I art     : Explicit concurrent mark sweep GC freed 220(3KB) AllocSpace objects, 0(0B) LOS objects, 28% free, 39MB/55MB, paused 704us total 37.721ms
08-04 13:55:10.373 26384 26888 I art     : Starting a blocking GC Explicit
08-04 13:55:10.414 26384 26888 I art     : Explicit concurrent mark sweep GC freed 292(4KB) AllocSpace objects, 0(0B) LOS objects, 28% free, 39MB/55MB, paused 734us total 40.983ms
08-04 13:55:10.504   518   646 I ThermalEngine: ACTION: GPU - Setting GPU[0] to 510000000
08-04 13:55:10.768 26384 26396 I art     : Starting a blocking GC Explicit
08-04 13:55:10.800 26384 26396 I art     : Explicit concurrent mark sweep GC freed 3083(110KB) AllocSpace objects, 2(40KB) LOS objects, 28% free, 39MB/55MB, paused 546us total 31.323ms
08-04 13:55:10.816 26384 26396 I art     : Starting a blocking GC Explicit
08-04 13:55:10.843 26384 26396 I art     : Explicit concurrent mark sweep GC freed 180(3KB) AllocSpace objects, 0(0B) LOS objects, 28% free, 39MB/55MB, paused 683us total 27.587ms
08-04 13:55:10.856 26384 26396 I art     : Starting a blocking GC Explicit
08-04 13:55:10.884 26384 26396 I art     : Explicit concurrent mark sweep GC freed 205(3KB) AllocSpace objects, 0(0B) LOS objects, 28% free, 39MB/55MB, paused 543us total 27.896ms
08-04 13:55:10.896 26384 26396 I art     : Starting a blocking GC Explicit
08-04 13:55:10.904 26337 26337 I ServiceManager: Waiting for service AtCmdFwd...
08-04 13:55:10.925 26384 26396 I art     : Explicit concurrent mark sweep GC freed 147(2496B) AllocSpace objects, 0(0B) LOS objects, 28% free, 39MB/55MB, paused 512us total 29.277ms
08-04 13:55:10.938 26384 26396 I art     : Starting a blocking GC Explicit
08-04 13:55:10.966 26384 26396 I art     : Explicit concurrent mark sweep GC freed 219(3KB) AllocSpace objects, 0(0B) LOS objects, 28% free, 39MB/55MB, paused 539us total 28.090ms
08-04 13:55:11.031 27251 27251 D AndroidRuntime: >>>>>> START com.android.internal.os.RuntimeInit uid 2000 <<<<<<
08-04 13:55:11.037 27251 27251 D AndroidRuntime: CheckJNI is OFF
08-04 13:55:11.071 27251 27251 D ICU     : No timezone override file found: /data/misc/zoneinfo/current/icu/icu_tzdata.dat
08-04 13:55:11.103 27251 27251 I Radio-JNI: register_android_hardware_Radio DONE
08-04 13:55:11.125 27251 27251 D AndroidRuntime: Calling main entry com.android.commands.input.Input
08-04 13:55:11.127 27251 27251 I Input   : injectKeyEvent: KeyEvent { action=ACTION_DOWN, keyCode=KEYCODE_BACK, scanCode=0, metaState=0, flags=0x0, repeatCount=0, eventTime=712527540, downTime=712527540, deviceId=-1, source=0x101 }
08-04 13:55:11.133 27251 27251 I Input   : injectKeyEvent: KeyEvent { action=ACTION_UP, keyCode=KEYCODE_BACK, scanCode=0, metaState=0, flags=0x0, repeatCount=0, eventTime=712527540, downTime=712527540, deviceId=-1, source=0x101 }
08-04 13:55:11.138 27251 27251 D AndroidRuntime: Shutting down VM
08-04 13:55:11.171 13866 13866 I GoogleInputMethodServic: GoogleInputMethodService.onFinishInput():3138 
08-04 13:55:11.172 13866 13866 I GoogleInputMethodServic: GoogleInputMethodService.onStartInput():1808 
08-04 13:55:11.287 26384 26402 I art     : Starting a blocking GC Explicit
08-04 13:55:11.325 26384 26402 I art     : Explicit concurrent mark sweep GC freed 3064(112KB) AllocSpace objects, 2(40KB) LOS objects, 28% free, 39MB/55MB, paused 544us total 38.169ms
08-04 13:55:11.341 26384 26402 I art     : Starting a blocking GC Explicit
08-04 13:55:11.378 26384 26402 I art     : Explicit concurrent mark sweep GC freed 257(5KB) AllocSpace objects, 0(0B) LOS objects, 28% free, 39MB/55MB, paused 582us total 36.672ms
08-04 13:55:11.395 26384 26402 I art     : Starting a blocking GC Explicit
08-04 13:55:11.435 26384 26402 I art     : Explicit concurrent mark sweep GC freed 286(4KB) AllocSpace objects, 0(0B) LOS objects, 28% free, 39MB/55MB, paused 703us total 39.305ms
08-04 13:55:11.450 26384 26402 I art     : Starting a blocking GC Explicit
08-04 13:55:11.476   380   380 W SurfaceFlinger: couldn't log to binary event log: overflow.
08-04 13:55:11.479 26384 26402 I art     : Explicit concurrent mark sweep GC freed 218(3KB) AllocSpace objects, 0(0B) LOS objects, 28% free, 39MB/55MB, paused 549us total 29.002ms
08-04 13:55:11.493 26384 26402 I art     : Starting a blocking GC Explicit
08-04 13:55:11.521 26384 26402 I art     : Explicit concurrent mark sweep GC freed 125(2768B) AllocSpace objects, 2(364KB) LOS objects, 28% free, 39MB/55MB, paused 542us total 27.458ms
08-04 13:55:11.863 26384 26396 I art     : Starting a blocking GC Explicit
08-04 13:55:11.895 26384 26396 I art     : Explicit concurrent mark sweep GC freed 7198(439KB) AllocSpace objects, 9(172KB) LOS objects, 29% free, 38MB/54MB, paused 666us total 32.251ms
08-04 13:55:11.905 26337 26337 I ServiceManager: Waiting for service AtCmdFwd...
08-04 13:55:11.908 26384 26396 I art     : Starting a blocking GC Explicit
08-04 13:55:11.935 26384 26396 I art     : Explicit concurrent mark sweep GC freed 152(2960B) AllocSpace objects, 0(0B) LOS objects, 29% free, 38MB/54MB, paused 515us total 27.165ms
08-04 13:55:11.947 26384 26396 I art     : Starting a blocking GC Explicit
08-04 13:55:11.974 26384 26396 I art     : Explicit concurrent mark sweep GC freed 99(1696B) AllocSpace objects, 0(0B) LOS objects, 29% free, 38MB/54MB, paused 513us total 26.982ms
08-04 13:55:11.987 26384 26396 I art     : Starting a blocking GC Explicit
08-04 13:55:12.015 26384 26396 I art     : Explicit concurrent mark sweep GC freed 147(2496B) AllocSpace objects, 0(0B) LOS objects, 29% free, 38MB/54MB, paused 521us total 27.415ms
08-04 13:55:12.027 26384 26396 I art     : Starting a blocking GC Explicit
08-04 13:55:12.056 26384 26396 I art     : Explicit concurrent mark sweep GC freed 98(1664B) AllocSpace objects, 0(0B) LOS objects, 29% free, 38MB/54MB, paused 531us total 28.198ms
08-04 13:55:12.387 26384 26395 I art     : Starting a blocking GC Explicit
08-04 13:55:12.415 26384 26395 I art     : Explicit concurrent mark sweep GC freed 2484(100KB) AllocSpace objects, 2(40KB) LOS objects, 29% free, 38MB/54MB, paused 525us total 27.735ms
08-04 13:55:12.428 26384 26395 I art     : Starting a blocking GC Explicit
08-04 13:55:12.454 26384 26395 I art     : Explicit concurrent mark sweep GC freed 117(2352B) AllocSpace objects, 0(0B) LOS objects, 29% free, 38MB/54MB, paused 533us total 26.689ms
08-04 13:55:12.466 26384 26395 I art     : Starting a blocking GC Explicit
08-04 13:55:12.493 26384 26395 I art     : Explicit concurrent mark sweep GC freed 100(1728B) AllocSpace objects, 0(0B) LOS objects, 29% free, 38MB/54MB, paused 530us total 26.168ms
08-04 13:55:12.505 26384 26395 I art     : Starting a blocking GC Explicit
08-04 13:55:12.532 26384 26395 I art     : Explicit concurrent mark sweep GC freed 147(2496B) AllocSpace objects, 0(0B) LOS objects, 29% free, 38MB/54MB, paused 486us total 26.697ms
08-04 13:55:12.544 26384 26395 I art     : Starting a blocking GC Explicit
08-04 13:55:12.571 26384 26395 I art     : Explicit concurrent mark sweep GC freed 98(1664B) AllocSpace objects, 0(0B) LOS objects, 29% free, 38MB/54MB, paused 574us total 26.834ms
08-04 13:55:12.783 27302 27302 D AndroidRuntime: >>>>>> START com.android.internal.os.RuntimeInit uid 2000 <<<<<<
08-04 13:55:12.788 27302 27302 D AndroidRuntime: CheckJNI is OFF
08-04 13:55:12.821 27302 27302 D ICU     : No timezone override file found: /data/misc/zoneinfo/current/icu/icu_tzdata.dat
08-04 13:55:12.856 27302 27302 I Radio-JNI: register_android_hardware_Radio DONE
08-04 13:55:12.877 27302 27302 D AndroidRuntime: Calling main entry com.android.commands.input.Input
08-04 13:55:12.879 27302 27302 I Input   : injectKeyEvent: KeyEvent { action=ACTION_DOWN, keyCode=KEYCODE_BACK, scanCode=0, metaState=0, flags=0x0, repeatCount=0, eventTime=712529292, downTime=712529292, deviceId=-1, source=0x101 }
08-04 13:55:12.884 26384 26888 I art     : Starting a blocking GC Explicit
08-04 13:55:12.885 27302 27302 I Input   : injectKeyEvent: KeyEvent { action=ACTION_UP, keyCode=KEYCODE_BACK, scanCode=0, metaState=0, flags=0x0, repeatCount=0, eventTime=712529292, downTime=712529292, deviceId=-1, source=0x101 }
08-04 13:55:12.891 27302 27302 D AndroidRuntime: Shutting down VM
08-04 13:55:12.901 26384 26384 V MainActivity: url = https://project-travel-mate.herokuapp.com/api/number-of-unread-notifications
08-04 13:55:12.905 26337 26337 I ServiceManager: Waiting for service AtCmdFwd...
08-04 13:55:12.913 26384 26888 I art     : Explicit concurrent mark sweep GC freed 2709(111KB) AllocSpace objects, 2(40KB) LOS objects, 29% free, 38MB/54MB, paused 663us total 28.008ms
08-04 13:55:12.925 26384 26888 I art     : Starting a blocking GC Explicit
08-04 13:55:12.932 13866 13866 I GoogleInputMethodServic: GoogleInputMethodService.onFinishInput():3138 
08-04 13:55:12.933 13866 13866 I GoogleInputMethodServic: GoogleInputMethodService.onStartInput():1808 
08-04 13:55:12.953 26384 26888 I art     : Explicit concurrent mark sweep GC freed 239(8KB) AllocSpace objects, 0(0B) LOS objects, 29% free, 38MB/54MB, paused 734us total 27.539ms
08-04 13:55:12.965 26384 26888 I art     : Starting a blocking GC Explicit
08-04 13:55:12.990 26384 26888 I art     : Explicit concurrent mark sweep GC freed 199(4KB) AllocSpace objects, 0(0B) LOS objects, 29% free, 38MB/54MB, paused 547us total 25.134ms
08-04 13:55:13.002 26384 26888 I art     : Starting a blocking GC Explicit
08-04 13:55:13.027 26384 26888 I art     : Explicit concurrent mark sweep GC freed 169(6KB) AllocSpace objects, 0(0B) LOS objects, 29% free, 38MB/54MB, paused 607us total 24.433ms
08-04 13:55:13.039 26384 26888 I art     : Starting a blocking GC Explicit
08-04 13:55:13.063 26384 26888 I art     : Explicit concurrent mark sweep GC freed 152(2832B) AllocSpace objects, 0(0B) LOS objects, 29% free, 38MB/54MB, paused 537us total 24.346ms
08-04 13:55:13.228   380   380 W SurfaceFlinger: couldn't log to binary event log: overflow.
08-04 13:55:13.365 26384 26396 I art     : Starting a blocking GC Explicit
08-04 13:55:13.394 26384 26396 I art     : Explicit concurrent mark sweep GC freed 2166(96KB) AllocSpace objects, 2(40KB) LOS objects, 29% free, 38MB/54MB, paused 597us total 28.789ms
08-04 13:55:13.406 26384 26396 I art     : Starting a blocking GC Explicit
08-04 13:55:13.435 26384 26396 I art     : Explicit concurrent mark sweep GC freed 234(9KB) AllocSpace objects, 0(0B) LOS objects, 29% free, 38MB/54MB, paused 619us total 28.797ms
08-04 13:55:13.448 26384 26396 I art     : Starting a blocking GC Explicit
08-04 13:55:13.477 26384 26396 I art     : Explicit concurrent mark sweep GC freed 51(896B) AllocSpace objects, 0(0B) LOS objects, 29% free, 38MB/54MB, paused 723us total 29.261ms
08-04 13:55:13.490 26384 26396 I art     : Starting a blocking GC Explicit
08-04 13:55:13.518 26384 26396 I art     : Explicit concurrent mark sweep GC freed 75(1296B) AllocSpace objects, 0(0B) LOS objects, 29% free, 38MB/54MB, paused 630us total 28.614ms
08-04 13:55:13.531 26384 26396 I art     : Starting a blocking GC Explicit
08-04 13:55:13.560 26384 26396 I art     : Explicit concurrent mark sweep GC freed 51(896B) AllocSpace objects, 0(0B) LOS objects, 29% free, 38MB/54MB, paused 622us total 29.518ms
08-04 13:55:13.789 26384 27326 I NAPPA_EXPERIMENTATION: MetricNetworkRequestExecutionTime: REQUEST_DURATION_SYSTEM='887',REQUEST_DURATION_OKHTTP='32',REQUEST_SYNCHRONOUS='FALSE',RESPONSE_CODE='200',RESPONSE_METHOD='GET',RESPONSE_LENGTH_OKHTTP='36',RESPONSE_LENGTH_HEADER='36',REQUEST_PROTOCOL='http/1.1',REQUEST_URL='https://project-travel-mate.herokuapp.com/api/number-of-unread-notifications',
08-04 13:55:13.885 26384 26402 I art     : Starting a blocking GC Explicit
08-04 13:55:13.906 26337 26337 I ServiceManager: Waiting for service AtCmdFwd...
08-04 13:55:13.915 26384 26402 I art     : Explicit concurrent mark sweep GC freed 4760(240KB) AllocSpace objects, 5(240KB) LOS objects, 29% free, 39MB/55MB, paused 666us total 30.075ms
08-04 13:55:13.927 26384 26402 I art     : Starting a blocking GC Explicit
08-04 13:55:13.956 26384 26402 I art     : Explicit concurrent mark sweep GC freed 1008(117KB) AllocSpace objects, 0(0B) LOS objects, 29% free, 39MB/55MB, paused 601us total 28.649ms
08-04 13:55:13.969 26384 26402 I art     : Starting a blocking GC Explicit
08-04 13:55:13.998 26384 26402 I art     : Explicit concurrent mark sweep GC freed 59(1024B) AllocSpace objects, 0(0B) LOS objects, 29% free, 39MB/55MB, paused 685us total 29.318ms
08-04 13:55:14.011 26384 26402 I art     : Starting a blocking GC Explicit
08-04 13:55:14.040 26384 26402 I art     : Explicit concurrent mark sweep GC freed 67(1168B) AllocSpace objects, 0(0B) LOS objects, 29% free, 39MB/55MB, paused 596us total 29.521ms
08-04 13:55:14.053 26384 26402 I art     : Starting a blocking GC Explicit
08-04 13:55:14.083 26384 26402 I art     : Explicit concurrent mark sweep GC freed 75(1296B) AllocSpace objects, 0(0B) LOS objects, 29% free, 39MB/55MB, paused 583us total 29.672ms
08-04 13:55:14.398 26384 26395 I art     : Starting a blocking GC Explicit
08-04 13:55:14.427 26384 26395 I art     : Explicit concurrent mark sweep GC freed 1918(91KB) AllocSpace objects, 2(40KB) LOS objects, 29% free, 39MB/55MB, paused 593us total 29.271ms
08-04 13:55:14.439 26384 26395 I art     : Starting a blocking GC Explicit
08-04 13:55:14.468 26384 26395 I art     : Explicit concurrent mark sweep GC freed 105(2560B) AllocSpace objects, 0(0B) LOS objects, 29% free, 39MB/55MB, paused 593us total 27.902ms
08-04 13:55:14.480 26384 26395 I art     : Starting a blocking GC Explicit
08-04 13:55:14.507 26384 26395 I art     : Explicit concurrent mark sweep GC freed 50(864B) AllocSpace objects, 0(0B) LOS objects, 29% free, 39MB/55MB, paused 592us total 26.915ms
08-04 13:55:14.519 26384 26395 I art     : Starting a blocking GC Explicit
08-04 13:55:14.536 27348 27348 D AndroidRuntime: >>>>>> START com.android.internal.os.RuntimeInit uid 2000 <<<<<<
08-04 13:55:14.541 27348 27348 D AndroidRuntime: CheckJNI is OFF
08-04 13:55:14.552 26384 26395 I art     : Explicit concurrent mark sweep GC freed 81(1488B) AllocSpace objects, 0(0B) LOS objects, 29% free, 39MB/55MB, paused 668us total 32.391ms
08-04 13:55:14.564 26384 26395 I art     : Starting a blocking GC Explicit
08-04 13:55:14.575 27348 27348 D ICU     : No timezone override file found: /data/misc/zoneinfo/current/icu/icu_tzdata.dat
08-04 13:55:14.590 26384 26395 I art     : Explicit concurrent mark sweep GC freed 54(992B) AllocSpace objects, 0(0B) LOS objects, 29% free, 39MB/55MB, paused 588us total 26.372ms
08-04 13:55:14.609 27348 27348 I Radio-JNI: register_android_hardware_Radio DONE
08-04 13:55:14.629 27348 27348 D AndroidRuntime: Calling main entry com.android.commands.input.Input
08-04 13:55:14.630 27348 27348 I Input   : injectMotionEvent: MotionEvent { action=ACTION_DOWN, actionButton=0, id[0]=0, x[0]=346.0, y[0]=709.0, toolType[0]=TOOL_TYPE_UNKNOWN, buttonState=0, metaState=0, flags=0x0, edgeFlags=0x0, pointerCount=1, historySize=0, eventTime=712531043, downTime=712531043, deviceId=0, source=0x1002 }
08-04 13:55:14.636 27348 27348 I Input   : injectMotionEvent: MotionEvent { action=ACTION_UP, actionButton=0, id[0]=0, x[0]=346.0, y[0]=709.0, toolType[0]=TOOL_TYPE_UNKNOWN, buttonState=0, metaState=0, flags=0x0, edgeFlags=0x0, pointerCount=1, historySize=0, eventTime=712531043, downTime=712531043, deviceId=0, source=0x1002 }
08-04 13:55:14.643   918   929 I ActivityManager: START u0 {cmp=baseline.io.github.project_travel_mate/.destinations.description.FinalCityInfoActivity (has extras)} from uid 10650 on display 0
08-04 13:55:14.650 27348 27348 D AndroidRuntime: Shutting down VM
08-04 13:55:14.673 26384 26462 D Gabe    : call	returning from cache
08-04 13:55:14.692 26384 26384 V EXECUTING: https://project-travel-mate.herokuapp.com/api/get-city-weather/1
08-04 13:55:14.820 13866 13866 I GoogleInputMethodServic: GoogleInputMethodService.onFinishInput():3138 
08-04 13:55:14.820   918   936 I ActivityManager: Displayed baseline.io.github.project_travel_mate/.destinations.description.FinalCityInfoActivity: +166ms
08-04 13:55:14.820 13866 13866 I GoogleInputMethodServic: GoogleInputMethodService.onStartInput():1808 
08-04 13:55:14.884 26384 26402 I art     : Starting a blocking GC Explicit
08-04 13:55:14.906 26337 26337 W Atfwd_Sendcmd: AtCmdFwd service not published, waiting... retryCnt : 5
08-04 13:55:14.918 26384 26402 I art     : Explicit concurrent mark sweep GC freed 6920(439KB) AllocSpace objects, 2(40KB) LOS objects, 26% free, 43MB/59MB, paused 1.129ms total 33.527ms
08-04 13:55:14.932 26384 26402 I art     : Starting a blocking GC Explicit
08-04 13:55:14.963 26384 26402 I art     : Explicit concurrent mark sweep GC freed 515(21KB) AllocSpace objects, 0(0B) LOS objects, 26% free, 43MB/59MB, paused 814us total 31.468ms
08-04 13:55:14.976 26384 26402 I art     : Starting a blocking GC Explicit
08-04 13:55:15.003 26384 26402 I art     : Explicit concurrent mark sweep GC freed 150(2672B) AllocSpace objects, 0(0B) LOS objects, 26% free, 43MB/59MB, paused 604us total 26.908ms
08-04 13:55:15.015 26384 26402 I art     : Starting a blocking GC Explicit
08-04 13:55:15.047 26384 26402 I art     : Explicit concurrent mark sweep GC freed 99(1696B) AllocSpace objects, 0(0B) LOS objects, 26% free, 43MB/59MB, paused 679us total 32.050ms
08-04 13:55:15.061 26384 26402 I art     : Starting a blocking GC Explicit
08-04 13:55:15.081   380   380 W SurfaceFlinger: couldn't log to binary event log: overflow.
08-04 13:55:15.094 26384 26402 I art     : Explicit concurrent mark sweep GC freed 147(2496B) AllocSpace objects, 0(0B) LOS objects, 26% free, 43MB/59MB, paused 683us total 32.473ms
08-04 13:55:15.227 26384 27372 I NAPPA_EXPERIMENTATION: MetricNetworkRequestExecutionTime: REQUEST_DURATION_SYSTEM='535',REQUEST_DURATION_OKHTTP='36',REQUEST_SYNCHRONOUS='FALSE',RESPONSE_CODE='200',RESPONSE_METHOD='GET',RESPONSE_LENGTH_OKHTTP='238',RESPONSE_LENGTH_HEADER='238',REQUEST_PROTOCOL='http/1.1',REQUEST_URL='https://project-travel-mate.herokuapp.com/api/get-city-weather/1',
08-04 13:55:15.247 26384 27373 I NAPPA_EXPERIMENTATION: MetricNetworkRequestExecutionTime: REQUEST_DURATION_SYSTEM='554',REQUEST_DURATION_OKHTTP='54',REQUEST_SYNCHRONOUS='FALSE',RESPONSE_CODE='200',RESPONSE_METHOD='GET',RESPONSE_LENGTH_OKHTTP='530',RESPONSE_LENGTH_HEADER='530',REQUEST_PROTOCOL='http/1.1',REQUEST_URL='https://project-travel-mate.herokuapp.com/api/get-city/1',
08-04 13:55:15.278 26384 27373 V Response: {"id":1,"city_name":"Delhi","description":"Delhi, officially the National Capital Territory of Delhi, is the Capital territory of India. During the British Raj, Delhi was part of the province of Punjab and is still historically and culturally connected to the Punjab region.","latitude":"28.613900","longitude":"77.209000","facts_count":6,"images":["https://upload.wikimedia.org/wikipedia/commons/9/94/%E0%B4%96%E0%B5%81%E0%B4%A4%E0%B5%8D%E0%B4%AC%E0%B5%8D_%E0%B4%AE%E0%B4%BF%E0%B4%A8%E0%B4%BE%E0%B5%BC1.jpg"],"has_visited":false}
08-04 13:55:15.388 26384 26402 I art     : Starting a blocking GC Explicit
08-04 13:55:15.418 26384 26402 I art     : Explicit concurrent mark sweep GC freed 8818(436KB) AllocSpace objects, 6(4MB) LOS objects, 28% free, 39MB/55MB, paused 654us total 30.456ms
08-04 13:55:15.431 26384 26402 I art     : Starting a blocking GC Explicit
08-04 13:55:15.462 26384 26402 I art     : Explicit concurrent mark sweep GC freed 1138(122KB) AllocSpace objects, 0(0B) LOS objects, 28% free, 39MB/55MB, paused 649us total 31.544ms
08-04 13:55:15.475 26384 26402 I art     : Starting a blocking GC Explicit
08-04 13:55:15.507 26384 26402 I art     : Explicit concurrent mark sweep GC freed 148(2528B) AllocSpace objects, 0(0B) LOS objects, 28% free, 39MB/55MB, paused 627us total 31.340ms
08-04 13:55:15.519 26384 26402 I art     : Starting a blocking GC Explicit
08-04 13:55:15.551 26384 26402 I art     : Explicit concurrent mark sweep GC freed 147(2496B) AllocSpace objects, 0(0B) LOS objects, 28% free, 39MB/55MB, paused 635us total 31.795ms
08-04 13:55:15.565 26384 26402 I art     : Starting a blocking GC Explicit
08-04 13:55:15.599 26384 26402 I art     : Explicit concurrent mark sweep GC freed 120(2032B) AllocSpace objects, 0(0B) LOS objects, 28% free, 39MB/55MB, paused 818us total 33.507ms
08-04 13:55:15.935 26384 26396 I art     : Starting a blocking GC Explicit
08-04 13:55:15.965 26384 26396 I art     : Explicit concurrent mark sweep GC freed 2485(101KB) AllocSpace objects, 2(40KB) LOS objects, 28% free, 39MB/55MB, paused 610us total 29.229ms
08-04 13:55:15.977 26384 26396 I art     : Starting a blocking GC Explicit
08-04 13:55:16.007 26384 26396 I art     : Explicit concurrent mark sweep GC freed 176(3KB) AllocSpace objects, 0(0B) LOS objects, 28% free, 39MB/55MB, paused 675us total 29.314ms
08-04 13:55:16.019 26384 26396 I art     : Starting a blocking GC Explicit
08-04 13:55:16.048 26384 26396 I art     : Explicit concurrent mark sweep GC freed 99(1696B) AllocSpace objects, 0(0B) LOS objects, 28% free, 39MB/55MB, paused 636us total 28.710ms
08-04 13:55:16.061 26384 26396 I art     : Starting a blocking GC Explicit
08-04 13:55:16.090 26384 26396 I art     : Explicit concurrent mark sweep GC freed 148(2528B) AllocSpace objects, 0(0B) LOS objects, 28% free, 39MB/55MB, paused 603us total 28.825ms
08-04 13:55:16.102 26384 26396 I art     : Starting a blocking GC Explicit
08-04 13:55:16.133 26384 26396 I art     : Explicit concurrent mark sweep GC freed 146(2464B) AllocSpace objects, 0(0B) LOS objects, 28% free, 39MB/55MB, paused 687us total 30.967ms
08-04 13:55:16.460 26384 26888 I art     : Starting a blocking GC Explicit
08-04 13:55:16.494 26384 26888 I art     : Explicit concurrent mark sweep GC freed 2436(99KB) AllocSpace objects, 2(40KB) LOS objects, 28% free, 39MB/55MB, paused 622us total 33.518ms
08-04 13:55:16.507 26384 26888 I art     : Starting a blocking GC Explicit
08-04 13:55:16.539 26384 26888 I art     : Explicit concurrent mark sweep GC freed 166(3KB) AllocSpace objects, 0(0B) LOS objects, 28% free, 39MB/55MB, paused 613us total 31.463ms
08-04 13:55:16.552 26384 26888 I art     : Starting a blocking GC Explicit
08-04 13:55:16.585 26384 26888 I art     : Explicit concurrent mark sweep GC freed 145(2448B) AllocSpace objects, 0(0B) LOS objects, 28% free, 39MB/55MB, paused 685us total 32.623ms
08-04 13:55:16.598 26384 26888 I art     : Starting a blocking GC Explicit
08-04 13:55:16.631 26384 26888 I art     : Explicit concurrent mark sweep GC freed 100(1712B) AllocSpace objects, 0(0B) LOS objects, 28% free, 39MB/55MB, paused 631us total 32.655ms
08-04 13:55:16.644 26384 26888 I art     : Starting a blocking GC Explicit
08-04 13:55:16.677 26384 26888 I art     : Explicit concurrent mark sweep GC freed 148(2528B) AllocSpace objects, 0(0B) LOS objects, 28% free, 39MB/55MB, paused 693us total 32.604ms
08-04 13:55:17.060 26384 26402 I art     : Starting a blocking GC Explicit
08-04 13:55:17.094 26384 26402 I art     : Explicit concurrent mark sweep GC freed 2627(102KB) AllocSpace objects, 2(40KB) LOS objects, 28% free, 39MB/55MB, paused 636us total 33.933ms
08-04 13:55:17.110 26384 26402 I art     : Starting a blocking GC Explicit
08-04 13:55:17.140 26384 26402 I art     : Explicit concurrent mark sweep GC freed 166(3KB) AllocSpace objects, 0(0B) LOS objects, 28% free, 39MB/55MB, paused 613us total 30.021ms
08-04 13:55:17.153 26384 26402 I art     : Starting a blocking GC Explicit
08-04 13:55:17.184 26384 26402 I art     : Explicit concurrent mark sweep GC freed 127(2160B) AllocSpace objects, 0(0B) LOS objects, 28% free, 39MB/55MB, paused 795us total 30.817ms
08-04 13:55:17.197 26384 26402 I art     : Starting a blocking GC Explicit
08-04 13:55:17.229 26384 26402 I art     : Explicit concurrent mark sweep GC freed 131(2688B) AllocSpace objects, 0(0B) LOS objects, 28% free, 39MB/55MB, paused 613us total 31.981ms
08-04 13:55:17.242 26384 26402 I art     : Starting a blocking GC Explicit
08-04 13:55:17.272 26384 26402 I art     : Explicit concurrent mark sweep GC freed 157(3040B) AllocSpace objects, 0(0B) LOS objects, 28% free, 39MB/55MB, paused 640us total 29.711ms
08-04 13:55:17.652 26384 26395 I art     : Starting a blocking GC Explicit
08-04 13:55:17.687 26384 26395 I art     : Explicit concurrent mark sweep GC freed 2626(102KB) AllocSpace objects, 2(40KB) LOS objects, 28% free, 39MB/55MB, paused 703us total 34.790ms
08-04 13:55:17.703 26384 26395 I art     : Starting a blocking GC Explicit
08-04 13:55:17.734 26384 26395 I art     : Explicit concurrent mark sweep GC freed 119(2416B) AllocSpace objects, 0(0B) LOS objects, 28% free, 39MB/55MB, paused 609us total 30.430ms
08-04 13:55:17.746 26384 26395 I art     : Starting a blocking GC Explicit
08-04 13:55:17.776 26384 26395 I art     : Explicit concurrent mark sweep GC freed 147(2496B) AllocSpace objects, 0(0B) LOS objects, 28% free, 39MB/55MB, paused 624us total 30.096ms
08-04 13:55:17.789 26384 26395 I art     : Starting a blocking GC Explicit
08-04 13:55:17.821 26384 26395 I art     : Explicit concurrent mark sweep GC freed 148(2528B) AllocSpace objects, 0(0B) LOS objects, 28% free, 39MB/55MB, paused 622us total 31.125ms
08-04 13:55:17.833 26384 26395 I art     : Starting a blocking GC Explicit
08-04 13:55:17.864 26384 26395 I art     : Explicit concurrent mark sweep GC freed 98(1664B) AllocSpace objects, 0(0B) LOS objects, 28% free, 39MB/55MB, paused 675us total 30.381ms
08-04 13:55:18.238 26384 26396 I art     : Starting a blocking GC Explicit
08-04 13:55:18.272 26384 26396 I art     : Explicit concurrent mark sweep GC freed 2627(102KB) AllocSpace objects, 2(40KB) LOS objects, 28% free, 39MB/55MB, paused 614us total 33.997ms
08-04 13:55:18.288 26384 26396 I art     : Starting a blocking GC Explicit
08-04 13:55:18.318 26384 26396 I art     : Explicit concurrent mark sweep GC freed 133(2640B) AllocSpace objects, 0(0B) LOS objects, 28% free, 39MB/55MB, paused 720us total 30.325ms
08-04 13:55:18.331 26384 26396 I art     : Starting a blocking GC Explicit
08-04 13:55:18.362 26384 26396 I art     : Explicit concurrent mark sweep GC freed 133(2272B) AllocSpace objects, 0(0B) LOS objects, 28% free, 39MB/55MB, paused 600us total 30.389ms
08-04 13:55:18.374 26384 26396 I art     : Starting a blocking GC Explicit
08-04 13:55:18.406 26384 26396 I art     : Explicit concurrent mark sweep GC freed 147(2496B) AllocSpace objects, 0(0B) LOS objects, 28% free, 39MB/55MB, paused 610us total 31.277ms
08-04 13:55:18.406 26384 26394 I art     : WaitForGcToComplete blocked for 11.340ms for cause HeapTrim
08-04 13:55:18.418 26384 26396 I art     : Starting a blocking GC Explicit
08-04 13:55:18.450 26384 26396 I art     : Explicit concurrent mark sweep GC freed 99(1696B) AllocSpace objects, 0(0B) LOS objects, 28% free, 39MB/55MB, paused 579us total 31.304ms
08-04 13:55:18.801 26384 26888 I art     : Starting a blocking GC Explicit
08-04 13:55:18.835 26384 26888 I art     : Explicit concurrent mark sweep GC freed 2530(101KB) AllocSpace objects, 2(40KB) LOS objects, 28% free, 39MB/55MB, paused 646us total 33.059ms
08-04 13:55:18.847 26384 26888 I art     : Starting a blocking GC Explicit
08-04 13:55:18.878 26384 26888 I art     : Explicit concurrent mark sweep GC freed 190(4KB) AllocSpace objects, 0(0B) LOS objects, 28% free, 39MB/55MB, paused 589us total 30.055ms
08-04 13:55:18.891 26384 26888 I art     : Starting a blocking GC Explicit
08-04 13:55:18.920 26384 26888 I art     : Explicit concurrent mark sweep GC freed 149(2880B) AllocSpace objects, 0(0B) LOS objects, 28% free, 39MB/55MB, paused 666us total 29.036ms
08-04 13:55:18.932 26384 26888 I art     : Starting a blocking GC Explicit
08-04 13:55:18.962 26384 26888 I art     : Explicit concurrent mark sweep GC freed 107(1856B) AllocSpace objects, 0(0B) LOS objects, 28% free, 39MB/55MB, paused 608us total 28.908ms
08-04 13:55:18.974 26384 26888 I art     : Starting a blocking GC Explicit
08-04 13:55:19.004 26384 26888 I art     : Explicit concurrent mark sweep GC freed 146(2464B) AllocSpace objects, 0(0B) LOS objects, 28% free, 39MB/55MB, paused 656us total 30.165ms
08-04 13:55:19.320 27465 27465 D AndroidRuntime: >>>>>> START com.android.internal.os.RuntimeInit uid 2000 <<<<<<
08-04 13:55:19.325 27465 27465 D AndroidRuntime: CheckJNI is OFF
08-04 13:55:19.360 26384 26395 I art     : Starting a blocking GC Explicit
08-04 13:55:19.360 27465 27465 D ICU     : No timezone override file found: /data/misc/zoneinfo/current/icu/icu_tzdata.dat
08-04 13:55:19.393 26384 26395 I art     : Explicit concurrent mark sweep GC freed 2533(101KB) AllocSpace objects, 2(40KB) LOS objects, 28% free, 39MB/55MB, paused 679us total 31.907ms
08-04 13:55:19.397 27465 27465 I Radio-JNI: register_android_hardware_Radio DONE
08-04 13:55:19.405 26384 26395 I art     : Starting a blocking GC Explicit
08-04 13:55:19.420 27465 27465 D AndroidRuntime: Calling main entry com.android.commands.input.Input
08-04 13:55:19.422 27465 27465 I Input   : injectMotionEvent: MotionEvent { action=ACTION_DOWN, actionButton=0, id[0]=0, x[0]=693.0, y[0]=1450.0, toolType[0]=TOOL_TYPE_UNKNOWN, buttonState=0, metaState=0, flags=0x0, edgeFlags=0x0, pointerCount=1, historySize=0, eventTime=712535835, downTime=712535835, deviceId=0, source=0x1002 }
08-04 13:55:19.428 27465 27465 I Input   : injectMotionEvent: MotionEvent { action=ACTION_UP, actionButton=0, id[0]=0, x[0]=693.0, y[0]=1450.0, toolType[0]=TOOL_TYPE_UNKNOWN, buttonState=0, metaState=0, flags=0x0, edgeFlags=0x0, pointerCount=1, historySize=0, eventTime=712535835, downTime=712535835, deviceId=0, source=0x1002 }
08-04 13:55:19.430 27465 27465 D AndroidRuntime: Shutting down VM
08-04 13:55:19.430   918  6111 I ActivityManager: START u0 {cmp=baseline.io.github.project_travel_mate/.destinations.description.CityHistoryActivity} from uid 10650 on display 0
08-04 13:55:19.431   512  2967 D audio_hw_primary: out_set_parameters: enter: usecase(1: low-latency-playback) kvpairs: routing=2
08-04 13:55:19.436 26384 26395 I art     : Explicit concurrent mark sweep GC freed 120(2432B) AllocSpace objects, 0(0B) LOS objects, 28% free, 39MB/55MB, paused 751us total 30.938ms
08-04 13:55:19.444   512  2967 D audio_hw_primary: select_devices: out_snd_device(2: speaker) in_snd_device(0: none)
08-04 13:55:19.444   512  2967 D msm8974_platform: platform_send_audio_calibration: sending audio calibration for snd_device(2) acdb_id(15)
08-04 13:55:19.444   512  2967 I soundtrigger: audio_extn_sound_trigger_update_device_status: device 0x2 of type 0 for Event 1
08-04 13:55:19.450 26384 26395 I art     : Starting a blocking GC Explicit
08-04 13:55:19.456   512  2967 D audio_hw_primary: enable_snd_device: snd_device(2: speaker)
08-04 13:55:19.459   512  2967 D audio_hw_primary: enable_audio_route: apply and update mixer path: low-latency-playback speaker
08-04 13:55:19.460 26384 26462 D Gabe    : call	returning from cache
08-04 13:55:19.462 26384 26384 V EXECUTING: https://project-travel-mate.herokuapp.com/api/get-city-information/1
08-04 13:55:19.481 26384 26395 I art     : Explicit concurrent mark sweep GC freed 608(44KB) AllocSpace objects, 0(0B) LOS objects, 28% free, 39MB/55MB, paused 745us total 30.479ms
08-04 13:55:19.493 26384 26395 I art     : Starting a blocking GC Explicit
08-04 13:55:19.523 26384 26395 I art     : Explicit concurrent mark sweep GC freed 626(20KB) AllocSpace objects, 0(0B) LOS objects, 26% free, 44MB/60MB, paused 1.128ms total 29.687ms
08-04 13:55:19.536 26384 26395 I art     : Starting a blocking GC Explicit
08-04 13:55:19.567 26384 26395 I art     : Explicit concurrent mark sweep GC freed 99(4KB) AllocSpace objects, 0(0B) LOS objects, 26% free, 44MB/60MB, paused 1.025ms total 30.071ms
08-04 13:55:19.586   918   936 I ActivityManager: Displayed baseline.io.github.project_travel_mate/.destinations.description.CityHistoryActivity: +146ms
08-04 13:55:19.587 13866 13866 I GoogleInputMethodServic: GoogleInputMethodService.onFinishInput():3138 
08-04 13:55:19.588 13866 13866 I GoogleInputMethodServic: GoogleInputMethodService.onStartInput():1808 
08-04 13:55:19.836   380   380 W SurfaceFlinger: couldn't log to binary event log: overflow.
08-04 13:55:19.874 26384 26402 I art     : Starting a blocking GC Explicit
08-04 13:55:19.904 26384 26402 I art     : Explicit concurrent mark sweep GC freed 2811(109KB) AllocSpace objects, 2(40KB) LOS objects, 26% free, 44MB/60MB, paused 743us total 29.990ms
08-04 13:55:19.916 26384 26402 I art     : Starting a blocking GC Explicit
08-04 13:55:19.947 26384 26402 I art     : Explicit concurrent mark sweep GC freed 219(4KB) AllocSpace objects, 0(0B) LOS objects, 26% free, 44MB/60MB, paused 745us total 30.474ms
08-04 13:55:19.960 26384 26402 I art     : Starting a blocking GC Explicit
08-04 13:55:19.989   512  2967 D audio_hw_primary: disable_audio_route: reset and update mixer path: low-latency-playback speaker
08-04 13:55:19.990   512  2967 D audio_hw_primary: disable_snd_device: snd_device(2: speaker)
08-04 13:55:19.993 26384 26402 I art     : Explicit concurrent mark sweep GC freed 127(2128B) AllocSpace objects, 0(0B) LOS objects, 26% free, 44MB/60MB, paused 934us total 32.165ms
08-04 13:55:19.998   512  2967 I soundtrigger: audio_extn_sound_trigger_update_device_status: device 0x2 of type 0 for Event 0
08-04 13:55:20.005 26384 26402 I art     : Starting a blocking GC Explicit
08-04 13:55:20.035 26384 26402 I art     : Explicit concurrent mark sweep GC freed 156(3KB) AllocSpace objects, 0(0B) LOS objects, 26% free, 44MB/60MB, paused 859us total 29.590ms
08-04 13:55:20.048 26384 26402 I art     : Starting a blocking GC Explicit
08-04 13:55:20.077 26384 26402 I art     : Explicit concurrent mark sweep GC freed 31(560B) AllocSpace objects, 0(0B) LOS objects, 26% free, 44MB/60MB, paused 914us total 29.588ms
08-04 13:55:20.333 26384 27490 I NAPPA_EXPERIMENTATION: MetricNetworkRequestExecutionTime: REQUEST_DURATION_SYSTEM='871',REQUEST_DURATION_OKHTTP='32',REQUEST_SYNCHRONOUS='FALSE',RESPONSE_CODE='200',RESPONSE_METHOD='GET',RESPONSE_LENGTH_OKHTTP='55024',RESPONSE_LENGTH_HEADER='55024',REQUEST_PROTOCOL='http/1.1',REQUEST_URL='https://project-travel-mate.herokuapp.com/api/get-city-information/1',
08-04 13:55:20.399 26384 26888 I art     : Starting a blocking GC Explicit
08-04 13:55:20.429 26384 26888 I art     : Explicit concurrent mark sweep GC freed 5171(246KB) AllocSpace objects, 8(512KB) LOS objects, 26% free, 44MB/60MB, paused 780us total 30.358ms
08-04 13:55:20.442 26384 26888 I art     : Starting a blocking GC Explicit
08-04 13:55:20.472 26384 26888 I art     : Explicit concurrent mark sweep GC freed 1005(118KB) AllocSpace objects, 0(0B) LOS objects, 26% free, 44MB/60MB, paused 878us total 29.879ms
08-04 13:55:20.484 26384 26888 I art     : Starting a blocking GC Explicit
08-04 13:55:20.508 13866 13866 I GoogleInputMethodServic: GoogleInputMethodService.onFinishInput():3138 
08-04 13:55:20.509 13866 13866 I GoogleInputMethodServic: GoogleInputMethodService.onStartInput():1808 
08-04 13:55:20.514 26384 26888 I art     : Explicit concurrent mark sweep GC freed 1340(1209KB) AllocSpace objects, 16(408KB) LOS objects, 26% free, 44MB/60MB, paused 602us total 29.403ms
08-04 13:55:20.527 26384 26888 I art     : Starting a blocking GC Explicit
08-04 13:55:20.557 26384 26888 I art     : Explicit concurrent mark sweep GC freed 284(6KB) AllocSpace objects, 1(4MB) LOS objects, 28% free, 40MB/56MB, paused 658us total 30.054ms
08-04 13:55:20.569 26384 26888 I art     : Starting a blocking GC Explicit
08-04 13:55:20.603 26384 26888 I art     : Explicit concurrent mark sweep GC freed 153(2752B) AllocSpace objects, 0(0B) LOS objects, 28% free, 40MB/56MB, paused 805us total 33.820ms
08-04 13:55:20.958 26384 26402 I art     : Starting a blocking GC Explicit
08-04 13:55:20.996 26384 26402 I art     : Explicit concurrent mark sweep GC freed 3157(111KB) AllocSpace objects, 2(40KB) LOS objects, 28% free, 40MB/56MB, paused 645us total 37.672ms
08-04 13:55:21.013 26384 26402 I art     : Starting a blocking GC Explicit
08-04 13:55:21.046 26384 26402 I art     : Explicit concurrent mark sweep GC freed 238(4KB) AllocSpace objects, 0(0B) LOS objects, 28% free, 40MB/56MB, paused 645us total 32.648ms
08-04 13:55:21.059 26384 26402 I art     : Starting a blocking GC Explicit
08-04 13:55:21.091 26384 26402 I art     : Explicit concurrent mark sweep GC freed 221(3KB) AllocSpace objects, 0(0B) LOS objects, 28% free, 40MB/56MB, paused 756us total 31.516ms
08-04 13:55:21.104 26384 26402 I art     : Starting a blocking GC Explicit
08-04 13:55:21.138 26384 26402 I art     : Explicit concurrent mark sweep GC freed 159(2752B) AllocSpace objects, 0(0B) LOS objects, 28% free, 40MB/56MB, paused 766us total 33.635ms
08-04 13:55:21.151 26384 26402 I art     : Starting a blocking GC Explicit
08-04 13:55:21.183 26384 26402 I art     : Explicit concurrent mark sweep GC freed 218(3KB) AllocSpace objects, 0(0B) LOS objects, 28% free, 40MB/56MB, paused 653us total 32.524ms
08-04 13:55:21.413 32231 32256 I Finsky  : [5699] ktr.run(-1): Stats for Executor: BlockingExecutor kvs@6d4ca7b[Running, pool size = 0, active threads = 0, queued tasks = 0, completed tasks = 133]
08-04 13:55:21.413 32231 32256 I Finsky  : [5699] ktr.run(-1): Stats for Executor: LightweightExecutor kvs@46de098[Running, pool size = 4, active threads = 0, queued tasks = 0, completed tasks = 79]
08-04 13:55:21.524   518   646 I ThermalEngine: ACTION: GPU - Setting GPU[0] to 450000000
08-04 13:55:21.571 32231 32256 I Finsky  : [5699] ktr.run(-1): Stats for Executor: bgExecutor kvs@ac720f1[Running, pool size = 4, active threads = 0, queued tasks = 0, completed tasks = 430]
08-04 13:55:21.590 26384 26402 I art     : Starting a blocking GC Explicit
08-04 13:55:21.639 26384 26402 I art     : Explicit concurrent mark sweep GC freed 3388(115KB) AllocSpace objects, 2(40KB) LOS objects, 28% free, 40MB/56MB, paused 1.044ms total 48.868ms
08-04 13:55:21.660 26384 26402 I art     : Starting a blocking GC Explicit
08-04 13:55:21.705 26384 26402 I art     : Explicit concurrent mark sweep GC freed 310(5KB) AllocSpace objects, 0(0B) LOS objects, 28% free, 40MB/56MB, paused 1.006ms total 45.035ms
08-04 13:55:21.722 26384 26402 I art     : Starting a blocking GC Explicit
08-04 13:55:21.767 26384 26402 I art     : Explicit concurrent mark sweep GC freed 290(4KB) AllocSpace objects, 0(0B) LOS objects, 28% free, 40MB/56MB, paused 1.055ms total 45.113ms
08-04 13:55:21.785 26384 26402 I art     : Starting a blocking GC Explicit
08-04 13:55:21.830 26384 26402 I art     : Explicit concurrent mark sweep GC freed 292(4KB) AllocSpace objects, 0(0B) LOS objects, 28% free, 40MB/56MB, paused 861us total 44.444ms
08-04 13:55:21.847 26384 26402 I art     : Starting a blocking GC Explicit
08-04 13:55:21.892 26384 26402 I art     : Explicit concurrent mark sweep GC freed 297(5KB) AllocSpace objects, 0(0B) LOS objects, 28% free, 40MB/56MB, paused 1.005ms total 44.808ms
08-04 13:55:21.972   918  3188 I hubconnection: sensorhub said: 'set_bias 3: -5.3664, 0.0000, 0.0000'
08-04 13:55:22.291 26384 26395 I art     : Starting a blocking GC Explicit
08-04 13:55:22.339 26384 26395 I art     : Explicit concurrent mark sweep GC freed 3310(114KB) AllocSpace objects, 2(40KB) LOS objects, 28% free, 40MB/56MB, paused 1.075ms total 47.072ms
08-04 13:55:22.358 26384 26395 I art     : Starting a blocking GC Explicit
08-04 13:55:22.403 26384 26395 I art     : Explicit concurrent mark sweep GC freed 316(5KB) AllocSpace objects, 0(0B) LOS objects, 28% free, 40MB/56MB, paused 880us total 44.970ms
08-04 13:55:22.420 26384 26395 I art     : Starting a blocking GC Explicit
08-04 13:55:22.464 26384 26395 I art     : Explicit concurrent mark sweep GC freed 290(4KB) AllocSpace objects, 0(0B) LOS objects, 28% free, 40MB/56MB, paused 898us total 43.060ms
08-04 13:55:22.481 26384 26395 I art     : Starting a blocking GC Explicit
08-04 13:55:22.526 26384 26395 I art     : Explicit concurrent mark sweep GC freed 291(4KB) AllocSpace objects, 0(0B) LOS objects, 28% free, 40MB/56MB, paused 962us total 44.855ms
08-04 13:55:22.544 26384 26395 I art     : Starting a blocking GC Explicit
08-04 13:55:22.586 26384 26395 I art     : Explicit concurrent mark sweep GC freed 220(3KB) AllocSpace objects, 0(0B) LOS objects, 28% free, 40MB/56MB, paused 816us total 41.764ms
08-04 13:55:22.998 26384 26396 I art     : Starting a blocking GC Explicit
08-04 13:55:23.046 26384 26396 I art     : Explicit concurrent mark sweep GC freed 3426(115KB) AllocSpace objects, 2(40KB) LOS objects, 28% free, 40MB/56MB, paused 1.013ms total 46.847ms
08-04 13:55:23.067 26384 26396 I art     : Starting a blocking GC Explicit
08-04 13:55:23.092   918  3261 D WifiStateMachine: starting scan for "H369AA63323"WPA_PSK with 2412,5180
08-04 13:55:23.109 26384 26396 I art     : Explicit concurrent mark sweep GC freed 289(5KB) AllocSpace objects, 0(0B) LOS objects, 28% free, 40MB/56MB, paused 933us total 41.889ms
08-04 13:55:23.127 26384 26396 I art     : Starting a blocking GC Explicit
08-04 13:55:23.170 26384 26396 I art     : Explicit concurrent mark sweep GC freed 258(4KB) AllocSpace objects, 0(0B) LOS objects, 28% free, 40MB/56MB, paused 818us total 43.120ms
08-04 13:55:23.187 26384 26396 I art     : Starting a blocking GC Explicit
08-04 13:55:23.231 26384 26396 I art     : Explicit concurrent mark sweep GC freed 303(5KB) AllocSpace objects, 0(0B) LOS objects, 28% free, 40MB/56MB, paused 900us total 43.421ms
08-04 13:55:23.248 26384 26396 I art     : Starting a blocking GC Explicit
08-04 13:55:23.292 26384 26396 I art     : Explicit concurrent mark sweep GC freed 246(4KB) AllocSpace objects, 0(0B) LOS objects, 28% free, 40MB/56MB, paused 936us total 43.960ms
08-04 13:55:23.528   518   646 I ThermalEngine: ACTION: GPU - Setting GPU[0] to 510000000
08-04 13:55:23.667 26384 26888 I art     : Starting a blocking GC Explicit
08-04 13:55:23.727 26384 26888 I art     : Explicit concurrent mark sweep GC freed 3347(114KB) AllocSpace objects, 2(40KB) LOS objects, 28% free, 40MB/56MB, paused 1.217ms total 60.095ms
08-04 13:55:23.740 26384 26888 I art     : Starting a blocking GC Explicit
08-04 13:55:23.772 26384 26888 I art     : Explicit concurrent mark sweep GC freed 172(3KB) AllocSpace objects, 0(0B) LOS objects, 28% free, 40MB/56MB, paused 645us total 32.091ms
08-04 13:55:23.785 26384 26888 I art     : Starting a blocking GC Explicit
08-04 13:55:23.817 26384 26888 I art     : Explicit concurrent mark sweep GC freed 220(3KB) AllocSpace objects, 0(0B) LOS objects, 28% free, 40MB/56MB, paused 717us total 31.724ms
08-04 13:55:23.830 26384 26888 I art     : Starting a blocking GC Explicit
08-04 13:55:23.862 26384 26888 I art     : Explicit concurrent mark sweep GC freed 219(3KB) AllocSpace objects, 0(0B) LOS objects, 28% free, 40MB/56MB, paused 640us total 32.139ms
08-04 13:55:23.875 26384 26888 I art     : Starting a blocking GC Explicit
08-04 13:55:23.907 26384 26888 I art     : Explicit concurrent mark sweep GC freed 147(2496B) AllocSpace objects, 0(0B) LOS objects, 28% free, 40MB/56MB, paused 741us total 32.351ms
08-04 13:55:24.090 27566 27566 D AndroidRuntime: >>>>>> START com.android.internal.os.RuntimeInit uid 2000 <<<<<<
08-04 13:55:24.094 27566 27566 D AndroidRuntime: CheckJNI is OFF
08-04 13:55:24.126 27566 27566 D ICU     : No timezone override file found: /data/misc/zoneinfo/current/icu/icu_tzdata.dat
08-04 13:55:24.157 27566 27566 I Radio-JNI: register_android_hardware_Radio DONE
08-04 13:55:24.179 27566 27566 D AndroidRuntime: Calling main entry com.android.commands.input.Input
08-04 13:55:24.181 27566 27566 I Input   : injectKeyEvent: KeyEvent { action=ACTION_DOWN, keyCode=KEYCODE_BACK, scanCode=0, metaState=0, flags=0x0, repeatCount=0, eventTime=712540594, downTime=712540594, deviceId=-1, source=0x101 }
08-04 13:55:24.185 27566 27566 I Input   : injectKeyEvent: KeyEvent { action=ACTION_UP, keyCode=KEYCODE_BACK, scanCode=0, metaState=0, flags=0x0, repeatCount=0, eventTime=712540594, downTime=712540594, deviceId=-1, source=0x101 }
08-04 13:55:24.189 27566 27566 D AndroidRuntime: Shutting down VM
08-04 13:55:24.232 13866 13866 I GoogleInputMethodServic: GoogleInputMethodService.onFinishInput():3138 
08-04 13:55:24.233 13866 13866 I GoogleInputMethodServic: GoogleInputMethodService.onStartInput():1808 
08-04 13:55:24.258 26384 26402 I art     : Starting a blocking GC Explicit
08-04 13:55:24.295 26384 26402 I art     : Explicit concurrent mark sweep GC freed 3185(114KB) AllocSpace objects, 2(40KB) LOS objects, 28% free, 40MB/56MB, paused 670us total 36.563ms
08-04 13:55:24.307 26384 26402 I art     : Starting a blocking GC Explicit
08-04 13:55:24.335 26384 26402 I art     : Explicit concurrent mark sweep GC freed 172(3KB) AllocSpace objects, 0(0B) LOS objects, 28% free, 40MB/56MB, paused 597us total 27.769ms
08-04 13:55:24.348 26384 26402 I art     : Starting a blocking GC Explicit
08-04 13:55:24.378 26384 26402 I art     : Explicit concurrent mark sweep GC freed 220(3KB) AllocSpace objects, 0(0B) LOS objects, 28% free, 40MB/56MB, paused 769us total 30.386ms
08-04 13:55:24.391 26384 26402 I art     : Starting a blocking GC Explicit
08-04 13:55:24.424 26384 26402 I art     : Explicit concurrent mark sweep GC freed 147(2496B) AllocSpace objects, 0(0B) LOS objects, 28% free, 40MB/56MB, paused 666us total 32.361ms
08-04 13:55:24.438 26384 26402 I art     : Starting a blocking GC Explicit
08-04 13:55:24.470 26384 26402 I art     : Explicit concurrent mark sweep GC freed 219(3KB) AllocSpace objects, 0(0B) LOS objects, 28% free, 40MB/56MB, paused 609us total 31.567ms
08-04 13:55:24.540   380   380 W SurfaceFlinger: couldn't log to binary event log: overflow.
08-04 13:55:24.788 26384 26396 I art     : Starting a blocking GC Explicit
08-04 13:55:24.827 26384 26396 I art     : Explicit concurrent mark sweep GC freed 2581(102KB) AllocSpace objects, 4(404KB) LOS objects, 28% free, 40MB/56MB, paused 725us total 37.818ms
08-04 13:55:24.843 26384 26396 I art     : Starting a blocking GC Explicit
08-04 13:55:24.873 26384 26396 I art     : Explicit concurrent mark sweep GC freed 4881(342KB) AllocSpace objects, 7(132KB) LOS objects, 28% free, 39MB/55MB, paused 618us total 30.282ms
08-04 13:55:24.885 26384 26396 I art     : Starting a blocking GC Explicit
08-04 13:55:24.912 26384 26396 I art     : Explicit concurrent mark sweep GC freed 165(3KB) AllocSpace objects, 0(0B) LOS objects, 28% free, 39MB/55MB, paused 561us total 27.004ms
08-04 13:55:24.924 26384 26396 I art     : Starting a blocking GC Explicit
08-04 13:55:24.952 26384 26396 I art     : Explicit concurrent mark sweep GC freed 98(1664B) AllocSpace objects, 0(0B) LOS objects, 28% free, 39MB/55MB, paused 628us total 27.968ms
08-04 13:55:24.964 26384 26396 I art     : Starting a blocking GC Explicit
08-04 13:55:24.992 26384 26396 I art     : Explicit concurrent mark sweep GC freed 136(2304B) AllocSpace objects, 0(0B) LOS objects, 28% free, 39MB/55MB, paused 737us total 28.026ms
08-04 13:55:25.323 26384 26888 I art     : Starting a blocking GC Explicit
08-04 13:55:25.355 26384 26888 I art     : Explicit concurrent mark sweep GC freed 2448(99KB) AllocSpace objects, 2(40KB) LOS objects, 28% free, 39MB/55MB, paused 632us total 31.881ms
08-04 13:55:25.368 26384 26888 I art     : Starting a blocking GC Explicit
08-04 13:55:25.400 26384 26888 I art     : Explicit concurrent mark sweep GC freed 166(3KB) AllocSpace objects, 0(0B) LOS objects, 28% free, 39MB/55MB, paused 632us total 31.770ms
08-04 13:55:25.413 26384 26888 I art     : Starting a blocking GC Explicit
08-04 13:55:25.444 26384 26888 I art     : Explicit concurrent mark sweep GC freed 146(2464B) AllocSpace objects, 0(0B) LOS objects, 28% free, 39MB/55MB, paused 632us total 30.262ms
08-04 13:55:25.456 26384 26888 I art     : Starting a blocking GC Explicit
08-04 13:55:25.488 26384 26888 I art     : Explicit concurrent mark sweep GC freed 100(1728B) AllocSpace objects, 0(0B) LOS objects, 28% free, 39MB/55MB, paused 691us total 31.383ms
08-04 13:55:25.501 26384 26888 I art     : Starting a blocking GC Explicit
08-04 13:55:25.531 26384 26888 I art     : Explicit concurrent mark sweep GC freed 147(2496B) AllocSpace objects, 0(0B) LOS objects, 28% free, 39MB/55MB, paused 636us total 30.449ms
08-04 13:55:25.827 27610 27610 D AndroidRuntime: >>>>>> START com.android.internal.os.RuntimeInit uid 2000 <<<<<<
08-04 13:55:25.832 27610 27610 D AndroidRuntime: CheckJNI is OFF
08-04 13:55:25.847 26384 26402 I art     : Starting a blocking GC Explicit
08-04 13:55:25.866 27610 27610 D ICU     : No timezone override file found: /data/misc/zoneinfo/current/icu/icu_tzdata.dat
08-04 13:55:25.878 26384 26402 I art     : Explicit concurrent mark sweep GC freed 2429(99KB) AllocSpace objects, 2(40KB) LOS objects, 28% free, 39MB/55MB, paused 833us total 30.626ms
08-04 13:55:25.891 26384 26402 I art     : Starting a blocking GC Explicit
08-04 13:55:25.902 27610 27610 I Radio-JNI: register_android_hardware_Radio DONE
08-04 13:55:25.921 26384 26402 I art     : Explicit concurrent mark sweep GC freed 124(2512B) AllocSpace objects, 0(0B) LOS objects, 28% free, 39MB/55MB, paused 640us total 30.208ms
08-04 13:55:25.924 27610 27610 D AndroidRuntime: Calling main entry com.android.commands.input.Input
08-04 13:55:25.925 27610 27610 I Input   : injectKeyEvent: KeyEvent { action=ACTION_DOWN, keyCode=KEYCODE_BACK, scanCode=0, metaState=0, flags=0x0, repeatCount=0, eventTime=712542338, downTime=712542338, deviceId=-1, source=0x101 }
08-04 13:55:25.930 27610 27610 I Input   : injectKeyEvent: KeyEvent { action=ACTION_UP, keyCode=KEYCODE_BACK, scanCode=0, metaState=0, flags=0x0, repeatCount=0, eventTime=712542338, downTime=712542338, deviceId=-1, source=0x101 }
08-04 13:55:25.933 26384 26402 I art     : Starting a blocking GC Explicit
08-04 13:55:25.936 27610 27610 D AndroidRuntime: Shutting down VM
08-04 13:55:25.944 26384 26384 V MainActivity: url = https://project-travel-mate.herokuapp.com/api/number-of-unread-notifications
08-04 13:55:25.962 26384 26402 I art     : Explicit concurrent mark sweep GC freed 446(15KB) AllocSpace objects, 0(0B) LOS objects, 28% free, 39MB/55MB, paused 659us total 28.147ms
08-04 13:55:25.971 13866 13866 I GoogleInputMethodServic: GoogleInputMethodService.onFinishInput():3138 
08-04 13:55:25.972 13866 13866 I GoogleInputMethodServic: GoogleInputMethodService.onStartInput():1808 
08-04 13:55:25.974 26384 26402 I art     : Starting a blocking GC Explicit
08-04 13:55:26.006 26384 26402 I art     : Explicit concurrent mark sweep GC freed 296(8KB) AllocSpace objects, 0(0B) LOS objects, 28% free, 39MB/55MB, paused 855us total 32.072ms
08-04 13:55:26.019 26384 26402 I art     : Starting a blocking GC Explicit
08-04 13:55:26.046 26384 26402 I art     : Explicit concurrent mark sweep GC freed 263(9KB) AllocSpace objects, 0(0B) LOS objects, 28% free, 39MB/55MB, paused 608us total 27.251ms
08-04 13:55:26.275   380   380 W SurfaceFlinger: couldn't log to binary event log: overflow.
08-04 13:55:26.357 26384 26888 I art     : Starting a blocking GC Explicit
08-04 13:55:26.391 26384 26888 I art     : Explicit concurrent mark sweep GC freed 2302(99KB) AllocSpace objects, 2(40KB) LOS objects, 28% free, 39MB/55MB, paused 759us total 34.066ms
08-04 13:55:26.404 26384 26888 I art     : Starting a blocking GC Explicit
08-04 13:55:26.438 26384 26888 I art     : Explicit concurrent mark sweep GC freed 251(9KB) AllocSpace objects, 0(0B) LOS objects, 28% free, 39MB/55MB, paused 774us total 33.345ms
08-04 13:55:26.451 26384 26888 I art     : Starting a blocking GC Explicit
08-04 13:55:26.484 26384 26888 I art     : Explicit concurrent mark sweep GC freed 75(1296B) AllocSpace objects, 0(0B) LOS objects, 28% free, 39MB/55MB, paused 736us total 33.500ms
08-04 13:55:26.498 26384 26888 I art     : Starting a blocking GC Explicit
08-04 13:55:26.532 26384 26888 I art     : Explicit concurrent mark sweep GC freed 75(1296B) AllocSpace objects, 0(0B) LOS objects, 28% free, 39MB/55MB, paused 732us total 34.093ms
08-04 13:55:26.546 26384 26888 I art     : Starting a blocking GC Explicit
08-04 13:55:26.580 26384 26888 I art     : Explicit concurrent mark sweep GC freed 75(1296B) AllocSpace objects, 0(0B) LOS objects, 28% free, 39MB/55MB, paused 740us total 34.385ms
08-04 13:55:26.793 26384 27633 I NAPPA_EXPERIMENTATION: MetricNetworkRequestExecutionTime: REQUEST_DURATION_SYSTEM='849',REQUEST_DURATION_OKHTTP='31',REQUEST_SYNCHRONOUS='FALSE',RESPONSE_CODE='200',RESPONSE_METHOD='GET',RESPONSE_LENGTH_OKHTTP='36',RESPONSE_LENGTH_HEADER='36',REQUEST_PROTOCOL='http/1.1',REQUEST_URL='https://project-travel-mate.herokuapp.com/api/number-of-unread-notifications',
08-04 13:55:26.906 26384 26396 I art     : Starting a blocking GC Explicit
08-04 13:55:26.941 26384 26396 I art     : Explicit concurrent mark sweep GC freed 4741(239KB) AllocSpace objects, 5(240KB) LOS objects, 28% free, 39MB/55MB, paused 764us total 34.814ms
08-04 13:55:26.957 26384 26396 I art     : Starting a blocking GC Explicit
08-04 13:55:26.990 26384 26396 I art     : Explicit concurrent mark sweep GC freed 1028(118KB) AllocSpace objects, 0(0B) LOS objects, 28% free, 39MB/55MB, paused 821us total 32.705ms
08-04 13:55:27.002 26384 26396 I art     : Starting a blocking GC Explicit
08-04 13:55:27.035 26384 26396 I art     : Explicit concurrent mark sweep GC freed 75(1296B) AllocSpace objects, 0(0B) LOS objects, 28% free, 39MB/55MB, paused 693us total 32.370ms
08-04 13:55:27.048 26384 26396 I art     : Starting a blocking GC Explicit
08-04 13:55:27.081 26384 26396 I art     : Explicit concurrent mark sweep GC freed 75(1296B) AllocSpace objects, 0(0B) LOS objects, 28% free, 39MB/55MB, paused 803us total 33.173ms
08-04 13:55:27.094 26384 26396 I art     : Starting a blocking GC Explicit
08-04 13:55:27.127 26384 26396 I art     : Explicit concurrent mark sweep GC freed 57(992B) AllocSpace objects, 0(0B) LOS objects, 28% free, 39MB/55MB, paused 804us total 32.785ms
08-04 13:55:27.448 26384 26395 I art     : Starting a blocking GC Explicit
08-04 13:55:27.483 26384 26395 I art     : Explicit concurrent mark sweep GC freed 1949(91KB) AllocSpace objects, 2(40KB) LOS objects, 28% free, 39MB/55MB, paused 709us total 34.342ms
08-04 13:55:27.496 26384 26395 I art     : Starting a blocking GC Explicit
08-04 13:55:27.530 26384 26395 I art     : Explicit concurrent mark sweep GC freed 69(1552B) AllocSpace objects, 0(0B) LOS objects, 28% free, 39MB/55MB, paused 1.197ms total 33.771ms
08-04 13:55:27.543 26384 26395 I art     : Starting a blocking GC Explicit
08-04 13:55:27.575 26384 26395 I art     : Explicit concurrent mark sweep GC freed 76(1328B) AllocSpace objects, 0(0B) LOS objects, 28% free, 39MB/55MB, paused 701us total 31.255ms
08-04 13:55:27.585 27655 27655 D AndroidRuntime: >>>>>> START com.android.internal.os.RuntimeInit uid 2000 <<<<<<
08-04 13:55:27.588 26384 26395 I art     : Starting a blocking GC Explicit
08-04 13:55:27.590 27655 27655 D AndroidRuntime: CheckJNI is OFF
08-04 13:55:27.619 26384 26395 I art     : Explicit concurrent mark sweep GC freed 82(1520B) AllocSpace objects, 0(0B) LOS objects, 28% free, 39MB/55MB, paused 707us total 30.804ms
08-04 13:55:27.624 27655 27655 D ICU     : No timezone override file found: /data/misc/zoneinfo/current/icu/icu_tzdata.dat
08-04 13:55:27.631 26384 26395 I art     : Starting a blocking GC Explicit
08-04 13:55:27.657 27655 27655 I Radio-JNI: register_android_hardware_Radio DONE
08-04 13:55:27.662 26384 26395 I art     : Explicit concurrent mark sweep GC freed 62(1152B) AllocSpace objects, 0(0B) LOS objects, 28% free, 39MB/55MB, paused 916us total 30.770ms
08-04 13:55:27.678 27655 27655 D AndroidRuntime: Calling main entry com.android.commands.input.Input
08-04 13:55:27.680 27655 27655 I Input   : injectMotionEvent: MotionEvent { action=ACTION_DOWN, actionButton=0, id[0]=0, x[0]=117.0, y[0]=170.0, toolType[0]=TOOL_TYPE_UNKNOWN, buttonState=0, metaState=0, flags=0x0, edgeFlags=0x0, pointerCount=1, historySize=0, eventTime=712544093, downTime=712544093, deviceId=0, source=0x1002 }
08-04 13:55:27.686 27655 27655 I Input   : injectMotionEvent: MotionEvent { action=ACTION_UP, actionButton=0, id[0]=0, x[0]=117.0, y[0]=170.0, toolType[0]=TOOL_TYPE_UNKNOWN, buttonState=0, metaState=0, flags=0x0, edgeFlags=0x0, pointerCount=1, historySize=0, eventTime=712544093, downTime=712544093, deviceId=0, source=0x1002 }
08-04 13:55:27.688 27655 27655 D AndroidRuntime: Shutting down VM
08-04 13:55:27.699   512  2967 D audio_hw_primary: out_set_parameters: enter: usecase(1: low-latency-playback) kvpairs: routing=2
08-04 13:55:27.712   512  2967 D audio_hw_primary: select_devices: out_snd_device(2: speaker) in_snd_device(0: none)
08-04 13:55:27.712   512  2967 D msm8974_platform: platform_send_audio_calibration: sending audio calibration for snd_device(2) acdb_id(15)
08-04 13:55:27.712   512  2967 I soundtrigger: audio_extn_sound_trigger_update_device_status: device 0x2 of type 0 for Event 1
08-04 13:55:27.721   512  2967 D audio_hw_primary: enable_snd_device: snd_device(2: speaker)
08-04 13:55:27.723   512  2967 D audio_hw_primary: enable_audio_route: apply and update mixer path: low-latency-playback speaker
08-04 13:55:27.962 26384 26402 I art     : Starting a blocking GC Explicit
08-04 13:55:27.993 26384 26402 I art     : Explicit concurrent mark sweep GC freed 2354(113KB) AllocSpace objects, 2(40KB) LOS objects, 28% free, 40MB/56MB, paused 711us total 30.645ms
08-04 13:55:28.005 26384 26402 I art     : Starting a blocking GC Explicit
08-04 13:55:28.035 26384 26402 I art     : Explicit concurrent mark sweep GC freed 130(3KB) AllocSpace objects, 0(0B) LOS objects, 28% free, 40MB/56MB, paused 643us total 29.601ms
08-04 13:55:28.048 26384 26402 I art     : Starting a blocking GC Explicit
08-04 13:55:28.078 26384 26402 I art     : Explicit concurrent mark sweep GC freed 51(896B) AllocSpace objects, 0(0B) LOS objects, 28% free, 40MB/56MB, paused 780us total 29.975ms
08-04 13:55:28.090 26384 26402 I art     : Starting a blocking GC Explicit
08-04 13:55:28.120 26384 26402 I art     : Explicit concurrent mark sweep GC freed 83(1584B) AllocSpace objects, 0(0B) LOS objects, 28% free, 40MB/56MB, paused 650us total 29.006ms
08-04 13:55:28.132 26384 26402 I art     : Starting a blocking GC Explicit
08-04 13:55:28.162 26384 26402 I art     : Explicit concurrent mark sweep GC freed 64(1120B) AllocSpace objects, 0(0B) LOS objects, 28% free, 40MB/56MB, paused 784us total 29.650ms
08-04 13:55:28.258   512  2967 D audio_hw_primary: disable_audio_route: reset and update mixer path: low-latency-playback speaker
08-04 13:55:28.260   512  2967 D audio_hw_primary: disable_snd_device: snd_device(2: speaker)
08-04 13:55:28.268   512  2967 I soundtrigger: audio_extn_sound_trigger_update_device_status: device 0x2 of type 0 for Event 0
08-04 13:55:28.317 27689 27689 D AndroidRuntime: >>>>>> START com.android.internal.os.RuntimeInit uid 2000 <<<<<<
08-04 13:55:28.321 27689 27689 D AndroidRuntime: CheckJNI is OFF
08-04 13:55:28.354 27689 27689 D ICU     : No timezone override file found: /data/misc/zoneinfo/current/icu/icu_tzdata.dat
08-04 13:55:28.384 27689 27689 I Radio-JNI: register_android_hardware_Radio DONE
08-04 13:55:28.405 27689 27689 D AndroidRuntime: Calling main entry com.android.commands.input.Input
08-04 13:55:28.407 27689 27689 I Input   : injectMotionEvent: MotionEvent { action=ACTION_DOWN, actionButton=0, id[0]=0, x[0]=355.0, y[0]=1674.0, toolType[0]=TOOL_TYPE_UNKNOWN, buttonState=0, metaState=0, flags=0x0, edgeFlags=0x0, pointerCount=1, historySize=0, eventTime=712544819, downTime=712544819, deviceId=0, source=0x1002 }
08-04 13:55:28.410 27689 27689 I Input   : injectMotionEvent: MotionEvent { action=ACTION_UP, actionButton=0, id[0]=0, x[0]=355.0, y[0]=1674.0, toolType[0]=TOOL_TYPE_UNKNOWN, buttonState=0, metaState=0, flags=0x0, edgeFlags=0x0, pointerCount=1, historySize=0, eventTime=712544819, downTime=712544819, deviceId=0, source=0x1002 }
08-04 13:55:28.412 27689 27689 D AndroidRuntime: Shutting down VM
08-04 13:55:28.432   512  2967 D audio_hw_primary: out_set_parameters: enter: usecase(1: low-latency-playback) kvpairs: routing=2
08-04 13:55:28.445   512  2967 D audio_hw_primary: select_devices: out_snd_device(2: speaker) in_snd_device(0: none)
08-04 13:55:28.445   512  2967 D msm8974_platform: platform_send_audio_calibration: sending audio calibration for snd_device(2) acdb_id(15)
08-04 13:55:28.445   512  2967 I soundtrigger: audio_extn_sound_trigger_update_device_status: device 0x2 of type 0 for Event 1
08-04 13:55:28.455   512  2967 D audio_hw_primary: enable_snd_device: snd_device(2: speaker)
08-04 13:55:28.457   512  2967 D audio_hw_primary: enable_audio_route: apply and update mixer path: low-latency-playback speaker
08-04 13:55:28.487 26384 26402 I art     : Starting a blocking GC Explicit
08-04 13:55:28.498   512  2967 D AudioFlinger: mixer(0xf4740000) throttle end: throttle time(12)
08-04 13:55:28.520 26384 26402 I art     : Explicit concurrent mark sweep GC freed 2274(113KB) AllocSpace objects, 2(40KB) LOS objects, 23% free, 51MB/67MB, paused 803us total 32.626ms
08-04 13:55:28.533 26384 26402 I art     : Starting a blocking GC Explicit
08-04 13:55:28.538   518   646 I ThermalEngine: ACTION: GPU - Setting GPU[0] to 450000000
08-04 13:55:28.572 26384 26402 I art     : Explicit concurrent mark sweep GC freed 1393(141KB) AllocSpace objects, 0(0B) LOS objects, 23% free, 50MB/66MB, paused 975us total 38.645ms
08-04 13:55:28.589 26384 26402 I art     : Starting a blocking GC Explicit
08-04 13:55:28.627 26384 26402 I art     : Explicit concurrent mark sweep GC freed 5(192B) AllocSpace objects, 0(0B) LOS objects, 17% free, 73MB/89MB, paused 1.095ms total 38.240ms
08-04 13:55:28.644 26384 26402 I art     : Starting a blocking GC Explicit
08-04 13:55:28.683 26384 26402 I art     : Explicit concurrent mark sweep GC freed 3(96B) AllocSpace objects, 0(0B) LOS objects, 17% free, 73MB/89MB, paused 986us total 38.419ms
08-04 13:55:28.700 26384 26402 I art     : Starting a blocking GC Explicit
08-04 13:55:28.738 26384 26402 I art     : Explicit concurrent mark sweep GC freed 3(96B) AllocSpace objects, 0(0B) LOS objects, 17% free, 73MB/89MB, paused 1.006ms total 38.588ms
08-04 13:55:28.739 26384 26394 I art     : WaitForGcToComplete blocked for 10.920ms for cause HeapTrim
08-04 13:55:28.988   512  2967 D audio_hw_primary: disable_audio_route: reset and update mixer path: low-latency-playback speaker
08-04 13:55:28.989   512  2967 D audio_hw_primary: disable_snd_device: snd_device(2: speaker)
08-04 13:55:28.996   512  2967 I soundtrigger: audio_extn_sound_trigger_update_device_status: device 0x2 of type 0 for Event 0
08-04 13:55:29.095 26384 26395 I art     : Starting a blocking GC Explicit
08-04 13:55:29.135 26384 26395 I art     : Explicit concurrent mark sweep GC freed 21(1744B) AllocSpace objects, 0(0B) LOS objects, 12% free, 115MB/131MB, paused 1.027ms total 39.560ms
08-04 13:55:29.152 26384 26395 I art     : Starting a blocking GC Explicit
08-04 13:55:29.190 26384 26395 I art     : Explicit concurrent mark sweep GC freed 4(128B) AllocSpace objects, 0(0B) LOS objects, 12% free, 115MB/131MB, paused 1.164ms total 38.224ms
08-04 13:55:29.207 26384 26395 I art     : Waiting for a blocking GC Explicit
08-04 13:55:29.216 26384 26395 I art     : WaitForGcToComplete blocked for 8.425ms for cause Explicit
08-04 13:55:29.216 26384 26395 I art     : Starting a blocking GC Explicit
08-04 13:55:29.255 26384 26395 I art     : Explicit concurrent mark sweep GC freed 9(336B) AllocSpace objects, 0(0B) LOS objects, 10% free, 134MB/150MB, paused 1.028ms total 38.575ms
08-04 13:55:29.255 26384 26394 I art     : WaitForGcToComplete blocked for 38.856ms for cause Background
08-04 13:55:29.271 26384 26395 I art     : Starting a blocking GC Explicit
08-04 13:55:29.310 26384 26395 I art     : Explicit concurrent mark sweep GC freed 5(192B) AllocSpace objects, 0(0B) LOS objects, 10% free, 134MB/150MB, paused 966us total 38.542ms
08-04 13:55:29.327 26384 26395 I art     : Starting a blocking GC Explicit
08-04 13:55:29.366 26384 26395 I art     : Explicit concurrent mark sweep GC freed 7(640B) AllocSpace objects, 0(0B) LOS objects, 10% free, 134MB/150MB, paused 1.354ms total 39.405ms
08-04 13:55:29.366 26384 26384 I Choreographer: Skipped 55 frames!  The application may be doing too much work on its main thread.
08-04 13:55:29.367 26384 26384 V MainActivity: url = https://project-travel-mate.herokuapp.com/api/number-of-unread-notifications
08-04 13:55:29.743 26384 26395 I art     : Starting a blocking GC Explicit
08-04 13:55:29.801 26384 26395 I art     : Explicit concurrent mark sweep GC freed 3197(150KB) AllocSpace objects, 11(288KB) LOS objects, 10% free, 134MB/150MB, paused 1.115ms total 57.381ms
08-04 13:55:29.821 26384 26395 I art     : Starting a blocking GC Explicit
08-04 13:55:29.862 26384 26395 I art     : Explicit concurrent mark sweep GC freed 940(54KB) AllocSpace objects, 0(0B) LOS objects, 10% free, 134MB/150MB, paused 1.003ms total 40.771ms
08-04 13:55:29.880 26384 26395 I art     : Starting a blocking GC Explicit
08-04 13:55:29.923 26384 26395 I art     : Explicit concurrent mark sweep GC freed 1539(91KB) AllocSpace objects, 2(120KB) LOS objects, 10% free, 134MB/150MB, paused 1.785ms total 43.404ms
08-04 13:55:29.941 26384 26395 I art     : Starting a blocking GC Explicit
08-04 13:55:29.964 26384 27721 I NAPPA_EXPERIMENTATION: MetricNetworkRequestExecutionTime: REQUEST_DURATION_SYSTEM='596',REQUEST_DURATION_OKHTTP='32',REQUEST_SYNCHRONOUS='FALSE',RESPONSE_CODE='200',RESPONSE_METHOD='GET',RESPONSE_LENGTH_OKHTTP='36',RESPONSE_LENGTH_HEADER='36',REQUEST_PROTOCOL='http/1.1',REQUEST_URL='https://project-travel-mate.herokuapp.com/api/number-of-unread-notifications',
08-04 13:55:29.982 26384 26395 I art     : Explicit concurrent mark sweep GC freed 2061(165KB) AllocSpace objects, 1(80KB) LOS objects, 10% free, 134MB/150MB, paused 998us total 40.478ms
08-04 13:55:29.999 26384 26395 I art     : Starting a blocking GC Explicit
08-04 13:55:30.046 26384 26395 I art     : Explicit concurrent mark sweep GC freed 69(4KB) AllocSpace objects, 0(0B) LOS objects, 10% free, 134MB/150MB, paused 993us total 46.927ms
08-04 13:55:30.483 26384 26888 I art     : Starting a blocking GC Explicit
08-04 13:55:30.547 26384 26888 I art     : Explicit concurrent mark sweep GC freed 1510(86KB) AllocSpace objects, 2(36KB) LOS objects, 10% free, 134MB/150MB, paused 1.140ms total 63.171ms
08-04 13:55:30.569 26384 26888 I art     : Starting a blocking GC Explicit
08-04 13:55:30.613 26384 26888 I art     : Explicit concurrent mark sweep GC freed 22(784B) AllocSpace objects, 0(0B) LOS objects, 10% free, 134MB/150MB, paused 1.023ms total 43.137ms
08-04 13:55:30.630 26384 26888 I art     : Starting a blocking GC Explicit
08-04 13:55:30.672 26384 26888 I art     : Explicit concurrent mark sweep GC freed 3(96B) AllocSpace objects, 0(0B) LOS objects, 10% free, 134MB/150MB, paused 931us total 41.917ms
08-04 13:55:30.689 26384 26888 I art     : Starting a blocking GC Explicit
08-04 13:55:30.729 26384 26888 I art     : Explicit concurrent mark sweep GC freed 3(96B) AllocSpace objects, 0(0B) LOS objects, 10% free, 134MB/150MB, paused 964us total 39.444ms
08-04 13:55:30.735 19867 19895 E YouTube : Error in sending SendDeviceContextRequest.
08-04 13:55:30.735 19867 19895 E YouTube : aeag: java.util.concurrent.ExecutionException: bwj
08-04 13:55:30.735 19867 19895 E YouTube : 	at adzy.b(PG:19)
08-04 13:55:30.735 19867 19895 E YouTube : 	at akfb.a(PG:163)
08-04 13:55:30.735 19867 19895 E YouTube : 	at abdc.a(PG:4)
08-04 13:55:30.735 19867 19895 E YouTube : 	at com.google.android.libraries.youtube.common.backgroundtask.workmanager.BackgroundTaskWorker.i(PG:7)
08-04 13:55:30.735 19867 19895 E YouTube : 	at bih.run(PG:1)
08-04 13:55:30.735 19867 19895 E YouTube : 	at java.util.concurrent.Executors$RunnableAdapter.call(Executors.java:423)
08-04 13:55:30.735 19867 19895 E YouTube : 	at java.util.concurrent.FutureTask.run(FutureTask.java:237)
08-04 13:55:30.735 19867 19895 E YouTube : 	at java.util.concurrent.ScheduledThreadPoolExecutor$ScheduledFutureTask.run(ScheduledThreadPoolExecutor.java:269)
08-04 13:55:30.735 19867 19895 E YouTube : 	at java.util.concurrent.ThreadPoolExecutor.runWorker(ThreadPoolExecutor.java:1113)
08-04 13:55:30.735 19867 19895 E YouTube : 	at java.util.concurrent.ThreadPoolExecutor$Worker.run(ThreadPoolExecutor.java:588)
08-04 13:55:30.735 19867 19895 E YouTube : 	at abgr.run(PG:12)
08-04 13:55:30.735 19867 19895 E YouTube : 	at java.lang.Thread.run(Thread.java:818)
08-04 13:55:30.735 19867 19895 E YouTube : Caused by: java.util.concurrent.ExecutionException: bwj
08-04 13:55:30.735 19867 19895 E YouTube : 	at asbb.a(PG:127)
08-04 13:55:30.735 19867 19895 E YouTube : 	at asbb.get(PG:83)
08-04 13:55:30.735 19867 19895 E YouTube : 	at adzy.b(PG:18)
08-04 13:55:30.735 19867 19895 E YouTube : 	... 11 more
08-04 13:55:30.735 19867 19895 E YouTube : Caused by: bwj
08-04 13:55:30.735 19867 19895 E YouTube : 	at abpp.run(Unknown Source)
08-04 13:55:30.735 19867 19895 E YouTube : 	... 4 more
08-04 13:55:30.735 19867 19895 E YouTube : Caused by: bljc: Exception in CronetUrlRequest: net::ERR_CONNECTION_CLOSED, ErrorCode=5, InternalErrorCode=-100, Retryable=true
08-04 13:55:30.735 19867 19895 E YouTube : 	at org.chromium.net.impl.CronetUrlRequest.onError(PG:55)
08-04 13:55:30.737 19867 19906 E YouTube : Scheduled config refresh failed.
08-04 13:55:30.737 19867 19906 E YouTube : aeag: java.util.concurrent.ExecutionException: bwj
08-04 13:55:30.737 19867 19906 E YouTube : 	at adzy.b(PG:19)
08-04 13:55:30.737 19867 19906 E YouTube : 	at aegt.a(PG:5)
08-04 13:55:30.737 19867 19906 E YouTube : 	at aegm.b(PG:8)
08-04 13:55:30.737 19867 19906 E YouTube : 	at aego.a(PG:1)
08-04 13:55:30.737 19867 19906 E YouTube : 	at abdc.a(PG:4)
08-04 13:55:30.737 19867 19906 E YouTube : 	at com.google.android.libraries.youtube.common.backgroundtask.workmanager.BackgroundTaskWorker.i(PG:7)
08-04 13:55:30.737 19867 19906 E YouTube : 	at bih.run(PG:1)
08-04 13:55:30.737 19867 19906 E YouTube : 	at java.util.concurrent.Executors$RunnableAdapter.call(Executors.java:423)
08-04 13:55:30.737 19867 19906 E YouTube : 	at java.util.concurrent.FutureTask.run(FutureTask.java:237)
08-04 13:55:30.737 19867 19906 E YouTube : 	at java.util.concurrent.ScheduledThreadPoolExecutor$ScheduledFutureTask.run(ScheduledThreadPoolExecutor.java:269)
08-04 13:55:30.737 19867 19906 E YouTube : 	at java.util.concurrent.ThreadPoolExecutor.runWorker(ThreadPoolExecutor.java:1113)
08-04 13:55:30.737 19867 19906 E YouTube : 	at java.util.concurrent.ThreadPoolExecutor$Worker.run(ThreadPoolExecutor.java:588)
08-04 13:55:30.737 19867 19906 E YouTube : 	at abgr.run(PG:12)
08-04 13:55:30.737 19867 19906 E YouTube : 	at java.lang.Thread.run(Thread.java:818)
08-04 13:55:30.737 19867 19906 E YouTube : Caused by: java.util.concurrent.ExecutionException: bwj
08-04 13:55:30.737 19867 19906 E YouTube : 	at asbb.a(PG:127)
08-04 13:55:30.737 19867 19906 E YouTube : 	at asbb.get(PG:83)
08-04 13:55:30.737 19867 19906 E YouTube : 	at adzy.b(PG:18)
08-04 13:55:30.737 19867 19906 E YouTube : 	... 13 more
08-04 13:55:30.737 19867 19906 E YouTube : Caused by: bwj
08-04 13:55:30.737 19867 19906 E YouTube : 	at abpp.run(Unknown Source)
08-04 13:55:30.737 19867 19906 E YouTube : 	... 4 more
08-04 13:55:30.737 19867 19906 E YouTube : Caused by: bljc: Exception in CronetUrlRequest: net::ERR_CONNECTION_CLOSED, ErrorCode=5, InternalErrorCode=-100, Retryable=true
08-04 13:55:30.737 19867 19906 E YouTube : 	at org.chromium.net.impl.CronetUrlRequest.onError(PG:55)
08-04 13:55:30.738 19867 19894 E YouTube : Scheduled config refresh failed.
08-04 13:55:30.738 19867 19894 E YouTube : aeag: java.util.concurrent.ExecutionException: bwj
08-04 13:55:30.738 19867 19894 E YouTube : 	at adzy.b(PG:19)
08-04 13:55:30.738 19867 19894 E YouTube : 	at aegt.a(PG:5)
08-04 13:55:30.738 19867 19894 E YouTube : 	at aegm.b(PG:8)
08-04 13:55:30.738 19867 19894 E YouTube : 	at aego.a(PG:1)
08-04 13:55:30.738 19867 19894 E YouTube : 	at abdc.a(PG:4)
08-04 13:55:30.738 19867 19894 E YouTube : 	at com.google.android.libraries.youtube.common.backgroundtask.workmanager.BackgroundTaskWorker.i(PG:7)
08-04 13:55:30.738 19867 19894 E YouTube : 	at bih.run(PG:1)
08-04 13:55:30.738 19867 19894 E YouTube : 	at java.util.concurrent.Executors$RunnableAdapter.call(Executors.java:423)
08-04 13:55:30.738 19867 19894 E YouTube : 	at java.util.concurrent.FutureTask.run(FutureTask.java:237)
08-04 13:55:30.738 19867 19894 E YouTube : 	at java.util.concurrent.ScheduledThreadPoolExecutor$ScheduledFutureTask.run(ScheduledThreadPoolExecutor.java:269)
08-04 13:55:30.738 19867 19894 E YouTube : 	at java.util.concurrent.ThreadPoolExecutor.runWorker(ThreadPoolExecutor.java:1113)
08-04 13:55:30.738 19867 19894 E YouTube : 	at java.util.concurrent.ThreadPoolExecutor$Worker.run(ThreadPoolExecutor.java:588)
08-04 13:55:30.738 19867 19894 E YouTube : 	at abgr.run(PG:12)
08-04 13:55:30.738 19867 19894 E YouTube : 	at java.lang.Thread.run(Thread.java:818)
08-04 13:55:30.738 19867 19894 E YouTube : Caused by: java.util.concurrent.ExecutionException: bwj
08-04 13:55:30.738 19867 19894 E YouTube : 	at asbb.a(PG:127)
08-04 13:55:30.738 19867 19894 E YouTube : 	at asbb.get(PG:83)
08-04 13:55:30.738 19867 19894 E YouTube : 	at adzy.b(PG:18)
08-04 13:55:30.738 19867 19894 E YouTube : 	... 13 more
08-04 13:55:30.738 19867 19894 E YouTube : Caused by: bwj
08-04 13:55:30.738 19867 19894 E YouTube : 	at abpp.run(Unknown Source)
08-04 13:55:30.738 19867 19894 E YouTube : 	... 4 more
08-04 13:55:30.738 19867 19894 E YouTube : Caused by: bljc: Exception in CronetUrlRequest: net::ERR_CONNECTION_CLOSED, ErrorCode=5, InternalErrorCode=-100, Retryable=true
08-04 13:55:30.738 19867 19894 E YouTube : 	at org.chromium.net.impl.CronetUrlRequest.onError(PG:55)
08-04 13:55:30.746 26384 26888 I art     : Starting a blocking GC Explicit
08-04 13:55:30.779   918  3670 I ActivityManager: Killing 2486:com.android.musicfx/u0a21 (adj 15): empty #17
08-04 13:55:30.784 26384 26888 I art     : Explicit concurrent mark sweep GC freed 3(96B) AllocSpace objects, 0(0B) LOS objects, 10% free, 134MB/150MB, paused 939us total 37.058ms
08-04 13:55:30.855   918   918 I ActivityManager: Start proc 27753:baseline.com.newsblur/u0a652 for service baseline.com.newsblur/.service.NBSyncService
08-04 13:55:30.855 27753 27753 I art     : Late-enabling -Xcheck:jni
08-04 13:55:30.914 27753 27753 W System  : ClassLoader referenced unknown path: /data/app/baseline.com.newsblur-1/lib/arm64
08-04 13:55:30.967   918  3670 I ActivityManager: Killing 5856:com.android.defcontainer/u0a7 (adj 15): empty #17
08-04 13:55:31.203 26384 26888 I art     : Starting a blocking GC Explicit
08-04 13:55:31.215 27751 27751 D AndroidRuntime: >>>>>> START com.android.internal.os.RuntimeInit uid 2000 <<<<<<
08-04 13:55:31.249 26384 26888 I art     : Explicit concurrent mark sweep GC freed 1469(84KB) AllocSpace objects, 2(36KB) LOS objects, 10% free, 134MB/150MB, paused 1.497ms total 45.426ms
08-04 13:55:31.252 27751 27751 D AndroidRuntime: CheckJNI is OFF
08-04 13:55:31.267 26384 26888 I art     : Starting a blocking GC Explicit
08-04 13:55:31.300 27751 27751 D ICU     : No timezone override file found: /data/misc/zoneinfo/current/icu/icu_tzdata.dat
08-04 13:55:31.305 26384 26888 I art     : Explicit concurrent mark sweep GC freed 32(1328B) AllocSpace objects, 0(0B) LOS objects, 10% free, 134MB/150MB, paused 886us total 37.866ms
08-04 13:55:31.321 26384 26888 I art     : Starting a blocking GC Explicit
08-04 13:55:31.343 27751 27751 I Radio-JNI: register_android_hardware_Radio DONE
08-04 13:55:31.363 26384 26888 I art     : Explicit concurrent mark sweep GC freed 3(96B) AllocSpace objects, 0(0B) LOS objects, 10% free, 134MB/150MB, paused 944us total 41.059ms
08-04 13:55:31.372 27751 27751 D AndroidRuntime: Calling main entry com.android.commands.input.Input
08-04 13:55:31.375 27751 27751 I Input   : injectMotionEvent: MotionEvent { action=ACTION_DOWN, actionButton=0, id[0]=0, x[0]=747.0, y[0]=608.0, toolType[0]=TOOL_TYPE_UNKNOWN, buttonState=0, metaState=0, flags=0x0, edgeFlags=0x0, pointerCount=1, historySize=0, eventTime=712547787, downTime=712547787, deviceId=0, source=0x1002 }
08-04 13:55:31.380 26384 26888 I art     : Starting a blocking GC Explicit
08-04 13:55:31.382 27751 27751 I Input   : injectMotionEvent: MotionEvent { action=ACTION_UP, actionButton=0, id[0]=0, x[0]=747.0, y[0]=608.0, toolType[0]=TOOL_TYPE_UNKNOWN, buttonState=0, metaState=0, flags=0x0, edgeFlags=0x0, pointerCount=1, historySize=0, eventTime=712547787, downTime=712547787, deviceId=0, source=0x1002 }
08-04 13:55:31.384 27751 27751 D AndroidRuntime: Shutting down VM
08-04 13:55:31.386   512  2967 D audio_hw_primary: out_set_parameters: enter: usecase(1: low-latency-playback) kvpairs: routing=2
08-04 13:55:31.389   918  3696 I ActivityManager: START u0 {cmp=baseline.io.github.project_travel_mate/.utilities.ChecklistActivity} from uid 10650 on display 0
08-04 13:55:31.399   512  2967 D audio_hw_primary: select_devices: out_snd_device(2: speaker) in_snd_device(0: none)
08-04 13:55:31.399   512  2967 D msm8974_platform: platform_send_audio_calibration: sending audio calibration for snd_device(2) acdb_id(15)
08-04 13:55:31.399   512  2967 I soundtrigger: audio_extn_sound_trigger_update_device_status: device 0x2 of type 0 for Event 1
08-04 13:55:31.412   512  2967 D audio_hw_primary: enable_snd_device: snd_device(2: speaker)
08-04 13:55:31.414   512  2967 D audio_hw_primary: enable_audio_route: apply and update mixer path: low-latency-playback speaker
08-04 13:55:31.420 26384 26888 I art     : Explicit concurrent mark sweep GC freed 258(20KB) AllocSpace objects, 0(0B) LOS objects, 10% free, 134MB/150MB, paused 1.386ms total 40.262ms
08-04 13:55:31.438 26384 26888 I art     : Starting a blocking GC Explicit
08-04 13:55:31.480 26384 26888 I art     : Explicit concurrent mark sweep GC freed 652(101KB) AllocSpace objects, 0(0B) LOS objects, 10% free, 135MB/151MB, paused 2.160ms total 41.728ms
08-04 13:55:31.549   918   936 I ActivityManager: Displayed baseline.io.github.project_travel_mate/.utilities.ChecklistActivity: +152ms
08-04 13:55:31.550 13866 13866 I GoogleInputMethodServic: GoogleInputMethodService.onFinishInput():3138 
08-04 13:55:31.551 13866 13866 I GoogleInputMethodServic: GoogleInputMethodService.onStartInput():1808 
08-04 13:55:31.798   380   380 W SurfaceFlinger: couldn't log to binary event log: overflow.
08-04 13:55:31.867 26384 26888 I art     : Starting a blocking GC Explicit
08-04 13:55:31.912 26384 26888 I art     : Explicit concurrent mark sweep GC freed 2502(176KB) AllocSpace objects, 2(36KB) LOS objects, 10% free, 135MB/151MB, paused 1.105ms total 44.317ms
08-04 13:55:31.930 26384 26888 I art     : Starting a blocking GC Explicit
08-04 13:55:31.949   512  2967 D audio_hw_primary: disable_audio_route: reset and update mixer path: low-latency-playback speaker
08-04 13:55:31.950   512  2967 D audio_hw_primary: disable_snd_device: snd_device(2: speaker)
08-04 13:55:31.959   512  2967 I soundtrigger: audio_extn_sound_trigger_update_device_status: device 0x2 of type 0 for Event 0
08-04 13:55:31.974 26384 26888 I art     : Explicit concurrent mark sweep GC freed 205(7KB) AllocSpace objects, 0(0B) LOS objects, 10% free, 135MB/151MB, paused 1.128ms total 43.454ms
08-04 13:55:31.991 26384 26888 I art     : Starting a blocking GC Explicit
08-04 13:55:32.036 26384 26888 I art     : Explicit concurrent mark sweep GC freed 11(352B) AllocSpace objects, 0(0B) LOS objects, 10% free, 135MB/151MB, paused 1.070ms total 44.037ms
08-04 13:55:32.053 26384 26888 I art     : Starting a blocking GC Explicit
08-04 13:55:32.098 26384 26888 I art     : Explicit concurrent mark sweep GC freed 3(96B) AllocSpace objects, 0(0B) LOS objects, 10% free, 135MB/151MB, paused 1.262ms total 44.454ms
08-04 13:55:32.115 26384 26888 I art     : Starting a blocking GC Explicit
08-04 13:55:32.163 26384 26888 I art     : Explicit concurrent mark sweep GC freed 3(96B) AllocSpace objects, 0(0B) LOS objects, 10% free, 135MB/151MB, paused 1.146ms total 47.263ms
08-04 13:55:32.582 26384 26396 I art     : Starting a blocking GC Explicit
08-04 13:55:32.640 26384 26396 I art     : Explicit concurrent mark sweep GC freed 1629(93KB) AllocSpace objects, 2(36KB) LOS objects, 10% free, 135MB/151MB, paused 1.343ms total 57.660ms
08-04 13:55:32.659 26384 26396 I art     : Starting a blocking GC Explicit
08-04 13:55:32.704 26384 26396 I art     : Explicit concurrent mark sweep GC freed 45(1840B) AllocSpace objects, 0(0B) LOS objects, 10% free, 135MB/151MB, paused 1.086ms total 44.943ms
08-04 13:55:32.721 26384 26396 I art     : Starting a blocking GC Explicit
08-04 13:55:32.767 26384 26396 I art     : Explicit concurrent mark sweep GC freed 3(96B) AllocSpace objects, 0(0B) LOS objects, 10% free, 135MB/151MB, paused 1.093ms total 45.419ms
08-04 13:55:32.784 26384 26396 I art     : Starting a blocking GC Explicit
08-04 13:55:32.832 26384 26396 I art     : Explicit concurrent mark sweep GC freed 3(96B) AllocSpace objects, 0(0B) LOS objects, 10% free, 135MB/151MB, paused 1.154ms total 47.194ms
08-04 13:55:32.852 26384 26396 I art     : Starting a blocking GC Explicit
08-04 13:55:32.898 26384 26396 I art     : Explicit concurrent mark sweep GC freed 3(96B) AllocSpace objects, 0(0B) LOS objects, 10% free, 135MB/151MB, paused 1.086ms total 45.723ms
08-04 13:55:33.325 26384 26402 I art     : Starting a blocking GC Explicit
08-04 13:55:33.391 26384 26402 I art     : Explicit concurrent mark sweep GC freed 1581(91KB) AllocSpace objects, 2(36KB) LOS objects, 10% free, 135MB/151MB, paused 1.279ms total 64.556ms
08-04 13:55:33.411 26384 26402 I art     : Starting a blocking GC Explicit
08-04 13:55:33.462 26384 26402 I art     : Explicit concurrent mark sweep GC freed 58(1824B) AllocSpace objects, 0(0B) LOS objects, 10% free, 135MB/151MB, paused 1.220ms total 50.526ms
08-04 13:55:33.483 26384 26402 I art     : Starting a blocking GC Explicit
08-04 13:55:33.534 26384 26402 I art     : Explicit concurrent mark sweep GC freed 4(128B) AllocSpace objects, 0(0B) LOS objects, 10% free, 135MB/151MB, paused 1.208ms total 50.843ms
08-04 13:55:33.555 26384 26402 I art     : Starting a blocking GC Explicit
08-04 13:55:33.604 26384 26402 I art     : Explicit concurrent mark sweep GC freed 3(96B) AllocSpace objects, 0(0B) LOS objects, 10% free, 135MB/151MB, paused 1.167ms total 49.028ms
08-04 13:55:33.622 26384 26402 I art     : Starting a blocking GC Explicit
08-04 13:55:33.672 26384 26402 I art     : Explicit concurrent mark sweep GC freed 3(96B) AllocSpace objects, 0(0B) LOS objects, 10% free, 135MB/151MB, paused 1.239ms total 49.395ms
08-04 13:55:34.092 26384 26395 I art     : Starting a blocking GC Explicit
08-04 13:55:34.150 26384 26395 I art     : Explicit concurrent mark sweep GC freed 1595(92KB) AllocSpace objects, 2(36KB) LOS objects, 10% free, 135MB/151MB, paused 1.280ms total 57.798ms
08-04 13:55:34.171 26384 26395 I art     : Starting a blocking GC Explicit
08-04 13:55:34.219 26384 26395 I art     : Explicit concurrent mark sweep GC freed 38(1568B) AllocSpace objects, 0(0B) LOS objects, 10% free, 135MB/151MB, paused 1.072ms total 47.833ms
08-04 13:55:34.237 26384 26395 I art     : Starting a blocking GC Explicit
08-04 13:55:34.286 26384 26395 I art     : Explicit concurrent mark sweep GC freed 3(96B) AllocSpace objects, 0(0B) LOS objects, 10% free, 135MB/151MB, paused 1.150ms total 48.882ms
08-04 13:55:34.304 26384 26395 I art     : Starting a blocking GC Explicit
08-04 13:55:34.351 26384 26395 I art     : Explicit concurrent mark sweep GC freed 3(96B) AllocSpace objects, 0(0B) LOS objects, 10% free, 135MB/151MB, paused 1.123ms total 47.236ms
08-04 13:55:34.369 26384 26395 I art     : Starting a blocking GC Explicit
08-04 13:55:34.417 26384 26395 I art     : Explicit concurrent mark sweep GC freed 3(96B) AllocSpace objects, 0(0B) LOS objects, 10% free, 135MB/151MB, paused 1.186ms total 47.890ms
08-04 13:55:34.554   518   646 I ThermalEngine: ACTION: GPU - Setting GPU[0] to 510000000
08-04 13:55:34.854 26384 26888 I art     : Starting a blocking GC Explicit
08-04 13:55:34.905 26384 26888 I art     : Explicit concurrent mark sweep GC freed 1615(93KB) AllocSpace objects, 2(36KB) LOS objects, 10% free, 135MB/151MB, paused 912us total 50.392ms
08-04 13:55:34.922 26384 26888 I art     : Starting a blocking GC Explicit
08-04 13:55:34.958 26384 26888 I art     : Explicit concurrent mark sweep GC freed 28(1024B) AllocSpace objects, 0(0B) LOS objects, 10% free, 135MB/151MB, paused 856us total 35.948ms
08-04 13:55:34.972 26384 26888 I art     : Starting a blocking GC Explicit
08-04 13:55:35.009 26384 26888 I art     : Explicit concurrent mark sweep GC freed 3(96B) AllocSpace objects, 0(0B) LOS objects, 10% free, 135MB/151MB, paused 800us total 37.060ms
08-04 13:55:35.023 26384 26888 I art     : Starting a blocking GC Explicit
08-04 13:55:35.059 26384 26888 I art     : Explicit concurrent mark sweep GC freed 3(96B) AllocSpace objects, 0(0B) LOS objects, 10% free, 135MB/151MB, paused 819us total 36.185ms
08-04 13:55:35.072 26384 26888 I art     : Starting a blocking GC Explicit
08-04 13:55:35.109 26384 26888 I art     : Explicit concurrent mark sweep GC freed 3(96B) AllocSpace objects, 0(0B) LOS objects, 10% free, 135MB/151MB, paused 764us total 36.583ms
08-04 13:55:35.482 26384 26396 I art     : Starting a blocking GC Explicit
08-04 13:55:35.532 26384 26396 I art     : Explicit concurrent mark sweep GC freed 1625(93KB) AllocSpace objects, 2(36KB) LOS objects, 10% free, 135MB/151MB, paused 928us total 49.497ms
08-04 13:55:35.549 26384 26396 I art     : Starting a blocking GC Explicit
08-04 13:55:35.584 26384 26396 I art     : Explicit concurrent mark sweep GC freed 38(1568B) AllocSpace objects, 0(0B) LOS objects, 10% free, 135MB/151MB, paused 937us total 35.488ms
08-04 13:55:35.598 26384 26396 I art     : Starting a blocking GC Explicit
08-04 13:55:35.633 26384 26396 I art     : Explicit concurrent mark sweep GC freed 3(96B) AllocSpace objects, 0(0B) LOS objects, 10% free, 135MB/151MB, paused 800us total 35.061ms
08-04 13:55:35.647 26384 26396 I art     : Starting a blocking GC Explicit
08-04 13:55:35.682 26384 26396 I art     : Explicit concurrent mark sweep GC freed 3(96B) AllocSpace objects, 0(0B) LOS objects, 10% free, 135MB/151MB, paused 853us total 34.753ms
08-04 13:55:35.695 26384 26396 I art     : Starting a blocking GC Explicit
08-04 13:55:35.729 26384 26396 I art     : Explicit concurrent mark sweep GC freed 3(96B) AllocSpace objects, 0(0B) LOS objects, 10% free, 135MB/151MB, paused 832us total 34.272ms
08-04 13:55:36.057 27856 27856 D AndroidRuntime: >>>>>> START com.android.internal.os.RuntimeInit uid 2000 <<<<<<
08-04 13:55:36.062 27856 27856 D AndroidRuntime: CheckJNI is OFF
08-04 13:55:36.087 26384 26402 I art     : Starting a blocking GC Explicit
08-04 13:55:36.099 27856 27856 D ICU     : No timezone override file found: /data/misc/zoneinfo/current/icu/icu_tzdata.dat
08-04 13:55:36.123 26384 26402 I art     : Explicit concurrent mark sweep GC freed 1582(91KB) AllocSpace objects, 2(36KB) LOS objects, 10% free, 135MB/151MB, paused 892us total 35.624ms
08-04 13:55:36.134 27856 27856 I Radio-JNI: register_android_hardware_Radio DONE
08-04 13:55:36.136 26384 26402 I art     : Starting a blocking GC Explicit
08-04 13:55:36.156 27856 27856 D AndroidRuntime: Calling main entry com.android.commands.input.Input
08-04 13:55:36.158 27856 27856 I Input   : injectKeyEvent: KeyEvent { action=ACTION_DOWN, keyCode=KEYCODE_BACK, scanCode=0, metaState=0, flags=0x0, repeatCount=0, eventTime=712552571, downTime=712552571, deviceId=-1, source=0x101 }
08-04 13:55:36.165 27856 27856 I Input   : injectKeyEvent: KeyEvent { action=ACTION_UP, keyCode=KEYCODE_BACK, scanCode=0, metaState=0, flags=0x0, repeatCount=0, eventTime=712552571, downTime=712552571, deviceId=-1, source=0x101 }
08-04 13:55:36.167 26384 26402 I art     : Explicit concurrent mark sweep GC freed 28(1024B) AllocSpace objects, 0(0B) LOS objects, 10% free, 135MB/151MB, paused 929us total 31.201ms
08-04 13:55:36.171 27856 27856 D AndroidRuntime: Shutting down VM
08-04 13:55:36.180 26384 26402 I art     : Starting a blocking GC Explicit
08-04 13:55:36.186 26384 26384 V MainActivity: url = https://project-travel-mate.herokuapp.com/api/number-of-unread-notifications
08-04 13:55:36.210 26384 26402 I art     : Explicit concurrent mark sweep GC freed 324(13KB) AllocSpace objects, 0(0B) LOS objects, 10% free, 135MB/151MB, paused 801us total 30.308ms
08-04 13:55:36.214 13866 13866 I GoogleInputMethodServic: GoogleInputMethodService.onFinishInput():3138 
08-04 13:55:36.214 13866 13866 I GoogleInputMethodServic: GoogleInputMethodService.onStartInput():1808 
08-04 13:55:36.225 26384 26402 I art     : Starting a blocking GC Explicit
08-04 13:55:36.259 26384 26402 I art     : Explicit concurrent mark sweep GC freed 97(3KB) AllocSpace objects, 0(0B) LOS objects, 10% free, 135MB/151MB, paused 908us total 34.301ms
08-04 13:55:36.272 26384 26402 I art     : Starting a blocking GC Explicit
08-04 13:55:36.301 26384 26402 I art     : Explicit concurrent mark sweep GC freed 92(5KB) AllocSpace objects, 0(0B) LOS objects, 10% free, 135MB/151MB, paused 812us total 28.833ms
08-04 13:55:36.503   380   380 W SurfaceFlinger: couldn't log to binary event log: overflow.
08-04 13:55:36.626 26384 26395 I art     : Starting a blocking GC Explicit
08-04 13:55:36.669 26384 26395 I art     : Explicit concurrent mark sweep GC freed 2821(173KB) AllocSpace objects, 4(156KB) LOS objects, 10% free, 135MB/151MB, paused 1.506ms total 42.376ms
08-04 13:55:36.685 26384 26395 I art     : Starting a blocking GC Explicit
08-04 13:55:36.721 26384 27880 I NAPPA_EXPERIMENTATION: MetricNetworkRequestExecutionTime: REQUEST_DURATION_SYSTEM='534',REQUEST_DURATION_OKHTTP='32',REQUEST_SYNCHRONOUS='FALSE',RESPONSE_CODE='200',RESPONSE_METHOD='GET',RESPONSE_LENGTH_OKHTTP='36',RESPONSE_LENGTH_HEADER='36',REQUEST_PROTOCOL='http/1.1',REQUEST_URL='https://project-travel-mate.herokuapp.com/api/number-of-unread-notifications',
08-04 13:55:36.724 26384 26395 I art     : Explicit concurrent mark sweep GC freed 2427(133KB) AllocSpace objects, 1(80KB) LOS objects, 10% free, 135MB/151MB, paused 1.084ms total 38.682ms
08-04 13:55:36.738 26384 26395 I art     : Starting a blocking GC Explicit
08-04 13:55:36.774 26384 26395 I art     : Explicit concurrent mark sweep GC freed 620(74KB) AllocSpace objects, 0(0B) LOS objects, 10% free, 135MB/151MB, paused 869us total 36.635ms
08-04 13:55:36.788 26384 26395 I art     : Starting a blocking GC Explicit
08-04 13:55:36.824 26384 26395 I art     : Explicit concurrent mark sweep GC freed 87(3KB) AllocSpace objects, 0(0B) LOS objects, 10% free, 135MB/151MB, paused 874us total 36.385ms
08-04 13:55:36.838 26384 26395 I art     : Starting a blocking GC Explicit
08-04 13:55:36.875 26384 26395 I art     : Explicit concurrent mark sweep GC freed 14(720B) AllocSpace objects, 0(0B) LOS objects, 10% free, 135MB/151MB, paused 886us total 37.248ms
08-04 13:55:37.227 26384 26888 I art     : Starting a blocking GC Explicit
08-04 13:55:37.278 26384 26888 I art     : Explicit concurrent mark sweep GC freed 1593(92KB) AllocSpace objects, 2(36KB) LOS objects, 10% free, 135MB/151MB, paused 999us total 49.962ms
08-04 13:55:37.293 26384 26888 I art     : Starting a blocking GC Explicit
08-04 13:55:37.331 26384 26888 I art     : Explicit concurrent mark sweep GC freed 28(1024B) AllocSpace objects, 0(0B) LOS objects, 10% free, 135MB/151MB, paused 855us total 37.207ms
08-04 13:55:37.344 26384 26888 I art     : Starting a blocking GC Explicit
08-04 13:55:37.381 26384 26888 I art     : Explicit concurrent mark sweep GC freed 3(96B) AllocSpace objects, 0(0B) LOS objects, 10% free, 135MB/151MB, paused 913us total 36.970ms
08-04 13:55:37.395 26384 26888 I art     : Starting a blocking GC Explicit
08-04 13:55:37.430 26384 26888 I art     : Explicit concurrent mark sweep GC freed 3(96B) AllocSpace objects, 0(0B) LOS objects, 10% free, 135MB/151MB, paused 792us total 34.279ms
08-04 13:55:37.443 26384 26888 I art     : Starting a blocking GC Explicit
08-04 13:55:37.477 26384 26888 I art     : Explicit concurrent mark sweep GC freed 34(928B) AllocSpace objects, 0(0B) LOS objects, 10% free, 135MB/151MB, paused 879us total 34.113ms
08-04 13:55:37.815 27903 27903 D AndroidRuntime: >>>>>> START com.android.internal.os.RuntimeInit uid 2000 <<<<<<
08-04 13:55:37.820 27903 27903 D AndroidRuntime: CheckJNI is OFF
08-04 13:55:37.824 26384 26402 I art     : Starting a blocking GC Explicit
08-04 13:55:37.864 27903 27903 D ICU     : No timezone override file found: /data/misc/zoneinfo/current/icu/icu_tzdata.dat
08-04 13:55:37.871 26384 26402 I art     : Explicit concurrent mark sweep GC freed 1590(92KB) AllocSpace objects, 2(36KB) LOS objects, 10% free, 135MB/151MB, paused 891us total 46.671ms
08-04 13:55:37.885 26384 26402 I art     : Starting a blocking GC Explicit
08-04 13:55:37.899 27903 27903 I Radio-JNI: register_android_hardware_Radio DONE
08-04 13:55:37.919 26384 26402 I art     : Explicit concurrent mark sweep GC freed 33(1184B) AllocSpace objects, 0(0B) LOS objects, 10% free, 135MB/151MB, paused 919us total 33.199ms
08-04 13:55:37.921 27903 27903 D AndroidRuntime: Calling main entry com.android.commands.input.Input
08-04 13:55:37.923 27903 27903 I Input   : injectMotionEvent: MotionEvent { action=ACTION_DOWN, actionButton=0, id[0]=0, x[0]=657.0, y[0]=2037.0, toolType[0]=TOOL_TYPE_UNKNOWN, buttonState=0, metaState=0, flags=0x0, edgeFlags=0x0, pointerCount=1, historySize=0, eventTime=712554335, downTime=712554335, deviceId=0, source=0x1002 }
08-04 13:55:37.928 27903 27903 I Input   : injectMotionEvent: MotionEvent { action=ACTION_UP, actionButton=0, id[0]=0, x[0]=657.0, y[0]=2037.0, toolType[0]=TOOL_TYPE_UNKNOWN, buttonState=0, metaState=0, flags=0x0, edgeFlags=0x0, pointerCount=1, historySize=0, eventTime=712554335, downTime=712554335, deviceId=0, source=0x1002 }
08-04 13:55:37.929 27903 27903 D AndroidRuntime: Shutting down VM
08-04 13:55:37.931 26384 26402 I art     : Starting a blocking GC Explicit
08-04 13:55:37.939   918  3696 I ActivityManager: START u0 {cmp=baseline.io.github.project_travel_mate/.utilities.CompassActivity} from uid 10650 on display 0
08-04 13:55:37.941   512  2967 D audio_hw_primary: out_set_parameters: enter: usecase(1: low-latency-playback) kvpairs: routing=2
08-04 13:55:37.954   512  2967 D audio_hw_primary: select_devices: out_snd_device(2: speaker) in_snd_device(0: none)
08-04 13:55:37.955   512  2967 D msm8974_platform: platform_send_audio_calibration: sending audio calibration for snd_device(2) acdb_id(15)
08-04 13:55:37.955   512  2967 I soundtrigger: audio_extn_sound_trigger_update_device_status: device 0x2 of type 0 for Event 1
08-04 13:55:37.964   512  2967 D audio_hw_primary: enable_snd_device: snd_device(2: speaker)
08-04 13:55:37.966 26384 26402 I art     : Explicit concurrent mark sweep GC freed 36(5KB) AllocSpace objects, 0(0B) LOS objects, 10% free, 135MB/151MB, paused 1.110ms total 34.755ms
08-04 13:55:37.966   512  2967 D audio_hw_primary: enable_audio_route: apply and update mixer path: low-latency-playback speaker
08-04 13:55:37.981 26384 26402 I art     : Starting a blocking GC Explicit
08-04 13:55:38.013 26384 26402 I art     : Explicit concurrent mark sweep GC freed 299(36KB) AllocSpace objects, 0(0B) LOS objects, 10% free, 135MB/151MB, paused 825us total 31.439ms
08-04 13:55:38.026 26384 26402 I art     : Starting a blocking GC Explicit
08-04 13:55:38.057 26384 26402 I art     : Explicit concurrent mark sweep GC freed 158(7KB) AllocSpace objects, 0(0B) LOS objects, 7% free, 184MB/200MB, paused 972us total 31.335ms
08-04 13:55:38.365 26384 26395 I art     : Starting a blocking GC Explicit
08-04 13:55:38.375 26384 26384 D CompassActivity: start compass
08-04 13:55:38.377   918  4413 I sensors : batch
08-04 13:55:38.377   918  4413 I sensors : activate
08-04 13:55:38.377   918  3961 I sensors : batch
08-04 13:55:38.377   918  3961 I sensors : activate
08-04 13:55:38.384   918  3188 I hubconnection: sensorhub said: 'batch 1 flags:0, sampling_rate_Hz:50.00, max_report_latency_us:0'
08-04 13:55:38.385   918  3188 I hubconnection: sensorhub said: 'activate 1 enable:1'
08-04 13:55:38.387   918  3188 I hubconnection: sensorhub said: 'batch 3 flags:0, sampling_rate_Hz:50.00, max_report_latency_us:0'
08-04 13:55:38.388   918  3188 I hubconnection: sensorhub said: 'activate 3 enable:1'
08-04 13:55:38.404 26384 26395 I art     : Explicit concurrent mark sweep GC freed 1727(99KB) AllocSpace objects, 2(36KB) LOS objects, 7% free, 187MB/203MB, paused 990us total 38.986ms
08-04 13:55:38.417 26384 26395 I art     : Starting a blocking GC Explicit
08-04 13:55:38.449 26384 26395 I art     : Explicit concurrent mark sweep GC freed 119(5KB) AllocSpace objects, 0(0B) LOS objects, 7% free, 187MB/203MB, paused 898us total 31.468ms
08-04 13:55:38.462 26384 26395 I art     : Starting a blocking GC Explicit
08-04 13:55:38.492 26384 26395 I art     : Explicit concurrent mark sweep GC freed 61(2112B) AllocSpace objects, 0(0B) LOS objects, 7% free, 187MB/203MB, paused 814us total 29.926ms
08-04 13:55:38.505 26384 26395 I art     : Starting a blocking GC Explicit
08-04 13:55:38.510   512  2967 D audio_hw_primary: disable_audio_route: reset and update mixer path: low-latency-playback speaker
08-04 13:55:38.511   512  2967 D audio_hw_primary: disable_snd_device: snd_device(2: speaker)
08-04 13:55:38.519   512  2967 I soundtrigger: audio_extn_sound_trigger_update_device_status: device 0x2 of type 0 for Event 0
08-04 13:55:38.539 26384 26395 I art     : Explicit concurrent mark sweep GC freed 17(640B) AllocSpace objects, 0(0B) LOS objects, 7% free, 187MB/203MB, paused 876us total 33.206ms
08-04 13:55:38.540 26384 26384 D CompassActivity: will set rotation from 0.0 to 180.41554
08-04 13:55:38.541 26384 26384 D CompassActivity: will set rotation from 180.41554 to 180.41374
08-04 13:55:38.546 26384 26384 D CompassActivity: will set rotation from 180.41374 to 179.95154
08-04 13:55:38.546 26384 26384 D CompassActivity: will set rotation from 179.95154 to 179.9544
08-04 13:55:38.546   918   936 I ActivityManager: Displayed baseline.io.github.project_travel_mate/.utilities.CompassActivity: +591ms
08-04 13:55:38.548 13866 13866 I GoogleInputMethodServic: GoogleInputMethodService.onFinishInput():3138 
08-04 13:55:38.549 13866 13866 I GoogleInputMethodServic: GoogleInputMethodService.onStartInput():1808 
08-04 13:55:38.553 26384 26395 I art     : Starting a blocking GC Explicit
08-04 13:55:38.585 26384 26395 I art     : Explicit concurrent mark sweep GC freed 52(4KB) AllocSpace objects, 0(0B) LOS objects, 7% free, 187MB/203MB, paused 893us total 31.456ms
08-04 13:55:38.617 26384 26384 D CompassActivity: will set rotation from 179.9544 to 180.45082
08-04 13:55:38.618 26384 26384 D CompassActivity: will set rotation from 180.45082 to 180.44397
08-04 13:55:38.618 26384 26384 D CompassActivity: will set rotation from 180.44397 to 180.3306
08-04 13:55:38.618 26384 26384 D CompassActivity: will set rotation from 180.3306 to 180.32864
08-04 13:55:38.618 26384 26384 D CompassActivity: will set rotation from 180.32864 to 180.26779
08-04 13:55:38.618 26384 26384 D CompassActivity: will set rotation from 180.26779 to 180.26494
08-04 13:55:38.712 26384 26384 D CompassActivity: will set rotation from 180.26494 to 180.19658
08-04 13:55:38.713 26384 26384 D CompassActivity: will set rotation from 180.19658 to 180.19841
08-04 13:55:38.713 26384 26384 D CompassActivity: will set rotation from 180.19841 to 180.24687
08-04 13:55:38.713 26384 26384 D CompassActivity: will set rotation from 180.24687 to 180.24818
08-04 13:55:38.713 26384 26384 D CompassActivity: will set rotation from 180.24818 to 180.28032
08-04 13:55:38.713 26384 26384 D CompassActivity: will set rotation from 180.28032 to 180.2703
08-04 13:55:38.713 26384 26384 D CompassActivity: will set rotation from 180.2703 to 180.28218
08-04 13:55:38.713 26384 26384 D CompassActivity: will set rotation from 180.28218 to 180.28102
08-04 13:55:38.713 26384 26384 D CompassActivity: will set rotation from 180.28102 to 180.29924
08-04 13:55:38.714 26384 26384 D CompassActivity: will set rotation from 180.29924 to 180.29826
08-04 13:55:38.725 26384 26384 D CompassActivity: will set rotation from 180.29826 to 180.21777
08-04 13:55:38.725 26384 26384 D CompassActivity: will set rotation from 180.21777 to 180.21712
08-04 13:55:38.745 26384 26384 D CompassActivity: will set rotation from 180.21712 to 180.34431
08-04 13:55:38.745 26384 26384 D CompassActivity: will set rotation from 180.34431 to 180.34627
08-04 13:55:38.764 26384 26384 D CompassActivity: will set rotation from 180.34627 to 180.31912
08-04 13:55:38.765 26384 26384 D CompassActivity: will set rotation from 180.31912 to 180.32417
08-04 13:55:38.785 26384 26384 D CompassActivity: will set rotation from 180.32417 to 180.30098
08-04 13:55:38.785 26384 26384 D CompassActivity: will set rotation from 180.30098 to 180.30048
08-04 13:55:38.805 26384 26384 D CompassActivity: will set rotation from 180.30048 to 180.31454
08-04 13:55:38.805 26384 26384 D CompassActivity: will set rotation from 180.31454 to 180.31587
08-04 13:55:38.812   380   380 W SurfaceFlinger: couldn't log to binary event log: overflow.
08-04 13:55:38.826 26384 26384 D CompassActivity: will set rotation from 180.31587 to 180.36414
08-04 13:55:38.826 26384 26384 D CompassActivity: will set rotation from 180.36414 to 180.36772
08-04 13:55:38.844 26384 26384 D CompassActivity: will set rotation from 180.36772 to 180.40967
08-04 13:55:38.844 26384 26384 D CompassActivity: will set rotation from 180.40967 to 180.41255
08-04 13:55:38.864 26384 26384 D CompassActivity: will set rotation from 180.41255 to 180.45691
08-04 13:55:38.864 26384 26384 D CompassActivity: will set rotation from 180.45691 to 180.45317
08-04 13:55:38.884 26384 26384 D CompassActivity: will set rotation from 180.45317 to 180.48967
08-04 13:55:38.884 26384 26384 D CompassActivity: will set rotation from 180.48967 to 180.48897
08-04 13:55:38.906 26384 26384 D CompassActivity: will set rotation from 180.48897 to 180.49608
08-04 13:55:38.906 26384 26384 D CompassActivity: will set rotation from 180.49608 to 180.49948
08-04 13:55:38.929 26384 26395 I art     : Starting a blocking GC Explicit
08-04 13:55:38.965 26384 26395 I art     : Explicit concurrent mark sweep GC freed 1882(112KB) AllocSpace objects, 2(36KB) LOS objects, 7% free, 187MB/203MB, paused 797us total 36.337ms
08-04 13:55:38.979 26384 26395 I art     : Starting a blocking GC Explicit
08-04 13:55:38.990 26384 26384 D CompassActivity: will set rotation from 180.49948 to 180.5
08-04 13:55:38.990 26384 26384 D CompassActivity: will set rotation from 180.5 to 180.49886
08-04 13:55:38.990 26384 26384 D CompassActivity: will set rotation from 180.49886 to 180.52823
08-04 13:55:38.990 26384 26384 D CompassActivity: will set rotation from 180.52823 to 180.52686
08-04 13:55:38.991 26384 26384 D CompassActivity: will set rotation from 180.52686 to 180.49495
08-04 13:55:38.991 26384 26384 D CompassActivity: will set rotation from 180.49495 to 180.49619
08-04 13:55:38.991 26384 26384 D CompassActivity: will set rotation from 180.49619 to 180.52168
08-04 13:55:38.991 26384 26384 D CompassActivity: will set rotation from 180.52168 to 180.52281
08-04 13:55:39.004 26384 26384 D CompassActivity: will set rotation from 180.52281 to 180.519
08-04 13:55:39.004 26384 26384 D CompassActivity: will set rotation from 180.519 to 180.51546
08-04 13:55:39.015 26384 26395 I art     : Explicit concurrent mark sweep GC freed 610(25KB) AllocSpace objects, 0(0B) LOS objects, 7% free, 187MB/203MB, paused 774us total 35.022ms
08-04 13:55:39.025 26384 26384 D CompassActivity: will set rotation from 180.51546 to 180.48514
08-04 13:55:39.026 26384 26384 D CompassActivity: will set rotation from 180.48514 to 180.4851
08-04 13:55:39.028 26384 26395 I art     : Starting a blocking GC Explicit
08-04 13:55:39.043 26384 26384 D CompassActivity: will set rotation from 180.4851 to 180.48424
08-04 13:55:39.044 26384 26384 D CompassActivity: will set rotation from 180.48424 to 180.4826
08-04 13:55:39.058 26384 26395 I art     : Explicit concurrent mark sweep GC freed 168(7KB) AllocSpace objects, 0(0B) LOS objects, 7% free, 187MB/203MB, paused 747us total 30.296ms
08-04 13:55:39.063 26384 26384 D CompassActivity: will set rotation from 180.4826 to 180.48593
08-04 13:55:39.063 26384 26384 D CompassActivity: will set rotation from 180.48593 to 180.4867
08-04 13:55:39.071 26384 26395 I art     : Starting a blocking GC Explicit
08-04 13:55:39.084 26384 26384 D CompassActivity: will set rotation from 180.4867 to 180.45984
08-04 13:55:39.084 26384 26384 D CompassActivity: will set rotation from 180.45984 to 180.4563
08-04 13:55:39.103 26384 26395 I art     : Explicit concurrent mark sweep GC freed 73(3KB) AllocSpace objects, 0(0B) LOS objects, 7% free, 187MB/203MB, paused 828us total 32.528ms
08-04 13:55:39.103 26384 26384 D CompassActivity: will set rotation from 180.4563 to 180.48512
08-04 13:55:39.104 26384 26384 D CompassActivity: will set rotation from 180.48512 to 180.48434
08-04 13:55:39.117 26384 26395 I art     : Starting a blocking GC Explicit
08-04 13:55:39.124 26384 26384 D CompassActivity: will set rotation from 180.48434 to 180.53384
08-04 13:55:39.125 26384 26384 D CompassActivity: will set rotation from 180.53384 to 180.5331
08-04 13:55:39.144 26384 26384 D CompassActivity: will set rotation from 180.5331 to 180.58018
08-04 13:55:39.145 26384 26384 D CompassActivity: will set rotation from 180.58018 to 180.5801
08-04 13:55:39.157 26384 26395 I art     : Explicit concurrent mark sweep GC freed 103(5KB) AllocSpace objects, 0(0B) LOS objects, 7% free, 187MB/203MB, paused 939us total 40.004ms
08-04 13:55:39.158 26384 26394 I art     : WaitForGcToComplete blocked for 6.923ms for cause HeapTrim
08-04 13:55:39.164 26384 26384 D CompassActivity: will set rotation from 180.5801 to 180.57773
08-04 13:55:39.164 26384 26384 D CompassActivity: will set rotation from 180.57773 to 180.57776
08-04 13:55:39.183 26384 26384 D CompassActivity: will set rotation from 180.57776 to 180.57713
08-04 13:55:39.184 26384 26384 D CompassActivity: will set rotation from 180.57713 to 180.57588
08-04 13:55:39.204 26384 26384 D CompassActivity: will set rotation from 180.57588 to 180.6178
08-04 13:55:39.204 26384 26384 D CompassActivity: will set rotation from 180.6178 to 180.6186
08-04 13:55:39.224 26384 26384 D CompassActivity: will set rotation from 180.6186 to 180.63643
08-04 13:55:39.225 26384 26384 D CompassActivity: will set rotation from 180.63643 to 180.63724
08-04 13:55:39.244 26384 26384 D CompassActivity: will set rotation from 180.63724 to 180.67435
08-04 13:55:39.244 26384 26384 D CompassActivity: will set rotation from 180.67435 to 180.67525
08-04 13:55:39.263 26384 26384 D CompassActivity: will set rotation from 180.67525 to 180.66617
08-04 13:55:39.263 26384 26384 D CompassActivity: will set rotation from 180.66617 to 180.66597
08-04 13:55:39.283 26384 26384 D CompassActivity: will set rotation from 180.66597 to 180.67947
08-04 13:55:39.283 26384 26384 D CompassActivity: will set rotation from 180.67947 to 180.67978
08-04 13:55:39.303 26384 26384 D CompassActivity: will set rotation from 180.67978 to 180.71655
08-04 13:55:39.304 26384 26384 D CompassActivity: will set rotation from 180.71655 to 180.71512
08-04 13:55:39.326 26384 26384 D CompassActivity: will set rotation from 180.71512 to 180.74986
08-04 13:55:39.327 26384 26384 D CompassActivity: will set rotation from 180.74986 to 180.74696
08-04 13:55:39.348 26384 26384 D CompassActivity: will set rotation from 180.74696 to 180.73611
08-04 13:55:39.348 26384 26384 D CompassActivity: will set rotation from 180.73611 to 180.73476
08-04 13:55:39.363 26384 26384 D CompassActivity: will set rotation from 180.73476 to 180.72356
08-04 13:55:39.363 26384 26384 D CompassActivity: will set rotation from 180.72356 to 180.72354
08-04 13:55:39.382 26384 26384 D CompassActivity: will set rotation from 180.72354 to 180.75502
08-04 13:55:39.383 26384 26384 D CompassActivity: will set rotation from 180.75502 to 180.75499
08-04 13:55:39.403 26384 26384 D CompassActivity: will set rotation from 180.75499 to 180.74881
08-04 13:55:39.403 26384 26384 D CompassActivity: will set rotation from 180.74881 to 180.74883
08-04 13:55:39.426 26384 26384 D CompassActivity: will set rotation from 180.74883 to 180.75636
08-04 13:55:39.427 26384 26384 D CompassActivity: will set rotation from 180.75636 to 180.75587
08-04 13:55:39.444 26384 26384 D CompassActivity: will set rotation from 180.75587 to 180.76503
08-04 13:55:39.444 26384 26384 D CompassActivity: will set rotation from 180.76503 to 180.7642
08-04 13:55:39.462 26384 26384 D CompassActivity: will set rotation from 180.7642 to 180.75375
08-04 13:55:39.462 26384 26384 D CompassActivity: will set rotation from 180.75375 to 180.75345
08-04 13:55:39.482 26384 26384 D CompassActivity: will set rotation from 180.75345 to 180.72911
08-04 13:55:39.482 26384 26384 D CompassActivity: will set rotation from 180.72911 to 180.7308
08-04 13:55:39.502 26384 26384 D CompassActivity: will set rotation from 180.7308 to 180.72324
08-04 13:55:39.503 26384 26384 D CompassActivity: will set rotation from 180.72324 to 180.72441
08-04 13:55:39.522 26384 26384 D CompassActivity: will set rotation from 180.72441 to 180.73315
08-04 13:55:39.523 26384 26384 D CompassActivity: will set rotation from 180.73315 to 180.73355
08-04 13:55:39.540 26384 26888 I art     : Starting a blocking GC Explicit
08-04 13:55:39.543 26384 26384 D CompassActivity: will set rotation from 180.73355 to 180.72728
08-04 13:55:39.544 26384 26384 D CompassActivity: will set rotation from 180.72728 to 180.72607
08-04 13:55:39.559   518   646 I ThermalEngine: ACTION: GPU - Setting GPU[0] to 450000000
08-04 13:55:39.566 26384 26384 D CompassActivity: will set rotation from 180.72607 to 180.71751
08-04 13:55:39.567 26384 26384 D CompassActivity: will set rotation from 180.71751 to 180.71712
08-04 13:55:39.582 26384 26384 D CompassActivity: will set rotation from 180.71712 to 180.6931
08-04 13:55:39.583 26384 26384 D CompassActivity: will set rotation from 180.6931 to 180.69348
08-04 13:55:39.602 26384 26384 D CompassActivity: will set rotation from 180.69348 to 180.6862
08-04 13:55:39.603 26384 26384 D CompassActivity: will set rotation from 180.6862 to 180.68625
08-04 13:55:39.603 26384 26888 I art     : Explicit concurrent mark sweep GC freed 2015(118KB) AllocSpace objects, 2(36KB) LOS objects, 7% free, 187MB/203MB, paused 1.114ms total 62.502ms
08-04 13:55:39.622 26384 26384 D CompassActivity: will set rotation from 180.68625 to 180.68164
08-04 13:55:39.623 26384 26384 D CompassActivity: will set rotation from 180.68164 to 180.68094
08-04 13:55:39.624 26384 26888 I art     : Starting a blocking GC Explicit
08-04 13:55:39.644 26384 26384 D CompassActivity: will set rotation from 180.68094 to 180.69061
08-04 13:55:39.645 26384 26384 D CompassActivity: will set rotation from 180.69061 to 180.68916
08-04 13:55:39.662 26384 26384 D CompassActivity: will set rotation from 180.68916 to 180.68347
08-04 13:55:39.662 26384 26384 D CompassActivity: will set rotation from 180.68347 to 180.68282
08-04 13:55:39.678 26384 26888 I art     : Explicit concurrent mark sweep GC freed 757(30KB) AllocSpace objects, 0(0B) LOS objects, 7% free, 187MB/203MB, paused 1.286ms total 53.240ms
08-04 13:55:39.683 26384 26384 D CompassActivity: will set rotation from 180.68282 to 180.6793
08-04 13:55:39.683 26384 26384 D CompassActivity: will set rotation from 180.6793 to 180.67825
08-04 13:55:39.697 26384 26888 I art     : Starting a blocking GC Explicit
08-04 13:55:39.702 26384 26384 D CompassActivity: will set rotation from 180.67825 to 180.69083
08-04 13:55:39.702 26384 26384 D CompassActivity: will set rotation from 180.69083 to 180.68895
08-04 13:55:39.722 26384 26384 D CompassActivity: will set rotation from 180.68895 to 180.73505
08-04 13:55:39.722 26384 26384 D CompassActivity: will set rotation from 180.73505 to 180.73479
08-04 13:55:39.745 26384 26384 D CompassActivity: will set rotation from 180.73479 to 180.76059
08-04 13:55:39.745 26384 26384 D CompassActivity: will set rotation from 180.76059 to 180.76158
08-04 13:55:39.749 26384 26888 I art     : Explicit concurrent mark sweep GC freed 183(8KB) AllocSpace objects, 0(0B) LOS objects, 7% free, 187MB/203MB, paused 1.107ms total 52.037ms
08-04 13:55:39.757   918  3188 I hubconnection: sensorhub said: 'set_bias 3: -6.2400, 0.0000, 0.0000'
08-04 13:55:39.762 26384 26384 D CompassActivity: will set rotation from 180.76158 to 180.7149
08-04 13:55:39.762 26384 26384 D CompassActivity: will set rotation from 180.7149 to 180.7136
08-04 13:55:39.770 26384 26888 I art     : Starting a blocking GC Explicit
08-04 13:55:39.781 26384 26384 D CompassActivity: will set rotation from 180.7136 to 180.68304
08-04 13:55:39.783 26384 26384 D CompassActivity: will set rotation from 180.68304 to 180.68146
08-04 13:55:39.802 26384 26384 D CompassActivity: will set rotation from 180.68146 to 180.65497
08-04 13:55:39.803 26384 26384 D CompassActivity: will set rotation from 180.65497 to 180.65378
08-04 13:55:39.821 26384 26384 D CompassActivity: will set rotation from 180.65378 to 180.65909
08-04 13:55:39.822 26384 26888 I art     : Explicit concurrent mark sweep GC freed 168(7KB) AllocSpace objects, 0(0B) LOS objects, 7% free, 187MB/203MB, paused 1.118ms total 51.414ms
08-04 13:55:39.822 26384 26384 D CompassActivity: will set rotation from 180.65909 to 180.65977
08-04 13:55:39.842 26384 26888 I art     : Starting a blocking GC Explicit
08-04 13:55:39.845 26384 26384 D CompassActivity: will set rotation from 180.65977 to 180.65163
08-04 13:55:39.846 26384 26384 D CompassActivity: will set rotation from 180.65163 to 180.65121
08-04 13:55:39.864 26384 26384 D CompassActivity: will set rotation from 180.65121 to 180.62276
08-04 13:55:39.864 26384 26384 D CompassActivity: will set rotation from 180.62276 to 180.62231
08-04 13:55:39.881 26384 26384 D CompassActivity: will set rotation from 180.62231 to 180.57922
08-04 13:55:39.882 26384 26384 D CompassActivity: will set rotation from 180.57922 to 180.5789
08-04 13:55:39.896 26384 26888 I art     : Explicit concurrent mark sweep GC freed 167(8KB) AllocSpace objects, 0(0B) LOS objects, 7% free, 187MB/203MB, paused 1.058ms total 52.967ms
08-04 13:55:39.902 26384 26384 D CompassActivity: will set rotation from 180.5789 to 180.5393
08-04 13:55:39.903 26384 26384 D CompassActivity: will set rotation from 180.5393 to 180.53891
08-04 13:55:39.907 26337 26337 I Atfwd_Sendcmd: AtCmdFwd service not ready - Exhausted retry attempts - :6
08-04 13:55:39.907 26337 26337 I Atfwd_Daemon: result : -1 	 ,Init step :2 	 ,qmiErrorCode: 0
08-04 13:55:39.922 26384 26384 D CompassActivity: will set rotation from 180.53891 to 180.53308
08-04 13:55:39.924 26384 26384 D CompassActivity: will set rotation from 180.53308 to 180.53305
08-04 13:55:39.943 26384 26384 D CompassActivity: will set rotation from 180.53305 to 180.49352
08-04 13:55:39.944 26384 26384 D CompassActivity: will set rotation from 180.49352 to 180.49316
08-04 13:55:39.962 26384 26384 D CompassActivity: will set rotation from 180.49316 to 180.44229
08-04 13:55:39.962 26384 26384 D CompassActivity: will set rotation from 180.44229 to 180.44228
08-04 13:55:39.981 26384 26384 D CompassActivity: will set rotation from 180.44228 to 180.45592
08-04 13:55:39.981 26384 26384 D CompassActivity: will set rotation from 180.45592 to 180.45398
08-04 13:55:40.000 26384 26384 D CompassActivity: will set rotation from 180.45398 to 180.45375
08-04 13:55:40.001 26384 26384 D CompassActivity: will set rotation from 180.45375 to 180.45535
08-04 13:55:40.021 26384 26384 D CompassActivity: will set rotation from 180.45535 to 180.4545
08-04 13:55:40.022 26384 26384 D CompassActivity: will set rotation from 180.4545 to 180.45448
08-04 13:55:40.043 26384 26384 D CompassActivity: will set rotation from 180.45448 to 180.43776
08-04 13:55:40.044 26384 26384 D CompassActivity: will set rotation from 180.43776 to 180.43596
08-04 13:55:40.064 26384 26384 D CompassActivity: will set rotation from 180.43596 to 180.40025
08-04 13:55:40.064 26384 26384 D CompassActivity: will set rotation from 180.40025 to 180.39935
08-04 13:55:40.081 26384 26384 D CompassActivity: will set rotation from 180.39935 to 180.41309
08-04 13:55:40.081 26384 26384 D CompassActivity: will set rotation from 180.41309 to 180.41391
08-04 13:55:40.100 26384 26384 D CompassActivity: will set rotation from 180.41391 to 180.429
08-04 13:55:40.100 26384 26384 D CompassActivity: will set rotation from 180.429 to 180.4287
08-04 13:55:40.120 26384 26384 D CompassActivity: will set rotation from 180.4287 to 180.39606
08-04 13:55:40.121 26384 26384 D CompassActivity: will set rotation from 180.39606 to 180.3948
08-04 13:55:40.139 26384 26384 D CompassActivity: will set rotation from 180.3948 to 180.42703
08-04 13:55:40.141 26384 26384 D CompassActivity: will set rotation from 180.42703 to 180.42577
08-04 13:55:40.162 26384 26384 D CompassActivity: will set rotation from 180.42577 to 180.40865
08-04 13:55:40.163 26384 26384 D CompassActivity: will set rotation from 180.40865 to 180.40845
08-04 13:55:40.182 26384 26384 D CompassActivity: will set rotation from 180.40845 to 180.40764
08-04 13:55:40.182 26384 26384 D CompassActivity: will set rotation from 180.40764 to 180.40787
08-04 13:55:40.200 26384 26384 D CompassActivity: will set rotation from 180.40787 to 180.40645
08-04 13:55:40.201 26384 26384 D CompassActivity: will set rotation from 180.40645 to 180.40846
08-04 13:55:40.219 26384 26384 D CompassActivity: will set rotation from 180.40846 to 180.40388
08-04 13:55:40.219 26384 26384 D CompassActivity: will set rotation from 180.40388 to 180.40471
08-04 13:55:40.239 26384 26384 D CompassActivity: will set rotation from 180.40471 to 180.38863
08-04 13:55:40.240 26384 26384 D CompassActivity: will set rotation from 180.38863 to 180.39005
08-04 13:55:40.260 26384 26384 D CompassActivity: will set rotation from 180.39005 to 180.38593
08-04 13:55:40.260 26384 26384 D CompassActivity: will set rotation from 180.38593 to 180.38596
08-04 13:55:40.279 26384 26384 D CompassActivity: will set rotation from 180.38596 to 180.36726
08-04 13:55:40.279 26384 26384 D CompassActivity: will set rotation from 180.36726 to 180.3648
08-04 13:55:40.299 26384 26384 D CompassActivity: will set rotation from 180.3648 to 180.33327
08-04 13:55:40.299 26384 26384 D CompassActivity: will set rotation from 180.33327 to 180.33157
08-04 13:55:40.319 26384 26384 D CompassActivity: will set rotation from 180.33157 to 180.33127
08-04 13:55:40.320 26384 26384 D CompassActivity: will set rotation from 180.33127 to 180.33319
08-04 13:55:40.339 26384 26384 D CompassActivity: will set rotation from 180.33319 to 180.34863
08-04 13:55:40.339 26384 26384 D CompassActivity: will set rotation from 180.34863 to 180.34842
08-04 13:55:40.348 26384 26395 I art     : Starting a blocking GC Explicit
08-04 13:55:40.364 26384 26384 D CompassActivity: will set rotation from 180.34842 to 180.3167
08-04 13:55:40.365 26384 26384 D CompassActivity: will set rotation from 180.3167 to 180.31793
08-04 13:55:40.381 26384 26384 D CompassActivity: will set rotation from 180.31793 to 180.30286
08-04 13:55:40.381 26384 26384 D CompassActivity: will set rotation from 180.30286 to 180.30269
08-04 13:55:40.400 26384 26384 D CompassActivity: will set rotation from 180.30269 to 180.2737
08-04 13:55:40.400 26384 26384 D CompassActivity: will set rotation from 180.2737 to 180.27444
08-04 13:55:40.401 26384 26395 I art     : Explicit concurrent mark sweep GC freed 2090(123KB) AllocSpace objects, 2(36KB) LOS objects, 7% free, 187MB/203MB, paused 1.140ms total 52.830ms
08-04 13:55:40.420 26384 26384 D CompassActivity: will set rotation from 180.27444 to 180.23175
08-04 13:55:40.420 26384 26384 D CompassActivity: will set rotation from 180.23175 to 180.23145
08-04 13:55:40.423 26384 26395 I art     : Starting a blocking GC Explicit
08-04 13:55:40.439 26384 26384 D CompassActivity: will set rotation from 180.23145 to 180.19086
08-04 13:55:40.440 26384 26384 D CompassActivity: will set rotation from 180.19086 to 180.19064
08-04 13:55:40.461 26384 26384 D CompassActivity: will set rotation from 180.19064 to 180.18068
08-04 13:55:40.462 26384 26384 D CompassActivity: will set rotation from 180.18068 to 180.18175
08-04 13:55:40.473 26384 26395 I art     : Explicit concurrent mark sweep GC freed 824(32KB) AllocSpace objects, 0(0B) LOS objects, 7% free, 187MB/203MB, paused 1.190ms total 50.203ms
08-04 13:55:40.480 26384 26384 D CompassActivity: will set rotation from 180.18175 to 180.15677
08-04 13:55:40.480 26384 26384 D CompassActivity: will set rotation from 180.15677 to 180.1575
08-04 13:55:40.492 26384 26395 I art     : Starting a blocking GC Explicit
08-04 13:55:40.498 26384 26384 D CompassActivity: will set rotation from 180.1575 to 180.13419
08-04 13:55:40.498 26384 26384 D CompassActivity: will set rotation from 180.13419 to 180.13675
08-04 13:55:40.518 26384 26384 D CompassActivity: will set rotation from 180.13675 to 180.09723
08-04 13:55:40.519 26384 26384 D CompassActivity: will set rotation from 180.09723 to 180.09698
08-04 13:55:40.538 26384 26384 D CompassActivity: will set rotation from 180.09698 to 180.0909
08-04 13:55:40.539 26384 26384 D CompassActivity: will set rotation from 180.0909 to 180.09132
08-04 13:55:40.542 26384 26395 I art     : Explicit concurrent mark sweep GC freed 175(8KB) AllocSpace objects, 0(0B) LOS objects, 7% free, 187MB/203MB, paused 1.211ms total 48.950ms
08-04 13:55:40.561 26384 26395 I art     : Starting a blocking GC Explicit
08-04 13:55:40.563 26384 26384 D CompassActivity: will set rotation from 180.09132 to 180.09834
08-04 13:55:40.563 26384 26384 D CompassActivity: will set rotation from 180.09834 to 180.09906
08-04 13:55:40.579 26384 26384 D CompassActivity: will set rotation from 180.09906 to 180.09064
08-04 13:55:40.580 26384 26384 D CompassActivity: will set rotation from 180.09064 to 180.08951
08-04 13:55:40.598 26384 26384 D CompassActivity: will set rotation from 180.08951 to 180.06767
08-04 13:55:40.599 26384 26384 D CompassActivity: will set rotation from 180.06767 to 180.06566
08-04 13:55:40.614 26384 26395 I art     : Explicit concurrent mark sweep GC freed 148(6KB) AllocSpace objects, 0(0B) LOS objects, 7% free, 187MB/203MB, paused 1.067ms total 52.445ms
08-04 13:55:40.618 26384 26384 D CompassActivity: will set rotation from 180.06566 to 180.03003
08-04 13:55:40.619 26384 26384 D CompassActivity: will set rotation from 180.03003 to 180.03069
08-04 13:55:40.633 26384 26395 I art     : Starting a blocking GC Explicit
08-04 13:55:40.638 26384 26384 D CompassActivity: will set rotation from 180.03069 to 180.02588
08-04 13:55:40.639 26384 26384 D CompassActivity: will set rotation from 180.02588 to 180.02646
08-04 13:55:40.660 26384 26384 D CompassActivity: will set rotation from 180.02646 to 180.02422
08-04 13:55:40.661 26384 26384 D CompassActivity: will set rotation from 180.02422 to 180.02567
08-04 13:55:40.685 26384 26384 D CompassActivity: will set rotation from 180.02567 to 179.98926
08-04 13:55:40.686 26384 26384 D CompassActivity: will set rotation from 179.98926 to 179.98859
08-04 13:55:40.686 26384 26395 I art     : Explicit concurrent mark sweep GC freed 161(7KB) AllocSpace objects, 0(0B) LOS objects, 7% free, 187MB/203MB, paused 1.187ms total 52.843ms
08-04 13:55:40.698 26384 26384 D CompassActivity: will set rotation from 179.98859 to 179.98358
08-04 13:55:40.699 26384 26384 D CompassActivity: will set rotation from 179.98358 to 179.98383
08-04 13:55:40.718 26384 26384 D CompassActivity: will set rotation from 179.98383 to 179.98145
08-04 13:55:40.719 26384 26384 D CompassActivity: will set rotation from 179.98145 to 179.98352
08-04 13:55:40.737 26384 26384 D CompassActivity: will set rotation from 179.98352 to 179.96606
08-04 13:55:40.738 26384 26384 D CompassActivity: will set rotation from 179.96606 to 179.96527
08-04 13:55:40.760 26384 26384 D CompassActivity: will set rotation from 179.96527 to 179.97852
08-04 13:55:40.760 27965 27965 D AndroidRuntime: >>>>>> START com.android.internal.os.RuntimeInit uid 2000 <<<<<<
08-04 13:55:40.761 26384 26384 D CompassActivity: will set rotation from 179.97852 to 179.97766
08-04 13:55:40.767 27965 27965 D AndroidRuntime: CheckJNI is OFF
08-04 13:55:40.779 26384 26384 D CompassActivity: will set rotation from 179.97766 to 179.95953
08-04 13:55:40.780 26384 26384 D CompassActivity: will set rotation from 179.95953 to 179.95978
08-04 13:55:40.799 26384 26384 D CompassActivity: will set rotation from 179.95978 to 179.92963
08-04 13:55:40.800 26384 26384 D CompassActivity: will set rotation from 179.92963 to 179.92914
08-04 13:55:40.814 27965 27965 D ICU     : No timezone override file found: /data/misc/zoneinfo/current/icu/icu_tzdata.dat
08-04 13:55:40.818 26384 26384 D CompassActivity: will set rotation from 179.92914 to 179.91412
08-04 13:55:40.818 26384 26384 D CompassActivity: will set rotation from 179.91412 to 179.91418
08-04 13:55:40.837 26384 26384 D CompassActivity: will set rotation from 179.91418 to 179.92719
08-04 13:55:40.838 26384 26384 D CompassActivity: will set rotation from 179.92719 to 179.9292
08-04 13:55:40.857 26384 26384 D CompassActivity: will set rotation from 179.9292 to 179.9419
08-04 13:55:40.858 26384 26384 D CompassActivity: will set rotation from 179.9419 to 179.9411
08-04 13:55:40.863 27965 27965 I Radio-JNI: register_android_hardware_Radio DONE
08-04 13:55:40.878 26384 26384 D CompassActivity: will set rotation from 179.9411 to 179.93994
08-04 13:55:40.878 26384 26384 D CompassActivity: will set rotation from 179.93994 to 179.93848
08-04 13:55:40.893 27965 27965 D AndroidRuntime: Calling main entry com.android.commands.input.Input
08-04 13:55:40.896 27965 27965 I Input   : injectKeyEvent: KeyEvent { action=ACTION_DOWN, keyCode=KEYCODE_BACK, scanCode=0, metaState=0, flags=0x0, repeatCount=0, eventTime=712557309, downTime=712557309, deviceId=-1, source=0x101 }
08-04 13:55:40.897 26384 26384 D CompassActivity: will set rotation from 179.93848 to 179.96655
08-04 13:55:40.898 26384 26384 D CompassActivity: will set rotation from 179.96655 to 179.96655
08-04 13:55:40.907 27965 27965 I Input   : injectKeyEvent: KeyEvent { action=ACTION_UP, keyCode=KEYCODE_BACK, scanCode=0, metaState=0, flags=0x0, repeatCount=0, eventTime=712557309, downTime=712557309, deviceId=-1, source=0x101 }
08-04 13:55:40.915 27965 27965 D AndroidRuntime: Shutting down VM
08-04 13:55:40.917 26384 26384 D CompassActivity: will set rotation from 179.96655 to 179.9497
08-04 13:55:40.917 26384 26384 D CompassActivity: will set rotation from 179.9497 to 179.95105
08-04 13:55:40.926   918  3961 I sensors : activate
08-04 13:55:40.927   918  6029 I sensors : activate
08-04 13:55:40.931   918  3188 I hubconnection: sensorhub said: 'activate 1 enable:0'
08-04 13:55:40.932   918  3188 I hubconnection: sensorhub said: 'activate 3 enable:0'
08-04 13:55:40.962 26384 26384 V MainActivity: url = https://project-travel-mate.herokuapp.com/api/number-of-unread-notifications
08-04 13:55:41.077 13866 13866 I GoogleInputMethodServic: GoogleInputMethodService.onFinishInput():3138 
08-04 13:55:41.078 13866 13866 I GoogleInputMethodServic: GoogleInputMethodService.onStartInput():1808 
08-04 13:55:41.102 26384 26402 I art     : Starting a blocking GC Explicit
08-04 13:55:41.145 26384 26402 I art     : Explicit concurrent mark sweep GC freed 2290(128KB) AllocSpace objects, 2(36KB) LOS objects, 7% free, 187MB/203MB, paused 1.161ms total 42.461ms
08-04 13:55:41.162 26384 26402 I art     : Starting a blocking GC Explicit
08-04 13:55:41.201 26384 26402 I art     : Explicit concurrent mark sweep GC freed 516(19KB) AllocSpace objects, 0(0B) LOS objects, 7% free, 187MB/203MB, paused 989us total 38.947ms
08-04 13:55:41.218 26384 26402 I art     : Starting a blocking GC Explicit
08-04 13:55:41.262 26384 26402 I art     : Explicit concurrent mark sweep GC freed 18(864B) AllocSpace objects, 0(0B) LOS objects, 7% free, 187MB/203MB, paused 1.203ms total 43.587ms
08-04 13:55:41.281 26384 26402 I art     : Starting a blocking GC Explicit
08-04 13:55:41.331 26384 26402 I art     : Explicit concurrent mark sweep GC freed 3(96B) AllocSpace objects, 0(0B) LOS objects, 7% free, 187MB/203MB, paused 1.049ms total 49.460ms
08-04 13:55:41.341 26384 26384 D CompassActivity: stop compass
08-04 13:55:41.341   380   380 W SurfaceFlinger: couldn't log to binary event log: overflow.
08-04 13:55:41.349 26384 26402 I art     : Starting a blocking GC Explicit
08-04 13:55:41.389 26384 26402 I art     : Explicit concurrent mark sweep GC freed 22(928B) AllocSpace objects, 0(0B) LOS objects, 7% free, 187MB/203MB, paused 1.163ms total 39.673ms
08-04 13:55:41.795 26384 26888 I art     : Starting a blocking GC Explicit
08-04 13:55:41.849 26384 27991 I NAPPA_EXPERIMENTATION: MetricNetworkRequestExecutionTime: REQUEST_DURATION_SYSTEM='886',REQUEST_DURATION_OKHTTP='29',REQUEST_SYNCHRONOUS='FALSE',RESPONSE_CODE='200',RESPONSE_METHOD='GET',RESPONSE_LENGTH_OKHTTP='36',RESPONSE_LENGTH_HEADER='36',REQUEST_PROTOCOL='http/1.1',REQUEST_URL='https://project-travel-mate.herokuapp.com/api/number-of-unread-notifications',
08-04 13:55:41.869 26384 26888 I art     : Explicit concurrent mark sweep GC freed 5589(318KB) AllocSpace objects, 7(52MB) LOS objects, 10% free, 135MB/151MB, paused 1.197ms total 72.795ms
08-04 13:55:41.887 26384 26888 I art     : Starting a blocking GC Explicit
08-04 13:55:41.932 26384 26888 I art     : Explicit concurrent mark sweep GC freed 1009(116KB) AllocSpace objects, 1(80KB) LOS objects, 10% free, 135MB/151MB, paused 1.114ms total 44.536ms
08-04 13:55:41.949 26384 26888 I art     : Starting a blocking GC Explicit
08-04 13:55:41.995 26384 26888 I art     : Explicit concurrent mark sweep GC freed 96(6KB) AllocSpace objects, 0(0B) LOS objects, 10% free, 135MB/151MB, paused 1.117ms total 45.267ms
08-04 13:55:42.013 26384 26888 I art     : Starting a blocking GC Explicit
08-04 13:55:42.059 26384 26888 I art     : Explicit concurrent mark sweep GC freed 3(96B) AllocSpace objects, 0(0B) LOS objects, 10% free, 135MB/151MB, paused 1.152ms total 46.030ms
08-04 13:55:42.077 26384 26888 I art     : Starting a blocking GC Explicit
08-04 13:55:42.122 26384 26888 I art     : Explicit concurrent mark sweep GC freed 3(96B) AllocSpace objects, 0(0B) LOS objects, 10% free, 135MB/151MB, paused 1.061ms total 45.119ms
08-04 13:55:42.505 26384 26396 I art     : Starting a blocking GC Explicit
08-04 13:55:42.553 26384 26396 I art     : Explicit concurrent mark sweep GC freed 1614(92KB) AllocSpace objects, 2(36KB) LOS objects, 10% free, 135MB/151MB, paused 1.116ms total 46.887ms
08-04 13:55:42.570 26384 26396 I art     : Starting a blocking GC Explicit
08-04 13:55:42.630 26384 26396 I art     : Explicit concurrent mark sweep GC freed 30(1088B) AllocSpace objects, 0(0B) LOS objects, 10% free, 135MB/151MB, paused 1.961ms total 59.895ms
08-04 13:55:42.647 26384 26396 I art     : Starting a blocking GC Explicit
08-04 13:55:42.686 26384 26396 I art     : Explicit concurrent mark sweep GC freed 7(224B) AllocSpace objects, 0(0B) LOS objects, 10% free, 135MB/151MB, paused 1.057ms total 38.017ms
08-04 13:55:42.700 28003 28003 D AndroidRuntime: >>>>>> START com.android.internal.os.RuntimeInit uid 2000 <<<<<<
08-04 13:55:42.702 26384 26396 I art     : Starting a blocking GC Explicit
08-04 13:55:42.705 28003 28003 D AndroidRuntime: CheckJNI is OFF
08-04 13:55:42.745 26384 26396 I art     : Explicit concurrent mark sweep GC freed 8(256B) AllocSpace objects, 0(0B) LOS objects, 10% free, 135MB/151MB, paused 1.316ms total 41.938ms
08-04 13:55:42.748 28003 28003 D ICU     : No timezone override file found: /data/misc/zoneinfo/current/icu/icu_tzdata.dat
08-04 13:55:42.757   918 13198 D NetlinkSocketObserver: NeighborEvent{elapsedMs=1695946632, 192.168.2.254, [7C3953A63323], RTM_NEWNEIGH, NUD_PROBE}
08-04 13:55:42.761 26384 26396 I art     : Starting a blocking GC Explicit
08-04 13:55:42.792 28003 28003 I Radio-JNI: register_android_hardware_Radio DONE
08-04 13:55:42.805 26384 26396 I art     : Explicit concurrent mark sweep GC freed 12(384B) AllocSpace objects, 0(0B) LOS objects, 10% free, 135MB/151MB, paused 1.315ms total 43.504ms
08-04 13:55:42.821 28003 28003 D AndroidRuntime: Calling main entry com.android.commands.input.Input
08-04 13:55:42.824 28003 28003 I Input   : injectMotionEvent: MotionEvent { action=ACTION_DOWN, actionButton=0, id[0]=0, x[0]=500.0, y[0]=2000.0, toolType[0]=TOOL_TYPE_UNKNOWN, buttonState=0, metaState=0, flags=0x0, edgeFlags=0x0, pointerCount=1, historySize=0, eventTime=712559236, downTime=712559236, deviceId=0, source=0x1002 }
08-04 13:55:42.832 28003 28003 I Input   : injectMotionEvent: MotionEvent { action=ACTION_MOVE, actionButton=0, id[0]=0, x[0]=500.0, y[0]=2000.0, toolType[0]=TOOL_TYPE_UNKNOWN, buttonState=0, metaState=0, flags=0x0, edgeFlags=0x0, pointerCount=1, historySize=0, eventTime=712559236, downTime=712559236, deviceId=0, source=0x1002 }
08-04 13:55:42.843 28003 28003 I Input   : injectMotionEvent: MotionEvent { action=ACTION_MOVE, actionButton=0, id[0]=0, x[0]=500.0, y[0]=1960.1, toolType[0]=TOOL_TYPE_UNKNOWN, buttonState=0, metaState=0, flags=0x0, edgeFlags=0x0, pointerCount=1, historySize=0, eventTime=712559257, downTime=712559257, deviceId=0, source=0x1002 }
08-04 13:55:42.860 28003 28003 I Input   : injectMotionEvent: MotionEvent { action=ACTION_MOVE, actionButton=0, id[0]=0, x[0]=500.0, y[0]=1929.7, toolType[0]=TOOL_TYPE_UNKNOWN, buttonState=0, metaState=0, flags=0x0, edgeFlags=0x0, pointerCount=1, historySize=0, eventTime=712559273, downTime=712559273, deviceId=0, source=0x1002 }
08-04 13:55:42.886 28003 28003 I Input   : injectMotionEvent: MotionEvent { action=ACTION_MOVE, actionButton=0, id[0]=0, x[0]=500.0, y[0]=1880.3, toolType[0]=TOOL_TYPE_UNKNOWN, buttonState=0, metaState=0, flags=0x0, edgeFlags=0x0, pointerCount=1, historySize=0, eventTime=712559299, downTime=712559299, deviceId=0, source=0x1002 }
08-04 13:55:42.893 28003 28003 I Input   : injectMotionEvent: MotionEvent { action=ACTION_MOVE, actionButton=0, id[0]=0, x[0]=500.0, y[0]=1867.0, toolType[0]=TOOL_TYPE_UNKNOWN, buttonState=0, metaState=0, flags=0x0, edgeFlags=0x0, pointerCount=1, historySize=0, eventTime=712559306, downTime=712559306, deviceId=0, source=0x1002 }
08-04 13:55:42.911 28003 28003 I Input   : injectMotionEvent: MotionEvent { action=ACTION_MOVE, actionButton=0, id[0]=0, x[0]=500.0, y[0]=1832.8, toolType[0]=TOOL_TYPE_UNKNOWN, buttonState=0, metaState=0, flags=0x0, edgeFlags=0x0, pointerCount=1, historySize=0, eventTime=712559324, downTime=712559324, deviceId=0, source=0x1002 }
08-04 13:55:42.927 28003 28003 I Input   : injectMotionEvent: MotionEvent { action=ACTION_MOVE, actionButton=0, id[0]=0, x[0]=500.0, y[0]=1802.4, toolType[0]=TOOL_TYPE_UNKNOWN, buttonState=0, metaState=0, flags=0x0, edgeFlags=0x0, pointerCount=1, historySize=0, eventTime=712559340, downTime=712559340, deviceId=0, source=0x1002 }
08-04 13:55:42.943 28003 28003 I Input   : injectMotionEvent: MotionEvent { action=ACTION_MOVE, actionButton=0, id[0]=0, x[0]=500.0, y[0]=1770.1, toolType[0]=TOOL_TYPE_UNKNOWN, buttonState=0, metaState=0, flags=0x0, edgeFlags=0x0, pointerCount=1, historySize=0, eventTime=712559357, downTime=712559357, deviceId=0, source=0x1002 }
08-04 13:55:42.961 28003 28003 I Input   : injectMotionEvent: MotionEvent { action=ACTION_MOVE, actionButton=0, id[0]=0, x[0]=500.0, y[0]=1737.8, toolType[0]=TOOL_TYPE_UNKNOWN, buttonState=0, metaState=0, flags=0x0, edgeFlags=0x0, pointerCount=1, historySize=0, eventTime=712559374, downTime=712559374, deviceId=0, source=0x1002 }
08-04 13:55:42.977 28003 28003 I Input   : injectMotionEvent: MotionEvent { action=ACTION_MOVE, actionButton=0, id[0]=0, x[0]=500.0, y[0]=1707.4, toolType[0]=TOOL_TYPE_UNKNOWN, buttonState=0, metaState=0, flags=0x0, edgeFlags=0x0, pointerCount=1, historySize=0, eventTime=712559390, downTime=712559390, deviceId=0, source=0x1002 }
08-04 13:55:42.993 28003 28003 I Input   : injectMotionEvent: MotionEvent { action=ACTION_MOVE, actionButton=0, id[0]=0, x[0]=500.0, y[0]=1677.0, toolType[0]=TOOL_TYPE_UNKNOWN, buttonState=0, metaState=0, flags=0x0, edgeFlags=0x0, pointerCount=1, historySize=0, eventTime=712559406, downTime=712559406, deviceId=0, source=0x1002 }
08-04 13:55:43.012 28003 28003 I Input   : injectMotionEvent: MotionEvent { action=ACTION_MOVE, actionButton=0, id[0]=0, x[0]=500.0, y[0]=1644.7, toolType[0]=TOOL_TYPE_UNKNOWN, buttonState=0, metaState=0, flags=0x0, edgeFlags=0x0, pointerCount=1, historySize=0, eventTime=712559423, downTime=712559423, deviceId=0, source=0x1002 }
08-04 13:55:43.027 28003 28003 I Input   : injectMotionEvent: MotionEvent { action=ACTION_MOVE, actionButton=0, id[0]=0, x[0]=500.0, y[0]=1612.4, toolType[0]=TOOL_TYPE_UNKNOWN, buttonState=0, metaState=0, flags=0x0, edgeFlags=0x0, pointerCount=1, historySize=0, eventTime=712559440, downTime=712559440, deviceId=0, source=0x1002 }
08-04 13:55:43.043 28003 28003 I Input   : injectMotionEvent: MotionEvent { action=ACTION_MOVE, actionButton=0, id[0]=0, x[0]=500.0, y[0]=1580.1, toolType[0]=TOOL_TYPE_UNKNOWN, buttonState=0, metaState=0, flags=0x0, edgeFlags=0x0, pointerCount=1, historySize=0, eventTime=712559457, downTime=712559457, deviceId=0, source=0x1002 }
08-04 13:55:43.060 28003 28003 I Input   : injectMotionEvent: MotionEvent { action=ACTION_MOVE, actionButton=0, id[0]=0, x[0]=500.0, y[0]=1549.7, toolType[0]=TOOL_TYPE_UNKNOWN, buttonState=0, metaState=0, flags=0x0, edgeFlags=0x0, pointerCount=1, historySize=0, eventTime=712559473, downTime=712559473, deviceId=0, source=0x1002 }
08-04 13:55:43.077 28003 28003 I Input   : injectMotionEvent: MotionEvent { action=ACTION_MOVE, actionButton=0, id[0]=0, x[0]=500.0, y[0]=1517.4, toolType[0]=TOOL_TYPE_UNKNOWN, buttonState=0, metaState=0, flags=0x0, edgeFlags=0x0, pointerCount=1, historySize=0, eventTime=712559490, downTime=712559490, deviceId=0, source=0x1002 }
08-04 13:55:43.093 28003 28003 I Input   : injectMotionEvent: MotionEvent { action=ACTION_MOVE, actionButton=0, id[0]=0, x[0]=500.0, y[0]=1487.0, toolType[0]=TOOL_TYPE_UNKNOWN, buttonState=0, metaState=0, flags=0x0, edgeFlags=0x0, pointerCount=1, historySize=0, eventTime=712559506, downTime=712559506, deviceId=0, source=0x1002 }
08-04 13:55:43.095   918  3261 D WifiStateMachine: starting scan for "H369AA63323"WPA_PSK with 2412,5180
08-04 13:55:43.110 28003 28003 I Input   : injectMotionEvent: MotionEvent { action=ACTION_MOVE, actionButton=0, id[0]=0, x[0]=500.0, y[0]=1454.7, toolType[0]=TOOL_TYPE_UNKNOWN, buttonState=0, metaState=0, flags=0x0, edgeFlags=0x0, pointerCount=1, historySize=0, eventTime=712559523, downTime=712559523, deviceId=0, source=0x1002 }
08-04 13:55:43.127 28003 28003 I Input   : injectMotionEvent: MotionEvent { action=ACTION_MOVE, actionButton=0, id[0]=0, x[0]=500.0, y[0]=1422.4, toolType[0]=TOOL_TYPE_UNKNOWN, buttonState=0, metaState=0, flags=0x0, edgeFlags=0x0, pointerCount=1, historySize=0, eventTime=712559540, downTime=712559540, deviceId=0, source=0x1002 }
08-04 13:55:43.144 28003 28003 I Input   : injectMotionEvent: MotionEvent { action=ACTION_MOVE, actionButton=0, id[0]=0, x[0]=500.0, y[0]=1390.1, toolType[0]=TOOL_TYPE_UNKNOWN, buttonState=0, metaState=0, flags=0x0, edgeFlags=0x0, pointerCount=1, historySize=0, eventTime=712559557, downTime=712559557, deviceId=0, source=0x1002 }
08-04 13:55:43.160 28003 28003 I Input   : injectMotionEvent: MotionEvent { action=ACTION_MOVE, actionButton=0, id[0]=0, x[0]=500.0, y[0]=1359.7, toolType[0]=TOOL_TYPE_UNKNOWN, buttonState=0, metaState=0, flags=0x0, edgeFlags=0x0, pointerCount=1, historySize=0, eventTime=712559573, downTime=712559573, deviceId=0, source=0x1002 }
08-04 13:55:43.179 28003 28003 I Input   : injectMotionEvent: MotionEvent { action=ACTION_MOVE, actionButton=0, id[0]=0, x[0]=500.0, y[0]=1323.6, toolType[0]=TOOL_TYPE_UNKNOWN, buttonState=0, metaState=0, flags=0x0, edgeFlags=0x0, pointerCount=1, historySize=0, eventTime=712559592, downTime=712559592, deviceId=0, source=0x1002 }
08-04 13:55:43.183 26384 26395 I art     : Starting a blocking GC Explicit
08-04 13:55:43.194 28003 28003 I Input   : injectMotionEvent: MotionEvent { action=ACTION_MOVE, actionButton=0, id[0]=0, x[0]=500.0, y[0]=1295.1001, toolType[0]=TOOL_TYPE_UNKNOWN, buttonState=0, metaState=0, flags=0x0, edgeFlags=0x0, pointerCount=1, historySize=0, eventTime=712559607, downTime=712559607, deviceId=0, source=0x1002 }
08-04 13:55:43.212 28003 28003 I Input   : injectMotionEvent: MotionEvent { action=ACTION_MOVE, actionButton=0, id[0]=0, x[0]=500.0, y[0]=1260.9, toolType[0]=TOOL_TYPE_UNKNOWN, buttonState=0, metaState=0, flags=0x0, edgeFlags=0x0, pointerCount=1, historySize=0, eventTime=712559625, downTime=712559625, deviceId=0, source=0x1002 }
08-04 13:55:43.228 26384 26395 I art     : Explicit concurrent mark sweep GC freed 1660(95KB) AllocSpace objects, 2(36KB) LOS objects, 10% free, 135MB/151MB, paused 1.180ms total 45.312ms
08-04 13:55:43.231 28003 28003 I Input   : injectMotionEvent: MotionEvent { action=ACTION_MOVE, actionButton=0, id[0]=0, x[0]=500.0, y[0]=1224.8, toolType[0]=TOOL_TYPE_UNKNOWN, buttonState=0, metaState=0, flags=0x0, edgeFlags=0x0, pointerCount=1, historySize=0, eventTime=712559644, downTime=712559644, deviceId=0, source=0x1002 }
08-04 13:55:43.246 26384 26395 I art     : Starting a blocking GC Explicit
08-04 13:55:43.247 28003 28003 I Input   : injectMotionEvent: MotionEvent { action=ACTION_MOVE, actionButton=0, id[0]=0, x[0]=500.0, y[0]=1196.3, toolType[0]=TOOL_TYPE_UNKNOWN, buttonState=0, metaState=0, flags=0x0, edgeFlags=0x0, pointerCount=1, historySize=0, eventTime=712559659, downTime=712559659, deviceId=0, source=0x1002 }
08-04 13:55:43.287 26384 26395 I art     : Explicit concurrent mark sweep GC freed 68(2848B) AllocSpace objects, 0(0B) LOS objects, 10% free, 135MB/151MB, paused 1.231ms total 40.831ms
08-04 13:55:43.310 26384 26395 I art     : Starting a blocking GC Explicit
08-04 13:55:43.313 28003 28003 I Input   : injectMotionEvent: MotionEvent { action=ACTION_MOVE, actionButton=0, id[0]=0, x[0]=500.0, y[0]=1069.0, toolType[0]=TOOL_TYPE_UNKNOWN, buttonState=0, metaState=0, flags=0x0, edgeFlags=0x0, pointerCount=1, historySize=0, eventTime=712559726, downTime=712559726, deviceId=0, source=0x1002 }
08-04 13:55:43.350 26384 26395 I art     : Explicit concurrent mark sweep GC freed 3(96B) AllocSpace objects, 0(0B) LOS objects, 10% free, 135MB/151MB, paused 1.272ms total 39.043ms
08-04 13:55:43.368 26384 26395 I art     : Starting a blocking GC Explicit
08-04 13:55:43.376 28003 28003 I Input   : injectMotionEvent: MotionEvent { action=ACTION_MOVE, actionButton=0, id[0]=0, x[0]=500.0, y[0]=949.30005, toolType[0]=TOOL_TYPE_UNKNOWN, buttonState=0, metaState=0, flags=0x0, edgeFlags=0x0, pointerCount=1, historySize=0, eventTime=712559789, downTime=712559789, deviceId=0, source=0x1002 }
08-04 13:55:43.412 26384 26395 I art     : Explicit concurrent mark sweep GC freed 3(96B) AllocSpace objects, 0(0B) LOS objects, 10% free, 135MB/151MB, paused 1.230ms total 43.762ms
08-04 13:55:43.429 26384 26395 I art     : Starting a blocking GC Explicit
08-04 13:55:43.438 28003 28003 I Input   : injectMotionEvent: MotionEvent { action=ACTION_MOVE, actionButton=0, id[0]=0, x[0]=500.0, y[0]=831.5, toolType[0]=TOOL_TYPE_UNKNOWN, buttonState=0, metaState=0, flags=0x0, edgeFlags=0x0, pointerCount=1, historySize=0, eventTime=712559851, downTime=712559851, deviceId=0, source=0x1002 }
08-04 13:55:43.473 26384 26395 I art     : Explicit concurrent mark sweep GC freed 34(928B) AllocSpace objects, 0(0B) LOS objects, 10% free, 135MB/151MB, paused 1.234ms total 43.712ms
08-04 13:55:43.499 28003 28003 I Input   : injectMotionEvent: MotionEvent { action=ACTION_MOVE, actionButton=0, id[0]=0, x[0]=500.0, y[0]=715.6, toolType[0]=TOOL_TYPE_UNKNOWN, buttonState=0, metaState=0, flags=0x0, edgeFlags=0x0, pointerCount=1, historySize=0, eventTime=712559912, downTime=712559912, deviceId=0, source=0x1002 }
08-04 13:55:43.556 28003 28003 I Input   : injectMotionEvent: MotionEvent { action=ACTION_MOVE, actionButton=0, id[0]=0, x[0]=500.0, y[0]=605.3999, toolType[0]=TOOL_TYPE_UNKNOWN, buttonState=0, metaState=0, flags=0x0, edgeFlags=0x0, pointerCount=1, historySize=0, eventTime=712559970, downTime=712559970, deviceId=0, source=0x1002 }
08-04 13:55:43.613 28003 28003 I Input   : injectMotionEvent: MotionEvent { action=ACTION_MOVE, actionButton=0, id[0]=0, x[0]=500.0, y[0]=499.0, toolType[0]=TOOL_TYPE_UNKNOWN, buttonState=0, metaState=0, flags=0x0, edgeFlags=0x0, pointerCount=1, historySize=0, eventTime=712560026, downTime=712560026, deviceId=0, source=0x1002 }
08-04 13:55:43.674 28003 28003 I Input   : injectMotionEvent: MotionEvent { action=ACTION_MOVE, actionButton=0, id[0]=0, x[0]=500.0, y[0]=383.09998, toolType[0]=TOOL_TYPE_UNKNOWN, buttonState=0, metaState=0, flags=0x0, edgeFlags=0x0, pointerCount=1, historySize=0, eventTime=712560087, downTime=712560087, deviceId=0, source=0x1002 }
08-04 13:55:43.773 28003 28003 I Input   : injectMotionEvent: MotionEvent { action=ACTION_MOVE, actionButton=0, id[0]=0, x[0]=500.0, y[0]=195.0, toolType[0]=TOOL_TYPE_UNKNOWN, buttonState=0, metaState=0, flags=0x0, edgeFlags=0x0, pointerCount=1, historySize=0, eventTime=712560186, downTime=712560186, deviceId=0, source=0x1002 }
08-04 13:55:43.812 28003 28003 I Input   : injectMotionEvent: MotionEvent { action=ACTION_MOVE, actionButton=0, id[0]=0, x[0]=500.0, y[0]=119.0, toolType[0]=TOOL_TYPE_UNKNOWN, buttonState=0, metaState=0, flags=0x0, edgeFlags=0x0, pointerCount=1, historySize=0, eventTime=712560226, downTime=712560226, deviceId=0, source=0x1002 }
08-04 13:55:43.853 26384 26888 I art     : Starting a blocking GC Explicit
08-04 13:55:43.858 28003 28003 I Input   : injectMotionEvent: MotionEvent { action=ACTION_UP, actionButton=0, id[0]=0, x[0]=500.0, y[0]=100.0, toolType[0]=TOOL_TYPE_UNKNOWN, buttonState=0, metaState=0, flags=0x0, edgeFlags=0x0, pointerCount=1, historySize=0, eventTime=712560272, downTime=712560272, deviceId=0, source=0x1002 }
08-04 13:55:43.898 26384 26888 I art     : Explicit concurrent mark sweep GC freed 1597(92KB) AllocSpace objects, 2(36KB) LOS objects, 10% free, 135MB/151MB, paused 1.144ms total 44.511ms
08-04 13:55:43.899 28003 28003 D AndroidRuntime: Shutting down VM
08-04 13:55:43.914 26384 26888 I art     : Starting a blocking GC Explicit
08-04 13:55:43.954 26384 26888 I art     : Explicit concurrent mark sweep GC freed 29(1056B) AllocSpace objects, 0(0B) LOS objects, 10% free, 135MB/151MB, paused 1.065ms total 39.740ms
08-04 13:55:43.971 26384 26888 I art     : Starting a blocking GC Explicit
08-04 13:55:44.012 26384 26888 I art     : Explicit concurrent mark sweep GC freed 3(96B) AllocSpace objects, 0(0B) LOS objects, 10% free, 135MB/151MB, paused 1.081ms total 41.552ms
08-04 13:55:44.029 26384 26888 I art     : Starting a blocking GC Explicit
08-04 13:55:44.073 26384 26888 I art     : Explicit concurrent mark sweep GC freed 3(96B) AllocSpace objects, 0(0B) LOS objects, 10% free, 135MB/151MB, paused 1.070ms total 43.820ms
08-04 13:55:44.091 26384 26888 I art     : Starting a blocking GC Explicit
08-04 13:55:44.134 26384 26888 I art     : Explicit concurrent mark sweep GC freed 3(96B) AllocSpace objects, 0(0B) LOS objects, 10% free, 135MB/151MB, paused 1.031ms total 43.052ms
08-04 13:55:44.517 26384 26402 I art     : Starting a blocking GC Explicit
08-04 13:55:44.557 26384 26402 I art     : Explicit concurrent mark sweep GC freed 1683(95KB) AllocSpace objects, 2(36KB) LOS objects, 10% free, 135MB/151MB, paused 1.058ms total 39.529ms
08-04 13:55:44.575 26384 26402 I art     : Starting a blocking GC Explicit
08-04 13:55:44.616 26384 26402 I art     : Explicit concurrent mark sweep GC freed 44(1808B) AllocSpace objects, 0(0B) LOS objects, 10% free, 135MB/151MB, paused 1.108ms total 40.675ms
08-04 13:55:44.616 26384 26394 I art     : WaitForGcToComplete blocked for 12.613ms for cause HeapTrim
08-04 13:55:44.632 26384 26402 I art     : Starting a blocking GC Explicit
08-04 13:55:44.650 28052 28052 D AndroidRuntime: >>>>>> START com.android.internal.os.RuntimeInit uid 2000 <<<<<<
08-04 13:55:44.655 28052 28052 D AndroidRuntime: CheckJNI is OFF
08-04 13:55:44.670 26384 26402 I art     : Explicit concurrent mark sweep GC freed 3(96B) AllocSpace objects, 0(0B) LOS objects, 10% free, 135MB/151MB, paused 1.005ms total 37.707ms
08-04 13:55:44.686 26384 26402 I art     : Starting a blocking GC Explicit
08-04 13:55:44.698 28052 28052 D ICU     : No timezone override file found: /data/misc/zoneinfo/current/icu/icu_tzdata.dat
08-04 13:55:44.728 26384 26402 I art     : Explicit concurrent mark sweep GC freed 3(96B) AllocSpace objects, 0(0B) LOS objects, 10% free, 135MB/151MB, paused 1.115ms total 41.683ms
08-04 13:55:44.740 28052 28052 I Radio-JNI: register_android_hardware_Radio DONE
08-04 13:55:44.746 26384 26402 I art     : Starting a blocking GC Explicit
08-04 13:55:44.770 28052 28052 D AndroidRuntime: Calling main entry com.android.commands.input.Input
08-04 13:55:44.772 28052 28052 I Input   : injectMotionEvent: MotionEvent { action=ACTION_DOWN, actionButton=0, id[0]=0, x[0]=500.0, y[0]=2000.0, toolType[0]=TOOL_TYPE_UNKNOWN, buttonState=0, metaState=0, flags=0x0, edgeFlags=0x0, pointerCount=1, historySize=0, eventTime=712561184, downTime=712561184, deviceId=0, source=0x1002 }
08-04 13:55:44.776 28052 28052 I Input   : injectMotionEvent: MotionEvent { action=ACTION_MOVE, actionButton=0, id[0]=0, x[0]=500.0, y[0]=2000.0, toolType[0]=TOOL_TYPE_UNKNOWN, buttonState=0, metaState=0, flags=0x0, edgeFlags=0x0, pointerCount=1, historySize=0, eventTime=712561184, downTime=712561184, deviceId=0, source=0x1002 }
08-04 13:55:44.789 26384 26402 I art     : Explicit concurrent mark sweep GC freed 3(96B) AllocSpace objects, 0(0B) LOS objects, 10% free, 135MB/151MB, paused 1.107ms total 43.006ms
08-04 13:55:44.795 28052 28052 I Input   : injectMotionEvent: MotionEvent { action=ACTION_MOVE, actionButton=0, id[0]=0, x[0]=500.0, y[0]=1954.4, toolType[0]=TOOL_TYPE_UNKNOWN, buttonState=0, metaState=0, flags=0x0, edgeFlags=0x0, pointerCount=1, historySize=0, eventTime=712561208, downTime=712561208, deviceId=0, source=0x1002 }
08-04 13:55:44.813 28052 28052 I Input   : injectMotionEvent: MotionEvent { action=ACTION_MOVE, actionButton=0, id[0]=0, x[0]=500.0, y[0]=1920.2, toolType[0]=TOOL_TYPE_UNKNOWN, buttonState=0, metaState=0, flags=0x0, edgeFlags=0x0, pointerCount=1, historySize=0, eventTime=712561226, downTime=712561226, deviceId=0, source=0x1002 }
08-04 13:55:44.828 28052 28052 I Input   : injectMotionEvent: MotionEvent { action=ACTION_MOVE, actionButton=0, id[0]=0, x[0]=500.0, y[0]=1889.8, toolType[0]=TOOL_TYPE_UNKNOWN, buttonState=0, metaState=0, flags=0x0, edgeFlags=0x0, pointerCount=1, historySize=0, eventTime=712561242, downTime=712561242, deviceId=0, source=0x1002 }
08-04 13:55:44.870 28052 28052 I Input   : injectMotionEvent: MotionEvent { action=ACTION_MOVE, actionButton=0, id[0]=0, x[0]=500.0, y[0]=1811.9, toolType[0]=TOOL_TYPE_UNKNOWN, buttonState=0, metaState=0, flags=0x0, edgeFlags=0x0, pointerCount=1, historySize=0, eventTime=712561283, downTime=712561283, deviceId=0, source=0x1002 }
08-04 13:55:44.906 28052 28052 I Input   : injectMotionEvent: MotionEvent { action=ACTION_MOVE, actionButton=0, id[0]=0, x[0]=500.0, y[0]=1743.5, toolType[0]=TOOL_TYPE_UNKNOWN, buttonState=0, metaState=0, flags=0x0, edgeFlags=0x0, pointerCount=1, historySize=0, eventTime=712561319, downTime=712561319, deviceId=0, source=0x1002 }
08-04 13:55:44.908 26337 26337 I ServiceManager: Waiting for service AtCmdFwd...
08-04 13:55:44.942 28052 28052 I Input   : injectMotionEvent: MotionEvent { action=ACTION_MOVE, actionButton=0, id[0]=0, x[0]=500.0, y[0]=1675.1, toolType[0]=TOOL_TYPE_UNKNOWN, buttonState=0, metaState=0, flags=0x0, edgeFlags=0x0, pointerCount=1, historySize=0, eventTime=712561355, downTime=712561355, deviceId=0, source=0x1002 }
08-04 13:55:44.980 28052 28052 I Input   : injectMotionEvent: MotionEvent { action=ACTION_MOVE, actionButton=0, id[0]=0, x[0]=500.0, y[0]=1602.9, toolType[0]=TOOL_TYPE_UNKNOWN, buttonState=0, metaState=0, flags=0x0, edgeFlags=0x0, pointerCount=1, historySize=0, eventTime=712561393, downTime=712561393, deviceId=0, source=0x1002 }
08-04 13:55:45.021 28052 28052 I Input   : injectMotionEvent: MotionEvent { action=ACTION_MOVE, actionButton=0, id[0]=0, x[0]=500.0, y[0]=1523.1001, toolType[0]=TOOL_TYPE_UNKNOWN, buttonState=0, metaState=0, flags=0x0, edgeFlags=0x0, pointerCount=1, historySize=0, eventTime=712561435, downTime=712561435, deviceId=0, source=0x1002 }
08-04 13:55:45.061 28052 28052 I Input   : injectMotionEvent: MotionEvent { action=ACTION_MOVE, actionButton=0, id[0]=0, x[0]=500.0, y[0]=1449.0, toolType[0]=TOOL_TYPE_UNKNOWN, buttonState=0, metaState=0, flags=0x0, edgeFlags=0x0, pointerCount=1, historySize=0, eventTime=712561474, downTime=712561474, deviceId=0, source=0x1002 }
08-04 13:55:45.102 28052 28052 I Input   : injectMotionEvent: MotionEvent { action=ACTION_MOVE, actionButton=0, id[0]=0, x[0]=500.0, y[0]=1371.1, toolType[0]=TOOL_TYPE_UNKNOWN, buttonState=0, metaState=0, flags=0x0, edgeFlags=0x0, pointerCount=1, historySize=0, eventTime=712561515, downTime=712561515, deviceId=0, source=0x1002 }
08-04 13:55:45.141 28052 28052 I Input   : injectMotionEvent: MotionEvent { action=ACTION_MOVE, actionButton=0, id[0]=0, x[0]=500.0, y[0]=1295.1001, toolType[0]=TOOL_TYPE_UNKNOWN, buttonState=0, metaState=0, flags=0x0, edgeFlags=0x0, pointerCount=1, historySize=0, eventTime=712561555, downTime=712561555, deviceId=0, source=0x1002 }
08-04 13:55:45.169 26384 26395 I art     : Starting a blocking GC Explicit
08-04 13:55:45.185 28052 28052 I Input   : injectMotionEvent: MotionEvent { action=ACTION_MOVE, actionButton=0, id[0]=0, x[0]=500.0, y[0]=1213.3999, toolType[0]=TOOL_TYPE_UNKNOWN, buttonState=0, metaState=0, flags=0x0, edgeFlags=0x0, pointerCount=1, historySize=0, eventTime=712561598, downTime=712561598, deviceId=0, source=0x1002 }
08-04 13:55:45.210 26384 26395 I art     : Explicit concurrent mark sweep GC freed 1624(93KB) AllocSpace objects, 2(36KB) LOS objects, 10% free, 135MB/151MB, paused 1.231ms total 40.331ms
08-04 13:55:45.225 28052 28052 I Input   : injectMotionEvent: MotionEvent { action=ACTION_MOVE, actionButton=0, id[0]=0, x[0]=500.0, y[0]=1135.5, toolType[0]=TOOL_TYPE_UNKNOWN, buttonState=0, metaState=0, flags=0x0, edgeFlags=0x0, pointerCount=1, historySize=0, eventTime=712561639, downTime=712561639, deviceId=0, source=0x1002 }
08-04 13:55:45.229 26384 26395 I art     : Starting a blocking GC Explicit
08-04 13:55:45.266 28052 28052 I Input   : injectMotionEvent: MotionEvent { action=ACTION_MOVE, actionButton=0, id[0]=0, x[0]=500.0, y[0]=1059.5, toolType[0]=TOOL_TYPE_UNKNOWN, buttonState=0, metaState=0, flags=0x0, edgeFlags=0x0, pointerCount=1, historySize=0, eventTime=712561679, downTime=712561679, deviceId=0, source=0x1002 }
08-04 13:55:45.269 26384 26395 I art     : Explicit concurrent mark sweep GC freed 32(1152B) AllocSpace objects, 0(0B) LOS objects, 10% free, 135MB/151MB, paused 1.295ms total 39.917ms
08-04 13:55:45.287 26384 26395 I art     : Starting a blocking GC Explicit
08-04 13:55:45.305 28052 28052 I Input   : injectMotionEvent: MotionEvent { action=ACTION_MOVE, actionButton=0, id[0]=0, x[0]=500.0, y[0]=985.4, toolType[0]=TOOL_TYPE_UNKNOWN, buttonState=0, metaState=0, flags=0x0, edgeFlags=0x0, pointerCount=1, historySize=0, eventTime=712561718, downTime=712561718, deviceId=0, source=0x1002 }
08-04 13:55:45.326 26384 26395 I art     : Explicit concurrent mark sweep GC freed 5(160B) AllocSpace objects, 0(0B) LOS objects, 10% free, 135MB/151MB, paused 1.157ms total 39.650ms
08-04 13:55:45.346 28052 28052 I Input   : injectMotionEvent: MotionEvent { action=ACTION_MOVE, actionButton=0, id[0]=0, x[0]=500.0, y[0]=907.5, toolType[0]=TOOL_TYPE_UNKNOWN, buttonState=0, metaState=0, flags=0x0, edgeFlags=0x0, pointerCount=1, historySize=0, eventTime=712561759, downTime=712561759, deviceId=0, source=0x1002 }
08-04 13:55:45.346 26384 26395 I art     : Starting a blocking GC Explicit
08-04 13:55:45.386 26384 26395 I art     : Explicit concurrent mark sweep GC freed 5(160B) AllocSpace objects, 0(0B) LOS objects, 10% free, 135MB/151MB, paused 1.170ms total 39.283ms
08-04 13:55:45.387 28052 28052 I Input   : injectMotionEvent: MotionEvent { action=ACTION_MOVE, actionButton=0, id[0]=0, x[0]=500.0, y[0]=829.6, toolType[0]=TOOL_TYPE_UNKNOWN, buttonState=0, metaState=0, flags=0x0, edgeFlags=0x0, pointerCount=1, historySize=0, eventTime=712561800, downTime=712561800, deviceId=0, source=0x1002 }
08-04 13:55:45.403 26384 26395 I art     : Starting a blocking GC Explicit
08-04 13:55:45.424 28052 28052 I Input   : injectMotionEvent: MotionEvent { action=ACTION_MOVE, actionButton=0, id[0]=0, x[0]=500.0, y[0]=757.4, toolType[0]=TOOL_TYPE_UNKNOWN, buttonState=0, metaState=0, flags=0x0, edgeFlags=0x0, pointerCount=1, historySize=0, eventTime=712561838, downTime=712561838, deviceId=0, source=0x1002 }
08-04 13:55:45.443 26384 26395 I art     : Explicit concurrent mark sweep GC freed 9(288B) AllocSpace objects, 0(0B) LOS objects, 10% free, 135MB/151MB, paused 1.064ms total 39.893ms
08-04 13:55:45.466 28052 28052 I Input   : injectMotionEvent: MotionEvent { action=ACTION_MOVE, actionButton=0, id[0]=0, x[0]=500.0, y[0]=679.5, toolType[0]=TOOL_TYPE_UNKNOWN, buttonState=0, metaState=0, flags=0x0, edgeFlags=0x0, pointerCount=1, historySize=0, eventTime=712561879, downTime=712561879, deviceId=0, source=0x1002 }
08-04 13:55:45.506 28052 28052 I Input   : injectMotionEvent: MotionEvent { action=ACTION_MOVE, actionButton=0, id[0]=0, x[0]=500.0, y[0]=603.5, toolType[0]=TOOL_TYPE_UNKNOWN, buttonState=0, metaState=0, flags=0x0, edgeFlags=0x0, pointerCount=1, historySize=0, eventTime=712561919, downTime=712561919, deviceId=0, source=0x1002 }
08-04 13:55:45.545 28052 28052 I Input   : injectMotionEvent: MotionEvent { action=ACTION_MOVE, actionButton=0, id[0]=0, x[0]=500.0, y[0]=527.5, toolType[0]=TOOL_TYPE_UNKNOWN, buttonState=0, metaState=0, flags=0x0, edgeFlags=0x0, pointerCount=1, historySize=0, eventTime=712561959, downTime=712561959, deviceId=0, source=0x1002 }
08-04 13:55:45.588 28052 28052 I Input   : injectMotionEvent: MotionEvent { action=ACTION_MOVE, actionButton=0, id[0]=0, x[0]=500.0, y[0]=447.70007, toolType[0]=TOOL_TYPE_UNKNOWN, buttonState=0, metaState=0, flags=0x0, edgeFlags=0x0, pointerCount=1, historySize=0, eventTime=712562001, downTime=712562001, deviceId=0, source=0x1002 }
08-04 13:55:45.627 28052 28052 I Input   : injectMotionEvent: MotionEvent { action=ACTION_MOVE, actionButton=0, id[0]=0, x[0]=500.0, y[0]=371.70007, toolType[0]=TOOL_TYPE_UNKNOWN, buttonState=0, metaState=0, flags=0x0, edgeFlags=0x0, pointerCount=1, historySize=0, eventTime=712562041, downTime=712562041, deviceId=0, source=0x1002 }
08-04 13:55:45.664 28052 28052 I Input   : injectMotionEvent: MotionEvent { action=ACTION_MOVE, actionButton=0, id[0]=0, x[0]=500.0, y[0]=303.29993, toolType[0]=TOOL_TYPE_UNKNOWN, buttonState=0, metaState=0, flags=0x0, edgeFlags=0x0, pointerCount=1, historySize=0, eventTime=712562077, downTime=712562077, deviceId=0, source=0x1002 }
08-04 13:55:45.703 28052 28052 I Input   : injectMotionEvent: MotionEvent { action=ACTION_MOVE, actionButton=0, id[0]=0, x[0]=500.0, y[0]=227.29993, toolType[0]=TOOL_TYPE_UNKNOWN, buttonState=0, metaState=0, flags=0x0, edgeFlags=0x0, pointerCount=1, historySize=0, eventTime=712562117, downTime=712562117, deviceId=0, source=0x1002 }
08-04 13:55:45.743 28052 28052 I Input   : injectMotionEvent: MotionEvent { action=ACTION_MOVE, actionButton=0, id[0]=0, x[0]=500.0, y[0]=153.19995, toolType[0]=TOOL_TYPE_UNKNOWN, buttonState=0, metaState=0, flags=0x0, edgeFlags=0x0, pointerCount=1, historySize=0, eventTime=712562156, downTime=712562156, deviceId=0, source=0x1002 }
08-04 13:55:45.781 28052 28052 I Input   : injectMotionEvent: MotionEvent { action=ACTION_UP, actionButton=0, id[0]=0, x[0]=500.0, y[0]=100.0, toolType[0]=TOOL_TYPE_UNKNOWN, buttonState=0, metaState=0, flags=0x0, edgeFlags=0x0, pointerCount=1, historySize=0, eventTime=712562195, downTime=712562195, deviceId=0, source=0x1002 }
08-04 13:55:45.821 28052 28052 D AndroidRuntime: Shutting down VM
08-04 13:55:45.822 26384 26396 I art     : Starting a blocking GC Explicit
08-04 13:55:45.864 26384 26396 I art     : Explicit concurrent mark sweep GC freed 1648(93KB) AllocSpace objects, 2(36KB) LOS objects, 10% free, 135MB/151MB, paused 1.188ms total 41.165ms
08-04 13:55:45.882 26384 26396 I art     : Starting a blocking GC Explicit
08-04 13:55:45.908 26337 26337 I ServiceManager: Waiting for service AtCmdFwd...
08-04 13:55:45.921 26384 26396 I art     : Explicit concurrent mark sweep GC freed 41(1728B) AllocSpace objects, 0(0B) LOS objects, 10% free, 135MB/151MB, paused 1.086ms total 39.669ms
08-04 13:55:45.938 26384 26396 I art     : Starting a blocking GC Explicit
08-04 13:55:45.978 26384 26396 I art     : Explicit concurrent mark sweep GC freed 14(672B) AllocSpace objects, 0(0B) LOS objects, 10% free, 135MB/151MB, paused 1.116ms total 39.750ms
08-04 13:55:45.995 26384 26396 I art     : Starting a blocking GC Explicit
08-04 13:55:46.038 26384 26396 I art     : Explicit concurrent mark sweep GC freed 3(96B) AllocSpace objects, 0(0B) LOS objects, 10% free, 135MB/151MB, paused 1.024ms total 43.375ms
08-04 13:55:46.056 26384 26396 I art     : Starting a blocking GC Explicit
08-04 13:55:46.099 26384 26396 I art     : Explicit concurrent mark sweep GC freed 3(96B) AllocSpace objects, 0(0B) LOS objects, 10% free, 135MB/151MB, paused 1.140ms total 42.246ms
08-04 13:55:46.485 26384 26395 I art     : Starting a blocking GC Explicit
08-04 13:55:46.538 26384 26395 I art     : Explicit concurrent mark sweep GC freed 1613(92KB) AllocSpace objects, 2(36KB) LOS objects, 10% free, 135MB/151MB, paused 1.256ms total 52.676ms
08-04 13:55:46.555 26384 26395 I art     : Starting a blocking GC Explicit
08-04 13:55:46.576   518   646 I ThermalEngine: ACTION: GPU - Setting GPU[0] to 390000000
08-04 13:55:46.612 26384 26395 I art     : Explicit concurrent mark sweep GC freed 28(1024B) AllocSpace objects, 0(0B) LOS objects, 10% free, 135MB/151MB, paused 1.659ms total 56.588ms
08-04 13:55:46.629 28098 28098 D AndroidRuntime: >>>>>> START com.android.internal.os.RuntimeInit uid 2000 <<<<<<
08-04 13:55:46.636 28098 28098 D AndroidRuntime: CheckJNI is OFF
08-04 13:55:46.636 26384 26395 I art     : Starting a blocking GC Explicit
08-04 13:55:46.687 28098 28098 D ICU     : No timezone override file found: /data/misc/zoneinfo/current/icu/icu_tzdata.dat
08-04 13:55:46.688 26384 26395 I art     : Explicit concurrent mark sweep GC freed 31(1616B) AllocSpace objects, 0(0B) LOS objects, 10% free, 135MB/151MB, paused 1.690ms total 52.095ms
08-04 13:55:46.711 26384 26395 I art     : Starting a blocking GC Explicit
08-04 13:55:46.732 28098 28098 I Radio-JNI: register_android_hardware_Radio DONE
08-04 13:55:46.764 28098 28098 D AndroidRuntime: Calling main entry com.android.commands.input.Input
08-04 13:55:46.766 26384 26395 I art     : Explicit concurrent mark sweep GC freed 3(96B) AllocSpace objects, 0(0B) LOS objects, 10% free, 135MB/151MB, paused 1.574ms total 54.379ms
08-04 13:55:46.767 28098 28098 I Input   : injectMotionEvent: MotionEvent { action=ACTION_DOWN, actionButton=0, id[0]=0, x[0]=657.0, y[0]=2080.0, toolType[0]=TOOL_TYPE_UNKNOWN, buttonState=0, metaState=0, flags=0x0, edgeFlags=0x0, pointerCount=1, historySize=0, eventTime=712563180, downTime=712563180, deviceId=0, source=0x1002 }
08-04 13:55:46.773 28098 28098 I Input   : injectMotionEvent: MotionEvent { action=ACTION_UP, actionButton=0, id[0]=0, x[0]=657.0, y[0]=2080.0, toolType[0]=TOOL_TYPE_UNKNOWN, buttonState=0, metaState=0, flags=0x0, edgeFlags=0x0, pointerCount=1, historySize=0, eventTime=712563180, downTime=712563180, deviceId=0, source=0x1002 }
08-04 13:55:46.775 28098 28098 D AndroidRuntime: Shutting down VM
08-04 13:55:46.776   918   929 I ActivityManager: START u0 {cmp=baseline.io.github.project_travel_mate/.utilities.UpcomingWeekendsActivity} from uid 10650 on display 0
08-04 13:55:46.777   512  2967 D audio_hw_primary: out_set_parameters: enter: usecase(1: low-latency-playback) kvpairs: routing=2
08-04 13:55:46.788 26384 26395 I art     : Starting a blocking GC Explicit
08-04 13:55:46.791   512  2967 D audio_hw_primary: select_devices: out_snd_device(2: speaker) in_snd_device(0: none)
08-04 13:55:46.791   512  2967 D msm8974_platform: platform_send_audio_calibration: sending audio calibration for snd_device(2) acdb_id(15)
08-04 13:55:46.791   512  2967 I soundtrigger: audio_extn_sound_trigger_update_device_status: device 0x2 of type 0 for Event 1
08-04 13:55:46.804   512  2967 D audio_hw_primary: enable_snd_device: snd_device(2: speaker)
08-04 13:55:46.807   512  2967 D audio_hw_primary: enable_audio_route: apply and update mixer path: low-latency-playback speaker
08-04 13:55:46.822 26384 26462 D Gabe    : call	returning from cache
08-04 13:55:46.827 26384 26384 V EXECUTING: https://project-travel-mate.herokuapp.com/api/get-upcoming-holidays/2020
08-04 13:55:46.830 26384 26384 V EXECUTING: https://project-travel-mate.herokuapp.com/api/get-upcoming-holidays/2020
08-04 13:55:46.847 26384 26395 I art     : Explicit concurrent mark sweep GC freed 765(79KB) AllocSpace objects, 0(0B) LOS objects, 10% free, 135MB/151MB, paused 1.968ms total 58.819ms
08-04 13:55:46.909 26337 26337 I ServiceManager: Waiting for service AtCmdFwd...
08-04 13:55:46.928 13866 13866 I GoogleInputMethodServic: GoogleInputMethodService.onFinishInput():3138 
08-04 13:55:46.929 13866 13866 I GoogleInputMethodServic: GoogleInputMethodService.onStartInput():1808 
08-04 13:55:47.048   918   936 I ActivityManager: Displayed baseline.io.github.project_travel_mate/.utilities.UpcomingWeekendsActivity: +261ms
08-04 13:55:47.272 26384 26888 I art     : Starting a blocking GC Explicit
08-04 13:55:47.281   380   380 W SurfaceFlinger: couldn't log to binary event log: overflow.
08-04 13:55:47.332 26384 26888 I art     : Explicit concurrent mark sweep GC freed 4662(293KB) AllocSpace objects, 6(276KB) LOS objects, 10% free, 140MB/156MB, paused 2.124ms total 59.904ms
08-04 13:55:47.352   512  2967 D audio_hw_primary: disable_audio_route: reset and update mixer path: low-latency-playback speaker
08-04 13:55:47.353   512  2967 D audio_hw_primary: disable_snd_device: snd_device(2: speaker)
08-04 13:55:47.354 26384 26888 I art     : Starting a blocking GC Explicit
08-04 13:55:47.366   512  2967 I soundtrigger: audio_extn_sound_trigger_update_device_status: device 0x2 of type 0 for Event 0
08-04 13:55:47.410 26384 28121 I NAPPA_EXPERIMENTATION: MetricNetworkRequestExecutionTime: REQUEST_DURATION_SYSTEM='582',REQUEST_DURATION_OKHTTP='46',REQUEST_SYNCHRONOUS='FALSE',RESPONSE_CODE='200',RESPONSE_METHOD='GET',RESPONSE_LENGTH_OKHTTP='6426',RESPONSE_LENGTH_HEADER='6426',REQUEST_PROTOCOL='http/1.1',REQUEST_URL='https://project-travel-mate.herokuapp.com/api/get-upcoming-holidays/2020',
08-04 13:55:47.410 26384 26888 I art     : Explicit concurrent mark sweep GC freed 4579(241KB) AllocSpace objects, 2(160KB) LOS objects, 10% free, 140MB/156MB, paused 1.769ms total 55.662ms
08-04 13:55:47.420 26384 28122 I NAPPA_EXPERIMENTATION: MetricNetworkRequestExecutionTime: REQUEST_DURATION_SYSTEM='588',REQUEST_DURATION_OKHTTP='60',REQUEST_SYNCHRONOUS='FALSE',RESPONSE_CODE='200',RESPONSE_METHOD='GET',RESPONSE_LENGTH_OKHTTP='6426',RESPONSE_LENGTH_HEADER='6426',REQUEST_PROTOCOL='http/1.1',REQUEST_URL='https://project-travel-mate.herokuapp.com/api/get-upcoming-holidays/2020',
08-04 13:55:47.435 26384 26888 I art     : Starting a blocking GC Explicit
08-04 13:55:47.488 26384 26888 I art     : Explicit concurrent mark sweep GC freed 1475(165KB) AllocSpace objects, 3(48KB) LOS objects, 10% free, 140MB/156MB, paused 1.684ms total 52.012ms
08-04 13:55:47.508 26384 26888 I art     : Starting a blocking GC Explicit
08-04 13:55:47.524 26384 26384 V Response: [{"month":"January","date":1,"day":"Wednesday","name":"New Year's Day","type":"Restricted"},{"month":"January","date":2,"day":"Thursday","name":"Guru Govind Singh Jayanti","type":"Restricted"},{"month":"January","date":14,"day":"Tuesday","name":"Lohri","type":"Restricted"},{"month":"January","date":15,"day":"Wednesday","name":"Pongal","type":"Restricted"},{"month":"January","date":15,"day":"Wednesday","name":"Makar Sankranti","type":"Restricted"},{"month":"January","date":25,"day":"Saturday","name":"Chinese New Year","type":"Observance"},{"month":"January","date":26,"day":"Sunday","name":"Republic Day","type":"Gazetted"},{"month":"January","date":30,"day":"Thursday","name":"Vasant Panchami","type":"Restricted"},{"month":"February","date":9,"day":"Sunday","name":"Guru Ravidas Jayanti","type":"Restricted"},{"month":"February","date":14,"day":"Friday","name":"Valentine's Day","type":"Observance"},{"month":"February","date":18,"day":"Tuesday","name":"Maharishi Dayanand Saraswati Jayanti","type":"Restricted"},{"month":"February","date":19,"day":"Wednesday","name":"Shivaji Jayanti","type":"Restricted"},{"month":"February","date":21,"day":"Friday","name":"Maha Shivaratri/Shivaratri","type":"Gazetted"},{"month":"March","date":9,"day":"Monday","name":"Holika Dahana","type":"Restricted"},{"month":"March","date":9,"day":"Monday","name":"Hazarat Ali's Birthday","type":"Restricted"},{"month":"March","date":10,"day":"Tuesday","name":"Holi","type":"Gazetted"},{"month":"March","date":20,"day":"Friday","name":"March Equinox","type":"Season"},{"month":"March","date":25,"day":"Wednesday","name":"Chaitra Sukhladi","type":"Restricted"},{"month":"April","date":2,"day":"Thursday","name":"Rama Navami","type":"Gazetted"},{"month":"April","date":6,"day":"Monday","name":"Mahavir Jayanti","type":"Gazetted"},{"month":"April","date":9,"day":"Thursday","name":"First day of Passover","type":"Observance"},{"month":"April","date":9,"day":"Thursday","name":"Maundy Thursday","type":"Observance,"},{"month":"April","date":10,"day":"Friday","name":"Good Friday","type":"Gazetted"},{"month":"April","date":12,"day":"Sunday","name":"Easter Day","type":"Restricted"},{"month":"April","date":13,"day":"Monday","name":"Vaisakhi","type":"Restricted"},{"month":"April","date":14,"day":"Tuesday","name":"Mesadi/Vaisakhadi","type":"Restricted"},{"month":"April","date":14,"day":"Tuesday","name":"Ambedkar Jayanti","type":"Central"},{"month":"May","date":1,"day":"Friday","name":"May Day","type":"Observance"},{"month":"May","date":7,"day":"Thursday","name":"Buddha Purnima/Vesak","type":"Gazetted"},{"month":"May","date":7,"day":"Thursday","name":"Birthday of Ravindranath","type":"Restricted"},{"month":"May","date":10,"day":"Sunday","name":"Mother's Day","type":"Observance"},{"month":"May","date":22,"day":"Friday","name":"Jamat Ul-Vida","type":"Restricted"},{"month":"May","date":25,"day":"Monday","name":"Ramzan Id/Eid-ul-Fitar","type":"Gazetted"},{"month":"May","date":25,"day":"Monday","name":"Ramzan Id/Eid-ul-Fitar","type":"Muslim,"},{"month":"June","date":21,"day":"Sunday","name":"June Solstice","type":"Season"},{"month":"June","date":21,"day":"Sunday","name":"Father's Day","type":"Observance"},{"month":"June","date":23,"day":"Tuesday","name":"Rath Yatra","type":"Restricted"},{"month":"July","date":5,"day":"Sunday","name":"Guru Purnima","type":"Observance"},{"month":"July","date":31,"day":"Friday","name":"Bakr Id/Eid ul-Adha","type":"Gazetted"},{"month":"August","date":2,"day":"Sunday","name":"Friendship Day","type":"Observance"},{"month":"August","date":3,"day":"Monday","name":"Raksha Bandhan (Rakhi)","type":"Restricted"},{"month":"August","date":11,"day":"Tuesday","name":"Janmashtami (Smarta)","type":"Restricted"},{"month":"August","date":12,"day":"Wednesday","name":"Janmashtami","type":"Gazetted"},{"month":"August","date":15,"day":"Saturday","name":"Independence Day","type":"Gazetted"},{"month":"August","date":16,"day":"Sunday","name":"Parsi New Year","type":"Restricted"},{"month":"August","date":22,"day":"Saturday","name":"Ganesh Chaturthi/Vin
08-04 13:55:47.529 26384 26384 V Response: [{"month":"January","date":1,"day":"Wednesday","name":"New Year's Day","type":"Restricted"},{"month":"January","date":2,"day":"Thursday","name":"Guru Govind Singh Jayanti","type":"Restricted"},{"month":"January","date":14,"day":"Tuesday","name":"Lohri","type":"Restricted"},{"month":"January","date":15,"day":"Wednesday","name":"Pongal","type":"Restricted"},{"month":"January","date":15,"day":"Wednesday","name":"Makar Sankranti","type":"Restricted"},{"month":"January","date":25,"day":"Saturday","name":"Chinese New Year","type":"Observance"},{"month":"January","date":26,"day":"Sunday","name":"Republic Day","type":"Gazetted"},{"month":"January","date":30,"day":"Thursday","name":"Vasant Panchami","type":"Restricted"},{"month":"February","date":9,"day":"Sunday","name":"Guru Ravidas Jayanti","type":"Restricted"},{"month":"February","date":14,"day":"Friday","name":"Valentine's Day","type":"Observance"},{"month":"February","date":18,"day":"Tuesday","name":"Maharishi Dayanand Saraswati Jayanti","type":"Restricted"},{"month":"February","date":19,"day":"Wednesday","name":"Shivaji Jayanti","type":"Restricted"},{"month":"February","date":21,"day":"Friday","name":"Maha Shivaratri/Shivaratri","type":"Gazetted"},{"month":"March","date":9,"day":"Monday","name":"Holika Dahana","type":"Restricted"},{"month":"March","date":9,"day":"Monday","name":"Hazarat Ali's Birthday","type":"Restricted"},{"month":"March","date":10,"day":"Tuesday","name":"Holi","type":"Gazetted"},{"month":"March","date":20,"day":"Friday","name":"March Equinox","type":"Season"},{"month":"March","date":25,"day":"Wednesday","name":"Chaitra Sukhladi","type":"Restricted"},{"month":"April","date":2,"day":"Thursday","name":"Rama Navami","type":"Gazetted"},{"month":"April","date":6,"day":"Monday","name":"Mahavir Jayanti","type":"Gazetted"},{"month":"April","date":9,"day":"Thursday","name":"First day of Passover","type":"Observance"},{"month":"April","date":9,"day":"Thursday","name":"Maundy Thursday","type":"Observance,"},{"month":"April","date":10,"day":"Friday","name":"Good Friday","type":"Gazetted"},{"month":"April","date":12,"day":"Sunday","name":"Easter Day","type":"Restricted"},{"month":"April","date":13,"day":"Monday","name":"Vaisakhi","type":"Restricted"},{"month":"April","date":14,"day":"Tuesday","name":"Mesadi/Vaisakhadi","type":"Restricted"},{"month":"April","date":14,"day":"Tuesday","name":"Ambedkar Jayanti","type":"Central"},{"month":"May","date":1,"day":"Friday","name":"May Day","type":"Observance"},{"month":"May","date":7,"day":"Thursday","name":"Buddha Purnima/Vesak","type":"Gazetted"},{"month":"May","date":7,"day":"Thursday","name":"Birthday of Ravindranath","type":"Restricted"},{"month":"May","date":10,"day":"Sunday","name":"Mother's Day","type":"Observance"},{"month":"May","date":22,"day":"Friday","name":"Jamat Ul-Vida","type":"Restricted"},{"month":"May","date":25,"day":"Monday","name":"Ramzan Id/Eid-ul-Fitar","type":"Gazetted"},{"month":"May","date":25,"day":"Monday","name":"Ramzan Id/Eid-ul-Fitar","type":"Muslim,"},{"month":"June","date":21,"day":"Sunday","name":"June Solstice","type":"Season"},{"month":"June","date":21,"day":"Sunday","name":"Father's Day","type":"Observance"},{"month":"June","date":23,"day":"Tuesday","name":"Rath Yatra","type":"Restricted"},{"month":"July","date":5,"day":"Sunday","name":"Guru Purnima","type":"Observance"},{"month":"July","date":31,"day":"Friday","name":"Bakr Id/Eid ul-Adha","type":"Gazetted"},{"month":"August","date":2,"day":"Sunday","name":"Friendship Day","type":"Observance"},{"month":"August","date":3,"day":"Monday","name":"Raksha Bandhan (Rakhi)","type":"Restricted"},{"month":"August","date":11,"day":"Tuesday","name":"Janmashtami (Smarta)","type":"Restricted"},{"month":"August","date":12,"day":"Wednesday","name":"Janmashtami","type":"Gazetted"},{"month":"August","date":15,"day":"Saturday","name":"Independence Day","type":"Gazetted"},{"month":"August","date":16,"day":"Sunday","name":"Parsi New Year","type":"Restricted"},{"month":"August","date":22,"day":"Saturday","name":"Ganesh Chaturthi/Vin
08-04 13:55:47.561 26384 26888 I art     : Explicit concurrent mark sweep GC freed 6030(235KB) AllocSpace objects, 0(0B) LOS objects, 10% free, 140MB/156MB, paused 2.121ms total 52.248ms
08-04 13:55:47.582 26384 26888 I art     : Starting a blocking GC Explicit
08-04 13:55:47.636 26384 26888 I art     : Explicit concurrent mark sweep GC freed 3261(139KB) AllocSpace objects, 0(0B) LOS objects, 10% free, 140MB/156MB, paused 1.633ms total 53.810ms
08-04 13:55:47.909 26337 26337 I ServiceManager: Waiting for service AtCmdFwd...
08-04 13:55:48.061 26384 26395 I art     : Starting a blocking GC Explicit
08-04 13:55:48.125 26384 26395 I art     : Explicit concurrent mark sweep GC freed 2592(114KB) AllocSpace objects, 3(4MB) LOS objects, 10% free, 136MB/152MB, paused 1.734ms total 63.618ms
08-04 13:55:48.150 26384 26395 I art     : Starting a blocking GC Explicit
08-04 13:55:48.210 26384 26395 I art     : Explicit concurrent mark sweep GC freed 151(3KB) AllocSpace objects, 0(0B) LOS objects, 10% free, 136MB/152MB, paused 1.692ms total 59.275ms
08-04 13:55:48.234 26384 26395 I art     : Starting a blocking GC Explicit
08-04 13:55:48.294 26384 26395 I art     : Explicit concurrent mark sweep GC freed 123(2096B) AllocSpace objects, 0(0B) LOS objects, 10% free, 136MB/152MB, paused 1.712ms total 59.946ms
08-04 13:55:48.318 26384 26395 I art     : Starting a blocking GC Explicit
08-04 13:55:48.378 26384 26395 I art     : Explicit concurrent mark sweep GC freed 123(2096B) AllocSpace objects, 0(0B) LOS objects, 10% free, 136MB/152MB, paused 1.787ms total 60.103ms
08-04 13:55:48.402 26384 26395 I art     : Starting a blocking GC Explicit
08-04 13:55:48.464 26384 26395 I art     : Explicit concurrent mark sweep GC freed 153(2896B) AllocSpace objects, 0(0B) LOS objects, 10% free, 136MB/152MB, paused 1.699ms total 61.029ms
08-04 13:55:48.901 26384 26396 I art     : Starting a blocking GC Explicit
08-04 13:55:48.910 26337 26337 I ServiceManager: Waiting for service AtCmdFwd...
08-04 13:55:48.963 26384 26396 I art     : Explicit concurrent mark sweep GC freed 2315(104KB) AllocSpace objects, 2(36KB) LOS objects, 10% free, 136MB/152MB, paused 1.714ms total 61.141ms
08-04 13:55:48.988 26384 26396 I art     : Starting a blocking GC Explicit
08-04 13:55:49.049 26384 26396 I art     : Explicit concurrent mark sweep GC freed 166(3KB) AllocSpace objects, 0(0B) LOS objects, 10% free, 136MB/152MB, paused 1.957ms total 61.234ms
08-04 13:55:49.073 26384 26396 I art     : Starting a blocking GC Explicit
08-04 13:55:49.133 26384 26396 I art     : Explicit concurrent mark sweep GC freed 123(2096B) AllocSpace objects, 0(0B) LOS objects, 10% free, 136MB/152MB, paused 1.683ms total 59.540ms
08-04 13:55:49.156 26384 26396 I art     : Starting a blocking GC Explicit
08-04 13:55:49.218 26384 26396 I art     : Explicit concurrent mark sweep GC freed 123(2096B) AllocSpace objects, 0(0B) LOS objects, 10% free, 136MB/152MB, paused 1.765ms total 60.772ms
08-04 13:55:49.242 26384 26396 I art     : Starting a blocking GC Explicit
08-04 13:55:49.303 26384 26396 I art     : Explicit concurrent mark sweep GC freed 127(2160B) AllocSpace objects, 0(0B) LOS objects, 10% free, 136MB/152MB, paused 1.927ms total 60.792ms
08-04 13:55:49.577   518   646 I ThermalEngine: ACTION: GPU - Setting GPU[0] to 450000000
08-04 13:55:49.720 26384 26888 I art     : Starting a blocking GC Explicit
08-04 13:55:49.774 26384 26888 I art     : Explicit concurrent mark sweep GC freed 2305(104KB) AllocSpace objects, 2(36KB) LOS objects, 10% free, 136MB/152MB, paused 1.171ms total 52.961ms
08-04 13:55:49.792 26384 26888 I art     : Starting a blocking GC Explicit
08-04 13:55:49.843 26384 26888 I art     : Explicit concurrent mark sweep GC freed 125(2656B) AllocSpace objects, 0(0B) LOS objects, 10% free, 136MB/152MB, paused 1.083ms total 50.819ms
08-04 13:55:49.861 26384 26888 I art     : Starting a blocking GC Explicit
08-04 13:55:49.911 26337 26337 W Atfwd_Sendcmd: AtCmdFwd service not published, waiting... retryCnt : 1
08-04 13:55:49.915 26384 26888 I art     : Explicit concurrent mark sweep GC freed 99(1696B) AllocSpace objects, 0(0B) LOS objects, 10% free, 136MB/152MB, paused 1.178ms total 53.412ms
08-04 13:55:49.933 26384 26888 I art     : Starting a blocking GC Explicit
08-04 13:55:49.987 26384 26888 I art     : Explicit concurrent mark sweep GC freed 99(1696B) AllocSpace objects, 0(0B) LOS objects, 10% free, 136MB/152MB, paused 1.972ms total 53.213ms
08-04 13:55:50.005 26384 26888 I art     : Starting a blocking GC Explicit
08-04 13:55:50.057 26384 26888 I art     : Explicit concurrent mark sweep GC freed 121(2064B) AllocSpace objects, 0(0B) LOS objects, 10% free, 136MB/152MB, paused 1.479ms total 52.287ms
08-04 13:55:50.500 26384 26402 I art     : Starting a blocking GC Explicit
08-04 13:55:50.575 26384 26402 I art     : Explicit concurrent mark sweep GC freed 2372(105KB) AllocSpace objects, 2(36KB) LOS objects, 10% free, 136MB/152MB, paused 1.165ms total 74.365ms
08-04 13:55:50.597 26384 26402 I art     : Starting a blocking GC Explicit
08-04 13:55:50.643 26384 26402 I art     : Explicit concurrent mark sweep GC freed 134(3KB) AllocSpace objects, 0(0B) LOS objects, 10% free, 136MB/152MB, paused 1.094ms total 46.304ms
08-04 13:55:50.661 26384 26402 I art     : Starting a blocking GC Explicit
08-04 13:55:50.711 26384 26402 I art     : Explicit concurrent mark sweep GC freed 99(1696B) AllocSpace objects, 0(0B) LOS objects, 10% free, 136MB/152MB, paused 1.088ms total 49.946ms
08-04 13:55:50.729 26384 26402 I art     : Starting a blocking GC Explicit
08-04 13:55:50.780 26384 26402 I art     : Explicit concurrent mark sweep GC freed 99(1696B) AllocSpace objects, 0(0B) LOS objects, 10% free, 136MB/152MB, paused 1.167ms total 50.788ms
08-04 13:55:50.798 26384 26402 I art     : Starting a blocking GC Explicit
08-04 13:55:50.848 26384 26402 I art     : Explicit concurrent mark sweep GC freed 99(1696B) AllocSpace objects, 0(0B) LOS objects, 10% free, 136MB/152MB, paused 1.131ms total 49.993ms
08-04 13:55:51.243 26384 26395 I art     : Starting a blocking GC Explicit
08-04 13:55:51.291 26384 26395 I art     : Explicit concurrent mark sweep GC freed 2233(102KB) AllocSpace objects, 2(36KB) LOS objects, 10% free, 136MB/152MB, paused 1.126ms total 47.082ms
08-04 13:55:51.309 26384 26395 I art     : Starting a blocking GC Explicit
08-04 13:55:51.358 26384 26395 I art     : Explicit concurrent mark sweep GC freed 133(3KB) AllocSpace objects, 0(0B) LOS objects, 10% free, 136MB/152MB, paused 1.275ms total 49.278ms
08-04 13:55:51.377 26384 26395 I art     : Starting a blocking GC Explicit
08-04 13:55:51.428 26384 26395 I art     : Explicit concurrent mark sweep GC freed 114(2160B) AllocSpace objects, 0(0B) LOS objects, 10% free, 136MB/152MB, paused 1.224ms total 50.846ms
08-04 13:55:51.446 26384 26395 I art     : Starting a blocking GC Explicit
08-04 13:55:51.497 26384 26395 I art     : Explicit concurrent mark sweep GC freed 130(2528B) AllocSpace objects, 0(0B) LOS objects, 10% free, 136MB/152MB, paused 1.205ms total 50.456ms
08-04 13:55:51.515 26384 26395 I art     : Starting a blocking GC Explicit
08-04 13:55:51.565 26384 26395 I art     : Explicit concurrent mark sweep GC freed 99(1696B) AllocSpace objects, 0(0B) LOS objects, 10% free, 136MB/152MB, paused 1.219ms total 50.410ms
08-04 13:55:51.573 28181 28181 D AndroidRuntime: >>>>>> START com.android.internal.os.RuntimeInit uid 2000 <<<<<<
08-04 13:55:51.580 28181 28181 D AndroidRuntime: CheckJNI is OFF
08-04 13:55:51.623 28181 28181 D ICU     : No timezone override file found: /data/misc/zoneinfo/current/icu/icu_tzdata.dat
08-04 13:55:51.667 28181 28181 I Radio-JNI: register_android_hardware_Radio DONE
08-04 13:55:51.696 28181 28181 D AndroidRuntime: Calling main entry com.android.commands.input.Input
08-04 13:55:51.698 28181 28181 I Input   : injectKeyEvent: KeyEvent { action=ACTION_DOWN, keyCode=KEYCODE_BACK, scanCode=0, metaState=0, flags=0x0, repeatCount=0, eventTime=712568111, downTime=712568111, deviceId=-1, source=0x101 }
08-04 13:55:51.706 28181 28181 I Input   : injectKeyEvent: KeyEvent { action=ACTION_UP, keyCode=KEYCODE_BACK, scanCode=0, metaState=0, flags=0x0, repeatCount=0, eventTime=712568111, downTime=712568111, deviceId=-1, source=0x101 }
08-04 13:55:51.714 28181 28181 D AndroidRuntime: Shutting down VM
08-04 13:55:51.725 26384 26384 V MainActivity: url = https://project-travel-mate.herokuapp.com/api/number-of-unread-notifications
08-04 13:55:51.754 13866 13866 I GoogleInputMethodServic: GoogleInputMethodService.onFinishInput():3138 
08-04 13:55:51.754 13866 13866 I GoogleInputMethodServic: GoogleInputMethodService.onStartInput():1808 
08-04 13:55:51.947 26384 26888 I art     : Starting a blocking GC Explicit
08-04 13:55:52.003 26384 26888 I art     : Explicit concurrent mark sweep GC freed 2573(122KB) AllocSpace objects, 2(36KB) LOS objects, 10% free, 136MB/152MB, paused 1.179ms total 55.556ms
08-04 13:55:52.026 26384 26888 I art     : Starting a blocking GC Explicit
08-04 13:55:52.080 26384 26888 I art     : Explicit concurrent mark sweep GC freed 209(5KB) AllocSpace objects, 0(0B) LOS objects, 10% free, 136MB/152MB, paused 1.143ms total 53.845ms
08-04 13:55:52.086   380   380 W SurfaceFlinger: couldn't log to binary event log: overflow.
08-04 13:55:52.099 26384 26888 I art     : Starting a blocking GC Explicit
08-04 13:55:52.145 26384 26888 I art     : Explicit concurrent mark sweep GC freed 51(1504B) AllocSpace objects, 1(188KB) LOS objects, 10% free, 136MB/152MB, paused 1.166ms total 45.067ms
08-04 13:55:52.162 26384 26888 I art     : Starting a blocking GC Explicit
08-04 13:55:52.207 26384 26888 I art     : Explicit concurrent mark sweep GC freed 6623(360KB) AllocSpace objects, 13(264KB) LOS objects, 10% free, 135MB/151MB, paused 1.128ms total 45.137ms
08-04 13:55:52.224 26384 26888 I art     : Starting a blocking GC Explicit
08-04 13:55:52.271 26384 26888 I art     : Explicit concurrent mark sweep GC freed 7(288B) AllocSpace objects, 0(0B) LOS objects, 10% free, 135MB/151MB, paused 1.195ms total 46.648ms
08-04 13:55:52.526   918 13198 D NetlinkSocketObserver: NeighborEvent{elapsedMs=1695956401, 192.168.2.254, [7C3953A63323], RTM_NEWNEIGH, NUD_STALE}
08-04 13:55:52.592 26384 28204 I NAPPA_EXPERIMENTATION: MetricNetworkRequestExecutionTime: REQUEST_DURATION_SYSTEM='866',REQUEST_DURATION_OKHTTP='33',REQUEST_SYNCHRONOUS='FALSE',RESPONSE_CODE='200',RESPONSE_METHOD='GET',RESPONSE_LENGTH_OKHTTP='36',RESPONSE_LENGTH_HEADER='36',REQUEST_PROTOCOL='http/1.1',REQUEST_URL='https://project-travel-mate.herokuapp.com/api/number-of-unread-notifications',
08-04 13:55:52.668 26384 26402 I art     : Starting a blocking GC Explicit
08-04 13:55:52.726 26384 26402 I art     : Explicit concurrent mark sweep GC freed 4422(241KB) AllocSpace objects, 5(236KB) LOS objects, 10% free, 135MB/151MB, paused 1.166ms total 57.792ms
08-04 13:55:52.747 26384 26402 I art     : Starting a blocking GC Explicit
08-04 13:55:52.794 26384 26402 I art     : Explicit concurrent mark sweep GC freed 962(117KB) AllocSpace objects, 0(0B) LOS objects, 10% free, 135MB/151MB, paused 1.151ms total 47.093ms
08-04 13:55:52.812 26384 26402 I art     : Starting a blocking GC Explicit
08-04 13:55:52.859 26384 26402 I art     : Explicit concurrent mark sweep GC freed 3(96B) AllocSpace objects, 0(0B) LOS objects, 10% free, 135MB/151MB, paused 1.161ms total 46.522ms
08-04 13:55:52.877 26384 26402 I art     : Starting a blocking GC Explicit
08-04 13:55:52.924 26384 26402 I art     : Explicit concurrent mark sweep GC freed 3(96B) AllocSpace objects, 0(0B) LOS objects, 10% free, 135MB/151MB, paused 1.147ms total 47.302ms
08-04 13:55:52.945 26384 26402 I art     : Starting a blocking GC Explicit
08-04 13:55:52.990 26384 26402 I art     : Explicit concurrent mark sweep GC freed 3(96B) AllocSpace objects, 0(0B) LOS objects, 10% free, 135MB/151MB, paused 1.189ms total 45.338ms
08-04 13:55:53.104   918  3188 I hubconnection: sensorhub said: 'set_bias 3: -5.1456, 0.0000, 0.0000'
08-04 13:55:53.387 26384 26396 I art     : Starting a blocking GC Explicit
08-04 13:55:53.429 26384 26396 I art     : Explicit concurrent mark sweep GC freed 1598(92KB) AllocSpace objects, 2(36KB) LOS objects, 10% free, 135MB/151MB, paused 1.120ms total 41.491ms
08-04 13:55:53.447 26384 26396 I art     : Starting a blocking GC Explicit
08-04 13:55:53.482 28224 28224 D AndroidRuntime: >>>>>> START com.android.internal.os.RuntimeInit uid 2000 <<<<<<
08-04 13:55:53.487 28224 28224 D AndroidRuntime: CheckJNI is OFF
08-04 13:55:53.491 26384 26396 I art     : Explicit concurrent mark sweep GC freed 71(2464B) AllocSpace objects, 0(0B) LOS objects, 10% free, 135MB/151MB, paused 1.245ms total 42.942ms
08-04 13:55:53.508 26384 26396 I art     : Starting a blocking GC Explicit
08-04 13:55:53.527 28224 28224 D ICU     : No timezone override file found: /data/misc/zoneinfo/current/icu/icu_tzdata.dat
08-04 13:55:53.549 26384 26396 I art     : Explicit concurrent mark sweep GC freed 7(224B) AllocSpace objects, 0(0B) LOS objects, 10% free, 135MB/151MB, paused 1.113ms total 40.574ms
08-04 13:55:53.565 28224 28224 I Radio-JNI: register_android_hardware_Radio DONE
08-04 13:55:53.567 26384 26396 I art     : Starting a blocking GC Explicit
08-04 13:55:53.592 28224 28224 D AndroidRuntime: Calling main entry com.android.commands.input.Input
08-04 13:55:53.596 28224 28224 I Input   : injectMotionEvent: MotionEvent { action=ACTION_DOWN, actionButton=0, id[0]=0, x[0]=657.0, y[0]=2080.0, toolType[0]=TOOL_TYPE_UNKNOWN, buttonState=0, metaState=0, flags=0x0, edgeFlags=0x0, pointerCount=1, historySize=0, eventTime=712570009, downTime=712570009, deviceId=0, source=0x1002 }
08-04 13:55:53.611 26384 26396 I art     : Explicit concurrent mark sweep GC freed 5(160B) AllocSpace objects, 0(0B) LOS objects, 10% free, 135MB/151MB, paused 1.355ms total 43.307ms
08-04 13:55:53.617 28224 28224 I Input   : injectMotionEvent: MotionEvent { action=ACTION_UP, actionButton=0, id[0]=0, x[0]=657.0, y[0]=2080.0, toolType[0]=TOOL_TYPE_UNKNOWN, buttonState=0, metaState=0, flags=0x0, edgeFlags=0x0, pointerCount=1, historySize=0, eventTime=712570009, downTime=712570009, deviceId=0, source=0x1002 }
08-04 13:55:53.628 26384 26396 I art     : Starting a blocking GC Explicit
08-04 13:55:53.656 28224 28224 D AndroidRuntime: Shutting down VM
08-04 13:55:53.670 26384 26396 I art     : Explicit concurrent mark sweep GC freed 6(192B) AllocSpace objects, 0(0B) LOS objects, 10% free, 135MB/151MB, paused 1.138ms total 41.303ms
08-04 13:55:53.693   918   929 I ActivityManager: START u0 {cmp=baseline.io.github.project_travel_mate/.utilities.UpcomingWeekendsActivity} from uid 10650 on display 0
08-04 13:55:53.696   512  2967 D audio_hw_primary: out_set_parameters: enter: usecase(1: low-latency-playback) kvpairs: routing=2
08-04 13:55:53.709   512  2967 D audio_hw_primary: select_devices: out_snd_device(2: speaker) in_snd_device(0: none)
08-04 13:55:53.709   512  2967 D msm8974_platform: platform_send_audio_calibration: sending audio calibration for snd_device(2) acdb_id(15)
08-04 13:55:53.709   512  2967 I soundtrigger: audio_extn_sound_trigger_update_device_status: device 0x2 of type 0 for Event 1
08-04 13:55:53.718   512  2967 D audio_hw_primary: enable_snd_device: snd_device(2: speaker)
08-04 13:55:53.719 26384 26462 D Gabe    : call	returning from cache
08-04 13:55:53.720   512  2967 D audio_hw_primary: enable_audio_route: apply and update mixer path: low-latency-playback speaker
08-04 13:55:53.721 26384 26384 V EXECUTING: https://project-travel-mate.herokuapp.com/api/get-upcoming-holidays/2020
08-04 13:55:53.724 26384 26384 V EXECUTING: https://project-travel-mate.herokuapp.com/api/get-upcoming-holidays/2020
08-04 13:55:53.801 13866 13866 I GoogleInputMethodServic: GoogleInputMethodService.onFinishInput():3138 
08-04 13:55:53.801 13866 13866 I GoogleInputMethodServic: GoogleInputMethodService.onStartInput():1808 
08-04 13:55:53.899   918   936 I ActivityManager: Displayed baseline.io.github.project_travel_mate/.utilities.UpcomingWeekendsActivity: +198ms
08-04 13:55:54.047 26384 26888 I art     : Starting a blocking GC Explicit
08-04 13:55:54.094 26384 26888 I art     : Explicit concurrent mark sweep GC freed 3506(192KB) AllocSpace objects, 2(36KB) LOS objects, 10% free, 140MB/156MB, paused 1.286ms total 46.328ms
08-04 13:55:54.111 26384 26888 I art     : Starting a blocking GC Explicit
08-04 13:55:54.155   380   380 W SurfaceFlinger: couldn't log to binary event log: overflow.
08-04 13:55:54.159 26384 26888 I art     : Explicit concurrent mark sweep GC freed 343(13KB) AllocSpace objects, 0(0B) LOS objects, 10% free, 140MB/156MB, paused 1.218ms total 47.432ms
08-04 13:55:54.177 26384 26888 I art     : Starting a blocking GC Explicit
08-04 13:55:54.222 26384 26888 I art     : Explicit concurrent mark sweep GC freed 5213(265KB) AllocSpace objects, 4(240KB) LOS objects, 10% free, 140MB/156MB, paused 1.380ms total 44.936ms
08-04 13:55:54.239 26384 26888 I art     : Starting a blocking GC Explicit
08-04 13:55:54.250 26384 28249 I NAPPA_EXPERIMENTATION: MetricNetworkRequestExecutionTime: REQUEST_DURATION_SYSTEM='526',REQUEST_DURATION_OKHTTP='46',REQUEST_SYNCHRONOUS='FALSE',RESPONSE_CODE='200',RESPONSE_METHOD='GET',RESPONSE_LENGTH_OKHTTP='6426',RESPONSE_LENGTH_HEADER='6426',REQUEST_PROTOCOL='http/1.1',REQUEST_URL='https://project-travel-mate.herokuapp.com/api/get-upcoming-holidays/2020',
08-04 13:55:54.257 26384 28248 I NAPPA_EXPERIMENTATION: MetricNetworkRequestExecutionTime: REQUEST_DURATION_SYSTEM='535',REQUEST_DURATION_OKHTTP='53',REQUEST_SYNCHRONOUS='FALSE',RESPONSE_CODE='200',RESPONSE_METHOD='GET',RESPONSE_LENGTH_OKHTTP='6426',RESPONSE_LENGTH_HEADER='6426',REQUEST_PROTOCOL='http/1.1',REQUEST_URL='https://project-travel-mate.herokuapp.com/api/get-upcoming-holidays/2020',
08-04 13:55:54.261   512  2967 D audio_hw_primary: disable_audio_route: reset and update mixer path: low-latency-playback speaker
08-04 13:55:54.262   512  2967 D audio_hw_primary: disable_snd_device: snd_device(2: speaker)
08-04 13:55:54.269   512  2967 I soundtrigger: audio_extn_sound_trigger_update_device_status: device 0x2 of type 0 for Event 0
08-04 13:55:54.287 26384 26888 I art     : Explicit concurrent mark sweep GC freed 2228(254KB) AllocSpace objects, 5(208KB) LOS objects, 10% free, 140MB/156MB, paused 1.290ms total 47.131ms
08-04 13:55:54.304 26384 26888 I art     : Starting a blocking GC Explicit
08-04 13:55:54.348 26384 26888 I art     : Explicit concurrent mark sweep GC freed 108(5KB) AllocSpace objects, 0(0B) LOS objects, 10% free, 140MB/156MB, paused 1.401ms total 43.780ms
08-04 13:55:54.369 26384 26384 V Response: [{"month":"January","date":1,"day":"Wednesday","name":"New Year's Day","type":"Restricted"},{"month":"January","date":2,"day":"Thursday","name":"Guru Govind Singh Jayanti","type":"Restricted"},{"month":"January","date":14,"day":"Tuesday","name":"Lohri","type":"Restricted"},{"month":"January","date":15,"day":"Wednesday","name":"Pongal","type":"Restricted"},{"month":"January","date":15,"day":"Wednesday","name":"Makar Sankranti","type":"Restricted"},{"month":"January","date":25,"day":"Saturday","name":"Chinese New Year","type":"Observance"},{"month":"January","date":26,"day":"Sunday","name":"Republic Day","type":"Gazetted"},{"month":"January","date":30,"day":"Thursday","name":"Vasant Panchami","type":"Restricted"},{"month":"February","date":9,"day":"Sunday","name":"Guru Ravidas Jayanti","type":"Restricted"},{"month":"February","date":14,"day":"Friday","name":"Valentine's Day","type":"Observance"},{"month":"February","date":18,"day":"Tuesday","name":"Maharishi Dayanand Saraswati Jayanti","type":"Restricted"},{"month":"February","date":19,"day":"Wednesday","name":"Shivaji Jayanti","type":"Restricted"},{"month":"February","date":21,"day":"Friday","name":"Maha Shivaratri/Shivaratri","type":"Gazetted"},{"month":"March","date":9,"day":"Monday","name":"Holika Dahana","type":"Restricted"},{"month":"March","date":9,"day":"Monday","name":"Hazarat Ali's Birthday","type":"Restricted"},{"month":"March","date":10,"day":"Tuesday","name":"Holi","type":"Gazetted"},{"month":"March","date":20,"day":"Friday","name":"March Equinox","type":"Season"},{"month":"March","date":25,"day":"Wednesday","name":"Chaitra Sukhladi","type":"Restricted"},{"month":"April","date":2,"day":"Thursday","name":"Rama Navami","type":"Gazetted"},{"month":"April","date":6,"day":"Monday","name":"Mahavir Jayanti","type":"Gazetted"},{"month":"April","date":9,"day":"Thursday","name":"First day of Passover","type":"Observance"},{"month":"April","date":9,"day":"Thursday","name":"Maundy Thursday","type":"Observance,"},{"month":"April","date":10,"day":"Friday","name":"Good Friday","type":"Gazetted"},{"month":"April","date":12,"day":"Sunday","name":"Easter Day","type":"Restricted"},{"month":"April","date":13,"day":"Monday","name":"Vaisakhi","type":"Restricted"},{"month":"April","date":14,"day":"Tuesday","name":"Mesadi/Vaisakhadi","type":"Restricted"},{"month":"April","date":14,"day":"Tuesday","name":"Ambedkar Jayanti","type":"Central"},{"month":"May","date":1,"day":"Friday","name":"May Day","type":"Observance"},{"month":"May","date":7,"day":"Thursday","name":"Buddha Purnima/Vesak","type":"Gazetted"},{"month":"May","date":7,"day":"Thursday","name":"Birthday of Ravindranath","type":"Restricted"},{"month":"May","date":10,"day":"Sunday","name":"Mother's Day","type":"Observance"},{"month":"May","date":22,"day":"Friday","name":"Jamat Ul-Vida","type":"Restricted"},{"month":"May","date":25,"day":"Monday","name":"Ramzan Id/Eid-ul-Fitar","type":"Gazetted"},{"month":"May","date":25,"day":"Monday","name":"Ramzan Id/Eid-ul-Fitar","type":"Muslim,"},{"month":"June","date":21,"day":"Sunday","name":"June Solstice","type":"Season"},{"month":"June","date":21,"day":"Sunday","name":"Father's Day","type":"Observance"},{"month":"June","date":23,"day":"Tuesday","name":"Rath Yatra","type":"Restricted"},{"month":"July","date":5,"day":"Sunday","name":"Guru Purnima","type":"Observance"},{"month":"July","date":31,"day":"Friday","name":"Bakr Id/Eid ul-Adha","type":"Gazetted"},{"month":"August","date":2,"day":"Sunday","name":"Friendship Day","type":"Observance"},{"month":"August","date":3,"day":"Monday","name":"Raksha Bandhan (Rakhi)","type":"Restricted"},{"month":"August","date":11,"day":"Tuesday","name":"Janmashtami (Smarta)","type":"Restricted"},{"month":"August","date":12,"day":"Wednesday","name":"Janmashtami","type":"Gazetted"},{"month":"August","date":15,"day":"Saturday","name":"Independence Day","type":"Gazetted"},{"month":"August","date":16,"day":"Sunday","name":"Parsi New Year","type":"Restricted"},{"month":"August","date":22,"day":"Saturday","name":"Ganesh Chaturthi/Vin
08-04 13:55:54.373 26384 26384 V Response: [{"month":"January","date":1,"day":"Wednesday","name":"New Year's Day","type":"Restricted"},{"month":"January","date":2,"day":"Thursday","name":"Guru Govind Singh Jayanti","type":"Restricted"},{"month":"January","date":14,"day":"Tuesday","name":"Lohri","type":"Restricted"},{"month":"January","date":15,"day":"Wednesday","name":"Pongal","type":"Restricted"},{"month":"January","date":15,"day":"Wednesday","name":"Makar Sankranti","type":"Restricted"},{"month":"January","date":25,"day":"Saturday","name":"Chinese New Year","type":"Observance"},{"month":"January","date":26,"day":"Sunday","name":"Republic Day","type":"Gazetted"},{"month":"January","date":30,"day":"Thursday","name":"Vasant Panchami","type":"Restricted"},{"month":"February","date":9,"day":"Sunday","name":"Guru Ravidas Jayanti","type":"Restricted"},{"month":"February","date":14,"day":"Friday","name":"Valentine's Day","type":"Observance"},{"month":"February","date":18,"day":"Tuesday","name":"Maharishi Dayanand Saraswati Jayanti","type":"Restricted"},{"month":"February","date":19,"day":"Wednesday","name":"Shivaji Jayanti","type":"Restricted"},{"month":"February","date":21,"day":"Friday","name":"Maha Shivaratri/Shivaratri","type":"Gazetted"},{"month":"March","date":9,"day":"Monday","name":"Holika Dahana","type":"Restricted"},{"month":"March","date":9,"day":"Monday","name":"Hazarat Ali's Birthday","type":"Restricted"},{"month":"March","date":10,"day":"Tuesday","name":"Holi","type":"Gazetted"},{"month":"March","date":20,"day":"Friday","name":"March Equinox","type":"Season"},{"month":"March","date":25,"day":"Wednesday","name":"Chaitra Sukhladi","type":"Restricted"},{"month":"April","date":2,"day":"Thursday","name":"Rama Navami","type":"Gazetted"},{"month":"April","date":6,"day":"Monday","name":"Mahavir Jayanti","type":"Gazetted"},{"month":"April","date":9,"day":"Thursday","name":"First day of Passover","type":"Observance"},{"month":"April","date":9,"day":"Thursday","name":"Maundy Thursday","type":"Observance,"},{"month":"April","date":10,"day":"Friday","name":"Good Friday","type":"Gazetted"},{"month":"April","date":12,"day":"Sunday","name":"Easter Day","type":"Restricted"},{"month":"April","date":13,"day":"Monday","name":"Vaisakhi","type":"Restricted"},{"month":"April","date":14,"day":"Tuesday","name":"Mesadi/Vaisakhadi","type":"Restricted"},{"month":"April","date":14,"day":"Tuesday","name":"Ambedkar Jayanti","type":"Central"},{"month":"May","date":1,"day":"Friday","name":"May Day","type":"Observance"},{"month":"May","date":7,"day":"Thursday","name":"Buddha Purnima/Vesak","type":"Gazetted"},{"month":"May","date":7,"day":"Thursday","name":"Birthday of Ravindranath","type":"Restricted"},{"month":"May","date":10,"day":"Sunday","name":"Mother's Day","type":"Observance"},{"month":"May","date":22,"day":"Friday","name":"Jamat Ul-Vida","type":"Restricted"},{"month":"May","date":25,"day":"Monday","name":"Ramzan Id/Eid-ul-Fitar","type":"Gazetted"},{"month":"May","date":25,"day":"Monday","name":"Ramzan Id/Eid-ul-Fitar","type":"Muslim,"},{"month":"June","date":21,"day":"Sunday","name":"June Solstice","type":"Season"},{"month":"June","date":21,"day":"Sunday","name":"Father's Day","type":"Observance"},{"month":"June","date":23,"day":"Tuesday","name":"Rath Yatra","type":"Restricted"},{"month":"July","date":5,"day":"Sunday","name":"Guru Purnima","type":"Observance"},{"month":"July","date":31,"day":"Friday","name":"Bakr Id/Eid ul-Adha","type":"Gazetted"},{"month":"August","date":2,"day":"Sunday","name":"Friendship Day","type":"Observance"},{"month":"August","date":3,"day":"Monday","name":"Raksha Bandhan (Rakhi)","type":"Restricted"},{"month":"August","date":11,"day":"Tuesday","name":"Janmashtami (Smarta)","type":"Restricted"},{"month":"August","date":12,"day":"Wednesday","name":"Janmashtami","type":"Gazetted"},{"month":"August","date":15,"day":"Saturday","name":"Independence Day","type":"Gazetted"},{"month":"August","date":16,"day":"Sunday","name":"Parsi New Year","type":"Restricted"},{"month":"August","date":22,"day":"Saturday","name":"Ganesh Chaturthi/Vin
08-04 13:55:54.736 26384 26395 I art     : Starting a blocking GC Explicit
08-04 13:55:54.790 26384 26395 I art     : Explicit concurrent mark sweep GC freed 11357(436KB) AllocSpace objects, 3(4MB) LOS objects, 10% free, 136MB/152MB, paused 1.234ms total 54.110ms
08-04 13:55:54.790 26384 26394 I art     : WaitForGcToComplete blocked for 15.967ms for cause HeapTrim
08-04 13:55:54.809 26384 26395 I art     : Starting a blocking GC Explicit
08-04 13:55:54.859 26384 26395 I art     : Explicit concurrent mark sweep GC freed 401(14KB) AllocSpace objects, 0(0B) LOS objects, 10% free, 136MB/152MB, paused 1.335ms total 49.748ms
08-04 13:55:54.878 26384 26395 I art     : Starting a blocking GC Explicit
08-04 13:55:54.912 26337 26337 I ServiceManager: Waiting for service AtCmdFwd...
08-04 13:55:54.927 26384 26395 I art     : Explicit concurrent mark sweep GC freed 115(2336B) AllocSpace objects, 0(0B) LOS objects, 10% free, 136MB/152MB, paused 1.296ms total 49.021ms
08-04 13:55:54.945 26384 26395 I art     : Starting a blocking GC Explicit
08-04 13:55:54.996 26384 26395 I art     : Explicit concurrent mark sweep GC freed 122(2704B) AllocSpace objects, 0(0B) LOS objects, 10% free, 136MB/152MB, paused 1.149ms total 50.214ms
08-04 13:55:55.014 26384 26395 I art     : Starting a blocking GC Explicit
08-04 13:55:55.065 26384 26395 I art     : Explicit concurrent mark sweep GC freed 99(1696B) AllocSpace objects, 0(0B) LOS objects, 10% free, 136MB/152MB, paused 1.200ms total 50.552ms
08-04 13:55:55.481 26384 26888 I art     : Starting a blocking GC Explicit
08-04 13:55:55.537 26384 26888 I art     : Explicit concurrent mark sweep GC freed 2285(103KB) AllocSpace objects, 2(36KB) LOS objects, 10% free, 136MB/152MB, paused 1.276ms total 55.395ms
08-04 13:55:55.558 26384 26888 I art     : Starting a blocking GC Explicit
08-04 13:55:55.609 26384 26888 I art     : Explicit concurrent mark sweep GC freed 123(2592B) AllocSpace objects, 0(0B) LOS objects, 10% free, 136MB/152MB, paused 1.272ms total 50.862ms
08-04 13:55:55.627 26384 26888 I art     : Starting a blocking GC Explicit
08-04 13:55:55.680 26384 26888 I art     : Explicit concurrent mark sweep GC freed 123(2096B) AllocSpace objects, 0(0B) LOS objects, 10% free, 136MB/152MB, paused 1.254ms total 52.688ms
08-04 13:55:55.699 26384 26888 I art     : Starting a blocking GC Explicit
08-04 13:55:55.750 26384 26888 I art     : Explicit concurrent mark sweep GC freed 100(1728B) AllocSpace objects, 0(0B) LOS objects, 10% free, 136MB/152MB, paused 1.247ms total 50.965ms
08-04 13:55:55.769 26384 26888 I art     : Starting a blocking GC Explicit
08-04 13:55:55.823 26384 26888 I art     : Explicit concurrent mark sweep GC freed 99(1696B) AllocSpace objects, 0(0B) LOS objects, 10% free, 136MB/152MB, paused 1.099ms total 54.466ms
08-04 13:55:55.912 26337 26337 I ServiceManager: Waiting for service AtCmdFwd...
08-04 13:55:56.257 26384 26396 I art     : Starting a blocking GC Explicit
08-04 13:55:56.315 26384 26396 I art     : Explicit concurrent mark sweep GC freed 2312(104KB) AllocSpace objects, 2(36KB) LOS objects, 10% free, 136MB/152MB, paused 1.275ms total 57.063ms
08-04 13:55:56.335 26384 26396 I art     : Starting a blocking GC Explicit
08-04 13:55:56.385 26384 26396 I art     : Explicit concurrent mark sweep GC freed 136(3KB) AllocSpace objects, 0(0B) LOS objects, 10% free, 136MB/152MB, paused 1.230ms total 49.472ms
08-04 13:55:56.403 26384 26396 I art     : Starting a blocking GC Explicit
08-04 13:55:56.456 26384 26396 I art     : Explicit concurrent mark sweep GC freed 129(2496B) AllocSpace objects, 0(0B) LOS objects, 10% free, 136MB/152MB, paused 1.248ms total 52.378ms
08-04 13:55:56.474 26384 26396 I art     : Starting a blocking GC Explicit
08-04 13:55:56.527 26384 26396 I art     : Explicit concurrent mark sweep GC freed 104(1792B) AllocSpace objects, 0(0B) LOS objects, 10% free, 136MB/152MB, paused 1.262ms total 52.563ms
08-04 13:55:56.545 26384 26396 I art     : Starting a blocking GC Explicit
08-04 13:55:56.599 26384 26396 I art     : Explicit concurrent mark sweep GC freed 118(2000B) AllocSpace objects, 0(0B) LOS objects, 10% free, 136MB/152MB, paused 1.176ms total 53.745ms
08-04 13:55:56.913 26337 26337 I ServiceManager: Waiting for service AtCmdFwd...
08-04 13:55:57.041 26384 26402 I art     : Starting a blocking GC Explicit
08-04 13:55:57.097 26384 26402 I art     : Explicit concurrent mark sweep GC freed 2292(103KB) AllocSpace objects, 2(36KB) LOS objects, 10% free, 136MB/152MB, paused 1.410ms total 55.811ms
08-04 13:55:57.117 26384 26402 I art     : Starting a blocking GC Explicit
08-04 13:55:57.169 26384 26402 I art     : Explicit concurrent mark sweep GC freed 136(2832B) AllocSpace objects, 0(0B) LOS objects, 10% free, 136MB/152MB, paused 1.212ms total 51.868ms
08-04 13:55:57.187 26384 26402 I art     : Starting a blocking GC Explicit
08-04 13:55:57.238 26384 26402 I art     : Explicit concurrent mark sweep GC freed 99(1696B) AllocSpace objects, 0(0B) LOS objects, 10% free, 136MB/152MB, paused 1.295ms total 51.170ms
08-04 13:55:57.256 26384 26402 I art     : Starting a blocking GC Explicit
08-04 13:55:57.311 26384 26402 I art     : Explicit concurrent mark sweep GC freed 99(1696B) AllocSpace objects, 0(0B) LOS objects, 10% free, 136MB/152MB, paused 1.230ms total 53.906ms
08-04 13:55:57.331 26384 26402 I art     : Starting a blocking GC Explicit
08-04 13:55:57.382 26384 26402 I art     : Explicit concurrent mark sweep GC freed 122(2064B) AllocSpace objects, 0(0B) LOS objects, 10% free, 136MB/152MB, paused 1.184ms total 50.722ms
08-04 13:55:57.797 26384 26395 I art     : Starting a blocking GC Explicit
08-04 13:55:57.852 26384 26395 I art     : Explicit concurrent mark sweep GC freed 2299(104KB) AllocSpace objects, 2(36KB) LOS objects, 10% free, 136MB/152MB, paused 1.358ms total 54.244ms
08-04 13:55:57.871 26384 26395 I art     : Starting a blocking GC Explicit
08-04 13:55:57.913 26337 26337 I ServiceManager: Waiting for service AtCmdFwd...
08-04 13:55:57.923 26384 26395 I art     : Explicit concurrent mark sweep GC freed 150(3KB) AllocSpace objects, 0(0B) LOS objects, 10% free, 136MB/152MB, paused 1.221ms total 51.454ms
08-04 13:55:57.941 26384 26395 I art     : Starting a blocking GC Explicit
08-04 13:55:57.988 26384 26395 I art     : Explicit concurrent mark sweep GC freed 109(2240B) AllocSpace objects, 0(0B) LOS objects, 10% free, 136MB/152MB, paused 1.261ms total 47.078ms
08-04 13:55:58.006 26384 26395 I art     : Starting a blocking GC Explicit
08-04 13:55:58.054 26384 26395 I art     : Explicit concurrent mark sweep GC freed 99(1696B) AllocSpace objects, 0(0B) LOS objects, 10% free, 136MB/152MB, paused 1.209ms total 47.357ms
08-04 13:55:58.072 26384 26395 I art     : Starting a blocking GC Explicit
08-04 13:55:58.124 26384 26395 I art     : Explicit concurrent mark sweep GC freed 99(1696B) AllocSpace objects, 0(0B) LOS objects, 10% free, 136MB/152MB, paused 1.250ms total 51.607ms
08-04 13:55:58.431 28312 28312 D AndroidRuntime: >>>>>> START com.android.internal.os.RuntimeInit uid 2000 <<<<<<
08-04 13:55:58.438 28312 28312 D AndroidRuntime: CheckJNI is OFF
08-04 13:55:58.484 28312 28312 D ICU     : No timezone override file found: /data/misc/zoneinfo/current/icu/icu_tzdata.dat
08-04 13:55:58.526 26384 26888 I art     : Starting a blocking GC Explicit
08-04 13:55:58.531 28312 28312 I Radio-JNI: register_android_hardware_Radio DONE
08-04 13:55:58.561 28312 28312 D AndroidRuntime: Calling main entry com.android.commands.input.Input
08-04 13:55:58.563 28312 28312 I Input   : injectKeyEvent: KeyEvent { action=ACTION_DOWN, keyCode=KEYCODE_BACK, scanCode=0, metaState=0, flags=0x0, repeatCount=0, eventTime=712574976, downTime=712574976, deviceId=-1, source=0x101 }
08-04 13:55:58.569 28312 28312 I Input   : injectKeyEvent: KeyEvent { action=ACTION_UP, keyCode=KEYCODE_BACK, scanCode=0, metaState=0, flags=0x0, repeatCount=0, eventTime=712574976, downTime=712574976, deviceId=-1, source=0x101 }
08-04 13:55:58.576 28312 28312 D AndroidRuntime: Shutting down VM
08-04 13:55:58.578 26384 26888 I art     : Explicit concurrent mark sweep GC freed 2275(104KB) AllocSpace objects, 2(36KB) LOS objects, 10% free, 136MB/152MB, paused 1.247ms total 51.156ms
08-04 13:55:58.593   518   646 I ThermalEngine: ACTION: GPU - Setting GPU[0] to 510000000
08-04 13:55:58.594 26384 26384 V MainActivity: url = https://project-travel-mate.herokuapp.com/api/number-of-unread-notifications
08-04 13:55:58.597 26384 26888 I art     : Starting a blocking GC Explicit
08-04 13:55:58.626 13866 13866 I GoogleInputMethodServic: GoogleInputMethodService.onFinishInput():3138 
08-04 13:55:58.627 13866 13866 I GoogleInputMethodServic: GoogleInputMethodService.onStartInput():1808 
08-04 13:55:58.641 26384 26888 I art     : Explicit concurrent mark sweep GC freed 437(15KB) AllocSpace objects, 0(0B) LOS objects, 10% free, 136MB/152MB, paused 1.116ms total 43.621ms
08-04 13:55:58.657 26384 26888 I art     : Starting a blocking GC Explicit
08-04 13:55:58.693 26384 26888 I art     : Explicit concurrent mark sweep GC freed 164(7KB) AllocSpace objects, 0(0B) LOS objects, 10% free, 136MB/152MB, paused 1.154ms total 35.995ms
08-04 13:55:58.707 26384 26888 I art     : Starting a blocking GC Explicit
08-04 13:55:58.741 26384 26888 I art     : Explicit concurrent mark sweep GC freed 116(3KB) AllocSpace objects, 0(0B) LOS objects, 10% free, 136MB/152MB, paused 949us total 33.498ms
08-04 13:55:58.754 26384 26888 I art     : Starting a blocking GC Explicit
08-04 13:55:58.790 26384 26888 I art     : Explicit concurrent mark sweep GC freed 79(1408B) AllocSpace objects, 0(0B) LOS objects, 10% free, 136MB/152MB, paused 990us total 35.963ms
08-04 13:55:58.914 26337 26337 I ServiceManager: Waiting for service AtCmdFwd...
08-04 13:55:58.960   380   380 W SurfaceFlinger: couldn't log to binary event log: overflow.
08-04 13:55:59.097 26384 26395 I art     : Starting a blocking GC Explicit
08-04 13:55:59.140 26384 26395 I art     : Explicit concurrent mark sweep GC freed 1889(98KB) AllocSpace objects, 3(224KB) LOS objects, 10% free, 136MB/152MB, paused 1.061ms total 41.940ms
08-04 13:55:59.153 26384 26395 I art     : Starting a blocking GC Explicit
08-04 13:55:59.192 26384 26395 I art     : Explicit concurrent mark sweep GC freed 6650(361KB) AllocSpace objects, 13(264KB) LOS objects, 10% free, 135MB/151MB, paused 937us total 38.088ms
08-04 13:55:59.205 26384 26395 I art     : Starting a blocking GC Explicit
08-04 13:55:59.244 26384 26395 I art     : Explicit concurrent mark sweep GC freed 19(944B) AllocSpace objects, 0(0B) LOS objects, 10% free, 135MB/151MB, paused 1.027ms total 38.699ms
08-04 13:55:59.258 26384 26395 I art     : Starting a blocking GC Explicit
08-04 13:55:59.297 26384 26395 I art     : Explicit concurrent mark sweep GC freed 13(640B) AllocSpace objects, 0(0B) LOS objects, 10% free, 135MB/151MB, paused 936us total 39.723ms
08-04 13:55:59.311 26384 26395 I art     : Starting a blocking GC Explicit
08-04 13:55:59.352 26384 26395 I art     : Explicit concurrent mark sweep GC freed 3(96B) AllocSpace objects, 0(0B) LOS objects, 10% free, 135MB/151MB, paused 989us total 39.842ms
08-04 13:55:59.455 26384 28335 I NAPPA_EXPERIMENTATION: MetricNetworkRequestExecutionTime: REQUEST_DURATION_SYSTEM='860',REQUEST_DURATION_OKHTTP='33',REQUEST_SYNCHRONOUS='FALSE',RESPONSE_CODE='200',RESPONSE_METHOD='GET',RESPONSE_LENGTH_OKHTTP='36',RESPONSE_LENGTH_HEADER='36',REQUEST_PROTOCOL='http/1.1',REQUEST_URL='https://project-travel-mate.herokuapp.com/api/number-of-unread-notifications',
08-04 13:55:59.697 26384 26402 I art     : Starting a blocking GC Explicit
08-04 13:55:59.753 26384 26402 I art     : Explicit concurrent mark sweep GC freed 4422(241KB) AllocSpace objects, 5(236KB) LOS objects, 10% free, 136MB/152MB, paused 1.107ms total 55.189ms
08-04 13:55:59.769 26384 26402 I art     : Starting a blocking GC Explicit
08-04 13:55:59.810 26384 26402 I art     : Explicit concurrent mark sweep GC freed 962(117KB) AllocSpace objects, 0(0B) LOS objects, 10% free, 136MB/152MB, paused 953us total 40.049ms
08-04 13:55:59.824 26384 26402 I art     : Starting a blocking GC Explicit
08-04 13:55:59.860 26384 26402 I art     : Explicit concurrent mark sweep GC freed 3(96B) AllocSpace objects, 0(0B) LOS objects, 10% free, 136MB/152MB, paused 906us total 36.305ms
08-04 13:55:59.873 26384 26402 I art     : Starting a blocking GC Explicit
08-04 13:55:59.911 26384 26402 I art     : Explicit concurrent mark sweep GC freed 3(96B) AllocSpace objects, 0(0B) LOS objects, 10% free, 136MB/152MB, paused 931us total 37.119ms
08-04 13:55:59.914 26337 26337 W Atfwd_Sendcmd: AtCmdFwd service not published, waiting... retryCnt : 2
08-04 13:55:59.924 26384 26402 I art     : Starting a blocking GC Explicit
08-04 13:55:59.961 26384 26402 I art     : Explicit concurrent mark sweep GC freed 3(96B) AllocSpace objects, 0(0B) LOS objects, 10% free, 136MB/152MB, paused 922us total 37.030ms
08-04 13:56:00.215 28358 28358 D AndroidRuntime: >>>>>> START com.android.internal.os.RuntimeInit uid 2000 <<<<<<
08-04 13:56:00.220 28358 28358 D AndroidRuntime: CheckJNI is OFF
08-04 13:56:00.258 28358 28358 D ICU     : No timezone override file found: /data/misc/zoneinfo/current/icu/icu_tzdata.dat
08-04 13:56:00.290 28358 28358 I Radio-JNI: register_android_hardware_Radio DONE
08-04 13:56:00.309 26384 26395 I art     : Starting a blocking GC Explicit
08-04 13:56:00.311 28358 28358 D AndroidRuntime: Calling main entry com.android.commands.input.Input
08-04 13:56:00.313 28358 28358 I Input   : injectMotionEvent: MotionEvent { action=ACTION_DOWN, actionButton=0, id[0]=0, x[0]=117.0, y[0]=170.0, toolType[0]=TOOL_TYPE_UNKNOWN, buttonState=0, metaState=0, flags=0x0, edgeFlags=0x0, pointerCount=1, historySize=0, eventTime=712576726, downTime=712576726, deviceId=0, source=0x1002 }
08-04 13:56:00.323 28358 28358 I Input   : injectMotionEvent: MotionEvent { action=ACTION_UP, actionButton=0, id[0]=0, x[0]=117.0, y[0]=170.0, toolType[0]=TOOL_TYPE_UNKNOWN, buttonState=0, metaState=0, flags=0x0, edgeFlags=0x0, pointerCount=1, historySize=0, eventTime=712576726, downTime=712576726, deviceId=0, source=0x1002 }
08-04 13:56:00.345 26384 26395 I art     : Explicit concurrent mark sweep GC freed 1590(92KB) AllocSpace objects, 2(36KB) LOS objects, 10% free, 136MB/152MB, paused 1.157ms total 35.339ms
08-04 13:56:00.354 28358 28358 D AndroidRuntime: Shutting down VM
08-04 13:56:00.359 26384 26395 I art     : Starting a blocking GC Explicit
08-04 13:56:00.385   512  2967 D audio_hw_primary: out_set_parameters: enter: usecase(1: low-latency-playback) kvpairs: routing=2
08-04 13:56:00.394 26384 26395 I art     : Explicit concurrent mark sweep GC freed 55(1888B) AllocSpace objects, 0(0B) LOS objects, 10% free, 136MB/152MB, paused 887us total 34.626ms
08-04 13:56:00.398   512  2967 D audio_hw_primary: select_devices: out_snd_device(2: speaker) in_snd_device(0: none)
08-04 13:56:00.398   512  2967 D msm8974_platform: platform_send_audio_calibration: sending audio calibration for snd_device(2) acdb_id(15)
08-04 13:56:00.398   512  2967 I soundtrigger: audio_extn_sound_trigger_update_device_status: device 0x2 of type 0 for Event 1
08-04 13:56:00.408 26384 26395 I art     : Starting a blocking GC Explicit
08-04 13:56:00.415   512  2967 D audio_hw_primary: enable_snd_device: snd_device(2: speaker)
08-04 13:56:00.418   512  2967 D audio_hw_primary: enable_audio_route: apply and update mixer path: low-latency-playback speaker
08-04 13:56:00.443 26384 26395 I art     : Explicit concurrent mark sweep GC freed 56(2176B) AllocSpace objects, 0(0B) LOS objects, 10% free, 136MB/152MB, paused 1.145ms total 35.024ms
08-04 13:56:00.457 26384 26395 I art     : Starting a blocking GC Explicit
08-04 13:56:00.492 26384 26395 I art     : Explicit concurrent mark sweep GC freed 354(17KB) AllocSpace objects, 0(0B) LOS objects, 10% free, 136MB/152MB, paused 990us total 35.399ms
08-04 13:56:00.506 26384 26395 I art     : Starting a blocking GC Explicit
08-04 13:56:00.544 26384 26395 I art     : Explicit concurrent mark sweep GC freed 95(4KB) AllocSpace objects, 0(0B) LOS objects, 10% free, 136MB/152MB, paused 1.014ms total 38.118ms
08-04 13:56:00.865 26384 26888 I art     : Starting a blocking GC Explicit
08-04 13:56:00.868 24365  7398 I NetworkScheduler.Stats: Task com.google.android.apps.gcs/ started execution. cause:4 exec_start_elapsed_seconds: 1695964 [CONTEXT service_id=218 ]
08-04 13:56:00.869 26348 28393 W Gcs.WfaEliRefreshTask: [24114] afk.b: NULL eligibility response.
08-04 13:56:00.878 24365  7398 I NetworkScheduler.Stats: Task com.google.android.apps.gcs/ finished executing. cause:4 result: 3 elapsed_millis: 12 uptime_millis: 11 exec_start_elapsed_seconds: 1695964 [CONTEXT service_id=218 ]
08-04 13:56:00.898 26384 26888 I art     : Explicit concurrent mark sweep GC freed 1584(92KB) AllocSpace objects, 2(36KB) LOS objects, 10% free, 136MB/152MB, paused 988us total 32.865ms
08-04 13:56:00.913 26384 26888 I art     : Starting a blocking GC Explicit
08-04 13:56:00.940 24365  7397 I NetworkScheduler.Stats: Task com.google.android.gms/com.google.android.gms.clearcut.uploader.QosUploaderService started execution. cause:5 exec_start_elapsed_seconds: 1695964 [CONTEXT service_id=218 ]
08-04 13:56:00.946 26384 26888 I art     : Explicit concurrent mark sweep GC freed 51(2032B) AllocSpace objects, 0(0B) LOS objects, 10% free, 136MB/152MB, paused 1.050ms total 33.098ms
08-04 13:56:00.959   512  2967 D audio_hw_primary: disable_audio_route: reset and update mixer path: low-latency-playback speaker
08-04 13:56:00.960 26384 26888 I art     : Starting a blocking GC Explicit
08-04 13:56:00.960   512  2967 D audio_hw_primary: disable_snd_device: snd_device(2: speaker)
08-04 13:56:00.969   512  2967 I soundtrigger: audio_extn_sound_trigger_update_device_status: device 0x2 of type 0 for Event 0
08-04 13:56:00.970 24365  7397 I NetworkScheduler.Stats: Task com.google.android.gms/com.google.android.gms.clearcut.uploader.QosUploaderService finished executing. cause:5 result: 1 elapsed_millis: 60 uptime_millis: 60 exec_start_elapsed_seconds: 1695964 [CONTEXT service_id=218 ]
08-04 13:56:00.982 28381 28381 D AndroidRuntime: >>>>>> START com.android.internal.os.RuntimeInit uid 2000 <<<<<<
08-04 13:56:00.986 28381 28381 D AndroidRuntime: CheckJNI is OFF
08-04 13:56:00.992 26384 26888 I art     : Explicit concurrent mark sweep GC freed 13(640B) AllocSpace objects, 0(0B) LOS objects, 10% free, 136MB/152MB, paused 903us total 31.706ms
08-04 13:56:01.004 26384 26888 I art     : Starting a blocking GC Explicit
08-04 13:56:01.017 28381 28381 D ICU     : No timezone override file found: /data/misc/zoneinfo/current/icu/icu_tzdata.dat
08-04 13:56:01.037 26384 26888 I art     : Explicit concurrent mark sweep GC freed 3(96B) AllocSpace objects, 0(0B) LOS objects, 10% free, 136MB/152MB, paused 918us total 32.585ms
08-04 13:56:01.048 28381 28381 I Radio-JNI: register_android_hardware_Radio DONE
08-04 13:56:01.050 26384 26888 I art     : Starting a blocking GC Explicit
08-04 13:56:01.069 28381 28381 D AndroidRuntime: Calling main entry com.android.commands.input.Input
08-04 13:56:01.071 28381 28381 I Input   : injectMotionEvent: MotionEvent { action=ACTION_DOWN, actionButton=0, id[0]=0, x[0]=405.0, y[0]=661.0, toolType[0]=TOOL_TYPE_UNKNOWN, buttonState=0, metaState=0, flags=0x0, edgeFlags=0x0, pointerCount=1, historySize=0, eventTime=712577483, downTime=712577483, deviceId=0, source=0x1002 }
08-04 13:56:01.074 28381 28381 I Input   : injectMotionEvent: MotionEvent { action=ACTION_UP, actionButton=0, id[0]=0, x[0]=405.0, y[0]=661.0, toolType[0]=TOOL_TYPE_UNKNOWN, buttonState=0, metaState=0, flags=0x0, edgeFlags=0x0, pointerCount=1, historySize=0, eventTime=712577483, downTime=712577483, deviceId=0, source=0x1002 }
08-04 13:56:01.075 28381 28381 D AndroidRuntime: Shutting down VM
08-04 13:56:01.084 26384 26888 I art     : Explicit concurrent mark sweep GC freed 11(352B) AllocSpace objects, 0(0B) LOS objects, 10% free, 136MB/152MB, paused 1.305ms total 33.929ms
08-04 13:56:01.085   512  2967 D audio_hw_primary: out_set_parameters: enter: usecase(1: low-latency-playback) kvpairs: routing=2
08-04 13:56:01.098   512  2967 D audio_hw_primary: select_devices: out_snd_device(2: speaker) in_snd_device(0: none)
08-04 13:56:01.098   512  2967 D msm8974_platform: platform_send_audio_calibration: sending audio calibration for snd_device(2) acdb_id(15)
08-04 13:56:01.098   512  2967 I soundtrigger: audio_extn_sound_trigger_update_device_status: device 0x2 of type 0 for Event 1
08-04 13:56:01.107   512  2967 D audio_hw_primary: enable_snd_device: snd_device(2: speaker)
08-04 13:56:01.109   512  2967 D audio_hw_primary: enable_audio_route: apply and update mixer path: low-latency-playback speaker
08-04 13:56:01.154   512  2967 D AudioFlinger: mixer(0xf4740000) throttle end: throttle time(12)
08-04 13:56:01.395 26384 26402 I art     : Starting a blocking GC Explicit
08-04 13:56:01.434 26384 26402 I art     : Explicit concurrent mark sweep GC freed 89(28KB) AllocSpace objects, 0(0B) LOS objects, 8% free, 182MB/198MB, paused 1.143ms total 38.517ms
08-04 13:56:01.448 26384 26402 I art     : Starting a blocking GC Explicit
08-04 13:56:01.486 26384 26402 I art     : Explicit concurrent mark sweep GC freed 787(37KB) AllocSpace objects, 0(0B) LOS objects, 8% free, 183MB/199MB, paused 1.302ms total 37.730ms
08-04 13:56:01.499 26384 26402 I art     : Starting a blocking GC Explicit
08-04 13:56:01.536 26384 26402 I art     : Explicit concurrent mark sweep GC freed 955(41KB) AllocSpace objects, 0(0B) LOS objects, 8% free, 183MB/199MB, paused 973us total 36.767ms
08-04 13:56:01.549 26384 26402 I art     : Starting a blocking GC Explicit
08-04 13:56:01.584 26384 26402 I art     : Explicit concurrent mark sweep GC freed 704(43KB) AllocSpace objects, 0(0B) LOS objects, 8% free, 183MB/199MB, paused 1.015ms total 34.587ms
08-04 13:56:01.597 26384 26402 I art     : Starting a blocking GC Explicit
08-04 13:56:01.599   518   646 I ThermalEngine: ACTION: GPU - Setting GPU[0] to 450000000
08-04 13:56:01.642 26384 26402 I art     : Explicit concurrent mark sweep GC freed 67(1824B) AllocSpace objects, 9(252KB) LOS objects, 8% free, 182MB/198MB, paused 1.158ms total 44.387ms
08-04 13:56:01.650   512  2967 D audio_hw_primary: disable_audio_route: reset and update mixer path: low-latency-playback speaker
08-04 13:56:01.650   512  2967 D audio_hw_primary: disable_snd_device: snd_device(2: speaker)
08-04 13:56:01.658   512  2967 I soundtrigger: audio_extn_sound_trigger_update_device_status: device 0x2 of type 0 for Event 0
08-04 13:56:02.043 26384 26888 I art     : Starting a blocking GC Explicit
08-04 13:56:02.114 26384 26888 I art     : Explicit concurrent mark sweep GC freed 1582(91KB) AllocSpace objects, 2(36KB) LOS objects, 8% free, 182MB/198MB, paused 1.413ms total 70.908ms
08-04 13:56:02.140 26384 26888 I art     : Starting a blocking GC Explicit
08-04 13:56:02.190 26384 26888 I art     : Explicit concurrent mark sweep GC freed 28(1024B) AllocSpace objects, 0(0B) LOS objects, 8% free, 182MB/198MB, paused 1.230ms total 50.013ms
08-04 13:56:02.208 26384 26888 I art     : Starting a blocking GC Explicit
08-04 13:56:02.257 26384 26888 I art     : Explicit concurrent mark sweep GC freed 15(752B) AllocSpace objects, 0(0B) LOS objects, 8% free, 182MB/198MB, paused 1.232ms total 48.853ms
08-04 13:56:02.275 26384 26888 I art     : Starting a blocking GC Explicit
08-04 13:56:02.327 26384 26888 I art     : Explicit concurrent mark sweep GC freed 25(1232B) AllocSpace objects, 0(0B) LOS objects, 8% free, 182MB/198MB, paused 1.184ms total 51.323ms
08-04 13:56:02.348 26384 26888 I art     : Starting a blocking GC Explicit
08-04 13:56:02.397 26384 26888 I art     : Explicit concurrent mark sweep GC freed 13(608B) AllocSpace objects, 0(0B) LOS objects, 8% free, 182MB/198MB, paused 1.172ms total 48.769ms
08-04 13:56:02.803 26384 26396 I art     : Starting a blocking GC Explicit
08-04 13:56:02.851 26384 26396 I art     : Explicit concurrent mark sweep GC freed 1640(93KB) AllocSpace objects, 2(36KB) LOS objects, 8% free, 182MB/198MB, paused 1.146ms total 47.426ms
08-04 13:56:02.868 26384 26396 I art     : Starting a blocking GC Explicit
08-04 13:56:02.912 26384 26396 I art     : Explicit concurrent mark sweep GC freed 42(1456B) AllocSpace objects, 0(0B) LOS objects, 8% free, 182MB/198MB, paused 1.070ms total 43.400ms
08-04 13:56:02.929 26384 26396 I art     : Starting a blocking GC Explicit
08-04 13:56:02.973 26384 26396 I art     : Explicit concurrent mark sweep GC freed 3(96B) AllocSpace objects, 0(0B) LOS objects, 8% free, 182MB/198MB, paused 1.088ms total 43.549ms
08-04 13:56:02.990 26384 26396 I art     : Starting a blocking GC Explicit
08-04 13:56:03.034 26384 26396 I art     : Explicit concurrent mark sweep GC freed 3(96B) AllocSpace objects, 0(0B) LOS objects, 8% free, 182MB/198MB, paused 1.049ms total 43.266ms
08-04 13:56:03.051 26384 26396 I art     : Starting a blocking GC Explicit
08-04 13:56:03.096 26384 26396 I art     : Explicit concurrent mark sweep GC freed 3(96B) AllocSpace objects, 0(0B) LOS objects, 8% free, 182MB/198MB, paused 1.064ms total 44.562ms
08-04 13:56:03.100   918  3261 D WifiStateMachine: starting scan for "H369AA63323"WPA_PSK with 2412,5180
08-04 13:56:03.508 26384 26395 I art     : Starting a blocking GC Explicit
08-04 13:56:03.569 26384 26395 I art     : Explicit concurrent mark sweep GC freed 1613(92KB) AllocSpace objects, 2(36KB) LOS objects, 8% free, 182MB/198MB, paused 1.484ms total 60.363ms
08-04 13:56:03.591 26384 26395 I art     : Starting a blocking GC Explicit
08-04 13:56:03.642 26384 26395 I art     : Explicit concurrent mark sweep GC freed 28(1024B) AllocSpace objects, 0(0B) LOS objects, 8% free, 182MB/198MB, paused 1.150ms total 50.194ms
08-04 13:56:03.660 26384 26395 I art     : Starting a blocking GC Explicit
08-04 13:56:03.712 26384 26395 I art     : Explicit concurrent mark sweep GC freed 3(96B) AllocSpace objects, 0(0B) LOS objects, 8% free, 182MB/198MB, paused 1.278ms total 52.311ms
08-04 13:56:03.731 26384 26395 I art     : Starting a blocking GC Explicit
08-04 13:56:03.781 26384 26395 I art     : Explicit concurrent mark sweep GC freed 3(96B) AllocSpace objects, 0(0B) LOS objects, 8% free, 182MB/198MB, paused 1.254ms total 50.313ms
08-04 13:56:03.799 26384 26395 I art     : Starting a blocking GC Explicit
08-04 13:56:03.851 26384 26395 I art     : Explicit concurrent mark sweep GC freed 3(96B) AllocSpace objects, 0(0B) LOS objects, 8% free, 182MB/198MB, paused 1.287ms total 51.652ms
08-04 13:56:03.892 28440 28440 D AndroidRuntime: >>>>>> START com.android.internal.os.RuntimeInit uid 2000 <<<<<<
08-04 13:56:03.898 28440 28440 D AndroidRuntime: CheckJNI is OFF
08-04 13:56:03.943 28440 28440 D ICU     : No timezone override file found: /data/misc/zoneinfo/current/icu/icu_tzdata.dat
08-04 13:56:03.991 28440 28440 I Radio-JNI: register_android_hardware_Radio DONE
08-04 13:56:04.021 28440 28440 D AndroidRuntime: Calling main entry com.android.commands.input.Input
08-04 13:56:04.024 28440 28440 I Input   : injectMotionEvent: MotionEvent { action=ACTION_DOWN, actionButton=0, id[0]=0, x[0]=1341.0, y[0]=197.0, toolType[0]=TOOL_TYPE_UNKNOWN, buttonState=0, metaState=0, flags=0x0, edgeFlags=0x0, pointerCount=1, historySize=0, eventTime=712580436, downTime=712580436, deviceId=0, source=0x1002 }
08-04 13:56:04.029 28440 28440 I Input   : injectMotionEvent: MotionEvent { action=ACTION_UP, actionButton=0, id[0]=0, x[0]=1341.0, y[0]=197.0, toolType[0]=TOOL_TYPE_UNKNOWN, buttonState=0, metaState=0, flags=0x0, edgeFlags=0x0, pointerCount=1, historySize=0, eventTime=712580436, downTime=712580436, deviceId=0, source=0x1002 }
08-04 13:56:04.032 28440 28440 D AndroidRuntime: Shutting down VM
08-04 13:56:04.053   512  2967 D audio_hw_primary: out_set_parameters: enter: usecase(1: low-latency-playback) kvpairs: routing=2
08-04 13:56:04.053   918  3359 I ActivityManager: START u0 {cmp=baseline.io.github.project_travel_mate/.notifications.NotificationsActivity} from uid 10650 on display 0
08-04 13:56:04.068   512  2967 D audio_hw_primary: select_devices: out_snd_device(2: speaker) in_snd_device(0: none)
08-04 13:56:04.068   512  2967 D msm8974_platform: platform_send_audio_calibration: sending audio calibration for snd_device(2) acdb_id(15)
08-04 13:56:04.068   512  2967 I soundtrigger: audio_extn_sound_trigger_update_device_status: device 0x2 of type 0 for Event 1
08-04 13:56:04.079   512  2967 D audio_hw_primary: enable_snd_device: snd_device(2: speaker)
08-04 13:56:04.081   512  2967 D audio_hw_primary: enable_audio_route: apply and update mixer path: low-latency-playback speaker
08-04 13:56:04.088 26384 26462 D Gabe    : call	returning from cache
08-04 13:56:04.093 26384 26384 V EXECUTING: https://project-travel-mate.herokuapp.com/api/get-notifications
08-04 13:56:04.102 26384 26384 V EXECUTING: https://project-travel-mate.herokuapp.com/api/get-notifications
08-04 13:56:04.256 26384 26888 I art     : Starting a blocking GC Explicit
08-04 13:56:04.279   918   936 I ActivityManager: Displayed baseline.io.github.project_travel_mate/.notifications.NotificationsActivity: +216ms
08-04 13:56:04.280 13866 13866 I GoogleInputMethodServic: GoogleInputMethodService.onFinishInput():3138 
08-04 13:56:04.280 13866 13866 I GoogleInputMethodServic: GoogleInputMethodService.onStartInput():1808 
08-04 13:56:04.306 26384 26888 I art     : Explicit concurrent mark sweep GC freed 3781(224KB) AllocSpace objects, 2(36KB) LOS objects, 7% free, 187MB/203MB, paused 1.896ms total 50.172ms
08-04 13:56:04.325 26384 26888 I art     : Starting a blocking GC Explicit
08-04 13:56:04.371 26384 26888 I art     : Explicit concurrent mark sweep GC freed 382(16KB) AllocSpace objects, 0(0B) LOS objects, 7% free, 187MB/203MB, paused 1.242ms total 46.620ms
08-04 13:56:04.373 26384 26399 D OpenGLRenderer: endAllStagingAnimators on 0x7f7962f000 (RippleDrawable) with handle 0x7f7c7ad200
08-04 13:56:04.390 26384 26888 I art     : Starting a blocking GC Explicit
08-04 13:56:04.438 26384 26888 I art     : Explicit concurrent mark sweep GC freed 64(1152B) AllocSpace objects, 0(0B) LOS objects, 7% free, 187MB/203MB, paused 1.831ms total 47.379ms
08-04 13:56:04.456 26384 26888 I art     : Starting a blocking GC Explicit
08-04 13:56:04.500 26384 26888 I art     : Explicit concurrent mark sweep GC freed 171(4KB) AllocSpace objects, 0(0B) LOS objects, 7% free, 187MB/203MB, paused 1.161ms total 43.331ms
08-04 13:56:04.518 26384 26888 I art     : Starting a blocking GC Explicit
08-04 13:56:04.533   380   380 W SurfaceFlinger: couldn't log to binary event log: overflow.
08-04 13:56:04.567 26384 26888 I art     : Explicit concurrent mark sweep GC freed 101(1760B) AllocSpace objects, 0(0B) LOS objects, 7% free, 187MB/203MB, paused 1.139ms total 48.187ms
08-04 13:56:04.619   512  2967 D audio_hw_primary: disable_audio_route: reset and update mixer path: low-latency-playback speaker
08-04 13:56:04.620   512  2967 D audio_hw_primary: disable_snd_device: snd_device(2: speaker)
08-04 13:56:04.629   512  2967 I soundtrigger: audio_extn_sound_trigger_update_device_status: device 0x2 of type 0 for Event 0
08-04 13:56:04.696 26384 28469 I NAPPA_EXPERIMENTATION: MetricNetworkRequestExecutionTime: REQUEST_DURATION_SYSTEM='593',REQUEST_DURATION_OKHTTP='44',REQUEST_SYNCHRONOUS='FALSE',RESPONSE_CODE='200',RESPONSE_METHOD='GET',RESPONSE_LENGTH_OKHTTP='2',RESPONSE_LENGTH_HEADER='2',REQUEST_PROTOCOL='http/1.1',REQUEST_URL='https://project-travel-mate.herokuapp.com/api/get-notifications',
08-04 13:56:04.702 26384 28468 I NAPPA_EXPERIMENTATION: MetricNetworkRequestExecutionTime: REQUEST_DURATION_SYSTEM='608',REQUEST_DURATION_OKHTTP='55',REQUEST_SYNCHRONOUS='FALSE',RESPONSE_CODE='200',RESPONSE_METHOD='GET',RESPONSE_LENGTH_OKHTTP='2',RESPONSE_LENGTH_HEADER='2',REQUEST_PROTOCOL='http/1.1',REQUEST_URL='https://project-travel-mate.herokuapp.com/api/get-notifications',
08-04 13:56:04.830 26384 26384 V Response: [] 
08-04 13:56:04.859 26384 26384 V Response: [] 
08-04 13:56:04.861 26384 26462 W LOTTIE  : Animation contains merge paths. Merge paths are only supported on KitKat+ and must be manually enabled by calling enableMergePathsForKitKatAndAbove().
08-04 13:56:04.870 26384 26462 W LOTTIE  : Animation contains merge paths. Merge paths are only supported on KitKat+ and must be manually enabled by calling enableMergePathsForKitKatAndAbove().
08-04 13:56:04.873 26384 26462 W LOTTIE  : Animation contains merge paths. Merge paths are only supported on KitKat+ and must be manually enabled by calling enableMergePathsForKitKatAndAbove().
08-04 13:56:04.875 26384 26462 W LOTTIE  : Animation contains merge paths. Merge paths are only supported on KitKat+ and must be manually enabled by calling enableMergePathsForKitKatAndAbove().
08-04 13:56:04.877 26384 26462 W LOTTIE  : Animation contains merge paths. Merge paths are only supported on KitKat+ and must be manually enabled by calling enableMergePathsForKitKatAndAbove().
08-04 13:56:04.880 26384 26462 W LOTTIE  : Animation contains merge paths. Merge paths are only supported on KitKat+ and must be manually enabled by calling enableMergePathsForKitKatAndAbove().
08-04 13:56:04.882 26384 26462 W LOTTIE  : Animation contains merge paths. Merge paths are only supported on KitKat+ and must be manually enabled by calling enableMergePathsForKitKatAndAbove().
08-04 13:56:04.883 26384 26384 W LOTTIE  : Animation contains merge paths but they are disabled.
08-04 13:56:04.938 26384 26395 I art     : Starting a blocking GC Explicit
08-04 13:56:04.991 26384 26395 I art     : Explicit concurrent mark sweep GC freed 17014(803KB) AllocSpace objects, 9(624KB) LOS objects, 7% free, 187MB/203MB, paused 1.587ms total 52.660ms
08-04 13:56:05.008 26384 26395 I art     : Starting a blocking GC Explicit
08-04 13:56:05.052 26384 26395 I art     : Explicit concurrent mark sweep GC freed 3786(305KB) AllocSpace objects, 0(0B) LOS objects, 7% free, 187MB/203MB, paused 1.455ms total 43.960ms
08-04 13:56:05.070 26384 26395 I art     : Starting a blocking GC Explicit
08-04 13:56:05.114 26384 26395 I art     : Explicit concurrent mark sweep GC freed 286(4KB) AllocSpace objects, 0(0B) LOS objects, 7% free, 187MB/203MB, paused 1.356ms total 44.176ms
08-04 13:56:05.132 26384 26395 I art     : Starting a blocking GC Explicit
08-04 13:56:05.177 26384 26395 I art     : Explicit concurrent mark sweep GC freed 370(8KB) AllocSpace objects, 0(0B) LOS objects, 7% free, 187MB/203MB, paused 1.414ms total 44.564ms
08-04 13:56:05.195 26384 26395 I art     : Starting a blocking GC Explicit
08-04 13:56:05.241 26384 26395 I art     : Explicit concurrent mark sweep GC freed 465(15KB) AllocSpace objects, 0(0B) LOS objects, 7% free, 187MB/203MB, paused 1.280ms total 45.220ms
08-04 13:56:05.634 26384 26395 I art     : Starting a blocking GC Explicit
08-04 13:56:05.682 26384 26395 I art     : Explicit concurrent mark sweep GC freed 3489(124KB) AllocSpace objects, 2(36KB) LOS objects, 7% free, 187MB/203MB, paused 1.193ms total 47.164ms
08-04 13:56:05.700 26384 26395 I art     : Starting a blocking GC Explicit
08-04 13:56:05.744 26384 26395 I art     : Explicit concurrent mark sweep GC freed 316(5KB) AllocSpace objects, 0(0B) LOS objects, 7% free, 187MB/203MB, paused 1.107ms total 43.850ms
08-04 13:56:05.761 26384 26395 I art     : Starting a blocking GC Explicit
08-04 13:56:05.805 26384 26395 I art     : Explicit concurrent mark sweep GC freed 248(4KB) AllocSpace objects, 0(0B) LOS objects, 7% free, 187MB/203MB, paused 1.396ms total 43.724ms
08-04 13:56:05.822 26384 26395 I art     : Starting a blocking GC Explicit
08-04 13:56:05.868 26384 26395 I art     : Explicit concurrent mark sweep GC freed 259(4KB) AllocSpace objects, 0(0B) LOS objects, 7% free, 187MB/203MB, paused 1.356ms total 45.389ms
08-04 13:56:05.885 26384 26395 I art     : Starting a blocking GC Explicit
08-04 13:56:05.930 26384 26395 I art     : Explicit concurrent mark sweep GC freed 295(4KB) AllocSpace objects, 0(0B) LOS objects, 7% free, 187MB/203MB, paused 1.101ms total 44.107ms
08-04 13:56:06.319 26384 26888 I art     : Starting a blocking GC Explicit
08-04 13:56:06.365 26384 26888 I art     : Explicit concurrent mark sweep GC freed 3408(121KB) AllocSpace objects, 2(36KB) LOS objects, 7% free, 187MB/203MB, paused 1.137ms total 45.807ms
08-04 13:56:06.383 26384 26888 I art     : Starting a blocking GC Explicit
08-04 13:56:06.428 26384 26888 I art     : Explicit concurrent mark sweep GC freed 247(4KB) AllocSpace objects, 0(0B) LOS objects, 7% free, 187MB/203MB, paused 1.480ms total 44.482ms
08-04 13:56:06.445 26384 26888 I art     : Starting a blocking GC Explicit
08-04 13:56:06.490 26384 26888 I art     : Explicit concurrent mark sweep GC freed 370(6KB) AllocSpace objects, 0(0B) LOS objects, 7% free, 187MB/203MB, paused 1.337ms total 44.329ms
08-04 13:56:06.507 26384 26888 I art     : Starting a blocking GC Explicit
08-04 13:56:06.550 26384 26888 I art     : Explicit concurrent mark sweep GC freed 218(3KB) AllocSpace objects, 0(0B) LOS objects, 7% free, 187MB/203MB, paused 1.168ms total 42.714ms
08-04 13:56:06.567 26384 26888 I art     : Starting a blocking GC Explicit
08-04 13:56:06.612 26384 26888 I art     : Explicit concurrent mark sweep GC freed 282(4KB) AllocSpace objects, 0(0B) LOS objects, 7% free, 187MB/203MB, paused 1.103ms total 44.444ms
08-04 13:56:06.995 26384 26395 I art     : Starting a blocking GC Explicit
08-04 13:56:07.041 26384 26395 I art     : Explicit concurrent mark sweep GC freed 3404(121KB) AllocSpace objects, 2(36KB) LOS objects, 7% free, 187MB/203MB, paused 1.419ms total 45.481ms
08-04 13:56:07.059 26384 26395 I art     : Starting a blocking GC Explicit
08-04 13:56:07.103 26384 26395 I art     : Explicit concurrent mark sweep GC freed 259(5KB) AllocSpace objects, 0(0B) LOS objects, 7% free, 187MB/203MB, paused 1.245ms total 44.407ms
08-04 13:56:07.121 26384 26395 I art     : Starting a blocking GC Explicit
08-04 13:56:07.164 26384 26395 I art     : Explicit concurrent mark sweep GC freed 283(4KB) AllocSpace objects, 0(0B) LOS objects, 7% free, 187MB/203MB, paused 1.106ms total 42.949ms
08-04 13:56:07.181 26384 26395 I art     : Starting a blocking GC Explicit
08-04 13:56:07.225 26384 26395 I art     : Explicit concurrent mark sweep GC freed 281(4KB) AllocSpace objects, 0(0B) LOS objects, 7% free, 187MB/203MB, paused 1.347ms total 43.520ms
08-04 13:56:07.242 26384 26395 I art     : Starting a blocking GC Explicit
08-04 13:56:07.287 26384 26395 I art     : Explicit concurrent mark sweep GC freed 219(3KB) AllocSpace objects, 0(0B) LOS objects, 7% free, 187MB/203MB, paused 1.085ms total 44.374ms
08-04 13:56:07.679 26384 26395 I art     : Starting a blocking GC Explicit
08-04 13:56:07.723 26384 26395 I art     : Explicit concurrent mark sweep GC freed 3451(122KB) AllocSpace objects, 2(36KB) LOS objects, 7% free, 187MB/203MB, paused 1.194ms total 43.995ms
08-04 13:56:07.740 26384 26395 I art     : Starting a blocking GC Explicit
08-04 13:56:07.785 26384 26395 I art     : Explicit concurrent mark sweep GC freed 313(5KB) AllocSpace objects, 0(0B) LOS objects, 7% free, 187MB/203MB, paused 1.090ms total 44.147ms
08-04 13:56:07.803 26384 26395 I art     : Starting a blocking GC Explicit
08-04 13:56:07.846 26384 26395 I art     : Explicit concurrent mark sweep GC freed 283(4KB) AllocSpace objects, 0(0B) LOS objects, 7% free, 187MB/203MB, paused 1.197ms total 43.168ms
08-04 13:56:07.863 26384 26395 I art     : Starting a blocking GC Explicit
08-04 13:56:07.905 26384 26395 I art     : Explicit concurrent mark sweep GC freed 222(3KB) AllocSpace objects, 0(0B) LOS objects, 7% free, 187MB/203MB, paused 1.232ms total 41.425ms
08-04 13:56:07.922 26384 26395 I art     : Starting a blocking GC Explicit
08-04 13:56:07.965 26384 26395 I art     : Explicit concurrent mark sweep GC freed 274(4KB) AllocSpace objects, 0(0B) LOS objects, 7% free, 187MB/203MB, paused 1.073ms total 42.508ms
08-04 13:56:08.363 26384 26888 I art     : Starting a blocking GC Explicit
08-04 13:56:08.407 26384 26888 I art     : Explicit concurrent mark sweep GC freed 3471(123KB) AllocSpace objects, 2(36KB) LOS objects, 7% free, 187MB/203MB, paused 1.303ms total 43.648ms
08-04 13:56:08.424 26384 26888 I art     : Starting a blocking GC Explicit
08-04 13:56:08.468 26384 26888 I art     : Explicit concurrent mark sweep GC freed 388(8KB) AllocSpace objects, 0(0B) LOS objects, 7% free, 187MB/203MB, paused 1.185ms total 44.012ms
08-04 13:56:08.485 26384 26888 I art     : Starting a blocking GC Explicit
08-04 13:56:08.529 26384 26888 I art     : Explicit concurrent mark sweep GC freed 442(14KB) AllocSpace objects, 0(0B) LOS objects, 7% free, 187MB/203MB, paused 1.326ms total 43.826ms
08-04 13:56:08.547 26384 26888 I art     : Starting a blocking GC Explicit
08-04 13:56:08.590 26384 26888 I art     : Explicit concurrent mark sweep GC freed 222(3KB) AllocSpace objects, 0(0B) LOS objects, 7% free, 187MB/203MB, paused 1.353ms total 43.598ms
08-04 13:56:08.608 26384 26888 I art     : Starting a blocking GC Explicit
08-04 13:56:08.615   518   646 I ThermalEngine: ACTION: GPU - Setting GPU[0] to 390000000
08-04 13:56:08.677 26384 26888 I art     : Explicit concurrent mark sweep GC freed 399(6KB) AllocSpace objects, 0(0B) LOS objects, 7% free, 187MB/203MB, paused 1.909ms total 68.496ms
08-04 13:56:08.839 28536 28536 D AndroidRuntime: >>>>>> START com.android.internal.os.RuntimeInit uid 2000 <<<<<<
08-04 13:56:08.844 28536 28536 D AndroidRuntime: CheckJNI is OFF
08-04 13:56:08.900 28536 28536 D ICU     : No timezone override file found: /data/misc/zoneinfo/current/icu/icu_tzdata.dat
08-04 13:56:08.951 28536 28536 I Radio-JNI: register_android_hardware_Radio DONE
08-04 13:56:08.984 28536 28536 D AndroidRuntime: Calling main entry com.android.commands.input.Input
08-04 13:56:08.986 28536 28536 I Input   : injectKeyEvent: KeyEvent { action=ACTION_DOWN, keyCode=KEYCODE_BACK, scanCode=0, metaState=0, flags=0x0, repeatCount=0, eventTime=712585399, downTime=712585399, deviceId=-1, source=0x101 }
08-04 13:56:09.001 28536 28536 I Input   : injectKeyEvent: KeyEvent { action=ACTION_UP, keyCode=KEYCODE_BACK, scanCode=0, metaState=0, flags=0x0, repeatCount=0, eventTime=712585399, downTime=712585399, deviceId=-1, source=0x101 }
08-04 13:56:09.007 28536 28536 D AndroidRuntime: Shutting down VM
08-04 13:56:09.028 26384 26384 V MainActivity: url = https://project-travel-mate.herokuapp.com/api/number-of-unread-notifications
08-04 13:56:09.069 13866 13866 I GoogleInputMethodServic: GoogleInputMethodService.onFinishInput():3138 
08-04 13:56:09.070 13866 13866 I GoogleInputMethodServic: GoogleInputMethodService.onStartInput():1808 
08-04 13:56:09.117 26384 26395 I art     : Starting a blocking GC Explicit
08-04 13:56:09.176 26384 26395 I art     : Explicit concurrent mark sweep GC freed 3717(139KB) AllocSpace objects, 2(36KB) LOS objects, 7% free, 187MB/203MB, paused 1.945ms total 58.019ms
08-04 13:56:09.199 26384 26395 I art     : Starting a blocking GC Explicit
08-04 13:56:09.257 26384 26395 I art     : Explicit concurrent mark sweep GC freed 124(4KB) AllocSpace objects, 0(0B) LOS objects, 7% free, 187MB/203MB, paused 1.800ms total 57.595ms
08-04 13:56:09.281 26384 26395 I art     : Starting a blocking GC Explicit
08-04 13:56:09.352 26384 26395 I art     : Explicit concurrent mark sweep GC freed 76(2144B) AllocSpace objects, 0(0B) LOS objects, 7% free, 187MB/203MB, paused 1.944ms total 70.770ms
08-04 13:56:09.371   380   380 W SurfaceFlinger: couldn't log to binary event log: overflow.
08-04 13:56:09.379 26384 26395 I art     : Starting a blocking GC Explicit
08-04 13:56:09.438 26384 26395 I art     : Explicit concurrent mark sweep GC freed 38(1344B) AllocSpace objects, 1(4MB) LOS objects, 8% free, 183MB/199MB, paused 1.936ms total 58.205ms
08-04 13:56:09.461 26384 26395 I art     : Starting a blocking GC Explicit
08-04 13:56:09.518 26384 26395 I art     : Explicit concurrent mark sweep GC freed 3760(178KB) AllocSpace objects, 2(56KB) LOS objects, 8% free, 183MB/199MB, paused 1.825ms total 56.441ms
08-04 13:56:09.906 26384 28560 I NAPPA_EXPERIMENTATION: MetricNetworkRequestExecutionTime: REQUEST_DURATION_SYSTEM='876',REQUEST_DURATION_OKHTTP='32',REQUEST_SYNCHRONOUS='FALSE',RESPONSE_CODE='200',RESPONSE_METHOD='GET',RESPONSE_LENGTH_OKHTTP='36',RESPONSE_LENGTH_HEADER='36',REQUEST_PROTOCOL='http/1.1',REQUEST_URL='https://project-travel-mate.herokuapp.com/api/number-of-unread-notifications',
08-04 13:56:09.915 26337 26337 I ServiceManager: Waiting for service AtCmdFwd...
08-04 13:56:09.980 26384 26396 I art     : Starting a blocking GC Explicit
08-04 13:56:10.059 26384 26396 I art     : Explicit concurrent mark sweep GC freed 4452(243KB) AllocSpace objects, 5(236KB) LOS objects, 8% free, 183MB/199MB, paused 2.216ms total 79.143ms
08-04 13:56:10.060 26384 26394 I art     : WaitForGcToComplete blocked for 68.217ms for cause HeapTrim
08-04 13:56:10.089 26384 26396 I art     : Starting a blocking GC Explicit
08-04 13:56:10.152 26384 26396 I art     : Explicit concurrent mark sweep GC freed 972(117KB) AllocSpace objects, 0(0B) LOS objects, 8% free, 183MB/199MB, paused 1.918ms total 61.988ms
08-04 13:56:10.177 26384 26396 I art     : Starting a blocking GC Explicit
08-04 13:56:10.241 26384 26396 I art     : Explicit concurrent mark sweep GC freed 3(96B) AllocSpace objects, 0(0B) LOS objects, 8% free, 183MB/199MB, paused 1.993ms total 64.228ms
08-04 13:56:10.266 26384 26396 I art     : Starting a blocking GC Explicit
08-04 13:56:10.327 26384 26396 I art     : Explicit concurrent mark sweep GC freed 3(96B) AllocSpace objects, 0(0B) LOS objects, 8% free, 183MB/199MB, paused 1.859ms total 60.335ms
08-04 13:56:10.351 26384 26396 I art     : Starting a blocking GC Explicit
08-04 13:56:10.413 26384 26396 I art     : Explicit concurrent mark sweep GC freed 3(96B) AllocSpace objects, 0(0B) LOS objects, 8% free, 183MB/199MB, paused 2.136ms total 61.661ms
08-04 13:56:10.859 26384 26888 I art     : Starting a blocking GC Explicit
08-04 13:56:10.897   918  3188 I hubconnection: sensorhub said: 'set_bias 3: -6.2400, 0.0000, 0.0000'
08-04 13:56:10.902 28572 28572 D AndroidRuntime: >>>>>> START com.android.internal.os.RuntimeInit uid 2000 <<<<<<
08-04 13:56:10.908 28572 28572 D AndroidRuntime: CheckJNI is OFF
08-04 13:56:10.916 26337 26337 I ServiceManager: Waiting for service AtCmdFwd...
08-04 13:56:10.924 26384 26888 I art     : Explicit concurrent mark sweep GC freed 1613(92KB) AllocSpace objects, 2(36KB) LOS objects, 8% free, 183MB/199MB, paused 1.742ms total 65.230ms
08-04 13:56:10.948 26384 26888 I art     : Starting a blocking GC Explicit
08-04 13:56:10.961 28572 28572 D ICU     : No timezone override file found: /data/misc/zoneinfo/current/icu/icu_tzdata.dat
08-04 13:56:11.007 28572 28572 I Radio-JNI: register_android_hardware_Radio DONE
08-04 13:56:11.008 26384 26888 I art     : Explicit concurrent mark sweep GC freed 28(1024B) AllocSpace objects, 0(0B) LOS objects, 8% free, 183MB/199MB, paused 2.102ms total 59.905ms
08-04 13:56:11.033 26384 26888 I art     : Starting a blocking GC Explicit
08-04 13:56:11.040 28572 28572 D AndroidRuntime: Calling main entry com.android.commands.input.Input
08-04 13:56:11.042 28572 28572 I Input   : injectMotionEvent: MotionEvent { action=ACTION_DOWN, actionButton=0, id[0]=0, x[0]=117.0, y[0]=170.0, toolType[0]=TOOL_TYPE_UNKNOWN, buttonState=0, metaState=0, flags=0x0, edgeFlags=0x0, pointerCount=1, historySize=0, eventTime=712587455, downTime=712587455, deviceId=0, source=0x1002 }
08-04 13:56:11.048 28572 28572 I Input   : injectMotionEvent: MotionEvent { action=ACTION_UP, actionButton=0, id[0]=0, x[0]=117.0, y[0]=170.0, toolType[0]=TOOL_TYPE_UNKNOWN, buttonState=0, metaState=0, flags=0x0, edgeFlags=0x0, pointerCount=1, historySize=0, eventTime=712587455, downTime=712587455, deviceId=0, source=0x1002 }
08-04 13:56:11.050 28572 28572 D AndroidRuntime: Shutting down VM
08-04 13:56:11.061   512  2967 D audio_hw_primary: out_set_parameters: enter: usecase(1: low-latency-playback) kvpairs: routing=2
08-04 13:56:11.076   512  2967 D audio_hw_primary: select_devices: out_snd_device(2: speaker) in_snd_device(0: none)
08-04 13:56:11.076   512  2967 D msm8974_platform: platform_send_audio_calibration: sending audio calibration for snd_device(2) acdb_id(15)
08-04 13:56:11.079   512  2967 I soundtrigger: audio_extn_sound_trigger_update_device_status: device 0x2 of type 0 for Event 1
08-04 13:56:11.094   512  2967 D audio_hw_primary: enable_snd_device: snd_device(2: speaker)
08-04 13:56:11.097   512  2967 D audio_hw_primary: enable_audio_route: apply and update mixer path: low-latency-playback speaker
08-04 13:56:11.099 26384 26888 I art     : Explicit concurrent mark sweep GC freed 28(896B) AllocSpace objects, 0(0B) LOS objects, 8% free, 183MB/199MB, paused 2.203ms total 65.975ms
08-04 13:56:11.125 26384 26888 I art     : Starting a blocking GC Explicit
08-04 13:56:11.190 26384 26888 I art     : Explicit concurrent mark sweep GC freed 389(20KB) AllocSpace objects, 0(0B) LOS objects, 8% free, 183MB/199MB, paused 2.282ms total 64.813ms
08-04 13:56:11.217 26384 26888 I art     : Starting a blocking GC Explicit
08-04 13:56:11.281 26384 26888 I art     : Explicit concurrent mark sweep GC freed 37(1760B) AllocSpace objects, 0(0B) LOS objects, 8% free, 183MB/199MB, paused 2.132ms total 63.959ms
08-04 13:56:11.619   518   646 I ThermalEngine: ACTION: GPU - Setting GPU[0] to 450000000
08-04 13:56:11.638   512  2967 D audio_hw_primary: disable_audio_route: reset and update mixer path: low-latency-playback speaker
08-04 13:56:11.639   512  2967 D audio_hw_primary: disable_snd_device: snd_device(2: speaker)
08-04 13:56:11.647   512  2967 I soundtrigger: audio_extn_sound_trigger_update_device_status: device 0x2 of type 0 for Event 0
08-04 13:56:11.708 26384 26395 I art     : Starting a blocking GC Explicit
08-04 13:56:11.758 26384 26395 I art     : Explicit concurrent mark sweep GC freed 1626(93KB) AllocSpace objects, 2(36KB) LOS objects, 8% free, 183MB/199MB, paused 1.318ms total 49.374ms
08-04 13:56:11.776 26384 26395 I art     : Starting a blocking GC Explicit
08-04 13:56:11.824 26384 26395 I art     : Explicit concurrent mark sweep GC freed 38(1344B) AllocSpace objects, 0(0B) LOS objects, 8% free, 183MB/199MB, paused 1.246ms total 47.914ms
08-04 13:56:11.843 26384 26395 I art     : Starting a blocking GC Explicit
08-04 13:56:11.885 28595 28595 D AndroidRuntime: >>>>>> START com.android.internal.os.RuntimeInit uid 2000 <<<<<<
08-04 13:56:11.891 28595 28595 D AndroidRuntime: CheckJNI is OFF
08-04 13:56:11.891 26384 26395 I art     : Explicit concurrent mark sweep GC freed 5(160B) AllocSpace objects, 0(0B) LOS objects, 8% free, 183MB/199MB, paused 1.290ms total 48.234ms
08-04 13:56:11.909 26384 26395 I art     : Starting a blocking GC Explicit
08-04 13:56:11.917 26337 26337 I ServiceManager: Waiting for service AtCmdFwd...
08-04 13:56:11.935 28595 28595 D ICU     : No timezone override file found: /data/misc/zoneinfo/current/icu/icu_tzdata.dat
08-04 13:56:11.958 26384 26395 I art     : Explicit concurrent mark sweep GC freed 3(96B) AllocSpace objects, 0(0B) LOS objects, 8% free, 183MB/199MB, paused 1.386ms total 48.349ms
08-04 13:56:11.976 26384 26395 I art     : Starting a blocking GC Explicit
08-04 13:56:11.978 28595 28595 I Radio-JNI: register_android_hardware_Radio DONE
08-04 13:56:12.007 28595 28595 D AndroidRuntime: Calling main entry com.android.commands.input.Input
08-04 13:56:12.009 28595 28595 I Input   : injectMotionEvent: MotionEvent { action=ACTION_DOWN, actionButton=0, id[0]=0, x[0]=418.0, y[0]=842.0, toolType[0]=TOOL_TYPE_UNKNOWN, buttonState=0, metaState=0, flags=0x0, edgeFlags=0x0, pointerCount=1, historySize=0, eventTime=712588422, downTime=712588422, deviceId=0, source=0x1002 }
08-04 13:56:12.013 28595 28595 I Input   : injectMotionEvent: MotionEvent { action=ACTION_UP, actionButton=0, id[0]=0, x[0]=418.0, y[0]=842.0, toolType[0]=TOOL_TYPE_UNKNOWN, buttonState=0, metaState=0, flags=0x0, edgeFlags=0x0, pointerCount=1, historySize=0, eventTime=712588422, downTime=712588422, deviceId=0, source=0x1002 }
08-04 13:56:12.015 28595 28595 D AndroidRuntime: Shutting down VM
08-04 13:56:12.025 26384 26395 I art     : Explicit concurrent mark sweep GC freed 8(224B) AllocSpace objects, 0(0B) LOS objects, 8% free, 183MB/199MB, paused 1.263ms total 48.177ms
08-04 13:56:12.029   512  2967 D audio_hw_primary: out_set_parameters: enter: usecase(1: low-latency-playback) kvpairs: routing=2
08-04 13:56:12.036 26384 26462 D Gabe    : call	returning from cache
08-04 13:56:12.043   512  2967 D audio_hw_primary: select_devices: out_snd_device(2: speaker) in_snd_device(0: none)
08-04 13:56:12.043   512  2967 D msm8974_platform: platform_send_audio_calibration: sending audio calibration for snd_device(2) acdb_id(15)
08-04 13:56:12.044   512  2967 I soundtrigger: audio_extn_sound_trigger_update_device_status: device 0x2 of type 0 for Event 1
08-04 13:56:12.054   512  2967 D audio_hw_primary: enable_snd_device: snd_device(2: speaker)
08-04 13:56:12.057   512  2967 D audio_hw_primary: enable_audio_route: apply and update mixer path: low-latency-playback speaker
08-04 13:56:12.059 26384 26384 V MainActivity: url = https://project-travel-mate.herokuapp.com/api/number-of-unread-notifications
08-04 13:56:12.103   512  2967 D AudioFlinger: mixer(0xf4740000) throttle end: throttle time(12)
08-04 13:56:12.415 26384 26402 I art     : Starting a blocking GC Explicit
08-04 13:56:12.473 26384 26402 I art     : Explicit concurrent mark sweep GC freed 4345(272KB) AllocSpace objects, 2(36KB) LOS objects, 8% free, 183MB/199MB, paused 1.805ms total 57.463ms
08-04 13:56:12.492 26384 26402 I art     : Starting a blocking GC Explicit
08-04 13:56:12.548 26384 26402 I art     : Explicit concurrent mark sweep GC freed 1855(72KB) AllocSpace objects, 0(0B) LOS objects, 8% free, 183MB/199MB, paused 1.555ms total 55.565ms
08-04 13:56:12.567 26384 26402 I art     : Starting a blocking GC Explicit
08-04 13:56:12.583 26384 26384 I Choreographer: Skipped 30 frames!  The application may be doing too much work on its main thread.
08-04 13:56:12.598   512  2967 D audio_hw_primary: disable_audio_route: reset and update mixer path: low-latency-playback speaker
08-04 13:56:12.600   512  2967 D audio_hw_primary: disable_snd_device: snd_device(2: speaker)
08-04 13:56:12.609   512  2967 I soundtrigger: audio_extn_sound_trigger_update_device_status: device 0x2 of type 0 for Event 0
08-04 13:56:12.621 26384 26402 I art     : Explicit concurrent mark sweep GC freed 1429(70KB) AllocSpace objects, 9(252KB) LOS objects, 8% free, 183MB/199MB, paused 1.983ms total 53.630ms
08-04 13:56:12.639 26384 26402 I art     : Starting a blocking GC Explicit
08-04 13:56:12.693 26384 26402 I art     : Explicit concurrent mark sweep GC freed 249(20KB) AllocSpace objects, 0(0B) LOS objects, 8% free, 183MB/199MB, paused 1.737ms total 53.777ms
08-04 13:56:12.711 26384 26402 I art     : Starting a blocking GC Explicit
08-04 13:56:12.766 26384 26402 I art     : Explicit concurrent mark sweep GC freed 1026(42KB) AllocSpace objects, 0(0B) LOS objects, 8% free, 183MB/199MB, paused 1.617ms total 55.161ms
08-04 13:56:12.866 26384 28618 I NAPPA_EXPERIMENTATION: MetricNetworkRequestExecutionTime: REQUEST_DURATION_SYSTEM='806',REQUEST_DURATION_OKHTTP='32',REQUEST_SYNCHRONOUS='FALSE',RESPONSE_CODE='200',RESPONSE_METHOD='GET',RESPONSE_LENGTH_OKHTTP='36',RESPONSE_LENGTH_HEADER='36',REQUEST_PROTOCOL='http/1.1',REQUEST_URL='https://project-travel-mate.herokuapp.com/api/number-of-unread-notifications',
08-04 13:56:12.917 26337 26337 I ServiceManager: Waiting for service AtCmdFwd...
08-04 13:56:13.161 26384 26396 I art     : Starting a blocking GC Explicit
08-04 13:56:13.221 26384 26396 I art     : Explicit concurrent mark sweep GC freed 5303(261KB) AllocSpace objects, 5(252KB) LOS objects, 7% free, 184MB/200MB, paused 1.333ms total 59.207ms
08-04 13:56:13.242 26384 26396 I art     : Starting a blocking GC Explicit
08-04 13:56:13.296 26384 26396 I art     : Explicit concurrent mark sweep GC freed 1104(120KB) AllocSpace objects, 0(0B) LOS objects, 8% free, 183MB/199MB, paused 1.295ms total 53.698ms
08-04 13:56:13.314 26384 26396 I art     : Starting a blocking GC Explicit
08-04 13:56:13.369 26384 26396 I art     : Explicit concurrent mark sweep GC freed 100(1728B) AllocSpace objects, 0(0B) LOS objects, 8% free, 183MB/199MB, paused 1.309ms total 54.701ms
08-04 13:56:13.388 26384 26396 I art     : Starting a blocking GC Explicit
08-04 13:56:13.443 26384 26396 I art     : Explicit concurrent mark sweep GC freed 99(1696B) AllocSpace objects, 0(0B) LOS objects, 8% free, 183MB/199MB, paused 1.248ms total 54.361ms
08-04 13:56:13.462 26384 26396 I art     : Starting a blocking GC Explicit
08-04 13:56:13.516 26384 26396 I art     : Explicit concurrent mark sweep GC freed 154(2928B) AllocSpace objects, 0(0B) LOS objects, 8% free, 183MB/199MB, paused 1.284ms total 53.821ms
08-04 13:56:13.918 26337 26337 I ServiceManager: Waiting for service AtCmdFwd...
08-04 13:56:13.936 26384 26396 I art     : Starting a blocking GC Explicit
08-04 13:56:13.996 26384 26396 I art     : Explicit concurrent mark sweep GC freed 2304(104KB) AllocSpace objects, 2(52KB) LOS objects, 8% free, 183MB/199MB, paused 1.514ms total 59.602ms
08-04 13:56:14.016 26384 26396 I art     : Starting a blocking GC Explicit
08-04 13:56:14.078 26384 26396 I art     : Explicit concurrent mark sweep GC freed 160(3KB) AllocSpace objects, 0(0B) LOS objects, 8% free, 183MB/199MB, paused 1.476ms total 62.494ms
08-04 13:56:14.099 26384 26396 I art     : Starting a blocking GC Explicit
08-04 13:56:14.158 26384 26396 I art     : Explicit concurrent mark sweep GC freed 123(2096B) AllocSpace objects, 0(0B) LOS objects, 8% free, 183MB/199MB, paused 1.435ms total 59.416ms
08-04 13:56:14.178 26384 26396 I art     : Starting a blocking GC Explicit
08-04 13:56:14.239 26384 26396 I art     : Explicit concurrent mark sweep GC freed 134(2720B) AllocSpace objects, 0(0B) LOS objects, 8% free, 183MB/199MB, paused 1.244ms total 60.292ms
08-04 13:56:14.258 26384 26396 I art     : Starting a blocking GC Explicit
08-04 13:56:14.312 26384 26396 I art     : Explicit concurrent mark sweep GC freed 118(2400B) AllocSpace objects, 0(0B) LOS objects, 8% free, 183MB/199MB, paused 1.323ms total 53.125ms
08-04 13:56:14.736 26384 26888 I art     : Starting a blocking GC Explicit
08-04 13:56:14.796 26384 26888 I art     : Explicit concurrent mark sweep GC freed 2305(104KB) AllocSpace objects, 2(52KB) LOS objects, 8% free, 183MB/199MB, paused 1.395ms total 59.164ms
08-04 13:56:14.815 26384 26888 I art     : Starting a blocking GC Explicit
08-04 13:56:14.823 28650 28650 D AndroidRuntime: >>>>>> START com.android.internal.os.RuntimeInit uid 2000 <<<<<<
08-04 13:56:14.829 28650 28650 D AndroidRuntime: CheckJNI is OFF
08-04 13:56:14.873 28650 28650 D ICU     : No timezone override file found: /data/misc/zoneinfo/current/icu/icu_tzdata.dat
08-04 13:56:14.873 26384 26888 I art     : Explicit concurrent mark sweep GC freed 147(2992B) AllocSpace objects, 0(0B) LOS objects, 8% free, 183MB/199MB, paused 1.395ms total 57.365ms
08-04 13:56:14.892 26384 26888 I art     : Starting a blocking GC Explicit
08-04 13:56:14.918 26337 26337 W Atfwd_Sendcmd: AtCmdFwd service not published, waiting... retryCnt : 3
08-04 13:56:14.920 28650 28650 I Radio-JNI: register_android_hardware_Radio DONE
08-04 13:56:14.950 28650 28650 D AndroidRuntime: Calling main entry com.android.commands.input.Input
08-04 13:56:14.950 26384 26888 I art     : Explicit concurrent mark sweep GC freed 120(2048B) AllocSpace objects, 0(0B) LOS objects, 8% free, 183MB/199MB, paused 1.476ms total 57.682ms
08-04 13:56:14.952 28650 28650 I Input   : injectMotionEvent: MotionEvent { action=ACTION_DOWN, actionButton=0, id[0]=0, x[0]=117.0, y[0]=170.0, toolType[0]=TOOL_TYPE_UNKNOWN, buttonState=0, metaState=0, flags=0x0, edgeFlags=0x0, pointerCount=1, historySize=0, eventTime=712591364, downTime=712591364, deviceId=0, source=0x1002 }
08-04 13:56:14.960 28650 28650 I Input   : injectMotionEvent: MotionEvent { action=ACTION_UP, actionButton=0, id[0]=0, x[0]=117.0, y[0]=170.0, toolType[0]=TOOL_TYPE_UNKNOWN, buttonState=0, metaState=0, flags=0x0, edgeFlags=0x0, pointerCount=1, historySize=0, eventTime=712591364, downTime=712591364, deviceId=0, source=0x1002 }
08-04 13:56:14.964 28650 28650 D AndroidRuntime: Shutting down VM
08-04 13:56:14.969 26384 26888 I art     : Starting a blocking GC Explicit
08-04 13:56:14.981   512  2967 D audio_hw_primary: out_set_parameters: enter: usecase(1: low-latency-playback) kvpairs: routing=2
08-04 13:56:14.993   512  2967 D audio_hw_primary: select_devices: out_snd_device(2: speaker) in_snd_device(0: none)
08-04 13:56:14.993   512  2967 D msm8974_platform: platform_send_audio_calibration: sending audio calibration for snd_device(2) acdb_id(15)
08-04 13:56:14.995   512  2967 I soundtrigger: audio_extn_sound_trigger_update_device_status: device 0x2 of type 0 for Event 1
08-04 13:56:15.007   512  2967 D audio_hw_primary: enable_snd_device: snd_device(2: speaker)
08-04 13:56:15.009   512  2967 D audio_hw_primary: enable_audio_route: apply and update mixer path: low-latency-playback speaker
08-04 13:56:15.020 26384 26888 I art     : Explicit concurrent mark sweep GC freed 172(4KB) AllocSpace objects, 0(0B) LOS objects, 7% free, 184MB/200MB, paused 1.364ms total 50.077ms
08-04 13:56:15.038 26384 26888 I art     : Starting a blocking GC Explicit
08-04 13:56:15.088 26384 26888 I art     : Explicit concurrent mark sweep GC freed 498(21KB) AllocSpace objects, 0(0B) LOS objects, 7% free, 184MB/200MB, paused 1.277ms total 49.488ms
08-04 13:56:15.462 26384 26402 I art     : Starting a blocking GC Explicit
08-04 13:56:15.516 26384 26402 I art     : Explicit concurrent mark sweep GC freed 2283(105KB) AllocSpace objects, 2(52KB) LOS objects, 7% free, 184MB/200MB, paused 1.217ms total 53.672ms
08-04 13:56:15.534 26384 26402 I art     : Starting a blocking GC Explicit
08-04 13:56:15.549   512  2967 D audio_hw_primary: disable_audio_route: reset and update mixer path: low-latency-playback speaker
08-04 13:56:15.550   512  2967 D audio_hw_primary: disable_snd_device: snd_device(2: speaker)
08-04 13:56:15.558   512  2967 I soundtrigger: audio_extn_sound_trigger_update_device_status: device 0x2 of type 0 for Event 0
08-04 13:56:15.586 26384 26402 I art     : Explicit concurrent mark sweep GC freed 135(2976B) AllocSpace objects, 0(0B) LOS objects, 7% free, 184MB/200MB, paused 1.222ms total 51.788ms
08-04 13:56:15.605 26384 26402 I art     : Starting a blocking GC Explicit
08-04 13:56:15.658 26384 26402 I art     : Explicit concurrent mark sweep GC freed 99(1696B) AllocSpace objects, 0(0B) LOS objects, 7% free, 184MB/200MB, paused 1.293ms total 52.821ms
08-04 13:56:15.676 26384 26402 I art     : Starting a blocking GC Explicit
08-04 13:56:15.728 28673 28673 D AndroidRuntime: >>>>>> START com.android.internal.os.RuntimeInit uid 2000 <<<<<<
08-04 13:56:15.730 26384 26402 I art     : Explicit concurrent mark sweep GC freed 106(1824B) AllocSpace objects, 0(0B) LOS objects, 7% free, 184MB/200MB, paused 1.543ms total 53.699ms
08-04 13:56:15.733 28673 28673 D AndroidRuntime: CheckJNI is OFF
08-04 13:56:15.749 26384 26402 I art     : Starting a blocking GC Explicit
08-04 13:56:15.777 28673 28673 D ICU     : No timezone override file found: /data/misc/zoneinfo/current/icu/icu_tzdata.dat
08-04 13:56:15.801 26384 26402 I art     : Explicit concurrent mark sweep GC freed 119(2064B) AllocSpace objects, 0(0B) LOS objects, 7% free, 184MB/200MB, paused 1.291ms total 52.255ms
08-04 13:56:15.819 28673 28673 I Radio-JNI: register_android_hardware_Radio DONE
08-04 13:56:15.848 28673 28673 D AndroidRuntime: Calling main entry com.android.commands.input.Input
08-04 13:56:15.850 28673 28673 I Input   : injectMotionEvent: MotionEvent { action=ACTION_DOWN, actionButton=0, id[0]=0, x[0]=355.0, y[0]=1674.0, toolType[0]=TOOL_TYPE_UNKNOWN, buttonState=0, metaState=0, flags=0x0, edgeFlags=0x0, pointerCount=1, historySize=0, eventTime=712592263, downTime=712592263, deviceId=0, source=0x1002 }
08-04 13:56:15.854 28673 28673 I Input   : injectMotionEvent: MotionEvent { action=ACTION_UP, actionButton=0, id[0]=0, x[0]=355.0, y[0]=1674.0, toolType[0]=TOOL_TYPE_UNKNOWN, buttonState=0, metaState=0, flags=0x0, edgeFlags=0x0, pointerCount=1, historySize=0, eventTime=712592263, downTime=712592263, deviceId=0, source=0x1002 }
08-04 13:56:15.856 28673 28673 D AndroidRuntime: Shutting down VM
08-04 13:56:15.866   512  2967 D audio_hw_primary: out_set_parameters: enter: usecase(1: low-latency-playback) kvpairs: routing=2
08-04 13:56:15.878 26384 26384 V MainActivity: url = https://project-travel-mate.herokuapp.com/api/number-of-unread-notifications
08-04 13:56:15.880   512  2967 D audio_hw_primary: select_devices: out_snd_device(2: speaker) in_snd_device(0: none)
08-04 13:56:15.880   512  2967 D msm8974_platform: platform_send_audio_calibration: sending audio calibration for snd_device(2) acdb_id(15)
08-04 13:56:15.880   512  2967 I soundtrigger: audio_extn_sound_trigger_update_device_status: device 0x2 of type 0 for Event 1
08-04 13:56:15.891   512  2967 D audio_hw_primary: enable_snd_device: snd_device(2: speaker)
08-04 13:56:15.893   512  2967 D audio_hw_primary: enable_audio_route: apply and update mixer path: low-latency-playback speaker
08-04 13:56:15.935   512  2967 D AudioFlinger: mixer(0xf4740000) throttle end: throttle time(12)
08-04 13:56:16.182 26384 26888 I art     : Starting a blocking GC Explicit
08-04 13:56:16.246 26384 26888 I art     : Explicit concurrent mark sweep GC freed 3937(178KB) AllocSpace objects, 11(304KB) LOS objects, 7% free, 184MB/200MB, paused 1.400ms total 63.154ms
08-04 13:56:16.267 26384 26888 I art     : Starting a blocking GC Explicit
08-04 13:56:16.320 26384 26888 I art     : Explicit concurrent mark sweep GC freed 2350(195KB) AllocSpace objects, 0(0B) LOS objects, 7% free, 184MB/200MB, paused 1.140ms total 53.119ms
08-04 13:56:16.339 26384 26888 I art     : Starting a blocking GC Explicit
08-04 13:56:16.390 26384 26888 I art     : Explicit concurrent mark sweep GC freed 3(96B) AllocSpace objects, 0(0B) LOS objects, 7% free, 184MB/200MB, paused 1.274ms total 50.823ms
08-04 13:56:16.409 26384 26888 I art     : Starting a blocking GC Explicit
08-04 13:56:16.419   512  2967 D audio_hw_primary: disable_audio_route: reset and update mixer path: low-latency-playback speaker
08-04 13:56:16.421   512  2967 D audio_hw_primary: disable_snd_device: snd_device(2: speaker)
08-04 13:56:16.430   512  2967 I soundtrigger: audio_extn_sound_trigger_update_device_status: device 0x2 of type 0 for Event 0
08-04 13:56:16.466 26384 26888 I art     : Explicit concurrent mark sweep GC freed 34(928B) AllocSpace objects, 0(0B) LOS objects, 7% free, 184MB/200MB, paused 1.300ms total 56.352ms
08-04 13:56:16.485 26384 26888 I art     : Starting a blocking GC Explicit
08-04 13:56:16.544 26384 26888 I art     : Explicit concurrent mark sweep GC freed 3(96B) AllocSpace objects, 0(0B) LOS objects, 7% free, 184MB/200MB, paused 1.287ms total 58.382ms
08-04 13:56:16.756 26384 28695 I NAPPA_EXPERIMENTATION: MetricNetworkRequestExecutionTime: REQUEST_DURATION_SYSTEM='877',REQUEST_DURATION_OKHTTP='28',REQUEST_SYNCHRONOUS='FALSE',RESPONSE_CODE='200',RESPONSE_METHOD='GET',RESPONSE_LENGTH_OKHTTP='36',RESPONSE_LENGTH_HEADER='36',REQUEST_PROTOCOL='http/1.1',REQUEST_URL='https://project-travel-mate.herokuapp.com/api/number-of-unread-notifications',
08-04 13:56:16.945 26384 26402 I art     : Starting a blocking GC Explicit
08-04 13:56:17.020 26384 26402 I art     : Explicit concurrent mark sweep GC freed 4395(240KB) AllocSpace objects, 5(248KB) LOS objects, 7% free, 184MB/200MB, paused 1.654ms total 74.150ms
08-04 13:56:17.043 26384 26402 I art     : Starting a blocking GC Explicit
08-04 13:56:17.103 26384 26402 I art     : Explicit concurrent mark sweep GC freed 962(117KB) AllocSpace objects, 0(0B) LOS objects, 7% free, 184MB/200MB, paused 1.421ms total 59.424ms
08-04 13:56:17.125 26384 26402 I art     : Starting a blocking GC Explicit
08-04 13:56:17.186 26384 26402 I art     : Explicit concurrent mark sweep GC freed 3(96B) AllocSpace objects, 0(0B) LOS objects, 7% free, 184MB/200MB, paused 1.353ms total 60.592ms
08-04 13:56:17.208 26384 26402 I art     : Starting a blocking GC Explicit
08-04 13:56:17.266 26384 26402 I art     : Explicit concurrent mark sweep GC freed 15(752B) AllocSpace objects, 0(0B) LOS objects, 7% free, 184MB/200MB, paused 1.269ms total 58.095ms
08-04 13:56:17.286 26384 26402 I art     : Starting a blocking GC Explicit
08-04 13:56:17.347 26384 26402 I art     : Explicit concurrent mark sweep GC freed 23(1152B) AllocSpace objects, 0(0B) LOS objects, 7% free, 184MB/200MB, paused 1.456ms total 61.085ms
08-04 13:56:17.757 26384 26402 I art     : Starting a blocking GC Explicit
08-04 13:56:17.816 26384 26402 I art     : Explicit concurrent mark sweep GC freed 1647(93KB) AllocSpace objects, 2(48KB) LOS objects, 7% free, 184MB/200MB, paused 1.291ms total 58.507ms
08-04 13:56:17.835 26384 26402 I art     : Starting a blocking GC Explicit
08-04 13:56:17.899 26384 26402 I art     : Explicit concurrent mark sweep GC freed 28(1024B) AllocSpace objects, 0(0B) LOS objects, 7% free, 184MB/200MB, paused 1.350ms total 63.388ms
08-04 13:56:17.922 26384 26402 I art     : Starting a blocking GC Explicit
08-04 13:56:17.982 26384 26402 I art     : Explicit concurrent mark sweep GC freed 3(96B) AllocSpace objects, 0(0B) LOS objects, 7% free, 184MB/200MB, paused 1.236ms total 59.672ms
08-04 13:56:18.001 26384 26402 I art     : Starting a blocking GC Explicit
08-04 13:56:18.058 26384 26402 I art     : Explicit concurrent mark sweep GC freed 3(96B) AllocSpace objects, 0(0B) LOS objects, 7% free, 184MB/200MB, paused 1.325ms total 57.430ms
08-04 13:56:18.078 26384 26402 I art     : Starting a blocking GC Explicit
08-04 13:56:18.135 26384 26402 I art     : Explicit concurrent mark sweep GC freed 3(96B) AllocSpace objects, 0(0B) LOS objects, 7% free, 184MB/200MB, paused 1.207ms total 57.433ms
08-04 13:56:18.541 26384 26888 I art     : Starting a blocking GC Explicit
08-04 13:56:18.605 26384 26888 I art     : Explicit concurrent mark sweep GC freed 1617(92KB) AllocSpace objects, 2(48KB) LOS objects, 7% free, 184MB/200MB, paused 1.279ms total 63.715ms
08-04 13:56:18.624 26384 26888 I art     : Starting a blocking GC Explicit
08-04 13:56:18.653 28728 28728 D AndroidRuntime: >>>>>> START com.android.internal.os.RuntimeInit uid 2000 <<<<<<
08-04 13:56:18.659 28728 28728 D AndroidRuntime: CheckJNI is OFF
08-04 13:56:18.681 26384 26888 I art     : Explicit concurrent mark sweep GC freed 28(1024B) AllocSpace objects, 0(0B) LOS objects, 7% free, 184MB/200MB, paused 1.271ms total 56.823ms
08-04 13:56:18.700 26384 26888 I art     : Starting a blocking GC Explicit
08-04 13:56:18.708 28728 28728 D ICU     : No timezone override file found: /data/misc/zoneinfo/current/icu/icu_tzdata.dat
08-04 13:56:18.754 28728 28728 I Radio-JNI: register_android_hardware_Radio DONE
08-04 13:56:18.757 26384 26888 I art     : Explicit concurrent mark sweep GC freed 3(96B) AllocSpace objects, 0(0B) LOS objects, 7% free, 184MB/200MB, paused 1.384ms total 56.768ms
08-04 13:56:18.776 26384 26888 I art     : Starting a blocking GC Explicit
08-04 13:56:18.785 28728 28728 D AndroidRuntime: Calling main entry com.android.commands.input.Input
08-04 13:56:18.788 28728 28728 I Input   : injectMotionEvent: MotionEvent { action=ACTION_DOWN, actionButton=0, id[0]=0, x[0]=747.0, y[0]=608.0, toolType[0]=TOOL_TYPE_UNKNOWN, buttonState=0, metaState=0, flags=0x0, edgeFlags=0x0, pointerCount=1, historySize=0, eventTime=712595200, downTime=712595200, deviceId=0, source=0x1002 }
08-04 13:56:18.794 28728 28728 I Input   : injectMotionEvent: MotionEvent { action=ACTION_UP, actionButton=0, id[0]=0, x[0]=747.0, y[0]=608.0, toolType[0]=TOOL_TYPE_UNKNOWN, buttonState=0, metaState=0, flags=0x0, edgeFlags=0x0, pointerCount=1, historySize=0, eventTime=712595200, downTime=712595200, deviceId=0, source=0x1002 }
08-04 13:56:18.796   918  3961 I ActivityManager: START u0 {cmp=baseline.io.github.project_travel_mate/.utilities.ChecklistActivity} from uid 10650 on display 0
08-04 13:56:18.797   512  2967 D audio_hw_primary: out_set_parameters: enter: usecase(1: low-latency-playback) kvpairs: routing=2
08-04 13:56:18.797 28728 28728 D AndroidRuntime: Shutting down VM
08-04 13:56:18.810   512  2967 D audio_hw_primary: select_devices: out_snd_device(2: speaker) in_snd_device(0: none)
08-04 13:56:18.810   512  2967 D msm8974_platform: platform_send_audio_calibration: sending audio calibration for snd_device(2) acdb_id(15)
08-04 13:56:18.810   512  2967 I soundtrigger: audio_extn_sound_trigger_update_device_status: device 0x2 of type 0 for Event 1
08-04 13:56:18.823   512  2967 D audio_hw_primary: enable_snd_device: snd_device(2: speaker)
08-04 13:56:18.827   512  2967 D audio_hw_primary: enable_audio_route: apply and update mixer path: low-latency-playback speaker
08-04 13:56:18.831 26384 26888 I art     : Explicit concurrent mark sweep GC freed 240(19KB) AllocSpace objects, 0(0B) LOS objects, 7% free, 184MB/200MB, paused 1.736ms total 54.355ms
08-04 13:56:18.849 26384 26888 I art     : Starting a blocking GC Explicit
08-04 13:56:18.901 26384 26888 I art     : Explicit concurrent mark sweep GC freed 673(35KB) AllocSpace objects, 0(0B) LOS objects, 7% free, 184MB/200MB, paused 1.363ms total 51.996ms
08-04 13:56:18.910 13866 13866 I GoogleInputMethodServic: GoogleInputMethodService.onFinishInput():3138 
08-04 13:56:18.911 13866 13866 I GoogleInputMethodServic: GoogleInputMethodService.onStartInput():1808 
08-04 13:56:18.912   918   936 I ActivityManager: Displayed baseline.io.github.project_travel_mate/.utilities.ChecklistActivity: +103ms
08-04 13:56:19.198   380   380 W SurfaceFlinger: couldn't log to binary event log: overflow.
08-04 13:56:19.312 26384 26395 I art     : Starting a blocking GC Explicit
08-04 13:56:19.359   512  2967 D audio_hw_primary: disable_audio_route: reset and update mixer path: low-latency-playback speaker
08-04 13:56:19.360   512  2967 D audio_hw_primary: disable_snd_device: snd_device(2: speaker)
08-04 13:56:19.368   512  2967 I soundtrigger: audio_extn_sound_trigger_update_device_status: device 0x2 of type 0 for Event 0
08-04 13:56:19.368 26384 26395 I art     : Explicit concurrent mark sweep GC freed 1929(105KB) AllocSpace objects, 2(48KB) LOS objects, 7% free, 184MB/200MB, paused 1.336ms total 55.763ms
08-04 13:56:19.387 26384 26395 I art     : Starting a blocking GC Explicit
08-04 13:56:19.447 26384 26395 I art     : Explicit concurrent mark sweep GC freed 69(2848B) AllocSpace objects, 0(0B) LOS objects, 7% free, 184MB/200MB, paused 1.321ms total 58.822ms
08-04 13:56:19.466 26384 26395 I art     : Starting a blocking GC Explicit
08-04 13:56:19.526 26384 26395 I art     : Explicit concurrent mark sweep GC freed 40(1088B) AllocSpace objects, 0(0B) LOS objects, 7% free, 184MB/200MB, paused 1.434ms total 59.349ms
08-04 13:56:19.548 26384 26395 I art     : Starting a blocking GC Explicit
08-04 13:56:19.611 26384 26395 I art     : Explicit concurrent mark sweep GC freed 3(96B) AllocSpace objects, 0(0B) LOS objects, 7% free, 184MB/200MB, paused 1.431ms total 61.907ms
08-04 13:56:19.634 26384 26395 I art     : Starting a blocking GC Explicit
08-04 13:56:19.698 26384 26395 I art     : Explicit concurrent mark sweep GC freed 3(96B) AllocSpace objects, 0(0B) LOS objects, 7% free, 184MB/200MB, paused 1.532ms total 63.919ms
08-04 13:56:20.127 26384 26888 I art     : Starting a blocking GC Explicit
08-04 13:56:20.205 26384 26888 I art     : Explicit concurrent mark sweep GC freed 1592(92KB) AllocSpace objects, 2(48KB) LOS objects, 7% free, 184MB/200MB, paused 1.388ms total 77.416ms
08-04 13:56:20.226 26384 26888 I art     : Starting a blocking GC Explicit
08-04 13:56:20.286 26384 26888 I art     : Explicit concurrent mark sweep GC freed 40(1600B) AllocSpace objects, 0(0B) LOS objects, 7% free, 184MB/200MB, paused 1.471ms total 59.203ms
08-04 13:56:20.305 26384 26888 I art     : Starting a blocking GC Explicit
08-04 13:56:20.368 26384 26888 I art     : Explicit concurrent mark sweep GC freed 9(384B) AllocSpace objects, 0(0B) LOS objects, 7% free, 184MB/200MB, paused 1.378ms total 62.028ms
08-04 13:56:20.391 26384 26888 I art     : Starting a blocking GC Explicit
08-04 13:56:20.458 26384 26888 I art     : Explicit concurrent mark sweep GC freed 50(1600B) AllocSpace objects, 0(0B) LOS objects, 7% free, 184MB/200MB, paused 1.538ms total 67.424ms
08-04 13:56:20.481 26384 26888 I art     : Starting a blocking GC Explicit
08-04 13:56:20.550 26384 26888 I art     : Explicit concurrent mark sweep GC freed 18(560B) AllocSpace objects, 0(0B) LOS objects, 7% free, 184MB/200MB, paused 1.432ms total 68.838ms
08-04 13:56:20.551 26384 26394 I art     : WaitForGcToComplete blocked for 33.916ms for cause HeapTrim
08-04 13:56:21.014 26384 26402 I art     : Starting a blocking GC Explicit
08-04 13:56:21.098 26384 26402 I art     : Explicit concurrent mark sweep GC freed 1586(92KB) AllocSpace objects, 2(48KB) LOS objects, 7% free, 184MB/200MB, paused 1.489ms total 83.485ms
08-04 13:56:21.120 26384 26402 I art     : Starting a blocking GC Explicit
08-04 13:56:21.190 26384 26402 I art     : Explicit concurrent mark sweep GC freed 28(1024B) AllocSpace objects, 0(0B) LOS objects, 7% free, 184MB/200MB, paused 1.680ms total 69.532ms
08-04 13:56:21.212 26384 26402 I art     : Starting a blocking GC Explicit
08-04 13:56:21.275 26384 26402 I art     : Explicit concurrent mark sweep GC freed 3(96B) AllocSpace objects, 0(0B) LOS objects, 7% free, 184MB/200MB, paused 1.357ms total 63.072ms
08-04 13:56:21.295 26384 26402 I art     : Starting a blocking GC Explicit
08-04 13:56:21.360 26384 26402 I art     : Explicit concurrent mark sweep GC freed 3(96B) AllocSpace objects, 0(0B) LOS objects, 7% free, 184MB/200MB, paused 1.519ms total 64.787ms
08-04 13:56:21.383 26384 26402 I art     : Starting a blocking GC Explicit
08-04 13:56:21.454 26384 26402 I art     : Explicit concurrent mark sweep GC freed 39(1056B) AllocSpace objects, 0(0B) LOS objects, 7% free, 184MB/200MB, paused 1.393ms total 70.372ms
08-04 13:56:21.908 26384 26396 I art     : Starting a blocking GC Explicit
08-04 13:56:21.996 26384 26396 I art     : Explicit concurrent mark sweep GC freed 1597(92KB) AllocSpace objects, 2(48KB) LOS objects, 7% free, 184MB/200MB, paused 1.958ms total 87.548ms
08-04 13:56:22.017 26384 26396 I art     : Starting a blocking GC Explicit
08-04 13:56:22.082 26384 26396 I art     : Explicit concurrent mark sweep GC freed 38(1568B) AllocSpace objects, 0(0B) LOS objects, 7% free, 184MB/200MB, paused 1.355ms total 65.184ms
08-04 13:56:22.106 26384 26396 I art     : Starting a blocking GC Explicit
08-04 13:56:22.172 26384 26396 I art     : Explicit concurrent mark sweep GC freed 3(96B) AllocSpace objects, 0(0B) LOS objects, 7% free, 184MB/200MB, paused 1.453ms total 66.072ms
08-04 13:56:22.195 26384 26396 I art     : Starting a blocking GC Explicit
08-04 13:56:22.261 26384 26396 I art     : Explicit concurrent mark sweep GC freed 3(96B) AllocSpace objects, 0(0B) LOS objects, 7% free, 184MB/200MB, paused 1.483ms total 65.778ms
08-04 13:56:22.284 26384 26396 I art     : Starting a blocking GC Explicit
08-04 13:56:22.354 26384 26396 I art     : Explicit concurrent mark sweep GC freed 3(96B) AllocSpace objects, 0(0B) LOS objects, 7% free, 184MB/200MB, paused 1.327ms total 70.370ms
08-04 13:56:22.798 26384 26395 I art     : Starting a blocking GC Explicit
08-04 13:56:22.886 26384 26395 I art     : Explicit concurrent mark sweep GC freed 1623(93KB) AllocSpace objects, 2(48KB) LOS objects, 7% free, 184MB/200MB, paused 1.502ms total 86.513ms
08-04 13:56:22.911 26384 26395 I art     : Starting a blocking GC Explicit
08-04 13:56:22.978 26384 26395 I art     : Explicit concurrent mark sweep GC freed 28(1024B) AllocSpace objects, 0(0B) LOS objects, 7% free, 184MB/200MB, paused 1.647ms total 67.006ms
08-04 13:56:23.001 26384 26395 I art     : Starting a blocking GC Explicit
08-04 13:56:23.061 26384 26395 I art     : Explicit concurrent mark sweep GC freed 3(96B) AllocSpace objects, 0(0B) LOS objects, 7% free, 184MB/200MB, paused 1.237ms total 59.490ms
08-04 13:56:23.080 26384 26395 I art     : Starting a blocking GC Explicit
08-04 13:56:23.102   918  3261 D WifiStateMachine: starting scan for "H369AA63323"WPA_PSK with 2412,5180
08-04 13:56:23.135 26384 26395 I art     : Explicit concurrent mark sweep GC freed 3(96B) AllocSpace objects, 0(0B) LOS objects, 7% free, 184MB/200MB, paused 1.313ms total 54.040ms
08-04 13:56:23.154 26384 26395 I art     : Starting a blocking GC Explicit
08-04 13:56:23.211 26384 26395 I art     : Explicit concurrent mark sweep GC freed 14(720B) AllocSpace objects, 0(0B) LOS objects, 7% free, 184MB/200MB, paused 1.427ms total 56.763ms
08-04 13:56:23.598 28804 28804 D AndroidRuntime: >>>>>> START com.android.internal.os.RuntimeInit uid 2000 <<<<<<
08-04 13:56:23.604 28804 28804 D AndroidRuntime: CheckJNI is OFF
08-04 13:56:23.642 26384 26888 I art     : Starting a blocking GC Explicit
08-04 13:56:23.649 28804 28804 D ICU     : No timezone override file found: /data/misc/zoneinfo/current/icu/icu_tzdata.dat
08-04 13:56:23.694 28804 28804 I Radio-JNI: register_android_hardware_Radio DONE
08-04 13:56:23.703 26384 26888 I art     : Explicit concurrent mark sweep GC freed 1634(93KB) AllocSpace objects, 2(48KB) LOS objects, 7% free, 184MB/200MB, paused 1.370ms total 60.507ms
08-04 13:56:23.722 26384 26888 I art     : Starting a blocking GC Explicit
08-04 13:56:23.725 28804 28804 D AndroidRuntime: Calling main entry com.android.commands.input.Input
08-04 13:56:23.727 28804 28804 I Input   : injectKeyEvent: KeyEvent { action=ACTION_DOWN, keyCode=KEYCODE_BACK, scanCode=0, metaState=0, flags=0x0, repeatCount=0, eventTime=712600140, downTime=712600140, deviceId=-1, source=0x101 }
08-04 13:56:23.734 28804 28804 I Input   : injectKeyEvent: KeyEvent { action=ACTION_UP, keyCode=KEYCODE_BACK, scanCode=0, metaState=0, flags=0x0, repeatCount=0, eventTime=712600140, downTime=712600140, deviceId=-1, source=0x101 }
08-04 13:56:23.741 28804 28804 D AndroidRuntime: Shutting down VM
08-04 13:56:23.751 26384 26384 V MainActivity: url = https://project-travel-mate.herokuapp.com/api/number-of-unread-notifications
08-04 13:56:23.775 26384 26888 I art     : Explicit concurrent mark sweep GC freed 360(14KB) AllocSpace objects, 0(0B) LOS objects, 7% free, 184MB/200MB, paused 1.577ms total 52.748ms
08-04 13:56:23.779 13866 13866 I GoogleInputMethodServic: GoogleInputMethodService.onFinishInput():3138 
08-04 13:56:23.780 13866 13866 I GoogleInputMethodServic: GoogleInputMethodService.onStartInput():1808 
08-04 13:56:23.795 26384 26888 I art     : Starting a blocking GC Explicit
08-04 13:56:23.850 26384 26888 I art     : Explicit concurrent mark sweep GC freed 106(3KB) AllocSpace objects, 0(0B) LOS objects, 7% free, 184MB/200MB, paused 1.308ms total 55.053ms
08-04 13:56:23.868 26384 26888 I art     : Starting a blocking GC Explicit
08-04 13:56:23.921 26384 26888 I art     : Explicit concurrent mark sweep GC freed 108(6KB) AllocSpace objects, 0(0B) LOS objects, 7% free, 184MB/200MB, paused 1.214ms total 52.773ms
08-04 13:56:23.945 26384 26888 I art     : Starting a blocking GC Explicit
08-04 13:56:24.013 26384 26888 I art     : Explicit concurrent mark sweep GC freed 30(1568B) AllocSpace objects, 0(0B) LOS objects, 7% free, 184MB/200MB, paused 1.582ms total 67.691ms
08-04 13:56:24.070   380   380 W SurfaceFlinger: couldn't log to binary event log: overflow.
08-04 13:56:24.403 26384 26396 I art     : Starting a blocking GC Explicit
08-04 13:56:24.449 26384 28827 I NAPPA_EXPERIMENTATION: MetricNetworkRequestExecutionTime: REQUEST_DURATION_SYSTEM='696',REQUEST_DURATION_OKHTTP='31',REQUEST_SYNCHRONOUS='FALSE',RESPONSE_CODE='200',RESPONSE_METHOD='GET',RESPONSE_LENGTH_OKHTTP='36',RESPONSE_LENGTH_HEADER='36',REQUEST_PROTOCOL='http/1.1',REQUEST_URL='https://project-travel-mate.herokuapp.com/api/number-of-unread-notifications',
08-04 13:56:24.470 26384 26396 I art     : Explicit concurrent mark sweep GC freed 4666(253KB) AllocSpace objects, 5(248KB) LOS objects, 7% free, 184MB/200MB, paused 1.415ms total 66.602ms
08-04 13:56:24.490 26384 26396 I art     : Starting a blocking GC Explicit
08-04 13:56:24.553 26384 26396 I art     : Explicit concurrent mark sweep GC freed 1266(130KB) AllocSpace objects, 0(0B) LOS objects, 7% free, 184MB/200MB, paused 1.496ms total 62.515ms
08-04 13:56:24.576 26384 26396 I art     : Starting a blocking GC Explicit
08-04 13:56:24.635 26384 26396 I art     : Explicit concurrent mark sweep GC freed 7(256B) AllocSpace objects, 0(0B) LOS objects, 7% free, 184MB/200MB, paused 1.342ms total 58.928ms
08-04 13:56:24.654 26384 26396 I art     : Starting a blocking GC Explicit
08-04 13:56:24.713 26384 26396 I art     : Explicit concurrent mark sweep GC freed 3(96B) AllocSpace objects, 0(0B) LOS objects, 7% free, 184MB/200MB, paused 1.350ms total 58.556ms
08-04 13:56:24.733 26384 26396 I art     : Starting a blocking GC Explicit
08-04 13:56:24.791 26384 26396 I art     : Explicit concurrent mark sweep GC freed 3(96B) AllocSpace objects, 0(0B) LOS objects, 7% free, 184MB/200MB, paused 1.365ms total 58.414ms
08-04 13:56:25.188 26384 26402 I art     : Starting a blocking GC Explicit
08-04 13:56:25.255 26384 26402 I art     : Explicit concurrent mark sweep GC freed 1598(92KB) AllocSpace objects, 2(48KB) LOS objects, 7% free, 184MB/200MB, paused 1.372ms total 65.982ms
08-04 13:56:25.274 26384 26402 I art     : Starting a blocking GC Explicit
08-04 13:56:25.329 26384 26402 I art     : Explicit concurrent mark sweep GC freed 38(1568B) AllocSpace objects, 0(0B) LOS objects, 7% free, 184MB/200MB, paused 1.396ms total 55.126ms
08-04 13:56:25.349 26384 26402 I art     : Starting a blocking GC Explicit
08-04 13:56:25.415 26384 26402 I art     : Explicit concurrent mark sweep GC freed 8(256B) AllocSpace objects, 0(0B) LOS objects, 7% free, 184MB/200MB, paused 1.278ms total 66.498ms
08-04 13:56:25.438 26384 26402 I art     : Starting a blocking GC Explicit
08-04 13:56:25.501 26384 26402 I art     : Explicit concurrent mark sweep GC freed 51(1440B) AllocSpace objects, 0(0B) LOS objects, 7% free, 184MB/200MB, paused 1.669ms total 62.909ms
08-04 13:56:25.523 26384 26402 I art     : Starting a blocking GC Explicit
08-04 13:56:25.551 28841 28841 D AndroidRuntime: >>>>>> START com.android.internal.os.RuntimeInit uid 2000 <<<<<<
08-04 13:56:25.558 28841 28841 D AndroidRuntime: CheckJNI is OFF
08-04 13:56:25.587 26384 26402 I art     : Explicit concurrent mark sweep GC freed 12(384B) AllocSpace objects, 0(0B) LOS objects, 7% free, 184MB/200MB, paused 1.715ms total 64.233ms
08-04 13:56:25.611 28841 28841 D ICU     : No timezone override file found: /data/misc/zoneinfo/current/icu/icu_tzdata.dat
08-04 13:56:25.640   518   646 I ThermalEngine: ACTION: GPU - Setting GPU[0] to 510000000
08-04 13:56:25.653 28841 28841 I Radio-JNI: register_android_hardware_Radio DONE
08-04 13:56:25.680 28841 28841 D AndroidRuntime: Calling main entry com.android.commands.input.Input
08-04 13:56:25.682 28841 28841 I Input   : injectMotionEvent: MotionEvent { action=ACTION_DOWN, actionButton=0, id[0]=0, x[0]=657.0, y[0]=2037.0, toolType[0]=TOOL_TYPE_UNKNOWN, buttonState=0, metaState=0, flags=0x0, edgeFlags=0x0, pointerCount=1, historySize=0, eventTime=712602095, downTime=712602095, deviceId=0, source=0x1002 }
08-04 13:56:25.689 28841 28841 I Input   : injectMotionEvent: MotionEvent { action=ACTION_UP, actionButton=0, id[0]=0, x[0]=657.0, y[0]=2037.0, toolType[0]=TOOL_TYPE_UNKNOWN, buttonState=0, metaState=0, flags=0x0, edgeFlags=0x0, pointerCount=1, historySize=0, eventTime=712602095, downTime=712602095, deviceId=0, source=0x1002 }
08-04 13:56:25.693 28841 28841 D AndroidRuntime: Shutting down VM
08-04 13:56:25.696   512  2967 D audio_hw_primary: out_set_parameters: enter: usecase(1: low-latency-playback) kvpairs: routing=2
08-04 13:56:25.697   918  6111 I ActivityManager: START u0 {cmp=baseline.io.github.project_travel_mate/.utilities.CompassActivity} from uid 10650 on display 0
08-04 13:56:25.709   512  2967 D audio_hw_primary: select_devices: out_snd_device(2: speaker) in_snd_device(0: none)
08-04 13:56:25.710   512  2967 D msm8974_platform: platform_send_audio_calibration: sending audio calibration for snd_device(2) acdb_id(15)
08-04 13:56:25.710   512  2967 I soundtrigger: audio_extn_sound_trigger_update_device_status: device 0x2 of type 0 for Event 1
08-04 13:56:25.720   512  2967 D audio_hw_primary: enable_snd_device: snd_device(2: speaker)
08-04 13:56:25.723   512  2967 D audio_hw_primary: enable_audio_route: apply and update mixer path: low-latency-playback speaker
08-04 13:56:25.916 26384 26395 I art     : Starting a blocking GC Explicit
08-04 13:56:25.962 26384 26395 I art     : Explicit concurrent mark sweep GC freed 72(3KB) AllocSpace objects, 0(0B) LOS objects, 6% free, 233MB/249MB, paused 1.128ms total 45.754ms
08-04 13:56:25.977 26384 26395 I art     : Starting a blocking GC Explicit
08-04 13:56:26.019 26384 26395 I art     : Explicit concurrent mark sweep GC freed 3(96B) AllocSpace objects, 0(0B) LOS objects, 6% free, 233MB/249MB, paused 1.101ms total 42.286ms
08-04 13:56:26.034 26384 26395 I art     : Starting a blocking GC Explicit
08-04 13:56:26.075 26384 26395 I art     : Explicit concurrent mark sweep GC freed 3(96B) AllocSpace objects, 0(0B) LOS objects, 6% free, 233MB/249MB, paused 1.106ms total 41.717ms
08-04 13:56:26.089 26384 26395 I art     : Starting a blocking GC Explicit
08-04 13:56:26.115 26384 26384 D CompassActivity: start compass
08-04 13:56:26.116   918  6029 I sensors : batch
08-04 13:56:26.116   918  6029 I sensors : activate
08-04 13:56:26.116   918  5952 I sensors : batch
08-04 13:56:26.116   918  5952 I sensors : activate
08-04 13:56:26.122   918  3188 I hubconnection: sensorhub said: 'batch 1 flags:0, sampling_rate_Hz:50.00, max_report_latency_us:0'
08-04 13:56:26.123   918  3188 I hubconnection: sensorhub said: 'activate 1 enable:1'
08-04 13:56:26.124   918  3188 I hubconnection: sensorhub said: 'batch 3 flags:0, sampling_rate_Hz:50.00, max_report_latency_us:0'
08-04 13:56:26.126   918  3188 I hubconnection: sensorhub said: 'activate 3 enable:1'
08-04 13:56:26.132 26384 26395 I art     : Explicit concurrent mark sweep GC freed 124(6KB) AllocSpace objects, 0(0B) LOS objects, 6% free, 236MB/252MB, paused 1.125ms total 41.900ms
08-04 13:56:26.132 26384 26394 I art     : WaitForGcToComplete blocked for 33.665ms for cause HeapTrim
08-04 13:56:26.147 26384 26395 I art     : Starting a blocking GC Explicit
08-04 13:56:26.167 13866 13866 I GoogleInputMethodServic: GoogleInputMethodService.onFinishInput():3138 
08-04 13:56:26.168 13866 13866 I GoogleInputMethodServic: GoogleInputMethodService.onStartInput():1808 
08-04 13:56:26.188 26384 26395 I art     : Explicit concurrent mark sweep GC freed 90(3KB) AllocSpace objects, 0(0B) LOS objects, 6% free, 236MB/252MB, paused 1.062ms total 40.616ms
08-04 13:56:26.260   512  2967 D audio_hw_primary: disable_audio_route: reset and update mixer path: low-latency-playback speaker
08-04 13:56:26.262   512  2967 D audio_hw_primary: disable_snd_device: snd_device(2: speaker)
08-04 13:56:26.267   918   936 I ActivityManager: Displayed baseline.io.github.project_travel_mate/.utilities.CompassActivity: +562ms
08-04 13:56:26.270   512  2967 I soundtrigger: audio_extn_sound_trigger_update_device_status: device 0x2 of type 0 for Event 0
08-04 13:56:26.328 26384 26384 D CompassActivity: will set rotation from 0.0 to 179.89471
08-04 13:56:26.328 26384 26384 D CompassActivity: will set rotation from 179.89471 to 179.34985
08-04 13:56:26.329 26384 26384 D CompassActivity: will set rotation from 179.34985 to 179.34393
08-04 13:56:26.329 26384 26384 D CompassActivity: will set rotation from 179.34393 to 179.18219
08-04 13:56:26.329 26384 26384 D CompassActivity: will set rotation from 179.18219 to 179.18976
08-04 13:56:26.332 26384 26384 D CompassActivity: will set rotation from 179.18976 to 179.08386
08-04 13:56:26.333 26384 26384 D CompassActivity: will set rotation from 179.08386 to 179.08289
08-04 13:56:26.353 26384 26384 D CompassActivity: will set rotation from 179.08289 to 179.24634
08-04 13:56:26.353 26384 26384 D CompassActivity: will set rotation from 179.24634 to 179.2409
08-04 13:56:26.373 26384 26384 D CompassActivity: will set rotation from 179.2409 to 179.34418
08-04 13:56:26.373 26384 26384 D CompassActivity: will set rotation from 179.34418 to 179.34949
08-04 13:56:26.393 26384 26384 D CompassActivity: will set rotation from 179.34949 to 179.3493
08-04 13:56:26.393 26384 26384 D CompassActivity: will set rotation from 179.3493 to 179.36108
08-04 13:56:26.412 26384 26384 D CompassActivity: will set rotation from 179.36108 to 179.42242
08-04 13:56:26.412 26384 26384 D CompassActivity: will set rotation from 179.42242 to 179.42126
08-04 13:56:26.434 26384 26384 D CompassActivity: will set rotation from 179.42126 to 179.28912
08-04 13:56:26.434 26384 26384 D CompassActivity: will set rotation from 179.28912 to 179.28735
08-04 13:56:26.452 26384 26384 D CompassActivity: will set rotation from 179.28735 to 179.29657
08-04 13:56:26.453 26384 26384 D CompassActivity: will set rotation from 179.29657 to 179.29938
08-04 13:56:26.472 26384 26384 D CompassActivity: will set rotation from 179.29938 to 179.41644
08-04 13:56:26.473 26384 26384 D CompassActivity: will set rotation from 179.41644 to 179.41486
08-04 13:56:26.493 26384 26384 D CompassActivity: will set rotation from 179.41486 to 179.41443
08-04 13:56:26.494 26384 26384 D CompassActivity: will set rotation from 179.41443 to 179.41223
08-04 13:56:26.515 26384 26384 D CompassActivity: will set rotation from 179.41223 to 179.45044
08-04 13:56:26.516 26384 26384 D CompassActivity: will set rotation from 179.45044 to 179.44861
08-04 13:56:26.524   380   380 W SurfaceFlinger: couldn't log to binary event log: overflow.
08-04 13:56:26.530 26384 26395 I art     : Starting a blocking GC Explicit
08-04 13:56:26.533 26384 26384 D CompassActivity: will set rotation from 179.44861 to 179.43567
08-04 13:56:26.533 26384 26384 D CompassActivity: will set rotation from 179.43567 to 179.43726
08-04 13:56:26.552 26384 26384 D CompassActivity: will set rotation from 179.43726 to 179.4685
08-04 13:56:26.552 26384 26384 D CompassActivity: will set rotation from 179.4685 to 179.46814
08-04 13:56:26.571 26384 26384 D CompassActivity: will set rotation from 179.46814 to 179.50415
08-04 13:56:26.572 26384 26384 D CompassActivity: will set rotation from 179.50415 to 179.50372
08-04 13:56:26.577 26384 26395 I art     : Explicit concurrent mark sweep GC freed 1888(111KB) AllocSpace objects, 2(48KB) LOS objects, 6% free, 236MB/252MB, paused 891us total 46.414ms
08-04 13:56:26.591 26384 26395 I art     : Starting a blocking GC Explicit
08-04 13:56:26.591 26384 26384 D CompassActivity: will set rotation from 179.50372 to 179.53241
08-04 13:56:26.592 26384 26384 D CompassActivity: will set rotation from 179.53241 to 179.53143
08-04 13:56:26.611 26384 26384 D CompassActivity: will set rotation from 179.53143 to 179.51923
08-04 13:56:26.611 26384 26384 D CompassActivity: will set rotation from 179.51923 to 179.51929
08-04 13:56:26.631 26384 26384 D CompassActivity: will set rotation from 179.51929 to 179.54346
08-04 13:56:26.632 26384 26384 D CompassActivity: will set rotation from 179.54346 to 179.5434
08-04 13:56:26.632 26384 26395 I art     : Explicit concurrent mark sweep GC freed 459(19KB) AllocSpace objects, 0(0B) LOS objects, 6% free, 236MB/252MB, paused 920us total 40.841ms
08-04 13:56:26.644   518   646 I ThermalEngine: ACTION: GPU - Setting GPU[0] to 450000000
08-04 13:56:26.648 26384 26395 I art     : Starting a blocking GC Explicit
08-04 13:56:26.652 26384 26384 D CompassActivity: will set rotation from 179.5434 to 179.59723
08-04 13:56:26.652 26384 26384 D CompassActivity: will set rotation from 179.59723 to 179.59827
08-04 13:56:26.705 26384 26395 I art     : Explicit concurrent mark sweep GC freed 83(4KB) AllocSpace objects, 0(0B) LOS objects, 6% free, 236MB/252MB, paused 1.274ms total 56.641ms
08-04 13:56:26.725 26384 26395 I art     : Starting a blocking GC Explicit
08-04 13:56:26.747 26384 26384 D CompassActivity: will set rotation from 179.59827 to 179.55737
08-04 13:56:26.747 26384 26384 D CompassActivity: will set rotation from 179.55737 to 179.55792
08-04 13:56:26.747 26384 26384 D CompassActivity: will set rotation from 179.55792 to 179.57709
08-04 13:56:26.747 26384 26384 D CompassActivity: will set rotation from 179.57709 to 179.57672
08-04 13:56:26.747 26384 26384 D CompassActivity: will set rotation from 179.57672 to 179.56366
08-04 13:56:26.747 26384 26384 D CompassActivity: will set rotation from 179.56366 to 179.56146
08-04 13:56:26.747 26384 26384 D CompassActivity: will set rotation from 179.56146 to 179.55273
08-04 13:56:26.748 26384 26384 D CompassActivity: will set rotation from 179.55273 to 179.55273
08-04 13:56:26.756 26384 26384 D CompassActivity: will set rotation from 179.55273 to 179.54028
08-04 13:56:26.756 26384 26384 D CompassActivity: will set rotation from 179.54028 to 179.54114
08-04 13:56:26.771 26384 26384 D CompassActivity: will set rotation from 179.54114 to 179.55908
08-04 13:56:26.771 26384 26384 D CompassActivity: will set rotation from 179.55908 to 179.5589
08-04 13:56:26.778 26384 26395 I art     : Explicit concurrent mark sweep GC freed 220(10KB) AllocSpace objects, 0(0B) LOS objects, 6% free, 236MB/252MB, paused 1.472ms total 52.071ms
08-04 13:56:26.791 26384 26384 D CompassActivity: will set rotation from 179.5589 to 179.54657
08-04 13:56:26.791 26384 26384 D CompassActivity: will set rotation from 179.54657 to 179.54602
08-04 13:56:26.797 26384 26395 I art     : Starting a blocking GC Explicit
08-04 13:56:26.811 26384 26384 D CompassActivity: will set rotation from 179.54602 to 179.56042
08-04 13:56:26.812 26384 26384 D CompassActivity: will set rotation from 179.56042 to 179.56305
08-04 13:56:26.830 26384 26384 D CompassActivity: will set rotation from 179.56305 to 179.5774
08-04 13:56:26.831 26384 26384 D CompassActivity: will set rotation from 179.5774 to 179.57568
08-04 13:56:26.849 26384 26395 I art     : Explicit concurrent mark sweep GC freed 197(9KB) AllocSpace objects, 0(0B) LOS objects, 6% free, 236MB/252MB, paused 1.175ms total 51.992ms
08-04 13:56:26.851 26384 26384 D CompassActivity: will set rotation from 179.57568 to 179.6175
08-04 13:56:26.851 26384 26384 D CompassActivity: will set rotation from 179.6175 to 179.61737
08-04 13:56:26.871 26384 26384 D CompassActivity: will set rotation from 179.61737 to 179.70258
08-04 13:56:26.872 26384 26384 D CompassActivity: will set rotation from 179.70258 to 179.703
08-04 13:56:26.893 26384 26384 D CompassActivity: will set rotation from 179.703 to 179.71222
08-04 13:56:26.893 26384 26384 D CompassActivity: will set rotation from 179.71222 to 179.7107
08-04 13:56:26.911 26384 26384 D CompassActivity: will set rotation from 179.7107 to 179.7414
08-04 13:56:26.911 26384 26384 D CompassActivity: will set rotation from 179.7414 to 179.74072
08-04 13:56:26.930 26384 26384 D CompassActivity: will set rotation from 179.74072 to 179.76923
08-04 13:56:26.931 26384 26384 D CompassActivity: will set rotation from 179.76923 to 179.76959
08-04 13:56:26.950 26384 26384 D CompassActivity: will set rotation from 179.76959 to 179.75305
08-04 13:56:26.951 26384 26384 D CompassActivity: will set rotation from 179.75305 to 179.75543
08-04 13:56:26.970 26384 26384 D CompassActivity: will set rotation from 179.75543 to 179.78601
08-04 13:56:26.971 26384 26384 D CompassActivity: will set rotation from 179.78601 to 179.78589
08-04 13:56:26.992 26384 26384 D CompassActivity: will set rotation from 179.78589 to 179.85779
08-04 13:56:26.993 26384 26384 D CompassActivity: will set rotation from 179.85779 to 179.85559
08-04 13:56:27.012 26384 26384 D CompassActivity: will set rotation from 179.85559 to 179.8562
08-04 13:56:27.012 26384 26384 D CompassActivity: will set rotation from 179.8562 to 179.85712
08-04 13:56:27.030 26384 26384 D CompassActivity: will set rotation from 179.85712 to 179.8587
08-04 13:56:27.030 26384 26384 D CompassActivity: will set rotation from 179.8587 to 179.86096
08-04 13:56:27.050 26384 26384 D CompassActivity: will set rotation from 179.86096 to 179.86359
08-04 13:56:27.051 26384 26384 D CompassActivity: will set rotation from 179.86359 to 179.86389
08-04 13:56:27.070 26384 26384 D CompassActivity: will set rotation from 179.86389 to 179.88464
08-04 13:56:27.071 26384 26384 D CompassActivity: will set rotation from 179.88464 to 179.88495
08-04 13:56:27.093 26384 26384 D CompassActivity: will set rotation from 179.88495 to 179.88654
08-04 13:56:27.094 26384 26384 D CompassActivity: will set rotation from 179.88654 to 179.88708
08-04 13:56:27.112 26384 26384 D CompassActivity: will set rotation from 179.88708 to 179.88745
08-04 13:56:27.113 26384 26384 D CompassActivity: will set rotation from 179.88745 to 179.88843
08-04 13:56:27.130 26384 26384 D CompassActivity: will set rotation from 179.88843 to 179.86902
08-04 13:56:27.131 26384 26384 D CompassActivity: will set rotation from 179.86902 to 179.86877
08-04 13:56:27.150 26384 26384 D CompassActivity: will set rotation from 179.86877 to 179.86786
08-04 13:56:27.150 26384 26384 D CompassActivity: will set rotation from 179.86786 to 179.86798
08-04 13:56:27.169 26384 26384 D CompassActivity: will set rotation from 179.86798 to 179.85095
08-04 13:56:27.170 26384 26384 D CompassActivity: will set rotation from 179.85095 to 179.8493
08-04 13:56:27.190 26384 26384 D CompassActivity: will set rotation from 179.8493 to 179.84906
08-04 13:56:27.190 26384 26384 D CompassActivity: will set rotation from 179.84906 to 179.84717
08-04 13:56:27.213 26384 26384 D CompassActivity: will set rotation from 179.84717 to 179.84698
08-04 13:56:27.213 26384 26384 D CompassActivity: will set rotation from 179.84698 to 179.84802
08-04 13:56:27.231 26384 26384 D CompassActivity: will set rotation from 179.84802 to 179.84888
08-04 13:56:27.231 26384 26384 D CompassActivity: will set rotation from 179.84888 to 179.84839
08-04 13:56:27.249 26384 26384 D CompassActivity: will set rotation from 179.84839 to 179.84619
08-04 13:56:27.250 26384 26384 D CompassActivity: will set rotation from 179.84619 to 179.844
08-04 13:56:27.269 26384 26384 D CompassActivity: will set rotation from 179.844 to 179.80591
08-04 13:56:27.270 26384 26384 D CompassActivity: will set rotation from 179.80591 to 179.80676
08-04 13:56:27.281 26384 26396 I art     : Starting a blocking GC Explicit
08-04 13:56:27.290 26384 26384 D CompassActivity: will set rotation from 179.80676 to 179.7898
08-04 13:56:27.290 26384 26384 D CompassActivity: will set rotation from 179.7898 to 179.79016
08-04 13:56:27.312 26384 26384 D CompassActivity: will set rotation from 179.79016 to 179.77692
08-04 13:56:27.313 26384 26384 D CompassActivity: will set rotation from 179.77692 to 179.77563
08-04 13:56:27.330 26384 26384 D CompassActivity: will set rotation from 179.77563 to 179.79694
08-04 13:56:27.331 26384 26384 D CompassActivity: will set rotation from 179.79694 to 179.79608
08-04 13:56:27.350 26384 26384 D CompassActivity: will set rotation from 179.79608 to 179.81653
08-04 13:56:27.351 26384 26384 D CompassActivity: will set rotation from 179.81653 to 179.81805
08-04 13:56:27.352 26384 26396 I art     : Explicit concurrent mark sweep GC freed 2034(121KB) AllocSpace objects, 2(48KB) LOS objects, 6% free, 236MB/252MB, paused 1.348ms total 69.975ms
08-04 13:56:27.369 26384 26384 D CompassActivity: will set rotation from 179.81805 to 179.82074
08-04 13:56:27.370 26384 26384 D CompassActivity: will set rotation from 179.82074 to 179.82172
08-04 13:56:27.375 26384 26396 I art     : Starting a blocking GC Explicit
08-04 13:56:27.389 26384 26384 D CompassActivity: will set rotation from 179.82172 to 179.84125
08-04 13:56:27.390 26384 26384 D CompassActivity: will set rotation from 179.84125 to 179.83997
08-04 13:56:27.411 26384 26384 D CompassActivity: will set rotation from 179.83997 to 179.83917
08-04 13:56:27.411 26384 26384 D CompassActivity: will set rotation from 179.83917 to 179.8371
08-04 13:56:27.431 26384 26384 D CompassActivity: will set rotation from 179.8371 to 179.8363
08-04 13:56:27.431 26384 26384 D CompassActivity: will set rotation from 179.8363 to 179.83636
08-04 13:56:27.444 26384 26396 I art     : Explicit concurrent mark sweep GC freed 837(33KB) AllocSpace objects, 0(0B) LOS objects, 6% free, 236MB/252MB, paused 1.680ms total 69.360ms
08-04 13:56:27.450 26384 26384 D CompassActivity: will set rotation from 179.83636 to 179.87207
08-04 13:56:27.451 26384 26384 D CompassActivity: will set rotation from 179.87207 to 179.87231
08-04 13:56:27.465 26384 26396 I art     : Starting a blocking GC Explicit
08-04 13:56:27.471 26384 26384 D CompassActivity: will set rotation from 179.87231 to 179.87201
08-04 13:56:27.472 26384 26384 D CompassActivity: will set rotation from 179.87201 to 179.87225
08-04 13:56:27.490 26384 26384 D CompassActivity: will set rotation from 179.87225 to 179.92358
08-04 13:56:27.490 26384 26384 D CompassActivity: will set rotation from 179.92358 to 179.92432
08-04 13:56:27.511 26384 26384 D CompassActivity: will set rotation from 179.92432 to 179.94208
08-04 13:56:27.512 26384 26384 D CompassActivity: will set rotation from 179.94208 to 179.94348
08-04 13:56:27.529 26384 26384 D CompassActivity: will set rotation from 179.94348 to 179.92572
08-04 13:56:27.530 26384 26384 D CompassActivity: will set rotation from 179.92572 to 179.92358
08-04 13:56:27.535 26384 26396 I art     : Explicit concurrent mark sweep GC freed 271(12KB) AllocSpace objects, 0(0B) LOS objects, 6% free, 236MB/252MB, paused 1.567ms total 69.520ms
08-04 13:56:27.549 26384 26384 D CompassActivity: will set rotation from 179.92358 to 179.90558
08-04 13:56:27.549 26384 26384 D CompassActivity: will set rotation from 179.90558 to 179.90454
08-04 13:56:27.559 26384 26396 I art     : Starting a blocking GC Explicit
08-04 13:56:27.569 26384 26384 D CompassActivity: will set rotation from 179.90454 to 179.90063
08-04 13:56:27.569 26384 26384 D CompassActivity: will set rotation from 179.90063 to 179.90033
08-04 13:56:27.589 26384 26384 D CompassActivity: will set rotation from 179.90033 to 179.91754
08-04 13:56:27.590 26384 26384 D CompassActivity: will set rotation from 179.91754 to 179.92236
08-04 13:56:27.611 26384 26384 D CompassActivity: will set rotation from 179.92236 to 179.98633
08-04 13:56:27.611 26384 26384 D CompassActivity: will set rotation from 179.98633 to 179.98615
08-04 13:56:27.621 26384 26396 I art     : Explicit concurrent mark sweep GC freed 188(9KB) AllocSpace objects, 0(0B) LOS objects, 6% free, 236MB/252MB, paused 1.353ms total 62.015ms
08-04 13:56:27.630 26384 26384 D CompassActivity: will set rotation from 179.98615 to 179.96472
08-04 13:56:27.630 26384 26384 D CompassActivity: will set rotation from 179.96472 to 179.96307
08-04 13:56:27.642 26384 26396 I art     : Starting a blocking GC Explicit
08-04 13:56:27.648 26384 26384 D CompassActivity: will set rotation from 179.96307 to 179.97809
08-04 13:56:27.648 26384 26384 D CompassActivity: will set rotation from 179.97809 to 179.97913
08-04 13:56:27.668 26384 26384 D CompassActivity: will set rotation from 179.97913 to 179.97455
08-04 13:56:27.668 26384 26384 D CompassActivity: will set rotation from 179.97455 to 179.97552
08-04 13:56:27.689 26384 26384 D CompassActivity: will set rotation from 179.97552 to 179.98828
08-04 13:56:27.689 26384 26384 D CompassActivity: will set rotation from 179.98828 to 179.99097
08-04 13:56:27.708 26384 26396 I art     : Explicit concurrent mark sweep GC freed 175(8KB) AllocSpace objects, 0(0B) LOS objects, 6% free, 236MB/252MB, paused 1.391ms total 64.972ms
08-04 13:56:27.711 26384 26384 D CompassActivity: will set rotation from 179.99097 to 180.00505
08-04 13:56:27.712 26384 26384 D CompassActivity: will set rotation from 180.00505 to 180.00633
08-04 13:56:27.731 26384 26384 D CompassActivity: will set rotation from 180.00633 to 180.00194
08-04 13:56:27.731 26384 26384 D CompassActivity: will set rotation from 180.00194 to 180.00085
08-04 13:56:27.748 26384 26384 D CompassActivity: will set rotation from 180.00085 to 179.99573
08-04 13:56:27.748 26384 26384 D CompassActivity: will set rotation from 179.99573 to 179.99652
08-04 13:56:27.768 26384 26384 D CompassActivity: will set rotation from 179.99652 to 180.01106
08-04 13:56:27.769 26384 26384 D CompassActivity: will set rotation from 180.01106 to 180.01224
08-04 13:56:27.787 26384 26384 D CompassActivity: will set rotation from 180.01224 to 180.02457
08-04 13:56:27.788 26384 26384 D CompassActivity: will set rotation from 180.02457 to 180.02641
08-04 13:56:27.809 26384 26384 D CompassActivity: will set rotation from 180.02641 to 180.02318
08-04 13:56:27.810 26384 26384 D CompassActivity: will set rotation from 180.02318 to 180.02321
08-04 13:56:27.828 26384 26384 D CompassActivity: will set rotation from 180.02321 to 180.03679
08-04 13:56:27.829 26384 26384 D CompassActivity: will set rotation from 180.03679 to 180.03716
08-04 13:56:27.848 26384 26384 D CompassActivity: will set rotation from 180.03716 to 180.06291
08-04 13:56:27.848 26384 26384 D CompassActivity: will set rotation from 180.06291 to 180.05997
08-04 13:56:27.867 26384 26384 D CompassActivity: will set rotation from 180.05997 to 180.04047
08-04 13:56:27.868 26384 26384 D CompassActivity: will set rotation from 180.04047 to 180.04105
08-04 13:56:27.887 26384 26384 D CompassActivity: will set rotation from 180.04105 to 180.05138
08-04 13:56:27.887 26384 26384 D CompassActivity: will set rotation from 180.05138 to 180.04897
08-04 13:56:27.907 26384 26384 D CompassActivity: will set rotation from 180.04897 to 180.044
08-04 13:56:27.908 26384 26384 D CompassActivity: will set rotation from 180.044 to 180.04271
08-04 13:56:27.931 26384 26384 D CompassActivity: will set rotation from 180.04271 to 180.02051
08-04 13:56:27.934 26384 26384 D CompassActivity: will set rotation from 180.02051 to 180.02219
08-04 13:56:27.947 26384 26384 D CompassActivity: will set rotation from 180.02219 to 180.01648
08-04 13:56:27.947 26384 26384 D CompassActivity: will set rotation from 180.01648 to 180.01842
08-04 13:56:27.966 26384 26384 D CompassActivity: will set rotation from 180.01842 to 180.00136
08-04 13:56:27.966 26384 26384 D CompassActivity: will set rotation from 180.00136 to 180.00104
08-04 13:56:27.987 26384 26384 D CompassActivity: will set rotation from 180.00104 to 179.99774
08-04 13:56:27.988 26384 26384 D CompassActivity: will set rotation from 179.99774 to 179.9978
08-04 13:56:28.006 26384 26384 D CompassActivity: will set rotation from 179.9978 to 179.99548
08-04 13:56:28.007 26384 26384 D CompassActivity: will set rotation from 179.99548 to 179.99481
08-04 13:56:28.028 26384 26384 D CompassActivity: will set rotation from 179.99481 to 179.9917
08-04 13:56:28.028 26384 26384 D CompassActivity: will set rotation from 179.9917 to 179.99225
08-04 13:56:28.047 26384 26384 D CompassActivity: will set rotation from 179.99225 to 179.98926
08-04 13:56:28.048 26384 26384 D CompassActivity: will set rotation from 179.98926 to 179.99048
08-04 13:56:28.065 26384 26384 D CompassActivity: will set rotation from 179.99048 to 179.9851
08-04 13:56:28.066 26384 26384 D CompassActivity: will set rotation from 179.9851 to 179.98505
08-04 13:56:28.086 26384 26384 D CompassActivity: will set rotation from 179.98505 to 179.9823
08-04 13:56:28.087 26384 26384 D CompassActivity: will set rotation from 179.9823 to 179.98096
08-04 13:56:28.106 26384 26384 D CompassActivity: will set rotation from 179.98096 to 179.96198
08-04 13:56:28.107 26384 26384 D CompassActivity: will set rotation from 179.96198 to 179.96179
08-04 13:56:28.128 26384 26384 D CompassActivity: will set rotation from 179.96179 to 179.94519
08-04 13:56:28.128 26384 26384 D CompassActivity: will set rotation from 179.94519 to 179.94574
08-04 13:56:28.135 26384 26396 I art     : Starting a blocking GC Explicit
08-04 13:56:28.147 26384 26384 D CompassActivity: will set rotation from 179.94574 to 179.9289
08-04 13:56:28.148 26384 26384 D CompassActivity: will set rotation from 179.9289 to 179.92981
08-04 13:56:28.167 26384 26384 D CompassActivity: will set rotation from 179.92981 to 179.92792
08-04 13:56:28.167 26384 26384 D CompassActivity: will set rotation from 179.92792 to 179.9278
08-04 13:56:28.186 26384 26384 D CompassActivity: will set rotation from 179.9278 to 179.9253
08-04 13:56:28.187 26384 26384 D CompassActivity: will set rotation from 179.9253 to 179.9248
08-04 13:56:28.196 26384 26396 I art     : Explicit concurrent mark sweep GC freed 2080(123KB) AllocSpace objects, 2(48KB) LOS objects, 6% free, 236MB/252MB, paused 1.528ms total 60.631ms
08-04 13:56:28.212 26384 26384 D CompassActivity: will set rotation from 179.9248 to 179.89185
08-04 13:56:28.213 26384 26384 D CompassActivity: will set rotation from 179.89185 to 179.89307
08-04 13:56:28.217 26384 26396 I art     : Starting a blocking GC Explicit
08-04 13:56:28.229 26384 26384 D CompassActivity: will set rotation from 179.89307 to 179.90771
08-04 13:56:28.229 26384 26384 D CompassActivity: will set rotation from 179.90771 to 179.90942
08-04 13:56:28.249 26384 26384 D CompassActivity: will set rotation from 179.90942 to 179.87708
08-04 13:56:28.250 26384 26384 D CompassActivity: will set rotation from 179.87708 to 179.87744
08-04 13:56:28.266 26384 26384 D CompassActivity: will set rotation from 179.87744 to 179.89258
08-04 13:56:28.267 26384 26384 D CompassActivity: will set rotation from 179.89258 to 179.89185
08-04 13:56:28.274 26384 26396 I art     : Explicit concurrent mark sweep GC freed 803(32KB) AllocSpace objects, 0(0B) LOS objects, 6% free, 236MB/252MB, paused 1.351ms total 56.514ms
08-04 13:56:28.285 26384 26384 D CompassActivity: will set rotation from 179.89185 to 179.87451
08-04 13:56:28.286 26384 26384 D CompassActivity: will set rotation from 179.87451 to 179.87451
08-04 13:56:28.294 26384 26396 I art     : Starting a blocking GC Explicit
08-04 13:56:28.305 26384 26384 D CompassActivity: will set rotation from 179.87451 to 179.84167
08-04 13:56:28.305 26384 26384 D CompassActivity: will set rotation from 179.84167 to 179.84125
08-04 13:56:28.329 26384 26384 D CompassActivity: will set rotation from 179.84125 to 179.82642
08-04 13:56:28.330 26384 26384 D CompassActivity: will set rotation from 179.82642 to 179.82782
08-04 13:56:28.350 26384 26384 D CompassActivity: will set rotation from 179.82782 to 179.7821
08-04 13:56:28.351 26384 26396 I art     : Explicit concurrent mark sweep GC freed 161(7KB) AllocSpace objects, 0(0B) LOS objects, 6% free, 236MB/252MB, paused 1.383ms total 56.351ms
08-04 13:56:28.352 26384 26384 D CompassActivity: will set rotation from 179.7821 to 179.78308
08-04 13:56:28.366 26384 26384 D CompassActivity: will set rotation from 179.78308 to 179.78601
08-04 13:56:28.367 26384 26384 D CompassActivity: will set rotation from 179.78601 to 179.78497
08-04 13:56:28.371 26384 26396 I art     : Starting a blocking GC Explicit
08-04 13:56:28.385 26384 26384 D CompassActivity: will set rotation from 179.78497 to 179.75677
08-04 13:56:28.386 26384 26384 D CompassActivity: will set rotation from 179.75677 to 179.75739
08-04 13:56:28.405 26384 26384 D CompassActivity: will set rotation from 179.75739 to 179.72919
08-04 13:56:28.406 26384 26384 D CompassActivity: will set rotation from 179.72919 to 179.7301
08-04 13:56:28.428 26384 26396 I art     : Explicit concurrent mark sweep GC freed 146(7KB) AllocSpace objects, 0(0B) LOS objects, 6% free, 236MB/252MB, paused 1.522ms total 56.851ms
08-04 13:56:28.430 26384 26384 D CompassActivity: will set rotation from 179.7301 to 179.73315
08-04 13:56:28.432 26384 26384 D CompassActivity: will set rotation from 179.73315 to 179.73102
08-04 13:56:28.449 26384 26396 I art     : Starting a blocking GC Explicit
08-04 13:56:28.452 26384 26384 D CompassActivity: will set rotation from 179.73102 to 179.72119
08-04 13:56:28.453 26384 26384 D CompassActivity: will set rotation from 179.72119 to 179.71912
08-04 13:56:28.467 26384 26384 D CompassActivity: will set rotation from 179.71912 to 179.73889
08-04 13:56:28.468 26384 26384 D CompassActivity: will set rotation from 179.73889 to 179.73926
08-04 13:56:28.486 26384 26384 D CompassActivity: will set rotation from 179.73926 to 179.74329
08-04 13:56:28.487 26384 26384 D CompassActivity: will set rotation from 179.74329 to 179.74335
08-04 13:56:28.492 28899 28899 D AndroidRuntime: >>>>>> START com.android.internal.os.RuntimeInit uid 2000 <<<<<<
08-04 13:56:28.498 28899 28899 D AndroidRuntime: CheckJNI is OFF
08-04 13:56:28.505 26384 26384 D CompassActivity: will set rotation from 179.74335 to 179.73059
08-04 13:56:28.505 26384 26384 D CompassActivity: will set rotation from 179.73059 to 179.72888
08-04 13:56:28.510 26384 26396 I art     : Explicit concurrent mark sweep GC freed 226(10KB) AllocSpace objects, 0(0B) LOS objects, 6% free, 236MB/252MB, paused 1.363ms total 59.894ms
08-04 13:56:28.528 26384 26384 D CompassActivity: will set rotation from 179.72888 to 179.71906
08-04 13:56:28.529 26384 26384 D CompassActivity: will set rotation from 179.71906 to 179.71838
08-04 13:56:28.548 28899 28899 D ICU     : No timezone override file found: /data/misc/zoneinfo/current/icu/icu_tzdata.dat
08-04 13:56:28.548 26384 26384 D CompassActivity: will set rotation from 179.71838 to 179.7381
08-04 13:56:28.549 26384 26384 D CompassActivity: will set rotation from 179.7381 to 179.73584
08-04 13:56:28.565 26384 26384 D CompassActivity: will set rotation from 179.73584 to 179.76917
08-04 13:56:28.565 26384 26384 D CompassActivity: will set rotation from 179.76917 to 179.76807
08-04 13:56:28.584 26384 26384 D CompassActivity: will set rotation from 179.76807 to 179.77039
08-04 13:56:28.585 26384 26384 D CompassActivity: will set rotation from 179.77039 to 179.77032
08-04 13:56:28.591 28899 28899 I Radio-JNI: register_android_hardware_Radio DONE
08-04 13:56:28.605 26384 26384 D CompassActivity: will set rotation from 179.77032 to 179.80261
08-04 13:56:28.605 26384 26384 D CompassActivity: will set rotation from 179.80261 to 179.80139
08-04 13:56:28.622 28899 28899 D AndroidRuntime: Calling main entry com.android.commands.input.Input
08-04 13:56:28.625 26384 26384 D CompassActivity: will set rotation from 179.80139 to 179.80518
08-04 13:56:28.625 28899 28899 I Input   : injectKeyEvent: KeyEvent { action=ACTION_DOWN, keyCode=KEYCODE_BACK, scanCode=0, metaState=0, flags=0x0, repeatCount=0, eventTime=712605038, downTime=712605038, deviceId=-1, source=0x101 }
08-04 13:56:28.626 26384 26384 D CompassActivity: will set rotation from 179.80518 to 179.80298
08-04 13:56:28.633 28899 28899 I Input   : injectKeyEvent: KeyEvent { action=ACTION_UP, keyCode=KEYCODE_BACK, scanCode=0, metaState=0, flags=0x0, repeatCount=0, eventTime=712605038, downTime=712605038, deviceId=-1, source=0x101 }
08-04 13:56:28.643 28899 28899 D AndroidRuntime: Shutting down VM
08-04 13:56:28.643   918  6029 I sensors : activate
08-04 13:56:28.644   918  3359 I sensors : activate
08-04 13:56:28.654   918  3188 I hubconnection: sensorhub said: 'activate 1 enable:0'
08-04 13:56:28.655   918  3188 I hubconnection: sensorhub said: 'activate 3 enable:0'
08-04 13:56:28.676 26384 26384 V MainActivity: url = https://project-travel-mate.herokuapp.com/api/number-of-unread-notifications
08-04 13:56:28.788 13866 13866 I GoogleInputMethodServic: GoogleInputMethodService.onFinishInput():3138 
08-04 13:56:28.789 13866 13866 I GoogleInputMethodServic: GoogleInputMethodService.onStartInput():1808 
08-04 13:56:28.910 26384 26402 I art     : Starting a blocking GC Explicit
08-04 13:56:28.963 26384 26402 I art     : Explicit concurrent mark sweep GC freed 2333(127KB) AllocSpace objects, 2(48KB) LOS objects, 6% free, 236MB/252MB, paused 1.372ms total 52.407ms
08-04 13:56:28.981 26384 26402 I art     : Starting a blocking GC Explicit
08-04 13:56:29.034 26384 26402 I art     : Explicit concurrent mark sweep GC freed 284(10KB) AllocSpace objects, 0(0B) LOS objects, 6% free, 236MB/252MB, paused 1.293ms total 51.990ms
08-04 13:56:29.052 26384 26402 I art     : Starting a blocking GC Explicit
08-04 13:56:29.059 26384 26384 D CompassActivity: stop compass
08-04 13:56:29.059   380   380 W SurfaceFlinger: couldn't log to binary event log: overflow.
08-04 13:56:29.104 26384 26402 I art     : Explicit concurrent mark sweep GC freed 21(896B) AllocSpace objects, 0(0B) LOS objects, 6% free, 236MB/252MB, paused 1.309ms total 51.475ms
08-04 13:56:29.122 26384 26402 I art     : Starting a blocking GC Explicit
08-04 13:56:29.175 26384 26402 I art     : Explicit concurrent mark sweep GC freed 127(6KB) AllocSpace objects, 0(0B) LOS objects, 6% free, 236MB/252MB, paused 1.322ms total 52.942ms
08-04 13:56:29.194 26384 26402 I art     : Starting a blocking GC Explicit
08-04 13:56:29.262 26384 26402 I art     : Explicit concurrent mark sweep GC freed 1155(75KB) AllocSpace objects, 3(52MB) LOS objects, 7% free, 184MB/200MB, paused 1.389ms total 68.079ms
08-04 13:56:29.464 26384 28918 I NAPPA_EXPERIMENTATION: MetricNetworkRequestExecutionTime: REQUEST_DURATION_SYSTEM='787',REQUEST_DURATION_OKHTTP='33',REQUEST_SYNCHRONOUS='FALSE',RESPONSE_CODE='200',RESPONSE_METHOD='GET',RESPONSE_LENGTH_OKHTTP='36',RESPONSE_LENGTH_HEADER='36',REQUEST_PROTOCOL='http/1.1',REQUEST_URL='https://project-travel-mate.herokuapp.com/api/number-of-unread-notifications',
08-04 13:56:29.672 26384 26395 I art     : Starting a blocking GC Explicit
08-04 13:56:29.746 26384 26395 I art     : Explicit concurrent mark sweep GC freed 4442(242KB) AllocSpace objects, 5(248KB) LOS objects, 7% free, 184MB/200MB, paused 1.538ms total 74.244ms
08-04 13:56:29.769 26384 26395 I art     : Starting a blocking GC Explicit
08-04 13:56:29.829 26384 26395 I art     : Explicit concurrent mark sweep GC freed 962(117KB) AllocSpace objects, 0(0B) LOS objects, 7% free, 184MB/200MB, paused 1.464ms total 60.134ms
08-04 13:56:29.849 26384 26395 I art     : Starting a blocking GC Explicit
08-04 13:56:29.905 26384 26395 I art     : Explicit concurrent mark sweep GC freed 3(96B) AllocSpace objects, 0(0B) LOS objects, 7% free, 184MB/200MB, paused 1.396ms total 56.113ms
08-04 13:56:29.919 26337 26337 I ServiceManager: Waiting for service AtCmdFwd...
08-04 13:56:29.925 26384 26395 I art     : Starting a blocking GC Explicit
08-04 13:56:29.981 26384 26395 I art     : Explicit concurrent mark sweep GC freed 3(96B) AllocSpace objects, 0(0B) LOS objects, 7% free, 184MB/200MB, paused 1.365ms total 56.273ms
08-04 13:56:30.001 26384 26395 I art     : Starting a blocking GC Explicit
08-04 13:56:30.057 26384 26395 I art     : Explicit concurrent mark sweep GC freed 7(224B) AllocSpace objects, 0(0B) LOS objects, 7% free, 184MB/200MB, paused 1.315ms total 56.039ms
08-04 13:56:30.401 28938 28938 D AndroidRuntime: >>>>>> START com.android.internal.os.RuntimeInit uid 2000 <<<<<<
08-04 13:56:30.407 28938 28938 D AndroidRuntime: CheckJNI is OFF
08-04 13:56:30.445 28938 28938 D ICU     : No timezone override file found: /data/misc/zoneinfo/current/icu/icu_tzdata.dat
08-04 13:56:30.459 26384 26396 I art     : Starting a blocking GC Explicit
08-04 13:56:30.490 28938 28938 I Radio-JNI: register_android_hardware_Radio DONE
08-04 13:56:30.519 26384 26396 I art     : Explicit concurrent mark sweep GC freed 1653(94KB) AllocSpace objects, 2(48KB) LOS objects, 7% free, 184MB/200MB, paused 1.329ms total 59.563ms
08-04 13:56:30.519 28938 28938 D AndroidRuntime: Calling main entry com.android.commands.input.Input
08-04 13:56:30.522 28938 28938 I Input   : injectMotionEvent: MotionEvent { action=ACTION_DOWN, actionButton=0, id[0]=0, x[0]=500.0, y[0]=2000.0, toolType[0]=TOOL_TYPE_UNKNOWN, buttonState=0, metaState=0, flags=0x0, edgeFlags=0x0, pointerCount=1, historySize=0, eventTime=712606934, downTime=712606934, deviceId=0, source=0x1002 }
08-04 13:56:30.535 28938 28938 I Input   : injectMotionEvent: MotionEvent { action=ACTION_MOVE, actionButton=0, id[0]=0, x[0]=500.0, y[0]=2000.0, toolType[0]=TOOL_TYPE_UNKNOWN, buttonState=0, metaState=0, flags=0x0, edgeFlags=0x0, pointerCount=1, historySize=0, eventTime=712606934, downTime=712606934, deviceId=0, source=0x1002 }
08-04 13:56:30.539 26384 26396 I art     : Starting a blocking GC Explicit
08-04 13:56:30.544 28938 28938 I Input   : injectMotionEvent: MotionEvent { action=ACTION_MOVE, actionButton=0, id[0]=0, x[0]=500.0, y[0]=1956.3, toolType[0]=TOOL_TYPE_UNKNOWN, buttonState=0, metaState=0, flags=0x0, edgeFlags=0x0, pointerCount=1, historySize=0, eventTime=712606957, downTime=712606957, deviceId=0, source=0x1002 }
08-04 13:56:30.561 28938 28938 I Input   : injectMotionEvent: MotionEvent { action=ACTION_MOVE, actionButton=0, id[0]=0, x[0]=500.0, y[0]=1924.0, toolType[0]=TOOL_TYPE_UNKNOWN, buttonState=0, metaState=0, flags=0x0, edgeFlags=0x0, pointerCount=1, historySize=0, eventTime=712606974, downTime=712606974, deviceId=0, source=0x1002 }
08-04 13:56:30.583 28938 28938 I Input   : injectMotionEvent: MotionEvent { action=ACTION_MOVE, actionButton=0, id[0]=0, x[0]=500.0, y[0]=1882.2, toolType[0]=TOOL_TYPE_UNKNOWN, buttonState=0, metaState=0, flags=0x0, edgeFlags=0x0, pointerCount=1, historySize=0, eventTime=712606996, downTime=712606996, deviceId=0, source=0x1002 }
08-04 13:56:30.597 28938 28938 I Input   : injectMotionEvent: MotionEvent { action=ACTION_MOVE, actionButton=0, id[0]=0, x[0]=500.0, y[0]=1855.6, toolType[0]=TOOL_TYPE_UNKNOWN, buttonState=0, metaState=0, flags=0x0, edgeFlags=0x0, pointerCount=1, historySize=0, eventTime=712607010, downTime=712607010, deviceId=0, source=0x1002 }
08-04 13:56:30.597 26384 26396 I art     : Explicit concurrent mark sweep GC freed 103(3KB) AllocSpace objects, 0(0B) LOS objects, 7% free, 184MB/200MB, paused 1.895ms total 57.271ms
08-04 13:56:30.611 28938 28938 I Input   : injectMotionEvent: MotionEvent { action=ACTION_MOVE, actionButton=0, id[0]=0, x[0]=500.0, y[0]=1827.1, toolType[0]=TOOL_TYPE_UNKNOWN, buttonState=0, metaState=0, flags=0x0, edgeFlags=0x0, pointerCount=1, historySize=0, eventTime=712607025, downTime=712607025, deviceId=0, source=0x1002 }
08-04 13:56:30.617 26384 26396 I art     : Starting a blocking GC Explicit
08-04 13:56:30.628 28938 28938 I Input   : injectMotionEvent: MotionEvent { action=ACTION_MOVE, actionButton=0, id[0]=0, x[0]=500.0, y[0]=1796.7, toolType[0]=TOOL_TYPE_UNKNOWN, buttonState=0, metaState=0, flags=0x0, edgeFlags=0x0, pointerCount=1, historySize=0, eventTime=712607041, downTime=712607041, deviceId=0, source=0x1002 }
08-04 13:56:30.645 28938 28938 I Input   : injectMotionEvent: MotionEvent { action=ACTION_MOVE, actionButton=0, id[0]=0, x[0]=500.0, y[0]=1764.4, toolType[0]=TOOL_TYPE_UNKNOWN, buttonState=0, metaState=0, flags=0x0, edgeFlags=0x0, pointerCount=1, historySize=0, eventTime=712607058, downTime=712607058, deviceId=0, source=0x1002 }
08-04 13:56:30.661 28938 28938 I Input   : injectMotionEvent: MotionEvent { action=ACTION_MOVE, actionButton=0, id[0]=0, x[0]=500.0, y[0]=1732.1, toolType[0]=TOOL_TYPE_UNKNOWN, buttonState=0, metaState=0, flags=0x0, edgeFlags=0x0, pointerCount=1, historySize=0, eventTime=712607075, downTime=712607075, deviceId=0, source=0x1002 }
08-04 13:56:30.673 26384 26396 I art     : Explicit concurrent mark sweep GC freed 15(608B) AllocSpace objects, 0(0B) LOS objects, 7% free, 184MB/200MB, paused 1.386ms total 56.133ms
08-04 13:56:30.678 28938 28938 I Input   : injectMotionEvent: MotionEvent { action=ACTION_MOVE, actionButton=0, id[0]=0, x[0]=500.0, y[0]=1701.7, toolType[0]=TOOL_TYPE_UNKNOWN, buttonState=0, metaState=0, flags=0x0, edgeFlags=0x0, pointerCount=1, historySize=0, eventTime=712607091, downTime=712607091, deviceId=0, source=0x1002 }
08-04 13:56:30.694 26384 26396 I art     : Starting a blocking GC Explicit
08-04 13:56:30.695 28938 28938 I Input   : injectMotionEvent: MotionEvent { action=ACTION_MOVE, actionButton=0, id[0]=0, x[0]=500.0, y[0]=1669.4, toolType[0]=TOOL_TYPE_UNKNOWN, buttonState=0, metaState=0, flags=0x0, edgeFlags=0x0, pointerCount=1, historySize=0, eventTime=712607108, downTime=712607108, deviceId=0, source=0x1002 }
08-04 13:56:30.711 28938 28938 I Input   : injectMotionEvent: MotionEvent { action=ACTION_MOVE, actionButton=0, id[0]=0, x[0]=500.0, y[0]=1637.1, toolType[0]=TOOL_TYPE_UNKNOWN, buttonState=0, metaState=0, flags=0x0, edgeFlags=0x0, pointerCount=1, historySize=0, eventTime=712607125, downTime=712607125, deviceId=0, source=0x1002 }
08-04 13:56:30.728 28938 28938 I Input   : injectMotionEvent: MotionEvent { action=ACTION_MOVE, actionButton=0, id[0]=0, x[0]=500.0, y[0]=1606.7, toolType[0]=TOOL_TYPE_UNKNOWN, buttonState=0, metaState=0, flags=0x0, edgeFlags=0x0, pointerCount=1, historySize=0, eventTime=712607141, downTime=712607141, deviceId=0, source=0x1002 }
08-04 13:56:30.745 28938 28938 I Input   : injectMotionEvent: MotionEvent { action=ACTION_MOVE, actionButton=0, id[0]=0, x[0]=500.0, y[0]=1574.4, toolType[0]=TOOL_TYPE_UNKNOWN, buttonState=0, metaState=0, flags=0x0, edgeFlags=0x0, pointerCount=1, historySize=0, eventTime=712607158, downTime=712607158, deviceId=0, source=0x1002 }
08-04 13:56:30.754 26384 26396 I art     : Explicit concurrent mark sweep GC freed 16(672B) AllocSpace objects, 0(0B) LOS objects, 7% free, 184MB/200MB, paused 1.766ms total 59.541ms
08-04 13:56:30.762 28938 28938 I Input   : injectMotionEvent: MotionEvent { action=ACTION_MOVE, actionButton=0, id[0]=0, x[0]=500.0, y[0]=1542.1, toolType[0]=TOOL_TYPE_UNKNOWN, buttonState=0, metaState=0, flags=0x0, edgeFlags=0x0, pointerCount=1, historySize=0, eventTime=712607175, downTime=712607175, deviceId=0, source=0x1002 }
08-04 13:56:30.775 26384 26396 I art     : Starting a blocking GC Explicit
08-04 13:56:30.779 28938 28938 I Input   : injectMotionEvent: MotionEvent { action=ACTION_MOVE, actionButton=0, id[0]=0, x[0]=500.0, y[0]=1509.8, toolType[0]=TOOL_TYPE_UNKNOWN, buttonState=0, metaState=0, flags=0x0, edgeFlags=0x0, pointerCount=1, historySize=0, eventTime=712607192, downTime=712607192, deviceId=0, source=0x1002 }
08-04 13:56:30.795 28938 28938 I Input   : injectMotionEvent: MotionEvent { action=ACTION_MOVE, actionButton=0, id[0]=0, x[0]=500.0, y[0]=1479.4, toolType[0]=TOOL_TYPE_UNKNOWN, buttonState=0, metaState=0, flags=0x0, edgeFlags=0x0, pointerCount=1, historySize=0, eventTime=712607208, downTime=712607208, deviceId=0, source=0x1002 }
08-04 13:56:30.812 28938 28938 I Input   : injectMotionEvent: MotionEvent { action=ACTION_MOVE, actionButton=0, id[0]=0, x[0]=500.0, y[0]=1447.1, toolType[0]=TOOL_TYPE_UNKNOWN, buttonState=0, metaState=0, flags=0x0, edgeFlags=0x0, pointerCount=1, historySize=0, eventTime=712607225, downTime=712607225, deviceId=0, source=0x1002 }
08-04 13:56:30.829 28938 28938 I Input   : injectMotionEvent: MotionEvent { action=ACTION_MOVE, actionButton=0, id[0]=0, x[0]=500.0, y[0]=1412.9, toolType[0]=TOOL_TYPE_UNKNOWN, buttonState=0, metaState=0, flags=0x0, edgeFlags=0x0, pointerCount=1, historySize=0, eventTime=712607243, downTime=712607243, deviceId=0, source=0x1002 }
08-04 13:56:30.834 26384 26396 I art     : Explicit concurrent mark sweep GC freed 3(96B) AllocSpace objects, 0(0B) LOS objects, 7% free, 184MB/200MB, paused 1.392ms total 58.733ms
08-04 13:56:30.847 28938 28938 I Input   : injectMotionEvent: MotionEvent { action=ACTION_MOVE, actionButton=0, id[0]=0, x[0]=500.0, y[0]=1382.5, toolType[0]=TOOL_TYPE_UNKNOWN, buttonState=0, metaState=0, flags=0x0, edgeFlags=0x0, pointerCount=1, historySize=0, eventTime=712607259, downTime=712607259, deviceId=0, source=0x1002 }
08-04 13:56:30.862 28938 28938 I Input   : injectMotionEvent: MotionEvent { action=ACTION_MOVE, actionButton=0, id[0]=0, x[0]=500.0, y[0]=1352.1001, toolType[0]=TOOL_TYPE_UNKNOWN, buttonState=0, metaState=0, flags=0x0, edgeFlags=0x0, pointerCount=1, historySize=0, eventTime=712607275, downTime=712607275, deviceId=0, source=0x1002 }
08-04 13:56:30.878 28938 28938 I Input   : injectMotionEvent: MotionEvent { action=ACTION_MOVE, actionButton=0, id[0]=0, x[0]=500.0, y[0]=1321.7, toolType[0]=TOOL_TYPE_UNKNOWN, buttonState=0, metaState=0, flags=0x0, edgeFlags=0x0, pointerCount=1, historySize=0, eventTime=712607291, downTime=712607291, deviceId=0, source=0x1002 }
08-04 13:56:30.895 28938 28938 I Input   : injectMotionEvent: MotionEvent { action=ACTION_MOVE, actionButton=0, id[0]=0, x[0]=500.0, y[0]=1289.3999, toolType[0]=TOOL_TYPE_UNKNOWN, buttonState=0, metaState=0, flags=0x0, edgeFlags=0x0, pointerCount=1, historySize=0, eventTime=712607308, downTime=712607308, deviceId=0, source=0x1002 }
08-04 13:56:30.912 28938 28938 I Input   : injectMotionEvent: MotionEvent { action=ACTION_MOVE, actionButton=0, id[0]=0, x[0]=500.0, y[0]=1257.1, toolType[0]=TOOL_TYPE_UNKNOWN, buttonState=0, metaState=0, flags=0x0, edgeFlags=0x0, pointerCount=1, historySize=0, eventTime=712607325, downTime=712607325, deviceId=0, source=0x1002 }
08-04 13:56:30.919 26337 26337 I ServiceManager: Waiting for service AtCmdFwd...
08-04 13:56:30.930 28938 28938 I Input   : injectMotionEvent: MotionEvent { action=ACTION_MOVE, actionButton=0, id[0]=0, x[0]=500.0, y[0]=1222.8999, toolType[0]=TOOL_TYPE_UNKNOWN, buttonState=0, metaState=0, flags=0x0, edgeFlags=0x0, pointerCount=1, historySize=0, eventTime=712607343, downTime=712607343, deviceId=0, source=0x1002 }
08-04 13:56:30.946 28938 28938 I Input   : injectMotionEvent: MotionEvent { action=ACTION_MOVE, actionButton=0, id[0]=0, x[0]=500.0, y[0]=1192.5, toolType[0]=TOOL_TYPE_UNKNOWN, buttonState=0, metaState=0, flags=0x0, edgeFlags=0x0, pointerCount=1, historySize=0, eventTime=712607359, downTime=712607359, deviceId=0, source=0x1002 }
08-04 13:56:31.018 28938 28938 I Input   : injectMotionEvent: MotionEvent { action=ACTION_MOVE, actionButton=0, id[0]=0, x[0]=500.0, y[0]=1055.7, toolType[0]=TOOL_TYPE_UNKNOWN, buttonState=0, metaState=0, flags=0x0, edgeFlags=0x0, pointerCount=1, historySize=0, eventTime=712607431, downTime=712607431, deviceId=0, source=0x1002 }
08-04 13:56:31.076 28938 28938 I Input   : injectMotionEvent: MotionEvent { action=ACTION_MOVE, actionButton=0, id[0]=0, x[0]=500.0, y[0]=945.5, toolType[0]=TOOL_TYPE_UNKNOWN, buttonState=0, metaState=0, flags=0x0, edgeFlags=0x0, pointerCount=1, historySize=0, eventTime=712607489, downTime=712607489, deviceId=0, source=0x1002 }
08-04 13:56:31.130 19867 19998 E GoogleConversionReporter: Error sending ping
08-04 13:56:31.130 19867 19998 E GoogleConversionReporter: bljc: Exception in CronetUrlRequest: net::ERR_CONNECTION_CLOSED, ErrorCode=5, InternalErrorCode=-100, Retryable=true
08-04 13:56:31.130 19867 19998 E GoogleConversionReporter: 	at org.chromium.net.impl.CronetUrlRequest.onError(PG:55)
08-04 13:56:31.138 28938 28938 I Input   : injectMotionEvent: MotionEvent { action=ACTION_MOVE, actionButton=0, id[0]=0, x[0]=500.0, y[0]=825.80005, toolType[0]=TOOL_TYPE_UNKNOWN, buttonState=0, metaState=0, flags=0x0, edgeFlags=0x0, pointerCount=1, historySize=0, eventTime=712607552, downTime=712607552, deviceId=0, source=0x1002 }
08-04 13:56:31.202 28938 28938 I Input   : injectMotionEvent: MotionEvent { action=ACTION_MOVE, actionButton=0, id[0]=0, x[0]=500.0, y[0]=706.1, toolType[0]=TOOL_TYPE_UNKNOWN, buttonState=0, metaState=0, flags=0x0, edgeFlags=0x0, pointerCount=1, historySize=0, eventTime=712607615, downTime=712607615, deviceId=0, source=0x1002 }
08-04 13:56:31.250 26384 26396 I art     : Starting a blocking GC Explicit
08-04 13:56:31.264 28938 28938 I Input   : injectMotionEvent: MotionEvent { action=ACTION_MOVE, actionButton=0, id[0]=0, x[0]=500.0, y[0]=586.4, toolType[0]=TOOL_TYPE_UNKNOWN, buttonState=0, metaState=0, flags=0x0, edgeFlags=0x0, pointerCount=1, historySize=0, eventTime=712607678, downTime=712607678, deviceId=0, source=0x1002 }
08-04 13:56:31.304 26384 26396 I art     : Explicit concurrent mark sweep GC freed 1605(93KB) AllocSpace objects, 2(48KB) LOS objects, 7% free, 184MB/200MB, paused 1.429ms total 53.177ms
08-04 13:56:31.327 26384 26396 I art     : Starting a blocking GC Explicit
08-04 13:56:31.330 28938 28938 I Input   : injectMotionEvent: MotionEvent { action=ACTION_MOVE, actionButton=0, id[0]=0, x[0]=500.0, y[0]=461.0, toolType[0]=TOOL_TYPE_UNKNOWN, buttonState=0, metaState=0, flags=0x0, edgeFlags=0x0, pointerCount=1, historySize=0, eventTime=712607744, downTime=712607744, deviceId=0, source=0x1002 }
08-04 13:56:31.375 26384 26396 I art     : Explicit concurrent mark sweep GC freed 38(1568B) AllocSpace objects, 0(0B) LOS objects, 7% free, 184MB/200MB, paused 1.419ms total 48.515ms
08-04 13:56:31.396 28938 28938 I Input   : injectMotionEvent: MotionEvent { action=ACTION_MOVE, actionButton=0, id[0]=0, x[0]=500.0, y[0]=335.59998, toolType[0]=TOOL_TYPE_UNKNOWN, buttonState=0, metaState=0, flags=0x0, edgeFlags=0x0, pointerCount=1, historySize=0, eventTime=712607810, downTime=712607810, deviceId=0, source=0x1002 }
08-04 13:56:31.400 26384 26396 I art     : Starting a blocking GC Explicit
08-04 13:56:31.451 26384 26396 I art     : Explicit concurrent mark sweep GC freed 44(1216B) AllocSpace objects, 0(0B) LOS objects, 7% free, 184MB/200MB, paused 1.538ms total 51.292ms
08-04 13:56:31.469 26384 26396 I art     : Starting a blocking GC Explicit
08-04 13:56:31.491 28938 28938 I Input   : injectMotionEvent: MotionEvent { action=ACTION_MOVE, actionButton=0, id[0]=0, x[0]=500.0, y[0]=157.0, toolType[0]=TOOL_TYPE_UNKNOWN, buttonState=0, metaState=0, flags=0x0, edgeFlags=0x0, pointerCount=1, historySize=0, eventTime=712607904, downTime=712607904, deviceId=0, source=0x1002 }
08-04 13:56:31.522 26384 26396 I art     : Explicit concurrent mark sweep GC freed 12(576B) AllocSpace objects, 0(0B) LOS objects, 7% free, 184MB/200MB, paused 1.429ms total 52.618ms
08-04 13:56:31.530 28938 28938 I Input   : injectMotionEvent: MotionEvent { action=ACTION_UP, actionButton=0, id[0]=0, x[0]=500.0, y[0]=100.0, toolType[0]=TOOL_TYPE_UNKNOWN, buttonState=0, metaState=0, flags=0x0, edgeFlags=0x0, pointerCount=1, historySize=0, eventTime=712607943, downTime=712607943, deviceId=0, source=0x1002 }
08-04 13:56:31.541 26384 26396 I art     : Starting a blocking GC Explicit
08-04 13:56:31.569 28938 28938 D AndroidRuntime: Shutting down VM
08-04 13:56:31.593 26384 26396 I art     : Explicit concurrent mark sweep GC freed 7(224B) AllocSpace objects, 0(0B) LOS objects, 7% free, 184MB/200MB, paused 1.421ms total 51.758ms
08-04 13:56:31.920 26337 26337 I ServiceManager: Waiting for service AtCmdFwd...
08-04 13:56:31.997 26384 26395 I art     : Starting a blocking GC Explicit
08-04 13:56:32.050 26384 26395 I art     : Explicit concurrent mark sweep GC freed 1590(92KB) AllocSpace objects, 2(48KB) LOS objects, 7% free, 184MB/200MB, paused 1.370ms total 52.915ms
08-04 13:56:32.069 26384 26395 I art     : Starting a blocking GC Explicit
08-04 13:56:32.120 26384 26395 I art     : Explicit concurrent mark sweep GC freed 32(1152B) AllocSpace objects, 0(0B) LOS objects, 7% free, 184MB/200MB, paused 1.274ms total 51.164ms
08-04 13:56:32.139 26384 26395 I art     : Starting a blocking GC Explicit
08-04 13:56:32.189 26384 26395 I art     : Explicit concurrent mark sweep GC freed 7(224B) AllocSpace objects, 0(0B) LOS objects, 7% free, 184MB/200MB, paused 1.233ms total 49.712ms
08-04 13:56:32.208 26384 26395 I art     : Starting a blocking GC Explicit
08-04 13:56:32.259 26384 26395 I art     : Explicit concurrent mark sweep GC freed 14(720B) AllocSpace objects, 0(0B) LOS objects, 7% free, 184MB/200MB, paused 1.292ms total 50.993ms
08-04 13:56:32.281 26384 26395 I art     : Starting a blocking GC Explicit
08-04 13:56:32.326 28983 28983 D AndroidRuntime: >>>>>> START com.android.internal.os.RuntimeInit uid 2000 <<<<<<
08-04 13:56:32.331 26384 26395 I art     : Explicit concurrent mark sweep GC freed 14(672B) AllocSpace objects, 0(0B) LOS objects, 7% free, 184MB/200MB, paused 1.708ms total 50.297ms
08-04 13:56:32.333 28983 28983 D AndroidRuntime: CheckJNI is OFF
08-04 13:56:32.373 28983 28983 D ICU     : No timezone override file found: /data/misc/zoneinfo/current/icu/icu_tzdata.dat
08-04 13:56:32.412 28983 28983 I Radio-JNI: register_android_hardware_Radio DONE
08-04 13:56:32.440 28983 28983 D AndroidRuntime: Calling main entry com.android.commands.input.Input
08-04 13:56:32.441 28983 28983 I Input   : injectMotionEvent: MotionEvent { action=ACTION_DOWN, actionButton=0, id[0]=0, x[0]=500.0, y[0]=2000.0, toolType[0]=TOOL_TYPE_UNKNOWN, buttonState=0, metaState=0, flags=0x0, edgeFlags=0x0, pointerCount=1, historySize=0, eventTime=712608854, downTime=712608854, deviceId=0, source=0x1002 }
08-04 13:56:32.445 28983 28983 I Input   : injectMotionEvent: MotionEvent { action=ACTION_MOVE, actionButton=0, id[0]=0, x[0]=500.0, y[0]=2000.0, toolType[0]=TOOL_TYPE_UNKNOWN, buttonState=0, metaState=0, flags=0x0, edgeFlags=0x0, pointerCount=1, historySize=0, eventTime=712608854, downTime=712608854, deviceId=0, source=0x1002 }
08-04 13:56:32.463 28983 28983 I Input   : injectMotionEvent: MotionEvent { action=ACTION_MOVE, actionButton=0, id[0]=0, x[0]=500.0, y[0]=1958.2, toolType[0]=TOOL_TYPE_UNKNOWN, buttonState=0, metaState=0, flags=0x0, edgeFlags=0x0, pointerCount=1, historySize=0, eventTime=712608876, downTime=712608876, deviceId=0, source=0x1002 }
08-04 13:56:32.480 28983 28983 I Input   : injectMotionEvent: MotionEvent { action=ACTION_MOVE, actionButton=0, id[0]=0, x[0]=500.0, y[0]=1925.9, toolType[0]=TOOL_TYPE_UNKNOWN, buttonState=0, metaState=0, flags=0x0, edgeFlags=0x0, pointerCount=1, historySize=0, eventTime=712608893, downTime=712608893, deviceId=0, source=0x1002 }
08-04 13:56:32.498 28983 28983 I Input   : injectMotionEvent: MotionEvent { action=ACTION_MOVE, actionButton=0, id[0]=0, x[0]=500.0, y[0]=1889.8, toolType[0]=TOOL_TYPE_UNKNOWN, buttonState=0, metaState=0, flags=0x0, edgeFlags=0x0, pointerCount=1, historySize=0, eventTime=712608912, downTime=712608912, deviceId=0, source=0x1002 }
08-04 13:56:32.538 28983 28983 I Input   : injectMotionEvent: MotionEvent { action=ACTION_MOVE, actionButton=0, id[0]=0, x[0]=500.0, y[0]=1815.7, toolType[0]=TOOL_TYPE_UNKNOWN, buttonState=0, metaState=0, flags=0x0, edgeFlags=0x0, pointerCount=1, historySize=0, eventTime=712608951, downTime=712608951, deviceId=0, source=0x1002 }
08-04 13:56:32.579 28983 28983 I Input   : injectMotionEvent: MotionEvent { action=ACTION_MOVE, actionButton=0, id[0]=0, x[0]=500.0, y[0]=1737.8, toolType[0]=TOOL_TYPE_UNKNOWN, buttonState=0, metaState=0, flags=0x0, edgeFlags=0x0, pointerCount=1, historySize=0, eventTime=712608992, downTime=712608992, deviceId=0, source=0x1002 }
08-04 13:56:32.618 28983 28983 I Input   : injectMotionEvent: MotionEvent { action=ACTION_MOVE, actionButton=0, id[0]=0, x[0]=500.0, y[0]=1661.8, toolType[0]=TOOL_TYPE_UNKNOWN, buttonState=0, metaState=0, flags=0x0, edgeFlags=0x0, pointerCount=1, historySize=0, eventTime=712609032, downTime=712609032, deviceId=0, source=0x1002 }
08-04 13:56:32.658 28983 28983 I Input   : injectMotionEvent: MotionEvent { action=ACTION_MOVE, actionButton=0, id[0]=0, x[0]=500.0, y[0]=1587.7, toolType[0]=TOOL_TYPE_UNKNOWN, buttonState=0, metaState=0, flags=0x0, edgeFlags=0x0, pointerCount=1, historySize=0, eventTime=712609071, downTime=712609071, deviceId=0, source=0x1002 }
08-04 13:56:32.698 28983 28983 I Input   : injectMotionEvent: MotionEvent { action=ACTION_MOVE, actionButton=0, id[0]=0, x[0]=500.0, y[0]=1511.7, toolType[0]=TOOL_TYPE_UNKNOWN, buttonState=0, metaState=0, flags=0x0, edgeFlags=0x0, pointerCount=1, historySize=0, eventTime=712609111, downTime=712609111, deviceId=0, source=0x1002 }
08-04 13:56:32.731 26384 26402 I art     : Starting a blocking GC Explicit
08-04 13:56:32.736 28983 28983 I Input   : injectMotionEvent: MotionEvent { action=ACTION_MOVE, actionButton=0, id[0]=0, x[0]=500.0, y[0]=1439.5, toolType[0]=TOOL_TYPE_UNKNOWN, buttonState=0, metaState=0, flags=0x0, edgeFlags=0x0, pointerCount=1, historySize=0, eventTime=712609149, downTime=712609149, deviceId=0, source=0x1002 }
08-04 13:56:32.774 28983 28983 I Input   : injectMotionEvent: MotionEvent { action=ACTION_MOVE, actionButton=0, id[0]=0, x[0]=500.0, y[0]=1365.4, toolType[0]=TOOL_TYPE_UNKNOWN, buttonState=0, metaState=0, flags=0x0, edgeFlags=0x0, pointerCount=1, historySize=0, eventTime=712609188, downTime=712609188, deviceId=0, source=0x1002 }
08-04 13:56:32.790 26384 26402 I art     : Explicit concurrent mark sweep GC freed 1660(94KB) AllocSpace objects, 2(48KB) LOS objects, 7% free, 184MB/200MB, paused 1.330ms total 58.218ms
08-04 13:56:32.809 26384 26402 I art     : Starting a blocking GC Explicit
08-04 13:56:32.814 28983 28983 I Input   : injectMotionEvent: MotionEvent { action=ACTION_MOVE, actionButton=0, id[0]=0, x[0]=500.0, y[0]=1289.3999, toolType[0]=TOOL_TYPE_UNKNOWN, buttonState=0, metaState=0, flags=0x0, edgeFlags=0x0, pointerCount=1, historySize=0, eventTime=712609228, downTime=712609228, deviceId=0, source=0x1002 }
08-04 13:56:32.855 28983 28983 I Input   : injectMotionEvent: MotionEvent { action=ACTION_MOVE, actionButton=0, id[0]=0, x[0]=500.0, y[0]=1213.3999, toolType[0]=TOOL_TYPE_UNKNOWN, buttonState=0, metaState=0, flags=0x0, edgeFlags=0x0, pointerCount=1, historySize=0, eventTime=712609268, downTime=712609268, deviceId=0, source=0x1002 }
08-04 13:56:32.863 26384 26402 I art     : Explicit concurrent mark sweep GC freed 32(1152B) AllocSpace objects, 0(0B) LOS objects, 7% free, 184MB/200MB, paused 1.274ms total 53.863ms
08-04 13:56:32.883 26384 26402 I art     : Starting a blocking GC Explicit
08-04 13:56:32.894 28983 28983 I Input   : injectMotionEvent: MotionEvent { action=ACTION_MOVE, actionButton=0, id[0]=0, x[0]=500.0, y[0]=1139.3, toolType[0]=TOOL_TYPE_UNKNOWN, buttonState=0, metaState=0, flags=0x0, edgeFlags=0x0, pointerCount=1, historySize=0, eventTime=712609307, downTime=712609307, deviceId=0, source=0x1002 }
08-04 13:56:32.921 26337 26337 I ServiceManager: Waiting for service AtCmdFwd...
08-04 13:56:32.933 28983 28983 I Input   : injectMotionEvent: MotionEvent { action=ACTION_MOVE, actionButton=0, id[0]=0, x[0]=500.0, y[0]=1065.2, toolType[0]=TOOL_TYPE_UNKNOWN, buttonState=0, metaState=0, flags=0x0, edgeFlags=0x0, pointerCount=1, historySize=0, eventTime=712609346, downTime=712609346, deviceId=0, source=0x1002 }
08-04 13:56:32.937 26384 26402 I art     : Explicit concurrent mark sweep GC freed 7(224B) AllocSpace objects, 0(0B) LOS objects, 7% free, 184MB/200MB, paused 1.466ms total 52.988ms
08-04 13:56:32.955 26384 26402 I art     : Starting a blocking GC Explicit
08-04 13:56:32.974 28983 28983 I Input   : injectMotionEvent: MotionEvent { action=ACTION_MOVE, actionButton=0, id[0]=0, x[0]=500.0, y[0]=987.3, toolType[0]=TOOL_TYPE_UNKNOWN, buttonState=0, metaState=0, flags=0x0, edgeFlags=0x0, pointerCount=1, historySize=0, eventTime=712609387, downTime=712609387, deviceId=0, source=0x1002 }
08-04 13:56:33.009 26384 26402 I art     : Explicit concurrent mark sweep GC freed 5(160B) AllocSpace objects, 0(0B) LOS objects, 7% free, 184MB/200MB, paused 1.481ms total 53.379ms
08-04 13:56:33.014 28983 28983 I Input   : injectMotionEvent: MotionEvent { action=ACTION_MOVE, actionButton=0, id[0]=0, x[0]=500.0, y[0]=909.4, toolType[0]=TOOL_TYPE_UNKNOWN, buttonState=0, metaState=0, flags=0x0, edgeFlags=0x0, pointerCount=1, historySize=0, eventTime=712609428, downTime=712609428, deviceId=0, source=0x1002 }
08-04 13:56:33.028 26384 26402 I art     : Starting a blocking GC Explicit
08-04 13:56:33.054 28983 28983 I Input   : injectMotionEvent: MotionEvent { action=ACTION_MOVE, actionButton=0, id[0]=0, x[0]=500.0, y[0]=835.30005, toolType[0]=TOOL_TYPE_UNKNOWN, buttonState=0, metaState=0, flags=0x0, edgeFlags=0x0, pointerCount=1, historySize=0, eventTime=712609467, downTime=712609467, deviceId=0, source=0x1002 }
08-04 13:56:33.081 26384 26402 I art     : Explicit concurrent mark sweep GC freed 7(224B) AllocSpace objects, 0(0B) LOS objects, 7% free, 184MB/200MB, paused 1.483ms total 52.298ms
08-04 13:56:33.093 28983 28983 I Input   : injectMotionEvent: MotionEvent { action=ACTION_MOVE, actionButton=0, id[0]=0, x[0]=500.0, y[0]=761.19995, toolType[0]=TOOL_TYPE_UNKNOWN, buttonState=0, metaState=0, flags=0x0, edgeFlags=0x0, pointerCount=1, historySize=0, eventTime=712609506, downTime=712609506, deviceId=0, source=0x1002 }
08-04 13:56:33.129 28983 28983 I Input   : injectMotionEvent: MotionEvent { action=ACTION_MOVE, actionButton=0, id[0]=0, x[0]=500.0, y[0]=692.7999, toolType[0]=TOOL_TYPE_UNKNOWN, buttonState=0, metaState=0, flags=0x0, edgeFlags=0x0, pointerCount=1, historySize=0, eventTime=712609542, downTime=712609542, deviceId=0, source=0x1002 }
08-04 13:56:33.165 28983 28983 I Input   : injectMotionEvent: MotionEvent { action=ACTION_MOVE, actionButton=0, id[0]=0, x[0]=500.0, y[0]=624.4, toolType[0]=TOOL_TYPE_UNKNOWN, buttonState=0, metaState=0, flags=0x0, edgeFlags=0x0, pointerCount=1, historySize=0, eventTime=712609578, downTime=712609578, deviceId=0, source=0x1002 }
08-04 13:56:33.201 28983 28983 I Input   : injectMotionEvent: MotionEvent { action=ACTION_MOVE, actionButton=0, id[0]=0, x[0]=500.0, y[0]=556.0, toolType[0]=TOOL_TYPE_UNKNOWN, buttonState=0, metaState=0, flags=0x0, edgeFlags=0x0, pointerCount=1, historySize=0, eventTime=712609614, downTime=712609614, deviceId=0, source=0x1002 }
08-04 13:56:33.238 28983 28983 I Input   : injectMotionEvent: MotionEvent { action=ACTION_MOVE, actionButton=0, id[0]=0, x[0]=500.0, y[0]=483.80005, toolType[0]=TOOL_TYPE_UNKNOWN, buttonState=0, metaState=0, flags=0x0, edgeFlags=0x0, pointerCount=1, historySize=0, eventTime=712609652, downTime=712609652, deviceId=0, source=0x1002 }
08-04 13:56:33.274 28983 28983 I Input   : injectMotionEvent: MotionEvent { action=ACTION_MOVE, actionButton=0, id[0]=0, x[0]=500.0, y[0]=417.30005, toolType[0]=TOOL_TYPE_UNKNOWN, buttonState=0, metaState=0, flags=0x0, edgeFlags=0x0, pointerCount=1, historySize=0, eventTime=712609687, downTime=712609687, deviceId=0, source=0x1002 }
08-04 13:56:33.309 28983 28983 I Input   : injectMotionEvent: MotionEvent { action=ACTION_MOVE, actionButton=0, id[0]=0, x[0]=500.0, y[0]=348.90002, toolType[0]=TOOL_TYPE_UNKNOWN, buttonState=0, metaState=0, flags=0x0, edgeFlags=0x0, pointerCount=1, historySize=0, eventTime=712609723, downTime=712609723, deviceId=0, source=0x1002 }
08-04 13:56:33.350 28983 28983 I Input   : injectMotionEvent: MotionEvent { action=ACTION_MOVE, actionButton=0, id[0]=0, x[0]=500.0, y[0]=271.0, toolType[0]=TOOL_TYPE_UNKNOWN, buttonState=0, metaState=0, flags=0x0, edgeFlags=0x0, pointerCount=1, historySize=0, eventTime=712609764, downTime=712609764, deviceId=0, source=0x1002 }
08-04 13:56:33.391 28983 28983 I Input   : injectMotionEvent: MotionEvent { action=ACTION_MOVE, actionButton=0, id[0]=0, x[0]=500.0, y[0]=195.0, toolType[0]=TOOL_TYPE_UNKNOWN, buttonState=0, metaState=0, flags=0x0, edgeFlags=0x0, pointerCount=1, historySize=0, eventTime=712609804, downTime=712609804, deviceId=0, source=0x1002 }
08-04 13:56:33.429 28983 28983 I Input   : injectMotionEvent: MotionEvent { action=ACTION_MOVE, actionButton=0, id[0]=0, x[0]=500.0, y[0]=122.80005, toolType[0]=TOOL_TYPE_UNKNOWN, buttonState=0, metaState=0, flags=0x0, edgeFlags=0x0, pointerCount=1, historySize=0, eventTime=712609842, downTime=712609842, deviceId=0, source=0x1002 }
08-04 13:56:33.467 28983 28983 I Input   : injectMotionEvent: MotionEvent { action=ACTION_UP, actionButton=0, id[0]=0, x[0]=500.0, y[0]=100.0, toolType[0]=TOOL_TYPE_UNKNOWN, buttonState=0, metaState=0, flags=0x0, edgeFlags=0x0, pointerCount=1, historySize=0, eventTime=712609880, downTime=712609880, deviceId=0, source=0x1002 }
08-04 13:56:33.473 26384 26888 I art     : Starting a blocking GC Explicit
08-04 13:56:33.505 28983 28983 D AndroidRuntime: Shutting down VM
08-04 13:56:33.526 26384 26888 I art     : Explicit concurrent mark sweep GC freed 1663(94KB) AllocSpace objects, 2(48KB) LOS objects, 7% free, 184MB/200MB, paused 1.348ms total 52.524ms
08-04 13:56:33.547 26384 26888 I art     : Starting a blocking GC Explicit
08-04 13:56:33.600 26384 26888 I art     : Explicit concurrent mark sweep GC freed 29(1056B) AllocSpace objects, 0(0B) LOS objects, 7% free, 184MB/200MB, paused 1.319ms total 52.487ms
08-04 13:56:33.619 26384 26888 I art     : Starting a blocking GC Explicit
08-04 13:56:33.659   518   646 I ThermalEngine: ACTION: GPU - Setting GPU[0] to 390000000
08-04 13:56:33.681 26384 26888 I art     : Explicit concurrent mark sweep GC freed 5(176B) AllocSpace objects, 0(0B) LOS objects, 7% free, 184MB/200MB, paused 2.122ms total 62.435ms
08-04 13:56:33.709 26384 26888 I art     : Starting a blocking GC Explicit
08-04 13:56:33.779 26384 26888 I art     : Explicit concurrent mark sweep GC freed 3(96B) AllocSpace objects, 0(0B) LOS objects, 7% free, 184MB/200MB, paused 2.008ms total 69.751ms
08-04 13:56:33.804 26384 26888 I art     : Starting a blocking GC Explicit
08-04 13:56:33.873 26384 26888 I art     : Explicit concurrent mark sweep GC freed 14(720B) AllocSpace objects, 0(0B) LOS objects, 7% free, 184MB/200MB, paused 1.982ms total 68.803ms
08-04 13:56:33.921 26337 26337 I ServiceManager: Waiting for service AtCmdFwd...
08-04 13:56:34.342 26384 26395 I art     : Starting a blocking GC Explicit
08-04 13:56:34.406 29027 29027 D AndroidRuntime: >>>>>> START com.android.internal.os.RuntimeInit uid 2000 <<<<<<
08-04 13:56:34.413 29027 29027 D AndroidRuntime: CheckJNI is OFF
08-04 13:56:34.420 26384 26395 I art     : Explicit concurrent mark sweep GC freed 1597(92KB) AllocSpace objects, 2(48KB) LOS objects, 7% free, 184MB/200MB, paused 2.227ms total 77.214ms
08-04 13:56:34.445 26384 26395 I art     : Starting a blocking GC Explicit
08-04 13:56:34.468 29027 29027 D ICU     : No timezone override file found: /data/misc/zoneinfo/current/icu/icu_tzdata.dat
08-04 13:56:34.511 29027 29027 I Radio-JNI: register_android_hardware_Radio DONE
08-04 13:56:34.513 26384 26395 I art     : Explicit concurrent mark sweep GC freed 65(2016B) AllocSpace objects, 0(0B) LOS objects, 7% free, 184MB/200MB, paused 1.980ms total 67.626ms
08-04 13:56:34.539 26384 26395 I art     : Starting a blocking GC Explicit
08-04 13:56:34.544 29027 29027 D AndroidRuntime: Calling main entry com.android.commands.input.Input
08-04 13:56:34.546 29027 29027 I Input   : injectMotionEvent: MotionEvent { action=ACTION_DOWN, actionButton=0, id[0]=0, x[0]=657.0, y[0]=2080.0, toolType[0]=TOOL_TYPE_UNKNOWN, buttonState=0, metaState=0, flags=0x0, edgeFlags=0x0, pointerCount=1, historySize=0, eventTime=712610959, downTime=712610959, deviceId=0, source=0x1002 }
08-04 13:56:34.553 29027 29027 I Input   : injectMotionEvent: MotionEvent { action=ACTION_UP, actionButton=0, id[0]=0, x[0]=657.0, y[0]=2080.0, toolType[0]=TOOL_TYPE_UNKNOWN, buttonState=0, metaState=0, flags=0x0, edgeFlags=0x0, pointerCount=1, historySize=0, eventTime=712610959, downTime=712610959, deviceId=0, source=0x1002 }
08-04 13:56:34.555 29027 29027 D AndroidRuntime: Shutting down VM
08-04 13:56:34.555   918  3714 I ActivityManager: START u0 {cmp=baseline.io.github.project_travel_mate/.utilities.UpcomingWeekendsActivity} from uid 10650 on display 0
08-04 13:56:34.559   512  2967 D audio_hw_primary: out_set_parameters: enter: usecase(1: low-latency-playback) kvpairs: routing=2
08-04 13:56:34.572   512  2967 D audio_hw_primary: select_devices: out_snd_device(2: speaker) in_snd_device(0: none)
08-04 13:56:34.573   512  2967 D msm8974_platform: platform_send_audio_calibration: sending audio calibration for snd_device(2) acdb_id(15)
08-04 13:56:34.573   512  2967 I soundtrigger: audio_extn_sound_trigger_update_device_status: device 0x2 of type 0 for Event 1
08-04 13:56:34.594   512  2967 D audio_hw_primary: enable_snd_device: snd_device(2: speaker)
08-04 13:56:34.597   512  2967 D audio_hw_primary: enable_audio_route: apply and update mixer path: low-latency-playback speaker
08-04 13:56:34.603 26384 26462 D Gabe    : call	returning from cache
08-04 13:56:34.608 26384 26384 V EXECUTING: https://project-travel-mate.herokuapp.com/api/get-upcoming-holidays/2020
08-04 13:56:34.614 26384 26395 I art     : Explicit concurrent mark sweep GC freed 399(23KB) AllocSpace objects, 0(0B) LOS objects, 7% free, 184MB/200MB, paused 2.356ms total 74.564ms
08-04 13:56:34.614 26384 26384 V EXECUTING: https://project-travel-mate.herokuapp.com/api/get-upcoming-holidays/2020
08-04 13:56:34.638 26384 26395 I art     : Starting a blocking GC Explicit
08-04 13:56:34.704 26384 26395 I art     : Explicit concurrent mark sweep GC freed 770(54KB) AllocSpace objects, 0(0B) LOS objects, 7% free, 184MB/200MB, paused 1.942ms total 65.353ms
08-04 13:56:34.713 13866 13866 I GoogleInputMethodServic: GoogleInputMethodService.onFinishInput():3138 
08-04 13:56:34.713 13866 13866 I GoogleInputMethodServic: GoogleInputMethodService.onStartInput():1808 
08-04 13:56:34.728 26384 26395 I art     : Starting a blocking GC Explicit
08-04 13:56:34.791 26384 26395 I art     : Explicit concurrent mark sweep GC freed 687(27KB) AllocSpace objects, 0(0B) LOS objects, 7% free, 189MB/205MB, paused 2.030ms total 62.969ms
08-04 13:56:34.825   918   936 I ActivityManager: Displayed baseline.io.github.project_travel_mate/.utilities.UpcomingWeekendsActivity: +256ms
08-04 13:56:34.921 26337 26337 W Atfwd_Sendcmd: AtCmdFwd service not published, waiting... retryCnt : 4
08-04 13:56:35.082   380   380 W SurfaceFlinger: couldn't log to binary event log: overflow.
08-04 13:56:35.139   512  2967 D audio_hw_primary: disable_audio_route: reset and update mixer path: low-latency-playback speaker
08-04 13:56:35.140   512  2967 D audio_hw_primary: disable_snd_device: snd_device(2: speaker)
08-04 13:56:35.148   512  2967 I soundtrigger: audio_extn_sound_trigger_update_device_status: device 0x2 of type 0 for Event 0
08-04 13:56:35.250 26384 26888 I art     : Starting a blocking GC Explicit
08-04 13:56:35.312 26384 26888 I art     : Explicit concurrent mark sweep GC freed 2217(104KB) AllocSpace objects, 2(48KB) LOS objects, 7% free, 189MB/205MB, paused 2.059ms total 61.851ms
08-04 13:56:35.336 26384 26888 I art     : Starting a blocking GC Explicit
08-04 13:56:35.423 26384 29051 I NAPPA_EXPERIMENTATION: MetricNetworkRequestExecutionTime: REQUEST_DURATION_SYSTEM='808',REQUEST_DURATION_OKHTTP='48',REQUEST_SYNCHRONOUS='FALSE',RESPONSE_CODE='200',RESPONSE_METHOD='GET',RESPONSE_LENGTH_OKHTTP='6426',RESPONSE_LENGTH_HEADER='6426',REQUEST_PROTOCOL='http/1.1',REQUEST_URL='https://project-travel-mate.herokuapp.com/api/get-upcoming-holidays/2020',
08-04 13:56:35.423 26384 26888 I art     : Explicit concurrent mark sweep GC freed 5430(271KB) AllocSpace objects, 4(280KB) LOS objects, 7% free, 189MB/205MB, paused 2.063ms total 87.254ms
08-04 13:56:35.432 26384 29050 I NAPPA_EXPERIMENTATION: MetricNetworkRequestExecutionTime: REQUEST_DURATION_SYSTEM='823',REQUEST_DURATION_OKHTTP='42',REQUEST_SYNCHRONOUS='FALSE',RESPONSE_CODE='200',RESPONSE_METHOD='GET',RESPONSE_LENGTH_OKHTTP='6426',RESPONSE_LENGTH_HEADER='6426',REQUEST_PROTOCOL='http/1.1',REQUEST_URL='https://project-travel-mate.herokuapp.com/api/get-upcoming-holidays/2020',
08-04 13:56:35.448 26384 26888 I art     : Starting a blocking GC Explicit
08-04 13:56:35.502 26384 26384 V Response: [{"month":"January","date":1,"day":"Wednesday","name":"New Year's Day","type":"Restricted"},{"month":"January","date":2,"day":"Thursday","name":"Guru Govind Singh Jayanti","type":"Restricted"},{"month":"January","date":14,"day":"Tuesday","name":"Lohri","type":"Restricted"},{"month":"January","date":15,"day":"Wednesday","name":"Pongal","type":"Restricted"},{"month":"January","date":15,"day":"Wednesday","name":"Makar Sankranti","type":"Restricted"},{"month":"January","date":25,"day":"Saturday","name":"Chinese New Year","type":"Observance"},{"month":"January","date":26,"day":"Sunday","name":"Republic Day","type":"Gazetted"},{"month":"January","date":30,"day":"Thursday","name":"Vasant Panchami","type":"Restricted"},{"month":"February","date":9,"day":"Sunday","name":"Guru Ravidas Jayanti","type":"Restricted"},{"month":"February","date":14,"day":"Friday","name":"Valentine's Day","type":"Observance"},{"month":"February","date":18,"day":"Tuesday","name":"Maharishi Dayanand Saraswati Jayanti","type":"Restricted"},{"month":"February","date":19,"day":"Wednesday","name":"Shivaji Jayanti","type":"Restricted"},{"month":"February","date":21,"day":"Friday","name":"Maha Shivaratri/Shivaratri","type":"Gazetted"},{"month":"March","date":9,"day":"Monday","name":"Holika Dahana","type":"Restricted"},{"month":"March","date":9,"day":"Monday","name":"Hazarat Ali's Birthday","type":"Restricted"},{"month":"March","date":10,"day":"Tuesday","name":"Holi","type":"Gazetted"},{"month":"March","date":20,"day":"Friday","name":"March Equinox","type":"Season"},{"month":"March","date":25,"day":"Wednesday","name":"Chaitra Sukhladi","type":"Restricted"},{"month":"April","date":2,"day":"Thursday","name":"Rama Navami","type":"Gazetted"},{"month":"April","date":6,"day":"Monday","name":"Mahavir Jayanti","type":"Gazetted"},{"month":"April","date":9,"day":"Thursday","name":"First day of Passover","type":"Observance"},{"month":"April","date":9,"day":"Thursday","name":"Maundy Thursday","type":"Observance,"},{"month":"April","date":10,"day":"Friday","name":"Good Friday","type":"Gazetted"},{"month":"April","date":12,"day":"Sunday","name":"Easter Day","type":"Restricted"},{"month":"April","date":13,"day":"Monday","name":"Vaisakhi","type":"Restricted"},{"month":"April","date":14,"day":"Tuesday","name":"Mesadi/Vaisakhadi","type":"Restricted"},{"month":"April","date":14,"day":"Tuesday","name":"Ambedkar Jayanti","type":"Central"},{"month":"May","date":1,"day":"Friday","name":"May Day","type":"Observance"},{"month":"May","date":7,"day":"Thursday","name":"Buddha Purnima/Vesak","type":"Gazetted"},{"month":"May","date":7,"day":"Thursday","name":"Birthday of Ravindranath","type":"Restricted"},{"month":"May","date":10,"day":"Sunday","name":"Mother's Day","type":"Observance"},{"month":"May","date":22,"day":"Friday","name":"Jamat Ul-Vida","type":"Restricted"},{"month":"May","date":25,"day":"Monday","name":"Ramzan Id/Eid-ul-Fitar","type":"Gazetted"},{"month":"May","date":25,"day":"Monday","name":"Ramzan Id/Eid-ul-Fitar","type":"Muslim,"},{"month":"June","date":21,"day":"Sunday","name":"June Solstice","type":"Season"},{"month":"June","date":21,"day":"Sunday","name":"Father's Day","type":"Observance"},{"month":"June","date":23,"day":"Tuesday","name":"Rath Yatra","type":"Restricted"},{"month":"July","date":5,"day":"Sunday","name":"Guru Purnima","type":"Observance"},{"month":"July","date":31,"day":"Friday","name":"Bakr Id/Eid ul-Adha","type":"Gazetted"},{"month":"August","date":2,"day":"Sunday","name":"Friendship Day","type":"Observance"},{"month":"August","date":3,"day":"Monday","name":"Raksha Bandhan (Rakhi)","type":"Restricted"},{"month":"August","date":11,"day":"Tuesday","name":"Janmashtami (Smarta)","type":"Restricted"},{"month":"August","date":12,"day":"Wednesday","name":"Janmashtami","type":"Gazetted"},{"month":"August","date":15,"day":"Saturday","name":"Independence Day","type":"Gazetted"},{"month":"August","date":16,"day":"Sunday","name":"Parsi New Year","type":"Restricted"},{"month":"August","date":22,"day":"Saturday","name":"Ganesh Chaturthi/Vin
08-04 13:56:35.507 26384 26384 V Response: [{"month":"January","date":1,"day":"Wednesday","name":"New Year's Day","type":"Restricted"},{"month":"January","date":2,"day":"Thursday","name":"Guru Govind Singh Jayanti","type":"Restricted"},{"month":"January","date":14,"day":"Tuesday","name":"Lohri","type":"Restricted"},{"month":"January","date":15,"day":"Wednesday","name":"Pongal","type":"Restricted"},{"month":"January","date":15,"day":"Wednesday","name":"Makar Sankranti","type":"Restricted"},{"month":"January","date":25,"day":"Saturday","name":"Chinese New Year","type":"Observance"},{"month":"January","date":26,"day":"Sunday","name":"Republic Day","type":"Gazetted"},{"month":"January","date":30,"day":"Thursday","name":"Vasant Panchami","type":"Restricted"},{"month":"February","date":9,"day":"Sunday","name":"Guru Ravidas Jayanti","type":"Restricted"},{"month":"February","date":14,"day":"Friday","name":"Valentine's Day","type":"Observance"},{"month":"February","date":18,"day":"Tuesday","name":"Maharishi Dayanand Saraswati Jayanti","type":"Restricted"},{"month":"February","date":19,"day":"Wednesday","name":"Shivaji Jayanti","type":"Restricted"},{"month":"February","date":21,"day":"Friday","name":"Maha Shivaratri/Shivaratri","type":"Gazetted"},{"month":"March","date":9,"day":"Monday","name":"Holika Dahana","type":"Restricted"},{"month":"March","date":9,"day":"Monday","name":"Hazarat Ali's Birthday","type":"Restricted"},{"month":"March","date":10,"day":"Tuesday","name":"Holi","type":"Gazetted"},{"month":"March","date":20,"day":"Friday","name":"March Equinox","type":"Season"},{"month":"March","date":25,"day":"Wednesday","name":"Chaitra Sukhladi","type":"Restricted"},{"month":"April","date":2,"day":"Thursday","name":"Rama Navami","type":"Gazetted"},{"month":"April","date":6,"day":"Monday","name":"Mahavir Jayanti","type":"Gazetted"},{"month":"April","date":9,"day":"Thursday","name":"First day of Passover","type":"Observance"},{"month":"April","date":9,"day":"Thursday","name":"Maundy Thursday","type":"Observance,"},{"month":"April","date":10,"day":"Friday","name":"Good Friday","type":"Gazetted"},{"month":"April","date":12,"day":"Sunday","name":"Easter Day","type":"Restricted"},{"month":"April","date":13,"day":"Monday","name":"Vaisakhi","type":"Restricted"},{"month":"April","date":14,"day":"Tuesday","name":"Mesadi/Vaisakhadi","type":"Restricted"},{"month":"April","date":14,"day":"Tuesday","name":"Ambedkar Jayanti","type":"Central"},{"month":"May","date":1,"day":"Friday","name":"May Day","type":"Observance"},{"month":"May","date":7,"day":"Thursday","name":"Buddha Purnima/Vesak","type":"Gazetted"},{"month":"May","date":7,"day":"Thursday","name":"Birthday of Ravindranath","type":"Restricted"},{"month":"May","date":10,"day":"Sunday","name":"Mother's Day","type":"Observance"},{"month":"May","date":22,"day":"Friday","name":"Jamat Ul-Vida","type":"Restricted"},{"month":"May","date":25,"day":"Monday","name":"Ramzan Id/Eid-ul-Fitar","type":"Gazetted"},{"month":"May","date":25,"day":"Monday","name":"Ramzan Id/Eid-ul-Fitar","type":"Muslim,"},{"month":"June","date":21,"day":"Sunday","name":"June Solstice","type":"Season"},{"month":"June","date":21,"day":"Sunday","name":"Father's Day","type":"Observance"},{"month":"June","date":23,"day":"Tuesday","name":"Rath Yatra","type":"Restricted"},{"month":"July","date":5,"day":"Sunday","name":"Guru Purnima","type":"Observance"},{"month":"July","date":31,"day":"Friday","name":"Bakr Id/Eid ul-Adha","type":"Gazetted"},{"month":"August","date":2,"day":"Sunday","name":"Friendship Day","type":"Observance"},{"month":"August","date":3,"day":"Monday","name":"Raksha Bandhan (Rakhi)","type":"Restricted"},{"month":"August","date":11,"day":"Tuesday","name":"Janmashtami (Smarta)","type":"Restricted"},{"month":"August","date":12,"day":"Wednesday","name":"Janmashtami","type":"Gazetted"},{"month":"August","date":15,"day":"Saturday","name":"Independence Day","type":"Gazetted"},{"month":"August","date":16,"day":"Sunday","name":"Parsi New Year","type":"Restricted"},{"month":"August","date":22,"day":"Saturday","name":"Ganesh Chaturthi/Vin
08-04 13:56:35.512 26384 26888 I art     : Explicit concurrent mark sweep GC freed 3722(311KB) AllocSpace objects, 5(168KB) LOS objects, 7% free, 189MB/205MB, paused 2.554ms total 63.975ms
08-04 13:56:35.536 26384 26888 I art     : Starting a blocking GC Explicit
08-04 13:56:35.604 26384 26888 I art     : Explicit concurrent mark sweep GC freed 7673(278KB) AllocSpace objects, 0(0B) LOS objects, 7% free, 189MB/205MB, paused 2.229ms total 67.759ms
08-04 13:56:35.631 26384 26888 I art     : Starting a blocking GC Explicit
08-04 13:56:35.709 26384 26888 I art     : Explicit concurrent mark sweep GC freed 499(15KB) AllocSpace objects, 1(4MB) LOS objects, 7% free, 185MB/201MB, paused 2.234ms total 77.501ms
08-04 13:56:36.163 26384 26402 I art     : Starting a blocking GC Explicit
08-04 13:56:36.242 26384 26402 I art     : Explicit concurrent mark sweep GC freed 2359(104KB) AllocSpace objects, 2(48KB) LOS objects, 7% free, 185MB/201MB, paused 2.191ms total 78.977ms
08-04 13:56:36.271 26384 26402 I art     : Starting a blocking GC Explicit
08-04 13:56:36.348 26384 26402 I art     : Explicit concurrent mark sweep GC freed 173(3KB) AllocSpace objects, 0(0B) LOS objects, 7% free, 185MB/201MB, paused 2.233ms total 77.104ms
08-04 13:56:36.349 26384 26394 I art     : WaitForGcToComplete blocked for 44.062ms for cause HeapTrim
08-04 13:56:36.376 26384 26402 I art     : Starting a blocking GC Explicit
08-04 13:56:36.456 26384 26402 I art     : Explicit concurrent mark sweep GC freed 207(3KB) AllocSpace objects, 0(0B) LOS objects, 7% free, 185MB/201MB, paused 2.333ms total 79.536ms
08-04 13:56:36.484 26384 26402 I art     : Starting a blocking GC Explicit
08-04 13:56:36.562 26384 26402 I art     : Explicit concurrent mark sweep GC freed 147(2496B) AllocSpace objects, 0(0B) LOS objects, 7% free, 185MB/201MB, paused 2.081ms total 78.163ms
08-04 13:56:36.590 26384 26402 I art     : Starting a blocking GC Explicit
08-04 13:56:36.669 26384 26402 I art     : Explicit concurrent mark sweep GC freed 148(2528B) AllocSpace objects, 0(0B) LOS objects, 7% free, 185MB/201MB, paused 2.308ms total 78.698ms
08-04 13:56:37.174 26384 26396 I art     : Starting a blocking GC Explicit
08-04 13:56:37.253 26384 26396 I art     : Explicit concurrent mark sweep GC freed 2451(107KB) AllocSpace objects, 2(48KB) LOS objects, 7% free, 185MB/201MB, paused 2.036ms total 78.429ms
08-04 13:56:37.281 26384 26396 I art     : Starting a blocking GC Explicit
08-04 13:56:37.359 26384 26396 I art     : Explicit concurrent mark sweep GC freed 229(5KB) AllocSpace objects, 0(0B) LOS objects, 7% free, 185MB/201MB, paused 2.217ms total 76.724ms
08-04 13:56:37.387 26384 26396 I art     : Starting a blocking GC Explicit
08-04 13:56:37.464 26384 26396 I art     : Explicit concurrent mark sweep GC freed 184(3KB) AllocSpace objects, 0(0B) LOS objects, 7% free, 185MB/201MB, paused 2.066ms total 76.658ms
08-04 13:56:37.491 26384 26396 I art     : Starting a blocking GC Explicit
08-04 13:56:37.569 26384 26396 I art     : Explicit concurrent mark sweep GC freed 148(2528B) AllocSpace objects, 0(0B) LOS objects, 7% free, 185MB/201MB, paused 2.252ms total 77.745ms
08-04 13:56:37.598 26384 26396 I art     : Starting a blocking GC Explicit
08-04 13:56:37.665   518   646 I ThermalEngine: ACTION: GPU - Setting GPU[0] to 450000000
08-04 13:56:37.672 26384 26396 I art     : Explicit concurrent mark sweep GC freed 171(2896B) AllocSpace objects, 0(0B) LOS objects, 7% free, 185MB/201MB, paused 1.103ms total 73.651ms
08-04 13:56:38.120 26384 26395 I art     : Starting a blocking GC Explicit
08-04 13:56:38.190 26384 26395 I art     : Explicit concurrent mark sweep GC freed 2319(104KB) AllocSpace objects, 2(48KB) LOS objects, 7% free, 185MB/201MB, paused 1.555ms total 69.477ms
08-04 13:56:38.212 26384 26395 I art     : Starting a blocking GC Explicit
08-04 13:56:38.275 26384 26395 I art     : Explicit concurrent mark sweep GC freed 171(3KB) AllocSpace objects, 0(0B) LOS objects, 7% free, 185MB/201MB, paused 1.417ms total 63.117ms
08-04 13:56:38.295 26384 26395 I art     : Starting a blocking GC Explicit
08-04 13:56:38.361 26384 26395 I art     : Explicit concurrent mark sweep GC freed 134(2672B) AllocSpace objects, 0(0B) LOS objects, 7% free, 185MB/201MB, paused 1.429ms total 65.830ms
08-04 13:56:38.381 26384 26395 I art     : Starting a blocking GC Explicit
08-04 13:56:38.448 26384 26395 I art     : Explicit concurrent mark sweep GC freed 123(2096B) AllocSpace objects, 0(0B) LOS objects, 7% free, 185MB/201MB, paused 1.574ms total 65.915ms
08-04 13:56:38.468 26384 26395 I art     : Starting a blocking GC Explicit
08-04 13:56:38.534 26384 26395 I art     : Explicit concurrent mark sweep GC freed 160(3KB) AllocSpace objects, 0(0B) LOS objects, 7% free, 185MB/201MB, paused 1.461ms total 65.966ms
08-04 13:56:38.959 26384 26888 I art     : Starting a blocking GC Explicit
08-04 13:56:39.027 26384 26888 I art     : Explicit concurrent mark sweep GC freed 2306(103KB) AllocSpace objects, 2(48KB) LOS objects, 7% free, 185MB/201MB, paused 1.399ms total 67.220ms
08-04 13:56:39.048 26384 26888 I art     : Starting a blocking GC Explicit
08-04 13:56:39.113 26384 26888 I art     : Explicit concurrent mark sweep GC freed 148(3024B) AllocSpace objects, 0(0B) LOS objects, 7% free, 185MB/201MB, paused 1.420ms total 64.614ms
08-04 13:56:39.132 26384 26888 I art     : Starting a blocking GC Explicit
08-04 13:56:39.197 26384 26888 I art     : Explicit concurrent mark sweep GC freed 123(2096B) AllocSpace objects, 0(0B) LOS objects, 7% free, 185MB/201MB, paused 1.440ms total 64.238ms
08-04 13:56:39.218 26384 26888 I art     : Starting a blocking GC Explicit
08-04 13:56:39.282 26384 26888 I art     : Explicit concurrent mark sweep GC freed 123(2096B) AllocSpace objects, 0(0B) LOS objects, 7% free, 185MB/201MB, paused 1.418ms total 63.859ms
08-04 13:56:39.302 26384 26888 I art     : Starting a blocking GC Explicit
08-04 13:56:39.366 26384 26888 I art     : Explicit concurrent mark sweep GC freed 123(2096B) AllocSpace objects, 0(0B) LOS objects, 7% free, 185MB/201MB, paused 1.465ms total 63.249ms
08-04 13:56:39.378 29104 29104 D AndroidRuntime: >>>>>> START com.android.internal.os.RuntimeInit uid 2000 <<<<<<
08-04 13:56:39.384 29104 29104 D AndroidRuntime: CheckJNI is OFF
08-04 13:56:39.428 29104 29104 D ICU     : No timezone override file found: /data/misc/zoneinfo/current/icu/icu_tzdata.dat
08-04 13:56:39.472 29104 29104 I Radio-JNI: register_android_hardware_Radio DONE
08-04 13:56:39.503 29104 29104 D AndroidRuntime: Calling main entry com.android.commands.input.Input
08-04 13:56:39.504 29104 29104 I Input   : injectKeyEvent: KeyEvent { action=ACTION_DOWN, keyCode=KEYCODE_BACK, scanCode=0, metaState=0, flags=0x0, repeatCount=0, eventTime=712615917, downTime=712615917, deviceId=-1, source=0x101 }
08-04 13:56:39.514 29104 29104 I Input   : injectKeyEvent: KeyEvent { action=ACTION_UP, keyCode=KEYCODE_BACK, scanCode=0, metaState=0, flags=0x0, repeatCount=0, eventTime=712615917, downTime=712615917, deviceId=-1, source=0x101 }
08-04 13:56:39.527 29104 29104 D AndroidRuntime: Shutting down VM
08-04 13:56:39.537 26384 26384 V MainActivity: url = https://project-travel-mate.herokuapp.com/api/number-of-unread-notifications
08-04 13:56:39.564 13866 13866 I GoogleInputMethodServic: GoogleInputMethodService.onFinishInput():3138 
08-04 13:56:39.565 13866 13866 I GoogleInputMethodServic: GoogleInputMethodService.onStartInput():1808 
08-04 13:56:39.762 26384 26396 I art     : Starting a blocking GC Explicit
08-04 13:56:39.837 26384 26396 I art     : Explicit concurrent mark sweep GC freed 2715(125KB) AllocSpace objects, 2(48KB) LOS objects, 7% free, 185MB/201MB, paused 1.468ms total 74.940ms
08-04 13:56:39.861 26384 26396 I art     : Starting a blocking GC Explicit
08-04 13:56:39.887   380   380 W SurfaceFlinger: couldn't log to binary event log: overflow.
08-04 13:56:39.921 26384 26396 I art     : Explicit concurrent mark sweep GC freed 201(5KB) AllocSpace objects, 0(0B) LOS objects, 7% free, 185MB/201MB, paused 1.348ms total 59.600ms
08-04 13:56:39.940 26384 26396 I art     : Starting a blocking GC Explicit
08-04 13:56:39.999 26384 26396 I art     : Explicit concurrent mark sweep GC freed 23(1040B) AllocSpace objects, 1(188KB) LOS objects, 7% free, 185MB/201MB, paused 1.440ms total 58.503ms
08-04 13:56:40.019 26384 26396 I art     : Starting a blocking GC Explicit
08-04 13:56:40.079 26384 26396 I art     : Explicit concurrent mark sweep GC freed 6626(360KB) AllocSpace objects, 13(264KB) LOS objects, 7% free, 184MB/200MB, paused 1.545ms total 59.766ms
08-04 13:56:40.099 26384 26396 I art     : Starting a blocking GC Explicit
08-04 13:56:40.162 26384 26396 I art     : Explicit concurrent mark sweep GC freed 6(256B) AllocSpace objects, 0(0B) LOS objects, 7% free, 184MB/200MB, paused 1.603ms total 62.843ms
08-04 13:56:40.417 26384 29119 I NAPPA_EXPERIMENTATION: MetricNetworkRequestExecutionTime: REQUEST_DURATION_SYSTEM='879',REQUEST_DURATION_OKHTTP='28',REQUEST_SYNCHRONOUS='FALSE',RESPONSE_CODE='200',RESPONSE_METHOD='GET',RESPONSE_LENGTH_OKHTTP='36',RESPONSE_LENGTH_HEADER='36',REQUEST_PROTOCOL='http/1.1',REQUEST_URL='https://project-travel-mate.herokuapp.com/api/number-of-unread-notifications',
08-04 13:56:40.588 26384 26395 I art     : Starting a blocking GC Explicit
08-04 13:56:40.669 26384 26395 I art     : Explicit concurrent mark sweep GC freed 4432(241KB) AllocSpace objects, 5(248KB) LOS objects, 7% free, 185MB/201MB, paused 1.533ms total 80.354ms
08-04 13:56:40.693 26384 26395 I art     : Starting a blocking GC Explicit
08-04 13:56:40.758 26384 26395 I art     : Explicit concurrent mark sweep GC freed 962(117KB) AllocSpace objects, 0(0B) LOS objects, 7% free, 184MB/200MB, paused 1.460ms total 64.724ms
08-04 13:56:40.782 26384 26395 I art     : Starting a blocking GC Explicit
08-04 13:56:40.840 26384 26395 I art     : Explicit concurrent mark sweep GC freed 3(96B) AllocSpace objects, 0(0B) LOS objects, 7% free, 184MB/200MB, paused 1.431ms total 58.345ms
08-04 13:56:40.859 26384 26395 I art     : Starting a blocking GC Explicit
08-04 13:56:40.918 26384 26395 I art     : Explicit concurrent mark sweep GC freed 3(96B) AllocSpace objects, 0(0B) LOS objects, 7% free, 184MB/200MB, paused 1.670ms total 58.421ms
08-04 13:56:40.938 26384 26395 I art     : Starting a blocking GC Explicit
08-04 13:56:40.997 26384 26395 I art     : Explicit concurrent mark sweep GC freed 3(96B) AllocSpace objects, 0(0B) LOS objects, 7% free, 184MB/200MB, paused 1.366ms total 58.685ms
08-04 13:56:41.306 29139 29139 D AndroidRuntime: >>>>>> START com.android.internal.os.RuntimeInit uid 2000 <<<<<<
08-04 13:56:41.311 29139 29139 D AndroidRuntime: CheckJNI is OFF
08-04 13:56:41.349 29139 29139 D ICU     : No timezone override file found: /data/misc/zoneinfo/current/icu/icu_tzdata.dat
08-04 13:56:41.388 29139 29139 I Radio-JNI: register_android_hardware_Radio DONE
08-04 13:56:41.412 26384 26396 I art     : Starting a blocking GC Explicit
08-04 13:56:41.415 29139 29139 D AndroidRuntime: Calling main entry com.android.commands.input.Input
08-04 13:56:41.417 29139 29139 I Input   : injectMotionEvent: MotionEvent { action=ACTION_DOWN, actionButton=0, id[0]=0, x[0]=657.0, y[0]=2080.0, toolType[0]=TOOL_TYPE_UNKNOWN, buttonState=0, metaState=0, flags=0x0, edgeFlags=0x0, pointerCount=1, historySize=0, eventTime=712617829, downTime=712617829, deviceId=0, source=0x1002 }
08-04 13:56:41.452 29139 29139 I Input   : injectMotionEvent: MotionEvent { action=ACTION_UP, actionButton=0, id[0]=0, x[0]=657.0, y[0]=2080.0, toolType[0]=TOOL_TYPE_UNKNOWN, buttonState=0, metaState=0, flags=0x0, edgeFlags=0x0, pointerCount=1, historySize=0, eventTime=712617829, downTime=712617829, deviceId=0, source=0x1002 }
08-04 13:56:41.466 26384 26396 I art     : Explicit concurrent mark sweep GC freed 1647(94KB) AllocSpace objects, 2(48KB) LOS objects, 7% free, 184MB/200MB, paused 1.354ms total 53.711ms
08-04 13:56:41.466 26384 26394 I art     : WaitForGcToComplete blocked for 9.665ms for cause HeapTrim
08-04 13:56:41.486 26384 26396 I art     : Starting a blocking GC Explicit
08-04 13:56:41.492 29139 29139 D AndroidRuntime: Shutting down VM
08-04 13:56:41.492   918  6110 I ActivityManager: START u0 {cmp=baseline.io.github.project_travel_mate/.utilities.UpcomingWeekendsActivity} from uid 10650 on display 0
08-04 13:56:41.493   512  2967 D audio_hw_primary: out_set_parameters: enter: usecase(1: low-latency-playback) kvpairs: routing=2
08-04 13:56:41.507   512  2967 D audio_hw_primary: select_devices: out_snd_device(2: speaker) in_snd_device(0: none)
08-04 13:56:41.507   512  2967 D msm8974_platform: platform_send_audio_calibration: sending audio calibration for snd_device(2) acdb_id(15)
08-04 13:56:41.507   512  2967 I soundtrigger: audio_extn_sound_trigger_update_device_status: device 0x2 of type 0 for Event 1
08-04 13:56:41.517   512  2967 D audio_hw_primary: enable_snd_device: snd_device(2: speaker)
08-04 13:56:41.517 26384 26462 D Gabe    : call	returning from cache
08-04 13:56:41.519   512  2967 D audio_hw_primary: enable_audio_route: apply and update mixer path: low-latency-playback speaker
08-04 13:56:41.520 26384 26384 V EXECUTING: https://project-travel-mate.herokuapp.com/api/get-upcoming-holidays/2020
08-04 13:56:41.522 26384 26384 V EXECUTING: https://project-travel-mate.herokuapp.com/api/get-upcoming-holidays/2020
08-04 13:56:41.540 26384 26396 I art     : Explicit concurrent mark sweep GC freed 698(38KB) AllocSpace objects, 0(0B) LOS objects, 7% free, 185MB/201MB, paused 1.598ms total 54.090ms
08-04 13:56:41.560 26384 26396 I art     : Starting a blocking GC Explicit
08-04 13:56:41.602 13866 13866 I GoogleInputMethodServic: GoogleInputMethodService.onFinishInput():3138 
08-04 13:56:41.602 13866 13866 I GoogleInputMethodServic: GoogleInputMethodService.onStartInput():1808 
08-04 13:56:41.616 26384 26396 I art     : Explicit concurrent mark sweep GC freed 1060(62KB) AllocSpace objects, 0(0B) LOS objects, 7% free, 189MB/205MB, paused 2.053ms total 55.652ms
08-04 13:56:41.635 26384 26396 I art     : Starting a blocking GC Explicit
08-04 13:56:41.688 26384 26396 I art     : Explicit concurrent mark sweep GC freed 159(8KB) AllocSpace objects, 0(0B) LOS objects, 7% free, 189MB/205MB, paused 1.664ms total 53.158ms
08-04 13:56:41.698   918   936 I ActivityManager: Displayed baseline.io.github.project_travel_mate/.utilities.UpcomingWeekendsActivity: +198ms
08-04 13:56:41.708 26384 26396 I art     : Starting a blocking GC Explicit
08-04 13:56:41.765 26384 26396 I art     : Explicit concurrent mark sweep GC freed 123(2432B) AllocSpace objects, 0(0B) LOS objects, 7% free, 189MB/205MB, paused 1.655ms total 57.184ms
08-04 13:56:41.956   380   380 W SurfaceFlinger: couldn't log to binary event log: overflow.
08-04 13:56:42.048   512  2967 D audio_hw_primary: disable_audio_route: reset and update mixer path: low-latency-playback speaker
08-04 13:56:42.049   512  2967 D audio_hw_primary: disable_snd_device: snd_device(2: speaker)
08-04 13:56:42.059   512  2967 I soundtrigger: audio_extn_sound_trigger_update_device_status: device 0x2 of type 0 for Event 0
08-04 13:56:42.167 26384 26396 I art     : Starting a blocking GC Explicit
08-04 13:56:42.221 26384 26396 I art     : Explicit concurrent mark sweep GC freed 2296(106KB) AllocSpace objects, 2(48KB) LOS objects, 7% free, 189MB/205MB, paused 1.659ms total 53.632ms
08-04 13:56:42.240 26384 26396 I art     : Starting a blocking GC Explicit
08-04 13:56:42.293 26384 26396 I art     : Explicit concurrent mark sweep GC freed 141(3KB) AllocSpace objects, 0(0B) LOS objects, 7% free, 189MB/205MB, paused 1.790ms total 53.218ms
08-04 13:56:42.312 26384 26396 I art     : Starting a blocking GC Explicit
08-04 13:56:42.370 26384 26396 I art     : Explicit concurrent mark sweep GC freed 5227(265KB) AllocSpace objects, 4(240KB) LOS objects, 7% free, 190MB/206MB, paused 1.825ms total 57.056ms
08-04 13:56:42.379 26384 29163 I NAPPA_EXPERIMENTATION: MetricNetworkRequestExecutionTime: REQUEST_DURATION_SYSTEM='858',REQUEST_DURATION_OKHTTP='43',REQUEST_SYNCHRONOUS='FALSE',RESPONSE_CODE='200',RESPONSE_METHOD='GET',RESPONSE_LENGTH_OKHTTP='6426',RESPONSE_LENGTH_HEADER='6426',REQUEST_PROTOCOL='http/1.1',REQUEST_URL='https://project-travel-mate.herokuapp.com/api/get-upcoming-holidays/2020',
08-04 13:56:42.384 26384 29164 I NAPPA_EXPERIMENTATION: MetricNetworkRequestExecutionTime: REQUEST_DURATION_SYSTEM='860',REQUEST_DURATION_OKHTTP='49',REQUEST_SYNCHRONOUS='FALSE',RESPONSE_CODE='200',RESPONSE_METHOD='GET',RESPONSE_LENGTH_OKHTTP='6426',RESPONSE_LENGTH_HEADER='6426',REQUEST_PROTOCOL='http/1.1',REQUEST_URL='https://project-travel-mate.herokuapp.com/api/get-upcoming-holidays/2020',
08-04 13:56:42.389 26384 26396 I art     : Starting a blocking GC Explicit
08-04 13:56:42.438 26384 26384 V Response: [{"month":"January","date":1,"day":"Wednesday","name":"New Year's Day","type":"Restricted"},{"month":"January","date":2,"day":"Thursday","name":"Guru Govind Singh Jayanti","type":"Restricted"},{"month":"January","date":14,"day":"Tuesday","name":"Lohri","type":"Restricted"},{"month":"January","date":15,"day":"Wednesday","name":"Pongal","type":"Restricted"},{"month":"January","date":15,"day":"Wednesday","name":"Makar Sankranti","type":"Restricted"},{"month":"January","date":25,"day":"Saturday","name":"Chinese New Year","type":"Observance"},{"month":"January","date":26,"day":"Sunday","name":"Republic Day","type":"Gazetted"},{"month":"January","date":30,"day":"Thursday","name":"Vasant Panchami","type":"Restricted"},{"month":"February","date":9,"day":"Sunday","name":"Guru Ravidas Jayanti","type":"Restricted"},{"month":"February","date":14,"day":"Friday","name":"Valentine's Day","type":"Observance"},{"month":"February","date":18,"day":"Tuesday","name":"Maharishi Dayanand Saraswati Jayanti","type":"Restricted"},{"month":"February","date":19,"day":"Wednesday","name":"Shivaji Jayanti","type":"Restricted"},{"month":"February","date":21,"day":"Friday","name":"Maha Shivaratri/Shivaratri","type":"Gazetted"},{"month":"March","date":9,"day":"Monday","name":"Holika Dahana","type":"Restricted"},{"month":"March","date":9,"day":"Monday","name":"Hazarat Ali's Birthday","type":"Restricted"},{"month":"March","date":10,"day":"Tuesday","name":"Holi","type":"Gazetted"},{"month":"March","date":20,"day":"Friday","name":"March Equinox","type":"Season"},{"month":"March","date":25,"day":"Wednesday","name":"Chaitra Sukhladi","type":"Restricted"},{"month":"April","date":2,"day":"Thursday","name":"Rama Navami","type":"Gazetted"},{"month":"April","date":6,"day":"Monday","name":"Mahavir Jayanti","type":"Gazetted"},{"month":"April","date":9,"day":"Thursday","name":"First day of Passover","type":"Observance"},{"month":"April","date":9,"day":"Thursday","name":"Maundy Thursday","type":"Observance,"},{"month":"April","date":10,"day":"Friday","name":"Good Friday","type":"Gazetted"},{"month":"April","date":12,"day":"Sunday","name":"Easter Day","type":"Restricted"},{"month":"April","date":13,"day":"Monday","name":"Vaisakhi","type":"Restricted"},{"month":"April","date":14,"day":"Tuesday","name":"Mesadi/Vaisakhadi","type":"Restricted"},{"month":"April","date":14,"day":"Tuesday","name":"Ambedkar Jayanti","type":"Central"},{"month":"May","date":1,"day":"Friday","name":"May Day","type":"Observance"},{"month":"May","date":7,"day":"Thursday","name":"Buddha Purnima/Vesak","type":"Gazetted"},{"month":"May","date":7,"day":"Thursday","name":"Birthday of Ravindranath","type":"Restricted"},{"month":"May","date":10,"day":"Sunday","name":"Mother's Day","type":"Observance"},{"month":"May","date":22,"day":"Friday","name":"Jamat Ul-Vida","type":"Restricted"},{"month":"May","date":25,"day":"Monday","name":"Ramzan Id/Eid-ul-Fitar","type":"Gazetted"},{"month":"May","date":25,"day":"Monday","name":"Ramzan Id/Eid-ul-Fitar","type":"Muslim,"},{"month":"June","date":21,"day":"Sunday","name":"June Solstice","type":"Season"},{"month":"June","date":21,"day":"Sunday","name":"Father's Day","type":"Observance"},{"month":"June","date":23,"day":"Tuesday","name":"Rath Yatra","type":"Restricted"},{"month":"July","date":5,"day":"Sunday","name":"Guru Purnima","type":"Observance"},{"month":"July","date":31,"day":"Friday","name":"Bakr Id/Eid ul-Adha","type":"Gazetted"},{"month":"August","date":2,"day":"Sunday","name":"Friendship Day","type":"Observance"},{"month":"August","date":3,"day":"Monday","name":"Raksha Bandhan (Rakhi)","type":"Restricted"},{"month":"August","date":11,"day":"Tuesday","name":"Janmashtami (Smarta)","type":"Restricted"},{"month":"August","date":12,"day":"Wednesday","name":"Janmashtami","type":"Gazetted"},{"month":"August","date":15,"day":"Saturday","name":"Independence Day","type":"Gazetted"},{"month":"August","date":16,"day":"Sunday","name":"Parsi New Year","type":"Restricted"},{"month":"August","date":22,"day":"Saturday","name":"Ganesh Chaturthi/Vin
08-04 13:56:42.444 26384 26384 V Response: [{"month":"January","date":1,"day":"Wednesday","name":"New Year's Day","type":"Restricted"},{"month":"January","date":2,"day":"Thursday","name":"Guru Govind Singh Jayanti","type":"Restricted"},{"month":"January","date":14,"day":"Tuesday","name":"Lohri","type":"Restricted"},{"month":"January","date":15,"day":"Wednesday","name":"Pongal","type":"Restricted"},{"month":"January","date":15,"day":"Wednesday","name":"Makar Sankranti","type":"Restricted"},{"month":"January","date":25,"day":"Saturday","name":"Chinese New Year","type":"Observance"},{"month":"January","date":26,"day":"Sunday","name":"Republic Day","type":"Gazetted"},{"month":"January","date":30,"day":"Thursday","name":"Vasant Panchami","type":"Restricted"},{"month":"February","date":9,"day":"Sunday","name":"Guru Ravidas Jayanti","type":"Restricted"},{"month":"February","date":14,"day":"Friday","name":"Valentine's Day","type":"Observance"},{"month":"February","date":18,"day":"Tuesday","name":"Maharishi Dayanand Saraswati Jayanti","type":"Restricted"},{"month":"February","date":19,"day":"Wednesday","name":"Shivaji Jayanti","type":"Restricted"},{"month":"February","date":21,"day":"Friday","name":"Maha Shivaratri/Shivaratri","type":"Gazetted"},{"month":"March","date":9,"day":"Monday","name":"Holika Dahana","type":"Restricted"},{"month":"March","date":9,"day":"Monday","name":"Hazarat Ali's Birthday","type":"Restricted"},{"month":"March","date":10,"day":"Tuesday","name":"Holi","type":"Gazetted"},{"month":"March","date":20,"day":"Friday","name":"March Equinox","type":"Season"},{"month":"March","date":25,"day":"Wednesday","name":"Chaitra Sukhladi","type":"Restricted"},{"month":"April","date":2,"day":"Thursday","name":"Rama Navami","type":"Gazetted"},{"month":"April","date":6,"day":"Monday","name":"Mahavir Jayanti","type":"Gazetted"},{"month":"April","date":9,"day":"Thursday","name":"First day of Passover","type":"Observance"},{"month":"April","date":9,"day":"Thursday","name":"Maundy Thursday","type":"Observance,"},{"month":"April","date":10,"day":"Friday","name":"Good Friday","type":"Gazetted"},{"month":"April","date":12,"day":"Sunday","name":"Easter Day","type":"Restricted"},{"month":"April","date":13,"day":"Monday","name":"Vaisakhi","type":"Restricted"},{"month":"April","date":14,"day":"Tuesday","name":"Mesadi/Vaisakhadi","type":"Restricted"},{"month":"April","date":14,"day":"Tuesday","name":"Ambedkar Jayanti","type":"Central"},{"month":"May","date":1,"day":"Friday","name":"May Day","type":"Observance"},{"month":"May","date":7,"day":"Thursday","name":"Buddha Purnima/Vesak","type":"Gazetted"},{"month":"May","date":7,"day":"Thursday","name":"Birthday of Ravindranath","type":"Restricted"},{"month":"May","date":10,"day":"Sunday","name":"Mother's Day","type":"Observance"},{"month":"May","date":22,"day":"Friday","name":"Jamat Ul-Vida","type":"Restricted"},{"month":"May","date":25,"day":"Monday","name":"Ramzan Id/Eid-ul-Fitar","type":"Gazetted"},{"month":"May","date":25,"day":"Monday","name":"Ramzan Id/Eid-ul-Fitar","type":"Muslim,"},{"month":"June","date":21,"day":"Sunday","name":"June Solstice","type":"Season"},{"month":"June","date":21,"day":"Sunday","name":"Father's Day","type":"Observance"},{"month":"June","date":23,"day":"Tuesday","name":"Rath Yatra","type":"Restricted"},{"month":"July","date":5,"day":"Sunday","name":"Guru Purnima","type":"Observance"},{"month":"July","date":31,"day":"Friday","name":"Bakr Id/Eid ul-Adha","type":"Gazetted"},{"month":"August","date":2,"day":"Sunday","name":"Friendship Day","type":"Observance"},{"month":"August","date":3,"day":"Monday","name":"Raksha Bandhan (Rakhi)","type":"Restricted"},{"month":"August","date":11,"day":"Tuesday","name":"Janmashtami (Smarta)","type":"Restricted"},{"month":"August","date":12,"day":"Wednesday","name":"Janmashtami","type":"Gazetted"},{"month":"August","date":15,"day":"Saturday","name":"Independence Day","type":"Gazetted"},{"month":"August","date":16,"day":"Sunday","name":"Parsi New Year","type":"Restricted"},{"month":"August","date":22,"day":"Saturday","name":"Ganesh Chaturthi/Vin
08-04 13:56:42.444 26384 26396 I art     : Explicit concurrent mark sweep GC freed 3023(283KB) AllocSpace objects, 5(208KB) LOS objects, 7% free, 189MB/205MB, paused 2.021ms total 54.473ms
08-04 13:56:42.462 26384 26396 I art     : Starting a blocking GC Explicit
08-04 13:56:42.519 26384 26396 I art     : Explicit concurrent mark sweep GC freed 8425(308KB) AllocSpace objects, 0(0B) LOS objects, 7% free, 190MB/206MB, paused 1.610ms total 56.255ms
08-04 13:56:42.921 26384 26888 I art     : Starting a blocking GC Explicit
08-04 13:56:42.986 26384 26888 I art     : Explicit concurrent mark sweep GC freed 2567(115KB) AllocSpace objects, 3(4MB) LOS objects, 7% free, 185MB/201MB, paused 1.466ms total 64.287ms
08-04 13:56:43.006 26384 26888 I art     : Starting a blocking GC Explicit
08-04 13:56:43.070 26384 26888 I art     : Explicit concurrent mark sweep GC freed 172(4KB) AllocSpace objects, 0(0B) LOS objects, 7% free, 185MB/201MB, paused 1.505ms total 64.001ms
08-04 13:56:43.090 26384 26888 I art     : Starting a blocking GC Explicit
08-04 13:56:43.104   918  3261 D WifiStateMachine: starting scan for "H369AA63323"WPA_PSK with 2412,5180
08-04 13:56:43.160 26384 26888 I art     : Explicit concurrent mark sweep GC freed 138(2320B) AllocSpace objects, 0(0B) LOS objects, 7% free, 185MB/201MB, paused 1.810ms total 69.742ms
08-04 13:56:43.181 26384 26888 I art     : Starting a blocking GC Explicit
08-04 13:56:43.253 26384 26888 I art     : Explicit concurrent mark sweep GC freed 132(2272B) AllocSpace objects, 0(0B) LOS objects, 7% free, 185MB/201MB, paused 1.642ms total 71.595ms
08-04 13:56:43.274 26384 26888 I art     : Starting a blocking GC Explicit
08-04 13:56:43.344 26384 26888 I art     : Explicit concurrent mark sweep GC freed 146(2464B) AllocSpace objects, 0(0B) LOS objects, 7% free, 185MB/201MB, paused 1.545ms total 70.389ms
08-04 13:56:43.779 26384 26395 I art     : Starting a blocking GC Explicit
08-04 13:56:43.850 26384 26395 I art     : Explicit concurrent mark sweep GC freed 2343(104KB) AllocSpace objects, 2(48KB) LOS objects, 7% free, 185MB/201MB, paused 1.439ms total 70.335ms
08-04 13:56:43.874 26384 26395 I art     : Starting a blocking GC Explicit
08-04 13:56:43.940 26384 26395 I art     : Explicit concurrent mark sweep GC freed 149(3056B) AllocSpace objects, 0(0B) LOS objects, 7% free, 185MB/201MB, paused 1.515ms total 66.080ms
08-04 13:56:43.960 26384 26395 I art     : Starting a blocking GC Explicit
08-04 13:56:44.029 26384 26395 I art     : Explicit concurrent mark sweep GC freed 134(2256B) AllocSpace objects, 0(0B) LOS objects, 7% free, 185MB/201MB, paused 1.603ms total 68.680ms
08-04 13:56:44.049 26384 26395 I art     : Starting a blocking GC Explicit
08-04 13:56:44.119 26384 26395 I art     : Explicit concurrent mark sweep GC freed 136(2336B) AllocSpace objects, 0(0B) LOS objects, 7% free, 185MB/201MB, paused 1.576ms total 69.762ms
08-04 13:56:44.140 26384 26395 I art     : Starting a blocking GC Explicit
08-04 13:56:44.206 26384 26395 I art     : Explicit concurrent mark sweep GC freed 123(2096B) AllocSpace objects, 0(0B) LOS objects, 7% free, 185MB/201MB, paused 1.716ms total 66.146ms
08-04 13:56:44.657 26384 26402 I art     : Starting a blocking GC Explicit
08-04 13:56:44.729 26384 26402 I art     : Explicit concurrent mark sweep GC freed 2384(106KB) AllocSpace objects, 2(48KB) LOS objects, 7% free, 185MB/201MB, paused 1.686ms total 71.428ms
08-04 13:56:44.754 26384 26402 I art     : Starting a blocking GC Explicit
08-04 13:56:44.820 26384 26402 I art     : Explicit concurrent mark sweep GC freed 177(3KB) AllocSpace objects, 0(0B) LOS objects, 7% free, 185MB/201MB, paused 1.551ms total 65.729ms
08-04 13:56:44.840 26384 26402 I art     : Starting a blocking GC Explicit
08-04 13:56:44.908 26384 26402 I art     : Explicit concurrent mark sweep GC freed 124(2128B) AllocSpace objects, 0(0B) LOS objects, 7% free, 185MB/201MB, paused 1.526ms total 68.264ms
08-04 13:56:44.928 26384 26402 I art     : Starting a blocking GC Explicit
08-04 13:56:44.997 26384 26402 I art     : Explicit concurrent mark sweep GC freed 143(2416B) AllocSpace objects, 0(0B) LOS objects, 7% free, 185MB/201MB, paused 1.737ms total 68.941ms
08-04 13:56:45.018 26384 26402 I art     : Starting a blocking GC Explicit
08-04 13:56:45.084 26384 26402 I art     : Explicit concurrent mark sweep GC freed 126(2144B) AllocSpace objects, 0(0B) LOS objects, 7% free, 185MB/201MB, paused 1.544ms total 65.807ms
08-04 13:56:45.508 26384 26396 I art     : Starting a blocking GC Explicit
08-04 13:56:45.577 26384 26396 I art     : Explicit concurrent mark sweep GC freed 2320(104KB) AllocSpace objects, 2(48KB) LOS objects, 7% free, 185MB/201MB, paused 1.569ms total 68.404ms
08-04 13:56:45.597 26384 26396 I art     : Starting a blocking GC Explicit
08-04 13:56:45.667 26384 26396 I art     : Explicit concurrent mark sweep GC freed 172(3KB) AllocSpace objects, 0(0B) LOS objects, 7% free, 185MB/201MB, paused 1.468ms total 69.025ms
08-04 13:56:45.690 26384 26396 I art     : Starting a blocking GC Explicit
08-04 13:56:45.754 26384 26396 I art     : Explicit concurrent mark sweep GC freed 123(2096B) AllocSpace objects, 0(0B) LOS objects, 7% free, 185MB/201MB, paused 1.314ms total 63.723ms
08-04 13:56:45.774 26384 26396 I art     : Starting a blocking GC Explicit
08-04 13:56:45.834 26384 26396 I art     : Explicit concurrent mark sweep GC freed 123(2096B) AllocSpace objects, 0(0B) LOS objects, 7% free, 185MB/201MB, paused 1.505ms total 59.836ms
08-04 13:56:45.854 26384 26396 I art     : Starting a blocking GC Explicit
08-04 13:56:45.917 26384 26396 I art     : Explicit concurrent mark sweep GC freed 134(2720B) AllocSpace objects, 0(0B) LOS objects, 7% free, 185MB/201MB, paused 1.549ms total 62.755ms
08-04 13:56:46.291 29218 29218 D AndroidRuntime: >>>>>> START com.android.internal.os.RuntimeInit uid 2000 <<<<<<
08-04 13:56:46.296 29218 29218 D AndroidRuntime: CheckJNI is OFF
08-04 13:56:46.340 29218 29218 D ICU     : No timezone override file found: /data/misc/zoneinfo/current/icu/icu_tzdata.dat
08-04 13:56:46.348 26384 26888 I art     : Starting a blocking GC Explicit
08-04 13:56:46.388 29218 29218 I Radio-JNI: register_android_hardware_Radio DONE
08-04 13:56:46.416 26384 26888 I art     : Explicit concurrent mark sweep GC freed 2303(104KB) AllocSpace objects, 2(48KB) LOS objects, 7% free, 185MB/201MB, paused 1.754ms total 66.956ms
08-04 13:56:46.418 29218 29218 D AndroidRuntime: Calling main entry com.android.commands.input.Input
08-04 13:56:46.420 29218 29218 I Input   : injectKeyEvent: KeyEvent { action=ACTION_DOWN, keyCode=KEYCODE_BACK, scanCode=0, metaState=0, flags=0x0, repeatCount=0, eventTime=712622833, downTime=712622833, deviceId=-1, source=0x101 }
08-04 13:56:46.427 29218 29218 I Input   : injectKeyEvent: KeyEvent { action=ACTION_UP, keyCode=KEYCODE_BACK, scanCode=0, metaState=0, flags=0x0, repeatCount=0, eventTime=712622833, downTime=712622833, deviceId=-1, source=0x101 }
08-04 13:56:46.433 29218 29218 D AndroidRuntime: Shutting down VM
08-04 13:56:46.436 26384 26888 I art     : Starting a blocking GC Explicit
08-04 13:56:46.444 26384 26384 V MainActivity: url = https://project-travel-mate.herokuapp.com/api/number-of-unread-notifications
08-04 13:56:46.471 13866 13866 I GoogleInputMethodServic: GoogleInputMethodService.onFinishInput():3138 
08-04 13:56:46.472 13866 13866 I GoogleInputMethodServic: GoogleInputMethodService.onStartInput():1808 
08-04 13:56:46.491 26384 26888 I art     : Explicit concurrent mark sweep GC freed 522(18KB) AllocSpace objects, 0(0B) LOS objects, 7% free, 185MB/201MB, paused 1.581ms total 55.221ms
08-04 13:56:46.512 26384 26888 I art     : Starting a blocking GC Explicit
08-04 13:56:46.568 26384 26888 I art     : Explicit concurrent mark sweep GC freed 173(8KB) AllocSpace objects, 0(0B) LOS objects, 7% free, 185MB/201MB, paused 1.811ms total 56.116ms
08-04 13:56:46.569 26384 26394 I art     : WaitForGcToComplete blocked for 28.375ms for cause HeapTrim
08-04 13:56:46.588 26384 26888 I art     : Starting a blocking GC Explicit
08-04 13:56:46.643 26384 26888 I art     : Explicit concurrent mark sweep GC freed 149(3KB) AllocSpace objects, 0(0B) LOS objects, 7% free, 185MB/201MB, paused 1.442ms total 54.147ms
08-04 13:56:46.662 26384 26888 I art     : Starting a blocking GC Explicit
08-04 13:56:46.724 26384 26888 I art     : Explicit concurrent mark sweep GC freed 144(3KB) AllocSpace objects, 0(0B) LOS objects, 7% free, 185MB/201MB, paused 1.753ms total 62.197ms
08-04 13:56:46.794   380   380 W SurfaceFlinger: couldn't log to binary event log: overflow.
08-04 13:56:47.148 26384 26888 I art     : Starting a blocking GC Explicit
08-04 13:56:47.177 26384 29241 I NAPPA_EXPERIMENTATION: MetricNetworkRequestExecutionTime: REQUEST_DURATION_SYSTEM='731',REQUEST_DURATION_OKHTTP='31',REQUEST_SYNCHRONOUS='FALSE',RESPONSE_CODE='200',RESPONSE_METHOD='GET',RESPONSE_LENGTH_OKHTTP='36',RESPONSE_LENGTH_HEADER='36',REQUEST_PROTOCOL='http/1.1',REQUEST_URL='https://project-travel-mate.herokuapp.com/api/number-of-unread-notifications',
08-04 13:56:47.222 26384 26888 I art     : Explicit concurrent mark sweep GC freed 4437(239KB) AllocSpace objects, 6(436KB) LOS objects, 7% free, 186MB/202MB, paused 1.701ms total 73.935ms
08-04 13:56:47.242 26384 26888 I art     : Starting a blocking GC Explicit
08-04 13:56:47.306 26384 26888 I art     : Explicit concurrent mark sweep GC freed 7712(482KB) AllocSpace objects, 13(264KB) LOS objects, 7% free, 185MB/201MB, paused 1.519ms total 63.855ms
08-04 13:56:47.326 26384 26888 I art     : Starting a blocking GC Explicit
08-04 13:56:47.394 26384 26888 I art     : Explicit concurrent mark sweep GC freed 7(288B) AllocSpace objects, 0(0B) LOS objects, 7% free, 185MB/201MB, paused 1.661ms total 67.149ms
08-04 13:56:47.418 26384 26888 I art     : Starting a blocking GC Explicit
08-04 13:56:47.481 26384 26888 I art     : Explicit concurrent mark sweep GC freed 48(1344B) AllocSpace objects, 0(0B) LOS objects, 7% free, 185MB/201MB, paused 1.496ms total 62.510ms
08-04 13:56:47.501 26384 26888 I art     : Starting a blocking GC Explicit
08-04 13:56:47.569 26384 26888 I art     : Explicit concurrent mark sweep GC freed 21(1056B) AllocSpace objects, 0(0B) LOS objects, 7% free, 185MB/201MB, paused 1.914ms total 67.269ms
08-04 13:56:47.972 26384 26395 I art     : Starting a blocking GC Explicit
08-04 13:56:48.036 26384 26395 I art     : Explicit concurrent mark sweep GC freed 1614(92KB) AllocSpace objects, 2(48KB) LOS objects, 7% free, 185MB/201MB, paused 1.536ms total 63.121ms
08-04 13:56:48.057 26384 26395 I art     : Starting a blocking GC Explicit
08-04 13:56:48.117 26384 26395 I art     : Explicit concurrent mark sweep GC freed 30(1088B) AllocSpace objects, 0(0B) LOS objects, 7% free, 185MB/201MB, paused 1.368ms total 60.305ms
08-04 13:56:48.138 26384 26395 I art     : Starting a blocking GC Explicit
08-04 13:56:48.191 26384 26395 I art     : Explicit concurrent mark sweep GC freed 7(224B) AllocSpace objects, 0(0B) LOS objects, 7% free, 185MB/201MB, paused 1.429ms total 53.085ms
08-04 13:56:48.211 26384 26395 I art     : Starting a blocking GC Explicit
08-04 13:56:48.218 29253 29253 D AndroidRuntime: >>>>>> START com.android.internal.os.RuntimeInit uid 2000 <<<<<<
08-04 13:56:48.223 29253 29253 D AndroidRuntime: CheckJNI is OFF
08-04 13:56:48.262 29253 29253 D ICU     : No timezone override file found: /data/misc/zoneinfo/current/icu/icu_tzdata.dat
08-04 13:56:48.265 26384 26395 I art     : Explicit concurrent mark sweep GC freed 7(224B) AllocSpace objects, 0(0B) LOS objects, 7% free, 185MB/201MB, paused 1.501ms total 53.483ms
08-04 13:56:48.285 26384 26395 I art     : Starting a blocking GC Explicit
08-04 13:56:48.301 29253 29253 I Radio-JNI: register_android_hardware_Radio DONE
08-04 13:56:48.329 29253 29253 D AndroidRuntime: Calling main entry com.android.commands.input.Input
08-04 13:56:48.331 29253 29253 I Input   : injectMotionEvent: MotionEvent { action=ACTION_DOWN, actionButton=0, id[0]=0, x[0]=117.0, y[0]=170.0, toolType[0]=TOOL_TYPE_UNKNOWN, buttonState=0, metaState=0, flags=0x0, edgeFlags=0x0, pointerCount=1, historySize=0, eventTime=712624744, downTime=712624744, deviceId=0, source=0x1002 }
08-04 13:56:48.337 29253 29253 I Input   : injectMotionEvent: MotionEvent { action=ACTION_UP, actionButton=0, id[0]=0, x[0]=117.0, y[0]=170.0, toolType[0]=TOOL_TYPE_UNKNOWN, buttonState=0, metaState=0, flags=0x0, edgeFlags=0x0, pointerCount=1, historySize=0, eventTime=712624744, downTime=712624744, deviceId=0, source=0x1002 }
08-04 13:56:48.341 26384 26395 I art     : Explicit concurrent mark sweep GC freed 5(160B) AllocSpace objects, 0(0B) LOS objects, 7% free, 185MB/201MB, paused 1.558ms total 55.763ms
08-04 13:56:48.376 29253 29253 D AndroidRuntime: Shutting down VM
08-04 13:56:48.414   512  2967 D audio_hw_primary: out_set_parameters: enter: usecase(1: low-latency-playback) kvpairs: routing=2
08-04 13:56:48.427   512  2967 D audio_hw_primary: select_devices: out_snd_device(2: speaker) in_snd_device(0: none)
08-04 13:56:48.427   512  2967 D msm8974_platform: platform_send_audio_calibration: sending audio calibration for snd_device(2) acdb_id(15)
08-04 13:56:48.427   512  2967 I soundtrigger: audio_extn_sound_trigger_update_device_status: device 0x2 of type 0 for Event 1
08-04 13:56:48.437   512  2967 D audio_hw_primary: enable_snd_device: snd_device(2: speaker)
08-04 13:56:48.439   512  2967 D audio_hw_primary: enable_audio_route: apply and update mixer path: low-latency-playback speaker
08-04 13:56:48.741 26384 26888 I art     : Starting a blocking GC Explicit
08-04 13:56:48.793 26384 26888 I art     : Explicit concurrent mark sweep GC freed 2048(114KB) AllocSpace objects, 2(48KB) LOS objects, 7% free, 185MB/201MB, paused 1.347ms total 50.918ms
08-04 13:56:48.811 26384 26888 I art     : Starting a blocking GC Explicit
08-04 13:56:48.864 26384 26888 I art     : Explicit concurrent mark sweep GC freed 60(2368B) AllocSpace objects, 0(0B) LOS objects, 7% free, 185MB/201MB, paused 1.379ms total 53.335ms
08-04 13:56:48.884 26384 26888 I art     : Starting a blocking GC Explicit
08-04 13:56:48.940 26384 26888 I art     : Explicit concurrent mark sweep GC freed 5(192B) AllocSpace objects, 0(0B) LOS objects, 7% free, 185MB/201MB, paused 1.527ms total 56.471ms
08-04 13:56:48.959 26384 26888 I art     : Starting a blocking GC Explicit
08-04 13:56:48.979   512  2967 D audio_hw_primary: disable_audio_route: reset and update mixer path: low-latency-playback speaker
08-04 13:56:48.980   512  2967 D audio_hw_primary: disable_snd_device: snd_device(2: speaker)
08-04 13:56:48.988   512  2967 I soundtrigger: audio_extn_sound_trigger_update_device_status: device 0x2 of type 0 for Event 0
08-04 13:56:49.012 26384 26888 I art     : Explicit concurrent mark sweep GC freed 18(848B) AllocSpace objects, 0(0B) LOS objects, 7% free, 185MB/201MB, paused 1.445ms total 52.157ms
08-04 13:56:49.031 26384 26888 I art     : Starting a blocking GC Explicit
08-04 13:56:49.083 26384 26888 I art     : Explicit concurrent mark sweep GC freed 13(640B) AllocSpace objects, 0(0B) LOS objects, 7% free, 185MB/201MB, paused 1.423ms total 52.345ms
08-04 13:56:49.116 29287 29287 D AndroidRuntime: >>>>>> START com.android.internal.os.RuntimeInit uid 2000 <<<<<<
08-04 13:56:49.122 29287 29287 D AndroidRuntime: CheckJNI is OFF
08-04 13:56:49.164 29287 29287 D ICU     : No timezone override file found: /data/misc/zoneinfo/current/icu/icu_tzdata.dat
08-04 13:56:49.207 29287 29287 I Radio-JNI: register_android_hardware_Radio DONE
08-04 13:56:49.237 29287 29287 D AndroidRuntime: Calling main entry com.android.commands.input.Input
08-04 13:56:49.240 29287 29287 I Input   : injectMotionEvent: MotionEvent { action=ACTION_DOWN, actionButton=0, id[0]=0, x[0]=405.0, y[0]=661.0, toolType[0]=TOOL_TYPE_UNKNOWN, buttonState=0, metaState=0, flags=0x0, edgeFlags=0x0, pointerCount=1, historySize=0, eventTime=712625653, downTime=712625653, deviceId=0, source=0x1002 }
08-04 13:56:49.247 29287 29287 I Input   : injectMotionEvent: MotionEvent { action=ACTION_UP, actionButton=0, id[0]=0, x[0]=405.0, y[0]=661.0, toolType[0]=TOOL_TYPE_UNKNOWN, buttonState=0, metaState=0, flags=0x0, edgeFlags=0x0, pointerCount=1, historySize=0, eventTime=712625653, downTime=712625653, deviceId=0, source=0x1002 }
08-04 13:56:49.250 29287 29287 D AndroidRuntime: Shutting down VM
08-04 13:56:49.273   512  2967 D audio_hw_primary: out_set_parameters: enter: usecase(1: low-latency-playback) kvpairs: routing=2
08-04 13:56:49.286   512  2967 D audio_hw_primary: select_devices: out_snd_device(2: speaker) in_snd_device(0: none)
08-04 13:56:49.287   512  2967 D msm8974_platform: platform_send_audio_calibration: sending audio calibration for snd_device(2) acdb_id(15)
08-04 13:56:49.287   512  2967 I soundtrigger: audio_extn_sound_trigger_update_device_status: device 0x2 of type 0 for Event 1
08-04 13:56:49.296   512  2967 D audio_hw_primary: enable_snd_device: snd_device(2: speaker)
08-04 13:56:49.298   512  2967 D audio_hw_primary: enable_audio_route: apply and update mixer path: low-latency-playback speaker
08-04 13:56:49.344   512  2967 D AudioFlinger: mixer(0xf4740000) throttle end: throttle time(12)
08-04 13:56:49.480 26384 26402 I art     : Starting a blocking GC Explicit
08-04 13:56:49.539 26384 26402 I art     : Explicit concurrent mark sweep GC freed 3608(163KB) AllocSpace objects, 11(300KB) LOS objects, 7% free, 185MB/201MB, paused 1.913ms total 59.343ms
08-04 13:56:49.561 26384 26402 I art     : Starting a blocking GC Explicit
08-04 13:56:49.623 26384 26402 I art     : Explicit concurrent mark sweep GC freed 908(51KB) AllocSpace objects, 0(0B) LOS objects, 7% free, 185MB/201MB, paused 1.302ms total 61.648ms
08-04 13:56:49.646 26384 26402 I art     : Starting a blocking GC Explicit
08-04 13:56:49.713 26384 26402 I art     : Explicit concurrent mark sweep GC freed 26(832B) AllocSpace objects, 0(0B) LOS objects, 7% free, 185MB/201MB, paused 1.501ms total 67.482ms
08-04 13:56:49.737 26384 26402 I art     : Starting a blocking GC Explicit
08-04 13:56:49.796 26384 26402 I art     : Explicit concurrent mark sweep GC freed 4(128B) AllocSpace objects, 0(0B) LOS objects, 7% free, 185MB/201MB, paused 1.436ms total 58.518ms
08-04 13:56:49.816 26384 26402 I art     : Starting a blocking GC Explicit
08-04 13:56:49.838   512  2967 D audio_hw_primary: disable_audio_route: reset and update mixer path: low-latency-playback speaker
08-04 13:56:49.839   512  2967 D audio_hw_primary: disable_snd_device: snd_device(2: speaker)
08-04 13:56:49.847   512  2967 I soundtrigger: audio_extn_sound_trigger_update_device_status: device 0x2 of type 0 for Event 0
08-04 13:56:49.877 26384 26402 I art     : Explicit concurrent mark sweep GC freed 3(96B) AllocSpace objects, 0(0B) LOS objects, 7% free, 185MB/201MB, paused 1.581ms total 60.561ms
08-04 13:56:50.300 26384 26888 I art     : Starting a blocking GC Explicit
08-04 13:56:50.379 26384 26888 I art     : Explicit concurrent mark sweep GC freed 1598(92KB) AllocSpace objects, 2(48KB) LOS objects, 7% free, 185MB/201MB, paused 2.098ms total 78.247ms
08-04 13:56:50.401 26384 26888 I art     : Starting a blocking GC Explicit
08-04 13:56:50.463 26384 26888 I art     : Explicit concurrent mark sweep GC freed 85(3KB) AllocSpace objects, 0(0B) LOS objects, 7% free, 185MB/201MB, paused 1.469ms total 62.418ms
08-04 13:56:50.484 26384 26888 I art     : Starting a blocking GC Explicit
08-04 13:56:50.553 26384 26888 I art     : Explicit concurrent mark sweep GC freed 4(128B) AllocSpace objects, 0(0B) LOS objects, 7% free, 185MB/201MB, paused 1.619ms total 69.139ms
08-04 13:56:50.575 26384 26888 I art     : Starting a blocking GC Explicit
08-04 13:56:50.639 26384 26888 I art     : Explicit concurrent mark sweep GC freed 3(96B) AllocSpace objects, 0(0B) LOS objects, 7% free, 185MB/201MB, paused 1.499ms total 63.837ms
08-04 13:56:50.659 26384 26888 I art     : Starting a blocking GC Explicit
08-04 13:56:50.729 26384 26888 I art     : Explicit concurrent mark sweep GC freed 3(96B) AllocSpace objects, 0(0B) LOS objects, 7% free, 185MB/201MB, paused 1.801ms total 69.454ms
08-04 13:56:51.144 26384 26395 I art     : Starting a blocking GC Explicit
08-04 13:56:51.234 26384 26395 I art     : Explicit concurrent mark sweep GC freed 1586(92KB) AllocSpace objects, 2(48KB) LOS objects, 7% free, 185MB/201MB, paused 1.689ms total 90.190ms
08-04 13:56:51.258 26384 26395 I art     : Starting a blocking GC Explicit
08-04 13:56:51.332 26384 26395 I art     : Explicit concurrent mark sweep GC freed 28(1024B) AllocSpace objects, 0(0B) LOS objects, 7% free, 185MB/201MB, paused 1.692ms total 73.029ms
08-04 13:56:51.355 26384 26395 I art     : Starting a blocking GC Explicit
08-04 13:56:51.423 26384 26395 I art     : Explicit concurrent mark sweep GC freed 3(96B) AllocSpace objects, 0(0B) LOS objects, 7% free, 185MB/201MB, paused 1.546ms total 67.125ms
08-04 13:56:51.443 26384 26395 I art     : Starting a blocking GC Explicit
08-04 13:56:51.510 26384 26395 I art     : Explicit concurrent mark sweep GC freed 40(1088B) AllocSpace objects, 0(0B) LOS objects, 7% free, 185MB/201MB, paused 1.439ms total 66.251ms
08-04 13:56:51.530 26384 26395 I art     : Starting a blocking GC Explicit
08-04 13:56:51.589 26384 26395 I art     : Explicit concurrent mark sweep GC freed 3(96B) AllocSpace objects, 0(0B) LOS objects, 7% free, 185MB/201MB, paused 1.474ms total 58.607ms
08-04 13:56:52.026 26384 26396 I art     : Starting a blocking GC Explicit
08-04 13:56:52.048 29328 29328 D AndroidRuntime: >>>>>> START com.android.internal.os.RuntimeInit uid 2000 <<<<<<
08-04 13:56:52.054 29328 29328 D AndroidRuntime: CheckJNI is OFF
08-04 13:56:52.095 26384 26396 I art     : Explicit concurrent mark sweep GC freed 1598(92KB) AllocSpace objects, 2(48KB) LOS objects, 7% free, 185MB/201MB, paused 1.548ms total 67.898ms
08-04 13:56:52.099 29328 29328 D ICU     : No timezone override file found: /data/misc/zoneinfo/current/icu/icu_tzdata.dat
08-04 13:56:52.115 26384 26396 I art     : Starting a blocking GC Explicit
08-04 13:56:52.146 29328 29328 I Radio-JNI: register_android_hardware_Radio DONE
08-04 13:56:52.175 29328 29328 D AndroidRuntime: Calling main entry com.android.commands.input.Input
08-04 13:56:52.177 29328 29328 I Input   : injectMotionEvent: MotionEvent { action=ACTION_DOWN, actionButton=0, id[0]=0, x[0]=1341.0, y[0]=197.0, toolType[0]=TOOL_TYPE_UNKNOWN, buttonState=0, metaState=0, flags=0x0, edgeFlags=0x0, pointerCount=1, historySize=0, eventTime=712628590, downTime=712628590, deviceId=0, source=0x1002 }
08-04 13:56:52.180 26384 26396 I art     : Explicit concurrent mark sweep GC freed 38(1568B) AllocSpace objects, 0(0B) LOS objects, 7% free, 185MB/201MB, paused 1.655ms total 65.252ms
08-04 13:56:52.184 29328 29328 I Input   : injectMotionEvent: MotionEvent { action=ACTION_UP, actionButton=0, id[0]=0, x[0]=1341.0, y[0]=197.0, toolType[0]=TOOL_TYPE_UNKNOWN, buttonState=0, metaState=0, flags=0x0, edgeFlags=0x0, pointerCount=1, historySize=0, eventTime=712628590, downTime=712628590, deviceId=0, source=0x1002 }
08-04 13:56:52.187 29328 29328 D AndroidRuntime: Shutting down VM
08-04 13:56:52.201 26384 26396 I art     : Starting a blocking GC Explicit
08-04 13:56:52.203   512  2967 D audio_hw_primary: out_set_parameters: enter: usecase(1: low-latency-playback) kvpairs: routing=2
08-04 13:56:52.204   918   928 I ActivityManager: START u0 {cmp=baseline.io.github.project_travel_mate/.notifications.NotificationsActivity} from uid 10650 on display 0
08-04 13:56:52.216   512  2967 D audio_hw_primary: select_devices: out_snd_device(2: speaker) in_snd_device(0: none)
08-04 13:56:52.216   512  2967 D msm8974_platform: platform_send_audio_calibration: sending audio calibration for snd_device(2) acdb_id(15)
08-04 13:56:52.216   512  2967 I soundtrigger: audio_extn_sound_trigger_update_device_status: device 0x2 of type 0 for Event 1
08-04 13:56:52.227 26384 26462 D Gabe    : call	returning from cache
08-04 13:56:52.228   512  2967 D audio_hw_primary: enable_snd_device: snd_device(2: speaker)
08-04 13:56:52.230   512  2967 D audio_hw_primary: enable_audio_route: apply and update mixer path: low-latency-playback speaker
08-04 13:56:52.233 26384 26384 V EXECUTING: https://project-travel-mate.herokuapp.com/api/get-notifications
08-04 13:56:52.235 26384 26384 V EXECUTING: https://project-travel-mate.herokuapp.com/api/get-notifications
08-04 13:56:52.266 26384 26396 I art     : Explicit concurrent mark sweep GC freed 1166(67KB) AllocSpace objects, 0(0B) LOS objects, 7% free, 185MB/201MB, paused 1.659ms total 64.441ms
08-04 13:56:52.285 26384 26396 I art     : Starting a blocking GC Explicit
08-04 13:56:52.343 26384 26396 I art     : Explicit concurrent mark sweep GC freed 964(51KB) AllocSpace objects, 0(0B) LOS objects, 7% free, 189MB/205MB, paused 1.855ms total 57.431ms
08-04 13:56:52.362 26384 26396 I art     : Starting a blocking GC Explicit
08-04 13:56:52.391   918   936 I ActivityManager: Displayed baseline.io.github.project_travel_mate/.notifications.NotificationsActivity: +181ms
08-04 13:56:52.391 13866 13866 I GoogleInputMethodServic: GoogleInputMethodService.onFinishInput():3138 
08-04 13:56:52.392 13866 13866 I GoogleInputMethodServic: GoogleInputMethodService.onStartInput():1808 
08-04 13:56:52.421 26384 26396 I art     : Explicit concurrent mark sweep GC freed 324(15KB) AllocSpace objects, 0(0B) LOS objects, 7% free, 189MB/205MB, paused 1.945ms total 58.714ms
08-04 13:56:52.490 26384 26399 D OpenGLRenderer: endAllStagingAnimators on 0x7f7962f000 (RippleDrawable) with handle 0x7f7c2975c0
08-04 13:56:52.651   380   380 W SurfaceFlinger: couldn't log to binary event log: overflow.
08-04 13:56:52.775   512  2967 D audio_hw_primary: disable_audio_route: reset and update mixer path: low-latency-playback speaker
08-04 13:56:52.777   512  2967 D audio_hw_primary: disable_snd_device: snd_device(2: speaker)
08-04 13:56:52.786   512  2967 I soundtrigger: audio_extn_sound_trigger_update_device_status: device 0x2 of type 0 for Event 0
08-04 13:56:52.810 26384 26395 I art     : Starting a blocking GC Explicit
08-04 13:56:52.866 26384 26395 I art     : Explicit concurrent mark sweep GC freed 2220(105KB) AllocSpace objects, 2(48KB) LOS objects, 7% free, 190MB/206MB, paused 1.846ms total 56.298ms
08-04 13:56:52.886 26384 26395 I art     : Starting a blocking GC Explicit
08-04 13:56:52.941 26384 26395 I art     : Explicit concurrent mark sweep GC freed 250(7KB) AllocSpace objects, 0(0B) LOS objects, 7% free, 190MB/206MB, paused 1.692ms total 55.588ms
08-04 13:56:52.960 26384 26395 I art     : Starting a blocking GC Explicit
08-04 13:56:53.016 26384 26395 I art     : Explicit concurrent mark sweep GC freed 115(2176B) AllocSpace objects, 0(0B) LOS objects, 7% free, 190MB/206MB, paused 1.498ms total 55.058ms
08-04 13:56:53.035 26384 26395 I art     : Starting a blocking GC Explicit
08-04 13:56:53.094 26384 26395 I art     : Explicit concurrent mark sweep GC freed 5301(267KB) AllocSpace objects, 6(400KB) LOS objects, 7% free, 190MB/206MB, paused 2.106ms total 58.746ms
08-04 13:56:53.114 26384 26395 I art     : Starting a blocking GC Explicit
08-04 13:56:53.131 26384 29353 I NAPPA_EXPERIMENTATION: MetricNetworkRequestExecutionTime: REQUEST_DURATION_SYSTEM='895',REQUEST_DURATION_OKHTTP='49',REQUEST_SYNCHRONOUS='FALSE',RESPONSE_CODE='200',RESPONSE_METHOD='GET',RESPONSE_LENGTH_OKHTTP='2',RESPONSE_LENGTH_HEADER='2',REQUEST_PROTOCOL='http/1.1',REQUEST_URL='https://project-travel-mate.herokuapp.com/api/get-notifications',
08-04 13:56:53.135 26384 29352 I NAPPA_EXPERIMENTATION: MetricNetworkRequestExecutionTime: REQUEST_DURATION_SYSTEM='901',REQUEST_DURATION_OKHTTP='55',REQUEST_SYNCHRONOUS='FALSE',RESPONSE_CODE='200',RESPONSE_METHOD='GET',RESPONSE_LENGTH_OKHTTP='2',RESPONSE_LENGTH_HEADER='2',REQUEST_PROTOCOL='http/1.1',REQUEST_URL='https://project-travel-mate.herokuapp.com/api/get-notifications',
08-04 13:56:53.171 26384 26395 I art     : Explicit concurrent mark sweep GC freed 2168(254KB) AllocSpace objects, 0(0B) LOS objects, 7% free, 190MB/206MB, paused 1.706ms total 56.448ms
08-04 13:56:53.289 26384 26384 V Response: [] 
08-04 13:56:53.294 26384 26462 D Gabe    : call	returning from cache
08-04 13:56:53.294 26384 26384 V Response: [] 
08-04 13:56:53.297 26384 26462 D Gabe    : call	returning from cache
08-04 13:56:53.557 26384 26396 I art     : Starting a blocking GC Explicit
08-04 13:56:53.616 26384 26396 I art     : Explicit concurrent mark sweep GC freed 5105(195KB) AllocSpace objects, 4(412KB) LOS objects, 7% free, 190MB/206MB, paused 1.384ms total 58.553ms
08-04 13:56:53.636 26384 26396 I art     : Starting a blocking GC Explicit
08-04 13:56:53.694 26384 26396 I art     : Explicit concurrent mark sweep GC freed 2052(75KB) AllocSpace objects, 0(0B) LOS objects, 7% free, 190MB/206MB, paused 1.637ms total 57.662ms
08-04 13:56:53.713 26384 26396 I art     : Starting a blocking GC Explicit
08-04 13:56:53.765 26384 26396 I art     : Explicit concurrent mark sweep GC freed 424(14KB) AllocSpace objects, 0(0B) LOS objects, 7% free, 189MB/205MB, paused 1.341ms total 52.042ms
08-04 13:56:53.785 26384 26396 I art     : Starting a blocking GC Explicit
08-04 13:56:53.840 26384 26396 I art     : Explicit concurrent mark sweep GC freed 292(4KB) AllocSpace objects, 0(0B) LOS objects, 7% free, 189MB/205MB, paused 1.539ms total 54.322ms
08-04 13:56:53.858 26384 26396 I art     : Starting a blocking GC Explicit
08-04 13:56:53.911 26384 26396 I art     : Explicit concurrent mark sweep GC freed 394(7KB) AllocSpace objects, 0(0B) LOS objects, 7% free, 189MB/205MB, paused 1.408ms total 52.637ms
08-04 13:56:54.316 26384 26395 I art     : Starting a blocking GC Explicit
08-04 13:56:54.374 26384 26395 I art     : Explicit concurrent mark sweep GC freed 3542(124KB) AllocSpace objects, 2(48KB) LOS objects, 7% free, 189MB/205MB, paused 1.736ms total 57.397ms
08-04 13:56:54.393 26384 26395 I art     : Starting a blocking GC Explicit
08-04 13:56:54.448 26384 26395 I art     : Explicit concurrent mark sweep GC freed 389(7KB) AllocSpace objects, 0(0B) LOS objects, 7% free, 189MB/205MB, paused 1.465ms total 55.314ms
08-04 13:56:54.468 26384 26395 I art     : Starting a blocking GC Explicit
08-04 13:56:54.524 26384 26395 I art     : Explicit concurrent mark sweep GC freed 328(5KB) AllocSpace objects, 0(0B) LOS objects, 7% free, 189MB/205MB, paused 1.626ms total 55.790ms
08-04 13:56:54.543 26384 26395 I art     : Starting a blocking GC Explicit
08-04 13:56:54.596 26384 26395 I art     : Explicit concurrent mark sweep GC freed 345(5KB) AllocSpace objects, 0(0B) LOS objects, 7% free, 189MB/205MB, paused 1.332ms total 52.670ms
08-04 13:56:54.615 26384 26395 I art     : Starting a blocking GC Explicit
08-04 13:56:54.668 26384 26395 I art     : Explicit concurrent mark sweep GC freed 283(4KB) AllocSpace objects, 0(0B) LOS objects, 7% free, 189MB/205MB, paused 1.427ms total 53.042ms
08-04 13:56:54.923 26337 26337 I ServiceManager: Waiting for service AtCmdFwd...
08-04 13:56:55.069 26384 26396 I art     : Starting a blocking GC Explicit
08-04 13:56:55.127 26384 26396 I art     : Explicit concurrent mark sweep GC freed 3556(123KB) AllocSpace objects, 2(48KB) LOS objects, 7% free, 189MB/205MB, paused 1.584ms total 57.388ms
08-04 13:56:55.146 26384 26396 I art     : Starting a blocking GC Explicit
08-04 13:56:55.201 26384 26396 I art     : Explicit concurrent mark sweep GC freed 320(6KB) AllocSpace objects, 0(0B) LOS objects, 7% free, 189MB/205MB, paused 1.346ms total 54.673ms
08-04 13:56:55.220 26384 26396 I art     : Starting a blocking GC Explicit
08-04 13:56:55.277 26384 26396 I art     : Explicit concurrent mark sweep GC freed 353(5KB) AllocSpace objects, 0(0B) LOS objects, 7% free, 189MB/205MB, paused 1.660ms total 56.455ms
08-04 13:56:55.296 26384 26396 I art     : Starting a blocking GC Explicit
08-04 13:56:55.351 26384 26396 I art     : Explicit concurrent mark sweep GC freed 283(4KB) AllocSpace objects, 0(0B) LOS objects, 7% free, 189MB/205MB, paused 1.379ms total 55.410ms
08-04 13:56:55.372 26384 26396 I art     : Starting a blocking GC Explicit
08-04 13:56:55.428 26384 26396 I art     : Explicit concurrent mark sweep GC freed 352(5KB) AllocSpace objects, 0(0B) LOS objects, 7% free, 189MB/205MB, paused 1.674ms total 55.837ms
08-04 13:56:55.852 26384 26395 I art     : Starting a blocking GC Explicit
08-04 13:56:55.911 26384 26395 I art     : Explicit concurrent mark sweep GC freed 3652(125KB) AllocSpace objects, 2(48KB) LOS objects, 7% free, 189MB/205MB, paused 1.613ms total 58.834ms
08-04 13:56:55.923 26337 26337 I ServiceManager: Waiting for service AtCmdFwd...
08-04 13:56:55.931 26384 26395 I art     : Starting a blocking GC Explicit
08-04 13:56:55.986 26384 26395 I art     : Explicit concurrent mark sweep GC freed 310(5KB) AllocSpace objects, 0(0B) LOS objects, 7% free, 189MB/205MB, paused 1.322ms total 55.075ms
08-04 13:56:56.006 26384 26395 I art     : Starting a blocking GC Explicit
08-04 13:56:56.063 26384 26395 I art     : Explicit concurrent mark sweep GC freed 353(5KB) AllocSpace objects, 0(0B) LOS objects, 7% free, 189MB/205MB, paused 1.539ms total 56.344ms
08-04 13:56:56.082 26384 26395 I art     : Starting a blocking GC Explicit
08-04 13:56:56.139 26384 26395 I art     : Explicit concurrent mark sweep GC freed 283(4KB) AllocSpace objects, 0(0B) LOS objects, 7% free, 189MB/205MB, paused 1.456ms total 55.825ms
08-04 13:56:56.158 26384 26395 I art     : Starting a blocking GC Explicit
08-04 13:56:56.214 26384 26395 I art     : Explicit concurrent mark sweep GC freed 353(5KB) AllocSpace objects, 0(0B) LOS objects, 7% free, 189MB/205MB, paused 1.685ms total 55.859ms
08-04 13:56:56.625 26384 26888 I art     : Starting a blocking GC Explicit
08-04 13:56:56.682 26384 26888 I art     : Explicit concurrent mark sweep GC freed 3607(125KB) AllocSpace objects, 2(48KB) LOS objects, 7% free, 189MB/205MB, paused 1.501ms total 56.662ms
08-04 13:56:56.698   518   646 I ThermalEngine: ACTION: GPU - Setting GPU[0] to 390000000
08-04 13:56:56.710 26384 26888 I art     : Starting a blocking GC Explicit
08-04 13:56:56.779 26384 26888 I art     : Explicit concurrent mark sweep GC freed 448(8KB) AllocSpace objects, 0(0B) LOS objects, 7% free, 189MB/205MB, paused 2.107ms total 68.373ms
08-04 13:56:56.803 26384 26888 I art     : Starting a blocking GC Explicit
08-04 13:56:56.868 26384 26888 I art     : Explicit concurrent mark sweep GC freed 422(7KB) AllocSpace objects, 0(0B) LOS objects, 7% free, 189MB/205MB, paused 2.038ms total 64.327ms
08-04 13:56:56.892 26384 26888 I art     : Starting a blocking GC Explicit
08-04 13:56:56.924 26337 26337 I ServiceManager: Waiting for service AtCmdFwd...
08-04 13:56:56.958 26384 26888 I art     : Explicit concurrent mark sweep GC freed 355(5KB) AllocSpace objects, 0(0B) LOS objects, 7% free, 189MB/205MB, paused 2.019ms total 65.027ms
08-04 13:56:56.982 26384 26888 I art     : Starting a blocking GC Explicit
08-04 13:56:57.025 29415 29415 D AndroidRuntime: >>>>>> START com.android.internal.os.RuntimeInit uid 2000 <<<<<<
08-04 13:56:57.030 29415 29415 D AndroidRuntime: CheckJNI is OFF
08-04 13:56:57.055 26384 26888 I art     : Explicit concurrent mark sweep GC freed 584(17KB) AllocSpace objects, 0(0B) LOS objects, 7% free, 189MB/205MB, paused 1.947ms total 72.314ms
08-04 13:56:57.083 29415 29415 D ICU     : No timezone override file found: /data/misc/zoneinfo/current/icu/icu_tzdata.dat
08-04 13:56:57.129 29415 29415 I Radio-JNI: register_android_hardware_Radio DONE
08-04 13:56:57.161 29415 29415 D AndroidRuntime: Calling main entry com.android.commands.input.Input
08-04 13:56:57.163 29415 29415 I Input   : injectKeyEvent: KeyEvent { action=ACTION_DOWN, keyCode=KEYCODE_BACK, scanCode=0, metaState=0, flags=0x0, repeatCount=0, eventTime=712633576, downTime=712633576, deviceId=-1, source=0x101 }
08-04 13:56:57.168 29415 29415 I Input   : injectKeyEvent: KeyEvent { action=ACTION_UP, keyCode=KEYCODE_BACK, scanCode=0, metaState=0, flags=0x0, repeatCount=0, eventTime=712633576, downTime=712633576, deviceId=-1, source=0x101 }
08-04 13:56:57.174 29415 29415 D AndroidRuntime: Shutting down VM
08-04 13:56:57.195 26384 26384 V MainActivity: url = https://project-travel-mate.herokuapp.com/api/number-of-unread-notifications
08-04 13:56:57.240 13866 13866 I GoogleInputMethodServic: GoogleInputMethodService.onFinishInput():3138 
08-04 13:56:57.241 13866 13866 I GoogleInputMethodServic: GoogleInputMethodService.onStartInput():1808 
08-04 13:56:57.512 26384 26396 I art     : Starting a blocking GC Explicit
08-04 13:56:57.522   380   380 W SurfaceFlinger: couldn't log to binary event log: overflow.
08-04 13:56:57.591 26384 26396 I art     : Explicit concurrent mark sweep GC freed 3064(132KB) AllocSpace objects, 3(4MB) LOS objects, 7% free, 185MB/201MB, paused 2.266ms total 77.950ms
08-04 13:56:57.618 26384 26396 I art     : Starting a blocking GC Explicit
08-04 13:56:57.699 26384 26396 I art     : Explicit concurrent mark sweep GC freed 221(10KB) AllocSpace objects, 0(0B) LOS objects, 7% free, 185MB/201MB, paused 2.292ms total 80.710ms
08-04 13:56:57.727 26384 26396 I art     : Starting a blocking GC Explicit
08-04 13:56:57.818 26384 26396 I art     : Explicit concurrent mark sweep GC freed 3587(170KB) AllocSpace objects, 2(56KB) LOS objects, 7% free, 185MB/201MB, paused 2.829ms total 89.938ms
08-04 13:56:57.850 26384 26396 I art     : Starting a blocking GC Explicit
08-04 13:56:57.924 26337 26337 I ServiceManager: Waiting for service AtCmdFwd...
08-04 13:56:57.925 26384 29432 I NAPPA_EXPERIMENTATION: MetricNetworkRequestExecutionTime: REQUEST_DURATION_SYSTEM='729',REQUEST_DURATION_OKHTTP='31',REQUEST_SYNCHRONOUS='FALSE',RESPONSE_CODE='200',RESPONSE_METHOD='GET',RESPONSE_LENGTH_OKHTTP='36',RESPONSE_LENGTH_HEADER='36',REQUEST_PROTOCOL='http/1.1',REQUEST_URL='https://project-travel-mate.herokuapp.com/api/number-of-unread-notifications',
08-04 13:56:57.931 26384 26396 I art     : Explicit concurrent mark sweep GC freed 2701(143KB) AllocSpace objects, 3(200KB) LOS objects, 7% free, 185MB/201MB, paused 2.827ms total 81.311ms
08-04 13:56:57.960 26384 26396 I art     : Starting a blocking GC Explicit
08-04 13:56:58.039 26384 26396 I art     : Explicit concurrent mark sweep GC freed 987(118KB) AllocSpace objects, 0(0B) LOS objects, 7% free, 185MB/201MB, paused 2.311ms total 79.035ms
08-04 13:56:58.511 26384 26888 I art     : Starting a blocking GC Explicit
08-04 13:56:58.589 26384 26888 I art     : Explicit concurrent mark sweep GC freed 1706(96KB) AllocSpace objects, 2(48KB) LOS objects, 7% free, 185MB/201MB, paused 2.194ms total 77.228ms
08-04 13:56:58.616 26384 26888 I art     : Starting a blocking GC Explicit
08-04 13:56:58.693 26384 26888 I art     : Explicit concurrent mark sweep GC freed 28(1024B) AllocSpace objects, 0(0B) LOS objects, 7% free, 185MB/201MB, paused 2.289ms total 76.829ms
08-04 13:56:58.720 26384 26888 I art     : Starting a blocking GC Explicit
08-04 13:56:58.797 26384 26888 I art     : Explicit concurrent mark sweep GC freed 3(96B) AllocSpace objects, 0(0B) LOS objects, 7% free, 185MB/201MB, paused 2.221ms total 76.244ms
08-04 13:56:58.825 26384 26888 I art     : Starting a blocking GC Explicit
08-04 13:56:58.902 26384 26888 I art     : Explicit concurrent mark sweep GC freed 3(96B) AllocSpace objects, 0(0B) LOS objects, 7% free, 185MB/201MB, paused 2.249ms total 76.250ms
08-04 13:56:58.925 26337 26337 I ServiceManager: Waiting for service AtCmdFwd...
08-04 13:56:58.930 26384 26888 I art     : Starting a blocking GC Explicit
08-04 13:56:59.006 26384 26888 I art     : Explicit concurrent mark sweep GC freed 3(96B) AllocSpace objects, 0(0B) LOS objects, 7% free, 185MB/201MB, paused 2.455ms total 76.362ms
08-04 13:56:59.040 29455 29455 D AndroidRuntime: >>>>>> START com.android.internal.os.RuntimeInit uid 2000 <<<<<<
08-04 13:56:59.046 29455 29455 D AndroidRuntime: CheckJNI is OFF
08-04 13:56:59.098 29455 29455 D ICU     : No timezone override file found: /data/misc/zoneinfo/current/icu/icu_tzdata.dat
08-04 13:56:59.146 29455 29455 I Radio-JNI: register_android_hardware_Radio DONE
08-04 13:56:59.180 29455 29455 D AndroidRuntime: Calling main entry com.android.commands.input.Input
08-04 13:56:59.182 29455 29455 I Input   : injectMotionEvent: MotionEvent { action=ACTION_DOWN, actionButton=0, id[0]=0, x[0]=117.0, y[0]=170.0, toolType[0]=TOOL_TYPE_UNKNOWN, buttonState=0, metaState=0, flags=0x0, edgeFlags=0x0, pointerCount=1, historySize=0, eventTime=712635594, downTime=712635594, deviceId=0, source=0x1002 }
08-04 13:56:59.188 29455 29455 I Input   : injectMotionEvent: MotionEvent { action=ACTION_UP, actionButton=0, id[0]=0, x[0]=117.0, y[0]=170.0, toolType[0]=TOOL_TYPE_UNKNOWN, buttonState=0, metaState=0, flags=0x0, edgeFlags=0x0, pointerCount=1, historySize=0, eventTime=712635594, downTime=712635594, deviceId=0, source=0x1002 }
08-04 13:56:59.191 29455 29455 D AndroidRuntime: Shutting down VM
08-04 13:56:59.214   512  2967 D audio_hw_primary: out_set_parameters: enter: usecase(1: low-latency-playback) kvpairs: routing=2
08-04 13:56:59.227   512  2967 D audio_hw_primary: select_devices: out_snd_device(2: speaker) in_snd_device(0: none)
08-04 13:56:59.227   512  2967 D msm8974_platform: platform_send_audio_calibration: sending audio calibration for snd_device(2) acdb_id(15)
08-04 13:56:59.228   512  2967 I soundtrigger: audio_extn_sound_trigger_update_device_status: device 0x2 of type 0 for Event 1
08-04 13:56:59.238   512  2967 D audio_hw_primary: enable_snd_device: snd_device(2: speaker)
08-04 13:56:59.241   512  2967 D audio_hw_primary: enable_audio_route: apply and update mixer path: low-latency-playback speaker
08-04 13:56:59.494 26384 26888 I art     : Starting a blocking GC Explicit
08-04 13:56:59.564 26384 26888 I art     : Explicit concurrent mark sweep GC freed 2048(114KB) AllocSpace objects, 2(48KB) LOS objects, 7% free, 185MB/201MB, paused 2.091ms total 69.432ms
08-04 13:56:59.591 26384 26888 I art     : Starting a blocking GC Explicit
08-04 13:56:59.664 26384 26888 I art     : Explicit concurrent mark sweep GC freed 82(3KB) AllocSpace objects, 0(0B) LOS objects, 7% free, 185MB/201MB, paused 2.065ms total 72.553ms
08-04 13:56:59.690 26384 26888 I art     : Starting a blocking GC Explicit
08-04 13:56:59.703   518   646 I ThermalEngine: ACTION: GPU - Setting GPU[0] to 450000000
08-04 13:56:59.749 26384 26888 I art     : Explicit concurrent mark sweep GC freed 34(1376B) AllocSpace objects, 0(0B) LOS objects, 7% free, 185MB/201MB, paused 1.485ms total 58.677ms
08-04 13:56:59.768 26384 26888 I art     : Starting a blocking GC Explicit
08-04 13:56:59.779   512  2967 D audio_hw_primary: disable_audio_route: reset and update mixer path: low-latency-playback speaker
08-04 13:56:59.780   512  2967 D audio_hw_primary: disable_snd_device: snd_device(2: speaker)
08-04 13:56:59.788   512  2967 I soundtrigger: audio_extn_sound_trigger_update_device_status: device 0x2 of type 0 for Event 0
08-04 13:56:59.826 26384 26888 I art     : Explicit concurrent mark sweep GC freed 11(352B) AllocSpace objects, 0(0B) LOS objects, 7% free, 185MB/201MB, paused 1.438ms total 57.833ms
08-04 13:56:59.846 26384 26888 I art     : Starting a blocking GC Explicit
08-04 13:56:59.905 26384 26888 I art     : Explicit concurrent mark sweep GC freed 3(96B) AllocSpace objects, 0(0B) LOS objects, 7% free, 185MB/201MB, paused 1.444ms total 58.723ms
08-04 13:56:59.925 26337 26337 W Atfwd_Sendcmd: AtCmdFwd service not published, waiting... retryCnt : 5
08-04 13:57:00.010 29478 29478 D AndroidRuntime: >>>>>> START com.android.internal.os.RuntimeInit uid 2000 <<<<<<
08-04 13:57:00.017 29478 29478 D AndroidRuntime: CheckJNI is OFF
08-04 13:57:00.059 29478 29478 D ICU     : No timezone override file found: /data/misc/zoneinfo/current/icu/icu_tzdata.dat
08-04 13:57:00.098 29478 29478 I Radio-JNI: register_android_hardware_Radio DONE
08-04 13:57:00.128 29478 29478 D AndroidRuntime: Calling main entry com.android.commands.input.Input
08-04 13:57:00.130 29478 29478 I Input   : injectMotionEvent: MotionEvent { action=ACTION_DOWN, actionButton=0, id[0]=0, x[0]=418.0, y[0]=842.0, toolType[0]=TOOL_TYPE_UNKNOWN, buttonState=0, metaState=0, flags=0x0, edgeFlags=0x0, pointerCount=1, historySize=0, eventTime=712636542, downTime=712636542, deviceId=0, source=0x1002 }
08-04 13:57:00.133 29478 29478 I Input   : injectMotionEvent: MotionEvent { action=ACTION_UP, actionButton=0, id[0]=0, x[0]=418.0, y[0]=842.0, toolType[0]=TOOL_TYPE_UNKNOWN, buttonState=0, metaState=0, flags=0x0, edgeFlags=0x0, pointerCount=1, historySize=0, eventTime=712636542, downTime=712636542, deviceId=0, source=0x1002 }
08-04 13:57:00.135 29478 29478 D AndroidRuntime: Shutting down VM
08-04 13:57:00.144   512  2967 D audio_hw_primary: out_set_parameters: enter: usecase(1: low-latency-playback) kvpairs: routing=2
08-04 13:57:00.149 26384 26462 D Gabe    : call	returning from cache
08-04 13:57:00.158   512  2967 D audio_hw_primary: select_devices: out_snd_device(2: speaker) in_snd_device(0: none)
08-04 13:57:00.158   512  2967 D msm8974_platform: platform_send_audio_calibration: sending audio calibration for snd_device(2) acdb_id(15)
08-04 13:57:00.158   512  2967 I soundtrigger: audio_extn_sound_trigger_update_device_status: device 0x2 of type 0 for Event 1
08-04 13:57:00.169   512  2967 D audio_hw_primary: enable_snd_device: snd_device(2: speaker)
08-04 13:57:00.170 26384 26384 V MainActivity: url = https://project-travel-mate.herokuapp.com/api/number-of-unread-notifications
08-04 13:57:00.171   512  2967 D audio_hw_primary: enable_audio_route: apply and update mixer path: low-latency-playback speaker
08-04 13:57:00.214   512  2967 D AudioFlinger: mixer(0xf4740000) throttle end: throttle time(12)
08-04 13:57:00.304 26384 26396 I art     : Starting a blocking GC Explicit
08-04 13:57:00.373 26384 26396 I art     : Explicit concurrent mark sweep GC freed 3650(217KB) AllocSpace objects, 2(48KB) LOS objects, 7% free, 185MB/201MB, paused 2.156ms total 68.985ms
08-04 13:57:00.394 26384 26396 I art     : Starting a blocking GC Explicit
08-04 13:57:00.462 26384 26396 I art     : Explicit concurrent mark sweep GC freed 615(36KB) AllocSpace objects, 0(0B) LOS objects, 7% free, 186MB/202MB, paused 2.065ms total 67.151ms
08-04 13:57:00.481 26384 26396 I art     : Starting a blocking GC Explicit
08-04 13:57:00.548 26384 26396 I art     : Explicit concurrent mark sweep GC freed 358(26KB) AllocSpace objects, 0(0B) LOS objects, 7% free, 186MB/202MB, paused 2.137ms total 66.434ms
08-04 13:57:00.568 26384 26396 I art     : Starting a blocking GC Explicit
08-04 13:57:00.637 26384 26396 I art     : Explicit concurrent mark sweep GC freed 379(26KB) AllocSpace objects, 0(0B) LOS objects, 7% free, 186MB/202MB, paused 2.274ms total 68.423ms
08-04 13:57:00.657 26384 26396 I art     : Starting a blocking GC Explicit
08-04 13:57:00.703 26384 26384 I Choreographer: Skipped 31 frames!  The application may be doing too much work on its main thread.
08-04 13:57:00.708   512  2967 D audio_hw_primary: disable_audio_route: reset and update mixer path: low-latency-playback speaker
08-04 13:57:00.709   512  2967 D audio_hw_primary: disable_snd_device: snd_device(2: speaker)
08-04 13:57:00.717   512  2967 I soundtrigger: audio_extn_sound_trigger_update_device_status: device 0x2 of type 0 for Event 0
08-04 13:57:00.722 26384 26396 I art     : Explicit concurrent mark sweep GC freed 1764(57KB) AllocSpace objects, 0(0B) LOS objects, 7% free, 186MB/202MB, paused 2.210ms total 65.101ms
08-04 13:57:00.997 26384 29500 I NAPPA_EXPERIMENTATION: MetricNetworkRequestExecutionTime: REQUEST_DURATION_SYSTEM='826',REQUEST_DURATION_OKHTTP='33',REQUEST_SYNCHRONOUS='FALSE',RESPONSE_CODE='200',RESPONSE_METHOD='GET',RESPONSE_LENGTH_OKHTTP='36',RESPONSE_LENGTH_HEADER='36',REQUEST_PROTOCOL='http/1.1',REQUEST_URL='https://project-travel-mate.herokuapp.com/api/number-of-unread-notifications',
08-04 13:57:01.141 26384 26888 I art     : Starting a blocking GC Explicit
08-04 13:57:01.214 26384 26888 I art     : Explicit concurrent mark sweep GC freed 7167(370KB) AllocSpace objects, 14(516KB) LOS objects, 7% free, 186MB/202MB, paused 1.679ms total 73.113ms
08-04 13:57:01.235 26384 26888 I art     : Starting a blocking GC Explicit
08-04 13:57:01.304 26384 26888 I art     : Explicit concurrent mark sweep GC freed 1199(124KB) AllocSpace objects, 0(0B) LOS objects, 7% free, 186MB/202MB, paused 1.533ms total 68.680ms
08-04 13:57:01.325 26384 26888 I art     : Starting a blocking GC Explicit
08-04 13:57:01.397 26384 26888 I art     : Explicit concurrent mark sweep GC freed 146(2464B) AllocSpace objects, 0(0B) LOS objects, 7% free, 186MB/202MB, paused 1.659ms total 71.918ms
08-04 13:57:01.418 26384 26888 I art     : Starting a blocking GC Explicit
08-04 13:57:01.488 26384 26888 I art     : Explicit concurrent mark sweep GC freed 161(3KB) AllocSpace objects, 0(0B) LOS objects, 7% free, 186MB/202MB, paused 1.608ms total 70.121ms
08-04 13:57:01.510 26384 26888 I art     : Starting a blocking GC Explicit
08-04 13:57:01.581 26384 26888 I art     : Explicit concurrent mark sweep GC freed 147(2496B) AllocSpace objects, 0(0B) LOS objects, 7% free, 186MB/202MB, paused 1.629ms total 70.988ms
08-04 13:57:02.006 26384 26395 I art     : Starting a blocking GC Explicit
08-04 13:57:02.083 26384 26395 I art     : Explicit concurrent mark sweep GC freed 2337(104KB) AllocSpace objects, 2(64KB) LOS objects, 7% free, 186MB/202MB, paused 1.524ms total 75.776ms
08-04 13:57:02.104 26384 26395 I art     : Starting a blocking GC Explicit
08-04 13:57:02.180 26384 26395 I art     : Explicit concurrent mark sweep GC freed 173(3KB) AllocSpace objects, 0(0B) LOS objects, 7% free, 186MB/202MB, paused 1.780ms total 76.472ms
08-04 13:57:02.202 26384 26395 I art     : Starting a blocking GC Explicit
08-04 13:57:02.278 26384 26395 I art     : Explicit concurrent mark sweep GC freed 135(2752B) AllocSpace objects, 0(0B) LOS objects, 7% free, 186MB/202MB, paused 1.673ms total 76.400ms
08-04 13:57:02.300 26384 26395 I art     : Starting a blocking GC Explicit
08-04 13:57:02.373 26384 26395 I art     : Explicit concurrent mark sweep GC freed 157(3040B) AllocSpace objects, 0(0B) LOS objects, 7% free, 186MB/202MB, paused 1.472ms total 72.223ms
08-04 13:57:02.395 26384 26395 I art     : Starting a blocking GC Explicit
08-04 13:57:02.465 26384 26395 I art     : Explicit concurrent mark sweep GC freed 184(3KB) AllocSpace objects, 0(0B) LOS objects, 7% free, 186MB/202MB, paused 1.529ms total 70.052ms
08-04 13:57:02.905 26384 26888 I art     : Starting a blocking GC Explicit
08-04 13:57:02.978 26384 26888 I art     : Explicit concurrent mark sweep GC freed 2307(103KB) AllocSpace objects, 2(64KB) LOS objects, 7% free, 186MB/202MB, paused 1.664ms total 72.057ms
08-04 13:57:02.987 29527 29527 D AndroidRuntime: >>>>>> START com.android.internal.os.RuntimeInit uid 2000 <<<<<<
08-04 13:57:02.994 29527 29527 D AndroidRuntime: CheckJNI is OFF
08-04 13:57:02.999 26384 26888 I art     : Starting a blocking GC Explicit
08-04 13:57:03.037 29527 29527 D ICU     : No timezone override file found: /data/misc/zoneinfo/current/icu/icu_tzdata.dat
08-04 13:57:03.068 26384 26888 I art     : Explicit concurrent mark sweep GC freed 171(3KB) AllocSpace objects, 0(0B) LOS objects, 7% free, 186MB/202MB, paused 1.763ms total 68.490ms
08-04 13:57:03.087 29527 29527 I Radio-JNI: register_android_hardware_Radio DONE
08-04 13:57:03.089 26384 26888 I art     : Starting a blocking GC Explicit
08-04 13:57:03.108   918  3261 D WifiStateMachine: starting scan for "H369AA63323"WPA_PSK with 2412,5180
08-04 13:57:03.116 29527 29527 D AndroidRuntime: Calling main entry com.android.commands.am.Am
08-04 13:57:03.132  2375  2375 I Trepn   : Trepn 6.2s: Received intent: com.quicinc.trepn.stop_profiling
08-04 13:57:03.156 26384 26888 I art     : Explicit concurrent mark sweep GC freed 124(2128B) AllocSpace objects, 0(0B) LOS objects, 7% free, 186MB/202MB, paused 1.354ms total 67.011ms
08-04 13:57:03.177 26384 26888 I art     : Starting a blocking GC Explicit
08-04 13:57:03.182  2375  2375 I Trepn   : Trepn 6.2s: Trepn has Stopped Profiling.
08-04 13:57:03.240 26384 26888 I art     : Explicit concurrent mark sweep GC freed 123(2096B) AllocSpace objects, 0(0B) LOS objects, 7% free, 186MB/202MB, paused 1.481ms total 63.307ms
08-04 13:57:03.260 26384 26888 I art     : Starting a blocking GC Explicit
08-04 13:57:03.272 29527 29527 D AndroidRuntime: Shutting down VM
08-04 13:57:03.276   918  6110 W AppOps  : Finishing op nesting under-run: uid 10078 pkg com.quicinc.trepn code 24 time=0 duration=0 nesting=0
08-04 13:57:03.321 26384 26888 I art     : Explicit concurrent mark sweep GC freed 122(2064B) AllocSpace objects, 0(0B) LOS objects, 7% free, 186MB/202MB, paused 1.421ms total 60ms
08-04 13:57:03.755 26384 26402 I art     : Starting a blocking GC Explicit
08-04 13:57:03.824 26384 26402 I art     : Explicit concurrent mark sweep GC freed 2346(104KB) AllocSpace objects, 2(64KB) LOS objects, 7% free, 186MB/202MB, paused 1.429ms total 68.936ms
08-04 13:57:03.845 26384 26402 I art     : Starting a blocking GC Explicit
08-04 13:57:03.911 26384 26402 I art     : Explicit concurrent mark sweep GC freed 159(3KB) AllocSpace objects, 0(0B) LOS objects, 7% free, 186MB/202MB, paused 1.437ms total 65.895ms
08-04 13:57:03.932 26384 26402 I art     : Starting a blocking GC Explicit
08-04 13:57:03.998 26384 26402 I art     : Explicit concurrent mark sweep GC freed 139(2752B) AllocSpace objects, 0(0B) LOS objects, 7% free, 186MB/202MB, paused 1.646ms total 65.914ms
08-04 13:57:04.018 26384 26402 I art     : Starting a blocking GC Explicit
08-04 13:57:04.085 26384 26402 I art     : Explicit concurrent mark sweep GC freed 141(2384B) AllocSpace objects, 0(0B) LOS objects, 7% free, 186MB/202MB, paused 1.464ms total 66.882ms
08-04 13:57:04.106 26384 26402 I art     : Starting a blocking GC Explicit
08-04 13:57:04.171 26384 26402 I art     : Explicit concurrent mark sweep GC freed 124(2128B) AllocSpace objects, 0(0B) LOS objects, 7% free, 186MB/202MB, paused 1.666ms total 64.761ms
