--------- beginning of main
--------- beginning of system
08-04 18:54:47.727 18326 18326 D Nappa   : Selected prefetching strategy STRATEGY_GREEDY_VISIT_FREQUENCY_AND_TIME
08-04 18:54:47.760 18326 18343 D Nappa   : Updating activity map nappagreedy.com.ak.uobtimetable.MainActivity: 1
08-04 18:54:47.760 18326 18343 D Nappa   : Updating activity map nappagreedy.com.ak.uobtimetable.WelcomeActivity: 2
08-04 18:54:47.760 18326 18343 D Nappa   : Updating activity map nappagreedy.com.ak.uobtimetable.CourseListActivity: 3
08-04 18:54:47.861 18326 18343 D Nappa   : registerActivity: (already in) nappagreedy.com.ak.uobtimetable.MainActivity
08-04 18:54:47.965 18326 18343 D Nappa   : registerActivity: (already in) nappagreedy.com.ak.uobtimetable.WelcomeActivity
08-04 18:54:47.967 18326 18359 D Nappa   : {nappagreedy.com.ak.uobtimetable.WelcomeActivity=2, nappagreedy.com.ak.uobtimetable.MainActivity=1, nappagreedy.com.ak.uobtimetable.CourseListActivity=3}
08-04 18:54:48.075 18326 18343 D Nappa   : registerActivity: (already in) nappagreedy.com.ak.uobtimetable.WelcomeActivity
08-04 18:54:48.178 18326 18343 D Nappa   : registerActivity: (already in) nappagreedy.com.ak.uobtimetable.CourseListActivity
08-04 18:54:48.179 18326 18359 D Nappa   : {nappagreedy.com.ak.uobtimetable.WelcomeActivity=2, nappagreedy.com.ak.uobtimetable.MainActivity=1, nappagreedy.com.ak.uobtimetable.CourseListActivity=3}
08-04 18:54:48.282 18326 18343 D Nappa   : registerActivity: (already in) nappagreedy.com.ak.uobtimetable.CourseListActivity
08-04 18:54:48.385 18326 18343 D Nappa   : registerActivity: (already in) nappagreedy.com.ak.uobtimetable.MainActivity
08-04 18:54:48.387 18326 18359 D Nappa   : {nappagreedy.com.ak.uobtimetable.WelcomeActivity=2, nappagreedy.com.ak.uobtimetable.MainActivity=1, nappagreedy.com.ak.uobtimetable.CourseListActivity=3}
08-04 18:54:48.392 18326 18343 D Nappa   : Extended Startup-time: 665 ms
08-04 18:54:48.394 18326 18326 D Nappa   : Startup-time: 667 ms
08-04 18:54:48.554 18326 18326 D Nappa   : setCurrentActivity - MetricStrategyAccuracy - 
08-04 18:54:48.554 18326 18326 D Nappa   : madePredictionFromActivity = false, 
08-04 18:54:48.554 18326 18326 D Nappa   : fromActivity = null, 
08-04 18:54:48.554 18326 18326 D Nappa   : predictedNextActivityFromActivity = [], 
08-04 18:54:48.554 18326 18326 D Nappa   : activity.getClass().getCanonicalName() = nappagreedy.com.ak.uobtimetable.MainActivity, 
08-04 18:54:48.554 18326 18326 D Nappa   : setCurrentActivity - MetricStrategyAccuracy - 
08-04 18:54:48.554 18326 18326 D Nappa   : madePredictionFromExtra = false, 
08-04 18:54:48.554 18326 18326 D Nappa   : fromActivity = null, 
08-04 18:54:48.554 18326 18326 D Nappa   : predictedNextActivityFromExtra = [], 
08-04 18:54:48.554 18326 18326 D Nappa   : activity.getClass().getCanonicalName() = nappagreedy.com.ak.uobtimetable.MainActivity, 
08-04 18:54:48.554 18326 18326 D Nappa   : PREFETCH_ON_EXTRA - setCurrentActivity - logs - from activity - made prediction isfalse
08-04 18:54:48.655 18326 18326 D Nappa   : registerActivity: (already in) nappagreedy.com.ak.uobtimetable.MainActivity
08-04 18:54:48.655 18326 18326 D Nappa   : SHOULD_PREFETCH false
08-04 18:54:48.655 18326 18326 D Nappa   : STATS Number of requests not prefetched: 0
08-04 18:54:48.655 18326 18326 D Nappa   : STATS Number of requests prefetched: 0
08-04 18:54:48.656 18326 18326 D Nappa   : STATS Time saved until now: 0.0
08-04 18:54:48.677 18326 18326 D Nappa   : Stayed on nappagreedy.com.ak.uobtimetable.MainActivity for 21 ms
08-04 18:54:48.784 18326 18326 D Nappa   : setCurrentActivity - MetricStrategyAccuracy - 
08-04 18:54:48.784 18326 18326 D Nappa   : madePredictionFromActivity = false, 
08-04 18:54:48.784 18326 18326 D Nappa   : fromActivity = nappagreedy.com.ak.uobtimetable.MainActivity, 
08-04 18:54:48.784 18326 18326 D Nappa   : predictedNextActivityFromActivity = [], 
08-04 18:54:48.784 18326 18326 D Nappa   : activity.getClass().getCanonicalName() = nappagreedy.com.ak.uobtimetable.WelcomeActivity, 
08-04 18:54:48.784 18326 18326 D Nappa   : setCurrentActivity - MetricStrategyAccuracy - 
08-04 18:54:48.784 18326 18326 D Nappa   : madePredictionFromExtra = false, 
08-04 18:54:48.784 18326 18326 D Nappa   : fromActivity = nappagreedy.com.ak.uobtimetable.MainActivity, 
08-04 18:54:48.784 18326 18326 D Nappa   : predictedNextActivityFromExtra = [], 
08-04 18:54:48.784 18326 18326 D Nappa   : activity.getClass().getCanonicalName() = nappagreedy.com.ak.uobtimetable.WelcomeActivity, 
08-04 18:54:48.784 18326 18326 D Nappa   : PREFETCH_ON_EXTRA - setCurrentActivity - logs - from activity - made prediction isfalse
08-04 18:54:48.884 18326 18326 D Nappa   : registerActivity: (already in) nappagreedy.com.ak.uobtimetable.WelcomeActivity
08-04 18:54:48.885 18326 18326 D Nappa   : SHOULD_PREFETCH true
08-04 18:54:48.955 18326 18359 D Nappa   : PREFETCH_ON_EXTRA - setCurrentActivity - logs - from extra - made prediction isfalse
08-04 18:54:48.985 18326 18326 D Nappa   : registerActivity: (already in) nappagreedy.com.ak.uobtimetable.WelcomeActivity
08-04 18:54:48.985 18326 18326 D Nappa   : SUCCESSORS nappagreedy.com.ak.uobtimetable.CourseListActivity
08-04 18:54:48.985 18326 18326 D Nappa   : STATS Number of requests not prefetched: 0
08-04 18:54:48.985 18326 18326 D Nappa   : STATS Number of requests prefetched: 0
08-04 18:54:48.985 18326 18326 D Nappa   : STATS Time saved until now: 0.0
08-04 18:54:49.184 18326 18359 D Nappa   : PREFETCH_ON_EXTRA - setCurrentActivity - logs - from extra - made prediction isfalse
08-04 18:54:49.486 18326 18359 D Nappa   : PREFETCH_ON_EXTRA - setCurrentActivity - starting new prediction
08-04 18:54:49.486 18326 18359 D Nappa   : Current node - currentActivityName - nappagreedy.com.ak.uobtimetable.WelcomeActivity
08-04 18:54:49.486 18326 18359 D Nappa   : Current node - activityGraph.getCurrent() - nappagreedy.com.ak.uobtimetable.WelcomeActivity
08-04 18:54:49.493 18326 18359 D Nappa   : PREFETCH_ON_EXTRA - setCurrentActivity - finished new prediction
08-04 18:54:54.452 18326 18326 D Nappa   : Stayed on nappagreedy.com.ak.uobtimetable.WelcomeActivity for 5467 ms
08-04 18:54:54.497 18326 18326 D Nappa   : setCurrentActivity - MetricStrategyAccuracy - 
08-04 18:54:54.497 18326 18326 D Nappa   : madePredictionFromActivity = true, 
08-04 18:54:54.497 18326 18326 D Nappa   : fromActivity = nappagreedy.com.ak.uobtimetable.WelcomeActivity, 
08-04 18:54:54.497 18326 18326 D Nappa   : predictedNextActivityFromActivity = [nappagreedy.com.ak.uobtimetable.CourseListActivity, nappagreedy.com.ak.uobtimetable.MainActivity, nappagreedy.com.ak.uobtimetable.WelcomeActivity], 
08-04 18:54:54.497 18326 18326 D Nappa   : activity.getClass().getCanonicalName() = nappagreedy.com.ak.uobtimetable.CourseListActivity, 
08-04 18:54:54.497 18326 18326 D Nappa   : setCurrentActivity - MetricStrategyAccuracy - 
08-04 18:54:54.497 18326 18326 D Nappa   : madePredictionFromExtra = false, 
08-04 18:54:54.497 18326 18326 D Nappa   : fromActivity = nappagreedy.com.ak.uobtimetable.WelcomeActivity, 
08-04 18:54:54.497 18326 18326 D Nappa   : predictedNextActivityFromExtra = [], 
08-04 18:54:54.497 18326 18326 D Nappa   : activity.getClass().getCanonicalName() = nappagreedy.com.ak.uobtimetable.CourseListActivity, 
08-04 18:54:54.497 18326 18326 D Nappa   : PREFETCH_ON_EXTRA - setCurrentActivity - logs - from activity - made prediction istrue
08-04 18:54:54.497 18326 18326 D Nappa   : PREFETCH_ON_EXTRA - setCurrentActivity - logs - from activity - start
08-04 18:54:54.497 18326 18326 D Nappa   : setCurrentActivity - MetricStrategyAccuracy - checking prediction VS current activity for activities
08-04 18:54:54.498 18326 18326 D Nappa   : PREFETCH_ON_EXTRA - setCurrentActivity - logs - from activity- finished
08-04 18:54:54.516 18326 18626 D Nappa   : TAG okHttpClient initialized
08-04 18:54:54.528 18326 18626 D Nappa   : F1_SCORE add_intercept_url - (new) - https://uob-timetable-api.adriankeenan.co.uk/courses
08-04 18:54:54.529 18326 18626 D Nappa   : F1_SCORE add_fn_url - (new) - https://uob-timetable-api.adriankeenan.co.uk/courses
08-04 18:54:54.529 18326 18626 D Nappa   : -------------F1_SCORE #0 -----------
08-04 18:54:54.529 18326 18626 D Nappa   : F1_SCORE - Intercept list (1)= [https://uob-timetable-api.adriankeenan.co.uk/courses]
08-04 18:54:54.529 18326 18626 D Nappa   : F1_SCORE - Prefetch list (0)= []
08-04 18:54:54.529 18326 18626 D Nappa   : F1_SCORE - TP list (0)= []
08-04 18:54:54.529 18326 18626 D Nappa   : F1_SCORE - FN list (1)= [https://uob-timetable-api.adriankeenan.co.uk/courses]
08-04 18:54:54.598 18326 18326 D Nappa   : registerActivity: (already in) nappagreedy.com.ak.uobtimetable.CourseListActivity
08-04 18:54:54.599 18326 18326 D Nappa   : SHOULD_PREFETCH true
08-04 18:54:54.628 18326 18359 D Nappa   : registerActivity: (already in) nappagreedy.com.ak.uobtimetable.CourseListActivity
08-04 18:54:54.629 18326 18359 D Nappa   : PARENTS 
08-04 18:54:54.629 18326 18359 D Nappa   : Of: nappagreedy.com.ak.uobtimetable.CourseListActivity -> 
08-04 18:54:54.629 18326 18359 D Nappa   : PARENTS nappagreedy.com.ak.uobtimetable.WelcomeActivity
08-04 18:54:54.629 18326 18359 D Nappa   : PARENTS nappagreedy.com.ak.uobtimetable.MainActivity
08-04 18:54:54.629 18326 18359 D Nappa   : PARENTS nappagreedy.com.ak.uobtimetable.CourseListActivity
08-04 18:54:54.699 18326 18326 D Nappa   : registerActivity: (already in) nappagreedy.com.ak.uobtimetable.CourseListActivity
08-04 18:54:54.699 18326 18326 D Nappa   : SUCCESSORS nappagreedy.com.ak.uobtimetable.MainActivity
08-04 18:54:54.699 18326 18326 D Nappa   : STATS Number of requests not prefetched: 0
08-04 18:54:54.699 18326 18326 D Nappa   : STATS Number of requests prefetched: 0
08-04 18:54:54.699 18326 18326 D Nappa   : STATS Time saved until now: 0.0
08-04 18:54:54.898 18326 18359 D Nappa   : PREFETCH_ON_EXTRA - setCurrentActivity - logs - from extra - made prediction isfalse
08-04 18:54:55.199 18326 18359 D Nappa   : PREFETCH_ON_EXTRA - setCurrentActivity - starting new prediction
08-04 18:54:55.199 18326 18359 D Nappa   : Current node - currentActivityName - nappagreedy.com.ak.uobtimetable.CourseListActivity
08-04 18:54:55.199 18326 18359 D Nappa   : Current node - activityGraph.getCurrent() - nappagreedy.com.ak.uobtimetable.CourseListActivity
08-04 18:54:55.203 18326 18359 D Nappa   : PREFETCH_ON_EXTRA - setCurrentActivity - finished new prediction
08-04 18:55:03.222 18326 18359 D Nappa   : PREFETCH_ON_EXTRA - notifyExtras- start
08-04 18:55:03.226 18326 18359 D Nappa   : PREFETCH_ON_EXTRA - notifyExtras- end
08-04 18:55:03.226 18326 18359 D Nappa   : PREFSTRAT2 ADDING NEW ACTEXTRADATA
08-04 18:55:03.239 18326 18326 D Nappa   : Stayed on nappagreedy.com.ak.uobtimetable.CourseListActivity for 8540 ms
08-04 18:55:03.348 18326 18840 D Nappa   : TAG okHttpClient initialized
08-04 18:55:03.350 18326 18840 D Nappa   : F1_SCORE add_intercept_url - (new) - https://uob-timetable-api.adriankeenan.co.uk/sessions?dept=BD002&course=CFIEFAAF%2F02AA%2F0%2FFT&level=ALL+Courses
08-04 18:55:03.350 18326 18840 D Nappa   : F1_SCORE add_fn_url - (new) - https://uob-timetable-api.adriankeenan.co.uk/sessions?dept=BD002&course=CFIEFAAF%2F02AA%2F0%2FFT&level=ALL+Courses
08-04 18:55:03.350 18326 18840 D Nappa   : -------------F1_SCORE #3 -----------
08-04 18:55:03.351 18326 18840 D Nappa   : F1_SCORE - Intercept list (2)= [https://uob-timetable-api.adriankeenan.co.uk/courses, https://uob-timetable-api.adriankeenan.co.uk/sessions?dept=BD002&course=CFIEFAAF%2F02AA%2F0%2FFT&level=ALL+Courses]
08-04 18:55:03.351 18326 18840 D Nappa   : F1_SCORE - Prefetch list (0)= []
08-04 18:55:03.351 18326 18840 D Nappa   : F1_SCORE - TP list (0)= []
08-04 18:55:03.351 18326 18840 D Nappa   : F1_SCORE - FN list (2)= [https://uob-timetable-api.adriankeenan.co.uk/courses, https://uob-timetable-api.adriankeenan.co.uk/sessions?dept=BD002&course=CFIEFAAF%2F02AA%2F0%2FFT&level=ALL+Courses]
08-04 18:55:03.450 18326 18359 D Nappa   : registerActivity: (already in) nappagreedy.com.ak.uobtimetable.CourseListActivity
08-04 18:55:03.451 18326 18359 D Nappa   : PARENTS 
08-04 18:55:03.451 18326 18359 D Nappa   : Of: nappagreedy.com.ak.uobtimetable.CourseListActivity -> 
08-04 18:55:03.451 18326 18359 D Nappa   : PARENTS nappagreedy.com.ak.uobtimetable.WelcomeActivity
08-04 18:55:03.451 18326 18359 D Nappa   : PARENTS nappagreedy.com.ak.uobtimetable.MainActivity
08-04 18:55:03.451 18326 18359 D Nappa   : PARENTS nappagreedy.com.ak.uobtimetable.CourseListActivity
08-04 18:55:03.453 18326 18359 D Nappa   : PARENTS has extra: (forceRefreshSessions, true)
08-04 18:55:03.674 18326 18326 D Nappa   : setCurrentActivity - MetricStrategyAccuracy - 
08-04 18:55:03.674 18326 18326 D Nappa   : madePredictionFromActivity = true, 
08-04 18:55:03.674 18326 18326 D Nappa   : fromActivity = nappagreedy.com.ak.uobtimetable.CourseListActivity, 
08-04 18:55:03.674 18326 18326 D Nappa   : predictedNextActivityFromActivity = [nappagreedy.com.ak.uobtimetable.MainActivity, nappagreedy.com.ak.uobtimetable.WelcomeActivity, nappagreedy.com.ak.uobtimetable.CourseListActivity], 
08-04 18:55:03.674 18326 18326 D Nappa   : activity.getClass().getCanonicalName() = nappagreedy.com.ak.uobtimetable.MainActivity, 
08-04 18:55:03.674 18326 18326 D Nappa   : setCurrentActivity - MetricStrategyAccuracy - 
08-04 18:55:03.674 18326 18326 D Nappa   : madePredictionFromExtra = true, 
08-04 18:55:03.674 18326 18326 D Nappa   : fromActivity = nappagreedy.com.ak.uobtimetable.CourseListActivity, 
08-04 18:55:03.674 18326 18326 D Nappa   : predictedNextActivityFromExtra = [nappagreedy.com.ak.uobtimetable.MainActivity, nappagreedy.com.ak.uobtimetable.WelcomeActivity, nappagreedy.com.ak.uobtimetable.CourseListActivity], 
08-04 18:55:03.674 18326 18326 D Nappa   : activity.getClass().getCanonicalName() = nappagreedy.com.ak.uobtimetable.MainActivity, 
08-04 18:55:03.674 18326 18326 D Nappa   : PREFETCH_ON_EXTRA - setCurrentActivity - logs - from activity - made prediction istrue
08-04 18:55:03.675 18326 18326 D Nappa   : PREFETCH_ON_EXTRA - setCurrentActivity - logs - from activity - start
08-04 18:55:03.675 18326 18326 D Nappa   : setCurrentActivity - MetricStrategyAccuracy - checking prediction VS current activity for activities
08-04 18:55:03.675 18326 18326 D Nappa   : PREFETCH_ON_EXTRA - setCurrentActivity - logs - from activity- finished
08-04 18:55:03.775 18326 18326 D Nappa   : registerActivity: (already in) nappagreedy.com.ak.uobtimetable.MainActivity
08-04 18:55:03.776 18326 18326 D Nappa   : SHOULD_PREFETCH true
08-04 18:55:03.876 18326 18326 D Nappa   : registerActivity: (already in) nappagreedy.com.ak.uobtimetable.MainActivity
08-04 18:55:03.876 18326 18326 D Nappa   : SUCCESSORS nappagreedy.com.ak.uobtimetable.WelcomeActivity
08-04 18:55:03.876 18326 18326 D Nappa   : STATS Number of requests not prefetched: 2
08-04 18:55:03.876 18326 18326 D Nappa   : STATS Number of requests prefetched: 0
08-04 18:55:03.877 18326 18326 D Nappa   : STATS Time saved until now: 0.0
08-04 18:55:04.075 18326 18359 D Nappa   : PREFETCH_ON_EXTRA - setCurrentActivity - logs - from extra - made prediction istrue
08-04 18:55:04.075 18326 18359 D Nappa   : PREFETCH_ON_EXTRA - setCurrentActivity - logs - from extra - start
08-04 18:55:04.075 18326 18359 D Nappa   : setCurrentActivity - MetricStrategyAccuracy - checking prediction VS current activity for extras
08-04 18:55:04.076 18326 18359 D Nappa   : PREFETCH_ON_EXTRA - setCurrentActivity - logs - from extra- finished
08-04 18:55:04.376 18326 18359 D Nappa   : PREFETCH_ON_EXTRA - setCurrentActivity - starting new prediction
08-04 18:55:04.377 18326 18359 D Nappa   : Current node - currentActivityName - nappagreedy.com.ak.uobtimetable.MainActivity
08-04 18:55:04.377 18326 18359 D Nappa   : Current node - activityGraph.getCurrent() - nappagreedy.com.ak.uobtimetable.MainActivity
08-04 18:55:04.379 18326 18359 D Nappa   : PREFETCH_ON_EXTRA - setCurrentActivity - finished new prediction
08-04 18:55:13.849 18326 18326 D Nappa   : Stayed on nappagreedy.com.ak.uobtimetable.MainActivity for 9972 ms
08-04 18:55:13.901 18326 18326 D Nappa   : setCurrentActivity - MetricStrategyAccuracy - 
08-04 18:55:13.901 18326 18326 D Nappa   : madePredictionFromActivity = true, 
08-04 18:55:13.901 18326 18326 D Nappa   : fromActivity = nappagreedy.com.ak.uobtimetable.MainActivity, 
08-04 18:55:13.901 18326 18326 D Nappa   : predictedNextActivityFromActivity = [nappagreedy.com.ak.uobtimetable.WelcomeActivity, nappagreedy.com.ak.uobtimetable.CourseListActivity, nappagreedy.com.ak.uobtimetable.MainActivity], 
08-04 18:55:13.901 18326 18326 D Nappa   : activity.getClass().getCanonicalName() = nappagreedy.com.ak.uobtimetable.CourseListActivity, 
08-04 18:55:13.901 18326 19101 D Nappa   : TAG okHttpClient initialized
08-04 18:55:13.901 18326 18326 D Nappa   : setCurrentActivity - MetricStrategyAccuracy - 
08-04 18:55:13.901 18326 18326 D Nappa   : madePredictionFromExtra = false, 
08-04 18:55:13.901 18326 18326 D Nappa   : fromActivity = nappagreedy.com.ak.uobtimetable.MainActivity, 
08-04 18:55:13.901 18326 18326 D Nappa   : predictedNextActivityFromExtra = [], 
08-04 18:55:13.901 18326 18326 D Nappa   : activity.getClass().getCanonicalName() = nappagreedy.com.ak.uobtimetable.CourseListActivity, 
08-04 18:55:13.901 18326 18326 D Nappa   : PREFETCH_ON_EXTRA - setCurrentActivity - logs - from activity - made prediction istrue
08-04 18:55:13.901 18326 18326 D Nappa   : PREFETCH_ON_EXTRA - setCurrentActivity - logs - from activity - start
08-04 18:55:13.901 18326 18326 D Nappa   : setCurrentActivity - MetricStrategyAccuracy - checking prediction VS current activity for activities
08-04 18:55:13.902 18326 18326 D Nappa   : PREFETCH_ON_EXTRA - setCurrentActivity - logs - from activity- finished
08-04 18:55:13.902 18326 19101 D Nappa   : F1_SCORE add_intercept_url - (already in) - https://uob-timetable-api.adriankeenan.co.uk/courses
08-04 18:55:13.902 18326 19101 D Nappa   : F1_SCORE add_fn_url - (already in) - https://uob-timetable-api.adriankeenan.co.uk/courses
08-04 18:55:13.902 18326 19101 D Nappa   : -------------F1_SCORE #5 -----------
08-04 18:55:13.902 18326 19101 D Nappa   : F1_SCORE - Intercept list (2)= [https://uob-timetable-api.adriankeenan.co.uk/courses, https://uob-timetable-api.adriankeenan.co.uk/sessions?dept=BD002&course=CFIEFAAF%2F02AA%2F0%2FFT&level=ALL+Courses]
08-04 18:55:13.902 18326 19101 D Nappa   : F1_SCORE - Prefetch list (0)= []
08-04 18:55:13.903 18326 19101 D Nappa   : F1_SCORE - TP list (0)= []
08-04 18:55:13.903 18326 19101 D Nappa   : F1_SCORE - FN list (2)= [https://uob-timetable-api.adriankeenan.co.uk/courses, https://uob-timetable-api.adriankeenan.co.uk/sessions?dept=BD002&course=CFIEFAAF%2F02AA%2F0%2FFT&level=ALL+Courses]
08-04 18:55:14.002 18326 18326 D Nappa   : registerActivity: (already in) nappagreedy.com.ak.uobtimetable.CourseListActivity
08-04 18:55:14.002 18326 18326 D Nappa   : SHOULD_PREFETCH false
08-04 18:55:14.002 18326 18326 D Nappa   : STATS Number of requests not prefetched: 2
08-04 18:55:14.002 18326 18326 D Nappa   : STATS Number of requests prefetched: 1
08-04 18:55:14.002 18326 18326 D Nappa   : STATS Time saved until now: 0.034
08-04 18:55:14.002 18326 18359 D Nappa   : registerActivity: (already in) nappagreedy.com.ak.uobtimetable.CourseListActivity
08-04 18:55:14.003 18326 18359 D Nappa   : PARENTS 
08-04 18:55:14.003 18326 18359 D Nappa   : Of: nappagreedy.com.ak.uobtimetable.CourseListActivity -> 
08-04 18:55:14.003 18326 18359 D Nappa   : PARENTS nappagreedy.com.ak.uobtimetable.WelcomeActivity
08-04 18:55:14.003 18326 18359 D Nappa   : PARENTS nappagreedy.com.ak.uobtimetable.MainActivity
08-04 18:55:14.003 18326 18359 D Nappa   : PARENTS nappagreedy.com.ak.uobtimetable.CourseListActivity
08-04 18:55:14.003 18326 18359 D Nappa   : PARENTS has extra: (forceRefreshSessions, true)
08-04 18:55:14.302 18326 18359 D Nappa   : PREFETCH_ON_EXTRA - setCurrentActivity - logs - from extra - made prediction isfalse
08-04 18:55:30.397 18326 18359 D Nappa   : PREFETCH_ON_EXTRA - notifyExtras- start
08-04 18:55:30.400 18326 18359 D Nappa   : PREFETCH_ON_EXTRA - notifyExtras- end
08-04 18:55:30.400 18326 18359 D Nappa   : PREFSTRAT2 ADDING NEW ACTEXTRADATA
08-04 18:55:30.413 18326 18326 D Nappa   : Stayed on nappagreedy.com.ak.uobtimetable.CourseListActivity for 16411 ms
08-04 18:55:30.533 18326 19408 D Nappa   : TAG okHttpClient initialized
08-04 18:55:30.535 18326 19408 D Nappa   : F1_SCORE add_intercept_url - (new) - https://uob-timetable-api.adriankeenan.co.uk/sessions?dept=CM010&course=BSAIFAAF%2F02AA%2F0%2FFT&level=Foundation+Year
08-04 18:55:30.535 18326 19408 D Nappa   : F1_SCORE add_fn_url - (new) - https://uob-timetable-api.adriankeenan.co.uk/sessions?dept=CM010&course=BSAIFAAF%2F02AA%2F0%2FFT&level=Foundation+Year
08-04 18:55:30.535 18326 19408 D Nappa   : -------------F1_SCORE #7 -----------
08-04 18:55:30.535 18326 19408 D Nappa   : F1_SCORE - Intercept list (3)= [https://uob-timetable-api.adriankeenan.co.uk/courses, https://uob-timetable-api.adriankeenan.co.uk/sessions?dept=BD002&course=CFIEFAAF%2F02AA%2F0%2FFT&level=ALL+Courses, https://uob-timetable-api.adriankeenan.co.uk/sessions?dept=CM010&course=BSAIFAAF%2F02AA%2F0%2FFT&level=Foundation+Year]
08-04 18:55:30.535 18326 19408 D Nappa   : F1_SCORE - Prefetch list (0)= []
08-04 18:55:30.535 18326 19408 D Nappa   : F1_SCORE - TP list (0)= []
08-04 18:55:30.535 18326 19408 D Nappa   : F1_SCORE - FN list (3)= [https://uob-timetable-api.adriankeenan.co.uk/courses, https://uob-timetable-api.adriankeenan.co.uk/sessions?dept=BD002&course=CFIEFAAF%2F02AA%2F0%2FFT&level=ALL+Courses, https://uob-timetable-api.adriankeenan.co.uk/sessions?dept=CM010&course=BSAIFAAF%2F02AA%2F0%2FFT&level=Foundation+Year]
08-04 18:55:30.548 18326 18326 D Nappa   : setCurrentActivity - MetricStrategyAccuracy - 
08-04 18:55:30.548 18326 18326 D Nappa   : madePredictionFromActivity = false, 
08-04 18:55:30.548 18326 18326 D Nappa   : fromActivity = nappagreedy.com.ak.uobtimetable.CourseListActivity, 
08-04 18:55:30.548 18326 18326 D Nappa   : predictedNextActivityFromActivity = [], 
08-04 18:55:30.548 18326 18326 D Nappa   : activity.getClass().getCanonicalName() = nappagreedy.com.ak.uobtimetable.MainActivity, 
08-04 18:55:30.549 18326 18326 D Nappa   : setCurrentActivity - MetricStrategyAccuracy - 
08-04 18:55:30.549 18326 18326 D Nappa   : madePredictionFromExtra = true, 
08-04 18:55:30.549 18326 18326 D Nappa   : fromActivity = nappagreedy.com.ak.uobtimetable.CourseListActivity, 
08-04 18:55:30.549 18326 18326 D Nappa   : predictedNextActivityFromExtra = [nappagreedy.com.ak.uobtimetable.MainActivity, nappagreedy.com.ak.uobtimetable.WelcomeActivity, nappagreedy.com.ak.uobtimetable.CourseListActivity], 
08-04 18:55:30.549 18326 18326 D Nappa   : activity.getClass().getCanonicalName() = nappagreedy.com.ak.uobtimetable.MainActivity, 
08-04 18:55:30.549 18326 18326 D Nappa   : PREFETCH_ON_EXTRA - setCurrentActivity - logs - from activity - made prediction isfalse
08-04 18:55:30.635 18326 18359 D Nappa   : registerActivity: (already in) nappagreedy.com.ak.uobtimetable.CourseListActivity
08-04 18:55:30.635 18326 18359 D Nappa   : PARENTS 
08-04 18:55:30.635 18326 18359 D Nappa   : Of: nappagreedy.com.ak.uobtimetable.CourseListActivity -> 
08-04 18:55:30.636 18326 18359 D Nappa   : PARENTS nappagreedy.com.ak.uobtimetable.WelcomeActivity
08-04 18:55:30.636 18326 18359 D Nappa   : PARENTS nappagreedy.com.ak.uobtimetable.MainActivity
08-04 18:55:30.636 18326 18359 D Nappa   : PARENTS nappagreedy.com.ak.uobtimetable.CourseListActivity
08-04 18:55:30.636 18326 18359 D Nappa   : PARENTS has extra: (forceRefreshSessions, true)
08-04 18:55:30.649 18326 18326 D Nappa   : registerActivity: (already in) nappagreedy.com.ak.uobtimetable.MainActivity
08-04 18:55:30.649 18326 18326 D Nappa   : SHOULD_PREFETCH true
08-04 18:55:30.750 18326 18326 D Nappa   : registerActivity: (already in) nappagreedy.com.ak.uobtimetable.MainActivity
08-04 18:55:30.750 18326 18326 D Nappa   : SUCCESSORS nappagreedy.com.ak.uobtimetable.WelcomeActivity
08-04 18:55:30.750 18326 18326 D Nappa   : STATS Number of requests not prefetched: 2
08-04 18:55:30.750 18326 18326 D Nappa   : STATS Number of requests prefetched: 1
08-04 18:55:30.750 18326 18326 D Nappa   : STATS Time saved until now: 0.034
08-04 18:55:30.851 18326 18326 D Nappa   : TAG okHttpClient initialized
08-04 18:55:30.949 18326 18359 D Nappa   : PREFETCH_ON_EXTRA - setCurrentActivity - logs - from extra - made prediction istrue
08-04 18:55:30.949 18326 18359 D Nappa   : PREFETCH_ON_EXTRA - setCurrentActivity - logs - from extra - start
08-04 18:55:30.949 18326 18359 D Nappa   : setCurrentActivity - MetricStrategyAccuracy - checking prediction VS current activity for extras
08-04 18:55:30.950 18326 18359 D Nappa   : PREFETCH_ON_EXTRA - setCurrentActivity - logs - from extra- finished
08-04 18:55:31.250 18326 18359 D Nappa   : PREFETCH_ON_EXTRA - setCurrentActivity - starting new prediction
08-04 18:55:31.250 18326 18359 D Nappa   : Current node - currentActivityName - nappagreedy.com.ak.uobtimetable.MainActivity
08-04 18:55:31.250 18326 18359 D Nappa   : Current node - activityGraph.getCurrent() - nappagreedy.com.ak.uobtimetable.MainActivity
08-04 18:55:31.254 18326 18359 D Nappa   : PREFETCH_ON_EXTRA - setCurrentActivity - finished new prediction
08-04 18:55:37.211 18326 18326 D Nappa   : Stayed on nappagreedy.com.ak.uobtimetable.MainActivity for 6461 ms
08-04 18:55:37.259 18326 19536 D Nappa   : TAG okHttpClient initialized
08-04 18:55:37.259 18326 18326 D Nappa   : setCurrentActivity - MetricStrategyAccuracy - 
08-04 18:55:37.259 18326 18326 D Nappa   : madePredictionFromActivity = true, 
08-04 18:55:37.259 18326 18326 D Nappa   : fromActivity = nappagreedy.com.ak.uobtimetable.MainActivity, 
08-04 18:55:37.259 18326 18326 D Nappa   : predictedNextActivityFromActivity = [nappagreedy.com.ak.uobtimetable.WelcomeActivity, nappagreedy.com.ak.uobtimetable.CourseListActivity, nappagreedy.com.ak.uobtimetable.MainActivity], 
08-04 18:55:37.259 18326 18326 D Nappa   : activity.getClass().getCanonicalName() = nappagreedy.com.ak.uobtimetable.CourseListActivity, 
08-04 18:55:37.259 18326 18326 D Nappa   : setCurrentActivity - MetricStrategyAccuracy - 
08-04 18:55:37.259 18326 18326 D Nappa   : madePredictionFromExtra = false, 
08-04 18:55:37.259 18326 18326 D Nappa   : fromActivity = nappagreedy.com.ak.uobtimetable.MainActivity, 
08-04 18:55:37.259 18326 18326 D Nappa   : predictedNextActivityFromExtra = [], 
08-04 18:55:37.259 18326 18326 D Nappa   : activity.getClass().getCanonicalName() = nappagreedy.com.ak.uobtimetable.CourseListActivity, 
08-04 18:55:37.259 18326 18326 D Nappa   : PREFETCH_ON_EXTRA - setCurrentActivity - logs - from activity - made prediction istrue
08-04 18:55:37.260 18326 18326 D Nappa   : PREFETCH_ON_EXTRA - setCurrentActivity - logs - from activity - start
08-04 18:55:37.260 18326 18326 D Nappa   : setCurrentActivity - MetricStrategyAccuracy - checking prediction VS current activity for activities
08-04 18:55:37.260 18326 18326 D Nappa   : PREFETCH_ON_EXTRA - setCurrentActivity - logs - from activity- finished
08-04 18:55:37.260 18326 19536 D Nappa   : F1_SCORE add_intercept_url - (already in) - https://uob-timetable-api.adriankeenan.co.uk/courses
08-04 18:55:37.260 18326 19536 D Nappa   : F1_SCORE add_fn_url - (already in) - https://uob-timetable-api.adriankeenan.co.uk/courses
08-04 18:55:37.260 18326 19536 D Nappa   : -------------F1_SCORE #9 -----------
08-04 18:55:37.261 18326 19536 D Nappa   : F1_SCORE - Intercept list (3)= [https://uob-timetable-api.adriankeenan.co.uk/courses, https://uob-timetable-api.adriankeenan.co.uk/sessions?dept=BD002&course=CFIEFAAF%2F02AA%2F0%2FFT&level=ALL+Courses, https://uob-timetable-api.adriankeenan.co.uk/sessions?dept=CM010&course=BSAIFAAF%2F02AA%2F0%2FFT&level=Foundation+Year]
08-04 18:55:37.261 18326 19536 D Nappa   : F1_SCORE - Prefetch list (0)= []
08-04 18:55:37.261 18326 19536 D Nappa   : F1_SCORE - TP list (0)= []
08-04 18:55:37.261 18326 19536 D Nappa   : F1_SCORE - FN list (3)= [https://uob-timetable-api.adriankeenan.co.uk/courses, https://uob-timetable-api.adriankeenan.co.uk/sessions?dept=BD002&course=CFIEFAAF%2F02AA%2F0%2FFT&level=ALL+Courses, https://uob-timetable-api.adriankeenan.co.uk/sessions?dept=CM010&course=BSAIFAAF%2F02AA%2F0%2FFT&level=Foundation+Year]
08-04 18:55:37.360 18326 18326 D Nappa   : registerActivity: (already in) nappagreedy.com.ak.uobtimetable.CourseListActivity
08-04 18:55:37.361 18326 18359 D Nappa   : registerActivity: (already in) nappagreedy.com.ak.uobtimetable.CourseListActivity
08-04 18:55:37.361 18326 18359 D Nappa   : PARENTS 
08-04 18:55:37.361 18326 18359 D Nappa   : Of: nappagreedy.com.ak.uobtimetable.CourseListActivity -> 
08-04 18:55:37.361 18326 18326 D Nappa   : SHOULD_PREFETCH false
08-04 18:55:37.361 18326 18359 D Nappa   : PARENTS nappagreedy.com.ak.uobtimetable.WelcomeActivity
08-04 18:55:37.361 18326 18326 D Nappa   : STATS Number of requests not prefetched: 3
08-04 18:55:37.361 18326 18359 D Nappa   : PARENTS nappagreedy.com.ak.uobtimetable.MainActivity
08-04 18:55:37.361 18326 18326 D Nappa   : STATS Number of requests prefetched: 2
08-04 18:55:37.361 18326 18359 D Nappa   : PARENTS nappagreedy.com.ak.uobtimetable.CourseListActivity
08-04 18:55:37.361 18326 18326 D Nappa   : STATS Time saved until now: 0.068
08-04 18:55:37.361 18326 18359 D Nappa   : PARENTS has extra: (forceRefreshSessions, true)
08-04 18:55:37.660 18326 18359 D Nappa   : PREFETCH_ON_EXTRA - setCurrentActivity - logs - from extra - made prediction isfalse
08-04 18:55:46.123 18326 18359 D Nappa   : PREFETCH_ON_EXTRA - notifyExtras- start
08-04 18:55:46.129 18326 18359 D Nappa   : PREFETCH_ON_EXTRA - notifyExtras- end
08-04 18:55:46.129 18326 18359 D Nappa   : PREFSTRAT2 ADDING NEW ACTEXTRADATA
08-04 18:55:46.144 18326 18326 D Nappa   : Stayed on nappagreedy.com.ak.uobtimetable.CourseListActivity for 8783 ms
08-04 18:55:46.270 18326 19669 D Nappa   : TAG okHttpClient initialized
08-04 18:55:46.272 18326 19669 D Nappa   : F1_SCORE add_intercept_url - (already in) - https://uob-timetable-api.adriankeenan.co.uk/sessions?dept=CM010&course=BSAIFAAF%2F02AA%2F0%2FFT&level=Foundation+Year
08-04 18:55:46.273 18326 19669 D Nappa   : F1_SCORE add_fn_url - (already in) - https://uob-timetable-api.adriankeenan.co.uk/sessions?dept=CM010&course=BSAIFAAF%2F02AA%2F0%2FFT&level=Foundation+Year
08-04 18:55:46.273 18326 19669 D Nappa   : -------------F1_SCORE #11 -----------
08-04 18:55:46.273 18326 19669 D Nappa   : F1_SCORE - Intercept list (3)= [https://uob-timetable-api.adriankeenan.co.uk/courses, https://uob-timetable-api.adriankeenan.co.uk/sessions?dept=BD002&course=CFIEFAAF%2F02AA%2F0%2FFT&level=ALL+Courses, https://uob-timetable-api.adriankeenan.co.uk/sessions?dept=CM010&course=BSAIFAAF%2F02AA%2F0%2FFT&level=Foundation+Year]
08-04 18:55:46.273 18326 19669 D Nappa   : F1_SCORE - Prefetch list (0)= []
08-04 18:55:46.273 18326 19669 D Nappa   : F1_SCORE - TP list (0)= []
08-04 18:55:46.273 18326 19669 D Nappa   : F1_SCORE - FN list (3)= [https://uob-timetable-api.adriankeenan.co.uk/courses, https://uob-timetable-api.adriankeenan.co.uk/sessions?dept=BD002&course=CFIEFAAF%2F02AA%2F0%2FFT&level=ALL+Courses, https://uob-timetable-api.adriankeenan.co.uk/sessions?dept=CM010&course=BSAIFAAF%2F02AA%2F0%2FFT&level=Foundation+Year]
08-04 18:55:46.288 18326 18326 D Nappa   : setCurrentActivity - MetricStrategyAccuracy - 
08-04 18:55:46.288 18326 18326 D Nappa   : madePredictionFromActivity = false, 
08-04 18:55:46.288 18326 18326 D Nappa   : fromActivity = nappagreedy.com.ak.uobtimetable.CourseListActivity, 
08-04 18:55:46.288 18326 18326 D Nappa   : predictedNextActivityFromActivity = [], 
08-04 18:55:46.288 18326 18326 D Nappa   : activity.getClass().getCanonicalName() = nappagreedy.com.ak.uobtimetable.MainActivity, 
08-04 18:55:46.288 18326 18326 D Nappa   : setCurrentActivity - MetricStrategyAccuracy - 
08-04 18:55:46.288 18326 18326 D Nappa   : madePredictionFromExtra = true, 
08-04 18:55:46.288 18326 18326 D Nappa   : fromActivity = nappagreedy.com.ak.uobtimetable.CourseListActivity, 
08-04 18:55:46.288 18326 18326 D Nappa   : predictedNextActivityFromExtra = [nappagreedy.com.ak.uobtimetable.MainActivity, nappagreedy.com.ak.uobtimetable.WelcomeActivity, nappagreedy.com.ak.uobtimetable.CourseListActivity], 
08-04 18:55:46.288 18326 18326 D Nappa   : activity.getClass().getCanonicalName() = nappagreedy.com.ak.uobtimetable.MainActivity, 
08-04 18:55:46.288 18326 18326 D Nappa   : PREFETCH_ON_EXTRA - setCurrentActivity - logs - from activity - made prediction isfalse
08-04 18:55:46.373 18326 18359 D Nappa   : registerActivity: (already in) nappagreedy.com.ak.uobtimetable.CourseListActivity
08-04 18:55:46.373 18326 18359 D Nappa   : PARENTS 
08-04 18:55:46.373 18326 18359 D Nappa   : Of: nappagreedy.com.ak.uobtimetable.CourseListActivity -> 
08-04 18:55:46.373 18326 18359 D Nappa   : PARENTS nappagreedy.com.ak.uobtimetable.WelcomeActivity
08-04 18:55:46.373 18326 18359 D Nappa   : PARENTS nappagreedy.com.ak.uobtimetable.MainActivity
08-04 18:55:46.373 18326 18359 D Nappa   : PARENTS nappagreedy.com.ak.uobtimetable.CourseListActivity
08-04 18:55:46.373 18326 18359 D Nappa   : PARENTS has extra: (forceRefreshSessions, true)
08-04 18:55:46.389 18326 18326 D Nappa   : registerActivity: (already in) nappagreedy.com.ak.uobtimetable.MainActivity
08-04 18:55:46.389 18326 18326 D Nappa   : SHOULD_PREFETCH true
08-04 18:55:46.489 18326 18326 D Nappa   : registerActivity: (already in) nappagreedy.com.ak.uobtimetable.MainActivity
08-04 18:55:46.489 18326 18326 D Nappa   : SUCCESSORS nappagreedy.com.ak.uobtimetable.WelcomeActivity
08-04 18:55:46.489 18326 18326 D Nappa   : STATS Number of requests not prefetched: 3
08-04 18:55:46.490 18326 18326 D Nappa   : STATS Number of requests prefetched: 3
08-04 18:55:46.490 18326 18326 D Nappa   : STATS Time saved until now: 0.105000004
08-04 18:55:46.564 18326 18326 D Nappa   : TAG okHttpClient initialized
08-04 18:55:46.689 18326 18359 D Nappa   : PREFETCH_ON_EXTRA - setCurrentActivity - logs - from extra - made prediction istrue
08-04 18:55:46.689 18326 18359 D Nappa   : PREFETCH_ON_EXTRA - setCurrentActivity - logs - from extra - start
08-04 18:55:46.689 18326 18359 D Nappa   : setCurrentActivity - MetricStrategyAccuracy - checking prediction VS current activity for extras
08-04 18:55:46.689 18326 18359 D Nappa   : PREFETCH_ON_EXTRA - setCurrentActivity - logs - from extra- finished
08-04 18:55:46.990 18326 18359 D Nappa   : PREFETCH_ON_EXTRA - setCurrentActivity - starting new prediction
08-04 18:55:46.991 18326 18359 D Nappa   : Current node - currentActivityName - nappagreedy.com.ak.uobtimetable.MainActivity
08-04 18:55:46.991 18326 18359 D Nappa   : Current node - activityGraph.getCurrent() - nappagreedy.com.ak.uobtimetable.MainActivity
08-04 18:55:46.994 18326 18359 D Nappa   : PREFETCH_ON_EXTRA - setCurrentActivity - finished new prediction
