--------- beginning of main
08-03 19:56:39.846  3784  3784 D CarrierServiceBindHelper: Receive action: android.intent.action.PACKAGE_REMOVED
08-03 19:56:39.864 12851 12851 W System  : ClassLoader referenced unknown path: /system/app/KeyChain/lib/arm64
08-03 19:56:39.868   918  5952 I AccountManagerService: getTypesVisibleToCaller: isPermitted? true
08-03 19:56:39.877   918   930 W ResourceType: ResTable_typeSpec entry count inconsistent: given 37, previously 42
08-03 19:56:39.877   918   930 W ResourceType: ResTable_typeSpec entry count inconsistent: given 2527, previously 2530
08-03 19:56:39.878   918   930 W ResourceType: ResTable_typeSpec entry count inconsistent: given 2542, previously 2545
08-03 19:56:39.878   918   930 W ResourceType: ResTable_typeSpec entry count inconsistent: given 303, previously 1691
08-03 19:56:39.894  3784  3784 D CarrierServiceBindHelper: Receive action: android.intent.action.PACKAGE_ADDED
08-03 19:56:39.894  3784  3784 D CarrierServiceBindHelper: Receive action: android.intent.action.PACKAGE_REPLACED
08-03 19:56:39.895  3784  3784 D CarrierServiceBindHelper: mHandler: 3
08-03 19:56:39.895  3784  3784 D CarrierServiceBindHelper: mHandler: 3
08-03 19:56:39.895  3784  3784 D CarrierServiceBindHelper: mHandler: 3
08-03 19:56:39.895  3784  3784 D CarrierConfigLoader: mHandler: 9 phoneId: 0
08-03 19:56:39.901 24365 12869 I Fitness : FitCleanupIntentOperation received Intent android.intent.action.PACKAGE_REMOVED [CONTEXT service_id=17 ]
08-03 19:56:39.913 18789 18789 I Finsky  : [1] uah.a(18): PackageMonitorReceiverImpl - Received: android.intent.action.PACKAGE_REMOVED, [jsPREe6yOOhrMreoEvcpPvP36yUmihacpIgcKsaLph8]
08-03 19:56:39.913 18789 18789 I Finsky  : [1] ubi.d(9): Invalidating cached PackageState for baseline.com.ak.uobtimetable
08-03 19:56:39.913   918  4400 I AccountManagerService: getTypesVisibleToCaller: isPermitted? true
08-03 19:56:39.929 18789 18789 I Finsky  : [1] lzi.c(2): Frosting ID looked up on UI thread. Caller should move to a background thread.
08-03 19:56:39.939 18789 18789 I Finsky  : [1] nqb.c(3): Installer: package baseline.com.ak.uobtimetable was removed. replacing: true
08-03 19:56:39.940 18789 18789 I Finsky  : [1] nra.a(188): Installer: Notifying status update. package=baseline.com.ak.uobtimetable, status=UNINSTALLED
08-03 19:56:39.984 18789 18789 I Finsky  : [1] lzi.c(2): Frosting ID looked up on UI thread. Caller should move to a background thread.
08-03 19:56:39.994 18789 18789 I Finsky  : [1] nra.a(220): Installer: found apps to install. isMultiUserMode=false, apps=[]
08-03 19:56:39.999 18789 12893 I Finsky  : [5713] ejf.a(-1): Cancelled 0 ongoing asset module downloads for package baseline.com.ak.uobtimetable due to a concurrent app update.
08-03 19:56:40.026 18789 18981 I Finsky  : [5590] odj.b(52): IQ: Notifying installation update. package=baseline.com.ak.uobtimetable, status=UNINSTALLED
08-03 19:56:40.045 24577 12882 I Auth    : [SupervisedAccountIntentOperation] onHandleIntent(): android.intent.action.PACKAGE_ADDED
08-03 19:56:40.046 24577 12882 I ChromeSync: [Sync,SyncIntentOperation] Handling the intent: Intent { act=android.intent.action.PACKAGE_ADDED dat=package:baseline.com.ak.uobtimetable flg=0x4000010 cmp=com.google.android.gms/.chimera.GmsIntentOperationService (has extras) }.
08-03 19:56:40.056 18789 18789 I Finsky  : [1] uah.a(18): PackageMonitorReceiverImpl - Received: android.intent.action.PACKAGE_ADDED, [jsPREe6yOOhrMreoEvcpPvP36yUmihacpIgcKsaLph8]
08-03 19:56:40.059 18789 18789 I Finsky  : [1] ubi.d(9): Invalidating cached PackageState for baseline.com.ak.uobtimetable
08-03 19:56:40.061 18789 18789 I Finsky  : [1] lzi.c(2): Frosting ID looked up on UI thread. Caller should move to a background thread.
08-03 19:56:40.079 18789 18789 I Finsky  : [1] agsx.a(4): Do not start WearSupportService due to Wear service optimization
08-03 19:56:40.085 18789 12893 I Finsky  : [5713] ejc.a(-1): Asset module broadcast after update successful for package baseline.com.ak.uobtimetable. 0 sessions broadcast.
08-03 19:56:40.154 18789 18789 I Finsky  : [1] lzi.c(2): Frosting ID looked up on UI thread. Caller should move to a background thread.
08-03 19:56:40.155 18789 12887 I Finsky  : [5711] lyv.run(-1): Wrote row to frosting DB: 2034
--------- beginning of system
08-03 19:56:40.170   918  5952 W ActivityManager: Unable to start service Intent { act=com.google.android.gms.auth.key.retrieval.service.START pkg=com.google.android.gms } U=0: not found
08-03 19:56:40.207   918  6111 I AccountManagerService: getTypesVisibleToCaller: isPermitted? true
08-03 19:56:40.227 24577 12882 I ChromeSync: [Persistence,AffiliationManager] One of affiliation or grouping data for android://bz0hZa4nAJEtd0n5sRlXG7KAqctUMWVefv7Ki4mh1p6slZ9YO-n9gS9j8m9YCrsIyI2wIxrDHraumF9Y6pBLTA==@baseline.com.ak.uobtimetable/ was not found. Marking affiliation data as stale...
08-03 19:56:40.240   918  3359 W ActivityManager: Unbind failed: could not find connection for android.os.BinderProxy@c669670
08-03 19:56:40.241 24577 24621 E GmsClient: unable to connect to service: com.google.android.gms.auth.key.retrieval.service.START on com.google.android.gms
08-03 19:56:40.294 24577 12868 I FontLog : Package baseline.com.ak.uobtimetable has no metadata [CONTEXT service_id=132 ]
08-03 19:56:40.340 18789 12890 I Finsky  : [5712] gzn.a(-1): [ContentSync] finished, scheduled=false
08-03 19:56:40.341   918  6112 I AccountManagerService: getTypesVisibleToCaller: isPermitted? true
08-03 19:56:40.372 18789 12887 I Finsky  : [5711] lyv.run(-1): Wrote row to frosting DB: 2035
08-03 19:56:40.375 18789 18981 I Finsky  : [5590] odj.b(40): IQ: No matching installs to run for jobs: []
08-03 19:56:40.392 12903 12903 D AndroidRuntime: >>>>>> START com.android.internal.os.RuntimeInit uid 2000 <<<<<<
08-03 19:56:40.396 12903 12903 D AndroidRuntime: CheckJNI is OFF
08-03 19:56:40.420 12903 12903 D ICU     : No timezone override file found: /data/misc/zoneinfo/current/icu/icu_tzdata.dat
08-03 19:56:40.439 18789 18789 I Finsky  : [1] xmu.a(8): SCH: Jobs in database: 1-1337 3-181 3-182 12-1 24-77777777 26-1414141414 
08-03 19:56:40.442 18789 18789 I Finsky  : [1] xio.a(57): SCH: ConstraintMapping: 24-77777777,  -> L: 0ms, D: 4168660ms, C: false, I: true, N: 0
08-03 19:56:40.442 18789 18789 I Finsky  : [1] xio.a(57): SCH: ConstraintMapping: 1-1337, 12-1,  -> L: 14530ms, D: 50952465ms, C: false, I: false, N: 1
08-03 19:56:40.443 18789 18789 I Finsky  : [1] xio.a(57): SCH: ConstraintMapping: 3-181,  -> L: 0ms, D: 82208773ms, C: false, I: true, N: 2
08-03 19:56:40.443 18789 18789 I Finsky  : [1] xio.a(57): SCH: ConstraintMapping: 3-182,  -> L: 0ms, D: 82208846ms, C: true, I: true, N: 2
08-03 19:56:40.443 18789 18789 I Finsky  : [1] xio.a(57): SCH: ConstraintMapping: 26-1414141414,  -> L: 11824713ms, D: 12724713ms, C: false, I: false, N: 0
08-03 19:56:40.445 18789 12890 I Finsky  : [5712] gzn.a(-1): [ContentSync] finished, scheduled=true
08-03 19:56:40.448 18789 12887 I Finsky  : [5711] lyv.run(-1): Wrote row to frosting DB: 2036
08-03 19:56:40.448 12903 12903 I Radio-JNI: register_android_hardware_Radio DONE
08-03 19:56:40.460 18789 18789 I Finsky  : [1] xle.a(34): Cancelling existing jobscheduler jobs: 9014 9004 9011 9006 9002 9008 9000 9003 9005 9007 
08-03 19:56:40.461 18789 18789 I Finsky  : [1] xle.a(27): Scheduling job Id: 9001, L: 0, D: 4168660, C: false, I: true, N: 0
08-03 19:56:40.462 18789 18789 I Finsky  : [1] xle.a(27): Scheduling job Id: 9009, L: 14530, D: 50952465, C: false, I: false, N: 1
08-03 19:56:40.464 12903 12903 D AndroidRuntime: Calling main entry com.android.commands.monkey.Monkey
08-03 19:56:40.464 18789 18789 I Finsky  : [1] xle.a(27): Scheduling job Id: 9010, L: 0, D: 82208773, C: false, I: true, N: 2
08-03 19:56:40.468 18789 18789 I Finsky  : [1] xle.a(27): Scheduling job Id: 9012, L: 0, D: 82208846, C: true, I: true, N: 2
08-03 19:56:40.469 18789 18789 I Finsky  : [1] xle.a(27): Scheduling job Id: 9013, L: 11824713, D: 12724713, C: false, I: false, N: 0
08-03 19:56:40.471 18789 18789 I Finsky  : [1] xle.a(27): Scheduling job Id: 9015, L: 0, D: 4168660, C: false, I: true, N: 0
08-03 19:56:40.472 18789 18789 I Finsky  : [1] xle.a(27): Scheduling job Id: 9016, L: 14530, D: 50952465, C: false, I: false, N: 1
08-03 19:56:40.475 18789 18789 I Finsky  : [1] xle.a(27): Scheduling job Id: 9017, L: 0, D: 82208773, C: false, I: true, N: 2
08-03 19:56:40.478 18789 18789 I Finsky  : [1] xle.a(27): Scheduling job Id: 9018, L: 0, D: 82208846, C: true, I: true, N: 2
08-03 19:56:40.480   918   931 W BroadcastQueue: Skipping deliver [background] BroadcastRecord{b910b1e u-1 android.net.conn.CONNECTIVITY_CHANGE} to ReceiverList{5590fff 12903 (unknown name)/2000/u-1 remote:e447ba0}: process crashing
08-03 19:56:40.480 18789 18789 I Finsky  : [1] xle.a(27): Scheduling job Id: 9019, L: 11824713, D: 12724713, C: false, I: false, N: 0
08-03 19:56:40.490   918  3670 I ActivityManager: START u0 {act=android.intent.action.MAIN cat=[android.intent.category.LAUNCHER] flg=0x10200000 cmp=baseline.com.ak.uobtimetable/.MainActivity} from uid 2000 on display 0
08-03 19:56:40.510 12920 12920 I art     : Late-enabling -Xcheck:jni
08-03 19:56:40.510   918  6112 I ActivityManager: Start proc 12920:baseline.com.ak.uobtimetable/u0a641 for activity baseline.com.ak.uobtimetable/.MainActivity
08-03 19:56:40.514 18789 12887 I Finsky  : [5711] lyv.run(-1): Wrote row to frosting DB: 2037
08-03 19:56:40.532 12903 12903 I art     : System.exit called, status: 0
08-03 19:56:40.532 12903 12903 I AndroidRuntime: VM exiting with result code 0.
08-03 19:56:40.537 24577 13293 I Icing   : IndexChimeraService.getServiceInterface callingPackage=com.google.android.gms componentName=AppsCorpus serviceId=36
08-03 19:56:40.545 12920 12920 W System  : ClassLoader referenced unknown path: /data/app/baseline.com.ak.uobtimetable-2/lib/arm64
08-03 19:56:40.552 12920 12920 E Application: Can't init Bugsnag - No key
08-03 19:56:40.552 12920 12920 E Application: java.lang.Exception: Can't init Bugsnag - No key
08-03 19:56:40.552 12920 12920 E Application: 	at baseline.com.ak.uobtimetable.Utilities.Logging.Logger.error(Logger.java:79)
08-03 19:56:40.552 12920 12920 E Application: 	at baseline.com.ak.uobtimetable.MyApplication.onCreate(MyApplication.java:52)
08-03 19:56:40.552 12920 12920 E Application: 	at android.app.Instrumentation.callApplicationOnCreate(Instrumentation.java:1013)
08-03 19:56:40.552 12920 12920 E Application: 	at android.app.ActivityThread.handleBindApplication(ActivityThread.java:4707)
08-03 19:56:40.552 12920 12920 E Application: 	at android.app.ActivityThread.-wrap1(ActivityThread.java)
08-03 19:56:40.552 12920 12920 E Application: 	at android.app.ActivityThread$H.handleMessage(ActivityThread.java:1405)
08-03 19:56:40.552 12920 12920 E Application: 	at android.os.Handler.dispatchMessage(Handler.java:102)
08-03 19:56:40.552 12920 12920 E Application: 	at android.os.Looper.loop(Looper.java:148)
08-03 19:56:40.552 12920 12920 E Application: 	at android.app.ActivityThread.main(ActivityThread.java:5417)
08-03 19:56:40.552 12920 12920 E Application: 	at java.lang.reflect.Method.invoke(Native Method)
08-03 19:56:40.552 12920 12920 E Application: 	at com.android.internal.os.ZygoteInit$MethodAndArgsCaller.run(ZygoteInit.java:726)
08-03 19:56:40.552 12920 12920 E Application: 	at com.android.internal.os.ZygoteInit.main(ZygoteInit.java:616)
08-03 19:56:40.556 12920 12920 I Application: API level: 23
08-03 19:56:40.557 12920 12920 I Application: API level name: M
08-03 19:56:40.557   918  6029 I AccountManagerService: getTypesVisibleToCaller: isPermitted? true
08-03 19:56:40.557 12920 12920 I Application: Target API level: 29
08-03 19:56:40.558 12920 12920 I Application: Git commit hash: 87e4c686
08-03 19:56:40.558 12920 12920 I Application: Git branch: master
08-03 19:56:40.558 12920 12920 I Application: Build type: Debug
08-03 19:56:40.560 12920 12920 I Application: Build keys: Release
08-03 19:56:40.560 12920 12920 I Application: Version code: 21
08-03 19:56:40.561 12920 12920 I Application: Version name: 2.5
08-03 19:56:40.561 12920 12920 I Application: Build date: 11:33 03/08/20
08-03 19:56:40.561 12920 12920 I Application: Package update date: 19:25 03/08/20
08-03 19:56:40.562 12920 12920 I SettingsManager: Getting int: launchCount
08-03 19:56:40.562 12920 12920 I SettingsManager: Setting int: launchCount
08-03 19:56:40.563 24577  7980 W Icing   : No valid account for uploading user actions
08-03 19:56:40.575   918  6110 W BackupManagerService: dataChanged but no participant pkg='baseline.com.ak.uobtimetable' uid=10641
08-03 19:56:40.575 12920 12920 I Application: Launch count: 1
08-03 19:56:40.577 12920 12920 I Application: Network: TYPE_WIFI
08-03 19:56:40.577 12920 12920 I Application: Tablet layout: false
08-03 19:56:40.589 24577 13293 I Icing   : IndexChimeraService.getServiceInterface callingPackage=com.google.android.gms componentName=null serviceId=30
08-03 19:56:40.591 12920 12920 W art     : Before Android 4.1, method android.graphics.PorterDuffColorFilter androidx.vectordrawable.graphics.drawable.VectorDrawableCompat.updateTintFilter(android.graphics.PorterDuffColorFilter, android.content.res.ColorStateList, android.graphics.PorterDuff$Mode) would have incorrectly overridden the package-private method in android.graphics.drawable.Drawable
08-03 19:56:40.598  6202 13515 I PBSessionCacheImpl: Deleted sessionId[27278280657311515] from persistence.
08-03 19:56:40.601  6202  6241 W SearchServiceCore: Abort, client detached.
08-03 19:56:40.601  6202  6241 I MicroDetectionState: Should stop hotword detection immediately - true
08-03 19:56:40.613 12920 12920 I art     : Rejecting re-init on previously-failed class java.lang.Class<androidx.core.view.ViewCompat$OnUnhandledKeyEventListenerWrapper>
08-03 19:56:40.614 12920 12920 I art     : Rejecting re-init on previously-failed class java.lang.Class<androidx.core.view.ViewCompat$OnUnhandledKeyEventListenerWrapper>
08-03 19:56:40.645 24577  7980 I Icing   : Usage reports ok 2, Failed Usage reports 0, indexed 0, rejected 0
08-03 19:56:40.648 24577  7980 W Icing   : No valid account for uploading user actions
08-03 19:56:40.664 24577  7980 I Icing   : Usage reports ok 0, Failed Usage reports 0, indexed 0, rejected 0
08-03 19:56:40.665 24577  7980 I Icing   : Indexing com.google.android.gms-internal.3p:MobileApplication from com.google.android.gms using seqno 763
08-03 19:56:40.668 24577  7980 I Icing   : Indexing com.google.android.gms-internal.3p:MobileApplication from com.google.android.gms using seqno 763
08-03 19:56:40.678 12920 12920 D MainActivity: onCreate
08-03 19:56:40.678 12920 12920 I SettingsManager: Getting string: savedSessions
08-03 19:56:40.679 12920 12920 I Settings: No saved sessions
08-03 19:56:40.700 24577 13293 I Icing   : IndexChimeraService.getServiceInterface callingPackage=com.google.android.gms componentName=null serviceId=36
08-03 19:56:40.704 24577 10930 W Icing   : No valid account for uploading user actions
08-03 19:56:40.707 12920 12920 I SettingsManager: Getting string: savedCourse
08-03 19:56:40.708   918  5481 I ActivityManager: START u0 {flg=0x14000000 cmp=baseline.com.ak.uobtimetable/.WelcomeActivity} from uid 10641 on display 0
08-03 19:56:40.716 12920 12920 D MainActivity: OnResume
08-03 19:56:40.719 24577 10930 I Icing   : Usage reports ok 0, Failed Usage reports 0, indexed 0, rejected 0
08-03 19:56:40.721 12920 12937 D OpenGLRenderer: Use EGL_SWAP_BEHAVIOR_PRESERVED: true
08-03 19:56:40.727 12920 12920 D MainActivity: OnPause
08-03 19:56:40.837 12920 12937 I Adreno  : QUALCOMM build                   : fcf4852, I1af360237c
08-03 19:56:40.837 12920 12937 I Adreno  : Build Date                       : 09/23/15
08-03 19:56:40.837 12920 12937 I Adreno  : OpenGL ES Shader Compiler Version: XE031.05.13.02
08-03 19:56:40.837 12920 12937 I Adreno  : Local Branch                     : mybranch14465806
08-03 19:56:40.837 12920 12937 I Adreno  : Remote Branch                    : quic/LA.BF64.1.2.9_v2
08-03 19:56:40.837 12920 12937 I Adreno  : Remote Branch                    : NONE
08-03 19:56:40.837 12920 12937 I Adreno  : Reconstruct Branch               : NOTHING
08-03 19:56:40.844 12920 12937 I OpenGLRenderer: Initialized EGL, version 1.4
08-03 19:56:41.027   918   936 I ActivityManager: Displayed baseline.com.ak.uobtimetable/.WelcomeActivity: +299ms (total +529ms)
08-03 19:56:41.035 13866 13866 I GoogleInputMethodServic: GoogleInputMethodService.onFinishInput():3138 
08-03 19:56:41.036 13866 13866 I GoogleInputMethodServic: GoogleInputMethodService.onStartInput():1808 
08-03 19:56:41.297 12920 12920 D MainActivity: Saving state
08-03 19:56:41.649 24577 10930 I Icing   : Indexing com.google.android.gms-apps from com.google.android.gms
08-03 19:56:41.741 24577 10930 I Icing   : Indexing done com.google.android.gms-apps
08-03 19:56:42.133 12952 12952 D AndroidRuntime: >>>>>> START com.android.internal.os.RuntimeInit uid 2000 <<<<<<
08-03 19:56:42.140 12952 12952 D AndroidRuntime: CheckJNI is OFF
08-03 19:56:42.172 12952 12952 D ICU     : No timezone override file found: /data/misc/zoneinfo/current/icu/icu_tzdata.dat
08-03 19:56:42.207 12952 12952 I Radio-JNI: register_android_hardware_Radio DONE
08-03 19:56:42.226 12952 12952 D AndroidRuntime: Calling main entry com.android.commands.am.Am
08-03 19:56:42.240 29687 29687 I Trepn   : Trepn 6.2s: Received intent: com.quicinc.trepn.start_profiling
08-03 19:56:42.392 29687 29687 W FileUtils: Failed to chmod(/storage/emulated/0/trepn/Trepn_2020.08.03_195642.db): android.system.ErrnoException: chmod failed: EPERM (Operation not permitted)
08-03 19:56:42.545 29687 29687 I Trepn   : Trepn 6.2s: Trepn has Started Profiling.
08-03 19:56:42.546 12952 12952 D AndroidRuntime: Shutting down VM
08-03 19:56:43.031 12920 12934 I art     : Starting a blocking GC Explicit
08-03 19:56:43.051 12920 12934 I art     : Explicit concurrent mark sweep GC freed 2827(542KB) AllocSpace objects, 2(1340KB) LOS objects, 40% free, 21MB/36MB, paused 117us total 19.725ms
08-03 19:56:43.061 12920 12934 I art     : Starting a blocking GC Explicit
08-03 19:56:43.071 12920 12934 I art     : Explicit concurrent mark sweep GC freed 416(18KB) AllocSpace objects, 0(0B) LOS objects, 40% free, 21MB/36MB, paused 95us total 10.442ms
08-03 19:56:43.077 12920 12934 I art     : Starting a blocking GC Explicit
08-03 19:56:43.088 12920 12934 I art     : Explicit concurrent mark sweep GC freed 3(96B) AllocSpace objects, 0(0B) LOS objects, 40% free, 21MB/36MB, paused 94us total 10.073ms
08-03 19:56:43.093 12920 12934 I art     : Starting a blocking GC Explicit
08-03 19:56:43.103 12920 12934 I art     : Explicit concurrent mark sweep GC freed 3(96B) AllocSpace objects, 0(0B) LOS objects, 40% free, 21MB/36MB, paused 90us total 9.625ms
08-03 19:56:43.109 12920 12934 I art     : Starting a blocking GC Explicit
08-03 19:56:43.119 12920 12934 I art     : Explicit concurrent mark sweep GC freed 3(96B) AllocSpace objects, 0(0B) LOS objects, 40% free, 21MB/36MB, paused 92us total 9.588ms
08-03 19:56:43.405 12920 12941 I art     : Starting a blocking GC Explicit
08-03 19:56:43.421 12920 12941 I art     : Explicit concurrent mark sweep GC freed 1273(74KB) AllocSpace objects, 1(20KB) LOS objects, 40% free, 21MB/36MB, paused 158us total 16.464ms
08-03 19:56:43.434 12920 12941 I art     : Starting a blocking GC Explicit
08-03 19:56:43.445 12920 12941 I art     : Explicit concurrent mark sweep GC freed 18(624B) AllocSpace objects, 0(0B) LOS objects, 40% free, 21MB/36MB, paused 106us total 11.038ms
08-03 19:56:43.451 12920 12941 I art     : Starting a blocking GC Explicit
08-03 19:56:43.461 12920 12941 I art     : Explicit concurrent mark sweep GC freed 3(96B) AllocSpace objects, 0(0B) LOS objects, 40% free, 21MB/36MB, paused 95us total 9.953ms
08-03 19:56:43.467 12920 12941 I art     : Starting a blocking GC Explicit
08-03 19:56:43.477 12920 12941 I art     : Explicit concurrent mark sweep GC freed 3(96B) AllocSpace objects, 0(0B) LOS objects, 40% free, 21MB/36MB, paused 95us total 9.570ms
08-03 19:56:43.483 12920 12941 I art     : Starting a blocking GC Explicit
08-03 19:56:43.493 12920 12941 I art     : Explicit concurrent mark sweep GC freed 3(96B) AllocSpace objects, 0(0B) LOS objects, 40% free, 21MB/36MB, paused 90us total 9.841ms
08-03 19:56:43.771 12920 12933 I art     : Starting a blocking GC Explicit
08-03 19:56:43.785 12920 12933 I art     : Explicit concurrent mark sweep GC freed 1270(74KB) AllocSpace objects, 1(20KB) LOS objects, 40% free, 21MB/36MB, paused 127us total 13.408ms
08-03 19:56:43.792 12920 12933 I art     : Starting a blocking GC Explicit
08-03 19:56:43.804 12920 12933 I art     : Explicit concurrent mark sweep GC freed 18(624B) AllocSpace objects, 0(0B) LOS objects, 40% free, 21MB/36MB, paused 116us total 11.411ms
08-03 19:56:43.811 12920 12933 I art     : Starting a blocking GC Explicit
08-03 19:56:43.821 12920 12933 I art     : Explicit concurrent mark sweep GC freed 3(96B) AllocSpace objects, 0(0B) LOS objects, 40% free, 21MB/36MB, paused 102us total 10.529ms
08-03 19:56:43.827 12920 12933 I art     : Starting a blocking GC Explicit
08-03 19:56:43.837 12920 12933 I art     : Explicit concurrent mark sweep GC freed 3(96B) AllocSpace objects, 0(0B) LOS objects, 40% free, 21MB/36MB, paused 95us total 9.571ms
08-03 19:56:43.843 12920 12933 I art     : Starting a blocking GC Explicit
08-03 19:56:43.852 12920 12933 I art     : Explicit concurrent mark sweep GC freed 3(96B) AllocSpace objects, 0(0B) LOS objects, 40% free, 21MB/36MB, paused 91us total 9.624ms
08-03 19:56:44.148 12920 12934 I art     : Starting a blocking GC Explicit
08-03 19:56:44.163 12920 12934 I art     : Explicit concurrent mark sweep GC freed 1268(74KB) AllocSpace objects, 1(20KB) LOS objects, 40% free, 21MB/36MB, paused 120us total 14.799ms
08-03 19:56:44.172 12920 12934 I art     : Starting a blocking GC Explicit
08-03 19:56:44.183 12920 12934 I art     : Explicit concurrent mark sweep GC freed 18(624B) AllocSpace objects, 0(0B) LOS objects, 40% free, 21MB/36MB, paused 101us total 10.618ms
08-03 19:56:44.189 12920 12934 I art     : Starting a blocking GC Explicit
08-03 19:56:44.200 12920 12934 I art     : Explicit concurrent mark sweep GC freed 3(96B) AllocSpace objects, 0(0B) LOS objects, 40% free, 21MB/36MB, paused 115us total 10.376ms
08-03 19:56:44.206 12920 12934 I art     : Starting a blocking GC Explicit
08-03 19:56:44.216 12920 12934 I art     : Explicit concurrent mark sweep GC freed 3(96B) AllocSpace objects, 0(0B) LOS objects, 40% free, 21MB/36MB, paused 101us total 10.124ms
08-03 19:56:44.222 12920 12934 I art     : Starting a blocking GC Explicit
08-03 19:56:44.232 12920 12934 I art     : Explicit concurrent mark sweep GC freed 3(96B) AllocSpace objects, 0(0B) LOS objects, 40% free, 21MB/36MB, paused 102us total 9.573ms
08-03 19:56:44.509 12920 12941 I art     : Starting a blocking GC Explicit
08-03 19:56:44.523 12920 12941 I art     : Explicit concurrent mark sweep GC freed 1268(74KB) AllocSpace objects, 1(20KB) LOS objects, 40% free, 21MB/36MB, paused 118us total 13.600ms
08-03 19:56:44.530 12920 12941 I art     : Starting a blocking GC Explicit
08-03 19:56:44.542 12920 12941 I art     : Explicit concurrent mark sweep GC freed 18(624B) AllocSpace objects, 0(0B) LOS objects, 40% free, 21MB/36MB, paused 105us total 11.686ms
08-03 19:56:44.549 12920 12941 I art     : Starting a blocking GC Explicit
08-03 19:56:44.560 12920 12941 I art     : Explicit concurrent mark sweep GC freed 3(96B) AllocSpace objects, 0(0B) LOS objects, 40% free, 21MB/36MB, paused 97us total 10.878ms
08-03 19:56:44.565 12920 12941 I art     : Starting a blocking GC Explicit
08-03 19:56:44.575 12920 12941 I art     : Explicit concurrent mark sweep GC freed 3(96B) AllocSpace objects, 0(0B) LOS objects, 40% free, 21MB/36MB, paused 100us total 9.700ms
08-03 19:56:44.581 12920 12941 I art     : Starting a blocking GC Explicit
08-03 19:56:44.591 12920 12941 I art     : Explicit concurrent mark sweep GC freed 3(96B) AllocSpace objects, 0(0B) LOS objects, 40% free, 21MB/36MB, paused 95us total 9.789ms
08-03 19:56:44.874 12920 12933 I art     : Starting a blocking GC Explicit
08-03 19:56:44.887 12920 12933 I art     : Explicit concurrent mark sweep GC freed 1268(74KB) AllocSpace objects, 1(20KB) LOS objects, 40% free, 21MB/36MB, paused 122us total 12.791ms
08-03 19:56:44.893 12920 12933 I art     : Starting a blocking GC Explicit
08-03 19:56:44.904 12920 12933 I art     : Explicit concurrent mark sweep GC freed 18(624B) AllocSpace objects, 0(0B) LOS objects, 40% free, 21MB/36MB, paused 97us total 10.286ms
08-03 19:56:44.910 12920 12933 I art     : Starting a blocking GC Explicit
08-03 19:56:44.919 12920 12933 I art     : Explicit concurrent mark sweep GC freed 3(96B) AllocSpace objects, 0(0B) LOS objects, 40% free, 21MB/36MB, paused 91us total 9.793ms
08-03 19:56:44.925 12920 12933 I art     : Starting a blocking GC Explicit
08-03 19:56:44.935 12920 12933 I art     : Explicit concurrent mark sweep GC freed 3(96B) AllocSpace objects, 0(0B) LOS objects, 40% free, 21MB/36MB, paused 92us total 9.604ms
08-03 19:56:44.941 12920 12933 I art     : Starting a blocking GC Explicit
08-03 19:56:44.951 12920 12933 I art     : Explicit concurrent mark sweep GC freed 3(96B) AllocSpace objects, 0(0B) LOS objects, 40% free, 21MB/36MB, paused 95us total 9.794ms
08-03 19:56:45.256 12920 12934 I art     : Starting a blocking GC Explicit
08-03 19:56:45.271 12920 12934 I art     : Explicit concurrent mark sweep GC freed 1268(74KB) AllocSpace objects, 1(20KB) LOS objects, 40% free, 21MB/36MB, paused 135us total 14.882ms
08-03 19:56:45.280 12920 12934 I art     : Starting a blocking GC Explicit
08-03 19:56:45.291 12920 12934 I art     : Explicit concurrent mark sweep GC freed 18(624B) AllocSpace objects, 0(0B) LOS objects, 40% free, 21MB/36MB, paused 111us total 10.690ms
08-03 19:56:45.297 24577 12885 W art     : No such thread id for suspend: 138
08-03 19:56:45.297 12920 12934 I art     : Starting a blocking GC Explicit
08-03 19:56:45.308 12920 12934 I art     : Explicit concurrent mark sweep GC freed 3(96B) AllocSpace objects, 0(0B) LOS objects, 40% free, 21MB/36MB, paused 98us total 10.292ms
08-03 19:56:45.314 12920 12934 I art     : Starting a blocking GC Explicit
08-03 19:56:45.324 12920 12934 I art     : Explicit concurrent mark sweep GC freed 3(96B) AllocSpace objects, 0(0B) LOS objects, 40% free, 21MB/36MB, paused 92us total 10.352ms
08-03 19:56:45.330 12920 12934 I art     : Starting a blocking GC Explicit
08-03 19:56:45.340 12920 12934 I art     : Explicit concurrent mark sweep GC freed 3(96B) AllocSpace objects, 0(0B) LOS objects, 40% free, 21MB/36MB, paused 103us total 9.707ms
08-03 19:56:45.637 12920 12941 I art     : Starting a blocking GC Explicit
08-03 19:56:45.650 12920 12941 I art     : Explicit concurrent mark sweep GC freed 1268(74KB) AllocSpace objects, 1(20KB) LOS objects, 40% free, 21MB/36MB, paused 125us total 12.633ms
08-03 19:56:45.657 12920 12941 I art     : Starting a blocking GC Explicit
08-03 19:56:45.671 12920 12941 I art     : Explicit concurrent mark sweep GC freed 18(624B) AllocSpace objects, 0(0B) LOS objects, 40% free, 21MB/36MB, paused 155us total 12.856ms
08-03 19:56:45.671 12920 12930 I art     : WaitForGcToComplete blocked for 11.245ms for cause HeapTrim
08-03 19:56:45.680 12920 12941 I art     : Starting a blocking GC Explicit
08-03 19:56:45.693 12920 12941 I art     : Explicit concurrent mark sweep GC freed 3(96B) AllocSpace objects, 0(0B) LOS objects, 40% free, 21MB/36MB, paused 114us total 12.269ms
08-03 19:56:45.700 12920 12941 I art     : Starting a blocking GC Explicit
08-03 19:56:45.710 12920 12941 I art     : Explicit concurrent mark sweep GC freed 3(96B) AllocSpace objects, 0(0B) LOS objects, 40% free, 21MB/36MB, paused 100us total 9.898ms
08-03 19:56:45.716 12920 12941 I art     : Starting a blocking GC Explicit
08-03 19:56:45.727 12920 12941 I art     : Explicit concurrent mark sweep GC freed 3(96B) AllocSpace objects, 0(0B) LOS objects, 40% free, 21MB/36MB, paused 96us total 10.041ms
08-03 19:56:46.022 12920 12933 I art     : Starting a blocking GC Explicit
08-03 19:56:46.035 12920 12933 I art     : Explicit concurrent mark sweep GC freed 1268(74KB) AllocSpace objects, 1(20KB) LOS objects, 40% free, 21MB/36MB, paused 104us total 12.787ms
08-03 19:56:46.036 13866 13882 I PeriodicStatsRunner: PeriodicStatsRunner.call():175 call()
08-03 19:56:46.036 13866 13882 I PeriodicStatsRunner: PeriodicStatsRunner.call():179 No submit PeriodicStats since input started.
08-03 19:56:46.045 12920 12933 I art     : Starting a blocking GC Explicit
08-03 19:56:46.058 12920 12933 I art     : Explicit concurrent mark sweep GC freed 18(624B) AllocSpace objects, 0(0B) LOS objects, 40% free, 21MB/36MB, paused 111us total 13.367ms
08-03 19:56:46.067 12920 12933 I art     : Starting a blocking GC Explicit
08-03 19:56:46.077 12920 12933 I art     : Explicit concurrent mark sweep GC freed 3(96B) AllocSpace objects, 0(0B) LOS objects, 40% free, 21MB/36MB, paused 90us total 10.312ms
08-03 19:56:46.083 12920 12933 I art     : Starting a blocking GC Explicit
08-03 19:56:46.093 12920 12933 I art     : Explicit concurrent mark sweep GC freed 3(96B) AllocSpace objects, 0(0B) LOS objects, 40% free, 21MB/36MB, paused 90us total 10.129ms
08-03 19:56:46.099 12920 12933 I art     : Starting a blocking GC Explicit
08-03 19:56:46.110 12920 12933 I art     : Explicit concurrent mark sweep GC freed 3(96B) AllocSpace objects, 0(0B) LOS objects, 40% free, 21MB/36MB, paused 92us total 10.086ms
08-03 19:56:46.393 12920 12934 I art     : Starting a blocking GC Explicit
08-03 19:56:46.404 12920 12934 I art     : Explicit concurrent mark sweep GC freed 1268(74KB) AllocSpace objects, 1(20KB) LOS objects, 40% free, 21MB/36MB, paused 111us total 10.503ms
08-03 19:56:46.410 12920 12934 I art     : Starting a blocking GC Explicit
08-03 19:56:46.419 12920 12934 I art     : Explicit concurrent mark sweep GC freed 18(624B) AllocSpace objects, 0(0B) LOS objects, 40% free, 21MB/36MB, paused 91us total 8.791ms
08-03 19:56:46.424 12920 12934 I art     : Starting a blocking GC Explicit
08-03 19:56:46.433 12920 12934 I art     : Explicit concurrent mark sweep GC freed 3(96B) AllocSpace objects, 0(0B) LOS objects, 40% free, 21MB/36MB, paused 82us total 8.640ms
08-03 19:56:46.438 12920 12934 I art     : Starting a blocking GC Explicit
08-03 19:56:46.447 12920 12934 I art     : Explicit concurrent mark sweep GC freed 3(96B) AllocSpace objects, 0(0B) LOS objects, 40% free, 21MB/36MB, paused 96us total 8.451ms
08-03 19:56:46.452 12920 12934 I art     : Starting a blocking GC Explicit
08-03 19:56:46.460 12920 12934 I art     : Explicit concurrent mark sweep GC freed 3(96B) AllocSpace objects, 0(0B) LOS objects, 40% free, 21MB/36MB, paused 83us total 8.304ms
08-03 19:56:46.714 12920 12941 I art     : Starting a blocking GC Explicit
08-03 19:56:46.727 12920 12941 I art     : Explicit concurrent mark sweep GC freed 1268(74KB) AllocSpace objects, 1(20KB) LOS objects, 40% free, 21MB/36MB, paused 142us total 12.488ms
08-03 19:56:46.733 12920 12941 I art     : Starting a blocking GC Explicit
08-03 19:56:46.744 12920 12941 I art     : Explicit concurrent mark sweep GC freed 18(624B) AllocSpace objects, 0(0B) LOS objects, 40% free, 21MB/36MB, paused 93us total 10.060ms
08-03 19:56:46.750 12920 12941 I art     : Starting a blocking GC Explicit
08-03 19:56:46.761 12920 12941 I art     : Explicit concurrent mark sweep GC freed 3(96B) AllocSpace objects, 0(0B) LOS objects, 40% free, 21MB/36MB, paused 101us total 10.304ms
08-03 19:56:46.767 12920 12941 I art     : Starting a blocking GC Explicit
08-03 19:56:46.777 12920 12941 I art     : Explicit concurrent mark sweep GC freed 3(96B) AllocSpace objects, 0(0B) LOS objects, 40% free, 21MB/36MB, paused 191us total 9.617ms
08-03 19:56:46.782 12920 12941 I art     : Starting a blocking GC Explicit
08-03 19:56:46.792 12920 12941 I art     : Explicit concurrent mark sweep GC freed 3(96B) AllocSpace objects, 0(0B) LOS objects, 40% free, 21MB/36MB, paused 92us total 9.430ms
08-03 19:56:47.108 12920 12933 I art     : Starting a blocking GC Explicit
08-03 19:56:47.122 12920 12933 I art     : Explicit concurrent mark sweep GC freed 1268(74KB) AllocSpace objects, 1(20KB) LOS objects, 40% free, 21MB/36MB, paused 125us total 13.369ms
08-03 19:56:47.131 12920 12933 I art     : Starting a blocking GC Explicit
08-03 19:56:47.142 12920 12933 I art     : Explicit concurrent mark sweep GC freed 18(624B) AllocSpace objects, 0(0B) LOS objects, 40% free, 21MB/36MB, paused 96us total 10.885ms
08-03 19:56:47.149 12920 12933 I art     : Starting a blocking GC Explicit
08-03 19:56:47.159 12920 12933 I art     : Explicit concurrent mark sweep GC freed 3(96B) AllocSpace objects, 0(0B) LOS objects, 40% free, 21MB/36MB, paused 88us total 10.056ms
08-03 19:56:47.165 12920 12933 I art     : Starting a blocking GC Explicit
08-03 19:56:47.175 12920 12933 I art     : Explicit concurrent mark sweep GC freed 3(96B) AllocSpace objects, 0(0B) LOS objects, 40% free, 21MB/36MB, paused 87us total 10.192ms
08-03 19:56:47.181 12920 12933 I art     : Starting a blocking GC Explicit
08-03 19:56:47.191 12920 12933 I art     : Explicit concurrent mark sweep GC freed 3(96B) AllocSpace objects, 0(0B) LOS objects, 40% free, 21MB/36MB, paused 85us total 9.649ms
08-03 19:56:47.431 12920 12934 I art     : Starting a blocking GC Explicit
08-03 19:56:47.442 12920 12934 I art     : Explicit concurrent mark sweep GC freed 1268(74KB) AllocSpace objects, 1(20KB) LOS objects, 40% free, 21MB/36MB, paused 104us total 10.977ms
08-03 19:56:47.445  8512  8512 I ServiceManager: Waiting for service AtCmdFwd...
08-03 19:56:47.448 12920 12934 I art     : Starting a blocking GC Explicit
08-03 19:56:47.459 12920 12934 I art     : Explicit concurrent mark sweep GC freed 18(624B) AllocSpace objects, 0(0B) LOS objects, 40% free, 21MB/36MB, paused 115us total 10.067ms
08-03 19:56:47.465 12920 12934 I art     : Starting a blocking GC Explicit
08-03 19:56:47.475 12920 12934 I art     : Explicit concurrent mark sweep GC freed 3(96B) AllocSpace objects, 0(0B) LOS objects, 40% free, 21MB/36MB, paused 98us total 9.670ms
08-03 19:56:47.480 12920 12934 I art     : Starting a blocking GC Explicit
08-03 19:56:47.490 12920 12934 I art     : Explicit concurrent mark sweep GC freed 3(96B) AllocSpace objects, 0(0B) LOS objects, 40% free, 21MB/36MB, paused 94us total 9.473ms
08-03 19:56:47.496 12920 12934 I art     : Starting a blocking GC Explicit
08-03 19:56:47.506 12920 12934 I art     : Explicit concurrent mark sweep GC freed 3(96B) AllocSpace objects, 0(0B) LOS objects, 40% free, 21MB/36MB, paused 96us total 9.785ms
08-03 19:56:47.684 13110 13110 D AndroidRuntime: >>>>>> START com.android.internal.os.RuntimeInit uid 2000 <<<<<<
08-03 19:56:47.689 13110 13110 D AndroidRuntime: CheckJNI is OFF
08-03 19:56:47.714 13110 13110 D ICU     : No timezone override file found: /data/misc/zoneinfo/current/icu/icu_tzdata.dat
08-03 19:56:47.739 13110 13110 I Radio-JNI: register_android_hardware_Radio DONE
08-03 19:56:47.754 13110 13110 D AndroidRuntime: Calling main entry com.android.commands.input.Input
08-03 19:56:47.755 13110 13110 I Input   : injectMotionEvent: MotionEvent { action=ACTION_DOWN, actionButton=0, id[0]=0, x[0]=711.0, y[0]=1664.0, toolType[0]=TOOL_TYPE_UNKNOWN, buttonState=0, metaState=0, flags=0x0, edgeFlags=0x0, pointerCount=1, historySize=0, eventTime=647824168, downTime=647824168, deviceId=0, source=0x1002 }
08-03 19:56:47.760 13110 13110 I Input   : injectMotionEvent: MotionEvent { action=ACTION_UP, actionButton=0, id[0]=0, x[0]=711.0, y[0]=1664.0, toolType[0]=TOOL_TYPE_UNKNOWN, buttonState=0, metaState=0, flags=0x0, edgeFlags=0x0, pointerCount=1, historySize=0, eventTime=647824168, downTime=647824168, deviceId=0, source=0x1002 }
08-03 19:56:47.761 13110 13110 D AndroidRuntime: Shutting down VM
08-03 19:56:47.769   918  4400 I ActivityManager: START u0 {flg=0x14000000 cmp=baseline.com.ak.uobtimetable/.CourseListActivity} from uid 10641 on display 0
08-03 19:56:47.770   512  2967 D audio_hw_primary: out_set_parameters: enter: usecase(1: low-latency-playback) kvpairs: routing=2
08-03 19:56:47.782   512  2967 D audio_hw_primary: select_devices: out_snd_device(2: speaker) in_snd_device(0: none)
08-03 19:56:47.783   512  2967 D msm8974_platform: platform_send_audio_calibration: sending audio calibration for snd_device(2) acdb_id(15)
08-03 19:56:47.783   512  2967 I soundtrigger: audio_extn_sound_trigger_update_device_status: device 0x2 of type 0 for Event 1
08-03 19:56:47.785 12920 12933 I art     : Starting a blocking GC Explicit
08-03 19:56:47.796 12920 12933 I art     : Explicit concurrent mark sweep GC freed 1830(114KB) AllocSpace objects, 1(20KB) LOS objects, 40% free, 21MB/36MB, paused 195us total 11.455ms
08-03 19:56:47.802   512  2967 D audio_hw_primary: enable_snd_device: snd_device(2: speaker)
08-03 19:56:47.802 12920 12933 I art     : Starting a blocking GC Explicit
08-03 19:56:47.804   512  2967 D audio_hw_primary: enable_audio_route: apply and update mixer path: low-latency-playback speaker
08-03 19:56:47.811 12920 12920 D CourseListActivity: onCreate
08-03 19:56:47.816 12920 12933 I art     : Explicit concurrent mark sweep GC freed 1588(122KB) AllocSpace objects, 0(0B) LOS objects, 40% free, 21MB/36MB, paused 597us total 12.988ms
08-03 19:56:47.822 12920 12933 I art     : Starting a blocking GC Explicit
08-03 19:56:47.834 12920 12933 I art     : Explicit concurrent mark sweep GC freed 797(76KB) AllocSpace objects, 0(0B) LOS objects, 40% free, 22MB/36MB, paused 715us total 12.493ms
08-03 19:56:47.840 12920 12933 I art     : Starting a blocking GC Explicit
08-03 19:56:47.849 12920 13138 D HTTP    : Request for: https://uob-timetable-api.adriankeenan.co.uk/courses
08-03 19:56:47.854 12920 12933 I art     : Explicit concurrent mark sweep GC freed 521(46KB) AllocSpace objects, 0(0B) LOS objects, 40% free, 22MB/36MB, paused 390us total 13.522ms
08-03 19:56:47.860 12920 12933 I art     : Starting a blocking GC Explicit
08-03 19:56:47.873 12920 12933 I art     : Explicit concurrent mark sweep GC freed 407(36KB) AllocSpace objects, 0(0B) LOS objects, 40% free, 22MB/37MB, paused 153us total 12.471ms
08-03 19:56:47.897   918   936 I ActivityManager: Displayed baseline.com.ak.uobtimetable/.CourseListActivity: +117ms
08-03 19:56:47.898 13866 13866 I GoogleInputMethodServic: GoogleInputMethodService.onFinishInput():3138 
08-03 19:56:47.899 13866 13866 I GoogleInputMethodServic: GoogleInputMethodService.onStartInput():1808 
08-03 19:56:47.915 12920 12937 D OpenGLRenderer: endAllStagingAnimators on 0x7f9949f800 (RippleDrawable) with handle 0x7f99ebb0e0
08-03 19:56:48.092 12920 13139 I art     : Starting a blocking GC Explicit
08-03 19:56:48.107 12920 13139 I art     : Explicit concurrent mark sweep GC freed 1508(92KB) AllocSpace objects, 1(20KB) LOS objects, 40% free, 22MB/37MB, paused 169us total 14.688ms
08-03 19:56:48.115 12920 13139 I art     : Starting a blocking GC Explicit
08-03 19:56:48.132 12920 13139 I art     : Explicit concurrent mark sweep GC freed 35(1184B) AllocSpace objects, 0(0B) LOS objects, 40% free, 22MB/37MB, paused 192us total 16.712ms
08-03 19:56:48.141 12920 13139 I art     : Starting a blocking GC Explicit
08-03 19:56:48.159 12920 13139 I art     : Explicit concurrent mark sweep GC freed 42(1920B) AllocSpace objects, 0(0B) LOS objects, 40% free, 22MB/37MB, paused 161us total 17.462ms
08-03 19:56:48.168 12920 13139 I art     : Starting a blocking GC Explicit
08-03 19:56:48.180 12920 13139 I art     : Explicit concurrent mark sweep GC freed 4(128B) AllocSpace objects, 0(0B) LOS objects, 40% free, 22MB/37MB, paused 133us total 11.782ms
08-03 19:56:48.186 12920 13139 I art     : Starting a blocking GC Explicit
08-03 19:56:48.196 12920 13139 I art     : Explicit concurrent mark sweep GC freed 4(128B) AllocSpace objects, 0(0B) LOS objects, 40% free, 22MB/37MB, paused 129us total 10.179ms
08-03 19:56:48.338   512  2967 D audio_hw_primary: disable_audio_route: reset and update mixer path: low-latency-playback speaker
08-03 19:56:48.339   512  2967 D audio_hw_primary: disable_snd_device: snd_device(2: speaker)
08-03 19:56:48.347   512  2967 I soundtrigger: audio_extn_sound_trigger_update_device_status: device 0x2 of type 0 for Event 0
08-03 19:56:48.369 12920 13138 I NAPPA_EXPERIMENTATION: MetricNetworkRequestExecutionTime: REQUEST_DURATION_SYSTEM='517',REQUEST_DURATION_OKHTTP='38',REQUEST_SYNCHRONOUS='TRUE',RESPONSE_CODE='200',RESPONSE_METHOD='GET',RESPONSE_LENGTH_OKHTTP='-1',RESPONSE_LENGTH_HEADER='-2',REQUEST_PROTOCOL='http/1.1',REQUEST_URL='https://uob-timetable-api.adriankeenan.co.uk/courses',
08-03 19:56:48.445  8512  8512 I ServiceManager: Waiting for service AtCmdFwd...
08-03 19:56:48.458 12920 12941 I art     : Starting a blocking GC Explicit
08-03 19:56:48.475 12920 12941 I art     : Explicit concurrent mark sweep GC freed 4154(265KB) AllocSpace objects, 4(220KB) LOS objects, 36% free, 27MB/43MB, paused 302us total 16.686ms
08-03 19:56:48.482 12920 12941 I art     : Starting a blocking GC Explicit
08-03 19:56:48.495 12920 12941 I art     : Explicit concurrent mark sweep GC freed 1051(119KB) AllocSpace objects, 0(0B) LOS objects, 35% free, 29MB/45MB, paused 151us total 12.012ms
08-03 19:56:48.500 12920 12941 I art     : Starting a blocking GC Explicit
08-03 19:56:48.512 12920 12941 I art     : Explicit concurrent mark sweep GC freed 22(704B) AllocSpace objects, 0(0B) LOS objects, 34% free, 30MB/46MB, paused 155us total 11.040ms
08-03 19:56:48.517 12920 12941 I art     : Starting a blocking GC Explicit
08-03 19:56:48.528 12920 12941 I art     : Explicit concurrent mark sweep GC freed 18(592B) AllocSpace objects, 0(0B) LOS objects, 33% free, 32MB/48MB, paused 148us total 10.695ms
08-03 19:56:48.534 12920 12941 I art     : Starting a blocking GC Explicit
08-03 19:56:48.545 12920 12941 I art     : Explicit concurrent mark sweep GC freed 18(592B) AllocSpace objects, 0(0B) LOS objects, 32% free, 33MB/49MB, paused 169us total 10.900ms
08-03 19:56:48.743 12920 13138 I HTTP    : Response was compressed.
08-03 19:56:48.810 12920 12941 I art     : Starting a blocking GC Explicit
08-03 19:56:48.830 12920 12941 I art     : Explicit concurrent mark sweep GC freed 19389(903KB) AllocSpace objects, 2(22MB) LOS objects, 29% free, 37MB/53MB, paused 222us total 19.705ms
08-03 19:56:48.836 12920 12941 I art     : Starting a blocking GC Explicit
08-03 19:56:48.849 12920 12941 I art     : Explicit concurrent mark sweep GC freed 11450(539KB) AllocSpace objects, 0(0B) LOS objects, 29% free, 37MB/53MB, paused 212us total 12.290ms
08-03 19:56:48.854 12920 12941 I art     : Starting a blocking GC Explicit
08-03 19:56:48.867 12920 12941 I art     : Explicit concurrent mark sweep GC freed 9875(475KB) AllocSpace objects, 0(0B) LOS objects, 29% free, 37MB/53MB, paused 180us total 11.947ms
08-03 19:56:48.872 12920 12941 I art     : Starting a blocking GC Explicit
08-03 19:56:48.884 12920 12941 I art     : Explicit concurrent mark sweep GC freed 8795(428KB) AllocSpace objects, 0(0B) LOS objects, 29% free, 38MB/54MB, paused 168us total 11.946ms
08-03 19:56:48.890 12920 12941 I art     : Starting a blocking GC Explicit
08-03 19:56:48.903 12920 12941 I art     : Explicit concurrent mark sweep GC freed 10074(468KB) AllocSpace objects, 0(0B) LOS objects, 29% free, 38MB/54MB, paused 207us total 12.318ms
08-03 19:56:49.167 12920 13139 I art     : Starting a blocking GC Explicit
08-03 19:56:49.194 12920 13139 I art     : Explicit concurrent mark sweep GC freed 159572(7MB) AllocSpace objects, 1(20KB) LOS objects, 28% free, 39MB/55MB, paused 245us total 27.365ms
08-03 19:56:49.202 12920 13139 I art     : Starting a blocking GC Explicit
08-03 19:56:49.218 12920 13139 I art     : Explicit concurrent mark sweep GC freed 17028(793KB) AllocSpace objects, 0(0B) LOS objects, 28% free, 39MB/55MB, paused 229us total 15.521ms
08-03 19:56:49.225 12920 13139 I art     : Starting a blocking GC Explicit
08-03 19:56:49.242 12920 13139 I art     : Explicit concurrent mark sweep GC freed 11691(551KB) AllocSpace objects, 0(0B) LOS objects, 28% free, 39MB/55MB, paused 228us total 16.799ms
08-03 19:56:49.249 12920 13139 I art     : Starting a blocking GC Explicit
08-03 19:56:49.264 12920 13139 I art     : Explicit concurrent mark sweep GC freed 12170(573KB) AllocSpace objects, 0(0B) LOS objects, 28% free, 39MB/55MB, paused 263us total 15.261ms
08-03 19:56:49.271 12920 13139 I art     : Starting a blocking GC Explicit
08-03 19:56:49.283   518   646 I ThermalEngine: ACTION: GPU - Setting GPU[0] to 510000000
08-03 19:56:49.288 12920 13139 I art     : Explicit concurrent mark sweep GC freed 12275(581KB) AllocSpace objects, 0(0B) LOS objects, 28% free, 39MB/55MB, paused 326us total 16.785ms
08-03 19:56:49.446  8512  8512 I ServiceManager: Waiting for service AtCmdFwd...
08-03 19:56:49.552 12920 13139 I art     : Starting a blocking GC Explicit
08-03 19:56:49.590 12920 13139 I art     : Explicit concurrent mark sweep GC freed 160714(7MB) AllocSpace objects, 1(20KB) LOS objects, 27% free, 41MB/57MB, paused 530us total 37.180ms
08-03 19:56:49.601 12920 13139 I art     : Starting a blocking GC Explicit
08-03 19:56:49.625 12920 13139 I art     : Explicit concurrent mark sweep GC freed 24467(1149KB) AllocSpace objects, 0(0B) LOS objects, 28% free, 41MB/57MB, paused 418us total 23.656ms
08-03 19:56:49.636 12920 13139 I art     : Starting a blocking GC Explicit
08-03 19:56:49.659 12920 13139 I art     : Explicit concurrent mark sweep GC freed 18740(878KB) AllocSpace objects, 0(0B) LOS objects, 27% free, 41MB/57MB, paused 437us total 23.328ms
08-03 19:56:49.669 12920 13139 I art     : Starting a blocking GC Explicit
08-03 19:56:49.694 12920 13139 I art     : Explicit concurrent mark sweep GC freed 18191(851KB) AllocSpace objects, 0(0B) LOS objects, 27% free, 41MB/57MB, paused 471us total 24.462ms
08-03 19:56:49.705 12920 13139 I art     : Starting a blocking GC Explicit
08-03 19:56:49.729 12920 13139 I art     : Explicit concurrent mark sweep GC freed 18845(879KB) AllocSpace objects, 0(0B) LOS objects, 27% free, 41MB/57MB, paused 446us total 24.382ms
08-03 19:56:50.003 12920 12941 I art     : Starting a blocking GC Explicit
08-03 19:56:50.046 12920 12941 I art     : Explicit concurrent mark sweep GC freed 164541(7MB) AllocSpace objects, 1(20KB) LOS objects, 27% free, 42MB/58MB, paused 506us total 42.323ms
08-03 19:56:50.058 12920 12941 I art     : Starting a blocking GC Explicit
08-03 19:56:50.087 12920 12941 I art     : Explicit concurrent mark sweep GC freed 28331(1319KB) AllocSpace objects, 0(0B) LOS objects, 27% free, 42MB/58MB, paused 473us total 28.834ms
08-03 19:56:50.099 12920 12941 I art     : Starting a blocking GC Explicit
08-03 19:56:50.127 12920 12941 I art     : Explicit concurrent mark sweep GC freed 21905(1032KB) AllocSpace objects, 0(0B) LOS objects, 27% free, 43MB/59MB, paused 484us total 27.983ms
08-03 19:56:50.139 12920 12941 I art     : Starting a blocking GC Explicit
08-03 19:56:50.168 12920 12941 I art     : Explicit concurrent mark sweep GC freed 21519(1004KB) AllocSpace objects, 0(0B) LOS objects, 27% free, 43MB/59MB, paused 507us total 28.543ms
08-03 19:56:50.180 12920 12941 I art     : Starting a blocking GC Explicit
08-03 19:56:50.208 12920 12941 I art     : Explicit concurrent mark sweep GC freed 22079(1035KB) AllocSpace objects, 0(0B) LOS objects, 26% free, 43MB/59MB, paused 513us total 28.528ms
08-03 19:56:50.415   918  3261 D WifiStateMachine: starting scan for "H369AA63323"WPA_PSK with 2412,5180
08-03 19:56:50.447  8512  8512 I ServiceManager: Waiting for service AtCmdFwd...
08-03 19:56:50.477 12920 13139 I art     : Starting a blocking GC Explicit
08-03 19:56:50.527 12920 13139 I art     : Explicit concurrent mark sweep GC freed 164078(7MB) AllocSpace objects, 1(20KB) LOS objects, 26% free, 44MB/60MB, paused 575us total 49.547ms
08-03 19:56:50.541 12920 13139 I art     : Starting a blocking GC Explicit
08-03 19:56:50.573 12920 13139 I art     : Explicit concurrent mark sweep GC freed 29739(1427KB) AllocSpace objects, 0(0B) LOS objects, 26% free, 44MB/60MB, paused 595us total 32.045ms
08-03 19:56:50.585 12920 13139 I art     : Starting a blocking GC Explicit
08-03 19:56:50.617 12920 13139 I art     : Explicit concurrent mark sweep GC freed 23673(1145KB) AllocSpace objects, 0(0B) LOS objects, 26% free, 44MB/60MB, paused 617us total 31.895ms
08-03 19:56:50.630 12920 13139 I art     : Starting a blocking GC Explicit
08-03 19:56:50.663 12920 13139 I art     : Explicit concurrent mark sweep GC freed 24821(1158KB) AllocSpace objects, 0(0B) LOS objects, 26% free, 45MB/61MB, paused 870us total 33.114ms
08-03 19:56:50.676 12920 13139 I art     : Starting a blocking GC Explicit
08-03 19:56:50.709 12920 13139 I art     : Explicit concurrent mark sweep GC freed 24515(1165KB) AllocSpace objects, 0(0B) LOS objects, 26% free, 45MB/61MB, paused 635us total 33.682ms
08-03 19:56:50.710 12920 12930 I art     : WaitForGcToComplete blocked for 16.918ms for cause HeapTrim
08-03 19:56:50.968 12920 13139 I art     : Starting a blocking GC Explicit
08-03 19:56:51.020 12920 13139 I art     : Explicit concurrent mark sweep GC freed 159091(7MB) AllocSpace objects, 1(20KB) LOS objects, 25% free, 46MB/62MB, paused 656us total 51.692ms
08-03 19:56:51.036 12920 13139 I art     : Starting a blocking GC Explicit
08-03 19:56:51.072 12920 13139 I art     : Explicit concurrent mark sweep GC freed 32866(1530KB) AllocSpace objects, 0(0B) LOS objects, 25% free, 46MB/62MB, paused 681us total 35.668ms
08-03 19:56:51.086 12920 13139 I art     : Starting a blocking GC Explicit
08-03 19:56:51.123 12920 13139 I art     : Explicit concurrent mark sweep GC freed 27601(1278KB) AllocSpace objects, 0(0B) LOS objects, 25% free, 46MB/62MB, paused 705us total 37.004ms
08-03 19:56:51.138 12920 13139 I art     : Starting a blocking GC Explicit
08-03 19:56:51.175 12920 13139 I art     : Explicit concurrent mark sweep GC freed 26700(1253KB) AllocSpace objects, 0(0B) LOS objects, 25% free, 47MB/63MB, paused 687us total 36.643ms
08-03 19:56:51.188 12920 13139 I art     : Starting a blocking GC Explicit
08-03 19:56:51.225 12920 13139 I art     : Explicit concurrent mark sweep GC freed 27005(1267KB) AllocSpace objects, 0(0B) LOS objects, 25% free, 47MB/63MB, paused 697us total 37.051ms
08-03 19:56:51.447  8512  8512 I ServiceManager: Waiting for service AtCmdFwd...
08-03 19:56:51.492 12920 13139 I art     : Starting a blocking GC Explicit
08-03 19:56:51.523 12920 13138 I Service : getCourses response time: 0.69
08-03 19:56:51.530 12920 12920 I SettingsManager: Getting string: savedCourse
08-03 19:56:51.544 12920 13139 I art     : Explicit concurrent mark sweep GC freed 165027(7MB) AllocSpace objects, 1(20KB) LOS objects, 24% free, 48MB/64MB, paused 318us total 51.430ms
08-03 19:56:51.559 12920 13139 I art     : Starting a blocking GC Explicit
08-03 19:56:51.600 12920 13139 I art     : Explicit concurrent mark sweep GC freed 702(34KB) AllocSpace objects, 1(14MB) LOS objects, 32% free, 33MB/49MB, paused 516us total 40.656ms
08-03 19:56:51.614 12920 13139 I art     : Starting a blocking GC Explicit
08-03 19:56:51.651 12920 13139 I art     : Explicit concurrent mark sweep GC freed 193(6KB) AllocSpace objects, 0(0B) LOS objects, 32% free, 33MB/49MB, paused 189us total 37.190ms
08-03 19:56:51.665 12920 13139 I art     : Starting a blocking GC Explicit
08-03 19:56:51.702 12920 13139 I art     : Explicit concurrent mark sweep GC freed 26(1056B) AllocSpace objects, 0(0B) LOS objects, 32% free, 33MB/49MB, paused 212us total 37.076ms
08-03 19:56:51.717 12920 13139 I art     : Starting a blocking GC Explicit
08-03 19:56:51.758 12920 13139 I art     : Explicit concurrent mark sweep GC freed 3(96B) AllocSpace objects, 0(0B) LOS objects, 32% free, 33MB/49MB, paused 215us total 40.718ms
08-03 19:56:52.048 12920 12941 I art     : Starting a blocking GC Explicit
08-03 19:56:52.099 12920 12941 I art     : Explicit concurrent mark sweep GC freed 1271(74KB) AllocSpace objects, 1(20KB) LOS objects, 32% free, 33MB/49MB, paused 197us total 50.783ms
08-03 19:56:52.115 12920 12941 I art     : Starting a blocking GC Explicit
08-03 19:56:52.159 12920 12941 I art     : Explicit concurrent mark sweep GC freed 18(640B) AllocSpace objects, 0(0B) LOS objects, 32% free, 33MB/49MB, paused 215us total 43.589ms
08-03 19:56:52.175 12920 12941 I art     : Starting a blocking GC Explicit
08-03 19:56:52.215 12920 12941 I art     : Explicit concurrent mark sweep GC freed 3(96B) AllocSpace objects, 0(0B) LOS objects, 32% free, 33MB/49MB, paused 187us total 38.968ms
08-03 19:56:52.229 12920 12941 I art     : Starting a blocking GC Explicit
08-03 19:56:52.272 12920 12941 I art     : Explicit concurrent mark sweep GC freed 3(96B) AllocSpace objects, 0(0B) LOS objects, 32% free, 33MB/49MB, paused 190us total 42.685ms
08-03 19:56:52.289 12920 12941 I art     : Starting a blocking GC Explicit
08-03 19:56:52.333 12920 12941 I art     : Explicit concurrent mark sweep GC freed 3(96B) AllocSpace objects, 0(0B) LOS objects, 32% free, 33MB/49MB, paused 192us total 43.943ms
08-03 19:56:52.448  8512  8512 W Atfwd_Sendcmd: AtCmdFwd service not published, waiting... retryCnt : 4
08-03 19:56:52.640 12920 12933 I art     : Starting a blocking GC Explicit
08-03 19:56:52.698 12920 12933 I art     : Explicit concurrent mark sweep GC freed 1274(74KB) AllocSpace objects, 1(20KB) LOS objects, 32% free, 33MB/49MB, paused 224us total 57.307ms
08-03 19:56:52.717 12920 12933 I art     : Starting a blocking GC Explicit
08-03 19:56:52.761 12920 12933 I art     : Explicit concurrent mark sweep GC freed 18(624B) AllocSpace objects, 0(0B) LOS objects, 32% free, 33MB/49MB, paused 192us total 43.427ms
08-03 19:56:52.776 12920 12933 I art     : Starting a blocking GC Explicit
08-03 19:56:52.819 12920 12933 I art     : Explicit concurrent mark sweep GC freed 3(96B) AllocSpace objects, 0(0B) LOS objects, 32% free, 33MB/49MB, paused 188us total 42.065ms
08-03 19:56:52.835 12920 12933 I art     : Starting a blocking GC Explicit
08-03 19:56:52.879 12920 12933 I art     : Explicit concurrent mark sweep GC freed 3(96B) AllocSpace objects, 0(0B) LOS objects, 32% free, 33MB/49MB, paused 190us total 44.083ms
08-03 19:56:52.895 12920 12933 I art     : Starting a blocking GC Explicit
08-03 19:56:52.899 13866 13882 I PeriodicStatsRunner: PeriodicStatsRunner.call():175 call()
08-03 19:56:52.899 13866 13882 I PeriodicStatsRunner: PeriodicStatsRunner.call():179 No submit PeriodicStats since input started.
08-03 19:56:52.939 12920 12933 I art     : Explicit concurrent mark sweep GC freed 3(96B) AllocSpace objects, 0(0B) LOS objects, 32% free, 33MB/49MB, paused 184us total 43.961ms
08-03 19:56:53.252 12920 13139 I art     : Starting a blocking GC Explicit
08-03 19:56:53.299 12920 13139 I art     : Explicit concurrent mark sweep GC freed 1275(74KB) AllocSpace objects, 1(20KB) LOS objects, 32% free, 33MB/49MB, paused 201us total 46.539ms
08-03 19:56:53.316 12920 13139 I art     : Starting a blocking GC Explicit
08-03 19:56:53.358 12920 13139 I art     : Explicit concurrent mark sweep GC freed 20(720B) AllocSpace objects, 0(0B) LOS objects, 32% free, 33MB/49MB, paused 198us total 41.871ms
08-03 19:56:53.374 12920 13139 I art     : Starting a blocking GC Explicit
08-03 19:56:53.417 12920 13139 I art     : Explicit concurrent mark sweep GC freed 3(96B) AllocSpace objects, 0(0B) LOS objects, 32% free, 33MB/49MB, paused 270us total 42.840ms
08-03 19:56:53.434 12920 13139 I art     : Starting a blocking GC Explicit
08-03 19:56:53.477 12920 13139 I art     : Explicit concurrent mark sweep GC freed 3(96B) AllocSpace objects, 0(0B) LOS objects, 32% free, 33MB/49MB, paused 196us total 42.484ms
08-03 19:56:53.492 12920 13139 I art     : Starting a blocking GC Explicit
08-03 19:56:53.535 12920 13139 I art     : Explicit concurrent mark sweep GC freed 3(96B) AllocSpace objects, 0(0B) LOS objects, 32% free, 33MB/49MB, paused 201us total 42.901ms
08-03 19:56:53.848 12920 12941 I art     : Starting a blocking GC Explicit
08-03 19:56:53.899 12920 12941 I art     : Explicit concurrent mark sweep GC freed 1274(74KB) AllocSpace objects, 1(20KB) LOS objects, 32% free, 33MB/49MB, paused 207us total 50.628ms
08-03 19:56:53.916 12920 12941 I art     : Starting a blocking GC Explicit
08-03 19:56:53.960 12920 12941 I art     : Explicit concurrent mark sweep GC freed 18(624B) AllocSpace objects, 0(0B) LOS objects, 32% free, 33MB/49MB, paused 197us total 43.862ms
08-03 19:56:53.976 12920 12941 I art     : Starting a blocking GC Explicit
08-03 19:56:54.017 12920 12941 I art     : Explicit concurrent mark sweep GC freed 3(96B) AllocSpace objects, 0(0B) LOS objects, 32% free, 33MB/49MB, paused 194us total 41.600ms
08-03 19:56:54.033 12920 12941 I art     : Starting a blocking GC Explicit
08-03 19:56:54.071 12920 12941 I art     : Explicit concurrent mark sweep GC freed 3(96B) AllocSpace objects, 0(0B) LOS objects, 32% free, 33MB/49MB, paused 205us total 37.318ms
08-03 19:56:54.086 12920 12941 I art     : Starting a blocking GC Explicit
08-03 19:56:54.127 12920 12941 I art     : Explicit concurrent mark sweep GC freed 3(96B) AllocSpace objects, 0(0B) LOS objects, 32% free, 33MB/49MB, paused 192us total 39.986ms
08-03 19:56:54.425 13279 13279 D AndroidRuntime: >>>>>> START com.android.internal.os.RuntimeInit uid 2000 <<<<<<
08-03 19:56:54.427 12920 12933 I art     : Starting a blocking GC Explicit
08-03 19:56:54.430 13279 13279 D AndroidRuntime: CheckJNI is OFF
08-03 19:56:54.466 13279 13279 D ICU     : No timezone override file found: /data/misc/zoneinfo/current/icu/icu_tzdata.dat
08-03 19:56:54.471 12920 12933 I art     : Explicit concurrent mark sweep GC freed 1274(74KB) AllocSpace objects, 1(20KB) LOS objects, 32% free, 33MB/49MB, paused 199us total 43.874ms
08-03 19:56:54.487 12920 12933 I art     : Starting a blocking GC Explicit
08-03 19:56:54.500 13279 13279 I Radio-JNI: register_android_hardware_Radio DONE
08-03 19:56:54.522 13279 13279 D AndroidRuntime: Calling main entry com.android.commands.input.Input
08-03 19:56:54.523 13279 13279 I Input   : injectMotionEvent: MotionEvent { action=ACTION_DOWN, actionButton=0, id[0]=0, x[0]=526.0, y[0]=704.0, toolType[0]=TOOL_TYPE_UNKNOWN, buttonState=0, metaState=0, flags=0x0, edgeFlags=0x0, pointerCount=1, historySize=0, eventTime=647830936, downTime=647830936, deviceId=0, source=0x1002 }
08-03 19:56:54.524 12920 12933 I art     : Explicit concurrent mark sweep GC freed 18(640B) AllocSpace objects, 0(0B) LOS objects, 32% free, 33MB/49MB, paused 202us total 36.823ms
08-03 19:56:54.529 13279 13279 I Input   : injectMotionEvent: MotionEvent { action=ACTION_UP, actionButton=0, id[0]=0, x[0]=526.0, y[0]=704.0, toolType[0]=TOOL_TYPE_UNKNOWN, buttonState=0, metaState=0, flags=0x0, edgeFlags=0x0, pointerCount=1, historySize=0, eventTime=647830936, downTime=647830936, deviceId=0, source=0x1002 }
08-03 19:56:54.531 13279 13279 D AndroidRuntime: Shutting down VM
08-03 19:56:54.540 12920 12933 I art     : Starting a blocking GC Explicit
08-03 19:56:54.581 12920 12933 I art     : Explicit concurrent mark sweep GC freed 21(656B) AllocSpace objects, 0(0B) LOS objects, 32% free, 33MB/49MB, paused 329us total 40.903ms
08-03 19:56:54.596 12920 12933 I art     : Starting a blocking GC Explicit
08-03 19:56:54.597   512  2967 D audio_hw_primary: out_set_parameters: enter: usecase(1: low-latency-playback) kvpairs: routing=2
08-03 19:56:54.610   512  2967 D audio_hw_primary: select_devices: out_snd_device(2: speaker) in_snd_device(0: none)
08-03 19:56:54.610   512  2967 D msm8974_platform: platform_send_audio_calibration: sending audio calibration for snd_device(2) acdb_id(15)
08-03 19:56:54.610   512  2967 I soundtrigger: audio_extn_sound_trigger_update_device_status: device 0x2 of type 0 for Event 1
08-03 19:56:54.622   512  2967 D audio_hw_primary: enable_snd_device: snd_device(2: speaker)
08-03 19:56:54.624   512  2967 D audio_hw_primary: enable_audio_route: apply and update mixer path: low-latency-playback speaker
08-03 19:56:54.635 12920 12933 I art     : Explicit concurrent mark sweep GC freed 566(42KB) AllocSpace objects, 0(0B) LOS objects, 32% free, 33MB/49MB, paused 272us total 39.298ms
08-03 19:56:54.649 12920 12933 I art     : Starting a blocking GC Explicit
08-03 19:56:54.688 12920 12933 I art     : Explicit concurrent mark sweep GC freed 236(18KB) AllocSpace objects, 1(20KB) LOS objects, 32% free, 33MB/49MB, paused 221us total 37.884ms
08-03 19:56:54.943 12920 13139 I art     : Starting a blocking GC Explicit
08-03 19:56:55.001 12920 13139 I art     : Explicit concurrent mark sweep GC freed 1361(78KB) AllocSpace objects, 1(20KB) LOS objects, 32% free, 33MB/49MB, paused 210us total 57.488ms
08-03 19:56:55.023 12920 13139 I art     : Starting a blocking GC Explicit
08-03 19:56:55.065 12920 13139 I art     : Explicit concurrent mark sweep GC freed 28(992B) AllocSpace objects, 0(0B) LOS objects, 32% free, 33MB/49MB, paused 218us total 42.455ms
08-03 19:56:55.083 12920 13139 I art     : Starting a blocking GC Explicit
08-03 19:56:55.126 12920 13139 I art     : Explicit concurrent mark sweep GC freed 5(160B) AllocSpace objects, 0(0B) LOS objects, 32% free, 33MB/49MB, paused 185us total 41.926ms
08-03 19:56:55.142 12920 13139 I art     : Starting a blocking GC Explicit
08-03 19:56:55.170   512  2967 D audio_hw_primary: disable_audio_route: reset and update mixer path: low-latency-playback speaker
08-03 19:56:55.170   512  2967 D audio_hw_primary: disable_snd_device: snd_device(2: speaker)
08-03 19:56:55.178   512  2967 I soundtrigger: audio_extn_sound_trigger_update_device_status: device 0x2 of type 0 for Event 0
08-03 19:56:55.185 12920 13139 I art     : Explicit concurrent mark sweep GC freed 3(96B) AllocSpace objects, 0(0B) LOS objects, 32% free, 33MB/49MB, paused 178us total 42.223ms
08-03 19:56:55.202 12920 13139 I art     : Starting a blocking GC Explicit
08-03 19:56:55.245 12920 13139 I art     : Explicit concurrent mark sweep GC freed 3(96B) AllocSpace objects, 0(0B) LOS objects, 32% free, 33MB/49MB, paused 191us total 42.245ms
08-03 19:56:55.518 12920 12934 I art     : Starting a blocking GC Explicit
08-03 19:56:55.562 12920 12934 I art     : Explicit concurrent mark sweep GC freed 1278(75KB) AllocSpace objects, 1(20KB) LOS objects, 32% free, 33MB/49MB, paused 213us total 44.437ms
08-03 19:56:55.579 12920 12934 I art     : Starting a blocking GC Explicit
08-03 19:56:55.621   918  3359 I ActivityManager: Killing 8763:nappatfpr.com.newsblur/u0a631 (adj 15): empty #17
08-03 19:56:55.621 12920 12934 I art     : Explicit concurrent mark sweep GC freed 20(704B) AllocSpace objects, 0(0B) LOS objects, 32% free, 33MB/49MB, paused 221us total 41.510ms
08-03 19:56:55.637 12920 12934 I art     : Starting a blocking GC Explicit
08-03 19:56:55.677 12920 12934 I art     : Explicit concurrent mark sweep GC freed 3(96B) AllocSpace objects, 0(0B) LOS objects, 32% free, 33MB/49MB, paused 303us total 39.714ms
08-03 19:56:55.692 12920 12934 I art     : Starting a blocking GC Explicit
08-03 19:56:55.733 12920 12934 I art     : Explicit concurrent mark sweep GC freed 3(96B) AllocSpace objects, 0(0B) LOS objects, 32% free, 33MB/49MB, paused 210us total 40.983ms
08-03 19:56:55.748 12920 12934 I art     : Starting a blocking GC Explicit
08-03 19:56:55.789 12920 12934 I art     : Explicit concurrent mark sweep GC freed 3(96B) AllocSpace objects, 0(0B) LOS objects, 32% free, 33MB/49MB, paused 184us total 40.130ms
08-03 19:56:56.063 12920 13139 I art     : Starting a blocking GC Explicit
08-03 19:56:56.108 12920 13139 I art     : Explicit concurrent mark sweep GC freed 1276(75KB) AllocSpace objects, 1(20KB) LOS objects, 32% free, 33MB/49MB, paused 231us total 44.872ms
08-03 19:56:56.124 12920 13139 I art     : Starting a blocking GC Explicit
08-03 19:56:56.163 12920 13139 I art     : Explicit concurrent mark sweep GC freed 18(624B) AllocSpace objects, 0(0B) LOS objects, 32% free, 33MB/49MB, paused 191us total 38.654ms
08-03 19:56:56.177 12920 13139 I art     : Starting a blocking GC Explicit
08-03 19:56:56.184 13327 13327 D AndroidRuntime: >>>>>> START com.android.internal.os.RuntimeInit uid 2000 <<<<<<
08-03 19:56:56.188 13327 13327 D AndroidRuntime: CheckJNI is OFF
08-03 19:56:56.216 12920 13139 I art     : Explicit concurrent mark sweep GC freed 3(96B) AllocSpace objects, 0(0B) LOS objects, 32% free, 33MB/49MB, paused 226us total 38.065ms
08-03 19:56:56.221 13327 13327 D ICU     : No timezone override file found: /data/misc/zoneinfo/current/icu/icu_tzdata.dat
08-03 19:56:56.230 12920 13139 I art     : Starting a blocking GC Explicit
08-03 19:56:56.255 13327 13327 I Radio-JNI: register_android_hardware_Radio DONE
08-03 19:56:56.271 12920 13139 I art     : Explicit concurrent mark sweep GC freed 7(224B) AllocSpace objects, 0(0B) LOS objects, 32% free, 33MB/49MB, paused 185us total 40.246ms
08-03 19:56:56.278 13327 13327 D AndroidRuntime: Calling main entry com.android.commands.input.Input
08-03 19:56:56.281 13327 13327 I Input   : injectMotionEvent: MotionEvent { action=ACTION_DOWN, actionButton=0, id[0]=0, x[0]=1197.0, y[0]=1456.0, toolType[0]=TOOL_TYPE_UNKNOWN, buttonState=0, metaState=0, flags=0x0, edgeFlags=0x0, pointerCount=1, historySize=0, eventTime=647832693, downTime=647832693, deviceId=0, source=0x1002 }
08-03 19:56:56.288 12920 13139 I art     : Starting a blocking GC Explicit
08-03 19:56:56.289 13327 13327 I Input   : injectMotionEvent: MotionEvent { action=ACTION_UP, actionButton=0, id[0]=0, x[0]=1197.0, y[0]=1456.0, toolType[0]=TOOL_TYPE_UNKNOWN, buttonState=0, metaState=0, flags=0x0, edgeFlags=0x0, pointerCount=1, historySize=0, eventTime=647832693, downTime=647832693, deviceId=0, source=0x1002 }
08-03 19:56:56.291 13327 13327 D AndroidRuntime: Shutting down VM
08-03 19:56:56.296   518   646 I ThermalEngine: ACTION: GPU - Setting GPU[0] to 450000000
08-03 19:56:56.305   512  2967 D audio_hw_primary: out_set_parameters: enter: usecase(1: low-latency-playback) kvpairs: routing=2
08-03 19:56:56.318   512  2967 D audio_hw_primary: select_devices: out_snd_device(2: speaker) in_snd_device(0: none)
08-03 19:56:56.318   512  2967 D msm8974_platform: platform_send_audio_calibration: sending audio calibration for snd_device(2) acdb_id(15)
08-03 19:56:56.319   512  2967 I soundtrigger: audio_extn_sound_trigger_update_device_status: device 0x2 of type 0 for Event 1
08-03 19:56:56.328   512  2967 D audio_hw_primary: enable_snd_device: snd_device(2: speaker)
08-03 19:56:56.329 12920 12937 D OpenGLRenderer: endAllStagingAnimators on 0x7f811ea000 (RippleDrawable) with handle 0x7f8140f500
08-03 19:56:56.330   512  2967 D audio_hw_primary: enable_audio_route: apply and update mixer path: low-latency-playback speaker
08-03 19:56:56.338 12920 12920 I SettingsManager: Setting string: savedCourse
08-03 19:56:56.341 12920 13139 I art     : Explicit concurrent mark sweep GC freed 2740(120KB) AllocSpace objects, 0(0B) LOS objects, 32% free, 33MB/49MB, paused 863us total 52.405ms
08-03 19:56:56.344   918  6029 W BackupManagerService: dataChanged but no participant pkg='baseline.com.ak.uobtimetable' uid=10641
08-03 19:56:56.345   918  3359 I ActivityManager: START u0 {flg=0x4000000 cmp=baseline.com.ak.uobtimetable/.MainActivity (has extras)} from uid 10641 on display 0
08-03 19:56:56.360   918   928 W InputMethodManagerService: Focus gain on non-focused client com.android.internal.view.IInputMethodClient$Stub$Proxy@a7da28e (uid=10641 pid=12920)
08-03 19:56:56.368 12920 12920 D MainActivity: OnDestroy
08-03 19:56:56.390 12920 12920 D MainActivity: onCreate
08-03 19:56:56.390 12920 12920 I SettingsManager: Getting string: savedSessions
08-03 19:56:56.391 12920 12920 I Settings: No saved sessions
08-03 19:56:56.433 12920 12920 I SettingsManager: Getting string: savedCourse
08-03 19:56:56.434 12920 12920 D MainActivity: sessionListFragmentArg: updateSessions
08-03 19:56:56.434 12920 12920 D MainActivity: showTermDatesConfigChange: false
08-03 19:56:56.434 12920 12920 D MainActivity: showTermDatesShortcut: false
08-03 19:56:56.437 12920 12920 D MainActivity: Setting initial fragment: SessionListsFragment
08-03 19:56:56.440 12920 12920 I SettingsManager: Getting int: launchCount
08-03 19:56:56.445 12920 12920 D SessionListsFragment: onCreateView
08-03 19:56:56.461 12920 12920 I SettingsManager: Getting string: savedCourse
08-03 19:56:56.465 12920 12920 I SettingsManager: Getting string: savedSessions
08-03 19:56:56.465 12920 12920 D SessionListsFragment: loadArgument: updateSessions
08-03 19:56:56.466 12920 12920 D SessionListsFragment: initialIndex: -1
08-03 19:56:56.469 12920 13360 D HTTP    : Request for: https://uob-timetable-api.adriankeenan.co.uk/sessions?dept=BD002&course=CFIEFAAF%2F02AA%2F0%2FFT&level=ALL+Courses
08-03 19:56:56.471 12920 12920 I WebViewFactory: Loading com.google.android.webview version 84.0.4147.89 (code 414708953)
08-03 19:56:56.571 12920 12920 I cr_LibraryLoader: Loaded native library version number "84.0.4147.89"
08-03 19:56:56.572 12920 12920 I cr_CachingUmaRecorder: Flushed 5 samples from 5 histograms.
08-03 19:56:56.610 12920 12920 E chromium: [ERROR:filesystem_posix.cc(62)] mkdir /data/user/0/baseline.com.ak.uobtimetable/cache/WebView/Crashpad: No such file or directory (2)
08-03 19:56:56.623 12920 12934 I art     : Starting a blocking GC Explicit
08-03 19:56:56.694 12920 12934 I art     : Explicit concurrent mark sweep GC freed 12442(989KB) AllocSpace objects, 8(1540KB) LOS objects, 31% free, 35MB/51MB, paused 4.054ms total 70.299ms
08-03 19:56:56.716   918  4400 D ConnectivityService: listenForNetwork for Listen from uid/pid:10641/12920 for NetworkRequest [ id=2324, legacyType=-1, [ Capabilities: INTERNET&NOT_RESTRICTED&TRUSTED] ]
08-03 19:56:56.723 12920 12934 I art     : Starting a blocking GC Explicit
08-03 19:56:56.758 12920 13388 W cr_media: Requires BLUETOOTH permission
08-03 19:56:56.760 12920 13360 I NAPPA_EXPERIMENTATION: MetricNetworkRequestExecutionTime: REQUEST_DURATION_SYSTEM='288',REQUEST_DURATION_OKHTTP='40',REQUEST_SYNCHRONOUS='TRUE',RESPONSE_CODE='200',RESPONSE_METHOD='GET',RESPONSE_LENGTH_OKHTTP='-1',RESPONSE_LENGTH_HEADER='867',REQUEST_PROTOCOL='http/1.1',REQUEST_URL='https://uob-timetable-api.adriankeenan.co.uk/sessions?dept=BD002&course=CFIEFAAF%2F02AA%2F0%2FFT&level=ALL+Courses',
08-03 19:56:56.767 12920 13400 E libEGL  : validate_display:255 error 3008 (EGL_BAD_DISPLAY)
08-03 19:56:56.773 12920 12920 D TermDatesFragment: WebView loaded
08-03 19:56:56.773 12920 12920 D MainActivity: OnResume
08-03 19:56:56.781 12920 12934 I art     : Explicit concurrent mark sweep GC freed 5312(353KB) AllocSpace objects, 2(136KB) LOS objects, 31% free, 35MB/51MB, paused 1.200ms total 58.630ms
08-03 19:56:56.801 12920 13360 I HTTP    : Response was compressed.
08-03 19:56:56.803 12920 12934 I art     : Starting a blocking GC Explicit
08-03 19:56:56.825 12920 13360 I Service : getSessions response time: 1.12
08-03 19:56:56.868   512  2967 D audio_hw_primary: disable_audio_route: reset and update mixer path: low-latency-playback speaker
08-03 19:56:56.869 12920 12934 I art     : Explicit concurrent mark sweep GC freed 7348(425KB) AllocSpace objects, 0(0B) LOS objects, 31% free, 35MB/51MB, paused 729us total 60.404ms
08-03 19:56:56.869   512  2967 D audio_hw_primary: disable_snd_device: snd_device(2: speaker)
08-03 19:56:56.877   512  2967 I soundtrigger: audio_extn_sound_trigger_update_device_status: device 0x2 of type 0 for Event 0
08-03 19:56:56.881 12920 12920 I TermDatesFragment: Webview load %: 10
08-03 19:56:56.887 12920 12934 I art     : Starting a blocking GC Explicit
08-03 19:56:56.910 12920 12920 I SettingsManager: Getting string: savedSessions
08-03 19:56:56.913   918   936 I ActivityManager: Displayed baseline.com.ak.uobtimetable/.MainActivity: +549ms
08-03 19:56:56.920 12920 12920 I SettingsManager: Setting string: savedSessions
08-03 19:56:56.927   918  3670 W BackupManagerService: dataChanged but no participant pkg='baseline.com.ak.uobtimetable' uid=10641
08-03 19:56:56.928 12920 12920 I SettingsManager: Setting date: savedSessionsTime
08-03 19:56:56.934   918  4400 W BackupManagerService: dataChanged but no participant pkg='baseline.com.ak.uobtimetable' uid=10641
08-03 19:56:56.934 12920 12920 I SettingsManager: Setting string: savedSessionsCourseName
08-03 19:56:56.939   918  3961 W BackupManagerService: dataChanged but no participant pkg='baseline.com.ak.uobtimetable' uid=10641
08-03 19:56:56.940 12920 12920 I SettingsManager: Setting string: savedSessionsDateRange
08-03 19:56:56.940 12920 12934 I art     : Explicit concurrent mark sweep GC freed 7777(479KB) AllocSpace objects, 4(88KB) LOS objects, 31% free, 35MB/51MB, paused 576us total 52.727ms
08-03 19:56:56.945   918  3359 W BackupManagerService: dataChanged but no participant pkg='baseline.com.ak.uobtimetable' uid=10641
08-03 19:56:56.945 12920 12920 I SettingsManager: Setting string: timetableUrl
08-03 19:56:56.951   918   928 W BackupManagerService: dataChanged but no participant pkg='baseline.com.ak.uobtimetable' uid=10641
08-03 19:56:56.951 12920 12920 I SettingsManager: Getting boolean: notifySessionRemindersEnabled
08-03 19:56:56.952 12920 12920 I SettingsManager: Getting int: notifySessionRemindersMinutes
08-03 19:56:56.952 12920 12920 I SettingsManager: Getting boolean: showHiddenSessions
08-03 19:56:56.958 12920 12934 I art     : Starting a blocking GC Explicit
08-03 19:56:56.993 12920 12920 I SessionReminderNotifier: Created session reminder alarm for f7b4771250a919bd729c1c5a4a459c77 at Mon 08:30:00 10/08/20
08-03 19:56:56.994 12920 12920 I SessionReminderNotifier: Created session reminder alarm for a7f879aabdeb78622c8820a5fb7b64cd at Tue 08:30:00 04/08/20
08-03 19:56:56.996 12920 12920 I SessionReminderNotifier: Created session reminder alarm for 7bc8d7e2c2055711f597c3d9078c6ea3 at Tue 08:30:00 04/08/20
08-03 19:56:56.998 12920 12920 I SessionReminderNotifier: Created session reminder alarm for e0fc978b5db8218778540b4053344581 at Tue 11:00:00 04/08/20
08-03 19:56:56.999 12920 12920 I SessionReminderNotifier: Created session reminder alarm for 21712fef61090882c855a1425543edb5 at Tue 13:30:00 04/08/20
08-03 19:56:57.000 12920 12920 I SessionReminderNotifier: Created session reminder alarm for 65ca4d97f031f29a4d02bbb45a705d8f at Wed 08:30:00 05/08/20
08-03 19:56:57.002 12920 12920 I SessionReminderNotifier: Created session reminder alarm for eeda7741b0bcab58fd9f46dc6ef1d942 at Wed 08:30:00 05/08/20
08-03 19:56:57.004 12920 12920 I SessionReminderNotifier: Created session reminder alarm for c276c1b2075a0beb67f1b3d1e580f920 at Wed 11:00:00 05/08/20
08-03 19:56:57.005 12920 12920 I SessionReminderNotifier: Created session reminder alarm for 79fe0b5c3b887a13ba29db5a33fa2800 at Thu 08:30:00 06/08/20
08-03 19:56:57.007 12920 12920 I SessionReminderNotifier: Created session reminder alarm for 2ba1034116e4fffdd592dbf0796a43d5 at Fri 08:30:00 07/08/20
08-03 19:56:57.007 12920 12920 I SettingsManager: Getting boolean: showHiddenSessions
08-03 19:56:57.008 12920 12920 D SessionListsFragment: 1 sessions for day 0
08-03 19:56:57.008 12920 12920 D SessionListsFragment: 4 sessions for day 1
08-03 19:56:57.008 12920 12920 D SessionListsFragment: 3 sessions for day 2
08-03 19:56:57.008 12920 12920 D SessionListsFragment: 1 sessions for day 3
08-03 19:56:57.008 12920 12920 D SessionListsFragment: 1 sessions for day 4
08-03 19:56:57.018 12920 12934 I art     : Explicit concurrent mark sweep GC freed 4775(266KB) AllocSpace objects, 3(80KB) LOS objects, 31% free, 35MB/51MB, paused 1.132ms total 60.141ms
08-03 19:56:57.069 12920 12920 I SettingsManager: Getting boolean: showHiddenSessions
08-03 19:56:57.070 12920 12920 D SessionListsFragment: Refreshed ViewPager
08-03 19:56:57.070 12920 12920 I SettingsManager: Getting boolean: showHiddenSessions
08-03 19:56:57.071 12920 12920 I SettingsManager: Getting boolean: completedTutorial
08-03 19:56:57.089 12920 12920 I SettingsManager: Getting boolean: showHiddenSessions
08-03 19:56:57.089 12920 12920 I SettingsManager: Getting date: savedSessionsTime
08-03 19:56:57.100 13866 13866 I GoogleInputMethodServic: GoogleInputMethodService.onFinishInput():3138 
08-03 19:56:57.101 13866 13866 I GoogleInputMethodServic: GoogleInputMethodService.onStartInput():1808 
08-03 19:56:57.325 12920 12934 I art     : Starting a blocking GC Explicit
08-03 19:56:57.407 12920 12934 I art     : Explicit concurrent mark sweep GC freed 100160(4MB) AllocSpace objects, 4(220KB) LOS objects, 30% free, 36MB/52MB, paused 1.105ms total 81.965ms
08-03 19:56:57.429 12920 12934 I art     : Starting a blocking GC Explicit
08-03 19:56:57.498 12920 12934 I art     : Explicit concurrent mark sweep GC freed 34207(1578KB) AllocSpace objects, 0(0B) LOS objects, 30% free, 36MB/52MB, paused 1.279ms total 68.870ms
08-03 19:56:57.520 12920 12934 I art     : Starting a blocking GC Explicit
08-03 19:56:57.595 12920 12934 I art     : Explicit concurrent mark sweep GC freed 32764(1352KB) AllocSpace objects, 0(0B) LOS objects, 30% free, 36MB/52MB, paused 1.214ms total 75.104ms
08-03 19:56:57.618 12920 12934 I art     : Starting a blocking GC Explicit
08-03 19:56:57.690 12920 12934 I art     : Explicit concurrent mark sweep GC freed 23975(988KB) AllocSpace objects, 0(0B) LOS objects, 30% free, 36MB/52MB, paused 552us total 72.674ms
08-03 19:56:57.713 12920 12934 I art     : Starting a blocking GC Explicit
08-03 19:56:57.771 12920 12920 I Choreographer: Skipped 39 frames!  The application may be doing too much work on its main thread.
08-03 19:56:57.779 12920 12934 I art     : Explicit concurrent mark sweep GC freed 1107(84KB) AllocSpace objects, 0(0B) LOS objects, 30% free, 36MB/52MB, paused 979us total 65.762ms
08-03 19:56:57.834 12920 12920 I TermDatesFragment: Webview load %: 70
08-03 19:56:57.874 12920 12920 I TermDatesFragment: Webview load %: 100
08-03 19:56:57.874 12920 12920 I TermDatesFragment: Webview load %: 100
08-03 19:56:58.097 12920 12933 I art     : Starting a blocking GC Explicit
08-03 19:56:58.167 12920 12933 I art     : Explicit concurrent mark sweep GC freed 2071(114KB) AllocSpace objects, 1(20KB) LOS objects, 30% free, 36MB/52MB, paused 460us total 69.898ms
08-03 19:56:58.189 12920 12933 I art     : Starting a blocking GC Explicit
08-03 19:56:58.243 12920 12933 I art     : Explicit concurrent mark sweep GC freed 121518(11MB) AllocSpace objects, 3(136KB) LOS objects, 38% free, 25MB/41MB, paused 407us total 54.336ms
08-03 19:56:58.257 12920 12933 I art     : Starting a blocking GC Explicit
08-03 19:56:58.289 12920 12933 I art     : Explicit concurrent mark sweep GC freed 3(96B) AllocSpace objects, 0(0B) LOS objects, 38% free, 25MB/41MB, paused 380us total 32.462ms
08-03 19:56:58.303 12920 12933 I art     : Starting a blocking GC Explicit
08-03 19:56:58.343 12920 12933 I art     : Explicit concurrent mark sweep GC freed 3(96B) AllocSpace objects, 0(0B) LOS objects, 38% free, 25MB/41MB, paused 411us total 39.383ms
08-03 19:56:58.358 12920 12933 I art     : Starting a blocking GC Explicit
08-03 19:56:58.398 12920 12933 I art     : Explicit concurrent mark sweep GC freed 3(96B) AllocSpace objects, 0(0B) LOS objects, 38% free, 25MB/41MB, paused 442us total 39.814ms
08-03 19:56:58.740 12920 12941 I art     : Starting a blocking GC Explicit
08-03 19:56:58.782 12920 12941 I art     : Explicit concurrent mark sweep GC freed 1371(78KB) AllocSpace objects, 1(20KB) LOS objects, 38% free, 25MB/41MB, paused 461us total 41.951ms
08-03 19:56:58.799 12920 12941 I art     : Starting a blocking GC Explicit
08-03 19:56:58.841 12920 12941 I art     : Explicit concurrent mark sweep GC freed 56(1856B) AllocSpace objects, 0(0B) LOS objects, 38% free, 25MB/41MB, paused 560us total 41.993ms
08-03 19:56:58.858 12920 12941 I art     : Starting a blocking GC Explicit
08-03 19:56:58.898 12920 12941 I art     : Explicit concurrent mark sweep GC freed 33(1056B) AllocSpace objects, 0(0B) LOS objects, 38% free, 25MB/41MB, paused 454us total 39.608ms
08-03 19:56:58.914 12920 12941 I art     : Starting a blocking GC Explicit
08-03 19:56:58.954 12920 12941 I art     : Explicit concurrent mark sweep GC freed 5(192B) AllocSpace objects, 0(0B) LOS objects, 38% free, 25MB/41MB, paused 427us total 39.657ms
08-03 19:56:58.968 12920 12941 I art     : Starting a blocking GC Explicit
08-03 19:56:59.007 12920 12941 I art     : Explicit concurrent mark sweep GC freed 3(96B) AllocSpace objects, 0(0B) LOS objects, 38% free, 25MB/41MB, paused 498us total 38.674ms
08-03 19:56:59.359 12920 13139 I art     : Starting a blocking GC Explicit
08-03 19:56:59.397 12920 13139 I art     : Explicit concurrent mark sweep GC freed 1296(75KB) AllocSpace objects, 1(20KB) LOS objects, 38% free, 25MB/41MB, paused 399us total 38.093ms
08-03 19:56:59.413 12920 13139 I art     : Starting a blocking GC Explicit
08-03 19:56:59.450 12920 13139 I art     : Explicit concurrent mark sweep GC freed 24(816B) AllocSpace objects, 0(0B) LOS objects, 38% free, 25MB/41MB, paused 408us total 36.704ms
08-03 19:56:59.467 12920 13139 I art     : Starting a blocking GC Explicit
08-03 19:56:59.509 12920 13139 I art     : Explicit concurrent mark sweep GC freed 11(352B) AllocSpace objects, 0(0B) LOS objects, 38% free, 25MB/41MB, paused 380us total 42.142ms
08-03 19:56:59.526 12920 13139 I art     : Starting a blocking GC Explicit
08-03 19:56:59.567 12920 13139 I art     : Explicit concurrent mark sweep GC freed 9(288B) AllocSpace objects, 0(0B) LOS objects, 38% free, 25MB/41MB, paused 446us total 40.583ms
08-03 19:56:59.584 12920 13139 I art     : Starting a blocking GC Explicit
08-03 19:56:59.626 12920 13139 I art     : Explicit concurrent mark sweep GC freed 6(192B) AllocSpace objects, 0(0B) LOS objects, 38% free, 25MB/41MB, paused 395us total 41.786ms
08-03 19:56:59.971 12920 12934 I art     : Starting a blocking GC Explicit
08-03 19:57:00.019 12920 12934 I art     : Explicit concurrent mark sweep GC freed 1291(75KB) AllocSpace objects, 1(20KB) LOS objects, 38% free, 25MB/41MB, paused 414us total 47.504ms
08-03 19:57:00.020 18789 18789 I Finsky  : [1] xow.onStartJob(3): SCH: onJobSchedulerWakeup with jobId 9009
08-03 19:57:00.028 18789 18789 I Finsky  : [1] xjw.a(9): Scheduling fallback in 43199997 (absolute: 1674423899)
08-03 19:57:00.030 18789 18789 I Finsky  : [1] xjw.a(9): Scheduling fallback in 64799998 (absolute: 1696023903)
08-03 19:57:00.033 12920 12934 I art     : Starting a blocking GC Explicit
08-03 19:57:00.035 18789 18789 I Finsky  : [1] xow.onStartJob(3): SCH: onJobSchedulerWakeup with jobId 9016
08-03 19:57:00.045 18789 18789 I Finsky  : [1] xjw.a(9): Scheduling fallback in 43199995 (absolute: 1674423915)
08-03 19:57:00.047 18789 18789 I Finsky  : [1] xjw.a(9): Scheduling fallback in 64799998 (absolute: 1696023920)
08-03 19:57:00.049 18789 18789 W Finsky  : [1] xow.onStartJob(9): SCH: onJobSchedulerWakeup while already running
08-03 19:57:00.064 12920 12934 I art     : Explicit concurrent mark sweep GC freed 18(624B) AllocSpace objects, 0(0B) LOS objects, 38% free, 25MB/41MB, paused 401us total 31.275ms
08-03 19:57:00.078 12920 12934 I art     : Starting a blocking GC Explicit
08-03 19:57:00.112 12920 12934 I art     : Explicit concurrent mark sweep GC freed 3(96B) AllocSpace objects, 0(0B) LOS objects, 38% free, 25MB/41MB, paused 373us total 33.962ms
08-03 19:57:00.125 12920 12934 I art     : Starting a blocking GC Explicit
08-03 19:57:00.158 12920 12934 I art     : Explicit concurrent mark sweep GC freed 3(96B) AllocSpace objects, 0(0B) LOS objects, 38% free, 25MB/41MB, paused 386us total 32.785ms
08-03 19:57:00.172 12920 12934 I art     : Starting a blocking GC Explicit
08-03 19:57:00.196 18789 18789 I Finsky  : [1] xkf.handleMessage(8): SCH: DeviceState: DeviceState{currentTime=1596477420191, isCharging=false, isIdle=false, netAny=true, netNotRoaming=true, netUnmetered=true, batteryPercent=100.0}
08-03 19:57:00.201 18789 12890 I Finsky  : [5712] xmu.a(8): SCH: Jobs in database: 1-1337 3-181 3-182 12-1 24-77777777 26-1414141414 
08-03 19:57:00.204 18789 18789 I Finsky  : [1] xkg.a(16): SCH: Running job: 12-1
08-03 19:57:00.204 18789 18789 I Finsky  : [1] ContentSyncJob.a(16): [ContentSync] job started
08-03 19:57:00.205 18789 18789 I Finsky  : [1] xkf.handleMessage(61): SCH: RunningQueue size: 1, PendingQueue size: 0
08-03 19:57:00.205 18789 18789 I Finsky  : [1] xkf.handleMessage(64): SCH: Running queue: 12-1 
08-03 19:57:00.206 12920 12934 I art     : Explicit concurrent mark sweep GC freed 3(96B) AllocSpace objects, 0(0B) LOS objects, 38% free, 25MB/41MB, paused 386us total 33.981ms
08-03 19:57:00.275 18789 12910 I Finsky  : [5717] dzn.a(22): Completed 0 account content syncs with 0 successful.
08-03 19:57:00.277 18789 18789 I Finsky  : [1] ContentSyncJob.a(1): [ContentSync] Installation state replication succeeded.
08-03 19:57:00.277 18789 18789 I Finsky  : [1] xlr.a(13): SCH: jobFinished: 12-1. TimeElapsed: 73ms.
08-03 19:57:00.278 18789 18789 I Finsky  : [1] xkg.a(36): SCH: Job 12-1 finished. Not rescheduling.
08-03 19:57:00.278 18789 18789 I Finsky  : [1] xkf.handleMessage(61): SCH: RunningQueue size: 0, PendingQueue size: 0
08-03 19:57:00.279 18789 18789 I Finsky  : [1] xkf.handleMessage(25): Executor finished
08-03 19:57:00.295 18789 18789 I Finsky  : [1] xmu.a(8): SCH: Jobs in database: 1-1337 3-181 3-182 24-77777777 26-1414141414 
08-03 19:57:00.297 18789 18789 I Finsky  : [1] xio.a(57): SCH: ConstraintMapping: 24-77777777,  -> L: 0ms, D: 4148805ms, C: false, I: true, N: 0
08-03 19:57:00.298 18789 18789 I Finsky  : [1] xio.a(57): SCH: ConstraintMapping: 1-1337,  -> L: 7732610ms, D: 50932610ms, C: false, I: false, N: 1
08-03 19:57:00.298 18789 18789 I Finsky  : [1] xio.a(57): SCH: ConstraintMapping: 3-181,  -> L: 0ms, D: 82188917ms, C: false, I: true, N: 2
08-03 19:57:00.299 18789 18789 I Finsky  : [1] xio.a(57): SCH: ConstraintMapping: 3-182,  -> L: 0ms, D: 82188990ms, C: true, I: true, N: 2
08-03 19:57:00.299 18789 18789 I Finsky  : [1] xio.a(57): SCH: ConstraintMapping: 26-1414141414,  -> L: 11804858ms, D: 12704858ms, C: false, I: false, N: 0
08-03 19:57:00.312 18789 18789 I Finsky  : [1] xle.a(34): Cancelling existing jobscheduler jobs: 9018 9012 9001 9017 9019 9010 9015 9013 
08-03 19:57:00.313 18789 18789 I Finsky  : [1] xle.a(10): Throttling wakeup for job 9000 (expected to run in 0 ms) due to recent wakeup
08-03 19:57:00.313 18789 18789 I Finsky  : [1] xle.a(27): Scheduling job Id: 9000, L: 30000, D: 4148805, C: false, I: true, N: 0
08-03 19:57:00.315 18789 18789 I Finsky  : [1] xle.a(27): Scheduling job Id: 9002, L: 7732610, D: 50932610, C: false, I: false, N: 1
08-03 19:57:00.317 18789 18789 I Finsky  : [1] xle.a(10): Throttling wakeup for job 9003 (expected to run in 0 ms) due to recent wakeup
08-03 19:57:00.317 18789 18789 I Finsky  : [1] xle.a(27): Scheduling job Id: 9003, L: 30000, D: 82188917, C: false, I: true, N: 2
08-03 19:57:00.318 18789 18789 I Finsky  : [1] xle.a(10): Throttling wakeup for job 9004 (expected to run in 0 ms) due to recent wakeup
08-03 19:57:00.319 18789 18789 I Finsky  : [1] xle.a(27): Scheduling job Id: 9004, L: 30000, D: 82188990, C: true, I: true, N: 2
08-03 19:57:00.320 18789 18789 I Finsky  : [1] xle.a(27): Scheduling job Id: 9005, L: 11804858, D: 12704858, C: false, I: false, N: 0
08-03 19:57:00.322 18789 18789 I Finsky  : [1] xle.a(10): Throttling wakeup for job 9006 (expected to run in 0 ms) due to recent wakeup
08-03 19:57:00.322 18789 18789 I Finsky  : [1] xle.a(27): Scheduling job Id: 9006, L: 30000, D: 4148805, C: false, I: true, N: 0
08-03 19:57:00.324 18789 18789 I Finsky  : [1] xle.a(27): Scheduling job Id: 9007, L: 7732610, D: 50932610, C: false, I: false, N: 1
08-03 19:57:00.325 18789 18789 I Finsky  : [1] xle.a(10): Throttling wakeup for job 9008 (expected to run in 0 ms) due to recent wakeup
08-03 19:57:00.326 18789 18789 I Finsky  : [1] xle.a(27): Scheduling job Id: 9008, L: 30000, D: 82188917, C: false, I: true, N: 2
08-03 19:57:00.327 18789 18789 I Finsky  : [1] xle.a(10): Throttling wakeup for job 9011 (expected to run in 0 ms) due to recent wakeup
08-03 19:57:00.328 18789 18789 I Finsky  : [1] xle.a(27): Scheduling job Id: 9011, L: 30000, D: 82188990, C: true, I: true, N: 2
08-03 19:57:00.329 18789 18789 I Finsky  : [1] xle.a(27): Scheduling job Id: 9014, L: 11804858, D: 12704858, C: false, I: false, N: 0
08-03 19:57:00.504 12920 12941 I art     : Starting a blocking GC Explicit
08-03 19:57:00.545 12920 12941 I art     : Explicit concurrent mark sweep GC freed 1290(75KB) AllocSpace objects, 1(20KB) LOS objects, 38% free, 25MB/41MB, paused 446us total 41.006ms
08-03 19:57:00.560 12920 12941 I art     : Starting a blocking GC Explicit
08-03 19:57:00.592 12920 12941 I art     : Explicit concurrent mark sweep GC freed 18(624B) AllocSpace objects, 0(0B) LOS objects, 38% free, 25MB/41MB, paused 379us total 32.325ms
08-03 19:57:00.607 12920 12941 I art     : Starting a blocking GC Explicit
08-03 19:57:00.644 12920 12941 I art     : Explicit concurrent mark sweep GC freed 3(96B) AllocSpace objects, 0(0B) LOS objects, 38% free, 25MB/41MB, paused 418us total 37.499ms
08-03 19:57:00.659 12920 12941 I art     : Starting a blocking GC Explicit
08-03 19:57:00.697 12920 12941 I art     : Explicit concurrent mark sweep GC freed 3(96B) AllocSpace objects, 0(0B) LOS objects, 38% free, 25MB/41MB, paused 506us total 38.237ms
08-03 19:57:00.712 12920 12941 I art     : Starting a blocking GC Explicit
08-03 19:57:00.750 12920 12941 I art     : Explicit concurrent mark sweep GC freed 3(96B) AllocSpace objects, 0(0B) LOS objects, 38% free, 25MB/41MB, paused 418us total 37.499ms
08-03 19:57:01.075 13474 13474 D AndroidRuntime: >>>>>> START com.android.internal.os.RuntimeInit uid 2000 <<<<<<
08-03 19:57:01.081 13474 13474 D AndroidRuntime: CheckJNI is OFF
08-03 19:57:01.086 12920 13139 I art     : Starting a blocking GC Explicit
08-03 19:57:01.130 13474 13474 D ICU     : No timezone override file found: /data/misc/zoneinfo/current/icu/icu_tzdata.dat
08-03 19:57:01.133 12920 13139 I art     : Explicit concurrent mark sweep GC freed 1375(78KB) AllocSpace objects, 1(20KB) LOS objects, 38% free, 25MB/41MB, paused 518us total 46.074ms
08-03 19:57:01.133 12920 12930 I art     : WaitForGcToComplete blocked for 24.902ms for cause HeapTrim
08-03 19:57:01.149 12920 13139 I art     : Starting a blocking GC Explicit
08-03 19:57:01.174 13474 13474 I Radio-JNI: register_android_hardware_Radio DONE
08-03 19:57:01.185 12920 13139 I art     : Explicit concurrent mark sweep GC freed 36(1376B) AllocSpace objects, 0(0B) LOS objects, 38% free, 25MB/41MB, paused 467us total 35.309ms
08-03 19:57:01.199 12920 13139 I art     : Starting a blocking GC Explicit
08-03 19:57:01.204 13474 13474 D AndroidRuntime: Calling main entry com.android.commands.input.Input
08-03 19:57:01.206 13474 13474 I Input   : injectMotionEvent: MotionEvent { action=ACTION_DOWN, actionButton=0, id[0]=0, x[0]=1215.0, y[0]=1450.0, toolType[0]=TOOL_TYPE_UNKNOWN, buttonState=0, metaState=0, flags=0x0, edgeFlags=0x0, pointerCount=1, historySize=0, eventTime=647837619, downTime=647837619, deviceId=0, source=0x1002 }
08-03 19:57:01.212 13474 13474 I Input   : injectMotionEvent: MotionEvent { action=ACTION_UP, actionButton=0, id[0]=0, x[0]=1215.0, y[0]=1450.0, toolType[0]=TOOL_TYPE_UNKNOWN, buttonState=0, metaState=0, flags=0x0, edgeFlags=0x0, pointerCount=1, historySize=0, eventTime=647837619, downTime=647837619, deviceId=0, source=0x1002 }
08-03 19:57:01.213 13474 13474 D AndroidRuntime: Shutting down VM
08-03 19:57:01.225   512  2967 D audio_hw_primary: out_set_parameters: enter: usecase(1: low-latency-playback) kvpairs: routing=2
08-03 19:57:01.234 12920 13139 I art     : Explicit concurrent mark sweep GC freed 212(14KB) AllocSpace objects, 0(0B) LOS objects, 38% free, 25MB/41MB, paused 672us total 34.841ms
08-03 19:57:01.238   512  2967 D audio_hw_primary: select_devices: out_snd_device(2: speaker) in_snd_device(0: none)
08-03 19:57:01.238   512  2967 D msm8974_platform: platform_send_audio_calibration: sending audio calibration for snd_device(2) acdb_id(15)
08-03 19:57:01.238   512  2967 I soundtrigger: audio_extn_sound_trigger_update_device_status: device 0x2 of type 0 for Event 1
08-03 19:57:01.250 12920 13139 I art     : Starting a blocking GC Explicit
08-03 19:57:01.250   512  2967 D audio_hw_primary: enable_snd_device: snd_device(2: speaker)
08-03 19:57:01.253   512  2967 D audio_hw_primary: enable_audio_route: apply and update mixer path: low-latency-playback speaker
08-03 19:57:01.283 12920 13139 I art     : Explicit concurrent mark sweep GC freed 329(29KB) AllocSpace objects, 0(0B) LOS objects, 38% free, 25MB/41MB, paused 739us total 32.868ms
08-03 19:57:01.299 12920 13139 I art     : Starting a blocking GC Explicit
08-03 19:57:01.335 12920 13139 I art     : Explicit concurrent mark sweep GC freed 240(14KB) AllocSpace objects, 0(0B) LOS objects, 38% free, 25MB/41MB, paused 399us total 35.421ms
08-03 19:57:01.640 12920 12933 I art     : Starting a blocking GC Explicit
08-03 19:57:01.687 12920 12933 I art     : Explicit concurrent mark sweep GC freed 2118(136KB) AllocSpace objects, 2(60KB) LOS objects, 38% free, 25MB/41MB, paused 424us total 46.656ms
08-03 19:57:01.705 12920 12933 I art     : Starting a blocking GC Explicit
08-03 19:57:01.743 12920 12933 I art     : Explicit concurrent mark sweep GC freed 18(624B) AllocSpace objects, 0(0B) LOS objects, 38% free, 25MB/41MB, paused 403us total 36.982ms
08-03 19:57:01.758 12920 12933 I art     : Starting a blocking GC Explicit
08-03 19:57:01.788   512  2967 D audio_hw_primary: disable_audio_route: reset and update mixer path: low-latency-playback speaker
08-03 19:57:01.790   512  2967 D audio_hw_primary: disable_snd_device: snd_device(2: speaker)
08-03 19:57:01.795 12920 12933 I art     : Explicit concurrent mark sweep GC freed 3(96B) AllocSpace objects, 0(0B) LOS objects, 38% free, 25MB/41MB, paused 407us total 36.696ms
08-03 19:57:01.799   512  2967 I soundtrigger: audio_extn_sound_trigger_update_device_status: device 0x2 of type 0 for Event 0
08-03 19:57:01.809 12920 12933 I art     : Starting a blocking GC Explicit
08-03 19:57:01.843 12920 12933 I art     : Explicit concurrent mark sweep GC freed 3(96B) AllocSpace objects, 0(0B) LOS objects, 38% free, 25MB/41MB, paused 387us total 33.110ms
08-03 19:57:01.856 12920 12933 I art     : Starting a blocking GC Explicit
08-03 19:57:01.892 12920 12933 I art     : Explicit concurrent mark sweep GC freed 3(96B) AllocSpace objects, 0(0B) LOS objects, 38% free, 25MB/41MB, paused 406us total 35.504ms
08-03 19:57:02.101 13866 13882 I PeriodicStatsRunner: PeriodicStatsRunner.call():175 call()
08-03 19:57:02.101 13866 13882 I PeriodicStatsRunner: PeriodicStatsRunner.call():179 No submit PeriodicStats since input started.
08-03 19:57:02.213 12920 12941 I art     : Starting a blocking GC Explicit
08-03 19:57:02.260 12920 12941 I art     : Explicit concurrent mark sweep GC freed 1292(75KB) AllocSpace objects, 1(20KB) LOS objects, 38% free, 25MB/41MB, paused 487us total 47.260ms
08-03 19:57:02.277 12920 12941 I art     : Starting a blocking GC Explicit
08-03 19:57:02.314 12920 12941 I art     : Explicit concurrent mark sweep GC freed 18(624B) AllocSpace objects, 0(0B) LOS objects, 38% free, 25MB/41MB, paused 391us total 36.795ms
08-03 19:57:02.329 12920 12941 I art     : Starting a blocking GC Explicit
08-03 19:57:02.366 12920 12941 I art     : Explicit concurrent mark sweep GC freed 3(96B) AllocSpace objects, 0(0B) LOS objects, 38% free, 25MB/41MB, paused 407us total 37.153ms
08-03 19:57:02.381 12920 12941 I art     : Starting a blocking GC Explicit
08-03 19:57:02.418 12920 12941 I art     : Explicit concurrent mark sweep GC freed 3(96B) AllocSpace objects, 0(0B) LOS objects, 38% free, 25MB/41MB, paused 421us total 37.083ms
08-03 19:57:02.433 12920 12941 I art     : Starting a blocking GC Explicit
08-03 19:57:02.468 12920 12941 I art     : Explicit concurrent mark sweep GC freed 3(96B) AllocSpace objects, 0(0B) LOS objects, 38% free, 25MB/41MB, paused 471us total 35.257ms
08-03 19:57:02.776 12920 12934 I art     : Starting a blocking GC Explicit
08-03 19:57:02.817 12920 12934 I art     : Explicit concurrent mark sweep GC freed 1290(75KB) AllocSpace objects, 1(20KB) LOS objects, 38% free, 25MB/41MB, paused 424us total 41.121ms
08-03 19:57:02.834 12920 12934 I art     : Starting a blocking GC Explicit
08-03 19:57:02.874 12920 12934 I art     : Explicit concurrent mark sweep GC freed 19(656B) AllocSpace objects, 0(0B) LOS objects, 38% free, 25MB/41MB, paused 503us total 39.654ms
08-03 19:57:02.890 12920 12934 I art     : Starting a blocking GC Explicit
08-03 19:57:02.932 12920 12934 I art     : Explicit concurrent mark sweep GC freed 10(320B) AllocSpace objects, 0(0B) LOS objects, 38% free, 25MB/41MB, paused 410us total 41.833ms
08-03 19:57:02.950 12920 12934 I art     : Starting a blocking GC Explicit
08-03 19:57:02.990 12920 12934 I art     : Explicit concurrent mark sweep GC freed 9(288B) AllocSpace objects, 0(0B) LOS objects, 38% free, 25MB/41MB, paused 489us total 39.667ms
08-03 19:57:03.000 13520 13520 D AndroidRuntime: >>>>>> START com.android.internal.os.RuntimeInit uid 2000 <<<<<<
08-03 19:57:03.006 12920 12934 I art     : Starting a blocking GC Explicit
08-03 19:57:03.007 13520 13520 D AndroidRuntime: CheckJNI is OFF
08-03 19:57:03.046 12920 12934 I art     : Explicit concurrent mark sweep GC freed 12(384B) AllocSpace objects, 0(0B) LOS objects, 38% free, 25MB/41MB, paused 414us total 39.881ms
08-03 19:57:03.056 13520 13520 D ICU     : No timezone override file found: /data/misc/zoneinfo/current/icu/icu_tzdata.dat
08-03 19:57:03.101 13520 13520 I Radio-JNI: register_android_hardware_Radio DONE
08-03 19:57:03.131 13520 13520 D AndroidRuntime: Calling main entry com.android.commands.input.Input
08-03 19:57:03.134 13520 13520 I Input   : injectMotionEvent: MotionEvent { action=ACTION_DOWN, actionButton=0, id[0]=0, x[0]=1215.0, y[0]=1482.0, toolType[0]=TOOL_TYPE_UNKNOWN, buttonState=0, metaState=0, flags=0x0, edgeFlags=0x0, pointerCount=1, historySize=0, eventTime=647839546, downTime=647839546, deviceId=0, source=0x1002 }
08-03 19:57:03.147 13520 13520 I Input   : injectMotionEvent: MotionEvent { action=ACTION_UP, actionButton=0, id[0]=0, x[0]=1215.0, y[0]=1482.0, toolType[0]=TOOL_TYPE_UNKNOWN, buttonState=0, metaState=0, flags=0x0, edgeFlags=0x0, pointerCount=1, historySize=0, eventTime=647839546, downTime=647839546, deviceId=0, source=0x1002 }
08-03 19:57:03.149 12920 12920 I SettingsManager: Setting boolean: completedTutorial
08-03 19:57:03.149 13520 13520 D AndroidRuntime: Shutting down VM
08-03 19:57:03.151   512  2967 D audio_hw_primary: out_set_parameters: enter: usecase(1: low-latency-playback) kvpairs: routing=2
08-03 19:57:03.159   918  3961 W BackupManagerService: dataChanged but no participant pkg='baseline.com.ak.uobtimetable' uid=10641
08-03 19:57:03.165   512  2967 D audio_hw_primary: select_devices: out_snd_device(2: speaker) in_snd_device(0: none)
08-03 19:57:03.165   512  2967 D msm8974_platform: platform_send_audio_calibration: sending audio calibration for snd_device(2) acdb_id(15)
08-03 19:57:03.166   512  2967 I soundtrigger: audio_extn_sound_trigger_update_device_status: device 0x2 of type 0 for Event 1
08-03 19:57:03.170   918   928 W InputMethodManagerService: Window already focused, ignoring focus gain of: com.android.internal.view.IInputMethodClient$Stub$Proxy@6e5805 attribute=null, token = android.os.BinderProxy@855c033
08-03 19:57:03.177   512  2967 D audio_hw_primary: enable_snd_device: snd_device(2: speaker)
08-03 19:57:03.180   512  2967 D audio_hw_primary: enable_audio_route: apply and update mixer path: low-latency-playback speaker
08-03 19:57:03.341 12920 13139 I art     : Starting a blocking GC Explicit
08-03 19:57:03.377 12920 13139 I art     : Explicit concurrent mark sweep GC freed 1494(95KB) AllocSpace objects, 2(40KB) LOS objects, 38% free, 25MB/41MB, paused 422us total 36.336ms
08-03 19:57:03.393 12920 13139 I art     : Starting a blocking GC Explicit
08-03 19:57:03.425 12920 13139 I art     : Explicit concurrent mark sweep GC freed 1007(68KB) AllocSpace objects, 1(40KB) LOS objects, 38% free, 25MB/41MB, paused 375us total 31.854ms
08-03 19:57:03.438 12920 13139 I art     : Starting a blocking GC Explicit
08-03 19:57:03.472 12920 13139 I art     : Explicit concurrent mark sweep GC freed 3(96B) AllocSpace objects, 0(0B) LOS objects, 38% free, 25MB/41MB, paused 410us total 33.135ms
08-03 19:57:03.486 12920 13139 I art     : Starting a blocking GC Explicit
08-03 19:57:03.522 12920 13139 I art     : Explicit concurrent mark sweep GC freed 3(96B) AllocSpace objects, 0(0B) LOS objects, 38% free, 25MB/41MB, paused 410us total 35.665ms
08-03 19:57:03.536 12920 13139 I art     : Starting a blocking GC Explicit
08-03 19:57:03.572 12920 13139 I art     : Explicit concurrent mark sweep GC freed 3(96B) AllocSpace objects, 0(0B) LOS objects, 38% free, 25MB/41MB, paused 414us total 35.331ms
08-03 19:57:03.730   512  2967 D audio_hw_primary: disable_audio_route: reset and update mixer path: low-latency-playback speaker
08-03 19:57:03.733   512  2967 D audio_hw_primary: disable_snd_device: snd_device(2: speaker)
08-03 19:57:03.741   512  2967 I soundtrigger: audio_extn_sound_trigger_update_device_status: device 0x2 of type 0 for Event 0
08-03 19:57:03.893 12920 12933 I art     : Starting a blocking GC Explicit
08-03 19:57:03.943 12920 12933 I art     : Explicit concurrent mark sweep GC freed 1290(75KB) AllocSpace objects, 1(20KB) LOS objects, 38% free, 25MB/41MB, paused 440us total 50.187ms
08-03 19:57:03.961 12920 12933 I art     : Starting a blocking GC Explicit
08-03 19:57:03.997 12920 12933 I art     : Explicit concurrent mark sweep GC freed 18(624B) AllocSpace objects, 0(0B) LOS objects, 38% free, 25MB/41MB, paused 418us total 35.527ms
08-03 19:57:04.011 12920 12933 I art     : Starting a blocking GC Explicit
08-03 19:57:04.048 12920 12933 I art     : Explicit concurrent mark sweep GC freed 3(96B) AllocSpace objects, 0(0B) LOS objects, 38% free, 25MB/41MB, paused 421us total 36.942ms
08-03 19:57:04.063 12920 12933 I art     : Starting a blocking GC Explicit
08-03 19:57:04.099 12920 12933 I art     : Explicit concurrent mark sweep GC freed 3(96B) AllocSpace objects, 0(0B) LOS objects, 38% free, 25MB/41MB, paused 417us total 36.277ms
08-03 19:57:04.114 12920 12933 I art     : Starting a blocking GC Explicit
08-03 19:57:04.151 12920 12933 I art     : Explicit concurrent mark sweep GC freed 3(96B) AllocSpace objects, 0(0B) LOS objects, 38% free, 25MB/41MB, paused 400us total 36.771ms
08-03 19:57:04.459 12920 12941 I art     : Starting a blocking GC Explicit
08-03 19:57:04.495 12920 12941 I art     : Explicit concurrent mark sweep GC freed 1290(75KB) AllocSpace objects, 1(20KB) LOS objects, 38% free, 25MB/41MB, paused 428us total 35.768ms
08-03 19:57:04.509 12920 12941 I art     : Starting a blocking GC Explicit
08-03 19:57:04.544 12920 12941 I art     : Explicit concurrent mark sweep GC freed 18(624B) AllocSpace objects, 0(0B) LOS objects, 38% free, 25MB/41MB, paused 422us total 34.889ms
08-03 19:57:04.558 12920 12941 I art     : Starting a blocking GC Explicit
08-03 19:57:04.593 12920 12941 I art     : Explicit concurrent mark sweep GC freed 3(96B) AllocSpace objects, 0(0B) LOS objects, 38% free, 25MB/41MB, paused 416us total 34.464ms
08-03 19:57:04.607 12920 12941 I art     : Starting a blocking GC Explicit
08-03 19:57:04.642 12920 12941 I art     : Explicit concurrent mark sweep GC freed 3(96B) AllocSpace objects, 0(0B) LOS objects, 38% free, 25MB/41MB, paused 426us total 34.411ms
08-03 19:57:04.656 12920 12941 I art     : Starting a blocking GC Explicit
08-03 19:57:04.691 12920 12941 I art     : Explicit concurrent mark sweep GC freed 3(96B) AllocSpace objects, 0(0B) LOS objects, 38% free, 25MB/41MB, paused 419us total 34.615ms
08-03 19:57:04.922 13574 13574 D AndroidRuntime: >>>>>> START com.android.internal.os.RuntimeInit uid 2000 <<<<<<
08-03 19:57:04.928 13574 13574 D AndroidRuntime: CheckJNI is OFF
08-03 19:57:04.970 13574 13574 D ICU     : No timezone override file found: /data/misc/zoneinfo/current/icu/icu_tzdata.dat
08-03 19:57:05.012 13574 13574 I Radio-JNI: register_android_hardware_Radio DONE
08-03 19:57:05.033 12920 12934 I art     : Starting a blocking GC Explicit
08-03 19:57:05.042 13574 13574 D AndroidRuntime: Calling main entry com.android.commands.input.Input
08-03 19:57:05.044 13574 13574 I Input   : injectMotionEvent: MotionEvent { action=ACTION_DOWN, actionButton=0, id[0]=0, x[0]=81.0, y[0]=176.0, toolType[0]=TOOL_TYPE_UNKNOWN, buttonState=0, metaState=0, flags=0x0, edgeFlags=0x0, pointerCount=1, historySize=0, eventTime=647841457, downTime=647841457, deviceId=0, source=0x1002 }
08-03 19:57:05.049 13574 13574 I Input   : injectMotionEvent: MotionEvent { action=ACTION_UP, actionButton=0, id[0]=0, x[0]=81.0, y[0]=176.0, toolType[0]=TOOL_TYPE_UNKNOWN, buttonState=0, metaState=0, flags=0x0, edgeFlags=0x0, pointerCount=1, historySize=0, eventTime=647841457, downTime=647841457, deviceId=0, source=0x1002 }
08-03 19:57:05.051 13574 13574 D AndroidRuntime: Shutting down VM
08-03 19:57:05.062   512  2967 D audio_hw_primary: out_set_parameters: enter: usecase(1: low-latency-playback) kvpairs: routing=2
08-03 19:57:05.070 12920 12934 I art     : Explicit concurrent mark sweep GC freed 1314(76KB) AllocSpace objects, 1(20KB) LOS objects, 38% free, 25MB/41MB, paused 528us total 36.887ms
08-03 19:57:05.075   512  2967 D audio_hw_primary: select_devices: out_snd_device(2: speaker) in_snd_device(0: none)
08-03 19:57:05.076   512  2967 D msm8974_platform: platform_send_audio_calibration: sending audio calibration for snd_device(2) acdb_id(15)
08-03 19:57:05.077   512  2967 I soundtrigger: audio_extn_sound_trigger_update_device_status: device 0x2 of type 0 for Event 1
08-03 19:57:05.085 12920 12934 I art     : Starting a blocking GC Explicit
08-03 19:57:05.090   512  2967 D audio_hw_primary: enable_snd_device: snd_device(2: speaker)
08-03 19:57:05.092   512  2967 D audio_hw_primary: enable_audio_route: apply and update mixer path: low-latency-playback speaker
08-03 19:57:05.117 12920 12934 I art     : Explicit concurrent mark sweep GC freed 39(1504B) AllocSpace objects, 0(0B) LOS objects, 38% free, 25MB/41MB, paused 500us total 31.486ms
08-03 19:57:05.124 13866 13866 I GoogleInputMethodServic: GoogleInputMethodService.onFinishInput():3138 
08-03 19:57:05.126 13866 13866 I GoogleInputMethodServic: GoogleInputMethodService.onStartInput():1808 
08-03 19:57:05.131 12920 12934 I art     : Starting a blocking GC Explicit
08-03 19:57:05.163 12920 12934 I art     : Explicit concurrent mark sweep GC freed 380(19KB) AllocSpace objects, 0(0B) LOS objects, 38% free, 25MB/41MB, paused 370us total 31.726ms
08-03 19:57:05.176 12920 12934 I art     : Starting a blocking GC Explicit
08-03 19:57:05.207 12920 12934 I art     : Explicit concurrent mark sweep GC freed 9(448B) AllocSpace objects, 0(0B) LOS objects, 38% free, 25MB/41MB, paused 462us total 31.465ms
08-03 19:57:05.220 12920 12934 I art     : Starting a blocking GC Explicit
08-03 19:57:05.253 12920 12934 I art     : Explicit concurrent mark sweep GC freed 3(96B) AllocSpace objects, 0(0B) LOS objects, 38% free, 25MB/41MB, paused 407us total 32.077ms
08-03 19:57:05.549 12920 12934 I art     : Starting a blocking GC Explicit
08-03 19:57:05.586 12920 12934 I art     : Explicit concurrent mark sweep GC freed 1293(75KB) AllocSpace objects, 1(20KB) LOS objects, 38% free, 25MB/41MB, paused 418us total 36.278ms
08-03 19:57:05.600 12920 12934 I art     : Starting a blocking GC Explicit
08-03 19:57:05.628   512  2967 D audio_hw_primary: disable_audio_route: reset and update mixer path: low-latency-playback speaker
08-03 19:57:05.629   512  2967 D audio_hw_primary: disable_snd_device: snd_device(2: speaker)
08-03 19:57:05.635 12920 12934 I art     : Explicit concurrent mark sweep GC freed 28(944B) AllocSpace objects, 0(0B) LOS objects, 38% free, 25MB/41MB, paused 385us total 34.196ms
08-03 19:57:05.638   512  2967 I soundtrigger: audio_extn_sound_trigger_update_device_status: device 0x2 of type 0 for Event 0
08-03 19:57:05.649 12920 12934 I art     : Starting a blocking GC Explicit
08-03 19:57:05.682 12920 12934 I art     : Explicit concurrent mark sweep GC freed 3(96B) AllocSpace objects, 0(0B) LOS objects, 38% free, 25MB/41MB, paused 403us total 33.518ms
08-03 19:57:05.697 12920 12934 I art     : Starting a blocking GC Explicit
08-03 19:57:05.731 12920 12934 I art     : Explicit concurrent mark sweep GC freed 3(96B) AllocSpace objects, 0(0B) LOS objects, 38% free, 25MB/41MB, paused 378us total 33.996ms
08-03 19:57:05.745 12920 12934 I art     : Starting a blocking GC Explicit
08-03 19:57:05.774 12920 12920 D SessionListsFragment: Fired refresh session list handler
08-03 19:57:05.780 12920 12934 I art     : Explicit concurrent mark sweep GC freed 5(160B) AllocSpace objects, 0(0B) LOS objects, 38% free, 25MB/41MB, paused 390us total 34.582ms
08-03 19:57:06.083 12920 12941 I art     : Starting a blocking GC Explicit
08-03 19:57:06.143 12920 12941 I art     : Explicit concurrent mark sweep GC freed 93791(3MB) AllocSpace objects, 1(20KB) LOS objects, 38% free, 25MB/41MB, paused 460us total 59.699ms
08-03 19:57:06.159 12920 12941 I art     : Starting a blocking GC Explicit
08-03 19:57:06.195 12920 12941 I art     : Explicit concurrent mark sweep GC freed 12745(641KB) AllocSpace objects, 0(0B) LOS objects, 38% free, 25MB/41MB, paused 413us total 35.836ms
08-03 19:57:06.195 12920 12930 I art     : WaitForGcToComplete blocked for 10.002ms for cause HeapTrim
08-03 19:57:06.210 12920 12941 I art     : Starting a blocking GC Explicit
08-03 19:57:06.244 12920 12941 I art     : Explicit concurrent mark sweep GC freed 3(96B) AllocSpace objects, 0(0B) LOS objects, 38% free, 25MB/41MB, paused 403us total 33.714ms
08-03 19:57:06.258 12920 12941 I art     : Starting a blocking GC Explicit
08-03 19:57:06.293 12920 12941 I art     : Explicit concurrent mark sweep GC freed 3(96B) AllocSpace objects, 0(0B) LOS objects, 38% free, 25MB/41MB, paused 401us total 34.877ms
08-03 19:57:06.307 12920 12941 I art     : Starting a blocking GC Explicit
08-03 19:57:06.342 12920 12941 I art     : Explicit concurrent mark sweep GC freed 3(96B) AllocSpace objects, 0(0B) LOS objects, 38% free, 25MB/41MB, paused 419us total 34.394ms
08-03 19:57:06.655 12920 13139 I art     : Starting a blocking GC Explicit
08-03 19:57:06.698 12920 13139 I art     : Explicit concurrent mark sweep GC freed 1291(75KB) AllocSpace objects, 1(20KB) LOS objects, 38% free, 25MB/41MB, paused 478us total 41.838ms
08-03 19:57:06.714 12920 13139 I art     : Starting a blocking GC Explicit
08-03 19:57:06.747 12920 13139 I art     : Explicit concurrent mark sweep GC freed 23(784B) AllocSpace objects, 0(0B) LOS objects, 38% free, 25MB/41MB, paused 478us total 32.897ms
08-03 19:57:06.762 12920 13139 I art     : Starting a blocking GC Explicit
08-03 19:57:06.798 12920 13139 I art     : Explicit concurrent mark sweep GC freed 9(288B) AllocSpace objects, 0(0B) LOS objects, 38% free, 25MB/41MB, paused 425us total 35.639ms
08-03 19:57:06.812 12920 13139 I art     : Starting a blocking GC Explicit
08-03 19:57:06.842 13619 13619 D AndroidRuntime: >>>>>> START com.android.internal.os.RuntimeInit uid 2000 <<<<<<
08-03 19:57:06.848 13619 13619 D AndroidRuntime: CheckJNI is OFF
08-03 19:57:06.848 12920 13139 I art     : Explicit concurrent mark sweep GC freed 20(1136B) AllocSpace objects, 0(0B) LOS objects, 38% free, 25MB/41MB, paused 438us total 35.656ms
08-03 19:57:06.863 12920 13139 I art     : Starting a blocking GC Explicit
08-03 19:57:06.891 13619 13619 D ICU     : No timezone override file found: /data/misc/zoneinfo/current/icu/icu_tzdata.dat
08-03 19:57:06.896 12920 13139 I art     : Explicit concurrent mark sweep GC freed 17(448B) AllocSpace objects, 0(0B) LOS objects, 38% free, 25MB/41MB, paused 380us total 32.630ms
08-03 19:57:06.936 13619 13619 I Radio-JNI: register_android_hardware_Radio DONE
08-03 19:57:06.964 13619 13619 D AndroidRuntime: Calling main entry com.android.commands.input.Input
08-03 19:57:06.966 13619 13619 I Input   : injectMotionEvent: MotionEvent { action=ACTION_DOWN, actionButton=0, id[0]=0, x[0]=436.0, y[0]=1770.0, toolType[0]=TOOL_TYPE_UNKNOWN, buttonState=0, metaState=0, flags=0x0, edgeFlags=0x0, pointerCount=1, historySize=0, eventTime=647843379, downTime=647843379, deviceId=0, source=0x1002 }
08-03 19:57:06.971 13619 13619 I Input   : injectMotionEvent: MotionEvent { action=ACTION_UP, actionButton=0, id[0]=0, x[0]=436.0, y[0]=1770.0, toolType[0]=TOOL_TYPE_UNKNOWN, buttonState=0, metaState=0, flags=0x0, edgeFlags=0x0, pointerCount=1, historySize=0, eventTime=647843379, downTime=647843379, deviceId=0, source=0x1002 }
08-03 19:57:06.973 13619 13619 D AndroidRuntime: Shutting down VM
08-03 19:57:06.976 12920 12920 D MainActivity: NavigationItemSelected: Courses
08-03 19:57:06.977   918  3961 I ActivityManager: START u0 {cmp=baseline.com.ak.uobtimetable/.CourseListActivity} from uid 10641 on display 0
08-03 19:57:06.978   512  2967 D audio_hw_primary: out_set_parameters: enter: usecase(1: low-latency-playback) kvpairs: routing=2
08-03 19:57:06.985 12920 12920 D MainActivity: OnPause
08-03 19:57:06.992   512  2967 D audio_hw_primary: select_devices: out_snd_device(2: speaker) in_snd_device(0: none)
08-03 19:57:06.992   512  2967 D msm8974_platform: platform_send_audio_calibration: sending audio calibration for snd_device(2) acdb_id(15)
08-03 19:57:06.992   512  2967 I soundtrigger: audio_extn_sound_trigger_update_device_status: device 0x2 of type 0 for Event 1
08-03 19:57:07.002   512  2967 D audio_hw_primary: enable_snd_device: snd_device(2: speaker)
08-03 19:57:07.004   512  2967 D audio_hw_primary: enable_audio_route: apply and update mixer path: low-latency-playback speaker
08-03 19:57:07.031 12920 12920 D CourseListActivity: onCreate
08-03 19:57:07.033 12920 13644 D HTTP    : Request for: https://uob-timetable-api.adriankeenan.co.uk/courses
08-03 19:57:07.103 13866 13866 I GoogleInputMethodServic: GoogleInputMethodService.onFinishInput():3138 
08-03 19:57:07.103   918   936 I ActivityManager: Displayed baseline.com.ak.uobtimetable/.CourseListActivity: +117ms
08-03 19:57:07.104 13866 13866 I GoogleInputMethodServic: GoogleInputMethodService.onStartInput():1808 
08-03 19:57:07.193 12920 12934 I art     : Starting a blocking GC Explicit
08-03 19:57:07.234 12920 12934 I art     : Explicit concurrent mark sweep GC freed 5140(299KB) AllocSpace objects, 3(140KB) LOS objects, 38% free, 25MB/41MB, paused 1.072ms total 40.811ms
08-03 19:57:07.251 12920 12934 I art     : Starting a blocking GC Explicit
08-03 19:57:07.284 12920 13644 I NAPPA_EXPERIMENTATION: MetricNetworkRequestExecutionTime: REQUEST_DURATION_SYSTEM='250',REQUEST_DURATION_OKHTTP='36',REQUEST_SYNCHRONOUS='TRUE',RESPONSE_CODE='200',RESPONSE_METHOD='GET',RESPONSE_LENGTH_OKHTTP='-1',RESPONSE_LENGTH_HEADER='-2',REQUEST_PROTOCOL='http/1.1',REQUEST_URL='https://uob-timetable-api.adriankeenan.co.uk/courses',
08-03 19:57:07.292 12920 12934 I art     : Explicit concurrent mark sweep GC freed 2935(215KB) AllocSpace objects, 1(80KB) LOS objects, 38% free, 25MB/41MB, paused 541us total 40.257ms
08-03 19:57:07.312 12920 12934 I art     : Starting a blocking GC Explicit
08-03 19:57:07.350 12920 12934 I art     : Explicit concurrent mark sweep GC freed 62(2224B) AllocSpace objects, 0(0B) LOS objects, 35% free, 28MB/44MB, paused 473us total 38.056ms
08-03 19:57:07.365 12920 12934 I art     : Starting a blocking GC Explicit
08-03 19:57:07.399 12920 12934 I art     : Explicit concurrent mark sweep GC freed 55(2208B) AllocSpace objects, 0(0B) LOS objects, 32% free, 32MB/48MB, paused 472us total 33.317ms
08-03 19:57:07.413 12920 12934 I art     : Starting a blocking GC Explicit
08-03 19:57:07.446 12920 12934 I art     : Explicit concurrent mark sweep GC freed 17(432B) AllocSpace objects, 0(0B) LOS objects, 30% free, 35MB/51MB, paused 466us total 32.161ms
08-03 19:57:07.477 12920 12920 D MainActivity: Saving state
08-03 19:57:07.478 12920 12920 D MainActivity: Saving current fragment: SessionListsFragment
08-03 19:57:07.478 12920 12920 D MainActivity: Saving current index: 1
08-03 19:57:07.479 12920 12920 D SessionListsFragment: Saving state
08-03 19:57:07.539   512  2967 D audio_hw_primary: disable_audio_route: reset and update mixer path: low-latency-playback speaker
08-03 19:57:07.540   512  2967 D audio_hw_primary: disable_snd_device: snd_device(2: speaker)
08-03 19:57:07.548   512  2967 I soundtrigger: audio_extn_sound_trigger_update_device_status: device 0x2 of type 0 for Event 0
08-03 19:57:07.667 12920 13644 I HTTP    : Response was compressed.
08-03 19:57:07.755 12920 13139 I art     : Waiting for a blocking GC Explicit
08-03 19:57:07.776 12920 13139 I art     : WaitForGcToComplete blocked for 20.646ms for cause Explicit
08-03 19:57:07.776 12920 13139 I art     : Starting a blocking GC Explicit
08-03 19:57:07.818 12920 13139 I art     : Explicit concurrent mark sweep GC freed 26307(1257KB) AllocSpace objects, 0(0B) LOS objects, 27% free, 41MB/57MB, paused 807us total 42.173ms
08-03 19:57:07.832 12920 13139 I art     : Starting a blocking GC Explicit
08-03 19:57:07.873 12920 13139 I art     : Explicit concurrent mark sweep GC freed 29883(1407KB) AllocSpace objects, 0(0B) LOS objects, 27% free, 41MB/57MB, paused 804us total 40.696ms
08-03 19:57:07.888 12920 13139 I art     : Starting a blocking GC Explicit
08-03 19:57:07.929 12920 13139 I art     : Explicit concurrent mark sweep GC freed 30742(1439KB) AllocSpace objects, 0(0B) LOS objects, 27% free, 41MB/57MB, paused 778us total 41.453ms
08-03 19:57:07.943 12920 13139 I art     : Starting a blocking GC Explicit
08-03 19:57:07.986 12920 13139 I art     : Explicit concurrent mark sweep GC freed 30800(1452KB) AllocSpace objects, 0(0B) LOS objects, 27% free, 42MB/58MB, paused 883us total 42.719ms
08-03 19:57:08.001 12920 13139 I art     : Starting a blocking GC Explicit
08-03 19:57:08.044 12920 13139 I art     : Explicit concurrent mark sweep GC freed 31299(1467KB) AllocSpace objects, 0(0B) LOS objects, 27% free, 42MB/58MB, paused 855us total 42.738ms
08-03 19:57:08.350 12920 12933 I art     : Starting a blocking GC Explicit
08-03 19:57:08.415 12920 12933 I art     : Explicit concurrent mark sweep GC freed 191751(8MB) AllocSpace objects, 1(20KB) LOS objects, 26% free, 44MB/60MB, paused 784us total 64.334ms
08-03 19:57:08.434 12920 12933 I art     : Starting a blocking GC Explicit
08-03 19:57:08.482 12920 12933 I art     : Explicit concurrent mark sweep GC freed 42276(1983KB) AllocSpace objects, 0(0B) LOS objects, 26% free, 44MB/60MB, paused 876us total 47.749ms
08-03 19:57:08.498 12920 12933 I art     : Starting a blocking GC Explicit
08-03 19:57:08.544 12920 12933 I art     : Explicit concurrent mark sweep GC freed 34403(1635KB) AllocSpace objects, 0(0B) LOS objects, 26% free, 44MB/60MB, paused 938us total 46.490ms
08-03 19:57:08.560 12920 12933 I art     : Starting a blocking GC Explicit
08-03 19:57:08.608 12920 12933 I art     : Explicit concurrent mark sweep GC freed 35031(1641KB) AllocSpace objects, 0(0B) LOS objects, 26% free, 44MB/60MB, paused 929us total 47.581ms
08-03 19:57:08.624 12920 12933 I art     : Starting a blocking GC Explicit
08-03 19:57:08.672 12920 12933 I art     : Explicit concurrent mark sweep GC freed 35659(1665KB) AllocSpace objects, 0(0B) LOS objects, 26% free, 44MB/60MB, paused 1.008ms total 48ms
08-03 19:57:08.976 12920 12934 I art     : Starting a blocking GC Explicit
08-03 19:57:09.052 12920 12934 I art     : Explicit concurrent mark sweep GC freed 195841(9MB) AllocSpace objects, 1(20KB) LOS objects, 25% free, 46MB/62MB, paused 964us total 75.368ms
08-03 19:57:09.070 12920 12934 I art     : Starting a blocking GC Explicit
08-03 19:57:09.127 12920 12934 I art     : Explicit concurrent mark sweep GC freed 48321(2MB) AllocSpace objects, 0(0B) LOS objects, 25% free, 46MB/62MB, paused 1.097ms total 56.049ms
08-03 19:57:09.145 12920 12934 I art     : Starting a blocking GC Explicit
08-03 19:57:09.204 12920 12934 I art     : Explicit concurrent mark sweep GC freed 41447(1953KB) AllocSpace objects, 0(0B) LOS objects, 25% free, 46MB/62MB, paused 1.264ms total 58.587ms
08-03 19:57:09.224 12920 12934 I art     : Starting a blocking GC Explicit
08-03 19:57:09.281 12920 12934 I art     : Explicit concurrent mark sweep GC freed 40912(1926KB) AllocSpace objects, 0(0B) LOS objects, 25% free, 47MB/63MB, paused 1.164ms total 57.062ms
08-03 19:57:09.300 12920 12934 I art     : Starting a blocking GC Explicit
08-03 19:57:09.358 12920 12934 I art     : Explicit concurrent mark sweep GC freed 40592(1911KB) AllocSpace objects, 0(0B) LOS objects, 25% free, 47MB/63MB, paused 1.158ms total 57.872ms
08-03 19:57:09.670 12920 12933 I art     : Starting a blocking GC Explicit
08-03 19:57:09.750 12920 12933 I art     : Explicit concurrent mark sweep GC freed 201377(9MB) AllocSpace objects, 1(20KB) LOS objects, 24% free, 49MB/65MB, paused 1.141ms total 80.220ms
08-03 19:57:09.771 12920 12933 I art     : Starting a blocking GC Explicit
08-03 19:57:09.835 12920 12933 I art     : Explicit concurrent mark sweep GC freed 53401(2MB) AllocSpace objects, 0(0B) LOS objects, 24% free, 49MB/65MB, paused 1.310ms total 64.207ms
08-03 19:57:09.855 12920 12933 I art     : Starting a blocking GC Explicit
08-03 19:57:09.924 12920 12933 I art     : Explicit concurrent mark sweep GC freed 47075(2MB) AllocSpace objects, 0(0B) LOS objects, 24% free, 49MB/65MB, paused 1.324ms total 68.153ms
08-03 19:57:09.945 12920 12933 I art     : Starting a blocking GC Explicit
08-03 19:57:10.011 12920 12933 I art     : Explicit concurrent mark sweep GC freed 46636(2MB) AllocSpace objects, 0(0B) LOS objects, 24% free, 50MB/66MB, paused 1.409ms total 66.721ms
08-03 19:57:10.032 12920 12933 I art     : Starting a blocking GC Explicit
08-03 19:57:10.100 12920 12933 I art     : Explicit concurrent mark sweep GC freed 47200(2MB) AllocSpace objects, 0(0B) LOS objects, 24% free, 50MB/66MB, paused 1.425ms total 67.187ms
08-03 19:57:10.125 13866 13882 I PeriodicStatsRunner: PeriodicStatsRunner.call():175 call()
08-03 19:57:10.125 13866 13882 I PeriodicStatsRunner: PeriodicStatsRunner.call():179 No submit PeriodicStats since input started.
08-03 19:57:10.411 12920 12941 I art     : Starting a blocking GC Explicit
08-03 19:57:10.444 12920 13644 I Service : getCourses response time: 0.69
08-03 19:57:10.448 12920 12920 I SettingsManager: Getting string: savedCourse
08-03 19:57:10.499 12920 12941 I art     : Explicit concurrent mark sweep GC freed 193149(8MB) AllocSpace objects, 1(20KB) LOS objects, 23% free, 51MB/67MB, paused 828us total 87.890ms
08-03 19:57:10.521 12920 12941 I art     : Starting a blocking GC Explicit
08-03 19:57:10.592 12920 12941 I art     : Explicit concurrent mark sweep GC freed 907(36KB) AllocSpace objects, 1(14MB) LOS objects, 30% free, 36MB/52MB, paused 567us total 70.891ms
08-03 19:57:10.615 12920 12941 I art     : Starting a blocking GC Explicit
08-03 19:57:10.687 12920 12941 I art     : Explicit concurrent mark sweep GC freed 298(15KB) AllocSpace objects, 0(0B) LOS objects, 30% free, 36MB/52MB, paused 488us total 72.233ms
08-03 19:57:10.711 12920 12941 I art     : Starting a blocking GC Explicit
08-03 19:57:10.788 12920 12941 I art     : Explicit concurrent mark sweep GC freed 546(52KB) AllocSpace objects, 0(0B) LOS objects, 30% free, 36MB/52MB, paused 522us total 76.390ms
08-03 19:57:10.812 12920 12941 I art     : Starting a blocking GC Explicit
08-03 19:57:10.891 12920 12941 I art     : Explicit concurrent mark sweep GC freed 3(96B) AllocSpace objects, 0(0B) LOS objects, 30% free, 36MB/52MB, paused 498us total 78.229ms
08-03 19:57:11.250 12920 12933 I art     : Starting a blocking GC Explicit
08-03 19:57:11.344 12920 12933 I art     : Explicit concurrent mark sweep GC freed 1290(75KB) AllocSpace objects, 1(20KB) LOS objects, 30% free, 36MB/52MB, paused 480us total 93.747ms
08-03 19:57:11.368 12920 12933 I art     : Starting a blocking GC Explicit
08-03 19:57:11.447 12920 12933 I art     : Explicit concurrent mark sweep GC freed 18(624B) AllocSpace objects, 0(0B) LOS objects, 30% free, 36MB/52MB, paused 460us total 78.049ms
08-03 19:57:11.472 12920 12933 I art     : Starting a blocking GC Explicit
08-03 19:57:11.548 12920 12933 I art     : Explicit concurrent mark sweep GC freed 3(96B) AllocSpace objects, 0(0B) LOS objects, 30% free, 36MB/52MB, paused 487us total 76.524ms
08-03 19:57:11.573 12920 12933 I art     : Starting a blocking GC Explicit
08-03 19:57:11.651 12920 12933 I art     : Explicit concurrent mark sweep GC freed 3(96B) AllocSpace objects, 0(0B) LOS objects, 30% free, 36MB/52MB, paused 440us total 77.590ms
08-03 19:57:11.676 12920 12933 I art     : Starting a blocking GC Explicit
08-03 19:57:11.754 12920 12933 I art     : Explicit concurrent mark sweep GC freed 3(96B) AllocSpace objects, 0(0B) LOS objects, 30% free, 36MB/52MB, paused 431us total 77.334ms
08-03 19:57:12.076 12920 12941 I art     : Starting a blocking GC Explicit
08-03 19:57:12.106 13866 13882 I PeriodicStatsRunner: PeriodicStatsRunner.call():175 call()
08-03 19:57:12.107 13866 13882 I PeriodicStatsRunner: PeriodicStatsRunner.call():179 No submit PeriodicStats since input started.
08-03 19:57:12.149 12920 12941 I art     : Explicit concurrent mark sweep GC freed 1335(77KB) AllocSpace objects, 1(20KB) LOS objects, 30% free, 36MB/52MB, paused 464us total 72.147ms
08-03 19:57:12.170 12920 12941 I art     : Starting a blocking GC Explicit
08-03 19:57:12.239 12920 12941 I art     : Explicit concurrent mark sweep GC freed 24(848B) AllocSpace objects, 0(0B) LOS objects, 30% free, 36MB/52MB, paused 441us total 68.489ms
08-03 19:57:12.263 12920 12941 I art     : Starting a blocking GC Explicit
08-03 19:57:12.341 12920 12941 I art     : Explicit concurrent mark sweep GC freed 3(96B) AllocSpace objects, 0(0B) LOS objects, 30% free, 36MB/52MB, paused 500us total 77.555ms
08-03 19:57:12.365 12920 12941 I art     : Starting a blocking GC Explicit
08-03 19:57:12.444 12920 12941 I art     : Explicit concurrent mark sweep GC freed 3(96B) AllocSpace objects, 0(0B) LOS objects, 30% free, 36MB/52MB, paused 483us total 78.147ms
08-03 19:57:12.449  8512  8512 I ServiceManager: Waiting for service AtCmdFwd...
08-03 19:57:12.469 12920 12941 I art     : Starting a blocking GC Explicit
08-03 19:57:12.544 12920 12941 I art     : Explicit concurrent mark sweep GC freed 3(96B) AllocSpace objects, 0(0B) LOS objects, 30% free, 36MB/52MB, paused 465us total 74.885ms
08-03 19:57:12.913 12920 12934 I art     : Starting a blocking GC Explicit
08-03 19:57:13.013 12920 12934 I art     : Explicit concurrent mark sweep GC freed 1291(75KB) AllocSpace objects, 1(20KB) LOS objects, 30% free, 36MB/52MB, paused 489us total 99.966ms
08-03 19:57:13.039 12920 12934 I art     : Starting a blocking GC Explicit
08-03 19:57:13.113 12920 12934 I art     : Explicit concurrent mark sweep GC freed 18(624B) AllocSpace objects, 0(0B) LOS objects, 30% free, 36MB/52MB, paused 477us total 74.640ms
08-03 19:57:13.138 12920 12934 I art     : Starting a blocking GC Explicit
08-03 19:57:13.215 12920 12934 I art     : Explicit concurrent mark sweep GC freed 3(96B) AllocSpace objects, 0(0B) LOS objects, 30% free, 36MB/52MB, paused 447us total 76.655ms
08-03 19:57:13.240 12920 12934 I art     : Starting a blocking GC Explicit
08-03 19:57:13.305 12920 12934 I art     : Explicit concurrent mark sweep GC freed 3(96B) AllocSpace objects, 0(0B) LOS objects, 30% free, 36MB/52MB, paused 427us total 64.970ms
08-03 19:57:13.328 12920 12934 I art     : Starting a blocking GC Explicit
08-03 19:57:13.395 12920 12934 I art     : Explicit concurrent mark sweep GC freed 3(96B) AllocSpace objects, 0(0B) LOS objects, 30% free, 36MB/52MB, paused 469us total 66.089ms
08-03 19:57:13.449  8512  8512 I ServiceManager: Waiting for service AtCmdFwd...
08-03 19:57:13.716 12920 13139 I art     : Starting a blocking GC Explicit
08-03 19:57:13.788 13734 13734 D AndroidRuntime: >>>>>> START com.android.internal.os.RuntimeInit uid 2000 <<<<<<
08-03 19:57:13.794 13734 13734 D AndroidRuntime: CheckJNI is OFF
08-03 19:57:13.798 12920 13139 I art     : Explicit concurrent mark sweep GC freed 1290(75KB) AllocSpace objects, 1(20KB) LOS objects, 30% free, 36MB/52MB, paused 598us total 81.979ms
08-03 19:57:13.821 12920 13139 I art     : Starting a blocking GC Explicit
08-03 19:57:13.839 13734 13734 D ICU     : No timezone override file found: /data/misc/zoneinfo/current/icu/icu_tzdata.dat
08-03 19:57:13.883 13734 13734 I Radio-JNI: register_android_hardware_Radio DONE
08-03 19:57:13.888 12920 13139 I art     : Explicit concurrent mark sweep GC freed 18(624B) AllocSpace objects, 0(0B) LOS objects, 30% free, 36MB/52MB, paused 495us total 66.312ms
08-03 19:57:13.912 12920 13139 I art     : Starting a blocking GC Explicit
08-03 19:57:13.913 13734 13734 D AndroidRuntime: Calling main entry com.android.commands.input.Input
08-03 19:57:13.915 13734 13734 I Input   : injectMotionEvent: MotionEvent { action=ACTION_DOWN, actionButton=0, id[0]=0, x[0]=558.0, y[0]=368.0, toolType[0]=TOOL_TYPE_UNKNOWN, buttonState=0, metaState=0, flags=0x0, edgeFlags=0x0, pointerCount=1, historySize=0, eventTime=647850327, downTime=647850327, deviceId=0, source=0x1002 }
08-03 19:57:13.920 13734 13734 I Input   : injectMotionEvent: MotionEvent { action=ACTION_UP, actionButton=0, id[0]=0, x[0]=558.0, y[0]=368.0, toolType[0]=TOOL_TYPE_UNKNOWN, buttonState=0, metaState=0, flags=0x0, edgeFlags=0x0, pointerCount=1, historySize=0, eventTime=647850327, downTime=647850327, deviceId=0, source=0x1002 }
08-03 19:57:13.921 13734 13734 D AndroidRuntime: Shutting down VM
08-03 19:57:13.974 12920 13139 I art     : Explicit concurrent mark sweep GC freed 171(31KB) AllocSpace objects, 0(0B) LOS objects, 30% free, 36MB/52MB, paused 469us total 62.428ms
08-03 19:57:13.996 12920 13139 I art     : Starting a blocking GC Explicit
08-03 19:57:14.065 12920 13139 I art     : Explicit concurrent mark sweep GC freed 661(59KB) AllocSpace objects, 0(0B) LOS objects, 30% free, 36MB/52MB, paused 570us total 68.914ms
08-03 19:57:14.087 12920 13139 I art     : Starting a blocking GC Explicit
08-03 19:57:14.151 12920 13139 I art     : Explicit concurrent mark sweep GC freed 131(7KB) AllocSpace objects, 0(0B) LOS objects, 30% free, 36MB/52MB, paused 572us total 63.598ms
08-03 19:57:14.450  8512  8512 I ServiceManager: Waiting for service AtCmdFwd...
08-03 19:57:14.452 12920 12934 I art     : Starting a blocking GC Explicit
08-03 19:57:14.529 12920 12934 I art     : Explicit concurrent mark sweep GC freed 1658(91KB) AllocSpace objects, 1(20KB) LOS objects, 30% free, 36MB/52MB, paused 460us total 76.124ms
08-03 19:57:14.553 12920 12934 I art     : Starting a blocking GC Explicit
08-03 19:57:14.617 12920 12934 I art     : Explicit concurrent mark sweep GC freed 35(1248B) AllocSpace objects, 0(0B) LOS objects, 30% free, 36MB/52MB, paused 443us total 62.842ms
08-03 19:57:14.641 12920 12934 I art     : Starting a blocking GC Explicit
08-03 19:57:14.705 12920 12934 I art     : Explicit concurrent mark sweep GC freed 9(352B) AllocSpace objects, 0(0B) LOS objects, 30% free, 36MB/52MB, paused 462us total 64.361ms
08-03 19:57:14.729 12920 12934 I art     : Starting a blocking GC Explicit
08-03 19:57:14.800 12920 12934 I art     : Explicit concurrent mark sweep GC freed 3(96B) AllocSpace objects, 0(0B) LOS objects, 30% free, 36MB/52MB, paused 456us total 70.532ms
08-03 19:57:14.824 12920 12934 I art     : Starting a blocking GC Explicit
08-03 19:57:14.896 12920 12934 I art     : Explicit concurrent mark sweep GC freed 3(96B) AllocSpace objects, 0(0B) LOS objects, 30% free, 36MB/52MB, paused 452us total 72.285ms
08-03 19:57:15.235 12920 12933 I art     : Starting a blocking GC Explicit
08-03 19:57:15.306 12920 12933 I art     : Explicit concurrent mark sweep GC freed 1290(75KB) AllocSpace objects, 1(20KB) LOS objects, 30% free, 36MB/52MB, paused 462us total 71.632ms
08-03 19:57:15.331 12920 12933 I art     : Starting a blocking GC Explicit
08-03 19:57:15.396 12920 12933 I art     : Explicit concurrent mark sweep GC freed 18(624B) AllocSpace objects, 0(0B) LOS objects, 30% free, 36MB/52MB, paused 461us total 64.707ms
08-03 19:57:15.420 12920 12933 I art     : Starting a blocking GC Explicit
08-03 19:57:15.450  8512  8512 I ServiceManager: Waiting for service AtCmdFwd...
08-03 19:57:15.487 12920 12933 I art     : Explicit concurrent mark sweep GC freed 3(96B) AllocSpace objects, 0(0B) LOS objects, 30% free, 36MB/52MB, paused 526us total 67.438ms
08-03 19:57:15.511 12920 12933 I art     : Starting a blocking GC Explicit
08-03 19:57:15.584 12920 12933 I art     : Explicit concurrent mark sweep GC freed 3(96B) AllocSpace objects, 0(0B) LOS objects, 30% free, 36MB/52MB, paused 472us total 72.809ms
08-03 19:57:15.608 12920 12933 I art     : Starting a blocking GC Explicit
08-03 19:57:15.682 12920 12933 I art     : Explicit concurrent mark sweep GC freed 10(320B) AllocSpace objects, 0(0B) LOS objects, 30% free, 36MB/52MB, paused 467us total 73.511ms
08-03 19:57:15.731 13778 13778 D AndroidRuntime: >>>>>> START com.android.internal.os.RuntimeInit uid 2000 <<<<<<
08-03 19:57:15.737 13778 13778 D AndroidRuntime: CheckJNI is OFF
08-03 19:57:15.776 13778 13778 D ICU     : No timezone override file found: /data/misc/zoneinfo/current/icu/icu_tzdata.dat
08-03 19:57:15.821 13778 13778 I Radio-JNI: register_android_hardware_Radio DONE
08-03 19:57:15.849 13778 13778 D AndroidRuntime: Calling main entry com.android.commands.input.Input
08-03 19:57:15.852 13778 13778 I Input   : injectMotionEvent: MotionEvent { action=ACTION_DOWN, actionButton=0, id[0]=0, x[0]=945.0, y[0]=1376.0, toolType[0]=TOOL_TYPE_UNKNOWN, buttonState=0, metaState=0, flags=0x0, edgeFlags=0x0, pointerCount=1, historySize=0, eventTime=647852264, downTime=647852264, deviceId=0, source=0x1002 }
08-03 19:57:15.858 13778 13778 I Input   : injectMotionEvent: MotionEvent { action=ACTION_UP, actionButton=0, id[0]=0, x[0]=945.0, y[0]=1376.0, toolType[0]=TOOL_TYPE_UNKNOWN, buttonState=0, metaState=0, flags=0x0, edgeFlags=0x0, pointerCount=1, historySize=0, eventTime=647852264, downTime=647852264, deviceId=0, source=0x1002 }
08-03 19:57:15.861 13778 13778 D AndroidRuntime: Shutting down VM
08-03 19:57:15.928   512  2967 D audio_hw_primary: out_set_parameters: enter: usecase(1: low-latency-playback) kvpairs: routing=2
08-03 19:57:15.938 13866 13866 I GoogleInputMethodServic: GoogleInputMethodService.onFinishInput():3138 
08-03 19:57:15.939 13866 13866 I GoogleInputMethodServic: GoogleInputMethodService.onStartInput():1808 
08-03 19:57:15.941   512  2967 D audio_hw_primary: select_devices: out_snd_device(2: speaker) in_snd_device(0: none)
08-03 19:57:15.941   512  2967 D msm8974_platform: platform_send_audio_calibration: sending audio calibration for snd_device(2) acdb_id(15)
08-03 19:57:15.941   512  2967 I soundtrigger: audio_extn_sound_trigger_update_device_status: device 0x2 of type 0 for Event 1
08-03 19:57:15.954   512  2967 D audio_hw_primary: enable_snd_device: snd_device(2: speaker)
08-03 19:57:15.955 13866 13866 I GoogleInputMethodServic: GoogleInputMethodService.onFinishInput():3138 
08-03 19:57:15.956 13866 13866 I GoogleInputMethodServic: GoogleInputMethodService.onStartInput():1808 
08-03 19:57:15.957   512  2967 D audio_hw_primary: enable_audio_route: apply and update mixer path: low-latency-playback speaker
08-03 19:57:16.016 12920 12934 I art     : Starting a blocking GC Explicit
08-03 19:57:16.090 12920 12934 I art     : Explicit concurrent mark sweep GC freed 2292(131KB) AllocSpace objects, 1(20KB) LOS objects, 30% free, 36MB/52MB, paused 587us total 74.088ms
08-03 19:57:16.112 12920 12934 I art     : Starting a blocking GC Explicit
08-03 19:57:16.178 12920 12934 I art     : Explicit concurrent mark sweep GC freed 701(63KB) AllocSpace objects, 0(0B) LOS objects, 30% free, 36MB/52MB, paused 452us total 65.207ms
08-03 19:57:16.201 12920 12934 I art     : Starting a blocking GC Explicit
08-03 19:57:16.267 12920 12934 I art     : Explicit concurrent mark sweep GC freed 6(176B) AllocSpace objects, 0(0B) LOS objects, 30% free, 36MB/52MB, paused 528us total 65.763ms
08-03 19:57:16.274 12920 12937 D OpenGLRenderer: endAllStagingAnimators on 0x7f9a1fec00 (ListPopupWindow$DropDownListView) with handle 0x7f78e611c0
08-03 19:57:16.289 12920 12934 I art     : Starting a blocking GC Explicit
08-03 19:57:16.351 12920 12934 I art     : Explicit concurrent mark sweep GC freed 120(5KB) AllocSpace objects, 0(0B) LOS objects, 30% free, 36MB/52MB, paused 453us total 61.584ms
08-03 19:57:16.351 12920 12930 I art     : WaitForGcToComplete blocked for 6.730ms for cause HeapTrim
08-03 19:57:16.372 12920 12934 I art     : Starting a blocking GC Explicit
08-03 19:57:16.440 12920 12934 I art     : Explicit concurrent mark sweep GC freed 555(38KB) AllocSpace objects, 0(0B) LOS objects, 30% free, 36MB/52MB, paused 468us total 67.956ms
08-03 19:57:16.451  8512  8512 I ServiceManager: Waiting for service AtCmdFwd...
08-03 19:57:16.499   512  2967 D audio_hw_primary: disable_audio_route: reset and update mixer path: low-latency-playback speaker
08-03 19:57:16.500   512  2967 D audio_hw_primary: disable_snd_device: snd_device(2: speaker)
08-03 19:57:16.509   512  2967 I soundtrigger: audio_extn_sound_trigger_update_device_status: device 0x2 of type 0 for Event 0
08-03 19:57:16.775 12920 12941 I art     : Starting a blocking GC Explicit
08-03 19:57:16.858 12920 12941 I art     : Explicit concurrent mark sweep GC freed 1334(77KB) AllocSpace objects, 1(20KB) LOS objects, 30% free, 36MB/52MB, paused 461us total 83.109ms
08-03 19:57:16.882 12920 12941 I art     : Starting a blocking GC Explicit
08-03 19:57:16.940 12920 12941 I art     : Explicit concurrent mark sweep GC freed 18(624B) AllocSpace objects, 0(0B) LOS objects, 30% free, 36MB/52MB, paused 409us total 57.986ms
08-03 19:57:16.960 12920 12941 I art     : Starting a blocking GC Explicit
08-03 19:57:17.021 12920 12941 I art     : Explicit concurrent mark sweep GC freed 3(96B) AllocSpace objects, 0(0B) LOS objects, 30% free, 36MB/52MB, paused 416us total 60.048ms
08-03 19:57:17.043 12920 12941 I art     : Starting a blocking GC Explicit
08-03 19:57:17.112 12920 12941 I art     : Explicit concurrent mark sweep GC freed 3(96B) AllocSpace objects, 0(0B) LOS objects, 30% free, 36MB/52MB, paused 442us total 68.270ms
08-03 19:57:17.135 12920 12941 I art     : Starting a blocking GC Explicit
08-03 19:57:17.203 12920 12941 I art     : Explicit concurrent mark sweep GC freed 17(544B) AllocSpace objects, 0(0B) LOS objects, 30% free, 36MB/52MB, paused 459us total 67.446ms
08-03 19:57:17.451  8512  8512 W Atfwd_Sendcmd: AtCmdFwd service not published, waiting... retryCnt : 5
08-03 19:57:17.516 12920 12934 I art     : Starting a blocking GC Explicit
08-03 19:57:17.596 12920 12934 I art     : Explicit concurrent mark sweep GC freed 1290(75KB) AllocSpace objects, 1(20KB) LOS objects, 30% free, 36MB/52MB, paused 468us total 79.045ms
08-03 19:57:17.620 12920 12934 I art     : Starting a blocking GC Explicit
08-03 19:57:17.637 13813 13813 D AndroidRuntime: >>>>>> START com.android.internal.os.RuntimeInit uid 2000 <<<<<<
08-03 19:57:17.643 13813 13813 D AndroidRuntime: CheckJNI is OFF
08-03 19:57:17.688 13813 13813 D ICU     : No timezone override file found: /data/misc/zoneinfo/current/icu/icu_tzdata.dat
08-03 19:57:17.690 12920 12934 I art     : Explicit concurrent mark sweep GC freed 18(624B) AllocSpace objects, 0(0B) LOS objects, 30% free, 36MB/52MB, paused 520us total 69.367ms
08-03 19:57:17.713 12920 12934 I art     : Starting a blocking GC Explicit
08-03 19:57:17.735 13813 13813 I Radio-JNI: register_android_hardware_Radio DONE
08-03 19:57:17.765 13813 13813 D AndroidRuntime: Calling main entry com.android.commands.input.Input
08-03 19:57:17.768 13813 13813 I Input   : injectMotionEvent: MotionEvent { action=ACTION_DOWN, actionButton=0, id[0]=0, x[0]=481.0, y[0]=544.0, toolType[0]=TOOL_TYPE_UNKNOWN, buttonState=0, metaState=0, flags=0x0, edgeFlags=0x0, pointerCount=1, historySize=0, eventTime=647854180, downTime=647854180, deviceId=0, source=0x1002 }
08-03 19:57:17.774 13813 13813 I Input   : injectMotionEvent: MotionEvent { action=ACTION_UP, actionButton=0, id[0]=0, x[0]=481.0, y[0]=544.0, toolType[0]=TOOL_TYPE_UNKNOWN, buttonState=0, metaState=0, flags=0x0, edgeFlags=0x0, pointerCount=1, historySize=0, eventTime=647854180, downTime=647854180, deviceId=0, source=0x1002 }
08-03 19:57:17.775 13813 13813 D AndroidRuntime: Shutting down VM
08-03 19:57:17.783 12920 12934 I art     : Explicit concurrent mark sweep GC freed 22(688B) AllocSpace objects, 0(0B) LOS objects, 30% free, 36MB/52MB, paused 466us total 69.484ms
08-03 19:57:17.806 12920 12934 I art     : Starting a blocking GC Explicit
08-03 19:57:17.868 12920 12934 I art     : Explicit concurrent mark sweep GC freed 628(27KB) AllocSpace objects, 0(0B) LOS objects, 30% free, 36MB/52MB, paused 550us total 61.753ms
08-03 19:57:17.891 12920 12934 I art     : Starting a blocking GC Explicit
08-03 19:57:17.955 12920 12934 I art     : Explicit concurrent mark sweep GC freed 134(6KB) AllocSpace objects, 0(0B) LOS objects, 30% free, 36MB/52MB, paused 472us total 63.243ms
08-03 19:57:18.266 12920 13139 I art     : Starting a blocking GC Explicit
08-03 19:57:18.340 12920 13139 I art     : Explicit concurrent mark sweep GC freed 1659(91KB) AllocSpace objects, 1(20KB) LOS objects, 30% free, 36MB/52MB, paused 426us total 73.572ms
08-03 19:57:18.364 12920 13139 I art     : Starting a blocking GC Explicit
08-03 19:57:18.430 12920 13139 I art     : Explicit concurrent mark sweep GC freed 41(1440B) AllocSpace objects, 0(0B) LOS objects, 30% free, 36MB/52MB, paused 458us total 65.665ms
08-03 19:57:18.453 12920 13139 I art     : Starting a blocking GC Explicit
08-03 19:57:18.517 12920 13139 I art     : Explicit concurrent mark sweep GC freed 10(384B) AllocSpace objects, 0(0B) LOS objects, 30% free, 36MB/52MB, paused 446us total 63.314ms
08-03 19:57:18.540 12920 13139 I art     : Starting a blocking GC Explicit
08-03 19:57:18.610 12920 13139 I art     : Explicit concurrent mark sweep GC freed 3(96B) AllocSpace objects, 0(0B) LOS objects, 30% free, 36MB/52MB, paused 465us total 70.596ms
08-03 19:57:18.634 12920 13139 I art     : Starting a blocking GC Explicit
08-03 19:57:18.706 12920 13139 I art     : Explicit concurrent mark sweep GC freed 3(96B) AllocSpace objects, 0(0B) LOS objects, 30% free, 36MB/52MB, paused 463us total 71.502ms
08-03 19:57:19.036 12920 12933 I art     : Starting a blocking GC Explicit
08-03 19:57:19.108 12920 12933 I art     : Explicit concurrent mark sweep GC freed 1290(75KB) AllocSpace objects, 1(20KB) LOS objects, 30% free, 36MB/52MB, paused 492us total 72.414ms
08-03 19:57:19.132 12920 12933 I art     : Starting a blocking GC Explicit
08-03 19:57:19.200 12920 12933 I art     : Explicit concurrent mark sweep GC freed 18(624B) AllocSpace objects, 0(0B) LOS objects, 30% free, 36MB/52MB, paused 465us total 67.949ms
08-03 19:57:19.223 12920 12933 I art     : Starting a blocking GC Explicit
08-03 19:57:19.292 12920 12933 I art     : Explicit concurrent mark sweep GC freed 3(96B) AllocSpace objects, 0(0B) LOS objects, 30% free, 36MB/52MB, paused 456us total 68.525ms
08-03 19:57:19.315 12920 12933 I art     : Starting a blocking GC Explicit
08-03 19:57:19.382 12920 12933 I art     : Explicit concurrent mark sweep GC freed 3(96B) AllocSpace objects, 0(0B) LOS objects, 30% free, 36MB/52MB, paused 453us total 66.981ms
08-03 19:57:19.406 12920 12933 I art     : Starting a blocking GC Explicit
08-03 19:57:19.481 12920 12933 I art     : Explicit concurrent mark sweep GC freed 6(192B) AllocSpace objects, 0(0B) LOS objects, 30% free, 36MB/52MB, paused 575us total 74.997ms
08-03 19:57:19.563 13857 13857 D AndroidRuntime: >>>>>> START com.android.internal.os.RuntimeInit uid 2000 <<<<<<
08-03 19:57:19.569 13857 13857 D AndroidRuntime: CheckJNI is OFF
08-03 19:57:19.612 13857 13857 D ICU     : No timezone override file found: /data/misc/zoneinfo/current/icu/icu_tzdata.dat
08-03 19:57:19.658 13857 13857 I Radio-JNI: register_android_hardware_Radio DONE
08-03 19:57:19.687 13857 13857 D AndroidRuntime: Calling main entry com.android.commands.input.Input
08-03 19:57:19.689 13857 13857 I Input   : injectMotionEvent: MotionEvent { action=ACTION_DOWN, actionButton=0, id[0]=0, x[0]=310.0, y[0]=906.0, toolType[0]=TOOL_TYPE_UNKNOWN, buttonState=0, metaState=0, flags=0x0, edgeFlags=0x0, pointerCount=1, historySize=0, eventTime=647856101, downTime=647856101, deviceId=0, source=0x1002 }
08-03 19:57:19.697 13857 13857 I Input   : injectMotionEvent: MotionEvent { action=ACTION_UP, actionButton=0, id[0]=0, x[0]=310.0, y[0]=906.0, toolType[0]=TOOL_TYPE_UNKNOWN, buttonState=0, metaState=0, flags=0x0, edgeFlags=0x0, pointerCount=1, historySize=0, eventTime=647856101, downTime=647856101, deviceId=0, source=0x1002 }
08-03 19:57:19.699 13857 13857 D AndroidRuntime: Shutting down VM
08-03 19:57:19.765   512  2967 D audio_hw_primary: out_set_parameters: enter: usecase(1: low-latency-playback) kvpairs: routing=2
08-03 19:57:19.775 13866 13866 I GoogleInputMethodServic: GoogleInputMethodService.onFinishInput():3138 
08-03 19:57:19.776 13866 13866 I GoogleInputMethodServic: GoogleInputMethodService.onStartInput():1808 
08-03 19:57:19.778   512  2967 D audio_hw_primary: select_devices: out_snd_device(2: speaker) in_snd_device(0: none)
08-03 19:57:19.778   512  2967 D msm8974_platform: platform_send_audio_calibration: sending audio calibration for snd_device(2) acdb_id(15)
08-03 19:57:19.779   512  2967 I soundtrigger: audio_extn_sound_trigger_update_device_status: device 0x2 of type 0 for Event 1
08-03 19:57:19.791   512  2967 D audio_hw_primary: enable_snd_device: snd_device(2: speaker)
08-03 19:57:19.794   512  2967 D audio_hw_primary: enable_audio_route: apply and update mixer path: low-latency-playback speaker
08-03 19:57:19.799 13866 13866 I GoogleInputMethodServic: GoogleInputMethodService.onFinishInput():3138 
08-03 19:57:19.800 13866 13866 I GoogleInputMethodServic: GoogleInputMethodService.onStartInput():1808 
08-03 19:57:19.835 12920 13139 I art     : Starting a blocking GC Explicit
08-03 19:57:19.904 12920 13139 I art     : Explicit concurrent mark sweep GC freed 2183(118KB) AllocSpace objects, 1(20KB) LOS objects, 30% free, 36MB/52MB, paused 550us total 68.139ms
08-03 19:57:19.925 12920 13139 I art     : Starting a blocking GC Explicit
08-03 19:57:19.986 12920 13139 I art     : Explicit concurrent mark sweep GC freed 816(66KB) AllocSpace objects, 0(0B) LOS objects, 30% free, 36MB/52MB, paused 532us total 60.176ms
08-03 19:57:19.996   918   927 I art     : Background partial concurrent mark sweep GC freed 84764(8MB) AllocSpace objects, 145(2MB) LOS objects, 18% free, 68MB/84MB, paused 1.777ms total 229.436ms
08-03 19:57:20.009 12920 13139 I art     : Starting a blocking GC Explicit
08-03 19:57:20.068 12920 13139 I art     : Explicit concurrent mark sweep GC freed 5(160B) AllocSpace objects, 0(0B) LOS objects, 30% free, 36MB/52MB, paused 433us total 59.448ms
08-03 19:57:20.090 12920 13139 I art     : Starting a blocking GC Explicit
08-03 19:57:20.106 12920 12937 D OpenGLRenderer: endAllStagingAnimators on 0x7f81247000 (ListPopupWindow$DropDownListView) with handle 0x7f7903d4a0
08-03 19:57:20.153 12920 13139 I art     : Explicit concurrent mark sweep GC freed 26(1088B) AllocSpace objects, 0(0B) LOS objects, 30% free, 36MB/52MB, paused 441us total 62.151ms
08-03 19:57:20.175 12920 13139 I art     : Starting a blocking GC Explicit
08-03 19:57:20.240 12920 13139 I art     : Explicit concurrent mark sweep GC freed 255(11KB) AllocSpace objects, 0(0B) LOS objects, 30% free, 36MB/52MB, paused 461us total 64.176ms
08-03 19:57:20.338   512  2967 D audio_hw_primary: disable_audio_route: reset and update mixer path: low-latency-playback speaker
08-03 19:57:20.339   512  2967 D audio_hw_primary: disable_snd_device: snd_device(2: speaker)
08-03 19:57:20.347   512  2967 I soundtrigger: audio_extn_sound_trigger_update_device_status: device 0x2 of type 0 for Event 0
08-03 19:57:20.555 12920 12941 I art     : Starting a blocking GC Explicit
08-03 19:57:20.588 12676 12764 W FirebaseInstanceId: Token retrieval failed: SERVICE_NOT_AVAILABLE. Will retry token retrieval
08-03 19:57:20.641 12920 12941 I art     : Explicit concurrent mark sweep GC freed 1648(101KB) AllocSpace objects, 1(20KB) LOS objects, 30% free, 36MB/52MB, paused 512us total 85.133ms
08-03 19:57:20.665 12920 12941 I art     : Starting a blocking GC Explicit
08-03 19:57:20.736 12920 12941 I art     : Explicit concurrent mark sweep GC freed 18(624B) AllocSpace objects, 0(0B) LOS objects, 30% free, 36MB/52MB, paused 460us total 71.460ms
08-03 19:57:20.760 12920 12941 I art     : Starting a blocking GC Explicit
08-03 19:57:20.827 12920 12941 I art     : Explicit concurrent mark sweep GC freed 3(96B) AllocSpace objects, 0(0B) LOS objects, 30% free, 36MB/52MB, paused 465us total 66.306ms
08-03 19:57:20.851 12920 12941 I art     : Starting a blocking GC Explicit
08-03 19:57:20.921 12920 12941 I art     : Explicit concurrent mark sweep GC freed 3(96B) AllocSpace objects, 0(0B) LOS objects, 30% free, 36MB/52MB, paused 448us total 69.553ms
08-03 19:57:20.944 12920 12941 I art     : Starting a blocking GC Explicit
08-03 19:57:20.946 13866 13882 I PeriodicStatsRunner: PeriodicStatsRunner.call():175 call()
08-03 19:57:20.947 13866 13882 I PeriodicStatsRunner: PeriodicStatsRunner.call():179 No submit PeriodicStats since input started.
08-03 19:57:20.956 13866 13882 I PeriodicStatsRunner: PeriodicStatsRunner.call():175 call()
08-03 19:57:20.956 13866 13882 I PeriodicStatsRunner: PeriodicStatsRunner.call():179 No submit PeriodicStats since input started.
08-03 19:57:21.008 12920 12941 I art     : Explicit concurrent mark sweep GC freed 3(96B) AllocSpace objects, 0(0B) LOS objects, 30% free, 36MB/52MB, paused 470us total 63.320ms
08-03 19:57:21.326 12920 12933 I art     : Starting a blocking GC Explicit
08-03 19:57:21.411 12920 12933 I art     : Explicit concurrent mark sweep GC freed 1290(75KB) AllocSpace objects, 1(20KB) LOS objects, 30% free, 36MB/52MB, paused 473us total 84.808ms
08-03 19:57:21.436 12920 12933 I art     : Starting a blocking GC Explicit
08-03 19:57:21.481 13905 13905 D AndroidRuntime: >>>>>> START com.android.internal.os.RuntimeInit uid 2000 <<<<<<
08-03 19:57:21.487 13905 13905 D AndroidRuntime: CheckJNI is OFF
08-03 19:57:21.509 12920 12933 I art     : Explicit concurrent mark sweep GC freed 18(624B) AllocSpace objects, 0(0B) LOS objects, 30% free, 36MB/52MB, paused 455us total 73.428ms
08-03 19:57:21.510 12920 12930 I art     : WaitForGcToComplete blocked for 68.850ms for cause HeapTrim
08-03 19:57:21.533 12920 12933 I art     : Starting a blocking GC Explicit
08-03 19:57:21.538 13905 13905 D ICU     : No timezone override file found: /data/misc/zoneinfo/current/icu/icu_tzdata.dat
08-03 19:57:21.585 13905 13905 I Radio-JNI: register_android_hardware_Radio DONE
08-03 19:57:21.604 12920 12933 I art     : Explicit concurrent mark sweep GC freed 3(96B) AllocSpace objects, 0(0B) LOS objects, 30% free, 36MB/52MB, paused 477us total 71.351ms
08-03 19:57:21.615 13905 13905 D AndroidRuntime: Calling main entry com.android.commands.input.Input
08-03 19:57:21.618 13905 13905 I Input   : injectMotionEvent: MotionEvent { action=ACTION_DOWN, actionButton=0, id[0]=0, x[0]=648.0, y[0]=709.0, toolType[0]=TOOL_TYPE_UNKNOWN, buttonState=0, metaState=0, flags=0x0, edgeFlags=0x0, pointerCount=1, historySize=0, eventTime=647858029, downTime=647858029, deviceId=0, source=0x1002 }
08-03 19:57:21.625 13905 13905 I Input   : injectMotionEvent: MotionEvent { action=ACTION_UP, actionButton=0, id[0]=0, x[0]=648.0, y[0]=709.0, toolType[0]=TOOL_TYPE_UNKNOWN, buttonState=0, metaState=0, flags=0x0, edgeFlags=0x0, pointerCount=1, historySize=0, eventTime=647858029, downTime=647858029, deviceId=0, source=0x1002 }
08-03 19:57:21.627 13905 13905 D AndroidRuntime: Shutting down VM
08-03 19:57:21.628 12920 12933 I art     : Starting a blocking GC Explicit
08-03 19:57:21.690 12920 12933 I art     : Explicit concurrent mark sweep GC freed 21(768B) AllocSpace objects, 0(0B) LOS objects, 30% free, 36MB/52MB, paused 425us total 61.758ms
08-03 19:57:21.692   512  2967 D audio_hw_primary: out_set_parameters: enter: usecase(1: low-latency-playback) kvpairs: routing=2
08-03 19:57:21.706   512  2967 D audio_hw_primary: select_devices: out_snd_device(2: speaker) in_snd_device(0: none)
08-03 19:57:21.706   512  2967 D msm8974_platform: platform_send_audio_calibration: sending audio calibration for snd_device(2) acdb_id(15)
08-03 19:57:21.706   512  2967 I soundtrigger: audio_extn_sound_trigger_update_device_status: device 0x2 of type 0 for Event 1
08-03 19:57:21.711 12920 12933 I art     : Starting a blocking GC Explicit
08-03 19:57:21.716   512  2967 D audio_hw_primary: enable_snd_device: snd_device(2: speaker)
08-03 19:57:21.718   512  2967 D audio_hw_primary: enable_audio_route: apply and update mixer path: low-latency-playback speaker
08-03 19:57:21.774 12920 12933 I art     : Explicit concurrent mark sweep GC freed 736(55KB) AllocSpace objects, 1(20KB) LOS objects, 30% free, 36MB/52MB, paused 462us total 62.862ms
08-03 19:57:22.102 12920 12934 I art     : Starting a blocking GC Explicit
08-03 19:57:22.191 12920 12934 I art     : Explicit concurrent mark sweep GC freed 1440(82KB) AllocSpace objects, 1(20KB) LOS objects, 30% free, 36MB/52MB, paused 460us total 88.277ms
08-03 19:57:22.220 12920 12934 I art     : Starting a blocking GC Explicit
08-03 19:57:22.251   512  2967 D audio_hw_primary: disable_audio_route: reset and update mixer path: low-latency-playback speaker
08-03 19:57:22.253   512  2967 D audio_hw_primary: disable_snd_device: snd_device(2: speaker)
08-03 19:57:22.261   512  2967 I soundtrigger: audio_extn_sound_trigger_update_device_status: device 0x2 of type 0 for Event 0
08-03 19:57:22.307 12920 12934 I art     : Explicit concurrent mark sweep GC freed 28(960B) AllocSpace objects, 0(0B) LOS objects, 30% free, 36MB/52MB, paused 463us total 87.019ms
08-03 19:57:22.336 12920 12934 I art     : Starting a blocking GC Explicit
08-03 19:57:22.414 12920 12934 I art     : Explicit concurrent mark sweep GC freed 3(96B) AllocSpace objects, 0(0B) LOS objects, 30% free, 36MB/52MB, paused 493us total 77.074ms
08-03 19:57:22.443 12920 12934 I art     : Starting a blocking GC Explicit
08-03 19:57:22.530 12920 12934 I art     : Explicit concurrent mark sweep GC freed 5(160B) AllocSpace objects, 0(0B) LOS objects, 30% free, 36MB/52MB, paused 456us total 85.930ms
08-03 19:57:22.559 12920 12934 I art     : Starting a blocking GC Explicit
08-03 19:57:22.628 12920 12934 I art     : Explicit concurrent mark sweep GC freed 5(160B) AllocSpace objects, 0(0B) LOS objects, 30% free, 36MB/52MB, paused 475us total 68.804ms
08-03 19:57:22.952 12920 13139 I art     : Starting a blocking GC Explicit
08-03 19:57:23.031 12920 13139 I art     : Explicit concurrent mark sweep GC freed 1291(75KB) AllocSpace objects, 1(20KB) LOS objects, 30% free, 36MB/52MB, paused 478us total 78.681ms
08-03 19:57:23.054 12920 13139 I art     : Starting a blocking GC Explicit
08-03 19:57:23.123 12920 13139 I art     : Explicit concurrent mark sweep GC freed 18(624B) AllocSpace objects, 0(0B) LOS objects, 30% free, 36MB/52MB, paused 457us total 68.706ms
08-03 19:57:23.147 12920 13139 I art     : Starting a blocking GC Explicit
08-03 19:57:23.216 12920 13139 I art     : Explicit concurrent mark sweep GC freed 3(96B) AllocSpace objects, 0(0B) LOS objects, 30% free, 36MB/52MB, paused 477us total 68.729ms
08-03 19:57:23.239 12920 13139 I art     : Starting a blocking GC Explicit
08-03 19:57:23.314 12920 13139 I art     : Explicit concurrent mark sweep GC freed 3(96B) AllocSpace objects, 0(0B) LOS objects, 30% free, 36MB/52MB, paused 480us total 74.620ms
08-03 19:57:23.338 12920 13139 I art     : Starting a blocking GC Explicit
08-03 19:57:23.345   518   646 I ThermalEngine: ACTION: GPU - Setting GPU[0] to 390000000
08-03 19:57:23.482 12920 13139 I art     : Explicit concurrent mark sweep GC freed 21(672B) AllocSpace objects, 0(0B) LOS objects, 30% free, 36MB/52MB, paused 1.359ms total 143.556ms
08-03 19:57:23.519 13951 13951 D AndroidRuntime: >>>>>> START com.android.internal.os.RuntimeInit uid 2000 <<<<<<
08-03 19:57:23.527 13951 13951 D AndroidRuntime: CheckJNI is OFF
08-03 19:57:23.592 13951 13951 D ICU     : No timezone override file found: /data/misc/zoneinfo/current/icu/icu_tzdata.dat
08-03 19:57:23.649 13951 13951 I Radio-JNI: register_android_hardware_Radio DONE
08-03 19:57:23.682 13951 13951 D AndroidRuntime: Calling main entry com.android.commands.input.Input
08-03 19:57:23.684 13951 13951 I Input   : injectMotionEvent: MotionEvent { action=ACTION_DOWN, actionButton=0, id[0]=0, x[0]=1197.0, y[0]=1456.0, toolType[0]=TOOL_TYPE_UNKNOWN, buttonState=0, metaState=0, flags=0x0, edgeFlags=0x0, pointerCount=1, historySize=0, eventTime=647860096, downTime=647860096, deviceId=0, source=0x1002 }
08-03 19:57:23.690 13951 13951 I Input   : injectMotionEvent: MotionEvent { action=ACTION_UP, actionButton=0, id[0]=0, x[0]=1197.0, y[0]=1456.0, toolType[0]=TOOL_TYPE_UNKNOWN, buttonState=0, metaState=0, flags=0x0, edgeFlags=0x0, pointerCount=1, historySize=0, eventTime=647860096, downTime=647860096, deviceId=0, source=0x1002 }
08-03 19:57:23.692 13951 13951 D AndroidRuntime: Shutting down VM
08-03 19:57:23.701   512  2967 D audio_hw_primary: out_set_parameters: enter: usecase(1: low-latency-playback) kvpairs: routing=2
08-03 19:57:23.714   512  2967 D audio_hw_primary: select_devices: out_snd_device(2: speaker) in_snd_device(0: none)
08-03 19:57:23.714   512  2967 D msm8974_platform: platform_send_audio_calibration: sending audio calibration for snd_device(2) acdb_id(15)
08-03 19:57:23.714 12920 12920 I SettingsManager: Setting string: savedCourse
08-03 19:57:23.714   512  2967 I soundtrigger: audio_extn_sound_trigger_update_device_status: device 0x2 of type 0 for Event 1
08-03 19:57:23.726   512  2967 D audio_hw_primary: enable_snd_device: snd_device(2: speaker)
08-03 19:57:23.728   512  2967 D audio_hw_primary: enable_audio_route: apply and update mixer path: low-latency-playback speaker
08-03 19:57:23.732   918  5132 W BackupManagerService: dataChanged but no participant pkg='baseline.com.ak.uobtimetable' uid=10641
08-03 19:57:23.733   918  3670 I ActivityManager: START u0 {flg=0x4000000 cmp=baseline.com.ak.uobtimetable/.MainActivity (has extras)} from uid 10641 on display 0
08-03 19:57:23.747   918  5952 W InputMethodManagerService: Focus gain on non-focused client com.android.internal.view.IInputMethodClient$Stub$Proxy@a7da28e (uid=10641 pid=12920)
08-03 19:57:23.767 12920 12920 D MainActivity: OnDestroy
08-03 19:57:23.810 12920 12920 D MainActivity: onCreate
08-03 19:57:23.810 12920 12920 I SettingsManager: Getting string: savedSessions
08-03 19:57:23.810 12920 12920 I SettingsManager: Getting string: savedSessions
08-03 19:57:23.822 12920 12920 I SettingsManager: Getting string: savedSessionsCourseName
08-03 19:57:23.822 12920 12920 I SettingsManager: Getting string: savedSessionsCourseName
08-03 19:57:23.822 12920 12920 I SettingsManager: Getting string: savedSessionsDateRange
08-03 19:57:23.822 12920 12920 I SettingsManager: Getting string: savedSessionsDateRange
08-03 19:57:23.822 12920 12920 I Settings: 10 saved sessions - Bedfordshire International and EU Foundation Year - Int Foun - Ltn - Y0 Feb FT - Weeks: 24-38 (8 Jun 2020-20 Sep 2020)
08-03 19:57:23.864 12920 12941 I art     : Starting a blocking GC Explicit
08-03 19:57:23.869 12920 12920 I SettingsManager: Getting string: savedCourse
08-03 19:57:23.870 12920 12920 D MainActivity: sessionListFragmentArg: updateSessions
08-03 19:57:23.870 12920 12920 D MainActivity: showTermDatesConfigChange: false
08-03 19:57:23.870 12920 12920 D MainActivity: showTermDatesShortcut: false
08-03 19:57:23.872 12920 12920 D MainActivity: Setting initial fragment: SessionListsFragment
08-03 19:57:23.873 12920 12920 I SettingsManager: Getting int: launchCount
08-03 19:57:23.875 12920 12920 D SessionListsFragment: onCreateView
08-03 19:57:23.883 12920 12920 I SettingsManager: Getting string: savedCourse
08-03 19:57:23.890 12920 12920 I SettingsManager: Getting string: savedSessions
08-03 19:57:23.906 12920 12920 D SessionListsFragment: loadArgument: updateSessions
08-03 19:57:23.907 12920 12920 D SessionListsFragment: initialIndex: -1
08-03 19:57:23.916 12920 13980 D HTTP    : Request for: https://uob-timetable-api.adriankeenan.co.uk/sessions?dept=CM010&course=BSAIFAAF%2F02AA%2F0%2FFT&level=Foundation+Year
08-03 19:57:23.943 12920 12920 D TermDatesFragment: WebView loaded
08-03 19:57:23.944 12920 12920 D MainActivity: OnResume
08-03 19:57:23.952 12920 12920 I TermDatesFragment: Webview load %: 10
08-03 19:57:24.001 12920 12941 I art     : Explicit concurrent mark sweep GC freed 21219(1018KB) AllocSpace objects, 2(40KB) LOS objects, 29% free, 38MB/54MB, paused 992us total 136.820ms
08-03 19:57:24.039 12920 12941 I art     : Starting a blocking GC Explicit
08-03 19:57:24.065 13866 13866 I GoogleInputMethodServic: GoogleInputMethodService.onFinishInput():3138 
08-03 19:57:24.065 13866 13866 I GoogleInputMethodServic: GoogleInputMethodService.onStartInput():1808 
08-03 19:57:24.074   918   936 I ActivityManager: Displayed baseline.com.ak.uobtimetable/.MainActivity: +326ms
08-03 19:57:24.132 12920 12941 I art     : Explicit concurrent mark sweep GC freed 28145(1286KB) AllocSpace objects, 7(1532KB) LOS objects, 30% free, 36MB/52MB, paused 954us total 92.635ms
08-03 19:57:24.165 12920 12941 I art     : Starting a blocking GC Explicit
08-03 19:57:24.187 12920 12920 I TermDatesFragment: Webview load %: 70
08-03 19:57:24.217 12920 13980 I NAPPA_EXPERIMENTATION: MetricNetworkRequestExecutionTime: REQUEST_DURATION_SYSTEM='298',REQUEST_DURATION_OKHTTP='34',REQUEST_SYNCHRONOUS='TRUE',RESPONSE_CODE='200',RESPONSE_METHOD='GET',RESPONSE_LENGTH_OKHTTP='-1',RESPONSE_LENGTH_HEADER='1214',REQUEST_PROTOCOL='http/1.1',REQUEST_URL='https://uob-timetable-api.adriankeenan.co.uk/sessions?dept=CM010&course=BSAIFAAF%2F02AA%2F0%2FFT&level=Foundation+Year',
08-03 19:57:24.219 12920 12920 I TermDatesFragment: Webview load %: 100
08-03 19:57:24.219 12920 12920 I TermDatesFragment: Webview load %: 100
08-03 19:57:24.250 12920 13980 I HTTP    : Response was compressed.
08-03 19:57:24.259 12920 12941 I art     : Explicit concurrent mark sweep GC freed 5066(291KB) AllocSpace objects, 5(256KB) LOS objects, 30% free, 36MB/52MB, paused 1.425ms total 93.359ms
08-03 19:57:24.270 12920 13980 I Service : getSessions response time: 1.10
08-03 19:57:24.270   512  2967 D audio_hw_primary: disable_audio_route: reset and update mixer path: low-latency-playback speaker
08-03 19:57:24.271 12920 12920 I SettingsManager: Getting string: savedSessions
08-03 19:57:24.272   512  2967 D audio_hw_primary: disable_snd_device: snd_device(2: speaker)
08-03 19:57:24.272 12920 12920 I SettingsManager: Getting string: savedSessions
08-03 19:57:24.284   512  2967 I soundtrigger: audio_extn_sound_trigger_update_device_status: device 0x2 of type 0 for Event 0
08-03 19:57:24.287 12920 12920 I Service : Sessions updated: 10
08-03 19:57:24.288 12920 12920 I Service : Sessions removed from new list: 0
08-03 19:57:24.300 12920 12920 I SettingsManager: Setting string: savedSessions
08-03 19:57:24.315   918  3359 W BackupManagerService: dataChanged but no participant pkg='baseline.com.ak.uobtimetable' uid=10641
08-03 19:57:24.315 12920 12941 I art     : Starting a blocking GC Explicit
08-03 19:57:24.316 12920 12920 I SettingsManager: Setting date: savedSessionsTime
08-03 19:57:24.324   918  3670 W BackupManagerService: dataChanged but no participant pkg='baseline.com.ak.uobtimetable' uid=10641
08-03 19:57:24.325 12920 12920 I SettingsManager: Setting string: savedSessionsCourseName
08-03 19:57:24.332   918  6111 W BackupManagerService: dataChanged but no participant pkg='baseline.com.ak.uobtimetable' uid=10641
08-03 19:57:24.332 12920 12920 I SettingsManager: Setting string: savedSessionsDateRange
08-03 19:57:24.333   918  6112 W BackupManagerService: dataChanged but no participant pkg='baseline.com.ak.uobtimetable' uid=10641
08-03 19:57:24.333 12920 12920 I SettingsManager: Setting string: timetableUrl
08-03 19:57:24.334   918  3696 W BackupManagerService: dataChanged but no participant pkg='baseline.com.ak.uobtimetable' uid=10641
08-03 19:57:24.334 12920 12920 I SettingsManager: Getting boolean: notifySessionRemindersEnabled
08-03 19:57:24.334 12920 12920 I SettingsManager: Getting int: notifySessionRemindersMinutes
08-03 19:57:24.334 12920 12920 I SettingsManager: Getting boolean: showHiddenSessions
08-03 19:57:24.337 12920 12920 I SessionReminderNotifier: Created session reminder alarm for f7b4771250a919bd729c1c5a4a459c77 at Mon 08:30:00 10/08/20
08-03 19:57:24.341 12920 12920 I SessionReminderNotifier: Created session reminder alarm for a7f879aabdeb78622c8820a5fb7b64cd at Tue 08:30:00 04/08/20
08-03 19:57:24.344 12920 12920 I SessionReminderNotifier: Created session reminder alarm for 7bc8d7e2c2055711f597c3d9078c6ea3 at Tue 08:30:00 04/08/20
08-03 19:57:24.347 12920 12920 I SessionReminderNotifier: Created session reminder alarm for 53c0527a6f009a1f2fd223834d3bfe51 at Tue 10:30:00 04/08/20
08-03 19:57:24.349 12920 12920 I SessionReminderNotifier: Created session reminder alarm for e0fc978b5db8218778540b4053344581 at Tue 11:00:00 04/08/20
08-03 19:57:24.352 12920 12920 I SessionReminderNotifier: Created session reminder alarm for 199afb0100f329ff65a09e1b0cd9deba at Tue 11:30:00 04/08/20
08-03 19:57:24.354 12920 12920 I SessionReminderNotifier: Created session reminder alarm for 21712fef61090882c855a1425543edb5 at Tue 13:30:00 04/08/20
08-03 19:57:24.357 12920 12920 I SessionReminderNotifier: Created session reminder alarm for 65ca4d97f031f29a4d02bbb45a705d8f at Wed 08:30:00 05/08/20
08-03 19:57:24.360 12920 12920 I SessionReminderNotifier: Created session reminder alarm for eeda7741b0bcab58fd9f46dc6ef1d942 at Wed 08:30:00 05/08/20
08-03 19:57:24.362 12920 12920 I SessionReminderNotifier: Created session reminder alarm for c276c1b2075a0beb67f1b3d1e580f920 at Wed 11:00:00 05/08/20
08-03 19:57:24.364 12920 12920 I SessionReminderNotifier: Created session reminder alarm for 8b1f3627e42ae13a6f6ba0a83903dde1 at Wed 13:30:00 05/08/20
08-03 19:57:24.367 12920 12920 I SessionReminderNotifier: Created session reminder alarm for 79fe0b5c3b887a13ba29db5a33fa2800 at Thu 08:30:00 06/08/20
08-03 19:57:24.369 12920 12920 I SessionReminderNotifier: Created session reminder alarm for cb9dfc8231cdba2be0835dc5709690e1 at Thu 08:30:00 06/08/20
08-03 19:57:24.371 12920 12920 I SessionReminderNotifier: Created session reminder alarm for f850dc24d6de60b7b89fa9e1a8c224c5 at Thu 12:00:00 06/08/20
08-03 19:57:24.375 12920 12920 I SessionReminderNotifier: Created session reminder alarm for 2ba1034116e4fffdd592dbf0796a43d5 at Fri 08:30:00 07/08/20
08-03 19:57:24.375 12920 12920 I SettingsManager: Getting boolean: showHiddenSessions
08-03 19:57:24.375 12920 12920 D SessionListsFragment: 1 sessions for day 0
08-03 19:57:24.375 12920 12920 D SessionListsFragment: 6 sessions for day 1
08-03 19:57:24.375 12920 12920 D SessionListsFragment: 4 sessions for day 2
08-03 19:57:24.375 12920 12920 D SessionListsFragment: 3 sessions for day 3
08-03 19:57:24.375 12920 12920 D SessionListsFragment: 1 sessions for day 4
08-03 19:57:24.397 12920 12941 I art     : Explicit concurrent mark sweep GC freed 17937(938KB) AllocSpace objects, 4(76KB) LOS objects, 30% free, 36MB/52MB, paused 1.196ms total 81.702ms
08-03 19:57:24.430 12920 12941 I art     : Starting a blocking GC Explicit
08-03 19:57:24.444 12920 12920 I SettingsManager: Getting boolean: showHiddenSessions
08-03 19:57:24.445 12920 12920 D SessionListsFragment: Refreshed ViewPager
08-03 19:57:24.445 12920 12920 I SettingsManager: Getting boolean: showHiddenSessions
08-03 19:57:24.445 12920 12920 I SettingsManager: Getting boolean: completedTutorial
08-03 19:57:24.445 12920 12920 I SettingsManager: Getting boolean: showHiddenSessions
08-03 19:57:24.445 12920 12920 I SettingsManager: Getting date: savedSessionsTime
08-03 19:57:24.522 12920 12941 I art     : Explicit concurrent mark sweep GC freed 22702(960KB) AllocSpace objects, 0(0B) LOS objects, 30% free, 36MB/52MB, paused 1.849ms total 91.351ms
08-03 19:57:24.776 13866 13882 I PeriodicStatsRunner: PeriodicStatsRunner.call():175 call()
08-03 19:57:24.777 13866 13882 I PeriodicStatsRunner: PeriodicStatsRunner.call():179 No submit PeriodicStats since input started.
08-03 19:57:24.806 13866 13882 I PeriodicStatsRunner: PeriodicStatsRunner.call():175 call()
08-03 19:57:24.807 13866 13882 I PeriodicStatsRunner: PeriodicStatsRunner.call():179 No submit PeriodicStats since input started.
08-03 19:57:24.869 12920 13139 I art     : Starting a blocking GC Explicit
08-03 19:57:24.987 12920 13139 I art     : Explicit concurrent mark sweep GC freed 114048(4MB) AllocSpace objects, 1(20KB) LOS objects, 29% free, 37MB/53MB, paused 1.658ms total 117.734ms
08-03 19:57:25.026 12920 13139 I art     : Starting a blocking GC Explicit
08-03 19:57:25.134 12920 13139 I art     : Explicit concurrent mark sweep GC freed 42982(1872KB) AllocSpace objects, 0(0B) LOS objects, 30% free, 37MB/53MB, paused 2.827ms total 107.768ms
08-03 19:57:25.184 12920 13139 I art     : Starting a blocking GC Explicit
08-03 19:57:25.294 12920 13139 I art     : Explicit concurrent mark sweep GC freed 44707(1843KB) AllocSpace objects, 0(0B) LOS objects, 29% free, 37MB/53MB, paused 1.906ms total 109.643ms
08-03 19:57:25.329 12920 13139 I art     : Starting a blocking GC Explicit
08-03 19:57:25.444 12920 13139 I art     : Explicit concurrent mark sweep GC freed 44109(1816KB) AllocSpace objects, 0(0B) LOS objects, 29% free, 37MB/53MB, paused 1.751ms total 114.650ms
08-03 19:57:25.452 12920 12920 I Choreographer: Skipped 59 frames!  The application may be doing too much work on its main thread.
08-03 19:57:25.483 12920 13139 I art     : Starting a blocking GC Explicit
08-03 19:57:25.586 12920 13139 I art     : Explicit concurrent mark sweep GC freed 2013(141KB) AllocSpace objects, 0(0B) LOS objects, 29% free, 37MB/53MB, paused 991us total 102.781ms
08-03 19:57:25.952 12920 12934 I art     : Starting a blocking GC Explicit
08-03 19:57:26.026 12920 12934 I art     : Explicit concurrent mark sweep GC freed 123297(11MB) AllocSpace objects, 4(156KB) LOS objects, 37% free, 26MB/42MB, paused 687us total 73.268ms
08-03 19:57:26.046 12920 12934 I art     : Starting a blocking GC Explicit
08-03 19:57:26.093 12920 12934 I art     : Explicit concurrent mark sweep GC freed 60(2064B) AllocSpace objects, 0(0B) LOS objects, 37% free, 26MB/42MB, paused 661us total 45.780ms
08-03 19:57:26.113 12920 12934 I art     : Starting a blocking GC Explicit
08-03 19:57:26.163 12920 12934 I art     : Explicit concurrent mark sweep GC freed 45(1456B) AllocSpace objects, 0(0B) LOS objects, 37% free, 26MB/42MB, paused 927us total 49.457ms
08-03 19:57:26.186 12920 12934 I art     : Starting a blocking GC Explicit
08-03 19:57:26.237 12920 12934 I art     : Explicit concurrent mark sweep GC freed 52(1664B) AllocSpace objects, 0(0B) LOS objects, 37% free, 26MB/42MB, paused 1.126ms total 50.304ms
08-03 19:57:26.260 12920 12934 I art     : Starting a blocking GC Explicit
08-03 19:57:26.310 12920 12934 I art     : Explicit concurrent mark sweep GC freed 22(704B) AllocSpace objects, 0(0B) LOS objects, 37% free, 26MB/42MB, paused 900us total 49.795ms
08-03 19:57:26.675 12920 12941 I art     : Starting a blocking GC Explicit
08-03 19:57:26.739 12920 12941 I art     : Explicit concurrent mark sweep GC freed 1317(76KB) AllocSpace objects, 1(20KB) LOS objects, 37% free, 26MB/42MB, paused 686us total 62.947ms
08-03 19:57:26.764 12920 12941 I art     : Starting a blocking GC Explicit
08-03 19:57:26.815 12920 12941 I art     : Explicit concurrent mark sweep GC freed 18(624B) AllocSpace objects, 0(0B) LOS objects, 37% free, 26MB/42MB, paused 609us total 50.511ms
08-03 19:57:26.844 12920 12941 I art     : Starting a blocking GC Explicit
08-03 19:57:26.898 12920 12941 I art     : Explicit concurrent mark sweep GC freed 3(96B) AllocSpace objects, 0(0B) LOS objects, 37% free, 26MB/42MB, paused 759us total 53.741ms
08-03 19:57:26.922 12920 12941 I art     : Starting a blocking GC Explicit
08-03 19:57:26.975 12920 12941 I art     : Explicit concurrent mark sweep GC freed 3(96B) AllocSpace objects, 0(0B) LOS objects, 37% free, 26MB/42MB, paused 902us total 52.300ms
08-03 19:57:26.999 12920 12941 I art     : Starting a blocking GC Explicit
08-03 19:57:27.054 12920 12941 I art     : Explicit concurrent mark sweep GC freed 3(96B) AllocSpace objects, 0(0B) LOS objects, 37% free, 26MB/42MB, paused 686us total 55.390ms
08-03 19:57:27.361   518   646 I ThermalEngine: ACTION: GPU - Setting GPU[0] to 450000000
08-03 19:57:27.402 12920 12933 I art     : Starting a blocking GC Explicit
08-03 19:57:27.460 12920 12933 I art     : Explicit concurrent mark sweep GC freed 1292(75KB) AllocSpace objects, 1(20KB) LOS objects, 37% free, 26MB/42MB, paused 531us total 57.749ms
08-03 19:57:27.480 12920 12933 I art     : Starting a blocking GC Explicit
08-03 19:57:27.526 12920 12933 I art     : Explicit concurrent mark sweep GC freed 18(624B) AllocSpace objects, 0(0B) LOS objects, 37% free, 26MB/42MB, paused 487us total 45.658ms
08-03 19:57:27.542 12920 12933 I art     : Starting a blocking GC Explicit
08-03 19:57:27.587 12920 12933 I art     : Explicit concurrent mark sweep GC freed 3(96B) AllocSpace objects, 0(0B) LOS objects, 37% free, 26MB/42MB, paused 490us total 44.710ms
08-03 19:57:27.603 12920 12933 I art     : Starting a blocking GC Explicit
08-03 19:57:27.651 12920 12933 I art     : Explicit concurrent mark sweep GC freed 3(96B) AllocSpace objects, 0(0B) LOS objects, 37% free, 26MB/42MB, paused 500us total 47.216ms
08-03 19:57:27.667 12920 12933 I art     : Starting a blocking GC Explicit
08-03 19:57:27.712 12920 12933 I art     : Explicit concurrent mark sweep GC freed 3(96B) AllocSpace objects, 0(0B) LOS objects, 37% free, 26MB/42MB, paused 488us total 43.881ms
08-03 19:57:28.046 12920 13139 I art     : Starting a blocking GC Explicit
08-03 19:57:28.096 12920 13139 I art     : Explicit concurrent mark sweep GC freed 1292(75KB) AllocSpace objects, 1(20KB) LOS objects, 37% free, 26MB/42MB, paused 550us total 49.503ms
08-03 19:57:28.113 12920 13139 I art     : Starting a blocking GC Explicit
08-03 19:57:28.157 12920 13139 I art     : Explicit concurrent mark sweep GC freed 18(624B) AllocSpace objects, 0(0B) LOS objects, 37% free, 26MB/42MB, paused 572us total 43.807ms
08-03 19:57:28.173 12920 13139 I art     : Starting a blocking GC Explicit
08-03 19:57:28.217 12920 13139 I art     : Explicit concurrent mark sweep GC freed 3(96B) AllocSpace objects, 0(0B) LOS objects, 37% free, 26MB/42MB, paused 496us total 43.614ms
08-03 19:57:28.232 12920 13139 I art     : Starting a blocking GC Explicit
08-03 19:57:28.276 12920 13139 I art     : Explicit concurrent mark sweep GC freed 3(96B) AllocSpace objects, 0(0B) LOS objects, 37% free, 26MB/42MB, paused 469us total 43.285ms
08-03 19:57:28.291 12920 13139 I art     : Starting a blocking GC Explicit
08-03 19:57:28.335 12920 13139 I art     : Explicit concurrent mark sweep GC freed 3(96B) AllocSpace objects, 0(0B) LOS objects, 37% free, 26MB/42MB, paused 513us total 43.868ms
08-03 19:57:28.507 14032 14032 D AndroidRuntime: >>>>>> START com.android.internal.os.RuntimeInit uid 2000 <<<<<<
08-03 19:57:28.515 14032 14032 D AndroidRuntime: CheckJNI is OFF
08-03 19:57:28.557 14032 14032 D ICU     : No timezone override file found: /data/misc/zoneinfo/current/icu/icu_tzdata.dat
08-03 19:57:28.597 14032 14032 I Radio-JNI: register_android_hardware_Radio DONE
08-03 19:57:28.624 14032 14032 D AndroidRuntime: Calling main entry com.android.commands.input.Input
08-03 19:57:28.627 14032 14032 I Input   : injectMotionEvent: MotionEvent { action=ACTION_DOWN, actionButton=0, id[0]=0, x[0]=81.0, y[0]=176.0, toolType[0]=TOOL_TYPE_UNKNOWN, buttonState=0, metaState=0, flags=0x0, edgeFlags=0x0, pointerCount=1, historySize=0, eventTime=647865040, downTime=647865040, deviceId=0, source=0x1002 }
08-03 19:57:28.634 14032 14032 I Input   : injectMotionEvent: MotionEvent { action=ACTION_UP, actionButton=0, id[0]=0, x[0]=81.0, y[0]=176.0, toolType[0]=TOOL_TYPE_UNKNOWN, buttonState=0, metaState=0, flags=0x0, edgeFlags=0x0, pointerCount=1, historySize=0, eventTime=647865040, downTime=647865040, deviceId=0, source=0x1002 }
08-03 19:57:28.636 14032 14032 D AndroidRuntime: Shutting down VM
08-03 19:57:28.651   512  2967 D audio_hw_primary: out_set_parameters: enter: usecase(1: low-latency-playback) kvpairs: routing=2
08-03 19:57:28.664   512  2967 D audio_hw_primary: select_devices: out_snd_device(2: speaker) in_snd_device(0: none)
08-03 19:57:28.664   512  2967 D msm8974_platform: platform_send_audio_calibration: sending audio calibration for snd_device(2) acdb_id(15)
08-03 19:57:28.664   512  2967 I soundtrigger: audio_extn_sound_trigger_update_device_status: device 0x2 of type 0 for Event 1
08-03 19:57:28.671 12920 12934 I art     : Starting a blocking GC Explicit
08-03 19:57:28.675   512  2967 D audio_hw_primary: enable_snd_device: snd_device(2: speaker)
08-03 19:57:28.678   512  2967 D audio_hw_primary: enable_audio_route: apply and update mixer path: low-latency-playback speaker
08-03 19:57:28.685 13866 13866 I GoogleInputMethodServic: GoogleInputMethodService.onFinishInput():3138 
08-03 19:57:28.686 13866 13866 I GoogleInputMethodServic: GoogleInputMethodService.onStartInput():1808 
08-03 19:57:28.712 12920 12934 I art     : Explicit concurrent mark sweep GC freed 1379(78KB) AllocSpace objects, 1(20KB) LOS objects, 37% free, 26MB/42MB, paused 515us total 41.579ms
08-03 19:57:28.727 12920 12934 I art     : Starting a blocking GC Explicit
08-03 19:57:28.764 12920 12934 I art     : Explicit concurrent mark sweep GC freed 451(21KB) AllocSpace objects, 0(0B) LOS objects, 37% free, 26MB/42MB, paused 511us total 36.598ms
08-03 19:57:28.779 12920 12934 I art     : Starting a blocking GC Explicit
08-03 19:57:28.816 12920 12934 I art     : Explicit concurrent mark sweep GC freed 177(11KB) AllocSpace objects, 0(0B) LOS objects, 37% free, 26MB/42MB, paused 524us total 37.369ms
08-03 19:57:28.832 12920 12934 I art     : Starting a blocking GC Explicit
08-03 19:57:28.872 12920 12934 I art     : Explicit concurrent mark sweep GC freed 23(736B) AllocSpace objects, 0(0B) LOS objects, 37% free, 26MB/42MB, paused 451us total 39.774ms
08-03 19:57:28.888 12920 12934 I art     : Starting a blocking GC Explicit
08-03 19:57:28.927 12920 12934 I art     : Explicit concurrent mark sweep GC freed 3(96B) AllocSpace objects, 0(0B) LOS objects, 37% free, 26MB/42MB, paused 601us total 39.136ms
08-03 19:57:29.066 13866 13882 I PeriodicStatsRunner: PeriodicStatsRunner.call():175 call()
08-03 19:57:29.067 13866 13882 I PeriodicStatsRunner: PeriodicStatsRunner.call():179 No submit PeriodicStats since input started.
08-03 19:57:29.219   512  2967 D audio_hw_primary: disable_audio_route: reset and update mixer path: low-latency-playback speaker
08-03 19:57:29.220   512  2967 D audio_hw_primary: disable_snd_device: snd_device(2: speaker)
08-03 19:57:29.226 12920 12933 I art     : Starting a blocking GC Explicit
08-03 19:57:29.229   512  2967 I soundtrigger: audio_extn_sound_trigger_update_device_status: device 0x2 of type 0 for Event 0
08-03 19:57:29.271 12920 12933 I art     : Explicit concurrent mark sweep GC freed 1293(75KB) AllocSpace objects, 1(20KB) LOS objects, 37% free, 26MB/42MB, paused 514us total 45.108ms
08-03 19:57:29.288 12920 12933 I art     : Starting a blocking GC Explicit
08-03 19:57:29.331 12920 12933 I art     : Explicit concurrent mark sweep GC freed 18(624B) AllocSpace objects, 0(0B) LOS objects, 37% free, 26MB/42MB, paused 485us total 42.628ms
08-03 19:57:29.347 12920 12933 I art     : Starting a blocking GC Explicit
08-03 19:57:29.389 12920 12933 I art     : Explicit concurrent mark sweep GC freed 3(96B) AllocSpace objects, 0(0B) LOS objects, 37% free, 26MB/42MB, paused 485us total 41.258ms
08-03 19:57:29.404 12920 12933 I art     : Starting a blocking GC Explicit
08-03 19:57:29.447 12920 12933 I art     : Explicit concurrent mark sweep GC freed 3(96B) AllocSpace objects, 0(0B) LOS objects, 37% free, 26MB/42MB, paused 477us total 43.040ms
08-03 19:57:29.463 12920 12933 I art     : Starting a blocking GC Explicit
08-03 19:57:29.506 12920 12933 I art     : Explicit concurrent mark sweep GC freed 3(96B) AllocSpace objects, 0(0B) LOS objects, 37% free, 26MB/42MB, paused 474us total 43.055ms
08-03 19:57:29.841 12920 13139 I art     : Starting a blocking GC Explicit
08-03 19:57:29.894 12920 13139 I art     : Explicit concurrent mark sweep GC freed 1292(75KB) AllocSpace objects, 1(20KB) LOS objects, 37% free, 26MB/42MB, paused 485us total 52.620ms
08-03 19:57:29.909 12920 13139 I art     : Starting a blocking GC Explicit
08-03 19:57:29.946 12920 13139 I art     : Explicit concurrent mark sweep GC freed 18(624B) AllocSpace objects, 0(0B) LOS objects, 37% free, 26MB/42MB, paused 474us total 36.652ms
08-03 19:57:29.962 12920 13139 I art     : Starting a blocking GC Explicit
08-03 19:57:30.002 12920 13139 I art     : Explicit concurrent mark sweep GC freed 3(96B) AllocSpace objects, 0(0B) LOS objects, 37% free, 26MB/42MB, paused 492us total 39.663ms
08-03 19:57:30.017 12920 13139 I art     : Starting a blocking GC Explicit
08-03 19:57:30.058 12920 13139 I art     : Explicit concurrent mark sweep GC freed 3(96B) AllocSpace objects, 0(0B) LOS objects, 37% free, 26MB/42MB, paused 531us total 40.659ms
08-03 19:57:30.073 12920 13139 I art     : Starting a blocking GC Explicit
08-03 19:57:30.114 12920 13139 I art     : Explicit concurrent mark sweep GC freed 3(96B) AllocSpace objects, 0(0B) LOS objects, 37% free, 26MB/42MB, paused 496us total 40.658ms
08-03 19:57:30.373 24365 25567 I NetworkScheduler.Stats: Task com.google.android.gms/com.google.android.gms.icing.service.IcingGcmTaskService started execution. cause:4 exec_start_elapsed_seconds: 1631254 [CONTEXT service_id=218 ]
08-03 19:57:30.377 11541 14092 W Gcs.WfaEliRefreshTask: [22183] afk.b: NULL eligibility response.
08-03 19:57:30.380 24365 25567 I NetworkScheduler.Stats: Task com.google.android.apps.gcs/ started execution. cause:4 exec_start_elapsed_seconds: 1631254 [CONTEXT service_id=218 ]
08-03 19:57:30.387 24365 25567 I NetworkScheduler.Stats: Task com.google.android.apps.gcs/ finished executing. cause:4 result: 3 elapsed_millis: 12 uptime_millis: 11 exec_start_elapsed_seconds: 1631254 [CONTEXT service_id=218 ]
08-03 19:57:30.396 24365 25567 I NetworkScheduler.Stats: Task com.google.android.gms/com.google.android.gms.icing.service.IcingGcmTaskService finished executing. cause:4 result: 1 elapsed_millis: 43 uptime_millis: 44 exec_start_elapsed_seconds: 1631254 [CONTEXT service_id=218 ]
08-03 19:57:30.416 14079 14079 D AndroidRuntime: >>>>>> START com.android.internal.os.RuntimeInit uid 2000 <<<<<<
08-03 19:57:30.422 14079 14079 D AndroidRuntime: CheckJNI is OFF
08-03 19:57:30.431 12920 12934 I art     : Starting a blocking GC Explicit
08-03 19:57:30.463 14079 14079 D ICU     : No timezone override file found: /data/misc/zoneinfo/current/icu/icu_tzdata.dat
08-03 19:57:30.469 12920 12934 I art     : Explicit concurrent mark sweep GC freed 1314(76KB) AllocSpace objects, 1(20KB) LOS objects, 37% free, 26MB/42MB, paused 437us total 37.303ms
08-03 19:57:30.483 12920 12934 I art     : Starting a blocking GC Explicit
08-03 19:57:30.504 14079 14079 I Radio-JNI: register_android_hardware_Radio DONE
08-03 19:57:30.519 12920 12934 I art     : Explicit concurrent mark sweep GC freed 24(816B) AllocSpace objects, 0(0B) LOS objects, 37% free, 26MB/42MB, paused 431us total 35.248ms
08-03 19:57:30.532 14079 14079 D AndroidRuntime: Calling main entry com.android.commands.input.Input
08-03 19:57:30.533 12920 12934 I art     : Starting a blocking GC Explicit
08-03 19:57:30.534 14079 14079 I Input   : injectMotionEvent: MotionEvent { action=ACTION_DOWN, actionButton=0, id[0]=0, x[0]=436.0, y[0]=1770.0, toolType[0]=TOOL_TYPE_UNKNOWN, buttonState=0, metaState=0, flags=0x0, edgeFlags=0x0, pointerCount=1, historySize=0, eventTime=647866947, downTime=647866947, deviceId=0, source=0x1002 }
08-03 19:57:30.539 14079 14079 I Input   : injectMotionEvent: MotionEvent { action=ACTION_UP, actionButton=0, id[0]=0, x[0]=436.0, y[0]=1770.0, toolType[0]=TOOL_TYPE_UNKNOWN, buttonState=0, metaState=0, flags=0x0, edgeFlags=0x0, pointerCount=1, historySize=0, eventTime=647866947, downTime=647866947, deviceId=0, source=0x1002 }
08-03 19:57:30.540 14079 14079 D AndroidRuntime: Shutting down VM
08-03 19:57:30.550 12920 12920 D MainActivity: NavigationItemSelected: Courses
08-03 19:57:30.551   918  5132 I ActivityManager: START u0 {cmp=baseline.com.ak.uobtimetable/.CourseListActivity} from uid 10641 on display 0
08-03 19:57:30.552   512  2967 D audio_hw_primary: out_set_parameters: enter: usecase(1: low-latency-playback) kvpairs: routing=2
08-03 19:57:30.558 12920 12920 D MainActivity: OnPause
08-03 19:57:30.565   512  2967 D audio_hw_primary: select_devices: out_snd_device(2: speaker) in_snd_device(0: none)
08-03 19:57:30.565   512  2967 D msm8974_platform: platform_send_audio_calibration: sending audio calibration for snd_device(2) acdb_id(15)
08-03 19:57:30.565   512  2967 I soundtrigger: audio_extn_sound_trigger_update_device_status: device 0x2 of type 0 for Event 1
08-03 19:57:30.571 12920 12934 I art     : Explicit concurrent mark sweep GC freed 221(8KB) AllocSpace objects, 0(0B) LOS objects, 37% free, 26MB/42MB, paused 851us total 37.426ms
08-03 19:57:30.574   512  2967 D audio_hw_primary: enable_snd_device: snd_device(2: speaker)
08-03 19:57:30.576   512  2967 D audio_hw_primary: enable_audio_route: apply and update mixer path: low-latency-playback speaker
08-03 19:57:30.584 12920 12934 I art     : Starting a blocking GC Explicit
08-03 19:57:30.606 12920 12920 D CourseListActivity: onCreate
08-03 19:57:30.609 12920 14104 D HTTP    : Request for: https://uob-timetable-api.adriankeenan.co.uk/courses
08-03 19:57:30.623 12920 12934 I art     : Explicit concurrent mark sweep GC freed 2225(124KB) AllocSpace objects, 0(0B) LOS objects, 37% free, 26MB/42MB, paused 661us total 38.698ms
08-03 19:57:30.638 12920 12934 I art     : Starting a blocking GC Explicit
08-03 19:57:30.674   918   936 I ActivityManager: Displayed baseline.com.ak.uobtimetable/.CourseListActivity: +115ms
08-03 19:57:30.674 13866 13866 I GoogleInputMethodServic: GoogleInputMethodService.onFinishInput():3138 
08-03 19:57:30.675 13866 13866 I GoogleInputMethodServic: GoogleInputMethodService.onStartInput():1808 
08-03 19:57:30.675 12920 12934 I art     : Explicit concurrent mark sweep GC freed 733(40KB) AllocSpace objects, 0(0B) LOS objects, 37% free, 26MB/42MB, paused 559us total 36.643ms
08-03 19:57:30.970 12920 13139 I art     : Starting a blocking GC Explicit
08-03 19:57:31.008 12920 13139 I art     : Explicit concurrent mark sweep GC freed 1447(84KB) AllocSpace objects, 1(20KB) LOS objects, 37% free, 26MB/42MB, paused 533us total 37.550ms
08-03 19:57:31.022 12920 13139 I art     : Starting a blocking GC Explicit
08-03 19:57:31.063 12920 13139 I art     : Explicit concurrent mark sweep GC freed 2334(125KB) AllocSpace objects, 3(200KB) LOS objects, 37% free, 26MB/42MB, paused 705us total 39.975ms
08-03 19:57:31.068 12920 12920 D MainActivity: Saving state
08-03 19:57:31.069 12920 12920 D MainActivity: Saving current fragment: SessionListsFragment
08-03 19:57:31.069 12920 12920 D MainActivity: Saving current index: 1
08-03 19:57:31.071 12920 12920 D SessionListsFragment: Saving state
08-03 19:57:31.078 12920 13139 I art     : Starting a blocking GC Explicit
08-03 19:57:31.108   512  2967 D audio_hw_primary: disable_audio_route: reset and update mixer path: low-latency-playback speaker
08-03 19:57:31.109   512  2967 D audio_hw_primary: disable_snd_device: snd_device(2: speaker)
08-03 19:57:31.117 12920 13139 I art     : Explicit concurrent mark sweep GC freed 1167(124KB) AllocSpace objects, 0(0B) LOS objects, 37% free, 26MB/42MB, paused 514us total 38.456ms
08-03 19:57:31.118   512  2967 I soundtrigger: audio_extn_sound_trigger_update_device_status: device 0x2 of type 0 for Event 0
08-03 19:57:31.131 12920 13139 I art     : Starting a blocking GC Explicit
08-03 19:57:31.172 12920 13139 I art     : Explicit concurrent mark sweep GC freed 49(1856B) AllocSpace objects, 0(0B) LOS objects, 37% free, 26MB/42MB, paused 527us total 40.230ms
08-03 19:57:31.183 12920 14104 I NAPPA_EXPERIMENTATION: MetricNetworkRequestExecutionTime: REQUEST_DURATION_SYSTEM='573',REQUEST_DURATION_OKHTTP='124',REQUEST_SYNCHRONOUS='TRUE',RESPONSE_CODE='200',RESPONSE_METHOD='GET',RESPONSE_LENGTH_OKHTTP='-1',RESPONSE_LENGTH_HEADER='-2',REQUEST_PROTOCOL='http/1.1',REQUEST_URL='https://uob-timetable-api.adriankeenan.co.uk/courses',
08-03 19:57:31.187 12920 13139 I art     : Starting a blocking GC Explicit
08-03 19:57:31.226 12920 13139 I art     : Explicit concurrent mark sweep GC freed 205(16KB) AllocSpace objects, 0(0B) LOS objects, 35% free, 28MB/44MB, paused 516us total 39.145ms
08-03 19:57:31.535 12920 12934 I art     : Starting a blocking GC Explicit
08-03 19:57:31.575 12920 12934 I art     : Explicit concurrent mark sweep GC freed 72(3KB) AllocSpace objects, 0(0B) LOS objects, 24% free, 48MB/64MB, paused 557us total 39.394ms
08-03 19:57:31.590 12920 12934 I art     : Starting a blocking GC Explicit
08-03 19:57:31.640 12920 14104 I HTTP    : Response was compressed.
08-03 19:57:31.642 12920 12934 I art     : Explicit concurrent mark sweep GC freed 129(5KB) AllocSpace objects, 0(0B) LOS objects, 20% free, 63MB/79MB, paused 711us total 51.947ms
08-03 19:57:31.656 12920 12934 I art     : Starting a blocking GC Explicit
08-03 19:57:31.705 12920 12934 I art     : Explicit concurrent mark sweep GC freed 26247(1219KB) AllocSpace objects, 2(22MB) LOS objects, 27% free, 41MB/57MB, paused 883us total 48.984ms
08-03 19:57:31.720 12920 12934 I art     : Starting a blocking GC Explicit
08-03 19:57:31.764 12920 12934 I art     : Explicit concurrent mark sweep GC freed 31336(1475KB) AllocSpace objects, 0(0B) LOS objects, 27% free, 41MB/57MB, paused 750us total 43.631ms
08-03 19:57:31.764 12920 12930 I art     : WaitForGcToComplete blocked for 25.275ms for cause HeapTrim
08-03 19:57:31.779 12920 12934 I art     : Starting a blocking GC Explicit
08-03 19:57:31.824 12920 12934 I art     : Explicit concurrent mark sweep GC freed 28480(1348KB) AllocSpace objects, 0(0B) LOS objects, 27% free, 42MB/58MB, paused 856us total 45.139ms
08-03 19:57:32.146 12920 12941 I art     : Starting a blocking GC Explicit
08-03 19:57:32.213 12920 12941 I art     : Explicit concurrent mark sweep GC freed 174370(8MB) AllocSpace objects, 1(20KB) LOS objects, 26% free, 43MB/59MB, paused 819us total 66.854ms
08-03 19:57:32.230 12920 12941 I art     : Starting a blocking GC Explicit
08-03 19:57:32.281 12920 12941 I art     : Explicit concurrent mark sweep GC freed 37540(1769KB) AllocSpace objects, 0(0B) LOS objects, 26% free, 43MB/59MB, paused 969us total 49.912ms
08-03 19:57:32.297 12920 12941 I art     : Starting a blocking GC Explicit
08-03 19:57:32.347 12920 12941 I art     : Explicit concurrent mark sweep GC freed 32100(1524KB) AllocSpace objects, 0(0B) LOS objects, 26% free, 43MB/59MB, paused 989us total 49.849ms
08-03 19:57:32.364 12920 12941 I art     : Starting a blocking GC Explicit
08-03 19:57:32.416 12920 12941 I art     : Explicit concurrent mark sweep GC freed 32244(1526KB) AllocSpace objects, 0(0B) LOS objects, 26% free, 44MB/60MB, paused 1.138ms total 52.021ms
08-03 19:57:32.434 12920 12941 I art     : Starting a blocking GC Explicit
08-03 19:57:32.489 12920 12941 I art     : Explicit concurrent mark sweep GC freed 33569(1585KB) AllocSpace objects, 0(0B) LOS objects, 26% free, 44MB/60MB, paused 959us total 54.659ms
08-03 19:57:32.806 12920 12934 I art     : Starting a blocking GC Explicit
08-03 19:57:32.882 12920 12934 I art     : Explicit concurrent mark sweep GC freed 177043(8MB) AllocSpace objects, 1(20KB) LOS objects, 25% free, 46MB/62MB, paused 941us total 75.841ms
08-03 19:57:32.901 12920 12934 I art     : Starting a blocking GC Explicit
08-03 19:57:32.959 12920 12934 I art     : Explicit concurrent mark sweep GC freed 42610(1991KB) AllocSpace objects, 0(0B) LOS objects, 25% free, 46MB/62MB, paused 1.094ms total 57.563ms
08-03 19:57:32.978 12920 12934 I art     : Starting a blocking GC Explicit
08-03 19:57:33.035 12920 12934 I art     : Explicit concurrent mark sweep GC freed 36062(1710KB) AllocSpace objects, 0(0B) LOS objects, 25% free, 46MB/62MB, paused 1.232ms total 57.674ms
08-03 19:57:33.054 12920 12934 I art     : Starting a blocking GC Explicit
08-03 19:57:33.113 12920 12934 I art     : Explicit concurrent mark sweep GC freed 36554(1747KB) AllocSpace objects, 0(0B) LOS objects, 25% free, 46MB/62MB, paused 1.413ms total 59.312ms
08-03 19:57:33.132 12920 12934 I art     : Starting a blocking GC Explicit
08-03 19:57:33.194 12920 12934 I art     : Explicit concurrent mark sweep GC freed 37763(1762KB) AllocSpace objects, 0(0B) LOS objects, 25% free, 46MB/62MB, paused 1.495ms total 61.550ms
08-03 19:57:33.522 12920 12941 I art     : Starting a blocking GC Explicit
08-03 19:57:33.605 12920 12941 I art     : Explicit concurrent mark sweep GC freed 184429(8MB) AllocSpace objects, 1(20KB) LOS objects, 24% free, 48MB/64MB, paused 1.034ms total 81.837ms
08-03 19:57:33.626 12920 12941 I art     : Starting a blocking GC Explicit
08-03 19:57:33.688 13866 13882 I PeriodicStatsRunner: PeriodicStatsRunner.call():175 call()
08-03 19:57:33.688 13866 13882 I PeriodicStatsRunner: PeriodicStatsRunner.call():179 No submit PeriodicStats since input started.
08-03 19:57:33.691 12920 12941 I art     : Explicit concurrent mark sweep GC freed 46948(2MB) AllocSpace objects, 0(0B) LOS objects, 24% free, 48MB/64MB, paused 1.231ms total 64.770ms
08-03 19:57:33.711 12920 12941 I art     : Starting a blocking GC Explicit
08-03 19:57:33.780 12920 12941 I art     : Explicit concurrent mark sweep GC freed 40828(1982KB) AllocSpace objects, 0(0B) LOS objects, 24% free, 48MB/64MB, paused 1.649ms total 68.802ms
08-03 19:57:33.800 12920 12941 I art     : Starting a blocking GC Explicit
08-03 19:57:33.867 12920 12941 I art     : Explicit concurrent mark sweep GC freed 40475(1892KB) AllocSpace objects, 0(0B) LOS objects, 24% free, 49MB/65MB, paused 1.362ms total 66.644ms
08-03 19:57:33.888 12920 12941 I art     : Starting a blocking GC Explicit
08-03 19:57:33.955 12920 12941 I art     : Explicit concurrent mark sweep GC freed 39310(1874KB) AllocSpace objects, 0(0B) LOS objects, 24% free, 49MB/65MB, paused 1.412ms total 67.209ms
08-03 19:57:34.276 12920 12933 I art     : Starting a blocking GC Explicit
08-03 19:57:34.367 12920 12933 I art     : Explicit concurrent mark sweep GC freed 184972(8MB) AllocSpace objects, 1(20KB) LOS objects, 23% free, 51MB/67MB, paused 1.320ms total 90.358ms
08-03 19:57:34.374   518   646 I ThermalEngine: ACTION: GPU - Setting GPU[0] to 390000000
08-03 19:57:34.407 12920 12933 I art     : Starting a blocking GC Explicit
08-03 19:57:34.514 12920 12933 I art     : Explicit concurrent mark sweep GC freed 69832(3MB) AllocSpace objects, 0(0B) LOS objects, 23% free, 51MB/67MB, paused 2.104ms total 106.030ms
08-03 19:57:34.551 12920 12933 I art     : Starting a blocking GC Explicit
08-03 19:57:34.663 12920 12933 I art     : Explicit concurrent mark sweep GC freed 67202(3MB) AllocSpace objects, 0(0B) LOS objects, 23% free, 51MB/67MB, paused 2.273ms total 111.942ms
08-03 19:57:34.703 12920 12933 I art     : Starting a blocking GC Explicit
08-03 19:57:34.817 12920 12933 I art     : Explicit concurrent mark sweep GC freed 68564(3MB) AllocSpace objects, 0(0B) LOS objects, 23% free, 52MB/68MB, paused 4.119ms total 114.212ms
08-03 19:57:34.854 12920 12933 I art     : Starting a blocking GC Explicit
08-03 19:57:34.867 12920 14104 I Service : getCourses response time: 0.69
08-03 19:57:34.873 12920 12920 I SettingsManager: Getting string: savedCourse
08-03 19:57:34.958 12920 12933 I art     : Explicit concurrent mark sweep GC freed 29005(1413KB) AllocSpace objects, 0(0B) LOS objects, 23% free, 52MB/68MB, paused 1.475ms total 104.035ms
08-03 19:57:35.315 12920 12934 I art     : Starting a blocking GC Explicit
08-03 19:57:35.469 12920 12934 I art     : Explicit concurrent mark sweep GC freed 2227(115KB) AllocSpace objects, 2(15MB) LOS objects, 29% free, 37MB/53MB, paused 1.299ms total 153.218ms
08-03 19:57:35.511 12920 12934 I art     : Starting a blocking GC Explicit
08-03 19:57:35.624 12920 12934 I art     : Explicit concurrent mark sweep GC freed 735(66KB) AllocSpace objects, 0(0B) LOS objects, 29% free, 37MB/53MB, paused 1.205ms total 113.226ms
08-03 19:57:35.668 12920 12934 I art     : Starting a blocking GC Explicit
08-03 19:57:35.675 13866 13882 I PeriodicStatsRunner: PeriodicStatsRunner.call():175 call()
08-03 19:57:35.675 13866 13882 I PeriodicStatsRunner: PeriodicStatsRunner.call():179 No submit PeriodicStats since input started.
08-03 19:57:35.793 12920 12934 I art     : Explicit concurrent mark sweep GC freed 3(96B) AllocSpace objects, 0(0B) LOS objects, 29% free, 37MB/53MB, paused 823us total 124.981ms
08-03 19:57:35.840 12920 12934 I art     : Starting a blocking GC Explicit
08-03 19:57:35.961 12920 12934 I art     : Explicit concurrent mark sweep GC freed 3(96B) AllocSpace objects, 0(0B) LOS objects, 29% free, 37MB/53MB, paused 1.379ms total 121.160ms
08-03 19:57:36.004 12920 12934 I art     : Starting a blocking GC Explicit
08-03 19:57:36.131 12920 12934 I art     : Explicit concurrent mark sweep GC freed 3(96B) AllocSpace objects, 0(0B) LOS objects, 29% free, 37MB/53MB, paused 837us total 126.556ms
08-03 19:57:36.378   518   646 I ThermalEngine: ACTION: GPU - Setting GPU[0] to 450000000
08-03 19:57:36.397 12920 13139 I art     : Starting a blocking GC Explicit
08-03 19:57:36.485 12920 13139 I art     : Explicit concurrent mark sweep GC freed 1292(75KB) AllocSpace objects, 1(20KB) LOS objects, 29% free, 37MB/53MB, paused 526us total 88.090ms
08-03 19:57:36.510 12920 13139 I art     : Starting a blocking GC Explicit
08-03 19:57:36.591 12920 13139 I art     : Explicit concurrent mark sweep GC freed 21(752B) AllocSpace objects, 0(0B) LOS objects, 29% free, 37MB/53MB, paused 556us total 81.374ms
08-03 19:57:36.617 12920 13139 I art     : Starting a blocking GC Explicit
08-03 19:57:36.698 12920 13139 I art     : Explicit concurrent mark sweep GC freed 3(96B) AllocSpace objects, 0(0B) LOS objects, 29% free, 37MB/53MB, paused 591us total 80.970ms
08-03 19:57:36.723 12920 13139 I art     : Starting a blocking GC Explicit
08-03 19:57:36.804 12920 13139 I art     : Explicit concurrent mark sweep GC freed 3(96B) AllocSpace objects, 0(0B) LOS objects, 29% free, 37MB/53MB, paused 487us total 80.002ms
08-03 19:57:36.828 12920 13139 I art     : Starting a blocking GC Explicit
08-03 19:57:36.900 12920 13139 I art     : Explicit concurrent mark sweep GC freed 3(96B) AllocSpace objects, 0(0B) LOS objects, 29% free, 37MB/53MB, paused 511us total 71.729ms
08-03 19:57:36.900 12920 12930 I art     : WaitForGcToComplete blocked for 72.025ms for cause HeapTrim
08-03 19:57:37.252 12920 12941 I art     : Starting a blocking GC Explicit
08-03 19:57:37.336 12920 12941 I art     : Explicit concurrent mark sweep GC freed 1292(75KB) AllocSpace objects, 1(20KB) LOS objects, 29% free, 37MB/53MB, paused 543us total 84.201ms
08-03 19:57:37.340 14188 14188 D AndroidRuntime: >>>>>> START com.android.internal.os.RuntimeInit uid 2000 <<<<<<
08-03 19:57:37.346 14188 14188 D AndroidRuntime: CheckJNI is OFF
08-03 19:57:37.361 12920 12941 I art     : Starting a blocking GC Explicit
08-03 19:57:37.391 14188 14188 D ICU     : No timezone override file found: /data/misc/zoneinfo/current/icu/icu_tzdata.dat
08-03 19:57:37.437 12920 12941 I art     : Explicit concurrent mark sweep GC freed 18(624B) AllocSpace objects, 0(0B) LOS objects, 29% free, 37MB/53MB, paused 640us total 76.310ms
08-03 19:57:37.439 14188 14188 I Radio-JNI: register_android_hardware_Radio DONE
08-03 19:57:37.461 12920 12941 I art     : Starting a blocking GC Explicit
08-03 19:57:37.469 14188 14188 D AndroidRuntime: Calling main entry com.android.commands.input.Input
08-03 19:57:37.472 14188 14188 I Input   : injectMotionEvent: MotionEvent { action=ACTION_DOWN, actionButton=0, id[0]=0, x[0]=648.0, y[0]=709.0, toolType[0]=TOOL_TYPE_UNKNOWN, buttonState=0, metaState=0, flags=0x0, edgeFlags=0x0, pointerCount=1, historySize=0, eventTime=647873884, downTime=647873884, deviceId=0, source=0x1002 }
08-03 19:57:37.478 14188 14188 I Input   : injectMotionEvent: MotionEvent { action=ACTION_UP, actionButton=0, id[0]=0, x[0]=648.0, y[0]=709.0, toolType[0]=TOOL_TYPE_UNKNOWN, buttonState=0, metaState=0, flags=0x0, edgeFlags=0x0, pointerCount=1, historySize=0, eventTime=647873884, downTime=647873884, deviceId=0, source=0x1002 }
08-03 19:57:37.479 14188 14188 D AndroidRuntime: Shutting down VM
08-03 19:57:37.532 12920 12941 I art     : Explicit concurrent mark sweep GC freed 21(768B) AllocSpace objects, 0(0B) LOS objects, 29% free, 37MB/53MB, paused 491us total 70.171ms
08-03 19:57:37.546   512  2967 D audio_hw_primary: out_set_parameters: enter: usecase(1: low-latency-playback) kvpairs: routing=2
08-03 19:57:37.556 12920 12941 I art     : Starting a blocking GC Explicit
08-03 19:57:37.559   512  2967 D audio_hw_primary: select_devices: out_snd_device(2: speaker) in_snd_device(0: none)
08-03 19:57:37.560   512  2967 D msm8974_platform: platform_send_audio_calibration: sending audio calibration for snd_device(2) acdb_id(15)
08-03 19:57:37.560   512  2967 I soundtrigger: audio_extn_sound_trigger_update_device_status: device 0x2 of type 0 for Event 1
08-03 19:57:37.574   512  2967 D audio_hw_primary: enable_snd_device: snd_device(2: speaker)
08-03 19:57:37.576   512  2967 D audio_hw_primary: enable_audio_route: apply and update mixer path: low-latency-playback speaker
08-03 19:57:37.625 12920 12941 I art     : Explicit concurrent mark sweep GC freed 716(50KB) AllocSpace objects, 1(20KB) LOS objects, 29% free, 37MB/53MB, paused 573us total 68.724ms
08-03 19:57:37.648 12920 12941 I art     : Starting a blocking GC Explicit
08-03 19:57:37.725 12920 12941 I art     : Explicit concurrent mark sweep GC freed 153(11KB) AllocSpace objects, 0(0B) LOS objects, 29% free, 37MB/53MB, paused 473us total 76.882ms
08-03 19:57:38.060 12920 12933 I art     : Starting a blocking GC Explicit
08-03 19:57:38.121   512  2967 D audio_hw_primary: disable_audio_route: reset and update mixer path: low-latency-playback speaker
08-03 19:57:38.123   512  2967 D audio_hw_primary: disable_snd_device: snd_device(2: speaker)
08-03 19:57:38.133   512  2967 I soundtrigger: audio_extn_sound_trigger_update_device_status: device 0x2 of type 0 for Event 0
08-03 19:57:38.152 12920 12933 I art     : Explicit concurrent mark sweep GC freed 1313(76KB) AllocSpace objects, 1(20KB) LOS objects, 29% free, 37MB/53MB, paused 503us total 91.592ms
08-03 19:57:38.181 12920 12933 I art     : Starting a blocking GC Explicit
08-03 19:57:38.270 12920 12933 I art     : Explicit concurrent mark sweep GC freed 24(816B) AllocSpace objects, 0(0B) LOS objects, 29% free, 37MB/53MB, paused 623us total 88.717ms
08-03 19:57:38.300 12920 12933 I art     : Starting a blocking GC Explicit
08-03 19:57:38.382 12920 12933 I art     : Explicit concurrent mark sweep GC freed 5(160B) AllocSpace objects, 0(0B) LOS objects, 29% free, 37MB/53MB, paused 492us total 82.196ms
08-03 19:57:38.408 12920 12933 I art     : Starting a blocking GC Explicit
08-03 19:57:38.484 12920 12933 I art     : Explicit concurrent mark sweep GC freed 5(160B) AllocSpace objects, 0(0B) LOS objects, 29% free, 37MB/53MB, paused 524us total 75.010ms
08-03 19:57:38.508 12920 12933 I art     : Starting a blocking GC Explicit
08-03 19:57:38.584 12920 12933 I art     : Explicit concurrent mark sweep GC freed 3(96B) AllocSpace objects, 0(0B) LOS objects, 29% free, 37MB/53MB, paused 480us total 75.073ms
08-03 19:57:38.911 12920 13139 I art     : Starting a blocking GC Explicit
08-03 19:57:38.991 12920 13139 I art     : Explicit concurrent mark sweep GC freed 1292(75KB) AllocSpace objects, 1(20KB) LOS objects, 29% free, 37MB/53MB, paused 536us total 79.694ms
08-03 19:57:39.016 12920 13139 I art     : Starting a blocking GC Explicit
08-03 19:57:39.090 12920 13139 I art     : Explicit concurrent mark sweep GC freed 18(624B) AllocSpace objects, 0(0B) LOS objects, 29% free, 37MB/53MB, paused 578us total 73.888ms
08-03 19:57:39.115 12920 13139 I art     : Starting a blocking GC Explicit
08-03 19:57:39.197 12920 13139 I art     : Explicit concurrent mark sweep GC freed 5(160B) AllocSpace objects, 0(0B) LOS objects, 29% free, 37MB/53MB, paused 1.632ms total 81.612ms
08-03 19:57:39.224 12920 13139 I art     : Starting a blocking GC Explicit
08-03 19:57:39.284 14221 14221 D AndroidRuntime: >>>>>> START com.android.internal.os.RuntimeInit uid 2000 <<<<<<
08-03 19:57:39.290 14221 14221 D AndroidRuntime: CheckJNI is OFF
08-03 19:57:39.301 12920 13139 I art     : Explicit concurrent mark sweep GC freed 15(480B) AllocSpace objects, 0(0B) LOS objects, 29% free, 37MB/53MB, paused 523us total 76.878ms
08-03 19:57:39.327 12920 13139 I art     : Starting a blocking GC Explicit
08-03 19:57:39.340 14221 14221 D ICU     : No timezone override file found: /data/misc/zoneinfo/current/icu/icu_tzdata.dat
08-03 19:57:39.385 14221 14221 I Radio-JNI: register_android_hardware_Radio DONE
08-03 19:57:39.402 12920 13139 I art     : Explicit concurrent mark sweep GC freed 15(480B) AllocSpace objects, 0(0B) LOS objects, 29% free, 37MB/53MB, paused 501us total 74.731ms
08-03 19:57:39.415 14221 14221 D AndroidRuntime: Calling main entry com.android.commands.input.Input
08-03 19:57:39.418 14221 14221 I Input   : injectMotionEvent: MotionEvent { action=ACTION_DOWN, actionButton=0, id[0]=0, x[0]=1197.0, y[0]=1456.0, toolType[0]=TOOL_TYPE_UNKNOWN, buttonState=0, metaState=0, flags=0x0, edgeFlags=0x0, pointerCount=1, historySize=0, eventTime=647875830, downTime=647875830, deviceId=0, source=0x1002 }
08-03 19:57:39.424 14221 14221 I Input   : injectMotionEvent: MotionEvent { action=ACTION_UP, actionButton=0, id[0]=0, x[0]=1197.0, y[0]=1456.0, toolType[0]=TOOL_TYPE_UNKNOWN, buttonState=0, metaState=0, flags=0x0, edgeFlags=0x0, pointerCount=1, historySize=0, eventTime=647875830, downTime=647875830, deviceId=0, source=0x1002 }
08-03 19:57:39.430 14221 14221 D AndroidRuntime: Shutting down VM
08-03 19:57:39.445   512  2967 D audio_hw_primary: out_set_parameters: enter: usecase(1: low-latency-playback) kvpairs: routing=2
08-03 19:57:39.458   512  2967 D audio_hw_primary: select_devices: out_snd_device(2: speaker) in_snd_device(0: none)
08-03 19:57:39.458   512  2967 D msm8974_platform: platform_send_audio_calibration: sending audio calibration for snd_device(2) acdb_id(15)
08-03 19:57:39.458 12920 12920 I SettingsManager: Setting string: savedCourse
08-03 19:57:39.458   512  2967 I soundtrigger: audio_extn_sound_trigger_update_device_status: device 0x2 of type 0 for Event 1
08-03 19:57:39.459   918   929 W BackupManagerService: dataChanged but no participant pkg='baseline.com.ak.uobtimetable' uid=10641
08-03 19:57:39.459   918  6111 I ActivityManager: START u0 {flg=0x4000000 cmp=baseline.com.ak.uobtimetable/.MainActivity (has extras)} from uid 10641 on display 0
08-03 19:57:39.470   512  2967 D audio_hw_primary: enable_snd_device: snd_device(2: speaker)
08-03 19:57:39.473   512  2967 D audio_hw_primary: enable_audio_route: apply and update mixer path: low-latency-playback speaker
08-03 19:57:39.473   918  5132 W InputMethodManagerService: Focus gain on non-focused client com.android.internal.view.IInputMethodClient$Stub$Proxy@a7da28e (uid=10641 pid=12920)
08-03 19:57:39.488 12920 12920 D MainActivity: OnDestroy
08-03 19:57:39.512 12920 12920 D MainActivity: onCreate
08-03 19:57:39.512 12920 12920 I SettingsManager: Getting string: savedSessions
08-03 19:57:39.512 12920 12920 I SettingsManager: Getting string: savedSessions
08-03 19:57:39.522 12920 12920 I SettingsManager: Getting string: savedSessionsCourseName
08-03 19:57:39.522 12920 12920 I SettingsManager: Getting string: savedSessionsCourseName
08-03 19:57:39.522 12920 12920 I SettingsManager: Getting string: savedSessionsDateRange
08-03 19:57:39.522 12920 12920 I SettingsManager: Getting string: savedSessionsDateRange
08-03 19:57:39.522 12920 12920 I Settings: 15 saved sessions - Artificial Intelligence and Robotics (with Foundation Year) - BSc (Hons) - Ltn - Y0 Feb FT - Weeks: 24-38 (8 Jun 2020-20 Sep 2020)
08-03 19:57:39.565 12920 12920 I SettingsManager: Getting string: savedCourse
08-03 19:57:39.566 12920 12920 D MainActivity: sessionListFragmentArg: updateSessions
08-03 19:57:39.566 12920 12920 D MainActivity: showTermDatesConfigChange: false
08-03 19:57:39.566 12920 12920 D MainActivity: showTermDatesShortcut: false
08-03 19:57:39.566 12920 12920 D MainActivity: Setting initial fragment: SessionListsFragment
08-03 19:57:39.567 12920 12920 I SettingsManager: Getting int: launchCount
08-03 19:57:39.568 12920 12920 D SessionListsFragment: onCreateView
08-03 19:57:39.574 12920 12920 I SettingsManager: Getting string: savedCourse
08-03 19:57:39.579 12920 12920 I SettingsManager: Getting string: savedSessions
08-03 19:57:39.590 12920 12920 D SessionListsFragment: loadArgument: updateSessions
08-03 19:57:39.590 12920 12920 D SessionListsFragment: initialIndex: -1
08-03 19:57:39.593 12920 14252 D HTTP    : Request for: https://uob-timetable-api.adriankeenan.co.uk/sessions?dept=CM010&course=BSAIFAAF%2F02AA%2F0%2FFT&level=Foundation+Year
08-03 19:57:39.606 12920 12920 D TermDatesFragment: WebView loaded
08-03 19:57:39.607 12920 12920 D MainActivity: OnResume
08-03 19:57:39.620 12920 12920 I TermDatesFragment: Webview load %: 10
08-03 19:57:39.717   918   936 I ActivityManager: Displayed baseline.com.ak.uobtimetable/.MainActivity: +242ms
08-03 19:57:39.719 13866 13866 I GoogleInputMethodServic: GoogleInputMethodService.onFinishInput():3138 
08-03 19:57:39.720 13866 13866 I GoogleInputMethodServic: GoogleInputMethodService.onStartInput():1808 
08-03 19:57:39.723 12920 12933 I art     : Starting a blocking GC Explicit
08-03 19:57:39.796 12920 12933 I art     : Explicit concurrent mark sweep GC freed 23263(1091KB) AllocSpace objects, 3(1360KB) LOS objects, 29% free, 38MB/54MB, paused 893us total 73.057ms
08-03 19:57:39.815   918   928 I AccountManagerService: getTypesVisibleToCaller: isPermitted? true
08-03 19:57:39.820 12920 12933 I art     : Starting a blocking GC Explicit
08-03 19:57:39.867 12920 12920 I TermDatesFragment: Webview load %: 70
08-03 19:57:39.879 12920 12920 I TermDatesFragment: Webview load %: 100
08-03 19:57:39.879 12920 12920 I TermDatesFragment: Webview load %: 100
08-03 19:57:39.879 12920 12933 I art     : Explicit concurrent mark sweep GC freed 40971(1848KB) AllocSpace objects, 5(320KB) LOS objects, 30% free, 36MB/52MB, paused 723us total 59.354ms
08-03 19:57:39.899 12920 12933 I art     : Starting a blocking GC Explicit
08-03 19:57:39.917 12920 14252 I NAPPA_EXPERIMENTATION: MetricNetworkRequestExecutionTime: REQUEST_DURATION_SYSTEM='322',REQUEST_DURATION_OKHTTP='88',REQUEST_SYNCHRONOUS='TRUE',RESPONSE_CODE='200',RESPONSE_METHOD='GET',RESPONSE_LENGTH_OKHTTP='-1',RESPONSE_LENGTH_HEADER='1214',REQUEST_PROTOCOL='http/1.1',REQUEST_URL='https://uob-timetable-api.adriankeenan.co.uk/sessions?dept=CM010&course=BSAIFAAF%2F02AA%2F0%2FFT&level=Foundation+Year',
08-03 19:57:39.950 12920 14252 I HTTP    : Response was compressed.
08-03 19:57:39.950 12920 12933 I art     : Explicit concurrent mark sweep GC freed 1126(135KB) AllocSpace objects, 0(0B) LOS objects, 30% free, 36MB/52MB, paused 545us total 51.206ms
08-03 19:57:39.968 12920 14252 I Service : getSessions response time: 1.10
08-03 19:57:39.969 12920 12920 I SettingsManager: Getting string: savedSessions
08-03 19:57:39.970 12920 12933 I art     : Starting a blocking GC Explicit
08-03 19:57:39.970 12920 12920 I SettingsManager: Getting string: savedSessions
08-03 19:57:39.984 12920 12920 I Service : Sessions updated: 15
08-03 19:57:39.984 12920 12920 I Service : Sessions removed from new list: 0
08-03 19:57:39.993 12920 12920 I SettingsManager: Setting string: savedSessions
08-03 19:57:39.993   918  3670 W BackupManagerService: dataChanged but no participant pkg='baseline.com.ak.uobtimetable' uid=10641
08-03 19:57:39.994 12920 12920 I SettingsManager: Setting date: savedSessionsTime
08-03 19:57:40.002   918  5132 W BackupManagerService: dataChanged but no participant pkg='baseline.com.ak.uobtimetable' uid=10641
08-03 19:57:40.003 12920 12920 I SettingsManager: Setting string: savedSessionsCourseName
08-03 19:57:40.003   918  4413 W BackupManagerService: dataChanged but no participant pkg='baseline.com.ak.uobtimetable' uid=10641
08-03 19:57:40.003 12920 12920 I SettingsManager: Setting string: savedSessionsDateRange
08-03 19:57:40.003   918  3359 W BackupManagerService: dataChanged but no participant pkg='baseline.com.ak.uobtimetable' uid=10641
08-03 19:57:40.004 12920 12920 I SettingsManager: Setting string: timetableUrl
08-03 19:57:40.004   918  5481 W BackupManagerService: dataChanged but no participant pkg='baseline.com.ak.uobtimetable' uid=10641
08-03 19:57:40.004 12920 12920 I SettingsManager: Getting boolean: notifySessionRemindersEnabled
08-03 19:57:40.004 12920 12920 I SettingsManager: Getting int: notifySessionRemindersMinutes
08-03 19:57:40.004 12920 12920 I SettingsManager: Getting boolean: showHiddenSessions
08-03 19:57:40.007 12920 12920 I SessionReminderNotifier: Created session reminder alarm for f7b4771250a919bd729c1c5a4a459c77 at Mon 08:30:00 10/08/20
08-03 19:57:40.008 12920 12920 I SessionReminderNotifier: Created session reminder alarm for a7f879aabdeb78622c8820a5fb7b64cd at Tue 08:30:00 04/08/20
08-03 19:57:40.010 12920 12920 I SessionReminderNotifier: Created session reminder alarm for 7bc8d7e2c2055711f597c3d9078c6ea3 at Tue 08:30:00 04/08/20
08-03 19:57:40.012 12920 12920 I SessionReminderNotifier: Created session reminder alarm for 53c0527a6f009a1f2fd223834d3bfe51 at Tue 10:30:00 04/08/20
08-03 19:57:40.014 12920 12920 I SessionReminderNotifier: Created session reminder alarm for e0fc978b5db8218778540b4053344581 at Tue 11:00:00 04/08/20
08-03 19:57:40.016 12920 12920 I SessionReminderNotifier: Created session reminder alarm for 199afb0100f329ff65a09e1b0cd9deba at Tue 11:30:00 04/08/20
08-03 19:57:40.017 12920 12920 I SessionReminderNotifier: Created session reminder alarm for 21712fef61090882c855a1425543edb5 at Tue 13:30:00 04/08/20
08-03 19:57:40.019 12920 12920 I SessionReminderNotifier: Created session reminder alarm for 65ca4d97f031f29a4d02bbb45a705d8f at Wed 08:30:00 05/08/20
08-03 19:57:40.021 12920 12920 I SessionReminderNotifier: Created session reminder alarm for eeda7741b0bcab58fd9f46dc6ef1d942 at Wed 08:30:00 05/08/20
08-03 19:57:40.024 12920 12920 I SessionReminderNotifier: Created session reminder alarm for c276c1b2075a0beb67f1b3d1e580f920 at Wed 11:00:00 05/08/20
08-03 19:57:40.027 12920 12920 I SessionReminderNotifier: Created session reminder alarm for 8b1f3627e42ae13a6f6ba0a83903dde1 at Wed 13:30:00 05/08/20
08-03 19:57:40.027 12920 12933 I art     : Explicit concurrent mark sweep GC freed 17797(843KB) AllocSpace objects, 3(52KB) LOS objects, 30% free, 36MB/52MB, paused 801us total 57.289ms
08-03 19:57:40.029   512  2967 D audio_hw_primary: disable_audio_route: reset and update mixer path: low-latency-playback speaker
08-03 19:57:40.029   512  2967 D audio_hw_primary: disable_snd_device: snd_device(2: speaker)
08-03 19:57:40.030 12920 12920 I SessionReminderNotifier: Created session reminder alarm for 79fe0b5c3b887a13ba29db5a33fa2800 at Thu 08:30:00 06/08/20
08-03 19:57:40.032 12920 12920 I SessionReminderNotifier: Created session reminder alarm for cb9dfc8231cdba2be0835dc5709690e1 at Thu 08:30:00 06/08/20
08-03 19:57:40.034 12920 12920 I SessionReminderNotifier: Created session reminder alarm for f850dc24d6de60b7b89fa9e1a8c224c5 at Thu 12:00:00 06/08/20
08-03 19:57:40.037 12920 12920 I SessionReminderNotifier: Created session reminder alarm for 2ba1034116e4fffdd592dbf0796a43d5 at Fri 08:30:00 07/08/20
08-03 19:57:40.037 12920 12920 I SettingsManager: Getting boolean: showHiddenSessions
08-03 19:57:40.037 12920 12920 D SessionListsFragment: 1 sessions for day 0
08-03 19:57:40.037 12920 12920 D SessionListsFragment: 6 sessions for day 1
08-03 19:57:40.038 12920 12920 D SessionListsFragment: 4 sessions for day 2
08-03 19:57:40.038 12920 12920 D SessionListsFragment: 3 sessions for day 3
08-03 19:57:40.038 12920 12920 D SessionListsFragment: 1 sessions for day 4
08-03 19:57:40.039   512  2967 I soundtrigger: audio_extn_sound_trigger_update_device_status: device 0x2 of type 0 for Event 0
08-03 19:57:40.047 12920 12933 I art     : Starting a blocking GC Explicit
08-03 19:57:40.082 12920 12920 I SettingsManager: Getting boolean: showHiddenSessions
08-03 19:57:40.083 12920 12920 D SessionListsFragment: Refreshed ViewPager
08-03 19:57:40.083 12920 12920 I SettingsManager: Getting boolean: showHiddenSessions
08-03 19:57:40.083 12920 12920 I SettingsManager: Getting boolean: completedTutorial
08-03 19:57:40.083 12920 12920 I SettingsManager: Getting boolean: showHiddenSessions
08-03 19:57:40.083 12920 12920 I SettingsManager: Getting date: savedSessionsTime
08-03 19:57:40.105 12920 12933 I art     : Explicit concurrent mark sweep GC freed 8043(370KB) AllocSpace objects, 0(0B) LOS objects, 30% free, 36MB/52MB, paused 1.522ms total 58.205ms
08-03 19:57:40.370 24577 24587 I art     : Background partial concurrent mark sweep GC freed 337268(7MB) AllocSpace objects, 2(216KB) LOS objects, 27% free, 42MB/58MB, paused 7.216ms total 98.743ms
08-03 19:57:40.388   518   646 I ThermalEngine: ACTION: GPU - Setting GPU[0] to 390000000
08-03 19:57:40.424 12920 12934 I art     : Starting a blocking GC Explicit
08-03 19:57:40.535 12920 12934 I art     : Explicit concurrent mark sweep GC freed 127938(5MB) AllocSpace objects, 1(20KB) LOS objects, 29% free, 37MB/53MB, paused 1.543ms total 110.548ms
08-03 19:57:40.571 12920 12934 I art     : Starting a blocking GC Explicit
08-03 19:57:40.673 12920 12934 I art     : Explicit concurrent mark sweep GC freed 43531(1912KB) AllocSpace objects, 0(0B) LOS objects, 29% free, 37MB/53MB, paused 1.744ms total 101.527ms
08-03 19:57:40.709 12920 12934 I art     : Starting a blocking GC Explicit
08-03 19:57:40.813 12920 12934 I art     : Explicit concurrent mark sweep GC freed 41382(1710KB) AllocSpace objects, 0(0B) LOS objects, 29% free, 37MB/53MB, paused 1.750ms total 103.895ms
08-03 19:57:40.849 12920 12934 I art     : Starting a blocking GC Explicit
08-03 19:57:40.951 12920 12934 I art     : Explicit concurrent mark sweep GC freed 40461(1654KB) AllocSpace objects, 0(0B) LOS objects, 29% free, 37MB/53MB, paused 1.563ms total 101.683ms
08-03 19:57:40.986 12920 12934 I art     : Starting a blocking GC Explicit
08-03 19:57:41.051 12920 12920 I Choreographer: Skipped 57 frames!  The application may be doing too much work on its main thread.
08-03 19:57:41.097 12920 12934 I art     : Explicit concurrent mark sweep GC freed 34025(1407KB) AllocSpace objects, 0(0B) LOS objects, 29% free, 37MB/53MB, paused 1.382ms total 110.975ms
08-03 19:57:41.460 12920 12941 I art     : Starting a blocking GC Explicit
08-03 19:57:41.572 12920 12941 I art     : Explicit concurrent mark sweep GC freed 2545(171KB) AllocSpace objects, 1(20KB) LOS objects, 29% free, 37MB/53MB, paused 886us total 111.758ms
08-03 19:57:41.614 12920 12941 I art     : Starting a blocking GC Explicit
08-03 19:57:41.683 12920 12941 I art     : Explicit concurrent mark sweep GC freed 121534(11MB) AllocSpace objects, 3(136KB) LOS objects, 37% free, 26MB/42MB, paused 1.131ms total 68.808ms
08-03 19:57:41.706 12920 12941 I art     : Starting a blocking GC Explicit
08-03 19:57:41.752 12920 12941 I art     : Explicit concurrent mark sweep GC freed 56(1888B) AllocSpace objects, 0(0B) LOS objects, 37% free, 26MB/42MB, paused 846us total 45.544ms
08-03 19:57:41.773 12920 12941 I art     : Starting a blocking GC Explicit
08-03 19:57:41.820 12920 12941 I art     : Explicit concurrent mark sweep GC freed 45(1456B) AllocSpace objects, 0(0B) LOS objects, 37% free, 26MB/42MB, paused 1.033ms total 46.593ms
08-03 19:57:41.842 12920 12941 I art     : Starting a blocking GC Explicit
08-03 19:57:41.889 12920 12941 I art     : Explicit concurrent mark sweep GC freed 43(1376B) AllocSpace objects, 0(0B) LOS objects, 37% free, 26MB/42MB, paused 832us total 46.881ms
08-03 19:57:42.221 12920 12933 I art     : Starting a blocking GC Explicit
08-03 19:57:42.288 12920 12933 I art     : Explicit concurrent mark sweep GC freed 1312(76KB) AllocSpace objects, 1(20KB) LOS objects, 37% free, 26MB/42MB, paused 1.376ms total 67.038ms
08-03 19:57:42.317 12920 12933 I art     : Starting a blocking GC Explicit
08-03 19:57:42.370 12920 12933 I art     : Explicit concurrent mark sweep GC freed 18(624B) AllocSpace objects, 0(0B) LOS objects, 37% free, 26MB/42MB, paused 746us total 52.412ms
08-03 19:57:42.371 12920 12930 I art     : WaitForGcToComplete blocked for 34.007ms for cause HeapTrim
08-03 19:57:42.395 12920 12933 I art     : Starting a blocking GC Explicit
08-03 19:57:42.450 12920 12933 I art     : Explicit concurrent mark sweep GC freed 3(96B) AllocSpace objects, 0(0B) LOS objects, 37% free, 26MB/42MB, paused 783us total 54.246ms
08-03 19:57:42.451  8512  8512 I Atfwd_Sendcmd: AtCmdFwd service not ready - Exhausted retry attempts - :6
08-03 19:57:42.452  8512  8512 I Atfwd_Daemon: result : -1 	 ,Init step :2 	 ,qmiErrorCode: 0
08-03 19:57:42.474 12920 12933 I art     : Starting a blocking GC Explicit
08-03 19:57:42.529 12920 12933 I art     : Explicit concurrent mark sweep GC freed 3(96B) AllocSpace objects, 0(0B) LOS objects, 37% free, 26MB/42MB, paused 1.115ms total 54.100ms
08-03 19:57:42.554 12920 12933 I art     : Starting a blocking GC Explicit
08-03 19:57:42.607 12920 12933 I art     : Explicit concurrent mark sweep GC freed 3(96B) AllocSpace objects, 0(0B) LOS objects, 37% free, 26MB/42MB, paused 734us total 53.404ms
08-03 19:57:42.967 12920 12941 I art     : Starting a blocking GC Explicit
08-03 19:57:43.028 12920 12941 I art     : Explicit concurrent mark sweep GC freed 1292(75KB) AllocSpace objects, 1(20KB) LOS objects, 37% free, 26MB/42MB, paused 850us total 60.192ms
08-03 19:57:43.053 12920 12941 I art     : Starting a blocking GC Explicit
08-03 19:57:43.109 12920 12941 I art     : Explicit concurrent mark sweep GC freed 18(624B) AllocSpace objects, 0(0B) LOS objects, 37% free, 26MB/42MB, paused 1.386ms total 56.191ms
08-03 19:57:43.137 12920 12941 I art     : Starting a blocking GC Explicit
08-03 19:57:43.190 12920 12941 I art     : Explicit concurrent mark sweep GC freed 3(96B) AllocSpace objects, 0(0B) LOS objects, 37% free, 26MB/42MB, paused 804us total 52.507ms
08-03 19:57:43.214 12920 12941 I art     : Starting a blocking GC Explicit
08-03 19:57:43.268 12920 12941 I art     : Explicit concurrent mark sweep GC freed 3(96B) AllocSpace objects, 0(0B) LOS objects, 37% free, 26MB/42MB, paused 941us total 53.728ms
08-03 19:57:43.292 12920 12941 I art     : Starting a blocking GC Explicit
08-03 19:57:43.349 12920 12941 I art     : Explicit concurrent mark sweep GC freed 3(96B) AllocSpace objects, 0(0B) LOS objects, 37% free, 26MB/42MB, paused 1.236ms total 56.086ms
08-03 19:57:43.695 12920 13139 I art     : Starting a blocking GC Explicit
08-03 19:57:43.747 12920 13139 I art     : Explicit concurrent mark sweep GC freed 1292(75KB) AllocSpace objects, 1(20KB) LOS objects, 37% free, 26MB/42MB, paused 805us total 52.360ms
08-03 19:57:43.771 12920 13139 I art     : Starting a blocking GC Explicit
08-03 19:57:43.822 12920 13139 I art     : Explicit concurrent mark sweep GC freed 18(624B) AllocSpace objects, 0(0B) LOS objects, 37% free, 26MB/42MB, paused 817us total 50.275ms
08-03 19:57:43.845 12920 13139 I art     : Starting a blocking GC Explicit
08-03 19:57:43.896 12920 13139 I art     : Explicit concurrent mark sweep GC freed 3(96B) AllocSpace objects, 0(0B) LOS objects, 37% free, 26MB/42MB, paused 746us total 49.736ms
08-03 19:57:43.919 12920 13139 I art     : Starting a blocking GC Explicit
08-03 19:57:43.969 12920 13139 I art     : Explicit concurrent mark sweep GC freed 3(96B) AllocSpace objects, 0(0B) LOS objects, 37% free, 26MB/42MB, paused 952us total 49.290ms
08-03 19:57:43.993 12920 13139 I art     : Starting a blocking GC Explicit
08-03 19:57:44.044 12920 13139 I art     : Explicit concurrent mark sweep GC freed 3(96B) AllocSpace objects, 0(0B) LOS objects, 37% free, 26MB/42MB, paused 803us total 50.380ms
08-03 19:57:44.357 14314 14314 D AndroidRuntime: >>>>>> START com.android.internal.os.RuntimeInit uid 2000 <<<<<<
08-03 19:57:44.363 14314 14314 D AndroidRuntime: CheckJNI is OFF
08-03 19:57:44.389 12920 12941 I art     : Starting a blocking GC Explicit
08-03 19:57:44.394   518   646 I ThermalEngine: ACTION: GPU - Setting GPU[0] to 450000000
08-03 19:57:44.408 14314 14314 D ICU     : No timezone override file found: /data/misc/zoneinfo/current/icu/icu_tzdata.dat
08-03 19:57:44.433 12920 12941 I art     : Explicit concurrent mark sweep GC freed 1388(78KB) AllocSpace objects, 1(20KB) LOS objects, 37% free, 26MB/42MB, paused 583us total 43.775ms
08-03 19:57:44.448 12920 12941 I art     : Starting a blocking GC Explicit
08-03 19:57:44.451 14314 14314 I Radio-JNI: register_android_hardware_Radio DONE
08-03 19:57:44.481 14314 14314 D AndroidRuntime: Calling main entry com.android.commands.input.Input
08-03 19:57:44.482 14314 14314 I Input   : injectMotionEvent: MotionEvent { action=ACTION_DOWN, actionButton=0, id[0]=0, x[0]=81.0, y[0]=176.0, toolType[0]=TOOL_TYPE_UNKNOWN, buttonState=0, metaState=0, flags=0x0, edgeFlags=0x0, pointerCount=1, historySize=0, eventTime=647880895, downTime=647880895, deviceId=0, source=0x1002 }
08-03 19:57:44.487 14314 14314 I Input   : injectMotionEvent: MotionEvent { action=ACTION_UP, actionButton=0, id[0]=0, x[0]=81.0, y[0]=176.0, toolType[0]=TOOL_TYPE_UNKNOWN, buttonState=0, metaState=0, flags=0x0, edgeFlags=0x0, pointerCount=1, historySize=0, eventTime=647880895, downTime=647880895, deviceId=0, source=0x1002 }
08-03 19:57:44.489 12920 12941 I art     : Explicit concurrent mark sweep GC freed 166(10KB) AllocSpace objects, 0(0B) LOS objects, 37% free, 26MB/42MB, paused 549us total 40.895ms
08-03 19:57:44.490 14314 14314 D AndroidRuntime: Shutting down VM
08-03 19:57:44.499   512  2967 D audio_hw_primary: out_set_parameters: enter: usecase(1: low-latency-playback) kvpairs: routing=2
08-03 19:57:44.505 12920 12941 I art     : Starting a blocking GC Explicit
08-03 19:57:44.512   512  2967 D audio_hw_primary: select_devices: out_snd_device(2: speaker) in_snd_device(0: none)
08-03 19:57:44.512   512  2967 D msm8974_platform: platform_send_audio_calibration: sending audio calibration for snd_device(2) acdb_id(15)
08-03 19:57:44.513   512  2967 I soundtrigger: audio_extn_sound_trigger_update_device_status: device 0x2 of type 0 for Event 1
08-03 19:57:44.525   512  2967 D audio_hw_primary: enable_snd_device: snd_device(2: speaker)
08-03 19:57:44.528   512  2967 D audio_hw_primary: enable_audio_route: apply and update mixer path: low-latency-playback speaker
08-03 19:57:44.533 13866 13866 I GoogleInputMethodServic: GoogleInputMethodService.onFinishInput():3138 
08-03 19:57:44.534 13866 13866 I GoogleInputMethodServic: GoogleInputMethodService.onStartInput():1808 
08-03 19:57:44.548 12920 12941 I art     : Explicit concurrent mark sweep GC freed 46(1744B) AllocSpace objects, 0(0B) LOS objects, 37% free, 26MB/42MB, paused 767us total 43.369ms
08-03 19:57:44.563 12920 12941 I art     : Starting a blocking GC Explicit
08-03 19:57:44.604 12920 12941 I art     : Explicit concurrent mark sweep GC freed 381(19KB) AllocSpace objects, 0(0B) LOS objects, 37% free, 26MB/42MB, paused 655us total 40.805ms
08-03 19:57:44.620 12920 12941 I art     : Starting a blocking GC Explicit
08-03 19:57:44.660 12920 12941 I art     : Explicit concurrent mark sweep GC freed 7(384B) AllocSpace objects, 0(0B) LOS objects, 37% free, 26MB/42MB, paused 543us total 39.721ms
08-03 19:57:44.720 13866 13882 I PeriodicStatsRunner: PeriodicStatsRunner.call():175 call()
08-03 19:57:44.721 13866 13882 I PeriodicStatsRunner: PeriodicStatsRunner.call():179 No submit PeriodicStats since input started.
08-03 19:57:44.825 18789 18839 I Finsky  : [5531] ktr.run(-1): Stats for Executor: BlockingExecutor kvs@4c6bd6a[Running, pool size = 1, active threads = 0, queued tasks = 0, completed tasks = 45]
08-03 19:57:44.881 18789 18839 I Finsky  : [5531] ktr.run(-1): Stats for Executor: LightweightExecutor kvs@51225b[Running, pool size = 4, active threads = 0, queued tasks = 0, completed tasks = 75]
08-03 19:57:44.927   918 13198 D NetlinkSocketObserver: NeighborEvent{elapsedMs=1631268801, 192.168.2.254, [7C3953A63323], RTM_NEWNEIGH, NUD_REACHABLE}
08-03 19:57:44.965 12920 13139 I art     : Starting a blocking GC Explicit
08-03 19:57:45.014 12920 13139 I art     : Explicit concurrent mark sweep GC freed 1295(75KB) AllocSpace objects, 1(20KB) LOS objects, 37% free, 26MB/42MB, paused 513us total 47.982ms
08-03 19:57:45.029 12920 13139 I art     : Starting a blocking GC Explicit
08-03 19:57:45.068   512  2967 D audio_hw_primary: disable_audio_route: reset and update mixer path: low-latency-playback speaker
08-03 19:57:45.070   512  2967 D audio_hw_primary: disable_snd_device: snd_device(2: speaker)
08-03 19:57:45.070 12920 13139 I art     : Explicit concurrent mark sweep GC freed 28(944B) AllocSpace objects, 0(0B) LOS objects, 37% free, 26MB/42MB, paused 503us total 40.397ms
08-03 19:57:45.078   512  2967 I soundtrigger: audio_extn_sound_trigger_update_device_status: device 0x2 of type 0 for Event 0
08-03 19:57:45.085 12920 13139 I art     : Starting a blocking GC Explicit
08-03 19:57:45.127 12920 13139 I art     : Explicit concurrent mark sweep GC freed 3(96B) AllocSpace objects, 0(0B) LOS objects, 37% free, 26MB/42MB, paused 540us total 41.102ms
08-03 19:57:45.142 12920 13139 I art     : Starting a blocking GC Explicit
08-03 19:57:45.183 12920 13139 I art     : Explicit concurrent mark sweep GC freed 3(96B) AllocSpace objects, 0(0B) LOS objects, 37% free, 26MB/42MB, paused 539us total 40.921ms
08-03 19:57:45.198 12920 13139 I art     : Starting a blocking GC Explicit
08-03 19:57:45.241 12920 13139 I art     : Explicit concurrent mark sweep GC freed 3(96B) AllocSpace objects, 0(0B) LOS objects, 37% free, 26MB/42MB, paused 537us total 42.143ms
08-03 19:57:45.569 12920 12941 I art     : Starting a blocking GC Explicit
08-03 19:57:45.583 18789 18839 I Finsky  : [5531] ktr.run(-1): Stats for Executor: bgExecutor kvs@8658af8[Running, pool size = 4, active threads = 0, queued tasks = 0, completed tasks = 137]
08-03 19:57:45.629 12920 12941 I art     : Explicit concurrent mark sweep GC freed 1294(75KB) AllocSpace objects, 1(20KB) LOS objects, 37% free, 26MB/42MB, paused 597us total 59.419ms
08-03 19:57:45.645 12920 12941 I art     : Starting a blocking GC Explicit
08-03 19:57:45.688 12920 12941 I art     : Explicit concurrent mark sweep GC freed 18(624B) AllocSpace objects, 0(0B) LOS objects, 37% free, 26MB/42MB, paused 562us total 42.465ms
08-03 19:57:45.703 12920 12941 I art     : Starting a blocking GC Explicit
08-03 19:57:45.745 12920 12941 I art     : Explicit concurrent mark sweep GC freed 3(96B) AllocSpace objects, 0(0B) LOS objects, 37% free, 26MB/42MB, paused 516us total 41.618ms
08-03 19:57:45.761 12920 12941 I art     : Starting a blocking GC Explicit
08-03 19:57:45.802 12920 12941 I art     : Explicit concurrent mark sweep GC freed 3(96B) AllocSpace objects, 0(0B) LOS objects, 37% free, 26MB/42MB, paused 533us total 40.842ms
08-03 19:57:45.817 12920 12941 I art     : Starting a blocking GC Explicit
08-03 19:57:45.858 12920 12941 I art     : Explicit concurrent mark sweep GC freed 3(96B) AllocSpace objects, 0(0B) LOS objects, 37% free, 26MB/42MB, paused 613us total 40.238ms
08-03 19:57:46.168 12920 12941 I art     : Starting a blocking GC Explicit
08-03 19:57:46.215 12920 12941 I art     : Explicit concurrent mark sweep GC freed 1300(75KB) AllocSpace objects, 1(20KB) LOS objects, 37% free, 26MB/42MB, paused 536us total 45.998ms
08-03 19:57:46.232 12920 12941 I art     : Starting a blocking GC Explicit
08-03 19:57:46.266 14359 14359 D AndroidRuntime: >>>>>> START com.android.internal.os.RuntimeInit uid 2000 <<<<<<
08-03 19:57:46.271 14359 14359 D AndroidRuntime: CheckJNI is OFF
08-03 19:57:46.273 12920 12941 I art     : Explicit concurrent mark sweep GC freed 26(880B) AllocSpace objects, 0(0B) LOS objects, 37% free, 26MB/42MB, paused 639us total 41.186ms
08-03 19:57:46.290 12920 12941 I art     : Starting a blocking GC Explicit
08-03 19:57:46.316 14359 14359 D ICU     : No timezone override file found: /data/misc/zoneinfo/current/icu/icu_tzdata.dat
08-03 19:57:46.331 12920 12941 I art     : Explicit concurrent mark sweep GC freed 9(288B) AllocSpace objects, 0(0B) LOS objects, 37% free, 26MB/42MB, paused 521us total 41.304ms
08-03 19:57:46.346 12920 12941 I art     : Starting a blocking GC Explicit
08-03 19:57:46.361 14359 14359 I Radio-JNI: register_android_hardware_Radio DONE
08-03 19:57:46.386 12920 12941 I art     : Explicit concurrent mark sweep GC freed 8(256B) AllocSpace objects, 0(0B) LOS objects, 37% free, 26MB/42MB, paused 532us total 40.019ms
08-03 19:57:46.390 14359 14359 D AndroidRuntime: Calling main entry com.android.commands.input.Input
08-03 19:57:46.392 14359 14359 I Input   : injectMotionEvent: MotionEvent { action=ACTION_DOWN, actionButton=0, id[0]=0, x[0]=360.0, y[0]=1098.0, toolType[0]=TOOL_TYPE_UNKNOWN, buttonState=0, metaState=0, flags=0x0, edgeFlags=0x0, pointerCount=1, historySize=0, eventTime=647882805, downTime=647882805, deviceId=0, source=0x1002 }
08-03 19:57:46.401 12920 12941 I art     : Starting a blocking GC Explicit
08-03 19:57:46.402 14359 14359 I Input   : injectMotionEvent: MotionEvent { action=ACTION_UP, actionButton=0, id[0]=0, x[0]=360.0, y[0]=1098.0, toolType[0]=TOOL_TYPE_UNKNOWN, buttonState=0, metaState=0, flags=0x0, edgeFlags=0x0, pointerCount=1, historySize=0, eventTime=647882805, downTime=647882805, deviceId=0, source=0x1002 }
08-03 19:57:46.404 14359 14359 D AndroidRuntime: Shutting down VM
08-03 19:57:46.417 12920 12920 D MainActivity: NavigationItemSelected: Term dates
08-03 19:57:46.419   512  2967 D audio_hw_primary: out_set_parameters: enter: usecase(1: low-latency-playback) kvpairs: routing=2
08-03 19:57:46.432   512  2967 D audio_hw_primary: select_devices: out_snd_device(2: speaker) in_snd_device(0: none)
08-03 19:57:46.433   512  2967 D msm8974_platform: platform_send_audio_calibration: sending audio calibration for snd_device(2) acdb_id(15)
08-03 19:57:46.433   512  2967 I soundtrigger: audio_extn_sound_trigger_update_device_status: device 0x2 of type 0 for Event 1
08-03 19:57:46.442   512  2967 D audio_hw_primary: enable_snd_device: snd_device(2: speaker)
08-03 19:57:46.443 12920 12941 I art     : Explicit concurrent mark sweep GC freed 341(12KB) AllocSpace objects, 0(0B) LOS objects, 37% free, 26MB/42MB, paused 900us total 41.198ms
08-03 19:57:46.444   512  2967 D audio_hw_primary: enable_audio_route: apply and update mixer path: low-latency-playback speaker
08-03 19:57:46.761 12920 12934 I art     : Starting a blocking GC Explicit
08-03 19:57:46.815 12920 12934 I art     : Explicit concurrent mark sweep GC freed 1535(86KB) AllocSpace objects, 1(20KB) LOS objects, 37% free, 26MB/42MB, paused 723us total 53.336ms
08-03 19:57:46.833 12920 12934 I art     : Starting a blocking GC Explicit
08-03 19:57:46.851 13866 13866 I GoogleInputMethodServic: GoogleInputMethodService.onFinishInput():3138 
08-03 19:57:46.852 13866 13866 I GoogleInputMethodServic: GoogleInputMethodService.onStartInput():1808 
08-03 19:57:46.872 12920 12934 I art     : Explicit concurrent mark sweep GC freed 224(15KB) AllocSpace objects, 0(0B) LOS objects, 37% free, 26MB/42MB, paused 504us total 39.444ms
08-03 19:57:46.888 12920 12934 I art     : Starting a blocking GC Explicit
08-03 19:57:46.926 12920 12934 I art     : Explicit concurrent mark sweep GC freed 10(320B) AllocSpace objects, 0(0B) LOS objects, 37% free, 26MB/42MB, paused 498us total 38.165ms
08-03 19:57:46.941 12920 12934 I art     : Starting a blocking GC Explicit
08-03 19:57:46.979   512  2967 D audio_hw_primary: disable_audio_route: reset and update mixer path: low-latency-playback speaker
08-03 19:57:46.980   512  2967 D audio_hw_primary: disable_snd_device: snd_device(2: speaker)
08-03 19:57:46.981 12920 12934 I art     : Explicit concurrent mark sweep GC freed 9(288B) AllocSpace objects, 0(0B) LOS objects, 37% free, 26MB/42MB, paused 544us total 39.305ms
08-03 19:57:46.989   512  2967 I soundtrigger: audio_extn_sound_trigger_update_device_status: device 0x2 of type 0 for Event 0
08-03 19:57:46.997 12920 12934 I art     : Starting a blocking GC Explicit
08-03 19:57:47.039 12920 12934 I art     : Explicit concurrent mark sweep GC freed 11(352B) AllocSpace objects, 0(0B) LOS objects, 37% free, 26MB/42MB, paused 497us total 41.715ms
08-03 19:57:47.390 12920 12941 I art     : Starting a blocking GC Explicit
08-03 19:57:47.404   518   646 I ThermalEngine: ACTION: GPU - Setting GPU[0] to 390000000
08-03 19:57:47.469 12920 12941 I art     : Explicit concurrent mark sweep GC freed 1342(77KB) AllocSpace objects, 1(20KB) LOS objects, 37% free, 26MB/42MB, paused 1.274ms total 78.616ms
08-03 19:57:47.469 12920 12930 I art     : WaitForGcToComplete blocked for 18.509ms for cause HeapTrim
08-03 19:57:47.494 12920 12941 I art     : Starting a blocking GC Explicit
08-03 19:57:47.552 12920 12941 I art     : Explicit concurrent mark sweep GC freed 28(944B) AllocSpace objects, 0(0B) LOS objects, 37% free, 26MB/42MB, paused 1.341ms total 56.922ms
08-03 19:57:47.577 12920 12941 I art     : Starting a blocking GC Explicit
08-03 19:57:47.636 12920 12941 I art     : Explicit concurrent mark sweep GC freed 13(416B) AllocSpace objects, 0(0B) LOS objects, 37% free, 26MB/42MB, paused 1.293ms total 57.821ms
08-03 19:57:47.662 12920 12941 I art     : Starting a blocking GC Explicit
08-03 19:57:47.719 12920 12941 I art     : Explicit concurrent mark sweep GC freed 13(416B) AllocSpace objects, 0(0B) LOS objects, 37% free, 26MB/42MB, paused 1.155ms total 57.182ms
08-03 19:57:47.746 12920 12941 I art     : Starting a blocking GC Explicit
08-03 19:57:47.804 12920 12941 I art     : Explicit concurrent mark sweep GC freed 15(480B) AllocSpace objects, 0(0B) LOS objects, 37% free, 26MB/42MB, paused 989us total 58.150ms
08-03 19:57:48.200 12920 12934 I art     : Starting a blocking GC Explicit
08-03 19:57:48.271 12920 12934 I art     : Explicit concurrent mark sweep GC freed 1373(78KB) AllocSpace objects, 1(20KB) LOS objects, 37% free, 26MB/42MB, paused 1.610ms total 70.049ms
08-03 19:57:48.301 12920 12934 I art     : Starting a blocking GC Explicit
08-03 19:57:48.356 12920 12934 I art     : Explicit concurrent mark sweep GC freed 28(944B) AllocSpace objects, 0(0B) LOS objects, 37% free, 26MB/42MB, paused 675us total 54.392ms
08-03 19:57:48.379 12920 12934 I art     : Starting a blocking GC Explicit
08-03 19:57:48.432 12920 12934 I art     : Explicit concurrent mark sweep GC freed 3(96B) AllocSpace objects, 0(0B) LOS objects, 37% free, 26MB/42MB, paused 757us total 52.149ms
08-03 19:57:48.456 12920 12934 I art     : Starting a blocking GC Explicit
08-03 19:57:48.511 12920 12934 I art     : Explicit concurrent mark sweep GC freed 3(96B) AllocSpace objects, 0(0B) LOS objects, 37% free, 26MB/42MB, paused 723us total 55.316ms
08-03 19:57:48.535 12920 12934 I art     : Starting a blocking GC Explicit
08-03 19:57:48.590 12920 12934 I art     : Explicit concurrent mark sweep GC freed 3(96B) AllocSpace objects, 0(0B) LOS objects, 37% free, 26MB/42MB, paused 804us total 53.737ms
08-03 19:57:48.954 12920 12933 I art     : Starting a blocking GC Explicit
08-03 19:57:49.028 12920 12933 I art     : Explicit concurrent mark sweep GC freed 1292(75KB) AllocSpace objects, 1(20KB) LOS objects, 37% free, 26MB/42MB, paused 1.224ms total 72.325ms
08-03 19:57:49.055 12920 12933 I art     : Starting a blocking GC Explicit
08-03 19:57:49.114 12920 12933 I art     : Explicit concurrent mark sweep GC freed 18(624B) AllocSpace objects, 0(0B) LOS objects, 37% free, 26MB/42MB, paused 807us total 58.557ms
08-03 19:57:49.141 12920 12933 I art     : Starting a blocking GC Explicit
08-03 19:57:49.195 12920 12933 I art     : Explicit concurrent mark sweep GC freed 3(96B) AllocSpace objects, 0(0B) LOS objects, 37% free, 26MB/42MB, paused 727us total 53.132ms
08-03 19:57:49.219 12920 12933 I art     : Starting a blocking GC Explicit
08-03 19:57:49.272 12920 12933 I art     : Explicit concurrent mark sweep GC freed 3(96B) AllocSpace objects, 0(0B) LOS objects, 37% free, 26MB/42MB, paused 715us total 53.004ms
08-03 19:57:49.297 12920 12933 I art     : Starting a blocking GC Explicit
08-03 19:57:49.351 12920 12933 I art     : Explicit concurrent mark sweep GC freed 3(96B) AllocSpace objects, 0(0B) LOS objects, 37% free, 26MB/42MB, paused 879us total 53.154ms
08-03 19:57:49.537 13866 13882 I PeriodicStatsRunner: PeriodicStatsRunner.call():175 call()
08-03 19:57:49.537 13866 13882 I PeriodicStatsRunner: PeriodicStatsRunner.call():179 No submit PeriodicStats since input started.
08-03 19:57:49.745 12920 12941 I art     : Starting a blocking GC Explicit
08-03 19:57:49.811 12920 12941 I art     : Explicit concurrent mark sweep GC freed 1292(75KB) AllocSpace objects, 1(20KB) LOS objects, 37% free, 26MB/42MB, paused 876us total 64.644ms
08-03 19:57:49.841 12920 12941 I art     : Starting a blocking GC Explicit
08-03 19:57:49.901 12920 12941 I art     : Explicit concurrent mark sweep GC freed 18(624B) AllocSpace objects, 0(0B) LOS objects, 37% free, 26MB/42MB, paused 744us total 58.624ms
08-03 19:57:49.925 12920 12941 I art     : Starting a blocking GC Explicit
08-03 19:57:49.978 12920 12941 I art     : Explicit concurrent mark sweep GC freed 3(96B) AllocSpace objects, 0(0B) LOS objects, 37% free, 26MB/42MB, paused 999us total 53.074ms
08-03 19:57:50.003 12920 12941 I art     : Starting a blocking GC Explicit
08-03 19:57:50.056 12920 12941 I art     : Explicit concurrent mark sweep GC freed 3(96B) AllocSpace objects, 0(0B) LOS objects, 37% free, 26MB/42MB, paused 712us total 53.228ms
08-03 19:57:50.080 12920 12941 I art     : Starting a blocking GC Explicit
08-03 19:57:50.138 12920 12941 I art     : Explicit concurrent mark sweep GC freed 3(96B) AllocSpace objects, 0(0B) LOS objects, 37% free, 26MB/42MB, paused 841us total 57.497ms
08-03 19:57:50.227   918 13198 D NetlinkSocketObserver: NeighborEvent{elapsedMs=1631274101, 192.168.2.254, [7C3953A63323], RTM_NEWNEIGH, NUD_STALE}
08-03 19:57:50.422   918  3261 D WifiStateMachine: starting scan for "H369AA63323"WPA_PSK with 2412,5180
08-03 19:57:50.522 12920 13139 I art     : Starting a blocking GC Explicit
08-03 19:57:50.578 12920 13139 I art     : Explicit concurrent mark sweep GC freed 1292(75KB) AllocSpace objects, 1(20KB) LOS objects, 37% free, 26MB/42MB, paused 728us total 54.693ms
08-03 19:57:50.602 12920 13139 I art     : Starting a blocking GC Explicit
08-03 19:57:50.655 12920 13139 I art     : Explicit concurrent mark sweep GC freed 18(624B) AllocSpace objects, 0(0B) LOS objects, 37% free, 26MB/42MB, paused 1.073ms total 52.712ms
08-03 19:57:50.678 12920 13139 I art     : Starting a blocking GC Explicit
08-03 19:57:50.728 12920 13139 I art     : Explicit concurrent mark sweep GC freed 3(96B) AllocSpace objects, 0(0B) LOS objects, 37% free, 26MB/42MB, paused 853us total 49.640ms
08-03 19:57:50.750 12920 13139 I art     : Starting a blocking GC Explicit
08-03 19:57:50.800 12920 13139 I art     : Explicit concurrent mark sweep GC freed 3(96B) AllocSpace objects, 0(0B) LOS objects, 37% free, 26MB/42MB, paused 780us total 49.438ms
08-03 19:57:50.823 12920 13139 I art     : Starting a blocking GC Explicit
08-03 19:57:50.874 12920 13139 I art     : Explicit concurrent mark sweep GC freed 3(96B) AllocSpace objects, 0(0B) LOS objects, 37% free, 26MB/42MB, paused 828us total 51.044ms
08-03 19:57:51.230 12920 12934 I art     : Starting a blocking GC Explicit
08-03 19:57:51.283 12920 12934 I art     : Explicit concurrent mark sweep GC freed 1292(75KB) AllocSpace objects, 1(20KB) LOS objects, 37% free, 26MB/42MB, paused 849us total 52.826ms
08-03 19:57:51.306 12920 12934 I art     : Starting a blocking GC Explicit
08-03 19:57:51.353 14447 14447 D AndroidRuntime: >>>>>> START com.android.internal.os.RuntimeInit uid 2000 <<<<<<
08-03 19:57:51.357 12920 12934 I art     : Explicit concurrent mark sweep GC freed 18(624B) AllocSpace objects, 0(0B) LOS objects, 37% free, 26MB/42MB, paused 886us total 50.354ms
08-03 19:57:51.359 14447 14447 D AndroidRuntime: CheckJNI is OFF
08-03 19:57:51.380 12920 12934 I art     : Starting a blocking GC Explicit
08-03 19:57:51.408   518   646 I ThermalEngine: ACTION: GPU - Setting GPU[0] to 450000000
08-03 19:57:51.410 14447 14447 D ICU     : No timezone override file found: /data/misc/zoneinfo/current/icu/icu_tzdata.dat
08-03 19:57:51.426 12920 12934 I art     : Explicit concurrent mark sweep GC freed 3(96B) AllocSpace objects, 0(0B) LOS objects, 37% free, 26MB/42MB, paused 534us total 45.302ms
08-03 19:57:51.442 12920 12934 I art     : Starting a blocking GC Explicit
08-03 19:57:51.455 14447 14447 I Radio-JNI: register_android_hardware_Radio DONE
08-03 19:57:51.482 12920 12934 I art     : Explicit concurrent mark sweep GC freed 3(96B) AllocSpace objects, 0(0B) LOS objects, 37% free, 26MB/42MB, paused 565us total 40.112ms
08-03 19:57:51.482 14447 14447 D AndroidRuntime: Calling main entry com.android.commands.am.Am
08-03 19:57:51.489 29687 29687 I Trepn   : Trepn 6.2s: Received intent: com.quicinc.trepn.stop_profiling
08-03 19:57:51.498 12920 12934 I art     : Starting a blocking GC Explicit
08-03 19:57:51.512 29687 29687 I Trepn   : Trepn 6.2s: Trepn has Stopped Profiling.
08-03 19:57:51.539 12920 12934 I art     : Explicit concurrent mark sweep GC freed 3(96B) AllocSpace objects, 0(0B) LOS objects, 37% free, 26MB/42MB, paused 525us total 40.380ms
08-03 19:57:51.645 14447 14447 D AndroidRuntime: Shutting down VM
08-03 19:57:51.649   918  6029 W AppOps  : Finishing op nesting under-run: uid 10078 pkg com.quicinc.trepn code 24 time=0 duration=0 nesting=0
08-03 19:57:51.832 12920 12933 I art     : Starting a blocking GC Explicit
08-03 19:57:51.852 13866 13882 I PeriodicStatsRunner: PeriodicStatsRunner.call():175 call()
08-03 19:57:51.852 13866 13882 I PeriodicStatsRunner: PeriodicStatsRunner.call():179 No submit PeriodicStats since input started.
08-03 19:57:51.888 12920 12933 I art     : Explicit concurrent mark sweep GC freed 1292(75KB) AllocSpace objects, 1(20KB) LOS objects, 37% free, 26MB/42MB, paused 560us total 56.257ms
08-03 19:57:51.905 12920 12933 I art     : Starting a blocking GC Explicit
08-03 19:57:51.949 12920 12933 I art     : Explicit concurrent mark sweep GC freed 18(624B) AllocSpace objects, 0(0B) LOS objects, 37% free, 26MB/42MB, paused 528us total 43.388ms
08-03 19:57:51.964 12920 12933 I art     : Starting a blocking GC Explicit
08-03 19:57:52.006 12920 12933 I art     : Explicit concurrent mark sweep GC freed 3(96B) AllocSpace objects, 0(0B) LOS objects, 37% free, 26MB/42MB, paused 614us total 40.926ms
08-03 19:57:52.021 12920 12933 I art     : Starting a blocking GC Explicit
08-03 19:57:52.062 12920 12933 I art     : Explicit concurrent mark sweep GC freed 3(96B) AllocSpace objects, 0(0B) LOS objects, 37% free, 26MB/42MB, paused 582us total 40.682ms
08-03 19:57:52.077 12920 12933 I art     : Starting a blocking GC Explicit
08-03 19:57:52.119 12920 12933 I art     : Explicit concurrent mark sweep GC freed 3(96B) AllocSpace objects, 0(0B) LOS objects, 37% free, 26MB/42MB, paused 518us total 41.118ms
