--------- beginning of main
08-03 21:48:58.168   918   918 W ResourceType: ResTable_typeSpec entry count inconsistent: given 83, previously 87
08-03 21:48:58.168   918   918 W ResourceType: ResTable_typeSpec entry count inconsistent: given 542, previously 2227
08-03 21:48:58.168   918   918 W ResourceType: ResTable_typeSpec entry count inconsistent: given 669, previously 1961
08-03 21:48:58.169   918   918 W ResourceType: ResTable_typeSpec entry count inconsistent: given 1967, previously 1961
08-03 21:48:58.169   918   918 W ResourceType: ResTable_typeSpec entry count inconsistent: given 386, previously 2092
08-03 21:48:58.170   918   918 W ResourceType: For resource 0x7f0805b8, entry index(1464) is beyond type entryCount(669)
08-03 21:48:58.170   918   918 W ResourceType: For resource 0x7f0805b8, entry index(1464) is beyond type entryCount(669)
08-03 21:48:58.171   918   918 W ResourceType: For resource 0x7f0805b8, entry index(1464) is beyond type entryCount(669)
08-03 21:48:58.196  3784  3784 D CarrierServiceBindHelper: Receive action: android.intent.action.PACKAGE_REMOVED
08-03 21:48:58.199   918  3696 I AccountManagerService: getTypesVisibleToCaller: isPermitted? true
08-03 21:48:58.213   918   930 W ResourceType: ResTable_typeSpec entry count inconsistent: given 37, previously 42
08-03 21:48:58.213   918   930 W ResourceType: ResTable_typeSpec entry count inconsistent: given 2527, previously 2530
08-03 21:48:58.220 18789 18789 I Finsky  : [1] uah.a(18): PackageMonitorReceiverImpl - Received: android.intent.action.PACKAGE_REMOVED, [jsPREe6yOOhrMreoEvcpPvP36yUmihacpIgcKsaLph8]
08-03 21:48:58.221 18789 18789 I Finsky  : [1] ubi.d(9): Invalidating cached PackageState for baseline.com.ak.uobtimetable
08-03 21:48:58.225 18789 18789 I Finsky  : [1] lzi.c(2): Frosting ID looked up on UI thread. Caller should move to a background thread.
08-03 21:48:58.226   918  6112 I AccountManagerService: getTypesVisibleToCaller: isPermitted? true
08-03 21:48:58.227 24365  9028 I Fitness : FitCleanupIntentOperation received Intent android.intent.action.PACKAGE_REMOVED [CONTEXT service_id=17 ]
08-03 21:48:58.228   918   930 W ResourceType: ResTable_typeSpec entry count inconsistent: given 2542, previously 2545
08-03 21:48:58.229 18789 18789 I Finsky  : [1] nqb.c(3): Installer: package baseline.com.ak.uobtimetable was removed. replacing: true
08-03 21:48:58.230   918   930 W ResourceType: ResTable_typeSpec entry count inconsistent: given 303, previously 1691
08-03 21:48:58.230 18789 18789 I Finsky  : [1] nra.a(188): Installer: Notifying status update. package=baseline.com.ak.uobtimetable, status=UNINSTALLED
08-03 21:48:58.237 18789  8969 I Finsky  : [5951] ejf.a(-1): Cancelled 0 ongoing asset module downloads for package baseline.com.ak.uobtimetable due to a concurrent app update.
08-03 21:48:58.240 18789 18789 I Finsky  : [1] lzi.c(2): Frosting ID looked up on UI thread. Caller should move to a background thread.
08-03 21:48:58.241 18789  8968 I Finsky  : [5950] gzn.a(-1): [ContentSync] finished, scheduled=false
08-03 21:48:58.246 18789  8959 I Finsky  : [5949] lyv.run(-1): Wrote row to frosting DB: 2068
08-03 21:48:58.249  3784  3784 D CarrierServiceBindHelper: Receive action: android.intent.action.PACKAGE_ADDED
08-03 21:48:58.249  3784  3784 D CarrierServiceBindHelper: Receive action: android.intent.action.PACKAGE_REPLACED
08-03 21:48:58.250  3784  3784 D CarrierServiceBindHelper: mHandler: 3
08-03 21:48:58.250  3784  3784 D CarrierServiceBindHelper: mHandler: 3
08-03 21:48:58.250  3784  3784 D CarrierServiceBindHelper: mHandler: 3
08-03 21:48:58.250  3784  3784 D CarrierConfigLoader: mHandler: 9 phoneId: 0
08-03 21:48:58.257 18789 18981 I Finsky  : [5590] odj.b(52): IQ: Notifying installation update. package=baseline.com.ak.uobtimetable, status=UNINSTALLED
08-03 21:48:58.260 18789 18789 I Finsky  : [1] nra.a(220): Installer: found apps to install. isMultiUserMode=false, apps=[]
08-03 21:48:58.271   918   927 I art     : Background partial concurrent mark sweep GC freed 21657(1459KB) AllocSpace objects, 0(0B) LOS objects, 18% free, 68MB/84MB, paused 1.795ms total 166.916ms
08-03 21:48:58.275   918   930 W ResourceType: ResTable_typeSpec entry count inconsistent: given 37, previously 42
08-03 21:48:58.275   918   930 W ResourceType: ResTable_typeSpec entry count inconsistent: given 2527, previously 2530
08-03 21:48:58.275   918   930 W ResourceType: ResTable_typeSpec entry count inconsistent: given 2542, previously 2545
08-03 21:48:58.275   918   930 W ResourceType: ResTable_typeSpec entry count inconsistent: given 303, previously 1691
08-03 21:48:58.287 18789  8959 I Finsky  : [5949] lyv.run(-1): Wrote row to frosting DB: 2069
08-03 21:48:58.288 24577  9035 I Auth    : [SupervisedAccountIntentOperation] onHandleIntent(): android.intent.action.PACKAGE_ADDED
08-03 21:48:58.289 24577  9036 I ChromeSync: [Sync,SyncIntentOperation] Handling the intent: Intent { act=android.intent.action.PACKAGE_ADDED dat=package:baseline.com.ak.uobtimetable flg=0x4000010 cmp=com.google.android.gms/.chimera.GmsIntentOperationService (has extras) }.
08-03 21:48:58.292 24577 24621 E GmsClient: unable to connect to service: com.google.android.gms.auth.key.retrieval.service.START on com.google.android.gms
08-03 21:48:58.294 18789 18981 I Finsky  : [5590] odj.b(40): IQ: No matching installs to run for jobs: []
08-03 21:48:58.309   918  4400 I AccountManagerService: getTypesVisibleToCaller: isPermitted? true
08-03 21:48:58.310 24577  9036 I ChromeSync: [Persistence,AffiliationManager] One of affiliation or grouping data for android://bz0hZa4nAJEtd0n5sRlXG7KAqctUMWVefv7Ki4mh1p6slZ9YO-n9gS9j8m9YCrsIyI2wIxrDHraumF9Y6pBLTA==@baseline.com.ak.uobtimetable/ was not found. Marking affiliation data as stale...
08-03 21:48:58.320 18789 18789 I Finsky  : [1] uah.a(18): PackageMonitorReceiverImpl - Received: android.intent.action.PACKAGE_ADDED, [jsPREe6yOOhrMreoEvcpPvP36yUmihacpIgcKsaLph8]
08-03 21:48:58.321 18789 18789 I Finsky  : [1] ubi.d(9): Invalidating cached PackageState for baseline.com.ak.uobtimetable
08-03 21:48:58.335 18789  8959 I Finsky  : [5949] lyv.run(-1): Wrote row to frosting DB: 2070
08-03 21:48:58.338 18789 18789 I Finsky  : [1] lzi.c(2): Frosting ID looked up on UI thread. Caller should move to a background thread.
08-03 21:48:58.353 24577 13316 I Icing   : IndexChimeraService.getServiceInterface callingPackage=com.google.android.gms componentName=AppsCorpus serviceId=36
08-03 21:48:58.353   918  5952 I AccountManagerService: getTypesVisibleToCaller: isPermitted? true
08-03 21:48:58.356 18789 18789 I Finsky  : [1] agsx.a(4): Do not start WearSupportService due to Wear service optimization
08-03 21:48:58.358 18789  8968 I Finsky  : [5950] gzn.a(-1): [ContentSync] finished, scheduled=false
08-03 21:48:58.360 18789  8969 I Finsky  : [5951] ejc.a(-1): Asset module broadcast after update successful for package baseline.com.ak.uobtimetable. 0 sessions broadcast.
08-03 21:48:58.363 18789 18789 I Finsky  : [1] lzi.c(2): Frosting ID looked up on UI thread. Caller should move to a background thread.
08-03 21:48:58.368 24577  9205 W Icing   : No valid account for uploading user actions
08-03 21:48:58.378 24577 13293 I Icing   : IndexChimeraService.getServiceInterface callingPackage=com.google.android.gms componentName=null serviceId=30
08-03 21:48:58.382 24577  9205 I Icing   : Usage reports ok 0, Failed Usage reports 0, indexed 0, rejected 0
08-03 21:48:58.385 24577  9205 W Icing   : No valid account for uploading user actions
08-03 21:48:58.391 24577  9027 I FontLog : Package baseline.com.ak.uobtimetable has no metadata [CONTEXT service_id=132 ]
08-03 21:48:58.396 24577  9205 I Icing   : Usage reports ok 0, Failed Usage reports 0, indexed 0, rejected 0
08-03 21:48:58.400 18789  8959 I Finsky  : [5949] lyv.run(-1): Wrote row to frosting DB: 2071
08-03 21:48:58.424 24577  9205 I Icing   : Indexing com.google.android.gms-internal.3p:MobileApplication from com.google.android.gms using seqno 763
08-03 21:48:58.429   918  6110 I AccountManagerService: getTypesVisibleToCaller: isPermitted? true
08-03 21:48:58.448 24577  9205 I Icing   : Indexing com.google.android.gms-internal.3p:MobileApplication from com.google.android.gms using seqno 763
08-03 21:48:59.000  9047  9047 D AndroidRuntime: >>>>>> START com.android.internal.os.RuntimeInit uid 2000 <<<<<<
08-03 21:48:59.008  9047  9047 D AndroidRuntime: CheckJNI is OFF
08-03 21:48:59.039  9047  9047 D ICU     : No timezone override file found: /data/misc/zoneinfo/current/icu/icu_tzdata.dat
08-03 21:48:59.071  9047  9047 I Radio-JNI: register_android_hardware_Radio DONE
08-03 21:48:59.090  9047  9047 D AndroidRuntime: Calling main entry com.android.commands.monkey.Monkey
--------- beginning of system
08-03 21:48:59.108   918   931 W BroadcastQueue: Skipping deliver [background] BroadcastRecord{638e7eb u-1 android.net.conn.CONNECTIVITY_CHANGE} to ReceiverList{7a68948 9047 (unknown name)/2000/u-1 remote:c8df665}: process crashing
08-03 21:48:59.119   918  6112 I ActivityManager: START u0 {act=android.intent.action.MAIN cat=[android.intent.category.LAUNCHER] flg=0x10200000 cmp=baseline.com.ak.uobtimetable/.MainActivity} from uid 2000 on display 0
08-03 21:48:59.164   918  6111 I ActivityManager: Start proc 9056:baseline.com.ak.uobtimetable/u0a641 for activity baseline.com.ak.uobtimetable/.MainActivity
08-03 21:48:59.167  9056  9056 I art     : Late-enabling -Xcheck:jni
08-03 21:48:59.174  9047  9047 I art     : System.exit called, status: 0
08-03 21:48:59.175  9047  9047 I AndroidRuntime: VM exiting with result code 0.
08-03 21:48:59.229  6202  6095 I PBSessionCacheImpl: Deleted sessionId[27278280657311515] from persistence.
08-03 21:48:59.238  6202  6241 W SearchServiceCore: Abort, client detached.
08-03 21:48:59.238  9056  9056 W System  : ClassLoader referenced unknown path: /data/app/baseline.com.ak.uobtimetable-1/lib/arm64
08-03 21:48:59.239  6202  6241 I MicroDetectionState: Should stop hotword detection immediately - true
08-03 21:48:59.246  9056  9056 E Application: Can't init Bugsnag - No key
08-03 21:48:59.246  9056  9056 E Application: java.lang.Exception: Can't init Bugsnag - No key
08-03 21:48:59.246  9056  9056 E Application: 	at baseline.com.ak.uobtimetable.Utilities.Logging.Logger.error(Logger.java:79)
08-03 21:48:59.246  9056  9056 E Application: 	at baseline.com.ak.uobtimetable.MyApplication.onCreate(MyApplication.java:52)
08-03 21:48:59.246  9056  9056 E Application: 	at android.app.Instrumentation.callApplicationOnCreate(Instrumentation.java:1013)
08-03 21:48:59.246  9056  9056 E Application: 	at android.app.ActivityThread.handleBindApplication(ActivityThread.java:4707)
08-03 21:48:59.246  9056  9056 E Application: 	at android.app.ActivityThread.-wrap1(ActivityThread.java)
08-03 21:48:59.246  9056  9056 E Application: 	at android.app.ActivityThread$H.handleMessage(ActivityThread.java:1405)
08-03 21:48:59.246  9056  9056 E Application: 	at android.os.Handler.dispatchMessage(Handler.java:102)
08-03 21:48:59.246  9056  9056 E Application: 	at android.os.Looper.loop(Looper.java:148)
08-03 21:48:59.246  9056  9056 E Application: 	at android.app.ActivityThread.main(ActivityThread.java:5417)
08-03 21:48:59.246  9056  9056 E Application: 	at java.lang.reflect.Method.invoke(Native Method)
08-03 21:48:59.246  9056  9056 E Application: 	at com.android.internal.os.ZygoteInit$MethodAndArgsCaller.run(ZygoteInit.java:726)
08-03 21:48:59.246  9056  9056 E Application: 	at com.android.internal.os.ZygoteInit.main(ZygoteInit.java:616)
08-03 21:48:59.250  9056  9056 I Application: API level: 23
08-03 21:48:59.251  9056  9056 I Application: API level name: M
08-03 21:48:59.252  9056  9056 I Application: Target API level: 29
08-03 21:48:59.252  9056  9056 I Application: Git commit hash: 87e4c686
08-03 21:48:59.252  9056  9056 I Application: Git branch: master
08-03 21:48:59.252  9056  9056 I Application: Build type: Debug
08-03 21:48:59.256  9056  9056 I Application: Build keys: Release
08-03 21:48:59.257  9056  9056 I Application: Version code: 21
08-03 21:48:59.258  9056  9056 I Application: Version name: 2.5
08-03 21:48:59.258  9056  9056 I Application: Build date: 11:33 03/08/20
08-03 21:48:59.259  9056  9056 I Application: Package update date: 19:25 03/08/20
08-03 21:48:59.259  9056  9056 I SettingsManager: Getting int: launchCount
08-03 21:48:59.259  9056  9056 I SettingsManager: Setting int: launchCount
08-03 21:48:59.267   918  5481 W BackupManagerService: dataChanged but no participant pkg='baseline.com.ak.uobtimetable' uid=10641
08-03 21:48:59.267  9056  9056 I Application: Launch count: 1
08-03 21:48:59.270  9056  9056 I Application: Network: TYPE_WIFI
08-03 21:48:59.270  9056  9056 I Application: Tablet layout: false
08-03 21:48:59.285  9056  9056 W art     : Before Android 4.1, method android.graphics.PorterDuffColorFilter androidx.vectordrawable.graphics.drawable.VectorDrawableCompat.updateTintFilter(android.graphics.PorterDuffColorFilter, android.content.res.ColorStateList, android.graphics.PorterDuff$Mode) would have incorrectly overridden the package-private method in android.graphics.drawable.Drawable
08-03 21:48:59.303  9056  9056 I art     : Rejecting re-init on previously-failed class java.lang.Class<androidx.core.view.ViewCompat$OnUnhandledKeyEventListenerWrapper>
08-03 21:48:59.303  9056  9056 I art     : Rejecting re-init on previously-failed class java.lang.Class<androidx.core.view.ViewCompat$OnUnhandledKeyEventListenerWrapper>
08-03 21:48:59.369  9056  9056 D MainActivity: onCreate
08-03 21:48:59.369  9056  9056 I SettingsManager: Getting string: savedSessions
08-03 21:48:59.369  9056  9056 I Settings: No saved sessions
08-03 21:48:59.386 24577  9205 I Icing   : Indexing com.google.android.gms-apps from com.google.android.gms
08-03 21:48:59.401  9056  9056 I SettingsManager: Getting string: savedCourse
08-03 21:48:59.403   918  3961 I ActivityManager: START u0 {flg=0x14000000 cmp=baseline.com.ak.uobtimetable/.WelcomeActivity} from uid 10641 on display 0
08-03 21:48:59.442  9056  9056 D MainActivity: OnResume
08-03 21:48:59.450  9056  9071 D OpenGLRenderer: Use EGL_SWAP_BEHAVIOR_PRESERVED: true
08-03 21:48:59.473  9056  9056 D MainActivity: OnPause
08-03 21:48:59.486 24577  9205 I Icing   : Indexing done com.google.android.gms-apps
08-03 21:48:59.593  9056  9071 I Adreno  : QUALCOMM build                   : fcf4852, I1af360237c
08-03 21:48:59.593  9056  9071 I Adreno  : Build Date                       : 09/23/15
08-03 21:48:59.593  9056  9071 I Adreno  : OpenGL ES Shader Compiler Version: XE031.05.13.02
08-03 21:48:59.593  9056  9071 I Adreno  : Local Branch                     : mybranch14465806
08-03 21:48:59.593  9056  9071 I Adreno  : Remote Branch                    : quic/LA.BF64.1.2.9_v2
08-03 21:48:59.593  9056  9071 I Adreno  : Remote Branch                    : NONE
08-03 21:48:59.593  9056  9071 I Adreno  : Reconstruct Branch               : NOTHING
08-03 21:48:59.599  9056  9071 I OpenGLRenderer: Initialized EGL, version 1.4
08-03 21:48:59.758   918   936 I ActivityManager: Displayed baseline.com.ak.uobtimetable/.WelcomeActivity: +284ms (total +629ms)
08-03 21:48:59.764 13866 13866 I GoogleInputMethodServic: GoogleInputMethodService.onFinishInput():3138 
08-03 21:48:59.766 13866 13866 I GoogleInputMethodServic: GoogleInputMethodService.onStartInput():1808 
08-03 21:48:59.883  7501  7501 I Atfwd_Sendcmd: AtCmdFwd service not ready - Exhausted retry attempts - :6
08-03 21:48:59.884  7501  7501 I Atfwd_Daemon: result : -1 	 ,Init step :2 	 ,qmiErrorCode: 0
08-03 21:48:59.972  9056  9056 D MainActivity: Saving state
08-03 21:49:00.811  9088  9088 D AndroidRuntime: >>>>>> START com.android.internal.os.RuntimeInit uid 2000 <<<<<<
08-03 21:49:00.818  9088  9088 D AndroidRuntime: CheckJNI is OFF
08-03 21:49:00.849  9088  9088 D ICU     : No timezone override file found: /data/misc/zoneinfo/current/icu/icu_tzdata.dat
08-03 21:49:00.886  9088  9088 I Radio-JNI: register_android_hardware_Radio DONE
08-03 21:49:00.904  9088  9088 D AndroidRuntime: Calling main entry com.android.commands.am.Am
08-03 21:49:00.915 29687 29687 I Trepn   : Trepn 6.2s: Received intent: com.quicinc.trepn.start_profiling
08-03 21:49:01.060 29687 29687 W FileUtils: Failed to chmod(/storage/emulated/0/trepn/Trepn_2020.08.03_214900.db): android.system.ErrnoException: chmod failed: EPERM (Operation not permitted)
08-03 21:49:01.220 29687 29687 I Trepn   : Trepn 6.2s: Trepn has Started Profiling.
08-03 21:49:01.223  9088  9088 D AndroidRuntime: Shutting down VM
08-03 21:49:01.703  9056  9068 I art     : Starting a blocking GC Explicit
08-03 21:49:01.722  9056  9068 I art     : Explicit concurrent mark sweep GC freed 7330(1158KB) AllocSpace objects, 3(1360KB) LOS objects, 40% free, 21MB/36MB, paused 126us total 19.196ms
08-03 21:49:01.734  9056  9068 I art     : Starting a blocking GC Explicit
08-03 21:49:01.745  9056  9068 I art     : Explicit concurrent mark sweep GC freed 582(26KB) AllocSpace objects, 0(0B) LOS objects, 40% free, 21MB/36MB, paused 99us total 10.894ms
08-03 21:49:01.751  9056  9068 I art     : Starting a blocking GC Explicit
08-03 21:49:01.761  9056  9068 I art     : Explicit concurrent mark sweep GC freed 3(96B) AllocSpace objects, 0(0B) LOS objects, 40% free, 21MB/36MB, paused 85us total 9.912ms
08-03 21:49:01.767  9056  9068 I art     : Starting a blocking GC Explicit
08-03 21:49:01.777  9056  9068 I art     : Explicit concurrent mark sweep GC freed 3(96B) AllocSpace objects, 0(0B) LOS objects, 40% free, 21MB/36MB, paused 102us total 9.713ms
08-03 21:49:01.782  9056  9068 I art     : Starting a blocking GC Explicit
08-03 21:49:01.792  9056  9068 I art     : Explicit concurrent mark sweep GC freed 3(96B) AllocSpace objects, 0(0B) LOS objects, 40% free, 21MB/36MB, paused 86us total 9.856ms
08-03 21:49:02.059  9056  9069 I art     : Starting a blocking GC Explicit
08-03 21:49:02.077  9056  9069 I art     : Explicit concurrent mark sweep GC freed 1273(74KB) AllocSpace objects, 1(20KB) LOS objects, 40% free, 21MB/36MB, paused 135us total 17.574ms
08-03 21:49:02.087  9056  9069 I art     : Starting a blocking GC Explicit
08-03 21:49:02.098  9056  9069 I art     : Explicit concurrent mark sweep GC freed 18(624B) AllocSpace objects, 0(0B) LOS objects, 40% free, 21MB/36MB, paused 99us total 10.211ms
08-03 21:49:02.104  9056  9069 I art     : Starting a blocking GC Explicit
08-03 21:49:02.114  9056  9069 I art     : Explicit concurrent mark sweep GC freed 3(96B) AllocSpace objects, 0(0B) LOS objects, 40% free, 21MB/36MB, paused 88us total 9.996ms
08-03 21:49:02.120  9056  9069 I art     : Starting a blocking GC Explicit
08-03 21:49:02.129  9056  9069 I art     : Explicit concurrent mark sweep GC freed 3(96B) AllocSpace objects, 0(0B) LOS objects, 40% free, 21MB/36MB, paused 88us total 9.439ms
08-03 21:49:02.135  9056  9069 I art     : Starting a blocking GC Explicit
08-03 21:49:02.145  9056  9069 I art     : Explicit concurrent mark sweep GC freed 3(96B) AllocSpace objects, 0(0B) LOS objects, 40% free, 21MB/36MB, paused 94us total 9.822ms
08-03 21:49:02.413  9056  9068 I art     : Starting a blocking GC Explicit
08-03 21:49:02.426  9056  9068 I art     : Explicit concurrent mark sweep GC freed 1270(74KB) AllocSpace objects, 1(20KB) LOS objects, 40% free, 21MB/36MB, paused 114us total 12.917ms
08-03 21:49:02.436  9056  9068 I art     : Starting a blocking GC Explicit
08-03 21:49:02.447  9056  9068 I art     : Explicit concurrent mark sweep GC freed 18(624B) AllocSpace objects, 0(0B) LOS objects, 40% free, 21MB/36MB, paused 99us total 11.434ms
08-03 21:49:02.454  9056  9068 I art     : Starting a blocking GC Explicit
08-03 21:49:02.464  9056  9068 I art     : Explicit concurrent mark sweep GC freed 3(96B) AllocSpace objects, 0(0B) LOS objects, 40% free, 21MB/36MB, paused 89us total 10.029ms
08-03 21:49:02.470  9056  9068 I art     : Starting a blocking GC Explicit
08-03 21:49:02.480  9056  9068 I art     : Explicit concurrent mark sweep GC freed 3(96B) AllocSpace objects, 0(0B) LOS objects, 40% free, 21MB/36MB, paused 87us total 10.140ms
08-03 21:49:02.487  9056  9068 I art     : Starting a blocking GC Explicit
08-03 21:49:02.496  9056  9068 I art     : Explicit concurrent mark sweep GC freed 3(96B) AllocSpace objects, 0(0B) LOS objects, 40% free, 21MB/36MB, paused 88us total 9.616ms
08-03 21:49:02.797  9056  9069 I art     : Starting a blocking GC Explicit
08-03 21:49:02.812  9056  9069 I art     : Explicit concurrent mark sweep GC freed 1268(74KB) AllocSpace objects, 1(20KB) LOS objects, 40% free, 21MB/36MB, paused 126us total 14.591ms
08-03 21:49:02.822  9056  9069 I art     : Starting a blocking GC Explicit
08-03 21:49:02.833  9056  9069 I art     : Explicit concurrent mark sweep GC freed 18(624B) AllocSpace objects, 0(0B) LOS objects, 40% free, 21MB/36MB, paused 100us total 10.985ms
08-03 21:49:02.839  9056  9069 I art     : Starting a blocking GC Explicit
08-03 21:49:02.850  9056  9069 I art     : Explicit concurrent mark sweep GC freed 3(96B) AllocSpace objects, 0(0B) LOS objects, 40% free, 21MB/36MB, paused 98us total 10.139ms
08-03 21:49:02.856  9056  9069 I art     : Starting a blocking GC Explicit
08-03 21:49:02.866  9056  9069 I art     : Explicit concurrent mark sweep GC freed 3(96B) AllocSpace objects, 0(0B) LOS objects, 40% free, 21MB/36MB, paused 96us total 10.369ms
08-03 21:49:02.872  9056  9069 I art     : Starting a blocking GC Explicit
08-03 21:49:02.882  9056  9069 I art     : Explicit concurrent mark sweep GC freed 3(96B) AllocSpace objects, 0(0B) LOS objects, 40% free, 21MB/36MB, paused 96us total 10.068ms
08-03 21:49:03.172  9056  9068 I art     : Starting a blocking GC Explicit
08-03 21:49:03.185  9056  9068 I art     : Explicit concurrent mark sweep GC freed 1268(74KB) AllocSpace objects, 1(20KB) LOS objects, 40% free, 21MB/36MB, paused 117us total 12.646ms
08-03 21:49:03.192  9056  9068 I art     : Starting a blocking GC Explicit
08-03 21:49:03.203  9056  9068 I art     : Explicit concurrent mark sweep GC freed 18(624B) AllocSpace objects, 0(0B) LOS objects, 40% free, 21MB/36MB, paused 101us total 10.651ms
08-03 21:49:03.209  9056  9068 I art     : Starting a blocking GC Explicit
08-03 21:49:03.220  9056  9068 I art     : Explicit concurrent mark sweep GC freed 3(96B) AllocSpace objects, 0(0B) LOS objects, 40% free, 21MB/36MB, paused 100us total 10.261ms
08-03 21:49:03.226  9056  9068 I art     : Starting a blocking GC Explicit
08-03 21:49:03.237  9056  9068 I art     : Explicit concurrent mark sweep GC freed 3(96B) AllocSpace objects, 0(0B) LOS objects, 40% free, 21MB/36MB, paused 92us total 10.421ms
08-03 21:49:03.243  9056  9068 I art     : Starting a blocking GC Explicit
08-03 21:49:03.252  9056  9068 I art     : Explicit concurrent mark sweep GC freed 3(96B) AllocSpace objects, 0(0B) LOS objects, 40% free, 21MB/36MB, paused 96us total 9.347ms
08-03 21:49:03.559  9056  9069 I art     : Starting a blocking GC Explicit
08-03 21:49:03.573  9056  9069 I art     : Explicit concurrent mark sweep GC freed 1268(74KB) AllocSpace objects, 1(20KB) LOS objects, 40% free, 21MB/36MB, paused 119us total 13.295ms
08-03 21:49:03.581  9056  9069 I art     : Starting a blocking GC Explicit
08-03 21:49:03.595  9056  9069 I art     : Explicit concurrent mark sweep GC freed 18(624B) AllocSpace objects, 0(0B) LOS objects, 40% free, 21MB/36MB, paused 122us total 13.590ms
08-03 21:49:03.605  9056  9069 I art     : Starting a blocking GC Explicit
08-03 21:49:03.615  9056  9069 I art     : Explicit concurrent mark sweep GC freed 3(96B) AllocSpace objects, 0(0B) LOS objects, 40% free, 21MB/36MB, paused 95us total 10.007ms
08-03 21:49:03.621  9056  9069 I art     : Starting a blocking GC Explicit
08-03 21:49:03.631  9056  9069 I art     : Explicit concurrent mark sweep GC freed 3(96B) AllocSpace objects, 0(0B) LOS objects, 40% free, 21MB/36MB, paused 94us total 10.275ms
08-03 21:49:03.637  9056  9069 I art     : Starting a blocking GC Explicit
08-03 21:49:03.648  9056  9069 I art     : Explicit concurrent mark sweep GC freed 3(96B) AllocSpace objects, 0(0B) LOS objects, 40% free, 21MB/36MB, paused 265us total 10.418ms
08-03 21:49:03.944  9056  9068 I art     : Starting a blocking GC Explicit
08-03 21:49:03.957  9056  9068 I art     : Explicit concurrent mark sweep GC freed 1268(74KB) AllocSpace objects, 1(20KB) LOS objects, 40% free, 21MB/36MB, paused 137us total 13.010ms
08-03 21:49:03.968  9056  9068 I art     : Starting a blocking GC Explicit
08-03 21:49:03.979  9056  9068 I art     : Explicit concurrent mark sweep GC freed 18(624B) AllocSpace objects, 0(0B) LOS objects, 40% free, 21MB/36MB, paused 106us total 10.829ms
08-03 21:49:03.985  9056  9068 I art     : Starting a blocking GC Explicit
08-03 21:49:03.995  9056  9068 I art     : Explicit concurrent mark sweep GC freed 3(96B) AllocSpace objects, 0(0B) LOS objects, 40% free, 21MB/36MB, paused 96us total 10.066ms
08-03 21:49:04.001  9056  9068 I art     : Starting a blocking GC Explicit
08-03 21:49:04.011  9056  9068 I art     : Explicit concurrent mark sweep GC freed 3(96B) AllocSpace objects, 0(0B) LOS objects, 40% free, 21MB/36MB, paused 92us total 9.919ms
08-03 21:49:04.017  9056  9068 I art     : Starting a blocking GC Explicit
08-03 21:49:04.027  9056  9068 I art     : Explicit concurrent mark sweep GC freed 3(96B) AllocSpace objects, 0(0B) LOS objects, 40% free, 21MB/36MB, paused 208us total 9.896ms
08-03 21:49:04.317  9056  9069 I art     : Starting a blocking GC Explicit
08-03 21:49:04.337  9056  9069 I art     : Explicit concurrent mark sweep GC freed 1268(74KB) AllocSpace objects, 1(20KB) LOS objects, 40% free, 21MB/36MB, paused 156us total 18.726ms
08-03 21:49:04.343  9056  9069 I art     : Starting a blocking GC Explicit
08-03 21:49:04.354  9056  9069 I art     : Explicit concurrent mark sweep GC freed 18(624B) AllocSpace objects, 0(0B) LOS objects, 40% free, 21MB/36MB, paused 103us total 10.804ms
08-03 21:49:04.361  9056  9069 I art     : Starting a blocking GC Explicit
08-03 21:49:04.370  9056  9069 I art     : Explicit concurrent mark sweep GC freed 3(96B) AllocSpace objects, 0(0B) LOS objects, 40% free, 21MB/36MB, paused 92us total 9.579ms
08-03 21:49:04.376  9056  9069 I art     : Starting a blocking GC Explicit
08-03 21:49:04.386  9056  9069 I art     : Explicit concurrent mark sweep GC freed 3(96B) AllocSpace objects, 0(0B) LOS objects, 40% free, 21MB/36MB, paused 90us total 9.638ms
08-03 21:49:04.392  9056  9069 I art     : Starting a blocking GC Explicit
08-03 21:49:04.401  9056  9069 I art     : Explicit concurrent mark sweep GC freed 3(96B) AllocSpace objects, 0(0B) LOS objects, 40% free, 21MB/36MB, paused 90us total 9.626ms
08-03 21:49:04.698  9056  9068 I art     : Starting a blocking GC Explicit
08-03 21:49:04.713  9056  9068 I art     : Explicit concurrent mark sweep GC freed 1268(74KB) AllocSpace objects, 1(20KB) LOS objects, 40% free, 21MB/36MB, paused 126us total 15.001ms
08-03 21:49:04.724  9056  9068 I art     : Starting a blocking GC Explicit
08-03 21:49:04.737  9056  9068 I art     : Explicit concurrent mark sweep GC freed 18(624B) AllocSpace objects, 0(0B) LOS objects, 40% free, 21MB/36MB, paused 141us total 13.253ms
08-03 21:49:04.746  9056  9068 I art     : Starting a blocking GC Explicit
08-03 21:49:04.757  9056  9068 I art     : Explicit concurrent mark sweep GC freed 3(96B) AllocSpace objects, 0(0B) LOS objects, 40% free, 21MB/36MB, paused 114us total 10.189ms
08-03 21:49:04.763  9056  9068 I art     : Starting a blocking GC Explicit
08-03 21:49:04.773  9056  9068 I art     : Explicit concurrent mark sweep GC freed 3(96B) AllocSpace objects, 0(0B) LOS objects, 40% free, 21MB/36MB, paused 91us total 9.922ms
08-03 21:49:04.779  9056  9068 I art     : Starting a blocking GC Explicit
08-03 21:49:04.789  9056  9068 I art     : Explicit concurrent mark sweep GC freed 3(96B) AllocSpace objects, 0(0B) LOS objects, 40% free, 21MB/36MB, paused 93us total 10.261ms
08-03 21:49:05.090  9056  9069 I art     : Starting a blocking GC Explicit
08-03 21:49:05.101  9056  9069 I art     : Explicit concurrent mark sweep GC freed 1268(74KB) AllocSpace objects, 1(20KB) LOS objects, 40% free, 21MB/36MB, paused 104us total 11.646ms
08-03 21:49:05.108  9056  9069 I art     : Starting a blocking GC Explicit
08-03 21:49:05.118  9056  9069 I art     : Explicit concurrent mark sweep GC freed 18(624B) AllocSpace objects, 0(0B) LOS objects, 40% free, 21MB/36MB, paused 91us total 10.075ms
08-03 21:49:05.123  9056  9069 I art     : Starting a blocking GC Explicit
08-03 21:49:05.132  9056  9069 I art     : Explicit concurrent mark sweep GC freed 3(96B) AllocSpace objects, 0(0B) LOS objects, 40% free, 21MB/36MB, paused 88us total 8.993ms
08-03 21:49:05.138  9056  9069 I art     : Starting a blocking GC Explicit
08-03 21:49:05.147  9056  9069 I art     : Explicit concurrent mark sweep GC freed 3(96B) AllocSpace objects, 0(0B) LOS objects, 40% free, 21MB/36MB, paused 95us total 8.587ms
08-03 21:49:05.152  9056  9069 I art     : Starting a blocking GC Explicit
08-03 21:49:05.161  9056  9069 I art     : Explicit concurrent mark sweep GC freed 3(96B) AllocSpace objects, 0(0B) LOS objects, 40% free, 21MB/36MB, paused 86us total 8.592ms
08-03 21:49:05.424  9056  9068 I art     : Starting a blocking GC Explicit
08-03 21:49:05.441  9056  9068 I art     : Explicit concurrent mark sweep GC freed 1268(74KB) AllocSpace objects, 1(20KB) LOS objects, 40% free, 21MB/36MB, paused 130us total 16.671ms
08-03 21:49:05.449  9056  9068 I art     : Starting a blocking GC Explicit
08-03 21:49:05.460  9056  9068 I art     : Explicit concurrent mark sweep GC freed 18(624B) AllocSpace objects, 0(0B) LOS objects, 40% free, 21MB/36MB, paused 98us total 11.119ms
08-03 21:49:05.467  9056  9068 I art     : Starting a blocking GC Explicit
08-03 21:49:05.477  9056  9068 I art     : Explicit concurrent mark sweep GC freed 3(96B) AllocSpace objects, 0(0B) LOS objects, 40% free, 21MB/36MB, paused 87us total 10.337ms
08-03 21:49:05.484  9056  9068 I art     : Starting a blocking GC Explicit
08-03 21:49:05.494  9056  9068 I art     : Explicit concurrent mark sweep GC freed 3(96B) AllocSpace objects, 0(0B) LOS objects, 40% free, 21MB/36MB, paused 92us total 9.953ms
08-03 21:49:05.499  9056  9068 I art     : Starting a blocking GC Explicit
08-03 21:49:05.509  9056  9068 I art     : Explicit concurrent mark sweep GC freed 3(96B) AllocSpace objects, 0(0B) LOS objects, 40% free, 21MB/36MB, paused 92us total 9.705ms
08-03 21:49:05.806  9056  9069 I art     : Starting a blocking GC Explicit
08-03 21:49:05.826  9056  9069 I art     : Explicit concurrent mark sweep GC freed 1268(74KB) AllocSpace objects, 1(20KB) LOS objects, 40% free, 21MB/36MB, paused 155us total 19.052ms
08-03 21:49:05.837  9056  9069 I art     : Starting a blocking GC Explicit
08-03 21:49:05.848  9056  9069 I art     : Explicit concurrent mark sweep GC freed 18(624B) AllocSpace objects, 0(0B) LOS objects, 40% free, 21MB/36MB, paused 99us total 10.854ms
08-03 21:49:05.854  9056  9069 I art     : Starting a blocking GC Explicit
08-03 21:49:05.865  9056  9069 I art     : Explicit concurrent mark sweep GC freed 3(96B) AllocSpace objects, 0(0B) LOS objects, 40% free, 21MB/36MB, paused 95us total 10.281ms
08-03 21:49:05.871  9056  9069 I art     : Starting a blocking GC Explicit
08-03 21:49:05.881  9056  9069 I art     : Explicit concurrent mark sweep GC freed 3(96B) AllocSpace objects, 0(0B) LOS objects, 40% free, 21MB/36MB, paused 91us total 9.787ms
08-03 21:49:05.887  9056  9069 I art     : Starting a blocking GC Explicit
08-03 21:49:05.897  9056  9069 I art     : Explicit concurrent mark sweep GC freed 3(96B) AllocSpace objects, 0(0B) LOS objects, 40% free, 21MB/36MB, paused 94us total 10.216ms
08-03 21:49:06.138  9056  9068 I art     : Starting a blocking GC Explicit
08-03 21:49:06.149  9056  9068 I art     : Explicit concurrent mark sweep GC freed 1268(74KB) AllocSpace objects, 1(20KB) LOS objects, 40% free, 21MB/36MB, paused 92us total 10.532ms
08-03 21:49:06.155  9056  9068 I art     : Starting a blocking GC Explicit
08-03 21:49:06.165  9056  9068 I art     : Explicit concurrent mark sweep GC freed 18(624B) AllocSpace objects, 0(0B) LOS objects, 40% free, 21MB/36MB, paused 87us total 9.635ms
08-03 21:49:06.170  9056  9068 I art     : Starting a blocking GC Explicit
08-03 21:49:06.180  9056  9068 I art     : Explicit concurrent mark sweep GC freed 3(96B) AllocSpace objects, 0(0B) LOS objects, 40% free, 21MB/36MB, paused 92us total 9.707ms
08-03 21:49:06.186  9056  9068 I art     : Starting a blocking GC Explicit
08-03 21:49:06.196  9056  9068 I art     : Explicit concurrent mark sweep GC freed 3(96B) AllocSpace objects, 0(0B) LOS objects, 40% free, 21MB/36MB, paused 100us total 9.752ms
08-03 21:49:06.201  9056  9068 I art     : Starting a blocking GC Explicit
08-03 21:49:06.211  9056  9068 I art     : Explicit concurrent mark sweep GC freed 3(96B) AllocSpace objects, 0(0B) LOS objects, 40% free, 21MB/36MB, paused 90us total 9.780ms
08-03 21:49:06.391  9240  9240 D AndroidRuntime: >>>>>> START com.android.internal.os.RuntimeInit uid 2000 <<<<<<
08-03 21:49:06.395  9240  9240 D AndroidRuntime: CheckJNI is OFF
08-03 21:49:06.420  9240  9240 D ICU     : No timezone override file found: /data/misc/zoneinfo/current/icu/icu_tzdata.dat
08-03 21:49:06.445  9240  9240 I Radio-JNI: register_android_hardware_Radio DONE
08-03 21:49:06.461  9240  9240 D AndroidRuntime: Calling main entry com.android.commands.input.Input
08-03 21:49:06.462  9240  9240 I Input   : injectMotionEvent: MotionEvent { action=ACTION_DOWN, actionButton=0, id[0]=0, x[0]=711.0, y[0]=1664.0, toolType[0]=TOOL_TYPE_UNKNOWN, buttonState=0, metaState=0, flags=0x0, edgeFlags=0x0, pointerCount=1, historySize=0, eventTime=654562875, downTime=654562875, deviceId=0, source=0x1002 }
08-03 21:49:06.467  9240  9240 I Input   : injectMotionEvent: MotionEvent { action=ACTION_UP, actionButton=0, id[0]=0, x[0]=711.0, y[0]=1664.0, toolType[0]=TOOL_TYPE_UNKNOWN, buttonState=0, metaState=0, flags=0x0, edgeFlags=0x0, pointerCount=1, historySize=0, eventTime=654562875, downTime=654562875, deviceId=0, source=0x1002 }
08-03 21:49:06.468  9240  9240 D AndroidRuntime: Shutting down VM
08-03 21:49:06.477   918  5481 I ActivityManager: START u0 {flg=0x14000000 cmp=baseline.com.ak.uobtimetable/.CourseListActivity} from uid 10641 on display 0
08-03 21:49:06.477   512  2967 D audio_hw_primary: out_set_parameters: enter: usecase(1: low-latency-playback) kvpairs: routing=2
08-03 21:49:06.488  9056  9068 I art     : Starting a blocking GC Explicit
08-03 21:49:06.490   512  2967 D audio_hw_primary: select_devices: out_snd_device(2: speaker) in_snd_device(0: none)
08-03 21:49:06.490   512  2967 D msm8974_platform: platform_send_audio_calibration: sending audio calibration for snd_device(2) acdb_id(15)
08-03 21:49:06.490   512  2967 I soundtrigger: audio_extn_sound_trigger_update_device_status: device 0x2 of type 0 for Event 1
08-03 21:49:06.500   512  2967 D audio_hw_primary: enable_snd_device: snd_device(2: speaker)
08-03 21:49:06.500  9056  9068 I art     : Explicit concurrent mark sweep GC freed 1681(103KB) AllocSpace objects, 1(20KB) LOS objects, 40% free, 21MB/36MB, paused 231us total 12.109ms
08-03 21:49:06.502   512  2967 D audio_hw_primary: enable_audio_route: apply and update mixer path: low-latency-playback speaker
08-03 21:49:06.506  9056  9068 I art     : Starting a blocking GC Explicit
08-03 21:49:06.518  9056  9068 I art     : Explicit concurrent mark sweep GC freed 1530(104KB) AllocSpace objects, 0(0B) LOS objects, 40% free, 21MB/36MB, paused 365us total 11.545ms
08-03 21:49:06.519  9056  9056 D CourseListActivity: onCreate
08-03 21:49:06.524  9056  9068 I art     : Starting a blocking GC Explicit
08-03 21:49:06.537  9056  9068 I art     : Explicit concurrent mark sweep GC freed 849(90KB) AllocSpace objects, 0(0B) LOS objects, 40% free, 22MB/36MB, paused 212us total 13.047ms
08-03 21:49:06.543  9056  9068 I art     : Starting a blocking GC Explicit
08-03 21:49:06.549  9056  9271 D HTTP    : Request for: https://uob-timetable-api.adriankeenan.co.uk/courses
08-03 21:49:06.555  9056  9068 I art     : Explicit concurrent mark sweep GC freed 738(63KB) AllocSpace objects, 0(0B) LOS objects, 40% free, 22MB/36MB, paused 453us total 12.192ms
08-03 21:49:06.562  9056  9068 I art     : Starting a blocking GC Explicit
08-03 21:49:06.572  9056  9068 I art     : Explicit concurrent mark sweep GC freed 236(28KB) AllocSpace objects, 0(0B) LOS objects, 40% free, 22MB/36MB, paused 159us total 10.266ms
08-03 21:49:06.608   918   936 I ActivityManager: Displayed baseline.com.ak.uobtimetable/.CourseListActivity: +122ms
08-03 21:49:06.612 13866 13866 I GoogleInputMethodServic: GoogleInputMethodService.onFinishInput():3138 
08-03 21:49:06.614 13866 13866 I GoogleInputMethodServic: GoogleInputMethodService.onStartInput():1808 
08-03 21:49:06.645  9056  9071 D OpenGLRenderer: endAllStagingAnimators on 0x7f949a3800 (RippleDrawable) with handle 0x7f99ebb9c0
08-03 21:49:06.698 18789 18789 I Finsky  : [1] xow.onStartJob(3): SCH: onJobSchedulerWakeup with jobId 9007
08-03 21:49:06.704 18789 18789 I Finsky  : [1] xjw.a(9): Scheduling fallback in 43199994 (absolute: 1681150573)
08-03 21:49:06.709 18789 18789 I Finsky  : [1] xjw.a(9): Scheduling fallback in 64799995 (absolute: 1702750579)
08-03 21:49:06.713 18789 18789 I Finsky  : [1] xow.onStartJob(3): SCH: onJobSchedulerWakeup with jobId 9002
08-03 21:49:06.716 18789 18789 I Finsky  : [1] xjw.a(9): Scheduling fallback in 43199999 (absolute: 1681150589)
08-03 21:49:06.722 18789 18789 I Finsky  : [1] xjw.a(9): Scheduling fallback in 64799994 (absolute: 1702750591)
08-03 21:49:06.728 18789 18789 W Finsky  : [1] xow.onStartJob(9): SCH: onJobSchedulerWakeup while already running
08-03 21:49:06.770 18789 18789 I Finsky  : [1] xkf.handleMessage(8): SCH: DeviceState: DeviceState{currentTime=1596484146765, isCharging=false, isIdle=false, netAny=true, netNotRoaming=true, netUnmetered=true, batteryPercent=100.0}
08-03 21:49:06.777 18789  8968 I Finsky  : [5950] xmu.a(8): SCH: Jobs in database: 1-1337 3-181 3-182 12-1 26-1414141414 
08-03 21:49:06.780 18789 18789 I Finsky  : [1] xkg.a(16): SCH: Running job: 12-1
08-03 21:49:06.780 18789 18789 I Finsky  : [1] ContentSyncJob.a(16): [ContentSync] job started
08-03 21:49:06.781 18789 18789 I Finsky  : [1] xkf.handleMessage(61): SCH: RunningQueue size: 1, PendingQueue size: 0
08-03 21:49:06.781 18789 18789 I Finsky  : [1] xkf.handleMessage(64): SCH: Running queue: 12-1 
08-03 21:49:06.784  9056  9068 I art     : Starting a blocking GC Explicit
08-03 21:49:06.798  9056  9068 I art     : Explicit concurrent mark sweep GC freed 4105(260KB) AllocSpace objects, 4(220KB) LOS objects, 40% free, 22MB/37MB, paused 217us total 14.117ms
08-03 21:49:06.805  9056  9068 I art     : Starting a blocking GC Explicit
08-03 21:49:06.811  9056  9271 I NAPPA_EXPERIMENTATION: MetricNetworkRequestExecutionTime: REQUEST_DURATION_SYSTEM='259',REQUEST_DURATION_OKHTTP='40',REQUEST_SYNCHRONOUS='TRUE',RESPONSE_CODE='200',RESPONSE_METHOD='GET',RESPONSE_LENGTH_OKHTTP='-1',RESPONSE_LENGTH_HEADER='-2',REQUEST_PROTOCOL='http/1.1',REQUEST_URL='https://uob-timetable-api.adriankeenan.co.uk/courses',
08-03 21:49:06.818  9056  9068 I art     : Explicit concurrent mark sweep GC freed 1173(134KB) AllocSpace objects, 0(0B) LOS objects, 40% free, 22MB/37MB, paused 150us total 12.386ms
08-03 21:49:06.824  9056  9068 I art     : Starting a blocking GC Explicit
08-03 21:49:06.836  9056  9068 I art     : Explicit concurrent mark sweep GC freed 59(4KB) AllocSpace objects, 0(0B) LOS objects, 40% free, 23MB/38MB, paused 171us total 11.728ms
08-03 21:49:06.843  9056  9068 I art     : Starting a blocking GC Explicit
08-03 21:49:06.854  9056  9068 I art     : Explicit concurrent mark sweep GC freed 10(272B) AllocSpace objects, 0(0B) LOS objects, 39% free, 24MB/40MB, paused 143us total 10.785ms
08-03 21:49:06.861  9056  9068 I art     : Starting a blocking GC Explicit
08-03 21:49:06.873  9056  9068 I art     : Explicit concurrent mark sweep GC freed 44(1952B) AllocSpace objects, 0(0B) LOS objects, 38% free, 25MB/41MB, paused 178us total 11.015ms
08-03 21:49:06.902 18789  8982 I Finsky  : [5960] dzn.a(22): Completed 0 account content syncs with 0 successful.
08-03 21:49:06.903 18789 18789 I Finsky  : [1] ContentSyncJob.a(1): [ContentSync] Installation state replication succeeded.
08-03 21:49:06.903 18789 18789 I Finsky  : [1] xlr.a(13): SCH: jobFinished: 12-1. TimeElapsed: 123ms.
08-03 21:49:06.904 18789 18789 I Finsky  : [1] xkg.a(36): SCH: Job 12-1 finished. Not rescheduling.
08-03 21:49:06.904 18789 18789 I Finsky  : [1] xkf.handleMessage(61): SCH: RunningQueue size: 0, PendingQueue size: 0
08-03 21:49:06.907 18789 18789 I Finsky  : [1] xkf.handleMessage(25): Executor finished
08-03 21:49:06.921 18789 18789 I Finsky  : [1] xmu.a(8): SCH: Jobs in database: 1-1337 3-181 3-182 26-1414141414 
08-03 21:49:06.924 18789 18789 I Finsky  : [1] xio.a(57): SCH: ConstraintMapping: 1-1337,  -> L: 1005983ms, D: 44205983ms, C: false, I: false, N: 1
08-03 21:49:06.924 18789 18789 I Finsky  : [1] xio.a(57): SCH: ConstraintMapping: 3-181,  -> L: 0ms, D: 75462291ms, C: false, I: true, N: 2
08-03 21:49:06.925 18789 18789 I Finsky  : [1] xio.a(57): SCH: ConstraintMapping: 3-182,  -> L: 0ms, D: 75462363ms, C: true, I: true, N: 2
08-03 21:49:06.925 18789 18789 I Finsky  : [1] xio.a(57): SCH: ConstraintMapping: 26-1414141414,  -> L: 5078231ms, D: 5978231ms, C: false, I: false, N: 0
08-03 21:49:06.935 18789 18789 I Finsky  : [1] xle.a(34): Cancelling existing jobscheduler jobs: 9003 9015 9009 9008 9004 9005 
08-03 21:49:06.936 18789 18789 I Finsky  : [1] xle.a(27): Scheduling job Id: 9000, L: 1005983, D: 44205983, C: false, I: false, N: 1
08-03 21:49:06.937 18789 18789 I Finsky  : [1] xle.a(10): Throttling wakeup for job 9001 (expected to run in 0 ms) due to recent wakeup
08-03 21:49:06.938 18789 18789 I Finsky  : [1] xle.a(27): Scheduling job Id: 9001, L: 30000, D: 75462291, C: false, I: true, N: 2
08-03 21:49:06.941 18789 18789 I Finsky  : [1] xle.a(10): Throttling wakeup for job 9002 (expected to run in 0 ms) due to recent wakeup
08-03 21:49:06.941 18789 18789 I Finsky  : [1] xle.a(27): Scheduling job Id: 9002, L: 30000, D: 75462363, C: true, I: true, N: 2
08-03 21:49:06.942 18789 18789 I Finsky  : [1] xle.a(27): Scheduling job Id: 9006, L: 5078231, D: 5978231, C: false, I: false, N: 0
08-03 21:49:06.944 18789 18789 I Finsky  : [1] xle.a(27): Scheduling job Id: 9010, L: 1005983, D: 44205983, C: false, I: false, N: 1
08-03 21:49:06.945 18789 18789 I Finsky  : [1] xle.a(10): Throttling wakeup for job 9011 (expected to run in 0 ms) due to recent wakeup
08-03 21:49:06.945 18789 18789 I Finsky  : [1] xle.a(27): Scheduling job Id: 9011, L: 30000, D: 75462291, C: false, I: true, N: 2
08-03 21:49:06.947 18789 18789 I Finsky  : [1] xle.a(10): Throttling wakeup for job 9012 (expected to run in 0 ms) due to recent wakeup
08-03 21:49:06.947 18789 18789 I Finsky  : [1] xle.a(27): Scheduling job Id: 9012, L: 30000, D: 75462363, C: true, I: true, N: 2
08-03 21:49:06.948 18789 18789 I Finsky  : [1] xle.a(27): Scheduling job Id: 9013, L: 5078231, D: 5978231, C: false, I: false, N: 0
08-03 21:49:07.043   512  2967 D audio_hw_primary: disable_audio_route: reset and update mixer path: low-latency-playback speaker
08-03 21:49:07.044   512  2967 D audio_hw_primary: disable_snd_device: snd_device(2: speaker)
08-03 21:49:07.051   512  2967 I soundtrigger: audio_extn_sound_trigger_update_device_status: device 0x2 of type 0 for Event 0
08-03 21:49:07.130  9056  9269 I art     : Starting a blocking GC Explicit
08-03 21:49:07.166  9056  9269 W art     : Suspending all threads took: 23.328ms
08-03 21:49:07.166  9056  9271 I HTTP    : Response was compressed.
08-03 21:49:07.167  9056  9269 I art     : Explicit concurrent mark sweep GC freed 95(4KB) AllocSpace objects, 0(0B) LOS objects, 21% free, 59MB/75MB, paused 23.704ms total 36.966ms
08-03 21:49:07.173  9056  9269 I art     : Starting a blocking GC Explicit
08-03 21:49:07.191  9056  9269 I art     : Explicit concurrent mark sweep GC freed 5677(262KB) AllocSpace objects, 2(22MB) LOS objects, 29% free, 37MB/53MB, paused 406us total 17.704ms
08-03 21:49:07.196  9056  9269 I art     : Starting a blocking GC Explicit
08-03 21:49:07.208  9056  9269 I art     : Explicit concurrent mark sweep GC freed 11853(555KB) AllocSpace objects, 0(0B) LOS objects, 29% free, 37MB/53MB, paused 1.088ms total 12.050ms
08-03 21:49:07.214  9056  9269 I art     : Starting a blocking GC Explicit
08-03 21:49:07.226  9056  9269 I art     : Explicit concurrent mark sweep GC freed 9441(442KB) AllocSpace objects, 0(0B) LOS objects, 29% free, 37MB/53MB, paused 191us total 11.403ms
08-03 21:49:07.231  9056  9269 I art     : Starting a blocking GC Explicit
08-03 21:49:07.243  9056  9269 I art     : Explicit concurrent mark sweep GC freed 9616(446KB) AllocSpace objects, 0(0B) LOS objects, 29% free, 37MB/53MB, paused 222us total 11.490ms
08-03 21:49:07.293   518   646 I ThermalEngine: ACTION: GPU - Setting GPU[0] to 510000000
08-03 21:49:07.491  9056  9069 I art     : Starting a blocking GC Explicit
08-03 21:49:07.526  9056  9069 I art     : Explicit concurrent mark sweep GC freed 150405(6MB) AllocSpace objects, 1(20KB) LOS objects, 28% free, 39MB/55MB, paused 312us total 34.102ms
08-03 21:49:07.535  9056  9069 I art     : Starting a blocking GC Explicit
08-03 21:49:07.554  9056  9069 I art     : Explicit concurrent mark sweep GC freed 20842(981KB) AllocSpace objects, 0(0B) LOS objects, 29% free, 39MB/55MB, paused 277us total 18.981ms
08-03 21:49:07.564  9056  9069 I art     : Starting a blocking GC Explicit
08-03 21:49:07.583  9056  9069 I art     : Explicit concurrent mark sweep GC freed 15469(728KB) AllocSpace objects, 0(0B) LOS objects, 28% free, 39MB/55MB, paused 449us total 19.117ms
08-03 21:49:07.592  9056  9069 I art     : Starting a blocking GC Explicit
08-03 21:49:07.611  9056  9069 I art     : Explicit concurrent mark sweep GC freed 15459(726KB) AllocSpace objects, 0(0B) LOS objects, 28% free, 39MB/55MB, paused 363us total 19.628ms
08-03 21:49:07.620  9056  9069 I art     : Starting a blocking GC Explicit
08-03 21:49:07.640  9056  9069 I art     : Explicit concurrent mark sweep GC freed 15916(741KB) AllocSpace objects, 0(0B) LOS objects, 28% free, 39MB/55MB, paused 346us total 19.539ms
08-03 21:49:07.909  9056  9068 I art     : Starting a blocking GC Explicit
08-03 21:49:07.945  9056  9068 I art     : Explicit concurrent mark sweep GC freed 161555(7MB) AllocSpace objects, 1(20KB) LOS objects, 28% free, 40MB/56MB, paused 441us total 35.781ms
08-03 21:49:07.957  9056  9068 I art     : Starting a blocking GC Explicit
08-03 21:49:07.979  9056  9068 I art     : Explicit concurrent mark sweep GC freed 24568(1158KB) AllocSpace objects, 0(0B) LOS objects, 28% free, 40MB/56MB, paused 379us total 22.626ms
08-03 21:49:07.989  9056  9068 I art     : Starting a blocking GC Explicit
08-03 21:49:08.013  9056  9068 I art     : Explicit concurrent mark sweep GC freed 18437(880KB) AllocSpace objects, 0(0B) LOS objects, 28% free, 40MB/56MB, paused 383us total 23.321ms
08-03 21:49:08.023  9056  9068 I art     : Starting a blocking GC Explicit
08-03 21:49:08.047  9056  9068 I art     : Explicit concurrent mark sweep GC freed 18504(870KB) AllocSpace objects, 0(0B) LOS objects, 28% free, 41MB/57MB, paused 421us total 23.561ms
08-03 21:49:08.057  9056  9068 I art     : Starting a blocking GC Explicit
08-03 21:49:08.082  9056  9068 I art     : Explicit concurrent mark sweep GC freed 19079(894KB) AllocSpace objects, 0(0B) LOS objects, 27% free, 41MB/57MB, paused 388us total 24.044ms
08-03 21:49:08.348  9056  9069 I art     : Starting a blocking GC Explicit
08-03 21:49:08.390  9056  9069 I art     : Explicit concurrent mark sweep GC freed 162897(7MB) AllocSpace objects, 1(20KB) LOS objects, 27% free, 42MB/58MB, paused 619us total 41.311ms
08-03 21:49:08.404  9056  9069 I art     : Starting a blocking GC Explicit
08-03 21:49:08.430  9056  9069 I art     : Explicit concurrent mark sweep GC freed 27287(1313KB) AllocSpace objects, 0(0B) LOS objects, 27% free, 42MB/58MB, paused 502us total 26.590ms
08-03 21:49:08.441  9056  9069 I art     : Starting a blocking GC Explicit
08-03 21:49:08.469  9056  9069 I art     : Explicit concurrent mark sweep GC freed 21239(994KB) AllocSpace objects, 0(0B) LOS objects, 27% free, 42MB/58MB, paused 561us total 27.754ms
08-03 21:49:08.481  9056  9069 I art     : Starting a blocking GC Explicit
08-03 21:49:08.510  9056  9069 I art     : Explicit concurrent mark sweep GC freed 22241(1038KB) AllocSpace objects, 0(0B) LOS objects, 27% free, 42MB/58MB, paused 638us total 28.681ms
08-03 21:49:08.521  9056  9069 I art     : Starting a blocking GC Explicit
08-03 21:49:08.550  9056  9069 I art     : Explicit concurrent mark sweep GC freed 21431(1006KB) AllocSpace objects, 0(0B) LOS objects, 27% free, 43MB/59MB, paused 623us total 28.033ms
08-03 21:49:08.822  9056  9069 I art     : Starting a blocking GC Explicit
08-03 21:49:08.869  9056  9069 I art     : Explicit concurrent mark sweep GC freed 167010(7MB) AllocSpace objects, 1(20KB) LOS objects, 26% free, 44MB/60MB, paused 561us total 46.856ms
08-03 21:49:08.882  9056  9069 I art     : Starting a blocking GC Explicit
08-03 21:49:08.915  9056  9069 I art     : Explicit concurrent mark sweep GC freed 30740(1437KB) AllocSpace objects, 0(0B) LOS objects, 26% free, 44MB/60MB, paused 557us total 32.328ms
08-03 21:49:08.927  9056  9069 I art     : Starting a blocking GC Explicit
08-03 21:49:08.960  9056  9069 I art     : Explicit concurrent mark sweep GC freed 24761(1172KB) AllocSpace objects, 0(0B) LOS objects, 26% free, 44MB/60MB, paused 610us total 32.019ms
08-03 21:49:08.972  9056  9069 I art     : Starting a blocking GC Explicit
08-03 21:49:09.004  9056  9069 I art     : Explicit concurrent mark sweep GC freed 24073(1181KB) AllocSpace objects, 0(0B) LOS objects, 26% free, 44MB/60MB, paused 619us total 32.171ms
08-03 21:49:09.017  9056  9069 I art     : Starting a blocking GC Explicit
08-03 21:49:09.050  9056  9069 I art     : Explicit concurrent mark sweep GC freed 25005(1171KB) AllocSpace objects, 0(0B) LOS objects, 26% free, 45MB/61MB, paused 665us total 32.762ms
08-03 21:49:09.327  9056  9069 I art     : Starting a blocking GC Explicit
08-03 21:49:09.382  9056  9069 I art     : Explicit concurrent mark sweep GC freed 171228(7MB) AllocSpace objects, 1(20KB) LOS objects, 25% free, 46MB/62MB, paused 671us total 54.942ms
08-03 21:49:09.382  9056  9067 I art     : WaitForGcToComplete blocked for 45.313ms for cause HeapTrim
08-03 21:49:09.396  9056  9069 I art     : Starting a blocking GC Explicit
08-03 21:49:09.435  9056  9069 I art     : Explicit concurrent mark sweep GC freed 33900(1583KB) AllocSpace objects, 0(0B) LOS objects, 25% free, 46MB/62MB, paused 655us total 38.324ms
08-03 21:49:09.449  9056  9069 I art     : Starting a blocking GC Explicit
08-03 21:49:09.486  9056  9069 I art     : Explicit concurrent mark sweep GC freed 28060(1308KB) AllocSpace objects, 0(0B) LOS objects, 25% free, 46MB/62MB, paused 670us total 37.035ms
08-03 21:49:09.499  9056  9069 I art     : Starting a blocking GC Explicit
08-03 21:49:09.537  9056  9069 I art     : Explicit concurrent mark sweep GC freed 27146(1260KB) AllocSpace objects, 0(0B) LOS objects, 25% free, 46MB/62MB, paused 710us total 37.296ms
08-03 21:49:09.550  9056  9069 I art     : Starting a blocking GC Explicit
08-03 21:49:09.589  9056  9069 I art     : Explicit concurrent mark sweep GC freed 25596(1201KB) AllocSpace objects, 0(0B) LOS objects, 25% free, 47MB/63MB, paused 727us total 38.038ms
08-03 21:49:09.867  9056  9269 I art     : Starting a blocking GC Explicit
08-03 21:49:09.884  7501  7501 I ServiceManager: Waiting for service AtCmdFwd...
08-03 21:49:09.926  9056  9269 I art     : Explicit concurrent mark sweep GC freed 173311(7MB) AllocSpace objects, 1(20KB) LOS objects, 24% free, 48MB/64MB, paused 751us total 58.481ms
08-03 21:49:09.940  9056  9271 I Service : getCourses response time: 0.69
08-03 21:49:09.941  9056  9269 I art     : Starting a blocking GC Explicit
08-03 21:49:09.945  9056  9056 I SettingsManager: Getting string: savedCourse
08-03 21:49:09.983  9056  9269 I art     : Explicit concurrent mark sweep GC freed 15120(762KB) AllocSpace objects, 1(14MB) LOS objects, 32% free, 33MB/49MB, paused 411us total 41.233ms
08-03 21:49:09.997  9056  9269 I art     : Starting a blocking GC Explicit
08-03 21:49:10.033  9056  9269 I art     : Explicit concurrent mark sweep GC freed 418(15KB) AllocSpace objects, 0(0B) LOS objects, 32% free, 33MB/49MB, paused 227us total 36.578ms
08-03 21:49:10.048  9056  9269 I art     : Starting a blocking GC Explicit
08-03 21:49:10.086  9056  9269 I art     : Explicit concurrent mark sweep GC freed 61(2480B) AllocSpace objects, 0(0B) LOS objects, 32% free, 33MB/49MB, paused 207us total 38.160ms
08-03 21:49:10.101  9056  9269 I art     : Starting a blocking GC Explicit
08-03 21:49:10.140  9056  9269 I art     : Explicit concurrent mark sweep GC freed 5(192B) AllocSpace objects, 0(0B) LOS objects, 32% free, 33MB/49MB, paused 217us total 38.824ms
08-03 21:49:10.296   518   646 I ThermalEngine: ACTION: GPU - Setting GPU[0] to 450000000
08-03 21:49:10.465  9056  9068 I art     : Starting a blocking GC Explicit
08-03 21:49:10.536  9056  9068 I art     : Explicit concurrent mark sweep GC freed 1271(74KB) AllocSpace objects, 1(20KB) LOS objects, 32% free, 33MB/49MB, paused 278us total 70.620ms
08-03 21:49:10.558  9056  9068 I art     : Starting a blocking GC Explicit
08-03 21:49:10.608  9056  9068 I art     : Explicit concurrent mark sweep GC freed 18(624B) AllocSpace objects, 0(0B) LOS objects, 32% free, 33MB/49MB, paused 275us total 50.456ms
08-03 21:49:10.629  9056  9068 I art     : Starting a blocking GC Explicit
08-03 21:49:10.681  9056  9068 I art     : Explicit concurrent mark sweep GC freed 3(96B) AllocSpace objects, 0(0B) LOS objects, 32% free, 33MB/49MB, paused 267us total 51.809ms
08-03 21:49:10.702  9056  9068 I art     : Starting a blocking GC Explicit
08-03 21:49:10.754  9056  9068 I art     : Explicit concurrent mark sweep GC freed 3(96B) AllocSpace objects, 0(0B) LOS objects, 32% free, 33MB/49MB, paused 269us total 51.440ms
08-03 21:49:10.775  9056  9068 I art     : Starting a blocking GC Explicit
08-03 21:49:10.831  9056  9068 I art     : Explicit concurrent mark sweep GC freed 3(96B) AllocSpace objects, 0(0B) LOS objects, 32% free, 33MB/49MB, paused 246us total 55.030ms
08-03 21:49:10.884  7501  7501 I ServiceManager: Waiting for service AtCmdFwd...
08-03 21:49:11.139  9056  9069 I art     : Starting a blocking GC Explicit
08-03 21:49:11.196  9056  9069 I art     : Explicit concurrent mark sweep GC freed 1274(74KB) AllocSpace objects, 1(20KB) LOS objects, 32% free, 33MB/49MB, paused 269us total 56.292ms
08-03 21:49:11.217  9056  9069 I art     : Starting a blocking GC Explicit
08-03 21:49:11.273  9056  9069 I art     : Explicit concurrent mark sweep GC freed 18(624B) AllocSpace objects, 0(0B) LOS objects, 32% free, 33MB/49MB, paused 282us total 55.525ms
08-03 21:49:11.293  9056  9069 I art     : Starting a blocking GC Explicit
08-03 21:49:11.349  9056  9069 I art     : Explicit concurrent mark sweep GC freed 3(96B) AllocSpace objects, 0(0B) LOS objects, 32% free, 33MB/49MB, paused 278us total 55.136ms
08-03 21:49:11.370  9056  9069 I art     : Starting a blocking GC Explicit
08-03 21:49:11.420   918  3261 D WifiStateMachine: starting scan for "H369AA63323"WPA_PSK with 2412,5180
08-03 21:49:11.425  9056  9069 I art     : Explicit concurrent mark sweep GC freed 3(96B) AllocSpace objects, 0(0B) LOS objects, 32% free, 33MB/49MB, paused 266us total 54.903ms
08-03 21:49:11.446  9056  9069 I art     : Starting a blocking GC Explicit
08-03 21:49:11.501  9056  9069 I art     : Explicit concurrent mark sweep GC freed 3(96B) AllocSpace objects, 0(0B) LOS objects, 32% free, 33MB/49MB, paused 249us total 54.091ms
08-03 21:49:11.838  9056  9068 I art     : Starting a blocking GC Explicit
08-03 21:49:11.885  7501  7501 I ServiceManager: Waiting for service AtCmdFwd...
08-03 21:49:11.902  9056  9068 I art     : Explicit concurrent mark sweep GC freed 1275(74KB) AllocSpace objects, 1(20KB) LOS objects, 32% free, 33MB/49MB, paused 272us total 64.058ms
08-03 21:49:11.923  9056  9068 I art     : Starting a blocking GC Explicit
08-03 21:49:11.980  9056  9068 I art     : Explicit concurrent mark sweep GC freed 20(704B) AllocSpace objects, 0(0B) LOS objects, 32% free, 33MB/49MB, paused 266us total 56.648ms
08-03 21:49:12.001  9056  9068 I art     : Starting a blocking GC Explicit
08-03 21:49:12.056  9056  9068 I art     : Explicit concurrent mark sweep GC freed 3(96B) AllocSpace objects, 0(0B) LOS objects, 32% free, 33MB/49MB, paused 277us total 54.957ms
08-03 21:49:12.078  9056  9068 I art     : Starting a blocking GC Explicit
08-03 21:49:12.133  9056  9068 I art     : Explicit concurrent mark sweep GC freed 3(96B) AllocSpace objects, 0(0B) LOS objects, 32% free, 33MB/49MB, paused 272us total 54.762ms
08-03 21:49:12.154  9056  9068 I art     : Starting a blocking GC Explicit
08-03 21:49:12.210  9056  9068 I art     : Explicit concurrent mark sweep GC freed 3(96B) AllocSpace objects, 0(0B) LOS objects, 32% free, 33MB/49MB, paused 273us total 56.361ms
08-03 21:49:12.537  9056  9069 I art     : Starting a blocking GC Explicit
08-03 21:49:12.602  9056  9069 I art     : Explicit concurrent mark sweep GC freed 1274(74KB) AllocSpace objects, 1(20KB) LOS objects, 32% free, 33MB/49MB, paused 285us total 64.532ms
08-03 21:49:12.623  9056  9069 I art     : Starting a blocking GC Explicit
08-03 21:49:12.679  9056  9069 I art     : Explicit concurrent mark sweep GC freed 18(624B) AllocSpace objects, 0(0B) LOS objects, 32% free, 33MB/49MB, paused 270us total 55.806ms
08-03 21:49:12.700  9056  9069 I art     : Starting a blocking GC Explicit
08-03 21:49:12.751  9056  9069 I art     : Explicit concurrent mark sweep GC freed 3(96B) AllocSpace objects, 0(0B) LOS objects, 32% free, 33MB/49MB, paused 256us total 50.927ms
08-03 21:49:12.771  9056  9069 I art     : Starting a blocking GC Explicit
08-03 21:49:12.817  9056  9069 I art     : Explicit concurrent mark sweep GC freed 3(96B) AllocSpace objects, 0(0B) LOS objects, 32% free, 33MB/49MB, paused 322us total 46.115ms
08-03 21:49:12.836  9056  9069 I art     : Starting a blocking GC Explicit
08-03 21:49:12.886  7501  7501 I ServiceManager: Waiting for service AtCmdFwd...
08-03 21:49:12.888  9056  9069 I art     : Explicit concurrent mark sweep GC freed 3(96B) AllocSpace objects, 0(0B) LOS objects, 32% free, 33MB/49MB, paused 279us total 51.715ms
08-03 21:49:13.192  9056  9269 I art     : Starting a blocking GC Explicit
08-03 21:49:13.256  9056  9269 I art     : Explicit concurrent mark sweep GC freed 1274(74KB) AllocSpace objects, 1(20KB) LOS objects, 32% free, 33MB/49MB, paused 274us total 63.724ms
08-03 21:49:13.274  9401  9401 D AndroidRuntime: >>>>>> START com.android.internal.os.RuntimeInit uid 2000 <<<<<<
08-03 21:49:13.277  9056  9269 I art     : Starting a blocking GC Explicit
08-03 21:49:13.279  9401  9401 D AndroidRuntime: CheckJNI is OFF
08-03 21:49:13.302   518   646 I ThermalEngine: ACTION: GPU - Setting GPU[0] to 510000000
08-03 21:49:13.323  9401  9401 D ICU     : No timezone override file found: /data/misc/zoneinfo/current/icu/icu_tzdata.dat
08-03 21:49:13.325  9056  9269 I art     : Explicit concurrent mark sweep GC freed 18(624B) AllocSpace objects, 0(0B) LOS objects, 32% free, 33MB/49MB, paused 274us total 47.760ms
08-03 21:49:13.344  9056  9269 I art     : Starting a blocking GC Explicit
08-03 21:49:13.362  9401  9401 I Radio-JNI: register_android_hardware_Radio DONE
08-03 21:49:13.383  9401  9401 D AndroidRuntime: Calling main entry com.android.commands.input.Input
08-03 21:49:13.384  9056  9269 I art     : Explicit concurrent mark sweep GC freed 3(96B) AllocSpace objects, 0(0B) LOS objects, 32% free, 33MB/49MB, paused 196us total 40.092ms
08-03 21:49:13.385  9401  9401 I Input   : injectMotionEvent: MotionEvent { action=ACTION_DOWN, actionButton=0, id[0]=0, x[0]=526.0, y[0]=704.0, toolType[0]=TOOL_TYPE_UNKNOWN, buttonState=0, metaState=0, flags=0x0, edgeFlags=0x0, pointerCount=1, historySize=0, eventTime=654569798, downTime=654569798, deviceId=0, source=0x1002 }
08-03 21:49:13.394  9401  9401 I Input   : injectMotionEvent: MotionEvent { action=ACTION_UP, actionButton=0, id[0]=0, x[0]=526.0, y[0]=704.0, toolType[0]=TOOL_TYPE_UNKNOWN, buttonState=0, metaState=0, flags=0x0, edgeFlags=0x0, pointerCount=1, historySize=0, eventTime=654569798, downTime=654569798, deviceId=0, source=0x1002 }
08-03 21:49:13.396  9401  9401 D AndroidRuntime: Shutting down VM
08-03 21:49:13.399  9056  9269 I art     : Starting a blocking GC Explicit
08-03 21:49:13.436  9056  9269 I art     : Explicit concurrent mark sweep GC freed 21(656B) AllocSpace objects, 0(0B) LOS objects, 32% free, 33MB/49MB, paused 171us total 36.569ms
08-03 21:49:13.451  9056  9269 I art     : Starting a blocking GC Explicit
08-03 21:49:13.461   512  2967 D audio_hw_primary: out_set_parameters: enter: usecase(1: low-latency-playback) kvpairs: routing=2
08-03 21:49:13.474   512  2967 D audio_hw_primary: select_devices: out_snd_device(2: speaker) in_snd_device(0: none)
08-03 21:49:13.474   512  2967 D msm8974_platform: platform_send_audio_calibration: sending audio calibration for snd_device(2) acdb_id(15)
08-03 21:49:13.474   512  2967 I soundtrigger: audio_extn_sound_trigger_update_device_status: device 0x2 of type 0 for Event 1
08-03 21:49:13.483   512  2967 D audio_hw_primary: enable_snd_device: snd_device(2: speaker)
08-03 21:49:13.485   512  2967 D audio_hw_primary: enable_audio_route: apply and update mixer path: low-latency-playback speaker
08-03 21:49:13.488  9056  9269 I art     : Explicit concurrent mark sweep GC freed 607(42KB) AllocSpace objects, 1(20KB) LOS objects, 32% free, 33MB/49MB, paused 325us total 37.564ms
08-03 21:49:13.752  9056  9269 I art     : Starting a blocking GC Explicit
08-03 21:49:13.803  9056  9269 I art     : Explicit concurrent mark sweep GC freed 1505(94KB) AllocSpace objects, 1(20KB) LOS objects, 32% free, 33MB/49MB, paused 175us total 50.935ms
08-03 21:49:13.821  9056  9269 I art     : Starting a blocking GC Explicit
08-03 21:49:13.863  9056  9269 I art     : Explicit concurrent mark sweep GC freed 74(2992B) AllocSpace objects, 0(0B) LOS objects, 32% free, 33MB/49MB, paused 203us total 42.135ms
08-03 21:49:13.880  9056  9269 I art     : Starting a blocking GC Explicit
08-03 21:49:13.886  7501  7501 I ServiceManager: Waiting for service AtCmdFwd...
08-03 21:49:13.921  9056  9269 I art     : Explicit concurrent mark sweep GC freed 5(192B) AllocSpace objects, 0(0B) LOS objects, 32% free, 33MB/49MB, paused 192us total 41.358ms
08-03 21:49:13.940  9056  9269 I art     : Starting a blocking GC Explicit
08-03 21:49:13.990  9056  9269 I art     : Explicit concurrent mark sweep GC freed 5(160B) AllocSpace objects, 0(0B) LOS objects, 32% free, 33MB/49MB, paused 231us total 49.341ms
08-03 21:49:14.010  9056  9269 I art     : Starting a blocking GC Explicit
08-03 21:49:14.030   512  2967 D audio_hw_primary: disable_audio_route: reset and update mixer path: low-latency-playback speaker
08-03 21:49:14.031   512  2967 D audio_hw_primary: disable_snd_device: snd_device(2: speaker)
08-03 21:49:14.040   512  2967 I soundtrigger: audio_extn_sound_trigger_update_device_status: device 0x2 of type 0 for Event 0
08-03 21:49:14.053  9056  9269 I art     : Explicit concurrent mark sweep GC freed 3(96B) AllocSpace objects, 0(0B) LOS objects, 32% free, 33MB/49MB, paused 180us total 43.688ms
08-03 21:49:14.307   518   646 I ThermalEngine: ACTION: GPU - Setting GPU[0] to 450000000
08-03 21:49:14.368  9056  9068 I art     : Starting a blocking GC Explicit
08-03 21:49:14.430  9056  9068 I art     : Explicit concurrent mark sweep GC freed 1276(75KB) AllocSpace objects, 1(20KB) LOS objects, 32% free, 33MB/49MB, paused 272us total 62.419ms
08-03 21:49:14.457  9056  9068 I art     : Starting a blocking GC Explicit
08-03 21:49:14.508  9056  9068 I art     : Explicit concurrent mark sweep GC freed 22(752B) AllocSpace objects, 0(0B) LOS objects, 32% free, 33MB/49MB, paused 315us total 50.762ms
08-03 21:49:14.508  9056  9067 I art     : WaitForGcToComplete blocked for 51.078ms for cause HeapTrim
08-03 21:49:14.528  9056  9068 I art     : Starting a blocking GC Explicit
08-03 21:49:14.580  9056  9068 I art     : Explicit concurrent mark sweep GC freed 3(96B) AllocSpace objects, 0(0B) LOS objects, 32% free, 33MB/49MB, paused 258us total 51.717ms
08-03 21:49:14.600  9056  9068 I art     : Starting a blocking GC Explicit
08-03 21:49:14.652  9056  9068 I art     : Explicit concurrent mark sweep GC freed 3(96B) AllocSpace objects, 0(0B) LOS objects, 32% free, 33MB/49MB, paused 261us total 52.030ms
08-03 21:49:14.672  9056  9068 I art     : Starting a blocking GC Explicit
08-03 21:49:14.719  9056  9068 I art     : Explicit concurrent mark sweep GC freed 3(96B) AllocSpace objects, 0(0B) LOS objects, 32% free, 33MB/49MB, paused 260us total 46.450ms
08-03 21:49:14.887  7501  7501 W Atfwd_Sendcmd: AtCmdFwd service not published, waiting... retryCnt : 1
08-03 21:49:15.002  9056  9435 I art     : Starting a blocking GC Explicit
08-03 21:49:15.055  9056  9435 I art     : Explicit concurrent mark sweep GC freed 1276(75KB) AllocSpace objects, 1(20KB) LOS objects, 32% free, 33MB/49MB, paused 270us total 53.075ms
08-03 21:49:15.076  9056  9435 I art     : Starting a blocking GC Explicit
08-03 21:49:15.133  9056  9435 I art     : Explicit concurrent mark sweep GC freed 23(784B) AllocSpace objects, 0(0B) LOS objects, 32% free, 33MB/49MB, paused 343us total 57.421ms
08-03 21:49:15.156  9056  9435 I art     : Starting a blocking GC Explicit
08-03 21:49:15.172  9446  9446 D AndroidRuntime: >>>>>> START com.android.internal.os.RuntimeInit uid 2000 <<<<<<
08-03 21:49:15.178  9446  9446 D AndroidRuntime: CheckJNI is OFF
08-03 21:49:15.212  9056  9435 I art     : Explicit concurrent mark sweep GC freed 12(384B) AllocSpace objects, 0(0B) LOS objects, 32% free, 33MB/49MB, paused 274us total 56.349ms
08-03 21:49:15.226  9446  9446 D ICU     : No timezone override file found: /data/misc/zoneinfo/current/icu/icu_tzdata.dat
08-03 21:49:15.232  9056  9435 I art     : Starting a blocking GC Explicit
08-03 21:49:15.273  9446  9446 I Radio-JNI: register_android_hardware_Radio DONE
08-03 21:49:15.285  9056  9435 I art     : Explicit concurrent mark sweep GC freed 13(416B) AllocSpace objects, 0(0B) LOS objects, 32% free, 33MB/49MB, paused 288us total 52.461ms
08-03 21:49:15.303  9446  9446 D AndroidRuntime: Calling main entry com.android.commands.input.Input
08-03 21:49:15.306  9056  9435 I art     : Starting a blocking GC Explicit
08-03 21:49:15.306  9446  9446 I Input   : injectMotionEvent: MotionEvent { action=ACTION_DOWN, actionButton=0, id[0]=0, x[0]=1197.0, y[0]=1456.0, toolType[0]=TOOL_TYPE_UNKNOWN, buttonState=0, metaState=0, flags=0x0, edgeFlags=0x0, pointerCount=1, historySize=0, eventTime=654571718, downTime=654571718, deviceId=0, source=0x1002 }
08-03 21:49:15.313  9446  9446 I Input   : injectMotionEvent: MotionEvent { action=ACTION_UP, actionButton=0, id[0]=0, x[0]=1197.0, y[0]=1456.0, toolType[0]=TOOL_TYPE_UNKNOWN, buttonState=0, metaState=0, flags=0x0, edgeFlags=0x0, pointerCount=1, historySize=0, eventTime=654571718, downTime=654571718, deviceId=0, source=0x1002 }
08-03 21:49:15.317  9446  9446 D AndroidRuntime: Shutting down VM
08-03 21:49:15.322   512  2967 D audio_hw_primary: out_set_parameters: enter: usecase(1: low-latency-playback) kvpairs: routing=2
08-03 21:49:15.335   512  2967 D audio_hw_primary: select_devices: out_snd_device(2: speaker) in_snd_device(0: none)
08-03 21:49:15.335   512  2967 D msm8974_platform: platform_send_audio_calibration: sending audio calibration for snd_device(2) acdb_id(15)
08-03 21:49:15.336   512  2967 I soundtrigger: audio_extn_sound_trigger_update_device_status: device 0x2 of type 0 for Event 1
08-03 21:49:15.340  9056  9071 D OpenGLRenderer: endAllStagingAnimators on 0x7f811f6400 (RippleDrawable) with handle 0x7f7e152de0
08-03 21:49:15.346   512  2967 D audio_hw_primary: enable_snd_device: snd_device(2: speaker)
08-03 21:49:15.348   512  2967 D audio_hw_primary: enable_audio_route: apply and update mixer path: low-latency-playback speaker
08-03 21:49:15.351  9056  9056 I SettingsManager: Setting string: savedCourse
08-03 21:49:15.357   918  6029 W BackupManagerService: dataChanged but no participant pkg='baseline.com.ak.uobtimetable' uid=10641
08-03 21:49:15.358   918   928 I ActivityManager: START u0 {flg=0x4000000 cmp=baseline.com.ak.uobtimetable/.MainActivity (has extras)} from uid 10641 on display 0
08-03 21:49:15.361  9056  9435 I art     : Explicit concurrent mark sweep GC freed 2873(139KB) AllocSpace objects, 1(20KB) LOS objects, 32% free, 33MB/49MB, paused 497us total 55.584ms
08-03 21:49:15.377   918  5132 W InputMethodManagerService: Focus gain on non-focused client com.android.internal.view.IInputMethodClient$Stub$Proxy@178cbd9 (uid=10641 pid=9056)
08-03 21:49:15.395  9056  9056 D MainActivity: OnDestroy
08-03 21:49:15.417  9056  9056 D MainActivity: onCreate
08-03 21:49:15.417  9056  9056 I SettingsManager: Getting string: savedSessions
08-03 21:49:15.417  9056  9056 I Settings: No saved sessions
08-03 21:49:15.459  9056  9056 I SettingsManager: Getting string: savedCourse
08-03 21:49:15.460  9056  9056 D MainActivity: sessionListFragmentArg: updateSessions
08-03 21:49:15.460  9056  9056 D MainActivity: showTermDatesConfigChange: false
08-03 21:49:15.460  9056  9056 D MainActivity: showTermDatesShortcut: false
08-03 21:49:15.462  9056  9056 D MainActivity: Setting initial fragment: SessionListsFragment
08-03 21:49:15.466  9056  9056 I SettingsManager: Getting int: launchCount
08-03 21:49:15.471  9056  9056 D SessionListsFragment: onCreateView
08-03 21:49:15.488  9056  9056 I SettingsManager: Getting string: savedCourse
08-03 21:49:15.492  9056  9056 I SettingsManager: Getting string: savedSessions
08-03 21:49:15.492  9056  9056 D SessionListsFragment: loadArgument: updateSessions
08-03 21:49:15.492  9056  9056 D SessionListsFragment: initialIndex: -1
08-03 21:49:15.496  9056  9469 D HTTP    : Request for: https://uob-timetable-api.adriankeenan.co.uk/sessions?dept=BD002&course=CFIEFAAF%2F02AA%2F0%2FFT&level=ALL+Courses
08-03 21:49:15.499  9056  9056 I WebViewFactory: Loading com.google.android.webview version 84.0.4147.89 (code 414708953)
08-03 21:49:15.600  9056  9056 I cr_LibraryLoader: Loaded native library version number "84.0.4147.89"
08-03 21:49:15.601  9056  9056 I cr_CachingUmaRecorder: Flushed 5 samples from 5 histograms.
08-03 21:49:15.641  9056  9056 E chromium: [ERROR:filesystem_posix.cc(62)] mkdir /data/user/0/baseline.com.ak.uobtimetable/cache/WebView/Crashpad: No such file or directory (2)
08-03 21:49:15.656  9056  9069 I art     : Starting a blocking GC Explicit
08-03 21:49:15.683  9056  9469 I NAPPA_EXPERIMENTATION: MetricNetworkRequestExecutionTime: REQUEST_DURATION_SYSTEM='184',REQUEST_DURATION_OKHTTP='38',REQUEST_SYNCHRONOUS='TRUE',RESPONSE_CODE='200',RESPONSE_METHOD='GET',RESPONSE_LENGTH_OKHTTP='-1',RESPONSE_LENGTH_HEADER='867',REQUEST_PROTOCOL='http/1.1',REQUEST_URL='https://uob-timetable-api.adriankeenan.co.uk/sessions?dept=BD002&course=CFIEFAAF%2F02AA%2F0%2FFT&level=ALL+Courses',
08-03 21:49:15.719  9056  9469 I HTTP    : Response was compressed.
08-03 21:49:15.724  9056  9069 I art     : Explicit concurrent mark sweep GC freed 14269(1061KB) AllocSpace objects, 8(1600KB) LOS objects, 31% free, 35MB/51MB, paused 1.623ms total 66.883ms
08-03 21:49:15.734  9056  9469 I Service : getSessions response time: 1.12
08-03 21:49:15.744  9056  9069 I art     : Starting a blocking GC Explicit
08-03 21:49:15.745   918  5481 D ConnectivityService: listenForNetwork for Listen from uid/pid:10641/9056 for NetworkRequest [ id=2408, legacyType=-1, [ Capabilities: INTERNET&NOT_RESTRICTED&TRUSTED] ]
08-03 21:49:15.786  9056  9497 W cr_media: Requires BLUETOOTH permission
08-03 21:49:15.802  9056  9506 E libEGL  : validate_display:255 error 3008 (EGL_BAD_DISPLAY)
08-03 21:49:15.803  9056  9069 I art     : Explicit concurrent mark sweep GC freed 9368(604KB) AllocSpace objects, 1(56KB) LOS objects, 31% free, 35MB/51MB, paused 2.070ms total 58.620ms
08-03 21:49:15.811  9056  9056 D TermDatesFragment: WebView loaded
08-03 21:49:15.812  9056  9056 D MainActivity: OnResume
08-03 21:49:15.827  9056  9069 I art     : Starting a blocking GC Explicit
08-03 21:49:15.844  9056  9056 I SettingsManager: Getting string: savedSessions
08-03 21:49:15.856  9056  9056 I SettingsManager: Setting string: savedSessions
08-03 21:49:15.861   918  5952 W BackupManagerService: dataChanged but no participant pkg='baseline.com.ak.uobtimetable' uid=10641
08-03 21:49:15.862  9056  9056 I SettingsManager: Setting date: savedSessionsTime
08-03 21:49:15.873   918  4400 W BackupManagerService: dataChanged but no participant pkg='baseline.com.ak.uobtimetable' uid=10641
08-03 21:49:15.873  9056  9056 I SettingsManager: Setting string: savedSessionsCourseName
08-03 21:49:15.881   918  3696 W BackupManagerService: dataChanged but no participant pkg='baseline.com.ak.uobtimetable' uid=10641
08-03 21:49:15.881  9056  9056 I SettingsManager: Setting string: savedSessionsDateRange
08-03 21:49:15.886  9056  9069 I art     : Explicit concurrent mark sweep GC freed 5648(354KB) AllocSpace objects, 3(60KB) LOS objects, 31% free, 35MB/51MB, paused 742us total 58.281ms
08-03 21:49:15.889   512  2967 D audio_hw_primary: disable_audio_route: reset and update mixer path: low-latency-playback speaker
08-03 21:49:15.890   512  2967 D audio_hw_primary: disable_snd_device: snd_device(2: speaker)
08-03 21:49:15.890   918  6111 W BackupManagerService: dataChanged but no participant pkg='baseline.com.ak.uobtimetable' uid=10641
08-03 21:49:15.891  9056  9056 I SettingsManager: Setting string: timetableUrl
08-03 21:49:15.897   918  4413 W BackupManagerService: dataChanged but no participant pkg='baseline.com.ak.uobtimetable' uid=10641
08-03 21:49:15.897  9056  9056 I SettingsManager: Getting boolean: notifySessionRemindersEnabled
08-03 21:49:15.898   512  2967 I soundtrigger: audio_extn_sound_trigger_update_device_status: device 0x2 of type 0 for Event 0
08-03 21:49:15.898  9056  9056 I SettingsManager: Getting int: notifySessionRemindersMinutes
08-03 21:49:15.898  9056  9056 I SettingsManager: Getting boolean: showHiddenSessions
08-03 21:49:15.904  9056  9069 I art     : Starting a blocking GC Explicit
08-03 21:49:15.937  9056  9056 I SessionReminderNotifier: Created session reminder alarm for f7b4771250a919bd729c1c5a4a459c77 at Mon 08:30:00 10/08/20
08-03 21:49:15.939  9056  9056 I SessionReminderNotifier: Created session reminder alarm for a7f879aabdeb78622c8820a5fb7b64cd at Tue 08:30:00 04/08/20
08-03 21:49:15.941  9056  9056 I SessionReminderNotifier: Created session reminder alarm for 7bc8d7e2c2055711f597c3d9078c6ea3 at Tue 08:30:00 04/08/20
08-03 21:49:15.942  9056  9056 I SessionReminderNotifier: Created session reminder alarm for e0fc978b5db8218778540b4053344581 at Tue 11:00:00 04/08/20
08-03 21:49:15.943  9056  9056 I SessionReminderNotifier: Created session reminder alarm for 21712fef61090882c855a1425543edb5 at Tue 13:30:00 04/08/20
08-03 21:49:15.945  9056  9056 I SessionReminderNotifier: Created session reminder alarm for 65ca4d97f031f29a4d02bbb45a705d8f at Wed 08:30:00 05/08/20
08-03 21:49:15.946  9056  9056 I SessionReminderNotifier: Created session reminder alarm for eeda7741b0bcab58fd9f46dc6ef1d942 at Wed 08:30:00 05/08/20
08-03 21:49:15.948  9056  9056 I SessionReminderNotifier: Created session reminder alarm for c276c1b2075a0beb67f1b3d1e580f920 at Wed 11:00:00 05/08/20
08-03 21:49:15.949  9056  9056 I SessionReminderNotifier: Created session reminder alarm for 79fe0b5c3b887a13ba29db5a33fa2800 at Thu 08:30:00 06/08/20
08-03 21:49:15.950  9056  9056 I SessionReminderNotifier: Created session reminder alarm for 2ba1034116e4fffdd592dbf0796a43d5 at Fri 08:30:00 07/08/20
08-03 21:49:15.950  9056  9056 I SettingsManager: Getting boolean: showHiddenSessions
08-03 21:49:15.951  9056  9056 D SessionListsFragment: 1 sessions for day 0
08-03 21:49:15.951  9056  9056 D SessionListsFragment: 4 sessions for day 1
08-03 21:49:15.951  9056  9056 D SessionListsFragment: 3 sessions for day 2
08-03 21:49:15.952  9056  9056 D SessionListsFragment: 1 sessions for day 3
08-03 21:49:15.952  9056  9056 D SessionListsFragment: 1 sessions for day 4
08-03 21:49:15.961  9056  9069 I art     : Explicit concurrent mark sweep GC freed 5859(349KB) AllocSpace objects, 6(152KB) LOS objects, 31% free, 35MB/51MB, paused 1.167ms total 56.337ms
08-03 21:49:15.980  9056  9069 I art     : Starting a blocking GC Explicit
08-03 21:49:15.981  9056  9056 I SettingsManager: Getting boolean: showHiddenSessions
08-03 21:49:15.985  9056  9056 D SessionListsFragment: Refreshed ViewPager
08-03 21:49:15.985  9056  9056 I SettingsManager: Getting boolean: showHiddenSessions
08-03 21:49:15.985  9056  9056 I SettingsManager: Getting boolean: completedTutorial
08-03 21:49:16.001  9056  9056 I SettingsManager: Getting boolean: showHiddenSessions
08-03 21:49:16.002  9056  9056 I SettingsManager: Getting date: savedSessionsTime
08-03 21:49:16.038  9056  9069 I art     : Explicit concurrent mark sweep GC freed 2148(164KB) AllocSpace objects, 0(0B) LOS objects, 31% free, 35MB/51MB, paused 1.503ms total 58.628ms
08-03 21:49:16.344  9056  9435 I art     : Starting a blocking GC Explicit
08-03 21:49:16.426  9056  9435 I art     : Explicit concurrent mark sweep GC freed 102527(4MB) AllocSpace objects, 4(220KB) LOS objects, 30% free, 36MB/52MB, paused 1.081ms total 81.669ms
08-03 21:49:16.447  9056  9435 I art     : Starting a blocking GC Explicit
08-03 21:49:16.514  9056  9435 I art     : Explicit concurrent mark sweep GC freed 34402(1577KB) AllocSpace objects, 0(0B) LOS objects, 30% free, 36MB/52MB, paused 1.031ms total 66.861ms
08-03 21:49:16.535  9056  9435 I art     : Starting a blocking GC Explicit
08-03 21:49:16.602  9056  9435 I art     : Explicit concurrent mark sweep GC freed 28797(1189KB) AllocSpace objects, 0(0B) LOS objects, 30% free, 36MB/52MB, paused 1.267ms total 67.626ms
08-03 21:49:16.623  9056  9435 I art     : Starting a blocking GC Explicit
08-03 21:49:16.693  9056  9435 I art     : Explicit concurrent mark sweep GC freed 27560(1129KB) AllocSpace objects, 0(0B) LOS objects, 30% free, 36MB/52MB, paused 989us total 69.478ms
08-03 21:49:16.715  9056  9435 I art     : Starting a blocking GC Explicit
08-03 21:49:16.754  9056  9056 I TermDatesFragment: Webview load %: 10
08-03 21:49:16.758  9056  9056 I Choreographer: Skipped 44 frames!  The application may be doing too much work on its main thread.
08-03 21:49:16.780  9056  9435 I art     : Explicit concurrent mark sweep GC freed 7547(344KB) AllocSpace objects, 0(0B) LOS objects, 30% free, 36MB/52MB, paused 1.254ms total 65.229ms
08-03 21:49:16.917   918   936 I ActivityManager: Displayed baseline.com.ak.uobtimetable/.MainActivity: +1s526ms
08-03 21:49:17.073  9056  9069 I art     : Starting a blocking GC Explicit
08-03 21:49:17.131  9056  9056 I TermDatesFragment: Webview load %: 70
08-03 21:49:17.150  9056  9056 I TermDatesFragment: Webview load %: 80
08-03 21:49:17.150  9056  9056 I TermDatesFragment: Webview load %: 100
08-03 21:49:17.151  9056  9056 I TermDatesFragment: Webview load %: 100
08-03 21:49:17.160  9056  9069 I art     : Explicit concurrent mark sweep GC freed 89328(3MB) AllocSpace objects, 2(60KB) LOS objects, 30% free, 37MB/53MB, paused 648us total 86.693ms
08-03 21:49:17.181  9056  9069 I art     : Starting a blocking GC Explicit
08-03 21:49:17.244  9056  9069 I art     : Explicit concurrent mark sweep GC freed 2307(217KB) AllocSpace objects, 0(0B) LOS objects, 30% free, 36MB/52MB, paused 408us total 62.948ms
08-03 21:49:17.265  9056  9069 I art     : Starting a blocking GC Explicit
08-03 21:49:17.329  9056  9069 I art     : Explicit concurrent mark sweep GC freed 136(9KB) AllocSpace objects, 0(0B) LOS objects, 30% free, 36MB/52MB, paused 389us total 63.180ms
08-03 21:49:17.347   918 13198 D NetlinkSocketObserver: NeighborEvent{elapsedMs=1637961221, 192.168.2.254, [7C3953A63323], RTM_NEWNEIGH, NUD_PROBE}
08-03 21:49:17.350  9056  9069 I art     : Starting a blocking GC Explicit
08-03 21:49:17.407  9056  9069 I art     : Explicit concurrent mark sweep GC freed 121740(11MB) AllocSpace objects, 3(136KB) LOS objects, 38% free, 25MB/41MB, paused 390us total 56.046ms
08-03 21:49:17.421  9056  9069 I art     : Starting a blocking GC Explicit
08-03 21:49:17.461  9056  9069 I art     : Explicit concurrent mark sweep GC freed 3(96B) AllocSpace objects, 0(0B) LOS objects, 38% free, 25MB/41MB, paused 414us total 39.612ms
08-03 21:49:17.804  9056  9068 I art     : Starting a blocking GC Explicit
08-03 21:49:17.847  9056  9068 I art     : Explicit concurrent mark sweep GC freed 1561(86KB) AllocSpace objects, 1(20KB) LOS objects, 38% free, 25MB/41MB, paused 408us total 42.798ms
08-03 21:49:17.864  9056  9068 I art     : Starting a blocking GC Explicit
08-03 21:49:17.909  9056  9068 I art     : Explicit concurrent mark sweep GC freed 54(1792B) AllocSpace objects, 0(0B) LOS objects, 38% free, 25MB/41MB, paused 617us total 44.100ms
08-03 21:49:17.926  9056  9068 I art     : Starting a blocking GC Explicit
08-03 21:49:17.969  9056  9068 I art     : Explicit concurrent mark sweep GC freed 11(384B) AllocSpace objects, 0(0B) LOS objects, 38% free, 25MB/41MB, paused 394us total 43.123ms
08-03 21:49:17.984  9056  9068 I art     : Starting a blocking GC Explicit
08-03 21:49:18.026  9056  9068 I art     : Explicit concurrent mark sweep GC freed 3(96B) AllocSpace objects, 0(0B) LOS objects, 38% free, 25MB/41MB, paused 407us total 41.725ms
08-03 21:49:18.042  9056  9068 I art     : Starting a blocking GC Explicit
08-03 21:49:18.087  9056  9068 I art     : Explicit concurrent mark sweep GC freed 3(96B) AllocSpace objects, 0(0B) LOS objects, 38% free, 25MB/41MB, paused 422us total 44.247ms
08-03 21:49:18.444  9056  9069 I art     : Starting a blocking GC Explicit
08-03 21:49:18.496  9056  9069 I art     : Explicit concurrent mark sweep GC freed 1310(76KB) AllocSpace objects, 1(20KB) LOS objects, 38% free, 25MB/41MB, paused 402us total 51.619ms
08-03 21:49:18.516  9056  9069 I art     : Starting a blocking GC Explicit
08-03 21:49:18.563  9056  9069 I art     : Explicit concurrent mark sweep GC freed 26(880B) AllocSpace objects, 0(0B) LOS objects, 38% free, 25MB/41MB, paused 390us total 46.233ms
08-03 21:49:18.582  9056  9069 I art     : Starting a blocking GC Explicit
08-03 21:49:18.628  9056  9069 I art     : Explicit concurrent mark sweep GC freed 5(192B) AllocSpace objects, 0(0B) LOS objects, 38% free, 25MB/41MB, paused 375us total 46.470ms
08-03 21:49:18.644  9056  9069 I art     : Starting a blocking GC Explicit
08-03 21:49:18.688  9056  9069 I art     : Explicit concurrent mark sweep GC freed 3(96B) AllocSpace objects, 0(0B) LOS objects, 38% free, 25MB/41MB, paused 432us total 43.746ms
08-03 21:49:18.704  9056  9069 I art     : Starting a blocking GC Explicit
08-03 21:49:18.749  9056  9069 I art     : Explicit concurrent mark sweep GC freed 3(96B) AllocSpace objects, 0(0B) LOS objects, 38% free, 25MB/41MB, paused 394us total 45.257ms
08-03 21:49:19.128  9056  9068 I art     : Starting a blocking GC Explicit
08-03 21:49:19.185  9056  9068 I art     : Explicit concurrent mark sweep GC freed 1290(75KB) AllocSpace objects, 1(20KB) LOS objects, 38% free, 25MB/41MB, paused 437us total 55.785ms
08-03 21:49:19.204  9056  9068 I art     : Starting a blocking GC Explicit
08-03 21:49:19.251  9056  9068 I art     : Explicit concurrent mark sweep GC freed 18(624B) AllocSpace objects, 0(0B) LOS objects, 38% free, 25MB/41MB, paused 445us total 46.034ms
08-03 21:49:19.270  9056  9068 I art     : Starting a blocking GC Explicit
08-03 21:49:19.313  9056  9068 I art     : Explicit concurrent mark sweep GC freed 3(96B) AllocSpace objects, 0(0B) LOS objects, 38% free, 25MB/41MB, paused 414us total 42.196ms
08-03 21:49:19.328  9056  9068 I art     : Starting a blocking GC Explicit
08-03 21:49:19.356   918  3188 I hubconnection: sensorhub said: 'set_bias 3: -6.1824, 0.0000, 0.0000'
08-03 21:49:19.373  9056  9068 I art     : Explicit concurrent mark sweep GC freed 3(96B) AllocSpace objects, 0(0B) LOS objects, 38% free, 25MB/41MB, paused 425us total 44.692ms
08-03 21:49:19.390  9056  9068 I art     : Starting a blocking GC Explicit
08-03 21:49:19.430  9056  9068 I art     : Explicit concurrent mark sweep GC freed 3(96B) AllocSpace objects, 0(0B) LOS objects, 38% free, 25MB/41MB, paused 384us total 40.516ms
08-03 21:49:19.746  9056  9435 I art     : Starting a blocking GC Explicit
08-03 21:49:19.794  9056  9435 I art     : Explicit concurrent mark sweep GC freed 1290(75KB) AllocSpace objects, 1(20KB) LOS objects, 38% free, 25MB/41MB, paused 393us total 47.622ms
08-03 21:49:19.810  9056  9435 I art     : Starting a blocking GC Explicit
08-03 21:49:19.852  9056  9435 I art     : Explicit concurrent mark sweep GC freed 18(624B) AllocSpace objects, 0(0B) LOS objects, 38% free, 25MB/41MB, paused 401us total 41.991ms
08-03 21:49:19.867  9056  9435 I art     : Starting a blocking GC Explicit
08-03 21:49:19.887  7501  7501 I ServiceManager: Waiting for service AtCmdFwd...
08-03 21:49:19.909  9056  9435 I art     : Explicit concurrent mark sweep GC freed 3(96B) AllocSpace objects, 0(0B) LOS objects, 38% free, 25MB/41MB, paused 421us total 41.321ms
08-03 21:49:19.924  9056  9435 I art     : Starting a blocking GC Explicit
08-03 21:49:19.966  9056  9435 I art     : Explicit concurrent mark sweep GC freed 3(96B) AllocSpace objects, 0(0B) LOS objects, 38% free, 25MB/41MB, paused 396us total 42.007ms
08-03 21:49:19.982  9056  9435 I art     : Starting a blocking GC Explicit
08-03 21:49:20.025  9056  9435 I art     : Explicit concurrent mark sweep GC freed 3(96B) AllocSpace objects, 0(0B) LOS objects, 38% free, 25MB/41MB, paused 417us total 42.762ms
08-03 21:49:20.160  9566  9566 D AndroidRuntime: >>>>>> START com.android.internal.os.RuntimeInit uid 2000 <<<<<<
08-03 21:49:20.167  9566  9566 D AndroidRuntime: CheckJNI is OFF
08-03 21:49:20.210  9566  9566 D ICU     : No timezone override file found: /data/misc/zoneinfo/current/icu/icu_tzdata.dat
08-03 21:49:20.249  9566  9566 I Radio-JNI: register_android_hardware_Radio DONE
08-03 21:49:20.277  9566  9566 D AndroidRuntime: Calling main entry com.android.commands.input.Input
08-03 21:49:20.278  9566  9566 I Input   : injectMotionEvent: MotionEvent { action=ACTION_DOWN, actionButton=0, id[0]=0, x[0]=1215.0, y[0]=1450.0, toolType[0]=TOOL_TYPE_UNKNOWN, buttonState=0, metaState=0, flags=0x0, edgeFlags=0x0, pointerCount=1, historySize=0, eventTime=654576691, downTime=654576691, deviceId=0, source=0x1002 }
08-03 21:49:20.283  9566  9566 I Input   : injectMotionEvent: MotionEvent { action=ACTION_UP, actionButton=0, id[0]=0, x[0]=1215.0, y[0]=1450.0, toolType[0]=TOOL_TYPE_UNKNOWN, buttonState=0, metaState=0, flags=0x0, edgeFlags=0x0, pointerCount=1, historySize=0, eventTime=654576691, downTime=654576691, deviceId=0, source=0x1002 }
08-03 21:49:20.284  9566  9566 D AndroidRuntime: Shutting down VM
08-03 21:49:20.300   512  2967 D audio_hw_primary: out_set_parameters: enter: usecase(1: low-latency-playback) kvpairs: routing=2
08-03 21:49:20.313   512  2967 D audio_hw_primary: select_devices: out_snd_device(2: speaker) in_snd_device(0: none)
08-03 21:49:20.313   512  2967 D msm8974_platform: platform_send_audio_calibration: sending audio calibration for snd_device(2) acdb_id(15)
08-03 21:49:20.313   512  2967 I soundtrigger: audio_extn_sound_trigger_update_device_status: device 0x2 of type 0 for Event 1
08-03 21:49:20.323   512  2967 D audio_hw_primary: enable_snd_device: snd_device(2: speaker)
08-03 21:49:20.325   512  2967 D audio_hw_primary: enable_audio_route: apply and update mixer path: low-latency-playback speaker
08-03 21:49:20.347  9056  9435 I art     : Starting a blocking GC Explicit
08-03 21:49:20.384  9056  9435 I art     : Explicit concurrent mark sweep GC freed 1782(114KB) AllocSpace objects, 1(20KB) LOS objects, 38% free, 25MB/41MB, paused 404us total 37.150ms
08-03 21:49:20.399  9056  9435 I art     : Starting a blocking GC Explicit
08-03 21:49:20.435  9056  9435 I art     : Explicit concurrent mark sweep GC freed 241(14KB) AllocSpace objects, 0(0B) LOS objects, 38% free, 25MB/41MB, paused 395us total 36.253ms
08-03 21:49:20.450  9056  9435 I art     : Starting a blocking GC Explicit
08-03 21:49:20.485  9056  9435 I art     : Explicit concurrent mark sweep GC freed 977(71KB) AllocSpace objects, 1(40KB) LOS objects, 38% free, 25MB/41MB, paused 377us total 35.143ms
08-03 21:49:20.500  9056  9435 I art     : Starting a blocking GC Explicit
08-03 21:49:20.539  9056  9435 I art     : Explicit concurrent mark sweep GC freed 3(96B) AllocSpace objects, 0(0B) LOS objects, 38% free, 25MB/41MB, paused 529us total 38.779ms
08-03 21:49:20.553  9056  9435 I art     : Starting a blocking GC Explicit
08-03 21:49:20.590  9056  9435 I art     : Explicit concurrent mark sweep GC freed 3(96B) AllocSpace objects, 0(0B) LOS objects, 38% free, 25MB/41MB, paused 424us total 36.132ms
08-03 21:49:20.858   512  2967 D audio_hw_primary: disable_audio_route: reset and update mixer path: low-latency-playback speaker
08-03 21:49:20.860   512  2967 D audio_hw_primary: disable_snd_device: snd_device(2: speaker)
08-03 21:49:20.868   512  2967 I soundtrigger: audio_extn_sound_trigger_update_device_status: device 0x2 of type 0 for Event 0
08-03 21:49:20.882  9056  9069 I art     : Starting a blocking GC Explicit
08-03 21:49:20.888  7501  7501 I ServiceManager: Waiting for service AtCmdFwd...
08-03 21:49:20.927  9056  9069 I art     : Explicit concurrent mark sweep GC freed 1291(75KB) AllocSpace objects, 1(20KB) LOS objects, 38% free, 25MB/41MB, paused 456us total 44.615ms
08-03 21:49:20.945  9056  9069 I art     : Starting a blocking GC Explicit
08-03 21:49:20.986  9056  9069 I art     : Explicit concurrent mark sweep GC freed 20(704B) AllocSpace objects, 0(0B) LOS objects, 38% free, 25MB/41MB, paused 406us total 40.786ms
08-03 21:49:21.002  9056  9069 I art     : Starting a blocking GC Explicit
08-03 21:49:21.043  9056  9069 I art     : Explicit concurrent mark sweep GC freed 3(96B) AllocSpace objects, 0(0B) LOS objects, 38% free, 25MB/41MB, paused 414us total 40.801ms
08-03 21:49:21.058  9056  9069 I art     : Starting a blocking GC Explicit
08-03 21:49:21.099  9056  9069 I art     : Explicit concurrent mark sweep GC freed 3(96B) AllocSpace objects, 0(0B) LOS objects, 38% free, 25MB/41MB, paused 415us total 40.675ms
08-03 21:49:21.115  9056  9069 I art     : Starting a blocking GC Explicit
08-03 21:49:21.155  9056  9069 I art     : Explicit concurrent mark sweep GC freed 3(96B) AllocSpace objects, 0(0B) LOS objects, 38% free, 25MB/41MB, paused 408us total 40.672ms
08-03 21:49:21.473  9056  9068 I art     : Starting a blocking GC Explicit
08-03 21:49:21.525  9056  9068 I art     : Explicit concurrent mark sweep GC freed 1290(75KB) AllocSpace objects, 1(20KB) LOS objects, 38% free, 25MB/41MB, paused 403us total 51.910ms
08-03 21:49:21.540  9056  9068 I art     : Starting a blocking GC Explicit
08-03 21:49:21.575  9056  9068 I art     : Explicit concurrent mark sweep GC freed 18(624B) AllocSpace objects, 0(0B) LOS objects, 38% free, 25MB/41MB, paused 408us total 35.191ms
08-03 21:49:21.591  9056  9068 I art     : Starting a blocking GC Explicit
08-03 21:49:21.629  9056  9068 I art     : Explicit concurrent mark sweep GC freed 3(96B) AllocSpace objects, 0(0B) LOS objects, 38% free, 25MB/41MB, paused 427us total 38.018ms
08-03 21:49:21.644  9056  9068 I art     : Starting a blocking GC Explicit
08-03 21:49:21.683  9056  9068 I art     : Explicit concurrent mark sweep GC freed 3(96B) AllocSpace objects, 0(0B) LOS objects, 38% free, 25MB/41MB, paused 413us total 39.281ms
08-03 21:49:21.698  9056  9068 I art     : Starting a blocking GC Explicit
08-03 21:49:21.737  9056  9068 I art     : Explicit concurrent mark sweep GC freed 3(96B) AllocSpace objects, 0(0B) LOS objects, 38% free, 25MB/41MB, paused 418us total 38.553ms
08-03 21:49:21.888  7501  7501 I ServiceManager: Waiting for service AtCmdFwd...
08-03 21:49:22.058  9056  9435 I art     : Starting a blocking GC Explicit
08-03 21:49:22.073  9620  9620 D AndroidRuntime: >>>>>> START com.android.internal.os.RuntimeInit uid 2000 <<<<<<
08-03 21:49:22.080  9620  9620 D AndroidRuntime: CheckJNI is OFF
08-03 21:49:22.107  9056  9435 I art     : Explicit concurrent mark sweep GC freed 1308(76KB) AllocSpace objects, 1(20KB) LOS objects, 38% free, 25MB/41MB, paused 476us total 48.069ms
08-03 21:49:22.122  9056  9435 I art     : Starting a blocking GC Explicit
08-03 21:49:22.129  9620  9620 D ICU     : No timezone override file found: /data/misc/zoneinfo/current/icu/icu_tzdata.dat
08-03 21:49:22.160  9056  9435 I art     : Explicit concurrent mark sweep GC freed 27(912B) AllocSpace objects, 0(0B) LOS objects, 38% free, 25MB/41MB, paused 476us total 38.085ms
08-03 21:49:22.172  9620  9620 I Radio-JNI: register_android_hardware_Radio DONE
08-03 21:49:22.175  9056  9435 I art     : Starting a blocking GC Explicit
08-03 21:49:22.201  9620  9620 D AndroidRuntime: Calling main entry com.android.commands.input.Input
08-03 21:49:22.204  9620  9620 I Input   : injectMotionEvent: MotionEvent { action=ACTION_DOWN, actionButton=0, id[0]=0, x[0]=1215.0, y[0]=1482.0, toolType[0]=TOOL_TYPE_UNKNOWN, buttonState=0, metaState=0, flags=0x0, edgeFlags=0x0, pointerCount=1, historySize=0, eventTime=654578616, downTime=654578616, deviceId=0, source=0x1002 }
08-03 21:49:22.211  9620  9620 I Input   : injectMotionEvent: MotionEvent { action=ACTION_UP, actionButton=0, id[0]=0, x[0]=1215.0, y[0]=1482.0, toolType[0]=TOOL_TYPE_UNKNOWN, buttonState=0, metaState=0, flags=0x0, edgeFlags=0x0, pointerCount=1, historySize=0, eventTime=654578616, downTime=654578616, deviceId=0, source=0x1002 }
08-03 21:49:22.213  9056  9435 I art     : Explicit concurrent mark sweep GC freed 9(608B) AllocSpace objects, 0(0B) LOS objects, 38% free, 25MB/41MB, paused 521us total 38.031ms
08-03 21:49:22.215  9056  9056 I SettingsManager: Setting boolean: completedTutorial
08-03 21:49:22.217  9620  9620 D AndroidRuntime: Shutting down VM
08-03 21:49:22.219   512  2967 D audio_hw_primary: out_set_parameters: enter: usecase(1: low-latency-playback) kvpairs: routing=2
08-03 21:49:22.228   918  3961 W BackupManagerService: dataChanged but no participant pkg='baseline.com.ak.uobtimetable' uid=10641
08-03 21:49:22.229  9056  9435 I art     : Starting a blocking GC Explicit
08-03 21:49:22.232   512  2967 D audio_hw_primary: select_devices: out_snd_device(2: speaker) in_snd_device(0: none)
08-03 21:49:22.232   512  2967 D msm8974_platform: platform_send_audio_calibration: sending audio calibration for snd_device(2) acdb_id(15)
08-03 21:49:22.232   512  2967 I soundtrigger: audio_extn_sound_trigger_update_device_status: device 0x2 of type 0 for Event 1
08-03 21:49:22.242 13866 13866 I GoogleInputMethodServic: GoogleInputMethodService.onFinishInput():3138 
08-03 21:49:22.243 13866 13866 I GoogleInputMethodServic: GoogleInputMethodService.onStartInput():1808 
08-03 21:49:22.244   512  2967 D audio_hw_primary: enable_snd_device: snd_device(2: speaker)
08-03 21:49:22.246   512  2967 D audio_hw_primary: enable_audio_route: apply and update mixer path: low-latency-playback speaker
08-03 21:49:22.267  9056  9435 I art     : Explicit concurrent mark sweep GC freed 188(19KB) AllocSpace objects, 1(20KB) LOS objects, 38% free, 25MB/41MB, paused 473us total 37.901ms
08-03 21:49:22.281  9056  9435 I art     : Starting a blocking GC Explicit
08-03 21:49:22.317  9056  9435 I art     : Explicit concurrent mark sweep GC freed 140(6KB) AllocSpace objects, 0(0B) LOS objects, 38% free, 25MB/41MB, paused 381us total 35.876ms
08-03 21:49:22.609  9056  9069 I art     : Starting a blocking GC Explicit
08-03 21:49:22.655  9056  9069 I art     : Explicit concurrent mark sweep GC freed 2145(137KB) AllocSpace objects, 2(60KB) LOS objects, 38% free, 25MB/41MB, paused 439us total 45.733ms
08-03 21:49:22.673  9056  9069 I art     : Starting a blocking GC Explicit
08-03 21:49:22.714  9056  9069 I art     : Explicit concurrent mark sweep GC freed 18(624B) AllocSpace objects, 0(0B) LOS objects, 38% free, 25MB/41MB, paused 412us total 40.028ms
08-03 21:49:22.729  9056  9069 I art     : Starting a blocking GC Explicit
08-03 21:49:22.769  9056  9069 I art     : Explicit concurrent mark sweep GC freed 3(96B) AllocSpace objects, 0(0B) LOS objects, 38% free, 25MB/41MB, paused 406us total 39.751ms
08-03 21:49:22.784  9056  9069 I art     : Starting a blocking GC Explicit
08-03 21:49:22.789   512  2967 D audio_hw_primary: disable_audio_route: reset and update mixer path: low-latency-playback speaker
08-03 21:49:22.790   512  2967 D audio_hw_primary: disable_snd_device: snd_device(2: speaker)
08-03 21:49:22.798   512  2967 I soundtrigger: audio_extn_sound_trigger_update_device_status: device 0x2 of type 0 for Event 0
08-03 21:49:22.824  9056  9069 I art     : Explicit concurrent mark sweep GC freed 3(96B) AllocSpace objects, 0(0B) LOS objects, 38% free, 25MB/41MB, paused 413us total 39.008ms
08-03 21:49:22.839  9056  9069 I art     : Starting a blocking GC Explicit
08-03 21:49:22.878  9056  9069 I art     : Explicit concurrent mark sweep GC freed 3(96B) AllocSpace objects, 0(0B) LOS objects, 38% free, 25MB/41MB, paused 409us total 39.369ms
08-03 21:49:22.889  7501  7501 I ServiceManager: Waiting for service AtCmdFwd...
08-03 21:49:23.203  9056  9068 I art     : Starting a blocking GC Explicit
08-03 21:49:23.259  9056  9068 I art     : Explicit concurrent mark sweep GC freed 1290(75KB) AllocSpace objects, 1(20KB) LOS objects, 38% free, 25MB/41MB, paused 584us total 54.818ms
08-03 21:49:23.278  9056  9068 I art     : Starting a blocking GC Explicit
08-03 21:49:23.318  9056  9068 I art     : Explicit concurrent mark sweep GC freed 18(624B) AllocSpace objects, 0(0B) LOS objects, 38% free, 25MB/41MB, paused 437us total 40.448ms
08-03 21:49:23.334  9056  9068 I art     : Starting a blocking GC Explicit
08-03 21:49:23.374  9056  9068 I art     : Explicit concurrent mark sweep GC freed 3(96B) AllocSpace objects, 0(0B) LOS objects, 38% free, 25MB/41MB, paused 422us total 39.688ms
08-03 21:49:23.389  9056  9068 I art     : Starting a blocking GC Explicit
08-03 21:49:23.429  9056  9068 I art     : Explicit concurrent mark sweep GC freed 3(96B) AllocSpace objects, 0(0B) LOS objects, 38% free, 25MB/41MB, paused 424us total 40.390ms
08-03 21:49:23.445  9056  9068 I art     : Starting a blocking GC Explicit
08-03 21:49:23.484  9056  9068 I art     : Explicit concurrent mark sweep GC freed 3(96B) AllocSpace objects, 0(0B) LOS objects, 38% free, 25MB/41MB, paused 451us total 38.835ms
08-03 21:49:23.783  9056  9435 I art     : Starting a blocking GC Explicit
08-03 21:49:23.830  9056  9435 I art     : Explicit concurrent mark sweep GC freed 1290(75KB) AllocSpace objects, 1(20KB) LOS objects, 38% free, 25MB/41MB, paused 440us total 45.978ms
08-03 21:49:23.846  9056  9435 I art     : Starting a blocking GC Explicit
08-03 21:49:23.889  9056  9435 I art     : Explicit concurrent mark sweep GC freed 18(624B) AllocSpace objects, 0(0B) LOS objects, 38% free, 25MB/41MB, paused 443us total 42.828ms
08-03 21:49:23.890  7501  7501 I ServiceManager: Waiting for service AtCmdFwd...
08-03 21:49:23.904  9056  9435 I art     : Starting a blocking GC Explicit
08-03 21:49:23.945  9056  9435 I art     : Explicit concurrent mark sweep GC freed 3(96B) AllocSpace objects, 0(0B) LOS objects, 38% free, 25MB/41MB, paused 442us total 40.241ms
08-03 21:49:23.960  9056  9435 I art     : Starting a blocking GC Explicit
08-03 21:49:23.999  9665  9665 D AndroidRuntime: >>>>>> START com.android.internal.os.RuntimeInit uid 2000 <<<<<<
08-03 21:49:24.002  9056  9435 I art     : Explicit concurrent mark sweep GC freed 3(96B) AllocSpace objects, 0(0B) LOS objects, 38% free, 25MB/41MB, paused 445us total 41.386ms
08-03 21:49:24.005  9665  9665 D AndroidRuntime: CheckJNI is OFF
08-03 21:49:24.017  9056  9435 I art     : Starting a blocking GC Explicit
08-03 21:49:24.050  9665  9665 D ICU     : No timezone override file found: /data/misc/zoneinfo/current/icu/icu_tzdata.dat
08-03 21:49:24.058  9056  9435 I art     : Explicit concurrent mark sweep GC freed 3(96B) AllocSpace objects, 0(0B) LOS objects, 38% free, 25MB/41MB, paused 499us total 40.214ms
08-03 21:49:24.097  9665  9665 I Radio-JNI: register_android_hardware_Radio DONE
08-03 21:49:24.125  9665  9665 D AndroidRuntime: Calling main entry com.android.commands.input.Input
08-03 21:49:24.128  9665  9665 I Input   : injectMotionEvent: MotionEvent { action=ACTION_DOWN, actionButton=0, id[0]=0, x[0]=81.0, y[0]=176.0, toolType[0]=TOOL_TYPE_UNKNOWN, buttonState=0, metaState=0, flags=0x0, edgeFlags=0x0, pointerCount=1, historySize=0, eventTime=654580541, downTime=654580541, deviceId=0, source=0x1002 }
08-03 21:49:24.134  9665  9665 I Input   : injectMotionEvent: MotionEvent { action=ACTION_UP, actionButton=0, id[0]=0, x[0]=81.0, y[0]=176.0, toolType[0]=TOOL_TYPE_UNKNOWN, buttonState=0, metaState=0, flags=0x0, edgeFlags=0x0, pointerCount=1, historySize=0, eventTime=654580541, downTime=654580541, deviceId=0, source=0x1002 }
08-03 21:49:24.136  9665  9665 D AndroidRuntime: Shutting down VM
08-03 21:49:24.143   512  2967 D audio_hw_primary: out_set_parameters: enter: usecase(1: low-latency-playback) kvpairs: routing=2
08-03 21:49:24.156   512  2967 D audio_hw_primary: select_devices: out_snd_device(2: speaker) in_snd_device(0: none)
08-03 21:49:24.156   512  2967 D msm8974_platform: platform_send_audio_calibration: sending audio calibration for snd_device(2) acdb_id(15)
08-03 21:49:24.156   512  2967 I soundtrigger: audio_extn_sound_trigger_update_device_status: device 0x2 of type 0 for Event 1
08-03 21:49:24.172   512  2967 D audio_hw_primary: enable_snd_device: snd_device(2: speaker)
08-03 21:49:24.174   512  2967 D audio_hw_primary: enable_audio_route: apply and update mixer path: low-latency-playback speaker
08-03 21:49:24.350  9056  9269 I art     : Starting a blocking GC Explicit
08-03 21:49:24.391  9056  9269 I art     : Explicit concurrent mark sweep GC freed 1704(96KB) AllocSpace objects, 1(20KB) LOS objects, 38% free, 25MB/41MB, paused 455us total 39.902ms
08-03 21:49:24.407  9056  9269 I art     : Starting a blocking GC Explicit
08-03 21:49:24.442  9056  9269 I art     : Explicit concurrent mark sweep GC freed 32(1248B) AllocSpace objects, 0(0B) LOS objects, 38% free, 25MB/41MB, paused 499us total 35.154ms
08-03 21:49:24.457  9056  9269 I art     : Starting a blocking GC Explicit
08-03 21:49:24.493  9056  9269 I art     : Explicit concurrent mark sweep GC freed 3(96B) AllocSpace objects, 0(0B) LOS objects, 38% free, 25MB/41MB, paused 605us total 35.446ms
08-03 21:49:24.507  9056  9269 I art     : Starting a blocking GC Explicit
08-03 21:49:24.542  9056  9269 I art     : Explicit concurrent mark sweep GC freed 3(96B) AllocSpace objects, 0(0B) LOS objects, 38% free, 25MB/41MB, paused 564us total 35.059ms
08-03 21:49:24.556  9056  9269 I art     : Starting a blocking GC Explicit
08-03 21:49:24.592  9056  9269 I art     : Explicit concurrent mark sweep GC freed 6(224B) AllocSpace objects, 0(0B) LOS objects, 38% free, 25MB/41MB, paused 430us total 35.821ms
08-03 21:49:24.720   512  2967 D audio_hw_primary: disable_audio_route: reset and update mixer path: low-latency-playback speaker
08-03 21:49:24.721   512  2967 D audio_hw_primary: disable_snd_device: snd_device(2: speaker)
08-03 21:49:24.730   512  2967 I soundtrigger: audio_extn_sound_trigger_update_device_status: device 0x2 of type 0 for Event 0
08-03 21:49:24.890  7501  7501 W Atfwd_Sendcmd: AtCmdFwd service not published, waiting... retryCnt : 2
08-03 21:49:24.902  9056  9068 I art     : Starting a blocking GC Explicit
08-03 21:49:24.951  9056  9068 I art     : Explicit concurrent mark sweep GC freed 1292(75KB) AllocSpace objects, 1(20KB) LOS objects, 38% free, 25MB/41MB, paused 444us total 48.751ms
08-03 21:49:24.972  9056  9068 I art     : Starting a blocking GC Explicit
08-03 21:49:25.011  9056  9068 I art     : Explicit concurrent mark sweep GC freed 20(688B) AllocSpace objects, 0(0B) LOS objects, 38% free, 25MB/41MB, paused 433us total 38.895ms
08-03 21:49:25.026  9056  9068 I art     : Starting a blocking GC Explicit
08-03 21:49:25.067  9056  9068 I art     : Explicit concurrent mark sweep GC freed 3(96B) AllocSpace objects, 0(0B) LOS objects, 38% free, 25MB/41MB, paused 416us total 40.377ms
08-03 21:49:25.082  9056  9068 I art     : Starting a blocking GC Explicit
08-03 21:49:25.122  9056  9068 I art     : Explicit concurrent mark sweep GC freed 3(96B) AllocSpace objects, 0(0B) LOS objects, 38% free, 25MB/41MB, paused 411us total 39.840ms
08-03 21:49:25.138  9056  9068 I art     : Starting a blocking GC Explicit
08-03 21:49:25.178  9056  9068 I art     : Explicit concurrent mark sweep GC freed 3(96B) AllocSpace objects, 0(0B) LOS objects, 38% free, 25MB/41MB, paused 424us total 40.152ms
08-03 21:49:25.488  9056  9269 I art     : Starting a blocking GC Explicit
08-03 21:49:25.533  9056  9269 I art     : Explicit concurrent mark sweep GC freed 1290(75KB) AllocSpace objects, 1(20KB) LOS objects, 38% free, 25MB/41MB, paused 468us total 44.499ms
08-03 21:49:25.548  9056  9269 I art     : Starting a blocking GC Explicit
08-03 21:49:25.587  9056  9269 I art     : Explicit concurrent mark sweep GC freed 18(624B) AllocSpace objects, 0(0B) LOS objects, 38% free, 25MB/41MB, paused 476us total 38.632ms
08-03 21:49:25.602  9056  9269 I art     : Starting a blocking GC Explicit
08-03 21:49:25.640  9056  9269 I art     : Explicit concurrent mark sweep GC freed 3(96B) AllocSpace objects, 0(0B) LOS objects, 38% free, 25MB/41MB, paused 401us total 38.352ms
08-03 21:49:25.656  9056  9269 I art     : Starting a blocking GC Explicit
08-03 21:49:25.694  9056  9269 I art     : Explicit concurrent mark sweep GC freed 3(96B) AllocSpace objects, 0(0B) LOS objects, 38% free, 25MB/41MB, paused 425us total 37.827ms
08-03 21:49:25.709  9056  9269 I art     : Starting a blocking GC Explicit
08-03 21:49:25.749  9056  9269 I art     : Explicit concurrent mark sweep GC freed 3(96B) AllocSpace objects, 0(0B) LOS objects, 38% free, 25MB/41MB, paused 389us total 39.313ms
08-03 21:49:25.917  9715  9715 D AndroidRuntime: >>>>>> START com.android.internal.os.RuntimeInit uid 2000 <<<<<<
08-03 21:49:25.924  9715  9715 D AndroidRuntime: CheckJNI is OFF
08-03 21:49:25.965  9715  9715 D ICU     : No timezone override file found: /data/misc/zoneinfo/current/icu/icu_tzdata.dat
08-03 21:49:26.008  9715  9715 I Radio-JNI: register_android_hardware_Radio DONE
08-03 21:49:26.037  9715  9715 D AndroidRuntime: Calling main entry com.android.commands.input.Input
08-03 21:49:26.038  9715  9715 I Input   : injectMotionEvent: MotionEvent { action=ACTION_DOWN, actionButton=0, id[0]=0, x[0]=436.0, y[0]=1770.0, toolType[0]=TOOL_TYPE_UNKNOWN, buttonState=0, metaState=0, flags=0x0, edgeFlags=0x0, pointerCount=1, historySize=0, eventTime=654582451, downTime=654582451, deviceId=0, source=0x1002 }
08-03 21:49:26.042  9715  9715 I Input   : injectMotionEvent: MotionEvent { action=ACTION_UP, actionButton=0, id[0]=0, x[0]=436.0, y[0]=1770.0, toolType[0]=TOOL_TYPE_UNKNOWN, buttonState=0, metaState=0, flags=0x0, edgeFlags=0x0, pointerCount=1, historySize=0, eventTime=654582451, downTime=654582451, deviceId=0, source=0x1002 }
08-03 21:49:26.045  9715  9715 D AndroidRuntime: Shutting down VM
08-03 21:49:26.060  9056  9056 D MainActivity: NavigationItemSelected: Courses
08-03 21:49:26.062   512  2967 D audio_hw_primary: out_set_parameters: enter: usecase(1: low-latency-playback) kvpairs: routing=2
08-03 21:49:26.063   918  3696 I ActivityManager: START u0 {cmp=baseline.com.ak.uobtimetable/.CourseListActivity} from uid 10641 on display 0
08-03 21:49:26.069  9056  9056 D MainActivity: OnPause
08-03 21:49:26.075   512  2967 D audio_hw_primary: select_devices: out_snd_device(2: speaker) in_snd_device(0: none)
08-03 21:49:26.075   512  2967 D msm8974_platform: platform_send_audio_calibration: sending audio calibration for snd_device(2) acdb_id(15)
08-03 21:49:26.075   512  2967 I soundtrigger: audio_extn_sound_trigger_update_device_status: device 0x2 of type 0 for Event 1
08-03 21:49:26.085   512  2967 D audio_hw_primary: enable_snd_device: snd_device(2: speaker)
08-03 21:49:26.087   512  2967 D audio_hw_primary: enable_audio_route: apply and update mixer path: low-latency-playback speaker
08-03 21:49:26.100  9056  9068 I art     : Starting a blocking GC Explicit
08-03 21:49:26.115  9056  9056 D CourseListActivity: onCreate
08-03 21:49:26.117  9056  9742 D HTTP    : Request for: https://uob-timetable-api.adriankeenan.co.uk/courses
08-03 21:49:26.140  9056  9068 I art     : Explicit concurrent mark sweep GC freed 3847(209KB) AllocSpace objects, 1(20KB) LOS objects, 38% free, 25MB/41MB, paused 615us total 39.194ms
08-03 21:49:26.154  9056  9068 I art     : Starting a blocking GC Explicit
08-03 21:49:26.184   918   936 I ActivityManager: Displayed baseline.com.ak.uobtimetable/.CourseListActivity: +114ms
08-03 21:49:26.184 13866 13866 I GoogleInputMethodServic: GoogleInputMethodService.onFinishInput():3138 
08-03 21:49:26.185 13866 13866 I GoogleInputMethodServic: GoogleInputMethodService.onStartInput():1808 
08-03 21:49:26.194  9056  9068 I art     : Explicit concurrent mark sweep GC freed 815(47KB) AllocSpace objects, 0(0B) LOS objects, 38% free, 25MB/41MB, paused 553us total 39.702ms
08-03 21:49:26.211  9056  9068 I art     : Starting a blocking GC Explicit
08-03 21:49:26.249  9056  9068 I art     : Explicit concurrent mark sweep GC freed 58(3KB) AllocSpace objects, 0(0B) LOS objects, 38% free, 25MB/41MB, paused 450us total 37.952ms
08-03 21:49:26.264  9056  9068 I art     : Starting a blocking GC Explicit
08-03 21:49:26.301  9056  9068 I art     : Explicit concurrent mark sweep GC freed 883(66KB) AllocSpace objects, 2(120KB) LOS objects, 37% free, 26MB/42MB, paused 801us total 37.159ms
08-03 21:49:26.317  9056  9068 I art     : Starting a blocking GC Explicit
08-03 21:49:26.354  9056  9742 I NAPPA_EXPERIMENTATION: MetricNetworkRequestExecutionTime: REQUEST_DURATION_SYSTEM='237',REQUEST_DURATION_OKHTTP='34',REQUEST_SYNCHRONOUS='TRUE',RESPONSE_CODE='200',RESPONSE_METHOD='GET',RESPONSE_LENGTH_OKHTTP='-1',RESPONSE_LENGTH_HEADER='-2',REQUEST_PROTOCOL='http/1.1',REQUEST_URL='https://uob-timetable-api.adriankeenan.co.uk/courses',
08-03 21:49:26.358  9056  9068 I art     : Explicit concurrent mark sweep GC freed 2222(149KB) AllocSpace objects, 1(80KB) LOS objects, 38% free, 26MB/42MB, paused 637us total 41.032ms
08-03 21:49:26.567  9056  9056 D MainActivity: Saving state
08-03 21:49:26.568  9056  9056 D MainActivity: Saving current fragment: SessionListsFragment
08-03 21:49:26.569  9056  9056 D MainActivity: Saving current index: 1
08-03 21:49:26.570  9056  9056 D SessionListsFragment: Saving state
08-03 21:49:26.628   512  2967 D audio_hw_primary: disable_audio_route: reset and update mixer path: low-latency-playback speaker
08-03 21:49:26.629   512  2967 D audio_hw_primary: disable_snd_device: snd_device(2: speaker)
08-03 21:49:26.636   512  2967 I soundtrigger: audio_extn_sound_trigger_update_device_status: device 0x2 of type 0 for Event 0
08-03 21:49:26.667  9056  9069 I art     : Starting a blocking GC Explicit
08-03 21:49:26.703  9056  9069 I art     : Explicit concurrent mark sweep GC freed 65(3KB) AllocSpace objects, 0(0B) LOS objects, 24% free, 48MB/64MB, paused 486us total 35.617ms
08-03 21:49:26.716  9056  9069 I art     : Starting a blocking GC Explicit
08-03 21:49:26.763  9056  9742 I HTTP    : Response was compressed.
08-03 21:49:26.765  9056  9069 I art     : Explicit concurrent mark sweep GC freed 152(7KB) AllocSpace objects, 0(0B) LOS objects, 20% free, 63MB/79MB, paused 629us total 48.230ms
08-03 21:49:26.778  9056  9069 I art     : Starting a blocking GC Explicit
08-03 21:49:26.826  9056  9069 I art     : Explicit concurrent mark sweep GC freed 28988(1346KB) AllocSpace objects, 2(22MB) LOS objects, 27% free, 41MB/57MB, paused 768us total 47.755ms
08-03 21:49:26.841  9056  9069 I art     : Starting a blocking GC Explicit
08-03 21:49:26.885  9056  9069 I art     : Explicit concurrent mark sweep GC freed 35996(1705KB) AllocSpace objects, 0(0B) LOS objects, 27% free, 41MB/57MB, paused 707us total 42.937ms
08-03 21:49:26.900  9056  9069 I art     : Starting a blocking GC Explicit
08-03 21:49:26.944  9056  9069 I art     : Explicit concurrent mark sweep GC freed 32572(1540KB) AllocSpace objects, 0(0B) LOS objects, 27% free, 41MB/57MB, paused 876us total 44.061ms
08-03 21:49:27.242  9056  9435 I art     : Starting a blocking GC Explicit
08-03 21:49:27.308  9056  9435 I art     : Explicit concurrent mark sweep GC freed 188740(8MB) AllocSpace objects, 1(20KB) LOS objects, 26% free, 43MB/59MB, paused 742us total 65.110ms
08-03 21:49:27.325  9056  9435 I art     : Starting a blocking GC Explicit
08-03 21:49:27.375  9056  9435 I art     : Explicit concurrent mark sweep GC freed 41396(1962KB) AllocSpace objects, 0(0B) LOS objects, 26% free, 43MB/59MB, paused 1.060ms total 49.379ms
08-03 21:49:27.392  9056  9435 I art     : Starting a blocking GC Explicit
08-03 21:49:27.442  9056  9435 I art     : Explicit concurrent mark sweep GC freed 36940(1749KB) AllocSpace objects, 0(0B) LOS objects, 26% free, 43MB/59MB, paused 1.045ms total 50.083ms
08-03 21:49:27.459  9056  9435 I art     : Starting a blocking GC Explicit
08-03 21:49:27.511  9056  9435 I art     : Explicit concurrent mark sweep GC freed 37079(1749KB) AllocSpace objects, 0(0B) LOS objects, 26% free, 44MB/60MB, paused 989us total 51.506ms
08-03 21:49:27.529  9056  9435 I art     : Starting a blocking GC Explicit
08-03 21:49:27.583  9056  9435 I art     : Explicit concurrent mark sweep GC freed 37754(1773KB) AllocSpace objects, 0(0B) LOS objects, 26% free, 44MB/60MB, paused 1.391ms total 53.696ms
08-03 21:49:27.896  9056  9069 I art     : Starting a blocking GC Explicit
08-03 21:49:27.972  9056  9069 I art     : Explicit concurrent mark sweep GC freed 200451(9MB) AllocSpace objects, 1(20KB) LOS objects, 25% free, 46MB/62MB, paused 914us total 75.586ms
08-03 21:49:27.993  9056  9069 I art     : Starting a blocking GC Explicit
08-03 21:49:28.050  9056  9069 I art     : Explicit concurrent mark sweep GC freed 48701(2MB) AllocSpace objects, 0(0B) LOS objects, 25% free, 46MB/62MB, paused 1.143ms total 56.830ms
08-03 21:49:28.069  9056  9069 I art     : Starting a blocking GC Explicit
08-03 21:49:28.128  9056  9069 I art     : Explicit concurrent mark sweep GC freed 42523(1988KB) AllocSpace objects, 0(0B) LOS objects, 25% free, 46MB/62MB, paused 1.276ms total 59.342ms
08-03 21:49:28.148  9056  9069 I art     : Starting a blocking GC Explicit
08-03 21:49:28.208  9056  9069 I art     : Explicit concurrent mark sweep GC freed 42331(1985KB) AllocSpace objects, 0(0B) LOS objects, 25% free, 46MB/62MB, paused 1.221ms total 59.421ms
08-03 21:49:28.227  9056  9069 I art     : Starting a blocking GC Explicit
08-03 21:49:28.288  9056  9069 I art     : Explicit concurrent mark sweep GC freed 41954(1974KB) AllocSpace objects, 0(0B) LOS objects, 25% free, 47MB/63MB, paused 1.409ms total 60.430ms
08-03 21:49:28.603  9056  9269 I art     : Starting a blocking GC Explicit
08-03 21:49:28.689  9056  9269 I art     : Explicit concurrent mark sweep GC freed 202127(9MB) AllocSpace objects, 1(20KB) LOS objects, 24% free, 49MB/65MB, paused 1.085ms total 85.753ms
08-03 21:49:28.711  9056  9269 I art     : Starting a blocking GC Explicit
08-03 21:49:28.777  9056  9269 I art     : Explicit concurrent mark sweep GC freed 54130(2MB) AllocSpace objects, 0(0B) LOS objects, 24% free, 49MB/65MB, paused 1.374ms total 65.397ms
08-03 21:49:28.798  9056  9269 I art     : Starting a blocking GC Explicit
08-03 21:49:28.865  9056  9269 I art     : Explicit concurrent mark sweep GC freed 46877(2MB) AllocSpace objects, 0(0B) LOS objects, 24% free, 49MB/65MB, paused 1.437ms total 66.190ms
08-03 21:49:28.885  9056  9269 I art     : Starting a blocking GC Explicit
08-03 21:49:28.955  9056  9269 I art     : Explicit concurrent mark sweep GC freed 47350(2MB) AllocSpace objects, 0(0B) LOS objects, 24% free, 49MB/65MB, paused 1.472ms total 69.227ms
08-03 21:49:28.976  9056  9269 I art     : Starting a blocking GC Explicit
08-03 21:49:29.045  9056  9269 I art     : Explicit concurrent mark sweep GC freed 48022(2MB) AllocSpace objects, 0(0B) LOS objects, 24% free, 50MB/66MB, paused 1.501ms total 69.022ms
08-03 21:49:29.364  9056  9069 I art     : Starting a blocking GC Explicit
08-03 21:49:29.461  9056  9069 I art     : Explicit concurrent mark sweep GC freed 213377(9MB) AllocSpace objects, 1(20KB) LOS objects, 23% free, 52MB/68MB, paused 1.260ms total 96.488ms
08-03 21:49:29.485  9056  9069 I art     : Starting a blocking GC Explicit
08-03 21:49:29.560  9056  9069 I art     : Explicit concurrent mark sweep GC freed 60018(2MB) AllocSpace objects, 0(0B) LOS objects, 23% free, 52MB/68MB, paused 1.445ms total 75.099ms
08-03 21:49:29.565  9056  9742 I Service : getCourses response time: 0.69
08-03 21:49:29.582  9056  9056 I SettingsManager: Getting string: savedCourse
08-03 21:49:29.583  9056  9069 I art     : Starting a blocking GC Explicit
08-03 21:49:29.654  9056  9069 I art     : Explicit concurrent mark sweep GC freed 9847(457KB) AllocSpace objects, 1(14MB) LOS objects, 30% free, 37MB/53MB, paused 855us total 70.703ms
08-03 21:49:29.676  9056  9069 I art     : Starting a blocking GC Explicit
08-03 21:49:29.751  9056  9069 I art     : Explicit concurrent mark sweep GC freed 704(28KB) AllocSpace objects, 0(0B) LOS objects, 30% free, 37MB/53MB, paused 500us total 75.002ms
08-03 21:49:29.776  9056  9069 I art     : Starting a blocking GC Explicit
08-03 21:49:29.857  9056  9069 I art     : Explicit concurrent mark sweep GC freed 666(63KB) AllocSpace objects, 0(0B) LOS objects, 30% free, 37MB/53MB, paused 462us total 80.579ms
08-03 21:49:30.198  9056  9269 I art     : Starting a blocking GC Explicit
08-03 21:49:30.297  9056  9269 I art     : Explicit concurrent mark sweep GC freed 1292(75KB) AllocSpace objects, 1(20KB) LOS objects, 30% free, 37MB/53MB, paused 526us total 98.808ms
08-03 21:49:30.326  9056  9269 I art     : Starting a blocking GC Explicit
08-03 21:49:30.407  9056  9269 I art     : Explicit concurrent mark sweep GC freed 18(624B) AllocSpace objects, 0(0B) LOS objects, 30% free, 37MB/53MB, paused 476us total 80.616ms
08-03 21:49:30.433  9056  9269 I art     : Starting a blocking GC Explicit
08-03 21:49:30.508  9056  9269 I art     : Explicit concurrent mark sweep GC freed 3(96B) AllocSpace objects, 0(0B) LOS objects, 30% free, 37MB/53MB, paused 646us total 74.872ms
08-03 21:49:30.533  9056  9269 I art     : Starting a blocking GC Explicit
08-03 21:49:30.614  9056  9269 I art     : Explicit concurrent mark sweep GC freed 3(96B) AllocSpace objects, 0(0B) LOS objects, 30% free, 37MB/53MB, paused 457us total 80.952ms
08-03 21:49:30.627   918 13198 D NetlinkSocketObserver: NeighborEvent{elapsedMs=1637974502, 192.168.2.254, [7C3953A63323], RTM_NEWNEIGH, NUD_STALE}
08-03 21:49:30.640  9056  9269 I art     : Starting a blocking GC Explicit
08-03 21:49:30.719  9056  9269 I art     : Explicit concurrent mark sweep GC freed 3(96B) AllocSpace objects, 0(0B) LOS objects, 30% free, 37MB/53MB, paused 454us total 79.466ms
08-03 21:49:31.075  9056  9069 I art     : Starting a blocking GC Explicit
08-03 21:49:31.164  9056  9069 I art     : Explicit concurrent mark sweep GC freed 1332(77KB) AllocSpace objects, 1(20KB) LOS objects, 30% free, 37MB/53MB, paused 460us total 89.146ms
08-03 21:49:31.189  9056  9069 I art     : Starting a blocking GC Explicit
08-03 21:49:31.270  9056  9069 I art     : Explicit concurrent mark sweep GC freed 27(976B) AllocSpace objects, 0(0B) LOS objects, 30% free, 37MB/53MB, paused 480us total 80.345ms
08-03 21:49:31.295  9056  9069 I art     : Starting a blocking GC Explicit
08-03 21:49:31.377  9056  9069 I art     : Explicit concurrent mark sweep GC freed 3(96B) AllocSpace objects, 0(0B) LOS objects, 30% free, 37MB/53MB, paused 479us total 81.921ms
08-03 21:49:31.402  9056  9069 I art     : Starting a blocking GC Explicit
08-03 21:49:31.423   918  3261 D WifiStateMachine: starting scan for "H369AA63323"WPA_PSK with 2412,5180
08-03 21:49:31.478  9056  9069 I art     : Explicit concurrent mark sweep GC freed 3(96B) AllocSpace objects, 0(0B) LOS objects, 30% free, 37MB/53MB, paused 542us total 75.167ms
08-03 21:49:31.502  9056  9069 I art     : Starting a blocking GC Explicit
08-03 21:49:31.582  9056  9069 I art     : Explicit concurrent mark sweep GC freed 3(96B) AllocSpace objects, 0(0B) LOS objects, 30% free, 37MB/53MB, paused 478us total 79.094ms
08-03 21:49:31.935  9056  9435 I art     : Starting a blocking GC Explicit
08-03 21:49:32.028  9056  9435 I art     : Explicit concurrent mark sweep GC freed 1291(75KB) AllocSpace objects, 1(20KB) LOS objects, 30% free, 37MB/53MB, paused 495us total 92.191ms
08-03 21:49:32.053  9056  9435 I art     : Starting a blocking GC Explicit
08-03 21:49:32.133  9056  9435 I art     : Explicit concurrent mark sweep GC freed 18(624B) AllocSpace objects, 0(0B) LOS objects, 30% free, 37MB/53MB, paused 468us total 80.105ms
08-03 21:49:32.159  9056  9435 I art     : Starting a blocking GC Explicit
08-03 21:49:32.241  9056  9435 I art     : Explicit concurrent mark sweep GC freed 3(96B) AllocSpace objects, 0(0B) LOS objects, 30% free, 37MB/53MB, paused 465us total 81.861ms
08-03 21:49:32.266  9056  9435 I art     : Starting a blocking GC Explicit
08-03 21:49:32.337  9056  9435 I art     : Explicit concurrent mark sweep GC freed 3(96B) AllocSpace objects, 0(0B) LOS objects, 30% free, 37MB/53MB, paused 496us total 70.651ms
08-03 21:49:32.361  9056  9435 I art     : Starting a blocking GC Explicit
08-03 21:49:32.431  9056  9435 I art     : Explicit concurrent mark sweep GC freed 3(96B) AllocSpace objects, 0(0B) LOS objects, 30% free, 37MB/53MB, paused 457us total 70.035ms
08-03 21:49:32.766  9056  9068 I art     : Starting a blocking GC Explicit
08-03 21:49:32.833  9824  9824 D AndroidRuntime: >>>>>> START com.android.internal.os.RuntimeInit uid 2000 <<<<<<
08-03 21:49:32.839  9824  9824 D AndroidRuntime: CheckJNI is OFF
08-03 21:49:32.855  9056  9068 I art     : Explicit concurrent mark sweep GC freed 1290(75KB) AllocSpace objects, 1(20KB) LOS objects, 30% free, 37MB/53MB, paused 496us total 88.888ms
08-03 21:49:32.880  9056  9068 I art     : Starting a blocking GC Explicit
08-03 21:49:32.891  9824  9824 D ICU     : No timezone override file found: /data/misc/zoneinfo/current/icu/icu_tzdata.dat
08-03 21:49:32.938  9824  9824 I Radio-JNI: register_android_hardware_Radio DONE
08-03 21:49:32.954  9056  9068 I art     : Explicit concurrent mark sweep GC freed 18(624B) AllocSpace objects, 0(0B) LOS objects, 30% free, 37MB/53MB, paused 468us total 74.307ms
08-03 21:49:32.967  9824  9824 D AndroidRuntime: Calling main entry com.android.commands.input.Input
08-03 21:49:32.970  9824  9824 I Input   : injectMotionEvent: MotionEvent { action=ACTION_DOWN, actionButton=0, id[0]=0, x[0]=558.0, y[0]=368.0, toolType[0]=TOOL_TYPE_UNKNOWN, buttonState=0, metaState=0, flags=0x0, edgeFlags=0x0, pointerCount=1, historySize=0, eventTime=654589382, downTime=654589382, deviceId=0, source=0x1002 }
08-03 21:49:32.977  9824  9824 I Input   : injectMotionEvent: MotionEvent { action=ACTION_UP, actionButton=0, id[0]=0, x[0]=558.0, y[0]=368.0, toolType[0]=TOOL_TYPE_UNKNOWN, buttonState=0, metaState=0, flags=0x0, edgeFlags=0x0, pointerCount=1, historySize=0, eventTime=654589382, downTime=654589382, deviceId=0, source=0x1002 }
08-03 21:49:32.978  9824  9824 D AndroidRuntime: Shutting down VM
08-03 21:49:32.979  9056  9068 I art     : Starting a blocking GC Explicit
08-03 21:49:33.044  9056  9068 I art     : Explicit concurrent mark sweep GC freed 230(34KB) AllocSpace objects, 0(0B) LOS objects, 30% free, 37MB/53MB, paused 845us total 64.668ms
08-03 21:49:33.067  9056  9068 I art     : Starting a blocking GC Explicit
08-03 21:49:33.136  9056  9068 I art     : Explicit concurrent mark sweep GC freed 689(62KB) AllocSpace objects, 0(0B) LOS objects, 30% free, 37MB/53MB, paused 677us total 68.786ms
08-03 21:49:33.161  9056  9068 I art     : Starting a blocking GC Explicit
08-03 21:49:33.225  9056  9068 I art     : Explicit concurrent mark sweep GC freed 76(3KB) AllocSpace objects, 0(0B) LOS objects, 30% free, 37MB/53MB, paused 400us total 64.392ms
08-03 21:49:33.537  9056  9069 I art     : Starting a blocking GC Explicit
08-03 21:49:33.620  9056  9069 I art     : Explicit concurrent mark sweep GC freed 1630(90KB) AllocSpace objects, 1(20KB) LOS objects, 30% free, 37MB/53MB, paused 426us total 82.269ms
08-03 21:49:33.646  9056  9069 I art     : Starting a blocking GC Explicit
08-03 21:49:33.711  9056  9069 I art     : Explicit concurrent mark sweep GC freed 34(1168B) AllocSpace objects, 0(0B) LOS objects, 30% free, 37MB/53MB, paused 420us total 65.104ms
08-03 21:49:33.734  9056  9069 I art     : Starting a blocking GC Explicit
08-03 21:49:33.808  9056  9069 I art     : Explicit concurrent mark sweep GC freed 6(224B) AllocSpace objects, 0(0B) LOS objects, 30% free, 37MB/53MB, paused 547us total 73.024ms
08-03 21:49:33.832  9056  9069 I art     : Starting a blocking GC Explicit
08-03 21:49:33.907  9056  9069 I art     : Explicit concurrent mark sweep GC freed 3(96B) AllocSpace objects, 0(0B) LOS objects, 30% free, 37MB/53MB, paused 460us total 74.522ms
08-03 21:49:33.931  9056  9069 I art     : Starting a blocking GC Explicit
08-03 21:49:34.005  9056  9069 I art     : Explicit concurrent mark sweep GC freed 3(96B) AllocSpace objects, 0(0B) LOS objects, 30% free, 37MB/53MB, paused 442us total 73.791ms
08-03 21:49:34.329  9056  9068 I art     : Starting a blocking GC Explicit
08-03 21:49:34.407  9056  9068 I art     : Explicit concurrent mark sweep GC freed 1290(75KB) AllocSpace objects, 1(20KB) LOS objects, 30% free, 37MB/53MB, paused 465us total 77.438ms
08-03 21:49:34.432  9056  9068 I art     : Starting a blocking GC Explicit
08-03 21:49:34.503  9056  9068 I art     : Explicit concurrent mark sweep GC freed 18(624B) AllocSpace objects, 0(0B) LOS objects, 30% free, 37MB/53MB, paused 451us total 71.476ms
08-03 21:49:34.528  9056  9068 I art     : Starting a blocking GC Explicit
08-03 21:49:34.599  9056  9068 I art     : Explicit concurrent mark sweep GC freed 3(96B) AllocSpace objects, 0(0B) LOS objects, 30% free, 37MB/53MB, paused 423us total 71.049ms
08-03 21:49:34.623  9056  9068 I art     : Starting a blocking GC Explicit
08-03 21:49:34.701  9056  9068 I art     : Explicit concurrent mark sweep GC freed 6(192B) AllocSpace objects, 0(0B) LOS objects, 30% free, 37MB/53MB, paused 520us total 78.007ms
08-03 21:49:34.727  9056  9068 I art     : Starting a blocking GC Explicit
08-03 21:49:34.769  9864  9864 D AndroidRuntime: >>>>>> START com.android.internal.os.RuntimeInit uid 2000 <<<<<<
08-03 21:49:34.774  9864  9864 D AndroidRuntime: CheckJNI is OFF
08-03 21:49:34.795  9056  9068 I art     : Explicit concurrent mark sweep GC freed 15(480B) AllocSpace objects, 0(0B) LOS objects, 30% free, 37MB/53MB, paused 436us total 67.551ms
08-03 21:49:34.823  9864  9864 D ICU     : No timezone override file found: /data/misc/zoneinfo/current/icu/icu_tzdata.dat
08-03 21:49:34.864  9864  9864 I Radio-JNI: register_android_hardware_Radio DONE
08-03 21:49:34.891  7501  7501 I ServiceManager: Waiting for service AtCmdFwd...
08-03 21:49:34.893  9864  9864 D AndroidRuntime: Calling main entry com.android.commands.input.Input
08-03 21:49:34.895  9864  9864 I Input   : injectMotionEvent: MotionEvent { action=ACTION_DOWN, actionButton=0, id[0]=0, x[0]=945.0, y[0]=1376.0, toolType[0]=TOOL_TYPE_UNKNOWN, buttonState=0, metaState=0, flags=0x0, edgeFlags=0x0, pointerCount=1, historySize=0, eventTime=654591307, downTime=654591307, deviceId=0, source=0x1002 }
08-03 21:49:34.901  9864  9864 I Input   : injectMotionEvent: MotionEvent { action=ACTION_UP, actionButton=0, id[0]=0, x[0]=945.0, y[0]=1376.0, toolType[0]=TOOL_TYPE_UNKNOWN, buttonState=0, metaState=0, flags=0x0, edgeFlags=0x0, pointerCount=1, historySize=0, eventTime=654591307, downTime=654591307, deviceId=0, source=0x1002 }
08-03 21:49:34.904  9864  9864 D AndroidRuntime: Shutting down VM
08-03 21:49:34.970   512  2967 D audio_hw_primary: out_set_parameters: enter: usecase(1: low-latency-playback) kvpairs: routing=2
08-03 21:49:34.975 13866 13866 I GoogleInputMethodServic: GoogleInputMethodService.onFinishInput():3138 
08-03 21:49:34.976 13866 13866 I GoogleInputMethodServic: GoogleInputMethodService.onStartInput():1808 
08-03 21:49:34.984   512  2967 D audio_hw_primary: select_devices: out_snd_device(2: speaker) in_snd_device(0: none)
08-03 21:49:34.984   512  2967 D msm8974_platform: platform_send_audio_calibration: sending audio calibration for snd_device(2) acdb_id(15)
08-03 21:49:34.984   512  2967 I soundtrigger: audio_extn_sound_trigger_update_device_status: device 0x2 of type 0 for Event 1
08-03 21:49:34.994 13866 13866 I GoogleInputMethodServic: GoogleInputMethodService.onFinishInput():3138 
08-03 21:49:34.995 13866 13866 I GoogleInputMethodServic: GoogleInputMethodService.onStartInput():1808 
08-03 21:49:35.000   512  2967 D audio_hw_primary: enable_snd_device: snd_device(2: speaker)
08-03 21:49:35.003   512  2967 D audio_hw_primary: enable_audio_route: apply and update mixer path: low-latency-playback speaker
08-03 21:49:35.115  9056  9068 I art     : Starting a blocking GC Explicit
08-03 21:49:35.188  9056  9068 I art     : Explicit concurrent mark sweep GC freed 2284(131KB) AllocSpace objects, 1(20KB) LOS objects, 30% free, 37MB/53MB, paused 423us total 72.961ms
08-03 21:49:35.212  9056  9068 I art     : Starting a blocking GC Explicit
08-03 21:49:35.280  9056  9068 I art     : Explicit concurrent mark sweep GC freed 701(63KB) AllocSpace objects, 0(0B) LOS objects, 30% free, 37MB/53MB, paused 405us total 67.892ms
08-03 21:49:35.303  9056  9068 I art     : Starting a blocking GC Explicit
08-03 21:49:35.312  9056  9071 D OpenGLRenderer: endAllStagingAnimators on 0x7f7d0e2800 (ListPopupWindow$DropDownListView) with handle 0x7f7b2d8c00
08-03 21:49:35.369  9056  9068 I art     : Explicit concurrent mark sweep GC freed 31(1248B) AllocSpace objects, 0(0B) LOS objects, 30% free, 37MB/53MB, paused 446us total 64.857ms
08-03 21:49:35.369  9056  9067 I art     : WaitForGcToComplete blocked for 65.104ms for cause HeapTrim
08-03 21:49:35.391  9056  9068 I art     : Starting a blocking GC Explicit
08-03 21:49:35.461  9056  9068 I art     : Explicit concurrent mark sweep GC freed 223(9KB) AllocSpace objects, 0(0B) LOS objects, 30% free, 37MB/53MB, paused 457us total 69.964ms
08-03 21:49:35.485  9056  9068 I art     : Starting a blocking GC Explicit
08-03 21:49:35.538   512  2967 D audio_hw_primary: disable_audio_route: reset and update mixer path: low-latency-playback speaker
08-03 21:49:35.540   512  2967 D audio_hw_primary: disable_snd_device: snd_device(2: speaker)
08-03 21:49:35.547   512  2967 I soundtrigger: audio_extn_sound_trigger_update_device_status: device 0x2 of type 0 for Event 0
08-03 21:49:35.558  9056  9068 I art     : Explicit concurrent mark sweep GC freed 427(32KB) AllocSpace objects, 0(0B) LOS objects, 30% free, 37MB/53MB, paused 451us total 72.791ms
08-03 21:49:35.884  9056  9069 I art     : Starting a blocking GC Explicit
08-03 21:49:35.892  7501  7501 I ServiceManager: Waiting for service AtCmdFwd...
08-03 21:49:35.968  9056  9069 I art     : Explicit concurrent mark sweep GC freed 1290(75KB) AllocSpace objects, 1(20KB) LOS objects, 30% free, 37MB/53MB, paused 561us total 83.229ms
08-03 21:49:35.989  9056  9069 I art     : Starting a blocking GC Explicit
08-03 21:49:36.049  9056  9069 I art     : Explicit concurrent mark sweep GC freed 18(624B) AllocSpace objects, 0(0B) LOS objects, 30% free, 37MB/53MB, paused 418us total 59.971ms
08-03 21:49:36.071  9056  9069 I art     : Starting a blocking GC Explicit
08-03 21:49:36.137  9056  9069 I art     : Explicit concurrent mark sweep GC freed 3(96B) AllocSpace objects, 0(0B) LOS objects, 30% free, 37MB/53MB, paused 500us total 66.019ms
08-03 21:49:36.162  9056  9069 I art     : Starting a blocking GC Explicit
08-03 21:49:36.229  9056  9069 I art     : Explicit concurrent mark sweep GC freed 3(96B) AllocSpace objects, 0(0B) LOS objects, 30% free, 37MB/53MB, paused 470us total 67.003ms
08-03 21:49:36.252  9056  9069 I art     : Starting a blocking GC Explicit
08-03 21:49:36.324  9056  9069 I art     : Explicit concurrent mark sweep GC freed 17(544B) AllocSpace objects, 0(0B) LOS objects, 30% free, 37MB/53MB, paused 467us total 71.713ms
08-03 21:49:36.645  9056  9068 I art     : Starting a blocking GC Explicit
08-03 21:49:36.681  9903  9903 D AndroidRuntime: >>>>>> START com.android.internal.os.RuntimeInit uid 2000 <<<<<<
08-03 21:49:36.687  9903  9903 D AndroidRuntime: CheckJNI is OFF
08-03 21:49:36.723  9056  9068 I art     : Explicit concurrent mark sweep GC freed 1290(75KB) AllocSpace objects, 1(20KB) LOS objects, 30% free, 37MB/53MB, paused 460us total 76.874ms
08-03 21:49:36.735  9903  9903 D ICU     : No timezone override file found: /data/misc/zoneinfo/current/icu/icu_tzdata.dat
08-03 21:49:36.747  9056  9068 I art     : Starting a blocking GC Explicit
08-03 21:49:36.781  9903  9903 I Radio-JNI: register_android_hardware_Radio DONE
08-03 21:49:36.810  9903  9903 D AndroidRuntime: Calling main entry com.android.commands.input.Input
08-03 21:49:36.812  9903  9903 I Input   : injectMotionEvent: MotionEvent { action=ACTION_DOWN, actionButton=0, id[0]=0, x[0]=481.0, y[0]=544.0, toolType[0]=TOOL_TYPE_UNKNOWN, buttonState=0, metaState=0, flags=0x0, edgeFlags=0x0, pointerCount=1, historySize=0, eventTime=654593224, downTime=654593224, deviceId=0, source=0x1002 }
08-03 21:49:36.819  9056  9068 I art     : Explicit concurrent mark sweep GC freed 33(1104B) AllocSpace objects, 0(0B) LOS objects, 30% free, 37MB/53MB, paused 789us total 71.895ms
08-03 21:49:36.820  9903  9903 I Input   : injectMotionEvent: MotionEvent { action=ACTION_UP, actionButton=0, id[0]=0, x[0]=481.0, y[0]=544.0, toolType[0]=TOOL_TYPE_UNKNOWN, buttonState=0, metaState=0, flags=0x0, edgeFlags=0x0, pointerCount=1, historySize=0, eventTime=654593224, downTime=654593224, deviceId=0, source=0x1002 }
08-03 21:49:36.824  9903  9903 D AndroidRuntime: Shutting down VM
08-03 21:49:36.844  9056  9068 I art     : Starting a blocking GC Explicit
08-03 21:49:36.892  7501  7501 I ServiceManager: Waiting for service AtCmdFwd...
08-03 21:49:36.909  9056  9068 I art     : Explicit concurrent mark sweep GC freed 653(29KB) AllocSpace objects, 0(0B) LOS objects, 30% free, 37MB/53MB, paused 648us total 64.723ms
08-03 21:49:36.934  9056  9068 I art     : Starting a blocking GC Explicit
08-03 21:49:36.997 24365 31829 I NetworkScheduler.Stats: Task com.google.android.gms/com.google.android.gms.icing.service.IcingGcmTaskService started execution. cause:4 exec_start_elapsed_seconds: 1637980 [CONTEXT service_id=218 ]
08-03 21:49:36.998  9056  9068 I art     : Explicit concurrent mark sweep GC freed 121(5KB) AllocSpace objects, 0(0B) LOS objects, 30% free, 37MB/53MB, paused 493us total 63.647ms
08-03 21:49:37.003 24365  9041 I NetworkScheduler.Stats: Task com.google.android.gms/com.google.android.gms.icing.service.IcingGcmTaskService finished executing. cause:4 result: 1 elapsed_millis: 34 uptime_millis: 33 exec_start_elapsed_seconds: 1637980 [CONTEXT service_id=218 ]
08-03 21:49:37.019  9056  9068 I art     : Starting a blocking GC Explicit
08-03 21:49:37.080  9056  9068 I art     : Explicit concurrent mark sweep GC freed 41(1904B) AllocSpace objects, 0(0B) LOS objects, 30% free, 37MB/53MB, paused 443us total 61.165ms
08-03 21:49:37.392  9056  9069 I art     : Starting a blocking GC Explicit
08-03 21:49:37.469  9056  9069 I art     : Explicit concurrent mark sweep GC freed 1627(90KB) AllocSpace objects, 1(20KB) LOS objects, 30% free, 37MB/53MB, paused 461us total 76.925ms
08-03 21:49:37.493  9056  9069 I art     : Starting a blocking GC Explicit
08-03 21:49:37.560  9056  9069 I art     : Explicit concurrent mark sweep GC freed 35(1232B) AllocSpace objects, 0(0B) LOS objects, 30% free, 37MB/53MB, paused 467us total 66.967ms
08-03 21:49:37.585  9056  9069 I art     : Starting a blocking GC Explicit
08-03 21:49:37.659  9056  9069 I art     : Explicit concurrent mark sweep GC freed 3(96B) AllocSpace objects, 0(0B) LOS objects, 30% free, 37MB/53MB, paused 465us total 73.453ms
08-03 21:49:37.683  9056  9069 I art     : Starting a blocking GC Explicit
08-03 21:49:37.759  9056  9069 I art     : Explicit concurrent mark sweep GC freed 3(96B) AllocSpace objects, 0(0B) LOS objects, 30% free, 37MB/53MB, paused 437us total 75.278ms
08-03 21:49:37.783  9056  9069 I art     : Starting a blocking GC Explicit
08-03 21:49:37.854  9056  9069 I art     : Explicit concurrent mark sweep GC freed 3(96B) AllocSpace objects, 0(0B) LOS objects, 30% free, 37MB/53MB, paused 470us total 70.105ms
08-03 21:49:37.892  7501  7501 I ServiceManager: Waiting for service AtCmdFwd...
08-03 21:49:38.169  9056  9435 I art     : Starting a blocking GC Explicit
08-03 21:49:38.256  9056  9435 I art     : Explicit concurrent mark sweep GC freed 1290(75KB) AllocSpace objects, 1(20KB) LOS objects, 30% free, 37MB/53MB, paused 463us total 86.711ms
08-03 21:49:38.280  9056  9435 I art     : Starting a blocking GC Explicit
08-03 21:49:38.353  9056  9435 I art     : Explicit concurrent mark sweep GC freed 18(624B) AllocSpace objects, 0(0B) LOS objects, 30% free, 37MB/53MB, paused 463us total 71.792ms
08-03 21:49:38.376  9056  9435 I art     : Starting a blocking GC Explicit
08-03 21:49:38.449  9056  9435 I art     : Explicit concurrent mark sweep GC freed 3(96B) AllocSpace objects, 0(0B) LOS objects, 30% free, 37MB/53MB, paused 467us total 72.142ms
08-03 21:49:38.473  9056  9435 I art     : Starting a blocking GC Explicit
08-03 21:49:38.550  9056  9435 I art     : Explicit concurrent mark sweep GC freed 10(320B) AllocSpace objects, 0(0B) LOS objects, 30% free, 37MB/53MB, paused 558us total 76.990ms
08-03 21:49:38.575  9056  9435 I art     : Starting a blocking GC Explicit
08-03 21:49:38.624  9942  9942 D AndroidRuntime: >>>>>> START com.android.internal.os.RuntimeInit uid 2000 <<<<<<
08-03 21:49:38.630  9942  9942 D AndroidRuntime: CheckJNI is OFF
08-03 21:49:38.646  9056  9435 I art     : Explicit concurrent mark sweep GC freed 15(480B) AllocSpace objects, 0(0B) LOS objects, 30% free, 37MB/53MB, paused 482us total 70.416ms
08-03 21:49:38.680  9942  9942 D ICU     : No timezone override file found: /data/misc/zoneinfo/current/icu/icu_tzdata.dat
08-03 21:49:38.722  9942  9942 I Radio-JNI: register_android_hardware_Radio DONE
08-03 21:49:38.752  9942  9942 D AndroidRuntime: Calling main entry com.android.commands.input.Input
08-03 21:49:38.753  9942  9942 I Input   : injectMotionEvent: MotionEvent { action=ACTION_DOWN, actionButton=0, id[0]=0, x[0]=310.0, y[0]=906.0, toolType[0]=TOOL_TYPE_UNKNOWN, buttonState=0, metaState=0, flags=0x0, edgeFlags=0x0, pointerCount=1, historySize=0, eventTime=654595166, downTime=654595166, deviceId=0, source=0x1002 }
08-03 21:49:38.762  9942  9942 I Input   : injectMotionEvent: MotionEvent { action=ACTION_UP, actionButton=0, id[0]=0, x[0]=310.0, y[0]=906.0, toolType[0]=TOOL_TYPE_UNKNOWN, buttonState=0, metaState=0, flags=0x0, edgeFlags=0x0, pointerCount=1, historySize=0, eventTime=654595166, downTime=654595166, deviceId=0, source=0x1002 }
08-03 21:49:38.766  9942  9942 D AndroidRuntime: Shutting down VM
08-03 21:49:38.831   512  2967 D audio_hw_primary: out_set_parameters: enter: usecase(1: low-latency-playback) kvpairs: routing=2
08-03 21:49:38.845 13866 13866 I GoogleInputMethodServic: GoogleInputMethodService.onFinishInput():3138 
08-03 21:49:38.845   512  2967 D audio_hw_primary: select_devices: out_snd_device(2: speaker) in_snd_device(0: none)
08-03 21:49:38.845   512  2967 D msm8974_platform: platform_send_audio_calibration: sending audio calibration for snd_device(2) acdb_id(15)
08-03 21:49:38.845   512  2967 I soundtrigger: audio_extn_sound_trigger_update_device_status: device 0x2 of type 0 for Event 1
08-03 21:49:38.846 13866 13866 I GoogleInputMethodServic: GoogleInputMethodService.onStartInput():1808 
08-03 21:49:38.856   512  2967 D audio_hw_primary: enable_snd_device: snd_device(2: speaker)
08-03 21:49:38.858 13866 13866 I GoogleInputMethodServic: GoogleInputMethodService.onFinishInput():3138 
08-03 21:49:38.859 13866 13866 I GoogleInputMethodServic: GoogleInputMethodService.onStartInput():1808 
08-03 21:49:38.860   512  2967 D audio_hw_primary: enable_audio_route: apply and update mixer path: low-latency-playback speaker
08-03 21:49:38.893  7501  7501 I ServiceManager: Waiting for service AtCmdFwd...
08-03 21:49:38.962  9056  9069 I art     : Starting a blocking GC Explicit
08-03 21:49:39.039  9056  9069 I art     : Explicit concurrent mark sweep GC freed 2258(120KB) AllocSpace objects, 1(20KB) LOS objects, 30% free, 37MB/53MB, paused 643us total 76.825ms
08-03 21:49:39.063  9056  9069 I art     : Starting a blocking GC Explicit
08-03 21:49:39.134  9056  9069 I art     : Explicit concurrent mark sweep GC freed 727(64KB) AllocSpace objects, 0(0B) LOS objects, 30% free, 37MB/53MB, paused 426us total 70.205ms
08-03 21:49:39.159  9056  9069 I art     : Starting a blocking GC Explicit
08-03 21:49:39.177  9056  9071 D OpenGLRenderer: endAllStagingAnimators on 0x7f94a3e800 (ListPopupWindow$DropDownListView) with handle 0x7f79ffc140
08-03 21:49:39.231  9056  9069 I art     : Explicit concurrent mark sweep GC freed 27(1120B) AllocSpace objects, 0(0B) LOS objects, 30% free, 37MB/53MB, paused 440us total 71.548ms
08-03 21:49:39.254  9056  9069 I art     : Starting a blocking GC Explicit
08-03 21:49:39.325  9056  9069 I art     : Explicit concurrent mark sweep GC freed 227(10KB) AllocSpace objects, 0(0B) LOS objects, 30% free, 37MB/53MB, paused 456us total 70.752ms
08-03 21:49:39.350  9056  9069 I art     : Starting a blocking GC Explicit
08-03 21:49:39.419   512  2967 D audio_hw_primary: disable_audio_route: reset and update mixer path: low-latency-playback speaker
08-03 21:49:39.420   512  2967 D audio_hw_primary: disable_snd_device: snd_device(2: speaker)
08-03 21:49:39.421  9056  9069 I art     : Explicit concurrent mark sweep GC freed 360(26KB) AllocSpace objects, 0(0B) LOS objects, 30% free, 37MB/53MB, paused 431us total 71.037ms
08-03 21:49:39.428   512  2967 I soundtrigger: audio_extn_sound_trigger_update_device_status: device 0x2 of type 0 for Event 0
08-03 21:49:39.762  9056  9269 I art     : Starting a blocking GC Explicit
08-03 21:49:39.857  9056  9269 I art     : Explicit concurrent mark sweep GC freed 1290(75KB) AllocSpace objects, 1(20KB) LOS objects, 30% free, 37MB/53MB, paused 463us total 95.033ms
08-03 21:49:39.882  9056  9269 I art     : Starting a blocking GC Explicit
08-03 21:49:39.893  7501  7501 W Atfwd_Sendcmd: AtCmdFwd service not published, waiting... retryCnt : 3
08-03 21:49:39.956  9056  9269 I art     : Explicit concurrent mark sweep GC freed 18(624B) AllocSpace objects, 0(0B) LOS objects, 30% free, 37MB/53MB, paused 473us total 74.379ms
08-03 21:49:39.981  9056  9269 I art     : Starting a blocking GC Explicit
08-03 21:49:40.051  9056  9269 I art     : Explicit concurrent mark sweep GC freed 3(96B) AllocSpace objects, 0(0B) LOS objects, 30% free, 37MB/53MB, paused 457us total 70.338ms
08-03 21:49:40.074  9056  9269 I art     : Starting a blocking GC Explicit
08-03 21:49:40.145  9056  9269 I art     : Explicit concurrent mark sweep GC freed 3(96B) AllocSpace objects, 0(0B) LOS objects, 30% free, 37MB/53MB, paused 473us total 70.579ms
08-03 21:49:40.169  9056  9269 I art     : Starting a blocking GC Explicit
08-03 21:49:40.236  9056  9269 I art     : Explicit concurrent mark sweep GC freed 3(96B) AllocSpace objects, 0(0B) LOS objects, 30% free, 37MB/53MB, paused 465us total 66.901ms
08-03 21:49:40.519  9981  9981 D AndroidRuntime: >>>>>> START com.android.internal.os.RuntimeInit uid 2000 <<<<<<
08-03 21:49:40.525  9981  9981 D AndroidRuntime: CheckJNI is OFF
08-03 21:49:40.570  9981  9981 D ICU     : No timezone override file found: /data/misc/zoneinfo/current/icu/icu_tzdata.dat
08-03 21:49:40.576  9056  9435 I art     : Starting a blocking GC Explicit
08-03 21:49:40.619  9981  9981 I Radio-JNI: register_android_hardware_Radio DONE
08-03 21:49:40.649  9981  9981 D AndroidRuntime: Calling main entry com.android.commands.input.Input
08-03 21:49:40.651  9981  9981 I Input   : injectMotionEvent: MotionEvent { action=ACTION_DOWN, actionButton=0, id[0]=0, x[0]=648.0, y[0]=709.0, toolType[0]=TOOL_TYPE_UNKNOWN, buttonState=0, metaState=0, flags=0x0, edgeFlags=0x0, pointerCount=1, historySize=0, eventTime=654597064, downTime=654597064, deviceId=0, source=0x1002 }
08-03 21:49:40.657  9981  9981 I Input   : injectMotionEvent: MotionEvent { action=ACTION_UP, actionButton=0, id[0]=0, x[0]=648.0, y[0]=709.0, toolType[0]=TOOL_TYPE_UNKNOWN, buttonState=0, metaState=0, flags=0x0, edgeFlags=0x0, pointerCount=1, historySize=0, eventTime=654597064, downTime=654597064, deviceId=0, source=0x1002 }
08-03 21:49:40.658  9056  9435 I art     : Explicit concurrent mark sweep GC freed 1290(75KB) AllocSpace objects, 1(20KB) LOS objects, 30% free, 37MB/53MB, paused 482us total 81.529ms
08-03 21:49:40.660  9981  9981 D AndroidRuntime: Shutting down VM
08-03 21:49:40.682  9056  9435 I art     : Starting a blocking GC Explicit
08-03 21:49:40.727   512  2967 D audio_hw_primary: out_set_parameters: enter: usecase(1: low-latency-playback) kvpairs: routing=2
08-03 21:49:40.740   512  2967 D audio_hw_primary: select_devices: out_snd_device(2: speaker) in_snd_device(0: none)
08-03 21:49:40.740   512  2967 D msm8974_platform: platform_send_audio_calibration: sending audio calibration for snd_device(2) acdb_id(15)
08-03 21:49:40.740   512  2967 I soundtrigger: audio_extn_sound_trigger_update_device_status: device 0x2 of type 0 for Event 1
08-03 21:49:40.750   512  2967 D audio_hw_primary: enable_snd_device: snd_device(2: speaker)
08-03 21:49:40.752  9056  9435 I art     : Explicit concurrent mark sweep GC freed 545(44KB) AllocSpace objects, 1(20KB) LOS objects, 30% free, 37MB/53MB, paused 831us total 69.618ms
08-03 21:49:40.752   512  2967 D audio_hw_primary: enable_audio_route: apply and update mixer path: low-latency-playback speaker
08-03 21:49:40.775  9056  9435 I art     : Starting a blocking GC Explicit
08-03 21:49:40.842  9056  9435 I art     : Explicit concurrent mark sweep GC freed 316(17KB) AllocSpace objects, 0(0B) LOS objects, 30% free, 37MB/53MB, paused 477us total 67.439ms
08-03 21:49:40.866  9056  9435 I art     : Starting a blocking GC Explicit
08-03 21:49:40.940  9056  9435 I art     : Explicit concurrent mark sweep GC freed 56(2288B) AllocSpace objects, 0(0B) LOS objects, 30% free, 37MB/53MB, paused 524us total 73.694ms
08-03 21:49:40.965  9056  9435 I art     : Starting a blocking GC Explicit
08-03 21:49:41.035  9056  9435 I art     : Explicit concurrent mark sweep GC freed 7(240B) AllocSpace objects, 0(0B) LOS objects, 30% free, 37MB/53MB, paused 445us total 69.685ms
08-03 21:49:41.300   512  2967 D audio_hw_primary: disable_audio_route: reset and update mixer path: low-latency-playback speaker
08-03 21:49:41.302   512  2967 D audio_hw_primary: disable_snd_device: snd_device(2: speaker)
08-03 21:49:41.311   512  2967 I soundtrigger: audio_extn_sound_trigger_update_device_status: device 0x2 of type 0 for Event 0
08-03 21:49:41.377  9056  9435 I art     : Starting a blocking GC Explicit
08-03 21:49:41.467  9056  9435 I art     : Explicit concurrent mark sweep GC freed 1292(75KB) AllocSpace objects, 1(20KB) LOS objects, 30% free, 37MB/53MB, paused 472us total 89.147ms
08-03 21:49:41.495  9056  9435 I art     : Starting a blocking GC Explicit
08-03 21:49:41.579  9056  9435 I art     : Explicit concurrent mark sweep GC freed 26(880B) AllocSpace objects, 0(0B) LOS objects, 30% free, 37MB/53MB, paused 441us total 84.438ms
08-03 21:49:41.603  9056  9435 I art     : Starting a blocking GC Explicit
08-03 21:49:41.676  9056  9435 I art     : Explicit concurrent mark sweep GC freed 5(160B) AllocSpace objects, 0(0B) LOS objects, 30% free, 37MB/53MB, paused 439us total 72.969ms
08-03 21:49:41.700  9056  9435 I art     : Starting a blocking GC Explicit
08-03 21:49:41.777  9056  9435 I art     : Explicit concurrent mark sweep GC freed 3(96B) AllocSpace objects, 0(0B) LOS objects, 30% free, 37MB/53MB, paused 465us total 76.260ms
08-03 21:49:41.801  9056  9435 I art     : Starting a blocking GC Explicit
08-03 21:49:41.874  9056  9435 I art     : Explicit concurrent mark sweep GC freed 3(96B) AllocSpace objects, 0(0B) LOS objects, 30% free, 37MB/53MB, paused 470us total 72.553ms
08-03 21:49:42.190  9056  9068 I art     : Starting a blocking GC Explicit
08-03 21:49:42.274  9056  9068 I art     : Explicit concurrent mark sweep GC freed 1291(75KB) AllocSpace objects, 1(20KB) LOS objects, 30% free, 37MB/53MB, paused 469us total 84.441ms
08-03 21:49:42.299  9056  9068 I art     : Starting a blocking GC Explicit
08-03 21:49:42.371  9056  9068 I art     : Explicit concurrent mark sweep GC freed 19(656B) AllocSpace objects, 0(0B) LOS objects, 30% free, 37MB/53MB, paused 442us total 72.505ms
08-03 21:49:42.397  9056  9068 I art     : Starting a blocking GC Explicit
08-03 21:49:42.434 10014 10014 D AndroidRuntime: >>>>>> START com.android.internal.os.RuntimeInit uid 2000 <<<<<<
08-03 21:49:42.439 10014 10014 D AndroidRuntime: CheckJNI is OFF
08-03 21:49:42.473  9056  9068 I art     : Explicit concurrent mark sweep GC freed 14(448B) AllocSpace objects, 0(0B) LOS objects, 30% free, 37MB/53MB, paused 447us total 75.621ms
08-03 21:49:42.491 10014 10014 D ICU     : No timezone override file found: /data/misc/zoneinfo/current/icu/icu_tzdata.dat
08-03 21:49:42.500  9056  9068 I art     : Starting a blocking GC Explicit
08-03 21:49:42.535 10014 10014 I Radio-JNI: register_android_hardware_Radio DONE
08-03 21:49:42.565 10014 10014 D AndroidRuntime: Calling main entry com.android.commands.input.Input
08-03 21:49:42.568 10014 10014 I Input   : injectMotionEvent: MotionEvent { action=ACTION_DOWN, actionButton=0, id[0]=0, x[0]=1197.0, y[0]=1456.0, toolType[0]=TOOL_TYPE_UNKNOWN, buttonState=0, metaState=0, flags=0x0, edgeFlags=0x0, pointerCount=1, historySize=0, eventTime=654598980, downTime=654598980, deviceId=0, source=0x1002 }
08-03 21:49:42.574  9056  9068 I art     : Explicit concurrent mark sweep GC freed 18(544B) AllocSpace objects, 0(0B) LOS objects, 30% free, 37MB/53MB, paused 429us total 73.466ms
08-03 21:49:42.575 10014 10014 I Input   : injectMotionEvent: MotionEvent { action=ACTION_UP, actionButton=0, id[0]=0, x[0]=1197.0, y[0]=1456.0, toolType[0]=TOOL_TYPE_UNKNOWN, buttonState=0, metaState=0, flags=0x0, edgeFlags=0x0, pointerCount=1, historySize=0, eventTime=654598980, downTime=654598980, deviceId=0, source=0x1002 }
08-03 21:49:42.577 10014 10014 D AndroidRuntime: Shutting down VM
08-03 21:49:42.586   512  2967 D audio_hw_primary: out_set_parameters: enter: usecase(1: low-latency-playback) kvpairs: routing=2
08-03 21:49:42.599   512  2967 D audio_hw_primary: select_devices: out_snd_device(2: speaker) in_snd_device(0: none)
08-03 21:49:42.599  9056  9068 I art     : Starting a blocking GC Explicit
08-03 21:49:42.599   512  2967 D msm8974_platform: platform_send_audio_calibration: sending audio calibration for snd_device(2) acdb_id(15)
08-03 21:49:42.599   512  2967 I soundtrigger: audio_extn_sound_trigger_update_device_status: device 0x2 of type 0 for Event 1
08-03 21:49:42.605  9056  9071 D OpenGLRenderer: endAllStagingAnimators on 0x7f94a9c800 (RippleDrawable) with handle 0x7f79ffc140
08-03 21:49:42.609   512  2967 D audio_hw_primary: enable_snd_device: snd_device(2: speaker)
08-03 21:49:42.612   512  2967 D audio_hw_primary: enable_audio_route: apply and update mixer path: low-latency-playback speaker
08-03 21:49:42.613  9056  9056 I SettingsManager: Setting string: savedCourse
08-03 21:49:42.619   918  4413 W BackupManagerService: dataChanged but no participant pkg='baseline.com.ak.uobtimetable' uid=10641
08-03 21:49:42.620   918  3961 I ActivityManager: START u0 {flg=0x4000000 cmp=baseline.com.ak.uobtimetable/.MainActivity (has extras)} from uid 10641 on display 0
08-03 21:49:42.636   918  3359 W InputMethodManagerService: Focus gain on non-focused client com.android.internal.view.IInputMethodClient$Stub$Proxy@178cbd9 (uid=10641 pid=9056)
08-03 21:49:42.655  9056  9056 D MainActivity: OnDestroy
08-03 21:49:42.673  9056  9068 I art     : Explicit concurrent mark sweep GC freed 5316(265KB) AllocSpace objects, 1(20KB) LOS objects, 30% free, 37MB/53MB, paused 943us total 74.044ms
08-03 21:49:42.683  9056  9056 D MainActivity: onCreate
08-03 21:49:42.683  9056  9056 I SettingsManager: Getting string: savedSessions
08-03 21:49:42.683  9056  9056 I SettingsManager: Getting string: savedSessions
08-03 21:49:42.694  9056  9056 I SettingsManager: Getting string: savedSessionsCourseName
08-03 21:49:42.694  9056  9056 I SettingsManager: Getting string: savedSessionsCourseName
08-03 21:49:42.694  9056  9056 I SettingsManager: Getting string: savedSessionsDateRange
08-03 21:49:42.694  9056  9056 I SettingsManager: Getting string: savedSessionsDateRange
08-03 21:49:42.695  9056  9056 I Settings: 10 saved sessions - Bedfordshire International and EU Foundation Year - Int Foun - Ltn - Y0 Feb FT - Weeks: 24-38 (8 Jun 2020-20 Sep 2020)
08-03 21:49:42.738  9056  9056 I SettingsManager: Getting string: savedCourse
08-03 21:49:42.739  9056  9056 D MainActivity: sessionListFragmentArg: updateSessions
08-03 21:49:42.739  9056  9056 D MainActivity: showTermDatesConfigChange: false
08-03 21:49:42.739  9056  9056 D MainActivity: showTermDatesShortcut: false
08-03 21:49:42.739  9056  9056 D MainActivity: Setting initial fragment: SessionListsFragment
08-03 21:49:42.740  9056  9056 I SettingsManager: Getting int: launchCount
08-03 21:49:42.741  9056  9056 D SessionListsFragment: onCreateView
08-03 21:49:42.745  9056  9056 I SettingsManager: Getting string: savedCourse
08-03 21:49:42.749  9056  9056 I SettingsManager: Getting string: savedSessions
08-03 21:49:42.758  9056  9056 D SessionListsFragment: loadArgument: updateSessions
08-03 21:49:42.758  9056  9056 D SessionListsFragment: initialIndex: -1
08-03 21:49:42.760  9056 10037 D HTTP    : Request for: https://uob-timetable-api.adriankeenan.co.uk/sessions?dept=CM010&course=BSAIFAAF%2F02AA%2F0%2FFT&level=Foundation+Year
08-03 21:49:42.774  9056  9056 D TermDatesFragment: WebView loaded
08-03 21:49:42.774  9056  9056 D MainActivity: OnResume
08-03 21:49:42.851  9056  9056 I TermDatesFragment: Webview load %: 10
08-03 21:49:42.876   918   936 I ActivityManager: Displayed baseline.com.ak.uobtimetable/.MainActivity: +238ms
08-03 21:49:42.877 13866 13866 I GoogleInputMethodServic: GoogleInputMethodService.onFinishInput():3138 
08-03 21:49:42.878 13866 13866 I GoogleInputMethodServic: GoogleInputMethodService.onStartInput():1808 
08-03 21:49:42.979  9056  9069 I art     : Starting a blocking GC Explicit
08-03 21:49:43.028  9056  9056 I TermDatesFragment: Webview load %: 70
08-03 21:49:43.041  9056  9056 I TermDatesFragment: Webview load %: 100
08-03 21:49:43.042  9056  9056 I TermDatesFragment: Webview load %: 100
08-03 21:49:43.045  9056 10037 I NAPPA_EXPERIMENTATION: MetricNetworkRequestExecutionTime: REQUEST_DURATION_SYSTEM='284',REQUEST_DURATION_OKHTTP='59',REQUEST_SYNCHRONOUS='TRUE',RESPONSE_CODE='200',RESPONSE_METHOD='GET',RESPONSE_LENGTH_OKHTTP='-1',RESPONSE_LENGTH_HEADER='1214',REQUEST_PROTOCOL='http/1.1',REQUEST_URL='https://uob-timetable-api.adriankeenan.co.uk/sessions?dept=CM010&course=BSAIFAAF%2F02AA%2F0%2FFT&level=Foundation+Year',
08-03 21:49:43.060  9056  9069 I art     : Explicit concurrent mark sweep GC freed 19621(957KB) AllocSpace objects, 6(1560KB) LOS objects, 29% free, 37MB/53MB, paused 804us total 81.043ms
08-03 21:49:43.085  9056  9069 I art     : Starting a blocking GC Explicit
08-03 21:49:43.091  9056 10037 I HTTP    : Response was compressed.
08-03 21:49:43.104  9056 10037 I Service : getSessions response time: 1.10
08-03 21:49:43.104  9056  9056 I SettingsManager: Getting string: savedSessions
08-03 21:49:43.105  9056  9056 I SettingsManager: Getting string: savedSessions
08-03 21:49:43.116  9056  9056 I Service : Sessions updated: 10
08-03 21:49:43.116  9056  9056 I Service : Sessions removed from new list: 0
08-03 21:49:43.126  9056  9056 I SettingsManager: Setting string: savedSessions
08-03 21:49:43.134   918  5132 W BackupManagerService: dataChanged but no participant pkg='baseline.com.ak.uobtimetable' uid=10641
08-03 21:49:43.134  9056  9056 I SettingsManager: Setting date: savedSessionsTime
08-03 21:49:43.142   918  4400 W BackupManagerService: dataChanged but no participant pkg='baseline.com.ak.uobtimetable' uid=10641
08-03 21:49:43.142  9056  9056 I SettingsManager: Setting string: savedSessionsCourseName
08-03 21:49:43.148  9056  9069 I art     : Explicit concurrent mark sweep GC freed 55314(2MB) AllocSpace objects, 4(92KB) LOS objects, 30% free, 36MB/52MB, paused 756us total 63.045ms
08-03 21:49:43.149   512  2967 D audio_hw_primary: disable_audio_route: reset and update mixer path: low-latency-playback speaker
08-03 21:49:43.150   512  2967 D audio_hw_primary: disable_snd_device: snd_device(2: speaker)
08-03 21:49:43.150   918  3670 W BackupManagerService: dataChanged but no participant pkg='baseline.com.ak.uobtimetable' uid=10641
08-03 21:49:43.150  9056  9056 I SettingsManager: Setting string: savedSessionsDateRange
08-03 21:49:43.151   918  3714 W BackupManagerService: dataChanged but no participant pkg='baseline.com.ak.uobtimetable' uid=10641
08-03 21:49:43.151  9056  9056 I SettingsManager: Setting string: timetableUrl
08-03 21:49:43.151   918  6112 W BackupManagerService: dataChanged but no participant pkg='baseline.com.ak.uobtimetable' uid=10641
08-03 21:49:43.152  9056  9056 I SettingsManager: Getting boolean: notifySessionRemindersEnabled
08-03 21:49:43.152  9056  9056 I SettingsManager: Getting int: notifySessionRemindersMinutes
08-03 21:49:43.152  9056  9056 I SettingsManager: Getting boolean: showHiddenSessions
08-03 21:49:43.154  9056  9056 I SessionReminderNotifier: Created session reminder alarm for f7b4771250a919bd729c1c5a4a459c77 at Mon 08:30:00 10/08/20
08-03 21:49:43.156  9056  9056 I SessionReminderNotifier: Created session reminder alarm for a7f879aabdeb78622c8820a5fb7b64cd at Tue 08:30:00 04/08/20
08-03 21:49:43.158   512  2967 I soundtrigger: audio_extn_sound_trigger_update_device_status: device 0x2 of type 0 for Event 0
08-03 21:49:43.160  9056  9056 I SessionReminderNotifier: Created session reminder alarm for 7bc8d7e2c2055711f597c3d9078c6ea3 at Tue 08:30:00 04/08/20
08-03 21:49:43.162  9056  9056 I SessionReminderNotifier: Created session reminder alarm for 53c0527a6f009a1f2fd223834d3bfe51 at Tue 10:30:00 04/08/20
08-03 21:49:43.165  9056  9056 I SessionReminderNotifier: Created session reminder alarm for e0fc978b5db8218778540b4053344581 at Tue 11:00:00 04/08/20
08-03 21:49:43.167  9056  9056 I SessionReminderNotifier: Created session reminder alarm for 199afb0100f329ff65a09e1b0cd9deba at Tue 11:30:00 04/08/20
08-03 21:49:43.169  9056  9069 I art     : Starting a blocking GC Explicit
08-03 21:49:43.169  9056  9056 I SessionReminderNotifier: Created session reminder alarm for 21712fef61090882c855a1425543edb5 at Tue 13:30:00 04/08/20
08-03 21:49:43.175  9056  9056 I SessionReminderNotifier: Created session reminder alarm for 65ca4d97f031f29a4d02bbb45a705d8f at Wed 08:30:00 05/08/20
08-03 21:49:43.178  9056  9056 I SessionReminderNotifier: Created session reminder alarm for eeda7741b0bcab58fd9f46dc6ef1d942 at Wed 08:30:00 05/08/20
08-03 21:49:43.180  9056  9056 I SessionReminderNotifier: Created session reminder alarm for c276c1b2075a0beb67f1b3d1e580f920 at Wed 11:00:00 05/08/20
08-03 21:49:43.182  9056  9056 I SessionReminderNotifier: Created session reminder alarm for 8b1f3627e42ae13a6f6ba0a83903dde1 at Wed 13:30:00 05/08/20
08-03 21:49:43.185  9056  9056 I SessionReminderNotifier: Created session reminder alarm for 79fe0b5c3b887a13ba29db5a33fa2800 at Thu 08:30:00 06/08/20
08-03 21:49:43.187  9056  9056 I SessionReminderNotifier: Created session reminder alarm for cb9dfc8231cdba2be0835dc5709690e1 at Thu 08:30:00 06/08/20
08-03 21:49:43.189  9056  9056 I SessionReminderNotifier: Created session reminder alarm for f850dc24d6de60b7b89fa9e1a8c224c5 at Thu 12:00:00 06/08/20
08-03 21:49:43.192  9056  9056 I SessionReminderNotifier: Created session reminder alarm for 2ba1034116e4fffdd592dbf0796a43d5 at Fri 08:30:00 07/08/20
08-03 21:49:43.193  9056  9056 I SettingsManager: Getting boolean: showHiddenSessions
08-03 21:49:43.193  9056  9056 D SessionListsFragment: 1 sessions for day 0
08-03 21:49:43.193  9056  9056 D SessionListsFragment: 6 sessions for day 1
08-03 21:49:43.193  9056  9056 D SessionListsFragment: 4 sessions for day 2
08-03 21:49:43.193  9056  9056 D SessionListsFragment: 3 sessions for day 3
08-03 21:49:43.193  9056  9056 D SessionListsFragment: 1 sessions for day 4
08-03 21:49:43.223  9056  9069 I art     : Explicit concurrent mark sweep GC freed 3008(162KB) AllocSpace objects, 2(40KB) LOS objects, 30% free, 36MB/52MB, paused 981us total 53.851ms
08-03 21:49:43.242  9056  9069 I art     : Starting a blocking GC Explicit
08-03 21:49:43.249  9056  9056 I SettingsManager: Getting boolean: showHiddenSessions
08-03 21:49:43.249  9056  9056 D SessionListsFragment: Refreshed ViewPager
08-03 21:49:43.249  9056  9056 I SettingsManager: Getting boolean: showHiddenSessions
08-03 21:49:43.250  9056  9056 I SettingsManager: Getting boolean: completedTutorial
08-03 21:49:43.250  9056  9056 I SettingsManager: Getting boolean: showHiddenSessions
08-03 21:49:43.250  9056  9056 I SettingsManager: Getting date: savedSessionsTime
08-03 21:49:43.300  9056  9069 I art     : Explicit concurrent mark sweep GC freed 18047(746KB) AllocSpace objects, 0(0B) LOS objects, 30% free, 36MB/52MB, paused 1.162ms total 58.343ms
08-03 21:49:43.320  9056  9069 I art     : Starting a blocking GC Explicit
08-03 21:49:43.356   518   646 I ThermalEngine: ACTION: GPU - Setting GPU[0] to 390000000
08-03 21:49:43.410   918   927 I art     : Background partial concurrent mark sweep GC freed 71614(8MB) AllocSpace objects, 160(3MB) LOS objects, 18% free, 68MB/84MB, paused 2.175ms total 239.155ms
08-03 21:49:43.433  9056  9069 I art     : Explicit concurrent mark sweep GC freed 32244(1301KB) AllocSpace objects, 0(0B) LOS objects, 30% free, 36MB/52MB, paused 2.436ms total 112.079ms
08-03 21:49:43.436 24577 24587 W art     : Suspending all threads took: 5.083ms
08-03 21:49:43.459 24577 24587 I art     : Background sticky concurrent mark sweep GC freed 194296(4MB) AllocSpace objects, 0(0B) LOS objects, 10% free, 43MB/48MB, paused 7.799ms total 78.527ms
08-03 21:49:43.781  9056  9435 I art     : Starting a blocking GC Explicit
08-03 21:49:43.910  9056  9435 I art     : Explicit concurrent mark sweep GC freed 121337(4MB) AllocSpace objects, 1(20KB) LOS objects, 29% free, 37MB/53MB, paused 1.661ms total 128.023ms
08-03 21:49:43.945  9056  9435 I art     : Starting a blocking GC Explicit
08-03 21:49:44.053  9056  9435 I art     : Explicit concurrent mark sweep GC freed 43178(1895KB) AllocSpace objects, 0(0B) LOS objects, 29% free, 37MB/53MB, paused 2.968ms total 107.945ms
08-03 21:49:44.094  9056  9435 I art     : Starting a blocking GC Explicit
08-03 21:49:44.213  9056  9435 I art     : Explicit concurrent mark sweep GC freed 44782(1842KB) AllocSpace objects, 0(0B) LOS objects, 29% free, 37MB/53MB, paused 2.014ms total 118.439ms
08-03 21:49:44.249  9056  9056 I Choreographer: Skipped 59 frames!  The application may be doing too much work on its main thread.
08-03 21:49:44.253  9056  9435 I art     : Starting a blocking GC Explicit
08-03 21:49:44.361  9056  9435 I art     : Explicit concurrent mark sweep GC freed 10150(458KB) AllocSpace objects, 0(0B) LOS objects, 29% free, 37MB/53MB, paused 879us total 106.850ms
08-03 21:49:44.403  9056  9435 I art     : Starting a blocking GC Explicit
08-03 21:49:44.473  9056  9435 I art     : Explicit concurrent mark sweep GC freed 122053(11MB) AllocSpace objects, 3(136KB) LOS objects, 37% free, 26MB/42MB, paused 914us total 69.219ms
08-03 21:49:44.855  9056  9068 I art     : Starting a blocking GC Explicit
08-03 21:49:44.909  9056  9068 I art     : Explicit concurrent mark sweep GC freed 1565(87KB) AllocSpace objects, 1(20KB) LOS objects, 37% free, 26MB/42MB, paused 891us total 53.708ms
08-03 21:49:44.934  9056  9068 I art     : Starting a blocking GC Explicit
08-03 21:49:44.985  9056  9068 I art     : Explicit concurrent mark sweep GC freed 60(1984B) AllocSpace objects, 0(0B) LOS objects, 37% free, 26MB/42MB, paused 1.990ms total 51.084ms
08-03 21:49:45.008  9056  9068 I art     : Starting a blocking GC Explicit
08-03 21:49:45.059  9056  9068 I art     : Explicit concurrent mark sweep GC freed 53(1696B) AllocSpace objects, 0(0B) LOS objects, 37% free, 26MB/42MB, paused 935us total 50.130ms
08-03 21:49:45.081  9056  9068 I art     : Starting a blocking GC Explicit
08-03 21:49:45.130  9056  9068 I art     : Explicit concurrent mark sweep GC freed 16(512B) AllocSpace objects, 0(0B) LOS objects, 37% free, 26MB/42MB, paused 1.238ms total 47.930ms
08-03 21:49:45.154  9056  9068 I art     : Starting a blocking GC Explicit
08-03 21:49:45.204  9056  9068 I art     : Explicit concurrent mark sweep GC freed 4(160B) AllocSpace objects, 0(0B) LOS objects, 37% free, 26MB/42MB, paused 734us total 50.492ms
08-03 21:49:45.577  9056  9269 I art     : Starting a blocking GC Explicit
08-03 21:49:45.649  9056  9269 I art     : Explicit concurrent mark sweep GC freed 1309(76KB) AllocSpace objects, 1(20KB) LOS objects, 37% free, 26MB/42MB, paused 1.085ms total 70.639ms
08-03 21:49:45.674  9056  9269 I art     : Starting a blocking GC Explicit
08-03 21:49:45.725  9056  9269 I art     : Explicit concurrent mark sweep GC freed 25(912B) AllocSpace objects, 0(0B) LOS objects, 37% free, 26MB/42MB, paused 630us total 50.616ms
08-03 21:49:45.725  9056  9067 I art     : WaitForGcToComplete blocked for 51.070ms for cause HeapTrim
08-03 21:49:45.749  9056  9269 I art     : Starting a blocking GC Explicit
08-03 21:49:45.800  9056  9269 I art     : Explicit concurrent mark sweep GC freed 3(96B) AllocSpace objects, 0(0B) LOS objects, 37% free, 26MB/42MB, paused 683us total 51.165ms
08-03 21:49:45.824  9056  9269 I art     : Starting a blocking GC Explicit
08-03 21:49:45.876  9056  9269 I art     : Explicit concurrent mark sweep GC freed 3(96B) AllocSpace objects, 0(0B) LOS objects, 37% free, 26MB/42MB, paused 854us total 52.003ms
08-03 21:49:45.900  9056  9269 I art     : Starting a blocking GC Explicit
08-03 21:49:45.956  9056  9269 I art     : Explicit concurrent mark sweep GC freed 3(96B) AllocSpace objects, 0(0B) LOS objects, 37% free, 26MB/42MB, paused 1.031ms total 55.296ms
08-03 21:49:46.325  9056  9435 I art     : Starting a blocking GC Explicit
08-03 21:49:46.361   518   646 I ThermalEngine: ACTION: GPU - Setting GPU[0] to 450000000
08-03 21:49:46.390  9056  9435 I art     : Explicit concurrent mark sweep GC freed 1292(75KB) AllocSpace objects, 1(20KB) LOS objects, 37% free, 26MB/42MB, paused 515us total 64.793ms
08-03 21:49:46.408  9056  9435 I art     : Starting a blocking GC Explicit
08-03 21:49:46.449  9056  9435 I art     : Explicit concurrent mark sweep GC freed 18(624B) AllocSpace objects, 0(0B) LOS objects, 37% free, 26MB/42MB, paused 490us total 41.094ms
08-03 21:49:46.465  9056  9435 I art     : Starting a blocking GC Explicit
08-03 21:49:46.508  9056  9435 I art     : Explicit concurrent mark sweep GC freed 3(96B) AllocSpace objects, 0(0B) LOS objects, 37% free, 26MB/42MB, paused 561us total 42.637ms
08-03 21:49:46.523  9056  9435 I art     : Starting a blocking GC Explicit
08-03 21:49:46.565  9056  9435 I art     : Explicit concurrent mark sweep GC freed 3(96B) AllocSpace objects, 0(0B) LOS objects, 37% free, 26MB/42MB, paused 478us total 41.617ms
08-03 21:49:46.582  9056  9435 I art     : Starting a blocking GC Explicit
08-03 21:49:46.628  9056  9435 I art     : Explicit concurrent mark sweep GC freed 3(96B) AllocSpace objects, 0(0B) LOS objects, 37% free, 26MB/42MB, paused 559us total 46.102ms
08-03 21:49:46.949  9056  9069 I art     : Starting a blocking GC Explicit
08-03 21:49:46.997  9056  9069 I art     : Explicit concurrent mark sweep GC freed 1292(75KB) AllocSpace objects, 1(20KB) LOS objects, 37% free, 26MB/42MB, paused 506us total 47.588ms
08-03 21:49:47.013  9056  9069 I art     : Starting a blocking GC Explicit
08-03 21:49:47.055  9056  9069 I art     : Explicit concurrent mark sweep GC freed 18(624B) AllocSpace objects, 0(0B) LOS objects, 37% free, 26MB/42MB, paused 537us total 42.099ms
08-03 21:49:47.071  9056  9069 I art     : Starting a blocking GC Explicit
08-03 21:49:47.116  9056  9069 I art     : Explicit concurrent mark sweep GC freed 3(96B) AllocSpace objects, 0(0B) LOS objects, 37% free, 26MB/42MB, paused 496us total 44.698ms
08-03 21:49:47.132  9056  9069 I art     : Starting a blocking GC Explicit
08-03 21:49:47.174  9056  9069 I art     : Explicit concurrent mark sweep GC freed 3(96B) AllocSpace objects, 0(0B) LOS objects, 37% free, 26MB/42MB, paused 485us total 42.300ms
08-03 21:49:47.190  9056  9069 I art     : Starting a blocking GC Explicit
08-03 21:49:47.234  9056  9069 I art     : Explicit concurrent mark sweep GC freed 3(96B) AllocSpace objects, 0(0B) LOS objects, 37% free, 26MB/42MB, paused 498us total 44.232ms
08-03 21:49:47.373 10094 10094 D AndroidRuntime: >>>>>> START com.android.internal.os.RuntimeInit uid 2000 <<<<<<
08-03 21:49:47.379 10094 10094 D AndroidRuntime: CheckJNI is OFF
08-03 21:49:47.420 10094 10094 D ICU     : No timezone override file found: /data/misc/zoneinfo/current/icu/icu_tzdata.dat
08-03 21:49:47.460 10094 10094 I Radio-JNI: register_android_hardware_Radio DONE
08-03 21:49:47.490 10094 10094 D AndroidRuntime: Calling main entry com.android.commands.input.Input
08-03 21:49:47.492 10094 10094 I Input   : injectMotionEvent: MotionEvent { action=ACTION_DOWN, actionButton=0, id[0]=0, x[0]=81.0, y[0]=176.0, toolType[0]=TOOL_TYPE_UNKNOWN, buttonState=0, metaState=0, flags=0x0, edgeFlags=0x0, pointerCount=1, historySize=0, eventTime=654603905, downTime=654603905, deviceId=0, source=0x1002 }
08-03 21:49:47.499 10094 10094 I Input   : injectMotionEvent: MotionEvent { action=ACTION_UP, actionButton=0, id[0]=0, x[0]=81.0, y[0]=176.0, toolType[0]=TOOL_TYPE_UNKNOWN, buttonState=0, metaState=0, flags=0x0, edgeFlags=0x0, pointerCount=1, historySize=0, eventTime=654603905, downTime=654603905, deviceId=0, source=0x1002 }
08-03 21:49:47.505 10094 10094 D AndroidRuntime: Shutting down VM
08-03 21:49:47.520   512  2967 D audio_hw_primary: out_set_parameters: enter: usecase(1: low-latency-playback) kvpairs: routing=2
08-03 21:49:47.533   512  2967 D audio_hw_primary: select_devices: out_snd_device(2: speaker) in_snd_device(0: none)
08-03 21:49:47.533   512  2967 D msm8974_platform: platform_send_audio_calibration: sending audio calibration for snd_device(2) acdb_id(15)
08-03 21:49:47.533   512  2967 I soundtrigger: audio_extn_sound_trigger_update_device_status: device 0x2 of type 0 for Event 1
08-03 21:49:47.543   512  2967 D audio_hw_primary: enable_snd_device: snd_device(2: speaker)
08-03 21:49:47.545   512  2967 D audio_hw_primary: enable_audio_route: apply and update mixer path: low-latency-playback speaker
08-03 21:49:47.553 13866 13866 I GoogleInputMethodServic: GoogleInputMethodService.onFinishInput():3138 
08-03 21:49:47.554 13866 13866 I GoogleInputMethodServic: GoogleInputMethodService.onStartInput():1808 
08-03 21:49:47.579  9056  9269 I art     : Starting a blocking GC Explicit
08-03 21:49:47.622  9056  9269 I art     : Explicit concurrent mark sweep GC freed 1791(98KB) AllocSpace objects, 1(20KB) LOS objects, 37% free, 26MB/42MB, paused 518us total 42.440ms
08-03 21:49:47.638  9056  9269 I art     : Starting a blocking GC Explicit
08-03 21:49:47.677  9056  9269 I art     : Explicit concurrent mark sweep GC freed 182(11KB) AllocSpace objects, 0(0B) LOS objects, 37% free, 26MB/42MB, paused 442us total 38.990ms
08-03 21:49:47.691  9056  9269 I art     : Starting a blocking GC Explicit
08-03 21:49:47.728  9056  9269 I art     : Explicit concurrent mark sweep GC freed 3(96B) AllocSpace objects, 0(0B) LOS objects, 37% free, 26MB/42MB, paused 514us total 36.508ms
08-03 21:49:47.743  9056  9269 I art     : Starting a blocking GC Explicit
08-03 21:49:47.780  9056  9269 I art     : Explicit concurrent mark sweep GC freed 3(96B) AllocSpace objects, 0(0B) LOS objects, 37% free, 26MB/42MB, paused 462us total 37.517ms
08-03 21:49:47.795  9056  9269 I art     : Starting a blocking GC Explicit
08-03 21:49:47.832  9056  9269 I art     : Explicit concurrent mark sweep GC freed 3(96B) AllocSpace objects, 0(0B) LOS objects, 37% free, 26MB/42MB, paused 469us total 36.388ms
08-03 21:49:48.089   512  2967 D audio_hw_primary: disable_audio_route: reset and update mixer path: low-latency-playback speaker
08-03 21:49:48.090   512  2967 D audio_hw_primary: disable_snd_device: snd_device(2: speaker)
08-03 21:49:48.098   512  2967 I soundtrigger: audio_extn_sound_trigger_update_device_status: device 0x2 of type 0 for Event 0
08-03 21:49:48.147  9056  9069 I art     : Starting a blocking GC Explicit
08-03 21:49:48.194  9056  9069 I art     : Explicit concurrent mark sweep GC freed 1310(76KB) AllocSpace objects, 1(20KB) LOS objects, 37% free, 26MB/42MB, paused 522us total 46.924ms
08-03 21:49:48.213  9056  9069 I art     : Starting a blocking GC Explicit
08-03 21:49:48.256  9056  9069 I art     : Explicit concurrent mark sweep GC freed 30(1008B) AllocSpace objects, 0(0B) LOS objects, 37% free, 26MB/42MB, paused 501us total 43.074ms
08-03 21:49:48.272  9056  9069 I art     : Starting a blocking GC Explicit
08-03 21:49:48.314  9056  9069 I art     : Explicit concurrent mark sweep GC freed 3(96B) AllocSpace objects, 0(0B) LOS objects, 37% free, 26MB/42MB, paused 491us total 42.175ms
08-03 21:49:48.330  9056  9069 I art     : Starting a blocking GC Explicit
08-03 21:49:48.373  9056  9069 I art     : Explicit concurrent mark sweep GC freed 3(96B) AllocSpace objects, 0(0B) LOS objects, 37% free, 26MB/42MB, paused 495us total 42.885ms
08-03 21:49:48.389  9056  9069 I art     : Starting a blocking GC Explicit
08-03 21:49:48.432  9056  9069 I art     : Explicit concurrent mark sweep GC freed 3(96B) AllocSpace objects, 0(0B) LOS objects, 37% free, 26MB/42MB, paused 482us total 43.010ms
08-03 21:49:48.762  9056  9068 I art     : Starting a blocking GC Explicit
08-03 21:49:48.809  9056  9068 I art     : Explicit concurrent mark sweep GC freed 1292(75KB) AllocSpace objects, 1(20KB) LOS objects, 37% free, 26MB/42MB, paused 511us total 46.126ms
08-03 21:49:48.824  9056  9068 I art     : Starting a blocking GC Explicit
08-03 21:49:48.865  9056  9068 I art     : Explicit concurrent mark sweep GC freed 18(624B) AllocSpace objects, 0(0B) LOS objects, 37% free, 26MB/42MB, paused 465us total 40.181ms
08-03 21:49:48.880  9056  9068 I art     : Starting a blocking GC Explicit
08-03 21:49:48.920  9056  9068 I art     : Explicit concurrent mark sweep GC freed 3(96B) AllocSpace objects, 0(0B) LOS objects, 37% free, 26MB/42MB, paused 481us total 39.502ms
08-03 21:49:48.935  9056  9068 I art     : Starting a blocking GC Explicit
08-03 21:49:48.975  9056  9068 I art     : Explicit concurrent mark sweep GC freed 3(96B) AllocSpace objects, 0(0B) LOS objects, 37% free, 26MB/42MB, paused 489us total 40.473ms
08-03 21:49:48.991  9056  9068 I art     : Starting a blocking GC Explicit
08-03 21:49:49.032  9056  9068 I art     : Explicit concurrent mark sweep GC freed 3(96B) AllocSpace objects, 0(0B) LOS objects, 37% free, 26MB/42MB, paused 505us total 40.558ms
08-03 21:49:49.273 10146 10146 D AndroidRuntime: >>>>>> START com.android.internal.os.RuntimeInit uid 2000 <<<<<<
08-03 21:49:49.279 10146 10146 D AndroidRuntime: CheckJNI is OFF
08-03 21:49:49.320 10146 10146 D ICU     : No timezone override file found: /data/misc/zoneinfo/current/icu/icu_tzdata.dat
08-03 21:49:49.342  9056  9069 I art     : Starting a blocking GC Explicit
08-03 21:49:49.363 10146 10146 I Radio-JNI: register_android_hardware_Radio DONE
08-03 21:49:49.386  9056  9069 I art     : Explicit concurrent mark sweep GC freed 1318(76KB) AllocSpace objects, 1(20KB) LOS objects, 37% free, 26MB/42MB, paused 488us total 43.380ms
08-03 21:49:49.392 10146 10146 D AndroidRuntime: Calling main entry com.android.commands.input.Input
08-03 21:49:49.394 10146 10146 I Input   : injectMotionEvent: MotionEvent { action=ACTION_DOWN, actionButton=0, id[0]=0, x[0]=436.0, y[0]=1770.0, toolType[0]=TOOL_TYPE_UNKNOWN, buttonState=0, metaState=0, flags=0x0, edgeFlags=0x0, pointerCount=1, historySize=0, eventTime=654605807, downTime=654605807, deviceId=0, source=0x1002 }
08-03 21:49:49.401  9056  9069 I art     : Starting a blocking GC Explicit
08-03 21:49:49.401 10146 10146 I Input   : injectMotionEvent: MotionEvent { action=ACTION_UP, actionButton=0, id[0]=0, x[0]=436.0, y[0]=1770.0, toolType[0]=TOOL_TYPE_UNKNOWN, buttonState=0, metaState=0, flags=0x0, edgeFlags=0x0, pointerCount=1, historySize=0, eventTime=654605807, downTime=654605807, deviceId=0, source=0x1002 }
08-03 21:49:49.403 10146 10146 D AndroidRuntime: Shutting down VM
08-03 21:49:49.406  9056  9056 D MainActivity: NavigationItemSelected: Courses
08-03 21:49:49.407   512  2967 D audio_hw_primary: out_set_parameters: enter: usecase(1: low-latency-playback) kvpairs: routing=2
08-03 21:49:49.408   918  3714 I ActivityManager: START u0 {cmp=baseline.com.ak.uobtimetable/.CourseListActivity} from uid 10641 on display 0
08-03 21:49:49.421   512  2967 D audio_hw_primary: select_devices: out_snd_device(2: speaker) in_snd_device(0: none)
08-03 21:49:49.421   512  2967 D msm8974_platform: platform_send_audio_calibration: sending audio calibration for snd_device(2) acdb_id(15)
08-03 21:49:49.421   512  2967 I soundtrigger: audio_extn_sound_trigger_update_device_status: device 0x2 of type 0 for Event 1
08-03 21:49:49.431   512  2967 D audio_hw_primary: enable_snd_device: snd_device(2: speaker)
08-03 21:49:49.431  9056  9056 D MainActivity: OnPause
08-03 21:49:49.434   512  2967 D audio_hw_primary: enable_audio_route: apply and update mixer path: low-latency-playback speaker
08-03 21:49:49.442  9056  9069 I art     : Explicit concurrent mark sweep GC freed 466(18KB) AllocSpace objects, 0(0B) LOS objects, 37% free, 26MB/42MB, paused 1.420ms total 40.573ms
08-03 21:49:49.458  9056  9069 I art     : Starting a blocking GC Explicit
08-03 21:49:49.472  9056  9056 D CourseListActivity: onCreate
08-03 21:49:49.474  9056 10169 D HTTP    : Request for: https://uob-timetable-api.adriankeenan.co.uk/courses
08-03 21:49:49.498  9056  9069 I art     : Explicit concurrent mark sweep GC freed 2153(125KB) AllocSpace objects, 0(0B) LOS objects, 37% free, 26MB/42MB, paused 635us total 39.604ms
08-03 21:49:49.513  9056  9069 I art     : Starting a blocking GC Explicit
08-03 21:49:49.548   918   936 I ActivityManager: Displayed baseline.com.ak.uobtimetable/.CourseListActivity: +116ms
08-03 21:49:49.549 13866 13866 I GoogleInputMethodServic: GoogleInputMethodService.onFinishInput():3138 
08-03 21:49:49.549 13866 13866 I GoogleInputMethodServic: GoogleInputMethodService.onStartInput():1808 
08-03 21:49:49.554  9056  9069 I art     : Explicit concurrent mark sweep GC freed 623(33KB) AllocSpace objects, 0(0B) LOS objects, 37% free, 26MB/42MB, paused 896us total 40.748ms
08-03 21:49:49.571  9056  9069 I art     : Starting a blocking GC Explicit
08-03 21:49:49.614  9056  9069 I art     : Explicit concurrent mark sweep GC freed 767(62KB) AllocSpace objects, 2(120KB) LOS objects, 37% free, 26MB/42MB, paused 864us total 41.768ms
08-03 21:49:49.679  9056 10169 I NAPPA_EXPERIMENTATION: MetricNetworkRequestExecutionTime: REQUEST_DURATION_SYSTEM='204',REQUEST_DURATION_OKHTTP='41',REQUEST_SYNCHRONOUS='TRUE',RESPONSE_CODE='200',RESPONSE_METHOD='GET',RESPONSE_LENGTH_OKHTTP='-1',RESPONSE_LENGTH_HEADER='-2',REQUEST_PROTOCOL='http/1.1',REQUEST_URL='https://uob-timetable-api.adriankeenan.co.uk/courses',
08-03 21:49:49.915  9056  9269 I art     : Waiting for a blocking GC Explicit
08-03 21:49:49.923  9056  9056 D MainActivity: Saving state
08-03 21:49:49.924  9056  9056 D MainActivity: Saving current fragment: SessionListsFragment
08-03 21:49:49.924  9056  9056 D MainActivity: Saving current index: 1
08-03 21:49:49.925  9056  9056 D SessionListsFragment: Saving state
08-03 21:49:49.925  9056  9269 I art     : WaitForGcToComplete blocked for 10.200ms for cause Explicit
08-03 21:49:49.925  9056  9269 I art     : Starting a blocking GC Explicit
08-03 21:49:49.964  9056  9269 I art     : Explicit concurrent mark sweep GC freed 2075(5MB) AllocSpace objects, 2(100KB) LOS objects, 24% free, 48MB/64MB, paused 547us total 39.141ms
08-03 21:49:49.978   512  2967 D audio_hw_primary: disable_audio_route: reset and update mixer path: low-latency-playback speaker
08-03 21:49:49.979  9056  9269 I art     : Starting a blocking GC Explicit
08-03 21:49:49.979   512  2967 D audio_hw_primary: disable_snd_device: snd_device(2: speaker)
08-03 21:49:49.987   512  2967 I soundtrigger: audio_extn_sound_trigger_update_device_status: device 0x2 of type 0 for Event 0
08-03 21:49:50.015  9056  9269 I art     : Explicit concurrent mark sweep GC freed 68(14KB) AllocSpace objects, 0(0B) LOS objects, 24% free, 48MB/64MB, paused 564us total 35.920ms
08-03 21:49:50.030  9056  9269 I art     : Starting a blocking GC Explicit
08-03 21:49:50.067  9056  9269 I art     : Explicit concurrent mark sweep GC freed 30(1152B) AllocSpace objects, 0(0B) LOS objects, 24% free, 48MB/64MB, paused 602us total 37.305ms
08-03 21:49:50.082  9056  9269 I art     : Starting a blocking GC Explicit
08-03 21:49:50.137  9056 10169 I HTTP    : Response was compressed.
08-03 21:49:50.140  9056  9269 I art     : Explicit concurrent mark sweep GC freed 123(5KB) AllocSpace objects, 0(0B) LOS objects, 20% free, 63MB/79MB, paused 767us total 58.263ms
08-03 21:49:50.155  9056  9269 I art     : Starting a blocking GC Explicit
08-03 21:49:50.205  9056  9269 I art     : Explicit concurrent mark sweep GC freed 25389(1179KB) AllocSpace objects, 2(22MB) LOS objects, 27% free, 41MB/57MB, paused 891us total 49.898ms
08-03 21:49:50.493   918  3188 I hubconnection: sensorhub said: 'set_bias 3: -6.2400, 0.0000, 0.0000'
08-03 21:49:50.524  9056  9068 I art     : Starting a blocking GC Explicit
08-03 21:49:50.589  9056  9068 I art     : Explicit concurrent mark sweep GC freed 176903(8MB) AllocSpace objects, 1(20KB) LOS objects, 26% free, 43MB/59MB, paused 841us total 64.743ms
08-03 21:49:50.607  9056  9068 I art     : Starting a blocking GC Explicit
08-03 21:49:50.655  9056  9068 I art     : Explicit concurrent mark sweep GC freed 36595(1719KB) AllocSpace objects, 0(0B) LOS objects, 26% free, 43MB/59MB, paused 917us total 48.559ms
08-03 21:49:50.672  9056  9068 I art     : Starting a blocking GC Explicit
08-03 21:49:50.722  9056  9068 I art     : Explicit concurrent mark sweep GC freed 31961(1499KB) AllocSpace objects, 0(0B) LOS objects, 26% free, 43MB/59MB, paused 1.081ms total 49.759ms
08-03 21:49:50.739  9056  9068 I art     : Starting a blocking GC Explicit
08-03 21:49:50.790  9056  9068 I art     : Explicit concurrent mark sweep GC freed 31795(1510KB) AllocSpace objects, 0(0B) LOS objects, 26% free, 43MB/59MB, paused 991us total 50.731ms
08-03 21:49:50.807  9056  9068 I art     : Starting a blocking GC Explicit
08-03 21:49:50.860  9056  9068 I art     : Explicit concurrent mark sweep GC freed 31270(1474KB) AllocSpace objects, 0(0B) LOS objects, 26% free, 43MB/59MB, paused 1.066ms total 52.155ms
08-03 21:49:50.860  9056  9067 I art     : WaitForGcToComplete blocked for 52.434ms for cause HeapTrim
08-03 21:49:51.186  9056  9435 I art     : Starting a blocking GC Explicit
08-03 21:49:51.259  9056  9435 I art     : Explicit concurrent mark sweep GC freed 177483(8MB) AllocSpace objects, 1(20KB) LOS objects, 25% free, 45MB/61MB, paused 940us total 72.955ms
08-03 21:49:51.280  9056  9435 I art     : Starting a blocking GC Explicit
08-03 21:49:51.335  9056  9435 I art     : Explicit concurrent mark sweep GC freed 40018(1869KB) AllocSpace objects, 0(0B) LOS objects, 25% free, 45MB/61MB, paused 1.086ms total 54.878ms
08-03 21:49:51.353  9056  9435 I art     : Starting a blocking GC Explicit
08-03 21:49:51.410  9056  9435 I art     : Explicit concurrent mark sweep GC freed 35276(1648KB) AllocSpace objects, 0(0B) LOS objects, 25% free, 45MB/61MB, paused 1.228ms total 56.783ms
08-03 21:49:51.427   918  3261 D WifiStateMachine: starting scan for "H369AA63323"WPA_PSK with 2412,5180
08-03 21:49:51.428  9056  9435 I art     : Starting a blocking GC Explicit
08-03 21:49:51.486  9056  9435 I art     : Explicit concurrent mark sweep GC freed 33251(1556KB) AllocSpace objects, 0(0B) LOS objects, 25% free, 46MB/62MB, paused 1.296ms total 57.895ms
08-03 21:49:51.504  9056  9435 I art     : Starting a blocking GC Explicit
08-03 21:49:51.563  9056  9435 I art     : Explicit concurrent mark sweep GC freed 34771(1645KB) AllocSpace objects, 0(0B) LOS objects, 25% free, 46MB/62MB, paused 1.306ms total 58.506ms
08-03 21:49:51.881  9056  9269 I art     : Starting a blocking GC Explicit
08-03 21:49:51.965  9056  9269 I art     : Explicit concurrent mark sweep GC freed 179295(8MB) AllocSpace objects, 1(20KB) LOS objects, 24% free, 48MB/64MB, paused 1.049ms total 84.134ms
08-03 21:49:51.987  9056  9269 I art     : Starting a blocking GC Explicit
08-03 21:49:52.049  9056  9269 I art     : Explicit concurrent mark sweep GC freed 45301(2MB) AllocSpace objects, 0(0B) LOS objects, 24% free, 48MB/64MB, paused 1.189ms total 62.281ms
08-03 21:49:52.069  9056  9269 I art     : Starting a blocking GC Explicit
08-03 21:49:52.133  9056  9269 I art     : Explicit concurrent mark sweep GC freed 38125(1790KB) AllocSpace objects, 0(0B) LOS objects, 24% free, 48MB/64MB, paused 1.283ms total 63.557ms
08-03 21:49:52.153  9056  9269 I art     : Starting a blocking GC Explicit
08-03 21:49:52.217  9056  9269 I art     : Explicit concurrent mark sweep GC freed 38579(1803KB) AllocSpace objects, 0(0B) LOS objects, 24% free, 48MB/64MB, paused 1.357ms total 63.902ms
08-03 21:49:52.237  9056  9269 I art     : Starting a blocking GC Explicit
08-03 21:49:52.305  9056  9269 I art     : Explicit concurrent mark sweep GC freed 39709(1929KB) AllocSpace objects, 0(0B) LOS objects, 24% free, 48MB/64MB, paused 1.507ms total 67.294ms
08-03 21:49:52.371   518   646 I ThermalEngine: ACTION: GPU - Setting GPU[0] to 390000000
08-03 21:49:52.644  9056  9068 I art     : Starting a blocking GC Explicit
08-03 21:49:52.774  9056  9068 I art     : Explicit concurrent mark sweep GC freed 200192(9MB) AllocSpace objects, 1(20KB) LOS objects, 23% free, 50MB/66MB, paused 1.969ms total 129.751ms
08-03 21:49:52.810  9056  9068 I art     : Starting a blocking GC Explicit
08-03 21:49:52.919  9056  9068 I art     : Explicit concurrent mark sweep GC freed 72066(3MB) AllocSpace objects, 0(0B) LOS objects, 23% free, 50MB/66MB, paused 2.268ms total 109.319ms
08-03 21:49:52.954  9056  9068 I art     : Starting a blocking GC Explicit
08-03 21:49:53.075  9056  9068 I art     : Explicit concurrent mark sweep GC freed 70041(3MB) AllocSpace objects, 0(0B) LOS objects, 23% free, 51MB/67MB, paused 2.255ms total 120.680ms
08-03 21:49:53.117  9056  9068 I art     : Starting a blocking GC Explicit
08-03 21:49:53.246  9056  9068 I art     : Explicit concurrent mark sweep GC freed 76214(3MB) AllocSpace objects, 0(0B) LOS objects, 23% free, 52MB/68MB, paused 2.515ms total 129.499ms
08-03 21:49:53.282  9056  9068 I art     : Starting a blocking GC Explicit
08-03 21:49:53.398  9056  9068 I art     : Explicit concurrent mark sweep GC freed 68794(3MB) AllocSpace objects, 0(0B) LOS objects, 23% free, 52MB/68MB, paused 2.319ms total 115.621ms
08-03 21:49:53.415  9056 10169 I Service : getCourses response time: 0.69
08-03 21:49:53.426  9056  9056 I SettingsManager: Getting string: savedCourse
08-03 21:49:53.654  9056  9069 I art     : Starting a blocking GC Explicit
08-03 21:49:53.786  9056  9069 I art     : Explicit concurrent mark sweep GC freed 16659(842KB) AllocSpace objects, 2(15MB) LOS objects, 29% free, 37MB/53MB, paused 875us total 131.533ms
08-03 21:49:53.829  9056  9069 I art     : Starting a blocking GC Explicit
08-03 21:49:53.955  9056  9069 I art     : Explicit concurrent mark sweep GC freed 771(67KB) AllocSpace objects, 0(0B) LOS objects, 29% free, 37MB/53MB, paused 919us total 126.119ms
08-03 21:49:54.000  9056  9069 I art     : Starting a blocking GC Explicit
08-03 21:49:54.112  9056  9069 I art     : Explicit concurrent mark sweep GC freed 3(96B) AllocSpace objects, 0(0B) LOS objects, 29% free, 37MB/53MB, paused 982us total 111.403ms
08-03 21:49:54.158  9056  9069 I art     : Starting a blocking GC Explicit
08-03 21:49:54.278  9056  9069 I art     : Explicit concurrent mark sweep GC freed 3(96B) AllocSpace objects, 0(0B) LOS objects, 29% free, 37MB/53MB, paused 1.104ms total 119.537ms
08-03 21:49:54.321  9056  9069 I art     : Starting a blocking GC Explicit
08-03 21:49:54.431  9056  9069 I art     : Explicit concurrent mark sweep GC freed 3(96B) AllocSpace objects, 0(0B) LOS objects, 29% free, 37MB/53MB, paused 700us total 110.189ms
08-03 21:49:54.689  9056  9068 I art     : Starting a blocking GC Explicit
08-03 21:49:54.831  9056  9068 I art     : Explicit concurrent mark sweep GC freed 1292(75KB) AllocSpace objects, 1(20KB) LOS objects, 29% free, 37MB/53MB, paused 1.207ms total 141.103ms
08-03 21:49:54.874  9056  9068 I art     : Starting a blocking GC Explicit
08-03 21:49:54.894  7501  7501 I ServiceManager: Waiting for service AtCmdFwd...
08-03 21:49:54.991  9056  9068 I art     : Explicit concurrent mark sweep GC freed 18(624B) AllocSpace objects, 0(0B) LOS objects, 29% free, 37MB/53MB, paused 836us total 116.370ms
08-03 21:49:55.032  9056  9068 I art     : Starting a blocking GC Explicit
08-03 21:49:55.145  9056  9068 I art     : Explicit concurrent mark sweep GC freed 6(224B) AllocSpace objects, 0(0B) LOS objects, 29% free, 37MB/53MB, paused 934us total 112.798ms
08-03 21:49:55.186  9056  9068 I art     : Starting a blocking GC Explicit
08-03 21:49:55.305  9056  9068 I art     : Explicit concurrent mark sweep GC freed 3(96B) AllocSpace objects, 0(0B) LOS objects, 29% free, 37MB/53MB, paused 1.110ms total 118.003ms
08-03 21:49:55.355  9056  9068 I art     : Starting a blocking GC Explicit
08-03 21:49:55.376   518   646 I ThermalEngine: ACTION: GPU - Setting GPU[0] to 450000000
08-03 21:49:55.434  9056  9068 I art     : Explicit concurrent mark sweep GC freed 3(96B) AllocSpace objects, 0(0B) LOS objects, 29% free, 37MB/53MB, paused 513us total 78.850ms
08-03 21:49:55.799  9056  9435 I art     : Starting a blocking GC Explicit
08-03 21:49:55.886  9056  9435 I art     : Explicit concurrent mark sweep GC freed 1292(75KB) AllocSpace objects, 1(20KB) LOS objects, 29% free, 37MB/53MB, paused 536us total 86.660ms
08-03 21:49:55.894  7501  7501 I ServiceManager: Waiting for service AtCmdFwd...
08-03 21:49:55.910  9056  9435 I art     : Starting a blocking GC Explicit
08-03 21:49:55.989  9056  9435 I art     : Explicit concurrent mark sweep GC freed 18(624B) AllocSpace objects, 0(0B) LOS objects, 29% free, 37MB/53MB, paused 545us total 78.902ms
08-03 21:49:56.014  9056  9435 I art     : Starting a blocking GC Explicit
08-03 21:49:56.086  9056  9435 I art     : Explicit concurrent mark sweep GC freed 3(96B) AllocSpace objects, 0(0B) LOS objects, 29% free, 37MB/53MB, paused 553us total 71.596ms
08-03 21:49:56.110  9056  9435 I art     : Starting a blocking GC Explicit
08-03 21:49:56.189  9056  9435 I art     : Explicit concurrent mark sweep GC freed 3(96B) AllocSpace objects, 0(0B) LOS objects, 29% free, 37MB/53MB, paused 585us total 78.200ms
08-03 21:49:56.213  9056  9435 I art     : Starting a blocking GC Explicit
08-03 21:49:56.234 10244 10244 D AndroidRuntime: >>>>>> START com.android.internal.os.RuntimeInit uid 2000 <<<<<<
08-03 21:49:56.240 10244 10244 D AndroidRuntime: CheckJNI is OFF
08-03 21:49:56.284 10244 10244 D ICU     : No timezone override file found: /data/misc/zoneinfo/current/icu/icu_tzdata.dat
08-03 21:49:56.289  9056  9435 I art     : Explicit concurrent mark sweep GC freed 3(96B) AllocSpace objects, 0(0B) LOS objects, 29% free, 37MB/53MB, paused 555us total 75.727ms
08-03 21:49:56.290  9056  9067 I art     : WaitForGcToComplete blocked for 30.025ms for cause HeapTrim
08-03 21:49:56.331 10244 10244 I Radio-JNI: register_android_hardware_Radio DONE
08-03 21:49:56.361 10244 10244 D AndroidRuntime: Calling main entry com.android.commands.input.Input
08-03 21:49:56.363 10244 10244 I Input   : injectMotionEvent: MotionEvent { action=ACTION_DOWN, actionButton=0, id[0]=0, x[0]=648.0, y[0]=709.0, toolType[0]=TOOL_TYPE_UNKNOWN, buttonState=0, metaState=0, flags=0x0, edgeFlags=0x0, pointerCount=1, historySize=0, eventTime=654612775, downTime=654612775, deviceId=0, source=0x1002 }
08-03 21:49:56.369 10244 10244 I Input   : injectMotionEvent: MotionEvent { action=ACTION_UP, actionButton=0, id[0]=0, x[0]=648.0, y[0]=709.0, toolType[0]=TOOL_TYPE_UNKNOWN, buttonState=0, metaState=0, flags=0x0, edgeFlags=0x0, pointerCount=1, historySize=0, eventTime=654612775, downTime=654612775, deviceId=0, source=0x1002 }
08-03 21:49:56.371 10244 10244 D AndroidRuntime: Shutting down VM
08-03 21:49:56.437   512  2967 D audio_hw_primary: out_set_parameters: enter: usecase(1: low-latency-playback) kvpairs: routing=2
08-03 21:49:56.451   512  2967 D audio_hw_primary: select_devices: out_snd_device(2: speaker) in_snd_device(0: none)
08-03 21:49:56.451   512  2967 D msm8974_platform: platform_send_audio_calibration: sending audio calibration for snd_device(2) acdb_id(15)
08-03 21:49:56.451   512  2967 I soundtrigger: audio_extn_sound_trigger_update_device_status: device 0x2 of type 0 for Event 1
08-03 21:49:56.464   512  2967 D audio_hw_primary: enable_snd_device: snd_device(2: speaker)
08-03 21:49:56.466   512  2967 D audio_hw_primary: enable_audio_route: apply and update mixer path: low-latency-playback speaker
08-03 21:49:56.604  9056  9068 I art     : Starting a blocking GC Explicit
08-03 21:49:56.702  9056  9068 I art     : Explicit concurrent mark sweep GC freed 2057(133KB) AllocSpace objects, 2(40KB) LOS objects, 29% free, 37MB/53MB, paused 539us total 97.726ms
08-03 21:49:56.732  9056  9068 I art     : Starting a blocking GC Explicit
08-03 21:49:56.813  9056  9068 I art     : Explicit concurrent mark sweep GC freed 149(6KB) AllocSpace objects, 0(0B) LOS objects, 29% free, 37MB/53MB, paused 516us total 80.668ms
08-03 21:49:56.841  9056  9068 I art     : Starting a blocking GC Explicit
08-03 21:49:56.895  7501  7501 I ServiceManager: Waiting for service AtCmdFwd...
08-03 21:49:56.918  9056  9068 I art     : Explicit concurrent mark sweep GC freed 9(320B) AllocSpace objects, 0(0B) LOS objects, 29% free, 37MB/53MB, paused 501us total 77.302ms
08-03 21:49:56.945  9056  9068 I art     : Starting a blocking GC Explicit
08-03 21:49:57.000   512  2967 D audio_hw_primary: disable_audio_route: reset and update mixer path: low-latency-playback speaker
08-03 21:49:57.001   512  2967 D audio_hw_primary: disable_snd_device: snd_device(2: speaker)
08-03 21:49:57.010   512  2967 I soundtrigger: audio_extn_sound_trigger_update_device_status: device 0x2 of type 0 for Event 0
08-03 21:49:57.029  9056  9068 I art     : Explicit concurrent mark sweep GC freed 5(160B) AllocSpace objects, 0(0B) LOS objects, 29% free, 37MB/53MB, paused 502us total 83.738ms
08-03 21:49:57.056  9056  9068 I art     : Starting a blocking GC Explicit
08-03 21:49:57.139  9056  9068 I art     : Explicit concurrent mark sweep GC freed 3(96B) AllocSpace objects, 0(0B) LOS objects, 29% free, 37MB/53MB, paused 486us total 82.569ms
08-03 21:49:57.464  9056  9269 I art     : Starting a blocking GC Explicit
08-03 21:49:57.556  9056  9269 I art     : Explicit concurrent mark sweep GC freed 1294(75KB) AllocSpace objects, 1(20KB) LOS objects, 29% free, 37MB/53MB, paused 504us total 91.577ms
08-03 21:49:57.580  9056  9269 I art     : Starting a blocking GC Explicit
08-03 21:49:57.654  9056  9269 I art     : Explicit concurrent mark sweep GC freed 20(688B) AllocSpace objects, 0(0B) LOS objects, 29% free, 37MB/53MB, paused 528us total 73.800ms
08-03 21:49:57.678  9056  9269 I art     : Starting a blocking GC Explicit
08-03 21:49:57.751  9056  9269 I art     : Explicit concurrent mark sweep GC freed 3(96B) AllocSpace objects, 0(0B) LOS objects, 29% free, 37MB/53MB, paused 508us total 73.158ms
08-03 21:49:57.775  9056  9269 I art     : Starting a blocking GC Explicit
08-03 21:49:57.848  9056  9269 I art     : Explicit concurrent mark sweep GC freed 3(96B) AllocSpace objects, 0(0B) LOS objects, 29% free, 37MB/53MB, paused 549us total 73.402ms
08-03 21:49:57.872  9056  9269 I art     : Starting a blocking GC Explicit
08-03 21:49:57.895  7501  7501 I ServiceManager: Waiting for service AtCmdFwd...
08-03 21:49:57.947  9056  9269 I art     : Explicit concurrent mark sweep GC freed 3(96B) AllocSpace objects, 0(0B) LOS objects, 29% free, 37MB/53MB, paused 530us total 74.788ms
08-03 21:49:58.150 10285 10285 D AndroidRuntime: >>>>>> START com.android.internal.os.RuntimeInit uid 2000 <<<<<<
08-03 21:49:58.158 10285 10285 D AndroidRuntime: CheckJNI is OFF
08-03 21:49:58.201 10285 10285 D ICU     : No timezone override file found: /data/misc/zoneinfo/current/icu/icu_tzdata.dat
08-03 21:49:58.243 10285 10285 I Radio-JNI: register_android_hardware_Radio DONE
08-03 21:49:58.273 10285 10285 D AndroidRuntime: Calling main entry com.android.commands.input.Input
08-03 21:49:58.275 10285 10285 I Input   : injectMotionEvent: MotionEvent { action=ACTION_DOWN, actionButton=0, id[0]=0, x[0]=1197.0, y[0]=1456.0, toolType[0]=TOOL_TYPE_UNKNOWN, buttonState=0, metaState=0, flags=0x0, edgeFlags=0x0, pointerCount=1, historySize=0, eventTime=654614688, downTime=654614688, deviceId=0, source=0x1002 }
08-03 21:49:58.283 10285 10285 I Input   : injectMotionEvent: MotionEvent { action=ACTION_UP, actionButton=0, id[0]=0, x[0]=1197.0, y[0]=1456.0, toolType[0]=TOOL_TYPE_UNKNOWN, buttonState=0, metaState=0, flags=0x0, edgeFlags=0x0, pointerCount=1, historySize=0, eventTime=654614688, downTime=654614688, deviceId=0, source=0x1002 }
08-03 21:49:58.286 10285 10285 D AndroidRuntime: Shutting down VM
08-03 21:49:58.294  9056  9435 I art     : Starting a blocking GC Explicit
08-03 21:49:58.302   512  2967 D audio_hw_primary: out_set_parameters: enter: usecase(1: low-latency-playback) kvpairs: routing=2
08-03 21:49:58.316   512  2967 D audio_hw_primary: select_devices: out_snd_device(2: speaker) in_snd_device(0: none)
08-03 21:49:58.316   512  2967 D msm8974_platform: platform_send_audio_calibration: sending audio calibration for snd_device(2) acdb_id(15)
08-03 21:49:58.316   512  2967 I soundtrigger: audio_extn_sound_trigger_update_device_status: device 0x2 of type 0 for Event 1
08-03 21:49:58.326   512  2967 D audio_hw_primary: enable_snd_device: snd_device(2: speaker)
08-03 21:49:58.328   512  2967 D audio_hw_primary: enable_audio_route: apply and update mixer path: low-latency-playback speaker
08-03 21:49:58.368  9056  9071 D OpenGLRenderer: endAllStagingAnimators on 0x7f809ff000 (RippleDrawable) with handle 0x7f78df50e0
08-03 21:49:58.372  9056  9435 I art     : Explicit concurrent mark sweep GC freed 1626(93KB) AllocSpace objects, 1(20KB) LOS objects, 29% free, 37MB/53MB, paused 526us total 77.912ms
08-03 21:49:58.377  9056  9056 I SettingsManager: Setting string: savedCourse
08-03 21:49:58.377   918   928 W BackupManagerService: dataChanged but no participant pkg='baseline.com.ak.uobtimetable' uid=10641
08-03 21:49:58.378   918  4413 I ActivityManager: START u0 {flg=0x4000000 cmp=baseline.com.ak.uobtimetable/.MainActivity (has extras)} from uid 10641 on display 0
08-03 21:49:58.393   918  6112 W InputMethodManagerService: Focus gain on non-focused client com.android.internal.view.IInputMethodClient$Stub$Proxy@178cbd9 (uid=10641 pid=9056)
08-03 21:49:58.396  9056  9435 I art     : Starting a blocking GC Explicit
08-03 21:49:58.408  9056  9056 D MainActivity: OnDestroy
08-03 21:49:58.432  9056  9056 D MainActivity: onCreate
08-03 21:49:58.432  9056  9056 I SettingsManager: Getting string: savedSessions
08-03 21:49:58.432  9056  9056 I SettingsManager: Getting string: savedSessions
08-03 21:49:58.443  9056  9056 I SettingsManager: Getting string: savedSessionsCourseName
08-03 21:49:58.443  9056  9056 I SettingsManager: Getting string: savedSessionsCourseName
08-03 21:49:58.443  9056  9056 I SettingsManager: Getting string: savedSessionsDateRange
08-03 21:49:58.443  9056  9056 I SettingsManager: Getting string: savedSessionsDateRange
08-03 21:49:58.443  9056  9056 I Settings: 15 saved sessions - Artificial Intelligence and Robotics (with Foundation Year) - BSc (Hons) - Ltn - Y0 Feb FT - Weeks: 24-38 (8 Jun 2020-20 Sep 2020)
08-03 21:49:58.469  9056  9435 I art     : Explicit concurrent mark sweep GC freed 11457(526KB) AllocSpace objects, 0(0B) LOS objects, 29% free, 37MB/53MB, paused 759us total 72.762ms
08-03 21:49:58.487  9056  9056 I SettingsManager: Getting string: savedCourse
08-03 21:49:58.488  9056  9056 D MainActivity: sessionListFragmentArg: updateSessions
08-03 21:49:58.488  9056  9056 D MainActivity: showTermDatesConfigChange: false
08-03 21:49:58.488  9056  9056 D MainActivity: showTermDatesShortcut: false
08-03 21:49:58.489  9056  9056 D MainActivity: Setting initial fragment: SessionListsFragment
08-03 21:49:58.490  9056  9056 I SettingsManager: Getting int: launchCount
08-03 21:49:58.491  9056  9056 D SessionListsFragment: onCreateView
08-03 21:49:58.493  9056  9435 I art     : Starting a blocking GC Explicit
08-03 21:49:58.497  9056  9056 I SettingsManager: Getting string: savedCourse
08-03 21:49:58.502  9056  9056 I SettingsManager: Getting string: savedSessions
08-03 21:49:58.512  9056  9056 D SessionListsFragment: loadArgument: updateSessions
08-03 21:49:58.513  9056  9056 D SessionListsFragment: initialIndex: -1
08-03 21:49:58.515  9056 10310 D HTTP    : Request for: https://uob-timetable-api.adriankeenan.co.uk/sessions?dept=CM010&course=BSAIFAAF%2F02AA%2F0%2FFT&level=Foundation+Year
08-03 21:49:58.528  9056  9056 D TermDatesFragment: WebView loaded
08-03 21:49:58.529  9056  9056 D MainActivity: OnResume
08-03 21:49:58.538  9056  9056 I TermDatesFragment: Webview load %: 10
08-03 21:49:58.568  9056  9435 I art     : Explicit concurrent mark sweep GC freed 10725(525KB) AllocSpace objects, 3(1380KB) LOS objects, 29% free, 37MB/53MB, paused 1.133ms total 74.973ms
08-03 21:49:58.593  9056  9435 I art     : Starting a blocking GC Explicit
08-03 21:49:58.633 13866 13866 I GoogleInputMethodServic: GoogleInputMethodService.onFinishInput():3138 
08-03 21:49:58.633   918   936 I ActivityManager: Displayed baseline.com.ak.uobtimetable/.MainActivity: +238ms
08-03 21:49:58.633 13866 13866 I GoogleInputMethodServic: GoogleInputMethodService.onStartInput():1808 
08-03 21:49:58.652  9056  9435 I art     : Explicit concurrent mark sweep GC freed 38166(1674KB) AllocSpace objects, 5(192KB) LOS objects, 30% free, 36MB/52MB, paused 895us total 58.828ms
08-03 21:49:58.673  9056  9435 I art     : Starting a blocking GC Explicit
08-03 21:49:58.726  9056  9435 I art     : Explicit concurrent mark sweep GC freed 798(64KB) AllocSpace objects, 0(0B) LOS objects, 30% free, 36MB/52MB, paused 735us total 53.585ms
08-03 21:49:58.799  9056  9056 I TermDatesFragment: Webview load %: 70
08-03 21:49:58.813  9056  9056 I TermDatesFragment: Webview load %: 100
08-03 21:49:58.813  9056  9056 I TermDatesFragment: Webview load %: 100
08-03 21:49:58.820  9056 10310 I NAPPA_EXPERIMENTATION: MetricNetworkRequestExecutionTime: REQUEST_DURATION_SYSTEM='302',REQUEST_DURATION_OKHTTP='64',REQUEST_SYNCHRONOUS='TRUE',RESPONSE_CODE='200',RESPONSE_METHOD='GET',RESPONSE_LENGTH_OKHTTP='-1',RESPONSE_LENGTH_HEADER='1214',REQUEST_PROTOCOL='http/1.1',REQUEST_URL='https://uob-timetable-api.adriankeenan.co.uk/sessions?dept=CM010&course=BSAIFAAF%2F02AA%2F0%2FFT&level=Foundation+Year',
08-03 21:49:58.877  9056 10310 I HTTP    : Response was compressed.
08-03 21:49:58.879   512  2967 D audio_hw_primary: disable_audio_route: reset and update mixer path: low-latency-playback speaker
08-03 21:49:58.882   512  2967 D audio_hw_primary: disable_snd_device: snd_device(2: speaker)
08-03 21:49:58.892   512  2967 I soundtrigger: audio_extn_sound_trigger_update_device_status: device 0x2 of type 0 for Event 0
08-03 21:49:58.896  9056 10310 I Service : getSessions response time: 1.10
08-03 21:49:58.896  7501  7501 I ServiceManager: Waiting for service AtCmdFwd...
08-03 21:49:58.914  9056  9056 I SettingsManager: Getting string: savedSessions
08-03 21:49:58.915  9056  9056 I SettingsManager: Getting string: savedSessions
08-03 21:49:58.930  9056  9056 I Service : Sessions updated: 15
08-03 21:49:58.931  9056  9056 I Service : Sessions removed from new list: 0
08-03 21:49:58.942  9056  9056 I SettingsManager: Setting string: savedSessions
08-03 21:49:58.942   918  5952 W BackupManagerService: dataChanged but no participant pkg='baseline.com.ak.uobtimetable' uid=10641
08-03 21:49:58.942  9056  9056 I SettingsManager: Setting date: savedSessionsTime
08-03 21:49:58.950   918  3696 W BackupManagerService: dataChanged but no participant pkg='baseline.com.ak.uobtimetable' uid=10641
08-03 21:49:58.950  9056  9056 I SettingsManager: Setting string: savedSessionsCourseName
08-03 21:49:58.951   918  6110 W BackupManagerService: dataChanged but no participant pkg='baseline.com.ak.uobtimetable' uid=10641
08-03 21:49:58.951  9056  9056 I SettingsManager: Setting string: savedSessionsDateRange
08-03 21:49:58.951   918  5481 W BackupManagerService: dataChanged but no participant pkg='baseline.com.ak.uobtimetable' uid=10641
08-03 21:49:58.951  9056  9056 I SettingsManager: Setting string: timetableUrl
08-03 21:49:58.951   918  3359 W BackupManagerService: dataChanged but no participant pkg='baseline.com.ak.uobtimetable' uid=10641
08-03 21:49:58.952  9056  9056 I SettingsManager: Getting boolean: notifySessionRemindersEnabled
08-03 21:49:58.952  9056  9056 I SettingsManager: Getting int: notifySessionRemindersMinutes
08-03 21:49:58.952  9056  9056 I SettingsManager: Getting boolean: showHiddenSessions
08-03 21:49:58.954  9056  9056 I SessionReminderNotifier: Created session reminder alarm for f7b4771250a919bd729c1c5a4a459c77 at Mon 08:30:00 10/08/20
08-03 21:49:58.955  9056  9056 I SessionReminderNotifier: Created session reminder alarm for a7f879aabdeb78622c8820a5fb7b64cd at Tue 08:30:00 04/08/20
08-03 21:49:58.957  9056  9056 I SessionReminderNotifier: Created session reminder alarm for 7bc8d7e2c2055711f597c3d9078c6ea3 at Tue 08:30:00 04/08/20
08-03 21:49:58.959  9056  9056 I SessionReminderNotifier: Created session reminder alarm for 53c0527a6f009a1f2fd223834d3bfe51 at Tue 10:30:00 04/08/20
08-03 21:49:58.961  9056  9056 I SessionReminderNotifier: Created session reminder alarm for e0fc978b5db8218778540b4053344581 at Tue 11:00:00 04/08/20
08-03 21:49:58.963  9056  9056 I SessionReminderNotifier: Created session reminder alarm for 199afb0100f329ff65a09e1b0cd9deba at Tue 11:30:00 04/08/20
08-03 21:49:58.965  9056  9056 I SessionReminderNotifier: Created session reminder alarm for 21712fef61090882c855a1425543edb5 at Tue 13:30:00 04/08/20
08-03 21:49:58.966  9056  9056 I SessionReminderNotifier: Created session reminder alarm for 65ca4d97f031f29a4d02bbb45a705d8f at Wed 08:30:00 05/08/20
08-03 21:49:58.969  9056  9056 I SessionReminderNotifier: Created session reminder alarm for eeda7741b0bcab58fd9f46dc6ef1d942 at Wed 08:30:00 05/08/20
08-03 21:49:58.970  9056  9056 I SessionReminderNotifier: Created session reminder alarm for c276c1b2075a0beb67f1b3d1e580f920 at Wed 11:00:00 05/08/20
08-03 21:49:58.972  9056  9056 I SessionReminderNotifier: Created session reminder alarm for 8b1f3627e42ae13a6f6ba0a83903dde1 at Wed 13:30:00 05/08/20
08-03 21:49:58.974  9056  9056 I SessionReminderNotifier: Created session reminder alarm for 79fe0b5c3b887a13ba29db5a33fa2800 at Thu 08:30:00 06/08/20
08-03 21:49:58.976  9056  9056 I SessionReminderNotifier: Created session reminder alarm for cb9dfc8231cdba2be0835dc5709690e1 at Thu 08:30:00 06/08/20
08-03 21:49:58.977  9056  9056 I SessionReminderNotifier: Created session reminder alarm for f850dc24d6de60b7b89fa9e1a8c224c5 at Thu 12:00:00 06/08/20
08-03 21:49:58.979  9056  9056 I SessionReminderNotifier: Created session reminder alarm for 2ba1034116e4fffdd592dbf0796a43d5 at Fri 08:30:00 07/08/20
08-03 21:49:58.979  9056  9056 I SettingsManager: Getting boolean: showHiddenSessions
08-03 21:49:58.979  9056  9056 D SessionListsFragment: 1 sessions for day 0
08-03 21:49:58.979  9056  9056 D SessionListsFragment: 6 sessions for day 1
08-03 21:49:58.979  9056  9056 D SessionListsFragment: 4 sessions for day 2
08-03 21:49:58.979  9056  9056 D SessionListsFragment: 3 sessions for day 3
08-03 21:49:58.980  9056  9056 D SessionListsFragment: 1 sessions for day 4
08-03 21:49:59.022  9056  9056 I SettingsManager: Getting boolean: showHiddenSessions
08-03 21:49:59.023  9056  9056 D SessionListsFragment: Refreshed ViewPager
08-03 21:49:59.023  9056  9056 I SettingsManager: Getting boolean: showHiddenSessions
08-03 21:49:59.023  9056  9056 I SettingsManager: Getting boolean: completedTutorial
08-03 21:49:59.023  9056  9056 I SettingsManager: Getting boolean: showHiddenSessions
08-03 21:49:59.023  9056  9056 I SettingsManager: Getting date: savedSessionsTime
08-03 21:49:59.043  9056  9269 I art     : Starting a blocking GC Explicit
08-03 21:49:59.124  9056  9269 I art     : Explicit concurrent mark sweep GC freed 53785(2MB) AllocSpace objects, 7(272KB) LOS objects, 30% free, 36MB/52MB, paused 1.674ms total 81.542ms
08-03 21:49:59.147  9056  9269 I art     : Starting a blocking GC Explicit
08-03 21:49:59.217  9056  9269 I art     : Explicit concurrent mark sweep GC freed 32395(1411KB) AllocSpace objects, 0(0B) LOS objects, 30% free, 36MB/52MB, paused 1.531ms total 70.112ms
08-03 21:49:59.239  9056  9269 I art     : Starting a blocking GC Explicit
08-03 21:49:59.312  9056  9269 I art     : Explicit concurrent mark sweep GC freed 29948(1234KB) AllocSpace objects, 0(0B) LOS objects, 30% free, 36MB/52MB, paused 1.587ms total 72.876ms
08-03 21:49:59.335  9056  9269 I art     : Starting a blocking GC Explicit
08-03 21:49:59.385   518   646 I ThermalEngine: ACTION: GPU - Setting GPU[0] to 390000000
08-03 21:49:59.424  9056  9269 I art     : Explicit concurrent mark sweep GC freed 28329(1175KB) AllocSpace objects, 0(0B) LOS objects, 30% free, 37MB/53MB, paused 2.937ms total 88.748ms
08-03 21:49:59.462  9056  9269 I art     : Starting a blocking GC Explicit
08-03 21:49:59.577  9056  9269 I art     : Explicit concurrent mark sweep GC freed 43698(1784KB) AllocSpace objects, 0(0B) LOS objects, 29% free, 37MB/53MB, paused 2.299ms total 114.639ms
08-03 21:49:59.896  7501  7501 W Atfwd_Sendcmd: AtCmdFwd service not published, waiting... retryCnt : 4
08-03 21:49:59.927  9056  9069 I art     : Starting a blocking GC Explicit
08-03 21:49:59.980  9056  9056 I Choreographer: Skipped 56 frames!  The application may be doing too much work on its main thread.
08-03 21:50:00.062  9056  9069 I art     : Explicit concurrent mark sweep GC freed 106408(4MB) AllocSpace objects, 1(20KB) LOS objects, 29% free, 37MB/53MB, paused 1.116ms total 134.595ms
08-03 21:50:00.099  9056  9069 I art     : Starting a blocking GC Explicit
08-03 21:50:00.204  9056  9069 I art     : Explicit concurrent mark sweep GC freed 2634(256KB) AllocSpace objects, 0(0B) LOS objects, 29% free, 37MB/53MB, paused 744us total 103.824ms
08-03 21:50:00.244  9056  9069 I art     : Starting a blocking GC Explicit
08-03 21:50:00.313  9056  9069 I art     : Explicit concurrent mark sweep GC freed 121570(11MB) AllocSpace objects, 3(136KB) LOS objects, 37% free, 26MB/42MB, paused 837us total 68.479ms
08-03 21:50:00.336  9056  9069 I art     : Starting a blocking GC Explicit
08-03 21:50:00.387  9056  9069 I art     : Explicit concurrent mark sweep GC freed 21(960B) AllocSpace objects, 0(0B) LOS objects, 37% free, 26MB/42MB, paused 781us total 50.504ms
08-03 21:50:00.411  9056  9069 I art     : Starting a blocking GC Explicit
08-03 21:50:00.464  9056  9069 I art     : Explicit concurrent mark sweep GC freed 3(96B) AllocSpace objects, 0(0B) LOS objects, 37% free, 26MB/42MB, paused 737us total 53.049ms
08-03 21:50:00.848  9056  9069 I art     : Starting a blocking GC Explicit
08-03 21:50:00.903  9056  9069 I art     : Explicit concurrent mark sweep GC freed 1444(80KB) AllocSpace objects, 1(20KB) LOS objects, 37% free, 26MB/42MB, paused 1.090ms total 54.828ms
08-03 21:50:00.927  9056  9069 I art     : Starting a blocking GC Explicit
08-03 21:50:00.979  9056  9069 I art     : Explicit concurrent mark sweep GC freed 21(768B) AllocSpace objects, 0(0B) LOS objects, 37% free, 26MB/42MB, paused 1.119ms total 51.507ms
08-03 21:50:01.002  9056  9069 I art     : Starting a blocking GC Explicit
08-03 21:50:01.061  9056  9069 I art     : Explicit concurrent mark sweep GC freed 3(96B) AllocSpace objects, 0(0B) LOS objects, 37% free, 26MB/42MB, paused 956us total 58.149ms
08-03 21:50:01.089  9056  9069 I art     : Starting a blocking GC Explicit
08-03 21:50:01.143  9056  9069 I art     : Explicit concurrent mark sweep GC freed 3(96B) AllocSpace objects, 0(0B) LOS objects, 37% free, 26MB/42MB, paused 728us total 52.992ms
08-03 21:50:01.167  9056  9069 I art     : Starting a blocking GC Explicit
08-03 21:50:01.220  9056  9069 I art     : Explicit concurrent mark sweep GC freed 3(96B) AllocSpace objects, 0(0B) LOS objects, 37% free, 26MB/42MB, paused 1.001ms total 52.995ms
08-03 21:50:01.591  9056  9068 I art     : Starting a blocking GC Explicit
08-03 21:50:01.663  9056  9068 I art     : Explicit concurrent mark sweep GC freed 1292(75KB) AllocSpace objects, 1(20KB) LOS objects, 37% free, 26MB/42MB, paused 991us total 70.751ms
08-03 21:50:01.693  9056  9068 I art     : Starting a blocking GC Explicit
08-03 21:50:01.757  9056  9068 I art     : Explicit concurrent mark sweep GC freed 18(624B) AllocSpace objects, 0(0B) LOS objects, 37% free, 26MB/42MB, paused 938us total 62.941ms
08-03 21:50:01.757  9056  9067 I art     : WaitForGcToComplete blocked for 54.370ms for cause HeapTrim
08-03 21:50:01.785  9056  9068 I art     : Starting a blocking GC Explicit
08-03 21:50:01.838  9056  9068 I art     : Explicit concurrent mark sweep GC freed 3(96B) AllocSpace objects, 0(0B) LOS objects, 37% free, 26MB/42MB, paused 813us total 52.542ms
08-03 21:50:01.863  9056  9068 I art     : Starting a blocking GC Explicit
08-03 21:50:01.916  9056  9068 I art     : Explicit concurrent mark sweep GC freed 3(96B) AllocSpace objects, 0(0B) LOS objects, 37% free, 26MB/42MB, paused 710us total 53.206ms
08-03 21:50:01.941  9056  9068 I art     : Starting a blocking GC Explicit
08-03 21:50:01.994  9056  9068 I art     : Explicit concurrent mark sweep GC freed 3(96B) AllocSpace objects, 0(0B) LOS objects, 37% free, 26MB/42MB, paused 719us total 52.926ms
08-03 21:50:02.387  9056  9269 I art     : Starting a blocking GC Explicit
08-03 21:50:02.390   518   646 I ThermalEngine: ACTION: GPU - Setting GPU[0] to 450000000
08-03 21:50:02.434  9056  9269 I art     : Explicit concurrent mark sweep GC freed 1292(75KB) AllocSpace objects, 1(20KB) LOS objects, 37% free, 26MB/42MB, paused 553us total 47.189ms
08-03 21:50:02.450  9056  9269 I art     : Starting a blocking GC Explicit
08-03 21:50:02.493  9056  9269 I art     : Explicit concurrent mark sweep GC freed 18(624B) AllocSpace objects, 0(0B) LOS objects, 37% free, 26MB/42MB, paused 528us total 42.702ms
08-03 21:50:02.509  9056  9269 I art     : Starting a blocking GC Explicit
08-03 21:50:02.552  9056  9269 I art     : Explicit concurrent mark sweep GC freed 3(96B) AllocSpace objects, 0(0B) LOS objects, 37% free, 26MB/42MB, paused 557us total 42.563ms
08-03 21:50:02.567  9056  9269 I art     : Starting a blocking GC Explicit
08-03 21:50:02.611  9056  9269 I art     : Explicit concurrent mark sweep GC freed 3(96B) AllocSpace objects, 0(0B) LOS objects, 37% free, 26MB/42MB, paused 558us total 43.512ms
08-03 21:50:02.627  9056  9269 I art     : Starting a blocking GC Explicit
08-03 21:50:02.672  9056  9269 I art     : Explicit concurrent mark sweep GC freed 3(96B) AllocSpace objects, 0(0B) LOS objects, 37% free, 26MB/42MB, paused 556us total 44.212ms
08-03 21:50:03.005  9056  9435 I art     : Starting a blocking GC Explicit
08-03 21:50:03.057  9056  9435 I art     : Explicit concurrent mark sweep GC freed 1305(76KB) AllocSpace objects, 1(20KB) LOS objects, 37% free, 26MB/42MB, paused 561us total 51.391ms
08-03 21:50:03.072  9056  9435 I art     : Starting a blocking GC Explicit
08-03 21:50:03.082 10363 10363 D AndroidRuntime: >>>>>> START com.android.internal.os.RuntimeInit uid 2000 <<<<<<
08-03 21:50:03.088 10363 10363 D AndroidRuntime: CheckJNI is OFF
08-03 21:50:03.113  9056  9435 I art     : Explicit concurrent mark sweep GC freed 18(624B) AllocSpace objects, 0(0B) LOS objects, 37% free, 26MB/42MB, paused 549us total 40.580ms
08-03 21:50:03.128  9056  9435 I art     : Starting a blocking GC Explicit
08-03 21:50:03.132 10363 10363 D ICU     : No timezone override file found: /data/misc/zoneinfo/current/icu/icu_tzdata.dat
08-03 21:50:03.167  9056  9435 I art     : Explicit concurrent mark sweep GC freed 5(128B) AllocSpace objects, 0(0B) LOS objects, 37% free, 26MB/42MB, paused 634us total 39.389ms
08-03 21:50:03.174 10363 10363 I Radio-JNI: register_android_hardware_Radio DONE
08-03 21:50:03.182  9056  9435 I art     : Starting a blocking GC Explicit
08-03 21:50:03.203 10363 10363 D AndroidRuntime: Calling main entry com.android.commands.input.Input
08-03 21:50:03.205 10363 10363 I Input   : injectMotionEvent: MotionEvent { action=ACTION_DOWN, actionButton=0, id[0]=0, x[0]=81.0, y[0]=176.0, toolType[0]=TOOL_TYPE_UNKNOWN, buttonState=0, metaState=0, flags=0x0, edgeFlags=0x0, pointerCount=1, historySize=0, eventTime=654619618, downTime=654619618, deviceId=0, source=0x1002 }
08-03 21:50:03.212 10363 10363 I Input   : injectMotionEvent: MotionEvent { action=ACTION_UP, actionButton=0, id[0]=0, x[0]=81.0, y[0]=176.0, toolType[0]=TOOL_TYPE_UNKNOWN, buttonState=0, metaState=0, flags=0x0, edgeFlags=0x0, pointerCount=1, historySize=0, eventTime=654619618, downTime=654619618, deviceId=0, source=0x1002 }
08-03 21:50:03.214 10363 10363 D AndroidRuntime: Shutting down VM
08-03 21:50:03.222  9056  9435 I art     : Explicit concurrent mark sweep GC freed 51(2160B) AllocSpace objects, 0(0B) LOS objects, 37% free, 26MB/42MB, paused 616us total 39.126ms
08-03 21:50:03.224   512  2967 D audio_hw_primary: out_set_parameters: enter: usecase(1: low-latency-playback) kvpairs: routing=2
08-03 21:50:03.237  9056  9435 I art     : Starting a blocking GC Explicit
08-03 21:50:03.237   512  2967 D audio_hw_primary: select_devices: out_snd_device(2: speaker) in_snd_device(0: none)
08-03 21:50:03.237   512  2967 D msm8974_platform: platform_send_audio_calibration: sending audio calibration for snd_device(2) acdb_id(15)
08-03 21:50:03.238   512  2967 I soundtrigger: audio_extn_sound_trigger_update_device_status: device 0x2 of type 0 for Event 1
08-03 21:50:03.247   512  2967 D audio_hw_primary: enable_snd_device: snd_device(2: speaker)
08-03 21:50:03.250   512  2967 D audio_hw_primary: enable_audio_route: apply and update mixer path: low-latency-playback speaker
08-03 21:50:03.256 13866 13866 I GoogleInputMethodServic: GoogleInputMethodService.onFinishInput():3138 
08-03 21:50:03.256 13866 13866 I GoogleInputMethodServic: GoogleInputMethodService.onStartInput():1808 
08-03 21:50:03.275  9056  9435 I art     : Explicit concurrent mark sweep GC freed 188(7KB) AllocSpace objects, 0(0B) LOS objects, 37% free, 26MB/42MB, paused 515us total 38.193ms
08-03 21:50:03.580  9056  9068 I art     : Starting a blocking GC Explicit
08-03 21:50:03.625  9056  9068 I art     : Explicit concurrent mark sweep GC freed 1697(99KB) AllocSpace objects, 1(20KB) LOS objects, 37% free, 26MB/42MB, paused 500us total 44.222ms
08-03 21:50:03.641  9056  9068 I art     : Starting a blocking GC Explicit
08-03 21:50:03.684  9056  9068 I art     : Explicit concurrent mark sweep GC freed 31(1232B) AllocSpace objects, 0(0B) LOS objects, 37% free, 26MB/42MB, paused 549us total 42.225ms
08-03 21:50:03.700  9056  9068 I art     : Starting a blocking GC Explicit
08-03 21:50:03.742  9056  9068 I art     : Explicit concurrent mark sweep GC freed 5(160B) AllocSpace objects, 0(0B) LOS objects, 37% free, 26MB/42MB, paused 516us total 41.230ms
08-03 21:50:03.757  9056  9068 I art     : Starting a blocking GC Explicit
08-03 21:50:03.789   512  2967 D audio_hw_primary: disable_audio_route: reset and update mixer path: low-latency-playback speaker
08-03 21:50:03.790   512  2967 D audio_hw_primary: disable_snd_device: snd_device(2: speaker)
08-03 21:50:03.798  9056  9068 I art     : Explicit concurrent mark sweep GC freed 3(96B) AllocSpace objects, 0(0B) LOS objects, 37% free, 26MB/42MB, paused 506us total 40.516ms
08-03 21:50:03.798   512  2967 I soundtrigger: audio_extn_sound_trigger_update_device_status: device 0x2 of type 0 for Event 0
08-03 21:50:03.813  9056  9068 I art     : Starting a blocking GC Explicit
08-03 21:50:03.853  9056  9068 I art     : Explicit concurrent mark sweep GC freed 5(160B) AllocSpace objects, 0(0B) LOS objects, 37% free, 26MB/42MB, paused 521us total 39.751ms
08-03 21:50:04.187  9056  9435 I art     : Starting a blocking GC Explicit
08-03 21:50:04.235  9056  9435 I art     : Explicit concurrent mark sweep GC freed 1292(75KB) AllocSpace objects, 1(20KB) LOS objects, 37% free, 26MB/42MB, paused 550us total 48.360ms
08-03 21:50:04.251  9056  9435 I art     : Starting a blocking GC Explicit
08-03 21:50:04.295  9056  9435 I art     : Explicit concurrent mark sweep GC freed 18(624B) AllocSpace objects, 0(0B) LOS objects, 37% free, 26MB/42MB, paused 558us total 43.777ms
08-03 21:50:04.311  9056  9435 I art     : Starting a blocking GC Explicit
08-03 21:50:04.354  9056  9435 I art     : Explicit concurrent mark sweep GC freed 3(96B) AllocSpace objects, 0(0B) LOS objects, 37% free, 26MB/42MB, paused 521us total 42.344ms
08-03 21:50:04.370  9056  9435 I art     : Starting a blocking GC Explicit
08-03 21:50:04.414  9056  9435 I art     : Explicit concurrent mark sweep GC freed 3(96B) AllocSpace objects, 0(0B) LOS objects, 37% free, 26MB/42MB, paused 550us total 44.133ms
08-03 21:50:04.430  9056  9435 I art     : Starting a blocking GC Explicit
08-03 21:50:04.472  9056  9435 I art     : Explicit concurrent mark sweep GC freed 3(96B) AllocSpace objects, 0(0B) LOS objects, 37% free, 26MB/42MB, paused 518us total 41.555ms
08-03 21:50:04.780  9056  9269 I art     : Starting a blocking GC Explicit
08-03 21:50:04.828  9056  9269 I art     : Explicit concurrent mark sweep GC freed 1292(75KB) AllocSpace objects, 1(20KB) LOS objects, 37% free, 26MB/42MB, paused 591us total 47.605ms
08-03 21:50:04.845  9056  9269 I art     : Starting a blocking GC Explicit
08-03 21:50:04.889  9056  9269 I art     : Explicit concurrent mark sweep GC freed 20(688B) AllocSpace objects, 0(0B) LOS objects, 37% free, 26MB/42MB, paused 671us total 44.537ms
08-03 21:50:04.905  9056  9269 I art     : Starting a blocking GC Explicit
08-03 21:50:04.945  9056  9269 I art     : Explicit concurrent mark sweep GC freed 11(352B) AllocSpace objects, 0(0B) LOS objects, 37% free, 26MB/42MB, paused 509us total 39.339ms
08-03 21:50:04.960  9056  9269 I art     : Starting a blocking GC Explicit
08-03 21:50:04.982 10406 10406 D AndroidRuntime: >>>>>> START com.android.internal.os.RuntimeInit uid 2000 <<<<<<
08-03 21:50:04.988 10406 10406 D AndroidRuntime: CheckJNI is OFF
08-03 21:50:04.999  9056  9269 I art     : Explicit concurrent mark sweep GC freed 9(288B) AllocSpace objects, 0(0B) LOS objects, 37% free, 26MB/42MB, paused 515us total 38.890ms
08-03 21:50:05.014  9056  9269 I art     : Starting a blocking GC Explicit
08-03 21:50:05.030 10406 10406 D ICU     : No timezone override file found: /data/misc/zoneinfo/current/icu/icu_tzdata.dat
08-03 21:50:05.053  9056  9269 I art     : Explicit concurrent mark sweep GC freed 9(288B) AllocSpace objects, 0(0B) LOS objects, 37% free, 26MB/42MB, paused 561us total 38.956ms
08-03 21:50:05.074 10406 10406 I Radio-JNI: register_android_hardware_Radio DONE
08-03 21:50:05.102 10406 10406 D AndroidRuntime: Calling main entry com.android.commands.input.Input
08-03 21:50:05.104 10406 10406 I Input   : injectMotionEvent: MotionEvent { action=ACTION_DOWN, actionButton=0, id[0]=0, x[0]=360.0, y[0]=1098.0, toolType[0]=TOOL_TYPE_UNKNOWN, buttonState=0, metaState=0, flags=0x0, edgeFlags=0x0, pointerCount=1, historySize=0, eventTime=654621517, downTime=654621517, deviceId=0, source=0x1002 }
08-03 21:50:05.111 10406 10406 I Input   : injectMotionEvent: MotionEvent { action=ACTION_UP, actionButton=0, id[0]=0, x[0]=360.0, y[0]=1098.0, toolType[0]=TOOL_TYPE_UNKNOWN, buttonState=0, metaState=0, flags=0x0, edgeFlags=0x0, pointerCount=1, historySize=0, eventTime=654621517, downTime=654621517, deviceId=0, source=0x1002 }
08-03 21:50:05.115 10406 10406 D AndroidRuntime: Shutting down VM
08-03 21:50:05.120  9056  9056 D MainActivity: NavigationItemSelected: Term dates
08-03 21:50:05.123   512  2967 D audio_hw_primary: out_set_parameters: enter: usecase(1: low-latency-playback) kvpairs: routing=2
08-03 21:50:05.137   512  2967 D audio_hw_primary: select_devices: out_snd_device(2: speaker) in_snd_device(0: none)
08-03 21:50:05.137   512  2967 D msm8974_platform: platform_send_audio_calibration: sending audio calibration for snd_device(2) acdb_id(15)
08-03 21:50:05.137   512  2967 I soundtrigger: audio_extn_sound_trigger_update_device_status: device 0x2 of type 0 for Event 1
08-03 21:50:05.148   512  2967 D audio_hw_primary: enable_snd_device: snd_device(2: speaker)
08-03 21:50:05.151   512  2967 D audio_hw_primary: enable_audio_route: apply and update mixer path: low-latency-playback speaker
08-03 21:50:05.372  9056  9068 I art     : Starting a blocking GC Explicit
08-03 21:50:05.422  9056  9068 I art     : Explicit concurrent mark sweep GC freed 1836(97KB) AllocSpace objects, 1(20KB) LOS objects, 37% free, 26MB/42MB, paused 591us total 49.487ms
08-03 21:50:05.438  9056  9068 I art     : Starting a blocking GC Explicit
08-03 21:50:05.478  9056  9068 I art     : Explicit concurrent mark sweep GC freed 227(16KB) AllocSpace objects, 0(0B) LOS objects, 37% free, 26MB/42MB, paused 605us total 39.716ms
08-03 21:50:05.493  9056  9068 I art     : Starting a blocking GC Explicit
08-03 21:50:05.533  9056  9068 I art     : Explicit concurrent mark sweep GC freed 9(288B) AllocSpace objects, 0(0B) LOS objects, 37% free, 26MB/42MB, paused 538us total 38.934ms
08-03 21:50:05.539  9056  9056 D SessionListsFragment: Fired refresh session list handler
08-03 21:50:05.548  9056  9068 I art     : Starting a blocking GC Explicit
08-03 21:50:05.557 13866 13866 I GoogleInputMethodServic: GoogleInputMethodService.onFinishInput():3138 
08-03 21:50:05.557 13866 13866 I GoogleInputMethodServic: GoogleInputMethodService.onStartInput():1808 
08-03 21:50:05.588  9056  9068 I art     : Explicit concurrent mark sweep GC freed 36(1312B) AllocSpace objects, 0(0B) LOS objects, 37% free, 26MB/42MB, paused 607us total 39.274ms
08-03 21:50:05.602  9056  9068 I art     : Starting a blocking GC Explicit
08-03 21:50:05.641  9056  9068 I art     : Explicit concurrent mark sweep GC freed 13(416B) AllocSpace objects, 0(0B) LOS objects, 37% free, 26MB/42MB, paused 490us total 38.973ms
08-03 21:50:05.688   512  2967 D audio_hw_primary: disable_audio_route: reset and update mixer path: low-latency-playback speaker
08-03 21:50:05.689   512  2967 D audio_hw_primary: disable_snd_device: snd_device(2: speaker)
08-03 21:50:05.698   512  2967 I soundtrigger: audio_extn_sound_trigger_update_device_status: device 0x2 of type 0 for Event 0
08-03 21:50:05.988  9056  9069 I art     : Starting a blocking GC Explicit
08-03 21:50:06.038  9056  9069 I art     : Explicit concurrent mark sweep GC freed 1339(77KB) AllocSpace objects, 1(20KB) LOS objects, 37% free, 26MB/42MB, paused 699us total 49.576ms
08-03 21:50:06.055  9056  9069 I art     : Starting a blocking GC Explicit
08-03 21:50:06.099  9056  9069 I art     : Explicit concurrent mark sweep GC freed 26(880B) AllocSpace objects, 0(0B) LOS objects, 37% free, 26MB/42MB, paused 655us total 43.935ms
08-03 21:50:06.117  9056  9069 I art     : Starting a blocking GC Explicit
08-03 21:50:06.159  9056  9069 I art     : Explicit concurrent mark sweep GC freed 10(320B) AllocSpace objects, 0(0B) LOS objects, 37% free, 26MB/42MB, paused 507us total 42.361ms
08-03 21:50:06.177  9056  9069 I art     : Starting a blocking GC Explicit
08-03 21:50:06.221  9056  9069 I art     : Explicit concurrent mark sweep GC freed 9(288B) AllocSpace objects, 0(0B) LOS objects, 37% free, 26MB/42MB, paused 550us total 44.217ms
08-03 21:50:06.237  9056  9069 I art     : Starting a blocking GC Explicit
08-03 21:50:06.279  9056  9069 I art     : Explicit concurrent mark sweep GC freed 11(352B) AllocSpace objects, 0(0B) LOS objects, 37% free, 26MB/42MB, paused 500us total 41.355ms
08-03 21:50:06.624  9056  9269 I art     : Starting a blocking GC Explicit
08-03 21:50:06.677  9056  9269 I art     : Explicit concurrent mark sweep GC freed 1339(77KB) AllocSpace objects, 1(20KB) LOS objects, 37% free, 26MB/42MB, paused 621us total 52.389ms
08-03 21:50:06.697  9056  9269 I art     : Starting a blocking GC Explicit
08-03 21:50:06.739  9056  9269 I art     : Explicit concurrent mark sweep GC freed 25(848B) AllocSpace objects, 0(0B) LOS objects, 37% free, 26MB/42MB, paused 674us total 41.737ms
08-03 21:50:06.756  9056  9269 I art     : Starting a blocking GC Explicit
08-03 21:50:06.800  9056  9269 I art     : Explicit concurrent mark sweep GC freed 18(576B) AllocSpace objects, 0(0B) LOS objects, 37% free, 26MB/42MB, paused 941us total 44.242ms
08-03 21:50:06.818  9056  9269 I art     : Starting a blocking GC Explicit
08-03 21:50:06.859  9056  9269 I art     : Explicit concurrent mark sweep GC freed 18(576B) AllocSpace objects, 0(0B) LOS objects, 37% free, 26MB/42MB, paused 534us total 40.944ms
08-03 21:50:06.859  9056  9067 I art     : WaitForGcToComplete blocked for 20.898ms for cause HeapTrim
08-03 21:50:06.875  9056  9269 I art     : Starting a blocking GC Explicit
08-03 21:50:06.918  9056  9269 I art     : Explicit concurrent mark sweep GC freed 15(480B) AllocSpace objects, 0(0B) LOS objects, 37% free, 26MB/42MB, paused 572us total 43.179ms
08-03 21:50:07.308  9056  9269 I art     : Starting a blocking GC Explicit
08-03 21:50:07.361  9056  9269 I art     : Explicit concurrent mark sweep GC freed 1315(76KB) AllocSpace objects, 1(20KB) LOS objects, 37% free, 26MB/42MB, paused 571us total 53.145ms
08-03 21:50:07.381  9056  9269 I art     : Starting a blocking GC Explicit
08-03 21:50:07.402   518   646 I ThermalEngine: ACTION: GPU - Setting GPU[0] to 390000000
08-03 21:50:07.452  9056  9269 I art     : Explicit concurrent mark sweep GC freed 18(624B) AllocSpace objects, 0(0B) LOS objects, 37% free, 26MB/42MB, paused 777us total 71.441ms
08-03 21:50:07.478  9056  9269 I art     : Starting a blocking GC Explicit
08-03 21:50:07.536  9056  9269 I art     : Explicit concurrent mark sweep GC freed 3(96B) AllocSpace objects, 0(0B) LOS objects, 37% free, 26MB/42MB, paused 789us total 57.251ms
08-03 21:50:07.565  9056  9269 I art     : Starting a blocking GC Explicit
08-03 21:50:07.622  9056  9269 I art     : Explicit concurrent mark sweep GC freed 3(96B) AllocSpace objects, 0(0B) LOS objects, 37% free, 26MB/42MB, paused 794us total 56.762ms
08-03 21:50:07.652  9056  9269 I art     : Starting a blocking GC Explicit
08-03 21:50:07.707  9056  9269 I art     : Explicit concurrent mark sweep GC freed 3(96B) AllocSpace objects, 0(0B) LOS objects, 37% free, 26MB/42MB, paused 790us total 54.017ms
08-03 21:50:08.119  9056  9435 I art     : Starting a blocking GC Explicit
08-03 21:50:08.180  9056  9435 I art     : Explicit concurrent mark sweep GC freed 1292(75KB) AllocSpace objects, 1(20KB) LOS objects, 37% free, 26MB/42MB, paused 876us total 59.359ms
08-03 21:50:08.204  9056  9435 I art     : Starting a blocking GC Explicit
08-03 21:50:08.258  9056  9435 I art     : Explicit concurrent mark sweep GC freed 18(624B) AllocSpace objects, 0(0B) LOS objects, 37% free, 26MB/42MB, paused 738us total 53.819ms
08-03 21:50:08.283  9056  9435 I art     : Starting a blocking GC Explicit
08-03 21:50:08.336  9056  9435 I art     : Explicit concurrent mark sweep GC freed 3(96B) AllocSpace objects, 0(0B) LOS objects, 37% free, 26MB/42MB, paused 707us total 52.936ms
08-03 21:50:08.360  9056  9435 I art     : Starting a blocking GC Explicit
08-03 21:50:08.417  9056  9435 I art     : Explicit concurrent mark sweep GC freed 3(96B) AllocSpace objects, 0(0B) LOS objects, 37% free, 26MB/42MB, paused 1.220ms total 56.204ms
08-03 21:50:08.448  9056  9435 I art     : Starting a blocking GC Explicit
08-03 21:50:08.502  9056  9435 I art     : Explicit concurrent mark sweep GC freed 3(96B) AllocSpace objects, 0(0B) LOS objects, 37% free, 26MB/42MB, paused 713us total 53.812ms
08-03 21:50:08.881  9056  9069 I art     : Starting a blocking GC Explicit
08-03 21:50:08.953  9056  9069 I art     : Explicit concurrent mark sweep GC freed 1292(75KB) AllocSpace objects, 1(20KB) LOS objects, 37% free, 26MB/42MB, paused 865us total 70.884ms
08-03 21:50:08.979  9056  9069 I art     : Starting a blocking GC Explicit
08-03 21:50:09.032  9056  9069 I art     : Explicit concurrent mark sweep GC freed 18(624B) AllocSpace objects, 0(0B) LOS objects, 37% free, 26MB/42MB, paused 754us total 52.780ms
08-03 21:50:09.057  9056  9069 I art     : Starting a blocking GC Explicit
08-03 21:50:09.114  9056  9069 I art     : Explicit concurrent mark sweep GC freed 3(96B) AllocSpace objects, 0(0B) LOS objects, 37% free, 26MB/42MB, paused 802us total 56.659ms
08-03 21:50:09.144  9056  9069 I art     : Starting a blocking GC Explicit
08-03 21:50:09.198  9056  9069 I art     : Explicit concurrent mark sweep GC freed 3(96B) AllocSpace objects, 0(0B) LOS objects, 37% free, 26MB/42MB, paused 876us total 53.836ms
08-03 21:50:09.222  9056  9069 I art     : Starting a blocking GC Explicit
08-03 21:50:09.279  9056  9069 I art     : Explicit concurrent mark sweep GC freed 3(96B) AllocSpace objects, 0(0B) LOS objects, 37% free, 26MB/42MB, paused 1.260ms total 56.217ms
08-03 21:50:09.404   518   646 I ThermalEngine: ACTION: GPU - Setting GPU[0] to 450000000
08-03 21:50:09.602  9056  9068 I art     : Starting a blocking GC Explicit
08-03 21:50:09.653  9056  9068 I art     : Explicit concurrent mark sweep GC freed 1292(75KB) AllocSpace objects, 1(20KB) LOS objects, 37% free, 26MB/42MB, paused 572us total 50.361ms
08-03 21:50:09.669  9056  9068 I art     : Starting a blocking GC Explicit
08-03 21:50:09.714  9056  9068 I art     : Explicit concurrent mark sweep GC freed 18(624B) AllocSpace objects, 0(0B) LOS objects, 37% free, 26MB/42MB, paused 553us total 44.617ms
08-03 21:50:09.730  9056  9068 I art     : Starting a blocking GC Explicit
08-03 21:50:09.774  9056  9068 I art     : Explicit concurrent mark sweep GC freed 3(96B) AllocSpace objects, 0(0B) LOS objects, 37% free, 26MB/42MB, paused 559us total 44.193ms
08-03 21:50:09.790  9056  9068 I art     : Starting a blocking GC Explicit
08-03 21:50:09.838  9056  9068 I art     : Explicit concurrent mark sweep GC freed 3(96B) AllocSpace objects, 0(0B) LOS objects, 37% free, 26MB/42MB, paused 639us total 46.889ms
08-03 21:50:09.854  9056  9068 I art     : Starting a blocking GC Explicit
08-03 21:50:09.899  9056  9068 I art     : Explicit concurrent mark sweep GC freed 3(96B) AllocSpace objects, 0(0B) LOS objects, 37% free, 26MB/42MB, paused 586us total 44.256ms
08-03 21:50:09.981 10496 10496 D AndroidRuntime: >>>>>> START com.android.internal.os.RuntimeInit uid 2000 <<<<<<
08-03 21:50:09.989 10496 10496 D AndroidRuntime: CheckJNI is OFF
08-03 21:50:10.034 10496 10496 D ICU     : No timezone override file found: /data/misc/zoneinfo/current/icu/icu_tzdata.dat
08-03 21:50:10.084 10496 10496 I Radio-JNI: register_android_hardware_Radio DONE
08-03 21:50:10.111 10496 10496 D AndroidRuntime: Calling main entry com.android.commands.am.Am
08-03 21:50:10.122 29687 29687 I Trepn   : Trepn 6.2s: Received intent: com.quicinc.trepn.stop_profiling
08-03 21:50:10.173 29687 29687 I Trepn   : Trepn 6.2s: Trepn has Stopped Profiling.
08-03 21:50:10.244  9056  9269 I art     : Starting a blocking GC Explicit
08-03 21:50:10.286  9056  9269 I art     : Explicit concurrent mark sweep GC freed 1292(75KB) AllocSpace objects, 1(20KB) LOS objects, 37% free, 26MB/42MB, paused 534us total 42.500ms
08-03 21:50:10.300 10496 10496 D AndroidRuntime: Shutting down VM
08-03 21:50:10.302  9056  9269 I art     : Starting a blocking GC Explicit
08-03 21:50:10.305   918  6110 W AppOps  : Finishing op nesting under-run: uid 10078 pkg com.quicinc.trepn code 24 time=0 duration=0 nesting=0
08-03 21:50:10.314 10496 10513 W art     : No such thread id for suspend: 1
08-03 21:50:10.339  9056  9269 I art     : Explicit concurrent mark sweep GC freed 18(624B) AllocSpace objects, 0(0B) LOS objects, 37% free, 26MB/42MB, paused 497us total 35.573ms
08-03 21:50:10.354  9056  9269 I art     : Starting a blocking GC Explicit
08-03 21:50:10.390  9056  9269 I art     : Explicit concurrent mark sweep GC freed 3(96B) AllocSpace objects, 0(0B) LOS objects, 37% free, 26MB/42MB, paused 500us total 36.194ms
08-03 21:50:10.405  9056  9269 I art     : Starting a blocking GC Explicit
08-03 21:50:10.446  9056  9269 I art     : Explicit concurrent mark sweep GC freed 3(96B) AllocSpace objects, 0(0B) LOS objects, 37% free, 26MB/42MB, paused 533us total 41.269ms
08-03 21:50:10.462  9056  9269 I art     : Starting a blocking GC Explicit
08-03 21:50:10.504  9056  9269 I art     : Explicit concurrent mark sweep GC freed 3(96B) AllocSpace objects, 0(0B) LOS objects, 37% free, 26MB/42MB, paused 538us total 42.465ms
08-03 21:50:10.839  9056  9435 I art     : Starting a blocking GC Explicit
08-03 21:50:10.886  9056  9435 I art     : Explicit concurrent mark sweep GC freed 1292(75KB) AllocSpace objects, 1(20KB) LOS objects, 37% free, 26MB/42MB, paused 551us total 46.345ms
08-03 21:50:10.902  9056  9435 I art     : Starting a blocking GC Explicit
08-03 21:50:10.943  9056  9435 I art     : Explicit concurrent mark sweep GC freed 18(624B) AllocSpace objects, 0(0B) LOS objects, 37% free, 26MB/42MB, paused 514us total 40.924ms
08-03 21:50:10.959  9056  9435 I art     : Starting a blocking GC Explicit
08-03 21:50:10.999  9056  9435 I art     : Explicit concurrent mark sweep GC freed 3(96B) AllocSpace objects, 0(0B) LOS objects, 37% free, 26MB/42MB, paused 578us total 40.499ms
08-03 21:50:11.015  9056  9435 I art     : Starting a blocking GC Explicit
08-03 21:50:11.055  9056  9435 I art     : Explicit concurrent mark sweep GC freed 3(96B) AllocSpace objects, 0(0B) LOS objects, 37% free, 26MB/42MB, paused 522us total 40.433ms
08-03 21:50:11.071  9056  9435 I art     : Starting a blocking GC Explicit
08-03 21:50:11.112  9056  9435 I art     : Explicit concurrent mark sweep GC freed 3(96B) AllocSpace objects, 0(0B) LOS objects, 37% free, 26MB/42MB, paused 520us total 40.691ms
08-03 21:50:11.428   918  3261 D WifiStateMachine: starting scan for "H369AA63323"WPA_PSK with 2412,5180
