08-03 19:26:33.816 16671 17047 I art     : Starting a blocking GC Explicit
08-03 19:26:33.820 17656 17656 D ICU     : No timezone override file found: /data/misc/zoneinfo/current/icu/icu_tzdata.dat
08-03 19:26:33.825 14658 14658 I ServiceManager: Waiting for service AtCmdFwd...
08-03 19:26:33.867 17656 17656 I Radio-JNI: register_android_hardware_Radio DONE
08-03 19:26:33.901 17656 17656 D AndroidRuntime: Calling main entry com.android.commands.input.Input
08-03 19:26:33.904 17656 17656 I Input   : injectMotionEvent: MotionEvent { action=ACTION_DOWN, actionButton=0, id[0]=0, x[0]=1197.0, y[0]=1456.0, toolType[0]=TOOL_TYPE_UNKNOWN, buttonState=0, metaState=0, flags=0x0, edgeFlags=0x0, pointerCount=1, historySize=0, eventTime=646010316, downTime=646010316, deviceId=0, source=0x1002 }
08-03 19:26:33.910 17656 17656 I Input   : injectMotionEvent: MotionEvent { action=ACTION_UP, actionButton=0, id[0]=0, x[0]=1197.0, y[0]=1456.0, toolType[0]=TOOL_TYPE_UNKNOWN, buttonState=0, metaState=0, flags=0x0, edgeFlags=0x0, pointerCount=1, historySize=0, eventTime=646010316, downTime=646010316, deviceId=0, source=0x1002 }
08-03 19:26:33.917 16671 17047 I art     : Explicit concurrent mark sweep GC freed 38(1584B) AllocSpace objects, 0(0B) LOS objects, 30% free, 37MB/53MB, paused 865us total 100.777ms
08-03 19:26:33.920   512  2967 D audio_hw_primary: out_set_parameters: enter: usecase(1: low-latency-playback) kvpairs: routing=2
08-03 19:26:33.920 17656 17656 D AndroidRuntime: Shutting down VM
08-03 19:26:33.933   512  2967 D audio_hw_primary: select_devices: out_snd_device(2: speaker) in_snd_device(0: none)
08-03 19:26:33.934   512  2967 D msm8974_platform: platform_send_audio_calibration: sending audio calibration for snd_device(2) acdb_id(15)
08-03 19:26:33.934   512  2967 I soundtrigger: audio_extn_sound_trigger_update_device_status: device 0x2 of type 0 for Event 1
08-03 19:26:33.936 16671 16671 I SettingsManager: Setting string: savedCourse
08-03 19:26:33.948   512  2967 D audio_hw_primary: enable_snd_device: snd_device(2: speaker)
08-03 19:26:33.950   512  2967 D audio_hw_primary: enable_audio_route: apply and update mixer path: low-latency-playback speaker
08-03 19:26:33.953   918  3714 W BackupManagerService: dataChanged but no participant pkg='baseline.com.ak.uobtimetable' uid=10641
08-03 19:26:33.954   918  4413 I ActivityManager: START u0 {flg=0x4000000 cmp=baseline.com.ak.uobtimetable/.MainActivity (has extras)} from uid 10641 on display 0
08-03 19:26:33.961 16671 17047 I art     : Starting a blocking GC Explicit
08-03 19:26:33.974   918  6112 W InputMethodManagerService: Focus gain on non-focused client com.android.internal.view.IInputMethodClient$Stub$Proxy@469753a (uid=10641 pid=16671)
08-03 19:26:33.993 16671 16671 D MainActivity: OnDestroy
08-03 19:26:34.027 16671 16671 D MainActivity: onCreate
08-03 19:26:34.028 16671 16671 I SettingsManager: Getting string: savedSessions
08-03 19:26:34.028 16671 16671 I SettingsManager: Getting string: savedSessions
08-03 19:26:34.040 16671 16671 I SettingsManager: Getting string: savedSessionsCourseName
08-03 19:26:34.040 16671 16671 I SettingsManager: Getting string: savedSessionsCourseName
08-03 19:26:34.041 16671 16671 I SettingsManager: Getting string: savedSessionsDateRange
08-03 19:26:34.041 16671 16671 I SettingsManager: Getting string: savedSessionsDateRange
08-03 19:26:34.041 16671 16671 I Settings: 10 saved sessions - Bedfordshire International and EU Foundation Year - Int Foun - Ltn - Y0 Feb FT - Weeks: 24-38 (8 Jun 2020-20 Sep 2020)
08-03 19:26:34.072 16671 17047 I art     : Explicit concurrent mark sweep GC freed 10860(513KB) AllocSpace objects, 1(20KB) LOS objects, 29% free, 38MB/54MB, paused 1.092ms total 110.982ms
08-03 19:26:34.082 16671 16671 I SettingsManager: Getting string: savedCourse
08-03 19:26:34.083 16671 16671 D MainActivity: sessionListFragmentArg: updateSessions
08-03 19:26:34.083 16671 16671 D MainActivity: showTermDatesConfigChange: false
08-03 19:26:34.083 16671 16671 D MainActivity: showTermDatesShortcut: false
08-03 19:26:34.084 16671 16671 D MainActivity: Setting initial fragment: SessionListsFragment
08-03 19:26:34.085 16671 16671 I SettingsManager: Getting int: launchCount
08-03 19:26:34.087 16671 16671 D SessionListsFragment: onCreateView
08-03 19:26:34.093 16671 16671 I SettingsManager: Getting string: savedCourse
08-03 19:26:34.099 16671 16671 I SettingsManager: Getting string: savedSessions
08-03 19:26:34.111 16671 16671 D SessionListsFragment: loadArgument: updateSessions
08-03 19:26:34.112 16671 16671 D SessionListsFragment: initialIndex: -1
08-03 19:26:34.115 16671 17047 I art     : Starting a blocking GC Explicit
08-03 19:26:34.117 16671 17679 D HTTP    : Request for: https://uob-timetable-api.adriankeenan.co.uk/sessions?dept=CM010&course=BSAIFAAF%2F02AA%2F0%2FFT&level=Foundation+Year
08-03 19:26:34.137 16671 16671 D TermDatesFragment: WebView loaded
08-03 19:26:34.138 16671 16671 D MainActivity: OnResume
08-03 19:26:34.161 16671 16671 I TermDatesFragment: Webview load %: 10
08-03 19:26:34.235 16671 17047 I art     : Explicit concurrent mark sweep GC freed 13546(615KB) AllocSpace objects, 2(1340KB) LOS objects, 30% free, 37MB/53MB, paused 1.587ms total 119.821ms
08-03 19:26:34.277 16671 17047 I art     : Starting a blocking GC Explicit
08-03 19:26:34.301   918   936 I ActivityManager: Displayed baseline.com.ak.uobtimetable/.MainActivity: +326ms
08-03 19:26:34.302 13866 13866 I GoogleInputMethodServic: GoogleInputMethodService.onFinishInput():3138 
08-03 19:26:34.303 13866 13866 I GoogleInputMethodServic: GoogleInputMethodService.onStartInput():1808 
08-03 19:26:34.351 16671 17679 I NAPPA_EXPERIMENTATION: MetricNetworkRequestExecutionTime: REQUEST_DURATION_SYSTEM='233',REQUEST_DURATION_OKHTTP='34',REQUEST_SYNCHRONOUS='TRUE',RESPONSE_CODE='200',RESPONSE_METHOD='GET',RESPONSE_LENGTH_OKHTTP='-1',RESPONSE_LENGTH_HEADER='1214',REQUEST_PROTOCOL='http/1.1',REQUEST_URL='https://uob-timetable-api.adriankeenan.co.uk/sessions?dept=CM010&course=BSAIFAAF%2F02AA%2F0%2FFT&level=Foundation+Year',
08-03 19:26:34.372 16671 17047 I art     : Explicit concurrent mark sweep GC freed 37181(1721KB) AllocSpace objects, 7(272KB) LOS objects, 30% free, 36MB/52MB, paused 1.118ms total 94.146ms
08-03 19:26:34.391 16671 17679 I HTTP    : Response was compressed.
08-03 19:26:34.397 16671 16671 I TermDatesFragment: Webview load %: 70
08-03 19:26:34.412 16671 17679 I Service : getSessions response time: 1.10
08-03 19:26:34.416 16671 16671 I SettingsManager: Getting string: savedSessions
08-03 19:26:34.417 16671 16671 I SettingsManager: Getting string: savedSessions
08-03 19:26:34.429 16671 16671 I Service : Sessions updated: 10
08-03 19:26:34.429 16671 16671 I Service : Sessions removed from new list: 0
08-03 19:26:34.441 16671 16671 I SettingsManager: Setting string: savedSessions
08-03 19:26:34.450   918  6112 W BackupManagerService: dataChanged but no participant pkg='baseline.com.ak.uobtimetable' uid=10641
08-03 19:26:34.450 16671 16671 I SettingsManager: Setting date: savedSessionsTime
08-03 19:26:34.457   918  4413 W BackupManagerService: dataChanged but no participant pkg='baseline.com.ak.uobtimetable' uid=10641
08-03 19:26:34.457 16671 16671 I SettingsManager: Setting string: savedSessionsCourseName
08-03 19:26:34.466   918  3961 W BackupManagerService: dataChanged but no participant pkg='baseline.com.ak.uobtimetable' uid=10641
08-03 19:26:34.467 16671 16671 I SettingsManager: Setting string: savedSessionsDateRange
08-03 19:26:34.467   918  6110 W BackupManagerService: dataChanged but no participant pkg='baseline.com.ak.uobtimetable' uid=10641
08-03 19:26:34.467 16671 16671 I SettingsManager: Setting string: timetableUrl
08-03 19:26:34.468   918  5952 W BackupManagerService: dataChanged but no participant pkg='baseline.com.ak.uobtimetable' uid=10641
08-03 19:26:34.468 16671 16671 I SettingsManager: Getting boolean: notifySessionRemindersEnabled
08-03 19:26:34.468 16671 16671 I SettingsManager: Getting int: notifySessionRemindersMinutes
08-03 19:26:34.468 16671 16671 I SettingsManager: Getting boolean: showHiddenSessions
08-03 19:26:34.471 16671 16671 I SessionReminderNotifier: Created session reminder alarm for f7b4771250a919bd729c1c5a4a459c77 at Mon 08:30:00 10/08/20
08-03 19:26:34.474 16671 16671 I SessionReminderNotifier: Created session reminder alarm for a7f879aabdeb78622c8820a5fb7b64cd at Tue 08:30:00 04/08/20
08-03 19:26:34.479 16671 16671 I SessionReminderNotifier: Created session reminder alarm for 7bc8d7e2c2055711f597c3d9078c6ea3 at Tue 08:30:00 04/08/20
08-03 19:26:34.482 16671 16671 I SessionReminderNotifier: Created session reminder alarm for 53c0527a6f009a1f2fd223834d3bfe51 at Tue 10:30:00 04/08/20
08-03 19:26:34.484 16671 16671 I SessionReminderNotifier: Created session reminder alarm for e0fc978b5db8218778540b4053344581 at Tue 11:00:00 04/08/20
08-03 19:26:34.486 16671 16671 I SessionReminderNotifier: Created session reminder alarm for 199afb0100f329ff65a09e1b0cd9deba at Tue 11:30:00 04/08/20
08-03 19:26:34.489   512  2967 D audio_hw_primary: disable_audio_route: reset and update mixer path: low-latency-playback speaker
08-03 19:26:34.491   512  2967 D audio_hw_primary: disable_snd_device: snd_device(2: speaker)
08-03 19:26:34.496 16671 16671 I SessionReminderNotifier: Created session reminder alarm for 21712fef61090882c855a1425543edb5 at Tue 13:30:00 04/08/20
08-03 19:26:34.500 16671 16671 I SessionReminderNotifier: Created session reminder alarm for 65ca4d97f031f29a4d02bbb45a705d8f at Wed 08:30:00 05/08/20
08-03 19:26:34.502   512  2967 I soundtrigger: audio_extn_sound_trigger_update_device_status: device 0x2 of type 0 for Event 0
08-03 19:26:34.503 16671 16671 I SessionReminderNotifier: Created session reminder alarm for eeda7741b0bcab58fd9f46dc6ef1d942 at Wed 08:30:00 05/08/20
08-03 19:26:34.509 16671 16671 I SessionReminderNotifier: Created session reminder alarm for c276c1b2075a0beb67f1b3d1e580f920 at Wed 11:00:00 05/08/20
08-03 19:26:34.512 16671 16671 I SessionReminderNotifier: Created session reminder alarm for 8b1f3627e42ae13a6f6ba0a83903dde1 at Wed 13:30:00 05/08/20
08-03 19:26:34.515 16671 16671 I SessionReminderNotifier: Created session reminder alarm for 79fe0b5c3b887a13ba29db5a33fa2800 at Thu 08:30:00 06/08/20
08-03 19:26:34.517 16671 16671 I SessionReminderNotifier: Created session reminder alarm for cb9dfc8231cdba2be0835dc5709690e1 at Thu 08:30:00 06/08/20
08-03 19:26:34.521 16671 16671 I SessionReminderNotifier: Created session reminder alarm for f850dc24d6de60b7b89fa9e1a8c224c5 at Thu 12:00:00 06/08/20
08-03 19:26:34.525 16671 16671 I SessionReminderNotifier: Created session reminder alarm for 2ba1034116e4fffdd592dbf0796a43d5 at Fri 08:30:00 07/08/20
08-03 19:26:34.525 16671 16671 I SettingsManager: Getting boolean: showHiddenSessions
08-03 19:26:34.526 16671 16671 D SessionListsFragment: 1 sessions for day 0
08-03 19:26:34.526 16671 16671 D SessionListsFragment: 6 sessions for day 1
08-03 19:26:34.526 16671 16671 D SessionListsFragment: 4 sessions for day 2
08-03 19:26:34.526 16671 16671 D SessionListsFragment: 3 sessions for day 3
08-03 19:26:34.526 16671 16671 D SessionListsFragment: 1 sessions for day 4
08-03 19:26:34.617 16671 16671 I SettingsManager: Getting boolean: showHiddenSessions
08-03 19:26:34.618 16671 16671 D SessionListsFragment: Refreshed ViewPager
08-03 19:26:34.618 16671 16671 I SettingsManager: Getting boolean: showHiddenSessions
08-03 19:26:34.618 16671 16671 I SettingsManager: Getting boolean: completedTutorial
08-03 19:26:34.618 16671 16671 I SettingsManager: Getting boolean: showHiddenSessions
08-03 19:26:34.618 16671 16671 I SettingsManager: Getting date: savedSessionsTime
08-03 19:26:34.625 16671 16671 I TermDatesFragment: Webview load %: 100
08-03 19:26:34.626 16671 16671 I TermDatesFragment: Webview load %: 100
08-03 19:26:34.740 16671 17047 I art     : Starting a blocking GC Explicit
08-03 19:26:34.826 14658 14658 I ServiceManager: Waiting for service AtCmdFwd...
08-03 19:26:34.854 16671 17047 I art     : Explicit concurrent mark sweep GC freed 78744(3MB) AllocSpace objects, 7(192KB) LOS objects, 30% free, 36MB/52MB, paused 1.735ms total 112.418ms
08-03 19:26:34.894 16671 17047 I art     : Starting a blocking GC Explicit
08-03 19:26:34.998 16671 17047 I art     : Explicit concurrent mark sweep GC freed 42181(1753KB) AllocSpace objects, 0(0B) LOS objects, 30% free, 36MB/52MB, paused 1.493ms total 103.162ms
08-03 19:26:35.032 16671 17047 I art     : Starting a blocking GC Explicit
08-03 19:26:35.130 16671 17047 I art     : Explicit concurrent mark sweep GC freed 38715(1602KB) AllocSpace objects, 0(0B) LOS objects, 30% free, 36MB/52MB, paused 1.693ms total 97.261ms
08-03 19:26:35.167 16671 17047 I art     : Starting a blocking GC Explicit
08-03 19:26:35.275 16671 17047 I art     : Explicit concurrent mark sweep GC freed 41040(1687KB) AllocSpace objects, 0(0B) LOS objects, 30% free, 37MB/53MB, paused 2.076ms total 108.477ms
08-03 19:26:35.312 16671 17047 I art     : Starting a blocking GC Explicit
08-03 19:26:35.425 16671 17047 I art     : Explicit concurrent mark sweep GC freed 37889(1570KB) AllocSpace objects, 0(0B) LOS objects, 29% free, 37MB/53MB, paused 1.841ms total 112.108ms
08-03 19:26:35.673 16671 16671 I Choreographer: Skipped 61 frames!  The application may be doing too much work on its main thread.
08-03 19:26:35.772 16671 16683 I art     : Starting a blocking GC Explicit
08-03 19:26:35.826 14658 14658 I ServiceManager: Waiting for service AtCmdFwd...
08-03 19:26:35.894 16671 16683 I art     : Explicit concurrent mark sweep GC freed 68428(2MB) AllocSpace objects, 1(20KB) LOS objects, 29% free, 37MB/53MB, paused 1.133ms total 121.834ms
08-03 19:26:35.934 16671 16683 I art     : Starting a blocking GC Explicit
08-03 19:26:36.001 16671 16683 I art     : Explicit concurrent mark sweep GC freed 123581(11MB) AllocSpace objects, 3(136KB) LOS objects, 37% free, 26MB/42MB, paused 894us total 66.459ms
08-03 19:26:36.024 16671 16683 I art     : Starting a blocking GC Explicit
08-03 19:26:36.073 16671 16683 I art     : Explicit concurrent mark sweep GC freed 3(96B) AllocSpace objects, 0(0B) LOS objects, 37% free, 26MB/42MB, paused 873us total 49.282ms
08-03 19:26:36.096 16671 16683 I art     : Starting a blocking GC Explicit
08-03 19:26:36.149 16671 16683 I art     : Explicit concurrent mark sweep GC freed 3(96B) AllocSpace objects, 0(0B) LOS objects, 37% free, 26MB/42MB, paused 901us total 51.877ms
08-03 19:26:36.174 16671 16683 I art     : Starting a blocking GC Explicit
08-03 19:26:36.227 16671 16683 I art     : Explicit concurrent mark sweep GC freed 32(1120B) AllocSpace objects, 0(0B) LOS objects, 37% free, 26MB/42MB, paused 748us total 52.952ms
08-03 19:26:36.587 16671 16683 I art     : Starting a blocking GC Explicit
08-03 19:26:36.650 16671 16683 I art     : Explicit concurrent mark sweep GC freed 1412(79KB) AllocSpace objects, 1(20KB) LOS objects, 37% free, 26MB/42MB, paused 855us total 62.726ms
08-03 19:26:36.676 16671 16683 I art     : Starting a blocking GC Explicit
08-03 19:26:36.728 16671 16683 I art     : Explicit concurrent mark sweep GC freed 18(624B) AllocSpace objects, 0(0B) LOS objects, 37% free, 26MB/42MB, paused 899us total 51.821ms
08-03 19:26:36.752 16671 16683 I art     : Starting a blocking GC Explicit
08-03 19:26:36.804 16671 16683 I art     : Explicit concurrent mark sweep GC freed 3(96B) AllocSpace objects, 0(0B) LOS objects, 37% free, 26MB/42MB, paused 669us total 51.550ms
08-03 19:26:36.827 14658 14658 W Atfwd_Sendcmd: AtCmdFwd service not published, waiting... retryCnt : 5
08-03 19:26:36.828 16671 16683 I art     : Starting a blocking GC Explicit
08-03 19:26:36.880 16671 16683 I art     : Explicit concurrent mark sweep GC freed 3(96B) AllocSpace objects, 0(0B) LOS objects, 37% free, 26MB/42MB, paused 959us total 52.025ms
08-03 19:26:36.904 16671 16683 I art     : Starting a blocking GC Explicit
08-03 19:26:36.959 16671 16683 I art     : Explicit concurrent mark sweep GC freed 3(96B) AllocSpace objects, 0(0B) LOS objects, 37% free, 26MB/42MB, paused 923us total 54.374ms
08-03 19:26:37.324 16671 16885 I art     : Starting a blocking GC Explicit
08-03 19:26:37.392 16671 16885 I art     : Explicit concurrent mark sweep GC freed 1316(76KB) AllocSpace objects, 1(20KB) LOS objects, 37% free, 26MB/42MB, paused 746us total 67ms
08-03 19:26:37.416 16671 16885 I art     : Starting a blocking GC Explicit
08-03 19:26:37.468 16671 16885 I art     : Explicit concurrent mark sweep GC freed 18(624B) AllocSpace objects, 0(0B) LOS objects, 37% free, 26MB/42MB, paused 609us total 51.370ms
08-03 19:26:37.491 16671 16885 I art     : Starting a blocking GC Explicit
08-03 19:26:37.543 16671 16885 I art     : Explicit concurrent mark sweep GC freed 3(96B) AllocSpace objects, 0(0B) LOS objects, 37% free, 26MB/42MB, paused 643us total 51.450ms
08-03 19:26:37.566 16671 16885 I art     : Starting a blocking GC Explicit
08-03 19:26:37.618 16671 16885 I art     : Explicit concurrent mark sweep GC freed 3(96B) AllocSpace objects, 0(0B) LOS objects, 37% free, 26MB/42MB, paused 916us total 51.349ms
08-03 19:26:37.642 16671 16885 I art     : Starting a blocking GC Explicit
08-03 19:26:37.693 16671 16885 I art     : Explicit concurrent mark sweep GC freed 3(96B) AllocSpace objects, 0(0B) LOS objects, 37% free, 26MB/42MB, paused 617us total 50.959ms
08-03 19:26:37.769   518   646 I ThermalEngine: ACTION: GPU - Setting GPU[0] to 450000000
08-03 19:26:38.063 16671 16684 I art     : Starting a blocking GC Explicit
08-03 19:26:38.120 16671 16684 I art     : Explicit concurrent mark sweep GC freed 1292(75KB) AllocSpace objects, 1(20KB) LOS objects, 37% free, 26MB/42MB, paused 537us total 56.537ms
08-03 19:26:38.138 16671 16684 I art     : Starting a blocking GC Explicit
08-03 19:26:38.184 16671 16684 I art     : Explicit concurrent mark sweep GC freed 18(624B) AllocSpace objects, 0(0B) LOS objects, 37% free, 26MB/42MB, paused 499us total 46.204ms
08-03 19:26:38.201 16671 16684 I art     : Starting a blocking GC Explicit
08-03 19:26:38.242 16671 16684 I art     : Explicit concurrent mark sweep GC freed 3(96B) AllocSpace objects, 0(0B) LOS objects, 37% free, 26MB/42MB, paused 463us total 40.438ms
08-03 19:26:38.257 16671 16684 I art     : Starting a blocking GC Explicit
08-03 19:26:38.297 16671 16684 I art     : Explicit concurrent mark sweep GC freed 3(96B) AllocSpace objects, 0(0B) LOS objects, 37% free, 26MB/42MB, paused 526us total 39.894ms
08-03 19:26:38.312 16671 16684 I art     : Starting a blocking GC Explicit
08-03 19:26:38.353 16671 16684 I art     : Explicit concurrent mark sweep GC freed 3(96B) AllocSpace objects, 0(0B) LOS objects, 37% free, 26MB/42MB, paused 498us total 40.660ms
08-03 19:26:38.690 16671 17047 I art     : Starting a blocking GC Explicit
08-03 19:26:38.742 16671 17047 I art     : Explicit concurrent mark sweep GC freed 1305(76KB) AllocSpace objects, 1(20KB) LOS objects, 37% free, 26MB/42MB, paused 572us total 51.377ms
08-03 19:26:38.758 17735 17735 D AndroidRuntime: >>>>>> START com.android.internal.os.RuntimeInit uid 2000 <<<<<<
08-03 19:26:38.759 16671 17047 I art     : Starting a blocking GC Explicit
08-03 19:26:38.763 17735 17735 D AndroidRuntime: CheckJNI is OFF
08-03 19:26:38.798 16671 17047 I art     : Explicit concurrent mark sweep GC freed 18(624B) AllocSpace objects, 0(0B) LOS objects, 37% free, 26MB/42MB, paused 543us total 39.621ms
08-03 19:26:38.807 17735 17735 D ICU     : No timezone override file found: /data/misc/zoneinfo/current/icu/icu_tzdata.dat
08-03 19:26:38.813 16671 17047 I art     : Starting a blocking GC Explicit
08-03 19:26:38.849 17735 17735 I Radio-JNI: register_android_hardware_Radio DONE
08-03 19:26:38.853 16671 17047 I art     : Explicit concurrent mark sweep GC freed 6(144B) AllocSpace objects, 0(0B) LOS objects, 37% free, 26MB/42MB, paused 466us total 38.966ms
08-03 19:26:38.868 16671 17047 I art     : Starting a blocking GC Explicit
08-03 19:26:38.878 17735 17735 D AndroidRuntime: Calling main entry com.android.commands.input.Input
08-03 19:26:38.881 17735 17735 I Input   : injectMotionEvent: MotionEvent { action=ACTION_DOWN, actionButton=0, id[0]=0, x[0]=81.0, y[0]=176.0, toolType[0]=TOOL_TYPE_UNKNOWN, buttonState=0, metaState=0, flags=0x0, edgeFlags=0x0, pointerCount=1, historySize=0, eventTime=646015293, downTime=646015293, deviceId=0, source=0x1002 }
08-03 19:26:38.889 17735 17735 I Input   : injectMotionEvent: MotionEvent { action=ACTION_UP, actionButton=0, id[0]=0, x[0]=81.0, y[0]=176.0, toolType[0]=TOOL_TYPE_UNKNOWN, buttonState=0, metaState=0, flags=0x0, edgeFlags=0x0, pointerCount=1, historySize=0, eventTime=646015293, downTime=646015293, deviceId=0, source=0x1002 }
08-03 19:26:38.891 17735 17735 D AndroidRuntime: Shutting down VM
08-03 19:26:38.902   512  2967 D audio_hw_primary: out_set_parameters: enter: usecase(1: low-latency-playback) kvpairs: routing=2
08-03 19:26:38.907 16671 17047 I art     : Explicit concurrent mark sweep GC freed 52(2192B) AllocSpace objects, 0(0B) LOS objects, 37% free, 26MB/42MB, paused 484us total 38.841ms
08-03 19:26:38.917   512  2967 D audio_hw_primary: select_devices: out_snd_device(2: speaker) in_snd_device(0: none)
08-03 19:26:38.917   512  2967 D msm8974_platform: platform_send_audio_calibration: sending audio calibration for snd_device(2) acdb_id(15)
08-03 19:26:38.917   512  2967 I soundtrigger: audio_extn_sound_trigger_update_device_status: device 0x2 of type 0 for Event 1
08-03 19:26:38.922 16671 17047 I art     : Starting a blocking GC Explicit
08-03 19:26:38.927   512  2967 D audio_hw_primary: enable_snd_device: snd_device(2: speaker)
08-03 19:26:38.929   512  2967 D audio_hw_primary: enable_audio_route: apply and update mixer path: low-latency-playback speaker
08-03 19:26:38.937 13866 13866 I GoogleInputMethodServic: GoogleInputMethodService.onFinishInput():3138 
08-03 19:26:38.938 13866 13866 I GoogleInputMethodServic: GoogleInputMethodService.onStartInput():1808 
08-03 19:26:38.960 16671 17047 I art     : Explicit concurrent mark sweep GC freed 184(6KB) AllocSpace objects, 0(0B) LOS objects, 37% free, 26MB/42MB, paused 473us total 38.216ms
08-03 19:26:39.258 16671 16684 I art     : Starting a blocking GC Explicit
08-03 19:26:39.305 16671 16684 I art     : Explicit concurrent mark sweep GC freed 1699(99KB) AllocSpace objects, 1(20KB) LOS objects, 37% free, 26MB/42MB, paused 487us total 46.352ms
08-03 19:26:39.323 16671 16684 I art     : Starting a blocking GC Explicit
08-03 19:26:39.366 16671 16684 I art     : Explicit concurrent mark sweep GC freed 31(1232B) AllocSpace objects, 0(0B) LOS objects, 37% free, 26MB/42MB, paused 485us total 42.760ms
08-03 19:26:39.384 16671 16684 I art     : Starting a blocking GC Explicit
08-03 19:26:39.425 16671 16684 I art     : Explicit concurrent mark sweep GC freed 5(160B) AllocSpace objects, 0(0B) LOS objects, 37% free, 26MB/42MB, paused 473us total 40.656ms
08-03 19:26:39.440 16671 16684 I art     : Starting a blocking GC Explicit
08-03 19:26:39.479   512  2967 D audio_hw_primary: disable_audio_route: reset and update mixer path: low-latency-playback speaker
08-03 19:26:39.479 16671 16684 I art     : Explicit concurrent mark sweep GC freed 3(96B) AllocSpace objects, 0(0B) LOS objects, 37% free, 26MB/42MB, paused 490us total 39.619ms
08-03 19:26:39.480   512  2967 D audio_hw_primary: disable_snd_device: snd_device(2: speaker)
08-03 19:26:39.488   512  2967 I soundtrigger: audio_extn_sound_trigger_update_device_status: device 0x2 of type 0 for Event 0
08-03 19:26:39.494 16671 16684 I art     : Starting a blocking GC Explicit
08-03 19:26:39.536 16671 16684 I art     : Explicit concurrent mark sweep GC freed 5(160B) AllocSpace objects, 0(0B) LOS objects, 37% free, 26MB/42MB, paused 483us total 40.968ms
08-03 19:26:39.848 16671 16885 I art     : Starting a blocking GC Explicit
08-03 19:26:39.903 16671 16885 I art     : Explicit concurrent mark sweep GC freed 1292(75KB) AllocSpace objects, 1(20KB) LOS objects, 37% free, 26MB/42MB, paused 519us total 54.434ms
08-03 19:26:39.922 16671 16885 I art     : Starting a blocking GC Explicit
08-03 19:26:39.967 16671 16885 I art     : Explicit concurrent mark sweep GC freed 38(1376B) AllocSpace objects, 0(0B) LOS objects, 37% free, 26MB/42MB, paused 495us total 44.739ms
08-03 19:26:39.983 16671 16885 I art     : Starting a blocking GC Explicit
08-03 19:26:40.025 16671 16885 I art     : Explicit concurrent mark sweep GC freed 3(96B) AllocSpace objects, 0(0B) LOS objects, 37% free, 26MB/42MB, paused 491us total 41.759ms
08-03 19:26:40.040 16671 16885 I art     : Starting a blocking GC Explicit
08-03 19:26:40.083 16671 16885 I art     : Explicit concurrent mark sweep GC freed 3(96B) AllocSpace objects, 0(0B) LOS objects, 37% free, 26MB/42MB, paused 494us total 42.219ms
08-03 19:26:40.099 16671 16885 I art     : Starting a blocking GC Explicit
08-03 19:26:40.140 16671 16885 I art     : Explicit concurrent mark sweep GC freed 3(96B) AllocSpace objects, 0(0B) LOS objects, 37% free, 26MB/42MB, paused 484us total 41.198ms
08-03 19:26:40.450 16671 16683 I art     : Starting a blocking GC Explicit
08-03 19:26:40.501 16671 16683 I art     : Explicit concurrent mark sweep GC freed 1292(75KB) AllocSpace objects, 1(20KB) LOS objects, 37% free, 26MB/42MB, paused 519us total 50.918ms
08-03 19:26:40.519 16671 16683 I art     : Starting a blocking GC Explicit
08-03 19:26:40.561 16671 16683 I art     : Explicit concurrent mark sweep GC freed 20(688B) AllocSpace objects, 0(0B) LOS objects, 37% free, 26MB/42MB, paused 487us total 41.470ms
08-03 19:26:40.576 16671 16683 I art     : Starting a blocking GC Explicit
08-03 19:26:40.614 16671 16683 I art     : Explicit concurrent mark sweep GC freed 9(288B) AllocSpace objects, 0(0B) LOS objects, 37% free, 26MB/42MB, paused 472us total 37.569ms
08-03 19:26:40.629 16671 16683 I art     : Starting a blocking GC Explicit
08-03 19:26:40.667 16671 16683 I art     : Explicit concurrent mark sweep GC freed 10(320B) AllocSpace objects, 0(0B) LOS objects, 37% free, 26MB/42MB, paused 471us total 37.551ms
08-03 19:26:40.668 17779 17779 D AndroidRuntime: >>>>>> START com.android.internal.os.RuntimeInit uid 2000 <<<<<<
08-03 19:26:40.674 17779 17779 D AndroidRuntime: CheckJNI is OFF
08-03 19:26:40.682 16671 16683 I art     : Starting a blocking GC Explicit
08-03 19:26:40.716 17779 17779 D ICU     : No timezone override file found: /data/misc/zoneinfo/current/icu/icu_tzdata.dat
08-03 19:26:40.720 16671 16683 I art     : Explicit concurrent mark sweep GC freed 10(320B) AllocSpace objects, 0(0B) LOS objects, 37% free, 26MB/42MB, paused 456us total 38.424ms
08-03 19:26:40.772 17779 17779 I Radio-JNI: register_android_hardware_Radio DONE
08-03 19:26:40.802 17779 17779 D AndroidRuntime: Calling main entry com.android.commands.input.Input
08-03 19:26:40.804 17779 17779 I Input   : injectMotionEvent: MotionEvent { action=ACTION_DOWN, actionButton=0, id[0]=0, x[0]=436.0, y[0]=1770.0, toolType[0]=TOOL_TYPE_UNKNOWN, buttonState=0, metaState=0, flags=0x0, edgeFlags=0x0, pointerCount=1, historySize=0, eventTime=646017217, downTime=646017217, deviceId=0, source=0x1002 }
08-03 19:26:40.810 17779 17779 I Input   : injectMotionEvent: MotionEvent { action=ACTION_UP, actionButton=0, id[0]=0, x[0]=436.0, y[0]=1770.0, toolType[0]=TOOL_TYPE_UNKNOWN, buttonState=0, metaState=0, flags=0x0, edgeFlags=0x0, pointerCount=1, historySize=0, eventTime=646017217, downTime=646017217, deviceId=0, source=0x1002 }
08-03 19:26:40.812 17779 17779 D AndroidRuntime: Shutting down VM
08-03 19:26:40.817 16671 16671 D MainActivity: NavigationItemSelected: Courses
08-03 19:26:40.819   512  2967 D audio_hw_primary: out_set_parameters: enter: usecase(1: low-latency-playback) kvpairs: routing=2
08-03 19:26:40.821   918  3359 I ActivityManager: START u0 {cmp=baseline.com.ak.uobtimetable/.CourseListActivity} from uid 10641 on display 0
08-03 19:26:40.830 16671 16671 D MainActivity: OnPause
08-03 19:26:40.832   512  2967 D audio_hw_primary: select_devices: out_snd_device(2: speaker) in_snd_device(0: none)
08-03 19:26:40.832   512  2967 D msm8974_platform: platform_send_audio_calibration: sending audio calibration for snd_device(2) acdb_id(15)
08-03 19:26:40.833   512  2967 I soundtrigger: audio_extn_sound_trigger_update_device_status: device 0x2 of type 0 for Event 1
08-03 19:26:40.850   512  2967 D audio_hw_primary: enable_snd_device: snd_device(2: speaker)
08-03 19:26:40.853   512  2967 D audio_hw_primary: enable_audio_route: apply and update mixer path: low-latency-playback speaker
08-03 19:26:40.883 16671 16671 D CourseListActivity: onCreate
08-03 19:26:40.885 16671 17806 D HTTP    : Request for: https://uob-timetable-api.adriankeenan.co.uk/courses
08-03 19:26:40.918   918  3188 I hubconnection: sensorhub said: 'set_bias 3: -6.2400, 0.0000, 0.0000'
08-03 19:26:40.948   918   936 I ActivityManager: Displayed baseline.com.ak.uobtimetable/.CourseListActivity: +117ms
08-03 19:26:40.949 13866 13866 I GoogleInputMethodServic: GoogleInputMethodService.onFinishInput():3138 
08-03 19:26:40.950 13866 13866 I GoogleInputMethodServic: GoogleInputMethodService.onStartInput():1808 
08-03 19:26:41.018 16671 16683 I art     : Starting a blocking GC Explicit
08-03 19:26:41.061 16671 16683 I art     : Explicit concurrent mark sweep GC freed 4000(221KB) AllocSpace objects, 1(20KB) LOS objects, 37% free, 26MB/42MB, paused 546us total 42.169ms
08-03 19:26:41.078 16671 16683 I art     : Starting a blocking GC Explicit
08-03 19:26:41.127 16671 16683 I art     : Explicit concurrent mark sweep GC freed 2970(162KB) AllocSpace objects, 3(200KB) LOS objects, 37% free, 26MB/42MB, paused 668us total 48.740ms
08-03 19:26:41.145 16671 16683 I art     : Starting a blocking GC Explicit
08-03 19:26:41.159 16671 17806 I NAPPA_EXPERIMENTATION: MetricNetworkRequestExecutionTime: REQUEST_DURATION_SYSTEM='273',REQUEST_DURATION_OKHTTP='35',REQUEST_SYNCHRONOUS='TRUE',RESPONSE_CODE='200',RESPONSE_METHOD='GET',RESPONSE_LENGTH_OKHTTP='-1',RESPONSE_LENGTH_HEADER='-2',REQUEST_PROTOCOL='http/1.1',REQUEST_URL='https://uob-timetable-api.adriankeenan.co.uk/courses',
08-03 19:26:41.192 16671 16683 I art     : Explicit concurrent mark sweep GC freed 1105(131KB) AllocSpace objects, 0(0B) LOS objects, 36% free, 27MB/43MB, paused 550us total 46.848ms
08-03 19:26:41.210 16671 16683 I art     : Starting a blocking GC Explicit
08-03 19:26:41.249 16671 16683 I art     : Explicit concurrent mark sweep GC freed 79(3KB) AllocSpace objects, 0(0B) LOS objects, 33% free, 31MB/47MB, paused 547us total 39.497ms
08-03 19:26:41.264 16671 16683 I art     : Starting a blocking GC Explicit
08-03 19:26:41.301 16671 16683 I art     : Explicit concurrent mark sweep GC freed 15(384B) AllocSpace objects, 0(0B) LOS objects, 31% free, 34MB/50MB, paused 515us total 37.253ms
08-03 19:26:41.334 16671 16671 D MainActivity: Saving state
08-03 19:26:41.334 16671 16671 D MainActivity: Saving current fragment: SessionListsFragment
08-03 19:26:41.334 16671 16671 D MainActivity: Saving current index: 1
08-03 19:26:41.336 16671 16671 D SessionListsFragment: Saving state
08-03 19:26:41.390   512  2967 D audio_hw_primary: disable_audio_route: reset and update mixer path: low-latency-playback speaker
08-03 19:26:41.391   512  2967 D audio_hw_primary: disable_snd_device: snd_device(2: speaker)
08-03 19:26:41.398   512  2967 I soundtrigger: audio_extn_sound_trigger_update_device_status: device 0x2 of type 0 for Event 0
08-03 19:26:41.593 16671 17806 I HTTP    : Response was compressed.
08-03 19:26:41.602 16671 17047 I art     : Starting a blocking GC Explicit
08-03 19:26:41.655 16671 17047 I art     : Explicit concurrent mark sweep GC freed 24571(1141KB) AllocSpace objects, 2(22MB) LOS objects, 27% free, 41MB/57MB, paused 858us total 52.402ms
08-03 19:26:41.670 16671 17047 I art     : Starting a blocking GC Explicit
08-03 19:26:41.714 16671 17047 I art     : Explicit concurrent mark sweep GC freed 31571(1483KB) AllocSpace objects, 0(0B) LOS objects, 27% free, 41MB/57MB, paused 844us total 44.114ms
08-03 19:26:41.729 16671 17047 I art     : Starting a blocking GC Explicit
08-03 19:26:41.775 16671 17047 I art     : Explicit concurrent mark sweep GC freed 29230(1386KB) AllocSpace objects, 0(0B) LOS objects, 27% free, 42MB/58MB, paused 857us total 46.073ms
08-03 19:26:41.791 16671 17047 I art     : Starting a blocking GC Explicit
08-03 19:26:41.837 16671 17047 I art     : Explicit concurrent mark sweep GC freed 29501(1390KB) AllocSpace objects, 0(0B) LOS objects, 27% free, 42MB/58MB, paused 847us total 46.203ms
08-03 19:26:41.853 16671 17047 I art     : Starting a blocking GC Explicit
08-03 19:26:41.899 16671 17047 I art     : Explicit concurrent mark sweep GC freed 29355(1379KB) AllocSpace objects, 0(0B) LOS objects, 27% free, 42MB/58MB, paused 910us total 46.471ms
08-03 19:26:42.211 16671 16683 I art     : Starting a blocking GC Explicit
08-03 19:26:42.278 16671 16683 I art     : Explicit concurrent mark sweep GC freed 171790(7MB) AllocSpace objects, 1(20KB) LOS objects, 26% free, 44MB/60MB, paused 820us total 66.319ms
08-03 19:26:42.297 16671 16683 I art     : Starting a blocking GC Explicit
08-03 19:26:42.346 16671 16683 I art     : Explicit concurrent mark sweep GC freed 38632(1825KB) AllocSpace objects, 0(0B) LOS objects, 26% free, 44MB/60MB, paused 912us total 49.482ms
08-03 19:26:42.364 16671 16683 I art     : Starting a blocking GC Explicit
08-03 19:26:42.414 16671 16683 I art     : Explicit concurrent mark sweep GC freed 32541(1539KB) AllocSpace objects, 0(0B) LOS objects, 26% free, 44MB/60MB, paused 1.034ms total 49.644ms
08-03 19:26:42.430 16671 16683 I art     : Starting a blocking GC Explicit
08-03 19:26:42.481 16671 16683 I art     : Explicit concurrent mark sweep GC freed 32214(1509KB) AllocSpace objects, 0(0B) LOS objects, 26% free, 44MB/60MB, paused 1.042ms total 50.364ms
08-03 19:26:42.497 16671 16683 I art     : Starting a blocking GC Explicit
08-03 19:26:42.549 16671 16683 I art     : Explicit concurrent mark sweep GC freed 32737(1559KB) AllocSpace objects, 0(0B) LOS objects, 26% free, 44MB/60MB, paused 1.011ms total 51.652ms
08-03 19:26:42.775   518   646 I ThermalEngine: ACTION: GPU - Setting GPU[0] to 390000000
08-03 19:26:42.854 16671 17047 I art     : Starting a blocking GC Explicit
08-03 19:26:42.925 16671 17047 I art     : Explicit concurrent mark sweep GC freed 175439(8MB) AllocSpace objects, 1(20KB) LOS objects, 25% free, 46MB/62MB, paused 892us total 70.141ms
08-03 19:26:42.944 16671 17047 I art     : Starting a blocking GC Explicit
08-03 19:26:43.003 16671 17047 I art     : Explicit concurrent mark sweep GC freed 42901(2043KB) AllocSpace objects, 0(0B) LOS objects, 25% free, 46MB/62MB, paused 1.188ms total 58.794ms
08-03 19:26:43.021 16671 17047 I art     : Starting a blocking GC Explicit
08-03 19:26:43.080 16671 17047 I art     : Explicit concurrent mark sweep GC freed 36431(1714KB) AllocSpace objects, 0(0B) LOS objects, 25% free, 46MB/62MB, paused 1.192ms total 59.068ms
08-03 19:26:43.099 16671 17047 I art     : Starting a blocking GC Explicit
08-03 19:26:43.160 16671 17047 I art     : Explicit concurrent mark sweep GC freed 36849(1729KB) AllocSpace objects, 0(0B) LOS objects, 25% free, 47MB/63MB, paused 1.418ms total 60.557ms
08-03 19:26:43.160 16671 16682 I art     : WaitForGcToComplete blocked for 40.011ms for cause HeapTrim
08-03 19:26:43.179 16671 17047 I art     : Starting a blocking GC Explicit
08-03 19:26:43.240 16671 17047 I art     : Explicit concurrent mark sweep GC freed 37535(1757KB) AllocSpace objects, 0(0B) LOS objects, 25% free, 47MB/63MB, paused 1.310ms total 61.040ms
08-03 19:26:43.567 16671 17047 I art     : Starting a blocking GC Explicit
08-03 19:26:43.574  5179  5194 D QcrilMsgTunnelSocket: readRilMessage: Buffer = [B@671e81d HexData = [010000000404000011000000514f454d484f4f4bef0308000100000003]
08-03 19:26:43.574  5179  5194 D QcrilMsgTunnelSocket: Rcvd UNSOL response with 28 bytes data for SUB0
08-03 19:26:43.575  5179  5194 D QcrilMsgTunnelSocket: Response ID 525295 is not served in this process.
08-03 19:26:43.575  5179  5194 D QcrilMsgTunnelSocket: To broadcast an Intent via the notifier to external apps
08-03 19:26:43.575  5179  5179 D QcrilMsgTunnelIfaceManager: handleMessage what = 0
08-03 19:26:43.575  5179  5179 D QcrilMsgTunnelIfaceManager: Broadcasting intent ACTION_UNSOL_RESPONSE_OEM_HOOK_RAW
08-03 19:26:43.576  5164  5164 D QC_RIL_OEM_HOOK: Received Broadcast Intent ACTION_UNSOL_RESPONSE_OEM_HOOK_RAW
08-03 19:26:43.577  5164  5164 D QC_RIL_OEM_HOOK: Oem ID in QCRILHOOK UNSOL RESP is QOEMHOOK
08-03 19:26:43.650 16671 17047 I art     : Explicit concurrent mark sweep GC freed 183815(8MB) AllocSpace objects, 1(20KB) LOS objects, 24% free, 49MB/65MB, paused 1.069ms total 82.773ms
08-03 19:26:43.672 16671 17047 I art     : Starting a blocking GC Explicit
08-03 19:26:43.738 16671 17047 I art     : Explicit concurrent mark sweep GC freed 46723(2MB) AllocSpace objects, 0(0B) LOS objects, 24% free, 49MB/65MB, paused 1.359ms total 66.560ms
08-03 19:26:43.758 16671 17047 I art     : Starting a blocking GC Explicit
08-03 19:26:43.855 16671 17047 I art     : Explicit concurrent mark sweep GC freed 50497(2MB) AllocSpace objects, 0(0B) LOS objects, 24% free, 49MB/65MB, paused 2.057ms total 96.072ms
08-03 19:26:43.892 16671 17047 I art     : Starting a blocking GC Explicit
08-03 19:26:43.993 16671 17047 I art     : Explicit concurrent mark sweep GC freed 61437(2MB) AllocSpace objects, 0(0B) LOS objects, 24% free, 49MB/65MB, paused 1.966ms total 100.506ms
08-03 19:26:44.029 16671 17047 I art     : Starting a blocking GC Explicit
08-03 19:26:44.133 16671 17047 I art     : Explicit concurrent mark sweep GC freed 63027(2MB) AllocSpace objects, 0(0B) LOS objects, 24% free, 50MB/66MB, paused 2.366ms total 103.670ms
08-03 19:26:44.479 16671 17047 I art     : Starting a blocking GC Explicit
08-03 19:26:44.627 16671 17047 I art     : Explicit concurrent mark sweep GC freed 211084(9MB) AllocSpace objects, 1(20KB) LOS objects, 23% free, 52MB/68MB, paused 1.945ms total 148.264ms
08-03 19:26:44.670 16671 17047 I art     : Starting a blocking GC Explicit
08-03 19:26:44.780 16671 17047 I art     : Explicit concurrent mark sweep GC freed 80968(3MB) AllocSpace objects, 0(0B) LOS objects, 23% free, 52MB/68MB, paused 2.253ms total 110.575ms
08-03 19:26:44.805 16671 17806 I Service : getCourses response time: 0.69
08-03 19:26:44.818 16671 16671 I SettingsManager: Getting string: savedCourse
08-03 19:26:44.820 16671 17047 I art     : Starting a blocking GC Explicit
08-03 19:26:44.928 16671 17047 I art     : Explicit concurrent mark sweep GC freed 18915(938KB) AllocSpace objects, 1(14MB) LOS objects, 29% free, 37MB/53MB, paused 1.476ms total 107.462ms
08-03 19:26:44.969 16671 17047 I art     : Starting a blocking GC Explicit
08-03 19:26:45.072 16671 17047 I art     : Explicit concurrent mark sweep GC freed 865(37KB) AllocSpace objects, 0(0B) LOS objects, 29% free, 37MB/53MB, paused 989us total 103.357ms
08-03 19:26:45.114 16671 17047 I art     : Starting a blocking GC Explicit
08-03 19:26:45.234 16671 17047 I art     : Explicit concurrent mark sweep GC freed 696(64KB) AllocSpace objects, 0(0B) LOS objects, 29% free, 37MB/53MB, paused 768us total 119.826ms
08-03 19:26:45.502 16671 16684 I art     : Starting a blocking GC Explicit
08-03 19:26:45.636 16671 16684 I art     : Explicit concurrent mark sweep GC freed 1294(75KB) AllocSpace objects, 1(20KB) LOS objects, 29% free, 37MB/53MB, paused 785us total 133.463ms
08-03 19:26:45.681 16671 16684 I art     : Starting a blocking GC Explicit
08-03 19:26:45.801 16671 16684 I art     : Explicit concurrent mark sweep GC freed 18(624B) AllocSpace objects, 0(0B) LOS objects, 29% free, 37MB/53MB, paused 1.090ms total 119.605ms
08-03 19:26:45.843 16671 16684 I art     : Starting a blocking GC Explicit
08-03 19:26:45.953 16671 16684 I art     : Explicit concurrent mark sweep GC freed 3(96B) AllocSpace objects, 0(0B) LOS objects, 29% free, 37MB/53MB, paused 694us total 108.739ms
08-03 19:26:45.994 16671 16684 I art     : Starting a blocking GC Explicit
08-03 19:26:46.115 16671 16684 I art     : Explicit concurrent mark sweep GC freed 3(96B) AllocSpace objects, 0(0B) LOS objects, 29% free, 37MB/53MB, paused 779us total 120.680ms
08-03 19:26:46.161 16671 16684 I art     : Starting a blocking GC Explicit
08-03 19:26:46.279 16671 16684 I art     : Explicit concurrent mark sweep GC freed 3(96B) AllocSpace objects, 0(0B) LOS objects, 29% free, 37MB/53MB, paused 773us total 116.640ms
08-03 19:26:46.531 16671 16885 I art     : Starting a blocking GC Explicit
08-03 19:26:46.653 16671 16885 I art     : Explicit concurrent mark sweep GC freed 1295(75KB) AllocSpace objects, 1(20KB) LOS objects, 29% free, 37MB/53MB, paused 885us total 121.294ms
08-03 19:26:46.706 16671 16885 I art     : Starting a blocking GC Explicit
08-03 19:26:46.785   518   646 I ThermalEngine: ACTION: GPU - Setting GPU[0] to 450000000
08-03 19:26:46.807 16671 16885 I art     : Explicit concurrent mark sweep GC freed 18(624B) AllocSpace objects, 0(0B) LOS objects, 29% free, 37MB/53MB, paused 532us total 100.554ms
08-03 19:26:46.831 16671 16885 I art     : Starting a blocking GC Explicit
08-03 19:26:46.905 16671 16885 I art     : Explicit concurrent mark sweep GC freed 3(96B) AllocSpace objects, 0(0B) LOS objects, 29% free, 37MB/53MB, paused 541us total 73.547ms
08-03 19:26:46.929 16671 16885 I art     : Starting a blocking GC Explicit
08-03 19:26:47.013 16671 16885 I art     : Explicit concurrent mark sweep GC freed 3(96B) AllocSpace objects, 0(0B) LOS objects, 29% free, 37MB/53MB, paused 553us total 82.955ms
08-03 19:26:47.038 16671 16885 I art     : Starting a blocking GC Explicit
08-03 19:26:47.111 16671 16885 I art     : Explicit concurrent mark sweep GC freed 3(96B) AllocSpace objects, 0(0B) LOS objects, 29% free, 37MB/53MB, paused 487us total 72.961ms
08-03 19:26:47.421 16671 17047 I art     : Starting a blocking GC Explicit
08-03 19:26:47.510 16671 17047 I art     : Explicit concurrent mark sweep GC freed 1292(75KB) AllocSpace objects, 1(20KB) LOS objects, 29% free, 37MB/53MB, paused 543us total 88.289ms
08-03 19:26:47.534 16671 17047 I art     : Starting a blocking GC Explicit
08-03 19:26:47.610 16671 17047 I art     : Explicit concurrent mark sweep GC freed 18(624B) AllocSpace objects, 0(0B) LOS objects, 29% free, 37MB/53MB, paused 539us total 75.814ms
08-03 19:26:47.628 17895 17895 D AndroidRuntime: >>>>>> START com.android.internal.os.RuntimeInit uid 2000 <<<<<<
08-03 19:26:47.634 17895 17895 D AndroidRuntime: CheckJNI is OFF
08-03 19:26:47.636 16671 17047 I art     : Starting a blocking GC Explicit
08-03 19:26:47.679 17895 17895 D ICU     : No timezone override file found: /data/misc/zoneinfo/current/icu/icu_tzdata.dat
08-03 19:26:47.713 16671 17047 I art     : Explicit concurrent mark sweep GC freed 3(96B) AllocSpace objects, 0(0B) LOS objects, 29% free, 37MB/53MB, paused 568us total 76.730ms
08-03 19:26:47.723 17895 17895 I Radio-JNI: register_android_hardware_Radio DONE
08-03 19:26:47.737 16671 17047 I art     : Starting a blocking GC Explicit
08-03 19:26:47.754 17895 17895 D AndroidRuntime: Calling main entry com.android.commands.input.Input
08-03 19:26:47.756 17895 17895 I Input   : injectMotionEvent: MotionEvent { action=ACTION_DOWN, actionButton=0, id[0]=0, x[0]=648.0, y[0]=709.0, toolType[0]=TOOL_TYPE_UNKNOWN, buttonState=0, metaState=0, flags=0x0, edgeFlags=0x0, pointerCount=1, historySize=0, eventTime=646024169, downTime=646024169, deviceId=0, source=0x1002 }
08-03 19:26:47.765 17895 17895 I Input   : injectMotionEvent: MotionEvent { action=ACTION_UP, actionButton=0, id[0]=0, x[0]=648.0, y[0]=709.0, toolType[0]=TOOL_TYPE_UNKNOWN, buttonState=0, metaState=0, flags=0x0, edgeFlags=0x0, pointerCount=1, historySize=0, eventTime=646024169, downTime=646024169, deviceId=0, source=0x1002 }
08-03 19:26:47.767 17895 17895 D AndroidRuntime: Shutting down VM
08-03 19:26:47.814 16671 17047 I art     : Explicit concurrent mark sweep GC freed 20(960B) AllocSpace objects, 0(0B) LOS objects, 29% free, 37MB/53MB, paused 552us total 76.491ms
08-03 19:26:47.833   512  2967 D audio_hw_primary: out_set_parameters: enter: usecase(1: low-latency-playback) kvpairs: routing=2
08-03 19:26:47.839 16671 17047 I art     : Starting a blocking GC Explicit
08-03 19:26:47.846   512  2967 D audio_hw_primary: select_devices: out_snd_device(2: speaker) in_snd_device(0: none)
08-03 19:26:47.846   512  2967 D msm8974_platform: platform_send_audio_calibration: sending audio calibration for snd_device(2) acdb_id(15)
08-03 19:26:47.847   512  2967 I soundtrigger: audio_extn_sound_trigger_update_device_status: device 0x2 of type 0 for Event 1
08-03 19:26:47.858   512  2967 D audio_hw_primary: enable_snd_device: snd_device(2: speaker)
08-03 19:26:47.860   512  2967 D audio_hw_primary: enable_audio_route: apply and update mixer path: low-latency-playback speaker
08-03 19:26:47.909 16671 17047 I art     : Explicit concurrent mark sweep GC freed 677(44KB) AllocSpace objects, 1(20KB) LOS objects, 29% free, 37MB/53MB, paused 843us total 69.831ms
08-03 19:26:48.236 16671 16684 I art     : Starting a blocking GC Explicit
08-03 19:26:48.330 16671 16684 I art     : Explicit concurrent mark sweep GC freed 1472(92KB) AllocSpace objects, 1(20KB) LOS objects, 29% free, 37MB/53MB, paused 479us total 93.166ms
08-03 19:26:48.330 16671 16682 I art     : WaitForGcToComplete blocked for 89.831ms for cause HeapTrim
08-03 19:26:48.360 16671 16684 I art     : Starting a blocking GC Explicit
08-03 19:26:48.399   512  2967 D audio_hw_primary: disable_audio_route: reset and update mixer path: low-latency-playback speaker
08-03 19:26:48.400   512  2967 D audio_hw_primary: disable_snd_device: snd_device(2: speaker)
08-03 19:26:48.410   512  2967 I soundtrigger: audio_extn_sound_trigger_update_device_status: device 0x2 of type 0 for Event 0
08-03 19:26:48.449 16671 16684 I art     : Explicit concurrent mark sweep GC freed 51(2128B) AllocSpace objects, 0(0B) LOS objects, 29% free, 37MB/53MB, paused 519us total 88.576ms
08-03 19:26:48.478 16671 16684 I art     : Starting a blocking GC Explicit
08-03 19:26:48.557 16671 16684 I art     : Explicit concurrent mark sweep GC freed 3(96B) AllocSpace objects, 0(0B) LOS objects, 29% free, 37MB/53MB, paused 568us total 78.237ms
08-03 19:26:48.586 16671 16684 I art     : Starting a blocking GC Explicit
08-03 19:26:48.675 16671 16684 I art     : Explicit concurrent mark sweep GC freed 5(160B) AllocSpace objects, 0(0B) LOS objects, 29% free, 37MB/53MB, paused 541us total 88.015ms
08-03 19:26:48.699 16671 16684 I art     : Starting a blocking GC Explicit
08-03 19:26:48.772 16671 16684 I art     : Explicit concurrent mark sweep GC freed 5(160B) AllocSpace objects, 0(0B) LOS objects, 29% free, 37MB/53MB, paused 533us total 72.341ms
08-03 19:26:49.105 16671 17047 I art     : Starting a blocking GC Explicit
08-03 19:26:49.194 16671 17047 I art     : Explicit concurrent mark sweep GC freed 1292(75KB) AllocSpace objects, 1(20KB) LOS objects, 29% free, 37MB/53MB, paused 521us total 88.673ms
08-03 19:26:49.219 16671 17047 I art     : Starting a blocking GC Explicit
08-03 19:26:49.293 16671 17047 I art     : Explicit concurrent mark sweep GC freed 18(624B) AllocSpace objects, 0(0B) LOS objects, 29% free, 37MB/53MB, paused 514us total 73.870ms
08-03 19:26:49.317 16671 17047 I art     : Starting a blocking GC Explicit
08-03 19:26:49.392 16671 17047 I art     : Explicit concurrent mark sweep GC freed 3(96B) AllocSpace objects, 0(0B) LOS objects, 29% free, 37MB/53MB, paused 528us total 74.507ms
08-03 19:26:49.416 16671 17047 I art     : Starting a blocking GC Explicit
08-03 19:26:49.496 16671 17047 I art     : Explicit concurrent mark sweep GC freed 7(224B) AllocSpace objects, 0(0B) LOS objects, 29% free, 37MB/53MB, paused 513us total 79.419ms
08-03 19:26:49.526 16671 17047 I art     : Starting a blocking GC Explicit
08-03 19:26:49.580 17934 17934 D AndroidRuntime: >>>>>> START com.android.internal.os.RuntimeInit uid 2000 <<<<<<
08-03 19:26:49.586 17934 17934 D AndroidRuntime: CheckJNI is OFF
08-03 19:26:49.612 16671 17047 I art     : Explicit concurrent mark sweep GC freed 15(480B) AllocSpace objects, 0(0B) LOS objects, 29% free, 37MB/53MB, paused 780us total 85.633ms
08-03 19:26:49.644 17934 17934 D ICU     : No timezone override file found: /data/misc/zoneinfo/current/icu/icu_tzdata.dat
08-03 19:26:49.685 17934 17934 I Radio-JNI: register_android_hardware_Radio DONE
08-03 19:26:49.715 17934 17934 D AndroidRuntime: Calling main entry com.android.commands.input.Input
08-03 19:26:49.717 17934 17934 I Input   : injectMotionEvent: MotionEvent { action=ACTION_DOWN, actionButton=0, id[0]=0, x[0]=1197.0, y[0]=1456.0, toolType[0]=TOOL_TYPE_UNKNOWN, buttonState=0, metaState=0, flags=0x0, edgeFlags=0x0, pointerCount=1, historySize=0, eventTime=646026130, downTime=646026130, deviceId=0, source=0x1002 }
08-03 19:26:49.724 17934 17934 I Input   : injectMotionEvent: MotionEvent { action=ACTION_UP, actionButton=0, id[0]=0, x[0]=1197.0, y[0]=1456.0, toolType[0]=TOOL_TYPE_UNKNOWN, buttonState=0, metaState=0, flags=0x0, edgeFlags=0x0, pointerCount=1, historySize=0, eventTime=646026130, downTime=646026130, deviceId=0, source=0x1002 }
08-03 19:26:49.725 17934 17934 D AndroidRuntime: Shutting down VM
08-03 19:26:49.732   512  2967 D audio_hw_primary: out_set_parameters: enter: usecase(1: low-latency-playback) kvpairs: routing=2
08-03 19:26:49.746   512  2967 D audio_hw_primary: select_devices: out_snd_device(2: speaker) in_snd_device(0: none)
08-03 19:26:49.746   512  2967 D msm8974_platform: platform_send_audio_calibration: sending audio calibration for snd_device(2) acdb_id(15)
08-03 19:26:49.746   512  2967 I soundtrigger: audio_extn_sound_trigger_update_device_status: device 0x2 of type 0 for Event 1
08-03 19:26:49.753 16671 16671 I SettingsManager: Setting string: savedCourse
