--------- beginning of main
08-03 19:25:50.342   918   930 W ResourceType: ResTable_typeSpec entry count inconsistent: given 37, previously 42
08-03 19:25:50.342   918   930 W ResourceType: ResTable_typeSpec entry count inconsistent: given 2527, previously 2530
08-03 19:25:50.343 24365 16636 W GCM     : Unexpected forwarded intent: Intent { act=android.intent.action.PACKAGE_ADDED dat=package:baseline.com.ak.uobtimetable flg=0x4000010 cmp=com.google.android.gms/.chimera.PersistentIntentOperationService (has extras) }
08-03 19:25:50.343   918   930 W ResourceType: ResTable_typeSpec entry count inconsistent: given 2542, previously 2545
08-03 19:25:50.343   918   930 W ResourceType: ResTable_typeSpec entry count inconsistent: given 303, previously 1691
08-03 19:25:50.344 18789 18789 I Finsky  : [1] uah.a(18): PackageMonitorReceiverImpl - Received: android.intent.action.PACKAGE_ADDED, [jsPREe6yOOhrMreoEvcpPvP36yUmihacpIgcKsaLph8]
08-03 19:25:50.345 18789 18789 I Finsky  : [1] ubi.d(9): Invalidating cached PackageState for baseline.com.ak.uobtimetable
08-03 19:25:50.347 24365 16639 W GCM     : Unexpected forwarded intent: Intent { act=android.intent.action.PACKAGE_ADDED dat=package:baseline.com.ak.uobtimetable flg=0x4000010 cmp=com.google.android.gms/.chimera.PersistentIntentOperationService (has extras) }
08-03 19:25:50.348 18789 18789 I Finsky  : [1] lzi.c(2): Frosting ID looked up on UI thread. Caller should move to a background thread.
08-03 19:25:50.355 18789 18789 I Finsky  : [1] agsx.a(4): Do not start WearSupportService due to Wear service optimization
08-03 19:25:50.368 18789 18789 I Finsky  : [1] agsx.a(4): Do not start WearSupportService due to Wear service optimization
08-03 19:25:50.369 18789 18789 I Finsky  : [1] zko.a(1): Clearing split related stale data.
08-03 19:25:50.390 18789 16642 I Finsky  : [5679] eji.a(-1): Asset module storage cleared for package baseline.com.ak.uobtimetable.
--------- beginning of system
08-03 19:25:50.399   918   928 W ActivityManager: Unable to start service Intent { act=com.google.android.gms.auth.key.retrieval.service.START pkg=com.google.android.gms } U=0: not found
08-03 19:25:50.403 18789 18789 I Finsky  : [1] lzi.c(2): Frosting ID looked up on UI thread. Caller should move to a background thread.
08-03 19:25:50.418 24577 16635 I Auth    : [SupervisedAccountIntentOperation] onHandleIntent(): android.intent.action.PACKAGE_ADDED
08-03 19:25:50.419 24577 16635 I ChromeSync: [Sync,SyncIntentOperation] Handling the intent: Intent { act=android.intent.action.PACKAGE_ADDED dat=package:baseline.com.ak.uobtimetable flg=0x4000010 cmp=com.google.android.gms/.chimera.GmsIntentOperationService (has extras) }.
08-03 19:25:50.440 24577 16649 I FontLog : Package baseline.com.ak.uobtimetable has no metadata [CONTEXT service_id=132 ]
08-03 19:25:50.457   918  5132 W ActivityManager: Unbind failed: could not find connection for android.os.BinderProxy@f2162d9
08-03 19:25:50.486   918  5952 I AccountManagerService: getTypesVisibleToCaller: isPermitted? true
08-03 19:25:50.507 24577 24621 E GmsClient: unable to connect to service: com.google.android.gms.auth.key.retrieval.service.START on com.google.android.gms
08-03 19:25:50.550   918  5132 I AccountManagerService: getTypesVisibleToCaller: isPermitted? true
08-03 19:25:50.551 24577 16635 I ChromeSync: [Persistence,AffiliationManager] One of affiliation or grouping data for android://bz0hZa4nAJEtd0n5sRlXG7KAqctUMWVefv7Ki4mh1p6slZ9YO-n9gS9j8m9YCrsIyI2wIxrDHraumF9Y6pBLTA==@baseline.com.ak.uobtimetable/ was not found. Marking affiliation data as stale...
08-03 19:25:50.599 18789 16640 I Finsky  : [5677] lyv.run(-1): Wrote row to frosting DB: 2026
08-03 19:25:50.629   918  6029 I AccountManagerService: getTypesVisibleToCaller: isPermitted? true
08-03 19:25:50.676 18789 16640 I Finsky  : [5677] lyv.run(-1): Wrote row to frosting DB: 2027
08-03 19:25:50.722 24577 13316 I Icing   : IndexChimeraService.getServiceInterface callingPackage=com.google.android.gms componentName=AppsCorpus serviceId=36
08-03 19:25:50.751 24577 29796 W Icing   : No valid account for uploading user actions
08-03 19:25:50.778 24577 13294 I Icing   : IndexChimeraService.getServiceInterface callingPackage=com.google.android.gms componentName=null serviceId=30
08-03 19:25:50.803 18789 18789 I Finsky  : [1] xmu.a(8): SCH: Jobs in database: 1-1337 3-181 3-182 12-1 24-77777777 26-1414141414 
08-03 19:25:50.806 18789 18789 I Finsky  : [1] xio.a(57): SCH: ConstraintMapping: 24-77777777,  -> L: 0ms, D: 6018297ms, C: false, I: true, N: 0
08-03 19:25:50.807 18789 18789 I Finsky  : [1] xio.a(57): SCH: ConstraintMapping: 1-1337, 12-1,  -> L: 14588ms, D: 52802102ms, C: false, I: false, N: 1
08-03 19:25:50.807 18789 18789 I Finsky  : [1] xio.a(57): SCH: ConstraintMapping: 3-181,  -> L: 0ms, D: 84058409ms, C: false, I: true, N: 2
08-03 19:25:50.808 18789 18789 I Finsky  : [1] xio.a(57): SCH: ConstraintMapping: 3-182,  -> L: 0ms, D: 84058482ms, C: true, I: true, N: 2
08-03 19:25:50.809 18789 18789 I Finsky  : [1] xio.a(57): SCH: ConstraintMapping: 26-1414141414,  -> L: 13674350ms, D: 14574350ms, C: false, I: false, N: 0
08-03 19:25:50.809 24577 29796 I Icing   : Usage reports ok 1, Failed Usage reports 0, indexed 0, rejected 0
08-03 19:25:50.811 18789 16641 I Finsky  : [5678] gzn.a(-1): [ContentSync] finished, scheduled=true
08-03 19:25:50.812 24577 29796 W Icing   : No valid account for uploading user actions
08-03 19:25:50.813 24577 13294 I Icing   : IndexChimeraService.getServiceInterface callingPackage=com.google.android.gms componentName=null serviceId=36
08-03 19:25:50.818 14658 14658 I ServiceManager: Waiting for service AtCmdFwd...
08-03 19:25:50.824 24577 29796 I Icing   : Usage reports ok 0, Failed Usage reports 0, indexed 0, rejected 0
08-03 19:25:50.825 24577 29796 I Icing   : Indexing com.google.android.gms-internal.3p:MobileApplication from com.google.android.gms using seqno 763
08-03 19:25:50.840 18789 18789 I Finsky  : [1] xle.a(34): Cancelling existing jobscheduler jobs: 9014 9000 9015 9003 9011 9007 9006 9005 9002 9004 
08-03 19:25:50.841 18789 18789 I Finsky  : [1] xle.a(27): Scheduling job Id: 9001, L: 0, D: 6018297, C: false, I: true, N: 0
08-03 19:25:50.846 18789 18789 I Finsky  : [1] xle.a(27): Scheduling job Id: 9008, L: 14588, D: 52802102, C: false, I: false, N: 1
08-03 19:25:50.848 18789 18789 I Finsky  : [1] xle.a(27): Scheduling job Id: 9009, L: 0, D: 84058409, C: false, I: true, N: 2
08-03 19:25:50.851 18789 18789 I Finsky  : [1] xle.a(27): Scheduling job Id: 9010, L: 0, D: 84058482, C: true, I: true, N: 2
08-03 19:25:50.856 18789 18789 I Finsky  : [1] xle.a(27): Scheduling job Id: 9012, L: 13674350, D: 14574350, C: false, I: false, N: 0
08-03 19:25:50.857 18789 18789 I Finsky  : [1] xle.a(27): Scheduling job Id: 9013, L: 0, D: 6018297, C: false, I: true, N: 0
08-03 19:25:50.859 18789 18789 I Finsky  : [1] xle.a(27): Scheduling job Id: 9016, L: 14588, D: 52802102, C: false, I: false, N: 1
08-03 19:25:50.861 18789 18789 I Finsky  : [1] xle.a(27): Scheduling job Id: 9017, L: 0, D: 84058409, C: false, I: true, N: 2
08-03 19:25:50.862 18789 18789 I Finsky  : [1] xle.a(27): Scheduling job Id: 9018, L: 0, D: 84058482, C: true, I: true, N: 2
08-03 19:25:50.863 24577 29796 W Icing   : No valid account for uploading user actions
08-03 19:25:50.864 18789 18789 I Finsky  : [1] xle.a(27): Scheduling job Id: 9019, L: 13674350, D: 14574350, C: false, I: false, N: 0
08-03 19:25:50.874 16661 16661 D AndroidRuntime: >>>>>> START com.android.internal.os.RuntimeInit uid 2000 <<<<<<
08-03 19:25:50.877 16661 16661 D AndroidRuntime: CheckJNI is OFF
08-03 19:25:50.880 24577 29796 I Icing   : Usage reports ok 0, Failed Usage reports 0, indexed 0, rejected 0
08-03 19:25:50.899 16661 16661 D ICU     : No timezone override file found: /data/misc/zoneinfo/current/icu/icu_tzdata.dat
08-03 19:25:50.926 16661 16661 I Radio-JNI: register_android_hardware_Radio DONE
08-03 19:25:50.942 16661 16661 D AndroidRuntime: Calling main entry com.android.commands.monkey.Monkey
08-03 19:25:50.956   918   931 W BroadcastQueue: Skipping deliver [background] BroadcastRecord{3a5df5e u-1 android.net.conn.CONNECTIVITY_CHANGE} to ReceiverList{bf400c 16661 (unknown name)/2000/u-1 remote:306b7e3}: process crashing
08-03 19:25:50.965   918  6112 I ActivityManager: START u0 {act=android.intent.action.MAIN cat=[android.intent.category.LAUNCHER] flg=0x10200000 cmp=baseline.com.ak.uobtimetable/.MainActivity} from uid 2000 on display 0
08-03 19:25:50.989   918  4400 I ActivityManager: Start proc 16671:baseline.com.ak.uobtimetable/u0a641 for activity baseline.com.ak.uobtimetable/.MainActivity
08-03 19:25:50.989 16671 16671 I art     : Late-enabling -Xcheck:jni
08-03 19:25:50.994 16661 16661 I art     : System.exit called, status: 0
08-03 19:25:50.994 16661 16661 I AndroidRuntime: VM exiting with result code 0.
08-03 19:25:51.028 16671 16671 W System  : ClassLoader referenced unknown path: /data/app/baseline.com.ak.uobtimetable-1/lib/arm64
08-03 19:25:51.035 16671 16671 E Application: Can't init Bugsnag - No key
08-03 19:25:51.035 16671 16671 E Application: java.lang.Exception: Can't init Bugsnag - No key
08-03 19:25:51.035 16671 16671 E Application: 	at baseline.com.ak.uobtimetable.Utilities.Logging.Logger.error(Logger.java:79)
08-03 19:25:51.035 16671 16671 E Application: 	at baseline.com.ak.uobtimetable.MyApplication.onCreate(MyApplication.java:52)
08-03 19:25:51.035 16671 16671 E Application: 	at android.app.Instrumentation.callApplicationOnCreate(Instrumentation.java:1013)
08-03 19:25:51.035 16671 16671 E Application: 	at android.app.ActivityThread.handleBindApplication(ActivityThread.java:4707)
08-03 19:25:51.035 16671 16671 E Application: 	at android.app.ActivityThread.-wrap1(ActivityThread.java)
08-03 19:25:51.035 16671 16671 E Application: 	at android.app.ActivityThread$H.handleMessage(ActivityThread.java:1405)
08-03 19:25:51.035 16671 16671 E Application: 	at android.os.Handler.dispatchMessage(Handler.java:102)
08-03 19:25:51.035 16671 16671 E Application: 	at android.os.Looper.loop(Looper.java:148)
08-03 19:25:51.035 16671 16671 E Application: 	at android.app.ActivityThread.main(ActivityThread.java:5417)
08-03 19:25:51.035 16671 16671 E Application: 	at java.lang.reflect.Method.invoke(Native Method)
08-03 19:25:51.035 16671 16671 E Application: 	at com.android.internal.os.ZygoteInit$MethodAndArgsCaller.run(ZygoteInit.java:726)
08-03 19:25:51.035 16671 16671 E Application: 	at com.android.internal.os.ZygoteInit.main(ZygoteInit.java:616)
08-03 19:25:51.037 16671 16671 I Application: API level: 23
08-03 19:25:51.037 16671 16671 I Application: API level name: M
08-03 19:25:51.038 16671 16671 I Application: Target API level: 29
08-03 19:25:51.038 16671 16671 I Application: Git commit hash: 87e4c686
08-03 19:25:51.038 16671 16671 I Application: Git branch: master
08-03 19:25:51.038 16671 16671 I Application: Build type: Debug
08-03 19:25:51.040 16671 16671 I Application: Build keys: Release
08-03 19:25:51.040 16671 16671 I Application: Version code: 21
08-03 19:25:51.041 16671 16671 I Application: Version name: 2.5
08-03 19:25:51.041 16671 16671 I Application: Build date: 11:33 03/08/20
08-03 19:25:51.041 16671 16671 I Application: Package update date: 19:25 03/08/20
08-03 19:25:51.042 16671 16671 I SettingsManager: Getting int: launchCount
08-03 19:25:51.042 16671 16671 I SettingsManager: Setting int: launchCount
08-03 19:25:51.052   918  6112 W BackupManagerService: dataChanged but no participant pkg='baseline.com.ak.uobtimetable' uid=10641
08-03 19:25:51.052 16671 16671 I Application: Launch count: 1
08-03 19:25:51.054 16671 16671 I Application: Network: TYPE_WIFI
08-03 19:25:51.055 16671 16671 I Application: Tablet layout: false
08-03 19:25:51.067 16671 16671 W art     : Before Android 4.1, method android.graphics.PorterDuffColorFilter androidx.vectordrawable.graphics.drawable.VectorDrawableCompat.updateTintFilter(android.graphics.PorterDuffColorFilter, android.content.res.ColorStateList, android.graphics.PorterDuff$Mode) would have incorrectly overridden the package-private method in android.graphics.drawable.Drawable
08-03 19:25:51.074  6202 13515 I PBSessionCacheImpl: Deleted sessionId[27278280657311515] from persistence.
08-03 19:25:51.079 16671 16671 I art     : Rejecting re-init on previously-failed class java.lang.Class<androidx.core.view.ViewCompat$OnUnhandledKeyEventListenerWrapper>
08-03 19:25:51.080 16671 16671 I art     : Rejecting re-init on previously-failed class java.lang.Class<androidx.core.view.ViewCompat$OnUnhandledKeyEventListenerWrapper>
08-03 19:25:51.080  6202  6241 W SearchServiceCore: Abort, client detached.
08-03 19:25:51.081  6202  6241 I MicroDetectionState: Should stop hotword detection immediately - true
08-03 19:25:51.144 16671 16671 D MainActivity: onCreate
08-03 19:25:51.144 16671 16671 I SettingsManager: Getting string: savedSessions
08-03 19:25:51.144 16671 16671 I Settings: No saved sessions
08-03 19:25:51.175 16671 16671 I SettingsManager: Getting string: savedCourse
08-03 19:25:51.176   918  5132 I ActivityManager: START u0 {flg=0x14000000 cmp=baseline.com.ak.uobtimetable/.WelcomeActivity} from uid 10641 on display 0
08-03 19:25:51.191 16671 16671 D MainActivity: OnResume
08-03 19:25:51.199 16671 16686 D OpenGLRenderer: Use EGL_SWAP_BEHAVIOR_PRESERVED: true
08-03 19:25:51.207 16671 16671 D MainActivity: OnPause
08-03 19:25:51.339 16671 16686 I Adreno  : QUALCOMM build                   : fcf4852, I1af360237c
08-03 19:25:51.339 16671 16686 I Adreno  : Build Date                       : 09/23/15
08-03 19:25:51.339 16671 16686 I Adreno  : OpenGL ES Shader Compiler Version: XE031.05.13.02
08-03 19:25:51.339 16671 16686 I Adreno  : Local Branch                     : mybranch14465806
08-03 19:25:51.339 16671 16686 I Adreno  : Remote Branch                    : quic/LA.BF64.1.2.9_v2
08-03 19:25:51.339 16671 16686 I Adreno  : Remote Branch                    : NONE
08-03 19:25:51.339 16671 16686 I Adreno  : Reconstruct Branch               : NOTHING
08-03 19:25:51.347 16671 16686 I OpenGLRenderer: Initialized EGL, version 1.4
08-03 19:25:51.554 13866 13866 I GoogleInputMethodServic: GoogleInputMethodService.onFinishInput():3138 
08-03 19:25:51.556 13866 13866 I GoogleInputMethodServic: GoogleInputMethodService.onStartInput():1808 
08-03 19:25:51.556   918   936 I ActivityManager: Displayed baseline.com.ak.uobtimetable/.WelcomeActivity: +348ms (total +584ms)
08-03 19:25:51.801 16671 16671 D MainActivity: Saving state
08-03 19:25:51.812 24577 29796 I Icing   : Indexing com.google.android.gms-apps from com.google.android.gms
08-03 19:25:51.819 14658 14658 W Atfwd_Sendcmd: AtCmdFwd service not published, waiting... retryCnt : 3
08-03 19:25:51.860 24577 29796 I Icing   : Indexing done com.google.android.gms-apps
08-03 19:25:52.617 16704 16704 D AndroidRuntime: >>>>>> START com.android.internal.os.RuntimeInit uid 2000 <<<<<<
08-03 19:25:52.622 16704 16704 D AndroidRuntime: CheckJNI is OFF
08-03 19:25:52.649 16704 16704 D ICU     : No timezone override file found: /data/misc/zoneinfo/current/icu/icu_tzdata.dat
08-03 19:25:52.680 16704 16704 I Radio-JNI: register_android_hardware_Radio DONE
08-03 19:25:52.697 16704 16704 D AndroidRuntime: Calling main entry com.android.commands.am.Am
08-03 19:25:52.706 29687 29687 I Trepn   : Trepn 6.2s: Received intent: com.quicinc.trepn.start_profiling
08-03 19:25:52.836 29687 29687 W FileUtils: Failed to chmod(/storage/emulated/0/trepn/Trepn_2020.08.03_192552.db): android.system.ErrnoException: chmod failed: EPERM (Operation not permitted)
08-03 19:25:52.942 29687 29687 I Trepn   : Trepn 6.2s: Trepn has Started Profiling.
08-03 19:25:52.944 16704 16704 D AndroidRuntime: Shutting down VM
08-03 19:25:53.418 16671 16683 I art     : Starting a blocking GC Explicit
08-03 19:25:53.438 16671 16683 I art     : Explicit concurrent mark sweep GC freed 2793(503KB) AllocSpace objects, 2(1340KB) LOS objects, 40% free, 21MB/36MB, paused 134us total 20.341ms
08-03 19:25:53.449 16671 16683 I art     : Starting a blocking GC Explicit
08-03 19:25:53.462 16671 16683 I art     : Explicit concurrent mark sweep GC freed 398(17KB) AllocSpace objects, 0(0B) LOS objects, 40% free, 21MB/36MB, paused 109us total 13.025ms
08-03 19:25:53.469 16671 16683 I art     : Starting a blocking GC Explicit
08-03 19:25:53.480 16671 16683 I art     : Explicit concurrent mark sweep GC freed 3(96B) AllocSpace objects, 0(0B) LOS objects, 40% free, 21MB/36MB, paused 92us total 10.202ms
08-03 19:25:53.486 16671 16683 I art     : Starting a blocking GC Explicit
08-03 19:25:53.496 16671 16683 I art     : Explicit concurrent mark sweep GC freed 3(96B) AllocSpace objects, 0(0B) LOS objects, 40% free, 21MB/36MB, paused 94us total 10.160ms
08-03 19:25:53.502 16671 16683 I art     : Starting a blocking GC Explicit
08-03 19:25:53.512 16671 16683 I art     : Explicit concurrent mark sweep GC freed 3(96B) AllocSpace objects, 0(0B) LOS objects, 40% free, 21MB/36MB, paused 84us total 10.034ms
08-03 19:25:53.779 16671 16684 I art     : Starting a blocking GC Explicit
08-03 19:25:53.795 16671 16684 I art     : Explicit concurrent mark sweep GC freed 1273(74KB) AllocSpace objects, 1(20KB) LOS objects, 40% free, 21MB/36MB, paused 133us total 14.806ms
08-03 19:25:53.804 16671 16684 I art     : Starting a blocking GC Explicit
08-03 19:25:53.817 16671 16684 I art     : Explicit concurrent mark sweep GC freed 18(624B) AllocSpace objects, 0(0B) LOS objects, 40% free, 21MB/36MB, paused 110us total 13.034ms
08-03 19:25:53.827 16671 16684 I art     : Starting a blocking GC Explicit
08-03 19:25:53.839 16671 16684 I art     : Explicit concurrent mark sweep GC freed 3(96B) AllocSpace objects, 0(0B) LOS objects, 40% free, 21MB/36MB, paused 110us total 12.176ms
08-03 19:25:53.847 16671 16684 I art     : Starting a blocking GC Explicit
08-03 19:25:53.858 16671 16684 I art     : Explicit concurrent mark sweep GC freed 3(96B) AllocSpace objects, 0(0B) LOS objects, 40% free, 21MB/36MB, paused 89us total 10.290ms
08-03 19:25:53.864 16671 16684 I art     : Starting a blocking GC Explicit
08-03 19:25:53.874 16671 16684 I art     : Explicit concurrent mark sweep GC freed 3(96B) AllocSpace objects, 0(0B) LOS objects, 40% free, 21MB/36MB, paused 90us total 10.297ms
08-03 19:25:54.146 16671 16683 I art     : Starting a blocking GC Explicit
08-03 19:25:54.158 16671 16683 I art     : Explicit concurrent mark sweep GC freed 1270(74KB) AllocSpace objects, 1(20KB) LOS objects, 40% free, 21MB/36MB, paused 103us total 11.996ms
08-03 19:25:54.164 16671 16683 I art     : Starting a blocking GC Explicit
08-03 19:25:54.175 16671 16683 I art     : Explicit concurrent mark sweep GC freed 18(624B) AllocSpace objects, 0(0B) LOS objects, 40% free, 21MB/36MB, paused 96us total 10.417ms
08-03 19:25:54.181 16671 16683 I art     : Starting a blocking GC Explicit
08-03 19:25:54.191 16671 16683 I art     : Explicit concurrent mark sweep GC freed 3(96B) AllocSpace objects, 0(0B) LOS objects, 40% free, 21MB/36MB, paused 82us total 9.464ms
08-03 19:25:54.197 16671 16683 I art     : Starting a blocking GC Explicit
08-03 19:25:54.207 16671 16683 I art     : Explicit concurrent mark sweep GC freed 3(96B) AllocSpace objects, 0(0B) LOS objects, 40% free, 21MB/36MB, paused 100us total 9.751ms
08-03 19:25:54.212 16671 16683 I art     : Starting a blocking GC Explicit
08-03 19:25:54.222 16671 16683 I art     : Explicit concurrent mark sweep GC freed 3(96B) AllocSpace objects, 0(0B) LOS objects, 40% free, 21MB/36MB, paused 85us total 9.849ms
08-03 19:25:54.518 16671 16684 I art     : Starting a blocking GC Explicit
08-03 19:25:54.532 16671 16684 I art     : Explicit concurrent mark sweep GC freed 1268(74KB) AllocSpace objects, 1(20KB) LOS objects, 40% free, 21MB/36MB, paused 122us total 14.379ms
08-03 19:25:54.543 16671 16684 I art     : Starting a blocking GC Explicit
08-03 19:25:54.556 16671 16684 I art     : Explicit concurrent mark sweep GC freed 18(624B) AllocSpace objects, 0(0B) LOS objects, 40% free, 21MB/36MB, paused 103us total 12.142ms
08-03 19:25:54.562 16671 16684 I art     : Starting a blocking GC Explicit
08-03 19:25:54.572 16671 16684 I art     : Explicit concurrent mark sweep GC freed 3(96B) AllocSpace objects, 0(0B) LOS objects, 40% free, 21MB/36MB, paused 98us total 10.228ms
08-03 19:25:54.578 16671 16684 I art     : Starting a blocking GC Explicit
08-03 19:25:54.588 16671 16684 I art     : Explicit concurrent mark sweep GC freed 3(96B) AllocSpace objects, 0(0B) LOS objects, 40% free, 21MB/36MB, paused 97us total 9.984ms
08-03 19:25:54.594 16671 16684 I art     : Starting a blocking GC Explicit
08-03 19:25:54.604 16671 16684 I art     : Explicit concurrent mark sweep GC freed 3(96B) AllocSpace objects, 0(0B) LOS objects, 40% free, 21MB/36MB, paused 93us total 10.113ms
08-03 19:25:54.902 16671 16683 I art     : Starting a blocking GC Explicit
08-03 19:25:54.917 16671 16683 I art     : Explicit concurrent mark sweep GC freed 1268(74KB) AllocSpace objects, 1(20KB) LOS objects, 40% free, 21MB/36MB, paused 123us total 14.902ms
08-03 19:25:54.927 16671 16683 I art     : Starting a blocking GC Explicit
08-03 19:25:54.939 16671 16683 I art     : Explicit concurrent mark sweep GC freed 18(624B) AllocSpace objects, 0(0B) LOS objects, 40% free, 21MB/36MB, paused 95us total 11.720ms
08-03 19:25:54.945 16671 16683 I art     : Starting a blocking GC Explicit
08-03 19:25:54.956 16671 16683 I art     : Explicit concurrent mark sweep GC freed 3(96B) AllocSpace objects, 0(0B) LOS objects, 40% free, 21MB/36MB, paused 91us total 10.437ms
08-03 19:25:54.962 16671 16683 I art     : Starting a blocking GC Explicit
08-03 19:25:54.972 16671 16683 I art     : Explicit concurrent mark sweep GC freed 3(96B) AllocSpace objects, 0(0B) LOS objects, 40% free, 21MB/36MB, paused 97us total 10.237ms
08-03 19:25:54.979 16671 16683 I art     : Starting a blocking GC Explicit
08-03 19:25:54.989 16671 16683 I art     : Explicit concurrent mark sweep GC freed 3(96B) AllocSpace objects, 0(0B) LOS objects, 40% free, 21MB/36MB, paused 90us total 9.979ms
08-03 19:25:55.288 16671 16684 I art     : Starting a blocking GC Explicit
08-03 19:25:55.304 16671 16684 I art     : Explicit concurrent mark sweep GC freed 1268(74KB) AllocSpace objects, 1(20KB) LOS objects, 40% free, 21MB/36MB, paused 137us total 15.911ms
08-03 19:25:55.314 16671 16684 I art     : Starting a blocking GC Explicit
08-03 19:25:55.328 16671 16684 I art     : Explicit concurrent mark sweep GC freed 18(624B) AllocSpace objects, 0(0B) LOS objects, 40% free, 21MB/36MB, paused 104us total 13.335ms
08-03 19:25:55.337 16671 16684 I art     : Starting a blocking GC Explicit
08-03 19:25:55.347 16671 16684 I art     : Explicit concurrent mark sweep GC freed 3(96B) AllocSpace objects, 0(0B) LOS objects, 40% free, 21MB/36MB, paused 106us total 10.146ms
08-03 19:25:55.353 16671 16684 I art     : Starting a blocking GC Explicit
08-03 19:25:55.364 16671 16684 I art     : Explicit concurrent mark sweep GC freed 3(96B) AllocSpace objects, 0(0B) LOS objects, 40% free, 21MB/36MB, paused 97us total 10.485ms
08-03 19:25:55.370 16671 16684 I art     : Starting a blocking GC Explicit
08-03 19:25:55.380 16671 16684 I art     : Explicit concurrent mark sweep GC freed 3(96B) AllocSpace objects, 0(0B) LOS objects, 40% free, 21MB/36MB, paused 85us total 10.263ms
08-03 19:25:55.685 16671 16683 I art     : Starting a blocking GC Explicit
08-03 19:25:55.701 16671 16683 I art     : Explicit concurrent mark sweep GC freed 1268(74KB) AllocSpace objects, 1(20KB) LOS objects, 40% free, 21MB/36MB, paused 123us total 15.008ms
08-03 19:25:55.709 16671 16683 I art     : Starting a blocking GC Explicit
08-03 19:25:55.720 16671 16683 I art     : Explicit concurrent mark sweep GC freed 18(624B) AllocSpace objects, 0(0B) LOS objects, 40% free, 21MB/36MB, paused 101us total 10.877ms
08-03 19:25:55.727 16671 16683 I art     : Starting a blocking GC Explicit
08-03 19:25:55.737 16671 16683 I art     : Explicit concurrent mark sweep GC freed 3(96B) AllocSpace objects, 0(0B) LOS objects, 40% free, 21MB/36MB, paused 88us total 10.242ms
08-03 19:25:55.743 16671 16683 I art     : Starting a blocking GC Explicit
08-03 19:25:55.754 16671 16683 I art     : Explicit concurrent mark sweep GC freed 3(96B) AllocSpace objects, 0(0B) LOS objects, 40% free, 21MB/36MB, paused 84us total 10.041ms
08-03 19:25:55.759 16671 16683 I art     : Starting a blocking GC Explicit
08-03 19:25:55.769 16671 16683 I art     : Explicit concurrent mark sweep GC freed 3(96B) AllocSpace objects, 0(0B) LOS objects, 40% free, 21MB/36MB, paused 92us total 9.767ms
08-03 19:25:56.071 16671 16684 I art     : Starting a blocking GC Explicit
08-03 19:25:56.088 16671 16684 I art     : Explicit concurrent mark sweep GC freed 1268(74KB) AllocSpace objects, 1(20KB) LOS objects, 40% free, 21MB/36MB, paused 160us total 16.591ms
08-03 19:25:56.099 16671 16684 I art     : Starting a blocking GC Explicit
08-03 19:25:56.111 16671 16684 I art     : Explicit concurrent mark sweep GC freed 18(624B) AllocSpace objects, 0(0B) LOS objects, 40% free, 21MB/36MB, paused 97us total 11.673ms
08-03 19:25:56.117 16671 16684 I art     : Starting a blocking GC Explicit
08-03 19:25:56.128 16671 16684 I art     : Explicit concurrent mark sweep GC freed 3(96B) AllocSpace objects, 0(0B) LOS objects, 40% free, 21MB/36MB, paused 99us total 10.559ms
08-03 19:25:56.134 16671 16684 I art     : Starting a blocking GC Explicit
08-03 19:25:56.144 16671 16684 I art     : Explicit concurrent mark sweep GC freed 3(96B) AllocSpace objects, 0(0B) LOS objects, 40% free, 21MB/36MB, paused 98us total 9.529ms
08-03 19:25:56.150 16671 16684 I art     : Waiting for a blocking GC Explicit
08-03 19:25:56.150 16671 16684 I art     : Starting a blocking GC Explicit
08-03 19:25:56.161 16671 16684 I art     : Explicit concurrent mark sweep GC freed 3(96B) AllocSpace objects, 0(0B) LOS objects, 40% free, 21MB/36MB, paused 95us total 10.043ms
08-03 19:25:56.459 16671 16683 I art     : Starting a blocking GC Explicit
08-03 19:25:56.479 16671 16683 I art     : Explicit concurrent mark sweep GC freed 1268(74KB) AllocSpace objects, 1(20KB) LOS objects, 40% free, 21MB/36MB, paused 140us total 18.691ms
08-03 19:25:56.489 16671 16683 I art     : Starting a blocking GC Explicit
08-03 19:25:56.501 16671 16683 I art     : Explicit concurrent mark sweep GC freed 18(624B) AllocSpace objects, 0(0B) LOS objects, 40% free, 21MB/36MB, paused 104us total 12.263ms
08-03 19:25:56.510 16671 16683 I art     : Starting a blocking GC Explicit
08-03 19:25:56.520 16671 16683 I art     : Explicit concurrent mark sweep GC freed 3(96B) AllocSpace objects, 0(0B) LOS objects, 40% free, 21MB/36MB, paused 90us total 10.060ms
08-03 19:25:56.526 16671 16683 I art     : Starting a blocking GC Explicit
08-03 19:25:56.536 16671 16683 I art     : Explicit concurrent mark sweep GC freed 3(96B) AllocSpace objects, 0(0B) LOS objects, 40% free, 21MB/36MB, paused 87us total 10.097ms
08-03 19:25:56.542 16671 16683 I art     : Starting a blocking GC Explicit
08-03 19:25:56.553 16671 16683 I art     : Explicit concurrent mark sweep GC freed 3(96B) AllocSpace objects, 0(0B) LOS objects, 40% free, 21MB/36MB, paused 90us total 10.371ms
08-03 19:25:56.844 16671 16684 I art     : Starting a blocking GC Explicit
08-03 19:25:56.856 16671 16684 I art     : Explicit concurrent mark sweep GC freed 1268(74KB) AllocSpace objects, 1(20KB) LOS objects, 40% free, 21MB/36MB, paused 110us total 11.819ms
08-03 19:25:56.864 16671 16684 I art     : Starting a blocking GC Explicit
08-03 19:25:56.873 16671 16684 I art     : Explicit concurrent mark sweep GC freed 18(624B) AllocSpace objects, 0(0B) LOS objects, 40% free, 21MB/36MB, paused 87us total 9.247ms
08-03 19:25:56.878 16671 16684 I art     : Starting a blocking GC Explicit
08-03 19:25:56.887 16671 16684 I art     : Explicit concurrent mark sweep GC freed 3(96B) AllocSpace objects, 0(0B) LOS objects, 40% free, 21MB/36MB, paused 81us total 8.762ms
08-03 19:25:56.892 16671 16684 I art     : Starting a blocking GC Explicit
08-03 19:25:56.901 16671 16684 I art     : Explicit concurrent mark sweep GC freed 3(96B) AllocSpace objects, 0(0B) LOS objects, 40% free, 21MB/36MB, paused 80us total 8.352ms
08-03 19:25:56.906 16671 16684 I art     : Starting a blocking GC Explicit
08-03 19:25:56.914 16671 16684 I art     : Explicit concurrent mark sweep GC freed 3(96B) AllocSpace objects, 0(0B) LOS objects, 40% free, 21MB/36MB, paused 81us total 8.339ms
08-03 19:25:57.172 16671 16683 I art     : Starting a blocking GC Explicit
08-03 19:25:57.184 16671 16683 I art     : Explicit concurrent mark sweep GC freed 1268(74KB) AllocSpace objects, 1(20KB) LOS objects, 40% free, 21MB/36MB, paused 116us total 12.527ms
08-03 19:25:57.191 16671 16683 I art     : Starting a blocking GC Explicit
08-03 19:25:57.201 16671 16683 I art     : Explicit concurrent mark sweep GC freed 18(624B) AllocSpace objects, 0(0B) LOS objects, 40% free, 21MB/36MB, paused 95us total 10.252ms
08-03 19:25:57.208 16671 16683 I art     : Starting a blocking GC Explicit
08-03 19:25:57.218 16671 16683 I art     : Explicit concurrent mark sweep GC freed 3(96B) AllocSpace objects, 0(0B) LOS objects, 40% free, 21MB/36MB, paused 89us total 10.375ms
08-03 19:25:57.225 16671 16683 I art     : Starting a blocking GC Explicit
08-03 19:25:57.235 16671 16683 I art     : Explicit concurrent mark sweep GC freed 3(96B) AllocSpace objects, 0(0B) LOS objects, 40% free, 21MB/36MB, paused 87us total 9.832ms
08-03 19:25:57.240 16671 16683 I art     : Starting a blocking GC Explicit
08-03 19:25:57.250 16671 16683 I art     : Explicit concurrent mark sweep GC freed 3(96B) AllocSpace objects, 0(0B) LOS objects, 40% free, 21MB/36MB, paused 91us total 9.633ms
08-03 19:25:57.528 16671 16684 I art     : Starting a blocking GC Explicit
08-03 19:25:57.546 16671 16684 I art     : Explicit concurrent mark sweep GC freed 1268(74KB) AllocSpace objects, 1(20KB) LOS objects, 40% free, 21MB/36MB, paused 160us total 18.187ms
08-03 19:25:57.552 16671 16684 I art     : Starting a blocking GC Explicit
08-03 19:25:57.563 16671 16684 I art     : Explicit concurrent mark sweep GC freed 18(624B) AllocSpace objects, 0(0B) LOS objects, 40% free, 21MB/36MB, paused 103us total 10.449ms
08-03 19:25:57.569 16671 16684 I art     : Starting a blocking GC Explicit
08-03 19:25:57.579 16671 16684 I art     : Explicit concurrent mark sweep GC freed 3(96B) AllocSpace objects, 0(0B) LOS objects, 40% free, 21MB/36MB, paused 91us total 9.567ms
08-03 19:25:57.585 16671 16684 I art     : Starting a blocking GC Explicit
08-03 19:25:57.595 16671 16684 I art     : Explicit concurrent mark sweep GC freed 3(96B) AllocSpace objects, 0(0B) LOS objects, 40% free, 21MB/36MB, paused 93us total 9.647ms
08-03 19:25:57.600 16671 16684 I art     : Starting a blocking GC Explicit
08-03 19:25:57.610 16671 16684 I art     : Explicit concurrent mark sweep GC freed 3(96B) AllocSpace objects, 0(0B) LOS objects, 40% free, 21MB/36MB, paused 94us total 9.646ms
08-03 19:25:57.845 16671 16683 I art     : Starting a blocking GC Explicit
08-03 19:25:57.855 16671 16683 I art     : Explicit concurrent mark sweep GC freed 1268(74KB) AllocSpace objects, 1(20KB) LOS objects, 40% free, 21MB/36MB, paused 97us total 9.837ms
08-03 19:25:57.861 16671 16683 I art     : Starting a blocking GC Explicit
08-03 19:25:57.871 16671 16683 I art     : Explicit concurrent mark sweep GC freed 18(624B) AllocSpace objects, 0(0B) LOS objects, 40% free, 21MB/36MB, paused 92us total 9.504ms
08-03 19:25:57.876 16671 16683 I art     : Starting a blocking GC Explicit
08-03 19:25:57.886 16671 16683 I art     : Explicit concurrent mark sweep GC freed 3(96B) AllocSpace objects, 0(0B) LOS objects, 40% free, 21MB/36MB, paused 87us total 9.754ms
08-03 19:25:57.892 16671 16683 I art     : Starting a blocking GC Explicit
08-03 19:25:57.902 16671 16683 I art     : Explicit concurrent mark sweep GC freed 3(96B) AllocSpace objects, 0(0B) LOS objects, 40% free, 21MB/36MB, paused 100us total 9.713ms
08-03 19:25:57.907 16671 16683 I art     : Starting a blocking GC Explicit
08-03 19:25:57.917 16671 16683 I art     : Explicit concurrent mark sweep GC freed 3(96B) AllocSpace objects, 0(0B) LOS objects, 40% free, 21MB/36MB, paused 91us total 10.025ms
08-03 19:25:58.079 16854 16854 D AndroidRuntime: >>>>>> START com.android.internal.os.RuntimeInit uid 2000 <<<<<<
08-03 19:25:58.084 16854 16854 D AndroidRuntime: CheckJNI is OFF
08-03 19:25:58.111 16854 16854 D ICU     : No timezone override file found: /data/misc/zoneinfo/current/icu/icu_tzdata.dat
08-03 19:25:58.136 16854 16854 I Radio-JNI: register_android_hardware_Radio DONE
08-03 19:25:58.151 16854 16854 D AndroidRuntime: Calling main entry com.android.commands.input.Input
08-03 19:25:58.153 16854 16854 I Input   : injectMotionEvent: MotionEvent { action=ACTION_DOWN, actionButton=0, id[0]=0, x[0]=711.0, y[0]=1664.0, toolType[0]=TOOL_TYPE_UNKNOWN, buttonState=0, metaState=0, flags=0x0, edgeFlags=0x0, pointerCount=1, historySize=0, eventTime=645974566, downTime=645974566, deviceId=0, source=0x1002 }
08-03 19:25:58.158 16854 16854 I Input   : injectMotionEvent: MotionEvent { action=ACTION_UP, actionButton=0, id[0]=0, x[0]=711.0, y[0]=1664.0, toolType[0]=TOOL_TYPE_UNKNOWN, buttonState=0, metaState=0, flags=0x0, edgeFlags=0x0, pointerCount=1, historySize=0, eventTime=645974566, downTime=645974566, deviceId=0, source=0x1002 }
08-03 19:25:58.159 16854 16854 D AndroidRuntime: Shutting down VM
08-03 19:25:58.176   918  6110 I ActivityManager: START u0 {flg=0x14000000 cmp=baseline.com.ak.uobtimetable/.CourseListActivity} from uid 10641 on display 0
08-03 19:25:58.176   512  2967 D audio_hw_primary: out_set_parameters: enter: usecase(1: low-latency-playback) kvpairs: routing=2
08-03 19:25:58.183 16671 16683 I art     : Starting a blocking GC Explicit
08-03 19:25:58.189   512  2967 D audio_hw_primary: select_devices: out_snd_device(2: speaker) in_snd_device(0: none)
08-03 19:25:58.189   512  2967 D msm8974_platform: platform_send_audio_calibration: sending audio calibration for snd_device(2) acdb_id(15)
08-03 19:25:58.189   512  2967 I soundtrigger: audio_extn_sound_trigger_update_device_status: device 0x2 of type 0 for Event 1
08-03 19:25:58.195 16671 16683 I art     : Explicit concurrent mark sweep GC freed 1671(103KB) AllocSpace objects, 1(20KB) LOS objects, 40% free, 21MB/36MB, paused 207us total 12.039ms
08-03 19:25:58.200   512  2967 D audio_hw_primary: enable_snd_device: snd_device(2: speaker)
08-03 19:25:58.202   512  2967 D audio_hw_primary: enable_audio_route: apply and update mixer path: low-latency-playback speaker
08-03 19:25:58.203 16671 16683 I art     : Starting a blocking GC Explicit
08-03 19:25:58.215 16671 16683 I art     : Explicit concurrent mark sweep GC freed 1526(97KB) AllocSpace objects, 0(0B) LOS objects, 40% free, 21MB/36MB, paused 625us total 12.509ms
08-03 19:25:58.218 16671 16671 D CourseListActivity: onCreate
08-03 19:25:58.221 16671 16683 I art     : Starting a blocking GC Explicit
08-03 19:25:58.233 16671 16683 I art     : Explicit concurrent mark sweep GC freed 862(97KB) AllocSpace objects, 0(0B) LOS objects, 40% free, 22MB/36MB, paused 388us total 11.739ms
08-03 19:25:58.239 16671 16683 I art     : Starting a blocking GC Explicit
08-03 19:25:58.248 16671 16887 D HTTP    : Request for: https://uob-timetable-api.adriankeenan.co.uk/courses
08-03 19:25:58.252 16671 16683 I art     : Explicit concurrent mark sweep GC freed 657(55KB) AllocSpace objects, 0(0B) LOS objects, 40% free, 22MB/36MB, paused 546us total 12.264ms
08-03 19:25:58.258 16671 16683 I art     : Starting a blocking GC Explicit
08-03 19:25:58.268 16671 16683 I art     : Explicit concurrent mark sweep GC freed 318(36KB) AllocSpace objects, 0(0B) LOS objects, 40% free, 22MB/36MB, paused 145us total 10.229ms
08-03 19:25:58.308   918   936 I ActivityManager: Displayed baseline.com.ak.uobtimetable/.CourseListActivity: +123ms
08-03 19:25:58.312 13866 13866 I GoogleInputMethodServic: GoogleInputMethodService.onFinishInput():3138 
08-03 19:25:58.313 13866 13866 I GoogleInputMethodServic: GoogleInputMethodService.onStartInput():1808 
08-03 19:25:58.329 16671 16686 D OpenGLRenderer: endAllStagingAnimators on 0x7f994ba800 (RippleDrawable) with handle 0x7f99ebb100
08-03 19:25:58.466 16671 16885 I art     : Starting a blocking GC Explicit
08-03 19:25:58.480 16671 16885 I art     : Explicit concurrent mark sweep GC freed 4103(260KB) AllocSpace objects, 4(220KB) LOS objects, 40% free, 22MB/37MB, paused 154us total 13.872ms
08-03 19:25:58.486 16671 16885 I art     : Starting a blocking GC Explicit
08-03 19:25:58.491 16671 16887 I NAPPA_EXPERIMENTATION: MetricNetworkRequestExecutionTime: REQUEST_DURATION_SYSTEM='240',REQUEST_DURATION_OKHTTP='44',REQUEST_SYNCHRONOUS='TRUE',RESPONSE_CODE='200',RESPONSE_METHOD='GET',RESPONSE_LENGTH_OKHTTP='-1',RESPONSE_LENGTH_HEADER='-2',REQUEST_PROTOCOL='http/1.1',REQUEST_URL='https://uob-timetable-api.adriankeenan.co.uk/courses',
08-03 19:25:58.501 16671 16885 I art     : Explicit concurrent mark sweep GC freed 1171(134KB) AllocSpace objects, 0(0B) LOS objects, 40% free, 22MB/37MB, paused 154us total 14.571ms
08-03 19:25:58.508 16671 16885 I art     : Starting a blocking GC Explicit
08-03 19:25:58.522 16671 16885 I art     : Explicit concurrent mark sweep GC freed 61(4KB) AllocSpace objects, 0(0B) LOS objects, 40% free, 23MB/38MB, paused 623us total 13.583ms
08-03 19:25:58.530 16671 16885 I art     : Starting a blocking GC Explicit
08-03 19:25:58.542 16671 16885 I art     : Explicit concurrent mark sweep GC freed 10(272B) AllocSpace objects, 0(0B) LOS objects, 39% free, 24MB/40MB, paused 203us total 12.007ms
08-03 19:25:58.549 16671 16885 I art     : Starting a blocking GC Explicit
08-03 19:25:58.562 16671 16885 I art     : Explicit concurrent mark sweep GC freed 22(992B) AllocSpace objects, 0(0B) LOS objects, 39% free, 24MB/40MB, paused 186us total 13.062ms
08-03 19:25:58.748   512  2967 D audio_hw_primary: disable_audio_route: reset and update mixer path: low-latency-playback speaker
08-03 19:25:58.749   512  2967 D audio_hw_primary: disable_snd_device: snd_device(2: speaker)
08-03 19:25:58.756   512  2967 I soundtrigger: audio_extn_sound_trigger_update_device_status: device 0x2 of type 0 for Event 0
08-03 19:25:58.830 16671 16684 I art     : Starting a blocking GC Explicit
08-03 19:25:58.844 16671 16684 I art     : Explicit concurrent mark sweep GC freed 116(17KB) AllocSpace objects, 0(0B) LOS objects, 26% free, 44MB/60MB, paused 207us total 13.852ms
08-03 19:25:58.851 16671 16684 I art     : Starting a blocking GC Explicit
08-03 19:25:58.871 16671 16887 I HTTP    : Response was compressed.
08-03 19:25:58.882 16671 16684 I art     : Explicit concurrent mark sweep GC freed 2160(101KB) AllocSpace objects, 0(0B) LOS objects, 21% free, 60MB/76MB, paused 415us total 31.064ms
08-03 19:25:58.889 16671 16684 I art     : Starting a blocking GC Explicit
08-03 19:25:58.907 16671 16684 I art     : Explicit concurrent mark sweep GC freed 10157(472KB) AllocSpace objects, 2(22MB) LOS objects, 29% free, 37MB/53MB, paused 205us total 17.861ms
08-03 19:25:58.913 16671 16684 I art     : Starting a blocking GC Explicit
08-03 19:25:58.925 16671 16684 I art     : Explicit concurrent mark sweep GC freed 12839(602KB) AllocSpace objects, 0(0B) LOS objects, 29% free, 37MB/53MB, paused 209us total 11.831ms
08-03 19:25:58.930 16671 16684 I art     : Starting a blocking GC Explicit
08-03 19:25:58.941 16671 16684 I art     : Explicit concurrent mark sweep GC freed 8687(403KB) AllocSpace objects, 0(0B) LOS objects, 29% free, 37MB/53MB, paused 177us total 11.058ms
08-03 19:25:59.195 16671 16683 I art     : Starting a blocking GC Explicit
08-03 19:25:59.221 16671 16683 I art     : Explicit concurrent mark sweep GC freed 149240(6MB) AllocSpace objects, 1(20KB) LOS objects, 29% free, 39MB/55MB, paused 290us total 26.151ms
08-03 19:25:59.229 16671 16683 I art     : Starting a blocking GC Explicit
08-03 19:25:59.244 16671 16683 I art     : Explicit concurrent mark sweep GC freed 16671(776KB) AllocSpace objects, 0(0B) LOS objects, 29% free, 38MB/54MB, paused 315us total 14.968ms
08-03 19:25:59.251 16671 16683 I art     : Starting a blocking GC Explicit
08-03 19:25:59.266 16671 16683 I art     : Explicit concurrent mark sweep GC freed 11070(527KB) AllocSpace objects, 0(0B) LOS objects, 29% free, 39MB/55MB, paused 227us total 15.030ms
08-03 19:25:59.273 16671 16683 I art     : Starting a blocking GC Explicit
08-03 19:25:59.287 16671 16683 I art     : Explicit concurrent mark sweep GC freed 11475(540KB) AllocSpace objects, 0(0B) LOS objects, 29% free, 39MB/55MB, paused 216us total 13.735ms
08-03 19:25:59.293 16671 16683 I art     : Starting a blocking GC Explicit
08-03 19:25:59.309 16671 16683 I art     : Explicit concurrent mark sweep GC freed 11936(562KB) AllocSpace objects, 0(0B) LOS objects, 28% free, 39MB/55MB, paused 283us total 15.207ms
08-03 19:25:59.568 16671 16684 I art     : Starting a blocking GC Explicit
08-03 19:25:59.609 16671 16684 I art     : Explicit concurrent mark sweep GC freed 161715(7MB) AllocSpace objects, 1(20KB) LOS objects, 28% free, 40MB/56MB, paused 371us total 40.116ms
08-03 19:25:59.618 16671 16684 I art     : Starting a blocking GC Explicit
08-03 19:25:59.637 16671 16684 I art     : Explicit concurrent mark sweep GC freed 21036(982KB) AllocSpace objects, 0(0B) LOS objects, 28% free, 40MB/56MB, paused 296us total 18.703ms
08-03 19:25:59.645 16671 16684 I art     : Starting a blocking GC Explicit
08-03 19:25:59.663 16671 16684 I art     : Explicit concurrent mark sweep GC freed 14107(662KB) AllocSpace objects, 0(0B) LOS objects, 28% free, 40MB/56MB, paused 272us total 18.090ms
08-03 19:25:59.671 16671 16684 I art     : Starting a blocking GC Explicit
08-03 19:25:59.689 16671 16684 I art     : Explicit concurrent mark sweep GC freed 13614(659KB) AllocSpace objects, 0(0B) LOS objects, 28% free, 40MB/56MB, paused 299us total 17.566ms
08-03 19:25:59.697 16671 16684 I art     : Starting a blocking GC Explicit
08-03 19:25:59.703   518   646 I ThermalEngine: ACTION: GPU - Setting GPU[0] to 510000000
08-03 19:25:59.718 16671 16684 I art     : Explicit concurrent mark sweep GC freed 15223(716KB) AllocSpace objects, 0(0B) LOS objects, 28% free, 40MB/56MB, paused 471us total 21.504ms
08-03 19:25:59.992 16671 16683 I art     : Starting a blocking GC Explicit
08-03 19:26:00.031 16671 16683 I art     : Explicit concurrent mark sweep GC freed 159512(7MB) AllocSpace objects, 1(20KB) LOS objects, 27% free, 42MB/58MB, paused 456us total 38.852ms
08-03 19:26:00.043 16671 16683 I art     : Starting a blocking GC Explicit
08-03 19:26:00.071 16671 16683 I art     : Explicit concurrent mark sweep GC freed 24904(1185KB) AllocSpace objects, 0(0B) LOS objects, 27% free, 42MB/58MB, paused 445us total 27.631ms
08-03 19:26:00.082 16671 16683 I art     : Starting a blocking GC Explicit
08-03 19:26:00.108 16671 16683 I art     : Explicit concurrent mark sweep GC freed 20804(999KB) AllocSpace objects, 0(0B) LOS objects, 27% free, 42MB/58MB, paused 455us total 26.448ms
08-03 19:26:00.120 16671 16683 I art     : Starting a blocking GC Explicit
08-03 19:26:00.146 16671 16683 I art     : Explicit concurrent mark sweep GC freed 20804(985KB) AllocSpace objects, 0(0B) LOS objects, 27% free, 42MB/58MB, paused 607us total 26.620ms
08-03 19:26:00.158 16671 16683 I art     : Starting a blocking GC Explicit
08-03 19:26:00.185 16671 16683 I art     : Explicit concurrent mark sweep GC freed 21055(986KB) AllocSpace objects, 0(0B) LOS objects, 27% free, 42MB/58MB, paused 462us total 26.901ms
08-03 19:26:00.451 16671 16684 I art     : Starting a blocking GC Explicit
08-03 19:26:00.496 16671 16684 I art     : Explicit concurrent mark sweep GC freed 162357(7MB) AllocSpace objects, 1(20KB) LOS objects, 26% free, 44MB/60MB, paused 532us total 44.673ms
08-03 19:26:00.510 16671 16684 I art     : Starting a blocking GC Explicit
08-03 19:26:00.540 16671 16684 I art     : Explicit concurrent mark sweep GC freed 29763(1395KB) AllocSpace objects, 0(0B) LOS objects, 26% free, 44MB/60MB, paused 553us total 30.247ms
08-03 19:26:00.553 16671 16684 I art     : Starting a blocking GC Explicit
08-03 19:26:00.584 16671 16684 I art     : Explicit concurrent mark sweep GC freed 23864(1122KB) AllocSpace objects, 0(0B) LOS objects, 26% free, 44MB/60MB, paused 583us total 30.405ms
08-03 19:26:00.596 16671 16684 I art     : Starting a blocking GC Explicit
08-03 19:26:00.628 16671 16684 I art     : Explicit concurrent mark sweep GC freed 24228(1135KB) AllocSpace objects, 0(0B) LOS objects, 26% free, 44MB/60MB, paused 538us total 31.292ms
08-03 19:26:00.640 16671 16684 I art     : Starting a blocking GC Explicit
08-03 19:26:00.674 16671 16684 I art     : Explicit concurrent mark sweep GC freed 24169(1141KB) AllocSpace objects, 0(0B) LOS objects, 26% free, 44MB/60MB, paused 589us total 33.499ms
08-03 19:26:00.941 16671 16683 I art     : Starting a blocking GC Explicit
08-03 19:26:00.989 16671 16683 I art     : Explicit concurrent mark sweep GC freed 163097(7MB) AllocSpace objects, 1(20KB) LOS objects, 25% free, 46MB/62MB, paused 605us total 47.656ms
08-03 19:26:01.005 16671 16683 I art     : Starting a blocking GC Explicit
08-03 19:26:01.039 16671 16683 I art     : Explicit concurrent mark sweep GC freed 32133(1500KB) AllocSpace objects, 0(0B) LOS objects, 25% free, 46MB/62MB, paused 640us total 33.834ms
08-03 19:26:01.052 16671 16683 I art     : Starting a blocking GC Explicit
08-03 19:26:01.088 16671 16683 I art     : Explicit concurrent mark sweep GC freed 26821(1251KB) AllocSpace objects, 0(0B) LOS objects, 25% free, 46MB/62MB, paused 675us total 35.133ms
08-03 19:26:01.101 16671 16683 I art     : Starting a blocking GC Explicit
08-03 19:26:01.137 16671 16683 I art     : Explicit concurrent mark sweep GC freed 26808(1254KB) AllocSpace objects, 0(0B) LOS objects, 25% free, 46MB/62MB, paused 686us total 35.682ms
08-03 19:26:01.151 16671 16683 I art     : Starting a blocking GC Explicit
08-03 19:26:01.188 16671 16683 I art     : Explicit concurrent mark sweep GC freed 27766(1291KB) AllocSpace objects, 0(0B) LOS objects, 25% free, 46MB/62MB, paused 695us total 37.350ms
08-03 19:26:01.188 16671 16682 I art     : WaitForGcToComplete blocked for 27.669ms for cause HeapTrim
08-03 19:26:01.459 16671 16683 I art     : Starting a blocking GC Explicit
08-03 19:26:01.516 16671 16683 I art     : Explicit concurrent mark sweep GC freed 168079(7MB) AllocSpace objects, 1(20KB) LOS objects, 24% free, 48MB/64MB, paused 722us total 57.040ms
08-03 19:26:01.531 16671 16683 I art     : Starting a blocking GC Explicit
08-03 19:26:01.573 16671 16683 I art     : Explicit concurrent mark sweep GC freed 36499(1718KB) AllocSpace objects, 0(0B) LOS objects, 24% free, 48MB/64MB, paused 751us total 42.065ms
08-03 19:26:01.588 16671 16683 I art     : Starting a blocking GC Explicit
08-03 19:26:01.629 16671 16683 I art     : Explicit concurrent mark sweep GC freed 30714(1442KB) AllocSpace objects, 0(0B) LOS objects, 24% free, 48MB/64MB, paused 781us total 41.500ms
08-03 19:26:01.643 16671 16683 I art     : Starting a blocking GC Explicit
08-03 19:26:01.652 16671 16887 I Service : getCourses response time: 0.69
08-03 19:26:01.664 16671 16671 I SettingsManager: Getting string: savedCourse
08-03 19:26:01.683 16671 16683 I art     : Explicit concurrent mark sweep GC freed 14304(722KB) AllocSpace objects, 0(0B) LOS objects, 24% free, 48MB/64MB, paused 553us total 39.253ms
08-03 19:26:01.697 16671 16683 I art     : Starting a blocking GC Explicit
08-03 19:26:01.738 16671 16683 I art     : Explicit concurrent mark sweep GC freed 594(28KB) AllocSpace objects, 1(14MB) LOS objects, 32% free, 33MB/49MB, paused 511us total 40.638ms
08-03 19:26:02.061 16671 16683 I art     : Starting a blocking GC Explicit
08-03 19:26:02.116 16671 16683 I art     : Explicit concurrent mark sweep GC freed 1411(79KB) AllocSpace objects, 1(20KB) LOS objects, 32% free, 33MB/49MB, paused 200us total 55.271ms
08-03 19:26:02.133 16671 16683 I art     : Starting a blocking GC Explicit
08-03 19:26:02.175 16671 16683 I art     : Explicit concurrent mark sweep GC freed 27(992B) AllocSpace objects, 0(0B) LOS objects, 32% free, 33MB/49MB, paused 197us total 41.142ms
08-03 19:26:02.191 16671 16683 I art     : Starting a blocking GC Explicit
08-03 19:26:02.235 16671 16683 I art     : Explicit concurrent mark sweep GC freed 3(96B) AllocSpace objects, 0(0B) LOS objects, 32% free, 33MB/49MB, paused 194us total 43.840ms
08-03 19:26:02.250 16671 16683 I art     : Starting a blocking GC Explicit
08-03 19:26:02.293 16671 16683 I art     : Explicit concurrent mark sweep GC freed 3(96B) AllocSpace objects, 0(0B) LOS objects, 32% free, 33MB/49MB, paused 194us total 42.781ms
08-03 19:26:02.309 16671 16683 I art     : Starting a blocking GC Explicit
08-03 19:26:02.352 16671 16683 I art     : Explicit concurrent mark sweep GC freed 3(96B) AllocSpace objects, 0(0B) LOS objects, 32% free, 33MB/49MB, paused 196us total 42.500ms
08-03 19:26:02.671 16671 16885 I art     : Starting a blocking GC Explicit
08-03 19:26:02.720 16671 16885 I art     : Explicit concurrent mark sweep GC freed 1274(74KB) AllocSpace objects, 1(20KB) LOS objects, 32% free, 33MB/49MB, paused 190us total 48.786ms
08-03 19:26:02.736 16671 16885 I art     : Starting a blocking GC Explicit
08-03 19:26:02.780 16671 16885 I art     : Explicit concurrent mark sweep GC freed 18(640B) AllocSpace objects, 0(0B) LOS objects, 32% free, 33MB/49MB, paused 192us total 43.714ms
08-03 19:26:02.796 16671 16885 I art     : Starting a blocking GC Explicit
08-03 19:26:02.839 16671 16885 I art     : Explicit concurrent mark sweep GC freed 3(96B) AllocSpace objects, 0(0B) LOS objects, 32% free, 33MB/49MB, paused 196us total 42.392ms
08-03 19:26:02.854 16671 16885 I art     : Starting a blocking GC Explicit
08-03 19:26:02.897 16671 16885 I art     : Explicit concurrent mark sweep GC freed 3(96B) AllocSpace objects, 0(0B) LOS objects, 32% free, 33MB/49MB, paused 209us total 42.822ms
08-03 19:26:02.913 16671 16885 I art     : Starting a blocking GC Explicit
08-03 19:26:02.956 16671 16885 I art     : Explicit concurrent mark sweep GC freed 3(96B) AllocSpace objects, 0(0B) LOS objects, 32% free, 33MB/49MB, paused 183us total 42.295ms
08-03 19:26:03.258 16671 16684 I art     : Starting a blocking GC Explicit
08-03 19:26:03.310 16671 16684 I art     : Explicit concurrent mark sweep GC freed 1274(74KB) AllocSpace objects, 1(20KB) LOS objects, 32% free, 33MB/49MB, paused 199us total 51.192ms
08-03 19:26:03.328 16671 16684 I art     : Starting a blocking GC Explicit
08-03 19:26:03.371 16671 16684 I art     : Explicit concurrent mark sweep GC freed 19(656B) AllocSpace objects, 0(0B) LOS objects, 32% free, 33MB/49MB, paused 195us total 42.471ms
08-03 19:26:03.387 16671 16684 I art     : Starting a blocking GC Explicit
08-03 19:26:03.429 16671 16684 I art     : Explicit concurrent mark sweep GC freed 5(176B) AllocSpace objects, 0(0B) LOS objects, 32% free, 33MB/49MB, paused 197us total 42.467ms
08-03 19:26:03.445 16671 16684 I art     : Starting a blocking GC Explicit
08-03 19:26:03.488 16671 16684 I art     : Explicit concurrent mark sweep GC freed 3(96B) AllocSpace objects, 0(0B) LOS objects, 32% free, 33MB/49MB, paused 195us total 42.575ms
08-03 19:26:03.504 16671 16684 I art     : Starting a blocking GC Explicit
08-03 19:26:03.546 16671 16684 I art     : Explicit concurrent mark sweep GC freed 3(96B) AllocSpace objects, 0(0B) LOS objects, 32% free, 33MB/49MB, paused 193us total 42.654ms
08-03 19:26:03.865 16671 16885 I art     : Starting a blocking GC Explicit
08-03 19:26:03.926 16671 16885 I art     : Explicit concurrent mark sweep GC freed 1274(74KB) AllocSpace objects, 1(20KB) LOS objects, 32% free, 33MB/49MB, paused 223us total 60.369ms
08-03 19:26:03.944 16671 16885 I art     : Starting a blocking GC Explicit
08-03 19:26:03.983 16671 16885 I art     : Explicit concurrent mark sweep GC freed 18(640B) AllocSpace objects, 0(0B) LOS objects, 32% free, 33MB/49MB, paused 192us total 38.223ms
08-03 19:26:03.997 16671 16885 I art     : Starting a blocking GC Explicit
08-03 19:26:04.039 16671 16885 I art     : Explicit concurrent mark sweep GC freed 3(96B) AllocSpace objects, 0(0B) LOS objects, 32% free, 33MB/49MB, paused 191us total 41.081ms
08-03 19:26:04.055 16671 16885 I art     : Starting a blocking GC Explicit
08-03 19:26:04.097 16671 16885 I art     : Explicit concurrent mark sweep GC freed 3(96B) AllocSpace objects, 0(0B) LOS objects, 32% free, 33MB/49MB, paused 202us total 42.341ms
08-03 19:26:04.114 16671 16885 I art     : Starting a blocking GC Explicit
08-03 19:26:04.158 16671 16885 I art     : Explicit concurrent mark sweep GC freed 3(96B) AllocSpace objects, 0(0B) LOS objects, 32% free, 33MB/49MB, paused 191us total 44.106ms
08-03 19:26:04.453 16671 16683 I art     : Starting a blocking GC Explicit
08-03 19:26:04.498 16671 16683 I art     : Explicit concurrent mark sweep GC freed 1274(74KB) AllocSpace objects, 1(20KB) LOS objects, 32% free, 33MB/49MB, paused 223us total 44.064ms
08-03 19:26:04.514 16671 16683 I art     : Starting a blocking GC Explicit
08-03 19:26:04.552 16671 16683 I art     : Explicit concurrent mark sweep GC freed 18(624B) AllocSpace objects, 0(0B) LOS objects, 32% free, 33MB/49MB, paused 189us total 37.829ms
08-03 19:26:04.568 16671 16683 I art     : Starting a blocking GC Explicit
08-03 19:26:04.610 16671 16683 I art     : Explicit concurrent mark sweep GC freed 3(96B) AllocSpace objects, 0(0B) LOS objects, 32% free, 33MB/49MB, paused 195us total 41.737ms
08-03 19:26:04.626 16671 16683 I art     : Starting a blocking GC Explicit
08-03 19:26:04.668 16671 16683 I art     : Explicit concurrent mark sweep GC freed 3(96B) AllocSpace objects, 0(0B) LOS objects, 32% free, 33MB/49MB, paused 191us total 41.750ms
08-03 19:26:04.683 16671 16683 I art     : Starting a blocking GC Explicit
08-03 19:26:04.724 16671 16683 I art     : Explicit concurrent mark sweep GC freed 3(96B) AllocSpace objects, 0(0B) LOS objects, 32% free, 33MB/49MB, paused 187us total 40.815ms
08-03 19:26:04.832 17019 17019 D AndroidRuntime: >>>>>> START com.android.internal.os.RuntimeInit uid 2000 <<<<<<
08-03 19:26:04.838 17019 17019 D AndroidRuntime: CheckJNI is OFF
08-03 19:26:04.875 17019 17019 D ICU     : No timezone override file found: /data/misc/zoneinfo/current/icu/icu_tzdata.dat
08-03 19:26:04.909 17019 17019 I Radio-JNI: register_android_hardware_Radio DONE
08-03 19:26:04.931 17019 17019 D AndroidRuntime: Calling main entry com.android.commands.input.Input
08-03 19:26:04.933 17019 17019 I Input   : injectMotionEvent: MotionEvent { action=ACTION_DOWN, actionButton=0, id[0]=0, x[0]=526.0, y[0]=704.0, toolType[0]=TOOL_TYPE_UNKNOWN, buttonState=0, metaState=0, flags=0x0, edgeFlags=0x0, pointerCount=1, historySize=0, eventTime=645981346, downTime=645981346, deviceId=0, source=0x1002 }
08-03 19:26:04.938 17019 17019 I Input   : injectMotionEvent: MotionEvent { action=ACTION_UP, actionButton=0, id[0]=0, x[0]=526.0, y[0]=704.0, toolType[0]=TOOL_TYPE_UNKNOWN, buttonState=0, metaState=0, flags=0x0, edgeFlags=0x0, pointerCount=1, historySize=0, eventTime=645981346, downTime=645981346, deviceId=0, source=0x1002 }
08-03 19:26:04.940 17019 17019 D AndroidRuntime: Shutting down VM
08-03 19:26:04.999 16671 16683 I art     : Starting a blocking GC Explicit
08-03 19:26:05.006   512  2967 D audio_hw_primary: out_set_parameters: enter: usecase(1: low-latency-playback) kvpairs: routing=2
08-03 19:26:05.019   512  2967 D audio_hw_primary: select_devices: out_snd_device(2: speaker) in_snd_device(0: none)
08-03 19:26:05.019   512  2967 D msm8974_platform: platform_send_audio_calibration: sending audio calibration for snd_device(2) acdb_id(15)
08-03 19:26:05.020   512  2967 I soundtrigger: audio_extn_sound_trigger_update_device_status: device 0x2 of type 0 for Event 1
08-03 19:26:05.036   512  2967 D audio_hw_primary: enable_snd_device: snd_device(2: speaker)
08-03 19:26:05.038   512  2967 D audio_hw_primary: enable_audio_route: apply and update mixer path: low-latency-playback speaker
08-03 19:26:05.044 16671 16683 I art     : Explicit concurrent mark sweep GC freed 1902(123KB) AllocSpace objects, 2(40KB) LOS objects, 32% free, 33MB/49MB, paused 268us total 45.453ms
08-03 19:26:05.059 16671 16683 I art     : Starting a blocking GC Explicit
08-03 19:26:05.099 16671 16683 I art     : Explicit concurrent mark sweep GC freed 194(12KB) AllocSpace objects, 0(0B) LOS objects, 32% free, 33MB/49MB, paused 219us total 40.070ms
08-03 19:26:05.113 16671 16683 I art     : Starting a blocking GC Explicit
08-03 19:26:05.153 16671 16683 I art     : Explicit concurrent mark sweep GC freed 97(4KB) AllocSpace objects, 0(0B) LOS objects, 32% free, 33MB/49MB, paused 223us total 39.012ms
08-03 19:26:05.167 16671 16683 I art     : Starting a blocking GC Explicit
08-03 19:26:05.208 16671 16683 I art     : Explicit concurrent mark sweep GC freed 7(224B) AllocSpace objects, 0(0B) LOS objects, 32% free, 33MB/49MB, paused 177us total 40.426ms
08-03 19:26:05.223 16671 16683 I art     : Starting a blocking GC Explicit
08-03 19:26:05.266 16671 16683 I art     : Explicit concurrent mark sweep GC freed 5(176B) AllocSpace objects, 0(0B) LOS objects, 32% free, 33MB/49MB, paused 168us total 42.646ms
08-03 19:26:05.561 16671 17047 I art     : Starting a blocking GC Explicit
08-03 19:26:05.579   512  2967 D audio_hw_primary: disable_audio_route: reset and update mixer path: low-latency-playback speaker
08-03 19:26:05.581   512  2967 D audio_hw_primary: disable_snd_device: snd_device(2: speaker)
08-03 19:26:05.590   512  2967 I soundtrigger: audio_extn_sound_trigger_update_device_status: device 0x2 of type 0 for Event 0
08-03 19:26:05.618 16671 17047 I art     : Explicit concurrent mark sweep GC freed 1277(75KB) AllocSpace objects, 1(20KB) LOS objects, 32% free, 33MB/49MB, paused 231us total 56.918ms
08-03 19:26:05.639 16671 17047 I art     : Starting a blocking GC Explicit
08-03 19:26:05.690 16671 17047 I art     : Explicit concurrent mark sweep GC freed 24(816B) AllocSpace objects, 0(0B) LOS objects, 32% free, 33MB/49MB, paused 230us total 51.620ms
08-03 19:26:05.712 16671 17047 I art     : Starting a blocking GC Explicit
08-03 19:26:05.754 16671 17047 I art     : Explicit concurrent mark sweep GC freed 5(160B) AllocSpace objects, 0(0B) LOS objects, 32% free, 33MB/49MB, paused 180us total 42.264ms
08-03 19:26:05.774 16671 17047 I art     : Starting a blocking GC Explicit
08-03 19:26:05.822 16671 17047 I art     : Explicit concurrent mark sweep GC freed 3(96B) AllocSpace objects, 0(0B) LOS objects, 32% free, 33MB/49MB, paused 190us total 48.370ms
08-03 19:26:05.839 16671 17047 I art     : Starting a blocking GC Explicit
08-03 19:26:05.880 16671 17047 I art     : Explicit concurrent mark sweep GC freed 5(160B) AllocSpace objects, 0(0B) LOS objects, 32% free, 33MB/49MB, paused 192us total 40.998ms
08-03 19:26:05.903 18789 18789 I Finsky  : [1] xow.onStartJob(3): SCH: onJobSchedulerWakeup with jobId 9016
08-03 19:26:05.909 18789 18789 I Finsky  : [1] xjw.a(9): Scheduling fallback in 43199995 (absolute: 1672569779)
08-03 19:26:05.912 18789 18789 I Finsky  : [1] xjw.a(9): Scheduling fallback in 64799998 (absolute: 1694169784)
08-03 19:26:05.921 18789 18789 I Finsky  : [1] xow.onStartJob(3): SCH: onJobSchedulerWakeup with jobId 9008
08-03 19:26:05.927 18789 18789 I Finsky  : [1] xjw.a(9): Scheduling fallback in 43199994 (absolute: 1672569796)
08-03 19:26:05.932 18789 18789 I Finsky  : [1] xjw.a(9): Scheduling fallback in 64799997 (absolute: 1694169802)
08-03 19:26:05.935 18789 18789 W Finsky  : [1] xow.onStartJob(9): SCH: onJobSchedulerWakeup while already running
08-03 19:26:06.041 18789 18789 I Finsky  : [1] xkf.handleMessage(8): SCH: DeviceState: DeviceState{currentTime=1596475566036, isCharging=false, isIdle=false, netAny=true, netNotRoaming=true, netUnmetered=true, batteryPercent=100.0}
08-03 19:26:06.047 18789 16641 I Finsky  : [5678] xmu.a(8): SCH: Jobs in database: 1-1337 3-181 3-182 12-1 24-77777777 26-1414141414 
08-03 19:26:06.050 18789 18789 I Finsky  : [1] xkg.a(16): SCH: Running job: 12-1
08-03 19:26:06.051 18789 18789 I Finsky  : [1] ContentSyncJob.a(16): [ContentSync] job started
08-03 19:26:06.051 18789 18789 I Finsky  : [1] xkf.handleMessage(61): SCH: RunningQueue size: 1, PendingQueue size: 0
08-03 19:26:06.051 18789 18789 I Finsky  : [1] xkf.handleMessage(64): SCH: Running queue: 12-1 
08-03 19:26:06.123 18789 17066 I Finsky  : [5687] dzn.a(22): Completed 0 account content syncs with 0 successful.
08-03 19:26:06.124 18789 18789 I Finsky  : [1] ContentSyncJob.a(1): [ContentSync] Installation state replication succeeded.
08-03 19:26:06.124 18789 18789 I Finsky  : [1] xlr.a(13): SCH: jobFinished: 12-1. TimeElapsed: 74ms.
08-03 19:26:06.125 18789 18789 I Finsky  : [1] xkg.a(36): SCH: Job 12-1 finished. Not rescheduling.
08-03 19:26:06.125 18789 18789 I Finsky  : [1] xkf.handleMessage(61): SCH: RunningQueue size: 0, PendingQueue size: 0
08-03 19:26:06.126 18789 18789 I Finsky  : [1] xkf.handleMessage(25): Executor finished
08-03 19:26:06.135 16671 16885 I art     : Starting a blocking GC Explicit
08-03 19:26:06.142 18789 18789 I Finsky  : [1] xmu.a(8): SCH: Jobs in database: 1-1337 3-181 3-182 24-77777777 26-1414141414 
08-03 19:26:06.150 18789 18789 I Finsky  : [1] xio.a(57): SCH: ConstraintMapping: 24-77777777,  -> L: 0ms, D: 6002952ms, C: false, I: true, N: 0
08-03 19:26:06.151 18789 18789 I Finsky  : [1] xio.a(57): SCH: ConstraintMapping: 1-1337,  -> L: 9586762ms, D: 52786762ms, C: false, I: false, N: 1
08-03 19:26:06.152 18789 18789 I Finsky  : [1] xio.a(57): SCH: ConstraintMapping: 3-181,  -> L: 0ms, D: 84043069ms, C: false, I: true, N: 2
08-03 19:26:06.152 18789 18789 I Finsky  : [1] xio.a(57): SCH: ConstraintMapping: 3-182,  -> L: 0ms, D: 84043138ms, C: true, I: true, N: 2
08-03 19:26:06.153 18789 18789 I Finsky  : [1] xio.a(57): SCH: ConstraintMapping: 26-1414141414,  -> L: 13659005ms, D: 14559005ms, C: false, I: false, N: 0
08-03 19:26:06.176 16671 16885 I art     : Explicit concurrent mark sweep GC freed 1276(75KB) AllocSpace objects, 1(20KB) LOS objects, 32% free, 33MB/49MB, paused 765us total 40.815ms
08-03 19:26:06.188 18789 18789 I Finsky  : [1] xle.a(34): Cancelling existing jobscheduler jobs: 9010 9019 9001 9009 9018 9013 9017 9012 
08-03 19:26:06.191 16671 16885 I art     : Starting a blocking GC Explicit
08-03 19:26:06.191 18789 18789 I Finsky  : [1] xle.a(10): Throttling wakeup for job 9000 (expected to run in 0 ms) due to recent wakeup
08-03 19:26:06.192 18789 18789 I Finsky  : [1] xle.a(27): Scheduling job Id: 9000, L: 30000, D: 6002952, C: false, I: true, N: 0
08-03 19:26:06.194 18789 18789 I Finsky  : [1] xle.a(27): Scheduling job Id: 9002, L: 9586762, D: 52786762, C: false, I: false, N: 1
08-03 19:26:06.196 18789 18789 I Finsky  : [1] xle.a(10): Throttling wakeup for job 9003 (expected to run in 0 ms) due to recent wakeup
08-03 19:26:06.197 18789 18789 I Finsky  : [1] xle.a(27): Scheduling job Id: 9003, L: 30000, D: 84043069, C: false, I: true, N: 2
08-03 19:26:06.199 18789 18789 I Finsky  : [1] xle.a(10): Throttling wakeup for job 9004 (expected to run in 0 ms) due to recent wakeup
08-03 19:26:06.200 18789 18789 I Finsky  : [1] xle.a(27): Scheduling job Id: 9004, L: 30000, D: 84043138, C: true, I: true, N: 2
08-03 19:26:06.201 18789 18789 I Finsky  : [1] xle.a(27): Scheduling job Id: 9005, L: 13659005, D: 14559005, C: false, I: false, N: 0
08-03 19:26:06.203 18789 18789 I Finsky  : [1] xle.a(10): Throttling wakeup for job 9006 (expected to run in 0 ms) due to recent wakeup
08-03 19:26:06.203 18789 18789 I Finsky  : [1] xle.a(27): Scheduling job Id: 9006, L: 30000, D: 6002952, C: false, I: true, N: 0
08-03 19:26:06.205 18789 18789 I Finsky  : [1] xle.a(27): Scheduling job Id: 9007, L: 9586762, D: 52786762, C: false, I: false, N: 1
08-03 19:26:06.206 18789 18789 I Finsky  : [1] xle.a(10): Throttling wakeup for job 9008 (expected to run in 0 ms) due to recent wakeup
08-03 19:26:06.207 18789 18789 I Finsky  : [1] xle.a(27): Scheduling job Id: 9008, L: 30000, D: 84043069, C: false, I: true, N: 2
08-03 19:26:06.208 18789 18789 I Finsky  : [1] xle.a(10): Throttling wakeup for job 9011 (expected to run in 0 ms) due to recent wakeup
08-03 19:26:06.208 18789 18789 I Finsky  : [1] xle.a(27): Scheduling job Id: 9011, L: 30000, D: 84043138, C: true, I: true, N: 2
08-03 19:26:06.210 18789 18789 I Finsky  : [1] xle.a(27): Scheduling job Id: 9014, L: 13659005, D: 14559005, C: false, I: false, N: 0
08-03 19:26:06.226 16671 16885 I art     : Explicit concurrent mark sweep GC freed 18(640B) AllocSpace objects, 0(0B) LOS objects, 32% free, 33MB/49MB, paused 187us total 34.842ms
08-03 19:26:06.239 16671 16885 I art     : Starting a blocking GC Explicit
08-03 19:26:06.275 16671 16885 I art     : Explicit concurrent mark sweep GC freed 3(96B) AllocSpace objects, 0(0B) LOS objects, 32% free, 33MB/49MB, paused 193us total 35.637ms
08-03 19:26:06.289 16671 16885 I art     : Starting a blocking GC Explicit
08-03 19:26:06.327 16671 16885 I art     : Explicit concurrent mark sweep GC freed 3(96B) AllocSpace objects, 0(0B) LOS objects, 32% free, 33MB/49MB, paused 188us total 37.091ms
08-03 19:26:06.341 16671 16885 I art     : Starting a blocking GC Explicit
08-03 19:26:06.380 16671 16885 I art     : Explicit concurrent mark sweep GC freed 3(96B) AllocSpace objects, 0(0B) LOS objects, 32% free, 33MB/49MB, paused 203us total 38.598ms
08-03 19:26:06.584 17071 17071 D AndroidRuntime: >>>>>> START com.android.internal.os.RuntimeInit uid 2000 <<<<<<
08-03 19:26:06.590 17071 17071 D AndroidRuntime: CheckJNI is OFF
08-03 19:26:06.623 17071 17071 D ICU     : No timezone override file found: /data/misc/zoneinfo/current/icu/icu_tzdata.dat
08-03 19:26:06.648 16671 16683 I art     : Starting a blocking GC Explicit
08-03 19:26:06.655 17071 17071 I Radio-JNI: register_android_hardware_Radio DONE
08-03 19:26:06.681 17071 17071 D AndroidRuntime: Calling main entry com.android.commands.input.Input
08-03 19:26:06.683 17071 17071 I Input   : injectMotionEvent: MotionEvent { action=ACTION_DOWN, actionButton=0, id[0]=0, x[0]=1197.0, y[0]=1456.0, toolType[0]=TOOL_TYPE_UNKNOWN, buttonState=0, metaState=0, flags=0x0, edgeFlags=0x0, pointerCount=1, historySize=0, eventTime=645983096, downTime=645983096, deviceId=0, source=0x1002 }
08-03 19:26:06.690 17071 17071 I Input   : injectMotionEvent: MotionEvent { action=ACTION_UP, actionButton=0, id[0]=0, x[0]=1197.0, y[0]=1456.0, toolType[0]=TOOL_TYPE_UNKNOWN, buttonState=0, metaState=0, flags=0x0, edgeFlags=0x0, pointerCount=1, historySize=0, eventTime=645983096, downTime=645983096, deviceId=0, source=0x1002 }
08-03 19:26:06.693 17071 17071 D AndroidRuntime: Shutting down VM
08-03 19:26:06.704   512  2967 D audio_hw_primary: out_set_parameters: enter: usecase(1: low-latency-playback) kvpairs: routing=2
08-03 19:26:06.706 16671 16683 I art     : Explicit concurrent mark sweep GC freed 1319(76KB) AllocSpace objects, 1(20KB) LOS objects, 32% free, 33MB/49MB, paused 200us total 57.603ms
08-03 19:26:06.716   518   646 I ThermalEngine: ACTION: GPU - Setting GPU[0] to 450000000
08-03 19:26:06.717   512  2967 D audio_hw_primary: select_devices: out_snd_device(2: speaker) in_snd_device(0: none)
08-03 19:26:06.717   512  2967 D msm8974_platform: platform_send_audio_calibration: sending audio calibration for snd_device(2) acdb_id(15)
08-03 19:26:06.717   512  2967 I soundtrigger: audio_extn_sound_trigger_update_device_status: device 0x2 of type 0 for Event 1
08-03 19:26:06.726 16671 16683 I art     : Starting a blocking GC Explicit
08-03 19:26:06.730   512  2967 D audio_hw_primary: enable_snd_device: snd_device(2: speaker)
08-03 19:26:06.732   512  2967 D audio_hw_primary: enable_audio_route: apply and update mixer path: low-latency-playback speaker
08-03 19:26:06.734 16671 16686 D OpenGLRenderer: endAllStagingAnimators on 0x7f8137f000 (RippleDrawable) with handle 0x7f81572140
08-03 19:26:06.745 16671 16671 I SettingsManager: Setting string: savedCourse
08-03 19:26:06.759   918  3696 W BackupManagerService: dataChanged but no participant pkg='baseline.com.ak.uobtimetable' uid=10641
08-03 19:26:06.760   918  3961 I ActivityManager: START u0 {flg=0x4000000 cmp=baseline.com.ak.uobtimetable/.MainActivity (has extras)} from uid 10641 on display 0
08-03 19:26:06.771   918  5952 W InputMethodManagerService: Focus gain on non-focused client com.android.internal.view.IInputMethodClient$Stub$Proxy@469753a (uid=10641 pid=16671)
08-03 19:26:06.774 16671 16683 I art     : Explicit concurrent mark sweep GC freed 2885(139KB) AllocSpace objects, 1(20KB) LOS objects, 32% free, 33MB/49MB, paused 719us total 48.356ms
08-03 19:26:06.781 16671 16671 D MainActivity: OnDestroy
08-03 19:26:06.798 16671 16683 I art     : Starting a blocking GC Explicit
08-03 19:26:06.810 16671 16671 D MainActivity: onCreate
08-03 19:26:06.810 16671 16671 I SettingsManager: Getting string: savedSessions
08-03 19:26:06.810 16671 16671 I Settings: No saved sessions
08-03 19:26:06.819 14658 14658 I ServiceManager: Waiting for service AtCmdFwd...
08-03 19:26:06.849 16671 16683 I art     : Explicit concurrent mark sweep GC freed 753(50KB) AllocSpace objects, 0(0B) LOS objects, 31% free, 34MB/50MB, paused 400us total 50.842ms
08-03 19:26:06.854 16671 16671 I SettingsManager: Getting string: savedCourse
08-03 19:26:06.855 16671 16671 D MainActivity: sessionListFragmentArg: updateSessions
08-03 19:26:06.855 16671 16671 D MainActivity: showTermDatesConfigChange: false
08-03 19:26:06.855 16671 16671 D MainActivity: showTermDatesShortcut: false
08-03 19:26:06.859 16671 16671 D MainActivity: Setting initial fragment: SessionListsFragment
08-03 19:26:06.862 16671 16671 I SettingsManager: Getting int: launchCount
08-03 19:26:06.868 16671 16671 D SessionListsFragment: onCreateView
08-03 19:26:06.870 16671 16683 I art     : Starting a blocking GC Explicit
08-03 19:26:06.885 16671 16671 I SettingsManager: Getting string: savedCourse
08-03 19:26:06.889 16671 16671 I SettingsManager: Getting string: savedSessions
08-03 19:26:06.890 16671 16671 D SessionListsFragment: loadArgument: updateSessions
08-03 19:26:06.890 16671 16671 D SessionListsFragment: initialIndex: -1
08-03 19:26:06.893 16671 17094 D HTTP    : Request for: https://uob-timetable-api.adriankeenan.co.uk/sessions?dept=BD002&course=CFIEFAAF%2F02AA%2F0%2FFT&level=ALL+Courses
08-03 19:26:06.895 16671 16671 I WebViewFactory: Loading com.google.android.webview version 84.0.4147.89 (code 414708953)
08-03 19:26:06.924 16671 16683 I art     : Explicit concurrent mark sweep GC freed 6709(412KB) AllocSpace objects, 4(1436KB) LOS objects, 32% free, 33MB/49MB, paused 566us total 53.849ms
08-03 19:26:06.944 16671 16683 I art     : Starting a blocking GC Explicit
08-03 19:26:06.993 16671 16683 I art     : Explicit concurrent mark sweep GC freed 329(36KB) AllocSpace objects, 0(0B) LOS objects, 32% free, 33MB/49MB, paused 464us total 48.279ms
08-03 19:26:07.069 16671 17094 I NAPPA_EXPERIMENTATION: MetricNetworkRequestExecutionTime: REQUEST_DURATION_SYSTEM='174',REQUEST_DURATION_OKHTTP='38',REQUEST_SYNCHRONOUS='TRUE',RESPONSE_CODE='200',RESPONSE_METHOD='GET',RESPONSE_LENGTH_OKHTTP='-1',RESPONSE_LENGTH_HEADER='867',REQUEST_PROTOCOL='http/1.1',REQUEST_URL='https://uob-timetable-api.adriankeenan.co.uk/sessions?dept=BD002&course=CFIEFAAF%2F02AA%2F0%2FFT&level=ALL+Courses',
08-03 19:26:07.079 16671 16671 I cr_LibraryLoader: Loaded native library version number "84.0.4147.89"
08-03 19:26:07.080 16671 16671 I cr_CachingUmaRecorder: Flushed 5 samples from 5 histograms.
08-03 19:26:07.109 16671 17094 I HTTP    : Response was compressed.
08-03 19:26:07.122 16671 16671 E chromium: [ERROR:filesystem_posix.cc(62)] mkdir /data/user/0/baseline.com.ak.uobtimetable/cache/WebView/Crashpad: No such file or directory (2)
08-03 19:26:07.122 16671 17094 I Service : getSessions response time: 1.12
08-03 19:26:07.221   918  6029 D ConnectivityService: listenForNetwork for Listen from uid/pid:10641/16671 for NetworkRequest [ id=2315, legacyType=-1, [ Capabilities: INTERNET&NOT_RESTRICTED&TRUSTED] ]
08-03 19:26:07.264 16671 17112 W cr_media: Requires BLUETOOTH permission
08-03 19:26:07.268   512  2967 D audio_hw_primary: disable_audio_route: reset and update mixer path: low-latency-playback speaker
08-03 19:26:07.269   512  2967 D audio_hw_primary: disable_snd_device: snd_device(2: speaker)
08-03 19:26:07.276   512  2967 I soundtrigger: audio_extn_sound_trigger_update_device_status: device 0x2 of type 0 for Event 0
08-03 19:26:07.282 16671 17132 E libEGL  : validate_display:255 error 3008 (EGL_BAD_DISPLAY)
08-03 19:26:07.286 16671 16671 D TermDatesFragment: WebView loaded
08-03 19:26:07.287 16671 16671 D MainActivity: OnResume
08-03 19:26:07.290 16671 17047 I art     : Starting a blocking GC Explicit
08-03 19:26:07.309 16671 16671 I SettingsManager: Getting string: savedSessions
08-03 19:26:07.321 16671 16671 I SettingsManager: Setting string: savedSessions
08-03 19:26:07.329   918  3359 W BackupManagerService: dataChanged but no participant pkg='baseline.com.ak.uobtimetable' uid=10641
08-03 19:26:07.329 16671 16671 I SettingsManager: Setting date: savedSessionsTime
08-03 19:26:07.341   918  3961 W BackupManagerService: dataChanged but no participant pkg='baseline.com.ak.uobtimetable' uid=10641
08-03 19:26:07.341 16671 16671 I SettingsManager: Setting string: savedSessionsCourseName
08-03 19:26:07.349   918   929 W BackupManagerService: dataChanged but no participant pkg='baseline.com.ak.uobtimetable' uid=10641
08-03 19:26:07.349 16671 16671 I SettingsManager: Setting string: savedSessionsDateRange
08-03 19:26:07.358   918  3670 W BackupManagerService: dataChanged but no participant pkg='baseline.com.ak.uobtimetable' uid=10641
08-03 19:26:07.358 16671 16671 I SettingsManager: Setting string: timetableUrl
08-03 19:26:07.362 16671 17047 I art     : Explicit concurrent mark sweep GC freed 21294(1451KB) AllocSpace objects, 9(320KB) LOS objects, 31% free, 35MB/51MB, paused 675us total 71.259ms
08-03 19:26:07.366   918  4400 W BackupManagerService: dataChanged but no participant pkg='baseline.com.ak.uobtimetable' uid=10641
08-03 19:26:07.366 16671 16671 I SettingsManager: Getting boolean: notifySessionRemindersEnabled
08-03 19:26:07.366 16671 16671 I SettingsManager: Getting int: notifySessionRemindersMinutes
08-03 19:26:07.366 16671 16671 I SettingsManager: Getting boolean: showHiddenSessions
08-03 19:26:07.380 16671 17047 I art     : Starting a blocking GC Explicit
08-03 19:26:07.407 16671 16671 I SessionReminderNotifier: Created session reminder alarm for f7b4771250a919bd729c1c5a4a459c77 at Mon 08:30:00 10/08/20
08-03 19:26:07.409 16671 16671 I SessionReminderNotifier: Created session reminder alarm for a7f879aabdeb78622c8820a5fb7b64cd at Tue 08:30:00 04/08/20
08-03 19:26:07.411 16671 16671 I SessionReminderNotifier: Created session reminder alarm for 7bc8d7e2c2055711f597c3d9078c6ea3 at Tue 08:30:00 04/08/20
08-03 19:26:07.412 16671 16671 I SessionReminderNotifier: Created session reminder alarm for e0fc978b5db8218778540b4053344581 at Tue 11:00:00 04/08/20
08-03 19:26:07.414 16671 16671 I SessionReminderNotifier: Created session reminder alarm for 21712fef61090882c855a1425543edb5 at Tue 13:30:00 04/08/20
08-03 19:26:07.415 16671 16671 I SessionReminderNotifier: Created session reminder alarm for 65ca4d97f031f29a4d02bbb45a705d8f at Wed 08:30:00 05/08/20
08-03 19:26:07.417 16671 16671 I SessionReminderNotifier: Created session reminder alarm for eeda7741b0bcab58fd9f46dc6ef1d942 at Wed 08:30:00 05/08/20
08-03 19:26:07.418 16671 16671 I SessionReminderNotifier: Created session reminder alarm for c276c1b2075a0beb67f1b3d1e580f920 at Wed 11:00:00 05/08/20
08-03 19:26:07.420 16671 16671 I SessionReminderNotifier: Created session reminder alarm for 79fe0b5c3b887a13ba29db5a33fa2800 at Thu 08:30:00 06/08/20
08-03 19:26:07.421 16671 16671 I SessionReminderNotifier: Created session reminder alarm for 2ba1034116e4fffdd592dbf0796a43d5 at Fri 08:30:00 07/08/20
08-03 19:26:07.421 16671 16671 I SettingsManager: Getting boolean: showHiddenSessions
08-03 19:26:07.422 16671 16671 D SessionListsFragment: 1 sessions for day 0
08-03 19:26:07.422 16671 16671 D SessionListsFragment: 4 sessions for day 1
08-03 19:26:07.422 16671 16671 D SessionListsFragment: 3 sessions for day 2
08-03 19:26:07.422 16671 16671 D SessionListsFragment: 1 sessions for day 3
08-03 19:26:07.422 16671 16671 D SessionListsFragment: 1 sessions for day 4
08-03 19:26:07.437 16671 17047 I art     : Explicit concurrent mark sweep GC freed 6943(478KB) AllocSpace objects, 6(152KB) LOS objects, 31% free, 35MB/51MB, paused 958us total 56.694ms
08-03 19:26:07.447 16671 16671 I SettingsManager: Getting boolean: showHiddenSessions
08-03 19:26:07.448 16671 16671 D SessionListsFragment: Refreshed ViewPager
08-03 19:26:07.448 16671 16671 I SettingsManager: Getting boolean: showHiddenSessions
08-03 19:26:07.449 16671 16671 I SettingsManager: Getting boolean: completedTutorial
08-03 19:26:07.456 16671 17047 I art     : Starting a blocking GC Explicit
08-03 19:26:07.476 16671 16671 I SettingsManager: Getting boolean: showHiddenSessions
08-03 19:26:07.477 16671 16671 I SettingsManager: Getting date: savedSessionsTime
08-03 19:26:07.525 16671 17047 I art     : Explicit concurrent mark sweep GC freed 2578(211KB) AllocSpace objects, 0(0B) LOS objects, 31% free, 35MB/51MB, paused 1.279ms total 68.899ms
08-03 19:26:07.544 16671 17047 I art     : Starting a blocking GC Explicit
08-03 19:26:07.607 16671 17047 I art     : Explicit concurrent mark sweep GC freed 24403(1075KB) AllocSpace objects, 0(0B) LOS objects, 30% free, 35MB/51MB, paused 1.126ms total 62.022ms
08-03 19:26:07.628 16671 17047 I art     : Starting a blocking GC Explicit
08-03 19:26:07.691 16671 17047 I art     : Explicit concurrent mark sweep GC freed 28279(1196KB) AllocSpace objects, 2(120KB) LOS objects, 30% free, 36MB/52MB, paused 1.097ms total 63.474ms
08-03 19:26:07.820 14658 14658 I ServiceManager: Waiting for service AtCmdFwd...
08-03 19:26:07.985 16671 16885 I art     : Starting a blocking GC Explicit
08-03 19:26:08.068 16671 16885 I art     : Explicit concurrent mark sweep GC freed 105401(4MB) AllocSpace objects, 2(100KB) LOS objects, 30% free, 36MB/52MB, paused 1.099ms total 83.371ms
08-03 19:26:08.091 16671 16885 I art     : Starting a blocking GC Explicit
08-03 19:26:08.159 16671 16885 I art     : Explicit concurrent mark sweep GC freed 34677(1512KB) AllocSpace objects, 0(0B) LOS objects, 30% free, 36MB/52MB, paused 1.299ms total 67.980ms
08-03 19:26:08.179 16671 16885 I art     : Starting a blocking GC Explicit
08-03 19:26:08.221 16671 16671 I TermDatesFragment: Webview load %: 10
08-03 19:26:08.224 16671 16671 I Choreographer: Skipped 43 frames!  The application may be doing too much work on its main thread.
08-03 19:26:08.243 16671 16885 I art     : Explicit concurrent mark sweep GC freed 7383(343KB) AllocSpace objects, 0(0B) LOS objects, 30% free, 36MB/52MB, paused 1.188ms total 63.489ms
08-03 19:26:08.264 16671 16885 I art     : Starting a blocking GC Explicit
08-03 19:26:08.337 16671 16885 I art     : Explicit concurrent mark sweep GC freed 27078(1074KB) AllocSpace objects, 0(0B) LOS objects, 30% free, 36MB/52MB, paused 699us total 72.844ms
08-03 19:26:08.359 16671 16885 I art     : Starting a blocking GC Explicit
08-03 19:26:08.419   918   936 I ActivityManager: Displayed baseline.com.ak.uobtimetable/.MainActivity: +1s643ms
08-03 19:26:08.423 16671 16885 I art     : Explicit concurrent mark sweep GC freed 747(69KB) AllocSpace objects, 0(0B) LOS objects, 30% free, 36MB/52MB, paused 888us total 63.870ms
08-03 19:26:08.703 16671 16671 I TermDatesFragment: Webview load %: 70
08-03 19:26:08.724 16671 16671 I TermDatesFragment: Webview load %: 80
08-03 19:26:08.726 16671 16671 I TermDatesFragment: Webview load %: 100
08-03 19:26:08.726 16671 16671 I TermDatesFragment: Webview load %: 100
08-03 19:26:08.785 16671 16683 I art     : Starting a blocking GC Explicit
08-03 19:26:08.822 14658 14658 I ServiceManager: Waiting for service AtCmdFwd...
08-03 19:26:08.866 16671 16683 I art     : Explicit concurrent mark sweep GC freed 79086(3MB) AllocSpace objects, 1(20KB) LOS objects, 30% free, 37MB/53MB, paused 451us total 80.806ms
08-03 19:26:08.890 16671 16683 I art     : Starting a blocking GC Explicit
08-03 19:26:08.944 16671 16683 I art     : Explicit concurrent mark sweep GC freed 123468(11MB) AllocSpace objects, 3(136KB) LOS objects, 38% free, 25MB/41MB, paused 409us total 54.230ms
08-03 19:26:08.959 16671 16683 I art     : Starting a blocking GC Explicit
08-03 19:26:08.998 16671 16683 I art     : Explicit concurrent mark sweep GC freed 70(3KB) AllocSpace objects, 0(0B) LOS objects, 38% free, 25MB/41MB, paused 591us total 38.736ms
08-03 19:26:09.013 16671 16683 I art     : Starting a blocking GC Explicit
08-03 19:26:09.052 16671 16683 I art     : Explicit concurrent mark sweep GC freed 49(2320B) AllocSpace objects, 0(0B) LOS objects, 38% free, 25MB/41MB, paused 411us total 38.954ms
08-03 19:26:09.068 16671 16683 I art     : Starting a blocking GC Explicit
08-03 19:26:09.107 16671 16683 I art     : Explicit concurrent mark sweep GC freed 4(160B) AllocSpace objects, 0(0B) LOS objects, 38% free, 25MB/41MB, paused 416us total 38.591ms
08-03 19:26:09.442 16671 16885 I art     : Starting a blocking GC Explicit
08-03 19:26:09.482 16671 16885 I art     : Explicit concurrent mark sweep GC freed 1604(87KB) AllocSpace objects, 1(20KB) LOS objects, 38% free, 25MB/41MB, paused 418us total 40.201ms
08-03 19:26:09.499 16671 16885 I art     : Starting a blocking GC Explicit
08-03 19:26:09.542 16671 16885 I art     : Explicit concurrent mark sweep GC freed 20(704B) AllocSpace objects, 0(0B) LOS objects, 38% free, 25MB/41MB, paused 430us total 42.217ms
08-03 19:26:09.558 16671 16885 I art     : Starting a blocking GC Explicit
08-03 19:26:09.602 16671 16885 I art     : Explicit concurrent mark sweep GC freed 3(96B) AllocSpace objects, 0(0B) LOS objects, 38% free, 25MB/41MB, paused 508us total 43.734ms
08-03 19:26:09.617 16671 16885 I art     : Starting a blocking GC Explicit
08-03 19:26:09.662 16671 16885 I art     : Explicit concurrent mark sweep GC freed 3(96B) AllocSpace objects, 0(0B) LOS objects, 38% free, 25MB/41MB, paused 425us total 44.523ms
08-03 19:26:09.678 16671 16885 I art     : Starting a blocking GC Explicit
08-03 19:26:09.721 16671 16885 I art     : Explicit concurrent mark sweep GC freed 3(96B) AllocSpace objects, 0(0B) LOS objects, 38% free, 25MB/41MB, paused 426us total 42.691ms
08-03 19:26:09.779   918  3188 I hubconnection: sensorhub said: 'set_bias 3: -5.1552, 0.0000, 0.0000'
08-03 19:26:09.822 14658 14658 I ServiceManager: Waiting for service AtCmdFwd...
08-03 19:26:10.083 16671 16684 I art     : Starting a blocking GC Explicit
08-03 19:26:10.124   918  3261 D WifiStateMachine: starting scan for "H369AA63323"WPA_PSK with 2412,5180
08-03 19:26:10.130 16671 16684 I art     : Explicit concurrent mark sweep GC freed 1318(76KB) AllocSpace objects, 1(20KB) LOS objects, 38% free, 25MB/41MB, paused 398us total 47.050ms
08-03 19:26:10.146 16671 16684 I art     : Starting a blocking GC Explicit
08-03 19:26:10.189 16671 16684 I art     : Explicit concurrent mark sweep GC freed 18(624B) AllocSpace objects, 0(0B) LOS objects, 38% free, 25MB/41MB, paused 399us total 43.010ms
08-03 19:26:10.204 16671 16684 I art     : Starting a blocking GC Explicit
08-03 19:26:10.247 16671 16684 I art     : Explicit concurrent mark sweep GC freed 3(96B) AllocSpace objects, 0(0B) LOS objects, 38% free, 25MB/41MB, paused 424us total 42.110ms
08-03 19:26:10.263 16671 16684 I art     : Starting a blocking GC Explicit
08-03 19:26:10.309 16671 16684 I art     : Explicit concurrent mark sweep GC freed 3(96B) AllocSpace objects, 0(0B) LOS objects, 38% free, 25MB/41MB, paused 427us total 45.772ms
08-03 19:26:10.330 16671 16684 I art     : Starting a blocking GC Explicit
08-03 19:26:10.371 16671 16684 I art     : Explicit concurrent mark sweep GC freed 3(96B) AllocSpace objects, 0(0B) LOS objects, 38% free, 25MB/41MB, paused 422us total 41.295ms
08-03 19:26:10.715 16671 17047 I art     : Starting a blocking GC Explicit
08-03 19:26:10.761 16671 17047 I art     : Explicit concurrent mark sweep GC freed 1290(75KB) AllocSpace objects, 1(20KB) LOS objects, 38% free, 25MB/41MB, paused 427us total 45.419ms
08-03 19:26:10.777 16671 17047 I art     : Starting a blocking GC Explicit
08-03 19:26:10.821 16671 17047 I art     : Explicit concurrent mark sweep GC freed 18(624B) AllocSpace objects, 0(0B) LOS objects, 38% free, 25MB/41MB, paused 438us total 43.708ms
08-03 19:26:10.823 14658 14658 I ServiceManager: Waiting for service AtCmdFwd...
08-03 19:26:10.837 16671 17047 I art     : Starting a blocking GC Explicit
08-03 19:26:10.882 16671 17047 I art     : Explicit concurrent mark sweep GC freed 3(96B) AllocSpace objects, 0(0B) LOS objects, 38% free, 25MB/41MB, paused 428us total 45.327ms
08-03 19:26:10.899 16671 17047 I art     : Starting a blocking GC Explicit
08-03 19:26:10.942 16671 17047 I art     : Explicit concurrent mark sweep GC freed 3(96B) AllocSpace objects, 0(0B) LOS objects, 38% free, 25MB/41MB, paused 417us total 43.162ms
08-03 19:26:10.958 16671 17047 I art     : Starting a blocking GC Explicit
08-03 19:26:10.993 16671 17047 I art     : Explicit concurrent mark sweep GC freed 3(96B) AllocSpace objects, 0(0B) LOS objects, 38% free, 25MB/41MB, paused 385us total 35.233ms
08-03 19:26:11.304 16671 16885 I art     : Starting a blocking GC Explicit
08-03 19:26:11.344 16671 16885 I art     : Explicit concurrent mark sweep GC freed 1290(75KB) AllocSpace objects, 1(20KB) LOS objects, 38% free, 25MB/41MB, paused 413us total 39.862ms
08-03 19:26:11.359 16671 16885 I art     : Starting a blocking GC Explicit
08-03 19:26:11.400 16671 16885 I art     : Explicit concurrent mark sweep GC freed 18(624B) AllocSpace objects, 0(0B) LOS objects, 38% free, 25MB/41MB, paused 434us total 40.951ms
08-03 19:26:11.416 16671 16885 I art     : Starting a blocking GC Explicit
08-03 19:26:11.458 16671 16885 I art     : Explicit concurrent mark sweep GC freed 3(96B) AllocSpace objects, 0(0B) LOS objects, 38% free, 25MB/41MB, paused 442us total 42.308ms
08-03 19:26:11.474 16671 16885 I art     : Starting a blocking GC Explicit
08-03 19:26:11.491 17191 17191 D AndroidRuntime: >>>>>> START com.android.internal.os.RuntimeInit uid 2000 <<<<<<
08-03 19:26:11.497 17191 17191 D AndroidRuntime: CheckJNI is OFF
08-03 19:26:11.514 16671 16885 I art     : Explicit concurrent mark sweep GC freed 3(96B) AllocSpace objects, 0(0B) LOS objects, 38% free, 25MB/41MB, paused 410us total 39.544ms
08-03 19:26:11.528 16671 16885 I art     : Starting a blocking GC Explicit
08-03 19:26:11.542 17191 17191 D ICU     : No timezone override file found: /data/misc/zoneinfo/current/icu/icu_tzdata.dat
08-03 19:26:11.564 16671 16885 I art     : Explicit concurrent mark sweep GC freed 3(96B) AllocSpace objects, 0(0B) LOS objects, 38% free, 25MB/41MB, paused 419us total 35.534ms
08-03 19:26:11.584 17191 17191 I Radio-JNI: register_android_hardware_Radio DONE
08-03 19:26:11.613 17191 17191 D AndroidRuntime: Calling main entry com.android.commands.input.Input
08-03 19:26:11.615 17191 17191 I Input   : injectMotionEvent: MotionEvent { action=ACTION_DOWN, actionButton=0, id[0]=0, x[0]=1215.0, y[0]=1450.0, toolType[0]=TOOL_TYPE_UNKNOWN, buttonState=0, metaState=0, flags=0x0, edgeFlags=0x0, pointerCount=1, historySize=0, eventTime=645988028, downTime=645988028, deviceId=0, source=0x1002 }
08-03 19:26:11.622 17191 17191 I Input   : injectMotionEvent: MotionEvent { action=ACTION_UP, actionButton=0, id[0]=0, x[0]=1215.0, y[0]=1450.0, toolType[0]=TOOL_TYPE_UNKNOWN, buttonState=0, metaState=0, flags=0x0, edgeFlags=0x0, pointerCount=1, historySize=0, eventTime=645988028, downTime=645988028, deviceId=0, source=0x1002 }
08-03 19:26:11.623 17191 17191 D AndroidRuntime: Shutting down VM
08-03 19:26:11.625   512  2967 D audio_hw_primary: out_set_parameters: enter: usecase(1: low-latency-playback) kvpairs: routing=2
08-03 19:26:11.638   512  2967 D audio_hw_primary: select_devices: out_snd_device(2: speaker) in_snd_device(0: none)
08-03 19:26:11.638   512  2967 D msm8974_platform: platform_send_audio_calibration: sending audio calibration for snd_device(2) acdb_id(15)
08-03 19:26:11.638   512  2967 I soundtrigger: audio_extn_sound_trigger_update_device_status: device 0x2 of type 0 for Event 1
08-03 19:26:11.656   512  2967 D audio_hw_primary: enable_snd_device: snd_device(2: speaker)
08-03 19:26:11.658   512  2967 D audio_hw_primary: enable_audio_route: apply and update mixer path: low-latency-playback speaker
08-03 19:26:11.823 14658 14658 W Atfwd_Sendcmd: AtCmdFwd service not published, waiting... retryCnt : 4
08-03 19:26:11.862 16671 17047 I art     : Starting a blocking GC Explicit
08-03 19:26:11.902 16671 17047 I art     : Explicit concurrent mark sweep GC freed 1749(113KB) AllocSpace objects, 1(20KB) LOS objects, 38% free, 25MB/41MB, paused 410us total 39.733ms
08-03 19:26:11.918 16671 17047 I art     : Starting a blocking GC Explicit
08-03 19:26:11.957 16671 17047 I art     : Explicit concurrent mark sweep GC freed 1098(75KB) AllocSpace objects, 1(40KB) LOS objects, 38% free, 25MB/41MB, paused 406us total 39.084ms
08-03 19:26:11.971 16671 17047 I art     : Starting a blocking GC Explicit
08-03 19:26:12.009 16671 17047 I art     : Explicit concurrent mark sweep GC freed 7(384B) AllocSpace objects, 0(0B) LOS objects, 38% free, 25MB/41MB, paused 392us total 36.775ms
08-03 19:26:12.022 16671 17047 I art     : Starting a blocking GC Explicit
08-03 19:26:12.059 16671 17047 I art     : Explicit concurrent mark sweep GC freed 149(10KB) AllocSpace objects, 0(0B) LOS objects, 38% free, 25MB/41MB, paused 399us total 36.506ms
08-03 19:26:12.074 16671 17047 I art     : Starting a blocking GC Explicit
08-03 19:26:12.115 16671 17047 I art     : Explicit concurrent mark sweep GC freed 3(96B) AllocSpace objects, 0(0B) LOS objects, 38% free, 25MB/41MB, paused 443us total 40.607ms
08-03 19:26:12.199   512  2967 D audio_hw_primary: disable_audio_route: reset and update mixer path: low-latency-playback speaker
08-03 19:26:12.201   512  2967 D audio_hw_primary: disable_snd_device: snd_device(2: speaker)
08-03 19:26:12.209   512  2967 I soundtrigger: audio_extn_sound_trigger_update_device_status: device 0x2 of type 0 for Event 0
08-03 19:26:12.445 16671 16683 I art     : Starting a blocking GC Explicit
08-03 19:26:12.497 16671 16683 I art     : Explicit concurrent mark sweep GC freed 1291(75KB) AllocSpace objects, 1(20KB) LOS objects, 38% free, 25MB/41MB, paused 455us total 51.096ms
08-03 19:26:12.516 16671 16683 I art     : Starting a blocking GC Explicit
08-03 19:26:12.558 16671 16683 I art     : Explicit concurrent mark sweep GC freed 20(704B) AllocSpace objects, 0(0B) LOS objects, 38% free, 25MB/41MB, paused 590us total 41.277ms
08-03 19:26:12.574 16671 16683 I art     : Starting a blocking GC Explicit
08-03 19:26:12.616 16671 16683 I art     : Explicit concurrent mark sweep GC freed 3(96B) AllocSpace objects, 0(0B) LOS objects, 38% free, 25MB/41MB, paused 422us total 41.653ms
08-03 19:26:12.631 16671 16683 I art     : Starting a blocking GC Explicit
08-03 19:26:12.673 16671 16683 I art     : Explicit concurrent mark sweep GC freed 3(96B) AllocSpace objects, 0(0B) LOS objects, 38% free, 25MB/41MB, paused 432us total 41.234ms
08-03 19:26:12.689 16671 16683 I art     : Starting a blocking GC Explicit
08-03 19:26:12.726 16671 16683 I art     : Explicit concurrent mark sweep GC freed 3(96B) AllocSpace objects, 0(0B) LOS objects, 38% free, 25MB/41MB, paused 400us total 36.128ms
08-03 19:26:13.027 16671 16885 I art     : Starting a blocking GC Explicit
08-03 19:26:13.076 16671 16885 I art     : Explicit concurrent mark sweep GC freed 1290(75KB) AllocSpace objects, 1(20KB) LOS objects, 38% free, 25MB/41MB, paused 439us total 48.301ms
08-03 19:26:13.093 16671 16885 I art     : Starting a blocking GC Explicit
08-03 19:26:13.133 16671 16885 I art     : Explicit concurrent mark sweep GC freed 18(624B) AllocSpace objects, 0(0B) LOS objects, 38% free, 25MB/41MB, paused 427us total 39.515ms
08-03 19:26:13.148 16671 16885 I art     : Starting a blocking GC Explicit
08-03 19:26:13.188 16671 16885 I art     : Explicit concurrent mark sweep GC freed 3(96B) AllocSpace objects, 0(0B) LOS objects, 38% free, 25MB/41MB, paused 459us total 39.594ms
08-03 19:26:13.203 16671 16885 I art     : Starting a blocking GC Explicit
08-03 19:26:13.242 16671 16885 I art     : Explicit concurrent mark sweep GC freed 3(96B) AllocSpace objects, 0(0B) LOS objects, 38% free, 25MB/41MB, paused 431us total 38.919ms
08-03 19:26:13.257 16671 16885 I art     : Starting a blocking GC Explicit
08-03 19:26:13.298 16671 16885 I art     : Explicit concurrent mark sweep GC freed 5(160B) AllocSpace objects, 0(0B) LOS objects, 38% free, 25MB/41MB, paused 543us total 40.112ms
08-03 19:26:13.429 17237 17237 D AndroidRuntime: >>>>>> START com.android.internal.os.RuntimeInit uid 2000 <<<<<<
08-03 19:26:13.435 17237 17237 D AndroidRuntime: CheckJNI is OFF
08-03 19:26:13.480 17237 17237 D ICU     : No timezone override file found: /data/misc/zoneinfo/current/icu/icu_tzdata.dat
08-03 19:26:13.522 17237 17237 I Radio-JNI: register_android_hardware_Radio DONE
08-03 19:26:13.551 17237 17237 D AndroidRuntime: Calling main entry com.android.commands.input.Input
08-03 19:26:13.553 17237 17237 I Input   : injectMotionEvent: MotionEvent { action=ACTION_DOWN, actionButton=0, id[0]=0, x[0]=1215.0, y[0]=1482.0, toolType[0]=TOOL_TYPE_UNKNOWN, buttonState=0, metaState=0, flags=0x0, edgeFlags=0x0, pointerCount=1, historySize=0, eventTime=645989965, downTime=645989965, deviceId=0, source=0x1002 }
08-03 19:26:13.559 17237 17237 I Input   : injectMotionEvent: MotionEvent { action=ACTION_UP, actionButton=0, id[0]=0, x[0]=1215.0, y[0]=1482.0, toolType[0]=TOOL_TYPE_UNKNOWN, buttonState=0, metaState=0, flags=0x0, edgeFlags=0x0, pointerCount=1, historySize=0, eventTime=645989965, downTime=645989965, deviceId=0, source=0x1002 }
08-03 19:26:13.561 16671 16671 I SettingsManager: Setting boolean: completedTutorial
08-03 19:26:13.562 17237 17237 D AndroidRuntime: Shutting down VM
08-03 19:26:13.563   512  2967 D audio_hw_primary: out_set_parameters: enter: usecase(1: low-latency-playback) kvpairs: routing=2
08-03 19:26:13.574   918   928 W BackupManagerService: dataChanged but no participant pkg='baseline.com.ak.uobtimetable' uid=10641
08-03 19:26:13.576   512  2967 D audio_hw_primary: select_devices: out_snd_device(2: speaker) in_snd_device(0: none)
08-03 19:26:13.577   512  2967 D msm8974_platform: platform_send_audio_calibration: sending audio calibration for snd_device(2) acdb_id(15)
08-03 19:26:13.577   512  2967 I soundtrigger: audio_extn_sound_trigger_update_device_status: device 0x2 of type 0 for Event 1
08-03 19:26:13.588 13866 13866 I GoogleInputMethodServic: GoogleInputMethodService.onFinishInput():3138 
08-03 19:26:13.589 13866 13866 I GoogleInputMethodServic: GoogleInputMethodService.onStartInput():1808 
08-03 19:26:13.591   512  2967 D audio_hw_primary: enable_snd_device: snd_device(2: speaker)
08-03 19:26:13.593   512  2967 D audio_hw_primary: enable_audio_route: apply and update mixer path: low-latency-playback speaker
08-03 19:26:13.623 16671 16683 I art     : Starting a blocking GC Explicit
08-03 19:26:13.661 16671 16683 I art     : Explicit concurrent mark sweep GC freed 1507(96KB) AllocSpace objects, 2(40KB) LOS objects, 38% free, 25MB/41MB, paused 397us total 37.926ms
08-03 19:26:13.676 16671 16683 I art     : Starting a blocking GC Explicit
08-03 19:26:13.720 16671 16683 I art     : Explicit concurrent mark sweep GC freed 1009(69KB) AllocSpace objects, 1(40KB) LOS objects, 38% free, 25MB/41MB, paused 416us total 43.739ms
08-03 19:26:13.737 16671 16683 I art     : Starting a blocking GC Explicit
08-03 19:26:13.782 16671 16683 I art     : Explicit concurrent mark sweep GC freed 3(96B) AllocSpace objects, 0(0B) LOS objects, 38% free, 25MB/41MB, paused 399us total 44.635ms
08-03 19:26:13.798 16671 16683 I art     : Starting a blocking GC Explicit
08-03 19:26:13.832 16671 16683 I art     : Explicit concurrent mark sweep GC freed 3(96B) AllocSpace objects, 0(0B) LOS objects, 38% free, 25MB/41MB, paused 364us total 33.723ms
08-03 19:26:13.846 16671 16683 I art     : Starting a blocking GC Explicit
08-03 19:26:13.882 16671 16683 I art     : Explicit concurrent mark sweep GC freed 3(96B) AllocSpace objects, 0(0B) LOS objects, 38% free, 25MB/41MB, paused 443us total 35.250ms
08-03 19:26:14.149   512  2967 D audio_hw_primary: disable_audio_route: reset and update mixer path: low-latency-playback speaker
08-03 19:26:14.150   512  2967 D audio_hw_primary: disable_snd_device: snd_device(2: speaker)
08-03 19:26:14.159   512  2967 I soundtrigger: audio_extn_sound_trigger_update_device_status: device 0x2 of type 0 for Event 0
08-03 19:26:14.187 16671 17047 I art     : Starting a blocking GC Explicit
08-03 19:26:14.236 16671 17047 I art     : Explicit concurrent mark sweep GC freed 1290(75KB) AllocSpace objects, 1(20KB) LOS objects, 38% free, 25MB/41MB, paused 457us total 49.260ms
08-03 19:26:14.255 16671 17047 I art     : Starting a blocking GC Explicit
08-03 19:26:14.296 16671 17047 I art     : Explicit concurrent mark sweep GC freed 18(624B) AllocSpace objects, 0(0B) LOS objects, 38% free, 25MB/41MB, paused 415us total 40.175ms
08-03 19:26:14.311 16671 17047 I art     : Starting a blocking GC Explicit
08-03 19:26:14.351 16671 17047 I art     : Explicit concurrent mark sweep GC freed 3(96B) AllocSpace objects, 0(0B) LOS objects, 38% free, 25MB/41MB, paused 413us total 40.225ms
08-03 19:26:14.367 16671 17047 I art     : Starting a blocking GC Explicit
08-03 19:26:14.407 16671 17047 I art     : Explicit concurrent mark sweep GC freed 3(96B) AllocSpace objects, 0(0B) LOS objects, 38% free, 25MB/41MB, paused 415us total 39.851ms
08-03 19:26:14.422 16671 17047 I art     : Starting a blocking GC Explicit
08-03 19:26:14.462 16671 17047 I art     : Explicit concurrent mark sweep GC freed 3(96B) AllocSpace objects, 0(0B) LOS objects, 38% free, 25MB/41MB, paused 418us total 39.559ms
08-03 19:26:14.785 16671 16684 I art     : Starting a blocking GC Explicit
08-03 19:26:14.826 16671 16684 I art     : Explicit concurrent mark sweep GC freed 1290(75KB) AllocSpace objects, 1(20KB) LOS objects, 38% free, 25MB/41MB, paused 436us total 40.889ms
08-03 19:26:14.842 16671 16684 I art     : Starting a blocking GC Explicit
08-03 19:26:14.881 16671 16684 I art     : Explicit concurrent mark sweep GC freed 18(624B) AllocSpace objects, 0(0B) LOS objects, 38% free, 25MB/41MB, paused 396us total 38.240ms
08-03 19:26:14.896 16671 16684 I art     : Starting a blocking GC Explicit
08-03 19:26:14.934 16671 16684 I art     : Explicit concurrent mark sweep GC freed 3(96B) AllocSpace objects, 0(0B) LOS objects, 38% free, 25MB/41MB, paused 412us total 38.123ms
08-03 19:26:14.949 16671 16684 I art     : Starting a blocking GC Explicit
08-03 19:26:14.987 16671 16684 I art     : Explicit concurrent mark sweep GC freed 3(96B) AllocSpace objects, 0(0B) LOS objects, 38% free, 25MB/41MB, paused 510us total 38.425ms
08-03 19:26:15.002 16671 16684 I art     : Starting a blocking GC Explicit
08-03 19:26:15.041 16671 16684 I art     : Explicit concurrent mark sweep GC freed 3(96B) AllocSpace objects, 0(0B) LOS objects, 38% free, 25MB/41MB, paused 415us total 38.207ms
08-03 19:26:15.334 17288 17288 D AndroidRuntime: >>>>>> START com.android.internal.os.RuntimeInit uid 2000 <<<<<<
08-03 19:26:15.338 16671 16885 I art     : Starting a blocking GC Explicit
08-03 19:26:15.341 17288 17288 D AndroidRuntime: CheckJNI is OFF
08-03 19:26:15.380 16671 16885 I art     : Explicit concurrent mark sweep GC freed 1290(75KB) AllocSpace objects, 1(20KB) LOS objects, 38% free, 25MB/41MB, paused 427us total 40.996ms
08-03 19:26:15.388 17288 17288 D ICU     : No timezone override file found: /data/misc/zoneinfo/current/icu/icu_tzdata.dat
08-03 19:26:15.395 16671 16885 I art     : Starting a blocking GC Explicit
08-03 19:26:15.434 17288 17288 I Radio-JNI: register_android_hardware_Radio DONE
08-03 19:26:15.437 16671 16885 I art     : Explicit concurrent mark sweep GC freed 18(624B) AllocSpace objects, 0(0B) LOS objects, 38% free, 25MB/41MB, paused 436us total 41.603ms
08-03 19:26:15.452 16671 16885 I art     : Starting a blocking GC Explicit
08-03 19:26:15.464 17288 17288 D AndroidRuntime: Calling main entry com.android.commands.input.Input
08-03 19:26:15.466 17288 17288 I Input   : injectMotionEvent: MotionEvent { action=ACTION_DOWN, actionButton=0, id[0]=0, x[0]=81.0, y[0]=176.0, toolType[0]=TOOL_TYPE_UNKNOWN, buttonState=0, metaState=0, flags=0x0, edgeFlags=0x0, pointerCount=1, historySize=0, eventTime=645991879, downTime=645991879, deviceId=0, source=0x1002 }
08-03 19:26:15.474 17288 17288 I Input   : injectMotionEvent: MotionEvent { action=ACTION_UP, actionButton=0, id[0]=0, x[0]=81.0, y[0]=176.0, toolType[0]=TOOL_TYPE_UNKNOWN, buttonState=0, metaState=0, flags=0x0, edgeFlags=0x0, pointerCount=1, historySize=0, eventTime=645991879, downTime=645991879, deviceId=0, source=0x1002 }
08-03 19:26:15.476 17288 17288 D AndroidRuntime: Shutting down VM
08-03 19:26:15.491 16671 16885 I art     : Explicit concurrent mark sweep GC freed 22(688B) AllocSpace objects, 0(0B) LOS objects, 38% free, 25MB/41MB, paused 414us total 38.958ms
08-03 19:26:15.495   512  2967 D audio_hw_primary: out_set_parameters: enter: usecase(1: low-latency-playback) kvpairs: routing=2
08-03 19:26:15.507   512  2967 D audio_hw_primary: select_devices: out_snd_device(2: speaker) in_snd_device(0: none)
08-03 19:26:15.508   512  2967 D msm8974_platform: platform_send_audio_calibration: sending audio calibration for snd_device(2) acdb_id(15)
08-03 19:26:15.508   512  2967 I soundtrigger: audio_extn_sound_trigger_update_device_status: device 0x2 of type 0 for Event 1
08-03 19:26:15.508 16671 16885 I art     : Starting a blocking GC Explicit
08-03 19:26:15.519   512  2967 D audio_hw_primary: enable_snd_device: snd_device(2: speaker)
08-03 19:26:15.521   512  2967 D audio_hw_primary: enable_audio_route: apply and update mixer path: low-latency-playback speaker
08-03 19:26:15.544 16671 16885 I art     : Explicit concurrent mark sweep GC freed 27(1408B) AllocSpace objects, 0(0B) LOS objects, 38% free, 25MB/41MB, paused 503us total 35.120ms
08-03 19:26:15.558 16671 16885 I art     : Starting a blocking GC Explicit
08-03 19:26:15.595 16671 16885 I art     : Explicit concurrent mark sweep GC freed 376(19KB) AllocSpace objects, 0(0B) LOS objects, 38% free, 25MB/41MB, paused 383us total 36.553ms
08-03 19:26:15.892 16671 16683 I art     : Starting a blocking GC Explicit
08-03 19:26:15.933 16671 16683 I art     : Explicit concurrent mark sweep GC freed 1297(75KB) AllocSpace objects, 1(20KB) LOS objects, 38% free, 25MB/41MB, paused 390us total 41.077ms
08-03 19:26:15.950 16671 16683 I art     : Starting a blocking GC Explicit
08-03 19:26:15.987 16671 16683 I art     : Explicit concurrent mark sweep GC freed 43(1728B) AllocSpace objects, 0(0B) LOS objects, 38% free, 25MB/41MB, paused 422us total 35.738ms
08-03 19:26:16.001 16671 16683 I art     : Starting a blocking GC Explicit
08-03 19:26:16.038 16671 16683 I art     : Explicit concurrent mark sweep GC freed 11(352B) AllocSpace objects, 0(0B) LOS objects, 38% free, 25MB/41MB, paused 404us total 36.765ms
08-03 19:26:16.053 16671 16683 I art     : Starting a blocking GC Explicit
08-03 19:26:16.060   512  2967 D audio_hw_primary: disable_audio_route: reset and update mixer path: low-latency-playback speaker
08-03 19:26:16.061   512  2967 D audio_hw_primary: disable_snd_device: snd_device(2: speaker)
08-03 19:26:16.069   512  2967 I soundtrigger: audio_extn_sound_trigger_update_device_status: device 0x2 of type 0 for Event 0
08-03 19:26:16.091 16671 16683 I art     : Explicit concurrent mark sweep GC freed 3(96B) AllocSpace objects, 0(0B) LOS objects, 38% free, 25MB/41MB, paused 394us total 37.586ms
08-03 19:26:16.105 16671 16683 I art     : Starting a blocking GC Explicit
08-03 19:26:16.143 16671 16683 I art     : Explicit concurrent mark sweep GC freed 3(96B) AllocSpace objects, 0(0B) LOS objects, 38% free, 25MB/41MB, paused 374us total 37.661ms
08-03 19:26:16.457 16671 16885 I art     : Starting a blocking GC Explicit
08-03 19:26:16.511 16671 16885 I art     : Explicit concurrent mark sweep GC freed 1290(75KB) AllocSpace objects, 1(20KB) LOS objects, 38% free, 25MB/41MB, paused 485us total 53.746ms
08-03 19:26:16.528 16671 16885 I art     : Starting a blocking GC Explicit
08-03 19:26:16.568 16671 16885 I art     : Explicit concurrent mark sweep GC freed 20(688B) AllocSpace objects, 0(0B) LOS objects, 38% free, 25MB/41MB, paused 442us total 40.060ms
08-03 19:26:16.583 16671 16885 I art     : Starting a blocking GC Explicit
08-03 19:26:16.624 16671 16885 I art     : Explicit concurrent mark sweep GC freed 3(96B) AllocSpace objects, 0(0B) LOS objects, 38% free, 25MB/41MB, paused 412us total 40.369ms
08-03 19:26:16.640 16671 16885 I art     : Starting a blocking GC Explicit
08-03 19:26:16.680 16671 16885 I art     : Explicit concurrent mark sweep GC freed 3(96B) AllocSpace objects, 0(0B) LOS objects, 38% free, 25MB/41MB, paused 415us total 40.482ms
08-03 19:26:16.696 16671 16885 I art     : Starting a blocking GC Explicit
08-03 19:26:16.735 16671 16885 I art     : Explicit concurrent mark sweep GC freed 3(96B) AllocSpace objects, 0(0B) LOS objects, 38% free, 25MB/41MB, paused 420us total 38.619ms
08-03 19:26:17.025 16671 16683 I art     : Starting a blocking GC Explicit
08-03 19:26:17.073 16671 16683 I art     : Explicit concurrent mark sweep GC freed 1290(75KB) AllocSpace objects, 1(20KB) LOS objects, 38% free, 25MB/41MB, paused 436us total 47.511ms
08-03 19:26:17.089 16671 16683 I art     : Starting a blocking GC Explicit
08-03 19:26:17.132 16671 16683 I art     : Explicit concurrent mark sweep GC freed 19(656B) AllocSpace objects, 0(0B) LOS objects, 38% free, 25MB/41MB, paused 409us total 41.977ms
08-03 19:26:17.147 16671 16683 I art     : Starting a blocking GC Explicit
08-03 19:26:17.187 16671 16683 I art     : Explicit concurrent mark sweep GC freed 9(288B) AllocSpace objects, 0(0B) LOS objects, 38% free, 25MB/41MB, paused 406us total 39.560ms
08-03 19:26:17.202 16671 16683 I art     : Starting a blocking GC Explicit
08-03 19:26:17.239 16671 16683 I art     : Explicit concurrent mark sweep GC freed 8(256B) AllocSpace objects, 0(0B) LOS objects, 38% free, 25MB/41MB, paused 393us total 35.917ms
08-03 19:26:17.253 16671 16683 I art     : Starting a blocking GC Explicit
08-03 19:26:17.256 17332 17332 D AndroidRuntime: >>>>>> START com.android.internal.os.RuntimeInit uid 2000 <<<<<<
08-03 19:26:17.261 17332 17332 D AndroidRuntime: CheckJNI is OFF
08-03 19:26:17.290 16671 16683 I art     : Explicit concurrent mark sweep GC freed 9(288B) AllocSpace objects, 0(0B) LOS objects, 38% free, 25MB/41MB, paused 416us total 36.467ms
08-03 19:26:17.305 17332 17332 D ICU     : No timezone override file found: /data/misc/zoneinfo/current/icu/icu_tzdata.dat
08-03 19:26:17.346 17332 17332 I Radio-JNI: register_android_hardware_Radio DONE
08-03 19:26:17.376 17332 17332 D AndroidRuntime: Calling main entry com.android.commands.input.Input
08-03 19:26:17.378 17332 17332 I Input   : injectMotionEvent: MotionEvent { action=ACTION_DOWN, actionButton=0, id[0]=0, x[0]=436.0, y[0]=1770.0, toolType[0]=TOOL_TYPE_UNKNOWN, buttonState=0, metaState=0, flags=0x0, edgeFlags=0x0, pointerCount=1, historySize=0, eventTime=645993790, downTime=645993790, deviceId=0, source=0x1002 }
08-03 19:26:17.383 17332 17332 I Input   : injectMotionEvent: MotionEvent { action=ACTION_UP, actionButton=0, id[0]=0, x[0]=436.0, y[0]=1770.0, toolType[0]=TOOL_TYPE_UNKNOWN, buttonState=0, metaState=0, flags=0x0, edgeFlags=0x0, pointerCount=1, historySize=0, eventTime=645993790, downTime=645993790, deviceId=0, source=0x1002 }
08-03 19:26:17.385 17332 17332 D AndroidRuntime: Shutting down VM
08-03 19:26:17.394 16671 16671 D MainActivity: NavigationItemSelected: Courses
08-03 19:26:17.396   918  5132 I ActivityManager: START u0 {cmp=baseline.com.ak.uobtimetable/.CourseListActivity} from uid 10641 on display 0
08-03 19:26:17.398   512  2967 D audio_hw_primary: out_set_parameters: enter: usecase(1: low-latency-playback) kvpairs: routing=2
08-03 19:26:17.405 16671 16671 D MainActivity: OnPause
08-03 19:26:17.411   512  2967 D audio_hw_primary: select_devices: out_snd_device(2: speaker) in_snd_device(0: none)
08-03 19:26:17.411   512  2967 D msm8974_platform: platform_send_audio_calibration: sending audio calibration for snd_device(2) acdb_id(15)
08-03 19:26:17.411   512  2967 I soundtrigger: audio_extn_sound_trigger_update_device_status: device 0x2 of type 0 for Event 1
08-03 19:26:17.422   512  2967 D audio_hw_primary: enable_snd_device: snd_device(2: speaker)
08-03 19:26:17.424   512  2967 D audio_hw_primary: enable_audio_route: apply and update mixer path: low-latency-playback speaker
08-03 19:26:17.452 16671 16671 D CourseListActivity: onCreate
08-03 19:26:17.454 16671 17359 D HTTP    : Request for: https://uob-timetable-api.adriankeenan.co.uk/courses
08-03 19:26:17.521   918   936 I ActivityManager: Displayed baseline.com.ak.uobtimetable/.CourseListActivity: +115ms
08-03 19:26:17.521 13866 13866 I GoogleInputMethodServic: GoogleInputMethodService.onFinishInput():3138 
08-03 19:26:17.521 13866 13866 I GoogleInputMethodServic: GoogleInputMethodService.onStartInput():1808 
08-03 19:26:17.588 16671 17047 I art     : Starting a blocking GC Explicit
08-03 19:26:17.629 16671 17047 I art     : Explicit concurrent mark sweep GC freed 4068(224KB) AllocSpace objects, 1(20KB) LOS objects, 38% free, 25MB/41MB, paused 651us total 41.003ms
08-03 19:26:17.647 16671 17047 I art     : Starting a blocking GC Explicit
08-03 19:26:17.697 16671 17047 I art     : Explicit concurrent mark sweep GC freed 2916(157KB) AllocSpace objects, 3(200KB) LOS objects, 37% free, 26MB/42MB, paused 986us total 49.688ms
08-03 19:26:17.716 16671 17047 I art     : Starting a blocking GC Explicit
08-03 19:26:17.743 16671 17359 I NAPPA_EXPERIMENTATION: MetricNetworkRequestExecutionTime: REQUEST_DURATION_SYSTEM='287',REQUEST_DURATION_OKHTTP='40',REQUEST_SYNCHRONOUS='TRUE',RESPONSE_CODE='200',RESPONSE_METHOD='GET',RESPONSE_LENGTH_OKHTTP='-1',RESPONSE_LENGTH_HEADER='-2',REQUEST_PROTOCOL='http/1.1',REQUEST_URL='https://uob-timetable-api.adriankeenan.co.uk/courses',
08-03 19:26:17.760 16671 17047 I art     : Explicit concurrent mark sweep GC freed 1129(132KB) AllocSpace objects, 0(0B) LOS objects, 38% free, 26MB/42MB, paused 509us total 44.343ms
08-03 19:26:17.779 16671 17047 I art     : Starting a blocking GC Explicit
08-03 19:26:17.816 16671 17047 I art     : Explicit concurrent mark sweep GC freed 82(3KB) AllocSpace objects, 0(0B) LOS objects, 36% free, 27MB/43MB, paused 434us total 36.477ms
08-03 19:26:17.830 16671 17047 I art     : Starting a blocking GC Explicit
08-03 19:26:17.865 16671 17047 I art     : Explicit concurrent mark sweep GC freed 17(432B) AllocSpace objects, 0(0B) LOS objects, 33% free, 31MB/47MB, paused 439us total 34.791ms
08-03 19:26:17.896 16671 16671 D MainActivity: Saving state
08-03 19:26:17.897 16671 16671 D MainActivity: Saving current fragment: SessionListsFragment
08-03 19:26:17.897 16671 16671 D MainActivity: Saving current index: 1
08-03 19:26:17.898 16671 16671 D SessionListsFragment: Saving state
08-03 19:26:17.960   512  2967 D audio_hw_primary: disable_audio_route: reset and update mixer path: low-latency-playback speaker
08-03 19:26:17.961   512  2967 D audio_hw_primary: disable_snd_device: snd_device(2: speaker)
08-03 19:26:17.969   512  2967 I soundtrigger: audio_extn_sound_trigger_update_device_status: device 0x2 of type 0 for Event 0
08-03 19:26:18.146 16671 17047 I art     : Starting a blocking GC Explicit
08-03 19:26:18.172 16671 17359 I HTTP    : Response was compressed.
08-03 19:26:18.184 16671 17047 I art     : Explicit concurrent mark sweep GC freed 5043(227KB) AllocSpace objects, 0(0B) LOS objects, 20% free, 63MB/79MB, paused 730us total 37.695ms
08-03 19:26:18.199 16671 17047 I art     : Starting a blocking GC Explicit
08-03 19:26:18.246 16671 17047 I art     : Explicit concurrent mark sweep GC freed 29656(1384KB) AllocSpace objects, 2(22MB) LOS objects, 27% free, 41MB/57MB, paused 785us total 46.710ms
08-03 19:26:18.261 16671 17047 I art     : Starting a blocking GC Explicit
08-03 19:26:18.306 16671 17047 I art     : Explicit concurrent mark sweep GC freed 32461(1546KB) AllocSpace objects, 0(0B) LOS objects, 27% free, 41MB/57MB, paused 808us total 44.694ms
08-03 19:26:18.322 16671 17047 I art     : Starting a blocking GC Explicit
08-03 19:26:18.367 16671 17047 I art     : Explicit concurrent mark sweep GC freed 32453(1531KB) AllocSpace objects, 0(0B) LOS objects, 27% free, 41MB/57MB, paused 821us total 45.583ms
08-03 19:26:18.382 16671 17047 I art     : Starting a blocking GC Explicit
08-03 19:26:18.427 16671 17047 I art     : Explicit concurrent mark sweep GC freed 32792(1531KB) AllocSpace objects, 0(0B) LOS objects, 27% free, 42MB/58MB, paused 792us total 44.880ms
08-03 19:26:18.738 16671 17047 I art     : Starting a blocking GC Explicit
08-03 19:26:18.805 16671 17047 I art     : Explicit concurrent mark sweep GC freed 193067(8MB) AllocSpace objects, 1(20KB) LOS objects, 26% free, 43MB/59MB, paused 829us total 66.931ms
08-03 19:26:18.822 16671 17047 I art     : Starting a blocking GC Explicit
08-03 19:26:18.873 16671 17047 I art     : Explicit concurrent mark sweep GC freed 43934(2MB) AllocSpace objects, 0(0B) LOS objects, 26% free, 43MB/59MB, paused 955us total 49.805ms
08-03 19:26:18.889 16671 17047 I art     : Starting a blocking GC Explicit
08-03 19:26:18.940 16671 17047 I art     : Explicit concurrent mark sweep GC freed 36643(1725KB) AllocSpace objects, 0(0B) LOS objects, 26% free, 44MB/60MB, paused 942us total 50.451ms
08-03 19:26:18.957 16671 17047 I art     : Starting a blocking GC Explicit
08-03 19:26:19.010 16671 17047 I art     : Explicit concurrent mark sweep GC freed 37596(1768KB) AllocSpace objects, 0(0B) LOS objects, 26% free, 44MB/60MB, paused 1.056ms total 53.090ms
08-03 19:26:19.028 16671 17047 I art     : Starting a blocking GC Explicit
08-03 19:26:19.081 16671 17047 I art     : Explicit concurrent mark sweep GC freed 36335(1724KB) AllocSpace objects, 0(0B) LOS objects, 26% free, 44MB/60MB, paused 995us total 52.145ms
08-03 19:26:19.393 16671 16683 I art     : Starting a blocking GC Explicit
08-03 19:26:19.469 16671 16683 I art     : Explicit concurrent mark sweep GC freed 201544(9MB) AllocSpace objects, 1(20KB) LOS objects, 25% free, 46MB/62MB, paused 1.106ms total 75.467ms
08-03 19:26:19.489 16671 16683 I art     : Starting a blocking GC Explicit
08-03 19:26:19.547 16671 16683 I art     : Explicit concurrent mark sweep GC freed 49744(2MB) AllocSpace objects, 0(0B) LOS objects, 25% free, 46MB/62MB, paused 1.090ms total 58.437ms
08-03 19:26:19.566 16671 16683 I art     : Starting a blocking GC Explicit
08-03 19:26:19.625 16671 16683 I art     : Explicit concurrent mark sweep GC freed 41722(1956KB) AllocSpace objects, 0(0B) LOS objects, 25% free, 46MB/62MB, paused 1.184ms total 58.637ms
08-03 19:26:19.645 16671 16683 I art     : Starting a blocking GC Explicit
08-03 19:26:19.706 16671 16683 I art     : Explicit concurrent mark sweep GC freed 43350(2040KB) AllocSpace objects, 0(0B) LOS objects, 25% free, 47MB/63MB, paused 1.160ms total 60.721ms
08-03 19:26:19.726 16671 16683 I art     : Starting a blocking GC Explicit
08-03 19:26:19.786 16671 16683 I art     : Explicit concurrent mark sweep GC freed 42883(2019KB) AllocSpace objects, 0(0B) LOS objects, 25% free, 47MB/63MB, paused 1.194ms total 59.781ms
08-03 19:26:20.094 16671 16683 I art     : Starting a blocking GC Explicit
08-03 19:26:20.179 16671 16683 I art     : Explicit concurrent mark sweep GC freed 202259(9MB) AllocSpace objects, 1(20KB) LOS objects, 24% free, 49MB/65MB, paused 1.134ms total 84.235ms
08-03 19:26:20.200 16671 16683 I art     : Starting a blocking GC Explicit
08-03 19:26:20.268 16671 16683 I art     : Explicit concurrent mark sweep GC freed 55590(2MB) AllocSpace objects, 0(0B) LOS objects, 24% free, 49MB/65MB, paused 1.412ms total 67.726ms
08-03 19:26:20.291 16671 16683 I art     : Starting a blocking GC Explicit
08-03 19:26:20.360 16671 16683 I art     : Explicit concurrent mark sweep GC freed 49452(2MB) AllocSpace objects, 0(0B) LOS objects, 24% free, 49MB/65MB, paused 1.459ms total 69.161ms
08-03 19:26:20.382 16671 16683 I art     : Starting a blocking GC Explicit
08-03 19:26:20.451 16671 16683 I art     : Explicit concurrent mark sweep GC freed 48932(2MB) AllocSpace objects, 0(0B) LOS objects, 24% free, 50MB/66MB, paused 1.423ms total 68.671ms
08-03 19:26:20.472 16671 16683 I art     : Starting a blocking GC Explicit
08-03 19:26:20.541 16671 16683 I art     : Explicit concurrent mark sweep GC freed 48995(2MB) AllocSpace objects, 0(0B) LOS objects, 24% free, 50MB/66MB, paused 1.327ms total 69.650ms
08-03 19:26:20.858 16671 16885 I art     : Starting a blocking GC Explicit
08-03 19:26:20.955 16671 16885 I art     : Explicit concurrent mark sweep GC freed 213814(9MB) AllocSpace objects, 1(20KB) LOS objects, 23% free, 52MB/68MB, paused 1.277ms total 96.596ms
08-03 19:26:20.964 16671 17359 I Service : getCourses response time: 0.69
08-03 19:26:20.965 16671 16671 I SettingsManager: Getting string: savedCourse
08-03 19:26:20.978 16671 16885 I art     : Starting a blocking GC Explicit
08-03 19:26:21.049 16671 16885 I art     : Explicit concurrent mark sweep GC freed 19315(955KB) AllocSpace objects, 1(14MB) LOS objects, 30% free, 37MB/53MB, paused 959us total 70.529ms
08-03 19:26:21.071 16671 16885 I art     : Starting a blocking GC Explicit
08-03 19:26:21.144 16671 16885 I art     : Explicit concurrent mark sweep GC freed 507(16KB) AllocSpace objects, 0(0B) LOS objects, 30% free, 37MB/53MB, paused 451us total 72.750ms
08-03 19:26:21.169 16671 16885 I art     : Starting a blocking GC Explicit
08-03 19:26:21.245 16671 16885 I art     : Explicit concurrent mark sweep GC freed 662(63KB) AllocSpace objects, 0(0B) LOS objects, 30% free, 37MB/53MB, paused 438us total 75.749ms
08-03 19:26:21.269 16671 16885 I art     : Starting a blocking GC Explicit
08-03 19:26:21.287 24365 30222 I NetworkScheduler.Stats: Task com.google.android.gms/com.google.android.gms.icing.service.IcingGcmTaskService started execution. cause:4 exec_start_elapsed_seconds: 1629385 [CONTEXT service_id=218 ]
08-03 19:26:21.297 24365 23406 I NetworkScheduler.Stats: Task com.google.android.gms/com.google.android.gms.icing.service.IcingGcmTaskService finished executing. cause:4 result: 1 elapsed_millis: 24 uptime_millis: 24 exec_start_elapsed_seconds: 1629385 [CONTEXT service_id=218 ]
08-03 19:26:21.328 16671 16885 I art     : Explicit concurrent mark sweep GC freed 3(96B) AllocSpace objects, 0(0B) LOS objects, 30% free, 37MB/53MB, paused 438us total 59.451ms
08-03 19:26:21.654 16671 16683 I art     : Starting a blocking GC Explicit
08-03 19:26:21.753 16671 16683 I art     : Explicit concurrent mark sweep GC freed 1290(75KB) AllocSpace objects, 1(20KB) LOS objects, 30% free, 37MB/53MB, paused 503us total 99.445ms
08-03 19:26:21.784 16671 16683 I art     : Starting a blocking GC Explicit
08-03 19:26:21.866 16671 16683 I art     : Explicit concurrent mark sweep GC freed 18(624B) AllocSpace objects, 0(0B) LOS objects, 30% free, 37MB/53MB, paused 468us total 81.791ms
08-03 19:26:21.892 16671 16683 I art     : Starting a blocking GC Explicit
08-03 19:26:21.970 16671 16683 I art     : Explicit concurrent mark sweep GC freed 3(96B) AllocSpace objects, 0(0B) LOS objects, 30% free, 37MB/53MB, paused 464us total 78.406ms
08-03 19:26:21.996 16671 16683 I art     : Starting a blocking GC Explicit
08-03 19:26:22.074 16671 16683 I art     : Explicit concurrent mark sweep GC freed 3(96B) AllocSpace objects, 0(0B) LOS objects, 30% free, 37MB/53MB, paused 534us total 77.721ms
08-03 19:26:22.101 16671 16683 I art     : Starting a blocking GC Explicit
08-03 19:26:22.181 16671 16683 I art     : Explicit concurrent mark sweep GC freed 3(96B) AllocSpace objects, 0(0B) LOS objects, 30% free, 37MB/53MB, paused 462us total 80.427ms
08-03 19:26:22.544 16671 16684 I art     : Starting a blocking GC Explicit
08-03 19:26:22.623 16671 16684 I art     : Explicit concurrent mark sweep GC freed 1309(76KB) AllocSpace objects, 1(20KB) LOS objects, 30% free, 37MB/53MB, paused 455us total 78.356ms
08-03 19:26:22.647 16671 16684 I art     : Starting a blocking GC Explicit
08-03 19:26:22.716 16671 16684 I art     : Explicit concurrent mark sweep GC freed 45(2320B) AllocSpace objects, 0(0B) LOS objects, 30% free, 37MB/53MB, paused 435us total 68.895ms
08-03 19:26:22.741 16671 16684 I art     : Starting a blocking GC Explicit
08-03 19:26:22.821 16671 16684 I art     : Explicit concurrent mark sweep GC freed 9(320B) AllocSpace objects, 0(0B) LOS objects, 30% free, 37MB/53MB, paused 467us total 80.369ms
08-03 19:26:22.847 16671 16684 I art     : Starting a blocking GC Explicit
08-03 19:26:22.927 16671 16684 I art     : Explicit concurrent mark sweep GC freed 3(96B) AllocSpace objects, 0(0B) LOS objects, 30% free, 37MB/53MB, paused 624us total 79.900ms
08-03 19:26:22.953 16671 16684 I art     : Starting a blocking GC Explicit
08-03 19:26:23.033 16671 16684 I art     : Explicit concurrent mark sweep GC freed 3(96B) AllocSpace objects, 0(0B) LOS objects, 30% free, 37MB/53MB, paused 471us total 79.523ms
08-03 19:26:23.386 16671 17047 I art     : Starting a blocking GC Explicit
08-03 19:26:23.494 16671 17047 I art     : Explicit concurrent mark sweep GC freed 1291(75KB) AllocSpace objects, 1(20KB) LOS objects, 30% free, 37MB/53MB, paused 479us total 107.310ms
08-03 19:26:23.520 16671 17047 I art     : Starting a blocking GC Explicit
08-03 19:26:23.599 16671 17047 I art     : Explicit concurrent mark sweep GC freed 18(624B) AllocSpace objects, 0(0B) LOS objects, 30% free, 37MB/53MB, paused 446us total 78.835ms
08-03 19:26:23.624 16671 17047 I art     : Starting a blocking GC Explicit
08-03 19:26:23.691 16671 17047 I art     : Explicit concurrent mark sweep GC freed 3(96B) AllocSpace objects, 0(0B) LOS objects, 30% free, 37MB/53MB, paused 454us total 66.197ms
08-03 19:26:23.715 16671 17047 I art     : Starting a blocking GC Explicit
08-03 19:26:23.787 16671 17047 I art     : Explicit concurrent mark sweep GC freed 3(96B) AllocSpace objects, 0(0B) LOS objects, 30% free, 37MB/53MB, paused 521us total 72.255ms
08-03 19:26:23.811 16671 17047 I art     : Starting a blocking GC Explicit
08-03 19:26:23.888 16671 17047 I art     : Explicit concurrent mark sweep GC freed 3(96B) AllocSpace objects, 0(0B) LOS objects, 30% free, 37MB/53MB, paused 492us total 76.250ms
08-03 19:26:24.161 17462 17462 D AndroidRuntime: >>>>>> START com.android.internal.os.RuntimeInit uid 2000 <<<<<<
08-03 19:26:24.167 17462 17462 D AndroidRuntime: CheckJNI is OFF
08-03 19:26:24.211 17462 17462 D ICU     : No timezone override file found: /data/misc/zoneinfo/current/icu/icu_tzdata.dat
08-03 19:26:24.238 16671 16885 I art     : Starting a blocking GC Explicit
08-03 19:26:24.253 17462 17462 I Radio-JNI: register_android_hardware_Radio DONE
08-03 19:26:24.283 17462 17462 D AndroidRuntime: Calling main entry com.android.commands.input.Input
08-03 19:26:24.286 17462 17462 I Input   : injectMotionEvent: MotionEvent { action=ACTION_DOWN, actionButton=0, id[0]=0, x[0]=558.0, y[0]=368.0, toolType[0]=TOOL_TYPE_UNKNOWN, buttonState=0, metaState=0, flags=0x0, edgeFlags=0x0, pointerCount=1, historySize=0, eventTime=646000698, downTime=646000698, deviceId=0, source=0x1002 }
08-03 19:26:24.294 17462 17462 I Input   : injectMotionEvent: MotionEvent { action=ACTION_UP, actionButton=0, id[0]=0, x[0]=558.0, y[0]=368.0, toolType[0]=TOOL_TYPE_UNKNOWN, buttonState=0, metaState=0, flags=0x0, edgeFlags=0x0, pointerCount=1, historySize=0, eventTime=646000698, downTime=646000698, deviceId=0, source=0x1002 }
08-03 19:26:24.295 17462 17462 D AndroidRuntime: Shutting down VM
08-03 19:26:24.316 16671 16885 I art     : Explicit concurrent mark sweep GC freed 1362(86KB) AllocSpace objects, 1(20KB) LOS objects, 30% free, 37MB/53MB, paused 832us total 77.551ms
08-03 19:26:24.339 16671 16885 I art     : Starting a blocking GC Explicit
08-03 19:26:24.408 16671 16885 I art     : Explicit concurrent mark sweep GC freed 695(74KB) AllocSpace objects, 0(0B) LOS objects, 30% free, 37MB/53MB, paused 524us total 68.799ms
08-03 19:26:24.432 16671 16885 I art     : Starting a blocking GC Explicit
08-03 19:26:24.499 16671 16885 I art     : Explicit concurrent mark sweep GC freed 198(12KB) AllocSpace objects, 0(0B) LOS objects, 30% free, 37MB/53MB, paused 460us total 67.261ms
08-03 19:26:24.522 16671 16885 I art     : Starting a blocking GC Explicit
08-03 19:26:24.586 16671 16885 I art     : Explicit concurrent mark sweep GC freed 46(2112B) AllocSpace objects, 0(0B) LOS objects, 30% free, 37MB/53MB, paused 527us total 63.460ms
08-03 19:26:24.609 16671 16885 I art     : Starting a blocking GC Explicit
08-03 19:26:24.676 16671 16885 I art     : Explicit concurrent mark sweep GC freed 30(1248B) AllocSpace objects, 0(0B) LOS objects, 30% free, 37MB/53MB, paused 412us total 66.912ms
08-03 19:26:25.014 16671 16683 I art     : Starting a blocking GC Explicit
08-03 19:26:25.091 16671 16683 I art     : Explicit concurrent mark sweep GC freed 1609(89KB) AllocSpace objects, 1(20KB) LOS objects, 30% free, 37MB/53MB, paused 465us total 76.064ms
08-03 19:26:25.115 16671 16683 I art     : Starting a blocking GC Explicit
08-03 19:26:25.185 16671 16683 I art     : Explicit concurrent mark sweep GC freed 28(944B) AllocSpace objects, 0(0B) LOS objects, 30% free, 37MB/53MB, paused 462us total 69.854ms
08-03 19:26:25.210 16671 16683 I art     : Starting a blocking GC Explicit
08-03 19:26:25.285 16671 16683 I art     : Explicit concurrent mark sweep GC freed 3(96B) AllocSpace objects, 0(0B) LOS objects, 30% free, 37MB/53MB, paused 449us total 74.339ms
08-03 19:26:25.309 16671 16683 I art     : Starting a blocking GC Explicit
08-03 19:26:25.387 16671 16683 I art     : Explicit concurrent mark sweep GC freed 3(96B) AllocSpace objects, 0(0B) LOS objects, 30% free, 37MB/53MB, paused 460us total 76.837ms
08-03 19:26:25.412 16671 16683 I art     : Starting a blocking GC Explicit
08-03 19:26:25.489 16671 16683 I art     : Explicit concurrent mark sweep GC freed 3(96B) AllocSpace objects, 0(0B) LOS objects, 30% free, 37MB/53MB, paused 455us total 76.848ms
08-03 19:26:25.800 16671 17047 I art     : Starting a blocking GC Explicit
08-03 19:26:25.883 16671 17047 I art     : Explicit concurrent mark sweep GC freed 1290(75KB) AllocSpace objects, 1(20KB) LOS objects, 30% free, 37MB/53MB, paused 460us total 82.945ms
08-03 19:26:25.907 16671 17047 I art     : Starting a blocking GC Explicit
08-03 19:26:25.980 16671 17047 I art     : Explicit concurrent mark sweep GC freed 19(656B) AllocSpace objects, 0(0B) LOS objects, 30% free, 37MB/53MB, paused 467us total 72.309ms
08-03 19:26:26.007 16671 17047 I art     : Starting a blocking GC Explicit
08-03 19:26:26.067 17498 17498 D AndroidRuntime: >>>>>> START com.android.internal.os.RuntimeInit uid 2000 <<<<<<
08-03 19:26:26.073 17498 17498 D AndroidRuntime: CheckJNI is OFF
08-03 19:26:26.073 16671 17047 I art     : Explicit concurrent mark sweep GC freed 15(480B) AllocSpace objects, 0(0B) LOS objects, 30% free, 37MB/53MB, paused 441us total 66.355ms
08-03 19:26:26.096 16671 17047 I art     : Starting a blocking GC Explicit
08-03 19:26:26.116 17498 17498 D ICU     : No timezone override file found: /data/misc/zoneinfo/current/icu/icu_tzdata.dat
08-03 19:26:26.161 17498 17498 I Radio-JNI: register_android_hardware_Radio DONE
08-03 19:26:26.164 16671 17047 I art     : Explicit concurrent mark sweep GC freed 13(416B) AllocSpace objects, 0(0B) LOS objects, 30% free, 37MB/53MB, paused 491us total 67.448ms
08-03 19:26:26.188 16671 17047 I art     : Starting a blocking GC Explicit
08-03 19:26:26.192 17498 17498 D AndroidRuntime: Calling main entry com.android.commands.input.Input
08-03 19:26:26.194 17498 17498 I Input   : injectMotionEvent: MotionEvent { action=ACTION_DOWN, actionButton=0, id[0]=0, x[0]=945.0, y[0]=1376.0, toolType[0]=TOOL_TYPE_UNKNOWN, buttonState=0, metaState=0, flags=0x0, edgeFlags=0x0, pointerCount=1, historySize=0, eventTime=646002606, downTime=646002606, deviceId=0, source=0x1002 }
08-03 19:26:26.199 17498 17498 I Input   : injectMotionEvent: MotionEvent { action=ACTION_UP, actionButton=0, id[0]=0, x[0]=945.0, y[0]=1376.0, toolType[0]=TOOL_TYPE_UNKNOWN, buttonState=0, metaState=0, flags=0x0, edgeFlags=0x0, pointerCount=1, historySize=0, eventTime=646002606, downTime=646002606, deviceId=0, source=0x1002 }
08-03 19:26:26.201 17498 17498 D AndroidRuntime: Shutting down VM
08-03 19:26:26.254 16671 17047 I art     : Explicit concurrent mark sweep GC freed 28(1216B) AllocSpace objects, 0(0B) LOS objects, 30% free, 37MB/53MB, paused 569us total 66.099ms
08-03 19:26:26.268   512  2967 D audio_hw_primary: out_set_parameters: enter: usecase(1: low-latency-playback) kvpairs: routing=2
08-03 19:26:26.276 13866 13866 I GoogleInputMethodServic: GoogleInputMethodService.onFinishInput():3138 
08-03 19:26:26.278 13866 13866 I GoogleInputMethodServic: GoogleInputMethodService.onStartInput():1808 
08-03 19:26:26.281   512  2967 D audio_hw_primary: select_devices: out_snd_device(2: speaker) in_snd_device(0: none)
08-03 19:26:26.281   512  2967 D msm8974_platform: platform_send_audio_calibration: sending audio calibration for snd_device(2) acdb_id(15)
08-03 19:26:26.281   512  2967 I soundtrigger: audio_extn_sound_trigger_update_device_status: device 0x2 of type 0 for Event 1
08-03 19:26:26.292 13866 13866 I GoogleInputMethodServic: GoogleInputMethodService.onFinishInput():3138 
08-03 19:26:26.292 13866 13866 I GoogleInputMethodServic: GoogleInputMethodService.onStartInput():1808 
08-03 19:26:26.295   512  2967 D audio_hw_primary: enable_snd_device: snd_device(2: speaker)
08-03 19:26:26.298   512  2967 D audio_hw_primary: enable_audio_route: apply and update mixer path: low-latency-playback speaker
08-03 19:26:26.564 16671 16684 I art     : Starting a blocking GC Explicit
08-03 19:26:26.596 16671 16686 D OpenGLRenderer: endAllStagingAnimators on 0x7f79efb000 (ListPopupWindow$DropDownListView) with handle 0x7f79f461c0
08-03 19:26:26.643 16671 16684 I art     : Explicit concurrent mark sweep GC freed 2353(134KB) AllocSpace objects, 1(20KB) LOS objects, 30% free, 37MB/53MB, paused 443us total 78.622ms
08-03 19:26:26.664 16671 16684 I art     : Starting a blocking GC Explicit
08-03 19:26:26.733 16671 16684 I art     : Explicit concurrent mark sweep GC freed 729(64KB) AllocSpace objects, 0(0B) LOS objects, 30% free, 37MB/53MB, paused 449us total 68.853ms
08-03 19:26:26.757 16671 16684 I art     : Starting a blocking GC Explicit
08-03 19:26:26.831 16671 16684 I art     : Explicit concurrent mark sweep GC freed 547(37KB) AllocSpace objects, 0(0B) LOS objects, 30% free, 37MB/53MB, paused 528us total 73.316ms
08-03 19:26:26.839   512  2967 D audio_hw_primary: disable_audio_route: reset and update mixer path: low-latency-playback speaker
08-03 19:26:26.840   512  2967 D audio_hw_primary: disable_snd_device: snd_device(2: speaker)
08-03 19:26:26.848   512  2967 I soundtrigger: audio_extn_sound_trigger_update_device_status: device 0x2 of type 0 for Event 0
08-03 19:26:26.855 16671 16684 I art     : Starting a blocking GC Explicit
08-03 19:26:26.930 16671 16684 I art     : Explicit concurrent mark sweep GC freed 3(96B) AllocSpace objects, 0(0B) LOS objects, 30% free, 37MB/53MB, paused 460us total 74.669ms
08-03 19:26:26.955 16671 16684 I art     : Starting a blocking GC Explicit
08-03 19:26:27.028 16671 16684 I art     : Explicit concurrent mark sweep GC freed 3(96B) AllocSpace objects, 0(0B) LOS objects, 30% free, 37MB/53MB, paused 489us total 72.895ms
08-03 19:26:27.353 16671 17047 I art     : Starting a blocking GC Explicit
08-03 19:26:27.454 16671 17047 I art     : Explicit concurrent mark sweep GC freed 1290(75KB) AllocSpace objects, 1(20KB) LOS objects, 30% free, 37MB/53MB, paused 443us total 99.771ms
08-03 19:26:27.478 16671 17047 I art     : Starting a blocking GC Explicit
08-03 19:26:27.546 16671 17047 I art     : Explicit concurrent mark sweep GC freed 18(624B) AllocSpace objects, 0(0B) LOS objects, 30% free, 37MB/53MB, paused 432us total 68.202ms
08-03 19:26:27.570 16671 17047 I art     : Starting a blocking GC Explicit
08-03 19:26:27.632 16671 17047 I art     : Explicit concurrent mark sweep GC freed 3(96B) AllocSpace objects, 0(0B) LOS objects, 30% free, 37MB/53MB, paused 413us total 61.949ms
08-03 19:26:27.654 16671 17047 I art     : Starting a blocking GC Explicit
08-03 19:26:27.715 16671 17047 I art     : Explicit concurrent mark sweep GC freed 3(96B) AllocSpace objects, 0(0B) LOS objects, 30% free, 37MB/53MB, paused 434us total 61.278ms
08-03 19:26:27.737 16671 17047 I art     : Starting a blocking GC Explicit
08-03 19:26:27.806 16671 17047 I art     : Explicit concurrent mark sweep GC freed 3(96B) AllocSpace objects, 0(0B) LOS objects, 30% free, 37MB/53MB, paused 458us total 68.415ms
08-03 19:26:27.976 17541 17541 D AndroidRuntime: >>>>>> START com.android.internal.os.RuntimeInit uid 2000 <<<<<<
08-03 19:26:27.985 17541 17541 D AndroidRuntime: CheckJNI is OFF
08-03 19:26:28.025 17541 17541 D ICU     : No timezone override file found: /data/misc/zoneinfo/current/icu/icu_tzdata.dat
08-03 19:26:28.067 17541 17541 I Radio-JNI: register_android_hardware_Radio DONE
08-03 19:26:28.096 17541 17541 D AndroidRuntime: Calling main entry com.android.commands.input.Input
08-03 19:26:28.098 17541 17541 I Input   : injectMotionEvent: MotionEvent { action=ACTION_DOWN, actionButton=0, id[0]=0, x[0]=481.0, y[0]=544.0, toolType[0]=TOOL_TYPE_UNKNOWN, buttonState=0, metaState=0, flags=0x0, edgeFlags=0x0, pointerCount=1, historySize=0, eventTime=646004511, downTime=646004511, deviceId=0, source=0x1002 }
08-03 19:26:28.103 17541 17541 I Input   : injectMotionEvent: MotionEvent { action=ACTION_UP, actionButton=0, id[0]=0, x[0]=481.0, y[0]=544.0, toolType[0]=TOOL_TYPE_UNKNOWN, buttonState=0, metaState=0, flags=0x0, edgeFlags=0x0, pointerCount=1, historySize=0, eventTime=646004511, downTime=646004511, deviceId=0, source=0x1002 }
08-03 19:26:28.107 17541 17541 D AndroidRuntime: Shutting down VM
08-03 19:26:28.151 16671 17047 I art     : Starting a blocking GC Explicit
08-03 19:26:28.226 16671 17047 I art     : Explicit concurrent mark sweep GC freed 2029(107KB) AllocSpace objects, 1(20KB) LOS objects, 30% free, 37MB/53MB, paused 624us total 74.901ms
08-03 19:26:28.250 16671 17047 I art     : Starting a blocking GC Explicit
08-03 19:26:28.312 16671 17047 I art     : Explicit concurrent mark sweep GC freed 109(5KB) AllocSpace objects, 0(0B) LOS objects, 30% free, 37MB/53MB, paused 420us total 62.723ms
08-03 19:26:28.336 16671 17047 I art     : Starting a blocking GC Explicit
08-03 19:26:28.401 16671 17047 I art     : Explicit concurrent mark sweep GC freed 18(672B) AllocSpace objects, 0(0B) LOS objects, 30% free, 37MB/53MB, paused 438us total 64.841ms
08-03 19:26:28.424 16671 17047 I art     : Starting a blocking GC Explicit
08-03 19:26:28.492 16671 17047 I art     : Explicit concurrent mark sweep GC freed 300(13KB) AllocSpace objects, 0(0B) LOS objects, 30% free, 37MB/53MB, paused 415us total 67.082ms
08-03 19:26:28.514 16671 17047 I art     : Starting a blocking GC Explicit
08-03 19:26:28.582 16671 17047 I art     : Explicit concurrent mark sweep GC freed 23(1040B) AllocSpace objects, 0(0B) LOS objects, 30% free, 37MB/53MB, paused 430us total 67.606ms
08-03 19:26:28.912 16671 16684 I art     : Starting a blocking GC Explicit
08-03 19:26:28.995 16671 16684 I art     : Explicit concurrent mark sweep GC freed 1317(76KB) AllocSpace objects, 1(20KB) LOS objects, 30% free, 37MB/53MB, paused 469us total 82.758ms
08-03 19:26:29.020 16671 16684 I art     : Starting a blocking GC Explicit
08-03 19:26:29.095 16671 16684 I art     : Explicit concurrent mark sweep GC freed 18(624B) AllocSpace objects, 0(0B) LOS objects, 30% free, 37MB/53MB, paused 480us total 75.226ms
08-03 19:26:29.120 16671 16684 I art     : Starting a blocking GC Explicit
08-03 19:26:29.195 16671 16684 I art     : Explicit concurrent mark sweep GC freed 3(96B) AllocSpace objects, 0(0B) LOS objects, 30% free, 37MB/53MB, paused 468us total 74.165ms
08-03 19:26:29.219 16671 16684 I art     : Starting a blocking GC Explicit
08-03 19:26:29.294 16671 16684 I art     : Explicit concurrent mark sweep GC freed 3(96B) AllocSpace objects, 0(0B) LOS objects, 30% free, 37MB/53MB, paused 469us total 74.791ms
08-03 19:26:29.319 16671 16684 I art     : Starting a blocking GC Explicit
08-03 19:26:29.391 16671 16684 I art     : Explicit concurrent mark sweep GC freed 3(96B) AllocSpace objects, 0(0B) LOS objects, 30% free, 37MB/53MB, paused 463us total 71.921ms
08-03 19:26:29.705 16671 16885 I art     : Starting a blocking GC Explicit
08-03 19:26:29.792 16671 16885 I art     : Explicit concurrent mark sweep GC freed 1292(75KB) AllocSpace objects, 1(20KB) LOS objects, 30% free, 37MB/53MB, paused 496us total 86.745ms
08-03 19:26:29.819 16671 16885 I art     : Starting a blocking GC Explicit
08-03 19:26:29.886 17574 17574 D AndroidRuntime: >>>>>> START com.android.internal.os.RuntimeInit uid 2000 <<<<<<
08-03 19:26:29.887 16671 16885 I art     : Explicit concurrent mark sweep GC freed 29(976B) AllocSpace objects, 0(0B) LOS objects, 30% free, 37MB/53MB, paused 529us total 67.936ms
08-03 19:26:29.892 17574 17574 D AndroidRuntime: CheckJNI is OFF
08-03 19:26:29.910 16671 16885 I art     : Starting a blocking GC Explicit
08-03 19:26:29.934 17574 17574 D ICU     : No timezone override file found: /data/misc/zoneinfo/current/icu/icu_tzdata.dat
08-03 19:26:29.978 16671 16885 I art     : Explicit concurrent mark sweep GC freed 15(480B) AllocSpace objects, 0(0B) LOS objects, 30% free, 37MB/53MB, paused 494us total 67.178ms
08-03 19:26:29.981 17574 17574 I Radio-JNI: register_android_hardware_Radio DONE
08-03 19:26:30.001 16671 16885 I art     : Starting a blocking GC Explicit
08-03 19:26:30.011 17574 17574 D AndroidRuntime: Calling main entry com.android.commands.input.Input
08-03 19:26:30.012 17574 17574 I Input   : injectMotionEvent: MotionEvent { action=ACTION_DOWN, actionButton=0, id[0]=0, x[0]=310.0, y[0]=906.0, toolType[0]=TOOL_TYPE_UNKNOWN, buttonState=0, metaState=0, flags=0x0, edgeFlags=0x0, pointerCount=1, historySize=0, eventTime=646006425, downTime=646006425, deviceId=0, source=0x1002 }
08-03 19:26:30.018 17574 17574 I Input   : injectMotionEvent: MotionEvent { action=ACTION_UP, actionButton=0, id[0]=0, x[0]=310.0, y[0]=906.0, toolType[0]=TOOL_TYPE_UNKNOWN, buttonState=0, metaState=0, flags=0x0, edgeFlags=0x0, pointerCount=1, historySize=0, eventTime=646006425, downTime=646006425, deviceId=0, source=0x1002 }
08-03 19:26:30.019 17574 17574 D AndroidRuntime: Shutting down VM
08-03 19:26:30.069 16671 16885 I art     : Explicit concurrent mark sweep GC freed 26(1152B) AllocSpace objects, 0(0B) LOS objects, 30% free, 37MB/53MB, paused 463us total 67.244ms
08-03 19:26:30.086   512  2967 D audio_hw_primary: out_set_parameters: enter: usecase(1: low-latency-playback) kvpairs: routing=2
08-03 19:26:30.091 16671 16885 I art     : Starting a blocking GC Explicit
08-03 19:26:30.093 13866 13866 I GoogleInputMethodServic: GoogleInputMethodService.onFinishInput():3138 
08-03 19:26:30.094 13866 13866 I GoogleInputMethodServic: GoogleInputMethodService.onStartInput():1808 
08-03 19:26:30.099   512  2967 D audio_hw_primary: select_devices: out_snd_device(2: speaker) in_snd_device(0: none)
08-03 19:26:30.099   512  2967 D msm8974_platform: platform_send_audio_calibration: sending audio calibration for snd_device(2) acdb_id(15)
08-03 19:26:30.099   512  2967 I soundtrigger: audio_extn_sound_trigger_update_device_status: device 0x2 of type 0 for Event 1
08-03 19:26:30.107 13866 13866 I GoogleInputMethodServic: GoogleInputMethodService.onFinishInput():3138 
08-03 19:26:30.107 13866 13866 I GoogleInputMethodServic: GoogleInputMethodService.onStartInput():1808 
08-03 19:26:30.110   512  2967 D audio_hw_primary: enable_snd_device: snd_device(2: speaker)
08-03 19:26:30.112   512  2967 D audio_hw_primary: enable_audio_route: apply and update mixer path: low-latency-playback speaker
08-03 19:26:30.125   918  3261 D WifiStateMachine: starting scan for "H369AA63323"WPA_PSK with 2412,5180
08-03 19:26:30.164 16671 16885 I art     : Explicit concurrent mark sweep GC freed 830(40KB) AllocSpace objects, 0(0B) LOS objects, 30% free, 37MB/53MB, paused 846us total 73.304ms
08-03 19:26:30.413 16671 16686 D OpenGLRenderer: endAllStagingAnimators on 0x7f8135f400 (ListPopupWindow$DropDownListView) with handle 0x7f79f46380
08-03 19:26:30.473 16671 17047 I art     : Starting a blocking GC Explicit
08-03 19:26:30.547 16671 17047 I art     : Explicit concurrent mark sweep GC freed 1574(87KB) AllocSpace objects, 1(20KB) LOS objects, 30% free, 37MB/53MB, paused 539us total 74.377ms
08-03 19:26:30.571 16671 17047 I art     : Starting a blocking GC Explicit
08-03 19:26:30.642 16671 17047 I art     : Explicit concurrent mark sweep GC freed 1160(93KB) AllocSpace objects, 0(0B) LOS objects, 30% free, 37MB/53MB, paused 453us total 70.832ms
08-03 19:26:30.648   512  2967 D audio_hw_primary: disable_audio_route: reset and update mixer path: low-latency-playback speaker
08-03 19:26:30.649   512  2967 D audio_hw_primary: disable_snd_device: snd_device(2: speaker)
08-03 19:26:30.658   512  2967 I soundtrigger: audio_extn_sound_trigger_update_device_status: device 0x2 of type 0 for Event 0
08-03 19:26:30.666 16671 17047 I art     : Starting a blocking GC Explicit
08-03 19:26:30.742 16671 17047 I art     : Explicit concurrent mark sweep GC freed 3(96B) AllocSpace objects, 0(0B) LOS objects, 30% free, 37MB/53MB, paused 473us total 75.268ms
08-03 19:26:30.766 16671 17047 I art     : Starting a blocking GC Explicit
08-03 19:26:30.841 16671 17047 I art     : Explicit concurrent mark sweep GC freed 3(96B) AllocSpace objects, 0(0B) LOS objects, 30% free, 37MB/53MB, paused 472us total 74.605ms
08-03 19:26:30.866 16671 17047 I art     : Starting a blocking GC Explicit
08-03 19:26:30.941 16671 17047 I art     : Explicit concurrent mark sweep GC freed 3(96B) AllocSpace objects, 0(0B) LOS objects, 30% free, 37MB/53MB, paused 470us total 73.977ms
08-03 19:26:31.275 16671 16684 I art     : Starting a blocking GC Explicit
08-03 19:26:31.352 16671 16684 I art     : Explicit concurrent mark sweep GC freed 1290(75KB) AllocSpace objects, 1(20KB) LOS objects, 30% free, 37MB/53MB, paused 470us total 76.505ms
08-03 19:26:31.377 16671 16684 I art     : Starting a blocking GC Explicit
08-03 19:26:31.444 16671 16684 I art     : Explicit concurrent mark sweep GC freed 18(624B) AllocSpace objects, 0(0B) LOS objects, 30% free, 37MB/53MB, paused 452us total 67.003ms
08-03 19:26:31.468 16671 16684 I art     : Starting a blocking GC Explicit
08-03 19:26:31.540 16671 16684 I art     : Explicit concurrent mark sweep GC freed 3(96B) AllocSpace objects, 0(0B) LOS objects, 30% free, 37MB/53MB, paused 468us total 71.114ms
08-03 19:26:31.564 16671 16684 I art     : Starting a blocking GC Explicit
08-03 19:26:31.636 16671 16684 I art     : Explicit concurrent mark sweep GC freed 3(96B) AllocSpace objects, 0(0B) LOS objects, 30% free, 37MB/53MB, paused 457us total 71.565ms
08-03 19:26:31.661 16671 16684 I art     : Starting a blocking GC Explicit
08-03 19:26:31.738 16671 16684 I art     : Explicit concurrent mark sweep GC freed 3(96B) AllocSpace objects, 0(0B) LOS objects, 30% free, 37MB/53MB, paused 497us total 77.389ms
08-03 19:26:31.809 17622 17622 D AndroidRuntime: >>>>>> START com.android.internal.os.RuntimeInit uid 2000 <<<<<<
08-03 19:26:31.815 17622 17622 D AndroidRuntime: CheckJNI is OFF
08-03 19:26:31.824 14658 14658 I ServiceManager: Waiting for service AtCmdFwd...
08-03 19:26:31.861 17622 17622 D ICU     : No timezone override file found: /data/misc/zoneinfo/current/icu/icu_tzdata.dat
08-03 19:26:31.909 17622 17622 I Radio-JNI: register_android_hardware_Radio DONE
08-03 19:26:31.938 17622 17622 D AndroidRuntime: Calling main entry com.android.commands.input.Input
08-03 19:26:31.940 17622 17622 I Input   : injectMotionEvent: MotionEvent { action=ACTION_DOWN, actionButton=0, id[0]=0, x[0]=648.0, y[0]=709.0, toolType[0]=TOOL_TYPE_UNKNOWN, buttonState=0, metaState=0, flags=0x0, edgeFlags=0x0, pointerCount=1, historySize=0, eventTime=646008353, downTime=646008353, deviceId=0, source=0x1002 }
08-03 19:26:31.946 17622 17622 I Input   : injectMotionEvent: MotionEvent { action=ACTION_UP, actionButton=0, id[0]=0, x[0]=648.0, y[0]=709.0, toolType[0]=TOOL_TYPE_UNKNOWN, buttonState=0, metaState=0, flags=0x0, edgeFlags=0x0, pointerCount=1, historySize=0, eventTime=646008353, downTime=646008353, deviceId=0, source=0x1002 }
08-03 19:26:31.949 17622 17622 D AndroidRuntime: Shutting down VM
08-03 19:26:32.016   512  2967 D audio_hw_primary: out_set_parameters: enter: usecase(1: low-latency-playback) kvpairs: routing=2
08-03 19:26:32.029   512  2967 D audio_hw_primary: select_devices: out_snd_device(2: speaker) in_snd_device(0: none)
08-03 19:26:32.029   512  2967 D msm8974_platform: platform_send_audio_calibration: sending audio calibration for snd_device(2) acdb_id(15)
08-03 19:26:32.029   512  2967 I soundtrigger: audio_extn_sound_trigger_update_device_status: device 0x2 of type 0 for Event 1
08-03 19:26:32.040   512  2967 D audio_hw_primary: enable_snd_device: snd_device(2: speaker)
08-03 19:26:32.042   512  2967 D audio_hw_primary: enable_audio_route: apply and update mixer path: low-latency-playback speaker
08-03 19:26:32.072 16671 16683 I art     : Starting a blocking GC Explicit
08-03 19:26:32.146 16671 16683 I art     : Explicit concurrent mark sweep GC freed 2048(132KB) AllocSpace objects, 2(40KB) LOS objects, 30% free, 37MB/53MB, paused 499us total 73.411ms
08-03 19:26:32.173 16671 16683 I art     : Starting a blocking GC Explicit
08-03 19:26:32.242 16671 16683 I art     : Explicit concurrent mark sweep GC freed 154(6KB) AllocSpace objects, 0(0B) LOS objects, 30% free, 37MB/53MB, paused 422us total 68.737ms
08-03 19:26:32.267 16671 16683 I art     : Starting a blocking GC Explicit
08-03 19:26:32.339 16671 16683 I art     : Explicit concurrent mark sweep GC freed 7(240B) AllocSpace objects, 0(0B) LOS objects, 30% free, 37MB/53MB, paused 424us total 71.615ms
08-03 19:26:32.363 16671 16683 I art     : Starting a blocking GC Explicit
08-03 19:26:32.435 16671 16683 I art     : Explicit concurrent mark sweep GC freed 9(320B) AllocSpace objects, 0(0B) LOS objects, 30% free, 37MB/53MB, paused 415us total 71.934ms
08-03 19:26:32.461 16671 16683 I art     : Starting a blocking GC Explicit
08-03 19:26:32.532 16671 16683 I art     : Explicit concurrent mark sweep GC freed 5(160B) AllocSpace objects, 0(0B) LOS objects, 30% free, 37MB/53MB, paused 434us total 70.511ms
08-03 19:26:32.532 16671 16682 I art     : WaitForGcToComplete blocked for 70.731ms for cause HeapTrim
08-03 19:26:32.579   512  2967 D audio_hw_primary: disable_audio_route: reset and update mixer path: low-latency-playback speaker
08-03 19:26:32.581   512  2967 D audio_hw_primary: disable_snd_device: snd_device(2: speaker)
08-03 19:26:32.590   512  2967 I soundtrigger: audio_extn_sound_trigger_update_device_status: device 0x2 of type 0 for Event 0
08-03 19:26:32.824 14658 14658 I ServiceManager: Waiting for service AtCmdFwd...
08-03 19:26:32.869 16671 16885 I art     : Starting a blocking GC Explicit
08-03 19:26:32.943 16671 16885 I art     : Explicit concurrent mark sweep GC freed 1335(77KB) AllocSpace objects, 1(20KB) LOS objects, 30% free, 37MB/53MB, paused 487us total 73.263ms
08-03 19:26:32.967 16671 16885 I art     : Starting a blocking GC Explicit
08-03 19:26:33.042 16671 16885 I art     : Explicit concurrent mark sweep GC freed 22(752B) AllocSpace objects, 0(0B) LOS objects, 30% free, 37MB/53MB, paused 471us total 74.733ms
08-03 19:26:33.067 16671 16885 I art     : Starting a blocking GC Explicit
08-03 19:26:33.140 16671 16885 I art     : Explicit concurrent mark sweep GC freed 3(96B) AllocSpace objects, 0(0B) LOS objects, 30% free, 37MB/53MB, paused 474us total 72.917ms
08-03 19:26:33.165 16671 16885 I art     : Starting a blocking GC Explicit
08-03 19:26:33.236 16671 16885 I art     : Explicit concurrent mark sweep GC freed 3(96B) AllocSpace objects, 0(0B) LOS objects, 30% free, 37MB/53MB, paused 471us total 70.492ms
08-03 19:26:33.260 16671 16885 I art     : Starting a blocking GC Explicit
08-03 19:26:33.331 16671 16885 I art     : Explicit concurrent mark sweep GC freed 3(96B) AllocSpace objects, 0(0B) LOS objects, 30% free, 37MB/53MB, paused 463us total 71.200ms
08-03 19:26:33.660 16671 17047 I art     : Starting a blocking GC Explicit
08-03 19:26:33.735 17656 17656 D AndroidRuntime: >>>>>> START com.android.internal.os.RuntimeInit uid 2000 <<<<<<
08-03 19:26:33.741 17656 17656 D AndroidRuntime: CheckJNI is OFF
08-03 19:26:33.756 16671 17047 I art     : Explicit concurrent mark sweep GC freed 1303(75KB) AllocSpace objects, 1(20KB) LOS objects, 30% free, 37MB/53MB, paused 478us total 95.552ms
08-03 19:26:33.766   518   646 I ThermalEngine: ACTION: GPU - Setting GPU[0] to 390000000
08-03 19:26:33.816 16671 17047 I art     : Starting a blocking GC Explicit
08-03 19:26:33.820 17656 17656 D ICU     : No timezone override file found: /data/misc/zoneinfo/current/icu/icu_tzdata.dat
08-03 19:26:33.825 14658 14658 I ServiceManager: Waiting for service AtCmdFwd...
08-03 19:26:33.867 17656 17656 I Radio-JNI: register_android_hardware_Radio DONE
08-03 19:26:33.901 17656 17656 D AndroidRuntime: Calling main entry com.android.commands.input.Input
08-03 19:26:33.904 17656 17656 I Input   : injectMotionEvent: MotionEvent { action=ACTION_DOWN, actionButton=0, id[0]=0, x[0]=1197.0, y[0]=1456.0, toolType[0]=TOOL_TYPE_UNKNOWN, buttonState=0, metaState=0, flags=0x0, edgeFlags=0x0, pointerCount=1, historySize=0, eventTime=646010316, downTime=646010316, deviceId=0, source=0x1002 }
08-03 19:26:33.910 17656 17656 I Input   : injectMotionEvent: MotionEvent { action=ACTION_UP, actionButton=0, id[0]=0, x[0]=1197.0, y[0]=1456.0, toolType[0]=TOOL_TYPE_UNKNOWN, buttonState=0, metaState=0, flags=0x0, edgeFlags=0x0, pointerCount=1, historySize=0, eventTime=646010316, downTime=646010316, deviceId=0, source=0x1002 }
08-03 19:26:33.917 16671 17047 I art     : Explicit concurrent mark sweep GC freed 38(1584B) AllocSpace objects, 0(0B) LOS objects, 30% free, 37MB/53MB, paused 865us total 100.777ms
08-03 19:26:33.920   512  2967 D audio_hw_primary: out_set_parameters: enter: usecase(1: low-latency-playback) kvpairs: routing=2
08-03 19:26:33.920 17656 17656 D AndroidRuntime: Shutting down VM
08-03 19:26:33.933   512  2967 D audio_hw_primary: select_devices: out_snd_device(2: speaker) in_snd_device(0: none)
08-03 19:26:33.934   512  2967 D msm8974_platform: platform_send_audio_calibration: sending audio calibration for snd_device(2) acdb_id(15)
08-03 19:26:33.934   512  2967 I soundtrigger: audio_extn_sound_trigger_update_device_status: device 0x2 of type 0 for Event 1
08-03 19:26:33.936 16671 16671 I SettingsManager: Setting string: savedCourse
08-03 19:26:33.948   512  2967 D audio_hw_primary: enable_snd_device: snd_device(2: speaker)
08-03 19:26:33.950   512  2967 D audio_hw_primary: enable_audio_route: apply and update mixer path: low-latency-playback speaker
08-03 19:26:33.953   918  3714 W BackupManagerService: dataChanged but no participant pkg='baseline.com.ak.uobtimetable' uid=10641
08-03 19:26:33.954   918  4413 I ActivityManager: START u0 {flg=0x4000000 cmp=baseline.com.ak.uobtimetable/.MainActivity (has extras)} from uid 10641 on display 0
08-03 19:26:33.961 16671 17047 I art     : Starting a blocking GC Explicit
08-03 19:26:33.974   918  6112 W InputMethodManagerService: Focus gain on non-focused client com.android.internal.view.IInputMethodClient$Stub$Proxy@469753a (uid=10641 pid=16671)
08-03 19:26:33.993 16671 16671 D MainActivity: OnDestroy
08-03 19:26:34.027 16671 16671 D MainActivity: onCreate
08-03 19:26:34.028 16671 16671 I SettingsManager: Getting string: savedSessions
08-03 19:26:34.028 16671 16671 I SettingsManager: Getting string: savedSessions
08-03 19:26:34.040 16671 16671 I SettingsManager: Getting string: savedSessionsCourseName
08-03 19:26:34.040 16671 16671 I SettingsManager: Getting string: savedSessionsCourseName
08-03 19:26:34.041 16671 16671 I SettingsManager: Getting string: savedSessionsDateRange
08-03 19:26:34.041 16671 16671 I SettingsManager: Getting string: savedSessionsDateRange
08-03 19:26:34.041 16671 16671 I Settings: 10 saved sessions - Bedfordshire International and EU Foundation Year - Int Foun - Ltn - Y0 Feb FT - Weeks: 24-38 (8 Jun 2020-20 Sep 2020)
08-03 19:26:34.072 16671 17047 I art     : Explicit concurrent mark sweep GC freed 10860(513KB) AllocSpace objects, 1(20KB) LOS objects, 29% free, 38MB/54MB, paused 1.092ms total 110.982ms
08-03 19:26:34.082 16671 16671 I SettingsManager: Getting string: savedCourse
08-03 19:26:34.083 16671 16671 D MainActivity: sessionListFragmentArg: updateSessions
08-03 19:26:34.083 16671 16671 D MainActivity: showTermDatesConfigChange: false
08-03 19:26:34.083 16671 16671 D MainActivity: showTermDatesShortcut: false
08-03 19:26:34.084 16671 16671 D MainActivity: Setting initial fragment: SessionListsFragment
08-03 19:26:34.085 16671 16671 I SettingsManager: Getting int: launchCount
08-03 19:26:34.087 16671 16671 D SessionListsFragment: onCreateView
08-03 19:26:34.093 16671 16671 I SettingsManager: Getting string: savedCourse
08-03 19:26:34.099 16671 16671 I SettingsManager: Getting string: savedSessions
08-03 19:26:34.111 16671 16671 D SessionListsFragment: loadArgument: updateSessions
08-03 19:26:34.112 16671 16671 D SessionListsFragment: initialIndex: -1
08-03 19:26:34.115 16671 17047 I art     : Starting a blocking GC Explicit
08-03 19:26:34.117 16671 17679 D HTTP    : Request for: https://uob-timetable-api.adriankeenan.co.uk/sessions?dept=CM010&course=BSAIFAAF%2F02AA%2F0%2FFT&level=Foundation+Year
08-03 19:26:34.137 16671 16671 D TermDatesFragment: WebView loaded
08-03 19:26:34.138 16671 16671 D MainActivity: OnResume
08-03 19:26:34.161 16671 16671 I TermDatesFragment: Webview load %: 10
08-03 19:26:34.235 16671 17047 I art     : Explicit concurrent mark sweep GC freed 13546(615KB) AllocSpace objects, 2(1340KB) LOS objects, 30% free, 37MB/53MB, paused 1.587ms total 119.821ms
08-03 19:26:34.277 16671 17047 I art     : Starting a blocking GC Explicit
08-03 19:26:34.301   918   936 I ActivityManager: Displayed baseline.com.ak.uobtimetable/.MainActivity: +326ms
08-03 19:26:34.302 13866 13866 I GoogleInputMethodServic: GoogleInputMethodService.onFinishInput():3138 
08-03 19:26:34.303 13866 13866 I GoogleInputMethodServic: GoogleInputMethodService.onStartInput():1808 
08-03 19:26:34.351 16671 17679 I NAPPA_EXPERIMENTATION: MetricNetworkRequestExecutionTime: REQUEST_DURATION_SYSTEM='233',REQUEST_DURATION_OKHTTP='34',REQUEST_SYNCHRONOUS='TRUE',RESPONSE_CODE='200',RESPONSE_METHOD='GET',RESPONSE_LENGTH_OKHTTP='-1',RESPONSE_LENGTH_HEADER='1214',REQUEST_PROTOCOL='http/1.1',REQUEST_URL='https://uob-timetable-api.adriankeenan.co.uk/sessions?dept=CM010&course=BSAIFAAF%2F02AA%2F0%2FFT&level=Foundation+Year',
08-03 19:26:34.372 16671 17047 I art     : Explicit concurrent mark sweep GC freed 37181(1721KB) AllocSpace objects, 7(272KB) LOS objects, 30% free, 36MB/52MB, paused 1.118ms total 94.146ms
08-03 19:26:34.391 16671 17679 I HTTP    : Response was compressed.
08-03 19:26:34.397 16671 16671 I TermDatesFragment: Webview load %: 70
08-03 19:26:34.412 16671 17679 I Service : getSessions response time: 1.10
08-03 19:26:34.416 16671 16671 I SettingsManager: Getting string: savedSessions
08-03 19:26:34.417 16671 16671 I SettingsManager: Getting string: savedSessions
08-03 19:26:34.429 16671 16671 I Service : Sessions updated: 10
08-03 19:26:34.429 16671 16671 I Service : Sessions removed from new list: 0
08-03 19:26:34.441 16671 16671 I SettingsManager: Setting string: savedSessions
08-03 19:26:34.450   918  6112 W BackupManagerService: dataChanged but no participant pkg='baseline.com.ak.uobtimetable' uid=10641
08-03 19:26:34.450 16671 16671 I SettingsManager: Setting date: savedSessionsTime
08-03 19:26:34.457   918  4413 W BackupManagerService: dataChanged but no participant pkg='baseline.com.ak.uobtimetable' uid=10641
08-03 19:26:34.457 16671 16671 I SettingsManager: Setting string: savedSessionsCourseName
08-03 19:26:34.466   918  3961 W BackupManagerService: dataChanged but no participant pkg='baseline.com.ak.uobtimetable' uid=10641
08-03 19:26:34.467 16671 16671 I SettingsManager: Setting string: savedSessionsDateRange
08-03 19:26:34.467   918  6110 W BackupManagerService: dataChanged but no participant pkg='baseline.com.ak.uobtimetable' uid=10641
08-03 19:26:34.467 16671 16671 I SettingsManager: Setting string: timetableUrl
08-03 19:26:34.468   918  5952 W BackupManagerService: dataChanged but no participant pkg='baseline.com.ak.uobtimetable' uid=10641
08-03 19:26:34.468 16671 16671 I SettingsManager: Getting boolean: notifySessionRemindersEnabled
08-03 19:26:34.468 16671 16671 I SettingsManager: Getting int: notifySessionRemindersMinutes
08-03 19:26:34.468 16671 16671 I SettingsManager: Getting boolean: showHiddenSessions
08-03 19:26:34.471 16671 16671 I SessionReminderNotifier: Created session reminder alarm for f7b4771250a919bd729c1c5a4a459c77 at Mon 08:30:00 10/08/20
08-03 19:26:34.474 16671 16671 I SessionReminderNotifier: Created session reminder alarm for a7f879aabdeb78622c8820a5fb7b64cd at Tue 08:30:00 04/08/20
08-03 19:26:34.479 16671 16671 I SessionReminderNotifier: Created session reminder alarm for 7bc8d7e2c2055711f597c3d9078c6ea3 at Tue 08:30:00 04/08/20
08-03 19:26:34.482 16671 16671 I SessionReminderNotifier: Created session reminder alarm for 53c0527a6f009a1f2fd223834d3bfe51 at Tue 10:30:00 04/08/20
08-03 19:26:34.484 16671 16671 I SessionReminderNotifier: Created session reminder alarm for e0fc978b5db8218778540b4053344581 at Tue 11:00:00 04/08/20
08-03 19:26:34.486 16671 16671 I SessionReminderNotifier: Created session reminder alarm for 199afb0100f329ff65a09e1b0cd9deba at Tue 11:30:00 04/08/20
08-03 19:26:34.489   512  2967 D audio_hw_primary: disable_audio_route: reset and update mixer path: low-latency-playback speaker
08-03 19:26:34.491   512  2967 D audio_hw_primary: disable_snd_device: snd_device(2: speaker)
08-03 19:26:34.496 16671 16671 I SessionReminderNotifier: Created session reminder alarm for 21712fef61090882c855a1425543edb5 at Tue 13:30:00 04/08/20
08-03 19:26:34.500 16671 16671 I SessionReminderNotifier: Created session reminder alarm for 65ca4d97f031f29a4d02bbb45a705d8f at Wed 08:30:00 05/08/20
08-03 19:26:34.502   512  2967 I soundtrigger: audio_extn_sound_trigger_update_device_status: device 0x2 of type 0 for Event 0
08-03 19:26:34.503 16671 16671 I SessionReminderNotifier: Created session reminder alarm for eeda7741b0bcab58fd9f46dc6ef1d942 at Wed 08:30:00 05/08/20
08-03 19:26:34.509 16671 16671 I SessionReminderNotifier: Created session reminder alarm for c276c1b2075a0beb67f1b3d1e580f920 at Wed 11:00:00 05/08/20
08-03 19:26:34.512 16671 16671 I SessionReminderNotifier: Created session reminder alarm for 8b1f3627e42ae13a6f6ba0a83903dde1 at Wed 13:30:00 05/08/20
08-03 19:26:34.515 16671 16671 I SessionReminderNotifier: Created session reminder alarm for 79fe0b5c3b887a13ba29db5a33fa2800 at Thu 08:30:00 06/08/20
08-03 19:26:34.517 16671 16671 I SessionReminderNotifier: Created session reminder alarm for cb9dfc8231cdba2be0835dc5709690e1 at Thu 08:30:00 06/08/20
08-03 19:26:34.521 16671 16671 I SessionReminderNotifier: Created session reminder alarm for f850dc24d6de60b7b89fa9e1a8c224c5 at Thu 12:00:00 06/08/20
08-03 19:26:34.525 16671 16671 I SessionReminderNotifier: Created session reminder alarm for 2ba1034116e4fffdd592dbf0796a43d5 at Fri 08:30:00 07/08/20
08-03 19:26:34.525 16671 16671 I SettingsManager: Getting boolean: showHiddenSessions
08-03 19:26:34.526 16671 16671 D SessionListsFragment: 1 sessions for day 0
08-03 19:26:34.526 16671 16671 D SessionListsFragment: 6 sessions for day 1
08-03 19:26:34.526 16671 16671 D SessionListsFragment: 4 sessions for day 2
08-03 19:26:34.526 16671 16671 D SessionListsFragment: 3 sessions for day 3
08-03 19:26:34.526 16671 16671 D SessionListsFragment: 1 sessions for day 4
08-03 19:26:34.617 16671 16671 I SettingsManager: Getting boolean: showHiddenSessions
08-03 19:26:34.618 16671 16671 D SessionListsFragment: Refreshed ViewPager
08-03 19:26:34.618 16671 16671 I SettingsManager: Getting boolean: showHiddenSessions
08-03 19:26:34.618 16671 16671 I SettingsManager: Getting boolean: completedTutorial
08-03 19:26:34.618 16671 16671 I SettingsManager: Getting boolean: showHiddenSessions
08-03 19:26:34.618 16671 16671 I SettingsManager: Getting date: savedSessionsTime
08-03 19:26:34.625 16671 16671 I TermDatesFragment: Webview load %: 100
08-03 19:26:34.626 16671 16671 I TermDatesFragment: Webview load %: 100
08-03 19:26:34.740 16671 17047 I art     : Starting a blocking GC Explicit
08-03 19:26:34.826 14658 14658 I ServiceManager: Waiting for service AtCmdFwd...
08-03 19:26:34.854 16671 17047 I art     : Explicit concurrent mark sweep GC freed 78744(3MB) AllocSpace objects, 7(192KB) LOS objects, 30% free, 36MB/52MB, paused 1.735ms total 112.418ms
08-03 19:26:34.894 16671 17047 I art     : Starting a blocking GC Explicit
08-03 19:26:34.998 16671 17047 I art     : Explicit concurrent mark sweep GC freed 42181(1753KB) AllocSpace objects, 0(0B) LOS objects, 30% free, 36MB/52MB, paused 1.493ms total 103.162ms
08-03 19:26:35.032 16671 17047 I art     : Starting a blocking GC Explicit
08-03 19:26:35.130 16671 17047 I art     : Explicit concurrent mark sweep GC freed 38715(1602KB) AllocSpace objects, 0(0B) LOS objects, 30% free, 36MB/52MB, paused 1.693ms total 97.261ms
08-03 19:26:35.167 16671 17047 I art     : Starting a blocking GC Explicit
08-03 19:26:35.275 16671 17047 I art     : Explicit concurrent mark sweep GC freed 41040(1687KB) AllocSpace objects, 0(0B) LOS objects, 30% free, 37MB/53MB, paused 2.076ms total 108.477ms
08-03 19:26:35.312 16671 17047 I art     : Starting a blocking GC Explicit
08-03 19:26:35.425 16671 17047 I art     : Explicit concurrent mark sweep GC freed 37889(1570KB) AllocSpace objects, 0(0B) LOS objects, 29% free, 37MB/53MB, paused 1.841ms total 112.108ms
08-03 19:26:35.673 16671 16671 I Choreographer: Skipped 61 frames!  The application may be doing too much work on its main thread.
08-03 19:26:35.772 16671 16683 I art     : Starting a blocking GC Explicit
08-03 19:26:35.826 14658 14658 I ServiceManager: Waiting for service AtCmdFwd...
08-03 19:26:35.894 16671 16683 I art     : Explicit concurrent mark sweep GC freed 68428(2MB) AllocSpace objects, 1(20KB) LOS objects, 29% free, 37MB/53MB, paused 1.133ms total 121.834ms
08-03 19:26:35.934 16671 16683 I art     : Starting a blocking GC Explicit
08-03 19:26:36.001 16671 16683 I art     : Explicit concurrent mark sweep GC freed 123581(11MB) AllocSpace objects, 3(136KB) LOS objects, 37% free, 26MB/42MB, paused 894us total 66.459ms
08-03 19:26:36.024 16671 16683 I art     : Starting a blocking GC Explicit
08-03 19:26:36.073 16671 16683 I art     : Explicit concurrent mark sweep GC freed 3(96B) AllocSpace objects, 0(0B) LOS objects, 37% free, 26MB/42MB, paused 873us total 49.282ms
08-03 19:26:36.096 16671 16683 I art     : Starting a blocking GC Explicit
08-03 19:26:36.149 16671 16683 I art     : Explicit concurrent mark sweep GC freed 3(96B) AllocSpace objects, 0(0B) LOS objects, 37% free, 26MB/42MB, paused 901us total 51.877ms
08-03 19:26:36.174 16671 16683 I art     : Starting a blocking GC Explicit
08-03 19:26:36.227 16671 16683 I art     : Explicit concurrent mark sweep GC freed 32(1120B) AllocSpace objects, 0(0B) LOS objects, 37% free, 26MB/42MB, paused 748us total 52.952ms
08-03 19:26:36.587 16671 16683 I art     : Starting a blocking GC Explicit
08-03 19:26:36.650 16671 16683 I art     : Explicit concurrent mark sweep GC freed 1412(79KB) AllocSpace objects, 1(20KB) LOS objects, 37% free, 26MB/42MB, paused 855us total 62.726ms
08-03 19:26:36.676 16671 16683 I art     : Starting a blocking GC Explicit
08-03 19:26:36.728 16671 16683 I art     : Explicit concurrent mark sweep GC freed 18(624B) AllocSpace objects, 0(0B) LOS objects, 37% free, 26MB/42MB, paused 899us total 51.821ms
08-03 19:26:36.752 16671 16683 I art     : Starting a blocking GC Explicit
08-03 19:26:36.804 16671 16683 I art     : Explicit concurrent mark sweep GC freed 3(96B) AllocSpace objects, 0(0B) LOS objects, 37% free, 26MB/42MB, paused 669us total 51.550ms
08-03 19:26:36.827 14658 14658 W Atfwd_Sendcmd: AtCmdFwd service not published, waiting... retryCnt : 5
08-03 19:26:36.828 16671 16683 I art     : Starting a blocking GC Explicit
08-03 19:26:36.880 16671 16683 I art     : Explicit concurrent mark sweep GC freed 3(96B) AllocSpace objects, 0(0B) LOS objects, 37% free, 26MB/42MB, paused 959us total 52.025ms
08-03 19:26:36.904 16671 16683 I art     : Starting a blocking GC Explicit
08-03 19:26:36.959 16671 16683 I art     : Explicit concurrent mark sweep GC freed 3(96B) AllocSpace objects, 0(0B) LOS objects, 37% free, 26MB/42MB, paused 923us total 54.374ms
08-03 19:26:37.324 16671 16885 I art     : Starting a blocking GC Explicit
08-03 19:26:37.392 16671 16885 I art     : Explicit concurrent mark sweep GC freed 1316(76KB) AllocSpace objects, 1(20KB) LOS objects, 37% free, 26MB/42MB, paused 746us total 67ms
08-03 19:26:37.416 16671 16885 I art     : Starting a blocking GC Explicit
08-03 19:26:37.468 16671 16885 I art     : Explicit concurrent mark sweep GC freed 18(624B) AllocSpace objects, 0(0B) LOS objects, 37% free, 26MB/42MB, paused 609us total 51.370ms
08-03 19:26:37.491 16671 16885 I art     : Starting a blocking GC Explicit
08-03 19:26:37.543 16671 16885 I art     : Explicit concurrent mark sweep GC freed 3(96B) AllocSpace objects, 0(0B) LOS objects, 37% free, 26MB/42MB, paused 643us total 51.450ms
08-03 19:26:37.566 16671 16885 I art     : Starting a blocking GC Explicit
08-03 19:26:37.618 16671 16885 I art     : Explicit concurrent mark sweep GC freed 3(96B) AllocSpace objects, 0(0B) LOS objects, 37% free, 26MB/42MB, paused 916us total 51.349ms
08-03 19:26:37.642 16671 16885 I art     : Starting a blocking GC Explicit
08-03 19:26:37.693 16671 16885 I art     : Explicit concurrent mark sweep GC freed 3(96B) AllocSpace objects, 0(0B) LOS objects, 37% free, 26MB/42MB, paused 617us total 50.959ms
08-03 19:26:37.769   518   646 I ThermalEngine: ACTION: GPU - Setting GPU[0] to 450000000
08-03 19:26:38.063 16671 16684 I art     : Starting a blocking GC Explicit
08-03 19:26:38.120 16671 16684 I art     : Explicit concurrent mark sweep GC freed 1292(75KB) AllocSpace objects, 1(20KB) LOS objects, 37% free, 26MB/42MB, paused 537us total 56.537ms
08-03 19:26:38.138 16671 16684 I art     : Starting a blocking GC Explicit
08-03 19:26:38.184 16671 16684 I art     : Explicit concurrent mark sweep GC freed 18(624B) AllocSpace objects, 0(0B) LOS objects, 37% free, 26MB/42MB, paused 499us total 46.204ms
08-03 19:26:38.201 16671 16684 I art     : Starting a blocking GC Explicit
08-03 19:26:38.242 16671 16684 I art     : Explicit concurrent mark sweep GC freed 3(96B) AllocSpace objects, 0(0B) LOS objects, 37% free, 26MB/42MB, paused 463us total 40.438ms
08-03 19:26:38.257 16671 16684 I art     : Starting a blocking GC Explicit
08-03 19:26:38.297 16671 16684 I art     : Explicit concurrent mark sweep GC freed 3(96B) AllocSpace objects, 0(0B) LOS objects, 37% free, 26MB/42MB, paused 526us total 39.894ms
08-03 19:26:38.312 16671 16684 I art     : Starting a blocking GC Explicit
08-03 19:26:38.353 16671 16684 I art     : Explicit concurrent mark sweep GC freed 3(96B) AllocSpace objects, 0(0B) LOS objects, 37% free, 26MB/42MB, paused 498us total 40.660ms
08-03 19:26:38.690 16671 17047 I art     : Starting a blocking GC Explicit
08-03 19:26:38.742 16671 17047 I art     : Explicit concurrent mark sweep GC freed 1305(76KB) AllocSpace objects, 1(20KB) LOS objects, 37% free, 26MB/42MB, paused 572us total 51.377ms
08-03 19:26:38.758 17735 17735 D AndroidRuntime: >>>>>> START com.android.internal.os.RuntimeInit uid 2000 <<<<<<
08-03 19:26:38.759 16671 17047 I art     : Starting a blocking GC Explicit
08-03 19:26:38.763 17735 17735 D AndroidRuntime: CheckJNI is OFF
08-03 19:26:38.798 16671 17047 I art     : Explicit concurrent mark sweep GC freed 18(624B) AllocSpace objects, 0(0B) LOS objects, 37% free, 26MB/42MB, paused 543us total 39.621ms
08-03 19:26:38.807 17735 17735 D ICU     : No timezone override file found: /data/misc/zoneinfo/current/icu/icu_tzdata.dat
08-03 19:26:38.813 16671 17047 I art     : Starting a blocking GC Explicit
08-03 19:26:38.849 17735 17735 I Radio-JNI: register_android_hardware_Radio DONE
08-03 19:26:38.853 16671 17047 I art     : Explicit concurrent mark sweep GC freed 6(144B) AllocSpace objects, 0(0B) LOS objects, 37% free, 26MB/42MB, paused 466us total 38.966ms
08-03 19:26:38.868 16671 17047 I art     : Starting a blocking GC Explicit
08-03 19:26:38.878 17735 17735 D AndroidRuntime: Calling main entry com.android.commands.input.Input
08-03 19:26:38.881 17735 17735 I Input   : injectMotionEvent: MotionEvent { action=ACTION_DOWN, actionButton=0, id[0]=0, x[0]=81.0, y[0]=176.0, toolType[0]=TOOL_TYPE_UNKNOWN, buttonState=0, metaState=0, flags=0x0, edgeFlags=0x0, pointerCount=1, historySize=0, eventTime=646015293, downTime=646015293, deviceId=0, source=0x1002 }
08-03 19:26:38.889 17735 17735 I Input   : injectMotionEvent: MotionEvent { action=ACTION_UP, actionButton=0, id[0]=0, x[0]=81.0, y[0]=176.0, toolType[0]=TOOL_TYPE_UNKNOWN, buttonState=0, metaState=0, flags=0x0, edgeFlags=0x0, pointerCount=1, historySize=0, eventTime=646015293, downTime=646015293, deviceId=0, source=0x1002 }
08-03 19:26:38.891 17735 17735 D AndroidRuntime: Shutting down VM
08-03 19:26:38.902   512  2967 D audio_hw_primary: out_set_parameters: enter: usecase(1: low-latency-playback) kvpairs: routing=2
08-03 19:26:38.907 16671 17047 I art     : Explicit concurrent mark sweep GC freed 52(2192B) AllocSpace objects, 0(0B) LOS objects, 37% free, 26MB/42MB, paused 484us total 38.841ms
08-03 19:26:38.917   512  2967 D audio_hw_primary: select_devices: out_snd_device(2: speaker) in_snd_device(0: none)
08-03 19:26:38.917   512  2967 D msm8974_platform: platform_send_audio_calibration: sending audio calibration for snd_device(2) acdb_id(15)
08-03 19:26:38.917   512  2967 I soundtrigger: audio_extn_sound_trigger_update_device_status: device 0x2 of type 0 for Event 1
08-03 19:26:38.922 16671 17047 I art     : Starting a blocking GC Explicit
08-03 19:26:38.927   512  2967 D audio_hw_primary: enable_snd_device: snd_device(2: speaker)
08-03 19:26:38.929   512  2967 D audio_hw_primary: enable_audio_route: apply and update mixer path: low-latency-playback speaker
08-03 19:26:38.937 13866 13866 I GoogleInputMethodServic: GoogleInputMethodService.onFinishInput():3138 
08-03 19:26:38.938 13866 13866 I GoogleInputMethodServic: GoogleInputMethodService.onStartInput():1808 
08-03 19:26:38.960 16671 17047 I art     : Explicit concurrent mark sweep GC freed 184(6KB) AllocSpace objects, 0(0B) LOS objects, 37% free, 26MB/42MB, paused 473us total 38.216ms
08-03 19:26:39.258 16671 16684 I art     : Starting a blocking GC Explicit
08-03 19:26:39.305 16671 16684 I art     : Explicit concurrent mark sweep GC freed 1699(99KB) AllocSpace objects, 1(20KB) LOS objects, 37% free, 26MB/42MB, paused 487us total 46.352ms
08-03 19:26:39.323 16671 16684 I art     : Starting a blocking GC Explicit
08-03 19:26:39.366 16671 16684 I art     : Explicit concurrent mark sweep GC freed 31(1232B) AllocSpace objects, 0(0B) LOS objects, 37% free, 26MB/42MB, paused 485us total 42.760ms
08-03 19:26:39.384 16671 16684 I art     : Starting a blocking GC Explicit
08-03 19:26:39.425 16671 16684 I art     : Explicit concurrent mark sweep GC freed 5(160B) AllocSpace objects, 0(0B) LOS objects, 37% free, 26MB/42MB, paused 473us total 40.656ms
08-03 19:26:39.440 16671 16684 I art     : Starting a blocking GC Explicit
08-03 19:26:39.479   512  2967 D audio_hw_primary: disable_audio_route: reset and update mixer path: low-latency-playback speaker
08-03 19:26:39.479 16671 16684 I art     : Explicit concurrent mark sweep GC freed 3(96B) AllocSpace objects, 0(0B) LOS objects, 37% free, 26MB/42MB, paused 490us total 39.619ms
08-03 19:26:39.480   512  2967 D audio_hw_primary: disable_snd_device: snd_device(2: speaker)
08-03 19:26:39.488   512  2967 I soundtrigger: audio_extn_sound_trigger_update_device_status: device 0x2 of type 0 for Event 0
08-03 19:26:39.494 16671 16684 I art     : Starting a blocking GC Explicit
08-03 19:26:39.536 16671 16684 I art     : Explicit concurrent mark sweep GC freed 5(160B) AllocSpace objects, 0(0B) LOS objects, 37% free, 26MB/42MB, paused 483us total 40.968ms
08-03 19:26:39.848 16671 16885 I art     : Starting a blocking GC Explicit
08-03 19:26:39.903 16671 16885 I art     : Explicit concurrent mark sweep GC freed 1292(75KB) AllocSpace objects, 1(20KB) LOS objects, 37% free, 26MB/42MB, paused 519us total 54.434ms
08-03 19:26:39.922 16671 16885 I art     : Starting a blocking GC Explicit
08-03 19:26:39.967 16671 16885 I art     : Explicit concurrent mark sweep GC freed 38(1376B) AllocSpace objects, 0(0B) LOS objects, 37% free, 26MB/42MB, paused 495us total 44.739ms
08-03 19:26:39.983 16671 16885 I art     : Starting a blocking GC Explicit
08-03 19:26:40.025 16671 16885 I art     : Explicit concurrent mark sweep GC freed 3(96B) AllocSpace objects, 0(0B) LOS objects, 37% free, 26MB/42MB, paused 491us total 41.759ms
08-03 19:26:40.040 16671 16885 I art     : Starting a blocking GC Explicit
08-03 19:26:40.083 16671 16885 I art     : Explicit concurrent mark sweep GC freed 3(96B) AllocSpace objects, 0(0B) LOS objects, 37% free, 26MB/42MB, paused 494us total 42.219ms
08-03 19:26:40.099 16671 16885 I art     : Starting a blocking GC Explicit
08-03 19:26:40.140 16671 16885 I art     : Explicit concurrent mark sweep GC freed 3(96B) AllocSpace objects, 0(0B) LOS objects, 37% free, 26MB/42MB, paused 484us total 41.198ms
08-03 19:26:40.450 16671 16683 I art     : Starting a blocking GC Explicit
08-03 19:26:40.501 16671 16683 I art     : Explicit concurrent mark sweep GC freed 1292(75KB) AllocSpace objects, 1(20KB) LOS objects, 37% free, 26MB/42MB, paused 519us total 50.918ms
08-03 19:26:40.519 16671 16683 I art     : Starting a blocking GC Explicit
08-03 19:26:40.561 16671 16683 I art     : Explicit concurrent mark sweep GC freed 20(688B) AllocSpace objects, 0(0B) LOS objects, 37% free, 26MB/42MB, paused 487us total 41.470ms
08-03 19:26:40.576 16671 16683 I art     : Starting a blocking GC Explicit
08-03 19:26:40.614 16671 16683 I art     : Explicit concurrent mark sweep GC freed 9(288B) AllocSpace objects, 0(0B) LOS objects, 37% free, 26MB/42MB, paused 472us total 37.569ms
08-03 19:26:40.629 16671 16683 I art     : Starting a blocking GC Explicit
08-03 19:26:40.667 16671 16683 I art     : Explicit concurrent mark sweep GC freed 10(320B) AllocSpace objects, 0(0B) LOS objects, 37% free, 26MB/42MB, paused 471us total 37.551ms
08-03 19:26:40.668 17779 17779 D AndroidRuntime: >>>>>> START com.android.internal.os.RuntimeInit uid 2000 <<<<<<
08-03 19:26:40.674 17779 17779 D AndroidRuntime: CheckJNI is OFF
08-03 19:26:40.682 16671 16683 I art     : Starting a blocking GC Explicit
08-03 19:26:40.716 17779 17779 D ICU     : No timezone override file found: /data/misc/zoneinfo/current/icu/icu_tzdata.dat
08-03 19:26:40.720 16671 16683 I art     : Explicit concurrent mark sweep GC freed 10(320B) AllocSpace objects, 0(0B) LOS objects, 37% free, 26MB/42MB, paused 456us total 38.424ms
08-03 19:26:40.772 17779 17779 I Radio-JNI: register_android_hardware_Radio DONE
08-03 19:26:40.802 17779 17779 D AndroidRuntime: Calling main entry com.android.commands.input.Input
08-03 19:26:40.804 17779 17779 I Input   : injectMotionEvent: MotionEvent { action=ACTION_DOWN, actionButton=0, id[0]=0, x[0]=436.0, y[0]=1770.0, toolType[0]=TOOL_TYPE_UNKNOWN, buttonState=0, metaState=0, flags=0x0, edgeFlags=0x0, pointerCount=1, historySize=0, eventTime=646017217, downTime=646017217, deviceId=0, source=0x1002 }
08-03 19:26:40.810 17779 17779 I Input   : injectMotionEvent: MotionEvent { action=ACTION_UP, actionButton=0, id[0]=0, x[0]=436.0, y[0]=1770.0, toolType[0]=TOOL_TYPE_UNKNOWN, buttonState=0, metaState=0, flags=0x0, edgeFlags=0x0, pointerCount=1, historySize=0, eventTime=646017217, downTime=646017217, deviceId=0, source=0x1002 }
08-03 19:26:40.812 17779 17779 D AndroidRuntime: Shutting down VM
08-03 19:26:40.817 16671 16671 D MainActivity: NavigationItemSelected: Courses
08-03 19:26:40.819   512  2967 D audio_hw_primary: out_set_parameters: enter: usecase(1: low-latency-playback) kvpairs: routing=2
08-03 19:26:40.821   918  3359 I ActivityManager: START u0 {cmp=baseline.com.ak.uobtimetable/.CourseListActivity} from uid 10641 on display 0
08-03 19:26:40.830 16671 16671 D MainActivity: OnPause
08-03 19:26:40.832   512  2967 D audio_hw_primary: select_devices: out_snd_device(2: speaker) in_snd_device(0: none)
08-03 19:26:40.832   512  2967 D msm8974_platform: platform_send_audio_calibration: sending audio calibration for snd_device(2) acdb_id(15)
08-03 19:26:40.833   512  2967 I soundtrigger: audio_extn_sound_trigger_update_device_status: device 0x2 of type 0 for Event 1
08-03 19:26:40.850   512  2967 D audio_hw_primary: enable_snd_device: snd_device(2: speaker)
08-03 19:26:40.853   512  2967 D audio_hw_primary: enable_audio_route: apply and update mixer path: low-latency-playback speaker
08-03 19:26:40.883 16671 16671 D CourseListActivity: onCreate
08-03 19:26:40.885 16671 17806 D HTTP    : Request for: https://uob-timetable-api.adriankeenan.co.uk/courses
08-03 19:26:40.918   918  3188 I hubconnection: sensorhub said: 'set_bias 3: -6.2400, 0.0000, 0.0000'
08-03 19:26:40.948   918   936 I ActivityManager: Displayed baseline.com.ak.uobtimetable/.CourseListActivity: +117ms
08-03 19:26:40.949 13866 13866 I GoogleInputMethodServic: GoogleInputMethodService.onFinishInput():3138 
08-03 19:26:40.950 13866 13866 I GoogleInputMethodServic: GoogleInputMethodService.onStartInput():1808 
08-03 19:26:41.018 16671 16683 I art     : Starting a blocking GC Explicit
08-03 19:26:41.061 16671 16683 I art     : Explicit concurrent mark sweep GC freed 4000(221KB) AllocSpace objects, 1(20KB) LOS objects, 37% free, 26MB/42MB, paused 546us total 42.169ms
08-03 19:26:41.078 16671 16683 I art     : Starting a blocking GC Explicit
08-03 19:26:41.127 16671 16683 I art     : Explicit concurrent mark sweep GC freed 2970(162KB) AllocSpace objects, 3(200KB) LOS objects, 37% free, 26MB/42MB, paused 668us total 48.740ms
08-03 19:26:41.145 16671 16683 I art     : Starting a blocking GC Explicit
08-03 19:26:41.159 16671 17806 I NAPPA_EXPERIMENTATION: MetricNetworkRequestExecutionTime: REQUEST_DURATION_SYSTEM='273',REQUEST_DURATION_OKHTTP='35',REQUEST_SYNCHRONOUS='TRUE',RESPONSE_CODE='200',RESPONSE_METHOD='GET',RESPONSE_LENGTH_OKHTTP='-1',RESPONSE_LENGTH_HEADER='-2',REQUEST_PROTOCOL='http/1.1',REQUEST_URL='https://uob-timetable-api.adriankeenan.co.uk/courses',
08-03 19:26:41.192 16671 16683 I art     : Explicit concurrent mark sweep GC freed 1105(131KB) AllocSpace objects, 0(0B) LOS objects, 36% free, 27MB/43MB, paused 550us total 46.848ms
08-03 19:26:41.210 16671 16683 I art     : Starting a blocking GC Explicit
08-03 19:26:41.249 16671 16683 I art     : Explicit concurrent mark sweep GC freed 79(3KB) AllocSpace objects, 0(0B) LOS objects, 33% free, 31MB/47MB, paused 547us total 39.497ms
08-03 19:26:41.264 16671 16683 I art     : Starting a blocking GC Explicit
08-03 19:26:41.301 16671 16683 I art     : Explicit concurrent mark sweep GC freed 15(384B) AllocSpace objects, 0(0B) LOS objects, 31% free, 34MB/50MB, paused 515us total 37.253ms
08-03 19:26:41.334 16671 16671 D MainActivity: Saving state
08-03 19:26:41.334 16671 16671 D MainActivity: Saving current fragment: SessionListsFragment
08-03 19:26:41.334 16671 16671 D MainActivity: Saving current index: 1
08-03 19:26:41.336 16671 16671 D SessionListsFragment: Saving state
08-03 19:26:41.390   512  2967 D audio_hw_primary: disable_audio_route: reset and update mixer path: low-latency-playback speaker
08-03 19:26:41.391   512  2967 D audio_hw_primary: disable_snd_device: snd_device(2: speaker)
08-03 19:26:41.398   512  2967 I soundtrigger: audio_extn_sound_trigger_update_device_status: device 0x2 of type 0 for Event 0
08-03 19:26:41.593 16671 17806 I HTTP    : Response was compressed.
08-03 19:26:41.602 16671 17047 I art     : Starting a blocking GC Explicit
08-03 19:26:41.655 16671 17047 I art     : Explicit concurrent mark sweep GC freed 24571(1141KB) AllocSpace objects, 2(22MB) LOS objects, 27% free, 41MB/57MB, paused 858us total 52.402ms
08-03 19:26:41.670 16671 17047 I art     : Starting a blocking GC Explicit
08-03 19:26:41.714 16671 17047 I art     : Explicit concurrent mark sweep GC freed 31571(1483KB) AllocSpace objects, 0(0B) LOS objects, 27% free, 41MB/57MB, paused 844us total 44.114ms
08-03 19:26:41.729 16671 17047 I art     : Starting a blocking GC Explicit
08-03 19:26:41.775 16671 17047 I art     : Explicit concurrent mark sweep GC freed 29230(1386KB) AllocSpace objects, 0(0B) LOS objects, 27% free, 42MB/58MB, paused 857us total 46.073ms
08-03 19:26:41.791 16671 17047 I art     : Starting a blocking GC Explicit
08-03 19:26:41.837 16671 17047 I art     : Explicit concurrent mark sweep GC freed 29501(1390KB) AllocSpace objects, 0(0B) LOS objects, 27% free, 42MB/58MB, paused 847us total 46.203ms
08-03 19:26:41.853 16671 17047 I art     : Starting a blocking GC Explicit
08-03 19:26:41.899 16671 17047 I art     : Explicit concurrent mark sweep GC freed 29355(1379KB) AllocSpace objects, 0(0B) LOS objects, 27% free, 42MB/58MB, paused 910us total 46.471ms
08-03 19:26:42.211 16671 16683 I art     : Starting a blocking GC Explicit
08-03 19:26:42.278 16671 16683 I art     : Explicit concurrent mark sweep GC freed 171790(7MB) AllocSpace objects, 1(20KB) LOS objects, 26% free, 44MB/60MB, paused 820us total 66.319ms
08-03 19:26:42.297 16671 16683 I art     : Starting a blocking GC Explicit
08-03 19:26:42.346 16671 16683 I art     : Explicit concurrent mark sweep GC freed 38632(1825KB) AllocSpace objects, 0(0B) LOS objects, 26% free, 44MB/60MB, paused 912us total 49.482ms
08-03 19:26:42.364 16671 16683 I art     : Starting a blocking GC Explicit
08-03 19:26:42.414 16671 16683 I art     : Explicit concurrent mark sweep GC freed 32541(1539KB) AllocSpace objects, 0(0B) LOS objects, 26% free, 44MB/60MB, paused 1.034ms total 49.644ms
08-03 19:26:42.430 16671 16683 I art     : Starting a blocking GC Explicit
08-03 19:26:42.481 16671 16683 I art     : Explicit concurrent mark sweep GC freed 32214(1509KB) AllocSpace objects, 0(0B) LOS objects, 26% free, 44MB/60MB, paused 1.042ms total 50.364ms
08-03 19:26:42.497 16671 16683 I art     : Starting a blocking GC Explicit
08-03 19:26:42.549 16671 16683 I art     : Explicit concurrent mark sweep GC freed 32737(1559KB) AllocSpace objects, 0(0B) LOS objects, 26% free, 44MB/60MB, paused 1.011ms total 51.652ms
08-03 19:26:42.775   518   646 I ThermalEngine: ACTION: GPU - Setting GPU[0] to 390000000
08-03 19:26:42.854 16671 17047 I art     : Starting a blocking GC Explicit
08-03 19:26:42.925 16671 17047 I art     : Explicit concurrent mark sweep GC freed 175439(8MB) AllocSpace objects, 1(20KB) LOS objects, 25% free, 46MB/62MB, paused 892us total 70.141ms
08-03 19:26:42.944 16671 17047 I art     : Starting a blocking GC Explicit
08-03 19:26:43.003 16671 17047 I art     : Explicit concurrent mark sweep GC freed 42901(2043KB) AllocSpace objects, 0(0B) LOS objects, 25% free, 46MB/62MB, paused 1.188ms total 58.794ms
08-03 19:26:43.021 16671 17047 I art     : Starting a blocking GC Explicit
08-03 19:26:43.080 16671 17047 I art     : Explicit concurrent mark sweep GC freed 36431(1714KB) AllocSpace objects, 0(0B) LOS objects, 25% free, 46MB/62MB, paused 1.192ms total 59.068ms
08-03 19:26:43.099 16671 17047 I art     : Starting a blocking GC Explicit
08-03 19:26:43.160 16671 17047 I art     : Explicit concurrent mark sweep GC freed 36849(1729KB) AllocSpace objects, 0(0B) LOS objects, 25% free, 47MB/63MB, paused 1.418ms total 60.557ms
08-03 19:26:43.160 16671 16682 I art     : WaitForGcToComplete blocked for 40.011ms for cause HeapTrim
08-03 19:26:43.179 16671 17047 I art     : Starting a blocking GC Explicit
08-03 19:26:43.240 16671 17047 I art     : Explicit concurrent mark sweep GC freed 37535(1757KB) AllocSpace objects, 0(0B) LOS objects, 25% free, 47MB/63MB, paused 1.310ms total 61.040ms
08-03 19:26:43.567 16671 17047 I art     : Starting a blocking GC Explicit
08-03 19:26:43.574  5179  5194 D QcrilMsgTunnelSocket: readRilMessage: Buffer = [B@671e81d HexData = [010000000404000011000000514f454d484f4f4bef0308000100000003]
08-03 19:26:43.574  5179  5194 D QcrilMsgTunnelSocket: Rcvd UNSOL response with 28 bytes data for SUB0
08-03 19:26:43.575  5179  5194 D QcrilMsgTunnelSocket: Response ID 525295 is not served in this process.
08-03 19:26:43.575  5179  5194 D QcrilMsgTunnelSocket: To broadcast an Intent via the notifier to external apps
08-03 19:26:43.575  5179  5179 D QcrilMsgTunnelIfaceManager: handleMessage what = 0
08-03 19:26:43.575  5179  5179 D QcrilMsgTunnelIfaceManager: Broadcasting intent ACTION_UNSOL_RESPONSE_OEM_HOOK_RAW
08-03 19:26:43.576  5164  5164 D QC_RIL_OEM_HOOK: Received Broadcast Intent ACTION_UNSOL_RESPONSE_OEM_HOOK_RAW
08-03 19:26:43.577  5164  5164 D QC_RIL_OEM_HOOK: Oem ID in QCRILHOOK UNSOL RESP is QOEMHOOK
08-03 19:26:43.650 16671 17047 I art     : Explicit concurrent mark sweep GC freed 183815(8MB) AllocSpace objects, 1(20KB) LOS objects, 24% free, 49MB/65MB, paused 1.069ms total 82.773ms
08-03 19:26:43.672 16671 17047 I art     : Starting a blocking GC Explicit
08-03 19:26:43.738 16671 17047 I art     : Explicit concurrent mark sweep GC freed 46723(2MB) AllocSpace objects, 0(0B) LOS objects, 24% free, 49MB/65MB, paused 1.359ms total 66.560ms
08-03 19:26:43.758 16671 17047 I art     : Starting a blocking GC Explicit
08-03 19:26:43.855 16671 17047 I art     : Explicit concurrent mark sweep GC freed 50497(2MB) AllocSpace objects, 0(0B) LOS objects, 24% free, 49MB/65MB, paused 2.057ms total 96.072ms
08-03 19:26:43.892 16671 17047 I art     : Starting a blocking GC Explicit
08-03 19:26:43.993 16671 17047 I art     : Explicit concurrent mark sweep GC freed 61437(2MB) AllocSpace objects, 0(0B) LOS objects, 24% free, 49MB/65MB, paused 1.966ms total 100.506ms
08-03 19:26:44.029 16671 17047 I art     : Starting a blocking GC Explicit
08-03 19:26:44.133 16671 17047 I art     : Explicit concurrent mark sweep GC freed 63027(2MB) AllocSpace objects, 0(0B) LOS objects, 24% free, 50MB/66MB, paused 2.366ms total 103.670ms
08-03 19:26:44.479 16671 17047 I art     : Starting a blocking GC Explicit
08-03 19:26:44.627 16671 17047 I art     : Explicit concurrent mark sweep GC freed 211084(9MB) AllocSpace objects, 1(20KB) LOS objects, 23% free, 52MB/68MB, paused 1.945ms total 148.264ms
08-03 19:26:44.670 16671 17047 I art     : Starting a blocking GC Explicit
08-03 19:26:44.780 16671 17047 I art     : Explicit concurrent mark sweep GC freed 80968(3MB) AllocSpace objects, 0(0B) LOS objects, 23% free, 52MB/68MB, paused 2.253ms total 110.575ms
08-03 19:26:44.805 16671 17806 I Service : getCourses response time: 0.69
08-03 19:26:44.818 16671 16671 I SettingsManager: Getting string: savedCourse
08-03 19:26:44.820 16671 17047 I art     : Starting a blocking GC Explicit
08-03 19:26:44.928 16671 17047 I art     : Explicit concurrent mark sweep GC freed 18915(938KB) AllocSpace objects, 1(14MB) LOS objects, 29% free, 37MB/53MB, paused 1.476ms total 107.462ms
08-03 19:26:44.969 16671 17047 I art     : Starting a blocking GC Explicit
08-03 19:26:45.072 16671 17047 I art     : Explicit concurrent mark sweep GC freed 865(37KB) AllocSpace objects, 0(0B) LOS objects, 29% free, 37MB/53MB, paused 989us total 103.357ms
08-03 19:26:45.114 16671 17047 I art     : Starting a blocking GC Explicit
08-03 19:26:45.234 16671 17047 I art     : Explicit concurrent mark sweep GC freed 696(64KB) AllocSpace objects, 0(0B) LOS objects, 29% free, 37MB/53MB, paused 768us total 119.826ms
08-03 19:26:45.502 16671 16684 I art     : Starting a blocking GC Explicit
08-03 19:26:45.636 16671 16684 I art     : Explicit concurrent mark sweep GC freed 1294(75KB) AllocSpace objects, 1(20KB) LOS objects, 29% free, 37MB/53MB, paused 785us total 133.463ms
08-03 19:26:45.681 16671 16684 I art     : Starting a blocking GC Explicit
08-03 19:26:45.801 16671 16684 I art     : Explicit concurrent mark sweep GC freed 18(624B) AllocSpace objects, 0(0B) LOS objects, 29% free, 37MB/53MB, paused 1.090ms total 119.605ms
08-03 19:26:45.843 16671 16684 I art     : Starting a blocking GC Explicit
08-03 19:26:45.953 16671 16684 I art     : Explicit concurrent mark sweep GC freed 3(96B) AllocSpace objects, 0(0B) LOS objects, 29% free, 37MB/53MB, paused 694us total 108.739ms
08-03 19:26:45.994 16671 16684 I art     : Starting a blocking GC Explicit
08-03 19:26:46.115 16671 16684 I art     : Explicit concurrent mark sweep GC freed 3(96B) AllocSpace objects, 0(0B) LOS objects, 29% free, 37MB/53MB, paused 779us total 120.680ms
08-03 19:26:46.161 16671 16684 I art     : Starting a blocking GC Explicit
08-03 19:26:46.279 16671 16684 I art     : Explicit concurrent mark sweep GC freed 3(96B) AllocSpace objects, 0(0B) LOS objects, 29% free, 37MB/53MB, paused 773us total 116.640ms
08-03 19:26:46.531 16671 16885 I art     : Starting a blocking GC Explicit
08-03 19:26:46.653 16671 16885 I art     : Explicit concurrent mark sweep GC freed 1295(75KB) AllocSpace objects, 1(20KB) LOS objects, 29% free, 37MB/53MB, paused 885us total 121.294ms
08-03 19:26:46.706 16671 16885 I art     : Starting a blocking GC Explicit
08-03 19:26:46.785   518   646 I ThermalEngine: ACTION: GPU - Setting GPU[0] to 450000000
08-03 19:26:46.807 16671 16885 I art     : Explicit concurrent mark sweep GC freed 18(624B) AllocSpace objects, 0(0B) LOS objects, 29% free, 37MB/53MB, paused 532us total 100.554ms
08-03 19:26:46.831 16671 16885 I art     : Starting a blocking GC Explicit
08-03 19:26:46.905 16671 16885 I art     : Explicit concurrent mark sweep GC freed 3(96B) AllocSpace objects, 0(0B) LOS objects, 29% free, 37MB/53MB, paused 541us total 73.547ms
08-03 19:26:46.929 16671 16885 I art     : Starting a blocking GC Explicit
08-03 19:26:47.013 16671 16885 I art     : Explicit concurrent mark sweep GC freed 3(96B) AllocSpace objects, 0(0B) LOS objects, 29% free, 37MB/53MB, paused 553us total 82.955ms
08-03 19:26:47.038 16671 16885 I art     : Starting a blocking GC Explicit
08-03 19:26:47.111 16671 16885 I art     : Explicit concurrent mark sweep GC freed 3(96B) AllocSpace objects, 0(0B) LOS objects, 29% free, 37MB/53MB, paused 487us total 72.961ms
08-03 19:26:47.421 16671 17047 I art     : Starting a blocking GC Explicit
08-03 19:26:47.510 16671 17047 I art     : Explicit concurrent mark sweep GC freed 1292(75KB) AllocSpace objects, 1(20KB) LOS objects, 29% free, 37MB/53MB, paused 543us total 88.289ms
08-03 19:26:47.534 16671 17047 I art     : Starting a blocking GC Explicit
08-03 19:26:47.610 16671 17047 I art     : Explicit concurrent mark sweep GC freed 18(624B) AllocSpace objects, 0(0B) LOS objects, 29% free, 37MB/53MB, paused 539us total 75.814ms
08-03 19:26:47.628 17895 17895 D AndroidRuntime: >>>>>> START com.android.internal.os.RuntimeInit uid 2000 <<<<<<
08-03 19:26:47.634 17895 17895 D AndroidRuntime: CheckJNI is OFF
08-03 19:26:47.636 16671 17047 I art     : Starting a blocking GC Explicit
08-03 19:26:47.679 17895 17895 D ICU     : No timezone override file found: /data/misc/zoneinfo/current/icu/icu_tzdata.dat
08-03 19:26:47.713 16671 17047 I art     : Explicit concurrent mark sweep GC freed 3(96B) AllocSpace objects, 0(0B) LOS objects, 29% free, 37MB/53MB, paused 568us total 76.730ms
08-03 19:26:47.723 17895 17895 I Radio-JNI: register_android_hardware_Radio DONE
08-03 19:26:47.737 16671 17047 I art     : Starting a blocking GC Explicit
08-03 19:26:47.754 17895 17895 D AndroidRuntime: Calling main entry com.android.commands.input.Input
08-03 19:26:47.756 17895 17895 I Input   : injectMotionEvent: MotionEvent { action=ACTION_DOWN, actionButton=0, id[0]=0, x[0]=648.0, y[0]=709.0, toolType[0]=TOOL_TYPE_UNKNOWN, buttonState=0, metaState=0, flags=0x0, edgeFlags=0x0, pointerCount=1, historySize=0, eventTime=646024169, downTime=646024169, deviceId=0, source=0x1002 }
08-03 19:26:47.765 17895 17895 I Input   : injectMotionEvent: MotionEvent { action=ACTION_UP, actionButton=0, id[0]=0, x[0]=648.0, y[0]=709.0, toolType[0]=TOOL_TYPE_UNKNOWN, buttonState=0, metaState=0, flags=0x0, edgeFlags=0x0, pointerCount=1, historySize=0, eventTime=646024169, downTime=646024169, deviceId=0, source=0x1002 }
08-03 19:26:47.767 17895 17895 D AndroidRuntime: Shutting down VM
08-03 19:26:47.814 16671 17047 I art     : Explicit concurrent mark sweep GC freed 20(960B) AllocSpace objects, 0(0B) LOS objects, 29% free, 37MB/53MB, paused 552us total 76.491ms
08-03 19:26:47.833   512  2967 D audio_hw_primary: out_set_parameters: enter: usecase(1: low-latency-playback) kvpairs: routing=2
08-03 19:26:47.839 16671 17047 I art     : Starting a blocking GC Explicit
08-03 19:26:47.846   512  2967 D audio_hw_primary: select_devices: out_snd_device(2: speaker) in_snd_device(0: none)
08-03 19:26:47.846   512  2967 D msm8974_platform: platform_send_audio_calibration: sending audio calibration for snd_device(2) acdb_id(15)
08-03 19:26:47.847   512  2967 I soundtrigger: audio_extn_sound_trigger_update_device_status: device 0x2 of type 0 for Event 1
08-03 19:26:47.858   512  2967 D audio_hw_primary: enable_snd_device: snd_device(2: speaker)
08-03 19:26:47.860   512  2967 D audio_hw_primary: enable_audio_route: apply and update mixer path: low-latency-playback speaker
08-03 19:26:47.909 16671 17047 I art     : Explicit concurrent mark sweep GC freed 677(44KB) AllocSpace objects, 1(20KB) LOS objects, 29% free, 37MB/53MB, paused 843us total 69.831ms
08-03 19:26:48.236 16671 16684 I art     : Starting a blocking GC Explicit
08-03 19:26:48.330 16671 16684 I art     : Explicit concurrent mark sweep GC freed 1472(92KB) AllocSpace objects, 1(20KB) LOS objects, 29% free, 37MB/53MB, paused 479us total 93.166ms
08-03 19:26:48.330 16671 16682 I art     : WaitForGcToComplete blocked for 89.831ms for cause HeapTrim
08-03 19:26:48.360 16671 16684 I art     : Starting a blocking GC Explicit
08-03 19:26:48.399   512  2967 D audio_hw_primary: disable_audio_route: reset and update mixer path: low-latency-playback speaker
08-03 19:26:48.400   512  2967 D audio_hw_primary: disable_snd_device: snd_device(2: speaker)
08-03 19:26:48.410   512  2967 I soundtrigger: audio_extn_sound_trigger_update_device_status: device 0x2 of type 0 for Event 0
08-03 19:26:48.449 16671 16684 I art     : Explicit concurrent mark sweep GC freed 51(2128B) AllocSpace objects, 0(0B) LOS objects, 29% free, 37MB/53MB, paused 519us total 88.576ms
08-03 19:26:48.478 16671 16684 I art     : Starting a blocking GC Explicit
08-03 19:26:48.557 16671 16684 I art     : Explicit concurrent mark sweep GC freed 3(96B) AllocSpace objects, 0(0B) LOS objects, 29% free, 37MB/53MB, paused 568us total 78.237ms
08-03 19:26:48.586 16671 16684 I art     : Starting a blocking GC Explicit
08-03 19:26:48.675 16671 16684 I art     : Explicit concurrent mark sweep GC freed 5(160B) AllocSpace objects, 0(0B) LOS objects, 29% free, 37MB/53MB, paused 541us total 88.015ms
08-03 19:26:48.699 16671 16684 I art     : Starting a blocking GC Explicit
08-03 19:26:48.772 16671 16684 I art     : Explicit concurrent mark sweep GC freed 5(160B) AllocSpace objects, 0(0B) LOS objects, 29% free, 37MB/53MB, paused 533us total 72.341ms
08-03 19:26:49.105 16671 17047 I art     : Starting a blocking GC Explicit
08-03 19:26:49.194 16671 17047 I art     : Explicit concurrent mark sweep GC freed 1292(75KB) AllocSpace objects, 1(20KB) LOS objects, 29% free, 37MB/53MB, paused 521us total 88.673ms
08-03 19:26:49.219 16671 17047 I art     : Starting a blocking GC Explicit
08-03 19:26:49.293 16671 17047 I art     : Explicit concurrent mark sweep GC freed 18(624B) AllocSpace objects, 0(0B) LOS objects, 29% free, 37MB/53MB, paused 514us total 73.870ms
08-03 19:26:49.317 16671 17047 I art     : Starting a blocking GC Explicit
08-03 19:26:49.392 16671 17047 I art     : Explicit concurrent mark sweep GC freed 3(96B) AllocSpace objects, 0(0B) LOS objects, 29% free, 37MB/53MB, paused 528us total 74.507ms
08-03 19:26:49.416 16671 17047 I art     : Starting a blocking GC Explicit
08-03 19:26:49.496 16671 17047 I art     : Explicit concurrent mark sweep GC freed 7(224B) AllocSpace objects, 0(0B) LOS objects, 29% free, 37MB/53MB, paused 513us total 79.419ms
08-03 19:26:49.526 16671 17047 I art     : Starting a blocking GC Explicit
08-03 19:26:49.580 17934 17934 D AndroidRuntime: >>>>>> START com.android.internal.os.RuntimeInit uid 2000 <<<<<<
08-03 19:26:49.586 17934 17934 D AndroidRuntime: CheckJNI is OFF
08-03 19:26:49.612 16671 17047 I art     : Explicit concurrent mark sweep GC freed 15(480B) AllocSpace objects, 0(0B) LOS objects, 29% free, 37MB/53MB, paused 780us total 85.633ms
08-03 19:26:49.644 17934 17934 D ICU     : No timezone override file found: /data/misc/zoneinfo/current/icu/icu_tzdata.dat
08-03 19:26:49.685 17934 17934 I Radio-JNI: register_android_hardware_Radio DONE
08-03 19:26:49.715 17934 17934 D AndroidRuntime: Calling main entry com.android.commands.input.Input
08-03 19:26:49.717 17934 17934 I Input   : injectMotionEvent: MotionEvent { action=ACTION_DOWN, actionButton=0, id[0]=0, x[0]=1197.0, y[0]=1456.0, toolType[0]=TOOL_TYPE_UNKNOWN, buttonState=0, metaState=0, flags=0x0, edgeFlags=0x0, pointerCount=1, historySize=0, eventTime=646026130, downTime=646026130, deviceId=0, source=0x1002 }
08-03 19:26:49.724 17934 17934 I Input   : injectMotionEvent: MotionEvent { action=ACTION_UP, actionButton=0, id[0]=0, x[0]=1197.0, y[0]=1456.0, toolType[0]=TOOL_TYPE_UNKNOWN, buttonState=0, metaState=0, flags=0x0, edgeFlags=0x0, pointerCount=1, historySize=0, eventTime=646026130, downTime=646026130, deviceId=0, source=0x1002 }
08-03 19:26:49.725 17934 17934 D AndroidRuntime: Shutting down VM
08-03 19:26:49.732   512  2967 D audio_hw_primary: out_set_parameters: enter: usecase(1: low-latency-playback) kvpairs: routing=2
08-03 19:26:49.746   512  2967 D audio_hw_primary: select_devices: out_snd_device(2: speaker) in_snd_device(0: none)
08-03 19:26:49.746   512  2967 D msm8974_platform: platform_send_audio_calibration: sending audio calibration for snd_device(2) acdb_id(15)
08-03 19:26:49.746   512  2967 I soundtrigger: audio_extn_sound_trigger_update_device_status: device 0x2 of type 0 for Event 1
08-03 19:26:49.753 16671 16671 I SettingsManager: Setting string: savedCourse
08-03 19:26:49.754   918  3696 W BackupManagerService: dataChanged but no participant pkg='baseline.com.ak.uobtimetable' uid=10641
08-03 19:26:49.755   918   928 I ActivityManager: START u0 {flg=0x4000000 cmp=baseline.com.ak.uobtimetable/.MainActivity (has extras)} from uid 10641 on display 0
08-03 19:26:49.759   512  2967 D audio_hw_primary: enable_snd_device: snd_device(2: speaker)
08-03 19:26:49.762   512  2967 D audio_hw_primary: enable_audio_route: apply and update mixer path: low-latency-playback speaker
08-03 19:26:49.776   918  3670 W InputMethodManagerService: Focus gain on non-focused client com.android.internal.view.IInputMethodClient$Stub$Proxy@469753a (uid=10641 pid=16671)
08-03 19:26:49.791 16671 16671 D MainActivity: OnDestroy
08-03 19:26:49.816 16671 16671 D MainActivity: onCreate
08-03 19:26:49.817 16671 16671 I SettingsManager: Getting string: savedSessions
08-03 19:26:49.817 16671 16671 I SettingsManager: Getting string: savedSessions
08-03 19:26:49.827 16671 16671 I SettingsManager: Getting string: savedSessionsCourseName
08-03 19:26:49.827 16671 16671 I SettingsManager: Getting string: savedSessionsCourseName
08-03 19:26:49.828 16671 16671 I SettingsManager: Getting string: savedSessionsDateRange
08-03 19:26:49.828 16671 16671 I SettingsManager: Getting string: savedSessionsDateRange
08-03 19:26:49.828 16671 16671 I Settings: 15 saved sessions - Artificial Intelligence and Robotics (with Foundation Year) - BSc (Hons) - Ltn - Y0 Feb FT - Weeks: 24-38 (8 Jun 2020-20 Sep 2020)
08-03 19:26:49.871 16671 16671 I SettingsManager: Getting string: savedCourse
08-03 19:26:49.873 16671 16671 D MainActivity: sessionListFragmentArg: updateSessions
08-03 19:26:49.873 16671 16671 D MainActivity: showTermDatesConfigChange: false
08-03 19:26:49.873 16671 16671 D MainActivity: showTermDatesShortcut: false
08-03 19:26:49.874 16671 16671 D MainActivity: Setting initial fragment: SessionListsFragment
08-03 19:26:49.875 16671 16671 I SettingsManager: Getting int: launchCount
08-03 19:26:49.876 16671 16671 D SessionListsFragment: onCreateView
08-03 19:26:49.883 16671 16671 I SettingsManager: Getting string: savedCourse
08-03 19:26:49.887 16671 16671 I SettingsManager: Getting string: savedSessions
08-03 19:26:49.898 16671 16671 D SessionListsFragment: loadArgument: updateSessions
08-03 19:26:49.898 16671 16671 D SessionListsFragment: initialIndex: -1
08-03 19:26:49.900 16671 17961 D HTTP    : Request for: https://uob-timetable-api.adriankeenan.co.uk/sessions?dept=CM010&course=BSAIFAAF%2F02AA%2F0%2FFT&level=Foundation+Year
08-03 19:26:49.916 16671 16671 D TermDatesFragment: WebView loaded
08-03 19:26:49.916 16671 16671 D MainActivity: OnResume
08-03 19:26:49.926 16671 16885 I art     : Starting a blocking GC Explicit
08-03 19:26:49.931 16671 16671 I TermDatesFragment: Webview load %: 10
08-03 19:26:50.011 16671 16885 I art     : Explicit concurrent mark sweep GC freed 22634(1063KB) AllocSpace objects, 3(1360KB) LOS objects, 29% free, 37MB/53MB, paused 1.098ms total 84.419ms
08-03 19:26:50.035 16671 16885 I art     : Starting a blocking GC Explicit
08-03 19:26:50.044 13866 13866 I GoogleInputMethodServic: GoogleInputMethodService.onFinishInput():3138 
08-03 19:26:50.044   918   936 I ActivityManager: Displayed baseline.com.ak.uobtimetable/.MainActivity: +266ms
08-03 19:26:50.044 13866 13866 I GoogleInputMethodServic: GoogleInputMethodService.onStartInput():1808 
08-03 19:26:50.097 16671 16671 I TermDatesFragment: Webview load %: 70
08-03 19:26:50.097 16671 16885 I art     : Explicit concurrent mark sweep GC freed 40671(1811KB) AllocSpace objects, 5(256KB) LOS objects, 30% free, 36MB/52MB, paused 741us total 61.869ms
08-03 19:26:50.110 16671 16671 I TermDatesFragment: Webview load %: 100
08-03 19:26:50.110 16671 16671 I TermDatesFragment: Webview load %: 100
08-03 19:26:50.117 16671 16885 I art     : Starting a blocking GC Explicit
08-03 19:26:50.122 16671 17961 I NAPPA_EXPERIMENTATION: MetricNetworkRequestExecutionTime: REQUEST_DURATION_SYSTEM='220',REQUEST_DURATION_OKHTTP='56',REQUEST_SYNCHRONOUS='TRUE',RESPONSE_CODE='200',RESPONSE_METHOD='GET',RESPONSE_LENGTH_OKHTTP='-1',RESPONSE_LENGTH_HEADER='1214',REQUEST_PROTOCOL='http/1.1',REQUEST_URL='https://uob-timetable-api.adriankeenan.co.uk/sessions?dept=CM010&course=BSAIFAAF%2F02AA%2F0%2FFT&level=Foundation+Year',
08-03 19:26:50.127   918  3261 D WifiStateMachine: starting scan for "H369AA63323"WPA_PSK with 2412,5180
08-03 19:26:50.170 16671 16885 I art     : Explicit concurrent mark sweep GC freed 2183(207KB) AllocSpace objects, 2(120KB) LOS objects, 30% free, 36MB/52MB, paused 539us total 52.752ms
08-03 19:26:50.181 16671 17961 I HTTP    : Response was compressed.
08-03 19:26:50.191 16671 16885 I art     : Starting a blocking GC Explicit
08-03 19:26:50.198 16671 17961 I Service : getSessions response time: 1.10
08-03 19:26:50.199 16671 16671 I SettingsManager: Getting string: savedSessions
08-03 19:26:50.200 16671 16671 I SettingsManager: Getting string: savedSessions
08-03 19:26:50.210 16671 16671 I Service : Sessions updated: 15
08-03 19:26:50.210 16671 16671 I Service : Sessions removed from new list: 0
08-03 19:26:50.219 16671 16671 I SettingsManager: Setting string: savedSessions
08-03 19:26:50.219   918  3670 W BackupManagerService: dataChanged but no participant pkg='baseline.com.ak.uobtimetable' uid=10641
08-03 19:26:50.219 16671 16671 I SettingsManager: Setting date: savedSessionsTime
08-03 19:26:50.235   918  6112 W BackupManagerService: dataChanged but no participant pkg='baseline.com.ak.uobtimetable' uid=10641
08-03 19:26:50.236 16671 16671 I SettingsManager: Setting string: savedSessionsCourseName
08-03 19:26:50.236   918  3696 W BackupManagerService: dataChanged but no participant pkg='baseline.com.ak.uobtimetable' uid=10641
08-03 19:26:50.236 16671 16671 I SettingsManager: Setting string: savedSessionsDateRange
08-03 19:26:50.237   918  5132 W BackupManagerService: dataChanged but no participant pkg='baseline.com.ak.uobtimetable' uid=10641
08-03 19:26:50.237 16671 16671 I SettingsManager: Setting string: timetableUrl
08-03 19:26:50.238   918  6110 W BackupManagerService: dataChanged but no participant pkg='baseline.com.ak.uobtimetable' uid=10641
08-03 19:26:50.238 16671 16671 I SettingsManager: Getting boolean: notifySessionRemindersEnabled
08-03 19:26:50.238 16671 16671 I SettingsManager: Getting int: notifySessionRemindersMinutes
08-03 19:26:50.238 16671 16671 I SettingsManager: Getting boolean: showHiddenSessions
08-03 19:26:50.241 16671 16671 I SessionReminderNotifier: Created session reminder alarm for f7b4771250a919bd729c1c5a4a459c77 at Mon 08:30:00 10/08/20
08-03 19:26:50.244 16671 16671 I SessionReminderNotifier: Created session reminder alarm for a7f879aabdeb78622c8820a5fb7b64cd at Tue 08:30:00 04/08/20
08-03 19:26:50.247 16671 16671 I SessionReminderNotifier: Created session reminder alarm for 7bc8d7e2c2055711f597c3d9078c6ea3 at Tue 08:30:00 04/08/20
08-03 19:26:50.250 16671 16671 I SessionReminderNotifier: Created session reminder alarm for 53c0527a6f009a1f2fd223834d3bfe51 at Tue 10:30:00 04/08/20
08-03 19:26:50.251 16671 16885 I art     : Explicit concurrent mark sweep GC freed 16957(812KB) AllocSpace objects, 2(36KB) LOS objects, 30% free, 36MB/52MB, paused 727us total 59.665ms
08-03 19:26:50.253 16671 16671 I SessionReminderNotifier: Created session reminder alarm for e0fc978b5db8218778540b4053344581 at Tue 11:00:00 04/08/20
08-03 19:26:50.255 16671 16671 I SessionReminderNotifier: Created session reminder alarm for 199afb0100f329ff65a09e1b0cd9deba at Tue 11:30:00 04/08/20
08-03 19:26:50.258 16671 16671 I SessionReminderNotifier: Created session reminder alarm for 21712fef61090882c855a1425543edb5 at Tue 13:30:00 04/08/20
08-03 19:26:50.261 16671 16671 I SessionReminderNotifier: Created session reminder alarm for 65ca4d97f031f29a4d02bbb45a705d8f at Wed 08:30:00 05/08/20
08-03 19:26:50.264 16671 16671 I SessionReminderNotifier: Created session reminder alarm for eeda7741b0bcab58fd9f46dc6ef1d942 at Wed 08:30:00 05/08/20
08-03 19:26:50.266 16671 16671 I SessionReminderNotifier: Created session reminder alarm for c276c1b2075a0beb67f1b3d1e580f920 at Wed 11:00:00 05/08/20
08-03 19:26:50.271 16671 16671 I SessionReminderNotifier: Created session reminder alarm for 8b1f3627e42ae13a6f6ba0a83903dde1 at Wed 13:30:00 05/08/20
08-03 19:26:50.273 16671 16885 I art     : Starting a blocking GC Explicit
08-03 19:26:50.275 16671 16671 I SessionReminderNotifier: Created session reminder alarm for 79fe0b5c3b887a13ba29db5a33fa2800 at Thu 08:30:00 06/08/20
08-03 19:26:50.278 16671 16671 I SessionReminderNotifier: Created session reminder alarm for cb9dfc8231cdba2be0835dc5709690e1 at Thu 08:30:00 06/08/20
08-03 19:26:50.282 16671 16671 I SessionReminderNotifier: Created session reminder alarm for f850dc24d6de60b7b89fa9e1a8c224c5 at Thu 12:00:00 06/08/20
08-03 19:26:50.284 16671 16671 I SessionReminderNotifier: Created session reminder alarm for 2ba1034116e4fffdd592dbf0796a43d5 at Fri 08:30:00 07/08/20
08-03 19:26:50.284 16671 16671 I SettingsManager: Getting boolean: showHiddenSessions
08-03 19:26:50.284 16671 16671 D SessionListsFragment: 1 sessions for day 0
08-03 19:26:50.285 16671 16671 D SessionListsFragment: 6 sessions for day 1
08-03 19:26:50.285 16671 16671 D SessionListsFragment: 4 sessions for day 2
08-03 19:26:50.285 16671 16671 D SessionListsFragment: 3 sessions for day 3
08-03 19:26:50.285 16671 16671 D SessionListsFragment: 1 sessions for day 4
08-03 19:26:50.319   512  2967 D audio_hw_primary: disable_audio_route: reset and update mixer path: low-latency-playback speaker
08-03 19:26:50.320   512  2967 D audio_hw_primary: disable_snd_device: snd_device(2: speaker)
08-03 19:26:50.329   512  2967 I soundtrigger: audio_extn_sound_trigger_update_device_status: device 0x2 of type 0 for Event 0
08-03 19:26:50.330 16671 16885 I art     : Explicit concurrent mark sweep GC freed 3287(166KB) AllocSpace objects, 1(16KB) LOS objects, 30% free, 36MB/52MB, paused 945us total 56.915ms
08-03 19:26:50.332 16671 16671 I SettingsManager: Getting boolean: showHiddenSessions
08-03 19:26:50.333 16671 16671 D SessionListsFragment: Refreshed ViewPager
08-03 19:26:50.333 16671 16671 I SettingsManager: Getting boolean: showHiddenSessions
08-03 19:26:50.333 16671 16671 I SettingsManager: Getting boolean: completedTutorial
08-03 19:26:50.333 16671 16671 I SettingsManager: Getting boolean: showHiddenSessions
08-03 19:26:50.333 16671 16671 I SettingsManager: Getting date: savedSessionsTime
08-03 19:26:50.643 16671 16684 I art     : Starting a blocking GC Explicit
08-03 19:26:50.736 16671 16684 I art     : Explicit concurrent mark sweep GC freed 127746(5MB) AllocSpace objects, 1(20KB) LOS objects, 29% free, 37MB/53MB, paused 1.377ms total 92.185ms
08-03 19:26:50.759 16671 16684 I art     : Starting a blocking GC Explicit
08-03 19:26:50.796   518   646 I ThermalEngine: ACTION: GPU - Setting GPU[0] to 390000000
08-03 19:26:50.855 16671 16684 I art     : Explicit concurrent mark sweep GC freed 40486(1790KB) AllocSpace objects, 0(0B) LOS objects, 29% free, 37MB/53MB, paused 1.990ms total 96.210ms
08-03 19:26:50.894 16671 16684 I art     : Starting a blocking GC Explicit
08-03 19:26:51.013 16671 16684 I art     : Explicit concurrent mark sweep GC freed 42605(1747KB) AllocSpace objects, 0(0B) LOS objects, 29% free, 37MB/53MB, paused 1.857ms total 118.853ms
08-03 19:26:51.053 16671 16684 I art     : Starting a blocking GC Explicit
08-03 19:26:51.172 16671 16684 I art     : Explicit concurrent mark sweep GC freed 48298(1986KB) AllocSpace objects, 0(0B) LOS objects, 29% free, 37MB/53MB, paused 1.943ms total 119.118ms
08-03 19:26:51.213 16671 16684 I art     : Starting a blocking GC Explicit
08-03 19:26:51.274 16671 16671 I Choreographer: Skipped 56 frames!  The application may be doing too much work on its main thread.
08-03 19:26:51.346 16671 16684 I art     : Explicit concurrent mark sweep GC freed 33929(1403KB) AllocSpace objects, 0(0B) LOS objects, 29% free, 37MB/53MB, paused 1.114ms total 133.021ms
08-03 19:26:51.709 16671 16885 I art     : Starting a blocking GC Explicit
08-03 19:26:51.844 16671 16885 I art     : Explicit concurrent mark sweep GC freed 2418(164KB) AllocSpace objects, 1(20KB) LOS objects, 29% free, 37MB/53MB, paused 877us total 134.935ms
08-03 19:26:51.886 16671 16885 I art     : Starting a blocking GC Explicit
08-03 19:26:51.962 16671 16885 I art     : Explicit concurrent mark sweep GC freed 121522(11MB) AllocSpace objects, 3(136KB) LOS objects, 37% free, 26MB/42MB, paused 755us total 75.337ms
08-03 19:26:51.984 16671 16885 I art     : Starting a blocking GC Explicit
08-03 19:26:52.033 16671 16885 I art     : Explicit concurrent mark sweep GC freed 66(2160B) AllocSpace objects, 0(0B) LOS objects, 37% free, 26MB/42MB, paused 870us total 47.879ms
08-03 19:26:52.055 16671 16885 I art     : Starting a blocking GC Explicit
08-03 19:26:52.106 16671 16885 I art     : Explicit concurrent mark sweep GC freed 43(1376B) AllocSpace objects, 0(0B) LOS objects, 37% free, 26MB/42MB, paused 711us total 50.483ms
08-03 19:26:52.129 16671 16885 I art     : Starting a blocking GC Explicit
08-03 19:26:52.182 16671 16885 I art     : Explicit concurrent mark sweep GC freed 41(1312B) AllocSpace objects, 0(0B) LOS objects, 37% free, 26MB/42MB, paused 1.151ms total 52.488ms
08-03 19:26:52.526 16671 16684 I art     : Starting a blocking GC Explicit
08-03 19:26:52.591 16671 16684 I art     : Explicit concurrent mark sweep GC freed 1294(75KB) AllocSpace objects, 1(20KB) LOS objects, 37% free, 26MB/42MB, paused 848us total 64.957ms
08-03 19:26:52.621 16671 16684 I art     : Starting a blocking GC Explicit
08-03 19:26:52.675 16671 16684 I art     : Explicit concurrent mark sweep GC freed 18(624B) AllocSpace objects, 0(0B) LOS objects, 37% free, 26MB/42MB, paused 707us total 53.728ms
08-03 19:26:52.705 16671 16684 I art     : Starting a blocking GC Explicit
08-03 19:26:52.760 16671 16684 I art     : Explicit concurrent mark sweep GC freed 3(96B) AllocSpace objects, 0(0B) LOS objects, 37% free, 26MB/42MB, paused 776us total 54.769ms
08-03 19:26:52.784 16671 16684 I art     : Starting a blocking GC Explicit
08-03 19:26:52.838 16671 16684 I art     : Explicit concurrent mark sweep GC freed 3(96B) AllocSpace objects, 0(0B) LOS objects, 37% free, 26MB/42MB, paused 836us total 53.481ms
08-03 19:26:52.862 16671 16684 I art     : Starting a blocking GC Explicit
08-03 19:26:52.918 16671 16684 I art     : Explicit concurrent mark sweep GC freed 3(96B) AllocSpace objects, 0(0B) LOS objects, 37% free, 26MB/42MB, paused 781us total 55.536ms
08-03 19:26:53.283 16671 17047 I art     : Starting a blocking GC Explicit
08-03 19:26:53.346 16671 17047 I art     : Explicit concurrent mark sweep GC freed 1292(75KB) AllocSpace objects, 1(20KB) LOS objects, 37% free, 26MB/42MB, paused 673us total 62.826ms
08-03 19:26:53.371 16671 17047 I art     : Starting a blocking GC Explicit
08-03 19:26:53.426 16671 17047 I art     : Explicit concurrent mark sweep GC freed 18(624B) AllocSpace objects, 0(0B) LOS objects, 37% free, 26MB/42MB, paused 754us total 54.729ms
08-03 19:26:53.455 16671 17047 I art     : Starting a blocking GC Explicit
08-03 19:26:53.512 16671 17047 I art     : Explicit concurrent mark sweep GC freed 3(96B) AllocSpace objects, 0(0B) LOS objects, 37% free, 26MB/42MB, paused 790us total 56.380ms
08-03 19:26:53.512 16671 16682 I art     : WaitForGcToComplete blocked for 57.155ms for cause HeapTrim
08-03 19:26:53.540 16671 17047 I art     : Starting a blocking GC Explicit
08-03 19:26:53.593 16671 17047 I art     : Explicit concurrent mark sweep GC freed 3(96B) AllocSpace objects, 0(0B) LOS objects, 37% free, 26MB/42MB, paused 675us total 52.946ms
08-03 19:26:53.618 16671 17047 I art     : Starting a blocking GC Explicit
08-03 19:26:53.672 16671 17047 I art     : Explicit concurrent mark sweep GC freed 3(96B) AllocSpace objects, 0(0B) LOS objects, 37% free, 26MB/42MB, paused 870us total 53.936ms
08-03 19:26:54.022 16671 16683 I art     : Starting a blocking GC Explicit
08-03 19:26:54.074 16671 16683 I art     : Explicit concurrent mark sweep GC freed 1292(75KB) AllocSpace objects, 1(20KB) LOS objects, 37% free, 26MB/42MB, paused 771us total 51.913ms
08-03 19:26:54.098 16671 16683 I art     : Starting a blocking GC Explicit
08-03 19:26:54.149 16671 16683 I art     : Explicit concurrent mark sweep GC freed 18(624B) AllocSpace objects, 0(0B) LOS objects, 37% free, 26MB/42MB, paused 1.059ms total 50.701ms
08-03 19:26:54.172 16671 16683 I art     : Starting a blocking GC Explicit
08-03 19:26:54.230 16671 16683 I art     : Explicit concurrent mark sweep GC freed 3(96B) AllocSpace objects, 0(0B) LOS objects, 37% free, 26MB/42MB, paused 906us total 57.977ms
08-03 19:26:54.253 16671 16683 I art     : Starting a blocking GC Explicit
08-03 19:26:54.304 16671 16683 I art     : Explicit concurrent mark sweep GC freed 15(864B) AllocSpace objects, 0(0B) LOS objects, 37% free, 26MB/42MB, paused 869us total 50.440ms
08-03 19:26:54.331 16671 16683 I art     : Starting a blocking GC Explicit
08-03 19:26:54.385 16671 16683 I art     : Explicit concurrent mark sweep GC freed 4(160B) AllocSpace objects, 0(0B) LOS objects, 37% free, 26MB/42MB, paused 909us total 53.243ms
08-03 19:26:54.652 18014 18014 D AndroidRuntime: >>>>>> START com.android.internal.os.RuntimeInit uid 2000 <<<<<<
08-03 19:26:54.658 18014 18014 D AndroidRuntime: CheckJNI is OFF
08-03 19:26:54.714 18014 18014 D ICU     : No timezone override file found: /data/misc/zoneinfo/current/icu/icu_tzdata.dat
08-03 19:26:54.733 16671 17047 I art     : Starting a blocking GC Explicit
08-03 19:26:54.760 18014 18014 I Radio-JNI: register_android_hardware_Radio DONE
08-03 19:26:54.787 16671 17047 I art     : Explicit concurrent mark sweep GC freed 1375(78KB) AllocSpace objects, 1(20KB) LOS objects, 37% free, 26MB/42MB, paused 832us total 53.252ms
08-03 19:26:54.792 18014 18014 D AndroidRuntime: Calling main entry com.android.commands.input.Input
08-03 19:26:54.795 18014 18014 I Input   : injectMotionEvent: MotionEvent { action=ACTION_DOWN, actionButton=0, id[0]=0, x[0]=81.0, y[0]=176.0, toolType[0]=TOOL_TYPE_UNKNOWN, buttonState=0, metaState=0, flags=0x0, edgeFlags=0x0, pointerCount=1, historySize=0, eventTime=646031207, downTime=646031207, deviceId=0, source=0x1002 }
08-03 19:26:54.802   518   646 I ThermalEngine: ACTION: GPU - Setting GPU[0] to 450000000
08-03 19:26:54.805 18014 18014 I Input   : injectMotionEvent: MotionEvent { action=ACTION_UP, actionButton=0, id[0]=0, x[0]=81.0, y[0]=176.0, toolType[0]=TOOL_TYPE_UNKNOWN, buttonState=0, metaState=0, flags=0x0, edgeFlags=0x0, pointerCount=1, historySize=0, eventTime=646031207, downTime=646031207, deviceId=0, source=0x1002 }
08-03 19:26:54.808 18014 18014 D AndroidRuntime: Shutting down VM
08-03 19:26:54.809 16671 17047 I art     : Starting a blocking GC Explicit
08-03 19:26:54.816   512  2967 D audio_hw_primary: out_set_parameters: enter: usecase(1: low-latency-playback) kvpairs: routing=2
08-03 19:26:54.829   512  2967 D audio_hw_primary: select_devices: out_snd_device(2: speaker) in_snd_device(0: none)
08-03 19:26:54.829   512  2967 D msm8974_platform: platform_send_audio_calibration: sending audio calibration for snd_device(2) acdb_id(15)
08-03 19:26:54.830   512  2967 I soundtrigger: audio_extn_sound_trigger_update_device_status: device 0x2 of type 0 for Event 1
08-03 19:26:54.840   512  2967 D audio_hw_primary: enable_snd_device: snd_device(2: speaker)
08-03 19:26:54.843   512  2967 D audio_hw_primary: enable_audio_route: apply and update mixer path: low-latency-playback speaker
08-03 19:26:54.848 16671 17047 I art     : Explicit concurrent mark sweep GC freed 204(12KB) AllocSpace objects, 0(0B) LOS objects, 37% free, 26MB/42MB, paused 767us total 38.830ms
08-03 19:26:54.850 13866 13866 I GoogleInputMethodServic: GoogleInputMethodService.onFinishInput():3138 
08-03 19:26:54.850 13866 13866 I GoogleInputMethodServic: GoogleInputMethodService.onStartInput():1808 
08-03 19:26:54.862 16671 17047 I art     : Starting a blocking GC Explicit
08-03 19:26:54.900 16671 17047 I art     : Explicit concurrent mark sweep GC freed 384(19KB) AllocSpace objects, 0(0B) LOS objects, 37% free, 26MB/42MB, paused 539us total 37.316ms
08-03 19:26:54.915 16671 17047 I art     : Starting a blocking GC Explicit
08-03 19:26:54.958 16671 17047 I art     : Explicit concurrent mark sweep GC freed 9(448B) AllocSpace objects, 0(0B) LOS objects, 37% free, 26MB/42MB, paused 541us total 43.129ms
08-03 19:26:54.974 16671 17047 I art     : Starting a blocking GC Explicit
08-03 19:26:55.016 16671 17047 I art     : Explicit concurrent mark sweep GC freed 3(96B) AllocSpace objects, 0(0B) LOS objects, 37% free, 26MB/42MB, paused 606us total 41.763ms
08-03 19:26:55.322 16671 16683 I art     : Starting a blocking GC Explicit
08-03 19:26:55.364 16671 16683 I art     : Explicit concurrent mark sweep GC freed 1295(75KB) AllocSpace objects, 1(20KB) LOS objects, 37% free, 26MB/42MB, paused 529us total 41.441ms
08-03 19:26:55.379 16671 16683 I art     : Starting a blocking GC Explicit
08-03 19:26:55.389   512  2967 D audio_hw_primary: disable_audio_route: reset and update mixer path: low-latency-playback speaker
08-03 19:26:55.390   512  2967 D audio_hw_primary: disable_snd_device: snd_device(2: speaker)
08-03 19:26:55.398   512  2967 I soundtrigger: audio_extn_sound_trigger_update_device_status: device 0x2 of type 0 for Event 0
08-03 19:26:55.420 16671 16683 I art     : Explicit concurrent mark sweep GC freed 28(944B) AllocSpace objects, 0(0B) LOS objects, 37% free, 26MB/42MB, paused 498us total 40.319ms
08-03 19:26:55.435 16671 16683 I art     : Starting a blocking GC Explicit
08-03 19:26:55.476 16671 16683 I art     : Explicit concurrent mark sweep GC freed 3(96B) AllocSpace objects, 0(0B) LOS objects, 37% free, 26MB/42MB, paused 534us total 41.236ms
08-03 19:26:55.492 16671 16683 I art     : Starting a blocking GC Explicit
08-03 19:26:55.533 16671 16683 I art     : Explicit concurrent mark sweep GC freed 3(96B) AllocSpace objects, 0(0B) LOS objects, 37% free, 26MB/42MB, paused 535us total 41.422ms
08-03 19:26:55.549 16671 16683 I art     : Starting a blocking GC Explicit
08-03 19:26:55.592 16671 16683 I art     : Explicit concurrent mark sweep GC freed 5(160B) AllocSpace objects, 0(0B) LOS objects, 37% free, 26MB/42MB, paused 531us total 42.772ms
08-03 19:26:55.917 16671 16684 I art     : Starting a blocking GC Explicit
08-03 19:26:55.975 16671 16684 I art     : Explicit concurrent mark sweep GC freed 1292(75KB) AllocSpace objects, 1(20KB) LOS objects, 37% free, 26MB/42MB, paused 578us total 57.203ms
08-03 19:26:55.992 16671 16684 I art     : Starting a blocking GC Explicit
08-03 19:26:56.036 16671 16684 I art     : Explicit concurrent mark sweep GC freed 18(624B) AllocSpace objects, 0(0B) LOS objects, 37% free, 26MB/42MB, paused 530us total 43.350ms
08-03 19:26:56.053 16671 16684 I art     : Starting a blocking GC Explicit
08-03 19:26:56.092 16671 16684 I art     : Explicit concurrent mark sweep GC freed 3(96B) AllocSpace objects, 0(0B) LOS objects, 37% free, 26MB/42MB, paused 520us total 39.636ms
08-03 19:26:56.108 16671 16684 I art     : Starting a blocking GC Explicit
08-03 19:26:56.149 16671 16684 I art     : Explicit concurrent mark sweep GC freed 3(96B) AllocSpace objects, 0(0B) LOS objects, 37% free, 26MB/42MB, paused 535us total 40.860ms
08-03 19:26:56.165 16671 16684 I art     : Starting a blocking GC Explicit
08-03 19:26:56.207 16671 16684 I art     : Explicit concurrent mark sweep GC freed 3(96B) AllocSpace objects, 0(0B) LOS objects, 37% free, 26MB/42MB, paused 544us total 41.897ms
08-03 19:26:56.521 16671 16683 I art     : Starting a blocking GC Explicit
08-03 19:26:56.566 16671 16683 I art     : Explicit concurrent mark sweep GC freed 1304(75KB) AllocSpace objects, 1(20KB) LOS objects, 37% free, 26MB/42MB, paused 519us total 44.271ms
08-03 19:26:56.581 16671 16683 I art     : Starting a blocking GC Explicit
08-03 19:26:56.594 18065 18065 D AndroidRuntime: >>>>>> START com.android.internal.os.RuntimeInit uid 2000 <<<<<<
08-03 19:26:56.600 18065 18065 D AndroidRuntime: CheckJNI is OFF
08-03 19:26:56.620 16671 16683 I art     : Explicit concurrent mark sweep GC freed 27(912B) AllocSpace objects, 0(0B) LOS objects, 37% free, 26MB/42MB, paused 509us total 38.305ms
08-03 19:26:56.634 16671 16683 I art     : Starting a blocking GC Explicit
08-03 19:26:56.644 18065 18065 D ICU     : No timezone override file found: /data/misc/zoneinfo/current/icu/icu_tzdata.dat
08-03 19:26:56.673 16671 16683 I art     : Explicit concurrent mark sweep GC freed 8(256B) AllocSpace objects, 0(0B) LOS objects, 37% free, 26MB/42MB, paused 529us total 38.543ms
08-03 19:26:56.688 18065 18065 I Radio-JNI: register_android_hardware_Radio DONE
08-03 19:26:56.688 16671 16683 I art     : Starting a blocking GC Explicit
08-03 19:26:56.716 18065 18065 D AndroidRuntime: Calling main entry com.android.commands.input.Input
08-03 19:26:56.719 18065 18065 I Input   : injectMotionEvent: MotionEvent { action=ACTION_DOWN, actionButton=0, id[0]=0, x[0]=360.0, y[0]=1098.0, toolType[0]=TOOL_TYPE_UNKNOWN, buttonState=0, metaState=0, flags=0x0, edgeFlags=0x0, pointerCount=1, historySize=0, eventTime=646033131, downTime=646033131, deviceId=0, source=0x1002 }
08-03 19:26:56.724 18065 18065 I Input   : injectMotionEvent: MotionEvent { action=ACTION_UP, actionButton=0, id[0]=0, x[0]=360.0, y[0]=1098.0, toolType[0]=TOOL_TYPE_UNKNOWN, buttonState=0, metaState=0, flags=0x0, edgeFlags=0x0, pointerCount=1, historySize=0, eventTime=646033131, downTime=646033131, deviceId=0, source=0x1002 }
08-03 19:26:56.726 18065 18065 D AndroidRuntime: Shutting down VM
08-03 19:26:56.728 16671 16683 I art     : Explicit concurrent mark sweep GC freed 9(256B) AllocSpace objects, 0(0B) LOS objects, 37% free, 26MB/42MB, paused 600us total 39.560ms
08-03 19:26:56.732 16671 16671 D MainActivity: NavigationItemSelected: Term dates
08-03 19:26:56.735   512  2967 D audio_hw_primary: out_set_parameters: enter: usecase(1: low-latency-playback) kvpairs: routing=2
08-03 19:26:56.745 16671 16683 I art     : Starting a blocking GC Explicit
08-03 19:26:56.748   512  2967 D audio_hw_primary: select_devices: out_snd_device(2: speaker) in_snd_device(0: none)
08-03 19:26:56.748   512  2967 D msm8974_platform: platform_send_audio_calibration: sending audio calibration for snd_device(2) acdb_id(15)
08-03 19:26:56.748   512  2967 I soundtrigger: audio_extn_sound_trigger_update_device_status: device 0x2 of type 0 for Event 1
08-03 19:26:56.758   512  2967 D audio_hw_primary: enable_snd_device: snd_device(2: speaker)
08-03 19:26:56.760   512  2967 D audio_hw_primary: enable_audio_route: apply and update mixer path: low-latency-playback speaker
08-03 19:26:56.785 16671 16683 I art     : Explicit concurrent mark sweep GC freed 508(20KB) AllocSpace objects, 0(0B) LOS objects, 37% free, 26MB/42MB, paused 643us total 40.245ms
08-03 19:26:57.101 16671 16684 I art     : Starting a blocking GC Explicit
08-03 19:26:57.150 16671 16684 I art     : Explicit concurrent mark sweep GC freed 1535(92KB) AllocSpace objects, 1(20KB) LOS objects, 37% free, 26MB/42MB, paused 615us total 47.993ms
08-03 19:26:57.166 16671 16684 I art     : Starting a blocking GC Explicit
08-03 19:26:57.169 13866 13866 I GoogleInputMethodServic: GoogleInputMethodService.onFinishInput():3138 
08-03 19:26:57.169 13866 13866 I GoogleInputMethodServic: GoogleInputMethodService.onStartInput():1808 
08-03 19:26:57.206 16671 16684 I art     : Explicit concurrent mark sweep GC freed 52(1872B) AllocSpace objects, 0(0B) LOS objects, 37% free, 26MB/42MB, paused 496us total 38.975ms
08-03 19:26:57.221 16671 16684 I art     : Starting a blocking GC Explicit
08-03 19:26:57.261 16671 16684 I art     : Explicit concurrent mark sweep GC freed 10(320B) AllocSpace objects, 0(0B) LOS objects, 37% free, 26MB/42MB, paused 530us total 39.814ms
08-03 19:26:57.277 16671 16684 I art     : Starting a blocking GC Explicit
08-03 19:26:57.288   512  2967 D audio_hw_primary: disable_audio_route: reset and update mixer path: low-latency-playback speaker
08-03 19:26:57.289   512  2967 D audio_hw_primary: disable_snd_device: snd_device(2: speaker)
08-03 19:26:57.298   512  2967 I soundtrigger: audio_extn_sound_trigger_update_device_status: device 0x2 of type 0 for Event 0
08-03 19:26:57.320 16671 16684 I art     : Explicit concurrent mark sweep GC freed 11(352B) AllocSpace objects, 0(0B) LOS objects, 37% free, 26MB/42MB, paused 487us total 41.969ms
08-03 19:26:57.336 16671 16684 I art     : Starting a blocking GC Explicit
08-03 19:26:57.378 16671 16684 I art     : Explicit concurrent mark sweep GC freed 9(288B) AllocSpace objects, 0(0B) LOS objects, 37% free, 26MB/42MB, paused 584us total 41.882ms
08-03 19:26:57.716 16671 16885 I art     : Starting a blocking GC Explicit
08-03 19:26:57.770 16671 16885 I art     : Explicit concurrent mark sweep GC freed 1339(77KB) AllocSpace objects, 1(20KB) LOS objects, 37% free, 26MB/42MB, paused 1.047ms total 54.021ms
08-03 19:26:57.789 16671 16885 I art     : Starting a blocking GC Explicit
08-03 19:26:57.834 16671 16885 I art     : Explicit concurrent mark sweep GC freed 25(848B) AllocSpace objects, 0(0B) LOS objects, 37% free, 26MB/42MB, paused 568us total 44.542ms
08-03 19:26:57.850 16671 16885 I art     : Starting a blocking GC Explicit
08-03 19:26:57.894 16671 16885 I art     : Explicit concurrent mark sweep GC freed 12(384B) AllocSpace objects, 0(0B) LOS objects, 37% free, 26MB/42MB, paused 575us total 43.801ms
08-03 19:26:57.911 16671 16885 I art     : Starting a blocking GC Explicit
08-03 19:26:57.954 16671 16885 I art     : Explicit concurrent mark sweep GC freed 10(320B) AllocSpace objects, 0(0B) LOS objects, 37% free, 26MB/42MB, paused 504us total 42.635ms
08-03 19:26:57.971 16671 16885 I art     : Starting a blocking GC Explicit
08-03 19:26:58.014 16671 16885 I art     : Explicit concurrent mark sweep GC freed 9(288B) AllocSpace objects, 0(0B) LOS objects, 37% free, 26MB/42MB, paused 543us total 42.330ms
08-03 19:26:58.359 16671 16885 I art     : Starting a blocking GC Explicit
08-03 19:26:58.407 16671 16885 I art     : Explicit concurrent mark sweep GC freed 1348(77KB) AllocSpace objects, 1(20KB) LOS objects, 37% free, 26MB/42MB, paused 509us total 47.665ms
08-03 19:26:58.427 16671 16885 I art     : Starting a blocking GC Explicit
08-03 19:26:58.472 16671 16885 I art     : Explicit concurrent mark sweep GC freed 34(1136B) AllocSpace objects, 0(0B) LOS objects, 37% free, 26MB/42MB, paused 519us total 44.957ms
08-03 19:26:58.489 16671 16885 I art     : Starting a blocking GC Explicit
08-03 19:26:58.535 16671 16885 I art     : Explicit concurrent mark sweep GC freed 15(480B) AllocSpace objects, 0(0B) LOS objects, 37% free, 26MB/42MB, paused 651us total 45.304ms
08-03 19:26:58.552 16671 16885 I art     : Starting a blocking GC Explicit
08-03 19:26:58.599 16671 16885 I art     : Explicit concurrent mark sweep GC freed 18(576B) AllocSpace objects, 0(0B) LOS objects, 37% free, 26MB/42MB, paused 513us total 46.800ms
08-03 19:26:58.599 16671 16682 I art     : WaitForGcToComplete blocked for 5.259ms for cause HeapTrim
08-03 19:26:58.619 16671 16885 I art     : Starting a blocking GC Explicit
08-03 19:26:58.663 16671 16885 I art     : Explicit concurrent mark sweep GC freed 3(96B) AllocSpace objects, 0(0B) LOS objects, 37% free, 26MB/42MB, paused 550us total 43.983ms
08-03 19:26:58.808   518   646 I ThermalEngine: ACTION: GPU - Setting GPU[0] to 390000000
08-03 19:26:59.028 16671 16684 I art     : Starting a blocking GC Explicit
08-03 19:26:59.084 16671 16684 I art     : Explicit concurrent mark sweep GC freed 1292(75KB) AllocSpace objects, 1(20KB) LOS objects, 37% free, 26MB/42MB, paused 551us total 55.896ms
08-03 19:26:59.102 16671 16684 I art     : Starting a blocking GC Explicit
08-03 19:26:59.151 16671 16684 I art     : Explicit concurrent mark sweep GC freed 18(624B) AllocSpace objects, 0(0B) LOS objects, 37% free, 26MB/42MB, paused 558us total 48.602ms
08-03 19:26:59.167 16671 16684 I art     : Starting a blocking GC Explicit
08-03 19:26:59.214 16671 16684 I art     : Explicit concurrent mark sweep GC freed 3(96B) AllocSpace objects, 0(0B) LOS objects, 37% free, 26MB/42MB, paused 539us total 46.099ms
08-03 19:26:59.230 16671 16684 I art     : Starting a blocking GC Explicit
08-03 19:26:59.280 16671 16684 I art     : Explicit concurrent mark sweep GC freed 3(96B) AllocSpace objects, 0(0B) LOS objects, 37% free, 26MB/42MB, paused 552us total 49.429ms
08-03 19:26:59.297 16671 16684 I art     : Starting a blocking GC Explicit
08-03 19:26:59.344 16671 16684 I art     : Explicit concurrent mark sweep GC freed 3(96B) AllocSpace objects, 0(0B) LOS objects, 37% free, 26MB/42MB, paused 527us total 46.700ms
08-03 19:26:59.718 16671 16683 I art     : Starting a blocking GC Explicit
08-03 19:26:59.779 16671 16683 I art     : Explicit concurrent mark sweep GC freed 1292(75KB) AllocSpace objects, 1(20KB) LOS objects, 37% free, 26MB/42MB, paused 775us total 60.866ms
08-03 19:26:59.799 16671 16683 I art     : Starting a blocking GC Explicit
08-03 19:26:59.881 16671 16683 I art     : Explicit concurrent mark sweep GC freed 18(624B) AllocSpace objects, 0(0B) LOS objects, 37% free, 26MB/42MB, paused 1.142ms total 82.272ms
08-03 19:26:59.911 16671 16683 I art     : Starting a blocking GC Explicit
08-03 19:26:59.968 16671 16683 I art     : Explicit concurrent mark sweep GC freed 3(96B) AllocSpace objects, 0(0B) LOS objects, 37% free, 26MB/42MB, paused 1.229ms total 56.391ms
08-03 19:26:59.995 16671 16683 I art     : Starting a blocking GC Explicit
08-03 19:27:00.047 16671 16683 I art     : Explicit concurrent mark sweep GC freed 3(96B) AllocSpace objects, 0(0B) LOS objects, 37% free, 26MB/42MB, paused 839us total 51.325ms
08-03 19:27:00.070 16671 16683 I art     : Starting a blocking GC Explicit
08-03 19:27:00.120 16671 16683 I art     : Explicit concurrent mark sweep GC freed 3(96B) AllocSpace objects, 0(0B) LOS objects, 37% free, 26MB/42MB, paused 849us total 48.993ms
08-03 19:27:00.464 16671 17047 I art     : Starting a blocking GC Explicit
08-03 19:27:00.528 16671 17047 I art     : Explicit concurrent mark sweep GC freed 1292(75KB) AllocSpace objects, 1(20KB) LOS objects, 37% free, 26MB/42MB, paused 849us total 63.616ms
08-03 19:27:00.557 16671 17047 I art     : Starting a blocking GC Explicit
08-03 19:27:00.611 16671 17047 I art     : Explicit concurrent mark sweep GC freed 18(624B) AllocSpace objects, 0(0B) LOS objects, 37% free, 26MB/42MB, paused 748us total 53.502ms
08-03 19:27:00.636 16671 17047 I art     : Starting a blocking GC Explicit
08-03 19:27:00.690 16671 17047 I art     : Explicit concurrent mark sweep GC freed 3(96B) AllocSpace objects, 0(0B) LOS objects, 37% free, 26MB/42MB, paused 1.006ms total 54.123ms
08-03 19:27:00.715 16671 17047 I art     : Starting a blocking GC Explicit
08-03 19:27:00.770 16671 17047 I art     : Explicit concurrent mark sweep GC freed 3(96B) AllocSpace objects, 0(0B) LOS objects, 37% free, 26MB/42MB, paused 975us total 54.769ms
08-03 19:27:00.798 16671 17047 I art     : Starting a blocking GC Explicit
08-03 19:27:00.851 16671 17047 I art     : Explicit concurrent mark sweep GC freed 3(96B) AllocSpace objects, 0(0B) LOS objects, 37% free, 26MB/42MB, paused 753us total 51.802ms
08-03 19:27:01.198 16671 16885 I art     : Starting a blocking GC Explicit
08-03 19:27:01.254 16671 16885 I art     : Explicit concurrent mark sweep GC freed 1292(75KB) AllocSpace objects, 1(20KB) LOS objects, 37% free, 26MB/42MB, paused 818us total 55.089ms
08-03 19:27:01.277 16671 16885 I art     : Starting a blocking GC Explicit
08-03 19:27:01.329 16671 16885 I art     : Explicit concurrent mark sweep GC freed 18(624B) AllocSpace objects, 0(0B) LOS objects, 37% free, 26MB/42MB, paused 965us total 50.785ms
08-03 19:27:01.353 16671 16885 I art     : Starting a blocking GC Explicit
08-03 19:27:01.404 16671 16885 I art     : Explicit concurrent mark sweep GC freed 3(96B) AllocSpace objects, 0(0B) LOS objects, 37% free, 26MB/42MB, paused 802us total 50.450ms
08-03 19:27:01.427 16671 16885 I art     : Starting a blocking GC Explicit
08-03 19:27:01.480 16671 16885 I art     : Explicit concurrent mark sweep GC freed 3(96B) AllocSpace objects, 0(0B) LOS objects, 37% free, 26MB/42MB, paused 769us total 52.237ms
08-03 19:27:01.504 16671 16885 I art     : Starting a blocking GC Explicit
08-03 19:27:01.555 16671 16885 I art     : Explicit concurrent mark sweep GC freed 3(96B) AllocSpace objects, 0(0B) LOS objects, 37% free, 26MB/42MB, paused 787us total 51.043ms
08-03 19:27:01.696 18185 18185 D AndroidRuntime: >>>>>> START com.android.internal.os.RuntimeInit uid 2000 <<<<<<
08-03 19:27:01.704 18185 18185 D AndroidRuntime: CheckJNI is OFF
08-03 19:27:01.761 18185 18185 D ICU     : No timezone override file found: /data/misc/zoneinfo/current/icu/icu_tzdata.dat
08-03 19:27:01.807 18185 18185 I Radio-JNI: register_android_hardware_Radio DONE
08-03 19:27:01.818   518   646 I ThermalEngine: ACTION: GPU - Setting GPU[0] to 450000000
08-03 19:27:01.827 14658 14658 I Atfwd_Sendcmd: AtCmdFwd service not ready - Exhausted retry attempts - :6
08-03 19:27:01.827 14658 14658 I Atfwd_Daemon: result : -1 	 ,Init step :2 	 ,qmiErrorCode: 0
08-03 19:27:01.839 18185 18185 D AndroidRuntime: Calling main entry com.android.commands.am.Am
08-03 19:27:01.845 29687 29687 I Trepn   : Trepn 6.2s: Received intent: com.quicinc.trepn.stop_profiling
08-03 19:27:01.878 29687 29687 I Trepn   : Trepn 6.2s: Trepn has Stopped Profiling.
08-03 19:27:01.881 16671 16684 I art     : Starting a blocking GC Explicit
08-03 19:27:01.924 16671 16684 I art     : Explicit concurrent mark sweep GC freed 1292(75KB) AllocSpace objects, 1(20KB) LOS objects, 37% free, 26MB/42MB, paused 552us total 42.651ms
08-03 19:27:01.939 16671 16684 I art     : Starting a blocking GC Explicit
08-03 19:27:01.980 16671 16684 I art     : Explicit concurrent mark sweep GC freed 18(624B) AllocSpace objects, 0(0B) LOS objects, 37% free, 26MB/42MB, paused 530us total 40.947ms
08-03 19:27:01.996 16671 16684 I art     : Starting a blocking GC Explicit
08-03 19:27:02.020 18185 18185 D AndroidRuntime: Shutting down VM
08-03 19:27:02.024   918  6029 W AppOps  : Finishing op nesting under-run: uid 10078 pkg com.quicinc.trepn code 24 time=0 duration=0 nesting=0
08-03 19:27:02.036 16671 16684 I art     : Explicit concurrent mark sweep GC freed 3(96B) AllocSpace objects, 0(0B) LOS objects, 37% free, 26MB/42MB, paused 532us total 40.115ms
08-03 19:27:02.051 16671 16684 I art     : Starting a blocking GC Explicit
08-03 19:27:02.089 16671 16684 I art     : Explicit concurrent mark sweep GC freed 3(96B) AllocSpace objects, 0(0B) LOS objects, 37% free, 26MB/42MB, paused 524us total 38.609ms
08-03 19:27:02.104 16671 16684 I art     : Starting a blocking GC Explicit
08-03 19:27:02.149 16671 16684 I art     : Explicit concurrent mark sweep GC freed 3(96B) AllocSpace objects, 0(0B) LOS objects, 37% free, 26MB/42MB, paused 563us total 44.784ms
08-03 19:27:02.452 16671 16683 I art     : Starting a blocking GC Explicit
08-03 19:27:02.495 16671 16683 I art     : Explicit concurrent mark sweep GC freed 1292(75KB) AllocSpace objects, 1(20KB) LOS objects, 37% free, 26MB/42MB, paused 514us total 42.800ms
08-03 19:27:02.512 16671 16683 I art     : Starting a blocking GC Explicit
08-03 19:27:02.552 16671 16683 I art     : Explicit concurrent mark sweep GC freed 18(624B) AllocSpace objects, 0(0B) LOS objects, 37% free, 26MB/42MB, paused 575us total 39.595ms
08-03 19:27:02.567 16671 16683 I art     : Starting a blocking GC Explicit
08-03 19:27:02.608 16671 16683 I art     : Explicit concurrent mark sweep GC freed 3(96B) AllocSpace objects, 0(0B) LOS objects, 37% free, 26MB/42MB, paused 563us total 40.565ms
08-03 19:27:02.623 16671 16683 I art     : Starting a blocking GC Explicit
08-03 19:27:02.664 16671 16683 I art     : Explicit concurrent mark sweep GC freed 3(96B) AllocSpace objects, 0(0B) LOS objects, 37% free, 26MB/42MB, paused 517us total 40.732ms
08-03 19:27:02.679 16671 16683 I art     : Starting a blocking GC Explicit
08-03 19:27:02.720 16671 16683 I art     : Explicit concurrent mark sweep GC freed 3(96B) AllocSpace objects, 0(0B) LOS objects, 37% free, 26MB/42MB, paused 536us total 40.700ms
