08-05 21:04:10.584  8177  8177 D Nappa   : activity.getClass().getCanonicalName() = nappatfpr.appteam.nith.hillffair.activities.QuizActivity, 
08-05 21:04:10.584  8177  8177 D Nappa   : PREFETCH_ON_EXTRA - setCurrentActivity - logs - from activity - made prediction istrue
08-05 21:04:10.584  8177  8177 D Nappa   : PREFETCH_ON_EXTRA - setCurrentActivity - logs - from activity - start
08-05 21:04:10.585  8177  8177 D Nappa   : PREFETCH_ON_EXTRA - setCurrentActivity - logs - from activity- finished
08-05 21:04:10.685  8177  8177 D Nappa   : registerActivity: (already in) nappatfpr.appteam.nith.hillffair.activities.QuizActivity
08-05 21:04:10.685  8177  8177 D Nappa   : SHOULD_PREFETCH false
08-05 21:04:10.685  8177  8177 D Nappa   : STATS Number of requests not prefetched: 5
08-05 21:04:10.686  8177  8177 D Nappa   : STATS Number of requests prefetched: 4
08-05 21:04:10.686  8177  8177 D Nappa   : STATS Time saved until now: 0.39799997
08-05 21:04:10.985  8177  8211 D Nappa   : PREFETCH_ON_EXTRA - setCurrentActivity - logs - from extra - made prediction isfalse
08-05 21:04:12.363  8177  8177 D Nappa   : Stayed on nappatfpr.appteam.nith.hillffair.activities.QuizActivity for 1677 ms
08-05 21:04:12.401  8177  8177 D Nappa   : setCurrentActivity - MetricStrategyAccuracy - 
08-05 21:04:12.401  8177  8177 D Nappa   : madePredictionFromActivity = false, 
08-05 21:04:12.401  8177  8177 D Nappa   : fromActivity = nappatfpr.appteam.nith.hillffair.activities.QuizActivity, 
08-05 21:04:12.401  8177  8177 D Nappa   : predictedNextActivityFromActivity = [], 
08-05 21:04:12.401  8177  8177 D Nappa   : activity.getClass().getCanonicalName() = nappatfpr.appteam.nith.hillffair.activities.InformationActivity, 
08-05 21:04:12.401  8177  8177 D Nappa   : setCurrentActivity - MetricStrategyAccuracy - 
08-05 21:04:12.401  8177  8177 D Nappa   : madePredictionFromExtra = false, 
08-05 21:04:12.401  8177  8177 D Nappa   : fromActivity = nappatfpr.appteam.nith.hillffair.activities.QuizActivity, 
08-05 21:04:12.401  8177  8177 D Nappa   : predictedNextActivityFromExtra = [], 
08-05 21:04:12.401  8177  8177 D Nappa   : activity.getClass().getCanonicalName() = nappatfpr.appteam.nith.hillffair.activities.InformationActivity, 
08-05 21:04:12.401  8177  8177 D Nappa   : PREFETCH_ON_EXTRA - setCurrentActivity - logs - from activity - made prediction isfalse
08-05 21:04:12.501  8177  8177 D Nappa   : registerActivity: (already in) nappatfpr.appteam.nith.hillffair.activities.InformationActivity
08-05 21:04:12.502  8177  8177 D Nappa   : SHOULD_PREFETCH true
08-05 21:04:12.602  8177  8177 D Nappa   : registerActivity: (already in) nappatfpr.appteam.nith.hillffair.activities.InformationActivity
08-05 21:04:12.602  8177  8177 D Nappa   : STATS Number of requests not prefetched: 5
08-05 21:04:12.602  8177  8177 D Nappa   : STATS Number of requests prefetched: 4
08-05 21:04:12.603  8177  8177 D Nappa   : STATS Time saved until now: 0.39799997
08-05 21:04:12.801  8177  8211 D Nappa   : PREFETCH_ON_EXTRA - setCurrentActivity - logs - from extra - made prediction isfalse
08-05 21:04:13.103  8177  8211 D Nappa   : PREFETCH_ON_EXTRA - setCurrentActivity - starting new prediction
08-05 21:04:13.103  8177  8211 D Nappa   : Current node - currentActivityName - nappatfpr.appteam.nith.hillffair.activities.InformationActivity
08-05 21:04:13.103  8177  8211 D Nappa   : Current node - activityGraph.getCurrent() - nappatfpr.appteam.nith.hillffair.activities.InformationActivity
08-05 21:04:13.103  8177  8211 D Nappa   : PREFETCH_ON_EXTRA - setCurrentActivity - finished new prediction
08-05 21:04:17.260  8177  8177 D Nappa   : Stayed on nappatfpr.appteam.nith.hillffair.activities.InformationActivity for 4657 ms
08-05 21:04:17.267  8177  8177 D Nappa   : setCurrentActivity - MetricStrategyAccuracy - 
08-05 21:04:17.267  8177  8177 D Nappa   : madePredictionFromActivity = true, 
08-05 21:04:17.267  8177  8177 D Nappa   : fromActivity = nappatfpr.appteam.nith.hillffair.activities.InformationActivity, 
08-05 21:04:17.267  8177  8177 D Nappa   : predictedNextActivityFromActivity = [], 
08-05 21:04:17.267  8177  8177 D Nappa   : activity.getClass().getCanonicalName() = nappatfpr.appteam.nith.hillffair.activities.QuizActivity, 
08-05 21:04:17.267  8177  8177 D Nappa   : setCurrentActivity - MetricStrategyAccuracy - 
08-05 21:04:17.267  8177  8177 D Nappa   : madePredictionFromExtra = false, 
08-05 21:04:17.267  8177  8177 D Nappa   : fromActivity = nappatfpr.appteam.nith.hillffair.activities.InformationActivity, 
08-05 21:04:17.267  8177  8177 D Nappa   : predictedNextActivityFromExtra = [], 
08-05 21:04:17.267  8177  8177 D Nappa   : activity.getClass().getCanonicalName() = nappatfpr.appteam.nith.hillffair.activities.QuizActivity, 
08-05 21:04:17.267  8177  8177 D Nappa   : PREFETCH_ON_EXTRA - setCurrentActivity - logs - from activity - made prediction istrue
08-05 21:04:17.267  8177  8177 D Nappa   : PREFETCH_ON_EXTRA - setCurrentActivity - logs - from activity - start
08-05 21:04:17.268  8177  8177 D Nappa   : PREFETCH_ON_EXTRA - setCurrentActivity - logs - from activity- finished
08-05 21:04:17.369  8177  8177 D Nappa   : registerActivity: (already in) nappatfpr.appteam.nith.hillffair.activities.QuizActivity
08-05 21:04:17.369  8177  8177 D Nappa   : SHOULD_PREFETCH false
08-05 21:04:17.369  8177  8177 D Nappa   : STATS Number of requests not prefetched: 5
08-05 21:04:17.369  8177  8177 D Nappa   : STATS Number of requests prefetched: 4
08-05 21:04:17.370  8177  8177 D Nappa   : STATS Time saved until now: 0.39799997
08-05 21:04:17.669  8177  8211 D Nappa   : PREFETCH_ON_EXTRA - setCurrentActivity - logs - from extra - made prediction isfalse
08-05 21:04:19.188  8177  8177 D Nappa   : Stayed on nappatfpr.appteam.nith.hillffair.activities.QuizActivity for 1818 ms
08-05 21:04:19.240  8177  8177 D Nappa   : TAG okHttpClient initialized
08-05 21:04:19.250  8177  8177 D Nappa   : setCurrentActivity - MetricStrategyAccuracy - 
08-05 21:04:19.250  8177  8177 D Nappa   : madePredictionFromActivity = false, 
08-05 21:04:19.250  8177  8177 D Nappa   : fromActivity = nappatfpr.appteam.nith.hillffair.activities.QuizActivity, 
08-05 21:04:19.250  8177  8177 D Nappa   : predictedNextActivityFromActivity = [], 
08-05 21:04:19.250  8177  8177 D Nappa   : activity.getClass().getCanonicalName() = nappatfpr.appteam.nith.hillffair.activities.LeaderBoardActivity, 
08-05 21:04:19.250  8177  8177 D Nappa   : setCurrentActivity - MetricStrategyAccuracy - 
08-05 21:04:19.250  8177  8177 D Nappa   : madePredictionFromExtra = false, 
08-05 21:04:19.250  8177  8177 D Nappa   : fromActivity = nappatfpr.appteam.nith.hillffair.activities.QuizActivity, 
08-05 21:04:19.250  8177  8177 D Nappa   : predictedNextActivityFromExtra = [], 
08-05 21:04:19.250  8177  8177 D Nappa   : activity.getClass().getCanonicalName() = nappatfpr.appteam.nith.hillffair.activities.LeaderBoardActivity, 
08-05 21:04:19.252  8177  8177 D Nappa   : PREFETCH_ON_EXTRA - setCurrentActivity - logs - from activity - made prediction isfalse
08-05 21:04:19.252  8177 10459 D Nappa   : F1_SCORE add_intercept_url - (already in) - https://api-hillfair-2k16.herokuapp.com/api/app/quiz/leaderboard?from=1
08-05 21:04:19.252  8177 10459 D Nappa   : F1_SCORE add_fn_url - (already in) - https://api-hillfair-2k16.herokuapp.com/api/app/quiz/leaderboard?from=1
08-05 21:04:19.252  8177 10459 D Nappa   : -------------F1_SCORE #28 -----------
08-05 21:04:19.252  8177 10459 D Nappa   : F1_SCORE - Intercept list (4)= [https://api-hillfair-2k16.herokuapp.com/api/app/events/special, https://api-hillfair-2k16.herokuapp.com/api/app/events/special/event?id=58065620dcba0f490c70fe09, https://api-hillfair-2k16.herokuapp.com/api/app/events/special/event?id=5806551bdcba0f490c70fd1f, https://api-hillfair-2k16.herokuapp.com/api/app/quiz/leaderboard?from=1]
08-05 21:04:19.252  8177 10459 D Nappa   : F1_SCORE - Prefetch list (3)= [https://api-hillfair-2k16.herokuapp.com/api/app/events/special/event?id=5806551bdcba0f490c70fd1f, https://api-hillfair-2k16.herokuapp.com/api/app/events/special/event?id=580655cddcba0f490c70fdd0, https://api-hillfair-2k16.herokuapp.com/api/app/events/special/event?id=58065620dcba0f490c70fe09]
08-05 21:04:19.252  8177 10459 D Nappa   : F1_SCORE - TP list (2)= [https://api-hillfair-2k16.herokuapp.com/api/app/events/special/event?id=58065620dcba0f490c70fe09, https://api-hillfair-2k16.herokuapp.com/api/app/events/special/event?id=5806551bdcba0f490c70fd1f]
08-05 21:04:19.252  8177 10459 D Nappa   : F1_SCORE - FN list (2)= [https://api-hillfair-2k16.herokuapp.com/api/app/events/special, https://api-hillfair-2k16.herokuapp.com/api/app/quiz/leaderboard?from=1]
08-05 21:04:19.352  8177  8211 D Nappa   : registerActivity: (already in) nappatfpr.appteam.nith.hillffair.activities.QuizActivity
08-05 21:04:19.352  8177  8177 D Nappa   : registerActivity: (already in) nappatfpr.appteam.nith.hillffair.activities.LeaderBoardActivity
08-05 21:04:19.352  8177  8211 D Nappa   : PARENTS 
08-05 21:04:19.352  8177  8211 D Nappa   : Of: nappatfpr.appteam.nith.hillffair.activities.QuizActivity -> 
08-05 21:04:19.352  8177  8211 D Nappa   : PARENTS nappatfpr.appteam.nith.hillffair.activities.HomeActivity
08-05 21:04:19.352  8177  8211 D Nappa   : PARENTS nappatfpr.appteam.nith.hillffair.activities.SplashActivity
08-05 21:04:19.352  8177  8177 D Nappa   : SHOULD_PREFETCH true
08-05 21:04:19.453  8177  8177 D Nappa   : registerActivity: (already in) nappatfpr.appteam.nith.hillffair.activities.LeaderBoardActivity
08-05 21:04:19.453  8177  8177 D Nappa   : STATS Number of requests not prefetched: 5
08-05 21:04:19.453  8177  8177 D Nappa   : STATS Number of requests prefetched: 5
08-05 21:04:19.453  8177  8177 D Nappa   : STATS Time saved until now: 0.44099998
08-05 21:04:19.655  8177  8211 D Nappa   : PREFETCH_ON_EXTRA - setCurrentActivity - logs - from extra - made prediction isfalse
08-05 21:04:19.953  8177  8211 D Nappa   : PREFETCH_ON_EXTRA - setCurrentActivity - starting new prediction
08-05 21:04:19.953  8177  8211 D Nappa   : Current node - currentActivityName - nappatfpr.appteam.nith.hillffair.activities.LeaderBoardActivity
08-05 21:04:19.953  8177  8211 D Nappa   : Current node - activityGraph.getCurrent() - nappatfpr.appteam.nith.hillffair.activities.LeaderBoardActivity
08-05 21:04:19.954  8177  8211 D Nappa   : PREFETCH_ON_EXTRA - setCurrentActivity - finished new prediction
08-05 21:04:24.125  8177  8177 D Nappa   : Stayed on nappatfpr.appteam.nith.hillffair.activities.LeaderBoardActivity for 4672 ms
08-05 21:04:24.132  8177  8177 D Nappa   : setCurrentActivity - MetricStrategyAccuracy - 
08-05 21:04:24.132  8177  8177 D Nappa   : madePredictionFromActivity = true, 
08-05 21:04:24.132  8177  8177 D Nappa   : fromActivity = nappatfpr.appteam.nith.hillffair.activities.LeaderBoardActivity, 
08-05 21:04:24.132  8177  8177 D Nappa   : predictedNextActivityFromActivity = [], 
08-05 21:04:24.132  8177  8177 D Nappa   : activity.getClass().getCanonicalName() = nappatfpr.appteam.nith.hillffair.activities.QuizActivity, 
08-05 21:04:24.132  8177  8177 D Nappa   : setCurrentActivity - MetricStrategyAccuracy - 
08-05 21:04:24.132  8177  8177 D Nappa   : madePredictionFromExtra = false, 
08-05 21:04:24.132  8177  8177 D Nappa   : fromActivity = nappatfpr.appteam.nith.hillffair.activities.LeaderBoardActivity, 
08-05 21:04:24.132  8177  8177 D Nappa   : predictedNextActivityFromExtra = [], 
08-05 21:04:24.132  8177  8177 D Nappa   : activity.getClass().getCanonicalName() = nappatfpr.appteam.nith.hillffair.activities.QuizActivity, 
08-05 21:04:24.133  8177  8177 D Nappa   : PREFETCH_ON_EXTRA - setCurrentActivity - logs - from activity - made prediction istrue
08-05 21:04:24.133  8177  8177 D Nappa   : PREFETCH_ON_EXTRA - setCurrentActivity - logs - from activity - start
08-05 21:04:24.133  8177  8177 D Nappa   : PREFETCH_ON_EXTRA - setCurrentActivity - logs - from activity- finished
08-05 21:04:24.233  8177  8177 D Nappa   : registerActivity: (already in) nappatfpr.appteam.nith.hillffair.activities.QuizActivity
08-05 21:04:24.234  8177  8177 D Nappa   : SHOULD_PREFETCH false
08-05 21:04:24.234  8177  8177 D Nappa   : STATS Number of requests not prefetched: 5
08-05 21:04:24.234  8177  8177 D Nappa   : STATS Number of requests prefetched: 5
08-05 21:04:24.234  8177  8177 D Nappa   : STATS Time saved until now: 0.44099998
08-05 21:04:24.533  8177  8211 D Nappa   : PREFETCH_ON_EXTRA - setCurrentActivity - logs - from extra - made prediction isfalse
08-05 21:04:25.911  8177  8177 D Nappa   : Stayed on nappatfpr.appteam.nith.hillffair.activities.QuizActivity for 1677 ms
08-05 21:04:25.928  8177  8177 D Nappa   : setCurrentActivity - MetricStrategyAccuracy - 
08-05 21:04:25.928  8177  8177 D Nappa   : madePredictionFromActivity = false, 
08-05 21:04:25.928  8177  8177 D Nappa   : fromActivity = nappatfpr.appteam.nith.hillffair.activities.QuizActivity, 
08-05 21:04:25.928  8177  8177 D Nappa   : predictedNextActivityFromActivity = [], 
08-05 21:04:25.928  8177  8177 D Nappa   : activity.getClass().getCanonicalName() = nappatfpr.appteam.nith.hillffair.activities.HomeActivity, 
08-05 21:04:25.928  8177  8177 D Nappa   : setCurrentActivity - MetricStrategyAccuracy - 
08-05 21:04:25.928  8177  8177 D Nappa   : madePredictionFromExtra = false, 
08-05 21:04:25.928  8177  8177 D Nappa   : fromActivity = nappatfpr.appteam.nith.hillffair.activities.QuizActivity, 
08-05 21:04:25.928  8177  8177 D Nappa   : predictedNextActivityFromExtra = [], 
08-05 21:04:25.928  8177  8177 D Nappa   : activity.getClass().getCanonicalName() = nappatfpr.appteam.nith.hillffair.activities.HomeActivity, 
08-05 21:04:25.928  8177  8177 D Nappa   : PREFETCH_ON_EXTRA - setCurrentActivity - logs - from activity - made prediction isfalse
08-05 21:04:26.029  8177  8177 D Nappa   : registerActivity: (already in) nappatfpr.appteam.nith.hillffair.activities.HomeActivity
08-05 21:04:26.029  8177  8177 D Nappa   : SHOULD_PREFETCH false
08-05 21:04:26.029  8177  8177 D Nappa   : STATS Number of requests not prefetched: 5
08-05 21:04:26.029  8177  8177 D Nappa   : STATS Number of requests prefetched: 5
08-05 21:04:26.029  8177  8177 D Nappa   : STATS Time saved until now: 0.44099998
08-05 21:04:26.329  8177  8211 D Nappa   : PREFETCH_ON_EXTRA - setCurrentActivity - logs - from extra - made prediction isfalse
08-05 21:04:27.841  8177  8177 D Nappa   : Stayed on nappatfpr.appteam.nith.hillffair.activities.HomeActivity for 1812 ms
08-05 21:04:27.875  8177  8177 D Nappa   : setCurrentActivity - MetricStrategyAccuracy - 
08-05 21:04:27.875  8177  8177 D Nappa   : madePredictionFromActivity = false, 
08-05 21:04:27.875  8177  8177 D Nappa   : fromActivity = nappatfpr.appteam.nith.hillffair.activities.HomeActivity, 
08-05 21:04:27.875  8177  8177 D Nappa   : predictedNextActivityFromActivity = [], 
08-05 21:04:27.875  8177  8177 D Nappa   : activity.getClass().getCanonicalName() = nappatfpr.appteam.nith.hillffair.activities.QuizActivity, 
08-05 21:04:27.875  8177  8177 D Nappa   : setCurrentActivity - MetricStrategyAccuracy - 
08-05 21:04:27.875  8177  8177 D Nappa   : madePredictionFromExtra = false, 
08-05 21:04:27.875  8177  8177 D Nappa   : fromActivity = nappatfpr.appteam.nith.hillffair.activities.HomeActivity, 
08-05 21:04:27.875  8177  8177 D Nappa   : predictedNextActivityFromExtra = [], 
08-05 21:04:27.875  8177  8177 D Nappa   : activity.getClass().getCanonicalName() = nappatfpr.appteam.nith.hillffair.activities.QuizActivity, 
08-05 21:04:27.875  8177  8177 D Nappa   : PREFETCH_ON_EXTRA - setCurrentActivity - logs - from activity - made prediction isfalse
08-05 21:04:27.975  8177  8177 D Nappa   : registerActivity: (already in) nappatfpr.appteam.nith.hillffair.activities.QuizActivity
08-05 21:04:27.977  8177  8177 D Nappa   : SHOULD_PREFETCH true
08-05 21:04:28.077  8177  8177 D Nappa   : registerActivity: (already in) nappatfpr.appteam.nith.hillffair.activities.QuizActivity
08-05 21:04:28.077  8177  8177 D Nappa   : SUCCESSORS nappatfpr.appteam.nith.hillffair.activities.LeaderBoardActivity
08-05 21:04:28.077  8177  8177 D Nappa   : SUCCESSORS nappatfpr.appteam.nith.hillffair.activities.InformationActivity
08-05 21:04:28.077  8177  8177 D Nappa   : STATS Number of requests not prefetched: 5
08-05 21:04:28.078  8177  8177 D Nappa   : STATS Number of requests prefetched: 5
08-05 21:04:28.078  8177  8177 D Nappa   : STATS Time saved until now: 0.44099998
08-05 21:04:28.276  8177  8211 D Nappa   : PREFETCH_ON_EXTRA - setCurrentActivity - logs - from extra - made prediction isfalse
08-05 21:04:28.578  8177  8211 D Nappa   : PREFETCH_ON_EXTRA - setCurrentActivity - starting new prediction
08-05 21:04:28.578  8177  8211 D Nappa   : Current node - currentActivityName - nappatfpr.appteam.nith.hillffair.activities.QuizActivity
08-05 21:04:28.578  8177  8211 D Nappa   : Current node - activityGraph.getCurrent() - nappatfpr.appteam.nith.hillffair.activities.QuizActivity
08-05 21:04:28.583  8177  8211 D Nappa   : PREFETCH_ON_EXTRA - setCurrentActivity - finished new prediction
08-05 21:04:30.821  8177  8177 D Nappa   : Stayed on nappatfpr.appteam.nith.hillffair.activities.QuizActivity for 2743 ms
08-05 21:04:30.853  8177  8177 D Nappa   : TAG okHttpClient initialized
08-05 21:04:30.862  8177  8177 D Nappa   : setCurrentActivity - MetricStrategyAccuracy - 
08-05 21:04:30.862  8177  8177 D Nappa   : madePredictionFromActivity = true, 
08-05 21:04:30.862  8177  8177 D Nappa   : fromActivity = nappatfpr.appteam.nith.hillffair.activities.QuizActivity, 
08-05 21:04:30.862  8177  8177 D Nappa   : predictedNextActivityFromActivity = [nappatfpr.appteam.nith.hillffair.activities.LeaderBoardActivity], 
08-05 21:04:30.862  8177  8177 D Nappa   : activity.getClass().getCanonicalName() = nappatfpr.appteam.nith.hillffair.activities.LeaderBoardActivity, 
08-05 21:04:30.863  8177  8177 D Nappa   : setCurrentActivity - MetricStrategyAccuracy - 
08-05 21:04:30.863  8177  8177 D Nappa   : madePredictionFromExtra = false, 
08-05 21:04:30.863  8177  8177 D Nappa   : fromActivity = nappatfpr.appteam.nith.hillffair.activities.QuizActivity, 
08-05 21:04:30.863  8177  8177 D Nappa   : predictedNextActivityFromExtra = [], 
08-05 21:04:30.863  8177  8177 D Nappa   : activity.getClass().getCanonicalName() = nappatfpr.appteam.nith.hillffair.activities.LeaderBoardActivity, 
08-05 21:04:30.863  8177  8177 D Nappa   : PREFETCH_ON_EXTRA - setCurrentActivity - logs - from activity - made prediction istrue
08-05 21:04:30.863  8177  8177 D Nappa   : PREFETCH_ON_EXTRA - setCurrentActivity - logs - from activity - start
08-05 21:04:30.863  8177 10757 D Nappa   : F1_SCORE add_intercept_url - (already in) - https://api-hillfair-2k16.herokuapp.com/api/app/quiz/leaderboard?from=1
08-05 21:04:30.863  8177  8177 D Nappa   : setCurrentActivity - MetricStrategyAccuracy - checking prediction VS current activity for activities
08-05 21:04:30.863  8177 10757 D Nappa   : F1_SCORE add_fn_url - (already in) - https://api-hillfair-2k16.herokuapp.com/api/app/quiz/leaderboard?from=1
08-05 21:04:30.863  8177 10757 D Nappa   : -------------F1_SCORE #31 -----------
08-05 21:04:30.863  8177 10757 D Nappa   : F1_SCORE - Intercept list (4)= [https://api-hillfair-2k16.herokuapp.com/api/app/events/special, https://api-hillfair-2k16.herokuapp.com/api/app/events/special/event?id=58065620dcba0f490c70fe09, https://api-hillfair-2k16.herokuapp.com/api/app/events/special/event?id=5806551bdcba0f490c70fd1f, https://api-hillfair-2k16.herokuapp.com/api/app/quiz/leaderboard?from=1]
08-05 21:04:30.863  8177 10757 D Nappa   : F1_SCORE - Prefetch list (3)= [https://api-hillfair-2k16.herokuapp.com/api/app/events/special/event?id=5806551bdcba0f490c70fd1f, https://api-hillfair-2k16.herokuapp.com/api/app/events/special/event?id=580655cddcba0f490c70fdd0, https://api-hillfair-2k16.herokuapp.com/api/app/events/special/event?id=58065620dcba0f490c70fe09]
08-05 21:04:30.863  8177 10757 D Nappa   : F1_SCORE - TP list (2)= [https://api-hillfair-2k16.herokuapp.com/api/app/events/special/event?id=58065620dcba0f490c70fe09, https://api-hillfair-2k16.herokuapp.com/api/app/events/special/event?id=5806551bdcba0f490c70fd1f]
08-05 21:04:30.863  8177  8177 D Nappa   : PREFETCH_ON_EXTRA - setCurrentActivity - logs - from activity- finished
08-05 21:04:30.863  8177 10757 D Nappa   : F1_SCORE - FN list (2)= [https://api-hillfair-2k16.herokuapp.com/api/app/events/special, https://api-hillfair-2k16.herokuapp.com/api/app/quiz/leaderboard?from=1]
08-05 21:04:30.964  8177  8177 D Nappa   : registerActivity: (already in) nappatfpr.appteam.nith.hillffair.activities.LeaderBoardActivity
08-05 21:04:30.964  8177  8177 D Nappa   : SHOULD_PREFETCH true
08-05 21:04:30.964  8177  8211 D Nappa   : registerActivity: (already in) nappatfpr.appteam.nith.hillffair.activities.QuizActivity
08-05 21:04:30.964  8177  8211 D Nappa   : PARENTS 
08-05 21:04:30.964  8177  8211 D Nappa   : Of: nappatfpr.appteam.nith.hillffair.activities.QuizActivity -> 
08-05 21:04:30.964  8177  8211 D Nappa   : PARENTS nappatfpr.appteam.nith.hillffair.activities.HomeActivity
08-05 21:04:30.964  8177  8211 D Nappa   : PARENTS nappatfpr.appteam.nith.hillffair.activities.SplashActivity
08-05 21:04:31.064  8177  8177 D Nappa   : registerActivity: (already in) nappatfpr.appteam.nith.hillffair.activities.LeaderBoardActivity
08-05 21:04:31.064  8177  8177 D Nappa   : STATS Number of requests not prefetched: 5
08-05 21:04:31.065  8177  8177 D Nappa   : STATS Number of requests prefetched: 6
08-05 21:04:31.065  8177  8177 D Nappa   : STATS Time saved until now: 0.484
08-05 21:04:31.264  8177  8211 D Nappa   : PREFETCH_ON_EXTRA - setCurrentActivity - logs - from extra - made prediction isfalse
08-05 21:04:31.565  8177  8211 D Nappa   : PREFETCH_ON_EXTRA - setCurrentActivity - starting new prediction
08-05 21:04:31.565  8177  8211 D Nappa   : Current node - currentActivityName - nappatfpr.appteam.nith.hillffair.activities.LeaderBoardActivity
08-05 21:04:31.565  8177  8211 D Nappa   : Current node - activityGraph.getCurrent() - nappatfpr.appteam.nith.hillffair.activities.LeaderBoardActivity
08-05 21:04:31.566  8177  8211 D Nappa   : PREFETCH_ON_EXTRA - setCurrentActivity - finished new prediction
08-05 21:04:35.726  8177  8177 D Nappa   : Stayed on nappatfpr.appteam.nith.hillffair.activities.LeaderBoardActivity for 4661 ms
08-05 21:04:35.734  8177  8177 D Nappa   : setCurrentActivity - MetricStrategyAccuracy - 
08-05 21:04:35.734  8177  8177 D Nappa   : madePredictionFromActivity = true, 
08-05 21:04:35.734  8177  8177 D Nappa   : fromActivity = nappatfpr.appteam.nith.hillffair.activities.LeaderBoardActivity, 
08-05 21:04:35.734  8177  8177 D Nappa   : predictedNextActivityFromActivity = [], 
08-05 21:04:35.734  8177  8177 D Nappa   : activity.getClass().getCanonicalName() = nappatfpr.appteam.nith.hillffair.activities.QuizActivity, 
08-05 21:04:35.734  8177  8177 D Nappa   : setCurrentActivity - MetricStrategyAccuracy - 
08-05 21:04:35.734  8177  8177 D Nappa   : madePredictionFromExtra = false, 
08-05 21:04:35.734  8177  8177 D Nappa   : fromActivity = nappatfpr.appteam.nith.hillffair.activities.LeaderBoardActivity, 
08-05 21:04:35.734  8177  8177 D Nappa   : predictedNextActivityFromExtra = [], 
08-05 21:04:35.734  8177  8177 D Nappa   : activity.getClass().getCanonicalName() = nappatfpr.appteam.nith.hillffair.activities.QuizActivity, 
08-05 21:04:35.734  8177  8177 D Nappa   : PREFETCH_ON_EXTRA - setCurrentActivity - logs - from activity - made prediction istrue
08-05 21:04:35.734  8177  8177 D Nappa   : PREFETCH_ON_EXTRA - setCurrentActivity - logs - from activity - start
08-05 21:04:35.734  8177  8177 D Nappa   : PREFETCH_ON_EXTRA - setCurrentActivity - logs - from activity- finished
08-05 21:04:35.835  8177  8177 D Nappa   : registerActivity: (already in) nappatfpr.appteam.nith.hillffair.activities.QuizActivity
08-05 21:04:35.835  8177  8177 D Nappa   : SHOULD_PREFETCH false
08-05 21:04:35.835  8177  8177 D Nappa   : STATS Number of requests not prefetched: 5
08-05 21:04:35.835  8177  8177 D Nappa   : STATS Number of requests prefetched: 6
08-05 21:04:35.835  8177  8177 D Nappa   : STATS Time saved until now: 0.484
08-05 21:04:36.135  8177  8211 D Nappa   : PREFETCH_ON_EXTRA - setCurrentActivity - logs - from extra - made prediction isfalse
08-05 21:04:37.646  8177  8177 D Nappa   : Stayed on nappatfpr.appteam.nith.hillffair.activities.QuizActivity for 1811 ms
08-05 21:04:37.661  8177  8177 D Nappa   : setCurrentActivity - MetricStrategyAccuracy - 
08-05 21:04:37.661  8177  8177 D Nappa   : madePredictionFromActivity = false, 
08-05 21:04:37.661  8177  8177 D Nappa   : fromActivity = nappatfpr.appteam.nith.hillffair.activities.QuizActivity, 
08-05 21:04:37.661  8177  8177 D Nappa   : predictedNextActivityFromActivity = [], 
08-05 21:04:37.661  8177  8177 D Nappa   : activity.getClass().getCanonicalName() = nappatfpr.appteam.nith.hillffair.activities.HomeActivity, 
08-05 21:04:37.661  8177  8177 D Nappa   : setCurrentActivity - MetricStrategyAccuracy - 
08-05 21:04:37.661  8177  8177 D Nappa   : madePredictionFromExtra = false, 
08-05 21:04:37.661  8177  8177 D Nappa   : fromActivity = nappatfpr.appteam.nith.hillffair.activities.QuizActivity, 
08-05 21:04:37.661  8177  8177 D Nappa   : predictedNextActivityFromExtra = [], 
08-05 21:04:37.661  8177  8177 D Nappa   : activity.getClass().getCanonicalName() = nappatfpr.appteam.nith.hillffair.activities.HomeActivity, 
08-05 21:04:37.661  8177  8177 D Nappa   : PREFETCH_ON_EXTRA - setCurrentActivity - logs - from activity - made prediction isfalse
08-05 21:04:37.761  8177  8177 D Nappa   : registerActivity: (already in) nappatfpr.appteam.nith.hillffair.activities.HomeActivity
08-05 21:04:37.762  8177  8177 D Nappa   : SHOULD_PREFETCH false
08-05 21:04:37.762  8177  8177 D Nappa   : STATS Number of requests not prefetched: 5
08-05 21:04:37.762  8177  8177 D Nappa   : STATS Number of requests prefetched: 6
08-05 21:04:37.762  8177  8177 D Nappa   : STATS Time saved until now: 0.484
08-05 21:04:38.061  8177  8211 D Nappa   : PREFETCH_ON_EXTRA - setCurrentActivity - logs - from extra - made prediction isfalse
08-05 21:04:39.572  8177  8177 D Nappa   : Stayed on nappatfpr.appteam.nith.hillffair.activities.HomeActivity for 1810 ms
08-05 21:04:39.596  8177  8177 D Nappa   : TAG okHttpClient initialized
08-05 21:04:39.605  8177  8177 D Nappa   : setCurrentActivity - MetricStrategyAccuracy - 
08-05 21:04:39.605  8177  8177 D Nappa   : madePredictionFromActivity = false, 
08-05 21:04:39.605  8177  8177 D Nappa   : fromActivity = nappatfpr.appteam.nith.hillffair.activities.HomeActivity, 
08-05 21:04:39.605  8177  8177 D Nappa   : predictedNextActivityFromActivity = [], 
08-05 21:04:39.605  8177  8177 D Nappa   : activity.getClass().getCanonicalName() = nappatfpr.appteam.nith.hillffair.activities.EventActivity, 
08-05 21:04:39.605  8177  8177 D Nappa   : setCurrentActivity - MetricStrategyAccuracy - 
08-05 21:04:39.605  8177  8177 D Nappa   : madePredictionFromExtra = false, 
08-05 21:04:39.605  8177  8177 D Nappa   : fromActivity = nappatfpr.appteam.nith.hillffair.activities.HomeActivity, 
08-05 21:04:39.605  8177  8177 D Nappa   : predictedNextActivityFromExtra = [], 
08-05 21:04:39.605  8177  8177 D Nappa   : activity.getClass().getCanonicalName() = nappatfpr.appteam.nith.hillffair.activities.EventActivity, 
08-05 21:04:39.605  8177  8177 D Nappa   : PREFETCH_ON_EXTRA - setCurrentActivity - logs - from activity - made prediction isfalse
08-05 21:04:39.605  8177 10978 D Nappa   : F1_SCORE add_intercept_url - (new) - https://api-hillfair-2k16.herokuapp.com/api/app/club
08-05 21:04:39.605  8177 10978 D Nappa   : F1_SCORE add_fn_url - (new) - https://api-hillfair-2k16.herokuapp.com/api/app/club
08-05 21:04:39.605  8177 10978 D Nappa   : -------------F1_SCORE #34 -----------
08-05 21:04:39.605  8177 10978 D Nappa   : F1_SCORE - Intercept list (5)= [https://api-hillfair-2k16.herokuapp.com/api/app/events/special, https://api-hillfair-2k16.herokuapp.com/api/app/events/special/event?id=58065620dcba0f490c70fe09, https://api-hillfair-2k16.herokuapp.com/api/app/events/special/event?id=5806551bdcba0f490c70fd1f, https://api-hillfair-2k16.herokuapp.com/api/app/quiz/leaderboard?from=1, https://api-hillfair-2k16.herokuapp.com/api/app/club]
08-05 21:04:39.606  8177 10978 D Nappa   : F1_SCORE - Prefetch list (3)= [https://api-hillfair-2k16.herokuapp.com/api/app/events/special/event?id=5806551bdcba0f490c70fd1f, https://api-hillfair-2k16.herokuapp.com/api/app/events/special/event?id=580655cddcba0f490c70fdd0, https://api-hillfair-2k16.herokuapp.com/api/app/events/special/event?id=58065620dcba0f490c70fe09]
08-05 21:04:39.606  8177 10978 D Nappa   : F1_SCORE - TP list (2)= [https://api-hillfair-2k16.herokuapp.com/api/app/events/special/event?id=58065620dcba0f490c70fe09, https://api-hillfair-2k16.herokuapp.com/api/app/events/special/event?id=5806551bdcba0f490c70fd1f]
08-05 21:04:39.606  8177 10978 D Nappa   : F1_SCORE - FN list (3)= [https://api-hillfair-2k16.herokuapp.com/api/app/events/special, https://api-hillfair-2k16.herokuapp.com/api/app/quiz/leaderboard?from=1, https://api-hillfair-2k16.herokuapp.com/api/app/club]
08-05 21:04:39.705  8177  8177 D Nappa   : registerActivity: (already in) nappatfpr.appteam.nith.hillffair.activities.EventActivity
08-05 21:04:39.705  8177  8211 D Nappa   : registerActivity: (already in) nappatfpr.appteam.nith.hillffair.activities.EventActivity
08-05 21:04:39.706  8177  8211 D Nappa   : PARENTS 
08-05 21:04:39.706  8177  8211 D Nappa   : Of: nappatfpr.appteam.nith.hillffair.activities.EventActivity -> 
08-05 21:04:39.706  8177  8211 D Nappa   : PARENTS nappatfpr.appteam.nith.hillffair.activities.HomeActivity
08-05 21:04:39.706  8177  8211 D Nappa   : PARENTS nappatfpr.appteam.nith.hillffair.activities.SplashActivity
08-05 21:04:39.706  8177  8177 D Nappa   : SHOULD_PREFETCH true
08-05 21:04:39.806  8177  8177 D Nappa   : registerActivity: (already in) nappatfpr.appteam.nith.hillffair.activities.EventActivity
08-05 21:04:39.806  8177  8177 D Nappa   : SUCCESSORS nappatfpr.appteam.nith.hillffair.activities.ClubActivity
08-05 21:04:39.808  8177  8177 D Nappa   : STATS Number of requests not prefetched: 5
08-05 21:04:39.808  8177  8177 D Nappa   : STATS Number of requests prefetched: 6
08-05 21:04:39.808  8177  8177 D Nappa   : STATS Time saved until now: 0.484
08-05 21:04:40.006  8177  8211 D Nappa   : PREFETCH_ON_EXTRA - setCurrentActivity - logs - from extra - made prediction isfalse
08-05 21:04:40.308  8177  8211 D Nappa   : PREFETCH_ON_EXTRA - setCurrentActivity - starting new prediction
08-05 21:04:40.308  8177  8211 D Nappa   : Current node - currentActivityName - nappatfpr.appteam.nith.hillffair.activities.EventActivity
08-05 21:04:40.309  8177  8211 D Nappa   : Current node - activityGraph.getCurrent() - nappatfpr.appteam.nith.hillffair.activities.EventActivity
08-05 21:04:40.314  8177  8211 D Nappa   : PREFETCH_ON_EXTRA - setCurrentActivity - finished new prediction
08-05 21:04:48.361  8177  8211 D Nappa   : PREFETCH_ON_EXTRA - notifyExtras- start
08-05 21:04:48.365  8177  8211 D Nappa   : PREFETCH_ON_EXTRA - notifyExtras- end
08-05 21:04:48.365  8177  8211 D Nappa   : PREFSTRAT2 ADDING NEW ACTEXTRADATA
08-05 21:04:48.370  8177  8177 D Nappa   : Stayed on nappatfpr.appteam.nith.hillffair.activities.EventActivity for 8561 ms
08-05 21:04:48.392  8177  8177 D Nappa   : TAG okHttpClient initialized
08-05 21:04:48.398  8177  8177 D Nappa   : setCurrentActivity - MetricStrategyAccuracy - 
08-05 21:04:48.398  8177  8177 D Nappa   : madePredictionFromActivity = true, 
08-05 21:04:48.398  8177  8177 D Nappa   : fromActivity = nappatfpr.appteam.nith.hillffair.activities.EventActivity, 
08-05 21:04:48.398  8177  8177 D Nappa   : predictedNextActivityFromActivity = [nappatfpr.appteam.nith.hillffair.activities.ClubActivity], 
08-05 21:04:48.398  8177  8177 D Nappa   : activity.getClass().getCanonicalName() = nappatfpr.appteam.nith.hillffair.activities.ClubActivity, 
08-05 21:04:48.398  8177  8177 D Nappa   : setCurrentActivity - MetricStrategyAccuracy - 
08-05 21:04:48.398  8177  8177 D Nappa   : madePredictionFromExtra = true, 
08-05 21:04:48.398  8177  8177 D Nappa   : fromActivity = nappatfpr.appteam.nith.hillffair.activities.EventActivity, 
08-05 21:04:48.398  8177  8177 D Nappa   : predictedNextActivityFromExtra = [nappatfpr.appteam.nith.hillffair.activities.ClubActivity], 
08-05 21:04:48.398  8177  8177 D Nappa   : activity.getClass().getCanonicalName() = nappatfpr.appteam.nith.hillffair.activities.ClubActivity, 
08-05 21:04:48.398  8177  8177 D Nappa   : PREFETCH_ON_EXTRA - setCurrentActivity - logs - from activity - made prediction istrue
08-05 21:04:48.398  8177 11170 D Nappa   : F1_SCORE add_intercept_url - (new) - https://api-hillfair-2k16.herokuapp.com/api/app/club/PR%20Club
08-05 21:04:48.398  8177  8177 D Nappa   : PREFETCH_ON_EXTRA - setCurrentActivity - logs - from activity - start
08-05 21:04:48.398  8177  8177 D Nappa   : setCurrentActivity - MetricStrategyAccuracy - checking prediction VS current activity for activities
08-05 21:04:48.398  8177 11170 D Nappa   : F1_SCORE add_fn_url - (new) - https://api-hillfair-2k16.herokuapp.com/api/app/club/PR%20Club
08-05 21:04:48.398  8177 11170 D Nappa   : -------------F1_SCORE #35 -----------
08-05 21:04:48.398  8177 11170 D Nappa   : F1_SCORE - Intercept list (6)= [https://api-hillfair-2k16.herokuapp.com/api/app/events/special, https://api-hillfair-2k16.herokuapp.com/api/app/events/special/event?id=58065620dcba0f490c70fe09, https://api-hillfair-2k16.herokuapp.com/api/app/events/special/event?id=5806551bdcba0f490c70fd1f, https://api-hillfair-2k16.herokuapp.com/api/app/quiz/leaderboard?from=1, https://api-hillfair-2k16.herokuapp.com/api/app/club, https://api-hillfair-2k16.herokuapp.com/api/app/club/PR%20Club]
08-05 21:04:48.398  8177 11170 D Nappa   : F1_SCORE - Prefetch list (3)= [https://api-hillfair-2k16.herokuapp.com/api/app/events/special/event?id=5806551bdcba0f490c70fd1f, https://api-hillfair-2k16.herokuapp.com/api/app/events/special/event?id=580655cddcba0f490c70fdd0, https://api-hillfair-2k16.herokuapp.com/api/app/events/special/event?id=58065620dcba0f490c70fe09]
08-05 21:04:48.398  8177  8177 D Nappa   : PREFETCH_ON_EXTRA - setCurrentActivity - logs - from activity- finished
08-05 21:04:48.398  8177 11170 D Nappa   : F1_SCORE - TP list (2)= [https://api-hillfair-2k16.herokuapp.com/api/app/events/special/event?id=58065620dcba0f490c70fe09, https://api-hillfair-2k16.herokuapp.com/api/app/events/special/event?id=5806551bdcba0f490c70fd1f]
08-05 21:04:48.398  8177 11170 D Nappa   : F1_SCORE - FN list (4)= [https://api-hillfair-2k16.herokuapp.com/api/app/events/special, https://api-hillfair-2k16.herokuapp.com/api/app/quiz/leaderboard?from=1, https://api-hillfair-2k16.herokuapp.com/api/app/club, https://api-hillfair-2k16.herokuapp.com/api/app/club/PR%20Club]
08-05 21:04:48.498  8177  8211 D Nappa   : registerActivity: (already in) nappatfpr.appteam.nith.hillffair.activities.EventActivity
08-05 21:04:48.498  8177  8211 D Nappa   : PARENTS 
08-05 21:04:48.498  8177  8211 D Nappa   : Of: nappatfpr.appteam.nith.hillffair.activities.EventActivity -> 
08-05 21:04:48.498  8177  8211 D Nappa   : PARENTS nappatfpr.appteam.nith.hillffair.activities.HomeActivity
08-05 21:04:48.499  8177  8211 D Nappa   : PARENTS nappatfpr.appteam.nith.hillffair.activities.SplashActivity
08-05 21:04:48.499  8177  8177 D Nappa   : registerActivity: (already in) nappatfpr.appteam.nith.hillffair.activities.ClubActivity
08-05 21:04:48.499  8177  8177 D Nappa   : SHOULD_PREFETCH true
08-05 21:04:48.599  8177  8177 D Nappa   : registerActivity: (already in) nappatfpr.appteam.nith.hillffair.activities.ClubActivity
08-05 21:04:48.599  8177  8177 D Nappa   : STATS Number of requests not prefetched: 6
08-05 21:04:48.599  8177  8177 D Nappa   : STATS Number of requests prefetched: 6
08-05 21:04:48.599  8177  8177 D Nappa   : STATS Time saved until now: 0.484
08-05 21:04:48.799  8177  8211 D Nappa   : PREFETCH_ON_EXTRA - setCurrentActivity - logs - from extra - made prediction istrue
08-05 21:04:48.799  8177  8211 D Nappa   : PREFETCH_ON_EXTRA - setCurrentActivity - logs - from extra - start
08-05 21:04:48.799  8177  8211 D Nappa   : setCurrentActivity - MetricStrategyAccuracy - checking prediction VS current activity for extras
08-05 21:04:48.799  8177  8211 D Nappa   : PREFETCH_ON_EXTRA - setCurrentActivity - logs - from extra- finished
08-05 21:04:49.099  8177  8211 D Nappa   : PREFETCH_ON_EXTRA - setCurrentActivity - starting new prediction
08-05 21:04:49.100  8177  8211 D Nappa   : Current node - currentActivityName - nappatfpr.appteam.nith.hillffair.activities.ClubActivity
08-05 21:04:49.100  8177  8211 D Nappa   : Current node - activityGraph.getCurrent() - nappatfpr.appteam.nith.hillffair.activities.ClubActivity
08-05 21:04:49.100  8177  8211 D Nappa   : PREFETCH_ON_EXTRA - setCurrentActivity - finished new prediction
08-05 21:04:53.315  8177  8177 D Nappa   : Stayed on nappatfpr.appteam.nith.hillffair.activities.ClubActivity for 4715 ms
08-05 21:04:53.321  8177  8177 D Nappa   : setCurrentActivity - MetricStrategyAccuracy - 
08-05 21:04:53.321  8177  8177 D Nappa   : madePredictionFromActivity = true, 
08-05 21:04:53.321  8177  8177 D Nappa   : fromActivity = nappatfpr.appteam.nith.hillffair.activities.ClubActivity, 
08-05 21:04:53.321  8177  8177 D Nappa   : predictedNextActivityFromActivity = [], 
08-05 21:04:53.321  8177  8177 D Nappa   : activity.getClass().getCanonicalName() = nappatfpr.appteam.nith.hillffair.activities.EventActivity, 
08-05 21:04:53.321  8177  8177 D Nappa   : setCurrentActivity - MetricStrategyAccuracy - 
08-05 21:04:53.321  8177  8177 D Nappa   : madePredictionFromExtra = false, 
08-05 21:04:53.321  8177  8177 D Nappa   : fromActivity = nappatfpr.appteam.nith.hillffair.activities.ClubActivity, 
08-05 21:04:53.321  8177  8177 D Nappa   : predictedNextActivityFromExtra = [], 
08-05 21:04:53.321  8177  8177 D Nappa   : activity.getClass().getCanonicalName() = nappatfpr.appteam.nith.hillffair.activities.EventActivity, 
08-05 21:04:53.321  8177  8177 D Nappa   : PREFETCH_ON_EXTRA - setCurrentActivity - logs - from activity - made prediction istrue
08-05 21:04:53.321  8177  8177 D Nappa   : PREFETCH_ON_EXTRA - setCurrentActivity - logs - from activity - start
08-05 21:04:53.321  8177  8177 D Nappa   : PREFETCH_ON_EXTRA - setCurrentActivity - logs - from activity- finished
08-05 21:04:53.423  8177  8177 D Nappa   : registerActivity: (already in) nappatfpr.appteam.nith.hillffair.activities.EventActivity
08-05 21:04:53.423  8177  8177 D Nappa   : SHOULD_PREFETCH false
08-05 21:04:53.423  8177  8177 D Nappa   : STATS Number of requests not prefetched: 7
08-05 21:04:53.423  8177  8177 D Nappa   : STATS Number of requests prefetched: 6
08-05 21:04:53.423  8177  8177 D Nappa   : STATS Time saved until now: 0.484
08-05 21:04:53.722  8177  8211 D Nappa   : PREFETCH_ON_EXTRA - setCurrentActivity - logs - from extra - made prediction isfalse
08-05 21:04:55.071  8177  8211 D Nappa   : PREFETCH_ON_EXTRA - notifyExtras- start
08-05 21:04:55.076  8177  8211 D Nappa   : PREFETCH_ON_EXTRA - notifyExtras- end
08-05 21:04:55.076  8177  8211 D Nappa   : PREFSTRAT2 ADDING NEW ACTEXTRADATA
08-05 21:04:55.090  8177  8177 D Nappa   : Stayed on nappatfpr.appteam.nith.hillffair.activities.EventActivity for 1667 ms
08-05 21:04:55.113  8177  8177 D Nappa   : TAG okHttpClient initialized
08-05 21:04:55.118  8177  8177 D Nappa   : setCurrentActivity - MetricStrategyAccuracy - 
08-05 21:04:55.118  8177  8177 D Nappa   : madePredictionFromActivity = false, 
08-05 21:04:55.118  8177  8177 D Nappa   : fromActivity = nappatfpr.appteam.nith.hillffair.activities.EventActivity, 
08-05 21:04:55.118  8177  8177 D Nappa   : predictedNextActivityFromActivity = [], 
08-05 21:04:55.118  8177  8177 D Nappa   : activity.getClass().getCanonicalName() = nappatfpr.appteam.nith.hillffair.activities.ClubActivity, 
08-05 21:04:55.118  8177  8177 D Nappa   : setCurrentActivity - MetricStrategyAccuracy - 
08-05 21:04:55.118  8177  8177 D Nappa   : madePredictionFromExtra = true, 
08-05 21:04:55.118  8177  8177 D Nappa   : fromActivity = nappatfpr.appteam.nith.hillffair.activities.EventActivity, 
08-05 21:04:55.118  8177  8177 D Nappa   : predictedNextActivityFromExtra = [nappatfpr.appteam.nith.hillffair.activities.ClubActivity], 
08-05 21:04:55.118  8177  8177 D Nappa   : activity.getClass().getCanonicalName() = nappatfpr.appteam.nith.hillffair.activities.ClubActivity, 
08-05 21:04:55.118  8177  8177 D Nappa   : PREFETCH_ON_EXTRA - setCurrentActivity - logs - from activity - made prediction isfalse
08-05 21:04:55.119  8177 11340 D Nappa   : F1_SCORE add_intercept_url - (new) - https://api-hillfair-2k16.herokuapp.com/api/app/club/Design%20and%20Decoration%20Club
08-05 21:04:55.119  8177 11340 D Nappa   : F1_SCORE add_fn_url - (new) - https://api-hillfair-2k16.herokuapp.com/api/app/club/Design%20and%20Decoration%20Club
08-05 21:04:55.119  8177 11340 D Nappa   : -------------F1_SCORE #37 -----------
08-05 21:04:55.119  8177 11340 D Nappa   : F1_SCORE - Intercept list (7)= [https://api-hillfair-2k16.herokuapp.com/api/app/events/special, https://api-hillfair-2k16.herokuapp.com/api/app/events/special/event?id=58065620dcba0f490c70fe09, https://api-hillfair-2k16.herokuapp.com/api/app/events/special/event?id=5806551bdcba0f490c70fd1f, https://api-hillfair-2k16.herokuapp.com/api/app/quiz/leaderboard?from=1, https://api-hillfair-2k16.herokuapp.com/api/app/club, https://api-hillfair-2k16.herokuapp.com/api/app/club/PR%20Club, https://api-hillfair-2k16.herokuapp.com/api/app/club/Design%20and%20Decoration%20Club]
08-05 21:04:55.119  8177 11340 D Nappa   : F1_SCORE - Prefetch list (3)= [https://api-hillfair-2k16.herokuapp.com/api/app/events/special/event?id=5806551bdcba0f490c70fd1f, https://api-hillfair-2k16.herokuapp.com/api/app/events/special/event?id=580655cddcba0f490c70fdd0, https://api-hillfair-2k16.herokuapp.com/api/app/events/special/event?id=58065620dcba0f490c70fe09]
08-05 21:04:55.119  8177 11340 D Nappa   : F1_SCORE - TP list (2)= [https://api-hillfair-2k16.herokuapp.com/api/app/events/special/event?id=58065620dcba0f490c70fe09, https://api-hillfair-2k16.herokuapp.com/api/app/events/special/event?id=5806551bdcba0f490c70fd1f]
08-05 21:04:55.119  8177 11340 D Nappa   : F1_SCORE - FN list (5)= [https://api-hillfair-2k16.herokuapp.com/api/app/events/special, https://api-hillfair-2k16.herokuapp.com/api/app/quiz/leaderboard?from=1, https://api-hillfair-2k16.herokuapp.com/api/app/club, https://api-hillfair-2k16.herokuapp.com/api/app/club/PR%20Club, https://api-hillfair-2k16.herokuapp.com/api/app/club/Design%20and%20Decoration%20Club]
08-05 21:04:55.219  8177  8177 D Nappa   : registerActivity: (already in) nappatfpr.appteam.nith.hillffair.activities.ClubActivity
08-05 21:04:55.219  8177  8211 D Nappa   : registerActivity: (already in) nappatfpr.appteam.nith.hillffair.activities.ClubActivity
08-05 21:04:55.219  8177  8211 D Nappa   : PARENTS 
08-05 21:04:55.219  8177  8211 D Nappa   : Of: nappatfpr.appteam.nith.hillffair.activities.ClubActivity -> 
08-05 21:04:55.219  8177  8211 D Nappa   : PARENTS nappatfpr.appteam.nith.hillffair.activities.BattleDayActivity
08-05 21:04:55.219  8177  8177 D Nappa   : SHOULD_PREFETCH true
08-05 21:04:55.219  8177  8211 D Nappa   : PARENTS has extra: (name, Music)
08-05 21:04:55.219  8177  8211 D Nappa   : PARENTS has extra: (id, 5806551bdcba0f490c70fd1f)
08-05 21:04:55.219  8177  8211 D Nappa   : PARENTS has extra: (battleday, true)
08-05 21:04:55.219  8177  8211 D Nappa   : PARENTS nappatfpr.appteam.nith.hillffair.activities.HomeActivity
08-05 21:04:55.219  8177  8211 D Nappa   : PARENTS nappatfpr.appteam.nith.hillffair.activities.SplashActivity
08-05 21:04:55.219  8177  8211 D Nappa   : PARENTS nappatfpr.appteam.nith.hillffair.activities.EventActivity
08-05 21:04:55.220  8177  8211 D Nappa   : PARENTS has extra: (CLUB_NAME, Design and Decoration Club)
08-05 21:04:55.320  8177  8177 D Nappa   : registerActivity: (already in) nappatfpr.appteam.nith.hillffair.activities.ClubActivity
08-05 21:04:55.320  8177  8177 D Nappa   : STATS Number of requests not prefetched: 7
08-05 21:04:55.320  8177  8177 D Nappa   : STATS Number of requests prefetched: 6
08-05 21:04:55.320  8177  8177 D Nappa   : STATS Time saved until now: 0.484
08-05 21:04:55.519  8177  8211 D Nappa   : PREFETCH_ON_EXTRA - setCurrentActivity - logs - from extra - made prediction istrue
08-05 21:04:55.519  8177  8211 D Nappa   : PREFETCH_ON_EXTRA - setCurrentActivity - logs - from extra - start
08-05 21:04:55.519  8177  8211 D Nappa   : setCurrentActivity - MetricStrategyAccuracy - checking prediction VS current activity for extras
08-05 21:04:55.520  8177  8211 D Nappa   : PREFETCH_ON_EXTRA - setCurrentActivity - logs - from extra- finished
08-05 21:04:55.820  8177  8211 D Nappa   : PREFETCH_ON_EXTRA - setCurrentActivity - starting new prediction
08-05 21:04:55.820  8177  8211 D Nappa   : Current node - currentActivityName - nappatfpr.appteam.nith.hillffair.activities.ClubActivity
08-05 21:04:55.820  8177  8211 D Nappa   : Current node - activityGraph.getCurrent() - nappatfpr.appteam.nith.hillffair.activities.ClubActivity
08-05 21:04:55.822  8177  8211 D Nappa   : PREFETCH_ON_EXTRA - setCurrentActivity - finished new prediction
08-05 21:05:00.038  8177  8177 D Nappa   : Stayed on nappatfpr.appteam.nith.hillffair.activities.ClubActivity for 4718 ms
08-05 21:05:00.045  8177  8177 D Nappa   : setCurrentActivity - MetricStrategyAccuracy - 
08-05 21:05:00.045  8177  8177 D Nappa   : madePredictionFromActivity = true, 
08-05 21:05:00.045  8177  8177 D Nappa   : fromActivity = nappatfpr.appteam.nith.hillffair.activities.ClubActivity, 
08-05 21:05:00.045  8177  8177 D Nappa   : predictedNextActivityFromActivity = [], 
08-05 21:05:00.045  8177  8177 D Nappa   : activity.getClass().getCanonicalName() = nappatfpr.appteam.nith.hillffair.activities.EventActivity, 
08-05 21:05:00.045  8177  8177 D Nappa   : setCurrentActivity - MetricStrategyAccuracy - 
08-05 21:05:00.045  8177  8177 D Nappa   : madePredictionFromExtra = false, 
08-05 21:05:00.045  8177  8177 D Nappa   : fromActivity = nappatfpr.appteam.nith.hillffair.activities.ClubActivity, 
08-05 21:05:00.045  8177  8177 D Nappa   : predictedNextActivityFromExtra = [], 
08-05 21:05:00.045  8177  8177 D Nappa   : activity.getClass().getCanonicalName() = nappatfpr.appteam.nith.hillffair.activities.EventActivity, 
08-05 21:05:00.045  8177  8177 D Nappa   : PREFETCH_ON_EXTRA - setCurrentActivity - logs - from activity - made prediction istrue
08-05 21:05:00.045  8177  8177 D Nappa   : PREFETCH_ON_EXTRA - setCurrentActivity - logs - from activity - start
08-05 21:05:00.045  8177  8177 D Nappa   : PREFETCH_ON_EXTRA - setCurrentActivity - logs - from activity- finished
08-05 21:05:00.145  8177  8177 D Nappa   : registerActivity: (already in) nappatfpr.appteam.nith.hillffair.activities.EventActivity
08-05 21:05:00.146  8177  8177 D Nappa   : SHOULD_PREFETCH false
08-05 21:05:00.146  8177  8177 D Nappa   : STATS Number of requests not prefetched: 8
08-05 21:05:00.146  8177  8177 D Nappa   : STATS Number of requests prefetched: 6
08-05 21:05:00.146  8177  8177 D Nappa   : STATS Time saved until now: 0.484
08-05 21:05:00.445  8177  8211 D Nappa   : PREFETCH_ON_EXTRA - setCurrentActivity - logs - from extra - made prediction isfalse
08-05 21:05:01.942  8177  8211 D Nappa   : PREFETCH_ON_EXTRA - notifyExtras- start
08-05 21:05:01.947  8177  8211 D Nappa   : PREFETCH_ON_EXTRA - notifyExtras- end
08-05 21:05:01.947  8177  8211 D Nappa   : PREFSTRAT2 ADDING NEW ACTEXTRADATA
08-05 21:05:01.954  8177  8177 D Nappa   : Stayed on nappatfpr.appteam.nith.hillffair.activities.EventActivity for 1808 ms
08-05 21:05:01.980  8177  8177 D Nappa   : TAG okHttpClient initialized
08-05 21:05:01.989  8177  8177 D Nappa   : setCurrentActivity - MetricStrategyAccuracy - 
08-05 21:05:01.989  8177  8177 D Nappa   : madePredictionFromActivity = false, 
08-05 21:05:01.989  8177  8177 D Nappa   : fromActivity = nappatfpr.appteam.nith.hillffair.activities.EventActivity, 
08-05 21:05:01.989  8177  8177 D Nappa   : predictedNextActivityFromActivity = [], 
08-05 21:05:01.989  8177  8177 D Nappa   : activity.getClass().getCanonicalName() = nappatfpr.appteam.nith.hillffair.activities.ClubActivity, 
08-05 21:05:01.989  8177 11501 D Nappa   : F1_SCORE add_intercept_url - (new) - https://api-hillfair-2k16.herokuapp.com/api/app/club/Technical%20Committee
08-05 21:05:01.989  8177 11501 D Nappa   : F1_SCORE add_fn_url - (new) - https://api-hillfair-2k16.herokuapp.com/api/app/club/Technical%20Committee
08-05 21:05:01.989  8177  8177 D Nappa   : setCurrentActivity - MetricStrategyAccuracy - 
08-05 21:05:01.989  8177  8177 D Nappa   : madePredictionFromExtra = true, 
08-05 21:05:01.989  8177  8177 D Nappa   : fromActivity = nappatfpr.appteam.nith.hillffair.activities.EventActivity, 
08-05 21:05:01.989  8177  8177 D Nappa   : predictedNextActivityFromExtra = [nappatfpr.appteam.nith.hillffair.activities.ClubActivity], 
08-05 21:05:01.989  8177  8177 D Nappa   : activity.getClass().getCanonicalName() = nappatfpr.appteam.nith.hillffair.activities.ClubActivity, 
08-05 21:05:01.989  8177 11501 D Nappa   : -------------F1_SCORE #39 -----------
