08-06 13:06:38.795   846   974 I art     : Explicit concurrent mark sweep GC freed 140(4KB) AllocSpace objects, 0(0B) LOS objects, 33% free, 32MB/48MB, paused 1.596ms total 53.864ms
08-06 13:06:38.810   846   974 I art     : Starting a blocking GC Explicit
08-06 13:06:38.865   846   974 I art     : Explicit concurrent mark sweep GC freed 3(96B) AllocSpace objects, 0(0B) LOS objects, 33% free, 32MB/48MB, paused 1.536ms total 54.627ms
08-06 13:06:38.881   846   974 I art     : Starting a blocking GC Explicit
08-06 13:06:38.942   846   974 I art     : Explicit concurrent mark sweep GC freed 3(96B) AllocSpace objects, 0(0B) LOS objects, 33% free, 32MB/48MB, paused 1.596ms total 60.950ms
08-06 13:06:38.958   846   974 I art     : Starting a blocking GC Explicit
08-06 13:06:39.014   846   974 I art     : Explicit concurrent mark sweep GC freed 3(96B) AllocSpace objects, 0(0B) LOS objects, 33% free, 32MB/48MB, paused 1.571ms total 56.481ms
08-06 13:06:39.251  1589  1589 D AndroidRuntime: >>>>>> START com.android.internal.os.RuntimeInit uid 2000 <<<<<<
08-06 13:06:39.259  1589  1589 D AndroidRuntime: CheckJNI is OFF
08-06 13:06:39.300  1589  1589 D ICU     : No timezone override file found: /data/misc/zoneinfo/current/icu/icu_tzdata.dat
08-06 13:06:39.343  1589  1589 I Radio-JNI: register_android_hardware_Radio DONE
08-06 13:06:39.372  1589  1589 D AndroidRuntime: Calling main entry com.android.commands.input.Input
08-06 13:06:39.376  1589  1589 I Input   : injectKeyEvent: KeyEvent { action=ACTION_DOWN, keyCode=KEYCODE_BACK, scanCode=0, metaState=0, flags=0x0, repeatCount=0, eventTime=882415789, downTime=882415789, deviceId=-1, source=0x101 }
08-06 13:06:39.384  1589  1589 I Input   : injectKeyEvent: KeyEvent { action=ACTION_UP, keyCode=KEYCODE_BACK, scanCode=0, metaState=0, flags=0x0, repeatCount=0, eventTime=882415789, downTime=882415789, deviceId=-1, source=0x101 }
08-06 13:06:39.390  1589  1589 D AndroidRuntime: Shutting down VM
08-06 13:06:39.409   846   858 I art     : Starting a blocking GC Explicit
08-06 13:06:39.438 13866 13866 I GoogleInputMethodServic: GoogleInputMethodService.onFinishInput():3138 
08-06 13:06:39.439 13866 13866 I GoogleInputMethodServic: GoogleInputMethodService.onStartInput():1808 
08-06 13:06:39.461   846   858 I art     : Explicit concurrent mark sweep GC freed 1969(120KB) AllocSpace objects, 1(20KB) LOS objects, 33% free, 32MB/48MB, paused 1.642ms total 52.432ms
08-06 13:06:39.476   846   858 I art     : Starting a blocking GC Explicit
08-06 13:06:39.527   846   858 I art     : Explicit concurrent mark sweep GC freed 101(3KB) AllocSpace objects, 0(0B) LOS objects, 33% free, 32MB/48MB, paused 1.396ms total 47.982ms
08-06 13:06:39.540   846   858 I art     : Starting a blocking GC Explicit
08-06 13:06:39.588   846   858 I art     : Explicit concurrent mark sweep GC freed 3(96B) AllocSpace objects, 0(0B) LOS objects, 33% free, 32MB/48MB, paused 1.573ms total 47.061ms
08-06 13:06:39.602   846   858 I art     : Starting a blocking GC Explicit
08-06 13:06:39.650   846   858 I art     : Explicit concurrent mark sweep GC freed 3(96B) AllocSpace objects, 0(0B) LOS objects, 33% free, 32MB/48MB, paused 1.355ms total 47.758ms
08-06 13:06:39.664   846   858 I art     : Starting a blocking GC Explicit
08-06 13:06:39.713   846   858 I art     : Explicit concurrent mark sweep GC freed 3(96B) AllocSpace objects, 0(0B) LOS objects, 33% free, 32MB/48MB, paused 1.425ms total 48.933ms
08-06 13:06:39.756   380   380 W SurfaceFlinger: couldn't log to binary event log: overflow.
08-06 13:06:39.779   918  3263 D ConnectivityService: releasing NetworkRequest NetworkRequest [ id=3988, legacyType=-1, [ Capabilities: INTERNET&NOT_RESTRICTED&TRUSTED] ]
08-06 13:06:40.063   846   974 I art     : Starting a blocking GC Explicit
08-06 13:06:40.123   846   974 I art     : Explicit concurrent mark sweep GC freed 2969(161KB) AllocSpace objects, 1(20KB) LOS objects, 33% free, 32MB/48MB, paused 1.570ms total 59.397ms
08-06 13:06:40.139   846   974 I art     : Starting a blocking GC Explicit
08-06 13:06:40.139   846   854 E StrictMode: A resource was acquired at attached stack trace but never released. See java.io.Closeable for information on avoiding resource leaks.
08-06 13:06:40.139   846   854 E StrictMode: java.lang.Throwable: Explicit termination method 'close' not called
08-06 13:06:40.139   846   854 E StrictMode: 	at dalvik.system.CloseGuard.open(CloseGuard.java:180)
08-06 13:06:40.139   846   854 E StrictMode: 	at java.io.FileOutputStream.<init>(FileOutputStream.java:89)
08-06 13:06:40.139   846   854 E StrictMode: 	at okio.Okio.appendingSink(Okio.java:187)
08-06 13:06:40.139   846   854 E StrictMode: 	at okhttp3.internal.io.FileSystem$1.appendingSink(FileSystem.java:59)
08-06 13:06:40.139   846   854 E StrictMode: 	at okhttp3.internal.cache.DiskLruCache.newJournalWriter(DiskLruCache.java:312)
08-06 13:06:40.139   846   854 E StrictMode: 	at okhttp3.internal.cache.DiskLruCache.readJournal(DiskLruCache.java:306)
08-06 13:06:40.139   846   854 E StrictMode: 	at okhttp3.internal.cache.DiskLruCache.initialize(DiskLruCache.java:228)
08-06 13:06:40.139   846   854 E StrictMode: 	at okhttp3.internal.cache.DiskLruCache.get(DiskLruCache.java:430)
08-06 13:06:40.139   846   854 E StrictMode: 	at okhttp3.Cache.get(Cache.java:198)
08-06 13:06:40.139   846   854 E StrictMode: 	at okhttp3.Cache$1.get(Cache.java:145)
08-06 13:06:40.139   846   854 E StrictMode: 	at okhttp3.internal.cache.CacheInterceptor.intercept(CacheInterceptor.java:55)
08-06 13:06:40.139   846   854 E StrictMode: 	at okhttp3.internal.http.RealInterceptorChain.proceed(RealInterceptorChain.java:142)
08-06 13:06:40.139   846   854 E StrictMode: 	at okhttp3.internal.http.RealInterceptorChain.proceed(RealInterceptorChain.java:117)
08-06 13:06:40.139   846   854 E StrictMode: 	at okhttp3.internal.http.BridgeInterceptor.intercept(BridgeInterceptor.java:93)
08-06 13:06:40.139   846   854 E StrictMode: 	at okhttp3.internal.http.RealInterceptorChain.proceed(RealInterceptorChain.java:142)
08-06 13:06:40.139   846   854 E StrictMode: 	at okhttp3.internal.http.RetryAndFollowUpInterceptor.intercept(RetryAndFollowUpInterceptor.java:88)
08-06 13:06:40.139   846   854 E StrictMode: 	at okhttp3.internal.http.RealInterceptorChain.proceed(RealInterceptorChain.java:142)
08-06 13:06:40.139   846   854 E StrictMode: 	at okhttp3.internal.http.RealInterceptorChain.proceed(RealInterceptorChain.java:117)
08-06 13:06:40.139   846   854 E StrictMode: 	at okhttp3.logging.HttpLoggingInterceptor.intercept(HttpLoggingInterceptor.java:223)
08-06 13:06:40.139   846   854 E StrictMode: 	at baseline.io.github.hidroh.materialistic.NetworkModule$LoggingInterceptor.intercept(NetworkModule.java:175)
08-06 13:06:40.139   846   854 E StrictMode: 	at okhttp3.internal.http.RealInterceptorChain.proceed(RealInterceptorChain.java:142)
08-06 13:06:40.139   846   854 E StrictMode: 	at okhttp3.internal.http.RealInterceptorChain.proceed(RealInterceptorChain.java:117)
08-06 13:06:40.139   846   854 E StrictMode: 	at baseline.io.github.hidroh.materialistic.NetworkModule$ConnectionAwareInterceptor.intercept(NetworkModule.java:135)
08-06 13:06:40.139   846   854 E StrictMode: 	at okhttp3.internal.http.RealInterceptorChain.proceed(RealInterceptorChain.java:142)
08-06 13:06:40.139   846   854 E StrictMode: 	at okhttp3.internal.http.RealInterceptorChain.proceed(RealInterceptorChain.java:117)
08-06 13:06:40.139   846   854 E StrictMode: 	at okhttp3.RealCall.getResponseWithInterceptorChain(RealCall.java:229)
08-06 13:06:40.139   846   854 E StrictMode: 	at okhttp3.RealCall.execute(RealCall.java:81)
08-06 13:06:40.139   846   854 E StrictMode: 	at retrofit2.OkHttpCall.execute(OkHttpCall.java:190)
08-06 13:06:40.139   846   854 E StrictMode: 	at retrofit2.adapter.rxjava.CallExecuteOnSubscribe.call(CallExecuteOnSubscribe.java:40)
08-06 13:06:40.139   846   854 E StrictMode: 	at retrofit2.adapter.rxjava.CallExecuteOnSubscribe.call(CallExecuteOnSubscribe.java:24)
08-06 13:06:40.139   846   854 E StrictMode: 	at retrofit2.adapter.rxjava.BodyOnSubscribe.call(BodyOnSubscribe.java:36)
08-06 13:06:40.139   846   854 E StrictMode: 	at retrofit2.adapter.rxjava.BodyOnSubscribe.call(BodyOnSubscribe.java:28)
08-06 13:06:40.139   846   854 E StrictMode: 	at rx.Observable.unsafeSubscribe(Observable.java:10327)
08-06 13:06:40.139   846   854 E StrictMode: 	at rx.internal.operators.OperatorSubscribeOn$SubscribeOnSubscriber.call(OperatorSubscribeOn.java:100)
08-06 13:06:40.139   846   854 E StrictMode: 	at rx.internal.schedulers.CachedThreadScheduler$EventLoopWorker$1.call(CachedThreadScheduler.java:230)
08-06 13:06:40.139   846   854 E StrictMode: 	at rx.internal.schedulers.ScheduledAction.run(ScheduledAction.java:55)
08-06 13:06:40.139   846   854 E StrictMode: 	at java.util.concurrent.Executors$RunnableAdapter.call(Executors.java:423)
08-06 13:06:40.139   846   854 E StrictMode: 	at java.util.concurrent.FutureTask.run(FutureTask.java:237)
08-06 13:06:40.139   846   854 E StrictMode: 	at java.util.concurrent.ScheduledThreadPoolExecutor$ScheduledFutureTask.run(ScheduledThreadPoolExecutor.java:269)
08-06 13:06:40.139   846   854 E StrictMode: 	at java.util.concurrent.ThreadPoolExecutor.runWorker(ThreadPoolExecutor.java:1113)
08-06 13:06:40.139   846   854 E StrictMode: 	at java.util.concurrent.ThreadPoolExecutor$Worker.run(ThreadPoolExecutor.java:588)
08-06 13:06:40.139   846   854 E StrictMode: 	at java.lang.Thread.run(Thread.java:818)
08-06 13:06:40.189   846   974 I art     : Explicit concurrent mark sweep GC freed 16914(1321KB) AllocSpace objects, 10(372KB) LOS objects, 34% free, 30MB/46MB, paused 1.547ms total 50.227ms
08-06 13:06:40.203   846   974 I art     : Starting a blocking GC Explicit
08-06 13:06:40.253   846   974 I art     : Explicit concurrent mark sweep GC freed 197(35KB) AllocSpace objects, 5(140KB) LOS objects, 34% free, 30MB/46MB, paused 1.548ms total 49.575ms
08-06 13:06:40.267   846   974 I art     : Starting a blocking GC Explicit
08-06 13:06:40.317   846   974 I art     : Explicit concurrent mark sweep GC freed 7(304B) AllocSpace objects, 0(0B) LOS objects, 34% free, 30MB/46MB, paused 1.599ms total 49.419ms
08-06 13:06:40.331   846   974 I art     : Starting a blocking GC Explicit
08-06 13:06:40.381   846   974 I art     : Explicit concurrent mark sweep GC freed 3(96B) AllocSpace objects, 0(0B) LOS objects, 34% free, 30MB/46MB, paused 1.617ms total 49.014ms
08-06 13:06:40.761   846  1613 I art     : Starting a blocking GC Explicit
08-06 13:06:40.814   846  1613 I art     : Explicit concurrent mark sweep GC freed 1554(92KB) AllocSpace objects, 1(20KB) LOS objects, 34% free, 30MB/46MB, paused 1.646ms total 52.905ms
08-06 13:06:40.831   846  1613 I art     : Starting a blocking GC Explicit
08-06 13:06:40.879   846  1613 I art     : Explicit concurrent mark sweep GC freed 32(1040B) AllocSpace objects, 0(0B) LOS objects, 34% free, 30MB/46MB, paused 1.615ms total 47.813ms
08-06 13:06:40.893   846  1613 I art     : Starting a blocking GC Explicit
08-06 13:06:40.941   846  1613 I art     : Explicit concurrent mark sweep GC freed 3(96B) AllocSpace objects, 0(0B) LOS objects, 34% free, 30MB/46MB, paused 1.513ms total 47ms
08-06 13:06:40.954   846  1613 I art     : Starting a blocking GC Explicit
08-06 13:06:41.004   846  1613 I art     : Explicit concurrent mark sweep GC freed 3(96B) AllocSpace objects, 0(0B) LOS objects, 34% free, 30MB/46MB, paused 1.604ms total 49.192ms
08-06 13:06:41.018   846  1613 I art     : Starting a blocking GC Explicit
08-06 13:06:41.070   846  1613 I art     : Explicit concurrent mark sweep GC freed 3(96B) AllocSpace objects, 0(0B) LOS objects, 34% free, 30MB/46MB, paused 1.639ms total 51.549ms
08-06 13:06:41.182  1634  1634 D AndroidRuntime: >>>>>> START com.android.internal.os.RuntimeInit uid 2000 <<<<<<
08-06 13:06:41.190  1634  1634 D AndroidRuntime: CheckJNI is OFF
08-06 13:06:41.239  1634  1634 D ICU     : No timezone override file found: /data/misc/zoneinfo/current/icu/icu_tzdata.dat
08-06 13:06:41.282  1634  1634 I Radio-JNI: register_android_hardware_Radio DONE
08-06 13:06:41.311  1634  1634 D AndroidRuntime: Calling main entry com.android.commands.input.Input
08-06 13:06:41.313  1634  1634 I Input   : injectMotionEvent: MotionEvent { action=ACTION_DOWN, actionButton=0, id[0]=0, x[0]=648.0, y[0]=789.0, toolType[0]=TOOL_TYPE_UNKNOWN, buttonState=0, metaState=0, flags=0x0, edgeFlags=0x0, pointerCount=1, historySize=0, eventTime=882417725, downTime=882417725, deviceId=0, source=0x1002 }
08-06 13:06:41.317  1634  1634 I Input   : injectMotionEvent: MotionEvent { action=ACTION_UP, actionButton=0, id[0]=0, x[0]=648.0, y[0]=789.0, toolType[0]=TOOL_TYPE_UNKNOWN, buttonState=0, metaState=0, flags=0x0, edgeFlags=0x0, pointerCount=1, historySize=0, eventTime=882417725, downTime=882417725, deviceId=0, source=0x1002 }
08-06 13:06:41.319  1634  1634 D AndroidRuntime: Shutting down VM
08-06 13:06:41.327   918  6110 I ActivityManager: START u0 {cmp=baseline.io.github.hidroh.materialistic/.ItemActivity (has extras)} from uid 10706 on display 0
08-06 13:06:41.329   512  2967 D audio_hw_primary: out_set_parameters: enter: usecase(1: low-latency-playback) kvpairs: routing=2
08-06 13:06:41.342   512  2967 D audio_hw_primary: select_devices: out_snd_device(2: speaker) in_snd_device(0: none)
08-06 13:06:41.342   512  2967 D msm8974_platform: platform_send_audio_calibration: sending audio calibration for snd_device(2) acdb_id(15)
08-06 13:06:41.342   512  2967 I soundtrigger: audio_extn_sound_trigger_update_device_status: device 0x2 of type 0 for Event 1
08-06 13:06:41.347   846   846 D skia    : --- SkImageDecoder::Factory returned null
08-06 13:06:41.352   512  2967 D audio_hw_primary: enable_snd_device: snd_device(2: speaker)
08-06 13:06:41.354   512  2967 D audio_hw_primary: enable_audio_route: apply and update mixer path: low-latency-playback speaker
08-06 13:06:41.381   846   846 D skia    : --- SkImageDecoder::Factory returned null
08-06 13:06:41.438   918  5952 D ConnectivityService: listenForNetwork for Listen from uid/pid:10706/846 for NetworkRequest [ id=3989, legacyType=-1, [ Capabilities: INTERNET&NOT_RESTRICTED&TRUSTED] ]
08-06 13:06:41.452   846   974 I art     : Starting a blocking GC Explicit
08-06 13:06:41.504   846   974 I art     : Explicit concurrent mark sweep GC freed 15394(737KB) AllocSpace objects, 1(20KB) LOS objects, 33% free, 31MB/47MB, paused 1.672ms total 51.578ms
08-06 13:06:41.518   846   974 I art     : Starting a blocking GC Explicit
08-06 13:06:41.528   846   846 E RecyclerView: No adapter attached; skipping layout
08-06 13:06:41.562   846   974 I art     : Explicit concurrent mark sweep GC freed 2909(126KB) AllocSpace objects, 0(0B) LOS objects, 33% free, 31MB/47MB, paused 1.767ms total 43.843ms
08-06 13:06:41.575   846   974 I art     : Starting a blocking GC Explicit
08-06 13:06:41.602   918   936 I ActivityManager: Displayed baseline.io.github.hidroh.materialistic/.ItemActivity: +266ms
08-06 13:06:41.615 13866 13866 I GoogleInputMethodServic: GoogleInputMethodService.onFinishInput():3138 
08-06 13:06:41.616 13866 13866 I GoogleInputMethodServic: GoogleInputMethodService.onStartInput():1808 
08-06 13:06:41.633   846   974 I art     : Explicit concurrent mark sweep GC freed 550(23KB) AllocSpace objects, 0(0B) LOS objects, 33% free, 31MB/47MB, paused 2.249ms total 58.148ms
08-06 13:06:41.649   846   846 E RecyclerView: No adapter attached; skipping layout
08-06 13:06:41.651   846   974 I art     : Starting a blocking GC Explicit
08-06 13:06:41.674   918   927 I art     : Background partial concurrent mark sweep GC freed 100162(10MB) AllocSpace objects, 111(2MB) LOS objects, 18% free, 69MB/85MB, paused 1.924ms total 215.102ms
08-06 13:06:41.701   846   864 D OpenGLRenderer: endAllStagingAnimators on 0x7f81262000 (FlatCardView) with handle 0x7f797b0b60
08-06 13:06:41.706   846   974 I art     : Explicit concurrent mark sweep GC freed 427(21KB) AllocSpace objects, 0(0B) LOS objects, 33% free, 31MB/47MB, paused 1.594ms total 55.046ms
08-06 13:06:41.720   846   974 I art     : Starting a blocking GC Explicit
08-06 13:06:41.764   846   974 I art     : Explicit concurrent mark sweep GC freed 136(5KB) AllocSpace objects, 0(0B) LOS objects, 33% free, 31MB/47MB, paused 1.464ms total 43.558ms
08-06 13:06:41.824   380   380 W SurfaceFlinger: couldn't log to binary event log: overflow.
08-06 13:06:41.827   918  6110 I AccountManagerService: getTypesVisibleToCaller: isPermitted? true
08-06 13:06:41.909   512  2967 D audio_hw_primary: disable_audio_route: reset and update mixer path: low-latency-playback speaker
08-06 13:06:41.910   512  2967 D audio_hw_primary: disable_snd_device: snd_device(2: speaker)
08-06 13:06:41.920   512  2967 I soundtrigger: audio_extn_sound_trigger_update_device_status: device 0x2 of type 0 for Event 0
08-06 13:06:42.018 13866 13866 I GoogleInputMethodServic: GoogleInputMethodService.onFinishInput():3138 
08-06 13:06:42.019 13866 13866 I GoogleInputMethodServic: GoogleInputMethodService.onStartInput():1808 
08-06 13:06:42.128   846   859 I art     : Starting a blocking GC Explicit
08-06 13:06:42.182   846   859 I art     : Explicit concurrent mark sweep GC freed 5038(328KB) AllocSpace objects, 1(20KB) LOS objects, 33% free, 31MB/47MB, paused 1.691ms total 53.469ms
08-06 13:06:42.196   846   859 I art     : Starting a blocking GC Explicit
08-06 13:06:42.243   846   859 I art     : Explicit concurrent mark sweep GC freed 201(7KB) AllocSpace objects, 0(0B) LOS objects, 33% free, 31MB/47MB, paused 1.614ms total 46.215ms
08-06 13:06:42.256   846   859 I art     : Starting a blocking GC Explicit
08-06 13:06:42.302   846   859 I art     : Explicit concurrent mark sweep GC freed 262(15KB) AllocSpace objects, 0(0B) LOS objects, 33% free, 31MB/47MB, paused 1.614ms total 45.532ms
08-06 13:06:42.316   846   859 I art     : Starting a blocking GC Explicit
08-06 13:06:42.361   846   859 I art     : Explicit concurrent mark sweep GC freed 98(5KB) AllocSpace objects, 0(0B) LOS objects, 33% free, 31MB/47MB, paused 1.646ms total 44.875ms
08-06 13:06:42.374   846   859 I art     : Starting a blocking GC Explicit
08-06 13:06:42.420   846   859 I art     : Explicit concurrent mark sweep GC freed 50(1792B) AllocSpace objects, 0(0B) LOS objects, 33% free, 31MB/47MB, paused 1.626ms total 45.823ms
08-06 13:06:42.778   846   974 I art     : Starting a blocking GC Explicit
08-06 13:06:42.833   846   974 I art     : Explicit concurrent mark sweep GC freed 8580(455KB) AllocSpace objects, 1(20KB) LOS objects, 33% free, 31MB/47MB, paused 1.534ms total 54.411ms
08-06 13:06:42.846   846   974 I art     : Starting a blocking GC Explicit
08-06 13:06:42.889   846   974 I art     : Explicit concurrent mark sweep GC freed 246(8KB) AllocSpace objects, 0(0B) LOS objects, 33% free, 31MB/47MB, paused 1.519ms total 42.054ms
08-06 13:06:42.902   846   974 I art     : Starting a blocking GC Explicit
08-06 13:06:42.947   918  3696 I AccountManagerService: getTypesVisibleToCaller: isPermitted? true
08-06 13:06:42.954   846   974 I art     : Explicit concurrent mark sweep GC freed 2675(197KB) AllocSpace objects, 0(0B) LOS objects, 33% free, 31MB/47MB, paused 2.737ms total 51.819ms
08-06 13:06:42.970   846   974 I art     : Starting a blocking GC Explicit
08-06 13:06:43.015   846   974 I art     : Explicit concurrent mark sweep GC freed 4677(230KB) AllocSpace objects, 0(0B) LOS objects, 33% free, 31MB/47MB, paused 1.665ms total 44.369ms
08-06 13:06:43.028   846   974 I art     : Starting a blocking GC Explicit
08-06 13:06:43.072   846   974 I art     : Explicit concurrent mark sweep GC freed 163(8KB) AllocSpace objects, 0(0B) LOS objects, 33% free, 31MB/47MB, paused 1.650ms total 43.006ms
08-06 13:06:43.208   846   846 I chromium: [INFO:CONSOLE(0)] "Access to XMLHttpRequest at 'https://play.google.com/log?format=json&hasfast=true&authuser=0' from origin 'https://support.google.com' has been blocked by CORS policy: Response to preflight request doesn't pass access control check: No 'Access-Control-Allow-Origin' header is present on the requested resource.", source: https://support.google.com/drive/thread/3708017?hl=en (0)
08-06 13:06:43.455   846   858 I art     : Starting a blocking GC Explicit
08-06 13:06:43.500   846   858 I art     : Explicit concurrent mark sweep GC freed 2152(119KB) AllocSpace objects, 1(20KB) LOS objects, 33% free, 31MB/47MB, paused 1.586ms total 44.479ms
08-06 13:06:43.509 14970 14979 I art     : Background sticky concurrent mark sweep GC freed 64126(6MB) AllocSpace objects, 302(5MB) LOS objects, 39% free, 19MB/32MB, paused 6.274ms total 29.638ms
08-06 13:06:43.514   846   858 I art     : Starting a blocking GC Explicit
08-06 13:06:43.558   846   858 I art     : Explicit concurrent mark sweep GC freed 57(2096B) AllocSpace objects, 0(0B) LOS objects, 33% free, 31MB/47MB, paused 2.086ms total 44.145ms
08-06 13:06:43.572   846   858 I art     : Starting a blocking GC Explicit
08-06 13:06:43.624   846   858 W art     : Suspending all threads took: 5.113ms
08-06 13:06:43.627   846   858 I art     : Explicit concurrent mark sweep GC freed 57(3KB) AllocSpace objects, 0(0B) LOS objects, 33% free, 31MB/47MB, paused 7.093ms total 54.337ms
08-06 13:06:43.642   846   858 I art     : Starting a blocking GC Explicit
08-06 13:06:43.695   846   858 I art     : Explicit concurrent mark sweep GC freed 2192(119KB) AllocSpace objects, 0(0B) LOS objects, 33% free, 31MB/47MB, paused 1.618ms total 52.442ms
08-06 13:06:43.710   846   858 I art     : Starting a blocking GC Explicit
08-06 13:06:43.766   846   858 I art     : Explicit concurrent mark sweep GC freed 108(5KB) AllocSpace objects, 0(0B) LOS objects, 33% free, 31MB/47MB, paused 2.109ms total 56.009ms
08-06 13:06:44.128   846   858 I art     : Starting a blocking GC Explicit
08-06 13:06:44.176   846   858 I art     : Explicit concurrent mark sweep GC freed 1725(109KB) AllocSpace objects, 1(20KB) LOS objects, 33% free, 31MB/47MB, paused 1.774ms total 47.827ms
08-06 13:06:44.190   846   858 I art     : Starting a blocking GC Explicit
08-06 13:06:44.240   846   858 I art     : Explicit concurrent mark sweep GC freed 32(1040B) AllocSpace objects, 0(0B) LOS objects, 33% free, 31MB/47MB, paused 1.605ms total 48.994ms
08-06 13:06:44.254   846   858 I art     : Starting a blocking GC Explicit
08-06 13:06:44.306   846   858 I art     : Explicit concurrent mark sweep GC freed 1747(158KB) AllocSpace objects, 0(0B) LOS objects, 33% free, 31MB/47MB, paused 2.013ms total 51.850ms
08-06 13:06:44.318   918   928 I AccountManagerService: getTypesVisibleToCaller: isPermitted? true
08-06 13:06:44.320   846   858 I art     : Starting a blocking GC Explicit
08-06 13:06:44.370   846   858 I art     : Explicit concurrent mark sweep GC freed 4395(223KB) AllocSpace objects, 0(0B) LOS objects, 33% free, 31MB/47MB, paused 1.679ms total 49.766ms
08-06 13:06:44.384   846   858 I art     : Starting a blocking GC Explicit
08-06 13:06:44.395 29105 29105 I ServiceManager: Waiting for service AtCmdFwd...
08-06 13:06:44.434   846   858 I art     : Explicit concurrent mark sweep GC freed 921(34KB) AllocSpace objects, 0(0B) LOS objects, 33% free, 31MB/47MB, paused 1.682ms total 49.872ms
08-06 13:06:44.633   846   846 I chromium: [INFO:CONSOLE(0)] "Access to XMLHttpRequest at 'https://play.google.com/log?format=json&hasfast=true&authuser=0' from origin 'https://support.google.com' has been blocked by CORS policy: Response to preflight request doesn't pass access control check: No 'Access-Control-Allow-Origin' header is present on the requested resource.", source: https://support.google.com/drive/thread/3708017?hl=en (0)
08-06 13:06:44.673   846   846 I chromium: [INFO:CONSOLE(0)] "Access to XMLHttpRequest at 'https://play.google.com/log?format=json&hasfast=true&authuser=0' from origin 'https://support.google.com' has been blocked by CORS policy: Response to preflight request doesn't pass access control check: No 'Access-Control-Allow-Origin' header is present on the requested resource.", source: https://support.google.com/drive/thread/3708017?hl=en (0)
08-06 13:06:44.811   846   974 I art     : Starting a blocking GC Explicit
08-06 13:06:44.860   846   974 I art     : Explicit concurrent mark sweep GC freed 2114(131KB) AllocSpace objects, 1(20KB) LOS objects, 33% free, 31MB/47MB, paused 1.468ms total 48.390ms
08-06 13:06:44.873   846   974 I art     : Starting a blocking GC Explicit
08-06 13:06:44.920   846   974 I art     : Explicit concurrent mark sweep GC freed 32(1040B) AllocSpace objects, 0(0B) LOS objects, 33% free, 31MB/47MB, paused 1.504ms total 47.007ms
08-06 13:06:44.934   846   974 I art     : Starting a blocking GC Explicit
08-06 13:06:44.979   846   974 I art     : Explicit concurrent mark sweep GC freed 3(96B) AllocSpace objects, 0(0B) LOS objects, 33% free, 31MB/47MB, paused 1.639ms total 45.239ms
08-06 13:06:44.993   846   974 I art     : Starting a blocking GC Explicit
08-06 13:06:45.038   846   974 I art     : Explicit concurrent mark sweep GC freed 89(7KB) AllocSpace objects, 0(0B) LOS objects, 33% free, 31MB/47MB, paused 1.659ms total 44.901ms
08-06 13:06:45.051   846   974 I art     : Starting a blocking GC Explicit
08-06 13:06:45.096   846   974 I art     : Explicit concurrent mark sweep GC freed 101(6KB) AllocSpace objects, 0(0B) LOS objects, 33% free, 31MB/47MB, paused 1.608ms total 44.313ms
08-06 13:06:45.189   846   846 I chromium: [INFO:CONSOLE(101)] "Uncaught [object Object]", source: https://ssl.gstatic.com/support/realtime/operator/1595836850214/operatordeferred_bin_base__en.js (101)
08-06 13:06:45.273   846   846 I chromium: [INFO:CONSOLE(0)] "Access to XMLHttpRequest at 'https://play.google.com/log?format=json&hasfast=true&authuser=0' from origin 'https://support.google.com' has been blocked by CORS policy: Response to preflight request doesn't pass access control check: No 'Access-Control-Allow-Origin' header is present on the requested resource.", source: https://support.google.com/drive/thread/3708017?hl=en (0)
08-06 13:06:45.279   846   846 I chromium: [INFO:CONSOLE(0)] "Access to XMLHttpRequest at 'https://play.google.com/log?format=json&hasfast=true&authuser=0' from origin 'https://support.google.com' has been blocked by CORS policy: Response to preflight request doesn't pass access control check: No 'Access-Control-Allow-Origin' header is present on the requested resource.", source: https://support.google.com/drive/thread/3708017?hl=en (0)
08-06 13:06:45.395 29105 29105 I ServiceManager: Waiting for service AtCmdFwd...
08-06 13:06:45.501   846   858 I art     : Starting a blocking GC Explicit
08-06 13:06:45.557   846   858 I art     : Explicit concurrent mark sweep GC freed 1931(113KB) AllocSpace objects, 1(20KB) LOS objects, 33% free, 31MB/47MB, paused 1.583ms total 55.361ms
08-06 13:06:45.572   846   858 I art     : Starting a blocking GC Explicit
08-06 13:06:45.620   846   858 I art     : Explicit concurrent mark sweep GC freed 72(2576B) AllocSpace objects, 0(0B) LOS objects, 33% free, 31MB/47MB, paused 1.603ms total 47.837ms
08-06 13:06:45.634   846   858 I art     : Starting a blocking GC Explicit
08-06 13:06:45.683   846   858 I art     : Explicit concurrent mark sweep GC freed 3(96B) AllocSpace objects, 0(0B) LOS objects, 33% free, 31MB/47MB, paused 1.570ms total 48.071ms
08-06 13:06:45.697   846   858 I art     : Starting a blocking GC Explicit
08-06 13:06:45.748   846   858 I art     : Explicit concurrent mark sweep GC freed 3(96B) AllocSpace objects, 0(0B) LOS objects, 33% free, 31MB/47MB, paused 1.669ms total 50.590ms
08-06 13:06:45.762   846   858 I art     : Starting a blocking GC Explicit
08-06 13:06:45.813   846   858 I art     : Explicit concurrent mark sweep GC freed 3(96B) AllocSpace objects, 0(0B) LOS objects, 33% free, 31MB/47MB, paused 1.624ms total 50.534ms
08-06 13:06:46.100  1730  1730 D AndroidRuntime: >>>>>> START com.android.internal.os.RuntimeInit uid 2000 <<<<<<
08-06 13:06:46.106  1730  1730 D AndroidRuntime: CheckJNI is OFF
08-06 13:06:46.150  1730  1730 D ICU     : No timezone override file found: /data/misc/zoneinfo/current/icu/icu_tzdata.dat
08-06 13:06:46.193  1730  1730 I Radio-JNI: register_android_hardware_Radio DONE
08-06 13:06:46.222   846  1613 I art     : Starting a blocking GC Explicit
08-06 13:06:46.222  1730  1730 D AndroidRuntime: Calling main entry com.android.commands.input.Input
08-06 13:06:46.224  1730  1730 I Input   : injectMotionEvent: MotionEvent { action=ACTION_DOWN, actionButton=0, id[0]=0, x[0]=355.0, y[0]=693.0, toolType[0]=TOOL_TYPE_UNKNOWN, buttonState=0, metaState=0, flags=0x0, edgeFlags=0x0, pointerCount=1, historySize=0, eventTime=882422637, downTime=882422637, deviceId=0, source=0x1002 }
08-06 13:06:46.232  1730  1730 I Input   : injectMotionEvent: MotionEvent { action=ACTION_UP, actionButton=0, id[0]=0, x[0]=355.0, y[0]=693.0, toolType[0]=TOOL_TYPE_UNKNOWN, buttonState=0, metaState=0, flags=0x0, edgeFlags=0x0, pointerCount=1, historySize=0, eventTime=882422637, downTime=882422637, deviceId=0, source=0x1002 }
08-06 13:06:46.234  1730  1730 D AndroidRuntime: Shutting down VM
08-06 13:06:46.250   512  2967 D audio_hw_primary: out_set_parameters: enter: usecase(1: low-latency-playback) kvpairs: routing=2
08-06 13:06:46.264   512  2967 D audio_hw_primary: select_devices: out_snd_device(2: speaker) in_snd_device(0: none)
08-06 13:06:46.264   512  2967 D msm8974_platform: platform_send_audio_calibration: sending audio calibration for snd_device(2) acdb_id(15)
08-06 13:06:46.265   512  2967 I soundtrigger: audio_extn_sound_trigger_update_device_status: device 0x2 of type 0 for Event 1
08-06 13:06:46.277   512  2967 D audio_hw_primary: enable_snd_device: snd_device(2: speaker)
08-06 13:06:46.277   846  1613 I art     : Explicit concurrent mark sweep GC freed 2018(116KB) AllocSpace objects, 1(20KB) LOS objects, 33% free, 31MB/47MB, paused 2.081ms total 54.423ms
08-06 13:06:46.279   512  2967 D audio_hw_primary: enable_audio_route: apply and update mixer path: low-latency-playback speaker
08-06 13:06:46.290   846  1613 I art     : Starting a blocking GC Explicit
08-06 13:06:46.296   846  1485 D OkHttp  : --> GET https://hacker-news.firebaseio.com/v0/item/23970041.json
08-06 13:06:46.296   846  1485 D OkHttp  : Cache-Control: max-age=1800
08-06 13:06:46.296   846  1485 D OkHttp  : --> END GET
08-06 13:06:46.305   846  1484 D OkHttp  : --> GET https://hacker-news.firebaseio.com/v0/item/23969718.json
08-06 13:06:46.306   846  1484 D OkHttp  : Cache-Control: max-age=1800
08-06 13:06:46.306   846  1484 D OkHttp  : --> END GET
08-06 13:06:46.314   846   915 D OkHttp  : --> GET https://hacker-news.firebaseio.com/v0/item/23969879.json
08-06 13:06:46.314   846   915 D OkHttp  : Cache-Control: max-age=1800
08-06 13:06:46.314   846   915 D OkHttp  : --> END GET
08-06 13:06:46.323   846  1503 D OkHttp  : --> GET https://hacker-news.firebaseio.com/v0/item/23970276.json
08-06 13:06:46.323   846  1503 D OkHttp  : Cache-Control: max-age=1800
08-06 13:06:46.323   846  1503 D OkHttp  : --> END GET
08-06 13:06:46.331   846   887 D OkHttp  : --> GET https://hacker-news.firebaseio.com/v0/item/23969792.json
08-06 13:06:46.331   846   887 D OkHttp  : Cache-Control: max-age=1800
08-06 13:06:46.331   846   887 D OkHttp  : --> END GET
08-06 13:06:46.344   846  1539 D OkHttp  : --> GET https://hacker-news.firebaseio.com/v0/item/23969873.json
08-06 13:06:46.344   846  1539 D OkHttp  : Cache-Control: max-age=1800
08-06 13:06:46.344   846  1613 I art     : Explicit concurrent mark sweep GC freed 8686(614KB) AllocSpace objects, 0(0B) LOS objects, 33% free, 31MB/47MB, paused 2.874ms total 53.127ms
08-06 13:06:46.344   846  1539 D OkHttp  : --> END GET
08-06 13:06:46.354   846  1543 D OkHttp  : --> GET https://hacker-news.firebaseio.com/v0/item/23969703.json
08-06 13:06:46.354   846  1543 D OkHttp  : Cache-Control: max-age=1800
08-06 13:06:46.354   846  1543 D OkHttp  : --> END GET
08-06 13:06:46.357   846  1613 I art     : Starting a blocking GC Explicit
08-06 13:06:46.365   846  1532 D OkHttp  : --> GET https://hacker-news.firebaseio.com/v0/item/23970290.json
08-06 13:06:46.365   846  1532 D OkHttp  : Cache-Control: max-age=1800
08-06 13:06:46.365   846  1532 D OkHttp  : --> END GET
08-06 13:06:46.373   846  1542 D OkHttp  : --> GET https://hacker-news.firebaseio.com/v0/item/23969454.json
08-06 13:06:46.374   846  1542 D OkHttp  : Cache-Control: max-age=1800
08-06 13:06:46.374   846  1542 D OkHttp  : --> END GET
08-06 13:06:46.382   846  1536 D OkHttp  : --> GET https://hacker-news.firebaseio.com/v0/item/23969987.json
08-06 13:06:46.382   846  1536 D OkHttp  : Cache-Control: max-age=1800
08-06 13:06:46.382   846  1536 D OkHttp  : --> END GET
08-06 13:06:46.391   846  1546 D OkHttp  : --> GET https://hacker-news.firebaseio.com/v0/item/23970408.json
08-06 13:06:46.391   846  1546 D OkHttp  : Cache-Control: max-age=1800
08-06 13:06:46.392   846  1546 D OkHttp  : --> END GET
08-06 13:06:46.396 29105 29105 I ServiceManager: Waiting for service AtCmdFwd...
08-06 13:06:46.401   846  1534 D OkHttp  : --> GET https://hacker-news.firebaseio.com/v0/item/23971555.json
08-06 13:06:46.401   846  1534 D OkHttp  : Cache-Control: max-age=1800
08-06 13:06:46.401   846  1534 D OkHttp  : --> END GET
08-06 13:06:46.414   846  1613 I art     : Explicit concurrent mark sweep GC freed 3556(157KB) AllocSpace objects, 0(0B) LOS objects, 33% free, 32MB/48MB, paused 3.184ms total 56.069ms
08-06 13:06:46.417   846   921 D OkHttp  : --> GET https://hacker-news.firebaseio.com/v0/item/23970173.json
08-06 13:06:46.417   846   921 D OkHttp  : Cache-Control: max-age=1800
08-06 13:06:46.417   846   921 D OkHttp  : --> END GET
08-06 13:06:46.428   846  1529 D OkHttp  : --> GET https://hacker-news.firebaseio.com/v0/item/23970932.json
08-06 13:06:46.428   846  1529 D OkHttp  : Cache-Control: max-age=1800
08-06 13:06:46.428   846  1529 D OkHttp  : --> END GET
08-06 13:06:46.429   846  1613 I art     : Starting a blocking GC Explicit
08-06 13:06:46.439   846  1530 D OkHttp  : --> GET https://hacker-news.firebaseio.com/v0/item/23970064.json
08-06 13:06:46.439   846  1530 D OkHttp  : Cache-Control: max-age=1800
08-06 13:06:46.439   846  1530 D OkHttp  : --> END GET
08-06 13:06:46.448   846   920 D OkHttp  : --> GET https://hacker-news.firebaseio.com/v0/item/23970185.json
08-06 13:06:46.448   846   920 D OkHttp  : Cache-Control: max-age=1800
08-06 13:06:46.448   846   920 D OkHttp  : --> END GET
08-06 13:06:46.457   846  1492 D OkHttp  : --> GET https://hacker-news.firebaseio.com/v0/item/23976344.json
08-06 13:06:46.458   846  1492 D OkHttp  : Cache-Control: max-age=1800
08-06 13:06:46.458   846  1492 D OkHttp  : --> END GET
08-06 13:06:46.465   846  1499 D OkHttp  : --> GET https://hacker-news.firebaseio.com/v0/item/23970172.json
08-06 13:06:46.465   846  1499 D OkHttp  : Cache-Control: max-age=1800
08-06 13:06:46.465   846  1499 D OkHttp  : --> END GET
08-06 13:06:46.486   846  1613 I art     : Explicit concurrent mark sweep GC freed 3839(195KB) AllocSpace objects, 0(0B) LOS objects, 32% free, 32MB/48MB, paused 3.751ms total 57.445ms
08-06 13:06:46.497 13866 13866 I GoogleInputMethodServic: GoogleInputMethodService.onFinishInput():3138 
08-06 13:06:46.498 13866 13866 I GoogleInputMethodServic: GoogleInputMethodService.onStartInput():1808 
08-06 13:06:46.501   846  1613 I art     : Starting a blocking GC Explicit
08-06 13:06:46.558   846  1613 I art     : Explicit concurrent mark sweep GC freed 1848(123KB) AllocSpace objects, 2(56KB) LOS objects, 32% free, 32MB/48MB, paused 2.952ms total 57.378ms
08-06 13:06:46.559   846   857 I art     : WaitForGcToComplete blocked for 53.930ms for cause HeapTrim
08-06 13:06:46.818   512  2967 D audio_hw_primary: disable_audio_route: reset and update mixer path: low-latency-playback speaker
08-06 13:06:46.820   512  2967 D audio_hw_primary: disable_snd_device: snd_device(2: speaker)
08-06 13:06:46.829   512  2967 I soundtrigger: audio_extn_sound_trigger_update_device_status: device 0x2 of type 0 for Event 0
08-06 13:06:46.939   846   859 I art     : Starting a blocking GC Explicit
08-06 13:06:46.940   846  1503 D MYTAG   : interceptor 1
08-06 13:06:46.941   846  1503 I NAPPA_EXPERIMENTATION: MetricNetworkRequestExecutionTime: REQUEST_DURATION_SYSTEM='74',REQUEST_DURATION_OKHTTP='74',REQUEST_SYNCHRONOUS='TRUE',RESPONSE_CODE='200',RESPONSE_METHOD='GET',RESPONSE_LENGTH_OKHTTP='742',RESPONSE_LENGTH_HEADER='-2',REQUEST_PROTOCOL='http/1.1',REQUEST_URL='https://hacker-news.firebaseio.com/v0/item/23970276.json',
08-06 13:06:46.944   846  1503 D OkHttp  : <-- 200 OK https://hacker-news.firebaseio.com/v0/item/23970276.json (621ms)
08-06 13:06:46.944   846  1503 D OkHttp  : Server: nginx
08-06 13:06:46.944   846  1503 D OkHttp  : Date: Thu, 06 Aug 2020 11:06:42 GMT
08-06 13:06:46.944   846  1503 D OkHttp  : Content-Type: application/json; charset=utf-8
08-06 13:06:46.944   846  1503 D OkHttp  : Content-Length: 742
08-06 13:06:46.944   846  1503 D OkHttp  : Connection: keep-alive
08-06 13:06:46.944   846  1503 D OkHttp  : Access-Control-Allow-Origin: *
08-06 13:06:46.944   846  1503 D OkHttp  : Strict-Transport-Security: max-age=31556926; includeSubDomains; preload
08-06 13:06:46.944   846  1503 D OkHttp  : Cache-Control: Cache-Control: max-age=1800
08-06 13:06:46.963   846   887 D MYTAG   : interceptor 1
08-06 13:06:46.964   846   887 I NAPPA_EXPERIMENTATION: MetricNetworkRequestExecutionTime: REQUEST_DURATION_SYSTEM='98',REQUEST_DURATION_OKHTTP='98',REQUEST_SYNCHRONOUS='TRUE',RESPONSE_CODE='200',RESPONSE_METHOD='GET',RESPONSE_LENGTH_OKHTTP='331',RESPONSE_LENGTH_HEADER='-2',REQUEST_PROTOCOL='http/1.1',REQUEST_URL='https://hacker-news.firebaseio.com/v0/item/23969792.json',
08-06 13:06:46.967   846   887 D OkHttp  : <-- 200 OK https://hacker-news.firebaseio.com/v0/item/23969792.json (635ms)
08-06 13:06:46.967   846   887 D OkHttp  : Server: nginx
08-06 13:06:46.967   846   887 D OkHttp  : Date: Thu, 06 Aug 2020 11:06:42 GMT
08-06 13:06:46.967   846   887 D OkHttp  : Content-Type: application/json; charset=utf-8
08-06 13:06:46.967   846   887 D OkHttp  : Content-Length: 331
08-06 13:06:46.967   846   887 D OkHttp  : Connection: keep-alive
08-06 13:06:46.967   846   887 D OkHttp  : Access-Control-Allow-Origin: *
08-06 13:06:46.967   846   887 D OkHttp  : Strict-Transport-Security: max-age=31556926; includeSubDomains; preload
08-06 13:06:46.967   846   887 D OkHttp  : Cache-Control: Cache-Control: max-age=1800
08-06 13:06:47.008   846  1503 D OkHttp  : {"by":"kstrauser","id":23970276,"kids":[23972976,23971099,23970652,23970345,23970571],"parent":23969442,"text":"My adventures last week:<p>Question: We have a G Suite Enterprise account. We used to share documents with a contractor. They no longer contract with us. How do we remove that contractor from every shared document.<p>Answer 1: Run this report to get a list of every document shared with them. Manually visit each document and un-share it.<p>Answer 2: Our API docs are at...<p>FFS, Google. I really don&#x27;t think this is that unusual of a request. I refuse to believe that we&#x27;re the first company ever that wanted to remove people from our Google Drive. Why do you make it so difficult?","time":1595889696,"type":"comment"}
08-06 13:06:47.008   846  1503 D OkHttp  : <-- END HTTP (742-byte body)
08-06 13:06:47.011   846   887 D OkHttp  : {"by":"schoolornot","id":23969792,"kids":[23970216,23969986,23969912],"parent":23969442,"text":"Tangential to this is that calendar&#x2F;invite spam continues to be an issue as well. Want to trick someone into visiting a URL? Just send them a calendar invite and chances are they will click it.","time":1595886443,"type":"comment"}
08-06 13:06:47.011   846   887 D OkHttp  : <-- END HTTP (331-byte body)
08-06 13:06:47.014   846   859 I art     : Explicit concurrent mark sweep GC freed 12643(732KB) AllocSpace objects, 4(220KB) LOS objects, 32% free, 33MB/49MB, paused 9.453ms total 74.099ms
08-06 13:06:47.033   846   859 I art     : Starting a blocking GC Explicit
08-06 13:06:47.049   846  1495 D OkHttp  : --> GET https://hacker-news.firebaseio.com/v0/item/23970088.json
08-06 13:06:47.049   846  1495 D OkHttp  : Cache-Control: max-age=1800
08-06 13:06:47.049   846  1495 D OkHttp  : --> END GET
08-06 13:06:47.056   846  1539 D MYTAG   : interceptor 1
08-06 13:06:47.056   846  1539 I NAPPA_EXPERIMENTATION: MetricNetworkRequestExecutionTime: REQUEST_DURATION_SYSTEM='48',REQUEST_DURATION_OKHTTP='48',REQUEST_SYNCHRONOUS='TRUE',RESPONSE_CODE='200',RESPONSE_METHOD='GET',RESPONSE_LENGTH_OKHTTP='383',RESPONSE_LENGTH_HEADER='-2',REQUEST_PROTOCOL='http/1.1',REQUEST_URL='https://hacker-news.firebaseio.com/v0/item/23969873.json',
08-06 13:06:47.058   846  1539 D OkHttp  : <-- 200 OK https://hacker-news.firebaseio.com/v0/item/23969873.json (714ms)
08-06 13:06:47.059   846  1539 D OkHttp  : Server: nginx
08-06 13:06:47.059   846  1539 D OkHttp  : Date: Thu, 06 Aug 2020 11:06:42 GMT
08-06 13:06:47.059   846  1539 D OkHttp  : Content-Type: application/json; charset=utf-8
08-06 13:06:47.059   846  1539 D OkHttp  : Content-Length: 383
08-06 13:06:47.059   846  1539 D OkHttp  : Connection: keep-alive
08-06 13:06:47.059   846  1539 D OkHttp  : Access-Control-Allow-Origin: *
08-06 13:06:47.059   846  1539 D OkHttp  : Strict-Transport-Security: max-age=31556926; includeSubDomains; preload
08-06 13:06:47.059   846  1539 D OkHttp  : Cache-Control: Cache-Control: max-age=1800
08-06 13:06:47.093   846  1539 D OkHttp  : {"by":"agundy","id":23969873,"kids":[23970004],"parent":23969442,"text":"This can be so confusing for non-tech literate people too. My mother asked me to help her, saying she was hacked because there was porn in her Google Drive.<p>It can be really difficult for non-power users to even understand why this is happening or what to do to fix this.","time":1595886956,"type":"comment"}
08-06 13:06:47.093   846  1539 D OkHttp  : <-- END HTTP (383-byte body)
08-06 13:06:47.095   846   859 I art     : Explicit concurrent mark sweep GC freed 27497(1284KB) AllocSpace objects, 2(40KB) LOS objects, 32% free, 33MB/49MB, paused 3.368ms total 61.887ms
08-06 13:06:47.110   846   859 I art     : Starting a blocking GC Explicit
08-06 13:06:47.116   846   914 D OkHttp  : --> GET https://hacker-news.firebaseio.com/v0/item/23972976.json
08-06 13:06:47.116   846   914 D OkHttp  : Cache-Control: max-age=1800
08-06 13:06:47.116   846   914 D OkHttp  : --> END GET
08-06 13:06:47.121   846  1490 D OkHttp  : --> GET https://hacker-news.firebaseio.com/v0/item/23971099.json
08-06 13:06:47.122   846  1490 D OkHttp  : Cache-Control: max-age=1800
08-06 13:06:47.122   846  1490 D OkHttp  : --> END GET
08-06 13:06:47.130   846   922 D OkHttp  : --> GET https://hacker-news.firebaseio.com/v0/item/23970652.json
08-06 13:06:47.130   846   922 D OkHttp  : Cache-Control: max-age=1800
08-06 13:06:47.130   846   922 D OkHttp  : --> END GET
08-06 13:06:47.138   846   916 D OkHttp  : --> GET https://hacker-news.firebaseio.com/v0/item/23970345.json
08-06 13:06:47.138   846   916 D OkHttp  : Cache-Control: max-age=1800
08-06 13:06:47.138   846   916 D OkHttp  : --> END GET
08-06 13:06:47.144   846  1492 D MYTAG   : interceptor 1
08-06 13:06:47.144   846  1492 I NAPPA_EXPERIMENTATION: MetricNetworkRequestExecutionTime: REQUEST_DURATION_SYSTEM='117',REQUEST_DURATION_OKHTTP='116',REQUEST_SYNCHRONOUS='TRUE',RESPONSE_CODE='200',RESPONSE_METHOD='GET',RESPONSE_LENGTH_OKHTTP='185',RESPONSE_LENGTH_HEADER='-2',REQUEST_PROTOCOL='http/1.1',REQUEST_URL='https://hacker-news.firebaseio.com/v0/item/23976344.json',
08-06 13:06:47.146   846  1502 D OkHttp  : --> GET https://hacker-news.firebaseio.com/v0/item/23970571.json
08-06 13:06:47.146   846  1492 D OkHttp  : <-- 200 OK https://hacker-news.firebaseio.com/v0/item/23976344.json (688ms)
08-06 13:06:47.146   846  1502 D OkHttp  : Cache-Control: max-age=1800
08-06 13:06:47.146   846  1492 D OkHttp  : Server: nginx
08-06 13:06:47.146   846  1502 D OkHttp  : --> END GET
08-06 13:06:47.147   846  1492 D OkHttp  : Date: Thu, 06 Aug 2020 11:06:42 GMT
08-06 13:06:47.147   846  1492 D OkHttp  : Content-Type: application/json; charset=utf-8
08-06 13:06:47.147   846  1492 D OkHttp  : Content-Length: 185
08-06 13:06:47.147   846  1492 D OkHttp  : Connection: keep-alive
08-06 13:06:47.147   846  1492 D OkHttp  : Access-Control-Allow-Origin: *
08-06 13:06:47.147   846  1492 D OkHttp  : Strict-Transport-Security: max-age=31556926; includeSubDomains; preload
08-06 13:06:47.147   846  1492 D OkHttp  : Cache-Control: Cache-Control: max-age=1800
08-06 13:06:47.170   846   859 I art     : Explicit concurrent mark sweep GC freed 5088(287KB) AllocSpace objects, 1(20KB) LOS objects, 32% free, 33MB/49MB, paused 3.905ms total 59.601ms
08-06 13:06:47.176   846   917 D OkHttp  : --> GET https://hacker-news.firebaseio.com/v0/item/23970216.json
08-06 13:06:47.176   846   917 D OkHttp  : Cache-Control: max-age=1800
08-06 13:06:47.176   846   917 D OkHttp  : --> END GET
08-06 13:06:47.180   846  1492 D OkHttp  : {"by":"throwaway29102","id":23976344,"parent":23969442,"text":"In the spirit of 2020, maybe making the problem worse will ultimately make it better?","time":1595947590,"type":"comment"}
08-06 13:06:47.180   846  1492 D OkHttp  : <-- END HTTP (185-byte body)
08-06 13:06:47.185   846   859 I art     : Starting a blocking GC Explicit
08-06 13:06:47.186   846   944 D OkHttp  : --> GET https://hacker-news.firebaseio.com/v0/item/23969986.json
08-06 13:06:47.186   846   944 D OkHttp  : Cache-Control: max-age=1800
08-06 13:06:47.186   846   944 D OkHttp  : --> END GET
08-06 13:06:47.195   846  1496 D OkHttp  : --> GET https://hacker-news.firebaseio.com/v0/item/23969912.json
08-06 13:06:47.195   846  1496 D OkHttp  : Cache-Control: max-age=1800
08-06 13:06:47.195   846  1496 D OkHttp  : --> END GET
08-06 13:06:47.200   846  1529 D MYTAG   : interceptor 1
08-06 13:06:47.200   846  1529 I NAPPA_EXPERIMENTATION: MetricNetworkRequestExecutionTime: REQUEST_DURATION_SYSTEM='159',REQUEST_DURATION_OKHTTP='159',REQUEST_SYNCHRONOUS='TRUE',RESPONSE_CODE='200',RESPONSE_METHOD='GET',RESPONSE_LENGTH_OKHTTP='964',RESPONSE_LENGTH_HEADER='-2',REQUEST_PROTOCOL='http/1.1',REQUEST_URL='https://hacker-news.firebaseio.com/v0/item/23970932.json',
08-06 13:06:47.203   846  1529 D OkHttp  : <-- 200 OK https://hacker-news.firebaseio.com/v0/item/23970932.json (775ms)
08-06 13:06:47.204   846  1529 D OkHttp  : Server: nginx
08-06 13:06:47.204   846  1529 D OkHttp  : Date: Thu, 06 Aug 2020 11:06:42 GMT
08-06 13:06:47.204   846  1529 D OkHttp  : Content-Type: application/json; charset=utf-8
08-06 13:06:47.204   846  1529 D OkHttp  : Content-Length: 964
08-06 13:06:47.204   846  1529 D OkHttp  : Connection: keep-alive
08-06 13:06:47.204   846  1529 D OkHttp  : Access-Control-Allow-Origin: *
08-06 13:06:47.204   846  1529 D OkHttp  : Strict-Transport-Security: max-age=31556926; includeSubDomains; preload
08-06 13:06:47.204   846  1529 D OkHttp  : Cache-Control: Cache-Control: max-age=1800
08-06 13:06:47.244   846  1529 D OkHttp  : {"by":"rexreed","id":23970932,"parent":23969442,"text":"I fail to be surprised anymore at the lack of what should be OBVIOUS functionality in some of the largest functionality systems.<p>Whenever i think I might be stupid for missing what should be obvious functionality I submit a ticket to only realize that the functionality not only doesn&#x27;t exist but somehow my really basic suggestion is a &quot;unique&quot; or &quot;profound&quot; idea.<p>Honestly who is hiring these product managers? Who is coming up with these features? Why are what should be no-brainer obvious functionality items missing?<p>Is there something about product management and design I don&#x27;t understand? Why is it that you can&#x27;t get notifications on group calendars or background images on Google docs or lots of other things I&#x27;m forgetting now that at the time I was like &quot;wow I can&#x27;t believe you can&#x27;t do that&quot;","time":1595895791,"type":"comment"}
08-06 13:06:47.244   846  1529 D OkHttp  : <-- END HTTP (964-byte body)
08-06 13:06:47.244   846   859 I art     : Explicit concurrent mark sweep GC freed 3280(214KB) AllocSpace objects, 1(20KB) LOS objects, 32% free, 33MB/49MB, paused 3.601ms total 59.688ms
08-06 13:06:47.258   846  1534 D MYTAG   : interceptor 1
08-06 13:06:47.258   846  1534 I NAPPA_EXPERIMENTATION: MetricNetworkRequestExecutionTime: REQUEST_DURATION_SYSTEM='216',REQUEST_DURATION_OKHTTP='215',REQUEST_SYNCHRONOUS='TRUE',RESPONSE_CODE='200',RESPONSE_METHOD='GET',RESPONSE_LENGTH_OKHTTP='388',RESPONSE_LENGTH_HEADER='-2',REQUEST_PROTOCOL='http/1.1',REQUEST_URL='https://hacker-news.firebaseio.com/v0/item/23971555.json',
08-06 13:06:47.260   846   859 I art     : Starting a blocking GC Explicit
08-06 13:06:47.261   846  1534 D OkHttp  : <-- 200 OK https://hacker-news.firebaseio.com/v0/item/23971555.json (860ms)
08-06 13:06:47.261   846  1534 D OkHttp  : Server: nginx
08-06 13:06:47.261   846  1534 D OkHttp  : Date: Thu, 06 Aug 2020 11:06:42 GMT
08-06 13:06:47.261   846  1534 D OkHttp  : Content-Type: application/json; charset=utf-8
08-06 13:06:47.261   846  1534 D OkHttp  : Content-Length: 388
08-06 13:06:47.261   846  1534 D OkHttp  : Connection: keep-alive
08-06 13:06:47.262   846  1534 D OkHttp  : Access-Control-Allow-Origin: *
08-06 13:06:47.262   846  1534 D OkHttp  : Strict-Transport-Security: max-age=31556926; includeSubDomains; preload
08-06 13:06:47.262   846  1534 D OkHttp  : Cache-Control: Cache-Control: max-age=1800
08-06 13:06:47.278   846   921 D MYTAG   : interceptor 1
