08-05 17:07:40.525 31568 31580 I art     : Explicit concurrent mark sweep GC freed 1364(77KB) AllocSpace objects, 1(20KB) LOS objects, 32% free, 33MB/49MB, paused 206us total 56.555ms
08-05 17:07:40.544 31568 31580 I art     : Starting a blocking GC Explicit
08-05 17:07:40.588 31568 31580 I art     : Explicit concurrent mark sweep GC freed 22(816B) AllocSpace objects, 0(0B) LOS objects, 32% free, 33MB/49MB, paused 186us total 43.767ms
08-05 17:07:40.604 31568 31580 I art     : Starting a blocking GC Explicit
08-05 17:07:40.646 31568 31580 I art     : Explicit concurrent mark sweep GC freed 3(96B) AllocSpace objects, 0(0B) LOS objects, 32% free, 33MB/49MB, paused 181us total 41.992ms
08-05 17:07:40.662 31568 31580 I art     : Starting a blocking GC Explicit
08-05 17:07:40.704 31568 31580 I art     : Explicit concurrent mark sweep GC freed 3(96B) AllocSpace objects, 0(0B) LOS objects, 32% free, 33MB/49MB, paused 188us total 42.300ms
08-05 17:07:40.720 31568 31580 I art     : Starting a blocking GC Explicit
08-05 17:07:40.764 31568 31580 I art     : Explicit concurrent mark sweep GC freed 3(96B) AllocSpace objects, 0(0B) LOS objects, 32% free, 33MB/49MB, paused 232us total 43.628ms
08-05 17:07:41.073 31568 31579 I art     : Starting a blocking GC Explicit
08-05 17:07:41.137 31568 31579 I art     : Explicit concurrent mark sweep GC freed 1274(74KB) AllocSpace objects, 1(20KB) LOS objects, 32% free, 33MB/49MB, paused 208us total 63.131ms
08-05 17:07:41.156 31568 31579 I art     : Starting a blocking GC Explicit
08-05 17:07:41.198 31568 31579 I art     : Explicit concurrent mark sweep GC freed 18(624B) AllocSpace objects, 0(0B) LOS objects, 32% free, 33MB/49MB, paused 176us total 41.898ms
08-05 17:07:41.214 31568 31579 I art     : Starting a blocking GC Explicit
08-05 17:07:41.257 31568 31579 I art     : Explicit concurrent mark sweep GC freed 3(96B) AllocSpace objects, 0(0B) LOS objects, 32% free, 33MB/49MB, paused 237us total 43.057ms
08-05 17:07:41.273 31568 31579 I art     : Starting a blocking GC Explicit
08-05 17:07:41.315 31568 31579 I art     : Explicit concurrent mark sweep GC freed 3(96B) AllocSpace objects, 0(0B) LOS objects, 32% free, 33MB/49MB, paused 185us total 42.272ms
08-05 17:07:41.331 31568 31579 I art     : Starting a blocking GC Explicit
08-05 17:07:41.376 31568 31579 I art     : Explicit concurrent mark sweep GC freed 3(96B) AllocSpace objects, 0(0B) LOS objects, 32% free, 33MB/49MB, paused 189us total 43.800ms
08-05 17:07:41.394 29851 29851 I ServiceManager: Waiting for service AtCmdFwd...
08-05 17:07:41.690 31568 31589 I art     : Starting a blocking GC Explicit
08-05 17:07:41.754 31568 31589 I art     : Explicit concurrent mark sweep GC freed 1275(74KB) AllocSpace objects, 1(20KB) LOS objects, 32% free, 33MB/49MB, paused 185us total 64.221ms
08-05 17:07:41.770 31568 31589 I art     : Starting a blocking GC Explicit
08-05 17:07:41.807 31568 31589 I art     : Explicit concurrent mark sweep GC freed 20(704B) AllocSpace objects, 0(0B) LOS objects, 32% free, 33MB/49MB, paused 193us total 36.629ms
08-05 17:07:41.822 31568 31589 I art     : Starting a blocking GC Explicit
08-05 17:07:41.865 31568 31589 I art     : Explicit concurrent mark sweep GC freed 3(96B) AllocSpace objects, 0(0B) LOS objects, 32% free, 33MB/49MB, paused 191us total 42.777ms
08-05 17:07:41.881 31568 31589 I art     : Starting a blocking GC Explicit
08-05 17:07:41.921 31568 31589 I art     : Explicit concurrent mark sweep GC freed 3(96B) AllocSpace objects, 0(0B) LOS objects, 32% free, 33MB/49MB, paused 185us total 39.170ms
08-05 17:07:41.935 31568 31589 I art     : Waiting for a blocking GC Explicit
08-05 17:07:41.936 31568 31589 I art     : Starting a blocking GC Explicit
08-05 17:07:41.977 31568 31589 I art     : Explicit concurrent mark sweep GC freed 3(96B) AllocSpace objects, 0(0B) LOS objects, 32% free, 33MB/49MB, paused 200us total 41.290ms
08-05 17:07:42.298 31568 31579 I art     : Starting a blocking GC Explicit
08-05 17:07:42.359 31568 31579 I art     : Explicit concurrent mark sweep GC freed 1274(74KB) AllocSpace objects, 1(20KB) LOS objects, 32% free, 33MB/49MB, paused 232us total 59.720ms
08-05 17:07:42.377 31568 31579 I art     : Starting a blocking GC Explicit
08-05 17:07:42.395 29851 29851 I ServiceManager: Waiting for service AtCmdFwd...
08-05 17:07:42.415 31568 31579 I art     : Explicit concurrent mark sweep GC freed 18(624B) AllocSpace objects, 0(0B) LOS objects, 32% free, 33MB/49MB, paused 181us total 38.209ms
08-05 17:07:42.430 31568 31579 I art     : Starting a blocking GC Explicit
08-05 17:07:42.472 31568 31579 I art     : Explicit concurrent mark sweep GC freed 3(96B) AllocSpace objects, 0(0B) LOS objects, 32% free, 33MB/49MB, paused 203us total 41.892ms
08-05 17:07:42.488 31568 31579 I art     : Starting a blocking GC Explicit
08-05 17:07:42.533 31568 31579 I art     : Explicit concurrent mark sweep GC freed 3(96B) AllocSpace objects, 0(0B) LOS objects, 32% free, 33MB/49MB, paused 185us total 43.986ms
08-05 17:07:42.549 31568 31579 I art     : Starting a blocking GC Explicit
08-05 17:07:42.593 31568 31579 I art     : Explicit concurrent mark sweep GC freed 3(96B) AllocSpace objects, 0(0B) LOS objects, 32% free, 33MB/49MB, paused 187us total 43.494ms
08-05 17:07:42.817   918  1210 D NetlinkSocketObserver: NeighborEvent{elapsedMs=1793866691, 192.168.2.254, [7C3953A63323], RTM_NEWNEIGH, NUD_PROBE}
08-05 17:07:42.856 31568 31580 I art     : Starting a blocking GC Explicit
08-05 17:07:42.901 31568 31580 I art     : Explicit concurrent mark sweep GC freed 1274(74KB) AllocSpace objects, 1(20KB) LOS objects, 32% free, 33MB/49MB, paused 200us total 44.456ms
08-05 17:07:42.917 31568 31580 I art     : Starting a blocking GC Explicit
08-05 17:07:42.955 31568 31580 I art     : Explicit concurrent mark sweep GC freed 18(624B) AllocSpace objects, 0(0B) LOS objects, 32% free, 33MB/49MB, paused 186us total 37.183ms
08-05 17:07:42.970 31568 31580 I art     : Starting a blocking GC Explicit
08-05 17:07:43.011 31568 31580 I art     : Explicit concurrent mark sweep GC freed 3(96B) AllocSpace objects, 0(0B) LOS objects, 32% free, 33MB/49MB, paused 192us total 40.346ms
08-05 17:07:43.026 31568 31580 I art     : Starting a blocking GC Explicit
08-05 17:07:43.067 31568 31580 I art     : Explicit concurrent mark sweep GC freed 3(96B) AllocSpace objects, 0(0B) LOS objects, 32% free, 33MB/49MB, paused 216us total 40.801ms
08-05 17:07:43.082 31568 31580 I art     : Starting a blocking GC Explicit
08-05 17:07:43.123 31568 31580 I art     : Explicit concurrent mark sweep GC freed 3(96B) AllocSpace objects, 0(0B) LOS objects, 32% free, 33MB/49MB, paused 189us total 40.075ms
08-05 17:07:43.164 31912 31912 D AndroidRuntime: >>>>>> START com.android.internal.os.RuntimeInit uid 2000 <<<<<<
08-05 17:07:43.169 31912 31912 D AndroidRuntime: CheckJNI is OFF
08-05 17:07:43.201 31912 31912 D ICU     : No timezone override file found: /data/misc/zoneinfo/current/icu/icu_tzdata.dat
08-05 17:07:43.235 31912 31912 I Radio-JNI: register_android_hardware_Radio DONE
08-05 17:07:43.257 31912 31912 D AndroidRuntime: Calling main entry com.android.commands.input.Input
08-05 17:07:43.260 31912 31912 I Input   : injectMotionEvent: MotionEvent { action=ACTION_DOWN, actionButton=0, id[0]=0, x[0]=526.0, y[0]=704.0, toolType[0]=TOOL_TYPE_UNKNOWN, buttonState=0, metaState=0, flags=0x0, edgeFlags=0x0, pointerCount=1, historySize=0, eventTime=810479673, downTime=810479673, deviceId=0, source=0x1002 }
08-05 17:07:43.269 31912 31912 I Input   : injectMotionEvent: MotionEvent { action=ACTION_UP, actionButton=0, id[0]=0, x[0]=526.0, y[0]=704.0, toolType[0]=TOOL_TYPE_UNKNOWN, buttonState=0, metaState=0, flags=0x0, edgeFlags=0x0, pointerCount=1, historySize=0, eventTime=810479673, downTime=810479673, deviceId=0, source=0x1002 }
08-05 17:07:43.273 31912 31912 D AndroidRuntime: Shutting down VM
08-05 17:07:43.338   512  2967 D audio_hw_primary: out_set_parameters: enter: usecase(1: low-latency-playback) kvpairs: routing=2
08-05 17:07:43.351   512  2967 D audio_hw_primary: select_devices: out_snd_device(2: speaker) in_snd_device(0: none)
08-05 17:07:43.351   512  2967 D msm8974_platform: platform_send_audio_calibration: sending audio calibration for snd_device(2) acdb_id(15)
08-05 17:07:43.351   512  2967 I soundtrigger: audio_extn_sound_trigger_update_device_status: device 0x2 of type 0 for Event 1
08-05 17:07:43.362   512  2967 D audio_hw_primary: enable_snd_device: snd_device(2: speaker)
08-05 17:07:43.364   512  2967 D audio_hw_primary: enable_audio_route: apply and update mixer path: low-latency-playback speaker
08-05 17:07:43.379 31568 31579 I art     : Starting a blocking GC Explicit
08-05 17:07:43.395 29851 29851 I ServiceManager: Waiting for service AtCmdFwd...
08-05 17:07:43.422 31568 31579 I art     : Explicit concurrent mark sweep GC freed 1976(130KB) AllocSpace objects, 2(40KB) LOS objects, 32% free, 33MB/49MB, paused 225us total 42.327ms
08-05 17:07:43.437 31568 31579 I art     : Starting a blocking GC Explicit
08-05 17:07:43.477 31568 31579 I art     : Explicit concurrent mark sweep GC freed 219(9KB) AllocSpace objects, 0(0B) LOS objects, 32% free, 33MB/49MB, paused 258us total 40.256ms
08-05 17:07:43.491 31568 31579 I art     : Starting a blocking GC Explicit
08-05 17:07:43.534 31568 31579 I art     : Explicit concurrent mark sweep GC freed 8(240B) AllocSpace objects, 0(0B) LOS objects, 32% free, 33MB/49MB, paused 193us total 41.962ms
08-05 17:07:43.550 31568 31579 I art     : Starting a blocking GC Explicit
08-05 17:07:43.591 31568 31579 I art     : Explicit concurrent mark sweep GC freed 5(176B) AllocSpace objects, 0(0B) LOS objects, 32% free, 33MB/49MB, paused 167us total 40.683ms
08-05 17:07:43.608 31568 31579 I art     : Starting a blocking GC Explicit
08-05 17:07:43.652 31568 31579 I art     : Explicit concurrent mark sweep GC freed 3(96B) AllocSpace objects, 0(0B) LOS objects, 32% free, 33MB/49MB, paused 177us total 43.819ms
08-05 17:07:43.656   918  3188 I hubconnection: sensorhub said: 'set_bias 3: -6.2400, 0.0000, 0.0000'
08-05 17:07:43.909   512  2967 D audio_hw_primary: disable_audio_route: reset and update mixer path: low-latency-playback speaker
08-05 17:07:43.910   512  2967 D audio_hw_primary: disable_snd_device: snd_device(2: speaker)
08-05 17:07:43.918   512  2967 I soundtrigger: audio_extn_sound_trigger_update_device_status: device 0x2 of type 0 for Event 0
08-05 17:07:43.949 31568 31580 I art     : Starting a blocking GC Explicit
08-05 17:07:44.006 31568 31580 I art     : Explicit concurrent mark sweep GC freed 1278(75KB) AllocSpace objects, 1(20KB) LOS objects, 32% free, 33MB/49MB, paused 216us total 56.336ms
08-05 17:07:44.027 31568 31580 I art     : Starting a blocking GC Explicit
08-05 17:07:44.079 31568 31580 I art     : Explicit concurrent mark sweep GC freed 26(880B) AllocSpace objects, 0(0B) LOS objects, 32% free, 33MB/49MB, paused 182us total 51.643ms
08-05 17:07:44.100 31568 31580 I art     : Starting a blocking GC Explicit
08-05 17:07:44.142 31568 31580 I art     : Explicit concurrent mark sweep GC freed 3(96B) AllocSpace objects, 0(0B) LOS objects, 32% free, 33MB/49MB, paused 171us total 42.040ms
08-05 17:07:44.159 31568 31580 I art     : Starting a blocking GC Explicit
08-05 17:07:44.201 31568 31580 I art     : Explicit concurrent mark sweep GC freed 3(96B) AllocSpace objects, 0(0B) LOS objects, 32% free, 33MB/49MB, paused 199us total 41.625ms
08-05 17:07:44.218   518   646 I ThermalEngine: ACTION: GPU - Setting GPU[0] to 450000000
08-05 17:07:44.219 31568 31580 I art     : Starting a blocking GC Explicit
08-05 17:07:44.268 31568 31580 I art     : Explicit concurrent mark sweep GC freed 5(160B) AllocSpace objects, 0(0B) LOS objects, 32% free, 33MB/49MB, paused 253us total 47.328ms
08-05 17:07:44.396 29851 29851 I ServiceManager: Waiting for service AtCmdFwd...
08-05 17:07:44.573 31568 31579 I art     : Starting a blocking GC Explicit
08-05 17:07:44.625 31568 31579 I art     : Explicit concurrent mark sweep GC freed 1279(75KB) AllocSpace objects, 1(20KB) LOS objects, 32% free, 33MB/49MB, paused 258us total 51.960ms
08-05 17:07:44.645 31568 31579 I art     : Starting a blocking GC Explicit
08-05 17:07:44.691 31568 31579 I art     : Explicit concurrent mark sweep GC freed 18(624B) AllocSpace objects, 0(0B) LOS objects, 32% free, 33MB/49MB, paused 244us total 46.242ms
08-05 17:07:44.711 31568 31579 I art     : Starting a blocking GC Explicit
08-05 17:07:44.760 31568 31579 I art     : Explicit concurrent mark sweep GC freed 3(96B) AllocSpace objects, 0(0B) LOS objects, 32% free, 33MB/49MB, paused 248us total 49.372ms
08-05 17:07:44.779 31568 31579 I art     : Starting a blocking GC Explicit
08-05 17:07:44.829 31568 31579 I art     : Explicit concurrent mark sweep GC freed 3(96B) AllocSpace objects, 0(0B) LOS objects, 32% free, 33MB/49MB, paused 248us total 49.580ms
08-05 17:07:44.849 31568 31579 I art     : Starting a blocking GC Explicit
08-05 17:07:44.899 31568 31579 I art     : Explicit concurrent mark sweep GC freed 3(96B) AllocSpace objects, 0(0B) LOS objects, 32% free, 33MB/49MB, paused 247us total 49.468ms
08-05 17:07:45.071 31968 31968 D AndroidRuntime: >>>>>> START com.android.internal.os.RuntimeInit uid 2000 <<<<<<
08-05 17:07:45.079 31968 31968 D AndroidRuntime: CheckJNI is OFF
08-05 17:07:45.127 31968 31968 D ICU     : No timezone override file found: /data/misc/zoneinfo/current/icu/icu_tzdata.dat
08-05 17:07:45.170 31968 31968 I Radio-JNI: register_android_hardware_Radio DONE
08-05 17:07:45.199 31968 31968 D AndroidRuntime: Calling main entry com.android.commands.input.Input
08-05 17:07:45.200 31968 31968 I Input   : injectMotionEvent: MotionEvent { action=ACTION_DOWN, actionButton=0, id[0]=0, x[0]=1197.0, y[0]=1456.0, toolType[0]=TOOL_TYPE_UNKNOWN, buttonState=0, metaState=0, flags=0x0, edgeFlags=0x0, pointerCount=1, historySize=0, eventTime=810481613, downTime=810481613, deviceId=0, source=0x1002 }
08-05 17:07:45.202 31568 31589 I art     : Starting a blocking GC Explicit
08-05 17:07:45.205 31968 31968 I Input   : injectMotionEvent: MotionEvent { action=ACTION_UP, actionButton=0, id[0]=0, x[0]=1197.0, y[0]=1456.0, toolType[0]=TOOL_TYPE_UNKNOWN, buttonState=0, metaState=0, flags=0x0, edgeFlags=0x0, pointerCount=1, historySize=0, eventTime=810481613, downTime=810481613, deviceId=0, source=0x1002 }
08-05 17:07:45.206 31968 31968 D AndroidRuntime: Shutting down VM
08-05 17:07:45.213   512  2967 D audio_hw_primary: out_set_parameters: enter: usecase(1: low-latency-playback) kvpairs: routing=2
08-05 17:07:45.226   512  2967 D audio_hw_primary: select_devices: out_snd_device(2: speaker) in_snd_device(0: none)
08-05 17:07:45.226   512  2967 D msm8974_platform: platform_send_audio_calibration: sending audio calibration for snd_device(2) acdb_id(15)
08-05 17:07:45.226   512  2967 I soundtrigger: audio_extn_sound_trigger_update_device_status: device 0x2 of type 0 for Event 1
08-05 17:07:45.232 31568 31583 D OpenGLRenderer: endAllStagingAnimators on 0x7f81339000 (RippleDrawable) with handle 0x7f81524680
08-05 17:07:45.238   512  2967 D audio_hw_primary: enable_snd_device: snd_device(2: speaker)
08-05 17:07:45.240   512  2967 D audio_hw_primary: enable_audio_route: apply and update mixer path: low-latency-playback speaker
08-05 17:07:45.243 31568 31568 I SettingsManager: Setting string: savedCourse
08-05 17:07:45.253   918  6110 W BackupManagerService: dataChanged but no participant pkg='baseline.com.ak.uobtimetable' uid=10684
08-05 17:07:45.254   918  3359 I ActivityManager: START u0 {flg=0x4000000 cmp=baseline.com.ak.uobtimetable/.MainActivity (has extras)} from uid 10684 on display 0
08-05 17:07:45.262 31568 31589 I art     : Explicit concurrent mark sweep GC freed 4136(213KB) AllocSpace objects, 2(40KB) LOS objects, 32% free, 33MB/49MB, paused 446us total 59.335ms
08-05 17:07:45.272   918  3714 W InputMethodManagerService: Focus gain on non-focused client com.android.internal.view.IInputMethodClient$Stub$Proxy@863227c (uid=10684 pid=31568)
08-05 17:07:45.282 31568 31589 I art     : Starting a blocking GC Explicit
08-05 17:07:45.289 31568 31568 D MainActivity: OnDestroy
08-05 17:07:45.314 31568 31568 D MainActivity: onCreate
08-05 17:07:45.314 31568 31568 I SettingsManager: Getting string: savedSessions
08-05 17:07:45.314 31568 31568 I Settings: No saved sessions
08-05 17:07:45.332 31568 31589 I art     : Explicit concurrent mark sweep GC freed 701(38KB) AllocSpace objects, 0(0B) LOS objects, 32% free, 33MB/49MB, paused 353us total 49.269ms
08-05 17:07:45.350 31568 31589 I art     : Starting a blocking GC Explicit
08-05 17:07:45.355 31568 31568 I SettingsManager: Getting string: savedCourse
08-05 17:07:45.356 31568 31568 D MainActivity: sessionListFragmentArg: updateSessions
08-05 17:07:45.356 31568 31568 D MainActivity: showTermDatesConfigChange: false
08-05 17:07:45.357 31568 31568 D MainActivity: showTermDatesShortcut: false
08-05 17:07:45.360 31568 31568 D MainActivity: Setting initial fragment: SessionListsFragment
08-05 17:07:45.363 31568 31568 I SettingsManager: Getting int: launchCount
08-05 17:07:45.368 31568 31568 D SessionListsFragment: onCreateView
08-05 17:07:45.383 31568 31568 I SettingsManager: Getting string: savedCourse
08-05 17:07:45.387 31568 31568 I SettingsManager: Getting string: savedSessions
08-05 17:07:45.388 31568 31568 D SessionListsFragment: loadArgument: updateSessions
08-05 17:07:45.388 31568 31568 D SessionListsFragment: initialIndex: -1
08-05 17:07:45.392 31568 31992 D HTTP    : Request for: https://uob-timetable-api.adriankeenan.co.uk/sessions?dept=BD002&course=CFIEFAAF%2F02AA%2F0%2FFT&level=ALL+Courses
08-05 17:07:45.394 31568 31568 I WebViewFactory: Loading com.google.android.webview version 84.0.4147.89 (code 414708953)
08-05 17:07:45.396 29851 29851 I ServiceManager: Waiting for service AtCmdFwd...
08-05 17:07:45.408 31568 31589 I art     : Explicit concurrent mark sweep GC freed 5410(319KB) AllocSpace objects, 2(152KB) LOS objects, 31% free, 35MB/51MB, paused 785us total 57.971ms
08-05 17:07:45.430 31568 31589 I art     : Starting a blocking GC Explicit
08-05 17:07:45.486 31568 31589 I art     : Explicit concurrent mark sweep GC freed 4955(402KB) AllocSpace objects, 2(1284KB) LOS objects, 31% free, 34MB/50MB, paused 1.069ms total 55.890ms
08-05 17:07:45.494 31568 31568 I cr_LibraryLoader: Loaded native library version number "84.0.4147.89"
08-05 17:07:45.495 31568 31568 I cr_CachingUmaRecorder: Flushed 5 samples from 5 histograms.
08-05 17:07:45.504 31568 31589 I art     : Starting a blocking GC Explicit
08-05 17:07:45.538 31568 31568 E chromium: [ERROR:filesystem_posix.cc(62)] mkdir /data/user/0/baseline.com.ak.uobtimetable/cache/WebView/Crashpad: No such file or directory (2)
08-05 17:07:45.555 31568 31589 I art     : Explicit concurrent mark sweep GC freed 1479(201KB) AllocSpace objects, 2(40KB) LOS objects, 31% free, 34MB/50MB, paused 649us total 50.459ms
08-05 17:07:45.635   918   928 D ConnectivityService: listenForNetwork for Listen from uid/pid:10684/31568 for NetworkRequest [ id=3455, legacyType=-1, [ Capabilities: INTERNET&NOT_RESTRICTED&TRUSTED] ]
08-05 17:07:45.673 31568 32008 W cr_media: Requires BLUETOOTH permission
08-05 17:07:45.676 31568 31992 I NAPPA_EXPERIMENTATION: MetricNetworkRequestExecutionTime: REQUEST_DURATION_SYSTEM='282',REQUEST_DURATION_OKHTTP='42',REQUEST_SYNCHRONOUS='TRUE',RESPONSE_CODE='200',RESPONSE_METHOD='GET',RESPONSE_LENGTH_OKHTTP='-1',RESPONSE_LENGTH_HEADER='867',REQUEST_PROTOCOL='http/1.1',REQUEST_URL='https://uob-timetable-api.adriankeenan.co.uk/sessions?dept=BD002&course=CFIEFAAF%2F02AA%2F0%2FFT&level=ALL+Courses',
08-05 17:07:45.689 31568 32018 E libEGL  : validate_display:255 error 3008 (EGL_BAD_DISPLAY)
08-05 17:07:45.693 31568 31568 D TermDatesFragment: WebView loaded
08-05 17:07:45.694 31568 31568 D MainActivity: OnResume
08-05 17:07:45.711 31568 31992 I HTTP    : Response was compressed.
08-05 17:07:45.731 31568 31992 I Service : getSessions response time: 1.12
08-05 17:07:45.778   512  2967 D audio_hw_primary: disable_audio_route: reset and update mixer path: low-latency-playback speaker
08-05 17:07:45.780   512  2967 D audio_hw_primary: disable_snd_device: snd_device(2: speaker)
08-05 17:07:45.787   512  2967 I soundtrigger: audio_extn_sound_trigger_update_device_status: device 0x2 of type 0 for Event 0
08-05 17:07:45.802 31568 31568 I TermDatesFragment: Webview load %: 10
08-05 17:07:45.833 31568 31568 I SettingsManager: Getting string: savedSessions
08-05 17:07:45.838   918   936 I ActivityManager: Displayed baseline.com.ak.uobtimetable/.MainActivity: +553ms
08-05 17:07:45.842 31568 31568 I SettingsManager: Setting string: savedSessions
08-05 17:07:45.848   918  4413 W BackupManagerService: dataChanged but no participant pkg='baseline.com.ak.uobtimetable' uid=10684
08-05 17:07:45.849 31568 31568 I SettingsManager: Setting date: savedSessionsTime
08-05 17:07:45.852 31568 31580 I art     : Starting a blocking GC Explicit
08-05 17:07:45.854   918  6110 W BackupManagerService: dataChanged but no participant pkg='baseline.com.ak.uobtimetable' uid=10684
08-05 17:07:45.854 31568 31568 I SettingsManager: Setting string: savedSessionsCourseName
08-05 17:07:45.859   918  4400 W BackupManagerService: dataChanged but no participant pkg='baseline.com.ak.uobtimetable' uid=10684
08-05 17:07:45.860 31568 31568 I SettingsManager: Setting string: savedSessionsDateRange
08-05 17:07:45.866   918   928 W BackupManagerService: dataChanged but no participant pkg='baseline.com.ak.uobtimetable' uid=10684
08-05 17:07:45.867 31568 31568 I SettingsManager: Setting string: timetableUrl
08-05 17:07:45.872   918  5952 W BackupManagerService: dataChanged but no participant pkg='baseline.com.ak.uobtimetable' uid=10684
08-05 17:07:45.872 31568 31568 I SettingsManager: Getting boolean: notifySessionRemindersEnabled
08-05 17:07:45.872 31568 31568 I SettingsManager: Getting int: notifySessionRemindersMinutes
08-05 17:07:45.873 31568 31568 I SettingsManager: Getting boolean: showHiddenSessions
08-05 17:07:45.918 31568 31580 I art     : Explicit concurrent mark sweep GC freed 20231(1202KB) AllocSpace objects, 9(320KB) LOS objects, 31% free, 35MB/51MB, paused 3.449ms total 66.059ms
08-05 17:07:45.919 31568 31568 I SessionReminderNotifier: Created session reminder alarm for f7b4771250a919bd729c1c5a4a459c77 at Mon 08:30:00 10/08/20
08-05 17:07:45.921 31568 31568 I SessionReminderNotifier: Created session reminder alarm for a7f879aabdeb78622c8820a5fb7b64cd at Tue 08:30:00 11/08/20
08-05 17:07:45.923 31568 31568 I SessionReminderNotifier: Created session reminder alarm for 7bc8d7e2c2055711f597c3d9078c6ea3 at Tue 08:30:00 11/08/20
08-05 17:07:45.925 31568 31568 I SessionReminderNotifier: Created session reminder alarm for e0fc978b5db8218778540b4053344581 at Tue 11:00:00 11/08/20
08-05 17:07:45.927 31568 31568 I SessionReminderNotifier: Created session reminder alarm for 21712fef61090882c855a1425543edb5 at Tue 13:30:00 11/08/20
08-05 17:07:45.930 31568 31568 I SessionReminderNotifier: Created session reminder alarm for 65ca4d97f031f29a4d02bbb45a705d8f at Wed 08:30:00 12/08/20
08-05 17:07:45.932 31568 31568 I SessionReminderNotifier: Created session reminder alarm for eeda7741b0bcab58fd9f46dc6ef1d942 at Wed 08:30:00 12/08/20
08-05 17:07:45.934 31568 31568 I SessionReminderNotifier: Created session reminder alarm for c276c1b2075a0beb67f1b3d1e580f920 at Wed 11:00:00 12/08/20
08-05 17:07:45.936 31568 31568 I SessionReminderNotifier: Created session reminder alarm for 79fe0b5c3b887a13ba29db5a33fa2800 at Thu 08:30:00 06/08/20
08-05 17:07:45.938 31568 31568 I SessionReminderNotifier: Created session reminder alarm for 2ba1034116e4fffdd592dbf0796a43d5 at Fri 08:30:00 07/08/20
08-05 17:07:45.938 31568 31568 I SettingsManager: Getting boolean: showHiddenSessions
08-05 17:07:45.939 31568 31568 D SessionListsFragment: 1 sessions for day 0
08-05 17:07:45.939 31568 31568 D SessionListsFragment: 4 sessions for day 1
08-05 17:07:45.939 31568 31568 D SessionListsFragment: 3 sessions for day 2
08-05 17:07:45.939 31568 31568 D SessionListsFragment: 1 sessions for day 3
08-05 17:07:45.939 31568 31568 D SessionListsFragment: 1 sessions for day 4
08-05 17:07:45.940 31568 31580 I art     : Starting a blocking GC Explicit
08-05 17:07:45.997 31568 31568 I SettingsManager: Getting boolean: showHiddenSessions
08-05 17:07:45.998 31568 31568 D SessionListsFragment: Refreshed ViewPager
08-05 17:07:45.998 31568 31568 I SettingsManager: Getting boolean: showHiddenSessions
08-05 17:07:46.000 31568 31568 I SettingsManager: Getting boolean: completedTutorial
08-05 17:07:46.003 31568 31580 I art     : Explicit concurrent mark sweep GC freed 9623(649KB) AllocSpace objects, 3(200KB) LOS objects, 30% free, 35MB/51MB, paused 866us total 62.779ms
08-05 17:07:46.020 31568 31568 I SettingsManager: Getting boolean: showHiddenSessions
08-05 17:07:46.020 31568 31568 I SettingsManager: Getting date: savedSessionsTime
08-05 17:07:46.023 31568 31580 I art     : Starting a blocking GC Explicit
08-05 17:07:46.034 13866 13866 I GoogleInputMethodServic: GoogleInputMethodService.onFinishInput():3138 
08-05 17:07:46.035 13866 13866 I GoogleInputMethodServic: GoogleInputMethodService.onStartInput():1808 
08-05 17:07:46.088 31568 31580 I art     : Explicit concurrent mark sweep GC freed 18716(914KB) AllocSpace objects, 0(0B) LOS objects, 30% free, 36MB/52MB, paused 1.523ms total 64.368ms
08-05 17:07:46.108 31568 31580 I art     : Starting a blocking GC Explicit
08-05 17:07:46.171 31568 31580 I art     : Explicit concurrent mark sweep GC freed 27313(1146KB) AllocSpace objects, 0(0B) LOS objects, 30% free, 36MB/52MB, paused 1.307ms total 62.879ms
08-05 17:07:46.191 31568 31580 I art     : Starting a blocking GC Explicit
08-05 17:07:46.258 31568 31580 I art     : Explicit concurrent mark sweep GC freed 25304(1038KB) AllocSpace objects, 0(0B) LOS objects, 30% free, 36MB/52MB, paused 2.116ms total 67.330ms
08-05 17:07:46.396 29851 29851 W Atfwd_Sendcmd: AtCmdFwd service not published, waiting... retryCnt : 2
08-05 17:07:46.563 31568 31579 I art     : Starting a blocking GC Explicit
08-05 17:07:46.652 31568 31579 I art     : Explicit concurrent mark sweep GC freed 114407(4MB) AllocSpace objects, 1(20KB) LOS objects, 30% free, 36MB/52MB, paused 609us total 88.727ms
08-05 17:07:46.674 31568 31579 I art     : Starting a blocking GC Explicit
08-05 17:07:46.699 31568 31568 I Choreographer: Skipped 39 frames!  The application may be doing too much work on its main thread.
08-05 17:07:46.736 31568 31579 I art     : Explicit concurrent mark sweep GC freed 3194(282KB) AllocSpace objects, 0(0B) LOS objects, 30% free, 36MB/52MB, paused 578us total 61.374ms
08-05 17:07:46.758 31568 31579 I art     : Starting a blocking GC Explicit
08-05 17:07:46.764 31568 31568 I TermDatesFragment: Webview load %: 70
08-05 17:07:46.804 31568 31568 I TermDatesFragment: Webview load %: 100
08-05 17:07:46.805 31568 31568 I TermDatesFragment: Webview load %: 100
08-05 17:07:46.821 31568 31579 I art     : Explicit concurrent mark sweep GC freed 473(29KB) AllocSpace objects, 0(0B) LOS objects, 30% free, 36MB/52MB, paused 475us total 62.513ms
08-05 17:07:46.841 31568 31579 I art     : Starting a blocking GC Explicit
08-05 17:07:46.906 31568 31579 I art     : Explicit concurrent mark sweep GC freed 36(1696B) AllocSpace objects, 0(0B) LOS objects, 30% free, 36MB/52MB, paused 440us total 64.777ms
08-05 17:07:46.929 31568 31579 I art     : Starting a blocking GC Explicit
08-05 17:07:46.997 31568 31579 I art     : Explicit concurrent mark sweep GC freed 187(8KB) AllocSpace objects, 0(0B) LOS objects, 30% free, 36MB/52MB, paused 439us total 67.766ms
08-05 17:07:46.997 31568 31578 I art     : WaitForGcToComplete blocked for 19.746ms for cause HeapTrim
08-05 17:07:47.067  5179  5194 D QcrilMsgTunnelSocket: readRilMessage: Buffer = [B@671e81d HexData = [010000000404000011000000514f454d484f4f4bef0308000100000003]
08-05 17:07:47.067  5179  5194 D QcrilMsgTunnelSocket: Rcvd UNSOL response with 28 bytes data for SUB0
08-05 17:07:47.068  5179  5194 D QcrilMsgTunnelSocket: Response ID 525295 is not served in this process.
08-05 17:07:47.068  5179  5194 D QcrilMsgTunnelSocket: To broadcast an Intent via the notifier to external apps
08-05 17:07:47.068  5179  5179 D QcrilMsgTunnelIfaceManager: handleMessage what = 0
08-05 17:07:47.069  5179  5179 D QcrilMsgTunnelIfaceManager: Broadcasting intent ACTION_UNSOL_RESPONSE_OEM_HOOK_RAW
08-05 17:07:47.071  5164  5164 D QC_RIL_OEM_HOOK: Received Broadcast Intent ACTION_UNSOL_RESPONSE_OEM_HOOK_RAW
08-05 17:07:47.072  5164  5164 D QC_RIL_OEM_HOOK: Oem ID in QCRILHOOK UNSOL RESP is QOEMHOOK
08-05 17:07:47.334 31568 32048 I art     : Starting a blocking GC Explicit
08-05 17:07:47.428 31568 32048 I art     : Explicit concurrent mark sweep GC freed 1548(87KB) AllocSpace objects, 1(20KB) LOS objects, 30% free, 36MB/52MB, paused 488us total 93.785ms
08-05 17:07:47.458 31568 32048 I art     : Starting a blocking GC Explicit
08-05 17:07:47.516 31568 32048 I art     : Explicit concurrent mark sweep GC freed 121322(11MB) AllocSpace objects, 3(136KB) LOS objects, 38% free, 25MB/41MB, paused 394us total 58.331ms
08-05 17:07:47.530 31568 32048 I art     : Starting a blocking GC Explicit
08-05 17:07:47.566 31568 32048 I art     : Explicit concurrent mark sweep GC freed 5(224B) AllocSpace objects, 0(0B) LOS objects, 38% free, 25MB/41MB, paused 394us total 35.494ms
08-05 17:07:47.580 31568 32048 I art     : Starting a blocking GC Explicit
08-05 17:07:47.621 31568 32048 I art     : Explicit concurrent mark sweep GC freed 29(992B) AllocSpace objects, 0(0B) LOS objects, 38% free, 25MB/41MB, paused 429us total 40.322ms
08-05 17:07:47.637 31568 32048 I art     : Starting a blocking GC Explicit
08-05 17:07:47.673 31568 32048 I art     : Explicit concurrent mark sweep GC freed 35(1136B) AllocSpace objects, 0(0B) LOS objects, 38% free, 25MB/41MB, paused 419us total 35.452ms
08-05 17:07:48.021 31568 32048 I art     : Starting a blocking GC Explicit
08-05 17:07:48.072 31568 32048 I art     : Explicit concurrent mark sweep GC freed 1382(78KB) AllocSpace objects, 1(20KB) LOS objects, 38% free, 25MB/41MB, paused 452us total 50.968ms
08-05 17:07:48.090 31568 32048 I art     : Starting a blocking GC Explicit
08-05 17:07:48.130 31568 32048 I art     : Explicit concurrent mark sweep GC freed 18(624B) AllocSpace objects, 0(0B) LOS objects, 38% free, 25MB/41MB, paused 432us total 39.859ms
08-05 17:07:48.145 31568 32048 I art     : Starting a blocking GC Explicit
08-05 17:07:48.186 31568 32048 I art     : Explicit concurrent mark sweep GC freed 3(96B) AllocSpace objects, 0(0B) LOS objects, 38% free, 25MB/41MB, paused 416us total 40.131ms
08-05 17:07:48.201 31568 32048 I art     : Starting a blocking GC Explicit
08-05 17:07:48.240 31568 32048 I art     : Explicit concurrent mark sweep GC freed 3(96B) AllocSpace objects, 0(0B) LOS objects, 38% free, 25MB/41MB, paused 435us total 38.874ms
08-05 17:07:48.255 31568 32048 I art     : Starting a blocking GC Explicit
08-05 17:07:48.299 31568 32048 I art     : Explicit concurrent mark sweep GC freed 7(224B) AllocSpace objects, 0(0B) LOS objects, 38% free, 25MB/41MB, paused 508us total 43.565ms
08-05 17:07:48.526 21092 21092 I Finsky  : [1] xow.onStartJob(3): SCH: onJobSchedulerWakeup with jobId 9016
08-05 17:07:48.535 21092 21092 I Finsky  : [1] xjw.a(9): Scheduling fallback in 43199998 (absolute: 1837072408)
08-05 17:07:48.540 21092 21092 I Finsky  : [1] xjw.a(9): Scheduling fallback in 64799995 (absolute: 1858672410)
08-05 17:07:48.548 21092 21092 I Finsky  : [1] xow.onStartJob(3): SCH: onJobSchedulerWakeup with jobId 9011
08-05 17:07:48.555 21092 21092 I Finsky  : [1] xjw.a(9): Scheduling fallback in 43199998 (absolute: 1837072427)
08-05 17:07:48.559 21092 21092 I Finsky  : [1] xjw.a(9): Scheduling fallback in 64799997 (absolute: 1858672430)
08-05 17:07:48.565 21092 21092 W Finsky  : [1] xow.onStartJob(9): SCH: onJobSchedulerWakeup while already running
08-05 17:07:48.668 31568 31589 I art     : Starting a blocking GC Explicit
08-05 17:07:48.715 31568 31589 I art     : Explicit concurrent mark sweep GC freed 1319(76KB) AllocSpace objects, 1(20KB) LOS objects, 38% free, 25MB/41MB, paused 449us total 47.403ms
08-05 17:07:48.726 21092 21092 I Finsky  : [1] xkf.handleMessage(8): SCH: DeviceState: DeviceState{currentTime=1596640068718, isCharging=false, isIdle=false, netAny=true, netNotRoaming=true, netUnmetered=true, batteryPercent=100.0}
08-05 17:07:48.733 21092 31531 I Finsky  : [6458] xmu.a(8): SCH: Jobs in database: 1-1337 3-215 3-216 12-1 24-77777777 26-1414141414 
08-05 17:07:48.735 31568 31589 I art     : Starting a blocking GC Explicit
08-05 17:07:48.738 21092 21092 I Finsky  : [1] xkg.a(16): SCH: Running job: 12-1
08-05 17:07:48.739 21092 21092 I Finsky  : [1] ContentSyncJob.a(16): [ContentSync] job started
08-05 17:07:48.740 21092 21092 I Finsky  : [1] xkf.handleMessage(61): SCH: RunningQueue size: 1, PendingQueue size: 0
08-05 17:07:48.740 21092 21092 I Finsky  : [1] xkf.handleMessage(64): SCH: Running queue: 12-1 
08-05 17:07:48.768 31568 31589 I art     : Explicit concurrent mark sweep GC freed 18(624B) AllocSpace objects, 0(0B) LOS objects, 38% free, 25MB/41MB, paused 379us total 33.347ms
08-05 17:07:48.782 31568 31589 I art     : Starting a blocking GC Explicit
08-05 17:07:48.811 21092 31557 I Finsky  : [6464] dzn.a(22): Completed 0 account content syncs with 0 successful.
08-05 17:07:48.812 21092 21092 I Finsky  : [1] ContentSyncJob.a(1): [ContentSync] Installation state replication succeeded.
08-05 17:07:48.812 21092 21092 I Finsky  : [1] xlr.a(13): SCH: jobFinished: 12-1. TimeElapsed: 74ms.
08-05 17:07:48.813 21092 21092 I Finsky  : [1] xkg.a(36): SCH: Job 12-1 finished. Not rescheduling.
08-05 17:07:48.814 21092 21092 I Finsky  : [1] xkf.handleMessage(61): SCH: RunningQueue size: 0, PendingQueue size: 0
08-05 17:07:48.814 21092 21092 I Finsky  : [1] xkf.handleMessage(25): Executor finished
08-05 17:07:48.815 31568 31589 I art     : Explicit concurrent mark sweep GC freed 3(96B) AllocSpace objects, 0(0B) LOS objects, 38% free, 25MB/41MB, paused 384us total 32.580ms
08-05 17:07:48.829 31568 31589 I art     : Starting a blocking GC Explicit
08-05 17:07:48.831 21092 21092 I Finsky  : [1] xmu.a(8): SCH: Jobs in database: 1-1337 3-215 3-216 24-77777777 26-1414141414 
08-05 17:07:48.833 21092 21092 I Finsky  : [1] xio.a(57): SCH: ConstraintMapping: 24-77777777,  -> L: 0ms, D: 14531687ms, C: false, I: true, N: 0
08-05 17:07:48.833 21092 21092 I Finsky  : [1] xio.a(57): SCH: ConstraintMapping: 1-1337,  -> L: 17884078ms, D: 61084078ms, C: false, I: false, N: 1
08-05 17:07:48.834 21092 21092 I Finsky  : [1] xio.a(57): SCH: ConstraintMapping: 3-215,  -> L: 0ms, D: 72958618ms, C: false, I: true, N: 2
08-05 17:07:48.834 21092 21092 I Finsky  : [1] xio.a(57): SCH: ConstraintMapping: 3-216,  -> L: 0ms, D: 72958649ms, C: true, I: true, N: 2
08-05 17:07:48.835 21092 21092 I Finsky  : [1] xio.a(57): SCH: ConstraintMapping: 26-1414141414,  -> L: 22531546ms, D: 23431546ms, C: false, I: false, N: 0
08-05 17:07:48.845 21092 21092 I Finsky  : [1] xle.a(34): Cancelling existing jobscheduler jobs: 9014 9012 9017 9019 9000 9013 9015 9018 
08-05 17:07:48.845 21092 21092 I Finsky  : [1] xle.a(10): Throttling wakeup for job 9001 (expected to run in 0 ms) due to recent wakeup
08-05 17:07:48.845 21092 21092 I Finsky  : [1] xle.a(27): Scheduling job Id: 9001, L: 30000, D: 14531687, C: false, I: true, N: 0
08-05 17:07:48.847 21092 21092 I Finsky  : [1] xle.a(27): Scheduling job Id: 9002, L: 17884078, D: 61084078, C: false, I: false, N: 1
08-05 17:07:48.848 21092 21092 I Finsky  : [1] xle.a(10): Throttling wakeup for job 9003 (expected to run in 0 ms) due to recent wakeup
08-05 17:07:48.849 21092 21092 I Finsky  : [1] xle.a(27): Scheduling job Id: 9003, L: 30000, D: 72958618, C: false, I: true, N: 2
08-05 17:07:48.850 21092 21092 I Finsky  : [1] xle.a(10): Throttling wakeup for job 9004 (expected to run in 0 ms) due to recent wakeup
08-05 17:07:48.850 21092 21092 I Finsky  : [1] xle.a(27): Scheduling job Id: 9004, L: 30000, D: 72958649, C: true, I: true, N: 2
08-05 17:07:48.851 21092 21092 I Finsky  : [1] xle.a(27): Scheduling job Id: 9005, L: 22531546, D: 23431546, C: false, I: false, N: 0
08-05 17:07:48.853 21092 21092 I Finsky  : [1] xle.a(10): Throttling wakeup for job 9006 (expected to run in 0 ms) due to recent wakeup
08-05 17:07:48.853 21092 21092 I Finsky  : [1] xle.a(27): Scheduling job Id: 9006, L: 30000, D: 14531687, C: false, I: true, N: 0
08-05 17:07:48.854 21092 21092 I Finsky  : [1] xle.a(27): Scheduling job Id: 9007, L: 17884078, D: 61084078, C: false, I: false, N: 1
08-05 17:07:48.855 21092 21092 I Finsky  : [1] xle.a(10): Throttling wakeup for job 9008 (expected to run in 0 ms) due to recent wakeup
08-05 17:07:48.855 21092 21092 I Finsky  : [1] xle.a(27): Scheduling job Id: 9008, L: 30000, D: 72958618, C: false, I: true, N: 2
08-05 17:07:48.857 21092 21092 I Finsky  : [1] xle.a(10): Throttling wakeup for job 9009 (expected to run in 0 ms) due to recent wakeup
08-05 17:07:48.857 21092 21092 I Finsky  : [1] xle.a(27): Scheduling job Id: 9009, L: 30000, D: 72958649, C: true, I: true, N: 2
08-05 17:07:48.858 21092 21092 I Finsky  : [1] xle.a(27): Scheduling job Id: 9010, L: 22531546, D: 23431546, C: false, I: false, N: 0
08-05 17:07:48.860 31568 31589 I art     : Explicit concurrent mark sweep GC freed 3(96B) AllocSpace objects, 0(0B) LOS objects, 38% free, 25MB/41MB, paused 382us total 30.927ms
08-05 17:07:48.871   918  3261 D WifiStateMachine: starting scan for "H369AA63323"WPA_PSK with 2412,5180
08-05 17:07:48.874 31568 31589 I art     : Starting a blocking GC Explicit
08-05 17:07:48.909 31568 31589 I art     : Explicit concurrent mark sweep GC freed 3(96B) AllocSpace objects, 0(0B) LOS objects, 38% free, 25MB/41MB, paused 409us total 34.684ms
08-05 17:07:49.269 31568 32048 I art     : Starting a blocking GC Explicit
08-05 17:07:49.317 31568 32048 I art     : Explicit concurrent mark sweep GC freed 1293(75KB) AllocSpace objects, 1(20KB) LOS objects, 38% free, 25MB/41MB, paused 442us total 46.711ms
08-05 17:07:49.332 31568 32048 I art     : Starting a blocking GC Explicit
08-05 17:07:49.370 31568 32048 I art     : Explicit concurrent mark sweep GC freed 18(624B) AllocSpace objects, 0(0B) LOS objects, 38% free, 25MB/41MB, paused 409us total 37.247ms
08-05 17:07:49.384 31568 32048 I art     : Starting a blocking GC Explicit
08-05 17:07:49.424 31568 32048 I art     : Explicit concurrent mark sweep GC freed 3(96B) AllocSpace objects, 0(0B) LOS objects, 38% free, 25MB/41MB, paused 431us total 39.177ms
08-05 17:07:49.439 31568 32048 I art     : Starting a blocking GC Explicit
08-05 17:07:49.477 31568 32048 I art     : Explicit concurrent mark sweep GC freed 3(96B) AllocSpace objects, 0(0B) LOS objects, 38% free, 25MB/41MB, paused 483us total 38.168ms
08-05 17:07:49.493 31568 32048 I art     : Starting a blocking GC Explicit
08-05 17:07:49.526 31568 32048 I art     : Explicit concurrent mark sweep GC freed 3(96B) AllocSpace objects, 0(0B) LOS objects, 38% free, 25MB/41MB, paused 394us total 33.461ms
08-05 17:07:49.877 31568 32048 I art     : Starting a blocking GC Explicit
08-05 17:07:49.922 31568 32048 I art     : Explicit concurrent mark sweep GC freed 1313(76KB) AllocSpace objects, 1(20KB) LOS objects, 38% free, 25MB/41MB, paused 413us total 43.894ms
08-05 17:07:49.938 31568 32048 I art     : Starting a blocking GC Explicit
08-05 17:07:49.978 31568 32048 I art     : Explicit concurrent mark sweep GC freed 44(1664B) AllocSpace objects, 0(0B) LOS objects, 38% free, 25MB/41MB, paused 575us total 39.432ms
08-05 17:07:49.994 31568 32048 I art     : Starting a blocking GC Explicit
08-05 17:07:50.037 31568 32048 I art     : Explicit concurrent mark sweep GC freed 56(1712B) AllocSpace objects, 0(0B) LOS objects, 38% free, 25MB/41MB, paused 476us total 42.744ms
08-05 17:07:50.037 32098 32098 D AndroidRuntime: >>>>>> START com.android.internal.os.RuntimeInit uid 2000 <<<<<<
08-05 17:07:50.043 32098 32098 D AndroidRuntime: CheckJNI is OFF
08-05 17:07:50.053 31568 32048 I art     : Starting a blocking GC Explicit
08-05 17:07:50.088 32098 32098 D ICU     : No timezone override file found: /data/misc/zoneinfo/current/icu/icu_tzdata.dat
08-05 17:07:50.090 31568 32048 I art     : Explicit concurrent mark sweep GC freed 7(384B) AllocSpace objects, 0(0B) LOS objects, 38% free, 25MB/41MB, paused 455us total 36.240ms
08-05 17:07:50.104 31568 32048 I art     : Starting a blocking GC Explicit
08-05 17:07:50.135 32098 32098 I Radio-JNI: register_android_hardware_Radio DONE
08-05 17:07:50.140 31568 32048 I art     : Explicit concurrent mark sweep GC freed 150(10KB) AllocSpace objects, 0(0B) LOS objects, 38% free, 25MB/41MB, paused 468us total 35.698ms
08-05 17:07:50.165 32098 32098 D AndroidRuntime: Calling main entry com.android.commands.input.Input
08-05 17:07:50.168 32098 32098 I Input   : injectMotionEvent: MotionEvent { action=ACTION_DOWN, actionButton=0, id[0]=0, x[0]=1215.0, y[0]=1450.0, toolType[0]=TOOL_TYPE_UNKNOWN, buttonState=0, metaState=0, flags=0x0, edgeFlags=0x0, pointerCount=1, historySize=0, eventTime=810486580, downTime=810486580, deviceId=0, source=0x1002 }
08-05 17:07:50.174 32098 32098 I Input   : injectMotionEvent: MotionEvent { action=ACTION_UP, actionButton=0, id[0]=0, x[0]=1215.0, y[0]=1450.0, toolType[0]=TOOL_TYPE_UNKNOWN, buttonState=0, metaState=0, flags=0x0, edgeFlags=0x0, pointerCount=1, historySize=0, eventTime=810486580, downTime=810486580, deviceId=0, source=0x1002 }
08-05 17:07:50.176 32098 32098 D AndroidRuntime: Shutting down VM
08-05 17:07:50.183   512  2967 D audio_hw_primary: out_set_parameters: enter: usecase(1: low-latency-playback) kvpairs: routing=2
08-05 17:07:50.196   512  2967 D audio_hw_primary: select_devices: out_snd_device(2: speaker) in_snd_device(0: none)
08-05 17:07:50.196   512  2967 D msm8974_platform: platform_send_audio_calibration: sending audio calibration for snd_device(2) acdb_id(15)
08-05 17:07:50.197   512  2967 I soundtrigger: audio_extn_sound_trigger_update_device_status: device 0x2 of type 0 for Event 1
08-05 17:07:50.214   512  2967 D audio_hw_primary: enable_snd_device: snd_device(2: speaker)
08-05 17:07:50.217   512  2967 D audio_hw_primary: enable_audio_route: apply and update mixer path: low-latency-playback speaker
08-05 17:07:50.444 31568 31589 I art     : Starting a blocking GC Explicit
08-05 17:07:50.494 31568 31589 I art     : Explicit concurrent mark sweep GC freed 1707(110KB) AllocSpace objects, 1(20KB) LOS objects, 38% free, 25MB/41MB, paused 437us total 49.990ms
08-05 17:07:50.509 31568 31589 I art     : Starting a blocking GC Explicit
08-05 17:07:50.545 31568 31589 I art     : Explicit concurrent mark sweep GC freed 1045(73KB) AllocSpace objects, 1(40KB) LOS objects, 38% free, 25MB/41MB, paused 413us total 36.318ms
08-05 17:07:50.560 31568 31589 I art     : Starting a blocking GC Explicit
08-05 17:07:50.597 31568 31589 I art     : Explicit concurrent mark sweep GC freed 3(96B) AllocSpace objects, 0(0B) LOS objects, 38% free, 25MB/41MB, paused 408us total 36.812ms
08-05 17:07:50.611 31568 31589 I art     : Starting a blocking GC Explicit
08-05 17:07:50.649 31568 31589 I art     : Explicit concurrent mark sweep GC freed 3(96B) AllocSpace objects, 0(0B) LOS objects, 38% free, 25MB/41MB, paused 420us total 37.036ms
08-05 17:07:50.663 31568 31589 I art     : Starting a blocking GC Explicit
08-05 17:07:50.700 31568 31589 I art     : Explicit concurrent mark sweep GC freed 3(96B) AllocSpace objects, 0(0B) LOS objects, 38% free, 25MB/41MB, paused 438us total 36.545ms
08-05 17:07:50.761   512  2967 D audio_hw_primary: disable_audio_route: reset and update mixer path: low-latency-playback speaker
08-05 17:07:50.763   512  2967 D audio_hw_primary: disable_snd_device: snd_device(2: speaker)
08-05 17:07:50.771   512  2967 I soundtrigger: audio_extn_sound_trigger_update_device_status: device 0x2 of type 0 for Event 0
08-05 17:07:51.010 31568 32048 I art     : Starting a blocking GC Explicit
08-05 17:07:51.061 31568 32048 I art     : Explicit concurrent mark sweep GC freed 1294(75KB) AllocSpace objects, 1(20KB) LOS objects, 38% free, 25MB/41MB, paused 463us total 51.370ms
08-05 17:07:51.079 31568 32048 I art     : Starting a blocking GC Explicit
08-05 17:07:51.117 31568 32048 I art     : Explicit concurrent mark sweep GC freed 20(704B) AllocSpace objects, 0(0B) LOS objects, 38% free, 25MB/41MB, paused 452us total 37.268ms
08-05 17:07:51.131 31568 32048 I art     : Starting a blocking GC Explicit
08-05 17:07:51.169 31568 32048 I art     : Explicit concurrent mark sweep GC freed 3(96B) AllocSpace objects, 0(0B) LOS objects, 38% free, 25MB/41MB, paused 421us total 37.219ms
08-05 17:07:51.183 31568 32048 I art     : Starting a blocking GC Explicit
08-05 17:07:51.221 31568 32048 I art     : Explicit concurrent mark sweep GC freed 3(96B) AllocSpace objects, 0(0B) LOS objects, 38% free, 25MB/41MB, paused 430us total 37.194ms
08-05 17:07:51.236 31568 32048 I art     : Starting a blocking GC Explicit
08-05 17:07:51.273 31568 32048 I art     : Explicit concurrent mark sweep GC freed 3(96B) AllocSpace objects, 0(0B) LOS objects, 38% free, 25MB/41MB, paused 429us total 37.151ms
08-05 17:07:51.583 31568 31579 I art     : Starting a blocking GC Explicit
08-05 17:07:51.622 31568 31579 I art     : Explicit concurrent mark sweep GC freed 1293(75KB) AllocSpace objects, 1(20KB) LOS objects, 38% free, 25MB/41MB, paused 436us total 38.560ms
08-05 17:07:51.637 31568 31579 I art     : Starting a blocking GC Explicit
08-05 17:07:51.672 31568 31579 I art     : Explicit concurrent mark sweep GC freed 18(624B) AllocSpace objects, 0(0B) LOS objects, 38% free, 25MB/41MB, paused 414us total 34.312ms
08-05 17:07:51.686 31568 31579 I art     : Starting a blocking GC Explicit
08-05 17:07:51.722 31568 31579 I art     : Explicit concurrent mark sweep GC freed 3(96B) AllocSpace objects, 0(0B) LOS objects, 38% free, 25MB/41MB, paused 424us total 35.607ms
08-05 17:07:51.736 31568 31579 I art     : Starting a blocking GC Explicit
08-05 17:07:51.772 31568 31579 I art     : Explicit concurrent mark sweep GC freed 3(96B) AllocSpace objects, 0(0B) LOS objects, 38% free, 25MB/41MB, paused 418us total 35.623ms
08-05 17:07:51.787 31568 31579 I art     : Starting a blocking GC Explicit
08-05 17:07:51.822 31568 31579 I art     : Explicit concurrent mark sweep GC freed 4(128B) AllocSpace objects, 0(0B) LOS objects, 38% free, 25MB/41MB, paused 409us total 34.553ms
08-05 17:07:51.984 32141 32141 D AndroidRuntime: >>>>>> START com.android.internal.os.RuntimeInit uid 2000 <<<<<<
08-05 17:07:51.991 32141 32141 D AndroidRuntime: CheckJNI is OFF
08-05 17:07:52.037 32141 32141 D ICU     : No timezone override file found: /data/misc/zoneinfo/current/icu/icu_tzdata.dat
08-05 17:07:52.083 32141 32141 I Radio-JNI: register_android_hardware_Radio DONE
08-05 17:07:52.113 32141 32141 D AndroidRuntime: Calling main entry com.android.commands.input.Input
08-05 17:07:52.116 32141 32141 I Input   : injectMotionEvent: MotionEvent { action=ACTION_DOWN, actionButton=0, id[0]=0, x[0]=1215.0, y[0]=1482.0, toolType[0]=TOOL_TYPE_UNKNOWN, buttonState=0, metaState=0, flags=0x0, edgeFlags=0x0, pointerCount=1, historySize=0, eventTime=810488528, downTime=810488528, deviceId=0, source=0x1002 }
08-05 17:07:52.121 32141 32141 I Input   : injectMotionEvent: MotionEvent { action=ACTION_UP, actionButton=0, id[0]=0, x[0]=1215.0, y[0]=1482.0, toolType[0]=TOOL_TYPE_UNKNOWN, buttonState=0, metaState=0, flags=0x0, edgeFlags=0x0, pointerCount=1, historySize=0, eventTime=810488528, downTime=810488528, deviceId=0, source=0x1002 }
08-05 17:07:52.122 32141 32141 D AndroidRuntime: Shutting down VM
08-05 17:07:52.132 31568 31568 I SettingsManager: Setting boolean: completedTutorial
08-05 17:07:52.135   512  2967 D audio_hw_primary: out_set_parameters: enter: usecase(1: low-latency-playback) kvpairs: routing=2
08-05 17:07:52.140   918   929 W BackupManagerService: dataChanged but no participant pkg='baseline.com.ak.uobtimetable' uid=10684
08-05 17:07:52.148   512  2967 D audio_hw_primary: select_devices: out_snd_device(2: speaker) in_snd_device(0: none)
08-05 17:07:52.148   512  2967 D msm8974_platform: platform_send_audio_calibration: sending audio calibration for snd_device(2) acdb_id(15)
08-05 17:07:52.149   512  2967 I soundtrigger: audio_extn_sound_trigger_update_device_status: device 0x2 of type 0 for Event 1
08-05 17:07:52.150   918  6110 W InputMethodManagerService: Window already focused, ignoring focus gain of: com.android.internal.view.IInputMethodClient$Stub$Proxy@d2a494b attribute=null, token = android.os.BinderProxy@4143629
08-05 17:07:52.157 31568 31589 I art     : Starting a blocking GC Explicit
08-05 17:07:52.168   512  2967 D audio_hw_primary: enable_snd_device: snd_device(2: speaker)
08-05 17:07:52.171   512  2967 D audio_hw_primary: enable_audio_route: apply and update mixer path: low-latency-playback speaker
08-05 17:07:52.190 31568 31589 I art     : Explicit concurrent mark sweep GC freed 1516(96KB) AllocSpace objects, 2(40KB) LOS objects, 38% free, 25MB/41MB, paused 390us total 32.772ms
08-05 17:07:52.204 31568 31589 I art     : Starting a blocking GC Explicit
08-05 17:07:52.242 31568 31589 I art     : Explicit concurrent mark sweep GC freed 1007(68KB) AllocSpace objects, 1(40KB) LOS objects, 38% free, 25MB/41MB, paused 408us total 38.028ms
08-05 17:07:52.258 31568 31589 I art     : Starting a blocking GC Explicit
08-05 17:07:52.298 31568 31589 I art     : Explicit concurrent mark sweep GC freed 3(96B) AllocSpace objects, 0(0B) LOS objects, 38% free, 25MB/41MB, paused 395us total 39.077ms
08-05 17:07:52.316 31568 31589 I art     : Starting a blocking GC Explicit
