08-05 17:39:22.474 22981 22994 I art     : Starting a blocking GC Explicit
08-05 17:39:22.553 22981 22994 I art     : Explicit concurrent mark sweep GC freed 9(320B) AllocSpace objects, 0(0B) LOS objects, 29% free, 37MB/53MB, paused 507us total 78.500ms
08-05 17:39:22.650   512  2967 D audio_hw_primary: disable_audio_route: reset and update mixer path: low-latency-playback speaker
08-05 17:39:22.652   512  2967 D audio_hw_primary: disable_snd_device: snd_device(2: speaker)
08-05 17:39:22.660   512  2967 I soundtrigger: audio_extn_sound_trigger_update_device_status: device 0x2 of type 0 for Event 0
08-05 17:39:22.904 22981 22994 I art     : Starting a blocking GC Explicit
08-05 17:39:22.985 22981 22994 I art     : Explicit concurrent mark sweep GC freed 1295(75KB) AllocSpace objects, 1(20KB) LOS objects, 29% free, 37MB/53MB, paused 533us total 80.393ms
08-05 17:39:22.993 20011 20011 I ServiceManager: Waiting for service AtCmdFwd...
08-05 17:39:23.008 22981 22994 I art     : Starting a blocking GC Explicit
08-05 17:39:23.084 22981 22994 I art     : Explicit concurrent mark sweep GC freed 22(752B) AllocSpace objects, 0(0B) LOS objects, 29% free, 37MB/53MB, paused 533us total 75.240ms
08-05 17:39:23.108 22981 22994 I art     : Starting a blocking GC Explicit
08-05 17:39:23.187 22981 22994 I art     : Explicit concurrent mark sweep GC freed 3(96B) AllocSpace objects, 0(0B) LOS objects, 29% free, 37MB/53MB, paused 530us total 78.435ms
08-05 17:39:23.211 22981 22994 I art     : Starting a blocking GC Explicit
08-05 17:39:23.289 22981 22994 I art     : Explicit concurrent mark sweep GC freed 3(96B) AllocSpace objects, 0(0B) LOS objects, 29% free, 37MB/53MB, paused 540us total 77.595ms
08-05 17:39:23.312 22981 22994 I art     : Starting a blocking GC Explicit
08-05 17:39:23.384 22981 22994 I art     : Explicit concurrent mark sweep GC freed 3(96B) AllocSpace objects, 0(0B) LOS objects, 29% free, 37MB/53MB, paused 535us total 71.977ms
08-05 17:39:23.712 22981 23005 I art     : Starting a blocking GC Explicit
08-05 17:39:23.799 22981 23005 I art     : Explicit concurrent mark sweep GC freed 1301(75KB) AllocSpace objects, 1(20KB) LOS objects, 29% free, 37MB/53MB, paused 552us total 85.864ms
08-05 17:39:23.802 24271 24271 D AndroidRuntime: >>>>>> START com.android.internal.os.RuntimeInit uid 2000 <<<<<<
08-05 17:39:23.809 24271 24271 D AndroidRuntime: CheckJNI is OFF
08-05 17:39:23.828 22981 23005 I art     : Starting a blocking GC Explicit
08-05 17:39:23.853 24271 24271 D ICU     : No timezone override file found: /data/misc/zoneinfo/current/icu/icu_tzdata.dat
08-05 17:39:23.898 24271 24271 I Radio-JNI: register_android_hardware_Radio DONE
08-05 17:39:23.901 22981 23005 I art     : Explicit concurrent mark sweep GC freed 31(1040B) AllocSpace objects, 0(0B) LOS objects, 29% free, 37MB/53MB, paused 535us total 72.717ms
08-05 17:39:23.925 22981 23005 I art     : Starting a blocking GC Explicit
08-05 17:39:23.930 24271 24271 D AndroidRuntime: Calling main entry com.android.commands.input.Input
08-05 17:39:23.932 24271 24271 I Input   : injectMotionEvent: MotionEvent { action=ACTION_DOWN, actionButton=0, id[0]=0, x[0]=1197.0, y[0]=1456.0, toolType[0]=TOOL_TYPE_UNKNOWN, buttonState=0, metaState=0, flags=0x0, edgeFlags=0x0, pointerCount=1, historySize=0, eventTime=812380344, downTime=812380344, deviceId=0, source=0x1002 }
08-05 17:39:23.937 24271 24271 I Input   : injectMotionEvent: MotionEvent { action=ACTION_UP, actionButton=0, id[0]=0, x[0]=1197.0, y[0]=1456.0, toolType[0]=TOOL_TYPE_UNKNOWN, buttonState=0, metaState=0, flags=0x0, edgeFlags=0x0, pointerCount=1, historySize=0, eventTime=812380344, downTime=812380344, deviceId=0, source=0x1002 }
08-05 17:39:23.939 24271 24271 D AndroidRuntime: Shutting down VM
08-05 17:39:23.948   512  2967 D audio_hw_primary: out_set_parameters: enter: usecase(1: low-latency-playback) kvpairs: routing=2
08-05 17:39:23.961   512  2967 D audio_hw_primary: select_devices: out_snd_device(2: speaker) in_snd_device(0: none)
08-05 17:39:23.961   512  2967 D msm8974_platform: platform_send_audio_calibration: sending audio calibration for snd_device(2) acdb_id(15)
08-05 17:39:23.961   512  2967 I soundtrigger: audio_extn_sound_trigger_update_device_status: device 0x2 of type 0 for Event 1
08-05 17:39:23.968 22981 23000 D OpenGLRenderer: endAllStagingAnimators on 0x7f94ae8c00 (RippleDrawable) with handle 0x7f78ca8100
08-05 17:39:23.972   512  2967 D audio_hw_primary: enable_snd_device: snd_device(2: speaker)
08-05 17:39:23.975   512  2967 D audio_hw_primary: enable_audio_route: apply and update mixer path: low-latency-playback speaker
08-05 17:39:23.975 22981 22981 I SettingsManager: Setting string: savedCourse
08-05 17:39:23.976   918  3359 W BackupManagerService: dataChanged but no participant pkg='baseline.com.ak.uobtimetable' uid=10684
08-05 17:39:23.977   918  5952 I ActivityManager: START u0 {flg=0x4000000 cmp=baseline.com.ak.uobtimetable/.MainActivity (has extras)} from uid 10684 on display 0
08-05 17:39:23.993 20011 20011 I ServiceManager: Waiting for service AtCmdFwd...
08-05 17:39:23.994   918  6112 W InputMethodManagerService: Focus gain on non-focused client com.android.internal.view.IInputMethodClient$Stub$Proxy@ec28c (uid=10684 pid=22981)
08-05 17:39:23.999 22981 23005 I art     : Explicit concurrent mark sweep GC freed 2419(113KB) AllocSpace objects, 0(0B) LOS objects, 29% free, 37MB/53MB, paused 741us total 73.879ms
08-05 17:39:24.015 22981 22981 D MainActivity: OnDestroy
08-05 17:39:24.022 22981 23005 I art     : Starting a blocking GC Explicit
08-05 17:39:24.040 22981 22981 D MainActivity: onCreate
08-05 17:39:24.040 22981 22981 I SettingsManager: Getting string: savedSessions
08-05 17:39:24.040 22981 22981 I SettingsManager: Getting string: savedSessions
08-05 17:39:24.051 22981 22981 I SettingsManager: Getting string: savedSessionsCourseName
08-05 17:39:24.051 22981 22981 I SettingsManager: Getting string: savedSessionsCourseName
08-05 17:39:24.051 22981 22981 I SettingsManager: Getting string: savedSessionsDateRange
08-05 17:39:24.051 22981 22981 I SettingsManager: Getting string: savedSessionsDateRange
08-05 17:39:24.051 22981 22981 I Settings: 15 saved sessions - Artificial Intelligence and Robotics (with Foundation Year) - BSc (Hons) - Ltn - Y0 Feb FT - Weeks: 24-38 (8 Jun 2020-20 Sep 2020)
08-05 17:39:24.094 22981 23005 I art     : Explicit concurrent mark sweep GC freed 9394(439KB) AllocSpace objects, 0(0B) LOS objects, 29% free, 38MB/54MB, paused 797us total 71.751ms
08-05 17:39:24.095 22981 22981 I SettingsManager: Getting string: savedCourse
08-05 17:39:24.096 22981 22981 D MainActivity: sessionListFragmentArg: updateSessions
08-05 17:39:24.096 22981 22981 D MainActivity: showTermDatesConfigChange: false
08-05 17:39:24.096 22981 22981 D MainActivity: showTermDatesShortcut: false
08-05 17:39:24.097 22981 22981 D MainActivity: Setting initial fragment: SessionListsFragment
08-05 17:39:24.098 22981 22981 I SettingsManager: Getting int: launchCount
08-05 17:39:24.099 22981 22981 D SessionListsFragment: onCreateView
08-05 17:39:24.104 22981 22981 I SettingsManager: Getting string: savedCourse
08-05 17:39:24.109 22981 22981 I SettingsManager: Getting string: savedSessions
08-05 17:39:24.117 22981 23005 I art     : Starting a blocking GC Explicit
08-05 17:39:24.121 22981 22981 D SessionListsFragment: loadArgument: updateSessions
08-05 17:39:24.121 22981 22981 D SessionListsFragment: initialIndex: -1
08-05 17:39:24.123 22981 24294 D HTTP    : Request for: https://uob-timetable-api.adriankeenan.co.uk/sessions?dept=CM010&course=BSAIFAAF%2F02AA%2F0%2FFT&level=Foundation+Year
08-05 17:39:24.138 22981 22981 D TermDatesFragment: WebView loaded
08-05 17:39:24.139 22981 22981 D MainActivity: OnResume
08-05 17:39:24.197 22981 23005 I art     : Explicit concurrent mark sweep GC freed 10626(509KB) AllocSpace objects, 3(1380KB) LOS objects, 29% free, 37MB/53MB, paused 895us total 79.820ms
08-05 17:39:24.218 22981 22981 I TermDatesFragment: Webview load %: 10
08-05 17:39:24.238   918   936 I ActivityManager: Displayed baseline.com.ak.uobtimetable/.MainActivity: +239ms
08-05 17:39:24.239 13866 13866 I GoogleInputMethodServic: GoogleInputMethodService.onFinishInput():3138 
08-05 17:39:24.239 13866 13866 I GoogleInputMethodServic: GoogleInputMethodService.onStartInput():1808 
08-05 17:39:24.384 22981 22981 I TermDatesFragment: Webview load %: 70
08-05 17:39:24.395 22981 22981 I TermDatesFragment: Webview load %: 100
08-05 17:39:24.396 22981 22981 I TermDatesFragment: Webview load %: 100
08-05 17:39:24.406 22981 24294 I NAPPA_EXPERIMENTATION: MetricNetworkRequestExecutionTime: REQUEST_DURATION_SYSTEM='281',REQUEST_DURATION_OKHTTP='60',REQUEST_SYNCHRONOUS='TRUE',RESPONSE_CODE='200',RESPONSE_METHOD='GET',RESPONSE_LENGTH_OKHTTP='-1',RESPONSE_LENGTH_HEADER='1214',REQUEST_PROTOCOL='http/1.1',REQUEST_URL='https://uob-timetable-api.adriankeenan.co.uk/sessions?dept=CM010&course=BSAIFAAF%2F02AA%2F0%2FFT&level=Foundation+Year',
08-05 17:39:24.440 22981 24294 I HTTP    : Response was compressed.
08-05 17:39:24.454 22981 24294 I Service : getSessions response time: 1.10
08-05 17:39:24.455 22981 22981 I SettingsManager: Getting string: savedSessions
08-05 17:39:24.456 22981 22981 I SettingsManager: Getting string: savedSessions
08-05 17:39:24.466 22981 22981 I Service : Sessions updated: 15
08-05 17:39:24.466 22981 22981 I Service : Sessions removed from new list: 0
08-05 17:39:24.475 22981 22981 I SettingsManager: Setting string: savedSessions
08-05 17:39:24.475   918   928 W BackupManagerService: dataChanged but no participant pkg='baseline.com.ak.uobtimetable' uid=10684
08-05 17:39:24.476 22981 22981 I SettingsManager: Setting date: savedSessionsTime
08-05 17:39:24.486   918  5952 W BackupManagerService: dataChanged but no participant pkg='baseline.com.ak.uobtimetable' uid=10684
08-05 17:39:24.486 22981 22981 I SettingsManager: Setting string: savedSessionsCourseName
08-05 17:39:24.486   918  6112 W BackupManagerService: dataChanged but no participant pkg='baseline.com.ak.uobtimetable' uid=10684
08-05 17:39:24.487 22981 22981 I SettingsManager: Setting string: savedSessionsDateRange
08-05 17:39:24.487   918  4413 W BackupManagerService: dataChanged but no participant pkg='baseline.com.ak.uobtimetable' uid=10684
08-05 17:39:24.487 22981 22981 I SettingsManager: Setting string: timetableUrl
08-05 17:39:24.487   918  3670 W BackupManagerService: dataChanged but no participant pkg='baseline.com.ak.uobtimetable' uid=10684
08-05 17:39:24.488 22981 22981 I SettingsManager: Getting boolean: notifySessionRemindersEnabled
08-05 17:39:24.488 22981 22981 I SettingsManager: Getting int: notifySessionRemindersMinutes
08-05 17:39:24.488 22981 22981 I SettingsManager: Getting boolean: showHiddenSessions
08-05 17:39:24.490 22981 22981 I SessionReminderNotifier: Created session reminder alarm for f7b4771250a919bd729c1c5a4a459c77 at Mon 08:30:00 10/08/20
08-05 17:39:24.492 22981 22981 I SessionReminderNotifier: Created session reminder alarm for a7f879aabdeb78622c8820a5fb7b64cd at Tue 08:30:00 11/08/20
08-05 17:39:24.494 22981 22981 I SessionReminderNotifier: Created session reminder alarm for 7bc8d7e2c2055711f597c3d9078c6ea3 at Tue 08:30:00 11/08/20
08-05 17:39:24.496 22981 23212 I art     : Starting a blocking GC Explicit
08-05 17:39:24.498 22981 22981 I SessionReminderNotifier: Created session reminder alarm for 53c0527a6f009a1f2fd223834d3bfe51 at Tue 10:30:00 11/08/20
08-05 17:39:24.500 22981 22981 I SessionReminderNotifier: Created session reminder alarm for e0fc978b5db8218778540b4053344581 at Tue 11:00:00 11/08/20
08-05 17:39:24.502 22981 22981 I SessionReminderNotifier: Created session reminder alarm for 199afb0100f329ff65a09e1b0cd9deba at Tue 11:30:00 11/08/20
08-05 17:39:24.506 22981 22981 I SessionReminderNotifier: Created session reminder alarm for 21712fef61090882c855a1425543edb5 at Tue 13:30:00 11/08/20
08-05 17:39:24.508 22981 22981 I SessionReminderNotifier: Created session reminder alarm for 65ca4d97f031f29a4d02bbb45a705d8f at Wed 08:30:00 12/08/20
08-05 17:39:24.510 22981 22981 I SessionReminderNotifier: Created session reminder alarm for eeda7741b0bcab58fd9f46dc6ef1d942 at Wed 08:30:00 12/08/20
08-05 17:39:24.512 22981 22981 I SessionReminderNotifier: Created session reminder alarm for c276c1b2075a0beb67f1b3d1e580f920 at Wed 11:00:00 12/08/20
08-05 17:39:24.514 22981 22981 I SessionReminderNotifier: Created session reminder alarm for 8b1f3627e42ae13a6f6ba0a83903dde1 at Wed 13:30:00 12/08/20
08-05 17:39:24.518   512  2967 D audio_hw_primary: disable_audio_route: reset and update mixer path: low-latency-playback speaker
08-05 17:39:24.519   512  2967 D audio_hw_primary: disable_snd_device: snd_device(2: speaker)
08-05 17:39:24.527 22981 22981 I SessionReminderNotifier: Created session reminder alarm for 79fe0b5c3b887a13ba29db5a33fa2800 at Thu 08:30:00 06/08/20
08-05 17:39:24.528   512  2967 I soundtrigger: audio_extn_sound_trigger_update_device_status: device 0x2 of type 0 for Event 0
08-05 17:39:24.529 22981 22981 I SessionReminderNotifier: Created session reminder alarm for cb9dfc8231cdba2be0835dc5709690e1 at Thu 08:30:00 06/08/20
08-05 17:39:24.531 22981 22981 I SessionReminderNotifier: Created session reminder alarm for f850dc24d6de60b7b89fa9e1a8c224c5 at Thu 12:00:00 06/08/20
08-05 17:39:24.532 22981 22981 I SessionReminderNotifier: Created session reminder alarm for 2ba1034116e4fffdd592dbf0796a43d5 at Fri 08:30:00 07/08/20
08-05 17:39:24.532 22981 22981 I SettingsManager: Getting boolean: showHiddenSessions
08-05 17:39:24.533 22981 22981 D SessionListsFragment: 1 sessions for day 0
08-05 17:39:24.533 22981 22981 D SessionListsFragment: 6 sessions for day 1
08-05 17:39:24.533 22981 22981 D SessionListsFragment: 4 sessions for day 2
08-05 17:39:24.533 22981 22981 D SessionListsFragment: 3 sessions for day 3
08-05 17:39:24.533 22981 22981 D SessionListsFragment: 1 sessions for day 4
08-05 17:39:24.592 22981 23212 I art     : Explicit concurrent mark sweep GC freed 25058(1244KB) AllocSpace objects, 7(272KB) LOS objects, 29% free, 38MB/54MB, paused 1.158ms total 96.073ms
08-05 17:39:24.594 22981 22981 I SettingsManager: Getting boolean: showHiddenSessions
08-05 17:39:24.595 22981 22981 D SessionListsFragment: Refreshed ViewPager
08-05 17:39:24.595 22981 22981 I SettingsManager: Getting boolean: showHiddenSessions
08-05 17:39:24.595 22981 22981 I SettingsManager: Getting boolean: completedTutorial
08-05 17:39:24.596 22981 22981 I SettingsManager: Getting boolean: showHiddenSessions
08-05 17:39:24.596 22981 22981 I SettingsManager: Getting date: savedSessionsTime
08-05 17:39:24.614 22981 23212 I art     : Starting a blocking GC Explicit
08-05 17:39:24.687 22981 23212 I art     : Explicit concurrent mark sweep GC freed 66448(2MB) AllocSpace objects, 1(80KB) LOS objects, 30% free, 36MB/52MB, paused 1.411ms total 72.503ms
08-05 17:39:24.709 22981 23212 I art     : Starting a blocking GC Explicit
08-05 17:39:24.779 22981 23212 I art     : Explicit concurrent mark sweep GC freed 29066(1184KB) AllocSpace objects, 0(0B) LOS objects, 30% free, 36MB/52MB, paused 1.399ms total 70.150ms
08-05 17:39:24.801 22981 23212 I art     : Starting a blocking GC Explicit
08-05 17:39:24.874 22981 23212 I art     : Explicit concurrent mark sweep GC freed 29311(1214KB) AllocSpace objects, 0(0B) LOS objects, 30% free, 36MB/52MB, paused 1.493ms total 72.842ms
08-05 17:39:24.883   518   646 I ThermalEngine: ACTION: GPU - Setting GPU[0] to 390000000
08-05 17:39:24.921 22981 23212 I art     : Starting a blocking GC Explicit
08-05 17:39:24.994 20011 20011 I ServiceManager: Waiting for service AtCmdFwd...
08-05 17:39:25.031 22981 23212 I art     : Explicit concurrent mark sweep GC freed 36324(1485KB) AllocSpace objects, 0(0B) LOS objects, 30% free, 37MB/53MB, paused 2.337ms total 109.812ms
08-05 17:39:25.397 22981 22994 I art     : Starting a blocking GC Explicit
08-05 17:39:25.530 22981 22994 I art     : Explicit concurrent mark sweep GC freed 127643(5MB) AllocSpace objects, 1(20KB) LOS objects, 29% free, 38MB/54MB, paused 1.818ms total 133.420ms
08-05 17:39:25.569 22981 22994 I art     : Starting a blocking GC Explicit
08-05 17:39:25.629 22981 22981 I Choreographer: Skipped 61 frames!  The application may be doing too much work on its main thread.
08-05 17:39:25.702 22981 22994 I art     : Explicit concurrent mark sweep GC freed 35731(1591KB) AllocSpace objects, 0(0B) LOS objects, 29% free, 37MB/53MB, paused 2.207ms total 132.976ms
08-05 17:39:25.742 22981 22994 I art     : Starting a blocking GC Explicit
08-05 17:39:25.850 22981 22994 I art     : Explicit concurrent mark sweep GC freed 938(77KB) AllocSpace objects, 0(0B) LOS objects, 29% free, 37MB/53MB, paused 1.026ms total 107.213ms
08-05 17:39:25.891 22981 22994 I art     : Starting a blocking GC Explicit
08-05 17:39:25.960 22981 22994 I art     : Explicit concurrent mark sweep GC freed 121728(11MB) AllocSpace objects, 3(136KB) LOS objects, 37% free, 26MB/42MB, paused 895us total 68.309ms
08-05 17:39:25.983 22981 22994 I art     : Starting a blocking GC Explicit
08-05 17:39:25.994 20011 20011 I ServiceManager: Waiting for service AtCmdFwd...
08-05 17:39:26.034 22981 22994 I art     : Explicit concurrent mark sweep GC freed 3(96B) AllocSpace objects, 0(0B) LOS objects, 37% free, 26MB/42MB, paused 831us total 51.332ms
08-05 17:39:26.389 22981 23005 I art     : Starting a blocking GC Explicit
08-05 17:39:26.443 22981 23005 I art     : Explicit concurrent mark sweep GC freed 1440(80KB) AllocSpace objects, 1(20KB) LOS objects, 37% free, 26MB/42MB, paused 753us total 54.235ms
08-05 17:39:26.468 22981 23005 I art     : Starting a blocking GC Explicit
08-05 17:39:26.520 22981 23005 I art     : Explicit concurrent mark sweep GC freed 20(704B) AllocSpace objects, 0(0B) LOS objects, 37% free, 26MB/42MB, paused 1ms total 51.393ms
08-05 17:39:26.544 22981 23005 I art     : Starting a blocking GC Explicit
08-05 17:39:26.597 22981 23005 I art     : Explicit concurrent mark sweep GC freed 3(96B) AllocSpace objects, 0(0B) LOS objects, 37% free, 26MB/42MB, paused 787us total 52.300ms
08-05 17:39:26.621 22981 23005 I art     : Starting a blocking GC Explicit
08-05 17:39:26.675 22981 23005 I art     : Explicit concurrent mark sweep GC freed 3(96B) AllocSpace objects, 0(0B) LOS objects, 37% free, 26MB/42MB, paused 718us total 53.116ms
08-05 17:39:26.699 22981 23005 I art     : Starting a blocking GC Explicit
08-05 17:39:26.753 22981 23005 I art     : Explicit concurrent mark sweep GC freed 3(96B) AllocSpace objects, 0(0B) LOS objects, 37% free, 26MB/42MB, paused 994us total 53.025ms
08-05 17:39:26.995 20011 20011 W Atfwd_Sendcmd: AtCmdFwd service not published, waiting... retryCnt : 5
08-05 17:39:27.129 22981 22994 I art     : Starting a blocking GC Explicit
08-05 17:39:27.198 22981 22994 I art     : Explicit concurrent mark sweep GC freed 1293(75KB) AllocSpace objects, 1(20KB) LOS objects, 37% free, 26MB/42MB, paused 783us total 68.327ms
08-05 17:39:27.227 22981 22994 I art     : Starting a blocking GC Explicit
08-05 17:39:27.279 22981 22994 I art     : Explicit concurrent mark sweep GC freed 18(624B) AllocSpace objects, 0(0B) LOS objects, 37% free, 26MB/42MB, paused 827us total 51.758ms
08-05 17:39:27.303 22981 22994 I art     : Starting a blocking GC Explicit
08-05 17:39:27.357 22981 22994 I art     : Explicit concurrent mark sweep GC freed 3(96B) AllocSpace objects, 0(0B) LOS objects, 37% free, 26MB/42MB, paused 901us total 53.235ms
08-05 17:39:27.382 22981 22994 I art     : Starting a blocking GC Explicit
08-05 17:39:27.436 22981 22994 I art     : Explicit concurrent mark sweep GC freed 3(96B) AllocSpace objects, 0(0B) LOS objects, 37% free, 26MB/42MB, paused 694us total 52.802ms
08-05 17:39:27.460 22981 22994 I art     : Starting a blocking GC Explicit
08-05 17:39:27.517 22981 22994 I art     : Explicit concurrent mark sweep GC freed 3(96B) AllocSpace objects, 0(0B) LOS objects, 37% free, 26MB/42MB, paused 759us total 56.972ms
08-05 17:39:27.888   518   646 I ThermalEngine: ACTION: GPU - Setting GPU[0] to 450000000
08-05 17:39:27.903 22981 23212 I art     : Starting a blocking GC Explicit
08-05 17:39:27.959 22981 23212 I art     : Explicit concurrent mark sweep GC freed 1293(75KB) AllocSpace objects, 1(20KB) LOS objects, 37% free, 26MB/42MB, paused 605us total 55.415ms
08-05 17:39:27.978 22981 23212 I art     : Starting a blocking GC Explicit
08-05 17:39:28.025 22981 23212 I art     : Explicit concurrent mark sweep GC freed 18(624B) AllocSpace objects, 0(0B) LOS objects, 37% free, 26MB/42MB, paused 519us total 46.797ms
08-05 17:39:28.041 22981 23212 I art     : Starting a blocking GC Explicit
08-05 17:39:28.086 22981 23212 I art     : Explicit concurrent mark sweep GC freed 3(96B) AllocSpace objects, 0(0B) LOS objects, 37% free, 26MB/42MB, paused 550us total 44.408ms
08-05 17:39:28.103 22981 23212 I art     : Starting a blocking GC Explicit
08-05 17:39:28.150 22981 23212 I art     : Explicit concurrent mark sweep GC freed 3(96B) AllocSpace objects, 0(0B) LOS objects, 37% free, 26MB/42MB, paused 550us total 46.889ms
08-05 17:39:28.167 22981 23212 I art     : Starting a blocking GC Explicit
08-05 17:39:28.211 22981 23212 I art     : Explicit concurrent mark sweep GC freed 3(96B) AllocSpace objects, 0(0B) LOS objects, 37% free, 26MB/42MB, paused 531us total 44.106ms
08-05 17:39:28.543 22981 22993 I art     : Starting a blocking GC Explicit
08-05 17:39:28.594 22981 22993 I art     : Explicit concurrent mark sweep GC freed 1293(75KB) AllocSpace objects, 1(20KB) LOS objects, 37% free, 26MB/42MB, paused 574us total 50.522ms
08-05 17:39:28.611 22981 22993 I art     : Starting a blocking GC Explicit
08-05 17:39:28.656 22981 22993 I art     : Explicit concurrent mark sweep GC freed 28(976B) AllocSpace objects, 0(0B) LOS objects, 37% free, 26MB/42MB, paused 560us total 44.649ms
08-05 17:39:28.672 22981 22993 I art     : Starting a blocking GC Explicit
08-05 17:39:28.718 22981 22993 I art     : Explicit concurrent mark sweep GC freed 6(368B) AllocSpace objects, 0(0B) LOS objects, 37% free, 26MB/42MB, paused 548us total 46.310ms
08-05 17:39:28.735 22981 22993 I art     : Starting a blocking GC Explicit
08-05 17:39:28.761 24347 24347 D AndroidRuntime: >>>>>> START com.android.internal.os.RuntimeInit uid 2000 <<<<<<
08-05 17:39:28.767 24347 24347 D AndroidRuntime: CheckJNI is OFF
08-05 17:39:28.778 22981 22993 I art     : Explicit concurrent mark sweep GC freed 3(96B) AllocSpace objects, 0(0B) LOS objects, 37% free, 26MB/42MB, paused 560us total 42.748ms
08-05 17:39:28.793 22981 22993 I art     : Starting a blocking GC Explicit
08-05 17:39:28.810 24347 24347 D ICU     : No timezone override file found: /data/misc/zoneinfo/current/icu/icu_tzdata.dat
08-05 17:39:28.833 22981 22993 I art     : Explicit concurrent mark sweep GC freed 6(144B) AllocSpace objects, 0(0B) LOS objects, 37% free, 26MB/42MB, paused 604us total 39.554ms
08-05 17:39:28.833 22981 22991 I art     : WaitForGcToComplete blocked for 32.176ms for cause HeapTrim
08-05 17:39:28.855 24347 24347 I Radio-JNI: register_android_hardware_Radio DONE
08-05 17:39:28.883 24347 24347 D AndroidRuntime: Calling main entry com.android.commands.input.Input
08-05 17:39:28.886 24347 24347 I Input   : injectMotionEvent: MotionEvent { action=ACTION_DOWN, actionButton=0, id[0]=0, x[0]=81.0, y[0]=176.0, toolType[0]=TOOL_TYPE_UNKNOWN, buttonState=0, metaState=0, flags=0x0, edgeFlags=0x0, pointerCount=1, historySize=0, eventTime=812385298, downTime=812385298, deviceId=0, source=0x1002 }
08-05 17:39:28.891 24347 24347 I Input   : injectMotionEvent: MotionEvent { action=ACTION_UP, actionButton=0, id[0]=0, x[0]=81.0, y[0]=176.0, toolType[0]=TOOL_TYPE_UNKNOWN, buttonState=0, metaState=0, flags=0x0, edgeFlags=0x0, pointerCount=1, historySize=0, eventTime=812385298, downTime=812385298, deviceId=0, source=0x1002 }
08-05 17:39:28.895 24347 24347 D AndroidRuntime: Shutting down VM
08-05 17:39:28.902   512  2967 D audio_hw_primary: out_set_parameters: enter: usecase(1: low-latency-playback) kvpairs: routing=2
08-05 17:39:28.914   512  2967 D audio_hw_primary: select_devices: out_snd_device(2: speaker) in_snd_device(0: none)
08-05 17:39:28.915   512  2967 D msm8974_platform: platform_send_audio_calibration: sending audio calibration for snd_device(2) acdb_id(15)
08-05 17:39:28.915   512  2967 I soundtrigger: audio_extn_sound_trigger_update_device_status: device 0x2 of type 0 for Event 1
08-05 17:39:28.925   512  2967 D audio_hw_primary: enable_snd_device: snd_device(2: speaker)
08-05 17:39:28.927   512  2967 D audio_hw_primary: enable_audio_route: apply and update mixer path: low-latency-playback speaker
08-05 17:39:28.933 13866 13866 I GoogleInputMethodServic: GoogleInputMethodService.onFinishInput():3138 
08-05 17:39:28.934 13866 13866 I GoogleInputMethodServic: GoogleInputMethodService.onStartInput():1808 
08-05 17:39:29.135 22981 22994 I art     : Starting a blocking GC Explicit
08-05 17:39:29.177 22981 22994 I art     : Explicit concurrent mark sweep GC freed 1776(97KB) AllocSpace objects, 1(20KB) LOS objects, 37% free, 26MB/42MB, paused 535us total 41.770ms
08-05 17:39:29.193   918  3261 D WifiStateMachine: starting scan for "H369AA63323"WPA_PSK with 2412,5180
08-05 17:39:29.193 22981 22994 I art     : Starting a blocking GC Explicit
08-05 17:39:29.235 22981 22994 I art     : Explicit concurrent mark sweep GC freed 182(11KB) AllocSpace objects, 0(0B) LOS objects, 37% free, 26MB/42MB, paused 574us total 41.536ms
08-05 17:39:29.251 22981 22994 I art     : Starting a blocking GC Explicit
08-05 17:39:29.292 22981 22994 I art     : Explicit concurrent mark sweep GC freed 3(96B) AllocSpace objects, 0(0B) LOS objects, 37% free, 26MB/42MB, paused 495us total 40.546ms
08-05 17:39:29.308 22981 22994 I art     : Starting a blocking GC Explicit
08-05 17:39:29.349 22981 22994 I art     : Explicit concurrent mark sweep GC freed 6(224B) AllocSpace objects, 0(0B) LOS objects, 37% free, 26MB/42MB, paused 564us total 40.974ms
08-05 17:39:29.364 22981 22994 I art     : Starting a blocking GC Explicit
08-05 17:39:29.405 22981 22994 I art     : Explicit concurrent mark sweep GC freed 5(160B) AllocSpace objects, 0(0B) LOS objects, 37% free, 26MB/42MB, paused 490us total 40.618ms
08-05 17:39:29.470   512  2967 D audio_hw_primary: disable_audio_route: reset and update mixer path: low-latency-playback speaker
08-05 17:39:29.472   512  2967 D audio_hw_primary: disable_snd_device: snd_device(2: speaker)
08-05 17:39:29.480   512  2967 I soundtrigger: audio_extn_sound_trigger_update_device_status: device 0x2 of type 0 for Event 0
08-05 17:39:29.731 22981 22993 I art     : Starting a blocking GC Explicit
08-05 17:39:29.795 22981 22993 I art     : Explicit concurrent mark sweep GC freed 1293(75KB) AllocSpace objects, 1(20KB) LOS objects, 37% free, 26MB/42MB, paused 591us total 64.296ms
08-05 17:39:29.815 22981 22993 I art     : Starting a blocking GC Explicit
08-05 17:39:29.858 22981 22993 I art     : Explicit concurrent mark sweep GC freed 20(688B) AllocSpace objects, 0(0B) LOS objects, 37% free, 26MB/42MB, paused 539us total 42.441ms
08-05 17:39:29.874 22981 22993 I art     : Starting a blocking GC Explicit
08-05 17:39:29.917 22981 22993 I art     : Explicit concurrent mark sweep GC freed 3(96B) AllocSpace objects, 0(0B) LOS objects, 37% free, 26MB/42MB, paused 525us total 42.693ms
08-05 17:39:29.933 22981 22993 I art     : Starting a blocking GC Explicit
08-05 17:39:29.977 22981 22993 I art     : Explicit concurrent mark sweep GC freed 3(96B) AllocSpace objects, 0(0B) LOS objects, 37% free, 26MB/42MB, paused 529us total 43.329ms
08-05 17:39:29.992 22981 22993 I art     : Starting a blocking GC Explicit
08-05 17:39:30.036 22981 22993 I art     : Explicit concurrent mark sweep GC freed 3(96B) AllocSpace objects, 0(0B) LOS objects, 37% free, 26MB/42MB, paused 525us total 43.371ms
08-05 17:39:30.338 22981 23005 I art     : Starting a blocking GC Explicit
08-05 17:39:30.387 22981 23005 I art     : Explicit concurrent mark sweep GC freed 1293(75KB) AllocSpace objects, 1(20KB) LOS objects, 37% free, 26MB/42MB, paused 546us total 48.302ms
08-05 17:39:30.403 22981 23005 I art     : Starting a blocking GC Explicit
08-05 17:39:30.444 22981 23005 I art     : Explicit concurrent mark sweep GC freed 18(624B) AllocSpace objects, 0(0B) LOS objects, 37% free, 26MB/42MB, paused 538us total 40.996ms
08-05 17:39:30.460 22981 23005 I art     : Starting a blocking GC Explicit
08-05 17:39:30.503 22981 23005 I art     : Explicit concurrent mark sweep GC freed 3(96B) AllocSpace objects, 0(0B) LOS objects, 37% free, 26MB/42MB, paused 598us total 42.461ms
08-05 17:39:30.519 22981 23005 I art     : Starting a blocking GC Explicit
08-05 17:39:30.561 22981 23005 I art     : Explicit concurrent mark sweep GC freed 5(160B) AllocSpace objects, 0(0B) LOS objects, 37% free, 26MB/42MB, paused 583us total 41.671ms
08-05 17:39:30.577 22981 23005 I art     : Starting a blocking GC Explicit
08-05 17:39:30.619 22981 23005 I art     : Explicit concurrent mark sweep GC freed 9(288B) AllocSpace objects, 0(0B) LOS objects, 37% free, 26MB/42MB, paused 695us total 42.373ms
08-05 17:39:30.691 24409 24409 D AndroidRuntime: >>>>>> START com.android.internal.os.RuntimeInit uid 2000 <<<<<<
08-05 17:39:30.697 24409 24409 D AndroidRuntime: CheckJNI is OFF
08-05 17:39:30.739 24409 24409 D ICU     : No timezone override file found: /data/misc/zoneinfo/current/icu/icu_tzdata.dat
08-05 17:39:30.782 24409 24409 I Radio-JNI: register_android_hardware_Radio DONE
08-05 17:39:30.810 24409 24409 D AndroidRuntime: Calling main entry com.android.commands.input.Input
08-05 17:39:30.812 24409 24409 I Input   : injectMotionEvent: MotionEvent { action=ACTION_DOWN, actionButton=0, id[0]=0, x[0]=360.0, y[0]=1098.0, toolType[0]=TOOL_TYPE_UNKNOWN, buttonState=0, metaState=0, flags=0x0, edgeFlags=0x0, pointerCount=1, historySize=0, eventTime=812387225, downTime=812387225, deviceId=0, source=0x1002 }
08-05 17:39:30.820 24409 24409 I Input   : injectMotionEvent: MotionEvent { action=ACTION_UP, actionButton=0, id[0]=0, x[0]=360.0, y[0]=1098.0, toolType[0]=TOOL_TYPE_UNKNOWN, buttonState=0, metaState=0, flags=0x0, edgeFlags=0x0, pointerCount=1, historySize=0, eventTime=812387225, downTime=812387225, deviceId=0, source=0x1002 }
08-05 17:39:30.822 24409 24409 D AndroidRuntime: Shutting down VM
08-05 17:39:30.833 22981 22981 D MainActivity: NavigationItemSelected: Term dates
08-05 17:39:30.837   512  2967 D audio_hw_primary: out_set_parameters: enter: usecase(1: low-latency-playback) kvpairs: routing=2
08-05 17:39:30.851   512  2967 D audio_hw_primary: select_devices: out_snd_device(2: speaker) in_snd_device(0: none)
08-05 17:39:30.851   512  2967 D msm8974_platform: platform_send_audio_calibration: sending audio calibration for snd_device(2) acdb_id(15)
08-05 17:39:30.852   512  2967 I soundtrigger: audio_extn_sound_trigger_update_device_status: device 0x2 of type 0 for Event 1
08-05 17:39:30.863   512  2967 D audio_hw_primary: enable_snd_device: snd_device(2: speaker)
08-05 17:39:30.865   512  2967 D audio_hw_primary: enable_audio_route: apply and update mixer path: low-latency-playback speaker
08-05 17:39:30.967 22981 23005 I art     : Starting a blocking GC Explicit
08-05 17:39:31.007 22981 23005 I art     : Explicit concurrent mark sweep GC freed 1840(97KB) AllocSpace objects, 1(20KB) LOS objects, 37% free, 26MB/42MB, paused 580us total 39.981ms
08-05 17:39:31.022 22981 23005 I art     : Starting a blocking GC Explicit
08-05 17:39:31.062 22981 23005 I art     : Explicit concurrent mark sweep GC freed 223(16KB) AllocSpace objects, 0(0B) LOS objects, 37% free, 26MB/42MB, paused 522us total 39.760ms
08-05 17:39:31.077 22981 23005 I art     : Starting a blocking GC Explicit
08-05 17:39:31.116 22981 23005 I art     : Explicit concurrent mark sweep GC freed 8(256B) AllocSpace objects, 0(0B) LOS objects, 37% free, 26MB/42MB, paused 537us total 39.034ms
08-05 17:39:31.131 22981 23005 I art     : Starting a blocking GC Explicit
08-05 17:39:31.171 22981 23005 I art     : Explicit concurrent mark sweep GC freed 11(352B) AllocSpace objects, 0(0B) LOS objects, 37% free, 26MB/42MB, paused 494us total 39.612ms
08-05 17:39:31.186 22981 23005 I art     : Starting a blocking GC Explicit
08-05 17:39:31.225 22981 23005 I art     : Explicit concurrent mark sweep GC freed 9(288B) AllocSpace objects, 0(0B) LOS objects, 37% free, 26MB/42MB, paused 501us total 38.321ms
08-05 17:39:31.269 13866 13866 I GoogleInputMethodServic: GoogleInputMethodService.onFinishInput():3138 
08-05 17:39:31.270 13866 13866 I GoogleInputMethodServic: GoogleInputMethodService.onStartInput():1808 
08-05 17:39:31.400   512  2967 D audio_hw_primary: disable_audio_route: reset and update mixer path: low-latency-playback speaker
08-05 17:39:31.403   512  2967 D audio_hw_primary: disable_snd_device: snd_device(2: speaker)
08-05 17:39:31.413   512  2967 I soundtrigger: audio_extn_sound_trigger_update_device_status: device 0x2 of type 0 for Event 0
08-05 17:39:31.568 22981 22993 I art     : Starting a blocking GC Explicit
08-05 17:39:31.622 22981 22993 I art     : Explicit concurrent mark sweep GC freed 1366(78KB) AllocSpace objects, 1(20KB) LOS objects, 37% free, 26MB/42MB, paused 507us total 53.582ms
08-05 17:39:31.643 22981 22993 I art     : Starting a blocking GC Explicit
08-05 17:39:31.687 22981 22993 I art     : Explicit concurrent mark sweep GC freed 28(944B) AllocSpace objects, 0(0B) LOS objects, 37% free, 26MB/42MB, paused 538us total 43.762ms
08-05 17:39:31.703 22981 22993 I art     : Starting a blocking GC Explicit
08-05 17:39:31.748 22981 22993 I art     : Explicit concurrent mark sweep GC freed 9(288B) AllocSpace objects, 0(0B) LOS objects, 37% free, 26MB/42MB, paused 784us total 44.019ms
08-05 17:39:31.766 22981 22993 I art     : Starting a blocking GC Explicit
08-05 17:39:31.804 22981 22993 I art     : Explicit concurrent mark sweep GC freed 11(352B) AllocSpace objects, 0(0B) LOS objects, 37% free, 26MB/42MB, paused 482us total 38.177ms
08-05 17:39:31.819 22981 22993 I art     : Starting a blocking GC Explicit
08-05 17:39:31.857 22981 22993 I art     : Explicit concurrent mark sweep GC freed 9(288B) AllocSpace objects, 0(0B) LOS objects, 37% free, 26MB/42MB, paused 562us total 37.807ms
08-05 17:39:32.194 22981 22994 I art     : Starting a blocking GC Explicit
08-05 17:39:32.246 22981 22994 I art     : Explicit concurrent mark sweep GC freed 1339(77KB) AllocSpace objects, 1(20KB) LOS objects, 37% free, 26MB/42MB, paused 603us total 51.033ms
08-05 17:39:32.263 22981 22994 I art     : Starting a blocking GC Explicit
08-05 17:39:32.307 22981 22994 I art     : Explicit concurrent mark sweep GC freed 26(880B) AllocSpace objects, 0(0B) LOS objects, 37% free, 26MB/42MB, paused 492us total 42.814ms
08-05 17:39:32.323 22981 22994 I art     : Starting a blocking GC Explicit
08-05 17:39:32.369 22981 22994 I art     : Explicit concurrent mark sweep GC freed 9(288B) AllocSpace objects, 0(0B) LOS objects, 37% free, 26MB/42MB, paused 604us total 45.223ms
08-05 17:39:32.386 22981 22994 I art     : Starting a blocking GC Explicit
08-05 17:39:32.429 22981 22994 I art     : Explicit concurrent mark sweep GC freed 12(384B) AllocSpace objects, 0(0B) LOS objects, 37% free, 26MB/42MB, paused 754us total 42.568ms
08-05 17:39:32.447 22981 22994 I art     : Starting a blocking GC Explicit
08-05 17:39:32.492 22981 22994 I art     : Explicit concurrent mark sweep GC freed 14(448B) AllocSpace objects, 0(0B) LOS objects, 37% free, 26MB/42MB, paused 502us total 45.110ms
08-05 17:39:32.858 22981 22993 I art     : Starting a blocking GC Explicit
08-05 17:39:32.900   518   646 I ThermalEngine: ACTION: GPU - Setting GPU[0] to 390000000
08-05 17:39:32.926 22981 22993 I art     : Explicit concurrent mark sweep GC freed 1348(77KB) AllocSpace objects, 1(20KB) LOS objects, 37% free, 26MB/42MB, paused 1.260ms total 66.477ms
08-05 17:39:32.958 22981 22993 I art     : Starting a blocking GC Explicit
08-05 17:39:33.012 22981 22993 I art     : Explicit concurrent mark sweep GC freed 18(624B) AllocSpace objects, 0(0B) LOS objects, 37% free, 26MB/42MB, paused 840us total 53.634ms
08-05 17:39:33.037 22981 22993 I art     : Starting a blocking GC Explicit
08-05 17:39:33.091 22981 22993 I art     : Explicit concurrent mark sweep GC freed 3(96B) AllocSpace objects, 0(0B) LOS objects, 37% free, 26MB/42MB, paused 772us total 54.365ms
08-05 17:39:33.116 22981 22993 I art     : Starting a blocking GC Explicit
08-05 17:39:33.170 22981 22993 I art     : Explicit concurrent mark sweep GC freed 3(96B) AllocSpace objects, 0(0B) LOS objects, 37% free, 26MB/42MB, paused 825us total 53.541ms
08-05 17:39:33.195 22981 22993 I art     : Starting a blocking GC Explicit
08-05 17:39:33.253 22981 22993 I art     : Explicit concurrent mark sweep GC freed 3(96B) AllocSpace objects, 0(0B) LOS objects, 37% free, 26MB/42MB, paused 871us total 57.451ms
08-05 17:39:33.672 22981 23005 I art     : Starting a blocking GC Explicit
08-05 17:39:33.728 22981 23005 I art     : Explicit concurrent mark sweep GC freed 1293(75KB) AllocSpace objects, 1(20KB) LOS objects, 37% free, 26MB/42MB, paused 727us total 55.294ms
08-05 17:39:33.758 22981 23005 I art     : Starting a blocking GC Explicit
08-05 17:39:33.812 22981 23005 I art     : Explicit concurrent mark sweep GC freed 18(624B) AllocSpace objects, 0(0B) LOS objects, 37% free, 26MB/42MB, paused 771us total 53.370ms
08-05 17:39:33.837 22981 23005 I art     : Starting a blocking GC Explicit
08-05 17:39:33.890 22981 23005 I art     : Explicit concurrent mark sweep GC freed 3(96B) AllocSpace objects, 0(0B) LOS objects, 37% free, 26MB/42MB, paused 784us total 52.937ms
08-05 17:39:33.914 22981 23005 I art     : Starting a blocking GC Explicit
08-05 17:39:33.968 22981 23005 I art     : Explicit concurrent mark sweep GC freed 3(96B) AllocSpace objects, 0(0B) LOS objects, 37% free, 26MB/42MB, paused 874us total 53.564ms
08-05 17:39:33.993 22981 23005 I art     : Starting a blocking GC Explicit
08-05 17:39:34.046 22981 23005 I art     : Explicit concurrent mark sweep GC freed 3(96B) AllocSpace objects, 0(0B) LOS objects, 37% free, 26MB/42MB, paused 713us total 52.710ms
08-05 17:39:34.421 22981 23212 I art     : Starting a blocking GC Explicit
08-05 17:39:34.490 22981 23212 I art     : Explicit concurrent mark sweep GC freed 1293(75KB) AllocSpace objects, 1(20KB) LOS objects, 37% free, 26MB/42MB, paused 763us total 68.523ms
08-05 17:39:34.515 22981 23212 I art     : Starting a blocking GC Explicit
08-05 17:39:34.569 22981 23212 I art     : Explicit concurrent mark sweep GC freed 18(624B) AllocSpace objects, 0(0B) LOS objects, 37% free, 26MB/42MB, paused 934us total 53.714ms
08-05 17:39:34.599 22981 23212 I art     : Starting a blocking GC Explicit
08-05 17:39:34.655 22981 23212 I art     : Explicit concurrent mark sweep GC freed 3(96B) AllocSpace objects, 0(0B) LOS objects, 37% free, 26MB/42MB, paused 927us total 55.799ms
08-05 17:39:34.685 22981 23212 I art     : Starting a blocking GC Explicit
08-05 17:39:34.738 22981 23212 I art     : Explicit concurrent mark sweep GC freed 3(96B) AllocSpace objects, 0(0B) LOS objects, 37% free, 26MB/42MB, paused 905us total 52.818ms
08-05 17:39:34.763 22981 23212 I art     : Starting a blocking GC Explicit
08-05 17:39:34.816 22981 23212 I art     : Explicit concurrent mark sweep GC freed 3(96B) AllocSpace objects, 0(0B) LOS objects, 37% free, 26MB/42MB, paused 873us total 53.145ms
08-05 17:39:34.901   518   646 I ThermalEngine: ACTION: GPU - Setting GPU[0] to 450000000
08-05 17:39:35.166 22981 22994 I art     : Starting a blocking GC Explicit
08-05 17:39:35.210 22981 22994 I art     : Explicit concurrent mark sweep GC freed 1293(75KB) AllocSpace objects, 1(20KB) LOS objects, 37% free, 26MB/42MB, paused 560us total 43.137ms
08-05 17:39:35.226 22981 22994 I art     : Starting a blocking GC Explicit
08-05 17:39:35.271 22981 22994 I art     : Explicit concurrent mark sweep GC freed 18(624B) AllocSpace objects, 0(0B) LOS objects, 37% free, 26MB/42MB, paused 575us total 44.858ms
08-05 17:39:35.287 22981 22994 I art     : Starting a blocking GC Explicit
08-05 17:39:35.332 22981 22994 I art     : Explicit concurrent mark sweep GC freed 3(96B) AllocSpace objects, 0(0B) LOS objects, 37% free, 26MB/42MB, paused 574us total 45.005ms
08-05 17:39:35.349 22981 22994 I art     : Starting a blocking GC Explicit
08-05 17:39:35.394 22981 22994 I art     : Explicit concurrent mark sweep GC freed 3(96B) AllocSpace objects, 0(0B) LOS objects, 37% free, 26MB/42MB, paused 535us total 45.061ms
08-05 17:39:35.410 22981 22994 I art     : Starting a blocking GC Explicit
08-05 17:39:35.456 22981 22994 I art     : Explicit concurrent mark sweep GC freed 3(96B) AllocSpace objects, 0(0B) LOS objects, 37% free, 26MB/42MB, paused 587us total 45.741ms
08-05 17:39:35.541  5179  5194 D QcrilMsgTunnelSocket: readRilMessage: Buffer = [B@671e81d HexData = [010000000404000011000000514f454d484f4f4bef0308000100000003]
08-05 17:39:35.541  5179  5194 D QcrilMsgTunnelSocket: Rcvd UNSOL response with 28 bytes data for SUB0
08-05 17:39:35.541  5179  5194 D QcrilMsgTunnelSocket: Response ID 525295 is not served in this process.
08-05 17:39:35.541  5179  5194 D QcrilMsgTunnelSocket: To broadcast an Intent via the notifier to external apps
08-05 17:39:35.542  5179  5179 D QcrilMsgTunnelIfaceManager: handleMessage what = 0
08-05 17:39:35.542  5179  5179 D QcrilMsgTunnelIfaceManager: Broadcasting intent ACTION_UNSOL_RESPONSE_OEM_HOOK_RAW
08-05 17:39:35.543  5164  5164 D QC_RIL_OEM_HOOK: Received Broadcast Intent ACTION_UNSOL_RESPONSE_OEM_HOOK_RAW
08-05 17:39:35.544  5164  5164 D QC_RIL_OEM_HOOK: Oem ID in QCRILHOOK UNSOL RESP is QOEMHOOK
08-05 17:39:35.671 24519 24519 D AndroidRuntime: >>>>>> START com.android.internal.os.RuntimeInit uid 2000 <<<<<<
08-05 17:39:35.678 24519 24519 D AndroidRuntime: CheckJNI is OFF
08-05 17:39:35.719 24519 24519 D ICU     : No timezone override file found: /data/misc/zoneinfo/current/icu/icu_tzdata.dat
08-05 17:39:35.762 24519 24519 I Radio-JNI: register_android_hardware_Radio DONE
08-05 17:39:35.791 24519 24519 D AndroidRuntime: Calling main entry com.android.commands.am.Am
08-05 17:39:35.798 16924 16924 I Trepn   : Trepn 6.2s: Received intent: com.quicinc.trepn.stop_profiling
08-05 17:39:35.805 22981 22993 I art     : Starting a blocking GC Explicit
08-05 17:39:35.846 16924 16924 I Trepn   : Trepn 6.2s: Trepn has Stopped Profiling.
08-05 17:39:35.847 22981 22993 I art     : Explicit concurrent mark sweep GC freed 1293(75KB) AllocSpace objects, 1(20KB) LOS objects, 37% free, 26MB/42MB, paused 516us total 41.501ms
08-05 17:39:35.863 22981 22993 I art     : Starting a blocking GC Explicit
08-05 17:39:35.903 22981 22993 I art     : Explicit concurrent mark sweep GC freed 18(624B) AllocSpace objects, 0(0B) LOS objects, 37% free, 26MB/42MB, paused 546us total 40.148ms
08-05 17:39:35.919 22981 22993 I art     : Starting a blocking GC Explicit
08-05 17:39:35.960 22981 22993 I art     : Explicit concurrent mark sweep GC freed 3(96B) AllocSpace objects, 0(0B) LOS objects, 37% free, 26MB/42MB, paused 502us total 40.961ms
08-05 17:39:35.968 24519 24519 D AndroidRuntime: Shutting down VM
08-05 17:39:35.974   918  3961 W AppOps  : Finishing op nesting under-run: uid 10078 pkg com.quicinc.trepn code 24 time=0 duration=0 nesting=0
08-05 17:39:35.976 22981 22993 I art     : Starting a blocking GC Explicit
08-05 17:39:36.013 22981 22993 I art     : Explicit concurrent mark sweep GC freed 3(96B) AllocSpace objects, 0(0B) LOS objects, 37% free, 26MB/42MB, paused 491us total 35.814ms
08-05 17:39:36.027 22981 22993 I art     : Starting a blocking GC Explicit
08-05 17:39:36.063 22981 22993 I art     : Explicit concurrent mark sweep GC freed 3(96B) AllocSpace objects, 0(0B) LOS objects, 37% free, 26MB/42MB, paused 517us total 36.076ms
08-05 17:39:36.409 22981 23005 I art     : Starting a blocking GC Explicit
08-05 17:39:36.452 22981 23005 I art     : Explicit concurrent mark sweep GC freed 1293(75KB) AllocSpace objects, 1(20KB) LOS objects, 37% free, 26MB/42MB, paused 548us total 42.530ms
08-05 17:39:36.469 22981 23005 I art     : Starting a blocking GC Explicit
08-05 17:39:36.509 22981 23005 I art     : Explicit concurrent mark sweep GC freed 18(624B) AllocSpace objects, 0(0B) LOS objects, 37% free, 26MB/42MB, paused 553us total 39.865ms
08-05 17:39:36.525 22981 23005 I art     : Starting a blocking GC Explicit
08-05 17:39:36.567 22981 23005 I art     : Explicit concurrent mark sweep GC freed 3(96B) AllocSpace objects, 0(0B) LOS objects, 37% free, 26MB/42MB, paused 583us total 41.421ms
08-05 17:39:36.583 22981 23005 I art     : Starting a blocking GC Explicit
08-05 17:39:36.625 22981 23005 I art     : Explicit concurrent mark sweep GC freed 3(96B) AllocSpace objects, 0(0B) LOS objects, 37% free, 26MB/42MB, paused 549us total 41.489ms
08-05 17:39:36.641 22981 23005 I art     : Starting a blocking GC Explicit
08-05 17:39:36.682 22981 23005 I art     : Explicit concurrent mark sweep GC freed 3(96B) AllocSpace objects, 0(0B) LOS objects, 37% free, 26MB/42MB, paused 523us total 41.245ms
