--------- beginning of main
08-05 17:38:24.228   918  4400 I AccountManagerService: getTypesVisibleToCaller: isPermitted? true
08-05 17:38:24.248 24365 22934 I Fitness : FitCleanupIntentOperation received Intent android.intent.action.PACKAGE_REMOVED [CONTEXT service_id=17 ]
08-05 17:38:24.249 21092 21092 I Finsky  : [1] uah.a(18): PackageMonitorReceiverImpl - Received: android.intent.action.PACKAGE_REMOVED, [jsPREe6yOOhrMreoEvcpPvP36yUmihacpIgcKsaLph8]
08-05 17:38:24.250 21092 21092 I Finsky  : [1] ubi.d(9): Invalidating cached PackageState for baseline.com.ak.uobtimetable
08-05 17:38:24.265  3784  3784 D CarrierServiceBindHelper: Receive action: android.intent.action.PACKAGE_ADDED
08-05 17:38:24.266  3784  3784 D CarrierServiceBindHelper: Receive action: android.intent.action.PACKAGE_REPLACED
08-05 17:38:24.267  3784  3784 D CarrierServiceBindHelper: mHandler: 3
08-05 17:38:24.267  3784  3784 D CarrierServiceBindHelper: mHandler: 3
08-05 17:38:24.267  3784  3784 D CarrierServiceBindHelper: mHandler: 3
08-05 17:38:24.267  3784  3784 D CarrierConfigLoader: mHandler: 9 phoneId: 0
08-05 17:38:24.291   918   929 I AccountManagerService: getTypesVisibleToCaller: isPermitted? true
08-05 17:38:24.308 21092 21092 I Finsky  : [1] lzi.c(2): Frosting ID looked up on UI thread. Caller should move to a background thread.
08-05 17:38:24.316 21092 21092 I Finsky  : [1] nqb.c(3): Installer: package baseline.com.ak.uobtimetable was removed. replacing: true
08-05 17:38:24.317 21092 21092 I Finsky  : [1] nra.a(188): Installer: Notifying status update. package=baseline.com.ak.uobtimetable, status=UNINSTALLED
08-05 17:38:24.349 21092 21092 I Finsky  : [1] lzi.c(2): Frosting ID looked up on UI thread. Caller should move to a background thread.
08-05 17:38:24.354 21092 22953 I Finsky  : [6500] ejf.a(-1): Cancelled 0 ongoing asset module downloads for package baseline.com.ak.uobtimetable due to a concurrent app update.
08-05 17:38:24.363 21092 21092 I Finsky  : [1] nra.a(220): Installer: found apps to install. isMultiUserMode=false, apps=[]
08-05 17:38:24.421 24577 22947 I Auth    : [SupervisedAccountIntentOperation] onHandleIntent(): android.intent.action.PACKAGE_ADDED
08-05 17:38:24.422 24577 22947 I ChromeSync: [Sync,SyncIntentOperation] Handling the intent: Intent { act=android.intent.action.PACKAGE_ADDED dat=package:baseline.com.ak.uobtimetable flg=0x4000010 cmp=com.google.android.gms/.chimera.GmsIntentOperationService (has extras) }.
--------- beginning of system
08-05 17:38:24.450   918  5132 W ActivityManager: Unable to start service Intent { act=com.google.android.gms.auth.key.retrieval.service.START pkg=com.google.android.gms } U=0: not found
08-05 17:38:24.456 21092 21092 I Finsky  : [1] uah.a(18): PackageMonitorReceiverImpl - Received: android.intent.action.PACKAGE_ADDED, [jsPREe6yOOhrMreoEvcpPvP36yUmihacpIgcKsaLph8]
08-05 17:38:24.465 21092 21092 I Finsky  : [1] ubi.d(9): Invalidating cached PackageState for baseline.com.ak.uobtimetable
08-05 17:38:24.476 21092 21092 I Finsky  : [1] lzi.c(2): Frosting ID looked up on UI thread. Caller should move to a background thread.
08-05 17:38:24.495 21092 21254 I Finsky  : [6084] odj.b(52): IQ: Notifying installation update. package=baseline.com.ak.uobtimetable, status=UNINSTALLED
08-05 17:38:24.497 21092 21092 I Finsky  : [1] agsx.a(4): Do not start WearSupportService due to Wear service optimization
08-05 17:38:24.500 21092 22953 I Finsky  : [6500] ejc.a(-1): Asset module broadcast after update successful for package baseline.com.ak.uobtimetable. 0 sessions broadcast.
08-05 17:38:24.504 21092 21092 I Finsky  : [1] lzi.c(2): Frosting ID looked up on UI thread. Caller should move to a background thread.
08-05 17:38:24.506 21092 22945 I Finsky  : [6498] lyv.run(-1): Wrote row to frosting DB: 2902
08-05 17:38:24.507 24577 24587 W art     : Suspending all threads took: 17.009ms
08-05 17:38:24.573   918  3714 W ActivityManager: Unbind failed: could not find connection for android.os.BinderProxy@72e35a4
08-05 17:38:24.584 24577 24621 E GmsClient: unable to connect to service: com.google.android.gms.auth.key.retrieval.service.START on com.google.android.gms
08-05 17:38:24.599 21092 22945 I Finsky  : [6498] lyv.run(-1): Wrote row to frosting DB: 2903
08-05 17:38:24.605 21092 22952 I Finsky  : [6499] gzn.a(-1): [ContentSync] finished, scheduled=false
08-05 17:38:24.610 24577 22944 I FontLog : Package baseline.com.ak.uobtimetable has no metadata [CONTEXT service_id=132 ]
08-05 17:38:24.615   918  4413 I AccountManagerService: getTypesVisibleToCaller: isPermitted? true
08-05 17:38:24.616 21092 21254 I Finsky  : [6084] odj.b(40): IQ: No matching installs to run for jobs: []
08-05 17:38:24.623 24577 22947 I ChromeSync: [Persistence,AffiliationManager] One of affiliation or grouping data for android://bz0hZa4nAJEtd0n5sRlXG7KAqctUMWVefv7Ki4mh1p6slZ9YO-n9gS9j8m9YCrsIyI2wIxrDHraumF9Y6pBLTA==@baseline.com.ak.uobtimetable/ was not found. Marking affiliation data as stale...
08-05 17:38:24.677   918  6111 I AccountManagerService: getTypesVisibleToCaller: isPermitted? true
08-05 17:38:24.682 24577 13316 I Icing   : IndexChimeraService.getServiceInterface callingPackage=com.google.android.gms componentName=AppsCorpus serviceId=36
08-05 17:38:24.695 21092 22945 I Finsky  : [6498] lyv.run(-1): Wrote row to frosting DB: 2904
08-05 17:38:24.717   918   928 I AccountManagerService: getTypesVisibleToCaller: isPermitted? true
08-05 17:38:24.753 21092 22945 I Finsky  : [6498] lyv.run(-1): Wrote row to frosting DB: 2905
08-05 17:38:24.788 22964 22964 D AndroidRuntime: >>>>>> START com.android.internal.os.RuntimeInit uid 2000 <<<<<<
08-05 17:38:24.792 22964 22964 D AndroidRuntime: CheckJNI is OFF
08-05 17:38:24.795 24577 13715 W Icing   : No valid account for uploading user actions
08-05 17:38:24.814 22964 22964 D ICU     : No timezone override file found: /data/misc/zoneinfo/current/icu/icu_tzdata.dat
08-05 17:38:24.838 22964 22964 I Radio-JNI: register_android_hardware_Radio DONE
08-05 17:38:24.841 24577 13316 I Icing   : IndexChimeraService.getServiceInterface callingPackage=com.google.android.gms componentName=null serviceId=30
08-05 17:38:24.852 22964 22964 D AndroidRuntime: Calling main entry com.android.commands.monkey.Monkey
08-05 17:38:24.867   918   931 W BroadcastQueue: Skipping deliver [background] BroadcastRecord{fcfd696 u-1 android.net.conn.CONNECTIVITY_CHANGE} to ReceiverList{ce44217 22964 (unknown name)/2000/u-1 remote:a8bcc58}: process crashing
08-05 17:38:24.885   918   928 I ActivityManager: START u0 {act=android.intent.action.MAIN cat=[android.intent.category.LAUNCHER] flg=0x10200000 cmp=baseline.com.ak.uobtimetable/.MainActivity} from uid 2000 on display 0
08-05 17:38:24.889 24577 13715 I Icing   : Usage reports ok 2, Failed Usage reports 0, indexed 0, rejected 0
08-05 17:38:24.894 24577 13715 W Icing   : No valid account for uploading user actions
08-05 17:38:24.903 21092 21092 I Finsky  : [1] xmu.a(8): SCH: Jobs in database: 1-1337 3-215 3-216 12-1 24-77777777 26-1414141414 
08-05 17:38:24.908 21092 21092 I Finsky  : [1] xio.a(57): SCH: ConstraintMapping: 24-77777777,  -> L: 0ms, D: 12695612ms, C: false, I: true, N: 0
08-05 17:38:24.908 21092 21092 I Finsky  : [1] xio.a(57): SCH: ConstraintMapping: 1-1337, 12-1,  -> L: 14442ms, D: 59248006ms, C: false, I: false, N: 1
08-05 17:38:24.909 21092 21092 I Finsky  : [1] xio.a(57): SCH: ConstraintMapping: 3-215,  -> L: 0ms, D: 71122544ms, C: false, I: true, N: 2
08-05 17:38:24.910 21092 21092 I Finsky  : [1] xio.a(57): SCH: ConstraintMapping: 3-216,  -> L: 0ms, D: 71122575ms, C: true, I: true, N: 2
08-05 17:38:24.910   918   932 I sensors : batch
08-05 17:38:24.911 21092 21092 I Finsky  : [1] xio.a(57): SCH: ConstraintMapping: 26-1414141414,  -> L: 20695471ms, D: 21595471ms, C: false, I: false, N: 0
08-05 17:38:24.915 21092 22952 I Finsky  : [6499] gzn.a(-1): [ContentSync] finished, scheduled=true
08-05 17:38:24.917 24577 13715 I Icing   : Usage reports ok 0, Failed Usage reports 0, indexed 0, rejected 0
08-05 17:38:24.918 24577 13715 I Icing   : Indexing com.google.android.gms-internal.3p:MobileApplication from com.google.android.gms using seqno 763
08-05 17:38:24.921 24577 13715 I Icing   : Indexing com.google.android.gms-internal.3p:MobileApplication from com.google.android.gms using seqno 763
08-05 17:38:24.923   918  3188 I hubconnection: sensorhub said: 'batch 31 flags:0, sampling_rate_Hz:15.00, max_report_latency_us:0'
08-05 17:38:24.927 22981 22981 I art     : Late-enabling -Xcheck:jni
08-05 17:38:24.928   918  6029 I ActivityManager: Start proc 22981:baseline.com.ak.uobtimetable/u0a684 for activity baseline.com.ak.uobtimetable/.MainActivity
08-05 17:38:24.933 22964 22964 I art     : System.exit called, status: 0
08-05 17:38:24.933 22964 22964 I AndroidRuntime: VM exiting with result code 0.
08-05 17:38:24.934   918   932 I sensors : flush
08-05 17:38:24.946   918  3188 I hubconnection: sensorhub said: 'flush 31'
08-05 17:38:24.946   918  3188 I hubconnection: saw sensor 31 flushed
08-05 17:38:24.961 22981 22981 W System  : ClassLoader referenced unknown path: /data/app/baseline.com.ak.uobtimetable-1/lib/arm64
08-05 17:38:24.964 21092 21092 I Finsky  : [1] xle.a(34): Cancelling existing jobscheduler jobs: 9010 9003 9007 9004 9008 9005 9002 9001 9006 9009 
08-05 17:38:24.964 21092 21092 I Finsky  : [1] xle.a(27): Scheduling job Id: 9000, L: 0, D: 12695612, C: false, I: true, N: 0
08-05 17:38:24.966 21092 21092 I Finsky  : [1] xle.a(27): Scheduling job Id: 9011, L: 14442, D: 59248006, C: false, I: false, N: 1
08-05 17:38:24.968 21092 21092 I Finsky  : [1] xle.a(27): Scheduling job Id: 9012, L: 0, D: 71122544, C: false, I: true, N: 2
08-05 17:38:24.968 22981 22981 E Application: Can't init Bugsnag - No key
08-05 17:38:24.968 22981 22981 E Application: java.lang.Exception: Can't init Bugsnag - No key
08-05 17:38:24.968 22981 22981 E Application: 	at baseline.com.ak.uobtimetable.Utilities.Logging.Logger.error(Logger.java:79)
08-05 17:38:24.968 22981 22981 E Application: 	at baseline.com.ak.uobtimetable.MyApplication.onCreate(MyApplication.java:52)
08-05 17:38:24.968 22981 22981 E Application: 	at android.app.Instrumentation.callApplicationOnCreate(Instrumentation.java:1013)
08-05 17:38:24.968 22981 22981 E Application: 	at android.app.ActivityThread.handleBindApplication(ActivityThread.java:4707)
08-05 17:38:24.968 22981 22981 E Application: 	at android.app.ActivityThread.-wrap1(ActivityThread.java)
08-05 17:38:24.968 22981 22981 E Application: 	at android.app.ActivityThread$H.handleMessage(ActivityThread.java:1405)
08-05 17:38:24.968 22981 22981 E Application: 	at android.os.Handler.dispatchMessage(Handler.java:102)
08-05 17:38:24.968 22981 22981 E Application: 	at android.os.Looper.loop(Looper.java:148)
08-05 17:38:24.968 22981 22981 E Application: 	at android.app.ActivityThread.main(ActivityThread.java:5417)
08-05 17:38:24.968 22981 22981 E Application: 	at java.lang.reflect.Method.invoke(Native Method)
08-05 17:38:24.968 22981 22981 E Application: 	at com.android.internal.os.ZygoteInit$MethodAndArgsCaller.run(ZygoteInit.java:726)
08-05 17:38:24.968 22981 22981 E Application: 	at com.android.internal.os.ZygoteInit.main(ZygoteInit.java:616)
08-05 17:38:24.970 21092 21092 I Finsky  : [1] xle.a(27): Scheduling job Id: 9013, L: 0, D: 71122575, C: true, I: true, N: 2
08-05 17:38:24.971 22981 22981 I Application: API level: 23
08-05 17:38:24.972 21092 21092 I Finsky  : [1] xle.a(27): Scheduling job Id: 9014, L: 20695471, D: 21595471, C: false, I: false, N: 0
08-05 17:38:24.972 22981 22981 I Application: API level name: M
08-05 17:38:24.972 22981 22981 I Application: Target API level: 29
08-05 17:38:24.972 22981 22981 I Application: Git commit hash: d26bf1fa
08-05 17:38:24.972 22981 22981 I Application: Git branch: master
08-05 17:38:24.972 22981 22981 I Application: Build type: Debug
08-05 17:38:24.973 21092 21092 I Finsky  : [1] xle.a(27): Scheduling job Id: 9015, L: 0, D: 12695612, C: false, I: true, N: 0
08-05 17:38:24.975 21092 21092 I Finsky  : [1] xle.a(27): Scheduling job Id: 9016, L: 14442, D: 59248006, C: false, I: false, N: 1
08-05 17:38:24.976 22981 22981 I Application: Build keys: Release
08-05 17:38:24.976 22981 22981 I Application: Version code: 21
08-05 17:38:24.977 21092 21092 I Finsky  : [1] xle.a(27): Scheduling job Id: 9017, L: 0, D: 71122544, C: false, I: true, N: 2
08-05 17:38:24.977 22981 22981 I Application: Version name: 2.5
08-05 17:38:24.977 24577 13316 I Icing   : IndexChimeraService.getServiceInterface callingPackage=com.google.android.gms componentName=null serviceId=36
08-05 17:38:24.977 22981 22981 I Application: Build date: 22:30 03/08/20
08-05 17:38:24.978 22981 22981 I Application: Package update date: 00:38 05/08/20
08-05 17:38:24.978 21092 21092 I Finsky  : [1] xle.a(27): Scheduling job Id: 9018, L: 0, D: 71122575, C: true, I: true, N: 2
08-05 17:38:24.978 22981 22981 I SettingsManager: Getting int: launchCount
08-05 17:38:24.978 22981 22981 I SettingsManager: Setting int: launchCount
08-05 17:38:24.979 21092 21092 I Finsky  : [1] xle.a(27): Scheduling job Id: 9019, L: 20695471, D: 21595471, C: false, I: false, N: 0
08-05 17:38:24.983 24577 31546 W Icing   : No valid account for uploading user actions
08-05 17:38:24.985 20011 20011 I ServiceManager: Waiting for service AtCmdFwd...
08-05 17:38:24.986   918  3714 W BackupManagerService: dataChanged but no participant pkg='baseline.com.ak.uobtimetable' uid=10684
08-05 17:38:24.987 22981 22981 I Application: Launch count: 1
08-05 17:38:24.988 22981 22981 I Application: Network: TYPE_WIFI
08-05 17:38:24.988 22981 22981 I Application: Tablet layout: false
08-05 17:38:24.993 16458 15483 I PBSessionCacheImpl: Deleted sessionId[72384646105454640] from persistence.
08-05 17:38:24.997 16458 16488 W SearchServiceCore: Abort, client detached.
08-05 17:38:24.998 16458 16488 I MicroDetectionState: Should stop hotword detection immediately - true
08-05 17:38:25.003 22981 22981 W art     : Before Android 4.1, method android.graphics.PorterDuffColorFilter androidx.vectordrawable.graphics.drawable.VectorDrawableCompat.updateTintFilter(android.graphics.PorterDuffColorFilter, android.content.res.ColorStateList, android.graphics.PorterDuff$Mode) would have incorrectly overridden the package-private method in android.graphics.drawable.Drawable
08-05 17:38:25.018 24577 31546 I Icing   : Usage reports ok 1, Failed Usage reports 0, indexed 0, rejected 0
08-05 17:38:25.019 22981 22981 I art     : Rejecting re-init on previously-failed class java.lang.Class<androidx.core.view.ViewCompat$OnUnhandledKeyEventListenerWrapper>
08-05 17:38:25.019 22981 22981 I art     : Rejecting re-init on previously-failed class java.lang.Class<androidx.core.view.ViewCompat$OnUnhandledKeyEventListenerWrapper>
08-05 17:38:25.085 22981 22981 D MainActivity: onCreate
08-05 17:38:25.085 22981 22981 I SettingsManager: Getting string: savedSessions
08-05 17:38:25.085 22981 22981 I Settings: No saved sessions
08-05 17:38:25.118 22981 22981 I SettingsManager: Getting string: savedCourse
08-05 17:38:25.119   918  6112 I ActivityManager: START u0 {flg=0x14000000 cmp=baseline.com.ak.uobtimetable/.WelcomeActivity} from uid 10684 on display 0
08-05 17:38:25.130 22981 22981 D MainActivity: OnResume
08-05 17:38:25.138 22981 23000 D OpenGLRenderer: Use EGL_SWAP_BEHAVIOR_PRESERVED: true
08-05 17:38:25.146 22981 22981 D MainActivity: OnPause
08-05 17:38:25.257 22981 23000 I Adreno  : QUALCOMM build                   : fcf4852, I1af360237c
08-05 17:38:25.257 22981 23000 I Adreno  : Build Date                       : 09/23/15
08-05 17:38:25.257 22981 23000 I Adreno  : OpenGL ES Shader Compiler Version: XE031.05.13.02
08-05 17:38:25.257 22981 23000 I Adreno  : Local Branch                     : mybranch14465806
08-05 17:38:25.257 22981 23000 I Adreno  : Remote Branch                    : quic/LA.BF64.1.2.9_v2
08-05 17:38:25.257 22981 23000 I Adreno  : Remote Branch                    : NONE
08-05 17:38:25.257 22981 23000 I Adreno  : Reconstruct Branch               : NOTHING
08-05 17:38:25.260 22981 23000 I OpenGLRenderer: Initialized EGL, version 1.4
08-05 17:38:25.406   918   936 I ActivityManager: Displayed baseline.com.ak.uobtimetable/.WelcomeActivity: +259ms (total +491ms)
08-05 17:38:25.408 13866 13866 I GoogleInputMethodServic: GoogleInputMethodService.onFinishInput():3138 
08-05 17:38:25.410 13866 13866 I GoogleInputMethodServic: GoogleInputMethodService.onStartInput():1808 
08-05 17:38:25.686 22981 22981 D MainActivity: Saving state
08-05 17:38:25.891 24577 31546 I Icing   : Indexing com.google.android.gms-apps from com.google.android.gms
08-05 17:38:25.984 24577 31546 I Icing   : Indexing done com.google.android.gms-apps
08-05 17:38:25.985 20011 20011 I ServiceManager: Waiting for service AtCmdFwd...
08-05 17:38:26.496 23027 23027 D AndroidRuntime: >>>>>> START com.android.internal.os.RuntimeInit uid 2000 <<<<<<
08-05 17:38:26.502 23027 23027 D AndroidRuntime: CheckJNI is OFF
08-05 17:38:26.542 23027 23027 D ICU     : No timezone override file found: /data/misc/zoneinfo/current/icu/icu_tzdata.dat
08-05 17:38:26.575 23027 23027 I Radio-JNI: register_android_hardware_Radio DONE
08-05 17:38:26.592 23027 23027 D AndroidRuntime: Calling main entry com.android.commands.am.Am
08-05 17:38:26.599 16924 16924 I Trepn   : Trepn 6.2s: Received intent: com.quicinc.trepn.start_profiling
08-05 17:38:26.687 16924 16924 W FileUtils: Failed to chmod(/storage/emulated/0/trepn/Trepn_2020.08.05_173826.db): android.system.ErrnoException: chmod failed: EPERM (Operation not permitted)
08-05 17:38:26.764 16924 16924 I Trepn   : Trepn 6.2s: Trepn has Started Profiling.
08-05 17:38:26.765 23027 23027 D AndroidRuntime: Shutting down VM
08-05 17:38:26.986 20011 20011 W Atfwd_Sendcmd: AtCmdFwd service not published, waiting... retryCnt : 2
08-05 17:38:27.229 22981 22993 I art     : Starting a blocking GC Explicit
08-05 17:38:27.269 22981 22993 I art     : Explicit concurrent mark sweep GC freed 24087(1979KB) AllocSpace objects, 3(1360KB) LOS objects, 40% free, 21MB/36MB, paused 230us total 39.584ms
08-05 17:38:27.275 22981 22993 I art     : Starting a blocking GC Explicit
08-05 17:38:27.286 22981 22993 I art     : Explicit concurrent mark sweep GC freed 582(26KB) AllocSpace objects, 0(0B) LOS objects, 40% free, 21MB/36MB, paused 91us total 9.978ms
08-05 17:38:27.291 22981 22993 I art     : Starting a blocking GC Explicit
08-05 17:38:27.300 22981 22993 I art     : Explicit concurrent mark sweep GC freed 3(96B) AllocSpace objects, 0(0B) LOS objects, 40% free, 21MB/36MB, paused 89us total 9.235ms
08-05 17:38:27.306 22981 22993 I art     : Starting a blocking GC Explicit
08-05 17:38:27.315 22981 22993 I art     : Explicit concurrent mark sweep GC freed 3(96B) AllocSpace objects, 0(0B) LOS objects, 40% free, 21MB/36MB, paused 90us total 9.180ms
08-05 17:38:27.320 22981 22993 I art     : Starting a blocking GC Explicit
08-05 17:38:27.330 22981 22993 I art     : Explicit concurrent mark sweep GC freed 3(96B) AllocSpace objects, 0(0B) LOS objects, 40% free, 21MB/36MB, paused 88us total 9.829ms
08-05 17:38:27.603 22981 23005 I art     : Starting a blocking GC Explicit
08-05 17:38:27.616 22981 23005 I art     : Explicit concurrent mark sweep GC freed 1274(74KB) AllocSpace objects, 1(20KB) LOS objects, 40% free, 21MB/36MB, paused 125us total 13.083ms
08-05 17:38:27.626 22981 23005 I art     : Starting a blocking GC Explicit
08-05 17:38:27.639 22981 23005 I art     : Explicit concurrent mark sweep GC freed 18(624B) AllocSpace objects, 0(0B) LOS objects, 40% free, 21MB/36MB, paused 107us total 12.892ms
08-05 17:38:27.645 22981 23005 I art     : Starting a blocking GC Explicit
08-05 17:38:27.656 22981 23005 I art     : Explicit concurrent mark sweep GC freed 3(96B) AllocSpace objects, 0(0B) LOS objects, 40% free, 21MB/36MB, paused 101us total 10.167ms
08-05 17:38:27.662 22981 23005 I art     : Starting a blocking GC Explicit
08-05 17:38:27.672 22981 23005 I art     : Explicit concurrent mark sweep GC freed 3(96B) AllocSpace objects, 0(0B) LOS objects, 40% free, 21MB/36MB, paused 100us total 10.203ms
08-05 17:38:27.679 22981 23005 I art     : Starting a blocking GC Explicit
08-05 17:38:27.689 22981 23005 I art     : Explicit concurrent mark sweep GC freed 3(96B) AllocSpace objects, 0(0B) LOS objects, 40% free, 21MB/36MB, paused 96us total 9.986ms
08-05 17:38:27.988 22981 22994 I art     : Starting a blocking GC Explicit
08-05 17:38:28.001 22981 22994 I art     : Explicit concurrent mark sweep GC freed 1270(74KB) AllocSpace objects, 1(20KB) LOS objects, 40% free, 21MB/36MB, paused 125us total 12.846ms
08-05 17:38:28.009 22981 22994 I art     : Starting a blocking GC Explicit
08-05 17:38:28.022 22981 22994 I art     : Explicit concurrent mark sweep GC freed 18(624B) AllocSpace objects, 0(0B) LOS objects, 40% free, 21MB/36MB, paused 117us total 12.782ms
08-05 17:38:28.031 22981 22994 I art     : Starting a blocking GC Explicit
08-05 17:38:28.044 22981 22994 I art     : Explicit concurrent mark sweep GC freed 3(96B) AllocSpace objects, 0(0B) LOS objects, 40% free, 21MB/36MB, paused 111us total 12.382ms
08-05 17:38:28.050 22981 22994 I art     : Starting a blocking GC Explicit
08-05 17:38:28.060 22981 22994 I art     : Explicit concurrent mark sweep GC freed 3(96B) AllocSpace objects, 0(0B) LOS objects, 40% free, 21MB/36MB, paused 92us total 9.679ms
08-05 17:38:28.066 22981 22994 I art     : Starting a blocking GC Explicit
08-05 17:38:28.077 22981 22994 I art     : Explicit concurrent mark sweep GC freed 3(96B) AllocSpace objects, 0(0B) LOS objects, 40% free, 21MB/36MB, paused 119us total 10.128ms
08-05 17:38:28.372 22981 22993 I art     : Starting a blocking GC Explicit
08-05 17:38:28.388 22981 22993 I art     : Explicit concurrent mark sweep GC freed 1268(74KB) AllocSpace objects, 1(20KB) LOS objects, 40% free, 21MB/36MB, paused 124us total 15.664ms
08-05 17:38:28.398 22981 22993 I art     : Starting a blocking GC Explicit
08-05 17:38:28.408 22981 22993 I art     : Explicit concurrent mark sweep GC freed 18(624B) AllocSpace objects, 0(0B) LOS objects, 40% free, 21MB/36MB, paused 93us total 10.358ms
08-05 17:38:28.415 22981 22993 I art     : Starting a blocking GC Explicit
08-05 17:38:28.425 22981 22993 I art     : Explicit concurrent mark sweep GC freed 3(96B) AllocSpace objects, 0(0B) LOS objects, 40% free, 21MB/36MB, paused 85us total 9.284ms
08-05 17:38:28.430 22981 22993 I art     : Starting a blocking GC Explicit
08-05 17:38:28.439 22981 22993 I art     : Explicit concurrent mark sweep GC freed 3(96B) AllocSpace objects, 0(0B) LOS objects, 40% free, 21MB/36MB, paused 82us total 9.180ms
08-05 17:38:28.444 22981 22993 I art     : Starting a blocking GC Explicit
08-05 17:38:28.454 22981 22993 I art     : Explicit concurrent mark sweep GC freed 3(96B) AllocSpace objects, 0(0B) LOS objects, 40% free, 21MB/36MB, paused 85us total 9.137ms
08-05 17:38:28.755 22981 23005 I art     : Starting a blocking GC Explicit
08-05 17:38:28.773 22981 23005 I art     : Explicit concurrent mark sweep GC freed 1268(74KB) AllocSpace objects, 1(20KB) LOS objects, 40% free, 21MB/36MB, paused 151us total 17.565ms
08-05 17:38:28.783 22981 23005 I art     : Starting a blocking GC Explicit
08-05 17:38:28.794 22981 23005 I art     : Explicit concurrent mark sweep GC freed 18(624B) AllocSpace objects, 0(0B) LOS objects, 40% free, 21MB/36MB, paused 103us total 10.656ms
08-05 17:38:28.801 22981 23005 I art     : Starting a blocking GC Explicit
08-05 17:38:28.811 22981 23005 I art     : Explicit concurrent mark sweep GC freed 3(96B) AllocSpace objects, 0(0B) LOS objects, 40% free, 21MB/36MB, paused 89us total 10.120ms
08-05 17:38:28.817 22981 23005 I art     : Starting a blocking GC Explicit
08-05 17:38:28.827 22981 23005 I art     : Explicit concurrent mark sweep GC freed 3(96B) AllocSpace objects, 0(0B) LOS objects, 40% free, 21MB/36MB, paused 142us total 9.782ms
08-05 17:38:28.832 22981 23005 I art     : Starting a blocking GC Explicit
08-05 17:38:28.842 22981 23005 I art     : Explicit concurrent mark sweep GC freed 3(96B) AllocSpace objects, 0(0B) LOS objects, 40% free, 21MB/36MB, paused 92us total 9.598ms
08-05 17:38:29.142 22981 22994 I art     : Starting a blocking GC Explicit
08-05 17:38:29.161 22981 22994 I art     : Explicit concurrent mark sweep GC freed 1268(74KB) AllocSpace objects, 1(20KB) LOS objects, 40% free, 21MB/36MB, paused 126us total 18.193ms
08-05 17:38:29.174 22981 22994 I art     : Starting a blocking GC Explicit
08-05 17:38:29.184   918  3261 D WifiStateMachine: starting scan for "H369AA63323"WPA_PSK with 2412,5180
08-05 17:38:29.189 22981 22994 I art     : Explicit concurrent mark sweep GC freed 18(624B) AllocSpace objects, 0(0B) LOS objects, 40% free, 21MB/36MB, paused 95us total 15.306ms
08-05 17:38:29.195 22981 22994 I art     : Starting a blocking GC Explicit
08-05 17:38:29.205 22981 22994 I art     : Explicit concurrent mark sweep GC freed 3(96B) AllocSpace objects, 0(0B) LOS objects, 40% free, 21MB/36MB, paused 93us total 9.708ms
08-05 17:38:29.211 22981 22994 I art     : Starting a blocking GC Explicit
08-05 17:38:29.221 22981 22994 I art     : Explicit concurrent mark sweep GC freed 3(96B) AllocSpace objects, 0(0B) LOS objects, 40% free, 21MB/36MB, paused 98us total 9.912ms
08-05 17:38:29.227 22981 22994 I art     : Starting a blocking GC Explicit
08-05 17:38:29.237 22981 22994 I art     : Explicit concurrent mark sweep GC freed 3(96B) AllocSpace objects, 0(0B) LOS objects, 40% free, 21MB/36MB, paused 104us total 9.937ms
08-05 17:38:29.541 22981 22993 I art     : Starting a blocking GC Explicit
08-05 17:38:29.557 22981 22993 I art     : Explicit concurrent mark sweep GC freed 1268(74KB) AllocSpace objects, 1(20KB) LOS objects, 40% free, 21MB/36MB, paused 125us total 15.842ms
08-05 17:38:29.568 22981 22993 I art     : Starting a blocking GC Explicit
08-05 17:38:29.580 22981 22993 I art     : Explicit concurrent mark sweep GC freed 18(624B) AllocSpace objects, 0(0B) LOS objects, 40% free, 21MB/36MB, paused 100us total 11.868ms
08-05 17:38:29.586 22981 22993 I art     : Starting a blocking GC Explicit
08-05 17:38:29.596 22981 22993 I art     : Explicit concurrent mark sweep GC freed 3(96B) AllocSpace objects, 0(0B) LOS objects, 40% free, 21MB/36MB, paused 90us total 10.132ms
08-05 17:38:29.602 22981 22993 I art     : Starting a blocking GC Explicit
08-05 17:38:29.613 22981 22993 I art     : Explicit concurrent mark sweep GC freed 3(96B) AllocSpace objects, 0(0B) LOS objects, 40% free, 21MB/36MB, paused 94us total 10.036ms
08-05 17:38:29.619 22981 22993 I art     : Starting a blocking GC Explicit
08-05 17:38:29.629 22981 22993 I art     : Explicit concurrent mark sweep GC freed 3(96B) AllocSpace objects, 0(0B) LOS objects, 40% free, 21MB/36MB, paused 85us total 9.848ms
08-05 17:38:29.917 22981 23005 I art     : Starting a blocking GC Explicit
08-05 17:38:29.919   918  3188 I hubconnection: sensorhub said: 'set_bias 3: -5.7600, 0.0000, 0.0000'
08-05 17:38:29.932 22981 23005 I art     : Explicit concurrent mark sweep GC freed 1268(74KB) AllocSpace objects, 1(20KB) LOS objects, 40% free, 21MB/36MB, paused 126us total 14.865ms
08-05 17:38:29.941 22981 23005 I art     : Starting a blocking GC Explicit
08-05 17:38:29.952 22981 23005 I art     : Explicit concurrent mark sweep GC freed 18(624B) AllocSpace objects, 0(0B) LOS objects, 40% free, 21MB/36MB, paused 101us total 10.713ms
08-05 17:38:29.958 22981 23005 I art     : Starting a blocking GC Explicit
08-05 17:38:29.968 22981 23005 I art     : Explicit concurrent mark sweep GC freed 3(96B) AllocSpace objects, 0(0B) LOS objects, 40% free, 21MB/36MB, paused 95us total 10.027ms
08-05 17:38:29.974 22981 23005 I art     : Starting a blocking GC Explicit
08-05 17:38:29.984 22981 23005 I art     : Explicit concurrent mark sweep GC freed 3(96B) AllocSpace objects, 0(0B) LOS objects, 40% free, 21MB/36MB, paused 93us total 9.806ms
08-05 17:38:29.990 22981 23005 I art     : Starting a blocking GC Explicit
08-05 17:38:30.000 22981 23005 I art     : Explicit concurrent mark sweep GC freed 3(96B) AllocSpace objects, 0(0B) LOS objects, 40% free, 21MB/36MB, paused 92us total 9.925ms
08-05 17:38:30.296 22981 22994 I art     : Starting a blocking GC Explicit
08-05 17:38:30.311 22981 22994 I art     : Explicit concurrent mark sweep GC freed 1268(74KB) AllocSpace objects, 1(20KB) LOS objects, 40% free, 21MB/36MB, paused 133us total 15.019ms
08-05 17:38:30.321 22981 22994 I art     : Starting a blocking GC Explicit
08-05 17:38:30.332 22981 22994 I art     : Explicit concurrent mark sweep GC freed 18(624B) AllocSpace objects, 0(0B) LOS objects, 40% free, 21MB/36MB, paused 104us total 11.139ms
08-05 17:38:30.338 22981 22994 I art     : Starting a blocking GC Explicit
08-05 17:38:30.349 22981 22994 I art     : Explicit concurrent mark sweep GC freed 3(96B) AllocSpace objects, 0(0B) LOS objects, 40% free, 21MB/36MB, paused 97us total 10.450ms
08-05 17:38:30.355 22981 22994 I art     : Starting a blocking GC Explicit
08-05 17:38:30.365 22981 22994 I art     : Explicit concurrent mark sweep GC freed 3(96B) AllocSpace objects, 0(0B) LOS objects, 40% free, 21MB/36MB, paused 91us total 9.661ms
08-05 17:38:30.371 22981 22994 I art     : Starting a blocking GC Explicit
08-05 17:38:30.380 22981 22994 I art     : Explicit concurrent mark sweep GC freed 3(96B) AllocSpace objects, 0(0B) LOS objects, 40% free, 21MB/36MB, paused 90us total 9.511ms
08-05 17:38:30.693 22981 22993 I art     : Starting a blocking GC Explicit
08-05 17:38:30.710 22981 22993 I art     : Explicit concurrent mark sweep GC freed 1268(74KB) AllocSpace objects, 1(20KB) LOS objects, 40% free, 21MB/36MB, paused 108us total 16.609ms
08-05 17:38:30.717 22981 22993 I art     : Starting a blocking GC Explicit
08-05 17:38:30.727 22981 22993 I art     : Explicit concurrent mark sweep GC freed 18(624B) AllocSpace objects, 0(0B) LOS objects, 40% free, 21MB/36MB, paused 88us total 9.894ms
08-05 17:38:30.733 22981 22993 I art     : Starting a blocking GC Explicit
08-05 17:38:30.741 22981 22993 I art     : Explicit concurrent mark sweep GC freed 3(96B) AllocSpace objects, 0(0B) LOS objects, 40% free, 21MB/36MB, paused 77us total 8.483ms
08-05 17:38:30.746 22981 22993 I art     : Starting a blocking GC Explicit
08-05 17:38:30.755 22981 22993 I art     : Explicit concurrent mark sweep GC freed 3(96B) AllocSpace objects, 0(0B) LOS objects, 40% free, 21MB/36MB, paused 79us total 8.219ms
08-05 17:38:30.760 22981 22993 I art     : Starting a blocking GC Explicit
08-05 17:38:30.768 22981 22993 I art     : Explicit concurrent mark sweep GC freed 3(96B) AllocSpace objects, 0(0B) LOS objects, 40% free, 21MB/36MB, paused 76us total 8.184ms
08-05 17:38:31.026 22981 23005 I art     : Starting a blocking GC Explicit
08-05 17:38:31.039 22981 23005 I art     : Explicit concurrent mark sweep GC freed 1268(74KB) AllocSpace objects, 1(20KB) LOS objects, 40% free, 21MB/36MB, paused 134us total 12.620ms
08-05 17:38:31.049 22981 23005 I art     : Starting a blocking GC Explicit
08-05 17:38:31.060 22981 23005 I art     : Explicit concurrent mark sweep GC freed 18(624B) AllocSpace objects, 0(0B) LOS objects, 40% free, 21MB/36MB, paused 102us total 10.279ms
08-05 17:38:31.066 22981 23005 I art     : Starting a blocking GC Explicit
08-05 17:38:31.075 22981 23005 I art     : Explicit concurrent mark sweep GC freed 3(96B) AllocSpace objects, 0(0B) LOS objects, 40% free, 21MB/36MB, paused 98us total 9.361ms
08-05 17:38:31.081 22981 23005 I art     : Starting a blocking GC Explicit
08-05 17:38:31.091 22981 23005 I art     : Explicit concurrent mark sweep GC freed 3(96B) AllocSpace objects, 0(0B) LOS objects, 40% free, 21MB/36MB, paused 99us total 9.835ms
08-05 17:38:31.097 22981 23005 I art     : Starting a blocking GC Explicit
08-05 17:38:31.107 22981 23005 I art     : Explicit concurrent mark sweep GC freed 3(96B) AllocSpace objects, 0(0B) LOS objects, 40% free, 21MB/36MB, paused 113us total 9.798ms
08-05 17:38:31.432 22981 22994 I art     : Starting a blocking GC Explicit
08-05 17:38:31.448 22981 22994 I art     : Explicit concurrent mark sweep GC freed 1268(74KB) AllocSpace objects, 1(20KB) LOS objects, 40% free, 21MB/36MB, paused 138us total 16.435ms
08-05 17:38:31.459 22981 22994 I art     : Starting a blocking GC Explicit
08-05 17:38:31.471 22981 22994 I art     : Explicit concurrent mark sweep GC freed 18(624B) AllocSpace objects, 0(0B) LOS objects, 40% free, 21MB/36MB, paused 115us total 11.292ms
08-05 17:38:31.477 22981 22994 I art     : Starting a blocking GC Explicit
08-05 17:38:31.487 22981 22994 I art     : Explicit concurrent mark sweep GC freed 3(96B) AllocSpace objects, 0(0B) LOS objects, 40% free, 21MB/36MB, paused 99us total 10.055ms
08-05 17:38:31.493 22981 22994 I art     : Starting a blocking GC Explicit
08-05 17:38:31.502 22981 22994 I art     : Explicit concurrent mark sweep GC freed 3(96B) AllocSpace objects, 0(0B) LOS objects, 40% free, 21MB/36MB, paused 96us total 9.333ms
08-05 17:38:31.509 22981 22994 I art     : Starting a blocking GC Explicit
08-05 17:38:31.518 22981 22994 I art     : Explicit concurrent mark sweep GC freed 3(96B) AllocSpace objects, 0(0B) LOS objects, 40% free, 21MB/36MB, paused 85us total 8.894ms
08-05 17:38:31.784 22981 22993 I art     : Starting a blocking GC Explicit
08-05 17:38:31.790   518   646 I ThermalEngine: ACTION: GPU - Setting GPU[0] to 510000000
08-05 17:38:31.796 22981 22993 I art     : Explicit concurrent mark sweep GC freed 1268(74KB) AllocSpace objects, 1(20KB) LOS objects, 40% free, 21MB/36MB, paused 127us total 11.523ms
08-05 17:38:31.803 22981 22993 I art     : Starting a blocking GC Explicit
08-05 17:38:31.816 22981 22993 I art     : Explicit concurrent mark sweep GC freed 18(624B) AllocSpace objects, 0(0B) LOS objects, 40% free, 21MB/36MB, paused 128us total 12.746ms
08-05 17:38:31.823 22981 22993 I art     : Starting a blocking GC Explicit
08-05 17:38:31.835 22981 22993 I art     : Explicit concurrent mark sweep GC freed 3(96B) AllocSpace objects, 0(0B) LOS objects, 40% free, 21MB/36MB, paused 124us total 12.369ms
08-05 17:38:31.843 22981 22993 I art     : Starting a blocking GC Explicit
08-05 17:38:31.855 22981 22993 I art     : Explicit concurrent mark sweep GC freed 3(96B) AllocSpace objects, 0(0B) LOS objects, 40% free, 21MB/36MB, paused 126us total 12.370ms
08-05 17:38:31.862 22981 22993 I art     : Starting a blocking GC Explicit
08-05 17:38:31.872 23176 23176 D AndroidRuntime: >>>>>> START com.android.internal.os.RuntimeInit uid 2000 <<<<<<
08-05 17:38:31.875 22981 22993 I art     : Explicit concurrent mark sweep GC freed 3(96B) AllocSpace objects, 0(0B) LOS objects, 40% free, 21MB/36MB, paused 126us total 12.608ms
08-05 17:38:31.877 23176 23176 D AndroidRuntime: CheckJNI is OFF
08-05 17:38:31.910 23176 23176 D ICU     : No timezone override file found: /data/misc/zoneinfo/current/icu/icu_tzdata.dat
08-05 17:38:31.942 23176 23176 I Radio-JNI: register_android_hardware_Radio DONE
08-05 17:38:31.963 23176 23176 D AndroidRuntime: Calling main entry com.android.commands.input.Input
08-05 17:38:31.965 23176 23176 I Input   : injectMotionEvent: MotionEvent { action=ACTION_DOWN, actionButton=0, id[0]=0, x[0]=711.0, y[0]=1664.0, toolType[0]=TOOL_TYPE_UNKNOWN, buttonState=0, metaState=0, flags=0x0, edgeFlags=0x0, pointerCount=1, historySize=0, eventTime=812328378, downTime=812328378, deviceId=0, source=0x1002 }
08-05 17:38:31.971 23176 23176 I Input   : injectMotionEvent: MotionEvent { action=ACTION_UP, actionButton=0, id[0]=0, x[0]=711.0, y[0]=1664.0, toolType[0]=TOOL_TYPE_UNKNOWN, buttonState=0, metaState=0, flags=0x0, edgeFlags=0x0, pointerCount=1, historySize=0, eventTime=812328378, downTime=812328378, deviceId=0, source=0x1002 }
08-05 17:38:31.975 23176 23176 D AndroidRuntime: Shutting down VM
08-05 17:38:31.980   918  4400 I ActivityManager: START u0 {flg=0x14000000 cmp=baseline.com.ak.uobtimetable/.CourseListActivity} from uid 10684 on display 0
08-05 17:38:31.981   512  2967 D audio_hw_primary: out_set_parameters: enter: usecase(1: low-latency-playback) kvpairs: routing=2
08-05 17:38:31.994   512  2967 D audio_hw_primary: select_devices: out_snd_device(2: speaker) in_snd_device(0: none)
08-05 17:38:31.994   512  2967 D msm8974_platform: platform_send_audio_calibration: sending audio calibration for snd_device(2) acdb_id(15)
08-05 17:38:31.995   512  2967 I soundtrigger: audio_extn_sound_trigger_update_device_status: device 0x2 of type 0 for Event 1
08-05 17:38:32.008   512  2967 D audio_hw_primary: enable_snd_device: snd_device(2: speaker)
08-05 17:38:32.010   512  2967 D audio_hw_primary: enable_audio_route: apply and update mixer path: low-latency-playback speaker
08-05 17:38:32.023 22981 22981 D CourseListActivity: onCreate
08-05 17:38:32.051 22981 23203 D HTTP    : Request for: https://uob-timetable-api.adriankeenan.co.uk/courses
08-05 17:38:32.109 22981 22993 I art     : Starting a blocking GC Explicit
08-05 17:38:32.115 13866 13866 I GoogleInputMethodServic: GoogleInputMethodService.onFinishInput():3138 
08-05 17:38:32.115   918   936 I ActivityManager: Displayed baseline.com.ak.uobtimetable/.CourseListActivity: +124ms
08-05 17:38:32.115 13866 13866 I GoogleInputMethodServic: GoogleInputMethodService.onStartInput():1808 
08-05 17:38:32.126 22981 22993 I art     : Explicit concurrent mark sweep GC freed 4976(393KB) AllocSpace objects, 1(20KB) LOS objects, 40% free, 22MB/37MB, paused 293us total 16.440ms
08-05 17:38:32.135 22981 22993 I art     : Starting a blocking GC Explicit
08-05 17:38:32.144 22981 23000 D OpenGLRenderer: endAllStagingAnimators on 0x7f949dd800 (RippleDrawable) with handle 0x7f9a1f62c0
08-05 17:38:32.149 22981 22993 I art     : Explicit concurrent mark sweep GC freed 384(19KB) AllocSpace objects, 0(0B) LOS objects, 40% free, 22MB/37MB, paused 261us total 14.226ms
08-05 17:38:32.157 22981 22993 I art     : Starting a blocking GC Explicit
08-05 17:38:32.171 22981 22993 I art     : Explicit concurrent mark sweep GC freed 248(12KB) AllocSpace objects, 0(0B) LOS objects, 40% free, 22MB/37MB, paused 314us total 13.956ms
08-05 17:38:32.178 22981 22993 I art     : Starting a blocking GC Explicit
08-05 17:38:32.195 22981 22993 I art     : Explicit concurrent mark sweep GC freed 1223(109KB) AllocSpace objects, 2(120KB) LOS objects, 40% free, 22MB/37MB, paused 391us total 16.438ms
08-05 17:38:32.202 22981 22993 I art     : Starting a blocking GC Explicit
08-05 17:38:32.216 22981 22993 I art     : Explicit concurrent mark sweep GC freed 1997(158KB) AllocSpace objects, 1(80KB) LOS objects, 40% free, 22MB/37MB, paused 217us total 13.661ms
08-05 17:38:32.252 22981 23203 I NAPPA_EXPERIMENTATION: MetricNetworkRequestExecutionTime: REQUEST_DURATION_SYSTEM='196',REQUEST_DURATION_OKHTTP='42',REQUEST_SYNCHRONOUS='TRUE',RESPONSE_CODE='200',RESPONSE_METHOD='GET',RESPONSE_LENGTH_OKHTTP='-1',RESPONSE_LENGTH_HEADER='-2',REQUEST_PROTOCOL='http/1.1',REQUEST_URL='https://uob-timetable-api.adriankeenan.co.uk/courses',
08-05 17:38:32.450 22981 23005 I art     : Starting a blocking GC Explicit
08-05 17:38:32.463 22981 23005 I art     : Explicit concurrent mark sweep GC freed 23(13KB) AllocSpace objects, 0(0B) LOS objects, 26% free, 44MB/60MB, paused 188us total 12.700ms
08-05 17:38:32.470 22981 23005 I art     : Starting a blocking GC Explicit
08-05 17:38:32.483 22981 23005 I art     : Explicit concurrent mark sweep GC freed 4(128B) AllocSpace objects, 0(0B) LOS objects, 26% free, 44MB/60MB, paused 189us total 12.839ms
08-05 17:38:32.490 22981 23005 I art     : Starting a blocking GC Explicit
08-05 17:38:32.504 22981 23005 I art     : Explicit concurrent mark sweep GC freed 93(3KB) AllocSpace objects, 0(0B) LOS objects, 26% free, 44MB/60MB, paused 202us total 14.263ms
08-05 17:38:32.512 22981 23005 I art     : Starting a blocking GC Explicit
08-05 17:38:32.525 22981 23005 I art     : Explicit concurrent mark sweep GC freed 28(1024B) AllocSpace objects, 0(0B) LOS objects, 26% free, 44MB/60MB, paused 196us total 13.014ms
08-05 17:38:32.532 22981 23005 I art     : Starting a blocking GC Explicit
08-05 17:38:32.545 22981 23005 I art     : Explicit concurrent mark sweep GC freed 14(512B) AllocSpace objects, 0(0B) LOS objects, 26% free, 44MB/60MB, paused 200us total 12.967ms
08-05 17:38:32.548   512  2967 D audio_hw_primary: disable_audio_route: reset and update mixer path: low-latency-playback speaker
08-05 17:38:32.549   512  2967 D audio_hw_primary: disable_snd_device: snd_device(2: speaker)
08-05 17:38:32.557   512  2967 I soundtrigger: audio_extn_sound_trigger_update_device_status: device 0x2 of type 0 for Event 0
08-05 17:38:32.620 22981 23203 I HTTP    : Response was compressed.
08-05 17:38:32.793 22981 22994 I art     : Starting a blocking GC Explicit
08-05 17:38:32.819 22981 22994 I art     : Explicit concurrent mark sweep GC freed 63832(2MB) AllocSpace objects, 0(0B) LOS objects, 29% free, 38MB/54MB, paused 273us total 25.429ms
08-05 17:38:32.828 22981 22994 I art     : Starting a blocking GC Explicit
08-05 17:38:32.846 22981 22994 I art     : Explicit concurrent mark sweep GC freed 16032(746KB) AllocSpace objects, 0(0B) LOS objects, 29% free, 38MB/54MB, paused 309us total 17.810ms
08-05 17:38:32.854 22981 22994 I art     : Starting a blocking GC Explicit
08-05 17:38:32.872 22981 22994 I art     : Explicit concurrent mark sweep GC freed 14335(669KB) AllocSpace objects, 0(0B) LOS objects, 29% free, 38MB/54MB, paused 295us total 17.304ms
08-05 17:38:32.880 22981 22994 I art     : Starting a blocking GC Explicit
08-05 17:38:32.897 22981 22994 I art     : Explicit concurrent mark sweep GC freed 14031(664KB) AllocSpace objects, 0(0B) LOS objects, 29% free, 38MB/54MB, paused 307us total 17.394ms
08-05 17:38:32.905 22981 22994 I art     : Starting a blocking GC Explicit
08-05 17:38:32.924 22981 22994 I art     : Explicit concurrent mark sweep GC freed 14386(683KB) AllocSpace objects, 0(0B) LOS objects, 29% free, 38MB/54MB, paused 318us total 18.069ms
08-05 17:38:33.193 22981 23005 I art     : Starting a blocking GC Explicit
08-05 17:38:33.227 22981 23005 I art     : Explicit concurrent mark sweep GC freed 159315(7MB) AllocSpace objects, 1(20KB) LOS objects, 28% free, 40MB/56MB, paused 354us total 33.442ms
08-05 17:38:33.239 22981 23005 I art     : Starting a blocking GC Explicit
08-05 17:38:33.260 22981 23005 I art     : Explicit concurrent mark sweep GC freed 22983(1084KB) AllocSpace objects, 0(0B) LOS objects, 28% free, 40MB/56MB, paused 491us total 20.952ms
08-05 17:38:33.269 22981 23005 I art     : Starting a blocking GC Explicit
08-05 17:38:33.290 22981 23005 I art     : Explicit concurrent mark sweep GC freed 16866(800KB) AllocSpace objects, 0(0B) LOS objects, 28% free, 40MB/56MB, paused 461us total 21.184ms
08-05 17:38:33.300 22981 23005 I art     : Starting a blocking GC Explicit
08-05 17:38:33.321 22981 23005 I art     : Explicit concurrent mark sweep GC freed 17132(808KB) AllocSpace objects, 0(0B) LOS objects, 28% free, 40MB/56MB, paused 369us total 21.597ms
08-05 17:38:33.331 22981 23005 I art     : Starting a blocking GC Explicit
08-05 17:38:33.353 22981 23005 I art     : Explicit concurrent mark sweep GC freed 17155(811KB) AllocSpace objects, 0(0B) LOS objects, 28% free, 40MB/56MB, paused 427us total 22.100ms
08-05 17:38:33.615 22981 23212 I art     : Starting a blocking GC Explicit
08-05 17:38:33.653 22981 23212 I art     : Explicit concurrent mark sweep GC freed 160072(7MB) AllocSpace objects, 1(20KB) LOS objects, 27% free, 41MB/57MB, paused 421us total 38.256ms
08-05 17:38:33.665 22981 23212 I art     : Starting a blocking GC Explicit
08-05 17:38:33.692 22981 23212 I art     : Explicit concurrent mark sweep GC freed 26204(1225KB) AllocSpace objects, 0(0B) LOS objects, 27% free, 41MB/57MB, paused 431us total 26.584ms
08-05 17:38:33.703 22981 23212 I art     : Starting a blocking GC Explicit
08-05 17:38:33.728 22981 23212 I art     : Explicit concurrent mark sweep GC freed 19884(927KB) AllocSpace objects, 0(0B) LOS objects, 27% free, 41MB/57MB, paused 429us total 24.696ms
08-05 17:38:33.738 22981 23212 I art     : Starting a blocking GC Explicit
08-05 17:38:33.763 22981 23212 I art     : Explicit concurrent mark sweep GC freed 17543(823KB) AllocSpace objects, 0(0B) LOS objects, 27% free, 42MB/58MB, paused 433us total 24.379ms
08-05 17:38:33.773 22981 23212 I art     : Starting a blocking GC Explicit
08-05 17:38:33.798 22981 23212 I art     : Explicit concurrent mark sweep GC freed 16952(808KB) AllocSpace objects, 0(0B) LOS objects, 27% free, 42MB/58MB, paused 442us total 24.573ms
08-05 17:38:34.053 22981 22993 I art     : Starting a blocking GC Explicit
08-05 17:38:34.093 22981 22993 I art     : Explicit concurrent mark sweep GC freed 152182(7MB) AllocSpace objects, 1(20KB) LOS objects, 26% free, 43MB/59MB, paused 474us total 39.116ms
08-05 17:38:34.105 22981 22993 I art     : Starting a blocking GC Explicit
08-05 17:38:34.134 22981 22993 I art     : Explicit concurrent mark sweep GC freed 27022(1273KB) AllocSpace objects, 0(0B) LOS objects, 26% free, 43MB/59MB, paused 541us total 29.294ms
08-05 17:38:34.146 22981 22993 I art     : Starting a blocking GC Explicit
08-05 17:38:34.176 22981 22993 I art     : Explicit concurrent mark sweep GC freed 23259(1096KB) AllocSpace objects, 0(0B) LOS objects, 26% free, 43MB/59MB, paused 520us total 29.605ms
08-05 17:38:34.188 22981 22993 I art     : Starting a blocking GC Explicit
08-05 17:38:34.218 22981 22993 I art     : Explicit concurrent mark sweep GC freed 22752(1068KB) AllocSpace objects, 0(0B) LOS objects, 26% free, 43MB/59MB, paused 536us total 29.612ms
08-05 17:38:34.230 22981 22993 I art     : Starting a blocking GC Explicit
08-05 17:38:34.261 22981 22993 I art     : Explicit concurrent mark sweep GC freed 23424(1104KB) AllocSpace objects, 0(0B) LOS objects, 26% free, 44MB/60MB, paused 674us total 31.719ms
08-05 17:38:34.531 22981 22993 I art     : Starting a blocking GC Explicit
08-05 17:38:34.577 22981 22993 I art     : Explicit concurrent mark sweep GC freed 163474(7MB) AllocSpace objects, 1(20KB) LOS objects, 26% free, 45MB/61MB, paused 580us total 45.696ms
08-05 17:38:34.590 22981 22993 I art     : Starting a blocking GC Explicit
08-05 17:38:34.624 22981 22993 I art     : Explicit concurrent mark sweep GC freed 30219(1447KB) AllocSpace objects, 0(0B) LOS objects, 26% free, 45MB/61MB, paused 613us total 33.145ms
08-05 17:38:34.637 22981 22993 I art     : Starting a blocking GC Explicit
08-05 17:38:34.671 22981 22993 I art     : Explicit concurrent mark sweep GC freed 25921(1217KB) AllocSpace objects, 0(0B) LOS objects, 25% free, 45MB/61MB, paused 672us total 34.114ms
08-05 17:38:34.684 22981 22993 I art     : Starting a blocking GC Explicit
08-05 17:38:34.719 22981 22993 I art     : Explicit concurrent mark sweep GC freed 26247(1225KB) AllocSpace objects, 0(0B) LOS objects, 25% free, 45MB/61MB, paused 650us total 34.598ms
08-05 17:38:34.732 22981 22993 I art     : Starting a blocking GC Explicit
08-05 17:38:34.769 22981 22993 I art     : Explicit concurrent mark sweep GC freed 26279(1226KB) AllocSpace objects, 0(0B) LOS objects, 25% free, 46MB/62MB, paused 666us total 36.030ms
08-05 17:38:35.047 22981 22993 I art     : Starting a blocking GC Explicit
08-05 17:38:35.102 22981 22993 I art     : Explicit concurrent mark sweep GC freed 168161(7MB) AllocSpace objects, 1(20KB) LOS objects, 25% free, 47MB/63MB, paused 770us total 54.409ms
08-05 17:38:35.116 22981 22993 I art     : Starting a blocking GC Explicit
08-05 17:38:35.155 22981 22993 I art     : Explicit concurrent mark sweep GC freed 33619(1568KB) AllocSpace objects, 0(0B) LOS objects, 25% free, 47MB/63MB, paused 713us total 38.772ms
08-05 17:38:35.169 22981 22993 I art     : Starting a blocking GC Explicit
08-05 17:38:35.208 22981 22993 I art     : Explicit concurrent mark sweep GC freed 28720(1353KB) AllocSpace objects, 0(0B) LOS objects, 25% free, 47MB/63MB, paused 717us total 38.953ms
08-05 17:38:35.222 22981 22993 I art     : Starting a blocking GC Explicit
08-05 17:38:35.263 22981 22993 I art     : Explicit concurrent mark sweep GC freed 29179(1378KB) AllocSpace objects, 0(0B) LOS objects, 25% free, 47MB/63MB, paused 789us total 41.043ms
08-05 17:38:35.277 22981 22993 I art     : Starting a blocking GC Explicit
08-05 17:38:35.319 22981 22993 I art     : Explicit concurrent mark sweep GC freed 29597(1398KB) AllocSpace objects, 0(0B) LOS objects, 24% free, 48MB/64MB, paused 763us total 41.851ms
08-05 17:38:35.409 22981 23203 I Service : getCourses response time: 0.69
08-05 17:38:35.412 22981 22981 I SettingsManager: Getting string: savedCourse
08-05 17:38:35.587 22981 23212 I art     : Starting a blocking GC Explicit
08-05 17:38:35.642 22981 23212 I art     : Explicit concurrent mark sweep GC freed 52530(2MB) AllocSpace objects, 2(15MB) LOS objects, 32% free, 33MB/49MB, paused 208us total 54.224ms
08-05 17:38:35.657 22981 23212 I art     : Starting a blocking GC Explicit
08-05 17:38:35.700 22981 23212 I art     : Explicit concurrent mark sweep GC freed 75(2992B) AllocSpace objects, 0(0B) LOS objects, 32% free, 33MB/49MB, paused 194us total 42.294ms
08-05 17:38:35.716 22981 23212 I art     : Starting a blocking GC Explicit
08-05 17:38:35.758 22981 23212 I art     : Explicit concurrent mark sweep GC freed 3(96B) AllocSpace objects, 0(0B) LOS objects, 32% free, 33MB/49MB, paused 194us total 42.475ms
08-05 17:38:35.774 22981 23212 I art     : Starting a blocking GC Explicit
08-05 17:38:35.817 22981 23212 I art     : Explicit concurrent mark sweep GC freed 3(96B) AllocSpace objects, 0(0B) LOS objects, 32% free, 33MB/49MB, paused 188us total 42.452ms
08-05 17:38:35.832 22981 23212 I art     : Starting a blocking GC Explicit
08-05 17:38:35.875 22981 23212 I art     : Explicit concurrent mark sweep GC freed 3(96B) AllocSpace objects, 0(0B) LOS objects, 32% free, 33MB/49MB, paused 179us total 42.263ms
08-05 17:38:36.189 22981 22993 I art     : Starting a blocking GC Explicit
08-05 17:38:36.249 22981 22993 I art     : Explicit concurrent mark sweep GC freed 1274(74KB) AllocSpace objects, 1(20KB) LOS objects, 32% free, 33MB/49MB, paused 192us total 59.689ms
08-05 17:38:36.266 22981 22993 I art     : Starting a blocking GC Explicit
08-05 17:38:36.304 22981 22993 I art     : Explicit concurrent mark sweep GC freed 18(624B) AllocSpace objects, 0(0B) LOS objects, 32% free, 33MB/49MB, paused 180us total 38.321ms
08-05 17:38:36.319 22981 22993 I art     : Starting a blocking GC Explicit
08-05 17:38:36.362 22981 22993 I art     : Explicit concurrent mark sweep GC freed 3(96B) AllocSpace objects, 0(0B) LOS objects, 32% free, 33MB/49MB, paused 207us total 42.226ms
08-05 17:38:36.378 22981 22993 I art     : Starting a blocking GC Explicit
08-05 17:38:36.422 22981 22993 I art     : Explicit concurrent mark sweep GC freed 3(96B) AllocSpace objects, 0(0B) LOS objects, 32% free, 33MB/49MB, paused 191us total 44.044ms
08-05 17:38:36.438 22981 22993 I art     : Starting a blocking GC Explicit
08-05 17:38:36.482 22981 22993 I art     : Explicit concurrent mark sweep GC freed 3(96B) AllocSpace objects, 0(0B) LOS objects, 32% free, 33MB/49MB, paused 191us total 43.499ms
08-05 17:38:36.788 22981 22994 I art     : Starting a blocking GC Explicit
08-05 17:38:36.801   518   646 I ThermalEngine: ACTION: GPU - Setting GPU[0] to 450000000
08-05 17:38:36.849 22981 22994 I art     : Explicit concurrent mark sweep GC freed 1274(74KB) AllocSpace objects, 1(20KB) LOS objects, 32% free, 33MB/49MB, paused 268us total 60.898ms
08-05 17:38:36.869 22981 22994 I art     : Starting a blocking GC Explicit
08-05 17:38:36.926 22981 22994 I art     : Explicit concurrent mark sweep GC freed 18(624B) AllocSpace objects, 0(0B) LOS objects, 32% free, 33MB/49MB, paused 281us total 55.987ms
08-05 17:38:36.945 22981 22994 I art     : Starting a blocking GC Explicit
08-05 17:38:36.959  5179  5194 D QcrilMsgTunnelSocket: readRilMessage: Buffer = [B@671e81d HexData = [010000000404000011000000514f454d484f4f4bef0308000100000003]
08-05 17:38:36.959  5179  5194 D QcrilMsgTunnelSocket: Rcvd UNSOL response with 28 bytes data for SUB0
08-05 17:38:36.959  5179  5194 D QcrilMsgTunnelSocket: Response ID 525295 is not served in this process.
08-05 17:38:36.959  5179  5194 D QcrilMsgTunnelSocket: To broadcast an Intent via the notifier to external apps
08-05 17:38:36.960  5179  5179 D QcrilMsgTunnelIfaceManager: handleMessage what = 0
08-05 17:38:36.960  5179  5179 D QcrilMsgTunnelIfaceManager: Broadcasting intent ACTION_UNSOL_RESPONSE_OEM_HOOK_RAW
08-05 17:38:36.963  5164  5164 D QC_RIL_OEM_HOOK: Received Broadcast Intent ACTION_UNSOL_RESPONSE_OEM_HOOK_RAW
08-05 17:38:36.963  5164  5164 D QC_RIL_OEM_HOOK: Oem ID in QCRILHOOK UNSOL RESP is QOEMHOOK
08-05 17:38:36.987 20011 20011 I ServiceManager: Waiting for service AtCmdFwd...
08-05 17:38:36.999 22981 22994 I art     : Explicit concurrent mark sweep GC freed 3(96B) AllocSpace objects, 0(0B) LOS objects, 32% free, 33MB/49MB, paused 280us total 53.057ms
08-05 17:38:37.019 22981 22994 I art     : Starting a blocking GC Explicit
08-05 17:38:37.074 22981 22994 I art     : Explicit concurrent mark sweep GC freed 4(128B) AllocSpace objects, 0(0B) LOS objects, 32% free, 33MB/49MB, paused 261us total 54.900ms
08-05 17:38:37.096 22981 22994 I art     : Starting a blocking GC Explicit
08-05 17:38:37.151 22981 22994 I art     : Explicit concurrent mark sweep GC freed 5(176B) AllocSpace objects, 0(0B) LOS objects, 32% free, 33MB/49MB, paused 259us total 54.474ms
08-05 17:38:37.504 22981 23212 I art     : Starting a blocking GC Explicit
08-05 17:38:37.573 22981 23212 I art     : Explicit concurrent mark sweep GC freed 1274(74KB) AllocSpace objects, 1(20KB) LOS objects, 32% free, 33MB/49MB, paused 258us total 68.922ms
08-05 17:38:37.594 22981 23212 I art     : Starting a blocking GC Explicit
08-05 17:38:37.647 22981 23212 I art     : Explicit concurrent mark sweep GC freed 18(624B) AllocSpace objects, 0(0B) LOS objects, 32% free, 33MB/49MB, paused 261us total 52.329ms
08-05 17:38:37.667 22981 23212 I art     : Starting a blocking GC Explicit
08-05 17:38:37.720 22981 23212 I art     : Explicit concurrent mark sweep GC freed 3(96B) AllocSpace objects, 0(0B) LOS objects, 32% free, 33MB/49MB, paused 256us total 52.338ms
08-05 17:38:37.740 22981 23212 I art     : Starting a blocking GC Explicit
08-05 17:38:37.796 22981 23212 I art     : Explicit concurrent mark sweep GC freed 3(96B) AllocSpace objects, 0(0B) LOS objects, 32% free, 33MB/49MB, paused 246us total 55.139ms
08-05 17:38:37.815 22981 23212 I art     : Starting a blocking GC Explicit
08-05 17:38:37.871 22981 23212 I art     : Explicit concurrent mark sweep GC freed 3(96B) AllocSpace objects, 0(0B) LOS objects, 32% free, 33MB/49MB, paused 257us total 55.454ms
08-05 17:38:37.988 20011 20011 I ServiceManager: Waiting for service AtCmdFwd...
08-05 17:38:38.201 22981 22993 I art     : Starting a blocking GC Explicit
08-05 17:38:38.256 22981 22993 I art     : Explicit concurrent mark sweep GC freed 1274(74KB) AllocSpace objects, 1(20KB) LOS objects, 32% free, 33MB/49MB, paused 272us total 54.755ms
08-05 17:38:38.276 22981 22993 I art     : Starting a blocking GC Explicit
08-05 17:38:38.327 22981 22993 I art     : Explicit concurrent mark sweep GC freed 18(624B) AllocSpace objects, 0(0B) LOS objects, 32% free, 33MB/49MB, paused 330us total 50.917ms
08-05 17:38:38.346 22981 22993 I art     : Starting a blocking GC Explicit
08-05 17:38:38.400 22981 22993 I art     : Explicit concurrent mark sweep GC freed 3(96B) AllocSpace objects, 0(0B) LOS objects, 32% free, 33MB/49MB, paused 244us total 52.898ms
08-05 17:38:38.419 22981 22993 I art     : Starting a blocking GC Explicit
08-05 17:38:38.468 22981 22993 I art     : Explicit concurrent mark sweep GC freed 3(96B) AllocSpace objects, 0(0B) LOS objects, 32% free, 33MB/49MB, paused 257us total 48.513ms
08-05 17:38:38.488 22981 22993 I art     : Starting a blocking GC Explicit
08-05 17:38:38.540 22981 22993 I art     : Explicit concurrent mark sweep GC freed 3(96B) AllocSpace objects, 0(0B) LOS objects, 32% free, 33MB/49MB, paused 266us total 52.156ms
08-05 17:38:38.786 23346 23346 D AndroidRuntime: >>>>>> START com.android.internal.os.RuntimeInit uid 2000 <<<<<<
08-05 17:38:38.792 23346 23346 D AndroidRuntime: CheckJNI is OFF
08-05 17:38:38.805   518   646 I ThermalEngine: ACTION: GPU - Setting GPU[0] to 510000000
08-05 17:38:38.833 23346 23346 D ICU     : No timezone override file found: /data/misc/zoneinfo/current/icu/icu_tzdata.dat
08-05 17:38:38.865 22981 23005 I art     : Starting a blocking GC Explicit
08-05 17:38:38.870 23346 23346 I Radio-JNI: register_android_hardware_Radio DONE
08-05 17:38:38.892 23346 23346 D AndroidRuntime: Calling main entry com.android.commands.input.Input
08-05 17:38:38.895 23346 23346 I Input   : injectMotionEvent: MotionEvent { action=ACTION_DOWN, actionButton=0, id[0]=0, x[0]=526.0, y[0]=704.0, toolType[0]=TOOL_TYPE_UNKNOWN, buttonState=0, metaState=0, flags=0x0, edgeFlags=0x0, pointerCount=1, historySize=0, eventTime=812335307, downTime=812335307, deviceId=0, source=0x1002 }
08-05 17:38:38.901 23346 23346 I Input   : injectMotionEvent: MotionEvent { action=ACTION_UP, actionButton=0, id[0]=0, x[0]=526.0, y[0]=704.0, toolType[0]=TOOL_TYPE_UNKNOWN, buttonState=0, metaState=0, flags=0x0, edgeFlags=0x0, pointerCount=1, historySize=0, eventTime=812335307, downTime=812335307, deviceId=0, source=0x1002 }
08-05 17:38:38.903 23346 23346 D AndroidRuntime: Shutting down VM
08-05 17:38:38.909 22981 23005 I art     : Explicit concurrent mark sweep GC freed 1286(75KB) AllocSpace objects, 1(20KB) LOS objects, 32% free, 33MB/49MB, paused 214us total 43.620ms
08-05 17:38:38.926 22981 23005 I art     : Starting a blocking GC Explicit
08-05 17:38:38.962 22981 23005 I art     : Explicit concurrent mark sweep GC freed 25(864B) AllocSpace objects, 0(0B) LOS objects, 32% free, 33MB/49MB, paused 200us total 36.223ms
08-05 17:38:38.972   512  2967 D audio_hw_primary: out_set_parameters: enter: usecase(1: low-latency-playback) kvpairs: routing=2
08-05 17:38:38.978 22981 23005 I art     : Starting a blocking GC Explicit
08-05 17:38:38.985   512  2967 D audio_hw_primary: select_devices: out_snd_device(2: speaker) in_snd_device(0: none)
08-05 17:38:38.985   512  2967 D msm8974_platform: platform_send_audio_calibration: sending audio calibration for snd_device(2) acdb_id(15)
08-05 17:38:38.985   512  2967 I soundtrigger: audio_extn_sound_trigger_update_device_status: device 0x2 of type 0 for Event 1
08-05 17:38:38.988 20011 20011 I ServiceManager: Waiting for service AtCmdFwd...
08-05 17:38:38.995   512  2967 D audio_hw_primary: enable_snd_device: snd_device(2: speaker)
08-05 17:38:38.997   512  2967 D audio_hw_primary: enable_audio_route: apply and update mixer path: low-latency-playback speaker
08-05 17:38:39.018 22981 23005 I art     : Explicit concurrent mark sweep GC freed 617(48KB) AllocSpace objects, 1(20KB) LOS objects, 32% free, 33MB/49MB, paused 264us total 39.600ms
08-05 17:38:39.032 22981 23005 I art     : Starting a blocking GC Explicit
08-05 17:38:39.070 22981 23005 I art     : Explicit concurrent mark sweep GC freed 200(12KB) AllocSpace objects, 0(0B) LOS objects, 32% free, 33MB/49MB, paused 208us total 37.429ms
08-05 17:38:39.084 22981 23005 I art     : Starting a blocking GC Explicit
08-05 17:38:39.122 22981 23005 I art     : Explicit concurrent mark sweep GC freed 72(3KB) AllocSpace objects, 0(0B) LOS objects, 32% free, 33MB/49MB, paused 194us total 38.346ms
08-05 17:38:39.391 22981 23212 I art     : Starting a blocking GC Explicit
08-05 17:38:39.440 21092 21092 I Finsky  : [1] xow.onStartJob(3): SCH: onJobSchedulerWakeup with jobId 9011
08-05 17:38:39.448 22981 23212 I art     : Explicit concurrent mark sweep GC freed 1281(75KB) AllocSpace objects, 1(20KB) LOS objects, 32% free, 33MB/49MB, paused 234us total 56.712ms
08-05 17:38:39.451 21092 21092 I Finsky  : [1] xjw.a(9): Scheduling fallback in 43199995 (absolute: 1838923321)
08-05 17:38:39.459 21092 21092 I Finsky  : [1] xjw.a(9): Scheduling fallback in 64799995 (absolute: 1860523326)
08-05 17:38:39.466 22981 23212 I art     : Starting a blocking GC Explicit
08-05 17:38:39.505 22981 23212 I art     : Explicit concurrent mark sweep GC freed 26(896B) AllocSpace objects, 0(0B) LOS objects, 32% free, 33MB/49MB, paused 190us total 39.207ms
08-05 17:38:39.521 22981 23212 I art     : Starting a blocking GC Explicit
08-05 17:38:39.538   512  2967 D audio_hw_primary: disable_audio_route: reset and update mixer path: low-latency-playback speaker
08-05 17:38:39.539   512  2967 D audio_hw_primary: disable_snd_device: snd_device(2: speaker)
08-05 17:38:39.548   512  2967 I soundtrigger: audio_extn_sound_trigger_update_device_status: device 0x2 of type 0 for Event 0
08-05 17:38:39.561 22981 23212 I art     : Explicit concurrent mark sweep GC freed 3(96B) AllocSpace objects, 0(0B) LOS objects, 32% free, 33MB/49MB, paused 207us total 39.803ms
08-05 17:38:39.577 22981 23212 I art     : Starting a blocking GC Explicit
08-05 17:38:39.603 21092 21092 I Finsky  : [1] xkf.handleMessage(8): SCH: DeviceState: DeviceState{currentTime=1596641919598, isCharging=false, isIdle=false, netAny=true, netNotRoaming=true, netUnmetered=true, batteryPercent=100.0}
08-05 17:38:39.608 21092 22952 I Finsky  : [6499] xmu.a(8): SCH: Jobs in database: 1-1337 3-215 3-216 12-1 24-77777777 26-1414141414 
08-05 17:38:39.612 21092 21092 I Finsky  : [1] xkg.a(16): SCH: Running job: 12-1
08-05 17:38:39.613 21092 21092 I Finsky  : [1] ContentSyncJob.a(16): [ContentSync] job started
08-05 17:38:39.614 21092 21092 I Finsky  : [1] xkf.handleMessage(61): SCH: RunningQueue size: 1, PendingQueue size: 0
08-05 17:38:39.615 21092 21092 I Finsky  : [1] xkf.handleMessage(64): SCH: Running queue: 12-1 
08-05 17:38:39.618 22981 23212 I art     : Explicit concurrent mark sweep GC freed 3(96B) AllocSpace objects, 0(0B) LOS objects, 32% free, 33MB/49MB, paused 167us total 41.417ms
08-05 17:38:39.636 22981 23212 I art     : Starting a blocking GC Explicit
08-05 17:38:39.674 22981 23212 I art     : Explicit concurrent mark sweep GC freed 5(160B) AllocSpace objects, 0(0B) LOS objects, 32% free, 33MB/49MB, paused 168us total 38.168ms
08-05 17:38:39.715 21092 22971 I Finsky  : [6505] dzn.a(22): Completed 0 account content syncs with 0 successful.
08-05 17:38:39.717 21092 21092 I Finsky  : [1] ContentSyncJob.a(1): [ContentSync] Installation state replication succeeded.
08-05 17:38:39.717 21092 21092 I Finsky  : [1] xlr.a(13): SCH: jobFinished: 12-1. TimeElapsed: 105ms.
08-05 17:38:39.718 21092 21092 I Finsky  : [1] xkg.a(36): SCH: Job 12-1 finished. Not rescheduling.
08-05 17:38:39.718 21092 21092 I Finsky  : [1] xkf.handleMessage(61): SCH: RunningQueue size: 0, PendingQueue size: 0
08-05 17:38:39.719 21092 21092 I Finsky  : [1] xkf.handleMessage(25): Executor finished
08-05 17:38:39.737 21092 21092 I Finsky  : [1] xmu.a(8): SCH: Jobs in database: 1-1337 3-215 3-216 24-77777777 26-1414141414 
08-05 17:38:39.739 21092 21092 I Finsky  : [1] xio.a(57): SCH: ConstraintMapping: 24-77777777,  -> L: 0ms, D: 12680781ms, C: false, I: true, N: 0
08-05 17:38:39.739 21092 21092 I Finsky  : [1] xio.a(57): SCH: ConstraintMapping: 1-1337,  -> L: 16033172ms, D: 59233172ms, C: false, I: false, N: 1
08-05 17:38:39.740 21092 21092 I Finsky  : [1] xio.a(57): SCH: ConstraintMapping: 3-215,  -> L: 0ms, D: 71107712ms, C: false, I: true, N: 2
08-05 17:38:39.741 21092 21092 I Finsky  : [1] xio.a(57): SCH: ConstraintMapping: 3-216,  -> L: 0ms, D: 71107743ms, C: true, I: true, N: 2
08-05 17:38:39.742 21092 21092 I Finsky  : [1] xio.a(57): SCH: ConstraintMapping: 26-1414141414,  -> L: 20680640ms, D: 21580640ms, C: false, I: false, N: 0
08-05 17:38:39.756 21092 21092 I Finsky  : [1] xle.a(34): Cancelling existing jobscheduler jobs: 9016 9015 9013 9017 9000 9012 9014 9018 9019 
08-05 17:38:39.757 21092 21092 I Finsky  : [1] xle.a(10): Throttling wakeup for job 9001 (expected to run in 0 ms) due to recent wakeup
08-05 17:38:39.758 21092 21092 I Finsky  : [1] xle.a(27): Scheduling job Id: 9001, L: 30000, D: 12680781, C: false, I: true, N: 0
08-05 17:38:39.760 21092 21092 I Finsky  : [1] xle.a(27): Scheduling job Id: 9002, L: 16033172, D: 59233172, C: false, I: false, N: 1
08-05 17:38:39.762 21092 21092 I Finsky  : [1] xle.a(10): Throttling wakeup for job 9003 (expected to run in 0 ms) due to recent wakeup
08-05 17:38:39.763 21092 21092 I Finsky  : [1] xle.a(27): Scheduling job Id: 9003, L: 30000, D: 71107712, C: false, I: true, N: 2
08-05 17:38:39.764 21092 21092 I Finsky  : [1] xle.a(10): Throttling wakeup for job 9004 (expected to run in 0 ms) due to recent wakeup
08-05 17:38:39.765 21092 21092 I Finsky  : [1] xle.a(27): Scheduling job Id: 9004, L: 30000, D: 71107743, C: true, I: true, N: 2
08-05 17:38:39.766 21092 21092 I Finsky  : [1] xle.a(27): Scheduling job Id: 9005, L: 20680640, D: 21580640, C: false, I: false, N: 0
08-05 17:38:39.768 21092 21092 I Finsky  : [1] xle.a(10): Throttling wakeup for job 9006 (expected to run in 0 ms) due to recent wakeup
08-05 17:38:39.768 21092 21092 I Finsky  : [1] xle.a(27): Scheduling job Id: 9006, L: 30000, D: 12680781, C: false, I: true, N: 0
08-05 17:38:39.769 21092 21092 I Finsky  : [1] xle.a(27): Scheduling job Id: 9007, L: 16033172, D: 59233172, C: false, I: false, N: 1
08-05 17:38:39.771 21092 21092 I Finsky  : [1] xle.a(10): Throttling wakeup for job 9008 (expected to run in 0 ms) due to recent wakeup
08-05 17:38:39.771 21092 21092 I Finsky  : [1] xle.a(27): Scheduling job Id: 9008, L: 30000, D: 71107712, C: false, I: true, N: 2
08-05 17:38:39.772 21092 21092 I Finsky  : [1] xle.a(10): Throttling wakeup for job 9009 (expected to run in 0 ms) due to recent wakeup
08-05 17:38:39.773 21092 21092 I Finsky  : [1] xle.a(27): Scheduling job Id: 9009, L: 30000, D: 71107743, C: true, I: true, N: 2
08-05 17:38:39.774 21092 21092 I Finsky  : [1] xle.a(27): Scheduling job Id: 9010, L: 20680640, D: 21580640, C: false, I: false, N: 0
08-05 17:38:39.806   518   646 I ThermalEngine: ACTION: GPU - Setting GPU[0] to 450000000
08-05 17:38:39.959 22981 22994 I art     : Starting a blocking GC Explicit
08-05 17:38:39.989 20011 20011 I ServiceManager: Waiting for service AtCmdFwd...
08-05 17:38:40.017 22981 22994 I art     : Explicit concurrent mark sweep GC freed 1280(75KB) AllocSpace objects, 1(20KB) LOS objects, 32% free, 33MB/49MB, paused 273us total 57.668ms
08-05 17:38:40.036 22981 22994 I art     : Starting a blocking GC Explicit
08-05 17:38:40.088 22981 22994 I art     : Explicit concurrent mark sweep GC freed 20(688B) AllocSpace objects, 0(0B) LOS objects, 32% free, 33MB/49MB, paused 262us total 51.469ms
08-05 17:38:40.108 22981 22994 I art     : Starting a blocking GC Explicit
08-05 17:38:40.158 22981 22994 I art     : Explicit concurrent mark sweep GC freed 3(96B) AllocSpace objects, 0(0B) LOS objects, 32% free, 33MB/49MB, paused 306us total 49.796ms
08-05 17:38:40.177 22981 22994 I art     : Starting a blocking GC Explicit
08-05 17:38:40.224 22981 22994 I art     : Explicit concurrent mark sweep GC freed 3(96B) AllocSpace objects, 0(0B) LOS objects, 32% free, 33MB/49MB, paused 258us total 46.953ms
08-05 17:38:40.242 22981 22994 I art     : Starting a blocking GC Explicit
08-05 17:38:40.291 22981 22994 I art     : Explicit concurrent mark sweep GC freed 3(96B) AllocSpace objects, 0(0B) LOS objects, 32% free, 33MB/49MB, paused 267us total 48.579ms
08-05 17:38:40.581 22981 23005 I art     : Starting a blocking GC Explicit
08-05 17:38:40.641 22981 23005 I art     : Explicit concurrent mark sweep GC freed 1283(75KB) AllocSpace objects, 1(20KB) LOS objects, 32% free, 33MB/49MB, paused 292us total 59.784ms
08-05 17:38:40.664 22981 23005 I art     : Starting a blocking GC Explicit
08-05 17:38:40.676 23392 23392 D AndroidRuntime: >>>>>> START com.android.internal.os.RuntimeInit uid 2000 <<<<<<
08-05 17:38:40.682 23392 23392 D AndroidRuntime: CheckJNI is OFF
08-05 17:38:40.717 22981 23005 I art     : Explicit concurrent mark sweep GC freed 28(944B) AllocSpace objects, 0(0B) LOS objects, 32% free, 33MB/49MB, paused 375us total 52.743ms
08-05 17:38:40.728 23392 23392 D ICU     : No timezone override file found: /data/misc/zoneinfo/current/icu/icu_tzdata.dat
08-05 17:38:40.737 22981 23005 I art     : Starting a blocking GC Explicit
08-05 17:38:40.773 23392 23392 I Radio-JNI: register_android_hardware_Radio DONE
08-05 17:38:40.788 22981 23005 I art     : Explicit concurrent mark sweep GC freed 11(352B) AllocSpace objects, 0(0B) LOS objects, 32% free, 33MB/49MB, paused 251us total 51.042ms
08-05 17:38:40.803 23392 23392 D AndroidRuntime: Calling main entry com.android.commands.input.Input
08-05 17:38:40.805 23392 23392 I Input   : injectMotionEvent: MotionEvent { action=ACTION_DOWN, actionButton=0, id[0]=0, x[0]=1197.0, y[0]=1456.0, toolType[0]=TOOL_TYPE_UNKNOWN, buttonState=0, metaState=0, flags=0x0, edgeFlags=0x0, pointerCount=1, historySize=0, eventTime=812337218, downTime=812337218, deviceId=0, source=0x1002 }
08-05 17:38:40.808 22981 23005 I art     : Starting a blocking GC Explicit
08-05 17:38:40.812 23392 23392 I Input   : injectMotionEvent: MotionEvent { action=ACTION_UP, actionButton=0, id[0]=0, x[0]=1197.0, y[0]=1456.0, toolType[0]=TOOL_TYPE_UNKNOWN, buttonState=0, metaState=0, flags=0x0, edgeFlags=0x0, pointerCount=1, historySize=0, eventTime=812337218, downTime=812337218, deviceId=0, source=0x1002 }
08-05 17:38:40.814 23392 23392 D AndroidRuntime: Shutting down VM
08-05 17:38:40.821   512  2967 D audio_hw_primary: out_set_parameters: enter: usecase(1: low-latency-playback) kvpairs: routing=2
08-05 17:38:40.834   512  2967 D audio_hw_primary: select_devices: out_snd_device(2: speaker) in_snd_device(0: none)
08-05 17:38:40.834   512  2967 D msm8974_platform: platform_send_audio_calibration: sending audio calibration for snd_device(2) acdb_id(15)
08-05 17:38:40.834   512  2967 I soundtrigger: audio_extn_sound_trigger_update_device_status: device 0x2 of type 0 for Event 1
08-05 17:38:40.838 22981 23000 D OpenGLRenderer: endAllStagingAnimators on 0x7f81652800 (RippleDrawable) with handle 0x7f7cf7c3a0
08-05 17:38:40.844   512  2967 D audio_hw_primary: enable_snd_device: snd_device(2: speaker)
08-05 17:38:40.846   512  2967 D audio_hw_primary: enable_audio_route: apply and update mixer path: low-latency-playback speaker
08-05 17:38:40.846 22981 22981 I SettingsManager: Setting string: savedCourse
08-05 17:38:40.852   918  5952 W BackupManagerService: dataChanged but no participant pkg='baseline.com.ak.uobtimetable' uid=10684
08-05 17:38:40.853   918  5481 I ActivityManager: START u0 {flg=0x4000000 cmp=baseline.com.ak.uobtimetable/.MainActivity (has extras)} from uid 10684 on display 0
08-05 17:38:40.859 22981 23005 I art     : Explicit concurrent mark sweep GC freed 2824(137KB) AllocSpace objects, 1(20KB) LOS objects, 32% free, 33MB/49MB, paused 349us total 51.158ms
08-05 17:38:40.868   918  3961 W InputMethodManagerService: Focus gain on non-focused client com.android.internal.view.IInputMethodClient$Stub$Proxy@ec28c (uid=10684 pid=22981)
08-05 17:38:40.879 22981 23005 I art     : Starting a blocking GC Explicit
08-05 17:38:40.885 22981 22981 D MainActivity: OnDestroy
08-05 17:38:40.907 22981 22981 D MainActivity: onCreate
08-05 17:38:40.907 22981 22981 I SettingsManager: Getting string: savedSessions
08-05 17:38:40.907 22981 22981 I Settings: No saved sessions
08-05 17:38:40.928 22981 23005 I art     : Explicit concurrent mark sweep GC freed 719(38KB) AllocSpace objects, 0(0B) LOS objects, 32% free, 33MB/49MB, paused 370us total 49.142ms
08-05 17:38:40.950 22981 22981 I SettingsManager: Getting string: savedCourse
08-05 17:38:40.951 22981 22981 D MainActivity: sessionListFragmentArg: updateSessions
08-05 17:38:40.951 22981 22981 D MainActivity: showTermDatesConfigChange: false
08-05 17:38:40.951 22981 22981 D MainActivity: showTermDatesShortcut: false
08-05 17:38:40.953 22981 22981 D MainActivity: Setting initial fragment: SessionListsFragment
08-05 17:38:40.956 22981 22981 I SettingsManager: Getting int: launchCount
08-05 17:38:40.961 22981 22981 D SessionListsFragment: onCreateView
08-05 17:38:40.975 22981 22981 I SettingsManager: Getting string: savedCourse
08-05 17:38:40.979 22981 22981 I SettingsManager: Getting string: savedSessions
08-05 17:38:40.979 22981 22981 D SessionListsFragment: loadArgument: updateSessions
08-05 17:38:40.979 22981 22981 D SessionListsFragment: initialIndex: -1
08-05 17:38:40.982 22981 23415 D HTTP    : Request for: https://uob-timetable-api.adriankeenan.co.uk/sessions?dept=BD002&course=CFIEFAAF%2F02AA%2F0%2FFT&level=ALL+Courses
08-05 17:38:40.984 22981 22981 I WebViewFactory: Loading com.google.android.webview version 84.0.4147.89 (code 414708953)
08-05 17:38:40.989 20011 20011 I ServiceManager: Waiting for service AtCmdFwd...
08-05 17:38:41.075 22981 22981 I cr_LibraryLoader: Loaded native library version number "84.0.4147.89"
08-05 17:38:41.076 22981 22981 I cr_CachingUmaRecorder: Flushed 5 samples from 5 histograms.
08-05 17:38:41.116 22981 22981 E chromium: [ERROR:filesystem_posix.cc(62)] mkdir /data/user/0/baseline.com.ak.uobtimetable/cache/WebView/Crashpad: No such file or directory (2)
08-05 17:38:41.238   918  5132 D ConnectivityService: listenForNetwork for Listen from uid/pid:10684/22981 for NetworkRequest [ id=3480, legacyType=-1, [ Capabilities: INTERNET&NOT_RESTRICTED&TRUSTED] ]
08-05 17:38:41.241 22981 22994 I art     : Starting a blocking GC Explicit
08-05 17:38:41.277 22981 23415 I NAPPA_EXPERIMENTATION: MetricNetworkRequestExecutionTime: REQUEST_DURATION_SYSTEM='293',REQUEST_DURATION_OKHTTP='40',REQUEST_SYNCHRONOUS='TRUE',RESPONSE_CODE='200',RESPONSE_METHOD='GET',RESPONSE_LENGTH_OKHTTP='-1',RESPONSE_LENGTH_HEADER='867',REQUEST_PROTOCOL='http/1.1',REQUEST_URL='https://uob-timetable-api.adriankeenan.co.uk/sessions?dept=BD002&course=CFIEFAAF%2F02AA%2F0%2FFT&level=ALL+Courses',
08-05 17:38:41.289 22981 23440 W cr_media: Requires BLUETOOTH permission
08-05 17:38:41.297 22981 23452 E libEGL  : validate_display:255 error 3008 (EGL_BAD_DISPLAY)
08-05 17:38:41.306 22981 22981 D TermDatesFragment: WebView loaded
08-05 17:38:41.307 22981 22981 D MainActivity: OnResume
08-05 17:38:41.310 22981 22994 I art     : Explicit concurrent mark sweep GC freed 17175(1290KB) AllocSpace objects, 10(1696KB) LOS objects, 31% free, 35MB/51MB, paused 1.023ms total 68.348ms
08-05 17:38:41.312 22981 23415 I HTTP    : Response was compressed.
08-05 17:38:41.336 22981 23415 I Service : getSessions response time: 1.12
08-05 17:38:41.346 22981 22994 I art     : Starting a blocking GC Explicit
08-05 17:38:41.379   512  2967 D audio_hw_primary: disable_audio_route: reset and update mixer path: low-latency-playback speaker
08-05 17:38:41.379   512  2967 D audio_hw_primary: disable_snd_device: snd_device(2: speaker)
08-05 17:38:41.389   512  2967 I soundtrigger: audio_extn_sound_trigger_update_device_status: device 0x2 of type 0 for Event 0
08-05 17:38:41.401 22981 22994 I art     : Explicit concurrent mark sweep GC freed 8161(507KB) AllocSpace objects, 0(0B) LOS objects, 31% free, 35MB/51MB, paused 886us total 54.640ms
08-05 17:38:41.416 22981 22981 I TermDatesFragment: Webview load %: 10
08-05 17:38:41.417 22981 22981 I SettingsManager: Getting string: savedSessions
08-05 17:38:41.419 22981 22994 I art     : Starting a blocking GC Explicit
08-05 17:38:41.431 22981 22981 I SettingsManager: Setting string: savedSessions
08-05 17:38:41.436   918  5132 W BackupManagerService: dataChanged but no participant pkg='baseline.com.ak.uobtimetable' uid=10684
08-05 17:38:41.436 22981 22981 I SettingsManager: Setting date: savedSessionsTime
08-05 17:38:41.441   918   928 W BackupManagerService: dataChanged but no participant pkg='baseline.com.ak.uobtimetable' uid=10684
08-05 17:38:41.441 22981 22981 I SettingsManager: Setting string: savedSessionsCourseName
08-05 17:38:41.452   918  5952 W BackupManagerService: dataChanged but no participant pkg='baseline.com.ak.uobtimetable' uid=10684
08-05 17:38:41.453 22981 22981 I SettingsManager: Setting string: savedSessionsDateRange
08-05 17:38:41.458   918  4400 W BackupManagerService: dataChanged but no participant pkg='baseline.com.ak.uobtimetable' uid=10684
08-05 17:38:41.458 22981 22981 I SettingsManager: Setting string: timetableUrl
08-05 17:38:41.463   918  3359 W BackupManagerService: dataChanged but no participant pkg='baseline.com.ak.uobtimetable' uid=10684
08-05 17:38:41.464 22981 22981 I SettingsManager: Getting boolean: notifySessionRemindersEnabled
08-05 17:38:41.464 22981 22981 I SettingsManager: Getting int: notifySessionRemindersMinutes
08-05 17:38:41.464 22981 22981 I SettingsManager: Getting boolean: showHiddenSessions
08-05 17:38:41.470 22981 22994 I art     : Explicit concurrent mark sweep GC freed 7268(459KB) AllocSpace objects, 8(184KB) LOS objects, 31% free, 34MB/50MB, paused 1.060ms total 50.778ms
08-05 17:38:41.489 22981 22994 I art     : Starting a blocking GC Explicit
08-05 17:38:41.508 22981 22981 I SessionReminderNotifier: Created session reminder alarm for f7b4771250a919bd729c1c5a4a459c77 at Mon 08:30:00 10/08/20
08-05 17:38:41.510 22981 22981 I SessionReminderNotifier: Created session reminder alarm for a7f879aabdeb78622c8820a5fb7b64cd at Tue 08:30:00 11/08/20
08-05 17:38:41.512 22981 22981 I SessionReminderNotifier: Created session reminder alarm for 7bc8d7e2c2055711f597c3d9078c6ea3 at Tue 08:30:00 11/08/20
08-05 17:38:41.513 22981 22981 I SessionReminderNotifier: Created session reminder alarm for e0fc978b5db8218778540b4053344581 at Tue 11:00:00 11/08/20
08-05 17:38:41.515 22981 22981 I SessionReminderNotifier: Created session reminder alarm for 21712fef61090882c855a1425543edb5 at Tue 13:30:00 11/08/20
08-05 17:38:41.516 22981 22981 I SessionReminderNotifier: Created session reminder alarm for 65ca4d97f031f29a4d02bbb45a705d8f at Wed 08:30:00 12/08/20
08-05 17:38:41.518 22981 22981 I SessionReminderNotifier: Created session reminder alarm for eeda7741b0bcab58fd9f46dc6ef1d942 at Wed 08:30:00 12/08/20
08-05 17:38:41.519 22981 22981 I SessionReminderNotifier: Created session reminder alarm for c276c1b2075a0beb67f1b3d1e580f920 at Wed 11:00:00 12/08/20
08-05 17:38:41.521 22981 22981 I SessionReminderNotifier: Created session reminder alarm for 79fe0b5c3b887a13ba29db5a33fa2800 at Thu 08:30:00 06/08/20
08-05 17:38:41.522 22981 22981 I SessionReminderNotifier: Created session reminder alarm for 2ba1034116e4fffdd592dbf0796a43d5 at Fri 08:30:00 07/08/20
08-05 17:38:41.523 22981 22981 I SettingsManager: Getting boolean: showHiddenSessions
08-05 17:38:41.523 22981 22981 D SessionListsFragment: 1 sessions for day 0
08-05 17:38:41.524 22981 22981 D SessionListsFragment: 4 sessions for day 1
08-05 17:38:41.524 22981 22981 D SessionListsFragment: 3 sessions for day 2
08-05 17:38:41.524 22981 22981 D SessionListsFragment: 1 sessions for day 3
08-05 17:38:41.524 22981 22981 D SessionListsFragment: 1 sessions for day 4
08-05 17:38:41.547 22981 22994 I art     : Explicit concurrent mark sweep GC freed 4937(238KB) AllocSpace objects, 0(0B) LOS objects, 31% free, 35MB/51MB, paused 1.400ms total 58.156ms
08-05 17:38:41.566 22981 22994 I art     : Starting a blocking GC Explicit
08-05 17:38:41.584 22981 22981 I SettingsManager: Getting boolean: showHiddenSessions
08-05 17:38:41.585 22981 22981 D SessionListsFragment: Refreshed ViewPager
08-05 17:38:41.585 22981 22981 I SettingsManager: Getting boolean: showHiddenSessions
08-05 17:38:41.585 22981 22981 I SettingsManager: Getting boolean: completedTutorial
08-05 17:38:41.602 22981 22981 I SettingsManager: Getting boolean: showHiddenSessions
08-05 17:38:41.602 22981 22981 I SettingsManager: Getting date: savedSessionsTime
08-05 17:38:41.627 22981 22994 I art     : Explicit concurrent mark sweep GC freed 4672(362KB) AllocSpace objects, 2(120KB) LOS objects, 30% free, 35MB/51MB, paused 1.566ms total 60.023ms
08-05 17:38:41.925 22981 23212 I art     : Starting a blocking GC Explicit
08-05 17:38:41.989 20011 20011 W Atfwd_Sendcmd: AtCmdFwd service not published, waiting... retryCnt : 3
08-05 17:38:42.015 22981 23212 I art     : Explicit concurrent mark sweep GC freed 127234(5MB) AllocSpace objects, 2(100KB) LOS objects, 30% free, 36MB/52MB, paused 1.083ms total 89.745ms
08-05 17:38:42.037 22981 23212 I art     : Starting a blocking GC Explicit
08-05 17:38:42.106 22981 23212 I art     : Explicit concurrent mark sweep GC freed 34706(1638KB) AllocSpace objects, 0(0B) LOS objects, 30% free, 36MB/52MB, paused 1.038ms total 69.251ms
08-05 17:38:42.127 22981 23212 I art     : Starting a blocking GC Explicit
08-05 17:38:42.192 22981 23212 I art     : Explicit concurrent mark sweep GC freed 16695(699KB) AllocSpace objects, 0(0B) LOS objects, 30% free, 36MB/52MB, paused 495us total 64.436ms
08-05 17:38:42.213 22981 23212 I art     : Starting a blocking GC Explicit
08-05 17:38:42.240 13866 13866 I GoogleInputMethodServic: GoogleInputMethodService.onFinishInput():3138 
08-05 17:38:42.241 13866 13866 I GoogleInputMethodServic: GoogleInputMethodService.onStartInput():1808 
08-05 17:38:42.248 22981 22981 I Choreographer: Skipped 37 frames!  The application may be doing too much work on its main thread.
08-05 17:38:42.282 22981 23212 I art     : Explicit concurrent mark sweep GC freed 11528(485KB) AllocSpace objects, 0(0B) LOS objects, 30% free, 36MB/52MB, paused 1.221ms total 68.725ms
08-05 17:38:42.304 22981 23212 I art     : Starting a blocking GC Explicit
08-05 17:38:42.376 22981 23212 I art     : Explicit concurrent mark sweep GC freed 28858(1167KB) AllocSpace objects, 0(0B) LOS objects, 30% free, 36MB/52MB, paused 1.337ms total 71.804ms
08-05 17:38:42.614 22981 22981 I TermDatesFragment: Webview load %: 70
08-05 17:38:42.622   918   936 I ActivityManager: Displayed baseline.com.ak.uobtimetable/.MainActivity: +1s741ms
08-05 17:38:42.638 22981 22981 I TermDatesFragment: Webview load %: 80
08-05 17:38:42.638 22981 22981 I TermDatesFragment: Webview load %: 100
08-05 17:38:42.638 22981 22981 I TermDatesFragment: Webview load %: 100
08-05 17:38:42.715 22981 22993 I art     : Starting a blocking GC Explicit
08-05 17:38:42.805 22981 22993 I art     : Explicit concurrent mark sweep GC freed 60997(2MB) AllocSpace objects, 1(20KB) LOS objects, 30% free, 37MB/53MB, paused 715us total 90.179ms
08-05 17:38:42.829 22981 22993 I art     : Starting a blocking GC Explicit
08-05 17:38:42.899 22981 22993 I art     : Explicit concurrent mark sweep GC freed 1960(162KB) AllocSpace objects, 0(0B) LOS objects, 30% free, 36MB/52MB, paused 589us total 69.107ms
08-05 17:38:42.926 22981 22993 I art     : Starting a blocking GC Explicit
08-05 17:38:42.982 22981 22993 I art     : Explicit concurrent mark sweep GC freed 121473(11MB) AllocSpace objects, 3(136KB) LOS objects, 38% free, 25MB/41MB, paused 426us total 55.656ms
08-05 17:38:42.997 22981 22993 I art     : Starting a blocking GC Explicit
08-05 17:38:43.037 22981 22993 I art     : Explicit concurrent mark sweep GC freed 3(96B) AllocSpace objects, 0(0B) LOS objects, 38% free, 25MB/41MB, paused 459us total 39.888ms
08-05 17:38:43.053 22981 22993 I art     : Starting a blocking GC Explicit
08-05 17:38:43.095 22981 22993 I art     : Explicit concurrent mark sweep GC freed 3(96B) AllocSpace objects, 0(0B) LOS objects, 38% free, 25MB/41MB, paused 440us total 41.961ms
08-05 17:38:43.440 22981 23212 I art     : Starting a blocking GC Explicit
08-05 17:38:43.481 22981 23212 I art     : Explicit concurrent mark sweep GC freed 1607(88KB) AllocSpace objects, 1(20KB) LOS objects, 38% free, 25MB/41MB, paused 411us total 40.730ms
08-05 17:38:43.496 22981 23212 I art     : Starting a blocking GC Explicit
08-05 17:38:43.539 22981 23212 I art     : Explicit concurrent mark sweep GC freed 20(704B) AllocSpace objects, 0(0B) LOS objects, 38% free, 25MB/41MB, paused 434us total 42.964ms
08-05 17:38:43.555 22981 23212 I art     : Starting a blocking GC Explicit
08-05 17:38:43.599 22981 23212 I art     : Explicit concurrent mark sweep GC freed 3(96B) AllocSpace objects, 0(0B) LOS objects, 38% free, 25MB/41MB, paused 433us total 43.446ms
08-05 17:38:43.614 22981 23212 I art     : Starting a blocking GC Explicit
08-05 17:38:43.659 22981 23212 I art     : Explicit concurrent mark sweep GC freed 3(96B) AllocSpace objects, 0(0B) LOS objects, 38% free, 25MB/41MB, paused 420us total 43.845ms
08-05 17:38:43.674 22981 23212 I art     : Starting a blocking GC Explicit
08-05 17:38:43.718 22981 23212 I art     : Explicit concurrent mark sweep GC freed 3(96B) AllocSpace objects, 0(0B) LOS objects, 38% free, 25MB/41MB, paused 447us total 42.943ms
08-05 17:38:44.062 22981 23212 I art     : Starting a blocking GC Explicit
08-05 17:38:44.113 22981 23212 I art     : Explicit concurrent mark sweep GC freed 1323(76KB) AllocSpace objects, 1(20KB) LOS objects, 38% free, 25MB/41MB, paused 411us total 50.494ms
08-05 17:38:44.132 22981 23212 I art     : Starting a blocking GC Explicit
08-05 17:38:44.175 22981 23212 I art     : Explicit concurrent mark sweep GC freed 18(624B) AllocSpace objects, 0(0B) LOS objects, 38% free, 25MB/41MB, paused 424us total 42.325ms
08-05 17:38:44.190 22981 23212 I art     : Starting a blocking GC Explicit
08-05 17:38:44.235 22981 23212 I art     : Explicit concurrent mark sweep GC freed 3(96B) AllocSpace objects, 0(0B) LOS objects, 38% free, 25MB/41MB, paused 419us total 44.334ms
08-05 17:38:44.251 22981 23212 I art     : Starting a blocking GC Explicit
08-05 17:38:44.297 22981 23212 I art     : Explicit concurrent mark sweep GC freed 3(96B) AllocSpace objects, 0(0B) LOS objects, 38% free, 25MB/41MB, paused 428us total 45.389ms
08-05 17:38:44.313 22981 23212 I art     : Starting a blocking GC Explicit
08-05 17:38:44.358 22981 23212 I art     : Explicit concurrent mark sweep GC freed 3(96B) AllocSpace objects, 0(0B) LOS objects, 38% free, 25MB/41MB, paused 514us total 44.482ms
08-05 17:38:44.704 22981 22994 I art     : Starting a blocking GC Explicit
08-05 17:38:44.761 22981 22994 I art     : Explicit concurrent mark sweep GC freed 1293(75KB) AllocSpace objects, 1(20KB) LOS objects, 38% free, 25MB/41MB, paused 452us total 56.447ms
08-05 17:38:44.779 22981 22994 I art     : Starting a blocking GC Explicit
08-05 17:38:44.823 22981 22994 I art     : Explicit concurrent mark sweep GC freed 18(624B) AllocSpace objects, 0(0B) LOS objects, 38% free, 25MB/41MB, paused 435us total 43.851ms
08-05 17:38:44.839 22981 22994 I art     : Starting a blocking GC Explicit
08-05 17:38:44.884 22981 22994 I art     : Explicit concurrent mark sweep GC freed 3(96B) AllocSpace objects, 0(0B) LOS objects, 38% free, 25MB/41MB, paused 426us total 44.541ms
08-05 17:38:44.900 22981 22994 I art     : Starting a blocking GC Explicit
08-05 17:38:44.943 22981 22994 I art     : Explicit concurrent mark sweep GC freed 3(96B) AllocSpace objects, 0(0B) LOS objects, 38% free, 25MB/41MB, paused 425us total 43.028ms
08-05 17:38:44.960 22981 22994 I art     : Starting a blocking GC Explicit
08-05 17:38:45.005 22981 22994 I art     : Explicit concurrent mark sweep GC freed 3(96B) AllocSpace objects, 0(0B) LOS objects, 38% free, 25MB/41MB, paused 429us total 45.199ms
08-05 17:38:45.308 22981 22993 I art     : Starting a blocking GC Explicit
08-05 17:38:45.356 22981 22993 I art     : Explicit concurrent mark sweep GC freed 1293(75KB) AllocSpace objects, 1(20KB) LOS objects, 38% free, 25MB/41MB, paused 458us total 48.134ms
08-05 17:38:45.373 22981 22993 I art     : Starting a blocking GC Explicit
08-05 17:38:45.413 22981 22993 I art     : Explicit concurrent mark sweep GC freed 18(624B) AllocSpace objects, 0(0B) LOS objects, 38% free, 25MB/41MB, paused 420us total 39.765ms
08-05 17:38:45.428 22981 22993 I art     : Starting a blocking GC Explicit
08-05 17:38:45.469 22981 22993 I art     : Explicit concurrent mark sweep GC freed 3(96B) AllocSpace objects, 0(0B) LOS objects, 38% free, 25MB/41MB, paused 416us total 40.519ms
08-05 17:38:45.484 22981 22993 I art     : Starting a blocking GC Explicit
08-05 17:38:45.527 22981 22993 I art     : Explicit concurrent mark sweep GC freed 3(96B) AllocSpace objects, 0(0B) LOS objects, 38% free, 25MB/41MB, paused 426us total 42.159ms
08-05 17:38:45.542 22981 22993 I art     : Starting a blocking GC Explicit
08-05 17:38:45.585 22981 22993 I art     : Explicit concurrent mark sweep GC freed 3(96B) AllocSpace objects, 0(0B) LOS objects, 38% free, 25MB/41MB, paused 430us total 42.576ms
08-05 17:38:45.609 23514 23514 D AndroidRuntime: >>>>>> START com.android.internal.os.RuntimeInit uid 2000 <<<<<<
08-05 17:38:45.616 23514 23514 D AndroidRuntime: CheckJNI is OFF
08-05 17:38:45.660 23514 23514 D ICU     : No timezone override file found: /data/misc/zoneinfo/current/icu/icu_tzdata.dat
08-05 17:38:45.714 23514 23514 I Radio-JNI: register_android_hardware_Radio DONE
08-05 17:38:45.746 23514 23514 D AndroidRuntime: Calling main entry com.android.commands.input.Input
08-05 17:38:45.749 23514 23514 I Input   : injectMotionEvent: MotionEvent { action=ACTION_DOWN, actionButton=0, id[0]=0, x[0]=1215.0, y[0]=1450.0, toolType[0]=TOOL_TYPE_UNKNOWN, buttonState=0, metaState=0, flags=0x0, edgeFlags=0x0, pointerCount=1, historySize=0, eventTime=812342161, downTime=812342161, deviceId=0, source=0x1002 }
08-05 17:38:45.758 23514 23514 I Input   : injectMotionEvent: MotionEvent { action=ACTION_UP, actionButton=0, id[0]=0, x[0]=1215.0, y[0]=1450.0, toolType[0]=TOOL_TYPE_UNKNOWN, buttonState=0, metaState=0, flags=0x0, edgeFlags=0x0, pointerCount=1, historySize=0, eventTime=812342161, downTime=812342161, deviceId=0, source=0x1002 }
08-05 17:38:45.767 23514 23514 D AndroidRuntime: Shutting down VM
08-05 17:38:45.774   512  2967 D audio_hw_primary: out_set_parameters: enter: usecase(1: low-latency-playback) kvpairs: routing=2
08-05 17:38:45.787   512  2967 D audio_hw_primary: select_devices: out_snd_device(2: speaker) in_snd_device(0: none)
08-05 17:38:45.787   512  2967 D msm8974_platform: platform_send_audio_calibration: sending audio calibration for snd_device(2) acdb_id(15)
08-05 17:38:45.787   512  2967 I soundtrigger: audio_extn_sound_trigger_update_device_status: device 0x2 of type 0 for Event 1
08-05 17:38:45.799   512  2967 D audio_hw_primary: enable_snd_device: snd_device(2: speaker)
08-05 17:38:45.802   512  2967 D audio_hw_primary: enable_audio_route: apply and update mixer path: low-latency-playback speaker
08-05 17:38:45.909 22981 22993 I art     : Starting a blocking GC Explicit
08-05 17:38:45.958 22981 22993 I art     : Explicit concurrent mark sweep GC freed 1808(115KB) AllocSpace objects, 1(20KB) LOS objects, 38% free, 25MB/41MB, paused 519us total 48.351ms
08-05 17:38:45.976 22981 22993 I art     : Starting a blocking GC Explicit
08-05 17:38:46.016 22981 22993 I art     : Explicit concurrent mark sweep GC freed 1192(84KB) AllocSpace objects, 1(40KB) LOS objects, 38% free, 25MB/41MB, paused 408us total 40.356ms
08-05 17:38:46.032 22981 22993 I art     : Starting a blocking GC Explicit
08-05 17:38:46.072 22981 22993 I art     : Explicit concurrent mark sweep GC freed 3(96B) AllocSpace objects, 0(0B) LOS objects, 38% free, 25MB/41MB, paused 397us total 39.752ms
08-05 17:38:46.086 22981 22993 I art     : Starting a blocking GC Explicit
08-05 17:38:46.126 22981 22993 I art     : Explicit concurrent mark sweep GC freed 3(96B) AllocSpace objects, 0(0B) LOS objects, 38% free, 25MB/41MB, paused 404us total 39.010ms
08-05 17:38:46.141 22981 22993 I art     : Starting a blocking GC Explicit
08-05 17:38:46.181 22981 22993 I art     : Explicit concurrent mark sweep GC freed 3(96B) AllocSpace objects, 0(0B) LOS objects, 38% free, 25MB/41MB, paused 422us total 40.311ms
08-05 17:38:46.341   512  2967 D audio_hw_primary: disable_audio_route: reset and update mixer path: low-latency-playback speaker
08-05 17:38:46.347   512  2967 D audio_hw_primary: disable_snd_device: snd_device(2: speaker)
08-05 17:38:46.355   512  2967 I soundtrigger: audio_extn_sound_trigger_update_device_status: device 0x2 of type 0 for Event 0
08-05 17:38:46.505 22981 23212 I art     : Starting a blocking GC Explicit
08-05 17:38:46.562 22981 23212 I art     : Explicit concurrent mark sweep GC freed 1294(75KB) AllocSpace objects, 1(20KB) LOS objects, 38% free, 25MB/41MB, paused 440us total 56.861ms
08-05 17:38:46.581 22981 23212 I art     : Starting a blocking GC Explicit
08-05 17:38:46.621 22981 23212 I art     : Explicit concurrent mark sweep GC freed 20(704B) AllocSpace objects, 0(0B) LOS objects, 38% free, 25MB/41MB, paused 411us total 39.931ms
08-05 17:38:46.636 22981 23212 I art     : Starting a blocking GC Explicit
08-05 17:38:46.677 22981 23212 I art     : Explicit concurrent mark sweep GC freed 3(96B) AllocSpace objects, 0(0B) LOS objects, 38% free, 25MB/41MB, paused 509us total 40.624ms
08-05 17:38:46.693 22981 23212 I art     : Starting a blocking GC Explicit
08-05 17:38:46.734 22981 23212 I art     : Explicit concurrent mark sweep GC freed 3(96B) AllocSpace objects, 0(0B) LOS objects, 38% free, 25MB/41MB, paused 406us total 41.205ms
08-05 17:38:46.750 22981 23212 I art     : Starting a blocking GC Explicit
08-05 17:38:46.790 22981 23212 I art     : Explicit concurrent mark sweep GC freed 3(96B) AllocSpace objects, 0(0B) LOS objects, 38% free, 25MB/41MB, paused 416us total 39.912ms
08-05 17:38:47.113 22981 22994 I art     : Starting a blocking GC Explicit
08-05 17:38:47.159 22981 22994 I art     : Explicit concurrent mark sweep GC freed 1293(75KB) AllocSpace objects, 1(20KB) LOS objects, 38% free, 25MB/41MB, paused 480us total 46.226ms
08-05 17:38:47.177 22981 22994 I art     : Starting a blocking GC Explicit
08-05 17:38:47.216 22981 22994 I art     : Explicit concurrent mark sweep GC freed 18(624B) AllocSpace objects, 0(0B) LOS objects, 38% free, 25MB/41MB, paused 430us total 39.183ms
08-05 17:38:47.232 22981 22994 I art     : Starting a blocking GC Explicit
08-05 17:38:47.270 22981 22994 I art     : Explicit concurrent mark sweep GC freed 3(96B) AllocSpace objects, 0(0B) LOS objects, 38% free, 25MB/41MB, paused 423us total 38.625ms
08-05 17:38:47.286 22981 22994 I art     : Starting a blocking GC Explicit
08-05 17:38:47.325 22981 22994 I art     : Explicit concurrent mark sweep GC freed 3(96B) AllocSpace objects, 0(0B) LOS objects, 38% free, 25MB/41MB, paused 441us total 38.858ms
08-05 17:38:47.340 22981 22994 I art     : Starting a blocking GC Explicit
08-05 17:38:47.379 22981 22994 I art     : Explicit concurrent mark sweep GC freed 3(96B) AllocSpace objects, 0(0B) LOS objects, 38% free, 25MB/41MB, paused 417us total 39.030ms
08-05 17:38:47.575 23564 23564 D AndroidRuntime: >>>>>> START com.android.internal.os.RuntimeInit uid 2000 <<<<<<
08-05 17:38:47.583 23564 23564 D AndroidRuntime: CheckJNI is OFF
08-05 17:38:47.630 23564 23564 D ICU     : No timezone override file found: /data/misc/zoneinfo/current/icu/icu_tzdata.dat
08-05 17:38:47.676 23564 23564 I Radio-JNI: register_android_hardware_Radio DONE
08-05 17:38:47.706 23564 23564 D AndroidRuntime: Calling main entry com.android.commands.input.Input
08-05 17:38:47.708 23564 23564 I Input   : injectMotionEvent: MotionEvent { action=ACTION_DOWN, actionButton=0, id[0]=0, x[0]=1215.0, y[0]=1482.0, toolType[0]=TOOL_TYPE_UNKNOWN, buttonState=0, metaState=0, flags=0x0, edgeFlags=0x0, pointerCount=1, historySize=0, eventTime=812344121, downTime=812344121, deviceId=0, source=0x1002 }
08-05 17:38:47.712 23564 23564 I Input   : injectMotionEvent: MotionEvent { action=ACTION_UP, actionButton=0, id[0]=0, x[0]=1215.0, y[0]=1482.0, toolType[0]=TOOL_TYPE_UNKNOWN, buttonState=0, metaState=0, flags=0x0, edgeFlags=0x0, pointerCount=1, historySize=0, eventTime=812344121, downTime=812344121, deviceId=0, source=0x1002 }
08-05 17:38:47.713 23564 23564 D AndroidRuntime: Shutting down VM
08-05 17:38:47.723 22981 22981 I SettingsManager: Setting boolean: completedTutorial
08-05 17:38:47.725   512  2967 D audio_hw_primary: out_set_parameters: enter: usecase(1: low-latency-playback) kvpairs: routing=2
08-05 17:38:47.732   918  5132 W BackupManagerService: dataChanged but no participant pkg='baseline.com.ak.uobtimetable' uid=10684
08-05 17:38:47.734 22981 23005 I art     : Starting a blocking GC Explicit
08-05 17:38:47.738   512  2967 D audio_hw_primary: select_devices: out_snd_device(2: speaker) in_snd_device(0: none)
08-05 17:38:47.739   512  2967 D msm8974_platform: platform_send_audio_calibration: sending audio calibration for snd_device(2) acdb_id(15)
08-05 17:38:47.739   512  2967 I soundtrigger: audio_extn_sound_trigger_update_device_status: device 0x2 of type 0 for Event 1
08-05 17:38:47.747   918  6029 W InputMethodManagerService: Window already focused, ignoring focus gain of: com.android.internal.view.IInputMethodClient$Stub$Proxy@4cabb25 attribute=null, token = android.os.BinderProxy@c5b97f9
08-05 17:38:47.751   512  2967 D audio_hw_primary: enable_snd_device: snd_device(2: speaker)
08-05 17:38:47.754   512  2967 D audio_hw_primary: enable_audio_route: apply and update mixer path: low-latency-playback speaker
08-05 17:38:47.776 22981 23005 I art     : Explicit concurrent mark sweep GC freed 1517(96KB) AllocSpace objects, 2(40KB) LOS objects, 38% free, 25MB/41MB, paused 484us total 41.950ms
08-05 17:38:47.791 22981 23005 I art     : Starting a blocking GC Explicit
08-05 17:38:47.833 22981 23005 I art     : Explicit concurrent mark sweep GC freed 152(7KB) AllocSpace objects, 0(0B) LOS objects, 38% free, 25MB/41MB, paused 444us total 42.276ms
08-05 17:38:47.834 22981 22991 I art     : WaitForGcToComplete blocked for 28.088ms for cause HeapTrim
08-05 17:38:47.850 22981 23005 I art     : Starting a blocking GC Explicit
08-05 17:38:47.894 22981 23005 I art     : Explicit concurrent mark sweep GC freed 858(61KB) AllocSpace objects, 1(40KB) LOS objects, 38% free, 25MB/41MB, paused 447us total 43.367ms
08-05 17:38:47.913 22981 23005 I art     : Starting a blocking GC Explicit
08-05 17:38:47.958 22981 23005 I art     : Explicit concurrent mark sweep GC freed 3(96B) AllocSpace objects, 0(0B) LOS objects, 38% free, 25MB/41MB, paused 529us total 44.845ms
08-05 17:38:47.974 22981 23005 I art     : Starting a blocking GC Explicit
08-05 17:38:48.009 22981 23005 I art     : Explicit concurrent mark sweep GC freed 3(96B) AllocSpace objects, 0(0B) LOS objects, 38% free, 25MB/41MB, paused 381us total 34.382ms
08-05 17:38:48.309   512  2967 D audio_hw_primary: disable_audio_route: reset and update mixer path: low-latency-playback speaker
08-05 17:38:48.310   512  2967 D audio_hw_primary: disable_snd_device: snd_device(2: speaker)
08-05 17:38:48.312 22981 22993 I art     : Starting a blocking GC Explicit
08-05 17:38:48.318   512  2967 I soundtrigger: audio_extn_sound_trigger_update_device_status: device 0x2 of type 0 for Event 0
08-05 17:38:48.368 22981 22993 I art     : Explicit concurrent mark sweep GC freed 1293(75KB) AllocSpace objects, 1(20KB) LOS objects, 38% free, 25MB/41MB, paused 434us total 55.374ms
08-05 17:38:48.388 22981 22993 I art     : Starting a blocking GC Explicit
08-05 17:38:48.427 22981 22993 I art     : Explicit concurrent mark sweep GC freed 18(624B) AllocSpace objects, 0(0B) LOS objects, 38% free, 25MB/41MB, paused 505us total 39.434ms
08-05 17:38:48.443 22981 22993 I art     : Starting a blocking GC Explicit
08-05 17:38:48.483 22981 22993 I art     : Explicit concurrent mark sweep GC freed 3(96B) AllocSpace objects, 0(0B) LOS objects, 38% free, 25MB/41MB, paused 413us total 40.004ms
08-05 17:38:48.498 22981 22993 I art     : Starting a blocking GC Explicit
08-05 17:38:48.539 22981 22993 I art     : Explicit concurrent mark sweep GC freed 3(96B) AllocSpace objects, 0(0B) LOS objects, 38% free, 25MB/41MB, paused 410us total 40.220ms
08-05 17:38:48.554 22981 22993 I art     : Starting a blocking GC Explicit
08-05 17:38:48.595 22981 22993 I art     : Explicit concurrent mark sweep GC freed 3(96B) AllocSpace objects, 0(0B) LOS objects, 38% free, 25MB/41MB, paused 409us total 40.221ms
08-05 17:38:48.913 22981 23212 I art     : Starting a blocking GC Explicit
08-05 17:38:48.966 22981 23212 I art     : Explicit concurrent mark sweep GC freed 1293(75KB) AllocSpace objects, 1(20KB) LOS objects, 38% free, 25MB/41MB, paused 402us total 52.872ms
08-05 17:38:48.981 22981 23212 I art     : Starting a blocking GC Explicit
08-05 17:38:49.016 22981 23212 I art     : Explicit concurrent mark sweep GC freed 18(624B) AllocSpace objects, 0(0B) LOS objects, 38% free, 25MB/41MB, paused 405us total 34.927ms
08-05 17:38:49.032 22981 23212 I art     : Starting a blocking GC Explicit
08-05 17:38:49.068 22981 23212 I art     : Explicit concurrent mark sweep GC freed 3(96B) AllocSpace objects, 0(0B) LOS objects, 38% free, 25MB/41MB, paused 379us total 36.137ms
08-05 17:38:49.081 22981 23212 I art     : Starting a blocking GC Explicit
08-05 17:38:49.115 22981 23212 I art     : Explicit concurrent mark sweep GC freed 3(96B) AllocSpace objects, 0(0B) LOS objects, 38% free, 25MB/41MB, paused 410us total 33.768ms
08-05 17:38:49.129 22981 23212 I art     : Starting a blocking GC Explicit
08-05 17:38:49.163 22981 23212 I art     : Explicit concurrent mark sweep GC freed 3(96B) AllocSpace objects, 0(0B) LOS objects, 38% free, 25MB/41MB, paused 393us total 33.775ms
08-05 17:38:49.185   918  3261 D WifiStateMachine: starting scan for "H369AA63323"WPA_PSK with 2412,5180
08-05 17:38:49.456 22981 22994 I art     : Starting a blocking GC Explicit
08-05 17:38:49.486 23616 23616 D AndroidRuntime: >>>>>> START com.android.internal.os.RuntimeInit uid 2000 <<<<<<
08-05 17:38:49.492 23616 23616 D AndroidRuntime: CheckJNI is OFF
08-05 17:38:49.495 22981 22994 I art     : Explicit concurrent mark sweep GC freed 1293(75KB) AllocSpace objects, 1(20KB) LOS objects, 38% free, 25MB/41MB, paused 470us total 38.555ms
08-05 17:38:49.511 22981 22994 I art     : Starting a blocking GC Explicit
08-05 17:38:49.538 23616 23616 D ICU     : No timezone override file found: /data/misc/zoneinfo/current/icu/icu_tzdata.dat
08-05 17:38:49.551 22981 22994 I art     : Explicit concurrent mark sweep GC freed 18(624B) AllocSpace objects, 0(0B) LOS objects, 38% free, 25MB/41MB, paused 459us total 40.187ms
08-05 17:38:49.566 22981 22994 I art     : Starting a blocking GC Explicit
08-05 17:38:49.585 23616 23616 I Radio-JNI: register_android_hardware_Radio DONE
08-05 17:38:49.608 22981 22994 I art     : Explicit concurrent mark sweep GC freed 3(96B) AllocSpace objects, 0(0B) LOS objects, 38% free, 25MB/41MB, paused 479us total 41.052ms
08-05 17:38:49.615 23616 23616 D AndroidRuntime: Calling main entry com.android.commands.input.Input
08-05 17:38:49.618 23616 23616 I Input   : injectMotionEvent: MotionEvent { action=ACTION_DOWN, actionButton=0, id[0]=0, x[0]=81.0, y[0]=176.0, toolType[0]=TOOL_TYPE_UNKNOWN, buttonState=0, metaState=0, flags=0x0, edgeFlags=0x0, pointerCount=1, historySize=0, eventTime=812346029, downTime=812346029, deviceId=0, source=0x1002 }
08-05 17:38:49.623 22981 22994 I art     : Starting a blocking GC Explicit
08-05 17:38:49.625 23616 23616 I Input   : injectMotionEvent: MotionEvent { action=ACTION_UP, actionButton=0, id[0]=0, x[0]=81.0, y[0]=176.0, toolType[0]=TOOL_TYPE_UNKNOWN, buttonState=0, metaState=0, flags=0x0, edgeFlags=0x0, pointerCount=1, historySize=0, eventTime=812346029, downTime=812346029, deviceId=0, source=0x1002 }
08-05 17:38:49.627 23616 23616 D AndroidRuntime: Shutting down VM
08-05 17:38:49.647   512  2967 D audio_hw_primary: out_set_parameters: enter: usecase(1: low-latency-playback) kvpairs: routing=2
08-05 17:38:49.660   512  2967 D audio_hw_primary: select_devices: out_snd_device(2: speaker) in_snd_device(0: none)
08-05 17:38:49.660   512  2967 D msm8974_platform: platform_send_audio_calibration: sending audio calibration for snd_device(2) acdb_id(15)
08-05 17:38:49.661   512  2967 I soundtrigger: audio_extn_sound_trigger_update_device_status: device 0x2 of type 0 for Event 1
08-05 17:38:49.661 22981 22994 I art     : Explicit concurrent mark sweep GC freed 32(1136B) AllocSpace objects, 0(0B) LOS objects, 38% free, 25MB/41MB, paused 667us total 38.337ms
08-05 17:38:49.672   512  2967 D audio_hw_primary: enable_snd_device: snd_device(2: speaker)
08-05 17:38:49.674   512  2967 D audio_hw_primary: enable_audio_route: apply and update mixer path: low-latency-playback speaker
08-05 17:38:49.676 22981 22994 I art     : Starting a blocking GC Explicit
08-05 17:38:49.709 13866 13866 I GoogleInputMethodServic: GoogleInputMethodService.onFinishInput():3138 
08-05 17:38:49.710 13866 13866 I GoogleInputMethodServic: GoogleInputMethodService.onStartInput():1808 
08-05 17:38:49.711 22981 22994 I art     : Explicit concurrent mark sweep GC freed 20(848B) AllocSpace objects, 0(0B) LOS objects, 38% free, 25MB/41MB, paused 536us total 35.250ms
08-05 17:38:50.008 22981 22994 I art     : Starting a blocking GC Explicit
08-05 17:38:50.051 22981 22994 I art     : Explicit concurrent mark sweep GC freed 1669(95KB) AllocSpace objects, 1(20KB) LOS objects, 38% free, 25MB/41MB, paused 399us total 42.494ms
08-05 17:38:50.068 22981 22994 I art     : Starting a blocking GC Explicit
08-05 17:38:50.103 22981 22994 I art     : Explicit concurrent mark sweep GC freed 35(1360B) AllocSpace objects, 0(0B) LOS objects, 38% free, 25MB/41MB, paused 410us total 34.884ms
08-05 17:38:50.119 22981 22994 I art     : Starting a blocking GC Explicit
08-05 17:38:50.156 22981 22994 I art     : Explicit concurrent mark sweep GC freed 5(160B) AllocSpace objects, 0(0B) LOS objects, 38% free, 25MB/41MB, paused 425us total 37.203ms
08-05 17:38:50.172 22981 22994 I art     : Starting a blocking GC Explicit
08-05 17:38:50.209 22981 22994 I art     : Explicit concurrent mark sweep GC freed 3(96B) AllocSpace objects, 0(0B) LOS objects, 38% free, 25MB/41MB, paused 401us total 37.356ms
08-05 17:38:50.220   512  2967 D audio_hw_primary: disable_audio_route: reset and update mixer path: low-latency-playback speaker
08-05 17:38:50.222   512  2967 D audio_hw_primary: disable_snd_device: snd_device(2: speaker)
08-05 17:38:50.224 22981 22994 I art     : Starting a blocking GC Explicit
08-05 17:38:50.230   512  2967 I soundtrigger: audio_extn_sound_trigger_update_device_status: device 0x2 of type 0 for Event 0
08-05 17:38:50.262 22981 22994 I art     : Explicit concurrent mark sweep GC freed 3(96B) AllocSpace objects, 0(0B) LOS objects, 38% free, 25MB/41MB, paused 380us total 37.821ms
08-05 17:38:50.593 22981 22993 I art     : Starting a blocking GC Explicit
08-05 17:38:50.648 22981 22993 I art     : Explicit concurrent mark sweep GC freed 1293(75KB) AllocSpace objects, 1(20KB) LOS objects, 38% free, 25MB/41MB, paused 418us total 55.070ms
08-05 17:38:50.666   918  3188 I hubconnection: sensorhub said: 'set_bias 3: -5.5872, 0.0000, 0.0000'
08-05 17:38:50.668 22981 22993 I art     : Starting a blocking GC Explicit
08-05 17:38:50.706 22981 22993 I art     : Explicit concurrent mark sweep GC freed 20(688B) AllocSpace objects, 0(0B) LOS objects, 38% free, 25MB/41MB, paused 406us total 37.868ms
08-05 17:38:50.722 22981 22993 I art     : Starting a blocking GC Explicit
08-05 17:38:50.762 22981 22993 I art     : Explicit concurrent mark sweep GC freed 3(96B) AllocSpace objects, 0(0B) LOS objects, 38% free, 25MB/41MB, paused 417us total 40.399ms
08-05 17:38:50.778 22981 22993 I art     : Starting a blocking GC Explicit
08-05 17:38:50.818 22981 22993 I art     : Explicit concurrent mark sweep GC freed 3(96B) AllocSpace objects, 0(0B) LOS objects, 38% free, 25MB/41MB, paused 420us total 40.072ms
08-05 17:38:50.834 22981 22993 I art     : Starting a blocking GC Explicit
08-05 17:38:50.874 22981 22993 I art     : Explicit concurrent mark sweep GC freed 3(96B) AllocSpace objects, 0(0B) LOS objects, 38% free, 25MB/41MB, paused 380us total 39.752ms
08-05 17:38:51.176 22981 23212 I art     : Starting a blocking GC Explicit
08-05 17:38:51.222 22981 23212 I art     : Explicit concurrent mark sweep GC freed 1293(75KB) AllocSpace objects, 1(20KB) LOS objects, 38% free, 25MB/41MB, paused 442us total 45.150ms
08-05 17:38:51.240 22981 23212 I art     : Starting a blocking GC Explicit
08-05 17:38:51.282 22981 23212 I art     : Explicit concurrent mark sweep GC freed 19(656B) AllocSpace objects, 0(0B) LOS objects, 38% free, 25MB/41MB, paused 434us total 41.455ms
08-05 17:38:51.298 22981 23212 I art     : Starting a blocking GC Explicit
08-05 17:38:51.338 22981 23212 I art     : Explicit concurrent mark sweep GC freed 8(256B) AllocSpace objects, 0(0B) LOS objects, 38% free, 25MB/41MB, paused 425us total 39.783ms
08-05 17:38:51.353 22981 23212 I art     : Starting a blocking GC Explicit
08-05 17:38:51.392 22981 23212 I art     : Explicit concurrent mark sweep GC freed 9(288B) AllocSpace objects, 0(0B) LOS objects, 38% free, 25MB/41MB, paused 394us total 38.204ms
08-05 17:38:51.405 23663 23663 D AndroidRuntime: >>>>>> START com.android.internal.os.RuntimeInit uid 2000 <<<<<<
08-05 17:38:51.407 22981 23212 I art     : Starting a blocking GC Explicit
08-05 17:38:51.411 23663 23663 D AndroidRuntime: CheckJNI is OFF
08-05 17:38:51.444 22981 23212 I art     : Explicit concurrent mark sweep GC freed 30(1360B) AllocSpace objects, 0(0B) LOS objects, 38% free, 25MB/41MB, paused 412us total 36.438ms
08-05 17:38:51.454 23663 23663 D ICU     : No timezone override file found: /data/misc/zoneinfo/current/icu/icu_tzdata.dat
08-05 17:38:51.497 23663 23663 I Radio-JNI: register_android_hardware_Radio DONE
08-05 17:38:51.525 23663 23663 D AndroidRuntime: Calling main entry com.android.commands.input.Input
08-05 17:38:51.527 23663 23663 I Input   : injectMotionEvent: MotionEvent { action=ACTION_DOWN, actionButton=0, id[0]=0, x[0]=436.0, y[0]=1770.0, toolType[0]=TOOL_TYPE_UNKNOWN, buttonState=0, metaState=0, flags=0x0, edgeFlags=0x0, pointerCount=1, historySize=0, eventTime=812347940, downTime=812347940, deviceId=0, source=0x1002 }
08-05 17:38:51.533 23663 23663 I Input   : injectMotionEvent: MotionEvent { action=ACTION_UP, actionButton=0, id[0]=0, x[0]=436.0, y[0]=1770.0, toolType[0]=TOOL_TYPE_UNKNOWN, buttonState=0, metaState=0, flags=0x0, edgeFlags=0x0, pointerCount=1, historySize=0, eventTime=812347940, downTime=812347940, deviceId=0, source=0x1002 }
08-05 17:38:51.537 23663 23663 D AndroidRuntime: Shutting down VM
08-05 17:38:51.542 22981 22981 D MainActivity: NavigationItemSelected: Courses
08-05 17:38:51.544   512  2967 D audio_hw_primary: out_set_parameters: enter: usecase(1: low-latency-playback) kvpairs: routing=2
08-05 17:38:51.545   918  5481 I ActivityManager: START u0 {cmp=baseline.com.ak.uobtimetable/.CourseListActivity} from uid 10684 on display 0
08-05 17:38:51.556 22981 22981 D MainActivity: OnPause
08-05 17:38:51.557   512  2967 D audio_hw_primary: select_devices: out_snd_device(2: speaker) in_snd_device(0: none)
08-05 17:38:51.557   512  2967 D msm8974_platform: platform_send_audio_calibration: sending audio calibration for snd_device(2) acdb_id(15)
08-05 17:38:51.558   512  2967 I soundtrigger: audio_extn_sound_trigger_update_device_status: device 0x2 of type 0 for Event 1
08-05 17:38:51.572   512  2967 D audio_hw_primary: enable_snd_device: snd_device(2: speaker)
08-05 17:38:51.575   512  2967 D audio_hw_primary: enable_audio_route: apply and update mixer path: low-latency-playback speaker
08-05 17:38:51.605 22981 22981 D CourseListActivity: onCreate
08-05 17:38:51.607 22981 23691 D HTTP    : Request for: https://uob-timetable-api.adriankeenan.co.uk/courses
08-05 17:38:51.666   918   936 I ActivityManager: Displayed baseline.com.ak.uobtimetable/.CourseListActivity: +109ms
08-05 17:38:51.666 13866 13866 I GoogleInputMethodServic: GoogleInputMethodService.onFinishInput():3138 
08-05 17:38:51.667 13866 13866 I GoogleInputMethodServic: GoogleInputMethodService.onStartInput():1808 
08-05 17:38:51.740 22981 23212 I art     : Starting a blocking GC Explicit
08-05 17:38:51.783 22981 23212 I art     : Explicit concurrent mark sweep GC freed 6408(349KB) AllocSpace objects, 3(140KB) LOS objects, 37% free, 26MB/42MB, paused 584us total 42.020ms
08-05 17:38:51.800 22981 23212 I art     : Starting a blocking GC Explicit
08-05 17:38:51.802 22981 23691 I NAPPA_EXPERIMENTATION: MetricNetworkRequestExecutionTime: REQUEST_DURATION_SYSTEM='194',REQUEST_DURATION_OKHTTP='41',REQUEST_SYNCHRONOUS='TRUE',RESPONSE_CODE='200',RESPONSE_METHOD='GET',RESPONSE_LENGTH_OKHTTP='-1',RESPONSE_LENGTH_HEADER='-2',REQUEST_PROTOCOL='http/1.1',REQUEST_URL='https://uob-timetable-api.adriankeenan.co.uk/courses',
08-05 17:38:51.844 22981 23212 I art     : Explicit concurrent mark sweep GC freed 1716(165KB) AllocSpace objects, 1(80KB) LOS objects, 37% free, 26MB/42MB, paused 565us total 44.244ms
08-05 17:38:51.862 22981 23212 I art     : Starting a blocking GC Explicit
08-05 17:38:51.903 22981 23212 I art     : Explicit concurrent mark sweep GC freed 41(1472B) AllocSpace objects, 0(0B) LOS objects, 35% free, 29MB/45MB, paused 433us total 41.307ms
08-05 17:38:51.920 22981 23212 I art     : Starting a blocking GC Explicit
08-05 17:38:51.956 22981 23212 I art     : Explicit concurrent mark sweep GC freed 57(2256B) AllocSpace objects, 0(0B) LOS objects, 32% free, 33MB/49MB, paused 618us total 35.142ms
08-05 17:38:51.970 22981 23212 I art     : Starting a blocking GC Explicit
08-05 17:38:52.006 22981 23212 I art     : Explicit concurrent mark sweep GC freed 19(480B) AllocSpace objects, 0(0B) LOS objects, 30% free, 36MB/52MB, paused 507us total 35.689ms
08-05 17:38:52.043 22981 22981 D MainActivity: Saving state
08-05 17:38:52.044 22981 22981 D MainActivity: Saving current fragment: SessionListsFragment
08-05 17:38:52.044 22981 22981 D MainActivity: Saving current index: 2
08-05 17:38:52.044 22981 22981 D SessionListsFragment: Saving state
08-05 17:38:52.108   512  2967 D audio_hw_primary: disable_audio_route: reset and update mixer path: low-latency-playback speaker
08-05 17:38:52.110   512  2967 D audio_hw_primary: disable_snd_device: snd_device(2: speaker)
08-05 17:38:52.118   512  2967 I soundtrigger: audio_extn_sound_trigger_update_device_status: device 0x2 of type 0 for Event 0
08-05 17:38:52.218 22981 23691 I HTTP    : Response was compressed.
08-05 17:38:52.317 22981 22994 I art     : Waiting for a blocking GC Explicit
08-05 17:38:52.333 22981 22994 I art     : WaitForGcToComplete blocked for 15.269ms for cause Explicit
08-05 17:38:52.333 22981 22994 I art     : Starting a blocking GC Explicit
08-05 17:38:52.377 22981 22994 I art     : Explicit concurrent mark sweep GC freed 25824(1228KB) AllocSpace objects, 0(0B) LOS objects, 27% free, 41MB/57MB, paused 813us total 44.088ms
08-05 17:38:52.392 22981 22994 I art     : Starting a blocking GC Explicit
08-05 17:38:52.436 22981 22994 I art     : Explicit concurrent mark sweep GC freed 31839(1499KB) AllocSpace objects, 0(0B) LOS objects, 27% free, 41MB/57MB, paused 772us total 44.136ms
08-05 17:38:52.451 22981 22994 I art     : Starting a blocking GC Explicit
08-05 17:38:52.497 22981 22994 I art     : Explicit concurrent mark sweep GC freed 30647(1439KB) AllocSpace objects, 0(0B) LOS objects, 27% free, 42MB/58MB, paused 881us total 45.881ms
08-05 17:38:52.513 22981 22994 I art     : Starting a blocking GC Explicit
08-05 17:38:52.560 22981 22994 I art     : Explicit concurrent mark sweep GC freed 32997(1551KB) AllocSpace objects, 0(0B) LOS objects, 27% free, 42MB/58MB, paused 894us total 46.906ms
08-05 17:38:52.576 22981 22994 I art     : Starting a blocking GC Explicit
08-05 17:38:52.623 22981 22994 I art     : Explicit concurrent mark sweep GC freed 34174(1603KB) AllocSpace objects, 0(0B) LOS objects, 27% free, 42MB/58MB, paused 918us total 47.067ms
08-05 17:38:52.935 22981 22993 I art     : Starting a blocking GC Explicit
08-05 17:38:53.004 22981 22993 I art     : Explicit concurrent mark sweep GC freed 194395(8MB) AllocSpace objects, 1(20KB) LOS objects, 26% free, 44MB/60MB, paused 835us total 68.908ms
08-05 17:38:53.023 22981 22993 I art     : Starting a blocking GC Explicit
08-05 17:38:53.075 22981 22993 I art     : Explicit concurrent mark sweep GC freed 44969(2MB) AllocSpace objects, 0(0B) LOS objects, 26% free, 44MB/60MB, paused 1.027ms total 51.809ms
08-05 17:38:53.093 22981 22993 I art     : Starting a blocking GC Explicit
08-05 17:38:53.145 22981 22993 I art     : Explicit concurrent mark sweep GC freed 37999(1787KB) AllocSpace objects, 0(0B) LOS objects, 26% free, 44MB/60MB, paused 1.018ms total 52.724ms
08-05 17:38:53.163 22981 22993 I art     : Starting a blocking GC Explicit
08-05 17:38:53.216 22981 22993 I art     : Explicit concurrent mark sweep GC freed 38423(1799KB) AllocSpace objects, 0(0B) LOS objects, 26% free, 45MB/61MB, paused 950us total 52.644ms
08-05 17:38:53.234 22981 22993 I art     : Starting a blocking GC Explicit
08-05 17:38:53.289 22981 22993 I art     : Explicit concurrent mark sweep GC freed 39033(1818KB) AllocSpace objects, 0(0B) LOS objects, 26% free, 45MB/61MB, paused 1.140ms total 54.448ms
08-05 17:38:53.602 22981 22993 I art     : Starting a blocking GC Explicit
08-05 17:38:53.680 22981 22993 I art     : Explicit concurrent mark sweep GC freed 199157(9MB) AllocSpace objects, 1(20KB) LOS objects, 25% free, 47MB/63MB, paused 1.030ms total 77.657ms
08-05 17:38:53.700 22981 22993 I art     : Starting a blocking GC Explicit
08-05 17:38:53.760 22981 22993 I art     : Explicit concurrent mark sweep GC freed 46097(2MB) AllocSpace objects, 0(0B) LOS objects, 25% free, 47MB/63MB, paused 1.120ms total 59.894ms
08-05 17:38:53.779 22981 22993 I art     : Starting a blocking GC Explicit
08-05 17:38:53.841 22981 22993 I art     : Explicit concurrent mark sweep GC freed 42936(2021KB) AllocSpace objects, 0(0B) LOS objects, 25% free, 47MB/63MB, paused 1.162ms total 61.587ms
08-05 17:38:53.860 22981 22993 I art     : Starting a blocking GC Explicit
08-05 17:38:53.919 22981 22993 I art     : Explicit concurrent mark sweep GC freed 42961(2019KB) AllocSpace objects, 0(0B) LOS objects, 25% free, 47MB/63MB, paused 1.271ms total 58.767ms
08-05 17:38:53.937 22981 22993 I art     : Starting a blocking GC Explicit
08-05 17:38:53.998 22981 22993 I art     : Explicit concurrent mark sweep GC freed 43065(2024KB) AllocSpace objects, 0(0B) LOS objects, 24% free, 48MB/64MB, paused 1.208ms total 60.424ms
08-05 17:38:54.301 22981 22994 I art     : Starting a blocking GC Explicit
08-05 17:38:54.389 22981 22994 I art     : Explicit concurrent mark sweep GC freed 201612(9MB) AllocSpace objects, 1(20KB) LOS objects, 24% free, 50MB/66MB, paused 1.175ms total 88.197ms
08-05 17:38:54.412 22981 22994 I art     : Starting a blocking GC Explicit
08-05 17:38:54.480 22981 22994 I art     : Explicit concurrent mark sweep GC freed 56310(2MB) AllocSpace objects, 0(0B) LOS objects, 24% free, 50MB/66MB, paused 1.321ms total 67.540ms
08-05 17:38:54.501 22981 22994 I art     : Starting a blocking GC Explicit
08-05 17:38:54.571 22981 22994 I art     : Explicit concurrent mark sweep GC freed 49640(2MB) AllocSpace objects, 0(0B) LOS objects, 24% free, 50MB/66MB, paused 1.489ms total 69.828ms
08-05 17:38:54.593 22981 22994 I art     : Starting a blocking GC Explicit
08-05 17:38:54.663 22981 22994 I art     : Explicit concurrent mark sweep GC freed 48845(2MB) AllocSpace objects, 0(0B) LOS objects, 23% free, 50MB/66MB, paused 1.476ms total 69.725ms
08-05 17:38:54.684 22981 22994 I art     : Starting a blocking GC Explicit
08-05 17:38:54.757 22981 22994 I art     : Explicit concurrent mark sweep GC freed 49601(2MB) AllocSpace objects, 0(0B) LOS objects, 23% free, 51MB/67MB, paused 1.464ms total 72.721ms
08-05 17:38:55.029 22981 23691 I Service : getCourses response time: 0.69
08-05 17:38:55.047 22981 22981 I SettingsManager: Getting string: savedCourse
08-05 17:38:55.080 22981 23005 I art     : Starting a blocking GC Explicit
08-05 17:38:55.180 22981 23005 I art     : Explicit concurrent mark sweep GC freed 152073(7MB) AllocSpace objects, 2(15MB) LOS objects, 30% free, 37MB/53MB, paused 912us total 99.617ms
08-05 17:38:55.203 22981 23005 I art     : Starting a blocking GC Explicit
08-05 17:38:55.279 22981 23005 I art     : Explicit concurrent mark sweep GC freed 402(18KB) AllocSpace objects, 0(0B) LOS objects, 30% free, 37MB/53MB, paused 524us total 75.996ms
08-05 17:38:55.305 22981 23005 I art     : Starting a blocking GC Explicit
08-05 17:38:55.385 22981 23005 I art     : Explicit concurrent mark sweep GC freed 548(52KB) AllocSpace objects, 0(0B) LOS objects, 30% free, 37MB/53MB, paused 457us total 79.623ms
08-05 17:38:55.410 22981 23005 I art     : Starting a blocking GC Explicit
08-05 17:38:55.491 22981 23005 I art     : Explicit concurrent mark sweep GC freed 3(96B) AllocSpace objects, 0(0B) LOS objects, 30% free, 37MB/53MB, paused 476us total 80.784ms
08-05 17:38:55.516 22981 23005 I art     : Starting a blocking GC Explicit
08-05 17:38:55.596 22981 23005 I art     : Explicit concurrent mark sweep GC freed 3(96B) AllocSpace objects, 0(0B) LOS objects, 30% free, 37MB/53MB, paused 486us total 79.571ms
08-05 17:38:55.956 22981 23212 I art     : Starting a blocking GC Explicit
08-05 17:38:56.061 22981 23212 I art     : Explicit concurrent mark sweep GC freed 1293(75KB) AllocSpace objects, 1(20KB) LOS objects, 30% free, 37MB/53MB, paused 511us total 105.012ms
08-05 17:38:56.091 22981 23212 I art     : Starting a blocking GC Explicit
08-05 17:38:56.172 22981 23212 I art     : Explicit concurrent mark sweep GC freed 18(624B) AllocSpace objects, 0(0B) LOS objects, 30% free, 37MB/53MB, paused 473us total 80.367ms
08-05 17:38:56.197 22981 23212 I art     : Starting a blocking GC Explicit
08-05 17:38:56.277 22981 23212 I art     : Explicit concurrent mark sweep GC freed 3(96B) AllocSpace objects, 0(0B) LOS objects, 30% free, 37MB/53MB, paused 489us total 79.887ms
08-05 17:38:56.302 22981 23212 I art     : Starting a blocking GC Explicit
08-05 17:38:56.381 22981 23212 I art     : Explicit concurrent mark sweep GC freed 3(96B) AllocSpace objects, 0(0B) LOS objects, 30% free, 37MB/53MB, paused 460us total 78.495ms
08-05 17:38:56.406 22981 23212 I art     : Starting a blocking GC Explicit
08-05 17:38:56.482 22981 23212 I art     : Explicit concurrent mark sweep GC freed 19(544B) AllocSpace objects, 0(0B) LOS objects, 30% free, 37MB/53MB, paused 465us total 75.726ms
08-05 17:38:56.822 22981 22994 I art     : Starting a blocking GC Explicit
08-05 17:38:56.909 22981 22994 I art     : Explicit concurrent mark sweep GC freed 1322(77KB) AllocSpace objects, 1(20KB) LOS objects, 30% free, 37MB/53MB, paused 487us total 86.847ms
08-05 17:38:56.934 22981 22994 I art     : Starting a blocking GC Explicit
08-05 17:38:56.990 20011 20011 I ServiceManager: Waiting for service AtCmdFwd...
08-05 17:38:57.012 22981 22994 I art     : Explicit concurrent mark sweep GC freed 24(848B) AllocSpace objects, 0(0B) LOS objects, 30% free, 37MB/53MB, paused 479us total 77.285ms
08-05 17:38:57.037 22981 22994 I art     : Starting a blocking GC Explicit
08-05 17:38:57.119 22981 22994 I art     : Explicit concurrent mark sweep GC freed 3(96B) AllocSpace objects, 0(0B) LOS objects, 30% free, 37MB/53MB, paused 481us total 81.621ms
08-05 17:38:57.145 22981 22994 I art     : Starting a blocking GC Explicit
08-05 17:38:57.221 22981 22994 I art     : Explicit concurrent mark sweep GC freed 3(96B) AllocSpace objects, 0(0B) LOS objects, 30% free, 37MB/53MB, paused 475us total 75.651ms
08-05 17:38:57.245 22981 22994 I art     : Starting a blocking GC Explicit
08-05 17:38:57.328 22981 22994 I art     : Explicit concurrent mark sweep GC freed 3(96B) AllocSpace objects, 0(0B) LOS objects, 30% free, 37MB/53MB, paused 468us total 82.671ms
08-05 17:38:57.686 22981 22993 I art     : Starting a blocking GC Explicit
08-05 17:38:57.782 22981 22993 I art     : Explicit concurrent mark sweep GC freed 1294(75KB) AllocSpace objects, 1(20KB) LOS objects, 30% free, 37MB/53MB, paused 462us total 95.902ms
08-05 17:38:57.807 22981 22993 I art     : Starting a blocking GC Explicit
08-05 17:38:57.876 22981 22993 I art     : Explicit concurrent mark sweep GC freed 18(624B) AllocSpace objects, 0(0B) LOS objects, 30% free, 37MB/53MB, paused 459us total 69.170ms
08-05 17:38:57.900 22981 22993 I art     : Starting a blocking GC Explicit
08-05 17:38:57.971 22981 22993 I art     : Explicit concurrent mark sweep GC freed 3(96B) AllocSpace objects, 0(0B) LOS objects, 30% free, 37MB/53MB, paused 470us total 71.438ms
08-05 17:38:57.991 20011 20011 I ServiceManager: Waiting for service AtCmdFwd...
08-05 17:38:57.995 22981 22993 I art     : Starting a blocking GC Explicit
08-05 17:38:58.069 22981 22993 I art     : Explicit concurrent mark sweep GC freed 3(96B) AllocSpace objects, 0(0B) LOS objects, 30% free, 37MB/53MB, paused 460us total 73.403ms
08-05 17:38:58.069 22981 22991 I art     : WaitForGcToComplete blocked for 65.050ms for cause HeapTrim
08-05 17:38:58.093 22981 22993 I art     : Starting a blocking GC Explicit
08-05 17:38:58.171 22981 22993 I art     : Explicit concurrent mark sweep GC freed 3(96B) AllocSpace objects, 0(0B) LOS objects, 30% free, 37MB/53MB, paused 474us total 76.852ms
08-05 17:38:58.337 23782 23782 D AndroidRuntime: >>>>>> START com.android.internal.os.RuntimeInit uid 2000 <<<<<<
08-05 17:38:58.344 23782 23782 D AndroidRuntime: CheckJNI is OFF
08-05 17:38:58.387 23782 23782 D ICU     : No timezone override file found: /data/misc/zoneinfo/current/icu/icu_tzdata.dat
08-05 17:38:58.429 23782 23782 I Radio-JNI: register_android_hardware_Radio DONE
08-05 17:38:58.459 23782 23782 D AndroidRuntime: Calling main entry com.android.commands.input.Input
08-05 17:38:58.461 23782 23782 I Input   : injectMotionEvent: MotionEvent { action=ACTION_DOWN, actionButton=0, id[0]=0, x[0]=558.0, y[0]=368.0, toolType[0]=TOOL_TYPE_UNKNOWN, buttonState=0, metaState=0, flags=0x0, edgeFlags=0x0, pointerCount=1, historySize=0, eventTime=812354873, downTime=812354873, deviceId=0, source=0x1002 }
08-05 17:38:58.465 23782 23782 I Input   : injectMotionEvent: MotionEvent { action=ACTION_UP, actionButton=0, id[0]=0, x[0]=558.0, y[0]=368.0, toolType[0]=TOOL_TYPE_UNKNOWN, buttonState=0, metaState=0, flags=0x0, edgeFlags=0x0, pointerCount=1, historySize=0, eventTime=812354873, downTime=812354873, deviceId=0, source=0x1002 }
08-05 17:38:58.466 23782 23782 D AndroidRuntime: Shutting down VM
08-05 17:38:58.525 22981 22993 I art     : Starting a blocking GC Explicit
08-05 17:38:58.601 22981 22993 I art     : Explicit concurrent mark sweep GC freed 2069(161KB) AllocSpace objects, 1(20KB) LOS objects, 30% free, 37MB/53MB, paused 575us total 76.179ms
08-05 17:38:58.624 22981 22993 I art     : Starting a blocking GC Explicit
08-05 17:38:58.692 22981 22993 I art     : Explicit concurrent mark sweep GC freed 186(11KB) AllocSpace objects, 0(0B) LOS objects, 30% free, 37MB/53MB, paused 477us total 67.798ms
08-05 17:38:58.715 22981 22993 I art     : Starting a blocking GC Explicit
08-05 17:38:58.781 22981 22993 I art     : Explicit concurrent mark sweep GC freed 43(1616B) AllocSpace objects, 0(0B) LOS objects, 30% free, 37MB/53MB, paused 442us total 66.022ms
08-05 17:38:58.805 22981 22993 I art     : Starting a blocking GC Explicit
08-05 17:38:58.871 22981 22993 I art     : Explicit concurrent mark sweep GC freed 303(13KB) AllocSpace objects, 0(0B) LOS objects, 30% free, 37MB/53MB, paused 415us total 65.635ms
08-05 17:38:58.895 22981 22993 I art     : Starting a blocking GC Explicit
08-05 17:38:58.961 22981 22993 I art     : Explicit concurrent mark sweep GC freed 22(1008B) AllocSpace objects, 0(0B) LOS objects, 30% free, 37MB/53MB, paused 418us total 65.022ms
08-05 17:38:58.991 20011 20011 I ServiceManager: Waiting for service AtCmdFwd...
08-05 17:38:59.294 22981 22994 I art     : Starting a blocking GC Explicit
08-05 17:38:59.382 22981 22994 I art     : Explicit concurrent mark sweep GC freed 1320(76KB) AllocSpace objects, 1(20KB) LOS objects, 30% free, 37MB/53MB, paused 475us total 86.519ms
08-05 17:38:59.406 22981 22994 I art     : Starting a blocking GC Explicit
08-05 17:38:59.480 22981 22994 I art     : Explicit concurrent mark sweep GC freed 18(624B) AllocSpace objects, 0(0B) LOS objects, 30% free, 37MB/53MB, paused 469us total 74.147ms
08-05 17:38:59.505 22981 22994 I art     : Starting a blocking GC Explicit
08-05 17:38:59.582 22981 22994 I art     : Explicit concurrent mark sweep GC freed 3(96B) AllocSpace objects, 0(0B) LOS objects, 30% free, 37MB/53MB, paused 438us total 76.411ms
08-05 17:38:59.606 22981 22994 I art     : Starting a blocking GC Explicit
08-05 17:38:59.683 22981 22994 I art     : Explicit concurrent mark sweep GC freed 3(96B) AllocSpace objects, 0(0B) LOS objects, 30% free, 37MB/53MB, paused 466us total 76.579ms
08-05 17:38:59.708 22981 22994 I art     : Starting a blocking GC Explicit
08-05 17:38:59.774 22981 22994 I art     : Explicit concurrent mark sweep GC freed 3(96B) AllocSpace objects, 0(0B) LOS objects, 30% free, 37MB/53MB, paused 454us total 66.200ms
08-05 17:38:59.991 20011 20011 I ServiceManager: Waiting for service AtCmdFwd...
08-05 17:39:00.093 22981 23212 I art     : Starting a blocking GC Explicit
08-05 17:39:00.171 22981 23212 I art     : Explicit concurrent mark sweep GC freed 1296(75KB) AllocSpace objects, 1(20KB) LOS objects, 30% free, 37MB/53MB, paused 605us total 77.089ms
08-05 17:39:00.198 22981 23212 I art     : Starting a blocking GC Explicit
08-05 17:39:00.246 23816 23816 D AndroidRuntime: >>>>>> START com.android.internal.os.RuntimeInit uid 2000 <<<<<<
08-05 17:39:00.252 23816 23816 D AndroidRuntime: CheckJNI is OFF
08-05 17:39:00.269 22981 23212 I art     : Explicit concurrent mark sweep GC freed 30(1008B) AllocSpace objects, 0(0B) LOS objects, 30% free, 37MB/53MB, paused 608us total 70.819ms
08-05 17:39:00.292 22981 23212 I art     : Starting a blocking GC Explicit
08-05 17:39:00.300 23816 23816 D ICU     : No timezone override file found: /data/misc/zoneinfo/current/icu/icu_tzdata.dat
08-05 17:39:00.343 23816 23816 I Radio-JNI: register_android_hardware_Radio DONE
08-05 17:39:00.361 22981 23212 I art     : Explicit concurrent mark sweep GC freed 15(480B) AllocSpace objects, 0(0B) LOS objects, 30% free, 37MB/53MB, paused 450us total 69.545ms
08-05 17:39:00.372 23816 23816 D AndroidRuntime: Calling main entry com.android.commands.input.Input
08-05 17:39:00.375 23816 23816 I Input   : injectMotionEvent: MotionEvent { action=ACTION_DOWN, actionButton=0, id[0]=0, x[0]=945.0, y[0]=1376.0, toolType[0]=TOOL_TYPE_UNKNOWN, buttonState=0, metaState=0, flags=0x0, edgeFlags=0x0, pointerCount=1, historySize=0, eventTime=812356787, downTime=812356787, deviceId=0, source=0x1002 }
08-05 17:39:00.380 23816 23816 I Input   : injectMotionEvent: MotionEvent { action=ACTION_UP, actionButton=0, id[0]=0, x[0]=945.0, y[0]=1376.0, toolType[0]=TOOL_TYPE_UNKNOWN, buttonState=0, metaState=0, flags=0x0, edgeFlags=0x0, pointerCount=1, historySize=0, eventTime=812356787, downTime=812356787, deviceId=0, source=0x1002 }
08-05 17:39:00.382 23816 23816 D AndroidRuntime: Shutting down VM
08-05 17:39:00.385 22981 23212 I art     : Starting a blocking GC Explicit
08-05 17:39:00.448   512  2967 D audio_hw_primary: out_set_parameters: enter: usecase(1: low-latency-playback) kvpairs: routing=2
08-05 17:39:00.453 22981 23212 I art     : Explicit concurrent mark sweep GC freed 77(3KB) AllocSpace objects, 0(0B) LOS objects, 30% free, 37MB/53MB, paused 509us total 68.100ms
08-05 17:39:00.456 13866 13866 I GoogleInputMethodServic: GoogleInputMethodService.onFinishInput():3138 
08-05 17:39:00.457 13866 13866 I GoogleInputMethodServic: GoogleInputMethodService.onStartInput():1808 
08-05 17:39:00.461   512  2967 D audio_hw_primary: select_devices: out_snd_device(2: speaker) in_snd_device(0: none)
08-05 17:39:00.461   512  2967 D msm8974_platform: platform_send_audio_calibration: sending audio calibration for snd_device(2) acdb_id(15)
08-05 17:39:00.461   512  2967 I soundtrigger: audio_extn_sound_trigger_update_device_status: device 0x2 of type 0 for Event 1
08-05 17:39:00.472   512  2967 D audio_hw_primary: enable_snd_device: snd_device(2: speaker)
08-05 17:39:00.474 13866 13866 I GoogleInputMethodServic: GoogleInputMethodService.onFinishInput():3138 
08-05 17:39:00.474   512  2967 D audio_hw_primary: enable_audio_route: apply and update mixer path: low-latency-playback speaker
08-05 17:39:00.475 13866 13866 I GoogleInputMethodServic: GoogleInputMethodService.onStartInput():1808 
08-05 17:39:00.478 22981 23212 I art     : Starting a blocking GC Explicit
08-05 17:39:00.547 22981 23212 I art     : Explicit concurrent mark sweep GC freed 827(49KB) AllocSpace objects, 0(0B) LOS objects, 30% free, 37MB/53MB, paused 555us total 69.065ms
08-05 17:39:00.795 22981 23000 D OpenGLRenderer: endAllStagingAnimators on 0x7f79e53800 (ListPopupWindow$DropDownListView) with handle 0x7f79f64920
08-05 17:39:00.863 22981 22994 I art     : Starting a blocking GC Explicit
08-05 17:39:00.937 22981 22994 I art     : Explicit concurrent mark sweep GC freed 2180(145KB) AllocSpace objects, 1(20KB) LOS objects, 30% free, 37MB/53MB, paused 466us total 74.003ms
08-05 17:39:00.961 22981 22994 I art     : Starting a blocking GC Explicit
08-05 17:39:00.992 20011 20011 I ServiceManager: Waiting for service AtCmdFwd...
08-05 17:39:01.020   512  2967 D audio_hw_primary: disable_audio_route: reset and update mixer path: low-latency-playback speaker
08-05 17:39:01.021   512  2967 D audio_hw_primary: disable_snd_device: snd_device(2: speaker)
08-05 17:39:01.029   512  2967 I soundtrigger: audio_extn_sound_trigger_update_device_status: device 0x2 of type 0 for Event 0
08-05 17:39:01.035 22981 22994 I art     : Explicit concurrent mark sweep GC freed 574(38KB) AllocSpace objects, 0(0B) LOS objects, 30% free, 37MB/53MB, paused 464us total 73.455ms
08-05 17:39:01.044   918  3188 I hubconnection: sensorhub said: 'set_bias 3: -6.2400, 0.0000, 0.0000'
08-05 17:39:01.059 22981 22994 I art     : Starting a blocking GC Explicit
08-05 17:39:01.131 22981 22994 I art     : Explicit concurrent mark sweep GC freed 3(96B) AllocSpace objects, 0(0B) LOS objects, 30% free, 37MB/53MB, paused 464us total 71.306ms
08-05 17:39:01.155 22981 22994 I art     : Starting a blocking GC Explicit
08-05 17:39:01.230 22981 22994 I art     : Explicit concurrent mark sweep GC freed 3(96B) AllocSpace objects, 0(0B) LOS objects, 30% free, 37MB/53MB, paused 474us total 74.711ms
08-05 17:39:01.255 22981 22994 I art     : Starting a blocking GC Explicit
08-05 17:39:01.330 22981 22994 I art     : Explicit concurrent mark sweep GC freed 3(96B) AllocSpace objects, 0(0B) LOS objects, 30% free, 37MB/53MB, paused 458us total 74.874ms
08-05 17:39:01.640 22981 23212 I art     : Starting a blocking GC Explicit
08-05 17:39:01.713 22981 23212 I art     : Explicit concurrent mark sweep GC freed 1293(75KB) AllocSpace objects, 1(20KB) LOS objects, 30% free, 37MB/53MB, paused 458us total 72.508ms
08-05 17:39:01.736 22981 23212 I art     : Starting a blocking GC Explicit
08-05 17:39:01.804 22981 23212 I art     : Explicit concurrent mark sweep GC freed 32(1072B) AllocSpace objects, 0(0B) LOS objects, 30% free, 37MB/53MB, paused 459us total 67.647ms
08-05 17:39:01.827 22981 23212 I art     : Starting a blocking GC Explicit
08-05 17:39:01.898 22981 23212 I art     : Explicit concurrent mark sweep GC freed 3(96B) AllocSpace objects, 0(0B) LOS objects, 30% free, 37MB/53MB, paused 561us total 69.952ms
08-05 17:39:01.922 22981 23212 I art     : Starting a blocking GC Explicit
08-05 17:39:01.992 20011 20011 W Atfwd_Sendcmd: AtCmdFwd service not published, waiting... retryCnt : 4
08-05 17:39:01.993 22981 23212 I art     : Explicit concurrent mark sweep GC freed 3(96B) AllocSpace objects, 0(0B) LOS objects, 30% free, 37MB/53MB, paused 432us total 70.918ms
08-05 17:39:02.017 22981 23212 I art     : Starting a blocking GC Explicit
08-05 17:39:02.095 22981 23212 I art     : Explicit concurrent mark sweep GC freed 3(96B) AllocSpace objects, 0(0B) LOS objects, 30% free, 37MB/53MB, paused 493us total 77.629ms
08-05 17:39:02.172 23859 23859 D AndroidRuntime: >>>>>> START com.android.internal.os.RuntimeInit uid 2000 <<<<<<
08-05 17:39:02.179 23859 23859 D AndroidRuntime: CheckJNI is OFF
08-05 17:39:02.226 23859 23859 D ICU     : No timezone override file found: /data/misc/zoneinfo/current/icu/icu_tzdata.dat
08-05 17:39:02.271 23859 23859 I Radio-JNI: register_android_hardware_Radio DONE
08-05 17:39:02.300 23859 23859 D AndroidRuntime: Calling main entry com.android.commands.input.Input
08-05 17:39:02.303 23859 23859 I Input   : injectMotionEvent: MotionEvent { action=ACTION_DOWN, actionButton=0, id[0]=0, x[0]=481.0, y[0]=544.0, toolType[0]=TOOL_TYPE_UNKNOWN, buttonState=0, metaState=0, flags=0x0, edgeFlags=0x0, pointerCount=1, historySize=0, eventTime=812358715, downTime=812358715, deviceId=0, source=0x1002 }
08-05 17:39:02.310 23859 23859 I Input   : injectMotionEvent: MotionEvent { action=ACTION_UP, actionButton=0, id[0]=0, x[0]=481.0, y[0]=544.0, toolType[0]=TOOL_TYPE_UNKNOWN, buttonState=0, metaState=0, flags=0x0, edgeFlags=0x0, pointerCount=1, historySize=0, eventTime=812358715, downTime=812358715, deviceId=0, source=0x1002 }
08-05 17:39:02.312 23859 23859 D AndroidRuntime: Shutting down VM
08-05 17:39:02.439 22981 22993 I art     : Starting a blocking GC Explicit
08-05 17:39:02.507 22981 22993 I art     : Explicit concurrent mark sweep GC freed 2037(107KB) AllocSpace objects, 1(20KB) LOS objects, 30% free, 37MB/53MB, paused 491us total 67.076ms
08-05 17:39:02.529 22981 22993 I art     : Starting a blocking GC Explicit
08-05 17:39:02.555   918   927 I art     : Background partial concurrent mark sweep GC freed 104130(11MB) AllocSpace objects, 152(3MB) LOS objects, 18% free, 69MB/85MB, paused 1.908ms total 222.826ms
08-05 17:39:02.593 22981 22993 I art     : Explicit concurrent mark sweep GC freed 95(4KB) AllocSpace objects, 0(0B) LOS objects, 30% free, 37MB/53MB, paused 421us total 63.712ms
08-05 17:39:02.614 22981 22993 I art     : Starting a blocking GC Explicit
08-05 17:39:02.677 22981 22993 I art     : Explicit concurrent mark sweep GC freed 28(1168B) AllocSpace objects, 0(0B) LOS objects, 30% free, 37MB/53MB, paused 402us total 62.390ms
08-05 17:39:02.701 22981 22993 I art     : Starting a blocking GC Explicit
08-05 17:39:02.768 22981 22993 I art     : Explicit concurrent mark sweep GC freed 311(13KB) AllocSpace objects, 0(0B) LOS objects, 30% free, 37MB/53MB, paused 504us total 66.946ms
08-05 17:39:02.792 22981 22993 I art     : Starting a blocking GC Explicit
08-05 17:39:02.858 22981 22993 I art     : Explicit concurrent mark sweep GC freed 26(1136B) AllocSpace objects, 0(0B) LOS objects, 30% free, 37MB/53MB, paused 417us total 65.465ms
08-05 17:39:03.186 22981 23212 I art     : Starting a blocking GC Explicit
08-05 17:39:03.280 22981 23212 I art     : Explicit concurrent mark sweep GC freed 1358(78KB) AllocSpace objects, 1(20KB) LOS objects, 30% free, 37MB/53MB, paused 523us total 93.558ms
08-05 17:39:03.307 22981 23212 I art     : Starting a blocking GC Explicit
08-05 17:39:03.383 22981 23212 I art     : Explicit concurrent mark sweep GC freed 18(624B) AllocSpace objects, 0(0B) LOS objects, 30% free, 37MB/53MB, paused 456us total 75.342ms
08-05 17:39:03.407 22981 23212 I art     : Starting a blocking GC Explicit
08-05 17:39:03.482 22981 23212 I art     : Explicit concurrent mark sweep GC freed 3(96B) AllocSpace objects, 0(0B) LOS objects, 30% free, 37MB/53MB, paused 455us total 74.344ms
08-05 17:39:03.507 22981 23212 I art     : Starting a blocking GC Explicit
08-05 17:39:03.579 22981 23212 I art     : Explicit concurrent mark sweep GC freed 3(96B) AllocSpace objects, 0(0B) LOS objects, 30% free, 37MB/53MB, paused 445us total 71.905ms
08-05 17:39:03.602 22981 23212 I art     : Starting a blocking GC Explicit
08-05 17:39:03.673 22981 23212 I art     : Explicit concurrent mark sweep GC freed 3(96B) AllocSpace objects, 0(0B) LOS objects, 30% free, 37MB/53MB, paused 452us total 70.603ms
08-05 17:39:03.986 22981 22993 I art     : Starting a blocking GC Explicit
08-05 17:39:04.070 22981 22993 I art     : Explicit concurrent mark sweep GC freed 1302(75KB) AllocSpace objects, 1(20KB) LOS objects, 30% free, 37MB/53MB, paused 450us total 83.670ms
08-05 17:39:04.089 23892 23892 D AndroidRuntime: >>>>>> START com.android.internal.os.RuntimeInit uid 2000 <<<<<<
08-05 17:39:04.094 23892 23892 D AndroidRuntime: CheckJNI is OFF
08-05 17:39:04.097 22981 22993 I art     : Starting a blocking GC Explicit
08-05 17:39:04.137 23892 23892 D ICU     : No timezone override file found: /data/misc/zoneinfo/current/icu/icu_tzdata.dat
08-05 17:39:04.165 22981 22993 I art     : Explicit concurrent mark sweep GC freed 30(1008B) AllocSpace objects, 0(0B) LOS objects, 30% free, 37MB/53MB, paused 470us total 68.176ms
08-05 17:39:04.180 23892 23892 I Radio-JNI: register_android_hardware_Radio DONE
08-05 17:39:04.188 22981 22993 I art     : Starting a blocking GC Explicit
08-05 17:39:04.209 23892 23892 D AndroidRuntime: Calling main entry com.android.commands.input.Input
08-05 17:39:04.211 23892 23892 I Input   : injectMotionEvent: MotionEvent { action=ACTION_DOWN, actionButton=0, id[0]=0, x[0]=310.0, y[0]=906.0, toolType[0]=TOOL_TYPE_UNKNOWN, buttonState=0, metaState=0, flags=0x0, edgeFlags=0x0, pointerCount=1, historySize=0, eventTime=812360623, downTime=812360623, deviceId=0, source=0x1002 }
08-05 17:39:04.217 23892 23892 I Input   : injectMotionEvent: MotionEvent { action=ACTION_UP, actionButton=0, id[0]=0, x[0]=310.0, y[0]=906.0, toolType[0]=TOOL_TYPE_UNKNOWN, buttonState=0, metaState=0, flags=0x0, edgeFlags=0x0, pointerCount=1, historySize=0, eventTime=812360623, downTime=812360623, deviceId=0, source=0x1002 }
08-05 17:39:04.220 23892 23892 D AndroidRuntime: Shutting down VM
08-05 17:39:04.257 22981 22993 I art     : Explicit concurrent mark sweep GC freed 30(1072B) AllocSpace objects, 0(0B) LOS objects, 30% free, 37MB/53MB, paused 526us total 69.199ms
08-05 17:39:04.279 22981 22993 I art     : Starting a blocking GC Explicit
08-05 17:39:04.286   512  2967 D audio_hw_primary: out_set_parameters: enter: usecase(1: low-latency-playback) kvpairs: routing=2
08-05 17:39:04.292 13866 13866 I GoogleInputMethodServic: GoogleInputMethodService.onFinishInput():3138 
08-05 17:39:04.292 13866 13866 I GoogleInputMethodServic: GoogleInputMethodService.onStartInput():1808 
08-05 17:39:04.299   512  2967 D audio_hw_primary: select_devices: out_snd_device(2: speaker) in_snd_device(0: none)
08-05 17:39:04.299   512  2967 D msm8974_platform: platform_send_audio_calibration: sending audio calibration for snd_device(2) acdb_id(15)
08-05 17:39:04.299   512  2967 I soundtrigger: audio_extn_sound_trigger_update_device_status: device 0x2 of type 0 for Event 1
08-05 17:39:04.306 13866 13866 I GoogleInputMethodServic: GoogleInputMethodService.onFinishInput():3138 
08-05 17:39:04.307 13866 13866 I GoogleInputMethodServic: GoogleInputMethodService.onStartInput():1808 
08-05 17:39:04.309   512  2967 D audio_hw_primary: enable_snd_device: snd_device(2: speaker)
08-05 17:39:04.312   512  2967 D audio_hw_primary: enable_audio_route: apply and update mixer path: low-latency-playback speaker
08-05 17:39:04.352 22981 22993 I art     : Explicit concurrent mark sweep GC freed 692(34KB) AllocSpace objects, 0(0B) LOS objects, 30% free, 37MB/53MB, paused 988us total 72.582ms
08-05 17:39:04.374 22981 22993 I art     : Starting a blocking GC Explicit
08-05 17:39:04.443 22981 22993 I art     : Explicit concurrent mark sweep GC freed 307(11KB) AllocSpace objects, 0(0B) LOS objects, 30% free, 37MB/53MB, paused 502us total 67.837ms
08-05 17:39:04.625 22981 23000 D OpenGLRenderer: endAllStagingAnimators on 0x7f7e129c00 (ListPopupWindow$DropDownListView) with handle 0x7f79f7f360
08-05 17:39:04.749 22981 22994 I art     : Starting a blocking GC Explicit
08-05 17:39:04.824 22981 22994 I art     : Explicit concurrent mark sweep GC freed 2076(141KB) AllocSpace objects, 1(20KB) LOS objects, 30% free, 37MB/53MB, paused 474us total 75.417ms
08-05 17:39:04.849 22981 22994 I art     : Starting a blocking GC Explicit
08-05 17:39:04.859   512  2967 D audio_hw_primary: disable_audio_route: reset and update mixer path: low-latency-playback speaker
08-05 17:39:04.860   512  2967 D audio_hw_primary: disable_snd_device: snd_device(2: speaker)
08-05 17:39:04.868   512  2967 I soundtrigger: audio_extn_sound_trigger_update_device_status: device 0x2 of type 0 for Event 0
08-05 17:39:04.921 22981 22994 I art     : Explicit concurrent mark sweep GC freed 507(32KB) AllocSpace objects, 0(0B) LOS objects, 30% free, 37MB/53MB, paused 460us total 72.383ms
08-05 17:39:04.946 22981 22994 I art     : Starting a blocking GC Explicit
08-05 17:39:05.017 22981 22994 I art     : Explicit concurrent mark sweep GC freed 3(96B) AllocSpace objects, 0(0B) LOS objects, 30% free, 37MB/53MB, paused 439us total 70.375ms
08-05 17:39:05.041 22981 22994 I art     : Starting a blocking GC Explicit
08-05 17:39:05.115 22981 22994 I art     : Explicit concurrent mark sweep GC freed 3(96B) AllocSpace objects, 0(0B) LOS objects, 30% free, 37MB/53MB, paused 459us total 73.815ms
08-05 17:39:05.139 22981 22994 I art     : Starting a blocking GC Explicit
08-05 17:39:05.213 22981 22994 I art     : Explicit concurrent mark sweep GC freed 3(96B) AllocSpace objects, 0(0B) LOS objects, 30% free, 37MB/53MB, paused 466us total 73.725ms
08-05 17:39:05.544 22981 22993 I art     : Starting a blocking GC Explicit
08-05 17:39:05.624 22981 22993 I art     : Explicit concurrent mark sweep GC freed 1293(75KB) AllocSpace objects, 1(20KB) LOS objects, 30% free, 37MB/53MB, paused 466us total 78.798ms
08-05 17:39:05.647 22981 22993 I art     : Starting a blocking GC Explicit
08-05 17:39:05.717 22981 22993 I art     : Explicit concurrent mark sweep GC freed 18(624B) AllocSpace objects, 0(0B) LOS objects, 30% free, 37MB/53MB, paused 443us total 69.323ms
08-05 17:39:05.742 22981 22993 I art     : Starting a blocking GC Explicit
08-05 17:39:05.817 22981 22993 I art     : Explicit concurrent mark sweep GC freed 3(96B) AllocSpace objects, 0(0B) LOS objects, 30% free, 37MB/53MB, paused 484us total 74.671ms
08-05 17:39:05.841 22981 22993 I art     : Starting a blocking GC Explicit
08-05 17:39:05.918 22981 22993 I art     : Explicit concurrent mark sweep GC freed 3(96B) AllocSpace objects, 0(0B) LOS objects, 30% free, 37MB/53MB, paused 486us total 76.670ms
08-05 17:39:05.943 22981 22993 I art     : Starting a blocking GC Explicit
08-05 17:39:06.016 22981 22993 I art     : Explicit concurrent mark sweep GC freed 3(96B) AllocSpace objects, 0(0B) LOS objects, 30% free, 37MB/53MB, paused 534us total 73.172ms
08-05 17:39:06.025 23948 23948 D AndroidRuntime: >>>>>> START com.android.internal.os.RuntimeInit uid 2000 <<<<<<
08-05 17:39:06.032 23948 23948 D AndroidRuntime: CheckJNI is OFF
08-05 17:39:06.075 23948 23948 D ICU     : No timezone override file found: /data/misc/zoneinfo/current/icu/icu_tzdata.dat
08-05 17:39:06.081  5179  5194 D QcrilMsgTunnelSocket: readRilMessage: Buffer = [B@671e81d HexData = [010000000404000011000000514f454d484f4f4bef0308000100000003]
08-05 17:39:06.081  5179  5194 D QcrilMsgTunnelSocket: Rcvd UNSOL response with 28 bytes data for SUB0
08-05 17:39:06.081  5179  5194 D QcrilMsgTunnelSocket: Response ID 525295 is not served in this process.
08-05 17:39:06.081  5179  5194 D QcrilMsgTunnelSocket: To broadcast an Intent via the notifier to external apps
08-05 17:39:06.081  5179  5179 D QcrilMsgTunnelIfaceManager: handleMessage what = 0
08-05 17:39:06.082  5179  5179 D QcrilMsgTunnelIfaceManager: Broadcasting intent ACTION_UNSOL_RESPONSE_OEM_HOOK_RAW
08-05 17:39:06.086  5164  5164 D QC_RIL_OEM_HOOK: Received Broadcast Intent ACTION_UNSOL_RESPONSE_OEM_HOOK_RAW
08-05 17:39:06.086  5164  5164 D QC_RIL_OEM_HOOK: Oem ID in QCRILHOOK UNSOL RESP is QOEMHOOK
08-05 17:39:06.118 23948 23948 I Radio-JNI: register_android_hardware_Radio DONE
08-05 17:39:06.147 23948 23948 D AndroidRuntime: Calling main entry com.android.commands.input.Input
08-05 17:39:06.149 23948 23948 I Input   : injectMotionEvent: MotionEvent { action=ACTION_DOWN, actionButton=0, id[0]=0, x[0]=648.0, y[0]=709.0, toolType[0]=TOOL_TYPE_UNKNOWN, buttonState=0, metaState=0, flags=0x0, edgeFlags=0x0, pointerCount=1, historySize=0, eventTime=812362561, downTime=812362561, deviceId=0, source=0x1002 }
08-05 17:39:06.154 23948 23948 I Input   : injectMotionEvent: MotionEvent { action=ACTION_UP, actionButton=0, id[0]=0, x[0]=648.0, y[0]=709.0, toolType[0]=TOOL_TYPE_UNKNOWN, buttonState=0, metaState=0, flags=0x0, edgeFlags=0x0, pointerCount=1, historySize=0, eventTime=812362561, downTime=812362561, deviceId=0, source=0x1002 }
08-05 17:39:06.158 23948 23948 D AndroidRuntime: Shutting down VM
08-05 17:39:06.222   512  2967 D audio_hw_primary: out_set_parameters: enter: usecase(1: low-latency-playback) kvpairs: routing=2
08-05 17:39:06.235   512  2967 D audio_hw_primary: select_devices: out_snd_device(2: speaker) in_snd_device(0: none)
08-05 17:39:06.235   512  2967 D msm8974_platform: platform_send_audio_calibration: sending audio calibration for snd_device(2) acdb_id(15)
08-05 17:39:06.235   512  2967 I soundtrigger: audio_extn_sound_trigger_update_device_status: device 0x2 of type 0 for Event 1
08-05 17:39:06.245   512  2967 D audio_hw_primary: enable_snd_device: snd_device(2: speaker)
08-05 17:39:06.248   512  2967 D audio_hw_primary: enable_audio_route: apply and update mixer path: low-latency-playback speaker
08-05 17:39:06.330 22981 23005 I art     : Starting a blocking GC Explicit
08-05 17:39:06.419 22981 23005 I art     : Explicit concurrent mark sweep GC freed 2061(133KB) AllocSpace objects, 2(40KB) LOS objects, 30% free, 37MB/53MB, paused 543us total 88.512ms
08-05 17:39:06.447 22981 23005 I art     : Starting a blocking GC Explicit
08-05 17:39:06.524 22981 23005 I art     : Explicit concurrent mark sweep GC freed 149(6KB) AllocSpace objects, 0(0B) LOS objects, 30% free, 37MB/53MB, paused 512us total 76.302ms
08-05 17:39:06.552 22981 23005 I art     : Starting a blocking GC Explicit
08-05 17:39:06.641 22981 23005 I art     : Explicit concurrent mark sweep GC freed 3(96B) AllocSpace objects, 0(0B) LOS objects, 30% free, 37MB/53MB, paused 525us total 88.937ms
08-05 17:39:06.670 22981 23005 I art     : Starting a blocking GC Explicit
08-05 17:39:06.747 22981 23005 I art     : Explicit concurrent mark sweep GC freed 9(320B) AllocSpace objects, 0(0B) LOS objects, 30% free, 37MB/53MB, paused 423us total 76.728ms
08-05 17:39:06.777 22981 23005 I art     : Starting a blocking GC Explicit
08-05 17:39:06.789   512  2967 D audio_hw_primary: disable_audio_route: reset and update mixer path: low-latency-playback speaker
08-05 17:39:06.791   512  2967 D audio_hw_primary: disable_snd_device: snd_device(2: speaker)
08-05 17:39:06.800   512  2967 I soundtrigger: audio_extn_sound_trigger_update_device_status: device 0x2 of type 0 for Event 0
08-05 17:39:06.853 22981 23005 I art     : Explicit concurrent mark sweep GC freed 5(160B) AllocSpace objects, 0(0B) LOS objects, 30% free, 37MB/53MB, paused 446us total 76.529ms
08-05 17:39:07.191 22981 22994 I art     : Starting a blocking GC Explicit
08-05 17:39:07.270 22981 22994 I art     : Explicit concurrent mark sweep GC freed 1295(75KB) AllocSpace objects, 1(20KB) LOS objects, 30% free, 37MB/53MB, paused 469us total 79.305ms
08-05 17:39:07.295 22981 22994 I art     : Starting a blocking GC Explicit
08-05 17:39:07.370 22981 22994 I art     : Explicit concurrent mark sweep GC freed 20(688B) AllocSpace objects, 0(0B) LOS objects, 30% free, 37MB/53MB, paused 474us total 74.376ms
08-05 17:39:07.395 22981 22994 I art     : Starting a blocking GC Explicit
08-05 17:39:07.462 22981 22994 I art     : Explicit concurrent mark sweep GC freed 3(96B) AllocSpace objects, 0(0B) LOS objects, 30% free, 37MB/53MB, paused 460us total 66.764ms
08-05 17:39:07.485 22981 22994 I art     : Starting a blocking GC Explicit
08-05 17:39:07.556 22981 22994 I art     : Explicit concurrent mark sweep GC freed 3(96B) AllocSpace objects, 0(0B) LOS objects, 30% free, 37MB/53MB, paused 483us total 70.519ms
08-05 17:39:07.581 22981 22994 I art     : Starting a blocking GC Explicit
08-05 17:39:07.653 22981 22994 I art     : Explicit concurrent mark sweep GC freed 3(96B) AllocSpace objects, 0(0B) LOS objects, 30% free, 37MB/53MB, paused 467us total 71.943ms
08-05 17:39:07.854   518   646 I ThermalEngine: ACTION: GPU - Setting GPU[0] to 390000000
08-05 17:39:08.024 22981 22993 I art     : Starting a blocking GC Explicit
08-05 17:39:08.028 23989 23989 D AndroidRuntime: >>>>>> START com.android.internal.os.RuntimeInit uid 2000 <<<<<<
08-05 17:39:08.037 23989 23989 D AndroidRuntime: CheckJNI is OFF
08-05 17:39:08.119 23989 23989 D ICU     : No timezone override file found: /data/misc/zoneinfo/current/icu/icu_tzdata.dat
08-05 17:39:08.169 22981 22993 I art     : Explicit concurrent mark sweep GC freed 1322(76KB) AllocSpace objects, 1(20KB) LOS objects, 30% free, 37MB/53MB, paused 1.134ms total 144.551ms
08-05 17:39:08.178 23989 23989 I Radio-JNI: register_android_hardware_Radio DONE
08-05 17:39:08.209 22981 22993 I art     : Starting a blocking GC Explicit
08-05 17:39:08.211 23989 23989 D AndroidRuntime: Calling main entry com.android.commands.input.Input
08-05 17:39:08.213 23989 23989 I Input   : injectMotionEvent: MotionEvent { action=ACTION_DOWN, actionButton=0, id[0]=0, x[0]=1197.0, y[0]=1456.0, toolType[0]=TOOL_TYPE_UNKNOWN, buttonState=0, metaState=0, flags=0x0, edgeFlags=0x0, pointerCount=1, historySize=0, eventTime=812364625, downTime=812364625, deviceId=0, source=0x1002 }
08-05 17:39:08.218 23989 23989 I Input   : injectMotionEvent: MotionEvent { action=ACTION_UP, actionButton=0, id[0]=0, x[0]=1197.0, y[0]=1456.0, toolType[0]=TOOL_TYPE_UNKNOWN, buttonState=0, metaState=0, flags=0x0, edgeFlags=0x0, pointerCount=1, historySize=0, eventTime=812364625, downTime=812364625, deviceId=0, source=0x1002 }
08-05 17:39:08.220 23989 23989 D AndroidRuntime: Shutting down VM
08-05 17:39:08.232   512  2967 D audio_hw_primary: out_set_parameters: enter: usecase(1: low-latency-playback) kvpairs: routing=2
08-05 17:39:08.246   512  2967 D audio_hw_primary: select_devices: out_snd_device(2: speaker) in_snd_device(0: none)
08-05 17:39:08.246   512  2967 D msm8974_platform: platform_send_audio_calibration: sending audio calibration for snd_device(2) acdb_id(15)
08-05 17:39:08.246   512  2967 I soundtrigger: audio_extn_sound_trigger_update_device_status: device 0x2 of type 0 for Event 1
08-05 17:39:08.247 22981 22981 I SettingsManager: Setting string: savedCourse
08-05 17:39:08.256   918  4413 W BackupManagerService: dataChanged but no participant pkg='baseline.com.ak.uobtimetable' uid=10684
08-05 17:39:08.257   512  2967 D audio_hw_primary: enable_snd_device: snd_device(2: speaker)
08-05 17:39:08.258   918  6112 I ActivityManager: START u0 {flg=0x4000000 cmp=baseline.com.ak.uobtimetable/.MainActivity (has extras)} from uid 10684 on display 0
08-05 17:39:08.262   512  2967 D audio_hw_primary: enable_audio_route: apply and update mixer path: low-latency-playback speaker
08-05 17:39:08.274   918  3359 W InputMethodManagerService: Focus gain on non-focused client com.android.internal.view.IInputMethodClient$Stub$Proxy@ec28c (uid=10684 pid=22981)
08-05 17:39:08.301 22981 22981 D MainActivity: OnDestroy
08-05 17:39:08.318 22981 22993 I art     : Explicit concurrent mark sweep GC freed 4860(233KB) AllocSpace objects, 1(20KB) LOS objects, 30% free, 37MB/53MB, paused 929us total 108.694ms
08-05 17:39:08.318 22981 22991 I art     : WaitForGcToComplete blocked for 37.986ms for cause HeapTrim
08-05 17:39:08.347 22981 22981 D MainActivity: onCreate
08-05 17:39:08.347 22981 22981 I SettingsManager: Getting string: savedSessions
08-05 17:39:08.347 22981 22981 I SettingsManager: Getting string: savedSessions
08-05 17:39:08.354 22981 22993 I art     : Starting a blocking GC Explicit
08-05 17:39:08.364 22981 22981 I SettingsManager: Getting string: savedSessionsCourseName
08-05 17:39:08.364 22981 22981 I SettingsManager: Getting string: savedSessionsCourseName
08-05 17:39:08.365 22981 22981 I SettingsManager: Getting string: savedSessionsDateRange
08-05 17:39:08.365 22981 22981 I SettingsManager: Getting string: savedSessionsDateRange
08-05 17:39:08.365 22981 22981 I Settings: 10 saved sessions - Bedfordshire International and EU Foundation Year - Int Foun - Ltn - Y0 Feb FT - Weeks: 24-38 (8 Jun 2020-20 Sep 2020)
08-05 17:39:08.405 22981 22981 I SettingsManager: Getting string: savedCourse
08-05 17:39:08.406 22981 22981 D MainActivity: sessionListFragmentArg: updateSessions
08-05 17:39:08.407 22981 22981 D MainActivity: showTermDatesConfigChange: false
08-05 17:39:08.407 22981 22981 D MainActivity: showTermDatesShortcut: false
08-05 17:39:08.409 22981 22981 D MainActivity: Setting initial fragment: SessionListsFragment
08-05 17:39:08.411 22981 22981 I SettingsManager: Getting int: launchCount
08-05 17:39:08.413 22981 22981 D SessionListsFragment: onCreateView
08-05 17:39:08.419 22981 22981 I SettingsManager: Getting string: savedCourse
08-05 17:39:08.426 22981 22981 I SettingsManager: Getting string: savedSessions
08-05 17:39:08.441 22981 22981 D SessionListsFragment: loadArgument: updateSessions
08-05 17:39:08.442 22981 22981 D SessionListsFragment: initialIndex: -1
08-05 17:39:08.450 22981 24012 D HTTP    : Request for: https://uob-timetable-api.adriankeenan.co.uk/sessions?dept=CM010&course=BSAIFAAF%2F02AA%2F0%2FFT&level=Foundation+Year
08-05 17:39:08.468 22981 22981 D TermDatesFragment: WebView loaded
08-05 17:39:08.469 22981 22981 D MainActivity: OnResume
08-05 17:39:08.487 22981 22981 I TermDatesFragment: Webview load %: 10
08-05 17:39:08.488 22981 22993 I art     : Explicit concurrent mark sweep GC freed 14148(665KB) AllocSpace objects, 2(1340KB) LOS objects, 29% free, 37MB/53MB, paused 1.815ms total 133.731ms
08-05 17:39:08.524 22981 22993 I art     : Starting a blocking GC Explicit
08-05 17:39:08.605   918   936 I ActivityManager: Displayed baseline.com.ak.uobtimetable/.MainActivity: +327ms
08-05 17:39:08.605 13866 13866 I GoogleInputMethodServic: GoogleInputMethodService.onFinishInput():3138 
08-05 17:39:08.610 13866 13866 I GoogleInputMethodServic: GoogleInputMethodService.onStartInput():1808 
08-05 17:39:08.625 22981 22993 I art     : Explicit concurrent mark sweep GC freed 12278(523KB) AllocSpace objects, 0(0B) LOS objects, 30% free, 37MB/53MB, paused 1.614ms total 100.255ms
08-05 17:39:08.666 22981 22993 I art     : Starting a blocking GC Explicit
08-05 17:39:08.718 22981 22981 I TermDatesFragment: Webview load %: 70
08-05 17:39:08.734 22981 22981 I TermDatesFragment: Webview load %: 100
08-05 17:39:08.734 22981 22981 I TermDatesFragment: Webview load %: 100
08-05 17:39:08.736 22981 24012 I NAPPA_EXPERIMENTATION: MetricNetworkRequestExecutionTime: REQUEST_DURATION_SYSTEM='285',REQUEST_DURATION_OKHTTP='37',REQUEST_SYNCHRONOUS='TRUE',RESPONSE_CODE='200',RESPONSE_METHOD='GET',RESPONSE_LENGTH_OKHTTP='-1',RESPONSE_LENGTH_HEADER='1214',REQUEST_PROTOCOL='http/1.1',REQUEST_URL='https://uob-timetable-api.adriankeenan.co.uk/sessions?dept=CM010&course=BSAIFAAF%2F02AA%2F0%2FFT&level=Foundation+Year',
08-05 17:39:08.768 22981 22993 I art     : Explicit concurrent mark sweep GC freed 30453(1439KB) AllocSpace objects, 4(240KB) LOS objects, 30% free, 36MB/52MB, paused 940us total 101.394ms
08-05 17:39:08.807 22981 24012 I HTTP    : Response was compressed.
08-05 17:39:08.811   512  2967 D audio_hw_primary: disable_audio_route: reset and update mixer path: low-latency-playback speaker
08-05 17:39:08.814   512  2967 D audio_hw_primary: disable_snd_device: snd_device(2: speaker)
08-05 17:39:08.827 22981 24012 I Service : getSessions response time: 1.10
08-05 17:39:08.827   512  2967 I soundtrigger: audio_extn_sound_trigger_update_device_status: device 0x2 of type 0 for Event 0
08-05 17:39:08.828 22981 22981 I SettingsManager: Getting string: savedSessions
08-05 17:39:08.834 22981 22981 I SettingsManager: Getting string: savedSessions
08-05 17:39:08.853 22981 22981 I Service : Sessions updated: 10
08-05 17:39:08.853 22981 22981 I Service : Sessions removed from new list: 0
08-05 17:39:08.868 22981 22981 I SettingsManager: Setting string: savedSessions
08-05 17:39:08.880   918   929 W BackupManagerService: dataChanged but no participant pkg='baseline.com.ak.uobtimetable' uid=10684
08-05 17:39:08.881 22981 22981 I SettingsManager: Setting date: savedSessionsTime
08-05 17:39:08.891   918  6111 W BackupManagerService: dataChanged but no participant pkg='baseline.com.ak.uobtimetable' uid=10684
08-05 17:39:08.893 22981 22981 I SettingsManager: Setting string: savedSessionsCourseName
08-05 17:39:08.902   918  3714 W BackupManagerService: dataChanged but no participant pkg='baseline.com.ak.uobtimetable' uid=10684
08-05 17:39:08.902 22981 22981 I SettingsManager: Setting string: savedSessionsDateRange
08-05 17:39:08.903   918   928 W BackupManagerService: dataChanged but no participant pkg='baseline.com.ak.uobtimetable' uid=10684
08-05 17:39:08.903 22981 22981 I SettingsManager: Setting string: timetableUrl
08-05 17:39:08.904   918  3696 W BackupManagerService: dataChanged but no participant pkg='baseline.com.ak.uobtimetable' uid=10684
08-05 17:39:08.904 22981 22981 I SettingsManager: Getting boolean: notifySessionRemindersEnabled
08-05 17:39:08.904 22981 22981 I SettingsManager: Getting int: notifySessionRemindersMinutes
08-05 17:39:08.904 22981 22981 I SettingsManager: Getting boolean: showHiddenSessions
08-05 17:39:08.907 22981 22981 I SessionReminderNotifier: Created session reminder alarm for f7b4771250a919bd729c1c5a4a459c77 at Mon 08:30:00 10/08/20
08-05 17:39:08.910 22981 22981 I SessionReminderNotifier: Created session reminder alarm for a7f879aabdeb78622c8820a5fb7b64cd at Tue 08:30:00 11/08/20
08-05 17:39:08.912 22981 22981 I SessionReminderNotifier: Created session reminder alarm for 7bc8d7e2c2055711f597c3d9078c6ea3 at Tue 08:30:00 11/08/20
08-05 17:39:08.915 22981 22981 I SessionReminderNotifier: Created session reminder alarm for 53c0527a6f009a1f2fd223834d3bfe51 at Tue 10:30:00 11/08/20
08-05 17:39:08.926 22981 22981 I SessionReminderNotifier: Created session reminder alarm for e0fc978b5db8218778540b4053344581 at Tue 11:00:00 11/08/20
08-05 17:39:08.929 22981 22981 I SessionReminderNotifier: Created session reminder alarm for 199afb0100f329ff65a09e1b0cd9deba at Tue 11:30:00 11/08/20
08-05 17:39:08.931 22981 22981 I SessionReminderNotifier: Created session reminder alarm for 21712fef61090882c855a1425543edb5 at Tue 13:30:00 11/08/20
08-05 17:39:08.934 22981 22981 I SessionReminderNotifier: Created session reminder alarm for 65ca4d97f031f29a4d02bbb45a705d8f at Wed 08:30:00 12/08/20
08-05 17:39:08.936 22981 22981 I SessionReminderNotifier: Created session reminder alarm for eeda7741b0bcab58fd9f46dc6ef1d942 at Wed 08:30:00 12/08/20
08-05 17:39:08.939 22981 22981 I SessionReminderNotifier: Created session reminder alarm for c276c1b2075a0beb67f1b3d1e580f920 at Wed 11:00:00 12/08/20
08-05 17:39:08.941 22981 22981 I SessionReminderNotifier: Created session reminder alarm for 8b1f3627e42ae13a6f6ba0a83903dde1 at Wed 13:30:00 12/08/20
08-05 17:39:08.944 22981 22981 I SessionReminderNotifier: Created session reminder alarm for 79fe0b5c3b887a13ba29db5a33fa2800 at Thu 08:30:00 06/08/20
08-05 17:39:08.946 22981 22981 I SessionReminderNotifier: Created session reminder alarm for cb9dfc8231cdba2be0835dc5709690e1 at Thu 08:30:00 06/08/20
08-05 17:39:08.949 22981 22981 I SessionReminderNotifier: Created session reminder alarm for f850dc24d6de60b7b89fa9e1a8c224c5 at Thu 12:00:00 06/08/20
08-05 17:39:08.952 22981 22981 I SessionReminderNotifier: Created session reminder alarm for 2ba1034116e4fffdd592dbf0796a43d5 at Fri 08:30:00 07/08/20
08-05 17:39:08.953 22981 22981 I SettingsManager: Getting boolean: showHiddenSessions
08-05 17:39:08.953 22981 22981 D SessionListsFragment: 1 sessions for day 0
08-05 17:39:08.953 22981 22981 D SessionListsFragment: 6 sessions for day 1
08-05 17:39:08.953 22981 22981 D SessionListsFragment: 4 sessions for day 2
08-05 17:39:08.953 22981 22981 D SessionListsFragment: 3 sessions for day 3
08-05 17:39:08.953 22981 22981 D SessionListsFragment: 1 sessions for day 4
08-05 17:39:09.014 22981 23212 I art     : Starting a blocking GC Explicit
08-05 17:39:09.020 22981 22981 I SettingsManager: Getting boolean: showHiddenSessions
08-05 17:39:09.021 22981 22981 D SessionListsFragment: Refreshed ViewPager
08-05 17:39:09.021 22981 22981 I SettingsManager: Getting boolean: showHiddenSessions
08-05 17:39:09.022 22981 22981 I SettingsManager: Getting boolean: completedTutorial
08-05 17:39:09.022 22981 22981 I SettingsManager: Getting boolean: showHiddenSessions
08-05 17:39:09.022 22981 22981 I SettingsManager: Getting date: savedSessionsTime
08-05 17:39:09.126 22981 23212 I art     : Explicit concurrent mark sweep GC freed 50039(2MB) AllocSpace objects, 6(112KB) LOS objects, 30% free, 36MB/52MB, paused 1.891ms total 110.933ms
08-05 17:39:09.163 22981 23212 I art     : Starting a blocking GC Explicit
08-05 17:39:09.189   918  3261 D WifiStateMachine: starting scan for "H369AA63323"WPA_PSK with 2412,5180
08-05 17:39:09.267 22981 23212 I art     : Explicit concurrent mark sweep GC freed 38583(1560KB) AllocSpace objects, 0(0B) LOS objects, 30% free, 36MB/52MB, paused 1.855ms total 103.248ms
08-05 17:39:09.301 22981 23212 I art     : Starting a blocking GC Explicit
08-05 17:39:09.405 22981 23212 I art     : Explicit concurrent mark sweep GC freed 38410(1583KB) AllocSpace objects, 0(0B) LOS objects, 30% free, 36MB/52MB, paused 1.936ms total 103.770ms
08-05 17:39:09.442 22981 23212 I art     : Starting a blocking GC Explicit
08-05 17:39:09.554 22981 23212 I art     : Explicit concurrent mark sweep GC freed 38361(1592KB) AllocSpace objects, 0(0B) LOS objects, 30% free, 37MB/53MB, paused 1.892ms total 111.157ms
08-05 17:39:09.592 22981 23212 I art     : Starting a blocking GC Explicit
08-05 17:39:09.705 22981 23212 I art     : Explicit concurrent mark sweep GC freed 39574(1635KB) AllocSpace objects, 0(0B) LOS objects, 30% free, 37MB/53MB, paused 2.874ms total 112.806ms
08-05 17:39:09.812 24365  4416 I NetworkScheduler.Stats: Task com.google.android.gms/com.google.android.gms.icing.service.IcingGcmTaskService started execution. cause:4 exec_start_elapsed_seconds: 1795753 [CONTEXT service_id=218 ]
08-05 17:39:09.816 24365  4416 I NetworkScheduler.Stats: Task com.google.android.apps.gcs/ started execution. cause:4 exec_start_elapsed_seconds: 1795753 [CONTEXT service_id=218 ]
08-05 17:39:09.836 24365 23174 I NetworkScheduler.Stats: Task com.google.android.gms/com.google.android.gms.icing.service.IcingGcmTaskService finished executing. cause:4 result: 1 elapsed_millis: 47 uptime_millis: 47 exec_start_elapsed_seconds: 1795753 [CONTEXT service_id=218 ]
08-05 17:39:09.846 22776 24029 W Gcs.WfaEliRefreshTask: [26938] afk.b: NULL eligibility response.
08-05 17:39:09.850 24365 23174 I NetworkScheduler.Stats: Task com.google.android.apps.gcs/ finished executing. cause:4 result: 3 elapsed_millis: 38 uptime_millis: 39 exec_start_elapsed_seconds: 1795753 [CONTEXT service_id=218 ]
08-05 17:39:10.055 22981 22994 I art     : Starting a blocking GC Explicit
08-05 17:39:10.089 22981 22981 I Choreographer: Skipped 62 frames!  The application may be doing too much work on its main thread.
08-05 17:39:10.185 22981 22994 I art     : Explicit concurrent mark sweep GC freed 100179(3MB) AllocSpace objects, 1(20KB) LOS objects, 29% free, 37MB/53MB, paused 961us total 129.511ms
08-05 17:39:10.226 22981 22994 I art     : Starting a blocking GC Explicit
08-05 17:39:10.331 22981 22994 I art     : Explicit concurrent mark sweep GC freed 2412(236KB) AllocSpace objects, 0(0B) LOS objects, 29% free, 37MB/53MB, paused 788us total 105.394ms
08-05 17:39:10.372 22981 22994 I art     : Starting a blocking GC Explicit
08-05 17:39:10.439 22981 22994 I art     : Explicit concurrent mark sweep GC freed 121954(11MB) AllocSpace objects, 3(136KB) LOS objects, 37% free, 26MB/42MB, paused 848us total 66.253ms
08-05 17:39:10.462 22981 22994 I art     : Starting a blocking GC Explicit
08-05 17:39:10.512 22981 22994 I art     : Explicit concurrent mark sweep GC freed 3(96B) AllocSpace objects, 0(0B) LOS objects, 37% free, 26MB/42MB, paused 686us total 49.692ms
08-05 17:39:10.536 22981 22994 I art     : Starting a blocking GC Explicit
08-05 17:39:10.588 22981 22994 I art     : Explicit concurrent mark sweep GC freed 4(160B) AllocSpace objects, 0(0B) LOS objects, 37% free, 26MB/42MB, paused 932us total 51.915ms
08-05 17:39:10.858   518   646 I ThermalEngine: ACTION: GPU - Setting GPU[0] to 450000000
08-05 17:39:10.930 22981 22993 I art     : Starting a blocking GC Explicit
08-05 17:39:10.974 22981 22993 I art     : Explicit concurrent mark sweep GC freed 1441(80KB) AllocSpace objects, 1(20KB) LOS objects, 37% free, 26MB/42MB, paused 534us total 43.550ms
08-05 17:39:10.991 22981 22993 I art     : Starting a blocking GC Explicit
08-05 17:39:11.033 22981 22993 I art     : Explicit concurrent mark sweep GC freed 20(704B) AllocSpace objects, 0(0B) LOS objects, 37% free, 26MB/42MB, paused 511us total 41.229ms
08-05 17:39:11.049 22981 22993 I art     : Starting a blocking GC Explicit
08-05 17:39:11.095 22981 22993 I art     : Explicit concurrent mark sweep GC freed 16(688B) AllocSpace objects, 0(0B) LOS objects, 37% free, 26MB/42MB, paused 515us total 46.289ms
08-05 17:39:11.112 22981 22993 I art     : Starting a blocking GC Explicit
08-05 17:39:11.157 22981 22993 I art     : Explicit concurrent mark sweep GC freed 14(512B) AllocSpace objects, 0(0B) LOS objects, 37% free, 26MB/42MB, paused 471us total 45.120ms
08-05 17:39:11.173 22981 22993 I art     : Starting a blocking GC Explicit
08-05 17:39:11.219 22981 22993 I art     : Explicit concurrent mark sweep GC freed 3(96B) AllocSpace objects, 0(0B) LOS objects, 37% free, 26MB/42MB, paused 491us total 46.161ms
08-05 17:39:11.569 22981 22994 I art     : Starting a blocking GC Explicit
08-05 17:39:11.629 22981 22994 I art     : Explicit concurrent mark sweep GC freed 1293(75KB) AllocSpace objects, 1(20KB) LOS objects, 37% free, 26MB/42MB, paused 653us total 59.517ms
08-05 17:39:11.649 22981 22994 I art     : Starting a blocking GC Explicit
08-05 17:39:11.694 22981 22994 I art     : Explicit concurrent mark sweep GC freed 18(624B) AllocSpace objects, 0(0B) LOS objects, 37% free, 26MB/42MB, paused 509us total 44.915ms
08-05 17:39:11.710 22981 22994 I art     : Starting a blocking GC Explicit
08-05 17:39:11.757 22981 22994 I art     : Explicit concurrent mark sweep GC freed 3(96B) AllocSpace objects, 0(0B) LOS objects, 37% free, 26MB/42MB, paused 478us total 46.389ms
08-05 17:39:11.773 22981 22994 I art     : Starting a blocking GC Explicit
08-05 17:39:11.818 22981 22994 I art     : Explicit concurrent mark sweep GC freed 3(96B) AllocSpace objects, 0(0B) LOS objects, 37% free, 26MB/42MB, paused 588us total 44.745ms
08-05 17:39:11.834 22981 22994 I art     : Starting a blocking GC Explicit
08-05 17:39:11.881 22981 22994 I art     : Explicit concurrent mark sweep GC freed 3(96B) AllocSpace objects, 0(0B) LOS objects, 37% free, 26MB/42MB, paused 498us total 46.851ms
08-05 17:39:12.245 22981 23212 I art     : Starting a blocking GC Explicit
08-05 17:39:12.306 22981 23212 I art     : Explicit concurrent mark sweep GC freed 1293(75KB) AllocSpace objects, 1(20KB) LOS objects, 37% free, 26MB/42MB, paused 528us total 60.738ms
08-05 17:39:12.327 22981 23212 I art     : Starting a blocking GC Explicit
08-05 17:39:12.368 22981 23212 I art     : Explicit concurrent mark sweep GC freed 18(624B) AllocSpace objects, 0(0B) LOS objects, 37% free, 26MB/42MB, paused 494us total 40.938ms
08-05 17:39:12.385 22981 23212 I art     : Starting a blocking GC Explicit
08-05 17:39:12.429 22981 23212 I art     : Explicit concurrent mark sweep GC freed 3(96B) AllocSpace objects, 0(0B) LOS objects, 37% free, 26MB/42MB, paused 477us total 44.262ms
08-05 17:39:12.446 22981 23212 I art     : Starting a blocking GC Explicit
08-05 17:39:12.489 22981 23212 I art     : Explicit concurrent mark sweep GC freed 3(96B) AllocSpace objects, 0(0B) LOS objects, 37% free, 26MB/42MB, paused 483us total 43.603ms
08-05 17:39:12.505 22981 23212 I art     : Starting a blocking GC Explicit
08-05 17:39:12.543 22981 23212 I art     : Explicit concurrent mark sweep GC freed 3(96B) AllocSpace objects, 0(0B) LOS objects, 37% free, 26MB/42MB, paused 465us total 37.225ms
08-05 17:39:12.871 22981 23005 I art     : Starting a blocking GC Explicit
08-05 17:39:12.922 22981 23005 I art     : Explicit concurrent mark sweep GC freed 1293(75KB) AllocSpace objects, 1(20KB) LOS objects, 37% free, 26MB/42MB, paused 552us total 50.579ms
08-05 17:39:12.942 22981 23005 I art     : Starting a blocking GC Explicit
08-05 17:39:12.983 22981 23005 I art     : Explicit concurrent mark sweep GC freed 18(624B) AllocSpace objects, 0(0B) LOS objects, 37% free, 26MB/42MB, paused 490us total 40.975ms
08-05 17:39:13.000 22981 23005 I art     : Starting a blocking GC Explicit
08-05 17:39:13.014 24070 24070 D AndroidRuntime: >>>>>> START com.android.internal.os.RuntimeInit uid 2000 <<<<<<
08-05 17:39:13.020 24070 24070 D AndroidRuntime: CheckJNI is OFF
08-05 17:39:13.045 22981 23005 I art     : Explicit concurrent mark sweep GC freed 3(96B) AllocSpace objects, 0(0B) LOS objects, 37% free, 26MB/42MB, paused 515us total 44.855ms
08-05 17:39:13.060 22981 23005 I art     : Starting a blocking GC Explicit
08-05 17:39:13.070 24070 24070 D ICU     : No timezone override file found: /data/misc/zoneinfo/current/icu/icu_tzdata.dat
08-05 17:39:13.104 22981 23005 I art     : Explicit concurrent mark sweep GC freed 13(448B) AllocSpace objects, 0(0B) LOS objects, 37% free, 26MB/42MB, paused 485us total 43.147ms
08-05 17:39:13.117 24070 24070 I Radio-JNI: register_android_hardware_Radio DONE
08-05 17:39:13.119 22981 23005 I art     : Starting a blocking GC Explicit
08-05 17:39:13.147 24070 24070 D AndroidRuntime: Calling main entry com.android.commands.input.Input
08-05 17:39:13.148 24070 24070 I Input   : injectMotionEvent: MotionEvent { action=ACTION_DOWN, actionButton=0, id[0]=0, x[0]=81.0, y[0]=176.0, toolType[0]=TOOL_TYPE_UNKNOWN, buttonState=0, metaState=0, flags=0x0, edgeFlags=0x0, pointerCount=1, historySize=0, eventTime=812369561, downTime=812369561, deviceId=0, source=0x1002 }
08-05 17:39:13.157 24070 24070 I Input   : injectMotionEvent: MotionEvent { action=ACTION_UP, actionButton=0, id[0]=0, x[0]=81.0, y[0]=176.0, toolType[0]=TOOL_TYPE_UNKNOWN, buttonState=0, metaState=0, flags=0x0, edgeFlags=0x0, pointerCount=1, historySize=0, eventTime=812369561, downTime=812369561, deviceId=0, source=0x1002 }
08-05 17:39:13.159 22981 23005 I art     : Explicit concurrent mark sweep GC freed 6(368B) AllocSpace objects, 0(0B) LOS objects, 37% free, 26MB/42MB, paused 476us total 39.180ms
08-05 17:39:13.160 24070 24070 D AndroidRuntime: Shutting down VM
08-05 17:39:13.170   512  2967 D audio_hw_primary: out_set_parameters: enter: usecase(1: low-latency-playback) kvpairs: routing=2
08-05 17:39:13.183   512  2967 D audio_hw_primary: select_devices: out_snd_device(2: speaker) in_snd_device(0: none)
08-05 17:39:13.183   512  2967 D msm8974_platform: platform_send_audio_calibration: sending audio calibration for snd_device(2) acdb_id(15)
08-05 17:39:13.184   512  2967 I soundtrigger: audio_extn_sound_trigger_update_device_status: device 0x2 of type 0 for Event 1
08-05 17:39:13.193   512  2967 D audio_hw_primary: enable_snd_device: snd_device(2: speaker)
08-05 17:39:13.196   512  2967 D audio_hw_primary: enable_audio_route: apply and update mixer path: low-latency-playback speaker
08-05 17:39:13.200 13866 13866 I GoogleInputMethodServic: GoogleInputMethodService.onFinishInput():3138 
08-05 17:39:13.200 13866 13866 I GoogleInputMethodServic: GoogleInputMethodService.onStartInput():1808 
08-05 17:39:13.454 22981 23212 I art     : Starting a blocking GC Explicit
08-05 17:39:13.498 22981 23212 I art     : Explicit concurrent mark sweep GC freed 1816(100KB) AllocSpace objects, 1(20KB) LOS objects, 37% free, 26MB/42MB, paused 598us total 43.644ms
08-05 17:39:13.498 22981 22991 I art     : WaitForGcToComplete blocked for 9.970ms for cause HeapTrim
08-05 17:39:13.514 22981 23212 I art     : Starting a blocking GC Explicit
08-05 17:39:13.556 22981 23212 I art     : Explicit concurrent mark sweep GC freed 196(11KB) AllocSpace objects, 0(0B) LOS objects, 37% free, 26MB/42MB, paused 444us total 42.120ms
08-05 17:39:13.572 22981 23212 I art     : Starting a blocking GC Explicit
08-05 17:39:13.612 22981 23212 I art     : Explicit concurrent mark sweep GC freed 4(128B) AllocSpace objects, 0(0B) LOS objects, 37% free, 26MB/42MB, paused 464us total 39.445ms
08-05 17:39:13.627 22981 23212 I art     : Starting a blocking GC Explicit
08-05 17:39:13.666 22981 23212 I art     : Explicit concurrent mark sweep GC freed 3(96B) AllocSpace objects, 0(0B) LOS objects, 37% free, 26MB/42MB, paused 499us total 38.141ms
08-05 17:39:13.681 22981 23212 I art     : Starting a blocking GC Explicit
08-05 17:39:13.722 22981 23212 I art     : Explicit concurrent mark sweep GC freed 3(96B) AllocSpace objects, 0(0B) LOS objects, 37% free, 26MB/42MB, paused 482us total 40.818ms
08-05 17:39:13.739   512  2967 D audio_hw_primary: disable_audio_route: reset and update mixer path: low-latency-playback speaker
08-05 17:39:13.740   512  2967 D audio_hw_primary: disable_snd_device: snd_device(2: speaker)
08-05 17:39:13.748   512  2967 I soundtrigger: audio_extn_sound_trigger_update_device_status: device 0x2 of type 0 for Event 0
08-05 17:39:14.051 22981 23005 I art     : Starting a blocking GC Explicit
08-05 17:39:14.110 22981 23005 I art     : Explicit concurrent mark sweep GC freed 1293(75KB) AllocSpace objects, 1(20KB) LOS objects, 37% free, 26MB/42MB, paused 574us total 58.130ms
08-05 17:39:14.128 22981 23005 I art     : Starting a blocking GC Explicit
08-05 17:39:14.171 22981 23005 I art     : Explicit concurrent mark sweep GC freed 18(624B) AllocSpace objects, 0(0B) LOS objects, 37% free, 26MB/42MB, paused 495us total 43.160ms
08-05 17:39:14.187 22981 23005 I art     : Starting a blocking GC Explicit
08-05 17:39:14.230 22981 23005 I art     : Explicit concurrent mark sweep GC freed 3(96B) AllocSpace objects, 0(0B) LOS objects, 37% free, 26MB/42MB, paused 505us total 42.802ms
08-05 17:39:14.246 22981 23005 I art     : Starting a blocking GC Explicit
08-05 17:39:14.289 22981 23005 I art     : Explicit concurrent mark sweep GC freed 3(96B) AllocSpace objects, 0(0B) LOS objects, 37% free, 26MB/42MB, paused 489us total 42.844ms
08-05 17:39:14.305 22981 23005 I art     : Starting a blocking GC Explicit
08-05 17:39:14.347 22981 23005 I art     : Explicit concurrent mark sweep GC freed 3(96B) AllocSpace objects, 0(0B) LOS objects, 37% free, 26MB/42MB, paused 534us total 42.240ms
08-05 17:39:14.416  5179  5194 D QcrilMsgTunnelSocket: readRilMessage: Buffer = [B@671e81d HexData = [010000000404000011000000514f454d484f4f4bef0308000100000003]
08-05 17:39:14.417  5179  5194 D QcrilMsgTunnelSocket: Rcvd UNSOL response with 28 bytes data for SUB0
08-05 17:39:14.417  5179  5194 D QcrilMsgTunnelSocket: Response ID 525295 is not served in this process.
08-05 17:39:14.417  5179  5194 D QcrilMsgTunnelSocket: To broadcast an Intent via the notifier to external apps
08-05 17:39:14.417  5179  5179 D QcrilMsgTunnelIfaceManager: handleMessage what = 0
08-05 17:39:14.417  5179  5179 D QcrilMsgTunnelIfaceManager: Broadcasting intent ACTION_UNSOL_RESPONSE_OEM_HOOK_RAW
08-05 17:39:14.419  5164  5164 D QC_RIL_OEM_HOOK: Received Broadcast Intent ACTION_UNSOL_RESPONSE_OEM_HOOK_RAW
08-05 17:39:14.419  5164  5164 D QC_RIL_OEM_HOOK: Oem ID in QCRILHOOK UNSOL RESP is QOEMHOOK
08-05 17:39:14.651 22981 22994 I art     : Starting a blocking GC Explicit
08-05 17:39:14.698 22981 22994 I art     : Explicit concurrent mark sweep GC freed 1293(75KB) AllocSpace objects, 1(20KB) LOS objects, 37% free, 26MB/42MB, paused 518us total 46.916ms
08-05 17:39:14.714 22981 22994 I art     : Starting a blocking GC Explicit
08-05 17:39:14.751 22981 22994 I art     : Explicit concurrent mark sweep GC freed 18(624B) AllocSpace objects, 0(0B) LOS objects, 37% free, 26MB/42MB, paused 480us total 37.149ms
08-05 17:39:14.767 22981 22994 I art     : Starting a blocking GC Explicit
08-05 17:39:14.809 22981 22994 I art     : Explicit concurrent mark sweep GC freed 4(128B) AllocSpace objects, 0(0B) LOS objects, 37% free, 26MB/42MB, paused 482us total 42.395ms
08-05 17:39:14.828 22981 22994 I art     : Starting a blocking GC Explicit
08-05 17:39:14.867 22981 22994 I art     : Explicit concurrent mark sweep GC freed 9(288B) AllocSpace objects, 0(0B) LOS objects, 37% free, 26MB/42MB, paused 663us total 38.924ms
08-05 17:39:14.882 22981 22994 I art     : Starting a blocking GC Explicit
08-05 17:39:14.921 22981 22994 I art     : Explicit concurrent mark sweep GC freed 11(352B) AllocSpace objects, 0(0B) LOS objects, 37% free, 26MB/42MB, paused 527us total 38.707ms
08-05 17:39:14.944 24113 24113 D AndroidRuntime: >>>>>> START com.android.internal.os.RuntimeInit uid 2000 <<<<<<
08-05 17:39:14.950 24113 24113 D AndroidRuntime: CheckJNI is OFF
08-05 17:39:14.990 24113 24113 D ICU     : No timezone override file found: /data/misc/zoneinfo/current/icu/icu_tzdata.dat
08-05 17:39:15.033 24113 24113 I Radio-JNI: register_android_hardware_Radio DONE
08-05 17:39:15.062 24113 24113 D AndroidRuntime: Calling main entry com.android.commands.input.Input
08-05 17:39:15.065 24113 24113 I Input   : injectMotionEvent: MotionEvent { action=ACTION_DOWN, actionButton=0, id[0]=0, x[0]=436.0, y[0]=1770.0, toolType[0]=TOOL_TYPE_UNKNOWN, buttonState=0, metaState=0, flags=0x0, edgeFlags=0x0, pointerCount=1, historySize=0, eventTime=812371477, downTime=812371477, deviceId=0, source=0x1002 }
08-05 17:39:15.076 24113 24113 I Input   : injectMotionEvent: MotionEvent { action=ACTION_UP, actionButton=0, id[0]=0, x[0]=436.0, y[0]=1770.0, toolType[0]=TOOL_TYPE_UNKNOWN, buttonState=0, metaState=0, flags=0x0, edgeFlags=0x0, pointerCount=1, historySize=0, eventTime=812371477, downTime=812371477, deviceId=0, source=0x1002 }
08-05 17:39:15.078 24113 24113 D AndroidRuntime: Shutting down VM
08-05 17:39:15.087 22981 22981 D MainActivity: NavigationItemSelected: Courses
08-05 17:39:15.090   918  6110 I ActivityManager: START u0 {cmp=baseline.com.ak.uobtimetable/.CourseListActivity} from uid 10684 on display 0
08-05 17:39:15.091   512  2967 D audio_hw_primary: out_set_parameters: enter: usecase(1: low-latency-playback) kvpairs: routing=2
08-05 17:39:15.101 22981 22981 D MainActivity: OnPause
08-05 17:39:15.104   512  2967 D audio_hw_primary: select_devices: out_snd_device(2: speaker) in_snd_device(0: none)
08-05 17:39:15.104   512  2967 D msm8974_platform: platform_send_audio_calibration: sending audio calibration for snd_device(2) acdb_id(15)
08-05 17:39:15.104   512  2967 I soundtrigger: audio_extn_sound_trigger_update_device_status: device 0x2 of type 0 for Event 1
08-05 17:39:15.123   512  2967 D audio_hw_primary: enable_snd_device: snd_device(2: speaker)
08-05 17:39:15.125   512  2967 D audio_hw_primary: enable_audio_route: apply and update mixer path: low-latency-playback speaker
08-05 17:39:15.145 22981 22981 D CourseListActivity: onCreate
08-05 17:39:15.147 22981 24153 D HTTP    : Request for: https://uob-timetable-api.adriankeenan.co.uk/courses
08-05 17:39:15.211   918   936 I ActivityManager: Displayed baseline.com.ak.uobtimetable/.CourseListActivity: +109ms
08-05 17:39:15.211 13866 13866 I GoogleInputMethodServic: GoogleInputMethodService.onFinishInput():3138 
08-05 17:39:15.212 13866 13866 I GoogleInputMethodServic: GoogleInputMethodService.onStartInput():1808 
08-05 17:39:15.249 22981 23005 I art     : Starting a blocking GC Explicit
08-05 17:39:15.290 22981 23005 I art     : Explicit concurrent mark sweep GC freed 4480(269KB) AllocSpace objects, 1(20KB) LOS objects, 37% free, 26MB/42MB, paused 760us total 40.505ms
08-05 17:39:15.306 22981 23005 I art     : Starting a blocking GC Explicit
08-05 17:39:15.349 22981 23005 I art     : Explicit concurrent mark sweep GC freed 2510(113KB) AllocSpace objects, 2(120KB) LOS objects, 37% free, 26MB/42MB, paused 622us total 43.238ms
08-05 17:39:15.365 22981 23005 I art     : Starting a blocking GC Explicit
08-05 17:39:15.366 22981 24153 I NAPPA_EXPERIMENTATION: MetricNetworkRequestExecutionTime: REQUEST_DURATION_SYSTEM='218',REQUEST_DURATION_OKHTTP='42',REQUEST_SYNCHRONOUS='TRUE',RESPONSE_CODE='200',RESPONSE_METHOD='GET',RESPONSE_LENGTH_OKHTTP='-1',RESPONSE_LENGTH_HEADER='-2',REQUEST_PROTOCOL='http/1.1',REQUEST_URL='https://uob-timetable-api.adriankeenan.co.uk/courses',
08-05 17:39:15.410 22981 23005 I art     : Explicit concurrent mark sweep GC freed 1054(127KB) AllocSpace objects, 1(80KB) LOS objects, 36% free, 27MB/43MB, paused 639us total 44.765ms
08-05 17:39:15.429 22981 23005 I art     : Starting a blocking GC Explicit
08-05 17:39:15.472 22981 23005 I art     : Explicit concurrent mark sweep GC freed 75(5KB) AllocSpace objects, 0(0B) LOS objects, 33% free, 31MB/47MB, paused 812us total 42.762ms
08-05 17:39:15.487 22981 23005 I art     : Starting a blocking GC Explicit
08-05 17:39:15.524 22981 23005 I art     : Explicit concurrent mark sweep GC freed 33(1248B) AllocSpace objects, 0(0B) LOS objects, 31% free, 34MB/50MB, paused 544us total 37.138ms
08-05 17:39:15.585 22981 22981 D MainActivity: Saving state
08-05 17:39:15.585 22981 22981 D MainActivity: Saving current fragment: SessionListsFragment
08-05 17:39:15.585 22981 22981 D MainActivity: Saving current index: 2
08-05 17:39:15.586 22981 22981 D SessionListsFragment: Saving state
08-05 17:39:15.659   512  2967 D audio_hw_primary: disable_audio_route: reset and update mixer path: low-latency-playback speaker
08-05 17:39:15.660   512  2967 D audio_hw_primary: disable_snd_device: snd_device(2: speaker)
08-05 17:39:15.670   512  2967 I soundtrigger: audio_extn_sound_trigger_update_device_status: device 0x2 of type 0 for Event 0
08-05 17:39:15.818 22981 24153 I HTTP    : Response was compressed.
08-05 17:39:15.820 22981 22994 I art     : Starting a blocking GC Explicit
08-05 17:39:15.875 22981 22994 I art     : Explicit concurrent mark sweep GC freed 21627(1002KB) AllocSpace objects, 2(22MB) LOS objects, 27% free, 41MB/57MB, paused 958us total 54.714ms
08-05 17:39:15.890 22981 22994 I art     : Starting a blocking GC Explicit
08-05 17:39:15.935 22981 22994 I art     : Explicit concurrent mark sweep GC freed 31560(1479KB) AllocSpace objects, 0(0B) LOS objects, 27% free, 41MB/57MB, paused 843us total 44.780ms
08-05 17:39:15.950 22981 22994 I art     : Starting a blocking GC Explicit
08-05 17:39:15.995 22981 22994 I art     : Explicit concurrent mark sweep GC freed 28422(1354KB) AllocSpace objects, 0(0B) LOS objects, 27% free, 42MB/58MB, paused 910us total 44.878ms
08-05 17:39:16.010 22981 22994 I art     : Starting a blocking GC Explicit
08-05 17:39:16.056 22981 22994 I art     : Explicit concurrent mark sweep GC freed 29479(1389KB) AllocSpace objects, 0(0B) LOS objects, 27% free, 42MB/58MB, paused 983us total 46.378ms
08-05 17:39:16.072 22981 22994 I art     : Starting a blocking GC Explicit
08-05 17:39:16.119 22981 22994 I art     : Explicit concurrent mark sweep GC freed 28981(1357KB) AllocSpace objects, 0(0B) LOS objects, 27% free, 42MB/58MB, paused 940us total 46.889ms
08-05 17:39:16.435 22981 23212 I art     : Starting a blocking GC Explicit
08-05 17:39:16.503 22981 23212 I art     : Explicit concurrent mark sweep GC freed 166812(7MB) AllocSpace objects, 1(20KB) LOS objects, 26% free, 44MB/60MB, paused 816us total 67.627ms
08-05 17:39:16.520 22981 23212 I art     : Starting a blocking GC Explicit
08-05 17:39:16.573 22981 23212 I art     : Explicit concurrent mark sweep GC freed 39492(1862KB) AllocSpace objects, 0(0B) LOS objects, 26% free, 44MB/60MB, paused 1.046ms total 52.389ms
08-05 17:39:16.590 22981 23212 I art     : Starting a blocking GC Explicit
08-05 17:39:16.642 22981 23212 I art     : Explicit concurrent mark sweep GC freed 30011(1420KB) AllocSpace objects, 0(0B) LOS objects, 26% free, 44MB/60MB, paused 1.869ms total 52.548ms
08-05 17:39:16.660 22981 23212 I art     : Starting a blocking GC Explicit
08-05 17:39:16.714 22981 23212 I art     : Explicit concurrent mark sweep GC freed 29793(1401KB) AllocSpace objects, 0(0B) LOS objects, 26% free, 44MB/60MB, paused 1.132ms total 53.229ms
08-05 17:39:16.731 22981 23212 I art     : Starting a blocking GC Explicit
08-05 17:39:16.786 22981 23212 I art     : Explicit concurrent mark sweep GC freed 32326(1522KB) AllocSpace objects, 0(0B) LOS objects, 26% free, 44MB/60MB, paused 1.125ms total 54.771ms
08-05 17:39:17.093 22981 23212 I art     : Starting a blocking GC Explicit
08-05 17:39:17.168 22981 23212 I art     : Explicit concurrent mark sweep GC freed 174275(7MB) AllocSpace objects, 1(20KB) LOS objects, 25% free, 46MB/62MB, paused 1ms total 75.049ms
08-05 17:39:17.187 22981 23212 I art     : Starting a blocking GC Explicit
08-05 17:39:17.246 22981 23212 I art     : Explicit concurrent mark sweep GC freed 42870(2028KB) AllocSpace objects, 0(0B) LOS objects, 25% free, 46MB/62MB, paused 1.636ms total 59.002ms
08-05 17:39:17.265 22981 23212 I art     : Starting a blocking GC Explicit
08-05 17:39:17.326 22981 23212 I art     : Explicit concurrent mark sweep GC freed 37851(1807KB) AllocSpace objects, 0(0B) LOS objects, 25% free, 46MB/62MB, paused 1.151ms total 60.552ms
08-05 17:39:17.346 22981 23212 I art     : Starting a blocking GC Explicit
08-05 17:39:17.407 22981 23212 I art     : Explicit concurrent mark sweep GC freed 37614(1759KB) AllocSpace objects, 0(0B) LOS objects, 25% free, 46MB/62MB, paused 1.352ms total 60.903ms
08-05 17:39:17.427 22981 23212 I art     : Starting a blocking GC Explicit
08-05 17:39:17.488 22981 23212 I art     : Explicit concurrent mark sweep GC freed 38018(1781KB) AllocSpace objects, 0(0B) LOS objects, 25% free, 47MB/63MB, paused 1.293ms total 61.287ms
08-05 17:39:17.810 22981 22994 I art     : Starting a blocking GC Explicit
08-05 17:39:17.894 22981 22994 I art     : Explicit concurrent mark sweep GC freed 185362(8MB) AllocSpace objects, 1(20KB) LOS objects, 24% free, 48MB/64MB, paused 1.392ms total 84.350ms
08-05 17:39:17.914 22981 22994 I art     : Starting a blocking GC Explicit
08-05 17:39:17.980 22981 22994 I art     : Explicit concurrent mark sweep GC freed 46369(2MB) AllocSpace objects, 0(0B) LOS objects, 24% free, 48MB/64MB, paused 1.266ms total 65.720ms
08-05 17:39:18.000 22981 22994 I art     : Starting a blocking GC Explicit
08-05 17:39:18.070 22981 22994 I art     : Explicit concurrent mark sweep GC freed 41636(1943KB) AllocSpace objects, 0(0B) LOS objects, 24% free, 49MB/65MB, paused 1.475ms total 69.081ms
08-05 17:39:18.091 22981 22994 I art     : Starting a blocking GC Explicit
08-05 17:39:18.159 22981 22994 I art     : Explicit concurrent mark sweep GC freed 40659(1939KB) AllocSpace objects, 0(0B) LOS objects, 24% free, 49MB/65MB, paused 1.474ms total 67.402ms
08-05 17:39:18.179 22981 22994 I art     : Starting a blocking GC Explicit
08-05 17:39:18.250 22981 22994 I art     : Explicit concurrent mark sweep GC freed 42493(1990KB) AllocSpace objects, 0(0B) LOS objects, 24% free, 49MB/65MB, paused 1.529ms total 71.210ms
08-05 17:39:18.579 22981 23212 I art     : Starting a blocking GC Explicit
08-05 17:39:18.666 22981 23212 I art     : Explicit concurrent mark sweep GC freed 185153(8MB) AllocSpace objects, 1(20KB) LOS objects, 23% free, 51MB/67MB, paused 1.220ms total 87.532ms
08-05 17:39:18.689 22981 23212 I art     : Starting a blocking GC Explicit
08-05 17:39:18.764 22981 23212 I art     : Explicit concurrent mark sweep GC freed 50818(2MB) AllocSpace objects, 0(0B) LOS objects, 23% free, 51MB/67MB, paused 1.496ms total 75.054ms
08-05 17:39:18.787 22981 23212 I art     : Starting a blocking GC Explicit
08-05 17:39:18.862 22981 23212 I art     : Explicit concurrent mark sweep GC freed 43911(2MB) AllocSpace objects, 0(0B) LOS objects, 23% free, 51MB/67MB, paused 1.583ms total 74.668ms
08-05 17:39:18.883 22981 23212 I art     : Starting a blocking GC Explicit
08-05 17:39:18.960 22981 23212 I art     : Explicit concurrent mark sweep GC freed 42475(1999KB) AllocSpace objects, 0(0B) LOS objects, 23% free, 52MB/68MB, paused 1.627ms total 76.124ms
08-05 17:39:18.982 22981 23212 I art     : Starting a blocking GC Explicit
08-05 17:39:19.056 22981 24153 I Service : getCourses response time: 0.69
08-05 17:39:19.059 22981 23212 I art     : Explicit concurrent mark sweep GC freed 44801(2MB) AllocSpace objects, 0(0B) LOS objects, 23% free, 52MB/68MB, paused 1.601ms total 76.988ms
08-05 17:39:19.073 22981 22981 I SettingsManager: Getting string: savedCourse
08-05 17:39:19.412 22981 23212 I art     : Starting a blocking GC Explicit
08-05 17:39:19.517 22981 23212 I art     : Explicit concurrent mark sweep GC freed 7079(338KB) AllocSpace objects, 2(15MB) LOS objects, 29% free, 37MB/53MB, paused 798us total 105.227ms
08-05 17:39:19.541 22981 23212 I art     : Starting a blocking GC Explicit
08-05 17:39:19.624 22981 23212 I art     : Explicit concurrent mark sweep GC freed 769(67KB) AllocSpace objects, 0(0B) LOS objects, 29% free, 37MB/53MB, paused 539us total 82.409ms
08-05 17:39:19.649 22981 23212 I art     : Starting a blocking GC Explicit
08-05 17:39:19.729 22981 23212 I art     : Explicit concurrent mark sweep GC freed 3(96B) AllocSpace objects, 0(0B) LOS objects, 29% free, 37MB/53MB, paused 541us total 79.499ms
08-05 17:39:19.753 22981 23212 I art     : Starting a blocking GC Explicit
08-05 17:39:19.838 22981 23212 I art     : Explicit concurrent mark sweep GC freed 3(96B) AllocSpace objects, 0(0B) LOS objects, 29% free, 37MB/53MB, paused 555us total 84.565ms
08-05 17:39:19.863 22981 23212 I art     : Starting a blocking GC Explicit
08-05 17:39:19.941 22981 23212 I art     : Explicit concurrent mark sweep GC freed 3(96B) AllocSpace objects, 0(0B) LOS objects, 29% free, 37MB/53MB, paused 520us total 77.708ms
08-05 17:39:20.307 22981 23005 I art     : Starting a blocking GC Explicit
08-05 17:39:20.411 22981 23005 I art     : Explicit concurrent mark sweep GC freed 1293(75KB) AllocSpace objects, 1(20KB) LOS objects, 29% free, 37MB/53MB, paused 558us total 104.381ms
08-05 17:39:20.437 22981 23005 I art     : Starting a blocking GC Explicit
08-05 17:39:20.519 22981 23005 I art     : Explicit concurrent mark sweep GC freed 18(624B) AllocSpace objects, 0(0B) LOS objects, 29% free, 37MB/53MB, paused 540us total 81.793ms
08-05 17:39:20.543 22981 23005 I art     : Starting a blocking GC Explicit
08-05 17:39:20.626 22981 23005 I art     : Explicit concurrent mark sweep GC freed 3(96B) AllocSpace objects, 0(0B) LOS objects, 29% free, 37MB/53MB, paused 552us total 81.971ms
08-05 17:39:20.650 22981 23005 I art     : Starting a blocking GC Explicit
08-05 17:39:20.734 22981 23005 I art     : Explicit concurrent mark sweep GC freed 5(192B) AllocSpace objects, 0(0B) LOS objects, 29% free, 37MB/53MB, paused 538us total 83.090ms
08-05 17:39:20.759 22981 23005 I art     : Starting a blocking GC Explicit
08-05 17:39:20.840 22981 23005 I art     : Explicit concurrent mark sweep GC freed 4(128B) AllocSpace objects, 0(0B) LOS objects, 29% free, 37MB/53MB, paused 540us total 81.252ms
08-05 17:39:21.205 22981 22993 I art     : Starting a blocking GC Explicit
08-05 17:39:21.305 22981 22993 I art     : Explicit concurrent mark sweep GC freed 1293(75KB) AllocSpace objects, 1(20KB) LOS objects, 29% free, 37MB/53MB, paused 534us total 100.080ms
08-05 17:39:21.332 22981 22993 I art     : Starting a blocking GC Explicit
08-05 17:39:21.404 22981 22993 I art     : Explicit concurrent mark sweep GC freed 18(624B) AllocSpace objects, 0(0B) LOS objects, 29% free, 37MB/53MB, paused 549us total 71.501ms
08-05 17:39:21.426 22981 22993 I art     : Starting a blocking GC Explicit
08-05 17:39:21.501 22981 22993 I art     : Explicit concurrent mark sweep GC freed 3(96B) AllocSpace objects, 0(0B) LOS objects, 29% free, 37MB/53MB, paused 490us total 73.928ms
08-05 17:39:21.525 22981 22993 I art     : Starting a blocking GC Explicit
08-05 17:39:21.603 22981 22993 I art     : Explicit concurrent mark sweep GC freed 3(96B) AllocSpace objects, 0(0B) LOS objects, 29% free, 37MB/53MB, paused 520us total 78.426ms
08-05 17:39:21.627 22981 22993 I art     : Starting a blocking GC Explicit
08-05 17:39:21.706 22981 22993 I art     : Explicit concurrent mark sweep GC freed 3(96B) AllocSpace objects, 0(0B) LOS objects, 29% free, 37MB/53MB, paused 599us total 78.296ms
08-05 17:39:21.889 24238 24238 D AndroidRuntime: >>>>>> START com.android.internal.os.RuntimeInit uid 2000 <<<<<<
08-05 17:39:21.895 24238 24238 D AndroidRuntime: CheckJNI is OFF
08-05 17:39:21.936 24238 24238 D ICU     : No timezone override file found: /data/misc/zoneinfo/current/icu/icu_tzdata.dat
08-05 17:39:21.978 24238 24238 I Radio-JNI: register_android_hardware_Radio DONE
08-05 17:39:21.993 20011 20011 I ServiceManager: Waiting for service AtCmdFwd...
08-05 17:39:22.009 24238 24238 D AndroidRuntime: Calling main entry com.android.commands.input.Input
08-05 17:39:22.011 24238 24238 I Input   : injectMotionEvent: MotionEvent { action=ACTION_DOWN, actionButton=0, id[0]=0, x[0]=648.0, y[0]=709.0, toolType[0]=TOOL_TYPE_UNKNOWN, buttonState=0, metaState=0, flags=0x0, edgeFlags=0x0, pointerCount=1, historySize=0, eventTime=812378423, downTime=812378423, deviceId=0, source=0x1002 }
08-05 17:39:22.015 24238 24238 I Input   : injectMotionEvent: MotionEvent { action=ACTION_UP, actionButton=0, id[0]=0, x[0]=648.0, y[0]=709.0, toolType[0]=TOOL_TYPE_UNKNOWN, buttonState=0, metaState=0, flags=0x0, edgeFlags=0x0, pointerCount=1, historySize=0, eventTime=812378423, downTime=812378423, deviceId=0, source=0x1002 }
08-05 17:39:22.017 24238 24238 D AndroidRuntime: Shutting down VM
08-05 17:39:22.049 22981 22994 I art     : Starting a blocking GC Explicit
08-05 17:39:22.083   512  2967 D audio_hw_primary: out_set_parameters: enter: usecase(1: low-latency-playback) kvpairs: routing=2
08-05 17:39:22.097   512  2967 D audio_hw_primary: select_devices: out_snd_device(2: speaker) in_snd_device(0: none)
08-05 17:39:22.097   512  2967 D msm8974_platform: platform_send_audio_calibration: sending audio calibration for snd_device(2) acdb_id(15)
08-05 17:39:22.097   512  2967 I soundtrigger: audio_extn_sound_trigger_update_device_status: device 0x2 of type 0 for Event 1
08-05 17:39:22.109   512  2967 D audio_hw_primary: enable_snd_device: snd_device(2: speaker)
08-05 17:39:22.111   512  2967 D audio_hw_primary: enable_audio_route: apply and update mixer path: low-latency-playback speaker
08-05 17:39:22.130 22981 22994 I art     : Explicit concurrent mark sweep GC freed 1901(122KB) AllocSpace objects, 2(40KB) LOS objects, 29% free, 37MB/53MB, paused 655us total 80.280ms
08-05 17:39:22.153 22981 22994 I art     : Starting a blocking GC Explicit
08-05 17:39:22.226 22981 22994 I art     : Explicit concurrent mark sweep GC freed 296(16KB) AllocSpace objects, 0(0B) LOS objects, 29% free, 37MB/53MB, paused 510us total 72.857ms
08-05 17:39:22.252 22981 22994 I art     : Starting a blocking GC Explicit
08-05 17:39:22.331 22981 22994 I art     : Explicit concurrent mark sweep GC freed 13(496B) AllocSpace objects, 0(0B) LOS objects, 29% free, 37MB/53MB, paused 525us total 79.011ms
08-05 17:39:22.359 22981 22994 I art     : Starting a blocking GC Explicit
08-05 17:39:22.445 22981 22994 I art     : Explicit concurrent mark sweep GC freed 5(160B) AllocSpace objects, 0(0B) LOS objects, 29% free, 37MB/53MB, paused 575us total 85.407ms
08-05 17:39:22.474 22981 22994 I art     : Starting a blocking GC Explicit
08-05 17:39:22.553 22981 22994 I art     : Explicit concurrent mark sweep GC freed 9(320B) AllocSpace objects, 0(0B) LOS objects, 29% free, 37MB/53MB, paused 507us total 78.500ms
08-05 17:39:22.650   512  2967 D audio_hw_primary: disable_audio_route: reset and update mixer path: low-latency-playback speaker
08-05 17:39:22.652   512  2967 D audio_hw_primary: disable_snd_device: snd_device(2: speaker)
08-05 17:39:22.660   512  2967 I soundtrigger: audio_extn_sound_trigger_update_device_status: device 0x2 of type 0 for Event 0
08-05 17:39:22.904 22981 22994 I art     : Starting a blocking GC Explicit
08-05 17:39:22.985 22981 22994 I art     : Explicit concurrent mark sweep GC freed 1295(75KB) AllocSpace objects, 1(20KB) LOS objects, 29% free, 37MB/53MB, paused 533us total 80.393ms
08-05 17:39:22.993 20011 20011 I ServiceManager: Waiting for service AtCmdFwd...
08-05 17:39:23.008 22981 22994 I art     : Starting a blocking GC Explicit
08-05 17:39:23.084 22981 22994 I art     : Explicit concurrent mark sweep GC freed 22(752B) AllocSpace objects, 0(0B) LOS objects, 29% free, 37MB/53MB, paused 533us total 75.240ms
08-05 17:39:23.108 22981 22994 I art     : Starting a blocking GC Explicit
08-05 17:39:23.187 22981 22994 I art     : Explicit concurrent mark sweep GC freed 3(96B) AllocSpace objects, 0(0B) LOS objects, 29% free, 37MB/53MB, paused 530us total 78.435ms
08-05 17:39:23.211 22981 22994 I art     : Starting a blocking GC Explicit
08-05 17:39:23.289 22981 22994 I art     : Explicit concurrent mark sweep GC freed 3(96B) AllocSpace objects, 0(0B) LOS objects, 29% free, 37MB/53MB, paused 540us total 77.595ms
08-05 17:39:23.312 22981 22994 I art     : Starting a blocking GC Explicit
08-05 17:39:23.384 22981 22994 I art     : Explicit concurrent mark sweep GC freed 3(96B) AllocSpace objects, 0(0B) LOS objects, 29% free, 37MB/53MB, paused 535us total 71.977ms
08-05 17:39:23.712 22981 23005 I art     : Starting a blocking GC Explicit
08-05 17:39:23.799 22981 23005 I art     : Explicit concurrent mark sweep GC freed 1301(75KB) AllocSpace objects, 1(20KB) LOS objects, 29% free, 37MB/53MB, paused 552us total 85.864ms
08-05 17:39:23.802 24271 24271 D AndroidRuntime: >>>>>> START com.android.internal.os.RuntimeInit uid 2000 <<<<<<
08-05 17:39:23.809 24271 24271 D AndroidRuntime: CheckJNI is OFF
08-05 17:39:23.828 22981 23005 I art     : Starting a blocking GC Explicit
08-05 17:39:23.853 24271 24271 D ICU     : No timezone override file found: /data/misc/zoneinfo/current/icu/icu_tzdata.dat
08-05 17:39:23.898 24271 24271 I Radio-JNI: register_android_hardware_Radio DONE
08-05 17:39:23.901 22981 23005 I art     : Explicit concurrent mark sweep GC freed 31(1040B) AllocSpace objects, 0(0B) LOS objects, 29% free, 37MB/53MB, paused 535us total 72.717ms
08-05 17:39:23.925 22981 23005 I art     : Starting a blocking GC Explicit
08-05 17:39:23.930 24271 24271 D AndroidRuntime: Calling main entry com.android.commands.input.Input
08-05 17:39:23.932 24271 24271 I Input   : injectMotionEvent: MotionEvent { action=ACTION_DOWN, actionButton=0, id[0]=0, x[0]=1197.0, y[0]=1456.0, toolType[0]=TOOL_TYPE_UNKNOWN, buttonState=0, metaState=0, flags=0x0, edgeFlags=0x0, pointerCount=1, historySize=0, eventTime=812380344, downTime=812380344, deviceId=0, source=0x1002 }
08-05 17:39:23.937 24271 24271 I Input   : injectMotionEvent: MotionEvent { action=ACTION_UP, actionButton=0, id[0]=0, x[0]=1197.0, y[0]=1456.0, toolType[0]=TOOL_TYPE_UNKNOWN, buttonState=0, metaState=0, flags=0x0, edgeFlags=0x0, pointerCount=1, historySize=0, eventTime=812380344, downTime=812380344, deviceId=0, source=0x1002 }
08-05 17:39:23.939 24271 24271 D AndroidRuntime: Shutting down VM
08-05 17:39:23.948   512  2967 D audio_hw_primary: out_set_parameters: enter: usecase(1: low-latency-playback) kvpairs: routing=2
08-05 17:39:23.961   512  2967 D audio_hw_primary: select_devices: out_snd_device(2: speaker) in_snd_device(0: none)
08-05 17:39:23.961   512  2967 D msm8974_platform: platform_send_audio_calibration: sending audio calibration for snd_device(2) acdb_id(15)
08-05 17:39:23.961   512  2967 I soundtrigger: audio_extn_sound_trigger_update_device_status: device 0x2 of type 0 for Event 1
08-05 17:39:23.968 22981 23000 D OpenGLRenderer: endAllStagingAnimators on 0x7f94ae8c00 (RippleDrawable) with handle 0x7f78ca8100
08-05 17:39:23.972   512  2967 D audio_hw_primary: enable_snd_device: snd_device(2: speaker)
08-05 17:39:23.975   512  2967 D audio_hw_primary: enable_audio_route: apply and update mixer path: low-latency-playback speaker
08-05 17:39:23.975 22981 22981 I SettingsManager: Setting string: savedCourse
08-05 17:39:23.976   918  3359 W BackupManagerService: dataChanged but no participant pkg='baseline.com.ak.uobtimetable' uid=10684
08-05 17:39:23.977   918  5952 I ActivityManager: START u0 {flg=0x4000000 cmp=baseline.com.ak.uobtimetable/.MainActivity (has extras)} from uid 10684 on display 0
08-05 17:39:23.993 20011 20011 I ServiceManager: Waiting for service AtCmdFwd...
08-05 17:39:23.994   918  6112 W InputMethodManagerService: Focus gain on non-focused client com.android.internal.view.IInputMethodClient$Stub$Proxy@ec28c (uid=10684 pid=22981)
08-05 17:39:23.999 22981 23005 I art     : Explicit concurrent mark sweep GC freed 2419(113KB) AllocSpace objects, 0(0B) LOS objects, 29% free, 37MB/53MB, paused 741us total 73.879ms
08-05 17:39:24.015 22981 22981 D MainActivity: OnDestroy
08-05 17:39:24.022 22981 23005 I art     : Starting a blocking GC Explicit
08-05 17:39:24.040 22981 22981 D MainActivity: onCreate
08-05 17:39:24.040 22981 22981 I SettingsManager: Getting string: savedSessions
08-05 17:39:24.040 22981 22981 I SettingsManager: Getting string: savedSessions
08-05 17:39:24.051 22981 22981 I SettingsManager: Getting string: savedSessionsCourseName
08-05 17:39:24.051 22981 22981 I SettingsManager: Getting string: savedSessionsCourseName
08-05 17:39:24.051 22981 22981 I SettingsManager: Getting string: savedSessionsDateRange
08-05 17:39:24.051 22981 22981 I SettingsManager: Getting string: savedSessionsDateRange
08-05 17:39:24.051 22981 22981 I Settings: 15 saved sessions - Artificial Intelligence and Robotics (with Foundation Year) - BSc (Hons) - Ltn - Y0 Feb FT - Weeks: 24-38 (8 Jun 2020-20 Sep 2020)
08-05 17:39:24.094 22981 23005 I art     : Explicit concurrent mark sweep GC freed 9394(439KB) AllocSpace objects, 0(0B) LOS objects, 29% free, 38MB/54MB, paused 797us total 71.751ms
08-05 17:39:24.095 22981 22981 I SettingsManager: Getting string: savedCourse
08-05 17:39:24.096 22981 22981 D MainActivity: sessionListFragmentArg: updateSessions
08-05 17:39:24.096 22981 22981 D MainActivity: showTermDatesConfigChange: false
08-05 17:39:24.096 22981 22981 D MainActivity: showTermDatesShortcut: false
08-05 17:39:24.097 22981 22981 D MainActivity: Setting initial fragment: SessionListsFragment
08-05 17:39:24.098 22981 22981 I SettingsManager: Getting int: launchCount
08-05 17:39:24.099 22981 22981 D SessionListsFragment: onCreateView
08-05 17:39:24.104 22981 22981 I SettingsManager: Getting string: savedCourse
08-05 17:39:24.109 22981 22981 I SettingsManager: Getting string: savedSessions
08-05 17:39:24.117 22981 23005 I art     : Starting a blocking GC Explicit
08-05 17:39:24.121 22981 22981 D SessionListsFragment: loadArgument: updateSessions
08-05 17:39:24.121 22981 22981 D SessionListsFragment: initialIndex: -1
08-05 17:39:24.123 22981 24294 D HTTP    : Request for: https://uob-timetable-api.adriankeenan.co.uk/sessions?dept=CM010&course=BSAIFAAF%2F02AA%2F0%2FFT&level=Foundation+Year
08-05 17:39:24.138 22981 22981 D TermDatesFragment: WebView loaded
08-05 17:39:24.139 22981 22981 D MainActivity: OnResume
08-05 17:39:24.197 22981 23005 I art     : Explicit concurrent mark sweep GC freed 10626(509KB) AllocSpace objects, 3(1380KB) LOS objects, 29% free, 37MB/53MB, paused 895us total 79.820ms
08-05 17:39:24.218 22981 22981 I TermDatesFragment: Webview load %: 10
08-05 17:39:24.238   918   936 I ActivityManager: Displayed baseline.com.ak.uobtimetable/.MainActivity: +239ms
08-05 17:39:24.239 13866 13866 I GoogleInputMethodServic: GoogleInputMethodService.onFinishInput():3138 
08-05 17:39:24.239 13866 13866 I GoogleInputMethodServic: GoogleInputMethodService.onStartInput():1808 
08-05 17:39:24.384 22981 22981 I TermDatesFragment: Webview load %: 70
08-05 17:39:24.395 22981 22981 I TermDatesFragment: Webview load %: 100
08-05 17:39:24.396 22981 22981 I TermDatesFragment: Webview load %: 100
08-05 17:39:24.406 22981 24294 I NAPPA_EXPERIMENTATION: MetricNetworkRequestExecutionTime: REQUEST_DURATION_SYSTEM='281',REQUEST_DURATION_OKHTTP='60',REQUEST_SYNCHRONOUS='TRUE',RESPONSE_CODE='200',RESPONSE_METHOD='GET',RESPONSE_LENGTH_OKHTTP='-1',RESPONSE_LENGTH_HEADER='1214',REQUEST_PROTOCOL='http/1.1',REQUEST_URL='https://uob-timetable-api.adriankeenan.co.uk/sessions?dept=CM010&course=BSAIFAAF%2F02AA%2F0%2FFT&level=Foundation+Year',
08-05 17:39:24.440 22981 24294 I HTTP    : Response was compressed.
08-05 17:39:24.454 22981 24294 I Service : getSessions response time: 1.10
08-05 17:39:24.455 22981 22981 I SettingsManager: Getting string: savedSessions
08-05 17:39:24.456 22981 22981 I SettingsManager: Getting string: savedSessions
08-05 17:39:24.466 22981 22981 I Service : Sessions updated: 15
08-05 17:39:24.466 22981 22981 I Service : Sessions removed from new list: 0
08-05 17:39:24.475 22981 22981 I SettingsManager: Setting string: savedSessions
08-05 17:39:24.475   918   928 W BackupManagerService: dataChanged but no participant pkg='baseline.com.ak.uobtimetable' uid=10684
08-05 17:39:24.476 22981 22981 I SettingsManager: Setting date: savedSessionsTime
08-05 17:39:24.486   918  5952 W BackupManagerService: dataChanged but no participant pkg='baseline.com.ak.uobtimetable' uid=10684
08-05 17:39:24.486 22981 22981 I SettingsManager: Setting string: savedSessionsCourseName
08-05 17:39:24.486   918  6112 W BackupManagerService: dataChanged but no participant pkg='baseline.com.ak.uobtimetable' uid=10684
08-05 17:39:24.487 22981 22981 I SettingsManager: Setting string: savedSessionsDateRange
08-05 17:39:24.487   918  4413 W BackupManagerService: dataChanged but no participant pkg='baseline.com.ak.uobtimetable' uid=10684
08-05 17:39:24.487 22981 22981 I SettingsManager: Setting string: timetableUrl
08-05 17:39:24.487   918  3670 W BackupManagerService: dataChanged but no participant pkg='baseline.com.ak.uobtimetable' uid=10684
08-05 17:39:24.488 22981 22981 I SettingsManager: Getting boolean: notifySessionRemindersEnabled
08-05 17:39:24.488 22981 22981 I SettingsManager: Getting int: notifySessionRemindersMinutes
08-05 17:39:24.488 22981 22981 I SettingsManager: Getting boolean: showHiddenSessions
08-05 17:39:24.490 22981 22981 I SessionReminderNotifier: Created session reminder alarm for f7b4771250a919bd729c1c5a4a459c77 at Mon 08:30:00 10/08/20
08-05 17:39:24.492 22981 22981 I SessionReminderNotifier: Created session reminder alarm for a7f879aabdeb78622c8820a5fb7b64cd at Tue 08:30:00 11/08/20
08-05 17:39:24.494 22981 22981 I SessionReminderNotifier: Created session reminder alarm for 7bc8d7e2c2055711f597c3d9078c6ea3 at Tue 08:30:00 11/08/20
08-05 17:39:24.496 22981 23212 I art     : Starting a blocking GC Explicit
08-05 17:39:24.498 22981 22981 I SessionReminderNotifier: Created session reminder alarm for 53c0527a6f009a1f2fd223834d3bfe51 at Tue 10:30:00 11/08/20
08-05 17:39:24.500 22981 22981 I SessionReminderNotifier: Created session reminder alarm for e0fc978b5db8218778540b4053344581 at Tue 11:00:00 11/08/20
08-05 17:39:24.502 22981 22981 I SessionReminderNotifier: Created session reminder alarm for 199afb0100f329ff65a09e1b0cd9deba at Tue 11:30:00 11/08/20
08-05 17:39:24.506 22981 22981 I SessionReminderNotifier: Created session reminder alarm for 21712fef61090882c855a1425543edb5 at Tue 13:30:00 11/08/20
08-05 17:39:24.508 22981 22981 I SessionReminderNotifier: Created session reminder alarm for 65ca4d97f031f29a4d02bbb45a705d8f at Wed 08:30:00 12/08/20
08-05 17:39:24.510 22981 22981 I SessionReminderNotifier: Created session reminder alarm for eeda7741b0bcab58fd9f46dc6ef1d942 at Wed 08:30:00 12/08/20
08-05 17:39:24.512 22981 22981 I SessionReminderNotifier: Created session reminder alarm for c276c1b2075a0beb67f1b3d1e580f920 at Wed 11:00:00 12/08/20
08-05 17:39:24.514 22981 22981 I SessionReminderNotifier: Created session reminder alarm for 8b1f3627e42ae13a6f6ba0a83903dde1 at Wed 13:30:00 12/08/20
08-05 17:39:24.518   512  2967 D audio_hw_primary: disable_audio_route: reset and update mixer path: low-latency-playback speaker
08-05 17:39:24.519   512  2967 D audio_hw_primary: disable_snd_device: snd_device(2: speaker)
08-05 17:39:24.527 22981 22981 I SessionReminderNotifier: Created session reminder alarm for 79fe0b5c3b887a13ba29db5a33fa2800 at Thu 08:30:00 06/08/20
08-05 17:39:24.528   512  2967 I soundtrigger: audio_extn_sound_trigger_update_device_status: device 0x2 of type 0 for Event 0
08-05 17:39:24.529 22981 22981 I SessionReminderNotifier: Created session reminder alarm for cb9dfc8231cdba2be0835dc5709690e1 at Thu 08:30:00 06/08/20
08-05 17:39:24.531 22981 22981 I SessionReminderNotifier: Created session reminder alarm for f850dc24d6de60b7b89fa9e1a8c224c5 at Thu 12:00:00 06/08/20
08-05 17:39:24.532 22981 22981 I SessionReminderNotifier: Created session reminder alarm for 2ba1034116e4fffdd592dbf0796a43d5 at Fri 08:30:00 07/08/20
08-05 17:39:24.532 22981 22981 I SettingsManager: Getting boolean: showHiddenSessions
08-05 17:39:24.533 22981 22981 D SessionListsFragment: 1 sessions for day 0
08-05 17:39:24.533 22981 22981 D SessionListsFragment: 6 sessions for day 1
08-05 17:39:24.533 22981 22981 D SessionListsFragment: 4 sessions for day 2
08-05 17:39:24.533 22981 22981 D SessionListsFragment: 3 sessions for day 3
08-05 17:39:24.533 22981 22981 D SessionListsFragment: 1 sessions for day 4
08-05 17:39:24.592 22981 23212 I art     : Explicit concurrent mark sweep GC freed 25058(1244KB) AllocSpace objects, 7(272KB) LOS objects, 29% free, 38MB/54MB, paused 1.158ms total 96.073ms
08-05 17:39:24.594 22981 22981 I SettingsManager: Getting boolean: showHiddenSessions
08-05 17:39:24.595 22981 22981 D SessionListsFragment: Refreshed ViewPager
08-05 17:39:24.595 22981 22981 I SettingsManager: Getting boolean: showHiddenSessions
08-05 17:39:24.595 22981 22981 I SettingsManager: Getting boolean: completedTutorial
08-05 17:39:24.596 22981 22981 I SettingsManager: Getting boolean: showHiddenSessions
08-05 17:39:24.596 22981 22981 I SettingsManager: Getting date: savedSessionsTime
08-05 17:39:24.614 22981 23212 I art     : Starting a blocking GC Explicit
08-05 17:39:24.687 22981 23212 I art     : Explicit concurrent mark sweep GC freed 66448(2MB) AllocSpace objects, 1(80KB) LOS objects, 30% free, 36MB/52MB, paused 1.411ms total 72.503ms
08-05 17:39:24.709 22981 23212 I art     : Starting a blocking GC Explicit
08-05 17:39:24.779 22981 23212 I art     : Explicit concurrent mark sweep GC freed 29066(1184KB) AllocSpace objects, 0(0B) LOS objects, 30% free, 36MB/52MB, paused 1.399ms total 70.150ms
08-05 17:39:24.801 22981 23212 I art     : Starting a blocking GC Explicit
08-05 17:39:24.874 22981 23212 I art     : Explicit concurrent mark sweep GC freed 29311(1214KB) AllocSpace objects, 0(0B) LOS objects, 30% free, 36MB/52MB, paused 1.493ms total 72.842ms
08-05 17:39:24.883   518   646 I ThermalEngine: ACTION: GPU - Setting GPU[0] to 390000000
08-05 17:39:24.921 22981 23212 I art     : Starting a blocking GC Explicit
08-05 17:39:24.994 20011 20011 I ServiceManager: Waiting for service AtCmdFwd...
08-05 17:39:25.031 22981 23212 I art     : Explicit concurrent mark sweep GC freed 36324(1485KB) AllocSpace objects, 0(0B) LOS objects, 30% free, 37MB/53MB, paused 2.337ms total 109.812ms
08-05 17:39:25.397 22981 22994 I art     : Starting a blocking GC Explicit
08-05 17:39:25.530 22981 22994 I art     : Explicit concurrent mark sweep GC freed 127643(5MB) AllocSpace objects, 1(20KB) LOS objects, 29% free, 38MB/54MB, paused 1.818ms total 133.420ms
08-05 17:39:25.569 22981 22994 I art     : Starting a blocking GC Explicit
08-05 17:39:25.629 22981 22981 I Choreographer: Skipped 61 frames!  The application may be doing too much work on its main thread.
08-05 17:39:25.702 22981 22994 I art     : Explicit concurrent mark sweep GC freed 35731(1591KB) AllocSpace objects, 0(0B) LOS objects, 29% free, 37MB/53MB, paused 2.207ms total 132.976ms
08-05 17:39:25.742 22981 22994 I art     : Starting a blocking GC Explicit
08-05 17:39:25.850 22981 22994 I art     : Explicit concurrent mark sweep GC freed 938(77KB) AllocSpace objects, 0(0B) LOS objects, 29% free, 37MB/53MB, paused 1.026ms total 107.213ms
08-05 17:39:25.891 22981 22994 I art     : Starting a blocking GC Explicit
08-05 17:39:25.960 22981 22994 I art     : Explicit concurrent mark sweep GC freed 121728(11MB) AllocSpace objects, 3(136KB) LOS objects, 37% free, 26MB/42MB, paused 895us total 68.309ms
08-05 17:39:25.983 22981 22994 I art     : Starting a blocking GC Explicit
08-05 17:39:25.994 20011 20011 I ServiceManager: Waiting for service AtCmdFwd...
08-05 17:39:26.034 22981 22994 I art     : Explicit concurrent mark sweep GC freed 3(96B) AllocSpace objects, 0(0B) LOS objects, 37% free, 26MB/42MB, paused 831us total 51.332ms
08-05 17:39:26.389 22981 23005 I art     : Starting a blocking GC Explicit
08-05 17:39:26.443 22981 23005 I art     : Explicit concurrent mark sweep GC freed 1440(80KB) AllocSpace objects, 1(20KB) LOS objects, 37% free, 26MB/42MB, paused 753us total 54.235ms
08-05 17:39:26.468 22981 23005 I art     : Starting a blocking GC Explicit
08-05 17:39:26.520 22981 23005 I art     : Explicit concurrent mark sweep GC freed 20(704B) AllocSpace objects, 0(0B) LOS objects, 37% free, 26MB/42MB, paused 1ms total 51.393ms
08-05 17:39:26.544 22981 23005 I art     : Starting a blocking GC Explicit
08-05 17:39:26.597 22981 23005 I art     : Explicit concurrent mark sweep GC freed 3(96B) AllocSpace objects, 0(0B) LOS objects, 37% free, 26MB/42MB, paused 787us total 52.300ms
08-05 17:39:26.621 22981 23005 I art     : Starting a blocking GC Explicit
08-05 17:39:26.675 22981 23005 I art     : Explicit concurrent mark sweep GC freed 3(96B) AllocSpace objects, 0(0B) LOS objects, 37% free, 26MB/42MB, paused 718us total 53.116ms
08-05 17:39:26.699 22981 23005 I art     : Starting a blocking GC Explicit
08-05 17:39:26.753 22981 23005 I art     : Explicit concurrent mark sweep GC freed 3(96B) AllocSpace objects, 0(0B) LOS objects, 37% free, 26MB/42MB, paused 994us total 53.025ms
08-05 17:39:26.995 20011 20011 W Atfwd_Sendcmd: AtCmdFwd service not published, waiting... retryCnt : 5
08-05 17:39:27.129 22981 22994 I art     : Starting a blocking GC Explicit
08-05 17:39:27.198 22981 22994 I art     : Explicit concurrent mark sweep GC freed 1293(75KB) AllocSpace objects, 1(20KB) LOS objects, 37% free, 26MB/42MB, paused 783us total 68.327ms
08-05 17:39:27.227 22981 22994 I art     : Starting a blocking GC Explicit
08-05 17:39:27.279 22981 22994 I art     : Explicit concurrent mark sweep GC freed 18(624B) AllocSpace objects, 0(0B) LOS objects, 37% free, 26MB/42MB, paused 827us total 51.758ms
08-05 17:39:27.303 22981 22994 I art     : Starting a blocking GC Explicit
08-05 17:39:27.357 22981 22994 I art     : Explicit concurrent mark sweep GC freed 3(96B) AllocSpace objects, 0(0B) LOS objects, 37% free, 26MB/42MB, paused 901us total 53.235ms
08-05 17:39:27.382 22981 22994 I art     : Starting a blocking GC Explicit
08-05 17:39:27.436 22981 22994 I art     : Explicit concurrent mark sweep GC freed 3(96B) AllocSpace objects, 0(0B) LOS objects, 37% free, 26MB/42MB, paused 694us total 52.802ms
08-05 17:39:27.460 22981 22994 I art     : Starting a blocking GC Explicit
08-05 17:39:27.517 22981 22994 I art     : Explicit concurrent mark sweep GC freed 3(96B) AllocSpace objects, 0(0B) LOS objects, 37% free, 26MB/42MB, paused 759us total 56.972ms
08-05 17:39:27.888   518   646 I ThermalEngine: ACTION: GPU - Setting GPU[0] to 450000000
08-05 17:39:27.903 22981 23212 I art     : Starting a blocking GC Explicit
08-05 17:39:27.959 22981 23212 I art     : Explicit concurrent mark sweep GC freed 1293(75KB) AllocSpace objects, 1(20KB) LOS objects, 37% free, 26MB/42MB, paused 605us total 55.415ms
08-05 17:39:27.978 22981 23212 I art     : Starting a blocking GC Explicit
08-05 17:39:28.025 22981 23212 I art     : Explicit concurrent mark sweep GC freed 18(624B) AllocSpace objects, 0(0B) LOS objects, 37% free, 26MB/42MB, paused 519us total 46.797ms
08-05 17:39:28.041 22981 23212 I art     : Starting a blocking GC Explicit
08-05 17:39:28.086 22981 23212 I art     : Explicit concurrent mark sweep GC freed 3(96B) AllocSpace objects, 0(0B) LOS objects, 37% free, 26MB/42MB, paused 550us total 44.408ms
08-05 17:39:28.103 22981 23212 I art     : Starting a blocking GC Explicit
08-05 17:39:28.150 22981 23212 I art     : Explicit concurrent mark sweep GC freed 3(96B) AllocSpace objects, 0(0B) LOS objects, 37% free, 26MB/42MB, paused 550us total 46.889ms
08-05 17:39:28.167 22981 23212 I art     : Starting a blocking GC Explicit
08-05 17:39:28.211 22981 23212 I art     : Explicit concurrent mark sweep GC freed 3(96B) AllocSpace objects, 0(0B) LOS objects, 37% free, 26MB/42MB, paused 531us total 44.106ms
08-05 17:39:28.543 22981 22993 I art     : Starting a blocking GC Explicit
08-05 17:39:28.594 22981 22993 I art     : Explicit concurrent mark sweep GC freed 1293(75KB) AllocSpace objects, 1(20KB) LOS objects, 37% free, 26MB/42MB, paused 574us total 50.522ms
08-05 17:39:28.611 22981 22993 I art     : Starting a blocking GC Explicit
08-05 17:39:28.656 22981 22993 I art     : Explicit concurrent mark sweep GC freed 28(976B) AllocSpace objects, 0(0B) LOS objects, 37% free, 26MB/42MB, paused 560us total 44.649ms
08-05 17:39:28.672 22981 22993 I art     : Starting a blocking GC Explicit
08-05 17:39:28.718 22981 22993 I art     : Explicit concurrent mark sweep GC freed 6(368B) AllocSpace objects, 0(0B) LOS objects, 37% free, 26MB/42MB, paused 548us total 46.310ms
08-05 17:39:28.735 22981 22993 I art     : Starting a blocking GC Explicit
08-05 17:39:28.761 24347 24347 D AndroidRuntime: >>>>>> START com.android.internal.os.RuntimeInit uid 2000 <<<<<<
08-05 17:39:28.767 24347 24347 D AndroidRuntime: CheckJNI is OFF
08-05 17:39:28.778 22981 22993 I art     : Explicit concurrent mark sweep GC freed 3(96B) AllocSpace objects, 0(0B) LOS objects, 37% free, 26MB/42MB, paused 560us total 42.748ms
08-05 17:39:28.793 22981 22993 I art     : Starting a blocking GC Explicit
08-05 17:39:28.810 24347 24347 D ICU     : No timezone override file found: /data/misc/zoneinfo/current/icu/icu_tzdata.dat
08-05 17:39:28.833 22981 22993 I art     : Explicit concurrent mark sweep GC freed 6(144B) AllocSpace objects, 0(0B) LOS objects, 37% free, 26MB/42MB, paused 604us total 39.554ms
08-05 17:39:28.833 22981 22991 I art     : WaitForGcToComplete blocked for 32.176ms for cause HeapTrim
08-05 17:39:28.855 24347 24347 I Radio-JNI: register_android_hardware_Radio DONE
08-05 17:39:28.883 24347 24347 D AndroidRuntime: Calling main entry com.android.commands.input.Input
08-05 17:39:28.886 24347 24347 I Input   : injectMotionEvent: MotionEvent { action=ACTION_DOWN, actionButton=0, id[0]=0, x[0]=81.0, y[0]=176.0, toolType[0]=TOOL_TYPE_UNKNOWN, buttonState=0, metaState=0, flags=0x0, edgeFlags=0x0, pointerCount=1, historySize=0, eventTime=812385298, downTime=812385298, deviceId=0, source=0x1002 }
08-05 17:39:28.891 24347 24347 I Input   : injectMotionEvent: MotionEvent { action=ACTION_UP, actionButton=0, id[0]=0, x[0]=81.0, y[0]=176.0, toolType[0]=TOOL_TYPE_UNKNOWN, buttonState=0, metaState=0, flags=0x0, edgeFlags=0x0, pointerCount=1, historySize=0, eventTime=812385298, downTime=812385298, deviceId=0, source=0x1002 }
08-05 17:39:28.895 24347 24347 D AndroidRuntime: Shutting down VM
08-05 17:39:28.902   512  2967 D audio_hw_primary: out_set_parameters: enter: usecase(1: low-latency-playback) kvpairs: routing=2
08-05 17:39:28.914   512  2967 D audio_hw_primary: select_devices: out_snd_device(2: speaker) in_snd_device(0: none)
08-05 17:39:28.915   512  2967 D msm8974_platform: platform_send_audio_calibration: sending audio calibration for snd_device(2) acdb_id(15)
08-05 17:39:28.915   512  2967 I soundtrigger: audio_extn_sound_trigger_update_device_status: device 0x2 of type 0 for Event 1
08-05 17:39:28.925   512  2967 D audio_hw_primary: enable_snd_device: snd_device(2: speaker)
08-05 17:39:28.927   512  2967 D audio_hw_primary: enable_audio_route: apply and update mixer path: low-latency-playback speaker
08-05 17:39:28.933 13866 13866 I GoogleInputMethodServic: GoogleInputMethodService.onFinishInput():3138 
08-05 17:39:28.934 13866 13866 I GoogleInputMethodServic: GoogleInputMethodService.onStartInput():1808 
08-05 17:39:29.135 22981 22994 I art     : Starting a blocking GC Explicit
08-05 17:39:29.177 22981 22994 I art     : Explicit concurrent mark sweep GC freed 1776(97KB) AllocSpace objects, 1(20KB) LOS objects, 37% free, 26MB/42MB, paused 535us total 41.770ms
08-05 17:39:29.193   918  3261 D WifiStateMachine: starting scan for "H369AA63323"WPA_PSK with 2412,5180
08-05 17:39:29.193 22981 22994 I art     : Starting a blocking GC Explicit
08-05 17:39:29.235 22981 22994 I art     : Explicit concurrent mark sweep GC freed 182(11KB) AllocSpace objects, 0(0B) LOS objects, 37% free, 26MB/42MB, paused 574us total 41.536ms
08-05 17:39:29.251 22981 22994 I art     : Starting a blocking GC Explicit
08-05 17:39:29.292 22981 22994 I art     : Explicit concurrent mark sweep GC freed 3(96B) AllocSpace objects, 0(0B) LOS objects, 37% free, 26MB/42MB, paused 495us total 40.546ms
08-05 17:39:29.308 22981 22994 I art     : Starting a blocking GC Explicit
08-05 17:39:29.349 22981 22994 I art     : Explicit concurrent mark sweep GC freed 6(224B) AllocSpace objects, 0(0B) LOS objects, 37% free, 26MB/42MB, paused 564us total 40.974ms
08-05 17:39:29.364 22981 22994 I art     : Starting a blocking GC Explicit
08-05 17:39:29.405 22981 22994 I art     : Explicit concurrent mark sweep GC freed 5(160B) AllocSpace objects, 0(0B) LOS objects, 37% free, 26MB/42MB, paused 490us total 40.618ms
08-05 17:39:29.470   512  2967 D audio_hw_primary: disable_audio_route: reset and update mixer path: low-latency-playback speaker
08-05 17:39:29.472   512  2967 D audio_hw_primary: disable_snd_device: snd_device(2: speaker)
08-05 17:39:29.480   512  2967 I soundtrigger: audio_extn_sound_trigger_update_device_status: device 0x2 of type 0 for Event 0
08-05 17:39:29.731 22981 22993 I art     : Starting a blocking GC Explicit
08-05 17:39:29.795 22981 22993 I art     : Explicit concurrent mark sweep GC freed 1293(75KB) AllocSpace objects, 1(20KB) LOS objects, 37% free, 26MB/42MB, paused 591us total 64.296ms
08-05 17:39:29.815 22981 22993 I art     : Starting a blocking GC Explicit
08-05 17:39:29.858 22981 22993 I art     : Explicit concurrent mark sweep GC freed 20(688B) AllocSpace objects, 0(0B) LOS objects, 37% free, 26MB/42MB, paused 539us total 42.441ms
08-05 17:39:29.874 22981 22993 I art     : Starting a blocking GC Explicit
08-05 17:39:29.917 22981 22993 I art     : Explicit concurrent mark sweep GC freed 3(96B) AllocSpace objects, 0(0B) LOS objects, 37% free, 26MB/42MB, paused 525us total 42.693ms
08-05 17:39:29.933 22981 22993 I art     : Starting a blocking GC Explicit
08-05 17:39:29.977 22981 22993 I art     : Explicit concurrent mark sweep GC freed 3(96B) AllocSpace objects, 0(0B) LOS objects, 37% free, 26MB/42MB, paused 529us total 43.329ms
08-05 17:39:29.992 22981 22993 I art     : Starting a blocking GC Explicit
08-05 17:39:30.036 22981 22993 I art     : Explicit concurrent mark sweep GC freed 3(96B) AllocSpace objects, 0(0B) LOS objects, 37% free, 26MB/42MB, paused 525us total 43.371ms
08-05 17:39:30.338 22981 23005 I art     : Starting a blocking GC Explicit
08-05 17:39:30.387 22981 23005 I art     : Explicit concurrent mark sweep GC freed 1293(75KB) AllocSpace objects, 1(20KB) LOS objects, 37% free, 26MB/42MB, paused 546us total 48.302ms
08-05 17:39:30.403 22981 23005 I art     : Starting a blocking GC Explicit
08-05 17:39:30.444 22981 23005 I art     : Explicit concurrent mark sweep GC freed 18(624B) AllocSpace objects, 0(0B) LOS objects, 37% free, 26MB/42MB, paused 538us total 40.996ms
08-05 17:39:30.460 22981 23005 I art     : Starting a blocking GC Explicit
08-05 17:39:30.503 22981 23005 I art     : Explicit concurrent mark sweep GC freed 3(96B) AllocSpace objects, 0(0B) LOS objects, 37% free, 26MB/42MB, paused 598us total 42.461ms
08-05 17:39:30.519 22981 23005 I art     : Starting a blocking GC Explicit
08-05 17:39:30.561 22981 23005 I art     : Explicit concurrent mark sweep GC freed 5(160B) AllocSpace objects, 0(0B) LOS objects, 37% free, 26MB/42MB, paused 583us total 41.671ms
08-05 17:39:30.577 22981 23005 I art     : Starting a blocking GC Explicit
08-05 17:39:30.619 22981 23005 I art     : Explicit concurrent mark sweep GC freed 9(288B) AllocSpace objects, 0(0B) LOS objects, 37% free, 26MB/42MB, paused 695us total 42.373ms
08-05 17:39:30.691 24409 24409 D AndroidRuntime: >>>>>> START com.android.internal.os.RuntimeInit uid 2000 <<<<<<
08-05 17:39:30.697 24409 24409 D AndroidRuntime: CheckJNI is OFF
08-05 17:39:30.739 24409 24409 D ICU     : No timezone override file found: /data/misc/zoneinfo/current/icu/icu_tzdata.dat
08-05 17:39:30.782 24409 24409 I Radio-JNI: register_android_hardware_Radio DONE
08-05 17:39:30.810 24409 24409 D AndroidRuntime: Calling main entry com.android.commands.input.Input
08-05 17:39:30.812 24409 24409 I Input   : injectMotionEvent: MotionEvent { action=ACTION_DOWN, actionButton=0, id[0]=0, x[0]=360.0, y[0]=1098.0, toolType[0]=TOOL_TYPE_UNKNOWN, buttonState=0, metaState=0, flags=0x0, edgeFlags=0x0, pointerCount=1, historySize=0, eventTime=812387225, downTime=812387225, deviceId=0, source=0x1002 }
08-05 17:39:30.820 24409 24409 I Input   : injectMotionEvent: MotionEvent { action=ACTION_UP, actionButton=0, id[0]=0, x[0]=360.0, y[0]=1098.0, toolType[0]=TOOL_TYPE_UNKNOWN, buttonState=0, metaState=0, flags=0x0, edgeFlags=0x0, pointerCount=1, historySize=0, eventTime=812387225, downTime=812387225, deviceId=0, source=0x1002 }
08-05 17:39:30.822 24409 24409 D AndroidRuntime: Shutting down VM
08-05 17:39:30.833 22981 22981 D MainActivity: NavigationItemSelected: Term dates
08-05 17:39:30.837   512  2967 D audio_hw_primary: out_set_parameters: enter: usecase(1: low-latency-playback) kvpairs: routing=2
08-05 17:39:30.851   512  2967 D audio_hw_primary: select_devices: out_snd_device(2: speaker) in_snd_device(0: none)
08-05 17:39:30.851   512  2967 D msm8974_platform: platform_send_audio_calibration: sending audio calibration for snd_device(2) acdb_id(15)
08-05 17:39:30.852   512  2967 I soundtrigger: audio_extn_sound_trigger_update_device_status: device 0x2 of type 0 for Event 1
08-05 17:39:30.863   512  2967 D audio_hw_primary: enable_snd_device: snd_device(2: speaker)
08-05 17:39:30.865   512  2967 D audio_hw_primary: enable_audio_route: apply and update mixer path: low-latency-playback speaker
08-05 17:39:30.967 22981 23005 I art     : Starting a blocking GC Explicit
08-05 17:39:31.007 22981 23005 I art     : Explicit concurrent mark sweep GC freed 1840(97KB) AllocSpace objects, 1(20KB) LOS objects, 37% free, 26MB/42MB, paused 580us total 39.981ms
08-05 17:39:31.022 22981 23005 I art     : Starting a blocking GC Explicit
08-05 17:39:31.062 22981 23005 I art     : Explicit concurrent mark sweep GC freed 223(16KB) AllocSpace objects, 0(0B) LOS objects, 37% free, 26MB/42MB, paused 522us total 39.760ms
08-05 17:39:31.077 22981 23005 I art     : Starting a blocking GC Explicit
08-05 17:39:31.116 22981 23005 I art     : Explicit concurrent mark sweep GC freed 8(256B) AllocSpace objects, 0(0B) LOS objects, 37% free, 26MB/42MB, paused 537us total 39.034ms
08-05 17:39:31.131 22981 23005 I art     : Starting a blocking GC Explicit
08-05 17:39:31.171 22981 23005 I art     : Explicit concurrent mark sweep GC freed 11(352B) AllocSpace objects, 0(0B) LOS objects, 37% free, 26MB/42MB, paused 494us total 39.612ms
08-05 17:39:31.186 22981 23005 I art     : Starting a blocking GC Explicit
08-05 17:39:31.225 22981 23005 I art     : Explicit concurrent mark sweep GC freed 9(288B) AllocSpace objects, 0(0B) LOS objects, 37% free, 26MB/42MB, paused 501us total 38.321ms
08-05 17:39:31.269 13866 13866 I GoogleInputMethodServic: GoogleInputMethodService.onFinishInput():3138 
08-05 17:39:31.270 13866 13866 I GoogleInputMethodServic: GoogleInputMethodService.onStartInput():1808 
08-05 17:39:31.400   512  2967 D audio_hw_primary: disable_audio_route: reset and update mixer path: low-latency-playback speaker
08-05 17:39:31.403   512  2967 D audio_hw_primary: disable_snd_device: snd_device(2: speaker)
08-05 17:39:31.413   512  2967 I soundtrigger: audio_extn_sound_trigger_update_device_status: device 0x2 of type 0 for Event 0
08-05 17:39:31.568 22981 22993 I art     : Starting a blocking GC Explicit
08-05 17:39:31.622 22981 22993 I art     : Explicit concurrent mark sweep GC freed 1366(78KB) AllocSpace objects, 1(20KB) LOS objects, 37% free, 26MB/42MB, paused 507us total 53.582ms
08-05 17:39:31.643 22981 22993 I art     : Starting a blocking GC Explicit
08-05 17:39:31.687 22981 22993 I art     : Explicit concurrent mark sweep GC freed 28(944B) AllocSpace objects, 0(0B) LOS objects, 37% free, 26MB/42MB, paused 538us total 43.762ms
08-05 17:39:31.703 22981 22993 I art     : Starting a blocking GC Explicit
08-05 17:39:31.748 22981 22993 I art     : Explicit concurrent mark sweep GC freed 9(288B) AllocSpace objects, 0(0B) LOS objects, 37% free, 26MB/42MB, paused 784us total 44.019ms
08-05 17:39:31.766 22981 22993 I art     : Starting a blocking GC Explicit
08-05 17:39:31.804 22981 22993 I art     : Explicit concurrent mark sweep GC freed 11(352B) AllocSpace objects, 0(0B) LOS objects, 37% free, 26MB/42MB, paused 482us total 38.177ms
08-05 17:39:31.819 22981 22993 I art     : Starting a blocking GC Explicit
08-05 17:39:31.857 22981 22993 I art     : Explicit concurrent mark sweep GC freed 9(288B) AllocSpace objects, 0(0B) LOS objects, 37% free, 26MB/42MB, paused 562us total 37.807ms
08-05 17:39:32.194 22981 22994 I art     : Starting a blocking GC Explicit
08-05 17:39:32.246 22981 22994 I art     : Explicit concurrent mark sweep GC freed 1339(77KB) AllocSpace objects, 1(20KB) LOS objects, 37% free, 26MB/42MB, paused 603us total 51.033ms
08-05 17:39:32.263 22981 22994 I art     : Starting a blocking GC Explicit
08-05 17:39:32.307 22981 22994 I art     : Explicit concurrent mark sweep GC freed 26(880B) AllocSpace objects, 0(0B) LOS objects, 37% free, 26MB/42MB, paused 492us total 42.814ms
08-05 17:39:32.323 22981 22994 I art     : Starting a blocking GC Explicit
08-05 17:39:32.369 22981 22994 I art     : Explicit concurrent mark sweep GC freed 9(288B) AllocSpace objects, 0(0B) LOS objects, 37% free, 26MB/42MB, paused 604us total 45.223ms
08-05 17:39:32.386 22981 22994 I art     : Starting a blocking GC Explicit
08-05 17:39:32.429 22981 22994 I art     : Explicit concurrent mark sweep GC freed 12(384B) AllocSpace objects, 0(0B) LOS objects, 37% free, 26MB/42MB, paused 754us total 42.568ms
08-05 17:39:32.447 22981 22994 I art     : Starting a blocking GC Explicit
08-05 17:39:32.492 22981 22994 I art     : Explicit concurrent mark sweep GC freed 14(448B) AllocSpace objects, 0(0B) LOS objects, 37% free, 26MB/42MB, paused 502us total 45.110ms
08-05 17:39:32.858 22981 22993 I art     : Starting a blocking GC Explicit
08-05 17:39:32.900   518   646 I ThermalEngine: ACTION: GPU - Setting GPU[0] to 390000000
08-05 17:39:32.926 22981 22993 I art     : Explicit concurrent mark sweep GC freed 1348(77KB) AllocSpace objects, 1(20KB) LOS objects, 37% free, 26MB/42MB, paused 1.260ms total 66.477ms
08-05 17:39:32.958 22981 22993 I art     : Starting a blocking GC Explicit
08-05 17:39:33.012 22981 22993 I art     : Explicit concurrent mark sweep GC freed 18(624B) AllocSpace objects, 0(0B) LOS objects, 37% free, 26MB/42MB, paused 840us total 53.634ms
08-05 17:39:33.037 22981 22993 I art     : Starting a blocking GC Explicit
08-05 17:39:33.091 22981 22993 I art     : Explicit concurrent mark sweep GC freed 3(96B) AllocSpace objects, 0(0B) LOS objects, 37% free, 26MB/42MB, paused 772us total 54.365ms
08-05 17:39:33.116 22981 22993 I art     : Starting a blocking GC Explicit
08-05 17:39:33.170 22981 22993 I art     : Explicit concurrent mark sweep GC freed 3(96B) AllocSpace objects, 0(0B) LOS objects, 37% free, 26MB/42MB, paused 825us total 53.541ms
08-05 17:39:33.195 22981 22993 I art     : Starting a blocking GC Explicit
08-05 17:39:33.253 22981 22993 I art     : Explicit concurrent mark sweep GC freed 3(96B) AllocSpace objects, 0(0B) LOS objects, 37% free, 26MB/42MB, paused 871us total 57.451ms
08-05 17:39:33.672 22981 23005 I art     : Starting a blocking GC Explicit
08-05 17:39:33.728 22981 23005 I art     : Explicit concurrent mark sweep GC freed 1293(75KB) AllocSpace objects, 1(20KB) LOS objects, 37% free, 26MB/42MB, paused 727us total 55.294ms
08-05 17:39:33.758 22981 23005 I art     : Starting a blocking GC Explicit
08-05 17:39:33.812 22981 23005 I art     : Explicit concurrent mark sweep GC freed 18(624B) AllocSpace objects, 0(0B) LOS objects, 37% free, 26MB/42MB, paused 771us total 53.370ms
08-05 17:39:33.837 22981 23005 I art     : Starting a blocking GC Explicit
08-05 17:39:33.890 22981 23005 I art     : Explicit concurrent mark sweep GC freed 3(96B) AllocSpace objects, 0(0B) LOS objects, 37% free, 26MB/42MB, paused 784us total 52.937ms
08-05 17:39:33.914 22981 23005 I art     : Starting a blocking GC Explicit
08-05 17:39:33.968 22981 23005 I art     : Explicit concurrent mark sweep GC freed 3(96B) AllocSpace objects, 0(0B) LOS objects, 37% free, 26MB/42MB, paused 874us total 53.564ms
08-05 17:39:33.993 22981 23005 I art     : Starting a blocking GC Explicit
08-05 17:39:34.046 22981 23005 I art     : Explicit concurrent mark sweep GC freed 3(96B) AllocSpace objects, 0(0B) LOS objects, 37% free, 26MB/42MB, paused 713us total 52.710ms
08-05 17:39:34.421 22981 23212 I art     : Starting a blocking GC Explicit
08-05 17:39:34.490 22981 23212 I art     : Explicit concurrent mark sweep GC freed 1293(75KB) AllocSpace objects, 1(20KB) LOS objects, 37% free, 26MB/42MB, paused 763us total 68.523ms
08-05 17:39:34.515 22981 23212 I art     : Starting a blocking GC Explicit
08-05 17:39:34.569 22981 23212 I art     : Explicit concurrent mark sweep GC freed 18(624B) AllocSpace objects, 0(0B) LOS objects, 37% free, 26MB/42MB, paused 934us total 53.714ms
08-05 17:39:34.599 22981 23212 I art     : Starting a blocking GC Explicit
08-05 17:39:34.655 22981 23212 I art     : Explicit concurrent mark sweep GC freed 3(96B) AllocSpace objects, 0(0B) LOS objects, 37% free, 26MB/42MB, paused 927us total 55.799ms
08-05 17:39:34.685 22981 23212 I art     : Starting a blocking GC Explicit
08-05 17:39:34.738 22981 23212 I art     : Explicit concurrent mark sweep GC freed 3(96B) AllocSpace objects, 0(0B) LOS objects, 37% free, 26MB/42MB, paused 905us total 52.818ms
08-05 17:39:34.763 22981 23212 I art     : Starting a blocking GC Explicit
08-05 17:39:34.816 22981 23212 I art     : Explicit concurrent mark sweep GC freed 3(96B) AllocSpace objects, 0(0B) LOS objects, 37% free, 26MB/42MB, paused 873us total 53.145ms
08-05 17:39:34.901   518   646 I ThermalEngine: ACTION: GPU - Setting GPU[0] to 450000000
08-05 17:39:35.166 22981 22994 I art     : Starting a blocking GC Explicit
08-05 17:39:35.210 22981 22994 I art     : Explicit concurrent mark sweep GC freed 1293(75KB) AllocSpace objects, 1(20KB) LOS objects, 37% free, 26MB/42MB, paused 560us total 43.137ms
08-05 17:39:35.226 22981 22994 I art     : Starting a blocking GC Explicit
08-05 17:39:35.271 22981 22994 I art     : Explicit concurrent mark sweep GC freed 18(624B) AllocSpace objects, 0(0B) LOS objects, 37% free, 26MB/42MB, paused 575us total 44.858ms
08-05 17:39:35.287 22981 22994 I art     : Starting a blocking GC Explicit
08-05 17:39:35.332 22981 22994 I art     : Explicit concurrent mark sweep GC freed 3(96B) AllocSpace objects, 0(0B) LOS objects, 37% free, 26MB/42MB, paused 574us total 45.005ms
08-05 17:39:35.349 22981 22994 I art     : Starting a blocking GC Explicit
08-05 17:39:35.394 22981 22994 I art     : Explicit concurrent mark sweep GC freed 3(96B) AllocSpace objects, 0(0B) LOS objects, 37% free, 26MB/42MB, paused 535us total 45.061ms
08-05 17:39:35.410 22981 22994 I art     : Starting a blocking GC Explicit
08-05 17:39:35.456 22981 22994 I art     : Explicit concurrent mark sweep GC freed 3(96B) AllocSpace objects, 0(0B) LOS objects, 37% free, 26MB/42MB, paused 587us total 45.741ms
08-05 17:39:35.541  5179  5194 D QcrilMsgTunnelSocket: readRilMessage: Buffer = [B@671e81d HexData = [010000000404000011000000514f454d484f4f4bef0308000100000003]
08-05 17:39:35.541  5179  5194 D QcrilMsgTunnelSocket: Rcvd UNSOL response with 28 bytes data for SUB0
08-05 17:39:35.541  5179  5194 D QcrilMsgTunnelSocket: Response ID 525295 is not served in this process.
08-05 17:39:35.541  5179  5194 D QcrilMsgTunnelSocket: To broadcast an Intent via the notifier to external apps
08-05 17:39:35.542  5179  5179 D QcrilMsgTunnelIfaceManager: handleMessage what = 0
08-05 17:39:35.542  5179  5179 D QcrilMsgTunnelIfaceManager: Broadcasting intent ACTION_UNSOL_RESPONSE_OEM_HOOK_RAW
08-05 17:39:35.543  5164  5164 D QC_RIL_OEM_HOOK: Received Broadcast Intent ACTION_UNSOL_RESPONSE_OEM_HOOK_RAW
08-05 17:39:35.544  5164  5164 D QC_RIL_OEM_HOOK: Oem ID in QCRILHOOK UNSOL RESP is QOEMHOOK
08-05 17:39:35.671 24519 24519 D AndroidRuntime: >>>>>> START com.android.internal.os.RuntimeInit uid 2000 <<<<<<
08-05 17:39:35.678 24519 24519 D AndroidRuntime: CheckJNI is OFF
08-05 17:39:35.719 24519 24519 D ICU     : No timezone override file found: /data/misc/zoneinfo/current/icu/icu_tzdata.dat
08-05 17:39:35.762 24519 24519 I Radio-JNI: register_android_hardware_Radio DONE
08-05 17:39:35.791 24519 24519 D AndroidRuntime: Calling main entry com.android.commands.am.Am
08-05 17:39:35.798 16924 16924 I Trepn   : Trepn 6.2s: Received intent: com.quicinc.trepn.stop_profiling
08-05 17:39:35.805 22981 22993 I art     : Starting a blocking GC Explicit
08-05 17:39:35.846 16924 16924 I Trepn   : Trepn 6.2s: Trepn has Stopped Profiling.
08-05 17:39:35.847 22981 22993 I art     : Explicit concurrent mark sweep GC freed 1293(75KB) AllocSpace objects, 1(20KB) LOS objects, 37% free, 26MB/42MB, paused 516us total 41.501ms
08-05 17:39:35.863 22981 22993 I art     : Starting a blocking GC Explicit
08-05 17:39:35.903 22981 22993 I art     : Explicit concurrent mark sweep GC freed 18(624B) AllocSpace objects, 0(0B) LOS objects, 37% free, 26MB/42MB, paused 546us total 40.148ms
08-05 17:39:35.919 22981 22993 I art     : Starting a blocking GC Explicit
08-05 17:39:35.960 22981 22993 I art     : Explicit concurrent mark sweep GC freed 3(96B) AllocSpace objects, 0(0B) LOS objects, 37% free, 26MB/42MB, paused 502us total 40.961ms
08-05 17:39:35.968 24519 24519 D AndroidRuntime: Shutting down VM
08-05 17:39:35.974   918  3961 W AppOps  : Finishing op nesting under-run: uid 10078 pkg com.quicinc.trepn code 24 time=0 duration=0 nesting=0
08-05 17:39:35.976 22981 22993 I art     : Starting a blocking GC Explicit
08-05 17:39:36.013 22981 22993 I art     : Explicit concurrent mark sweep GC freed 3(96B) AllocSpace objects, 0(0B) LOS objects, 37% free, 26MB/42MB, paused 491us total 35.814ms
08-05 17:39:36.027 22981 22993 I art     : Starting a blocking GC Explicit
08-05 17:39:36.063 22981 22993 I art     : Explicit concurrent mark sweep GC freed 3(96B) AllocSpace objects, 0(0B) LOS objects, 37% free, 26MB/42MB, paused 517us total 36.076ms
08-05 17:39:36.409 22981 23005 I art     : Starting a blocking GC Explicit
08-05 17:39:36.452 22981 23005 I art     : Explicit concurrent mark sweep GC freed 1293(75KB) AllocSpace objects, 1(20KB) LOS objects, 37% free, 26MB/42MB, paused 548us total 42.530ms
08-05 17:39:36.469 22981 23005 I art     : Starting a blocking GC Explicit
08-05 17:39:36.509 22981 23005 I art     : Explicit concurrent mark sweep GC freed 18(624B) AllocSpace objects, 0(0B) LOS objects, 37% free, 26MB/42MB, paused 553us total 39.865ms
08-05 17:39:36.525 22981 23005 I art     : Starting a blocking GC Explicit
08-05 17:39:36.567 22981 23005 I art     : Explicit concurrent mark sweep GC freed 3(96B) AllocSpace objects, 0(0B) LOS objects, 37% free, 26MB/42MB, paused 583us total 41.421ms
08-05 17:39:36.583 22981 23005 I art     : Starting a blocking GC Explicit
08-05 17:39:36.625 22981 23005 I art     : Explicit concurrent mark sweep GC freed 3(96B) AllocSpace objects, 0(0B) LOS objects, 37% free, 26MB/42MB, paused 549us total 41.489ms
08-05 17:39:36.641 22981 23005 I art     : Starting a blocking GC Explicit
08-05 17:39:36.682 22981 23005 I art     : Explicit concurrent mark sweep GC freed 3(96B) AllocSpace objects, 0(0B) LOS objects, 37% free, 26MB/42MB, paused 523us total 41.245ms
