--------- beginning of main
08-05 21:50:11.614  3784  3784 D CarrierServiceBindHelper: Receive action: android.intent.action.PACKAGE_REMOVED
08-05 21:50:11.637   918  6110 I AccountManagerService: getTypesVisibleToCaller: isPermitted? true
08-05 21:50:11.644 15866 15866 I Finsky  : [1] uah.a(18): PackageMonitorReceiverImpl - Received: android.intent.action.PACKAGE_REMOVED, [jsPREe6yOOhrMreoEvcpPvP36yUmihacpIgcKsaLph8]
08-05 21:50:11.644 15866 15866 I Finsky  : [1] ubi.d(9): Invalidating cached PackageState for baseline.com.ak.uobtimetable
08-05 21:50:11.646   918  4400 I AccountManagerService: getTypesVisibleToCaller: isPermitted? true
08-05 21:50:11.648 24365 14058 I Fitness : FitCleanupIntentOperation received Intent android.intent.action.PACKAGE_REMOVED [CONTEXT service_id=17 ]
08-05 21:50:11.649 15866 15866 I Finsky  : [1] lzi.c(2): Frosting ID looked up on UI thread. Caller should move to a background thread.
08-05 21:50:11.658 15866 15866 I Finsky  : [1] nqb.c(3): Installer: package baseline.com.ak.uobtimetable was removed. replacing: true
08-05 21:50:11.659 15866 15866 I Finsky  : [1] nra.a(188): Installer: Notifying status update. package=baseline.com.ak.uobtimetable, status=UNINSTALLED
08-05 21:50:11.664  3784  3784 D CarrierServiceBindHelper: Receive action: android.intent.action.PACKAGE_ADDED
08-05 21:50:11.665  3784  3784 D CarrierServiceBindHelper: Receive action: android.intent.action.PACKAGE_REPLACED
08-05 21:50:11.665  3784  3784 D CarrierServiceBindHelper: mHandler: 3
08-05 21:50:11.665  3784  3784 D CarrierServiceBindHelper: mHandler: 3
08-05 21:50:11.665  3784  3784 D CarrierServiceBindHelper: mHandler: 3
08-05 21:50:11.666  3784  3784 D CarrierConfigLoader: mHandler: 9 phoneId: 0
08-05 21:50:11.668 15866 14004 I Finsky  : [6388] ejf.a(-1): Cancelled 0 ongoing asset module downloads for package baseline.com.ak.uobtimetable due to a concurrent app update.
08-05 21:50:11.671 15866 15866 I Finsky  : [1] lzi.c(2): Frosting ID looked up on UI thread. Caller should move to a background thread.
08-05 21:50:11.673 15866 13994 I Finsky  : [6386] lyv.run(-1): Wrote row to frosting DB: 2984
08-05 21:50:11.683 15866 15866 I Finsky  : [1] nra.a(220): Installer: found apps to install. isMultiUserMode=false, apps=[]
08-05 21:50:11.686 15866 16054 I Finsky  : [6134] odj.b(52): IQ: Notifying installation update. package=baseline.com.ak.uobtimetable, status=UNINSTALLED
08-05 21:50:11.689 15866 13998 I Finsky  : [6387] gzn.a(-1): [ContentSync] finished, scheduled=false
08-05 21:50:11.691   918  3261 D WifiStateMachine: starting scan for "H369AA63323"WPA_PSK with 2412,5180
08-05 21:50:11.696   918   927 I art     : Background partial concurrent mark sweep GC freed 23581(1645KB) AllocSpace objects, 0(0B) LOS objects, 18% free, 69MB/85MB, paused 1.322ms total 172.997ms
08-05 21:50:11.717 24577 14065 I Auth    : [SupervisedAccountIntentOperation] onHandleIntent(): android.intent.action.PACKAGE_ADDED
08-05 21:50:11.718 24577 14062 I ChromeSync: [Sync,SyncIntentOperation] Handling the intent: Intent { act=android.intent.action.PACKAGE_ADDED dat=package:baseline.com.ak.uobtimetable flg=0x4000010 cmp=com.google.android.gms/.chimera.GmsIntentOperationService (has extras) }.
--------- beginning of system
08-05 21:50:11.723   918  5481 W ActivityManager: Unable to start service Intent { act=com.google.android.gms.auth.key.retrieval.service.START pkg=com.google.android.gms } U=0: not found
08-05 21:50:11.737 15866 13994 I Finsky  : [6386] lyv.run(-1): Wrote row to frosting DB: 2985
08-05 21:50:11.740   918  5132 W ActivityManager: Unbind failed: could not find connection for android.os.BinderProxy@6f7d331
08-05 21:50:11.741 24577 24621 E GmsClient: unable to connect to service: com.google.android.gms.auth.key.retrieval.service.START on com.google.android.gms
08-05 21:50:11.751 15866 16054 I Finsky  : [6134] odj.b(40): IQ: No matching installs to run for jobs: []
08-05 21:50:11.773   918  5132 I AccountManagerService: getTypesVisibleToCaller: isPermitted? true
08-05 21:50:11.774 24577 14062 I ChromeSync: [Persistence,AffiliationManager] One of affiliation or grouping data for android://bz0hZa4nAJEtd0n5sRlXG7KAqctUMWVefv7Ki4mh1p6slZ9YO-n9gS9j8m9YCrsIyI2wIxrDHraumF9Y6pBLTA==@baseline.com.ak.uobtimetable/ was not found. Marking affiliation data as stale...
08-05 21:50:11.775 15866 15866 I Finsky  : [1] uah.a(18): PackageMonitorReceiverImpl - Received: android.intent.action.PACKAGE_ADDED, [jsPREe6yOOhrMreoEvcpPvP36yUmihacpIgcKsaLph8]
08-05 21:50:11.775 15866 15866 I Finsky  : [1] ubi.d(9): Invalidating cached PackageState for baseline.com.ak.uobtimetable
08-05 21:50:11.779 15866 15866 I Finsky  : [1] lzi.c(2): Frosting ID looked up on UI thread. Caller should move to a background thread.
08-05 21:50:11.785 15866 13998 I Finsky  : [6387] gzn.a(-1): [ContentSync] finished, scheduled=false
08-05 21:50:11.787 15866 15866 I Finsky  : [1] agsx.a(4): Do not start WearSupportService due to Wear service optimization
08-05 21:50:11.792 15866 14004 I Finsky  : [6388] ejc.a(-1): Asset module broadcast after update successful for package baseline.com.ak.uobtimetable. 0 sessions broadcast.
08-05 21:50:11.793 24577 13336 I Icing   : IndexChimeraService.getServiceInterface callingPackage=com.google.android.gms componentName=AppsCorpus serviceId=36
08-05 21:50:11.794 15866 15866 I Finsky  : [1] lzi.c(2): Frosting ID looked up on UI thread. Caller should move to a background thread.
08-05 21:50:11.800   918  3670 I AccountManagerService: getTypesVisibleToCaller: isPermitted? true
08-05 21:50:11.809 24577 31546 W Icing   : No valid account for uploading user actions
08-05 21:50:11.818 24577 14065 I FontLog : Package baseline.com.ak.uobtimetable has no metadata [CONTEXT service_id=132 ]
08-05 21:50:11.841 15866 13994 I Finsky  : [6386] lyv.run(-1): Wrote row to frosting DB: 2986
08-05 21:50:11.843   918  3714 I AccountManagerService: getTypesVisibleToCaller: isPermitted? true
08-05 21:50:11.850 24577 13336 I Icing   : IndexChimeraService.getServiceInterface callingPackage=com.google.android.gms componentName=null serviceId=30
08-05 21:50:11.857 24577 31546 I Icing   : Usage reports ok 0, Failed Usage reports 0, indexed 0, rejected 0
08-05 21:50:11.878 15866 13994 I Finsky  : [6386] lyv.run(-1): Wrote row to frosting DB: 2987
08-05 21:50:11.882 24577 31546 W Icing   : No valid account for uploading user actions
08-05 21:50:11.892 24577 31546 I Icing   : Usage reports ok 0, Failed Usage reports 0, indexed 0, rejected 0
08-05 21:50:11.893 24577 31546 I Icing   : Indexing com.google.android.gms-internal.3p:MobileApplication from com.google.android.gms using seqno 763
08-05 21:50:11.895 24577 31546 I Icing   : Indexing com.google.android.gms-internal.3p:MobileApplication from com.google.android.gms using seqno 763
08-05 21:50:12.169 14078 14078 D AndroidRuntime: >>>>>> START com.android.internal.os.RuntimeInit uid 2000 <<<<<<
08-05 21:50:12.174 14078 14078 D AndroidRuntime: CheckJNI is OFF
08-05 21:50:12.206 14078 14078 D ICU     : No timezone override file found: /data/misc/zoneinfo/current/icu/icu_tzdata.dat
08-05 21:50:12.238 14078 14078 I Radio-JNI: register_android_hardware_Radio DONE
08-05 21:50:12.257 14078 14078 D AndroidRuntime: Calling main entry com.android.commands.monkey.Monkey
08-05 21:50:12.273   918   931 W BroadcastQueue: Skipping deliver [background] BroadcastRecord{f2265f0 u-1 android.net.conn.CONNECTIVITY_CHANGE} to ReceiverList{454b769 14078 (unknown name)/2000/u-1 remote:6eeb1a2}: process crashing
08-05 21:50:12.284   918  6029 I ActivityManager: START u0 {act=android.intent.action.MAIN cat=[android.intent.category.LAUNCHER] flg=0x10200000 cmp=baseline.com.ak.uobtimetable/.MainActivity} from uid 2000 on display 0
08-05 21:50:12.322 14088 14088 I art     : Late-enabling -Xcheck:jni
08-05 21:50:12.327   918  3714 I ActivityManager: Start proc 14088:baseline.com.ak.uobtimetable/u0a684 for activity baseline.com.ak.uobtimetable/.MainActivity
08-05 21:50:12.348 14078 14078 I art     : System.exit called, status: 0
08-05 21:50:12.348 14078 14078 I AndroidRuntime: VM exiting with result code 0.
08-05 21:50:12.394 14088 14088 W System  : ClassLoader referenced unknown path: /data/app/baseline.com.ak.uobtimetable-1/lib/arm64
08-05 21:50:12.400 16458 19558 I PBSessionCacheImpl: Deleted sessionId[72384646105454640] from persistence.
08-05 21:50:12.403 16458 16488 W SearchServiceCore: Abort, client detached.
08-05 21:50:12.404 16458 16488 I MicroDetectionState: Should stop hotword detection immediately - true
08-05 21:50:12.407 14088 14088 E Application: Can't init Bugsnag - No key
08-05 21:50:12.407 14088 14088 E Application: java.lang.Exception: Can't init Bugsnag - No key
08-05 21:50:12.407 14088 14088 E Application: 	at baseline.com.ak.uobtimetable.Utilities.Logging.Logger.error(Logger.java:79)
08-05 21:50:12.407 14088 14088 E Application: 	at baseline.com.ak.uobtimetable.MyApplication.onCreate(MyApplication.java:52)
08-05 21:50:12.407 14088 14088 E Application: 	at android.app.Instrumentation.callApplicationOnCreate(Instrumentation.java:1013)
08-05 21:50:12.407 14088 14088 E Application: 	at android.app.ActivityThread.handleBindApplication(ActivityThread.java:4707)
08-05 21:50:12.407 14088 14088 E Application: 	at android.app.ActivityThread.-wrap1(ActivityThread.java)
08-05 21:50:12.407 14088 14088 E Application: 	at android.app.ActivityThread$H.handleMessage(ActivityThread.java:1405)
08-05 21:50:12.407 14088 14088 E Application: 	at android.os.Handler.dispatchMessage(Handler.java:102)
08-05 21:50:12.407 14088 14088 E Application: 	at android.os.Looper.loop(Looper.java:148)
08-05 21:50:12.407 14088 14088 E Application: 	at android.app.ActivityThread.main(ActivityThread.java:5417)
08-05 21:50:12.407 14088 14088 E Application: 	at java.lang.reflect.Method.invoke(Native Method)
08-05 21:50:12.407 14088 14088 E Application: 	at com.android.internal.os.ZygoteInit$MethodAndArgsCaller.run(ZygoteInit.java:726)
08-05 21:50:12.407 14088 14088 E Application: 	at com.android.internal.os.ZygoteInit.main(ZygoteInit.java:616)
08-05 21:50:12.410 14088 14088 I Application: API level: 23
08-05 21:50:12.411 14088 14088 I Application: API level name: M
08-05 21:50:12.412 14088 14088 I Application: Target API level: 29
08-05 21:50:12.412 14088 14088 I Application: Git commit hash: d26bf1fa
08-05 21:50:12.412 14088 14088 I Application: Git branch: master
08-05 21:50:12.412 14088 14088 I Application: Build type: Debug
08-05 21:50:12.417 14088 14088 I Application: Build keys: Release
08-05 21:50:12.417 14088 14088 I Application: Version code: 21
08-05 21:50:12.418 14088 14088 I Application: Version name: 2.5
08-05 21:50:12.418 14088 14088 I Application: Build date: 22:30 03/08/20
08-05 21:50:12.418 14088 14088 I Application: Package update date: 00:38 05/08/20
08-05 21:50:12.419 14088 14088 I SettingsManager: Getting int: launchCount
08-05 21:50:12.419 14088 14088 I SettingsManager: Setting int: launchCount
08-05 21:50:12.429   918  6110 W BackupManagerService: dataChanged but no participant pkg='baseline.com.ak.uobtimetable' uid=10684
08-05 21:50:12.429 14088 14088 I Application: Launch count: 1
08-05 21:50:12.430 14088 14088 I Application: Network: TYPE_WIFI
08-05 21:50:12.431 14088 14088 I Application: Tablet layout: false
08-05 21:50:12.442 14088 14088 W art     : Before Android 4.1, method android.graphics.PorterDuffColorFilter androidx.vectordrawable.graphics.drawable.VectorDrawableCompat.updateTintFilter(android.graphics.PorterDuffColorFilter, android.content.res.ColorStateList, android.graphics.PorterDuff$Mode) would have incorrectly overridden the package-private method in android.graphics.drawable.Drawable
08-05 21:50:12.455 14088 14088 I art     : Rejecting re-init on previously-failed class java.lang.Class<androidx.core.view.ViewCompat$OnUnhandledKeyEventListenerWrapper>
08-05 21:50:12.455 14088 14088 I art     : Rejecting re-init on previously-failed class java.lang.Class<androidx.core.view.ViewCompat$OnUnhandledKeyEventListenerWrapper>
08-05 21:50:12.521 14088 14088 D MainActivity: onCreate
08-05 21:50:12.521 14088 14088 I SettingsManager: Getting string: savedSessions
08-05 21:50:12.522 14088 14088 I Settings: No saved sessions
08-05 21:50:12.555 14088 14088 I SettingsManager: Getting string: savedCourse
08-05 21:50:12.557   918  3961 I ActivityManager: START u0 {flg=0x14000000 cmp=baseline.com.ak.uobtimetable/.WelcomeActivity} from uid 10684 on display 0
08-05 21:50:12.571 14088 14088 D MainActivity: OnResume
08-05 21:50:12.579 14088 14103 D OpenGLRenderer: Use EGL_SWAP_BEHAVIOR_PRESERVED: true
08-05 21:50:12.589 14088 14088 D MainActivity: OnPause
08-05 21:50:12.746 14088 14103 I Adreno  : QUALCOMM build                   : fcf4852, I1af360237c
08-05 21:50:12.746 14088 14103 I Adreno  : Build Date                       : 09/23/15
08-05 21:50:12.746 14088 14103 I Adreno  : OpenGL ES Shader Compiler Version: XE031.05.13.02
08-05 21:50:12.746 14088 14103 I Adreno  : Local Branch                     : mybranch14465806
08-05 21:50:12.746 14088 14103 I Adreno  : Remote Branch                    : quic/LA.BF64.1.2.9_v2
08-05 21:50:12.746 14088 14103 I Adreno  : Remote Branch                    : NONE
08-05 21:50:12.746 14088 14103 I Adreno  : Reconstruct Branch               : NOTHING
08-05 21:50:12.753 14088 14103 I OpenGLRenderer: Initialized EGL, version 1.4
08-05 21:50:12.861 24577 14010 I Icing   : Indexing com.google.android.gms-apps from com.google.android.gms
08-05 21:50:12.934 24577 14010 I Icing   : Indexing done com.google.android.gms-apps
08-05 21:50:12.960   918   936 I ActivityManager: Displayed baseline.com.ak.uobtimetable/.WelcomeActivity: +370ms (total +658ms)
08-05 21:50:12.965 13866 13866 I GoogleInputMethodServic: GoogleInputMethodService.onFinishInput():3138 
08-05 21:50:12.966 13866 13866 I GoogleInputMethodServic: GoogleInputMethodService.onStartInput():1808 
08-05 21:50:13.130 14088 14088 D MainActivity: Saving state
08-05 21:50:13.305  8696  8696 I ServiceManager: Waiting for service AtCmdFwd...
08-05 21:50:13.970 14119 14119 D AndroidRuntime: >>>>>> START com.android.internal.os.RuntimeInit uid 2000 <<<<<<
08-05 21:50:13.977 14119 14119 D AndroidRuntime: CheckJNI is OFF
08-05 21:50:14.012 14119 14119 D ICU     : No timezone override file found: /data/misc/zoneinfo/current/icu/icu_tzdata.dat
08-05 21:50:14.047 14119 14119 I Radio-JNI: register_android_hardware_Radio DONE
08-05 21:50:14.065 14119 14119 D AndroidRuntime: Calling main entry com.android.commands.am.Am
08-05 21:50:14.080 19822 19822 I Trepn   : Trepn 6.2s: Received intent: com.quicinc.trepn.start_profiling
08-05 21:50:14.209 19822 19822 W FileUtils: Failed to chmod(/storage/emulated/0/trepn/Trepn_2020.08.05_215014.db): android.system.ErrnoException: chmod failed: EPERM (Operation not permitted)
08-05 21:50:14.305  8696  8696 I ServiceManager: Waiting for service AtCmdFwd...
08-05 21:50:14.350 19822 19822 I Trepn   : Trepn 6.2s: Trepn has Started Profiling.
08-05 21:50:14.352 14119 14119 D AndroidRuntime: Shutting down VM
08-05 21:50:14.833 14088 14099 I art     : Starting a blocking GC Explicit
08-05 21:50:14.851 14088 14099 I art     : Explicit concurrent mark sweep GC freed 2579(436KB) AllocSpace objects, 2(1340KB) LOS objects, 40% free, 21MB/36MB, paused 131us total 18.464ms
08-05 21:50:14.862 14088 14099 I art     : Starting a blocking GC Explicit
08-05 21:50:14.876 14088 14099 I art     : Explicit concurrent mark sweep GC freed 356(16KB) AllocSpace objects, 0(0B) LOS objects, 40% free, 21MB/36MB, paused 111us total 12.994ms
08-05 21:50:14.885 14088 14099 I art     : Starting a blocking GC Explicit
08-05 21:50:14.896 14088 14099 I art     : Explicit concurrent mark sweep GC freed 3(96B) AllocSpace objects, 0(0B) LOS objects, 40% free, 21MB/36MB, paused 93us total 10.307ms
08-05 21:50:14.902 14088 14099 I art     : Starting a blocking GC Explicit
08-05 21:50:14.912 14088 14099 I art     : Explicit concurrent mark sweep GC freed 3(96B) AllocSpace objects, 0(0B) LOS objects, 40% free, 21MB/36MB, paused 89us total 10.055ms
08-05 21:50:14.918 14088 14099 I art     : Starting a blocking GC Explicit
08-05 21:50:14.928 14088 14099 I art     : Explicit concurrent mark sweep GC freed 3(96B) AllocSpace objects, 0(0B) LOS objects, 40% free, 21MB/36MB, paused 89us total 10.040ms
08-05 21:50:15.218 14088 14100 I art     : Starting a blocking GC Explicit
08-05 21:50:15.237 14088 14100 I art     : Explicit concurrent mark sweep GC freed 1272(74KB) AllocSpace objects, 1(20KB) LOS objects, 40% free, 21MB/36MB, paused 141us total 18.550ms
08-05 21:50:15.248 14088 14100 I art     : Starting a blocking GC Explicit
08-05 21:50:15.258 14088 14100 I art     : Explicit concurrent mark sweep GC freed 18(624B) AllocSpace objects, 0(0B) LOS objects, 40% free, 21MB/36MB, paused 102us total 10.360ms
08-05 21:50:15.264 14088 14100 I art     : Starting a blocking GC Explicit
08-05 21:50:15.275 14088 14100 I art     : Explicit concurrent mark sweep GC freed 3(96B) AllocSpace objects, 0(0B) LOS objects, 40% free, 21MB/36MB, paused 101us total 10.225ms
08-05 21:50:15.281 14088 14100 I art     : Starting a blocking GC Explicit
08-05 21:50:15.291 14088 14100 I art     : Explicit concurrent mark sweep GC freed 3(96B) AllocSpace objects, 0(0B) LOS objects, 40% free, 21MB/36MB, paused 101us total 9.837ms
08-05 21:50:15.297 14088 14100 I art     : Starting a blocking GC Explicit
08-05 21:50:15.306  8696  8696 I ServiceManager: Waiting for service AtCmdFwd...
08-05 21:50:15.307 14088 14100 I art     : Explicit concurrent mark sweep GC freed 3(96B) AllocSpace objects, 0(0B) LOS objects, 40% free, 21MB/36MB, paused 86us total 10.063ms
08-05 21:50:15.486   918  1209 D NetworkMonitor/NetworkAgentInfo [WIFI () - 159]: Checking http://connectivitycheck.gstatic.com/generate_204 on "H369AA63323", 192.168.2.12=192.168.2.12
08-05 21:50:15.567 14088 14099 I art     : Starting a blocking GC Explicit
08-05 21:50:15.580 14088 14099 I art     : Explicit concurrent mark sweep GC freed 1270(74KB) AllocSpace objects, 1(20KB) LOS objects, 40% free, 21MB/36MB, paused 114us total 13.269ms
08-05 21:50:15.590 14088 14099 I art     : Starting a blocking GC Explicit
08-05 21:50:15.601 14088 14099 I art     : Explicit concurrent mark sweep GC freed 18(624B) AllocSpace objects, 0(0B) LOS objects, 40% free, 21MB/36MB, paused 97us total 10.017ms
08-05 21:50:15.607 14088 14099 I art     : Starting a blocking GC Explicit
08-05 21:50:15.616 14088 14099 I art     : Explicit concurrent mark sweep GC freed 3(96B) AllocSpace objects, 0(0B) LOS objects, 40% free, 21MB/36MB, paused 85us total 9.531ms
08-05 21:50:15.622 14088 14099 I art     : Starting a blocking GC Explicit
08-05 21:50:15.627   918  1209 D NetworkMonitor/NetworkAgentInfo [WIFI () - 159]: Probably not a portal: exception java.io.IOException: unexpected end of stream on Connection{connectivitycheck.gstatic.com:80, proxy=HTTP@/192.168.2.12:8080 hostAddress=192.168.2.12 cipherSuite=none protocol=http/1.1} (recycle count=0)
08-05 21:50:15.628   918  3263 D ConnectivityService: NetworkAgentInfo [WIFI () - 159] validation failed
08-05 21:50:15.629   918  3261 E WifiConfigStore:  rewrite network history for "H369AA63323"WPA_PSK
08-05 21:50:15.632 14088 14099 I art     : Explicit concurrent mark sweep GC freed 3(96B) AllocSpace objects, 0(0B) LOS objects, 40% free, 21MB/36MB, paused 84us total 9.354ms
08-05 21:50:15.637 14088 14099 I art     : Starting a blocking GC Explicit
08-05 21:50:15.647 14088 14099 I art     : Explicit concurrent mark sweep GC freed 3(96B) AllocSpace objects, 0(0B) LOS objects, 40% free, 21MB/36MB, paused 84us total 9.680ms
08-05 21:50:15.930 14088 14100 I art     : Starting a blocking GC Explicit
08-05 21:50:15.945 14088 14100 I art     : Explicit concurrent mark sweep GC freed 1268(74KB) AllocSpace objects, 1(20KB) LOS objects, 40% free, 21MB/36MB, paused 137us total 15.175ms
08-05 21:50:15.954 14088 14100 I art     : Starting a blocking GC Explicit
08-05 21:50:15.965 14088 14100 I art     : Explicit concurrent mark sweep GC freed 18(624B) AllocSpace objects, 0(0B) LOS objects, 40% free, 21MB/36MB, paused 101us total 10.723ms
08-05 21:50:15.971 14088 14100 I art     : Starting a blocking GC Explicit
08-05 21:50:15.981 14088 14100 I art     : Explicit concurrent mark sweep GC freed 3(96B) AllocSpace objects, 0(0B) LOS objects, 40% free, 21MB/36MB, paused 90us total 9.953ms
08-05 21:50:15.987 14088 14100 I art     : Starting a blocking GC Explicit
08-05 21:50:15.998 14088 14100 I art     : Explicit concurrent mark sweep GC freed 3(96B) AllocSpace objects, 0(0B) LOS objects, 40% free, 21MB/36MB, paused 98us total 10.295ms
08-05 21:50:16.003 14088 14100 I art     : Starting a blocking GC Explicit
08-05 21:50:16.013 14088 14100 I art     : Explicit concurrent mark sweep GC freed 3(96B) AllocSpace objects, 0(0B) LOS objects, 40% free, 21MB/36MB, paused 96us total 9.825ms
08-05 21:50:16.306  8696  8696 I ServiceManager: Waiting for service AtCmdFwd...
08-05 21:50:16.324 14088 14099 I art     : Starting a blocking GC Explicit
08-05 21:50:16.337 14088 14099 I art     : Explicit concurrent mark sweep GC freed 1268(74KB) AllocSpace objects, 1(20KB) LOS objects, 40% free, 21MB/36MB, paused 114us total 13.067ms
08-05 21:50:16.344 14088 14099 I art     : Starting a blocking GC Explicit
08-05 21:50:16.355 14088 14099 I art     : Explicit concurrent mark sweep GC freed 18(624B) AllocSpace objects, 0(0B) LOS objects, 40% free, 21MB/36MB, paused 100us total 11.157ms
08-05 21:50:16.362 14088 14099 I art     : Starting a blocking GC Explicit
08-05 21:50:16.372 14088 14099 I art     : Explicit concurrent mark sweep GC freed 3(96B) AllocSpace objects, 0(0B) LOS objects, 40% free, 21MB/36MB, paused 93us total 10.358ms
08-05 21:50:16.378 14088 14099 I art     : Starting a blocking GC Explicit
08-05 21:50:16.388 14088 14099 I art     : Explicit concurrent mark sweep GC freed 3(96B) AllocSpace objects, 0(0B) LOS objects, 40% free, 21MB/36MB, paused 95us total 9.482ms
08-05 21:50:16.393 14088 14099 I art     : Starting a blocking GC Explicit
08-05 21:50:16.404 14088 14099 I art     : Explicit concurrent mark sweep GC freed 3(96B) AllocSpace objects, 0(0B) LOS objects, 40% free, 21MB/36MB, paused 89us total 9.880ms
08-05 21:50:16.518 14193 14193 I art     : Late-enabling -Xcheck:jni
08-05 21:50:16.519   918   918 I ActivityManager: Start proc 14193:nappatfpr.com.newsblur/u0a682 for service nappatfpr.com.newsblur/.service.NBSyncService
08-05 21:50:16.528 15866 15866 I Finsky  : [1] xow.onStartJob(3): SCH: onJobSchedulerWakeup with jobId 9001
08-05 21:50:16.540 15866 15866 I Finsky  : [1] xjw.a(9): Scheduling fallback in 43199990 (absolute: 1854020404)
08-05 21:50:16.546 15866 15866 I Finsky  : [1] xjw.a(9): Scheduling fallback in 64799995 (absolute: 1875620415)
08-05 21:50:16.568 14193 14193 W System  : ClassLoader referenced unknown path: /data/app/nappatfpr.com.newsblur-1/lib/arm64
08-05 21:50:16.654 15866 15866 I Finsky  : [1] xkf.handleMessage(8): SCH: DeviceState: DeviceState{currentTime=1596657016650, isCharging=false, isIdle=false, netAny=true, netNotRoaming=true, netUnmetered=true, batteryPercent=100.0}
08-05 21:50:16.660 15866 13998 I Finsky  : [6387] xmu.a(8): SCH: Jobs in database: 1-1337 3-219 3-220 12-1 26-1414141414 
08-05 21:50:16.663 15866 15866 I Finsky  : [1] xkg.a(16): SCH: Running job: 12-1
08-05 21:50:16.663 15866 15866 I Finsky  : [1] ContentSyncJob.a(16): [ContentSync] job started
08-05 21:50:16.664 15866 15866 I Finsky  : [1] xkf.handleMessage(61): SCH: RunningQueue size: 1, PendingQueue size: 0
08-05 21:50:16.664 15866 15866 I Finsky  : [1] xkf.handleMessage(64): SCH: Running queue: 12-1 
08-05 21:50:16.692 14088 14100 I art     : Starting a blocking GC Explicit
08-05 21:50:16.705 14088 14100 I art     : Explicit concurrent mark sweep GC freed 1268(74KB) AllocSpace objects, 1(20KB) LOS objects, 40% free, 21MB/36MB, paused 117us total 12.203ms
08-05 21:50:16.711 14088 14100 I art     : Starting a blocking GC Explicit
08-05 21:50:16.722 14088 14100 I art     : Explicit concurrent mark sweep GC freed 18(624B) AllocSpace objects, 0(0B) LOS objects, 40% free, 21MB/36MB, paused 102us total 10.688ms
08-05 21:50:16.728 14088 14100 I art     : Starting a blocking GC Explicit
08-05 21:50:16.737 15866 14022 I Finsky  : [6397] dzn.a(22): Completed 0 account content syncs with 0 successful.
08-05 21:50:16.738 15866 15866 I Finsky  : [1] ContentSyncJob.a(1): [ContentSync] Installation state replication succeeded.
08-05 21:50:16.739 14088 14100 I art     : Explicit concurrent mark sweep GC freed 3(96B) AllocSpace objects, 0(0B) LOS objects, 40% free, 21MB/36MB, paused 89us total 10.123ms
08-05 21:50:16.739 15866 15866 I Finsky  : [1] xlr.a(13): SCH: jobFinished: 12-1. TimeElapsed: 76ms.
08-05 21:50:16.739 15866 15866 I Finsky  : [1] xkg.a(36): SCH: Job 12-1 finished. Not rescheduling.
08-05 21:50:16.740 15866 15866 I Finsky  : [1] xkf.handleMessage(61): SCH: RunningQueue size: 0, PendingQueue size: 0
08-05 21:50:16.740 15866 15866 I Finsky  : [1] xkf.handleMessage(25): Executor finished
08-05 21:50:16.744 14088 14100 I art     : Starting a blocking GC Explicit
08-05 21:50:16.754 14088 14100 I art     : Explicit concurrent mark sweep GC freed 3(96B) AllocSpace objects, 0(0B) LOS objects, 40% free, 21MB/36MB, paused 89us total 9.399ms
08-05 21:50:16.754 15866 15866 I Finsky  : [1] xmu.a(8): SCH: Jobs in database: 1-1337 3-219 3-220 26-1414141414 
08-05 21:50:16.756 15866 15866 I Finsky  : [1] xio.a(57): SCH: ConstraintMapping: 1-1337,  -> L: 936160ms, D: 44136160ms, C: false, I: false, N: 1
08-05 21:50:16.756 15866 15866 I Finsky  : [1] xio.a(57): SCH: ConstraintMapping: 3-219,  -> L: 0ms, D: 76146767ms, C: false, I: true, N: 2
08-05 21:50:16.757 15866 15866 I Finsky  : [1] xio.a(57): SCH: ConstraintMapping: 3-220,  -> L: 0ms, D: 76146809ms, C: true, I: true, N: 2
08-05 21:50:16.757 15866 15866 I Finsky  : [1] xio.a(57): SCH: ConstraintMapping: 26-1414141414,  -> L: 5583623ms, D: 6483623ms, C: false, I: false, N: 0
08-05 21:50:16.759 14088 14100 I art     : Starting a blocking GC Explicit
08-05 21:50:16.765 15866 15866 I Finsky  : [1] xle.a(34): Cancelling existing jobscheduler jobs: 9015 9014 9003 9008 9005 9004 9009 
08-05 21:50:16.766 15866 15866 I Finsky  : [1] xle.a(27): Scheduling job Id: 9000, L: 936160, D: 44136160, C: false, I: false, N: 1
08-05 21:50:16.768 15866 15866 I Finsky  : [1] xle.a(10): Throttling wakeup for job 9002 (expected to run in 0 ms) due to recent wakeup
08-05 21:50:16.768 15866 15866 I Finsky  : [1] xle.a(27): Scheduling job Id: 9002, L: 30000, D: 76146767, C: false, I: true, N: 2
08-05 21:50:16.768 14088 14100 I art     : Explicit concurrent mark sweep GC freed 3(96B) AllocSpace objects, 0(0B) LOS objects, 40% free, 21MB/36MB, paused 87us total 9.137ms
08-05 21:50:16.770 15866 15866 I Finsky  : [1] xle.a(10): Throttling wakeup for job 9006 (expected to run in 0 ms) due to recent wakeup
08-05 21:50:16.770 15866 15866 I Finsky  : [1] xle.a(27): Scheduling job Id: 9006, L: 30000, D: 76146809, C: true, I: true, N: 2
08-05 21:50:16.772 15866 15866 I Finsky  : [1] xle.a(27): Scheduling job Id: 9007, L: 5583623, D: 6483623, C: false, I: false, N: 0
08-05 21:50:16.773 15866 15866 I Finsky  : [1] xle.a(27): Scheduling job Id: 9010, L: 936160, D: 44136160, C: false, I: false, N: 1
08-05 21:50:16.774 15866 15866 I Finsky  : [1] xle.a(10): Throttling wakeup for job 9011 (expected to run in 0 ms) due to recent wakeup
08-05 21:50:16.774 15866 15866 I Finsky  : [1] xle.a(27): Scheduling job Id: 9011, L: 30000, D: 76146767, C: false, I: true, N: 2
08-05 21:50:16.776 15866 15866 I Finsky  : [1] xle.a(10): Throttling wakeup for job 9012 (expected to run in 0 ms) due to recent wakeup
08-05 21:50:16.776 15866 15866 I Finsky  : [1] xle.a(27): Scheduling job Id: 9012, L: 30000, D: 76146809, C: true, I: true, N: 2
08-05 21:50:16.778 15866 15866 I Finsky  : [1] xle.a(27): Scheduling job Id: 9013, L: 5583623, D: 6483623, C: false, I: false, N: 0
08-05 21:50:17.050 14088 14099 I art     : Starting a blocking GC Explicit
08-05 21:50:17.067 14088 14099 I art     : Explicit concurrent mark sweep GC freed 1268(74KB) AllocSpace objects, 1(20KB) LOS objects, 40% free, 21MB/36MB, paused 127us total 16.120ms
08-05 21:50:17.076 14088 14099 I art     : Starting a blocking GC Explicit
08-05 21:50:17.090 14088 14099 I art     : Explicit concurrent mark sweep GC freed 18(624B) AllocSpace objects, 0(0B) LOS objects, 40% free, 21MB/36MB, paused 115us total 12.855ms
08-05 21:50:17.098 14088 14099 I art     : Starting a blocking GC Explicit
08-05 21:50:17.109 14088 14099 I art     : Explicit concurrent mark sweep GC freed 3(96B) AllocSpace objects, 0(0B) LOS objects, 40% free, 21MB/36MB, paused 97us total 10.335ms
08-05 21:50:17.115 14088 14099 I art     : Starting a blocking GC Explicit
08-05 21:50:17.125 14088 14099 I art     : Explicit concurrent mark sweep GC freed 3(96B) AllocSpace objects, 0(0B) LOS objects, 40% free, 21MB/36MB, paused 92us total 10.508ms
08-05 21:50:17.131 14088 14099 I art     : Starting a blocking GC Explicit
08-05 21:50:17.142 14088 14099 I art     : Explicit concurrent mark sweep GC freed 3(96B) AllocSpace objects, 0(0B) LOS objects, 40% free, 21MB/36MB, paused 83us total 9.923ms
08-05 21:50:17.307  8696  8696 I ServiceManager: Waiting for service AtCmdFwd...
08-05 21:50:17.436 14088 14100 I art     : Starting a blocking GC Explicit
08-05 21:50:17.449 14088 14100 I art     : Explicit concurrent mark sweep GC freed 1268(74KB) AllocSpace objects, 1(20KB) LOS objects, 40% free, 21MB/36MB, paused 109us total 12.386ms
08-05 21:50:17.455 14088 14100 I art     : Starting a blocking GC Explicit
08-05 21:50:17.466 14088 14100 I art     : Explicit concurrent mark sweep GC freed 18(624B) AllocSpace objects, 0(0B) LOS objects, 40% free, 21MB/36MB, paused 103us total 10.976ms
08-05 21:50:17.472 14088 14100 I art     : Starting a blocking GC Explicit
08-05 21:50:17.483 14088 14100 I art     : Explicit concurrent mark sweep GC freed 3(96B) AllocSpace objects, 0(0B) LOS objects, 40% free, 21MB/36MB, paused 100us total 10.380ms
08-05 21:50:17.489 14088 14100 I art     : Starting a blocking GC Explicit
08-05 21:50:17.499 14088 14100 I art     : Explicit concurrent mark sweep GC freed 3(96B) AllocSpace objects, 0(0B) LOS objects, 40% free, 21MB/36MB, paused 98us total 10.207ms
08-05 21:50:17.506 14088 14100 I art     : Starting a blocking GC Explicit
08-05 21:50:17.516 14088 14100 I art     : Explicit concurrent mark sweep GC freed 3(96B) AllocSpace objects, 0(0B) LOS objects, 40% free, 21MB/36MB, paused 90us total 9.725ms
08-05 21:50:17.821 14088 14099 I art     : Starting a blocking GC Explicit
08-05 21:50:17.837 14088 14099 I art     : Explicit concurrent mark sweep GC freed 1268(74KB) AllocSpace objects, 1(20KB) LOS objects, 40% free, 21MB/36MB, paused 144us total 15.849ms
08-05 21:50:17.847 14088 14099 I art     : Starting a blocking GC Explicit
08-05 21:50:17.858 14088 14099 I art     : Explicit concurrent mark sweep GC freed 18(624B) AllocSpace objects, 0(0B) LOS objects, 40% free, 21MB/36MB, paused 103us total 10.689ms
08-05 21:50:17.865 14088 14099 I art     : Starting a blocking GC Explicit
08-05 21:50:17.875 14088 14099 I art     : Explicit concurrent mark sweep GC freed 3(96B) AllocSpace objects, 0(0B) LOS objects, 40% free, 21MB/36MB, paused 87us total 10.460ms
08-05 21:50:17.881 14088 14099 I art     : Starting a blocking GC Explicit
08-05 21:50:17.891 14088 14099 I art     : Explicit concurrent mark sweep GC freed 3(96B) AllocSpace objects, 0(0B) LOS objects, 40% free, 21MB/36MB, paused 84us total 9.811ms
08-05 21:50:17.897 14088 14099 I art     : Starting a blocking GC Explicit
08-05 21:50:17.907 14088 14099 I art     : Explicit concurrent mark sweep GC freed 3(96B) AllocSpace objects, 0(0B) LOS objects, 40% free, 21MB/36MB, paused 98us total 9.622ms
08-05 21:50:17.966 13866 13882 I PeriodicStatsRunner: PeriodicStatsRunner.call():175 call()
08-05 21:50:17.966 13866 13882 I PeriodicStatsRunner: PeriodicStatsRunner.call():179 No submit PeriodicStats since input started.
08-05 21:50:18.224 14088 14100 I art     : Starting a blocking GC Explicit
08-05 21:50:18.235 14088 14100 I art     : Explicit concurrent mark sweep GC freed 1268(74KB) AllocSpace objects, 1(20KB) LOS objects, 40% free, 21MB/36MB, paused 101us total 10.796ms
08-05 21:50:18.241 14088 14100 I art     : Starting a blocking GC Explicit
08-05 21:50:18.251 14088 14100 I art     : Explicit concurrent mark sweep GC freed 18(624B) AllocSpace objects, 0(0B) LOS objects, 40% free, 21MB/36MB, paused 89us total 9.662ms
08-05 21:50:18.257 14088 14100 I art     : Starting a blocking GC Explicit
08-05 21:50:18.265 14088 14100 I art     : Explicit concurrent mark sweep GC freed 3(96B) AllocSpace objects, 0(0B) LOS objects, 40% free, 21MB/36MB, paused 87us total 8.811ms
08-05 21:50:18.271 14088 14100 I art     : Starting a blocking GC Explicit
08-05 21:50:18.279 14088 14100 I art     : Explicit concurrent mark sweep GC freed 3(96B) AllocSpace objects, 0(0B) LOS objects, 40% free, 21MB/36MB, paused 86us total 8.296ms
08-05 21:50:18.284 14088 14100 I art     : Starting a blocking GC Explicit
08-05 21:50:18.293 14088 14100 I art     : Explicit concurrent mark sweep GC freed 3(96B) AllocSpace objects, 0(0B) LOS objects, 40% free, 21MB/36MB, paused 83us total 8.377ms
08-05 21:50:18.307  8696  8696 W Atfwd_Sendcmd: AtCmdFwd service not published, waiting... retryCnt : 4
08-05 21:50:18.554 14088 14099 I art     : Starting a blocking GC Explicit
08-05 21:50:18.568 14088 14099 I art     : Explicit concurrent mark sweep GC freed 1268(74KB) AllocSpace objects, 1(20KB) LOS objects, 40% free, 21MB/36MB, paused 115us total 13.390ms
08-05 21:50:18.577 14088 14099 I art     : Starting a blocking GC Explicit
08-05 21:50:18.589 14088 14099 I art     : Explicit concurrent mark sweep GC freed 18(624B) AllocSpace objects, 0(0B) LOS objects, 40% free, 21MB/36MB, paused 98us total 11.145ms
08-05 21:50:18.595 14088 14099 I art     : Starting a blocking GC Explicit
08-05 21:50:18.605 14088 14099 I art     : Explicit concurrent mark sweep GC freed 3(96B) AllocSpace objects, 0(0B) LOS objects, 40% free, 21MB/36MB, paused 84us total 9.769ms
08-05 21:50:18.611 14088 14099 I art     : Starting a blocking GC Explicit
08-05 21:50:18.621 14088 14099 I art     : Explicit concurrent mark sweep GC freed 3(96B) AllocSpace objects, 0(0B) LOS objects, 40% free, 21MB/36MB, paused 94us total 10.076ms
08-05 21:50:18.627 14088 14099 I art     : Starting a blocking GC Explicit
08-05 21:50:18.637 14088 14099 I art     : Explicit concurrent mark sweep GC freed 3(96B) AllocSpace objects, 0(0B) LOS objects, 40% free, 21MB/36MB, paused 88us total 9.854ms
08-05 21:50:18.938 14088 14100 I art     : Starting a blocking GC Explicit
08-05 21:50:18.951 14088 14100 I art     : Explicit concurrent mark sweep GC freed 1268(74KB) AllocSpace objects, 1(20KB) LOS objects, 40% free, 21MB/36MB, paused 122us total 12.376ms
08-05 21:50:18.958 14088 14100 I art     : Starting a blocking GC Explicit
08-05 21:50:18.969 14088 14100 I art     : Explicit concurrent mark sweep GC freed 18(624B) AllocSpace objects, 0(0B) LOS objects, 40% free, 21MB/36MB, paused 104us total 10.988ms
08-05 21:50:18.975 14088 14100 I art     : Starting a blocking GC Explicit
08-05 21:50:18.986 14088 14100 I art     : Explicit concurrent mark sweep GC freed 3(96B) AllocSpace objects, 0(0B) LOS objects, 40% free, 21MB/36MB, paused 99us total 10.412ms
08-05 21:50:18.992 14088 14100 I art     : Starting a blocking GC Explicit
08-05 21:50:19.002 14088 14100 I art     : Explicit concurrent mark sweep GC freed 3(96B) AllocSpace objects, 0(0B) LOS objects, 40% free, 21MB/36MB, paused 100us total 10.045ms
08-05 21:50:19.008 14088 14100 I art     : Starting a blocking GC Explicit
08-05 21:50:19.018 14088 14100 I art     : Explicit concurrent mark sweep GC freed 3(96B) AllocSpace objects, 0(0B) LOS objects, 40% free, 21MB/36MB, paused 97us total 9.987ms
08-05 21:50:19.274 14088 14099 I art     : Starting a blocking GC Explicit
08-05 21:50:19.285 14088 14099 I art     : Explicit concurrent mark sweep GC freed 1268(74KB) AllocSpace objects, 1(20KB) LOS objects, 40% free, 21MB/36MB, paused 96us total 10.526ms
08-05 21:50:19.291 14088 14099 I art     : Starting a blocking GC Explicit
08-05 21:50:19.301 14088 14099 I art     : Explicit concurrent mark sweep GC freed 18(624B) AllocSpace objects, 0(0B) LOS objects, 40% free, 21MB/36MB, paused 119us total 10.041ms
08-05 21:50:19.307 14088 14099 I art     : Starting a blocking GC Explicit
08-05 21:50:19.317 14088 14099 I art     : Explicit concurrent mark sweep GC freed 3(96B) AllocSpace objects, 0(0B) LOS objects, 40% free, 21MB/36MB, paused 156us total 9.661ms
08-05 21:50:19.322 14088 14099 I art     : Starting a blocking GC Explicit
08-05 21:50:19.332 14088 14099 I art     : Explicit concurrent mark sweep GC freed 3(96B) AllocSpace objects, 0(0B) LOS objects, 40% free, 21MB/36MB, paused 87us total 9.651ms
08-05 21:50:19.337 14088 14099 I art     : Starting a blocking GC Explicit
08-05 21:50:19.346 14088 14099 I art     : Explicit concurrent mark sweep GC freed 3(96B) AllocSpace objects, 0(0B) LOS objects, 40% free, 21MB/36MB, paused 91us total 8.737ms
08-05 21:50:19.524 14288 14288 D AndroidRuntime: >>>>>> START com.android.internal.os.RuntimeInit uid 2000 <<<<<<
08-05 21:50:19.529 14288 14288 D AndroidRuntime: CheckJNI is OFF
08-05 21:50:19.554 14288 14288 D ICU     : No timezone override file found: /data/misc/zoneinfo/current/icu/icu_tzdata.dat
08-05 21:50:19.567 15866 15897 I Finsky  : [6071] ktr.run(-1): Stats for Executor: BlockingExecutor kvs@43d8fc2[Running, pool size = 1, active threads = 0, queued tasks = 0, completed tasks = 99]
08-05 21:50:19.570 15866 15897 I Finsky  : [6071] ktr.run(-1): Stats for Executor: LightweightExecutor kvs@20f81d3[Running, pool size = 4, active threads = 0, queued tasks = 0, completed tasks = 77]
08-05 21:50:19.577 14288 14288 I Radio-JNI: register_android_hardware_Radio DONE
08-05 21:50:19.593 14288 14288 D AndroidRuntime: Calling main entry com.android.commands.input.Input
08-05 21:50:19.594 14288 14288 I Input   : injectMotionEvent: MotionEvent { action=ACTION_DOWN, actionButton=0, id[0]=0, x[0]=711.0, y[0]=1664.0, toolType[0]=TOOL_TYPE_UNKNOWN, buttonState=0, metaState=0, flags=0x0, edgeFlags=0x0, pointerCount=1, historySize=0, eventTime=827436007, downTime=827436007, deviceId=0, source=0x1002 }
08-05 21:50:19.599 14288 14288 I Input   : injectMotionEvent: MotionEvent { action=ACTION_UP, actionButton=0, id[0]=0, x[0]=711.0, y[0]=1664.0, toolType[0]=TOOL_TYPE_UNKNOWN, buttonState=0, metaState=0, flags=0x0, edgeFlags=0x0, pointerCount=1, historySize=0, eventTime=827436007, downTime=827436007, deviceId=0, source=0x1002 }
08-05 21:50:19.600 14288 14288 D AndroidRuntime: Shutting down VM
08-05 21:50:19.615 14088 14100 I art     : Starting a blocking GC Explicit
08-05 21:50:19.622   512  2967 D audio_hw_primary: out_set_parameters: enter: usecase(1: low-latency-playback) kvpairs: routing=2
08-05 21:50:19.623   918  3670 I ActivityManager: START u0 {flg=0x14000000 cmp=baseline.com.ak.uobtimetable/.CourseListActivity} from uid 10684 on display 0
08-05 21:50:19.629 14088 14100 I art     : Explicit concurrent mark sweep GC freed 1315(80KB) AllocSpace objects, 1(20KB) LOS objects, 40% free, 21MB/36MB, paused 120us total 14.343ms
08-05 21:50:19.635 14088 14100 I art     : Starting a blocking GC Explicit
08-05 21:50:19.635   512  2967 D audio_hw_primary: select_devices: out_snd_device(2: speaker) in_snd_device(0: none)
08-05 21:50:19.635   512  2967 D msm8974_platform: platform_send_audio_calibration: sending audio calibration for snd_device(2) acdb_id(15)
08-05 21:50:19.636   512  2967 I soundtrigger: audio_extn_sound_trigger_update_device_status: device 0x2 of type 0 for Event 1
08-05 21:50:19.647   512  2967 D audio_hw_primary: enable_snd_device: snd_device(2: speaker)
08-05 21:50:19.648 14088 14100 I art     : Explicit concurrent mark sweep GC freed 539(47KB) AllocSpace objects, 0(0B) LOS objects, 40% free, 21MB/36MB, paused 188us total 12.762ms
08-05 21:50:19.649   512  2967 D audio_hw_primary: enable_audio_route: apply and update mixer path: low-latency-playback speaker
08-05 21:50:19.654 14088 14100 I art     : Starting a blocking GC Explicit
08-05 21:50:19.662 14088 14088 D CourseListActivity: onCreate
08-05 21:50:19.668 14088 14100 I art     : Explicit concurrent mark sweep GC freed 1560(103KB) AllocSpace objects, 0(0B) LOS objects, 40% free, 21MB/36MB, paused 666us total 13.605ms
08-05 21:50:19.673 14088 14100 I art     : Starting a blocking GC Explicit
08-05 21:50:19.688 14088 14100 I art     : Explicit concurrent mark sweep GC freed 927(88KB) AllocSpace objects, 0(0B) LOS objects, 40% free, 22MB/36MB, paused 1.649ms total 14.844ms
08-05 21:50:19.694 14088 14319 D HTTP    : Request for: https://uob-timetable-api.adriankeenan.co.uk/courses
08-05 21:50:19.694 14088 14100 I art     : Starting a blocking GC Explicit
08-05 21:50:19.706 14088 14100 I art     : Explicit concurrent mark sweep GC freed 607(59KB) AllocSpace objects, 0(0B) LOS objects, 40% free, 22MB/36MB, paused 179us total 11.677ms
08-05 21:50:19.764   918   936 I ActivityManager: Displayed baseline.com.ak.uobtimetable/.CourseListActivity: +133ms
08-05 21:50:19.765 13866 13866 I GoogleInputMethodServic: GoogleInputMethodService.onFinishInput():3138 
08-05 21:50:19.766 13866 13866 I GoogleInputMethodServic: GoogleInputMethodService.onStartInput():1808 
08-05 21:50:19.794 14088 14103 D OpenGLRenderer: endAllStagingAnimators on 0x7f949ea000 (RippleDrawable) with handle 0x7f99f07040
08-05 21:50:19.883 14088 14319 I NAPPA_EXPERIMENTATION: MetricNetworkRequestExecutionTime: REQUEST_DURATION_SYSTEM='185',REQUEST_DURATION_OKHTTP='38',REQUEST_SYNCHRONOUS='TRUE',RESPONSE_CODE='200',RESPONSE_METHOD='GET',RESPONSE_LENGTH_OKHTTP='-1',RESPONSE_LENGTH_HEADER='-2',REQUEST_PROTOCOL='http/1.1',REQUEST_URL='https://uob-timetable-api.adriankeenan.co.uk/courses',
08-05 21:50:19.915 14088 14100 I art     : Starting a blocking GC Explicit
08-05 21:50:19.931 14088 14100 I art     : Explicit concurrent mark sweep GC freed 4392(291KB) AllocSpace objects, 4(220KB) LOS objects, 39% free, 24MB/40MB, paused 167us total 15.309ms
08-05 21:50:19.937 14088 14100 I art     : Starting a blocking GC Explicit
08-05 21:50:19.952 14088 14100 I art     : Explicit concurrent mark sweep GC freed 1036(119KB) AllocSpace objects, 0(0B) LOS objects, 37% free, 26MB/42MB, paused 178us total 14.478ms
08-05 21:50:19.961 14088 14100 I art     : Starting a blocking GC Explicit
08-05 21:50:19.973 14088 14100 I art     : Explicit concurrent mark sweep GC freed 12(320B) AllocSpace objects, 0(0B) LOS objects, 36% free, 28MB/44MB, paused 309us total 11.568ms
08-05 21:50:19.979 14088 14100 I art     : Starting a blocking GC Explicit
08-05 21:50:19.991 14088 14100 I art     : Explicit concurrent mark sweep GC freed 10(272B) AllocSpace objects, 0(0B) LOS objects, 35% free, 29MB/45MB, paused 205us total 11.853ms
08-05 21:50:19.998 14088 14100 I art     : Starting a blocking GC Explicit
08-05 21:50:20.011 14088 14100 I art     : Explicit concurrent mark sweep GC freed 12(320B) AllocSpace objects, 0(0B) LOS objects, 33% free, 31MB/47MB, paused 149us total 12.696ms
08-05 21:50:20.188   512  2967 D audio_hw_primary: disable_audio_route: reset and update mixer path: low-latency-playback speaker
08-05 21:50:20.190   512  2967 D audio_hw_primary: disable_snd_device: snd_device(2: speaker)
08-05 21:50:20.197   512  2967 I soundtrigger: audio_extn_sound_trigger_update_device_status: device 0x2 of type 0 for Event 0
08-05 21:50:20.242 14088 14319 I HTTP    : Response was compressed.
08-05 21:50:20.274 14088 14099 I art     : Starting a blocking GC Explicit
08-05 21:50:20.300 14088 14099 I art     : Explicit concurrent mark sweep GC freed 24482(1145KB) AllocSpace objects, 2(22MB) LOS objects, 29% free, 37MB/53MB, paused 247us total 26.067ms
08-05 21:50:20.308 14088 14099 I art     : Starting a blocking GC Explicit
08-05 21:50:20.323 14088 14099 I art     : Explicit concurrent mark sweep GC freed 16552(768KB) AllocSpace objects, 0(0B) LOS objects, 29% free, 37MB/53MB, paused 238us total 14.033ms
08-05 21:50:20.330 14088 14099 I art     : Starting a blocking GC Explicit
08-05 21:50:20.343 14088 14099 I art     : Explicit concurrent mark sweep GC freed 10867(513KB) AllocSpace objects, 0(0B) LOS objects, 29% free, 37MB/53MB, paused 229us total 12.594ms
08-05 21:50:20.349 14088 14099 I art     : Starting a blocking GC Explicit
08-05 21:50:20.361 14088 14099 I art     : Explicit concurrent mark sweep GC freed 9986(480KB) AllocSpace objects, 0(0B) LOS objects, 29% free, 37MB/53MB, paused 202us total 11.943ms
08-05 21:50:20.367 14088 14099 I art     : Starting a blocking GC Explicit
08-05 21:50:20.379 14088 14099 I art     : Explicit concurrent mark sweep GC freed 9859(478KB) AllocSpace objects, 0(0B) LOS objects, 29% free, 38MB/54MB, paused 185us total 11.965ms
08-05 21:50:20.622 15866 15897 I Finsky  : [6071] ktr.run(-1): Stats for Executor: bgExecutor kvs@65ac110[Running, pool size = 4, active threads = 0, queued tasks = 0, completed tasks = 304]
08-05 21:50:20.650 14088 14317 I art     : Starting a blocking GC Explicit
08-05 21:50:20.682 14088 14317 I art     : Explicit concurrent mark sweep GC freed 162646(7MB) AllocSpace objects, 1(20KB) LOS objects, 28% free, 39MB/55MB, paused 290us total 32.251ms
08-05 21:50:20.690 14088 14317 I art     : Starting a blocking GC Explicit
08-05 21:50:20.706 14088 14317 I art     : Explicit concurrent mark sweep GC freed 18669(868KB) AllocSpace objects, 0(0B) LOS objects, 28% free, 39MB/55MB, paused 250us total 15.656ms
08-05 21:50:20.712 14088 14317 I art     : Starting a blocking GC Explicit
08-05 21:50:20.728 14088 14317 I art     : Explicit concurrent mark sweep GC freed 12097(571KB) AllocSpace objects, 0(0B) LOS objects, 28% free, 39MB/55MB, paused 261us total 15.269ms
08-05 21:50:20.735 14088 14317 I art     : Starting a blocking GC Explicit
08-05 21:50:20.750 14088 14317 I art     : Explicit concurrent mark sweep GC freed 11820(556KB) AllocSpace objects, 0(0B) LOS objects, 28% free, 39MB/55MB, paused 243us total 14.547ms
08-05 21:50:20.757 14088 14317 I art     : Starting a blocking GC Explicit
08-05 21:50:20.772 14088 14317 I art     : Explicit concurrent mark sweep GC freed 12183(575KB) AllocSpace objects, 0(0B) LOS objects, 28% free, 39MB/55MB, paused 243us total 14.924ms
08-05 21:50:21.025 14088 14100 I art     : Starting a blocking GC Explicit
08-05 21:50:21.055 14088 14100 I art     : Explicit concurrent mark sweep GC freed 154182(7MB) AllocSpace objects, 1(20KB) LOS objects, 28% free, 41MB/57MB, paused 328us total 29.187ms
08-05 21:50:21.064 14088 14100 I art     : Starting a blocking GC Explicit
08-05 21:50:21.083 14088 14100 I art     : Explicit concurrent mark sweep GC freed 19832(947KB) AllocSpace objects, 0(0B) LOS objects, 28% free, 40MB/56MB, paused 294us total 18.964ms
08-05 21:50:21.091 14088 14100 I art     : Starting a blocking GC Explicit
08-05 21:50:21.110 14088 14100 I art     : Explicit concurrent mark sweep GC freed 14944(702KB) AllocSpace objects, 0(0B) LOS objects, 28% free, 41MB/57MB, paused 318us total 18.691ms
08-05 21:50:21.118 14088 14100 I art     : Starting a blocking GC Explicit
08-05 21:50:21.137 14088 14100 I art     : Explicit concurrent mark sweep GC freed 14596(684KB) AllocSpace objects, 0(0B) LOS objects, 27% free, 41MB/57MB, paused 327us total 18.313ms
08-05 21:50:21.145 14088 14100 I art     : Starting a blocking GC Explicit
08-05 21:50:21.164 14088 14100 I art     : Explicit concurrent mark sweep GC freed 14814(693KB) AllocSpace objects, 0(0B) LOS objects, 27% free, 41MB/57MB, paused 311us total 18.583ms
08-05 21:50:21.425 14088 14099 I art     : Starting a blocking GC Explicit
08-05 21:50:21.461 14088 14099 I art     : Explicit concurrent mark sweep GC freed 157345(7MB) AllocSpace objects, 1(20KB) LOS objects, 27% free, 42MB/58MB, paused 379us total 36.220ms
08-05 21:50:21.472 14088 14099 I art     : Starting a blocking GC Explicit
08-05 21:50:21.494 14088 14099 I art     : Explicit concurrent mark sweep GC freed 22273(1054KB) AllocSpace objects, 0(0B) LOS objects, 27% free, 42MB/58MB, paused 436us total 22.210ms
08-05 21:50:21.503 14088 14099 I art     : Starting a blocking GC Explicit
08-05 21:50:21.524 14088 14099 I art     : Explicit concurrent mark sweep GC freed 16657(778KB) AllocSpace objects, 0(0B) LOS objects, 27% free, 42MB/58MB, paused 369us total 20.697ms
08-05 21:50:21.533 14088 14099 I art     : Starting a blocking GC Explicit
08-05 21:50:21.555 14088 14099 I art     : Explicit concurrent mark sweep GC freed 16549(769KB) AllocSpace objects, 0(0B) LOS objects, 27% free, 42MB/58MB, paused 422us total 21.735ms
08-05 21:50:21.565 14088 14099 I art     : Starting a blocking GC Explicit
08-05 21:50:21.587 14088 14099 I art     : Explicit concurrent mark sweep GC freed 16486(778KB) AllocSpace objects, 0(0B) LOS objects, 27% free, 42MB/58MB, paused 327us total 21.784ms
08-05 21:50:21.862 14088 14317 I art     : Starting a blocking GC Explicit
08-05 21:50:21.901 14088 14317 I art     : Explicit concurrent mark sweep GC freed 162928(7MB) AllocSpace objects, 1(20KB) LOS objects, 26% free, 44MB/60MB, paused 406us total 39.550ms
08-05 21:50:21.913 14088 14317 I art     : Starting a blocking GC Explicit
08-05 21:50:21.936 14088 14317 I art     : Explicit concurrent mark sweep GC freed 22322(1049KB) AllocSpace objects, 0(0B) LOS objects, 26% free, 44MB/60MB, paused 370us total 23.035ms
08-05 21:50:21.945 14088 14317 I art     : Starting a blocking GC Explicit
08-05 21:50:21.969 14088 14317 I art     : Explicit concurrent mark sweep GC freed 17455(821KB) AllocSpace objects, 0(0B) LOS objects, 26% free, 44MB/60MB, paused 434us total 23.347ms
08-05 21:50:21.978 14088 14317 I art     : Starting a blocking GC Explicit
08-05 21:50:22.002 14088 14317 I art     : Explicit concurrent mark sweep GC freed 17650(820KB) AllocSpace objects, 0(0B) LOS objects, 26% free, 44MB/60MB, paused 385us total 23.592ms
08-05 21:50:22.012 14088 14317 I art     : Starting a blocking GC Explicit
08-05 21:50:22.037 14088 14317 I art     : Explicit concurrent mark sweep GC freed 18671(892KB) AllocSpace objects, 0(0B) LOS objects, 26% free, 44MB/60MB, paused 431us total 24.801ms
08-05 21:50:22.310 14088 14099 I art     : Starting a blocking GC Explicit
08-05 21:50:22.356 14088 14099 I art     : Explicit concurrent mark sweep GC freed 165047(7MB) AllocSpace objects, 1(20KB) LOS objects, 25% free, 46MB/62MB, paused 529us total 45.924ms
08-05 21:50:22.367 14088 14099 I art     : Starting a blocking GC Explicit
08-05 21:50:22.396 14088 14099 I art     : Explicit concurrent mark sweep GC freed 26497(1236KB) AllocSpace objects, 0(0B) LOS objects, 25% free, 46MB/62MB, paused 560us total 28.562ms
08-05 21:50:22.407 14088 14099 I art     : Starting a blocking GC Explicit
08-05 21:50:22.435 14088 14099 I art     : Explicit concurrent mark sweep GC freed 21010(980KB) AllocSpace objects, 0(0B) LOS objects, 25% free, 46MB/62MB, paused 472us total 27.597ms
08-05 21:50:22.445 14088 14099 I art     : Starting a blocking GC Explicit
08-05 21:50:22.475 14088 14099 I art     : Explicit concurrent mark sweep GC freed 21546(1005KB) AllocSpace objects, 0(0B) LOS objects, 25% free, 46MB/62MB, paused 508us total 29.618ms
08-05 21:50:22.485 14088 14099 I art     : Starting a blocking GC Explicit
08-05 21:50:22.515 14088 14099 I art     : Explicit concurrent mark sweep GC freed 21622(1011KB) AllocSpace objects, 0(0B) LOS objects, 25% free, 46MB/62MB, paused 493us total 29.130ms
08-05 21:50:22.736   518   646 I ThermalEngine: ACTION: GPU - Setting GPU[0] to 510000000
08-05 21:50:22.800 14088 14317 I art     : Starting a blocking GC Explicit
08-05 21:50:22.856 14088 14317 I art     : Explicit concurrent mark sweep GC freed 167342(7MB) AllocSpace objects, 1(20KB) LOS objects, 24% free, 48MB/64MB, paused 759us total 56.710ms
08-05 21:50:22.857 14088 14098 I art     : WaitForGcToComplete blocked for 19.229ms for cause HeapTrim
08-05 21:50:22.871 14088 14317 I art     : Starting a blocking GC Explicit
08-05 21:50:22.912 14088 14317 I art     : Explicit concurrent mark sweep GC freed 34694(1635KB) AllocSpace objects, 0(0B) LOS objects, 24% free, 48MB/64MB, paused 749us total 40.994ms
08-05 21:50:22.927 14088 14317 I art     : Starting a blocking GC Explicit
08-05 21:50:22.968 14088 14317 I art     : Explicit concurrent mark sweep GC freed 30103(1415KB) AllocSpace objects, 0(0B) LOS objects, 24% free, 48MB/64MB, paused 782us total 41.506ms
08-05 21:50:22.982 14088 14317 I art     : Starting a blocking GC Explicit
08-05 21:50:23.024 14088 14317 I art     : Explicit concurrent mark sweep GC freed 30057(1464KB) AllocSpace objects, 0(0B) LOS objects, 24% free, 48MB/64MB, paused 803us total 41.479ms
08-05 21:50:23.028 14088 14319 I Service : getCourses response time: 0.69
08-05 21:50:23.038 14088 14317 I art     : Starting a blocking GC Explicit
08-05 21:50:23.046 14088 14088 I SettingsManager: Getting string: savedCourse
08-05 21:50:23.079 14088 14317 I art     : Explicit concurrent mark sweep GC freed 4234(195KB) AllocSpace objects, 1(14MB) LOS objects, 32% free, 33MB/49MB, paused 641us total 40.150ms
08-05 21:50:23.398 14088 14317 I art     : Starting a blocking GC Explicit
08-05 21:50:23.461 14088 14317 I art     : Explicit concurrent mark sweep GC freed 1720(93KB) AllocSpace objects, 1(20KB) LOS objects, 32% free, 33MB/49MB, paused 210us total 62.505ms
08-05 21:50:23.481 14088 14317 I art     : Starting a blocking GC Explicit
08-05 21:50:23.526 14088 14317 I art     : Explicit concurrent mark sweep GC freed 63(2576B) AllocSpace objects, 0(0B) LOS objects, 32% free, 33MB/49MB, paused 189us total 44.635ms
08-05 21:50:23.542 14088 14317 I art     : Starting a blocking GC Explicit
08-05 21:50:23.585 14088 14317 I art     : Explicit concurrent mark sweep GC freed 3(96B) AllocSpace objects, 0(0B) LOS objects, 32% free, 33MB/49MB, paused 196us total 42.812ms
08-05 21:50:23.600 14088 14317 I art     : Starting a blocking GC Explicit
08-05 21:50:23.643 14088 14317 I art     : Explicit concurrent mark sweep GC freed 3(96B) AllocSpace objects, 0(0B) LOS objects, 32% free, 33MB/49MB, paused 189us total 42.711ms
08-05 21:50:23.659 14088 14317 I art     : Starting a blocking GC Explicit
08-05 21:50:23.703 14088 14317 I art     : Explicit concurrent mark sweep GC freed 3(96B) AllocSpace objects, 0(0B) LOS objects, 32% free, 33MB/49MB, paused 201us total 43.363ms
08-05 21:50:24.009 14088 14099 I art     : Starting a blocking GC Explicit
08-05 21:50:24.063 14088 14099 I art     : Explicit concurrent mark sweep GC freed 1274(74KB) AllocSpace objects, 1(20KB) LOS objects, 32% free, 33MB/49MB, paused 215us total 54.024ms
08-05 21:50:24.082 14088 14099 I art     : Starting a blocking GC Explicit
08-05 21:50:24.122 14088 14099 I art     : Explicit concurrent mark sweep GC freed 18(624B) AllocSpace objects, 0(0B) LOS objects, 32% free, 33MB/49MB, paused 185us total 38.947ms
08-05 21:50:24.138 14088 14099 I art     : Starting a blocking GC Explicit
08-05 21:50:24.180 14088 14099 I art     : Explicit concurrent mark sweep GC freed 3(96B) AllocSpace objects, 0(0B) LOS objects, 32% free, 33MB/49MB, paused 193us total 42.102ms
08-05 21:50:24.196 14088 14099 I art     : Starting a blocking GC Explicit
08-05 21:50:24.239 14088 14099 I art     : Explicit concurrent mark sweep GC freed 3(96B) AllocSpace objects, 0(0B) LOS objects, 32% free, 33MB/49MB, paused 189us total 42.853ms
08-05 21:50:24.255 14088 14099 I art     : Starting a blocking GC Explicit
08-05 21:50:24.297 14088 14099 I art     : Explicit concurrent mark sweep GC freed 3(96B) AllocSpace objects, 0(0B) LOS objects, 32% free, 33MB/49MB, paused 210us total 42.225ms
08-05 21:50:24.601 14088 14100 I art     : Starting a blocking GC Explicit
08-05 21:50:24.653 14088 14100 I art     : Explicit concurrent mark sweep GC freed 1274(74KB) AllocSpace objects, 1(20KB) LOS objects, 32% free, 33MB/49MB, paused 195us total 51.714ms
08-05 21:50:24.670 14088 14100 I art     : Starting a blocking GC Explicit
08-05 21:50:24.716 14088 14100 I art     : Explicit concurrent mark sweep GC freed 19(656B) AllocSpace objects, 0(0B) LOS objects, 32% free, 33MB/49MB, paused 250us total 45.769ms
08-05 21:50:24.732 14088 14100 I art     : Starting a blocking GC Explicit
08-05 21:50:24.765 13866 13882 I PeriodicStatsRunner: PeriodicStatsRunner.call():175 call()
08-05 21:50:24.766 13866 13882 I PeriodicStatsRunner: PeriodicStatsRunner.call():179 No submit PeriodicStats since input started.
08-05 21:50:24.774 14088 14100 I art     : Explicit concurrent mark sweep GC freed 5(176B) AllocSpace objects, 0(0B) LOS objects, 32% free, 33MB/49MB, paused 193us total 41.899ms
08-05 21:50:24.789 14088 14100 I art     : Starting a blocking GC Explicit
08-05 21:50:24.833 14088 14100 I art     : Explicit concurrent mark sweep GC freed 3(96B) AllocSpace objects, 0(0B) LOS objects, 32% free, 33MB/49MB, paused 205us total 42.945ms
08-05 21:50:24.848 14088 14100 I art     : Starting a blocking GC Explicit
08-05 21:50:24.891 14088 14100 I art     : Explicit concurrent mark sweep GC freed 3(96B) AllocSpace objects, 0(0B) LOS objects, 32% free, 33MB/49MB, paused 192us total 42.586ms
08-05 21:50:25.214 14088 14099 I art     : Starting a blocking GC Explicit
08-05 21:50:25.277 14088 14099 I art     : Explicit concurrent mark sweep GC freed 1274(74KB) AllocSpace objects, 1(20KB) LOS objects, 32% free, 33MB/49MB, paused 217us total 62.525ms
08-05 21:50:25.295 14088 14099 I art     : Starting a blocking GC Explicit
08-05 21:50:25.334 14088 14099 I art     : Explicit concurrent mark sweep GC freed 18(624B) AllocSpace objects, 0(0B) LOS objects, 32% free, 33MB/49MB, paused 183us total 39.139ms
08-05 21:50:25.350 14088 14099 I art     : Starting a blocking GC Explicit
08-05 21:50:25.391 14088 14099 I art     : Explicit concurrent mark sweep GC freed 3(96B) AllocSpace objects, 0(0B) LOS objects, 32% free, 33MB/49MB, paused 189us total 41.357ms
08-05 21:50:25.407 14088 14099 I art     : Starting a blocking GC Explicit
08-05 21:50:25.449 14088 14099 I art     : Explicit concurrent mark sweep GC freed 3(96B) AllocSpace objects, 0(0B) LOS objects, 32% free, 33MB/49MB, paused 184us total 41.919ms
08-05 21:50:25.465 14088 14099 I art     : Starting a blocking GC Explicit
08-05 21:50:25.509 14088 14099 I art     : Explicit concurrent mark sweep GC freed 3(96B) AllocSpace objects, 0(0B) LOS objects, 32% free, 33MB/49MB, paused 191us total 43.832ms
08-05 21:50:25.699   918  3188 I hubconnection: sensorhub said: 'set_bias 3: -5.8464, 0.0000, 0.0000'
08-05 21:50:25.826 14088 14317 I art     : Starting a blocking GC Explicit
08-05 21:50:25.875 14088 14317 I art     : Explicit concurrent mark sweep GC freed 1274(74KB) AllocSpace objects, 1(20KB) LOS objects, 32% free, 33MB/49MB, paused 234us total 48.448ms
08-05 21:50:25.890 14088 14317 I art     : Starting a blocking GC Explicit
08-05 21:50:25.929 14088 14317 I art     : Explicit concurrent mark sweep GC freed 18(624B) AllocSpace objects, 0(0B) LOS objects, 32% free, 33MB/49MB, paused 185us total 38.972ms
08-05 21:50:25.943 14088 14317 I art     : Starting a blocking GC Explicit
08-05 21:50:25.981 14088 14317 I art     : Explicit concurrent mark sweep GC freed 3(96B) AllocSpace objects, 0(0B) LOS objects, 32% free, 33MB/49MB, paused 188us total 37.440ms
08-05 21:50:25.995 14088 14317 I art     : Starting a blocking GC Explicit
08-05 21:50:26.033 14088 14317 I art     : Explicit concurrent mark sweep GC freed 3(96B) AllocSpace objects, 0(0B) LOS objects, 32% free, 33MB/49MB, paused 189us total 37.369ms
08-05 21:50:26.048 14088 14317 I art     : Starting a blocking GC Explicit
08-05 21:50:26.089 14088 14317 I art     : Explicit concurrent mark sweep GC freed 3(96B) AllocSpace objects, 0(0B) LOS objects, 32% free, 33MB/49MB, paused 196us total 40.724ms
08-05 21:50:26.259 14455 14455 D AndroidRuntime: >>>>>> START com.android.internal.os.RuntimeInit uid 2000 <<<<<<
08-05 21:50:26.264 14455 14455 D AndroidRuntime: CheckJNI is OFF
08-05 21:50:26.296 14455 14455 D ICU     : No timezone override file found: /data/misc/zoneinfo/current/icu/icu_tzdata.dat
08-05 21:50:26.329 14455 14455 I Radio-JNI: register_android_hardware_Radio DONE
08-05 21:50:26.350 14455 14455 D AndroidRuntime: Calling main entry com.android.commands.input.Input
08-05 21:50:26.352 14455 14455 I Input   : injectMotionEvent: MotionEvent { action=ACTION_DOWN, actionButton=0, id[0]=0, x[0]=526.0, y[0]=704.0, toolType[0]=TOOL_TYPE_UNKNOWN, buttonState=0, metaState=0, flags=0x0, edgeFlags=0x0, pointerCount=1, historySize=0, eventTime=827442765, downTime=827442765, deviceId=0, source=0x1002 }
08-05 21:50:26.357 14455 14455 I Input   : injectMotionEvent: MotionEvent { action=ACTION_UP, actionButton=0, id[0]=0, x[0]=526.0, y[0]=704.0, toolType[0]=TOOL_TYPE_UNKNOWN, buttonState=0, metaState=0, flags=0x0, edgeFlags=0x0, pointerCount=1, historySize=0, eventTime=827442765, downTime=827442765, deviceId=0, source=0x1002 }
08-05 21:50:26.359 14455 14455 D AndroidRuntime: Shutting down VM
08-05 21:50:26.378 14088 14100 I art     : Starting a blocking GC Explicit
08-05 21:50:26.421 14088 14100 I art     : Explicit concurrent mark sweep GC freed 1293(75KB) AllocSpace objects, 1(20KB) LOS objects, 32% free, 33MB/49MB, paused 203us total 43.470ms
08-05 21:50:26.426   512  2967 D audio_hw_primary: out_set_parameters: enter: usecase(1: low-latency-playback) kvpairs: routing=2
08-05 21:50:26.438 14088 14100 I art     : Starting a blocking GC Explicit
08-05 21:50:26.439   512  2967 D audio_hw_primary: select_devices: out_snd_device(2: speaker) in_snd_device(0: none)
08-05 21:50:26.439   512  2967 D msm8974_platform: platform_send_audio_calibration: sending audio calibration for snd_device(2) acdb_id(15)
08-05 21:50:26.439   512  2967 I soundtrigger: audio_extn_sound_trigger_update_device_status: device 0x2 of type 0 for Event 1
08-05 21:50:26.449   512  2967 D audio_hw_primary: enable_snd_device: snd_device(2: speaker)
08-05 21:50:26.451   512  2967 D audio_hw_primary: enable_audio_route: apply and update mixer path: low-latency-playback speaker
08-05 21:50:26.477 14088 14100 I art     : Explicit concurrent mark sweep GC freed 645(53KB) AllocSpace objects, 1(20KB) LOS objects, 32% free, 33MB/49MB, paused 266us total 38.568ms
08-05 21:50:26.493 14088 14100 I art     : Starting a blocking GC Explicit
08-05 21:50:26.531 14088 14100 I art     : Explicit concurrent mark sweep GC freed 195(8KB) AllocSpace objects, 0(0B) LOS objects, 32% free, 33MB/49MB, paused 213us total 38.484ms
08-05 21:50:26.546 14088 14100 I art     : Starting a blocking GC Explicit
08-05 21:50:26.583 14088 14100 I art     : Explicit concurrent mark sweep GC freed 63(2896B) AllocSpace objects, 0(0B) LOS objects, 32% free, 33MB/49MB, paused 187us total 37.377ms
08-05 21:50:26.598 14088 14100 I art     : Starting a blocking GC Explicit
08-05 21:50:26.638 14088 14100 I art     : Explicit concurrent mark sweep GC freed 7(224B) AllocSpace objects, 0(0B) LOS objects, 32% free, 33MB/49MB, paused 173us total 39.639ms
08-05 21:50:26.864   918  3714 I ActivityManager: Killing 3167:com.google.android.youtube/u0a75 (adj 15): empty #17
08-05 21:50:26.913   918  5132 D ConnectivityService: ConnectivityService NetworkRequestInfo binderDied(NetworkRequest [ id=3562, legacyType=-1, [ Capabilities: INTERNET&NOT_RESTRICTED&TRUSTED] ], android.os.BinderProxy@142006b)
08-05 21:50:26.914   918  3263 D ConnectivityService: releasing NetworkRequest NetworkRequest [ id=3562, legacyType=-1, [ Capabilities: INTERNET&NOT_RESTRICTED&TRUSTED] ]
08-05 21:50:26.915   918  3263 E ConnectivityService: RemoteException caught trying to send a callback msg for NetworkRequest [ id=3562, legacyType=-1, [ Capabilities: INTERNET&NOT_RESTRICTED&TRUSTED] ]
08-05 21:50:26.966 14088 14100 I art     : Starting a blocking GC Explicit
08-05 21:50:26.989   512  2967 D audio_hw_primary: disable_audio_route: reset and update mixer path: low-latency-playback speaker
08-05 21:50:26.990   512  2967 D audio_hw_primary: disable_snd_device: snd_device(2: speaker)
08-05 21:50:26.998   512  2967 I soundtrigger: audio_extn_sound_trigger_update_device_status: device 0x2 of type 0 for Event 0
08-05 21:50:27.017 14088 14100 I art     : Explicit concurrent mark sweep GC freed 1279(75KB) AllocSpace objects, 1(20KB) LOS objects, 32% free, 33MB/49MB, paused 203us total 50.930ms
08-05 21:50:27.036 14088 14100 I art     : Starting a blocking GC Explicit
08-05 21:50:27.086 14088 14100 I art     : Explicit concurrent mark sweep GC freed 24(816B) AllocSpace objects, 0(0B) LOS objects, 32% free, 33MB/49MB, paused 180us total 49.108ms
08-05 21:50:27.105 14088 14100 I art     : Starting a blocking GC Explicit
08-05 21:50:27.155 14088 14100 I art     : Explicit concurrent mark sweep GC freed 5(160B) AllocSpace objects, 0(0B) LOS objects, 32% free, 33MB/49MB, paused 187us total 49.792ms
08-05 21:50:27.174 14088 14100 I art     : Starting a blocking GC Explicit
08-05 21:50:27.223 14088 14100 I art     : Explicit concurrent mark sweep GC freed 3(96B) AllocSpace objects, 0(0B) LOS objects, 32% free, 33MB/49MB, paused 184us total 49.046ms
08-05 21:50:27.242 14088 14100 I art     : Starting a blocking GC Explicit
08-05 21:50:27.285 14088 14100 I art     : Explicit concurrent mark sweep GC freed 3(96B) AllocSpace objects, 0(0B) LOS objects, 32% free, 33MB/49MB, paused 178us total 42.462ms
08-05 21:50:27.572 14088 14099 I art     : Starting a blocking GC Explicit
08-05 21:50:27.624 14088 14099 I art     : Explicit concurrent mark sweep GC freed 1282(75KB) AllocSpace objects, 1(20KB) LOS objects, 32% free, 33MB/49MB, paused 200us total 52.262ms
08-05 21:50:27.640 14088 14099 I art     : Starting a blocking GC Explicit
08-05 21:50:27.681 14088 14099 I art     : Explicit concurrent mark sweep GC freed 18(624B) AllocSpace objects, 0(0B) LOS objects, 32% free, 33MB/49MB, paused 192us total 40.790ms
08-05 21:50:27.696 14088 14099 I art     : Starting a blocking GC Explicit
08-05 21:50:27.738 14088 14099 I art     : Explicit concurrent mark sweep GC freed 3(96B) AllocSpace objects, 0(0B) LOS objects, 32% free, 33MB/49MB, paused 181us total 41.104ms
08-05 21:50:27.752 14088 14099 I art     : Starting a blocking GC Explicit
08-05 21:50:27.792 14088 14099 I art     : Explicit concurrent mark sweep GC freed 3(96B) AllocSpace objects, 0(0B) LOS objects, 32% free, 33MB/49MB, paused 189us total 39.392ms
08-05 21:50:27.807 14088 14099 I art     : Starting a blocking GC Explicit
08-05 21:50:27.849 14088 14099 I art     : Explicit concurrent mark sweep GC freed 3(96B) AllocSpace objects, 0(0B) LOS objects, 32% free, 33MB/49MB, paused 197us total 41.226ms
08-05 21:50:28.011 14499 14499 D AndroidRuntime: >>>>>> START com.android.internal.os.RuntimeInit uid 2000 <<<<<<
08-05 21:50:28.016 14499 14499 D AndroidRuntime: CheckJNI is OFF
08-05 21:50:28.048 14499 14499 D ICU     : No timezone override file found: /data/misc/zoneinfo/current/icu/icu_tzdata.dat
08-05 21:50:28.080 14499 14499 I Radio-JNI: register_android_hardware_Radio DONE
08-05 21:50:28.103 14499 14499 D AndroidRuntime: Calling main entry com.android.commands.input.Input
08-05 21:50:28.105 14499 14499 I Input   : injectMotionEvent: MotionEvent { action=ACTION_DOWN, actionButton=0, id[0]=0, x[0]=1197.0, y[0]=1456.0, toolType[0]=TOOL_TYPE_UNKNOWN, buttonState=0, metaState=0, flags=0x0, edgeFlags=0x0, pointerCount=1, historySize=0, eventTime=827444517, downTime=827444517, deviceId=0, source=0x1002 }
08-05 21:50:28.109 14499 14499 I Input   : injectMotionEvent: MotionEvent { action=ACTION_UP, actionButton=0, id[0]=0, x[0]=1197.0, y[0]=1456.0, toolType[0]=TOOL_TYPE_UNKNOWN, buttonState=0, metaState=0, flags=0x0, edgeFlags=0x0, pointerCount=1, historySize=0, eventTime=827444517, downTime=827444517, deviceId=0, source=0x1002 }
08-05 21:50:28.110 14499 14499 D AndroidRuntime: Shutting down VM
08-05 21:50:28.119 14088 14100 I art     : Starting a blocking GC Explicit
08-05 21:50:28.120   512  2967 D audio_hw_primary: out_set_parameters: enter: usecase(1: low-latency-playback) kvpairs: routing=2
08-05 21:50:28.133   512  2967 D audio_hw_primary: select_devices: out_snd_device(2: speaker) in_snd_device(0: none)
08-05 21:50:28.133   512  2967 D msm8974_platform: platform_send_audio_calibration: sending audio calibration for snd_device(2) acdb_id(15)
08-05 21:50:28.133   512  2967 I soundtrigger: audio_extn_sound_trigger_update_device_status: device 0x2 of type 0 for Event 1
08-05 21:50:28.144   512  2967 D audio_hw_primary: enable_snd_device: snd_device(2: speaker)
08-05 21:50:28.146   512  2967 D audio_hw_primary: enable_audio_route: apply and update mixer path: low-latency-playback speaker
08-05 21:50:28.148 14088 14103 D OpenGLRenderer: endAllStagingAnimators on 0x7f829f2c00 (RippleDrawable) with handle 0x7f7cdf1540
08-05 21:50:28.158 14088 14088 I SettingsManager: Setting string: savedCourse
08-05 21:50:28.165   918  6112 W BackupManagerService: dataChanged but no participant pkg='baseline.com.ak.uobtimetable' uid=10684
08-05 21:50:28.165   918  6111 I ActivityManager: START u0 {flg=0x4000000 cmp=baseline.com.ak.uobtimetable/.MainActivity (has extras)} from uid 10684 on display 0
08-05 21:50:28.171 14088 14100 I art     : Explicit concurrent mark sweep GC freed 4118(213KB) AllocSpace objects, 2(40KB) LOS objects, 32% free, 33MB/49MB, paused 249us total 51.146ms
08-05 21:50:28.175   918  3359 W InputMethodManagerService: Focus gain on non-focused client com.android.internal.view.IInputMethodClient$Stub$Proxy@6cdc874 (uid=10684 pid=14088)
08-05 21:50:28.183 14088 14088 D MainActivity: OnDestroy
08-05 21:50:28.185 14088 14100 I art     : Starting a blocking GC Explicit
08-05 21:50:28.203 14088 14088 D MainActivity: onCreate
08-05 21:50:28.203 14088 14088 I SettingsManager: Getting string: savedSessions
08-05 21:50:28.203 14088 14088 I Settings: No saved sessions
08-05 21:50:28.226 14088 14100 I art     : Explicit concurrent mark sweep GC freed 674(46KB) AllocSpace objects, 0(0B) LOS objects, 31% free, 34MB/50MB, paused 323us total 41.155ms
08-05 21:50:28.234 14088 14088 I SettingsManager: Getting string: savedCourse
08-05 21:50:28.235 14088 14088 D MainActivity: sessionListFragmentArg: updateSessions
08-05 21:50:28.236 14088 14088 D MainActivity: showTermDatesConfigChange: false
08-05 21:50:28.236 14088 14088 D MainActivity: showTermDatesShortcut: false
08-05 21:50:28.239 14088 14088 D MainActivity: Setting initial fragment: SessionListsFragment
08-05 21:50:28.242 14088 14088 I SettingsManager: Getting int: launchCount
08-05 21:50:28.243 14088 14100 I art     : Starting a blocking GC Explicit
08-05 21:50:28.247 14088 14088 D SessionListsFragment: onCreateView
08-05 21:50:28.258 14088 14088 I SettingsManager: Getting string: savedCourse
08-05 21:50:28.261 14088 14088 I SettingsManager: Getting string: savedSessions
08-05 21:50:28.262 14088 14088 D SessionListsFragment: loadArgument: updateSessions
08-05 21:50:28.262 14088 14088 D SessionListsFragment: initialIndex: -1
08-05 21:50:28.264 14088 14523 D HTTP    : Request for: https://uob-timetable-api.adriankeenan.co.uk/sessions?dept=BD002&course=CFIEFAAF%2F02AA%2F0%2FFT&level=ALL+Courses
08-05 21:50:28.265 14088 14088 I WebViewFactory: Loading com.google.android.webview version 84.0.4147.89 (code 414708953)
08-05 21:50:28.289 14088 14100 I art     : Explicit concurrent mark sweep GC freed 6821(409KB) AllocSpace objects, 4(1436KB) LOS objects, 32% free, 33MB/49MB, paused 617us total 46.008ms
08-05 21:50:28.304 14088 14100 I art     : Starting a blocking GC Explicit
08-05 21:50:28.343 14088 14088 I cr_LibraryLoader: Loaded native library version number "84.0.4147.89"
08-05 21:50:28.343 14088 14088 I cr_CachingUmaRecorder: Flushed 5 samples from 5 histograms.
08-05 21:50:28.350 14088 14100 I art     : Explicit concurrent mark sweep GC freed 3925(357KB) AllocSpace objects, 2(40KB) LOS objects, 31% free, 34MB/50MB, paused 730us total 45.096ms
08-05 21:50:28.365 14088 14100 I art     : Starting a blocking GC Explicit
08-05 21:50:28.381 14088 14088 E chromium: [ERROR:filesystem_posix.cc(62)] mkdir /data/user/0/baseline.com.ak.uobtimetable/cache/WebView/Crashpad: No such file or directory (2)
08-05 21:50:28.410 14088 14100 I art     : Explicit concurrent mark sweep GC freed 3852(298KB) AllocSpace objects, 3(200KB) LOS objects, 31% free, 34MB/50MB, paused 1.057ms total 44.829ms
08-05 21:50:28.454 14088 14523 I NAPPA_EXPERIMENTATION: MetricNetworkRequestExecutionTime: REQUEST_DURATION_SYSTEM='189',REQUEST_DURATION_OKHTTP='36',REQUEST_SYNCHRONOUS='TRUE',RESPONSE_CODE='200',RESPONSE_METHOD='GET',RESPONSE_LENGTH_OKHTTP='-1',RESPONSE_LENGTH_HEADER='867',REQUEST_PROTOCOL='http/1.1',REQUEST_URL='https://uob-timetable-api.adriankeenan.co.uk/sessions?dept=BD002&course=CFIEFAAF%2F02AA%2F0%2FFT&level=ALL+Courses',
08-05 21:50:28.461   918  5481 D ConnectivityService: listenForNetwork for Listen from uid/pid:10684/14088 for NetworkRequest [ id=3575, legacyType=-1, [ Capabilities: INTERNET&NOT_RESTRICTED&TRUSTED] ]
08-05 21:50:28.492 14088 14523 I HTTP    : Response was compressed.
08-05 21:50:28.498 14088 14538 W cr_media: Requires BLUETOOTH permission
08-05 21:50:28.510 14088 14523 I Service : getSessions response time: 1.12
08-05 21:50:28.511 14088 14550 E libEGL  : validate_display:255 error 3008 (EGL_BAD_DISPLAY)
08-05 21:50:28.514 14088 14088 D TermDatesFragment: WebView loaded
08-05 21:50:28.514 14088 14088 D MainActivity: OnResume
08-05 21:50:28.601 14088 14088 I SettingsManager: Getting string: savedSessions
08-05 21:50:28.609 14088 14088 I SettingsManager: Setting string: savedSessions
08-05 21:50:28.616   918   928 W BackupManagerService: dataChanged but no participant pkg='baseline.com.ak.uobtimetable' uid=10684
08-05 21:50:28.616 14088 14088 I SettingsManager: Setting date: savedSessionsTime
08-05 21:50:28.622   918  6110 W BackupManagerService: dataChanged but no participant pkg='baseline.com.ak.uobtimetable' uid=10684
08-05 21:50:28.622 14088 14088 I SettingsManager: Setting string: savedSessionsCourseName
08-05 21:50:28.628   918  4400 W BackupManagerService: dataChanged but no participant pkg='baseline.com.ak.uobtimetable' uid=10684
08-05 21:50:28.628 14088 14088 I SettingsManager: Setting string: savedSessionsDateRange
08-05 21:50:28.634   918  3359 W BackupManagerService: dataChanged but no participant pkg='baseline.com.ak.uobtimetable' uid=10684
08-05 21:50:28.634 14088 14088 I SettingsManager: Setting string: timetableUrl
08-05 21:50:28.639   918  6111 W BackupManagerService: dataChanged but no participant pkg='baseline.com.ak.uobtimetable' uid=10684
08-05 21:50:28.639 14088 14088 I SettingsManager: Getting boolean: notifySessionRemindersEnabled
08-05 21:50:28.639 14088 14088 I SettingsManager: Getting int: notifySessionRemindersMinutes
08-05 21:50:28.640 14088 14088 I SettingsManager: Getting boolean: showHiddenSessions
08-05 21:50:28.667 14088 14522 I art     : Starting a blocking GC Explicit
08-05 21:50:28.672 14088 14088 I SessionReminderNotifier: Created session reminder alarm for f7b4771250a919bd729c1c5a4a459c77 at Mon 08:30:00 10/08/20
08-05 21:50:28.673 14088 14088 I SessionReminderNotifier: Created session reminder alarm for a7f879aabdeb78622c8820a5fb7b64cd at Tue 08:30:00 11/08/20
08-05 21:50:28.674 14088 14088 I SessionReminderNotifier: Created session reminder alarm for 7bc8d7e2c2055711f597c3d9078c6ea3 at Tue 08:30:00 11/08/20
08-05 21:50:28.675 14088 14088 I SessionReminderNotifier: Created session reminder alarm for e0fc978b5db8218778540b4053344581 at Tue 11:00:00 11/08/20
08-05 21:50:28.677 14088 14088 I SessionReminderNotifier: Created session reminder alarm for 21712fef61090882c855a1425543edb5 at Tue 13:30:00 11/08/20
08-05 21:50:28.678 14088 14088 I SessionReminderNotifier: Created session reminder alarm for 65ca4d97f031f29a4d02bbb45a705d8f at Wed 08:30:00 12/08/20
08-05 21:50:28.679 14088 14088 I SessionReminderNotifier: Created session reminder alarm for eeda7741b0bcab58fd9f46dc6ef1d942 at Wed 08:30:00 12/08/20
08-05 21:50:28.680 14088 14088 I SessionReminderNotifier: Created session reminder alarm for c276c1b2075a0beb67f1b3d1e580f920 at Wed 11:00:00 12/08/20
08-05 21:50:28.681 14088 14088 I SessionReminderNotifier: Created session reminder alarm for 79fe0b5c3b887a13ba29db5a33fa2800 at Thu 08:30:00 06/08/20
08-05 21:50:28.682 14088 14088 I SessionReminderNotifier: Created session reminder alarm for 2ba1034116e4fffdd592dbf0796a43d5 at Fri 08:30:00 07/08/20
08-05 21:50:28.683 14088 14088 I SettingsManager: Getting boolean: showHiddenSessions
08-05 21:50:28.683 14088 14088 D SessionListsFragment: 1 sessions for day 0
08-05 21:50:28.683 14088 14088 D SessionListsFragment: 4 sessions for day 1
08-05 21:50:28.684 14088 14088 D SessionListsFragment: 3 sessions for day 2
08-05 21:50:28.684 14088 14088 D SessionListsFragment: 1 sessions for day 3
08-05 21:50:28.684 14088 14088 D SessionListsFragment: 1 sessions for day 4
08-05 21:50:28.688   512  2967 D audio_hw_primary: disable_audio_route: reset and update mixer path: low-latency-playback speaker
08-05 21:50:28.689   512  2967 D audio_hw_primary: disable_snd_device: snd_device(2: speaker)
08-05 21:50:28.697   512  2967 I soundtrigger: audio_extn_sound_trigger_update_device_status: device 0x2 of type 0 for Event 0
08-05 21:50:28.719 14088 14522 I art     : Explicit concurrent mark sweep GC freed 21356(1345KB) AllocSpace objects, 6(120KB) LOS objects, 31% free, 35MB/51MB, paused 834us total 52.066ms
08-05 21:50:28.736 14088 14522 I art     : Starting a blocking GC Explicit
08-05 21:50:28.736 14088 14088 I SettingsManager: Getting boolean: showHiddenSessions
08-05 21:50:28.740 14088 14088 D SessionListsFragment: Refreshed ViewPager
08-05 21:50:28.740 14088 14088 I SettingsManager: Getting boolean: showHiddenSessions
08-05 21:50:28.740 14088 14088 I SettingsManager: Getting boolean: completedTutorial
08-05 21:50:28.753 14088 14088 I SettingsManager: Getting boolean: showHiddenSessions
08-05 21:50:28.753 14088 14088 I SettingsManager: Getting date: savedSessionsTime
08-05 21:50:28.760 14088 14088 I TermDatesFragment: Webview load %: 10
08-05 21:50:28.784 14088 14522 I art     : Explicit concurrent mark sweep GC freed 11868(629KB) AllocSpace objects, 0(0B) LOS objects, 30% free, 35MB/51MB, paused 1.040ms total 47.793ms
08-05 21:50:28.800 14088 14522 I art     : Starting a blocking GC Explicit
08-05 21:50:28.851 14088 14522 I art     : Explicit concurrent mark sweep GC freed 30978(1342KB) AllocSpace objects, 3(200KB) LOS objects, 30% free, 36MB/52MB, paused 918us total 51.342ms
08-05 21:50:28.867 14088 14522 I art     : Starting a blocking GC Explicit
08-05 21:50:28.917 14088 14522 I art     : Explicit concurrent mark sweep GC freed 32134(1389KB) AllocSpace objects, 0(0B) LOS objects, 30% free, 36MB/52MB, paused 825us total 49.834ms
08-05 21:50:28.934 14088 14522 I art     : Starting a blocking GC Explicit
08-05 21:50:28.989 14088 14522 I art     : Explicit concurrent mark sweep GC freed 31636(1296KB) AllocSpace objects, 0(0B) LOS objects, 30% free, 36MB/52MB, paused 811us total 55.002ms
08-05 21:50:29.273 13866 13866 I GoogleInputMethodServic: GoogleInputMethodService.onFinishInput():3138 
08-05 21:50:29.275 13866 13866 I GoogleInputMethodServic: GoogleInputMethodService.onStartInput():1808 
08-05 21:50:29.279 14088 14317 I art     : Starting a blocking GC Explicit
08-05 21:50:29.281 14088 14088 I Choreographer: Skipped 30 frames!  The application may be doing too much work on its main thread.
08-05 21:50:29.347 14088 14317 I art     : Explicit concurrent mark sweep GC freed 116711(4MB) AllocSpace objects, 1(20KB) LOS objects, 30% free, 37MB/53MB, paused 841us total 68.250ms
08-05 21:50:29.365 14088 14317 I art     : Starting a blocking GC Explicit
08-05 21:50:29.426 14088 14317 I art     : Explicit concurrent mark sweep GC freed 37142(1640KB) AllocSpace objects, 0(0B) LOS objects, 30% free, 37MB/53MB, paused 1.039ms total 60.736ms
08-05 21:50:29.445 14088 14317 I art     : Starting a blocking GC Explicit
08-05 21:50:29.507 14088 14317 I art     : Explicit concurrent mark sweep GC freed 32950(1352KB) AllocSpace objects, 0(0B) LOS objects, 30% free, 37MB/53MB, paused 921us total 61.999ms
08-05 21:50:29.526 14088 14317 I art     : Starting a blocking GC Explicit
08-05 21:50:29.550 14088 14088 I TermDatesFragment: Webview load %: 70
08-05 21:50:29.555   918   936 I ActivityManager: Displayed baseline.com.ak.uobtimetable/.MainActivity: +1s376ms
08-05 21:50:29.567 14088 14088 I TermDatesFragment: Webview load %: 80
08-05 21:50:29.567 14088 14088 I TermDatesFragment: Webview load %: 100
08-05 21:50:29.567 14088 14088 I TermDatesFragment: Webview load %: 100
08-05 21:50:29.582 14088 14317 I art     : Explicit concurrent mark sweep GC freed 1498(105KB) AllocSpace objects, 0(0B) LOS objects, 30% free, 36MB/52MB, paused 381us total 55.645ms
08-05 21:50:29.599 14088 14317 I art     : Starting a blocking GC Explicit
08-05 21:50:29.651 14088 14317 I art     : Explicit concurrent mark sweep GC freed 191(8KB) AllocSpace objects, 0(0B) LOS objects, 30% free, 36MB/52MB, paused 369us total 52.247ms
08-05 21:50:29.749   518   646 I ThermalEngine: ACTION: GPU - Setting GPU[0] to 450000000
08-05 21:50:29.964 14088 14317 I art     : Starting a blocking GC Explicit
08-05 21:50:30.036 14088 14317 I art     : Explicit concurrent mark sweep GC freed 1745(96KB) AllocSpace objects, 1(20KB) LOS objects, 30% free, 36MB/52MB, paused 459us total 72.587ms
08-05 21:50:30.060 14088 14317 I art     : Starting a blocking GC Explicit
08-05 21:50:30.120 14088 14317 I art     : Explicit concurrent mark sweep GC freed 121604(11MB) AllocSpace objects, 3(136KB) LOS objects, 38% free, 25MB/41MB, paused 414us total 60.163ms
08-05 21:50:30.135 14088 14317 I art     : Starting a blocking GC Explicit
08-05 21:50:30.176 14088 14317 I art     : Explicit concurrent mark sweep GC freed 4(160B) AllocSpace objects, 0(0B) LOS objects, 38% free, 25MB/41MB, paused 426us total 40.747ms
08-05 21:50:30.191 14088 14317 I art     : Starting a blocking GC Explicit
08-05 21:50:30.235 14088 14317 I art     : Explicit concurrent mark sweep GC freed 3(96B) AllocSpace objects, 0(0B) LOS objects, 38% free, 25MB/41MB, paused 409us total 43.563ms
08-05 21:50:30.251 14088 14317 I art     : Starting a blocking GC Explicit
08-05 21:50:30.296 14088 14317 I art     : Explicit concurrent mark sweep GC freed 4(160B) AllocSpace objects, 0(0B) LOS objects, 38% free, 25MB/41MB, paused 404us total 44.730ms
08-05 21:50:30.637 14088 14100 I art     : Starting a blocking GC Explicit
08-05 21:50:30.679 14088 14100 I art     : Explicit concurrent mark sweep GC freed 1440(80KB) AllocSpace objects, 1(20KB) LOS objects, 38% free, 25MB/41MB, paused 443us total 41.829ms
08-05 21:50:30.698 14088 14100 I art     : Starting a blocking GC Explicit
08-05 21:50:30.740 14088 14100 I art     : Explicit concurrent mark sweep GC freed 20(704B) AllocSpace objects, 0(0B) LOS objects, 38% free, 25MB/41MB, paused 407us total 41.814ms
08-05 21:50:30.756 14088 14100 I art     : Starting a blocking GC Explicit
08-05 21:50:30.799 14088 14100 I art     : Explicit concurrent mark sweep GC freed 3(96B) AllocSpace objects, 0(0B) LOS objects, 38% free, 25MB/41MB, paused 401us total 43.545ms
08-05 21:50:30.815 14088 14100 I art     : Starting a blocking GC Explicit
08-05 21:50:30.858 14088 14100 I art     : Explicit concurrent mark sweep GC freed 4(128B) AllocSpace objects, 0(0B) LOS objects, 38% free, 25MB/41MB, paused 418us total 42.855ms
08-05 21:50:30.873 14088 14100 I art     : Starting a blocking GC Explicit
08-05 21:50:30.919 14088 14100 I art     : Explicit concurrent mark sweep GC freed 8(256B) AllocSpace objects, 0(0B) LOS objects, 38% free, 25MB/41MB, paused 397us total 45.440ms
08-05 21:50:31.251 14088 14099 I art     : Starting a blocking GC Explicit
08-05 21:50:31.302 14088 14099 I art     : Explicit concurrent mark sweep GC freed 1317(76KB) AllocSpace objects, 1(20KB) LOS objects, 38% free, 25MB/41MB, paused 421us total 50.331ms
08-05 21:50:31.322 14088 14099 I art     : Starting a blocking GC Explicit
08-05 21:50:31.369 14088 14099 I art     : Explicit concurrent mark sweep GC freed 18(624B) AllocSpace objects, 0(0B) LOS objects, 38% free, 25MB/41MB, paused 420us total 46.942ms
08-05 21:50:31.385 14088 14099 I art     : Starting a blocking GC Explicit
08-05 21:50:31.430 14088 14099 I art     : Explicit concurrent mark sweep GC freed 3(96B) AllocSpace objects, 0(0B) LOS objects, 38% free, 25MB/41MB, paused 455us total 44.589ms
08-05 21:50:31.450 14088 14099 I art     : Starting a blocking GC Explicit
08-05 21:50:31.493 14088 14099 I art     : Explicit concurrent mark sweep GC freed 3(96B) AllocSpace objects, 0(0B) LOS objects, 38% free, 25MB/41MB, paused 399us total 43.005ms
08-05 21:50:31.509 14088 14099 I art     : Starting a blocking GC Explicit
08-05 21:50:31.555 14088 14099 I art     : Explicit concurrent mark sweep GC freed 3(96B) AllocSpace objects, 0(0B) LOS objects, 38% free, 25MB/41MB, paused 433us total 45.705ms
08-05 21:50:31.695   918  3261 D WifiStateMachine: starting scan for "H369AA63323"WPA_PSK with 2412,5180
08-05 21:50:31.896 14088 14580 I art     : Starting a blocking GC Explicit
08-05 21:50:31.959 14088 14580 I art     : Explicit concurrent mark sweep GC freed 1293(75KB) AllocSpace objects, 1(20KB) LOS objects, 38% free, 25MB/41MB, paused 462us total 62.680ms
08-05 21:50:31.982 14088 14580 I art     : Starting a blocking GC Explicit
08-05 21:50:32.027 14088 14580 I art     : Explicit concurrent mark sweep GC freed 18(624B) AllocSpace objects, 0(0B) LOS objects, 38% free, 25MB/41MB, paused 439us total 44.154ms
08-05 21:50:32.043 14088 14580 I art     : Starting a blocking GC Explicit
08-05 21:50:32.088 14088 14580 I art     : Explicit concurrent mark sweep GC freed 3(96B) AllocSpace objects, 0(0B) LOS objects, 38% free, 25MB/41MB, paused 423us total 45.032ms
08-05 21:50:32.104 14088 14580 I art     : Starting a blocking GC Explicit
08-05 21:50:32.148 14088 14580 I art     : Explicit concurrent mark sweep GC freed 3(96B) AllocSpace objects, 0(0B) LOS objects, 38% free, 25MB/41MB, paused 447us total 44.470ms
08-05 21:50:32.164 14088 14580 I art     : Starting a blocking GC Explicit
08-05 21:50:32.211 14088 14580 I art     : Explicit concurrent mark sweep GC freed 3(96B) AllocSpace objects, 0(0B) LOS objects, 38% free, 25MB/41MB, paused 449us total 45.789ms
08-05 21:50:32.525 14088 14100 I art     : Starting a blocking GC Explicit
08-05 21:50:32.576 14088 14100 I art     : Explicit concurrent mark sweep GC freed 1306(76KB) AllocSpace objects, 1(20KB) LOS objects, 38% free, 25MB/41MB, paused 490us total 50.469ms
08-05 21:50:32.596 14088 14100 I art     : Starting a blocking GC Explicit
08-05 21:50:32.636 14088 14100 I art     : Explicit concurrent mark sweep GC freed 23(1248B) AllocSpace objects, 0(0B) LOS objects, 38% free, 25MB/41MB, paused 431us total 40.419ms
08-05 21:50:32.651 14088 14100 I art     : Starting a blocking GC Explicit
08-05 21:50:32.691 14088 14100 I art     : Explicit concurrent mark sweep GC freed 3(96B) AllocSpace objects, 0(0B) LOS objects, 38% free, 25MB/41MB, paused 419us total 39.584ms
08-05 21:50:32.706 14088 14100 I art     : Starting a blocking GC Explicit
08-05 21:50:32.751 14088 14100 I art     : Explicit concurrent mark sweep GC freed 6(144B) AllocSpace objects, 0(0B) LOS objects, 38% free, 25MB/41MB, paused 412us total 44.230ms
08-05 21:50:32.768 14088 14100 I art     : Starting a blocking GC Explicit
08-05 21:50:32.814 14088 14100 I art     : Explicit concurrent mark sweep GC freed 30(1152B) AllocSpace objects, 0(0B) LOS objects, 38% free, 25MB/41MB, paused 435us total 45.520ms
08-05 21:50:32.931 14622 14622 D AndroidRuntime: >>>>>> START com.android.internal.os.RuntimeInit uid 2000 <<<<<<
08-05 21:50:32.938 14622 14622 D AndroidRuntime: CheckJNI is OFF
08-05 21:50:32.984 14622 14622 D ICU     : No timezone override file found: /data/misc/zoneinfo/current/icu/icu_tzdata.dat
08-05 21:50:33.026 14622 14622 I Radio-JNI: register_android_hardware_Radio DONE
08-05 21:50:33.055 14622 14622 D AndroidRuntime: Calling main entry com.android.commands.input.Input
08-05 21:50:33.057 14622 14622 I Input   : injectMotionEvent: MotionEvent { action=ACTION_DOWN, actionButton=0, id[0]=0, x[0]=1215.0, y[0]=1450.0, toolType[0]=TOOL_TYPE_UNKNOWN, buttonState=0, metaState=0, flags=0x0, edgeFlags=0x0, pointerCount=1, historySize=0, eventTime=827449470, downTime=827449470, deviceId=0, source=0x1002 }
08-05 21:50:33.063 14622 14622 I Input   : injectMotionEvent: MotionEvent { action=ACTION_UP, actionButton=0, id[0]=0, x[0]=1215.0, y[0]=1450.0, toolType[0]=TOOL_TYPE_UNKNOWN, buttonState=0, metaState=0, flags=0x0, edgeFlags=0x0, pointerCount=1, historySize=0, eventTime=827449470, downTime=827449470, deviceId=0, source=0x1002 }
08-05 21:50:33.064 14622 14622 D AndroidRuntime: Shutting down VM
08-05 21:50:33.078   512  2967 D audio_hw_primary: out_set_parameters: enter: usecase(1: low-latency-playback) kvpairs: routing=2
08-05 21:50:33.093   512  2967 D audio_hw_primary: select_devices: out_snd_device(2: speaker) in_snd_device(0: none)
08-05 21:50:33.093   512  2967 D msm8974_platform: platform_send_audio_calibration: sending audio calibration for snd_device(2) acdb_id(15)
08-05 21:50:33.093   512  2967 I soundtrigger: audio_extn_sound_trigger_update_device_status: device 0x2 of type 0 for Event 1
08-05 21:50:33.105   512  2967 D audio_hw_primary: enable_snd_device: snd_device(2: speaker)
08-05 21:50:33.107   512  2967 D audio_hw_primary: enable_audio_route: apply and update mixer path: low-latency-playback speaker
08-05 21:50:33.156 14088 14522 I art     : Starting a blocking GC Explicit
08-05 21:50:33.203 14088 14522 I art     : Explicit concurrent mark sweep GC freed 1762(112KB) AllocSpace objects, 1(20KB) LOS objects, 38% free, 25MB/41MB, paused 462us total 46.882ms
08-05 21:50:33.203 14088 14098 I art     : WaitForGcToComplete blocked for 31.744ms for cause HeapTrim
08-05 21:50:33.221 14088 14522 I art     : Starting a blocking GC Explicit
08-05 21:50:33.263 14088 14522 I art     : Explicit concurrent mark sweep GC freed 1192(84KB) AllocSpace objects, 1(40KB) LOS objects, 38% free, 25MB/41MB, paused 391us total 41.120ms
08-05 21:50:33.280 14088 14522 I art     : Starting a blocking GC Explicit
08-05 21:50:33.327 14088 14522 I art     : Explicit concurrent mark sweep GC freed 3(96B) AllocSpace objects, 0(0B) LOS objects, 38% free, 25MB/41MB, paused 423us total 46.551ms
08-05 21:50:33.344 14088 14522 I art     : Starting a blocking GC Explicit
08-05 21:50:33.385 14088 14522 I art     : Explicit concurrent mark sweep GC freed 3(96B) AllocSpace objects, 0(0B) LOS objects, 38% free, 25MB/41MB, paused 422us total 39.875ms
08-05 21:50:33.399 14088 14522 I art     : Starting a blocking GC Explicit
08-05 21:50:33.439 14088 14522 I art     : Explicit concurrent mark sweep GC freed 3(96B) AllocSpace objects, 0(0B) LOS objects, 38% free, 25MB/41MB, paused 416us total 39.714ms
08-05 21:50:33.648   512  2967 D audio_hw_primary: disable_audio_route: reset and update mixer path: low-latency-playback speaker
08-05 21:50:33.650   512  2967 D audio_hw_primary: disable_snd_device: snd_device(2: speaker)
08-05 21:50:33.657   512  2967 I soundtrigger: audio_extn_sound_trigger_update_device_status: device 0x2 of type 0 for Event 0
08-05 21:50:33.749 14088 14100 I art     : Starting a blocking GC Explicit
08-05 21:50:33.803 14088 14100 I art     : Explicit concurrent mark sweep GC freed 1293(75KB) AllocSpace objects, 1(20KB) LOS objects, 38% free, 25MB/41MB, paused 465us total 53.074ms
08-05 21:50:33.819 14088 14100 I art     : Starting a blocking GC Explicit
08-05 21:50:33.861 14088 14100 I art     : Explicit concurrent mark sweep GC freed 20(704B) AllocSpace objects, 0(0B) LOS objects, 38% free, 25MB/41MB, paused 417us total 41.251ms
08-05 21:50:33.876 14088 14100 I art     : Starting a blocking GC Explicit
08-05 21:50:33.917 14088 14100 I art     : Explicit concurrent mark sweep GC freed 3(96B) AllocSpace objects, 0(0B) LOS objects, 38% free, 25MB/41MB, paused 540us total 40.920ms
08-05 21:50:33.933 14088 14100 I art     : Starting a blocking GC Explicit
08-05 21:50:33.974 14088 14100 I art     : Explicit concurrent mark sweep GC freed 3(96B) AllocSpace objects, 0(0B) LOS objects, 38% free, 25MB/41MB, paused 414us total 41.062ms
08-05 21:50:33.989 14088 14100 I art     : Starting a blocking GC Explicit
08-05 21:50:34.031 14088 14100 I art     : Explicit concurrent mark sweep GC freed 3(96B) AllocSpace objects, 0(0B) LOS objects, 38% free, 25MB/41MB, paused 421us total 41.060ms
08-05 21:50:34.274 13866 13882 I PeriodicStatsRunner: PeriodicStatsRunner.call():175 call()
08-05 21:50:34.275 13866 13882 I PeriodicStatsRunner: PeriodicStatsRunner.call():179 No submit PeriodicStats since input started.
08-05 21:50:34.352 14088 14317 I art     : Starting a blocking GC Explicit
08-05 21:50:34.393 14088 14317 I art     : Explicit concurrent mark sweep GC freed 1293(75KB) AllocSpace objects, 1(20KB) LOS objects, 38% free, 25MB/41MB, paused 427us total 40.374ms
08-05 21:50:34.408 14088 14317 I art     : Starting a blocking GC Explicit
08-05 21:50:34.446 14088 14317 I art     : Explicit concurrent mark sweep GC freed 18(624B) AllocSpace objects, 0(0B) LOS objects, 38% free, 25MB/41MB, paused 422us total 37.968ms
08-05 21:50:34.461 14088 14317 I art     : Starting a blocking GC Explicit
08-05 21:50:34.501 14088 14317 I art     : Explicit concurrent mark sweep GC freed 3(96B) AllocSpace objects, 0(0B) LOS objects, 38% free, 25MB/41MB, paused 408us total 40.016ms
08-05 21:50:34.516 14088 14317 I art     : Starting a blocking GC Explicit
08-05 21:50:34.555 14088 14317 I art     : Explicit concurrent mark sweep GC freed 3(96B) AllocSpace objects, 0(0B) LOS objects, 38% free, 25MB/41MB, paused 423us total 38.643ms
08-05 21:50:34.570 14088 14317 I art     : Starting a blocking GC Explicit
08-05 21:50:34.609 14088 14317 I art     : Explicit concurrent mark sweep GC freed 3(96B) AllocSpace objects, 0(0B) LOS objects, 38% free, 25MB/41MB, paused 437us total 38.801ms
08-05 21:50:34.837 14675 14675 D AndroidRuntime: >>>>>> START com.android.internal.os.RuntimeInit uid 2000 <<<<<<
08-05 21:50:34.847 14675 14675 D AndroidRuntime: CheckJNI is OFF
08-05 21:50:34.891 14675 14675 D ICU     : No timezone override file found: /data/misc/zoneinfo/current/icu/icu_tzdata.dat
08-05 21:50:34.937 14675 14675 I Radio-JNI: register_android_hardware_Radio DONE
08-05 21:50:34.962 14088 14100 I art     : Starting a blocking GC Explicit
08-05 21:50:34.968 14675 14675 D AndroidRuntime: Calling main entry com.android.commands.input.Input
08-05 21:50:34.970 14675 14675 I Input   : injectMotionEvent: MotionEvent { action=ACTION_DOWN, actionButton=0, id[0]=0, x[0]=1215.0, y[0]=1482.0, toolType[0]=TOOL_TYPE_UNKNOWN, buttonState=0, metaState=0, flags=0x0, edgeFlags=0x0, pointerCount=1, historySize=0, eventTime=827451383, downTime=827451383, deviceId=0, source=0x1002 }
08-05 21:50:34.979 14675 14675 I Input   : injectMotionEvent: MotionEvent { action=ACTION_UP, actionButton=0, id[0]=0, x[0]=1215.0, y[0]=1482.0, toolType[0]=TOOL_TYPE_UNKNOWN, buttonState=0, metaState=0, flags=0x0, edgeFlags=0x0, pointerCount=1, historySize=0, eventTime=827451383, downTime=827451383, deviceId=0, source=0x1002 }
08-05 21:50:34.980 14675 14675 D AndroidRuntime: Shutting down VM
08-05 21:50:34.994 14088 14088 I SettingsManager: Setting boolean: completedTutorial
08-05 21:50:34.997   512  2967 D audio_hw_primary: out_set_parameters: enter: usecase(1: low-latency-playback) kvpairs: routing=2
08-05 21:50:35.005   918  6111 W BackupManagerService: dataChanged but no participant pkg='baseline.com.ak.uobtimetable' uid=10684
08-05 21:50:35.010   512  2967 D audio_hw_primary: select_devices: out_snd_device(2: speaker) in_snd_device(0: none)
08-05 21:50:35.010   512  2967 D msm8974_platform: platform_send_audio_calibration: sending audio calibration for snd_device(2) acdb_id(15)
08-05 21:50:35.010   512  2967 I soundtrigger: audio_extn_sound_trigger_update_device_status: device 0x2 of type 0 for Event 1
08-05 21:50:35.011 14088 14100 I art     : Explicit concurrent mark sweep GC freed 1435(93KB) AllocSpace objects, 2(40KB) LOS objects, 38% free, 25MB/41MB, paused 614us total 48.996ms
08-05 21:50:35.017   918  3696 W InputMethodManagerService: Window already focused, ignoring focus gain of: com.android.internal.view.IInputMethodClient$Stub$Proxy@f9c1db3 attribute=null, token = android.os.BinderProxy@555e341
08-05 21:50:35.021   512  2967 D audio_hw_primary: enable_snd_device: snd_device(2: speaker)
08-05 21:50:35.026   512  2967 D audio_hw_primary: enable_audio_route: apply and update mixer path: low-latency-playback speaker
08-05 21:50:35.028 14088 14100 I art     : Starting a blocking GC Explicit
08-05 21:50:35.064 14088 14100 I art     : Explicit concurrent mark sweep GC freed 99(3KB) AllocSpace objects, 0(0B) LOS objects, 38% free, 25MB/41MB, paused 381us total 34.884ms
08-05 21:50:35.079 14088 14100 I art     : Starting a blocking GC Explicit
08-05 21:50:35.115 14088 14100 I art     : Explicit concurrent mark sweep GC freed 985(68KB) AllocSpace objects, 1(40KB) LOS objects, 38% free, 25MB/41MB, paused 379us total 36.013ms
08-05 21:50:35.131 14088 14100 I art     : Starting a blocking GC Explicit
08-05 21:50:35.173 14088 14100 I art     : Explicit concurrent mark sweep GC freed 3(96B) AllocSpace objects, 0(0B) LOS objects, 38% free, 25MB/41MB, paused 387us total 41.795ms
08-05 21:50:35.188 14088 14100 I art     : Starting a blocking GC Explicit
08-05 21:50:35.229 14088 14100 I art     : Explicit concurrent mark sweep GC freed 3(96B) AllocSpace objects, 0(0B) LOS objects, 38% free, 25MB/41MB, paused 383us total 40.327ms
08-05 21:50:35.523 14088 14317 I art     : Starting a blocking GC Explicit
08-05 21:50:35.569   512  2967 D audio_hw_primary: disable_audio_route: reset and update mixer path: low-latency-playback speaker
08-05 21:50:35.571   512  2967 D audio_hw_primary: disable_snd_device: snd_device(2: speaker)
08-05 21:50:35.572 14088 14317 I art     : Explicit concurrent mark sweep GC freed 1293(75KB) AllocSpace objects, 1(20KB) LOS objects, 38% free, 25MB/41MB, paused 448us total 48.425ms
08-05 21:50:35.580   512  2967 I soundtrigger: audio_extn_sound_trigger_update_device_status: device 0x2 of type 0 for Event 0
08-05 21:50:35.589 14088 14317 I art     : Starting a blocking GC Explicit
08-05 21:50:35.629 14088 14317 I art     : Explicit concurrent mark sweep GC freed 18(624B) AllocSpace objects, 0(0B) LOS objects, 38% free, 25MB/41MB, paused 499us total 39.507ms
08-05 21:50:35.644 14088 14317 I art     : Starting a blocking GC Explicit
08-05 21:50:35.684 14088 14317 I art     : Explicit concurrent mark sweep GC freed 3(96B) AllocSpace objects, 0(0B) LOS objects, 38% free, 25MB/41MB, paused 429us total 39.803ms
08-05 21:50:35.699 14088 14317 I art     : Starting a blocking GC Explicit
08-05 21:50:35.740 14088 14317 I art     : Explicit concurrent mark sweep GC freed 3(96B) AllocSpace objects, 0(0B) LOS objects, 38% free, 25MB/41MB, paused 419us total 40.350ms
08-05 21:50:35.755 14088 14317 I art     : Starting a blocking GC Explicit
08-05 21:50:35.796 14088 14317 I art     : Explicit concurrent mark sweep GC freed 3(96B) AllocSpace objects, 0(0B) LOS objects, 38% free, 25MB/41MB, paused 415us total 40.440ms
08-05 21:50:36.113 14088 14580 I art     : Starting a blocking GC Explicit
08-05 21:50:36.171 14088 14580 I art     : Explicit concurrent mark sweep GC freed 1293(75KB) AllocSpace objects, 1(20KB) LOS objects, 38% free, 25MB/41MB, paused 520us total 57.092ms
08-05 21:50:36.190 14088 14580 I art     : Starting a blocking GC Explicit
08-05 21:50:36.228 14088 14580 I art     : Explicit concurrent mark sweep GC freed 18(624B) AllocSpace objects, 0(0B) LOS objects, 38% free, 25MB/41MB, paused 415us total 37.438ms
08-05 21:50:36.242 14088 14580 I art     : Starting a blocking GC Explicit
08-05 21:50:36.280 14088 14580 I art     : Explicit concurrent mark sweep GC freed 3(96B) AllocSpace objects, 0(0B) LOS objects, 38% free, 25MB/41MB, paused 395us total 37.475ms
08-05 21:50:36.295 14088 14580 I art     : Starting a blocking GC Explicit
08-05 21:50:36.333 14088 14580 I art     : Explicit concurrent mark sweep GC freed 3(96B) AllocSpace objects, 0(0B) LOS objects, 38% free, 25MB/41MB, paused 420us total 37.766ms
08-05 21:50:36.348 14088 14580 I art     : Starting a blocking GC Explicit
08-05 21:50:36.387 14088 14580 I art     : Explicit concurrent mark sweep GC freed 3(96B) AllocSpace objects, 0(0B) LOS objects, 38% free, 25MB/41MB, paused 403us total 39.157ms
08-05 21:50:36.690 14088 14522 I art     : Starting a blocking GC Explicit
08-05 21:50:36.743 14088 14522 I art     : Explicit concurrent mark sweep GC freed 1293(75KB) AllocSpace objects, 1(20KB) LOS objects, 38% free, 25MB/41MB, paused 485us total 52.580ms
08-05 21:50:36.758 14088 14522 I art     : Starting a blocking GC Explicit
08-05 21:50:36.779 14718 14718 D AndroidRuntime: >>>>>> START com.android.internal.os.RuntimeInit uid 2000 <<<<<<
08-05 21:50:36.784 14718 14718 D AndroidRuntime: CheckJNI is OFF
08-05 21:50:36.793 14088 14522 I art     : Explicit concurrent mark sweep GC freed 18(624B) AllocSpace objects, 0(0B) LOS objects, 38% free, 25MB/41MB, paused 409us total 34.406ms
08-05 21:50:36.806 14088 14522 I art     : Starting a blocking GC Explicit
08-05 21:50:36.827 14718 14718 D ICU     : No timezone override file found: /data/misc/zoneinfo/current/icu/icu_tzdata.dat
08-05 21:50:36.844 14088 14522 I art     : Explicit concurrent mark sweep GC freed 3(96B) AllocSpace objects, 0(0B) LOS objects, 38% free, 25MB/41MB, paused 428us total 37.260ms
08-05 21:50:36.859 14088 14522 I art     : Starting a blocking GC Explicit
08-05 21:50:36.873 14718 14718 I Radio-JNI: register_android_hardware_Radio DONE
08-05 21:50:36.900 14088 14522 I art     : Explicit concurrent mark sweep GC freed 3(96B) AllocSpace objects, 0(0B) LOS objects, 38% free, 25MB/41MB, paused 435us total 40.852ms
08-05 21:50:36.903 14718 14718 D AndroidRuntime: Calling main entry com.android.commands.input.Input
08-05 21:50:36.905 14718 14718 I Input   : injectMotionEvent: MotionEvent { action=ACTION_DOWN, actionButton=0, id[0]=0, x[0]=81.0, y[0]=176.0, toolType[0]=TOOL_TYPE_UNKNOWN, buttonState=0, metaState=0, flags=0x0, edgeFlags=0x0, pointerCount=1, historySize=0, eventTime=827453317, downTime=827453317, deviceId=0, source=0x1002 }
08-05 21:50:36.912 14718 14718 I Input   : injectMotionEvent: MotionEvent { action=ACTION_UP, actionButton=0, id[0]=0, x[0]=81.0, y[0]=176.0, toolType[0]=TOOL_TYPE_UNKNOWN, buttonState=0, metaState=0, flags=0x0, edgeFlags=0x0, pointerCount=1, historySize=0, eventTime=827453317, downTime=827453317, deviceId=0, source=0x1002 }
08-05 21:50:36.913 14718 14718 D AndroidRuntime: Shutting down VM
08-05 21:50:36.915 14088 14522 I art     : Starting a blocking GC Explicit
08-05 21:50:36.928   512  2967 D audio_hw_primary: out_set_parameters: enter: usecase(1: low-latency-playback) kvpairs: routing=2
08-05 21:50:36.941   512  2967 D audio_hw_primary: select_devices: out_snd_device(2: speaker) in_snd_device(0: none)
08-05 21:50:36.941   512  2967 D msm8974_platform: platform_send_audio_calibration: sending audio calibration for snd_device(2) acdb_id(15)
08-05 21:50:36.942   512  2967 I soundtrigger: audio_extn_sound_trigger_update_device_status: device 0x2 of type 0 for Event 1
08-05 21:50:36.955 14088 14522 I art     : Explicit concurrent mark sweep GC freed 43(1488B) AllocSpace objects, 0(0B) LOS objects, 38% free, 25MB/41MB, paused 386us total 40.162ms
08-05 21:50:36.957   512  2967 D audio_hw_primary: enable_snd_device: snd_device(2: speaker)
08-05 21:50:36.959   512  2967 D audio_hw_primary: enable_audio_route: apply and update mixer path: low-latency-playback speaker
08-05 21:50:36.991 13866 13866 I GoogleInputMethodServic: GoogleInputMethodService.onFinishInput():3138 
08-05 21:50:36.994 13866 13866 I GoogleInputMethodServic: GoogleInputMethodService.onStartInput():1808 
08-05 21:50:37.253 14088 14100 I art     : Starting a blocking GC Explicit
08-05 21:50:37.296 14088 14100 I art     : Explicit concurrent mark sweep GC freed 1675(95KB) AllocSpace objects, 1(20KB) LOS objects, 38% free, 25MB/41MB, paused 528us total 42.404ms
08-05 21:50:37.312 14088 14100 I art     : Starting a blocking GC Explicit
08-05 21:50:37.350 14088 14100 I art     : Explicit concurrent mark sweep GC freed 35(1360B) AllocSpace objects, 0(0B) LOS objects, 38% free, 25MB/41MB, paused 373us total 38.190ms
08-05 21:50:37.365 14088 14100 I art     : Starting a blocking GC Explicit
08-05 21:50:37.401 14088 14100 I art     : Explicit concurrent mark sweep GC freed 5(160B) AllocSpace objects, 0(0B) LOS objects, 38% free, 25MB/41MB, paused 377us total 36.149ms
08-05 21:50:37.417 14088 14100 I art     : Starting a blocking GC Explicit
08-05 21:50:37.454 14088 14100 I art     : Explicit concurrent mark sweep GC freed 3(96B) AllocSpace objects, 0(0B) LOS objects, 38% free, 25MB/41MB, paused 401us total 37.217ms
08-05 21:50:37.468 14088 14100 I art     : Starting a blocking GC Explicit
08-05 21:50:37.489   512  2967 D audio_hw_primary: disable_audio_route: reset and update mixer path: low-latency-playback speaker
08-05 21:50:37.490   512  2967 D audio_hw_primary: disable_snd_device: snd_device(2: speaker)
08-05 21:50:37.498   512  2967 I soundtrigger: audio_extn_sound_trigger_update_device_status: device 0x2 of type 0 for Event 0
08-05 21:50:37.506 14088 14100 I art     : Explicit concurrent mark sweep GC freed 3(96B) AllocSpace objects, 0(0B) LOS objects, 38% free, 25MB/41MB, paused 406us total 36.966ms
08-05 21:50:37.762   518   646 I ThermalEngine: ACTION: GPU - Setting GPU[0] to 510000000
08-05 21:50:37.827 14088 14317 I art     : Starting a blocking GC Explicit
08-05 21:50:37.871 14088 14317 I art     : Explicit concurrent mark sweep GC freed 1293(75KB) AllocSpace objects, 1(20KB) LOS objects, 38% free, 25MB/41MB, paused 346us total 43.215ms
08-05 21:50:37.888 14088 14317 I art     : Starting a blocking GC Explicit
08-05 21:50:37.921 14088 14317 I art     : Explicit concurrent mark sweep GC freed 20(688B) AllocSpace objects, 0(0B) LOS objects, 38% free, 25MB/41MB, paused 317us total 33.275ms
08-05 21:50:37.934 14088 14317 I art     : Starting a blocking GC Explicit
08-05 21:50:37.968 14088 14317 I art     : Explicit concurrent mark sweep GC freed 3(96B) AllocSpace objects, 0(0B) LOS objects, 38% free, 25MB/41MB, paused 333us total 33.566ms
08-05 21:50:37.980 14088 14317 I art     : Starting a blocking GC Explicit
08-05 21:50:38.014 14088 14317 I art     : Explicit concurrent mark sweep GC freed 3(96B) AllocSpace objects, 0(0B) LOS objects, 38% free, 25MB/41MB, paused 320us total 33.389ms
08-05 21:50:38.026 14088 14317 I art     : Starting a blocking GC Explicit
08-05 21:50:38.059 14088 14317 I art     : Explicit concurrent mark sweep GC freed 3(96B) AllocSpace objects, 0(0B) LOS objects, 38% free, 25MB/41MB, paused 317us total 32.621ms
08-05 21:50:38.308  8696  8696 I ServiceManager: Waiting for service AtCmdFwd...
08-05 21:50:38.338 14088 14100 I art     : Starting a blocking GC Explicit
08-05 21:50:38.371 14088 14100 I art     : Explicit concurrent mark sweep GC freed 1293(75KB) AllocSpace objects, 1(20KB) LOS objects, 38% free, 25MB/41MB, paused 332us total 32.700ms
08-05 21:50:38.383 14088 14100 I art     : Starting a blocking GC Explicit
08-05 21:50:38.414 14088 14100 I art     : Explicit concurrent mark sweep GC freed 18(624B) AllocSpace objects, 0(0B) LOS objects, 38% free, 25MB/41MB, paused 312us total 30.852ms
08-05 21:50:38.426 14088 14100 I art     : Starting a blocking GC Explicit
08-05 21:50:38.457 14088 14100 I art     : Explicit concurrent mark sweep GC freed 3(96B) AllocSpace objects, 0(0B) LOS objects, 38% free, 25MB/41MB, paused 309us total 30.787ms
08-05 21:50:38.468 14088 14100 I art     : Starting a blocking GC Explicit
08-05 21:50:38.500 14088 14100 I art     : Explicit concurrent mark sweep GC freed 3(96B) AllocSpace objects, 0(0B) LOS objects, 38% free, 25MB/41MB, paused 303us total 30.996ms
08-05 21:50:38.511 14088 14100 I art     : Starting a blocking GC Explicit
08-05 21:50:38.542 14088 14100 I art     : Explicit concurrent mark sweep GC freed 3(96B) AllocSpace objects, 0(0B) LOS objects, 38% free, 25MB/41MB, paused 310us total 30.617ms
08-05 21:50:38.595 14762 14762 D AndroidRuntime: >>>>>> START com.android.internal.os.RuntimeInit uid 2000 <<<<<<
08-05 21:50:38.599 14762 14762 D AndroidRuntime: CheckJNI is OFF
08-05 21:50:38.632 14762 14762 D ICU     : No timezone override file found: /data/misc/zoneinfo/current/icu/icu_tzdata.dat
08-05 21:50:38.666 14762 14762 I Radio-JNI: register_android_hardware_Radio DONE
08-05 21:50:38.688 14762 14762 D AndroidRuntime: Calling main entry com.android.commands.input.Input
08-05 21:50:38.690 14762 14762 I Input   : injectMotionEvent: MotionEvent { action=ACTION_DOWN, actionButton=0, id[0]=0, x[0]=436.0, y[0]=1770.0, toolType[0]=TOOL_TYPE_UNKNOWN, buttonState=0, metaState=0, flags=0x0, edgeFlags=0x0, pointerCount=1, historySize=0, eventTime=827455102, downTime=827455102, deviceId=0, source=0x1002 }
08-05 21:50:38.694 14762 14762 I Input   : injectMotionEvent: MotionEvent { action=ACTION_UP, actionButton=0, id[0]=0, x[0]=436.0, y[0]=1770.0, toolType[0]=TOOL_TYPE_UNKNOWN, buttonState=0, metaState=0, flags=0x0, edgeFlags=0x0, pointerCount=1, historySize=0, eventTime=827455102, downTime=827455102, deviceId=0, source=0x1002 }
08-05 21:50:38.697 14762 14762 D AndroidRuntime: Shutting down VM
08-05 21:50:38.712 14088 14088 D MainActivity: NavigationItemSelected: Courses
08-05 21:50:38.714   512  2967 D audio_hw_primary: out_set_parameters: enter: usecase(1: low-latency-playback) kvpairs: routing=2
08-05 21:50:38.715   918  3961 I ActivityManager: START u0 {cmp=baseline.com.ak.uobtimetable/.CourseListActivity} from uid 10684 on display 0
08-05 21:50:38.727   512  2967 D audio_hw_primary: select_devices: out_snd_device(2: speaker) in_snd_device(0: none)
08-05 21:50:38.727   512  2967 D msm8974_platform: platform_send_audio_calibration: sending audio calibration for snd_device(2) acdb_id(15)
08-05 21:50:38.727   512  2967 I soundtrigger: audio_extn_sound_trigger_update_device_status: device 0x2 of type 0 for Event 1
08-05 21:50:38.738 14088 14088 D MainActivity: OnPause
08-05 21:50:38.746   512  2967 D audio_hw_primary: enable_snd_device: snd_device(2: speaker)
08-05 21:50:38.749   512  2967 D audio_hw_primary: enable_audio_route: apply and update mixer path: low-latency-playback speaker
08-05 21:50:38.773 14088 14088 D CourseListActivity: onCreate
08-05 21:50:38.775 14088 14795 D HTTP    : Request for: https://uob-timetable-api.adriankeenan.co.uk/courses
08-05 21:50:38.811 14088 14100 I art     : Starting a blocking GC Explicit
08-05 21:50:38.832 13866 13866 I GoogleInputMethodServic: GoogleInputMethodService.onFinishInput():3138 
08-05 21:50:38.833   918   936 I ActivityManager: Displayed baseline.com.ak.uobtimetable/.CourseListActivity: +94ms
08-05 21:50:38.833 13866 13866 I GoogleInputMethodServic: GoogleInputMethodService.onStartInput():1808 
08-05 21:50:38.842 14088 14100 I art     : Explicit concurrent mark sweep GC freed 4021(219KB) AllocSpace objects, 1(20KB) LOS objects, 38% free, 25MB/41MB, paused 431us total 30.394ms
08-05 21:50:38.853 14088 14100 I art     : Starting a blocking GC Explicit
08-05 21:50:38.883 14088 14100 I art     : Explicit concurrent mark sweep GC freed 693(38KB) AllocSpace objects, 0(0B) LOS objects, 38% free, 25MB/41MB, paused 352us total 28.785ms
08-05 21:50:38.894 14088 14100 I art     : Starting a blocking GC Explicit
08-05 21:50:38.923 14088 14100 I art     : Explicit concurrent mark sweep GC freed 491(49KB) AllocSpace objects, 0(0B) LOS objects, 38% free, 26MB/42MB, paused 385us total 28.957ms
08-05 21:50:38.934 14088 14100 I art     : Starting a blocking GC Explicit
08-05 21:50:38.963 14088 14100 I art     : Explicit concurrent mark sweep GC freed 1886(77KB) AllocSpace objects, 2(120KB) LOS objects, 37% free, 26MB/42MB, paused 354us total 29.600ms
08-05 21:50:38.975 14088 14100 I art     : Starting a blocking GC Explicit
08-05 21:50:38.990 14088 14795 I NAPPA_EXPERIMENTATION: MetricNetworkRequestExecutionTime: REQUEST_DURATION_SYSTEM='215',REQUEST_DURATION_OKHTTP='41',REQUEST_SYNCHRONOUS='TRUE',RESPONSE_CODE='200',RESPONSE_METHOD='GET',RESPONSE_LENGTH_OKHTTP='-1',RESPONSE_LENGTH_HEADER='-2',REQUEST_PROTOCOL='http/1.1',REQUEST_URL='https://uob-timetable-api.adriankeenan.co.uk/courses',
08-05 21:50:39.006 14088 14100 I art     : Explicit concurrent mark sweep GC freed 1059(130KB) AllocSpace objects, 1(80KB) LOS objects, 38% free, 26MB/42MB, paused 345us total 30.585ms
08-05 21:50:39.196 14088 14088 D MainActivity: Saving state
08-05 21:50:39.197 14088 14088 D MainActivity: Saving current fragment: SessionListsFragment
08-05 21:50:39.197 14088 14088 D MainActivity: Saving current index: 3
08-05 21:50:39.201 14088 14088 D SessionListsFragment: Saving state
08-05 21:50:39.259 14088 14522 I art     : Starting a blocking GC Explicit
08-05 21:50:39.287 14088 14522 I art     : Explicit concurrent mark sweep GC freed 50(2832B) AllocSpace objects, 0(0B) LOS objects, 24% free, 48MB/64MB, paused 421us total 27.733ms
08-05 21:50:39.288   512  2967 D audio_hw_primary: disable_audio_route: reset and update mixer path: low-latency-playback speaker
08-05 21:50:39.289   512  2967 D audio_hw_primary: disable_snd_device: snd_device(2: speaker)
08-05 21:50:39.296   512  2967 I soundtrigger: audio_extn_sound_trigger_update_device_status: device 0x2 of type 0 for Event 0
08-05 21:50:39.298 14088 14522 I art     : Starting a blocking GC Explicit
08-05 21:50:39.308  8696  8696 I ServiceManager: Waiting for service AtCmdFwd...
08-05 21:50:39.327 14088 14522 I art     : Explicit concurrent mark sweep GC freed 23(864B) AllocSpace objects, 0(0B) LOS objects, 24% free, 48MB/64MB, paused 494us total 29.093ms
08-05 21:50:39.338 14088 14522 I art     : Starting a blocking GC Explicit
08-05 21:50:39.366 14088 14522 I art     : Explicit concurrent mark sweep GC freed 28(1088B) AllocSpace objects, 0(0B) LOS objects, 24% free, 48MB/64MB, paused 370us total 28.071ms
08-05 21:50:39.377 14088 14522 I art     : Starting a blocking GC Explicit
08-05 21:50:39.395 14088 14795 I HTTP    : Response was compressed.
08-05 21:50:39.426 14088 14522 I art     : Explicit concurrent mark sweep GC freed 15952(737KB) AllocSpace objects, 0(0B) LOS objects, 20% free, 63MB/79MB, paused 622us total 48.719ms
08-05 21:50:39.437 14088 14522 I art     : Starting a blocking GC Explicit
08-05 21:50:39.475 14088 14522 I art     : Explicit concurrent mark sweep GC freed 24351(1134KB) AllocSpace objects, 2(22MB) LOS objects, 27% free, 41MB/57MB, paused 565us total 38.019ms
08-05 21:50:39.761 14088 14317 I art     : Starting a blocking GC Explicit
08-05 21:50:39.768   518   646 I ThermalEngine: ACTION: GPU - Setting GPU[0] to 450000000
08-05 21:50:39.826 14088 14317 I art     : Explicit concurrent mark sweep GC freed 185218(8MB) AllocSpace objects, 1(20KB) LOS objects, 27% free, 43MB/59MB, paused 853us total 65.050ms
08-05 21:50:39.844 14088 14317 I art     : Starting a blocking GC Explicit
08-05 21:50:39.893 14088 14317 I art     : Explicit concurrent mark sweep GC freed 43633(2045KB) AllocSpace objects, 0(0B) LOS objects, 27% free, 43MB/59MB, paused 916us total 48.435ms
08-05 21:50:39.910 14088 14317 I art     : Starting a blocking GC Explicit
08-05 21:50:39.958 14088 14317 I art     : Explicit concurrent mark sweep GC freed 36645(1739KB) AllocSpace objects, 0(0B) LOS objects, 26% free, 43MB/59MB, paused 872us total 48.364ms
08-05 21:50:39.975 14088 14317 I art     : Starting a blocking GC Explicit
08-05 21:50:40.025 14088 14317 I art     : Explicit concurrent mark sweep GC freed 36947(1741KB) AllocSpace objects, 0(0B) LOS objects, 26% free, 43MB/59MB, paused 1.065ms total 50.318ms
08-05 21:50:40.042 14088 14317 I art     : Starting a blocking GC Explicit
08-05 21:50:40.093 14088 14317 I art     : Explicit concurrent mark sweep GC freed 37217(1761KB) AllocSpace objects, 0(0B) LOS objects, 26% free, 43MB/59MB, paused 1.021ms total 50.875ms
08-05 21:50:40.308  8696  8696 I ServiceManager: Waiting for service AtCmdFwd...
08-05 21:50:40.413 14088 14100 I art     : Starting a blocking GC Explicit
08-05 21:50:40.490 14088 14100 I art     : Explicit concurrent mark sweep GC freed 203407(9MB) AllocSpace objects, 1(20KB) LOS objects, 25% free, 45MB/61MB, paused 918us total 76.469ms
08-05 21:50:40.510 14088 14100 I art     : Starting a blocking GC Explicit
08-05 21:50:40.566 14088 14100 I art     : Explicit concurrent mark sweep GC freed 46219(2MB) AllocSpace objects, 0(0B) LOS objects, 25% free, 45MB/61MB, paused 1.007ms total 55.267ms
08-05 21:50:40.585 14088 14100 I art     : Starting a blocking GC Explicit
08-05 21:50:40.642 14088 14100 I art     : Explicit concurrent mark sweep GC freed 38072(1816KB) AllocSpace objects, 0(0B) LOS objects, 25% free, 46MB/62MB, paused 1.196ms total 57.029ms
08-05 21:50:40.661 14088 14100 I art     : Starting a blocking GC Explicit
08-05 21:50:40.721 14088 14100 I art     : Explicit concurrent mark sweep GC freed 42399(1992KB) AllocSpace objects, 0(0B) LOS objects, 25% free, 46MB/62MB, paused 1.394ms total 59.699ms
08-05 21:50:40.741 14088 14100 I art     : Starting a blocking GC Explicit
08-05 21:50:40.800 14088 14100 I art     : Explicit concurrent mark sweep GC freed 42901(2013KB) AllocSpace objects, 0(0B) LOS objects, 25% free, 46MB/62MB, paused 1.155ms total 59.052ms
08-05 21:50:41.113 14088 14100 I art     : Starting a blocking GC Explicit
08-05 21:50:41.196 14088 14100 I art     : Explicit concurrent mark sweep GC freed 204711(9MB) AllocSpace objects, 1(20KB) LOS objects, 24% free, 48MB/64MB, paused 1.089ms total 82.285ms
08-05 21:50:41.218 14088 14100 I art     : Starting a blocking GC Explicit
08-05 21:50:41.283 14088 14100 I art     : Explicit concurrent mark sweep GC freed 54948(2MB) AllocSpace objects, 0(0B) LOS objects, 24% free, 48MB/64MB, paused 1.309ms total 64.829ms
08-05 21:50:41.303 14088 14100 I art     : Starting a blocking GC Explicit
08-05 21:50:41.309  8696  8696 I ServiceManager: Waiting for service AtCmdFwd...
08-05 21:50:41.369 14088 14100 I art     : Explicit concurrent mark sweep GC freed 47162(2MB) AllocSpace objects, 0(0B) LOS objects, 24% free, 48MB/64MB, paused 1.328ms total 65.849ms
08-05 21:50:41.390 14088 14100 I art     : Starting a blocking GC Explicit
08-05 21:50:41.459 14088 14100 I art     : Explicit concurrent mark sweep GC freed 47668(2MB) AllocSpace objects, 0(0B) LOS objects, 24% free, 49MB/65MB, paused 1.351ms total 69.247ms
08-05 21:50:41.480 14088 14100 I art     : Starting a blocking GC Explicit
08-05 21:50:41.550 14088 14100 I art     : Explicit concurrent mark sweep GC freed 48915(2MB) AllocSpace objects, 0(0B) LOS objects, 24% free, 49MB/65MB, paused 1.407ms total 69.244ms
08-05 21:50:41.863 14088 14580 I art     : Starting a blocking GC Explicit
08-05 21:50:41.956 14088 14580 I art     : Explicit concurrent mark sweep GC freed 211912(9MB) AllocSpace objects, 1(20KB) LOS objects, 23% free, 51MB/67MB, paused 1.231ms total 93.079ms
08-05 21:50:41.979 14088 14580 I art     : Starting a blocking GC Explicit
08-05 21:50:41.992 13866 13882 I PeriodicStatsRunner: PeriodicStatsRunner.call():175 call()
08-05 21:50:41.992 13866 13882 I PeriodicStatsRunner: PeriodicStatsRunner.call():179 No submit PeriodicStats since input started.
08-05 21:50:41.996   918  3188 I hubconnection: sensorhub said: 'set_bias 3: -6.2400, 0.0000, 0.0000'
08-05 21:50:42.053 14088 14580 I art     : Explicit concurrent mark sweep GC freed 60057(2MB) AllocSpace objects, 0(0B) LOS objects, 23% free, 51MB/67MB, paused 1.410ms total 73.759ms
08-05 21:50:42.075 14088 14580 I art     : Starting a blocking GC Explicit
08-05 21:50:42.153 14088 14580 I art     : Explicit concurrent mark sweep GC freed 53853(2MB) AllocSpace objects, 0(0B) LOS objects, 23% free, 52MB/68MB, paused 1.595ms total 77.519ms
08-05 21:50:42.168 14088 14795 I Service : getCourses response time: 0.69
08-05 21:50:42.175 14088 14580 I art     : Starting a blocking GC Explicit
08-05 21:50:42.183 14088 14088 I SettingsManager: Getting string: savedCourse
08-05 21:50:42.247 14088 14580 I art     : Explicit concurrent mark sweep GC freed 15235(763KB) AllocSpace objects, 1(14MB) LOS objects, 30% free, 37MB/53MB, paused 709us total 71.216ms
08-05 21:50:42.269 14088 14580 I art     : Starting a blocking GC Explicit
08-05 21:50:42.310  8696  8696 I ServiceManager: Waiting for service AtCmdFwd...
08-05 21:50:42.344 14088 14580 I art     : Explicit concurrent mark sweep GC freed 576(19KB) AllocSpace objects, 0(0B) LOS objects, 30% free, 37MB/53MB, paused 511us total 74.692ms
08-05 21:50:42.703 14088 14100 I art     : Starting a blocking GC Explicit
08-05 21:50:42.801 14088 14100 I art     : Explicit concurrent mark sweep GC freed 1956(138KB) AllocSpace objects, 1(20KB) LOS objects, 30% free, 37MB/53MB, paused 485us total 97.322ms
08-05 21:50:42.830 14088 14100 I art     : Starting a blocking GC Explicit
08-05 21:50:42.910 14088 14100 I art     : Explicit concurrent mark sweep GC freed 18(624B) AllocSpace objects, 0(0B) LOS objects, 30% free, 37MB/53MB, paused 472us total 79.936ms
08-05 21:50:42.935 14088 14100 I art     : Starting a blocking GC Explicit
08-05 21:50:42.998  5179  5194 D QcrilMsgTunnelSocket: readRilMessage: Buffer = [B@671e81d HexData = [010000000404000011000000514f454d484f4f4bef0308000100000003]
08-05 21:50:42.998  5179  5194 D QcrilMsgTunnelSocket: Rcvd UNSOL response with 28 bytes data for SUB0
08-05 21:50:42.998  5179  5194 D QcrilMsgTunnelSocket: Response ID 525295 is not served in this process.
08-05 21:50:42.998  5179  5194 D QcrilMsgTunnelSocket: To broadcast an Intent via the notifier to external apps
08-05 21:50:42.999  5179  5179 D QcrilMsgTunnelIfaceManager: handleMessage what = 0
08-05 21:50:42.999  5179  5179 D QcrilMsgTunnelIfaceManager: Broadcasting intent ACTION_UNSOL_RESPONSE_OEM_HOOK_RAW
08-05 21:50:43.001  5164  5164 D QC_RIL_OEM_HOOK: Received Broadcast Intent ACTION_UNSOL_RESPONSE_OEM_HOOK_RAW
08-05 21:50:43.002  5164  5164 D QC_RIL_OEM_HOOK: Oem ID in QCRILHOOK UNSOL RESP is QOEMHOOK
08-05 21:50:43.013 14088 14100 I art     : Explicit concurrent mark sweep GC freed 3(96B) AllocSpace objects, 0(0B) LOS objects, 30% free, 37MB/53MB, paused 414us total 76.991ms
08-05 21:50:43.037 14088 14100 I art     : Starting a blocking GC Explicit
08-05 21:50:43.116 14088 14100 I art     : Explicit concurrent mark sweep GC freed 3(96B) AllocSpace objects, 0(0B) LOS objects, 30% free, 37MB/53MB, paused 467us total 78.634ms
08-05 21:50:43.142 14088 14100 I art     : Starting a blocking GC Explicit
08-05 21:50:43.221 14088 14100 I art     : Explicit concurrent mark sweep GC freed 3(96B) AllocSpace objects, 0(0B) LOS objects, 30% free, 37MB/53MB, paused 430us total 78.786ms
08-05 21:50:43.310  8696  8696 W Atfwd_Sendcmd: AtCmdFwd service not published, waiting... retryCnt : 5
08-05 21:50:43.576 14088 14522 I art     : Starting a blocking GC Explicit
08-05 21:50:43.654 14088 14522 I art     : Explicit concurrent mark sweep GC freed 1309(76KB) AllocSpace objects, 1(20KB) LOS objects, 30% free, 37MB/53MB, paused 505us total 78.174ms
08-05 21:50:43.678 14088 14522 I art     : Starting a blocking GC Explicit
08-05 21:50:43.746 14088 14522 I art     : Explicit concurrent mark sweep GC freed 44(2288B) AllocSpace objects, 0(0B) LOS objects, 30% free, 37MB/53MB, paused 453us total 68.022ms
08-05 21:50:43.770 14088 14522 I art     : Starting a blocking GC Explicit
08-05 21:50:43.833 13866 13882 I PeriodicStatsRunner: PeriodicStatsRunner.call():175 call()
08-05 21:50:43.833 13866 13882 I PeriodicStatsRunner: PeriodicStatsRunner.call():179 No submit PeriodicStats since input started.
08-05 21:50:43.847 14088 14522 I art     : Explicit concurrent mark sweep GC freed 11(416B) AllocSpace objects, 0(0B) LOS objects, 30% free, 37MB/53MB, paused 521us total 76.909ms
08-05 21:50:43.872 14088 14522 I art     : Starting a blocking GC Explicit
08-05 21:50:43.952 14088 14522 I art     : Explicit concurrent mark sweep GC freed 4(128B) AllocSpace objects, 0(0B) LOS objects, 30% free, 37MB/53MB, paused 560us total 79.469ms
08-05 21:50:43.977 14088 14522 I art     : Starting a blocking GC Explicit
08-05 21:50:44.057 14088 14522 I art     : Explicit concurrent mark sweep GC freed 3(96B) AllocSpace objects, 0(0B) LOS objects, 30% free, 37MB/53MB, paused 454us total 79.236ms
08-05 21:50:44.418 14088 14099 I art     : Starting a blocking GC Explicit
08-05 21:50:44.518 14088 14099 I art     : Explicit concurrent mark sweep GC freed 1294(75KB) AllocSpace objects, 1(20KB) LOS objects, 30% free, 37MB/53MB, paused 519us total 99.685ms
08-05 21:50:44.549 14088 14099 I art     : Starting a blocking GC Explicit
08-05 21:50:44.630 14088 14099 I art     : Explicit concurrent mark sweep GC freed 18(624B) AllocSpace objects, 0(0B) LOS objects, 30% free, 37MB/53MB, paused 472us total 80.647ms
08-05 21:50:44.655 14088 14099 I art     : Starting a blocking GC Explicit
08-05 21:50:44.737 14088 14099 I art     : Explicit concurrent mark sweep GC freed 3(96B) AllocSpace objects, 0(0B) LOS objects, 30% free, 37MB/53MB, paused 478us total 82.046ms
08-05 21:50:44.763 14088 14099 I art     : Starting a blocking GC Explicit
08-05 21:50:44.843 14088 14099 I art     : Explicit concurrent mark sweep GC freed 3(96B) AllocSpace objects, 0(0B) LOS objects, 30% free, 37MB/53MB, paused 477us total 79.857ms
08-05 21:50:44.868 14088 14099 I art     : Starting a blocking GC Explicit
08-05 21:50:44.947 14088 14099 I art     : Explicit concurrent mark sweep GC freed 3(96B) AllocSpace objects, 0(0B) LOS objects, 30% free, 37MB/53MB, paused 433us total 78.544ms
08-05 21:50:45.279 14088 14580 I art     : Starting a blocking GC Explicit
08-05 21:50:45.361 14088 14580 I art     : Explicit concurrent mark sweep GC freed 1293(75KB) AllocSpace objects, 1(20KB) LOS objects, 30% free, 37MB/53MB, paused 489us total 81.822ms
08-05 21:50:45.386 14088 14580 I art     : Starting a blocking GC Explicit
08-05 21:50:45.462 14088 14580 I art     : Explicit concurrent mark sweep GC freed 18(624B) AllocSpace objects, 0(0B) LOS objects, 30% free, 37MB/53MB, paused 482us total 75.153ms
08-05 21:50:45.486 14088 14580 I art     : Starting a blocking GC Explicit
08-05 21:50:45.501 14886 14886 D AndroidRuntime: >>>>>> START com.android.internal.os.RuntimeInit uid 2000 <<<<<<
08-05 21:50:45.507 14886 14886 D AndroidRuntime: CheckJNI is OFF
08-05 21:50:45.552 14886 14886 D ICU     : No timezone override file found: /data/misc/zoneinfo/current/icu/icu_tzdata.dat
08-05 21:50:45.560 14088 14580 I art     : Explicit concurrent mark sweep GC freed 3(96B) AllocSpace objects, 0(0B) LOS objects, 30% free, 37MB/53MB, paused 472us total 73.126ms
08-05 21:50:45.583 14088 14580 I art     : Starting a blocking GC Explicit
08-05 21:50:45.598 14886 14886 I Radio-JNI: register_android_hardware_Radio DONE
08-05 21:50:45.628 14886 14886 D AndroidRuntime: Calling main entry com.android.commands.input.Input
08-05 21:50:45.631 14886 14886 I Input   : injectMotionEvent: MotionEvent { action=ACTION_DOWN, actionButton=0, id[0]=0, x[0]=558.0, y[0]=368.0, toolType[0]=TOOL_TYPE_UNKNOWN, buttonState=0, metaState=0, flags=0x0, edgeFlags=0x0, pointerCount=1, historySize=0, eventTime=827462043, downTime=827462043, deviceId=0, source=0x1002 }
08-05 21:50:45.637 14886 14886 I Input   : injectMotionEvent: MotionEvent { action=ACTION_UP, actionButton=0, id[0]=0, x[0]=558.0, y[0]=368.0, toolType[0]=TOOL_TYPE_UNKNOWN, buttonState=0, metaState=0, flags=0x0, edgeFlags=0x0, pointerCount=1, historySize=0, eventTime=827462043, downTime=827462043, deviceId=0, source=0x1002 }
08-05 21:50:45.639 14886 14886 D AndroidRuntime: Shutting down VM
08-05 21:50:45.659 14088 14580 I art     : Explicit concurrent mark sweep GC freed 114(28KB) AllocSpace objects, 0(0B) LOS objects, 30% free, 37MB/53MB, paused 614us total 75.180ms
08-05 21:50:45.680 14088 14580 I art     : Starting a blocking GC Explicit
08-05 21:50:45.750 14088 14580 I art     : Explicit concurrent mark sweep GC freed 656(56KB) AllocSpace objects, 0(0B) LOS objects, 30% free, 37MB/53MB, paused 794us total 69.500ms
08-05 21:50:46.055 14088 14317 I art     : Starting a blocking GC Explicit
08-05 21:50:46.132 14088 14317 I art     : Explicit concurrent mark sweep GC freed 1838(103KB) AllocSpace objects, 1(20KB) LOS objects, 30% free, 37MB/53MB, paused 439us total 76.615ms
08-05 21:50:46.156 14088 14317 I art     : Starting a blocking GC Explicit
08-05 21:50:46.222 14088 14317 I art     : Explicit concurrent mark sweep GC freed 44(1552B) AllocSpace objects, 0(0B) LOS objects, 30% free, 37MB/53MB, paused 432us total 65.904ms
08-05 21:50:46.247 14088 14317 I art     : Starting a blocking GC Explicit
08-05 21:50:46.312 14088 14317 I art     : Explicit concurrent mark sweep GC freed 8(256B) AllocSpace objects, 0(0B) LOS objects, 30% free, 37MB/53MB, paused 425us total 64.812ms
08-05 21:50:46.336 14088 14317 I art     : Starting a blocking GC Explicit
08-05 21:50:46.404 14088 14317 I art     : Explicit concurrent mark sweep GC freed 9(352B) AllocSpace objects, 0(0B) LOS objects, 30% free, 37MB/53MB, paused 455us total 67.894ms
08-05 21:50:46.428 14088 14317 I art     : Starting a blocking GC Explicit
08-05 21:50:46.502 14088 14317 I art     : Explicit concurrent mark sweep GC freed 3(96B) AllocSpace objects, 0(0B) LOS objects, 30% free, 37MB/53MB, paused 470us total 74.620ms
08-05 21:50:46.822 24365 12324 I NetworkScheduler.Stats: Task com.google.android.gms/com.google.android.gms.icing.service.IcingGcmTaskService started execution. cause:4 exec_start_elapsed_seconds: 1810850 [CONTEXT service_id=218 ]
08-05 21:50:46.835 14088 14580 I art     : Starting a blocking GC Explicit
08-05 21:50:46.838 24365 12204 I NetworkScheduler.Stats: Task com.google.android.gms/com.google.android.gms.icing.service.IcingGcmTaskService finished executing. cause:4 result: 1 elapsed_millis: 39 uptime_millis: 38 exec_start_elapsed_seconds: 1810850 [CONTEXT service_id=218 ]
08-05 21:50:46.907 14088 14580 I art     : Explicit concurrent mark sweep GC freed 1293(75KB) AllocSpace objects, 1(20KB) LOS objects, 30% free, 37MB/53MB, paused 454us total 71.722ms
08-05 21:50:46.930 14088 14580 I art     : Starting a blocking GC Explicit
08-05 21:50:47.001 14088 14580 I art     : Explicit concurrent mark sweep GC freed 18(624B) AllocSpace objects, 0(0B) LOS objects, 30% free, 37MB/53MB, paused 474us total 70.366ms
08-05 21:50:47.024 14088 14580 I art     : Starting a blocking GC Explicit
08-05 21:50:47.097 14088 14580 I art     : Explicit concurrent mark sweep GC freed 3(96B) AllocSpace objects, 0(0B) LOS objects, 30% free, 37MB/53MB, paused 463us total 72.780ms
08-05 21:50:47.121 14088 14580 I art     : Starting a blocking GC Explicit
08-05 21:50:47.192 14088 14580 I art     : Explicit concurrent mark sweep GC freed 3(96B) AllocSpace objects, 0(0B) LOS objects, 30% free, 37MB/53MB, paused 461us total 71.353ms
08-05 21:50:47.216 14088 14580 I art     : Starting a blocking GC Explicit
08-05 21:50:47.294 14088 14580 I art     : Explicit concurrent mark sweep GC freed 3(96B) AllocSpace objects, 0(0B) LOS objects, 30% free, 37MB/53MB, paused 522us total 77.563ms
08-05 21:50:47.426 14932 14932 D AndroidRuntime: >>>>>> START com.android.internal.os.RuntimeInit uid 2000 <<<<<<
08-05 21:50:47.433 14932 14932 D AndroidRuntime: CheckJNI is OFF
08-05 21:50:47.475 14932 14932 D ICU     : No timezone override file found: /data/misc/zoneinfo/current/icu/icu_tzdata.dat
08-05 21:50:47.517 14932 14932 I Radio-JNI: register_android_hardware_Radio DONE
08-05 21:50:47.544 14932 14932 D AndroidRuntime: Calling main entry com.android.commands.input.Input
08-05 21:50:47.547 14932 14932 I Input   : injectMotionEvent: MotionEvent { action=ACTION_DOWN, actionButton=0, id[0]=0, x[0]=945.0, y[0]=1376.0, toolType[0]=TOOL_TYPE_UNKNOWN, buttonState=0, metaState=0, flags=0x0, edgeFlags=0x0, pointerCount=1, historySize=0, eventTime=827463960, downTime=827463960, deviceId=0, source=0x1002 }
08-05 21:50:47.552 14932 14932 I Input   : injectMotionEvent: MotionEvent { action=ACTION_UP, actionButton=0, id[0]=0, x[0]=945.0, y[0]=1376.0, toolType[0]=TOOL_TYPE_UNKNOWN, buttonState=0, metaState=0, flags=0x0, edgeFlags=0x0, pointerCount=1, historySize=0, eventTime=827463960, downTime=827463960, deviceId=0, source=0x1002 }
08-05 21:50:47.554 14932 14932 D AndroidRuntime: Shutting down VM
08-05 21:50:47.620   512  2967 D audio_hw_primary: out_set_parameters: enter: usecase(1: low-latency-playback) kvpairs: routing=2
08-05 21:50:47.626 13866 13866 I GoogleInputMethodServic: GoogleInputMethodService.onFinishInput():3138 
08-05 21:50:47.627 13866 13866 I GoogleInputMethodServic: GoogleInputMethodService.onStartInput():1808 
08-05 21:50:47.633   512  2967 D audio_hw_primary: select_devices: out_snd_device(2: speaker) in_snd_device(0: none)
08-05 21:50:47.633   512  2967 D msm8974_platform: platform_send_audio_calibration: sending audio calibration for snd_device(2) acdb_id(15)
08-05 21:50:47.633   512  2967 I soundtrigger: audio_extn_sound_trigger_update_device_status: device 0x2 of type 0 for Event 1
08-05 21:50:47.647 13866 13866 I GoogleInputMethodServic: GoogleInputMethodService.onFinishInput():3138 
08-05 21:50:47.649 13866 13866 I GoogleInputMethodServic: GoogleInputMethodService.onStartInput():1808 
08-05 21:50:47.650   512  2967 D audio_hw_primary: enable_snd_device: snd_device(2: speaker)
08-05 21:50:47.652   512  2967 D audio_hw_primary: enable_audio_route: apply and update mixer path: low-latency-playback speaker
08-05 21:50:47.653 14088 14099 I art     : Starting a blocking GC Explicit
08-05 21:50:47.733 14088 14099 I art     : Explicit concurrent mark sweep GC freed 2210(129KB) AllocSpace objects, 1(20KB) LOS objects, 30% free, 37MB/53MB, paused 646us total 80.071ms
08-05 21:50:47.758 14088 14099 I art     : Starting a blocking GC Explicit
08-05 21:50:47.824 14088 14099 I art     : Explicit concurrent mark sweep GC freed 793(65KB) AllocSpace objects, 0(0B) LOS objects, 30% free, 37MB/53MB, paused 517us total 66.055ms
08-05 21:50:47.846 14088 14099 I art     : Starting a blocking GC Explicit
08-05 21:50:47.913 14088 14099 I art     : Explicit concurrent mark sweep GC freed 3(96B) AllocSpace objects, 0(0B) LOS objects, 30% free, 37MB/53MB, paused 413us total 66.373ms
08-05 21:50:47.938 14088 14099 I art     : Starting a blocking GC Explicit
08-05 21:50:47.962 14088 14103 D OpenGLRenderer: endAllStagingAnimators on 0x7f94ad2800 (ListPopupWindow$DropDownListView) with handle 0x7f78d25b40
08-05 21:50:48.002 14088 14099 I art     : Explicit concurrent mark sweep GC freed 32(1328B) AllocSpace objects, 0(0B) LOS objects, 30% free, 37MB/53MB, paused 432us total 64.435ms
08-05 21:50:48.024 14088 14099 I art     : Starting a blocking GC Explicit
08-05 21:50:48.092 14088 14099 I art     : Explicit concurrent mark sweep GC freed 226(10KB) AllocSpace objects, 0(0B) LOS objects, 30% free, 37MB/53MB, paused 459us total 68.050ms
08-05 21:50:48.199   512  2967 D audio_hw_primary: disable_audio_route: reset and update mixer path: low-latency-playback speaker
08-05 21:50:48.201   512  2967 D audio_hw_primary: disable_snd_device: snd_device(2: speaker)
08-05 21:50:48.210   512  2967 I soundtrigger: audio_extn_sound_trigger_update_device_status: device 0x2 of type 0 for Event 0
08-05 21:50:48.430 14088 14100 I art     : Starting a blocking GC Explicit
08-05 21:50:48.523 14088 14100 I art     : Explicit concurrent mark sweep GC freed 1757(109KB) AllocSpace objects, 1(20KB) LOS objects, 30% free, 37MB/53MB, paused 485us total 92.129ms
08-05 21:50:48.547 14088 14100 I art     : Starting a blocking GC Explicit
08-05 21:50:48.617 14088 14100 I art     : Explicit concurrent mark sweep GC freed 18(624B) AllocSpace objects, 0(0B) LOS objects, 30% free, 37MB/53MB, paused 431us total 69.913ms
08-05 21:50:48.642 14088 14100 I art     : Starting a blocking GC Explicit
08-05 21:50:48.702 14088 14100 I art     : Explicit concurrent mark sweep GC freed 3(96B) AllocSpace objects, 0(0B) LOS objects, 30% free, 37MB/53MB, paused 414us total 59.981ms
08-05 21:50:48.702 14088 14098 I art     : WaitForGcToComplete blocked for 48.018ms for cause HeapTrim
08-05 21:50:48.723 14088 14100 I art     : Starting a blocking GC Explicit
08-05 21:50:48.785 14088 14100 I art     : Explicit concurrent mark sweep GC freed 3(96B) AllocSpace objects, 0(0B) LOS objects, 30% free, 37MB/53MB, paused 448us total 61.485ms
08-05 21:50:48.808 14088 14100 I art     : Starting a blocking GC Explicit
08-05 21:50:48.876 14088 14100 I art     : Explicit concurrent mark sweep GC freed 3(96B) AllocSpace objects, 0(0B) LOS objects, 30% free, 37MB/53MB, paused 453us total 67.761ms
08-05 21:50:49.199 14088 14522 I art     : Starting a blocking GC Explicit
08-05 21:50:49.302 14088 14522 I art     : Explicit concurrent mark sweep GC freed 1307(76KB) AllocSpace objects, 1(20KB) LOS objects, 30% free, 37MB/53MB, paused 472us total 102.179ms
08-05 21:50:49.326 14965 14965 D AndroidRuntime: >>>>>> START com.android.internal.os.RuntimeInit uid 2000 <<<<<<
08-05 21:50:49.326 14088 14522 I art     : Starting a blocking GC Explicit
08-05 21:50:49.331 14965 14965 D AndroidRuntime: CheckJNI is OFF
08-05 21:50:49.374 14965 14965 D ICU     : No timezone override file found: /data/misc/zoneinfo/current/icu/icu_tzdata.dat
08-05 21:50:49.399 14088 14522 I art     : Explicit concurrent mark sweep GC freed 18(624B) AllocSpace objects, 0(0B) LOS objects, 30% free, 37MB/53MB, paused 483us total 72.746ms
08-05 21:50:49.420 14965 14965 I Radio-JNI: register_android_hardware_Radio DONE
08-05 21:50:49.424 14088 14522 I art     : Starting a blocking GC Explicit
08-05 21:50:49.450 14965 14965 D AndroidRuntime: Calling main entry com.android.commands.input.Input
08-05 21:50:49.453 14965 14965 I Input   : injectMotionEvent: MotionEvent { action=ACTION_DOWN, actionButton=0, id[0]=0, x[0]=481.0, y[0]=544.0, toolType[0]=TOOL_TYPE_UNKNOWN, buttonState=0, metaState=0, flags=0x0, edgeFlags=0x0, pointerCount=1, historySize=0, eventTime=827465865, downTime=827465865, deviceId=0, source=0x1002 }
08-05 21:50:49.462 14965 14965 I Input   : injectMotionEvent: MotionEvent { action=ACTION_UP, actionButton=0, id[0]=0, x[0]=481.0, y[0]=544.0, toolType[0]=TOOL_TYPE_UNKNOWN, buttonState=0, metaState=0, flags=0x0, edgeFlags=0x0, pointerCount=1, historySize=0, eventTime=827465865, downTime=827465865, deviceId=0, source=0x1002 }
08-05 21:50:49.463 14965 14965 D AndroidRuntime: Shutting down VM
08-05 21:50:49.499 14088 14522 I art     : Explicit concurrent mark sweep GC freed 161(6KB) AllocSpace objects, 0(0B) LOS objects, 30% free, 37MB/53MB, paused 511us total 75.482ms
08-05 21:50:49.522 14088 14522 I art     : Starting a blocking GC Explicit
08-05 21:50:49.597 14088 14522 I art     : Explicit concurrent mark sweep GC freed 606(27KB) AllocSpace objects, 0(0B) LOS objects, 30% free, 37MB/53MB, paused 616us total 74.173ms
08-05 21:50:49.618 14088 14522 I art     : Starting a blocking GC Explicit
08-05 21:50:49.683 14088 14522 I art     : Explicit concurrent mark sweep GC freed 72(3KB) AllocSpace objects, 0(0B) LOS objects, 30% free, 37MB/53MB, paused 453us total 64.307ms
08-05 21:50:49.997 14088 14100 I art     : Starting a blocking GC Explicit
08-05 21:50:50.079 14088 14100 I art     : Explicit concurrent mark sweep GC freed 1631(90KB) AllocSpace objects, 1(20KB) LOS objects, 30% free, 37MB/53MB, paused 430us total 82.234ms
08-05 21:50:50.104 14088 14100 I art     : Starting a blocking GC Explicit
08-05 21:50:50.170 14088 14100 I art     : Explicit concurrent mark sweep GC freed 36(1312B) AllocSpace objects, 0(0B) LOS objects, 30% free, 37MB/53MB, paused 459us total 66.109ms
08-05 21:50:50.193 14088 14100 I art     : Starting a blocking GC Explicit
08-05 21:50:50.266 14088 14100 I art     : Explicit concurrent mark sweep GC freed 6(224B) AllocSpace objects, 0(0B) LOS objects, 30% free, 37MB/53MB, paused 465us total 72.909ms
08-05 21:50:50.291 14088 14100 I art     : Starting a blocking GC Explicit
08-05 21:50:50.366 14088 14100 I art     : Explicit concurrent mark sweep GC freed 3(96B) AllocSpace objects, 0(0B) LOS objects, 30% free, 37MB/53MB, paused 467us total 75.188ms
08-05 21:50:50.391 14088 14100 I art     : Starting a blocking GC Explicit
08-05 21:50:50.468 14088 14100 I art     : Explicit concurrent mark sweep GC freed 3(96B) AllocSpace objects, 0(0B) LOS objects, 30% free, 37MB/53MB, paused 570us total 76.534ms
08-05 21:50:50.789 14088 14580 I art     : Starting a blocking GC Explicit
08-05 21:50:50.872 14088 14580 I art     : Explicit concurrent mark sweep GC freed 1293(75KB) AllocSpace objects, 1(20KB) LOS objects, 30% free, 37MB/53MB, paused 478us total 81.890ms
08-05 21:50:50.896 14088 14580 I art     : Starting a blocking GC Explicit
08-05 21:50:50.965 14088 14580 I art     : Explicit concurrent mark sweep GC freed 18(624B) AllocSpace objects, 0(0B) LOS objects, 30% free, 37MB/53MB, paused 471us total 68.551ms
08-05 21:50:50.989 14088 14580 I art     : Starting a blocking GC Explicit
08-05 21:50:51.061 14088 14580 I art     : Explicit concurrent mark sweep GC freed 3(96B) AllocSpace objects, 0(0B) LOS objects, 30% free, 37MB/53MB, paused 456us total 71.611ms
08-05 21:50:51.084 14088 14580 I art     : Starting a blocking GC Explicit
08-05 21:50:51.159 14088 14580 I art     : Explicit concurrent mark sweep GC freed 4(128B) AllocSpace objects, 0(0B) LOS objects, 30% free, 37MB/53MB, paused 638us total 74.878ms
08-05 21:50:51.187 14088 14580 I art     : Starting a blocking GC Explicit
08-05 21:50:51.258 15006 15006 D AndroidRuntime: >>>>>> START com.android.internal.os.RuntimeInit uid 2000 <<<<<<
08-05 21:50:51.260 14088 14580 I art     : Explicit concurrent mark sweep GC freed 15(480B) AllocSpace objects, 0(0B) LOS objects, 30% free, 37MB/53MB, paused 646us total 72.577ms
08-05 21:50:51.265 15006 15006 D AndroidRuntime: CheckJNI is OFF
08-05 21:50:51.308 15006 15006 D ICU     : No timezone override file found: /data/misc/zoneinfo/current/icu/icu_tzdata.dat
08-05 21:50:51.351 15006 15006 I Radio-JNI: register_android_hardware_Radio DONE
08-05 21:50:51.380 15006 15006 D AndroidRuntime: Calling main entry com.android.commands.input.Input
08-05 21:50:51.383 15006 15006 I Input   : injectMotionEvent: MotionEvent { action=ACTION_DOWN, actionButton=0, id[0]=0, x[0]=310.0, y[0]=906.0, toolType[0]=TOOL_TYPE_UNKNOWN, buttonState=0, metaState=0, flags=0x0, edgeFlags=0x0, pointerCount=1, historySize=0, eventTime=827467796, downTime=827467796, deviceId=0, source=0x1002 }
08-05 21:50:51.388 15006 15006 I Input   : injectMotionEvent: MotionEvent { action=ACTION_UP, actionButton=0, id[0]=0, x[0]=310.0, y[0]=906.0, toolType[0]=TOOL_TYPE_UNKNOWN, buttonState=0, metaState=0, flags=0x0, edgeFlags=0x0, pointerCount=1, historySize=0, eventTime=827467796, downTime=827467796, deviceId=0, source=0x1002 }
08-05 21:50:51.393 15006 15006 D AndroidRuntime: Shutting down VM
08-05 21:50:51.456   512  2967 D audio_hw_primary: out_set_parameters: enter: usecase(1: low-latency-playback) kvpairs: routing=2
08-05 21:50:51.463 13866 13866 I GoogleInputMethodServic: GoogleInputMethodService.onFinishInput():3138 
08-05 21:50:51.464 13866 13866 I GoogleInputMethodServic: GoogleInputMethodService.onStartInput():1808 
08-05 21:50:51.469   512  2967 D audio_hw_primary: select_devices: out_snd_device(2: speaker) in_snd_device(0: none)
08-05 21:50:51.469   512  2967 D msm8974_platform: platform_send_audio_calibration: sending audio calibration for snd_device(2) acdb_id(15)
08-05 21:50:51.470   512  2967 I soundtrigger: audio_extn_sound_trigger_update_device_status: device 0x2 of type 0 for Event 1
08-05 21:50:51.478 13866 13866 I GoogleInputMethodServic: GoogleInputMethodService.onFinishInput():3138 
08-05 21:50:51.480 13866 13866 I GoogleInputMethodServic: GoogleInputMethodService.onStartInput():1808 
08-05 21:50:51.488   512  2967 D audio_hw_primary: enable_snd_device: snd_device(2: speaker)
08-05 21:50:51.490   512  2967 D audio_hw_primary: enable_audio_route: apply and update mixer path: low-latency-playback speaker
08-05 21:50:51.583 14088 14099 I art     : Starting a blocking GC Explicit
08-05 21:50:51.651 14088 14099 I art     : Explicit concurrent mark sweep GC freed 2267(119KB) AllocSpace objects, 1(20KB) LOS objects, 30% free, 37MB/53MB, paused 539us total 68.069ms
08-05 21:50:51.675 14088 14099 I art     : Starting a blocking GC Explicit
08-05 21:50:51.697   918  3261 D WifiStateMachine: starting scan for "H369AA63323"WPA_PSK with 2412,5180
08-05 21:50:51.739 14088 14099 I art     : Explicit concurrent mark sweep GC freed 727(64KB) AllocSpace objects, 0(0B) LOS objects, 30% free, 37MB/53MB, paused 447us total 63.517ms
08-05 21:50:51.761 14088 14099 I art     : Starting a blocking GC Explicit
08-05 21:50:51.792 14088 14103 D OpenGLRenderer: endAllStagingAnimators on 0x7f82a33800 (ListPopupWindow$DropDownListView) with handle 0x7f7a8e6c20
08-05 21:50:51.827 14088 14099 I art     : Explicit concurrent mark sweep GC freed 105(4KB) AllocSpace objects, 0(0B) LOS objects, 30% free, 37MB/53MB, paused 419us total 65.489ms
08-05 21:50:51.850 14088 14099 I art     : Starting a blocking GC Explicit
08-05 21:50:51.920 14088 14099 I art     : Explicit concurrent mark sweep GC freed 29(1216B) AllocSpace objects, 0(0B) LOS objects, 30% free, 37MB/53MB, paused 450us total 69.091ms
08-05 21:50:51.943 14088 14099 I art     : Starting a blocking GC Explicit
08-05 21:50:52.016 14088 14099 I art     : Explicit concurrent mark sweep GC freed 480(31KB) AllocSpace objects, 0(0B) LOS objects, 30% free, 37MB/53MB, paused 468us total 72.400ms
08-05 21:50:52.030   512  2967 D audio_hw_primary: disable_audio_route: reset and update mixer path: low-latency-playback speaker
08-05 21:50:52.032   512  2967 D audio_hw_primary: disable_snd_device: snd_device(2: speaker)
08-05 21:50:52.040   512  2967 I soundtrigger: audio_extn_sound_trigger_update_device_status: device 0x2 of type 0 for Event 0
08-05 21:50:52.357 14088 14100 I art     : Starting a blocking GC Explicit
08-05 21:50:52.455 14088 14100 I art     : Explicit concurrent mark sweep GC freed 1293(75KB) AllocSpace objects, 1(20KB) LOS objects, 30% free, 37MB/53MB, paused 449us total 97.355ms
08-05 21:50:52.479 14088 14100 I art     : Starting a blocking GC Explicit
08-05 21:50:52.554 14088 14100 I art     : Explicit concurrent mark sweep GC freed 18(624B) AllocSpace objects, 0(0B) LOS objects, 30% free, 37MB/53MB, paused 469us total 73.955ms
08-05 21:50:52.578 14088 14100 I art     : Starting a blocking GC Explicit
08-05 21:50:52.626 13866 13882 I PeriodicStatsRunner: PeriodicStatsRunner.call():175 call()
08-05 21:50:52.627 13866 13882 I PeriodicStatsRunner: PeriodicStatsRunner.call():179 No submit PeriodicStats since input started.
08-05 21:50:52.648 13866 13882 I PeriodicStatsRunner: PeriodicStatsRunner.call():175 call()
08-05 21:50:52.648 13866 13882 I PeriodicStatsRunner: PeriodicStatsRunner.call():179 No submit PeriodicStats since input started.
08-05 21:50:52.652 14088 14100 I art     : Explicit concurrent mark sweep GC freed 3(96B) AllocSpace objects, 0(0B) LOS objects, 30% free, 37MB/53MB, paused 434us total 73.938ms
08-05 21:50:52.675 14088 14100 I art     : Starting a blocking GC Explicit
08-05 21:50:52.743 14088 14100 I art     : Explicit concurrent mark sweep GC freed 3(96B) AllocSpace objects, 0(0B) LOS objects, 30% free, 37MB/53MB, paused 444us total 68.426ms
08-05 21:50:52.767 14088 14100 I art     : Starting a blocking GC Explicit
08-05 21:50:52.839 14088 14100 I art     : Explicit concurrent mark sweep GC freed 3(96B) AllocSpace objects, 0(0B) LOS objects, 30% free, 37MB/53MB, paused 442us total 71.184ms
08-05 21:50:53.159 14088 14522 I art     : Starting a blocking GC Explicit
08-05 21:50:53.163 15043 15043 D AndroidRuntime: >>>>>> START com.android.internal.os.RuntimeInit uid 2000 <<<<<<
08-05 21:50:53.170 15043 15043 D AndroidRuntime: CheckJNI is OFF
08-05 21:50:53.217 15043 15043 D ICU     : No timezone override file found: /data/misc/zoneinfo/current/icu/icu_tzdata.dat
08-05 21:50:53.240 14088 14522 I art     : Explicit concurrent mark sweep GC freed 1293(75KB) AllocSpace objects, 1(20KB) LOS objects, 30% free, 37MB/53MB, paused 495us total 80.931ms
08-05 21:50:53.264 14088 14522 I art     : Starting a blocking GC Explicit
08-05 21:50:53.264 15043 15043 I Radio-JNI: register_android_hardware_Radio DONE
08-05 21:50:53.293 15043 15043 D AndroidRuntime: Calling main entry com.android.commands.input.Input
08-05 21:50:53.295 15043 15043 I Input   : injectMotionEvent: MotionEvent { action=ACTION_DOWN, actionButton=0, id[0]=0, x[0]=648.0, y[0]=709.0, toolType[0]=TOOL_TYPE_UNKNOWN, buttonState=0, metaState=0, flags=0x0, edgeFlags=0x0, pointerCount=1, historySize=0, eventTime=827469708, downTime=827469708, deviceId=0, source=0x1002 }
08-05 21:50:53.301 15043 15043 I Input   : injectMotionEvent: MotionEvent { action=ACTION_UP, actionButton=0, id[0]=0, x[0]=648.0, y[0]=709.0, toolType[0]=TOOL_TYPE_UNKNOWN, buttonState=0, metaState=0, flags=0x0, edgeFlags=0x0, pointerCount=1, historySize=0, eventTime=827469708, downTime=827469708, deviceId=0, source=0x1002 }
08-05 21:50:53.304 15043 15043 D AndroidRuntime: Shutting down VM
08-05 21:50:53.338 14088 14522 I art     : Explicit concurrent mark sweep GC freed 34(1248B) AllocSpace objects, 0(0B) LOS objects, 30% free, 37MB/53MB, paused 576us total 73.131ms
08-05 21:50:53.361 14088 14522 I art     : Starting a blocking GC Explicit
08-05 21:50:53.369   512  2967 D audio_hw_primary: out_set_parameters: enter: usecase(1: low-latency-playback) kvpairs: routing=2
08-05 21:50:53.382   512  2967 D audio_hw_primary: select_devices: out_snd_device(2: speaker) in_snd_device(0: none)
08-05 21:50:53.382   512  2967 D msm8974_platform: platform_send_audio_calibration: sending audio calibration for snd_device(2) acdb_id(15)
08-05 21:50:53.382   512  2967 I soundtrigger: audio_extn_sound_trigger_update_device_status: device 0x2 of type 0 for Event 1
08-05 21:50:53.392   512  2967 D audio_hw_primary: enable_snd_device: snd_device(2: speaker)
08-05 21:50:53.394   512  2967 D audio_hw_primary: enable_audio_route: apply and update mixer path: low-latency-playback speaker
08-05 21:50:53.429 14088 14522 I art     : Explicit concurrent mark sweep GC freed 640(52KB) AllocSpace objects, 1(20KB) LOS objects, 30% free, 37MB/53MB, paused 770us total 67.910ms
08-05 21:50:53.453 14088 14522 I art     : Starting a blocking GC Explicit
08-05 21:50:53.526 14088 14522 I art     : Explicit concurrent mark sweep GC freed 246(10KB) AllocSpace objects, 0(0B) LOS objects, 30% free, 37MB/53MB, paused 530us total 72.460ms
08-05 21:50:53.552 14088 14522 I art     : Starting a blocking GC Explicit
08-05 21:50:53.629 14088 14522 I art     : Explicit concurrent mark sweep GC freed 5(160B) AllocSpace objects, 0(0B) LOS objects, 30% free, 37MB/53MB, paused 426us total 77.508ms
08-05 21:50:53.940   512  2967 D audio_hw_primary: disable_audio_route: reset and update mixer path: low-latency-playback speaker
08-05 21:50:53.942   512  2967 D audio_hw_primary: disable_snd_device: snd_device(2: speaker)
08-05 21:50:53.953   512  2967 I soundtrigger: audio_extn_sound_trigger_update_device_status: device 0x2 of type 0 for Event 0
08-05 21:50:53.975 14088 14580 I art     : Starting a blocking GC Explicit
08-05 21:50:54.066 14088 14580 I art     : Explicit concurrent mark sweep GC freed 1297(75KB) AllocSpace objects, 1(20KB) LOS objects, 30% free, 37MB/53MB, paused 489us total 90.299ms
08-05 21:50:54.095 14088 14580 I art     : Starting a blocking GC Explicit
08-05 21:50:54.183 14088 14580 I art     : Explicit concurrent mark sweep GC freed 26(880B) AllocSpace objects, 0(0B) LOS objects, 30% free, 37MB/53MB, paused 472us total 87.623ms
08-05 21:50:54.210 14088 14580 I art     : Starting a blocking GC Explicit
08-05 21:50:54.283 14088 14580 I art     : Explicit concurrent mark sweep GC freed 3(96B) AllocSpace objects, 0(0B) LOS objects, 30% free, 37MB/53MB, paused 468us total 72.295ms
08-05 21:50:54.307 14088 14580 I art     : Starting a blocking GC Explicit
08-05 21:50:54.381 14088 14580 I art     : Explicit concurrent mark sweep GC freed 5(160B) AllocSpace objects, 0(0B) LOS objects, 30% free, 37MB/53MB, paused 458us total 73.424ms
08-05 21:50:54.405 14088 14580 I art     : Starting a blocking GC Explicit
08-05 21:50:54.478 14088 14580 I art     : Explicit concurrent mark sweep GC freed 3(96B) AllocSpace objects, 0(0B) LOS objects, 30% free, 37MB/53MB, paused 473us total 73.426ms
08-05 21:50:54.805 14088 14099 I art     : Starting a blocking GC Explicit
08-05 21:50:54.893 14088 14099 I art     : Explicit concurrent mark sweep GC freed 1293(75KB) AllocSpace objects, 1(20KB) LOS objects, 30% free, 37MB/53MB, paused 466us total 87.413ms
08-05 21:50:54.918 14088 14099 I art     : Starting a blocking GC Explicit
08-05 21:50:54.995 14088 14099 I art     : Explicit concurrent mark sweep GC freed 18(624B) AllocSpace objects, 0(0B) LOS objects, 30% free, 37MB/53MB, paused 480us total 77.203ms
08-05 21:50:55.020 14088 14099 I art     : Starting a blocking GC Explicit
08-05 21:50:55.090 15087 15087 D AndroidRuntime: >>>>>> START com.android.internal.os.RuntimeInit uid 2000 <<<<<<
08-05 21:50:55.095 14088 14099 I art     : Explicit concurrent mark sweep GC freed 13(416B) AllocSpace objects, 0(0B) LOS objects, 30% free, 37MB/53MB, paused 517us total 74.981ms
08-05 21:50:55.096 15087 15087 D AndroidRuntime: CheckJNI is OFF
08-05 21:50:55.122 14088 14099 I art     : Starting a blocking GC Explicit
08-05 21:50:55.143 15087 15087 D ICU     : No timezone override file found: /data/misc/zoneinfo/current/icu/icu_tzdata.dat
08-05 21:50:55.189 15087 15087 I Radio-JNI: register_android_hardware_Radio DONE
08-05 21:50:55.194 14088 14099 I art     : Explicit concurrent mark sweep GC freed 15(480B) AllocSpace objects, 0(0B) LOS objects, 30% free, 37MB/53MB, paused 507us total 72.416ms
08-05 21:50:55.219 14088 14099 I art     : Starting a blocking GC Explicit
08-05 21:50:55.220 15087 15087 D AndroidRuntime: Calling main entry com.android.commands.input.Input
08-05 21:50:55.223 15087 15087 I Input   : injectMotionEvent: MotionEvent { action=ACTION_DOWN, actionButton=0, id[0]=0, x[0]=1197.0, y[0]=1456.0, toolType[0]=TOOL_TYPE_UNKNOWN, buttonState=0, metaState=0, flags=0x0, edgeFlags=0x0, pointerCount=1, historySize=0, eventTime=827471635, downTime=827471635, deviceId=0, source=0x1002 }
08-05 21:50:55.233 15087 15087 I Input   : injectMotionEvent: MotionEvent { action=ACTION_UP, actionButton=0, id[0]=0, x[0]=1197.0, y[0]=1456.0, toolType[0]=TOOL_TYPE_UNKNOWN, buttonState=0, metaState=0, flags=0x0, edgeFlags=0x0, pointerCount=1, historySize=0, eventTime=827471635, downTime=827471635, deviceId=0, source=0x1002 }
08-05 21:50:55.236 15087 15087 D AndroidRuntime: Shutting down VM
08-05 21:50:55.249   512  2967 D audio_hw_primary: out_set_parameters: enter: usecase(1: low-latency-playback) kvpairs: routing=2
08-05 21:50:55.262   512  2967 D audio_hw_primary: select_devices: out_snd_device(2: speaker) in_snd_device(0: none)
08-05 21:50:55.262   512  2967 D msm8974_platform: platform_send_audio_calibration: sending audio calibration for snd_device(2) acdb_id(15)
08-05 21:50:55.262   512  2967 I soundtrigger: audio_extn_sound_trigger_update_device_status: device 0x2 of type 0 for Event 1
08-05 21:50:55.272   512  2967 D audio_hw_primary: enable_snd_device: snd_device(2: speaker)
08-05 21:50:55.274   512  2967 D audio_hw_primary: enable_audio_route: apply and update mixer path: low-latency-playback speaker
08-05 21:50:55.289 14088 14099 I art     : Explicit concurrent mark sweep GC freed 302(16KB) AllocSpace objects, 0(0B) LOS objects, 30% free, 37MB/53MB, paused 525us total 69.898ms
08-05 21:50:55.314 14088 14103 D OpenGLRenderer: endAllStagingAnimators on 0x7f8293cc00 (RippleDrawable) with handle 0x7f7a8e6c60
08-05 21:50:55.325 14088 14088 I SettingsManager: Setting string: savedCourse
08-05 21:50:55.331   918   928 W BackupManagerService: dataChanged but no participant pkg='baseline.com.ak.uobtimetable' uid=10684
08-05 21:50:55.332   918  3961 I ActivityManager: START u0 {flg=0x4000000 cmp=baseline.com.ak.uobtimetable/.MainActivity (has extras)} from uid 10684 on display 0
08-05 21:50:55.342   918  4413 W InputMethodManagerService: Focus gain on non-focused client com.android.internal.view.IInputMethodClient$Stub$Proxy@6cdc874 (uid=10684 pid=14088)
08-05 21:50:55.356 14088 14088 D MainActivity: OnDestroy
08-05 21:50:55.378 14088 14088 D MainActivity: onCreate
08-05 21:50:55.378 14088 14088 I SettingsManager: Getting string: savedSessions
08-05 21:50:55.378 14088 14088 I SettingsManager: Getting string: savedSessions
08-05 21:50:55.387 14088 14088 I SettingsManager: Getting string: savedSessionsCourseName
08-05 21:50:55.387 14088 14088 I SettingsManager: Getting string: savedSessionsCourseName
08-05 21:50:55.387 14088 14088 I SettingsManager: Getting string: savedSessionsDateRange
08-05 21:50:55.388 14088 14088 I SettingsManager: Getting string: savedSessionsDateRange
08-05 21:50:55.388 14088 14088 I Settings: 10 saved sessions - Bedfordshire International and EU Foundation Year - Int Foun - Ltn - Y0 Feb FT - Weeks: 24-38 (8 Jun 2020-20 Sep 2020)
08-05 21:50:55.431 14088 14088 I SettingsManager: Getting string: savedCourse
08-05 21:50:55.432 14088 14088 D MainActivity: sessionListFragmentArg: updateSessions
08-05 21:50:55.432 14088 14088 D MainActivity: showTermDatesConfigChange: false
08-05 21:50:55.432 14088 14088 D MainActivity: showTermDatesShortcut: false
08-05 21:50:55.433 14088 14088 D MainActivity: Setting initial fragment: SessionListsFragment
08-05 21:50:55.434 14088 14088 I SettingsManager: Getting int: launchCount
08-05 21:50:55.435 14088 14088 D SessionListsFragment: onCreateView
08-05 21:50:55.441 14088 14088 I SettingsManager: Getting string: savedCourse
08-05 21:50:55.446 14088 14088 I SettingsManager: Getting string: savedSessions
08-05 21:50:55.457 14088 14088 D SessionListsFragment: loadArgument: updateSessions
08-05 21:50:55.457 14088 14088 D SessionListsFragment: initialIndex: -1
08-05 21:50:55.459 14088 15113 D HTTP    : Request for: https://uob-timetable-api.adriankeenan.co.uk/sessions?dept=CM010&course=BSAIFAAF%2F02AA%2F0%2FFT&level=Foundation+Year
08-05 21:50:55.478 14088 14088 D TermDatesFragment: WebView loaded
08-05 21:50:55.478 14088 14088 D MainActivity: OnResume
08-05 21:50:55.490 14088 14088 I TermDatesFragment: Webview load %: 10
08-05 21:50:55.581   918   936 I ActivityManager: Displayed baseline.com.ak.uobtimetable/.MainActivity: +238ms
08-05 21:50:55.581 13866 13866 I GoogleInputMethodServic: GoogleInputMethodService.onFinishInput():3138 
08-05 21:50:55.582 13866 13866 I GoogleInputMethodServic: GoogleInputMethodService.onStartInput():1808 
08-05 21:50:55.617 14088 14522 I art     : Starting a blocking GC Explicit
08-05 21:50:55.694 14088 14522 I art     : Explicit concurrent mark sweep GC freed 24348(1193KB) AllocSpace objects, 5(1460KB) LOS objects, 29% free, 37MB/53MB, paused 787us total 76.617ms
08-05 21:50:55.709   918   927 I art     : Background partial concurrent mark sweep GC freed 77952(9MB) AllocSpace objects, 163(3MB) LOS objects, 18% free, 69MB/85MB, paused 2.058ms total 213.638ms
08-05 21:50:55.718 14088 15113 I NAPPA_EXPERIMENTATION: MetricNetworkRequestExecutionTime: REQUEST_DURATION_SYSTEM='258',REQUEST_DURATION_OKHTTP='73',REQUEST_SYNCHRONOUS='TRUE',RESPONSE_CODE='200',RESPONSE_METHOD='GET',RESPONSE_LENGTH_OKHTTP='-1',RESPONSE_LENGTH_HEADER='1214',REQUEST_PROTOCOL='http/1.1',REQUEST_URL='https://uob-timetable-api.adriankeenan.co.uk/sessions?dept=CM010&course=BSAIFAAF%2F02AA%2F0%2FFT&level=Foundation+Year',
08-05 21:50:55.723 14088 14522 I art     : Starting a blocking GC Explicit
08-05 21:50:55.726 14088 14088 I TermDatesFragment: Webview load %: 70
08-05 21:50:55.738 14088 14088 I TermDatesFragment: Webview load %: 100
08-05 21:50:55.738 14088 14088 I TermDatesFragment: Webview load %: 100
08-05 21:50:55.760 14088 15113 I HTTP    : Response was compressed.
08-05 21:50:55.773 14088 15113 I Service : getSessions response time: 1.10
08-05 21:50:55.775 14088 14088 I SettingsManager: Getting string: savedSessions
08-05 21:50:55.776 14088 14088 I SettingsManager: Getting string: savedSessions
08-05 21:50:55.782 14088 14522 I art     : Explicit concurrent mark sweep GC freed 45247(2MB) AllocSpace objects, 4(176KB) LOS objects, 30% free, 36MB/52MB, paused 1.534ms total 59.182ms
08-05 21:50:55.788 14088 14088 I Service : Sessions updated: 10
08-05 21:50:55.788 14088 14088 I Service : Sessions removed from new list: 0
08-05 21:50:55.798 14088 14088 I SettingsManager: Setting string: savedSessions
08-05 21:50:55.803 14088 14522 I art     : Starting a blocking GC Explicit
08-05 21:50:55.805   918  5481 W BackupManagerService: dataChanged but no participant pkg='baseline.com.ak.uobtimetable' uid=10684
08-05 21:50:55.805 14088 14088 I SettingsManager: Setting date: savedSessionsTime
08-05 21:50:55.811   918  3670 W BackupManagerService: dataChanged but no participant pkg='baseline.com.ak.uobtimetable' uid=10684
08-05 21:50:55.811 14088 14088 I SettingsManager: Setting string: savedSessionsCourseName
08-05 21:50:55.817   918  4400 W BackupManagerService: dataChanged but no participant pkg='baseline.com.ak.uobtimetable' uid=10684
08-05 21:50:55.818 14088 14088 I SettingsManager: Setting string: savedSessionsDateRange
08-05 21:50:55.818   918  6111 W BackupManagerService: dataChanged but no participant pkg='baseline.com.ak.uobtimetable' uid=10684
08-05 21:50:55.818   512  2967 D audio_hw_primary: disable_audio_route: reset and update mixer path: low-latency-playback speaker
08-05 21:50:55.818 14088 14088 I SettingsManager: Setting string: timetableUrl
08-05 21:50:55.818   918  5132 W BackupManagerService: dataChanged but no participant pkg='baseline.com.ak.uobtimetable' uid=10684
08-05 21:50:55.819 14088 14088 I SettingsManager: Getting boolean: notifySessionRemindersEnabled
08-05 21:50:55.819   512  2967 D audio_hw_primary: disable_snd_device: snd_device(2: speaker)
08-05 21:50:55.819 14088 14088 I SettingsManager: Getting int: notifySessionRemindersMinutes
08-05 21:50:55.819 14088 14088 I SettingsManager: Getting boolean: showHiddenSessions
08-05 21:50:55.821 14088 14088 I SessionReminderNotifier: Created session reminder alarm for f7b4771250a919bd729c1c5a4a459c77 at Mon 08:30:00 10/08/20
08-05 21:50:55.823 14088 14088 I SessionReminderNotifier: Created session reminder alarm for a7f879aabdeb78622c8820a5fb7b64cd at Tue 08:30:00 11/08/20
08-05 21:50:55.825 14088 14088 I SessionReminderNotifier: Created session reminder alarm for 7bc8d7e2c2055711f597c3d9078c6ea3 at Tue 08:30:00 11/08/20
08-05 21:50:55.826   512  2967 I soundtrigger: audio_extn_sound_trigger_update_device_status: device 0x2 of type 0 for Event 0
08-05 21:50:55.827 14088 14088 I SessionReminderNotifier: Created session reminder alarm for 53c0527a6f009a1f2fd223834d3bfe51 at Tue 10:30:00 11/08/20
08-05 21:50:55.828 14088 14088 I SessionReminderNotifier: Created session reminder alarm for e0fc978b5db8218778540b4053344581 at Tue 11:00:00 11/08/20
08-05 21:50:55.830 14088 14088 I SessionReminderNotifier: Created session reminder alarm for 199afb0100f329ff65a09e1b0cd9deba at Tue 11:30:00 11/08/20
08-05 21:50:55.833 14088 14088 I SessionReminderNotifier: Created session reminder alarm for 21712fef61090882c855a1425543edb5 at Tue 13:30:00 11/08/20
08-05 21:50:55.834 14088 14088 I SessionReminderNotifier: Created session reminder alarm for 65ca4d97f031f29a4d02bbb45a705d8f at Wed 08:30:00 12/08/20
08-05 21:50:55.846 14088 14088 I SessionReminderNotifier: Created session reminder alarm for eeda7741b0bcab58fd9f46dc6ef1d942 at Wed 08:30:00 12/08/20
08-05 21:50:55.849 14088 14088 I SessionReminderNotifier: Created session reminder alarm for c276c1b2075a0beb67f1b3d1e580f920 at Wed 11:00:00 12/08/20
08-05 21:50:55.850 14088 14088 I SessionReminderNotifier: Created session reminder alarm for 8b1f3627e42ae13a6f6ba0a83903dde1 at Wed 13:30:00 12/08/20
08-05 21:50:55.851 14088 14088 I SessionReminderNotifier: Created session reminder alarm for 79fe0b5c3b887a13ba29db5a33fa2800 at Thu 08:30:00 06/08/20
08-05 21:50:55.853 14088 14088 I SessionReminderNotifier: Created session reminder alarm for cb9dfc8231cdba2be0835dc5709690e1 at Thu 08:30:00 06/08/20
08-05 21:50:55.854 14088 14088 I SessionReminderNotifier: Created session reminder alarm for f850dc24d6de60b7b89fa9e1a8c224c5 at Thu 12:00:00 06/08/20
08-05 21:50:55.855 14088 14088 I SessionReminderNotifier: Created session reminder alarm for 2ba1034116e4fffdd592dbf0796a43d5 at Fri 08:30:00 07/08/20
08-05 21:50:55.856 14088 14088 I SettingsManager: Getting boolean: showHiddenSessions
08-05 21:50:55.856 14088 14088 D SessionListsFragment: 1 sessions for day 0
08-05 21:50:55.856 14088 14088 D SessionListsFragment: 6 sessions for day 1
08-05 21:50:55.856 14088 14088 D SessionListsFragment: 4 sessions for day 2
08-05 21:50:55.857 14088 14088 D SessionListsFragment: 3 sessions for day 3
08-05 21:50:55.857 14088 14088 D SessionListsFragment: 1 sessions for day 4
08-05 21:50:55.862 14088 14522 I art     : Explicit concurrent mark sweep GC freed 12491(623KB) AllocSpace objects, 4(76KB) LOS objects, 30% free, 36MB/52MB, paused 888us total 58.227ms
08-05 21:50:55.883 14088 14522 I art     : Starting a blocking GC Explicit
08-05 21:50:55.904 14088 14088 I SettingsManager: Getting boolean: showHiddenSessions
08-05 21:50:55.905 14088 14088 D SessionListsFragment: Refreshed ViewPager
08-05 21:50:55.905 14088 14088 I SettingsManager: Getting boolean: showHiddenSessions
08-05 21:50:55.906 14088 14088 I SettingsManager: Getting boolean: completedTutorial
08-05 21:50:55.906 14088 14088 I SettingsManager: Getting boolean: showHiddenSessions
08-05 21:50:55.906 14088 14088 I SettingsManager: Getting date: savedSessionsTime
08-05 21:50:55.946 14088 14522 I art     : Explicit concurrent mark sweep GC freed 14289(618KB) AllocSpace objects, 0(0B) LOS objects, 30% free, 36MB/52MB, paused 1.423ms total 61.893ms
08-05 21:50:55.966 14088 14522 I art     : Starting a blocking GC Explicit
08-05 21:50:56.034 14088 14522 I art     : Explicit concurrent mark sweep GC freed 29283(1185KB) AllocSpace objects, 0(0B) LOS objects, 30% free, 36MB/52MB, paused 1.330ms total 68.014ms
08-05 21:50:56.347 14088 14317 I art     : Starting a blocking GC Explicit
08-05 21:50:56.443 14088 14317 I art     : Explicit concurrent mark sweep GC freed 126983(5MB) AllocSpace objects, 1(20KB) LOS objects, 29% free, 37MB/53MB, paused 1.413ms total 95.406ms
08-05 21:50:56.463 13866 13882 I PeriodicStatsRunner: PeriodicStatsRunner.call():175 call()
08-05 21:50:56.464 13866 13882 I PeriodicStatsRunner: PeriodicStatsRunner.call():179 No submit PeriodicStats since input started.
08-05 21:50:56.467 14088 14317 I art     : Starting a blocking GC Explicit
08-05 21:50:56.478 13866 13882 I PeriodicStatsRunner: PeriodicStatsRunner.call():175 call()
08-05 21:50:56.478 13866 13882 I PeriodicStatsRunner: PeriodicStatsRunner.call():179 No submit PeriodicStats since input started.
08-05 21:50:56.544 14088 14317 I art     : Explicit concurrent mark sweep GC freed 36914(1650KB) AllocSpace objects, 0(0B) LOS objects, 29% free, 37MB/53MB, paused 1.515ms total 76.348ms
08-05 21:50:56.567 14088 14317 I art     : Starting a blocking GC Explicit
08-05 21:50:56.649 14088 14317 I art     : Explicit concurrent mark sweep GC freed 33836(1400KB) AllocSpace objects, 0(0B) LOS objects, 29% free, 37MB/53MB, paused 1.537ms total 82.215ms
08-05 21:50:56.674 14088 14317 I art     : Starting a blocking GC Explicit
08-05 21:50:56.732 14088 14088 I Choreographer: Skipped 49 frames!  The application may be doing too much work on its main thread.
08-05 21:50:56.750 14088 14317 I art     : Explicit concurrent mark sweep GC freed 28142(1153KB) AllocSpace objects, 0(0B) LOS objects, 29% free, 37MB/53MB, paused 869us total 76.071ms
08-05 21:50:56.773 14088 14317 I art     : Starting a blocking GC Explicit
08-05 21:50:56.840 14088 14317 I art     : Explicit concurrent mark sweep GC freed 1257(91KB) AllocSpace objects, 0(0B) LOS objects, 29% free, 37MB/53MB, paused 511us total 67.271ms
08-05 21:50:57.176 14088 14522 I art     : Starting a blocking GC Explicit
08-05 21:50:57.260 14088 14522 I art     : Explicit concurrent mark sweep GC freed 123278(11MB) AllocSpace objects, 4(156KB) LOS objects, 37% free, 26MB/42MB, paused 578us total 84.174ms
08-05 21:50:57.275 14088 14522 I art     : Starting a blocking GC Explicit
08-05 21:50:57.318 14088 14522 I art     : Explicit concurrent mark sweep GC freed 18(640B) AllocSpace objects, 0(0B) LOS objects, 37% free, 26MB/42MB, paused 562us total 43.125ms
08-05 21:50:57.334 14088 14522 I art     : Starting a blocking GC Explicit
08-05 21:50:57.378 14088 14522 I art     : Explicit concurrent mark sweep GC freed 3(96B) AllocSpace objects, 0(0B) LOS objects, 37% free, 26MB/42MB, paused 618us total 43.173ms
08-05 21:50:57.394 14088 14522 I art     : Starting a blocking GC Explicit
08-05 21:50:57.440 14088 14522 I art     : Explicit concurrent mark sweep GC freed 3(96B) AllocSpace objects, 0(0B) LOS objects, 37% free, 26MB/42MB, paused 536us total 45.467ms
08-05 21:50:57.456 14088 14522 I art     : Starting a blocking GC Explicit
08-05 21:50:57.501 14088 14522 I art     : Explicit concurrent mark sweep GC freed 11(448B) AllocSpace objects, 0(0B) LOS objects, 37% free, 26MB/42MB, paused 769us total 44.710ms
08-05 21:50:57.853 14088 14317 I art     : Starting a blocking GC Explicit
08-05 21:50:57.900 14088 14317 I art     : Explicit concurrent mark sweep GC freed 1433(80KB) AllocSpace objects, 1(20KB) LOS objects, 37% free, 26MB/42MB, paused 548us total 46.211ms
08-05 21:50:57.917 14088 14317 I art     : Starting a blocking GC Explicit
08-05 21:50:57.965 14088 14317 I art     : Explicit concurrent mark sweep GC freed 20(704B) AllocSpace objects, 0(0B) LOS objects, 37% free, 26MB/42MB, paused 551us total 47.061ms
08-05 21:50:57.981 14088 14317 I art     : Starting a blocking GC Explicit
08-05 21:50:58.027 14088 14317 I art     : Explicit concurrent mark sweep GC freed 3(96B) AllocSpace objects, 0(0B) LOS objects, 37% free, 26MB/42MB, paused 552us total 45.712ms
08-05 21:50:58.043 14088 14317 I art     : Starting a blocking GC Explicit
08-05 21:50:58.090 14088 14317 I art     : Explicit concurrent mark sweep GC freed 3(96B) AllocSpace objects, 0(0B) LOS objects, 37% free, 26MB/42MB, paused 553us total 46.275ms
08-05 21:50:58.106 14088 14317 I art     : Starting a blocking GC Explicit
08-05 21:50:58.151 14088 14317 I art     : Explicit concurrent mark sweep GC freed 3(96B) AllocSpace objects, 0(0B) LOS objects, 37% free, 26MB/42MB, paused 548us total 44.726ms
08-05 21:50:58.509 14088 14522 I art     : Starting a blocking GC Explicit
08-05 21:50:58.563 14088 14522 I art     : Explicit concurrent mark sweep GC freed 1317(76KB) AllocSpace objects, 1(20KB) LOS objects, 37% free, 26MB/42MB, paused 489us total 53.143ms
08-05 21:50:58.583 14088 14522 I art     : Starting a blocking GC Explicit
08-05 21:50:58.634 14088 14522 I art     : Explicit concurrent mark sweep GC freed 18(624B) AllocSpace objects, 0(0B) LOS objects, 37% free, 26MB/42MB, paused 493us total 50.648ms
08-05 21:50:58.650 14088 14522 I art     : Starting a blocking GC Explicit
08-05 21:50:58.695 14088 14522 I art     : Explicit concurrent mark sweep GC freed 3(96B) AllocSpace objects, 0(0B) LOS objects, 37% free, 26MB/42MB, paused 505us total 45.074ms
08-05 21:50:58.712 14088 14522 I art     : Starting a blocking GC Explicit
08-05 21:50:58.759 14088 14522 I art     : Explicit concurrent mark sweep GC freed 3(96B) AllocSpace objects, 0(0B) LOS objects, 37% free, 26MB/42MB, paused 500us total 47.159ms
08-05 21:50:58.775 14088 14522 I art     : Starting a blocking GC Explicit
08-05 21:50:58.819 14088 14522 I art     : Explicit concurrent mark sweep GC freed 3(96B) AllocSpace objects, 0(0B) LOS objects, 37% free, 26MB/42MB, paused 492us total 43.789ms
08-05 21:50:59.159 14088 14100 I art     : Starting a blocking GC Explicit
08-05 21:50:59.217 14088 14100 I art     : Explicit concurrent mark sweep GC freed 1293(75KB) AllocSpace objects, 1(20KB) LOS objects, 37% free, 26MB/42MB, paused 535us total 56.953ms
08-05 21:50:59.235 14088 14100 I art     : Starting a blocking GC Explicit
08-05 21:50:59.280 14088 14100 I art     : Explicit concurrent mark sweep GC freed 18(624B) AllocSpace objects, 0(0B) LOS objects, 37% free, 26MB/42MB, paused 502us total 44.209ms
08-05 21:50:59.296 14088 14100 I art     : Starting a blocking GC Explicit
08-05 21:50:59.344 14088 14100 I art     : Explicit concurrent mark sweep GC freed 3(96B) AllocSpace objects, 0(0B) LOS objects, 37% free, 26MB/42MB, paused 504us total 47.232ms
08-05 21:50:59.360 14088 14100 I art     : Starting a blocking GC Explicit
08-05 21:50:59.402 14088 14100 I art     : Explicit concurrent mark sweep GC freed 3(96B) AllocSpace objects, 0(0B) LOS objects, 37% free, 26MB/42MB, paused 486us total 41.795ms
08-05 21:50:59.418 14088 14100 I art     : Starting a blocking GC Explicit
08-05 21:50:59.460 14088 14100 I art     : Explicit concurrent mark sweep GC freed 3(96B) AllocSpace objects, 0(0B) LOS objects, 37% free, 26MB/42MB, paused 498us total 42.177ms
08-05 21:50:59.760 14088 14099 I art     : Starting a blocking GC Explicit
08-05 21:50:59.807 14088 14099 I art     : Explicit concurrent mark sweep GC freed 1306(76KB) AllocSpace objects, 1(20KB) LOS objects, 37% free, 26MB/42MB, paused 507us total 46.711ms
08-05 21:50:59.825 14088 14099 I art     : Starting a blocking GC Explicit
08-05 21:50:59.864 14088 14099 I art     : Explicit concurrent mark sweep GC freed 18(624B) AllocSpace objects, 0(0B) LOS objects, 37% free, 26MB/42MB, paused 476us total 38.843ms
08-05 21:50:59.879 14088 14099 I art     : Starting a blocking GC Explicit
08-05 21:50:59.918 14088 14099 I art     : Explicit concurrent mark sweep GC freed 5(128B) AllocSpace objects, 0(0B) LOS objects, 37% free, 26MB/42MB, paused 553us total 39.697ms
08-05 21:50:59.933 14088 14099 I art     : Starting a blocking GC Explicit
08-05 21:50:59.974 14088 14099 I art     : Explicit concurrent mark sweep GC freed 29(1136B) AllocSpace objects, 0(0B) LOS objects, 37% free, 26MB/42MB, paused 476us total 40.534ms
08-05 21:50:59.991 14088 14099 I art     : Starting a blocking GC Explicit
08-05 21:51:00.028 14088 14099 I art     : Explicit concurrent mark sweep GC freed 37(928B) AllocSpace objects, 0(0B) LOS objects, 37% free, 26MB/42MB, paused 469us total 37.399ms
08-05 21:51:00.051 15175 15175 D AndroidRuntime: >>>>>> START com.android.internal.os.RuntimeInit uid 2000 <<<<<<
08-05 21:51:00.056 15175 15175 D AndroidRuntime: CheckJNI is OFF
08-05 21:51:00.094 15175 15175 D ICU     : No timezone override file found: /data/misc/zoneinfo/current/icu/icu_tzdata.dat
08-05 21:51:00.135 15175 15175 I Radio-JNI: register_android_hardware_Radio DONE
08-05 21:51:00.164 15175 15175 D AndroidRuntime: Calling main entry com.android.commands.input.Input
08-05 21:51:00.166 15175 15175 I Input   : injectMotionEvent: MotionEvent { action=ACTION_DOWN, actionButton=0, id[0]=0, x[0]=81.0, y[0]=176.0, toolType[0]=TOOL_TYPE_UNKNOWN, buttonState=0, metaState=0, flags=0x0, edgeFlags=0x0, pointerCount=1, historySize=0, eventTime=827476579, downTime=827476579, deviceId=0, source=0x1002 }
08-05 21:51:00.173 15175 15175 I Input   : injectMotionEvent: MotionEvent { action=ACTION_UP, actionButton=0, id[0]=0, x[0]=81.0, y[0]=176.0, toolType[0]=TOOL_TYPE_UNKNOWN, buttonState=0, metaState=0, flags=0x0, edgeFlags=0x0, pointerCount=1, historySize=0, eventTime=827476579, downTime=827476579, deviceId=0, source=0x1002 }
08-05 21:51:00.176 15175 15175 D AndroidRuntime: Shutting down VM
08-05 21:51:00.187   512  2967 D audio_hw_primary: out_set_parameters: enter: usecase(1: low-latency-playback) kvpairs: routing=2
08-05 21:51:00.200   512  2967 D audio_hw_primary: select_devices: out_snd_device(2: speaker) in_snd_device(0: none)
08-05 21:51:00.200   512  2967 D msm8974_platform: platform_send_audio_calibration: sending audio calibration for snd_device(2) acdb_id(15)
08-05 21:51:00.200   512  2967 I soundtrigger: audio_extn_sound_trigger_update_device_status: device 0x2 of type 0 for Event 1
08-05 21:51:00.212   512  2967 D audio_hw_primary: enable_snd_device: snd_device(2: speaker)
08-05 21:51:00.214   512  2967 D audio_hw_primary: enable_audio_route: apply and update mixer path: low-latency-playback speaker
08-05 21:51:00.222 13866 13866 I GoogleInputMethodServic: GoogleInputMethodService.onFinishInput():3138 
08-05 21:51:00.224 13866 13866 I GoogleInputMethodServic: GoogleInputMethodService.onStartInput():1808 
08-05 21:51:00.340 14088 14317 I art     : Starting a blocking GC Explicit
08-05 21:51:00.383 14088 14317 I art     : Explicit concurrent mark sweep GC freed 1731(97KB) AllocSpace objects, 1(20KB) LOS objects, 37% free, 26MB/42MB, paused 476us total 43.219ms
08-05 21:51:00.400 14088 14317 I art     : Starting a blocking GC Explicit
08-05 21:51:00.441 14088 14317 I art     : Explicit concurrent mark sweep GC freed 174(11KB) AllocSpace objects, 0(0B) LOS objects, 37% free, 26MB/42MB, paused 458us total 40.602ms
08-05 21:51:00.455 14088 14317 I art     : Starting a blocking GC Explicit
08-05 21:51:00.495 14088 14317 I art     : Explicit concurrent mark sweep GC freed 5(160B) AllocSpace objects, 0(0B) LOS objects, 37% free, 26MB/42MB, paused 487us total 39.299ms
08-05 21:51:00.510 14088 14317 I art     : Starting a blocking GC Explicit
08-05 21:51:00.551 14088 14317 I art     : Explicit concurrent mark sweep GC freed 3(96B) AllocSpace objects, 0(0B) LOS objects, 37% free, 26MB/42MB, paused 486us total 40.669ms
08-05 21:51:00.567 14088 14317 I art     : Starting a blocking GC Explicit
08-05 21:51:00.582 13866 13882 I PeriodicStatsRunner: PeriodicStatsRunner.call():175 call()
08-05 21:51:00.582 13866 13882 I PeriodicStatsRunner: PeriodicStatsRunner.call():179 No submit PeriodicStats since input started.
08-05 21:51:00.608 14088 14317 I art     : Explicit concurrent mark sweep GC freed 11(384B) AllocSpace objects, 0(0B) LOS objects, 37% free, 26MB/42MB, paused 527us total 40.626ms
08-05 21:51:00.749   512  2967 D audio_hw_primary: disable_audio_route: reset and update mixer path: low-latency-playback speaker
08-05 21:51:00.750   512  2967 D audio_hw_primary: disable_snd_device: snd_device(2: speaker)
08-05 21:51:00.760   512  2967 I soundtrigger: audio_extn_sound_trigger_update_device_status: device 0x2 of type 0 for Event 0
08-05 21:51:00.932 14088 14100 I art     : Starting a blocking GC Explicit
08-05 21:51:00.984 14088 14100 I art     : Explicit concurrent mark sweep GC freed 1294(75KB) AllocSpace objects, 1(20KB) LOS objects, 37% free, 26MB/42MB, paused 647us total 50.886ms
08-05 21:51:01.005 14088 14100 I art     : Starting a blocking GC Explicit
08-05 21:51:01.046 14088 14100 I art     : Explicit concurrent mark sweep GC freed 22(752B) AllocSpace objects, 0(0B) LOS objects, 37% free, 26MB/42MB, paused 484us total 40.072ms
08-05 21:51:01.061 14088 14100 I art     : Starting a blocking GC Explicit
08-05 21:51:01.104 14088 14100 I art     : Explicit concurrent mark sweep GC freed 3(96B) AllocSpace objects, 0(0B) LOS objects, 37% free, 26MB/42MB, paused 492us total 42.649ms
08-05 21:51:01.120 14088 14100 I art     : Starting a blocking GC Explicit
08-05 21:51:01.162 14088 14100 I art     : Explicit concurrent mark sweep GC freed 3(96B) AllocSpace objects, 0(0B) LOS objects, 37% free, 26MB/42MB, paused 493us total 41.486ms
08-05 21:51:01.177 14088 14100 I art     : Starting a blocking GC Explicit
08-05 21:51:01.220 14088 14100 I art     : Explicit concurrent mark sweep GC freed 3(96B) AllocSpace objects, 0(0B) LOS objects, 37% free, 26MB/42MB, paused 492us total 42.608ms
08-05 21:51:01.531 14088 14099 I art     : Starting a blocking GC Explicit
08-05 21:51:01.582 14088 14099 I art     : Explicit concurrent mark sweep GC freed 1293(75KB) AllocSpace objects, 1(20KB) LOS objects, 37% free, 26MB/42MB, paused 527us total 51.056ms
08-05 21:51:01.604 14088 14099 I art     : Starting a blocking GC Explicit
08-05 21:51:01.644 14088 14099 I art     : Explicit concurrent mark sweep GC freed 18(624B) AllocSpace objects, 0(0B) LOS objects, 37% free, 26MB/42MB, paused 496us total 40.521ms
08-05 21:51:01.660 14088 14099 I art     : Starting a blocking GC Explicit
08-05 21:51:01.700 14088 14099 I art     : Explicit concurrent mark sweep GC freed 3(96B) AllocSpace objects, 0(0B) LOS objects, 37% free, 26MB/42MB, paused 485us total 40.477ms
08-05 21:51:01.715 14088 14099 I art     : Starting a blocking GC Explicit
08-05 21:51:01.756 14088 14099 I art     : Explicit concurrent mark sweep GC freed 3(96B) AllocSpace objects, 0(0B) LOS objects, 37% free, 26MB/42MB, paused 495us total 40.790ms
08-05 21:51:01.771 14088 14099 I art     : Starting a blocking GC Explicit
08-05 21:51:01.812 14088 14099 I art     : Explicit concurrent mark sweep GC freed 3(96B) AllocSpace objects, 0(0B) LOS objects, 37% free, 26MB/42MB, paused 494us total 40.769ms
08-05 21:51:01.967 15224 15224 D AndroidRuntime: >>>>>> START com.android.internal.os.RuntimeInit uid 2000 <<<<<<
08-05 21:51:01.974 15224 15224 D AndroidRuntime: CheckJNI is OFF
08-05 21:51:02.017 15224 15224 D ICU     : No timezone override file found: /data/misc/zoneinfo/current/icu/icu_tzdata.dat
08-05 21:51:02.059 15224 15224 I Radio-JNI: register_android_hardware_Radio DONE
08-05 21:51:02.088 15224 15224 D AndroidRuntime: Calling main entry com.android.commands.input.Input
08-05 21:51:02.090 15224 15224 I Input   : injectMotionEvent: MotionEvent { action=ACTION_DOWN, actionButton=0, id[0]=0, x[0]=436.0, y[0]=1770.0, toolType[0]=TOOL_TYPE_UNKNOWN, buttonState=0, metaState=0, flags=0x0, edgeFlags=0x0, pointerCount=1, historySize=0, eventTime=827478503, downTime=827478503, deviceId=0, source=0x1002 }
08-05 21:51:02.094 15224 15224 I Input   : injectMotionEvent: MotionEvent { action=ACTION_UP, actionButton=0, id[0]=0, x[0]=436.0, y[0]=1770.0, toolType[0]=TOOL_TYPE_UNKNOWN, buttonState=0, metaState=0, flags=0x0, edgeFlags=0x0, pointerCount=1, historySize=0, eventTime=827478503, downTime=827478503, deviceId=0, source=0x1002 }
08-05 21:51:02.096 15224 15224 D AndroidRuntime: Shutting down VM
08-05 21:51:02.104 14088 14088 D MainActivity: NavigationItemSelected: Courses
08-05 21:51:02.105   918  5952 I ActivityManager: START u0 {cmp=baseline.com.ak.uobtimetable/.CourseListActivity} from uid 10684 on display 0
08-05 21:51:02.106   512  2967 D audio_hw_primary: out_set_parameters: enter: usecase(1: low-latency-playback) kvpairs: routing=2
08-05 21:51:02.116 14088 14088 D MainActivity: OnPause
08-05 21:51:02.120   512  2967 D audio_hw_primary: select_devices: out_snd_device(2: speaker) in_snd_device(0: none)
08-05 21:51:02.120   512  2967 D msm8974_platform: platform_send_audio_calibration: sending audio calibration for snd_device(2) acdb_id(15)
08-05 21:51:02.120   512  2967 I soundtrigger: audio_extn_sound_trigger_update_device_status: device 0x2 of type 0 for Event 1
08-05 21:51:02.136   512  2967 D audio_hw_primary: enable_snd_device: snd_device(2: speaker)
08-05 21:51:02.138   512  2967 D audio_hw_primary: enable_audio_route: apply and update mixer path: low-latency-playback speaker
08-05 21:51:02.157 14088 14522 I art     : Starting a blocking GC Explicit
08-05 21:51:02.165 14088 14088 D CourseListActivity: onCreate
08-05 21:51:02.167 14088 15251 D HTTP    : Request for: https://uob-timetable-api.adriankeenan.co.uk/courses
08-05 21:51:02.198 14088 14522 I art     : Explicit concurrent mark sweep GC freed 3782(205KB) AllocSpace objects, 1(20KB) LOS objects, 37% free, 26MB/42MB, paused 705us total 40.978ms
08-05 21:51:02.213 14088 14522 I art     : Starting a blocking GC Explicit
08-05 21:51:02.231   918   936 I ActivityManager: Displayed baseline.com.ak.uobtimetable/.CourseListActivity: +114ms
08-05 21:51:02.232 13866 13866 I GoogleInputMethodServic: GoogleInputMethodService.onFinishInput():3138 
08-05 21:51:02.232 13866 13866 I GoogleInputMethodServic: GoogleInputMethodService.onStartInput():1808 
08-05 21:51:02.259 14088 14522 I art     : Explicit concurrent mark sweep GC freed 766(46KB) AllocSpace objects, 0(0B) LOS objects, 37% free, 26MB/42MB, paused 575us total 46.072ms
08-05 21:51:02.274 14088 14522 I art     : Starting a blocking GC Explicit
08-05 21:51:02.313 14088 14522 I art     : Explicit concurrent mark sweep GC freed 112(6KB) AllocSpace objects, 0(0B) LOS objects, 37% free, 26MB/42MB, paused 521us total 38.497ms
08-05 21:51:02.328 14088 14522 I art     : Starting a blocking GC Explicit
08-05 21:51:02.366 14088 14522 I art     : Explicit concurrent mark sweep GC freed 12(1440B) AllocSpace objects, 0(0B) LOS objects, 37% free, 26MB/42MB, paused 513us total 38.197ms
08-05 21:51:02.381 14088 14522 I art     : Starting a blocking GC Explicit
08-05 21:51:02.431 14088 14522 I art     : Explicit concurrent mark sweep GC freed 3(96B) AllocSpace objects, 0(0B) LOS objects, 37% free, 26MB/42MB, paused 540us total 49.738ms
08-05 21:51:02.585 14088 15251 I NAPPA_EXPERIMENTATION: MetricNetworkRequestExecutionTime: REQUEST_DURATION_SYSTEM='417',REQUEST_DURATION_OKHTTP='49',REQUEST_SYNCHRONOUS='TRUE',RESPONSE_CODE='200',RESPONSE_METHOD='GET',RESPONSE_LENGTH_OKHTTP='-1',RESPONSE_LENGTH_HEADER='-2',REQUEST_PROTOCOL='http/1.1',REQUEST_URL='https://uob-timetable-api.adriankeenan.co.uk/courses',
08-05 21:51:02.606 14088 14088 D MainActivity: Saving state
08-05 21:51:02.606 14088 14088 D MainActivity: Saving current fragment: SessionListsFragment
08-05 21:51:02.606 14088 14088 D MainActivity: Saving current index: 3
08-05 21:51:02.608 14088 14088 D SessionListsFragment: Saving state
08-05 21:51:02.679   512  2967 D audio_hw_primary: disable_audio_route: reset and update mixer path: low-latency-playback speaker
08-05 21:51:02.681   512  2967 D audio_hw_primary: disable_snd_device: snd_device(2: speaker)
08-05 21:51:02.690   512  2967 I soundtrigger: audio_extn_sound_trigger_update_device_status: device 0x2 of type 0 for Event 0
08-05 21:51:02.730 14088 14317 I art     : Starting a blocking GC Explicit
08-05 21:51:02.771 14088 14317 I art     : Explicit concurrent mark sweep GC freed 4273(999KB) AllocSpace objects, 4(220KB) LOS objects, 26% free, 44MB/60MB, paused 640us total 40.721ms
08-05 21:51:02.785 14088 14317 I art     : Starting a blocking GC Explicit
08-05 21:51:02.827 14088 14317 I art     : Explicit concurrent mark sweep GC freed 2788(10MB) AllocSpace objects, 0(0B) LOS objects, 24% free, 48MB/64MB, paused 570us total 41.630ms
08-05 21:51:02.842 14088 14317 I art     : Starting a blocking GC Explicit
08-05 21:51:02.879 14088 14317 I art     : Explicit concurrent mark sweep GC freed 32(1216B) AllocSpace objects, 0(0B) LOS objects, 24% free, 48MB/64MB, paused 537us total 37.052ms
08-05 21:51:02.894 14088 14317 I art     : Starting a blocking GC Explicit
08-05 21:51:02.932 14088 14317 I art     : Explicit concurrent mark sweep GC freed 30(1152B) AllocSpace objects, 0(0B) LOS objects, 24% free, 48MB/64MB, paused 557us total 37.829ms
08-05 21:51:02.947 14088 14317 I art     : Starting a blocking GC Explicit
08-05 21:51:02.962 14088 15251 I HTTP    : Response was compressed.
08-05 21:51:03.003 14088 14317 I art     : Explicit concurrent mark sweep GC freed 19416(898KB) AllocSpace objects, 0(0B) LOS objects, 19% free, 64MB/80MB, paused 946us total 56.015ms
08-05 21:51:03.319 14088 14580 I art     : Starting a blocking GC Explicit
08-05 21:51:03.397 14088 14580 I art     : Explicit concurrent mark sweep GC freed 200465(9MB) AllocSpace objects, 3(22MB) LOS objects, 26% free, 43MB/59MB, paused 839us total 78.162ms
08-05 21:51:03.416 14088 14580 I art     : Starting a blocking GC Explicit
08-05 21:51:03.467 14088 14580 I art     : Explicit concurrent mark sweep GC freed 50562(2MB) AllocSpace objects, 0(0B) LOS objects, 26% free, 43MB/59MB, paused 966us total 50.341ms
08-05 21:51:03.484 14088 14580 I art     : Starting a blocking GC Explicit
08-05 21:51:03.534 14088 14580 I art     : Explicit concurrent mark sweep GC freed 37904(1799KB) AllocSpace objects, 0(0B) LOS objects, 26% free, 43MB/59MB, paused 963us total 50.210ms
08-05 21:51:03.551 14088 14580 I art     : Starting a blocking GC Explicit
08-05 21:51:03.603 14088 14580 I art     : Explicit concurrent mark sweep GC freed 37515(1769KB) AllocSpace objects, 0(0B) LOS objects, 26% free, 44MB/60MB, paused 1.462ms total 51.945ms
08-05 21:51:03.621 14088 14580 I art     : Starting a blocking GC Explicit
08-05 21:51:03.675 14088 14580 I art     : Explicit concurrent mark sweep GC freed 38484(1818KB) AllocSpace objects, 0(0B) LOS objects, 26% free, 44MB/60MB, paused 1.018ms total 54.055ms
08-05 21:51:03.989 14088 14522 I art     : Starting a blocking GC Explicit
08-05 21:51:04.067 14088 14522 I art     : Explicit concurrent mark sweep GC freed 202892(9MB) AllocSpace objects, 1(20KB) LOS objects, 25% free, 46MB/62MB, paused 994us total 77.461ms
08-05 21:51:04.089 14088 14522 I art     : Starting a blocking GC Explicit
08-05 21:51:04.147 14088 14522 I art     : Explicit concurrent mark sweep GC freed 51298(2MB) AllocSpace objects, 0(0B) LOS objects, 25% free, 46MB/62MB, paused 1.098ms total 58.080ms
08-05 21:51:04.166 14088 14522 I art     : Starting a blocking GC Explicit
08-05 21:51:04.226 14088 14522 I art     : Explicit concurrent mark sweep GC freed 42514(2026KB) AllocSpace objects, 0(0B) LOS objects, 25% free, 46MB/62MB, paused 1.360ms total 60.325ms
08-05 21:51:04.226 14088 14098 I art     : WaitForGcToComplete blocked for 8.950ms for cause HeapTrim
08-05 21:51:04.246 14088 14522 I art     : Starting a blocking GC Explicit
08-05 21:51:04.308 14088 14522 I art     : Explicit concurrent mark sweep GC freed 43471(2031KB) AllocSpace objects, 0(0B) LOS objects, 25% free, 46MB/62MB, paused 1.409ms total 61.659ms
08-05 21:51:04.328 14088 14522 I art     : Starting a blocking GC Explicit
08-05 21:51:04.389 14088 14522 I art     : Explicit concurrent mark sweep GC freed 43116(2023KB) AllocSpace objects, 0(0B) LOS objects, 25% free, 47MB/63MB, paused 1.323ms total 61.372ms
08-05 21:51:04.706 14088 14317 I art     : Starting a blocking GC Explicit
08-05 21:51:04.793 14088 14317 I art     : Explicit concurrent mark sweep GC freed 205964(9MB) AllocSpace objects, 1(20KB) LOS objects, 24% free, 49MB/65MB, paused 1.339ms total 85.999ms
08-05 21:51:04.815 14088 14317 I art     : Starting a blocking GC Explicit
08-05 21:51:04.884 14088 14317 I art     : Explicit concurrent mark sweep GC freed 56295(2MB) AllocSpace objects, 0(0B) LOS objects, 24% free, 49MB/65MB, paused 1.431ms total 68.539ms
08-05 21:51:04.904 14088 14317 I art     : Starting a blocking GC Explicit
08-05 21:51:04.974 14088 14317 I art     : Explicit concurrent mark sweep GC freed 48227(2MB) AllocSpace objects, 0(0B) LOS objects, 24% free, 49MB/65MB, paused 1.442ms total 69.065ms
08-05 21:51:04.994 14088 14317 I art     : Starting a blocking GC Explicit
08-05 21:51:05.064 14088 14317 I art     : Explicit concurrent mark sweep GC freed 48762(2MB) AllocSpace objects, 0(0B) LOS objects, 24% free, 49MB/65MB, paused 1.395ms total 69.607ms
08-05 21:51:05.085 14088 14317 I art     : Starting a blocking GC Explicit
08-05 21:51:05.157 14088 14317 I art     : Explicit concurrent mark sweep GC freed 48550(2MB) AllocSpace objects, 0(0B) LOS objects, 24% free, 50MB/66MB, paused 1.518ms total 71.307ms
08-05 21:51:05.225 13866 13882 I PeriodicStatsRunner: PeriodicStatsRunner.call():175 call()
08-05 21:51:05.228 13866 13882 I PeriodicStatsRunner: PeriodicStatsRunner.call():179 No submit PeriodicStats since input started.
08-05 21:51:05.475 14088 14580 I art     : Starting a blocking GC Explicit
08-05 21:51:05.572 14088 14580 I art     : Explicit concurrent mark sweep GC freed 211755(9MB) AllocSpace objects, 1(20KB) LOS objects, 23% free, 52MB/68MB, paused 1.350ms total 96.208ms
08-05 21:51:05.595 14088 14580 I art     : Starting a blocking GC Explicit
08-05 21:51:05.672 14088 14580 I art     : Explicit concurrent mark sweep GC freed 61232(2MB) AllocSpace objects, 0(0B) LOS objects, 23% free, 52MB/68MB, paused 1.496ms total 77.502ms
08-05 21:51:05.696 14088 14580 I art     : Starting a blocking GC Explicit
08-05 21:51:05.749 14088 15251 I Service : getCourses response time: 0.69
08-05 21:51:05.759 14088 14088 I SettingsManager: Getting string: savedCourse
08-05 21:51:05.773 14088 14580 I art     : Explicit concurrent mark sweep GC freed 48389(2MB) AllocSpace objects, 0(0B) LOS objects, 23% free, 52MB/68MB, paused 1.105ms total 76.280ms
08-05 21:51:05.795 14088 14580 I art     : Starting a blocking GC Explicit
08-05 21:51:05.868 14088 14580 I art     : Explicit concurrent mark sweep GC freed 1092(54KB) AllocSpace objects, 1(14MB) LOS objects, 29% free, 37MB/53MB, paused 929us total 72.839ms
08-05 21:51:05.891 14088 14580 I art     : Starting a blocking GC Explicit
08-05 21:51:05.968 14088 14580 I art     : Explicit concurrent mark sweep GC freed 416(14KB) AllocSpace objects, 0(0B) LOS objects, 29% free, 37MB/53MB, paused 635us total 77.216ms
08-05 21:51:06.320 14088 14317 I art     : Starting a blocking GC Explicit
08-05 21:51:06.421 14088 14317 I art     : Explicit concurrent mark sweep GC freed 1974(139KB) AllocSpace objects, 1(20KB) LOS objects, 29% free, 37MB/53MB, paused 560us total 99.947ms
08-05 21:51:06.446 14088 14317 I art     : Starting a blocking GC Explicit
08-05 21:51:06.529 14088 14317 I art     : Explicit concurrent mark sweep GC freed 18(624B) AllocSpace objects, 0(0B) LOS objects, 29% free, 37MB/53MB, paused 515us total 82.898ms
08-05 21:51:06.555 14088 14317 I art     : Starting a blocking GC Explicit
08-05 21:51:06.636 14088 14317 I art     : Explicit concurrent mark sweep GC freed 3(96B) AllocSpace objects, 0(0B) LOS objects, 29% free, 37MB/53MB, paused 517us total 81.350ms
08-05 21:51:06.662 14088 14317 I art     : Starting a blocking GC Explicit
08-05 21:51:06.737 14088 14317 I art     : Explicit concurrent mark sweep GC freed 3(96B) AllocSpace objects, 0(0B) LOS objects, 29% free, 37MB/53MB, paused 636us total 75.588ms
08-05 21:51:06.762 14088 14317 I art     : Starting a blocking GC Explicit
08-05 21:51:06.845 14088 14317 I art     : Explicit concurrent mark sweep GC freed 3(96B) AllocSpace objects, 0(0B) LOS objects, 29% free, 37MB/53MB, paused 556us total 82.126ms
08-05 21:51:07.211 14088 14522 I art     : Starting a blocking GC Explicit
08-05 21:51:07.233 13866 13882 I PeriodicStatsRunner: PeriodicStatsRunner.call():175 call()
08-05 21:51:07.233 13866 13882 I PeriodicStatsRunner: PeriodicStatsRunner.call():179 No submit PeriodicStats since input started.
08-05 21:51:07.310 14088 14522 I art     : Explicit concurrent mark sweep GC freed 1293(75KB) AllocSpace objects, 1(20KB) LOS objects, 29% free, 37MB/53MB, paused 552us total 99.274ms
08-05 21:51:07.336 14088 14522 I art     : Starting a blocking GC Explicit
08-05 21:51:07.419 14088 14522 I art     : Explicit concurrent mark sweep GC freed 20(720B) AllocSpace objects, 0(0B) LOS objects, 29% free, 37MB/53MB, paused 539us total 82.641ms
08-05 21:51:07.444 14088 14522 I art     : Starting a blocking GC Explicit
08-05 21:51:07.527 14088 14522 I art     : Explicit concurrent mark sweep GC freed 4(128B) AllocSpace objects, 0(0B) LOS objects, 29% free, 37MB/53MB, paused 561us total 82.460ms
08-05 21:51:07.552 14088 14522 I art     : Starting a blocking GC Explicit
08-05 21:51:07.633 14088 14522 I art     : Explicit concurrent mark sweep GC freed 3(96B) AllocSpace objects, 0(0B) LOS objects, 29% free, 37MB/53MB, paused 543us total 80.678ms
08-05 21:51:07.659 14088 14522 I art     : Starting a blocking GC Explicit
08-05 21:51:07.740 14088 14522 I art     : Explicit concurrent mark sweep GC freed 3(96B) AllocSpace objects, 0(0B) LOS objects, 29% free, 37MB/53MB, paused 555us total 80.858ms
08-05 21:51:08.109 14088 14099 I art     : Starting a blocking GC Explicit
08-05 21:51:08.209 14088 14099 I art     : Explicit concurrent mark sweep GC freed 1293(75KB) AllocSpace objects, 1(20KB) LOS objects, 29% free, 37MB/53MB, paused 589us total 99.886ms
08-05 21:51:08.235 14088 14099 I art     : Starting a blocking GC Explicit
08-05 21:51:08.310  8696  8696 I Atfwd_Sendcmd: AtCmdFwd service not ready - Exhausted retry attempts - :6
08-05 21:51:08.311  8696  8696 I Atfwd_Daemon: result : -1 	 ,Init step :2 	 ,qmiErrorCode: 0
08-05 21:51:08.317 14088 14099 I art     : Explicit concurrent mark sweep GC freed 18(624B) AllocSpace objects, 0(0B) LOS objects, 29% free, 37MB/53MB, paused 548us total 81.592ms
08-05 21:51:08.343 14088 14099 I art     : Starting a blocking GC Explicit
08-05 21:51:08.415 14088 14099 I art     : Explicit concurrent mark sweep GC freed 3(96B) AllocSpace objects, 0(0B) LOS objects, 29% free, 37MB/53MB, paused 520us total 72.428ms
08-05 21:51:08.439 14088 14099 I art     : Starting a blocking GC Explicit
08-05 21:51:08.515 14088 14099 I art     : Explicit concurrent mark sweep GC freed 3(96B) AllocSpace objects, 0(0B) LOS objects, 29% free, 37MB/53MB, paused 520us total 75.717ms
08-05 21:51:08.540 14088 14099 I art     : Starting a blocking GC Explicit
08-05 21:51:08.620 14088 14099 I art     : Explicit concurrent mark sweep GC freed 3(96B) AllocSpace objects, 0(0B) LOS objects, 29% free, 37MB/53MB, paused 545us total 79.949ms
08-05 21:51:08.888 15336 15336 D AndroidRuntime: >>>>>> START com.android.internal.os.RuntimeInit uid 2000 <<<<<<
08-05 21:51:08.895 15336 15336 D AndroidRuntime: CheckJNI is OFF
08-05 21:51:08.939 15336 15336 D ICU     : No timezone override file found: /data/misc/zoneinfo/current/icu/icu_tzdata.dat
08-05 21:51:08.953 14088 14580 I art     : Starting a blocking GC Explicit
08-05 21:51:08.986 15336 15336 I Radio-JNI: register_android_hardware_Radio DONE
08-05 21:51:09.016 15336 15336 D AndroidRuntime: Calling main entry com.android.commands.input.Input
08-05 21:51:09.019 15336 15336 I Input   : injectMotionEvent: MotionEvent { action=ACTION_DOWN, actionButton=0, id[0]=0, x[0]=648.0, y[0]=709.0, toolType[0]=TOOL_TYPE_UNKNOWN, buttonState=0, metaState=0, flags=0x0, edgeFlags=0x0, pointerCount=1, historySize=0, eventTime=827485431, downTime=827485431, deviceId=0, source=0x1002 }
08-05 21:51:09.025 15336 15336 I Input   : injectMotionEvent: MotionEvent { action=ACTION_UP, actionButton=0, id[0]=0, x[0]=648.0, y[0]=709.0, toolType[0]=TOOL_TYPE_UNKNOWN, buttonState=0, metaState=0, flags=0x0, edgeFlags=0x0, pointerCount=1, historySize=0, eventTime=827485431, downTime=827485431, deviceId=0, source=0x1002 }
08-05 21:51:09.027 15336 15336 D AndroidRuntime: Shutting down VM
08-05 21:51:09.033 14088 14580 I art     : Explicit concurrent mark sweep GC freed 1308(76KB) AllocSpace objects, 1(20KB) LOS objects, 29% free, 37MB/53MB, paused 530us total 79.905ms
08-05 21:51:09.058 14088 14580 I art     : Starting a blocking GC Explicit
08-05 21:51:09.092   512  2967 D audio_hw_primary: out_set_parameters: enter: usecase(1: low-latency-playback) kvpairs: routing=2
08-05 21:51:09.105   512  2967 D audio_hw_primary: select_devices: out_snd_device(2: speaker) in_snd_device(0: none)
08-05 21:51:09.105   512  2967 D msm8974_platform: platform_send_audio_calibration: sending audio calibration for snd_device(2) acdb_id(15)
08-05 21:51:09.105   512  2967 I soundtrigger: audio_extn_sound_trigger_update_device_status: device 0x2 of type 0 for Event 1
08-05 21:51:09.115   512  2967 D audio_hw_primary: enable_snd_device: snd_device(2: speaker)
08-05 21:51:09.118   512  2967 D audio_hw_primary: enable_audio_route: apply and update mixer path: low-latency-playback speaker
08-05 21:51:09.127 14088 14580 I art     : Explicit concurrent mark sweep GC freed 606(46KB) AllocSpace objects, 1(20KB) LOS objects, 29% free, 37MB/53MB, paused 620us total 68.567ms
08-05 21:51:09.150 14088 14580 I art     : Starting a blocking GC Explicit
08-05 21:51:09.221 14088 14580 I art     : Explicit concurrent mark sweep GC freed 286(16KB) AllocSpace objects, 0(0B) LOS objects, 29% free, 37MB/53MB, paused 516us total 70.884ms
08-05 21:51:09.246 14088 14580 I art     : Starting a blocking GC Explicit
08-05 21:51:09.321 14088 14580 I art     : Explicit concurrent mark sweep GC freed 13(496B) AllocSpace objects, 0(0B) LOS objects, 29% free, 37MB/53MB, paused 681us total 74.354ms
08-05 21:51:09.321 14088 14098 I art     : WaitForGcToComplete blocked for 12.955ms for cause HeapTrim
08-05 21:51:09.351 14088 14580 I art     : Starting a blocking GC Explicit
08-05 21:51:09.434 14088 14580 I art     : Explicit concurrent mark sweep GC freed 5(160B) AllocSpace objects, 0(0B) LOS objects, 29% free, 37MB/53MB, paused 650us total 82.964ms
08-05 21:51:09.669   512  2967 D audio_hw_primary: disable_audio_route: reset and update mixer path: low-latency-playback speaker
08-05 21:51:09.671   512  2967 D audio_hw_primary: disable_snd_device: snd_device(2: speaker)
08-05 21:51:09.680   512  2967 I soundtrigger: audio_extn_sound_trigger_update_device_status: device 0x2 of type 0 for Event 0
08-05 21:51:09.782 14088 14317 I art     : Starting a blocking GC Explicit
08-05 21:51:09.874 14088 14317 I art     : Explicit concurrent mark sweep GC freed 1300(75KB) AllocSpace objects, 1(20KB) LOS objects, 29% free, 37MB/53MB, paused 575us total 91.859ms
08-05 21:51:09.905 14088 14317 I art     : Starting a blocking GC Explicit
08-05 21:51:09.981 14088 14317 I art     : Explicit concurrent mark sweep GC freed 22(752B) AllocSpace objects, 0(0B) LOS objects, 29% free, 37MB/53MB, paused 549us total 76.007ms
08-05 21:51:10.005 14088 14317 I art     : Starting a blocking GC Explicit
08-05 21:51:10.083 14088 14317 I art     : Explicit concurrent mark sweep GC freed 5(160B) AllocSpace objects, 0(0B) LOS objects, 29% free, 37MB/53MB, paused 552us total 77.957ms
08-05 21:51:10.108 14088 14317 I art     : Starting a blocking GC Explicit
08-05 21:51:10.187 14088 14317 I art     : Explicit concurrent mark sweep GC freed 3(96B) AllocSpace objects, 0(0B) LOS objects, 29% free, 37MB/53MB, paused 545us total 78.174ms
08-05 21:51:10.212 14088 14317 I art     : Starting a blocking GC Explicit
08-05 21:51:10.283 14088 14317 I art     : Explicit concurrent mark sweep GC freed 3(96B) AllocSpace objects, 0(0B) LOS objects, 29% free, 37MB/53MB, paused 532us total 71.370ms
08-05 21:51:10.600 14088 14099 I art     : Starting a blocking GC Explicit
08-05 21:51:10.686 14088 14099 I art     : Explicit concurrent mark sweep GC freed 1293(75KB) AllocSpace objects, 1(20KB) LOS objects, 29% free, 37MB/53MB, paused 563us total 85.617ms
08-05 21:51:10.711 14088 14099 I art     : Starting a blocking GC Explicit
08-05 21:51:10.798 14088 14099 I art     : Explicit concurrent mark sweep GC freed 27(912B) AllocSpace objects, 0(0B) LOS objects, 29% free, 37MB/53MB, paused 693us total 86.724ms
08-05 21:51:10.828 14088 14099 I art     : Starting a blocking GC Explicit
08-05 21:51:10.830 15369 15369 D AndroidRuntime: >>>>>> START com.android.internal.os.RuntimeInit uid 2000 <<<<<<
08-05 21:51:10.836 15369 15369 D AndroidRuntime: CheckJNI is OFF
08-05 21:51:10.879 15369 15369 D ICU     : No timezone override file found: /data/misc/zoneinfo/current/icu/icu_tzdata.dat
08-05 21:51:10.904 14088 14099 I art     : Explicit concurrent mark sweep GC freed 16(512B) AllocSpace objects, 0(0B) LOS objects, 29% free, 37MB/53MB, paused 528us total 75.355ms
08-05 21:51:10.926 15369 15369 I Radio-JNI: register_android_hardware_Radio DONE
08-05 21:51:10.929 14088 14099 I art     : Starting a blocking GC Explicit
08-05 21:51:10.955 15369 15369 D AndroidRuntime: Calling main entry com.android.commands.input.Input
08-05 21:51:10.958 15369 15369 I Input   : injectMotionEvent: MotionEvent { action=ACTION_DOWN, actionButton=0, id[0]=0, x[0]=1197.0, y[0]=1456.0, toolType[0]=TOOL_TYPE_UNKNOWN, buttonState=0, metaState=0, flags=0x0, edgeFlags=0x0, pointerCount=1, historySize=0, eventTime=827487370, downTime=827487370, deviceId=0, source=0x1002 }
08-05 21:51:10.970 15369 15369 I Input   : injectMotionEvent: MotionEvent { action=ACTION_UP, actionButton=0, id[0]=0, x[0]=1197.0, y[0]=1456.0, toolType[0]=TOOL_TYPE_UNKNOWN, buttonState=0, metaState=0, flags=0x0, edgeFlags=0x0, pointerCount=1, historySize=0, eventTime=827487370, downTime=827487370, deviceId=0, source=0x1002 }
08-05 21:51:10.972 15369 15369 D AndroidRuntime: Shutting down VM
08-05 21:51:10.984   512  2967 D audio_hw_primary: out_set_parameters: enter: usecase(1: low-latency-playback) kvpairs: routing=2
08-05 21:51:10.998   512  2967 D audio_hw_primary: select_devices: out_snd_device(2: speaker) in_snd_device(0: none)
08-05 21:51:10.998 14088 14088 I SettingsManager: Setting string: savedCourse
08-05 21:51:10.998   512  2967 D msm8974_platform: platform_send_audio_calibration: sending audio calibration for snd_device(2) acdb_id(15)
08-05 21:51:10.998   512  2967 I soundtrigger: audio_extn_sound_trigger_update_device_status: device 0x2 of type 0 for Event 1
08-05 21:51:10.998   918  6111 W BackupManagerService: dataChanged but no participant pkg='baseline.com.ak.uobtimetable' uid=10684
08-05 21:51:10.999   918  6112 I ActivityManager: START u0 {flg=0x4000000 cmp=baseline.com.ak.uobtimetable/.MainActivity (has extras)} from uid 10684 on display 0
08-05 21:51:11.007 14088 14099 I art     : Explicit concurrent mark sweep GC freed 2133(98KB) AllocSpace objects, 0(0B) LOS objects, 29% free, 37MB/53MB, paused 562us total 78.624ms
08-05 21:51:11.011   512  2967 D audio_hw_primary: enable_snd_device: snd_device(2: speaker)
08-05 21:51:11.014   512  2967 D audio_hw_primary: enable_audio_route: apply and update mixer path: low-latency-playback speaker
08-05 21:51:11.015   918  3696 W InputMethodManagerService: Focus gain on non-focused client com.android.internal.view.IInputMethodClient$Stub$Proxy@6cdc874 (uid=10684 pid=14088)
08-05 21:51:11.031 14088 14099 I art     : Starting a blocking GC Explicit
08-05 21:51:11.031 14088 14088 D MainActivity: OnDestroy
08-05 21:51:11.053 14088 14088 D MainActivity: onCreate
08-05 21:51:11.054 14088 14088 I SettingsManager: Getting string: savedSessions
08-05 21:51:11.054 14088 14088 I SettingsManager: Getting string: savedSessions
08-05 21:51:11.064 14088 14088 I SettingsManager: Getting string: savedSessionsCourseName
08-05 21:51:11.064 14088 14088 I SettingsManager: Getting string: savedSessionsCourseName
08-05 21:51:11.064 14088 14088 I SettingsManager: Getting string: savedSessionsDateRange
08-05 21:51:11.064 14088 14088 I SettingsManager: Getting string: savedSessionsDateRange
08-05 21:51:11.064 14088 14088 I Settings: 15 saved sessions - Artificial Intelligence and Robotics (with Foundation Year) - BSc (Hons) - Ltn - Y0 Feb FT - Weeks: 24-38 (8 Jun 2020-20 Sep 2020)
08-05 21:51:11.103 14088 14099 I art     : Explicit concurrent mark sweep GC freed 9226(428KB) AllocSpace objects, 0(0B) LOS objects, 29% free, 38MB/54MB, paused 1.359ms total 71.722ms
08-05 21:51:11.108 14088 14088 I SettingsManager: Getting string: savedCourse
08-05 21:51:11.109 14088 14088 D MainActivity: sessionListFragmentArg: updateSessions
08-05 21:51:11.109 14088 14088 D MainActivity: showTermDatesConfigChange: false
08-05 21:51:11.109 14088 14088 D MainActivity: showTermDatesShortcut: false
08-05 21:51:11.110 14088 14088 D MainActivity: Setting initial fragment: SessionListsFragment
08-05 21:51:11.111 14088 14088 I SettingsManager: Getting int: launchCount
08-05 21:51:11.112 14088 14088 D SessionListsFragment: onCreateView
08-05 21:51:11.118 14088 14088 I SettingsManager: Getting string: savedCourse
08-05 21:51:11.122 14088 14088 I SettingsManager: Getting string: savedSessions
08-05 21:51:11.133 14088 14088 D SessionListsFragment: loadArgument: updateSessions
08-05 21:51:11.133 14088 14088 D SessionListsFragment: initialIndex: -1
08-05 21:51:11.135 14088 15392 D HTTP    : Request for: https://uob-timetable-api.adriankeenan.co.uk/sessions?dept=CM010&course=BSAIFAAF%2F02AA%2F0%2FFT&level=Foundation+Year
08-05 21:51:11.147 14088 14088 D TermDatesFragment: WebView loaded
08-05 21:51:11.148 14088 14088 D MainActivity: OnResume
08-05 21:51:11.219 14088 14088 I TermDatesFragment: Webview load %: 10
08-05 21:51:11.240   918   936 I ActivityManager: Displayed baseline.com.ak.uobtimetable/.MainActivity: +222ms
08-05 21:51:11.240 13866 13866 I GoogleInputMethodServic: GoogleInputMethodService.onFinishInput():3138 
08-05 21:51:11.241 13866 13866 I GoogleInputMethodServic: GoogleInputMethodService.onStartInput():1808 
08-05 21:51:11.363 14088 14088 I TermDatesFragment: Webview load %: 70
08-05 21:51:11.373 14088 14088 I TermDatesFragment: Webview load %: 100
08-05 21:51:11.374 14088 14088 I TermDatesFragment: Webview load %: 100
08-05 21:51:11.402 14088 14100 I art     : Starting a blocking GC Explicit
08-05 21:51:11.403 14088 15392 I NAPPA_EXPERIMENTATION: MetricNetworkRequestExecutionTime: REQUEST_DURATION_SYSTEM='267',REQUEST_DURATION_OKHTTP='86',REQUEST_SYNCHRONOUS='TRUE',RESPONSE_CODE='200',RESPONSE_METHOD='GET',RESPONSE_LENGTH_OKHTTP='-1',RESPONSE_LENGTH_HEADER='1214',REQUEST_PROTOCOL='http/1.1',REQUEST_URL='https://uob-timetable-api.adriankeenan.co.uk/sessions?dept=CM010&course=BSAIFAAF%2F02AA%2F0%2FFT&level=Foundation+Year',
08-05 21:51:11.450 14088 15392 I HTTP    : Response was compressed.
08-05 21:51:11.462 14088 15392 I Service : getSessions response time: 1.10
08-05 21:51:11.464 14088 14088 I SettingsManager: Getting string: savedSessions
08-05 21:51:11.465 14088 14088 I SettingsManager: Getting string: savedSessions
08-05 21:51:11.494 14088 14100 I art     : Explicit concurrent mark sweep GC freed 22466(1098KB) AllocSpace objects, 9(1632KB) LOS objects, 29% free, 38MB/54MB, paused 1.219ms total 91.811ms
08-05 21:51:11.498 14088 14088 I Service : Sessions updated: 15
08-05 21:51:11.498 14088 14088 I Service : Sessions removed from new list: 0
08-05 21:51:11.510 14088 14088 I SettingsManager: Setting string: savedSessions
08-05 21:51:11.510   918  5481 W BackupManagerService: dataChanged but no participant pkg='baseline.com.ak.uobtimetable' uid=10684
08-05 21:51:11.511 14088 14088 I SettingsManager: Setting date: savedSessionsTime
08-05 21:51:11.522   918  6111 W BackupManagerService: dataChanged but no participant pkg='baseline.com.ak.uobtimetable' uid=10684
08-05 21:51:11.522 14088 14088 I SettingsManager: Setting string: savedSessionsCourseName
08-05 21:51:11.522 14088 14100 I art     : Starting a blocking GC Explicit
08-05 21:51:11.522   918   928 W BackupManagerService: dataChanged but no participant pkg='baseline.com.ak.uobtimetable' uid=10684
08-05 21:51:11.524 14088 14088 I SettingsManager: Setting string: savedSessionsDateRange
08-05 21:51:11.524   918  5952 W BackupManagerService: dataChanged but no participant pkg='baseline.com.ak.uobtimetable' uid=10684
08-05 21:51:11.524 14088 14088 I SettingsManager: Setting string: timetableUrl
08-05 21:51:11.524   918  3696 W BackupManagerService: dataChanged but no participant pkg='baseline.com.ak.uobtimetable' uid=10684
08-05 21:51:11.525 14088 14088 I SettingsManager: Getting boolean: notifySessionRemindersEnabled
08-05 21:51:11.525 14088 14088 I SettingsManager: Getting int: notifySessionRemindersMinutes
08-05 21:51:11.525 14088 14088 I SettingsManager: Getting boolean: showHiddenSessions
08-05 21:51:11.527 14088 14088 I SessionReminderNotifier: Created session reminder alarm for f7b4771250a919bd729c1c5a4a459c77 at Mon 08:30:00 10/08/20
08-05 21:51:11.529 14088 14088 I SessionReminderNotifier: Created session reminder alarm for a7f879aabdeb78622c8820a5fb7b64cd at Tue 08:30:00 11/08/20
08-05 21:51:11.532 14088 14088 I SessionReminderNotifier: Created session reminder alarm for 7bc8d7e2c2055711f597c3d9078c6ea3 at Tue 08:30:00 11/08/20
08-05 21:51:11.534 14088 14088 I SessionReminderNotifier: Created session reminder alarm for 53c0527a6f009a1f2fd223834d3bfe51 at Tue 10:30:00 11/08/20
08-05 21:51:11.536 14088 14088 I SessionReminderNotifier: Created session reminder alarm for e0fc978b5db8218778540b4053344581 at Tue 11:00:00 11/08/20
08-05 21:51:11.538 14088 14088 I SessionReminderNotifier: Created session reminder alarm for 199afb0100f329ff65a09e1b0cd9deba at Tue 11:30:00 11/08/20
08-05 21:51:11.540 14088 14088 I SessionReminderNotifier: Created session reminder alarm for 21712fef61090882c855a1425543edb5 at Tue 13:30:00 11/08/20
08-05 21:51:11.542 14088 14088 I SessionReminderNotifier: Created session reminder alarm for 65ca4d97f031f29a4d02bbb45a705d8f at Wed 08:30:00 12/08/20
08-05 21:51:11.543 14088 14088 I SessionReminderNotifier: Created session reminder alarm for eeda7741b0bcab58fd9f46dc6ef1d942 at Wed 08:30:00 12/08/20
08-05 21:51:11.545 14088 14088 I SessionReminderNotifier: Created session reminder alarm for c276c1b2075a0beb67f1b3d1e580f920 at Wed 11:00:00 12/08/20
08-05 21:51:11.547 14088 14088 I SessionReminderNotifier: Created session reminder alarm for 8b1f3627e42ae13a6f6ba0a83903dde1 at Wed 13:30:00 12/08/20
08-05 21:51:11.548   512  2967 D audio_hw_primary: disable_audio_route: reset and update mixer path: low-latency-playback speaker
08-05 21:51:11.549   512  2967 D audio_hw_primary: disable_snd_device: snd_device(2: speaker)
08-05 21:51:11.549 14088 14088 I SessionReminderNotifier: Created session reminder alarm for 79fe0b5c3b887a13ba29db5a33fa2800 at Thu 08:30:00 06/08/20
08-05 21:51:11.552 14088 14088 I SessionReminderNotifier: Created session reminder alarm for cb9dfc8231cdba2be0835dc5709690e1 at Thu 08:30:00 06/08/20
08-05 21:51:11.554 14088 14088 I SessionReminderNotifier: Created session reminder alarm for f850dc24d6de60b7b89fa9e1a8c224c5 at Thu 12:00:00 06/08/20
08-05 21:51:11.556 14088 14088 I SessionReminderNotifier: Created session reminder alarm for 2ba1034116e4fffdd592dbf0796a43d5 at Fri 08:30:00 07/08/20
08-05 21:51:11.556 14088 14088 I SettingsManager: Getting boolean: showHiddenSessions
08-05 21:51:11.556 14088 14088 D SessionListsFragment: 1 sessions for day 0
08-05 21:51:11.556 14088 14088 D SessionListsFragment: 6 sessions for day 1
08-05 21:51:11.556 14088 14088 D SessionListsFragment: 4 sessions for day 2
08-05 21:51:11.556   512  2967 I soundtrigger: audio_extn_sound_trigger_update_device_status: device 0x2 of type 0 for Event 0
08-05 21:51:11.556 14088 14088 D SessionListsFragment: 3 sessions for day 3
08-05 21:51:11.556 14088 14088 D SessionListsFragment: 1 sessions for day 4
08-05 21:51:11.586 14088 14100 I art     : Explicit concurrent mark sweep GC freed 51234(2MB) AllocSpace objects, 2(100KB) LOS objects, 30% free, 36MB/52MB, paused 1.147ms total 64.080ms
08-05 21:51:11.606 14088 14088 I SettingsManager: Getting boolean: showHiddenSessions
08-05 21:51:11.607 14088 14100 I art     : Starting a blocking GC Explicit
08-05 21:51:11.607 14088 14088 D SessionListsFragment: Refreshed ViewPager
08-05 21:51:11.608 14088 14088 I SettingsManager: Getting boolean: showHiddenSessions
08-05 21:51:11.608 14088 14088 I SettingsManager: Getting boolean: completedTutorial
08-05 21:51:11.608 14088 14088 I SettingsManager: Getting boolean: showHiddenSessions
08-05 21:51:11.608 14088 14088 I SettingsManager: Getting date: savedSessionsTime
08-05 21:51:11.673 14088 14100 I art     : Explicit concurrent mark sweep GC freed 23211(956KB) AllocSpace objects, 0(0B) LOS objects, 30% free, 36MB/52MB, paused 1.321ms total 65.543ms
08-05 21:51:11.693 14088 14100 I art     : Starting a blocking GC Explicit
08-05 21:51:11.700   918  3261 D WifiStateMachine: starting scan for "H369AA63323"WPA_PSK with 2412,5180
08-05 21:51:11.763 14088 14100 I art     : Explicit concurrent mark sweep GC freed 27069(1101KB) AllocSpace objects, 0(0B) LOS objects, 30% free, 36MB/52MB, paused 2.358ms total 69.751ms
08-05 21:51:11.786 14088 14100 I art     : Starting a blocking GC Explicit
08-05 21:51:11.859 14088 14100 I art     : Explicit concurrent mark sweep GC freed 31954(1312KB) AllocSpace objects, 0(0B) LOS objects, 30% free, 36MB/52MB, paused 1.420ms total 73.395ms
08-05 21:51:12.175 14088 14522 I art     : Starting a blocking GC Explicit
08-05 21:51:12.271 14088 14522 I art     : Explicit concurrent mark sweep GC freed 131343(5MB) AllocSpace objects, 1(20KB) LOS objects, 29% free, 37MB/53MB, paused 1.391ms total 95.765ms
08-05 21:51:12.295 14088 14522 I art     : Starting a blocking GC Explicit
08-05 21:51:12.377 14088 14522 I art     : Explicit concurrent mark sweep GC freed 40754(1820KB) AllocSpace objects, 0(0B) LOS objects, 29% free, 37MB/53MB, paused 1.538ms total 81.035ms
08-05 21:51:12.401 14088 14522 I art     : Starting a blocking GC Explicit
08-05 21:51:12.463 14088 14088 I Choreographer: Skipped 50 frames!  The application may be doing too much work on its main thread.
08-05 21:51:12.482 14088 14522 I art     : Explicit concurrent mark sweep GC freed 28765(1184KB) AllocSpace objects, 0(0B) LOS objects, 29% free, 37MB/53MB, paused 875us total 80.911ms
08-05 21:51:12.506 14088 14522 I art     : Starting a blocking GC Explicit
08-05 21:51:12.582 14088 14522 I art     : Explicit concurrent mark sweep GC freed 1305(93KB) AllocSpace objects, 0(0B) LOS objects, 29% free, 37MB/53MB, paused 587us total 75.796ms
08-05 21:51:12.608 14088 14522 I art     : Starting a blocking GC Explicit
08-05 21:51:12.672 14088 14522 I art     : Explicit concurrent mark sweep GC freed 121527(11MB) AllocSpace objects, 3(136KB) LOS objects, 37% free, 26MB/42MB, paused 693us total 64.330ms
08-05 21:51:13.018 14088 14522 I art     : Starting a blocking GC Explicit
08-05 21:51:13.080 14088 14522 I art     : Explicit concurrent mark sweep GC freed 1517(85KB) AllocSpace objects, 1(20KB) LOS objects, 37% free, 26MB/42MB, paused 562us total 61.968ms
08-05 21:51:13.100 14088 14522 I art     : Starting a blocking GC Explicit
08-05 21:51:13.122   918  3188 I hubconnection: sensorhub said: 'set_bias 3: -6.1920, 0.0000, 0.0000'
08-05 21:51:13.147 14088 14522 I art     : Explicit concurrent mark sweep GC freed 18(624B) AllocSpace objects, 0(0B) LOS objects, 37% free, 26MB/42MB, paused 563us total 46.367ms
08-05 21:51:13.164 14088 14522 I art     : Starting a blocking GC Explicit
08-05 21:51:13.208 14088 14522 I art     : Explicit concurrent mark sweep GC freed 13(512B) AllocSpace objects, 0(0B) LOS objects, 37% free, 26MB/42MB, paused 541us total 44.226ms
08-05 21:51:13.226 14088 14522 I art     : Starting a blocking GC Explicit
08-05 21:51:13.270 14088 14522 I art     : Explicit concurrent mark sweep GC freed 39(1280B) AllocSpace objects, 0(0B) LOS objects, 37% free, 26MB/42MB, paused 744us total 43.684ms
08-05 21:51:13.286 14088 14522 I art     : Starting a blocking GC Explicit
08-05 21:51:13.330 14088 14522 I art     : Explicit concurrent mark sweep GC freed 40(1296B) AllocSpace objects, 0(0B) LOS objects, 37% free, 26MB/42MB, paused 592us total 42.934ms
08-05 21:51:13.694 14088 14317 I art     : Starting a blocking GC Explicit
08-05 21:51:13.747 14088 14317 I art     : Explicit concurrent mark sweep GC freed 1356(77KB) AllocSpace objects, 1(20KB) LOS objects, 37% free, 26MB/42MB, paused 585us total 53.537ms
08-05 21:51:13.767 14088 14317 I art     : Starting a blocking GC Explicit
08-05 21:51:13.817 14088 14317 I art     : Explicit concurrent mark sweep GC freed 18(624B) AllocSpace objects, 0(0B) LOS objects, 37% free, 26MB/42MB, paused 574us total 48.932ms
08-05 21:51:13.833 14088 14317 I art     : Starting a blocking GC Explicit
08-05 21:51:13.881 14088 14317 I art     : Explicit concurrent mark sweep GC freed 3(96B) AllocSpace objects, 0(0B) LOS objects, 37% free, 26MB/42MB, paused 566us total 48.055ms
08-05 21:51:13.898 14088 14317 I art     : Starting a blocking GC Explicit
08-05 21:51:13.946 14088 14317 I art     : Explicit concurrent mark sweep GC freed 3(96B) AllocSpace objects, 0(0B) LOS objects, 37% free, 26MB/42MB, paused 512us total 48.357ms
08-05 21:51:13.963 14088 14317 I art     : Starting a blocking GC Explicit
08-05 21:51:14.011 14088 14317 I art     : Explicit concurrent mark sweep GC freed 3(96B) AllocSpace objects, 0(0B) LOS objects, 37% free, 26MB/42MB, paused 570us total 47.692ms
08-05 21:51:14.353 14088 14099 I art     : Starting a blocking GC Explicit
08-05 21:51:14.412 14088 14099 I art     : Explicit concurrent mark sweep GC freed 1293(75KB) AllocSpace objects, 1(20KB) LOS objects, 37% free, 26MB/42MB, paused 582us total 58.673ms
08-05 21:51:14.431 14088 14099 I art     : Starting a blocking GC Explicit
08-05 21:51:14.478 14088 14099 I art     : Explicit concurrent mark sweep GC freed 18(624B) AllocSpace objects, 0(0B) LOS objects, 37% free, 26MB/42MB, paused 660us total 46.862ms
08-05 21:51:14.478 14088 14098 I art     : WaitForGcToComplete blocked for 43.579ms for cause HeapTrim
08-05 21:51:14.494 14088 14099 I art     : Starting a blocking GC Explicit
08-05 21:51:14.540 14088 14099 I art     : Explicit concurrent mark sweep GC freed 3(96B) AllocSpace objects, 0(0B) LOS objects, 37% free, 26MB/42MB, paused 555us total 45.899ms
08-05 21:51:14.557 14088 14099 I art     : Starting a blocking GC Explicit
08-05 21:51:14.603 14088 14099 I art     : Explicit concurrent mark sweep GC freed 3(96B) AllocSpace objects, 0(0B) LOS objects, 37% free, 26MB/42MB, paused 546us total 45.722ms
08-05 21:51:14.620 14088 14099 I art     : Starting a blocking GC Explicit
08-05 21:51:14.668 14088 14099 I art     : Explicit concurrent mark sweep GC freed 3(96B) AllocSpace objects, 0(0B) LOS objects, 37% free, 26MB/42MB, paused 732us total 48.063ms
08-05 21:51:15.024 14088 14580 I art     : Starting a blocking GC Explicit
08-05 21:51:15.083 14088 14580 I art     : Explicit concurrent mark sweep GC freed 1293(75KB) AllocSpace objects, 1(20KB) LOS objects, 37% free, 26MB/42MB, paused 533us total 58.073ms
08-05 21:51:15.099 14088 14580 I art     : Starting a blocking GC Explicit
08-05 21:51:15.147 14088 14580 I art     : Explicit concurrent mark sweep GC freed 18(624B) AllocSpace objects, 0(0B) LOS objects, 37% free, 26MB/42MB, paused 553us total 47.422ms
08-05 21:51:15.163 14088 14580 I art     : Starting a blocking GC Explicit
08-05 21:51:15.208 14088 14580 I art     : Explicit concurrent mark sweep GC freed 3(96B) AllocSpace objects, 0(0B) LOS objects, 37% free, 26MB/42MB, paused 534us total 45.143ms
08-05 21:51:15.225 14088 14580 I art     : Starting a blocking GC Explicit
08-05 21:51:15.267 14088 14580 I art     : Explicit concurrent mark sweep GC freed 3(96B) AllocSpace objects, 0(0B) LOS objects, 37% free, 26MB/42MB, paused 502us total 41.814ms
08-05 21:51:15.282 14088 14580 I art     : Starting a blocking GC Explicit
08-05 21:51:15.323 14088 14580 I art     : Explicit concurrent mark sweep GC freed 3(96B) AllocSpace objects, 0(0B) LOS objects, 37% free, 26MB/42MB, paused 545us total 41.414ms
08-05 21:51:15.655 14088 14099 I art     : Starting a blocking GC Explicit
08-05 21:51:15.703 14088 14099 I art     : Explicit concurrent mark sweep GC freed 1334(77KB) AllocSpace objects, 1(20KB) LOS objects, 37% free, 26MB/42MB, paused 542us total 47.794ms
08-05 21:51:15.720 14088 14099 I art     : Starting a blocking GC Explicit
08-05 21:51:15.764 14088 14099 I art     : Explicit concurrent mark sweep GC freed 73(2272B) AllocSpace objects, 0(0B) LOS objects, 37% free, 26MB/42MB, paused 597us total 44.183ms
08-05 21:51:15.771 15454 15454 D AndroidRuntime: >>>>>> START com.android.internal.os.RuntimeInit uid 2000 <<<<<<
08-05 21:51:15.777 15454 15454 D AndroidRuntime: CheckJNI is OFF
08-05 21:51:15.780 14088 14099 I art     : Starting a blocking GC Explicit
08-05 21:51:15.820 15454 15454 D ICU     : No timezone override file found: /data/misc/zoneinfo/current/icu/icu_tzdata.dat
08-05 21:51:15.823 14088 14099 I art     : Explicit concurrent mark sweep GC freed 151(10KB) AllocSpace objects, 0(0B) LOS objects, 37% free, 26MB/42MB, paused 567us total 42.348ms
08-05 21:51:15.838 14088 14099 I art     : Starting a blocking GC Explicit
08-05 21:51:15.867 15454 15454 I Radio-JNI: register_android_hardware_Radio DONE
08-05 21:51:15.882 14088 14099 I art     : Explicit concurrent mark sweep GC freed 3(96B) AllocSpace objects, 0(0B) LOS objects, 37% free, 26MB/42MB, paused 543us total 43.709ms
08-05 21:51:15.898 15454 15454 D AndroidRuntime: Calling main entry com.android.commands.input.Input
08-05 21:51:15.898 14088 14099 I art     : Starting a blocking GC Explicit
08-05 21:51:15.900 15454 15454 I Input   : injectMotionEvent: MotionEvent { action=ACTION_DOWN, actionButton=0, id[0]=0, x[0]=81.0, y[0]=176.0, toolType[0]=TOOL_TYPE_UNKNOWN, buttonState=0, metaState=0, flags=0x0, edgeFlags=0x0, pointerCount=1, historySize=0, eventTime=827492312, downTime=827492312, deviceId=0, source=0x1002 }
08-05 21:51:15.906 15454 15454 I Input   : injectMotionEvent: MotionEvent { action=ACTION_UP, actionButton=0, id[0]=0, x[0]=81.0, y[0]=176.0, toolType[0]=TOOL_TYPE_UNKNOWN, buttonState=0, metaState=0, flags=0x0, edgeFlags=0x0, pointerCount=1, historySize=0, eventTime=827492312, downTime=827492312, deviceId=0, source=0x1002 }
08-05 21:51:15.908 15454 15454 D AndroidRuntime: Shutting down VM
08-05 21:51:15.922   512  2967 D audio_hw_primary: out_set_parameters: enter: usecase(1: low-latency-playback) kvpairs: routing=2
08-05 21:51:15.935   512  2967 D audio_hw_primary: select_devices: out_snd_device(2: speaker) in_snd_device(0: none)
08-05 21:51:15.935   512  2967 D msm8974_platform: platform_send_audio_calibration: sending audio calibration for snd_device(2) acdb_id(15)
08-05 21:51:15.936   512  2967 I soundtrigger: audio_extn_sound_trigger_update_device_status: device 0x2 of type 0 for Event 1
08-05 21:51:15.942 14088 14099 I art     : Explicit concurrent mark sweep GC freed 28(1008B) AllocSpace objects, 0(0B) LOS objects, 37% free, 26MB/42MB, paused 776us total 43.736ms
08-05 21:51:15.947   512  2967 D audio_hw_primary: enable_snd_device: snd_device(2: speaker)
08-05 21:51:15.950   512  2967 D audio_hw_primary: enable_audio_route: apply and update mixer path: low-latency-playback speaker
08-05 21:51:15.957 13866 13866 I GoogleInputMethodServic: GoogleInputMethodService.onFinishInput():3138 
08-05 21:51:15.958 13866 13866 I GoogleInputMethodServic: GoogleInputMethodService.onStartInput():1808 
08-05 21:51:16.241 13866 13882 I PeriodicStatsRunner: PeriodicStatsRunner.call():175 call()
08-05 21:51:16.241 13866 13882 I PeriodicStatsRunner: PeriodicStatsRunner.call():179 No submit PeriodicStats since input started.
08-05 21:51:16.248 14088 14100 I art     : Starting a blocking GC Explicit
08-05 21:51:16.295 14088 14100 I art     : Explicit concurrent mark sweep GC freed 1687(95KB) AllocSpace objects, 1(20KB) LOS objects, 37% free, 26MB/42MB, paused 596us total 46.556ms
08-05 21:51:16.312 14088 14100 I art     : Starting a blocking GC Explicit
08-05 21:51:16.351 14088 14100 I art     : Explicit concurrent mark sweep GC freed 35(1360B) AllocSpace objects, 0(0B) LOS objects, 37% free, 26MB/42MB, paused 532us total 38.602ms
08-05 21:51:16.365 14088 14100 I art     : Starting a blocking GC Explicit
08-05 21:51:16.407 14088 14100 I art     : Explicit concurrent mark sweep GC freed 5(160B) AllocSpace objects, 0(0B) LOS objects, 37% free, 26MB/42MB, paused 617us total 41.760ms
08-05 21:51:16.422 14088 14100 I art     : Starting a blocking GC Explicit
08-05 21:51:16.463 14088 14100 I art     : Explicit concurrent mark sweep GC freed 3(96B) AllocSpace objects, 0(0B) LOS objects, 37% free, 26MB/42MB, paused 531us total 40.137ms
08-05 21:51:16.478 14088 14100 I art     : Starting a blocking GC Explicit
08-05 21:51:16.498   512  2967 D audio_hw_primary: disable_audio_route: reset and update mixer path: low-latency-playback speaker
08-05 21:51:16.499   512  2967 D audio_hw_primary: disable_snd_device: snd_device(2: speaker)
08-05 21:51:16.507   512  2967 I soundtrigger: audio_extn_sound_trigger_update_device_status: device 0x2 of type 0 for Event 0
08-05 21:51:16.519 14088 14100 I art     : Explicit concurrent mark sweep GC freed 3(96B) AllocSpace objects, 0(0B) LOS objects, 37% free, 26MB/42MB, paused 532us total 40.743ms
08-05 21:51:16.837 14088 14522 I art     : Starting a blocking GC Explicit
08-05 21:51:16.893 14088 14522 I art     : Explicit concurrent mark sweep GC freed 1293(75KB) AllocSpace objects, 1(20KB) LOS objects, 37% free, 26MB/42MB, paused 584us total 55.302ms
08-05 21:51:16.914 14088 14522 I art     : Starting a blocking GC Explicit
08-05 21:51:16.959 14088 14522 I art     : Explicit concurrent mark sweep GC freed 20(688B) AllocSpace objects, 0(0B) LOS objects, 37% free, 26MB/42MB, paused 546us total 44.062ms
08-05 21:51:16.974 14088 14522 I art     : Starting a blocking GC Explicit
08-05 21:51:17.019 14088 14522 I art     : Explicit concurrent mark sweep GC freed 3(96B) AllocSpace objects, 0(0B) LOS objects, 37% free, 26MB/42MB, paused 556us total 43.775ms
08-05 21:51:17.035 14088 14522 I art     : Starting a blocking GC Explicit
08-05 21:51:17.079 14088 14522 I art     : Explicit concurrent mark sweep GC freed 3(96B) AllocSpace objects, 0(0B) LOS objects, 37% free, 26MB/42MB, paused 509us total 44.090ms
08-05 21:51:17.095 14088 14522 I art     : Starting a blocking GC Explicit
08-05 21:51:17.138 14088 14522 I art     : Explicit concurrent mark sweep GC freed 3(96B) AllocSpace objects, 0(0B) LOS objects, 37% free, 26MB/42MB, paused 536us total 43.204ms
08-05 21:51:17.450 14088 14580 I art     : Starting a blocking GC Explicit
08-05 21:51:17.503 14088 14580 I art     : Explicit concurrent mark sweep GC freed 1293(75KB) AllocSpace objects, 1(20KB) LOS objects, 37% free, 26MB/42MB, paused 553us total 53.291ms
08-05 21:51:17.520 14088 14580 I art     : Starting a blocking GC Explicit
08-05 21:51:17.563 14088 14580 I art     : Explicit concurrent mark sweep GC freed 19(656B) AllocSpace objects, 0(0B) LOS objects, 37% free, 26MB/42MB, paused 532us total 42.699ms
08-05 21:51:17.579 14088 14580 I art     : Starting a blocking GC Explicit
08-05 21:51:17.623 14088 14580 I art     : Explicit concurrent mark sweep GC freed 8(256B) AllocSpace objects, 0(0B) LOS objects, 37% free, 26MB/42MB, paused 697us total 43.404ms
08-05 21:51:17.639 14088 14580 I art     : Starting a blocking GC Explicit
08-05 21:51:17.681 14088 14580 I art     : Explicit concurrent mark sweep GC freed 12(384B) AllocSpace objects, 0(0B) LOS objects, 37% free, 26MB/42MB, paused 542us total 42.580ms
08-05 21:51:17.691 15498 15498 D AndroidRuntime: >>>>>> START com.android.internal.os.RuntimeInit uid 2000 <<<<<<
08-05 21:51:17.696 15498 15498 D AndroidRuntime: CheckJNI is OFF
08-05 21:51:17.698 14088 14580 I art     : Starting a blocking GC Explicit
08-05 21:51:17.737 14088 14580 I art     : Explicit concurrent mark sweep GC freed 8(256B) AllocSpace objects, 0(0B) LOS objects, 37% free, 26MB/42MB, paused 545us total 39.266ms
08-05 21:51:17.739 15498 15498 D ICU     : No timezone override file found: /data/misc/zoneinfo/current/icu/icu_tzdata.dat
08-05 21:51:17.787 15498 15498 I Radio-JNI: register_android_hardware_Radio DONE
08-05 21:51:17.814 15498 15498 D AndroidRuntime: Calling main entry com.android.commands.input.Input
08-05 21:51:17.817 15498 15498 I Input   : injectMotionEvent: MotionEvent { action=ACTION_DOWN, actionButton=0, id[0]=0, x[0]=360.0, y[0]=1098.0, toolType[0]=TOOL_TYPE_UNKNOWN, buttonState=0, metaState=0, flags=0x0, edgeFlags=0x0, pointerCount=1, historySize=0, eventTime=827494229, downTime=827494229, deviceId=0, source=0x1002 }
08-05 21:51:17.823 15498 15498 I Input   : injectMotionEvent: MotionEvent { action=ACTION_UP, actionButton=0, id[0]=0, x[0]=360.0, y[0]=1098.0, toolType[0]=TOOL_TYPE_UNKNOWN, buttonState=0, metaState=0, flags=0x0, edgeFlags=0x0, pointerCount=1, historySize=0, eventTime=827494229, downTime=827494229, deviceId=0, source=0x1002 }
08-05 21:51:17.825 15498 15498 D AndroidRuntime: Shutting down VM
08-05 21:51:17.838 14088 14088 D MainActivity: NavigationItemSelected: Term dates
08-05 21:51:17.841   512  2967 D audio_hw_primary: out_set_parameters: enter: usecase(1: low-latency-playback) kvpairs: routing=2
08-05 21:51:17.855   512  2967 D audio_hw_primary: select_devices: out_snd_device(2: speaker) in_snd_device(0: none)
08-05 21:51:17.855   512  2967 D msm8974_platform: platform_send_audio_calibration: sending audio calibration for snd_device(2) acdb_id(15)
08-05 21:51:17.855   512  2967 I soundtrigger: audio_extn_sound_trigger_update_device_status: device 0x2 of type 0 for Event 1
08-05 21:51:17.867   512  2967 D audio_hw_primary: enable_snd_device: snd_device(2: speaker)
08-05 21:51:17.870   512  2967 D audio_hw_primary: enable_audio_route: apply and update mixer path: low-latency-playback speaker
08-05 21:51:18.044 14088 14522 I art     : Starting a blocking GC Explicit
08-05 21:51:18.088 14088 14522 I art     : Explicit concurrent mark sweep GC freed 1838(97KB) AllocSpace objects, 1(20KB) LOS objects, 37% free, 26MB/42MB, paused 675us total 43.618ms
08-05 21:51:18.105 14088 14522 I art     : Starting a blocking GC Explicit
08-05 21:51:18.146 14088 14522 I art     : Explicit concurrent mark sweep GC freed 227(16KB) AllocSpace objects, 0(0B) LOS objects, 37% free, 26MB/42MB, paused 499us total 40.690ms
08-05 21:51:18.161 14088 14522 I art     : Starting a blocking GC Explicit
08-05 21:51:18.201 14088 14522 I art     : Explicit concurrent mark sweep GC freed 8(256B) AllocSpace objects, 0(0B) LOS objects, 37% free, 26MB/42MB, paused 524us total 39.218ms
08-05 21:51:18.217 14088 14522 I art     : Starting a blocking GC Explicit
08-05 21:51:18.262 14088 14522 I art     : Explicit concurrent mark sweep GC freed 31(992B) AllocSpace objects, 0(0B) LOS objects, 37% free, 26MB/42MB, paused 510us total 44.581ms
08-05 21:51:18.276 13866 13866 I GoogleInputMethodServic: GoogleInputMethodService.onFinishInput():3138 
08-05 21:51:18.277 13866 13866 I GoogleInputMethodServic: GoogleInputMethodService.onStartInput():1808 
08-05 21:51:18.279 14088 14522 I art     : Starting a blocking GC Explicit
08-05 21:51:18.323 14088 14522 I art     : Explicit concurrent mark sweep GC freed 14(608B) AllocSpace objects, 0(0B) LOS objects, 37% free, 26MB/42MB, paused 579us total 43.090ms
08-05 21:51:18.419   512  2967 D audio_hw_primary: disable_audio_route: reset and update mixer path: low-latency-playback speaker
08-05 21:51:18.420   512  2967 D audio_hw_primary: disable_snd_device: snd_device(2: speaker)
08-05 21:51:18.429   512  2967 I soundtrigger: audio_extn_sound_trigger_update_device_status: device 0x2 of type 0 for Event 0
08-05 21:51:18.668 14088 14580 I art     : Starting a blocking GC Explicit
08-05 21:51:18.722 14088 14580 I art     : Explicit concurrent mark sweep GC freed 1343(77KB) AllocSpace objects, 1(20KB) LOS objects, 37% free, 26MB/42MB, paused 589us total 53.537ms
08-05 21:51:18.741 14088 14580 I art     : Starting a blocking GC Explicit
08-05 21:51:18.784 14088 14580 I art     : Explicit concurrent mark sweep GC freed 26(880B) AllocSpace objects, 0(0B) LOS objects, 37% free, 26MB/42MB, paused 542us total 42.319ms
08-05 21:51:18.801 14088 14580 I art     : Starting a blocking GC Explicit
08-05 21:51:18.842 14088 14580 I art     : Explicit concurrent mark sweep GC freed 10(320B) AllocSpace objects, 0(0B) LOS objects, 37% free, 26MB/42MB, paused 685us total 40.334ms
08-05 21:51:18.857 14088 14580 I art     : Starting a blocking GC Explicit
08-05 21:51:18.899 14088 14580 I art     : Explicit concurrent mark sweep GC freed 10(320B) AllocSpace objects, 0(0B) LOS objects, 37% free, 26MB/42MB, paused 525us total 41.294ms
08-05 21:51:18.917 14088 14580 I art     : Starting a blocking GC Explicit
08-05 21:51:18.955 14088 14580 I art     : Explicit concurrent mark sweep GC freed 9(288B) AllocSpace objects, 0(0B) LOS objects, 37% free, 26MB/42MB, paused 511us total 38.056ms
08-05 21:51:19.292 14088 14317 I art     : Starting a blocking GC Explicit
08-05 21:51:19.344 14088 14317 I art     : Explicit concurrent mark sweep GC freed 1340(77KB) AllocSpace objects, 1(20KB) LOS objects, 37% free, 26MB/42MB, paused 662us total 52.030ms
08-05 21:51:19.362 14088 14317 I art     : Starting a blocking GC Explicit
08-05 21:51:19.407 14088 14317 I art     : Explicit concurrent mark sweep GC freed 25(848B) AllocSpace objects, 0(0B) LOS objects, 37% free, 26MB/42MB, paused 566us total 44.794ms
08-05 21:51:19.424 14088 14317 I art     : Starting a blocking GC Explicit
08-05 21:51:19.466 14088 14317 I art     : Explicit concurrent mark sweep GC freed 12(384B) AllocSpace objects, 0(0B) LOS objects, 37% free, 26MB/42MB, paused 543us total 41.760ms
08-05 21:51:19.484 14088 14317 I art     : Starting a blocking GC Explicit
08-05 21:51:19.528 14088 14317 I art     : Explicit concurrent mark sweep GC freed 18(576B) AllocSpace objects, 0(0B) LOS objects, 37% free, 26MB/42MB, paused 535us total 43.748ms
08-05 21:51:19.545 14088 14317 I art     : Starting a blocking GC Explicit
08-05 21:51:19.587 14088 14317 I art     : Explicit concurrent mark sweep GC freed 15(480B) AllocSpace objects, 0(0B) LOS objects, 37% free, 26MB/42MB, paused 541us total 41.972ms
08-05 21:51:19.587 14088 14098 I art     : WaitForGcToComplete blocked for 42.326ms for cause HeapTrim
08-05 21:51:19.929 14088 14580 I art     : Starting a blocking GC Explicit
08-05 21:51:19.990 14088 14580 I art     : Explicit concurrent mark sweep GC freed 1328(76KB) AllocSpace objects, 1(20KB) LOS objects, 37% free, 26MB/42MB, paused 607us total 60.168ms
08-05 21:51:20.010 14088 14580 I art     : Starting a blocking GC Explicit
08-05 21:51:20.059 14088 14580 I art     : Explicit concurrent mark sweep GC freed 18(624B) AllocSpace objects, 0(0B) LOS objects, 37% free, 26MB/42MB, paused 570us total 49.036ms
08-05 21:51:20.076 14088 14580 I art     : Starting a blocking GC Explicit
08-05 21:51:20.122 14088 14580 I art     : Explicit concurrent mark sweep GC freed 3(96B) AllocSpace objects, 0(0B) LOS objects, 37% free, 26MB/42MB, paused 603us total 46.238ms
08-05 21:51:20.139 14088 14580 I art     : Starting a blocking GC Explicit
08-05 21:51:20.189 14088 14580 I art     : Explicit concurrent mark sweep GC freed 3(96B) AllocSpace objects, 0(0B) LOS objects, 37% free, 26MB/42MB, paused 589us total 49.804ms
08-05 21:51:20.210 14088 14580 I art     : Starting a blocking GC Explicit
08-05 21:51:20.254 14088 14580 I art     : Explicit concurrent mark sweep GC freed 3(96B) AllocSpace objects, 0(0B) LOS objects, 37% free, 26MB/42MB, paused 549us total 43.922ms
08-05 21:51:20.610 14088 14100 I art     : Starting a blocking GC Explicit
08-05 21:51:20.673 14088 14100 I art     : Explicit concurrent mark sweep GC freed 1293(75KB) AllocSpace objects, 1(20KB) LOS objects, 37% free, 26MB/42MB, paused 584us total 62.678ms
08-05 21:51:20.691 14088 14100 I art     : Starting a blocking GC Explicit
08-05 21:51:20.739 14088 14100 I art     : Explicit concurrent mark sweep GC freed 18(624B) AllocSpace objects, 0(0B) LOS objects, 37% free, 26MB/42MB, paused 592us total 47.231ms
08-05 21:51:20.755 14088 14100 I art     : Starting a blocking GC Explicit
08-05 21:51:20.805 14088 14100 I art     : Explicit concurrent mark sweep GC freed 3(96B) AllocSpace objects, 0(0B) LOS objects, 37% free, 26MB/42MB, paused 573us total 49.045ms
08-05 21:51:20.821 14088 14100 I art     : Starting a blocking GC Explicit
08-05 21:51:20.868 14088 14100 I art     : Explicit concurrent mark sweep GC freed 3(96B) AllocSpace objects, 0(0B) LOS objects, 37% free, 26MB/42MB, paused 626us total 46.629ms
08-05 21:51:20.885 14088 14100 I art     : Starting a blocking GC Explicit
08-05 21:51:20.934 14088 14100 I art     : Explicit concurrent mark sweep GC freed 3(96B) AllocSpace objects, 0(0B) LOS objects, 37% free, 26MB/42MB, paused 573us total 48.441ms
08-05 21:51:20.959 13866 13882 I PeriodicStatsRunner: PeriodicStatsRunner.call():175 call()
08-05 21:51:20.959 13866 13882 I PeriodicStatsRunner: PeriodicStatsRunner.call():179 No submit PeriodicStats since input started.
08-05 21:51:21.286 14088 14317 I art     : Starting a blocking GC Explicit
08-05 21:51:21.341 14088 14317 I art     : Explicit concurrent mark sweep GC freed 1293(75KB) AllocSpace objects, 1(20KB) LOS objects, 37% free, 26MB/42MB, paused 555us total 54.163ms
08-05 21:51:21.357 14088 14317 I art     : Starting a blocking GC Explicit
08-05 21:51:21.401 14088 14317 I art     : Explicit concurrent mark sweep GC freed 18(624B) AllocSpace objects, 0(0B) LOS objects, 37% free, 26MB/42MB, paused 549us total 43.739ms
08-05 21:51:21.417 14088 14317 I art     : Starting a blocking GC Explicit
08-05 21:51:21.460 14088 14317 I art     : Explicit concurrent mark sweep GC freed 3(96B) AllocSpace objects, 0(0B) LOS objects, 37% free, 26MB/42MB, paused 517us total 42.595ms
08-05 21:51:21.474 14088 14317 I art     : Starting a blocking GC Explicit
08-05 21:51:21.515 14088 14317 I art     : Explicit concurrent mark sweep GC freed 3(96B) AllocSpace objects, 0(0B) LOS objects, 37% free, 26MB/42MB, paused 549us total 41.031ms
08-05 21:51:21.531 14088 14317 I art     : Starting a blocking GC Explicit
08-05 21:51:21.577 14088 14317 I art     : Explicit concurrent mark sweep GC freed 3(96B) AllocSpace objects, 0(0B) LOS objects, 37% free, 26MB/42MB, paused 573us total 46.204ms
08-05 21:51:21.945 14088 14522 I art     : Starting a blocking GC Explicit
08-05 21:51:22.003 14088 14522 I art     : Explicit concurrent mark sweep GC freed 1293(75KB) AllocSpace objects, 1(20KB) LOS objects, 37% free, 26MB/42MB, paused 588us total 57.597ms
08-05 21:51:22.021 14088 14522 I art     : Starting a blocking GC Explicit
08-05 21:51:22.064 14088 14522 I art     : Explicit concurrent mark sweep GC freed 18(624B) AllocSpace objects, 0(0B) LOS objects, 37% free, 26MB/42MB, paused 547us total 43.306ms
08-05 21:51:22.081 14088 14522 I art     : Starting a blocking GC Explicit
08-05 21:51:22.124 14088 14522 I art     : Explicit concurrent mark sweep GC freed 3(96B) AllocSpace objects, 0(0B) LOS objects, 37% free, 26MB/42MB, paused 509us total 43.189ms
08-05 21:51:22.139 14088 14522 I art     : Starting a blocking GC Explicit
08-05 21:51:22.179 14088 14522 I art     : Explicit concurrent mark sweep GC freed 3(96B) AllocSpace objects, 0(0B) LOS objects, 37% free, 26MB/42MB, paused 545us total 39.943ms
08-05 21:51:22.195 14088 14522 I art     : Starting a blocking GC Explicit
08-05 21:51:22.236 14088 14522 I art     : Explicit concurrent mark sweep GC freed 3(96B) AllocSpace objects, 0(0B) LOS objects, 37% free, 26MB/42MB, paused 546us total 41.037ms
08-05 21:51:22.579 14088 14099 I art     : Starting a blocking GC Explicit
08-05 21:51:22.634 14088 14099 I art     : Explicit concurrent mark sweep GC freed 1293(75KB) AllocSpace objects, 1(20KB) LOS objects, 37% free, 26MB/42MB, paused 577us total 54.908ms
08-05 21:51:22.655 14088 14099 I art     : Starting a blocking GC Explicit
08-05 21:51:22.680 15599 15599 D AndroidRuntime: >>>>>> START com.android.internal.os.RuntimeInit uid 2000 <<<<<<
08-05 21:51:22.685 15599 15599 D AndroidRuntime: CheckJNI is OFF
08-05 21:51:22.699 14088 14099 I art     : Explicit concurrent mark sweep GC freed 18(624B) AllocSpace objects, 0(0B) LOS objects, 37% free, 26MB/42MB, paused 569us total 43.577ms
08-05 21:51:22.714 14088 14099 I art     : Starting a blocking GC Explicit
08-05 21:51:22.732 15599 15599 D ICU     : No timezone override file found: /data/misc/zoneinfo/current/icu/icu_tzdata.dat
08-05 21:51:22.757 14088 14099 I art     : Explicit concurrent mark sweep GC freed 3(96B) AllocSpace objects, 0(0B) LOS objects, 37% free, 26MB/42MB, paused 653us total 43.068ms
08-05 21:51:22.773 14088 14099 I art     : Starting a blocking GC Explicit
08-05 21:51:22.781 15599 15599 I Radio-JNI: register_android_hardware_Radio DONE
08-05 21:51:22.811 15599 15599 D AndroidRuntime: Calling main entry com.android.commands.am.Am
08-05 21:51:22.817 14088 14099 I art     : Explicit concurrent mark sweep GC freed 3(96B) AllocSpace objects, 0(0B) LOS objects, 37% free, 26MB/42MB, paused 678us total 43.815ms
08-05 21:51:22.820 19822 19822 I Trepn   : Trepn 6.2s: Received intent: com.quicinc.trepn.stop_profiling
08-05 21:51:22.833 14088 14099 I art     : Starting a blocking GC Explicit
08-05 21:51:22.860 19822 19822 I Trepn   : Trepn 6.2s: Trepn has Stopped Profiling.
08-05 21:51:22.876 14088 14099 I art     : Explicit concurrent mark sweep GC freed 3(96B) AllocSpace objects, 0(0B) LOS objects, 37% free, 26MB/42MB, paused 556us total 42.266ms
08-05 21:51:22.982 15599 15599 D AndroidRuntime: Shutting down VM
08-05 21:51:22.988   918  4413 W AppOps  : Finishing op nesting under-run: uid 10078 pkg com.quicinc.trepn code 24 time=0 duration=0 nesting=0
08-05 21:51:23.183 14088 14580 I art     : Starting a blocking GC Explicit
08-05 21:51:23.235 14088 14580 I art     : Explicit concurrent mark sweep GC freed 1293(75KB) AllocSpace objects, 1(20KB) LOS objects, 37% free, 26MB/42MB, paused 569us total 51.727ms
08-05 21:51:23.252 14088 14580 I art     : Starting a blocking GC Explicit
08-05 21:51:23.286 13866 13882 I PeriodicStatsRunner: PeriodicStatsRunner.call():175 call()
08-05 21:51:23.287 13866 13882 I PeriodicStatsRunner: PeriodicStatsRunner.call():179 No submit PeriodicStats since input started.
08-05 21:51:23.291 14088 14580 I art     : Explicit concurrent mark sweep GC freed 18(624B) AllocSpace objects, 0(0B) LOS objects, 37% free, 26MB/42MB, paused 549us total 39.484ms
08-05 21:51:23.307 14088 14580 I art     : Starting a blocking GC Explicit
08-05 21:51:23.351 14088 14580 I art     : Explicit concurrent mark sweep GC freed 3(96B) AllocSpace objects, 0(0B) LOS objects, 37% free, 26MB/42MB, paused 555us total 43.519ms
08-05 21:51:23.367 14088 14580 I art     : Starting a blocking GC Explicit
08-05 21:51:23.409 14088 14580 I art     : Explicit concurrent mark sweep GC freed 3(96B) AllocSpace objects, 0(0B) LOS objects, 37% free, 26MB/42MB, paused 523us total 41.567ms
08-05 21:51:23.424 14088 14580 I art     : Starting a blocking GC Explicit
08-05 21:51:23.465 14088 14580 I art     : Explicit concurrent mark sweep GC freed 3(96B) AllocSpace objects, 0(0B) LOS objects, 37% free, 26MB/42MB, paused 538us total 40.322ms
