--------- beginning of main
08-05 14:01:51.967   918  3714 I AccountManagerService: getTypesVisibleToCaller: isPermitted? true
08-05 14:01:51.968   918   928 I AccountManagerService: getTypesVisibleToCaller: isPermitted? true
08-05 14:01:51.972 24365 28084 I Fitness : FitCleanupIntentOperation received Intent android.intent.action.PACKAGE_REMOVED [CONTEXT service_id=17 ]
08-05 14:01:51.973 21092 21092 I Finsky  : [1] uah.a(18): PackageMonitorReceiverImpl - Received: android.intent.action.PACKAGE_REMOVED, [jsPREe6yOOhrMreoEvcpPvP36yUmihacpIgcKsaLph8]
08-05 14:01:51.974 21092 21092 I Finsky  : [1] ubi.d(9): Invalidating cached PackageState for baseline.com.ak.uobtimetable
08-05 14:01:51.978  3784  3784 D CarrierServiceBindHelper: Receive action: android.intent.action.PACKAGE_ADDED
08-05 14:01:51.978  3784  3784 D CarrierServiceBindHelper: Receive action: android.intent.action.PACKAGE_REPLACED
08-05 14:01:51.979  3784  3784 D CarrierServiceBindHelper: mHandler: 3
08-05 14:01:51.979  3784  3784 D CarrierServiceBindHelper: mHandler: 3
08-05 14:01:51.979  3784  3784 D CarrierServiceBindHelper: mHandler: 3
08-05 14:01:51.979  3784  3784 D CarrierConfigLoader: mHandler: 9 phoneId: 0
08-05 14:01:52.003 21092 21092 I Finsky  : [1] lzi.c(2): Frosting ID looked up on UI thread. Caller should move to a background thread.
08-05 14:01:52.019 21092 21092 I Finsky  : [1] nqb.c(3): Installer: package baseline.com.ak.uobtimetable was removed. replacing: true
08-05 14:01:52.020 21092 21092 I Finsky  : [1] nra.a(188): Installer: Notifying status update. package=baseline.com.ak.uobtimetable, status=UNINSTALLED
08-05 14:01:52.039 21092 21092 I Finsky  : [1] lzi.c(2): Frosting ID looked up on UI thread. Caller should move to a background thread.
08-05 14:01:52.057 21092 21092 I Finsky  : [1] nra.a(220): Installer: found apps to install. isMultiUserMode=false, apps=[]
08-05 14:01:52.071 21092 28096 I Finsky  : [6167] ejf.a(-1): Cancelled 0 ongoing asset module downloads for package baseline.com.ak.uobtimetable due to a concurrent app update.
08-05 14:01:52.096 21092 21254 I Finsky  : [6084] odj.b(52): IQ: Notifying installation update. package=baseline.com.ak.uobtimetable, status=UNINSTALLED
08-05 14:01:52.108 24577 28090 I Auth    : [SupervisedAccountIntentOperation] onHandleIntent(): android.intent.action.PACKAGE_ADDED
08-05 14:01:52.111 24577 28082 I ChromeSync: [Sync,SyncIntentOperation] Handling the intent: Intent { act=android.intent.action.PACKAGE_ADDED dat=package:baseline.com.ak.uobtimetable flg=0x4000010 cmp=com.google.android.gms/.chimera.GmsIntentOperationService (has extras) }.
08-05 14:01:52.133 21092 28094 I Finsky  : [6165] lyv.run(-1): Wrote row to frosting DB: 2774
--------- beginning of system
08-05 14:01:52.144   918  5132 W ActivityManager: Unable to start service Intent { act=com.google.android.gms.auth.key.retrieval.service.START pkg=com.google.android.gms } U=0: not found
08-05 14:01:52.144 21092 21092 I Finsky  : [1] uah.a(18): PackageMonitorReceiverImpl - Received: android.intent.action.PACKAGE_ADDED, [jsPREe6yOOhrMreoEvcpPvP36yUmihacpIgcKsaLph8]
08-05 14:01:52.144 21092 21092 I Finsky  : [1] ubi.d(9): Invalidating cached PackageState for baseline.com.ak.uobtimetable
08-05 14:01:52.145   918  3714 W ActivityManager: Unbind failed: could not find connection for android.os.BinderProxy@9b20d45
08-05 14:01:52.159 24577 24621 E GmsClient: unable to connect to service: com.google.android.gms.auth.key.retrieval.service.START on com.google.android.gms
08-05 14:01:52.190 21092 21092 I Finsky  : [1] lzi.c(2): Frosting ID looked up on UI thread. Caller should move to a background thread.
08-05 14:01:52.232 21092 21092 I Finsky  : [1] agsx.a(4): Do not start WearSupportService due to Wear service optimization
08-05 14:01:52.233   918  3359 I AccountManagerService: getTypesVisibleToCaller: isPermitted? true
08-05 14:01:52.235 24577 28082 I ChromeSync: [Persistence,AffiliationManager] One of affiliation or grouping data for android://bz0hZa4nAJEtd0n5sRlXG7KAqctUMWVefv7Ki4mh1p6slZ9YO-n9gS9j8m9YCrsIyI2wIxrDHraumF9Y6pBLTA==@baseline.com.ak.uobtimetable/ was not found. Marking affiliation data as stale...
08-05 14:01:52.239 21092 28096 I Finsky  : [6167] ejc.a(-1): Asset module broadcast after update successful for package baseline.com.ak.uobtimetable. 0 sessions broadcast.
08-05 14:01:52.242 21092 28095 I Finsky  : [6166] gzn.a(-1): [ContentSync] finished, scheduled=false
08-05 14:01:52.245 21092 21092 I Finsky  : [1] lzi.c(2): Frosting ID looked up on UI thread. Caller should move to a background thread.
08-05 14:01:52.324   918  5481 I AccountManagerService: getTypesVisibleToCaller: isPermitted? true
08-05 14:01:52.337 21092 21254 I Finsky  : [6084] odj.b(40): IQ: No matching installs to run for jobs: []
08-05 14:01:52.360 24577 28088 I FontLog : Package baseline.com.ak.uobtimetable has no metadata [CONTEXT service_id=132 ]
08-05 14:01:52.376 21092 28094 I Finsky  : [6165] lyv.run(-1): Wrote row to frosting DB: 2775
08-05 14:01:52.467 21092 28094 I Finsky  : [6165] lyv.run(-1): Wrote row to frosting DB: 2776
08-05 14:01:52.530 24577 13336 I Icing   : IndexChimeraService.getServiceInterface callingPackage=com.google.android.gms componentName=AppsCorpus serviceId=36
08-05 14:01:52.534 21092 28094 I Finsky  : [6165] lyv.run(-1): Wrote row to frosting DB: 2777
08-05 14:01:52.543 28107 28107 D AndroidRuntime: >>>>>> START com.android.internal.os.RuntimeInit uid 2000 <<<<<<
08-05 14:01:52.546 28107 28107 D AndroidRuntime: CheckJNI is OFF
08-05 14:01:52.570 28107 28107 D ICU     : No timezone override file found: /data/misc/zoneinfo/current/icu/icu_tzdata.dat
08-05 14:01:52.581   918  3714 I AccountManagerService: getTypesVisibleToCaller: isPermitted? true
08-05 14:01:52.581 24577 11697 W Icing   : No valid account for uploading user actions
08-05 14:01:52.598 28107 28107 I Radio-JNI: register_android_hardware_Radio DONE
08-05 14:01:52.601 21092 21092 I Finsky  : [1] xmu.a(8): SCH: Jobs in database: 1-1337 3-215 3-216 12-1 24-77777777 26-1414141414 
08-05 14:01:52.604 21092 21092 I Finsky  : [1] xio.a(57): SCH: ConstraintMapping: 24-77777777,  -> L: 0ms, D: 25687917ms, C: false, I: true, N: 0
08-05 14:01:52.604 21092 21092 I Finsky  : [1] xio.a(57): SCH: ConstraintMapping: 1-1337, 12-1,  -> L: 14429ms, D: 72240309ms, C: false, I: false, N: 1
08-05 14:01:52.605 21092 21092 I Finsky  : [1] xio.a(57): SCH: ConstraintMapping: 3-215,  -> L: 0ms, D: 84114848ms, C: false, I: true, N: 2
08-05 14:01:52.606 21092 21092 I Finsky  : [1] xio.a(57): SCH: ConstraintMapping: 3-216,  -> L: 0ms, D: 84114879ms, C: true, I: true, N: 2
08-05 14:01:52.607 21092 28095 I Finsky  : [6166] gzn.a(-1): [ContentSync] finished, scheduled=true
08-05 14:01:52.610 21092 21092 I Finsky  : [1] xio.a(57): SCH: ConstraintMapping: 26-1414141414,  -> L: 33687776ms, D: 34587776ms, C: false, I: false, N: 0
08-05 14:01:52.614 28107 28107 D AndroidRuntime: Calling main entry com.android.commands.monkey.Monkey
08-05 14:01:52.615 24577 13336 I Icing   : IndexChimeraService.getServiceInterface callingPackage=com.google.android.gms componentName=null serviceId=30
08-05 14:01:52.620 28061 28061 W Atfwd_Sendcmd: AtCmdFwd service not published, waiting... retryCnt : 1
08-05 14:01:52.625 21092 21092 I Finsky  : [1] xle.a(34): Cancelling existing jobscheduler jobs: 9003 9010 9002 9005 9001 9007 9004 9011 9009 9013 
08-05 14:01:52.626 21092 21092 I Finsky  : [1] xle.a(27): Scheduling job Id: 9000, L: 0, D: 25687917, C: false, I: true, N: 0
08-05 14:01:52.629 21092 21092 I Finsky  : [1] xle.a(27): Scheduling job Id: 9006, L: 14429, D: 72240309, C: false, I: false, N: 1
08-05 14:01:52.629   918   931 W BroadcastQueue: Skipping deliver [background] BroadcastRecord{27749ab u-1 android.net.conn.CONNECTIVITY_CHANGE} to ReceiverList{a7ea808 28107 (unknown name)/2000/u-1 remote:9539225}: process crashing
08-05 14:01:52.631 21092 21092 I Finsky  : [1] xle.a(27): Scheduling job Id: 9008, L: 0, D: 84114848, C: false, I: true, N: 2
08-05 14:01:52.633 21092 21092 I Finsky  : [1] xle.a(27): Scheduling job Id: 9012, L: 0, D: 84114879, C: true, I: true, N: 2
08-05 14:01:52.634 21092 21092 I Finsky  : [1] xle.a(27): Scheduling job Id: 9014, L: 33687776, D: 34587776, C: false, I: false, N: 0
08-05 14:01:52.636 21092 21092 I Finsky  : [1] xle.a(27): Scheduling job Id: 9015, L: 0, D: 25687917, C: false, I: true, N: 0
08-05 14:01:52.637 21092 21092 I Finsky  : [1] xle.a(27): Scheduling job Id: 9016, L: 14429, D: 72240309, C: false, I: false, N: 1
08-05 14:01:52.639 21092 21092 I Finsky  : [1] xle.a(27): Scheduling job Id: 9017, L: 0, D: 84114848, C: false, I: true, N: 2
08-05 14:01:52.640 21092 21092 I Finsky  : [1] xle.a(27): Scheduling job Id: 9018, L: 0, D: 84114879, C: true, I: true, N: 2
08-05 14:01:52.642 21092 21092 I Finsky  : [1] xle.a(27): Scheduling job Id: 9019, L: 33687776, D: 34587776, C: false, I: false, N: 0
08-05 14:01:52.645   918  6112 I ActivityManager: START u0 {act=android.intent.action.MAIN cat=[android.intent.category.LAUNCHER] flg=0x10200000 cmp=baseline.com.ak.uobtimetable/.MainActivity} from uid 2000 on display 0
08-05 14:01:52.678 24577 11697 I Icing   : Usage reports ok 2, Failed Usage reports 0, indexed 0, rejected 0
08-05 14:01:52.678   918  3359 I ActivityManager: Start proc 28123:baseline.com.ak.uobtimetable/u0a684 for activity baseline.com.ak.uobtimetable/.MainActivity
08-05 14:01:52.679   918   932 I sensors : batch
08-05 14:01:52.680 28123 28123 I art     : Late-enabling -Xcheck:jni
08-05 14:01:52.681 24577 11697 W Icing   : No valid account for uploading user actions
08-05 14:01:52.691   918  3188 I hubconnection: sensorhub said: 'batch 31 flags:0, sampling_rate_Hz:15.00, max_report_latency_us:0'
08-05 14:01:52.700 24577 11697 I Icing   : Usage reports ok 0, Failed Usage reports 0, indexed 0, rejected 0
08-05 14:01:52.701 24577 11697 I Icing   : Indexing com.google.android.gms-internal.3p:MobileApplication from com.google.android.gms using seqno 763
08-05 14:01:52.707 24577 11697 I Icing   : Indexing com.google.android.gms-internal.3p:MobileApplication from com.google.android.gms using seqno 763
08-05 14:01:52.713   918   932 I sensors : flush
08-05 14:01:52.718   918  3188 I hubconnection: sensorhub said: 'flush 31'
08-05 14:01:52.718   918  3188 I hubconnection: saw sensor 31 flushed
08-05 14:01:52.721 28107 28107 I art     : System.exit called, status: 0
08-05 14:01:52.721 28107 28107 I AndroidRuntime: VM exiting with result code 0.
08-05 14:01:52.735 24577 13336 I Icing   : IndexChimeraService.getServiceInterface callingPackage=com.google.android.gms componentName=null serviceId=36
08-05 14:01:52.736 28123 28123 W System  : ClassLoader referenced unknown path: /data/app/baseline.com.ak.uobtimetable-1/lib/arm64
08-05 14:01:52.742 24577 11697 W Icing   : No valid account for uploading user actions
08-05 14:01:52.744 28123 28123 E Application: Can't init Bugsnag - No key
08-05 14:01:52.744 28123 28123 E Application: java.lang.Exception: Can't init Bugsnag - No key
08-05 14:01:52.744 28123 28123 E Application: 	at baseline.com.ak.uobtimetable.Utilities.Logging.Logger.error(Logger.java:79)
08-05 14:01:52.744 28123 28123 E Application: 	at baseline.com.ak.uobtimetable.MyApplication.onCreate(MyApplication.java:52)
08-05 14:01:52.744 28123 28123 E Application: 	at android.app.Instrumentation.callApplicationOnCreate(Instrumentation.java:1013)
08-05 14:01:52.744 28123 28123 E Application: 	at android.app.ActivityThread.handleBindApplication(ActivityThread.java:4707)
08-05 14:01:52.744 28123 28123 E Application: 	at android.app.ActivityThread.-wrap1(ActivityThread.java)
08-05 14:01:52.744 28123 28123 E Application: 	at android.app.ActivityThread$H.handleMessage(ActivityThread.java:1405)
08-05 14:01:52.744 28123 28123 E Application: 	at android.os.Handler.dispatchMessage(Handler.java:102)
08-05 14:01:52.744 28123 28123 E Application: 	at android.os.Looper.loop(Looper.java:148)
08-05 14:01:52.744 28123 28123 E Application: 	at android.app.ActivityThread.main(ActivityThread.java:5417)
08-05 14:01:52.744 28123 28123 E Application: 	at java.lang.reflect.Method.invoke(Native Method)
08-05 14:01:52.744 28123 28123 E Application: 	at com.android.internal.os.ZygoteInit$MethodAndArgsCaller.run(ZygoteInit.java:726)
08-05 14:01:52.744 28123 28123 E Application: 	at com.android.internal.os.ZygoteInit.main(ZygoteInit.java:616)
08-05 14:01:52.747 28123 28123 I Application: API level: 23
08-05 14:01:52.751 28123 28123 I Application: API level name: M
08-05 14:01:52.751 28123 28123 I Application: Target API level: 29
08-05 14:01:52.751 28123 28123 I Application: Git commit hash: d26bf1fa
08-05 14:01:52.751 28123 28123 I Application: Git branch: master
08-05 14:01:52.751 28123 28123 I Application: Build type: Debug
08-05 14:01:52.752 16458 15483 I PBSessionCacheImpl: Deleted sessionId[72384646105454640] from persistence.
08-05 14:01:52.754 28123 28123 I Application: Build keys: Release
08-05 14:01:52.754 28123 28123 I Application: Version code: 21
08-05 14:01:52.756 16458 16488 W SearchServiceCore: Abort, client detached.
08-05 14:01:52.757 16458 16488 I MicroDetectionState: Should stop hotword detection immediately - true
08-05 14:01:52.769 28123 28123 I Application: Version name: 2.5
08-05 14:01:52.769 28123 28123 I Application: Build date: 22:30 03/08/20
08-05 14:01:52.770 28123 28123 I Application: Package update date: 00:38 05/08/20
08-05 14:01:52.771 28123 28123 I SettingsManager: Getting int: launchCount
08-05 14:01:52.771 28123 28123 I SettingsManager: Setting int: launchCount
08-05 14:01:52.779   918   928 W BackupManagerService: dataChanged but no participant pkg='baseline.com.ak.uobtimetable' uid=10684
08-05 14:01:52.779 28123 28123 I Application: Launch count: 1
08-05 14:01:52.779 24577 11697 I Icing   : Usage reports ok 1, Failed Usage reports 0, indexed 0, rejected 0
08-05 14:01:52.781 28123 28123 I Application: Network: TYPE_WIFI
08-05 14:01:52.781 28123 28123 I Application: Tablet layout: false
08-05 14:01:52.794 28123 28123 W art     : Before Android 4.1, method android.graphics.PorterDuffColorFilter androidx.vectordrawable.graphics.drawable.VectorDrawableCompat.updateTintFilter(android.graphics.PorterDuffColorFilter, android.content.res.ColorStateList, android.graphics.PorterDuff$Mode) would have incorrectly overridden the package-private method in android.graphics.drawable.Drawable
08-05 14:01:52.809 28123 28123 I art     : Rejecting re-init on previously-failed class java.lang.Class<androidx.core.view.ViewCompat$OnUnhandledKeyEventListenerWrapper>
08-05 14:01:52.809 28123 28123 I art     : Rejecting re-init on previously-failed class java.lang.Class<androidx.core.view.ViewCompat$OnUnhandledKeyEventListenerWrapper>
08-05 14:01:52.872 28123 28123 D MainActivity: onCreate
08-05 14:01:52.872 28123 28123 I SettingsManager: Getting string: savedSessions
08-05 14:01:52.872 28123 28123 I Settings: No saved sessions
08-05 14:01:52.901 28123 28123 I SettingsManager: Getting string: savedCourse
08-05 14:01:52.902   918  5952 I ActivityManager: START u0 {flg=0x14000000 cmp=baseline.com.ak.uobtimetable/.WelcomeActivity} from uid 10684 on display 0
08-05 14:01:52.911 28123 28123 D MainActivity: OnResume
08-05 14:01:52.917 28123 28142 D OpenGLRenderer: Use EGL_SWAP_BEHAVIOR_PRESERVED: true
08-05 14:01:52.925 28123 28123 D MainActivity: OnPause
08-05 14:01:53.042 28123 28142 I Adreno  : QUALCOMM build                   : fcf4852, I1af360237c
08-05 14:01:53.042 28123 28142 I Adreno  : Build Date                       : 09/23/15
08-05 14:01:53.042 28123 28142 I Adreno  : OpenGL ES Shader Compiler Version: XE031.05.13.02
08-05 14:01:53.042 28123 28142 I Adreno  : Local Branch                     : mybranch14465806
08-05 14:01:53.042 28123 28142 I Adreno  : Remote Branch                    : quic/LA.BF64.1.2.9_v2
08-05 14:01:53.042 28123 28142 I Adreno  : Remote Branch                    : NONE
08-05 14:01:53.042 28123 28142 I Adreno  : Reconstruct Branch               : NOTHING
08-05 14:01:53.046 28123 28142 I OpenGLRenderer: Initialized EGL, version 1.4
08-05 14:01:53.180   918   936 I ActivityManager: Displayed baseline.com.ak.uobtimetable/.WelcomeActivity: +254ms (total +519ms)
08-05 14:01:53.186 13866 13866 I GoogleInputMethodServic: GoogleInputMethodService.onFinishInput():3138 
08-05 14:01:53.187 13866 13866 I GoogleInputMethodServic: GoogleInputMethodService.onStartInput():1808 
08-05 14:01:53.443 28123 28123 D MainActivity: Saving state
08-05 14:01:53.680 24577 11697 I Icing   : Indexing com.google.android.gms-apps from com.google.android.gms
08-05 14:01:53.782 24577 11697 I Icing   : Indexing done com.google.android.gms-apps
08-05 14:01:54.296 28159 28159 D AndroidRuntime: >>>>>> START com.android.internal.os.RuntimeInit uid 2000 <<<<<<
08-05 14:01:54.303 28159 28159 D AndroidRuntime: CheckJNI is OFF
08-05 14:01:54.336 28159 28159 D ICU     : No timezone override file found: /data/misc/zoneinfo/current/icu/icu_tzdata.dat
08-05 14:01:54.368 28159 28159 I Radio-JNI: register_android_hardware_Radio DONE
08-05 14:01:54.386 28159 28159 D AndroidRuntime: Calling main entry com.android.commands.am.Am
08-05 14:01:54.394 16924 16924 I Trepn   : Trepn 6.2s: Received intent: com.quicinc.trepn.start_profiling
08-05 14:01:54.479 16924 16924 W FileUtils: Failed to chmod(/storage/emulated/0/trepn/Trepn_2020.08.05_140154.db): android.system.ErrnoException: chmod failed: EPERM (Operation not permitted)
08-05 14:01:54.552 16924 16924 I Trepn   : Trepn 6.2s: Trepn has Started Profiling.
08-05 14:01:54.553 28159 28159 D AndroidRuntime: Shutting down VM
08-05 14:01:55.021 28123 28134 I art     : Starting a blocking GC Explicit
08-05 14:01:55.055 28123 28134 I art     : Explicit concurrent mark sweep GC freed 16370(1600KB) AllocSpace objects, 3(1360KB) LOS objects, 40% free, 21MB/36MB, paused 232us total 33.492ms
08-05 14:01:55.070 28123 28134 I art     : Starting a blocking GC Explicit
08-05 14:01:55.080 28123 28134 I art     : Explicit concurrent mark sweep GC freed 582(26KB) AllocSpace objects, 0(0B) LOS objects, 40% free, 21MB/36MB, paused 94us total 10.086ms
08-05 14:01:55.086 28123 28134 I art     : Starting a blocking GC Explicit
08-05 14:01:55.096 28123 28134 I art     : Explicit concurrent mark sweep GC freed 3(96B) AllocSpace objects, 0(0B) LOS objects, 40% free, 21MB/36MB, paused 96us total 10.024ms
08-05 14:01:55.102 28123 28134 I art     : Starting a blocking GC Explicit
08-05 14:01:55.112 28123 28134 I art     : Explicit concurrent mark sweep GC freed 3(96B) AllocSpace objects, 0(0B) LOS objects, 40% free, 21MB/36MB, paused 88us total 9.802ms
08-05 14:01:55.118 28123 28134 I art     : Starting a blocking GC Explicit
08-05 14:01:55.128 28123 28134 I art     : Explicit concurrent mark sweep GC freed 3(96B) AllocSpace objects, 0(0B) LOS objects, 40% free, 21MB/36MB, paused 90us total 9.952ms
08-05 14:01:55.445 28123 28148 I art     : Starting a blocking GC Explicit
08-05 14:01:55.461 28123 28148 I art     : Explicit concurrent mark sweep GC freed 1273(74KB) AllocSpace objects, 1(20KB) LOS objects, 40% free, 21MB/36MB, paused 138us total 15.008ms
08-05 14:01:55.470 28123 28148 I art     : Starting a blocking GC Explicit
08-05 14:01:55.484 28123 28148 I art     : Explicit concurrent mark sweep GC freed 18(624B) AllocSpace objects, 0(0B) LOS objects, 40% free, 21MB/36MB, paused 115us total 12.815ms
08-05 14:01:55.493 28123 28148 I art     : Starting a blocking GC Explicit
08-05 14:01:55.503 28123 28148 I art     : Explicit concurrent mark sweep GC freed 3(96B) AllocSpace objects, 0(0B) LOS objects, 40% free, 21MB/36MB, paused 97us total 10.060ms
08-05 14:01:55.509 28123 28148 I art     : Starting a blocking GC Explicit
08-05 14:01:55.520 28123 28148 I art     : Explicit concurrent mark sweep GC freed 3(96B) AllocSpace objects, 0(0B) LOS objects, 40% free, 21MB/36MB, paused 98us total 10.101ms
08-05 14:01:55.526 28123 28148 I art     : Starting a blocking GC Explicit
08-05 14:01:55.536 28123 28148 I art     : Explicit concurrent mark sweep GC freed 3(96B) AllocSpace objects, 0(0B) LOS objects, 40% free, 21MB/36MB, paused 96us total 10.203ms
08-05 14:01:55.804 28123 28135 I art     : Starting a blocking GC Explicit
08-05 14:01:55.817 28123 28135 I art     : Explicit concurrent mark sweep GC freed 1270(74KB) AllocSpace objects, 1(20KB) LOS objects, 40% free, 21MB/36MB, paused 126us total 13.424ms
08-05 14:01:55.825 28123 28135 I art     : Starting a blocking GC Explicit
08-05 14:01:55.836 28123 28135 I art     : Explicit concurrent mark sweep GC freed 18(624B) AllocSpace objects, 0(0B) LOS objects, 40% free, 21MB/36MB, paused 107us total 11.329ms
08-05 14:01:55.842 28123 28135 I art     : Starting a blocking GC Explicit
08-05 14:01:55.853 28123 28135 I art     : Explicit concurrent mark sweep GC freed 3(96B) AllocSpace objects, 0(0B) LOS objects, 40% free, 21MB/36MB, paused 97us total 10.178ms
08-05 14:01:55.858 28123 28135 I art     : Starting a blocking GC Explicit
08-05 14:01:55.868 28123 28135 I art     : Explicit concurrent mark sweep GC freed 3(96B) AllocSpace objects, 0(0B) LOS objects, 40% free, 21MB/36MB, paused 94us total 9.764ms
08-05 14:01:55.874 28123 28135 I art     : Starting a blocking GC Explicit
08-05 14:01:55.884 28123 28135 I art     : Explicit concurrent mark sweep GC freed 3(96B) AllocSpace objects, 0(0B) LOS objects, 40% free, 21MB/36MB, paused 95us total 9.980ms
08-05 14:01:56.183 28123 28134 I art     : Starting a blocking GC Explicit
08-05 14:01:56.201 28123 28134 I art     : Explicit concurrent mark sweep GC freed 1268(74KB) AllocSpace objects, 1(20KB) LOS objects, 40% free, 21MB/36MB, paused 114us total 16.983ms
08-05 14:01:56.208 28123 28134 I art     : Starting a blocking GC Explicit
08-05 14:01:56.219 28123 28134 I art     : Explicit concurrent mark sweep GC freed 18(624B) AllocSpace objects, 0(0B) LOS objects, 40% free, 21MB/36MB, paused 109us total 10.665ms
08-05 14:01:56.225 28123 28134 I art     : Starting a blocking GC Explicit
08-05 14:01:56.236 28123 28134 I art     : Explicit concurrent mark sweep GC freed 3(96B) AllocSpace objects, 0(0B) LOS objects, 40% free, 21MB/36MB, paused 99us total 10.486ms
08-05 14:01:56.242 28123 28134 I art     : Starting a blocking GC Explicit
08-05 14:01:56.252 28123 28134 I art     : Explicit concurrent mark sweep GC freed 3(96B) AllocSpace objects, 0(0B) LOS objects, 40% free, 21MB/36MB, paused 93us total 9.940ms
08-05 14:01:56.257 28123 28134 I art     : Starting a blocking GC Explicit
08-05 14:01:56.267 28123 28134 I art     : Explicit concurrent mark sweep GC freed 3(96B) AllocSpace objects, 0(0B) LOS objects, 40% free, 21MB/36MB, paused 89us total 9.612ms
08-05 14:01:56.545 28123 28148 I art     : Starting a blocking GC Explicit
08-05 14:01:56.561 28123 28148 I art     : Explicit concurrent mark sweep GC freed 1268(74KB) AllocSpace objects, 1(20KB) LOS objects, 40% free, 21MB/36MB, paused 117us total 14.747ms
08-05 14:01:56.570 28123 28148 I art     : Starting a blocking GC Explicit
08-05 14:01:56.581 28123 28148 I art     : Explicit concurrent mark sweep GC freed 18(624B) AllocSpace objects, 0(0B) LOS objects, 40% free, 21MB/36MB, paused 96us total 10.708ms
08-05 14:01:56.587 28123 28148 I art     : Starting a blocking GC Explicit
08-05 14:01:56.598 28123 28148 I art     : Explicit concurrent mark sweep GC freed 3(96B) AllocSpace objects, 0(0B) LOS objects, 40% free, 21MB/36MB, paused 99us total 10.173ms
08-05 14:01:56.604 28123 28148 I art     : Starting a blocking GC Explicit
08-05 14:01:56.614 28123 28148 I art     : Explicit concurrent mark sweep GC freed 3(96B) AllocSpace objects, 0(0B) LOS objects, 40% free, 21MB/36MB, paused 98us total 10.471ms
08-05 14:01:56.620 28123 28148 I art     : Starting a blocking GC Explicit
08-05 14:01:56.630 28123 28148 I art     : Explicit concurrent mark sweep GC freed 3(96B) AllocSpace objects, 0(0B) LOS objects, 40% free, 21MB/36MB, paused 98us total 9.892ms
08-05 14:01:56.944 28123 28135 I art     : Starting a blocking GC Explicit
08-05 14:01:56.961 28123 28135 I art     : Explicit concurrent mark sweep GC freed 1268(74KB) AllocSpace objects, 1(20KB) LOS objects, 40% free, 21MB/36MB, paused 127us total 16.340ms
08-05 14:01:56.971 28123 28135 I art     : Starting a blocking GC Explicit
08-05 14:01:56.985 28123 28135 I art     : Explicit concurrent mark sweep GC freed 18(624B) AllocSpace objects, 0(0B) LOS objects, 40% free, 21MB/36MB, paused 124us total 13.627ms
08-05 14:01:56.995 28123 28135 I art     : Starting a blocking GC Explicit
08-05 14:01:57.005 28123 28135 I art     : Explicit concurrent mark sweep GC freed 3(96B) AllocSpace objects, 0(0B) LOS objects, 40% free, 21MB/36MB, paused 97us total 9.781ms
08-05 14:01:57.011 28123 28135 I art     : Starting a blocking GC Explicit
08-05 14:01:57.022 28123 28135 I art     : Explicit concurrent mark sweep GC freed 3(96B) AllocSpace objects, 0(0B) LOS objects, 40% free, 21MB/36MB, paused 103us total 10.118ms
08-05 14:01:57.028 28123 28135 I art     : Starting a blocking GC Explicit
08-05 14:01:57.038 28123 28135 I art     : Explicit concurrent mark sweep GC freed 3(96B) AllocSpace objects, 0(0B) LOS objects, 40% free, 21MB/36MB, paused 97us total 10.357ms
08-05 14:01:57.335 28123 28134 I art     : Starting a blocking GC Explicit
08-05 14:01:57.347 28123 28134 I art     : Explicit concurrent mark sweep GC freed 1268(74KB) AllocSpace objects, 1(20KB) LOS objects, 40% free, 21MB/36MB, paused 127us total 12.340ms
08-05 14:01:57.358 28123 28134 I art     : Starting a blocking GC Explicit
08-05 14:01:57.370 28123 28134 I art     : Explicit concurrent mark sweep GC freed 18(624B) AllocSpace objects, 0(0B) LOS objects, 40% free, 21MB/36MB, paused 86us total 11.648ms
08-05 14:01:57.375 28123 28134 I art     : Starting a blocking GC Explicit
08-05 14:01:57.385 28123 28134 I art     : Explicit concurrent mark sweep GC freed 3(96B) AllocSpace objects, 0(0B) LOS objects, 40% free, 21MB/36MB, paused 89us total 9.867ms
08-05 14:01:57.391 28123 28134 I art     : Starting a blocking GC Explicit
08-05 14:01:57.401 28123 28134 I art     : Explicit concurrent mark sweep GC freed 3(96B) AllocSpace objects, 0(0B) LOS objects, 40% free, 21MB/36MB, paused 90us total 9.468ms
08-05 14:01:57.407 28123 28134 I art     : Starting a blocking GC Explicit
08-05 14:01:57.417 28123 28134 I art     : Explicit concurrent mark sweep GC freed 3(96B) AllocSpace objects, 0(0B) LOS objects, 40% free, 21MB/36MB, paused 146us total 9.868ms
08-05 14:01:57.620 28061 28061 I ServiceManager: Waiting for service AtCmdFwd...
08-05 14:01:57.713 28123 28148 I art     : Starting a blocking GC Explicit
08-05 14:01:57.726 28123 28148 I art     : Explicit concurrent mark sweep GC freed 1268(74KB) AllocSpace objects, 1(20KB) LOS objects, 40% free, 21MB/36MB, paused 116us total 12.604ms
08-05 14:01:57.738 28123 28148 I art     : Starting a blocking GC Explicit
08-05 14:01:57.751 28123 28148 I art     : Explicit concurrent mark sweep GC freed 18(624B) AllocSpace objects, 0(0B) LOS objects, 40% free, 21MB/36MB, paused 126us total 12.946ms
08-05 14:01:57.758 28123 28148 I art     : Starting a blocking GC Explicit
08-05 14:01:57.769 28123 28148 I art     : Explicit concurrent mark sweep GC freed 3(96B) AllocSpace objects, 0(0B) LOS objects, 40% free, 21MB/36MB, paused 98us total 10.384ms
08-05 14:01:57.775 28123 28148 I art     : Starting a blocking GC Explicit
08-05 14:01:57.786 28123 28148 I art     : Explicit concurrent mark sweep GC freed 3(96B) AllocSpace objects, 0(0B) LOS objects, 40% free, 21MB/36MB, paused 101us total 10.329ms
08-05 14:01:57.792 28123 28148 I art     : Starting a blocking GC Explicit
08-05 14:01:57.802 28123 28148 I art     : Explicit concurrent mark sweep GC freed 3(96B) AllocSpace objects, 0(0B) LOS objects, 40% free, 21MB/36MB, paused 96us total 10.070ms
08-05 14:01:58.086 28123 28135 I art     : Starting a blocking GC Explicit
08-05 14:01:58.104 28123 28135 I art     : Explicit concurrent mark sweep GC freed 1268(74KB) AllocSpace objects, 1(20KB) LOS objects, 40% free, 21MB/36MB, paused 148us total 17.676ms
08-05 14:01:58.113 28123 28135 I art     : Starting a blocking GC Explicit
08-05 14:01:58.124 28123 28135 I art     : Explicit concurrent mark sweep GC freed 18(624B) AllocSpace objects, 0(0B) LOS objects, 40% free, 21MB/36MB, paused 104us total 10.773ms
08-05 14:01:58.130 28123 28135 I art     : Starting a blocking GC Explicit
08-05 14:01:58.141 28123 28135 I art     : Explicit concurrent mark sweep GC freed 3(96B) AllocSpace objects, 0(0B) LOS objects, 40% free, 21MB/36MB, paused 101us total 10.385ms
08-05 14:01:58.147 28123 28135 I art     : Starting a blocking GC Explicit
08-05 14:01:58.157 28123 28135 I art     : Explicit concurrent mark sweep GC freed 3(96B) AllocSpace objects, 0(0B) LOS objects, 40% free, 21MB/36MB, paused 88us total 9.829ms
08-05 14:01:58.163 28123 28135 I art     : Starting a blocking GC Explicit
08-05 14:01:58.173 28123 28135 I art     : Explicit concurrent mark sweep GC freed 3(96B) AllocSpace objects, 0(0B) LOS objects, 40% free, 21MB/36MB, paused 98us total 9.941ms
08-05 14:01:58.476 28123 28134 I art     : Starting a blocking GC Explicit
08-05 14:01:58.489 28123 28134 I art     : Explicit concurrent mark sweep GC freed 1268(74KB) AllocSpace objects, 1(20KB) LOS objects, 40% free, 21MB/36MB, paused 110us total 12.071ms
08-05 14:01:58.496 28123 28134 I art     : Starting a blocking GC Explicit
08-05 14:01:58.505 28123 28134 I art     : Explicit concurrent mark sweep GC freed 18(624B) AllocSpace objects, 0(0B) LOS objects, 40% free, 21MB/36MB, paused 85us total 8.935ms
08-05 14:01:58.511 28123 28134 I art     : Starting a blocking GC Explicit
08-05 14:01:58.520 28123 28134 I art     : Explicit concurrent mark sweep GC freed 3(96B) AllocSpace objects, 0(0B) LOS objects, 40% free, 21MB/36MB, paused 80us total 8.763ms
08-05 14:01:58.525 28123 28134 I art     : Starting a blocking GC Explicit
08-05 14:01:58.533 28123 28134 I art     : Explicit concurrent mark sweep GC freed 3(96B) AllocSpace objects, 0(0B) LOS objects, 40% free, 21MB/36MB, paused 79us total 8.301ms
08-05 14:01:58.538 28123 28134 I art     : Starting a blocking GC Explicit
08-05 14:01:58.547 28123 28134 I art     : Explicit concurrent mark sweep GC freed 3(96B) AllocSpace objects, 0(0B) LOS objects, 40% free, 21MB/36MB, paused 78us total 8.296ms
08-05 14:01:58.621 28061 28061 I ServiceManager: Waiting for service AtCmdFwd...
08-05 14:01:58.795 28123 28148 I art     : Starting a blocking GC Explicit
08-05 14:01:58.810 28123 28148 I art     : Explicit concurrent mark sweep GC freed 1268(74KB) AllocSpace objects, 1(20KB) LOS objects, 40% free, 21MB/36MB, paused 120us total 14.519ms
08-05 14:01:58.818 28123 28148 I art     : Starting a blocking GC Explicit
08-05 14:01:58.829 28123 28148 I art     : Explicit concurrent mark sweep GC freed 18(624B) AllocSpace objects, 0(0B) LOS objects, 40% free, 21MB/36MB, paused 100us total 10.794ms
08-05 14:01:58.835 28123 28148 I art     : Starting a blocking GC Explicit
08-05 14:01:58.846 28123 28148 I art     : Explicit concurrent mark sweep GC freed 3(96B) AllocSpace objects, 0(0B) LOS objects, 40% free, 21MB/36MB, paused 104us total 10.325ms
08-05 14:01:58.852 28123 28148 I art     : Starting a blocking GC Explicit
08-05 14:01:58.862 28123 28148 I art     : Explicit concurrent mark sweep GC freed 3(96B) AllocSpace objects, 0(0B) LOS objects, 40% free, 21MB/36MB, paused 96us total 9.796ms
08-05 14:01:58.868 28123 28148 I art     : Starting a blocking GC Explicit
08-05 14:01:58.878 28123 28148 I art     : Explicit concurrent mark sweep GC freed 3(96B) AllocSpace objects, 0(0B) LOS objects, 40% free, 21MB/36MB, paused 97us total 9.503ms
08-05 14:01:59.183 28123 28135 I art     : Starting a blocking GC Explicit
08-05 14:01:59.199 28123 28135 I art     : Explicit concurrent mark sweep GC freed 1268(74KB) AllocSpace objects, 1(20KB) LOS objects, 40% free, 21MB/36MB, paused 120us total 15.182ms
08-05 14:01:59.208 28123 28135 I art     : Starting a blocking GC Explicit
08-05 14:01:59.220 28123 28135 I art     : Explicit concurrent mark sweep GC freed 18(624B) AllocSpace objects, 0(0B) LOS objects, 40% free, 21MB/36MB, paused 100us total 11.760ms
08-05 14:01:59.227 28123 28135 I art     : Starting a blocking GC Explicit
08-05 14:01:59.237 28123 28135 I art     : Explicit concurrent mark sweep GC freed 3(96B) AllocSpace objects, 0(0B) LOS objects, 40% free, 21MB/36MB, paused 165us total 9.857ms
08-05 14:01:59.243 28123 28135 I art     : Starting a blocking GC Explicit
08-05 14:01:59.253 28123 28135 I art     : Explicit concurrent mark sweep GC freed 3(96B) AllocSpace objects, 0(0B) LOS objects, 40% free, 21MB/36MB, paused 103us total 9.223ms
08-05 14:01:59.258 28123 28135 I art     : Starting a blocking GC Explicit
08-05 14:01:59.268 28123 28135 I art     : Explicit concurrent mark sweep GC freed 3(96B) AllocSpace objects, 0(0B) LOS objects, 40% free, 21MB/36MB, paused 93us total 9.371ms
08-05 14:01:59.535 28123 28134 I art     : Starting a blocking GC Explicit
08-05 14:01:59.545 28123 28134 I art     : Explicit concurrent mark sweep GC freed 1268(74KB) AllocSpace objects, 1(20KB) LOS objects, 40% free, 21MB/36MB, paused 95us total 10.441ms
08-05 14:01:59.551 28123 28134 I art     : Starting a blocking GC Explicit
08-05 14:01:59.561 28123 28134 I art     : Explicit concurrent mark sweep GC freed 18(624B) AllocSpace objects, 0(0B) LOS objects, 40% free, 21MB/36MB, paused 97us total 9.888ms
08-05 14:01:59.567 28123 28134 I art     : Starting a blocking GC Explicit
08-05 14:01:59.578 28123 28134 I art     : Explicit concurrent mark sweep GC freed 3(96B) AllocSpace objects, 0(0B) LOS objects, 40% free, 21MB/36MB, paused 94us total 10.015ms
08-05 14:01:59.584 28123 28134 I art     : Starting a blocking GC Explicit
08-05 14:01:59.594 28123 28134 I art     : Explicit concurrent mark sweep GC freed 3(96B) AllocSpace objects, 0(0B) LOS objects, 40% free, 21MB/36MB, paused 86us total 10.388ms
08-05 14:01:59.600 28123 28134 I art     : Starting a blocking GC Explicit
08-05 14:01:59.609 28123 28134 I art     : Explicit concurrent mark sweep GC freed 3(96B) AllocSpace objects, 0(0B) LOS objects, 40% free, 21MB/36MB, paused 92us total 9.259ms
08-05 14:01:59.622 28061 28061 I ServiceManager: Waiting for service AtCmdFwd...
08-05 14:01:59.627 28306 28306 D AndroidRuntime: >>>>>> START com.android.internal.os.RuntimeInit uid 2000 <<<<<<
08-05 14:01:59.631 28306 28306 D AndroidRuntime: CheckJNI is OFF
08-05 14:01:59.656 28306 28306 D ICU     : No timezone override file found: /data/misc/zoneinfo/current/icu/icu_tzdata.dat
08-05 14:01:59.681 28306 28306 I Radio-JNI: register_android_hardware_Radio DONE
08-05 14:01:59.697 28306 28306 D AndroidRuntime: Calling main entry com.android.commands.input.Input
08-05 14:01:59.698 28306 28306 I Input   : injectMotionEvent: MotionEvent { action=ACTION_DOWN, actionButton=0, id[0]=0, x[0]=711.0, y[0]=1664.0, toolType[0]=TOOL_TYPE_UNKNOWN, buttonState=0, metaState=0, flags=0x0, edgeFlags=0x0, pointerCount=1, historySize=0, eventTime=799336111, downTime=799336111, deviceId=0, source=0x1002 }
08-05 14:01:59.704 28306 28306 I Input   : injectMotionEvent: MotionEvent { action=ACTION_UP, actionButton=0, id[0]=0, x[0]=711.0, y[0]=1664.0, toolType[0]=TOOL_TYPE_UNKNOWN, buttonState=0, metaState=0, flags=0x0, edgeFlags=0x0, pointerCount=1, historySize=0, eventTime=799336111, downTime=799336111, deviceId=0, source=0x1002 }
08-05 14:01:59.705 28306 28306 D AndroidRuntime: Shutting down VM
08-05 14:01:59.718   918   928 I ActivityManager: START u0 {flg=0x14000000 cmp=baseline.com.ak.uobtimetable/.CourseListActivity} from uid 10684 on display 0
08-05 14:01:59.718   512  2967 D audio_hw_primary: out_set_parameters: enter: usecase(1: low-latency-playback) kvpairs: routing=2
08-05 14:01:59.731   512  2967 D audio_hw_primary: select_devices: out_snd_device(2: speaker) in_snd_device(0: none)
08-05 14:01:59.731   512  2967 D msm8974_platform: platform_send_audio_calibration: sending audio calibration for snd_device(2) acdb_id(15)
08-05 14:01:59.732   512  2967 I soundtrigger: audio_extn_sound_trigger_update_device_status: device 0x2 of type 0 for Event 1
08-05 14:01:59.745   512  2967 D audio_hw_primary: enable_snd_device: snd_device(2: speaker)
08-05 14:01:59.747   512  2967 D audio_hw_primary: enable_audio_route: apply and update mixer path: low-latency-playback speaker
08-05 14:01:59.759 28123 28123 D CourseListActivity: onCreate
08-05 14:01:59.789 28123 28336 D HTTP    : Request for: https://uob-timetable-api.adriankeenan.co.uk/courses
08-05 14:01:59.821 28123 28135 I art     : Starting a blocking GC Explicit
08-05 14:01:59.834 28123 28135 I art     : Explicit concurrent mark sweep GC freed 4791(377KB) AllocSpace objects, 1(20KB) LOS objects, 40% free, 22MB/37MB, paused 167us total 13.582ms
08-05 14:01:59.840 28123 28135 I art     : Starting a blocking GC Explicit
08-05 14:01:59.851 13866 13866 I GoogleInputMethodServic: GoogleInputMethodService.onFinishInput():3138 
08-05 14:01:59.851   918   936 I ActivityManager: Displayed baseline.com.ak.uobtimetable/.CourseListActivity: +119ms
08-05 14:01:59.852 13866 13866 I GoogleInputMethodServic: GoogleInputMethodService.onStartInput():1808 
08-05 14:01:59.852 28123 28135 I art     : Explicit concurrent mark sweep GC freed 376(19KB) AllocSpace objects, 0(0B) LOS objects, 40% free, 22MB/37MB, paused 149us total 11.956ms
08-05 14:01:59.858 28123 28135 I art     : Starting a blocking GC Explicit
08-05 14:01:59.866 28123 28142 D OpenGLRenderer: endAllStagingAnimators on 0x7f949df800 (RippleDrawable) with handle 0x7f9a1db680
08-05 14:01:59.870 28123 28135 I art     : Explicit concurrent mark sweep GC freed 43(1952B) AllocSpace objects, 0(0B) LOS objects, 40% free, 22MB/37MB, paused 228us total 11.365ms
08-05 14:01:59.876 28123 28135 I art     : Starting a blocking GC Explicit
08-05 14:01:59.888 28123 28135 I art     : Explicit concurrent mark sweep GC freed 145(13KB) AllocSpace objects, 0(0B) LOS objects, 40% free, 22MB/37MB, paused 157us total 11.525ms
08-05 14:01:59.894 28123 28135 I art     : Starting a blocking GC Explicit
08-05 14:01:59.905 28123 28135 I art     : Explicit concurrent mark sweep GC freed 24(1392B) AllocSpace objects, 0(0B) LOS objects, 40% free, 22MB/37MB, paused 131us total 10.828ms
08-05 14:02:00.146 28123 28134 I art     : Starting a blocking GC Explicit
08-05 14:02:00.158 28123 28134 I art     : Explicit concurrent mark sweep GC freed 1322(76KB) AllocSpace objects, 1(20KB) LOS objects, 40% free, 22MB/37MB, paused 160us total 11.066ms
08-05 14:02:00.163 28123 28134 I art     : Starting a blocking GC Explicit
08-05 14:02:00.174 28123 28134 I art     : Explicit concurrent mark sweep GC freed 19(656B) AllocSpace objects, 0(0B) LOS objects, 40% free, 22MB/37MB, paused 126us total 10.362ms
08-05 14:02:00.179 28123 28134 I art     : Starting a blocking GC Explicit
08-05 14:02:00.193 28123 28134 I art     : Explicit concurrent mark sweep GC freed 590(53KB) AllocSpace objects, 2(120KB) LOS objects, 40% free, 22MB/37MB, paused 197us total 13.026ms
08-05 14:02:00.199 28123 28134 I art     : Starting a blocking GC Explicit
08-05 14:02:00.212 28123 28134 I art     : Explicit concurrent mark sweep GC freed 648(27KB) AllocSpace objects, 0(0B) LOS objects, 40% free, 22MB/37MB, paused 354us total 12.371ms
08-05 14:02:00.220 28123 28134 I art     : Starting a blocking GC Explicit
08-05 14:02:00.232 28123 28134 I art     : Explicit concurrent mark sweep GC freed 2241(199KB) AllocSpace objects, 1(80KB) LOS objects, 40% free, 22MB/37MB, paused 137us total 11.637ms
08-05 14:02:00.276 28123 28336 I NAPPA_EXPERIMENTATION: MetricNetworkRequestExecutionTime: REQUEST_DURATION_SYSTEM='484',REQUEST_DURATION_OKHTTP='42',REQUEST_SYNCHRONOUS='TRUE',RESPONSE_CODE='200',RESPONSE_METHOD='GET',RESPONSE_LENGTH_OKHTTP='-1',RESPONSE_LENGTH_HEADER='-2',REQUEST_PROTOCOL='http/1.1',REQUEST_URL='https://uob-timetable-api.adriankeenan.co.uk/courses',
08-05 14:02:00.288   512  2967 D audio_hw_primary: disable_audio_route: reset and update mixer path: low-latency-playback speaker
08-05 14:02:00.289   512  2967 D audio_hw_primary: disable_snd_device: snd_device(2: speaker)
08-05 14:02:00.298   512  2967 I soundtrigger: audio_extn_sound_trigger_update_device_status: device 0x2 of type 0 for Event 0
08-05 14:02:00.493 28123 28134 I art     : Starting a blocking GC Explicit
08-05 14:02:00.506 28123 28134 I art     : Explicit concurrent mark sweep GC freed 42(2576B) AllocSpace objects, 0(0B) LOS objects, 26% free, 44MB/60MB, paused 180us total 12.173ms
08-05 14:02:00.512 28123 28134 I art     : Starting a blocking GC Explicit
08-05 14:02:00.523 28123 28134 I art     : Explicit concurrent mark sweep GC freed 16(576B) AllocSpace objects, 0(0B) LOS objects, 26% free, 44MB/60MB, paused 155us total 10.791ms
08-05 14:02:00.529 28123 28134 I art     : Starting a blocking GC Explicit
08-05 14:02:00.539 28123 28134 I art     : Explicit concurrent mark sweep GC freed 12(448B) AllocSpace objects, 0(0B) LOS objects, 26% free, 44MB/60MB, paused 147us total 10.046ms
08-05 14:02:00.544 28123 28134 I art     : Starting a blocking GC Explicit
08-05 14:02:00.554 28123 28134 I art     : Explicit concurrent mark sweep GC freed 12(448B) AllocSpace objects, 0(0B) LOS objects, 26% free, 44MB/60MB, paused 138us total 10.037ms
08-05 14:02:00.560 28123 28134 I art     : Starting a blocking GC Explicit
08-05 14:02:00.570 28123 28134 I art     : Explicit concurrent mark sweep GC freed 12(448B) AllocSpace objects, 0(0B) LOS objects, 26% free, 44MB/60MB, paused 140us total 10.162ms
08-05 14:02:00.623 28061 28061 I ServiceManager: Waiting for service AtCmdFwd...
08-05 14:02:00.633 28123 28336 I HTTP    : Response was compressed.
08-05 14:02:00.826 28123 28134 I art     : Starting a blocking GC Explicit
08-05 14:02:00.847 28123 28134 I art     : Explicit concurrent mark sweep GC freed 68784(3MB) AllocSpace objects, 0(0B) LOS objects, 29% free, 38MB/54MB, paused 246us total 19.969ms
08-05 14:02:00.855 28123 28134 I art     : Starting a blocking GC Explicit
08-05 14:02:00.869 28123 28134 I art     : Explicit concurrent mark sweep GC freed 13174(613KB) AllocSpace objects, 0(0B) LOS objects, 29% free, 38MB/54MB, paused 221us total 14.383ms
08-05 14:02:00.876 28123 28134 I art     : Starting a blocking GC Explicit
08-05 14:02:00.890 28123 28134 I art     : Explicit concurrent mark sweep GC freed 11225(525KB) AllocSpace objects, 0(0B) LOS objects, 29% free, 38MB/54MB, paused 223us total 14.309ms
08-05 14:02:00.897 28123 28134 I art     : Starting a blocking GC Explicit
08-05 14:02:00.911 28123 28134 I art     : Explicit concurrent mark sweep GC freed 11340(537KB) AllocSpace objects, 0(0B) LOS objects, 29% free, 38MB/54MB, paused 208us total 13.993ms
08-05 14:02:00.917 28123 28134 I art     : Starting a blocking GC Explicit
08-05 14:02:00.931 28123 28134 I art     : Explicit concurrent mark sweep GC freed 11080(524KB) AllocSpace objects, 0(0B) LOS objects, 29% free, 38MB/54MB, paused 382us total 13.822ms
08-05 14:02:01.196 28123 28135 I art     : Starting a blocking GC Explicit
08-05 14:02:01.232 28123 28135 I art     : Explicit concurrent mark sweep GC freed 160695(7MB) AllocSpace objects, 1(20KB) LOS objects, 28% free, 40MB/56MB, paused 347us total 35.498ms
08-05 14:02:01.242 28123 28135 I art     : Starting a blocking GC Explicit
08-05 14:02:01.258 28123 28135 I art     : Explicit concurrent mark sweep GC freed 18685(882KB) AllocSpace objects, 0(0B) LOS objects, 28% free, 39MB/55MB, paused 271us total 15.910ms
08-05 14:02:01.265 28123 28135 I art     : Starting a blocking GC Explicit
08-05 14:02:01.282 28123 28135 I art     : Explicit concurrent mark sweep GC freed 13158(622KB) AllocSpace objects, 0(0B) LOS objects, 28% free, 40MB/56MB, paused 396us total 16.439ms
08-05 14:02:01.290 28123 28135 I art     : Starting a blocking GC Explicit
08-05 14:02:01.306 28123 28135 I art     : Explicit concurrent mark sweep GC freed 13204(624KB) AllocSpace objects, 0(0B) LOS objects, 28% free, 40MB/56MB, paused 265us total 16.259ms
08-05 14:02:01.314 28123 28135 I art     : Starting a blocking GC Explicit
08-05 14:02:01.330 28123 28135 I art     : Explicit concurrent mark sweep GC freed 13407(632KB) AllocSpace objects, 0(0B) LOS objects, 28% free, 40MB/56MB, paused 292us total 16.710ms
08-05 14:02:01.589 28123 28134 I art     : Starting a blocking GC Explicit
08-05 14:02:01.623 28061 28061 I ServiceManager: Waiting for service AtCmdFwd...
08-05 14:02:01.624 28123 28134 I art     : Explicit concurrent mark sweep GC freed 155023(7MB) AllocSpace objects, 1(20KB) LOS objects, 27% free, 41MB/57MB, paused 424us total 35.086ms
08-05 14:02:01.634 28123 28134 I art     : Starting a blocking GC Explicit
08-05 14:02:01.656 28123 28134 I art     : Explicit concurrent mark sweep GC freed 21803(1015KB) AllocSpace objects, 0(0B) LOS objects, 27% free, 41MB/57MB, paused 320us total 21.014ms
08-05 14:02:01.664 28123 28134 I art     : Starting a blocking GC Explicit
08-05 14:02:01.684 28123 28134 I art     : Explicit concurrent mark sweep GC freed 15994(744KB) AllocSpace objects, 0(0B) LOS objects, 27% free, 41MB/57MB, paused 305us total 19.798ms
08-05 14:02:01.692 28123 28134 I art     : Starting a blocking GC Explicit
08-05 14:02:01.712 28123 28134 I art     : Explicit concurrent mark sweep GC freed 15810(741KB) AllocSpace objects, 0(0B) LOS objects, 27% free, 41MB/57MB, paused 316us total 19.782ms
08-05 14:02:01.721 28123 28134 I art     : Starting a blocking GC Explicit
08-05 14:02:01.742 28123 28134 I art     : Explicit concurrent mark sweep GC freed 15995(746KB) AllocSpace objects, 0(0B) LOS objects, 27% free, 41MB/57MB, paused 335us total 20.481ms
08-05 14:02:02.007 28123 28135 I art     : Starting a blocking GC Explicit
08-05 14:02:02.046 28123 28135 I art     : Explicit concurrent mark sweep GC freed 160226(7MB) AllocSpace objects, 1(20KB) LOS objects, 26% free, 43MB/59MB, paused 459us total 38.979ms
08-05 14:02:02.058 28123 28135 I art     : Starting a blocking GC Explicit
08-05 14:02:02.081 28123 28135 I art     : Explicit concurrent mark sweep GC freed 22741(1068KB) AllocSpace objects, 0(0B) LOS objects, 26% free, 43MB/59MB, paused 375us total 22.256ms
08-05 14:02:02.090 28123 28135 I art     : Starting a blocking GC Explicit
08-05 14:02:02.113 28123 28135 I art     : Explicit concurrent mark sweep GC freed 17798(832KB) AllocSpace objects, 0(0B) LOS objects, 26% free, 43MB/59MB, paused 392us total 23.067ms
08-05 14:02:02.122 28123 28135 I art     : Starting a blocking GC Explicit
08-05 14:02:02.145 28123 28135 I art     : Explicit concurrent mark sweep GC freed 17647(833KB) AllocSpace objects, 0(0B) LOS objects, 26% free, 43MB/59MB, paused 396us total 22.906ms
08-05 14:02:02.155 28123 28135 I art     : Starting a blocking GC Explicit
08-05 14:02:02.179 28123 28135 I art     : Explicit concurrent mark sweep GC freed 17734(839KB) AllocSpace objects, 0(0B) LOS objects, 26% free, 43MB/59MB, paused 434us total 23.619ms
08-05 14:02:02.445 28123 28134 I art     : Starting a blocking GC Explicit
08-05 14:02:02.487 28123 28134 I art     : Explicit concurrent mark sweep GC freed 157900(7MB) AllocSpace objects, 1(20KB) LOS objects, 26% free, 45MB/61MB, paused 451us total 42.444ms
08-05 14:02:02.500 28123 28134 I art     : Starting a blocking GC Explicit
08-05 14:02:02.526 28123 28134 I art     : Explicit concurrent mark sweep GC freed 24456(1146KB) AllocSpace objects, 0(0B) LOS objects, 26% free, 45MB/61MB, paused 427us total 25.729ms
08-05 14:02:02.536 28123 28134 I art     : Starting a blocking GC Explicit
08-05 14:02:02.563 28123 28134 I art     : Explicit concurrent mark sweep GC freed 20033(936KB) AllocSpace objects, 0(0B) LOS objects, 26% free, 45MB/61MB, paused 445us total 26.607ms
08-05 14:02:02.573 28123 28134 I art     : Starting a blocking GC Explicit
08-05 14:02:02.600 28123 28134 I art     : Explicit concurrent mark sweep GC freed 19962(946KB) AllocSpace objects, 0(0B) LOS objects, 26% free, 45MB/61MB, paused 453us total 26.841ms
08-05 14:02:02.610 28123 28134 I art     : Starting a blocking GC Explicit
08-05 14:02:02.623 28061 28061 W Atfwd_Sendcmd: AtCmdFwd service not published, waiting... retryCnt : 2
08-05 14:02:02.639 28123 28134 I art     : Explicit concurrent mark sweep GC freed 19715(944KB) AllocSpace objects, 0(0B) LOS objects, 26% free, 45MB/61MB, paused 445us total 28.865ms
08-05 14:02:02.911 28123 28134 I art     : Starting a blocking GC Explicit
08-05 14:02:02.965 28123 28134 I art     : Explicit concurrent mark sweep GC freed 168259(7MB) AllocSpace objects, 1(20KB) LOS objects, 25% free, 46MB/62MB, paused 455us total 53.487ms
08-05 14:02:02.976 28123 28134 I art     : Starting a blocking GC Explicit
08-05 14:02:03.006 28123 28134 I art     : Explicit concurrent mark sweep GC freed 25858(1201KB) AllocSpace objects, 0(0B) LOS objects, 25% free, 46MB/62MB, paused 484us total 29.619ms
08-05 14:02:03.017 28123 28134 I art     : Starting a blocking GC Explicit
08-05 14:02:03.047 28123 28134 I art     : Explicit concurrent mark sweep GC freed 21693(1014KB) AllocSpace objects, 0(0B) LOS objects, 25% free, 46MB/62MB, paused 526us total 30.114ms
08-05 14:02:03.058 28123 28134 I art     : Starting a blocking GC Explicit
08-05 14:02:03.089 28123 28134 I art     : Explicit concurrent mark sweep GC freed 22001(1032KB) AllocSpace objects, 0(0B) LOS objects, 25% free, 47MB/63MB, paused 559us total 30.996ms
08-05 14:02:03.100 28123 28134 I art     : Starting a blocking GC Explicit
08-05 14:02:03.131 28123 28134 I art     : Explicit concurrent mark sweep GC freed 21731(1020KB) AllocSpace objects, 0(0B) LOS objects, 25% free, 47MB/63MB, paused 538us total 31.239ms
08-05 14:02:03.399 28123 28134 I art     : Starting a blocking GC Explicit
08-05 14:02:03.435 28123 28336 I Service : getCourses response time: 0.69
08-05 14:02:03.452 28123 28123 I SettingsManager: Getting string: savedCourse
08-05 14:02:03.457 28123 28134 I art     : Explicit concurrent mark sweep GC freed 160870(7MB) AllocSpace objects, 1(20KB) LOS objects, 24% free, 48MB/64MB, paused 210us total 58.328ms
08-05 14:02:03.469 28123 28134 I art     : Starting a blocking GC Explicit
08-05 14:02:03.503 28123 28134 I art     : Explicit concurrent mark sweep GC freed 627(32KB) AllocSpace objects, 1(14MB) LOS objects, 32% free, 33MB/49MB, paused 371us total 33.672ms
08-05 14:02:03.514 28123 28134 I art     : Starting a blocking GC Explicit
08-05 14:02:03.545 28123 28134 I art     : Explicit concurrent mark sweep GC freed 282(9KB) AllocSpace objects, 0(0B) LOS objects, 32% free, 33MB/49MB, paused 160us total 30.458ms
08-05 14:02:03.557 28123 28134 I art     : Starting a blocking GC Explicit
08-05 14:02:03.587 28123 28134 I art     : Explicit concurrent mark sweep GC freed 36(1536B) AllocSpace objects, 0(0B) LOS objects, 32% free, 33MB/49MB, paused 135us total 29.733ms
08-05 14:02:03.598 28123 28134 I art     : Starting a blocking GC Explicit
08-05 14:02:03.630 28123 28134 I art     : Explicit concurrent mark sweep GC freed 3(96B) AllocSpace objects, 0(0B) LOS objects, 32% free, 33MB/49MB, paused 147us total 31.244ms
08-05 14:02:03.940 28123 28135 I art     : Starting a blocking GC Explicit
08-05 14:02:03.984 28123 28135 I art     : Explicit concurrent mark sweep GC freed 1271(74KB) AllocSpace objects, 1(20KB) LOS objects, 32% free, 33MB/49MB, paused 154us total 43.084ms
08-05 14:02:03.998 28123 28135 I art     : Starting a blocking GC Explicit
08-05 14:02:04.034 28123 28135 I art     : Explicit concurrent mark sweep GC freed 18(624B) AllocSpace objects, 0(0B) LOS objects, 32% free, 33MB/49MB, paused 152us total 36.046ms
08-05 14:02:04.047 28123 28135 I art     : Starting a blocking GC Explicit
08-05 14:02:04.083 28123 28135 I art     : Explicit concurrent mark sweep GC freed 3(96B) AllocSpace objects, 0(0B) LOS objects, 32% free, 33MB/49MB, paused 150us total 35.785ms
08-05 14:02:04.097 28123 28135 I art     : Starting a blocking GC Explicit
08-05 14:02:04.132 28123 28135 I art     : Explicit concurrent mark sweep GC freed 3(96B) AllocSpace objects, 0(0B) LOS objects, 32% free, 33MB/49MB, paused 141us total 35.105ms
08-05 14:02:04.145 28123 28135 I art     : Starting a blocking GC Explicit
08-05 14:02:04.181 28123 28135 I art     : Explicit concurrent mark sweep GC freed 3(96B) AllocSpace objects, 0(0B) LOS objects, 32% free, 33MB/49MB, paused 179us total 35.988ms
08-05 14:02:04.495 28123 28148 I art     : Starting a blocking GC Explicit
08-05 14:02:04.552 28123 28148 I art     : Explicit concurrent mark sweep GC freed 1274(74KB) AllocSpace objects, 1(20KB) LOS objects, 32% free, 33MB/49MB, paused 176us total 56.275ms
08-05 14:02:04.567 28123 28148 I art     : Starting a blocking GC Explicit
08-05 14:02:04.600 28123 28148 I art     : Explicit concurrent mark sweep GC freed 18(624B) AllocSpace objects, 0(0B) LOS objects, 32% free, 33MB/49MB, paused 139us total 32.375ms
08-05 14:02:04.612 28123 28148 I art     : Starting a blocking GC Explicit
08-05 14:02:04.647 28123 28148 I art     : Explicit concurrent mark sweep GC freed 3(96B) AllocSpace objects, 0(0B) LOS objects, 32% free, 33MB/49MB, paused 162us total 34.986ms
08-05 14:02:04.660 28123 28148 I art     : Starting a blocking GC Explicit
08-05 14:02:04.695 28123 28148 I art     : Explicit concurrent mark sweep GC freed 3(96B) AllocSpace objects, 0(0B) LOS objects, 32% free, 33MB/49MB, paused 151us total 34.708ms
08-05 14:02:04.707 28123 28148 I art     : Starting a blocking GC Explicit
08-05 14:02:04.743 28123 28148 I art     : Explicit concurrent mark sweep GC freed 3(96B) AllocSpace objects, 0(0B) LOS objects, 32% free, 33MB/49MB, paused 153us total 35.846ms
08-05 14:02:05.060 28123 28134 I art     : Starting a blocking GC Explicit
08-05 14:02:05.113 28123 28134 I art     : Explicit concurrent mark sweep GC freed 1275(74KB) AllocSpace objects, 1(20KB) LOS objects, 32% free, 33MB/49MB, paused 130us total 52.722ms
08-05 14:02:05.127 28123 28134 I art     : Starting a blocking GC Explicit
08-05 14:02:05.163 28123 28134 I art     : Explicit concurrent mark sweep GC freed 20(704B) AllocSpace objects, 0(0B) LOS objects, 32% free, 33MB/49MB, paused 139us total 35.806ms
08-05 14:02:05.163 28123 28133 I art     : WaitForGcToComplete blocked for 5.723ms for cause HeapTrim
08-05 14:02:05.173   918  3188 I hubconnection: sensorhub said: 'set_bias 3: -5.6640, 0.0000, 0.0000'
08-05 14:02:05.176 28123 28134 I art     : Starting a blocking GC Explicit
08-05 14:02:05.211 28123 28134 I art     : Explicit concurrent mark sweep GC freed 3(96B) AllocSpace objects, 0(0B) LOS objects, 32% free, 33MB/49MB, paused 124us total 34.214ms
08-05 14:02:05.223 28123 28134 I art     : Starting a blocking GC Explicit
08-05 14:02:05.254 28123 28134 I art     : Explicit concurrent mark sweep GC freed 3(96B) AllocSpace objects, 0(0B) LOS objects, 32% free, 33MB/49MB, paused 130us total 30.999ms
08-05 14:02:05.265 28123 28134 I art     : Starting a blocking GC Explicit
08-05 14:02:05.296 28123 28134 I art     : Explicit concurrent mark sweep GC freed 3(96B) AllocSpace objects, 0(0B) LOS objects, 32% free, 33MB/49MB, paused 135us total 30.249ms
08-05 14:02:05.623 28123 28148 I art     : Starting a blocking GC Explicit
08-05 14:02:05.677 28123 28148 I art     : Explicit concurrent mark sweep GC freed 1274(74KB) AllocSpace objects, 1(20KB) LOS objects, 32% free, 33MB/49MB, paused 232us total 54.150ms
08-05 14:02:05.692 28123 28148 I art     : Starting a blocking GC Explicit
08-05 14:02:05.724 28123 28148 I art     : Explicit concurrent mark sweep GC freed 18(624B) AllocSpace objects, 0(0B) LOS objects, 32% free, 33MB/49MB, paused 136us total 31.804ms
08-05 14:02:05.736 28123 28148 I art     : Starting a blocking GC Explicit
08-05 14:02:05.771 28123 28148 I art     : Explicit concurrent mark sweep GC freed 3(96B) AllocSpace objects, 0(0B) LOS objects, 32% free, 33MB/49MB, paused 152us total 35.142ms
08-05 14:02:05.784 28123 28148 I art     : Starting a blocking GC Explicit
08-05 14:02:05.819 28123 28148 I art     : Explicit concurrent mark sweep GC freed 3(96B) AllocSpace objects, 0(0B) LOS objects, 32% free, 33MB/49MB, paused 139us total 34.710ms
08-05 14:02:05.831 28123 28148 I art     : Starting a blocking GC Explicit
08-05 14:02:05.867 28123 28148 I art     : Explicit concurrent mark sweep GC freed 3(96B) AllocSpace objects, 0(0B) LOS objects, 32% free, 33MB/49MB, paused 197us total 35.334ms
08-05 14:02:06.107 28123 28135 I art     : Starting a blocking GC Explicit
08-05 14:02:06.144 28123 28135 I art     : Explicit concurrent mark sweep GC freed 1274(74KB) AllocSpace objects, 1(20KB) LOS objects, 32% free, 33MB/49MB, paused 154us total 36.761ms
08-05 14:02:06.158 28123 28135 I art     : Starting a blocking GC Explicit
08-05 14:02:06.192 28123 28135 I art     : Explicit concurrent mark sweep GC freed 18(624B) AllocSpace objects, 0(0B) LOS objects, 32% free, 33MB/49MB, paused 146us total 33.909ms
08-05 14:02:06.204 28123 28135 I art     : Starting a blocking GC Explicit
08-05 14:02:06.236 28123 28135 I art     : Explicit concurrent mark sweep GC freed 3(96B) AllocSpace objects, 0(0B) LOS objects, 32% free, 33MB/49MB, paused 140us total 31.415ms
08-05 14:02:06.248 28123 28135 I art     : Starting a blocking GC Explicit
08-05 14:02:06.279 28123 28135 I art     : Explicit concurrent mark sweep GC freed 3(96B) AllocSpace objects, 0(0B) LOS objects, 32% free, 33MB/49MB, paused 141us total 31.111ms
08-05 14:02:06.291 28123 28135 I art     : Starting a blocking GC Explicit
08-05 14:02:06.305 28477 28477 D AndroidRuntime: >>>>>> START com.android.internal.os.RuntimeInit uid 2000 <<<<<<
08-05 14:02:06.308 28477 28477 D AndroidRuntime: CheckJNI is OFF
08-05 14:02:06.322 28123 28135 I art     : Explicit concurrent mark sweep GC freed 3(96B) AllocSpace objects, 0(0B) LOS objects, 32% free, 33MB/49MB, paused 154us total 31.356ms
08-05 14:02:06.338 28477 28477 D ICU     : No timezone override file found: /data/misc/zoneinfo/current/icu/icu_tzdata.dat
08-05 14:02:06.361 28477 28477 I Radio-JNI: register_android_hardware_Radio DONE
08-05 14:02:06.376 28477 28477 D AndroidRuntime: Calling main entry com.android.commands.input.Input
08-05 14:02:06.377 28477 28477 I Input   : injectMotionEvent: MotionEvent { action=ACTION_DOWN, actionButton=0, id[0]=0, x[0]=526.0, y[0]=704.0, toolType[0]=TOOL_TYPE_UNKNOWN, buttonState=0, metaState=0, flags=0x0, edgeFlags=0x0, pointerCount=1, historySize=0, eventTime=799342790, downTime=799342790, deviceId=0, source=0x1002 }
08-05 14:02:06.384 28477 28477 I Input   : injectMotionEvent: MotionEvent { action=ACTION_UP, actionButton=0, id[0]=0, x[0]=526.0, y[0]=704.0, toolType[0]=TOOL_TYPE_UNKNOWN, buttonState=0, metaState=0, flags=0x0, edgeFlags=0x0, pointerCount=1, historySize=0, eventTime=799342790, downTime=799342790, deviceId=0, source=0x1002 }
08-05 14:02:06.385 28477 28477 D AndroidRuntime: Shutting down VM
08-05 14:02:06.452   512  2967 D audio_hw_primary: out_set_parameters: enter: usecase(1: low-latency-playback) kvpairs: routing=2
08-05 14:02:06.465   512  2967 D audio_hw_primary: select_devices: out_snd_device(2: speaker) in_snd_device(0: none)
08-05 14:02:06.465   512  2967 D msm8974_platform: platform_send_audio_calibration: sending audio calibration for snd_device(2) acdb_id(15)
08-05 14:02:06.465   512  2967 I soundtrigger: audio_extn_sound_trigger_update_device_status: device 0x2 of type 0 for Event 1
08-05 14:02:06.477   512  2967 D audio_hw_primary: enable_snd_device: snd_device(2: speaker)
08-05 14:02:06.479   512  2967 D audio_hw_primary: enable_audio_route: apply and update mixer path: low-latency-playback speaker
08-05 14:02:06.547 28123 28134 I art     : Starting a blocking GC Explicit
08-05 14:02:06.582 28123 28134 I art     : Explicit concurrent mark sweep GC freed 2042(133KB) AllocSpace objects, 2(40KB) LOS objects, 32% free, 33MB/49MB, paused 166us total 34.776ms
08-05 14:02:06.596 28123 28134 I art     : Starting a blocking GC Explicit
08-05 14:02:06.628 28123 28134 I art     : Explicit concurrent mark sweep GC freed 151(6KB) AllocSpace objects, 0(0B) LOS objects, 32% free, 33MB/49MB, paused 184us total 31.875ms
08-05 14:02:06.641 28123 28134 I art     : Starting a blocking GC Explicit
08-05 14:02:06.675 28123 28134 I art     : Explicit concurrent mark sweep GC freed 5(176B) AllocSpace objects, 0(0B) LOS objects, 32% free, 33MB/49MB, paused 140us total 33.895ms
08-05 14:02:06.688 28123 28134 I art     : Starting a blocking GC Explicit
08-05 14:02:06.722 28123 28134 I art     : Explicit concurrent mark sweep GC freed 3(96B) AllocSpace objects, 0(0B) LOS objects, 32% free, 33MB/49MB, paused 131us total 33.617ms
08-05 14:02:06.736 28123 28134 I art     : Starting a blocking GC Explicit
08-05 14:02:06.774 28123 28134 I art     : Explicit concurrent mark sweep GC freed 3(96B) AllocSpace objects, 0(0B) LOS objects, 32% free, 33MB/49MB, paused 157us total 37.902ms
08-05 14:02:07.013   512  2967 D audio_hw_primary: disable_audio_route: reset and update mixer path: low-latency-playback speaker
08-05 14:02:07.014   512  2967 D audio_hw_primary: disable_snd_device: snd_device(2: speaker)
08-05 14:02:07.023   512  2967 I soundtrigger: audio_extn_sound_trigger_update_device_status: device 0x2 of type 0 for Event 0
08-05 14:02:07.066 28123 28148 I art     : Starting a blocking GC Explicit
08-05 14:02:07.081 28522 28522 I art     : Late-enabling -Xcheck:jni
08-05 14:02:07.081   918   918 I ActivityManager: Start proc 28522:baseline.com.newsblur/u0a676 for service baseline.com.newsblur/.service.NBSyncService
08-05 14:02:07.096 21092 21092 I Finsky  : [1] xow.onStartJob(3): SCH: onJobSchedulerWakeup with jobId 9006
08-05 14:02:07.103 21092 21092 I Finsky  : [1] xjw.a(9): Scheduling fallback in 43199998 (absolute: 1825930976)
08-05 14:02:07.105 28123 28148 I art     : Explicit concurrent mark sweep GC freed 1286(75KB) AllocSpace objects, 1(20KB) LOS objects, 32% free, 33MB/49MB, paused 154us total 38.617ms
08-05 14:02:07.106 21092 21092 I Finsky  : [1] xjw.a(9): Scheduling fallback in 64799997 (absolute: 1847530978)
08-05 14:02:07.119 28123 28148 I art     : Starting a blocking GC Explicit
08-05 14:02:07.120   918  3261 D WifiStateMachine: starting scan for "H369AA63323"WPA_PSK with 2412,5180
08-05 14:02:07.150 28123 28148 I art     : Explicit concurrent mark sweep GC freed 22(752B) AllocSpace objects, 0(0B) LOS objects, 32% free, 33MB/49MB, paused 137us total 30.839ms
08-05 14:02:07.156 28522 28522 W System  : ClassLoader referenced unknown path: /data/app/baseline.com.newsblur-1/lib/arm64
08-05 14:02:07.162 28123 28148 I art     : Starting a blocking GC Explicit
08-05 14:02:07.183 21092 21092 I Finsky  : [1] xkf.handleMessage(8): SCH: DeviceState: DeviceState{currentTime=1596628927179, isCharging=false, isIdle=false, netAny=true, netNotRoaming=true, netUnmetered=true, batteryPercent=100.0}
08-05 14:02:07.188 21092 28095 I Finsky  : [6166] xmu.a(8): SCH: Jobs in database: 1-1337 3-215 3-216 12-1 24-77777777 26-1414141414 
08-05 14:02:07.191 21092 21092 I Finsky  : [1] xkg.a(16): SCH: Running job: 12-1
08-05 14:02:07.192 21092 21092 I Finsky  : [1] ContentSyncJob.a(16): [ContentSync] job started
08-05 14:02:07.193 28123 28148 I art     : Explicit concurrent mark sweep GC freed 3(96B) AllocSpace objects, 0(0B) LOS objects, 32% free, 33MB/49MB, paused 134us total 30.207ms
08-05 14:02:07.193 21092 21092 I Finsky  : [1] xkf.handleMessage(61): SCH: RunningQueue size: 1, PendingQueue size: 0
08-05 14:02:07.193 21092 21092 I Finsky  : [1] xkf.handleMessage(64): SCH: Running queue: 12-1 
08-05 14:02:07.205 28123 28148 I art     : Starting a blocking GC Explicit
08-05 14:02:07.236 28123 28148 I art     : Explicit concurrent mark sweep GC freed 3(96B) AllocSpace objects, 0(0B) LOS objects, 32% free, 33MB/49MB, paused 124us total 31.040ms
08-05 14:02:07.248 28123 28148 I art     : Starting a blocking GC Explicit
08-05 14:02:07.279 28123 28148 I art     : Explicit concurrent mark sweep GC freed 3(96B) AllocSpace objects, 0(0B) LOS objects, 32% free, 33MB/49MB, paused 135us total 30.620ms
08-05 14:02:07.294 21092 28113 I Finsky  : [6172] dzn.a(22): Completed 0 account content syncs with 0 successful.
08-05 14:02:07.295 21092 21092 I Finsky  : [1] ContentSyncJob.a(1): [ContentSync] Installation state replication succeeded.
08-05 14:02:07.295 21092 21092 I Finsky  : [1] xlr.a(13): SCH: jobFinished: 12-1. TimeElapsed: 103ms.
08-05 14:02:07.295 21092 21092 I Finsky  : [1] xkg.a(36): SCH: Job 12-1 finished. Not rescheduling.
08-05 14:02:07.296 21092 21092 I Finsky  : [1] xkf.handleMessage(61): SCH: RunningQueue size: 0, PendingQueue size: 0
08-05 14:02:07.296 21092 21092 I Finsky  : [1] xkf.handleMessage(25): Executor finished
08-05 14:02:07.311 21092 21092 I Finsky  : [1] xmu.a(8): SCH: Jobs in database: 1-1337 3-215 3-216 24-77777777 26-1414141414 
08-05 14:02:07.312 21092 21092 I Finsky  : [1] xio.a(57): SCH: ConstraintMapping: 24-77777777,  -> L: 0ms, D: 25673207ms, C: false, I: true, N: 0
08-05 14:02:07.313 21092 21092 I Finsky  : [1] xio.a(57): SCH: ConstraintMapping: 1-1337,  -> L: 29025599ms, D: 72225599ms, C: false, I: false, N: 1
08-05 14:02:07.313 21092 21092 I Finsky  : [1] xio.a(57): SCH: ConstraintMapping: 3-215,  -> L: 0ms, D: 84100139ms, C: false, I: true, N: 2
08-05 14:02:07.314 21092 21092 I Finsky  : [1] xio.a(57): SCH: ConstraintMapping: 3-216,  -> L: 0ms, D: 84100170ms, C: true, I: true, N: 2
08-05 14:02:07.314 21092 21092 I Finsky  : [1] xio.a(57): SCH: ConstraintMapping: 26-1414141414,  -> L: 33673066ms, D: 34573066ms, C: false, I: false, N: 0
08-05 14:02:07.323 21092 21092 I Finsky  : [1] xle.a(34): Cancelling existing jobscheduler jobs: 9016 9012 9015 9018 9019 9000 9017 9008 9014 
08-05 14:02:07.323 21092 21092 I Finsky  : [1] xle.a(10): Throttling wakeup for job 9001 (expected to run in 0 ms) due to recent wakeup
08-05 14:02:07.324 21092 21092 I Finsky  : [1] xle.a(27): Scheduling job Id: 9001, L: 30000, D: 25673207, C: false, I: true, N: 0
08-05 14:02:07.325 21092 21092 I Finsky  : [1] xle.a(27): Scheduling job Id: 9002, L: 29025599, D: 72225599, C: false, I: false, N: 1
08-05 14:02:07.327 21092 21092 I Finsky  : [1] xle.a(10): Throttling wakeup for job 9003 (expected to run in 0 ms) due to recent wakeup
08-05 14:02:07.327 21092 21092 I Finsky  : [1] xle.a(27): Scheduling job Id: 9003, L: 30000, D: 84100139, C: false, I: true, N: 2
08-05 14:02:07.328 21092 21092 I Finsky  : [1] xle.a(10): Throttling wakeup for job 9004 (expected to run in 0 ms) due to recent wakeup
08-05 14:02:07.329 21092 21092 I Finsky  : [1] xle.a(27): Scheduling job Id: 9004, L: 30000, D: 84100170, C: true, I: true, N: 2
08-05 14:02:07.330 21092 21092 I Finsky  : [1] xle.a(27): Scheduling job Id: 9005, L: 33673066, D: 34573066, C: false, I: false, N: 0
08-05 14:02:07.331 21092 21092 I Finsky  : [1] xle.a(10): Throttling wakeup for job 9007 (expected to run in 0 ms) due to recent wakeup
08-05 14:02:07.331 21092 21092 I Finsky  : [1] xle.a(27): Scheduling job Id: 9007, L: 30000, D: 25673207, C: false, I: true, N: 0
08-05 14:02:07.332 21092 21092 I Finsky  : [1] xle.a(27): Scheduling job Id: 9009, L: 29025599, D: 72225599, C: false, I: false, N: 1
08-05 14:02:07.333 21092 21092 I Finsky  : [1] xle.a(10): Throttling wakeup for job 9010 (expected to run in 0 ms) due to recent wakeup
08-05 14:02:07.334 21092 21092 I Finsky  : [1] xle.a(27): Scheduling job Id: 9010, L: 30000, D: 84100139, C: false, I: true, N: 2
08-05 14:02:07.335 21092 21092 I Finsky  : [1] xle.a(10): Throttling wakeup for job 9011 (expected to run in 0 ms) due to recent wakeup
08-05 14:02:07.335 21092 21092 I Finsky  : [1] xle.a(27): Scheduling job Id: 9011, L: 30000, D: 84100170, C: true, I: true, N: 2
08-05 14:02:07.336 21092 21092 I Finsky  : [1] xle.a(27): Scheduling job Id: 9013, L: 33673066, D: 34573066, C: false, I: false, N: 0
08-05 14:02:07.566 28123 28135 I art     : Starting a blocking GC Explicit
08-05 14:02:07.616 28123 28135 I art     : Explicit concurrent mark sweep GC freed 1281(75KB) AllocSpace objects, 1(20KB) LOS objects, 32% free, 33MB/49MB, paused 144us total 50.298ms
08-05 14:02:07.630 28123 28135 I art     : Starting a blocking GC Explicit
08-05 14:02:07.645   918  5481 I ActivityManager: Killing 15428:com.android.providers.calendar/u0a1 (adj 15): empty #17
08-05 14:02:07.662 28123 28135 I art     : Explicit concurrent mark sweep GC freed 18(624B) AllocSpace objects, 0(0B) LOS objects, 32% free, 33MB/49MB, paused 141us total 31.394ms
08-05 14:02:07.673 28123 28135 I art     : Starting a blocking GC Explicit
08-05 14:02:07.703 28123 28135 I art     : Explicit concurrent mark sweep GC freed 3(96B) AllocSpace objects, 0(0B) LOS objects, 32% free, 33MB/49MB, paused 135us total 29.849ms
08-05 14:02:07.714 28123 28135 I art     : Starting a blocking GC Explicit
08-05 14:02:07.745 28123 28135 I art     : Explicit concurrent mark sweep GC freed 3(96B) AllocSpace objects, 0(0B) LOS objects, 32% free, 33MB/49MB, paused 132us total 30.512ms
08-05 14:02:07.757 28123 28135 I art     : Starting a blocking GC Explicit
08-05 14:02:07.788 28123 28135 I art     : Explicit concurrent mark sweep GC freed 3(96B) AllocSpace objects, 0(0B) LOS objects, 32% free, 33MB/49MB, paused 138us total 30.945ms
08-05 14:02:07.930 28548 28548 D AndroidRuntime: >>>>>> START com.android.internal.os.RuntimeInit uid 2000 <<<<<<
08-05 14:02:07.935 28548 28548 D AndroidRuntime: CheckJNI is OFF
08-05 14:02:07.963 28548 28548 D ICU     : No timezone override file found: /data/misc/zoneinfo/current/icu/icu_tzdata.dat
08-05 14:02:07.988 28548 28548 I Radio-JNI: register_android_hardware_Radio DONE
08-05 14:02:08.005 28548 28548 D AndroidRuntime: Calling main entry com.android.commands.input.Input
08-05 14:02:08.006 28548 28548 I Input   : injectMotionEvent: MotionEvent { action=ACTION_DOWN, actionButton=0, id[0]=0, x[0]=1197.0, y[0]=1456.0, toolType[0]=TOOL_TYPE_UNKNOWN, buttonState=0, metaState=0, flags=0x0, edgeFlags=0x0, pointerCount=1, historySize=0, eventTime=799344419, downTime=799344419, deviceId=0, source=0x1002 }
08-05 14:02:08.011 28548 28548 I Input   : injectMotionEvent: MotionEvent { action=ACTION_UP, actionButton=0, id[0]=0, x[0]=1197.0, y[0]=1456.0, toolType[0]=TOOL_TYPE_UNKNOWN, buttonState=0, metaState=0, flags=0x0, edgeFlags=0x0, pointerCount=1, historySize=0, eventTime=799344419, downTime=799344419, deviceId=0, source=0x1002 }
08-05 14:02:08.012 28548 28548 D AndroidRuntime: Shutting down VM
08-05 14:02:08.025   512  2967 D audio_hw_primary: out_set_parameters: enter: usecase(1: low-latency-playback) kvpairs: routing=2
08-05 14:02:08.038   512  2967 D audio_hw_primary: select_devices: out_snd_device(2: speaker) in_snd_device(0: none)
08-05 14:02:08.038   512  2967 D msm8974_platform: platform_send_audio_calibration: sending audio calibration for snd_device(2) acdb_id(15)
08-05 14:02:08.038   512  2967 I soundtrigger: audio_extn_sound_trigger_update_device_status: device 0x2 of type 0 for Event 1
08-05 14:02:08.038 28123 28134 I art     : Starting a blocking GC Explicit
08-05 14:02:08.041 28123 28123 I SettingsManager: Setting string: savedCourse
08-05 14:02:08.049   512  2967 D audio_hw_primary: enable_snd_device: snd_device(2: speaker)
08-05 14:02:08.051   918  5132 W BackupManagerService: dataChanged but no participant pkg='baseline.com.ak.uobtimetable' uid=10684
08-05 14:02:08.051   512  2967 D audio_hw_primary: enable_audio_route: apply and update mixer path: low-latency-playback speaker
08-05 14:02:08.051   918  6112 I ActivityManager: START u0 {flg=0x4000000 cmp=baseline.com.ak.uobtimetable/.MainActivity (has extras)} from uid 10684 on display 0
08-05 14:02:08.067   918   928 W InputMethodManagerService: Focus gain on non-focused client com.android.internal.view.IInputMethodClient$Stub$Proxy@611b2d3 (uid=10684 pid=28123)
08-05 14:02:08.078 28123 28134 I art     : Explicit concurrent mark sweep GC freed 3835(197KB) AllocSpace objects, 2(40KB) LOS objects, 32% free, 33MB/49MB, paused 226us total 40.063ms
08-05 14:02:08.081 28123 28123 D MainActivity: OnDestroy
08-05 14:02:08.091 28123 28134 I art     : Starting a blocking GC Explicit
08-05 14:02:08.099 28123 28123 D MainActivity: onCreate
08-05 14:02:08.100 28123 28123 I SettingsManager: Getting string: savedSessions
08-05 14:02:08.100 28123 28123 I Settings: No saved sessions
08-05 14:02:08.123 28123 28123 I SettingsManager: Getting string: savedCourse
08-05 14:02:08.124 28123 28123 D MainActivity: sessionListFragmentArg: updateSessions
08-05 14:02:08.124 28123 28123 D MainActivity: showTermDatesConfigChange: false
08-05 14:02:08.124 28123 28123 D MainActivity: showTermDatesShortcut: false
08-05 14:02:08.126 28123 28134 I art     : Explicit concurrent mark sweep GC freed 894(56KB) AllocSpace objects, 0(0B) LOS objects, 31% free, 35MB/51MB, paused 307us total 34.346ms
08-05 14:02:08.126 28123 28123 D MainActivity: Setting initial fragment: SessionListsFragment
08-05 14:02:08.129 28123 28123 I SettingsManager: Getting int: launchCount
08-05 14:02:08.132 28123 28123 D SessionListsFragment: onCreateView
08-05 14:02:08.139 28123 28134 I art     : Starting a blocking GC Explicit
08-05 14:02:08.143 28123 28123 I SettingsManager: Getting string: savedCourse
08-05 14:02:08.146 28123 28123 I SettingsManager: Getting string: savedSessions
08-05 14:02:08.146 28123 28123 D SessionListsFragment: loadArgument: updateSessions
08-05 14:02:08.146 28123 28123 D SessionListsFragment: initialIndex: -1
08-05 14:02:08.148 28123 28571 D HTTP    : Request for: https://uob-timetable-api.adriankeenan.co.uk/sessions?dept=BD002&course=CFIEFAAF%2F02AA%2F0%2FFT&level=ALL+Courses
08-05 14:02:08.149 28123 28123 I WebViewFactory: Loading com.google.android.webview version 84.0.4147.89 (code 414708953)
08-05 14:02:08.178 28123 28134 I art     : Explicit concurrent mark sweep GC freed 6700(421KB) AllocSpace objects, 4(1436KB) LOS objects, 32% free, 33MB/49MB, paused 495us total 37.872ms
08-05 14:02:08.191 28123 28134 I art     : Starting a blocking GC Explicit
08-05 14:02:08.216 28123 28123 I cr_LibraryLoader: Loaded native library version number "84.0.4147.89"
08-05 14:02:08.217 28123 28123 I cr_CachingUmaRecorder: Flushed 5 samples from 5 histograms.
08-05 14:02:08.230 28123 28134 I art     : Explicit concurrent mark sweep GC freed 4275(358KB) AllocSpace objects, 2(40KB) LOS objects, 31% free, 34MB/50MB, paused 632us total 38.540ms
08-05 14:02:08.244 28123 28134 I art     : Starting a blocking GC Explicit
08-05 14:02:08.248 28123 28123 E chromium: [ERROR:filesystem_posix.cc(62)] mkdir /data/user/0/baseline.com.ak.uobtimetable/cache/WebView/Crashpad: No such file or directory (2)
08-05 14:02:08.287 28123 28134 I art     : Explicit concurrent mark sweep GC freed 2494(252KB) AllocSpace objects, 2(120KB) LOS objects, 31% free, 34MB/50MB, paused 916us total 41.622ms
08-05 14:02:08.312   918  3359 D ConnectivityService: listenForNetwork for Listen from uid/pid:10684/28123 for NetworkRequest [ id=3305, legacyType=-1, [ Capabilities: INTERNET&NOT_RESTRICTED&TRUSTED] ]
08-05 14:02:08.338 28123 28586 W cr_media: Requires BLUETOOTH permission
08-05 14:02:08.340 28123 28571 I NAPPA_EXPERIMENTATION: MetricNetworkRequestExecutionTime: REQUEST_DURATION_SYSTEM='191',REQUEST_DURATION_OKHTTP='43',REQUEST_SYNCHRONOUS='TRUE',RESPONSE_CODE='200',RESPONSE_METHOD='GET',RESPONSE_LENGTH_OKHTTP='-1',RESPONSE_LENGTH_HEADER='867',REQUEST_PROTOCOL='http/1.1',REQUEST_URL='https://uob-timetable-api.adriankeenan.co.uk/sessions?dept=BD002&course=CFIEFAAF%2F02AA%2F0%2FFT&level=ALL+Courses',
08-05 14:02:08.344 28123 28598 E libEGL  : validate_display:255 error 3008 (EGL_BAD_DISPLAY)
08-05 14:02:08.347 28123 28123 D TermDatesFragment: WebView loaded
08-05 14:02:08.348 28123 28123 D MainActivity: OnResume
08-05 14:02:08.364 28123 28123 I TermDatesFragment: Webview load %: 10
08-05 14:02:08.380 28123 28571 I HTTP    : Response was compressed.
08-05 14:02:08.395 28123 28571 I Service : getSessions response time: 1.12
08-05 14:02:08.449 28123 28123 I SettingsManager: Getting string: savedSessions
08-05 14:02:08.449 13866 13866 I GoogleInputMethodServic: GoogleInputMethodService.onFinishInput():3138 
08-05 14:02:08.449   918   936 I ActivityManager: Displayed baseline.com.ak.uobtimetable/.MainActivity: +372ms
08-05 14:02:08.450 13866 13866 I GoogleInputMethodServic: GoogleInputMethodService.onStartInput():1808 
08-05 14:02:08.455 28123 28123 I SettingsManager: Setting string: savedSessions
08-05 14:02:08.462   918  3670 W BackupManagerService: dataChanged but no participant pkg='baseline.com.ak.uobtimetable' uid=10684
08-05 14:02:08.462 28123 28123 I SettingsManager: Setting date: savedSessionsTime
08-05 14:02:08.467   918  6112 W BackupManagerService: dataChanged but no participant pkg='baseline.com.ak.uobtimetable' uid=10684
08-05 14:02:08.468 28123 28123 I SettingsManager: Setting string: savedSessionsCourseName
08-05 14:02:08.473   918  5952 W BackupManagerService: dataChanged but no participant pkg='baseline.com.ak.uobtimetable' uid=10684
08-05 14:02:08.474 28123 28123 I SettingsManager: Setting string: savedSessionsDateRange
08-05 14:02:08.478   918  6111 W BackupManagerService: dataChanged but no participant pkg='baseline.com.ak.uobtimetable' uid=10684
08-05 14:02:08.479 28123 28123 I SettingsManager: Setting string: timetableUrl
08-05 14:02:08.485   918  6110 W BackupManagerService: dataChanged but no participant pkg='baseline.com.ak.uobtimetable' uid=10684
08-05 14:02:08.486 28123 28123 I SettingsManager: Getting boolean: notifySessionRemindersEnabled
08-05 14:02:08.486 28123 28123 I SettingsManager: Getting int: notifySessionRemindersMinutes
08-05 14:02:08.486 28123 28123 I SettingsManager: Getting boolean: showHiddenSessions
08-05 14:02:08.510 28123 28123 I SessionReminderNotifier: Created session reminder alarm for f7b4771250a919bd729c1c5a4a459c77 at Mon 08:30:00 10/08/20
08-05 14:02:08.511 28123 28148 I art     : Starting a blocking GC Explicit
08-05 14:02:08.511 28123 28123 I SessionReminderNotifier: Created session reminder alarm for a7f879aabdeb78622c8820a5fb7b64cd at Tue 08:30:00 11/08/20
08-05 14:02:08.519 28123 28123 I SessionReminderNotifier: Created session reminder alarm for 7bc8d7e2c2055711f597c3d9078c6ea3 at Tue 08:30:00 11/08/20
08-05 14:02:08.521 28123 28123 I SessionReminderNotifier: Created session reminder alarm for e0fc978b5db8218778540b4053344581 at Tue 11:00:00 11/08/20
08-05 14:02:08.522 28123 28123 I SessionReminderNotifier: Created session reminder alarm for 21712fef61090882c855a1425543edb5 at Tue 13:30:00 11/08/20
08-05 14:02:08.523 28123 28123 I SessionReminderNotifier: Created session reminder alarm for 65ca4d97f031f29a4d02bbb45a705d8f at Wed 08:30:00 12/08/20
08-05 14:02:08.524 28123 28123 I SessionReminderNotifier: Created session reminder alarm for eeda7741b0bcab58fd9f46dc6ef1d942 at Wed 08:30:00 12/08/20
08-05 14:02:08.525 28123 28123 I SessionReminderNotifier: Created session reminder alarm for c276c1b2075a0beb67f1b3d1e580f920 at Wed 11:00:00 12/08/20
08-05 14:02:08.526 28123 28123 I SessionReminderNotifier: Created session reminder alarm for 79fe0b5c3b887a13ba29db5a33fa2800 at Thu 08:30:00 06/08/20
08-05 14:02:08.528 28123 28123 I SessionReminderNotifier: Created session reminder alarm for 2ba1034116e4fffdd592dbf0796a43d5 at Fri 08:30:00 07/08/20
08-05 14:02:08.528 28123 28123 I SettingsManager: Getting boolean: showHiddenSessions
08-05 14:02:08.529 28123 28123 D SessionListsFragment: 1 sessions for day 0
08-05 14:02:08.529 28123 28123 D SessionListsFragment: 4 sessions for day 1
08-05 14:02:08.529 28123 28123 D SessionListsFragment: 3 sessions for day 2
08-05 14:02:08.529 28123 28123 D SessionListsFragment: 1 sessions for day 3
08-05 14:02:08.530 28123 28123 D SessionListsFragment: 1 sessions for day 4
08-05 14:02:08.569 28123 28148 I art     : Explicit concurrent mark sweep GC freed 22630(1393KB) AllocSpace objects, 7(200KB) LOS objects, 30% free, 35MB/51MB, paused 497us total 57.874ms
08-05 14:02:08.573 28123 28123 I SettingsManager: Getting boolean: showHiddenSessions
08-05 14:02:08.574 28123 28123 D SessionListsFragment: Refreshed ViewPager
08-05 14:02:08.574 28123 28123 I SettingsManager: Getting boolean: showHiddenSessions
08-05 14:02:08.575 28123 28123 I SettingsManager: Getting boolean: completedTutorial
08-05 14:02:08.583 28123 28148 I art     : Starting a blocking GC Explicit
08-05 14:02:08.587 28123 28123 I SettingsManager: Getting boolean: showHiddenSessions
08-05 14:02:08.588 28123 28123 I SettingsManager: Getting date: savedSessionsTime
08-05 14:02:08.591   512  2967 D audio_hw_primary: disable_audio_route: reset and update mixer path: low-latency-playback speaker
08-05 14:02:08.593   512  2967 D audio_hw_primary: disable_snd_device: snd_device(2: speaker)
08-05 14:02:08.601   512  2967 I soundtrigger: audio_extn_sound_trigger_update_device_status: device 0x2 of type 0 for Event 0
08-05 14:02:08.628 28123 28148 I art     : Explicit concurrent mark sweep GC freed 21187(1026KB) AllocSpace objects, 2(120KB) LOS objects, 30% free, 36MB/52MB, paused 1.249ms total 45.047ms
08-05 14:02:08.641 28123 28148 I art     : Starting a blocking GC Explicit
08-05 14:02:08.684 28123 28148 I art     : Explicit concurrent mark sweep GC freed 36237(1532KB) AllocSpace objects, 1(80KB) LOS objects, 30% free, 36MB/52MB, paused 622us total 42.593ms
08-05 14:02:08.698 28123 28148 I art     : Starting a blocking GC Explicit
08-05 14:02:08.741 28123 28148 I art     : Explicit concurrent mark sweep GC freed 33043(1426KB) AllocSpace objects, 0(0B) LOS objects, 30% free, 36MB/52MB, paused 959us total 42.917ms
08-05 14:02:08.754 28123 28148 I art     : Starting a blocking GC Explicit
08-05 14:02:08.798 28123 28148 I art     : Explicit concurrent mark sweep GC freed 33210(1365KB) AllocSpace objects, 0(0B) LOS objects, 30% free, 36MB/52MB, paused 537us total 43.875ms
08-05 14:02:09.088 28123 28135 I art     : Starting a blocking GC Explicit
08-05 14:02:09.104 28123 28123 I TermDatesFragment: Webview load %: 70
08-05 14:02:09.121 28123 28123 I TermDatesFragment: Webview load %: 100
08-05 14:02:09.121 28123 28123 I TermDatesFragment: Webview load %: 100
08-05 14:02:09.160 28123 28135 I art     : Explicit concurrent mark sweep GC freed 95791(3MB) AllocSpace objects, 1(20KB) LOS objects, 30% free, 36MB/52MB, paused 325us total 72.107ms
08-05 14:02:09.174 28123 28135 I art     : Starting a blocking GC Explicit
08-05 14:02:09.216 28123 28135 I art     : Explicit concurrent mark sweep GC freed 2206(217KB) AllocSpace objects, 0(0B) LOS objects, 30% free, 36MB/52MB, paused 210us total 41.547ms
08-05 14:02:09.230 28123 28135 I art     : Starting a blocking GC Explicit
08-05 14:02:09.273 28123 28135 I art     : Explicit concurrent mark sweep GC freed 45(2096B) AllocSpace objects, 0(0B) LOS objects, 30% free, 36MB/52MB, paused 224us total 42.994ms
08-05 14:02:09.288 28123 28135 I art     : Starting a blocking GC Explicit
08-05 14:02:09.337 28123 28135 I art     : Explicit concurrent mark sweep GC freed 197(9KB) AllocSpace objects, 0(0B) LOS objects, 30% free, 36MB/52MB, paused 226us total 48.170ms
08-05 14:02:09.352 28123 28135 I art     : Starting a blocking GC Explicit
08-05 14:02:09.388 28123 28135 I art     : Explicit concurrent mark sweep GC freed 121510(11MB) AllocSpace objects, 3(136KB) LOS objects, 38% free, 25MB/41MB, paused 214us total 35.989ms
08-05 14:02:09.675 28123 28134 I art     : Starting a blocking GC Explicit
08-05 14:02:09.712 28123 28134 I art     : Explicit concurrent mark sweep GC freed 1292(75KB) AllocSpace objects, 1(20KB) LOS objects, 38% free, 25MB/41MB, paused 260us total 36.454ms
08-05 14:02:09.726 28123 28134 I art     : Starting a blocking GC Explicit
08-05 14:02:09.750 28123 28134 I art     : Explicit concurrent mark sweep GC freed 18(624B) AllocSpace objects, 0(0B) LOS objects, 38% free, 25MB/41MB, paused 234us total 24.237ms
08-05 14:02:09.759 28123 28134 I art     : Starting a blocking GC Explicit
08-05 14:02:09.783 28123 28134 I art     : Explicit concurrent mark sweep GC freed 3(96B) AllocSpace objects, 0(0B) LOS objects, 38% free, 25MB/41MB, paused 233us total 23.814ms
08-05 14:02:09.792 28123 28134 I art     : Starting a blocking GC Explicit
08-05 14:02:09.817 28123 28134 I art     : Explicit concurrent mark sweep GC freed 3(96B) AllocSpace objects, 0(0B) LOS objects, 38% free, 25MB/41MB, paused 224us total 24.123ms
08-05 14:02:09.826 28123 28134 I art     : Starting a blocking GC Explicit
08-05 14:02:09.851 28123 28134 I art     : Explicit concurrent mark sweep GC freed 3(96B) AllocSpace objects, 0(0B) LOS objects, 38% free, 25MB/41MB, paused 264us total 24.444ms
08-05 14:02:10.181 28123 28135 I art     : Starting a blocking GC Explicit
08-05 14:02:10.218 28123 28135 I art     : Explicit concurrent mark sweep GC freed 1332(76KB) AllocSpace objects, 1(20KB) LOS objects, 38% free, 25MB/41MB, paused 209us total 36.972ms
08-05 14:02:10.218 28123 28133 I art     : WaitForGcToComplete blocked for 6.925ms for cause HeapTrim
08-05 14:02:10.232 28123 28135 I art     : Starting a blocking GC Explicit
08-05 14:02:10.263 28123 28135 I art     : Explicit concurrent mark sweep GC freed 41(1376B) AllocSpace objects, 0(0B) LOS objects, 38% free, 25MB/41MB, paused 525us total 30.913ms
08-05 14:02:10.272 28123 28135 I art     : Starting a blocking GC Explicit
08-05 14:02:10.300 28123 28135 I art     : Explicit concurrent mark sweep GC freed 32(1024B) AllocSpace objects, 0(0B) LOS objects, 38% free, 25MB/41MB, paused 278us total 27.110ms
08-05 14:02:10.311 28123 28135 I art     : Starting a blocking GC Explicit
08-05 14:02:10.333 28123 28135 I art     : Explicit concurrent mark sweep GC freed 23(736B) AllocSpace objects, 0(0B) LOS objects, 38% free, 25MB/41MB, paused 201us total 22.200ms
08-05 14:02:10.343 28123 28135 I art     : Starting a blocking GC Explicit
08-05 14:02:10.367 28123 28135 I art     : Explicit concurrent mark sweep GC freed 24(768B) AllocSpace objects, 0(0B) LOS objects, 38% free, 25MB/41MB, paused 214us total 23.063ms
08-05 14:02:10.548   518   646 I ThermalEngine: ACTION: GPU - Setting GPU[0] to 510000000
08-05 14:02:10.683 28123 28148 I art     : Starting a blocking GC Explicit
08-05 14:02:10.723 28123 28148 I art     : Explicit concurrent mark sweep GC freed 1330(76KB) AllocSpace objects, 1(20KB) LOS objects, 38% free, 25MB/41MB, paused 326us total 40.138ms
08-05 14:02:10.740 28123 28148 I art     : Starting a blocking GC Explicit
08-05 14:02:10.775 28123 28148 I art     : Explicit concurrent mark sweep GC freed 25(848B) AllocSpace objects, 0(0B) LOS objects, 38% free, 25MB/41MB, paused 316us total 34.721ms
08-05 14:02:10.788 28123 28148 I art     : Starting a blocking GC Explicit
08-05 14:02:10.822 28123 28148 I art     : Explicit concurrent mark sweep GC freed 8(256B) AllocSpace objects, 0(0B) LOS objects, 38% free, 25MB/41MB, paused 307us total 33.195ms
08-05 14:02:10.836 28123 28148 I art     : Starting a blocking GC Explicit
08-05 14:02:10.870 28123 28148 I art     : Explicit concurrent mark sweep GC freed 4(128B) AllocSpace objects, 0(0B) LOS objects, 38% free, 25MB/41MB, paused 306us total 34.053ms
08-05 14:02:10.885 28123 28148 I art     : Starting a blocking GC Explicit
08-05 14:02:10.913 28123 28148 I art     : Explicit concurrent mark sweep GC freed 4(160B) AllocSpace objects, 0(0B) LOS objects, 38% free, 25MB/41MB, paused 302us total 28.098ms
08-05 14:02:11.234 28123 28134 I art     : Starting a blocking GC Explicit
08-05 14:02:11.272 28123 28134 I art     : Explicit concurrent mark sweep GC freed 1293(75KB) AllocSpace objects, 1(20KB) LOS objects, 38% free, 25MB/41MB, paused 346us total 38.378ms
08-05 14:02:11.288 28123 28134 I art     : Starting a blocking GC Explicit
08-05 14:02:11.320 28123 28134 I art     : Explicit concurrent mark sweep GC freed 18(624B) AllocSpace objects, 0(0B) LOS objects, 38% free, 25MB/41MB, paused 312us total 31.412ms
08-05 14:02:11.332 28123 28134 I art     : Starting a blocking GC Explicit
08-05 14:02:11.362 28123 28134 I art     : Explicit concurrent mark sweep GC freed 3(96B) AllocSpace objects, 0(0B) LOS objects, 38% free, 25MB/41MB, paused 301us total 29.471ms
08-05 14:02:11.373 28123 28134 I art     : Starting a blocking GC Explicit
08-05 14:02:11.403 28123 28134 I art     : Explicit concurrent mark sweep GC freed 3(96B) AllocSpace objects, 0(0B) LOS objects, 38% free, 25MB/41MB, paused 306us total 29.711ms
08-05 14:02:11.414 28123 28134 I art     : Starting a blocking GC Explicit
08-05 14:02:11.445 28123 28134 I art     : Explicit concurrent mark sweep GC freed 3(96B) AllocSpace objects, 0(0B) LOS objects, 38% free, 25MB/41MB, paused 368us total 30.175ms
08-05 14:02:11.787 28123 28135 I art     : Starting a blocking GC Explicit
08-05 14:02:11.830 28123 28135 I art     : Explicit concurrent mark sweep GC freed 1293(75KB) AllocSpace objects, 1(20KB) LOS objects, 38% free, 25MB/41MB, paused 309us total 42.236ms
08-05 14:02:11.842 28123 28135 I art     : Starting a blocking GC Explicit
08-05 14:02:11.872 28123 28135 I art     : Explicit concurrent mark sweep GC freed 18(624B) AllocSpace objects, 0(0B) LOS objects, 38% free, 25MB/41MB, paused 299us total 29.724ms
08-05 14:02:11.884 28123 28135 I art     : Starting a blocking GC Explicit
08-05 14:02:11.914 28123 28135 I art     : Explicit concurrent mark sweep GC freed 3(96B) AllocSpace objects, 0(0B) LOS objects, 38% free, 25MB/41MB, paused 309us total 29.947ms
08-05 14:02:11.926 28123 28135 I art     : Starting a blocking GC Explicit
08-05 14:02:11.957 28123 28135 I art     : Explicit concurrent mark sweep GC freed 3(96B) AllocSpace objects, 0(0B) LOS objects, 38% free, 25MB/41MB, paused 300us total 30.263ms
08-05 14:02:11.968 28123 28135 I art     : Starting a blocking GC Explicit
08-05 14:02:11.998 28123 28135 I art     : Explicit concurrent mark sweep GC freed 3(96B) AllocSpace objects, 0(0B) LOS objects, 38% free, 25MB/41MB, paused 322us total 29.396ms
08-05 14:02:12.304 28123 28135 I art     : Starting a blocking GC Explicit
08-05 14:02:12.341 28123 28135 I art     : Explicit concurrent mark sweep GC freed 1341(78KB) AllocSpace objects, 1(20KB) LOS objects, 38% free, 25MB/41MB, paused 346us total 36.140ms
08-05 14:02:12.355 28123 28135 I art     : Starting a blocking GC Explicit
08-05 14:02:12.391 28123 28135 I art     : Explicit concurrent mark sweep GC freed 73(2496B) AllocSpace objects, 0(0B) LOS objects, 38% free, 25MB/41MB, paused 359us total 35.506ms
08-05 14:02:12.404 28123 28135 I art     : Starting a blocking GC Explicit
08-05 14:02:12.432 28123 28135 I art     : Explicit concurrent mark sweep GC freed 150(10KB) AllocSpace objects, 0(0B) LOS objects, 38% free, 25MB/41MB, paused 304us total 27.404ms
08-05 14:02:12.442 28123 28135 I art     : Starting a blocking GC Explicit
08-05 14:02:12.470 28123 28135 I art     : Explicit concurrent mark sweep GC freed 3(96B) AllocSpace objects, 0(0B) LOS objects, 38% free, 25MB/41MB, paused 294us total 27.827ms
08-05 14:02:12.481 28123 28135 I art     : Starting a blocking GC Explicit
08-05 14:02:12.509 28123 28135 I art     : Explicit concurrent mark sweep GC freed 3(96B) AllocSpace objects, 0(0B) LOS objects, 38% free, 25MB/41MB, paused 318us total 27.402ms
08-05 14:02:12.624 28061 28061 I ServiceManager: Waiting for service AtCmdFwd...
08-05 14:02:12.678 28690 28690 D AndroidRuntime: >>>>>> START com.android.internal.os.RuntimeInit uid 2000 <<<<<<
08-05 14:02:12.684 28690 28690 D AndroidRuntime: CheckJNI is OFF
08-05 14:02:12.716 28690 28690 D ICU     : No timezone override file found: /data/misc/zoneinfo/current/icu/icu_tzdata.dat
08-05 14:02:12.749 28690 28690 I Radio-JNI: register_android_hardware_Radio DONE
08-05 14:02:12.770 28690 28690 D AndroidRuntime: Calling main entry com.android.commands.input.Input
08-05 14:02:12.772 28690 28690 I Input   : injectMotionEvent: MotionEvent { action=ACTION_DOWN, actionButton=0, id[0]=0, x[0]=1215.0, y[0]=1450.0, toolType[0]=TOOL_TYPE_UNKNOWN, buttonState=0, metaState=0, flags=0x0, edgeFlags=0x0, pointerCount=1, historySize=0, eventTime=799349185, downTime=799349185, deviceId=0, source=0x1002 }
08-05 14:02:12.777 28690 28690 I Input   : injectMotionEvent: MotionEvent { action=ACTION_UP, actionButton=0, id[0]=0, x[0]=1215.0, y[0]=1450.0, toolType[0]=TOOL_TYPE_UNKNOWN, buttonState=0, metaState=0, flags=0x0, edgeFlags=0x0, pointerCount=1, historySize=0, eventTime=799349185, downTime=799349185, deviceId=0, source=0x1002 }
08-05 14:02:12.780 28690 28690 D AndroidRuntime: Shutting down VM
08-05 14:02:12.782   512  2967 D audio_hw_primary: out_set_parameters: enter: usecase(1: low-latency-playback) kvpairs: routing=2
08-05 14:02:12.795   512  2967 D audio_hw_primary: select_devices: out_snd_device(2: speaker) in_snd_device(0: none)
08-05 14:02:12.795   512  2967 D msm8974_platform: platform_send_audio_calibration: sending audio calibration for snd_device(2) acdb_id(15)
08-05 14:02:12.796   512  2967 I soundtrigger: audio_extn_sound_trigger_update_device_status: device 0x2 of type 0 for Event 1
08-05 14:02:12.812   512  2967 D audio_hw_primary: enable_snd_device: snd_device(2: speaker)
08-05 14:02:12.814   512  2967 D audio_hw_primary: enable_audio_route: apply and update mixer path: low-latency-playback speaker
08-05 14:02:12.815 28123 28135 I art     : Starting a blocking GC Explicit
08-05 14:02:12.843 28123 28135 I art     : Explicit concurrent mark sweep GC freed 1649(107KB) AllocSpace objects, 1(20KB) LOS objects, 38% free, 25MB/41MB, paused 340us total 27.342ms
08-05 14:02:12.856 28123 28135 I art     : Starting a blocking GC Explicit
08-05 14:02:12.884 28123 28135 I art     : Explicit concurrent mark sweep GC freed 275(16KB) AllocSpace objects, 0(0B) LOS objects, 38% free, 25MB/41MB, paused 290us total 27.642ms
08-05 14:02:12.895 28123 28135 I art     : Starting a blocking GC Explicit
08-05 14:02:12.922 28123 28135 I art     : Explicit concurrent mark sweep GC freed 831(60KB) AllocSpace objects, 1(40KB) LOS objects, 38% free, 25MB/41MB, paused 314us total 26.953ms
08-05 14:02:12.934 28123 28135 I art     : Starting a blocking GC Explicit
08-05 14:02:12.964 28123 28135 I art     : Explicit concurrent mark sweep GC freed 3(96B) AllocSpace objects, 0(0B) LOS objects, 38% free, 25MB/41MB, paused 327us total 30.288ms
08-05 14:02:12.976 28123 28135 I art     : Starting a blocking GC Explicit
08-05 14:02:13.010 28123 28135 I art     : Explicit concurrent mark sweep GC freed 3(96B) AllocSpace objects, 0(0B) LOS objects, 38% free, 25MB/41MB, paused 335us total 33.040ms
08-05 14:02:13.271 28123 28148 I art     : Starting a blocking GC Explicit
08-05 14:02:13.309 28123 28148 I art     : Explicit concurrent mark sweep GC freed 1294(75KB) AllocSpace objects, 1(20KB) LOS objects, 38% free, 25MB/41MB, paused 368us total 37.752ms
08-05 14:02:13.323 28123 28148 I art     : Starting a blocking GC Explicit
08-05 14:02:13.352 28123 28148 I art     : Explicit concurrent mark sweep GC freed 18(624B) AllocSpace objects, 0(0B) LOS objects, 38% free, 25MB/41MB, paused 310us total 28.005ms
08-05 14:02:13.358   512  2967 D audio_hw_primary: disable_audio_route: reset and update mixer path: low-latency-playback speaker
08-05 14:02:13.359   512  2967 D audio_hw_primary: disable_snd_device: snd_device(2: speaker)
08-05 14:02:13.363 28123 28148 I art     : Starting a blocking GC Explicit
08-05 14:02:13.368   512  2967 I soundtrigger: audio_extn_sound_trigger_update_device_status: device 0x2 of type 0 for Event 0
08-05 14:02:13.389 28123 28148 I art     : Explicit concurrent mark sweep GC freed 3(96B) AllocSpace objects, 0(0B) LOS objects, 38% free, 25MB/41MB, paused 294us total 26.333ms
08-05 14:02:13.399 28123 28148 I art     : Starting a blocking GC Explicit
08-05 14:02:13.426 28123 28148 I art     : Explicit concurrent mark sweep GC freed 3(96B) AllocSpace objects, 0(0B) LOS objects, 38% free, 25MB/41MB, paused 300us total 26.290ms
08-05 14:02:13.436 28123 28148 I art     : Starting a blocking GC Explicit
08-05 14:02:13.463 28123 28148 I art     : Explicit concurrent mark sweep GC freed 5(176B) AllocSpace objects, 0(0B) LOS objects, 38% free, 25MB/41MB, paused 296us total 26.304ms
08-05 14:02:13.624 28061 28061 I ServiceManager: Waiting for service AtCmdFwd...
08-05 14:02:13.762 28123 28134 I art     : Starting a blocking GC Explicit
08-05 14:02:13.797 28123 28134 I art     : Explicit concurrent mark sweep GC freed 1293(75KB) AllocSpace objects, 1(20KB) LOS objects, 38% free, 25MB/41MB, paused 317us total 34.668ms
08-05 14:02:13.809 28123 28134 I art     : Starting a blocking GC Explicit
08-05 14:02:13.839 28123 28134 I art     : Explicit concurrent mark sweep GC freed 18(624B) AllocSpace objects, 0(0B) LOS objects, 38% free, 25MB/41MB, paused 323us total 29.620ms
08-05 14:02:13.850 28123 28134 I art     : Starting a blocking GC Explicit
08-05 14:02:13.880 28123 28134 I art     : Explicit concurrent mark sweep GC freed 3(96B) AllocSpace objects, 0(0B) LOS objects, 38% free, 25MB/41MB, paused 350us total 29.807ms
08-05 14:02:13.892 28123 28134 I art     : Starting a blocking GC Explicit
08-05 14:02:13.923 28123 28134 I art     : Explicit concurrent mark sweep GC freed 3(96B) AllocSpace objects, 0(0B) LOS objects, 38% free, 25MB/41MB, paused 308us total 30.040ms
08-05 14:02:13.934 28123 28134 I art     : Starting a blocking GC Explicit
08-05 14:02:13.964 28123 28134 I art     : Explicit concurrent mark sweep GC freed 3(96B) AllocSpace objects, 0(0B) LOS objects, 38% free, 25MB/41MB, paused 307us total 29.403ms
08-05 14:02:14.241 28123 28135 I art     : Starting a blocking GC Explicit
08-05 14:02:14.271 28123 28135 I art     : Explicit concurrent mark sweep GC freed 1293(75KB) AllocSpace objects, 1(20KB) LOS objects, 38% free, 25MB/41MB, paused 331us total 29.685ms
08-05 14:02:14.283 28123 28135 I art     : Starting a blocking GC Explicit
08-05 14:02:14.313 28123 28135 I art     : Explicit concurrent mark sweep GC freed 18(624B) AllocSpace objects, 0(0B) LOS objects, 38% free, 25MB/41MB, paused 323us total 30.018ms
08-05 14:02:14.324 28123 28135 I art     : Starting a blocking GC Explicit
08-05 14:02:14.353 28123 28135 I art     : Explicit concurrent mark sweep GC freed 3(96B) AllocSpace objects, 0(0B) LOS objects, 38% free, 25MB/41MB, paused 303us total 28.725ms
08-05 14:02:14.364 28123 28135 I art     : Starting a blocking GC Explicit
08-05 14:02:14.393 28123 28135 I art     : Explicit concurrent mark sweep GC freed 3(96B) AllocSpace objects, 0(0B) LOS objects, 38% free, 25MB/41MB, paused 310us total 27.964ms
08-05 14:02:14.404 28123 28135 I art     : Starting a blocking GC Explicit
08-05 14:02:14.434 28123 28135 I art     : Explicit concurrent mark sweep GC freed 4(128B) AllocSpace objects, 0(0B) LOS objects, 38% free, 25MB/41MB, paused 337us total 29.693ms
08-05 14:02:14.455 28735 28735 D AndroidRuntime: >>>>>> START com.android.internal.os.RuntimeInit uid 2000 <<<<<<
08-05 14:02:14.459 28735 28735 D AndroidRuntime: CheckJNI is OFF
08-05 14:02:14.490 28735 28735 D ICU     : No timezone override file found: /data/misc/zoneinfo/current/icu/icu_tzdata.dat
08-05 14:02:14.529 28735 28735 I Radio-JNI: register_android_hardware_Radio DONE
08-05 14:02:14.551 28735 28735 D AndroidRuntime: Calling main entry com.android.commands.input.Input
08-05 14:02:14.554 28735 28735 I Input   : injectMotionEvent: MotionEvent { action=ACTION_DOWN, actionButton=0, id[0]=0, x[0]=1215.0, y[0]=1482.0, toolType[0]=TOOL_TYPE_UNKNOWN, buttonState=0, metaState=0, flags=0x0, edgeFlags=0x0, pointerCount=1, historySize=0, eventTime=799350967, downTime=799350967, deviceId=0, source=0x1002 }
08-05 14:02:14.560 28735 28735 I Input   : injectMotionEvent: MotionEvent { action=ACTION_UP, actionButton=0, id[0]=0, x[0]=1215.0, y[0]=1482.0, toolType[0]=TOOL_TYPE_UNKNOWN, buttonState=0, metaState=0, flags=0x0, edgeFlags=0x0, pointerCount=1, historySize=0, eventTime=799350967, downTime=799350967, deviceId=0, source=0x1002 }
08-05 14:02:14.563 28735 28735 D AndroidRuntime: Shutting down VM
08-05 14:02:14.573   512  2967 D audio_hw_primary: out_set_parameters: enter: usecase(1: low-latency-playback) kvpairs: routing=2
08-05 14:02:14.582 28123 28123 I SettingsManager: Setting boolean: completedTutorial
08-05 14:02:14.586   512  2967 D audio_hw_primary: select_devices: out_snd_device(2: speaker) in_snd_device(0: none)
08-05 14:02:14.586   512  2967 D msm8974_platform: platform_send_audio_calibration: sending audio calibration for snd_device(2) acdb_id(15)
08-05 14:02:14.586   512  2967 I soundtrigger: audio_extn_sound_trigger_update_device_status: device 0x2 of type 0 for Event 1
08-05 14:02:14.591   918  3670 W BackupManagerService: dataChanged but no participant pkg='baseline.com.ak.uobtimetable' uid=10684
08-05 14:02:14.593 28123 28142 D OpenGLRenderer: endAllStagingAnimators on 0x7f94afa400 (RippleDrawable) with handle 0x7f816d6d60
08-05 14:02:14.596   512  2967 D audio_hw_primary: enable_snd_device: snd_device(2: speaker)
08-05 14:02:14.599   512  2967 D audio_hw_primary: enable_audio_route: apply and update mixer path: low-latency-playback speaker
08-05 14:02:14.600   918  5952 W InputMethodManagerService: Window already focused, ignoring focus gain of: com.android.internal.view.IInputMethodClient$Stub$Proxy@718c9a0 attribute=null, token = android.os.BinderProxy@67f8c04
08-05 14:02:14.625 28061 28061 I ServiceManager: Waiting for service AtCmdFwd...
08-05 14:02:14.704 28123 28148 I art     : Starting a blocking GC Explicit
08-05 14:02:14.739 28123 28148 I art     : Explicit concurrent mark sweep GC freed 1755(109KB) AllocSpace objects, 2(40KB) LOS objects, 38% free, 25MB/41MB, paused 301us total 34.910ms
08-05 14:02:14.754 28123 28148 I art     : Starting a blocking GC Explicit
08-05 14:02:14.789 28123 28148 I art     : Explicit concurrent mark sweep GC freed 1024(69KB) AllocSpace objects, 1(40KB) LOS objects, 38% free, 25MB/41MB, paused 380us total 34.650ms
08-05 14:02:14.804 28123 28148 I art     : Starting a blocking GC Explicit
08-05 14:02:14.836 28123 28148 I art     : Explicit concurrent mark sweep GC freed 3(96B) AllocSpace objects, 0(0B) LOS objects, 38% free, 25MB/41MB, paused 290us total 30.980ms
08-05 14:02:14.847 28123 28148 I art     : Starting a blocking GC Explicit
08-05 14:02:14.872 28123 28148 I art     : Explicit concurrent mark sweep GC freed 3(96B) AllocSpace objects, 0(0B) LOS objects, 38% free, 25MB/41MB, paused 277us total 24.784ms
08-05 14:02:14.882 28123 28148 I art     : Starting a blocking GC Explicit
08-05 14:02:14.909 28123 28148 I art     : Explicit concurrent mark sweep GC freed 3(96B) AllocSpace objects, 0(0B) LOS objects, 38% free, 25MB/41MB, paused 536us total 26.458ms
08-05 14:02:15.138   512  2967 D audio_hw_primary: disable_audio_route: reset and update mixer path: low-latency-playback speaker
08-05 14:02:15.140   512  2967 D audio_hw_primary: disable_snd_device: snd_device(2: speaker)
08-05 14:02:15.148   512  2967 I soundtrigger: audio_extn_sound_trigger_update_device_status: device 0x2 of type 0 for Event 0
08-05 14:02:15.230 28123 28135 I art     : Starting a blocking GC Explicit
08-05 14:02:15.263 28123 28135 I art     : Explicit concurrent mark sweep GC freed 1293(75KB) AllocSpace objects, 1(20KB) LOS objects, 38% free, 25MB/41MB, paused 321us total 32.608ms
08-05 14:02:15.275 28123 28135 I art     : Starting a blocking GC Explicit
08-05 14:02:15.304 28123 28135 I art     : Explicit concurrent mark sweep GC freed 18(624B) AllocSpace objects, 0(0B) LOS objects, 38% free, 25MB/41MB, paused 308us total 29.025ms
08-05 14:02:15.316 28123 28135 I art     : Starting a blocking GC Explicit
08-05 14:02:15.345 28123 28135 I art     : Explicit concurrent mark sweep GC freed 3(96B) AllocSpace objects, 0(0B) LOS objects, 38% free, 25MB/41MB, paused 299us total 29.205ms
08-05 14:02:15.357 28123 28135 I art     : Starting a blocking GC Explicit
08-05 14:02:15.387 28123 28135 I art     : Explicit concurrent mark sweep GC freed 3(96B) AllocSpace objects, 0(0B) LOS objects, 38% free, 25MB/41MB, paused 406us total 29.491ms
08-05 14:02:15.398 28123 28135 I art     : Starting a blocking GC Explicit
08-05 14:02:15.428 28123 28135 I art     : Explicit concurrent mark sweep GC freed 3(96B) AllocSpace objects, 0(0B) LOS objects, 38% free, 25MB/41MB, paused 312us total 29.412ms
08-05 14:02:15.625 28061 28061 I ServiceManager: Waiting for service AtCmdFwd...
08-05 14:02:15.735 28123 28134 I art     : Starting a blocking GC Explicit
08-05 14:02:15.776 28123 28134 I art     : Explicit concurrent mark sweep GC freed 1293(75KB) AllocSpace objects, 1(20KB) LOS objects, 38% free, 25MB/41MB, paused 347us total 40.281ms
08-05 14:02:15.789 28123 28134 I art     : Starting a blocking GC Explicit
08-05 14:02:15.818 28123 28134 I art     : Explicit concurrent mark sweep GC freed 18(624B) AllocSpace objects, 0(0B) LOS objects, 38% free, 25MB/41MB, paused 333us total 28.141ms
08-05 14:02:15.828 28123 28134 I art     : Starting a blocking GC Explicit
08-05 14:02:15.856 28123 28134 I art     : Explicit concurrent mark sweep GC freed 3(96B) AllocSpace objects, 0(0B) LOS objects, 38% free, 25MB/41MB, paused 298us total 27.140ms
08-05 14:02:15.867 28123 28134 I art     : Starting a blocking GC Explicit
08-05 14:02:15.894 28123 28134 I art     : Explicit concurrent mark sweep GC freed 3(96B) AllocSpace objects, 0(0B) LOS objects, 38% free, 25MB/41MB, paused 309us total 26.939ms
08-05 14:02:15.905 28123 28134 I art     : Starting a blocking GC Explicit
08-05 14:02:15.933 28123 28134 I art     : Explicit concurrent mark sweep GC freed 3(96B) AllocSpace objects, 0(0B) LOS objects, 38% free, 25MB/41MB, paused 349us total 27.892ms
08-05 14:02:16.206 28788 28788 D AndroidRuntime: >>>>>> START com.android.internal.os.RuntimeInit uid 2000 <<<<<<
08-05 14:02:16.211 28788 28788 D AndroidRuntime: CheckJNI is OFF
08-05 14:02:16.214 28123 28148 I art     : Starting a blocking GC Explicit
08-05 14:02:16.244 28123 28148 I art     : Explicit concurrent mark sweep GC freed 1293(75KB) AllocSpace objects, 1(20KB) LOS objects, 38% free, 25MB/41MB, paused 321us total 29.570ms
08-05 14:02:16.248 28788 28788 D ICU     : No timezone override file found: /data/misc/zoneinfo/current/icu/icu_tzdata.dat
08-05 14:02:16.255 28123 28148 I art     : Starting a blocking GC Explicit
08-05 14:02:16.282 28123 28148 I art     : Explicit concurrent mark sweep GC freed 18(624B) AllocSpace objects, 0(0B) LOS objects, 38% free, 25MB/41MB, paused 322us total 26.723ms
08-05 14:02:16.282 28788 28788 I Radio-JNI: register_android_hardware_Radio DONE
08-05 14:02:16.292 28123 28148 I art     : Starting a blocking GC Explicit
08-05 14:02:16.304 28788 28788 D AndroidRuntime: Calling main entry com.android.commands.input.Input
08-05 14:02:16.306 28788 28788 I Input   : injectMotionEvent: MotionEvent { action=ACTION_DOWN, actionButton=0, id[0]=0, x[0]=81.0, y[0]=176.0, toolType[0]=TOOL_TYPE_UNKNOWN, buttonState=0, metaState=0, flags=0x0, edgeFlags=0x0, pointerCount=1, historySize=0, eventTime=799352719, downTime=799352719, deviceId=0, source=0x1002 }
08-05 14:02:16.311 28788 28788 I Input   : injectMotionEvent: MotionEvent { action=ACTION_UP, actionButton=0, id[0]=0, x[0]=81.0, y[0]=176.0, toolType[0]=TOOL_TYPE_UNKNOWN, buttonState=0, metaState=0, flags=0x0, edgeFlags=0x0, pointerCount=1, historySize=0, eventTime=799352719, downTime=799352719, deviceId=0, source=0x1002 }
08-05 14:02:16.312 28788 28788 D AndroidRuntime: Shutting down VM
08-05 14:02:16.318   512  2967 D audio_hw_primary: out_set_parameters: enter: usecase(1: low-latency-playback) kvpairs: routing=2
08-05 14:02:16.318 28123 28148 I art     : Explicit concurrent mark sweep GC freed 26(944B) AllocSpace objects, 0(0B) LOS objects, 38% free, 25MB/41MB, paused 393us total 26.084ms
08-05 14:02:16.330 28123 28148 I art     : Starting a blocking GC Explicit
08-05 14:02:16.331   512  2967 D audio_hw_primary: select_devices: out_snd_device(2: speaker) in_snd_device(0: none)
08-05 14:02:16.331   512  2967 D msm8974_platform: platform_send_audio_calibration: sending audio calibration for snd_device(2) acdb_id(15)
08-05 14:02:16.331   512  2967 I soundtrigger: audio_extn_sound_trigger_update_device_status: device 0x2 of type 0 for Event 1
08-05 14:02:16.344   512  2967 D audio_hw_primary: enable_snd_device: snd_device(2: speaker)
08-05 14:02:16.346   512  2967 D audio_hw_primary: enable_audio_route: apply and update mixer path: low-latency-playback speaker
08-05 14:02:16.356 28123 28148 I art     : Explicit concurrent mark sweep GC freed 22(720B) AllocSpace objects, 0(0B) LOS objects, 38% free, 25MB/41MB, paused 328us total 25.852ms
08-05 14:02:16.366 28123 28148 I art     : Starting a blocking GC Explicit
08-05 14:02:16.384 13866 13866 I GoogleInputMethodServic: GoogleInputMethodService.onFinishInput():3138 
08-05 14:02:16.384 13866 13866 I GoogleInputMethodServic: GoogleInputMethodService.onStartInput():1808 
08-05 14:02:16.392 28123 28148 I art     : Explicit concurrent mark sweep GC freed 18(1024B) AllocSpace objects, 0(0B) LOS objects, 38% free, 25MB/41MB, paused 305us total 25.464ms
08-05 14:02:16.559   518   646 I ThermalEngine: ACTION: GPU - Setting GPU[0] to 600000000
08-05 14:02:16.626 28061 28061 I ServiceManager: Waiting for service AtCmdFwd...
08-05 14:02:16.648 28123 28135 I art     : Starting a blocking GC Explicit
08-05 14:02:16.673 28123 28135 I art     : Explicit concurrent mark sweep GC freed 1660(94KB) AllocSpace objects, 1(20KB) LOS objects, 38% free, 25MB/41MB, paused 230us total 24.899ms
08-05 14:02:16.684 28123 28135 I art     : Starting a blocking GC Explicit
08-05 14:02:16.708 28123 28135 I art     : Explicit concurrent mark sweep GC freed 30(1168B) AllocSpace objects, 0(0B) LOS objects, 38% free, 25MB/41MB, paused 225us total 24.323ms
08-05 14:02:16.717 28123 28135 I art     : Starting a blocking GC Explicit
08-05 14:02:16.739 28123 28135 I art     : Explicit concurrent mark sweep GC freed 5(192B) AllocSpace objects, 0(0B) LOS objects, 38% free, 25MB/41MB, paused 217us total 21.310ms
08-05 14:02:16.748 28123 28135 I art     : Starting a blocking GC Explicit
08-05 14:02:16.769 28123 28135 I art     : Explicit concurrent mark sweep GC freed 6(192B) AllocSpace objects, 0(0B) LOS objects, 38% free, 25MB/41MB, paused 211us total 21.413ms
08-05 14:02:16.778 28123 28135 I art     : Starting a blocking GC Explicit
08-05 14:02:16.800 28123 28135 I art     : Explicit concurrent mark sweep GC freed 3(96B) AllocSpace objects, 0(0B) LOS objects, 38% free, 25MB/41MB, paused 213us total 21.816ms
08-05 14:02:16.879   512  2967 D audio_hw_primary: disable_audio_route: reset and update mixer path: low-latency-playback speaker
08-05 14:02:16.881   512  2967 D audio_hw_primary: disable_snd_device: snd_device(2: speaker)
08-05 14:02:16.889   512  2967 I soundtrigger: audio_extn_sound_trigger_update_device_status: device 0x2 of type 0 for Event 0
08-05 14:02:17.022   918  3188 I hubconnection: sensorhub said: 'set_bias 3: -6.2400, 0.0000, 0.0000'
08-05 14:02:17.080 28123 28135 I art     : Starting a blocking GC Explicit
08-05 14:02:17.106 28123 28135 I art     : Explicit concurrent mark sweep GC freed 1293(75KB) AllocSpace objects, 1(20KB) LOS objects, 38% free, 25MB/41MB, paused 237us total 25.947ms
08-05 14:02:17.122 28123 28135 I art     : Starting a blocking GC Explicit
08-05 14:02:17.147 28123 28135 I art     : Explicit concurrent mark sweep GC freed 20(688B) AllocSpace objects, 0(0B) LOS objects, 38% free, 25MB/41MB, paused 303us total 25.605ms
08-05 14:02:17.156 28123 28135 I art     : Starting a blocking GC Explicit
08-05 14:02:17.180 28123 28135 I art     : Explicit concurrent mark sweep GC freed 3(96B) AllocSpace objects, 0(0B) LOS objects, 38% free, 25MB/41MB, paused 233us total 23.182ms
08-05 14:02:17.189 28123 28135 I art     : Starting a blocking GC Explicit
08-05 14:02:17.212 28123 28135 I art     : Explicit concurrent mark sweep GC freed 3(96B) AllocSpace objects, 0(0B) LOS objects, 38% free, 25MB/41MB, paused 221us total 23.093ms
08-05 14:02:17.221 28123 28135 I art     : Starting a blocking GC Explicit
08-05 14:02:17.245 28123 28135 I art     : Explicit concurrent mark sweep GC freed 3(96B) AllocSpace objects, 0(0B) LOS objects, 38% free, 25MB/41MB, paused 235us total 23.221ms
08-05 14:02:17.537 28123 28134 I art     : Starting a blocking GC Explicit
08-05 14:02:17.561   518   646 I ThermalEngine: ACTION: GPU - Setting GPU[0] to 510000000
08-05 14:02:17.566 28123 28134 I art     : Explicit concurrent mark sweep GC freed 1293(75KB) AllocSpace objects, 1(20KB) LOS objects, 38% free, 25MB/41MB, paused 288us total 28.513ms
08-05 14:02:17.577 28123 28134 I art     : Starting a blocking GC Explicit
08-05 14:02:17.605 28123 28134 I art     : Explicit concurrent mark sweep GC freed 18(624B) AllocSpace objects, 0(0B) LOS objects, 38% free, 25MB/41MB, paused 309us total 27.071ms
08-05 14:02:17.616 28123 28134 I art     : Starting a blocking GC Explicit
08-05 14:02:17.626 28061 28061 W Atfwd_Sendcmd: AtCmdFwd service not published, waiting... retryCnt : 3
08-05 14:02:17.643 28123 28134 I art     : Explicit concurrent mark sweep GC freed 3(96B) AllocSpace objects, 0(0B) LOS objects, 38% free, 25MB/41MB, paused 302us total 27.166ms
08-05 14:02:17.654 28123 28134 I art     : Starting a blocking GC Explicit
08-05 14:02:17.682 28123 28134 I art     : Explicit concurrent mark sweep GC freed 3(96B) AllocSpace objects, 0(0B) LOS objects, 38% free, 25MB/41MB, paused 308us total 28.174ms
08-05 14:02:17.693 28123 28134 I art     : Starting a blocking GC Explicit
08-05 14:02:17.721 28123 28134 I art     : Explicit concurrent mark sweep GC freed 3(96B) AllocSpace objects, 0(0B) LOS objects, 38% free, 25MB/41MB, paused 307us total 27.910ms
08-05 14:02:17.972 28843 28843 D AndroidRuntime: >>>>>> START com.android.internal.os.RuntimeInit uid 2000 <<<<<<
08-05 14:02:17.978 28843 28843 D AndroidRuntime: CheckJNI is OFF
08-05 14:02:17.997 28123 28135 I art     : Starting a blocking GC Explicit
08-05 14:02:18.014 28843 28843 D ICU     : No timezone override file found: /data/misc/zoneinfo/current/icu/icu_tzdata.dat
08-05 14:02:18.028 28123 28135 I art     : Explicit concurrent mark sweep GC freed 1301(75KB) AllocSpace objects, 1(20KB) LOS objects, 38% free, 25MB/41MB, paused 336us total 31.213ms
08-05 14:02:18.040 28123 28135 I art     : Starting a blocking GC Explicit
08-05 14:02:18.051 28843 28843 I Radio-JNI: register_android_hardware_Radio DONE
08-05 14:02:18.067 28123 28135 I art     : Explicit concurrent mark sweep GC freed 23(784B) AllocSpace objects, 0(0B) LOS objects, 38% free, 25MB/41MB, paused 287us total 27.239ms
08-05 14:02:18.073 28843 28843 D AndroidRuntime: Calling main entry com.android.commands.input.Input
08-05 14:02:18.075 28843 28843 I Input   : injectMotionEvent: MotionEvent { action=ACTION_DOWN, actionButton=0, id[0]=0, x[0]=436.0, y[0]=1770.0, toolType[0]=TOOL_TYPE_UNKNOWN, buttonState=0, metaState=0, flags=0x0, edgeFlags=0x0, pointerCount=1, historySize=0, eventTime=799354488, downTime=799354488, deviceId=0, source=0x1002 }
08-05 14:02:18.078 28123 28135 I art     : Starting a blocking GC Explicit
08-05 14:02:18.079 28843 28843 I Input   : injectMotionEvent: MotionEvent { action=ACTION_UP, actionButton=0, id[0]=0, x[0]=436.0, y[0]=1770.0, toolType[0]=TOOL_TYPE_UNKNOWN, buttonState=0, metaState=0, flags=0x0, edgeFlags=0x0, pointerCount=1, historySize=0, eventTime=799354488, downTime=799354488, deviceId=0, source=0x1002 }
08-05 14:02:18.081 28843 28843 D AndroidRuntime: Shutting down VM
08-05 14:02:18.085 28123 28123 D MainActivity: NavigationItemSelected: Courses
08-05 14:02:18.086   918   929 I ActivityManager: START u0 {cmp=baseline.com.ak.uobtimetable/.CourseListActivity} from uid 10684 on display 0
08-05 14:02:18.087   512  2967 D audio_hw_primary: out_set_parameters: enter: usecase(1: low-latency-playback) kvpairs: routing=2
08-05 14:02:18.100   512  2967 D audio_hw_primary: select_devices: out_snd_device(2: speaker) in_snd_device(0: none)
08-05 14:02:18.100   512  2967 D msm8974_platform: platform_send_audio_calibration: sending audio calibration for snd_device(2) acdb_id(15)
08-05 14:02:18.100   512  2967 I soundtrigger: audio_extn_sound_trigger_update_device_status: device 0x2 of type 0 for Event 1
08-05 14:02:18.105 28123 28135 I art     : Explicit concurrent mark sweep GC freed 185(6KB) AllocSpace objects, 0(0B) LOS objects, 38% free, 25MB/41MB, paused 595us total 27.088ms
08-05 14:02:18.109   512  2967 D audio_hw_primary: enable_snd_device: snd_device(2: speaker)
08-05 14:02:18.111   512  2967 D audio_hw_primary: enable_audio_route: apply and update mixer path: low-latency-playback speaker
08-05 14:02:18.113 28123 28123 D MainActivity: OnPause
08-05 14:02:18.116 28123 28135 I art     : Starting a blocking GC Explicit
08-05 14:02:18.144 28123 28123 D CourseListActivity: onCreate
08-05 14:02:18.145 28123 28135 I art     : Explicit concurrent mark sweep GC freed 2042(105KB) AllocSpace objects, 0(0B) LOS objects, 38% free, 25MB/41MB, paused 756us total 29.042ms
08-05 14:02:18.146 28123 28866 D HTTP    : Request for: https://uob-timetable-api.adriankeenan.co.uk/courses
08-05 14:02:18.155 28123 28135 I art     : Starting a blocking GC Explicit
08-05 14:02:18.181 28123 28135 I art     : Explicit concurrent mark sweep GC freed 815(52KB) AllocSpace objects, 0(0B) LOS objects, 38% free, 25MB/41MB, paused 354us total 25.377ms
08-05 14:02:18.206 13866 13866 I GoogleInputMethodServic: GoogleInputMethodService.onFinishInput():3138 
08-05 14:02:18.207 13866 13866 I GoogleInputMethodServic: GoogleInputMethodService.onStartInput():1808 
08-05 14:02:18.209   918   936 I ActivityManager: Displayed baseline.com.ak.uobtimetable/.CourseListActivity: +95ms
08-05 14:02:18.381 28123 28866 I NAPPA_EXPERIMENTATION: MetricNetworkRequestExecutionTime: REQUEST_DURATION_SYSTEM='234',REQUEST_DURATION_OKHTTP='48',REQUEST_SYNCHRONOUS='TRUE',RESPONSE_CODE='200',RESPONSE_METHOD='GET',RESPONSE_LENGTH_OKHTTP='-1',RESPONSE_LENGTH_HEADER='-2',REQUEST_PROTOCOL='http/1.1',REQUEST_URL='https://uob-timetable-api.adriankeenan.co.uk/courses',
08-05 14:02:18.439 28123 28135 I art     : Starting a blocking GC Explicit
08-05 14:02:18.480 28123 28135 I art     : Explicit concurrent mark sweep GC freed 4176(234KB) AllocSpace objects, 4(220KB) LOS objects, 35% free, 29MB/45MB, paused 398us total 41.067ms
08-05 14:02:18.492 28123 28135 I art     : Starting a blocking GC Explicit
08-05 14:02:18.518 28123 28135 I art     : Explicit concurrent mark sweep GC freed 1017(119KB) AllocSpace objects, 0(0B) LOS objects, 33% free, 32MB/48MB, paused 466us total 25.306ms
08-05 14:02:18.528 28123 28135 I art     : Starting a blocking GC Explicit
08-05 14:02:18.554 28123 28135 I art     : Explicit concurrent mark sweep GC freed 14(368B) AllocSpace objects, 0(0B) LOS objects, 31% free, 34MB/50MB, paused 506us total 26.367ms
08-05 14:02:18.565 28123 28135 I art     : Starting a blocking GC Explicit
08-05 14:02:18.587 28123 28123 D MainActivity: Saving state
08-05 14:02:18.587 28123 28123 D MainActivity: Saving current fragment: SessionListsFragment
08-05 14:02:18.588 28123 28123 D MainActivity: Saving current index: 2
08-05 14:02:18.589 28123 28123 D SessionListsFragment: Saving state
08-05 14:02:18.593 28123 28135 I art     : Explicit concurrent mark sweep GC freed 144(5KB) AllocSpace objects, 0(0B) LOS objects, 26% free, 44MB/60MB, paused 888us total 27.505ms
08-05 14:02:18.605 28123 28135 I art     : Starting a blocking GC Explicit
08-05 14:02:18.635 28123 28135 I art     : Explicit concurrent mark sweep GC freed 2000(11MB) AllocSpace objects, 0(0B) LOS objects, 24% free, 48MB/64MB, paused 371us total 29.087ms
08-05 14:02:18.648   512  2967 D audio_hw_primary: disable_audio_route: reset and update mixer path: low-latency-playback speaker
08-05 14:02:18.649   512  2967 D audio_hw_primary: disable_snd_device: snd_device(2: speaker)
08-05 14:02:18.656   512  2967 I soundtrigger: audio_extn_sound_trigger_update_device_status: device 0x2 of type 0 for Event 0
08-05 14:02:18.793 28123 28866 I HTTP    : Response was compressed.
08-05 14:02:18.918 28123 28148 I art     : Starting a blocking GC Explicit
08-05 14:02:18.954 28123 28148 I art     : Explicit concurrent mark sweep GC freed 33274(1585KB) AllocSpace objects, 0(0B) LOS objects, 27% free, 41MB/57MB, paused 541us total 35.277ms
08-05 14:02:18.965 28123 28148 I art     : Starting a blocking GC Explicit
08-05 14:02:18.996 28123 28148 I art     : Explicit concurrent mark sweep GC freed 23797(1123KB) AllocSpace objects, 0(0B) LOS objects, 27% free, 41MB/57MB, paused 569us total 31.486ms
08-05 14:02:19.007 28123 28148 I art     : Starting a blocking GC Explicit
08-05 14:02:19.040 28123 28148 I art     : Explicit concurrent mark sweep GC freed 23748(1108KB) AllocSpace objects, 0(0B) LOS objects, 27% free, 41MB/57MB, paused 719us total 32.532ms
08-05 14:02:19.051 28123 28148 I art     : Starting a blocking GC Explicit
08-05 14:02:19.084 28123 28148 I art     : Explicit concurrent mark sweep GC freed 23887(1131KB) AllocSpace objects, 0(0B) LOS objects, 27% free, 41MB/57MB, paused 599us total 32.786ms
08-05 14:02:19.096 28123 28148 I art     : Starting a blocking GC Explicit
08-05 14:02:19.128 28123 28148 I art     : Explicit concurrent mark sweep GC freed 23570(1102KB) AllocSpace objects, 0(0B) LOS objects, 27% free, 42MB/58MB, paused 621us total 32.249ms
08-05 14:02:19.421 28123 28135 I art     : Starting a blocking GC Explicit
08-05 14:02:19.472 28123 28135 I art     : Explicit concurrent mark sweep GC freed 176103(8MB) AllocSpace objects, 1(20KB) LOS objects, 26% free, 43MB/59MB, paused 679us total 50.408ms
08-05 14:02:19.486 28123 28135 I art     : Starting a blocking GC Explicit
08-05 14:02:19.522 28123 28135 I art     : Explicit concurrent mark sweep GC freed 32858(1554KB) AllocSpace objects, 0(0B) LOS objects, 26% free, 43MB/59MB, paused 628us total 36.414ms
08-05 14:02:19.535 28123 28135 I art     : Starting a blocking GC Explicit
08-05 14:02:19.573 28123 28135 I art     : Explicit concurrent mark sweep GC freed 27017(1265KB) AllocSpace objects, 0(0B) LOS objects, 26% free, 43MB/59MB, paused 638us total 37.650ms
08-05 14:02:19.585 28123 28135 I art     : Starting a blocking GC Explicit
08-05 14:02:19.624 28123 28135 I art     : Explicit concurrent mark sweep GC freed 27585(1300KB) AllocSpace objects, 0(0B) LOS objects, 26% free, 44MB/60MB, paused 665us total 38.896ms
08-05 14:02:19.638 28123 28135 I art     : Starting a blocking GC Explicit
08-05 14:02:19.676 28123 28135 I art     : Explicit concurrent mark sweep GC freed 27780(1323KB) AllocSpace objects, 0(0B) LOS objects, 26% free, 44MB/60MB, paused 676us total 38.329ms
08-05 14:02:19.973 28123 28148 I art     : Starting a blocking GC Explicit
08-05 14:02:20.036 28123 28148 I art     : Explicit concurrent mark sweep GC freed 187210(8MB) AllocSpace objects, 1(20KB) LOS objects, 25% free, 45MB/61MB, paused 717us total 63.131ms
08-05 14:02:20.051 28123 28148 I art     : Starting a blocking GC Explicit
08-05 14:02:20.093 28123 28148 I art     : Explicit concurrent mark sweep GC freed 36079(1725KB) AllocSpace objects, 0(0B) LOS objects, 25% free, 45MB/61MB, paused 835us total 41.843ms
08-05 14:02:20.107 28123 28148 I art     : Starting a blocking GC Explicit
08-05 14:02:20.150 28123 28148 I art     : Explicit concurrent mark sweep GC freed 31778(1482KB) AllocSpace objects, 0(0B) LOS objects, 25% free, 46MB/62MB, paused 905us total 43.115ms
08-05 14:02:20.164 28123 28148 I art     : Starting a blocking GC Explicit
08-05 14:02:20.209 28123 28148 I art     : Explicit concurrent mark sweep GC freed 31668(1488KB) AllocSpace objects, 0(0B) LOS objects, 25% free, 46MB/62MB, paused 939us total 44.001ms
08-05 14:02:20.223 28123 28148 I art     : Starting a blocking GC Explicit
08-05 14:02:20.268 28123 28148 I art     : Explicit concurrent mark sweep GC freed 31484(1476KB) AllocSpace objects, 0(0B) LOS objects, 25% free, 46MB/62MB, paused 790us total 44.491ms
08-05 14:02:20.558 28123 28134 I art     : Starting a blocking GC Explicit
08-05 14:02:20.622 28123 28134 I art     : Explicit concurrent mark sweep GC freed 182108(8MB) AllocSpace objects, 1(20KB) LOS objects, 24% free, 48MB/64MB, paused 812us total 64.213ms
08-05 14:02:20.638 28123 28134 I art     : Starting a blocking GC Explicit
08-05 14:02:20.685 28123 28134 I art     : Explicit concurrent mark sweep GC freed 39756(1921KB) AllocSpace objects, 0(0B) LOS objects, 24% free, 48MB/64MB, paused 905us total 47.361ms
08-05 14:02:20.700 28123 28134 I art     : Starting a blocking GC Explicit
08-05 14:02:20.749 28123 28134 I art     : Explicit concurrent mark sweep GC freed 34521(1610KB) AllocSpace objects, 0(0B) LOS objects, 24% free, 48MB/64MB, paused 943us total 47.873ms
08-05 14:02:20.764 28123 28134 I art     : Starting a blocking GC Explicit
08-05 14:02:20.812 28123 28134 I art     : Explicit concurrent mark sweep GC freed 34073(1631KB) AllocSpace objects, 0(0B) LOS objects, 24% free, 48MB/64MB, paused 981us total 48.530ms
08-05 14:02:20.828 28123 28134 I art     : Starting a blocking GC Explicit
08-05 14:02:20.879 28123 28134 I art     : Explicit concurrent mark sweep GC freed 35574(1669KB) AllocSpace objects, 0(0B) LOS objects, 24% free, 49MB/65MB, paused 934us total 50.504ms
08-05 14:02:21.175 28123 28135 I art     : Starting a blocking GC Explicit
08-05 14:02:21.246 28123 28135 I art     : Explicit concurrent mark sweep GC freed 190150(8MB) AllocSpace objects, 1(20KB) LOS objects, 23% free, 50MB/66MB, paused 1.040ms total 71.056ms
08-05 14:02:21.265 28123 28135 I art     : Starting a blocking GC Explicit
08-05 14:02:21.318 28123 28135 I art     : Explicit concurrent mark sweep GC freed 44086(2MB) AllocSpace objects, 0(0B) LOS objects, 23% free, 50MB/66MB, paused 1.037ms total 53.351ms
08-05 14:02:21.335 28123 28135 I art     : Starting a blocking GC Explicit
08-05 14:02:21.390 28123 28135 I art     : Explicit concurrent mark sweep GC freed 38519(1812KB) AllocSpace objects, 0(0B) LOS objects, 23% free, 50MB/66MB, paused 1.060ms total 54.932ms
08-05 14:02:21.406 28123 28135 I art     : Starting a blocking GC Explicit
08-05 14:02:21.463 28123 28135 I art     : Explicit concurrent mark sweep GC freed 38521(1822KB) AllocSpace objects, 0(0B) LOS objects, 23% free, 51MB/67MB, paused 1.174ms total 56.604ms
08-05 14:02:21.480 28123 28135 I art     : Starting a blocking GC Explicit
08-05 14:02:21.536 28123 28135 I art     : Explicit concurrent mark sweep GC freed 38646(1814KB) AllocSpace objects, 0(0B) LOS objects, 23% free, 51MB/67MB, paused 1.096ms total 56.458ms
08-05 14:02:21.590 28123 28866 I Service : getCourses response time: 0.69
08-05 14:02:21.607 28123 28123 I SettingsManager: Getting string: savedCourse
08-05 14:02:21.831 28123 28134 I art     : Starting a blocking GC Explicit
08-05 14:02:21.905 28123 28134 I art     : Explicit concurrent mark sweep GC freed 34857(1692KB) AllocSpace objects, 2(15MB) LOS objects, 30% free, 36MB/52MB, paused 369us total 74.268ms
08-05 14:02:21.924 28123 28134 I art     : Starting a blocking GC Explicit
08-05 14:02:21.976 28123 28134 I art     : Explicit concurrent mark sweep GC freed 747(66KB) AllocSpace objects, 0(0B) LOS objects, 30% free, 36MB/52MB, paused 344us total 51.992ms
08-05 14:02:21.995 28123 28134 I art     : Starting a blocking GC Explicit
08-05 14:02:22.052 28123 28134 I art     : Explicit concurrent mark sweep GC freed 3(96B) AllocSpace objects, 0(0B) LOS objects, 30% free, 36MB/52MB, paused 369us total 57.125ms
08-05 14:02:22.071 28123 28134 I art     : Starting a blocking GC Explicit
08-05 14:02:22.130 28123 28134 I art     : Explicit concurrent mark sweep GC freed 3(96B) AllocSpace objects, 0(0B) LOS objects, 30% free, 36MB/52MB, paused 349us total 59.600ms
08-05 14:02:22.149 28123 28134 I art     : Starting a blocking GC Explicit
08-05 14:02:22.207 28123 28134 I art     : Explicit concurrent mark sweep GC freed 3(96B) AllocSpace objects, 0(0B) LOS objects, 30% free, 36MB/52MB, paused 507us total 57.916ms
08-05 14:02:22.540 28123 28148 I art     : Starting a blocking GC Explicit
08-05 14:02:22.618 28123 28148 I art     : Explicit concurrent mark sweep GC freed 1293(75KB) AllocSpace objects, 1(20KB) LOS objects, 30% free, 36MB/52MB, paused 395us total 77.614ms
08-05 14:02:22.640 28123 28148 I art     : Starting a blocking GC Explicit
08-05 14:02:22.693 28123 28148 I art     : Explicit concurrent mark sweep GC freed 18(624B) AllocSpace objects, 0(0B) LOS objects, 30% free, 36MB/52MB, paused 348us total 52.754ms
08-05 14:02:22.712 28123 28148 I art     : Starting a blocking GC Explicit
08-05 14:02:22.770 28123 28148 I art     : Explicit concurrent mark sweep GC freed 3(96B) AllocSpace objects, 0(0B) LOS objects, 30% free, 36MB/52MB, paused 349us total 58.593ms
08-05 14:02:22.789 28123 28148 I art     : Starting a blocking GC Explicit
08-05 14:02:22.848 28123 28148 I art     : Explicit concurrent mark sweep GC freed 3(96B) AllocSpace objects, 0(0B) LOS objects, 30% free, 36MB/52MB, paused 398us total 58.568ms
08-05 14:02:22.867 28123 28148 I art     : Starting a blocking GC Explicit
08-05 14:02:22.924 28123 28148 I art     : Explicit concurrent mark sweep GC freed 3(96B) AllocSpace objects, 0(0B) LOS objects, 30% free, 36MB/52MB, paused 349us total 56.861ms
08-05 14:02:23.271 28123 28134 I art     : Starting a blocking GC Explicit
08-05 14:02:23.331 28123 28134 I art     : Explicit concurrent mark sweep GC freed 1295(75KB) AllocSpace objects, 1(20KB) LOS objects, 30% free, 36MB/52MB, paused 328us total 59.504ms
08-05 14:02:23.350 28123 28134 I art     : Starting a blocking GC Explicit
08-05 14:02:23.407 28123 28134 I art     : Explicit concurrent mark sweep GC freed 18(624B) AllocSpace objects, 0(0B) LOS objects, 30% free, 36MB/52MB, paused 342us total 56.560ms
08-05 14:02:23.426 28123 28134 I art     : Starting a blocking GC Explicit
08-05 14:02:23.477 28123 28134 I art     : Explicit concurrent mark sweep GC freed 46(2272B) AllocSpace objects, 0(0B) LOS objects, 30% free, 36MB/52MB, paused 370us total 50.733ms
08-05 14:02:23.496 28123 28134 I art     : Starting a blocking GC Explicit
08-05 14:02:23.553 28123 28134 I art     : Explicit concurrent mark sweep GC freed 9(320B) AllocSpace objects, 0(0B) LOS objects, 30% free, 36MB/52MB, paused 377us total 57.224ms
08-05 14:02:23.572 28123 28134 I art     : Starting a blocking GC Explicit
08-05 14:02:23.631 28123 28134 I art     : Explicit concurrent mark sweep GC freed 3(96B) AllocSpace objects, 0(0B) LOS objects, 30% free, 36MB/52MB, paused 349us total 59.133ms
08-05 14:02:23.959 28123 28148 I art     : Starting a blocking GC Explicit
08-05 14:02:24.043 28123 28148 I art     : Explicit concurrent mark sweep GC freed 1293(75KB) AllocSpace objects, 1(20KB) LOS objects, 30% free, 36MB/52MB, paused 372us total 84.006ms
08-05 14:02:24.063 28123 28148 I art     : Starting a blocking GC Explicit
08-05 14:02:24.116 28123 28148 I art     : Explicit concurrent mark sweep GC freed 18(624B) AllocSpace objects, 0(0B) LOS objects, 30% free, 36MB/52MB, paused 360us total 52.643ms
08-05 14:02:24.134 28123 28148 I art     : Starting a blocking GC Explicit
08-05 14:02:24.193 28123 28148 I art     : Explicit concurrent mark sweep GC freed 3(96B) AllocSpace objects, 0(0B) LOS objects, 30% free, 36MB/52MB, paused 343us total 58.268ms
08-05 14:02:24.211 28123 28148 I art     : Starting a blocking GC Explicit
08-05 14:02:24.270 28123 28148 I art     : Explicit concurrent mark sweep GC freed 3(96B) AllocSpace objects, 0(0B) LOS objects, 30% free, 36MB/52MB, paused 335us total 58.629ms
08-05 14:02:24.289 28123 28148 I art     : Starting a blocking GC Explicit
08-05 14:02:24.346 28123 28148 I art     : Explicit concurrent mark sweep GC freed 3(96B) AllocSpace objects, 0(0B) LOS objects, 30% free, 36MB/52MB, paused 345us total 57.240ms
08-05 14:02:24.675 28123 28135 I art     : Starting a blocking GC Explicit
08-05 14:02:24.740 28123 28135 I art     : Explicit concurrent mark sweep GC freed 1293(75KB) AllocSpace objects, 1(20KB) LOS objects, 30% free, 36MB/52MB, paused 353us total 64.773ms
08-05 14:02:24.758 28123 28135 I art     : Starting a blocking GC Explicit
08-05 14:02:24.775 28969 28969 D AndroidRuntime: >>>>>> START com.android.internal.os.RuntimeInit uid 2000 <<<<<<
08-05 14:02:24.779 28969 28969 D AndroidRuntime: CheckJNI is OFF
08-05 14:02:24.811 28123 28135 I art     : Explicit concurrent mark sweep GC freed 18(624B) AllocSpace objects, 0(0B) LOS objects, 30% free, 36MB/52MB, paused 352us total 52.097ms
08-05 14:02:24.812 28969 28969 D ICU     : No timezone override file found: /data/misc/zoneinfo/current/icu/icu_tzdata.dat
08-05 14:02:24.829 28123 28135 I art     : Starting a blocking GC Explicit
08-05 14:02:24.847 28969 28969 I Radio-JNI: register_android_hardware_Radio DONE
08-05 14:02:24.869 28969 28969 D AndroidRuntime: Calling main entry com.android.commands.input.Input
08-05 14:02:24.871 28969 28969 I Input   : injectMotionEvent: MotionEvent { action=ACTION_DOWN, actionButton=0, id[0]=0, x[0]=558.0, y[0]=368.0, toolType[0]=TOOL_TYPE_UNKNOWN, buttonState=0, metaState=0, flags=0x0, edgeFlags=0x0, pointerCount=1, historySize=0, eventTime=799361283, downTime=799361283, deviceId=0, source=0x1002 }
08-05 14:02:24.877 28969 28969 I Input   : injectMotionEvent: MotionEvent { action=ACTION_UP, actionButton=0, id[0]=0, x[0]=558.0, y[0]=368.0, toolType[0]=TOOL_TYPE_UNKNOWN, buttonState=0, metaState=0, flags=0x0, edgeFlags=0x0, pointerCount=1, historySize=0, eventTime=799361283, downTime=799361283, deviceId=0, source=0x1002 }
08-05 14:02:24.878 28969 28969 D AndroidRuntime: Shutting down VM
08-05 14:02:24.883 28123 28135 I art     : Explicit concurrent mark sweep GC freed 22(688B) AllocSpace objects, 0(0B) LOS objects, 30% free, 36MB/52MB, paused 348us total 54.286ms
08-05 14:02:24.901 28123 28135 I art     : Starting a blocking GC Explicit
08-05 14:02:24.951 28123 28135 I art     : Explicit concurrent mark sweep GC freed 351(63KB) AllocSpace objects, 0(0B) LOS objects, 30% free, 36MB/52MB, paused 583us total 49.892ms
08-05 14:02:24.969 28123 28135 I art     : Starting a blocking GC Explicit
08-05 14:02:25.025 28123 28135 I art     : Explicit concurrent mark sweep GC freed 555(31KB) AllocSpace objects, 0(0B) LOS objects, 30% free, 36MB/52MB, paused 336us total 55.773ms
08-05 14:02:25.307 28123 28134 I art     : Starting a blocking GC Explicit
08-05 14:02:25.369 28123 28134 I art     : Explicit concurrent mark sweep GC freed 1682(92KB) AllocSpace objects, 1(20KB) LOS objects, 30% free, 36MB/52MB, paused 312us total 61.567ms
08-05 14:02:25.388 28123 28134 I art     : Starting a blocking GC Explicit
08-05 14:02:25.440 28123 28134 I art     : Explicit concurrent mark sweep GC freed 42(1488B) AllocSpace objects, 0(0B) LOS objects, 30% free, 36MB/52MB, paused 354us total 51.544ms
08-05 14:02:25.458 28123 28134 I art     : Starting a blocking GC Explicit
08-05 14:02:25.510 28123 28134 I art     : Explicit concurrent mark sweep GC freed 7(224B) AllocSpace objects, 0(0B) LOS objects, 30% free, 36MB/52MB, paused 345us total 51.723ms
08-05 14:02:25.527 28123 28134 I art     : Starting a blocking GC Explicit
08-05 14:02:25.579 28123 28134 I art     : Explicit concurrent mark sweep GC freed 12(448B) AllocSpace objects, 0(0B) LOS objects, 30% free, 36MB/52MB, paused 314us total 51.426ms
08-05 14:02:25.597 28123 28134 I art     : Starting a blocking GC Explicit
08-05 14:02:25.653 28123 28134 I art     : Explicit concurrent mark sweep GC freed 3(96B) AllocSpace objects, 0(0B) LOS objects, 30% free, 36MB/52MB, paused 353us total 56.620ms
08-05 14:02:25.654 28123 28133 I art     : WaitForGcToComplete blocked for 31.123ms for cause HeapTrim
08-05 14:02:25.976 28123 28148 I art     : Starting a blocking GC Explicit
08-05 14:02:26.046 28123 28148 I art     : Explicit concurrent mark sweep GC freed 1293(75KB) AllocSpace objects, 1(20KB) LOS objects, 30% free, 36MB/52MB, paused 366us total 69.759ms
08-05 14:02:26.065 28123 28148 I art     : Starting a blocking GC Explicit
08-05 14:02:26.123 28123 28148 I art     : Explicit concurrent mark sweep GC freed 18(624B) AllocSpace objects, 0(0B) LOS objects, 30% free, 36MB/52MB, paused 330us total 57.848ms
08-05 14:02:26.141 28123 28148 I art     : Starting a blocking GC Explicit
08-05 14:02:26.194 28123 28148 I art     : Explicit concurrent mark sweep GC freed 3(96B) AllocSpace objects, 0(0B) LOS objects, 30% free, 36MB/52MB, paused 346us total 52.425ms
08-05 14:02:26.211 28123 28148 I art     : Starting a blocking GC Explicit
08-05 14:02:26.263 28123 28148 I art     : Explicit concurrent mark sweep GC freed 3(96B) AllocSpace objects, 0(0B) LOS objects, 30% free, 36MB/52MB, paused 334us total 51.409ms
08-05 14:02:26.281 28123 28148 I art     : Starting a blocking GC Explicit
08-05 14:02:26.337 28123 28148 I art     : Explicit concurrent mark sweep GC freed 3(96B) AllocSpace objects, 0(0B) LOS objects, 30% free, 36MB/52MB, paused 381us total 56.130ms
08-05 14:02:26.519 29014 29014 D AndroidRuntime: >>>>>> START com.android.internal.os.RuntimeInit uid 2000 <<<<<<
08-05 14:02:26.526 29014 29014 D AndroidRuntime: CheckJNI is OFF
08-05 14:02:26.558 29014 29014 D ICU     : No timezone override file found: /data/misc/zoneinfo/current/icu/icu_tzdata.dat
08-05 14:02:26.591 29014 29014 I Radio-JNI: register_android_hardware_Radio DONE
08-05 14:02:26.613 29014 29014 D AndroidRuntime: Calling main entry com.android.commands.input.Input
08-05 14:02:26.615 29014 29014 I Input   : injectMotionEvent: MotionEvent { action=ACTION_DOWN, actionButton=0, id[0]=0, x[0]=945.0, y[0]=1376.0, toolType[0]=TOOL_TYPE_UNKNOWN, buttonState=0, metaState=0, flags=0x0, edgeFlags=0x0, pointerCount=1, historySize=0, eventTime=799363028, downTime=799363028, deviceId=0, source=0x1002 }
08-05 14:02:26.621 29014 29014 I Input   : injectMotionEvent: MotionEvent { action=ACTION_UP, actionButton=0, id[0]=0, x[0]=945.0, y[0]=1376.0, toolType[0]=TOOL_TYPE_UNKNOWN, buttonState=0, metaState=0, flags=0x0, edgeFlags=0x0, pointerCount=1, historySize=0, eventTime=799363028, downTime=799363028, deviceId=0, source=0x1002 }
08-05 14:02:26.623 29014 29014 D AndroidRuntime: Shutting down VM
08-05 14:02:26.633 28123 28148 I art     : Starting a blocking GC Explicit
08-05 14:02:26.697 28123 28148 I art     : Explicit concurrent mark sweep GC freed 1330(76KB) AllocSpace objects, 1(20KB) LOS objects, 30% free, 36MB/52MB, paused 468us total 64.157ms
08-05 14:02:26.700   512  2967 D audio_hw_primary: out_set_parameters: enter: usecase(1: low-latency-playback) kvpairs: routing=2
08-05 14:02:26.714   512  2967 D audio_hw_primary: select_devices: out_snd_device(2: speaker) in_snd_device(0: none)
08-05 14:02:26.714   512  2967 D msm8974_platform: platform_send_audio_calibration: sending audio calibration for snd_device(2) acdb_id(15)
08-05 14:02:26.715   512  2967 I soundtrigger: audio_extn_sound_trigger_update_device_status: device 0x2 of type 0 for Event 1
08-05 14:02:26.717 13866 13866 I GoogleInputMethodServic: GoogleInputMethodService.onFinishInput():3138 
08-05 14:02:26.718 28123 28148 I art     : Starting a blocking GC Explicit
08-05 14:02:26.719 13866 13866 I GoogleInputMethodServic: GoogleInputMethodService.onStartInput():1808 
08-05 14:02:26.725   512  2967 D audio_hw_primary: enable_snd_device: snd_device(2: speaker)
08-05 14:02:26.727   512  2967 D audio_hw_primary: enable_audio_route: apply and update mixer path: low-latency-playback speaker
08-05 14:02:26.732 13866 13866 I GoogleInputMethodServic: GoogleInputMethodService.onFinishInput():3138 
08-05 14:02:26.733 13866 13866 I GoogleInputMethodServic: GoogleInputMethodService.onStartInput():1808 
08-05 14:02:26.780 28123 28148 I art     : Explicit concurrent mark sweep GC freed 835(49KB) AllocSpace objects, 0(0B) LOS objects, 30% free, 36MB/52MB, paused 754us total 61.717ms
08-05 14:02:26.798 28123 28148 I art     : Starting a blocking GC Explicit
08-05 14:02:26.851 28123 28148 I art     : Explicit concurrent mark sweep GC freed 221(9KB) AllocSpace objects, 0(0B) LOS objects, 30% free, 36MB/52MB, paused 312us total 52.729ms
08-05 14:02:26.869 28123 28148 I art     : Starting a blocking GC Explicit
08-05 14:02:26.922 28123 28148 I art     : Explicit concurrent mark sweep GC freed 636(59KB) AllocSpace objects, 0(0B) LOS objects, 30% free, 36MB/52MB, paused 344us total 53.053ms
08-05 14:02:26.940 28123 28148 I art     : Starting a blocking GC Explicit
08-05 14:02:26.992 28123 28148 I art     : Explicit concurrent mark sweep GC freed 3(96B) AllocSpace objects, 0(0B) LOS objects, 30% free, 36MB/52MB, paused 359us total 51.895ms
08-05 14:02:27.034 28123 28142 D OpenGLRenderer: endAllStagingAnimators on 0x7f94a96400 (ListPopupWindow$DropDownListView) with handle 0x7f77d53460
08-05 14:02:27.123   918  3261 D WifiStateMachine: starting scan for "H369AA63323"WPA_PSK with 2412,5180
08-05 14:02:27.268   512  2967 D audio_hw_primary: disable_audio_route: reset and update mixer path: low-latency-playback speaker
08-05 14:02:27.270   512  2967 D audio_hw_primary: disable_snd_device: snd_device(2: speaker)
08-05 14:02:27.277   512  2967 I soundtrigger: audio_extn_sound_trigger_update_device_status: device 0x2 of type 0 for Event 0
08-05 14:02:27.302 28123 28134 I art     : Starting a blocking GC Explicit
08-05 14:02:27.378 28123 28134 I art     : Explicit concurrent mark sweep GC freed 1410(80KB) AllocSpace objects, 1(20KB) LOS objects, 30% free, 36MB/52MB, paused 386us total 75.253ms
08-05 14:02:27.398 28123 28134 I art     : Starting a blocking GC Explicit
08-05 14:02:27.455 28123 28134 I art     : Explicit concurrent mark sweep GC freed 574(38KB) AllocSpace objects, 0(0B) LOS objects, 30% free, 36MB/52MB, paused 346us total 57.380ms
08-05 14:02:27.474 28123 28134 I art     : Starting a blocking GC Explicit
08-05 14:02:27.532 28123 28134 I art     : Explicit concurrent mark sweep GC freed 3(96B) AllocSpace objects, 0(0B) LOS objects, 30% free, 36MB/52MB, paused 346us total 57.834ms
08-05 14:02:27.550 28123 28134 I art     : Starting a blocking GC Explicit
08-05 14:02:27.610 28123 28134 I art     : Explicit concurrent mark sweep GC freed 3(96B) AllocSpace objects, 0(0B) LOS objects, 30% free, 36MB/52MB, paused 334us total 59.033ms
08-05 14:02:27.628 28123 28134 I art     : Starting a blocking GC Explicit
08-05 14:02:27.687 28123 28134 I art     : Explicit concurrent mark sweep GC freed 3(96B) AllocSpace objects, 0(0B) LOS objects, 30% free, 36MB/52MB, paused 349us total 58.739ms
08-05 14:02:27.976 28123 29037 I art     : Starting a blocking GC Explicit
08-05 14:02:28.037 28123 29037 I art     : Explicit concurrent mark sweep GC freed 1293(75KB) AllocSpace objects, 1(20KB) LOS objects, 30% free, 36MB/52MB, paused 364us total 61.376ms
08-05 14:02:28.056 28123 29037 I art     : Starting a blocking GC Explicit
08-05 14:02:28.113 28123 29037 I art     : Explicit concurrent mark sweep GC freed 18(624B) AllocSpace objects, 0(0B) LOS objects, 30% free, 36MB/52MB, paused 342us total 56.929ms
08-05 14:02:28.131 28123 29037 I art     : Starting a blocking GC Explicit
08-05 14:02:28.184 28123 29037 I art     : Explicit concurrent mark sweep GC freed 3(96B) AllocSpace objects, 0(0B) LOS objects, 30% free, 36MB/52MB, paused 348us total 52.611ms
08-05 14:02:28.202 28123 29037 I art     : Starting a blocking GC Explicit
08-05 14:02:28.254 28123 29037 I art     : Explicit concurrent mark sweep GC freed 3(96B) AllocSpace objects, 0(0B) LOS objects, 30% free, 36MB/52MB, paused 341us total 51.558ms
08-05 14:02:28.272 28123 29037 I art     : Starting a blocking GC Explicit
08-05 14:02:28.287 29050 29050 D AndroidRuntime: >>>>>> START com.android.internal.os.RuntimeInit uid 2000 <<<<<<
08-05 14:02:28.292 29050 29050 D AndroidRuntime: CheckJNI is OFF
08-05 14:02:28.327 29050 29050 D ICU     : No timezone override file found: /data/misc/zoneinfo/current/icu/icu_tzdata.dat
08-05 14:02:28.328 28123 29037 I art     : Explicit concurrent mark sweep GC freed 3(96B) AllocSpace objects, 0(0B) LOS objects, 30% free, 36MB/52MB, paused 373us total 56.372ms
08-05 14:02:28.362 29050 29050 I Radio-JNI: register_android_hardware_Radio DONE
08-05 14:02:28.383 29050 29050 D AndroidRuntime: Calling main entry com.android.commands.input.Input
08-05 14:02:28.384 29050 29050 I Input   : injectMotionEvent: MotionEvent { action=ACTION_DOWN, actionButton=0, id[0]=0, x[0]=481.0, y[0]=544.0, toolType[0]=TOOL_TYPE_UNKNOWN, buttonState=0, metaState=0, flags=0x0, edgeFlags=0x0, pointerCount=1, historySize=0, eventTime=799364797, downTime=799364797, deviceId=0, source=0x1002 }
08-05 14:02:28.392 29050 29050 I Input   : injectMotionEvent: MotionEvent { action=ACTION_UP, actionButton=0, id[0]=0, x[0]=481.0, y[0]=544.0, toolType[0]=TOOL_TYPE_UNKNOWN, buttonState=0, metaState=0, flags=0x0, edgeFlags=0x0, pointerCount=1, historySize=0, eventTime=799364797, downTime=799364797, deviceId=0, source=0x1002 }
08-05 14:02:28.394 29050 29050 D AndroidRuntime: Shutting down VM
08-05 14:02:28.590   918   927 I art     : Background partial concurrent mark sweep GC freed 100397(11MB) AllocSpace objects, 165(3MB) LOS objects, 18% free, 68MB/84MB, paused 1.363ms total 179.224ms
08-05 14:02:28.592 28123 28148 I art     : Starting a blocking GC Explicit
08-05 14:02:28.641 28123 28148 I art     : Explicit concurrent mark sweep GC freed 2069(108KB) AllocSpace objects, 1(20KB) LOS objects, 30% free, 36MB/52MB, paused 320us total 48.510ms
08-05 14:02:28.657 28123 28148 I art     : Starting a blocking GC Explicit
08-05 14:02:28.706 28123 28148 I art     : Explicit concurrent mark sweep GC freed 87(4KB) AllocSpace objects, 0(0B) LOS objects, 30% free, 36MB/52MB, paused 310us total 48.022ms
08-05 14:02:28.722 28123 28148 I art     : Starting a blocking GC Explicit
08-05 14:02:28.773 28123 28148 I art     : Explicit concurrent mark sweep GC freed 325(14KB) AllocSpace objects, 0(0B) LOS objects, 30% free, 36MB/52MB, paused 325us total 50.969ms
08-05 14:02:28.791 28123 28148 I art     : Starting a blocking GC Explicit
08-05 14:02:28.841 28123 28148 I art     : Explicit concurrent mark sweep GC freed 24(1104B) AllocSpace objects, 0(0B) LOS objects, 30% free, 36MB/52MB, paused 316us total 50.318ms
08-05 14:02:28.858 28123 28148 I art     : Starting a blocking GC Explicit
08-05 14:02:28.910 28123 28148 I art     : Explicit concurrent mark sweep GC freed 17(544B) AllocSpace objects, 0(0B) LOS objects, 30% free, 36MB/52MB, paused 332us total 51ms
08-05 14:02:29.227 28123 29037 I art     : Starting a blocking GC Explicit
08-05 14:02:29.298 28123 29037 I art     : Explicit concurrent mark sweep GC freed 1309(76KB) AllocSpace objects, 1(20KB) LOS objects, 30% free, 36MB/52MB, paused 445us total 69.974ms
08-05 14:02:29.318 28123 29037 I art     : Starting a blocking GC Explicit
08-05 14:02:29.378 28123 29037 I art     : Explicit concurrent mark sweep GC freed 18(624B) AllocSpace objects, 0(0B) LOS objects, 30% free, 36MB/52MB, paused 357us total 59.870ms
08-05 14:02:29.396 28123 29037 I art     : Starting a blocking GC Explicit
08-05 14:02:29.457 28123 29037 I art     : Explicit concurrent mark sweep GC freed 3(96B) AllocSpace objects, 0(0B) LOS objects, 30% free, 36MB/52MB, paused 493us total 60.845ms
08-05 14:02:29.476 28123 29037 I art     : Starting a blocking GC Explicit
08-05 14:02:29.536 28123 29037 I art     : Explicit concurrent mark sweep GC freed 3(96B) AllocSpace objects, 0(0B) LOS objects, 30% free, 36MB/52MB, paused 391us total 59.580ms
08-05 14:02:29.555 28123 29037 I art     : Starting a blocking GC Explicit
08-05 14:02:29.609 28123 29037 I art     : Explicit concurrent mark sweep GC freed 3(96B) AllocSpace objects, 0(0B) LOS objects, 30% free, 36MB/52MB, paused 350us total 54.080ms
08-05 14:02:29.910 28123 28148 I art     : Starting a blocking GC Explicit
08-05 14:02:29.972 28123 28148 I art     : Explicit concurrent mark sweep GC freed 1293(75KB) AllocSpace objects, 1(20KB) LOS objects, 30% free, 36MB/52MB, paused 430us total 61.015ms
08-05 14:02:29.990 28123 28148 I art     : Starting a blocking GC Explicit
08-05 14:02:30.042 28123 28148 I art     : Explicit concurrent mark sweep GC freed 18(624B) AllocSpace objects, 0(0B) LOS objects, 30% free, 36MB/52MB, paused 452us total 51.165ms
08-05 14:02:30.042 29092 29092 D AndroidRuntime: >>>>>> START com.android.internal.os.RuntimeInit uid 2000 <<<<<<
08-05 14:02:30.047 29092 29092 D AndroidRuntime: CheckJNI is OFF
08-05 14:02:30.060 28123 28148 I art     : Starting a blocking GC Explicit
08-05 14:02:30.079 29092 29092 D ICU     : No timezone override file found: /data/misc/zoneinfo/current/icu/icu_tzdata.dat
08-05 14:02:30.112 28123 28148 I art     : Explicit concurrent mark sweep GC freed 8(256B) AllocSpace objects, 0(0B) LOS objects, 30% free, 36MB/52MB, paused 393us total 51.612ms
08-05 14:02:30.114 29092 29092 I Radio-JNI: register_android_hardware_Radio DONE
08-05 14:02:30.129 28123 28148 I art     : Starting a blocking GC Explicit
08-05 14:02:30.137 29092 29092 D AndroidRuntime: Calling main entry com.android.commands.input.Input
08-05 14:02:30.138 29092 29092 I Input   : injectMotionEvent: MotionEvent { action=ACTION_DOWN, actionButton=0, id[0]=0, x[0]=310.0, y[0]=906.0, toolType[0]=TOOL_TYPE_UNKNOWN, buttonState=0, metaState=0, flags=0x0, edgeFlags=0x0, pointerCount=1, historySize=0, eventTime=799366551, downTime=799366551, deviceId=0, source=0x1002 }
08-05 14:02:30.144 29092 29092 I Input   : injectMotionEvent: MotionEvent { action=ACTION_UP, actionButton=0, id[0]=0, x[0]=310.0, y[0]=906.0, toolType[0]=TOOL_TYPE_UNKNOWN, buttonState=0, metaState=0, flags=0x0, edgeFlags=0x0, pointerCount=1, historySize=0, eventTime=799366551, downTime=799366551, deviceId=0, source=0x1002 }
08-05 14:02:30.146 29092 29092 D AndroidRuntime: Shutting down VM
08-05 14:02:30.182 28123 28148 I art     : Explicit concurrent mark sweep GC freed 28(1008B) AllocSpace objects, 0(0B) LOS objects, 30% free, 36MB/52MB, paused 324us total 53.266ms
08-05 14:02:30.199 28123 28148 I art     : Starting a blocking GC Explicit
08-05 14:02:30.218   512  2967 D audio_hw_primary: out_set_parameters: enter: usecase(1: low-latency-playback) kvpairs: routing=2
08-05 14:02:30.231   512  2967 D audio_hw_primary: select_devices: out_snd_device(2: speaker) in_snd_device(0: none)
08-05 14:02:30.231   512  2967 D msm8974_platform: platform_send_audio_calibration: sending audio calibration for snd_device(2) acdb_id(15)
08-05 14:02:30.231   512  2967 I soundtrigger: audio_extn_sound_trigger_update_device_status: device 0x2 of type 0 for Event 1
08-05 14:02:30.236 13866 13866 I GoogleInputMethodServic: GoogleInputMethodService.onFinishInput():3138 
08-05 14:02:30.236 13866 13866 I GoogleInputMethodServic: GoogleInputMethodService.onStartInput():1808 
08-05 14:02:30.241   512  2967 D audio_hw_primary: enable_snd_device: snd_device(2: speaker)
08-05 14:02:30.243   512  2967 D audio_hw_primary: enable_audio_route: apply and update mixer path: low-latency-playback speaker
08-05 14:02:30.247 13866 13866 I GoogleInputMethodServic: GoogleInputMethodService.onFinishInput():3138 
08-05 14:02:30.247 13866 13866 I GoogleInputMethodServic: GoogleInputMethodService.onStartInput():1808 
08-05 14:02:30.255 28123 28148 I art     : Explicit concurrent mark sweep GC freed 376(19KB) AllocSpace objects, 0(0B) LOS objects, 30% free, 36MB/52MB, paused 522us total 55.608ms
08-05 14:02:30.532 28123 28148 I art     : Starting a blocking GC Explicit
08-05 14:02:30.569 28123 28142 D OpenGLRenderer: endAllStagingAnimators on 0x7f78e30c00 (ListPopupWindow$DropDownListView) with handle 0x7f77d53160
08-05 14:02:30.595 28123 28148 I art     : Explicit concurrent mark sweep GC freed 1998(105KB) AllocSpace objects, 1(20KB) LOS objects, 30% free, 36MB/52MB, paused 377us total 62.776ms
08-05 14:02:30.613 28123 28148 I art     : Starting a blocking GC Explicit
08-05 14:02:30.664 28123 28148 I art     : Explicit concurrent mark sweep GC freed 865(70KB) AllocSpace objects, 0(0B) LOS objects, 30% free, 36MB/52MB, paused 351us total 51.150ms
08-05 14:02:30.681 28123 28148 I art     : Starting a blocking GC Explicit
08-05 14:02:30.733 28123 28148 I art     : Explicit concurrent mark sweep GC freed 360(26KB) AllocSpace objects, 0(0B) LOS objects, 30% free, 36MB/52MB, paused 340us total 51.903ms
08-05 14:02:30.752 28123 28148 I art     : Starting a blocking GC Explicit
08-05 14:02:30.778   512  2967 D audio_hw_primary: disable_audio_route: reset and update mixer path: low-latency-playback speaker
08-05 14:02:30.779   512  2967 D audio_hw_primary: disable_snd_device: snd_device(2: speaker)
08-05 14:02:30.787   512  2967 I soundtrigger: audio_extn_sound_trigger_update_device_status: device 0x2 of type 0 for Event 0
08-05 14:02:30.808 28123 28148 I art     : Explicit concurrent mark sweep GC freed 3(96B) AllocSpace objects, 0(0B) LOS objects, 30% free, 36MB/52MB, paused 334us total 56.618ms
08-05 14:02:30.827 28123 28148 I art     : Starting a blocking GC Explicit
08-05 14:02:30.885 28123 28148 I art     : Explicit concurrent mark sweep GC freed 3(96B) AllocSpace objects, 0(0B) LOS objects, 30% free, 36MB/52MB, paused 367us total 57.981ms
08-05 14:02:31.200 28123 28135 I art     : Starting a blocking GC Explicit
08-05 14:02:31.273 28123 28135 I art     : Explicit concurrent mark sweep GC freed 1293(75KB) AllocSpace objects, 1(20KB) LOS objects, 30% free, 36MB/52MB, paused 362us total 72.168ms
08-05 14:02:31.292 28123 28135 I art     : Starting a blocking GC Explicit
08-05 14:02:31.351 28123 28135 I art     : Explicit concurrent mark sweep GC freed 18(624B) AllocSpace objects, 0(0B) LOS objects, 30% free, 36MB/52MB, paused 368us total 58.412ms
08-05 14:02:31.370 28123 28135 I art     : Starting a blocking GC Explicit
08-05 14:02:31.425 28123 28135 I art     : Explicit concurrent mark sweep GC freed 3(96B) AllocSpace objects, 0(0B) LOS objects, 30% free, 36MB/52MB, paused 374us total 54.855ms
08-05 14:02:31.443 28123 28135 I art     : Starting a blocking GC Explicit
08-05 14:02:31.495 28123 28135 I art     : Explicit concurrent mark sweep GC freed 3(96B) AllocSpace objects, 0(0B) LOS objects, 30% free, 36MB/52MB, paused 339us total 51.939ms
08-05 14:02:31.513 28123 28135 I art     : Starting a blocking GC Explicit
08-05 14:02:31.568 28123 28135 I art     : Explicit concurrent mark sweep GC freed 3(96B) AllocSpace objects, 0(0B) LOS objects, 30% free, 36MB/52MB, paused 379us total 55.611ms
08-05 14:02:31.786 29136 29136 D AndroidRuntime: >>>>>> START com.android.internal.os.RuntimeInit uid 2000 <<<<<<
08-05 14:02:31.791 29136 29136 D AndroidRuntime: CheckJNI is OFF
08-05 14:02:31.824 29136 29136 D ICU     : No timezone override file found: /data/misc/zoneinfo/current/icu/icu_tzdata.dat
08-05 14:02:31.858 29136 29136 I Radio-JNI: register_android_hardware_Radio DONE
08-05 14:02:31.867 28123 29037 I art     : Starting a blocking GC Explicit
08-05 14:02:31.880 29136 29136 D AndroidRuntime: Calling main entry com.android.commands.input.Input
08-05 14:02:31.882 29136 29136 I Input   : injectMotionEvent: MotionEvent { action=ACTION_DOWN, actionButton=0, id[0]=0, x[0]=648.0, y[0]=709.0, toolType[0]=TOOL_TYPE_UNKNOWN, buttonState=0, metaState=0, flags=0x0, edgeFlags=0x0, pointerCount=1, historySize=0, eventTime=799368295, downTime=799368295, deviceId=0, source=0x1002 }
08-05 14:02:31.887 29136 29136 I Input   : injectMotionEvent: MotionEvent { action=ACTION_UP, actionButton=0, id[0]=0, x[0]=648.0, y[0]=709.0, toolType[0]=TOOL_TYPE_UNKNOWN, buttonState=0, metaState=0, flags=0x0, edgeFlags=0x0, pointerCount=1, historySize=0, eventTime=799368295, downTime=799368295, deviceId=0, source=0x1002 }
08-05 14:02:31.889 29136 29136 D AndroidRuntime: Shutting down VM
08-05 14:02:31.930 28123 29037 I art     : Explicit concurrent mark sweep GC freed 1309(76KB) AllocSpace objects, 1(20KB) LOS objects, 30% free, 36MB/52MB, paused 408us total 63.392ms
08-05 14:02:31.952 28123 29037 I art     : Starting a blocking GC Explicit
08-05 14:02:31.956   512  2967 D audio_hw_primary: out_set_parameters: enter: usecase(1: low-latency-playback) kvpairs: routing=2
08-05 14:02:31.969   512  2967 D audio_hw_primary: select_devices: out_snd_device(2: speaker) in_snd_device(0: none)
08-05 14:02:31.969   512  2967 D msm8974_platform: platform_send_audio_calibration: sending audio calibration for snd_device(2) acdb_id(15)
08-05 14:02:31.969   512  2967 I soundtrigger: audio_extn_sound_trigger_update_device_status: device 0x2 of type 0 for Event 1
08-05 14:02:31.978   512  2967 D audio_hw_primary: enable_snd_device: snd_device(2: speaker)
08-05 14:02:31.980   512  2967 D audio_hw_primary: enable_audio_route: apply and update mixer path: low-latency-playback speaker
08-05 14:02:32.003 28123 29037 I art     : Explicit concurrent mark sweep GC freed 659(53KB) AllocSpace objects, 1(20KB) LOS objects, 30% free, 36MB/52MB, paused 513us total 51.132ms
08-05 14:02:32.022 28123 29037 I art     : Starting a blocking GC Explicit
08-05 14:02:32.076 28123 29037 I art     : Explicit concurrent mark sweep GC freed 211(8KB) AllocSpace objects, 0(0B) LOS objects, 30% free, 36MB/52MB, paused 328us total 53.116ms
08-05 14:02:32.094 28123 29037 I art     : Starting a blocking GC Explicit
08-05 14:02:32.152 28123 29037 I art     : Explicit concurrent mark sweep GC freed 34(1440B) AllocSpace objects, 0(0B) LOS objects, 30% free, 36MB/52MB, paused 326us total 57.902ms
08-05 14:02:32.171 28123 29037 I art     : Starting a blocking GC Explicit
08-05 14:02:32.229 28123 29037 I art     : Explicit concurrent mark sweep GC freed 5(160B) AllocSpace objects, 0(0B) LOS objects, 30% free, 36MB/52MB, paused 341us total 57.538ms
08-05 14:02:32.519   512  2967 D audio_hw_primary: disable_audio_route: reset and update mixer path: low-latency-playback speaker
08-05 14:02:32.522   512  2967 D audio_hw_primary: disable_snd_device: snd_device(2: speaker)
08-05 14:02:32.530   512  2967 I soundtrigger: audio_extn_sound_trigger_update_device_status: device 0x2 of type 0 for Event 0
08-05 14:02:32.532 28123 28135 I art     : Starting a blocking GC Explicit
08-05 14:02:32.607 28123 28135 I art     : Explicit concurrent mark sweep GC freed 1295(75KB) AllocSpace objects, 1(20KB) LOS objects, 30% free, 36MB/52MB, paused 390us total 75.463ms
08-05 14:02:32.627 28061 28061 I ServiceManager: Waiting for service AtCmdFwd...
08-05 14:02:32.631 28123 28135 I art     : Starting a blocking GC Explicit
08-05 14:02:32.690 28123 28135 I art     : Explicit concurrent mark sweep GC freed 26(880B) AllocSpace objects, 0(0B) LOS objects, 30% free, 36MB/52MB, paused 355us total 59.351ms
08-05 14:02:32.712 28123 28135 I art     : Starting a blocking GC Explicit
08-05 14:02:32.779 28123 28135 I art     : Explicit concurrent mark sweep GC freed 3(96B) AllocSpace objects, 0(0B) LOS objects, 30% free, 36MB/52MB, paused 461us total 66.834ms
08-05 14:02:32.803 28123 28135 I art     : Starting a blocking GC Explicit
08-05 14:02:32.860 28123 28135 I art     : Explicit concurrent mark sweep GC freed 5(160B) AllocSpace objects, 0(0B) LOS objects, 30% free, 36MB/52MB, paused 357us total 56.814ms
08-05 14:02:32.879 28123 28135 I art     : Starting a blocking GC Explicit
08-05 14:02:32.939 28123 28135 I art     : Explicit concurrent mark sweep GC freed 3(96B) AllocSpace objects, 0(0B) LOS objects, 30% free, 36MB/52MB, paused 370us total 59.382ms
08-05 14:02:33.236 28123 29037 I art     : Starting a blocking GC Explicit
08-05 14:02:33.297 28123 29037 I art     : Explicit concurrent mark sweep GC freed 1293(75KB) AllocSpace objects, 1(20KB) LOS objects, 30% free, 36MB/52MB, paused 343us total 60.502ms
08-05 14:02:33.316 28123 29037 I art     : Starting a blocking GC Explicit
08-05 14:02:33.368 28123 29037 I art     : Explicit concurrent mark sweep GC freed 18(624B) AllocSpace objects, 0(0B) LOS objects, 30% free, 36MB/52MB, paused 345us total 52.071ms
08-05 14:02:33.386 28123 29037 I art     : Starting a blocking GC Explicit
08-05 14:02:33.442 28123 29037 I art     : Explicit concurrent mark sweep GC freed 3(96B) AllocSpace objects, 0(0B) LOS objects, 30% free, 36MB/52MB, paused 352us total 55.916ms
08-05 14:02:33.461 28123 29037 I art     : Starting a blocking GC Explicit
08-05 14:02:33.518 28123 29037 I art     : Explicit concurrent mark sweep GC freed 3(96B) AllocSpace objects, 0(0B) LOS objects, 30% free, 36MB/52MB, paused 363us total 56.804ms
08-05 14:02:33.536 28123 29037 I art     : Starting a blocking GC Explicit
08-05 14:02:33.558 29173 29173 D AndroidRuntime: >>>>>> START com.android.internal.os.RuntimeInit uid 2000 <<<<<<
08-05 14:02:33.562 29173 29173 D AndroidRuntime: CheckJNI is OFF
08-05 14:02:33.592 28123 29037 I art     : Explicit concurrent mark sweep GC freed 4(128B) AllocSpace objects, 0(0B) LOS objects, 30% free, 36MB/52MB, paused 361us total 56.048ms
08-05 14:02:33.597 29173 29173 D ICU     : No timezone override file found: /data/misc/zoneinfo/current/icu/icu_tzdata.dat
08-05 14:02:33.627 28061 28061 I ServiceManager: Waiting for service AtCmdFwd...
08-05 14:02:33.631 29173 29173 I Radio-JNI: register_android_hardware_Radio DONE
08-05 14:02:33.651 29173 29173 D AndroidRuntime: Calling main entry com.android.commands.input.Input
08-05 14:02:33.652 29173 29173 I Input   : injectMotionEvent: MotionEvent { action=ACTION_DOWN, actionButton=0, id[0]=0, x[0]=1197.0, y[0]=1456.0, toolType[0]=TOOL_TYPE_UNKNOWN, buttonState=0, metaState=0, flags=0x0, edgeFlags=0x0, pointerCount=1, historySize=0, eventTime=799370065, downTime=799370065, deviceId=0, source=0x1002 }
08-05 14:02:33.658 29173 29173 I Input   : injectMotionEvent: MotionEvent { action=ACTION_UP, actionButton=0, id[0]=0, x[0]=1197.0, y[0]=1456.0, toolType[0]=TOOL_TYPE_UNKNOWN, buttonState=0, metaState=0, flags=0x0, edgeFlags=0x0, pointerCount=1, historySize=0, eventTime=799370065, downTime=799370065, deviceId=0, source=0x1002 }
08-05 14:02:33.659 29173 29173 D AndroidRuntime: Shutting down VM
08-05 14:02:33.675   512  2967 D audio_hw_primary: out_set_parameters: enter: usecase(1: low-latency-playback) kvpairs: routing=2
08-05 14:02:33.688   512  2967 D audio_hw_primary: select_devices: out_snd_device(2: speaker) in_snd_device(0: none)
08-05 14:02:33.688   512  2967 D msm8974_platform: platform_send_audio_calibration: sending audio calibration for snd_device(2) acdb_id(15)
08-05 14:02:33.689   512  2967 I soundtrigger: audio_extn_sound_trigger_update_device_status: device 0x2 of type 0 for Event 1
08-05 14:02:33.700   512  2967 D audio_hw_primary: enable_snd_device: snd_device(2: speaker)
08-05 14:02:33.702   512  2967 D audio_hw_primary: enable_audio_route: apply and update mixer path: low-latency-playback speaker
08-05 14:02:33.702 28123 28142 D OpenGLRenderer: endAllStagingAnimators on 0x7f94aff000 (RippleDrawable) with handle 0x7f77d53240
08-05 14:02:33.709 28123 28123 I SettingsManager: Setting string: savedCourse
08-05 14:02:33.718   918  5481 W BackupManagerService: dataChanged but no participant pkg='baseline.com.ak.uobtimetable' uid=10684
08-05 14:02:33.718   918  5132 I ActivityManager: START u0 {flg=0x4000000 cmp=baseline.com.ak.uobtimetable/.MainActivity (has extras)} from uid 10684 on display 0
08-05 14:02:33.733   918  6029 W InputMethodManagerService: Focus gain on non-focused client com.android.internal.view.IInputMethodClient$Stub$Proxy@611b2d3 (uid=10684 pid=28123)
08-05 14:02:33.747 28123 28123 D MainActivity: OnDestroy
08-05 14:02:33.766 28123 28123 D MainActivity: onCreate
08-05 14:02:33.766 28123 28123 I SettingsManager: Getting string: savedSessions
08-05 14:02:33.766 28123 28123 I SettingsManager: Getting string: savedSessions
08-05 14:02:33.774 28123 28123 I SettingsManager: Getting string: savedSessionsCourseName
08-05 14:02:33.774 28123 28123 I SettingsManager: Getting string: savedSessionsCourseName
08-05 14:02:33.774 28123 28123 I SettingsManager: Getting string: savedSessionsDateRange
08-05 14:02:33.774 28123 28123 I SettingsManager: Getting string: savedSessionsDateRange
08-05 14:02:33.774 28123 28123 I Settings: 10 saved sessions - Bedfordshire International and EU Foundation Year - Int Foun - Ltn - Y0 Feb FT - Weeks: 24-38 (8 Jun 2020-20 Sep 2020)
08-05 14:02:33.814 28123 28123 I SettingsManager: Getting string: savedCourse
08-05 14:02:33.815 28123 28123 D MainActivity: sessionListFragmentArg: updateSessions
08-05 14:02:33.815 28123 28123 D MainActivity: showTermDatesConfigChange: false
08-05 14:02:33.815 28123 28123 D MainActivity: showTermDatesShortcut: false
08-05 14:02:33.816 28123 28123 D MainActivity: Setting initial fragment: SessionListsFragment
08-05 14:02:33.817 28123 28123 I SettingsManager: Getting int: launchCount
08-05 14:02:33.817 28123 28123 D SessionListsFragment: onCreateView
08-05 14:02:33.820 28123 28123 I SettingsManager: Getting string: savedCourse
08-05 14:02:33.823 28123 28123 I SettingsManager: Getting string: savedSessions
08-05 14:02:33.830 28123 28123 D SessionListsFragment: loadArgument: updateSessions
08-05 14:02:33.830 28123 28123 D SessionListsFragment: initialIndex: -1
08-05 14:02:33.832 28123 29202 D HTTP    : Request for: https://uob-timetable-api.adriankeenan.co.uk/sessions?dept=CM010&course=BSAIFAAF%2F02AA%2F0%2FFT&level=Foundation+Year
08-05 14:02:33.843 28123 28123 D TermDatesFragment: WebView loaded
08-05 14:02:33.843 28123 28123 D MainActivity: OnResume
08-05 14:02:33.851 28123 28123 I TermDatesFragment: Webview load %: 10
08-05 14:02:33.885 28123 28148 I art     : Starting a blocking GC Explicit
08-05 14:02:33.932   918   936 I ActivityManager: Displayed baseline.com.ak.uobtimetable/.MainActivity: +198ms
08-05 14:02:33.933 13866 13866 I GoogleInputMethodServic: GoogleInputMethodService.onFinishInput():3138 
08-05 14:02:33.933 13866 13866 I GoogleInputMethodServic: GoogleInputMethodService.onStartInput():1808 
08-05 14:02:33.951 28123 28148 I art     : Explicit concurrent mark sweep GC freed 22166(1074KB) AllocSpace objects, 4(1380KB) LOS objects, 30% free, 37MB/53MB, paused 1.358ms total 65.599ms
08-05 14:02:33.970 28123 28148 I art     : Starting a blocking GC Explicit
08-05 14:02:34.026 28123 28123 I TermDatesFragment: Webview load %: 70
08-05 14:02:34.026 28123 28148 I art     : Explicit concurrent mark sweep GC freed 4549(236KB) AllocSpace objects, 2(120KB) LOS objects, 29% free, 37MB/53MB, paused 1.083ms total 56.316ms
08-05 14:02:34.033 28123 28123 I TermDatesFragment: Webview load %: 100
08-05 14:02:34.033 28123 28123 I TermDatesFragment: Webview load %: 100
08-05 14:02:34.043 28123 28148 I art     : Starting a blocking GC Explicit
08-05 14:02:34.078 28123 29202 I NAPPA_EXPERIMENTATION: MetricNetworkRequestExecutionTime: REQUEST_DURATION_SYSTEM='244',REQUEST_DURATION_OKHTTP='77',REQUEST_SYNCHRONOUS='TRUE',RESPONSE_CODE='200',RESPONSE_METHOD='GET',RESPONSE_LENGTH_OKHTTP='-1',RESPONSE_LENGTH_HEADER='1214',REQUEST_PROTOCOL='http/1.1',REQUEST_URL='https://uob-timetable-api.adriankeenan.co.uk/sessions?dept=CM010&course=BSAIFAAF%2F02AA%2F0%2FFT&level=Foundation+Year',
08-05 14:02:34.090 28123 28148 I art     : Explicit concurrent mark sweep GC freed 27554(1353KB) AllocSpace objects, 3(200KB) LOS objects, 30% free, 35MB/51MB, paused 480us total 46.772ms
08-05 14:02:34.106 28123 28148 I art     : Starting a blocking GC Explicit
08-05 14:02:34.123 28123 29202 I HTTP    : Response was compressed.
08-05 14:02:34.141 28123 29202 I Service : getSessions response time: 1.10
08-05 14:02:34.144 28123 28123 I SettingsManager: Getting string: savedSessions
08-05 14:02:34.145 28123 28123 I SettingsManager: Getting string: savedSessions
08-05 14:02:34.151   918  6111 I AccountManagerService: getTypesVisibleToCaller: isPermitted? true
08-05 14:02:34.153 28123 28123 I Service : Sessions updated: 10
08-05 14:02:34.153 28123 28123 I Service : Sessions removed from new list: 0
08-05 14:02:34.163 28123 28123 I SettingsManager: Setting string: savedSessions
08-05 14:02:34.165 28123 28148 I art     : Explicit concurrent mark sweep GC freed 15394(698KB) AllocSpace objects, 2(32KB) LOS objects, 30% free, 36MB/52MB, paused 857us total 58.317ms
08-05 14:02:34.169   918  6029 W BackupManagerService: dataChanged but no participant pkg='baseline.com.ak.uobtimetable' uid=10684
08-05 14:02:34.169 28123 28123 I SettingsManager: Setting date: savedSessionsTime
08-05 14:02:34.176   918  4400 W BackupManagerService: dataChanged but no participant pkg='baseline.com.ak.uobtimetable' uid=10684
08-05 14:02:34.176 28123 28123 I SettingsManager: Setting string: savedSessionsCourseName
08-05 14:02:34.182 28123 28148 I art     : Starting a blocking GC Explicit
08-05 14:02:34.183   918  3359 W BackupManagerService: dataChanged but no participant pkg='baseline.com.ak.uobtimetable' uid=10684
08-05 14:02:34.184 28123 28123 I SettingsManager: Setting string: savedSessionsDateRange
08-05 14:02:34.184   918  5952 W BackupManagerService: dataChanged but no participant pkg='baseline.com.ak.uobtimetable' uid=10684
08-05 14:02:34.184 28123 28123 I SettingsManager: Setting string: timetableUrl
08-05 14:02:34.184   918  6112 W BackupManagerService: dataChanged but no participant pkg='baseline.com.ak.uobtimetable' uid=10684
08-05 14:02:34.184 28123 28123 I SettingsManager: Getting boolean: notifySessionRemindersEnabled
08-05 14:02:34.184 28123 28123 I SettingsManager: Getting int: notifySessionRemindersMinutes
08-05 14:02:34.184 28123 28123 I SettingsManager: Getting boolean: showHiddenSessions
08-05 14:02:34.186 28123 28123 I SessionReminderNotifier: Created session reminder alarm for f7b4771250a919bd729c1c5a4a459c77 at Mon 08:30:00 10/08/20
08-05 14:02:34.188 28123 28123 I SessionReminderNotifier: Created session reminder alarm for a7f879aabdeb78622c8820a5fb7b64cd at Tue 08:30:00 11/08/20
08-05 14:02:34.189 28123 28123 I SessionReminderNotifier: Created session reminder alarm for 7bc8d7e2c2055711f597c3d9078c6ea3 at Tue 08:30:00 11/08/20
08-05 14:02:34.190 28123 28123 I SessionReminderNotifier: Created session reminder alarm for 53c0527a6f009a1f2fd223834d3bfe51 at Tue 10:30:00 11/08/20
08-05 14:02:34.192 28123 28123 I SessionReminderNotifier: Created session reminder alarm for e0fc978b5db8218778540b4053344581 at Tue 11:00:00 11/08/20
08-05 14:02:34.193 28123 28123 I SessionReminderNotifier: Created session reminder alarm for 199afb0100f329ff65a09e1b0cd9deba at Tue 11:30:00 11/08/20
08-05 14:02:34.195 28123 28123 I SessionReminderNotifier: Created session reminder alarm for 21712fef61090882c855a1425543edb5 at Tue 13:30:00 11/08/20
08-05 14:02:34.196 28123 28123 I SessionReminderNotifier: Created session reminder alarm for 65ca4d97f031f29a4d02bbb45a705d8f at Wed 08:30:00 12/08/20
08-05 14:02:34.198 28123 28123 I SessionReminderNotifier: Created session reminder alarm for eeda7741b0bcab58fd9f46dc6ef1d942 at Wed 08:30:00 12/08/20
08-05 14:02:34.199 28123 28123 I SessionReminderNotifier: Created session reminder alarm for c276c1b2075a0beb67f1b3d1e580f920 at Wed 11:00:00 12/08/20
08-05 14:02:34.200 28123 28123 I SessionReminderNotifier: Created session reminder alarm for 8b1f3627e42ae13a6f6ba0a83903dde1 at Wed 13:30:00 05/08/20
08-05 14:02:34.202 28123 28123 I SessionReminderNotifier: Created session reminder alarm for 79fe0b5c3b887a13ba29db5a33fa2800 at Thu 08:30:00 06/08/20
08-05 14:02:34.203 28123 28123 I SessionReminderNotifier: Created session reminder alarm for cb9dfc8231cdba2be0835dc5709690e1 at Thu 08:30:00 06/08/20
08-05 14:02:34.204 28123 28123 I SessionReminderNotifier: Created session reminder alarm for f850dc24d6de60b7b89fa9e1a8c224c5 at Thu 12:00:00 06/08/20
08-05 14:02:34.207 28123 28123 I SessionReminderNotifier: Created session reminder alarm for 2ba1034116e4fffdd592dbf0796a43d5 at Fri 08:30:00 07/08/20
08-05 14:02:34.207 28123 28123 I SettingsManager: Getting boolean: showHiddenSessions
08-05 14:02:34.207 28123 28123 D SessionListsFragment: 1 sessions for day 0
08-05 14:02:34.207 28123 28123 D SessionListsFragment: 6 sessions for day 1
08-05 14:02:34.207 28123 28123 D SessionListsFragment: 4 sessions for day 2
08-05 14:02:34.207 28123 28123 D SessionListsFragment: 3 sessions for day 3
08-05 14:02:34.207 28123 28123 D SessionListsFragment: 1 sessions for day 4
08-05 14:02:34.227 28123 28148 I art     : Explicit concurrent mark sweep GC freed 3330(208KB) AllocSpace objects, 3(60KB) LOS objects, 30% free, 36MB/52MB, paused 944us total 45.142ms
08-05 14:02:34.238   512  2967 D audio_hw_primary: disable_audio_route: reset and update mixer path: low-latency-playback speaker
08-05 14:02:34.239   512  2967 D audio_hw_primary: disable_snd_device: snd_device(2: speaker)
08-05 14:02:34.247   512  2967 I soundtrigger: audio_extn_sound_trigger_update_device_status: device 0x2 of type 0 for Event 0
08-05 14:02:34.252 28123 28123 I SettingsManager: Getting boolean: showHiddenSessions
08-05 14:02:34.252 28123 28123 D SessionListsFragment: Refreshed ViewPager
08-05 14:02:34.252 28123 28123 I SettingsManager: Getting boolean: showHiddenSessions
08-05 14:02:34.252 28123 28123 I SettingsManager: Getting boolean: completedTutorial
08-05 14:02:34.252 28123 28123 I SettingsManager: Getting boolean: showHiddenSessions
08-05 14:02:34.252 28123 28123 I SettingsManager: Getting date: savedSessionsTime
08-05 14:02:34.498 28123 29037 I art     : Starting a blocking GC Explicit
08-05 14:02:34.572 28123 29037 I art     : Explicit concurrent mark sweep GC freed 135918(5MB) AllocSpace objects, 1(20KB) LOS objects, 29% free, 37MB/53MB, paused 911us total 73.475ms
08-05 14:02:34.590 28123 29037 I art     : Starting a blocking GC Explicit
08-05 14:02:34.628 28061 28061 I ServiceManager: Waiting for service AtCmdFwd...
08-05 14:02:34.649 28123 29037 I art     : Explicit concurrent mark sweep GC freed 39403(1750KB) AllocSpace objects, 0(0B) LOS objects, 30% free, 37MB/53MB, paused 1.065ms total 59.267ms
08-05 14:02:34.667 28123 29037 I art     : Starting a blocking GC Explicit
08-05 14:02:34.729 28123 29037 I art     : Explicit concurrent mark sweep GC freed 32834(1366KB) AllocSpace objects, 0(0B) LOS objects, 29% free, 37MB/53MB, paused 1.048ms total 61.822ms
08-05 14:02:34.746 28123 29037 I art     : Starting a blocking GC Explicit
08-05 14:02:34.807 28123 29037 I art     : Explicit concurrent mark sweep GC freed 33546(1386KB) AllocSpace objects, 0(0B) LOS objects, 29% free, 37MB/53MB, paused 1.030ms total 60.505ms
08-05 14:02:34.825 28123 29037 I art     : Starting a blocking GC Explicit
08-05 14:02:34.869 24577 24587 I art     : Background sticky concurrent mark sweep GC freed 249637(6MB) AllocSpace objects, 4(80KB) LOS objects, 9% free, 46MB/51MB, paused 5.667ms total 72.566ms
08-05 14:02:34.871 28123 28123 I Choreographer: Skipped 36 frames!  The application may be doing too much work on its main thread.
08-05 14:02:34.883 28123 29037 I art     : Explicit concurrent mark sweep GC freed 28925(1187KB) AllocSpace objects, 0(0B) LOS objects, 29% free, 37MB/53MB, paused 677us total 57.736ms
08-05 14:02:35.188 28123 29037 I art     : Starting a blocking GC Explicit
08-05 14:02:35.252 28123 29037 I art     : Explicit concurrent mark sweep GC freed 2743(175KB) AllocSpace objects, 1(20KB) LOS objects, 29% free, 37MB/53MB, paused 436us total 62.941ms
08-05 14:02:35.270 28123 29037 I art     : Starting a blocking GC Explicit
08-05 14:02:35.313 28123 29037 I art     : Explicit concurrent mark sweep GC freed 121779(11MB) AllocSpace objects, 3(136KB) LOS objects, 37% free, 26MB/42MB, paused 384us total 43.146ms
08-05 14:02:35.324 28123 29037 I art     : Starting a blocking GC Explicit
08-05 14:02:35.354 28123 29037 I art     : Explicit concurrent mark sweep GC freed 3(96B) AllocSpace objects, 0(0B) LOS objects, 37% free, 26MB/42MB, paused 375us total 29.485ms
08-05 14:02:35.366 28123 29037 I art     : Starting a blocking GC Explicit
08-05 14:02:35.395 28123 29037 I art     : Explicit concurrent mark sweep GC freed 3(96B) AllocSpace objects, 0(0B) LOS objects, 37% free, 26MB/42MB, paused 390us total 29.475ms
08-05 14:02:35.407 28123 29037 I art     : Starting a blocking GC Explicit
08-05 14:02:35.436 28123 29037 I art     : Explicit concurrent mark sweep GC freed 3(96B) AllocSpace objects, 0(0B) LOS objects, 37% free, 26MB/42MB, paused 380us total 28.714ms
08-05 14:02:35.628 28061 28061 I ServiceManager: Waiting for service AtCmdFwd...
08-05 14:02:35.754 28123 28148 I art     : Starting a blocking GC Explicit
08-05 14:02:35.761 24577 24587 I art     : Background partial concurrent mark sweep GC freed 297778(7MB) AllocSpace objects, 2(216KB) LOS objects, 25% free, 45MB/61MB, paused 7.302ms total 94.824ms
08-05 14:02:35.786 28123 28148 I art     : Explicit concurrent mark sweep GC freed 1294(75KB) AllocSpace objects, 1(20KB) LOS objects, 37% free, 26MB/42MB, paused 387us total 31.892ms
08-05 14:02:35.798 28123 28148 I art     : Starting a blocking GC Explicit
08-05 14:02:35.829 28123 28148 I art     : Explicit concurrent mark sweep GC freed 20(752B) AllocSpace objects, 0(0B) LOS objects, 37% free, 26MB/42MB, paused 410us total 31.393ms
08-05 14:02:35.841 28123 28148 I art     : Starting a blocking GC Explicit
08-05 14:02:35.875 28123 28148 I art     : Explicit concurrent mark sweep GC freed 23(800B) AllocSpace objects, 0(0B) LOS objects, 37% free, 26MB/42MB, paused 514us total 34.181ms
08-05 14:02:35.887 28123 28148 I art     : Starting a blocking GC Explicit
08-05 14:02:35.919 28123 28148 I art     : Explicit concurrent mark sweep GC freed 31(1008B) AllocSpace objects, 0(0B) LOS objects, 37% free, 26MB/42MB, paused 427us total 31.347ms
08-05 14:02:35.930 28123 28148 I art     : Starting a blocking GC Explicit
08-05 14:02:35.960 28123 28148 I art     : Explicit concurrent mark sweep GC freed 30(960B) AllocSpace objects, 0(0B) LOS objects, 37% free, 26MB/42MB, paused 530us total 30.028ms
08-05 14:02:36.265 28123 28148 I art     : Starting a blocking GC Explicit
08-05 14:02:36.310 28123 28148 I art     : Explicit concurrent mark sweep GC freed 1370(78KB) AllocSpace objects, 1(20KB) LOS objects, 37% free, 26MB/42MB, paused 422us total 44.731ms
08-05 14:02:36.311 28123 28133 I art     : WaitForGcToComplete blocked for 37.407ms for cause HeapTrim
08-05 14:02:36.323 28123 28148 I art     : Starting a blocking GC Explicit
08-05 14:02:36.358 28123 28148 I art     : Explicit concurrent mark sweep GC freed 18(624B) AllocSpace objects, 0(0B) LOS objects, 37% free, 26MB/42MB, paused 386us total 34.251ms
08-05 14:02:36.370 28123 28148 I art     : Starting a blocking GC Explicit
08-05 14:02:36.403 28123 28148 I art     : Explicit concurrent mark sweep GC freed 3(96B) AllocSpace objects, 0(0B) LOS objects, 37% free, 26MB/42MB, paused 365us total 33.113ms
08-05 14:02:36.416 28123 28148 I art     : Starting a blocking GC Explicit
08-05 14:02:36.450 28123 28148 I art     : Explicit concurrent mark sweep GC freed 3(96B) AllocSpace objects, 0(0B) LOS objects, 37% free, 26MB/42MB, paused 384us total 34.567ms
08-05 14:02:36.463 28123 28148 I art     : Starting a blocking GC Explicit
08-05 14:02:36.498 28123 28148 I art     : Explicit concurrent mark sweep GC freed 3(96B) AllocSpace objects, 0(0B) LOS objects, 37% free, 26MB/42MB, paused 442us total 34.556ms
08-05 14:02:36.590   518   646 I ThermalEngine: ACTION: GPU - Setting GPU[0] to 450000000
08-05 14:02:36.629 28061 28061 I ServiceManager: Waiting for service AtCmdFwd...
08-05 14:02:36.850 28123 29037 I art     : Starting a blocking GC Explicit
08-05 14:02:36.906 28123 29037 I art     : Explicit concurrent mark sweep GC freed 1293(75KB) AllocSpace objects, 1(20KB) LOS objects, 37% free, 26MB/42MB, paused 556us total 55.599ms
08-05 14:02:36.925 28123 29037 I art     : Starting a blocking GC Explicit
08-05 14:02:36.973 28123 29037 I art     : Explicit concurrent mark sweep GC freed 18(624B) AllocSpace objects, 0(0B) LOS objects, 37% free, 26MB/42MB, paused 531us total 47.081ms
08-05 14:02:36.989 28123 29037 I art     : Starting a blocking GC Explicit
08-05 14:02:37.034 28123 29037 I art     : Explicit concurrent mark sweep GC freed 3(96B) AllocSpace objects, 0(0B) LOS objects, 37% free, 26MB/42MB, paused 537us total 44.221ms
08-05 14:02:37.050 28123 29037 I art     : Starting a blocking GC Explicit
08-05 14:02:37.096 28123 29037 I art     : Explicit concurrent mark sweep GC freed 3(96B) AllocSpace objects, 0(0B) LOS objects, 37% free, 26MB/42MB, paused 568us total 46.217ms
08-05 14:02:37.113 28123 29037 I art     : Starting a blocking GC Explicit
08-05 14:02:37.159 28123 29037 I art     : Explicit concurrent mark sweep GC freed 3(96B) AllocSpace objects, 0(0B) LOS objects, 37% free, 26MB/42MB, paused 574us total 45.542ms
08-05 14:02:37.384 24365 23174 I NetworkScheduler.Stats: Task com.google.android.gms/com.google.android.gms.icing.service.IcingGcmTaskService started execution. cause:4 exec_start_elapsed_seconds: 1782761 [CONTEXT service_id=218 ]
08-05 14:02:37.389 24365 29314 I NetworkScheduler.Stats: Task com.google.android.gms/com.google.android.gms.icing.service.IcingGcmTaskService finished executing. cause:4 result: 1 elapsed_millis: 24 uptime_millis: 24 exec_start_elapsed_seconds: 1782761 [CONTEXT service_id=218 ]
08-05 14:02:37.502 28123 28135 I art     : Starting a blocking GC Explicit
08-05 14:02:37.555 28123 28135 I art     : Explicit concurrent mark sweep GC freed 1293(75KB) AllocSpace objects, 1(20KB) LOS objects, 37% free, 26MB/42MB, paused 565us total 52.755ms
08-05 14:02:37.573 28123 28135 I art     : Starting a blocking GC Explicit
08-05 14:02:37.597   518   646 I ThermalEngine: ACTION: GPU - Setting GPU[0] to 510000000
08-05 14:02:37.617 28123 28135 I art     : Explicit concurrent mark sweep GC freed 18(624B) AllocSpace objects, 0(0B) LOS objects, 37% free, 26MB/42MB, paused 540us total 44.084ms
08-05 14:02:37.629 28061 28061 W Atfwd_Sendcmd: AtCmdFwd service not published, waiting... retryCnt : 4
08-05 14:02:37.633 28123 28135 I art     : Starting a blocking GC Explicit
08-05 14:02:37.670 28123 28135 I art     : Explicit concurrent mark sweep GC freed 3(96B) AllocSpace objects, 0(0B) LOS objects, 37% free, 26MB/42MB, paused 403us total 36.442ms
08-05 14:02:37.682 28123 28135 I art     : Starting a blocking GC Explicit
08-05 14:02:37.718 28123 28135 I art     : Explicit concurrent mark sweep GC freed 3(96B) AllocSpace objects, 0(0B) LOS objects, 37% free, 26MB/42MB, paused 446us total 35.375ms
08-05 14:02:37.731 28123 28135 I art     : Starting a blocking GC Explicit
08-05 14:02:37.765 28123 28135 I art     : Explicit concurrent mark sweep GC freed 3(96B) AllocSpace objects, 0(0B) LOS objects, 37% free, 26MB/42MB, paused 386us total 34.368ms
08-05 14:02:38.051 28123 28148 I art     : Starting a blocking GC Explicit
08-05 14:02:38.087 28123 28148 I art     : Explicit concurrent mark sweep GC freed 1309(76KB) AllocSpace objects, 1(20KB) LOS objects, 37% free, 26MB/42MB, paused 411us total 35.875ms
08-05 14:02:38.100 28123 28148 I art     : Starting a blocking GC Explicit
08-05 14:02:38.136 28123 28148 I art     : Explicit concurrent mark sweep GC freed 44(1664B) AllocSpace objects, 0(0B) LOS objects, 37% free, 26MB/42MB, paused 495us total 35.719ms
08-05 14:02:38.148 28123 28148 I art     : Starting a blocking GC Explicit
08-05 14:02:38.181 28123 28148 I art     : Explicit concurrent mark sweep GC freed 57(1728B) AllocSpace objects, 0(0B) LOS objects, 37% free, 26MB/42MB, paused 391us total 32.400ms
08-05 14:02:38.193 28123 28148 I art     : Starting a blocking GC Explicit
08-05 14:02:38.224 28123 28148 I art     : Explicit concurrent mark sweep GC freed 164(10KB) AllocSpace objects, 0(0B) LOS objects, 37% free, 26MB/42MB, paused 373us total 30.311ms
08-05 14:02:38.236 28123 28148 I art     : Starting a blocking GC Explicit
08-05 14:02:38.267 28123 28148 I art     : Explicit concurrent mark sweep GC freed 8(256B) AllocSpace objects, 0(0B) LOS objects, 37% free, 26MB/42MB, paused 382us total 31.339ms
08-05 14:02:38.337 29272 29272 D AndroidRuntime: >>>>>> START com.android.internal.os.RuntimeInit uid 2000 <<<<<<
08-05 14:02:38.343 29272 29272 D AndroidRuntime: CheckJNI is OFF
08-05 14:02:38.381 29272 29272 D ICU     : No timezone override file found: /data/misc/zoneinfo/current/icu/icu_tzdata.dat
08-05 14:02:38.416 29272 29272 I Radio-JNI: register_android_hardware_Radio DONE
08-05 14:02:38.437 29272 29272 D AndroidRuntime: Calling main entry com.android.commands.input.Input
08-05 14:02:38.439 29272 29272 I Input   : injectMotionEvent: MotionEvent { action=ACTION_DOWN, actionButton=0, id[0]=0, x[0]=81.0, y[0]=176.0, toolType[0]=TOOL_TYPE_UNKNOWN, buttonState=0, metaState=0, flags=0x0, edgeFlags=0x0, pointerCount=1, historySize=0, eventTime=799374852, downTime=799374852, deviceId=0, source=0x1002 }
08-05 14:02:38.445 29272 29272 I Input   : injectMotionEvent: MotionEvent { action=ACTION_UP, actionButton=0, id[0]=0, x[0]=81.0, y[0]=176.0, toolType[0]=TOOL_TYPE_UNKNOWN, buttonState=0, metaState=0, flags=0x0, edgeFlags=0x0, pointerCount=1, historySize=0, eventTime=799374852, downTime=799374852, deviceId=0, source=0x1002 }
08-05 14:02:38.449 29272 29272 D AndroidRuntime: Shutting down VM
08-05 14:02:38.462   512  2967 D audio_hw_primary: out_set_parameters: enter: usecase(1: low-latency-playback) kvpairs: routing=2
08-05 14:02:38.476   512  2967 D audio_hw_primary: select_devices: out_snd_device(2: speaker) in_snd_device(0: none)
08-05 14:02:38.476   512  2967 D msm8974_platform: platform_send_audio_calibration: sending audio calibration for snd_device(2) acdb_id(15)
08-05 14:02:38.476   512  2967 I soundtrigger: audio_extn_sound_trigger_update_device_status: device 0x2 of type 0 for Event 1
08-05 14:02:38.493   512  2967 D audio_hw_primary: enable_snd_device: snd_device(2: speaker)
08-05 14:02:38.497   512  2967 D audio_hw_primary: enable_audio_route: apply and update mixer path: low-latency-playback speaker
08-05 14:02:38.497 13866 13866 I GoogleInputMethodServic: GoogleInputMethodService.onFinishInput():3138 
08-05 14:02:38.498 13866 13866 I GoogleInputMethodServic: GoogleInputMethodService.onStartInput():1808 
08-05 14:02:38.551 28123 28135 I art     : Starting a blocking GC Explicit
08-05 14:02:38.580 28123 28135 I art     : Explicit concurrent mark sweep GC freed 1716(96KB) AllocSpace objects, 1(20KB) LOS objects, 37% free, 26MB/42MB, paused 367us total 28.351ms
08-05 14:02:38.590 28123 28135 I art     : Starting a blocking GC Explicit
08-05 14:02:38.619 28123 28135 I art     : Explicit concurrent mark sweep GC freed 26(1056B) AllocSpace objects, 0(0B) LOS objects, 37% free, 26MB/42MB, paused 331us total 28.255ms
08-05 14:02:38.630 28123 28135 I art     : Starting a blocking GC Explicit
08-05 14:02:38.658 28123 28135 I art     : Explicit concurrent mark sweep GC freed 3(96B) AllocSpace objects, 0(0B) LOS objects, 37% free, 26MB/42MB, paused 368us total 28.216ms
08-05 14:02:38.669 28123 28135 I art     : Starting a blocking GC Explicit
08-05 14:02:38.698 28123 28135 I art     : Explicit concurrent mark sweep GC freed 3(96B) AllocSpace objects, 0(0B) LOS objects, 37% free, 26MB/42MB, paused 879us total 28.971ms
08-05 14:02:38.710 28123 28135 I art     : Starting a blocking GC Explicit
08-05 14:02:38.740 28123 28135 I art     : Explicit concurrent mark sweep GC freed 5(160B) AllocSpace objects, 0(0B) LOS objects, 37% free, 26MB/42MB, paused 363us total 29.539ms
08-05 14:02:39.000 28123 28134 I art     : Starting a blocking GC Explicit
08-05 14:02:39.034 28123 28134 I art     : Explicit concurrent mark sweep GC freed 1296(75KB) AllocSpace objects, 1(20KB) LOS objects, 37% free, 26MB/42MB, paused 360us total 33.888ms
08-05 14:02:39.038   512  2967 D audio_hw_primary: disable_audio_route: reset and update mixer path: low-latency-playback speaker
08-05 14:02:39.040   512  2967 D audio_hw_primary: disable_snd_device: snd_device(2: speaker)
08-05 14:02:39.047 28123 28134 I art     : Starting a blocking GC Explicit
08-05 14:02:39.050   512  2967 I soundtrigger: audio_extn_sound_trigger_update_device_status: device 0x2 of type 0 for Event 0
08-05 14:02:39.077 28123 28134 I art     : Explicit concurrent mark sweep GC freed 26(880B) AllocSpace objects, 0(0B) LOS objects, 37% free, 26MB/42MB, paused 364us total 30.352ms
08-05 14:02:39.089 28123 28134 I art     : Starting a blocking GC Explicit
08-05 14:02:39.121 28123 28134 I art     : Explicit concurrent mark sweep GC freed 3(96B) AllocSpace objects, 0(0B) LOS objects, 37% free, 26MB/42MB, paused 367us total 31.780ms
08-05 14:02:39.132 28123 28134 I art     : Starting a blocking GC Explicit
08-05 14:02:39.165 28123 28134 I art     : Explicit concurrent mark sweep GC freed 3(96B) AllocSpace objects, 0(0B) LOS objects, 37% free, 26MB/42MB, paused 374us total 32.861ms
08-05 14:02:39.178 28123 28134 I art     : Starting a blocking GC Explicit
08-05 14:02:39.186   918  1210 D NetlinkSocketObserver: NeighborEvent{elapsedMs=1782763061, 192.168.2.254, [7C3953A63323], RTM_NEWNEIGH, NUD_REACHABLE}
08-05 14:02:39.211 28123 28134 I art     : Explicit concurrent mark sweep GC freed 5(160B) AllocSpace objects, 0(0B) LOS objects, 37% free, 26MB/42MB, paused 363us total 33.462ms
08-05 14:02:39.512 28123 28135 I art     : Starting a blocking GC Explicit
08-05 14:02:39.558 28123 28135 I art     : Explicit concurrent mark sweep GC freed 1293(75KB) AllocSpace objects, 1(20KB) LOS objects, 37% free, 26MB/42MB, paused 392us total 45.830ms
08-05 14:02:39.573 28123 28135 I art     : Starting a blocking GC Explicit
08-05 14:02:39.609 28123 28135 I art     : Explicit concurrent mark sweep GC freed 18(624B) AllocSpace objects, 0(0B) LOS objects, 37% free, 26MB/42MB, paused 376us total 35.294ms
08-05 14:02:39.622 28123 28135 I art     : Starting a blocking GC Explicit
08-05 14:02:39.657 28123 28135 I art     : Explicit concurrent mark sweep GC freed 3(96B) AllocSpace objects, 0(0B) LOS objects, 37% free, 26MB/42MB, paused 375us total 35.120ms
08-05 14:02:39.669 28123 28135 I art     : Starting a blocking GC Explicit
08-05 14:02:39.703 28123 28135 I art     : Explicit concurrent mark sweep GC freed 3(96B) AllocSpace objects, 0(0B) LOS objects, 37% free, 26MB/42MB, paused 356us total 33.148ms
08-05 14:02:39.715 28123 28135 I art     : Starting a blocking GC Explicit
08-05 14:02:39.748 28123 28135 I art     : Explicit concurrent mark sweep GC freed 3(96B) AllocSpace objects, 0(0B) LOS objects, 37% free, 26MB/42MB, paused 368us total 32.602ms
08-05 14:02:40.027 28123 28148 I art     : Starting a blocking GC Explicit
08-05 14:02:40.067 28123 28148 I art     : Explicit concurrent mark sweep GC freed 1293(75KB) AllocSpace objects, 1(20KB) LOS objects, 37% free, 26MB/42MB, paused 439us total 39.497ms
08-05 14:02:40.082 28123 28148 I art     : Starting a blocking GC Explicit
08-05 14:02:40.108 29327 29327 D AndroidRuntime: >>>>>> START com.android.internal.os.RuntimeInit uid 2000 <<<<<<
08-05 14:02:40.113 29327 29327 D AndroidRuntime: CheckJNI is OFF
08-05 14:02:40.116 28123 28148 I art     : Explicit concurrent mark sweep GC freed 22(752B) AllocSpace objects, 0(0B) LOS objects, 37% free, 26MB/42MB, paused 342us total 33.369ms
08-05 14:02:40.127 28123 28148 I art     : Starting a blocking GC Explicit
08-05 14:02:40.145 29327 29327 D ICU     : No timezone override file found: /data/misc/zoneinfo/current/icu/icu_tzdata.dat
08-05 14:02:40.157 28123 28148 I art     : Explicit concurrent mark sweep GC freed 7(224B) AllocSpace objects, 0(0B) LOS objects, 37% free, 26MB/42MB, paused 382us total 29.654ms
08-05 14:02:40.168 28123 28148 I art     : Starting a blocking GC Explicit
08-05 14:02:40.179 29327 29327 I Radio-JNI: register_android_hardware_Radio DONE
08-05 14:02:40.199 28123 28148 I art     : Explicit concurrent mark sweep GC freed 9(288B) AllocSpace objects, 0(0B) LOS objects, 37% free, 26MB/42MB, paused 323us total 30.421ms
08-05 14:02:40.201 29327 29327 D AndroidRuntime: Calling main entry com.android.commands.input.Input
08-05 14:02:40.203 29327 29327 I Input   : injectMotionEvent: MotionEvent { action=ACTION_DOWN, actionButton=0, id[0]=0, x[0]=436.0, y[0]=1770.0, toolType[0]=TOOL_TYPE_UNKNOWN, buttonState=0, metaState=0, flags=0x0, edgeFlags=0x0, pointerCount=1, historySize=0, eventTime=799376615, downTime=799376615, deviceId=0, source=0x1002 }
08-05 14:02:40.208 29327 29327 I Input   : injectMotionEvent: MotionEvent { action=ACTION_UP, actionButton=0, id[0]=0, x[0]=436.0, y[0]=1770.0, toolType[0]=TOOL_TYPE_UNKNOWN, buttonState=0, metaState=0, flags=0x0, edgeFlags=0x0, pointerCount=1, historySize=0, eventTime=799376615, downTime=799376615, deviceId=0, source=0x1002 }
08-05 14:02:40.209 29327 29327 D AndroidRuntime: Shutting down VM
08-05 14:02:40.210 28123 28148 I art     : Starting a blocking GC Explicit
08-05 14:02:40.214 28123 28123 D MainActivity: NavigationItemSelected: Courses
08-05 14:02:40.216   918  5952 I ActivityManager: START u0 {cmp=baseline.com.ak.uobtimetable/.CourseListActivity} from uid 10684 on display 0
08-05 14:02:40.216   512  2967 D audio_hw_primary: out_set_parameters: enter: usecase(1: low-latency-playback) kvpairs: routing=2
08-05 14:02:40.229   512  2967 D audio_hw_primary: select_devices: out_snd_device(2: speaker) in_snd_device(0: none)
08-05 14:02:40.229   512  2967 D msm8974_platform: platform_send_audio_calibration: sending audio calibration for snd_device(2) acdb_id(15)
08-05 14:02:40.229   512  2967 I soundtrigger: audio_extn_sound_trigger_update_device_status: device 0x2 of type 0 for Event 1
08-05 14:02:40.241 28123 28148 I art     : Explicit concurrent mark sweep GC freed 302(11KB) AllocSpace objects, 0(0B) LOS objects, 37% free, 26MB/42MB, paused 661us total 30.292ms
08-05 14:02:40.243   512  2967 D audio_hw_primary: enable_snd_device: snd_device(2: speaker)
08-05 14:02:40.244 28123 28123 D MainActivity: OnPause
08-05 14:02:40.245   512  2967 D audio_hw_primary: enable_audio_route: apply and update mixer path: low-latency-playback speaker
08-05 14:02:40.270 28123 28123 D CourseListActivity: onCreate
08-05 14:02:40.272 28123 29350 D HTTP    : Request for: https://uob-timetable-api.adriankeenan.co.uk/courses
08-05 14:02:40.336   918   936 I ActivityManager: Displayed baseline.com.ak.uobtimetable/.CourseListActivity: +92ms
08-05 14:02:40.337 13866 13866 I GoogleInputMethodServic: GoogleInputMethodService.onFinishInput():3138 
08-05 14:02:40.337 13866 13866 I GoogleInputMethodServic: GoogleInputMethodService.onStartInput():1808 
08-05 14:02:40.479 28123 29350 I NAPPA_EXPERIMENTATION: MetricNetworkRequestExecutionTime: REQUEST_DURATION_SYSTEM='207',REQUEST_DURATION_OKHTTP='42',REQUEST_SYNCHRONOUS='TRUE',RESPONSE_CODE='200',RESPONSE_METHOD='GET',RESPONSE_LENGTH_OKHTTP='-1',RESPONSE_LENGTH_HEADER='-2',REQUEST_PROTOCOL='http/1.1',REQUEST_URL='https://uob-timetable-api.adriankeenan.co.uk/courses',
08-05 14:02:40.492 28123 28135 I art     : Starting a blocking GC Explicit
08-05 14:02:40.540 28123 28135 I art     : Explicit concurrent mark sweep GC freed 6274(353KB) AllocSpace objects, 4(220KB) LOS objects, 34% free, 30MB/46MB, paused 431us total 48.324ms
08-05 14:02:40.557 28123 28135 I art     : Starting a blocking GC Explicit
08-05 14:02:40.592 28123 28135 I art     : Explicit concurrent mark sweep GC freed 1552(151KB) AllocSpace objects, 0(0B) LOS objects, 32% free, 33MB/49MB, paused 418us total 34.211ms
08-05 14:02:40.604 28123 28135 I art     : Starting a blocking GC Explicit
08-05 14:02:40.633 28123 28135 I art     : Explicit concurrent mark sweep GC freed 51(2112B) AllocSpace objects, 0(0B) LOS objects, 30% free, 35MB/51MB, paused 368us total 29.010ms
08-05 14:02:40.645 28123 28135 I art     : Starting a blocking GC Explicit
08-05 14:02:40.677 28123 28135 I art     : Explicit concurrent mark sweep GC freed 843(4MB) AllocSpace objects, 0(0B) LOS objects, 28% free, 40MB/56MB, paused 543us total 31.974ms
08-05 14:02:40.689 28123 28135 I art     : Starting a blocking GC Explicit
08-05 14:02:40.713 28123 28123 D MainActivity: Saving state
08-05 14:02:40.714 28123 28123 D MainActivity: Saving current fragment: SessionListsFragment
08-05 14:02:40.714 28123 28123 D MainActivity: Saving current index: 2
08-05 14:02:40.714 28123 28123 D SessionListsFragment: Saving state
08-05 14:02:40.720 28123 28135 I art     : Explicit concurrent mark sweep GC freed 1248(6MB) AllocSpace objects, 0(0B) LOS objects, 24% free, 48MB/64MB, paused 420us total 30.710ms
08-05 14:02:40.780   512  2967 D audio_hw_primary: disable_audio_route: reset and update mixer path: low-latency-playback speaker
08-05 14:02:40.780   512  2967 D audio_hw_primary: disable_snd_device: snd_device(2: speaker)
08-05 14:02:40.787   512  2967 I soundtrigger: audio_extn_sound_trigger_update_device_status: device 0x2 of type 0 for Event 0
08-05 14:02:40.878 28123 29350 I HTTP    : Response was compressed.
08-05 14:02:41.006 28123 28134 I art     : Starting a blocking GC Explicit
08-05 14:02:41.041 28123 28134 I art     : Explicit concurrent mark sweep GC freed 28731(1375KB) AllocSpace objects, 0(0B) LOS objects, 27% free, 42MB/58MB, paused 612us total 35.508ms
08-05 14:02:41.053 28123 28134 I art     : Starting a blocking GC Explicit
08-05 14:02:41.090 28123 28134 I art     : Explicit concurrent mark sweep GC freed 26503(1250KB) AllocSpace objects, 0(0B) LOS objects, 27% free, 42MB/58MB, paused 705us total 36.358ms
08-05 14:02:41.102 28123 28134 I art     : Starting a blocking GC Explicit
08-05 14:02:41.138 28123 28134 I art     : Explicit concurrent mark sweep GC freed 24676(1150KB) AllocSpace objects, 0(0B) LOS objects, 27% free, 42MB/58MB, paused 641us total 36.057ms
08-05 14:02:41.150 28123 28134 I art     : Starting a blocking GC Explicit
08-05 14:02:41.187 28123 28134 I art     : Explicit concurrent mark sweep GC freed 24694(1167KB) AllocSpace objects, 0(0B) LOS objects, 27% free, 42MB/58MB, paused 707us total 37.037ms
08-05 14:02:41.199 28123 28134 I art     : Starting a blocking GC Explicit
08-05 14:02:41.237 28123 28134 I art     : Explicit concurrent mark sweep GC freed 25090(1174KB) AllocSpace objects, 0(0B) LOS objects, 27% free, 42MB/58MB, paused 654us total 37.125ms
08-05 14:02:41.533 28123 28135 I art     : Starting a blocking GC Explicit
08-05 14:02:41.590 28123 28135 I art     : Explicit concurrent mark sweep GC freed 180697(8MB) AllocSpace objects, 1(20KB) LOS objects, 26% free, 44MB/60MB, paused 698us total 56.516ms
08-05 14:02:41.604 28123 28135 I art     : Starting a blocking GC Explicit
08-05 14:02:41.645 28123 28135 I art     : Explicit concurrent mark sweep GC freed 36611(1729KB) AllocSpace objects, 0(0B) LOS objects, 26% free, 44MB/60MB, paused 751us total 41.261ms
08-05 14:02:41.659 28123 28135 I art     : Starting a blocking GC Explicit
08-05 14:02:41.702 28123 28135 I art     : Explicit concurrent mark sweep GC freed 30943(1448KB) AllocSpace objects, 0(0B) LOS objects, 26% free, 44MB/60MB, paused 889us total 42.138ms
08-05 14:02:41.715 28123 28135 I art     : Starting a blocking GC Explicit
08-05 14:02:41.758 28123 28135 I art     : Explicit concurrent mark sweep GC freed 30644(1460KB) AllocSpace objects, 0(0B) LOS objects, 26% free, 44MB/60MB, paused 823us total 42.973ms
08-05 14:02:41.772 28123 28135 I art     : Starting a blocking GC Explicit
08-05 14:02:41.816 28123 28135 I art     : Explicit concurrent mark sweep GC freed 31443(1477KB) AllocSpace objects, 0(0B) LOS objects, 26% free, 45MB/61MB, paused 761us total 43.528ms
08-05 14:02:42.114 28123 29037 I art     : Starting a blocking GC Explicit
08-05 14:02:42.177 28123 29037 I art     : Explicit concurrent mark sweep GC freed 187130(8MB) AllocSpace objects, 1(20KB) LOS objects, 25% free, 46MB/62MB, paused 795us total 63.335ms
08-05 14:02:42.194 28123 29037 I art     : Starting a blocking GC Explicit
08-05 14:02:42.241 28123 29037 I art     : Explicit concurrent mark sweep GC freed 40156(1882KB) AllocSpace objects, 0(0B) LOS objects, 25% free, 46MB/62MB, paused 938us total 46.330ms
08-05 14:02:42.256 28123 29037 I art     : Starting a blocking GC Explicit
08-05 14:02:42.304 28123 29037 I art     : Explicit concurrent mark sweep GC freed 34345(1614KB) AllocSpace objects, 0(0B) LOS objects, 25% free, 47MB/63MB, paused 953us total 47.851ms
08-05 14:02:42.319 28123 29037 I art     : Starting a blocking GC Explicit
08-05 14:02:42.367 28123 29037 I art     : Explicit concurrent mark sweep GC freed 34283(1607KB) AllocSpace objects, 0(0B) LOS objects, 25% free, 47MB/63MB, paused 957us total 48.465ms
08-05 14:02:42.383 28123 29037 I art     : Starting a blocking GC Explicit
08-05 14:02:42.433 28123 29037 I art     : Explicit concurrent mark sweep GC freed 34919(1645KB) AllocSpace objects, 0(0B) LOS objects, 25% free, 47MB/63MB, paused 1.028ms total 50.098ms
08-05 14:02:42.728 28123 28148 I art     : Starting a blocking GC Explicit
08-05 14:02:42.798 28123 28148 I art     : Explicit concurrent mark sweep GC freed 187426(8MB) AllocSpace objects, 1(20KB) LOS objects, 24% free, 49MB/65MB, paused 915us total 70.006ms
08-05 14:02:42.816 28123 28148 I art     : Starting a blocking GC Explicit
08-05 14:02:42.869 28123 28148 I art     : Explicit concurrent mark sweep GC freed 43976(2MB) AllocSpace objects, 0(0B) LOS objects, 24% free, 49MB/65MB, paused 1.058ms total 53.451ms
08-05 14:02:42.887 28123 28148 I art     : Starting a blocking GC Explicit
08-05 14:02:42.940 28123 28148 I art     : Explicit concurrent mark sweep GC freed 37430(1778KB) AllocSpace objects, 0(0B) LOS objects, 24% free, 49MB/65MB, paused 1.050ms total 53.111ms
08-05 14:02:42.957 28123 28148 I art     : Starting a blocking GC Explicit
08-05 14:02:43.012 28123 28148 I art     : Explicit concurrent mark sweep GC freed 37924(1774KB) AllocSpace objects, 0(0B) LOS objects, 24% free, 49MB/65MB, paused 1.078ms total 54.756ms
08-05 14:02:43.028 28123 28148 I art     : Starting a blocking GC Explicit
08-05 14:02:43.085 28123 28148 I art     : Explicit concurrent mark sweep GC freed 38780(1812KB) AllocSpace objects, 0(0B) LOS objects, 24% free, 50MB/66MB, paused 1.097ms total 56.060ms
08-05 14:02:43.377 28123 28134 I art     : Starting a blocking GC Explicit
08-05 14:02:43.453 28123 28134 I art     : Explicit concurrent mark sweep GC freed 189861(8MB) AllocSpace objects, 1(20KB) LOS objects, 23% free, 51MB/67MB, paused 935us total 75.119ms
08-05 14:02:43.472 28123 28134 I art     : Starting a blocking GC Explicit
08-05 14:02:43.532 28123 28134 I art     : Explicit concurrent mark sweep GC freed 47465(2MB) AllocSpace objects, 0(0B) LOS objects, 23% free, 51MB/67MB, paused 1.129ms total 60.401ms
08-05 14:02:43.551 28123 28134 I art     : Starting a blocking GC Explicit
08-05 14:02:43.612 28123 28134 I art     : Explicit concurrent mark sweep GC freed 42701(2010KB) AllocSpace objects, 0(0B) LOS objects, 23% free, 52MB/68MB, paused 1.230ms total 61.611ms
08-05 14:02:43.631 28123 28134 I art     : Starting a blocking GC Explicit
08-05 14:02:43.693 28123 28134 I art     : Explicit concurrent mark sweep GC freed 41807(2012KB) AllocSpace objects, 0(0B) LOS objects, 23% free, 52MB/68MB, paused 1.175ms total 61.828ms
08-05 14:02:43.701 28123 29350 I Service : getCourses response time: 0.69
08-05 14:02:43.711 28123 28134 I art     : Starting a blocking GC Explicit
08-05 14:02:43.718 28123 28123 I SettingsManager: Getting string: savedCourse
08-05 14:02:43.769 28123 28134 I art     : Explicit concurrent mark sweep GC freed 10123(475KB) AllocSpace objects, 1(14MB) LOS objects, 29% free, 37MB/53MB, paused 854us total 58.006ms
08-05 14:02:44.107 28123 29037 I art     : Starting a blocking GC Explicit
08-05 14:02:44.192 28123 29037 I art     : Explicit concurrent mark sweep GC freed 2044(105KB) AllocSpace objects, 1(20KB) LOS objects, 29% free, 37MB/53MB, paused 466us total 84.271ms
08-05 14:02:44.216 28123 29037 I art     : Starting a blocking GC Explicit
08-05 14:02:44.273 28123 29037 I art     : Explicit concurrent mark sweep GC freed 739(66KB) AllocSpace objects, 0(0B) LOS objects, 29% free, 37MB/53MB, paused 406us total 57.021ms
08-05 14:02:44.292 28123 29037 I art     : Starting a blocking GC Explicit
08-05 14:02:44.356 28123 29037 I art     : Explicit concurrent mark sweep GC freed 3(96B) AllocSpace objects, 0(0B) LOS objects, 29% free, 37MB/53MB, paused 417us total 63.305ms
08-05 14:02:44.376 28123 29037 I art     : Starting a blocking GC Explicit
08-05 14:02:44.439 28123 29037 I art     : Explicit concurrent mark sweep GC freed 3(96B) AllocSpace objects, 0(0B) LOS objects, 29% free, 37MB/53MB, paused 496us total 62.116ms
08-05 14:02:44.459 28123 29037 I art     : Starting a blocking GC Explicit
08-05 14:02:44.518 28123 29037 I art     : Explicit concurrent mark sweep GC freed 3(96B) AllocSpace objects, 0(0B) LOS objects, 29% free, 37MB/53MB, paused 420us total 59.229ms
08-05 14:02:44.607   518   646 I ThermalEngine: ACTION: GPU - Setting GPU[0] to 450000000
08-05 14:02:44.902 28123 28148 I art     : Starting a blocking GC Explicit
08-05 14:02:45.004 28123 28148 I art     : Explicit concurrent mark sweep GC freed 1293(75KB) AllocSpace objects, 1(20KB) LOS objects, 29% free, 37MB/53MB, paused 562us total 101.412ms
08-05 14:02:45.032 28123 28148 I art     : Starting a blocking GC Explicit
08-05 14:02:45.116 28123 28148 I art     : Explicit concurrent mark sweep GC freed 18(624B) AllocSpace objects, 0(0B) LOS objects, 29% free, 37MB/53MB, paused 555us total 83.230ms
08-05 14:02:45.141 28123 28148 I art     : Starting a blocking GC Explicit
08-05 14:02:45.225 28123 28148 I art     : Explicit concurrent mark sweep GC freed 3(96B) AllocSpace objects, 0(0B) LOS objects, 29% free, 37MB/53MB, paused 549us total 83.100ms
08-05 14:02:45.250 28123 28148 I art     : Starting a blocking GC Explicit
08-05 14:02:45.331 28123 28148 I art     : Explicit concurrent mark sweep GC freed 3(96B) AllocSpace objects, 0(0B) LOS objects, 29% free, 37MB/53MB, paused 549us total 80.221ms
08-05 14:02:45.356 28123 28148 I art     : Starting a blocking GC Explicit
08-05 14:02:45.439 28123 28148 I art     : Explicit concurrent mark sweep GC freed 6(224B) AllocSpace objects, 0(0B) LOS objects, 29% free, 37MB/53MB, paused 551us total 82.453ms
08-05 14:02:45.611   518   646 I ThermalEngine: ACTION: GPU - Setting GPU[0] to 510000000
08-05 14:02:45.781 28123 28135 I art     : Starting a blocking GC Explicit
08-05 14:02:45.858 28123 28135 I art     : Explicit concurrent mark sweep GC freed 1293(75KB) AllocSpace objects, 1(20KB) LOS objects, 29% free, 37MB/53MB, paused 450us total 76.949ms
08-05 14:02:45.878 28123 28135 I art     : Starting a blocking GC Explicit
08-05 14:02:45.941 28123 28135 I art     : Explicit concurrent mark sweep GC freed 18(624B) AllocSpace objects, 0(0B) LOS objects, 29% free, 37MB/53MB, paused 400us total 62.566ms
08-05 14:02:45.961 28123 28135 I art     : Starting a blocking GC Explicit
08-05 14:02:46.025 28123 28135 I art     : Explicit concurrent mark sweep GC freed 3(96B) AllocSpace objects, 0(0B) LOS objects, 29% free, 37MB/53MB, paused 377us total 64.155ms
08-05 14:02:46.045 28123 28135 I art     : Starting a blocking GC Explicit
08-05 14:02:46.109 28123 28135 I art     : Explicit concurrent mark sweep GC freed 3(96B) AllocSpace objects, 0(0B) LOS objects, 29% free, 37MB/53MB, paused 412us total 64.018ms
08-05 14:02:46.130 28123 28135 I art     : Starting a blocking GC Explicit
08-05 14:02:46.192 28123 28135 I art     : Explicit concurrent mark sweep GC freed 3(96B) AllocSpace objects, 0(0B) LOS objects, 29% free, 37MB/53MB, paused 415us total 62.473ms
08-05 14:02:46.517 28123 29037 I art     : Starting a blocking GC Explicit
08-05 14:02:46.582 28123 29037 I art     : Explicit concurrent mark sweep GC freed 1293(75KB) AllocSpace objects, 1(20KB) LOS objects, 29% free, 37MB/53MB, paused 403us total 64.440ms
08-05 14:02:46.602 28123 29037 I art     : Starting a blocking GC Explicit
08-05 14:02:46.659 28123 29037 I art     : Explicit concurrent mark sweep GC freed 18(624B) AllocSpace objects, 0(0B) LOS objects, 29% free, 37MB/53MB, paused 406us total 56.887ms
08-05 14:02:46.659 28123 28133 I art     : WaitForGcToComplete blocked for 57.153ms for cause HeapTrim
08-05 14:02:46.678 28123 29037 I art     : Starting a blocking GC Explicit
08-05 14:02:46.736 28123 29037 I art     : Explicit concurrent mark sweep GC freed 3(96B) AllocSpace objects, 0(0B) LOS objects, 29% free, 37MB/53MB, paused 404us total 58.134ms
08-05 14:02:46.756 28123 29037 I art     : Starting a blocking GC Explicit
08-05 14:02:46.812 28123 29037 I art     : Explicit concurrent mark sweep GC freed 3(96B) AllocSpace objects, 0(0B) LOS objects, 29% free, 37MB/53MB, paused 407us total 56.196ms
08-05 14:02:46.831 28123 29037 I art     : Starting a blocking GC Explicit
08-05 14:02:46.866 29451 29451 D AndroidRuntime: >>>>>> START com.android.internal.os.RuntimeInit uid 2000 <<<<<<
08-05 14:02:46.870 29451 29451 D AndroidRuntime: CheckJNI is OFF
08-05 14:02:46.888 28123 29037 I art     : Explicit concurrent mark sweep GC freed 3(96B) AllocSpace objects, 0(0B) LOS objects, 29% free, 37MB/53MB, paused 725us total 56.924ms
08-05 14:02:46.909 29451 29451 D ICU     : No timezone override file found: /data/misc/zoneinfo/current/icu/icu_tzdata.dat
08-05 14:02:46.940 29451 29451 I Radio-JNI: register_android_hardware_Radio DONE
08-05 14:02:46.961 29451 29451 D AndroidRuntime: Calling main entry com.android.commands.input.Input
08-05 14:02:46.963 29451 29451 I Input   : injectMotionEvent: MotionEvent { action=ACTION_DOWN, actionButton=0, id[0]=0, x[0]=648.0, y[0]=709.0, toolType[0]=TOOL_TYPE_UNKNOWN, buttonState=0, metaState=0, flags=0x0, edgeFlags=0x0, pointerCount=1, historySize=0, eventTime=799383375, downTime=799383375, deviceId=0, source=0x1002 }
08-05 14:02:46.970 29451 29451 I Input   : injectMotionEvent: MotionEvent { action=ACTION_UP, actionButton=0, id[0]=0, x[0]=648.0, y[0]=709.0, toolType[0]=TOOL_TYPE_UNKNOWN, buttonState=0, metaState=0, flags=0x0, edgeFlags=0x0, pointerCount=1, historySize=0, eventTime=799383375, downTime=799383375, deviceId=0, source=0x1002 }
08-05 14:02:46.972 29451 29451 D AndroidRuntime: Shutting down VM
08-05 14:02:47.039   512  2967 D audio_hw_primary: out_set_parameters: enter: usecase(1: low-latency-playback) kvpairs: routing=2
08-05 14:02:47.053   512  2967 D audio_hw_primary: select_devices: out_snd_device(2: speaker) in_snd_device(0: none)
08-05 14:02:47.053   512  2967 D msm8974_platform: platform_send_audio_calibration: sending audio calibration for snd_device(2) acdb_id(15)
08-05 14:02:47.053   512  2967 I soundtrigger: audio_extn_sound_trigger_update_device_status: device 0x2 of type 0 for Event 1
08-05 14:02:47.065   512  2967 D audio_hw_primary: enable_snd_device: snd_device(2: speaker)
08-05 14:02:47.067   512  2967 D audio_hw_primary: enable_audio_route: apply and update mixer path: low-latency-playback speaker
08-05 14:02:47.124   918  3261 D WifiStateMachine: starting scan for "H369AA63323"WPA_PSK with 2412,5180
08-05 14:02:47.164 28123 28148 I art     : Starting a blocking GC Explicit
08-05 14:02:47.241 28123 28148 I art     : Explicit concurrent mark sweep GC freed 2058(133KB) AllocSpace objects, 2(40KB) LOS objects, 29% free, 37MB/53MB, paused 453us total 76.917ms
08-05 14:02:47.266 28123 28148 I art     : Starting a blocking GC Explicit
08-05 14:02:47.333 28123 28148 I art     : Explicit concurrent mark sweep GC freed 149(6KB) AllocSpace objects, 0(0B) LOS objects, 29% free, 37MB/53MB, paused 367us total 66.825ms
08-05 14:02:47.353 28123 28148 I art     : Starting a blocking GC Explicit
08-05 14:02:47.419 28123 28148 I art     : Explicit concurrent mark sweep GC freed 3(96B) AllocSpace objects, 0(0B) LOS objects, 29% free, 37MB/53MB, paused 388us total 65.639ms
08-05 14:02:47.441 28123 28148 I art     : Starting a blocking GC Explicit
08-05 14:02:47.507 28123 28148 I art     : Explicit concurrent mark sweep GC freed 9(320B) AllocSpace objects, 0(0B) LOS objects, 29% free, 37MB/53MB, paused 402us total 65.473ms
08-05 14:02:47.533 28123 28148 I art     : Starting a blocking GC Explicit
08-05 14:02:47.609   512  2967 D audio_hw_primary: disable_audio_route: reset and update mixer path: low-latency-playback speaker
08-05 14:02:47.610 28123 28148 I art     : Explicit concurrent mark sweep GC freed 5(160B) AllocSpace objects, 0(0B) LOS objects, 29% free, 37MB/53MB, paused 442us total 76.562ms
08-05 14:02:47.613   512  2967 D audio_hw_primary: disable_snd_device: snd_device(2: speaker)
08-05 14:02:47.623   512  2967 I soundtrigger: audio_extn_sound_trigger_update_device_status: device 0x2 of type 0 for Event 0
08-05 14:02:47.945 28123 28134 I art     : Starting a blocking GC Explicit
08-05 14:02:48.016 28123 28134 I art     : Explicit concurrent mark sweep GC freed 1293(75KB) AllocSpace objects, 1(20KB) LOS objects, 29% free, 37MB/53MB, paused 416us total 71.341ms
08-05 14:02:48.037 28123 28134 I art     : Starting a blocking GC Explicit
08-05 14:02:48.100 28123 28134 I art     : Explicit concurrent mark sweep GC freed 22(752B) AllocSpace objects, 0(0B) LOS objects, 29% free, 37MB/53MB, paused 403us total 63.678ms
08-05 14:02:48.120 28123 28134 I art     : Starting a blocking GC Explicit
08-05 14:02:48.185 28123 28134 I art     : Explicit concurrent mark sweep GC freed 3(96B) AllocSpace objects, 0(0B) LOS objects, 29% free, 37MB/53MB, paused 404us total 64.637ms
08-05 14:02:48.205 28123 28134 I art     : Starting a blocking GC Explicit
08-05 14:02:48.267 28123 28134 I art     : Explicit concurrent mark sweep GC freed 3(96B) AllocSpace objects, 0(0B) LOS objects, 29% free, 37MB/53MB, paused 404us total 61.010ms
08-05 14:02:48.286 28123 28134 I art     : Starting a blocking GC Explicit
08-05 14:02:48.343 28123 28134 I art     : Explicit concurrent mark sweep GC freed 3(96B) AllocSpace objects, 0(0B) LOS objects, 29% free, 37MB/53MB, paused 395us total 56.857ms
08-05 14:02:48.619 29486 29486 D AndroidRuntime: >>>>>> START com.android.internal.os.RuntimeInit uid 2000 <<<<<<
08-05 14:02:48.624 29486 29486 D AndroidRuntime: CheckJNI is OFF
08-05 14:02:48.629 28123 28148 I art     : Starting a blocking GC Explicit
08-05 14:02:48.660 29486 29486 D ICU     : No timezone override file found: /data/misc/zoneinfo/current/icu/icu_tzdata.dat
08-05 14:02:48.695 28123 28148 I art     : Explicit concurrent mark sweep GC freed 1295(75KB) AllocSpace objects, 1(20KB) LOS objects, 29% free, 37MB/53MB, paused 480us total 65.497ms
08-05 14:02:48.698 29486 29486 I Radio-JNI: register_android_hardware_Radio DONE
08-05 14:02:48.716 28123 28148 I art     : Starting a blocking GC Explicit
08-05 14:02:48.723 29486 29486 D AndroidRuntime: Calling main entry com.android.commands.input.Input
08-05 14:02:48.725 29486 29486 I Input   : injectMotionEvent: MotionEvent { action=ACTION_DOWN, actionButton=0, id[0]=0, x[0]=1197.0, y[0]=1456.0, toolType[0]=TOOL_TYPE_UNKNOWN, buttonState=0, metaState=0, flags=0x0, edgeFlags=0x0, pointerCount=1, historySize=0, eventTime=799385137, downTime=799385137, deviceId=0, source=0x1002 }
08-05 14:02:48.730 29486 29486 I Input   : injectMotionEvent: MotionEvent { action=ACTION_UP, actionButton=0, id[0]=0, x[0]=1197.0, y[0]=1456.0, toolType[0]=TOOL_TYPE_UNKNOWN, buttonState=0, metaState=0, flags=0x0, edgeFlags=0x0, pointerCount=1, historySize=0, eventTime=799385137, downTime=799385137, deviceId=0, source=0x1002 }
08-05 14:02:48.732 29486 29486 D AndroidRuntime: Shutting down VM
08-05 14:02:48.742   512  2967 D audio_hw_primary: out_set_parameters: enter: usecase(1: low-latency-playback) kvpairs: routing=2
08-05 14:02:48.755   512  2967 D audio_hw_primary: select_devices: out_snd_device(2: speaker) in_snd_device(0: none)
08-05 14:02:48.755   512  2967 D msm8974_platform: platform_send_audio_calibration: sending audio calibration for snd_device(2) acdb_id(15)
08-05 14:02:48.755   512  2967 I soundtrigger: audio_extn_sound_trigger_update_device_status: device 0x2 of type 0 for Event 1
08-05 14:02:48.761 28123 28142 D OpenGLRenderer: endAllStagingAnimators on 0x7f94a25000 (RippleDrawable) with handle 0x7f77d53b20
08-05 14:02:48.764   512  2967 D audio_hw_primary: enable_snd_device: snd_device(2: speaker)
08-05 14:02:48.766   512  2967 D audio_hw_primary: enable_audio_route: apply and update mixer path: low-latency-playback speaker
08-05 14:02:48.768 28123 28123 I SettingsManager: Setting string: savedCourse
08-05 14:02:48.768   918  3696 W BackupManagerService: dataChanged but no participant pkg='baseline.com.ak.uobtimetable' uid=10684
08-05 14:02:48.769   918  6110 I ActivityManager: START u0 {flg=0x4000000 cmp=baseline.com.ak.uobtimetable/.MainActivity (has extras)} from uid 10684 on display 0
08-05 14:02:48.773 28123 28148 I art     : Explicit concurrent mark sweep GC freed 2449(114KB) AllocSpace objects, 0(0B) LOS objects, 29% free, 37MB/53MB, paused 539us total 56.251ms
08-05 14:02:48.783   918  5952 W InputMethodManagerService: Focus gain on non-focused client com.android.internal.view.IInputMethodClient$Stub$Proxy@611b2d3 (uid=10684 pid=28123)
08-05 14:02:48.793 28123 28148 I art     : Starting a blocking GC Explicit
08-05 14:02:48.801 28123 28123 D MainActivity: OnDestroy
08-05 14:02:48.822 28123 28123 D MainActivity: onCreate
08-05 14:02:48.822 28123 28123 I SettingsManager: Getting string: savedSessions
08-05 14:02:48.822 28123 28123 I SettingsManager: Getting string: savedSessions
08-05 14:02:48.830 28123 28123 I SettingsManager: Getting string: savedSessionsCourseName
08-05 14:02:48.830 28123 28123 I SettingsManager: Getting string: savedSessionsCourseName
08-05 14:02:48.830 28123 28123 I SettingsManager: Getting string: savedSessionsDateRange
08-05 14:02:48.830 28123 28123 I SettingsManager: Getting string: savedSessionsDateRange
08-05 14:02:48.830 28123 28123 I Settings: 15 saved sessions - Artificial Intelligence and Robotics (with Foundation Year) - BSc (Hons) - Ltn - Y0 Feb FT - Weeks: 24-38 (8 Jun 2020-20 Sep 2020)
08-05 14:02:48.855 28123 28148 I art     : Explicit concurrent mark sweep GC freed 9252(425KB) AllocSpace objects, 0(0B) LOS objects, 29% free, 38MB/54MB, paused 633us total 61.250ms
08-05 14:02:48.862 28123 28123 I SettingsManager: Getting string: savedCourse
08-05 14:02:48.863 28123 28123 D MainActivity: sessionListFragmentArg: updateSessions
08-05 14:02:48.863 28123 28123 D MainActivity: showTermDatesConfigChange: false
08-05 14:02:48.863 28123 28123 D MainActivity: showTermDatesShortcut: false
08-05 14:02:48.863 28123 28123 D MainActivity: Setting initial fragment: SessionListsFragment
08-05 14:02:48.864 28123 28123 I SettingsManager: Getting int: launchCount
08-05 14:02:48.865 28123 28123 D SessionListsFragment: onCreateView
08-05 14:02:48.869 28123 28123 I SettingsManager: Getting string: savedCourse
08-05 14:02:48.873 28123 28123 I SettingsManager: Getting string: savedSessions
08-05 14:02:48.873 28123 28148 I art     : Starting a blocking GC Explicit
08-05 14:02:48.884 28123 28123 D SessionListsFragment: loadArgument: updateSessions
08-05 14:02:48.884 28123 28123 D SessionListsFragment: initialIndex: -1
08-05 14:02:48.885 28123 29509 D HTTP    : Request for: https://uob-timetable-api.adriankeenan.co.uk/sessions?dept=CM010&course=BSAIFAAF%2F02AA%2F0%2FFT&level=Foundation+Year
08-05 14:02:48.898 28123 28123 D TermDatesFragment: WebView loaded
08-05 14:02:48.898 28123 28123 D MainActivity: OnResume
08-05 14:02:48.908 28123 28123 I TermDatesFragment: Webview load %: 10
08-05 14:02:48.939 28123 28148 I art     : Explicit concurrent mark sweep GC freed 10776(526KB) AllocSpace objects, 3(1380KB) LOS objects, 29% free, 37MB/53MB, paused 683us total 65.770ms
08-05 14:02:48.958 28123 28148 I art     : Starting a blocking GC Explicit
08-05 14:02:48.989   918   936 I ActivityManager: Displayed baseline.com.ak.uobtimetable/.MainActivity: +203ms
08-05 14:02:48.989 13866 13866 I GoogleInputMethodServic: GoogleInputMethodService.onFinishInput():3138 
08-05 14:02:48.990 13866 13866 I GoogleInputMethodServic: GoogleInputMethodService.onStartInput():1808 
08-05 14:02:49.006 28123 28148 I art     : Explicit concurrent mark sweep GC freed 38267(1680KB) AllocSpace objects, 5(192KB) LOS objects, 30% free, 36MB/52MB, paused 502us total 48.038ms
08-05 14:02:49.102 28123 28123 I TermDatesFragment: Webview load %: 70
08-05 14:02:49.111 28123 28123 I TermDatesFragment: Webview load %: 100
08-05 14:02:49.111 28123 28123 I TermDatesFragment: Webview load %: 100
08-05 14:02:49.113 28123 29509 I NAPPA_EXPERIMENTATION: MetricNetworkRequestExecutionTime: REQUEST_DURATION_SYSTEM='226',REQUEST_DURATION_OKHTTP='60',REQUEST_SYNCHRONOUS='TRUE',RESPONSE_CODE='200',RESPONSE_METHOD='GET',RESPONSE_LENGTH_OKHTTP='-1',RESPONSE_LENGTH_HEADER='1214',REQUEST_PROTOCOL='http/1.1',REQUEST_URL='https://uob-timetable-api.adriankeenan.co.uk/sessions?dept=CM010&course=BSAIFAAF%2F02AA%2F0%2FFT&level=Foundation+Year',
08-05 14:02:49.150 28123 29509 I HTTP    : Response was compressed.
08-05 14:02:49.170 28123 29509 I Service : getSessions response time: 1.10
08-05 14:02:49.170 28123 28123 I SettingsManager: Getting string: savedSessions
08-05 14:02:49.172 28123 28123 I SettingsManager: Getting string: savedSessions
08-05 14:02:49.182 28123 28123 I Service : Sessions updated: 15
08-05 14:02:49.182 28123 28123 I Service : Sessions removed from new list: 0
08-05 14:02:49.190 28123 28123 I SettingsManager: Setting string: savedSessions
08-05 14:02:49.190   918  3696 W BackupManagerService: dataChanged but no participant pkg='baseline.com.ak.uobtimetable' uid=10684
08-05 14:02:49.191 28123 28123 I SettingsManager: Setting date: savedSessionsTime
08-05 14:02:49.198   918  6110 W BackupManagerService: dataChanged but no participant pkg='baseline.com.ak.uobtimetable' uid=10684
08-05 14:02:49.198 28123 28123 I SettingsManager: Setting string: savedSessionsCourseName
08-05 14:02:49.199   918  5952 W BackupManagerService: dataChanged but no participant pkg='baseline.com.ak.uobtimetable' uid=10684
08-05 14:02:49.199 28123 28123 I SettingsManager: Setting string: savedSessionsDateRange
08-05 14:02:49.199   918  3961 W BackupManagerService: dataChanged but no participant pkg='baseline.com.ak.uobtimetable' uid=10684
08-05 14:02:49.199 28123 28123 I SettingsManager: Setting string: timetableUrl
08-05 14:02:49.200   918  3670 W BackupManagerService: dataChanged but no participant pkg='baseline.com.ak.uobtimetable' uid=10684
08-05 14:02:49.200 28123 28123 I SettingsManager: Getting boolean: notifySessionRemindersEnabled
08-05 14:02:49.200 28123 28123 I SettingsManager: Getting int: notifySessionRemindersMinutes
08-05 14:02:49.200 28123 28123 I SettingsManager: Getting boolean: showHiddenSessions
08-05 14:02:49.203 28123 28123 I SessionReminderNotifier: Created session reminder alarm for f7b4771250a919bd729c1c5a4a459c77 at Mon 08:30:00 10/08/20
08-05 14:02:49.205 28123 28123 I SessionReminderNotifier: Created session reminder alarm for a7f879aabdeb78622c8820a5fb7b64cd at Tue 08:30:00 11/08/20
08-05 14:02:49.207 28123 28123 I SessionReminderNotifier: Created session reminder alarm for 7bc8d7e2c2055711f597c3d9078c6ea3 at Tue 08:30:00 11/08/20
08-05 14:02:49.209 28123 28123 I SessionReminderNotifier: Created session reminder alarm for 53c0527a6f009a1f2fd223834d3bfe51 at Tue 10:30:00 11/08/20
08-05 14:02:49.211 28123 28123 I SessionReminderNotifier: Created session reminder alarm for e0fc978b5db8218778540b4053344581 at Tue 11:00:00 11/08/20
08-05 14:02:49.213 28123 28123 I SessionReminderNotifier: Created session reminder alarm for 199afb0100f329ff65a09e1b0cd9deba at Tue 11:30:00 11/08/20
08-05 14:02:49.214 28123 28123 I SessionReminderNotifier: Created session reminder alarm for 21712fef61090882c855a1425543edb5 at Tue 13:30:00 11/08/20
08-05 14:02:49.215 28123 28123 I SessionReminderNotifier: Created session reminder alarm for 65ca4d97f031f29a4d02bbb45a705d8f at Wed 08:30:00 12/08/20
08-05 14:02:49.217 28123 28123 I SessionReminderNotifier: Created session reminder alarm for eeda7741b0bcab58fd9f46dc6ef1d942 at Wed 08:30:00 12/08/20
08-05 14:02:49.218 28123 28123 I SessionReminderNotifier: Created session reminder alarm for c276c1b2075a0beb67f1b3d1e580f920 at Wed 11:00:00 12/08/20
08-05 14:02:49.220 28123 28123 I SessionReminderNotifier: Created session reminder alarm for 8b1f3627e42ae13a6f6ba0a83903dde1 at Wed 13:30:00 05/08/20
08-05 14:02:49.221 28123 28123 I SessionReminderNotifier: Created session reminder alarm for 79fe0b5c3b887a13ba29db5a33fa2800 at Thu 08:30:00 06/08/20
08-05 14:02:49.222 28123 28123 I SessionReminderNotifier: Created session reminder alarm for cb9dfc8231cdba2be0835dc5709690e1 at Thu 08:30:00 06/08/20
08-05 14:02:49.223 28123 28123 I SessionReminderNotifier: Created session reminder alarm for f850dc24d6de60b7b89fa9e1a8c224c5 at Thu 12:00:00 06/08/20
08-05 14:02:49.225 28123 28123 I SessionReminderNotifier: Created session reminder alarm for 2ba1034116e4fffdd592dbf0796a43d5 at Fri 08:30:00 07/08/20
08-05 14:02:49.225 28123 28123 I SettingsManager: Getting boolean: showHiddenSessions
08-05 14:02:49.225 28123 28123 D SessionListsFragment: 1 sessions for day 0
08-05 14:02:49.225 28123 28123 D SessionListsFragment: 6 sessions for day 1
08-05 14:02:49.225 28123 28123 D SessionListsFragment: 4 sessions for day 2
08-05 14:02:49.225 28123 28123 D SessionListsFragment: 3 sessions for day 3
08-05 14:02:49.225 28123 28123 D SessionListsFragment: 1 sessions for day 4
08-05 14:02:49.258 28123 28123 I SettingsManager: Getting boolean: showHiddenSessions
08-05 14:02:49.259 28123 28123 D SessionListsFragment: Refreshed ViewPager
08-05 14:02:49.259 28123 28123 I SettingsManager: Getting boolean: showHiddenSessions
08-05 14:02:49.260 28123 28123 I SettingsManager: Getting boolean: completedTutorial
08-05 14:02:49.260 28123 28123 I SettingsManager: Getting boolean: showHiddenSessions
08-05 14:02:49.260 28123 28123 I SettingsManager: Getting date: savedSessionsTime
08-05 14:02:49.271 28123 28134 I art     : Starting a blocking GC Explicit
08-05 14:02:49.308   512  2967 D audio_hw_primary: disable_audio_route: reset and update mixer path: low-latency-playback speaker
08-05 14:02:49.309   512  2967 D audio_hw_primary: disable_snd_device: snd_device(2: speaker)
08-05 14:02:49.317   512  2967 I soundtrigger: audio_extn_sound_trigger_update_device_status: device 0x2 of type 0 for Event 0
08-05 14:02:49.333 28123 28134 I art     : Explicit concurrent mark sweep GC freed 54468(2MB) AllocSpace objects, 7(272KB) LOS objects, 30% free, 36MB/52MB, paused 1.024ms total 61.814ms
08-05 14:02:49.349 28123 28134 I art     : Starting a blocking GC Explicit
08-05 14:02:49.404 28123 28134 I art     : Explicit concurrent mark sweep GC freed 32585(1418KB) AllocSpace objects, 0(0B) LOS objects, 30% free, 36MB/52MB, paused 1.010ms total 54.294ms
08-05 14:02:49.420 28123 28134 I art     : Starting a blocking GC Explicit
08-05 14:02:49.477 28123 28134 I art     : Explicit concurrent mark sweep GC freed 30873(1271KB) AllocSpace objects, 0(0B) LOS objects, 30% free, 37MB/53MB, paused 1.047ms total 56.825ms
08-05 14:02:49.495 28123 28134 I art     : Starting a blocking GC Explicit
08-05 14:02:49.555 28123 28134 I art     : Explicit concurrent mark sweep GC freed 30518(1265KB) AllocSpace objects, 0(0B) LOS objects, 30% free, 37MB/53MB, paused 1.063ms total 59.859ms
08-05 14:02:49.573 28123 28134 I art     : Starting a blocking GC Explicit
08-05 14:02:49.619   518   646 I ThermalEngine: ACTION: GPU - Setting GPU[0] to 450000000
08-05 14:02:49.639 28123 28134 I art     : Explicit concurrent mark sweep GC freed 33928(1389KB) AllocSpace objects, 0(0B) LOS objects, 29% free, 37MB/53MB, paused 1.351ms total 66.368ms
08-05 14:02:49.965 28123 29037 I art     : Starting a blocking GC Explicit
08-05 14:02:49.968 28123 28123 I Choreographer: Skipped 41 frames!  The application may be doing too much work on its main thread.
08-05 14:02:50.062 28123 29037 I art     : Explicit concurrent mark sweep GC freed 113064(4MB) AllocSpace objects, 1(20KB) LOS objects, 29% free, 37MB/53MB, paused 660us total 96.144ms
08-05 14:02:50.084 28123 29037 I art     : Starting a blocking GC Explicit
08-05 14:02:50.152 28123 29037 I art     : Explicit concurrent mark sweep GC freed 2733(263KB) AllocSpace objects, 0(0B) LOS objects, 29% free, 37MB/53MB, paused 547us total 66.929ms
08-05 14:02:50.174 28123 29037 I art     : Starting a blocking GC Explicit
08-05 14:02:50.230 28123 29037 I art     : Explicit concurrent mark sweep GC freed 121340(11MB) AllocSpace objects, 3(136KB) LOS objects, 37% free, 26MB/42MB, paused 507us total 56.154ms
08-05 14:02:50.245 28123 29037 I art     : Starting a blocking GC Explicit
08-05 14:02:50.283 28123 29037 I art     : Explicit concurrent mark sweep GC freed 226(10KB) AllocSpace objects, 0(0B) LOS objects, 37% free, 26MB/42MB, paused 488us total 37.637ms
08-05 14:02:50.298 28123 29037 I art     : Starting a blocking GC Explicit
08-05 14:02:50.342 28123 29037 I art     : Explicit concurrent mark sweep GC freed 3(96B) AllocSpace objects, 0(0B) LOS objects, 37% free, 26MB/42MB, paused 589us total 43.792ms
08-05 14:02:50.691 28123 28148 I art     : Starting a blocking GC Explicit
08-05 14:02:50.748 28123 28148 I art     : Explicit concurrent mark sweep GC freed 1294(75KB) AllocSpace objects, 1(20KB) LOS objects, 37% free, 26MB/42MB, paused 587us total 56.749ms
08-05 14:02:50.766 28123 28148 I art     : Starting a blocking GC Explicit
08-05 14:02:50.813 28123 28148 I art     : Explicit concurrent mark sweep GC freed 18(624B) AllocSpace objects, 0(0B) LOS objects, 37% free, 26MB/42MB, paused 577us total 46.734ms
08-05 14:02:50.830 28123 28148 I art     : Starting a blocking GC Explicit
08-05 14:02:50.879 28123 28148 I art     : Explicit concurrent mark sweep GC freed 12(512B) AllocSpace objects, 0(0B) LOS objects, 37% free, 26MB/42MB, paused 1.121ms total 48.883ms
08-05 14:02:50.895 28123 28148 I art     : Starting a blocking GC Explicit
08-05 14:02:50.936 28123 28148 I art     : Explicit concurrent mark sweep GC freed 43(1376B) AllocSpace objects, 0(0B) LOS objects, 37% free, 26MB/42MB, paused 578us total 40.872ms
08-05 14:02:50.951 28123 28148 I art     : Starting a blocking GC Explicit
08-05 14:02:50.994 28123 28148 I art     : Explicit concurrent mark sweep GC freed 36(1168B) AllocSpace objects, 0(0B) LOS objects, 37% free, 26MB/42MB, paused 687us total 42.308ms
08-05 14:02:51.345 28123 29037 I art     : Starting a blocking GC Explicit
08-05 14:02:51.405 28123 29037 I art     : Explicit concurrent mark sweep GC freed 1361(77KB) AllocSpace objects, 1(20KB) LOS objects, 37% free, 26MB/42MB, paused 556us total 59.710ms
08-05 14:02:51.423 28123 29037 I art     : Starting a blocking GC Explicit
08-05 14:02:51.472 28123 29037 I art     : Explicit concurrent mark sweep GC freed 18(624B) AllocSpace objects, 0(0B) LOS objects, 37% free, 26MB/42MB, paused 580us total 47.968ms
08-05 14:02:51.488 28123 29037 I art     : Starting a blocking GC Explicit
08-05 14:02:51.536 28123 29037 I art     : Explicit concurrent mark sweep GC freed 3(96B) AllocSpace objects, 0(0B) LOS objects, 37% free, 26MB/42MB, paused 524us total 47.057ms
08-05 14:02:51.552 28123 29037 I art     : Starting a blocking GC Explicit
08-05 14:02:51.599 28123 29037 I art     : Explicit concurrent mark sweep GC freed 3(96B) AllocSpace objects, 0(0B) LOS objects, 37% free, 26MB/42MB, paused 576us total 47.138ms
08-05 14:02:51.616 28123 29037 I art     : Starting a blocking GC Explicit
08-05 14:02:51.664 28123 29037 I art     : Explicit concurrent mark sweep GC freed 3(96B) AllocSpace objects, 0(0B) LOS objects, 37% free, 26MB/42MB, paused 560us total 47.618ms
08-05 14:02:52.026 28123 28134 I art     : Starting a blocking GC Explicit
08-05 14:02:52.084 28123 28134 I art     : Explicit concurrent mark sweep GC freed 1293(75KB) AllocSpace objects, 1(20KB) LOS objects, 37% free, 26MB/42MB, paused 559us total 56.939ms
08-05 14:02:52.104 28123 28134 I art     : Starting a blocking GC Explicit
08-05 14:02:52.155 28123 28134 I art     : Explicit concurrent mark sweep GC freed 18(624B) AllocSpace objects, 0(0B) LOS objects, 37% free, 26MB/42MB, paused 552us total 50.933ms
08-05 14:02:52.172 28123 28134 I art     : Starting a blocking GC Explicit
08-05 14:02:52.221 28123 28134 I art     : Explicit concurrent mark sweep GC freed 3(96B) AllocSpace objects, 0(0B) LOS objects, 37% free, 26MB/42MB, paused 591us total 48.787ms
08-05 14:02:52.241 28123 28134 I art     : Starting a blocking GC Explicit
08-05 14:02:52.287 28123 28134 I art     : Explicit concurrent mark sweep GC freed 3(96B) AllocSpace objects, 0(0B) LOS objects, 37% free, 26MB/42MB, paused 727us total 46.380ms
08-05 14:02:52.304 28123 28134 I art     : Starting a blocking GC Explicit
08-05 14:02:52.348 28123 28134 I art     : Explicit concurrent mark sweep GC freed 3(96B) AllocSpace objects, 0(0B) LOS objects, 37% free, 26MB/42MB, paused 618us total 43.692ms
08-05 14:02:52.626   518   646 I ThermalEngine: ACTION: GPU - Setting GPU[0] to 510000000
08-05 14:02:52.702 28123 28135 I art     : Starting a blocking GC Explicit
08-05 14:02:52.748 28123 28135 I art     : Explicit concurrent mark sweep GC freed 1293(75KB) AllocSpace objects, 1(20KB) LOS objects, 37% free, 26MB/42MB, paused 457us total 45.303ms
08-05 14:02:52.765 28123 28135 I art     : Starting a blocking GC Explicit
08-05 14:02:52.801 28123 28135 I art     : Explicit concurrent mark sweep GC freed 18(624B) AllocSpace objects, 0(0B) LOS objects, 37% free, 26MB/42MB, paused 431us total 35.379ms
08-05 14:02:52.813 28123 28135 I art     : Starting a blocking GC Explicit
08-05 14:02:52.849 28123 28135 I art     : Explicit concurrent mark sweep GC freed 3(96B) AllocSpace objects, 0(0B) LOS objects, 37% free, 26MB/42MB, paused 412us total 35.265ms
08-05 14:02:52.861 28123 28135 I art     : Starting a blocking GC Explicit
08-05 14:02:52.896 28123 28135 I art     : Explicit concurrent mark sweep GC freed 3(96B) AllocSpace objects, 0(0B) LOS objects, 37% free, 26MB/42MB, paused 408us total 34.519ms
08-05 14:02:52.909 28123 28135 I art     : Starting a blocking GC Explicit
08-05 14:02:52.945 28123 28135 I art     : Explicit concurrent mark sweep GC freed 3(96B) AllocSpace objects, 0(0B) LOS objects, 37% free, 26MB/42MB, paused 411us total 35.574ms
08-05 14:02:53.231 28123 28135 I art     : Starting a blocking GC Explicit
08-05 14:02:53.267 28123 28135 I art     : Explicit concurrent mark sweep GC freed 1389(78KB) AllocSpace objects, 1(20KB) LOS objects, 37% free, 26MB/42MB, paused 405us total 36.061ms
08-05 14:02:53.279 28123 28135 I art     : Starting a blocking GC Explicit
08-05 14:02:53.313 28123 28135 I art     : Explicit concurrent mark sweep GC freed 166(10KB) AllocSpace objects, 0(0B) LOS objects, 37% free, 26MB/42MB, paused 420us total 33.410ms
08-05 14:02:53.325 28123 28135 I art     : Starting a blocking GC Explicit
08-05 14:02:53.359 28123 28135 I art     : Explicit concurrent mark sweep GC freed 3(96B) AllocSpace objects, 0(0B) LOS objects, 37% free, 26MB/42MB, paused 398us total 33.490ms
08-05 14:02:53.371 28123 28135 I art     : Starting a blocking GC Explicit
08-05 14:02:53.405 28123 28135 I art     : Explicit concurrent mark sweep GC freed 3(96B) AllocSpace objects, 0(0B) LOS objects, 37% free, 26MB/42MB, paused 417us total 33.679ms
08-05 14:02:53.417 28123 28135 I art     : Starting a blocking GC Explicit
08-05 14:02:53.433 29599 29599 D AndroidRuntime: >>>>>> START com.android.internal.os.RuntimeInit uid 2000 <<<<<<
08-05 14:02:53.438 29599 29599 D AndroidRuntime: CheckJNI is OFF
08-05 14:02:53.452 28123 28135 I art     : Explicit concurrent mark sweep GC freed 3(96B) AllocSpace objects, 0(0B) LOS objects, 37% free, 26MB/42MB, paused 424us total 34.612ms
08-05 14:02:53.475 29599 29599 D ICU     : No timezone override file found: /data/misc/zoneinfo/current/icu/icu_tzdata.dat
08-05 14:02:53.507 29599 29599 I Radio-JNI: register_android_hardware_Radio DONE
08-05 14:02:53.528 29599 29599 D AndroidRuntime: Calling main entry com.android.commands.input.Input
08-05 14:02:53.530 29599 29599 I Input   : injectMotionEvent: MotionEvent { action=ACTION_DOWN, actionButton=0, id[0]=0, x[0]=81.0, y[0]=176.0, toolType[0]=TOOL_TYPE_UNKNOWN, buttonState=0, metaState=0, flags=0x0, edgeFlags=0x0, pointerCount=1, historySize=0, eventTime=799389943, downTime=799389943, deviceId=0, source=0x1002 }
08-05 14:02:53.536 29599 29599 I Input   : injectMotionEvent: MotionEvent { action=ACTION_UP, actionButton=0, id[0]=0, x[0]=81.0, y[0]=176.0, toolType[0]=TOOL_TYPE_UNKNOWN, buttonState=0, metaState=0, flags=0x0, edgeFlags=0x0, pointerCount=1, historySize=0, eventTime=799389943, downTime=799389943, deviceId=0, source=0x1002 }
08-05 14:02:53.538 29599 29599 D AndroidRuntime: Shutting down VM
08-05 14:02:53.547   512  2967 D audio_hw_primary: out_set_parameters: enter: usecase(1: low-latency-playback) kvpairs: routing=2
08-05 14:02:53.560   512  2967 D audio_hw_primary: select_devices: out_snd_device(2: speaker) in_snd_device(0: none)
08-05 14:02:53.561   512  2967 D msm8974_platform: platform_send_audio_calibration: sending audio calibration for snd_device(2) acdb_id(15)
08-05 14:02:53.561   512  2967 I soundtrigger: audio_extn_sound_trigger_update_device_status: device 0x2 of type 0 for Event 1
08-05 14:02:53.572   512  2967 D audio_hw_primary: enable_snd_device: snd_device(2: speaker)
08-05 14:02:53.574   512  2967 D audio_hw_primary: enable_audio_route: apply and update mixer path: low-latency-playback speaker
08-05 14:02:53.583 13866 13866 I GoogleInputMethodServic: GoogleInputMethodService.onFinishInput():3138 
08-05 14:02:53.586 13866 13866 I GoogleInputMethodServic: GoogleInputMethodService.onStartInput():1808 
08-05 14:02:53.721 28123 28135 I art     : Starting a blocking GC Explicit
08-05 14:02:53.757 28123 28135 I art     : Explicit concurrent mark sweep GC freed 1710(96KB) AllocSpace objects, 1(20KB) LOS objects, 37% free, 26MB/42MB, paused 474us total 35.823ms
08-05 14:02:53.770 28123 28135 I art     : Starting a blocking GC Explicit
08-05 14:02:53.802 28123 28135 I art     : Explicit concurrent mark sweep GC freed 28(1120B) AllocSpace objects, 0(0B) LOS objects, 37% free, 26MB/42MB, paused 401us total 31.947ms
08-05 14:02:53.815 28123 28135 I art     : Starting a blocking GC Explicit
08-05 14:02:53.847 28123 28135 I art     : Explicit concurrent mark sweep GC freed 9(288B) AllocSpace objects, 0(0B) LOS objects, 37% free, 26MB/42MB, paused 479us total 31.967ms
08-05 14:02:53.859 28123 28135 I art     : Starting a blocking GC Explicit
08-05 14:02:53.889 28123 28135 I art     : Explicit concurrent mark sweep GC freed 3(96B) AllocSpace objects, 0(0B) LOS objects, 37% free, 26MB/42MB, paused 397us total 30.410ms
08-05 14:02:53.901 28123 28135 I art     : Starting a blocking GC Explicit
08-05 14:02:53.931 28123 28135 I art     : Explicit concurrent mark sweep GC freed 3(96B) AllocSpace objects, 0(0B) LOS objects, 37% free, 26MB/42MB, paused 359us total 30.176ms
08-05 14:02:54.109   512  2967 D audio_hw_primary: disable_audio_route: reset and update mixer path: low-latency-playback speaker
08-05 14:02:54.110   512  2967 D audio_hw_primary: disable_snd_device: snd_device(2: speaker)
08-05 14:02:54.120   512  2967 I soundtrigger: audio_extn_sound_trigger_update_device_status: device 0x2 of type 0 for Event 0
08-05 14:02:54.146   918  1210 D NetlinkSocketObserver: NeighborEvent{elapsedMs=1782778021, 192.168.2.254, [7C3953A63323], RTM_NEWNEIGH, NUD_STALE}
08-05 14:02:54.234 28123 29037 I art     : Starting a blocking GC Explicit
08-05 14:02:54.271 28123 29037 I art     : Explicit concurrent mark sweep GC freed 1296(75KB) AllocSpace objects, 1(20KB) LOS objects, 37% free, 26MB/42MB, paused 432us total 36.641ms
08-05 14:02:54.284 28123 29037 I art     : Starting a blocking GC Explicit
08-05 14:02:54.317 28123 29037 I art     : Explicit concurrent mark sweep GC freed 22(752B) AllocSpace objects, 0(0B) LOS objects, 37% free, 26MB/42MB, paused 392us total 31.967ms
08-05 14:02:54.328 28123 29037 I art     : Starting a blocking GC Explicit
08-05 14:02:54.363 28123 29037 I art     : Explicit concurrent mark sweep GC freed 3(96B) AllocSpace objects, 0(0B) LOS objects, 37% free, 26MB/42MB, paused 419us total 34.290ms
08-05 14:02:54.375 28123 29037 I art     : Starting a blocking GC Explicit
08-05 14:02:54.412 28123 29037 I art     : Explicit concurrent mark sweep GC freed 3(96B) AllocSpace objects, 0(0B) LOS objects, 37% free, 26MB/42MB, paused 472us total 36.548ms
08-05 14:02:54.425 28123 29037 I art     : Starting a blocking GC Explicit
08-05 14:02:54.461 28123 29037 I art     : Explicit concurrent mark sweep GC freed 3(96B) AllocSpace objects, 0(0B) LOS objects, 37% free, 26MB/42MB, paused 429us total 35.862ms
08-05 14:02:54.767 28123 28135 I art     : Starting a blocking GC Explicit
08-05 14:02:54.805 28123 28135 I art     : Explicit concurrent mark sweep GC freed 1293(75KB) AllocSpace objects, 1(20KB) LOS objects, 37% free, 26MB/42MB, paused 431us total 37.590ms
08-05 14:02:54.818 28123 28135 I art     : Starting a blocking GC Explicit
08-05 14:02:54.852 28123 28135 I art     : Explicit concurrent mark sweep GC freed 18(624B) AllocSpace objects, 0(0B) LOS objects, 37% free, 26MB/42MB, paused 416us total 34.369ms
08-05 14:02:54.864 28123 28135 I art     : Starting a blocking GC Explicit
08-05 14:02:54.898 28123 28135 I art     : Explicit concurrent mark sweep GC freed 3(96B) AllocSpace objects, 0(0B) LOS objects, 37% free, 26MB/42MB, paused 418us total 33.592ms
08-05 14:02:54.910 28123 28135 I art     : Starting a blocking GC Explicit
08-05 14:02:54.945 28123 28135 I art     : Explicit concurrent mark sweep GC freed 3(96B) AllocSpace objects, 0(0B) LOS objects, 37% free, 26MB/42MB, paused 515us total 34.240ms
08-05 14:02:54.958 28123 28135 I art     : Starting a blocking GC Explicit
08-05 14:02:54.992 28123 28135 I art     : Explicit concurrent mark sweep GC freed 3(96B) AllocSpace objects, 0(0B) LOS objects, 37% free, 26MB/42MB, paused 417us total 33.657ms
08-05 14:02:55.190 29656 29656 D AndroidRuntime: >>>>>> START com.android.internal.os.RuntimeInit uid 2000 <<<<<<
08-05 14:02:55.195 29656 29656 D AndroidRuntime: CheckJNI is OFF
08-05 14:02:55.230 29656 29656 D ICU     : No timezone override file found: /data/misc/zoneinfo/current/icu/icu_tzdata.dat
08-05 14:02:55.261 29656 29656 I Radio-JNI: register_android_hardware_Radio DONE
08-05 14:02:55.277 28123 28135 I art     : Starting a blocking GC Explicit
08-05 14:02:55.283 29656 29656 D AndroidRuntime: Calling main entry com.android.commands.input.Input
08-05 14:02:55.285 29656 29656 I Input   : injectMotionEvent: MotionEvent { action=ACTION_DOWN, actionButton=0, id[0]=0, x[0]=360.0, y[0]=1098.0, toolType[0]=TOOL_TYPE_UNKNOWN, buttonState=0, metaState=0, flags=0x0, edgeFlags=0x0, pointerCount=1, historySize=0, eventTime=799391698, downTime=799391698, deviceId=0, source=0x1002 }
08-05 14:02:55.290 29656 29656 I Input   : injectMotionEvent: MotionEvent { action=ACTION_UP, actionButton=0, id[0]=0, x[0]=360.0, y[0]=1098.0, toolType[0]=TOOL_TYPE_UNKNOWN, buttonState=0, metaState=0, flags=0x0, edgeFlags=0x0, pointerCount=1, historySize=0, eventTime=799391698, downTime=799391698, deviceId=0, source=0x1002 }
08-05 14:02:55.292 29656 29656 D AndroidRuntime: Shutting down VM
08-05 14:02:55.297 28123 28123 D MainActivity: NavigationItemSelected: Term dates
08-05 14:02:55.299   512  2967 D audio_hw_primary: out_set_parameters: enter: usecase(1: low-latency-playback) kvpairs: routing=2
08-05 14:02:55.312   512  2967 D audio_hw_primary: select_devices: out_snd_device(2: speaker) in_snd_device(0: none)
08-05 14:02:55.313   512  2967 D msm8974_platform: platform_send_audio_calibration: sending audio calibration for snd_device(2) acdb_id(15)
08-05 14:02:55.313   512  2967 I soundtrigger: audio_extn_sound_trigger_update_device_status: device 0x2 of type 0 for Event 1
08-05 14:02:55.315 28123 28135 I art     : Explicit concurrent mark sweep GC freed 1364(77KB) AllocSpace objects, 1(20KB) LOS objects, 37% free, 26MB/42MB, paused 718us total 37.197ms
08-05 14:02:55.323   512  2967 D audio_hw_primary: enable_snd_device: snd_device(2: speaker)
08-05 14:02:55.326   512  2967 D audio_hw_primary: enable_audio_route: apply and update mixer path: low-latency-playback speaker
08-05 14:02:55.328 28123 28135 I art     : Starting a blocking GC Explicit
08-05 14:02:55.363 28123 28135 I art     : Explicit concurrent mark sweep GC freed 510(20KB) AllocSpace objects, 0(0B) LOS objects, 37% free, 26MB/42MB, paused 606us total 34.727ms
08-05 14:02:55.374 28123 28135 I art     : Starting a blocking GC Explicit
08-05 14:02:55.405 28123 28135 I art     : Explicit concurrent mark sweep GC freed 219(16KB) AllocSpace objects, 0(0B) LOS objects, 37% free, 26MB/42MB, paused 451us total 29.829ms
08-05 14:02:55.416 28123 28135 I art     : Starting a blocking GC Explicit
08-05 14:02:55.446 28123 28135 I art     : Explicit concurrent mark sweep GC freed 3(96B) AllocSpace objects, 0(0B) LOS objects, 37% free, 26MB/42MB, paused 460us total 29.555ms
08-05 14:02:55.457 28123 28135 I art     : Starting a blocking GC Explicit
08-05 14:02:55.487 28123 28135 I art     : Explicit concurrent mark sweep GC freed 7(224B) AllocSpace objects, 0(0B) LOS objects, 37% free, 26MB/42MB, paused 454us total 29.806ms
08-05 14:02:55.733 13866 13866 I GoogleInputMethodServic: GoogleInputMethodService.onFinishInput():3138 
08-05 14:02:55.734 13866 13866 I GoogleInputMethodServic: GoogleInputMethodService.onStartInput():1808 
08-05 14:02:55.771 28123 28135 I art     : Starting a blocking GC Explicit
08-05 14:02:55.807 28123 28135 I art     : Explicit concurrent mark sweep GC freed 1355(77KB) AllocSpace objects, 1(20KB) LOS objects, 37% free, 26MB/42MB, paused 393us total 35.415ms
08-05 14:02:55.823 28123 28135 I art     : Starting a blocking GC Explicit
08-05 14:02:55.854 28123 28135 I art     : Explicit concurrent mark sweep GC freed 26(880B) AllocSpace objects, 0(0B) LOS objects, 37% free, 26MB/42MB, paused 378us total 30.986ms
08-05 14:02:55.866 28123 28135 I art     : Starting a blocking GC Explicit
08-05 14:02:55.869   512  2967 D audio_hw_primary: disable_audio_route: reset and update mixer path: low-latency-playback speaker
08-05 14:02:55.869   512  2967 D audio_hw_primary: disable_snd_device: snd_device(2: speaker)
08-05 14:02:55.878   512  2967 I soundtrigger: audio_extn_sound_trigger_update_device_status: device 0x2 of type 0 for Event 0
08-05 14:02:55.898 28123 28135 I art     : Explicit concurrent mark sweep GC freed 9(288B) AllocSpace objects, 0(0B) LOS objects, 37% free, 26MB/42MB, paused 488us total 31.803ms
08-05 14:02:55.910 28123 28135 I art     : Starting a blocking GC Explicit
08-05 14:02:55.947 28123 28135 I art     : Explicit concurrent mark sweep GC freed 8(256B) AllocSpace objects, 0(0B) LOS objects, 37% free, 26MB/42MB, paused 547us total 36.497ms
08-05 14:02:55.959 28123 28135 I art     : Starting a blocking GC Explicit
08-05 14:02:55.992 28123 28135 I art     : Explicit concurrent mark sweep GC freed 8(256B) AllocSpace objects, 0(0B) LOS objects, 37% free, 26MB/42MB, paused 404us total 32.183ms
08-05 14:02:56.311 28123 28134 I art     : Starting a blocking GC Explicit
08-05 14:02:56.356 28123 28134 I art     : Explicit concurrent mark sweep GC freed 1337(76KB) AllocSpace objects, 1(20KB) LOS objects, 37% free, 26MB/42MB, paused 383us total 44.520ms
08-05 14:02:56.373 28123 28134 I art     : Starting a blocking GC Explicit
08-05 14:02:56.412 28123 28134 I art     : Explicit concurrent mark sweep GC freed 24(816B) AllocSpace objects, 0(0B) LOS objects, 37% free, 26MB/42MB, paused 400us total 38.120ms
08-05 14:02:56.425 28123 28134 I art     : Starting a blocking GC Explicit
08-05 14:02:56.457 28123 28134 I art     : Explicit concurrent mark sweep GC freed 9(288B) AllocSpace objects, 0(0B) LOS objects, 37% free, 26MB/42MB, paused 396us total 31.740ms
08-05 14:02:56.469 28123 28134 I art     : Starting a blocking GC Explicit
08-05 14:02:56.504 28123 28134 I art     : Explicit concurrent mark sweep GC freed 9(288B) AllocSpace objects, 0(0B) LOS objects, 37% free, 26MB/42MB, paused 416us total 34.951ms
08-05 14:02:56.518 28123 28134 I art     : Starting a blocking GC Explicit
08-05 14:02:56.551 28123 28134 I art     : Explicit concurrent mark sweep GC freed 9(288B) AllocSpace objects, 0(0B) LOS objects, 37% free, 26MB/42MB, paused 363us total 32.422ms
08-05 14:02:56.874 28123 29037 I art     : Starting a blocking GC Explicit
08-05 14:02:56.919 28123 29037 I art     : Explicit concurrent mark sweep GC freed 1336(76KB) AllocSpace objects, 1(20KB) LOS objects, 37% free, 26MB/42MB, paused 615us total 44.395ms
08-05 14:02:56.935 28123 29037 I art     : Starting a blocking GC Explicit
08-05 14:02:56.971 28123 29037 I art     : Explicit concurrent mark sweep GC freed 29(976B) AllocSpace objects, 0(0B) LOS objects, 37% free, 26MB/42MB, paused 370us total 35.437ms
08-05 14:02:56.984 28123 29037 I art     : Starting a blocking GC Explicit
08-05 14:02:57.019 28123 29037 I art     : Explicit concurrent mark sweep GC freed 15(480B) AllocSpace objects, 0(0B) LOS objects, 37% free, 26MB/42MB, paused 374us total 34.744ms
08-05 14:02:57.033 28123 29037 I art     : Starting a blocking GC Explicit
08-05 14:02:57.069 28123 29037 I art     : Explicit concurrent mark sweep GC freed 16(512B) AllocSpace objects, 0(0B) LOS objects, 37% free, 26MB/42MB, paused 396us total 36.322ms
08-05 14:02:57.083 28123 29037 I art     : Starting a blocking GC Explicit
08-05 14:02:57.119 28123 29037 I art     : Explicit concurrent mark sweep GC freed 15(480B) AllocSpace objects, 0(0B) LOS objects, 37% free, 26MB/42MB, paused 376us total 35.960ms
08-05 14:02:57.119 28123 28133 I art     : WaitForGcToComplete blocked for 33.836ms for cause HeapTrim
08-05 14:02:57.467 28123 29037 I art     : Starting a blocking GC Explicit
08-05 14:02:57.520 28123 29037 I art     : Explicit concurrent mark sweep GC freed 1311(76KB) AllocSpace objects, 1(20KB) LOS objects, 37% free, 26MB/42MB, paused 500us total 53.315ms
08-05 14:02:57.537 28123 29037 I art     : Starting a blocking GC Explicit
08-05 14:02:57.572 28123 29037 I art     : Explicit concurrent mark sweep GC freed 18(624B) AllocSpace objects, 0(0B) LOS objects, 37% free, 26MB/42MB, paused 419us total 35.603ms
08-05 14:02:57.585 28123 29037 I art     : Starting a blocking GC Explicit
08-05 14:02:57.621 28123 29037 I art     : Explicit concurrent mark sweep GC freed 3(96B) AllocSpace objects, 0(0B) LOS objects, 37% free, 26MB/42MB, paused 396us total 35.395ms
08-05 14:02:57.630 28061 28061 I ServiceManager: Waiting for service AtCmdFwd...
08-05 14:02:57.633 28123 29037 I art     : Starting a blocking GC Explicit
08-05 14:02:57.634   518   646 I ThermalEngine: ACTION: GPU - Setting GPU[0] to 450000000
08-05 14:02:57.679 28123 29037 I art     : Explicit concurrent mark sweep GC freed 3(96B) AllocSpace objects, 0(0B) LOS objects, 37% free, 26MB/42MB, paused 560us total 45.650ms
08-05 14:02:57.696 28123 29037 I art     : Starting a blocking GC Explicit
08-05 14:02:57.744 28123 29037 I art     : Explicit concurrent mark sweep GC freed 3(96B) AllocSpace objects, 0(0B) LOS objects, 37% free, 26MB/42MB, paused 518us total 47.789ms
08-05 14:02:58.130 28123 28148 I art     : Starting a blocking GC Explicit
08-05 14:02:58.179 28123 28148 I art     : Explicit concurrent mark sweep GC freed 1293(75KB) AllocSpace objects, 1(20KB) LOS objects, 37% free, 26MB/42MB, paused 614us total 47.627ms
08-05 14:02:58.195 28123 28148 I art     : Starting a blocking GC Explicit
08-05 14:02:58.243 28123 28148 I art     : Explicit concurrent mark sweep GC freed 18(624B) AllocSpace objects, 0(0B) LOS objects, 37% free, 26MB/42MB, paused 576us total 48.286ms
08-05 14:02:58.260 28123 28148 I art     : Starting a blocking GC Explicit
08-05 14:02:58.307 28123 28148 I art     : Explicit concurrent mark sweep GC freed 3(96B) AllocSpace objects, 0(0B) LOS objects, 37% free, 26MB/42MB, paused 559us total 46.764ms
08-05 14:02:58.323 28123 28148 I art     : Starting a blocking GC Explicit
08-05 14:02:58.372 28123 28148 I art     : Explicit concurrent mark sweep GC freed 3(96B) AllocSpace objects, 0(0B) LOS objects, 37% free, 26MB/42MB, paused 576us total 48.270ms
08-05 14:02:58.388 28123 28148 I art     : Starting a blocking GC Explicit
08-05 14:02:58.435 28123 28148 I art     : Explicit concurrent mark sweep GC freed 3(96B) AllocSpace objects, 0(0B) LOS objects, 37% free, 26MB/42MB, paused 612us total 46.425ms
08-05 14:02:58.631 28061 28061 I ServiceManager: Waiting for service AtCmdFwd...
08-05 14:02:58.788 28123 28134 I art     : Starting a blocking GC Explicit
08-05 14:02:58.851 28123 28134 I art     : Explicit concurrent mark sweep GC freed 1293(75KB) AllocSpace objects, 1(20KB) LOS objects, 37% free, 26MB/42MB, paused 597us total 62.065ms
08-05 14:02:58.870 28123 28134 I art     : Starting a blocking GC Explicit
08-05 14:02:58.917 28123 28134 I art     : Explicit concurrent mark sweep GC freed 18(624B) AllocSpace objects, 0(0B) LOS objects, 37% free, 26MB/42MB, paused 560us total 46.459ms
08-05 14:02:58.933 28123 28134 I art     : Starting a blocking GC Explicit
08-05 14:02:58.981 28123 28134 I art     : Explicit concurrent mark sweep GC freed 3(96B) AllocSpace objects, 0(0B) LOS objects, 37% free, 26MB/42MB, paused 556us total 47.186ms
08-05 14:02:58.997 28123 28134 I art     : Starting a blocking GC Explicit
08-05 14:02:59.045 28123 28134 I art     : Explicit concurrent mark sweep GC freed 3(96B) AllocSpace objects, 0(0B) LOS objects, 37% free, 26MB/42MB, paused 563us total 47.583ms
08-05 14:02:59.062 28123 28134 I art     : Starting a blocking GC Explicit
08-05 14:02:59.111 28123 28134 I art     : Explicit concurrent mark sweep GC freed 3(96B) AllocSpace objects, 0(0B) LOS objects, 37% free, 26MB/42MB, paused 546us total 48.901ms
08-05 14:02:59.451 28123 28135 I art     : Starting a blocking GC Explicit
08-05 14:02:59.517 28123 28135 I art     : Explicit concurrent mark sweep GC freed 1293(75KB) AllocSpace objects, 1(20KB) LOS objects, 37% free, 26MB/42MB, paused 577us total 64.453ms
08-05 14:02:59.538 28123 28135 I art     : Starting a blocking GC Explicit
08-05 14:02:59.579 28123 28135 I art     : Explicit concurrent mark sweep GC freed 18(624B) AllocSpace objects, 0(0B) LOS objects, 37% free, 26MB/42MB, paused 528us total 41.385ms
08-05 14:02:59.595 28123 28135 I art     : Starting a blocking GC Explicit
08-05 14:02:59.632 28061 28061 I ServiceManager: Waiting for service AtCmdFwd...
08-05 14:02:59.635 28123 28135 I art     : Explicit concurrent mark sweep GC freed 3(96B) AllocSpace objects, 0(0B) LOS objects, 37% free, 26MB/42MB, paused 541us total 39.973ms
08-05 14:02:59.639   518   646 I ThermalEngine: ACTION: GPU - Setting GPU[0] to 510000000
08-05 14:02:59.650 28123 28135 I art     : Starting a blocking GC Explicit
08-05 14:02:59.689 28123 28135 I art     : Explicit concurrent mark sweep GC freed 3(96B) AllocSpace objects, 0(0B) LOS objects, 37% free, 26MB/42MB, paused 435us total 39.438ms
08-05 14:02:59.702 28123 28135 I art     : Starting a blocking GC Explicit
08-05 14:02:59.736 28123 28135 I art     : Explicit concurrent mark sweep GC freed 3(96B) AllocSpace objects, 0(0B) LOS objects, 37% free, 26MB/42MB, paused 407us total 33.333ms
08-05 14:03:00.009 29755 29755 D AndroidRuntime: >>>>>> START com.android.internal.os.RuntimeInit uid 2000 <<<<<<
08-05 14:03:00.014 29755 29755 D AndroidRuntime: CheckJNI is OFF
08-05 14:03:00.044 29755 29755 D ICU     : No timezone override file found: /data/misc/zoneinfo/current/icu/icu_tzdata.dat
08-05 14:03:00.068 28123 29037 I art     : Starting a blocking GC Explicit
08-05 14:03:00.075 29755 29755 I Radio-JNI: register_android_hardware_Radio DONE
08-05 14:03:00.096 29755 29755 D AndroidRuntime: Calling main entry com.android.commands.am.Am
08-05 14:03:00.098 28123 29037 I art     : Explicit concurrent mark sweep GC freed 1293(75KB) AllocSpace objects, 1(20KB) LOS objects, 37% free, 26MB/42MB, paused 428us total 30.156ms
08-05 14:03:00.101 16924 16924 I Trepn   : Trepn 6.2s: Received intent: com.quicinc.trepn.stop_profiling
08-05 14:03:00.109 28123 29037 I art     : Starting a blocking GC Explicit
08-05 14:03:00.126 16924 16924 I Trepn   : Trepn 6.2s: Trepn has Stopped Profiling.
08-05 14:03:00.138 28123 29037 I art     : Explicit concurrent mark sweep GC freed 18(624B) AllocSpace objects, 0(0B) LOS objects, 37% free, 26MB/42MB, paused 363us total 28.619ms
08-05 14:03:00.149 28123 29037 I art     : Starting a blocking GC Explicit
08-05 14:03:00.179 28123 29037 I art     : Explicit concurrent mark sweep GC freed 3(96B) AllocSpace objects, 0(0B) LOS objects, 37% free, 26MB/42MB, paused 396us total 29.827ms
08-05 14:03:00.190 28123 29037 I art     : Starting a blocking GC Explicit
08-05 14:03:00.223 28123 29037 I art     : Explicit concurrent mark sweep GC freed 3(96B) AllocSpace objects, 0(0B) LOS objects, 37% free, 26MB/42MB, paused 375us total 32.486ms
08-05 14:03:00.235 28123 29037 I art     : Starting a blocking GC Explicit
08-05 14:03:00.269 28123 29037 I art     : Explicit concurrent mark sweep GC freed 3(96B) AllocSpace objects, 0(0B) LOS objects, 37% free, 26MB/42MB, paused 367us total 33.091ms
08-05 14:03:00.313 29755 29755 D AndroidRuntime: Shutting down VM
08-05 14:03:00.317   918  4413 W AppOps  : Finishing op nesting under-run: uid 10078 pkg com.quicinc.trepn code 24 time=0 duration=0 nesting=0
08-05 14:03:00.600 28123 28148 I art     : Starting a blocking GC Explicit
08-05 14:03:00.632 28061 28061 I ServiceManager: Waiting for service AtCmdFwd...
08-05 14:03:00.636 28123 28148 I art     : Explicit concurrent mark sweep GC freed 1293(75KB) AllocSpace objects, 1(20KB) LOS objects, 37% free, 26MB/42MB, paused 411us total 35.321ms
08-05 14:03:00.649 28123 28148 I art     : Starting a blocking GC Explicit
08-05 14:03:00.681 28123 28148 I art     : Explicit concurrent mark sweep GC freed 18(624B) AllocSpace objects, 0(0B) LOS objects, 37% free, 26MB/42MB, paused 392us total 32.087ms
08-05 14:03:00.693 28123 28148 I art     : Starting a blocking GC Explicit
08-05 14:03:00.727 28123 28148 I art     : Explicit concurrent mark sweep GC freed 3(96B) AllocSpace objects, 0(0B) LOS objects, 37% free, 26MB/42MB, paused 391us total 33.453ms
08-05 14:03:00.739 28123 28148 I art     : Starting a blocking GC Explicit
08-05 14:03:00.772 28123 28148 I art     : Explicit concurrent mark sweep GC freed 3(96B) AllocSpace objects, 0(0B) LOS objects, 37% free, 26MB/42MB, paused 412us total 32.744ms
08-05 14:03:00.784 28123 28148 I art     : Starting a blocking GC Explicit
08-05 14:03:00.817 28123 28148 I art     : Explicit concurrent mark sweep GC freed 3(96B) AllocSpace objects, 0(0B) LOS objects, 37% free, 26MB/42MB, paused 492us total 32.856ms
08-05 14:03:01.633 28061 28061 I ServiceManager: Waiting for service AtCmdFwd...
08-05 14:03:02.633 28061 28061 W Atfwd_Sendcmd: AtCmdFwd service not published, waiting... retryCnt : 5
