--------- beginning of main
08-05 17:07:28.369  3784  3784 D CarrierServiceBindHelper: Receive action: android.intent.action.PACKAGE_REMOVED
08-05 17:07:28.412   918  4400 I AccountManagerService: getTypesVisibleToCaller: isPermitted? true
08-05 17:07:28.419 24365 31528 I Fitness : FitCleanupIntentOperation received Intent android.intent.action.PACKAGE_REMOVED [CONTEXT service_id=17 ]
08-05 17:07:28.421 21092 21092 I Finsky  : [1] uah.a(18): PackageMonitorReceiverImpl - Received: android.intent.action.PACKAGE_REMOVED, [jsPREe6yOOhrMreoEvcpPvP36yUmihacpIgcKsaLph8]
08-05 17:07:28.421  3784  3784 D CarrierServiceBindHelper: Receive action: android.intent.action.PACKAGE_ADDED
08-05 17:07:28.421 21092 21092 I Finsky  : [1] ubi.d(9): Invalidating cached PackageState for baseline.com.ak.uobtimetable
08-05 17:07:28.421  3784  3784 D CarrierServiceBindHelper: Receive action: android.intent.action.PACKAGE_REPLACED
08-05 17:07:28.424  3784  3784 D CarrierServiceBindHelper: mHandler: 3
08-05 17:07:28.424  3784  3784 D CarrierServiceBindHelper: mHandler: 3
08-05 17:07:28.424  3784  3784 D CarrierServiceBindHelper: mHandler: 3
08-05 17:07:28.424  3784  3784 D CarrierConfigLoader: mHandler: 9 phoneId: 0
08-05 17:07:28.427 21092 21092 I Finsky  : [1] lzi.c(2): Frosting ID looked up on UI thread. Caller should move to a background thread.
08-05 17:07:28.429 21092 21092 I Finsky  : [1] nqb.c(3): Installer: package baseline.com.ak.uobtimetable was removed. replacing: true
08-05 17:07:28.430 21092 21092 I Finsky  : [1] nra.a(188): Installer: Notifying status update. package=baseline.com.ak.uobtimetable, status=UNINSTALLED
08-05 17:07:28.465   918  4400 I AccountManagerService: getTypesVisibleToCaller: isPermitted? true
08-05 17:07:28.509 21092 21092 I Finsky  : [1] lzi.c(2): Frosting ID looked up on UI thread. Caller should move to a background thread.
08-05 17:07:28.527 21092 31540 I Finsky  : [6459] ejf.a(-1): Cancelled 0 ongoing asset module downloads for package baseline.com.ak.uobtimetable due to a concurrent app update.
08-05 17:07:28.527 21092 21092 I Finsky  : [1] nra.a(220): Installer: found apps to install. isMultiUserMode=false, apps=[]
08-05 17:07:28.550 21092 21254 I Finsky  : [6084] odj.b(52): IQ: Notifying installation update. package=baseline.com.ak.uobtimetable, status=UNINSTALLED
08-05 17:07:28.598 24577 31537 I Auth    : [SupervisedAccountIntentOperation] onHandleIntent(): android.intent.action.PACKAGE_ADDED
08-05 17:07:28.600 21092 21092 I Finsky  : [1] uah.a(18): PackageMonitorReceiverImpl - Received: android.intent.action.PACKAGE_ADDED, [jsPREe6yOOhrMreoEvcpPvP36yUmihacpIgcKsaLph8]
08-05 17:07:28.602 21092 21092 I Finsky  : [1] ubi.d(9): Invalidating cached PackageState for baseline.com.ak.uobtimetable
08-05 17:07:28.612 24577 31535 I ChromeSync: [Sync,SyncIntentOperation] Handling the intent: Intent { act=android.intent.action.PACKAGE_ADDED dat=package:baseline.com.ak.uobtimetable flg=0x4000010 cmp=com.google.android.gms/.chimera.GmsIntentOperationService (has extras) }.
08-05 17:07:28.616 21092 21092 I Finsky  : [1] lzi.c(2): Frosting ID looked up on UI thread. Caller should move to a background thread.
--------- beginning of system
08-05 17:07:28.620   918  6111 W ActivityManager: Unable to start service Intent { act=com.google.android.gms.auth.key.retrieval.service.START pkg=com.google.android.gms } U=0: not found
08-05 17:07:28.620 21092 31530 I Finsky  : [6457] lyv.run(-1): Wrote row to frosting DB: 2886
08-05 17:07:28.632 21092 21092 I Finsky  : [1] agsx.a(4): Do not start WearSupportService due to Wear service optimization
08-05 17:07:28.678 21092 31540 I Finsky  : [6459] ejc.a(-1): Asset module broadcast after update successful for package baseline.com.ak.uobtimetable. 0 sessions broadcast.
08-05 17:07:28.684 21092 21092 I Finsky  : [1] lzi.c(2): Frosting ID looked up on UI thread. Caller should move to a background thread.
08-05 17:07:28.687   918  5952 W ActivityManager: Unbind failed: could not find connection for android.os.BinderProxy@5cfef73
08-05 17:07:28.692 24577 24621 E GmsClient: unable to connect to service: com.google.android.gms.auth.key.retrieval.service.START on com.google.android.gms
08-05 17:07:28.743 21092 31531 I Finsky  : [6458] gzn.a(-1): [ContentSync] finished, scheduled=false
08-05 17:07:28.768   918  5952 I AccountManagerService: getTypesVisibleToCaller: isPermitted? true
08-05 17:07:28.790 21092 21254 I Finsky  : [6084] odj.b(40): IQ: No matching installs to run for jobs: []
08-05 17:07:28.796 24577 31535 I ChromeSync: [Persistence,AffiliationManager] One of affiliation or grouping data for android://bz0hZa4nAJEtd0n5sRlXG7KAqctUMWVefv7Ki4mh1p6slZ9YO-n9gS9j8m9YCrsIyI2wIxrDHraumF9Y6pBLTA==@baseline.com.ak.uobtimetable/ was not found. Marking affiliation data as stale...
08-05 17:07:28.799 21092 31530 I Finsky  : [6457] lyv.run(-1): Wrote row to frosting DB: 2887
08-05 17:07:28.829 24577 31537 I FontLog : Package baseline.com.ak.uobtimetable has no metadata [CONTEXT service_id=132 ]
08-05 17:07:28.870   918  3261 D WifiStateMachine: starting scan for "H369AA63323"WPA_PSK with 2412,5180
08-05 17:07:28.926   918  4400 I AccountManagerService: getTypesVisibleToCaller: isPermitted? true
08-05 17:07:28.941 21092 21092 I Finsky  : [1] xmu.a(8): SCH: Jobs in database: 1-1337 3-215 3-216 12-1 24-77777777 26-1414141414 
08-05 17:07:28.943 21092 21092 I Finsky  : [1] xio.a(57): SCH: ConstraintMapping: 24-77777777,  -> L: 0ms, D: 14551577ms, C: false, I: true, N: 0
08-05 17:07:28.943 21092 21092 I Finsky  : [1] xio.a(57): SCH: ConstraintMapping: 1-1337, 12-1,  -> L: 14547ms, D: 61103969ms, C: false, I: false, N: 1
08-05 17:07:28.944 21092 21092 I Finsky  : [1] xio.a(57): SCH: ConstraintMapping: 3-215,  -> L: 0ms, D: 72978509ms, C: false, I: true, N: 2
08-05 17:07:28.944 21092 21092 I Finsky  : [1] xio.a(57): SCH: ConstraintMapping: 3-216,  -> L: 0ms, D: 72978539ms, C: true, I: true, N: 2
08-05 17:07:28.945 21092 21092 I Finsky  : [1] xio.a(57): SCH: ConstraintMapping: 26-1414141414,  -> L: 22551436ms, D: 23451436ms, C: false, I: false, N: 0
08-05 17:07:28.946 21092 31531 I Finsky  : [6458] gzn.a(-1): [ContentSync] finished, scheduled=true
08-05 17:07:28.961 21092 21092 I Finsky  : [1] xle.a(34): Cancelling existing jobscheduler jobs: 9002 9005 9007 9006 9010 9004 9008 9009 9001 9003 
08-05 17:07:28.962 21092 21092 I Finsky  : [1] xle.a(27): Scheduling job Id: 9000, L: 0, D: 14551577, C: false, I: true, N: 0
08-05 17:07:28.963 21092 21092 I Finsky  : [1] xle.a(27): Scheduling job Id: 9011, L: 14547, D: 61103969, C: false, I: false, N: 1
08-05 17:07:28.967 21092 21092 I Finsky  : [1] xle.a(27): Scheduling job Id: 9012, L: 0, D: 72978509, C: false, I: true, N: 2
08-05 17:07:28.969 21092 21092 I Finsky  : [1] xle.a(27): Scheduling job Id: 9013, L: 0, D: 72978539, C: true, I: true, N: 2
08-05 17:07:28.971 21092 21092 I Finsky  : [1] xle.a(27): Scheduling job Id: 9014, L: 22551436, D: 23451436, C: false, I: false, N: 0
08-05 17:07:28.972 21092 31530 I Finsky  : [6457] lyv.run(-1): Wrote row to frosting DB: 2888
08-05 17:07:28.974 21092 21092 I Finsky  : [1] xle.a(27): Scheduling job Id: 9015, L: 0, D: 14551577, C: false, I: true, N: 0
08-05 17:07:28.976 21092 21092 I Finsky  : [1] xle.a(27): Scheduling job Id: 9016, L: 14547, D: 61103969, C: false, I: false, N: 1
08-05 17:07:28.978 21092 21092 I Finsky  : [1] xle.a(27): Scheduling job Id: 9017, L: 0, D: 72978509, C: false, I: true, N: 2
08-05 17:07:28.980 21092 21092 I Finsky  : [1] xle.a(27): Scheduling job Id: 9018, L: 0, D: 72978539, C: true, I: true, N: 2
08-05 17:07:28.981 21092 21092 I Finsky  : [1] xle.a(27): Scheduling job Id: 9019, L: 22551436, D: 23451436, C: false, I: false, N: 0
08-05 17:07:29.008 24577 13316 I Icing   : IndexChimeraService.getServiceInterface callingPackage=com.google.android.gms componentName=AppsCorpus serviceId=36
08-05 17:07:29.013 21092 31530 I Finsky  : [6457] lyv.run(-1): Wrote row to frosting DB: 2889
08-05 17:07:29.082   918  6111 I AccountManagerService: getTypesVisibleToCaller: isPermitted? true
08-05 17:07:29.112 24577 13715 W Icing   : No valid account for uploading user actions
08-05 17:07:29.137 31559 31559 D AndroidRuntime: >>>>>> START com.android.internal.os.RuntimeInit uid 2000 <<<<<<
08-05 17:07:29.141 31559 31559 D AndroidRuntime: CheckJNI is OFF
08-05 17:07:29.145 24577 13294 I Icing   : IndexChimeraService.getServiceInterface callingPackage=com.google.android.gms componentName=null serviceId=30
08-05 17:07:29.165 31559 31559 D ICU     : No timezone override file found: /data/misc/zoneinfo/current/icu/icu_tzdata.dat
08-05 17:07:29.172 24577 13715 I Icing   : Usage reports ok 1, Failed Usage reports 0, indexed 0, rejected 0
08-05 17:07:29.176 24577 13715 W Icing   : No valid account for uploading user actions
08-05 17:07:29.191 31559 31559 I Radio-JNI: register_android_hardware_Radio DONE
08-05 17:07:29.191 24577 13715 I Icing   : Usage reports ok 0, Failed Usage reports 0, indexed 0, rejected 0
08-05 17:07:29.192 24577 13715 I Icing   : Indexing com.google.android.gms-internal.3p:MobileApplication from com.google.android.gms using seqno 763
08-05 17:07:29.195 24577 13715 I Icing   : Indexing com.google.android.gms-internal.3p:MobileApplication from com.google.android.gms using seqno 763
08-05 17:07:29.206 31559 31559 D AndroidRuntime: Calling main entry com.android.commands.monkey.Monkey
08-05 17:07:29.221   918   931 W BroadcastQueue: Skipping deliver [background] BroadcastRecord{aec4866 u-1 android.net.conn.CONNECTIVITY_CHANGE} to ReceiverList{98e17a7 31559 (unknown name)/2000/u-1 remote:7a655a8}: process crashing
08-05 17:07:29.227 24577 13294 I Icing   : IndexChimeraService.getServiceInterface callingPackage=com.google.android.gms componentName=null serviceId=36
08-05 17:07:29.230   918   928 I ActivityManager: START u0 {act=android.intent.action.MAIN cat=[android.intent.category.LAUNCHER] flg=0x10200000 cmp=baseline.com.ak.uobtimetable/.MainActivity} from uid 2000 on display 0
08-05 17:07:29.232 24577 13715 W Icing   : No valid account for uploading user actions
08-05 17:07:29.248 24577 13715 I Icing   : Usage reports ok 0, Failed Usage reports 0, indexed 0, rejected 0
08-05 17:07:29.249   918  3359 I ActivityManager: Start proc 31568:baseline.com.ak.uobtimetable/u0a684 for activity baseline.com.ak.uobtimetable/.MainActivity
08-05 17:07:29.250 31568 31568 I art     : Late-enabling -Xcheck:jni
08-05 17:07:29.265 31559 31559 I art     : System.exit called, status: 0
08-05 17:07:29.265 31559 31559 I AndroidRuntime: VM exiting with result code 0.
08-05 17:07:29.295 31568 31568 W System  : ClassLoader referenced unknown path: /data/app/baseline.com.ak.uobtimetable-2/lib/arm64
08-05 17:07:29.301 31568 31568 E Application: Can't init Bugsnag - No key
08-05 17:07:29.301 31568 31568 E Application: java.lang.Exception: Can't init Bugsnag - No key
08-05 17:07:29.301 31568 31568 E Application: 	at baseline.com.ak.uobtimetable.Utilities.Logging.Logger.error(Logger.java:79)
08-05 17:07:29.301 31568 31568 E Application: 	at baseline.com.ak.uobtimetable.MyApplication.onCreate(MyApplication.java:52)
08-05 17:07:29.301 31568 31568 E Application: 	at android.app.Instrumentation.callApplicationOnCreate(Instrumentation.java:1013)
08-05 17:07:29.301 31568 31568 E Application: 	at android.app.ActivityThread.handleBindApplication(ActivityThread.java:4707)
08-05 17:07:29.301 31568 31568 E Application: 	at android.app.ActivityThread.-wrap1(ActivityThread.java)
08-05 17:07:29.301 31568 31568 E Application: 	at android.app.ActivityThread$H.handleMessage(ActivityThread.java:1405)
08-05 17:07:29.301 31568 31568 E Application: 	at android.os.Handler.dispatchMessage(Handler.java:102)
08-05 17:07:29.301 31568 31568 E Application: 	at android.os.Looper.loop(Looper.java:148)
08-05 17:07:29.301 31568 31568 E Application: 	at android.app.ActivityThread.main(ActivityThread.java:5417)
08-05 17:07:29.301 31568 31568 E Application: 	at java.lang.reflect.Method.invoke(Native Method)
08-05 17:07:29.301 31568 31568 E Application: 	at com.android.internal.os.ZygoteInit$MethodAndArgsCaller.run(ZygoteInit.java:726)
08-05 17:07:29.301 31568 31568 E Application: 	at com.android.internal.os.ZygoteInit.main(ZygoteInit.java:616)
08-05 17:07:29.303 31568 31568 I Application: API level: 23
08-05 17:07:29.304 31568 31568 I Application: API level name: M
08-05 17:07:29.304 31568 31568 I Application: Target API level: 29
08-05 17:07:29.304 31568 31568 I Application: Git commit hash: d26bf1fa
08-05 17:07:29.304 31568 31568 I Application: Git branch: master
08-05 17:07:29.304 31568 31568 I Application: Build type: Debug
08-05 17:07:29.307 31568 31568 I Application: Build keys: Release
08-05 17:07:29.307 31568 31568 I Application: Version code: 21
08-05 17:07:29.308 31568 31568 I Application: Version name: 2.5
08-05 17:07:29.308 31568 31568 I Application: Build date: 22:30 03/08/20
08-05 17:07:29.308 31568 31568 I Application: Package update date: 00:38 05/08/20
08-05 17:07:29.309 31568 31568 I SettingsManager: Getting int: launchCount
08-05 17:07:29.309 31568 31568 I SettingsManager: Setting int: launchCount
08-05 17:07:29.318   918  6110 W BackupManagerService: dataChanged but no participant pkg='baseline.com.ak.uobtimetable' uid=10684
08-05 17:07:29.319 31568 31568 I Application: Launch count: 1
08-05 17:07:29.320 31568 31568 I Application: Network: TYPE_WIFI
08-05 17:07:29.321 31568 31568 I Application: Tablet layout: false
08-05 17:07:29.332 31568 31568 W art     : Before Android 4.1, method android.graphics.PorterDuffColorFilter androidx.vectordrawable.graphics.drawable.VectorDrawableCompat.updateTintFilter(android.graphics.PorterDuffColorFilter, android.content.res.ColorStateList, android.graphics.PorterDuff$Mode) would have incorrectly overridden the package-private method in android.graphics.drawable.Drawable
08-05 17:07:29.337 16458 15483 I PBSessionCacheImpl: Deleted sessionId[72384646105454640] from persistence.
08-05 17:07:29.341 16458 16488 W SearchServiceCore: Abort, client detached.
08-05 17:07:29.341 16458 16488 I MicroDetectionState: Should stop hotword detection immediately - true
08-05 17:07:29.345 31568 31568 I art     : Rejecting re-init on previously-failed class java.lang.Class<androidx.core.view.ViewCompat$OnUnhandledKeyEventListenerWrapper>
08-05 17:07:29.345 31568 31568 I art     : Rejecting re-init on previously-failed class java.lang.Class<androidx.core.view.ViewCompat$OnUnhandledKeyEventListenerWrapper>
08-05 17:07:29.404 31568 31568 D MainActivity: onCreate
08-05 17:07:29.404 31568 31568 I SettingsManager: Getting string: savedSessions
08-05 17:07:29.404 31568 31568 I Settings: No saved sessions
08-05 17:07:29.435 31568 31568 I SettingsManager: Getting string: savedCourse
08-05 17:07:29.436   918  6029 I ActivityManager: START u0 {flg=0x14000000 cmp=baseline.com.ak.uobtimetable/.WelcomeActivity} from uid 10684 on display 0
08-05 17:07:29.445 31568 31568 D MainActivity: OnResume
08-05 17:07:29.451 31568 31583 D OpenGLRenderer: Use EGL_SWAP_BEHAVIOR_PRESERVED: true
08-05 17:07:29.459 31568 31568 D MainActivity: OnPause
08-05 17:07:29.604 31568 31583 I Adreno  : QUALCOMM build                   : fcf4852, I1af360237c
08-05 17:07:29.604 31568 31583 I Adreno  : Build Date                       : 09/23/15
08-05 17:07:29.604 31568 31583 I Adreno  : OpenGL ES Shader Compiler Version: XE031.05.13.02
08-05 17:07:29.604 31568 31583 I Adreno  : Local Branch                     : mybranch14465806
08-05 17:07:29.604 31568 31583 I Adreno  : Remote Branch                    : quic/LA.BF64.1.2.9_v2
08-05 17:07:29.604 31568 31583 I Adreno  : Remote Branch                    : NONE
08-05 17:07:29.604 31568 31583 I Adreno  : Reconstruct Branch               : NOTHING
08-05 17:07:29.616 31568 31583 I OpenGLRenderer: Initialized EGL, version 1.4
08-05 17:07:29.788   918   936 I ActivityManager: Displayed baseline.com.ak.uobtimetable/.WelcomeActivity: +324ms (total +551ms)
08-05 17:07:29.790 13866 13866 I GoogleInputMethodServic: GoogleInputMethodService.onFinishInput():3138 
08-05 17:07:29.792 13866 13866 I GoogleInputMethodServic: GoogleInputMethodService.onStartInput():1808 
08-05 17:07:30.029 31568 31568 D MainActivity: Saving state
08-05 17:07:30.177 24577 13715 I Icing   : Indexing com.google.android.gms-apps from com.google.android.gms
08-05 17:07:30.300 24577 13715 I Icing   : Indexing done com.google.android.gms-apps
08-05 17:07:30.843 31600 31600 D AndroidRuntime: >>>>>> START com.android.internal.os.RuntimeInit uid 2000 <<<<<<
08-05 17:07:30.850 31600 31600 D AndroidRuntime: CheckJNI is OFF
08-05 17:07:30.881 31600 31600 D ICU     : No timezone override file found: /data/misc/zoneinfo/current/icu/icu_tzdata.dat
08-05 17:07:30.916 31600 31600 I Radio-JNI: register_android_hardware_Radio DONE
08-05 17:07:30.935 31600 31600 D AndroidRuntime: Calling main entry com.android.commands.am.Am
08-05 17:07:30.945 16924 16924 I Trepn   : Trepn 6.2s: Received intent: com.quicinc.trepn.start_profiling
08-05 17:07:31.098 16924 16924 W FileUtils: Failed to chmod(/storage/emulated/0/trepn/Trepn_2020.08.05_170730.db): android.system.ErrnoException: chmod failed: EPERM (Operation not permitted)
08-05 17:07:31.252 16924 16924 I Trepn   : Trepn 6.2s: Trepn has Started Profiling.
08-05 17:07:31.253 31600 31600 D AndroidRuntime: Shutting down VM
08-05 17:07:31.391 29851 29851 I ServiceManager: Waiting for service AtCmdFwd...
08-05 17:07:31.735 31568 31580 I art     : Starting a blocking GC Explicit
08-05 17:07:31.780 31568 31580 I art     : Explicit concurrent mark sweep GC freed 22828(1919KB) AllocSpace objects, 3(1360KB) LOS objects, 40% free, 21MB/36MB, paused 277us total 43.971ms
08-05 17:07:31.790 31568 31580 I art     : Starting a blocking GC Explicit
08-05 17:07:31.800 31568 31580 I art     : Explicit concurrent mark sweep GC freed 582(26KB) AllocSpace objects, 0(0B) LOS objects, 40% free, 21MB/36MB, paused 93us total 10.085ms
08-05 17:07:31.806 31568 31580 I art     : Starting a blocking GC Explicit
08-05 17:07:31.816 31568 31580 I art     : Explicit concurrent mark sweep GC freed 3(96B) AllocSpace objects, 0(0B) LOS objects, 40% free, 21MB/36MB, paused 91us total 9.934ms
08-05 17:07:31.822 31568 31580 I art     : Starting a blocking GC Explicit
08-05 17:07:31.832 31568 31580 I art     : Explicit concurrent mark sweep GC freed 3(96B) AllocSpace objects, 0(0B) LOS objects, 40% free, 21MB/36MB, paused 91us total 9.969ms
08-05 17:07:31.838 31568 31580 I art     : Starting a blocking GC Explicit
08-05 17:07:31.848 31568 31580 I art     : Explicit concurrent mark sweep GC freed 3(96B) AllocSpace objects, 0(0B) LOS objects, 40% free, 21MB/36MB, paused 88us total 9.904ms
08-05 17:07:32.115 31568 31589 I art     : Starting a blocking GC Explicit
08-05 17:07:32.133 31568 31589 I art     : Explicit concurrent mark sweep GC freed 1273(74KB) AllocSpace objects, 1(20KB) LOS objects, 40% free, 21MB/36MB, paused 139us total 17.951ms
08-05 17:07:32.143 31568 31589 I art     : Starting a blocking GC Explicit
08-05 17:07:32.154 31568 31589 I art     : Explicit concurrent mark sweep GC freed 18(624B) AllocSpace objects, 0(0B) LOS objects, 40% free, 21MB/36MB, paused 99us total 10.668ms
08-05 17:07:32.160 31568 31589 I art     : Starting a blocking GC Explicit
08-05 17:07:32.171 31568 31589 I art     : Explicit concurrent mark sweep GC freed 3(96B) AllocSpace objects, 0(0B) LOS objects, 40% free, 21MB/36MB, paused 90us total 10.121ms
08-05 17:07:32.177 31568 31589 I art     : Starting a blocking GC Explicit
08-05 17:07:32.187 31568 31589 I art     : Explicit concurrent mark sweep GC freed 3(96B) AllocSpace objects, 0(0B) LOS objects, 40% free, 21MB/36MB, paused 94us total 9.886ms
08-05 17:07:32.193 31568 31589 I art     : Starting a blocking GC Explicit
08-05 17:07:32.202 31568 31589 I art     : Explicit concurrent mark sweep GC freed 3(96B) AllocSpace objects, 0(0B) LOS objects, 40% free, 21MB/36MB, paused 78us total 9.524ms
08-05 17:07:32.391 29851 29851 I ServiceManager: Waiting for service AtCmdFwd...
08-05 17:07:32.470 31568 31579 I art     : Starting a blocking GC Explicit
08-05 17:07:32.486 31568 31579 I art     : Explicit concurrent mark sweep GC freed 1270(74KB) AllocSpace objects, 1(20KB) LOS objects, 40% free, 21MB/36MB, paused 112us total 15.601ms
08-05 17:07:32.493 31568 31579 I art     : Starting a blocking GC Explicit
08-05 17:07:32.504 31568 31579 I art     : Explicit concurrent mark sweep GC freed 18(624B) AllocSpace objects, 0(0B) LOS objects, 40% free, 21MB/36MB, paused 96us total 10.771ms
08-05 17:07:32.510 31568 31579 I art     : Starting a blocking GC Explicit
08-05 17:07:32.520 31568 31579 I art     : Explicit concurrent mark sweep GC freed 3(96B) AllocSpace objects, 0(0B) LOS objects, 40% free, 21MB/36MB, paused 90us total 10.360ms
08-05 17:07:32.526 31568 31579 I art     : Starting a blocking GC Explicit
08-05 17:07:32.537 31568 31579 I art     : Explicit concurrent mark sweep GC freed 3(96B) AllocSpace objects, 0(0B) LOS objects, 40% free, 21MB/36MB, paused 114us total 10.096ms
08-05 17:07:32.542 31568 31579 I art     : Starting a blocking GC Explicit
08-05 17:07:32.553 31568 31579 I art     : Explicit concurrent mark sweep GC freed 3(96B) AllocSpace objects, 0(0B) LOS objects, 40% free, 21MB/36MB, paused 103us total 9.954ms
08-05 17:07:32.856 31568 31580 I art     : Starting a blocking GC Explicit
08-05 17:07:32.873 31568 31580 I art     : Explicit concurrent mark sweep GC freed 1268(74KB) AllocSpace objects, 1(20KB) LOS objects, 40% free, 21MB/36MB, paused 131us total 16.755ms
08-05 17:07:32.884 31568 31580 I art     : Starting a blocking GC Explicit
08-05 17:07:32.898 31568 31580 I art     : Explicit concurrent mark sweep GC freed 18(624B) AllocSpace objects, 0(0B) LOS objects, 40% free, 21MB/36MB, paused 113us total 13.646ms
08-05 17:07:32.906 31568 31580 I art     : Starting a blocking GC Explicit
08-05 17:07:32.916 31568 31580 I art     : Explicit concurrent mark sweep GC freed 3(96B) AllocSpace objects, 0(0B) LOS objects, 40% free, 21MB/36MB, paused 92us total 10.163ms
08-05 17:07:32.922 31568 31580 I art     : Starting a blocking GC Explicit
08-05 17:07:32.932 31568 31580 I art     : Explicit concurrent mark sweep GC freed 3(96B) AllocSpace objects, 0(0B) LOS objects, 40% free, 21MB/36MB, paused 94us total 9.955ms
08-05 17:07:32.938 31568 31580 I art     : Starting a blocking GC Explicit
08-05 17:07:32.949 31568 31580 I art     : Explicit concurrent mark sweep GC freed 3(96B) AllocSpace objects, 0(0B) LOS objects, 40% free, 21MB/36MB, paused 94us total 10.225ms
08-05 17:07:33.250 31568 31589 I art     : Starting a blocking GC Explicit
08-05 17:07:33.268 31568 31589 I art     : Explicit concurrent mark sweep GC freed 1268(74KB) AllocSpace objects, 1(20KB) LOS objects, 40% free, 21MB/36MB, paused 136us total 17.263ms
08-05 17:07:33.279 31568 31589 I art     : Starting a blocking GC Explicit
08-05 17:07:33.290 31568 31589 I art     : Explicit concurrent mark sweep GC freed 18(624B) AllocSpace objects, 0(0B) LOS objects, 40% free, 21MB/36MB, paused 150us total 10.959ms
08-05 17:07:33.296 31568 31589 I art     : Starting a blocking GC Explicit
08-05 17:07:33.307 31568 31589 I art     : Explicit concurrent mark sweep GC freed 3(96B) AllocSpace objects, 0(0B) LOS objects, 40% free, 21MB/36MB, paused 220us total 10.567ms
08-05 17:07:33.313 31568 31589 I art     : Starting a blocking GC Explicit
08-05 17:07:33.323 31568 31589 I art     : Explicit concurrent mark sweep GC freed 3(96B) AllocSpace objects, 0(0B) LOS objects, 40% free, 21MB/36MB, paused 86us total 9.913ms
08-05 17:07:33.329 31568 31589 I art     : Starting a blocking GC Explicit
08-05 17:07:33.339 31568 31589 I art     : Explicit concurrent mark sweep GC freed 3(96B) AllocSpace objects, 0(0B) LOS objects, 40% free, 21MB/36MB, paused 88us total 9.881ms
08-05 17:07:33.392 29851 29851 I ServiceManager: Waiting for service AtCmdFwd...
08-05 17:07:33.643 31568 31579 I art     : Starting a blocking GC Explicit
08-05 17:07:33.663 31568 31579 I art     : Explicit concurrent mark sweep GC freed 1268(74KB) AllocSpace objects, 1(20KB) LOS objects, 40% free, 21MB/36MB, paused 146us total 19.503ms
08-05 17:07:33.674 31568 31579 I art     : Starting a blocking GC Explicit
08-05 17:07:33.689 31568 31579 I art     : Explicit concurrent mark sweep GC freed 18(624B) AllocSpace objects, 0(0B) LOS objects, 40% free, 21MB/36MB, paused 124us total 14.349ms
08-05 17:07:33.698 31568 31579 I art     : Starting a blocking GC Explicit
08-05 17:07:33.709 31568 31579 I art     : Explicit concurrent mark sweep GC freed 3(96B) AllocSpace objects, 0(0B) LOS objects, 40% free, 21MB/36MB, paused 101us total 10.585ms
08-05 17:07:33.715 31568 31579 I art     : Starting a blocking GC Explicit
08-05 17:07:33.726 31568 31579 I art     : Explicit concurrent mark sweep GC freed 3(96B) AllocSpace objects, 0(0B) LOS objects, 40% free, 21MB/36MB, paused 89us total 10.319ms
08-05 17:07:33.732 31568 31579 I art     : Starting a blocking GC Explicit
08-05 17:07:33.742 31568 31579 I art     : Explicit concurrent mark sweep GC freed 3(96B) AllocSpace objects, 0(0B) LOS objects, 40% free, 21MB/36MB, paused 88us total 9.994ms
08-05 17:07:34.076 31568 31580 I art     : Starting a blocking GC Explicit
08-05 17:07:34.091 31568 31580 I art     : Explicit concurrent mark sweep GC freed 1268(74KB) AllocSpace objects, 1(20KB) LOS objects, 40% free, 21MB/36MB, paused 146us total 15.580ms
08-05 17:07:34.104 31568 31580 I art     : Starting a blocking GC Explicit
08-05 17:07:34.114 31568 31580 I art     : Explicit concurrent mark sweep GC freed 18(624B) AllocSpace objects, 0(0B) LOS objects, 40% free, 21MB/36MB, paused 92us total 10.635ms
08-05 17:07:34.121 31568 31580 I art     : Starting a blocking GC Explicit
08-05 17:07:34.131 31568 31580 I art     : Explicit concurrent mark sweep GC freed 3(96B) AllocSpace objects, 0(0B) LOS objects, 40% free, 21MB/36MB, paused 90us total 10.317ms
08-05 17:07:34.137 31568 31580 I art     : Starting a blocking GC Explicit
08-05 17:07:34.147 31568 31580 I art     : Explicit concurrent mark sweep GC freed 3(96B) AllocSpace objects, 0(0B) LOS objects, 40% free, 21MB/36MB, paused 90us total 10.149ms
08-05 17:07:34.153 31568 31580 I art     : Starting a blocking GC Explicit
08-05 17:07:34.164 31568 31580 I art     : Explicit concurrent mark sweep GC freed 3(96B) AllocSpace objects, 0(0B) LOS objects, 40% free, 21MB/36MB, paused 91us total 10.033ms
08-05 17:07:34.392 29851 29851 I ServiceManager: Waiting for service AtCmdFwd...
08-05 17:07:34.472 31568 31589 I art     : Starting a blocking GC Explicit
08-05 17:07:34.488 31568 31589 I art     : Explicit concurrent mark sweep GC freed 1268(74KB) AllocSpace objects, 1(20KB) LOS objects, 40% free, 21MB/36MB, paused 128us total 15.523ms
08-05 17:07:34.498 31568 31589 I art     : Starting a blocking GC Explicit
08-05 17:07:34.511 31568 31589 I art     : Explicit concurrent mark sweep GC freed 18(624B) AllocSpace objects, 0(0B) LOS objects, 40% free, 21MB/36MB, paused 103us total 12.841ms
08-05 17:07:34.519 31568 31589 I art     : Starting a blocking GC Explicit
08-05 17:07:34.530 31568 31589 I art     : Explicit concurrent mark sweep GC freed 3(96B) AllocSpace objects, 0(0B) LOS objects, 40% free, 21MB/36MB, paused 86us total 10.149ms
08-05 17:07:34.536 31568 31589 I art     : Starting a blocking GC Explicit
08-05 17:07:34.546 31568 31589 I art     : Explicit concurrent mark sweep GC freed 3(96B) AllocSpace objects, 0(0B) LOS objects, 40% free, 21MB/36MB, paused 88us total 10.164ms
08-05 17:07:34.552 31568 31589 I art     : Starting a blocking GC Explicit
08-05 17:07:34.563 31568 31589 I art     : Explicit concurrent mark sweep GC freed 3(96B) AllocSpace objects, 0(0B) LOS objects, 40% free, 21MB/36MB, paused 86us total 10.311ms
08-05 17:07:34.872 31568 31579 I art     : Starting a blocking GC Explicit
08-05 17:07:34.885 31568 31579 I art     : Explicit concurrent mark sweep GC freed 1268(74KB) AllocSpace objects, 1(20KB) LOS objects, 40% free, 21MB/36MB, paused 117us total 13.129ms
08-05 17:07:34.893 31568 31579 I art     : Starting a blocking GC Explicit
08-05 17:07:34.907 31568 31579 I art     : Explicit concurrent mark sweep GC freed 18(624B) AllocSpace objects, 0(0B) LOS objects, 40% free, 21MB/36MB, paused 108us total 13.475ms
08-05 17:07:34.916 31568 31579 I art     : Starting a blocking GC Explicit
08-05 17:07:34.927 31568 31579 I art     : Explicit concurrent mark sweep GC freed 3(96B) AllocSpace objects, 0(0B) LOS objects, 40% free, 21MB/36MB, paused 92us total 10.861ms
08-05 17:07:34.933 31568 31579 I art     : Starting a blocking GC Explicit
08-05 17:07:34.943 31568 31579 I art     : Explicit concurrent mark sweep GC freed 3(96B) AllocSpace objects, 0(0B) LOS objects, 40% free, 21MB/36MB, paused 89us total 10.186ms
08-05 17:07:34.950 31568 31579 I art     : Starting a blocking GC Explicit
08-05 17:07:34.960 31568 31579 I art     : Explicit concurrent mark sweep GC freed 3(96B) AllocSpace objects, 0(0B) LOS objects, 40% free, 21MB/36MB, paused 91us total 10.247ms
08-05 17:07:35.210 31568 31580 I art     : Starting a blocking GC Explicit
08-05 17:07:35.222 31568 31580 I art     : Explicit concurrent mark sweep GC freed 1268(74KB) AllocSpace objects, 1(20KB) LOS objects, 40% free, 21MB/36MB, paused 108us total 11.366ms
08-05 17:07:35.228 31568 31580 I art     : Starting a blocking GC Explicit
08-05 17:07:35.238 31568 31580 I art     : Explicit concurrent mark sweep GC freed 18(624B) AllocSpace objects, 0(0B) LOS objects, 40% free, 21MB/36MB, paused 93us total 9.557ms
08-05 17:07:35.244 31568 31580 I art     : Starting a blocking GC Explicit
08-05 17:07:35.254 31568 31580 I art     : Explicit concurrent mark sweep GC freed 3(96B) AllocSpace objects, 0(0B) LOS objects, 40% free, 21MB/36MB, paused 81us total 9.947ms
08-05 17:07:35.259 31568 31580 I art     : Starting a blocking GC Explicit
08-05 17:07:35.268 31568 31580 I art     : Explicit concurrent mark sweep GC freed 3(96B) AllocSpace objects, 0(0B) LOS objects, 40% free, 21MB/36MB, paused 84us total 8.795ms
08-05 17:07:35.273 31568 31580 I art     : Starting a blocking GC Explicit
08-05 17:07:35.282 31568 31580 I art     : Explicit concurrent mark sweep GC freed 3(96B) AllocSpace objects, 0(0B) LOS objects, 40% free, 21MB/36MB, paused 84us total 9.037ms
08-05 17:07:35.393 29851 29851 I ServiceManager: Waiting for service AtCmdFwd...
08-05 17:07:35.577 31568 31589 I art     : Starting a blocking GC Explicit
08-05 17:07:35.589 31568 31589 I art     : Explicit concurrent mark sweep GC freed 1268(74KB) AllocSpace objects, 1(20KB) LOS objects, 40% free, 21MB/36MB, paused 101us total 12.475ms
08-05 17:07:35.596 31568 31589 I art     : Starting a blocking GC Explicit
08-05 17:07:35.609 31568 31589 I art     : Explicit concurrent mark sweep GC freed 18(624B) AllocSpace objects, 0(0B) LOS objects, 40% free, 21MB/36MB, paused 101us total 12.988ms
08-05 17:07:35.619 31568 31589 I art     : Starting a blocking GC Explicit
08-05 17:07:35.631 31568 31589 I art     : Explicit concurrent mark sweep GC freed 3(96B) AllocSpace objects, 0(0B) LOS objects, 40% free, 21MB/36MB, paused 103us total 12.596ms
08-05 17:07:35.640 31568 31589 I art     : Starting a blocking GC Explicit
08-05 17:07:35.650 31568 31589 I art     : Explicit concurrent mark sweep GC freed 3(96B) AllocSpace objects, 0(0B) LOS objects, 40% free, 21MB/36MB, paused 94us total 9.860ms
08-05 17:07:35.656 31568 31589 I art     : Starting a blocking GC Explicit
08-05 17:07:35.666 31568 31589 I art     : Explicit concurrent mark sweep GC freed 3(96B) AllocSpace objects, 0(0B) LOS objects, 40% free, 21MB/36MB, paused 92us total 10.092ms
08-05 17:07:35.972 31568 31579 I art     : Starting a blocking GC Explicit
08-05 17:07:35.989 31568 31579 I art     : Explicit concurrent mark sweep GC freed 1268(74KB) AllocSpace objects, 1(20KB) LOS objects, 40% free, 21MB/36MB, paused 133us total 16.179ms
08-05 17:07:35.997 31568 31579 I art     : Starting a blocking GC Explicit
08-05 17:07:36.008 31568 31579 I art     : Explicit concurrent mark sweep GC freed 18(624B) AllocSpace objects, 0(0B) LOS objects, 40% free, 21MB/36MB, paused 100us total 10.623ms
08-05 17:07:36.015 31568 31579 I art     : Starting a blocking GC Explicit
08-05 17:07:36.024 31568 31579 I art     : Explicit concurrent mark sweep GC freed 3(96B) AllocSpace objects, 0(0B) LOS objects, 40% free, 21MB/36MB, paused 84us total 8.768ms
08-05 17:07:36.029 31568 31579 I art     : Starting a blocking GC Explicit
08-05 17:07:36.038 31568 31579 I art     : Explicit concurrent mark sweep GC freed 3(96B) AllocSpace objects, 0(0B) LOS objects, 40% free, 21MB/36MB, paused 79us total 8.682ms
08-05 17:07:36.043 31568 31579 I art     : Starting a blocking GC Explicit
08-05 17:07:36.052 31568 31579 I art     : Explicit concurrent mark sweep GC freed 3(96B) AllocSpace objects, 0(0B) LOS objects, 40% free, 21MB/36MB, paused 81us total 8.754ms
08-05 17:07:36.317 31568 31580 I art     : Starting a blocking GC Explicit
08-05 17:07:36.327 31568 31580 I art     : Explicit concurrent mark sweep GC freed 1268(74KB) AllocSpace objects, 1(20KB) LOS objects, 40% free, 21MB/36MB, paused 102us total 10.490ms
08-05 17:07:36.333 31568 31580 I art     : Starting a blocking GC Explicit
08-05 17:07:36.343 31568 31580 I art     : Explicit concurrent mark sweep GC freed 18(624B) AllocSpace objects, 0(0B) LOS objects, 40% free, 21MB/36MB, paused 92us total 9.941ms
08-05 17:07:36.349 31568 31580 I art     : Starting a blocking GC Explicit
08-05 17:07:36.359 31568 31580 I art     : Explicit concurrent mark sweep GC freed 3(96B) AllocSpace objects, 0(0B) LOS objects, 40% free, 21MB/36MB, paused 88us total 9.451ms
08-05 17:07:36.364 31568 31580 I art     : Starting a blocking GC Explicit
08-05 17:07:36.374 31568 31580 I art     : Explicit concurrent mark sweep GC freed 3(96B) AllocSpace objects, 0(0B) LOS objects, 40% free, 21MB/36MB, paused 95us total 9.404ms
08-05 17:07:36.380 31568 31580 I art     : Starting a blocking GC Explicit
08-05 17:07:36.383 31755 31755 D AndroidRuntime: >>>>>> START com.android.internal.os.RuntimeInit uid 2000 <<<<<<
08-05 17:07:36.387 31755 31755 D AndroidRuntime: CheckJNI is OFF
08-05 17:07:36.389 31568 31580 I art     : Explicit concurrent mark sweep GC freed 3(96B) AllocSpace objects, 0(0B) LOS objects, 40% free, 21MB/36MB, paused 95us total 9.580ms
08-05 17:07:36.393 29851 29851 W Atfwd_Sendcmd: AtCmdFwd service not published, waiting... retryCnt : 1
08-05 17:07:36.410 31755 31755 D ICU     : No timezone override file found: /data/misc/zoneinfo/current/icu/icu_tzdata.dat
08-05 17:07:36.435 31755 31755 I Radio-JNI: register_android_hardware_Radio DONE
08-05 17:07:36.451 31755 31755 D AndroidRuntime: Calling main entry com.android.commands.input.Input
08-05 17:07:36.452 31755 31755 I Input   : injectMotionEvent: MotionEvent { action=ACTION_DOWN, actionButton=0, id[0]=0, x[0]=711.0, y[0]=1664.0, toolType[0]=TOOL_TYPE_UNKNOWN, buttonState=0, metaState=0, flags=0x0, edgeFlags=0x0, pointerCount=1, historySize=0, eventTime=810472865, downTime=810472865, deviceId=0, source=0x1002 }
08-05 17:07:36.458 31755 31755 I Input   : injectMotionEvent: MotionEvent { action=ACTION_UP, actionButton=0, id[0]=0, x[0]=711.0, y[0]=1664.0, toolType[0]=TOOL_TYPE_UNKNOWN, buttonState=0, metaState=0, flags=0x0, edgeFlags=0x0, pointerCount=1, historySize=0, eventTime=810472865, downTime=810472865, deviceId=0, source=0x1002 }
08-05 17:07:36.459 31755 31755 D AndroidRuntime: Shutting down VM
08-05 17:07:36.474   512  2967 D audio_hw_primary: out_set_parameters: enter: usecase(1: low-latency-playback) kvpairs: routing=2
08-05 17:07:36.477   918  4413 I ActivityManager: START u0 {flg=0x14000000 cmp=baseline.com.ak.uobtimetable/.CourseListActivity} from uid 10684 on display 0
08-05 17:07:36.487   512  2967 D audio_hw_primary: select_devices: out_snd_device(2: speaker) in_snd_device(0: none)
08-05 17:07:36.487   512  2967 D msm8974_platform: platform_send_audio_calibration: sending audio calibration for snd_device(2) acdb_id(15)
08-05 17:07:36.487   512  2967 I soundtrigger: audio_extn_sound_trigger_update_device_status: device 0x2 of type 0 for Event 1
08-05 17:07:36.497   512  2967 D audio_hw_primary: enable_snd_device: snd_device(2: speaker)
08-05 17:07:36.500   512  2967 D audio_hw_primary: enable_audio_route: apply and update mixer path: low-latency-playback speaker
08-05 17:07:36.518 31568 31568 D CourseListActivity: onCreate
08-05 17:07:36.544 31568 31781 D HTTP    : Request for: https://uob-timetable-api.adriankeenan.co.uk/courses
08-05 17:07:36.598 31568 31580 I art     : Starting a blocking GC Explicit
08-05 17:07:36.607   918   936 I ActivityManager: Displayed baseline.com.ak.uobtimetable/.CourseListActivity: +118ms
08-05 17:07:36.608 13866 13866 I GoogleInputMethodServic: GoogleInputMethodService.onFinishInput():3138 
08-05 17:07:36.608 13866 13866 I GoogleInputMethodServic: GoogleInputMethodService.onStartInput():1808 
08-05 17:07:36.612 31568 31580 I art     : Explicit concurrent mark sweep GC freed 4896(387KB) AllocSpace objects, 1(20KB) LOS objects, 40% free, 22MB/37MB, paused 215us total 14.706ms
08-05 17:07:36.619 31568 31580 I art     : Starting a blocking GC Explicit
08-05 17:07:36.625 31568 31583 D OpenGLRenderer: endAllStagingAnimators on 0x7f949c2800 (RippleDrawable) with handle 0x7f9a1f4b20
08-05 17:07:36.630 31568 31580 I art     : Explicit concurrent mark sweep GC freed 462(25KB) AllocSpace objects, 0(0B) LOS objects, 40% free, 22MB/37MB, paused 138us total 10.676ms
08-05 17:07:36.636 31568 31580 I art     : Starting a blocking GC Explicit
08-05 17:07:36.647 31568 31580 I art     : Explicit concurrent mark sweep GC freed 23(864B) AllocSpace objects, 0(0B) LOS objects, 40% free, 22MB/37MB, paused 143us total 10.580ms
08-05 17:07:36.653 31568 31580 I art     : Starting a blocking GC Explicit
08-05 17:07:36.664 31568 31580 I art     : Explicit concurrent mark sweep GC freed 4(128B) AllocSpace objects, 0(0B) LOS objects, 40% free, 22MB/37MB, paused 153us total 10.800ms
08-05 17:07:36.671 31568 31580 I art     : Starting a blocking GC Explicit
08-05 17:07:36.681 31568 31580 I art     : Explicit concurrent mark sweep GC freed 4(128B) AllocSpace objects, 0(0B) LOS objects, 40% free, 22MB/37MB, paused 125us total 10.524ms
08-05 17:07:36.904 31568 31781 I NAPPA_EXPERIMENTATION: MetricNetworkRequestExecutionTime: REQUEST_DURATION_SYSTEM='356',REQUEST_DURATION_OKHTTP='49',REQUEST_SYNCHRONOUS='TRUE',RESPONSE_CODE='200',RESPONSE_METHOD='GET',RESPONSE_LENGTH_OKHTTP='-1',RESPONSE_LENGTH_HEADER='-2',REQUEST_PROTOCOL='http/1.1',REQUEST_URL='https://uob-timetable-api.adriankeenan.co.uk/courses',
08-05 17:07:36.921 31568 31589 I art     : Starting a blocking GC Explicit
08-05 17:07:36.934 31568 31589 I art     : Explicit concurrent mark sweep GC freed 4020(260KB) AllocSpace objects, 4(220KB) LOS objects, 40% free, 23MB/38MB, paused 157us total 12.117ms
08-05 17:07:36.940 31568 31589 I art     : Starting a blocking GC Explicit
08-05 17:07:36.950 31568 31589 I art     : Explicit concurrent mark sweep GC freed 1004(118KB) AllocSpace objects, 0(0B) LOS objects, 39% free, 24MB/40MB, paused 127us total 10.701ms
08-05 17:07:36.956 31568 31589 I art     : Starting a blocking GC Explicit
08-05 17:07:36.968 31568 31589 I art     : Explicit concurrent mark sweep GC freed 10(272B) AllocSpace objects, 0(0B) LOS objects, 38% free, 25MB/41MB, paused 126us total 11.696ms
08-05 17:07:36.974 31568 31589 I art     : Starting a blocking GC Explicit
08-05 17:07:36.985 31568 31589 I art     : Explicit concurrent mark sweep GC freed 12(320B) AllocSpace objects, 0(0B) LOS objects, 37% free, 27MB/43MB, paused 143us total 10.816ms
08-05 17:07:36.991 31568 31589 I art     : Starting a blocking GC Explicit
08-05 17:07:37.002 31568 31589 I art     : Explicit concurrent mark sweep GC freed 17(560B) AllocSpace objects, 0(0B) LOS objects, 35% free, 28MB/44MB, paused 231us total 11.032ms
08-05 17:07:37.039   512  2967 D audio_hw_primary: disable_audio_route: reset and update mixer path: low-latency-playback speaker
08-05 17:07:37.040   512  2967 D audio_hw_primary: disable_snd_device: snd_device(2: speaker)
08-05 17:07:37.048   512  2967 I soundtrigger: audio_extn_sound_trigger_update_device_status: device 0x2 of type 0 for Event 0
08-05 17:07:37.260 31568 31589 I art     : Starting a blocking GC Explicit
08-05 17:07:37.260 31568 31781 I HTTP    : Response was compressed.
08-05 17:07:37.278 31568 31589 I art     : Explicit concurrent mark sweep GC freed 2327(109KB) AllocSpace objects, 2(22MB) LOS objects, 29% free, 37MB/53MB, paused 374us total 17.680ms
08-05 17:07:37.284 31568 31589 I art     : Starting a blocking GC Explicit
08-05 17:07:37.296 31568 31589 I art     : Explicit concurrent mark sweep GC freed 12059(562KB) AllocSpace objects, 0(0B) LOS objects, 29% free, 37MB/53MB, paused 183us total 11.831ms
08-05 17:07:37.302 31568 31589 I art     : Starting a blocking GC Explicit
08-05 17:07:37.313 31568 31589 I art     : Explicit concurrent mark sweep GC freed 9458(443KB) AllocSpace objects, 0(0B) LOS objects, 29% free, 37MB/53MB, paused 186us total 11.636ms
08-05 17:07:37.319 31568 31589 I art     : Starting a blocking GC Explicit
08-05 17:07:37.330 31568 31589 I art     : Explicit concurrent mark sweep GC freed 9368(436KB) AllocSpace objects, 0(0B) LOS objects, 29% free, 37MB/53MB, paused 182us total 11.249ms
08-05 17:07:37.336 31568 31589 I art     : Starting a blocking GC Explicit
08-05 17:07:37.348 31568 31589 I art     : Explicit concurrent mark sweep GC freed 9277(429KB) AllocSpace objects, 0(0B) LOS objects, 29% free, 37MB/53MB, paused 236us total 11.699ms
08-05 17:07:37.626 31568 31589 I art     : Starting a blocking GC Explicit
08-05 17:07:37.654 31568 31589 I art     : Explicit concurrent mark sweep GC freed 157453(7MB) AllocSpace objects, 1(20KB) LOS objects, 28% free, 39MB/55MB, paused 297us total 27.779ms
08-05 17:07:37.663 31568 31589 I art     : Starting a blocking GC Explicit
08-05 17:07:37.677 31568 31589 I art     : Explicit concurrent mark sweep GC freed 16674(788KB) AllocSpace objects, 0(0B) LOS objects, 29% free, 39MB/55MB, paused 245us total 14.523ms
08-05 17:07:37.684 31568 31589 I art     : Starting a blocking GC Explicit
08-05 17:07:37.698 31568 31589 I art     : Explicit concurrent mark sweep GC freed 10858(513KB) AllocSpace objects, 0(0B) LOS objects, 28% free, 39MB/55MB, paused 262us total 14.095ms
08-05 17:07:37.705 31568 31589 I art     : Starting a blocking GC Explicit
08-05 17:07:37.720 31568 31589 I art     : Explicit concurrent mark sweep GC freed 11342(531KB) AllocSpace objects, 0(0B) LOS objects, 28% free, 39MB/55MB, paused 230us total 14.911ms
08-05 17:07:37.727 31568 31589 I art     : Starting a blocking GC Explicit
08-05 17:07:37.741 31568 31589 I art     : Explicit concurrent mark sweep GC freed 11872(552KB) AllocSpace objects, 0(0B) LOS objects, 28% free, 39MB/55MB, paused 245us total 14.643ms
08-05 17:07:38.011 31568 31579 I art     : Starting a blocking GC Explicit
08-05 17:07:38.042 31568 31579 I art     : Explicit concurrent mark sweep GC freed 157289(7MB) AllocSpace objects, 1(20KB) LOS objects, 28% free, 40MB/56MB, paused 278us total 30.689ms
08-05 17:07:38.052 31568 31579 I art     : Starting a blocking GC Explicit
08-05 17:07:38.072 31568 31579 I art     : Explicit concurrent mark sweep GC freed 19515(915KB) AllocSpace objects, 0(0B) LOS objects, 28% free, 40MB/56MB, paused 283us total 19.984ms
08-05 17:07:38.080 31568 31579 I art     : Starting a blocking GC Explicit
08-05 17:07:38.098 31568 31579 I art     : Explicit concurrent mark sweep GC freed 14533(687KB) AllocSpace objects, 0(0B) LOS objects, 28% free, 40MB/56MB, paused 352us total 17.804ms
08-05 17:07:38.106 31568 31579 I art     : Starting a blocking GC Explicit
08-05 17:07:38.125 31568 31579 I art     : Explicit concurrent mark sweep GC freed 13600(654KB) AllocSpace objects, 0(0B) LOS objects, 28% free, 40MB/56MB, paused 316us total 18.554ms
08-05 17:07:38.133 31568 31579 I art     : Starting a blocking GC Explicit
08-05 17:07:38.152 31568 31579 I art     : Explicit concurrent mark sweep GC freed 14860(699KB) AllocSpace objects, 0(0B) LOS objects, 28% free, 40MB/56MB, paused 443us total 19.010ms
08-05 17:07:38.207   518   646 I ThermalEngine: ACTION: GPU - Setting GPU[0] to 510000000
08-05 17:07:38.396 31568 31579 I art     : Starting a blocking GC Explicit
08-05 17:07:38.435 31568 31579 I art     : Explicit concurrent mark sweep GC freed 146992(6MB) AllocSpace objects, 1(20KB) LOS objects, 27% free, 42MB/58MB, paused 447us total 39.331ms
08-05 17:07:38.447 31568 31579 I art     : Starting a blocking GC Explicit
08-05 17:07:38.474 31568 31579 I art     : Explicit concurrent mark sweep GC freed 25796(1228KB) AllocSpace objects, 0(0B) LOS objects, 27% free, 42MB/58MB, paused 489us total 26.826ms
08-05 17:07:38.486 31568 31579 I art     : Starting a blocking GC Explicit
08-05 17:07:38.512 31568 31579 I art     : Explicit concurrent mark sweep GC freed 20889(1002KB) AllocSpace objects, 0(0B) LOS objects, 27% free, 42MB/58MB, paused 481us total 26.491ms
08-05 17:07:38.524 31568 31579 I art     : Starting a blocking GC Explicit
08-05 17:07:38.552 31568 31579 I art     : Explicit concurrent mark sweep GC freed 21323(1011KB) AllocSpace objects, 0(0B) LOS objects, 27% free, 42MB/58MB, paused 504us total 27.833ms
08-05 17:07:38.563 31568 31579 I art     : Starting a blocking GC Explicit
08-05 17:07:38.590 31568 31579 I art     : Explicit concurrent mark sweep GC freed 21236(994KB) AllocSpace objects, 0(0B) LOS objects, 27% free, 42MB/58MB, paused 524us total 27.361ms
08-05 17:07:38.860 31568 31579 I art     : Starting a blocking GC Explicit
08-05 17:07:38.905 31568 31579 I art     : Explicit concurrent mark sweep GC freed 164812(7MB) AllocSpace objects, 1(20KB) LOS objects, 26% free, 44MB/60MB, paused 535us total 44.684ms
08-05 17:07:38.920 31568 31579 I art     : Starting a blocking GC Explicit
08-05 17:07:38.950 31568 31579 I art     : Explicit concurrent mark sweep GC freed 28396(1332KB) AllocSpace objects, 0(0B) LOS objects, 26% free, 44MB/60MB, paused 596us total 29.616ms
08-05 17:07:38.961 31568 31579 I art     : Starting a blocking GC Explicit
08-05 17:07:38.993 31568 31579 I art     : Explicit concurrent mark sweep GC freed 23487(1103KB) AllocSpace objects, 0(0B) LOS objects, 26% free, 44MB/60MB, paused 604us total 30.896ms
08-05 17:07:39.005 31568 31579 I art     : Starting a blocking GC Explicit
08-05 17:07:39.038 31568 31579 I art     : Explicit concurrent mark sweep GC freed 24458(1146KB) AllocSpace objects, 0(0B) LOS objects, 26% free, 44MB/60MB, paused 750us total 32.710ms
08-05 17:07:39.051 31568 31579 I art     : Starting a blocking GC Explicit
08-05 17:07:39.084 31568 31579 I art     : Explicit concurrent mark sweep GC freed 24615(1162KB) AllocSpace objects, 0(0B) LOS objects, 26% free, 44MB/60MB, paused 578us total 33.592ms
08-05 17:07:39.361 31568 31579 I art     : Starting a blocking GC Explicit
08-05 17:07:39.412 31568 31579 I art     : Explicit concurrent mark sweep GC freed 168336(7MB) AllocSpace objects, 1(20KB) LOS objects, 25% free, 46MB/62MB, paused 672us total 50.718ms
08-05 17:07:39.428 31568 31579 I art     : Starting a blocking GC Explicit
08-05 17:07:39.463 31568 31579 I art     : Explicit concurrent mark sweep GC freed 31589(1472KB) AllocSpace objects, 0(0B) LOS objects, 25% free, 46MB/62MB, paused 703us total 34.512ms
08-05 17:07:39.477 31568 31579 I art     : Starting a blocking GC Explicit
08-05 17:07:39.512 31568 31579 I art     : Explicit concurrent mark sweep GC freed 26956(1260KB) AllocSpace objects, 0(0B) LOS objects, 25% free, 46MB/62MB, paused 685us total 35.614ms
08-05 17:07:39.526 31568 31579 I art     : Starting a blocking GC Explicit
08-05 17:07:39.562 31568 31579 I art     : Explicit concurrent mark sweep GC freed 27338(1278KB) AllocSpace objects, 0(0B) LOS objects, 25% free, 46MB/62MB, paused 730us total 36.359ms
08-05 17:07:39.576 31568 31579 I art     : Starting a blocking GC Explicit
08-05 17:07:39.614 31568 31579 I art     : Explicit concurrent mark sweep GC freed 28081(1308KB) AllocSpace objects, 0(0B) LOS objects, 25% free, 46MB/62MB, paused 703us total 37.689ms
08-05 17:07:39.887 31568 31580 I art     : Starting a blocking GC Explicit
08-05 17:07:39.945 31568 31580 I art     : Explicit concurrent mark sweep GC freed 171731(7MB) AllocSpace objects, 1(20KB) LOS objects, 24% free, 48MB/64MB, paused 801us total 57.708ms
08-05 17:07:39.961 31568 31580 I art     : Starting a blocking GC Explicit
08-05 17:07:40.001 31568 31580 I art     : Explicit concurrent mark sweep GC freed 35162(1651KB) AllocSpace objects, 0(0B) LOS objects, 24% free, 48MB/64MB, paused 814us total 39.868ms
08-05 17:07:40.015 31568 31580 I art     : Starting a blocking GC Explicit
08-05 17:07:40.057 31568 31580 I art     : Explicit concurrent mark sweep GC freed 29926(1457KB) AllocSpace objects, 0(0B) LOS objects, 24% free, 48MB/64MB, paused 1.103ms total 41.570ms
08-05 17:07:40.066 31568 31781 I Service : getCourses response time: 0.69
08-05 17:07:40.070 31568 31568 I SettingsManager: Getting string: savedCourse
08-05 17:07:40.073 31568 31580 I art     : Starting a blocking GC Explicit
08-05 17:07:40.115 31568 31580 I art     : Explicit concurrent mark sweep GC freed 6382(300KB) AllocSpace objects, 1(14MB) LOS objects, 32% free, 33MB/49MB, paused 255us total 42.013ms
08-05 17:07:40.130 31568 31580 I art     : Starting a blocking GC Explicit
08-05 17:07:40.167 31568 31580 I art     : Explicit concurrent mark sweep GC freed 374(14KB) AllocSpace objects, 0(0B) LOS objects, 32% free, 33MB/49MB, paused 252us total 37.396ms
08-05 17:07:40.468 31568 31580 I art     : Starting a blocking GC Explicit
08-05 17:07:40.525 31568 31580 I art     : Explicit concurrent mark sweep GC freed 1364(77KB) AllocSpace objects, 1(20KB) LOS objects, 32% free, 33MB/49MB, paused 206us total 56.555ms
08-05 17:07:40.544 31568 31580 I art     : Starting a blocking GC Explicit
08-05 17:07:40.588 31568 31580 I art     : Explicit concurrent mark sweep GC freed 22(816B) AllocSpace objects, 0(0B) LOS objects, 32% free, 33MB/49MB, paused 186us total 43.767ms
08-05 17:07:40.604 31568 31580 I art     : Starting a blocking GC Explicit
08-05 17:07:40.646 31568 31580 I art     : Explicit concurrent mark sweep GC freed 3(96B) AllocSpace objects, 0(0B) LOS objects, 32% free, 33MB/49MB, paused 181us total 41.992ms
08-05 17:07:40.662 31568 31580 I art     : Starting a blocking GC Explicit
08-05 17:07:40.704 31568 31580 I art     : Explicit concurrent mark sweep GC freed 3(96B) AllocSpace objects, 0(0B) LOS objects, 32% free, 33MB/49MB, paused 188us total 42.300ms
08-05 17:07:40.720 31568 31580 I art     : Starting a blocking GC Explicit
08-05 17:07:40.764 31568 31580 I art     : Explicit concurrent mark sweep GC freed 3(96B) AllocSpace objects, 0(0B) LOS objects, 32% free, 33MB/49MB, paused 232us total 43.628ms
08-05 17:07:41.073 31568 31579 I art     : Starting a blocking GC Explicit
08-05 17:07:41.137 31568 31579 I art     : Explicit concurrent mark sweep GC freed 1274(74KB) AllocSpace objects, 1(20KB) LOS objects, 32% free, 33MB/49MB, paused 208us total 63.131ms
08-05 17:07:41.156 31568 31579 I art     : Starting a blocking GC Explicit
08-05 17:07:41.198 31568 31579 I art     : Explicit concurrent mark sweep GC freed 18(624B) AllocSpace objects, 0(0B) LOS objects, 32% free, 33MB/49MB, paused 176us total 41.898ms
08-05 17:07:41.214 31568 31579 I art     : Starting a blocking GC Explicit
08-05 17:07:41.257 31568 31579 I art     : Explicit concurrent mark sweep GC freed 3(96B) AllocSpace objects, 0(0B) LOS objects, 32% free, 33MB/49MB, paused 237us total 43.057ms
08-05 17:07:41.273 31568 31579 I art     : Starting a blocking GC Explicit
08-05 17:07:41.315 31568 31579 I art     : Explicit concurrent mark sweep GC freed 3(96B) AllocSpace objects, 0(0B) LOS objects, 32% free, 33MB/49MB, paused 185us total 42.272ms
08-05 17:07:41.331 31568 31579 I art     : Starting a blocking GC Explicit
08-05 17:07:41.376 31568 31579 I art     : Explicit concurrent mark sweep GC freed 3(96B) AllocSpace objects, 0(0B) LOS objects, 32% free, 33MB/49MB, paused 189us total 43.800ms
08-05 17:07:41.394 29851 29851 I ServiceManager: Waiting for service AtCmdFwd...
08-05 17:07:41.690 31568 31589 I art     : Starting a blocking GC Explicit
08-05 17:07:41.754 31568 31589 I art     : Explicit concurrent mark sweep GC freed 1275(74KB) AllocSpace objects, 1(20KB) LOS objects, 32% free, 33MB/49MB, paused 185us total 64.221ms
08-05 17:07:41.770 31568 31589 I art     : Starting a blocking GC Explicit
08-05 17:07:41.807 31568 31589 I art     : Explicit concurrent mark sweep GC freed 20(704B) AllocSpace objects, 0(0B) LOS objects, 32% free, 33MB/49MB, paused 193us total 36.629ms
08-05 17:07:41.822 31568 31589 I art     : Starting a blocking GC Explicit
08-05 17:07:41.865 31568 31589 I art     : Explicit concurrent mark sweep GC freed 3(96B) AllocSpace objects, 0(0B) LOS objects, 32% free, 33MB/49MB, paused 191us total 42.777ms
08-05 17:07:41.881 31568 31589 I art     : Starting a blocking GC Explicit
08-05 17:07:41.921 31568 31589 I art     : Explicit concurrent mark sweep GC freed 3(96B) AllocSpace objects, 0(0B) LOS objects, 32% free, 33MB/49MB, paused 185us total 39.170ms
08-05 17:07:41.935 31568 31589 I art     : Waiting for a blocking GC Explicit
08-05 17:07:41.936 31568 31589 I art     : Starting a blocking GC Explicit
08-05 17:07:41.977 31568 31589 I art     : Explicit concurrent mark sweep GC freed 3(96B) AllocSpace objects, 0(0B) LOS objects, 32% free, 33MB/49MB, paused 200us total 41.290ms
08-05 17:07:42.298 31568 31579 I art     : Starting a blocking GC Explicit
08-05 17:07:42.359 31568 31579 I art     : Explicit concurrent mark sweep GC freed 1274(74KB) AllocSpace objects, 1(20KB) LOS objects, 32% free, 33MB/49MB, paused 232us total 59.720ms
08-05 17:07:42.377 31568 31579 I art     : Starting a blocking GC Explicit
08-05 17:07:42.395 29851 29851 I ServiceManager: Waiting for service AtCmdFwd...
08-05 17:07:42.415 31568 31579 I art     : Explicit concurrent mark sweep GC freed 18(624B) AllocSpace objects, 0(0B) LOS objects, 32% free, 33MB/49MB, paused 181us total 38.209ms
08-05 17:07:42.430 31568 31579 I art     : Starting a blocking GC Explicit
08-05 17:07:42.472 31568 31579 I art     : Explicit concurrent mark sweep GC freed 3(96B) AllocSpace objects, 0(0B) LOS objects, 32% free, 33MB/49MB, paused 203us total 41.892ms
08-05 17:07:42.488 31568 31579 I art     : Starting a blocking GC Explicit
08-05 17:07:42.533 31568 31579 I art     : Explicit concurrent mark sweep GC freed 3(96B) AllocSpace objects, 0(0B) LOS objects, 32% free, 33MB/49MB, paused 185us total 43.986ms
08-05 17:07:42.549 31568 31579 I art     : Starting a blocking GC Explicit
08-05 17:07:42.593 31568 31579 I art     : Explicit concurrent mark sweep GC freed 3(96B) AllocSpace objects, 0(0B) LOS objects, 32% free, 33MB/49MB, paused 187us total 43.494ms
08-05 17:07:42.817   918  1210 D NetlinkSocketObserver: NeighborEvent{elapsedMs=1793866691, 192.168.2.254, [7C3953A63323], RTM_NEWNEIGH, NUD_PROBE}
08-05 17:07:42.856 31568 31580 I art     : Starting a blocking GC Explicit
08-05 17:07:42.901 31568 31580 I art     : Explicit concurrent mark sweep GC freed 1274(74KB) AllocSpace objects, 1(20KB) LOS objects, 32% free, 33MB/49MB, paused 200us total 44.456ms
08-05 17:07:42.917 31568 31580 I art     : Starting a blocking GC Explicit
08-05 17:07:42.955 31568 31580 I art     : Explicit concurrent mark sweep GC freed 18(624B) AllocSpace objects, 0(0B) LOS objects, 32% free, 33MB/49MB, paused 186us total 37.183ms
08-05 17:07:42.970 31568 31580 I art     : Starting a blocking GC Explicit
08-05 17:07:43.011 31568 31580 I art     : Explicit concurrent mark sweep GC freed 3(96B) AllocSpace objects, 0(0B) LOS objects, 32% free, 33MB/49MB, paused 192us total 40.346ms
08-05 17:07:43.026 31568 31580 I art     : Starting a blocking GC Explicit
08-05 17:07:43.067 31568 31580 I art     : Explicit concurrent mark sweep GC freed 3(96B) AllocSpace objects, 0(0B) LOS objects, 32% free, 33MB/49MB, paused 216us total 40.801ms
08-05 17:07:43.082 31568 31580 I art     : Starting a blocking GC Explicit
08-05 17:07:43.123 31568 31580 I art     : Explicit concurrent mark sweep GC freed 3(96B) AllocSpace objects, 0(0B) LOS objects, 32% free, 33MB/49MB, paused 189us total 40.075ms
08-05 17:07:43.164 31912 31912 D AndroidRuntime: >>>>>> START com.android.internal.os.RuntimeInit uid 2000 <<<<<<
08-05 17:07:43.169 31912 31912 D AndroidRuntime: CheckJNI is OFF
08-05 17:07:43.201 31912 31912 D ICU     : No timezone override file found: /data/misc/zoneinfo/current/icu/icu_tzdata.dat
08-05 17:07:43.235 31912 31912 I Radio-JNI: register_android_hardware_Radio DONE
08-05 17:07:43.257 31912 31912 D AndroidRuntime: Calling main entry com.android.commands.input.Input
08-05 17:07:43.260 31912 31912 I Input   : injectMotionEvent: MotionEvent { action=ACTION_DOWN, actionButton=0, id[0]=0, x[0]=526.0, y[0]=704.0, toolType[0]=TOOL_TYPE_UNKNOWN, buttonState=0, metaState=0, flags=0x0, edgeFlags=0x0, pointerCount=1, historySize=0, eventTime=810479673, downTime=810479673, deviceId=0, source=0x1002 }
08-05 17:07:43.269 31912 31912 I Input   : injectMotionEvent: MotionEvent { action=ACTION_UP, actionButton=0, id[0]=0, x[0]=526.0, y[0]=704.0, toolType[0]=TOOL_TYPE_UNKNOWN, buttonState=0, metaState=0, flags=0x0, edgeFlags=0x0, pointerCount=1, historySize=0, eventTime=810479673, downTime=810479673, deviceId=0, source=0x1002 }
08-05 17:07:43.273 31912 31912 D AndroidRuntime: Shutting down VM
08-05 17:07:43.338   512  2967 D audio_hw_primary: out_set_parameters: enter: usecase(1: low-latency-playback) kvpairs: routing=2
08-05 17:07:43.351   512  2967 D audio_hw_primary: select_devices: out_snd_device(2: speaker) in_snd_device(0: none)
08-05 17:07:43.351   512  2967 D msm8974_platform: platform_send_audio_calibration: sending audio calibration for snd_device(2) acdb_id(15)
08-05 17:07:43.351   512  2967 I soundtrigger: audio_extn_sound_trigger_update_device_status: device 0x2 of type 0 for Event 1
08-05 17:07:43.362   512  2967 D audio_hw_primary: enable_snd_device: snd_device(2: speaker)
08-05 17:07:43.364   512  2967 D audio_hw_primary: enable_audio_route: apply and update mixer path: low-latency-playback speaker
08-05 17:07:43.379 31568 31579 I art     : Starting a blocking GC Explicit
08-05 17:07:43.395 29851 29851 I ServiceManager: Waiting for service AtCmdFwd...
08-05 17:07:43.422 31568 31579 I art     : Explicit concurrent mark sweep GC freed 1976(130KB) AllocSpace objects, 2(40KB) LOS objects, 32% free, 33MB/49MB, paused 225us total 42.327ms
08-05 17:07:43.437 31568 31579 I art     : Starting a blocking GC Explicit
08-05 17:07:43.477 31568 31579 I art     : Explicit concurrent mark sweep GC freed 219(9KB) AllocSpace objects, 0(0B) LOS objects, 32% free, 33MB/49MB, paused 258us total 40.256ms
08-05 17:07:43.491 31568 31579 I art     : Starting a blocking GC Explicit
08-05 17:07:43.534 31568 31579 I art     : Explicit concurrent mark sweep GC freed 8(240B) AllocSpace objects, 0(0B) LOS objects, 32% free, 33MB/49MB, paused 193us total 41.962ms
08-05 17:07:43.550 31568 31579 I art     : Starting a blocking GC Explicit
08-05 17:07:43.591 31568 31579 I art     : Explicit concurrent mark sweep GC freed 5(176B) AllocSpace objects, 0(0B) LOS objects, 32% free, 33MB/49MB, paused 167us total 40.683ms
08-05 17:07:43.608 31568 31579 I art     : Starting a blocking GC Explicit
08-05 17:07:43.652 31568 31579 I art     : Explicit concurrent mark sweep GC freed 3(96B) AllocSpace objects, 0(0B) LOS objects, 32% free, 33MB/49MB, paused 177us total 43.819ms
08-05 17:07:43.656   918  3188 I hubconnection: sensorhub said: 'set_bias 3: -6.2400, 0.0000, 0.0000'
08-05 17:07:43.909   512  2967 D audio_hw_primary: disable_audio_route: reset and update mixer path: low-latency-playback speaker
08-05 17:07:43.910   512  2967 D audio_hw_primary: disable_snd_device: snd_device(2: speaker)
08-05 17:07:43.918   512  2967 I soundtrigger: audio_extn_sound_trigger_update_device_status: device 0x2 of type 0 for Event 0
08-05 17:07:43.949 31568 31580 I art     : Starting a blocking GC Explicit
08-05 17:07:44.006 31568 31580 I art     : Explicit concurrent mark sweep GC freed 1278(75KB) AllocSpace objects, 1(20KB) LOS objects, 32% free, 33MB/49MB, paused 216us total 56.336ms
08-05 17:07:44.027 31568 31580 I art     : Starting a blocking GC Explicit
08-05 17:07:44.079 31568 31580 I art     : Explicit concurrent mark sweep GC freed 26(880B) AllocSpace objects, 0(0B) LOS objects, 32% free, 33MB/49MB, paused 182us total 51.643ms
08-05 17:07:44.100 31568 31580 I art     : Starting a blocking GC Explicit
08-05 17:07:44.142 31568 31580 I art     : Explicit concurrent mark sweep GC freed 3(96B) AllocSpace objects, 0(0B) LOS objects, 32% free, 33MB/49MB, paused 171us total 42.040ms
08-05 17:07:44.159 31568 31580 I art     : Starting a blocking GC Explicit
08-05 17:07:44.201 31568 31580 I art     : Explicit concurrent mark sweep GC freed 3(96B) AllocSpace objects, 0(0B) LOS objects, 32% free, 33MB/49MB, paused 199us total 41.625ms
08-05 17:07:44.218   518   646 I ThermalEngine: ACTION: GPU - Setting GPU[0] to 450000000
08-05 17:07:44.219 31568 31580 I art     : Starting a blocking GC Explicit
08-05 17:07:44.268 31568 31580 I art     : Explicit concurrent mark sweep GC freed 5(160B) AllocSpace objects, 0(0B) LOS objects, 32% free, 33MB/49MB, paused 253us total 47.328ms
08-05 17:07:44.396 29851 29851 I ServiceManager: Waiting for service AtCmdFwd...
08-05 17:07:44.573 31568 31579 I art     : Starting a blocking GC Explicit
08-05 17:07:44.625 31568 31579 I art     : Explicit concurrent mark sweep GC freed 1279(75KB) AllocSpace objects, 1(20KB) LOS objects, 32% free, 33MB/49MB, paused 258us total 51.960ms
08-05 17:07:44.645 31568 31579 I art     : Starting a blocking GC Explicit
08-05 17:07:44.691 31568 31579 I art     : Explicit concurrent mark sweep GC freed 18(624B) AllocSpace objects, 0(0B) LOS objects, 32% free, 33MB/49MB, paused 244us total 46.242ms
08-05 17:07:44.711 31568 31579 I art     : Starting a blocking GC Explicit
08-05 17:07:44.760 31568 31579 I art     : Explicit concurrent mark sweep GC freed 3(96B) AllocSpace objects, 0(0B) LOS objects, 32% free, 33MB/49MB, paused 248us total 49.372ms
08-05 17:07:44.779 31568 31579 I art     : Starting a blocking GC Explicit
08-05 17:07:44.829 31568 31579 I art     : Explicit concurrent mark sweep GC freed 3(96B) AllocSpace objects, 0(0B) LOS objects, 32% free, 33MB/49MB, paused 248us total 49.580ms
08-05 17:07:44.849 31568 31579 I art     : Starting a blocking GC Explicit
08-05 17:07:44.899 31568 31579 I art     : Explicit concurrent mark sweep GC freed 3(96B) AllocSpace objects, 0(0B) LOS objects, 32% free, 33MB/49MB, paused 247us total 49.468ms
08-05 17:07:45.071 31968 31968 D AndroidRuntime: >>>>>> START com.android.internal.os.RuntimeInit uid 2000 <<<<<<
08-05 17:07:45.079 31968 31968 D AndroidRuntime: CheckJNI is OFF
08-05 17:07:45.127 31968 31968 D ICU     : No timezone override file found: /data/misc/zoneinfo/current/icu/icu_tzdata.dat
08-05 17:07:45.170 31968 31968 I Radio-JNI: register_android_hardware_Radio DONE
08-05 17:07:45.199 31968 31968 D AndroidRuntime: Calling main entry com.android.commands.input.Input
08-05 17:07:45.200 31968 31968 I Input   : injectMotionEvent: MotionEvent { action=ACTION_DOWN, actionButton=0, id[0]=0, x[0]=1197.0, y[0]=1456.0, toolType[0]=TOOL_TYPE_UNKNOWN, buttonState=0, metaState=0, flags=0x0, edgeFlags=0x0, pointerCount=1, historySize=0, eventTime=810481613, downTime=810481613, deviceId=0, source=0x1002 }
08-05 17:07:45.202 31568 31589 I art     : Starting a blocking GC Explicit
08-05 17:07:45.205 31968 31968 I Input   : injectMotionEvent: MotionEvent { action=ACTION_UP, actionButton=0, id[0]=0, x[0]=1197.0, y[0]=1456.0, toolType[0]=TOOL_TYPE_UNKNOWN, buttonState=0, metaState=0, flags=0x0, edgeFlags=0x0, pointerCount=1, historySize=0, eventTime=810481613, downTime=810481613, deviceId=0, source=0x1002 }
08-05 17:07:45.206 31968 31968 D AndroidRuntime: Shutting down VM
08-05 17:07:45.213   512  2967 D audio_hw_primary: out_set_parameters: enter: usecase(1: low-latency-playback) kvpairs: routing=2
08-05 17:07:45.226   512  2967 D audio_hw_primary: select_devices: out_snd_device(2: speaker) in_snd_device(0: none)
08-05 17:07:45.226   512  2967 D msm8974_platform: platform_send_audio_calibration: sending audio calibration for snd_device(2) acdb_id(15)
08-05 17:07:45.226   512  2967 I soundtrigger: audio_extn_sound_trigger_update_device_status: device 0x2 of type 0 for Event 1
08-05 17:07:45.232 31568 31583 D OpenGLRenderer: endAllStagingAnimators on 0x7f81339000 (RippleDrawable) with handle 0x7f81524680
08-05 17:07:45.238   512  2967 D audio_hw_primary: enable_snd_device: snd_device(2: speaker)
08-05 17:07:45.240   512  2967 D audio_hw_primary: enable_audio_route: apply and update mixer path: low-latency-playback speaker
08-05 17:07:45.243 31568 31568 I SettingsManager: Setting string: savedCourse
08-05 17:07:45.253   918  6110 W BackupManagerService: dataChanged but no participant pkg='baseline.com.ak.uobtimetable' uid=10684
08-05 17:07:45.254   918  3359 I ActivityManager: START u0 {flg=0x4000000 cmp=baseline.com.ak.uobtimetable/.MainActivity (has extras)} from uid 10684 on display 0
08-05 17:07:45.262 31568 31589 I art     : Explicit concurrent mark sweep GC freed 4136(213KB) AllocSpace objects, 2(40KB) LOS objects, 32% free, 33MB/49MB, paused 446us total 59.335ms
08-05 17:07:45.272   918  3714 W InputMethodManagerService: Focus gain on non-focused client com.android.internal.view.IInputMethodClient$Stub$Proxy@863227c (uid=10684 pid=31568)
08-05 17:07:45.282 31568 31589 I art     : Starting a blocking GC Explicit
08-05 17:07:45.289 31568 31568 D MainActivity: OnDestroy
08-05 17:07:45.314 31568 31568 D MainActivity: onCreate
08-05 17:07:45.314 31568 31568 I SettingsManager: Getting string: savedSessions
08-05 17:07:45.314 31568 31568 I Settings: No saved sessions
08-05 17:07:45.332 31568 31589 I art     : Explicit concurrent mark sweep GC freed 701(38KB) AllocSpace objects, 0(0B) LOS objects, 32% free, 33MB/49MB, paused 353us total 49.269ms
08-05 17:07:45.350 31568 31589 I art     : Starting a blocking GC Explicit
08-05 17:07:45.355 31568 31568 I SettingsManager: Getting string: savedCourse
08-05 17:07:45.356 31568 31568 D MainActivity: sessionListFragmentArg: updateSessions
08-05 17:07:45.356 31568 31568 D MainActivity: showTermDatesConfigChange: false
08-05 17:07:45.357 31568 31568 D MainActivity: showTermDatesShortcut: false
08-05 17:07:45.360 31568 31568 D MainActivity: Setting initial fragment: SessionListsFragment
08-05 17:07:45.363 31568 31568 I SettingsManager: Getting int: launchCount
08-05 17:07:45.368 31568 31568 D SessionListsFragment: onCreateView
08-05 17:07:45.383 31568 31568 I SettingsManager: Getting string: savedCourse
08-05 17:07:45.387 31568 31568 I SettingsManager: Getting string: savedSessions
08-05 17:07:45.388 31568 31568 D SessionListsFragment: loadArgument: updateSessions
08-05 17:07:45.388 31568 31568 D SessionListsFragment: initialIndex: -1
08-05 17:07:45.392 31568 31992 D HTTP    : Request for: https://uob-timetable-api.adriankeenan.co.uk/sessions?dept=BD002&course=CFIEFAAF%2F02AA%2F0%2FFT&level=ALL+Courses
08-05 17:07:45.394 31568 31568 I WebViewFactory: Loading com.google.android.webview version 84.0.4147.89 (code 414708953)
08-05 17:07:45.396 29851 29851 I ServiceManager: Waiting for service AtCmdFwd...
08-05 17:07:45.408 31568 31589 I art     : Explicit concurrent mark sweep GC freed 5410(319KB) AllocSpace objects, 2(152KB) LOS objects, 31% free, 35MB/51MB, paused 785us total 57.971ms
08-05 17:07:45.430 31568 31589 I art     : Starting a blocking GC Explicit
08-05 17:07:45.486 31568 31589 I art     : Explicit concurrent mark sweep GC freed 4955(402KB) AllocSpace objects, 2(1284KB) LOS objects, 31% free, 34MB/50MB, paused 1.069ms total 55.890ms
08-05 17:07:45.494 31568 31568 I cr_LibraryLoader: Loaded native library version number "84.0.4147.89"
08-05 17:07:45.495 31568 31568 I cr_CachingUmaRecorder: Flushed 5 samples from 5 histograms.
08-05 17:07:45.504 31568 31589 I art     : Starting a blocking GC Explicit
08-05 17:07:45.538 31568 31568 E chromium: [ERROR:filesystem_posix.cc(62)] mkdir /data/user/0/baseline.com.ak.uobtimetable/cache/WebView/Crashpad: No such file or directory (2)
08-05 17:07:45.555 31568 31589 I art     : Explicit concurrent mark sweep GC freed 1479(201KB) AllocSpace objects, 2(40KB) LOS objects, 31% free, 34MB/50MB, paused 649us total 50.459ms
08-05 17:07:45.635   918   928 D ConnectivityService: listenForNetwork for Listen from uid/pid:10684/31568 for NetworkRequest [ id=3455, legacyType=-1, [ Capabilities: INTERNET&NOT_RESTRICTED&TRUSTED] ]
08-05 17:07:45.673 31568 32008 W cr_media: Requires BLUETOOTH permission
08-05 17:07:45.676 31568 31992 I NAPPA_EXPERIMENTATION: MetricNetworkRequestExecutionTime: REQUEST_DURATION_SYSTEM='282',REQUEST_DURATION_OKHTTP='42',REQUEST_SYNCHRONOUS='TRUE',RESPONSE_CODE='200',RESPONSE_METHOD='GET',RESPONSE_LENGTH_OKHTTP='-1',RESPONSE_LENGTH_HEADER='867',REQUEST_PROTOCOL='http/1.1',REQUEST_URL='https://uob-timetable-api.adriankeenan.co.uk/sessions?dept=BD002&course=CFIEFAAF%2F02AA%2F0%2FFT&level=ALL+Courses',
08-05 17:07:45.689 31568 32018 E libEGL  : validate_display:255 error 3008 (EGL_BAD_DISPLAY)
08-05 17:07:45.693 31568 31568 D TermDatesFragment: WebView loaded
08-05 17:07:45.694 31568 31568 D MainActivity: OnResume
08-05 17:07:45.711 31568 31992 I HTTP    : Response was compressed.
08-05 17:07:45.731 31568 31992 I Service : getSessions response time: 1.12
08-05 17:07:45.778   512  2967 D audio_hw_primary: disable_audio_route: reset and update mixer path: low-latency-playback speaker
08-05 17:07:45.780   512  2967 D audio_hw_primary: disable_snd_device: snd_device(2: speaker)
08-05 17:07:45.787   512  2967 I soundtrigger: audio_extn_sound_trigger_update_device_status: device 0x2 of type 0 for Event 0
08-05 17:07:45.802 31568 31568 I TermDatesFragment: Webview load %: 10
08-05 17:07:45.833 31568 31568 I SettingsManager: Getting string: savedSessions
08-05 17:07:45.838   918   936 I ActivityManager: Displayed baseline.com.ak.uobtimetable/.MainActivity: +553ms
08-05 17:07:45.842 31568 31568 I SettingsManager: Setting string: savedSessions
08-05 17:07:45.848   918  4413 W BackupManagerService: dataChanged but no participant pkg='baseline.com.ak.uobtimetable' uid=10684
08-05 17:07:45.849 31568 31568 I SettingsManager: Setting date: savedSessionsTime
08-05 17:07:45.852 31568 31580 I art     : Starting a blocking GC Explicit
08-05 17:07:45.854   918  6110 W BackupManagerService: dataChanged but no participant pkg='baseline.com.ak.uobtimetable' uid=10684
08-05 17:07:45.854 31568 31568 I SettingsManager: Setting string: savedSessionsCourseName
08-05 17:07:45.859   918  4400 W BackupManagerService: dataChanged but no participant pkg='baseline.com.ak.uobtimetable' uid=10684
08-05 17:07:45.860 31568 31568 I SettingsManager: Setting string: savedSessionsDateRange
08-05 17:07:45.866   918   928 W BackupManagerService: dataChanged but no participant pkg='baseline.com.ak.uobtimetable' uid=10684
08-05 17:07:45.867 31568 31568 I SettingsManager: Setting string: timetableUrl
08-05 17:07:45.872   918  5952 W BackupManagerService: dataChanged but no participant pkg='baseline.com.ak.uobtimetable' uid=10684
08-05 17:07:45.872 31568 31568 I SettingsManager: Getting boolean: notifySessionRemindersEnabled
08-05 17:07:45.872 31568 31568 I SettingsManager: Getting int: notifySessionRemindersMinutes
08-05 17:07:45.873 31568 31568 I SettingsManager: Getting boolean: showHiddenSessions
08-05 17:07:45.918 31568 31580 I art     : Explicit concurrent mark sweep GC freed 20231(1202KB) AllocSpace objects, 9(320KB) LOS objects, 31% free, 35MB/51MB, paused 3.449ms total 66.059ms
08-05 17:07:45.919 31568 31568 I SessionReminderNotifier: Created session reminder alarm for f7b4771250a919bd729c1c5a4a459c77 at Mon 08:30:00 10/08/20
08-05 17:07:45.921 31568 31568 I SessionReminderNotifier: Created session reminder alarm for a7f879aabdeb78622c8820a5fb7b64cd at Tue 08:30:00 11/08/20
08-05 17:07:45.923 31568 31568 I SessionReminderNotifier: Created session reminder alarm for 7bc8d7e2c2055711f597c3d9078c6ea3 at Tue 08:30:00 11/08/20
08-05 17:07:45.925 31568 31568 I SessionReminderNotifier: Created session reminder alarm for e0fc978b5db8218778540b4053344581 at Tue 11:00:00 11/08/20
08-05 17:07:45.927 31568 31568 I SessionReminderNotifier: Created session reminder alarm for 21712fef61090882c855a1425543edb5 at Tue 13:30:00 11/08/20
08-05 17:07:45.930 31568 31568 I SessionReminderNotifier: Created session reminder alarm for 65ca4d97f031f29a4d02bbb45a705d8f at Wed 08:30:00 12/08/20
08-05 17:07:45.932 31568 31568 I SessionReminderNotifier: Created session reminder alarm for eeda7741b0bcab58fd9f46dc6ef1d942 at Wed 08:30:00 12/08/20
08-05 17:07:45.934 31568 31568 I SessionReminderNotifier: Created session reminder alarm for c276c1b2075a0beb67f1b3d1e580f920 at Wed 11:00:00 12/08/20
08-05 17:07:45.936 31568 31568 I SessionReminderNotifier: Created session reminder alarm for 79fe0b5c3b887a13ba29db5a33fa2800 at Thu 08:30:00 06/08/20
08-05 17:07:45.938 31568 31568 I SessionReminderNotifier: Created session reminder alarm for 2ba1034116e4fffdd592dbf0796a43d5 at Fri 08:30:00 07/08/20
08-05 17:07:45.938 31568 31568 I SettingsManager: Getting boolean: showHiddenSessions
08-05 17:07:45.939 31568 31568 D SessionListsFragment: 1 sessions for day 0
08-05 17:07:45.939 31568 31568 D SessionListsFragment: 4 sessions for day 1
08-05 17:07:45.939 31568 31568 D SessionListsFragment: 3 sessions for day 2
08-05 17:07:45.939 31568 31568 D SessionListsFragment: 1 sessions for day 3
08-05 17:07:45.939 31568 31568 D SessionListsFragment: 1 sessions for day 4
08-05 17:07:45.940 31568 31580 I art     : Starting a blocking GC Explicit
08-05 17:07:45.997 31568 31568 I SettingsManager: Getting boolean: showHiddenSessions
08-05 17:07:45.998 31568 31568 D SessionListsFragment: Refreshed ViewPager
08-05 17:07:45.998 31568 31568 I SettingsManager: Getting boolean: showHiddenSessions
08-05 17:07:46.000 31568 31568 I SettingsManager: Getting boolean: completedTutorial
08-05 17:07:46.003 31568 31580 I art     : Explicit concurrent mark sweep GC freed 9623(649KB) AllocSpace objects, 3(200KB) LOS objects, 30% free, 35MB/51MB, paused 866us total 62.779ms
08-05 17:07:46.020 31568 31568 I SettingsManager: Getting boolean: showHiddenSessions
08-05 17:07:46.020 31568 31568 I SettingsManager: Getting date: savedSessionsTime
08-05 17:07:46.023 31568 31580 I art     : Starting a blocking GC Explicit
08-05 17:07:46.034 13866 13866 I GoogleInputMethodServic: GoogleInputMethodService.onFinishInput():3138 
08-05 17:07:46.035 13866 13866 I GoogleInputMethodServic: GoogleInputMethodService.onStartInput():1808 
08-05 17:07:46.088 31568 31580 I art     : Explicit concurrent mark sweep GC freed 18716(914KB) AllocSpace objects, 0(0B) LOS objects, 30% free, 36MB/52MB, paused 1.523ms total 64.368ms
08-05 17:07:46.108 31568 31580 I art     : Starting a blocking GC Explicit
08-05 17:07:46.171 31568 31580 I art     : Explicit concurrent mark sweep GC freed 27313(1146KB) AllocSpace objects, 0(0B) LOS objects, 30% free, 36MB/52MB, paused 1.307ms total 62.879ms
08-05 17:07:46.191 31568 31580 I art     : Starting a blocking GC Explicit
08-05 17:07:46.258 31568 31580 I art     : Explicit concurrent mark sweep GC freed 25304(1038KB) AllocSpace objects, 0(0B) LOS objects, 30% free, 36MB/52MB, paused 2.116ms total 67.330ms
08-05 17:07:46.396 29851 29851 W Atfwd_Sendcmd: AtCmdFwd service not published, waiting... retryCnt : 2
08-05 17:07:46.563 31568 31579 I art     : Starting a blocking GC Explicit
08-05 17:07:46.652 31568 31579 I art     : Explicit concurrent mark sweep GC freed 114407(4MB) AllocSpace objects, 1(20KB) LOS objects, 30% free, 36MB/52MB, paused 609us total 88.727ms
08-05 17:07:46.674 31568 31579 I art     : Starting a blocking GC Explicit
08-05 17:07:46.699 31568 31568 I Choreographer: Skipped 39 frames!  The application may be doing too much work on its main thread.
08-05 17:07:46.736 31568 31579 I art     : Explicit concurrent mark sweep GC freed 3194(282KB) AllocSpace objects, 0(0B) LOS objects, 30% free, 36MB/52MB, paused 578us total 61.374ms
08-05 17:07:46.758 31568 31579 I art     : Starting a blocking GC Explicit
08-05 17:07:46.764 31568 31568 I TermDatesFragment: Webview load %: 70
08-05 17:07:46.804 31568 31568 I TermDatesFragment: Webview load %: 100
08-05 17:07:46.805 31568 31568 I TermDatesFragment: Webview load %: 100
08-05 17:07:46.821 31568 31579 I art     : Explicit concurrent mark sweep GC freed 473(29KB) AllocSpace objects, 0(0B) LOS objects, 30% free, 36MB/52MB, paused 475us total 62.513ms
08-05 17:07:46.841 31568 31579 I art     : Starting a blocking GC Explicit
08-05 17:07:46.906 31568 31579 I art     : Explicit concurrent mark sweep GC freed 36(1696B) AllocSpace objects, 0(0B) LOS objects, 30% free, 36MB/52MB, paused 440us total 64.777ms
08-05 17:07:46.929 31568 31579 I art     : Starting a blocking GC Explicit
08-05 17:07:46.997 31568 31579 I art     : Explicit concurrent mark sweep GC freed 187(8KB) AllocSpace objects, 0(0B) LOS objects, 30% free, 36MB/52MB, paused 439us total 67.766ms
08-05 17:07:46.997 31568 31578 I art     : WaitForGcToComplete blocked for 19.746ms for cause HeapTrim
08-05 17:07:47.067  5179  5194 D QcrilMsgTunnelSocket: readRilMessage: Buffer = [B@671e81d HexData = [010000000404000011000000514f454d484f4f4bef0308000100000003]
08-05 17:07:47.067  5179  5194 D QcrilMsgTunnelSocket: Rcvd UNSOL response with 28 bytes data for SUB0
08-05 17:07:47.068  5179  5194 D QcrilMsgTunnelSocket: Response ID 525295 is not served in this process.
08-05 17:07:47.068  5179  5194 D QcrilMsgTunnelSocket: To broadcast an Intent via the notifier to external apps
08-05 17:07:47.068  5179  5179 D QcrilMsgTunnelIfaceManager: handleMessage what = 0
08-05 17:07:47.069  5179  5179 D QcrilMsgTunnelIfaceManager: Broadcasting intent ACTION_UNSOL_RESPONSE_OEM_HOOK_RAW
08-05 17:07:47.071  5164  5164 D QC_RIL_OEM_HOOK: Received Broadcast Intent ACTION_UNSOL_RESPONSE_OEM_HOOK_RAW
08-05 17:07:47.072  5164  5164 D QC_RIL_OEM_HOOK: Oem ID in QCRILHOOK UNSOL RESP is QOEMHOOK
08-05 17:07:47.334 31568 32048 I art     : Starting a blocking GC Explicit
08-05 17:07:47.428 31568 32048 I art     : Explicit concurrent mark sweep GC freed 1548(87KB) AllocSpace objects, 1(20KB) LOS objects, 30% free, 36MB/52MB, paused 488us total 93.785ms
08-05 17:07:47.458 31568 32048 I art     : Starting a blocking GC Explicit
08-05 17:07:47.516 31568 32048 I art     : Explicit concurrent mark sweep GC freed 121322(11MB) AllocSpace objects, 3(136KB) LOS objects, 38% free, 25MB/41MB, paused 394us total 58.331ms
08-05 17:07:47.530 31568 32048 I art     : Starting a blocking GC Explicit
08-05 17:07:47.566 31568 32048 I art     : Explicit concurrent mark sweep GC freed 5(224B) AllocSpace objects, 0(0B) LOS objects, 38% free, 25MB/41MB, paused 394us total 35.494ms
08-05 17:07:47.580 31568 32048 I art     : Starting a blocking GC Explicit
08-05 17:07:47.621 31568 32048 I art     : Explicit concurrent mark sweep GC freed 29(992B) AllocSpace objects, 0(0B) LOS objects, 38% free, 25MB/41MB, paused 429us total 40.322ms
08-05 17:07:47.637 31568 32048 I art     : Starting a blocking GC Explicit
08-05 17:07:47.673 31568 32048 I art     : Explicit concurrent mark sweep GC freed 35(1136B) AllocSpace objects, 0(0B) LOS objects, 38% free, 25MB/41MB, paused 419us total 35.452ms
08-05 17:07:48.021 31568 32048 I art     : Starting a blocking GC Explicit
08-05 17:07:48.072 31568 32048 I art     : Explicit concurrent mark sweep GC freed 1382(78KB) AllocSpace objects, 1(20KB) LOS objects, 38% free, 25MB/41MB, paused 452us total 50.968ms
08-05 17:07:48.090 31568 32048 I art     : Starting a blocking GC Explicit
08-05 17:07:48.130 31568 32048 I art     : Explicit concurrent mark sweep GC freed 18(624B) AllocSpace objects, 0(0B) LOS objects, 38% free, 25MB/41MB, paused 432us total 39.859ms
08-05 17:07:48.145 31568 32048 I art     : Starting a blocking GC Explicit
08-05 17:07:48.186 31568 32048 I art     : Explicit concurrent mark sweep GC freed 3(96B) AllocSpace objects, 0(0B) LOS objects, 38% free, 25MB/41MB, paused 416us total 40.131ms
08-05 17:07:48.201 31568 32048 I art     : Starting a blocking GC Explicit
08-05 17:07:48.240 31568 32048 I art     : Explicit concurrent mark sweep GC freed 3(96B) AllocSpace objects, 0(0B) LOS objects, 38% free, 25MB/41MB, paused 435us total 38.874ms
08-05 17:07:48.255 31568 32048 I art     : Starting a blocking GC Explicit
08-05 17:07:48.299 31568 32048 I art     : Explicit concurrent mark sweep GC freed 7(224B) AllocSpace objects, 0(0B) LOS objects, 38% free, 25MB/41MB, paused 508us total 43.565ms
08-05 17:07:48.526 21092 21092 I Finsky  : [1] xow.onStartJob(3): SCH: onJobSchedulerWakeup with jobId 9016
08-05 17:07:48.535 21092 21092 I Finsky  : [1] xjw.a(9): Scheduling fallback in 43199998 (absolute: 1837072408)
08-05 17:07:48.540 21092 21092 I Finsky  : [1] xjw.a(9): Scheduling fallback in 64799995 (absolute: 1858672410)
08-05 17:07:48.548 21092 21092 I Finsky  : [1] xow.onStartJob(3): SCH: onJobSchedulerWakeup with jobId 9011
08-05 17:07:48.555 21092 21092 I Finsky  : [1] xjw.a(9): Scheduling fallback in 43199998 (absolute: 1837072427)
08-05 17:07:48.559 21092 21092 I Finsky  : [1] xjw.a(9): Scheduling fallback in 64799997 (absolute: 1858672430)
08-05 17:07:48.565 21092 21092 W Finsky  : [1] xow.onStartJob(9): SCH: onJobSchedulerWakeup while already running
08-05 17:07:48.668 31568 31589 I art     : Starting a blocking GC Explicit
08-05 17:07:48.715 31568 31589 I art     : Explicit concurrent mark sweep GC freed 1319(76KB) AllocSpace objects, 1(20KB) LOS objects, 38% free, 25MB/41MB, paused 449us total 47.403ms
08-05 17:07:48.726 21092 21092 I Finsky  : [1] xkf.handleMessage(8): SCH: DeviceState: DeviceState{currentTime=1596640068718, isCharging=false, isIdle=false, netAny=true, netNotRoaming=true, netUnmetered=true, batteryPercent=100.0}
08-05 17:07:48.733 21092 31531 I Finsky  : [6458] xmu.a(8): SCH: Jobs in database: 1-1337 3-215 3-216 12-1 24-77777777 26-1414141414 
08-05 17:07:48.735 31568 31589 I art     : Starting a blocking GC Explicit
08-05 17:07:48.738 21092 21092 I Finsky  : [1] xkg.a(16): SCH: Running job: 12-1
08-05 17:07:48.739 21092 21092 I Finsky  : [1] ContentSyncJob.a(16): [ContentSync] job started
08-05 17:07:48.740 21092 21092 I Finsky  : [1] xkf.handleMessage(61): SCH: RunningQueue size: 1, PendingQueue size: 0
08-05 17:07:48.740 21092 21092 I Finsky  : [1] xkf.handleMessage(64): SCH: Running queue: 12-1 
08-05 17:07:48.768 31568 31589 I art     : Explicit concurrent mark sweep GC freed 18(624B) AllocSpace objects, 0(0B) LOS objects, 38% free, 25MB/41MB, paused 379us total 33.347ms
08-05 17:07:48.782 31568 31589 I art     : Starting a blocking GC Explicit
08-05 17:07:48.811 21092 31557 I Finsky  : [6464] dzn.a(22): Completed 0 account content syncs with 0 successful.
08-05 17:07:48.812 21092 21092 I Finsky  : [1] ContentSyncJob.a(1): [ContentSync] Installation state replication succeeded.
08-05 17:07:48.812 21092 21092 I Finsky  : [1] xlr.a(13): SCH: jobFinished: 12-1. TimeElapsed: 74ms.
08-05 17:07:48.813 21092 21092 I Finsky  : [1] xkg.a(36): SCH: Job 12-1 finished. Not rescheduling.
08-05 17:07:48.814 21092 21092 I Finsky  : [1] xkf.handleMessage(61): SCH: RunningQueue size: 0, PendingQueue size: 0
08-05 17:07:48.814 21092 21092 I Finsky  : [1] xkf.handleMessage(25): Executor finished
08-05 17:07:48.815 31568 31589 I art     : Explicit concurrent mark sweep GC freed 3(96B) AllocSpace objects, 0(0B) LOS objects, 38% free, 25MB/41MB, paused 384us total 32.580ms
08-05 17:07:48.829 31568 31589 I art     : Starting a blocking GC Explicit
08-05 17:07:48.831 21092 21092 I Finsky  : [1] xmu.a(8): SCH: Jobs in database: 1-1337 3-215 3-216 24-77777777 26-1414141414 
08-05 17:07:48.833 21092 21092 I Finsky  : [1] xio.a(57): SCH: ConstraintMapping: 24-77777777,  -> L: 0ms, D: 14531687ms, C: false, I: true, N: 0
08-05 17:07:48.833 21092 21092 I Finsky  : [1] xio.a(57): SCH: ConstraintMapping: 1-1337,  -> L: 17884078ms, D: 61084078ms, C: false, I: false, N: 1
08-05 17:07:48.834 21092 21092 I Finsky  : [1] xio.a(57): SCH: ConstraintMapping: 3-215,  -> L: 0ms, D: 72958618ms, C: false, I: true, N: 2
08-05 17:07:48.834 21092 21092 I Finsky  : [1] xio.a(57): SCH: ConstraintMapping: 3-216,  -> L: 0ms, D: 72958649ms, C: true, I: true, N: 2
08-05 17:07:48.835 21092 21092 I Finsky  : [1] xio.a(57): SCH: ConstraintMapping: 26-1414141414,  -> L: 22531546ms, D: 23431546ms, C: false, I: false, N: 0
08-05 17:07:48.845 21092 21092 I Finsky  : [1] xle.a(34): Cancelling existing jobscheduler jobs: 9014 9012 9017 9019 9000 9013 9015 9018 
08-05 17:07:48.845 21092 21092 I Finsky  : [1] xle.a(10): Throttling wakeup for job 9001 (expected to run in 0 ms) due to recent wakeup
08-05 17:07:48.845 21092 21092 I Finsky  : [1] xle.a(27): Scheduling job Id: 9001, L: 30000, D: 14531687, C: false, I: true, N: 0
08-05 17:07:48.847 21092 21092 I Finsky  : [1] xle.a(27): Scheduling job Id: 9002, L: 17884078, D: 61084078, C: false, I: false, N: 1
08-05 17:07:48.848 21092 21092 I Finsky  : [1] xle.a(10): Throttling wakeup for job 9003 (expected to run in 0 ms) due to recent wakeup
08-05 17:07:48.849 21092 21092 I Finsky  : [1] xle.a(27): Scheduling job Id: 9003, L: 30000, D: 72958618, C: false, I: true, N: 2
08-05 17:07:48.850 21092 21092 I Finsky  : [1] xle.a(10): Throttling wakeup for job 9004 (expected to run in 0 ms) due to recent wakeup
08-05 17:07:48.850 21092 21092 I Finsky  : [1] xle.a(27): Scheduling job Id: 9004, L: 30000, D: 72958649, C: true, I: true, N: 2
08-05 17:07:48.851 21092 21092 I Finsky  : [1] xle.a(27): Scheduling job Id: 9005, L: 22531546, D: 23431546, C: false, I: false, N: 0
08-05 17:07:48.853 21092 21092 I Finsky  : [1] xle.a(10): Throttling wakeup for job 9006 (expected to run in 0 ms) due to recent wakeup
08-05 17:07:48.853 21092 21092 I Finsky  : [1] xle.a(27): Scheduling job Id: 9006, L: 30000, D: 14531687, C: false, I: true, N: 0
08-05 17:07:48.854 21092 21092 I Finsky  : [1] xle.a(27): Scheduling job Id: 9007, L: 17884078, D: 61084078, C: false, I: false, N: 1
08-05 17:07:48.855 21092 21092 I Finsky  : [1] xle.a(10): Throttling wakeup for job 9008 (expected to run in 0 ms) due to recent wakeup
08-05 17:07:48.855 21092 21092 I Finsky  : [1] xle.a(27): Scheduling job Id: 9008, L: 30000, D: 72958618, C: false, I: true, N: 2
08-05 17:07:48.857 21092 21092 I Finsky  : [1] xle.a(10): Throttling wakeup for job 9009 (expected to run in 0 ms) due to recent wakeup
08-05 17:07:48.857 21092 21092 I Finsky  : [1] xle.a(27): Scheduling job Id: 9009, L: 30000, D: 72958649, C: true, I: true, N: 2
08-05 17:07:48.858 21092 21092 I Finsky  : [1] xle.a(27): Scheduling job Id: 9010, L: 22531546, D: 23431546, C: false, I: false, N: 0
08-05 17:07:48.860 31568 31589 I art     : Explicit concurrent mark sweep GC freed 3(96B) AllocSpace objects, 0(0B) LOS objects, 38% free, 25MB/41MB, paused 382us total 30.927ms
08-05 17:07:48.871   918  3261 D WifiStateMachine: starting scan for "H369AA63323"WPA_PSK with 2412,5180
08-05 17:07:48.874 31568 31589 I art     : Starting a blocking GC Explicit
08-05 17:07:48.909 31568 31589 I art     : Explicit concurrent mark sweep GC freed 3(96B) AllocSpace objects, 0(0B) LOS objects, 38% free, 25MB/41MB, paused 409us total 34.684ms
08-05 17:07:49.269 31568 32048 I art     : Starting a blocking GC Explicit
08-05 17:07:49.317 31568 32048 I art     : Explicit concurrent mark sweep GC freed 1293(75KB) AllocSpace objects, 1(20KB) LOS objects, 38% free, 25MB/41MB, paused 442us total 46.711ms
08-05 17:07:49.332 31568 32048 I art     : Starting a blocking GC Explicit
08-05 17:07:49.370 31568 32048 I art     : Explicit concurrent mark sweep GC freed 18(624B) AllocSpace objects, 0(0B) LOS objects, 38% free, 25MB/41MB, paused 409us total 37.247ms
08-05 17:07:49.384 31568 32048 I art     : Starting a blocking GC Explicit
08-05 17:07:49.424 31568 32048 I art     : Explicit concurrent mark sweep GC freed 3(96B) AllocSpace objects, 0(0B) LOS objects, 38% free, 25MB/41MB, paused 431us total 39.177ms
08-05 17:07:49.439 31568 32048 I art     : Starting a blocking GC Explicit
08-05 17:07:49.477 31568 32048 I art     : Explicit concurrent mark sweep GC freed 3(96B) AllocSpace objects, 0(0B) LOS objects, 38% free, 25MB/41MB, paused 483us total 38.168ms
08-05 17:07:49.493 31568 32048 I art     : Starting a blocking GC Explicit
08-05 17:07:49.526 31568 32048 I art     : Explicit concurrent mark sweep GC freed 3(96B) AllocSpace objects, 0(0B) LOS objects, 38% free, 25MB/41MB, paused 394us total 33.461ms
08-05 17:07:49.877 31568 32048 I art     : Starting a blocking GC Explicit
08-05 17:07:49.922 31568 32048 I art     : Explicit concurrent mark sweep GC freed 1313(76KB) AllocSpace objects, 1(20KB) LOS objects, 38% free, 25MB/41MB, paused 413us total 43.894ms
08-05 17:07:49.938 31568 32048 I art     : Starting a blocking GC Explicit
08-05 17:07:49.978 31568 32048 I art     : Explicit concurrent mark sweep GC freed 44(1664B) AllocSpace objects, 0(0B) LOS objects, 38% free, 25MB/41MB, paused 575us total 39.432ms
08-05 17:07:49.994 31568 32048 I art     : Starting a blocking GC Explicit
08-05 17:07:50.037 31568 32048 I art     : Explicit concurrent mark sweep GC freed 56(1712B) AllocSpace objects, 0(0B) LOS objects, 38% free, 25MB/41MB, paused 476us total 42.744ms
08-05 17:07:50.037 32098 32098 D AndroidRuntime: >>>>>> START com.android.internal.os.RuntimeInit uid 2000 <<<<<<
08-05 17:07:50.043 32098 32098 D AndroidRuntime: CheckJNI is OFF
08-05 17:07:50.053 31568 32048 I art     : Starting a blocking GC Explicit
08-05 17:07:50.088 32098 32098 D ICU     : No timezone override file found: /data/misc/zoneinfo/current/icu/icu_tzdata.dat
08-05 17:07:50.090 31568 32048 I art     : Explicit concurrent mark sweep GC freed 7(384B) AllocSpace objects, 0(0B) LOS objects, 38% free, 25MB/41MB, paused 455us total 36.240ms
08-05 17:07:50.104 31568 32048 I art     : Starting a blocking GC Explicit
08-05 17:07:50.135 32098 32098 I Radio-JNI: register_android_hardware_Radio DONE
08-05 17:07:50.140 31568 32048 I art     : Explicit concurrent mark sweep GC freed 150(10KB) AllocSpace objects, 0(0B) LOS objects, 38% free, 25MB/41MB, paused 468us total 35.698ms
08-05 17:07:50.165 32098 32098 D AndroidRuntime: Calling main entry com.android.commands.input.Input
08-05 17:07:50.168 32098 32098 I Input   : injectMotionEvent: MotionEvent { action=ACTION_DOWN, actionButton=0, id[0]=0, x[0]=1215.0, y[0]=1450.0, toolType[0]=TOOL_TYPE_UNKNOWN, buttonState=0, metaState=0, flags=0x0, edgeFlags=0x0, pointerCount=1, historySize=0, eventTime=810486580, downTime=810486580, deviceId=0, source=0x1002 }
08-05 17:07:50.174 32098 32098 I Input   : injectMotionEvent: MotionEvent { action=ACTION_UP, actionButton=0, id[0]=0, x[0]=1215.0, y[0]=1450.0, toolType[0]=TOOL_TYPE_UNKNOWN, buttonState=0, metaState=0, flags=0x0, edgeFlags=0x0, pointerCount=1, historySize=0, eventTime=810486580, downTime=810486580, deviceId=0, source=0x1002 }
08-05 17:07:50.176 32098 32098 D AndroidRuntime: Shutting down VM
08-05 17:07:50.183   512  2967 D audio_hw_primary: out_set_parameters: enter: usecase(1: low-latency-playback) kvpairs: routing=2
08-05 17:07:50.196   512  2967 D audio_hw_primary: select_devices: out_snd_device(2: speaker) in_snd_device(0: none)
08-05 17:07:50.196   512  2967 D msm8974_platform: platform_send_audio_calibration: sending audio calibration for snd_device(2) acdb_id(15)
08-05 17:07:50.197   512  2967 I soundtrigger: audio_extn_sound_trigger_update_device_status: device 0x2 of type 0 for Event 1
08-05 17:07:50.214   512  2967 D audio_hw_primary: enable_snd_device: snd_device(2: speaker)
08-05 17:07:50.217   512  2967 D audio_hw_primary: enable_audio_route: apply and update mixer path: low-latency-playback speaker
08-05 17:07:50.444 31568 31589 I art     : Starting a blocking GC Explicit
08-05 17:07:50.494 31568 31589 I art     : Explicit concurrent mark sweep GC freed 1707(110KB) AllocSpace objects, 1(20KB) LOS objects, 38% free, 25MB/41MB, paused 437us total 49.990ms
08-05 17:07:50.509 31568 31589 I art     : Starting a blocking GC Explicit
08-05 17:07:50.545 31568 31589 I art     : Explicit concurrent mark sweep GC freed 1045(73KB) AllocSpace objects, 1(40KB) LOS objects, 38% free, 25MB/41MB, paused 413us total 36.318ms
08-05 17:07:50.560 31568 31589 I art     : Starting a blocking GC Explicit
08-05 17:07:50.597 31568 31589 I art     : Explicit concurrent mark sweep GC freed 3(96B) AllocSpace objects, 0(0B) LOS objects, 38% free, 25MB/41MB, paused 408us total 36.812ms
08-05 17:07:50.611 31568 31589 I art     : Starting a blocking GC Explicit
08-05 17:07:50.649 31568 31589 I art     : Explicit concurrent mark sweep GC freed 3(96B) AllocSpace objects, 0(0B) LOS objects, 38% free, 25MB/41MB, paused 420us total 37.036ms
08-05 17:07:50.663 31568 31589 I art     : Starting a blocking GC Explicit
08-05 17:07:50.700 31568 31589 I art     : Explicit concurrent mark sweep GC freed 3(96B) AllocSpace objects, 0(0B) LOS objects, 38% free, 25MB/41MB, paused 438us total 36.545ms
08-05 17:07:50.761   512  2967 D audio_hw_primary: disable_audio_route: reset and update mixer path: low-latency-playback speaker
08-05 17:07:50.763   512  2967 D audio_hw_primary: disable_snd_device: snd_device(2: speaker)
08-05 17:07:50.771   512  2967 I soundtrigger: audio_extn_sound_trigger_update_device_status: device 0x2 of type 0 for Event 0
08-05 17:07:51.010 31568 32048 I art     : Starting a blocking GC Explicit
08-05 17:07:51.061 31568 32048 I art     : Explicit concurrent mark sweep GC freed 1294(75KB) AllocSpace objects, 1(20KB) LOS objects, 38% free, 25MB/41MB, paused 463us total 51.370ms
08-05 17:07:51.079 31568 32048 I art     : Starting a blocking GC Explicit
08-05 17:07:51.117 31568 32048 I art     : Explicit concurrent mark sweep GC freed 20(704B) AllocSpace objects, 0(0B) LOS objects, 38% free, 25MB/41MB, paused 452us total 37.268ms
08-05 17:07:51.131 31568 32048 I art     : Starting a blocking GC Explicit
08-05 17:07:51.169 31568 32048 I art     : Explicit concurrent mark sweep GC freed 3(96B) AllocSpace objects, 0(0B) LOS objects, 38% free, 25MB/41MB, paused 421us total 37.219ms
08-05 17:07:51.183 31568 32048 I art     : Starting a blocking GC Explicit
08-05 17:07:51.221 31568 32048 I art     : Explicit concurrent mark sweep GC freed 3(96B) AllocSpace objects, 0(0B) LOS objects, 38% free, 25MB/41MB, paused 430us total 37.194ms
08-05 17:07:51.236 31568 32048 I art     : Starting a blocking GC Explicit
08-05 17:07:51.273 31568 32048 I art     : Explicit concurrent mark sweep GC freed 3(96B) AllocSpace objects, 0(0B) LOS objects, 38% free, 25MB/41MB, paused 429us total 37.151ms
08-05 17:07:51.583 31568 31579 I art     : Starting a blocking GC Explicit
08-05 17:07:51.622 31568 31579 I art     : Explicit concurrent mark sweep GC freed 1293(75KB) AllocSpace objects, 1(20KB) LOS objects, 38% free, 25MB/41MB, paused 436us total 38.560ms
08-05 17:07:51.637 31568 31579 I art     : Starting a blocking GC Explicit
08-05 17:07:51.672 31568 31579 I art     : Explicit concurrent mark sweep GC freed 18(624B) AllocSpace objects, 0(0B) LOS objects, 38% free, 25MB/41MB, paused 414us total 34.312ms
08-05 17:07:51.686 31568 31579 I art     : Starting a blocking GC Explicit
08-05 17:07:51.722 31568 31579 I art     : Explicit concurrent mark sweep GC freed 3(96B) AllocSpace objects, 0(0B) LOS objects, 38% free, 25MB/41MB, paused 424us total 35.607ms
08-05 17:07:51.736 31568 31579 I art     : Starting a blocking GC Explicit
08-05 17:07:51.772 31568 31579 I art     : Explicit concurrent mark sweep GC freed 3(96B) AllocSpace objects, 0(0B) LOS objects, 38% free, 25MB/41MB, paused 418us total 35.623ms
08-05 17:07:51.787 31568 31579 I art     : Starting a blocking GC Explicit
08-05 17:07:51.822 31568 31579 I art     : Explicit concurrent mark sweep GC freed 4(128B) AllocSpace objects, 0(0B) LOS objects, 38% free, 25MB/41MB, paused 409us total 34.553ms
08-05 17:07:51.984 32141 32141 D AndroidRuntime: >>>>>> START com.android.internal.os.RuntimeInit uid 2000 <<<<<<
08-05 17:07:51.991 32141 32141 D AndroidRuntime: CheckJNI is OFF
08-05 17:07:52.037 32141 32141 D ICU     : No timezone override file found: /data/misc/zoneinfo/current/icu/icu_tzdata.dat
08-05 17:07:52.083 32141 32141 I Radio-JNI: register_android_hardware_Radio DONE
08-05 17:07:52.113 32141 32141 D AndroidRuntime: Calling main entry com.android.commands.input.Input
08-05 17:07:52.116 32141 32141 I Input   : injectMotionEvent: MotionEvent { action=ACTION_DOWN, actionButton=0, id[0]=0, x[0]=1215.0, y[0]=1482.0, toolType[0]=TOOL_TYPE_UNKNOWN, buttonState=0, metaState=0, flags=0x0, edgeFlags=0x0, pointerCount=1, historySize=0, eventTime=810488528, downTime=810488528, deviceId=0, source=0x1002 }
08-05 17:07:52.121 32141 32141 I Input   : injectMotionEvent: MotionEvent { action=ACTION_UP, actionButton=0, id[0]=0, x[0]=1215.0, y[0]=1482.0, toolType[0]=TOOL_TYPE_UNKNOWN, buttonState=0, metaState=0, flags=0x0, edgeFlags=0x0, pointerCount=1, historySize=0, eventTime=810488528, downTime=810488528, deviceId=0, source=0x1002 }
08-05 17:07:52.122 32141 32141 D AndroidRuntime: Shutting down VM
08-05 17:07:52.132 31568 31568 I SettingsManager: Setting boolean: completedTutorial
08-05 17:07:52.135   512  2967 D audio_hw_primary: out_set_parameters: enter: usecase(1: low-latency-playback) kvpairs: routing=2
08-05 17:07:52.140   918   929 W BackupManagerService: dataChanged but no participant pkg='baseline.com.ak.uobtimetable' uid=10684
08-05 17:07:52.148   512  2967 D audio_hw_primary: select_devices: out_snd_device(2: speaker) in_snd_device(0: none)
08-05 17:07:52.148   512  2967 D msm8974_platform: platform_send_audio_calibration: sending audio calibration for snd_device(2) acdb_id(15)
08-05 17:07:52.149   512  2967 I soundtrigger: audio_extn_sound_trigger_update_device_status: device 0x2 of type 0 for Event 1
08-05 17:07:52.150   918  6110 W InputMethodManagerService: Window already focused, ignoring focus gain of: com.android.internal.view.IInputMethodClient$Stub$Proxy@d2a494b attribute=null, token = android.os.BinderProxy@4143629
08-05 17:07:52.157 31568 31589 I art     : Starting a blocking GC Explicit
08-05 17:07:52.168   512  2967 D audio_hw_primary: enable_snd_device: snd_device(2: speaker)
08-05 17:07:52.171   512  2967 D audio_hw_primary: enable_audio_route: apply and update mixer path: low-latency-playback speaker
08-05 17:07:52.190 31568 31589 I art     : Explicit concurrent mark sweep GC freed 1516(96KB) AllocSpace objects, 2(40KB) LOS objects, 38% free, 25MB/41MB, paused 390us total 32.772ms
08-05 17:07:52.204 31568 31589 I art     : Starting a blocking GC Explicit
08-05 17:07:52.242 31568 31589 I art     : Explicit concurrent mark sweep GC freed 1007(68KB) AllocSpace objects, 1(40KB) LOS objects, 38% free, 25MB/41MB, paused 408us total 38.028ms
08-05 17:07:52.258 31568 31589 I art     : Starting a blocking GC Explicit
08-05 17:07:52.298 31568 31589 I art     : Explicit concurrent mark sweep GC freed 3(96B) AllocSpace objects, 0(0B) LOS objects, 38% free, 25MB/41MB, paused 395us total 39.077ms
08-05 17:07:52.316 31568 31589 I art     : Starting a blocking GC Explicit
08-05 17:07:52.351 31568 31589 I art     : Explicit concurrent mark sweep GC freed 3(96B) AllocSpace objects, 0(0B) LOS objects, 38% free, 25MB/41MB, paused 490us total 34.529ms
08-05 17:07:52.366 31568 31589 I art     : Starting a blocking GC Explicit
08-05 17:07:52.397 31568 31589 I art     : Explicit concurrent mark sweep GC freed 3(96B) AllocSpace objects, 0(0B) LOS objects, 38% free, 25MB/41MB, paused 454us total 31.267ms
08-05 17:07:52.700 31568 31580 I art     : Starting a blocking GC Explicit
08-05 17:07:52.711   512  2967 D audio_hw_primary: disable_audio_route: reset and update mixer path: low-latency-playback speaker
08-05 17:07:52.713   512  2967 D audio_hw_primary: disable_snd_device: snd_device(2: speaker)
08-05 17:07:52.722   512  2967 I soundtrigger: audio_extn_sound_trigger_update_device_status: device 0x2 of type 0 for Event 0
08-05 17:07:52.747 31568 31580 I art     : Explicit concurrent mark sweep GC freed 1293(75KB) AllocSpace objects, 1(20KB) LOS objects, 38% free, 25MB/41MB, paused 460us total 46.149ms
08-05 17:07:52.763 31568 31580 I art     : Starting a blocking GC Explicit
08-05 17:07:52.800 31568 31580 I art     : Explicit concurrent mark sweep GC freed 18(624B) AllocSpace objects, 0(0B) LOS objects, 38% free, 25MB/41MB, paused 430us total 36.901ms
08-05 17:07:52.815 31568 31580 I art     : Starting a blocking GC Explicit
08-05 17:07:52.852 31568 31580 I art     : Explicit concurrent mark sweep GC freed 3(96B) AllocSpace objects, 0(0B) LOS objects, 38% free, 25MB/41MB, paused 423us total 37.038ms
08-05 17:07:52.867 31568 31580 I art     : Starting a blocking GC Explicit
08-05 17:07:52.904 31568 31580 I art     : Explicit concurrent mark sweep GC freed 3(96B) AllocSpace objects, 0(0B) LOS objects, 38% free, 25MB/41MB, paused 428us total 36.562ms
08-05 17:07:52.918 31568 31580 I art     : Starting a blocking GC Explicit
08-05 17:07:52.955 31568 31580 I art     : Explicit concurrent mark sweep GC freed 3(96B) AllocSpace objects, 0(0B) LOS objects, 38% free, 25MB/41MB, paused 424us total 36.727ms
08-05 17:07:53.272 31568 31579 I art     : Starting a blocking GC Explicit
08-05 17:07:53.322 31568 31579 I art     : Explicit concurrent mark sweep GC freed 1293(75KB) AllocSpace objects, 1(20KB) LOS objects, 38% free, 25MB/41MB, paused 435us total 49.331ms
08-05 17:07:53.344 31568 31579 I art     : Starting a blocking GC Explicit
08-05 17:07:53.380 31568 31579 I art     : Explicit concurrent mark sweep GC freed 18(624B) AllocSpace objects, 0(0B) LOS objects, 38% free, 25MB/41MB, paused 398us total 35.250ms
08-05 17:07:53.394 31568 31579 I art     : Starting a blocking GC Explicit
08-05 17:07:53.428 31568 31579 I art     : Explicit concurrent mark sweep GC freed 3(96B) AllocSpace objects, 0(0B) LOS objects, 38% free, 25MB/41MB, paused 426us total 34.536ms
08-05 17:07:53.442 31568 31579 I art     : Starting a blocking GC Explicit
08-05 17:07:53.477 31568 31579 I art     : Explicit concurrent mark sweep GC freed 3(96B) AllocSpace objects, 0(0B) LOS objects, 38% free, 25MB/41MB, paused 422us total 34.592ms
08-05 17:07:53.491 31568 31579 I art     : Starting a blocking GC Explicit
08-05 17:07:53.526 31568 31579 I art     : Explicit concurrent mark sweep GC freed 3(96B) AllocSpace objects, 0(0B) LOS objects, 38% free, 25MB/41MB, paused 424us total 34.993ms
08-05 17:07:53.835 31568 32048 I art     : Starting a blocking GC Explicit
08-05 17:07:53.880 31568 32048 I art     : Explicit concurrent mark sweep GC freed 1293(75KB) AllocSpace objects, 1(20KB) LOS objects, 38% free, 25MB/41MB, paused 504us total 44.302ms
08-05 17:07:53.897 31568 32048 I art     : Starting a blocking GC Explicit
08-05 17:07:53.899 32195 32195 D AndroidRuntime: >>>>>> START com.android.internal.os.RuntimeInit uid 2000 <<<<<<
08-05 17:07:53.905 32195 32195 D AndroidRuntime: CheckJNI is OFF
08-05 17:07:53.935 31568 32048 I art     : Explicit concurrent mark sweep GC freed 18(624B) AllocSpace objects, 0(0B) LOS objects, 38% free, 25MB/41MB, paused 440us total 37.549ms
08-05 17:07:53.949 31568 32048 I art     : Starting a blocking GC Explicit
08-05 17:07:53.953 32195 32195 D ICU     : No timezone override file found: /data/misc/zoneinfo/current/icu/icu_tzdata.dat
08-05 17:07:53.986 31568 32048 I art     : Explicit concurrent mark sweep GC freed 3(96B) AllocSpace objects, 0(0B) LOS objects, 38% free, 25MB/41MB, paused 426us total 36.373ms
08-05 17:07:53.999 32195 32195 I Radio-JNI: register_android_hardware_Radio DONE
08-05 17:07:54.000 31568 32048 I art     : Starting a blocking GC Explicit
08-05 17:07:54.029 32195 32195 D AndroidRuntime: Calling main entry com.android.commands.input.Input
08-05 17:07:54.032 32195 32195 I Input   : injectMotionEvent: MotionEvent { action=ACTION_DOWN, actionButton=0, id[0]=0, x[0]=81.0, y[0]=176.0, toolType[0]=TOOL_TYPE_UNKNOWN, buttonState=0, metaState=0, flags=0x0, edgeFlags=0x0, pointerCount=1, historySize=0, eventTime=810490444, downTime=810490444, deviceId=0, source=0x1002 }
08-05 17:07:54.033   918  3188 I hubconnection: sensorhub said: 'set_bias 3: -5.7600, 0.0000, 0.0000'
08-05 17:07:54.037 31568 32048 I art     : Explicit concurrent mark sweep GC freed 3(96B) AllocSpace objects, 0(0B) LOS objects, 38% free, 25MB/41MB, paused 535us total 36.775ms
08-05 17:07:54.038 32195 32195 I Input   : injectMotionEvent: MotionEvent { action=ACTION_UP, actionButton=0, id[0]=0, x[0]=81.0, y[0]=176.0, toolType[0]=TOOL_TYPE_UNKNOWN, buttonState=0, metaState=0, flags=0x0, edgeFlags=0x0, pointerCount=1, historySize=0, eventTime=810490444, downTime=810490444, deviceId=0, source=0x1002 }
08-05 17:07:54.040 32195 32195 D AndroidRuntime: Shutting down VM
08-05 17:07:54.051 31568 32048 I art     : Starting a blocking GC Explicit
08-05 17:07:54.054   512  2967 D audio_hw_primary: out_set_parameters: enter: usecase(1: low-latency-playback) kvpairs: routing=2
08-05 17:07:54.067   512  2967 D audio_hw_primary: select_devices: out_snd_device(2: speaker) in_snd_device(0: none)
08-05 17:07:54.067   512  2967 D msm8974_platform: platform_send_audio_calibration: sending audio calibration for snd_device(2) acdb_id(15)
08-05 17:07:54.067   512  2967 I soundtrigger: audio_extn_sound_trigger_update_device_status: device 0x2 of type 0 for Event 1
08-05 17:07:54.080   512  2967 D audio_hw_primary: enable_snd_device: snd_device(2: speaker)
08-05 17:07:54.082   512  2967 D audio_hw_primary: enable_audio_route: apply and update mixer path: low-latency-playback speaker
08-05 17:07:54.085 31568 32048 I art     : Explicit concurrent mark sweep GC freed 43(1488B) AllocSpace objects, 0(0B) LOS objects, 38% free, 25MB/41MB, paused 490us total 33.571ms
08-05 17:07:54.118 13866 13866 I GoogleInputMethodServic: GoogleInputMethodService.onFinishInput():3138 
08-05 17:07:54.118 13866 13866 I GoogleInputMethodServic: GoogleInputMethodService.onStartInput():1808 
08-05 17:07:54.382 31568 31580 I art     : Starting a blocking GC Explicit
08-05 17:07:54.415 31568 31580 I art     : Explicit concurrent mark sweep GC freed 1675(95KB) AllocSpace objects, 1(20KB) LOS objects, 38% free, 25MB/41MB, paused 408us total 32.514ms
08-05 17:07:54.428 31568 31580 I art     : Starting a blocking GC Explicit
08-05 17:07:54.460 31568 31580 I art     : Explicit concurrent mark sweep GC freed 32(1232B) AllocSpace objects, 0(0B) LOS objects, 38% free, 25MB/41MB, paused 381us total 31.256ms
08-05 17:07:54.474 31568 31580 I art     : Starting a blocking GC Explicit
08-05 17:07:54.508 31568 31580 I art     : Explicit concurrent mark sweep GC freed 6(224B) AllocSpace objects, 0(0B) LOS objects, 38% free, 25MB/41MB, paused 458us total 34.159ms
08-05 17:07:54.523 31568 31580 I art     : Starting a blocking GC Explicit
08-05 17:07:54.557 31568 31580 I art     : Explicit concurrent mark sweep GC freed 5(160B) AllocSpace objects, 0(0B) LOS objects, 38% free, 25MB/41MB, paused 520us total 34.302ms
08-05 17:07:54.571 31568 31580 I art     : Starting a blocking GC Explicit
08-05 17:07:54.605 31568 31580 I art     : Explicit concurrent mark sweep GC freed 3(96B) AllocSpace objects, 0(0B) LOS objects, 38% free, 25MB/41MB, paused 384us total 33.773ms
08-05 17:07:54.619   512  2967 D audio_hw_primary: disable_audio_route: reset and update mixer path: low-latency-playback speaker
08-05 17:07:54.621   512  2967 D audio_hw_primary: disable_snd_device: snd_device(2: speaker)
08-05 17:07:54.629   512  2967 I soundtrigger: audio_extn_sound_trigger_update_device_status: device 0x2 of type 0 for Event 0
08-05 17:07:54.914 31568 32048 I art     : Starting a blocking GC Explicit
08-05 17:07:54.965 31568 32048 I art     : Explicit concurrent mark sweep GC freed 1293(75KB) AllocSpace objects, 1(20KB) LOS objects, 38% free, 25MB/41MB, paused 460us total 51.088ms
08-05 17:07:54.984 31568 32048 I art     : Starting a blocking GC Explicit
08-05 17:07:55.020 31568 32048 I art     : Explicit concurrent mark sweep GC freed 20(688B) AllocSpace objects, 0(0B) LOS objects, 38% free, 25MB/41MB, paused 425us total 35.699ms
08-05 17:07:55.034 31568 32048 I art     : Starting a blocking GC Explicit
08-05 17:07:55.071 31568 32048 I art     : Explicit concurrent mark sweep GC freed 3(96B) AllocSpace objects, 0(0B) LOS objects, 38% free, 25MB/41MB, paused 417us total 36.780ms
08-05 17:07:55.086 31568 32048 I art     : Starting a blocking GC Explicit
08-05 17:07:55.123 31568 32048 I art     : Explicit concurrent mark sweep GC freed 3(96B) AllocSpace objects, 0(0B) LOS objects, 38% free, 25MB/41MB, paused 425us total 37.114ms
08-05 17:07:55.138 31568 32048 I art     : Starting a blocking GC Explicit
08-05 17:07:55.175 31568 32048 I art     : Explicit concurrent mark sweep GC freed 3(96B) AllocSpace objects, 0(0B) LOS objects, 38% free, 25MB/41MB, paused 453us total 37.065ms
08-05 17:07:55.467 31568 31579 I art     : Starting a blocking GC Explicit
08-05 17:07:55.508 31568 31579 I art     : Explicit concurrent mark sweep GC freed 1293(75KB) AllocSpace objects, 1(20KB) LOS objects, 38% free, 25MB/41MB, paused 514us total 40.217ms
08-05 17:07:55.524 31568 31579 I art     : Starting a blocking GC Explicit
08-05 17:07:55.560 31568 31579 I art     : Explicit concurrent mark sweep GC freed 18(624B) AllocSpace objects, 0(0B) LOS objects, 38% free, 25MB/41MB, paused 414us total 35.525ms
08-05 17:07:55.574 31568 31579 I art     : Starting a blocking GC Explicit
08-05 17:07:55.609 31568 31579 I art     : Explicit concurrent mark sweep GC freed 3(96B) AllocSpace objects, 0(0B) LOS objects, 38% free, 25MB/41MB, paused 414us total 34.802ms
08-05 17:07:55.623 31568 31579 I art     : Starting a blocking GC Explicit
08-05 17:07:55.659 31568 31579 I art     : Explicit concurrent mark sweep GC freed 3(96B) AllocSpace objects, 0(0B) LOS objects, 38% free, 25MB/41MB, paused 415us total 35.545ms
08-05 17:07:55.673 31568 31579 I art     : Starting a blocking GC Explicit
08-05 17:07:55.709 31568 31579 I art     : Explicit concurrent mark sweep GC freed 5(160B) AllocSpace objects, 0(0B) LOS objects, 38% free, 25MB/41MB, paused 478us total 35.723ms
08-05 17:07:55.820 32240 32240 D AndroidRuntime: >>>>>> START com.android.internal.os.RuntimeInit uid 2000 <<<<<<
08-05 17:07:55.826 32240 32240 D AndroidRuntime: CheckJNI is OFF
08-05 17:07:55.870 32240 32240 D ICU     : No timezone override file found: /data/misc/zoneinfo/current/icu/icu_tzdata.dat
08-05 17:07:55.913 32240 32240 I Radio-JNI: register_android_hardware_Radio DONE
08-05 17:07:55.942 32240 32240 D AndroidRuntime: Calling main entry com.android.commands.input.Input
08-05 17:07:55.943 32240 32240 I Input   : injectMotionEvent: MotionEvent { action=ACTION_DOWN, actionButton=0, id[0]=0, x[0]=436.0, y[0]=1770.0, toolType[0]=TOOL_TYPE_UNKNOWN, buttonState=0, metaState=0, flags=0x0, edgeFlags=0x0, pointerCount=1, historySize=0, eventTime=810492356, downTime=810492356, deviceId=0, source=0x1002 }
08-05 17:07:55.948 32240 32240 I Input   : injectMotionEvent: MotionEvent { action=ACTION_UP, actionButton=0, id[0]=0, x[0]=436.0, y[0]=1770.0, toolType[0]=TOOL_TYPE_UNKNOWN, buttonState=0, metaState=0, flags=0x0, edgeFlags=0x0, pointerCount=1, historySize=0, eventTime=810492356, downTime=810492356, deviceId=0, source=0x1002 }
08-05 17:07:55.950 32240 32240 D AndroidRuntime: Shutting down VM
08-05 17:07:55.968 31568 31568 D MainActivity: NavigationItemSelected: Courses
08-05 17:07:55.970   918  6111 I ActivityManager: START u0 {cmp=baseline.com.ak.uobtimetable/.CourseListActivity} from uid 10684 on display 0
08-05 17:07:55.971   512  2967 D audio_hw_primary: out_set_parameters: enter: usecase(1: low-latency-playback) kvpairs: routing=2
08-05 17:07:55.979 31568 31568 D MainActivity: OnPause
08-05 17:07:55.985   512  2967 D audio_hw_primary: select_devices: out_snd_device(2: speaker) in_snd_device(0: none)
08-05 17:07:55.985   512  2967 D msm8974_platform: platform_send_audio_calibration: sending audio calibration for snd_device(2) acdb_id(15)
08-05 17:07:55.985   512  2967 I soundtrigger: audio_extn_sound_trigger_update_device_status: device 0x2 of type 0 for Event 1
08-05 17:07:56.003   512  2967 D audio_hw_primary: enable_snd_device: snd_device(2: speaker)
08-05 17:07:56.005   512  2967 D audio_hw_primary: enable_audio_route: apply and update mixer path: low-latency-playback speaker
08-05 17:07:56.035 31568 31568 D CourseListActivity: onCreate
08-05 17:07:56.037 31568 32274 D HTTP    : Request for: https://uob-timetable-api.adriankeenan.co.uk/courses
08-05 17:07:56.043 31568 31580 I art     : Starting a blocking GC Explicit
08-05 17:07:56.078 31568 31580 I art     : Explicit concurrent mark sweep GC freed 3900(214KB) AllocSpace objects, 1(20KB) LOS objects, 38% free, 25MB/41MB, paused 838us total 34.433ms
08-05 17:07:56.092 31568 31580 I art     : Starting a blocking GC Explicit
08-05 17:07:56.092   918   936 I ActivityManager: Displayed baseline.com.ak.uobtimetable/.CourseListActivity: +112ms
08-05 17:07:56.092 13866 13866 I GoogleInputMethodServic: GoogleInputMethodService.onFinishInput():3138 
08-05 17:07:56.093 13866 13866 I GoogleInputMethodServic: GoogleInputMethodService.onStartInput():1808 
08-05 17:07:56.130 31568 31580 I art     : Explicit concurrent mark sweep GC freed 735(38KB) AllocSpace objects, 0(0B) LOS objects, 38% free, 25MB/41MB, paused 494us total 37.599ms
08-05 17:07:56.144 31568 31580 I art     : Starting a blocking GC Explicit
08-05 17:07:56.177 31568 31580 I art     : Explicit concurrent mark sweep GC freed 88(5KB) AllocSpace objects, 0(0B) LOS objects, 38% free, 25MB/41MB, paused 460us total 32.014ms
08-05 17:07:56.191 31568 31580 I art     : Starting a blocking GC Explicit
08-05 17:07:56.224 31568 31580 I art     : Explicit concurrent mark sweep GC freed 12(1440B) AllocSpace objects, 0(0B) LOS objects, 38% free, 25MB/41MB, paused 459us total 33.366ms
08-05 17:07:56.240 31568 31580 I art     : Starting a blocking GC Explicit
08-05 17:07:56.282 31568 31580 I art     : Explicit concurrent mark sweep GC freed 2269(122KB) AllocSpace objects, 3(200KB) LOS objects, 38% free, 25MB/41MB, paused 536us total 41.312ms
08-05 17:07:56.329 31568 32274 I NAPPA_EXPERIMENTATION: MetricNetworkRequestExecutionTime: REQUEST_DURATION_SYSTEM='291',REQUEST_DURATION_OKHTTP='46',REQUEST_SYNCHRONOUS='TRUE',RESPONSE_CODE='200',RESPONSE_METHOD='GET',RESPONSE_LENGTH_OKHTTP='-1',RESPONSE_LENGTH_HEADER='-2',REQUEST_PROTOCOL='http/1.1',REQUEST_URL='https://uob-timetable-api.adriankeenan.co.uk/courses',
08-05 17:07:56.397 29851 29851 I ServiceManager: Waiting for service AtCmdFwd...
08-05 17:07:56.469 31568 31568 D MainActivity: Saving state
08-05 17:07:56.470 31568 31568 D MainActivity: Saving current fragment: SessionListsFragment
08-05 17:07:56.470 31568 31568 D MainActivity: Saving current index: 2
08-05 17:07:56.471 31568 31568 D SessionListsFragment: Saving state
08-05 17:07:56.538   512  2967 D audio_hw_primary: disable_audio_route: reset and update mixer path: low-latency-playback speaker
08-05 17:07:56.539   512  2967 D audio_hw_primary: disable_snd_device: snd_device(2: speaker)
08-05 17:07:56.546   512  2967 I soundtrigger: audio_extn_sound_trigger_update_device_status: device 0x2 of type 0 for Event 0
08-05 17:07:56.576 31568 32048 I art     : Starting a blocking GC Explicit
08-05 17:07:56.610 31568 32048 I art     : Explicit concurrent mark sweep GC freed 67(3KB) AllocSpace objects, 0(0B) LOS objects, 24% free, 48MB/64MB, paused 510us total 33.426ms
08-05 17:07:56.624 31568 32048 I art     : Starting a blocking GC Explicit
08-05 17:07:56.656 31568 32048 I art     : Explicit concurrent mark sweep GC freed 32(1216B) AllocSpace objects, 0(0B) LOS objects, 24% free, 48MB/64MB, paused 503us total 32.611ms
08-05 17:07:56.670 31568 32048 I art     : Starting a blocking GC Explicit
08-05 17:07:56.704 31568 32274 I HTTP    : Response was compressed.
08-05 17:07:56.706 31568 32048 I art     : Explicit concurrent mark sweep GC freed 140(6KB) AllocSpace objects, 0(0B) LOS objects, 20% free, 63MB/79MB, paused 550us total 36.058ms
08-05 17:07:56.719 31568 32048 I art     : Starting a blocking GC Explicit
08-05 17:07:56.762 31568 32048 I art     : Explicit concurrent mark sweep GC freed 26556(1233KB) AllocSpace objects, 2(22MB) LOS objects, 27% free, 41MB/57MB, paused 833us total 43.034ms
08-05 17:07:56.777 31568 32048 I art     : Starting a blocking GC Explicit
08-05 17:07:56.816 31568 32048 I art     : Explicit concurrent mark sweep GC freed 32428(1528KB) AllocSpace objects, 0(0B) LOS objects, 27% free, 41MB/57MB, paused 718us total 38.727ms
08-05 17:07:57.123 31568 32048 I art     : Starting a blocking GC Explicit
08-05 17:07:57.184 31568 32048 I art     : Explicit concurrent mark sweep GC freed 189171(8MB) AllocSpace objects, 1(20KB) LOS objects, 27% free, 43MB/59MB, paused 705us total 60.506ms
08-05 17:07:57.201 31568 32048 I art     : Starting a blocking GC Explicit
08-05 17:07:57.246 31568 32048 I art     : Explicit concurrent mark sweep GC freed 41463(1952KB) AllocSpace objects, 0(0B) LOS objects, 27% free, 42MB/58MB, paused 858us total 45.268ms
08-05 17:07:57.262 31568 32048 I art     : Starting a blocking GC Explicit
08-05 17:07:57.308 31568 32048 I art     : Explicit concurrent mark sweep GC freed 33902(1607KB) AllocSpace objects, 0(0B) LOS objects, 27% free, 43MB/59MB, paused 825us total 45.178ms
08-05 17:07:57.324 31568 32048 I art     : Starting a blocking GC Explicit
08-05 17:07:57.370 31568 32048 I art     : Explicit concurrent mark sweep GC freed 33411(1581KB) AllocSpace objects, 0(0B) LOS objects, 26% free, 43MB/59MB, paused 947us total 45.932ms
08-05 17:07:57.386 31568 32048 I art     : Starting a blocking GC Explicit
08-05 17:07:57.397 29851 29851 I ServiceManager: Waiting for service AtCmdFwd...
08-05 17:07:57.434 31568 32048 I art     : Explicit concurrent mark sweep GC freed 34524(1632KB) AllocSpace objects, 0(0B) LOS objects, 26% free, 43MB/59MB, paused 1.092ms total 48.069ms
08-05 17:07:57.741 31568 31589 I art     : Starting a blocking GC Explicit
08-05 17:07:57.809 31568 31589 I art     : Explicit concurrent mark sweep GC freed 174546(8MB) AllocSpace objects, 1(20KB) LOS objects, 26% free, 45MB/61MB, paused 822us total 67.355ms
08-05 17:07:57.809 31568 31578 I art     : WaitForGcToComplete blocked for 62.213ms for cause HeapTrim
08-05 17:07:57.828 31568 31589 I art     : Starting a blocking GC Explicit
08-05 17:07:57.878 31568 31589 I art     : Explicit concurrent mark sweep GC freed 40373(1885KB) AllocSpace objects, 0(0B) LOS objects, 26% free, 45MB/61MB, paused 894us total 50.389ms
08-05 17:07:57.896 31568 31589 I art     : Starting a blocking GC Explicit
08-05 17:07:57.948 31568 31589 I art     : Explicit concurrent mark sweep GC freed 36545(1733KB) AllocSpace objects, 0(0B) LOS objects, 25% free, 45MB/61MB, paused 1.109ms total 51.952ms
08-05 17:07:57.966 31568 31589 I art     : Starting a blocking GC Explicit
08-05 17:07:58.020 31568 31589 I art     : Explicit concurrent mark sweep GC freed 38096(1818KB) AllocSpace objects, 0(0B) LOS objects, 25% free, 45MB/61MB, paused 1.121ms total 54.102ms
08-05 17:07:58.039 31568 31589 I art     : Starting a blocking GC Explicit
08-05 17:07:58.093 31568 31589 I art     : Explicit concurrent mark sweep GC freed 38342(1791KB) AllocSpace objects, 0(0B) LOS objects, 25% free, 46MB/62MB, paused 1.157ms total 53.792ms
08-05 17:07:58.398 29851 29851 I ServiceManager: Waiting for service AtCmdFwd...
08-05 17:07:58.413 31568 31579 I art     : Starting a blocking GC Explicit
08-05 17:07:58.494 31568 31579 I art     : Explicit concurrent mark sweep GC freed 198256(9MB) AllocSpace objects, 1(20KB) LOS objects, 25% free, 47MB/63MB, paused 1.195ms total 80.021ms
08-05 17:07:58.513 31568 31579 I art     : Starting a blocking GC Explicit
08-05 17:07:58.573 31568 31579 I art     : Explicit concurrent mark sweep GC freed 48689(2MB) AllocSpace objects, 0(0B) LOS objects, 25% free, 47MB/63MB, paused 1.271ms total 60.064ms
08-05 17:07:58.593 31568 31579 I art     : Starting a blocking GC Explicit
08-05 17:07:58.653 31568 31579 I art     : Explicit concurrent mark sweep GC freed 41675(2013KB) AllocSpace objects, 0(0B) LOS objects, 24% free, 48MB/64MB, paused 1.318ms total 60.239ms
08-05 17:07:58.673 31568 31579 I art     : Starting a blocking GC Explicit
08-05 17:07:58.734 31568 31579 I art     : Explicit concurrent mark sweep GC freed 42077(1974KB) AllocSpace objects, 0(0B) LOS objects, 24% free, 48MB/64MB, paused 1.351ms total 60.866ms
08-05 17:07:58.754 31568 31579 I art     : Starting a blocking GC Explicit
08-05 17:07:58.818 31568 31579 I art     : Explicit concurrent mark sweep GC freed 42490(2018KB) AllocSpace objects, 0(0B) LOS objects, 24% free, 48MB/64MB, paused 1.405ms total 63.720ms
08-05 17:07:59.130 31568 31589 I art     : Starting a blocking GC Explicit
08-05 17:07:59.217 31568 31589 I art     : Explicit concurrent mark sweep GC freed 197360(9MB) AllocSpace objects, 1(20KB) LOS objects, 23% free, 50MB/66MB, paused 1.267ms total 86.587ms
08-05 17:07:59.239 31568 31589 I art     : Starting a blocking GC Explicit
08-05 17:07:59.309 31568 31589 I art     : Explicit concurrent mark sweep GC freed 53700(2MB) AllocSpace objects, 0(0B) LOS objects, 23% free, 50MB/66MB, paused 1.452ms total 70.210ms
08-05 17:07:59.330 31568 31589 I art     : Starting a blocking GC Explicit
08-05 17:07:59.346   918  1210 D NetlinkSocketObserver: NeighborEvent{elapsedMs=1793883221, 192.168.2.254, [7C3953A63323], RTM_NEWNEIGH, NUD_STALE}
08-05 17:07:59.398 29851 29851 I ServiceManager: Waiting for service AtCmdFwd...
08-05 17:07:59.400 31568 31589 I art     : Explicit concurrent mark sweep GC freed 48011(2MB) AllocSpace objects, 0(0B) LOS objects, 23% free, 51MB/67MB, paused 1.371ms total 68.952ms
08-05 17:07:59.421 31568 31589 I art     : Starting a blocking GC Explicit
08-05 17:07:59.492 31568 31589 I art     : Explicit concurrent mark sweep GC freed 47605(2MB) AllocSpace objects, 0(0B) LOS objects, 23% free, 51MB/67MB, paused 1.483ms total 71.250ms
08-05 17:07:59.513 31568 31589 I art     : Starting a blocking GC Explicit
08-05 17:07:59.586 31568 31589 I art     : Explicit concurrent mark sweep GC freed 47396(2MB) AllocSpace objects, 0(0B) LOS objects, 23% free, 51MB/67MB, paused 1.623ms total 71.927ms
08-05 17:07:59.594 31568 32274 I Service : getCourses response time: 0.69
08-05 17:07:59.608 31568 31568 I SettingsManager: Getting string: savedCourse
08-05 17:07:59.946 31568 31589 I art     : Starting a blocking GC Explicit
08-05 17:08:00.048 31568 31589 I art     : Explicit concurrent mark sweep GC freed 12538(594KB) AllocSpace objects, 2(15MB) LOS objects, 30% free, 36MB/52MB, paused 436us total 101.544ms
08-05 17:08:00.070 31568 31589 I art     : Starting a blocking GC Explicit
08-05 17:08:00.129 31568 31589 I art     : Explicit concurrent mark sweep GC freed 741(66KB) AllocSpace objects, 0(0B) LOS objects, 30% free, 36MB/52MB, paused 437us total 58.425ms
08-05 17:08:00.150 31568 31589 I art     : Starting a blocking GC Explicit
08-05 17:08:00.214 31568 31589 I art     : Explicit concurrent mark sweep GC freed 3(96B) AllocSpace objects, 0(0B) LOS objects, 30% free, 36MB/52MB, paused 466us total 63.678ms
08-05 17:08:00.236 31568 31589 I art     : Starting a blocking GC Explicit
08-05 17:08:00.303 31568 31589 I art     : Explicit concurrent mark sweep GC freed 3(96B) AllocSpace objects, 0(0B) LOS objects, 30% free, 36MB/52MB, paused 437us total 66.474ms
08-05 17:08:00.326 31568 31589 I art     : Starting a blocking GC Explicit
08-05 17:08:00.393 31568 31589 I art     : Explicit concurrent mark sweep GC freed 3(96B) AllocSpace objects, 0(0B) LOS objects, 30% free, 36MB/52MB, paused 455us total 66.206ms
08-05 17:08:00.398 29851 29851 I ServiceManager: Waiting for service AtCmdFwd...
08-05 17:08:00.706 31568 31580 I art     : Starting a blocking GC Explicit
08-05 17:08:00.803 31568 31580 I art     : Explicit concurrent mark sweep GC freed 1293(75KB) AllocSpace objects, 1(20KB) LOS objects, 30% free, 36MB/52MB, paused 499us total 96.070ms
08-05 17:08:00.827 31568 31580 I art     : Starting a blocking GC Explicit
08-05 17:08:00.901 31568 31580 I art     : Explicit concurrent mark sweep GC freed 29(944B) AllocSpace objects, 0(0B) LOS objects, 30% free, 36MB/52MB, paused 468us total 73.636ms
08-05 17:08:00.925 31568 31580 I art     : Starting a blocking GC Explicit
08-05 17:08:01.004 31568 31580 I art     : Explicit concurrent mark sweep GC freed 34(1888B) AllocSpace objects, 0(0B) LOS objects, 30% free, 36MB/52MB, paused 477us total 78.546ms
08-05 17:08:01.028 31568 31580 I art     : Starting a blocking GC Explicit
08-05 17:08:01.102 31568 31580 I art     : Explicit concurrent mark sweep GC freed 9(320B) AllocSpace objects, 0(0B) LOS objects, 30% free, 36MB/52MB, paused 490us total 73.719ms
08-05 17:08:01.127 31568 31580 I art     : Starting a blocking GC Explicit
08-05 17:08:01.203 31568 31580 I art     : Explicit concurrent mark sweep GC freed 3(96B) AllocSpace objects, 0(0B) LOS objects, 30% free, 36MB/52MB, paused 483us total 76.503ms
08-05 17:08:01.399 29851 29851 W Atfwd_Sendcmd: AtCmdFwd service not published, waiting... retryCnt : 3
08-05 17:08:01.561 31568 32048 I art     : Starting a blocking GC Explicit
08-05 17:08:01.650 31568 32048 I art     : Explicit concurrent mark sweep GC freed 1297(75KB) AllocSpace objects, 1(20KB) LOS objects, 30% free, 36MB/52MB, paused 493us total 88.279ms
08-05 17:08:01.674 31568 32048 I art     : Starting a blocking GC Explicit
08-05 17:08:01.752 31568 32048 I art     : Explicit concurrent mark sweep GC freed 18(624B) AllocSpace objects, 0(0B) LOS objects, 30% free, 36MB/52MB, paused 478us total 77.519ms
08-05 17:08:01.776 31568 32048 I art     : Starting a blocking GC Explicit
08-05 17:08:01.855 31568 32048 I art     : Explicit concurrent mark sweep GC freed 3(96B) AllocSpace objects, 0(0B) LOS objects, 30% free, 36MB/52MB, paused 490us total 78.176ms
08-05 17:08:01.879 31568 32048 I art     : Starting a blocking GC Explicit
08-05 17:08:01.955 31568 32048 I art     : Explicit concurrent mark sweep GC freed 3(96B) AllocSpace objects, 0(0B) LOS objects, 30% free, 36MB/52MB, paused 488us total 76.068ms
08-05 17:08:01.980 31568 32048 I art     : Starting a blocking GC Explicit
08-05 17:08:02.058 31568 32048 I art     : Explicit concurrent mark sweep GC freed 3(96B) AllocSpace objects, 0(0B) LOS objects, 30% free, 36MB/52MB, paused 512us total 77.715ms
08-05 17:08:02.382 31568 31579 I art     : Starting a blocking GC Explicit
08-05 17:08:02.459 31568 31579 I art     : Explicit concurrent mark sweep GC freed 1293(75KB) AllocSpace objects, 1(20KB) LOS objects, 30% free, 36MB/52MB, paused 488us total 76.329ms
08-05 17:08:02.483 31568 31579 I art     : Starting a blocking GC Explicit
08-05 17:08:02.555 31568 31579 I art     : Explicit concurrent mark sweep GC freed 18(624B) AllocSpace objects, 0(0B) LOS objects, 30% free, 36MB/52MB, paused 493us total 71.396ms
08-05 17:08:02.579 31568 31579 I art     : Starting a blocking GC Explicit
08-05 17:08:02.652 31568 31579 I art     : Explicit concurrent mark sweep GC freed 3(96B) AllocSpace objects, 0(0B) LOS objects, 30% free, 36MB/52MB, paused 479us total 72.808ms
08-05 17:08:02.676 31568 31579 I art     : Starting a blocking GC Explicit
08-05 17:08:02.748 31568 31579 I art     : Explicit concurrent mark sweep GC freed 3(96B) AllocSpace objects, 0(0B) LOS objects, 30% free, 36MB/52MB, paused 564us total 71.882ms
08-05 17:08:02.771 31568 31579 I art     : Starting a blocking GC Explicit
08-05 17:08:02.792 32357 32357 D AndroidRuntime: >>>>>> START com.android.internal.os.RuntimeInit uid 2000 <<<<<<
08-05 17:08:02.797 32357 32357 D AndroidRuntime: CheckJNI is OFF
08-05 17:08:02.842 32357 32357 D ICU     : No timezone override file found: /data/misc/zoneinfo/current/icu/icu_tzdata.dat
08-05 17:08:02.842 31568 31579 I art     : Explicit concurrent mark sweep GC freed 3(96B) AllocSpace objects, 0(0B) LOS objects, 30% free, 36MB/52MB, paused 512us total 70.747ms
08-05 17:08:02.846 31329 31430 W FirebaseInstanceId: Token retrieval failed: SERVICE_NOT_AVAILABLE. Will retry token retrieval
08-05 17:08:02.889 32357 32357 I Radio-JNI: register_android_hardware_Radio DONE
08-05 17:08:02.918 32357 32357 D AndroidRuntime: Calling main entry com.android.commands.input.Input
08-05 17:08:02.921 32357 32357 I Input   : injectMotionEvent: MotionEvent { action=ACTION_DOWN, actionButton=0, id[0]=0, x[0]=558.0, y[0]=368.0, toolType[0]=TOOL_TYPE_UNKNOWN, buttonState=0, metaState=0, flags=0x0, edgeFlags=0x0, pointerCount=1, historySize=0, eventTime=810499334, downTime=810499334, deviceId=0, source=0x1002 }
08-05 17:08:02.927 32357 32357 I Input   : injectMotionEvent: MotionEvent { action=ACTION_UP, actionButton=0, id[0]=0, x[0]=558.0, y[0]=368.0, toolType[0]=TOOL_TYPE_UNKNOWN, buttonState=0, metaState=0, flags=0x0, edgeFlags=0x0, pointerCount=1, historySize=0, eventTime=810499334, downTime=810499334, deviceId=0, source=0x1002 }
08-05 17:08:02.928 32357 32357 D AndroidRuntime: Shutting down VM
08-05 17:08:03.155 31568 31579 I art     : Starting a blocking GC Explicit
08-05 17:08:03.230 31568 31579 I art     : Explicit concurrent mark sweep GC freed 2219(170KB) AllocSpace objects, 1(20KB) LOS objects, 30% free, 36MB/52MB, paused 604us total 74.470ms
08-05 17:08:03.255 31568 31579 I art     : Starting a blocking GC Explicit
08-05 17:08:03.315 31568 31579 I art     : Explicit concurrent mark sweep GC freed 93(5KB) AllocSpace objects, 0(0B) LOS objects, 30% free, 36MB/52MB, paused 417us total 59.368ms
08-05 17:08:03.338 31568 31579 I art     : Starting a blocking GC Explicit
08-05 17:08:03.400 31568 31579 I art     : Explicit concurrent mark sweep GC freed 287(12KB) AllocSpace objects, 0(0B) LOS objects, 30% free, 36MB/52MB, paused 468us total 61.171ms
08-05 17:08:03.423 31568 31579 I art     : Starting a blocking GC Explicit
08-05 17:08:03.486 31568 31579 I art     : Explicit concurrent mark sweep GC freed 25(1104B) AllocSpace objects, 0(0B) LOS objects, 30% free, 36MB/52MB, paused 418us total 62.032ms
08-05 17:08:03.509 31568 31579 I art     : Starting a blocking GC Explicit
08-05 17:08:03.577 31568 31579 I art     : Explicit concurrent mark sweep GC freed 17(544B) AllocSpace objects, 0(0B) LOS objects, 30% free, 36MB/52MB, paused 533us total 67.799ms
08-05 17:08:03.912 31568 31589 I art     : Starting a blocking GC Explicit
08-05 17:08:04.008 31568 31589 I art     : Explicit concurrent mark sweep GC freed 1346(77KB) AllocSpace objects, 1(20KB) LOS objects, 30% free, 36MB/52MB, paused 497us total 95.560ms
08-05 17:08:04.036 31568 31589 I art     : Starting a blocking GC Explicit
08-05 17:08:04.109 31568 31589 I art     : Explicit concurrent mark sweep GC freed 18(624B) AllocSpace objects, 0(0B) LOS objects, 30% free, 36MB/52MB, paused 468us total 72.391ms
08-05 17:08:04.132 31568 31589 I art     : Starting a blocking GC Explicit
08-05 17:08:04.196 31568 31589 I art     : Explicit concurrent mark sweep GC freed 3(96B) AllocSpace objects, 0(0B) LOS objects, 30% free, 36MB/52MB, paused 450us total 63.969ms
08-05 17:08:04.219 31568 31589 I art     : Starting a blocking GC Explicit
08-05 17:08:04.285 31568 31589 I art     : Explicit concurrent mark sweep GC freed 3(96B) AllocSpace objects, 0(0B) LOS objects, 30% free, 36MB/52MB, paused 498us total 66.140ms
08-05 17:08:04.308 31568 31589 I art     : Starting a blocking GC Explicit
08-05 17:08:04.372 31568 31589 I art     : Explicit concurrent mark sweep GC freed 3(96B) AllocSpace objects, 0(0B) LOS objects, 30% free, 36MB/52MB, paused 467us total 63.697ms
08-05 17:08:04.689 31568 31580 I art     : Starting a blocking GC Explicit
08-05 17:08:04.706 32401 32401 D AndroidRuntime: >>>>>> START com.android.internal.os.RuntimeInit uid 2000 <<<<<<
08-05 17:08:04.711 32401 32401 D AndroidRuntime: CheckJNI is OFF
08-05 17:08:04.756 32401 32401 D ICU     : No timezone override file found: /data/misc/zoneinfo/current/icu/icu_tzdata.dat
08-05 17:08:04.763 31568 31580 I art     : Explicit concurrent mark sweep GC freed 1310(76KB) AllocSpace objects, 1(20KB) LOS objects, 30% free, 36MB/52MB, paused 484us total 73.297ms
08-05 17:08:04.787 31568 31580 I art     : Starting a blocking GC Explicit
08-05 17:08:04.802 32401 32401 I Radio-JNI: register_android_hardware_Radio DONE
08-05 17:08:04.831 32401 32401 D AndroidRuntime: Calling main entry com.android.commands.input.Input
08-05 17:08:04.833 32401 32401 I Input   : injectMotionEvent: MotionEvent { action=ACTION_DOWN, actionButton=0, id[0]=0, x[0]=945.0, y[0]=1376.0, toolType[0]=TOOL_TYPE_UNKNOWN, buttonState=0, metaState=0, flags=0x0, edgeFlags=0x0, pointerCount=1, historySize=0, eventTime=810501245, downTime=810501245, deviceId=0, source=0x1002 }
08-05 17:08:04.839 32401 32401 I Input   : injectMotionEvent: MotionEvent { action=ACTION_UP, actionButton=0, id[0]=0, x[0]=945.0, y[0]=1376.0, toolType[0]=TOOL_TYPE_UNKNOWN, buttonState=0, metaState=0, flags=0x0, edgeFlags=0x0, pointerCount=1, historySize=0, eventTime=810501245, downTime=810501245, deviceId=0, source=0x1002 }
08-05 17:08:04.841 32401 32401 D AndroidRuntime: Shutting down VM
08-05 17:08:04.851 31568 31580 I art     : Explicit concurrent mark sweep GC freed 44(1568B) AllocSpace objects, 0(0B) LOS objects, 30% free, 36MB/52MB, paused 454us total 63.785ms
08-05 17:08:04.874 31568 31580 I art     : Starting a blocking GC Explicit
08-05 17:08:04.907   512  2967 D audio_hw_primary: out_set_parameters: enter: usecase(1: low-latency-playback) kvpairs: routing=2
08-05 17:08:04.913 13866 13866 I GoogleInputMethodServic: GoogleInputMethodService.onFinishInput():3138 
08-05 17:08:04.914 13866 13866 I GoogleInputMethodServic: GoogleInputMethodService.onStartInput():1808 
08-05 17:08:04.920   512  2967 D audio_hw_primary: select_devices: out_snd_device(2: speaker) in_snd_device(0: none)
08-05 17:08:04.921   512  2967 D msm8974_platform: platform_send_audio_calibration: sending audio calibration for snd_device(2) acdb_id(15)
08-05 17:08:04.921   512  2967 I soundtrigger: audio_extn_sound_trigger_update_device_status: device 0x2 of type 0 for Event 1
08-05 17:08:04.928 13866 13866 I GoogleInputMethodServic: GoogleInputMethodService.onFinishInput():3138 
08-05 17:08:04.929 13866 13866 I GoogleInputMethodServic: GoogleInputMethodService.onStartInput():1808 
08-05 17:08:04.933   512  2967 D audio_hw_primary: enable_snd_device: snd_device(2: speaker)
08-05 17:08:04.937   512  2967 D audio_hw_primary: enable_audio_route: apply and update mixer path: low-latency-playback speaker
08-05 17:08:04.944 31568 31580 I art     : Explicit concurrent mark sweep GC freed 383(20KB) AllocSpace objects, 0(0B) LOS objects, 30% free, 36MB/52MB, paused 1.019ms total 69.419ms
08-05 17:08:04.967 31568 31580 I art     : Starting a blocking GC Explicit
08-05 17:08:05.036 31568 31580 I art     : Explicit concurrent mark sweep GC freed 601(34KB) AllocSpace objects, 0(0B) LOS objects, 30% free, 36MB/52MB, paused 559us total 68.271ms
08-05 17:08:05.061 31568 31580 I art     : Starting a blocking GC Explicit
08-05 17:08:05.131 31568 31580 I art     : Explicit concurrent mark sweep GC freed 686(62KB) AllocSpace objects, 0(0B) LOS objects, 30% free, 36MB/52MB, paused 1.069ms total 70.104ms
08-05 17:08:05.235 31568 31583 D OpenGLRenderer: endAllStagingAnimators on 0x7f790f0400 (ListPopupWindow$DropDownListView) with handle 0x7f7e932ba0
08-05 17:08:05.452 31568 31579 I art     : Starting a blocking GC Explicit
08-05 17:08:05.479   512  2967 D audio_hw_primary: disable_audio_route: reset and update mixer path: low-latency-playback speaker
08-05 17:08:05.482   512  2967 D audio_hw_primary: disable_snd_device: snd_device(2: speaker)
08-05 17:08:05.491   512  2967 I soundtrigger: audio_extn_sound_trigger_update_device_status: device 0x2 of type 0 for Event 0
08-05 17:08:05.536 31568 31579 I art     : Explicit concurrent mark sweep GC freed 1411(80KB) AllocSpace objects, 1(20KB) LOS objects, 30% free, 36MB/52MB, paused 518us total 83.249ms
08-05 17:08:05.560 31568 31579 I art     : Starting a blocking GC Explicit
08-05 17:08:05.631 31568 31579 I art     : Explicit concurrent mark sweep GC freed 574(38KB) AllocSpace objects, 0(0B) LOS objects, 30% free, 36MB/52MB, paused 480us total 70.958ms
08-05 17:08:05.655 31568 31579 I art     : Starting a blocking GC Explicit
08-05 17:08:05.727 31568 31579 I art     : Explicit concurrent mark sweep GC freed 3(96B) AllocSpace objects, 0(0B) LOS objects, 30% free, 36MB/52MB, paused 487us total 71.710ms
08-05 17:08:05.750 31568 31579 I art     : Starting a blocking GC Explicit
08-05 17:08:05.823 31568 31579 I art     : Explicit concurrent mark sweep GC freed 3(96B) AllocSpace objects, 0(0B) LOS objects, 30% free, 36MB/52MB, paused 475us total 72.223ms
08-05 17:08:05.847 31568 31579 I art     : Starting a blocking GC Explicit
08-05 17:08:05.908 31568 31579 I art     : Explicit concurrent mark sweep GC freed 3(96B) AllocSpace objects, 0(0B) LOS objects, 30% free, 36MB/52MB, paused 425us total 61.439ms
08-05 17:08:06.205 31568 32048 I art     : Starting a blocking GC Explicit
08-05 17:08:06.284 31568 32048 I art     : Explicit concurrent mark sweep GC freed 1293(75KB) AllocSpace objects, 1(20KB) LOS objects, 30% free, 36MB/52MB, paused 466us total 77.956ms
08-05 17:08:06.307 31568 32048 I art     : Starting a blocking GC Explicit
08-05 17:08:06.375 31568 32048 I art     : Explicit concurrent mark sweep GC freed 32(1072B) AllocSpace objects, 0(0B) LOS objects, 30% free, 36MB/52MB, paused 467us total 68.254ms
08-05 17:08:06.398 31568 32048 I art     : Starting a blocking GC Explicit
08-05 17:08:06.462 31568 32048 I art     : Explicit concurrent mark sweep GC freed 3(96B) AllocSpace objects, 0(0B) LOS objects, 30% free, 36MB/52MB, paused 470us total 64.343ms
08-05 17:08:06.487 31568 32048 I art     : Starting a blocking GC Explicit
08-05 17:08:06.560 31568 32048 I art     : Explicit concurrent mark sweep GC freed 3(96B) AllocSpace objects, 0(0B) LOS objects, 30% free, 36MB/52MB, paused 497us total 72.700ms
08-05 17:08:06.583 31568 32048 I art     : Starting a blocking GC Explicit
08-05 17:08:06.646 32439 32439 D AndroidRuntime: >>>>>> START com.android.internal.os.RuntimeInit uid 2000 <<<<<<
08-05 17:08:06.652 32439 32439 D AndroidRuntime: CheckJNI is OFF
08-05 17:08:06.657 31568 32048 I art     : Explicit concurrent mark sweep GC freed 3(96B) AllocSpace objects, 0(0B) LOS objects, 30% free, 36MB/52MB, paused 499us total 73.465ms
08-05 17:08:06.700 32439 32439 D ICU     : No timezone override file found: /data/misc/zoneinfo/current/icu/icu_tzdata.dat
08-05 17:08:06.744 32439 32439 I Radio-JNI: register_android_hardware_Radio DONE
08-05 17:08:06.773 32439 32439 D AndroidRuntime: Calling main entry com.android.commands.input.Input
08-05 17:08:06.775 32439 32439 I Input   : injectMotionEvent: MotionEvent { action=ACTION_DOWN, actionButton=0, id[0]=0, x[0]=481.0, y[0]=544.0, toolType[0]=TOOL_TYPE_UNKNOWN, buttonState=0, metaState=0, flags=0x0, edgeFlags=0x0, pointerCount=1, historySize=0, eventTime=810503187, downTime=810503187, deviceId=0, source=0x1002 }
08-05 17:08:06.782 32439 32439 I Input   : injectMotionEvent: MotionEvent { action=ACTION_UP, actionButton=0, id[0]=0, x[0]=481.0, y[0]=544.0, toolType[0]=TOOL_TYPE_UNKNOWN, buttonState=0, metaState=0, flags=0x0, edgeFlags=0x0, pointerCount=1, historySize=0, eventTime=810503187, downTime=810503187, deviceId=0, source=0x1002 }
08-05 17:08:06.783 32439 32439 D AndroidRuntime: Shutting down VM
08-05 17:08:06.973 31568 31580 I art     : Starting a blocking GC Explicit
08-05 17:08:07.043 31568 31580 I art     : Explicit concurrent mark sweep GC freed 2068(108KB) AllocSpace objects, 1(20KB) LOS objects, 30% free, 36MB/52MB, paused 455us total 69.767ms
08-05 17:08:07.066 31568 31580 I art     : Starting a blocking GC Explicit
08-05 17:08:07.131 31568 31580 I art     : Explicit concurrent mark sweep GC freed 364(17KB) AllocSpace objects, 0(0B) LOS objects, 30% free, 36MB/52MB, paused 696us total 64.238ms
08-05 17:08:07.152 31568 31580 I art     : Starting a blocking GC Explicit
08-05 17:08:07.214 31568 31580 I art     : Explicit concurrent mark sweep GC freed 11(384B) AllocSpace objects, 0(0B) LOS objects, 30% free, 36MB/52MB, paused 459us total 61.375ms
08-05 17:08:07.235 31568 31580 I art     : Starting a blocking GC Explicit
08-05 17:08:07.297 31568 31580 I art     : Explicit concurrent mark sweep GC freed 24(1072B) AllocSpace objects, 0(0B) LOS objects, 30% free, 36MB/52MB, paused 518us total 61.359ms
08-05 17:08:07.321 31568 31580 I art     : Starting a blocking GC Explicit
08-05 17:08:07.383 31568 31580 I art     : Explicit concurrent mark sweep GC freed 17(544B) AllocSpace objects, 0(0B) LOS objects, 30% free, 36MB/52MB, paused 416us total 62.527ms
08-05 17:08:07.711 31568 32048 I art     : Starting a blocking GC Explicit
08-05 17:08:07.810 31568 32048 I art     : Explicit concurrent mark sweep GC freed 1347(77KB) AllocSpace objects, 1(20KB) LOS objects, 30% free, 36MB/52MB, paused 508us total 98.882ms
08-05 17:08:07.835 31568 32048 I art     : Starting a blocking GC Explicit
08-05 17:08:07.903 31568 32048 I art     : Explicit concurrent mark sweep GC freed 18(624B) AllocSpace objects, 0(0B) LOS objects, 30% free, 36MB/52MB, paused 459us total 67.323ms
08-05 17:08:07.926 31568 32048 I art     : Starting a blocking GC Explicit
08-05 17:08:07.999 31568 32048 I art     : Explicit concurrent mark sweep GC freed 3(96B) AllocSpace objects, 0(0B) LOS objects, 30% free, 36MB/52MB, paused 478us total 73.166ms
08-05 17:08:08.023 31568 32048 I art     : Starting a blocking GC Explicit
08-05 17:08:08.086 31568 32048 I art     : Explicit concurrent mark sweep GC freed 3(96B) AllocSpace objects, 0(0B) LOS objects, 30% free, 36MB/52MB, paused 467us total 61.980ms
08-05 17:08:08.108 31568 32048 I art     : Starting a blocking GC Explicit
08-05 17:08:08.175 31568 32048 I art     : Explicit concurrent mark sweep GC freed 3(96B) AllocSpace objects, 0(0B) LOS objects, 30% free, 36MB/52MB, paused 465us total 66.721ms
08-05 17:08:08.502 31568 31589 I art     : Starting a blocking GC Explicit
08-05 17:08:08.554 32480 32480 D AndroidRuntime: >>>>>> START com.android.internal.os.RuntimeInit uid 2000 <<<<<<
08-05 17:08:08.559 32480 32480 D AndroidRuntime: CheckJNI is OFF
08-05 17:08:08.565 31568 31589 I art     : Explicit concurrent mark sweep GC freed 1306(75KB) AllocSpace objects, 1(20KB) LOS objects, 30% free, 36MB/52MB, paused 492us total 62.765ms
08-05 17:08:08.587 31568 31589 I art     : Starting a blocking GC Explicit
08-05 17:08:08.602 32480 32480 D ICU     : No timezone override file found: /data/misc/zoneinfo/current/icu/icu_tzdata.dat
08-05 17:08:08.646 32480 32480 I Radio-JNI: register_android_hardware_Radio DONE
08-05 17:08:08.652 31568 31589 I art     : Explicit concurrent mark sweep GC freed 28(944B) AllocSpace objects, 0(0B) LOS objects, 30% free, 36MB/52MB, paused 460us total 64.830ms
08-05 17:08:08.674 31568 31589 I art     : Starting a blocking GC Explicit
08-05 17:08:08.676 32480 32480 D AndroidRuntime: Calling main entry com.android.commands.input.Input
08-05 17:08:08.678 32480 32480 I Input   : injectMotionEvent: MotionEvent { action=ACTION_DOWN, actionButton=0, id[0]=0, x[0]=310.0, y[0]=906.0, toolType[0]=TOOL_TYPE_UNKNOWN, buttonState=0, metaState=0, flags=0x0, edgeFlags=0x0, pointerCount=1, historySize=0, eventTime=810505090, downTime=810505090, deviceId=0, source=0x1002 }
08-05 17:08:08.687 32480 32480 I Input   : injectMotionEvent: MotionEvent { action=ACTION_UP, actionButton=0, id[0]=0, x[0]=310.0, y[0]=906.0, toolType[0]=TOOL_TYPE_UNKNOWN, buttonState=0, metaState=0, flags=0x0, edgeFlags=0x0, pointerCount=1, historySize=0, eventTime=810505090, downTime=810505090, deviceId=0, source=0x1002 }
08-05 17:08:08.689 32480 32480 D AndroidRuntime: Shutting down VM
08-05 17:08:08.740 31568 31589 I art     : Explicit concurrent mark sweep GC freed 27(976B) AllocSpace objects, 0(0B) LOS objects, 30% free, 36MB/52MB, paused 487us total 65.848ms
08-05 17:08:08.755   512  2967 D audio_hw_primary: out_set_parameters: enter: usecase(1: low-latency-playback) kvpairs: routing=2
08-05 17:08:08.761 31568 31589 I art     : Starting a blocking GC Explicit
08-05 17:08:08.767 13866 13866 I GoogleInputMethodServic: GoogleInputMethodService.onFinishInput():3138 
08-05 17:08:08.768 13866 13866 I GoogleInputMethodServic: GoogleInputMethodService.onStartInput():1808 
08-05 17:08:08.769   512  2967 D audio_hw_primary: select_devices: out_snd_device(2: speaker) in_snd_device(0: none)
08-05 17:08:08.769   512  2967 D msm8974_platform: platform_send_audio_calibration: sending audio calibration for snd_device(2) acdb_id(15)
08-05 17:08:08.769   512  2967 I soundtrigger: audio_extn_sound_trigger_update_device_status: device 0x2 of type 0 for Event 1
08-05 17:08:08.781 13866 13866 I GoogleInputMethodServic: GoogleInputMethodService.onFinishInput():3138 
08-05 17:08:08.782 13866 13866 I GoogleInputMethodServic: GoogleInputMethodService.onStartInput():1808 
08-05 17:08:08.783   512  2967 D audio_hw_primary: enable_snd_device: snd_device(2: speaker)
08-05 17:08:08.788   512  2967 D audio_hw_primary: enable_audio_route: apply and update mixer path: low-latency-playback speaker
08-05 17:08:08.829 31568 31589 I art     : Explicit concurrent mark sweep GC freed 651(32KB) AllocSpace objects, 0(0B) LOS objects, 30% free, 36MB/52MB, paused 840us total 67.515ms
08-05 17:08:08.850 31568 31589 I art     : Starting a blocking GC Explicit
08-05 17:08:08.874   918  3261 D WifiStateMachine: starting scan for "H369AA63323"WPA_PSK with 2412,5180
08-05 17:08:08.913 31568 31589 I art     : Explicit concurrent mark sweep GC freed 265(11KB) AllocSpace objects, 0(0B) LOS objects, 30% free, 36MB/52MB, paused 491us total 62.456ms
08-05 17:08:08.983   918   927 I art     : Background partial concurrent mark sweep GC freed 95052(10MB) AllocSpace objects, 145(2MB) LOS objects, 18% free, 69MB/85MB, paused 1.970ms total 226.685ms
08-05 17:08:09.097 31568 31583 D OpenGLRenderer: endAllStagingAnimators on 0x7f99f2d000 (ListPopupWindow$DropDownListView) with handle 0x7f7e932b80
08-05 17:08:09.211 31568 31580 I art     : Starting a blocking GC Explicit
08-05 17:08:09.286 31568 31580 I art     : Explicit concurrent mark sweep GC freed 2156(143KB) AllocSpace objects, 1(20KB) LOS objects, 30% free, 36MB/52MB, paused 492us total 74.721ms
08-05 17:08:09.309 31568 31580 I art     : Starting a blocking GC Explicit
08-05 17:08:09.330   512  2967 D audio_hw_primary: disable_audio_route: reset and update mixer path: low-latency-playback speaker
08-05 17:08:09.331   512  2967 D audio_hw_primary: disable_snd_device: snd_device(2: speaker)
08-05 17:08:09.340   512  2967 I soundtrigger: audio_extn_sound_trigger_update_device_status: device 0x2 of type 0 for Event 0
08-05 17:08:09.381 31568 31580 I art     : Explicit concurrent mark sweep GC freed 538(33KB) AllocSpace objects, 0(0B) LOS objects, 30% free, 36MB/52MB, paused 488us total 71.311ms
08-05 17:08:09.404 31568 31580 I art     : Starting a blocking GC Explicit
08-05 17:08:09.477 31568 31580 I art     : Explicit concurrent mark sweep GC freed 3(96B) AllocSpace objects, 0(0B) LOS objects, 30% free, 36MB/52MB, paused 519us total 72.090ms
08-05 17:08:09.500 31568 31580 I art     : Starting a blocking GC Explicit
08-05 17:08:09.571 31568 31580 I art     : Explicit concurrent mark sweep GC freed 3(96B) AllocSpace objects, 0(0B) LOS objects, 30% free, 36MB/52MB, paused 473us total 71.444ms
08-05 17:08:09.596 31568 31580 I art     : Starting a blocking GC Explicit
08-05 17:08:09.668 31568 31580 I art     : Explicit concurrent mark sweep GC freed 3(96B) AllocSpace objects, 0(0B) LOS objects, 30% free, 36MB/52MB, paused 491us total 72.554ms
08-05 17:08:10.003 31568 31589 I art     : Starting a blocking GC Explicit
08-05 17:08:10.083 31568 31589 I art     : Explicit concurrent mark sweep GC freed 1294(75KB) AllocSpace objects, 1(20KB) LOS objects, 30% free, 36MB/52MB, paused 476us total 79.839ms
08-05 17:08:10.106 31568 31589 I art     : Starting a blocking GC Explicit
08-05 17:08:10.175 31568 31589 I art     : Explicit concurrent mark sweep GC freed 18(624B) AllocSpace objects, 0(0B) LOS objects, 30% free, 36MB/52MB, paused 475us total 68.712ms
08-05 17:08:10.198 31568 31589 I art     : Starting a blocking GC Explicit
08-05 17:08:10.262 31568 31589 I art     : Explicit concurrent mark sweep GC freed 3(96B) AllocSpace objects, 0(0B) LOS objects, 30% free, 36MB/52MB, paused 489us total 64.114ms
08-05 17:08:10.286 31568 31589 I art     : Starting a blocking GC Explicit
08-05 17:08:10.359 31568 31589 I art     : Explicit concurrent mark sweep GC freed 3(96B) AllocSpace objects, 0(0B) LOS objects, 30% free, 36MB/52MB, paused 502us total 73.123ms
08-05 17:08:10.383 31568 31589 I art     : Starting a blocking GC Explicit
08-05 17:08:10.457 31568 31589 I art     : Explicit concurrent mark sweep GC freed 3(96B) AllocSpace objects, 0(0B) LOS objects, 30% free, 36MB/52MB, paused 479us total 73.797ms
08-05 17:08:10.489 32525 32525 D AndroidRuntime: >>>>>> START com.android.internal.os.RuntimeInit uid 2000 <<<<<<
08-05 17:08:10.496 32525 32525 D AndroidRuntime: CheckJNI is OFF
08-05 17:08:10.540 32525 32525 D ICU     : No timezone override file found: /data/misc/zoneinfo/current/icu/icu_tzdata.dat
08-05 17:08:10.588 32525 32525 I Radio-JNI: register_android_hardware_Radio DONE
08-05 17:08:10.618 32525 32525 D AndroidRuntime: Calling main entry com.android.commands.input.Input
08-05 17:08:10.621 32525 32525 I Input   : injectMotionEvent: MotionEvent { action=ACTION_DOWN, actionButton=0, id[0]=0, x[0]=648.0, y[0]=709.0, toolType[0]=TOOL_TYPE_UNKNOWN, buttonState=0, metaState=0, flags=0x0, edgeFlags=0x0, pointerCount=1, historySize=0, eventTime=810507033, downTime=810507033, deviceId=0, source=0x1002 }
08-05 17:08:10.628 32525 32525 I Input   : injectMotionEvent: MotionEvent { action=ACTION_UP, actionButton=0, id[0]=0, x[0]=648.0, y[0]=709.0, toolType[0]=TOOL_TYPE_UNKNOWN, buttonState=0, metaState=0, flags=0x0, edgeFlags=0x0, pointerCount=1, historySize=0, eventTime=810507033, downTime=810507033, deviceId=0, source=0x1002 }
08-05 17:08:10.630 32525 32525 D AndroidRuntime: Shutting down VM
08-05 17:08:10.695   512  2967 D audio_hw_primary: out_set_parameters: enter: usecase(1: low-latency-playback) kvpairs: routing=2
08-05 17:08:10.709   512  2967 D audio_hw_primary: select_devices: out_snd_device(2: speaker) in_snd_device(0: none)
08-05 17:08:10.709   512  2967 D msm8974_platform: platform_send_audio_calibration: sending audio calibration for snd_device(2) acdb_id(15)
08-05 17:08:10.709   512  2967 I soundtrigger: audio_extn_sound_trigger_update_device_status: device 0x2 of type 0 for Event 1
08-05 17:08:10.719   512  2967 D audio_hw_primary: enable_snd_device: snd_device(2: speaker)
08-05 17:08:10.721   512  2967 D audio_hw_primary: enable_audio_route: apply and update mixer path: low-latency-playback speaker
08-05 17:08:10.793 31568 31580 I art     : Starting a blocking GC Explicit
08-05 17:08:10.876 31568 31580 I art     : Explicit concurrent mark sweep GC freed 2068(133KB) AllocSpace objects, 2(40KB) LOS objects, 30% free, 36MB/52MB, paused 478us total 82.320ms
08-05 17:08:10.903 31568 31580 I art     : Starting a blocking GC Explicit
08-05 17:08:10.978 31568 31580 I art     : Explicit concurrent mark sweep GC freed 149(6KB) AllocSpace objects, 0(0B) LOS objects, 30% free, 36MB/52MB, paused 569us total 74.780ms
08-05 17:08:11.007 31568 31580 I art     : Starting a blocking GC Explicit
08-05 17:08:11.092 31568 31580 I art     : Explicit concurrent mark sweep GC freed 3(96B) AllocSpace objects, 0(0B) LOS objects, 30% free, 36MB/52MB, paused 458us total 84.675ms
08-05 17:08:11.120 31568 31580 I art     : Starting a blocking GC Explicit
08-05 17:08:11.193 31568 31580 I art     : Explicit concurrent mark sweep GC freed 9(320B) AllocSpace objects, 0(0B) LOS objects, 30% free, 36MB/52MB, paused 467us total 72.617ms
08-05 17:08:11.222 31568 31580 I art     : Starting a blocking GC Explicit
08-05 17:08:11.269   512  2967 D audio_hw_primary: disable_audio_route: reset and update mixer path: low-latency-playback speaker
08-05 17:08:11.271   512  2967 D audio_hw_primary: disable_snd_device: snd_device(2: speaker)
08-05 17:08:11.280   512  2967 I soundtrigger: audio_extn_sound_trigger_update_device_status: device 0x2 of type 0 for Event 0
08-05 17:08:11.306 31568 31580 I art     : Explicit concurrent mark sweep GC freed 5(160B) AllocSpace objects, 0(0B) LOS objects, 30% free, 36MB/52MB, paused 429us total 83.625ms
08-05 17:08:11.631 31568 32048 I art     : Starting a blocking GC Explicit
08-05 17:08:11.713 31568 32048 I art     : Explicit concurrent mark sweep GC freed 1293(75KB) AllocSpace objects, 1(20KB) LOS objects, 30% free, 36MB/52MB, paused 491us total 81.325ms
08-05 17:08:11.736 31568 32048 I art     : Starting a blocking GC Explicit
08-05 17:08:11.808 31568 32048 I art     : Explicit concurrent mark sweep GC freed 22(752B) AllocSpace objects, 0(0B) LOS objects, 30% free, 36MB/52MB, paused 478us total 71.762ms
08-05 17:08:11.832 31568 32048 I art     : Starting a blocking GC Explicit
08-05 17:08:11.903 31568 32048 I art     : Explicit concurrent mark sweep GC freed 3(96B) AllocSpace objects, 0(0B) LOS objects, 30% free, 36MB/52MB, paused 479us total 70.697ms
08-05 17:08:11.926 31568 32048 I art     : Starting a blocking GC Explicit
08-05 17:08:11.994 31568 32048 I art     : Explicit concurrent mark sweep GC freed 3(96B) AllocSpace objects, 0(0B) LOS objects, 30% free, 36MB/52MB, paused 486us total 68.205ms
08-05 17:08:12.017 31568 32048 I art     : Starting a blocking GC Explicit
08-05 17:08:12.086 31568 32048 I art     : Explicit concurrent mark sweep GC freed 3(96B) AllocSpace objects, 0(0B) LOS objects, 30% free, 36MB/52MB, paused 471us total 68.642ms
08-05 17:08:12.264   518   646 I ThermalEngine: ACTION: GPU - Setting GPU[0] to 390000000
08-05 17:08:12.447 31568 32048 I art     : Starting a blocking GC Explicit
08-05 17:08:12.486 32558 32558 D AndroidRuntime: >>>>>> START com.android.internal.os.RuntimeInit uid 2000 <<<<<<
08-05 17:08:12.494 32558 32558 D AndroidRuntime: CheckJNI is OFF
08-05 17:08:12.575 32558 32558 D ICU     : No timezone override file found: /data/misc/zoneinfo/current/icu/icu_tzdata.dat
08-05 17:08:12.579 31568 32048 I art     : Explicit concurrent mark sweep GC freed 1321(76KB) AllocSpace objects, 1(20KB) LOS objects, 30% free, 36MB/52MB, paused 727us total 131.246ms
08-05 17:08:12.629 31568 32048 I art     : Starting a blocking GC Explicit
08-05 17:08:12.632 32558 32558 I Radio-JNI: register_android_hardware_Radio DONE
08-05 17:08:12.667 32558 32558 D AndroidRuntime: Calling main entry com.android.commands.input.Input
08-05 17:08:12.669 32558 32558 I Input   : injectMotionEvent: MotionEvent { action=ACTION_DOWN, actionButton=0, id[0]=0, x[0]=1197.0, y[0]=1456.0, toolType[0]=TOOL_TYPE_UNKNOWN, buttonState=0, metaState=0, flags=0x0, edgeFlags=0x0, pointerCount=1, historySize=0, eventTime=810509082, downTime=810509082, deviceId=0, source=0x1002 }
08-05 17:08:12.674 32558 32558 I Input   : injectMotionEvent: MotionEvent { action=ACTION_UP, actionButton=0, id[0]=0, x[0]=1197.0, y[0]=1456.0, toolType[0]=TOOL_TYPE_UNKNOWN, buttonState=0, metaState=0, flags=0x0, edgeFlags=0x0, pointerCount=1, historySize=0, eventTime=810509082, downTime=810509082, deviceId=0, source=0x1002 }
08-05 17:08:12.676 32558 32558 D AndroidRuntime: Shutting down VM
08-05 17:08:12.689   512  2967 D audio_hw_primary: out_set_parameters: enter: usecase(1: low-latency-playback) kvpairs: routing=2
08-05 17:08:12.702 31568 31568 I SettingsManager: Setting string: savedCourse
08-05 17:08:12.703   512  2967 D audio_hw_primary: select_devices: out_snd_device(2: speaker) in_snd_device(0: none)
08-05 17:08:12.703   512  2967 D msm8974_platform: platform_send_audio_calibration: sending audio calibration for snd_device(2) acdb_id(15)
08-05 17:08:12.703   512  2967 I soundtrigger: audio_extn_sound_trigger_update_device_status: device 0x2 of type 0 for Event 1
08-05 17:08:12.715   512  2967 D audio_hw_primary: enable_snd_device: snd_device(2: speaker)
08-05 17:08:12.718   512  2967 D audio_hw_primary: enable_audio_route: apply and update mixer path: low-latency-playback speaker
08-05 17:08:12.730   918  3670 W BackupManagerService: dataChanged but no participant pkg='baseline.com.ak.uobtimetable' uid=10684
08-05 17:08:12.739   918  6111 I ActivityManager: START u0 {flg=0x4000000 cmp=baseline.com.ak.uobtimetable/.MainActivity (has extras)} from uid 10684 on display 0
08-05 17:08:12.744 31568 32048 I art     : Explicit concurrent mark sweep GC freed 2183(111KB) AllocSpace objects, 1(20KB) LOS objects, 30% free, 36MB/52MB, paused 1.250ms total 115.286ms
08-05 17:08:12.759   918  5481 W InputMethodManagerService: Focus gain on non-focused client com.android.internal.view.IInputMethodClient$Stub$Proxy@863227c (uid=10684 pid=31568)
08-05 17:08:12.786 31568 31568 D MainActivity: OnDestroy
08-05 17:08:12.792 31568 32048 I art     : Starting a blocking GC Explicit
08-05 17:08:12.824 31568 31568 D MainActivity: onCreate
08-05 17:08:12.824 31568 31568 I SettingsManager: Getting string: savedSessions
08-05 17:08:12.824 31568 31568 I SettingsManager: Getting string: savedSessions
08-05 17:08:12.837 31568 31568 I SettingsManager: Getting string: savedSessionsCourseName
08-05 17:08:12.838 31568 31568 I SettingsManager: Getting string: savedSessionsCourseName
08-05 17:08:12.838 31568 31568 I SettingsManager: Getting string: savedSessionsDateRange
08-05 17:08:12.838 31568 31568 I SettingsManager: Getting string: savedSessionsDateRange
08-05 17:08:12.838 31568 31568 I Settings: 10 saved sessions - Bedfordshire International and EU Foundation Year - Int Foun - Ltn - Y0 Feb FT - Weeks: 24-38 (8 Jun 2020-20 Sep 2020)
08-05 17:08:12.879 31568 31568 I SettingsManager: Getting string: savedCourse
08-05 17:08:12.880 31568 31568 D MainActivity: sessionListFragmentArg: updateSessions
08-05 17:08:12.880 31568 31568 D MainActivity: showTermDatesConfigChange: false
08-05 17:08:12.881 31568 31568 D MainActivity: showTermDatesShortcut: false
08-05 17:08:12.882 31568 31568 D MainActivity: Setting initial fragment: SessionListsFragment
08-05 17:08:12.883 31568 31568 I SettingsManager: Getting int: launchCount
08-05 17:08:12.884 31568 31568 D SessionListsFragment: onCreateView
08-05 17:08:12.891 31568 31568 I SettingsManager: Getting string: savedCourse
08-05 17:08:12.897 31568 31568 I SettingsManager: Getting string: savedSessions
08-05 17:08:12.906 31568 32048 I art     : Explicit concurrent mark sweep GC freed 11537(543KB) AllocSpace objects, 2(1340KB) LOS objects, 30% free, 37MB/53MB, paused 1.921ms total 113.660ms
08-05 17:08:12.915 31568 31568 D SessionListsFragment: loadArgument: updateSessions
08-05 17:08:12.915 31568 31568 D SessionListsFragment: initialIndex: -1
08-05 17:08:12.921 31568 32583 D HTTP    : Request for: https://uob-timetable-api.adriankeenan.co.uk/sessions?dept=CM010&course=BSAIFAAF%2F02AA%2F0%2FFT&level=Foundation+Year
08-05 17:08:12.941 31568 31568 D TermDatesFragment: WebView loaded
08-05 17:08:12.941 31568 31568 D MainActivity: OnResume
08-05 17:08:12.942 31568 32048 I art     : Starting a blocking GC Explicit
08-05 17:08:12.954 31568 31568 I TermDatesFragment: Webview load %: 10
08-05 17:08:13.041 31568 32048 I art     : Explicit concurrent mark sweep GC freed 6917(324KB) AllocSpace objects, 0(0B) LOS objects, 30% free, 37MB/53MB, paused 1.481ms total 98.858ms
08-05 17:08:13.082 31568 32048 I art     : Starting a blocking GC Explicit
08-05 17:08:13.090   918   936 I ActivityManager: Displayed baseline.com.ak.uobtimetable/.MainActivity: +327ms
08-05 17:08:13.116 13866 13866 I GoogleInputMethodServic: GoogleInputMethodService.onFinishInput():3138 
08-05 17:08:13.135 13866 13866 I GoogleInputMethodServic: GoogleInputMethodService.onStartInput():1808 
08-05 17:08:13.173 31568 31568 I TermDatesFragment: Webview load %: 70
08-05 17:08:13.185 31568 32048 I art     : Explicit concurrent mark sweep GC freed 29913(1384KB) AllocSpace objects, 4(228KB) LOS objects, 30% free, 36MB/52MB, paused 1.372ms total 101.360ms
08-05 17:08:13.190 31568 31568 I TermDatesFragment: Webview load %: 100
08-05 17:08:13.191 31568 31568 I TermDatesFragment: Webview load %: 100
08-05 17:08:13.198 31568 32583 I NAPPA_EXPERIMENTATION: MetricNetworkRequestExecutionTime: REQUEST_DURATION_SYSTEM='276',REQUEST_DURATION_OKHTTP='48',REQUEST_SYNCHRONOUS='TRUE',RESPONSE_CODE='200',RESPONSE_METHOD='GET',RESPONSE_LENGTH_OKHTTP='-1',RESPONSE_LENGTH_HEADER='1214',REQUEST_PROTOCOL='http/1.1',REQUEST_URL='https://uob-timetable-api.adriankeenan.co.uk/sessions?dept=CM010&course=BSAIFAAF%2F02AA%2F0%2FFT&level=Foundation+Year',
08-05 17:08:13.200 31568 32583 I HTTP    : Response was compressed.
08-05 17:08:13.216 31568 32583 I Service : getSessions response time: 1.10
08-05 17:08:13.216 31568 31568 I SettingsManager: Getting string: savedSessions
08-05 17:08:13.217 31568 31568 I SettingsManager: Getting string: savedSessions
08-05 17:08:13.231 31568 31568 I Service : Sessions updated: 10
08-05 17:08:13.231 31568 31568 I Service : Sessions removed from new list: 0
08-05 17:08:13.245 31568 31568 I SettingsManager: Setting string: savedSessions
08-05 17:08:13.253   918  6110 W BackupManagerService: dataChanged but no participant pkg='baseline.com.ak.uobtimetable' uid=10684
08-05 17:08:13.254 31568 31568 I SettingsManager: Setting date: savedSessionsTime
08-05 17:08:13.258   512  2967 D audio_hw_primary: disable_audio_route: reset and update mixer path: low-latency-playback speaker
08-05 17:08:13.259   512  2967 D audio_hw_primary: disable_snd_device: snd_device(2: speaker)
08-05 17:08:13.262   918  5952 W BackupManagerService: dataChanged but no participant pkg='baseline.com.ak.uobtimetable' uid=10684
08-05 17:08:13.262 31568 31568 I SettingsManager: Setting string: savedSessionsCourseName
08-05 17:08:13.268   512  2967 I soundtrigger: audio_extn_sound_trigger_update_device_status: device 0x2 of type 0 for Event 0
08-05 17:08:13.271   918  4400 W BackupManagerService: dataChanged but no participant pkg='baseline.com.ak.uobtimetable' uid=10684
08-05 17:08:13.271 31568 31568 I SettingsManager: Setting string: savedSessionsDateRange
08-05 17:08:13.272   918  6111 W BackupManagerService: dataChanged but no participant pkg='baseline.com.ak.uobtimetable' uid=10684
08-05 17:08:13.272 31568 31568 I SettingsManager: Setting string: timetableUrl
08-05 17:08:13.273   918  5481 W BackupManagerService: dataChanged but no participant pkg='baseline.com.ak.uobtimetable' uid=10684
08-05 17:08:13.274 31568 31568 I SettingsManager: Getting boolean: notifySessionRemindersEnabled
08-05 17:08:13.274 31568 31568 I SettingsManager: Getting int: notifySessionRemindersMinutes
08-05 17:08:13.274 31568 31568 I SettingsManager: Getting boolean: showHiddenSessions
08-05 17:08:13.277 31568 31568 I SessionReminderNotifier: Created session reminder alarm for f7b4771250a919bd729c1c5a4a459c77 at Mon 08:30:00 10/08/20
08-05 17:08:13.280 31568 31568 I SessionReminderNotifier: Created session reminder alarm for a7f879aabdeb78622c8820a5fb7b64cd at Tue 08:30:00 11/08/20
08-05 17:08:13.282 31568 31568 I SessionReminderNotifier: Created session reminder alarm for 7bc8d7e2c2055711f597c3d9078c6ea3 at Tue 08:30:00 11/08/20
08-05 17:08:13.285 31568 31568 I SessionReminderNotifier: Created session reminder alarm for 53c0527a6f009a1f2fd223834d3bfe51 at Tue 10:30:00 11/08/20
08-05 17:08:13.290 31568 31568 I SessionReminderNotifier: Created session reminder alarm for e0fc978b5db8218778540b4053344581 at Tue 11:00:00 11/08/20
08-05 17:08:13.293 31568 31568 I SessionReminderNotifier: Created session reminder alarm for 199afb0100f329ff65a09e1b0cd9deba at Tue 11:30:00 11/08/20
08-05 17:08:13.296 31568 31568 I SessionReminderNotifier: Created session reminder alarm for 21712fef61090882c855a1425543edb5 at Tue 13:30:00 11/08/20
08-05 17:08:13.299 31568 31568 I SessionReminderNotifier: Created session reminder alarm for 65ca4d97f031f29a4d02bbb45a705d8f at Wed 08:30:00 12/08/20
08-05 17:08:13.302 31568 31568 I SessionReminderNotifier: Created session reminder alarm for eeda7741b0bcab58fd9f46dc6ef1d942 at Wed 08:30:00 12/08/20
08-05 17:08:13.307 31568 31568 I SessionReminderNotifier: Created session reminder alarm for c276c1b2075a0beb67f1b3d1e580f920 at Wed 11:00:00 12/08/20
08-05 17:08:13.310 31568 31568 I SessionReminderNotifier: Created session reminder alarm for 8b1f3627e42ae13a6f6ba0a83903dde1 at Wed 13:30:00 12/08/20
08-05 17:08:13.314 31568 31568 I SessionReminderNotifier: Created session reminder alarm for 79fe0b5c3b887a13ba29db5a33fa2800 at Thu 08:30:00 06/08/20
08-05 17:08:13.316 31568 31568 I SessionReminderNotifier: Created session reminder alarm for cb9dfc8231cdba2be0835dc5709690e1 at Thu 08:30:00 06/08/20
08-05 17:08:13.319 31568 31568 I SessionReminderNotifier: Created session reminder alarm for f850dc24d6de60b7b89fa9e1a8c224c5 at Thu 12:00:00 06/08/20
08-05 17:08:13.324 31568 31568 I SessionReminderNotifier: Created session reminder alarm for 2ba1034116e4fffdd592dbf0796a43d5 at Fri 08:30:00 07/08/20
08-05 17:08:13.324 31568 31568 I SettingsManager: Getting boolean: showHiddenSessions
08-05 17:08:13.324 31568 31568 D SessionListsFragment: 1 sessions for day 0
08-05 17:08:13.324 31568 31568 D SessionListsFragment: 6 sessions for day 1
08-05 17:08:13.324 31568 31568 D SessionListsFragment: 4 sessions for day 2
08-05 17:08:13.324 31568 31568 D SessionListsFragment: 3 sessions for day 3
08-05 17:08:13.324 31568 31568 D SessionListsFragment: 1 sessions for day 4
08-05 17:08:13.390 31568 31568 I SettingsManager: Getting boolean: showHiddenSessions
08-05 17:08:13.391 31568 31568 D SessionListsFragment: Refreshed ViewPager
08-05 17:08:13.391 31568 31568 I SettingsManager: Getting boolean: showHiddenSessions
08-05 17:08:13.392 31568 31568 I SettingsManager: Getting boolean: completedTutorial
08-05 17:08:13.392 31568 31568 I SettingsManager: Getting boolean: showHiddenSessions
08-05 17:08:13.392 31568 31568 I SettingsManager: Getting date: savedSessionsTime
08-05 17:08:13.436 31568 31580 I art     : Starting a blocking GC Explicit
08-05 17:08:13.551 31568 31580 I art     : Explicit concurrent mark sweep GC freed 66093(2MB) AllocSpace objects, 8(232KB) LOS objects, 30% free, 36MB/52MB, paused 1.884ms total 114.625ms
08-05 17:08:13.586 31568 31580 I art     : Starting a blocking GC Explicit
08-05 17:08:13.691 31568 31580 I art     : Explicit concurrent mark sweep GC freed 36120(1488KB) AllocSpace objects, 0(0B) LOS objects, 30% free, 36MB/52MB, paused 1.952ms total 104.883ms
08-05 17:08:13.691 31568 31578 I art     : WaitForGcToComplete blocked for 105.283ms for cause HeapTrim
08-05 17:08:13.728 31568 31580 I art     : Starting a blocking GC Explicit
08-05 17:08:13.837 31568 31580 I art     : Explicit concurrent mark sweep GC freed 37486(1539KB) AllocSpace objects, 0(0B) LOS objects, 30% free, 36MB/52MB, paused 1.903ms total 108.662ms
08-05 17:08:13.874 31568 31580 I art     : Starting a blocking GC Explicit
08-05 17:08:13.990 31568 31580 I art     : Explicit concurrent mark sweep GC freed 39180(1615KB) AllocSpace objects, 0(0B) LOS objects, 30% free, 37MB/53MB, paused 1.954ms total 115.868ms
08-05 17:08:14.029 31568 31580 I art     : Starting a blocking GC Explicit
08-05 17:08:14.145 31568 31580 I art     : Explicit concurrent mark sweep GC freed 43726(1811KB) AllocSpace objects, 0(0B) LOS objects, 29% free, 37MB/53MB, paused 1.970ms total 116.504ms
08-05 17:08:14.426 31568 31568 I Choreographer: Skipped 61 frames!  The application may be doing too much work on its main thread.
08-05 17:08:14.512 31568 31580 I art     : Starting a blocking GC Explicit
08-05 17:08:14.644 31568 31580 I art     : Explicit concurrent mark sweep GC freed 73353(2MB) AllocSpace objects, 1(20KB) LOS objects, 29% free, 37MB/53MB, paused 1.142ms total 131.054ms
08-05 17:08:14.684 31568 31580 I art     : Starting a blocking GC Explicit
08-05 17:08:14.749 31568 31580 I art     : Explicit concurrent mark sweep GC freed 123578(11MB) AllocSpace objects, 3(136KB) LOS objects, 37% free, 26MB/42MB, paused 680us total 64.734ms
08-05 17:08:14.772 31568 31580 I art     : Starting a blocking GC Explicit
08-05 17:08:14.821 31568 31580 I art     : Explicit concurrent mark sweep GC freed 57(2688B) AllocSpace objects, 0(0B) LOS objects, 37% free, 26MB/42MB, paused 731us total 49.168ms
08-05 17:08:14.844 31568 31580 I art     : Starting a blocking GC Explicit
08-05 17:08:14.899 31568 31580 I art     : Explicit concurrent mark sweep GC freed 3(96B) AllocSpace objects, 0(0B) LOS objects, 37% free, 26MB/42MB, paused 1.020ms total 54.962ms
08-05 17:08:14.929 31568 31580 I art     : Starting a blocking GC Explicit
08-05 17:08:14.983 31568 31580 I art     : Explicit concurrent mark sweep GC freed 16(608B) AllocSpace objects, 0(0B) LOS objects, 37% free, 26MB/42MB, paused 914us total 53.990ms
08-05 17:08:15.266   518   646 I ThermalEngine: ACTION: GPU - Setting GPU[0] to 450000000
08-05 17:08:15.333 31568 31579 I art     : Starting a blocking GC Explicit
08-05 17:08:15.378 31568 31579 I art     : Explicit concurrent mark sweep GC freed 1435(80KB) AllocSpace objects, 1(20KB) LOS objects, 37% free, 26MB/42MB, paused 570us total 44.922ms
08-05 17:08:15.397 31568 31579 I art     : Starting a blocking GC Explicit
08-05 17:08:15.443 31568 31579 I art     : Explicit concurrent mark sweep GC freed 18(624B) AllocSpace objects, 0(0B) LOS objects, 37% free, 26MB/42MB, paused 545us total 45.986ms
08-05 17:08:15.460 31568 31579 I art     : Starting a blocking GC Explicit
08-05 17:08:15.504 31568 31579 I art     : Explicit concurrent mark sweep GC freed 16(688B) AllocSpace objects, 0(0B) LOS objects, 37% free, 26MB/42MB, paused 502us total 43.542ms
08-05 17:08:15.520 31568 31579 I art     : Starting a blocking GC Explicit
08-05 17:08:15.567 31568 31579 I art     : Explicit concurrent mark sweep GC freed 8(256B) AllocSpace objects, 0(0B) LOS objects, 37% free, 26MB/42MB, paused 575us total 47.132ms
08-05 17:08:15.584 31568 31579 I art     : Starting a blocking GC Explicit
08-05 17:08:15.630 31568 31579 I art     : Explicit concurrent mark sweep GC freed 9(352B) AllocSpace objects, 0(0B) LOS objects, 37% free, 26MB/42MB, paused 471us total 46.091ms
08-05 17:08:15.999 31568 31580 I art     : Starting a blocking GC Explicit
08-05 17:08:16.049 31568 31580 I art     : Explicit concurrent mark sweep GC freed 1293(75KB) AllocSpace objects, 1(20KB) LOS objects, 37% free, 26MB/42MB, paused 525us total 49.742ms
08-05 17:08:16.065 31568 31580 I art     : Starting a blocking GC Explicit
08-05 17:08:16.112 31568 31580 I art     : Explicit concurrent mark sweep GC freed 18(624B) AllocSpace objects, 0(0B) LOS objects, 37% free, 26MB/42MB, paused 513us total 46.428ms
08-05 17:08:16.129 31568 31580 I art     : Starting a blocking GC Explicit
08-05 17:08:16.174 31568 31580 I art     : Explicit concurrent mark sweep GC freed 3(96B) AllocSpace objects, 0(0B) LOS objects, 37% free, 26MB/42MB, paused 513us total 44.963ms
08-05 17:08:16.190 31568 31580 I art     : Starting a blocking GC Explicit
08-05 17:08:16.238 31568 31580 I art     : Explicit concurrent mark sweep GC freed 3(96B) AllocSpace objects, 0(0B) LOS objects, 37% free, 26MB/42MB, paused 584us total 48.222ms
08-05 17:08:16.258 31568 31580 I art     : Starting a blocking GC Explicit
08-05 17:08:16.300 31568 31580 I art     : Explicit concurrent mark sweep GC freed 3(96B) AllocSpace objects, 0(0B) LOS objects, 37% free, 26MB/42MB, paused 510us total 42.016ms
08-05 17:08:16.400 29851 29851 I ServiceManager: Waiting for service AtCmdFwd...
08-05 17:08:16.659 31568 31589 I art     : Starting a blocking GC Explicit
08-05 17:08:16.718 31568 31589 I art     : Explicit concurrent mark sweep GC freed 1293(75KB) AllocSpace objects, 1(20KB) LOS objects, 37% free, 26MB/42MB, paused 565us total 57.970ms
08-05 17:08:16.736 31568 31589 I art     : Starting a blocking GC Explicit
08-05 17:08:16.783 31568 31589 I art     : Explicit concurrent mark sweep GC freed 18(624B) AllocSpace objects, 0(0B) LOS objects, 37% free, 26MB/42MB, paused 464us total 46.049ms
08-05 17:08:16.799 31568 31589 I art     : Starting a blocking GC Explicit
08-05 17:08:16.843 31568 31589 I art     : Explicit concurrent mark sweep GC freed 3(96B) AllocSpace objects, 0(0B) LOS objects, 37% free, 26MB/42MB, paused 505us total 43.532ms
08-05 17:08:16.859 31568 31589 I art     : Starting a blocking GC Explicit
08-05 17:08:16.907 31568 31589 I art     : Explicit concurrent mark sweep GC freed 3(96B) AllocSpace objects, 0(0B) LOS objects, 37% free, 26MB/42MB, paused 488us total 47.121ms
08-05 17:08:16.922 31568 31589 I art     : Starting a blocking GC Explicit
08-05 17:08:16.962 31568 31589 I art     : Explicit concurrent mark sweep GC freed 3(96B) AllocSpace objects, 0(0B) LOS objects, 37% free, 26MB/42MB, paused 466us total 39.142ms
08-05 17:08:17.280 31568 32048 I art     : Starting a blocking GC Explicit
08-05 17:08:17.325 31568 32048 I art     : Explicit concurrent mark sweep GC freed 1293(75KB) AllocSpace objects, 1(20KB) LOS objects, 37% free, 26MB/42MB, paused 497us total 44.246ms
08-05 17:08:17.341 31568 32048 I art     : Starting a blocking GC Explicit
08-05 17:08:17.385 31568 32048 I art     : Explicit concurrent mark sweep GC freed 18(624B) AllocSpace objects, 0(0B) LOS objects, 37% free, 26MB/42MB, paused 523us total 44.285ms
08-05 17:08:17.400 29851 29851 I ServiceManager: Waiting for service AtCmdFwd...
08-05 17:08:17.401 31568 32048 I art     : Starting a blocking GC Explicit
08-05 17:08:17.445 31568 32048 I art     : Explicit concurrent mark sweep GC freed 13(448B) AllocSpace objects, 0(0B) LOS objects, 37% free, 26MB/42MB, paused 501us total 43.513ms
08-05 17:08:17.461 31568 32048 I art     : Starting a blocking GC Explicit
08-05 17:08:17.483 32637 32637 D AndroidRuntime: >>>>>> START com.android.internal.os.RuntimeInit uid 2000 <<<<<<
08-05 17:08:17.490 32637 32637 D AndroidRuntime: CheckJNI is OFF
08-05 17:08:17.505 31568 32048 I art     : Explicit concurrent mark sweep GC freed 6(368B) AllocSpace objects, 0(0B) LOS objects, 37% free, 26MB/42MB, paused 520us total 44.430ms
08-05 17:08:17.521 31568 32048 I art     : Starting a blocking GC Explicit
08-05 17:08:17.537 32637 32637 D ICU     : No timezone override file found: /data/misc/zoneinfo/current/icu/icu_tzdata.dat
08-05 17:08:17.562 31568 32048 I art     : Explicit concurrent mark sweep GC freed 3(96B) AllocSpace objects, 0(0B) LOS objects, 37% free, 26MB/42MB, paused 507us total 40.840ms
08-05 17:08:17.583 32637 32637 I Radio-JNI: register_android_hardware_Radio DONE
08-05 17:08:17.611 32637 32637 D AndroidRuntime: Calling main entry com.android.commands.input.Input
08-05 17:08:17.614 32637 32637 I Input   : injectMotionEvent: MotionEvent { action=ACTION_DOWN, actionButton=0, id[0]=0, x[0]=81.0, y[0]=176.0, toolType[0]=TOOL_TYPE_UNKNOWN, buttonState=0, metaState=0, flags=0x0, edgeFlags=0x0, pointerCount=1, historySize=0, eventTime=810514026, downTime=810514026, deviceId=0, source=0x1002 }
08-05 17:08:17.621 32637 32637 I Input   : injectMotionEvent: MotionEvent { action=ACTION_UP, actionButton=0, id[0]=0, x[0]=81.0, y[0]=176.0, toolType[0]=TOOL_TYPE_UNKNOWN, buttonState=0, metaState=0, flags=0x0, edgeFlags=0x0, pointerCount=1, historySize=0, eventTime=810514026, downTime=810514026, deviceId=0, source=0x1002 }
08-05 17:08:17.625 32637 32637 D AndroidRuntime: Shutting down VM
08-05 17:08:17.642   512  2967 D audio_hw_primary: out_set_parameters: enter: usecase(1: low-latency-playback) kvpairs: routing=2
08-05 17:08:17.655   512  2967 D audio_hw_primary: select_devices: out_snd_device(2: speaker) in_snd_device(0: none)
08-05 17:08:17.655   512  2967 D msm8974_platform: platform_send_audio_calibration: sending audio calibration for snd_device(2) acdb_id(15)
08-05 17:08:17.655   512  2967 I soundtrigger: audio_extn_sound_trigger_update_device_status: device 0x2 of type 0 for Event 1
08-05 17:08:17.665   512  2967 D audio_hw_primary: enable_snd_device: snd_device(2: speaker)
08-05 17:08:17.668   512  2967 D audio_hw_primary: enable_audio_route: apply and update mixer path: low-latency-playback speaker
08-05 17:08:17.675 13866 13866 I GoogleInputMethodServic: GoogleInputMethodService.onFinishInput():3138 
08-05 17:08:17.675 13866 13866 I GoogleInputMethodServic: GoogleInputMethodService.onStartInput():1808 
08-05 17:08:17.866 31568 31580 I art     : Starting a blocking GC Explicit
08-05 17:08:17.909 31568 31580 I art     : Explicit concurrent mark sweep GC freed 1520(84KB) AllocSpace objects, 1(20KB) LOS objects, 37% free, 26MB/42MB, paused 548us total 41.863ms
08-05 17:08:17.924 31568 31580 I art     : Starting a blocking GC Explicit
08-05 17:08:17.965 31568 31580 I art     : Explicit concurrent mark sweep GC freed 172(11KB) AllocSpace objects, 0(0B) LOS objects, 37% free, 26MB/42MB, paused 446us total 40.603ms
08-05 17:08:17.981 31568 31580 I art     : Starting a blocking GC Explicit
08-05 17:08:18.018 31568 31580 I art     : Explicit concurrent mark sweep GC freed 3(96B) AllocSpace objects, 0(0B) LOS objects, 37% free, 26MB/42MB, paused 489us total 36.404ms
08-05 17:08:18.032 31568 31580 I art     : Starting a blocking GC Explicit
08-05 17:08:18.069 31568 31580 I art     : Explicit concurrent mark sweep GC freed 3(96B) AllocSpace objects, 0(0B) LOS objects, 37% free, 26MB/42MB, paused 442us total 36.367ms
08-05 17:08:18.083 31568 31580 I art     : Starting a blocking GC Explicit
08-05 17:08:18.123 31568 31580 I art     : Explicit concurrent mark sweep GC freed 4(128B) AllocSpace objects, 0(0B) LOS objects, 37% free, 26MB/42MB, paused 447us total 39.533ms
08-05 17:08:18.199   512  2967 D audio_hw_primary: disable_audio_route: reset and update mixer path: low-latency-playback speaker
08-05 17:08:18.200   512  2967 D audio_hw_primary: disable_snd_device: snd_device(2: speaker)
08-05 17:08:18.208   512  2967 I soundtrigger: audio_extn_sound_trigger_update_device_status: device 0x2 of type 0 for Event 0
08-05 17:08:18.401 29851 29851 I ServiceManager: Waiting for service AtCmdFwd...
08-05 17:08:18.449 31568 32048 I art     : Starting a blocking GC Explicit
08-05 17:08:18.501 31568 32048 I art     : Explicit concurrent mark sweep GC freed 1293(75KB) AllocSpace objects, 1(20KB) LOS objects, 37% free, 26MB/42MB, paused 517us total 51.607ms
08-05 17:08:18.520 31568 32048 I art     : Starting a blocking GC Explicit
08-05 17:08:18.560 31568 32048 I art     : Explicit concurrent mark sweep GC freed 18(624B) AllocSpace objects, 0(0B) LOS objects, 37% free, 26MB/42MB, paused 485us total 40.144ms
08-05 17:08:18.576 31568 32048 I art     : Starting a blocking GC Explicit
08-05 17:08:18.619 31568 32048 I art     : Explicit concurrent mark sweep GC freed 3(96B) AllocSpace objects, 0(0B) LOS objects, 37% free, 26MB/42MB, paused 498us total 42.880ms
08-05 17:08:18.635 31568 32048 I art     : Starting a blocking GC Explicit
08-05 17:08:18.677 31568 32048 I art     : Explicit concurrent mark sweep GC freed 3(96B) AllocSpace objects, 0(0B) LOS objects, 37% free, 26MB/42MB, paused 484us total 41.641ms
08-05 17:08:18.692 31568 32048 I art     : Starting a blocking GC Explicit
08-05 17:08:18.735 31568 32048 I art     : Explicit concurrent mark sweep GC freed 3(96B) AllocSpace objects, 0(0B) LOS objects, 37% free, 26MB/42MB, paused 489us total 42.798ms
08-05 17:08:18.913 24365 29098 I NetworkScheduler.Stats: Task com.google.android.gms/com.google.android.gms.icing.service.IcingGcmTaskService started execution. cause:4 exec_start_elapsed_seconds: 1793902 [CONTEXT service_id=218 ]
08-05 17:08:18.922 24365 23174 I NetworkScheduler.Stats: Task com.google.android.gms/com.google.android.gms.icing.service.IcingGcmTaskService finished executing. cause:4 result: 1 elapsed_millis: 33 uptime_millis: 33 exec_start_elapsed_seconds: 1793902 [CONTEXT service_id=218 ]
08-05 17:08:18.939 24365 23174 I NetworkScheduler.Stats: Task com.google.android.apps.gcs/ started execution. cause:5 exec_start_elapsed_seconds: 1793902 [CONTEXT service_id=218 ]
08-05 17:08:18.940 23900 32690 W Gcs.WfaEliRefreshTask: [26853] afk.b: NULL eligibility response.
08-05 17:08:18.944 24365 23174 I NetworkScheduler.Stats: Task com.google.android.apps.gcs/ finished executing. cause:5 result: 3 elapsed_millis: 8 uptime_millis: 8 exec_start_elapsed_seconds: 1793902 [CONTEXT service_id=218 ]
08-05 17:08:19.037 31568 31589 I art     : Starting a blocking GC Explicit
08-05 17:08:19.081 31568 31589 I art     : Explicit concurrent mark sweep GC freed 1293(75KB) AllocSpace objects, 1(20KB) LOS objects, 37% free, 26MB/42MB, paused 513us total 43.002ms
08-05 17:08:19.096 31568 31589 I art     : Starting a blocking GC Explicit
08-05 17:08:19.136 31568 31589 I art     : Explicit concurrent mark sweep GC freed 18(624B) AllocSpace objects, 0(0B) LOS objects, 37% free, 26MB/42MB, paused 491us total 39.730ms
08-05 17:08:19.151 31568 31589 I art     : Starting a blocking GC Explicit
08-05 17:08:19.193 31568 31589 I art     : Explicit concurrent mark sweep GC freed 3(96B) AllocSpace objects, 0(0B) LOS objects, 37% free, 26MB/42MB, paused 488us total 41.725ms
08-05 17:08:19.209 31568 31589 I art     : Starting a blocking GC Explicit
08-05 17:08:19.250 31568 31589 I art     : Explicit concurrent mark sweep GC freed 3(96B) AllocSpace objects, 0(0B) LOS objects, 37% free, 26MB/42MB, paused 461us total 40.687ms
08-05 17:08:19.265 31568 31589 I art     : Starting a blocking GC Explicit
08-05 17:08:19.308 31568 31589 I art     : Explicit concurrent mark sweep GC freed 5(160B) AllocSpace objects, 0(0B) LOS objects, 37% free, 26MB/42MB, paused 512us total 42.870ms
08-05 17:08:19.402 29851 29851 I ServiceManager: Waiting for service AtCmdFwd...
08-05 17:08:19.411 32680 32680 D AndroidRuntime: >>>>>> START com.android.internal.os.RuntimeInit uid 2000 <<<<<<
08-05 17:08:19.418 32680 32680 D AndroidRuntime: CheckJNI is OFF
08-05 17:08:19.462 32680 32680 D ICU     : No timezone override file found: /data/misc/zoneinfo/current/icu/icu_tzdata.dat
08-05 17:08:19.490   918  1209 D NetworkMonitor/NetworkAgentInfo [WIFI () - 159]: Checking http://connectivitycheck.gstatic.com/generate_204 on "H369AA63323", 192.168.2.12=192.168.2.12
08-05 17:08:19.505 32680 32680 I Radio-JNI: register_android_hardware_Radio DONE
08-05 17:08:19.532 32680 32680 D AndroidRuntime: Calling main entry com.android.commands.input.Input
08-05 17:08:19.534 32680 32680 I Input   : injectMotionEvent: MotionEvent { action=ACTION_DOWN, actionButton=0, id[0]=0, x[0]=436.0, y[0]=1770.0, toolType[0]=TOOL_TYPE_UNKNOWN, buttonState=0, metaState=0, flags=0x0, edgeFlags=0x0, pointerCount=1, historySize=0, eventTime=810515947, downTime=810515947, deviceId=0, source=0x1002 }
08-05 17:08:19.538 32680 32680 I Input   : injectMotionEvent: MotionEvent { action=ACTION_UP, actionButton=0, id[0]=0, x[0]=436.0, y[0]=1770.0, toolType[0]=TOOL_TYPE_UNKNOWN, buttonState=0, metaState=0, flags=0x0, edgeFlags=0x0, pointerCount=1, historySize=0, eventTime=810515947, downTime=810515947, deviceId=0, source=0x1002 }
08-05 17:08:19.541 32680 32680 D AndroidRuntime: Shutting down VM
08-05 17:08:19.543 31568 31568 D MainActivity: NavigationItemSelected: Courses
08-05 17:08:19.545   918  4413 I ActivityManager: START u0 {cmp=baseline.com.ak.uobtimetable/.CourseListActivity} from uid 10684 on display 0
08-05 17:08:19.547   512  2967 D audio_hw_primary: out_set_parameters: enter: usecase(1: low-latency-playback) kvpairs: routing=2
08-05 17:08:19.554 31568 31568 D MainActivity: OnPause
08-05 17:08:19.560   512  2967 D audio_hw_primary: select_devices: out_snd_device(2: speaker) in_snd_device(0: none)
08-05 17:08:19.560   512  2967 D msm8974_platform: platform_send_audio_calibration: sending audio calibration for snd_device(2) acdb_id(15)
08-05 17:08:19.561   512  2967 I soundtrigger: audio_extn_sound_trigger_update_device_status: device 0x2 of type 0 for Event 1
08-05 17:08:19.570   512  2967 D audio_hw_primary: enable_snd_device: snd_device(2: speaker)
08-05 17:08:19.572   512  2967 D audio_hw_primary: enable_audio_route: apply and update mixer path: low-latency-playback speaker
08-05 17:08:19.602 31568 31568 D CourseListActivity: onCreate
08-05 17:08:19.604 31568 32714 D HTTP    : Request for: https://uob-timetable-api.adriankeenan.co.uk/courses
08-05 17:08:19.636 31568 31589 I art     : Starting a blocking GC Explicit
08-05 17:08:19.650   918  1209 D NetworkMonitor/NetworkAgentInfo [WIFI () - 159]: Probably not a portal: exception java.io.IOException: unexpected end of stream on Connection{connectivitycheck.gstatic.com:80, proxy=HTTP@/192.168.2.12:8080 hostAddress=192.168.2.12 cipherSuite=none protocol=http/1.1} (recycle count=0)
08-05 17:08:19.650   918  3263 D ConnectivityService: NetworkAgentInfo [WIFI () - 159] validation failed
08-05 17:08:19.652   918  3261 E WifiConfigStore:  rewrite network history for "H369AA63323"WPA_PSK
08-05 17:08:19.666   918   936 I ActivityManager: Displayed baseline.com.ak.uobtimetable/.CourseListActivity: +110ms
08-05 17:08:19.666 13866 13866 I GoogleInputMethodServic: GoogleInputMethodService.onFinishInput():3138 
08-05 17:08:19.667 13866 13866 I GoogleInputMethodServic: GoogleInputMethodService.onStartInput():1808 
08-05 17:08:19.676 31568 31589 I art     : Explicit concurrent mark sweep GC freed 3988(219KB) AllocSpace objects, 1(20KB) LOS objects, 37% free, 26MB/42MB, paused 647us total 39.020ms
08-05 17:08:19.691 31568 31589 I art     : Starting a blocking GC Explicit
08-05 17:08:19.730 31568 31589 I art     : Explicit concurrent mark sweep GC freed 1208(90KB) AllocSpace objects, 2(120KB) LOS objects, 37% free, 26MB/42MB, paused 646us total 38.854ms
08-05 17:08:19.745 31568 31589 I art     : Starting a blocking GC Explicit
08-05 17:08:19.785 31568 31589 I art     : Explicit concurrent mark sweep GC freed 1868(85KB) AllocSpace objects, 1(80KB) LOS objects, 37% free, 26MB/42MB, paused 561us total 40.073ms
08-05 17:08:19.800 31568 31589 I art     : Starting a blocking GC Explicit
08-05 17:08:19.803 31568 32714 I NAPPA_EXPERIMENTATION: MetricNetworkRequestExecutionTime: REQUEST_DURATION_SYSTEM='197',REQUEST_DURATION_OKHTTP='45',REQUEST_SYNCHRONOUS='TRUE',RESPONSE_CODE='200',RESPONSE_METHOD='GET',RESPONSE_LENGTH_OKHTTP='-1',RESPONSE_LENGTH_HEADER='-2',REQUEST_PROTOCOL='http/1.1',REQUEST_URL='https://uob-timetable-api.adriankeenan.co.uk/courses',
08-05 17:08:19.839 31568 31589 I art     : Explicit concurrent mark sweep GC freed 1018(118KB) AllocSpace objects, 0(0B) LOS objects, 36% free, 27MB/43MB, paused 561us total 38.722ms
08-05 17:08:19.855 31568 31589 I art     : Starting a blocking GC Explicit
08-05 17:08:19.896 31568 31589 I art     : Explicit concurrent mark sweep GC freed 45(1536B) AllocSpace objects, 0(0B) LOS objects, 33% free, 31MB/47MB, paused 802us total 40.849ms
08-05 17:08:20.042 31568 31568 D MainActivity: Saving state
08-05 17:08:20.042 31568 31568 D MainActivity: Saving current fragment: SessionListsFragment
08-05 17:08:20.043 31568 31568 D MainActivity: Saving current index: 2
08-05 17:08:20.043 31568 31568 D SessionListsFragment: Saving state
08-05 17:08:20.118   512  2967 D audio_hw_primary: disable_audio_route: reset and update mixer path: low-latency-playback speaker
08-05 17:08:20.119   512  2967 D audio_hw_primary: disable_snd_device: snd_device(2: speaker)
08-05 17:08:20.127   512  2967 I soundtrigger: audio_extn_sound_trigger_update_device_status: device 0x2 of type 0 for Event 0
08-05 17:08:20.201 31568 31589 I art     : Starting a blocking GC Explicit
08-05 17:08:20.240 31568 32714 I HTTP    : Response was compressed.
08-05 17:08:20.242 31568 31589 I art     : Explicit concurrent mark sweep GC freed 105(4KB) AllocSpace objects, 0(0B) LOS objects, 20% free, 63MB/79MB, paused 570us total 41.025ms
08-05 17:08:20.257 31568 31589 I art     : Starting a blocking GC Explicit
08-05 17:08:20.305 31568 31589 I art     : Explicit concurrent mark sweep GC freed 24814(1152KB) AllocSpace objects, 2(22MB) LOS objects, 27% free, 41MB/57MB, paused 721us total 48.344ms
08-05 17:08:20.320 31568 31589 I art     : Starting a blocking GC Explicit
08-05 17:08:20.364 31568 31589 I art     : Explicit concurrent mark sweep GC freed 30902(1452KB) AllocSpace objects, 0(0B) LOS objects, 27% free, 41MB/57MB, paused 797us total 43.746ms
08-05 17:08:20.379 31568 31589 I art     : Starting a blocking GC Explicit
08-05 17:08:20.402 29851 29851 I ServiceManager: Waiting for service AtCmdFwd...
08-05 17:08:20.423 31568 31589 I art     : Explicit concurrent mark sweep GC freed 28112(1335KB) AllocSpace objects, 0(0B) LOS objects, 27% free, 42MB/58MB, paused 828us total 44.198ms
08-05 17:08:20.438 31568 31589 I art     : Starting a blocking GC Explicit
08-05 17:08:20.484 31568 31589 I art     : Explicit concurrent mark sweep GC freed 28251(1331KB) AllocSpace objects, 0(0B) LOS objects, 27% free, 42MB/58MB, paused 866us total 45.382ms
08-05 17:08:20.808 31568 31580 I art     : Starting a blocking GC Explicit
08-05 17:08:20.874 31568 31580 I art     : Explicit concurrent mark sweep GC freed 174138(8MB) AllocSpace objects, 1(20KB) LOS objects, 26% free, 43MB/59MB, paused 903us total 66.097ms
08-05 17:08:20.892 31568 31580 I art     : Starting a blocking GC Explicit
08-05 17:08:20.943 31568 31580 I art     : Explicit concurrent mark sweep GC freed 38107(1807KB) AllocSpace objects, 0(0B) LOS objects, 26% free, 43MB/59MB, paused 1.289ms total 51.448ms
08-05 17:08:20.961 31568 31580 I art     : Starting a blocking GC Explicit
08-05 17:08:21.013 31568 31580 I art     : Explicit concurrent mark sweep GC freed 31697(1499KB) AllocSpace objects, 0(0B) LOS objects, 26% free, 44MB/60MB, paused 1.069ms total 51.522ms
08-05 17:08:21.030 31568 31580 I art     : Starting a blocking GC Explicit
08-05 17:08:21.081 31568 31580 I art     : Explicit concurrent mark sweep GC freed 31533(1491KB) AllocSpace objects, 0(0B) LOS objects, 26% free, 44MB/60MB, paused 1.036ms total 50.989ms
08-05 17:08:21.099 31568 31580 I art     : Starting a blocking GC Explicit
08-05 17:08:21.153 31568 31580 I art     : Explicit concurrent mark sweep GC freed 32462(1520KB) AllocSpace objects, 0(0B) LOS objects, 26% free, 44MB/60MB, paused 1.272ms total 54.447ms
08-05 17:08:21.402 29851 29851 W Atfwd_Sendcmd: AtCmdFwd service not published, waiting... retryCnt : 4
08-05 17:08:21.478 31568 32048 I art     : Starting a blocking GC Explicit
08-05 17:08:21.557 31568 32048 I art     : Explicit concurrent mark sweep GC freed 183439(8MB) AllocSpace objects, 1(20KB) LOS objects, 25% free, 46MB/62MB, paused 982us total 78.420ms
08-05 17:08:21.577 31568 32048 I art     : Starting a blocking GC Explicit
08-05 17:08:21.636 31568 32048 I art     : Explicit concurrent mark sweep GC freed 43312(2MB) AllocSpace objects, 0(0B) LOS objects, 25% free, 46MB/62MB, paused 1.131ms total 58.537ms
08-05 17:08:21.655 31568 32048 I art     : Starting a blocking GC Explicit
08-05 17:08:21.714 31568 32048 I art     : Explicit concurrent mark sweep GC freed 36709(1755KB) AllocSpace objects, 0(0B) LOS objects, 25% free, 46MB/62MB, paused 1.212ms total 59.378ms
08-05 17:08:21.734 31568 32048 I art     : Starting a blocking GC Explicit
08-05 17:08:21.794 31568 32048 I art     : Explicit concurrent mark sweep GC freed 36802(1717KB) AllocSpace objects, 0(0B) LOS objects, 25% free, 46MB/62MB, paused 1.407ms total 59.997ms
08-05 17:08:21.814 31568 32048 I art     : Starting a blocking GC Explicit
08-05 17:08:21.876 31568 32048 I art     : Explicit concurrent mark sweep GC freed 37495(1761KB) AllocSpace objects, 0(0B) LOS objects, 25% free, 47MB/63MB, paused 1.147ms total 61.806ms
08-05 17:08:22.196 31568 32048 I art     : Starting a blocking GC Explicit
08-05 17:08:22.277 31568 32048 I art     : Explicit concurrent mark sweep GC freed 175566(8MB) AllocSpace objects, 1(20KB) LOS objects, 24% free, 48MB/64MB, paused 1.100ms total 80.690ms
08-05 17:08:22.297 31568 32048 I art     : Starting a blocking GC Explicit
08-05 17:08:22.362 31568 32048 I art     : Explicit concurrent mark sweep GC freed 44964(2MB) AllocSpace objects, 0(0B) LOS objects, 24% free, 48MB/64MB, paused 1.326ms total 64.809ms
08-05 17:08:22.382 31568 32048 I art     : Starting a blocking GC Explicit
08-05 17:08:22.449 31568 32048 I art     : Explicit concurrent mark sweep GC freed 40291(1934KB) AllocSpace objects, 0(0B) LOS objects, 24% free, 49MB/65MB, paused 1.396ms total 66.509ms
08-05 17:08:22.468 31568 32048 I art     : Starting a blocking GC Explicit
08-05 17:08:22.538 31568 32048 I art     : Explicit concurrent mark sweep GC freed 40303(1901KB) AllocSpace objects, 0(0B) LOS objects, 24% free, 49MB/65MB, paused 1.385ms total 69.567ms
08-05 17:08:22.559 31568 32048 I art     : Starting a blocking GC Explicit
08-05 17:08:22.627 31568 32048 I art     : Explicit concurrent mark sweep GC freed 39678(1879KB) AllocSpace objects, 0(0B) LOS objects, 24% free, 49MB/65MB, paused 1.475ms total 67.948ms
08-05 17:08:22.939 31568 31589 I art     : Starting a blocking GC Explicit
08-05 17:08:23.029 31568 31589 I art     : Explicit concurrent mark sweep GC freed 182725(8MB) AllocSpace objects, 1(20KB) LOS objects, 23% free, 51MB/67MB, paused 1.289ms total 90.236ms
08-05 17:08:23.053 31568 31589 I art     : Starting a blocking GC Explicit
08-05 17:08:23.127 31568 31589 I art     : Explicit concurrent mark sweep GC freed 49334(2MB) AllocSpace objects, 0(0B) LOS objects, 23% free, 51MB/67MB, paused 1.569ms total 73.439ms
08-05 17:08:23.148 31568 31589 I art     : Starting a blocking GC Explicit
08-05 17:08:23.223 31568 31589 I art     : Explicit concurrent mark sweep GC freed 44426(2MB) AllocSpace objects, 0(0B) LOS objects, 23% free, 51MB/67MB, paused 1.655ms total 74.844ms
08-05 17:08:23.244 31568 31589 I art     : Starting a blocking GC Explicit
08-05 17:08:23.321 31568 31589 I art     : Explicit concurrent mark sweep GC freed 44408(2MB) AllocSpace objects, 0(0B) LOS objects, 23% free, 51MB/67MB, paused 1.487ms total 76.252ms
08-05 17:08:23.343 31568 31589 I art     : Starting a blocking GC Explicit
08-05 17:08:23.419 31568 31589 I art     : Explicit concurrent mark sweep GC freed 45069(2MB) AllocSpace objects, 0(0B) LOS objects, 23% free, 52MB/68MB, paused 1.523ms total 76.354ms
08-05 17:08:23.479 31568 32714 I Service : getCourses response time: 0.69
08-05 17:08:23.497 31568 31568 I SettingsManager: Getting string: savedCourse
08-05 17:08:23.766 31568 32048 I art     : Starting a blocking GC Explicit
08-05 17:08:23.876 31568 32048 I art     : Explicit concurrent mark sweep GC freed 35240(1715KB) AllocSpace objects, 2(15MB) LOS objects, 29% free, 37MB/53MB, paused 582us total 109.768ms
08-05 17:08:23.901 31568 32048 I art     : Starting a blocking GC Explicit
08-05 17:08:23.982 31568 32048 I art     : Explicit concurrent mark sweep GC freed 777(68KB) AllocSpace objects, 0(0B) LOS objects, 29% free, 37MB/53MB, paused 574us total 81.045ms
08-05 17:08:24.007 31568 32048 I art     : Starting a blocking GC Explicit
08-05 17:08:24.092 31568 32048 I art     : Explicit concurrent mark sweep GC freed 3(96B) AllocSpace objects, 0(0B) LOS objects, 29% free, 37MB/53MB, paused 556us total 84.344ms
08-05 17:08:24.092 31568 31578 I art     : WaitForGcToComplete blocked for 11.049ms for cause HeapTrim
08-05 17:08:24.117 31568 32048 I art     : Starting a blocking GC Explicit
08-05 17:08:24.198 31568 32048 I art     : Explicit concurrent mark sweep GC freed 3(96B) AllocSpace objects, 0(0B) LOS objects, 29% free, 37MB/53MB, paused 529us total 81.111ms
08-05 17:08:24.223 31568 32048 I art     : Starting a blocking GC Explicit
08-05 17:08:24.287   518   646 I ThermalEngine: ACTION: GPU - Setting GPU[0] to 390000000
08-05 17:08:24.332 31568 32048 I art     : Explicit concurrent mark sweep GC freed 3(96B) AllocSpace objects, 0(0B) LOS objects, 29% free, 37MB/53MB, paused 1.246ms total 108.938ms
08-05 17:08:24.727 31568 31579 I art     : Starting a blocking GC Explicit
08-05 17:08:24.872 31568 31579 I art     : Explicit concurrent mark sweep GC freed 1293(75KB) AllocSpace objects, 1(20KB) LOS objects, 29% free, 37MB/53MB, paused 810us total 144.175ms
08-05 17:08:24.920 31568 31579 I art     : Starting a blocking GC Explicit
08-05 17:08:25.035 31568 31579 I art     : Explicit concurrent mark sweep GC freed 18(624B) AllocSpace objects, 0(0B) LOS objects, 29% free, 37MB/53MB, paused 787us total 114.638ms
08-05 17:08:25.079 31568 31579 I art     : Starting a blocking GC Explicit
08-05 17:08:25.192 31568 31579 I art     : Explicit concurrent mark sweep GC freed 5(192B) AllocSpace objects, 0(0B) LOS objects, 29% free, 37MB/53MB, paused 750us total 113.019ms
08-05 17:08:25.232 31568 31579 I art     : Starting a blocking GC Explicit
08-05 17:08:25.290   518   646 I ThermalEngine: ACTION: GPU - Setting GPU[0] to 450000000
08-05 17:08:25.328 31568 31579 I art     : Explicit concurrent mark sweep GC freed 4(128B) AllocSpace objects, 0(0B) LOS objects, 29% free, 37MB/53MB, paused 525us total 95.520ms
08-05 17:08:25.352 31568 31579 I art     : Starting a blocking GC Explicit
08-05 17:08:25.430 31568 31579 I art     : Explicit concurrent mark sweep GC freed 3(96B) AllocSpace objects, 0(0B) LOS objects, 29% free, 37MB/53MB, paused 557us total 77.325ms
08-05 17:08:25.777 31568 31580 I art     : Starting a blocking GC Explicit
08-05 17:08:25.860 31568 31580 I art     : Explicit concurrent mark sweep GC freed 1293(75KB) AllocSpace objects, 1(20KB) LOS objects, 29% free, 37MB/53MB, paused 538us total 82.398ms
08-05 17:08:25.883 31568 31580 I art     : Starting a blocking GC Explicit
08-05 17:08:25.957 31568 31580 I art     : Explicit concurrent mark sweep GC freed 18(624B) AllocSpace objects, 0(0B) LOS objects, 29% free, 37MB/53MB, paused 535us total 73.669ms
08-05 17:08:25.981 31568 31580 I art     : Starting a blocking GC Explicit
08-05 17:08:26.062 31568 31580 I art     : Explicit concurrent mark sweep GC freed 3(96B) AllocSpace objects, 0(0B) LOS objects, 29% free, 37MB/53MB, paused 542us total 80.369ms
08-05 17:08:26.086 31568 31580 I art     : Starting a blocking GC Explicit
08-05 17:08:26.166 31568 31580 I art     : Explicit concurrent mark sweep GC freed 3(96B) AllocSpace objects, 0(0B) LOS objects, 29% free, 37MB/53MB, paused 561us total 79.520ms
08-05 17:08:26.191 31568 31580 I art     : Starting a blocking GC Explicit
08-05 17:08:26.268 31568 31580 I art     : Explicit concurrent mark sweep GC freed 3(96B) AllocSpace objects, 0(0B) LOS objects, 29% free, 37MB/53MB, paused 597us total 76.668ms
08-05 17:08:26.353   390   390 D AndroidRuntime: >>>>>> START com.android.internal.os.RuntimeInit uid 2000 <<<<<<
08-05 17:08:26.360   390   390 D AndroidRuntime: CheckJNI is OFF
08-05 17:08:26.409   390   390 D ICU     : No timezone override file found: /data/misc/zoneinfo/current/icu/icu_tzdata.dat
08-05 17:08:26.456   390   390 I Radio-JNI: register_android_hardware_Radio DONE
08-05 17:08:26.484   390   390 D AndroidRuntime: Calling main entry com.android.commands.input.Input
08-05 17:08:26.487   390   390 I Input   : injectMotionEvent: MotionEvent { action=ACTION_DOWN, actionButton=0, id[0]=0, x[0]=648.0, y[0]=709.0, toolType[0]=TOOL_TYPE_UNKNOWN, buttonState=0, metaState=0, flags=0x0, edgeFlags=0x0, pointerCount=1, historySize=0, eventTime=810522899, downTime=810522899, deviceId=0, source=0x1002 }
08-05 17:08:26.492   390   390 I Input   : injectMotionEvent: MotionEvent { action=ACTION_UP, actionButton=0, id[0]=0, x[0]=648.0, y[0]=709.0, toolType[0]=TOOL_TYPE_UNKNOWN, buttonState=0, metaState=0, flags=0x0, edgeFlags=0x0, pointerCount=1, historySize=0, eventTime=810522899, downTime=810522899, deviceId=0, source=0x1002 }
08-05 17:08:26.494   390   390 D AndroidRuntime: Shutting down VM
08-05 17:08:26.560   512  2967 D audio_hw_primary: out_set_parameters: enter: usecase(1: low-latency-playback) kvpairs: routing=2
08-05 17:08:26.574   512  2967 D audio_hw_primary: select_devices: out_snd_device(2: speaker) in_snd_device(0: none)
08-05 17:08:26.574   512  2967 D msm8974_platform: platform_send_audio_calibration: sending audio calibration for snd_device(2) acdb_id(15)
08-05 17:08:26.574   512  2967 I soundtrigger: audio_extn_sound_trigger_update_device_status: device 0x2 of type 0 for Event 1
08-05 17:08:26.585   512  2967 D audio_hw_primary: enable_snd_device: snd_device(2: speaker)
08-05 17:08:26.588   512  2967 D audio_hw_primary: enable_audio_route: apply and update mixer path: low-latency-playback speaker
08-05 17:08:26.611 31568 31580 I art     : Starting a blocking GC Explicit
08-05 17:08:26.696 31568 31580 I art     : Explicit concurrent mark sweep GC freed 2062(133KB) AllocSpace objects, 2(40KB) LOS objects, 29% free, 37MB/53MB, paused 645us total 85.242ms
08-05 17:08:26.721 31568 31580 I art     : Starting a blocking GC Explicit
08-05 17:08:26.799 31568 31580 I art     : Explicit concurrent mark sweep GC freed 149(6KB) AllocSpace objects, 0(0B) LOS objects, 29% free, 37MB/53MB, paused 503us total 77.292ms
08-05 17:08:26.826 31568 31580 I art     : Starting a blocking GC Explicit
08-05 17:08:26.911 31568 31580 I art     : Explicit concurrent mark sweep GC freed 7(240B) AllocSpace objects, 0(0B) LOS objects, 29% free, 37MB/53MB, paused 572us total 84.517ms
08-05 17:08:26.940 31568 31580 I art     : Starting a blocking GC Explicit
08-05 17:08:27.017 31568 31580 I art     : Explicit concurrent mark sweep GC freed 9(320B) AllocSpace objects, 0(0B) LOS objects, 29% free, 37MB/53MB, paused 486us total 77.383ms
08-05 17:08:27.045 31568 31580 I art     : Starting a blocking GC Explicit
08-05 17:08:27.129   512  2967 D audio_hw_primary: disable_audio_route: reset and update mixer path: low-latency-playback speaker
08-05 17:08:27.130   512  2967 D audio_hw_primary: disable_snd_device: snd_device(2: speaker)
08-05 17:08:27.136 31568 31580 I art     : Explicit concurrent mark sweep GC freed 5(160B) AllocSpace objects, 0(0B) LOS objects, 29% free, 37MB/53MB, paused 532us total 91.320ms
08-05 17:08:27.141   512  2967 I soundtrigger: audio_extn_sound_trigger_update_device_status: device 0x2 of type 0 for Event 0
08-05 17:08:27.487 31568 31589 I art     : Starting a blocking GC Explicit
08-05 17:08:27.563 31568 31589 I art     : Explicit concurrent mark sweep GC freed 1293(75KB) AllocSpace objects, 1(20KB) LOS objects, 29% free, 37MB/53MB, paused 539us total 75.744ms
08-05 17:08:27.586 31568 31589 I art     : Starting a blocking GC Explicit
08-05 17:08:27.663 31568 31589 I art     : Explicit concurrent mark sweep GC freed 22(752B) AllocSpace objects, 0(0B) LOS objects, 29% free, 37MB/53MB, paused 532us total 76.538ms
08-05 17:08:27.686 31568 31589 I art     : Starting a blocking GC Explicit
08-05 17:08:27.759 31568 31589 I art     : Explicit concurrent mark sweep GC freed 3(96B) AllocSpace objects, 0(0B) LOS objects, 29% free, 37MB/53MB, paused 553us total 72.917ms
08-05 17:08:27.783 31568 31589 I art     : Starting a blocking GC Explicit
08-05 17:08:27.855 31568 31589 I art     : Explicit concurrent mark sweep GC freed 3(96B) AllocSpace objects, 0(0B) LOS objects, 29% free, 37MB/53MB, paused 528us total 72.287ms
08-05 17:08:27.878 31568 31589 I art     : Starting a blocking GC Explicit
08-05 17:08:27.953 31568 31589 I art     : Explicit concurrent mark sweep GC freed 3(96B) AllocSpace objects, 0(0B) LOS objects, 29% free, 37MB/53MB, paused 522us total 74.284ms
08-05 17:08:28.278 31568 31579 I art     : Starting a blocking GC Explicit
08-05 17:08:28.284   457   457 D AndroidRuntime: >>>>>> START com.android.internal.os.RuntimeInit uid 2000 <<<<<<
08-05 17:08:28.293   457   457 D AndroidRuntime: CheckJNI is OFF
08-05 17:08:28.346   457   457 D ICU     : No timezone override file found: /data/misc/zoneinfo/current/icu/icu_tzdata.dat
08-05 17:08:28.377 31568 31579 I art     : Explicit concurrent mark sweep GC freed 1313(76KB) AllocSpace objects, 1(20KB) LOS objects, 29% free, 37MB/53MB, paused 515us total 99.591ms
08-05 17:08:28.395   457   457 I Radio-JNI: register_android_hardware_Radio DONE
08-05 17:08:28.405 31568 31579 I art     : Starting a blocking GC Explicit
08-05 17:08:28.427   457   457 D AndroidRuntime: Calling main entry com.android.commands.input.Input
08-05 17:08:28.429   457   457 I Input   : injectMotionEvent: MotionEvent { action=ACTION_DOWN, actionButton=0, id[0]=0, x[0]=1197.0, y[0]=1456.0, toolType[0]=TOOL_TYPE_UNKNOWN, buttonState=0, metaState=0, flags=0x0, edgeFlags=0x0, pointerCount=1, historySize=0, eventTime=810524841, downTime=810524841, deviceId=0, source=0x1002 }
08-05 17:08:28.437   457   457 I Input   : injectMotionEvent: MotionEvent { action=ACTION_UP, actionButton=0, id[0]=0, x[0]=1197.0, y[0]=1456.0, toolType[0]=TOOL_TYPE_UNKNOWN, buttonState=0, metaState=0, flags=0x0, edgeFlags=0x0, pointerCount=1, historySize=0, eventTime=810524841, downTime=810524841, deviceId=0, source=0x1002 }
08-05 17:08:28.439   457   457 D AndroidRuntime: Shutting down VM
08-05 17:08:28.453   512  2967 D audio_hw_primary: out_set_parameters: enter: usecase(1: low-latency-playback) kvpairs: routing=2
08-05 17:08:28.465 31568 31568 I SettingsManager: Setting string: savedCourse
08-05 17:08:28.466   918  3359 W BackupManagerService: dataChanged but no participant pkg='baseline.com.ak.uobtimetable' uid=10684
08-05 17:08:28.466   512  2967 D audio_hw_primary: select_devices: out_snd_device(2: speaker) in_snd_device(0: none)
08-05 17:08:28.467   512  2967 D msm8974_platform: platform_send_audio_calibration: sending audio calibration for snd_device(2) acdb_id(15)
08-05 17:08:28.467   512  2967 I soundtrigger: audio_extn_sound_trigger_update_device_status: device 0x2 of type 0 for Event 1
08-05 17:08:28.467   918  4400 I ActivityManager: START u0 {flg=0x4000000 cmp=baseline.com.ak.uobtimetable/.MainActivity (has extras)} from uid 10684 on display 0
08-05 17:08:28.480   512  2967 D audio_hw_primary: enable_snd_device: snd_device(2: speaker)
08-05 17:08:28.482 31568 31579 I art     : Explicit concurrent mark sweep GC freed 2148(99KB) AllocSpace objects, 0(0B) LOS objects, 29% free, 37MB/53MB, paused 1.155ms total 76.514ms
08-05 17:08:28.483   918  6111 W InputMethodManagerService: Focus gain on non-focused client com.android.internal.view.IInputMethodClient$Stub$Proxy@863227c (uid=10684 pid=31568)
08-05 17:08:28.483   512  2967 D audio_hw_primary: enable_audio_route: apply and update mixer path: low-latency-playback speaker
08-05 17:08:28.502 31568 31568 D MainActivity: OnDestroy
08-05 17:08:28.505 31568 31579 I art     : Starting a blocking GC Explicit
08-05 17:08:28.528 31568 31568 D MainActivity: onCreate
08-05 17:08:28.528 31568 31568 I SettingsManager: Getting string: savedSessions
08-05 17:08:28.528 31568 31568 I SettingsManager: Getting string: savedSessions
08-05 17:08:28.539 31568 31568 I SettingsManager: Getting string: savedSessionsCourseName
08-05 17:08:28.539 31568 31568 I SettingsManager: Getting string: savedSessionsCourseName
08-05 17:08:28.539 31568 31568 I SettingsManager: Getting string: savedSessionsDateRange
08-05 17:08:28.539 31568 31568 I SettingsManager: Getting string: savedSessionsDateRange
08-05 17:08:28.539 31568 31568 I Settings: 15 saved sessions - Artificial Intelligence and Robotics (with Foundation Year) - BSc (Hons) - Ltn - Y0 Feb FT - Weeks: 24-38 (8 Jun 2020-20 Sep 2020)
08-05 17:08:28.579 31568 31579 I art     : Explicit concurrent mark sweep GC freed 9233(429KB) AllocSpace objects, 0(0B) LOS objects, 29% free, 38MB/54MB, paused 735us total 73.619ms
08-05 17:08:28.583 31568 31568 I SettingsManager: Getting string: savedCourse
08-05 17:08:28.584 31568 31568 D MainActivity: sessionListFragmentArg: updateSessions
08-05 17:08:28.584 31568 31568 D MainActivity: showTermDatesConfigChange: false
08-05 17:08:28.585 31568 31568 D MainActivity: showTermDatesShortcut: false
08-05 17:08:28.585 31568 31568 D MainActivity: Setting initial fragment: SessionListsFragment
08-05 17:08:28.587 31568 31568 I SettingsManager: Getting int: launchCount
08-05 17:08:28.587 31568 31568 D SessionListsFragment: onCreateView
08-05 17:08:28.593 31568 31568 I SettingsManager: Getting string: savedCourse
08-05 17:08:28.598 31568 31568 I SettingsManager: Getting string: savedSessions
08-05 17:08:28.604 31568 31579 I art     : Starting a blocking GC Explicit
08-05 17:08:28.610 31568 31568 D SessionListsFragment: loadArgument: updateSessions
08-05 17:08:28.610 31568 31568 D SessionListsFragment: initialIndex: -1
08-05 17:08:28.613 31568   496 D HTTP    : Request for: https://uob-timetable-api.adriankeenan.co.uk/sessions?dept=CM010&course=BSAIFAAF%2F02AA%2F0%2FFT&level=Foundation+Year
08-05 17:08:28.626 31568 31568 D TermDatesFragment: WebView loaded
08-05 17:08:28.627 31568 31568 D MainActivity: OnResume
08-05 17:08:28.681 31568 31579 I art     : Explicit concurrent mark sweep GC freed 10671(516KB) AllocSpace objects, 3(1380KB) LOS objects, 29% free, 37MB/53MB, paused 764us total 76.853ms
08-05 17:08:28.703 31568 31579 I art     : Starting a blocking GC Explicit
08-05 17:08:28.710 31568 31568 I TermDatesFragment: Webview load %: 10
08-05 17:08:28.732 13866 13866 I GoogleInputMethodServic: GoogleInputMethodService.onFinishInput():3138 
08-05 17:08:28.732   918   936 I ActivityManager: Displayed baseline.com.ak.uobtimetable/.MainActivity: +247ms
08-05 17:08:28.733 13866 13866 I GoogleInputMethodServic: GoogleInputMethodService.onStartInput():1808 
08-05 17:08:28.773 31568 31579 I art     : Explicit concurrent mark sweep GC freed 1023(43KB) AllocSpace objects, 0(0B) LOS objects, 29% free, 37MB/53MB, paused 696us total 70.309ms
08-05 17:08:28.875   918  3261 D WifiStateMachine: starting scan for "H369AA63323"WPA_PSK with 2412,5180
08-05 17:08:28.891 31568 31568 I TermDatesFragment: Webview load %: 70
08-05 17:08:28.930 31568   496 I NAPPA_EXPERIMENTATION: MetricNetworkRequestExecutionTime: REQUEST_DURATION_SYSTEM='316',REQUEST_DURATION_OKHTTP='73',REQUEST_SYNCHRONOUS='TRUE',RESPONSE_CODE='200',RESPONSE_METHOD='GET',RESPONSE_LENGTH_OKHTTP='-1',RESPONSE_LENGTH_HEADER='1214',REQUEST_PROTOCOL='http/1.1',REQUEST_URL='https://uob-timetable-api.adriankeenan.co.uk/sessions?dept=CM010&course=BSAIFAAF%2F02AA%2F0%2FFT&level=Foundation+Year',
08-05 17:08:28.932 31568 31568 I TermDatesFragment: Webview load %: 100
08-05 17:08:28.932 31568 31568 I TermDatesFragment: Webview load %: 100
08-05 17:08:28.973 31568   496 I HTTP    : Response was compressed.
08-05 17:08:28.990 31568   496 I Service : getSessions response time: 1.10
08-05 17:08:29.018 31568 31568 I SettingsManager: Getting string: savedSessions
08-05 17:08:29.018   512  2967 D audio_hw_primary: disable_audio_route: reset and update mixer path: low-latency-playback speaker
08-05 17:08:29.019 31568 31568 I SettingsManager: Getting string: savedSessions
08-05 17:08:29.020   512  2967 D audio_hw_primary: disable_snd_device: snd_device(2: speaker)
08-05 17:08:29.028   512  2967 I soundtrigger: audio_extn_sound_trigger_update_device_status: device 0x2 of type 0 for Event 0
08-05 17:08:29.035 31568 31568 I Service : Sessions updated: 15
08-05 17:08:29.035 31568 31568 I Service : Sessions removed from new list: 0
08-05 17:08:29.044 31568 31568 I SettingsManager: Setting string: savedSessions
08-05 17:08:29.045   918   929 W BackupManagerService: dataChanged but no participant pkg='baseline.com.ak.uobtimetable' uid=10684
08-05 17:08:29.045 31568 31568 I SettingsManager: Setting date: savedSessionsTime
08-05 17:08:29.052   918  3696 W BackupManagerService: dataChanged but no participant pkg='baseline.com.ak.uobtimetable' uid=10684
08-05 17:08:29.053 31568 31568 I SettingsManager: Setting string: savedSessionsCourseName
08-05 17:08:29.053   918  3714 W BackupManagerService: dataChanged but no participant pkg='baseline.com.ak.uobtimetable' uid=10684
08-05 17:08:29.053 31568 31568 I SettingsManager: Setting string: savedSessionsDateRange
08-05 17:08:29.053   918  6112 W BackupManagerService: dataChanged but no participant pkg='baseline.com.ak.uobtimetable' uid=10684
08-05 17:08:29.054 31568 31568 I SettingsManager: Setting string: timetableUrl
08-05 17:08:29.054   918  4413 W BackupManagerService: dataChanged but no participant pkg='baseline.com.ak.uobtimetable' uid=10684
08-05 17:08:29.054 31568 31568 I SettingsManager: Getting boolean: notifySessionRemindersEnabled
08-05 17:08:29.054 31568 31568 I SettingsManager: Getting int: notifySessionRemindersMinutes
08-05 17:08:29.054 31568 31568 I SettingsManager: Getting boolean: showHiddenSessions
08-05 17:08:29.056 31568 31568 I SessionReminderNotifier: Created session reminder alarm for f7b4771250a919bd729c1c5a4a459c77 at Mon 08:30:00 10/08/20
08-05 17:08:29.058 31568 31568 I SessionReminderNotifier: Created session reminder alarm for a7f879aabdeb78622c8820a5fb7b64cd at Tue 08:30:00 11/08/20
08-05 17:08:29.060 31568 31568 I SessionReminderNotifier: Created session reminder alarm for 7bc8d7e2c2055711f597c3d9078c6ea3 at Tue 08:30:00 11/08/20
08-05 17:08:29.062 31568 31568 I SessionReminderNotifier: Created session reminder alarm for 53c0527a6f009a1f2fd223834d3bfe51 at Tue 10:30:00 11/08/20
08-05 17:08:29.063 31568 31568 I SessionReminderNotifier: Created session reminder alarm for e0fc978b5db8218778540b4053344581 at Tue 11:00:00 11/08/20
08-05 17:08:29.065 31568 31568 I SessionReminderNotifier: Created session reminder alarm for 199afb0100f329ff65a09e1b0cd9deba at Tue 11:30:00 11/08/20
08-05 17:08:29.067 31568 31568 I SessionReminderNotifier: Created session reminder alarm for 21712fef61090882c855a1425543edb5 at Tue 13:30:00 11/08/20
08-05 17:08:29.068 31568 31568 I SessionReminderNotifier: Created session reminder alarm for 65ca4d97f031f29a4d02bbb45a705d8f at Wed 08:30:00 12/08/20
08-05 17:08:29.070 31568 31568 I SessionReminderNotifier: Created session reminder alarm for eeda7741b0bcab58fd9f46dc6ef1d942 at Wed 08:30:00 12/08/20
08-05 17:08:29.070 31568 32048 I art     : Starting a blocking GC Explicit
08-05 17:08:29.073 31568 31568 I SessionReminderNotifier: Created session reminder alarm for c276c1b2075a0beb67f1b3d1e580f920 at Wed 11:00:00 12/08/20
08-05 17:08:29.074 31568 31568 I SessionReminderNotifier: Created session reminder alarm for 8b1f3627e42ae13a6f6ba0a83903dde1 at Wed 13:30:00 12/08/20
08-05 17:08:29.076 31568 31568 I SessionReminderNotifier: Created session reminder alarm for 79fe0b5c3b887a13ba29db5a33fa2800 at Thu 08:30:00 06/08/20
08-05 17:08:29.078 31568 31568 I SessionReminderNotifier: Created session reminder alarm for cb9dfc8231cdba2be0835dc5709690e1 at Thu 08:30:00 06/08/20
08-05 17:08:29.081 31568 31568 I SessionReminderNotifier: Created session reminder alarm for f850dc24d6de60b7b89fa9e1a8c224c5 at Thu 12:00:00 06/08/20
08-05 17:08:29.083 31568 31568 I SessionReminderNotifier: Created session reminder alarm for 2ba1034116e4fffdd592dbf0796a43d5 at Fri 08:30:00 07/08/20
08-05 17:08:29.083 31568 31568 I SettingsManager: Getting boolean: showHiddenSessions
08-05 17:08:29.083 31568 31568 D SessionListsFragment: 1 sessions for day 0
08-05 17:08:29.083 31568 31568 D SessionListsFragment: 6 sessions for day 1
08-05 17:08:29.083 31568 31568 D SessionListsFragment: 4 sessions for day 2
08-05 17:08:29.083 31568 31568 D SessionListsFragment: 3 sessions for day 3
08-05 17:08:29.083 31568 31568 D SessionListsFragment: 1 sessions for day 4
08-05 17:08:29.130 31568 31568 I SettingsManager: Getting boolean: showHiddenSessions
08-05 17:08:29.130 31568 31568 D SessionListsFragment: Refreshed ViewPager
08-05 17:08:29.130 31568 31568 I SettingsManager: Getting boolean: showHiddenSessions
08-05 17:08:29.132 31568 31568 I SettingsManager: Getting boolean: completedTutorial
08-05 17:08:29.132 31568 31568 I SettingsManager: Getting boolean: showHiddenSessions
08-05 17:08:29.132 31568 31568 I SettingsManager: Getting date: savedSessionsTime
08-05 17:08:29.141 31568 32048 I art     : Explicit concurrent mark sweep GC freed 61872(2MB) AllocSpace objects, 8(352KB) LOS objects, 30% free, 36MB/52MB, paused 1.259ms total 70.815ms
08-05 17:08:29.162 31568 32048 I art     : Starting a blocking GC Explicit
08-05 17:08:29.232 31568 32048 I art     : Explicit concurrent mark sweep GC freed 31348(1337KB) AllocSpace objects, 0(0B) LOS objects, 30% free, 36MB/52MB, paused 1.575ms total 69.722ms
08-05 17:08:29.232 31568 31578 I art     : WaitForGcToComplete blocked for 33.100ms for cause HeapTrim
08-05 17:08:29.253 31568 32048 I art     : Starting a blocking GC Explicit
08-05 17:08:29.300   518   646 I ThermalEngine: ACTION: GPU - Setting GPU[0] to 390000000
08-05 17:08:29.342 31568 32048 I art     : Explicit concurrent mark sweep GC freed 32558(1336KB) AllocSpace objects, 0(0B) LOS objects, 30% free, 36MB/52MB, paused 2.056ms total 89.111ms
08-05 17:08:29.380 31568 32048 I art     : Starting a blocking GC Explicit
08-05 17:08:29.489 31568 32048 I art     : Explicit concurrent mark sweep GC freed 39552(1615KB) AllocSpace objects, 0(0B) LOS objects, 30% free, 36MB/52MB, paused 1.824ms total 108.852ms
08-05 17:08:29.526 31568 32048 I art     : Starting a blocking GC Explicit
08-05 17:08:29.638 31568 32048 I art     : Explicit concurrent mark sweep GC freed 43815(1805KB) AllocSpace objects, 0(0B) LOS objects, 30% free, 37MB/53MB, paused 2.150ms total 111.734ms
08-05 17:08:29.994 31568 31589 I art     : Starting a blocking GC Explicit
08-05 17:08:30.131 31568 31589 I art     : Explicit concurrent mark sweep GC freed 125521(4MB) AllocSpace objects, 1(20KB) LOS objects, 29% free, 38MB/54MB, paused 2.051ms total 135.821ms
08-05 17:08:30.142 31568 31568 I Choreographer: Skipped 59 frames!  The application may be doing too much work on its main thread.
08-05 17:08:30.170 31568 31589 I art     : Starting a blocking GC Explicit
08-05 17:08:30.278 31568 31589 I art     : Explicit concurrent mark sweep GC freed 8060(492KB) AllocSpace objects, 0(0B) LOS objects, 29% free, 37MB/53MB, paused 955us total 107.437ms
08-05 17:08:30.321 31568 31589 I art     : Starting a blocking GC Explicit
08-05 17:08:30.392 31568 31589 I art     : Explicit concurrent mark sweep GC freed 121590(11MB) AllocSpace objects, 3(136KB) LOS objects, 37% free, 26MB/42MB, paused 1.949ms total 70.232ms
08-05 17:08:30.415 31568 31589 I art     : Starting a blocking GC Explicit
08-05 17:08:30.462 31568 31589 I art     : Explicit concurrent mark sweep GC freed 226(10KB) AllocSpace objects, 0(0B) LOS objects, 37% free, 26MB/42MB, paused 787us total 46.087ms
08-05 17:08:30.485 31568 31589 I art     : Starting a blocking GC Explicit
08-05 17:08:30.537 31568 31589 I art     : Explicit concurrent mark sweep GC freed 3(96B) AllocSpace objects, 0(0B) LOS objects, 37% free, 26MB/42MB, paused 758us total 51.764ms
08-05 17:08:30.914 31568 31589 I art     : Starting a blocking GC Explicit
08-05 17:08:30.969 31568 31589 I art     : Explicit concurrent mark sweep GC freed 1436(80KB) AllocSpace objects, 1(20KB) LOS objects, 37% free, 26MB/42MB, paused 969us total 54.823ms
08-05 17:08:30.994 31568 31589 I art     : Starting a blocking GC Explicit
08-05 17:08:31.045 31568 31589 I art     : Explicit concurrent mark sweep GC freed 24(880B) AllocSpace objects, 0(0B) LOS objects, 37% free, 26MB/42MB, paused 807us total 50.341ms
08-05 17:08:31.069 31568 31589 I art     : Starting a blocking GC Explicit
08-05 17:08:31.122 31568 31589 I art     : Explicit concurrent mark sweep GC freed 3(96B) AllocSpace objects, 0(0B) LOS objects, 37% free, 26MB/42MB, paused 752us total 52.439ms
08-05 17:08:31.146 31568 31589 I art     : Starting a blocking GC Explicit
08-05 17:08:31.205 31568 31589 I art     : Explicit concurrent mark sweep GC freed 3(96B) AllocSpace objects, 0(0B) LOS objects, 37% free, 26MB/42MB, paused 1.323ms total 58.007ms
08-05 17:08:31.234 31568 31589 I art     : Starting a blocking GC Explicit
08-05 17:08:31.287 31568 31589 I art     : Explicit concurrent mark sweep GC freed 3(96B) AllocSpace objects, 0(0B) LOS objects, 37% free, 26MB/42MB, paused 721us total 53.238ms
08-05 17:08:31.660 31568 32048 I art     : Starting a blocking GC Explicit
08-05 17:08:31.727 31568 32048 I art     : Explicit concurrent mark sweep GC freed 1293(75KB) AllocSpace objects, 1(20KB) LOS objects, 37% free, 26MB/42MB, paused 781us total 66.590ms
08-05 17:08:31.757 31568 32048 I art     : Starting a blocking GC Explicit
08-05 17:08:31.813 31568 32048 I art     : Explicit concurrent mark sweep GC freed 18(624B) AllocSpace objects, 0(0B) LOS objects, 37% free, 26MB/42MB, paused 761us total 55.140ms
08-05 17:08:31.838 31568 32048 I art     : Starting a blocking GC Explicit
08-05 17:08:31.891 31568 32048 I art     : Explicit concurrent mark sweep GC freed 3(96B) AllocSpace objects, 0(0B) LOS objects, 37% free, 26MB/42MB, paused 732us total 52.821ms
08-05 17:08:31.915 31568 32048 I art     : Starting a blocking GC Explicit
08-05 17:08:31.968 31568 32048 I art     : Explicit concurrent mark sweep GC freed 3(96B) AllocSpace objects, 0(0B) LOS objects, 37% free, 26MB/42MB, paused 869us total 53ms
08-05 17:08:31.992 31568 32048 I art     : Starting a blocking GC Explicit
08-05 17:08:32.045 31568 32048 I art     : Explicit concurrent mark sweep GC freed 3(96B) AllocSpace objects, 0(0B) LOS objects, 37% free, 26MB/42MB, paused 733us total 52.402ms
08-05 17:08:32.304   518   646 I ThermalEngine: ACTION: GPU - Setting GPU[0] to 450000000
08-05 17:08:32.399 31568 31579 I art     : Starting a blocking GC Explicit
08-05 17:08:32.452 31568 31579 I art     : Explicit concurrent mark sweep GC freed 1293(75KB) AllocSpace objects, 1(20KB) LOS objects, 37% free, 26MB/42MB, paused 600us total 52.353ms
08-05 17:08:32.471 31568 31579 I art     : Starting a blocking GC Explicit
08-05 17:08:32.517 31568 31579 I art     : Explicit concurrent mark sweep GC freed 18(624B) AllocSpace objects, 0(0B) LOS objects, 37% free, 26MB/42MB, paused 574us total 46.221ms
08-05 17:08:32.534 31568 31579 I art     : Starting a blocking GC Explicit
08-05 17:08:32.582 31568 31579 I art     : Explicit concurrent mark sweep GC freed 3(96B) AllocSpace objects, 0(0B) LOS objects, 37% free, 26MB/42MB, paused 563us total 47.210ms
08-05 17:08:32.598 31568 31579 I art     : Starting a blocking GC Explicit
08-05 17:08:32.645 31568 31579 I art     : Explicit concurrent mark sweep GC freed 3(96B) AllocSpace objects, 0(0B) LOS objects, 37% free, 26MB/42MB, paused 574us total 46.865ms
08-05 17:08:32.662 31568 31579 I art     : Starting a blocking GC Explicit
08-05 17:08:32.707 31568 31579 I art     : Explicit concurrent mark sweep GC freed 3(96B) AllocSpace objects, 0(0B) LOS objects, 37% free, 26MB/42MB, paused 503us total 44.755ms
08-05 17:08:33.039 31568 31580 I art     : Starting a blocking GC Explicit
08-05 17:08:33.088 31568 31580 I art     : Explicit concurrent mark sweep GC freed 1293(75KB) AllocSpace objects, 1(20KB) LOS objects, 37% free, 26MB/42MB, paused 618us total 48.666ms
08-05 17:08:33.104 31568 31580 I art     : Starting a blocking GC Explicit
08-05 17:08:33.149 31568 31580 I art     : Explicit concurrent mark sweep GC freed 18(624B) AllocSpace objects, 0(0B) LOS objects, 37% free, 26MB/42MB, paused 554us total 44.940ms
08-05 17:08:33.166 31568 31580 I art     : Starting a blocking GC Explicit
08-05 17:08:33.210 31568 31580 I art     : Explicit concurrent mark sweep GC freed 16(720B) AllocSpace objects, 0(0B) LOS objects, 37% free, 26MB/42MB, paused 525us total 44.017ms
08-05 17:08:33.227 31568 31580 I art     : Starting a blocking GC Explicit
08-05 17:08:33.253   650   650 D AndroidRuntime: >>>>>> START com.android.internal.os.RuntimeInit uid 2000 <<<<<<
08-05 17:08:33.259   650   650 D AndroidRuntime: CheckJNI is OFF
08-05 17:08:33.269 31568 31580 I art     : Explicit concurrent mark sweep GC freed 3(96B) AllocSpace objects, 0(0B) LOS objects, 37% free, 26MB/42MB, paused 547us total 41.706ms
08-05 17:08:33.284 31568 31580 I art     : Starting a blocking GC Explicit
08-05 17:08:33.302   650   650 D ICU     : No timezone override file found: /data/misc/zoneinfo/current/icu/icu_tzdata.dat
08-05 17:08:33.326 31568 31580 I art     : Explicit concurrent mark sweep GC freed 5(128B) AllocSpace objects, 0(0B) LOS objects, 37% free, 26MB/42MB, paused 750us total 41.700ms
08-05 17:08:33.351   650   650 I Radio-JNI: register_android_hardware_Radio DONE
08-05 17:08:33.379   650   650 D AndroidRuntime: Calling main entry com.android.commands.input.Input
08-05 17:08:33.381   650   650 I Input   : injectMotionEvent: MotionEvent { action=ACTION_DOWN, actionButton=0, id[0]=0, x[0]=81.0, y[0]=176.0, toolType[0]=TOOL_TYPE_UNKNOWN, buttonState=0, metaState=0, flags=0x0, edgeFlags=0x0, pointerCount=1, historySize=0, eventTime=810529794, downTime=810529794, deviceId=0, source=0x1002 }
08-05 17:08:33.386   650   650 I Input   : injectMotionEvent: MotionEvent { action=ACTION_UP, actionButton=0, id[0]=0, x[0]=81.0, y[0]=176.0, toolType[0]=TOOL_TYPE_UNKNOWN, buttonState=0, metaState=0, flags=0x0, edgeFlags=0x0, pointerCount=1, historySize=0, eventTime=810529794, downTime=810529794, deviceId=0, source=0x1002 }
08-05 17:08:33.389   650   650 D AndroidRuntime: Shutting down VM
08-05 17:08:33.409   512  2967 D audio_hw_primary: out_set_parameters: enter: usecase(1: low-latency-playback) kvpairs: routing=2
08-05 17:08:33.422   512  2967 D audio_hw_primary: select_devices: out_snd_device(2: speaker) in_snd_device(0: none)
08-05 17:08:33.422   512  2967 D msm8974_platform: platform_send_audio_calibration: sending audio calibration for snd_device(2) acdb_id(15)
08-05 17:08:33.422   512  2967 I soundtrigger: audio_extn_sound_trigger_update_device_status: device 0x2 of type 0 for Event 1
08-05 17:08:33.433   512  2967 D audio_hw_primary: enable_snd_device: snd_device(2: speaker)
08-05 17:08:33.435   512  2967 D audio_hw_primary: enable_audio_route: apply and update mixer path: low-latency-playback speaker
08-05 17:08:33.441 13866 13866 I GoogleInputMethodServic: GoogleInputMethodService.onFinishInput():3138 
08-05 17:08:33.442 13866 13866 I GoogleInputMethodServic: GoogleInputMethodService.onStartInput():1808 
08-05 17:08:33.636 31568 32048 I art     : Starting a blocking GC Explicit
08-05 17:08:33.680 31568 32048 I art     : Explicit concurrent mark sweep GC freed 1777(97KB) AllocSpace objects, 1(20KB) LOS objects, 37% free, 26MB/42MB, paused 507us total 43.238ms
08-05 17:08:33.697 31568 32048 I art     : Starting a blocking GC Explicit
08-05 17:08:33.739 31568 32048 I art     : Explicit concurrent mark sweep GC freed 182(11KB) AllocSpace objects, 0(0B) LOS objects, 37% free, 26MB/42MB, paused 679us total 41.974ms
08-05 17:08:33.755 31568 32048 I art     : Starting a blocking GC Explicit
08-05 17:08:33.797 31568 32048 I art     : Explicit concurrent mark sweep GC freed 3(96B) AllocSpace objects, 0(0B) LOS objects, 37% free, 26MB/42MB, paused 592us total 42.148ms
08-05 17:08:33.813 31568 32048 I art     : Starting a blocking GC Explicit
08-05 17:08:33.853 31568 32048 I art     : Explicit concurrent mark sweep GC freed 6(224B) AllocSpace objects, 0(0B) LOS objects, 37% free, 26MB/42MB, paused 519us total 39.445ms
08-05 17:08:33.868 31568 32048 I art     : Starting a blocking GC Explicit
08-05 17:08:33.910 31568 32048 I art     : Explicit concurrent mark sweep GC freed 5(160B) AllocSpace objects, 0(0B) LOS objects, 37% free, 26MB/42MB, paused 499us total 42.632ms
08-05 17:08:33.978   512  2967 D audio_hw_primary: disable_audio_route: reset and update mixer path: low-latency-playback speaker
08-05 17:08:33.979   512  2967 D audio_hw_primary: disable_snd_device: snd_device(2: speaker)
08-05 17:08:33.987   512  2967 I soundtrigger: audio_extn_sound_trigger_update_device_status: device 0x2 of type 0 for Event 0
08-05 17:08:34.231 31568 32048 I art     : Starting a blocking GC Explicit
08-05 17:08:34.291 31568 32048 I art     : Explicit concurrent mark sweep GC freed 1293(75KB) AllocSpace objects, 1(20KB) LOS objects, 37% free, 26MB/42MB, paused 579us total 59.147ms
08-05 17:08:34.310 31568 32048 I art     : Starting a blocking GC Explicit
08-05 17:08:34.353 31568 32048 I art     : Explicit concurrent mark sweep GC freed 20(688B) AllocSpace objects, 0(0B) LOS objects, 37% free, 26MB/42MB, paused 539us total 42.044ms
08-05 17:08:34.353 31568 31578 I art     : WaitForGcToComplete blocked for 10.151ms for cause HeapTrim
08-05 17:08:34.368 31568 32048 I art     : Starting a blocking GC Explicit
08-05 17:08:34.412 31568 32048 I art     : Explicit concurrent mark sweep GC freed 3(96B) AllocSpace objects, 0(0B) LOS objects, 37% free, 26MB/42MB, paused 544us total 43.444ms
08-05 17:08:34.428 31568 32048 I art     : Starting a blocking GC Explicit
08-05 17:08:34.473 31568 32048 I art     : Explicit concurrent mark sweep GC freed 3(96B) AllocSpace objects, 0(0B) LOS objects, 37% free, 26MB/42MB, paused 550us total 44.373ms
08-05 17:08:34.489 31568 32048 I art     : Starting a blocking GC Explicit
08-05 17:08:34.533 31568 32048 I art     : Explicit concurrent mark sweep GC freed 3(96B) AllocSpace objects, 0(0B) LOS objects, 37% free, 26MB/42MB, paused 548us total 43.841ms
08-05 17:08:34.840 31568 31589 I art     : Starting a blocking GC Explicit
08-05 17:08:34.891 31568 31589 I art     : Explicit concurrent mark sweep GC freed 1293(75KB) AllocSpace objects, 1(20KB) LOS objects, 37% free, 26MB/42MB, paused 587us total 50.510ms
08-05 17:08:34.907 31568 31589 I art     : Starting a blocking GC Explicit
08-05 17:08:34.947 31568 31589 I art     : Explicit concurrent mark sweep GC freed 18(624B) AllocSpace objects, 0(0B) LOS objects, 37% free, 26MB/42MB, paused 538us total 39.510ms
08-05 17:08:34.962 31568 31589 I art     : Starting a blocking GC Explicit
08-05 17:08:35.004 31568 31589 I art     : Explicit concurrent mark sweep GC freed 3(96B) AllocSpace objects, 0(0B) LOS objects, 37% free, 26MB/42MB, paused 528us total 41.151ms
08-05 17:08:35.020 31568 31589 I art     : Starting a blocking GC Explicit
08-05 17:08:35.065 31568 31589 I art     : Explicit concurrent mark sweep GC freed 5(160B) AllocSpace objects, 0(0B) LOS objects, 37% free, 26MB/42MB, paused 544us total 44.267ms
08-05 17:08:35.082 31568 31589 I art     : Starting a blocking GC Explicit
08-05 17:08:35.122 31568 31589 I art     : Explicit concurrent mark sweep GC freed 9(288B) AllocSpace objects, 0(0B) LOS objects, 37% free, 26MB/42MB, paused 516us total 39.786ms
08-05 17:08:35.191   701   701 D AndroidRuntime: >>>>>> START com.android.internal.os.RuntimeInit uid 2000 <<<<<<
08-05 17:08:35.197   701   701 D AndroidRuntime: CheckJNI is OFF
08-05 17:08:35.239   701   701 D ICU     : No timezone override file found: /data/misc/zoneinfo/current/icu/icu_tzdata.dat
08-05 17:08:35.281   701   701 I Radio-JNI: register_android_hardware_Radio DONE
08-05 17:08:35.309   701   701 D AndroidRuntime: Calling main entry com.android.commands.input.Input
08-05 17:08:35.311   701   701 I Input   : injectMotionEvent: MotionEvent { action=ACTION_DOWN, actionButton=0, id[0]=0, x[0]=360.0, y[0]=1098.0, toolType[0]=TOOL_TYPE_UNKNOWN, buttonState=0, metaState=0, flags=0x0, edgeFlags=0x0, pointerCount=1, historySize=0, eventTime=810531723, downTime=810531723, deviceId=0, source=0x1002 }
08-05 17:08:35.319   701   701 I Input   : injectMotionEvent: MotionEvent { action=ACTION_UP, actionButton=0, id[0]=0, x[0]=360.0, y[0]=1098.0, toolType[0]=TOOL_TYPE_UNKNOWN, buttonState=0, metaState=0, flags=0x0, edgeFlags=0x0, pointerCount=1, historySize=0, eventTime=810531723, downTime=810531723, deviceId=0, source=0x1002 }
08-05 17:08:35.321   701   701 D AndroidRuntime: Shutting down VM
08-05 17:08:35.326 31568 31568 D MainActivity: NavigationItemSelected: Term dates
08-05 17:08:35.330   512  2967 D audio_hw_primary: out_set_parameters: enter: usecase(1: low-latency-playback) kvpairs: routing=2
08-05 17:08:35.343   512  2967 D audio_hw_primary: select_devices: out_snd_device(2: speaker) in_snd_device(0: none)
08-05 17:08:35.343   512  2967 D msm8974_platform: platform_send_audio_calibration: sending audio calibration for snd_device(2) acdb_id(15)
08-05 17:08:35.344   512  2967 I soundtrigger: audio_extn_sound_trigger_update_device_status: device 0x2 of type 0 for Event 1
08-05 17:08:35.354   512  2967 D audio_hw_primary: enable_snd_device: snd_device(2: speaker)
08-05 17:08:35.357   512  2967 D audio_hw_primary: enable_audio_route: apply and update mixer path: low-latency-playback speaker
08-05 17:08:35.457 31568 31589 I art     : Starting a blocking GC Explicit
08-05 17:08:35.496 31568 31589 I art     : Explicit concurrent mark sweep GC freed 1842(97KB) AllocSpace objects, 1(20KB) LOS objects, 37% free, 26MB/42MB, paused 622us total 38.732ms
08-05 17:08:35.511 31568 31589 I art     : Starting a blocking GC Explicit
08-05 17:08:35.550 31568 31589 I art     : Explicit concurrent mark sweep GC freed 217(15KB) AllocSpace objects, 0(0B) LOS objects, 37% free, 26MB/42MB, paused 530us total 39.413ms
08-05 17:08:35.565 31568 31589 I art     : Starting a blocking GC Explicit
08-05 17:08:35.604 31568 31589 I art     : Explicit concurrent mark sweep GC freed 8(256B) AllocSpace objects, 0(0B) LOS objects, 37% free, 26MB/42MB, paused 505us total 38.821ms
08-05 17:08:35.620 31568 31589 I art     : Starting a blocking GC Explicit
08-05 17:08:35.660 31568 31589 I art     : Explicit concurrent mark sweep GC freed 11(352B) AllocSpace objects, 0(0B) LOS objects, 37% free, 26MB/42MB, paused 691us total 39.726ms
08-05 17:08:35.674 31568 31589 I art     : Starting a blocking GC Explicit
08-05 17:08:35.714 31568 31589 I art     : Explicit concurrent mark sweep GC freed 10(320B) AllocSpace objects, 0(0B) LOS objects, 37% free, 26MB/42MB, paused 494us total 39.149ms
08-05 17:08:35.759 13866 13866 I GoogleInputMethodServic: GoogleInputMethodService.onFinishInput():3138 
08-05 17:08:35.760 13866 13866 I GoogleInputMethodServic: GoogleInputMethodService.onStartInput():1808 
08-05 17:08:35.899   512  2967 D audio_hw_primary: disable_audio_route: reset and update mixer path: low-latency-playback speaker
08-05 17:08:35.901   512  2967 D audio_hw_primary: disable_snd_device: snd_device(2: speaker)
08-05 17:08:35.911   512  2967 I soundtrigger: audio_extn_sound_trigger_update_device_status: device 0x2 of type 0 for Event 0
08-05 17:08:36.055 31568 32048 I art     : Starting a blocking GC Explicit
08-05 17:08:36.108 31568 32048 I art     : Explicit concurrent mark sweep GC freed 1363(77KB) AllocSpace objects, 1(20KB) LOS objects, 37% free, 26MB/42MB, paused 595us total 52.129ms
08-05 17:08:36.127 31568 32048 I art     : Starting a blocking GC Explicit
08-05 17:08:36.168 31568 32048 I art     : Explicit concurrent mark sweep GC freed 29(976B) AllocSpace objects, 0(0B) LOS objects, 37% free, 26MB/42MB, paused 589us total 40.368ms
08-05 17:08:36.182 31568 32048 I art     : Starting a blocking GC Explicit
08-05 17:08:36.222 31568 32048 I art     : Explicit concurrent mark sweep GC freed 8(256B) AllocSpace objects, 0(0B) LOS objects, 37% free, 26MB/42MB, paused 524us total 39.224ms
08-05 17:08:36.237 31568 32048 I art     : Starting a blocking GC Explicit
08-05 17:08:36.274 31568 32048 I art     : Explicit concurrent mark sweep GC freed 9(288B) AllocSpace objects, 0(0B) LOS objects, 37% free, 26MB/42MB, paused 495us total 37.677ms
08-05 17:08:36.290 31568 32048 I art     : Starting a blocking GC Explicit
08-05 17:08:36.332 31568 32048 I art     : Explicit concurrent mark sweep GC freed 11(352B) AllocSpace objects, 0(0B) LOS objects, 37% free, 26MB/42MB, paused 506us total 41.954ms
08-05 17:08:36.680 31568 31579 I art     : Starting a blocking GC Explicit
08-05 17:08:36.732 31568 31579 I art     : Explicit concurrent mark sweep GC freed 1341(77KB) AllocSpace objects, 1(20KB) LOS objects, 37% free, 26MB/42MB, paused 624us total 51.649ms
08-05 17:08:36.752 31568 31579 I art     : Starting a blocking GC Explicit
08-05 17:08:36.795 31568 31579 I art     : Explicit concurrent mark sweep GC freed 26(880B) AllocSpace objects, 0(0B) LOS objects, 37% free, 26MB/42MB, paused 503us total 41.979ms
08-05 17:08:36.812 31568 31579 I art     : Starting a blocking GC Explicit
08-05 17:08:36.858 31568 31579 I art     : Explicit concurrent mark sweep GC freed 9(288B) AllocSpace objects, 0(0B) LOS objects, 37% free, 26MB/42MB, paused 658us total 44.915ms
08-05 17:08:36.874 31568 31579 I art     : Starting a blocking GC Explicit
08-05 17:08:36.916 31568 31579 I art     : Explicit concurrent mark sweep GC freed 11(352B) AllocSpace objects, 0(0B) LOS objects, 37% free, 26MB/42MB, paused 508us total 41.581ms
08-05 17:08:36.932 31568 31579 I art     : Starting a blocking GC Explicit
08-05 17:08:36.975 31568 31579 I art     : Explicit concurrent mark sweep GC freed 11(352B) AllocSpace objects, 0(0B) LOS objects, 37% free, 26MB/42MB, paused 530us total 42.227ms
08-05 17:08:37.317   518   646 I ThermalEngine: ACTION: GPU - Setting GPU[0] to 390000000
08-05 17:08:37.330 31568 31580 I art     : Starting a blocking GC Explicit
08-05 17:08:37.396 31568 31580 I art     : Explicit concurrent mark sweep GC freed 1352(77KB) AllocSpace objects, 1(20KB) LOS objects, 37% free, 26MB/42MB, paused 1.100ms total 65.613ms
08-05 17:08:37.424 31568 31580 I art     : Starting a blocking GC Explicit
08-05 17:08:37.478 31568 31580 I art     : Explicit concurrent mark sweep GC freed 18(624B) AllocSpace objects, 0(0B) LOS objects, 37% free, 26MB/42MB, paused 726us total 52.773ms
08-05 17:08:37.502 31568 31580 I art     : Starting a blocking GC Explicit
08-05 17:08:37.556 31568 31580 I art     : Explicit concurrent mark sweep GC freed 3(96B) AllocSpace objects, 0(0B) LOS objects, 37% free, 26MB/42MB, paused 742us total 53.530ms
08-05 17:08:37.580 31568 31580 I art     : Starting a blocking GC Explicit
08-05 17:08:37.634 31568 31580 I art     : Explicit concurrent mark sweep GC freed 3(96B) AllocSpace objects, 0(0B) LOS objects, 37% free, 26MB/42MB, paused 973us total 53.418ms
08-05 17:08:37.659 31568 31580 I art     : Starting a blocking GC Explicit
08-05 17:08:37.713 31568 31580 I art     : Explicit concurrent mark sweep GC freed 3(96B) AllocSpace objects, 0(0B) LOS objects, 37% free, 26MB/42MB, paused 748us total 53.297ms
08-05 17:08:38.078 31568 32048 I art     : Starting a blocking GC Explicit
08-05 17:08:38.143 31568 32048 I art     : Explicit concurrent mark sweep GC freed 1293(75KB) AllocSpace objects, 1(20KB) LOS objects, 37% free, 26MB/42MB, paused 1.229ms total 63.965ms
08-05 17:08:38.172 31568 32048 I art     : Starting a blocking GC Explicit
08-05 17:08:38.225 31568 32048 I art     : Explicit concurrent mark sweep GC freed 18(624B) AllocSpace objects, 0(0B) LOS objects, 37% free, 26MB/42MB, paused 768us total 52.899ms
08-05 17:08:38.250 31568 32048 I art     : Starting a blocking GC Explicit
08-05 17:08:38.303 31568 32048 I art     : Explicit concurrent mark sweep GC freed 3(96B) AllocSpace objects, 0(0B) LOS objects, 37% free, 26MB/42MB, paused 758us total 52.870ms
08-05 17:08:38.327 31568 32048 I art     : Starting a blocking GC Explicit
08-05 17:08:38.381 31568 32048 I art     : Explicit concurrent mark sweep GC freed 3(96B) AllocSpace objects, 0(0B) LOS objects, 37% free, 26MB/42MB, paused 772us total 53.308ms
08-05 17:08:38.405 31568 32048 I art     : Starting a blocking GC Explicit
08-05 17:08:38.459 31568 32048 I art     : Explicit concurrent mark sweep GC freed 3(96B) AllocSpace objects, 0(0B) LOS objects, 37% free, 26MB/42MB, paused 838us total 53.034ms
08-05 17:08:38.850 31568 31589 I art     : Starting a blocking GC Explicit
08-05 17:08:38.916 31568 31589 I art     : Explicit concurrent mark sweep GC freed 1293(75KB) AllocSpace objects, 1(20KB) LOS objects, 37% free, 26MB/42MB, paused 965us total 64.385ms
08-05 17:08:38.946 31568 31589 I art     : Starting a blocking GC Explicit
08-05 17:08:39.003 31568 31589 I art     : Explicit concurrent mark sweep GC freed 18(624B) AllocSpace objects, 0(0B) LOS objects, 37% free, 26MB/42MB, paused 1.296ms total 56.675ms
08-05 17:08:39.030 31568 31589 I art     : Starting a blocking GC Explicit
08-05 17:08:39.083 31568 31589 I art     : Explicit concurrent mark sweep GC freed 3(96B) AllocSpace objects, 0(0B) LOS objects, 37% free, 26MB/42MB, paused 758us total 52.754ms
08-05 17:08:39.108 31568 31589 I art     : Starting a blocking GC Explicit
08-05 17:08:39.161 31568 31589 I art     : Explicit concurrent mark sweep GC freed 3(96B) AllocSpace objects, 0(0B) LOS objects, 37% free, 26MB/42MB, paused 833us total 52.627ms
08-05 17:08:39.185 31568 31589 I art     : Starting a blocking GC Explicit
08-05 17:08:39.239 31568 31589 I art     : Explicit concurrent mark sweep GC freed 3(96B) AllocSpace objects, 0(0B) LOS objects, 37% free, 26MB/42MB, paused 919us total 52.882ms
08-05 17:08:39.320   518   646 I ThermalEngine: ACTION: GPU - Setting GPU[0] to 450000000
08-05 17:08:39.575 31568 31579 I art     : Starting a blocking GC Explicit
08-05 17:08:39.621 31568 31579 I art     : Explicit concurrent mark sweep GC freed 1293(75KB) AllocSpace objects, 1(20KB) LOS objects, 37% free, 26MB/42MB, paused 540us total 45.909ms
08-05 17:08:39.637 31568 31579 I art     : Starting a blocking GC Explicit
08-05 17:08:39.677 31568 31579 I art     : Explicit concurrent mark sweep GC freed 18(624B) AllocSpace objects, 0(0B) LOS objects, 37% free, 26MB/42MB, paused 654us total 40.111ms
08-05 17:08:39.693 31568 31579 I art     : Starting a blocking GC Explicit
08-05 17:08:39.734 31568 31579 I art     : Explicit concurrent mark sweep GC freed 3(96B) AllocSpace objects, 0(0B) LOS objects, 37% free, 26MB/42MB, paused 563us total 40.849ms
08-05 17:08:39.749 31568 31579 I art     : Starting a blocking GC Explicit
08-05 17:08:39.793 31568 31579 I art     : Explicit concurrent mark sweep GC freed 3(96B) AllocSpace objects, 0(0B) LOS objects, 37% free, 26MB/42MB, paused 567us total 43.258ms
08-05 17:08:39.809 31568 31579 I art     : Starting a blocking GC Explicit
08-05 17:08:39.854 31568 31579 I art     : Explicit concurrent mark sweep GC freed 3(96B) AllocSpace objects, 0(0B) LOS objects, 37% free, 26MB/42MB, paused 578us total 45.103ms
08-05 17:08:40.191   818   818 D AndroidRuntime: >>>>>> START com.android.internal.os.RuntimeInit uid 2000 <<<<<<
08-05 17:08:40.198   818   818 D AndroidRuntime: CheckJNI is OFF
08-05 17:08:40.240 31568 31580 I art     : Starting a blocking GC Explicit
08-05 17:08:40.248   818   818 D ICU     : No timezone override file found: /data/misc/zoneinfo/current/icu/icu_tzdata.dat
08-05 17:08:40.292 31568 31580 I art     : Explicit concurrent mark sweep GC freed 1293(75KB) AllocSpace objects, 1(20KB) LOS objects, 37% free, 26MB/42MB, paused 589us total 50.396ms
08-05 17:08:40.302   818   818 I Radio-JNI: register_android_hardware_Radio DONE
08-05 17:08:40.308 31568 31580 I art     : Starting a blocking GC Explicit
08-05 17:08:40.330   818   818 D AndroidRuntime: Calling main entry com.android.commands.am.Am
08-05 17:08:40.339 16924 16924 I Trepn   : Trepn 6.2s: Received intent: com.quicinc.trepn.stop_profiling
08-05 17:08:40.350 31568 31580 I art     : Explicit concurrent mark sweep GC freed 18(624B) AllocSpace objects, 0(0B) LOS objects, 37% free, 26MB/42MB, paused 582us total 41.649ms
08-05 17:08:40.365 31568 31580 I art     : Starting a blocking GC Explicit
08-05 17:08:40.388 16924 16924 I Trepn   : Trepn 6.2s: Trepn has Stopped Profiling.
08-05 17:08:40.404 31568 31580 I art     : Explicit concurrent mark sweep GC freed 3(96B) AllocSpace objects, 0(0B) LOS objects, 37% free, 26MB/42MB, paused 521us total 38.691ms
08-05 17:08:40.418 31568 31580 I art     : Starting a blocking GC Explicit
08-05 17:08:40.458 31568 31580 I art     : Explicit concurrent mark sweep GC freed 3(96B) AllocSpace objects, 0(0B) LOS objects, 37% free, 26MB/42MB, paused 510us total 39.889ms
08-05 17:08:40.474 31568 31580 I art     : Starting a blocking GC Explicit
08-05 17:08:40.494   818   818 D AndroidRuntime: Shutting down VM
08-05 17:08:40.498   918  4400 W AppOps  : Finishing op nesting under-run: uid 10078 pkg com.quicinc.trepn code 24 time=0 duration=0 nesting=0
08-05 17:08:40.513 31568 31580 I art     : Explicit concurrent mark sweep GC freed 3(96B) AllocSpace objects, 0(0B) LOS objects, 37% free, 26MB/42MB, paused 498us total 39.261ms
08-05 17:08:40.842 31568 32048 I art     : Starting a blocking GC Explicit
08-05 17:08:40.885 31568 32048 I art     : Explicit concurrent mark sweep GC freed 1293(75KB) AllocSpace objects, 1(20KB) LOS objects, 37% free, 26MB/42MB, paused 516us total 42.796ms
08-05 17:08:40.901 31568 32048 I art     : Starting a blocking GC Explicit
08-05 17:08:40.942 31568 32048 I art     : Explicit concurrent mark sweep GC freed 18(624B) AllocSpace objects, 0(0B) LOS objects, 37% free, 26MB/42MB, paused 573us total 41.024ms
08-05 17:08:40.958 31568 32048 I art     : Starting a blocking GC Explicit
08-05 17:08:41.002 31568 32048 I art     : Explicit concurrent mark sweep GC freed 3(96B) AllocSpace objects, 0(0B) LOS objects, 37% free, 26MB/42MB, paused 512us total 42.987ms
08-05 17:08:41.017 31568 32048 I art     : Starting a blocking GC Explicit
08-05 17:08:41.059 31568 32048 I art     : Explicit concurrent mark sweep GC freed 3(96B) AllocSpace objects, 0(0B) LOS objects, 37% free, 26MB/42MB, paused 505us total 41.339ms
08-05 17:08:41.074 31568 32048 I art     : Starting a blocking GC Explicit
08-05 17:08:41.115 31568 32048 I art     : Explicit concurrent mark sweep GC freed 3(96B) AllocSpace objects, 0(0B) LOS objects, 37% free, 26MB/42MB, paused 507us total 40.862ms
08-05 17:08:41.403 29851 29851 I ServiceManager: Waiting for service AtCmdFwd...
08-05 17:08:42.404 29851 29851 I ServiceManager: Waiting for service AtCmdFwd...
