--------- beginning of main
08-05 12:46:52.219  3784  3784 D CarrierServiceBindHelper: Receive action: android.intent.action.PACKAGE_REMOVED
08-05 12:46:52.258   918  5481 I AccountManagerService: getTypesVisibleToCaller: isPermitted? true
08-05 12:46:52.304 13697 13697 I Finsky  : [1] uah.a(18): PackageMonitorReceiverImpl - Received: android.intent.action.PACKAGE_REMOVED, [ocpw8ddNLhG67i_cxGNvtEQwqY1k5QNC_my-vN553D4]
08-05 12:46:52.304 24365  2915 I Fitness : FitCleanupIntentOperation received Intent android.intent.action.PACKAGE_REMOVED [CONTEXT service_id=17 ]
08-05 12:46:52.305 13697 13697 I Finsky  : [1] ubi.d(9): Invalidating cached PackageState for baseline.org.quantumbadger.redreader
08-05 12:46:52.308  3784  3784 D CarrierServiceBindHelper: Receive action: android.intent.action.PACKAGE_ADDED
08-05 12:46:52.308  3784  3784 D CarrierServiceBindHelper: Receive action: android.intent.action.PACKAGE_REPLACED
08-05 12:46:52.309  3784  3784 D CarrierServiceBindHelper: mHandler: 3
08-05 12:46:52.309  3784  3784 D CarrierServiceBindHelper: mHandler: 3
08-05 12:46:52.309  3784  3784 D CarrierServiceBindHelper: mHandler: 3
08-05 12:46:52.309  3784  3784 D CarrierConfigLoader: mHandler: 9 phoneId: 0
08-05 12:46:52.312 13697 13697 I Finsky  : [1] lzi.c(2): Frosting ID looked up on UI thread. Caller should move to a background thread.
08-05 12:46:52.322 13697 13697 I Finsky  : [1] nqb.c(3): Installer: package baseline.org.quantumbadger.redreader was removed. replacing: true
08-05 12:46:52.323 13697 13697 I Finsky  : [1] nra.a(188): Installer: Notifying status update. package=baseline.org.quantumbadger.redreader, status=UNINSTALLED
08-05 12:46:52.373 13697 13697 I Finsky  : [1] lzi.c(2): Frosting ID looked up on UI thread. Caller should move to a background thread.
08-05 12:46:52.376   918   929 I AccountManagerService: getTypesVisibleToCaller: isPermitted? true
08-05 12:46:52.403 13697  2919 I Finsky  : [6123] ejf.a(-1): Cancelled 0 ongoing asset module downloads for package baseline.org.quantumbadger.redreader due to a concurrent app update.
08-05 12:46:52.404 13697 13697 I Finsky  : [1] nra.a(220): Installer: found apps to install. isMultiUserMode=false, apps=[]
08-05 12:46:52.424 13697 13957 I Finsky  : [6058] odj.b(52): IQ: Notifying installation update. package=baseline.org.quantumbadger.redreader, status=UNINSTALLED
08-05 12:46:52.471 24577  2916 I Auth    : [SupervisedAccountIntentOperation] onHandleIntent(): android.intent.action.PACKAGE_ADDED
08-05 12:46:52.472 13697 13697 I Finsky  : [1] uah.a(18): PackageMonitorReceiverImpl - Received: android.intent.action.PACKAGE_ADDED, [ocpw8ddNLhG67i_cxGNvtEQwqY1k5QNC_my-vN553D4]
08-05 12:46:52.472 13697 13697 I Finsky  : [1] ubi.d(9): Invalidating cached PackageState for baseline.org.quantumbadger.redreader
08-05 12:46:52.475 24577  2908 I ChromeSync: [Sync,SyncIntentOperation] Handling the intent: Intent { act=android.intent.action.PACKAGE_ADDED dat=package:baseline.org.quantumbadger.redreader flg=0x4000010 cmp=com.google.android.gms/.chimera.GmsIntentOperationService (has extras) }.
08-05 12:46:52.479 13697 13697 I Finsky  : [1] lzi.c(2): Frosting ID looked up on UI thread. Caller should move to a background thread.
08-05 12:46:52.499 13697  2917 I Finsky  : [6121] lyv.run(-1): Wrote row to frosting DB: 2734
--------- beginning of system
08-05 12:46:52.504   918  3961 W ActivityManager: Unable to start service Intent { act=com.google.android.gms.auth.key.retrieval.service.START pkg=com.google.android.gms } U=0: not found
08-05 12:46:52.527  2416  2416 I ServiceManager: Waiting for service AtCmdFwd...
08-05 12:46:52.538 13697 13697 I Finsky  : [1] agsx.a(4): Do not start WearSupportService due to Wear service optimization
08-05 12:46:52.553 13697  2919 I Finsky  : [6123] ejc.a(-1): Asset module broadcast after update successful for package baseline.org.quantumbadger.redreader. 0 sessions broadcast.
08-05 12:46:52.559   918  4413 W ActivityManager: Unbind failed: could not find connection for android.os.BinderProxy@ecabeb9
08-05 12:46:52.571 13697 13697 I Finsky  : [1] lzi.c(2): Frosting ID looked up on UI thread. Caller should move to a background thread.
08-05 12:46:52.572 24577 24621 E GmsClient: unable to connect to service: com.google.android.gms.auth.key.retrieval.service.START on com.google.android.gms
08-05 12:46:52.580   918  3696 I AccountManagerService: getTypesVisibleToCaller: isPermitted? true
08-05 12:46:52.584 13697 13957 I Finsky  : [6058] odj.b(40): IQ: No matching installs to run for jobs: []
08-05 12:46:52.610 24577  2908 I ChromeSync: [Persistence,AffiliationManager] One of affiliation or grouping data for android://bz0hZa4nAJEtd0n5sRlXG7KAqctUMWVefv7Ki4mh1p6slZ9YO-n9gS9j8m9YCrsIyI2wIxrDHraumF9Y6pBLTA==@baseline.org.quantumbadger.redreader/ was not found. Marking affiliation data as stale...
08-05 12:46:52.623 13697  2918 I Finsky  : [6122] gzn.a(-1): [ContentSync] finished, scheduled=false
08-05 12:46:52.705   918  3670 I AccountManagerService: getTypesVisibleToCaller: isPermitted? true
08-05 12:46:52.714 13697  2917 I Finsky  : [6121] lyv.run(-1): Wrote row to frosting DB: 2735
08-05 12:46:52.774 13697 13697 I Finsky  : [1] xmu.a(8): SCH: Jobs in database: 1-1337 3-213 3-214 12-1 24-77777777 26-1414141414 
08-05 12:46:52.777 13697  2918 I Finsky  : [6122] gzn.a(-1): [ContentSync] finished, scheduled=true
08-05 12:46:52.777 13697 13697 I Finsky  : [1] xio.a(57): SCH: ConstraintMapping: 24-77777777,  -> L: 0ms, D: 30187744ms, C: false, I: true, N: 0
08-05 12:46:52.778 13697 13697 I Finsky  : [1] xio.a(57): SCH: ConstraintMapping: 1-1337, 12-1,  -> L: 14587ms, D: 33540142ms, C: false, I: false, N: 1
08-05 12:46:52.779 13697 13697 I Finsky  : [1] xio.a(57): SCH: ConstraintMapping: 3-213,  -> L: 0ms, D: 84330535ms, C: false, I: true, N: 2
08-05 12:46:52.779 13697 13697 I Finsky  : [1] xio.a(57): SCH: ConstraintMapping: 3-214,  -> L: 0ms, D: 84330623ms, C: true, I: true, N: 2
08-05 12:46:52.780 13697 13697 I Finsky  : [1] xio.a(57): SCH: ConstraintMapping: 26-1414141414,  -> L: 38187603ms, D: 39087603ms, C: false, I: false, N: 0
08-05 12:46:52.781 13697  2917 I Finsky  : [6121] lyv.run(-1): Wrote row to frosting DB: 2736
08-05 12:46:52.796  2932  2932 D AndroidRuntime: >>>>>> START com.android.internal.os.RuntimeInit uid 2000 <<<<<<
08-05 12:46:52.799  2932  2932 D AndroidRuntime: CheckJNI is OFF
08-05 12:46:52.804 13697 13697 I Finsky  : [1] xle.a(34): Cancelling existing jobscheduler jobs: 9004 9010 9003 9006 9005 9002 9008 9007 9001 9009 
08-05 12:46:52.805 13697 13697 I Finsky  : [1] xle.a(27): Scheduling job Id: 9000, L: 0, D: 30187744, C: false, I: true, N: 0
08-05 12:46:52.817 13697 13697 I Finsky  : [1] xle.a(27): Scheduling job Id: 9011, L: 14587, D: 33540142, C: false, I: false, N: 1
08-05 12:46:52.819 13697 13697 I Finsky  : [1] xle.a(27): Scheduling job Id: 9012, L: 0, D: 84330535, C: false, I: true, N: 2
08-05 12:46:52.823 13697 13697 I Finsky  : [1] xle.a(27): Scheduling job Id: 9013, L: 0, D: 84330623, C: true, I: true, N: 2
08-05 12:46:52.823  2932  2932 D ICU     : No timezone override file found: /data/misc/zoneinfo/current/icu/icu_tzdata.dat
08-05 12:46:52.825 13697 13697 I Finsky  : [1] xle.a(27): Scheduling job Id: 9014, L: 38187603, D: 39087603, C: false, I: false, N: 0
08-05 12:46:52.828 13697 13697 I Finsky  : [1] xle.a(27): Scheduling job Id: 9015, L: 0, D: 30187744, C: false, I: true, N: 0
08-05 12:46:52.830 13697 13697 I Finsky  : [1] xle.a(27): Scheduling job Id: 9016, L: 14587, D: 33540142, C: false, I: false, N: 1
08-05 12:46:52.833 13697 13697 I Finsky  : [1] xle.a(27): Scheduling job Id: 9017, L: 0, D: 84330535, C: false, I: true, N: 2
08-05 12:46:52.834 13697 13697 I Finsky  : [1] xle.a(27): Scheduling job Id: 9018, L: 0, D: 84330623, C: true, I: true, N: 2
08-05 12:46:52.837 13697 13697 I Finsky  : [1] xle.a(27): Scheduling job Id: 9019, L: 38187603, D: 39087603, C: false, I: false, N: 0
08-05 12:46:52.849  2932  2932 I Radio-JNI: register_android_hardware_Radio DONE
08-05 12:46:52.862 13697  2917 I Finsky  : [6121] lyv.run(-1): Wrote row to frosting DB: 2737
08-05 12:46:52.864  2932  2932 D AndroidRuntime: Calling main entry com.android.commands.monkey.Monkey
08-05 12:46:52.867 24577 13336 I Icing   : IndexChimeraService.getServiceInterface callingPackage=com.google.android.gms componentName=AppsCorpus serviceId=36
08-05 12:46:52.879   918   931 W BroadcastQueue: Skipping deliver [background] BroadcastRecord{8935361 u-1 android.net.conn.CONNECTIVITY_CHANGE} to ReceiverList{8283e86 2932 (unknown name)/2000/u-1 remote:986bb6b}: process crashing
08-05 12:46:52.897   918  3714 I ActivityManager: START u0 {act=android.intent.action.MAIN cat=[android.intent.category.LAUNCHER] flg=0x10200000 cmp=baseline.org.quantumbadger.redreader/.activities.MainActivity} from uid 2000 on display 0
08-05 12:46:52.898   918  3961 I AccountManagerService: getTypesVisibleToCaller: isPermitted? true
08-05 12:46:52.908   918   932 I sensors : batch
08-05 12:46:52.921   918  3188 I hubconnection: sensorhub said: 'batch 31 flags:0, sampling_rate_Hz:15.00, max_report_latency_us:0'
08-05 12:46:52.924  2955  2955 I art     : Late-enabling -Xcheck:jni
08-05 12:46:52.927   918  5952 I ActivityManager: Start proc 2955:baseline.org.quantumbadger.redreader/u0a689 for activity baseline.org.quantumbadger.redreader/.activities.MainActivity
08-05 12:46:52.942   918   932 I sensors : flush
08-05 12:46:52.943  2932  2932 I art     : System.exit called, status: 0
08-05 12:46:52.943  2932  2932 I AndroidRuntime: VM exiting with result code 0.
08-05 12:46:52.948   918  3188 I hubconnection: sensorhub said: 'flush 31'
08-05 12:46:52.948   918  3188 I hubconnection: saw sensor 31 flushed
08-05 12:46:52.949 24577 19249 W Icing   : No valid account for uploading user actions
08-05 12:46:52.983 24577 13336 I Icing   : IndexChimeraService.getServiceInterface callingPackage=com.google.android.gms componentName=null serviceId=30
08-05 12:46:52.991  2955  2955 W System  : ClassLoader referenced unknown path: /data/app/baseline.org.quantumbadger.redreader-2/lib/arm64
08-05 12:46:53.005   719 14641 I PBSessionCacheImpl: Deleted sessionId[3163792008073881] from persistence.
08-05 12:46:53.011   719   760 W SearchServiceCore: Abort, client detached.
08-05 12:46:53.011   719   760 I MicroDetectionState: Should stop hotword detection immediately - true
08-05 12:46:53.013  2955  2955 I RedReader: Application created.
08-05 12:46:53.021  2955  2989 I RedditChangeDataIO: Running initial read...
08-05 12:46:53.033  2955  2955 I RedReader: Checking for new messages.
08-05 12:46:53.035  2955  2989 I RedditChangeDataIO: Data file at '/data/user/0/baseline.org.quantumbadger.redreader/files/rr_change_data.dat'
08-05 12:46:53.035  2955  2989 I RedditChangeDataIO: Data file does not exist. Aborting read.
08-05 12:46:53.035  2955  2989 I RedditChangeDataManager: Pruning for all users...
08-05 12:46:53.035  2955  2989 I RedditChangeDataManager: Pruning complete.
08-05 12:46:53.046 24577 19249 I Icing   : Usage reports ok 2, Failed Usage reports 0, indexed 0, rejected 0
08-05 12:46:53.050 24577 19249 W Icing   : No valid account for uploading user actions
08-05 12:46:53.065 24577 19249 I Icing   : Usage reports ok 0, Failed Usage reports 0, indexed 0, rejected 0
08-05 12:46:53.066 24577 19249 I Icing   : Indexing com.google.android.gms-internal.3p:MobileApplication from com.google.android.gms using seqno 763
08-05 12:46:53.070 24577 19249 I Icing   : Indexing com.google.android.gms-internal.3p:MobileApplication from com.google.android.gms using seqno 763
08-05 12:46:53.099 24577 13336 I Icing   : IndexChimeraService.getServiceInterface callingPackage=com.google.android.gms componentName=null serviceId=36
08-05 12:46:53.103 24577 19249 W Icing   : No valid account for uploading user actions
08-05 12:46:53.116 24577 19249 I Icing   : Usage reports ok 0, Failed Usage reports 0, indexed 0, rejected 0
08-05 12:46:53.119  2955  2955 W art     : Before Android 4.1, method android.graphics.PorterDuffColorFilter androidx.vectordrawable.graphics.drawable.VectorDrawableCompat.updateTintFilter(android.graphics.PorterDuffColorFilter, android.content.res.ColorStateList, android.graphics.PorterDuff$Mode) would have incorrectly overridden the package-private method in android.graphics.drawable.Drawable
08-05 12:46:53.138  2955  2955 I art     : Rejecting re-init on previously-failed class java.lang.Class<androidx.core.view.ViewCompat$2>
08-05 12:46:53.139  2955  2955 I art     : Rejecting re-init on previously-failed class java.lang.Class<androidx.core.view.ViewCompat$2>
08-05 12:46:53.147  2955  2955 I AppCompatViewInflater: app:theme is now deprecated. Please move to using android:theme instead.
08-05 12:46:53.155  2955  2988 I CacheManager: Pruning 108 files
08-05 12:46:53.335  2955  2955 I RawObjectDB query string: CREATE TABLE objects(RawObjectDB_id TEXT PRIMARY KEY ON CONFLICT REPLACE,RawObjectDB_timestamp INTEGER,serialised TEXT)
08-05 12:46:53.387  2955  2955 I RawObjectDB query string: CREATE TABLE objects(RawObjectDB_id TEXT PRIMARY KEY ON CONFLICT REPLACE,RawObjectDB_timestamp INTEGER,serialised TEXT)
08-05 12:46:53.461  2955  2991 D OpenGLRenderer: Use EGL_SWAP_BEHAVIOR_PRESERVED: true
08-05 12:46:53.512  2955  2991 I Adreno  : QUALCOMM build                   : fcf4852, I1af360237c
08-05 12:46:53.512  2955  2991 I Adreno  : Build Date                       : 09/23/15
08-05 12:46:53.512  2955  2991 I Adreno  : OpenGL ES Shader Compiler Version: XE031.05.13.02
08-05 12:46:53.512  2955  2991 I Adreno  : Local Branch                     : mybranch14465806
08-05 12:46:53.512  2955  2991 I Adreno  : Remote Branch                    : quic/LA.BF64.1.2.9_v2
08-05 12:46:53.512  2955  2991 I Adreno  : Remote Branch                    : NONE
08-05 12:46:53.512  2955  2991 I Adreno  : Reconstruct Branch               : NOTHING
08-05 12:46:53.518  2955  2991 I OpenGLRenderer: Initialized EGL, version 1.4
08-05 12:46:53.527  2416  2416 I ServiceManager: Waiting for service AtCmdFwd...
08-05 12:46:53.810   918   936 I ActivityManager: Displayed baseline.org.quantumbadger.redreader/.activities.MainActivity: +900ms
08-05 12:46:54.049 24577 19249 I Icing   : Indexing com.google.android.gms-apps from com.google.android.gms
08-05 12:46:54.136 24577 19249 I Icing   : Indexing done com.google.android.gms-apps
08-05 12:46:54.528  2416  2416 I ServiceManager: Waiting for service AtCmdFwd...
08-05 12:46:54.535  3006  3006 D AndroidRuntime: >>>>>> START com.android.internal.os.RuntimeInit uid 2000 <<<<<<
08-05 12:46:54.542  3006  3006 D AndroidRuntime: CheckJNI is OFF
08-05 12:46:54.573  3006  3006 D ICU     : No timezone override file found: /data/misc/zoneinfo/current/icu/icu_tzdata.dat
08-05 12:46:54.606  3006  3006 I Radio-JNI: register_android_hardware_Radio DONE
08-05 12:46:54.624  3006  3006 D AndroidRuntime: Calling main entry com.android.commands.am.Am
08-05 12:46:54.634 14749 14749 I Trepn   : Trepn 6.2s: Received intent: com.quicinc.trepn.start_profiling
08-05 12:46:54.720 14749 14749 W FileUtils: Failed to chmod(/storage/emulated/0/trepn/Trepn_2020.08.05_124654.db): android.system.ErrnoException: chmod failed: EPERM (Operation not permitted)
08-05 12:46:54.802 14749 14749 I Trepn   : Trepn 6.2s: Trepn has Started Profiling.
08-05 12:46:54.803  3006  3006 D AndroidRuntime: Shutting down VM
08-05 12:46:55.303  2955  2980 I art     : Starting a blocking GC Explicit
08-05 12:46:55.330  2955  2980 I art     : Explicit concurrent mark sweep GC freed 16924(1661KB) AllocSpace objects, 8(216KB) LOS objects, 40% free, 20MB/34MB, paused 486us total 27.282ms
08-05 12:46:55.341  2955  2980 I art     : Starting a blocking GC Explicit
08-05 12:46:55.354  2955  2980 I art     : Explicit concurrent mark sweep GC freed 1532(73KB) AllocSpace objects, 0(0B) LOS objects, 40% free, 20MB/34MB, paused 133us total 11.851ms
08-05 12:46:55.364  2955  2980 I art     : Starting a blocking GC Explicit
08-05 12:46:55.374  2955  2980 I art     : Explicit concurrent mark sweep GC freed 3(96B) AllocSpace objects, 0(0B) LOS objects, 40% free, 20MB/34MB, paused 105us total 10.601ms
08-05 12:46:55.382  2955  2980 I art     : Starting a blocking GC Explicit
08-05 12:46:55.392  2955  2980 I art     : Explicit concurrent mark sweep GC freed 3(96B) AllocSpace objects, 0(0B) LOS objects, 40% free, 20MB/34MB, paused 113us total 10.497ms
08-05 12:46:55.400  2955  2980 I art     : Starting a blocking GC Explicit
08-05 12:46:55.410  2955  2980 I art     : Explicit concurrent mark sweep GC freed 3(96B) AllocSpace objects, 0(0B) LOS objects, 40% free, 20MB/34MB, paused 114us total 9.802ms
08-05 12:46:55.528  2416  2416 W Atfwd_Sendcmd: AtCmdFwd service not published, waiting... retryCnt : 1
08-05 12:46:55.708  2955  2979 I art     : Starting a blocking GC Explicit
08-05 12:46:55.728  2955  2979 I art     : Explicit concurrent mark sweep GC freed 1334(78KB) AllocSpace objects, 1(20KB) LOS objects, 40% free, 20MB/34MB, paused 151us total 19.336ms
08-05 12:46:55.740  2955  2979 I art     : Starting a blocking GC Explicit
08-05 12:46:55.754  2955  2979 I art     : Explicit concurrent mark sweep GC freed 20(704B) AllocSpace objects, 0(0B) LOS objects, 40% free, 20MB/34MB, paused 125us total 13.115ms
08-05 12:46:55.762  2955  2979 I art     : Starting a blocking GC Explicit
08-05 12:46:55.773  2955  2979 I art     : Explicit concurrent mark sweep GC freed 3(96B) AllocSpace objects, 0(0B) LOS objects, 40% free, 20MB/34MB, paused 115us total 10.738ms
08-05 12:46:55.781  2955  2979 I art     : Starting a blocking GC Explicit
08-05 12:46:55.792  2955  2979 I art     : Explicit concurrent mark sweep GC freed 3(96B) AllocSpace objects, 0(0B) LOS objects, 40% free, 20MB/34MB, paused 112us total 10.301ms
08-05 12:46:55.800  2955  2979 I art     : Starting a blocking GC Explicit
08-05 12:46:55.810  2955  2979 I art     : Explicit concurrent mark sweep GC freed 3(96B) AllocSpace objects, 0(0B) LOS objects, 40% free, 20MB/34MB, paused 103us total 10.241ms
08-05 12:46:56.088  2955  3034 I art     : Starting a blocking GC Explicit
08-05 12:46:56.106  2955  3034 I art     : Explicit concurrent mark sweep GC freed 1333(78KB) AllocSpace objects, 1(20KB) LOS objects, 40% free, 20MB/34MB, paused 186us total 17.746ms
08-05 12:46:56.119  2955  3034 I art     : Starting a blocking GC Explicit
08-05 12:46:56.134  2955  3034 I art     : Explicit concurrent mark sweep GC freed 20(704B) AllocSpace objects, 0(0B) LOS objects, 40% free, 20MB/34MB, paused 133us total 14.388ms
08-05 12:46:56.143  2955  3034 I art     : Starting a blocking GC Explicit
08-05 12:46:56.155  2955  3034 I art     : Explicit concurrent mark sweep GC freed 3(96B) AllocSpace objects, 0(0B) LOS objects, 40% free, 20MB/34MB, paused 121us total 11.231ms
08-05 12:46:56.163  2955  3034 I art     : Starting a blocking GC Explicit
08-05 12:46:56.174  2955  3034 I art     : Explicit concurrent mark sweep GC freed 3(96B) AllocSpace objects, 0(0B) LOS objects, 40% free, 20MB/34MB, paused 135us total 10.897ms
08-05 12:46:56.183  2955  3034 I art     : Starting a blocking GC Explicit
08-05 12:46:56.193  2955  3034 I art     : Explicit concurrent mark sweep GC freed 3(96B) AllocSpace objects, 0(0B) LOS objects, 40% free, 20MB/34MB, paused 117us total 10.126ms
08-05 12:46:56.486  2955  2980 I art     : Starting a blocking GC Explicit
08-05 12:46:56.503  2955  2980 I art     : Explicit concurrent mark sweep GC freed 1333(78KB) AllocSpace objects, 1(20KB) LOS objects, 40% free, 20MB/34MB, paused 174us total 17.046ms
08-05 12:46:56.516  2955  2980 I art     : Starting a blocking GC Explicit
08-05 12:46:56.530  2955  2980 I art     : Explicit concurrent mark sweep GC freed 20(704B) AllocSpace objects, 0(0B) LOS objects, 40% free, 20MB/34MB, paused 144us total 13.884ms
08-05 12:46:56.539  2955  2980 I art     : Starting a blocking GC Explicit
08-05 12:46:56.550  2955  2980 I art     : Explicit concurrent mark sweep GC freed 3(96B) AllocSpace objects, 0(0B) LOS objects, 40% free, 20MB/34MB, paused 126us total 10.738ms
08-05 12:46:56.558  2955  2980 I art     : Starting a blocking GC Explicit
08-05 12:46:56.569  2955  2980 I art     : Explicit concurrent mark sweep GC freed 3(96B) AllocSpace objects, 0(0B) LOS objects, 40% free, 20MB/34MB, paused 126us total 10.744ms
08-05 12:46:56.578  2955  2980 I art     : Starting a blocking GC Explicit
08-05 12:46:56.588  2955  2980 I art     : Explicit concurrent mark sweep GC freed 3(96B) AllocSpace objects, 0(0B) LOS objects, 40% free, 20MB/34MB, paused 118us total 10.551ms
08-05 12:46:56.877  2955  2979 I art     : Starting a blocking GC Explicit
08-05 12:46:56.893  2955  2979 I art     : Explicit concurrent mark sweep GC freed 1333(78KB) AllocSpace objects, 1(20KB) LOS objects, 40% free, 20MB/34MB, paused 159us total 15.717ms
08-05 12:46:56.906  2955  2979 I art     : Starting a blocking GC Explicit
08-05 12:46:56.920  2955  2979 I art     : Explicit concurrent mark sweep GC freed 20(704B) AllocSpace objects, 0(0B) LOS objects, 40% free, 20MB/34MB, paused 127us total 13.849ms
08-05 12:46:56.931  2955  2979 I art     : Starting a blocking GC Explicit
08-05 12:46:56.942  2955  2979 I art     : Explicit concurrent mark sweep GC freed 3(96B) AllocSpace objects, 0(0B) LOS objects, 40% free, 20MB/34MB, paused 116us total 11.024ms
08-05 12:46:56.950  2955  2979 I art     : Starting a blocking GC Explicit
08-05 12:46:56.961  2955  2979 I art     : Explicit concurrent mark sweep GC freed 3(96B) AllocSpace objects, 0(0B) LOS objects, 40% free, 20MB/34MB, paused 115us total 10.854ms
08-05 12:46:56.970  2955  2979 I art     : Starting a blocking GC Explicit
08-05 12:46:56.981  2955  2979 I art     : Explicit concurrent mark sweep GC freed 3(96B) AllocSpace objects, 0(0B) LOS objects, 40% free, 20MB/34MB, paused 119us total 10.693ms
08-05 12:46:57.288  2955  3034 I art     : Starting a blocking GC Explicit
08-05 12:46:57.303  2955  3034 I art     : Explicit concurrent mark sweep GC freed 1334(78KB) AllocSpace objects, 1(20KB) LOS objects, 40% free, 20MB/34MB, paused 151us total 14.076ms
08-05 12:46:57.315  2955  3034 I art     : Starting a blocking GC Explicit
08-05 12:46:57.326  2955  3034 I art     : Explicit concurrent mark sweep GC freed 20(704B) AllocSpace objects, 0(0B) LOS objects, 40% free, 20MB/34MB, paused 118us total 11.102ms
08-05 12:46:57.334  2955  3034 I art     : Starting a blocking GC Explicit
08-05 12:46:57.344  2955  3034 I art     : Explicit concurrent mark sweep GC freed 3(96B) AllocSpace objects, 0(0B) LOS objects, 40% free, 20MB/34MB, paused 113us total 10.230ms
08-05 12:46:57.352  2955  3034 I art     : Starting a blocking GC Explicit
08-05 12:46:57.364  2955  3034 I art     : Explicit concurrent mark sweep GC freed 3(96B) AllocSpace objects, 0(0B) LOS objects, 40% free, 20MB/34MB, paused 114us total 10.862ms
08-05 12:46:57.371  2955  3034 I art     : Starting a blocking GC Explicit
08-05 12:46:57.382  2955  3034 I art     : Explicit concurrent mark sweep GC freed 3(96B) AllocSpace objects, 0(0B) LOS objects, 40% free, 20MB/34MB, paused 112us total 10.393ms
08-05 12:46:57.695  2955  2980 I art     : Starting a blocking GC Explicit
08-05 12:46:57.710  2955  2980 I art     : Explicit concurrent mark sweep GC freed 1334(78KB) AllocSpace objects, 1(20KB) LOS objects, 40% free, 20MB/34MB, paused 162us total 15.344ms
08-05 12:46:57.724  2955  2980 I art     : Starting a blocking GC Explicit
08-05 12:46:57.736  2955  2980 I art     : Explicit concurrent mark sweep GC freed 20(704B) AllocSpace objects, 0(0B) LOS objects, 40% free, 20MB/34MB, paused 129us total 11.681ms
08-05 12:46:57.744  2955  2980 I art     : Starting a blocking GC Explicit
08-05 12:46:57.755  2955  2980 I art     : Explicit concurrent mark sweep GC freed 3(96B) AllocSpace objects, 0(0B) LOS objects, 40% free, 20MB/34MB, paused 120us total 10.720ms
08-05 12:46:57.763  2955  2980 I art     : Starting a blocking GC Explicit
08-05 12:46:57.773  2955  2980 I art     : Explicit concurrent mark sweep GC freed 3(96B) AllocSpace objects, 0(0B) LOS objects, 40% free, 20MB/34MB, paused 126us total 10.335ms
08-05 12:46:57.781  2955  2980 I art     : Starting a blocking GC Explicit
08-05 12:46:57.791  2955  2980 I art     : Explicit concurrent mark sweep GC freed 3(96B) AllocSpace objects, 0(0B) LOS objects, 40% free, 20MB/34MB, paused 109us total 10.290ms
08-05 12:46:58.096  2955  2979 I art     : Starting a blocking GC Explicit
08-05 12:46:58.112  2955  2979 I art     : Explicit concurrent mark sweep GC freed 1333(78KB) AllocSpace objects, 1(20KB) LOS objects, 40% free, 20MB/34MB, paused 132us total 15.794ms
08-05 12:46:58.123  2955  2979 I art     : Starting a blocking GC Explicit
08-05 12:46:58.134  2955  2979 I art     : Explicit concurrent mark sweep GC freed 20(704B) AllocSpace objects, 0(0B) LOS objects, 40% free, 20MB/34MB, paused 117us total 11.142ms
08-05 12:46:58.143  2955  2979 I art     : Starting a blocking GC Explicit
08-05 12:46:58.153  2955  2979 I art     : Explicit concurrent mark sweep GC freed 3(96B) AllocSpace objects, 0(0B) LOS objects, 40% free, 20MB/34MB, paused 114us total 10.641ms
08-05 12:46:58.162  2955  2979 I art     : Starting a blocking GC Explicit
08-05 12:46:58.173  2955  2979 I art     : Explicit concurrent mark sweep GC freed 3(96B) AllocSpace objects, 0(0B) LOS objects, 40% free, 20MB/34MB, paused 116us total 10.689ms
08-05 12:46:58.181  2955  2979 I art     : Starting a blocking GC Explicit
08-05 12:46:58.191  2955  2979 I art     : Explicit concurrent mark sweep GC freed 3(96B) AllocSpace objects, 0(0B) LOS objects, 40% free, 20MB/34MB, paused 121us total 10.302ms
08-05 12:46:58.515  2955  3034 I art     : Starting a blocking GC Explicit
08-05 12:46:58.535  2955  3034 I art     : Explicit concurrent mark sweep GC freed 1333(78KB) AllocSpace objects, 1(20KB) LOS objects, 40% free, 20MB/34MB, paused 171us total 19.161ms
08-05 12:46:58.548  2955  3034 I art     : Starting a blocking GC Explicit
08-05 12:46:58.561  2955  3034 I art     : Explicit concurrent mark sweep GC freed 20(704B) AllocSpace objects, 0(0B) LOS objects, 40% free, 20MB/34MB, paused 119us total 13.200ms
08-05 12:46:58.572  2955  3034 I art     : Starting a blocking GC Explicit
08-05 12:46:58.583  2955  3034 I art     : Explicit concurrent mark sweep GC freed 3(96B) AllocSpace objects, 0(0B) LOS objects, 40% free, 20MB/34MB, paused 123us total 10.736ms
08-05 12:46:58.591  2955  3034 I art     : Starting a blocking GC Explicit
08-05 12:46:58.602  2955  3034 I art     : Explicit concurrent mark sweep GC freed 3(96B) AllocSpace objects, 0(0B) LOS objects, 40% free, 20MB/34MB, paused 108us total 10.575ms
08-05 12:46:58.610  2955  3034 I art     : Starting a blocking GC Explicit
08-05 12:46:58.621  2955  3034 I art     : Explicit concurrent mark sweep GC freed 3(96B) AllocSpace objects, 0(0B) LOS objects, 40% free, 20MB/34MB, paused 113us total 10.506ms
08-05 12:46:58.927  2955  2980 I art     : Starting a blocking GC Explicit
08-05 12:46:58.939  2955  2980 I art     : Explicit concurrent mark sweep GC freed 1333(78KB) AllocSpace objects, 1(20KB) LOS objects, 40% free, 20MB/34MB, paused 133us total 11.369ms
08-05 12:46:58.947  2955  2980 I art     : Starting a blocking GC Explicit
08-05 12:46:58.957  2955  2980 I art     : Explicit concurrent mark sweep GC freed 20(704B) AllocSpace objects, 0(0B) LOS objects, 40% free, 20MB/34MB, paused 115us total 9.540ms
08-05 12:46:58.965  2955  2980 I art     : Starting a blocking GC Explicit
08-05 12:46:58.974  2955  2980 I art     : Explicit concurrent mark sweep GC freed 3(96B) AllocSpace objects, 0(0B) LOS objects, 40% free, 20MB/34MB, paused 111us total 9.339ms
08-05 12:46:58.982  2955  2980 I art     : Starting a blocking GC Explicit
08-05 12:46:58.991  2955  2980 I art     : Explicit concurrent mark sweep GC freed 3(96B) AllocSpace objects, 0(0B) LOS objects, 40% free, 20MB/34MB, paused 106us total 8.959ms
08-05 12:46:58.998  2955  2980 I art     : Starting a blocking GC Explicit
08-05 12:46:59.007  2955  2980 I art     : Explicit concurrent mark sweep GC freed 3(96B) AllocSpace objects, 0(0B) LOS objects, 40% free, 20MB/34MB, paused 109us total 8.986ms
08-05 12:46:59.275  2955  2979 I art     : Starting a blocking GC Explicit
08-05 12:46:59.289  2955  2979 I art     : Explicit concurrent mark sweep GC freed 1333(78KB) AllocSpace objects, 1(20KB) LOS objects, 40% free, 20MB/34MB, paused 127us total 12.942ms
08-05 12:46:59.297  2955  2979 I art     : Starting a blocking GC Explicit
08-05 12:46:59.308  2955  2979 I art     : Explicit concurrent mark sweep GC freed 20(704B) AllocSpace objects, 0(0B) LOS objects, 40% free, 20MB/34MB, paused 119us total 10.982ms
08-05 12:46:59.317  2955  2979 I art     : Starting a blocking GC Explicit
08-05 12:46:59.328  2955  2979 I art     : Explicit concurrent mark sweep GC freed 3(96B) AllocSpace objects, 0(0B) LOS objects, 40% free, 20MB/34MB, paused 115us total 10.864ms
08-05 12:46:59.336  2955  2979 I art     : Starting a blocking GC Explicit
08-05 12:46:59.347  2955  2979 I art     : Explicit concurrent mark sweep GC freed 3(96B) AllocSpace objects, 0(0B) LOS objects, 40% free, 20MB/34MB, paused 175us total 10.676ms
08-05 12:46:59.355  2955  2979 I art     : Starting a blocking GC Explicit
08-05 12:46:59.365  2955  2979 I art     : Explicit concurrent mark sweep GC freed 3(96B) AllocSpace objects, 0(0B) LOS objects, 40% free, 20MB/34MB, paused 111us total 10.501ms
08-05 12:46:59.645  2955  3034 I art     : Starting a blocking GC Explicit
08-05 12:46:59.658  2955  3034 I art     : Explicit concurrent mark sweep GC freed 1333(78KB) AllocSpace objects, 1(20KB) LOS objects, 40% free, 20MB/34MB, paused 135us total 12.646ms
08-05 12:46:59.667  2955  3034 I art     : Starting a blocking GC Explicit
08-05 12:46:59.678  2955  3034 I art     : Explicit concurrent mark sweep GC freed 20(704B) AllocSpace objects, 0(0B) LOS objects, 40% free, 20MB/34MB, paused 107us total 10.269ms
08-05 12:46:59.685  2955  3034 I art     : Starting a blocking GC Explicit
08-05 12:46:59.695  2955  3034 I art     : Explicit concurrent mark sweep GC freed 3(96B) AllocSpace objects, 0(0B) LOS objects, 40% free, 20MB/34MB, paused 104us total 9.858ms
08-05 12:46:59.703  2955  3034 I art     : Starting a blocking GC Explicit
08-05 12:46:59.713  2955  3034 I art     : Explicit concurrent mark sweep GC freed 3(96B) AllocSpace objects, 0(0B) LOS objects, 40% free, 20MB/34MB, paused 103us total 9.712ms
08-05 12:46:59.721  2955  3034 I art     : Starting a blocking GC Explicit
08-05 12:46:59.730  2955  3034 I art     : Explicit concurrent mark sweep GC freed 3(96B) AllocSpace objects, 0(0B) LOS objects, 40% free, 20MB/34MB, paused 115us total 9.690ms
08-05 12:46:59.966  2955  2980 I art     : Starting a blocking GC Explicit
08-05 12:46:59.977  2955  2980 I art     : Explicit concurrent mark sweep GC freed 1333(78KB) AllocSpace objects, 1(20KB) LOS objects, 40% free, 20MB/34MB, paused 143us total 10.530ms
08-05 12:46:59.985  2955  2980 I art     : Starting a blocking GC Explicit
08-05 12:46:59.995  2955  2980 I art     : Explicit concurrent mark sweep GC freed 20(704B) AllocSpace objects, 0(0B) LOS objects, 40% free, 20MB/34MB, paused 123us total 10.294ms
08-05 12:47:00.003  2955  2980 I art     : Starting a blocking GC Explicit
08-05 12:47:00.014  2955  2980 I art     : Explicit concurrent mark sweep GC freed 3(96B) AllocSpace objects, 0(0B) LOS objects, 40% free, 20MB/34MB, paused 172us total 10.681ms
08-05 12:47:00.022  2955  2980 I art     : Starting a blocking GC Explicit
08-05 12:47:00.032  2955  2980 I art     : Explicit concurrent mark sweep GC freed 3(96B) AllocSpace objects, 0(0B) LOS objects, 40% free, 20MB/34MB, paused 129us total 9.372ms
08-05 12:47:00.040  2955  2980 I art     : Starting a blocking GC Explicit
08-05 12:47:00.050  2955  2980 I art     : Explicit concurrent mark sweep GC freed 3(96B) AllocSpace objects, 0(0B) LOS objects, 40% free, 20MB/34MB, paused 127us total 9.493ms
08-05 12:47:00.160  3165  3165 D AndroidRuntime: >>>>>> START com.android.internal.os.RuntimeInit uid 2000 <<<<<<
08-05 12:47:00.165  3165  3165 D AndroidRuntime: CheckJNI is OFF
08-05 12:47:00.191  3165  3165 D ICU     : No timezone override file found: /data/misc/zoneinfo/current/icu/icu_tzdata.dat
08-05 12:47:00.217  3165  3165 I Radio-JNI: register_android_hardware_Radio DONE
08-05 12:47:00.232  3165  3165 D AndroidRuntime: Calling main entry com.android.commands.input.Input
08-05 12:47:00.234  3165  3165 I Input   : injectMotionEvent: MotionEvent { action=ACTION_DOWN, actionButton=0, id[0]=0, x[0]=720.0, y[0]=1440.0, toolType[0]=TOOL_TYPE_UNKNOWN, buttonState=0, metaState=0, flags=0x0, edgeFlags=0x0, pointerCount=1, historySize=0, eventTime=794836647, downTime=794836647, deviceId=0, source=0x1002 }
08-05 12:47:00.239  3165  3165 I Input   : injectMotionEvent: MotionEvent { action=ACTION_UP, actionButton=0, id[0]=0, x[0]=720.0, y[0]=1440.0, toolType[0]=TOOL_TYPE_UNKNOWN, buttonState=0, metaState=0, flags=0x0, edgeFlags=0x0, pointerCount=1, historySize=0, eventTime=794836647, downTime=794836647, deviceId=0, source=0x1002 }
08-05 12:47:00.240  3165  3165 D AndroidRuntime: Shutting down VM
08-05 12:47:00.249   512  2967 D audio_hw_primary: out_set_parameters: enter: usecase(1: low-latency-playback) kvpairs: routing=2
08-05 12:47:00.261 13866 13866 I GoogleInputMethodServic: GoogleInputMethodService.onFinishInput():3138 
08-05 12:47:00.262 13866 13866 I GoogleInputMethodServic: GoogleInputMethodService.onStartInput():1808 
08-05 12:47:00.263   512  2967 D audio_hw_primary: select_devices: out_snd_device(2: speaker) in_snd_device(0: none)
08-05 12:47:00.263   512  2967 D msm8974_platform: platform_send_audio_calibration: sending audio calibration for snd_device(2) acdb_id(15)
08-05 12:47:00.263   512  2967 I soundtrigger: audio_extn_sound_trigger_update_device_status: device 0x2 of type 0 for Event 1
08-05 12:47:00.274   512  2967 D audio_hw_primary: enable_snd_device: snd_device(2: speaker)
08-05 12:47:00.278   512  2967 D audio_hw_primary: enable_audio_route: apply and update mixer path: low-latency-playback speaker
08-05 12:47:00.303  2955  2979 I art     : Starting a blocking GC Explicit
08-05 12:47:00.313  2955  2979 I art     : Explicit concurrent mark sweep GC freed 1448(82KB) AllocSpace objects, 1(20KB) LOS objects, 40% free, 20MB/34MB, paused 106us total 9.957ms
08-05 12:47:00.321  2955  2979 I art     : Starting a blocking GC Explicit
08-05 12:47:00.333  2955  2979 I art     : Explicit concurrent mark sweep GC freed 991(69KB) AllocSpace objects, 1(76KB) LOS objects, 40% free, 20MB/34MB, paused 127us total 11.405ms
08-05 12:47:00.343  2955  2979 I art     : Starting a blocking GC Explicit
08-05 12:47:00.355  2955  2979 I art     : Explicit concurrent mark sweep GC freed 3(96B) AllocSpace objects, 0(0B) LOS objects, 40% free, 20MB/34MB, paused 111us total 11.945ms
08-05 12:47:00.363  2955  2979 I art     : Starting a blocking GC Explicit
08-05 12:47:00.375  2955  2979 I art     : Explicit concurrent mark sweep GC freed 3(96B) AllocSpace objects, 0(0B) LOS objects, 40% free, 20MB/34MB, paused 112us total 11.662ms
08-05 12:47:00.384  2955  2979 I art     : Starting a blocking GC Explicit
08-05 12:47:00.395  2955  2979 I art     : Explicit concurrent mark sweep GC freed 3(96B) AllocSpace objects, 0(0B) LOS objects, 40% free, 20MB/34MB, paused 104us total 10.982ms
08-05 12:47:00.444   380   380 W SurfaceFlinger: couldn't log to binary event log: overflow.
08-05 12:47:00.529  2416  2416 I ServiceManager: Waiting for service AtCmdFwd...
08-05 12:47:00.534  2955  2955 I RedReader: Checking for new messages.
08-05 12:47:00.535  2955  2955 I RegularCachePruner: Pruning cache...
08-05 12:47:00.535  2955  3205 I RedditChangeDataManager: Pruning for all users...
08-05 12:47:00.535  2955  3205 I RedditChangeDataManager: Pruning complete.
08-05 12:47:00.537  2955  3205 I CacheManager: Pruning 0 files
08-05 12:47:00.609  2955  2980 I art     : Starting a blocking GC Explicit
08-05 12:47:00.619  2955  2980 I art     : Explicit concurrent mark sweep GC freed 1484(88KB) AllocSpace objects, 1(20KB) LOS objects, 40% free, 20MB/34MB, paused 143us total 10.369ms
08-05 12:47:00.627  2955  2980 I art     : Starting a blocking GC Explicit
08-05 12:47:00.638  2955  2980 I art     : Explicit concurrent mark sweep GC freed 61(2608B) AllocSpace objects, 0(0B) LOS objects, 40% free, 20MB/34MB, paused 130us total 9.994ms
08-05 12:47:00.646  2955  2980 I art     : Starting a blocking GC Explicit
08-05 12:47:00.657  2955  2980 I art     : Explicit concurrent mark sweep GC freed 3(96B) AllocSpace objects, 0(0B) LOS objects, 40% free, 20MB/34MB, paused 160us total 10.573ms
08-05 12:47:00.665  2955  2980 I art     : Starting a blocking GC Explicit
08-05 12:47:00.676  2955  2980 I art     : Explicit concurrent mark sweep GC freed 3(96B) AllocSpace objects, 0(0B) LOS objects, 40% free, 20MB/34MB, paused 131us total 10.762ms
08-05 12:47:00.684  2955  2980 I art     : Starting a blocking GC Explicit
08-05 12:47:00.695  2955  2980 I art     : Explicit concurrent mark sweep GC freed 3(96B) AllocSpace objects, 0(0B) LOS objects, 40% free, 20MB/34MB, paused 125us total 10.302ms
08-05 12:47:00.788  3201  3201 D AndroidRuntime: >>>>>> START com.android.internal.os.RuntimeInit uid 2000 <<<<<<
08-05 12:47:00.793  3201  3201 D AndroidRuntime: CheckJNI is OFF
08-05 12:47:00.818   512  2967 D audio_hw_primary: disable_audio_route: reset and update mixer path: low-latency-playback speaker
08-05 12:47:00.819  3201  3201 D ICU     : No timezone override file found: /data/misc/zoneinfo/current/icu/icu_tzdata.dat
08-05 12:47:00.820   512  2967 D audio_hw_primary: disable_snd_device: snd_device(2: speaker)
08-05 12:47:00.828   512  2967 I soundtrigger: audio_extn_sound_trigger_update_device_status: device 0x2 of type 0 for Event 0
08-05 12:47:00.844  3201  3201 I Radio-JNI: register_android_hardware_Radio DONE
08-05 12:47:00.860  3201  3201 D AndroidRuntime: Calling main entry com.android.commands.input.Input
08-05 12:47:00.861  3201  3201 I Input   : injectMotionEvent: MotionEvent { action=ACTION_DOWN, actionButton=0, id[0]=0, x[0]=1345.0, y[0]=165.0, toolType[0]=TOOL_TYPE_UNKNOWN, buttonState=0, metaState=0, flags=0x0, edgeFlags=0x0, pointerCount=1, historySize=0, eventTime=794837274, downTime=794837274, deviceId=0, source=0x1002 }
08-05 12:47:00.866  3201  3201 I Input   : injectMotionEvent: MotionEvent { action=ACTION_UP, actionButton=0, id[0]=0, x[0]=1345.0, y[0]=165.0, toolType[0]=TOOL_TYPE_UNKNOWN, buttonState=0, metaState=0, flags=0x0, edgeFlags=0x0, pointerCount=1, historySize=0, eventTime=794837274, downTime=794837274, deviceId=0, source=0x1002 }
08-05 12:47:00.868  3201  3201 D AndroidRuntime: Shutting down VM
08-05 12:47:00.881   512  2967 D audio_hw_primary: out_set_parameters: enter: usecase(1: low-latency-playback) kvpairs: routing=2
08-05 12:47:00.888  2955  2955 W art     : Before Android 4.1, method int androidx.appcompat.widget.DropDownListView.lookForSelectablePosition(int, boolean) would have incorrectly overridden the package-private method in android.widget.ListView
08-05 12:47:00.892  2955  2955 W art     : Before Android 4.1, method int androidx.appcompat.widget.MenuPopupWindow$MenuDropDownListView.lookForSelectablePosition(int, boolean) would have incorrectly overridden the package-private method in android.widget.ListView
08-05 12:47:00.893  2955  2955 I ListPopupWindow: Could not find method setEpicenterBounds(Rect) on PopupWindow. Oh well.
08-05 12:47:00.896   512  2967 D audio_hw_primary: select_devices: out_snd_device(2: speaker) in_snd_device(0: none)
08-05 12:47:00.896   512  2967 D msm8974_platform: platform_send_audio_calibration: sending audio calibration for snd_device(2) acdb_id(15)
08-05 12:47:00.896   512  2967 I soundtrigger: audio_extn_sound_trigger_update_device_status: device 0x2 of type 0 for Event 1
08-05 12:47:00.908   512  2967 D audio_hw_primary: enable_snd_device: snd_device(2: speaker)
08-05 12:47:00.910   512  2967 D audio_hw_primary: enable_audio_route: apply and update mixer path: low-latency-playback speaker
08-05 12:47:00.936  2955  3034 I art     : Starting a blocking GC Explicit
08-05 12:47:00.947  2955  3034 I art     : Explicit concurrent mark sweep GC freed 2002(212KB) AllocSpace objects, 1(20KB) LOS objects, 40% free, 20MB/34MB, paused 399us total 11.626ms
08-05 12:47:00.952   512  2967 D AudioFlinger: mixer(0xf4740000) throttle end: throttle time(12)
08-05 12:47:00.955  2955  3034 I art     : Starting a blocking GC Explicit
08-05 12:47:00.966  2955  3034 I art     : Explicit concurrent mark sweep GC freed 350(22KB) AllocSpace objects, 0(0B) LOS objects, 40% free, 20MB/34MB, paused 125us total 10.982ms
08-05 12:47:00.975  2955  3034 I art     : Starting a blocking GC Explicit
08-05 12:47:00.986  2955  3034 I art     : Explicit concurrent mark sweep GC freed 115(4KB) AllocSpace objects, 0(0B) LOS objects, 40% free, 20MB/34MB, paused 251us total 11.372ms
08-05 12:47:00.995  2955  3034 I art     : Starting a blocking GC Explicit
08-05 12:47:01.005  2955  3034 I art     : Explicit concurrent mark sweep GC freed 360(27KB) AllocSpace objects, 0(0B) LOS objects, 40% free, 20MB/34MB, paused 124us total 10.099ms
08-05 12:47:01.013  2955  3034 I art     : Starting a blocking GC Explicit
08-05 12:47:01.025  2955  3034 I art     : Explicit concurrent mark sweep GC freed 303(16KB) AllocSpace objects, 0(0B) LOS objects, 40% free, 20MB/34MB, paused 106us total 11.848ms
08-05 12:47:01.195   918  3188 I hubconnection: sensorhub said: 'set_bias 3: -6.2400, 0.0000, 0.0000'
08-05 12:47:01.258  2955  2980 I art     : Starting a blocking GC Explicit
08-05 12:47:01.269  2955  2980 I art     : Explicit concurrent mark sweep GC freed 1659(92KB) AllocSpace objects, 1(20KB) LOS objects, 40% free, 20MB/34MB, paused 122us total 10.217ms
08-05 12:47:01.277  2955  2980 I art     : Starting a blocking GC Explicit
08-05 12:47:01.287  2955  2980 I art     : Explicit concurrent mark sweep GC freed 30(1104B) AllocSpace objects, 0(0B) LOS objects, 40% free, 20MB/34MB, paused 173us total 9.814ms
08-05 12:47:01.294  2955  2980 I art     : Starting a blocking GC Explicit
08-05 12:47:01.305  2955  2980 I art     : Explicit concurrent mark sweep GC freed 3(96B) AllocSpace objects, 0(0B) LOS objects, 40% free, 20MB/34MB, paused 120us total 10.151ms
08-05 12:47:01.312  2955  2980 I art     : Starting a blocking GC Explicit
08-05 12:47:01.322  2955  2980 I art     : Explicit concurrent mark sweep GC freed 3(96B) AllocSpace objects, 0(0B) LOS objects, 40% free, 20MB/34MB, paused 125us total 9.852ms
08-05 12:47:01.330  2955  2980 I art     : Starting a blocking GC Explicit
08-05 12:47:01.340  2955  2980 I art     : Explicit concurrent mark sweep GC freed 5(192B) AllocSpace objects, 0(0B) LOS objects, 40% free, 20MB/34MB, paused 127us total 9.937ms
08-05 12:47:01.402  3237  3237 D AndroidRuntime: >>>>>> START com.android.internal.os.RuntimeInit uid 2000 <<<<<<
08-05 12:47:01.406  3237  3237 D AndroidRuntime: CheckJNI is OFF
08-05 12:47:01.431  3237  3237 D ICU     : No timezone override file found: /data/misc/zoneinfo/current/icu/icu_tzdata.dat
08-05 12:47:01.438   512  2967 D audio_hw_primary: disable_audio_route: reset and update mixer path: low-latency-playback speaker
08-05 12:47:01.439   512  2967 D audio_hw_primary: disable_snd_device: snd_device(2: speaker)
08-05 12:47:01.448   512  2967 I soundtrigger: audio_extn_sound_trigger_update_device_status: device 0x2 of type 0 for Event 0
08-05 12:47:01.456  3237  3237 I Radio-JNI: register_android_hardware_Radio DONE
08-05 12:47:01.472  3237  3237 D AndroidRuntime: Calling main entry com.android.commands.input.Input
08-05 12:47:01.473  3237  3237 I Input   : injectMotionEvent: MotionEvent { action=ACTION_DOWN, actionButton=0, id[0]=0, x[0]=940.0, y[0]=501.0, toolType[0]=TOOL_TYPE_UNKNOWN, buttonState=0, metaState=0, flags=0x0, edgeFlags=0x0, pointerCount=1, historySize=0, eventTime=794837886, downTime=794837886, deviceId=0, source=0x1002 }
08-05 12:47:01.477  3237  3237 I Input   : injectMotionEvent: MotionEvent { action=ACTION_UP, actionButton=0, id[0]=0, x[0]=940.0, y[0]=501.0, toolType[0]=TOOL_TYPE_UNKNOWN, buttonState=0, metaState=0, flags=0x0, edgeFlags=0x0, pointerCount=1, historySize=0, eventTime=794837886, downTime=794837886, deviceId=0, source=0x1002 }
08-05 12:47:01.479  3237  3237 D AndroidRuntime: Shutting down VM
08-05 12:47:01.529  2416  2416 I ServiceManager: Waiting for service AtCmdFwd...
08-05 12:47:01.545   512  2967 D audio_hw_primary: out_set_parameters: enter: usecase(1: low-latency-playback) kvpairs: routing=2
08-05 12:47:01.548   918  6111 I ActivityManager: START u0 {cmp=baseline.org.quantumbadger.redreader/.settings.SettingsActivity} from uid 10689 on display 0
08-05 12:47:01.558   512  2967 D audio_hw_primary: select_devices: out_snd_device(2: speaker) in_snd_device(0: none)
08-05 12:47:01.558   512  2967 D msm8974_platform: platform_send_audio_calibration: sending audio calibration for snd_device(2) acdb_id(15)
08-05 12:47:01.559   512  2967 I soundtrigger: audio_extn_sound_trigger_update_device_status: device 0x2 of type 0 for Event 1
08-05 12:47:01.560 13866 13866 I GoogleInputMethodServic: GoogleInputMethodService.onFinishInput():3138 
08-05 12:47:01.561 13866 13866 I GoogleInputMethodServic: GoogleInputMethodService.onStartInput():1808 
08-05 12:47:01.574   512  2967 D audio_hw_primary: enable_snd_device: snd_device(2: speaker)
08-05 12:47:01.577   512  2967 D audio_hw_primary: enable_audio_route: apply and update mixer path: low-latency-playback speaker
08-05 12:47:01.601  2955  3034 I art     : Starting a blocking GC Explicit
08-05 12:47:01.623  2955  3034 I art     : Explicit concurrent mark sweep GC freed 2409(228KB) AllocSpace objects, 1(20KB) LOS objects, 40% free, 21MB/35MB, paused 526us total 21.472ms
08-05 12:47:01.623   512  2967 D AudioFlinger: mixer(0xf4740000) throttle end: throttle time(12)
08-05 12:47:01.632  2955  3034 I art     : Starting a blocking GC Explicit
08-05 12:47:01.645  2955  3034 I art     : Explicit concurrent mark sweep GC freed 300(27KB) AllocSpace objects, 0(0B) LOS objects, 40% free, 21MB/35MB, paused 167us total 12.079ms
08-05 12:47:01.653  2955  3034 I art     : Starting a blocking GC Explicit
08-05 12:47:01.666  2955  3034 I art     : Explicit concurrent mark sweep GC freed 247(10KB) AllocSpace objects, 0(0B) LOS objects, 40% free, 21MB/35MB, paused 380us total 12.308ms
08-05 12:47:01.675  2955  3034 I art     : Starting a blocking GC Explicit
08-05 12:47:01.688  2955  3034 I art     : Explicit concurrent mark sweep GC freed 163(8KB) AllocSpace objects, 0(0B) LOS objects, 40% free, 21MB/35MB, paused 177us total 12.312ms
08-05 12:47:01.696   918   936 I ActivityManager: Displayed baseline.org.quantumbadger.redreader/.settings.SettingsActivity: +125ms
08-05 12:47:01.697 13866 13866 I GoogleInputMethodServic: GoogleInputMethodService.onFinishInput():3138 
08-05 12:47:01.697  2955  3034 I art     : Starting a blocking GC Explicit
08-05 12:47:01.697 13866 13866 I GoogleInputMethodServic: GoogleInputMethodService.onStartInput():1808 
08-05 12:47:01.709  2955  3034 I art     : Explicit concurrent mark sweep GC freed 202(9KB) AllocSpace objects, 0(0B) LOS objects, 40% free, 21MB/35MB, paused 175us total 12.300ms
08-05 12:47:01.734  2955  2991 D OpenGLRenderer: endAllStagingAnimators on 0x7f94bbac00 (MenuPopupWindow$MenuDropDownListView) with handle 0x7f804d23e0
08-05 12:47:01.954   380   380 W SurfaceFlinger: couldn't log to binary event log: overflow.
08-05 12:47:01.966  2955  2980 I art     : Starting a blocking GC Explicit
08-05 12:47:01.979  2955  2980 I art     : Explicit concurrent mark sweep GC freed 1527(86KB) AllocSpace objects, 1(20KB) LOS objects, 40% free, 21MB/35MB, paused 132us total 13.515ms
08-05 12:47:01.987  2955  2980 I art     : Starting a blocking GC Explicit
08-05 12:47:01.998  2955  2980 I art     : Explicit concurrent mark sweep GC freed 53(2032B) AllocSpace objects, 0(0B) LOS objects, 40% free, 21MB/35MB, paused 123us total 10.894ms
08-05 12:47:02.006  2955  2980 I art     : Starting a blocking GC Explicit
08-05 12:47:02.018  2955  2980 I art     : Explicit concurrent mark sweep GC freed 3(96B) AllocSpace objects, 0(0B) LOS objects, 40% free, 21MB/35MB, paused 117us total 11.247ms
08-05 12:47:02.025  2955  2980 I art     : Starting a blocking GC Explicit
08-05 12:47:02.036  2955  2980 I art     : Explicit concurrent mark sweep GC freed 3(96B) AllocSpace objects, 0(0B) LOS objects, 40% free, 21MB/35MB, paused 118us total 10.500ms
08-05 12:47:02.044  2955  2980 I art     : Starting a blocking GC Explicit
08-05 12:47:02.047  3296  3296 D AndroidRuntime: >>>>>> START com.android.internal.os.RuntimeInit uid 2000 <<<<<<
08-05 12:47:02.050  3296  3296 D AndroidRuntime: CheckJNI is OFF
08-05 12:47:02.055  2955  2980 I art     : Explicit concurrent mark sweep GC freed 48(1648B) AllocSpace objects, 0(0B) LOS objects, 40% free, 21MB/35MB, paused 196us total 11.164ms
08-05 12:47:02.074  3296  3296 D ICU     : No timezone override file found: /data/misc/zoneinfo/current/icu/icu_tzdata.dat
08-05 12:47:02.097  3296  3296 I Radio-JNI: register_android_hardware_Radio DONE
08-05 12:47:02.109   512  2967 D audio_hw_primary: disable_audio_route: reset and update mixer path: low-latency-playback speaker
08-05 12:47:02.110   512  2967 D audio_hw_primary: disable_snd_device: snd_device(2: speaker)
08-05 12:47:02.112  3296  3296 D AndroidRuntime: Calling main entry com.android.commands.input.Input
08-05 12:47:02.113  3296  3296 I Input   : injectMotionEvent: MotionEvent { action=ACTION_DOWN, actionButton=0, id[0]=0, x[0]=216.0, y[0]=853.0, toolType[0]=TOOL_TYPE_UNKNOWN, buttonState=0, metaState=0, flags=0x0, edgeFlags=0x0, pointerCount=1, historySize=0, eventTime=794838526, downTime=794838526, deviceId=0, source=0x1002 }
08-05 12:47:02.119  3296  3296 I Input   : injectMotionEvent: MotionEvent { action=ACTION_UP, actionButton=0, id[0]=0, x[0]=216.0, y[0]=853.0, toolType[0]=TOOL_TYPE_UNKNOWN, buttonState=0, metaState=0, flags=0x0, edgeFlags=0x0, pointerCount=1, historySize=0, eventTime=794838526, downTime=794838526, deviceId=0, source=0x1002 }
08-05 12:47:02.120   512  2967 I soundtrigger: audio_extn_sound_trigger_update_device_status: device 0x2 of type 0 for Event 0
08-05 12:47:02.122  3296  3296 D AndroidRuntime: Shutting down VM
08-05 12:47:02.187   918  5481 I ActivityManager: START u0 {act=android.intent.action.MAIN cmp=baseline.org.quantumbadger.redreader/.settings.SettingsActivity (has extras)} from uid 10689 on display 0
08-05 12:47:02.189   512  2967 D audio_hw_primary: out_set_parameters: enter: usecase(1: low-latency-playback) kvpairs: routing=2
08-05 12:47:02.202   512  2967 D audio_hw_primary: select_devices: out_snd_device(2: speaker) in_snd_device(0: none)
08-05 12:47:02.202   512  2967 D msm8974_platform: platform_send_audio_calibration: sending audio calibration for snd_device(2) acdb_id(15)
08-05 12:47:02.203   512  2967 I soundtrigger: audio_extn_sound_trigger_update_device_status: device 0x2 of type 0 for Event 1
08-05 12:47:02.216   512  2967 D audio_hw_primary: enable_snd_device: snd_device(2: speaker)
08-05 12:47:02.218   512  2967 D audio_hw_primary: enable_audio_route: apply and update mixer path: low-latency-playback speaker
08-05 12:47:02.260   512  2967 D AudioFlinger: mixer(0xf4740000) throttle end: throttle time(12)
08-05 12:47:02.285  2955  3295 I art     : Starting a blocking GC Explicit
08-05 12:47:02.305  2955  3295 I art     : Explicit concurrent mark sweep GC freed 4890(329KB) AllocSpace objects, 2(40KB) LOS objects, 40% free, 21MB/36MB, paused 355us total 19.778ms
08-05 12:47:02.314  2955  3295 I art     : Starting a blocking GC Explicit
08-05 12:47:02.330  2955  3295 I art     : Explicit concurrent mark sweep GC freed 14872(620KB) AllocSpace objects, 0(0B) LOS objects, 40% free, 21MB/36MB, paused 698us total 15.856ms
08-05 12:47:02.339  2955  3295 I art     : Starting a blocking GC Explicit
08-05 12:47:02.354  2955  3295 I art     : Explicit concurrent mark sweep GC freed 15737(643KB) AllocSpace objects, 0(0B) LOS objects, 40% free, 21MB/36MB, paused 413us total 15.222ms
08-05 12:47:02.364  2955  3295 I art     : Starting a blocking GC Explicit
08-05 12:47:02.378  2955  3295 I art     : Explicit concurrent mark sweep GC freed 14410(596KB) AllocSpace objects, 0(0B) LOS objects, 40% free, 21MB/36MB, paused 349us total 14.550ms
08-05 12:47:02.387  2955  3295 I art     : Starting a blocking GC Explicit
08-05 12:47:02.401  2955  3295 I art     : Explicit concurrent mark sweep GC freed 15748(648KB) AllocSpace objects, 0(0B) LOS objects, 40% free, 21MB/36MB, paused 345us total 14.671ms
08-05 12:47:02.511 13866 13866 I GoogleInputMethodServic: GoogleInputMethodService.onFinishInput():3138 
08-05 12:47:02.511   918   936 I ActivityManager: Displayed baseline.org.quantumbadger.redreader/.settings.SettingsActivity: +310ms
08-05 12:47:02.511 13866 13866 I GoogleInputMethodServic: GoogleInputMethodService.onStartInput():1808 
08-05 12:47:02.530  2416  2416 I ServiceManager: Waiting for service AtCmdFwd...
08-05 12:47:02.533  2955  2991 D OpenGLRenderer: endAllStagingAnimators on 0x7f80e1d000 (ListView) with handle 0x7f804d20c0
08-05 12:47:02.641  2955  2980 I art     : Starting a blocking GC Explicit
08-05 12:47:02.662  3335  3335 D AndroidRuntime: >>>>>> START com.android.internal.os.RuntimeInit uid 2000 <<<<<<
08-05 12:47:02.662  2955  2980 I art     : Explicit concurrent mark sweep GC freed 38088(1572KB) AllocSpace objects, 1(20KB) LOS objects, 40% free, 22MB/37MB, paused 171us total 21.442ms
08-05 12:47:02.668  3335  3335 D AndroidRuntime: CheckJNI is OFF
08-05 12:47:02.673  2955  2980 I art     : Starting a blocking GC Explicit
08-05 12:47:02.691  2955  2980 I art     : Explicit concurrent mark sweep GC freed 1899(152KB) AllocSpace objects, 0(0B) LOS objects, 40% free, 22MB/36MB, paused 130us total 17.447ms
08-05 12:47:02.701  2955  2980 I art     : Starting a blocking GC Explicit
08-05 12:47:02.703  3335  3335 D ICU     : No timezone override file found: /data/misc/zoneinfo/current/icu/icu_tzdata.dat
08-05 12:47:02.719  2955  2980 I art     : Explicit concurrent mark sweep GC freed 5(240B) AllocSpace objects, 0(0B) LOS objects, 40% free, 22MB/36MB, paused 156us total 18.158ms
08-05 12:47:02.728  2955  2980 I art     : Starting a blocking GC Explicit
08-05 12:47:02.734  3335  3335 I Radio-JNI: register_android_hardware_Radio DONE
08-05 12:47:02.742  2955  2980 I art     : Explicit concurrent mark sweep GC freed 3(96B) AllocSpace objects, 0(0B) LOS objects, 40% free, 22MB/36MB, paused 127us total 14.237ms
08-05 12:47:02.750   512  2967 D audio_hw_primary: disable_audio_route: reset and update mixer path: low-latency-playback speaker
08-05 12:47:02.751  3335  3335 D AndroidRuntime: Calling main entry com.android.commands.input.Input
08-05 12:47:02.752  2955  2980 I art     : Starting a blocking GC Explicit
08-05 12:47:02.752   512  2967 D audio_hw_primary: disable_snd_device: snd_device(2: speaker)
08-05 12:47:02.753  3335  3335 I Input   : injectMotionEvent: MotionEvent { action=ACTION_DOWN, actionButton=0, id[0]=0, x[0]=1318.0, y[0]=1194.0, toolType[0]=TOOL_TYPE_UNKNOWN, buttonState=0, metaState=0, flags=0x0, edgeFlags=0x0, pointerCount=1, historySize=0, eventTime=794839165, downTime=794839165, deviceId=0, source=0x1002 }
08-05 12:47:02.756  3335  3335 I Input   : injectMotionEvent: MotionEvent { action=ACTION_UP, actionButton=0, id[0]=0, x[0]=1318.0, y[0]=1194.0, toolType[0]=TOOL_TYPE_UNKNOWN, buttonState=0, metaState=0, flags=0x0, edgeFlags=0x0, pointerCount=1, historySize=0, eventTime=794839165, downTime=794839165, deviceId=0, source=0x1002 }
08-05 12:47:02.759  3335  3335 D AndroidRuntime: Shutting down VM
08-05 12:47:02.760   512  2967 I soundtrigger: audio_extn_sound_trigger_update_device_status: device 0x2 of type 0 for Event 0
08-05 12:47:02.766   380   380 W SurfaceFlinger: couldn't log to binary event log: overflow.
08-05 12:47:02.768  2955  2980 I art     : Explicit concurrent mark sweep GC freed 21(704B) AllocSpace objects, 0(0B) LOS objects, 40% free, 22MB/36MB, paused 205us total 15.847ms
08-05 12:47:02.825   512  2967 D audio_hw_primary: out_set_parameters: enter: usecase(1: low-latency-playback) kvpairs: routing=2
08-05 12:47:02.838   512  2967 D audio_hw_primary: select_devices: out_snd_device(2: speaker) in_snd_device(0: none)
08-05 12:47:02.838   512  2967 D msm8974_platform: platform_send_audio_calibration: sending audio calibration for snd_device(2) acdb_id(15)
08-05 12:47:02.838   512  2967 I soundtrigger: audio_extn_sound_trigger_update_device_status: device 0x2 of type 0 for Event 1
08-05 12:47:02.849   512  2967 D audio_hw_primary: enable_snd_device: snd_device(2: speaker)
08-05 12:47:02.851   512  2967 D audio_hw_primary: enable_audio_route: apply and update mixer path: low-latency-playback speaker
08-05 12:47:02.892   512  2967 D AudioFlinger: mixer(0xf4740000) throttle end: throttle time(12)
08-05 12:47:03.015  2955  2980 I art     : Starting a blocking GC Explicit
08-05 12:47:03.029  2955  2980 I art     : Explicit concurrent mark sweep GC freed 2085(126KB) AllocSpace objects, 2(40KB) LOS objects, 40% free, 22MB/36MB, paused 136us total 14.175ms
08-05 12:47:03.038  2955  2980 I art     : Starting a blocking GC Explicit
08-05 12:47:03.052  2955  2980 I art     : Explicit concurrent mark sweep GC freed 96(3KB) AllocSpace objects, 0(0B) LOS objects, 40% free, 22MB/36MB, paused 131us total 13.827ms
08-05 12:47:03.061  2955  2980 I art     : Starting a blocking GC Explicit
08-05 12:47:03.075  2955  2980 I art     : Explicit concurrent mark sweep GC freed 14(496B) AllocSpace objects, 0(0B) LOS objects, 40% free, 22MB/36MB, paused 138us total 13.889ms
08-05 12:47:03.083  2955  2980 I art     : Starting a blocking GC Explicit
08-05 12:47:03.098  2955  2980 I art     : Explicit concurrent mark sweep GC freed 11(400B) AllocSpace objects, 0(0B) LOS objects, 40% free, 22MB/36MB, paused 178us total 13.967ms
08-05 12:47:03.106  2955  2980 I art     : Starting a blocking GC Explicit
08-05 12:47:03.120  2955  2980 I art     : Explicit concurrent mark sweep GC freed 16(608B) AllocSpace objects, 0(0B) LOS objects, 40% free, 22MB/36MB, paused 128us total 13.695ms
08-05 12:47:03.293  3375  3375 D AndroidRuntime: >>>>>> START com.android.internal.os.RuntimeInit uid 2000 <<<<<<
08-05 12:47:03.297  3375  3375 D AndroidRuntime: CheckJNI is OFF
08-05 12:47:03.320  3375  3375 D ICU     : No timezone override file found: /data/misc/zoneinfo/current/icu/icu_tzdata.dat
08-05 12:47:03.342  3375  3375 I Radio-JNI: register_android_hardware_Radio DONE
08-05 12:47:03.358  3375  3375 D AndroidRuntime: Calling main entry com.android.commands.input.Input
08-05 12:47:03.359  3375  3375 I Input   : injectMotionEvent: MotionEvent { action=ACTION_DOWN, actionButton=0, id[0]=0, x[0]=1309.0, y[0]=1701.0, toolType[0]=TOOL_TYPE_UNKNOWN, buttonState=0, metaState=0, flags=0x0, edgeFlags=0x0, pointerCount=1, historySize=0, eventTime=794839772, downTime=794839772, deviceId=0, source=0x1002 }
08-05 12:47:03.363  3375  3375 I Input   : injectMotionEvent: MotionEvent { action=ACTION_UP, actionButton=0, id[0]=0, x[0]=1309.0, y[0]=1701.0, toolType[0]=TOOL_TYPE_UNKNOWN, buttonState=0, metaState=0, flags=0x0, edgeFlags=0x0, pointerCount=1, historySize=0, eventTime=794839772, downTime=794839772, deviceId=0, source=0x1002 }
08-05 12:47:03.365  3375  3375 D AndroidRuntime: Shutting down VM
08-05 12:47:03.369  2955  2979 I art     : Starting a blocking GC Explicit
08-05 12:47:03.378   512  2967 D audio_hw_primary: disable_audio_route: reset and update mixer path: low-latency-playback speaker
08-05 12:47:03.380   512  2967 D audio_hw_primary: disable_snd_device: snd_device(2: speaker)
08-05 12:47:03.384  2955  2979 I art     : Explicit concurrent mark sweep GC freed 1510(85KB) AllocSpace objects, 1(20KB) LOS objects, 40% free, 22MB/36MB, paused 110us total 14.207ms
08-05 12:47:03.387   512  2967 I soundtrigger: audio_extn_sound_trigger_update_device_status: device 0x2 of type 0 for Event 0
08-05 12:47:03.392  2955  2979 I art     : Starting a blocking GC Explicit
08-05 12:47:03.406  2955  2979 I art     : Explicit concurrent mark sweep GC freed 81(2800B) AllocSpace objects, 0(0B) LOS objects, 40% free, 22MB/36MB, paused 110us total 13.339ms
08-05 12:47:03.415  2955  2979 I art     : Starting a blocking GC Explicit
08-05 12:47:03.429  2955  2979 I art     : Explicit concurrent mark sweep GC freed 4(128B) AllocSpace objects, 0(0B) LOS objects, 40% free, 22MB/36MB, paused 125us total 13.795ms
08-05 12:47:03.431   512  2967 D audio_hw_primary: out_set_parameters: enter: usecase(1: low-latency-playback) kvpairs: routing=2
08-05 12:47:03.437  2955  2979 I art     : Starting a blocking GC Explicit
08-05 12:47:03.444   512  2967 D audio_hw_primary: select_devices: out_snd_device(2: speaker) in_snd_device(0: none)
08-05 12:47:03.445   512  2967 D msm8974_platform: platform_send_audio_calibration: sending audio calibration for snd_device(2) acdb_id(15)
08-05 12:47:03.445   512  2967 I soundtrigger: audio_extn_sound_trigger_update_device_status: device 0x2 of type 0 for Event 1
08-05 12:47:03.452  2955  2979 I art     : Explicit concurrent mark sweep GC freed 596(42KB) AllocSpace objects, 1(20KB) LOS objects, 40% free, 22MB/37MB, paused 125us total 14.470ms
08-05 12:47:03.456   512  2967 D audio_hw_primary: enable_snd_device: snd_device(2: speaker)
08-05 12:47:03.458   512  2967 D audio_hw_primary: enable_audio_route: apply and update mixer path: low-latency-playback speaker
08-05 12:47:03.461  2955  2979 I art     : Starting a blocking GC Explicit
08-05 12:47:03.475  2955  2979 I art     : Explicit concurrent mark sweep GC freed 48(1904B) AllocSpace objects, 0(0B) LOS objects, 40% free, 22MB/37MB, paused 117us total 13.328ms
08-05 12:47:03.500   512  2967 D AudioFlinger: mixer(0xf4740000) throttle end: throttle time(12)
08-05 12:47:03.531  2416  2416 I ServiceManager: Waiting for service AtCmdFwd...
08-05 12:47:03.720  2955  3295 I art     : Starting a blocking GC Explicit
08-05 12:47:03.735  2955  3295 I art     : Explicit concurrent mark sweep GC freed 1500(85KB) AllocSpace objects, 1(20KB) LOS objects, 40% free, 22MB/37MB, paused 123us total 14.204ms
08-05 12:47:03.744  2955  3295 I art     : Starting a blocking GC Explicit
08-05 12:47:03.760  2955  3295 I art     : Explicit concurrent mark sweep GC freed 61(2064B) AllocSpace objects, 0(0B) LOS objects, 40% free, 22MB/37MB, paused 145us total 15.139ms
08-05 12:47:03.769  2955  3295 I art     : Starting a blocking GC Explicit
08-05 12:47:03.784  2955  3295 I art     : Explicit concurrent mark sweep GC freed 20(736B) AllocSpace objects, 0(0B) LOS objects, 40% free, 22MB/37MB, paused 157us total 15.188ms
08-05 12:47:03.793  2955  3295 I art     : Starting a blocking GC Explicit
08-05 12:47:03.807  2955  3295 I art     : Explicit concurrent mark sweep GC freed 14(496B) AllocSpace objects, 0(0B) LOS objects, 40% free, 22MB/37MB, paused 133us total 13.434ms
08-05 12:47:03.816  2955  3295 I art     : Starting a blocking GC Explicit
08-05 12:47:03.830  2955  3295 I art     : Explicit concurrent mark sweep GC freed 10(352B) AllocSpace objects, 0(0B) LOS objects, 40% free, 22MB/37MB, paused 141us total 14.527ms
08-05 12:47:03.915  3397  3397 D AndroidRuntime: >>>>>> START com.android.internal.os.RuntimeInit uid 2000 <<<<<<
08-05 12:47:03.919  3397  3397 D AndroidRuntime: CheckJNI is OFF
08-05 12:47:03.944  3397  3397 D ICU     : No timezone override file found: /data/misc/zoneinfo/current/icu/icu_tzdata.dat
08-05 12:47:03.969  3397  3397 I Radio-JNI: register_android_hardware_Radio DONE
08-05 12:47:03.985  3397  3397 D AndroidRuntime: Calling main entry com.android.commands.input.Input
08-05 12:47:03.987  3397  3397 I Input   : injectMotionEvent: MotionEvent { action=ACTION_DOWN, actionButton=0, id[0]=0, x[0]=477.0, y[0]=805.0, toolType[0]=TOOL_TYPE_UNKNOWN, buttonState=0, metaState=0, flags=0x0, edgeFlags=0x0, pointerCount=1, historySize=0, eventTime=794840400, downTime=794840400, deviceId=0, source=0x1002 }
08-05 12:47:03.989   512  2967 D audio_hw_primary: disable_audio_route: reset and update mixer path: low-latency-playback speaker
08-05 12:47:03.990   512  2967 D audio_hw_primary: disable_snd_device: snd_device(2: speaker)
08-05 12:47:03.991  3397  3397 I Input   : injectMotionEvent: MotionEvent { action=ACTION_UP, actionButton=0, id[0]=0, x[0]=477.0, y[0]=805.0, toolType[0]=TOOL_TYPE_UNKNOWN, buttonState=0, metaState=0, flags=0x0, edgeFlags=0x0, pointerCount=1, historySize=0, eventTime=794840400, downTime=794840400, deviceId=0, source=0x1002 }
08-05 12:47:03.995  3397  3397 D AndroidRuntime: Shutting down VM
08-05 12:47:04.000   512  2967 I soundtrigger: audio_extn_sound_trigger_update_device_status: device 0x2 of type 0 for Event 0
08-05 12:47:04.068   512  2967 D audio_hw_primary: out_set_parameters: enter: usecase(1: low-latency-playback) kvpairs: routing=2
08-05 12:47:04.081   512  2967 D audio_hw_primary: select_devices: out_snd_device(2: speaker) in_snd_device(0: none)
08-05 12:47:04.081   512  2967 D msm8974_platform: platform_send_audio_calibration: sending audio calibration for snd_device(2) acdb_id(15)
08-05 12:47:04.082   512  2967 I soundtrigger: audio_extn_sound_trigger_update_device_status: device 0x2 of type 0 for Event 1
08-05 12:47:04.094   512  2967 D audio_hw_primary: enable_snd_device: snd_device(2: speaker)
08-05 12:47:04.096   512  2967 D audio_hw_primary: enable_audio_route: apply and update mixer path: low-latency-playback speaker
08-05 12:47:04.100  2955  3034 I art     : Starting a blocking GC Explicit
08-05 12:47:04.121  2955  3034 I art     : Explicit concurrent mark sweep GC freed 2190(170KB) AllocSpace objects, 1(20KB) LOS objects, 40% free, 22MB/37MB, paused 174us total 20.137ms
08-05 12:47:04.131  2955  3034 I art     : Starting a blocking GC Explicit
08-05 12:47:04.140   512  2967 D AudioFlinger: mixer(0xf4740000) throttle end: throttle time(12)
08-05 12:47:04.147  2955  3034 I art     : Explicit concurrent mark sweep GC freed 249(29KB) AllocSpace objects, 0(0B) LOS objects, 40% free, 22MB/37MB, paused 133us total 15.535ms
08-05 12:47:04.156  2955  3034 I art     : Starting a blocking GC Explicit
08-05 12:47:04.171  2955  3034 I art     : Explicit concurrent mark sweep GC freed 89(3KB) AllocSpace objects, 0(0B) LOS objects, 40% free, 22MB/37MB, paused 270us total 14.815ms
08-05 12:47:04.180  2955  3034 I art     : Starting a blocking GC Explicit
08-05 12:47:04.195  2955  3034 I art     : Explicit concurrent mark sweep GC freed 291(12KB) AllocSpace objects, 0(0B) LOS objects, 40% free, 22MB/37MB, paused 130us total 14.813ms
08-05 12:47:04.204  2955  3034 I art     : Starting a blocking GC Explicit
08-05 12:47:04.219  2955  3034 I art     : Explicit concurrent mark sweep GC freed 136(4KB) AllocSpace objects, 0(0B) LOS objects, 40% free, 22MB/37MB, paused 144us total 14.970ms
08-05 12:47:04.474  2955  3295 I art     : Starting a blocking GC Explicit
08-05 12:47:04.492  2955  3295 I art     : Explicit concurrent mark sweep GC freed 1488(85KB) AllocSpace objects, 1(20KB) LOS objects, 40% free, 22MB/37MB, paused 159us total 17.401ms
08-05 12:47:04.501  2955  3295 I art     : Starting a blocking GC Explicit
08-05 12:47:04.518  2955  3295 I art     : Explicit concurrent mark sweep GC freed 42(1520B) AllocSpace objects, 0(0B) LOS objects, 40% free, 22MB/37MB, paused 146us total 16.921ms
08-05 12:47:04.527  2955  3295 I art     : Starting a blocking GC Explicit
08-05 12:47:04.531  2416  2416 I ServiceManager: Waiting for service AtCmdFwd...
08-05 12:47:04.543  2955  3295 I art     : Explicit concurrent mark sweep GC freed 5(160B) AllocSpace objects, 0(0B) LOS objects, 40% free, 22MB/37MB, paused 121us total 15.358ms
08-05 12:47:04.552  2955  3295 I art     : Starting a blocking GC Explicit
08-05 12:47:04.564  3429  3429 D AndroidRuntime: >>>>>> START com.android.internal.os.RuntimeInit uid 2000 <<<<<<
08-05 12:47:04.569  2955  3295 I art     : Explicit concurrent mark sweep GC freed 3(96B) AllocSpace objects, 0(0B) LOS objects, 40% free, 22MB/37MB, paused 141us total 16.409ms
08-05 12:47:04.570  3429  3429 D AndroidRuntime: CheckJNI is OFF
08-05 12:47:04.577  2955  3295 I art     : Starting a blocking GC Explicit
08-05 12:47:04.593  2955  3295 I art     : Explicit concurrent mark sweep GC freed 3(96B) AllocSpace objects, 0(0B) LOS objects, 40% free, 22MB/37MB, paused 121us total 15.522ms
08-05 12:47:04.601  3429  3429 D ICU     : No timezone override file found: /data/misc/zoneinfo/current/icu/icu_tzdata.dat
08-05 12:47:04.626  3429  3429 I Radio-JNI: register_android_hardware_Radio DONE
08-05 12:47:04.630   512  2967 D audio_hw_primary: disable_audio_route: reset and update mixer path: low-latency-playback speaker
08-05 12:47:04.632   512  2967 D audio_hw_primary: disable_snd_device: snd_device(2: speaker)
08-05 12:47:04.640   512  2967 I soundtrigger: audio_extn_sound_trigger_update_device_status: device 0x2 of type 0 for Event 0
08-05 12:47:04.642  3429  3429 D AndroidRuntime: Calling main entry com.android.commands.input.Input
08-05 12:47:04.643  3429  3429 I Input   : injectMotionEvent: MotionEvent { action=ACTION_DOWN, actionButton=0, id[0]=0, x[0]=463.0, y[0]=464.0, toolType[0]=TOOL_TYPE_UNKNOWN, buttonState=0, metaState=0, flags=0x0, edgeFlags=0x0, pointerCount=1, historySize=0, eventTime=794841056, downTime=794841056, deviceId=0, source=0x1002 }
08-05 12:47:04.648  3429  3429 I Input   : injectMotionEvent: MotionEvent { action=ACTION_UP, actionButton=0, id[0]=0, x[0]=463.0, y[0]=464.0, toolType[0]=TOOL_TYPE_UNKNOWN, buttonState=0, metaState=0, flags=0x0, edgeFlags=0x0, pointerCount=1, historySize=0, eventTime=794841056, downTime=794841056, deviceId=0, source=0x1002 }
08-05 12:47:04.651  3429  3429 D AndroidRuntime: Shutting down VM
08-05 12:47:04.721   512  2967 D audio_hw_primary: out_set_parameters: enter: usecase(1: low-latency-playback) kvpairs: routing=2
08-05 12:47:04.736   512  2967 D audio_hw_primary: select_devices: out_snd_device(2: speaker) in_snd_device(0: none)
08-05 12:47:04.738   512  2967 D msm8974_platform: platform_send_audio_calibration: sending audio calibration for snd_device(2) acdb_id(15)
08-05 12:47:04.738   512  2967 I soundtrigger: audio_extn_sound_trigger_update_device_status: device 0x2 of type 0 for Event 1
08-05 12:47:04.741   918  6110 W InputMethodManagerService: Window already focused, ignoring focus gain of: com.android.internal.view.IInputMethodClient$Stub$Proxy@4e34c93 attribute=null, token = android.os.BinderProxy@e0f37ff
08-05 12:47:04.749   512  2967 D audio_hw_primary: enable_snd_device: snd_device(2: speaker)
08-05 12:47:04.751   512  2967 D audio_hw_primary: enable_audio_route: apply and update mixer path: low-latency-playback speaker
08-05 12:47:04.793   512  2967 D AudioFlinger: mixer(0xf4740000) throttle end: throttle time(12)
08-05 12:47:04.832  2955  2979 I art     : Starting a blocking GC Explicit
08-05 12:47:04.849  2955  2979 I art     : Explicit concurrent mark sweep GC freed 1672(105KB) AllocSpace objects, 2(40KB) LOS objects, 40% free, 22MB/37MB, paused 130us total 16.722ms
08-05 12:47:04.859  2955  2979 I art     : Starting a blocking GC Explicit
08-05 12:47:04.879  2955  2979 I art     : Explicit concurrent mark sweep GC freed 117(6KB) AllocSpace objects, 0(0B) LOS objects, 40% free, 22MB/37MB, paused 177us total 19.540ms
08-05 12:47:04.890  2955  2979 I art     : Starting a blocking GC Explicit
08-05 12:47:04.908  2955  2979 I art     : Explicit concurrent mark sweep GC freed 3(96B) AllocSpace objects, 0(0B) LOS objects, 40% free, 22MB/37MB, paused 144us total 17.379ms
08-05 12:47:04.917  2955  2979 I art     : Starting a blocking GC Explicit
08-05 12:47:04.933  2955  2979 I art     : Explicit concurrent mark sweep GC freed 6(256B) AllocSpace objects, 0(0B) LOS objects, 40% free, 22MB/37MB, paused 133us total 15.492ms
08-05 12:47:04.934   380   380 W SurfaceFlinger: couldn't log to binary event log: overflow.
08-05 12:47:04.943  2955  2979 I art     : Starting a blocking GC Explicit
08-05 12:47:04.958  2955  2979 I art     : Explicit concurrent mark sweep GC freed 3(96B) AllocSpace objects, 0(0B) LOS objects, 40% free, 22MB/37MB, paused 120us total 14.646ms
08-05 12:47:05.197  3462  3462 D AndroidRuntime: >>>>>> START com.android.internal.os.RuntimeInit uid 2000 <<<<<<
08-05 12:47:05.201  3462  3462 D AndroidRuntime: CheckJNI is OFF
08-05 12:47:05.216  2955  2980 I art     : Starting a blocking GC Explicit
08-05 12:47:05.229  3462  3462 D ICU     : No timezone override file found: /data/misc/zoneinfo/current/icu/icu_tzdata.dat
08-05 12:47:05.233  2955  2980 I art     : Explicit concurrent mark sweep GC freed 1337(78KB) AllocSpace objects, 1(20KB) LOS objects, 40% free, 22MB/37MB, paused 146us total 16.144ms
08-05 12:47:05.242  2955  2980 I art     : Starting a blocking GC Explicit
08-05 12:47:05.256  3462  3462 I Radio-JNI: register_android_hardware_Radio DONE
08-05 12:47:05.258  2955  2980 I art     : Explicit concurrent mark sweep GC freed 20(704B) AllocSpace objects, 0(0B) LOS objects, 40% free, 22MB/37MB, paused 167us total 15.613ms
08-05 12:47:05.267  2955  2980 I art     : Starting a blocking GC Explicit
08-05 12:47:05.274  3462  3462 D AndroidRuntime: Calling main entry com.android.commands.input.Input
08-05 12:47:05.275  3462  3462 I Input   : injectKeyEvent: KeyEvent { action=ACTION_DOWN, keyCode=KEYCODE_BACK, scanCode=0, metaState=0, flags=0x0, repeatCount=0, eventTime=794841688, downTime=794841688, deviceId=-1, source=0x101 }
08-05 12:47:05.279   512  2967 D audio_hw_primary: disable_audio_route: reset and update mixer path: low-latency-playback speaker
08-05 12:47:05.280   512  2967 D audio_hw_primary: disable_snd_device: snd_device(2: speaker)
08-05 12:47:05.280  3462  3462 I Input   : injectKeyEvent: KeyEvent { action=ACTION_UP, keyCode=KEYCODE_BACK, scanCode=0, metaState=0, flags=0x0, repeatCount=0, eventTime=794841688, downTime=794841688, deviceId=-1, source=0x101 }
08-05 12:47:05.281  2955  2980 I art     : Explicit concurrent mark sweep GC freed 5(1200B) AllocSpace objects, 0(0B) LOS objects, 40% free, 22MB/37MB, paused 124us total 14.358ms
08-05 12:47:05.286  3462  3462 D AndroidRuntime: Shutting down VM
08-05 12:47:05.288   512  2967 I soundtrigger: audio_extn_sound_trigger_update_device_status: device 0x2 of type 0 for Event 0
08-05 12:47:05.290  2955  2980 I art     : Starting a blocking GC Explicit
08-05 12:47:05.305  2955  2980 I art     : Explicit concurrent mark sweep GC freed 42(2720B) AllocSpace objects, 0(0B) LOS objects, 40% free, 22MB/37MB, paused 158us total 14.817ms
08-05 12:47:05.314  2955  2980 I art     : Starting a blocking GC Explicit
08-05 12:47:05.327 13866 13866 I GoogleInputMethodServic: GoogleInputMethodService.onFinishInput():3138 
08-05 12:47:05.328 13866 13866 I GoogleInputMethodServic: GoogleInputMethodService.onStartInput():1808 
08-05 12:47:05.328  2955  2980 I art     : Explicit concurrent mark sweep GC freed 13(416B) AllocSpace objects, 0(0B) LOS objects, 40% free, 22MB/37MB, paused 322us total 14.242ms
08-05 12:47:05.532  2416  2416 W Atfwd_Sendcmd: AtCmdFwd service not published, waiting... retryCnt : 2
08-05 12:47:05.579  2955  2979 I art     : Starting a blocking GC Explicit
08-05 12:47:05.598  2955  2979 I art     : Explicit concurrent mark sweep GC freed 1391(80KB) AllocSpace objects, 1(20KB) LOS objects, 40% free, 22MB/37MB, paused 125us total 18.298ms
08-05 12:47:05.607  2955  2979 I art     : Starting a blocking GC Explicit
08-05 12:47:05.622  2955  2979 I art     : Explicit concurrent mark sweep GC freed 34(1200B) AllocSpace objects, 0(0B) LOS objects, 40% free, 22MB/37MB, paused 145us total 14.577ms
08-05 12:47:05.630  2955  2979 I art     : Starting a blocking GC Explicit
08-05 12:47:05.635   380   380 W SurfaceFlinger: couldn't log to binary event log: overflow.
08-05 12:47:05.645  2955  2979 I art     : Explicit concurrent mark sweep GC freed 47(1824B) AllocSpace objects, 0(0B) LOS objects, 40% free, 22MB/37MB, paused 119us total 14.376ms
08-05 12:47:05.655  2955  2979 I art     : Starting a blocking GC Explicit
08-05 12:47:05.668  2955  2979 I art     : Explicit concurrent mark sweep GC freed 10160(457KB) AllocSpace objects, 6(312KB) LOS objects, 40% free, 21MB/36MB, paused 127us total 13.557ms
08-05 12:47:05.676  2955  2979 I art     : Starting a blocking GC Explicit
08-05 12:47:05.688  2955  2979 I art     : Explicit concurrent mark sweep GC freed 134(6KB) AllocSpace objects, 0(0B) LOS objects, 40% free, 21MB/36MB, paused 125us total 11.933ms
08-05 12:47:05.837  3491  3491 D AndroidRuntime: >>>>>> START com.android.internal.os.RuntimeInit uid 2000 <<<<<<
08-05 12:47:05.842  3491  3491 D AndroidRuntime: CheckJNI is OFF
08-05 12:47:05.866  3491  3491 D ICU     : No timezone override file found: /data/misc/zoneinfo/current/icu/icu_tzdata.dat
08-05 12:47:05.891  3491  3491 I Radio-JNI: register_android_hardware_Radio DONE
08-05 12:47:05.907  3491  3491 D AndroidRuntime: Calling main entry com.android.commands.input.Input
08-05 12:47:05.908  3491  3491 I Input   : injectKeyEvent: KeyEvent { action=ACTION_DOWN, keyCode=KEYCODE_BACK, scanCode=0, metaState=0, flags=0x0, repeatCount=0, eventTime=794842321, downTime=794842321, deviceId=-1, source=0x101 }
08-05 12:47:05.913  3491  3491 I Input   : injectKeyEvent: KeyEvent { action=ACTION_UP, keyCode=KEYCODE_BACK, scanCode=0, metaState=0, flags=0x0, repeatCount=0, eventTime=794842321, downTime=794842321, deviceId=-1, source=0x101 }
08-05 12:47:05.919  3491  3491 D AndroidRuntime: Shutting down VM
08-05 12:47:05.938  2955  2979 I art     : Starting a blocking GC Explicit
08-05 12:47:05.952  2955  2979 I art     : Explicit concurrent mark sweep GC freed 1553(89KB) AllocSpace objects, 1(20KB) LOS objects, 40% free, 21MB/36MB, paused 143us total 13.755ms
08-05 12:47:05.960 13866 13866 I GoogleInputMethodServic: GoogleInputMethodService.onFinishInput():3138 
08-05 12:47:05.960 13866 13866 I GoogleInputMethodServic: GoogleInputMethodService.onStartInput():1808 
08-05 12:47:05.961  2955  2979 I art     : Starting a blocking GC Explicit
08-05 12:47:05.972  2955  2979 I art     : Explicit concurrent mark sweep GC freed 3537(232KB) AllocSpace objects, 1(28KB) LOS objects, 40% free, 21MB/35MB, paused 169us total 11.488ms
08-05 12:47:05.981  2955  2979 I art     : Starting a blocking GC Explicit
08-05 12:47:05.992  2955  2979 I art     : Explicit concurrent mark sweep GC freed 23(752B) AllocSpace objects, 0(0B) LOS objects, 40% free, 21MB/35MB, paused 114us total 11.288ms
08-05 12:47:06.000  2955  2979 I art     : Starting a blocking GC Explicit
08-05 12:47:06.012  2955  2979 I art     : Explicit concurrent mark sweep GC freed 8(256B) AllocSpace objects, 0(0B) LOS objects, 40% free, 21MB/35MB, paused 123us total 12.133ms
08-05 12:47:06.020  2955  2979 I art     : Starting a blocking GC Explicit
08-05 12:47:06.032  2955  2979 I art     : Explicit concurrent mark sweep GC freed 10(320B) AllocSpace objects, 0(0B) LOS objects, 40% free, 21MB/35MB, paused 118us total 11.526ms
08-05 12:47:06.185   518   646 I ThermalEngine: ACTION: GPU - Setting GPU[0] to 510000000
08-05 12:47:06.260  2955  2979 I art     : Starting a blocking GC Explicit
08-05 12:47:06.272  2955  2979 I art     : Explicit concurrent mark sweep GC freed 1345(78KB) AllocSpace objects, 1(20KB) LOS objects, 40% free, 21MB/35MB, paused 132us total 11.453ms
08-05 12:47:06.280  2955  2979 I art     : Starting a blocking GC Explicit
08-05 12:47:06.291  2955  2979 I art     : Explicit concurrent mark sweep GC freed 37(1552B) AllocSpace objects, 0(0B) LOS objects, 40% free, 21MB/35MB, paused 120us total 11.123ms
08-05 12:47:06.299  2955  2979 I art     : Starting a blocking GC Explicit
08-05 12:47:06.300   918  3261 D WifiStateMachine: starting scan for "H369AA63323"WPA_PSK with 2412,5180
08-05 12:47:06.311  2955  2979 I art     : Explicit concurrent mark sweep GC freed 126(10KB) AllocSpace objects, 0(0B) LOS objects, 40% free, 21MB/35MB, paused 123us total 11.145ms
08-05 12:47:06.319  2955  2979 I art     : Starting a blocking GC Explicit
08-05 12:47:06.330  2955  2979 I art     : Explicit concurrent mark sweep GC freed 3(96B) AllocSpace objects, 0(0B) LOS objects, 40% free, 21MB/35MB, paused 125us total 11.808ms
08-05 12:47:06.339  2955  2979 I art     : Starting a blocking GC Explicit
08-05 12:47:06.351  2955  2979 I art     : Explicit concurrent mark sweep GC freed 3(96B) AllocSpace objects, 0(0B) LOS objects, 40% free, 21MB/35MB, paused 131us total 11.871ms
08-05 12:47:06.469  3516  3516 D AndroidRuntime: >>>>>> START com.android.internal.os.RuntimeInit uid 2000 <<<<<<
08-05 12:47:06.473  3516  3516 D AndroidRuntime: CheckJNI is OFF
08-05 12:47:06.498  3516  3516 D ICU     : No timezone override file found: /data/misc/zoneinfo/current/icu/icu_tzdata.dat
08-05 12:47:06.522  3516  3516 I Radio-JNI: register_android_hardware_Radio DONE
08-05 12:47:06.537  3516  3516 D AndroidRuntime: Calling main entry com.android.commands.input.Input
08-05 12:47:06.539  3516  3516 I Input   : injectMotionEvent: MotionEvent { action=ACTION_DOWN, actionButton=0, id[0]=0, x[0]=600.0, y[0]=1536.0, toolType[0]=TOOL_TYPE_UNKNOWN, buttonState=0, metaState=0, flags=0x0, edgeFlags=0x0, pointerCount=1, historySize=0, eventTime=794842951, downTime=794842951, deviceId=0, source=0x1002 }
08-05 12:47:06.543  3516  3516 I Input   : injectMotionEvent: MotionEvent { action=ACTION_UP, actionButton=0, id[0]=0, x[0]=600.0, y[0]=1536.0, toolType[0]=TOOL_TYPE_UNKNOWN, buttonState=0, metaState=0, flags=0x0, edgeFlags=0x0, pointerCount=1, historySize=0, eventTime=794842951, downTime=794842951, deviceId=0, source=0x1002 }
08-05 12:47:06.547  3516  3516 D AndroidRuntime: Shutting down VM
08-05 12:47:06.555   512  2967 D audio_hw_primary: out_set_parameters: enter: usecase(1: low-latency-playback) kvpairs: routing=2
08-05 12:47:06.558   918   929 I ActivityManager: START u0 {dat=https://oauth.reddit.com/... cmp=baseline.org.quantumbadger.redreader/.activities.PostListingActivity} from uid 10689 on display 0
08-05 12:47:06.568   512  2967 D audio_hw_primary: select_devices: out_snd_device(2: speaker) in_snd_device(0: none)
08-05 12:47:06.568   512  2967 D msm8974_platform: platform_send_audio_calibration: sending audio calibration for snd_device(2) acdb_id(15)
08-05 12:47:06.568   512  2967 I soundtrigger: audio_extn_sound_trigger_update_device_status: device 0x2 of type 0 for Event 1
08-05 12:47:06.579  2955  2955 I AppCompatViewInflater: app:theme is now deprecated. Please move to using android:theme instead.
08-05 12:47:06.582   512  2967 D audio_hw_primary: enable_snd_device: snd_device(2: speaker)
08-05 12:47:06.584   512  2967 D audio_hw_primary: enable_audio_route: apply and update mixer path: low-latency-playback speaker
08-05 12:47:06.602  2955  3034 I art     : Starting a blocking GC Explicit
08-05 12:47:06.617  2955  3547 I RawObjectDB query string: CREATE TABLE objects(RawObjectDB_id TEXT PRIMARY KEY ON CONFLICT REPLACE,RawObjectDB_timestamp INTEGER,accounts_active INTEGER,created INTEGER,created_utc INTEGER,description TEXT,description_html TEXT,display_name TEXT,header_img TEXT,header_title TEXT,id TEXT,name TEXT,over18 INTEGER,public_description TEXT,subscribers INTEGER,title TEXT,url TEXT)
08-05 12:47:06.622  2955  3034 I art     : Explicit concurrent mark sweep GC freed 5470(367KB) AllocSpace objects, 1(20KB) LOS objects, 40% free, 21MB/35MB, paused 220us total 19.935ms
08-05 12:47:06.630  2955  3034 I art     : Starting a blocking GC Explicit
08-05 12:47:06.643  2955  3034 I art     : Explicit concurrent mark sweep GC freed 654(52KB) AllocSpace objects, 0(0B) LOS objects, 40% free, 21MB/36MB, paused 712us total 12.972ms
08-05 12:47:06.652  2955  3034 I art     : Starting a blocking GC Explicit
08-05 12:47:06.660  2955  3548 D OK      : calling: https://www.reddit.com/api/v1/access_token
08-05 12:47:06.666  2955  3034 I art     : Explicit concurrent mark sweep GC freed 1359(81KB) AllocSpace objects, 0(0B) LOS objects, 40% free, 21MB/36MB, paused 534us total 14.549ms
08-05 12:47:06.671   918   936 I ActivityManager: Displayed baseline.org.quantumbadger.redreader/.activities.PostListingActivity: +103ms
08-05 12:47:06.671 13866 13866 I GoogleInputMethodServic: GoogleInputMethodService.onFinishInput():3138 
08-05 12:47:06.672 13866 13866 I GoogleInputMethodServic: GoogleInputMethodService.onStartInput():1808 
08-05 12:47:06.674  2955  3034 I art     : Starting a blocking GC Explicit
08-05 12:47:06.687  2955  3034 I art     : Explicit concurrent mark sweep GC freed 304(24KB) AllocSpace objects, 0(0B) LOS objects, 40% free, 21MB/36MB, paused 162us total 12.735ms
08-05 12:47:06.698  2955  3034 I art     : Starting a blocking GC Explicit
08-05 12:47:06.710  2955  3034 I art     : Explicit concurrent mark sweep GC freed 8(336B) AllocSpace objects, 0(0B) LOS objects, 40% free, 21MB/36MB, paused 154us total 12.077ms
08-05 12:47:06.919   380   380 W SurfaceFlinger: couldn't log to binary event log: overflow.
08-05 12:47:06.980  2955  3295 I art     : Starting a blocking GC Explicit
08-05 12:47:06.995  2955  3295 I art     : Explicit concurrent mark sweep GC freed 10244(606KB) AllocSpace objects, 4(220KB) LOS objects, 40% free, 22MB/37MB, paused 355us total 15.258ms
08-05 12:47:07.006  2955  3295 I art     : Starting a blocking GC Explicit
08-05 12:47:07.023  2955  3295 I art     : Explicit concurrent mark sweep GC freed 10787(859KB) AllocSpace objects, 8(572KB) LOS objects, 40% free, 22MB/38MB, paused 292us total 16.053ms
08-05 12:47:07.032  2955  3295 I art     : Starting a blocking GC Explicit
08-05 12:47:07.050  2955  3295 I art     : Explicit concurrent mark sweep GC freed 4676(296KB) AllocSpace objects, 3(448KB) LOS objects, 40% free, 23MB/38MB, paused 366us total 17.553ms
08-05 12:47:07.059  2955  3295 I art     : Starting a blocking GC Explicit
08-05 12:47:07.075  2955  3295 I art     : Explicit concurrent mark sweep GC freed 5298(337KB) AllocSpace objects, 0(0B) LOS objects, 40% free, 23MB/39MB, paused 338us total 16.511ms
08-05 12:47:07.084  2955  3295 I art     : Starting a blocking GC Explicit
08-05 12:47:07.115  2955  3295 I art     : Explicit concurrent mark sweep GC freed 3798(237KB) AllocSpace objects, 1(160KB) LOS objects, 40% free, 23MB/39MB, paused 430us total 31.492ms
08-05 12:47:07.118   512  2967 D audio_hw_primary: disable_audio_route: reset and update mixer path: low-latency-playback speaker
08-05 12:47:07.120   512  2967 D audio_hw_primary: disable_snd_device: snd_device(2: speaker)
08-05 12:47:07.128   512  2967 I soundtrigger: audio_extn_sound_trigger_update_device_status: device 0x2 of type 0 for Event 0
08-05 12:47:07.154  2955  3548 D OK      : request got status: 200
08-05 12:47:07.162  2955  3548 D OK      : calling: https://oauth.reddit.com/r/askscience/about.json
08-05 12:47:07.371  2955  3295 I art     : Starting a blocking GC Explicit
08-05 12:47:07.404  2955  3295 I art     : Explicit concurrent mark sweep GC freed 14334(855KB) AllocSpace objects, 4(360KB) LOS objects, 39% free, 24MB/40MB, paused 275us total 33.270ms
08-05 12:47:07.415 13697 13697 I Finsky  : [1] xow.onStartJob(3): SCH: onJobSchedulerWakeup with jobId 9011
08-05 12:47:07.416  2955  3295 I art     : Starting a blocking GC Explicit
08-05 12:47:07.423 13697 13697 I Finsky  : [1] xjw.a(9): Scheduling fallback in 43199992 (absolute: 1821431290)
08-05 12:47:07.426 13697 13697 I Finsky  : [1] xjw.a(9): Scheduling fallback in 64799998 (absolute: 1843031299)
08-05 12:47:07.439  2955  3295 I art     : Explicit concurrent mark sweep GC freed 118(4KB) AllocSpace objects, 0(0B) LOS objects, 40% free, 23MB/39MB, paused 267us total 22.376ms
08-05 12:47:07.450  2955  3295 I art     : Starting a blocking GC Explicit
08-05 12:47:07.473  2955  3295 I art     : Explicit concurrent mark sweep GC freed 7(256B) AllocSpace objects, 0(0B) LOS objects, 40% free, 23MB/39MB, paused 263us total 23.229ms
08-05 12:47:07.474 13697 13697 I Finsky  : [1] xkf.handleMessage(8): SCH: DeviceState: DeviceState{currentTime=1596624427471, isCharging=false, isIdle=false, netAny=true, netNotRoaming=true, netUnmetered=true, batteryPercent=100.0}
08-05 12:47:07.479 13697  2918 I Finsky  : [6122] xmu.a(8): SCH: Jobs in database: 1-1337 3-213 3-214 12-1 24-77777777 26-1414141414 
08-05 12:47:07.481 13697 13697 I Finsky  : [1] xkg.a(16): SCH: Running job: 12-1
08-05 12:47:07.482 13697 13697 I Finsky  : [1] ContentSyncJob.a(16): [ContentSync] job started
08-05 12:47:07.482 13697 13697 I Finsky  : [1] xkf.handleMessage(61): SCH: RunningQueue size: 1, PendingQueue size: 0
08-05 12:47:07.482 13697 13697 I Finsky  : [1] xkf.handleMessage(64): SCH: Running queue: 12-1 
08-05 12:47:07.485  2955  3295 I art     : Starting a blocking GC Explicit
08-05 12:47:07.507  2955  3295 I art     : Explicit concurrent mark sweep GC freed 3(96B) AllocSpace objects, 0(0B) LOS objects, 40% free, 23MB/39MB, paused 298us total 22.069ms
08-05 12:47:07.519  2955  3295 I art     : Starting a blocking GC Explicit
08-05 12:47:07.531  2955  3548 I NAPPA_EXPERIMENTATION: MetricNetworkRequestExecutionTime: REQUEST_DURATION_SYSTEM='369',REQUEST_DURATION_OKHTTP='154',REQUEST_SYNCHRONOUS='TRUE',RESPONSE_CODE='200',RESPONSE_METHOD='GET',RESPONSE_LENGTH_OKHTTP='-1',RESPONSE_LENGTH_HEADER='4700',REQUEST_PROTOCOL='h2',REQUEST_URL='https://oauth.reddit.com/r/askscience/about.json',
08-05 12:47:07.531  2955  3548 D OK      : request got status: 200
08-05 12:47:07.542  2955  3295 I art     : Explicit concurrent mark sweep GC freed 483(35KB) AllocSpace objects, 0(0B) LOS objects, 39% free, 24MB/40MB, paused 298us total 22.738ms
08-05 12:47:07.572 13697  2946 I Finsky  : [6128] dzn.a(22): Completed 0 account content syncs with 0 successful.
08-05 12:47:07.572 13697 13697 I Finsky  : [1] ContentSyncJob.a(1): [ContentSync] Installation state replication succeeded.
08-05 12:47:07.573 13697 13697 I Finsky  : [1] xlr.a(13): SCH: jobFinished: 12-1. TimeElapsed: 92ms.
08-05 12:47:07.573 13697 13697 I Finsky  : [1] xkg.a(36): SCH: Job 12-1 finished. Not rescheduling.
08-05 12:47:07.574 13697 13697 I Finsky  : [1] xkf.handleMessage(61): SCH: RunningQueue size: 0, PendingQueue size: 0
08-05 12:47:07.574 13697 13697 I Finsky  : [1] xkf.handleMessage(25): Executor finished
08-05 12:47:07.608 13697 13697 I Finsky  : [1] xmu.a(8): SCH: Jobs in database: 1-1337 3-213 3-214 24-77777777 26-1414141414 
08-05 12:47:07.610 13697 13697 I Finsky  : [1] xio.a(57): SCH: ConstraintMapping: 24-77777777,  -> L: 0ms, D: 30172910ms, C: false, I: true, N: 0
08-05 12:47:07.611 13697 13697 I Finsky  : [1] xio.a(57): SCH: ConstraintMapping: 1-1337,  -> L: 14356984ms, D: 33525308ms, C: false, I: false, N: 1
08-05 12:47:07.611 13697 13697 I Finsky  : [1] xio.a(57): SCH: ConstraintMapping: 3-213,  -> L: 0ms, D: 84315701ms, C: false, I: true, N: 2
08-05 12:47:07.612 13697 13697 I Finsky  : [1] xio.a(57): SCH: ConstraintMapping: 3-214,  -> L: 0ms, D: 84315789ms, C: true, I: true, N: 2
08-05 12:47:07.612 13697 13697 I Finsky  : [1] xio.a(57): SCH: ConstraintMapping: 26-1414141414,  -> L: 38172769ms, D: 39072769ms, C: false, I: false, N: 0
08-05 12:47:07.628 13697 13697 I Finsky  : [1] xle.a(34): Cancelling existing jobscheduler jobs: 9015 9013 9012 9019 9000 9017 9016 9014 9018 
08-05 12:47:07.629 13697 13697 I Finsky  : [1] xle.a(10): Throttling wakeup for job 9001 (expected to run in 0 ms) due to recent wakeup
08-05 12:47:07.629 13697 13697 I Finsky  : [1] xle.a(27): Scheduling job Id: 9001, L: 30000, D: 30172910, C: false, I: true, N: 0
08-05 12:47:07.631 13697 13697 I Finsky  : [1] xle.a(27): Scheduling job Id: 9002, L: 14356984, D: 33525308, C: false, I: false, N: 1
08-05 12:47:07.632 13697 13697 I Finsky  : [1] xle.a(10): Throttling wakeup for job 9003 (expected to run in 0 ms) due to recent wakeup
08-05 12:47:07.632 13697 13697 I Finsky  : [1] xle.a(27): Scheduling job Id: 9003, L: 30000, D: 84315701, C: false, I: true, N: 2
08-05 12:47:07.633 13697 13697 I Finsky  : [1] xle.a(10): Throttling wakeup for job 9004 (expected to run in 0 ms) due to recent wakeup
08-05 12:47:07.634 13697 13697 I Finsky  : [1] xle.a(27): Scheduling job Id: 9004, L: 30000, D: 84315789, C: true, I: true, N: 2
08-05 12:47:07.635 13697 13697 I Finsky  : [1] xle.a(27): Scheduling job Id: 9005, L: 38172769, D: 39072769, C: false, I: false, N: 0
08-05 12:47:07.636 13697 13697 I Finsky  : [1] xle.a(10): Throttling wakeup for job 9006 (expected to run in 0 ms) due to recent wakeup
08-05 12:47:07.637 13697 13697 I Finsky  : [1] xle.a(27): Scheduling job Id: 9006, L: 30000, D: 30172910, C: false, I: true, N: 0
08-05 12:47:07.641 13697 13697 I Finsky  : [1] xle.a(27): Scheduling job Id: 9007, L: 14356984, D: 33525308, C: false, I: false, N: 1
08-05 12:47:07.642 13697 13697 I Finsky  : [1] xle.a(10): Throttling wakeup for job 9008 (expected to run in 0 ms) due to recent wakeup
08-05 12:47:07.642 13697 13697 I Finsky  : [1] xle.a(27): Scheduling job Id: 9008, L: 30000, D: 84315701, C: false, I: true, N: 2
08-05 12:47:07.644 13697 13697 I Finsky  : [1] xle.a(10): Throttling wakeup for job 9009 (expected to run in 0 ms) due to recent wakeup
08-05 12:47:07.644 13697 13697 I Finsky  : [1] xle.a(27): Scheduling job Id: 9009, L: 30000, D: 84315789, C: true, I: true, N: 2
08-05 12:47:07.645 13697 13697 I Finsky  : [1] xle.a(27): Scheduling job Id: 9010, L: 38172769, D: 39072769, C: false, I: false, N: 0
08-05 12:47:07.818  2955  2980 I art     : Starting a blocking GC Explicit
08-05 12:47:07.848  2955  2980 I art     : Explicit concurrent mark sweep GC freed 2815(297KB) AllocSpace objects, 4(176KB) LOS objects, 39% free, 24MB/40MB, paused 261us total 29.876ms
08-05 12:47:07.858  2955  3590 D OK      : calling: https://oauth.reddit.com/r/askscience/hot/.json
08-05 12:47:07.861  2955  2980 I art     : Starting a blocking GC Explicit
08-05 12:47:07.888  2955  2980 I art     : Explicit concurrent mark sweep GC freed 376(17KB) AllocSpace objects, 0(0B) LOS objects, 39% free, 24MB/40MB, paused 310us total 27.170ms
08-05 12:47:07.901  2955  2980 I art     : Starting a blocking GC Explicit
08-05 12:47:07.929  2955  2980 I art     : Explicit concurrent mark sweep GC freed 9(352B) AllocSpace objects, 0(0B) LOS objects, 39% free, 24MB/40MB, paused 283us total 27.659ms
08-05 12:47:07.942  2955  2980 I art     : Starting a blocking GC Explicit
08-05 12:47:07.968  2955  2980 I art     : Explicit concurrent mark sweep GC freed 3(96B) AllocSpace objects, 0(0B) LOS objects, 39% free, 24MB/40MB, paused 285us total 25.590ms
08-05 12:47:07.980  2955  2980 I art     : Starting a blocking GC Explicit
08-05 12:47:08.004  2955  2980 I art     : Explicit concurrent mark sweep GC freed 5(192B) AllocSpace objects, 0(0B) LOS objects, 39% free, 24MB/40MB, paused 395us total 23.586ms
08-05 12:47:08.035  2955  3590 I NAPPA_EXPERIMENTATION: MetricNetworkRequestExecutionTime: REQUEST_DURATION_SYSTEM='176',REQUEST_DURATION_OKHTTP='174',REQUEST_SYNCHRONOUS='TRUE',RESPONSE_CODE='200',RESPONSE_METHOD='GET',RESPONSE_LENGTH_OKHTTP='-1',RESPONSE_LENGTH_HEADER='21282',REQUEST_PROTOCOL='h2',REQUEST_URL='https://oauth.reddit.com/r/askscience/hot/.json',
08-05 12:47:08.035  2955  3590 D OK      : request got status: 200
08-05 12:47:08.061  2955  3577 I PostListingFragment: Precaching images: OFF
08-05 12:47:08.061  2955  3577 I PostListingFragment: Precaching comments: OFF
08-05 12:47:08.258  2955  2980 I art     : Starting a blocking GC Explicit
08-05 12:47:08.293  2955  2980 I art     : Explicit concurrent mark sweep GC freed 14752(790KB) AllocSpace objects, 3(156KB) LOS objects, 39% free, 24MB/40MB, paused 393us total 34.850ms
08-05 12:47:08.307  2955  2980 I art     : Starting a blocking GC Explicit
08-05 12:47:08.340  2955  2980 I art     : Explicit concurrent mark sweep GC freed 4210(159KB) AllocSpace objects, 0(0B) LOS objects, 39% free, 24MB/40MB, paused 472us total 32.585ms
08-05 12:47:08.353  2955  2980 I art     : Starting a blocking GC Explicit
08-05 12:47:08.383  2955  2980 I art     : Explicit concurrent mark sweep GC freed 2825(105KB) AllocSpace objects, 0(0B) LOS objects, 39% free, 24MB/40MB, paused 363us total 30.341ms
08-05 12:47:08.397  2955  2980 I art     : Starting a blocking GC Explicit
08-05 12:47:08.427  2955  2980 I art     : Explicit concurrent mark sweep GC freed 3618(130KB) AllocSpace objects, 0(0B) LOS objects, 39% free, 24MB/40MB, paused 298us total 29.936ms
08-05 12:47:08.440  2955  2980 I art     : Starting a blocking GC Explicit
08-05 12:47:08.468  2955  2980 I art     : Explicit concurrent mark sweep GC freed 11843(574KB) AllocSpace objects, 0(0B) LOS objects, 39% free, 24MB/40MB, paused 359us total 28.022ms
08-05 12:47:08.754  2955  2980 I art     : Starting a blocking GC Explicit
08-05 12:47:08.789  2955  2980 I art     : Explicit concurrent mark sweep GC freed 2985(165KB) AllocSpace objects, 1(20KB) LOS objects, 39% free, 24MB/40MB, paused 327us total 34.807ms
08-05 12:47:08.802  2955  2980 I art     : Starting a blocking GC Explicit
08-05 12:47:08.829  2955  2980 I art     : Explicit concurrent mark sweep GC freed 188(9KB) AllocSpace objects, 0(0B) LOS objects, 39% free, 24MB/40MB, paused 231us total 26.229ms
08-05 12:47:08.841  2955  2980 I art     : Starting a blocking GC Explicit
08-05 12:47:08.868  2955  2980 I art     : Explicit concurrent mark sweep GC freed 17(768B) AllocSpace objects, 0(0B) LOS objects, 39% free, 24MB/40MB, paused 632us total 26.259ms
08-05 12:47:08.881  2955  2980 I art     : Starting a blocking GC Explicit
08-05 12:47:08.909  2955  2980 I art     : Explicit concurrent mark sweep GC freed 157(6KB) AllocSpace objects, 0(0B) LOS objects, 39% free, 24MB/40MB, paused 239us total 27.733ms
08-05 12:47:08.922  2955  2980 I art     : Starting a blocking GC Explicit
08-05 12:47:08.951  2955  2980 I art     : Explicit concurrent mark sweep GC freed 3(96B) AllocSpace objects, 0(0B) LOS objects, 39% free, 24MB/40MB, paused 265us total 28.657ms
08-05 12:47:09.288  2955  2979 I art     : Starting a blocking GC Explicit
08-05 12:47:09.332  2955  2979 I art     : Explicit concurrent mark sweep GC freed 1459(85KB) AllocSpace objects, 1(20KB) LOS objects, 39% free, 24MB/40MB, paused 268us total 43.606ms
08-05 12:47:09.349  2955  2979 I art     : Starting a blocking GC Explicit
08-05 12:47:09.378  2955  2979 I art     : Explicit concurrent mark sweep GC freed 83(4KB) AllocSpace objects, 0(0B) LOS objects, 39% free, 24MB/40MB, paused 226us total 28.664ms
08-05 12:47:09.391  2955  2979 I art     : Starting a blocking GC Explicit
08-05 12:47:09.421  2955  2979 I art     : Explicit concurrent mark sweep GC freed 3(96B) AllocSpace objects, 0(0B) LOS objects, 39% free, 24MB/40MB, paused 239us total 29.724ms
08-05 12:47:09.434  2955  2979 I art     : Starting a blocking GC Explicit
08-05 12:47:09.464  2955  2979 I art     : Explicit concurrent mark sweep GC freed 3(96B) AllocSpace objects, 0(0B) LOS objects, 39% free, 24MB/40MB, paused 256us total 30.006ms
08-05 12:47:09.477  2955  2979 I art     : Starting a blocking GC Explicit
08-05 12:47:09.508  2955  2979 I art     : Explicit concurrent mark sweep GC freed 3(96B) AllocSpace objects, 0(0B) LOS objects, 39% free, 24MB/40MB, paused 247us total 30.034ms
08-05 12:47:09.826  2955  3295 I art     : Starting a blocking GC Explicit
08-05 12:47:09.862  2955  3295 I art     : Explicit concurrent mark sweep GC freed 1346(78KB) AllocSpace objects, 1(20KB) LOS objects, 39% free, 24MB/40MB, paused 252us total 35.912ms
08-05 12:47:09.875  2955  3295 I art     : Starting a blocking GC Explicit
08-05 12:47:09.905  2955  3295 I art     : Explicit concurrent mark sweep GC freed 20(704B) AllocSpace objects, 0(0B) LOS objects, 39% free, 24MB/40MB, paused 247us total 29.731ms
08-05 12:47:09.918  2955  3295 I art     : Starting a blocking GC Explicit
08-05 12:47:09.948  2955  3295 I art     : Explicit concurrent mark sweep GC freed 3(96B) AllocSpace objects, 0(0B) LOS objects, 39% free, 24MB/40MB, paused 263us total 29.800ms
08-05 12:47:09.961  2955  3295 I art     : Starting a blocking GC Explicit
08-05 12:47:09.991  2955  3295 I art     : Explicit concurrent mark sweep GC freed 3(96B) AllocSpace objects, 0(0B) LOS objects, 39% free, 24MB/40MB, paused 236us total 29.387ms
08-05 12:47:10.004  2955  3295 I art     : Starting a blocking GC Explicit
08-05 12:47:10.035  2955  3295 I art     : Explicit concurrent mark sweep GC freed 3(96B) AllocSpace objects, 0(0B) LOS objects, 39% free, 24MB/40MB, paused 256us total 30.442ms
08-05 12:47:10.348  2955  3034 I art     : Starting a blocking GC Explicit
08-05 12:47:10.386  2955  3034 I art     : Explicit concurrent mark sweep GC freed 1343(78KB) AllocSpace objects, 1(20KB) LOS objects, 39% free, 24MB/40MB, paused 279us total 37.583ms
08-05 12:47:10.403  2955  3034 I art     : Starting a blocking GC Explicit
08-05 12:47:10.433  2955  3034 I art     : Explicit concurrent mark sweep GC freed 20(704B) AllocSpace objects, 0(0B) LOS objects, 39% free, 24MB/40MB, paused 253us total 30.572ms
08-05 12:47:10.447  2955  3034 I art     : Starting a blocking GC Explicit
08-05 12:47:10.476  2955  3034 I art     : Explicit concurrent mark sweep GC freed 3(96B) AllocSpace objects, 0(0B) LOS objects, 39% free, 24MB/40MB, paused 246us total 28.811ms
08-05 12:47:10.489  2955  3034 I art     : Starting a blocking GC Explicit
08-05 12:47:10.518  2955  3034 I art     : Explicit concurrent mark sweep GC freed 3(96B) AllocSpace objects, 0(0B) LOS objects, 39% free, 24MB/40MB, paused 252us total 28.760ms
08-05 12:47:10.531  2955  3034 I art     : Starting a blocking GC Explicit
08-05 12:47:10.561  2955  3034 I art     : Explicit concurrent mark sweep GC freed 3(96B) AllocSpace objects, 0(0B) LOS objects, 39% free, 24MB/40MB, paused 243us total 29.816ms
08-05 12:47:10.867  2955  2980 I art     : Starting a blocking GC Explicit
08-05 12:47:10.906  2955  2980 I art     : Explicit concurrent mark sweep GC freed 1343(78KB) AllocSpace objects, 1(20KB) LOS objects, 39% free, 24MB/40MB, paused 293us total 38.085ms
08-05 12:47:10.921  2955  2980 I art     : Starting a blocking GC Explicit
08-05 12:47:10.952  2955  2980 I art     : Explicit concurrent mark sweep GC freed 20(704B) AllocSpace objects, 0(0B) LOS objects, 39% free, 24MB/40MB, paused 250us total 30.535ms
08-05 12:47:10.965  2955  2980 I art     : Starting a blocking GC Explicit
08-05 12:47:10.995  2955  2980 I art     : Explicit concurrent mark sweep GC freed 3(96B) AllocSpace objects, 0(0B) LOS objects, 39% free, 24MB/40MB, paused 260us total 29.308ms
08-05 12:47:11.008  2955  2980 I art     : Starting a blocking GC Explicit
08-05 12:47:11.037  2955  2980 I art     : Explicit concurrent mark sweep GC freed 3(96B) AllocSpace objects, 0(0B) LOS objects, 39% free, 24MB/40MB, paused 269us total 29.283ms
08-05 12:47:11.050  2955  2980 I art     : Starting a blocking GC Explicit
08-05 12:47:11.081  2955  2980 I art     : Explicit concurrent mark sweep GC freed 3(96B) AllocSpace objects, 0(0B) LOS objects, 39% free, 24MB/40MB, paused 258us total 30.083ms
08-05 12:47:11.194   518   646 I ThermalEngine: ACTION: GPU - Setting GPU[0] to 600000000
08-05 12:47:11.414  2955  2979 I art     : Starting a blocking GC Explicit
08-05 12:47:11.452  2955  2979 I art     : Explicit concurrent mark sweep GC freed 1347(78KB) AllocSpace objects, 1(20KB) LOS objects, 39% free, 24MB/40MB, paused 208us total 37.713ms
08-05 12:47:11.467  2955  2979 I art     : Starting a blocking GC Explicit
08-05 12:47:11.491  2955  2979 I art     : Explicit concurrent mark sweep GC freed 20(704B) AllocSpace objects, 0(0B) LOS objects, 39% free, 24MB/40MB, paused 194us total 24.493ms
08-05 12:47:11.502  2955  2979 I art     : Starting a blocking GC Explicit
08-05 12:47:11.526  2955  2979 I art     : Explicit concurrent mark sweep GC freed 3(96B) AllocSpace objects, 0(0B) LOS objects, 39% free, 24MB/40MB, paused 185us total 23.668ms
08-05 12:47:11.535  2955  2979 I art     : Starting a blocking GC Explicit
08-05 12:47:11.560  2955  2979 I art     : Explicit concurrent mark sweep GC freed 3(96B) AllocSpace objects, 0(0B) LOS objects, 39% free, 24MB/40MB, paused 186us total 24.183ms
08-05 12:47:11.570  2955  2979 I art     : Starting a blocking GC Explicit
08-05 12:47:11.595  2955  2979 I art     : Explicit concurrent mark sweep GC freed 3(96B) AllocSpace objects, 0(0B) LOS objects, 39% free, 24MB/40MB, paused 171us total 24.574ms
08-05 12:47:11.884  2955  3295 I art     : Starting a blocking GC Explicit
08-05 12:47:11.908  2955  3295 I art     : Explicit concurrent mark sweep GC freed 1344(78KB) AllocSpace objects, 1(20KB) LOS objects, 39% free, 24MB/40MB, paused 194us total 24.520ms
08-05 12:47:11.919  2955  3295 I art     : Starting a blocking GC Explicit
08-05 12:47:11.943  2955  3295 I art     : Explicit concurrent mark sweep GC freed 20(704B) AllocSpace objects, 0(0B) LOS objects, 39% free, 24MB/40MB, paused 189us total 23.802ms
08-05 12:47:11.952  2955  3295 I art     : Starting a blocking GC Explicit
08-05 12:47:11.975  2955  3295 I art     : Explicit concurrent mark sweep GC freed 3(96B) AllocSpace objects, 0(0B) LOS objects, 39% free, 24MB/40MB, paused 192us total 22.594ms
08-05 12:47:11.985  2955  3295 I art     : Starting a blocking GC Explicit
08-05 12:47:12.008  2955  3295 I art     : Explicit concurrent mark sweep GC freed 3(96B) AllocSpace objects, 0(0B) LOS objects, 39% free, 24MB/40MB, paused 222us total 23.062ms
08-05 12:47:12.018  2955  3295 I art     : Starting a blocking GC Explicit
08-05 12:47:12.039  2955  3295 I art     : Explicit concurrent mark sweep GC freed 3(96B) AllocSpace objects, 0(0B) LOS objects, 39% free, 24MB/40MB, paused 173us total 21.017ms
08-05 12:47:12.113  3671  3671 D AndroidRuntime: >>>>>> START com.android.internal.os.RuntimeInit uid 2000 <<<<<<
08-05 12:47:12.119  3671  3671 D AndroidRuntime: CheckJNI is OFF
08-05 12:47:12.151  3671  3671 D ICU     : No timezone override file found: /data/misc/zoneinfo/current/icu/icu_tzdata.dat
08-05 12:47:12.182  3671  3671 I Radio-JNI: register_android_hardware_Radio DONE
08-05 12:47:12.198  3671  3671 D AndroidRuntime: Calling main entry com.android.commands.input.Input
08-05 12:47:12.200  3671  3671 I Input   : injectMotionEvent: MotionEvent { action=ACTION_DOWN, actionButton=0, id[0]=0, x[0]=600.0, y[0]=700.0, toolType[0]=TOOL_TYPE_UNKNOWN, buttonState=0, metaState=0, flags=0x0, edgeFlags=0x0, pointerCount=1, historySize=0, eventTime=794848613, downTime=794848613, deviceId=0, source=0x1002 }
08-05 12:47:12.209  3671  3671 I Input   : injectMotionEvent: MotionEvent { action=ACTION_UP, actionButton=0, id[0]=0, x[0]=600.0, y[0]=700.0, toolType[0]=TOOL_TYPE_UNKNOWN, buttonState=0, metaState=0, flags=0x0, edgeFlags=0x0, pointerCount=1, historySize=0, eventTime=794848613, downTime=794848613, deviceId=0, source=0x1002 }
08-05 12:47:12.216  2955  2955 I RRChoreographer: Using modern Choreographer
08-05 12:47:12.218  3671  3671 D AndroidRuntime: Shutting down VM
08-05 12:47:12.229   512  2967 D audio_hw_primary: out_set_parameters: enter: usecase(1: low-latency-playback) kvpairs: routing=2
08-05 12:47:12.231   918   929 I ActivityManager: START u0 {dat=https://oauth.reddit.com/... cmp=baseline.org.quantumbadger.redreader/.activities.CommentListingActivity} from uid 10689 on display 0
08-05 12:47:12.242   512  2967 D audio_hw_primary: select_devices: out_snd_device(2: speaker) in_snd_device(0: none)
08-05 12:47:12.242   512  2967 D msm8974_platform: platform_send_audio_calibration: sending audio calibration for snd_device(2) acdb_id(15)
08-05 12:47:12.243   512  2967 I soundtrigger: audio_extn_sound_trigger_update_device_status: device 0x2 of type 0 for Event 1
08-05 12:47:12.252   512  2967 D audio_hw_primary: enable_snd_device: snd_device(2: speaker)
08-05 12:47:12.254   512  2967 D audio_hw_primary: enable_audio_route: apply and update mixer path: low-latency-playback speaker
08-05 12:47:12.255  2955  2955 I AppCompatViewInflater: app:theme is now deprecated. Please move to using android:theme instead.
08-05 12:47:12.272  2955  3706 D OK      : calling: https://oauth.reddit.com/comments/gvc7k9/.json?sort=confidence
08-05 12:47:12.304  2955  2980 I art     : Starting a blocking GC Explicit
08-05 12:47:12.326  2955  2980 I art     : Explicit concurrent mark sweep GC freed 4141(266KB) AllocSpace objects, 1(20KB) LOS objects, 39% free, 24MB/40MB, paused 471us total 22.622ms
08-05 12:47:12.337  2955  2980 I art     : Starting a blocking GC Explicit
08-05 12:47:12.347   918   936 I ActivityManager: Displayed baseline.org.quantumbadger.redreader/.activities.CommentListingActivity: +104ms
08-05 12:47:12.347 13866 13866 I GoogleInputMethodServic: GoogleInputMethodService.onFinishInput():3138 
08-05 12:47:12.348 13866 13866 I GoogleInputMethodServic: GoogleInputMethodService.onStartInput():1808 
08-05 12:47:12.360  2955  2980 I art     : Explicit concurrent mark sweep GC freed 483(23KB) AllocSpace objects, 0(0B) LOS objects, 39% free, 24MB/40MB, paused 305us total 22.190ms
08-05 12:47:12.372  2955  2980 I art     : Starting a blocking GC Explicit
08-05 12:47:12.395  2955  2980 I art     : Explicit concurrent mark sweep GC freed 35(1664B) AllocSpace objects, 0(0B) LOS objects, 39% free, 24MB/40MB, paused 213us total 22.375ms
08-05 12:47:12.405  2955  2980 I art     : Starting a blocking GC Explicit
08-05 12:47:12.428  2955  2980 I art     : Explicit concurrent mark sweep GC freed 5(160B) AllocSpace objects, 0(0B) LOS objects, 39% free, 24MB/40MB, paused 276us total 23.444ms
08-05 12:47:12.434  2955  3706 I NAPPA_EXPERIMENTATION: MetricNetworkRequestExecutionTime: REQUEST_DURATION_SYSTEM='161',REQUEST_DURATION_OKHTTP='158',REQUEST_SYNCHRONOUS='TRUE',RESPONSE_CODE='200',RESPONSE_METHOD='GET',RESPONSE_LENGTH_OKHTTP='-1',RESPONSE_LENGTH_HEADER='90132',REQUEST_PROTOCOL='h2',REQUEST_URL='https://oauth.reddit.com/comments/gvc7k9/.json?sort=confidence',
08-05 12:47:12.434  2955  3706 D OK      : request got status: 200
08-05 12:47:12.439  2955  2980 I art     : Starting a blocking GC Explicit
08-05 12:47:12.447  2955  3577 I CommentListingActivity: COMMENTS session changed to 89834502-0a6c-4ad0-8336-fb581f05f276
08-05 12:47:12.464  2955  2980 I art     : Explicit concurrent mark sweep GC freed 585(118KB) AllocSpace objects, 0(0B) LOS objects, 38% free, 25MB/41MB, paused 555us total 25.029ms
08-05 12:47:12.593   380   380 W SurfaceFlinger: couldn't log to binary event log: overflow.
08-05 12:47:12.684  2955  3034 I art     : Starting a blocking GC Explicit
08-05 12:47:12.726  2955  3034 I art     : Explicit concurrent mark sweep GC freed 42768(2MB) AllocSpace objects, 4(72KB) LOS objects, 35% free, 28MB/44MB, paused 476us total 41.569ms
08-05 12:47:12.740  2955  3034 I art     : Starting a blocking GC Explicit
08-05 12:47:12.778  2955  3034 I art     : Explicit concurrent mark sweep GC freed 662(111KB) AllocSpace objects, 1(68KB) LOS objects, 35% free, 28MB/44MB, paused 260us total 37.659ms
08-05 12:47:12.791  2955  3034 I art     : Starting a blocking GC Explicit
08-05 12:47:12.798   512  2967 D audio_hw_primary: disable_audio_route: reset and update mixer path: low-latency-playback speaker
08-05 12:47:12.799   512  2967 D audio_hw_primary: disable_snd_device: snd_device(2: speaker)
08-05 12:47:12.807   512  2967 I soundtrigger: audio_extn_sound_trigger_update_device_status: device 0x2 of type 0 for Event 0
08-05 12:47:12.824  2955  3034 I art     : Explicit concurrent mark sweep GC freed 19309(871KB) AllocSpace objects, 1(68KB) LOS objects, 36% free, 27MB/43MB, paused 192us total 33.097ms
08-05 12:47:12.836  2955  3034 I art     : Starting a blocking GC Explicit
08-05 12:47:12.868  2955  3034 I art     : Explicit concurrent mark sweep GC freed 20(848B) AllocSpace objects, 0(0B) LOS objects, 36% free, 27MB/43MB, paused 181us total 31.640ms
08-05 12:47:12.879  2955  3034 I art     : Starting a blocking GC Explicit
08-05 12:47:12.911  2955  3034 I art     : Explicit concurrent mark sweep GC freed 3(96B) AllocSpace objects, 0(0B) LOS objects, 36% free, 27MB/43MB, paused 179us total 32.164ms
08-05 12:47:13.044   918  3188 I hubconnection: sensorhub said: 'set_bias 3: -6.7200, 0.0000, 0.0000'
08-05 12:47:13.180  2955  2980 I art     : Starting a blocking GC Explicit
08-05 12:47:13.214  2955  2980 I art     : Explicit concurrent mark sweep GC freed 1343(78KB) AllocSpace objects, 1(20KB) LOS objects, 36% free, 27MB/43MB, paused 204us total 33.694ms
08-05 12:47:13.226  2955  2980 I art     : Starting a blocking GC Explicit
08-05 12:47:13.256  2955  2980 I art     : Explicit concurrent mark sweep GC freed 20(704B) AllocSpace objects, 0(0B) LOS objects, 36% free, 27MB/43MB, paused 191us total 30.136ms
08-05 12:47:13.267  2955  2980 I art     : Starting a blocking GC Explicit
08-05 12:47:13.298  2955  2980 I art     : Explicit concurrent mark sweep GC freed 3(96B) AllocSpace objects, 0(0B) LOS objects, 36% free, 27MB/43MB, paused 172us total 30.828ms
08-05 12:47:13.310  2955  2980 I art     : Starting a blocking GC Explicit
08-05 12:47:13.345  2955  2980 I art     : Explicit concurrent mark sweep GC freed 3(96B) AllocSpace objects, 0(0B) LOS objects, 36% free, 27MB/43MB, paused 175us total 35.331ms
08-05 12:47:13.357  2955  2980 I art     : Starting a blocking GC Explicit
08-05 12:47:13.392  2955  2980 I art     : Explicit concurrent mark sweep GC freed 3(96B) AllocSpace objects, 0(0B) LOS objects, 36% free, 27MB/43MB, paused 198us total 34.851ms
08-05 12:47:13.690  2955  3034 I art     : Starting a blocking GC Explicit
08-05 12:47:13.742  2955  3034 I art     : Explicit concurrent mark sweep GC freed 1389(80KB) AllocSpace objects, 1(20KB) LOS objects, 36% free, 27MB/43MB, paused 221us total 50.926ms
08-05 12:47:13.757  2955  3034 I art     : Starting a blocking GC Explicit
08-05 12:47:13.793  2955  3034 I art     : Explicit concurrent mark sweep GC freed 20(704B) AllocSpace objects, 0(0B) LOS objects, 36% free, 27MB/43MB, paused 198us total 36.234ms
08-05 12:47:13.805  2955  3034 I art     : Starting a blocking GC Explicit
08-05 12:47:13.840  2955  3034 I art     : Explicit concurrent mark sweep GC freed 3(96B) AllocSpace objects, 0(0B) LOS objects, 36% free, 27MB/43MB, paused 196us total 35.482ms
08-05 12:47:13.852  2955  3034 I art     : Starting a blocking GC Explicit
08-05 12:47:13.889  2955  3034 I art     : Explicit concurrent mark sweep GC freed 3(96B) AllocSpace objects, 0(0B) LOS objects, 36% free, 27MB/43MB, paused 192us total 36.147ms
08-05 12:47:13.900  2955  3034 I art     : Starting a blocking GC Explicit
08-05 12:47:13.937  2955  3034 I art     : Explicit concurrent mark sweep GC freed 3(96B) AllocSpace objects, 0(0B) LOS objects, 36% free, 27MB/43MB, paused 212us total 36.337ms
08-05 12:47:14.252  2955  3295 I art     : Starting a blocking GC Explicit
08-05 12:47:14.302  2955  3295 I art     : Explicit concurrent mark sweep GC freed 1343(78KB) AllocSpace objects, 1(20KB) LOS objects, 36% free, 27MB/43MB, paused 232us total 49.765ms
08-05 12:47:14.319  2955  3295 I art     : Starting a blocking GC Explicit
08-05 12:47:14.356  2955  3295 I art     : Explicit concurrent mark sweep GC freed 20(704B) AllocSpace objects, 0(0B) LOS objects, 36% free, 27MB/43MB, paused 203us total 37.269ms
08-05 12:47:14.368  2955  3295 I art     : Starting a blocking GC Explicit
08-05 12:47:14.406  2955  3295 I art     : Explicit concurrent mark sweep GC freed 3(96B) AllocSpace objects, 0(0B) LOS objects, 36% free, 27MB/43MB, paused 191us total 37.437ms
08-05 12:47:14.418  2955  3295 I art     : Starting a blocking GC Explicit
08-05 12:47:14.454  2955  3295 I art     : Explicit concurrent mark sweep GC freed 3(96B) AllocSpace objects, 0(0B) LOS objects, 36% free, 27MB/43MB, paused 201us total 36.041ms
08-05 12:47:14.466  2955  3295 I art     : Starting a blocking GC Explicit
08-05 12:47:14.503  2955  3295 I art     : Explicit concurrent mark sweep GC freed 3(96B) AllocSpace objects, 0(0B) LOS objects, 36% free, 27MB/43MB, paused 204us total 36.275ms
08-05 12:47:14.833  2955  2979 I art     : Starting a blocking GC Explicit
08-05 12:47:14.888  2955  2979 I art     : Explicit concurrent mark sweep GC freed 1343(78KB) AllocSpace objects, 1(20KB) LOS objects, 36% free, 27MB/43MB, paused 232us total 53.839ms
08-05 12:47:14.900  2955  2979 I art     : Starting a blocking GC Explicit
08-05 12:47:14.937  2955  2979 I art     : Explicit concurrent mark sweep GC freed 20(704B) AllocSpace objects, 0(0B) LOS objects, 36% free, 27MB/43MB, paused 234us total 36.814ms
08-05 12:47:14.949  2955  2979 I art     : Starting a blocking GC Explicit
08-05 12:47:14.985  2955  2979 I art     : Explicit concurrent mark sweep GC freed 3(96B) AllocSpace objects, 0(0B) LOS objects, 36% free, 27MB/43MB, paused 177us total 36.028ms
08-05 12:47:14.997  2955  2979 I art     : Starting a blocking GC Explicit
08-05 12:47:15.033  2955  2979 I art     : Explicit concurrent mark sweep GC freed 3(96B) AllocSpace objects, 0(0B) LOS objects, 36% free, 27MB/43MB, paused 186us total 35.579ms
08-05 12:47:15.044  2955  2979 I art     : Starting a blocking GC Explicit
08-05 12:47:15.081  2955  2979 I art     : Explicit concurrent mark sweep GC freed 3(96B) AllocSpace objects, 0(0B) LOS objects, 36% free, 27MB/43MB, paused 192us total 35.967ms
08-05 12:47:15.401  2955  2980 I art     : Starting a blocking GC Explicit
08-05 12:47:15.454  2955  2980 I art     : Explicit concurrent mark sweep GC freed 1344(79KB) AllocSpace objects, 1(20KB) LOS objects, 36% free, 27MB/43MB, paused 202us total 52.921ms
08-05 12:47:15.467  2955  2980 I art     : Starting a blocking GC Explicit
08-05 12:47:15.503  2955  2980 I art     : Explicit concurrent mark sweep GC freed 20(704B) AllocSpace objects, 0(0B) LOS objects, 36% free, 27MB/43MB, paused 190us total 36.226ms
08-05 12:47:15.515  2955  2980 I art     : Starting a blocking GC Explicit
08-05 12:47:15.532  2416  2416 I ServiceManager: Waiting for service AtCmdFwd...
08-05 12:47:15.551  2955  2980 I art     : Explicit concurrent mark sweep GC freed 3(96B) AllocSpace objects, 0(0B) LOS objects, 36% free, 27MB/43MB, paused 197us total 35.908ms
08-05 12:47:15.563  2955  2980 I art     : Starting a blocking GC Explicit
08-05 12:47:15.599  2955  2980 I art     : Explicit concurrent mark sweep GC freed 3(96B) AllocSpace objects, 0(0B) LOS objects, 36% free, 27MB/43MB, paused 193us total 36.192ms
08-05 12:47:15.611  2955  2980 I art     : Starting a blocking GC Explicit
08-05 12:47:15.647  2955  2980 I art     : Explicit concurrent mark sweep GC freed 3(96B) AllocSpace objects, 0(0B) LOS objects, 36% free, 27MB/43MB, paused 249us total 35.762ms
08-05 12:47:15.954  2955  3034 I art     : Starting a blocking GC Explicit
08-05 12:47:16.006  2955  3034 I art     : Explicit concurrent mark sweep GC freed 1347(79KB) AllocSpace objects, 1(20KB) LOS objects, 36% free, 27MB/43MB, paused 226us total 51.540ms
08-05 12:47:16.022  2955  3034 I art     : Starting a blocking GC Explicit
08-05 12:47:16.059  2955  3034 I art     : Explicit concurrent mark sweep GC freed 20(704B) AllocSpace objects, 0(0B) LOS objects, 36% free, 27MB/43MB, paused 187us total 36.075ms
08-05 12:47:16.071  2955  3034 I art     : Starting a blocking GC Explicit
08-05 12:47:16.108  2955  3034 I art     : Explicit concurrent mark sweep GC freed 3(96B) AllocSpace objects, 0(0B) LOS objects, 36% free, 27MB/43MB, paused 220us total 37.204ms
08-05 12:47:16.120  2955  3034 I art     : Starting a blocking GC Explicit
08-05 12:47:16.157  2955  3034 I art     : Explicit concurrent mark sweep GC freed 3(96B) AllocSpace objects, 0(0B) LOS objects, 36% free, 27MB/43MB, paused 198us total 36.048ms
08-05 12:47:16.168  2955  3034 I art     : Starting a blocking GC Explicit
08-05 12:47:16.204  2955  3034 I art     : Explicit concurrent mark sweep GC freed 3(96B) AllocSpace objects, 0(0B) LOS objects, 36% free, 27MB/43MB, paused 192us total 35.630ms
08-05 12:47:16.528  2955  3295 I art     : Starting a blocking GC Explicit
08-05 12:47:16.533  2416  2416 I ServiceManager: Waiting for service AtCmdFwd...
08-05 12:47:16.568  2955  3295 I art     : Explicit concurrent mark sweep GC freed 1344(78KB) AllocSpace objects, 1(20KB) LOS objects, 36% free, 27MB/43MB, paused 198us total 40.120ms
08-05 12:47:16.580  2955  3295 I art     : Starting a blocking GC Explicit
08-05 12:47:16.614  2955  3295 I art     : Explicit concurrent mark sweep GC freed 20(704B) AllocSpace objects, 0(0B) LOS objects, 36% free, 27MB/43MB, paused 189us total 32.868ms
08-05 12:47:16.625  2955  3295 I art     : Starting a blocking GC Explicit
08-05 12:47:16.660  2955  3295 I art     : Explicit concurrent mark sweep GC freed 3(96B) AllocSpace objects, 0(0B) LOS objects, 36% free, 27MB/43MB, paused 192us total 34.479ms
08-05 12:47:16.672  2955  3295 I art     : Starting a blocking GC Explicit
08-05 12:47:16.706  2955  3295 I art     : Explicit concurrent mark sweep GC freed 3(96B) AllocSpace objects, 0(0B) LOS objects, 36% free, 27MB/43MB, paused 197us total 33.266ms
08-05 12:47:16.718  2955  3295 I art     : Starting a blocking GC Explicit
08-05 12:47:16.752  2955  3295 I art     : Explicit concurrent mark sweep GC freed 3(96B) AllocSpace objects, 0(0B) LOS objects, 36% free, 27MB/43MB, paused 195us total 34ms
08-05 12:47:16.810  3814  3814 D AndroidRuntime: >>>>>> START com.android.internal.os.RuntimeInit uid 2000 <<<<<<
08-05 12:47:16.814  3814  3814 D AndroidRuntime: CheckJNI is OFF
08-05 12:47:16.841  3814  3814 D ICU     : No timezone override file found: /data/misc/zoneinfo/current/icu/icu_tzdata.dat
08-05 12:47:16.867  3814  3814 I Radio-JNI: register_android_hardware_Radio DONE
08-05 12:47:16.884  3814  3814 D AndroidRuntime: Calling main entry com.android.commands.input.Input
08-05 12:47:16.886  3814  3814 I Input   : injectKeyEvent: KeyEvent { action=ACTION_DOWN, keyCode=KEYCODE_BACK, scanCode=0, metaState=0, flags=0x0, repeatCount=0, eventTime=794853299, downTime=794853299, deviceId=-1, source=0x101 }
08-05 12:47:16.898  3814  3814 I Input   : injectKeyEvent: KeyEvent { action=ACTION_UP, keyCode=KEYCODE_BACK, scanCode=0, metaState=0, flags=0x0, repeatCount=0, eventTime=794853299, downTime=794853299, deviceId=-1, source=0x101 }
08-05 12:47:16.905  3814  3814 D AndroidRuntime: Shutting down VM
08-05 12:47:16.944 13866 13866 I GoogleInputMethodServic: GoogleInputMethodService.onFinishInput():3138 
08-05 12:47:16.945 13866 13866 I GoogleInputMethodServic: GoogleInputMethodService.onStartInput():1808 
08-05 12:47:16.981  2955  3034 I art     : Starting a blocking GC Explicit
08-05 12:47:17.015  2955  3034 I art     : Explicit concurrent mark sweep GC freed 1589(87KB) AllocSpace objects, 1(20KB) LOS objects, 36% free, 27MB/43MB, paused 218us total 33.354ms
08-05 12:47:17.026  2955  3034 I art     : Starting a blocking GC Explicit
08-05 12:47:17.058  2955  3034 I art     : Explicit concurrent mark sweep GC freed 24(864B) AllocSpace objects, 0(0B) LOS objects, 36% free, 27MB/43MB, paused 180us total 31.873ms
08-05 12:47:17.071  2955  3034 I art     : Starting a blocking GC Explicit
08-05 12:47:17.110  2955  3034 I art     : Explicit concurrent mark sweep GC freed 3(96B) AllocSpace objects, 0(0B) LOS objects, 36% free, 27MB/43MB, paused 196us total 39.146ms
08-05 12:47:17.123  2955  3034 I art     : Starting a blocking GC Explicit
08-05 12:47:17.165  2955  3034 I art     : Explicit concurrent mark sweep GC freed 3(96B) AllocSpace objects, 0(0B) LOS objects, 36% free, 27MB/43MB, paused 189us total 41.192ms
08-05 12:47:17.182  2955  3034 I art     : Starting a blocking GC Explicit
08-05 12:47:17.230  2955  3034 I art     : Explicit concurrent mark sweep GC freed 3(96B) AllocSpace objects, 0(0B) LOS objects, 36% free, 27MB/43MB, paused 209us total 47.614ms
08-05 12:47:17.243  2955  3700 I RedditChangeDataIO: Writing tmp data file at '/data/user/0/baseline.org.quantumbadger.redreader/files/rr_change_data_tmp.dat'
08-05 12:47:17.244  2955  3700 I RedditChangeDataManager: Taking snapshot...
08-05 12:47:17.244  2955  3700 I RedditChangeDataManager: Writing to stream...
08-05 12:47:17.244  2955  3700 I RedditChangeDataManager: Wrote 1 entries for user ''
08-05 12:47:17.244  2955  3700 I RedditChangeDataManager: All entries written to stream.
08-05 12:47:17.244  2955  3700 I RedditChangeDataIO: Write successful. Atomically replacing data file...
08-05 12:47:17.244  2955  3700 I RedditChangeDataIO: Write complete.
08-05 12:47:17.244  2955  3700 I RedditChangeDataIO: 38 bytes written in 1 ms
08-05 12:47:17.265   380   380 W SurfaceFlinger: couldn't log to binary event log: overflow.
08-05 12:47:17.509  2955  2980 I art     : Starting a blocking GC Explicit
08-05 12:47:17.533  2416  2416 I ServiceManager: Waiting for service AtCmdFwd...
08-05 12:47:17.562  2955  2980 I art     : Explicit concurrent mark sweep GC freed 1481(86KB) AllocSpace objects, 2(88KB) LOS objects, 36% free, 27MB/43MB, paused 301us total 52.402ms
08-05 12:47:17.574  2955  2980 I art     : Starting a blocking GC Explicit
08-05 12:47:17.605  2955  2980 I art     : Explicit concurrent mark sweep GC freed 46781(2MB) AllocSpace objects, 5(140KB) LOS objects, 39% free, 24MB/40MB, paused 197us total 30.283ms
08-05 12:47:17.614  2955  2980 I art     : Starting a blocking GC Explicit
08-05 12:47:17.637  2955  2980 I art     : Explicit concurrent mark sweep GC freed 3(96B) AllocSpace objects, 0(0B) LOS objects, 39% free, 24MB/40MB, paused 186us total 22.909ms
08-05 12:47:17.647  2955  2980 I art     : Starting a blocking GC Explicit
08-05 12:47:17.671  2955  2980 I art     : Explicit concurrent mark sweep GC freed 3(96B) AllocSpace objects, 0(0B) LOS objects, 39% free, 24MB/40MB, paused 182us total 23.412ms
08-05 12:47:17.680  2955  2980 I art     : Starting a blocking GC Explicit
08-05 12:47:17.704  2955  2980 I art     : Explicit concurrent mark sweep GC freed 3(96B) AllocSpace objects, 0(0B) LOS objects, 39% free, 24MB/40MB, paused 184us total 23.649ms
08-05 12:47:17.986  2955  2979 I art     : Starting a blocking GC Explicit
08-05 12:47:18.020  2955  2979 I art     : Explicit concurrent mark sweep GC freed 1384(80KB) AllocSpace objects, 1(20KB) LOS objects, 39% free, 24MB/40MB, paused 206us total 33.625ms
08-05 12:47:18.033  2955  2979 I art     : Starting a blocking GC Explicit
08-05 12:47:18.058  2955  2979 I art     : Explicit concurrent mark sweep GC freed 20(704B) AllocSpace objects, 0(0B) LOS objects, 39% free, 24MB/40MB, paused 181us total 25.356ms
08-05 12:47:18.068  2955  2979 I art     : Starting a blocking GC Explicit
08-05 12:47:18.094  2955  2979 I art     : Explicit concurrent mark sweep GC freed 3(96B) AllocSpace objects, 0(0B) LOS objects, 39% free, 24MB/40MB, paused 190us total 25.492ms
08-05 12:47:18.104  2955  2979 I art     : Starting a blocking GC Explicit
08-05 12:47:18.128  2955  2979 I art     : Explicit concurrent mark sweep GC freed 3(96B) AllocSpace objects, 0(0B) LOS objects, 39% free, 24MB/40MB, paused 157us total 23.741ms
08-05 12:47:18.138  2955  2979 I art     : Starting a blocking GC Explicit
08-05 12:47:18.161  2955  2979 I art     : Explicit concurrent mark sweep GC freed 3(96B) AllocSpace objects, 0(0B) LOS objects, 39% free, 24MB/40MB, paused 174us total 23.285ms
08-05 12:47:18.407  2955  3034 I art     : Starting a blocking GC Explicit
08-05 12:47:18.433  2955  3034 I art     : Explicit concurrent mark sweep GC freed 1343(78KB) AllocSpace objects, 1(20KB) LOS objects, 39% free, 24MB/40MB, paused 183us total 25.990ms
08-05 12:47:18.444  2955  3034 I art     : Starting a blocking GC Explicit
08-05 12:47:18.456  3863  3863 D AndroidRuntime: >>>>>> START com.android.internal.os.RuntimeInit uid 2000 <<<<<<
08-05 12:47:18.460  3863  3863 D AndroidRuntime: CheckJNI is OFF
08-05 12:47:18.468  2955  3034 I art     : Explicit concurrent mark sweep GC freed 20(704B) AllocSpace objects, 0(0B) LOS objects, 39% free, 24MB/40MB, paused 168us total 24.109ms
08-05 12:47:18.478  2955  3034 I art     : Starting a blocking GC Explicit
08-05 12:47:18.489  3863  3863 D ICU     : No timezone override file found: /data/misc/zoneinfo/current/icu/icu_tzdata.dat
08-05 12:47:18.501  2955  3034 I art     : Explicit concurrent mark sweep GC freed 3(96B) AllocSpace objects, 0(0B) LOS objects, 39% free, 24MB/40MB, paused 179us total 23.507ms
08-05 12:47:18.511  2955  3034 I art     : Starting a blocking GC Explicit
08-05 12:47:18.515  3863  3863 I Radio-JNI: register_android_hardware_Radio DONE
08-05 12:47:18.532  3863  3863 D AndroidRuntime: Calling main entry com.android.commands.input.Input
08-05 12:47:18.534  3863  3863 I Input   : injectMotionEvent: MotionEvent { action=ACTION_DOWN, actionButton=0, id[0]=0, x[0]=600.0, y[0]=950.0, toolType[0]=TOOL_TYPE_UNKNOWN, buttonState=0, metaState=0, flags=0x0, edgeFlags=0x0, pointerCount=1, historySize=0, eventTime=794854947, downTime=794854947, deviceId=0, source=0x1002 }
08-05 12:47:18.534  2416  2416 I ServiceManager: Waiting for service AtCmdFwd...
08-05 12:47:18.535  2955  3034 I art     : Explicit concurrent mark sweep GC freed 3(96B) AllocSpace objects, 0(0B) LOS objects, 39% free, 24MB/40MB, paused 172us total 23.663ms
08-05 12:47:18.540  3863  3863 I Input   : injectMotionEvent: MotionEvent { action=ACTION_UP, actionButton=0, id[0]=0, x[0]=600.0, y[0]=950.0, toolType[0]=TOOL_TYPE_UNKNOWN, buttonState=0, metaState=0, flags=0x0, edgeFlags=0x0, pointerCount=1, historySize=0, eventTime=794854947, downTime=794854947, deviceId=0, source=0x1002 }
08-05 12:47:18.542  3863  3863 D AndroidRuntime: Shutting down VM
08-05 12:47:18.544  2955  3034 I art     : Starting a blocking GC Explicit
08-05 12:47:18.554   512  2967 D audio_hw_primary: out_set_parameters: enter: usecase(1: low-latency-playback) kvpairs: routing=2
08-05 12:47:18.556   918  4400 I ActivityManager: START u0 {dat=https://oauth.reddit.com/... cmp=baseline.org.quantumbadger.redreader/.activities.CommentListingActivity} from uid 10689 on display 0
08-05 12:47:18.566   512  2967 D audio_hw_primary: select_devices: out_snd_device(2: speaker) in_snd_device(0: none)
08-05 12:47:18.566   512  2967 D msm8974_platform: platform_send_audio_calibration: sending audio calibration for snd_device(2) acdb_id(15)
08-05 12:47:18.567   512  2967 I soundtrigger: audio_extn_sound_trigger_update_device_status: device 0x2 of type 0 for Event 1
08-05 12:47:18.568  2955  3034 I art     : Explicit concurrent mark sweep GC freed 247(10KB) AllocSpace objects, 0(0B) LOS objects, 39% free, 24MB/40MB, paused 196us total 23.675ms
08-05 12:47:18.579   512  2967 D audio_hw_primary: enable_snd_device: snd_device(2: speaker)
08-05 12:47:18.579  2955  2955 I AppCompatViewInflater: app:theme is now deprecated. Please move to using android:theme instead.
08-05 12:47:18.580   512  2967 D audio_hw_primary: enable_audio_route: apply and update mixer path: low-latency-playback speaker
08-05 12:47:18.592  2955  3893 D OK      : calling: https://oauth.reddit.com/comments/hwnhe2/.json?sort=confidence
08-05 12:47:18.658   918   936 I ActivityManager: Displayed baseline.org.quantumbadger.redreader/.activities.CommentListingActivity: +93ms
08-05 12:47:18.660 13866 13866 I GoogleInputMethodServic: GoogleInputMethodService.onFinishInput():3138 
08-05 12:47:18.660 13866 13866 I GoogleInputMethodServic: GoogleInputMethodService.onStartInput():1808 
08-05 12:47:18.803  2955  2980 I art     : Starting a blocking GC Explicit
08-05 12:47:18.839  2955  2980 I art     : Explicit concurrent mark sweep GC freed 6204(333KB) AllocSpace objects, 1(20KB) LOS objects, 38% free, 25MB/41MB, paused 338us total 34.975ms
08-05 12:47:18.852  2955  2980 I art     : Starting a blocking GC Explicit
08-05 12:47:18.884  2955  2980 I art     : Explicit concurrent mark sweep GC freed 502(23KB) AllocSpace objects, 0(0B) LOS objects, 38% free, 25MB/41MB, paused 267us total 32.155ms
08-05 12:47:18.890  2955  3893 I NAPPA_EXPERIMENTATION: MetricNetworkRequestExecutionTime: REQUEST_DURATION_SYSTEM='298',REQUEST_DURATION_OKHTTP='145',REQUEST_SYNCHRONOUS='TRUE',RESPONSE_CODE='200',RESPONSE_METHOD='GET',RESPONSE_LENGTH_OKHTTP='-1',RESPONSE_LENGTH_HEADER='3930',REQUEST_PROTOCOL='h2',REQUEST_URL='https://oauth.reddit.com/comments/hwnhe2/.json?sort=confidence',
08-05 12:47:18.891  2955  3893 D OK      : request got status: 200
08-05 12:47:18.898  2955  2980 I art     : Starting a blocking GC Explicit
08-05 12:47:18.901  2955  3577 I CommentListingActivity: COMMENTS session changed to 94c3b86b-154b-4635-8938-a3e51fb24bc0
08-05 12:47:18.901   380   380 W SurfaceFlinger: couldn't log to binary event log: overflow.
08-05 12:47:18.926  2955  2980 I art     : Explicit concurrent mark sweep GC freed 2653(281KB) AllocSpace objects, 3(100KB) LOS objects, 38% free, 25MB/41MB, paused 299us total 28.061ms
08-05 12:47:18.937  2955  2980 I art     : Starting a blocking GC Explicit
08-05 12:47:18.960  2955  2980 I art     : Explicit concurrent mark sweep GC freed 1765(105KB) AllocSpace objects, 1(68KB) LOS objects, 38% free, 25MB/41MB, paused 349us total 23.557ms
08-05 12:47:18.970  2955  2980 I art     : Starting a blocking GC Explicit
08-05 12:47:18.993  2955  2980 I art     : Explicit concurrent mark sweep GC freed 185(8KB) AllocSpace objects, 0(0B) LOS objects, 38% free, 25MB/41MB, paused 198us total 22.041ms
08-05 12:47:19.119   512  2967 D audio_hw_primary: disable_audio_route: reset and update mixer path: low-latency-playback speaker
08-05 12:47:19.121   512  2967 D audio_hw_primary: disable_snd_device: snd_device(2: speaker)
08-05 12:47:19.129   512  2967 I soundtrigger: audio_extn_sound_trigger_update_device_status: device 0x2 of type 0 for Event 0
08-05 12:47:19.288  2955  2979 I art     : Starting a blocking GC Explicit
08-05 12:47:19.320  2955  2979 I art     : Explicit concurrent mark sweep GC freed 1465(83KB) AllocSpace objects, 1(20KB) LOS objects, 38% free, 25MB/41MB, paused 283us total 31.424ms
08-05 12:47:19.331  2955  2979 I art     : Starting a blocking GC Explicit
08-05 12:47:19.354  2955  2979 I art     : Explicit concurrent mark sweep GC freed 24(832B) AllocSpace objects, 0(0B) LOS objects, 38% free, 25MB/41MB, paused 160us total 22.345ms
08-05 12:47:19.363  2955  2979 I art     : Starting a blocking GC Explicit
08-05 12:47:19.387  2955  2979 I art     : Explicit concurrent mark sweep GC freed 3(96B) AllocSpace objects, 0(0B) LOS objects, 38% free, 25MB/41MB, paused 193us total 23.668ms
08-05 12:47:19.397  2955  2979 I art     : Starting a blocking GC Explicit
08-05 12:47:19.422  2955  2979 I art     : Explicit concurrent mark sweep GC freed 3(96B) AllocSpace objects, 0(0B) LOS objects, 38% free, 25MB/41MB, paused 159us total 24.809ms
08-05 12:47:19.433  2955  2979 I art     : Starting a blocking GC Explicit
08-05 12:47:19.455  2955  2979 I art     : Explicit concurrent mark sweep GC freed 3(96B) AllocSpace objects, 0(0B) LOS objects, 38% free, 25MB/41MB, paused 156us total 22.234ms
08-05 12:47:19.535  2416  2416 I ServiceManager: Waiting for service AtCmdFwd...
08-05 12:47:19.742  2955  3295 I art     : Starting a blocking GC Explicit
08-05 12:47:19.782  2955  3295 I art     : Explicit concurrent mark sweep GC freed 1343(79KB) AllocSpace objects, 1(20KB) LOS objects, 38% free, 25MB/41MB, paused 218us total 39.126ms
08-05 12:47:19.796  2955  3295 I art     : Starting a blocking GC Explicit
08-05 12:47:19.823  2955  3295 I art     : Explicit concurrent mark sweep GC freed 66(2528B) AllocSpace objects, 0(0B) LOS objects, 38% free, 25MB/41MB, paused 202us total 26.899ms
08-05 12:47:19.834  2955  3295 I art     : Starting a blocking GC Explicit
08-05 12:47:19.861  2955  3295 I art     : Explicit concurrent mark sweep GC freed 3(96B) AllocSpace objects, 0(0B) LOS objects, 38% free, 25MB/41MB, paused 202us total 26.726ms
08-05 12:47:19.871  2955  3295 I art     : Starting a blocking GC Explicit
08-05 12:47:19.897  2955  3295 I art     : Explicit concurrent mark sweep GC freed 3(96B) AllocSpace objects, 0(0B) LOS objects, 38% free, 25MB/41MB, paused 205us total 26.097ms
08-05 12:47:19.908  2955  3295 I art     : Starting a blocking GC Explicit
08-05 12:47:19.934  2955  3295 I art     : Explicit concurrent mark sweep GC freed 3(96B) AllocSpace objects, 0(0B) LOS objects, 38% free, 25MB/41MB, paused 193us total 26.418ms
08-05 12:47:20.214   518   646 I ThermalEngine: ACTION: GPU - Setting GPU[0] to 510000000
08-05 12:47:20.231  2955  2979 I art     : Starting a blocking GC Explicit
08-05 12:47:20.273  2955  2979 I art     : Explicit concurrent mark sweep GC freed 1343(79KB) AllocSpace objects, 1(20KB) LOS objects, 38% free, 25MB/41MB, paused 273us total 41.331ms
08-05 12:47:20.290  2955  2979 I art     : Starting a blocking GC Explicit
08-05 12:47:20.324  2955  2979 I art     : Explicit concurrent mark sweep GC freed 20(704B) AllocSpace objects, 0(0B) LOS objects, 38% free, 25MB/41MB, paused 256us total 33.054ms
08-05 12:47:20.337  2955  2979 I art     : Starting a blocking GC Explicit
08-05 12:47:20.370  2955  2979 I art     : Explicit concurrent mark sweep GC freed 3(96B) AllocSpace objects, 0(0B) LOS objects, 38% free, 25MB/41MB, paused 257us total 32.849ms
08-05 12:47:20.384  2955  2979 I art     : Starting a blocking GC Explicit
08-05 12:47:20.417  2955  2979 I art     : Explicit concurrent mark sweep GC freed 3(96B) AllocSpace objects, 0(0B) LOS objects, 38% free, 25MB/41MB, paused 255us total 32.553ms
08-05 12:47:20.430  2955  2979 I art     : Starting a blocking GC Explicit
08-05 12:47:20.463  2955  2979 I art     : Explicit concurrent mark sweep GC freed 3(96B) AllocSpace objects, 0(0B) LOS objects, 38% free, 25MB/41MB, paused 252us total 32.658ms
08-05 12:47:20.535  2416  2416 W Atfwd_Sendcmd: AtCmdFwd service not published, waiting... retryCnt : 3
08-05 12:47:20.795  2955  2980 I art     : Starting a blocking GC Explicit
08-05 12:47:20.836  2955  2980 I art     : Explicit concurrent mark sweep GC freed 1343(79KB) AllocSpace objects, 1(20KB) LOS objects, 38% free, 25MB/41MB, paused 290us total 40.858ms
08-05 12:47:20.853  2955  2980 I art     : Starting a blocking GC Explicit
08-05 12:47:20.886  2955  2980 I art     : Explicit concurrent mark sweep GC freed 20(704B) AllocSpace objects, 0(0B) LOS objects, 38% free, 25MB/41MB, paused 255us total 32.408ms
08-05 12:47:20.899  2955  2980 I art     : Starting a blocking GC Explicit
08-05 12:47:20.931  2955  2980 I art     : Explicit concurrent mark sweep GC freed 3(96B) AllocSpace objects, 0(0B) LOS objects, 38% free, 25MB/41MB, paused 268us total 31.874ms
08-05 12:47:20.945  2955  2980 I art     : Starting a blocking GC Explicit
08-05 12:47:20.978  2955  2980 I art     : Explicit concurrent mark sweep GC freed 3(96B) AllocSpace objects, 0(0B) LOS objects, 38% free, 25MB/41MB, paused 258us total 33.003ms
08-05 12:47:20.992  2955  2980 I art     : Starting a blocking GC Explicit
08-05 12:47:21.024  2955  2980 I art     : Explicit concurrent mark sweep GC freed 3(96B) AllocSpace objects, 0(0B) LOS objects, 38% free, 25MB/41MB, paused 252us total 31.896ms
08-05 12:47:21.024  2955  2976 I art     : WaitForGcToComplete blocked for 17.290ms for cause HeapTrim
08-05 12:47:21.343  2955  3034 I art     : Starting a blocking GC Explicit
08-05 12:47:21.382  2955  3034 I art     : Explicit concurrent mark sweep GC freed 1343(79KB) AllocSpace objects, 1(20KB) LOS objects, 38% free, 25MB/41MB, paused 284us total 38.755ms
08-05 12:47:21.398  2955  3034 I art     : Starting a blocking GC Explicit
08-05 12:47:21.430  2955  3034 I art     : Explicit concurrent mark sweep GC freed 20(704B) AllocSpace objects, 0(0B) LOS objects, 38% free, 25MB/41MB, paused 253us total 32.474ms
08-05 12:47:21.444  2955  3034 I art     : Starting a blocking GC Explicit
08-05 12:47:21.477  2955  3034 I art     : Explicit concurrent mark sweep GC freed 3(96B) AllocSpace objects, 0(0B) LOS objects, 38% free, 25MB/41MB, paused 353us total 32.842ms
08-05 12:47:21.490  2955  3034 I art     : Starting a blocking GC Explicit
08-05 12:47:21.523  2955  3034 I art     : Explicit concurrent mark sweep GC freed 3(96B) AllocSpace objects, 0(0B) LOS objects, 38% free, 25MB/41MB, paused 264us total 32.348ms
08-05 12:47:21.537  2955  3034 I art     : Starting a blocking GC Explicit
08-05 12:47:21.570  2955  3034 I art     : Explicit concurrent mark sweep GC freed 3(96B) AllocSpace objects, 0(0B) LOS objects, 38% free, 25MB/41MB, paused 242us total 32.934ms
08-05 12:47:21.893  2955  3295 I art     : Starting a blocking GC Explicit
08-05 12:47:21.934  2955  3295 I art     : Explicit concurrent mark sweep GC freed 1348(80KB) AllocSpace objects, 1(20KB) LOS objects, 38% free, 25MB/41MB, paused 285us total 40.916ms
08-05 12:47:21.951  2955  3295 I art     : Starting a blocking GC Explicit
08-05 12:47:21.984  2955  3295 I art     : Explicit concurrent mark sweep GC freed 20(704B) AllocSpace objects, 0(0B) LOS objects, 38% free, 25MB/41MB, paused 264us total 32.756ms
08-05 12:47:21.998  2955  3295 I art     : Starting a blocking GC Explicit
08-05 12:47:22.030  2955  3295 I art     : Explicit concurrent mark sweep GC freed 3(96B) AllocSpace objects, 0(0B) LOS objects, 38% free, 25MB/41MB, paused 258us total 32.278ms
08-05 12:47:22.044  2955  3295 I art     : Starting a blocking GC Explicit
08-05 12:47:22.077  2955  3295 I art     : Explicit concurrent mark sweep GC freed 3(96B) AllocSpace objects, 0(0B) LOS objects, 38% free, 25MB/41MB, paused 290us total 32.861ms
08-05 12:47:22.091  2955  3295 I art     : Starting a blocking GC Explicit
08-05 12:47:22.123  2955  3295 I art     : Explicit concurrent mark sweep GC freed 3(96B) AllocSpace objects, 0(0B) LOS objects, 38% free, 25MB/41MB, paused 263us total 32.476ms
08-05 12:47:22.220   518   646 I ThermalEngine: ACTION: GPU - Setting GPU[0] to 600000000
08-05 12:47:22.438  2955  2979 I art     : Starting a blocking GC Explicit
08-05 12:47:22.477  2955  2979 I art     : Explicit concurrent mark sweep GC freed 1344(79KB) AllocSpace objects, 1(20KB) LOS objects, 38% free, 25MB/41MB, paused 225us total 38.416ms
08-05 12:47:22.489  2955  2979 I art     : Starting a blocking GC Explicit
08-05 12:47:22.516  2955  2979 I art     : Explicit concurrent mark sweep GC freed 20(704B) AllocSpace objects, 0(0B) LOS objects, 38% free, 25MB/41MB, paused 185us total 26.840ms
08-05 12:47:22.526  2955  2979 I art     : Starting a blocking GC Explicit
08-05 12:47:22.553  2955  2979 I art     : Explicit concurrent mark sweep GC freed 3(96B) AllocSpace objects, 0(0B) LOS objects, 38% free, 25MB/41MB, paused 188us total 26.194ms
08-05 12:47:22.563  2955  2979 I art     : Starting a blocking GC Explicit
08-05 12:47:22.589  2955  2979 I art     : Explicit concurrent mark sweep GC freed 3(96B) AllocSpace objects, 0(0B) LOS objects, 38% free, 25MB/41MB, paused 190us total 25.798ms
08-05 12:47:22.599  2955  2979 I art     : Starting a blocking GC Explicit
08-05 12:47:22.626  2955  2979 I art     : Explicit concurrent mark sweep GC freed 3(96B) AllocSpace objects, 0(0B) LOS objects, 38% free, 25MB/41MB, paused 182us total 26.084ms
08-05 12:47:22.897  2955  2980 I art     : Starting a blocking GC Explicit
08-05 12:47:22.924  2955  2980 I art     : Explicit concurrent mark sweep GC freed 1343(79KB) AllocSpace objects, 1(20KB) LOS objects, 38% free, 25MB/41MB, paused 201us total 27.016ms
08-05 12:47:22.935  2955  2980 I art     : Starting a blocking GC Explicit
08-05 12:47:22.960  2955  2980 I art     : Explicit concurrent mark sweep GC freed 20(704B) AllocSpace objects, 0(0B) LOS objects, 38% free, 25MB/41MB, paused 190us total 24.793ms
08-05 12:47:22.970  2955  2980 I art     : Starting a blocking GC Explicit
08-05 12:47:22.995  2955  2980 I art     : Explicit concurrent mark sweep GC freed 3(96B) AllocSpace objects, 0(0B) LOS objects, 38% free, 25MB/41MB, paused 198us total 24.975ms
08-05 12:47:23.005  2955  2980 I art     : Starting a blocking GC Explicit
08-05 12:47:23.031  2955  2980 I art     : Explicit concurrent mark sweep GC freed 3(96B) AllocSpace objects, 0(0B) LOS objects, 38% free, 25MB/41MB, paused 190us total 25.489ms
08-05 12:47:23.041  2955  2980 I art     : Starting a blocking GC Explicit
08-05 12:47:23.066  2955  2980 I art     : Explicit concurrent mark sweep GC freed 3(96B) AllocSpace objects, 0(0B) LOS objects, 38% free, 25MB/41MB, paused 252us total 24.863ms
08-05 12:47:23.112  4005  4005 D AndroidRuntime: >>>>>> START com.android.internal.os.RuntimeInit uid 2000 <<<<<<
08-05 12:47:23.116  4005  4005 D AndroidRuntime: CheckJNI is OFF
08-05 12:47:23.142  4005  4005 D ICU     : No timezone override file found: /data/misc/zoneinfo/current/icu/icu_tzdata.dat
08-05 12:47:23.168  4005  4005 I Radio-JNI: register_android_hardware_Radio DONE
08-05 12:47:23.185  4005  4005 D AndroidRuntime: Calling main entry com.android.commands.input.Input
08-05 12:47:23.187  4005  4005 I Input   : injectKeyEvent: KeyEvent { action=ACTION_DOWN, keyCode=KEYCODE_BACK, scanCode=0, metaState=0, flags=0x0, repeatCount=0, eventTime=794859600, downTime=794859600, deviceId=-1, source=0x101 }
08-05 12:47:23.193  4005  4005 I Input   : injectKeyEvent: KeyEvent { action=ACTION_UP, keyCode=KEYCODE_BACK, scanCode=0, metaState=0, flags=0x0, repeatCount=0, eventTime=794859600, downTime=794859600, deviceId=-1, source=0x101 }
08-05 12:47:23.200  4005  4005 D AndroidRuntime: Shutting down VM
08-05 12:47:23.238 13866 13866 I GoogleInputMethodServic: GoogleInputMethodService.onFinishInput():3138 
08-05 12:47:23.238 13866 13866 I GoogleInputMethodServic: GoogleInputMethodService.onStartInput():1808 
08-05 12:47:23.289  2955  3034 I art     : Starting a blocking GC Explicit
08-05 12:47:23.311  2955  3034 I art     : Explicit concurrent mark sweep GC freed 1587(87KB) AllocSpace objects, 1(20KB) LOS objects, 38% free, 25MB/41MB, paused 175us total 22.659ms
08-05 12:47:23.321  2955  3034 I art     : Starting a blocking GC Explicit
08-05 12:47:23.345  2955  3034 I art     : Explicit concurrent mark sweep GC freed 24(864B) AllocSpace objects, 0(0B) LOS objects, 38% free, 25MB/41MB, paused 179us total 23.951ms
08-05 12:47:23.356  2955  3034 I art     : Starting a blocking GC Explicit
08-05 12:47:23.382  2955  3034 I art     : Explicit concurrent mark sweep GC freed 3(96B) AllocSpace objects, 0(0B) LOS objects, 38% free, 25MB/41MB, paused 211us total 25.769ms
08-05 12:47:23.392  2955  3034 I art     : Starting a blocking GC Explicit
08-05 12:47:23.419  2955  3034 I art     : Explicit concurrent mark sweep GC freed 3(96B) AllocSpace objects, 0(0B) LOS objects, 38% free, 25MB/41MB, paused 192us total 26.491ms
08-05 12:47:23.430  2955  3034 I art     : Starting a blocking GC Explicit
08-05 12:47:23.460  2955  3034 I art     : Explicit concurrent mark sweep GC freed 3(96B) AllocSpace objects, 0(0B) LOS objects, 38% free, 25MB/41MB, paused 224us total 29.477ms
08-05 12:47:23.540   380   380 W SurfaceFlinger: couldn't log to binary event log: overflow.
08-05 12:47:23.565  2955  3892 I RedditChangeDataIO: Writing tmp data file at '/data/user/0/baseline.org.quantumbadger.redreader/files/rr_change_data_tmp.dat'
08-05 12:47:23.565  2955  3892 I RedditChangeDataManager: Taking snapshot...
08-05 12:47:23.565  2955  3892 I RedditChangeDataManager: Writing to stream...
08-05 12:47:23.565  2955  3892 I RedditChangeDataManager: Wrote 2 entries for user ''
08-05 12:47:23.565  2955  3892 I RedditChangeDataManager: All entries written to stream.
08-05 12:47:23.565  2955  3892 I RedditChangeDataIO: Write successful. Atomically replacing data file...
08-05 12:47:23.565  2955  3892 I RedditChangeDataIO: Write complete.
08-05 12:47:23.565  2955  3892 I RedditChangeDataIO: 62 bytes written in 1 ms
08-05 12:47:23.681  2955  2979 I art     : Starting a blocking GC Explicit
08-05 12:47:23.709  2955  2979 I art     : Explicit concurrent mark sweep GC freed 1471(86KB) AllocSpace objects, 2(88KB) LOS objects, 38% free, 25MB/41MB, paused 198us total 28.106ms
08-05 12:47:23.720  2955  2979 I art     : Starting a blocking GC Explicit
08-05 12:47:23.746  2955  2979 I art     : Explicit concurrent mark sweep GC freed 3857(310KB) AllocSpace objects, 5(140KB) LOS objects, 39% free, 24MB/40MB, paused 185us total 25.512ms
08-05 12:47:23.756  2955  2979 I art     : Starting a blocking GC Explicit
08-05 12:47:23.780  2955  2979 I art     : Explicit concurrent mark sweep GC freed 3(96B) AllocSpace objects, 0(0B) LOS objects, 39% free, 24MB/40MB, paused 197us total 24.349ms
08-05 12:47:23.790  2955  2979 I art     : Starting a blocking GC Explicit
08-05 12:47:23.815  2955  2979 I art     : Explicit concurrent mark sweep GC freed 3(96B) AllocSpace objects, 0(0B) LOS objects, 39% free, 24MB/40MB, paused 192us total 24.719ms
08-05 12:47:23.826  2955  2979 I art     : Starting a blocking GC Explicit
08-05 12:47:23.850  2955  2979 I art     : Explicit concurrent mark sweep GC freed 3(96B) AllocSpace objects, 0(0B) LOS objects, 39% free, 24MB/40MB, paused 188us total 24.351ms
08-05 12:47:24.152  2955  3295 I art     : Starting a blocking GC Explicit
08-05 12:47:24.191  2955  3295 I art     : Explicit concurrent mark sweep GC freed 1578(115KB) AllocSpace objects, 1(20KB) LOS objects, 39% free, 24MB/40MB, paused 211us total 38.987ms
08-05 12:47:24.204  2955  3295 I art     : Starting a blocking GC Explicit
08-05 12:47:24.230  2955  3295 I art     : Explicit concurrent mark sweep GC freed 85(2880B) AllocSpace objects, 0(0B) LOS objects, 39% free, 24MB/40MB, paused 185us total 25.457ms
08-05 12:47:24.240  2955  3295 I art     : Starting a blocking GC Explicit
08-05 12:47:24.264  2955  3295 I art     : Explicit concurrent mark sweep GC freed 3(96B) AllocSpace objects, 0(0B) LOS objects, 39% free, 24MB/40MB, paused 174us total 23.787ms
08-05 12:47:24.274  2955  3295 I art     : Starting a blocking GC Explicit
08-05 12:47:24.299  2955  3295 I art     : Explicit concurrent mark sweep GC freed 3(96B) AllocSpace objects, 0(0B) LOS objects, 39% free, 24MB/40MB, paused 174us total 24.024ms
08-05 12:47:24.308  2955  3295 I art     : Starting a blocking GC Explicit
08-05 12:47:24.333  2955  3295 I art     : Explicit concurrent mark sweep GC freed 3(96B) AllocSpace objects, 0(0B) LOS objects, 39% free, 24MB/40MB, paused 183us total 24.093ms
08-05 12:47:24.573  2955  2980 I art     : Starting a blocking GC Explicit
08-05 12:47:24.597  2955  2980 I art     : Explicit concurrent mark sweep GC freed 1343(79KB) AllocSpace objects, 1(20KB) LOS objects, 39% free, 24MB/40MB, paused 173us total 23.792ms
08-05 12:47:24.607  2955  2980 I art     : Starting a blocking GC Explicit
08-05 12:47:24.632  2955  2980 I art     : Explicit concurrent mark sweep GC freed 20(704B) AllocSpace objects, 0(0B) LOS objects, 39% free, 24MB/40MB, paused 176us total 24.838ms
08-05 12:47:24.643  2955  2980 I art     : Starting a blocking GC Explicit
08-05 12:47:24.666  2955  2980 I art     : Explicit concurrent mark sweep GC freed 3(96B) AllocSpace objects, 0(0B) LOS objects, 39% free, 24MB/40MB, paused 182us total 23.583ms
08-05 12:47:24.676  2955  2980 I art     : Starting a blocking GC Explicit
08-05 12:47:24.697  2955  2980 I art     : Explicit concurrent mark sweep GC freed 3(96B) AllocSpace objects, 0(0B) LOS objects, 39% free, 24MB/40MB, paused 161us total 21.263ms
08-05 12:47:24.707  2955  2980 I art     : Starting a blocking GC Explicit
08-05 12:47:24.730  2955  2980 I art     : Explicit concurrent mark sweep GC freed 3(96B) AllocSpace objects, 0(0B) LOS objects, 39% free, 24MB/40MB, paused 180us total 22.897ms
08-05 12:47:24.790  4058  4058 D AndroidRuntime: >>>>>> START com.android.internal.os.RuntimeInit uid 2000 <<<<<<
08-05 12:47:24.794  4058  4058 D AndroidRuntime: CheckJNI is OFF
08-05 12:47:24.820  4058  4058 D ICU     : No timezone override file found: /data/misc/zoneinfo/current/icu/icu_tzdata.dat
08-05 12:47:24.846  4058  4058 I Radio-JNI: register_android_hardware_Radio DONE
08-05 12:47:24.862  4058  4058 D AndroidRuntime: Calling main entry com.android.commands.input.Input
08-05 12:47:24.864  4058  4058 I Input   : injectMotionEvent: MotionEvent { action=ACTION_DOWN, actionButton=0, id[0]=0, x[0]=600.0, y[0]=1200.0, toolType[0]=TOOL_TYPE_UNKNOWN, buttonState=0, metaState=0, flags=0x0, edgeFlags=0x0, pointerCount=1, historySize=0, eventTime=794861277, downTime=794861277, deviceId=0, source=0x1002 }
08-05 12:47:24.870  4058  4058 I Input   : injectMotionEvent: MotionEvent { action=ACTION_UP, actionButton=0, id[0]=0, x[0]=600.0, y[0]=1200.0, toolType[0]=TOOL_TYPE_UNKNOWN, buttonState=0, metaState=0, flags=0x0, edgeFlags=0x0, pointerCount=1, historySize=0, eventTime=794861277, downTime=794861277, deviceId=0, source=0x1002 }
08-05 12:47:24.872  4058  4058 D AndroidRuntime: Shutting down VM
08-05 12:47:24.880   512  2967 D audio_hw_primary: out_set_parameters: enter: usecase(1: low-latency-playback) kvpairs: routing=2
08-05 12:47:24.883   918  4400 I ActivityManager: START u0 {dat=https://oauth.reddit.com/... cmp=baseline.org.quantumbadger.redreader/.activities.CommentListingActivity} from uid 10689 on display 0
08-05 12:47:24.895   512  2967 D audio_hw_primary: select_devices: out_snd_device(2: speaker) in_snd_device(0: none)
08-05 12:47:24.895   512  2967 D msm8974_platform: platform_send_audio_calibration: sending audio calibration for snd_device(2) acdb_id(15)
08-05 12:47:24.895   512  2967 I soundtrigger: audio_extn_sound_trigger_update_device_status: device 0x2 of type 0 for Event 1
08-05 12:47:24.906  2955  2955 I AppCompatViewInflater: app:theme is now deprecated. Please move to using android:theme instead.
08-05 12:47:24.909   512  2967 D audio_hw_primary: enable_snd_device: snd_device(2: speaker)
08-05 12:47:24.911   512  2967 D audio_hw_primary: enable_audio_route: apply and update mixer path: low-latency-playback speaker
08-05 12:47:24.919  2955  4091 D OK      : calling: https://oauth.reddit.com/comments/hza888/.json?sort=confidence
08-05 12:47:24.962  2955  3034 I art     : Starting a blocking GC Explicit
08-05 12:47:24.982   918   936 I ActivityManager: Displayed baseline.org.quantumbadger.redreader/.activities.CommentListingActivity: +88ms
08-05 12:47:24.982 13866 13866 I GoogleInputMethodServic: GoogleInputMethodService.onFinishInput():3138 
08-05 12:47:24.982 13866 13866 I GoogleInputMethodServic: GoogleInputMethodService.onStartInput():1808 
08-05 12:47:24.986  2955  3034 I art     : Explicit concurrent mark sweep GC freed 4042(214KB) AllocSpace objects, 1(20KB) LOS objects, 38% free, 25MB/41MB, paused 415us total 23.499ms
08-05 12:47:24.997  2955  3034 I art     : Starting a blocking GC Explicit
08-05 12:47:25.020  2955  3034 I art     : Explicit concurrent mark sweep GC freed 485(24KB) AllocSpace objects, 0(0B) LOS objects, 39% free, 25MB/41MB, paused 190us total 23.325ms
08-05 12:47:25.030  2955  3034 I art     : Starting a blocking GC Explicit
08-05 12:47:25.053  2955  3034 I art     : Explicit concurrent mark sweep GC freed 53(3KB) AllocSpace objects, 0(0B) LOS objects, 39% free, 25MB/41MB, paused 187us total 22.195ms
08-05 12:47:25.062  2955  3034 I art     : Starting a blocking GC Explicit
08-05 12:47:25.085  2955  3034 I art     : Explicit concurrent mark sweep GC freed 1793(70KB) AllocSpace objects, 0(0B) LOS objects, 39% free, 25MB/41MB, paused 223us total 22.562ms
08-05 12:47:25.096  2955  3034 I art     : Starting a blocking GC Explicit
08-05 12:47:25.122  2955  3034 I art     : Explicit concurrent mark sweep GC freed 205(7KB) AllocSpace objects, 0(0B) LOS objects, 39% free, 25MB/41MB, paused 217us total 25.765ms
08-05 12:47:25.243   380   380 W SurfaceFlinger: couldn't log to binary event log: overflow.
08-05 12:47:25.250  2955  4091 I NAPPA_EXPERIMENTATION: MetricNetworkRequestExecutionTime: REQUEST_DURATION_SYSTEM='330',REQUEST_DURATION_OKHTTP='157',REQUEST_SYNCHRONOUS='TRUE',RESPONSE_CODE='200',RESPONSE_METHOD='GET',RESPONSE_LENGTH_OKHTTP='-1',RESPONSE_LENGTH_HEADER='21928',REQUEST_PROTOCOL='h2',REQUEST_URL='https://oauth.reddit.com/comments/hza888/.json?sort=confidence',
08-05 12:47:25.250  2955  4091 D OK      : request got status: 200
08-05 12:47:25.271  2955  3577 I CommentListingActivity: COMMENTS session changed to 97894f69-3b40-4bdd-bd14-995826bc7b95
08-05 12:47:25.358  2955  2980 I art     : Starting a blocking GC Explicit
08-05 12:47:25.386  2955  2980 I art     : Explicit concurrent mark sweep GC freed 14023(861KB) AllocSpace objects, 2(88KB) LOS objects, 37% free, 26MB/42MB, paused 214us total 27.134ms
08-05 12:47:25.396  2955  2980 I art     : Starting a blocking GC Explicit
08-05 12:47:25.423  2955  2980 I art     : Explicit concurrent mark sweep GC freed 4737(262KB) AllocSpace objects, 1(68KB) LOS objects, 37% free, 26MB/42MB, paused 413us total 26.777ms
08-05 12:47:25.432  2955  2980 I art     : Starting a blocking GC Explicit
08-05 12:47:25.438   512  2967 D audio_hw_primary: disable_audio_route: reset and update mixer path: low-latency-playback speaker
08-05 12:47:25.439   512  2967 D audio_hw_primary: disable_snd_device: snd_device(2: speaker)
08-05 12:47:25.446   512  2967 I soundtrigger: audio_extn_sound_trigger_update_device_status: device 0x2 of type 0 for Event 0
08-05 12:47:25.458  2955  2980 I art     : Explicit concurrent mark sweep GC freed 780(36KB) AllocSpace objects, 0(0B) LOS objects, 37% free, 26MB/42MB, paused 264us total 25.343ms
08-05 12:47:25.468  2955  2980 I art     : Starting a blocking GC Explicit
08-05 12:47:25.494  2955  2980 I art     : Explicit concurrent mark sweep GC freed 76(2320B) AllocSpace objects, 0(0B) LOS objects, 37% free, 26MB/42MB, paused 163us total 25.649ms
08-05 12:47:25.504  2955  2980 I art     : Starting a blocking GC Explicit
08-05 12:47:25.529  2955  2980 I art     : Explicit concurrent mark sweep GC freed 3(96B) AllocSpace objects, 0(0B) LOS objects, 37% free, 26MB/42MB, paused 163us total 25.474ms
08-05 12:47:25.825  2955  2980 I art     : Starting a blocking GC Explicit
08-05 12:47:25.861  2955  2980 I art     : Explicit concurrent mark sweep GC freed 1343(80KB) AllocSpace objects, 1(20KB) LOS objects, 37% free, 26MB/42MB, paused 208us total 35.418ms
08-05 12:47:25.873  2955  2980 I art     : Starting a blocking GC Explicit
08-05 12:47:25.900  2955  2980 I art     : Explicit concurrent mark sweep GC freed 20(704B) AllocSpace objects, 0(0B) LOS objects, 37% free, 26MB/42MB, paused 183us total 26.411ms
08-05 12:47:25.910  2955  2980 I art     : Starting a blocking GC Explicit
08-05 12:47:25.936  2955  2980 I art     : Explicit concurrent mark sweep GC freed 3(96B) AllocSpace objects, 0(0B) LOS objects, 37% free, 26MB/42MB, paused 179us total 26.217ms
08-05 12:47:25.946  2955  2980 I art     : Starting a blocking GC Explicit
08-05 12:47:25.974  2955  2980 I art     : Explicit concurrent mark sweep GC freed 49(1920B) AllocSpace objects, 0(0B) LOS objects, 37% free, 26MB/42MB, paused 194us total 27.265ms
08-05 12:47:25.984  2955  2980 I art     : Starting a blocking GC Explicit
08-05 12:47:26.015  2955  2980 I art     : Explicit concurrent mark sweep GC freed 3(96B) AllocSpace objects, 0(0B) LOS objects, 37% free, 26MB/42MB, paused 194us total 30.088ms
08-05 12:47:26.225   518   646 I ThermalEngine: ACTION: GPU - Setting GPU[0] to 510000000
08-05 12:47:26.301   918  3261 D WifiStateMachine: starting scan for "H369AA63323"WPA_PSK with 2412,5180
08-05 12:47:26.305  2955  2979 I art     : Starting a blocking GC Explicit
08-05 12:47:26.349  2955  2979 I art     : Explicit concurrent mark sweep GC freed 1343(80KB) AllocSpace objects, 1(20KB) LOS objects, 37% free, 26MB/42MB, paused 259us total 43.769ms
08-05 12:47:26.363  2955  2979 I art     : Starting a blocking GC Explicit
08-05 12:47:26.400  2955  2979 I art     : Explicit concurrent mark sweep GC freed 20(704B) AllocSpace objects, 0(0B) LOS objects, 37% free, 26MB/42MB, paused 253us total 36.780ms
08-05 12:47:26.400  2955  2976 I art     : WaitForGcToComplete blocked for 17.671ms for cause HeapTrim
08-05 12:47:26.414  2955  2979 I art     : Starting a blocking GC Explicit
08-05 12:47:26.452  2955  2979 I art     : Explicit concurrent mark sweep GC freed 3(96B) AllocSpace objects, 0(0B) LOS objects, 37% free, 26MB/42MB, paused 254us total 37.454ms
08-05 12:47:26.466  2955  2979 I art     : Starting a blocking GC Explicit
08-05 12:47:26.504  2955  2979 I art     : Explicit concurrent mark sweep GC freed 3(96B) AllocSpace objects, 0(0B) LOS objects, 37% free, 26MB/42MB, paused 250us total 38.075ms
08-05 12:47:26.518  2955  2979 I art     : Starting a blocking GC Explicit
08-05 12:47:26.556  2955  2979 I art     : Explicit concurrent mark sweep GC freed 3(96B) AllocSpace objects, 0(0B) LOS objects, 37% free, 26MB/42MB, paused 258us total 37.866ms
08-05 12:47:26.890  2955  3295 I art     : Starting a blocking GC Explicit
08-05 12:47:26.938  2955  3295 I art     : Explicit concurrent mark sweep GC freed 1343(80KB) AllocSpace objects, 1(20KB) LOS objects, 37% free, 26MB/42MB, paused 312us total 47.906ms
08-05 12:47:26.955  2955  3295 I art     : Starting a blocking GC Explicit
08-05 12:47:26.994  2955  3295 I art     : Explicit concurrent mark sweep GC freed 20(704B) AllocSpace objects, 0(0B) LOS objects, 37% free, 26MB/42MB, paused 254us total 38.576ms
08-05 12:47:27.008  2955  3295 I art     : Starting a blocking GC Explicit
08-05 12:47:27.047  2955  3295 I art     : Explicit concurrent mark sweep GC freed 3(96B) AllocSpace objects, 0(0B) LOS objects, 37% free, 26MB/42MB, paused 261us total 38.210ms
08-05 12:47:27.061  2955  3295 I art     : Starting a blocking GC Explicit
08-05 12:47:27.097  2955  3295 I art     : Explicit concurrent mark sweep GC freed 3(96B) AllocSpace objects, 0(0B) LOS objects, 37% free, 26MB/42MB, paused 311us total 36.214ms
08-05 12:47:27.112  2955  3295 I art     : Starting a blocking GC Explicit
08-05 12:47:27.145  2955  3295 I art     : Explicit concurrent mark sweep GC freed 3(96B) AllocSpace objects, 0(0B) LOS objects, 37% free, 26MB/42MB, paused 247us total 32.277ms
08-05 12:47:27.428  2955  2979 I art     : Starting a blocking GC Explicit
08-05 12:47:27.467  2955  2979 I art     : Explicit concurrent mark sweep GC freed 1343(80KB) AllocSpace objects, 1(20KB) LOS objects, 37% free, 26MB/42MB, paused 259us total 37.948ms
08-05 12:47:27.481  2955  2979 I art     : Starting a blocking GC Explicit
08-05 12:47:27.517  2955  2979 I art     : Explicit concurrent mark sweep GC freed 35(1264B) AllocSpace objects, 0(0B) LOS objects, 37% free, 26MB/42MB, paused 261us total 36.608ms
08-05 12:47:27.531  2955  2979 I art     : Starting a blocking GC Explicit
08-05 12:47:27.551  4140  4140 D AndroidRuntime: >>>>>> START com.android.internal.os.RuntimeInit uid 2000 <<<<<<
08-05 12:47:27.555  4140  4140 D AndroidRuntime: CheckJNI is OFF
08-05 12:47:27.567  2955  2979 I art     : Explicit concurrent mark sweep GC freed 3(96B) AllocSpace objects, 0(0B) LOS objects, 37% free, 26MB/42MB, paused 325us total 35.612ms
08-05 12:47:27.580  2955  2979 I art     : Starting a blocking GC Explicit
08-05 12:47:27.592  4140  4140 D ICU     : No timezone override file found: /data/misc/zoneinfo/current/icu/icu_tzdata.dat
08-05 12:47:27.615  2955  2979 I art     : Explicit concurrent mark sweep GC freed 3(96B) AllocSpace objects, 0(0B) LOS objects, 37% free, 26MB/42MB, paused 253us total 34.653ms
08-05 12:47:27.627  4140  4140 I Radio-JNI: register_android_hardware_Radio DONE
08-05 12:47:27.629  2955  2979 I art     : Starting a blocking GC Explicit
08-05 12:47:27.649  4140  4140 D AndroidRuntime: Calling main entry com.android.commands.input.Input
08-05 12:47:27.652  4140  4140 I Input   : injectKeyEvent: KeyEvent { action=ACTION_DOWN, keyCode=KEYCODE_BACK, scanCode=0, metaState=0, flags=0x0, repeatCount=0, eventTime=794864065, downTime=794864065, deviceId=-1, source=0x101 }
08-05 12:47:27.657  4140  4140 I Input   : injectKeyEvent: KeyEvent { action=ACTION_UP, keyCode=KEYCODE_BACK, scanCode=0, metaState=0, flags=0x0, repeatCount=0, eventTime=794864065, downTime=794864065, deviceId=-1, source=0x101 }
08-05 12:47:27.663  2955  2979 I art     : Explicit concurrent mark sweep GC freed 5(208B) AllocSpace objects, 0(0B) LOS objects, 37% free, 26MB/42MB, paused 298us total 34.535ms
08-05 12:47:27.665  4140  4140 D AndroidRuntime: Shutting down VM
08-05 12:47:27.702 13866 13866 I GoogleInputMethodServic: GoogleInputMethodService.onFinishInput():3138 
08-05 12:47:27.702 13866 13866 I GoogleInputMethodServic: GoogleInputMethodService.onStartInput():1808 
08-05 12:47:27.937  2955  3295 I art     : Starting a blocking GC Explicit
08-05 12:47:27.982  2955  3295 I art     : Explicit concurrent mark sweep GC freed 1596(89KB) AllocSpace objects, 1(20KB) LOS objects, 37% free, 26MB/42MB, paused 231us total 44.855ms
08-05 12:47:28.000  2955  3295 I art     : Starting a blocking GC Explicit
08-05 12:47:28.012   380   380 W SurfaceFlinger: couldn't log to binary event log: overflow.
08-05 12:47:28.037  2955  3295 I art     : Explicit concurrent mark sweep GC freed 74(2752B) AllocSpace objects, 0(0B) LOS objects, 37% free, 26MB/42MB, paused 251us total 37.012ms
08-05 12:47:28.050  2955  3295 I art     : Starting a blocking GC Explicit
08-05 12:47:28.084  2955  3295 I art     : Explicit concurrent mark sweep GC freed 9(384B) AllocSpace objects, 0(0B) LOS objects, 37% free, 26MB/42MB, paused 260us total 33.386ms
08-05 12:47:28.097  2955  3295 I art     : Starting a blocking GC Explicit
08-05 12:47:28.128  2955  3295 I art     : Explicit concurrent mark sweep GC freed 22972(1247KB) AllocSpace objects, 5(164KB) LOS objects, 39% free, 24MB/40MB, paused 267us total 31.009ms
08-05 12:47:28.141  2955  3295 I art     : Starting a blocking GC Explicit
08-05 12:47:28.171  2955  3295 I art     : Explicit concurrent mark sweep GC freed 3(96B) AllocSpace objects, 0(0B) LOS objects, 39% free, 24MB/40MB, paused 267us total 29.939ms
08-05 12:47:28.457  2955  2979 I art     : Starting a blocking GC Explicit
08-05 12:47:28.495  2955  2979 I art     : Explicit concurrent mark sweep GC freed 1347(80KB) AllocSpace objects, 1(20KB) LOS objects, 39% free, 24MB/40MB, paused 236us total 37.586ms
08-05 12:47:28.508  2955  2979 I art     : Starting a blocking GC Explicit
08-05 12:47:28.539  2955  2979 I art     : Explicit concurrent mark sweep GC freed 20(704B) AllocSpace objects, 0(0B) LOS objects, 39% free, 24MB/40MB, paused 261us total 30.315ms
08-05 12:47:28.552  2955  2979 I art     : Starting a blocking GC Explicit
08-05 12:47:28.584  2955  2979 I art     : Explicit concurrent mark sweep GC freed 3(96B) AllocSpace objects, 0(0B) LOS objects, 39% free, 24MB/40MB, paused 262us total 31.550ms
08-05 12:47:28.597  2955  2979 I art     : Starting a blocking GC Explicit
08-05 12:47:28.628  2955  2979 I art     : Explicit concurrent mark sweep GC freed 3(96B) AllocSpace objects, 0(0B) LOS objects, 39% free, 24MB/40MB, paused 256us total 31.172ms
08-05 12:47:28.642  2955  2979 I art     : Starting a blocking GC Explicit
08-05 12:47:28.673  2955  2979 I art     : Explicit concurrent mark sweep GC freed 3(96B) AllocSpace objects, 0(0B) LOS objects, 39% free, 24MB/40MB, paused 239us total 30.861ms
08-05 12:47:28.969  2955  2980 I art     : Starting a blocking GC Explicit
08-05 12:47:29.000  2955  2980 I art     : Explicit concurrent mark sweep GC freed 1344(80KB) AllocSpace objects, 1(20KB) LOS objects, 39% free, 24MB/40MB, paused 265us total 30.910ms
08-05 12:47:29.014  2955  2980 I art     : Starting a blocking GC Explicit
08-05 12:47:29.044  2955  2980 I art     : Explicit concurrent mark sweep GC freed 20(704B) AllocSpace objects, 0(0B) LOS objects, 39% free, 24MB/40MB, paused 258us total 29.768ms
08-05 12:47:29.056  2955  2980 I art     : Starting a blocking GC Explicit
08-05 12:47:29.085  2955  2980 I art     : Explicit concurrent mark sweep GC freed 3(96B) AllocSpace objects, 0(0B) LOS objects, 39% free, 24MB/40MB, paused 253us total 29.002ms
08-05 12:47:29.098  2955  2980 I art     : Starting a blocking GC Explicit
08-05 12:47:29.128  2955  2980 I art     : Explicit concurrent mark sweep GC freed 3(96B) AllocSpace objects, 0(0B) LOS objects, 39% free, 24MB/40MB, paused 351us total 29.510ms
08-05 12:47:29.142  2955  2980 I art     : Starting a blocking GC Explicit
08-05 12:47:29.172  2955  2980 I art     : Explicit concurrent mark sweep GC freed 3(96B) AllocSpace objects, 0(0B) LOS objects, 39% free, 24MB/40MB, paused 266us total 29.912ms
08-05 12:47:29.335  4197  4197 D AndroidRuntime: >>>>>> START com.android.internal.os.RuntimeInit uid 2000 <<<<<<
08-05 12:47:29.342  4197  4197 D AndroidRuntime: CheckJNI is OFF
08-05 12:47:29.379  4197  4197 D ICU     : No timezone override file found: /data/misc/zoneinfo/current/icu/icu_tzdata.dat
08-05 12:47:29.412  4197  4197 I Radio-JNI: register_android_hardware_Radio DONE
08-05 12:47:29.433  4197  4197 D AndroidRuntime: Calling main entry com.android.commands.input.Input
08-05 12:47:29.435  4197  4197 I Input   : injectMotionEvent: MotionEvent { action=ACTION_DOWN, actionButton=0, id[0]=0, x[0]=600.0, y[0]=950.0, toolType[0]=TOOL_TYPE_UNKNOWN, buttonState=0, metaState=0, flags=0x0, edgeFlags=0x0, pointerCount=1, historySize=0, eventTime=794865848, downTime=794865848, deviceId=0, source=0x1002 }
08-05 12:47:29.439  4197  4197 I Input   : injectMotionEvent: MotionEvent { action=ACTION_UP, actionButton=0, id[0]=0, x[0]=600.0, y[0]=950.0, toolType[0]=TOOL_TYPE_UNKNOWN, buttonState=0, metaState=0, flags=0x0, edgeFlags=0x0, pointerCount=1, historySize=0, eventTime=794865848, downTime=794865848, deviceId=0, source=0x1002 }
08-05 12:47:29.440  4197  4197 D AndroidRuntime: Shutting down VM
08-05 12:47:29.451   512  2967 D audio_hw_primary: out_set_parameters: enter: usecase(1: low-latency-playback) kvpairs: routing=2
08-05 12:47:29.454   918  5132 I ActivityManager: START u0 {dat=https://oauth.reddit.com/... cmp=baseline.org.quantumbadger.redreader/.activities.CommentListingActivity} from uid 10689 on display 0
08-05 12:47:29.465   512  2967 D audio_hw_primary: select_devices: out_snd_device(2: speaker) in_snd_device(0: none)
08-05 12:47:29.465   512  2967 D msm8974_platform: platform_send_audio_calibration: sending audio calibration for snd_device(2) acdb_id(15)
08-05 12:47:29.465   512  2967 I soundtrigger: audio_extn_sound_trigger_update_device_status: device 0x2 of type 0 for Event 1
08-05 12:47:29.471  2955  3034 I art     : Starting a blocking GC Explicit
08-05 12:47:29.476   512  2967 D audio_hw_primary: enable_snd_device: snd_device(2: speaker)
08-05 12:47:29.479   512  2967 D audio_hw_primary: enable_audio_route: apply and update mixer path: low-latency-playback speaker
08-05 12:47:29.484  2955  2955 I AppCompatViewInflater: app:theme is now deprecated. Please move to using android:theme instead.
08-05 12:47:29.501  2955  3577 I CommentListingActivity: COMMENTS session changed to 94c3b86b-154b-4635-8938-a3e51fb24bc0
08-05 12:47:29.504  2955  3034 I art     : Explicit concurrent mark sweep GC freed 3499(238KB) AllocSpace objects, 1(20KB) LOS objects, 38% free, 25MB/41MB, paused 481us total 32.911ms
08-05 12:47:29.517  2955  3034 I art     : Starting a blocking GC Explicit
08-05 12:47:29.544  2955  3034 I art     : Explicit concurrent mark sweep GC freed 2271(228KB) AllocSpace objects, 2(32KB) LOS objects, 38% free, 25MB/41MB, paused 277us total 27.650ms
08-05 12:47:29.557  2955  3034 I art     : Starting a blocking GC Explicit
08-05 12:47:29.587  2955  3034 I art     : Explicit concurrent mark sweep GC freed 1932(90KB) AllocSpace objects, 0(0B) LOS objects, 38% free, 25MB/41MB, paused 680us total 29.537ms
08-05 12:47:29.599  2955  3034 I art     : Starting a blocking GC Explicit
08-05 12:47:29.630  2955  3034 I art     : Explicit concurrent mark sweep GC freed 612(26KB) AllocSpace objects, 0(0B) LOS objects, 38% free, 25MB/41MB, paused 297us total 31.053ms
08-05 12:47:29.639   918   936 I ActivityManager: Displayed baseline.org.quantumbadger.redreader/.activities.CommentListingActivity: +178ms
08-05 12:47:29.640 13866 13866 I GoogleInputMethodServic: GoogleInputMethodService.onFinishInput():3138 
08-05 12:47:29.640 13866 13866 I GoogleInputMethodServic: GoogleInputMethodService.onStartInput():1808 
08-05 12:47:29.644  2955  3034 I art     : Starting a blocking GC Explicit
08-05 12:47:29.676  2955  3034 I art     : Explicit concurrent mark sweep GC freed 168(7KB) AllocSpace objects, 0(0B) LOS objects, 38% free, 25MB/41MB, paused 340us total 32.081ms
08-05 12:47:29.895  2955  4086 I RedditChangeDataIO: Writing tmp data file at '/data/user/0/baseline.org.quantumbadger.redreader/files/rr_change_data_tmp.dat'
08-05 12:47:29.897  2955  4086 I RedditChangeDataManager: Taking snapshot...
08-05 12:47:29.898  2955  4086 I RedditChangeDataManager: Writing to stream...
08-05 12:47:29.899  2955  4086 I RedditChangeDataManager: Wrote 3 entries for user ''
08-05 12:47:29.899  2955  4086 I RedditChangeDataManager: All entries written to stream.
08-05 12:47:29.899  2955  4086 I RedditChangeDataIO: Write successful. Atomically replacing data file...
08-05 12:47:29.900  2955  4086 I RedditChangeDataIO: Write complete.
08-05 12:47:29.900  2955  4086 I RedditChangeDataIO: 86 bytes written in 6 ms
08-05 12:47:29.911   380   380 W SurfaceFlinger: couldn't log to binary event log: overflow.
08-05 12:47:29.951  2955  2979 I art     : Starting a blocking GC Explicit
08-05 12:47:29.979  2955  2979 I art     : Explicit concurrent mark sweep GC freed 1426(85KB) AllocSpace objects, 2(88KB) LOS objects, 38% free, 25MB/41MB, paused 248us total 27.959ms
08-05 12:47:29.991  2955  2979 I art     : Starting a blocking GC Explicit
08-05 12:47:30.019   512  2967 D audio_hw_primary: disable_audio_route: reset and update mixer path: low-latency-playback speaker
08-05 12:47:30.020   512  2967 D audio_hw_primary: disable_snd_device: snd_device(2: speaker)
08-05 12:47:30.021  2955  2979 I art     : Explicit concurrent mark sweep GC freed 23(800B) AllocSpace objects, 0(0B) LOS objects, 38% free, 25MB/41MB, paused 271us total 29.173ms
08-05 12:47:30.029   512  2967 I soundtrigger: audio_extn_sound_trigger_update_device_status: device 0x2 of type 0 for Event 0
08-05 12:47:30.035  2955  2979 I art     : Starting a blocking GC Explicit
08-05 12:47:30.066  2955  2979 I art     : Explicit concurrent mark sweep GC freed 86(2928B) AllocSpace objects, 0(0B) LOS objects, 38% free, 25MB/41MB, paused 258us total 30.868ms
08-05 12:47:30.078  2955  2979 I art     : Starting a blocking GC Explicit
08-05 12:47:30.105  2955  2979 I art     : Explicit concurrent mark sweep GC freed 3(96B) AllocSpace objects, 0(0B) LOS objects, 38% free, 25MB/41MB, paused 224us total 27.192ms
08-05 12:47:30.118  2955  2979 I art     : Starting a blocking GC Explicit
08-05 12:47:30.146  2955  2979 I art     : Explicit concurrent mark sweep GC freed 3(96B) AllocSpace objects, 0(0B) LOS objects, 38% free, 25MB/41MB, paused 252us total 27.546ms
08-05 12:47:30.421  2955  3034 I art     : Starting a blocking GC Explicit
08-05 12:47:30.460  2955  3034 I art     : Explicit concurrent mark sweep GC freed 1624(118KB) AllocSpace objects, 1(20KB) LOS objects, 38% free, 25MB/41MB, paused 282us total 38.492ms
08-05 12:47:30.477  2955  3034 I art     : Starting a blocking GC Explicit
08-05 12:47:30.510  2955  3034 I art     : Explicit concurrent mark sweep GC freed 85(2880B) AllocSpace objects, 0(0B) LOS objects, 38% free, 25MB/41MB, paused 252us total 33.017ms
08-05 12:47:30.523  2955  3034 I art     : Starting a blocking GC Explicit
08-05 12:47:30.557  2955  3034 I art     : Explicit concurrent mark sweep GC freed 3(96B) AllocSpace objects, 0(0B) LOS objects, 38% free, 25MB/41MB, paused 235us total 32.892ms
08-05 12:47:30.570  2955  3034 I art     : Starting a blocking GC Explicit
08-05 12:47:30.603  2955  3034 I art     : Explicit concurrent mark sweep GC freed 3(96B) AllocSpace objects, 0(0B) LOS objects, 38% free, 25MB/41MB, paused 230us total 33.047ms
08-05 12:47:30.617  2955  3034 I art     : Starting a blocking GC Explicit
08-05 12:47:30.649  2955  3034 I art     : Explicit concurrent mark sweep GC freed 3(96B) AllocSpace objects, 0(0B) LOS objects, 38% free, 25MB/41MB, paused 230us total 31.635ms
08-05 12:47:30.934  2955  2980 I art     : Starting a blocking GC Explicit
08-05 12:47:30.975  2955  2980 I art     : Explicit concurrent mark sweep GC freed 1343(80KB) AllocSpace objects, 1(20KB) LOS objects, 38% free, 25MB/41MB, paused 265us total 40.395ms
08-05 12:47:30.991  2955  2980 I art     : Starting a blocking GC Explicit
08-05 12:47:31.023  2955  2980 I art     : Explicit concurrent mark sweep GC freed 20(704B) AllocSpace objects, 0(0B) LOS objects, 38% free, 25MB/41MB, paused 241us total 32.306ms
08-05 12:47:31.038  2955  2980 I art     : Starting a blocking GC Explicit
08-05 12:47:31.070  2955  2980 I art     : Explicit concurrent mark sweep GC freed 3(96B) AllocSpace objects, 0(0B) LOS objects, 38% free, 25MB/41MB, paused 228us total 32.472ms
08-05 12:47:31.084  2955  2980 I art     : Starting a blocking GC Explicit
08-05 12:47:31.116  2955  2980 I art     : Explicit concurrent mark sweep GC freed 3(96B) AllocSpace objects, 0(0B) LOS objects, 38% free, 25MB/41MB, paused 243us total 31.772ms
08-05 12:47:31.129  2955  2980 I art     : Starting a blocking GC Explicit
08-05 12:47:31.163  2955  2980 I art     : Explicit concurrent mark sweep GC freed 3(96B) AllocSpace objects, 0(0B) LOS objects, 38% free, 25MB/41MB, paused 241us total 32.848ms
08-05 12:47:31.483  2955  3295 I art     : Starting a blocking GC Explicit
08-05 12:47:31.527  2955  3295 I art     : Explicit concurrent mark sweep GC freed 1343(80KB) AllocSpace objects, 1(20KB) LOS objects, 38% free, 25MB/41MB, paused 268us total 42.919ms
08-05 12:47:31.543  2955  3295 I art     : Starting a blocking GC Explicit
08-05 12:47:31.576  2955  3295 I art     : Explicit concurrent mark sweep GC freed 20(704B) AllocSpace objects, 0(0B) LOS objects, 38% free, 25MB/41MB, paused 240us total 32.854ms
08-05 12:47:31.589  2955  3295 I art     : Starting a blocking GC Explicit
08-05 12:47:31.622  2955  3295 I art     : Explicit concurrent mark sweep GC freed 3(96B) AllocSpace objects, 0(0B) LOS objects, 38% free, 25MB/41MB, paused 235us total 32.660ms
08-05 12:47:31.636  2955  3295 I art     : Starting a blocking GC Explicit
08-05 12:47:31.668  2955  3295 I art     : Explicit concurrent mark sweep GC freed 3(96B) AllocSpace objects, 0(0B) LOS objects, 38% free, 25MB/41MB, paused 242us total 31.856ms
08-05 12:47:31.681  2955  3295 I art     : Starting a blocking GC Explicit
08-05 12:47:31.715  2955  3295 I art     : Explicit concurrent mark sweep GC freed 3(96B) AllocSpace objects, 0(0B) LOS objects, 38% free, 25MB/41MB, paused 285us total 33.126ms
08-05 12:47:32.035  2955  2979 I art     : Starting a blocking GC Explicit
08-05 12:47:32.077  2955  2979 I art     : Explicit concurrent mark sweep GC freed 1343(80KB) AllocSpace objects, 1(20KB) LOS objects, 38% free, 25MB/41MB, paused 269us total 41.385ms
08-05 12:47:32.092  2955  2979 I art     : Starting a blocking GC Explicit
08-05 12:47:32.125  2955  2979 I art     : Explicit concurrent mark sweep GC freed 20(704B) AllocSpace objects, 0(0B) LOS objects, 38% free, 25MB/41MB, paused 231us total 32.831ms
08-05 12:47:32.139  2955  2979 I art     : Starting a blocking GC Explicit
08-05 12:47:32.171  2955  2979 I art     : Explicit concurrent mark sweep GC freed 3(96B) AllocSpace objects, 0(0B) LOS objects, 38% free, 25MB/41MB, paused 235us total 32.535ms
08-05 12:47:32.185  2955  2979 I art     : Starting a blocking GC Explicit
08-05 12:47:32.218  2955  2979 I art     : Explicit concurrent mark sweep GC freed 3(96B) AllocSpace objects, 0(0B) LOS objects, 38% free, 25MB/41MB, paused 236us total 32.331ms
08-05 12:47:32.231  2955  2979 I art     : Starting a blocking GC Explicit
08-05 12:47:32.233   518   646 I ThermalEngine: ACTION: GPU - Setting GPU[0] to 600000000
08-05 12:47:32.263  2955  2979 I art     : Explicit concurrent mark sweep GC freed 3(96B) AllocSpace objects, 0(0B) LOS objects, 38% free, 25MB/41MB, paused 226us total 31.784ms
08-05 12:47:32.308   918  3188 I hubconnection: sensorhub said: 'set_bias 3: -6.2400, 0.0000, 0.0000'
08-05 12:47:32.573  2955  3034 I art     : Starting a blocking GC Explicit
08-05 12:47:32.611  2955  3034 I art     : Explicit concurrent mark sweep GC freed 1343(80KB) AllocSpace objects, 1(20KB) LOS objects, 38% free, 25MB/41MB, paused 307us total 37.661ms
08-05 12:47:32.626  2955  3034 I art     : Starting a blocking GC Explicit
08-05 12:47:32.651  2955  3034 I art     : Explicit concurrent mark sweep GC freed 20(704B) AllocSpace objects, 0(0B) LOS objects, 38% free, 25MB/41MB, paused 188us total 25.136ms
08-05 12:47:32.661  2955  3034 I art     : Starting a blocking GC Explicit
08-05 12:47:32.687  2955  3034 I art     : Explicit concurrent mark sweep GC freed 3(96B) AllocSpace objects, 0(0B) LOS objects, 38% free, 25MB/41MB, paused 193us total 25.667ms
08-05 12:47:32.697  2955  3034 I art     : Starting a blocking GC Explicit
08-05 12:47:32.723  2955  3034 I art     : Explicit concurrent mark sweep GC freed 3(96B) AllocSpace objects, 0(0B) LOS objects, 38% free, 25MB/41MB, paused 178us total 25.875ms
08-05 12:47:32.734  2955  3034 I art     : Starting a blocking GC Explicit
08-05 12:47:32.761  2955  3034 I art     : Explicit concurrent mark sweep GC freed 3(96B) AllocSpace objects, 0(0B) LOS objects, 38% free, 25MB/41MB, paused 195us total 27.266ms
08-05 12:47:33.064  2955  2980 I art     : Starting a blocking GC Explicit
08-05 12:47:33.103  2955  2980 I art     : Explicit concurrent mark sweep GC freed 1345(80KB) AllocSpace objects, 1(20KB) LOS objects, 38% free, 25MB/41MB, paused 233us total 37.988ms
08-05 12:47:33.121  2955  2980 I art     : Starting a blocking GC Explicit
08-05 12:47:33.146  2955  2980 I art     : Explicit concurrent mark sweep GC freed 20(704B) AllocSpace objects, 0(0B) LOS objects, 38% free, 25MB/41MB, paused 173us total 25.174ms
08-05 12:47:33.156  2955  2980 I art     : Starting a blocking GC Explicit
08-05 12:47:33.181  2955  2980 I art     : Explicit concurrent mark sweep GC freed 3(96B) AllocSpace objects, 0(0B) LOS objects, 38% free, 25MB/41MB, paused 173us total 24.630ms
08-05 12:47:33.191  2955  2980 I art     : Starting a blocking GC Explicit
08-05 12:47:33.216  2955  2980 I art     : Explicit concurrent mark sweep GC freed 3(96B) AllocSpace objects, 0(0B) LOS objects, 38% free, 25MB/41MB, paused 179us total 25.216ms
08-05 12:47:33.227  2955  2980 I art     : Starting a blocking GC Explicit
08-05 12:47:33.253  2955  2980 I art     : Explicit concurrent mark sweep GC freed 3(96B) AllocSpace objects, 0(0B) LOS objects, 38% free, 25MB/41MB, paused 168us total 26.354ms
08-05 12:47:33.559  2955  3295 I art     : Starting a blocking GC Explicit
08-05 12:47:33.594  2955  3295 I art     : Explicit concurrent mark sweep GC freed 1343(80KB) AllocSpace objects, 1(20KB) LOS objects, 38% free, 25MB/41MB, paused 194us total 34.957ms
08-05 12:47:33.605  2955  3295 I art     : Starting a blocking GC Explicit
08-05 12:47:33.631  2955  3295 I art     : Explicit concurrent mark sweep GC freed 20(704B) AllocSpace objects, 0(0B) LOS objects, 38% free, 25MB/41MB, paused 174us total 26.156ms
08-05 12:47:33.642  2955  3295 I art     : Starting a blocking GC Explicit
08-05 12:47:33.668  2955  3295 I art     : Explicit concurrent mark sweep GC freed 3(96B) AllocSpace objects, 0(0B) LOS objects, 38% free, 25MB/41MB, paused 175us total 26.011ms
08-05 12:47:33.679  2955  3295 I art     : Starting a blocking GC Explicit
08-05 12:47:33.705  2955  3295 I art     : Explicit concurrent mark sweep GC freed 3(96B) AllocSpace objects, 0(0B) LOS objects, 38% free, 25MB/41MB, paused 166us total 25.946ms
08-05 12:47:33.715  2955  3295 I art     : Starting a blocking GC Explicit
08-05 12:47:33.740  2955  3295 I art     : Explicit concurrent mark sweep GC freed 3(96B) AllocSpace objects, 0(0B) LOS objects, 38% free, 25MB/41MB, paused 163us total 24.477ms
08-05 12:47:34.020  2955  2979 I art     : Starting a blocking GC Explicit
08-05 12:47:34.022  4304  4304 D AndroidRuntime: >>>>>> START com.android.internal.os.RuntimeInit uid 2000 <<<<<<
08-05 12:47:34.030  4304  4304 D AndroidRuntime: CheckJNI is OFF
08-05 12:47:34.049  2955  2979 I art     : Explicit concurrent mark sweep GC freed 1343(80KB) AllocSpace objects, 1(20KB) LOS objects, 38% free, 25MB/41MB, paused 174us total 29.026ms
08-05 12:47:34.058  4304  4304 D ICU     : No timezone override file found: /data/misc/zoneinfo/current/icu/icu_tzdata.dat
08-05 12:47:34.059  2955  2979 I art     : Starting a blocking GC Explicit
08-05 12:47:34.084  4304  4304 I Radio-JNI: register_android_hardware_Radio DONE
08-05 12:47:34.085  2955  2979 I art     : Explicit concurrent mark sweep GC freed 20(704B) AllocSpace objects, 0(0B) LOS objects, 38% free, 25MB/41MB, paused 178us total 25.116ms
08-05 12:47:34.094  2955  2979 I art     : Starting a blocking GC Explicit
08-05 12:47:34.101  4304  4304 D AndroidRuntime: Calling main entry com.android.commands.input.Input
08-05 12:47:34.102  4304  4304 I Input   : injectKeyEvent: KeyEvent { action=ACTION_DOWN, keyCode=KEYCODE_BACK, scanCode=0, metaState=0, flags=0x0, repeatCount=0, eventTime=794870515, downTime=794870515, deviceId=-1, source=0x101 }
08-05 12:47:34.108  4304  4304 I Input   : injectKeyEvent: KeyEvent { action=ACTION_UP, keyCode=KEYCODE_BACK, scanCode=0, metaState=0, flags=0x0, repeatCount=0, eventTime=794870515, downTime=794870515, deviceId=-1, source=0x101 }
08-05 12:47:34.115  4304  4304 D AndroidRuntime: Shutting down VM
08-05 12:47:34.119  2955  2979 I art     : Explicit concurrent mark sweep GC freed 14(496B) AllocSpace objects, 0(0B) LOS objects, 38% free, 25MB/41MB, paused 169us total 24.915ms
08-05 12:47:34.130  2955  2979 I art     : Starting a blocking GC Explicit
08-05 12:47:34.153  2955  2979 I art     : Explicit concurrent mark sweep GC freed 120(4KB) AllocSpace objects, 0(0B) LOS objects, 38% free, 25MB/41MB, paused 165us total 23.040ms
08-05 12:47:34.158 13866 13866 I GoogleInputMethodServic: GoogleInputMethodService.onFinishInput():3138 
08-05 12:47:34.158 13866 13866 I GoogleInputMethodServic: GoogleInputMethodService.onStartInput():1808 
08-05 12:47:34.163  2955  2979 I art     : Starting a blocking GC Explicit
08-05 12:47:34.185  2955  2979 I art     : Explicit concurrent mark sweep GC freed 100(3KB) AllocSpace objects, 0(0B) LOS objects, 38% free, 25MB/41MB, paused 181us total 21.847ms
08-05 12:47:34.429  2955  3295 I art     : Starting a blocking GC Explicit
08-05 12:47:34.454  2955  3295 I art     : Explicit concurrent mark sweep GC freed 1367(81KB) AllocSpace objects, 1(20KB) LOS objects, 38% free, 25MB/41MB, paused 154us total 24.972ms
08-05 12:47:34.464  2955  3295 I art     : Starting a blocking GC Explicit
08-05 12:47:34.470   380   380 W SurfaceFlinger: couldn't log to binary event log: overflow.
08-05 12:47:34.489  2955  3295 I art     : Explicit concurrent mark sweep GC freed 71(2640B) AllocSpace objects, 0(0B) LOS objects, 38% free, 25MB/41MB, paused 168us total 24.351ms
08-05 12:47:34.498  2955  3295 I art     : Starting a blocking GC Explicit
08-05 12:47:34.522  2955  3295 I art     : Explicit concurrent mark sweep GC freed 8(336B) AllocSpace objects, 0(0B) LOS objects, 38% free, 25MB/41MB, paused 194us total 23.655ms
08-05 12:47:34.532  2955  3295 I art     : Starting a blocking GC Explicit
08-05 12:47:34.556  2955  3295 I art     : Explicit concurrent mark sweep GC freed 3834(309KB) AllocSpace objects, 5(140KB) LOS objects, 39% free, 24MB/40MB, paused 178us total 23.003ms
08-05 12:47:34.565  2955  3295 I art     : Starting a blocking GC Explicit
08-05 12:47:34.590  2955  3295 I art     : Explicit concurrent mark sweep GC freed 3(96B) AllocSpace objects, 0(0B) LOS objects, 39% free, 24MB/40MB, paused 185us total 24.593ms
08-05 12:47:34.861  2955  2979 I art     : Starting a blocking GC Explicit
08-05 12:47:34.890  2955  2979 I art     : Explicit concurrent mark sweep GC freed 1343(80KB) AllocSpace objects, 1(20KB) LOS objects, 39% free, 24MB/40MB, paused 200us total 28.405ms
08-05 12:47:34.903  2955  2979 I art     : Starting a blocking GC Explicit
08-05 12:47:34.925  2955  2979 I art     : Explicit concurrent mark sweep GC freed 20(704B) AllocSpace objects, 0(0B) LOS objects, 39% free, 24MB/40MB, paused 161us total 21.769ms
08-05 12:47:34.934  2955  2979 I art     : Starting a blocking GC Explicit
08-05 12:47:34.958  2955  2979 I art     : Explicit concurrent mark sweep GC freed 3(96B) AllocSpace objects, 0(0B) LOS objects, 39% free, 24MB/40MB, paused 171us total 23.274ms
08-05 12:47:34.968  2955  2979 I art     : Starting a blocking GC Explicit
08-05 12:47:34.992  2955  2979 I art     : Explicit concurrent mark sweep GC freed 3(96B) AllocSpace objects, 0(0B) LOS objects, 39% free, 24MB/40MB, paused 172us total 23.720ms
08-05 12:47:35.002  2955  2979 I art     : Starting a blocking GC Explicit
08-05 12:47:35.027  2955  2979 I art     : Explicit concurrent mark sweep GC freed 3(96B) AllocSpace objects, 0(0B) LOS objects, 39% free, 24MB/40MB, paused 176us total 24.976ms
08-05 12:47:35.308  2955  2980 I art     : Starting a blocking GC Explicit
08-05 12:47:35.336  2955  2980 I art     : Explicit concurrent mark sweep GC freed 1343(80KB) AllocSpace objects, 1(20KB) LOS objects, 39% free, 24MB/40MB, paused 198us total 27.992ms
08-05 12:47:35.356  2955  2980 I art     : Starting a blocking GC Explicit
08-05 12:47:35.379  2955  2980 I art     : Explicit concurrent mark sweep GC freed 20(704B) AllocSpace objects, 0(0B) LOS objects, 39% free, 24MB/40MB, paused 158us total 22.422ms
08-05 12:47:35.389  2955  2980 I art     : Starting a blocking GC Explicit
08-05 12:47:35.412  2955  2980 I art     : Explicit concurrent mark sweep GC freed 3(96B) AllocSpace objects, 0(0B) LOS objects, 39% free, 24MB/40MB, paused 179us total 22.928ms
08-05 12:47:35.421  2955  2980 I art     : Starting a blocking GC Explicit
08-05 12:47:35.444  2955  2980 I art     : Explicit concurrent mark sweep GC freed 3(96B) AllocSpace objects, 0(0B) LOS objects, 39% free, 24MB/40MB, paused 170us total 22.673ms
08-05 12:47:35.454  2955  2980 I art     : Starting a blocking GC Explicit
08-05 12:47:35.477  2955  2980 I art     : Explicit concurrent mark sweep GC freed 3(96B) AllocSpace objects, 0(0B) LOS objects, 39% free, 24MB/40MB, paused 189us total 23.078ms
08-05 12:47:35.536  2416  2416 I ServiceManager: Waiting for service AtCmdFwd...
08-05 12:47:35.675  4359  4359 D AndroidRuntime: >>>>>> START com.android.internal.os.RuntimeInit uid 2000 <<<<<<
08-05 12:47:35.680  4359  4359 D AndroidRuntime: CheckJNI is OFF
08-05 12:47:35.704  4359  4359 D ICU     : No timezone override file found: /data/misc/zoneinfo/current/icu/icu_tzdata.dat
08-05 12:47:35.729  4359  4359 I Radio-JNI: register_android_hardware_Radio DONE
08-05 12:47:35.739  2955  3034 I art     : Starting a blocking GC Explicit
08-05 12:47:35.746  4359  4359 D AndroidRuntime: Calling main entry com.android.commands.input.Input
08-05 12:47:35.747  4359  4359 I Input   : injectMotionEvent: MotionEvent { action=ACTION_DOWN, actionButton=0, id[0]=0, x[0]=600.0, y[0]=700.0, toolType[0]=TOOL_TYPE_UNKNOWN, buttonState=0, metaState=0, flags=0x0, edgeFlags=0x0, pointerCount=1, historySize=0, eventTime=794872160, downTime=794872160, deviceId=0, source=0x1002 }
08-05 12:47:35.752  4359  4359 I Input   : injectMotionEvent: MotionEvent { action=ACTION_UP, actionButton=0, id[0]=0, x[0]=600.0, y[0]=700.0, toolType[0]=TOOL_TYPE_UNKNOWN, buttonState=0, metaState=0, flags=0x0, edgeFlags=0x0, pointerCount=1, historySize=0, eventTime=794872160, downTime=794872160, deviceId=0, source=0x1002 }
08-05 12:47:35.753  4359  4359 D AndroidRuntime: Shutting down VM
08-05 12:47:35.760   918  3670 I ActivityManager: START u0 {dat=https://oauth.reddit.com/... cmp=baseline.org.quantumbadger.redreader/.activities.CommentListingActivity} from uid 10689 on display 0
08-05 12:47:35.760   512  2967 D audio_hw_primary: out_set_parameters: enter: usecase(1: low-latency-playback) kvpairs: routing=2
08-05 12:47:35.766  2955  3034 I art     : Explicit concurrent mark sweep GC freed 1537(87KB) AllocSpace objects, 1(20KB) LOS objects, 39% free, 24MB/40MB, paused 272us total 26.440ms
08-05 12:47:35.773   512  2967 D audio_hw_primary: select_devices: out_snd_device(2: speaker) in_snd_device(0: none)
08-05 12:47:35.773   512  2967 D msm8974_platform: platform_send_audio_calibration: sending audio calibration for snd_device(2) acdb_id(15)
08-05 12:47:35.773   512  2967 I soundtrigger: audio_extn_sound_trigger_update_device_status: device 0x2 of type 0 for Event 1
08-05 12:47:35.776  2955  3034 I art     : Starting a blocking GC Explicit
08-05 12:47:35.783  2955  2955 I AppCompatViewInflater: app:theme is now deprecated. Please move to using android:theme instead.
08-05 12:47:35.784   512  2967 D audio_hw_primary: enable_snd_device: snd_device(2: speaker)
08-05 12:47:35.786   512  2967 D audio_hw_primary: enable_audio_route: apply and update mixer path: low-latency-playback speaker
08-05 12:47:35.797  2955  3577 I CommentListingActivity: COMMENTS session changed to 89834502-0a6c-4ad0-8336-fb581f05f276
08-05 12:47:35.803  2955  3034 I art     : Explicit concurrent mark sweep GC freed 1942(158KB) AllocSpace objects, 0(0B) LOS objects, 38% free, 25MB/41MB, paused 527us total 26.738ms
08-05 12:47:35.813  2955  3034 I art     : Starting a blocking GC Explicit
08-05 12:47:35.840  2955  3034 I art     : Explicit concurrent mark sweep GC freed 8448(590KB) AllocSpace objects, 1(16KB) LOS objects, 37% free, 26MB/42MB, paused 472us total 26.801ms
08-05 12:47:35.850  2955  3034 I art     : Starting a blocking GC Explicit
08-05 12:47:35.863   918   936 I ActivityManager: Displayed baseline.org.quantumbadger.redreader/.activities.CommentListingActivity: +93ms
08-05 12:47:35.878 13866 13866 I GoogleInputMethodServic: GoogleInputMethodService.onFinishInput():3138 
08-05 12:47:35.879 13866 13866 I GoogleInputMethodServic: GoogleInputMethodService.onStartInput():1808 
08-05 12:47:35.884  2955  3034 I art     : Explicit concurrent mark sweep GC freed 11455(760KB) AllocSpace objects, 1(20KB) LOS objects, 36% free, 27MB/43MB, paused 957us total 33.309ms
08-05 12:47:35.895  2955  3034 I art     : Starting a blocking GC Explicit
08-05 12:47:35.936  2955  3034 I art     : Explicit concurrent mark sweep GC freed 13854(948KB) AllocSpace objects, 1(16KB) LOS objects, 35% free, 28MB/44MB, paused 367us total 40.781ms
08-05 12:47:36.123   380   380 W SurfaceFlinger: couldn't log to binary event log: overflow.
08-05 12:47:36.179  2955  3295 I art     : Starting a blocking GC Explicit
08-05 12:47:36.214  2955  3295 I art     : Explicit concurrent mark sweep GC freed 29783(1559KB) AllocSpace objects, 1(20KB) LOS objects, 36% free, 27MB/43MB, paused 170us total 34.372ms
08-05 12:47:36.226  2955  3295 I art     : Starting a blocking GC Explicit
08-05 12:47:36.264  2955  3295 I art     : Explicit concurrent mark sweep GC freed 118(4KB) AllocSpace objects, 0(0B) LOS objects, 36% free, 27MB/43MB, paused 259us total 38.068ms
08-05 12:47:36.277  2955  3295 I art     : Starting a blocking GC Explicit
08-05 12:47:36.309  2955  3295 I art     : Explicit concurrent mark sweep GC freed 14(464B) AllocSpace objects, 0(0B) LOS objects, 36% free, 27MB/43MB, paused 151us total 31.758ms
08-05 12:47:36.320  2955  3295 I art     : Starting a blocking GC Explicit
08-05 12:47:36.328   512  2967 D audio_hw_primary: disable_audio_route: reset and update mixer path: low-latency-playback speaker
08-05 12:47:36.329   512  2967 D audio_hw_primary: disable_snd_device: snd_device(2: speaker)
08-05 12:47:36.338   512  2967 I soundtrigger: audio_extn_sound_trigger_update_device_status: device 0x2 of type 0 for Event 0
08-05 12:47:36.350  2955  3295 I art     : Explicit concurrent mark sweep GC freed 3(96B) AllocSpace objects, 0(0B) LOS objects, 36% free, 27MB/43MB, paused 164us total 30.271ms
08-05 12:47:36.361  2955  3295 I art     : Starting a blocking GC Explicit
08-05 12:47:36.392  2955  3295 I art     : Explicit concurrent mark sweep GC freed 3(96B) AllocSpace objects, 0(0B) LOS objects, 36% free, 27MB/43MB, paused 149us total 30.314ms
08-05 12:47:36.536  2416  2416 I ServiceManager: Waiting for service AtCmdFwd...
08-05 12:47:36.686  2955  2979 I art     : Starting a blocking GC Explicit
08-05 12:47:36.727  2955  2979 I art     : Explicit concurrent mark sweep GC freed 1343(80KB) AllocSpace objects, 1(20KB) LOS objects, 36% free, 27MB/43MB, paused 201us total 40.962ms
08-05 12:47:36.739  2955  2979 I art     : Starting a blocking GC Explicit
08-05 12:47:36.770  2955  2979 I art     : Explicit concurrent mark sweep GC freed 20(704B) AllocSpace objects, 0(0B) LOS objects, 36% free, 27MB/43MB, paused 180us total 31.053ms
08-05 12:47:36.781  2955  2979 I art     : Starting a blocking GC Explicit
08-05 12:47:36.812  2955  2979 I art     : Explicit concurrent mark sweep GC freed 3(96B) AllocSpace objects, 0(0B) LOS objects, 36% free, 27MB/43MB, paused 152us total 30.682ms
08-05 12:47:36.822  2955  2979 I art     : Starting a blocking GC Explicit
08-05 12:47:36.856  2955  2979 I art     : Explicit concurrent mark sweep GC freed 49(1920B) AllocSpace objects, 0(0B) LOS objects, 36% free, 27MB/43MB, paused 170us total 33.047ms
08-05 12:47:36.867  2955  2979 I art     : Starting a blocking GC Explicit
08-05 12:47:36.903  2955  2979 I art     : Explicit concurrent mark sweep GC freed 3(96B) AllocSpace objects, 0(0B) LOS objects, 36% free, 27MB/43MB, paused 173us total 35.925ms
08-05 12:47:37.177  2955  3034 I art     : Starting a blocking GC Explicit
08-05 12:47:37.229  2955  3034 I art     : Explicit concurrent mark sweep GC freed 1343(80KB) AllocSpace objects, 1(20KB) LOS objects, 36% free, 27MB/43MB, paused 310us total 51.445ms
08-05 12:47:37.245  2955  3034 I art     : Starting a blocking GC Explicit
08-05 12:47:37.246   518   646 I ThermalEngine: ACTION: GPU - Setting GPU[0] to 510000000
08-05 12:47:37.289  2955  3034 I art     : Explicit concurrent mark sweep GC freed 20(704B) AllocSpace objects, 0(0B) LOS objects, 36% free, 27MB/43MB, paused 238us total 43.636ms
08-05 12:47:37.304  2955  3034 I art     : Starting a blocking GC Explicit
08-05 12:47:37.350  2955  3034 I art     : Explicit concurrent mark sweep GC freed 3(96B) AllocSpace objects, 0(0B) LOS objects, 36% free, 27MB/43MB, paused 236us total 45.257ms
08-05 12:47:37.365  2955  3034 I art     : Starting a blocking GC Explicit
08-05 12:47:37.408  2955  3034 I art     : Explicit concurrent mark sweep GC freed 3(96B) AllocSpace objects, 0(0B) LOS objects, 36% free, 27MB/43MB, paused 230us total 43.341ms
08-05 12:47:37.423  2955  3034 I art     : Starting a blocking GC Explicit
08-05 12:47:37.469  2955  3034 I art     : Explicit concurrent mark sweep GC freed 3(96B) AllocSpace objects, 0(0B) LOS objects, 36% free, 27MB/43MB, paused 241us total 45.197ms
08-05 12:47:37.537  2416  2416 I ServiceManager: Waiting for service AtCmdFwd...
08-05 12:47:37.688 24365 29098 I NetworkScheduler.Stats: Task com.google.android.gms/com.google.android.gms.icing.service.IcingGcmTaskService started execution. cause:4 exec_start_elapsed_seconds: 1778261 [CONTEXT service_id=218 ]
08-05 12:47:37.715 24365 23174 I NetworkScheduler.Stats: Task com.google.android.gms/com.google.android.gms.icing.service.IcingGcmTaskService finished executing. cause:4 result: 1 elapsed_millis: 50 uptime_millis: 49 exec_start_elapsed_seconds: 1778261 [CONTEXT service_id=218 ]
08-05 12:47:37.755 24365 29098 I NetworkScheduler.Stats: Task com.google.android.gms/com.google.android.gms.stats.PlatformStatsCollectorService started execution. cause:5 exec_start_elapsed_seconds: 1778261 [CONTEXT service_id=218 ]
08-05 12:47:37.759   918   928 I AccountManagerService: getTypesVisibleToCaller: isPermitted? true
08-05 12:47:37.761 24365 29098 I NetworkScheduler.Stats: Task com.google.android.apps.gcs/ started execution. cause:5 exec_start_elapsed_seconds: 1778261 [CONTEXT service_id=218 ]
08-05 12:47:37.763 13512  4429 W Gcs.WfaEliRefreshTask: [26319] afk.b: NULL eligibility response.
08-05 12:47:37.767 24365 29314 I NetworkScheduler.Stats: Task com.google.android.apps.gcs/ finished executing. cause:5 result: 3 elapsed_millis: 8 uptime_millis: 8 exec_start_elapsed_seconds: 1778261 [CONTEXT service_id=218 ]
08-05 12:47:37.770  2955  3295 I art     : Starting a blocking GC Explicit
08-05 12:47:37.770 24365 29314 I NetworkScheduler.Stats: Task com.google.android.gms/com.google.android.gms.stats.PlatformStatsCollectorService finished executing. cause:5 result: 1 elapsed_millis: 29 uptime_millis: 29 exec_start_elapsed_seconds: 1778261 [CONTEXT service_id=218 ]
08-05 12:47:37.812  2955  3295 I art     : Explicit concurrent mark sweep GC freed 1343(80KB) AllocSpace objects, 1(20KB) LOS objects, 36% free, 27MB/43MB, paused 241us total 41.495ms
08-05 12:47:37.826  2955  3295 I art     : Starting a blocking GC Explicit
08-05 12:47:37.869  2955  3295 I art     : Explicit concurrent mark sweep GC freed 20(704B) AllocSpace objects, 0(0B) LOS objects, 36% free, 27MB/43MB, paused 245us total 42.168ms
08-05 12:47:37.884  2955  3295 I art     : Starting a blocking GC Explicit
08-05 12:47:37.928  2955  3295 I art     : Explicit concurrent mark sweep GC freed 3(96B) AllocSpace objects, 0(0B) LOS objects, 36% free, 27MB/43MB, paused 240us total 44.564ms
08-05 12:47:37.943  2955  3295 I art     : Starting a blocking GC Explicit
08-05 12:47:37.989  2955  3295 I art     : Explicit concurrent mark sweep GC freed 3(96B) AllocSpace objects, 0(0B) LOS objects, 36% free, 27MB/43MB, paused 302us total 45.463ms
08-05 12:47:38.015  2955  3295 I art     : Starting a blocking GC Explicit
08-05 12:47:38.056  2955  3295 I art     : Explicit concurrent mark sweep GC freed 3(96B) AllocSpace objects, 0(0B) LOS objects, 36% free, 27MB/43MB, paused 237us total 41.070ms
08-05 12:47:38.364  2955  2980 I art     : Starting a blocking GC Explicit
08-05 12:47:38.420  2955  2980 I art     : Explicit concurrent mark sweep GC freed 1343(80KB) AllocSpace objects, 1(20KB) LOS objects, 36% free, 27MB/43MB, paused 268us total 55.492ms
08-05 12:47:38.440  2955  2980 I art     : Starting a blocking GC Explicit
08-05 12:47:38.488  2955  2980 I art     : Explicit concurrent mark sweep GC freed 20(704B) AllocSpace objects, 0(0B) LOS objects, 36% free, 27MB/43MB, paused 241us total 48.078ms
08-05 12:47:38.504  2955  2980 I art     : Starting a blocking GC Explicit
08-05 12:47:38.538  2416  2416 I ServiceManager: Waiting for service AtCmdFwd...
08-05 12:47:38.549  2955  2980 I art     : Explicit concurrent mark sweep GC freed 3(96B) AllocSpace objects, 0(0B) LOS objects, 36% free, 27MB/43MB, paused 248us total 44.959ms
08-05 12:47:38.564  2955  2980 I art     : Starting a blocking GC Explicit
08-05 12:47:38.610  2955  2980 I art     : Explicit concurrent mark sweep GC freed 3(96B) AllocSpace objects, 0(0B) LOS objects, 36% free, 27MB/43MB, paused 239us total 45.277ms
08-05 12:47:38.625  2955  2980 I art     : Starting a blocking GC Explicit
08-05 12:47:38.668  2955  2980 I art     : Explicit concurrent mark sweep GC freed 3(96B) AllocSpace objects, 0(0B) LOS objects, 36% free, 27MB/43MB, paused 231us total 43.216ms
08-05 12:47:39.009  2955  2979 I art     : Starting a blocking GC Explicit
08-05 12:47:39.066  2955  2979 I art     : Explicit concurrent mark sweep GC freed 1343(80KB) AllocSpace objects, 1(20KB) LOS objects, 36% free, 27MB/43MB, paused 260us total 56.284ms
08-05 12:47:39.085  2955  2979 I art     : Starting a blocking GC Explicit
08-05 12:47:39.134  2955  2979 I art     : Explicit concurrent mark sweep GC freed 20(704B) AllocSpace objects, 0(0B) LOS objects, 36% free, 27MB/43MB, paused 311us total 47.819ms
08-05 12:47:39.149  2955  2979 I art     : Starting a blocking GC Explicit
08-05 12:47:39.192  2955  2979 I art     : Explicit concurrent mark sweep GC freed 3(96B) AllocSpace objects, 0(0B) LOS objects, 36% free, 27MB/43MB, paused 236us total 42.780ms
08-05 12:47:39.207  2955  2979 I art     : Starting a blocking GC Explicit
08-05 12:47:39.250  2955  2979 I art     : Explicit concurrent mark sweep GC freed 3(96B) AllocSpace objects, 0(0B) LOS objects, 36% free, 27MB/43MB, paused 236us total 42.522ms
08-05 12:47:39.265  2955  2979 I art     : Starting a blocking GC Explicit
08-05 12:47:39.309  2955  2979 I art     : Explicit concurrent mark sweep GC freed 3(96B) AllocSpace objects, 0(0B) LOS objects, 36% free, 27MB/43MB, paused 232us total 43.597ms
08-05 12:47:39.538  2416  2416 I ServiceManager: Waiting for service AtCmdFwd...
08-05 12:47:39.634  2955  3034 I art     : Starting a blocking GC Explicit
08-05 12:47:39.689  2955  3034 I art     : Explicit concurrent mark sweep GC freed 1345(80KB) AllocSpace objects, 1(20KB) LOS objects, 36% free, 27MB/43MB, paused 272us total 55.179ms
08-05 12:47:39.707  2955  3034 I art     : Starting a blocking GC Explicit
08-05 12:47:39.752  2955  3034 I art     : Explicit concurrent mark sweep GC freed 20(704B) AllocSpace objects, 0(0B) LOS objects, 36% free, 27MB/43MB, paused 252us total 44.685ms
08-05 12:47:39.768  2955  3034 I art     : Starting a blocking GC Explicit
08-05 12:47:39.813  2955  3034 I art     : Explicit concurrent mark sweep GC freed 3(96B) AllocSpace objects, 0(0B) LOS objects, 36% free, 27MB/43MB, paused 244us total 44.826ms
08-05 12:47:39.828  2955  3034 I art     : Starting a blocking GC Explicit
08-05 12:47:39.873  2955  3034 I art     : Explicit concurrent mark sweep GC freed 3(96B) AllocSpace objects, 0(0B) LOS objects, 36% free, 27MB/43MB, paused 239us total 44.823ms
08-05 12:47:39.888  2955  3034 I art     : Starting a blocking GC Explicit
08-05 12:47:39.932  2955  3034 I art     : Explicit concurrent mark sweep GC freed 3(96B) AllocSpace objects, 0(0B) LOS objects, 36% free, 27MB/43MB, paused 235us total 43.493ms
08-05 12:47:40.191  2955  3295 I art     : Starting a blocking GC Explicit
08-05 12:47:40.235  2955  3295 I art     : Explicit concurrent mark sweep GC freed 1343(80KB) AllocSpace objects, 1(20KB) LOS objects, 36% free, 27MB/43MB, paused 246us total 43.875ms
08-05 12:47:40.250  2955  3295 I art     : Starting a blocking GC Explicit
08-05 12:47:40.293  2955  3295 I art     : Explicit concurrent mark sweep GC freed 20(704B) AllocSpace objects, 0(0B) LOS objects, 36% free, 27MB/43MB, paused 248us total 42.634ms
08-05 12:47:40.308  2955  3295 I art     : Starting a blocking GC Explicit
08-05 12:47:40.349  2955  3295 I art     : Explicit concurrent mark sweep GC freed 3(96B) AllocSpace objects, 0(0B) LOS objects, 36% free, 27MB/43MB, paused 240us total 41.089ms
08-05 12:47:40.363  2955  3295 I art     : Starting a blocking GC Explicit
08-05 12:47:40.405  2955  3295 I art     : Explicit concurrent mark sweep GC freed 3(96B) AllocSpace objects, 0(0B) LOS objects, 36% free, 27MB/43MB, paused 234us total 41.026ms
08-05 12:47:40.419  2955  3295 I art     : Starting a blocking GC Explicit
08-05 12:47:40.446  4466  4466 D AndroidRuntime: >>>>>> START com.android.internal.os.RuntimeInit uid 2000 <<<<<<
08-05 12:47:40.451  4466  4466 D AndroidRuntime: CheckJNI is OFF
08-05 12:47:40.462  2955  3295 I art     : Explicit concurrent mark sweep GC freed 3(96B) AllocSpace objects, 0(0B) LOS objects, 36% free, 27MB/43MB, paused 241us total 42.052ms
08-05 12:47:40.488  4466  4466 D ICU     : No timezone override file found: /data/misc/zoneinfo/current/icu/icu_tzdata.dat
08-05 12:47:40.521  4466  4466 I Radio-JNI: register_android_hardware_Radio DONE
08-05 12:47:40.539  2416  2416 W Atfwd_Sendcmd: AtCmdFwd service not published, waiting... retryCnt : 4
08-05 12:47:40.543  4466  4466 D AndroidRuntime: Calling main entry com.android.commands.input.Input
08-05 12:47:40.544  4466  4466 I Input   : injectKeyEvent: KeyEvent { action=ACTION_DOWN, keyCode=KEYCODE_BACK, scanCode=0, metaState=0, flags=0x0, repeatCount=0, eventTime=794876957, downTime=794876957, deviceId=-1, source=0x101 }
08-05 12:47:40.551  4466  4466 I Input   : injectKeyEvent: KeyEvent { action=ACTION_UP, keyCode=KEYCODE_BACK, scanCode=0, metaState=0, flags=0x0, repeatCount=0, eventTime=794876957, downTime=794876957, deviceId=-1, source=0x101 }
08-05 12:47:40.556  4466  4466 D AndroidRuntime: Shutting down VM
08-05 12:47:40.596 13866 13866 I GoogleInputMethodServic: GoogleInputMethodService.onFinishInput():3138 
08-05 12:47:40.597 13866 13866 I GoogleInputMethodServic: GoogleInputMethodService.onStartInput():1808 
08-05 12:47:40.706  2955  2979 I art     : Starting a blocking GC Explicit
08-05 12:47:40.748  2955  2979 I art     : Explicit concurrent mark sweep GC freed 1588(88KB) AllocSpace objects, 1(20KB) LOS objects, 36% free, 27MB/43MB, paused 221us total 41.208ms
08-05 12:47:40.768  2955  2979 I art     : Starting a blocking GC Explicit
08-05 12:47:40.771  2955  4385 I RedditChangeDataIO: Writing tmp data file at '/data/user/0/baseline.org.quantumbadger.redreader/files/rr_change_data_tmp.dat'
08-05 12:47:40.772  2955  4385 I RedditChangeDataManager: Taking snapshot...
08-05 12:47:40.772  2955  4385 I RedditChangeDataManager: Writing to stream...
08-05 12:47:40.772  2955  4385 I RedditChangeDataManager: Wrote 3 entries for user ''
08-05 12:47:40.772  2955  4385 I RedditChangeDataManager: All entries written to stream.
08-05 12:47:40.772  2955  4385 I RedditChangeDataIO: Write successful. Atomically replacing data file...
08-05 12:47:40.773  2955  4385 I RedditChangeDataIO: Write complete.
08-05 12:47:40.773  2955  4385 I RedditChangeDataIO: 86 bytes written in 3 ms
08-05 12:47:40.819  2955  2979 I art     : Explicit concurrent mark sweep GC freed 96(5KB) AllocSpace objects, 1(68KB) LOS objects, 36% free, 27MB/43MB, paused 345us total 50.572ms
08-05 12:47:40.836  2955  2979 I art     : Starting a blocking GC Explicit
08-05 12:47:40.885  2955  2979 I art     : Explicit concurrent mark sweep GC freed 12(560B) AllocSpace objects, 0(0B) LOS objects, 36% free, 27MB/43MB, paused 208us total 48.754ms
08-05 12:47:40.895   380   380 W SurfaceFlinger: couldn't log to binary event log: overflow.
08-05 12:47:40.901  2955  2979 I art     : Starting a blocking GC Explicit
08-05 12:47:40.943  2955  2979 I art     : Explicit concurrent mark sweep GC freed 55(2064B) AllocSpace objects, 0(0B) LOS objects, 36% free, 27MB/43MB, paused 245us total 42.123ms
08-05 12:47:40.958  2955  2979 I art     : Starting a blocking GC Explicit
08-05 12:47:40.989  2955  2979 I art     : Explicit concurrent mark sweep GC freed 46762(2MB) AllocSpace objects, 5(140KB) LOS objects, 39% free, 24MB/40MB, paused 221us total 30.912ms
08-05 12:47:41.252   518   646 I ThermalEngine: ACTION: GPU - Setting GPU[0] to 600000000
08-05 12:47:41.273  2955  2980 I art     : Starting a blocking GC Explicit
08-05 12:47:41.308  2955  2980 I art     : Explicit concurrent mark sweep GC freed 1343(80KB) AllocSpace objects, 1(20KB) LOS objects, 39% free, 24MB/40MB, paused 240us total 35.604ms
08-05 12:47:41.322  2955  2980 I art     : Starting a blocking GC Explicit
08-05 12:47:41.348  2955  2980 I art     : Explicit concurrent mark sweep GC freed 20(704B) AllocSpace objects, 0(0B) LOS objects, 39% free, 24MB/40MB, paused 167us total 25.653ms
08-05 12:47:41.359  2955  2980 I art     : Starting a blocking GC Explicit
08-05 12:47:41.384  2955  2980 I art     : Explicit concurrent mark sweep GC freed 3(96B) AllocSpace objects, 0(0B) LOS objects, 39% free, 24MB/40MB, paused 181us total 24.154ms
08-05 12:47:41.393  2955  2980 I art     : Starting a blocking GC Explicit
08-05 12:47:41.418  2955  2980 I art     : Explicit concurrent mark sweep GC freed 3(96B) AllocSpace objects, 0(0B) LOS objects, 39% free, 24MB/40MB, paused 182us total 24.551ms
08-05 12:47:41.429  2955  2980 I art     : Starting a blocking GC Explicit
08-05 12:47:41.454  2955  2980 I art     : Explicit concurrent mark sweep GC freed 3(96B) AllocSpace objects, 0(0B) LOS objects, 39% free, 24MB/40MB, paused 181us total 24.780ms
08-05 12:47:41.740  2955  3295 I art     : Starting a blocking GC Explicit
08-05 12:47:41.775  2955  3295 I art     : Explicit concurrent mark sweep GC freed 1343(80KB) AllocSpace objects, 1(20KB) LOS objects, 39% free, 24MB/40MB, paused 217us total 34.265ms
08-05 12:47:41.787  2955  3295 I art     : Starting a blocking GC Explicit
08-05 12:47:41.812  2955  3295 I art     : Explicit concurrent mark sweep GC freed 20(704B) AllocSpace objects, 0(0B) LOS objects, 39% free, 24MB/40MB, paused 178us total 24.413ms
08-05 12:47:41.822  2955  3295 I art     : Starting a blocking GC Explicit
08-05 12:47:41.846  2955  3295 I art     : Explicit concurrent mark sweep GC freed 3(96B) AllocSpace objects, 0(0B) LOS objects, 39% free, 24MB/40MB, paused 183us total 23.271ms
08-05 12:47:41.855  2955  3295 I art     : Starting a blocking GC Explicit
08-05 12:47:41.877  2955  3295 I art     : Explicit concurrent mark sweep GC freed 3(96B) AllocSpace objects, 0(0B) LOS objects, 39% free, 24MB/40MB, paused 167us total 21.079ms
08-05 12:47:41.886  2955  3295 I art     : Starting a blocking GC Explicit
08-05 12:47:41.908  2955  3295 I art     : Explicit concurrent mark sweep GC freed 3(96B) AllocSpace objects, 0(0B) LOS objects, 39% free, 24MB/40MB, paused 173us total 22.421ms
08-05 12:47:42.100  4522  4522 D AndroidRuntime: >>>>>> START com.android.internal.os.RuntimeInit uid 2000 <<<<<<
08-05 12:47:42.104  4522  4522 D AndroidRuntime: CheckJNI is OFF
08-05 12:47:42.129  4522  4522 D ICU     : No timezone override file found: /data/misc/zoneinfo/current/icu/icu_tzdata.dat
08-05 12:47:42.155  4522  4522 I Radio-JNI: register_android_hardware_Radio DONE
08-05 12:47:42.166  2955  3034 I art     : Starting a blocking GC Explicit
08-05 12:47:42.171  4522  4522 D AndroidRuntime: Calling main entry com.android.commands.input.Input
08-05 12:47:42.173  4522  4522 I Input   : injectKeyEvent: KeyEvent { action=ACTION_DOWN, keyCode=KEYCODE_BACK, scanCode=0, metaState=0, flags=0x0, repeatCount=0, eventTime=794878586, downTime=794878586, deviceId=-1, source=0x101 }
08-05 12:47:42.177  4522  4522 I Input   : injectKeyEvent: KeyEvent { action=ACTION_UP, keyCode=KEYCODE_BACK, scanCode=0, metaState=0, flags=0x0, repeatCount=0, eventTime=794878586, downTime=794878586, deviceId=-1, source=0x101 }
08-05 12:47:42.183  4522  4522 D AndroidRuntime: Shutting down VM
08-05 12:47:42.190  2955  3034 I art     : Explicit concurrent mark sweep GC freed 1446(83KB) AllocSpace objects, 1(20KB) LOS objects, 39% free, 24MB/40MB, paused 279us total 24.497ms
08-05 12:47:42.201  2955  3034 I art     : Starting a blocking GC Explicit
08-05 12:47:42.222 13866 13866 I GoogleInputMethodServic: GoogleInputMethodService.onFinishInput():3138 
08-05 12:47:42.223 13866 13866 I GoogleInputMethodServic: GoogleInputMethodService.onStartInput():1808 
08-05 12:47:42.223  2955  3034 I art     : Explicit concurrent mark sweep GC freed 30(1088B) AllocSpace objects, 0(0B) LOS objects, 39% free, 24MB/40MB, paused 230us total 21.799ms
08-05 12:47:42.233  2955  3034 I art     : Starting a blocking GC Explicit
08-05 12:47:42.258  2955  3034 I art     : Explicit concurrent mark sweep GC freed 54(1904B) AllocSpace objects, 0(0B) LOS objects, 39% free, 24MB/40MB, paused 204us total 25.067ms
08-05 12:47:42.269  2955  3034 I art     : Starting a blocking GC Explicit
08-05 12:47:42.289  2955  3034 I art     : Explicit concurrent mark sweep GC freed 22(752B) AllocSpace objects, 0(0B) LOS objects, 39% free, 24MB/40MB, paused 152us total 20.100ms
08-05 12:47:42.299  2955  3034 I art     : Starting a blocking GC Explicit
08-05 12:47:42.322  2955  3034 I art     : Explicit concurrent mark sweep GC freed 3(96B) AllocSpace objects, 0(0B) LOS objects, 39% free, 24MB/40MB, paused 156us total 22.900ms
08-05 12:47:42.567  2955  2979 I art     : Starting a blocking GC Explicit
08-05 12:47:42.594  2955  2979 I art     : Explicit concurrent mark sweep GC freed 1404(82KB) AllocSpace objects, 1(20KB) LOS objects, 39% free, 24MB/40MB, paused 202us total 26.524ms
08-05 12:47:42.605  2955  2979 I art     : Starting a blocking GC Explicit
08-05 12:47:42.630  2955  2979 I art     : Explicit concurrent mark sweep GC freed 150(7KB) AllocSpace objects, 0(0B) LOS objects, 39% free, 24MB/40MB, paused 201us total 25.402ms
08-05 12:47:42.641  2955  2979 I art     : Starting a blocking GC Explicit
08-05 12:47:42.666  2955  2979 I art     : Explicit concurrent mark sweep GC freed 3(96B) AllocSpace objects, 0(0B) LOS objects, 39% free, 24MB/40MB, paused 204us total 25.074ms
08-05 12:47:42.677  2955  2979 I art     : Starting a blocking GC Explicit
08-05 12:47:42.702  2955  2979 I art     : Explicit concurrent mark sweep GC freed 3(96B) AllocSpace objects, 0(0B) LOS objects, 39% free, 24MB/40MB, paused 225us total 25.190ms
08-05 12:47:42.713  2955  2979 I art     : Starting a blocking GC Explicit
08-05 12:47:42.737  2955  2979 I art     : Explicit concurrent mark sweep GC freed 3(96B) AllocSpace objects, 0(0B) LOS objects, 39% free, 24MB/40MB, paused 202us total 24.148ms
08-05 12:47:43.020  2955  3295 I art     : Starting a blocking GC Explicit
08-05 12:47:43.057  2955  3295 I art     : Explicit concurrent mark sweep GC freed 1343(80KB) AllocSpace objects, 1(20KB) LOS objects, 39% free, 24MB/40MB, paused 229us total 36.430ms
08-05 12:47:43.072  2955  3295 I art     : Starting a blocking GC Explicit
08-05 12:47:43.097  2955  3295 I art     : Explicit concurrent mark sweep GC freed 20(704B) AllocSpace objects, 0(0B) LOS objects, 39% free, 24MB/40MB, paused 207us total 25.275ms
08-05 12:47:43.108  2955  3295 I art     : Starting a blocking GC Explicit
08-05 12:47:43.133  2955  3295 I art     : Explicit concurrent mark sweep GC freed 3(96B) AllocSpace objects, 0(0B) LOS objects, 39% free, 24MB/40MB, paused 198us total 25.065ms
08-05 12:47:43.143  2955  3295 I art     : Starting a blocking GC Explicit
08-05 12:47:43.169  2955  3295 I art     : Explicit concurrent mark sweep GC freed 3(96B) AllocSpace objects, 0(0B) LOS objects, 39% free, 24MB/40MB, paused 199us total 25.576ms
08-05 12:47:43.179  2955  3295 I art     : Starting a blocking GC Explicit
08-05 12:47:43.204  2955  3295 I art     : Explicit concurrent mark sweep GC freed 3(96B) AllocSpace objects, 0(0B) LOS objects, 39% free, 24MB/40MB, paused 198us total 24.574ms
08-05 12:47:43.258   518   646 I ThermalEngine: ACTION: GPU - Setting GPU[0] to 510000000
08-05 12:47:43.481  2955  2980 I art     : Starting a blocking GC Explicit
08-05 12:47:43.512  2955  2980 I art     : Explicit concurrent mark sweep GC freed 1343(80KB) AllocSpace objects, 1(20KB) LOS objects, 39% free, 24MB/40MB, paused 276us total 31.181ms
08-05 12:47:43.525  2955  2980 I art     : Starting a blocking GC Explicit
08-05 12:47:43.555  2955  2980 I art     : Explicit concurrent mark sweep GC freed 20(704B) AllocSpace objects, 0(0B) LOS objects, 39% free, 24MB/40MB, paused 255us total 29.714ms
08-05 12:47:43.568  2955  2980 I art     : Starting a blocking GC Explicit
08-05 12:47:43.598  2955  2980 I art     : Explicit concurrent mark sweep GC freed 3(96B) AllocSpace objects, 0(0B) LOS objects, 39% free, 24MB/40MB, paused 264us total 29.077ms
08-05 12:47:43.610  2955  2980 I art     : Starting a blocking GC Explicit
08-05 12:47:43.640  2955  2980 I art     : Explicit concurrent mark sweep GC freed 3(96B) AllocSpace objects, 0(0B) LOS objects, 39% free, 24MB/40MB, paused 251us total 29.285ms
08-05 12:47:43.653  2955  2980 I art     : Starting a blocking GC Explicit
08-05 12:47:43.682  2955  2980 I art     : Explicit concurrent mark sweep GC freed 3(96B) AllocSpace objects, 0(0B) LOS objects, 39% free, 24MB/40MB, paused 259us total 29.201ms
08-05 12:47:43.844  4571  4571 D AndroidRuntime: >>>>>> START com.android.internal.os.RuntimeInit uid 2000 <<<<<<
08-05 12:47:43.849  4571  4571 D AndroidRuntime: CheckJNI is OFF
08-05 12:47:43.882  4571  4571 D ICU     : No timezone override file found: /data/misc/zoneinfo/current/icu/icu_tzdata.dat
08-05 12:47:43.914  4571  4571 I Radio-JNI: register_android_hardware_Radio DONE
08-05 12:47:43.935  4571  4571 D AndroidRuntime: Calling main entry com.android.commands.input.Input
08-05 12:47:43.937  4571  4571 I Input   : injectMotionEvent: MotionEvent { action=ACTION_DOWN, actionButton=0, id[0]=0, x[0]=600.0, y[0]=1536.0, toolType[0]=TOOL_TYPE_UNKNOWN, buttonState=0, metaState=0, flags=0x0, edgeFlags=0x0, pointerCount=1, historySize=0, eventTime=794880350, downTime=794880350, deviceId=0, source=0x1002 }
08-05 12:47:43.941  4571  4571 I Input   : injectMotionEvent: MotionEvent { action=ACTION_UP, actionButton=0, id[0]=0, x[0]=600.0, y[0]=1536.0, toolType[0]=TOOL_TYPE_UNKNOWN, buttonState=0, metaState=0, flags=0x0, edgeFlags=0x0, pointerCount=1, historySize=0, eventTime=794880350, downTime=794880350, deviceId=0, source=0x1002 }
08-05 12:47:43.943  4571  4571 D AndroidRuntime: Shutting down VM
08-05 12:47:43.946  2955  3034 I art     : Starting a blocking GC Explicit
08-05 12:47:43.951   512  2967 D audio_hw_primary: out_set_parameters: enter: usecase(1: low-latency-playback) kvpairs: routing=2
08-05 12:47:43.952   918  6029 I ActivityManager: START u0 {dat=https://oauth.reddit.com/... cmp=baseline.org.quantumbadger.redreader/.activities.PostListingActivity} from uid 10689 on display 0
08-05 12:47:43.964   512  2967 D audio_hw_primary: select_devices: out_snd_device(2: speaker) in_snd_device(0: none)
08-05 12:47:43.964   512  2967 D msm8974_platform: platform_send_audio_calibration: sending audio calibration for snd_device(2) acdb_id(15)
08-05 12:47:43.964   512  2967 I soundtrigger: audio_extn_sound_trigger_update_device_status: device 0x2 of type 0 for Event 1
08-05 12:47:43.972  2955  2955 I AppCompatViewInflater: app:theme is now deprecated. Please move to using android:theme instead.
08-05 12:47:43.977   512  2967 D audio_hw_primary: enable_snd_device: snd_device(2: speaker)
08-05 12:47:43.979   512  2967 D audio_hw_primary: enable_audio_route: apply and update mixer path: low-latency-playback speaker
08-05 12:47:43.980  2955  3034 I art     : Explicit concurrent mark sweep GC freed 1733(112KB) AllocSpace objects, 1(20KB) LOS objects, 39% free, 24MB/40MB, paused 502us total 34.147ms
08-05 12:47:43.994  2955  4600 D OK      : calling: https://oauth.reddit.com/r/askscience/about.json
08-05 12:47:43.994  2955  3034 I art     : Starting a blocking GC Explicit
08-05 12:47:44.023  2955  3034 I art     : Explicit concurrent mark sweep GC freed 660(51KB) AllocSpace objects, 0(0B) LOS objects, 39% free, 24MB/40MB, paused 287us total 28.609ms
08-05 12:47:44.035  2955  3034 I art     : Starting a blocking GC Explicit
08-05 12:47:44.063  2955  3034 I art     : Explicit concurrent mark sweep GC freed 909(39KB) AllocSpace objects, 0(0B) LOS objects, 39% free, 25MB/41MB, paused 316us total 28.020ms
08-05 12:47:44.063   918   936 I ActivityManager: Displayed baseline.org.quantumbadger.redreader/.activities.PostListingActivity: +103ms
08-05 12:47:44.064 13866 13866 I GoogleInputMethodServic: GoogleInputMethodService.onFinishInput():3138 
08-05 12:47:44.065 13866 13866 I GoogleInputMethodServic: GoogleInputMethodService.onStartInput():1808 
08-05 12:47:44.077  2955  3034 I art     : Starting a blocking GC Explicit
08-05 12:47:44.107  2955  3034 I art     : Explicit concurrent mark sweep GC freed 162(8KB) AllocSpace objects, 0(0B) LOS objects, 39% free, 25MB/41MB, paused 284us total 30.148ms
08-05 12:47:44.120  2955  3034 I art     : Starting a blocking GC Explicit
08-05 12:47:44.149  2955  3034 I art     : Explicit concurrent mark sweep GC freed 1857(72KB) AllocSpace objects, 0(0B) LOS objects, 39% free, 25MB/41MB, paused 477us total 29.326ms
08-05 12:47:44.315  2955  4600 I NAPPA_EXPERIMENTATION: MetricNetworkRequestExecutionTime: REQUEST_DURATION_SYSTEM='320',REQUEST_DURATION_OKHTTP='155',REQUEST_SYNCHRONOUS='TRUE',RESPONSE_CODE='200',RESPONSE_METHOD='GET',RESPONSE_LENGTH_OKHTTP='-1',RESPONSE_LENGTH_HEADER='4700',REQUEST_PROTOCOL='h2',REQUEST_URL='https://oauth.reddit.com/r/askscience/about.json',
08-05 12:47:44.315  2955  4600 D OK      : request got status: 200
08-05 12:47:44.317   380   380 W SurfaceFlinger: couldn't log to binary event log: overflow.
08-05 12:47:44.416  2955  2979 I art     : Starting a blocking GC Explicit
08-05 12:47:44.445  2955  2979 I art     : Explicit concurrent mark sweep GC freed 3254(281KB) AllocSpace objects, 4(176KB) LOS objects, 38% free, 25MB/41MB, paused 272us total 29.158ms
08-05 12:47:44.461  2955  2979 I art     : Starting a blocking GC Explicit
08-05 12:47:44.493  2955  2979 I art     : Explicit concurrent mark sweep GC freed 208(11KB) AllocSpace objects, 0(0B) LOS objects, 38% free, 25MB/41MB, paused 241us total 31.358ms
08-05 12:47:44.508  2955  2979 I art     : Starting a blocking GC Explicit
08-05 12:47:44.519   512  2967 D audio_hw_primary: disable_audio_route: reset and update mixer path: low-latency-playback speaker
08-05 12:47:44.520   512  2967 D audio_hw_primary: disable_snd_device: snd_device(2: speaker)
08-05 12:47:44.528   512  2967 I soundtrigger: audio_extn_sound_trigger_update_device_status: device 0x2 of type 0 for Event 0
08-05 12:47:44.538  2955  2979 I art     : Explicit concurrent mark sweep GC freed 3(96B) AllocSpace objects, 0(0B) LOS objects, 38% free, 25MB/41MB, paused 253us total 29.806ms
08-05 12:47:44.551  2955  2979 I art     : Starting a blocking GC Explicit
08-05 12:47:44.581  2955  2979 I art     : Explicit concurrent mark sweep GC freed 3(96B) AllocSpace objects, 0(0B) LOS objects, 38% free, 25MB/41MB, paused 281us total 30.408ms
08-05 12:47:44.595  2955  2979 I art     : Starting a blocking GC Explicit
08-05 12:47:44.626  2955  2979 I art     : Explicit concurrent mark sweep GC freed 9(304B) AllocSpace objects, 0(0B) LOS objects, 38% free, 25MB/41MB, paused 289us total 31.245ms
08-05 12:47:44.919  2955  3295 I art     : Starting a blocking GC Explicit
08-05 12:47:44.952  2955  3295 I art     : Explicit concurrent mark sweep GC freed 1396(82KB) AllocSpace objects, 1(20KB) LOS objects, 38% free, 25MB/41MB, paused 356us total 32.712ms
08-05 12:47:44.965  2955  3295 I art     : Starting a blocking GC Explicit
08-05 12:47:44.995  2955  3295 I art     : Explicit concurrent mark sweep GC freed 20(704B) AllocSpace objects, 0(0B) LOS objects, 38% free, 25MB/41MB, paused 280us total 29.774ms
08-05 12:47:45.008  2955  3295 I art     : Starting a blocking GC Explicit
08-05 12:47:45.039  2955  3295 I art     : Explicit concurrent mark sweep GC freed 3(96B) AllocSpace objects, 0(0B) LOS objects, 38% free, 25MB/41MB, paused 280us total 30.550ms
08-05 12:47:45.052  2955  3295 I art     : Starting a blocking GC Explicit
08-05 12:47:45.082  2955  3295 I art     : Explicit concurrent mark sweep GC freed 3(96B) AllocSpace objects, 0(0B) LOS objects, 38% free, 25MB/41MB, paused 262us total 30.339ms
08-05 12:47:45.095  2955  3295 I art     : Starting a blocking GC Explicit
08-05 12:47:45.126  2955  3295 I art     : Explicit concurrent mark sweep GC freed 3(96B) AllocSpace objects, 0(0B) LOS objects, 38% free, 25MB/41MB, paused 288us total 30.367ms
08-05 12:47:45.193  2955  4624 D OK      : calling: https://oauth.reddit.com/r/askscience/hot/.json
08-05 12:47:45.401  2955  2979 I art     : Starting a blocking GC Explicit
08-05 12:47:45.405  2955  4624 I NAPPA_EXPERIMENTATION: MetricNetworkRequestExecutionTime: REQUEST_DURATION_SYSTEM='212',REQUEST_DURATION_OKHTTP='208',REQUEST_SYNCHRONOUS='TRUE',RESPONSE_CODE='200',RESPONSE_METHOD='GET',RESPONSE_LENGTH_OKHTTP='-1',RESPONSE_LENGTH_HEADER='21282',REQUEST_PROTOCOL='h2',REQUEST_URL='https://oauth.reddit.com/r/askscience/hot/.json',
08-05 12:47:45.405  2955  4624 D OK      : request got status: 200
08-05 12:47:45.431  2955  3577 I PostListingFragment: Precaching images: OFF
08-05 12:47:45.431  2955  3577 I PostListingFragment: Precaching comments: OFF
08-05 12:47:45.435  2955  2979 I art     : Explicit concurrent mark sweep GC freed 1883(149KB) AllocSpace objects, 1(20KB) LOS objects, 38% free, 25MB/41MB, paused 420us total 34.020ms
08-05 12:47:45.449  2955  2979 I art     : Starting a blocking GC Explicit
08-05 12:47:45.482  2955  2979 I art     : Explicit concurrent mark sweep GC freed 2177(157KB) AllocSpace objects, 0(0B) LOS objects, 38% free, 25MB/41MB, paused 575us total 33.233ms
08-05 12:47:45.495  2955  2979 I art     : Starting a blocking GC Explicit
08-05 12:47:45.527  2955  2979 I art     : Explicit concurrent mark sweep GC freed 3703(156KB) AllocSpace objects, 1(68KB) LOS objects, 38% free, 25MB/41MB, paused 405us total 31.853ms
08-05 12:47:45.539  2955  2979 I art     : Starting a blocking GC Explicit
08-05 12:47:45.572  2955  2979 I art     : Explicit concurrent mark sweep GC freed 3250(176KB) AllocSpace objects, 1(68KB) LOS objects, 38% free, 25MB/41MB, paused 371us total 32.283ms
08-05 12:47:45.585  2955  2979 I art     : Starting a blocking GC Explicit
08-05 12:47:45.619  2955  2979 I art     : Explicit concurrent mark sweep GC freed 3395(125KB) AllocSpace objects, 0(0B) LOS objects, 38% free, 25MB/41MB, paused 511us total 33.890ms
08-05 12:47:45.903  2955  3034 I art     : Starting a blocking GC Explicit
08-05 12:47:45.942  2955  3034 I art     : Explicit concurrent mark sweep GC freed 21683(957KB) AllocSpace objects, 1(20KB) LOS objects, 38% free, 25MB/41MB, paused 367us total 39.234ms
08-05 12:47:45.956  2955  3034 I art     : Starting a blocking GC Explicit
08-05 12:47:45.989  2955  3034 I art     : Explicit concurrent mark sweep GC freed 994(44KB) AllocSpace objects, 0(0B) LOS objects, 38% free, 25MB/41MB, paused 250us total 32.849ms
08-05 12:47:46.002  2955  3034 I art     : Starting a blocking GC Explicit
08-05 12:47:46.035  2955  3034 I art     : Explicit concurrent mark sweep GC freed 46(1680B) AllocSpace objects, 0(0B) LOS objects, 38% free, 25MB/41MB, paused 276us total 32.020ms
08-05 12:47:46.049  2955  3034 I art     : Starting a blocking GC Explicit
08-05 12:47:46.083  2955  3034 I art     : Explicit concurrent mark sweep GC freed 25(1024B) AllocSpace objects, 0(0B) LOS objects, 38% free, 25MB/41MB, paused 296us total 34.474ms
08-05 12:47:46.096  2955  3034 I art     : Starting a blocking GC Explicit
08-05 12:47:46.126  2955  3034 I art     : Explicit concurrent mark sweep GC freed 3(96B) AllocSpace objects, 0(0B) LOS objects, 38% free, 25MB/41MB, paused 241us total 28.814ms
08-05 12:47:46.304   918  3261 D WifiStateMachine: starting scan for "H369AA63323"WPA_PSK with 2412,5180
08-05 12:47:46.439  2955  3034 I art     : Starting a blocking GC Explicit
08-05 12:47:46.478  2955  3034 I art     : Explicit concurrent mark sweep GC freed 1515(87KB) AllocSpace objects, 1(20KB) LOS objects, 38% free, 25MB/41MB, paused 303us total 38.959ms
08-05 12:47:46.495  2955  3034 I art     : Starting a blocking GC Explicit
08-05 12:47:46.529  2955  3034 I art     : Explicit concurrent mark sweep GC freed 20(704B) AllocSpace objects, 0(0B) LOS objects, 38% free, 25MB/41MB, paused 286us total 34.275ms
08-05 12:47:46.543  2955  3034 I art     : Starting a blocking GC Explicit
08-05 12:47:46.578  2955  3034 I art     : Explicit concurrent mark sweep GC freed 3(96B) AllocSpace objects, 0(0B) LOS objects, 38% free, 25MB/41MB, paused 305us total 34.346ms
08-05 12:47:46.591  2955  3034 I art     : Starting a blocking GC Explicit
08-05 12:47:46.625  2955  3034 I art     : Explicit concurrent mark sweep GC freed 3(96B) AllocSpace objects, 0(0B) LOS objects, 38% free, 25MB/41MB, paused 299us total 33.714ms
08-05 12:47:46.639  2955  3034 I art     : Starting a blocking GC Explicit
08-05 12:47:46.673  2955  3034 I art     : Explicit concurrent mark sweep GC freed 3(96B) AllocSpace objects, 0(0B) LOS objects, 38% free, 25MB/41MB, paused 285us total 33.548ms
08-05 12:47:47.004  2955  2980 I art     : Starting a blocking GC Explicit
08-05 12:47:47.047  2955  2980 I art     : Explicit concurrent mark sweep GC freed 1344(80KB) AllocSpace objects, 1(20KB) LOS objects, 38% free, 25MB/41MB, paused 284us total 42.173ms
08-05 12:47:47.060  2955  2980 I art     : Starting a blocking GC Explicit
08-05 12:47:47.095  2955  2980 I art     : Explicit concurrent mark sweep GC freed 20(704B) AllocSpace objects, 0(0B) LOS objects, 38% free, 25MB/41MB, paused 282us total 34.008ms
08-05 12:47:47.108  2955  2980 I art     : Starting a blocking GC Explicit
08-05 12:47:47.142  2955  2980 I art     : Explicit concurrent mark sweep GC freed 3(96B) AllocSpace objects, 0(0B) LOS objects, 38% free, 25MB/41MB, paused 309us total 33.664ms
08-05 12:47:47.156  2955  2980 I art     : Starting a blocking GC Explicit
08-05 12:47:47.189  2955  2980 I art     : Explicit concurrent mark sweep GC freed 3(96B) AllocSpace objects, 0(0B) LOS objects, 38% free, 25MB/41MB, paused 293us total 33.143ms
08-05 12:47:47.203  2955  2980 I art     : Starting a blocking GC Explicit
08-05 12:47:47.238  2955  2980 I art     : Explicit concurrent mark sweep GC freed 3(96B) AllocSpace objects, 0(0B) LOS objects, 38% free, 25MB/41MB, paused 318us total 34.339ms
08-05 12:47:47.575  2955  3295 I art     : Starting a blocking GC Explicit
08-05 12:47:47.617  2955  3295 I art     : Explicit concurrent mark sweep GC freed 1344(80KB) AllocSpace objects, 1(20KB) LOS objects, 38% free, 25MB/41MB, paused 323us total 42.080ms
08-05 12:47:47.633  2955  3295 I art     : Starting a blocking GC Explicit
08-05 12:47:47.668  2955  3295 I art     : Explicit concurrent mark sweep GC freed 20(704B) AllocSpace objects, 0(0B) LOS objects, 38% free, 25MB/41MB, paused 309us total 34.298ms
08-05 12:47:47.681  2955  3295 I art     : Starting a blocking GC Explicit
08-05 12:47:47.715  2955  3295 I art     : Explicit concurrent mark sweep GC freed 3(96B) AllocSpace objects, 0(0B) LOS objects, 38% free, 25MB/41MB, paused 284us total 33.702ms
08-05 12:47:47.729  2955  3295 I art     : Starting a blocking GC Explicit
08-05 12:47:47.763  2955  3295 I art     : Explicit concurrent mark sweep GC freed 3(96B) AllocSpace objects, 0(0B) LOS objects, 38% free, 25MB/41MB, paused 289us total 33.940ms
08-05 12:47:47.777  2955  3295 I art     : Starting a blocking GC Explicit
08-05 12:47:47.811  2955  3295 I art     : Explicit concurrent mark sweep GC freed 3(96B) AllocSpace objects, 0(0B) LOS objects, 38% free, 25MB/41MB, paused 333us total 34.197ms
08-05 12:47:48.150  2955  2979 I art     : Starting a blocking GC Explicit
08-05 12:47:48.193  2955  2979 I art     : Explicit concurrent mark sweep GC freed 1343(80KB) AllocSpace objects, 1(20KB) LOS objects, 38% free, 25MB/41MB, paused 378us total 42.684ms
08-05 12:47:48.210  2955  2979 I art     : Starting a blocking GC Explicit
08-05 12:47:48.244  2955  2979 I art     : Explicit concurrent mark sweep GC freed 20(704B) AllocSpace objects, 0(0B) LOS objects, 38% free, 25MB/41MB, paused 283us total 34.119ms
08-05 12:47:48.258  2955  2979 I art     : Starting a blocking GC Explicit
08-05 12:47:48.292  2955  2979 I art     : Explicit concurrent mark sweep GC freed 3(96B) AllocSpace objects, 0(0B) LOS objects, 38% free, 25MB/41MB, paused 280us total 33.664ms
08-05 12:47:48.305  2955  2979 I art     : Starting a blocking GC Explicit
08-05 12:47:48.340  2955  2979 I art     : Explicit concurrent mark sweep GC freed 3(96B) AllocSpace objects, 0(0B) LOS objects, 38% free, 25MB/41MB, paused 291us total 33.916ms
08-05 12:47:48.353  2955  2979 I art     : Starting a blocking GC Explicit
08-05 12:47:48.387  2955  2979 I art     : Explicit concurrent mark sweep GC freed 3(96B) AllocSpace objects, 0(0B) LOS objects, 38% free, 25MB/41MB, paused 378us total 33.434ms
08-05 12:47:48.715  2955  3034 I art     : Starting a blocking GC Explicit
08-05 12:47:48.761  2955  3034 I art     : Explicit concurrent mark sweep GC freed 1347(80KB) AllocSpace objects, 1(20KB) LOS objects, 38% free, 25MB/41MB, paused 318us total 45.368ms
08-05 12:47:48.777  2955  3034 I art     : Starting a blocking GC Explicit
08-05 12:47:48.811  2955  3034 I art     : Explicit concurrent mark sweep GC freed 20(704B) AllocSpace objects, 0(0B) LOS objects, 38% free, 25MB/41MB, paused 279us total 34.261ms
08-05 12:47:48.825  2955  3034 I art     : Starting a blocking GC Explicit
08-05 12:47:48.860  2955  3034 I art     : Explicit concurrent mark sweep GC freed 3(96B) AllocSpace objects, 0(0B) LOS objects, 38% free, 25MB/41MB, paused 284us total 34.220ms
08-05 12:47:48.873  2955  3034 I art     : Starting a blocking GC Explicit
08-05 12:47:48.907  2955  3034 I art     : Explicit concurrent mark sweep GC freed 3(96B) AllocSpace objects, 0(0B) LOS objects, 38% free, 25MB/41MB, paused 352us total 33.816ms
08-05 12:47:48.921  2955  3034 I art     : Starting a blocking GC Explicit
08-05 12:47:48.955  2955  3034 I art     : Explicit concurrent mark sweep GC freed 3(96B) AllocSpace objects, 0(0B) LOS objects, 38% free, 25MB/41MB, paused 285us total 34.073ms
08-05 12:47:49.259  2955  2980 I art     : Starting a blocking GC Explicit
08-05 12:47:49.266   518   646 I ThermalEngine: ACTION: GPU - Setting GPU[0] to 600000000
08-05 12:47:49.292  2955  2980 I art     : Explicit concurrent mark sweep GC freed 1344(80KB) AllocSpace objects, 1(20KB) LOS objects, 38% free, 25MB/41MB, paused 310us total 33.667ms
08-05 12:47:49.306  2955  2980 I art     : Starting a blocking GC Explicit
08-05 12:47:49.336  2955  2980 I art     : Explicit concurrent mark sweep GC freed 20(704B) AllocSpace objects, 0(0B) LOS objects, 38% free, 25MB/41MB, paused 191us total 29.274ms
08-05 12:47:49.346  2955  2980 I art     : Starting a blocking GC Explicit
08-05 12:47:49.372  2955  2980 I art     : Explicit concurrent mark sweep GC freed 3(96B) AllocSpace objects, 0(0B) LOS objects, 38% free, 25MB/41MB, paused 212us total 26.303ms
08-05 12:47:49.382  2955  2980 I art     : Starting a blocking GC Explicit
08-05 12:47:49.407  2955  2980 I art     : Explicit concurrent mark sweep GC freed 3(96B) AllocSpace objects, 0(0B) LOS objects, 38% free, 25MB/41MB, paused 217us total 25.053ms
08-05 12:47:49.417  2955  2980 I art     : Starting a blocking GC Explicit
08-05 12:47:49.442  2955  2980 I art     : Explicit concurrent mark sweep GC freed 3(96B) AllocSpace objects, 0(0B) LOS objects, 38% free, 25MB/41MB, paused 212us total 25.144ms
08-05 12:47:49.538  4704  4704 D AndroidRuntime: >>>>>> START com.android.internal.os.RuntimeInit uid 2000 <<<<<<
08-05 12:47:49.543  4704  4704 D AndroidRuntime: CheckJNI is OFF
08-05 12:47:49.570  4704  4704 D ICU     : No timezone override file found: /data/misc/zoneinfo/current/icu/icu_tzdata.dat
08-05 12:47:49.595  4704  4704 I Radio-JNI: register_android_hardware_Radio DONE
08-05 12:47:49.611  4704  4704 D AndroidRuntime: Calling main entry com.android.commands.input.Input
08-05 12:47:49.613  4704  4704 I Input   : injectMotionEvent: MotionEvent { action=ACTION_DOWN, actionButton=0, id[0]=0, x[0]=600.0, y[0]=700.0, toolType[0]=TOOL_TYPE_UNKNOWN, buttonState=0, metaState=0, flags=0x0, edgeFlags=0x0, pointerCount=1, historySize=0, eventTime=794886026, downTime=794886026, deviceId=0, source=0x1002 }
08-05 12:47:49.619  4704  4704 I Input   : injectMotionEvent: MotionEvent { action=ACTION_UP, actionButton=0, id[0]=0, x[0]=600.0, y[0]=700.0, toolType[0]=TOOL_TYPE_UNKNOWN, buttonState=0, metaState=0, flags=0x0, edgeFlags=0x0, pointerCount=1, historySize=0, eventTime=794886026, downTime=794886026, deviceId=0, source=0x1002 }
08-05 12:47:49.621  4704  4704 D AndroidRuntime: Shutting down VM
08-05 12:47:49.630   918  6112 I ActivityManager: START u0 {dat=https://oauth.reddit.com/... cmp=baseline.org.quantumbadger.redreader/.activities.CommentListingActivity} from uid 10689 on display 0
08-05 12:47:49.631   512  2967 D audio_hw_primary: out_set_parameters: enter: usecase(1: low-latency-playback) kvpairs: routing=2
08-05 12:47:49.644   512  2967 D audio_hw_primary: select_devices: out_snd_device(2: speaker) in_snd_device(0: none)
08-05 12:47:49.644   512  2967 D msm8974_platform: platform_send_audio_calibration: sending audio calibration for snd_device(2) acdb_id(15)
08-05 12:47:49.644   512  2967 I soundtrigger: audio_extn_sound_trigger_update_device_status: device 0x2 of type 0 for Event 1
08-05 12:47:49.651  2955  2955 I AppCompatViewInflater: app:theme is now deprecated. Please move to using android:theme instead.
08-05 12:47:49.653   512  2967 D audio_hw_primary: enable_snd_device: snd_device(2: speaker)
08-05 12:47:49.655   512  2967 D audio_hw_primary: enable_audio_route: apply and update mixer path: low-latency-playback speaker
08-05 12:47:49.664  2955  3577 I CommentListingActivity: COMMENTS session changed to 89834502-0a6c-4ad0-8336-fb581f05f276
08-05 12:47:49.702  2955  3295 I art     : Starting a blocking GC Explicit
08-05 12:47:49.736  2955  3295 I art     : Explicit concurrent mark sweep GC freed 20435(1395KB) AllocSpace objects, 3(56KB) LOS objects, 36% free, 27MB/43MB, paused 769us total 34.144ms
08-05 12:47:49.747  2955  3295 I art     : Starting a blocking GC Explicit
08-05 12:47:49.791  2955  3295 I art     : Explicit concurrent mark sweep GC freed 14863(1021KB) AllocSpace objects, 0(0B) LOS objects, 35% free, 29MB/45MB, paused 565us total 43.605ms
08-05 12:47:49.796   918   936 I ActivityManager: Displayed baseline.org.quantumbadger.redreader/.activities.CommentListingActivity: +160ms
08-05 12:47:49.797 13866 13866 I GoogleInputMethodServic: GoogleInputMethodService.onFinishInput():3138 
08-05 12:47:49.798 13866 13866 I GoogleInputMethodServic: GoogleInputMethodService.onStartInput():1808 
08-05 12:47:49.803  2955  3295 I art     : Starting a blocking GC Explicit
08-05 12:47:49.844  2955  3295 I art     : Explicit concurrent mark sweep GC freed 11254(757KB) AllocSpace objects, 1(16KB) LOS objects, 35% free, 29MB/45MB, paused 268us total 40.584ms
08-05 12:47:49.856  2955  3295 I art     : Starting a blocking GC Explicit
08-05 12:47:49.890  2955  3295 I art     : Explicit concurrent mark sweep GC freed 19202(850KB) AllocSpace objects, 0(0B) LOS objects, 36% free, 28MB/44MB, paused 195us total 33.527ms
08-05 12:47:49.902  2955  3295 I art     : Starting a blocking GC Explicit
08-05 12:47:49.942  2955  3295 I art     : Explicit concurrent mark sweep GC freed 11(544B) AllocSpace objects, 0(0B) LOS objects, 36% free, 28MB/44MB, paused 340us total 39.910ms
08-05 12:47:50.057   380   380 W SurfaceFlinger: couldn't log to binary event log: overflow.
08-05 12:47:50.182  2955  3034 I art     : Starting a blocking GC Explicit
08-05 12:47:50.191   512  2967 D audio_hw_primary: disable_audio_route: reset and update mixer path: low-latency-playback speaker
08-05 12:47:50.191   512  2967 D audio_hw_primary: disable_snd_device: snd_device(2: speaker)
08-05 12:47:50.200   512  2967 I soundtrigger: audio_extn_sound_trigger_update_device_status: device 0x2 of type 0 for Event 0
08-05 12:47:50.220  2955  3034 I art     : Explicit concurrent mark sweep GC freed 1470(85KB) AllocSpace objects, 1(20KB) LOS objects, 36% free, 28MB/44MB, paused 202us total 38.038ms
08-05 12:47:50.232  2955  3034 I art     : Starting a blocking GC Explicit
08-05 12:47:50.265  2955  3034 I art     : Explicit concurrent mark sweep GC freed 24(832B) AllocSpace objects, 0(0B) LOS objects, 36% free, 28MB/44MB, paused 181us total 33.410ms
08-05 12:47:50.276  2955  3034 I art     : Starting a blocking GC Explicit
08-05 12:47:50.309  2955  3034 I art     : Explicit concurrent mark sweep GC freed 3(96B) AllocSpace objects, 0(0B) LOS objects, 36% free, 28MB/44MB, paused 174us total 32.295ms
08-05 12:47:50.320  2955  3034 I art     : Starting a blocking GC Explicit
08-05 12:47:50.352  2955  3034 I art     : Explicit concurrent mark sweep GC freed 3(96B) AllocSpace objects, 0(0B) LOS objects, 36% free, 28MB/44MB, paused 196us total 32.397ms
08-05 12:47:50.363  2955  3034 I art     : Starting a blocking GC Explicit
08-05 12:47:50.396  2955  3034 I art     : Explicit concurrent mark sweep GC freed 3(96B) AllocSpace objects, 0(0B) LOS objects, 36% free, 28MB/44MB, paused 175us total 32.129ms
08-05 12:47:50.467  2955  4635 I RedditChangeDataIO: Writing tmp data file at '/data/user/0/baseline.org.quantumbadger.redreader/files/rr_change_data_tmp.dat'
08-05 12:47:50.467  2955  4635 I RedditChangeDataManager: Taking snapshot...
08-05 12:47:50.468  2955  4635 I RedditChangeDataManager: Writing to stream...
08-05 12:47:50.468  2955  4635 I RedditChangeDataManager: Wrote 3 entries for user ''
08-05 12:47:50.468  2955  4635 I RedditChangeDataManager: All entries written to stream.
08-05 12:47:50.468  2955  4635 I RedditChangeDataIO: Write successful. Atomically replacing data file...
08-05 12:47:50.468  2955  4635 I RedditChangeDataIO: Write complete.
08-05 12:47:50.468  2955  4635 I RedditChangeDataIO: 86 bytes written in 1 ms
08-05 12:47:50.671  2955  2979 I art     : Starting a blocking GC Explicit
08-05 12:47:50.712  2955  2979 I art     : Explicit concurrent mark sweep GC freed 1676(125KB) AllocSpace objects, 2(88KB) LOS objects, 36% free, 28MB/44MB, paused 176us total 40.052ms
08-05 12:47:50.725  2955  2979 I art     : Starting a blocking GC Explicit
08-05 12:47:50.757  2955  2979 I art     : Explicit concurrent mark sweep GC freed 88(2976B) AllocSpace objects, 0(0B) LOS objects, 36% free, 28MB/44MB, paused 284us total 32.114ms
08-05 12:47:50.768  2955  2979 I art     : Starting a blocking GC Explicit
08-05 12:47:50.805  2955  2979 I art     : Explicit concurrent mark sweep GC freed 49(1920B) AllocSpace objects, 0(0B) LOS objects, 36% free, 28MB/44MB, paused 172us total 37.021ms
08-05 12:47:50.817  2955  2979 I art     : Starting a blocking GC Explicit
08-05 12:47:50.855  2955  2979 I art     : Explicit concurrent mark sweep GC freed 3(96B) AllocSpace objects, 0(0B) LOS objects, 36% free, 28MB/44MB, paused 185us total 37.985ms
08-05 12:47:50.867  2955  2979 I art     : Starting a blocking GC Explicit
08-05 12:47:50.906  2955  2979 I art     : Explicit concurrent mark sweep GC freed 3(96B) AllocSpace objects, 0(0B) LOS objects, 36% free, 28MB/44MB, paused 187us total 38.075ms
08-05 12:47:51.182  2955  3034 I art     : Starting a blocking GC Explicit
08-05 12:47:51.236  2955  3034 I art     : Explicit concurrent mark sweep GC freed 1343(80KB) AllocSpace objects, 1(20KB) LOS objects, 36% free, 28MB/44MB, paused 240us total 53.703ms
08-05 12:47:51.253  2955  3034 I art     : Starting a blocking GC Explicit
08-05 12:47:51.272   518   646 I ThermalEngine: ACTION: GPU - Setting GPU[0] to 510000000
08-05 12:47:51.297  2955  3034 I art     : Explicit concurrent mark sweep GC freed 20(704B) AllocSpace objects, 0(0B) LOS objects, 36% free, 28MB/44MB, paused 309us total 43.227ms
08-05 12:47:51.312  2955  3034 I art     : Starting a blocking GC Explicit
08-05 12:47:51.360  2955  3034 I art     : Explicit concurrent mark sweep GC freed 3(96B) AllocSpace objects, 0(0B) LOS objects, 36% free, 28MB/44MB, paused 254us total 47.625ms
08-05 12:47:51.376  2955  3034 I art     : Starting a blocking GC Explicit
08-05 12:47:51.423  2955  3034 I art     : Explicit concurrent mark sweep GC freed 3(96B) AllocSpace objects, 0(0B) LOS objects, 36% free, 28MB/44MB, paused 248us total 47.044ms
08-05 12:47:51.439  2955  3034 I art     : Starting a blocking GC Explicit
08-05 12:47:51.486  2955  3034 I art     : Explicit concurrent mark sweep GC freed 3(96B) AllocSpace objects, 0(0B) LOS objects, 36% free, 28MB/44MB, paused 247us total 46.912ms
08-05 12:47:51.814  2955  2980 I art     : Starting a blocking GC Explicit
08-05 12:47:51.873  2955  2980 I art     : Explicit concurrent mark sweep GC freed 1343(80KB) AllocSpace objects, 1(20KB) LOS objects, 36% free, 28MB/44MB, paused 290us total 58.980ms
08-05 12:47:51.890  2955  2980 I art     : Starting a blocking GC Explicit
08-05 12:47:51.938  2955  2980 I art     : Explicit concurrent mark sweep GC freed 20(704B) AllocSpace objects, 0(0B) LOS objects, 36% free, 28MB/44MB, paused 286us total 47.635ms
08-05 12:47:51.954  2955  2980 I art     : Starting a blocking GC Explicit
08-05 12:47:52.000  2955  2980 I art     : Explicit concurrent mark sweep GC freed 3(96B) AllocSpace objects, 0(0B) LOS objects, 36% free, 28MB/44MB, paused 264us total 46.369ms
08-05 12:47:52.016  2955  2980 I art     : Starting a blocking GC Explicit
08-05 12:47:52.064  2955  2980 I art     : Explicit concurrent mark sweep GC freed 3(96B) AllocSpace objects, 0(0B) LOS objects, 36% free, 28MB/44MB, paused 253us total 47.595ms
08-05 12:47:52.064  2955  2976 I art     : WaitForGcToComplete blocked for 16.703ms for cause HeapTrim
08-05 12:47:52.079  2955  2980 I art     : Starting a blocking GC Explicit
08-05 12:47:52.123  2955  2980 I art     : Explicit concurrent mark sweep GC freed 3(96B) AllocSpace objects, 0(0B) LOS objects, 36% free, 28MB/44MB, paused 258us total 43.875ms
08-05 12:47:52.442  2955  3295 I art     : Starting a blocking GC Explicit
08-05 12:47:52.502  2955  3295 I art     : Explicit concurrent mark sweep GC freed 1343(80KB) AllocSpace objects, 1(20KB) LOS objects, 36% free, 28MB/44MB, paused 289us total 58.751ms
08-05 12:47:52.522  2955  3295 I art     : Starting a blocking GC Explicit
08-05 12:47:52.569  2955  3295 I art     : Explicit concurrent mark sweep GC freed 20(704B) AllocSpace objects, 0(0B) LOS objects, 36% free, 28MB/44MB, paused 262us total 47.440ms
08-05 12:47:52.585  2955  3295 I art     : Starting a blocking GC Explicit
08-05 12:47:52.633  2955  3295 I art     : Explicit concurrent mark sweep GC freed 3(96B) AllocSpace objects, 0(0B) LOS objects, 36% free, 28MB/44MB, paused 259us total 47.850ms
08-05 12:47:52.648  2955  3295 I art     : Starting a blocking GC Explicit
08-05 12:47:52.689  2955  3295 I art     : Explicit concurrent mark sweep GC freed 3(96B) AllocSpace objects, 0(0B) LOS objects, 36% free, 28MB/44MB, paused 242us total 40.980ms
08-05 12:47:52.705  2955  3295 I art     : Starting a blocking GC Explicit
08-05 12:47:52.753  2955  3295 I art     : Explicit concurrent mark sweep GC freed 3(96B) AllocSpace objects, 0(0B) LOS objects, 36% free, 28MB/44MB, paused 248us total 47.387ms
08-05 12:47:53.074  2955  2979 I art     : Starting a blocking GC Explicit
08-05 12:47:53.139  2955  2979 I art     : Explicit concurrent mark sweep GC freed 1343(80KB) AllocSpace objects, 1(20KB) LOS objects, 36% free, 28MB/44MB, paused 324us total 64.994ms
08-05 12:47:53.156  2955  2979 I art     : Starting a blocking GC Explicit
08-05 12:47:53.204  2955  2979 I art     : Explicit concurrent mark sweep GC freed 20(704B) AllocSpace objects, 0(0B) LOS objects, 36% free, 28MB/44MB, paused 261us total 47.814ms
08-05 12:47:53.220  2955  2979 I art     : Starting a blocking GC Explicit
08-05 12:47:53.268  2955  2979 I art     : Explicit concurrent mark sweep GC freed 3(96B) AllocSpace objects, 0(0B) LOS objects, 36% free, 28MB/44MB, paused 259us total 47.603ms
08-05 12:47:53.284  2955  2979 I art     : Starting a blocking GC Explicit
08-05 12:47:53.330  2955  2979 I art     : Explicit concurrent mark sweep GC freed 3(96B) AllocSpace objects, 0(0B) LOS objects, 36% free, 28MB/44MB, paused 248us total 46.432ms
08-05 12:47:53.346  2955  2979 I art     : Starting a blocking GC Explicit
08-05 12:47:53.392  2955  2979 I art     : Explicit concurrent mark sweep GC freed 3(96B) AllocSpace objects, 0(0B) LOS objects, 36% free, 28MB/44MB, paused 253us total 46.630ms
08-05 12:47:53.724  2955  3034 I art     : Starting a blocking GC Explicit
08-05 12:47:53.783  2955  3034 I art     : Explicit concurrent mark sweep GC freed 1345(80KB) AllocSpace objects, 1(20KB) LOS objects, 36% free, 28MB/44MB, paused 282us total 59.026ms
08-05 12:47:53.804  2955  3034 I art     : Starting a blocking GC Explicit
08-05 12:47:53.854  2955  3034 I art     : Explicit concurrent mark sweep GC freed 20(704B) AllocSpace objects, 0(0B) LOS objects, 36% free, 28MB/44MB, paused 263us total 49.929ms
08-05 12:47:53.870  2955  3034 I art     : Starting a blocking GC Explicit
08-05 12:47:53.914  2955  3034 I art     : Explicit concurrent mark sweep GC freed 3(96B) AllocSpace objects, 0(0B) LOS objects, 36% free, 28MB/44MB, paused 233us total 43.519ms
08-05 12:47:53.929  2955  3034 I art     : Starting a blocking GC Explicit
08-05 12:47:53.974  2955  3034 I art     : Explicit concurrent mark sweep GC freed 3(96B) AllocSpace objects, 0(0B) LOS objects, 36% free, 28MB/44MB, paused 250us total 44.466ms
08-05 12:47:53.989  2955  3034 I art     : Starting a blocking GC Explicit
08-05 12:47:54.032  2955  3034 I art     : Explicit concurrent mark sweep GC freed 3(96B) AllocSpace objects, 0(0B) LOS objects, 36% free, 28MB/44MB, paused 247us total 43.291ms
08-05 12:47:54.276   518   646 I ThermalEngine: ACTION: GPU - Setting GPU[0] to 600000000
08-05 12:47:54.285  4807  4807 D AndroidRuntime: >>>>>> START com.android.internal.os.RuntimeInit uid 2000 <<<<<<
08-05 12:47:54.290  4807  4807 D AndroidRuntime: CheckJNI is OFF
08-05 12:47:54.322  4807  4807 D ICU     : No timezone override file found: /data/misc/zoneinfo/current/icu/icu_tzdata.dat
08-05 12:47:54.350  4807  4807 I Radio-JNI: register_android_hardware_Radio DONE
08-05 12:47:54.356  2955  2980 I art     : Starting a blocking GC Explicit
08-05 12:47:54.367  4807  4807 D AndroidRuntime: Calling main entry com.android.commands.input.Input
08-05 12:47:54.368  4807  4807 I Input   : injectKeyEvent: KeyEvent { action=ACTION_DOWN, keyCode=KEYCODE_BACK, scanCode=0, metaState=0, flags=0x0, repeatCount=0, eventTime=794890782, downTime=794890782, deviceId=-1, source=0x101 }
08-05 12:47:54.374  4807  4807 I Input   : injectKeyEvent: KeyEvent { action=ACTION_UP, keyCode=KEYCODE_BACK, scanCode=0, metaState=0, flags=0x0, repeatCount=0, eventTime=794890782, downTime=794890782, deviceId=-1, source=0x101 }
08-05 12:47:54.379  4807  4807 D AndroidRuntime: Shutting down VM
08-05 12:47:54.394  2955  2980 I art     : Explicit concurrent mark sweep GC freed 1460(84KB) AllocSpace objects, 1(20KB) LOS objects, 36% free, 28MB/44MB, paused 207us total 38.133ms
08-05 12:47:54.406  2955  2980 I art     : Starting a blocking GC Explicit
08-05 12:47:54.418 13866 13866 I GoogleInputMethodServic: GoogleInputMethodService.onFinishInput():3138 
08-05 12:47:54.418 13866 13866 I GoogleInputMethodServic: GoogleInputMethodService.onStartInput():1808 
08-05 12:47:54.440  2955  2980 I art     : Explicit concurrent mark sweep GC freed 66(2800B) AllocSpace objects, 0(0B) LOS objects, 36% free, 28MB/44MB, paused 283us total 33.751ms
08-05 12:47:54.452  2955  2980 I art     : Starting a blocking GC Explicit
08-05 12:47:54.487  2955  2980 I art     : Explicit concurrent mark sweep GC freed 85(2768B) AllocSpace objects, 0(0B) LOS objects, 36% free, 28MB/44MB, paused 255us total 34.498ms
08-05 12:47:54.498  2955  2980 I art     : Starting a blocking GC Explicit
08-05 12:47:54.531  2955  2980 I art     : Explicit concurrent mark sweep GC freed 5(176B) AllocSpace objects, 0(0B) LOS objects, 36% free, 28MB/44MB, paused 181us total 32.574ms
08-05 12:47:54.543  2955  2980 I art     : Starting a blocking GC Explicit
08-05 12:47:54.579  2955  2980 I art     : Explicit concurrent mark sweep GC freed 3(96B) AllocSpace objects, 0(0B) LOS objects, 36% free, 28MB/44MB, paused 184us total 35.569ms
08-05 12:47:54.712   380   380 W SurfaceFlinger: couldn't log to binary event log: overflow.
08-05 12:47:54.816  2955  2980 I art     : Starting a blocking GC Explicit
08-05 12:47:54.859  2955  2980 I art     : Explicit concurrent mark sweep GC freed 1404(82KB) AllocSpace objects, 1(20KB) LOS objects, 36% free, 28MB/44MB, paused 228us total 42.633ms
08-05 12:47:54.876  2955  2980 I art     : Starting a blocking GC Explicit
08-05 12:47:54.902  2955  2980 I art     : Explicit concurrent mark sweep GC freed 46779(2MB) AllocSpace objects, 5(140KB) LOS objects, 38% free, 25MB/41MB, paused 186us total 26.049ms
08-05 12:47:54.912  2955  2980 I art     : Starting a blocking GC Explicit
08-05 12:47:54.936  2955  2980 I art     : Explicit concurrent mark sweep GC freed 3(96B) AllocSpace objects, 0(0B) LOS objects, 38% free, 25MB/41MB, paused 179us total 23.885ms
08-05 12:47:54.945  2955  2980 I art     : Starting a blocking GC Explicit
08-05 12:47:54.969  2955  2980 I art     : Explicit concurrent mark sweep GC freed 3(96B) AllocSpace objects, 0(0B) LOS objects, 38% free, 25MB/41MB, paused 190us total 23.837ms
08-05 12:47:54.980  2955  2980 I art     : Starting a blocking GC Explicit
08-05 12:47:55.008  2955  2980 I art     : Explicit concurrent mark sweep GC freed 3(96B) AllocSpace objects, 0(0B) LOS objects, 38% free, 25MB/41MB, paused 197us total 27.289ms
08-05 12:47:55.290  2955  3034 I art     : Starting a blocking GC Explicit
08-05 12:47:55.326  2955  3034 I art     : Explicit concurrent mark sweep GC freed 1343(80KB) AllocSpace objects, 1(20KB) LOS objects, 38% free, 25MB/41MB, paused 197us total 35.778ms
08-05 12:47:55.337  2955  3034 I art     : Starting a blocking GC Explicit
08-05 12:47:55.365  2955  3034 I art     : Explicit concurrent mark sweep GC freed 20(704B) AllocSpace objects, 0(0B) LOS objects, 38% free, 25MB/41MB, paused 186us total 27.886ms
08-05 12:47:55.376  2955  3034 I art     : Starting a blocking GC Explicit
08-05 12:47:55.403  2955  3034 I art     : Explicit concurrent mark sweep GC freed 3(96B) AllocSpace objects, 0(0B) LOS objects, 38% free, 25MB/41MB, paused 191us total 26.918ms
08-05 12:47:55.414  2955  3034 I art     : Starting a blocking GC Explicit
08-05 12:47:55.440  2955  3034 I art     : Explicit concurrent mark sweep GC freed 3(96B) AllocSpace objects, 0(0B) LOS objects, 38% free, 25MB/41MB, paused 191us total 26.565ms
08-05 12:47:55.451  2955  3034 I art     : Starting a blocking GC Explicit
08-05 12:47:55.477  2955  3034 I art     : Explicit concurrent mark sweep GC freed 3(96B) AllocSpace objects, 0(0B) LOS objects, 38% free, 25MB/41MB, paused 201us total 26.466ms
08-05 12:47:55.732  2955  2979 I art     : Starting a blocking GC Explicit
08-05 12:47:55.759  2955  2979 I art     : Explicit concurrent mark sweep GC freed 1343(80KB) AllocSpace objects, 1(20KB) LOS objects, 38% free, 25MB/41MB, paused 217us total 27.511ms
08-05 12:47:55.770  2955  2979 I art     : Starting a blocking GC Explicit
08-05 12:47:55.794  2955  2979 I art     : Explicit concurrent mark sweep GC freed 20(704B) AllocSpace objects, 0(0B) LOS objects, 38% free, 25MB/41MB, paused 180us total 23.645ms
08-05 12:47:55.803  2955  2979 I art     : Starting a blocking GC Explicit
08-05 12:47:55.828  2955  2979 I art     : Explicit concurrent mark sweep GC freed 3(96B) AllocSpace objects, 0(0B) LOS objects, 38% free, 25MB/41MB, paused 187us total 24.833ms
08-05 12:47:55.838  2955  2979 I art     : Starting a blocking GC Explicit
08-05 12:47:55.864  2955  2979 I art     : Explicit concurrent mark sweep GC freed 3(96B) AllocSpace objects, 0(0B) LOS objects, 38% free, 25MB/41MB, paused 188us total 25.614ms
08-05 12:47:55.875  2955  2979 I art     : Starting a blocking GC Explicit
08-05 12:47:55.900  2955  2979 I art     : Explicit concurrent mark sweep GC freed 3(96B) AllocSpace objects, 0(0B) LOS objects, 38% free, 25MB/41MB, paused 182us total 24.984ms
08-05 12:47:55.958  4853  4853 D AndroidRuntime: >>>>>> START com.android.internal.os.RuntimeInit uid 2000 <<<<<<
08-05 12:47:55.962  4853  4853 D AndroidRuntime: CheckJNI is OFF
08-05 12:47:55.993  4853  4853 D ICU     : No timezone override file found: /data/misc/zoneinfo/current/icu/icu_tzdata.dat
08-05 12:47:56.019  4853  4853 I Radio-JNI: register_android_hardware_Radio DONE
08-05 12:47:56.035  4853  4853 D AndroidRuntime: Calling main entry com.android.commands.input.Input
08-05 12:47:56.037  4853  4853 I Input   : injectKeyEvent: KeyEvent { action=ACTION_DOWN, keyCode=KEYCODE_BACK, scanCode=0, metaState=0, flags=0x0, repeatCount=0, eventTime=794892450, downTime=794892450, deviceId=-1, source=0x101 }
08-05 12:47:56.046  4853  4853 I Input   : injectKeyEvent: KeyEvent { action=ACTION_UP, keyCode=KEYCODE_BACK, scanCode=0, metaState=0, flags=0x0, repeatCount=0, eventTime=794892450, downTime=794892450, deviceId=-1, source=0x101 }
08-05 12:47:56.051  4853  4853 D AndroidRuntime: Shutting down VM
08-05 12:47:56.089 13866 13866 I GoogleInputMethodServic: GoogleInputMethodService.onFinishInput():3138 
08-05 12:47:56.090 13866 13866 I GoogleInputMethodServic: GoogleInputMethodService.onStartInput():1808 
08-05 12:47:56.135  2955  2980 I art     : Starting a blocking GC Explicit
08-05 12:47:56.160  2955  2980 I art     : Explicit concurrent mark sweep GC freed 1520(86KB) AllocSpace objects, 1(20KB) LOS objects, 38% free, 25MB/41MB, paused 221us total 25.693ms
08-05 12:47:56.171  2955  2980 I art     : Starting a blocking GC Explicit
08-05 12:47:56.195  2955  2980 I art     : Explicit concurrent mark sweep GC freed 24(864B) AllocSpace objects, 0(0B) LOS objects, 38% free, 25MB/41MB, paused 191us total 23.807ms
08-05 12:47:56.205  2955  2980 I art     : Starting a blocking GC Explicit
08-05 12:47:56.230  2955  2980 I art     : Explicit concurrent mark sweep GC freed 3(96B) AllocSpace objects, 0(0B) LOS objects, 38% free, 25MB/41MB, paused 186us total 25.154ms
08-05 12:47:56.242  2955  2980 I art     : Starting a blocking GC Explicit
08-05 12:47:56.273  2955  2980 I art     : Explicit concurrent mark sweep GC freed 3(96B) AllocSpace objects, 0(0B) LOS objects, 38% free, 25MB/41MB, paused 345us total 30.682ms
08-05 12:47:56.286  2955  2980 I art     : Starting a blocking GC Explicit
08-05 12:47:56.323  2955  2980 I art     : Explicit concurrent mark sweep GC freed 3(96B) AllocSpace objects, 0(0B) LOS objects, 38% free, 25MB/41MB, paused 252us total 36.248ms
08-05 12:47:56.573  2955  2979 I art     : Starting a blocking GC Explicit
08-05 12:47:56.608  2955  2979 I art     : Explicit concurrent mark sweep GC freed 1398(82KB) AllocSpace objects, 1(20KB) LOS objects, 38% free, 25MB/41MB, paused 280us total 35.165ms
08-05 12:47:56.624  2955  2979 I art     : Starting a blocking GC Explicit
08-05 12:47:56.652  2955  2979 I art     : Explicit concurrent mark sweep GC freed 150(7KB) AllocSpace objects, 0(0B) LOS objects, 38% free, 25MB/41MB, paused 211us total 27.688ms
08-05 12:47:56.662  2955  2979 I art     : Starting a blocking GC Explicit
08-05 12:47:56.690  2955  2979 I art     : Explicit concurrent mark sweep GC freed 3(96B) AllocSpace objects, 0(0B) LOS objects, 38% free, 25MB/41MB, paused 200us total 27.455ms
08-05 12:47:56.700  2955  2979 I art     : Starting a blocking GC Explicit
08-05 12:47:56.728  2955  2979 I art     : Explicit concurrent mark sweep GC freed 3(96B) AllocSpace objects, 0(0B) LOS objects, 38% free, 25MB/41MB, paused 198us total 27.629ms
08-05 12:47:56.739  2955  2979 I art     : Starting a blocking GC Explicit
08-05 12:47:56.767  2955  2979 I art     : Explicit concurrent mark sweep GC freed 3(96B) AllocSpace objects, 0(0B) LOS objects, 38% free, 25MB/41MB, paused 219us total 28.365ms
08-05 12:47:57.047  2955  3034 I art     : Starting a blocking GC Explicit
08-05 12:47:57.091  2955  3034 I art     : Explicit concurrent mark sweep GC freed 1343(80KB) AllocSpace objects, 1(20KB) LOS objects, 38% free, 25MB/41MB, paused 255us total 43.053ms
08-05 12:47:57.104  2955  3034 I art     : Starting a blocking GC Explicit
08-05 12:47:57.131  2955  3034 I art     : Explicit concurrent mark sweep GC freed 20(704B) AllocSpace objects, 0(0B) LOS objects, 38% free, 25MB/41MB, paused 202us total 27.234ms
08-05 12:47:57.131  2955  2976 I art     : WaitForGcToComplete blocked for 7.915ms for cause HeapTrim
08-05 12:47:57.142  2955  3034 I art     : Starting a blocking GC Explicit
08-05 12:47:57.169  2955  3034 I art     : Explicit concurrent mark sweep GC freed 3(96B) AllocSpace objects, 0(0B) LOS objects, 38% free, 25MB/41MB, paused 207us total 27.441ms
08-05 12:47:57.180  2955  3034 I art     : Starting a blocking GC Explicit
08-05 12:47:57.208  2955  3034 I art     : Explicit concurrent mark sweep GC freed 3(96B) AllocSpace objects, 0(0B) LOS objects, 38% free, 25MB/41MB, paused 212us total 27.484ms
08-05 12:47:57.218  2955  3034 I art     : Starting a blocking GC Explicit
08-05 12:47:57.245  2955  3034 I art     : Explicit concurrent mark sweep GC freed 3(96B) AllocSpace objects, 0(0B) LOS objects, 38% free, 25MB/41MB, paused 188us total 26.632ms
08-05 12:47:57.283   518   646 I ThermalEngine: ACTION: GPU - Setting GPU[0] to 510000000
08-05 12:47:57.372  5179  5194 D QcrilMsgTunnelSocket: readRilMessage: Buffer = [B@671e81d HexData = [010000000404000011000000514f454d484f4f4bef0308000100000003]
08-05 12:47:57.372  5179  5194 D QcrilMsgTunnelSocket: Rcvd UNSOL response with 28 bytes data for SUB0
08-05 12:47:57.372  5179  5194 D QcrilMsgTunnelSocket: Response ID 525295 is not served in this process.
08-05 12:47:57.372  5179  5194 D QcrilMsgTunnelSocket: To broadcast an Intent via the notifier to external apps
08-05 12:47:57.374  5179  5179 D QcrilMsgTunnelIfaceManager: handleMessage what = 0
08-05 12:47:57.374  5179  5179 D QcrilMsgTunnelIfaceManager: Broadcasting intent ACTION_UNSOL_RESPONSE_OEM_HOOK_RAW
08-05 12:47:57.379  5164  5164 D QC_RIL_OEM_HOOK: Received Broadcast Intent ACTION_UNSOL_RESPONSE_OEM_HOOK_RAW
08-05 12:47:57.379  5164  5164 D QC_RIL_OEM_HOOK: Oem ID in QCRILHOOK UNSOL RESP is QOEMHOOK
08-05 12:47:57.501  2955  3295 I art     : Starting a blocking GC Explicit
08-05 12:47:57.535  2955  3295 I art     : Explicit concurrent mark sweep GC freed 1343(80KB) AllocSpace objects, 1(20KB) LOS objects, 38% free, 25MB/41MB, paused 276us total 33.663ms
08-05 12:47:57.548  2955  3295 I art     : Starting a blocking GC Explicit
08-05 12:47:57.581  2955  3295 I art     : Explicit concurrent mark sweep GC freed 20(704B) AllocSpace objects, 0(0B) LOS objects, 38% free, 25MB/41MB, paused 277us total 32.958ms
08-05 12:47:57.595  2955  3295 I art     : Starting a blocking GC Explicit
08-05 12:47:57.627  2955  3295 I art     : Explicit concurrent mark sweep GC freed 3(96B) AllocSpace objects, 0(0B) LOS objects, 38% free, 25MB/41MB, paused 269us total 31.704ms
08-05 12:47:57.640  2955  3295 I art     : Starting a blocking GC Explicit
08-05 12:47:57.673  2955  3295 I art     : Explicit concurrent mark sweep GC freed 3(96B) AllocSpace objects, 0(0B) LOS objects, 38% free, 25MB/41MB, paused 271us total 32.456ms
08-05 12:47:57.686  2955  3295 I art     : Starting a blocking GC Explicit
08-05 12:47:57.709  4907  4907 D AndroidRuntime: >>>>>> START com.android.internal.os.RuntimeInit uid 2000 <<<<<<
08-05 12:47:57.714  4907  4907 D AndroidRuntime: CheckJNI is OFF
08-05 12:47:57.719  2955  3295 I art     : Explicit concurrent mark sweep GC freed 3(96B) AllocSpace objects, 0(0B) LOS objects, 38% free, 25MB/41MB, paused 282us total 32.091ms
08-05 12:47:57.749  4907  4907 D ICU     : No timezone override file found: /data/misc/zoneinfo/current/icu/icu_tzdata.dat
08-05 12:47:57.782  4907  4907 I Radio-JNI: register_android_hardware_Radio DONE
08-05 12:47:57.804  4907  4907 D AndroidRuntime: Calling main entry com.android.commands.input.Input
08-05 12:47:57.806  4907  4907 I Input   : injectMotionEvent: MotionEvent { action=ACTION_DOWN, actionButton=0, id[0]=0, x[0]=600.0, y[0]=1000.0, toolType[0]=TOOL_TYPE_UNKNOWN, buttonState=0, metaState=0, flags=0x0, edgeFlags=0x0, pointerCount=1, historySize=0, eventTime=794894219, downTime=794894219, deviceId=0, source=0x1002 }
08-05 12:47:57.812  4907  4907 I Input   : injectMotionEvent: MotionEvent { action=ACTION_UP, actionButton=0, id[0]=0, x[0]=600.0, y[0]=1000.0, toolType[0]=TOOL_TYPE_UNKNOWN, buttonState=0, metaState=0, flags=0x0, edgeFlags=0x0, pointerCount=1, historySize=0, eventTime=794894219, downTime=794894219, deviceId=0, source=0x1002 }
08-05 12:47:57.813  4907  4907 D AndroidRuntime: Shutting down VM
08-05 12:47:57.819   918   928 I ActivityManager: START u0 {dat=https://oauth.reddit.com/... cmp=baseline.org.quantumbadger.redreader/.activities.PostListingActivity} from uid 10689 on display 0
08-05 12:47:57.820   512  2967 D audio_hw_primary: out_set_parameters: enter: usecase(1: low-latency-playback) kvpairs: routing=2
08-05 12:47:57.833   512  2967 D audio_hw_primary: select_devices: out_snd_device(2: speaker) in_snd_device(0: none)
08-05 12:47:57.834   512  2967 D msm8974_platform: platform_send_audio_calibration: sending audio calibration for snd_device(2) acdb_id(15)
08-05 12:47:57.834   512  2967 I soundtrigger: audio_extn_sound_trigger_update_device_status: device 0x2 of type 0 for Event 1
08-05 12:47:57.845  2955  2955 I AppCompatViewInflater: app:theme is now deprecated. Please move to using android:theme instead.
08-05 12:47:57.847   512  2967 D audio_hw_primary: enable_snd_device: snd_device(2: speaker)
08-05 12:47:57.850   512  2967 D audio_hw_primary: enable_audio_route: apply and update mixer path: low-latency-playback speaker
08-05 12:47:57.865  2955  4942 D OK      : calling: https://oauth.reddit.com/r/announcements/about.json
08-05 12:47:57.924   918   936 I ActivityManager: Displayed baseline.org.quantumbadger.redreader/.activities.PostListingActivity: +91ms
08-05 12:47:57.924 13866 13866 I GoogleInputMethodServic: GoogleInputMethodService.onFinishInput():3138 
08-05 12:47:57.925 13866 13866 I GoogleInputMethodServic: GoogleInputMethodService.onStartInput():1808 
08-05 12:47:57.963  2955  2980 I art     : Starting a blocking GC Explicit
08-05 12:47:57.995  2955  2980 I art     : Explicit concurrent mark sweep GC freed 2973(185KB) AllocSpace objects, 1(20KB) LOS objects, 38% free, 25MB/41MB, paused 283us total 32.067ms
08-05 12:47:58.008  2955  2980 I art     : Starting a blocking GC Explicit
08-05 12:47:58.042  2955  2980 I art     : Explicit concurrent mark sweep GC freed 494(26KB) AllocSpace objects, 0(0B) LOS objects, 38% free, 25MB/41MB, paused 314us total 33.806ms
08-05 12:47:58.055  2955  2980 I art     : Starting a blocking GC Explicit
08-05 12:47:58.095  2955  2980 I art     : Explicit concurrent mark sweep GC freed 1907(74KB) AllocSpace objects, 0(0B) LOS objects, 38% free, 25MB/41MB, paused 424us total 38.967ms
08-05 12:47:58.109  2955  2980 I art     : Starting a blocking GC Explicit
08-05 12:47:58.147  2955  2980 I art     : Explicit concurrent mark sweep GC freed 105(3KB) AllocSpace objects, 0(0B) LOS objects, 38% free, 25MB/41MB, paused 346us total 37.725ms
08-05 12:47:58.161  2955  2980 I art     : Starting a blocking GC Explicit
08-05 12:47:58.184   380   380 W SurfaceFlinger: couldn't log to binary event log: overflow.
08-05 12:47:58.198  2955  2980 I art     : Explicit concurrent mark sweep GC freed 13(480B) AllocSpace objects, 0(0B) LOS objects, 38% free, 25MB/41MB, paused 347us total 36.558ms
08-05 12:47:58.225  2955  4942 I NAPPA_EXPERIMENTATION: MetricNetworkRequestExecutionTime: REQUEST_DURATION_SYSTEM='359',REQUEST_DURATION_OKHTTP='150',REQUEST_SYNCHRONOUS='TRUE',RESPONSE_CODE='200',RESPONSE_METHOD='GET',RESPONSE_LENGTH_OKHTTP='-1',RESPONSE_LENGTH_HEADER='1564',REQUEST_PROTOCOL='h2',REQUEST_URL='https://oauth.reddit.com/r/announcements/about.json',
08-05 12:47:58.226  2955  4942 D OK      : request got status: 200
08-05 12:47:58.389   512  2967 D audio_hw_primary: disable_audio_route: reset and update mixer path: low-latency-playback speaker
08-05 12:47:58.391   512  2967 D audio_hw_primary: disable_snd_device: snd_device(2: speaker)
08-05 12:47:58.398   512  2967 I soundtrigger: audio_extn_sound_trigger_update_device_status: device 0x2 of type 0 for Event 0
08-05 12:47:58.479  2955  3034 I art     : Starting a blocking GC Explicit
08-05 12:47:58.515  2955  3034 I art     : Explicit concurrent mark sweep GC freed 3049(241KB) AllocSpace objects, 3(156KB) LOS objects, 38% free, 25MB/41MB, paused 299us total 36.303ms
08-05 12:47:58.530  2955  3034 I art     : Starting a blocking GC Explicit
08-05 12:47:58.564  2955  3034 I art     : Explicit concurrent mark sweep GC freed 236(12KB) AllocSpace objects, 0(0B) LOS objects, 38% free, 25MB/41MB, paused 270us total 34.031ms
08-05 12:47:58.578  2955  3034 I art     : Starting a blocking GC Explicit
08-05 12:47:58.613  2955  3034 I art     : Explicit concurrent mark sweep GC freed 3(96B) AllocSpace objects, 0(0B) LOS objects, 38% free, 25MB/41MB, paused 293us total 34.818ms
08-05 12:47:58.626  2955  3034 I art     : Starting a blocking GC Explicit
08-05 12:47:58.659  2955  3034 I art     : Explicit concurrent mark sweep GC freed 3(96B) AllocSpace objects, 0(0B) LOS objects, 38% free, 25MB/41MB, paused 294us total 33.133ms
08-05 12:47:58.673  2955  3034 I art     : Starting a blocking GC Explicit
08-05 12:47:58.707  2955  3034 I art     : Explicit concurrent mark sweep GC freed 27(1120B) AllocSpace objects, 0(0B) LOS objects, 38% free, 25MB/41MB, paused 310us total 33.819ms
08-05 12:47:58.992  2955  3034 I art     : Starting a blocking GC Explicit
08-05 12:47:59.027  2955  3034 I art     : Explicit concurrent mark sweep GC freed 1343(82KB) AllocSpace objects, 1(20KB) LOS objects, 38% free, 25MB/41MB, paused 378us total 34.894ms
08-05 12:47:59.041  2955  3034 I art     : Starting a blocking GC Explicit
08-05 12:47:59.065  2955  4974 D OK      : calling: https://oauth.reddit.com/r/announcements/hot/.json
08-05 12:47:59.075  2955  3034 I art     : Explicit concurrent mark sweep GC freed 111(4KB) AllocSpace objects, 0(0B) LOS objects, 38% free, 25MB/41MB, paused 388us total 34.095ms
08-05 12:47:59.089  2955  3034 I art     : Starting a blocking GC Explicit
08-05 12:47:59.122  2955  3034 I art     : Explicit concurrent mark sweep GC freed 10(384B) AllocSpace objects, 0(0B) LOS objects, 38% free, 25MB/41MB, paused 294us total 33.174ms
08-05 12:47:59.135  2955  3034 I art     : Starting a blocking GC Explicit
08-05 12:47:59.169  2955  3034 I art     : Explicit concurrent mark sweep GC freed 3(96B) AllocSpace objects, 0(0B) LOS objects, 38% free, 25MB/41MB, paused 293us total 33.037ms
08-05 12:47:59.182  2955  3034 I art     : Starting a blocking GC Explicit
08-05 12:47:59.215  2955  3034 I art     : Explicit concurrent mark sweep GC freed 3(96B) AllocSpace objects, 0(0B) LOS objects, 38% free, 25MB/41MB, paused 324us total 32.956ms
08-05 12:47:59.239  2955  4974 I NAPPA_EXPERIMENTATION: MetricNetworkRequestExecutionTime: REQUEST_DURATION_SYSTEM='174',REQUEST_DURATION_OKHTTP='170',REQUEST_SYNCHRONOUS='TRUE',RESPONSE_CODE='200',RESPONSE_METHOD='GET',RESPONSE_LENGTH_OKHTTP='-1',RESPONSE_LENGTH_HEADER='142016',REQUEST_PROTOCOL='h2',REQUEST_URL='https://oauth.reddit.com/r/announcements/hot/.json',
08-05 12:47:59.239  2955  4974 D OK      : request got status: 200
08-05 12:47:59.259  2955  3577 I PostListingFragment: Precaching images: OFF
08-05 12:47:59.259  2955  3577 I PostListingFragment: Precaching comments: OFF
08-05 12:47:59.432  2955  4986 D OK      : calling: https://b.thumbs.redditmedia.com/RROcLjDSUc0QV1UeQ1txXdyl1C_7233mmsMgtYXxQzo.jpg
08-05 12:47:59.469  2955  4987 D OK      : calling: https://a.thumbs.redditmedia.com/N-frnMqRYp_XiaGds7kPbHf82a876RNKSQ1iw0LzHR0.jpg
08-05 12:47:59.482  2955  4988 D OK      : calling: https://b.thumbs.redditmedia.com/KH2o_q4MXufUdRChsfwLtl6gnEnT8MJtZn3Tyj5ZmBU.jpg
08-05 12:47:59.493  2955  2979 I art     : Starting a blocking GC Explicit
08-05 12:47:59.529  2955  4989 D OK      : calling: https://b.thumbs.redditmedia.com/MGaOJeZl7UsmdtroJopYU_36HUNvQ9LUV5WFH_FJ2vI.jpg
08-05 12:47:59.542  2955  2979 I art     : Explicit concurrent mark sweep GC freed 11513(649KB) AllocSpace objects, 6(116KB) LOS objects, 35% free, 28MB/44MB, paused 742us total 48.972ms
08-05 12:47:59.556  2955  2979 I art     : Starting a blocking GC Explicit
08-05 12:47:59.582  2955  4990 D OK      : calling: https://a.thumbs.redditmedia.com/-D0hxchgus9EyzvGqvnabK_3Obl93tMfG9G58V1QwW8.jpg
08-05 12:47:59.602  2955  2979 I art     : Explicit concurrent mark sweep GC freed 5914(297KB) AllocSpace objects, 1(24KB) LOS objects, 35% free, 28MB/44MB, paused 1.094ms total 45.322ms
08-05 12:47:59.604  2955  4991 D OK      : calling: https://b.thumbs.redditmedia.com/zCaV9kuSMZxmMvdmErGyUsYNdPrmX8LP9_Ee4QTT16g.jpg
08-05 12:47:59.613  2955  4992 D OK      : calling: https://b.thumbs.redditmedia.com/4EGkxZNzrzt-RCtd035cWyO0BipdbDVuPwi4W2v4TyM.jpg
08-05 12:47:59.617  2955  2979 I art     : Starting a blocking GC Explicit
08-05 12:47:59.649  2955  4993 D OK      : calling: https://a.thumbs.redditmedia.com/aVhMBmGX07uX0KhK0rKdhMvQ4UsOJIHN4KeTaa36EF4.jpg
08-05 12:47:59.662  2955  2979 I art     : Explicit concurrent mark sweep GC freed 10110(426KB) AllocSpace objects, 1(68KB) LOS objects, 35% free, 29MB/45MB, paused 848us total 44.557ms
08-05 12:47:59.679  2955  2979 I art     : Starting a blocking GC Explicit
08-05 12:47:59.715  2955  2979 I art     : Explicit concurrent mark sweep GC freed 63313(3MB) AllocSpace objects, 10(256KB) LOS objects, 38% free, 25MB/41MB, paused 773us total 35.610ms
08-05 12:47:59.727  2955  2979 I art     : Starting a blocking GC Explicit
08-05 12:47:59.764  2955  2979 I art     : Explicit concurrent mark sweep GC freed 8551(348KB) AllocSpace objects, 0(0B) LOS objects, 37% free, 26MB/42MB, paused 1.092ms total 35.840ms
08-05 12:47:59.785  2955  2955 W RecyclerView: Cannot call this method in a scroll callback. Scroll callbacks mightbe run during a measure & layout pass where you cannot change theRecyclerView data. Any method call that might change the structureof the RecyclerView or the adapter contents should be postponed tothe next frame.
08-05 12:47:59.785  2955  2955 W RecyclerView: java.lang.IllegalStateException:  androidx.recyclerview.widget.RecyclerView{93cf3b VFED..... .F....ID 0,0-1440,2140 #7f0900ef app:id/scrollbar_recyclerview_recyclerview}, adapter:baseline.org.quantumbadger.redreader.adapters.GroupedRecyclerViewAdapter@ab56658, layout:androidx.recyclerview.widget.LinearLayoutManager@47b93b1, context:baseline.org.quantumbadger.redreader.activities.PostListingActivity@a3c6dea
08-05 12:47:59.785  2955  2955 W RecyclerView: 	at androidx.recyclerview.widget.RecyclerView.assertNotInLayoutOrScroll(RecyclerView.java:3061)
08-05 12:47:59.785  2955  2955 W RecyclerView: 	at androidx.recyclerview.widget.RecyclerView$RecyclerViewDataObserver.onItemRangeInserted(RecyclerView.java:5555)
08-05 12:47:59.785  2955  2955 W RecyclerView: 	at androidx.recyclerview.widget.RecyclerView$AdapterDataObservable.notifyItemRangeInserted(RecyclerView.java:12278)
08-05 12:47:59.785  2955  2955 W RecyclerView: 	at androidx.recyclerview.widget.RecyclerView$Adapter.notifyItemInserted(RecyclerView.java:7464)
08-05 12:47:59.785  2955  2955 W RecyclerView: 	at baseline.org.quantumbadger.redreader.adapters.GroupedRecyclerViewAdapter.updateHiddenStatus(GroupedRecyclerViewAdapter.java:279)
08-05 12:47:59.785  2955  2955 W RecyclerView: 	at baseline.org.quantumbadger.redreader.adapters.RedditListingManager.setLoadingVisible(RedditListingManager.java:125)
08-05 12:47:59.785  2955  2955 W RecyclerView: 	at baseline.org.quantumbadger.redreader.fragments.PostListingFragment.onLoadMoreItemsCheck(PostListingFragment.java:465)
08-05 12:47:59.785  2955  2955 W RecyclerView: 	at baseline.org.quantumbadger.redreader.fragments.PostListingFragment.access$000(PostListingFragment.java:98)
08-05 12:47:59.785  2955  2955 W RecyclerView: 	at baseline.org.quantumbadger.redreader.fragments.PostListingFragment$2.onScrolled(PostListingFragment.java:215)
08-05 12:47:59.785  2955  2955 W RecyclerView: 	at androidx.recyclerview.widget.RecyclerView.dispatchOnScrolled(RecyclerView.java:5173)
08-05 12:47:59.785  2955  2955 W RecyclerView: 	at androidx.recyclerview.widget.RecyclerView.dispatchLayoutStep3(RecyclerView.java:4231)
08-05 12:47:59.785  2955  2955 W RecyclerView: 	at androidx.recyclerview.widget.RecyclerView.dispatchLayout(RecyclerView.java:3862)
08-05 12:47:59.785  2955  2955 W RecyclerView: 	at androidx.recyclerview.widget.RecyclerView.consumePendingUpdateOperations(RecyclerView.java:1897)
08-05 12:47:59.785  2955  2955 W RecyclerView: 	at androidx.recyclerview.widget.RecyclerView$1.run(RecyclerView.java:414)
08-05 12:47:59.785  2955  2955 W RecyclerView: 	at android.view.Choreographer$CallbackRecord.run(Choreographer.java:858)
08-05 12:47:59.785  2955  2955 W RecyclerView: 	at android.view.Choreographer.doCallbacks(Choreographer.java:670)
08-05 12:47:59.785  2955  2955 W RecyclerView: 	at android.view.Choreographer.doFrame(Choreographer.java:603)
08-05 12:47:59.785  2955  2955 W RecyclerView: 	at android.view.Choreographer$FrameDisplayEventReceiver.run(Choreographer.java:844)
08-05 12:47:59.785  2955  2955 W RecyclerView: 	at android.os.Handler.handleCallback(Handler.java:739)
08-05 12:47:59.785  2955  2955 W RecyclerView: 	at android.os.Handler.dispatchMessage(Handler.java:95)
08-05 12:47:59.785  2955  2955 W RecyclerView: 	at android.os.Looper.loop(Looper.java:148)
08-05 12:47:59.785  2955  2955 W RecyclerView: 	at android.app.ActivityThread.main(ActivityThread.java:5417)
08-05 12:47:59.785  2955  2955 W RecyclerView: 	at java.lang.reflect.Method.invoke(Native Method)
08-05 12:47:59.785  2955  2955 W RecyclerView: 	at com.android.internal.os.ZygoteInit$MethodAndArgsCaller.run(ZygoteInit.java:726)
08-05 12:47:59.785  2955  2955 W RecyclerView: 	at com.android.internal.os.ZygoteInit.main(ZygoteInit.java:616)
08-05 12:47:59.878  2955  4987 I NAPPA_EXPERIMENTATION: MetricNetworkRequestExecutionTime: REQUEST_DURATION_SYSTEM='408',REQUEST_DURATION_OKHTTP='209',REQUEST_SYNCHRONOUS='TRUE',RESPONSE_CODE='200',RESPONSE_METHOD='GET',RESPONSE_LENGTH_OKHTTP='3750',RESPONSE_LENGTH_HEADER='3750',REQUEST_PROTOCOL='h2',REQUEST_URL='https://a.thumbs.redditmedia.com/N-frnMqRYp_XiaGds7kPbHf82a876RNKSQ1iw0LzHR0.jpg',
08-05 12:47:59.878  2955  4987 D OK      : request got status: 200
08-05 12:47:59.894  2955  4989 I NAPPA_EXPERIMENTATION: MetricNetworkRequestExecutionTime: REQUEST_DURATION_SYSTEM='364',REQUEST_DURATION_OKHTTP='216',REQUEST_SYNCHRONOUS='TRUE',RESPONSE_CODE='200',RESPONSE_METHOD='GET',RESPONSE_LENGTH_OKHTTP='4804',RESPONSE_LENGTH_HEADER='4804',REQUEST_PROTOCOL='h2',REQUEST_URL='https://b.thumbs.redditmedia.com/MGaOJeZl7UsmdtroJopYU_36HUNvQ9LUV5WFH_FJ2vI.jpg',
08-05 12:47:59.894  2955  4989 D OK      : request got status: 200
08-05 12:47:59.942  2955  4988 I NAPPA_EXPERIMENTATION: MetricNetworkRequestExecutionTime: REQUEST_DURATION_SYSTEM='460',REQUEST_DURATION_OKHTTP='264',REQUEST_SYNCHRONOUS='TRUE',RESPONSE_CODE='200',RESPONSE_METHOD='GET',RESPONSE_LENGTH_OKHTTP='2613',RESPONSE_LENGTH_HEADER='2613',REQUEST_PROTOCOL='h2',REQUEST_URL='https://b.thumbs.redditmedia.com/KH2o_q4MXufUdRChsfwLtl6gnEnT8MJtZn3Tyj5ZmBU.jpg',
08-05 12:47:59.942  2955  4988 D OK      : request got status: 200
08-05 12:47:59.943  2955  4986 I NAPPA_EXPERIMENTATION: MetricNetworkRequestExecutionTime: REQUEST_DURATION_SYSTEM='509',REQUEST_DURATION_OKHTTP='267',REQUEST_SYNCHRONOUS='TRUE',RESPONSE_CODE='200',RESPONSE_METHOD='GET',RESPONSE_LENGTH_OKHTTP='2558',RESPONSE_LENGTH_HEADER='2558',REQUEST_PROTOCOL='h2',REQUEST_URL='https://b.thumbs.redditmedia.com/RROcLjDSUc0QV1UeQ1txXdyl1C_7233mmsMgtYXxQzo.jpg',
08-05 12:47:59.943  2955  4986 D OK      : request got status: 200
08-05 12:47:59.977  2955  4990 I NAPPA_EXPERIMENTATION: MetricNetworkRequestExecutionTime: REQUEST_DURATION_SYSTEM='395',REQUEST_DURATION_OKHTTP='209',REQUEST_SYNCHRONOUS='TRUE',RESPONSE_CODE='200',RESPONSE_METHOD='GET',RESPONSE_LENGTH_OKHTTP='4818',RESPONSE_LENGTH_HEADER='4818',REQUEST_PROTOCOL='h2',REQUEST_URL='https://a.thumbs.redditmedia.com/-D0hxchgus9EyzvGqvnabK_3Obl93tMfG9G58V1QwW8.jpg',
08-05 12:47:59.977  2955  4990 D OK      : request got status: 200
08-05 12:47:59.991  2955  4992 I NAPPA_EXPERIMENTATION: MetricNetworkRequestExecutionTime: REQUEST_DURATION_SYSTEM='378',REQUEST_DURATION_OKHTTP='234',REQUEST_SYNCHRONOUS='TRUE',RESPONSE_CODE='200',RESPONSE_METHOD='GET',RESPONSE_LENGTH_OKHTTP='4987',RESPONSE_LENGTH_HEADER='4987',REQUEST_PROTOCOL='h2',REQUEST_URL='https://b.thumbs.redditmedia.com/4EGkxZNzrzt-RCtd035cWyO0BipdbDVuPwi4W2v4TyM.jpg',
08-05 12:47:59.992  2955  4992 D OK      : request got status: 200
08-05 12:47:59.997  2955  4991 I NAPPA_EXPERIMENTATION: MetricNetworkRequestExecutionTime: REQUEST_DURATION_SYSTEM='393',REQUEST_DURATION_OKHTTP='235',REQUEST_SYNCHRONOUS='TRUE',RESPONSE_CODE='200',RESPONSE_METHOD='GET',RESPONSE_LENGTH_OKHTTP='6132',RESPONSE_LENGTH_HEADER='6132',REQUEST_PROTOCOL='h2',REQUEST_URL='https://b.thumbs.redditmedia.com/zCaV9kuSMZxmMvdmErGyUsYNdPrmX8LP9_Ee4QTT16g.jpg',
08-05 12:47:59.998  2955  4991 D OK      : request got status: 200
08-05 12:48:00.012  2955  4993 I NAPPA_EXPERIMENTATION: MetricNetworkRequestExecutionTime: REQUEST_DURATION_SYSTEM='363',REQUEST_DURATION_OKHTTP='244',REQUEST_SYNCHRONOUS='TRUE',RESPONSE_CODE='200',RESPONSE_METHOD='GET',RESPONSE_LENGTH_OKHTTP='6940',RESPONSE_LENGTH_HEADER='6940',REQUEST_PROTOCOL='h2',REQUEST_URL='https://a.thumbs.redditmedia.com/aVhMBmGX07uX0KhK0rKdhMvQ4UsOJIHN4KeTaa36EF4.jpg',
08-05 12:48:00.012  2955  4993 D OK      : request got status: 200
08-05 12:48:00.017  2955  4991 W System.err: okhttp3.internal.http2.StreamResetException: stream was reset: CANCEL
08-05 12:48:00.028  2955  4991 W System.err: 	at okhttp3.internal.http2.Http2Stream$FramingSource.read(Http2Stream.java:384)
08-05 12:48:00.028  2955  4991 W System.err: 	at okhttp3.internal.connection.Exchange$ResponseBodySource.read(Exchange.java:286)
08-05 12:48:00.028  2955  4991 W System.err: 	at okio.RealBufferedSource$1.read(RealBufferedSource.java:447)
08-05 12:48:00.028  2955  4991 W System.err: 	at java.io.InputStream.read(InputStream.java:162)
08-05 12:48:00.028  2955  4991 W System.err: 	at baseline.org.quantumbadger.redreader.cache.CacheDownload$2.onSuccess(CacheDownload.java:239)
08-05 12:48:00.028  2955  4991 W System.err: 	at baseline.org.quantumbadger.redreader.http.okhttp.OKHTTPBackend$2.executeInThisThread(OKHTTPBackend.java:189)
08-05 12:48:00.028  2955  4991 W System.err: 	at baseline.org.quantumbadger.redreader.cache.CacheDownload.performDownload(CacheDownload.java:140)
08-05 12:48:00.028  2955  4991 W System.err: 	at baseline.org.quantumbadger.redreader.cache.CacheDownload.doDownload(CacheDownload.java:87)
08-05 12:48:00.028  2955  4991 W System.err: 	at baseline.org.quantumbadger.redreader.cache.CacheDownloadThread.run(CacheDownloadThread.java:36)
08-05 12:48:00.050  2955  2980 I art     : Starting a blocking GC Explicit
08-05 12:48:00.083  2955  2980 I art     : Explicit concurrent mark sweep GC freed 6259(690KB) AllocSpace objects, 30(1820KB) LOS objects, 36% free, 27MB/43MB, paused 413us total 32.810ms
08-05 12:48:00.097  2955  2980 I art     : Starting a blocking GC Explicit
08-05 12:48:00.129  2955  2980 I art     : Explicit concurrent mark sweep GC freed 1125(97KB) AllocSpace objects, 10(772KB) LOS objects, 36% free, 27MB/43MB, paused 253us total 30.988ms
08-05 12:48:00.142  2955  2980 I art     : Starting a blocking GC Explicit
08-05 12:48:00.174  2955  2980 I art     : Explicit concurrent mark sweep GC freed 167(7KB) AllocSpace objects, 1(68KB) LOS objects, 36% free, 27MB/43MB, paused 273us total 32.064ms
08-05 12:48:00.188  2955  2980 I art     : Starting a blocking GC Explicit
08-05 12:48:00.224  2955  2980 I art     : Explicit concurrent mark sweep GC freed 6(192B) AllocSpace objects, 0(0B) LOS objects, 36% free, 27MB/43MB, paused 288us total 35.101ms
08-05 12:48:00.237  2955  2980 I art     : Starting a blocking GC Explicit
08-05 12:48:00.265  2955  5014 D OK      : calling: https://oauth.reddit.com/r/announcements/hot/.json?after=t3_9jf8nh
08-05 12:48:00.273  2955  2980 I art     : Explicit concurrent mark sweep GC freed 85(3KB) AllocSpace objects, 0(0B) LOS objects, 36% free, 27MB/43MB, paused 359us total 35.929ms
08-05 12:48:00.539  2416  2416 I ServiceManager: Waiting for service AtCmdFwd...
08-05 12:48:00.582  2955  3034 I art     : Starting a blocking GC Explicit
08-05 12:48:00.591  2955  5014 I NAPPA_EXPERIMENTATION: MetricNetworkRequestExecutionTime: REQUEST_DURATION_SYSTEM='326',REQUEST_DURATION_OKHTTP='149',REQUEST_SYNCHRONOUS='TRUE',RESPONSE_CODE='200',RESPONSE_METHOD='GET',RESPONSE_LENGTH_OKHTTP='-1',RESPONSE_LENGTH_HEADER='65685',REQUEST_PROTOCOL='h2',REQUEST_URL='https://oauth.reddit.com/r/announcements/hot/.json?after=t3_9jf8nh',
08-05 12:48:00.592  2955  5014 D OK      : request got status: 200
08-05 12:48:00.601  2955  3577 I PostListingFragment: Precaching images: OFF
08-05 12:48:00.601  2955  3577 I PostListingFragment: Precaching comments: OFF
08-05 12:48:00.626  2955  3034 I art     : Explicit concurrent mark sweep GC freed 5078(405KB) AllocSpace objects, 1(20KB) LOS objects, 36% free, 27MB/43MB, paused 628us total 42.525ms
08-05 12:48:00.630  2955  5027 D OK      : calling: https://a.thumbs.redditmedia.com/8P7BG-empihRDWkNYE_LZ8tekikmQtEiymWkwv7obo0.jpg
08-05 12:48:00.640  2955  3034 I art     : Starting a blocking GC Explicit
08-05 12:48:00.662  2955  5028 D OK      : calling: https://b.thumbs.redditmedia.com/PCxvz6Ma5pyTglQOwhW4LZZOY0qIwyWW5pD83dYmMgc.jpg
08-05 12:48:00.680  2955  3034 I art     : Explicit concurrent mark sweep GC freed 4305(181KB) AllocSpace objects, 1(16KB) LOS objects, 35% free, 28MB/44MB, paused 743us total 39.655ms
08-05 12:48:00.694  2955  3034 I art     : Starting a blocking GC Explicit
08-05 12:48:00.734  2955  3034 I art     : Explicit concurrent mark sweep GC freed 4044(168KB) AllocSpace objects, 1(16KB) LOS objects, 35% free, 28MB/44MB, paused 556us total 40.456ms
08-05 12:48:00.748  2955  3034 I art     : Starting a blocking GC Explicit
08-05 12:48:00.783  2955  5027 I NAPPA_EXPERIMENTATION: MetricNetworkRequestExecutionTime: REQUEST_DURATION_SYSTEM='153',REQUEST_DURATION_OKHTTP='152',REQUEST_SYNCHRONOUS='TRUE',RESPONSE_CODE='200',RESPONSE_METHOD='GET',RESPONSE_LENGTH_OKHTTP='3039',RESPONSE_LENGTH_HEADER='3039',REQUEST_PROTOCOL='h2',REQUEST_URL='https://a.thumbs.redditmedia.com/8P7BG-empihRDWkNYE_LZ8tekikmQtEiymWkwv7obo0.jpg',
08-05 12:48:00.783  2955  5027 D OK      : request got status: 200
08-05 12:48:00.789  2955  3034 I art     : Explicit concurrent mark sweep GC freed 6028(291KB) AllocSpace objects, 3(160KB) LOS objects, 35% free, 28MB/44MB, paused 544us total 40.627ms
08-05 12:48:00.803  2955  3034 I art     : Starting a blocking GC Explicit
08-05 12:48:00.843  2955  3034 I art     : Explicit concurrent mark sweep GC freed 4560(222KB) AllocSpace objects, 5(528KB) LOS objects, 35% free, 28MB/44MB, paused 652us total 40.512ms
08-05 12:48:00.923  2955  5028 I NAPPA_EXPERIMENTATION: MetricNetworkRequestExecutionTime: REQUEST_DURATION_SYSTEM='261',REQUEST_DURATION_OKHTTP='168',REQUEST_SYNCHRONOUS='TRUE',RESPONSE_CODE='200',RESPONSE_METHOD='GET',RESPONSE_LENGTH_OKHTTP='9233',RESPONSE_LENGTH_HEADER='9233',REQUEST_PROTOCOL='h2',REQUEST_URL='https://b.thumbs.redditmedia.com/PCxvz6Ma5pyTglQOwhW4LZZOY0qIwyWW5pD83dYmMgc.jpg',
08-05 12:48:00.923  2955  5028 D OK      : request got status: 200
08-05 12:48:01.169  2955  3295 I art     : Starting a blocking GC Explicit
08-05 12:48:01.228  2955  3295 I art     : Explicit concurrent mark sweep GC freed 21132(1105KB) AllocSpace objects, 13(452KB) LOS objects, 36% free, 28MB/44MB, paused 486us total 58.919ms
08-05 12:48:01.248  2955  3295 I art     : Starting a blocking GC Explicit
08-05 12:48:01.284  2955  3295 I art     : Explicit concurrent mark sweep GC freed 375(14KB) AllocSpace objects, 0(0B) LOS objects, 36% free, 28MB/44MB, paused 287us total 34.921ms
08-05 12:48:01.297  2955  3295 I art     : Starting a blocking GC Explicit
08-05 12:48:01.335  2955  3295 I art     : Explicit concurrent mark sweep GC freed 3(96B) AllocSpace objects, 0(0B) LOS objects, 36% free, 28MB/44MB, paused 296us total 37.533ms
08-05 12:48:01.350  2955  3295 I art     : Starting a blocking GC Explicit
08-05 12:48:01.387  2955  3295 I art     : Explicit concurrent mark sweep GC freed 3(96B) AllocSpace objects, 0(0B) LOS objects, 36% free, 28MB/44MB, paused 295us total 37.577ms
08-05 12:48:01.402  2955  3295 I art     : Starting a blocking GC Explicit
08-05 12:48:01.439  2955  3295 I art     : Explicit concurrent mark sweep GC freed 3(96B) AllocSpace objects, 0(0B) LOS objects, 36% free, 28MB/44MB, paused 298us total 37.609ms
08-05 12:48:01.540  2416  2416 I ServiceManager: Waiting for service AtCmdFwd...
08-05 12:48:01.751  2955  2979 I art     : Starting a blocking GC Explicit
08-05 12:48:01.798  2955  2979 I art     : Explicit concurrent mark sweep GC freed 1344(82KB) AllocSpace objects, 1(20KB) LOS objects, 36% free, 28MB/44MB, paused 435us total 47.420ms
08-05 12:48:01.815  2955  2979 I art     : Starting a blocking GC Explicit
08-05 12:48:01.852  2955  2979 I art     : Explicit concurrent mark sweep GC freed 20(704B) AllocSpace objects, 0(0B) LOS objects, 36% free, 28MB/44MB, paused 300us total 37.413ms
08-05 12:48:01.867  2955  2979 I art     : Starting a blocking GC Explicit
08-05 12:48:01.904  2955  2979 I art     : Explicit concurrent mark sweep GC freed 3(96B) AllocSpace objects, 0(0B) LOS objects, 36% free, 28MB/44MB, paused 295us total 37.163ms
08-05 12:48:01.918  2955  2979 I art     : Starting a blocking GC Explicit
08-05 12:48:01.960  2955  2979 I art     : Explicit concurrent mark sweep GC freed 3(96B) AllocSpace objects, 0(0B) LOS objects, 36% free, 28MB/44MB, paused 303us total 41.056ms
08-05 12:48:01.974  2955  2979 I art     : Starting a blocking GC Explicit
08-05 12:48:02.011  2955  2979 I art     : Explicit concurrent mark sweep GC freed 3(96B) AllocSpace objects, 0(0B) LOS objects, 36% free, 28MB/44MB, paused 301us total 37.323ms
08-05 12:48:02.337  2955  2980 I art     : Starting a blocking GC Explicit
08-05 12:48:02.393  2955  2980 I art     : Explicit concurrent mark sweep GC freed 1344(82KB) AllocSpace objects, 1(20KB) LOS objects, 36% free, 28MB/44MB, paused 671us total 55.567ms
08-05 12:48:02.414  2955  2980 I art     : Starting a blocking GC Explicit
08-05 12:48:02.451  2955  2980 I art     : Explicit concurrent mark sweep GC freed 20(704B) AllocSpace objects, 0(0B) LOS objects, 36% free, 28MB/44MB, paused 307us total 36.586ms
08-05 12:48:02.465  2955  2980 I art     : Starting a blocking GC Explicit
08-05 12:48:02.501  2955  2980 I art     : Explicit concurrent mark sweep GC freed 3(96B) AllocSpace objects, 0(0B) LOS objects, 36% free, 28MB/44MB, paused 309us total 36.585ms
08-05 12:48:02.516  2955  2980 I art     : Starting a blocking GC Explicit
08-05 12:48:02.541  2416  2416 I ServiceManager: Waiting for service AtCmdFwd...
08-05 12:48:02.553  2955  2980 I art     : Explicit concurrent mark sweep GC freed 3(96B) AllocSpace objects, 0(0B) LOS objects, 36% free, 28MB/44MB, paused 314us total 37.513ms
08-05 12:48:02.568  2955  2980 I art     : Starting a blocking GC Explicit
08-05 12:48:02.606  2955  2980 I art     : Explicit concurrent mark sweep GC freed 3(96B) AllocSpace objects, 0(0B) LOS objects, 36% free, 28MB/44MB, paused 306us total 37.504ms
08-05 12:48:02.922  2955  3034 I art     : Starting a blocking GC Explicit
08-05 12:48:02.970  2955  3034 I art     : Explicit concurrent mark sweep GC freed 1349(82KB) AllocSpace objects, 1(20KB) LOS objects, 36% free, 28MB/44MB, paused 327us total 46.982ms
08-05 12:48:02.987  2955  3034 I art     : Starting a blocking GC Explicit
08-05 12:48:03.024  2955  3034 I art     : Explicit concurrent mark sweep GC freed 20(704B) AllocSpace objects, 0(0B) LOS objects, 36% free, 28MB/44MB, paused 287us total 36.502ms
08-05 12:48:03.038  2955  3034 I art     : Starting a blocking GC Explicit
08-05 12:48:03.073  2955  3034 I art     : Explicit concurrent mark sweep GC freed 3(96B) AllocSpace objects, 0(0B) LOS objects, 36% free, 28MB/44MB, paused 285us total 35.149ms
08-05 12:48:03.087  2955  3034 I art     : Starting a blocking GC Explicit
08-05 12:48:03.123  2955  3034 I art     : Explicit concurrent mark sweep GC freed 3(96B) AllocSpace objects, 0(0B) LOS objects, 36% free, 28MB/44MB, paused 291us total 35.417ms
08-05 12:48:03.136  2955  3034 I art     : Starting a blocking GC Explicit
08-05 12:48:03.171  2955  3034 I art     : Explicit concurrent mark sweep GC freed 3(96B) AllocSpace objects, 0(0B) LOS objects, 36% free, 28MB/44MB, paused 294us total 34.519ms
08-05 12:48:03.476  5073  5073 D AndroidRuntime: >>>>>> START com.android.internal.os.RuntimeInit uid 2000 <<<<<<
08-05 12:48:03.480  2955  3295 I art     : Starting a blocking GC Explicit
08-05 12:48:03.482  5073  5073 D AndroidRuntime: CheckJNI is OFF
08-05 12:48:03.520  5073  5073 D ICU     : No timezone override file found: /data/misc/zoneinfo/current/icu/icu_tzdata.dat
08-05 12:48:03.521  2955  3295 I art     : Explicit concurrent mark sweep GC freed 1348(82KB) AllocSpace objects, 1(20KB) LOS objects, 36% free, 28MB/44MB, paused 316us total 40.366ms
08-05 12:48:03.535  2955  3295 I art     : Starting a blocking GC Explicit
08-05 12:48:03.541  2416  2416 I ServiceManager: Waiting for service AtCmdFwd...
08-05 12:48:03.555  5073  5073 I Radio-JNI: register_android_hardware_Radio DONE
08-05 12:48:03.570  2955  3295 I art     : Explicit concurrent mark sweep GC freed 20(704B) AllocSpace objects, 0(0B) LOS objects, 36% free, 28MB/44MB, paused 275us total 34.121ms
08-05 12:48:03.578  5073  5073 D AndroidRuntime: Calling main entry com.android.commands.input.Input
08-05 12:48:03.580  5073  5073 I Input   : injectMotionEvent: MotionEvent { action=ACTION_DOWN, actionButton=0, id[0]=0, x[0]=600.0, y[0]=580.0, toolType[0]=TOOL_TYPE_UNKNOWN, buttonState=0, metaState=0, flags=0x0, edgeFlags=0x0, pointerCount=1, historySize=0, eventTime=794899992, downTime=794899992, deviceId=0, source=0x1002 }
08-05 12:48:03.583  2955  3295 I art     : Starting a blocking GC Explicit
08-05 12:48:03.586  5073  5073 I Input   : injectMotionEvent: MotionEvent { action=ACTION_UP, actionButton=0, id[0]=0, x[0]=600.0, y[0]=580.0, toolType[0]=TOOL_TYPE_UNKNOWN, buttonState=0, metaState=0, flags=0x0, edgeFlags=0x0, pointerCount=1, historySize=0, eventTime=794899992, downTime=794899992, deviceId=0, source=0x1002 }
08-05 12:48:03.587  5073  5073 D AndroidRuntime: Shutting down VM
08-05 12:48:03.597   512  2967 D audio_hw_primary: out_set_parameters: enter: usecase(1: low-latency-playback) kvpairs: routing=2
08-05 12:48:03.599   918  3670 I ActivityManager: START u0 {cmp=baseline.org.quantumbadger.redreader/.activities.WebViewActivity (has extras)} from uid 10689 on display 0
08-05 12:48:03.610   512  2967 D audio_hw_primary: select_devices: out_snd_device(2: speaker) in_snd_device(0: none)
08-05 12:48:03.610   512  2967 D msm8974_platform: platform_send_audio_calibration: sending audio calibration for snd_device(2) acdb_id(15)
08-05 12:48:03.611   512  2967 I soundtrigger: audio_extn_sound_trigger_update_device_status: device 0x2 of type 0 for Event 1
08-05 12:48:03.619  2955  3295 I art     : Explicit concurrent mark sweep GC freed 173(10KB) AllocSpace objects, 0(0B) LOS objects, 36% free, 28MB/44MB, paused 353us total 35.906ms
08-05 12:48:03.624   512  2967 D audio_hw_primary: enable_snd_device: snd_device(2: speaker)
08-05 12:48:03.627   512  2967 D audio_hw_primary: enable_audio_route: apply and update mixer path: low-latency-playback speaker
08-05 12:48:03.629  2955  2955 I AppCompatViewInflater: app:theme is now deprecated. Please move to using android:theme instead.
08-05 12:48:03.635  2955  3295 I art     : Starting a blocking GC Explicit
08-05 12:48:03.645  2955  2955 I WebViewFactory: Loading com.google.android.webview version 84.0.4147.89 (code 414708953)
08-05 12:48:03.668  2955  3295 I art     : Explicit concurrent mark sweep GC freed 6639(541KB) AllocSpace objects, 3(76KB) LOS objects, 36% free, 27MB/43MB, paused 538us total 32.817ms
08-05 12:48:03.683  2955  3295 I art     : Starting a blocking GC Explicit
08-05 12:48:03.716  2955  2955 I cr_LibraryLoader: Loaded native library version number "84.0.4147.89"
08-05 12:48:03.717  2955  3295 I art     : Explicit concurrent mark sweep GC freed 3699(323KB) AllocSpace objects, 1(20KB) LOS objects, 35% free, 28MB/44MB, paused 910us total 33.661ms
08-05 12:48:03.717  2955  2955 I cr_CachingUmaRecorder: Flushed 5 samples from 5 histograms.
08-05 12:48:03.748  2955  2955 E chromium: [ERROR:filesystem_posix.cc(62)] mkdir /data/user/0/baseline.org.quantumbadger.redreader/cache/WebView/Crashpad: No such file or directory (2)
08-05 12:48:03.814   918   928 D ConnectivityService: listenForNetwork for Listen from uid/pid:10689/2955 for NetworkRequest [ id=3270, legacyType=-1, [ Capabilities: INTERNET&NOT_RESTRICTED&TRUSTED] ]
08-05 12:48:03.858  2955  5112 W cr_media: Requires BLUETOOTH permission
08-05 12:48:03.868  2955  5126 E libEGL  : validate_display:255 error 3008 (EGL_BAD_DISPLAY)
08-05 12:48:03.999  2955  2979 I art     : Starting a blocking GC Explicit
08-05 12:48:04.011   918   936 I ActivityManager: Displayed baseline.org.quantumbadger.redreader/.activities.WebViewActivity: +399ms
08-05 12:48:04.012 13866 13866 I GoogleInputMethodServic: GoogleInputMethodService.onFinishInput():3138 
08-05 12:48:04.013 13866 13866 I GoogleInputMethodServic: GoogleInputMethodService.onStartInput():1808 
08-05 12:48:04.039  2955  2979 I art     : Explicit concurrent mark sweep GC freed 7610(596KB) AllocSpace objects, 2(40KB) LOS objects, 35% free, 29MB/45MB, paused 803us total 39.299ms
08-05 12:48:04.054  2955  2979 I art     : Starting a blocking GC Explicit
08-05 12:48:04.087  2955  2979 I art     : Explicit concurrent mark sweep GC freed 342(24KB) AllocSpace objects, 0(0B) LOS objects, 35% free, 29MB/45MB, paused 410us total 33.093ms
08-05 12:48:04.101  2955  2979 I art     : Starting a blocking GC Explicit
08-05 12:48:04.139  2955  2979 I art     : Explicit concurrent mark sweep GC freed 2804(144KB) AllocSpace objects, 2(120KB) LOS objects, 35% free, 29MB/45MB, paused 457us total 37.116ms
08-05 12:48:04.153  2955  2979 I art     : Starting a blocking GC Explicit
08-05 12:48:04.168   512  2967 D audio_hw_primary: disable_audio_route: reset and update mixer path: low-latency-playback speaker
08-05 12:48:04.169   512  2967 D audio_hw_primary: disable_snd_device: snd_device(2: speaker)
08-05 12:48:04.181   512  2967 I soundtrigger: audio_extn_sound_trigger_update_device_status: device 0x2 of type 0 for Event 0
08-05 12:48:04.191  2955  2979 I art     : Explicit concurrent mark sweep GC freed 949(118KB) AllocSpace objects, 1(80KB) LOS objects, 35% free, 29MB/45MB, paused 356us total 37.104ms
08-05 12:48:04.205  2955  2979 I art     : Starting a blocking GC Explicit
08-05 12:48:04.243  2955  2979 I art     : Explicit concurrent mark sweep GC freed 9(336B) AllocSpace objects, 0(0B) LOS objects, 35% free, 29MB/45MB, paused 389us total 37.284ms
08-05 12:48:04.260   380   380 W SurfaceFlinger: couldn't log to binary event log: overflow.
08-05 12:48:04.525  2955  3034 I art     : Starting a blocking GC Explicit
08-05 12:48:04.542  2416  2416 I ServiceManager: Waiting for service AtCmdFwd...
08-05 12:48:04.561  2955  3034 I art     : Explicit concurrent mark sweep GC freed 2561(165KB) AllocSpace objects, 1(20KB) LOS objects, 35% free, 29MB/45MB, paused 463us total 36.321ms
08-05 12:48:04.574  2955  3034 I art     : Starting a blocking GC Explicit
08-05 12:48:04.608  2955  3034 I art     : Explicit concurrent mark sweep GC freed 30(5KB) AllocSpace objects, 0(0B) LOS objects, 35% free, 29MB/45MB, paused 483us total 33.667ms
08-05 12:48:04.621  2955  3034 I art     : Starting a blocking GC Explicit
08-05 12:48:04.655  2955  3034 I art     : Explicit concurrent mark sweep GC freed 3(96B) AllocSpace objects, 0(0B) LOS objects, 35% free, 29MB/45MB, paused 491us total 33.994ms
08-05 12:48:04.669  2955  3034 I art     : Starting a blocking GC Explicit
08-05 12:48:04.703  2955  3034 I art     : Explicit concurrent mark sweep GC freed 3(96B) AllocSpace objects, 0(0B) LOS objects, 35% free, 29MB/45MB, paused 436us total 33.638ms
08-05 12:48:04.716  2955  3034 I art     : Starting a blocking GC Explicit
08-05 12:48:04.752  2955  3034 I art     : Explicit concurrent mark sweep GC freed 3(96B) AllocSpace objects, 0(0B) LOS objects, 35% free, 29MB/45MB, paused 448us total 34.606ms
08-05 12:48:05.043  2955  3295 I art     : Starting a blocking GC Explicit
08-05 12:48:05.079  2955  3295 I art     : Explicit concurrent mark sweep GC freed 5237(243KB) AllocSpace objects, 1(20KB) LOS objects, 35% free, 29MB/45MB, paused 477us total 36.308ms
08-05 12:48:05.093  2955  3295 I art     : Starting a blocking GC Explicit
08-05 12:48:05.126  2955  3295 I art     : Explicit concurrent mark sweep GC freed 136(6KB) AllocSpace objects, 0(0B) LOS objects, 35% free, 29MB/45MB, paused 456us total 33.415ms
08-05 12:48:05.139  2955  3295 I art     : Starting a blocking GC Explicit
08-05 12:48:05.161  2955  2955 I Choreographer: Skipped 41 frames!  The application may be doing too much work on its main thread.
08-05 12:48:05.176  2955  3295 I art     : Explicit concurrent mark sweep GC freed 18(944B) AllocSpace objects, 0(0B) LOS objects, 35% free, 29MB/45MB, paused 443us total 36.661ms
08-05 12:48:05.193  2955  3295 I art     : Starting a blocking GC Explicit
08-05 12:48:05.240  2955  3295 I art     : Explicit concurrent mark sweep GC freed 11(336B) AllocSpace objects, 0(0B) LOS objects, 35% free, 29MB/45MB, paused 600us total 46.272ms
08-05 12:48:05.257  2955  3295 I art     : Starting a blocking GC Explicit
08-05 12:48:05.302  2955  3295 I art     : Explicit concurrent mark sweep GC freed 12(368B) AllocSpace objects, 0(0B) LOS objects, 35% free, 29MB/45MB, paused 425us total 44.351ms
08-05 12:48:05.542  2416  2416 W Atfwd_Sendcmd: AtCmdFwd service not published, waiting... retryCnt : 5
08-05 12:48:05.610  2955  3034 I art     : Starting a blocking GC Explicit
08-05 12:48:05.647  2955  3034 I art     : Explicit concurrent mark sweep GC freed 1411(84KB) AllocSpace objects, 1(20KB) LOS objects, 35% free, 29MB/45MB, paused 620us total 36.894ms
08-05 12:48:05.661  2955  3034 I art     : Starting a blocking GC Explicit
08-05 12:48:05.701  2955  3034 I art     : Explicit concurrent mark sweep GC freed 33(1120B) AllocSpace objects, 0(0B) LOS objects, 35% free, 29MB/45MB, paused 518us total 39.598ms
08-05 12:48:05.715  2955  3034 I art     : Starting a blocking GC Explicit
08-05 12:48:05.754  2955  3034 I art     : Explicit concurrent mark sweep GC freed 16(496B) AllocSpace objects, 0(0B) LOS objects, 35% free, 29MB/45MB, paused 454us total 39.128ms
08-05 12:48:05.771  2955  3034 I art     : Starting a blocking GC Explicit
08-05 12:48:05.809  2955  3034 I art     : Explicit concurrent mark sweep GC freed 11(336B) AllocSpace objects, 0(0B) LOS objects, 35% free, 29MB/45MB, paused 469us total 38.473ms
08-05 12:48:05.826  2955  3034 I art     : Starting a blocking GC Explicit
08-05 12:48:05.860  2955  3034 I art     : Explicit concurrent mark sweep GC freed 3(96B) AllocSpace objects, 0(0B) LOS objects, 35% free, 29MB/45MB, paused 420us total 33.094ms
08-05 12:48:06.175  2955  3295 I art     : Starting a blocking GC Explicit
08-05 12:48:06.218  2955  3295 I art     : Explicit concurrent mark sweep GC freed 1521(113KB) AllocSpace objects, 1(20KB) LOS objects, 35% free, 29MB/45MB, paused 635us total 42.515ms
08-05 12:48:06.235  2955  3295 I art     : Starting a blocking GC Explicit
08-05 12:48:06.271  2955  3295 I art     : Explicit concurrent mark sweep GC freed 85(2912B) AllocSpace objects, 0(0B) LOS objects, 35% free, 29MB/45MB, paused 395us total 35.833ms
08-05 12:48:06.284  2955  3295 I art     : Starting a blocking GC Explicit
08-05 12:48:06.299   518   646 I ThermalEngine: ACTION: GPU - Setting GPU[0] to 450000000
08-05 12:48:06.323  2955  3295 I art     : Explicit concurrent mark sweep GC freed 3(96B) AllocSpace objects, 0(0B) LOS objects, 35% free, 29MB/45MB, paused 520us total 39.168ms
08-05 12:48:06.341  2955  3295 I art     : Starting a blocking GC Explicit
08-05 12:48:06.386  2955  3295 I art     : Explicit concurrent mark sweep GC freed 3(96B) AllocSpace objects, 0(0B) LOS objects, 35% free, 29MB/45MB, paused 531us total 45.213ms
08-05 12:48:06.405  2955  3295 I art     : Starting a blocking GC Explicit
08-05 12:48:06.452  2955  3295 I art     : Explicit concurrent mark sweep GC freed 3(96B) AllocSpace objects, 0(0B) LOS objects, 35% free, 29MB/45MB, paused 525us total 47.243ms
08-05 12:48:06.582  2955  2955 I chromium: [INFO:CONSOLE(1)] "
08-05 12:48:06.582  2955  2955 I chromium:                   ,d"=,.,qOp,
08-05 12:48:06.582  2955  2955 I chromium:                  ,7'  ''$(  )
08-05 12:48:06.582  2955  2955 I chromium:                 ,7'      '?q$7'
08-05 12:48:06.582  2955  2955 I chromium:              ..,$$,.
08-05 12:48:06.582  2955  2955 I chromium:    ,.  .,,--***""***--,,.  .,
08-05 12:48:06.582  2955  2955 I chromium:     ,p''              ''q,   
08-05 12:48:06.582  2955  2955 I chromium: :  ,7'                      '7,  :
08-05 12:48:06.582  2955  2955 I chromium:  ' $      ,db,      ,db,      $ '
08-05 12:48:06.582  2955  2955 I chromium:   '$      $$      $$      $'    Using Reddit at work? Work for Reddit.
08-05 12:48:06.582  2955  2955 I chromium:   '$                          $'        https://www.reddit.com/jobs
08-05 12:48:06.582  2955  2955 I chromium:    '$.     .,        ,.     .$'
08-05 12:48:06.582  2955  2955 I chromium:     'b,     ''     ,d'
08-05 12:48:06.582  2955  2955 I chromium:      '?bn,,          ,,nd?'
08-05 12:48:06.582  2955  2955 I chromium:        ,7$ '''' $7,
08-05 12:48:06.582  2955  2955 I chromium:      , $              $ ,
08-05 12:48:06.582  2955  2955 I chromium:      $  :$              $:  $
08-05 12:48:06.582  2955  2955 I chromium:      $   $              $   $
08-05 12:48:06.582  2955  2955 I chromium:      'b  q:            :p  d'
08-05 12:48:06.582  2955  2955 I chromium:       '?$.          .$?'
08-05 12:48:06.582  2955  2955 I chromium:          'b            d'
08-05 12:48:06.582  2955  2955 I chromium:        ,'?,.      .,?',
08-05 12:48:06.582  2955  2955 I chromium:       ==--==--==--==
08-05 12:48:06.582  2955  2955 I chromium: ", source: https://www.redditstatic.com/desktop2x/Chat~Governance~Reddit.2ea93b134a9b2e5b1d9a.js (1)
08-05 12:48:06.834  2955  2980 I art     : Starting a blocking GC Explicit
08-05 12:48:06.884  2955  2980 I art     : Explicit concurrent mark sweep GC freed 1364(85KB) AllocSpace objects, 1(20KB) LOS objects, 35% free, 29MB/45MB, paused 559us total 49.666ms
08-05 12:48:06.903  2955  2980 I art     : Starting a blocking GC Explicit
08-05 12:48:06.949  2955  2980 I art     : Explicit concurrent mark sweep GC freed 20(704B) AllocSpace objects, 0(0B) LOS objects, 35% free, 29MB/45MB, paused 568us total 45.787ms
08-05 12:48:06.967  2955  2980 I art     : Starting a blocking GC Explicit
08-05 12:48:07.016  2955  2980 I art     : Explicit concurrent mark sweep GC freed 3(96B) AllocSpace objects, 0(0B) LOS objects, 35% free, 29MB/45MB, paused 547us total 47.922ms
08-05 12:48:07.035  2955  2980 I art     : Starting a blocking GC Explicit
08-05 12:48:07.082  2955  2980 I art     : Explicit concurrent mark sweep GC freed 13(640B) AllocSpace objects, 0(0B) LOS objects, 35% free, 29MB/45MB, paused 588us total 46.049ms
08-05 12:48:07.100  2955  2980 I art     : Starting a blocking GC Explicit
08-05 12:48:07.148  2955  2980 I art     : Explicit concurrent mark sweep GC freed 7(464B) AllocSpace objects, 0(0B) LOS objects, 35% free, 29MB/45MB, paused 615us total 48.201ms
08-05 12:48:07.525  2955  3034 I art     : Starting a blocking GC Explicit
08-05 12:48:07.578  2955  3034 I art     : Explicit concurrent mark sweep GC freed 1355(82KB) AllocSpace objects, 1(20KB) LOS objects, 35% free, 29MB/45MB, paused 554us total 52.173ms
08-05 12:48:07.597  2955  3034 I art     : Starting a blocking GC Explicit
08-05 12:48:07.645  2955  3034 I art     : Explicit concurrent mark sweep GC freed 20(704B) AllocSpace objects, 0(0B) LOS objects, 35% free, 29MB/45MB, paused 550us total 48.165ms
08-05 12:48:07.663  2955  3034 I art     : Starting a blocking GC Explicit
08-05 12:48:07.711  2955  3034 I art     : Explicit concurrent mark sweep GC freed 3(96B) AllocSpace objects, 0(0B) LOS objects, 35% free, 29MB/45MB, paused 538us total 47.646ms
08-05 12:48:07.729  2955  3034 I art     : Starting a blocking GC Explicit
08-05 12:48:07.779  2955  3034 I art     : Explicit concurrent mark sweep GC freed 212(12KB) AllocSpace objects, 0(0B) LOS objects, 35% free, 29MB/45MB, paused 540us total 49.258ms
08-05 12:48:07.796  2955  3034 I art     : Starting a blocking GC Explicit
08-05 12:48:07.837  2955  3034 I art     : Explicit concurrent mark sweep GC freed 5(176B) AllocSpace objects, 0(0B) LOS objects, 35% free, 29MB/45MB, paused 623us total 40.929ms
08-05 12:48:08.202  2955  2979 I art     : Starting a blocking GC Explicit
08-05 12:48:08.254  2955  2979 I art     : Explicit concurrent mark sweep GC freed 1370(85KB) AllocSpace objects, 1(20KB) LOS objects, 35% free, 29MB/45MB, paused 490us total 51.454ms
08-05 12:48:08.272  2955  2979 I art     : Starting a blocking GC Explicit
08-05 12:48:08.326  2955  2979 I art     : Explicit concurrent mark sweep GC freed 20(704B) AllocSpace objects, 0(0B) LOS objects, 35% free, 29MB/45MB, paused 545us total 53.678ms
08-05 12:48:08.346  2955  2979 I art     : Starting a blocking GC Explicit
08-05 12:48:08.392  2955  2979 I art     : Explicit concurrent mark sweep GC freed 3(96B) AllocSpace objects, 0(0B) LOS objects, 35% free, 29MB/45MB, paused 458us total 46.540ms
08-05 12:48:08.415  2955  2979 I art     : Starting a blocking GC Explicit
08-05 12:48:08.465  2955  2979 I art     : Explicit concurrent mark sweep GC freed 3(96B) AllocSpace objects, 0(0B) LOS objects, 35% free, 29MB/45MB, paused 598us total 49.221ms
08-05 12:48:08.483  2955  2979 I art     : Starting a blocking GC Explicit
08-05 12:48:08.533  2955  2979 I art     : Explicit concurrent mark sweep GC freed 3(96B) AllocSpace objects, 0(0B) LOS objects, 35% free, 29MB/45MB, paused 471us total 49.039ms
08-05 12:48:08.609  2955  5097 I RedditChangeDataIO: Writing tmp data file at '/data/user/0/baseline.org.quantumbadger.redreader/files/rr_change_data_tmp.dat'
08-05 12:48:08.609  2955  5097 I RedditChangeDataManager: Taking snapshot...
08-05 12:48:08.609  2955  5097 I RedditChangeDataManager: Writing to stream...
08-05 12:48:08.609  2955  5097 I RedditChangeDataManager: Wrote 4 entries for user ''
08-05 12:48:08.609  2955  5097 I RedditChangeDataManager: All entries written to stream.
08-05 12:48:08.610  2955  5097 I RedditChangeDataIO: Write successful. Atomically replacing data file...
08-05 12:48:08.610  2955  5097 I RedditChangeDataIO: Write complete.
08-05 12:48:08.610  2955  5097 I RedditChangeDataIO: 110 bytes written in 2 ms
08-05 12:48:08.923  2955  3034 I art     : Starting a blocking GC Explicit
08-05 12:48:08.976  2955  3034 I art     : Explicit concurrent mark sweep GC freed 1482(90KB) AllocSpace objects, 2(88KB) LOS objects, 35% free, 29MB/45MB, paused 445us total 52.183ms
08-05 12:48:08.995  2955  3034 I art     : Starting a blocking GC Explicit
08-05 12:48:09.037  2955  3034 I art     : Explicit concurrent mark sweep GC freed 23(800B) AllocSpace objects, 0(0B) LOS objects, 35% free, 29MB/45MB, paused 546us total 41.914ms
08-05 12:48:09.055  2955  3034 I art     : Starting a blocking GC Explicit
08-05 12:48:09.106  2955  3034 I art     : Explicit concurrent mark sweep GC freed 3(96B) AllocSpace objects, 0(0B) LOS objects, 35% free, 29MB/45MB, paused 578us total 49.676ms
08-05 12:48:09.125  2955  3034 I art     : Starting a blocking GC Explicit
08-05 12:48:09.170  2955  3034 I art     : Explicit concurrent mark sweep GC freed 5(176B) AllocSpace objects, 0(0B) LOS objects, 35% free, 29MB/45MB, paused 464us total 45.503ms
08-05 12:48:09.189  2955  3034 I art     : Starting a blocking GC Explicit
08-05 12:48:09.241  2955  3034 I art     : Explicit concurrent mark sweep GC freed 3(96B) AllocSpace objects, 0(0B) LOS objects, 35% free, 29MB/45MB, paused 474us total 52.135ms
08-05 12:48:09.633  2955  2979 I art     : Starting a blocking GC Explicit
08-05 12:48:09.681  2955  2979 I art     : Explicit concurrent mark sweep GC freed 1355(82KB) AllocSpace objects, 1(20KB) LOS objects, 35% free, 29MB/45MB, paused 478us total 47.126ms
08-05 12:48:09.698  2955  2979 I art     : Starting a blocking GC Explicit
08-05 12:48:09.741  2955  2979 I art     : Explicit concurrent mark sweep GC freed 20(704B) AllocSpace objects, 0(0B) LOS objects, 35% free, 29MB/45MB, paused 486us total 41.977ms
08-05 12:48:09.758  2955  2979 I art     : Starting a blocking GC Explicit
08-05 12:48:09.805  2955  2979 I art     : Explicit concurrent mark sweep GC freed 3(96B) AllocSpace objects, 0(0B) LOS objects, 35% free, 29MB/45MB, paused 566us total 45.981ms
08-05 12:48:09.827  2955  2979 I art     : Starting a blocking GC Explicit
08-05 12:48:09.873  2955  2979 I art     : Explicit concurrent mark sweep GC freed 3(96B) AllocSpace objects, 0(0B) LOS objects, 35% free, 29MB/45MB, paused 452us total 45.756ms
08-05 12:48:09.892  2955  2979 I art     : Starting a blocking GC Explicit
08-05 12:48:09.940  2955  2979 I art     : Explicit concurrent mark sweep GC freed 3(96B) AllocSpace objects, 0(0B) LOS objects, 35% free, 29MB/45MB, paused 508us total 47.652ms
08-05 12:48:10.306   518   646 I ThermalEngine: ACTION: GPU - Setting GPU[0] to 510000000
08-05 12:48:10.318  2955  3034 I art     : Starting a blocking GC Explicit
08-05 12:48:10.362  2955  3034 I art     : Explicit concurrent mark sweep GC freed 1355(82KB) AllocSpace objects, 1(20KB) LOS objects, 35% free, 29MB/45MB, paused 402us total 43.773ms
08-05 12:48:10.376  2955  3034 I art     : Starting a blocking GC Explicit
08-05 12:48:10.412  2955  3034 I art     : Explicit concurrent mark sweep GC freed 20(704B) AllocSpace objects, 0(0B) LOS objects, 35% free, 29MB/45MB, paused 384us total 35.989ms
08-05 12:48:10.425  2955  3034 I art     : Starting a blocking GC Explicit
08-05 12:48:10.460  2955  3034 I art     : Explicit concurrent mark sweep GC freed 3(96B) AllocSpace objects, 0(0B) LOS objects, 35% free, 29MB/45MB, paused 376us total 34.547ms
08-05 12:48:10.474  2955  3034 I art     : Starting a blocking GC Explicit
08-05 12:48:10.511  2955  3034 I art     : Explicit concurrent mark sweep GC freed 3(96B) AllocSpace objects, 0(0B) LOS objects, 35% free, 29MB/45MB, paused 370us total 37.164ms
08-05 12:48:10.525  2955  3034 I art     : Starting a blocking GC Explicit
08-05 12:48:10.562  2955  3034 I art     : Explicit concurrent mark sweep GC freed 3(96B) AllocSpace objects, 0(0B) LOS objects, 35% free, 29MB/45MB, paused 383us total 36.186ms
08-05 12:48:10.923  2955  2979 I art     : Starting a blocking GC Explicit
08-05 12:48:10.961  2955  2979 I art     : Explicit concurrent mark sweep GC freed 1355(82KB) AllocSpace objects, 1(20KB) LOS objects, 35% free, 29MB/45MB, paused 386us total 37.621ms
08-05 12:48:10.975  2955  2979 I art     : Starting a blocking GC Explicit
08-05 12:48:11.020  2955  2979 I art     : Explicit concurrent mark sweep GC freed 20(704B) AllocSpace objects, 0(0B) LOS objects, 35% free, 29MB/45MB, paused 364us total 44.016ms
08-05 12:48:11.034  2955  2979 I art     : Starting a blocking GC Explicit
08-05 12:48:11.071  2955  2979 I art     : Explicit concurrent mark sweep GC freed 3(96B) AllocSpace objects, 0(0B) LOS objects, 35% free, 29MB/45MB, paused 364us total 36.784ms
08-05 12:48:11.085  2955  2979 I art     : Starting a blocking GC Explicit
08-05 12:48:11.123  2955  2979 I art     : Explicit concurrent mark sweep GC freed 3(96B) AllocSpace objects, 0(0B) LOS objects, 35% free, 29MB/45MB, paused 384us total 38.046ms
08-05 12:48:11.137  2955  2979 I art     : Starting a blocking GC Explicit
08-05 12:48:11.173  2955  2979 I art     : Explicit concurrent mark sweep GC freed 3(96B) AllocSpace objects, 0(0B) LOS objects, 35% free, 29MB/45MB, paused 373us total 36.247ms
08-05 12:48:11.537  2955  3034 I art     : Starting a blocking GC Explicit
08-05 12:48:11.572  2955  3034 I art     : Explicit concurrent mark sweep GC freed 1355(82KB) AllocSpace objects, 1(20KB) LOS objects, 35% free, 29MB/45MB, paused 344us total 34.137ms
08-05 12:48:11.585  2955  3034 I art     : Starting a blocking GC Explicit
08-05 12:48:11.626  2955  3034 I art     : Explicit concurrent mark sweep GC freed 20(704B) AllocSpace objects, 0(0B) LOS objects, 35% free, 29MB/45MB, paused 349us total 40.584ms
08-05 12:48:11.640  2955  3034 I art     : Starting a blocking GC Explicit
08-05 12:48:11.676  2955  3034 I art     : Explicit concurrent mark sweep GC freed 3(96B) AllocSpace objects, 0(0B) LOS objects, 35% free, 29MB/45MB, paused 376us total 35.496ms
08-05 12:48:11.690  2955  3034 I art     : Starting a blocking GC Explicit
08-05 12:48:11.727  2955  3034 I art     : Explicit concurrent mark sweep GC freed 3(96B) AllocSpace objects, 0(0B) LOS objects, 35% free, 29MB/45MB, paused 395us total 37.246ms
08-05 12:48:11.740  2955  3034 I art     : Starting a blocking GC Explicit
08-05 12:48:11.778  2955  3034 I art     : Explicit concurrent mark sweep GC freed 3(96B) AllocSpace objects, 0(0B) LOS objects, 35% free, 29MB/45MB, paused 365us total 37.383ms
08-05 12:48:12.111  2955  2979 I art     : Starting a blocking GC Explicit
08-05 12:48:12.149  2955  2979 I art     : Explicit concurrent mark sweep GC freed 1355(82KB) AllocSpace objects, 1(20KB) LOS objects, 35% free, 29MB/45MB, paused 379us total 37.260ms
08-05 12:48:12.163  2955  2979 I art     : Starting a blocking GC Explicit
08-05 12:48:12.202  2955  2979 I art     : Explicit concurrent mark sweep GC freed 20(704B) AllocSpace objects, 0(0B) LOS objects, 35% free, 29MB/45MB, paused 478us total 38.601ms
08-05 12:48:12.220  2955  2979 I art     : Starting a blocking GC Explicit
08-05 12:48:12.238  5298  5298 D AndroidRuntime: >>>>>> START com.android.internal.os.RuntimeInit uid 2000 <<<<<<
08-05 12:48:12.242  5298  5298 D AndroidRuntime: CheckJNI is OFF
08-05 12:48:12.256  2955  2979 I art     : Explicit concurrent mark sweep GC freed 3(96B) AllocSpace objects, 0(0B) LOS objects, 35% free, 29MB/45MB, paused 363us total 36.136ms
08-05 12:48:12.269  2955  2979 I art     : Starting a blocking GC Explicit
08-05 12:48:12.277  5298  5298 D ICU     : No timezone override file found: /data/misc/zoneinfo/current/icu/icu_tzdata.dat
08-05 12:48:12.312  2955  2979 I art     : Explicit concurrent mark sweep GC freed 3(96B) AllocSpace objects, 0(0B) LOS objects, 35% free, 29MB/45MB, paused 535us total 42.425ms
08-05 12:48:12.315  5298  5298 I Radio-JNI: register_android_hardware_Radio DONE
08-05 12:48:12.326  2955  2979 I art     : Starting a blocking GC Explicit
08-05 12:48:12.338  5298  5298 D AndroidRuntime: Calling main entry com.android.commands.input.Input
08-05 12:48:12.340  5298  5298 I Input   : injectKeyEvent: KeyEvent { action=ACTION_DOWN, keyCode=KEYCODE_BACK, scanCode=0, metaState=0, flags=0x0, repeatCount=0, eventTime=794908753, downTime=794908753, deviceId=-1, source=0x101 }
08-05 12:48:12.347  5298  5298 I Input   : injectKeyEvent: KeyEvent { action=ACTION_UP, keyCode=KEYCODE_BACK, scanCode=0, metaState=0, flags=0x0, repeatCount=0, eventTime=794908753, downTime=794908753, deviceId=-1, source=0x101 }
08-05 12:48:12.353  5298  5298 D AndroidRuntime: Shutting down VM
08-05 12:48:12.364  2955  2979 I art     : Explicit concurrent mark sweep GC freed 26(1232B) AllocSpace objects, 0(0B) LOS objects, 35% free, 29MB/45MB, paused 436us total 35.230ms
08-05 12:48:12.421 13866 13866 I GoogleInputMethodServic: GoogleInputMethodService.onFinishInput():3138 
08-05 12:48:12.422 13866 13866 I GoogleInputMethodServic: GoogleInputMethodService.onStartInput():1808 
08-05 12:48:12.674  2955  3295 I art     : Starting a blocking GC Explicit
08-05 12:48:12.718  2955  3295 I art     : Explicit concurrent mark sweep GC freed 1610(92KB) AllocSpace objects, 1(20KB) LOS objects, 35% free, 29MB/45MB, paused 384us total 43.730ms
08-05 12:48:12.731  2955  3295 I art     : Starting a blocking GC Explicit
08-05 12:48:12.737   380   380 W SurfaceFlinger: couldn't log to binary event log: overflow.
08-05 12:48:12.765   918  3263 D ConnectivityService: releasing NetworkRequest NetworkRequest [ id=3270, legacyType=-1, [ Capabilities: INTERNET&NOT_RESTRICTED&TRUSTED] ]
08-05 12:48:12.771  2955  3295 I art     : Explicit concurrent mark sweep GC freed 741(37KB) AllocSpace objects, 0(0B) LOS objects, 35% free, 29MB/45MB, paused 595us total 39.420ms
08-05 12:48:12.787  2955  3295 I art     : Starting a blocking GC Explicit
08-05 12:48:12.819  2955  3295 I art     : Explicit concurrent mark sweep GC freed 205(9KB) AllocSpace objects, 0(0B) LOS objects, 35% free, 29MB/45MB, paused 365us total 31.856ms
08-05 12:48:12.832  2955  3295 I art     : Starting a blocking GC Explicit
08-05 12:48:12.864  2955  3295 I art     : Explicit concurrent mark sweep GC freed 2093(123KB) AllocSpace objects, 1(28KB) LOS objects, 35% free, 29MB/45MB, paused 330us total 31.538ms
08-05 12:48:12.877  2955  3295 I art     : Starting a blocking GC Explicit
08-05 12:48:12.909  2955  3295 I art     : Explicit concurrent mark sweep GC freed 3(96B) AllocSpace objects, 0(0B) LOS objects, 35% free, 29MB/45MB, paused 379us total 32.473ms
08-05 12:48:13.218  2955  2980 I art     : Starting a blocking GC Explicit
08-05 12:48:13.268  2955  2980 I art     : Explicit concurrent mark sweep GC freed 1355(82KB) AllocSpace objects, 1(20KB) LOS objects, 35% free, 29MB/45MB, paused 474us total 49.011ms
08-05 12:48:13.284  2955  2980 I art     : Starting a blocking GC Explicit
08-05 12:48:13.323  2955  2980 I art     : Explicit concurrent mark sweep GC freed 20(704B) AllocSpace objects, 0(0B) LOS objects, 35% free, 29MB/45MB, paused 399us total 38.986ms
08-05 12:48:13.338  2955  2980 I art     : Starting a blocking GC Explicit
08-05 12:48:13.377  2955  2980 I art     : Explicit concurrent mark sweep GC freed 3(96B) AllocSpace objects, 0(0B) LOS objects, 35% free, 29MB/45MB, paused 408us total 38.406ms
08-05 12:48:13.391  2955  2980 I art     : Starting a blocking GC Explicit
08-05 12:48:13.430  2955  2980 I art     : Explicit concurrent mark sweep GC freed 3(96B) AllocSpace objects, 0(0B) LOS objects, 35% free, 29MB/45MB, paused 387us total 38.911ms
08-05 12:48:13.445  2955  2980 I art     : Starting a blocking GC Explicit
08-05 12:48:13.484  2955  2980 I art     : Explicit concurrent mark sweep GC freed 3(96B) AllocSpace objects, 0(0B) LOS objects, 35% free, 29MB/45MB, paused 428us total 38.757ms
08-05 12:48:13.764  2955  2979 I art     : Starting a blocking GC Explicit
08-05 12:48:13.803  2955  2979 I art     : Explicit concurrent mark sweep GC freed 1354(82KB) AllocSpace objects, 1(20KB) LOS objects, 35% free, 29MB/45MB, paused 408us total 38.734ms
08-05 12:48:13.818  2955  2979 I art     : Starting a blocking GC Explicit
08-05 12:48:13.853  2955  2979 I art     : Explicit concurrent mark sweep GC freed 20(704B) AllocSpace objects, 0(0B) LOS objects, 35% free, 29MB/45MB, paused 373us total 35.007ms
08-05 12:48:13.868  2955  2979 I art     : Starting a blocking GC Explicit
08-05 12:48:13.904  2955  2979 I art     : Explicit concurrent mark sweep GC freed 3(96B) AllocSpace objects, 0(0B) LOS objects, 35% free, 29MB/45MB, paused 391us total 36.713ms
08-05 12:48:13.919  2955  2979 I art     : Starting a blocking GC Explicit
08-05 12:48:13.955  2955  2979 I art     : Explicit concurrent mark sweep GC freed 3(96B) AllocSpace objects, 0(0B) LOS objects, 35% free, 29MB/45MB, paused 396us total 36.492ms
08-05 12:48:13.970  2955  2979 I art     : Starting a blocking GC Explicit
08-05 12:48:14.006  2955  2979 I art     : Explicit concurrent mark sweep GC freed 3(96B) AllocSpace objects, 0(0B) LOS objects, 35% free, 29MB/45MB, paused 423us total 35.649ms
08-05 12:48:14.015  5343  5343 D AndroidRuntime: >>>>>> START com.android.internal.os.RuntimeInit uid 2000 <<<<<<
08-05 12:48:14.020  5343  5343 D AndroidRuntime: CheckJNI is OFF
08-05 12:48:14.052  5343  5343 D ICU     : No timezone override file found: /data/misc/zoneinfo/current/icu/icu_tzdata.dat
08-05 12:48:14.085  5343  5343 I Radio-JNI: register_android_hardware_Radio DONE
08-05 12:48:14.107  5343  5343 D AndroidRuntime: Calling main entry com.android.commands.input.Input
08-05 12:48:14.109  5343  5343 I Input   : injectMotionEvent: MotionEvent { action=ACTION_DOWN, actionButton=0, id[0]=0, x[0]=600.0, y[0]=820.0, toolType[0]=TOOL_TYPE_UNKNOWN, buttonState=0, metaState=0, flags=0x0, edgeFlags=0x0, pointerCount=1, historySize=0, eventTime=794910521, downTime=794910521, deviceId=0, source=0x1002 }
08-05 12:48:14.114  5343  5343 I Input   : injectMotionEvent: MotionEvent { action=ACTION_UP, actionButton=0, id[0]=0, x[0]=600.0, y[0]=820.0, toolType[0]=TOOL_TYPE_UNKNOWN, buttonState=0, metaState=0, flags=0x0, edgeFlags=0x0, pointerCount=1, historySize=0, eventTime=794910521, downTime=794910521, deviceId=0, source=0x1002 }
08-05 12:48:14.116  5343  5343 D AndroidRuntime: Shutting down VM
08-05 12:48:14.128   512  2967 D audio_hw_primary: out_set_parameters: enter: usecase(1: low-latency-playback) kvpairs: routing=2
08-05 12:48:14.131   918  6111 I ActivityManager: START u0 {dat=https://oauth.reddit.com/... cmp=baseline.org.quantumbadger.redreader/.activities.CommentListingActivity} from uid 10689 on display 0
08-05 12:48:14.143   512  2967 D audio_hw_primary: select_devices: out_snd_device(2: speaker) in_snd_device(0: none)
08-05 12:48:14.143   512  2967 D msm8974_platform: platform_send_audio_calibration: sending audio calibration for snd_device(2) acdb_id(15)
08-05 12:48:14.143   512  2967 I soundtrigger: audio_extn_sound_trigger_update_device_status: device 0x2 of type 0 for Event 1
08-05 12:48:14.153   512  2967 D audio_hw_primary: enable_snd_device: snd_device(2: speaker)
08-05 12:48:14.156   512  2967 D audio_hw_primary: enable_audio_route: apply and update mixer path: low-latency-playback speaker
08-05 12:48:14.158  2955  2955 I AppCompatViewInflater: app:theme is now deprecated. Please move to using android:theme instead.
08-05 12:48:14.174  2955  5374 D OK      : calling: https://oauth.reddit.com/comments/hi3oht/.json?sort=confidence
08-05 12:48:14.237   918   936 I ActivityManager: Displayed baseline.org.quantumbadger.redreader/.activities.CommentListingActivity: +96ms
08-05 12:48:14.237 13866 13866 I GoogleInputMethodServic: GoogleInputMethodService.onFinishInput():3138 
08-05 12:48:14.238 13866 13866 I GoogleInputMethodServic: GoogleInputMethodService.onStartInput():1808 
08-05 12:48:14.281  2955  2979 I art     : Starting a blocking GC Explicit
08-05 12:48:14.318  2955  2979 I art     : Explicit concurrent mark sweep GC freed 4181(224KB) AllocSpace objects, 1(20KB) LOS objects, 35% free, 29MB/45MB, paused 476us total 36.801ms
08-05 12:48:14.333  2955  2979 I art     : Starting a blocking GC Explicit
08-05 12:48:14.370  2955  2979 I art     : Explicit concurrent mark sweep GC freed 2285(95KB) AllocSpace objects, 0(0B) LOS objects, 35% free, 29MB/45MB, paused 454us total 36.950ms
08-05 12:48:14.385  2955  2979 I art     : Starting a blocking GC Explicit
08-05 12:48:14.426  2955  2979 I art     : Explicit concurrent mark sweep GC freed 190(6KB) AllocSpace objects, 0(0B) LOS objects, 35% free, 29MB/45MB, paused 500us total 40.326ms
08-05 12:48:14.441  2955  2979 I art     : Starting a blocking GC Explicit
08-05 12:48:14.473   380   380 W SurfaceFlinger: couldn't log to binary event log: overflow.
08-05 12:48:14.486  2955  2979 I art     : Explicit concurrent mark sweep GC freed 13(480B) AllocSpace objects, 0(0B) LOS objects, 35% free, 29MB/45MB, paused 488us total 44.329ms
08-05 12:48:14.496  2955  5374 I NAPPA_EXPERIMENTATION: MetricNetworkRequestExecutionTime: REQUEST_DURATION_SYSTEM='322',REQUEST_DURATION_OKHTTP='148',REQUEST_SYNCHRONOUS='TRUE',RESPONSE_CODE='200',RESPONSE_METHOD='GET',RESPONSE_LENGTH_OKHTTP='-1',RESPONSE_LENGTH_HEADER='167875',REQUEST_PROTOCOL='h2',REQUEST_URL='https://oauth.reddit.com/comments/hi3oht/.json?sort=confidence',
08-05 12:48:14.497  2955  5374 D OK      : request got status: 200
08-05 12:48:14.500  2955  2979 I art     : Starting a blocking GC Explicit
08-05 12:48:14.512  2955  3577 I CommentListingActivity: COMMENTS session changed to 091d19cf-8b9a-4610-a9a8-92c7a563dd98
08-05 12:48:14.534  2955  2979 I art     : Explicit concurrent mark sweep GC freed 731(112KB) AllocSpace objects, 1(16KB) LOS objects, 35% free, 29MB/45MB, paused 480us total 34.309ms
08-05 12:48:14.688   512  2967 D audio_hw_primary: disable_audio_route: reset and update mixer path: low-latency-playback speaker
08-05 12:48:14.689   512  2967 D audio_hw_primary: disable_snd_device: snd_device(2: speaker)
08-05 12:48:14.699   512  2967 I soundtrigger: audio_extn_sound_trigger_update_device_status: device 0x2 of type 0 for Event 0
08-05 12:48:14.811  2955  3034 I art     : Starting a blocking GC Explicit
08-05 12:48:14.881  2955  3034 I art     : Explicit concurrent mark sweep GC freed 49223(3MB) AllocSpace objects, 4(88KB) LOS objects, 32% free, 33MB/49MB, paused 988us total 69.376ms
08-05 12:48:14.898  2955  3034 I art     : Starting a blocking GC Explicit
08-05 12:48:14.963  2955  3034 I art     : Explicit concurrent mark sweep GC freed 9789(780KB) AllocSpace objects, 1(16KB) LOS objects, 31% free, 34MB/50MB, paused 1.080ms total 65.018ms
08-05 12:48:14.981  2955  3034 I art     : Starting a blocking GC Explicit
08-05 12:48:15.050  2955  3034 I art     : Explicit concurrent mark sweep GC freed 346(106KB) AllocSpace objects, 1(68KB) LOS objects, 31% free, 35MB/51MB, paused 707us total 68.122ms
08-05 12:48:15.068  2955  3034 I art     : Starting a blocking GC Explicit
08-05 12:48:15.121  2955  3034 I art     : Explicit concurrent mark sweep GC freed 36783(1724KB) AllocSpace objects, 3(100KB) LOS objects, 32% free, 33MB/49MB, paused 409us total 52.913ms
08-05 12:48:15.138  2955  3034 I art     : Starting a blocking GC Explicit
08-05 12:48:15.192  2955  3034 I art     : Explicit concurrent mark sweep GC freed 8(272B) AllocSpace objects, 0(0B) LOS objects, 32% free, 33MB/49MB, paused 399us total 53.848ms
08-05 12:48:15.520  2955  3295 I art     : Starting a blocking GC Explicit
08-05 12:48:15.577  2955  3295 I art     : Explicit concurrent mark sweep GC freed 1354(82KB) AllocSpace objects, 1(20KB) LOS objects, 32% free, 33MB/49MB, paused 438us total 57.142ms
08-05 12:48:15.594  2955  3295 I art     : Starting a blocking GC Explicit
08-05 12:48:15.652  2955  3295 I art     : Explicit concurrent mark sweep GC freed 66(2528B) AllocSpace objects, 0(0B) LOS objects, 32% free, 33MB/49MB, paused 442us total 56.947ms
08-05 12:48:15.669  2955  3295 I art     : Starting a blocking GC Explicit
08-05 12:48:15.726  2955  3295 I art     : Explicit concurrent mark sweep GC freed 3(96B) AllocSpace objects, 0(0B) LOS objects, 32% free, 33MB/49MB, paused 421us total 56.455ms
08-05 12:48:15.743  2955  3295 I art     : Starting a blocking GC Explicit
08-05 12:48:15.801  2955  3295 I art     : Explicit concurrent mark sweep GC freed 3(96B) AllocSpace objects, 0(0B) LOS objects, 32% free, 33MB/49MB, paused 452us total 57.205ms
08-05 12:48:15.818  2955  3295 I art     : Starting a blocking GC Explicit
08-05 12:48:15.874  2955  3295 I art     : Explicit concurrent mark sweep GC freed 3(96B) AllocSpace objects, 0(0B) LOS objects, 32% free, 33MB/49MB, paused 436us total 55.902ms
08-05 12:48:16.232  2955  2980 I art     : Starting a blocking GC Explicit
08-05 12:48:16.308  2955  2980 I art     : Explicit concurrent mark sweep GC freed 1354(82KB) AllocSpace objects, 1(20KB) LOS objects, 32% free, 33MB/49MB, paused 524us total 75.592ms
08-05 12:48:16.324   518   646 I ThermalEngine: ACTION: GPU - Setting GPU[0] to 450000000
08-05 12:48:16.327  2955  2980 I art     : Starting a blocking GC Explicit
08-05 12:48:16.399  2955  2980 I art     : Explicit concurrent mark sweep GC freed 20(704B) AllocSpace objects, 0(0B) LOS objects, 32% free, 33MB/49MB, paused 594us total 72.448ms
08-05 12:48:16.422  2955  2980 I art     : Starting a blocking GC Explicit
08-05 12:48:16.502  2955  2980 I art     : Explicit concurrent mark sweep GC freed 3(96B) AllocSpace objects, 0(0B) LOS objects, 32% free, 33MB/49MB, paused 743us total 79.337ms
08-05 12:48:16.529  2955  2980 I art     : Starting a blocking GC Explicit
08-05 12:48:16.604  2955  2980 I art     : Explicit concurrent mark sweep GC freed 3(96B) AllocSpace objects, 0(0B) LOS objects, 32% free, 33MB/49MB, paused 572us total 74.397ms
08-05 12:48:16.626  2955  2980 I art     : Starting a blocking GC Explicit
08-05 12:48:16.699  2955  2980 I art     : Explicit concurrent mark sweep GC freed 3(96B) AllocSpace objects, 0(0B) LOS objects, 32% free, 33MB/49MB, paused 590us total 72.708ms
08-05 12:48:17.067  2955  3034 I art     : Starting a blocking GC Explicit
08-05 12:48:17.162  2955  3034 I art     : Explicit concurrent mark sweep GC freed 1354(82KB) AllocSpace objects, 1(20KB) LOS objects, 32% free, 33MB/49MB, paused 579us total 94.139ms
08-05 12:48:17.188  2955  3034 I art     : Starting a blocking GC Explicit
08-05 12:48:17.270  2955  3034 I art     : Explicit concurrent mark sweep GC freed 20(704B) AllocSpace objects, 0(0B) LOS objects, 32% free, 33MB/49MB, paused 593us total 81.663ms
08-05 12:48:17.295  2955  3034 I art     : Starting a blocking GC Explicit
08-05 12:48:17.324   518   646 I ThermalEngine: ACTION: GPU - Setting GPU[0] to 510000000
08-05 12:48:17.369  2955  3034 I art     : Explicit concurrent mark sweep GC freed 3(96B) AllocSpace objects, 0(0B) LOS objects, 32% free, 33MB/49MB, paused 460us total 73.566ms
08-05 12:48:17.387  2955  3034 I art     : Starting a blocking GC Explicit
08-05 12:48:17.445  2955  3034 I art     : Explicit concurrent mark sweep GC freed 3(96B) AllocSpace objects, 0(0B) LOS objects, 32% free, 33MB/49MB, paused 437us total 57.382ms
08-05 12:48:17.462  2955  3034 I art     : Starting a blocking GC Explicit
08-05 12:48:17.519  2955  3034 I art     : Explicit concurrent mark sweep GC freed 3(96B) AllocSpace objects, 0(0B) LOS objects, 32% free, 33MB/49MB, paused 416us total 56.342ms
08-05 12:48:17.872  2955  2979 I art     : Starting a blocking GC Explicit
08-05 12:48:17.944  2955  2979 I art     : Explicit concurrent mark sweep GC freed 1354(82KB) AllocSpace objects, 1(20KB) LOS objects, 32% free, 33MB/49MB, paused 444us total 71.986ms
08-05 12:48:17.961  2955  2979 I art     : Starting a blocking GC Explicit
08-05 12:48:18.018  2955  2979 I art     : Explicit concurrent mark sweep GC freed 20(704B) AllocSpace objects, 0(0B) LOS objects, 32% free, 33MB/49MB, paused 540us total 56.515ms
08-05 12:48:18.036  2955  2979 I art     : Starting a blocking GC Explicit
08-05 12:48:18.086  2955  2979 I art     : Explicit concurrent mark sweep GC freed 3(96B) AllocSpace objects, 0(0B) LOS objects, 32% free, 33MB/49MB, paused 395us total 50.127ms
08-05 12:48:18.104  2955  2979 I art     : Starting a blocking GC Explicit
08-05 12:48:18.161  2955  2979 I art     : Explicit concurrent mark sweep GC freed 3(96B) AllocSpace objects, 0(0B) LOS objects, 32% free, 33MB/49MB, paused 417us total 56.861ms
08-05 12:48:18.178  2955  2979 I art     : Starting a blocking GC Explicit
08-05 12:48:18.235  2955  2979 I art     : Explicit concurrent mark sweep GC freed 3(96B) AllocSpace objects, 0(0B) LOS objects, 32% free, 33MB/49MB, paused 437us total 57.182ms
08-05 12:48:18.534  2955  3295 I art     : Starting a blocking GC Explicit
08-05 12:48:18.591  2955  3295 I art     : Explicit concurrent mark sweep GC freed 1355(83KB) AllocSpace objects, 1(20KB) LOS objects, 32% free, 33MB/49MB, paused 484us total 56.586ms
08-05 12:48:18.608  2955  3295 I art     : Starting a blocking GC Explicit
08-05 12:48:18.661  2955  3295 I art     : Explicit concurrent mark sweep GC freed 20(704B) AllocSpace objects, 0(0B) LOS objects, 32% free, 33MB/49MB, paused 423us total 52.720ms
08-05 12:48:18.678  2955  3295 I art     : Starting a blocking GC Explicit
08-05 12:48:18.734  2955  3295 I art     : Explicit concurrent mark sweep GC freed 3(96B) AllocSpace objects, 0(0B) LOS objects, 32% free, 33MB/49MB, paused 446us total 55.002ms
08-05 12:48:18.751  2955  3295 I art     : Starting a blocking GC Explicit
08-05 12:48:18.802  2955  3295 I art     : Explicit concurrent mark sweep GC freed 3(96B) AllocSpace objects, 0(0B) LOS objects, 32% free, 33MB/49MB, paused 459us total 51.309ms
08-05 12:48:18.806  5432  5432 D AndroidRuntime: >>>>>> START com.android.internal.os.RuntimeInit uid 2000 <<<<<<
08-05 12:48:18.811  5432  5432 D AndroidRuntime: CheckJNI is OFF
08-05 12:48:18.819  2955  3295 I art     : Starting a blocking GC Explicit
08-05 12:48:18.844  5432  5432 D ICU     : No timezone override file found: /data/misc/zoneinfo/current/icu/icu_tzdata.dat
08-05 12:48:18.869  2955  3295 I art     : Explicit concurrent mark sweep GC freed 3(96B) AllocSpace objects, 0(0B) LOS objects, 32% free, 33MB/49MB, paused 430us total 49.463ms
08-05 12:48:18.880  5432  5432 I Radio-JNI: register_android_hardware_Radio DONE
08-05 12:48:18.902  5432  5432 D AndroidRuntime: Calling main entry com.android.commands.input.Input
08-05 12:48:18.903  5432  5432 I Input   : injectKeyEvent: KeyEvent { action=ACTION_DOWN, keyCode=KEYCODE_BACK, scanCode=0, metaState=0, flags=0x0, repeatCount=0, eventTime=794915316, downTime=794915316, deviceId=-1, source=0x101 }
08-05 12:48:18.910  5432  5432 I Input   : injectKeyEvent: KeyEvent { action=ACTION_UP, keyCode=KEYCODE_BACK, scanCode=0, metaState=0, flags=0x0, repeatCount=0, eventTime=794915316, downTime=794915316, deviceId=-1, source=0x101 }
08-05 12:48:18.915  5432  5432 D AndroidRuntime: Shutting down VM
08-05 12:48:18.960 13866 13866 I GoogleInputMethodServic: GoogleInputMethodService.onFinishInput():3138 
08-05 12:48:18.961 13866 13866 I GoogleInputMethodServic: GoogleInputMethodService.onStartInput():1808 
08-05 12:48:19.142  2955  5369 I RedditChangeDataIO: Writing tmp data file at '/data/user/0/baseline.org.quantumbadger.redreader/files/rr_change_data_tmp.dat'
08-05 12:48:19.143  2955  5369 I RedditChangeDataManager: Taking snapshot...
08-05 12:48:19.143  2955  5369 I RedditChangeDataManager: Writing to stream...
08-05 12:48:19.143  2955  5369 I RedditChangeDataManager: Wrote 5 entries for user ''
08-05 12:48:19.143  2955  5369 I RedditChangeDataManager: All entries written to stream.
08-05 12:48:19.143  2955  5369 I RedditChangeDataIO: Write successful. Atomically replacing data file...
08-05 12:48:19.143  2955  5369 I RedditChangeDataIO: Write complete.
08-05 12:48:19.143  2955  5369 I RedditChangeDataIO: 134 bytes written in 1 ms
08-05 12:48:19.144  2955  3295 I art     : Starting a blocking GC Explicit
08-05 12:48:19.196  2955  3295 I art     : Explicit concurrent mark sweep GC freed 1743(99KB) AllocSpace objects, 2(88KB) LOS objects, 32% free, 33MB/49MB, paused 351us total 52.160ms
08-05 12:48:19.213  2955  3295 I art     : Starting a blocking GC Explicit
08-05 12:48:19.262   380   380 W SurfaceFlinger: couldn't log to binary event log: overflow.
08-05 12:48:19.271  2955  3295 I art     : Explicit concurrent mark sweep GC freed 75(2576B) AllocSpace objects, 0(0B) LOS objects, 32% free, 33MB/49MB, paused 396us total 57.138ms
08-05 12:48:19.288  2955  3295 I art     : Starting a blocking GC Explicit
08-05 12:48:19.341  2955  3295 I art     : Explicit concurrent mark sweep GC freed 23(992B) AllocSpace objects, 0(0B) LOS objects, 32% free, 33MB/49MB, paused 436us total 52.498ms
08-05 12:48:19.358  2955  3295 I art     : Starting a blocking GC Explicit
08-05 12:48:19.401  2955  3295 I art     : Explicit concurrent mark sweep GC freed 76491(4MB) AllocSpace objects, 5(140KB) LOS objects, 35% free, 29MB/45MB, paused 419us total 43.134ms
08-05 12:48:19.415  2955  3295 I art     : Starting a blocking GC Explicit
08-05 12:48:19.453  2955  3295 I art     : Explicit concurrent mark sweep GC freed 3(96B) AllocSpace objects, 0(0B) LOS objects, 35% free, 29MB/45MB, paused 414us total 37.784ms
08-05 12:48:19.777  2955  3034 I art     : Starting a blocking GC Explicit
08-05 12:48:19.822  2955  3034 I art     : Explicit concurrent mark sweep GC freed 1358(82KB) AllocSpace objects, 1(20KB) LOS objects, 35% free, 29MB/45MB, paused 428us total 45.485ms
08-05 12:48:19.837  2955  3034 I art     : Starting a blocking GC Explicit
08-05 12:48:19.876  2955  3034 I art     : Explicit concurrent mark sweep GC freed 27(1104B) AllocSpace objects, 0(0B) LOS objects, 35% free, 29MB/45MB, paused 420us total 39.228ms
08-05 12:48:19.891  2955  3034 I art     : Starting a blocking GC Explicit
08-05 12:48:19.929  2955  3034 I art     : Explicit concurrent mark sweep GC freed 3(96B) AllocSpace objects, 0(0B) LOS objects, 35% free, 29MB/45MB, paused 423us total 38.182ms
08-05 12:48:19.944  2955  3034 I art     : Starting a blocking GC Explicit
08-05 12:48:19.983  2955  3034 I art     : Explicit concurrent mark sweep GC freed 22(1216B) AllocSpace objects, 0(0B) LOS objects, 35% free, 29MB/45MB, paused 484us total 38.921ms
08-05 12:48:19.997  2955  3034 I art     : Starting a blocking GC Explicit
08-05 12:48:20.036  2955  3034 I art     : Explicit concurrent mark sweep GC freed 219(35KB) AllocSpace objects, 0(0B) LOS objects, 35% free, 29MB/45MB, paused 373us total 38.677ms
08-05 12:48:20.328  2955  2979 I art     : Starting a blocking GC Explicit
08-05 12:48:20.371  2955  2979 I art     : Explicit concurrent mark sweep GC freed 1419(84KB) AllocSpace objects, 1(20KB) LOS objects, 35% free, 29MB/45MB, paused 405us total 42.166ms
08-05 12:48:20.385  2955  2979 I art     : Starting a blocking GC Explicit
08-05 12:48:20.422  2955  2979 I art     : Explicit concurrent mark sweep GC freed 20(704B) AllocSpace objects, 0(0B) LOS objects, 35% free, 29MB/45MB, paused 387us total 36.628ms
08-05 12:48:20.435  2955  2979 I art     : Starting a blocking GC Explicit
08-05 12:48:20.472  2955  2979 I art     : Explicit concurrent mark sweep GC freed 3(96B) AllocSpace objects, 0(0B) LOS objects, 35% free, 29MB/45MB, paused 386us total 36.397ms
08-05 12:48:20.486  2955  2979 I art     : Starting a blocking GC Explicit
08-05 12:48:20.522  2955  2979 I art     : Explicit concurrent mark sweep GC freed 3(96B) AllocSpace objects, 0(0B) LOS objects, 35% free, 29MB/45MB, paused 382us total 35.875ms
08-05 12:48:20.536  2955  2979 I art     : Starting a blocking GC Explicit
08-05 12:48:20.572  2955  2979 I art     : Explicit concurrent mark sweep GC freed 3(96B) AllocSpace objects, 0(0B) LOS objects, 35% free, 29MB/45MB, paused 413us total 35.876ms
08-05 12:48:20.601  5475  5475 D AndroidRuntime: >>>>>> START com.android.internal.os.RuntimeInit uid 2000 <<<<<<
08-05 12:48:20.606  5475  5475 D AndroidRuntime: CheckJNI is OFF
08-05 12:48:20.640  5475  5475 D ICU     : No timezone override file found: /data/misc/zoneinfo/current/icu/icu_tzdata.dat
08-05 12:48:20.674  5475  5475 I Radio-JNI: register_android_hardware_Radio DONE
08-05 12:48:20.696  5475  5475 D AndroidRuntime: Calling main entry com.android.commands.input.Input
08-05 12:48:20.699  5475  5475 I Input   : injectMotionEvent: MotionEvent { action=ACTION_DOWN, actionButton=0, id[0]=0, x[0]=600.0, y[0]=580.0, toolType[0]=TOOL_TYPE_UNKNOWN, buttonState=0, metaState=0, flags=0x0, edgeFlags=0x0, pointerCount=1, historySize=0, eventTime=794917111, downTime=794917111, deviceId=0, source=0x1002 }
08-05 12:48:20.706  5475  5475 I Input   : injectMotionEvent: MotionEvent { action=ACTION_UP, actionButton=0, id[0]=0, x[0]=600.0, y[0]=580.0, toolType[0]=TOOL_TYPE_UNKNOWN, buttonState=0, metaState=0, flags=0x0, edgeFlags=0x0, pointerCount=1, historySize=0, eventTime=794917111, downTime=794917111, deviceId=0, source=0x1002 }
08-05 12:48:20.707  5475  5475 D AndroidRuntime: Shutting down VM
08-05 12:48:20.719   512  2967 D audio_hw_primary: out_set_parameters: enter: usecase(1: low-latency-playback) kvpairs: routing=2
08-05 12:48:20.719   918  3961 I ActivityManager: START u0 {cmp=baseline.org.quantumbadger.redreader/.activities.WebViewActivity (has extras)} from uid 10689 on display 0
08-05 12:48:20.732   512  2967 D audio_hw_primary: select_devices: out_snd_device(2: speaker) in_snd_device(0: none)
08-05 12:48:20.732   512  2967 D msm8974_platform: platform_send_audio_calibration: sending audio calibration for snd_device(2) acdb_id(15)
08-05 12:48:20.732   512  2967 I soundtrigger: audio_extn_sound_trigger_update_device_status: device 0x2 of type 0 for Event 1
08-05 12:48:20.744   512  2967 D audio_hw_primary: enable_snd_device: snd_device(2: speaker)
08-05 12:48:20.746   512  2967 D audio_hw_primary: enable_audio_route: apply and update mixer path: low-latency-playback speaker
08-05 12:48:20.750  2955  2955 I AppCompatViewInflater: app:theme is now deprecated. Please move to using android:theme instead.
08-05 12:48:20.767   918  6112 D ConnectivityService: listenForNetwork for Listen from uid/pid:10689/2955 for NetworkRequest [ id=3271, legacyType=-1, [ Capabilities: INTERNET&NOT_RESTRICTED&TRUSTED] ]
08-05 12:48:20.860  2955  2979 I art     : Starting a blocking GC Explicit
08-05 12:48:20.882   918   936 I ActivityManager: Displayed baseline.org.quantumbadger.redreader/.activities.WebViewActivity: +152ms
08-05 12:48:20.884 13866 13866 I GoogleInputMethodServic: GoogleInputMethodService.onFinishInput():3138 
08-05 12:48:20.885 13866 13866 I GoogleInputMethodServic: GoogleInputMethodService.onStartInput():1808 
08-05 12:48:20.895  2955  2979 I art     : Explicit concurrent mark sweep GC freed 5899(311KB) AllocSpace objects, 1(20KB) LOS objects, 35% free, 29MB/45MB, paused 402us total 34.829ms
08-05 12:48:20.912  2955  2979 I art     : Starting a blocking GC Explicit
08-05 12:48:20.947  2955  2979 I art     : Explicit concurrent mark sweep GC freed 547(30KB) AllocSpace objects, 0(0B) LOS objects, 35% free, 29MB/45MB, paused 556us total 34.508ms
08-05 12:48:20.962  2955  2979 I art     : Starting a blocking GC Explicit
08-05 12:48:20.995  2955  2979 I art     : Explicit concurrent mark sweep GC freed 7(224B) AllocSpace objects, 0(0B) LOS objects, 35% free, 29MB/45MB, paused 360us total 32.681ms
08-05 12:48:21.009  2955  2979 I art     : Starting a blocking GC Explicit
08-05 12:48:21.050  2955  2979 I art     : Explicit concurrent mark sweep GC freed 6(224B) AllocSpace objects, 0(0B) LOS objects, 35% free, 29MB/45MB, paused 470us total 41.640ms
08-05 12:48:21.066  2955  2979 I art     : Starting a blocking GC Explicit
08-05 12:48:21.112  2955  2979 I art     : Explicit concurrent mark sweep GC freed 3(96B) AllocSpace objects, 0(0B) LOS objects, 35% free, 29MB/45MB, paused 389us total 45.533ms
08-05 12:48:21.115   380   380 W SurfaceFlinger: couldn't log to binary event log: overflow.
08-05 12:48:21.288   512  2967 D audio_hw_primary: disable_audio_route: reset and update mixer path: low-latency-playback speaker
08-05 12:48:21.290   512  2967 D audio_hw_primary: disable_snd_device: snd_device(2: speaker)
08-05 12:48:21.299   512  2967 I soundtrigger: audio_extn_sound_trigger_update_device_status: device 0x2 of type 0 for Event 0
08-05 12:48:21.479  2955  3295 I art     : Starting a blocking GC Explicit
08-05 12:48:21.522  2955  3295 I art     : Explicit concurrent mark sweep GC freed 2291(134KB) AllocSpace objects, 1(20KB) LOS objects, 35% free, 29MB/45MB, paused 442us total 42.511ms
08-05 12:48:21.536  2955  3295 I art     : Starting a blocking GC Explicit
08-05 12:48:21.578  2955  3295 I art     : Explicit concurrent mark sweep GC freed 28(928B) AllocSpace objects, 0(0B) LOS objects, 35% free, 29MB/45MB, paused 449us total 41.343ms
08-05 12:48:21.591  2955  3295 I art     : Starting a blocking GC Explicit
08-05 12:48:21.630  2955  3295 I art     : Explicit concurrent mark sweep GC freed 10(320B) AllocSpace objects, 0(0B) LOS objects, 35% free, 29MB/45MB, paused 416us total 38.182ms
08-05 12:48:21.649  2955  3295 I art     : Starting a blocking GC Explicit
08-05 12:48:21.689  2955  3295 I art     : Explicit concurrent mark sweep GC freed 10(320B) AllocSpace objects, 0(0B) LOS objects, 35% free, 29MB/45MB, paused 373us total 39.677ms
08-05 12:48:21.704  2955  3295 I art     : Starting a blocking GC Explicit
08-05 12:48:21.745  2955  3295 I art     : Explicit concurrent mark sweep GC freed 9(288B) AllocSpace objects, 0(0B) LOS objects, 35% free, 29MB/45MB, paused 491us total 40.630ms
08-05 12:48:22.083  2955  3295 I art     : Starting a blocking GC Explicit
08-05 12:48:22.127  2955  3295 I art     : Explicit concurrent mark sweep GC freed 1440(86KB) AllocSpace objects, 1(20KB) LOS objects, 35% free, 29MB/45MB, paused 489us total 43.757ms
08-05 12:48:22.145  2955  3295 I art     : Starting a blocking GC Explicit
08-05 12:48:22.189  2955  3295 I art     : Explicit concurrent mark sweep GC freed 27(928B) AllocSpace objects, 0(0B) LOS objects, 35% free, 29MB/45MB, paused 381us total 43.241ms
08-05 12:48:22.204  2955  3295 I art     : Starting a blocking GC Explicit
08-05 12:48:22.219  2955  2955 I chromium: [INFO:CONSOLE(1)] "
08-05 12:48:22.219  2955  2955 I chromium:                   ,d"=,.,qOp,
08-05 12:48:22.219  2955  2955 I chromium:                  ,7'  ''$(  )
08-05 12:48:22.219  2955  2955 I chromium:                 ,7'      '?q$7'
08-05 12:48:22.219  2955  2955 I chromium:              ..,$$,.
08-05 12:48:22.219  2955  2955 I chromium:    ,.  .,,--***""***--,,.  .,
08-05 12:48:22.219  2955  2955 I chromium:     ,p''              ''q,   
08-05 12:48:22.219  2955  2955 I chromium: :  ,7'                      '7,  :
08-05 12:48:22.219  2955  2955 I chromium:  ' $      ,db,      ,db,      $ '
08-05 12:48:22.219  2955  2955 I chromium:   '$      $$      $$      $'    Using Reddit at work? Work for Reddit.
08-05 12:48:22.219  2955  2955 I chromium:   '$                          $'        https://www.reddit.com/jobs
08-05 12:48:22.219  2955  2955 I chromium:    '$.     .,        ,.     .$'
08-05 12:48:22.219  2955  2955 I chromium:     'b,     ''     ,d'
08-05 12:48:22.219  2955  2955 I chromium:      '?bn,,          ,,nd?'
08-05 12:48:22.219  2955  2955 I chromium:        ,7$ '''' $7,
08-05 12:48:22.219  2955  2955 I chromium:      , $              $ ,
08-05 12:48:22.219  2955  2955 I chromium:      $  :$              $:  $
08-05 12:48:22.219  2955  2955 I chromium:      $   $              $   $
08-05 12:48:22.219  2955  2955 I chromium:      'b  q:            :p  d'
08-05 12:48:22.219  2955  2955 I chromium:       '?$.          .$?'
08-05 12:48:22.219  2955  2955 I chromium:          'b            d'
08-05 12:48:22.219  2955  2955 I chromium:        ,'?,.      .,?',
08-05 12:48:22.219  2955  2955 I chromium:       ==--==--==--==
08-05 12:48:22.219  2955  2955 I chromium: ", source: https://www.redditstatic.com/desktop2x/Chat~Governance~Reddit.2ea93b134a9b2e5b1d9a.js (1)
08-05 12:48:22.241  2955  3295 I art     : Explicit concurrent mark sweep GC freed 12(2560B) AllocSpace objects, 0(0B) LOS objects, 35% free, 29MB/45MB, paused 390us total 37.364ms
08-05 12:48:22.256  2955  3295 I art     : Starting a blocking GC Explicit
08-05 12:48:22.293  2955  3295 I art     : Explicit concurrent mark sweep GC freed 9(288B) AllocSpace objects, 0(0B) LOS objects, 35% free, 29MB/45MB, paused 364us total 36.546ms
08-05 12:48:22.308  2955  3295 I art     : Starting a blocking GC Explicit
08-05 12:48:22.344  2955  3295 I art     : Explicit concurrent mark sweep GC freed 9(288B) AllocSpace objects, 0(0B) LOS objects, 35% free, 29MB/45MB, paused 473us total 35.423ms
08-05 12:48:22.679  2955  2980 I art     : Starting a blocking GC Explicit
08-05 12:48:22.720  2955  2980 I art     : Explicit concurrent mark sweep GC freed 1438(85KB) AllocSpace objects, 1(20KB) LOS objects, 35% free, 29MB/45MB, paused 689us total 40.404ms
08-05 12:48:22.734  2955  2980 I art     : Starting a blocking GC Explicit
08-05 12:48:22.767  2955  2980 I art     : Explicit concurrent mark sweep GC freed 23(800B) AllocSpace objects, 0(0B) LOS objects, 35% free, 29MB/45MB, paused 468us total 33.083ms
08-05 12:48:22.780  2955  2980 I art     : Starting a blocking GC Explicit
08-05 12:48:22.815  2955  2980 I art     : Explicit concurrent mark sweep GC freed 3(96B) AllocSpace objects, 0(0B) LOS objects, 35% free, 29MB/45MB, paused 404us total 34.533ms
08-05 12:48:22.828  2955  2980 I art     : Starting a blocking GC Explicit
08-05 12:48:22.862  2955  2980 I art     : Explicit concurrent mark sweep GC freed 3(96B) AllocSpace objects, 0(0B) LOS objects, 35% free, 29MB/45MB, paused 402us total 33.489ms
08-05 12:48:22.875  2955  2980 I art     : Starting a blocking GC Explicit
08-05 12:48:22.910  2955  2980 I art     : Explicit concurrent mark sweep GC freed 3(96B) AllocSpace objects, 0(0B) LOS objects, 35% free, 29MB/45MB, paused 406us total 33.895ms
08-05 12:48:23.249  2955  3295 I art     : Starting a blocking GC Explicit
08-05 12:48:23.295  2955  3295 I art     : Explicit concurrent mark sweep GC freed 1566(94KB) AllocSpace objects, 1(20KB) LOS objects, 35% free, 29MB/45MB, paused 417us total 45.672ms
08-05 12:48:23.309  2955  3295 I art     : Starting a blocking GC Explicit
08-05 12:48:23.333   518   646 I ThermalEngine: ACTION: GPU - Setting GPU[0] to 450000000
08-05 12:48:23.368  2955  3295 I art     : Explicit concurrent mark sweep GC freed 20(704B) AllocSpace objects, 0(0B) LOS objects, 35% free, 29MB/45MB, paused 511us total 58.034ms
08-05 12:48:23.386  2955  3295 I art     : Starting a blocking GC Explicit
08-05 12:48:23.437  2955  3295 I art     : Explicit concurrent mark sweep GC freed 3(96B) AllocSpace objects, 0(0B) LOS objects, 35% free, 29MB/45MB, paused 656us total 50.469ms
08-05 12:48:23.461  2955  3295 I art     : Starting a blocking GC Explicit
08-05 12:48:23.510  2955  3295 I art     : Explicit concurrent mark sweep GC freed 3(96B) AllocSpace objects, 0(0B) LOS objects, 35% free, 29MB/45MB, paused 540us total 48.736ms
08-05 12:48:23.530  2955  3295 I art     : Starting a blocking GC Explicit
08-05 12:48:23.584  2955  3295 I art     : Explicit concurrent mark sweep GC freed 7(208B) AllocSpace objects, 0(0B) LOS objects, 35% free, 29MB/45MB, paused 568us total 54.335ms
08-05 12:48:23.975  2955  3295 I art     : Starting a blocking GC Explicit
08-05 12:48:24.022  2955  3295 I art     : Explicit concurrent mark sweep GC freed 1410(87KB) AllocSpace objects, 1(20KB) LOS objects, 35% free, 29MB/45MB, paused 529us total 46.692ms
08-05 12:48:24.043  2955  3295 I art     : Starting a blocking GC Explicit
08-05 12:48:24.086  2955  3295 I art     : Explicit concurrent mark sweep GC freed 20(704B) AllocSpace objects, 0(0B) LOS objects, 35% free, 29MB/45MB, paused 514us total 42.441ms
08-05 12:48:24.104  2955  3295 I art     : Starting a blocking GC Explicit
08-05 12:48:24.156  2955  3295 I art     : Explicit concurrent mark sweep GC freed 3(96B) AllocSpace objects, 0(0B) LOS objects, 35% free, 29MB/45MB, paused 551us total 51.405ms
08-05 12:48:24.175  2955  3295 I art     : Starting a blocking GC Explicit
08-05 12:48:24.224  2955  3295 I art     : Explicit concurrent mark sweep GC freed 3(96B) AllocSpace objects, 0(0B) LOS objects, 35% free, 29MB/45MB, paused 526us total 49.097ms
08-05 12:48:24.246  2955  3295 I art     : Starting a blocking GC Explicit
08-05 12:48:24.297  2955  3295 I art     : Explicit concurrent mark sweep GC freed 3(96B) AllocSpace objects, 0(0B) LOS objects, 35% free, 29MB/45MB, paused 543us total 50.741ms
08-05 12:48:24.710  2955  3295 I art     : Starting a blocking GC Explicit
08-05 12:48:24.764  2955  3295 I art     : Explicit concurrent mark sweep GC freed 1355(82KB) AllocSpace objects, 1(20KB) LOS objects, 35% free, 29MB/45MB, paused 541us total 53.504ms
08-05 12:48:24.782  2955  3295 I art     : Starting a blocking GC Explicit
08-05 12:48:24.832  2955  3295 I art     : Explicit concurrent mark sweep GC freed 20(704B) AllocSpace objects, 0(0B) LOS objects, 35% free, 29MB/45MB, paused 496us total 48.783ms
08-05 12:48:24.854  2955  3295 I art     : Starting a blocking GC Explicit
08-05 12:48:24.898  2955  3295 I art     : Explicit concurrent mark sweep GC freed 3(96B) AllocSpace objects, 0(0B) LOS objects, 35% free, 29MB/45MB, paused 545us total 44.308ms
08-05 12:48:24.917  2955  3295 I art     : Starting a blocking GC Explicit
08-05 12:48:24.966  2955  3295 I art     : Explicit concurrent mark sweep GC freed 3(96B) AllocSpace objects, 0(0B) LOS objects, 35% free, 29MB/45MB, paused 502us total 48.940ms
08-05 12:48:24.984  2955  3295 I art     : Starting a blocking GC Explicit
08-05 12:48:25.030  2955  3295 I art     : Explicit concurrent mark sweep GC freed 3(96B) AllocSpace objects, 0(0B) LOS objects, 35% free, 29MB/45MB, paused 620us total 46.445ms
08-05 12:48:25.442  2955  2980 I art     : Starting a blocking GC Explicit
08-05 12:48:25.479  5578  5578 D AndroidRuntime: >>>>>> START com.android.internal.os.RuntimeInit uid 2000 <<<<<<
08-05 12:48:25.485  5578  5578 D AndroidRuntime: CheckJNI is OFF
08-05 12:48:25.499  2955  2980 I art     : Explicit concurrent mark sweep GC freed 1355(82KB) AllocSpace objects, 1(20KB) LOS objects, 35% free, 29MB/45MB, paused 782us total 56.726ms
08-05 12:48:25.521  2955  2980 I art     : Starting a blocking GC Explicit
08-05 12:48:25.526  5578  5578 D ICU     : No timezone override file found: /data/misc/zoneinfo/current/icu/icu_tzdata.dat
08-05 12:48:25.564  5578  5578 I Radio-JNI: register_android_hardware_Radio DONE
08-05 12:48:25.568  2955  2980 I art     : Explicit concurrent mark sweep GC freed 20(704B) AllocSpace objects, 0(0B) LOS objects, 35% free, 29MB/45MB, paused 509us total 45.964ms
08-05 12:48:25.585  2955  2980 I art     : Starting a blocking GC Explicit
08-05 12:48:25.593  5578  5578 D AndroidRuntime: Calling main entry com.android.commands.input.Input
08-05 12:48:25.594  5578  5578 I Input   : injectKeyEvent: KeyEvent { action=ACTION_DOWN, keyCode=KEYCODE_BACK, scanCode=0, metaState=0, flags=0x0, repeatCount=0, eventTime=794922007, downTime=794922007, deviceId=-1, source=0x101 }
08-05 12:48:25.599  5578  5578 I Input   : injectKeyEvent: KeyEvent { action=ACTION_UP, keyCode=KEYCODE_BACK, scanCode=0, metaState=0, flags=0x0, repeatCount=0, eventTime=794922007, downTime=794922007, deviceId=-1, source=0x101 }
08-05 12:48:25.608  5578  5578 D AndroidRuntime: Shutting down VM
08-05 12:48:25.627  2955  2980 I art     : Explicit concurrent mark sweep GC freed 133(4KB) AllocSpace objects, 0(0B) LOS objects, 35% free, 29MB/45MB, paused 560us total 41.364ms
08-05 12:48:25.643 13866 13866 I GoogleInputMethodServic: GoogleInputMethodService.onFinishInput():3138 
08-05 12:48:25.644 13866 13866 I GoogleInputMethodServic: GoogleInputMethodService.onStartInput():1808 
08-05 12:48:25.645  2955  2980 I art     : Starting a blocking GC Explicit
08-05 12:48:25.687  2955  2980 I art     : Explicit concurrent mark sweep GC freed 114(4KB) AllocSpace objects, 0(0B) LOS objects, 35% free, 29MB/45MB, paused 524us total 42.110ms
08-05 12:48:25.705  2955  2980 I art     : Starting a blocking GC Explicit
08-05 12:48:25.731  2955  5503 I RedditChangeDataIO: Writing tmp data file at '/data/user/0/baseline.org.quantumbadger.redreader/files/rr_change_data_tmp.dat'
08-05 12:48:25.732  2955  5503 I RedditChangeDataManager: Taking snapshot...
08-05 12:48:25.732  2955  5503 I RedditChangeDataManager: Writing to stream...
08-05 12:48:25.732  2955  5503 I RedditChangeDataManager: Wrote 5 entries for user ''
08-05 12:48:25.732  2955  5503 I RedditChangeDataManager: All entries written to stream.
08-05 12:48:25.732  2955  5503 I RedditChangeDataIO: Write successful. Atomically replacing data file...
08-05 12:48:25.732  2955  5503 I RedditChangeDataIO: Write complete.
08-05 12:48:25.732  2955  5503 I RedditChangeDataIO: 134 bytes written in 1 ms
08-05 12:48:25.746  2955  2980 I art     : Explicit concurrent mark sweep GC freed 111(5KB) AllocSpace objects, 1(68KB) LOS objects, 35% free, 29MB/45MB, paused 461us total 40.632ms
08-05 12:48:25.971   380   380 W SurfaceFlinger: couldn't log to binary event log: overflow.
08-05 12:48:26.011   918  3263 D ConnectivityService: releasing NetworkRequest NetworkRequest [ id=3271, legacyType=-1, [ Capabilities: INTERNET&NOT_RESTRICTED&TRUSTED] ]
08-05 12:48:26.147  2955  3295 I art     : Starting a blocking GC Explicit
08-05 12:48:26.191  2955  3295 I art     : Explicit concurrent mark sweep GC freed 2268(125KB) AllocSpace objects, 1(20KB) LOS objects, 35% free, 29MB/45MB, paused 495us total 44.451ms
08-05 12:48:26.209  2955  3295 I art     : Starting a blocking GC Explicit
08-05 12:48:26.251  2955  3295 I art     : Explicit concurrent mark sweep GC freed 2114(124KB) AllocSpace objects, 1(28KB) LOS objects, 35% free, 29MB/45MB, paused 495us total 42.325ms
08-05 12:48:26.269  2955  3295 I art     : Starting a blocking GC Explicit
08-05 12:48:26.310  2955  3295 I art     : Explicit concurrent mark sweep GC freed 3(96B) AllocSpace objects, 0(0B) LOS objects, 35% free, 29MB/45MB, paused 481us total 41.538ms
08-05 12:48:26.328  2955  3295 I art     : Starting a blocking GC Explicit
08-05 12:48:26.373  2955  3295 I art     : Explicit concurrent mark sweep GC freed 3(96B) AllocSpace objects, 0(0B) LOS objects, 35% free, 29MB/45MB, paused 479us total 45.024ms
08-05 12:48:26.391  2955  3295 I art     : Starting a blocking GC Explicit
08-05 12:48:26.438  2955  3295 I art     : Explicit concurrent mark sweep GC freed 3(96B) AllocSpace objects, 0(0B) LOS objects, 35% free, 29MB/45MB, paused 528us total 46.247ms
08-05 12:48:26.800  2955  2979 I art     : Starting a blocking GC Explicit
08-05 12:48:26.863  2955  2979 I art     : Explicit concurrent mark sweep GC freed 1355(82KB) AllocSpace objects, 1(20KB) LOS objects, 35% free, 29MB/45MB, paused 465us total 62.129ms
08-05 12:48:26.880  2955  2979 I art     : Starting a blocking GC Explicit
08-05 12:48:26.925  2955  2979 I art     : Explicit concurrent mark sweep GC freed 20(704B) AllocSpace objects, 0(0B) LOS objects, 35% free, 29MB/45MB, paused 515us total 44.123ms
08-05 12:48:26.943  2955  2979 I art     : Starting a blocking GC Explicit
08-05 12:48:26.987  2955  2979 I art     : Explicit concurrent mark sweep GC freed 3(96B) AllocSpace objects, 0(0B) LOS objects, 35% free, 29MB/45MB, paused 619us total 44.182ms
08-05 12:48:27.005  2955  2979 I art     : Starting a blocking GC Explicit
08-05 12:48:27.051  2955  2979 I art     : Explicit concurrent mark sweep GC freed 3(96B) AllocSpace objects, 0(0B) LOS objects, 35% free, 29MB/45MB, paused 523us total 45.701ms
08-05 12:48:27.070  2955  2979 I art     : Starting a blocking GC Explicit
08-05 12:48:27.115  2955  2979 I art     : Explicit concurrent mark sweep GC freed 3(96B) AllocSpace objects, 0(0B) LOS objects, 35% free, 29MB/45MB, paused 518us total 44.760ms
08-05 12:48:27.394  5622  5622 D AndroidRuntime: >>>>>> START com.android.internal.os.RuntimeInit uid 2000 <<<<<<
08-05 12:48:27.400  5622  5622 D AndroidRuntime: CheckJNI is OFF
08-05 12:48:27.449  5622  5622 D ICU     : No timezone override file found: /data/misc/zoneinfo/current/icu/icu_tzdata.dat
08-05 12:48:27.458  2955  2980 I art     : Starting a blocking GC Explicit
08-05 12:48:27.497  5622  5622 I Radio-JNI: register_android_hardware_Radio DONE
08-05 12:48:27.511  2955  2980 I art     : Explicit concurrent mark sweep GC freed 1354(82KB) AllocSpace objects, 1(20KB) LOS objects, 35% free, 29MB/45MB, paused 572us total 53.037ms
08-05 12:48:27.527  5622  5622 D AndroidRuntime: Calling main entry com.android.commands.input.Input
08-05 12:48:27.529  5622  5622 I Input   : injectKeyEvent: KeyEvent { action=ACTION_DOWN, keyCode=KEYCODE_BACK, scanCode=0, metaState=0, flags=0x0, repeatCount=0, eventTime=794923942, downTime=794923942, deviceId=-1, source=0x101 }
08-05 12:48:27.530  2955  2980 I art     : Starting a blocking GC Explicit
08-05 12:48:27.535  5622  5622 I Input   : injectKeyEvent: KeyEvent { action=ACTION_UP, keyCode=KEYCODE_BACK, scanCode=0, metaState=0, flags=0x0, repeatCount=0, eventTime=794923942, downTime=794923942, deviceId=-1, source=0x101 }
08-05 12:48:27.542  5622  5622 D AndroidRuntime: Shutting down VM
08-05 12:48:27.573  2955  2980 I art     : Explicit concurrent mark sweep GC freed 127(4KB) AllocSpace objects, 0(0B) LOS objects, 35% free, 29MB/45MB, paused 481us total 42.719ms
08-05 12:48:27.588 13866 13866 I GoogleInputMethodServic: GoogleInputMethodService.onFinishInput():3138 
08-05 12:48:27.589 13866 13866 I GoogleInputMethodServic: GoogleInputMethodService.onStartInput():1808 
08-05 12:48:27.590  2955  2980 I art     : Starting a blocking GC Explicit
08-05 12:48:27.634  2955  2980 I art     : Explicit concurrent mark sweep GC freed 59(2064B) AllocSpace objects, 0(0B) LOS objects, 35% free, 29MB/45MB, paused 505us total 43.226ms
08-05 12:48:27.652  2955  2980 I art     : Starting a blocking GC Explicit
08-05 12:48:27.691  2955  2980 I art     : Explicit concurrent mark sweep GC freed 24(816B) AllocSpace objects, 0(0B) LOS objects, 35% free, 29MB/45MB, paused 459us total 39.083ms
08-05 12:48:27.711  2955  2980 I art     : Starting a blocking GC Explicit
08-05 12:48:27.758  2955  2980 I art     : Explicit concurrent mark sweep GC freed 3(96B) AllocSpace objects, 0(0B) LOS objects, 35% free, 29MB/45MB, paused 574us total 46.947ms
08-05 12:48:28.077  2955  2979 I art     : Starting a blocking GC Explicit
08-05 12:48:28.135  2955  2979 I art     : Explicit concurrent mark sweep GC freed 1412(84KB) AllocSpace objects, 1(20KB) LOS objects, 35% free, 29MB/45MB, paused 591us total 57.503ms
08-05 12:48:28.157  2955  2979 I art     : Starting a blocking GC Explicit
08-05 12:48:28.204  2955  2979 I art     : Explicit concurrent mark sweep GC freed 150(7KB) AllocSpace objects, 0(0B) LOS objects, 35% free, 29MB/45MB, paused 545us total 47.086ms
08-05 12:48:28.222  2955  2979 I art     : Starting a blocking GC Explicit
08-05 12:48:28.271  2955  2979 I art     : Explicit concurrent mark sweep GC freed 3(96B) AllocSpace objects, 0(0B) LOS objects, 35% free, 29MB/45MB, paused 546us total 47.864ms
08-05 12:48:28.289  2955  2979 I art     : Starting a blocking GC Explicit
08-05 12:48:28.338  2955  2979 I art     : Explicit concurrent mark sweep GC freed 3(96B) AllocSpace objects, 0(0B) LOS objects, 35% free, 29MB/45MB, paused 533us total 48.173ms
08-05 12:48:28.338  2955  2976 I art     : WaitForGcToComplete blocked for 42.590ms for cause HeapTrim
08-05 12:48:28.360  2955  2979 I art     : Starting a blocking GC Explicit
08-05 12:48:28.407  2955  2979 I art     : Explicit concurrent mark sweep GC freed 3(96B) AllocSpace objects, 0(0B) LOS objects, 35% free, 29MB/45MB, paused 549us total 46.721ms
08-05 12:48:28.741  2955  3034 I art     : Starting a blocking GC Explicit
08-05 12:48:28.802  2955  3034 I art     : Explicit concurrent mark sweep GC freed 1354(82KB) AllocSpace objects, 1(20KB) LOS objects, 35% free, 29MB/45MB, paused 570us total 60.285ms
08-05 12:48:28.820  2955  3034 I art     : Starting a blocking GC Explicit
08-05 12:48:28.864  2955  3034 I art     : Explicit concurrent mark sweep GC freed 20(704B) AllocSpace objects, 0(0B) LOS objects, 35% free, 29MB/45MB, paused 525us total 44.004ms
08-05 12:48:28.883  2955  3034 I art     : Starting a blocking GC Explicit
08-05 12:48:28.929  2955  3034 I art     : Explicit concurrent mark sweep GC freed 3(96B) AllocSpace objects, 0(0B) LOS objects, 35% free, 29MB/45MB, paused 566us total 45.756ms
08-05 12:48:28.947  2955  3034 I art     : Starting a blocking GC Explicit
08-05 12:48:28.993  2955  3034 I art     : Explicit concurrent mark sweep GC freed 3(96B) AllocSpace objects, 0(0B) LOS objects, 35% free, 29MB/45MB, paused 533us total 45.898ms
08-05 12:48:29.011  2955  3034 I art     : Starting a blocking GC Explicit
08-05 12:48:29.058  2955  3034 I art     : Explicit concurrent mark sweep GC freed 3(96B) AllocSpace objects, 0(0B) LOS objects, 35% free, 29MB/45MB, paused 566us total 46.428ms
08-05 12:48:29.324  5667  5667 D AndroidRuntime: >>>>>> START com.android.internal.os.RuntimeInit uid 2000 <<<<<<
08-05 12:48:29.329  5667  5667 D AndroidRuntime: CheckJNI is OFF
08-05 12:48:29.371  5667  5667 D ICU     : No timezone override file found: /data/misc/zoneinfo/current/icu/icu_tzdata.dat
08-05 12:48:29.382  2955  3295 I art     : Starting a blocking GC Explicit
08-05 12:48:29.412  5667  5667 I Radio-JNI: register_android_hardware_Radio DONE
08-05 12:48:29.438  2955  3295 I art     : Explicit concurrent mark sweep GC freed 1354(82KB) AllocSpace objects, 1(20KB) LOS objects, 35% free, 29MB/45MB, paused 724us total 55.136ms
08-05 12:48:29.439  5667  5667 D AndroidRuntime: Calling main entry com.android.commands.input.Input
08-05 12:48:29.441  5667  5667 I Input   : injectMotionEvent: MotionEvent { action=ACTION_DOWN, actionButton=0, id[0]=0, x[0]=600.0, y[0]=1000.0, toolType[0]=TOOL_TYPE_UNKNOWN, buttonState=0, metaState=0, flags=0x0, edgeFlags=0x0, pointerCount=1, historySize=0, eventTime=794925854, downTime=794925854, deviceId=0, source=0x1002 }
08-05 12:48:29.447  5667  5667 I Input   : injectMotionEvent: MotionEvent { action=ACTION_UP, actionButton=0, id[0]=0, x[0]=600.0, y[0]=1000.0, toolType[0]=TOOL_TYPE_UNKNOWN, buttonState=0, metaState=0, flags=0x0, edgeFlags=0x0, pointerCount=1, historySize=0, eventTime=794925854, downTime=794925854, deviceId=0, source=0x1002 }
08-05 12:48:29.450  5667  5667 D AndroidRuntime: Shutting down VM
08-05 12:48:29.463   918  6029 I ActivityManager: START u0 {dat=https://oauth.reddit.com/... cmp=baseline.org.quantumbadger.redreader/.activities.PostListingActivity} from uid 10689 on display 0
08-05 12:48:29.463   512  2967 D audio_hw_primary: out_set_parameters: enter: usecase(1: low-latency-playback) kvpairs: routing=2
08-05 12:48:29.464  2955  3295 I art     : Starting a blocking GC Explicit
08-05 12:48:29.476   512  2967 D audio_hw_primary: select_devices: out_snd_device(2: speaker) in_snd_device(0: none)
08-05 12:48:29.476   512  2967 D msm8974_platform: platform_send_audio_calibration: sending audio calibration for snd_device(2) acdb_id(15)
08-05 12:48:29.476   512  2967 I soundtrigger: audio_extn_sound_trigger_update_device_status: device 0x2 of type 0 for Event 1
08-05 12:48:29.489  2955  2955 I AppCompatViewInflater: app:theme is now deprecated. Please move to using android:theme instead.
08-05 12:48:29.489   512  2967 D audio_hw_primary: enable_snd_device: snd_device(2: speaker)
08-05 12:48:29.491   512  2967 D audio_hw_primary: enable_audio_route: apply and update mixer path: low-latency-playback speaker
08-05 12:48:29.510  2955  3295 I art     : Explicit concurrent mark sweep GC freed 517(32KB) AllocSpace objects, 0(0B) LOS objects, 35% free, 29MB/45MB, paused 869us total 45.852ms
08-05 12:48:29.517  2955  5691 D OK      : calling: https://oauth.reddit.com/r/announcements/about.json
08-05 12:48:29.528  2955  3295 I art     : Starting a blocking GC Explicit
08-05 12:48:29.570  2955  3295 I art     : Explicit concurrent mark sweep GC freed 819(62KB) AllocSpace objects, 0(0B) LOS objects, 35% free, 29MB/45MB, paused 822us total 41.874ms
08-05 12:48:29.590  2955  3295 I art     : Starting a blocking GC Explicit
08-05 12:48:29.592   918   936 I ActivityManager: Displayed baseline.org.quantumbadger.redreader/.activities.PostListingActivity: +119ms
08-05 12:48:29.592 13866 13866 I GoogleInputMethodServic: GoogleInputMethodService.onFinishInput():3138 
08-05 12:48:29.593 13866 13866 I GoogleInputMethodServic: GoogleInputMethodService.onStartInput():1808 
08-05 12:48:29.638  2955  3295 I art     : Explicit concurrent mark sweep GC freed 717(33KB) AllocSpace objects, 0(0B) LOS objects, 35% free, 29MB/45MB, paused 759us total 47.599ms
08-05 12:48:29.655  2955  3295 I art     : Starting a blocking GC Explicit
08-05 12:48:29.699  2955  3295 I art     : Explicit concurrent mark sweep GC freed 93(5KB) AllocSpace objects, 0(0B) LOS objects, 35% free, 29MB/45MB, paused 563us total 42.985ms
08-05 12:48:29.844   380   380 W SurfaceFlinger: couldn't log to binary event log: overflow.
08-05 12:48:29.873  2955  5691 I NAPPA_EXPERIMENTATION: MetricNetworkRequestExecutionTime: REQUEST_DURATION_SYSTEM='356',REQUEST_DURATION_OKHTTP='154',REQUEST_SYNCHRONOUS='TRUE',RESPONSE_CODE='200',RESPONSE_METHOD='GET',RESPONSE_LENGTH_OKHTTP='-1',RESPONSE_LENGTH_HEADER='1564',REQUEST_PROTOCOL='h2',REQUEST_URL='https://oauth.reddit.com/r/announcements/about.json',
08-05 12:48:29.873  2955  5691 D OK      : request got status: 200
08-05 12:48:30.009  2955  3295 I art     : Starting a blocking GC Explicit
08-05 12:48:30.028   512  2967 D audio_hw_primary: disable_audio_route: reset and update mixer path: low-latency-playback speaker
08-05 12:48:30.029   512  2967 D audio_hw_primary: disable_snd_device: snd_device(2: speaker)
08-05 12:48:30.037   512  2967 I soundtrigger: audio_extn_sound_trigger_update_device_status: device 0x2 of type 0 for Event 0
08-05 12:48:30.054  2955  3295 I art     : Explicit concurrent mark sweep GC freed 4764(311KB) AllocSpace objects, 3(156KB) LOS objects, 35% free, 29MB/45MB, paused 574us total 44.912ms
08-05 12:48:30.071  2955  3295 I art     : Starting a blocking GC Explicit
08-05 12:48:30.114  2955  3295 I art     : Explicit concurrent mark sweep GC freed 255(12KB) AllocSpace objects, 0(0B) LOS objects, 35% free, 29MB/45MB, paused 575us total 42.742ms
08-05 12:48:30.133  2955  3295 I art     : Starting a blocking GC Explicit
08-05 12:48:30.180  2955  3295 I art     : Explicit concurrent mark sweep GC freed 9(304B) AllocSpace objects, 0(0B) LOS objects, 35% free, 29MB/45MB, paused 582us total 46.570ms
08-05 12:48:30.199  2955  3295 I art     : Starting a blocking GC Explicit
08-05 12:48:30.244  2955  3295 I art     : Explicit concurrent mark sweep GC freed 32(1360B) AllocSpace objects, 0(0B) LOS objects, 35% free, 29MB/45MB, paused 651us total 44.839ms
08-05 12:48:30.266  2955  3295 I art     : Starting a blocking GC Explicit
08-05 12:48:30.313  2955  3295 I art     : Explicit concurrent mark sweep GC freed 3(96B) AllocSpace objects, 0(0B) LOS objects, 35% free, 29MB/45MB, paused 700us total 46.726ms
08-05 12:48:30.344   518   646 I ThermalEngine: ACTION: GPU - Setting GPU[0] to 510000000
08-05 12:48:30.542  2416  2416 I Atfwd_Sendcmd: AtCmdFwd service not ready - Exhausted retry attempts - :6
08-05 12:48:30.543  2416  2416 I Atfwd_Daemon: result : -1 	 ,Init step :2 	 ,qmiErrorCode: 0
08-05 12:48:30.627  2955  3295 I art     : Starting a blocking GC Explicit
08-05 12:48:30.668  2955  3295 I art     : Explicit concurrent mark sweep GC freed 1378(83KB) AllocSpace objects, 1(20KB) LOS objects, 35% free, 29MB/45MB, paused 522us total 40.459ms
08-05 12:48:30.682  2955  3295 I art     : Starting a blocking GC Explicit
08-05 12:48:30.718  2955  5716 D OK      : calling: https://oauth.reddit.com/r/announcements/hot/.json
08-05 12:48:30.719  2955  3295 I art     : Explicit concurrent mark sweep GC freed 31(1312B) AllocSpace objects, 0(0B) LOS objects, 35% free, 29MB/45MB, paused 509us total 36.722ms
08-05 12:48:30.734  2955  3295 I art     : Starting a blocking GC Explicit
08-05 12:48:30.771  2955  3295 I art     : Explicit concurrent mark sweep GC freed 84(3KB) AllocSpace objects, 0(0B) LOS objects, 35% free, 29MB/45MB, paused 452us total 37.552ms
08-05 12:48:30.786  2955  3295 I art     : Starting a blocking GC Explicit
08-05 12:48:30.823  2955  3295 I art     : Explicit concurrent mark sweep GC freed 9(352B) AllocSpace objects, 0(0B) LOS objects, 35% free, 29MB/45MB, paused 492us total 37.620ms
08-05 12:48:30.837  2955  3295 I art     : Starting a blocking GC Explicit
08-05 12:48:30.875  2955  3295 I art     : Explicit concurrent mark sweep GC freed 3(96B) AllocSpace objects, 0(0B) LOS objects, 35% free, 29MB/45MB, paused 456us total 37.386ms
08-05 12:48:30.983  2955  5716 I NAPPA_EXPERIMENTATION: MetricNetworkRequestExecutionTime: REQUEST_DURATION_SYSTEM='265',REQUEST_DURATION_OKHTTP='261',REQUEST_SYNCHRONOUS='TRUE',RESPONSE_CODE='200',RESPONSE_METHOD='GET',RESPONSE_LENGTH_OKHTTP='-1',RESPONSE_LENGTH_HEADER='142016',REQUEST_PROTOCOL='h2',REQUEST_URL='https://oauth.reddit.com/r/announcements/hot/.json',
08-05 12:48:30.983  2955  5716 D OK      : request got status: 200
08-05 12:48:30.993  2955  3577 I PostListingFragment: Precaching images: OFF
08-05 12:48:30.994  2955  3577 I PostListingFragment: Precaching comments: OFF
08-05 12:48:31.181  2955  3034 I art     : Starting a blocking GC Explicit
08-05 12:48:31.233  2955  3034 I art     : Explicit concurrent mark sweep GC freed 8072(539KB) AllocSpace objects, 11(504KB) LOS objects, 33% free, 32MB/48MB, paused 640us total 51.963ms
08-05 12:48:31.247  2955  3034 I art     : Starting a blocking GC Explicit
08-05 12:48:31.294  2955  3034 I art     : Explicit concurrent mark sweep GC freed 4604(291KB) AllocSpace objects, 9(488KB) LOS objects, 32% free, 32MB/48MB, paused 827us total 46.655ms
08-05 12:48:31.309  2955  3034 I art     : Starting a blocking GC Explicit
08-05 12:48:31.353  2955  5729 D OK      : calling: https://b.thumbs.redditmedia.com/zCaV9kuSMZxmMvdmErGyUsYNdPrmX8LP9_Ee4QTT16g.jpg
08-05 12:48:31.357  2955  3034 I art     : Explicit concurrent mark sweep GC freed 5362(285KB) AllocSpace objects, 5(460KB) LOS objects, 32% free, 33MB/49MB, paused 813us total 48.208ms
08-05 12:48:31.372  2955  3034 I art     : Starting a blocking GC Explicit
08-05 12:48:31.424  2955  3034 I art     : Explicit concurrent mark sweep GC freed 5744(331KB) AllocSpace objects, 8(344KB) LOS objects, 31% free, 34MB/50MB, paused 651us total 51.488ms
08-05 12:48:31.440  2955  3034 I art     : Starting a blocking GC Explicit
08-05 12:48:31.480  2955  3034 I art     : Explicit concurrent mark sweep GC freed 59499(2MB) AllocSpace objects, 9(220KB) LOS objects, 34% free, 30MB/46MB, paused 841us total 39.953ms
08-05 12:48:31.512  2955  2955 W RecyclerView: Cannot call this method in a scroll callback. Scroll callbacks mightbe run during a measure & layout pass where you cannot change theRecyclerView data. Any method call that might change the structureof the RecyclerView or the adapter contents should be postponed tothe next frame.
08-05 12:48:31.512  2955  2955 W RecyclerView: java.lang.IllegalStateException:  androidx.recyclerview.widget.RecyclerView{798c81 VFED..... .F....ID 0,0-1440,2140 #7f0900ef app:id/scrollbar_recyclerview_recyclerview}, adapter:baseline.org.quantumbadger.redreader.adapters.GroupedRecyclerViewAdapter@9565126, layout:androidx.recyclerview.widget.LinearLayoutManager@fde5167, context:baseline.org.quantumbadger.redreader.activities.PostListingActivity@8be746
08-05 12:48:31.512  2955  2955 W RecyclerView: 	at androidx.recyclerview.widget.RecyclerView.assertNotInLayoutOrScroll(RecyclerView.java:3061)
08-05 12:48:31.512  2955  2955 W RecyclerView: 	at androidx.recyclerview.widget.RecyclerView$RecyclerViewDataObserver.onItemRangeInserted(RecyclerView.java:5555)
08-05 12:48:31.512  2955  2955 W RecyclerView: 	at androidx.recyclerview.widget.RecyclerView$AdapterDataObservable.notifyItemRangeInserted(RecyclerView.java:12278)
08-05 12:48:31.512  2955  2955 W RecyclerView: 	at androidx.recyclerview.widget.RecyclerView$Adapter.notifyItemInserted(RecyclerView.java:7464)
08-05 12:48:31.512  2955  2955 W RecyclerView: 	at baseline.org.quantumbadger.redreader.adapters.GroupedRecyclerViewAdapter.updateHiddenStatus(GroupedRecyclerViewAdapter.java:279)
08-05 12:48:31.512  2955  2955 W RecyclerView: 	at baseline.org.quantumbadger.redreader.adapters.RedditListingManager.setLoadingVisible(RedditListingManager.java:125)
08-05 12:48:31.512  2955  2955 W RecyclerView: 	at baseline.org.quantumbadger.redreader.fragments.PostListingFragment.onLoadMoreItemsCheck(PostListingFragment.java:465)
08-05 12:48:31.512  2955  2955 W RecyclerView: 	at baseline.org.quantumbadger.redreader.fragments.PostListingFragment.access$000(PostListingFragment.java:98)
08-05 12:48:31.512  2955  2955 W RecyclerView: 	at baseline.org.quantumbadger.redreader.fragments.PostListingFragment$2.onScrolled(PostListingFragment.java:215)
08-05 12:48:31.512  2955  2955 W RecyclerView: 	at androidx.recyclerview.widget.RecyclerView.dispatchOnScrolled(RecyclerView.java:5173)
08-05 12:48:31.512  2955  2955 W RecyclerView: 	at androidx.recyclerview.widget.RecyclerView.dispatchLayoutStep3(RecyclerView.java:4231)
08-05 12:48:31.512  2955  2955 W RecyclerView: 	at androidx.recyclerview.widget.RecyclerView.dispatchLayout(RecyclerView.java:3862)
08-05 12:48:31.512  2955  2955 W RecyclerView: 	at androidx.recyclerview.widget.RecyclerView.consumePendingUpdateOperations(RecyclerView.java:1897)
08-05 12:48:31.512  2955  2955 W RecyclerView: 	at androidx.recyclerview.widget.RecyclerView$1.run(RecyclerView.java:414)
08-05 12:48:31.512  2955  2955 W RecyclerView: 	at android.view.Choreographer$CallbackRecord.run(Choreographer.java:858)
08-05 12:48:31.512  2955  2955 W RecyclerView: 	at android.view.Choreographer.doCallbacks(Choreographer.java:670)
08-05 12:48:31.512  2955  2955 W RecyclerView: 	at android.view.Choreographer.doFrame(Choreographer.java:603)
08-05 12:48:31.512  2955  2955 W RecyclerView: 	at android.view.Choreographer$FrameDisplayEventReceiver.run(Choreographer.java:844)
08-05 12:48:31.512  2955  2955 W RecyclerView: 	at android.os.Handler.handleCallback(Handler.java:739)
08-05 12:48:31.512  2955  2955 W RecyclerView: 	at android.os.Handler.dispatchMessage(Handler.java:95)
08-05 12:48:31.512  2955  2955 W RecyclerView: 	at android.os.Looper.loop(Looper.java:148)
08-05 12:48:31.512  2955  2955 W RecyclerView: 	at android.app.ActivityThread.main(ActivityThread.java:5417)
08-05 12:48:31.512  2955  2955 W RecyclerView: 	at java.lang.reflect.Method.invoke(Native Method)
08-05 12:48:31.512  2955  2955 W RecyclerView: 	at com.android.internal.os.ZygoteInit$MethodAndArgsCaller.run(ZygoteInit.java:726)
08-05 12:48:31.512  2955  2955 W RecyclerView: 	at com.android.internal.os.ZygoteInit.main(ZygoteInit.java:616)
08-05 12:48:31.717  2955  5729 I NAPPA_EXPERIMENTATION: MetricNetworkRequestExecutionTime: REQUEST_DURATION_SYSTEM='364',REQUEST_DURATION_OKHTTP='149',REQUEST_SYNCHRONOUS='TRUE',RESPONSE_CODE='200',RESPONSE_METHOD='GET',RESPONSE_LENGTH_OKHTTP='6132',RESPONSE_LENGTH_HEADER='6132',REQUEST_PROTOCOL='h2',REQUEST_URL='https://b.thumbs.redditmedia.com/zCaV9kuSMZxmMvdmErGyUsYNdPrmX8LP9_Ee4QTT16g.jpg',
08-05 12:48:31.717  2955  5729 D OK      : request got status: 200
08-05 12:48:31.813  2955  2980 I art     : Starting a blocking GC Explicit
08-05 12:48:31.856  2955  2980 I art     : Explicit concurrent mark sweep GC freed 5656(396KB) AllocSpace objects, 6(276KB) LOS objects, 33% free, 31MB/47MB, paused 452us total 42.274ms
08-05 12:48:31.870  2955  2980 I art     : Starting a blocking GC Explicit
08-05 12:48:31.911  2955  2980 I art     : Explicit concurrent mark sweep GC freed 231(9KB) AllocSpace objects, 0(0B) LOS objects, 33% free, 31MB/47MB, paused 449us total 40.620ms
08-05 12:48:31.919  2955  5742 D OK      : calling: https://oauth.reddit.com/r/announcements/hot/.json?after=t3_9jf8nh
08-05 12:48:31.925  2955  2980 I art     : Starting a blocking GC Explicit
08-05 12:48:31.965  2955  2980 I art     : Explicit concurrent mark sweep GC freed 98(3KB) AllocSpace objects, 0(0B) LOS objects, 33% free, 31MB/47MB, paused 490us total 39.816ms
08-05 12:48:31.980  2955  2980 I art     : Starting a blocking GC Explicit
08-05 12:48:32.021  2955  2980 I art     : Explicit concurrent mark sweep GC freed 71(5KB) AllocSpace objects, 0(0B) LOS objects, 33% free, 31MB/47MB, paused 519us total 41.042ms
08-05 12:48:32.036  2955  2980 I art     : Starting a blocking GC Explicit
08-05 12:48:32.076  2955  2980 I art     : Explicit concurrent mark sweep GC freed 1914(74KB) AllocSpace objects, 0(0B) LOS objects, 33% free, 31MB/47MB, paused 496us total 39.326ms
08-05 12:48:32.222  2955  5742 I NAPPA_EXPERIMENTATION: MetricNetworkRequestExecutionTime: REQUEST_DURATION_SYSTEM='302',REQUEST_DURATION_OKHTTP='151',REQUEST_SYNCHRONOUS='TRUE',RESPONSE_CODE='200',RESPONSE_METHOD='GET',RESPONSE_LENGTH_OKHTTP='-1',RESPONSE_LENGTH_HEADER='65685',REQUEST_PROTOCOL='h2',REQUEST_URL='https://oauth.reddit.com/r/announcements/hot/.json?after=t3_9jf8nh',
08-05 12:48:32.222  2955  5742 D OK      : request got status: 200
08-05 12:48:32.243  2955  3577 I PostListingFragment: Precaching images: OFF
08-05 12:48:32.243  2955  3577 I PostListingFragment: Precaching comments: OFF
08-05 12:48:32.398  2955  3034 I art     : Starting a blocking GC Explicit
08-05 12:48:32.446  2955  3034 I art     : Explicit concurrent mark sweep GC freed 14815(886KB) AllocSpace objects, 12(724KB) LOS objects, 32% free, 33MB/49MB, paused 595us total 48.491ms
08-05 12:48:32.461  2955  3034 I art     : Starting a blocking GC Explicit
08-05 12:48:32.509  2955  3034 I art     : Explicit concurrent mark sweep GC freed 5456(217KB) AllocSpace objects, 1(68KB) LOS objects, 32% free, 32MB/48MB, paused 620us total 47.755ms
08-05 12:48:32.524  2955  3034 I art     : Starting a blocking GC Explicit
08-05 12:48:32.569  2955  3034 I art     : Explicit concurrent mark sweep GC freed 1807(68KB) AllocSpace objects, 0(0B) LOS objects, 32% free, 32MB/48MB, paused 442us total 44.542ms
08-05 12:48:32.584  2955  3034 I art     : Starting a blocking GC Explicit
08-05 12:48:32.627  2955  3034 I art     : Explicit concurrent mark sweep GC freed 16605(842KB) AllocSpace objects, 6(108KB) LOS objects, 33% free, 31MB/47MB, paused 465us total 42.703ms
08-05 12:48:32.642  2955  3034 I art     : Starting a blocking GC Explicit
08-05 12:48:32.683  2955  3034 I art     : Explicit concurrent mark sweep GC freed 3(96B) AllocSpace objects, 0(0B) LOS objects, 33% free, 31MB/47MB, paused 455us total 41.135ms
08-05 12:48:33.037  2955  2979 I art     : Starting a blocking GC Explicit
08-05 12:48:33.094  2955  2979 I art     : Explicit concurrent mark sweep GC freed 1354(82KB) AllocSpace objects, 1(20KB) LOS objects, 33% free, 31MB/47MB, paused 535us total 56.312ms
08-05 12:48:33.111  2955  2979 I art     : Starting a blocking GC Explicit
08-05 12:48:33.153  2955  2979 I art     : Explicit concurrent mark sweep GC freed 20(704B) AllocSpace objects, 0(0B) LOS objects, 33% free, 31MB/47MB, paused 474us total 42.298ms
08-05 12:48:33.169  2955  2979 I art     : Starting a blocking GC Explicit
08-05 12:48:33.211  2955  2979 I art     : Explicit concurrent mark sweep GC freed 3(96B) AllocSpace objects, 0(0B) LOS objects, 33% free, 31MB/47MB, paused 485us total 42.104ms
08-05 12:48:33.226  2955  2979 I art     : Starting a blocking GC Explicit
08-05 12:48:33.268  2955  2979 I art     : Explicit concurrent mark sweep GC freed 3(96B) AllocSpace objects, 0(0B) LOS objects, 33% free, 31MB/47MB, paused 486us total 41.755ms
08-05 12:48:33.283  2955  2979 I art     : Starting a blocking GC Explicit
08-05 12:48:33.325  2955  2979 I art     : Explicit concurrent mark sweep GC freed 3(96B) AllocSpace objects, 0(0B) LOS objects, 33% free, 31MB/47MB, paused 461us total 41.951ms
08-05 12:48:33.678  2955  3295 I art     : Starting a blocking GC Explicit
08-05 12:48:33.731  2955  3295 I art     : Explicit concurrent mark sweep GC freed 1361(83KB) AllocSpace objects, 1(20KB) LOS objects, 33% free, 31MB/47MB, paused 507us total 52.334ms
08-05 12:48:33.748  2955  3295 I art     : Starting a blocking GC Explicit
08-05 12:48:33.791  2955  3295 I art     : Explicit concurrent mark sweep GC freed 33(1296B) AllocSpace objects, 0(0B) LOS objects, 33% free, 31MB/47MB, paused 439us total 42.759ms
08-05 12:48:33.806  2955  3295 I art     : Starting a blocking GC Explicit
08-05 12:48:33.847  2955  3295 I art     : Explicit concurrent mark sweep GC freed 9(352B) AllocSpace objects, 0(0B) LOS objects, 33% free, 31MB/47MB, paused 513us total 41.282ms
08-05 12:48:33.862  2955  3295 I art     : Starting a blocking GC Explicit
08-05 12:48:33.904  2955  3295 I art     : Explicit concurrent mark sweep GC freed 3(96B) AllocSpace objects, 0(0B) LOS objects, 33% free, 31MB/47MB, paused 425us total 41.595ms
08-05 12:48:33.919  2955  3295 I art     : Starting a blocking GC Explicit
08-05 12:48:33.960  2955  3295 I art     : Explicit concurrent mark sweep GC freed 3(96B) AllocSpace objects, 0(0B) LOS objects, 33% free, 31MB/47MB, paused 415us total 40.851ms
08-05 12:48:34.298  2955  2980 I art     : Starting a blocking GC Explicit
08-05 12:48:34.356  2955  2980 I art     : Explicit concurrent mark sweep GC freed 1360(83KB) AllocSpace objects, 1(20KB) LOS objects, 33% free, 31MB/47MB, paused 505us total 57.947ms
08-05 12:48:34.375  2955  2980 I art     : Starting a blocking GC Explicit
08-05 12:48:34.417  2955  2980 I art     : Explicit concurrent mark sweep GC freed 20(704B) AllocSpace objects, 0(0B) LOS objects, 33% free, 31MB/47MB, paused 430us total 41.727ms
08-05 12:48:34.432  2955  2980 I art     : Starting a blocking GC Explicit
08-05 12:48:34.472  2955  2980 I art     : Explicit concurrent mark sweep GC freed 3(96B) AllocSpace objects, 0(0B) LOS objects, 33% free, 31MB/47MB, paused 396us total 39.737ms
08-05 12:48:34.486  2955  2980 I art     : Starting a blocking GC Explicit
08-05 12:48:34.527  2955  2980 I art     : Explicit concurrent mark sweep GC freed 3(96B) AllocSpace objects, 0(0B) LOS objects, 33% free, 31MB/47MB, paused 496us total 40.793ms
08-05 12:48:34.542  2955  2980 I art     : Starting a blocking GC Explicit
08-05 12:48:34.584  2955  2980 I art     : Explicit concurrent mark sweep GC freed 3(96B) AllocSpace objects, 0(0B) LOS objects, 33% free, 31MB/47MB, paused 419us total 42.268ms
08-05 12:48:34.881  2955  3034 I art     : Starting a blocking GC Explicit
08-05 12:48:34.932  2955  3034 I art     : Explicit concurrent mark sweep GC freed 1354(82KB) AllocSpace objects, 1(20KB) LOS objects, 33% free, 31MB/47MB, paused 461us total 50.529ms
08-05 12:48:34.947  2955  3034 I art     : Starting a blocking GC Explicit
08-05 12:48:34.983  2955  3034 I art     : Explicit concurrent mark sweep GC freed 20(704B) AllocSpace objects, 0(0B) LOS objects, 33% free, 31MB/47MB, paused 391us total 36.089ms
08-05 12:48:34.997  2955  3034 I art     : Starting a blocking GC Explicit
08-05 12:48:35.038  2955  3034 I art     : Explicit concurrent mark sweep GC freed 3(96B) AllocSpace objects, 0(0B) LOS objects, 33% free, 31MB/47MB, paused 432us total 40.306ms
08-05 12:48:35.052  2955  3034 I art     : Starting a blocking GC Explicit
08-05 12:48:35.092  2955  3034 I art     : Explicit concurrent mark sweep GC freed 3(96B) AllocSpace objects, 0(0B) LOS objects, 33% free, 31MB/47MB, paused 433us total 39.986ms
08-05 12:48:35.107  2955  3034 I art     : Starting a blocking GC Explicit
08-05 12:48:35.139  5785  5785 D AndroidRuntime: >>>>>> START com.android.internal.os.RuntimeInit uid 2000 <<<<<<
08-05 12:48:35.144  5785  5785 D AndroidRuntime: CheckJNI is OFF
08-05 12:48:35.148  2955  3034 I art     : Explicit concurrent mark sweep GC freed 3(96B) AllocSpace objects, 0(0B) LOS objects, 33% free, 31MB/47MB, paused 437us total 40.777ms
08-05 12:48:35.179  5785  5785 D ICU     : No timezone override file found: /data/misc/zoneinfo/current/icu/icu_tzdata.dat
08-05 12:48:35.212  5785  5785 I Radio-JNI: register_android_hardware_Radio DONE
08-05 12:48:35.233  5785  5785 D AndroidRuntime: Calling main entry com.android.commands.input.Input
08-05 12:48:35.235  5785  5785 I Input   : injectMotionEvent: MotionEvent { action=ACTION_DOWN, actionButton=0, id[0]=0, x[0]=600.0, y[0]=580.0, toolType[0]=TOOL_TYPE_UNKNOWN, buttonState=0, metaState=0, flags=0x0, edgeFlags=0x0, pointerCount=1, historySize=0, eventTime=794931647, downTime=794931647, deviceId=0, source=0x1002 }
08-05 12:48:35.240  5785  5785 I Input   : injectMotionEvent: MotionEvent { action=ACTION_UP, actionButton=0, id[0]=0, x[0]=600.0, y[0]=580.0, toolType[0]=TOOL_TYPE_UNKNOWN, buttonState=0, metaState=0, flags=0x0, edgeFlags=0x0, pointerCount=1, historySize=0, eventTime=794931647, downTime=794931647, deviceId=0, source=0x1002 }
08-05 12:48:35.242  5785  5785 D AndroidRuntime: Shutting down VM
08-05 12:48:35.255   918  5132 I ActivityManager: START u0 {cmp=baseline.org.quantumbadger.redreader/.activities.WebViewActivity (has extras)} from uid 10689 on display 0
08-05 12:48:35.256   512  2967 D audio_hw_primary: out_set_parameters: enter: usecase(1: low-latency-playback) kvpairs: routing=2
08-05 12:48:35.269   512  2967 D audio_hw_primary: select_devices: out_snd_device(2: speaker) in_snd_device(0: none)
08-05 12:48:35.270   512  2967 D msm8974_platform: platform_send_audio_calibration: sending audio calibration for snd_device(2) acdb_id(15)
08-05 12:48:35.270   512  2967 I soundtrigger: audio_extn_sound_trigger_update_device_status: device 0x2 of type 0 for Event 1
08-05 12:48:35.287   512  2967 D audio_hw_primary: enable_snd_device: snd_device(2: speaker)
08-05 12:48:35.287  2955  2955 I AppCompatViewInflater: app:theme is now deprecated. Please move to using android:theme instead.
08-05 12:48:35.289   512  2967 D audio_hw_primary: enable_audio_route: apply and update mixer path: low-latency-playback speaker
08-05 12:48:35.304   918  6029 D ConnectivityService: listenForNetwork for Listen from uid/pid:10689/2955 for NetworkRequest [ id=3272, legacyType=-1, [ Capabilities: INTERNET&NOT_RESTRICTED&TRUSTED] ]
08-05 12:48:35.411 13866 13866 I GoogleInputMethodServic: GoogleInputMethodService.onFinishInput():3138 
08-05 12:48:35.411   918   936 I ActivityManager: Displayed baseline.org.quantumbadger.redreader/.activities.WebViewActivity: +143ms
08-05 12:48:35.412 13866 13866 I GoogleInputMethodServic: GoogleInputMethodService.onStartInput():1808 
08-05 12:48:35.425  2955  2980 I art     : Starting a blocking GC Explicit
08-05 12:48:35.467  2955  2980 I art     : Explicit concurrent mark sweep GC freed 5893(310KB) AllocSpace objects, 1(20KB) LOS objects, 33% free, 32MB/48MB, paused 411us total 41.078ms
08-05 12:48:35.481  2955  2980 I art     : Starting a blocking GC Explicit
08-05 12:48:35.516  2955  2980 I art     : Explicit concurrent mark sweep GC freed 7295(828KB) AllocSpace objects, 16(1940KB) LOS objects, 35% free, 29MB/45MB, paused 382us total 34.869ms
08-05 12:48:35.533  2955  2980 I art     : Starting a blocking GC Explicit
08-05 12:48:35.576  2955  2980 I art     : Explicit concurrent mark sweep GC freed 6(224B) AllocSpace objects, 0(0B) LOS objects, 35% free, 29MB/45MB, paused 436us total 42.905ms
08-05 12:48:35.591  2955  2980 I art     : Starting a blocking GC Explicit
08-05 12:48:35.635  2955  2980 I art     : Explicit concurrent mark sweep GC freed 3(96B) AllocSpace objects, 0(0B) LOS objects, 35% free, 29MB/45MB, paused 469us total 43.595ms
08-05 12:48:35.652  2955  2980 I art     : Starting a blocking GC Explicit
08-05 12:48:35.669   380   380 W SurfaceFlinger: couldn't log to binary event log: overflow.
08-05 12:48:35.696  2955  2980 I art     : Explicit concurrent mark sweep GC freed 4(112B) AllocSpace objects, 0(0B) LOS objects, 35% free, 29MB/45MB, paused 404us total 43.330ms
08-05 12:48:35.819   512  2967 D audio_hw_primary: disable_audio_route: reset and update mixer path: low-latency-playback speaker
08-05 12:48:35.820   512  2967 D audio_hw_primary: disable_snd_device: snd_device(2: speaker)
08-05 12:48:35.828   512  2967 I soundtrigger: audio_extn_sound_trigger_update_device_status: device 0x2 of type 0 for Event 0
08-05 12:48:36.017  2955  2980 I art     : Starting a blocking GC Explicit
08-05 12:48:36.042  2955  5719 I RedditChangeDataIO: Writing tmp data file at '/data/user/0/baseline.org.quantumbadger.redreader/files/rr_change_data_tmp.dat'
08-05 12:48:36.042  2955  5719 I RedditChangeDataManager: Taking snapshot...
08-05 12:48:36.042  2955  5719 I RedditChangeDataManager: Writing to stream...
08-05 12:48:36.042  2955  5719 I RedditChangeDataManager: Wrote 5 entries for user ''
08-05 12:48:36.043  2955  5719 I RedditChangeDataManager: All entries written to stream.
08-05 12:48:36.043  2955  5719 I RedditChangeDataIO: Write successful. Atomically replacing data file...
08-05 12:48:36.043  2955  5719 I RedditChangeDataIO: Write complete.
08-05 12:48:36.043  2955  5719 I RedditChangeDataIO: 134 bytes written in 2 ms
08-05 12:48:36.058  2955  2980 I art     : Explicit concurrent mark sweep GC freed 2378(140KB) AllocSpace objects, 2(88KB) LOS objects, 35% free, 29MB/45MB, paused 451us total 39.914ms
08-05 12:48:36.073  2955  2980 I art     : Starting a blocking GC Explicit
08-05 12:48:36.112  2955  2980 I art     : Explicit concurrent mark sweep GC freed 39(1520B) AllocSpace objects, 0(0B) LOS objects, 35% free, 29MB/45MB, paused 486us total 39.184ms
08-05 12:48:36.129  2955  2980 I art     : Starting a blocking GC Explicit
08-05 12:48:36.168  2955  2980 I art     : Explicit concurrent mark sweep GC freed 8(256B) AllocSpace objects, 0(0B) LOS objects, 35% free, 29MB/45MB, paused 462us total 38.700ms
08-05 12:48:36.183  2955  2980 I art     : Starting a blocking GC Explicit
08-05 12:48:36.219  2955  2980 I art     : Explicit concurrent mark sweep GC freed 9(288B) AllocSpace objects, 0(0B) LOS objects, 35% free, 29MB/45MB, paused 455us total 36.313ms
08-05 12:48:36.233  2955  2980 I art     : Starting a blocking GC Explicit
08-05 12:48:36.272  2955  2980 I art     : Explicit concurrent mark sweep GC freed 11(352B) AllocSpace objects, 0(0B) LOS objects, 35% free, 29MB/45MB, paused 354us total 38.532ms
08-05 12:48:36.479  2955  2955 I chromium: [INFO:CONSOLE(1)] "
08-05 12:48:36.479  2955  2955 I chromium:                   ,d"=,.,qOp,
08-05 12:48:36.479  2955  2955 I chromium:                  ,7'  ''$(  )
08-05 12:48:36.479  2955  2955 I chromium:                 ,7'      '?q$7'
08-05 12:48:36.479  2955  2955 I chromium:              ..,$$,.
08-05 12:48:36.479  2955  2955 I chromium:    ,.  .,,--***""***--,,.  .,
08-05 12:48:36.479  2955  2955 I chromium:     ,p''              ''q,   
08-05 12:48:36.479  2955  2955 I chromium: :  ,7'                      '7,  :
08-05 12:48:36.479  2955  2955 I chromium:  ' $      ,db,      ,db,      $ '
08-05 12:48:36.479  2955  2955 I chromium:   '$      $$      $$      $'    Using Reddit at work? Work for Reddit.
08-05 12:48:36.479  2955  2955 I chromium:   '$                          $'        https://www.reddit.com/jobs
08-05 12:48:36.479  2955  2955 I chromium:    '$.     .,        ,.     .$'
08-05 12:48:36.479  2955  2955 I chromium:     'b,     ''     ,d'
08-05 12:48:36.479  2955  2955 I chromium:      '?bn,,          ,,nd?'
08-05 12:48:36.479  2955  2955 I chromium:        ,7$ '''' $7,
08-05 12:48:36.479  2955  2955 I chromium:      , $              $ ,
08-05 12:48:36.479  2955  2955 I chromium:      $  :$              $:  $
08-05 12:48:36.479  2955  2955 I chromium:      $   $              $   $
08-05 12:48:36.479  2955  2955 I chromium:      'b  q:            :p  d'
08-05 12:48:36.479  2955  2955 I chromium:       '?$.          .$?'
08-05 12:48:36.479  2955  2955 I chromium:          'b            d'
08-05 12:48:36.479  2955  2955 I chromium:        ,'?,.      .,?',
08-05 12:48:36.479  2955  2955 I chromium:       ==--==--==--==
08-05 12:48:36.479  2955  2955 I chromium: ", source: https://www.redditstatic.com/desktop2x/Chat~Governance~Reddit.2ea93b134a9b2e5b1d9a.js (1)
08-05 12:48:36.601  2955  2979 I art     : Starting a blocking GC Explicit
08-05 12:48:36.645  2955  2979 I art     : Explicit concurrent mark sweep GC freed 1412(86KB) AllocSpace objects, 1(20KB) LOS objects, 35% free, 29MB/45MB, paused 394us total 43.512ms
08-05 12:48:36.662  2955  2979 I art     : Starting a blocking GC Explicit
08-05 12:48:36.703  2955  2979 I art     : Explicit concurrent mark sweep GC freed 28(960B) AllocSpace objects, 0(0B) LOS objects, 35% free, 29MB/45MB, paused 595us total 41.137ms
08-05 12:48:36.718  2955  2979 I art     : Starting a blocking GC Explicit
08-05 12:48:36.758  2955  2979 I art     : Explicit concurrent mark sweep GC freed 11(352B) AllocSpace objects, 0(0B) LOS objects, 35% free, 29MB/45MB, paused 388us total 39.952ms
08-05 12:48:36.773  2955  2979 I art     : Starting a blocking GC Explicit
08-05 12:48:36.812  2955  2979 I art     : Explicit concurrent mark sweep GC freed 9(288B) AllocSpace objects, 0(0B) LOS objects, 35% free, 29MB/45MB, paused 383us total 38.624ms
08-05 12:48:36.830  2955  2979 I art     : Starting a blocking GC Explicit
08-05 12:48:36.878  2955  2979 I art     : Explicit concurrent mark sweep GC freed 11(352B) AllocSpace objects, 0(0B) LOS objects, 35% free, 29MB/45MB, paused 416us total 47.913ms
08-05 12:48:37.232  2955  3295 I art     : Starting a blocking GC Explicit
08-05 12:48:37.273  2955  3295 I art     : Explicit concurrent mark sweep GC freed 1639(97KB) AllocSpace objects, 1(20KB) LOS objects, 35% free, 29MB/45MB, paused 556us total 40.162ms
08-05 12:48:37.287  2955  3295 I art     : Starting a blocking GC Explicit
08-05 12:48:37.323  2955  3295 I art     : Explicit concurrent mark sweep GC freed 20(704B) AllocSpace objects, 0(0B) LOS objects, 35% free, 29MB/45MB, paused 361us total 36.062ms
08-05 12:48:37.337  2955  3295 I art     : Starting a blocking GC Explicit
08-05 12:48:37.357   518   646 I ThermalEngine: ACTION: GPU - Setting GPU[0] to 450000000
08-05 12:48:37.379  2955  3295 I art     : Explicit concurrent mark sweep GC freed 3(96B) AllocSpace objects, 0(0B) LOS objects, 35% free, 29MB/45MB, paused 980us total 41.817ms
08-05 12:48:37.399  2955  3295 I art     : Starting a blocking GC Explicit
08-05 12:48:37.441  2955  3295 I art     : Explicit concurrent mark sweep GC freed 238(36KB) AllocSpace objects, 0(0B) LOS objects, 35% free, 29MB/45MB, paused 483us total 41.673ms
08-05 12:48:37.459  2955  3295 I art     : Starting a blocking GC Explicit
08-05 12:48:37.513  2955  3295 I art     : Explicit concurrent mark sweep GC freed 68(2272B) AllocSpace objects, 0(0B) LOS objects, 35% free, 29MB/45MB, paused 534us total 53.352ms
08-05 12:48:37.918  2955  2980 I art     : Starting a blocking GC Explicit
08-05 12:48:37.970  2955  2980 I art     : Explicit concurrent mark sweep GC freed 1370(85KB) AllocSpace objects, 1(20KB) LOS objects, 35% free, 29MB/45MB, paused 542us total 51.603ms
08-05 12:48:37.990  2955  2980 I art     : Starting a blocking GC Explicit
08-05 12:48:38.034  2955  2980 I art     : Explicit concurrent mark sweep GC freed 20(704B) AllocSpace objects, 0(0B) LOS objects, 35% free, 29MB/45MB, paused 455us total 44.098ms
08-05 12:48:38.054  2955  2980 I art     : Starting a blocking GC Explicit
08-05 12:48:38.097  2955  2980 I art     : Explicit concurrent mark sweep GC freed 49(2656B) AllocSpace objects, 0(0B) LOS objects, 35% free, 29MB/45MB, paused 532us total 43.185ms
08-05 12:48:38.114  2955  2980 I art     : Starting a blocking GC Explicit
08-05 12:48:38.155  2955  2980 I art     : Explicit concurrent mark sweep GC freed 3(96B) AllocSpace objects, 0(0B) LOS objects, 35% free, 29MB/45MB, paused 437us total 40.713ms
08-05 12:48:38.173  2955  2980 I art     : Starting a blocking GC Explicit
08-05 12:48:38.217  2955  2980 I art     : Explicit concurrent mark sweep GC freed 3(96B) AllocSpace objects, 0(0B) LOS objects, 35% free, 29MB/45MB, paused 492us total 43.873ms
08-05 12:48:38.604  2955  3034 I art     : Starting a blocking GC Explicit
08-05 12:48:38.654  2955  3034 I art     : Explicit concurrent mark sweep GC freed 1357(82KB) AllocSpace objects, 1(20KB) LOS objects, 35% free, 29MB/45MB, paused 501us total 48.837ms
08-05 12:48:38.672  2955  3034 I art     : Starting a blocking GC Explicit
08-05 12:48:38.726  2955  3034 I art     : Explicit concurrent mark sweep GC freed 20(704B) AllocSpace objects, 0(0B) LOS objects, 35% free, 29MB/45MB, paused 455us total 53.439ms
08-05 12:48:38.745  2955  3034 I art     : Starting a blocking GC Explicit
08-05 12:48:38.797  2955  3034 I art     : Explicit concurrent mark sweep GC freed 3(96B) AllocSpace objects, 0(0B) LOS objects, 35% free, 29MB/45MB, paused 611us total 52.296ms
08-05 12:48:38.798  2955  2976 I art     : WaitForGcToComplete blocked for 52.793ms for cause HeapTrim
08-05 12:48:38.819  2955  3034 I art     : Starting a blocking GC Explicit
08-05 12:48:38.868  2955  3034 I art     : Explicit concurrent mark sweep GC freed 3(96B) AllocSpace objects, 0(0B) LOS objects, 35% free, 29MB/45MB, paused 455us total 48.644ms
08-05 12:48:38.888  2955  3034 I art     : Starting a blocking GC Explicit
08-05 12:48:38.941  2955  3034 I art     : Explicit concurrent mark sweep GC freed 3(96B) AllocSpace objects, 0(0B) LOS objects, 35% free, 29MB/45MB, paused 511us total 53.024ms
08-05 12:48:39.352  2955  2980 I art     : Starting a blocking GC Explicit
08-05 12:48:39.404  2955  2980 I art     : Explicit concurrent mark sweep GC freed 1357(82KB) AllocSpace objects, 1(20KB) LOS objects, 35% free, 29MB/45MB, paused 508us total 51.408ms
08-05 12:48:39.422  2955  2980 I art     : Starting a blocking GC Explicit
08-05 12:48:39.470  2955  2980 I art     : Explicit concurrent mark sweep GC freed 20(704B) AllocSpace objects, 0(0B) LOS objects, 35% free, 29MB/45MB, paused 807us total 47.433ms
08-05 12:48:39.488  2955  2980 I art     : Starting a blocking GC Explicit
08-05 12:48:39.531  2955  2980 I art     : Explicit concurrent mark sweep GC freed 3(96B) AllocSpace objects, 0(0B) LOS objects, 35% free, 29MB/45MB, paused 431us total 42.760ms
08-05 12:48:39.548  2955  2980 I art     : Starting a blocking GC Explicit
08-05 12:48:39.589  2955  2980 I art     : Explicit concurrent mark sweep GC freed 3(96B) AllocSpace objects, 0(0B) LOS objects, 35% free, 29MB/45MB, paused 459us total 40.201ms
08-05 12:48:39.606  2955  2980 I art     : Starting a blocking GC Explicit
08-05 12:48:39.646  2955  2980 I art     : Explicit concurrent mark sweep GC freed 3(96B) AllocSpace objects, 0(0B) LOS objects, 35% free, 29MB/45MB, paused 455us total 39.860ms
08-05 12:48:40.001  2955  3295 I art     : Starting a blocking GC Explicit
08-05 12:48:40.014  5881  5881 D AndroidRuntime: >>>>>> START com.android.internal.os.RuntimeInit uid 2000 <<<<<<
08-05 12:48:40.019  5881  5881 D AndroidRuntime: CheckJNI is OFF
08-05 12:48:40.050  2955  3295 I art     : Explicit concurrent mark sweep GC freed 1357(82KB) AllocSpace objects, 1(20KB) LOS objects, 35% free, 29MB/45MB, paused 669us total 49.178ms
08-05 12:48:40.061  5881  5881 D ICU     : No timezone override file found: /data/misc/zoneinfo/current/icu/icu_tzdata.dat
08-05 12:48:40.068  2955  3295 I art     : Starting a blocking GC Explicit
08-05 12:48:40.105  5881  5881 I Radio-JNI: register_android_hardware_Radio DONE
08-05 12:48:40.113  2955  3295 I art     : Explicit concurrent mark sweep GC freed 20(704B) AllocSpace objects, 0(0B) LOS objects, 35% free, 29MB/45MB, paused 498us total 45.060ms
08-05 12:48:40.132  2955  3295 I art     : Starting a blocking GC Explicit
08-05 12:48:40.134  5881  5881 D AndroidRuntime: Calling main entry com.android.commands.input.Input
08-05 12:48:40.136  5881  5881 I Input   : injectKeyEvent: KeyEvent { action=ACTION_DOWN, keyCode=KEYCODE_BACK, scanCode=0, metaState=0, flags=0x0, repeatCount=0, eventTime=794936549, downTime=794936549, deviceId=-1, source=0x101 }
08-05 12:48:40.142  5881  5881 I Input   : injectKeyEvent: KeyEvent { action=ACTION_UP, keyCode=KEYCODE_BACK, scanCode=0, metaState=0, flags=0x0, repeatCount=0, eventTime=794936549, downTime=794936549, deviceId=-1, source=0x101 }
08-05 12:48:40.147  5881  5881 D AndroidRuntime: Shutting down VM
08-05 12:48:40.175  2955  3295 I art     : Explicit concurrent mark sweep GC freed 136(4KB) AllocSpace objects, 0(0B) LOS objects, 35% free, 29MB/45MB, paused 511us total 43.419ms
08-05 12:48:40.193  2955  3295 I art     : Starting a blocking GC Explicit
08-05 12:48:40.199 13866 13866 I GoogleInputMethodServic: GoogleInputMethodService.onFinishInput():3138 
08-05 12:48:40.200 13866 13866 I GoogleInputMethodServic: GoogleInputMethodService.onStartInput():1808 
08-05 12:48:40.239  2955  3295 I art     : Explicit concurrent mark sweep GC freed 107(3KB) AllocSpace objects, 0(0B) LOS objects, 35% free, 29MB/45MB, paused 494us total 45.520ms
08-05 12:48:40.257  2955  3295 I art     : Starting a blocking GC Explicit
08-05 12:48:40.297  2955  3295 I art     : Explicit concurrent mark sweep GC freed 36(1200B) AllocSpace objects, 0(0B) LOS objects, 35% free, 29MB/45MB, paused 430us total 39.832ms
08-05 12:48:40.508   380   380 W SurfaceFlinger: couldn't log to binary event log: overflow.
08-05 12:48:40.543  2416  2416 I ServiceManager: Waiting for service AtCmdFwd...
08-05 12:48:40.547   918  3263 D ConnectivityService: releasing NetworkRequest NetworkRequest [ id=3272, legacyType=-1, [ Capabilities: INTERNET&NOT_RESTRICTED&TRUSTED] ]
08-05 12:48:40.673  2955  2979 I art     : Starting a blocking GC Explicit
08-05 12:48:40.720  2955  2979 I art     : Explicit concurrent mark sweep GC freed 2239(123KB) AllocSpace objects, 1(20KB) LOS objects, 35% free, 29MB/45MB, paused 470us total 46.453ms
08-05 12:48:40.738  2955  2979 I art     : Starting a blocking GC Explicit
08-05 12:48:40.784  2955  2979 I art     : Explicit concurrent mark sweep GC freed 2114(124KB) AllocSpace objects, 1(28KB) LOS objects, 35% free, 29MB/45MB, paused 469us total 45.915ms
08-05 12:48:40.803  2955  2979 I art     : Starting a blocking GC Explicit
08-05 12:48:40.850  2955  2979 I art     : Explicit concurrent mark sweep GC freed 3(96B) AllocSpace objects, 0(0B) LOS objects, 35% free, 29MB/45MB, paused 464us total 46.832ms
08-05 12:48:40.868  2955  2979 I art     : Starting a blocking GC Explicit
08-05 12:48:40.915  2955  2979 I art     : Explicit concurrent mark sweep GC freed 3(96B) AllocSpace objects, 0(0B) LOS objects, 35% free, 29MB/45MB, paused 493us total 46.130ms
08-05 12:48:40.933  2955  2979 I art     : Starting a blocking GC Explicit
08-05 12:48:40.981  2955  2979 I art     : Explicit concurrent mark sweep GC freed 3(96B) AllocSpace objects, 0(0B) LOS objects, 35% free, 29MB/45MB, paused 559us total 47.121ms
08-05 12:48:41.338  2955  3295 I art     : Starting a blocking GC Explicit
08-05 12:48:41.396  2955  3295 I art     : Explicit concurrent mark sweep GC freed 1356(82KB) AllocSpace objects, 1(20KB) LOS objects, 35% free, 29MB/45MB, paused 505us total 57.351ms
08-05 12:48:41.420  2955  3295 I art     : Starting a blocking GC Explicit
08-05 12:48:41.464  2955  3295 I art     : Explicit concurrent mark sweep GC freed 20(704B) AllocSpace objects, 0(0B) LOS objects, 35% free, 29MB/45MB, paused 499us total 43.960ms
08-05 12:48:41.482  2955  3295 I art     : Starting a blocking GC Explicit
08-05 12:48:41.528  2955  3295 I art     : Explicit concurrent mark sweep GC freed 3(96B) AllocSpace objects, 0(0B) LOS objects, 35% free, 29MB/45MB, paused 505us total 45.093ms
08-05 12:48:41.543  2416  2416 I ServiceManager: Waiting for service AtCmdFwd...
08-05 12:48:41.546  2955  3295 I art     : Starting a blocking GC Explicit
08-05 12:48:41.591  2955  3295 I art     : Explicit concurrent mark sweep GC freed 3(96B) AllocSpace objects, 0(0B) LOS objects, 35% free, 29MB/45MB, paused 486us total 45.206ms
08-05 12:48:41.610  2955  3295 I art     : Starting a blocking GC Explicit
08-05 12:48:41.656  2955  3295 I art     : Explicit concurrent mark sweep GC freed 3(96B) AllocSpace objects, 0(0B) LOS objects, 35% free, 29MB/45MB, paused 517us total 46.047ms
08-05 12:48:41.927  5926  5926 D AndroidRuntime: >>>>>> START com.android.internal.os.RuntimeInit uid 2000 <<<<<<
08-05 12:48:41.933  5926  5926 D AndroidRuntime: CheckJNI is OFF
08-05 12:48:41.978  5926  5926 D ICU     : No timezone override file found: /data/misc/zoneinfo/current/icu/icu_tzdata.dat
08-05 12:48:41.999  2955  2980 I art     : Starting a blocking GC Explicit
08-05 12:48:42.025  5926  5926 I Radio-JNI: register_android_hardware_Radio DONE
08-05 12:48:42.053  2955  2980 I art     : Explicit concurrent mark sweep GC freed 1356(82KB) AllocSpace objects, 1(20KB) LOS objects, 35% free, 29MB/45MB, paused 528us total 53.177ms
08-05 12:48:42.055  5926  5926 D AndroidRuntime: Calling main entry com.android.commands.input.Input
08-05 12:48:42.057  5926  5926 I Input   : injectKeyEvent: KeyEvent { action=ACTION_DOWN, keyCode=KEYCODE_BACK, scanCode=0, metaState=0, flags=0x0, repeatCount=0, eventTime=794938470, downTime=794938470, deviceId=-1, source=0x101 }
08-05 12:48:42.065  5926  5926 I Input   : injectKeyEvent: KeyEvent { action=ACTION_UP, keyCode=KEYCODE_BACK, scanCode=0, metaState=0, flags=0x0, repeatCount=0, eventTime=794938470, downTime=794938470, deviceId=-1, source=0x101 }
08-05 12:48:42.072  2955  2980 I art     : Starting a blocking GC Explicit
08-05 12:48:42.075  5926  5926 D AndroidRuntime: Shutting down VM
08-05 12:48:42.117  2955  2980 I art     : Explicit concurrent mark sweep GC freed 132(4KB) AllocSpace objects, 0(0B) LOS objects, 35% free, 29MB/45MB, paused 461us total 44.684ms
08-05 12:48:42.121 13866 13866 I GoogleInputMethodServic: GoogleInputMethodService.onFinishInput():3138 
08-05 12:48:42.122 13866 13866 I GoogleInputMethodServic: GoogleInputMethodService.onStartInput():1808 
08-05 12:48:42.136  2955  2980 I art     : Starting a blocking GC Explicit
08-05 12:48:42.179  2955  2980 I art     : Explicit concurrent mark sweep GC freed 53(1872B) AllocSpace objects, 0(0B) LOS objects, 35% free, 29MB/45MB, paused 476us total 42.485ms
08-05 12:48:42.197  2955  2980 I art     : Starting a blocking GC Explicit
08-05 12:48:42.241  2955  2980 I art     : Explicit concurrent mark sweep GC freed 24(816B) AllocSpace objects, 0(0B) LOS objects, 35% free, 29MB/45MB, paused 494us total 43.123ms
08-05 12:48:42.261  2955  2980 I art     : Starting a blocking GC Explicit
08-05 12:48:42.314  2955  2980 I art     : Explicit concurrent mark sweep GC freed 3(96B) AllocSpace objects, 0(0B) LOS objects, 35% free, 29MB/45MB, paused 433us total 52.614ms
08-05 12:48:42.544  2416  2416 I ServiceManager: Waiting for service AtCmdFwd...
08-05 12:48:42.633  2955  3295 I art     : Starting a blocking GC Explicit
08-05 12:48:42.690  2955  3295 I art     : Explicit concurrent mark sweep GC freed 1421(85KB) AllocSpace objects, 1(20KB) LOS objects, 35% free, 29MB/45MB, paused 582us total 56.746ms
08-05 12:48:42.712  2955  3295 I art     : Starting a blocking GC Explicit
08-05 12:48:42.760  2955  3295 I art     : Explicit concurrent mark sweep GC freed 150(7KB) AllocSpace objects, 0(0B) LOS objects, 35% free, 29MB/45MB, paused 542us total 47.680ms
08-05 12:48:42.779  2955  3295 I art     : Starting a blocking GC Explicit
08-05 12:48:42.825  2955  3295 I art     : Explicit concurrent mark sweep GC freed 3(96B) AllocSpace objects, 0(0B) LOS objects, 35% free, 29MB/45MB, paused 515us total 46.026ms
08-05 12:48:42.844  2955  3295 I art     : Starting a blocking GC Explicit
08-05 12:48:42.892  2955  3295 I art     : Explicit concurrent mark sweep GC freed 3(96B) AllocSpace objects, 0(0B) LOS objects, 35% free, 29MB/45MB, paused 529us total 48.296ms
08-05 12:48:42.911  2955  3295 I art     : Starting a blocking GC Explicit
08-05 12:48:42.959  2955  3295 I art     : Explicit concurrent mark sweep GC freed 3(96B) AllocSpace objects, 0(0B) LOS objects, 35% free, 29MB/45MB, paused 522us total 47.479ms
08-05 12:48:43.301  2955  2979 I art     : Starting a blocking GC Explicit
08-05 12:48:43.357  2955  2979 I art     : Explicit concurrent mark sweep GC freed 1356(82KB) AllocSpace objects, 1(20KB) LOS objects, 35% free, 29MB/45MB, paused 524us total 55.265ms
08-05 12:48:43.375  2955  2979 I art     : Starting a blocking GC Explicit
08-05 12:48:43.422  2955  2979 I art     : Explicit concurrent mark sweep GC freed 20(704B) AllocSpace objects, 0(0B) LOS objects, 35% free, 29MB/45MB, paused 519us total 46.067ms
08-05 12:48:43.440  2955  2979 I art     : Starting a blocking GC Explicit
08-05 12:48:43.487  2955  2979 I art     : Explicit concurrent mark sweep GC freed 3(96B) AllocSpace objects, 0(0B) LOS objects, 35% free, 29MB/45MB, paused 507us total 46.345ms
08-05 12:48:43.505  2955  2979 I art     : Starting a blocking GC Explicit
08-05 12:48:43.544  2416  2416 I ServiceManager: Waiting for service AtCmdFwd...
08-05 12:48:43.551  2955  2979 I art     : Explicit concurrent mark sweep GC freed 3(96B) AllocSpace objects, 0(0B) LOS objects, 35% free, 29MB/45MB, paused 526us total 45.562ms
08-05 12:48:43.569  2955  2979 I art     : Starting a blocking GC Explicit
08-05 12:48:43.616  2955  2979 I art     : Explicit concurrent mark sweep GC freed 3(96B) AllocSpace objects, 0(0B) LOS objects, 35% free, 29MB/45MB, paused 527us total 46.457ms
08-05 12:48:43.864  5971  5971 D AndroidRuntime: >>>>>> START com.android.internal.os.RuntimeInit uid 2000 <<<<<<
08-05 12:48:43.869  5971  5971 D AndroidRuntime: CheckJNI is OFF
08-05 12:48:43.910  5971  5971 D ICU     : No timezone override file found: /data/misc/zoneinfo/current/icu/icu_tzdata.dat
08-05 12:48:43.949  5971  5971 I Radio-JNI: register_android_hardware_Radio DONE
08-05 12:48:43.953  2955  3034 I art     : Starting a blocking GC Explicit
08-05 12:48:43.977  5971  5971 D AndroidRuntime: Calling main entry com.android.commands.input.Input
08-05 12:48:43.979  5971  5971 I Input   : injectMotionEvent: MotionEvent { action=ACTION_DOWN, actionButton=0, id[0]=0, x[0]=600.0, y[0]=1733.0, toolType[0]=TOOL_TYPE_UNKNOWN, buttonState=0, metaState=0, flags=0x0, edgeFlags=0x0, pointerCount=1, historySize=0, eventTime=794940392, downTime=794940392, deviceId=0, source=0x1002 }
08-05 12:48:43.986  5971  5971 I Input   : injectMotionEvent: MotionEvent { action=ACTION_UP, actionButton=0, id[0]=0, x[0]=600.0, y[0]=1733.0, toolType[0]=TOOL_TYPE_UNKNOWN, buttonState=0, metaState=0, flags=0x0, edgeFlags=0x0, pointerCount=1, historySize=0, eventTime=794940392, downTime=794940392, deviceId=0, source=0x1002 }
08-05 12:48:43.988  5971  5971 D AndroidRuntime: Shutting down VM
08-05 12:48:43.999   512  2967 D audio_hw_primary: out_set_parameters: enter: usecase(1: low-latency-playback) kvpairs: routing=2
08-05 12:48:43.999   918  4400 I ActivityManager: START u0 {dat=https://oauth.reddit.com/... cmp=baseline.org.quantumbadger.redreader/.activities.PostListingActivity} from uid 10689 on display 0
08-05 12:48:44.006  2955  3034 I art     : Explicit concurrent mark sweep GC freed 1406(84KB) AllocSpace objects, 1(20KB) LOS objects, 35% free, 29MB/45MB, paused 585us total 52.604ms
08-05 12:48:44.012   512  2967 D audio_hw_primary: select_devices: out_snd_device(2: speaker) in_snd_device(0: none)
08-05 12:48:44.012   512  2967 D msm8974_platform: platform_send_audio_calibration: sending audio calibration for snd_device(2) acdb_id(15)
08-05 12:48:44.012   512  2967 I soundtrigger: audio_extn_sound_trigger_update_device_status: device 0x2 of type 0 for Event 1
08-05 12:48:44.023   512  2967 D audio_hw_primary: enable_snd_device: snd_device(2: speaker)
08-05 12:48:44.026  2955  3034 I art     : Starting a blocking GC Explicit
08-05 12:48:44.026   512  2967 D audio_hw_primary: enable_audio_route: apply and update mixer path: low-latency-playback speaker
08-05 12:48:44.029  2955  2955 I AppCompatViewInflater: app:theme is now deprecated. Please move to using android:theme instead.
08-05 12:48:44.050  2955  5995 D OK      : calling: https://oauth.reddit.com/r/aww/about.json
08-05 12:48:44.071  2955  3034 I art     : Explicit concurrent mark sweep GC freed 908(76KB) AllocSpace objects, 0(0B) LOS objects, 35% free, 29MB/45MB, paused 604us total 44.913ms
08-05 12:48:44.089  2955  3034 I art     : Starting a blocking GC Explicit
08-05 12:48:44.116 13866 13866 I GoogleInputMethodServic: GoogleInputMethodService.onFinishInput():3138 
08-05 12:48:44.116   918   936 I ActivityManager: Displayed baseline.org.quantumbadger.redreader/.activities.PostListingActivity: +106ms
08-05 12:48:44.116 13866 13866 I GoogleInputMethodServic: GoogleInputMethodService.onStartInput():1808 
08-05 12:48:44.131  2955  3034 I art     : Explicit concurrent mark sweep GC freed 941(39KB) AllocSpace objects, 0(0B) LOS objects, 35% free, 29MB/45MB, paused 566us total 41.719ms
08-05 12:48:44.151  2955  3034 I art     : Starting a blocking GC Explicit
08-05 12:48:44.191  2955  3034 I art     : Explicit concurrent mark sweep GC freed 242(14KB) AllocSpace objects, 0(0B) LOS objects, 35% free, 29MB/45MB, paused 537us total 40.434ms
08-05 12:48:44.210  2955  3034 I art     : Starting a blocking GC Explicit
08-05 12:48:44.258  2955  3034 I art     : Explicit concurrent mark sweep GC freed 1916(74KB) AllocSpace objects, 0(0B) LOS objects, 35% free, 29MB/45MB, paused 673us total 47.457ms
08-05 12:48:44.364   380   380 W SurfaceFlinger: couldn't log to binary event log: overflow.
08-05 12:48:44.371   518   646 I ThermalEngine: ACTION: GPU - Setting GPU[0] to 510000000
08-05 12:48:44.411  2955  5995 I NAPPA_EXPERIMENTATION: MetricNetworkRequestExecutionTime: REQUEST_DURATION_SYSTEM='361',REQUEST_DURATION_OKHTTP='157',REQUEST_SYNCHRONOUS='TRUE',RESPONSE_CODE='200',RESPONSE_METHOD='GET',RESPONSE_LENGTH_OKHTTP='-1',RESPONSE_LENGTH_HEADER='3478',REQUEST_PROTOCOL='h2',REQUEST_URL='https://oauth.reddit.com/r/aww/about.json',
08-05 12:48:44.411  2955  5995 D OK      : request got status: 200
08-05 12:48:44.529  2955  3295 I art     : Starting a blocking GC Explicit
08-05 12:48:44.545  2416  2416 I ServiceManager: Waiting for service AtCmdFwd...
08-05 12:48:44.568   512  2967 D audio_hw_primary: disable_audio_route: reset and update mixer path: low-latency-playback speaker
08-05 12:48:44.569   512  2967 D audio_hw_primary: disable_snd_device: snd_device(2: speaker)
08-05 12:48:44.576   512  2967 I soundtrigger: audio_extn_sound_trigger_update_device_status: device 0x2 of type 0 for Event 0
08-05 12:48:44.590  2955  3295 I art     : Explicit concurrent mark sweep GC freed 3225(293KB) AllocSpace objects, 3(156KB) LOS objects, 35% free, 29MB/45MB, paused 438us total 60.590ms
08-05 12:48:44.604  2955  3295 I art     : Starting a blocking GC Explicit
08-05 12:48:44.643  2955  3295 I art     : Explicit concurrent mark sweep GC freed 201(10KB) AllocSpace objects, 0(0B) LOS objects, 35% free, 29MB/45MB, paused 428us total 38.679ms
08-05 12:48:44.657  2955  3295 I art     : Starting a blocking GC Explicit
08-05 12:48:44.696  2955  3295 I art     : Explicit concurrent mark sweep GC freed 3(96B) AllocSpace objects, 0(0B) LOS objects, 35% free, 29MB/45MB, paused 433us total 38.499ms
08-05 12:48:44.711  2955  3295 I art     : Starting a blocking GC Explicit
08-05 12:48:44.750  2955  3295 I art     : Explicit concurrent mark sweep GC freed 16(640B) AllocSpace objects, 0(0B) LOS objects, 35% free, 29MB/45MB, paused 412us total 38.828ms
08-05 12:48:44.764  2955  3295 I art     : Starting a blocking GC Explicit
08-05 12:48:44.804  2955  3295 I art     : Explicit concurrent mark sweep GC freed 25(1024B) AllocSpace objects, 0(0B) LOS objects, 35% free, 29MB/45MB, paused 484us total 39.805ms
08-05 12:48:45.113  2955  3034 I art     : Starting a blocking GC Explicit
08-05 12:48:45.153  2955  3034 I art     : Explicit concurrent mark sweep GC freed 1380(83KB) AllocSpace objects, 1(20KB) LOS objects, 35% free, 29MB/45MB, paused 431us total 40.587ms
08-05 12:48:45.168  2955  3034 I art     : Starting a blocking GC Explicit
08-05 12:48:45.207  2955  3034 I art     : Explicit concurrent mark sweep GC freed 20(704B) AllocSpace objects, 0(0B) LOS objects, 35% free, 29MB/45MB, paused 493us total 38.642ms
08-05 12:48:45.221  2955  3034 I art     : Starting a blocking GC Explicit
08-05 12:48:45.251  2955  6019 D OK      : calling: https://oauth.reddit.com/r/aww/hot/.json
08-05 12:48:45.259  2955  3034 I art     : Explicit concurrent mark sweep GC freed 94(3KB) AllocSpace objects, 0(0B) LOS objects, 35% free, 29MB/45MB, paused 479us total 37.648ms
08-05 12:48:45.273  2955  3034 I art     : Starting a blocking GC Explicit
08-05 12:48:45.311  2955  3034 I art     : Explicit concurrent mark sweep GC freed 10(384B) AllocSpace objects, 0(0B) LOS objects, 35% free, 29MB/45MB, paused 471us total 38.096ms
08-05 12:48:45.325  2955  3034 I art     : Starting a blocking GC Explicit
08-05 12:48:45.364  2955  3034 I art     : Explicit concurrent mark sweep GC freed 3(96B) AllocSpace objects, 0(0B) LOS objects, 35% free, 29MB/45MB, paused 486us total 38.492ms
08-05 12:48:45.378   518   646 I ThermalEngine: ACTION: GPU - Setting GPU[0] to 450000000
08-05 12:48:45.409  2955  6019 I NAPPA_EXPERIMENTATION: MetricNetworkRequestExecutionTime: REQUEST_DURATION_SYSTEM='158',REQUEST_DURATION_OKHTTP='154',REQUEST_SYNCHRONOUS='TRUE',RESPONSE_CODE='200',RESPONSE_METHOD='GET',RESPONSE_LENGTH_OKHTTP='-1',RESPONSE_LENGTH_HEADER='33430',REQUEST_PROTOCOL='h2',REQUEST_URL='https://oauth.reddit.com/r/aww/hot/.json',
08-05 12:48:45.409  2955  6019 D OK      : request got status: 200
08-05 12:48:45.424  2955  3577 I PostListingFragment: Precaching images: OFF
08-05 12:48:45.424  2955  3577 I PostListingFragment: Precaching comments: OFF
08-05 12:48:45.433  2955  6020 D OK      : calling: https://b.thumbs.redditmedia.com/CKInrczASoQbNvSBStGz11Tok0uCyQoxmZ02sOE37sQ.jpg
08-05 12:48:45.444  2955  3577 I getImgurImageInfo: Image NSO7Npm: trying API v3 with auth
08-05 12:48:45.444  2955  6021 D OK      : calling: https://a.thumbs.redditmedia.com/sKVnLbatvJCZOE2ooe6CgiEftOB3ukgPMdcydbk9CZ4.jpg
08-05 12:48:45.447  2955  6022 D OK      : calling: https://a.thumbs.redditmedia.com/dFt2-stQJkfZ8O7r7ywG9GQsF08fZXxEJfQtAmiJ-F8.jpg
08-05 12:48:45.455  2955  6023 D OK      : calling: https://api.gfycat.com/v1/gfycats/deadlygravecavy
08-05 12:48:45.457  2955  6024 D OK      : calling: https://b.thumbs.redditmedia.com/1cAaKl6LkrikiRbLsBzzOvufKqRKuPi3wgjUkX8axkI.jpg
08-05 12:48:45.460  2955  6025 D OK      : calling: https://b.thumbs.redditmedia.com/NUqJWcobH7ToYhCM0w6nnAFZ46ymm9vPD25BC3s7Wco.jpg
08-05 12:48:45.462  2955  6026 D OK      : calling: https://b.thumbs.redditmedia.com/bUY4al781EZ3q7hUlnLebemHCXE3e63_SSxl2uo4Q4A.jpg
08-05 12:48:45.468  2955  6027 D OK      : calling: https://b.thumbs.redditmedia.com/tTmEfIrujbsvZXbhNSQS6Pc7o7ShCaGqZHbYf7nWdfg.jpg
08-05 12:48:45.470  2955  6028 D OK      : calling: https://b.thumbs.redditmedia.com/_H8tFMmL5-3GrxYkCtMSHiyNfjbX8pxctOw_vrzyw7o.jpg
08-05 12:48:45.471  2955  6030 D OK      : calling: https://b.thumbs.redditmedia.com/JTSWFy2_tijPk6cA5noKDydEAMkMJcDmKQTSX178zwc.jpg
08-05 12:48:45.473  2955  6031 D OK      : calling: https://api.imgur.com/3/image/NSO7Npm
08-05 12:48:45.474  2955  6032 D OK      : calling: https://b.thumbs.redditmedia.com/N6fiqTp8nJD2l7sUz4nij7j1yHYMTKaflUIrn8E2bAU.jpg
08-05 12:48:45.478  2955  6033 D OK      : calling: https://b.thumbs.redditmedia.com/HkEQtny0bE4H3dMCd_woPsLAXBoPwp_DZ4ioFNIQLKk.jpg
08-05 12:48:45.480  2955  6034 D OK      : calling: https://b.thumbs.redditmedia.com/lVNra-iScxkYcYtSstJ-7J7pRAUDRXIwwJhsen1ZK9g.jpg
08-05 12:48:45.483  2955  6035 D OK      : calling: https://v.redd.it/fkewv2f65kd51/DASHPlaylist.mpd
08-05 12:48:45.488  2955  6036 D OK      : calling: https://api.gfycat.com/v1/gfycats/altruisticthankfulankolewatusi
08-05 12:48:45.489  2955  6037 D OK      : calling: https://v.redd.it/ak6rer1hskd51/DASHPlaylist.mpd
08-05 12:48:45.495  2955  6040 D OK      : calling: https://b.thumbs.redditmedia.com/lQKqDneXS8E7ZBD9cUQy4OqOt8PuTneSvVFtnU0pwCE.jpg
08-05 12:48:45.502  2955  6042 D OK      : calling: https://api.gfycat.com/v1/gfycats/foolhardysparklinglarva
08-05 12:48:45.505  2955  6041 D OK      : calling: https://b.thumbs.redditmedia.com/X3yyAViE0gxiHR-kf9Z5xmLa8dKsm8iWJyKdWNVtOhU.jpg
08-05 12:48:45.508  2955  6043 D OK      : calling: https://b.thumbs.redditmedia.com/Bx9FZp8_w10DfFUf_mqVPMfu4Y0h2lo41Dh4tl2eNeQ.jpg
08-05 12:48:45.509  2955  6044 D OK      : calling: https://v.redd.it/h49fg58ygjd51/DASHPlaylist.mpd
08-05 12:48:45.511  2955  6045 D OK      : calling: https://a.thumbs.redditmedia.com/KpcC72KH04Be3BqxmFbv_Gz7LCy-24GU-70or3KCdJ4.jpg
08-05 12:48:45.517  2955  6046 D OK      : calling: https://a.thumbs.redditmedia.com/cEOtajy3CAQrjwSA3hhSqnPx8bfkRzglo7Lz1SBTmE0.jpg
08-05 12:48:45.519  2955  6047 D OK      : calling: https://v.redd.it/1ewzkieg0jd51/DASHPlaylist.mpd
08-05 12:48:45.525  2955  6050 D OK      : calling: https://b.thumbs.redditmedia.com/RrJbRRjFZWmckrONtkPTloJh52FfqD_XkLMuYuuQvAg.jpg
08-05 12:48:45.528  2955  6051 D OK      : calling: https://v.redd.it/ppmhu2r9thd51/DASHPlaylist.mpd
08-05 12:48:45.530  2955  6052 D OK      : calling: https://b.thumbs.redditmedia.com/chqK3f9u3D7UmfrGP85f4sOQFihMk6q7fFSeMyWs_7E.jpg
08-05 12:48:45.534  2955  6055 D OK      : calling: https://b.thumbs.redditmedia.com/B18Vu5Jw71XCkFOFHimnUC42ya8apHsmcCW-HFmtb6w.jpg
08-05 12:48:45.537  2955  6056 D OK      : calling: https://b.thumbs.redditmedia.com/iZuzjufMpYUYtQRLjRwce4RDb6JYsId95_iezR2Uc0w.jpg
08-05 12:48:45.540  2955  6057 D OK      : calling: https://v.redd.it/s9qqadf3mid51/DASHPlaylist.mpd
08-05 12:48:45.542  2955  6058 D OK      : calling: https://v.redd.it/b8vazlcb7ld51/DASHPlaylist.mpd
08-05 12:48:45.545  2416  2416 W Atfwd_Sendcmd: AtCmdFwd service not published, waiting... retryCnt : 1
08-05 12:48:45.546  2955  6059 D OK      : calling: https://b.thumbs.redditmedia.com/XNb1kfskabGDLMqv661Q22hBtCb8w5oyePDcFaZi9aY.jpg
08-05 12:48:45.551  2955  6061 D OK      : calling: https://v.redd.it/ty24o02m1hd51/DASHPlaylist.mpd
08-05 12:48:45.558  2955  6060 D OK      : calling: https://b.thumbs.redditmedia.com/lMqJbh1Z40ffemA0TnSfVnovznn4hvJNue60AsJ-ETs.jpg
08-05 12:48:45.559  2955  6062 D OK      : calling: https://b.thumbs.redditmedia.com/x5l4cICw0WNNvslt5FqVjwj89XrGjrXnNbaSyQRAyCo.jpg
08-05 12:48:45.565  2955  6063 D OK      : calling: https://b.thumbs.redditmedia.com/189nmwjW7eGWBD0J-cxzsUac1V1ZWGzMFC66inY4u4Y.jpg
08-05 12:48:45.568  2955  6066 D OK      : calling: https://v.redd.it/ar5k8892pid51/DASHPlaylist.mpd
08-05 12:48:45.575  2955  6069 D OK      : calling: https://b.thumbs.redditmedia.com/d_-UsfmKASoIHi4vZyyjvvwFtm1S7-DEi9AQPOnGIgY.jpg
08-05 12:48:45.662  2955  2980 I art     : Starting a blocking GC Explicit
08-05 12:48:45.673  2955  2955 W RecyclerView: Cannot call this method in a scroll callback. Scroll callbacks mightbe run during a measure & layout pass where you cannot change theRecyclerView data. Any method call that might change the structureof the RecyclerView or the adapter contents should be postponed tothe next frame.
08-05 12:48:45.673  2955  2955 W RecyclerView: java.lang.IllegalStateException:  androidx.recyclerview.widget.RecyclerView{8e57548 VFED..... .F....ID 0,0-1440,2140 #7f0900ef app:id/scrollbar_recyclerview_recyclerview}, adapter:baseline.org.quantumbadger.redreader.adapters.GroupedRecyclerViewAdapter@11f0fe1, layout:androidx.recyclerview.widget.LinearLayoutManager@a168106, context:baseline.org.quantumbadger.redreader.activities.PostListingActivity@96cd02d
08-05 12:48:45.673  2955  2955 W RecyclerView: 	at androidx.recyclerview.widget.RecyclerView.assertNotInLayoutOrScroll(RecyclerView.java:3061)
08-05 12:48:45.673  2955  2955 W RecyclerView: 	at androidx.recyclerview.widget.RecyclerView$RecyclerViewDataObserver.onItemRangeInserted(RecyclerView.java:5555)
08-05 12:48:45.673  2955  2955 W RecyclerView: 	at androidx.recyclerview.widget.RecyclerView$AdapterDataObservable.notifyItemRangeInserted(RecyclerView.java:12278)
08-05 12:48:45.673  2955  2955 W RecyclerView: 	at androidx.recyclerview.widget.RecyclerView$Adapter.notifyItemInserted(RecyclerView.java:7464)
08-05 12:48:45.673  2955  2955 W RecyclerView: 	at baseline.org.quantumbadger.redreader.adapters.GroupedRecyclerViewAdapter.updateHiddenStatus(GroupedRecyclerViewAdapter.java:279)
08-05 12:48:45.673  2955  2955 W RecyclerView: 	at baseline.org.quantumbadger.redreader.adapters.RedditListingManager.setLoadingVisible(RedditListingManager.java:125)
08-05 12:48:45.673  2955  2955 W RecyclerView: 	at baseline.org.quantumbadger.redreader.fragments.PostListingFragment.onLoadMoreItemsCheck(PostListingFragment.java:465)
08-05 12:48:45.673  2955  2955 W RecyclerView: 	at baseline.org.quantumbadger.redreader.fragments.PostListingFragment.access$000(PostListingFragment.java:98)
08-05 12:48:45.673  2955  2955 W RecyclerView: 	at baseline.org.quantumbadger.redreader.fragments.PostListingFragment$2.onScrolled(PostListingFragment.java:215)
08-05 12:48:45.673  2955  2955 W RecyclerView: 	at androidx.recyclerview.widget.RecyclerView.dispatchOnScrolled(RecyclerView.java:5173)
08-05 12:48:45.673  2955  2955 W RecyclerView: 	at androidx.recyclerview.widget.RecyclerView.dispatchLayoutStep3(RecyclerView.java:4231)
08-05 12:48:45.673  2955  2955 W RecyclerView: 	at androidx.recyclerview.widget.RecyclerView.dispatchLayout(RecyclerView.java:3862)
08-05 12:48:45.673  2955  2955 W RecyclerView: 	at androidx.recyclerview.widget.RecyclerView.consumePendingUpdateOperations(RecyclerView.java:1897)
08-05 12:48:45.673  2955  2955 W RecyclerView: 	at androidx.recyclerview.widget.RecyclerView$1.run(RecyclerView.java:414)
08-05 12:48:45.673  2955  2955 W RecyclerView: 	at android.view.Choreographer$CallbackRecord.run(Choreographer.java:858)
08-05 12:48:45.673  2955  2955 W RecyclerView: 	at android.view.Choreographer.doCallbacks(Choreographer.java:670)
08-05 12:48:45.673  2955  2955 W RecyclerView: 	at android.view.Choreographer.doFrame(Choreographer.java:603)
08-05 12:48:45.673  2955  2955 W RecyclerView: 	at android.view.Choreographer$FrameDisplayEventReceiver.run(Choreographer.java:844)
08-05 12:48:45.673  2955  2955 W RecyclerView: 	at android.os.Handler.handleCallback(Handler.java:739)
08-05 12:48:45.673  2955  2955 W RecyclerView: 	at android.os.Handler.dispatchMessage(Handler.java:95)
08-05 12:48:45.673  2955  2955 W RecyclerView: 	at android.os.Looper.loop(Looper.java:148)
08-05 12:48:45.673  2955  2955 W RecyclerView: 	at android.app.ActivityThread.main(ActivityThread.java:5417)
08-05 12:48:45.673  2955  2955 W RecyclerView: 	at java.lang.reflect.Method.invoke(Native Method)
08-05 12:48:45.673  2955  2955 W RecyclerView: 	at com.android.internal.os.ZygoteInit$MethodAndArgsCaller.run(ZygoteInit.java:726)
08-05 12:48:45.673  2955  2955 W RecyclerView: 	at com.android.internal.os.ZygoteInit.main(ZygoteInit.java:616)
08-05 12:48:45.718  2955  2980 I art     : Explicit concurrent mark sweep GC freed 49957(2MB) AllocSpace objects, 3(156KB) LOS objects, 34% free, 30MB/46MB, paused 2.424ms total 55.101ms
08-05 12:48:45.735  2955  2980 I art     : Starting a blocking GC Explicit
08-05 12:48:45.779  2955  2980 I art     : Explicit concurrent mark sweep GC freed 2823(202KB) AllocSpace objects, 0(0B) LOS objects, 34% free, 30MB/46MB, paused 2.333ms total 43.758ms
08-05 12:48:45.794  2955  2980 I art     : Starting a blocking GC Explicit
08-05 12:48:45.837  2955  2980 I art     : Explicit concurrent mark sweep GC freed 2172(177KB) AllocSpace objects, 0(0B) LOS objects, 34% free, 30MB/46MB, paused 1.942ms total 43.286ms
08-05 12:48:45.852  2955  2980 I art     : Starting a blocking GC Explicit
08-05 12:48:45.901  2955  2980 I art     : Explicit concurrent mark sweep GC freed 7707(384KB) AllocSpace objects, 0(0B) LOS objects, 34% free, 30MB/46MB, paused 2.027ms total 47.927ms
08-05 12:48:45.917  2955  2980 I art     : Starting a blocking GC Explicit
08-05 12:48:45.959  2955  2980 I art     : Explicit concurrent mark sweep GC freed 5149(283KB) AllocSpace objects, 0(0B) LOS objects, 34% free, 30MB/46MB, paused 2.501ms total 42.087ms
08-05 12:48:46.273  2955  6021 I NAPPA_EXPERIMENTATION: MetricNetworkRequestExecutionTime: REQUEST_DURATION_SYSTEM='829',REQUEST_DURATION_OKHTTP='414',REQUEST_SYNCHRONOUS='TRUE',RESPONSE_CODE='200',RESPONSE_METHOD='GET',RESPONSE_LENGTH_OKHTTP='4487',RESPONSE_LENGTH_HEADER='4487',REQUEST_PROTOCOL='h2',REQUEST_URL='https://a.thumbs.redditmedia.com/sKVnLbatvJCZOE2ooe6CgiEftOB3ukgPMdcydbk9CZ4.jpg',
08-05 12:48:46.273  2955  6021 D OK      : request got status: 200
08-05 12:48:46.273  2955  3295 I art     : Starting a blocking GC Explicit
08-05 12:48:46.309   918  3261 D WifiStateMachine: starting scan for "H369AA63323"WPA_PSK with 2412,5180
08-05 12:48:46.327  2955  3295 I art     : Explicit concurrent mark sweep GC freed 51928(2MB) AllocSpace objects, 1(20KB) LOS objects, 34% free, 30MB/46MB, paused 1.996ms total 53.148ms
08-05 12:48:46.341  2955  3295 I art     : Starting a blocking GC Explicit
08-05 12:48:46.366  2955  6020 I NAPPA_EXPERIMENTATION: MetricNetworkRequestExecutionTime: REQUEST_DURATION_SYSTEM='933',REQUEST_DURATION_OKHTTP='526',REQUEST_SYNCHRONOUS='TRUE',RESPONSE_CODE='200',RESPONSE_METHOD='GET',RESPONSE_LENGTH_OKHTTP='3891',RESPONSE_LENGTH_HEADER='3891',REQUEST_PROTOCOL='h2',REQUEST_URL='https://b.thumbs.redditmedia.com/CKInrczASoQbNvSBStGz11Tok0uCyQoxmZ02sOE37sQ.jpg',
08-05 12:48:46.366  2955  6020 D OK      : request got status: 200
08-05 12:48:46.389  2955  3295 I art     : Explicit concurrent mark sweep GC freed 4900(333KB) AllocSpace objects, 1(68KB) LOS objects, 34% free, 30MB/46MB, paused 2.592ms total 47.745ms
08-05 12:48:46.407  2955  3295 I art     : Starting a blocking GC Explicit
08-05 12:48:46.423  2955  6024 I NAPPA_EXPERIMENTATION: MetricNetworkRequestExecutionTime: REQUEST_DURATION_SYSTEM='966',REQUEST_DURATION_OKHTTP='525',REQUEST_SYNCHRONOUS='TRUE',RESPONSE_CODE='200',RESPONSE_METHOD='GET',RESPONSE_LENGTH_OKHTTP='5113',RESPONSE_LENGTH_HEADER='5113',REQUEST_PROTOCOL='h2',REQUEST_URL='https://b.thumbs.redditmedia.com/1cAaKl6LkrikiRbLsBzzOvufKqRKuPi3wgjUkX8axkI.jpg',
08-05 12:48:46.423  2955  6024 D OK      : request got status: 200
08-05 12:48:46.437  2955  6022 I NAPPA_EXPERIMENTATION: MetricNetworkRequestExecutionTime: REQUEST_DURATION_SYSTEM='990',REQUEST_DURATION_OKHTTP='473',REQUEST_SYNCHRONOUS='TRUE',RESPONSE_CODE='200',RESPONSE_METHOD='GET',RESPONSE_LENGTH_OKHTTP='6530',RESPONSE_LENGTH_HEADER='6530',REQUEST_PROTOCOL='h2',REQUEST_URL='https://a.thumbs.redditmedia.com/dFt2-stQJkfZ8O7r7ywG9GQsF08fZXxEJfQtAmiJ-F8.jpg',
08-05 12:48:46.437  2955  6022 D OK      : request got status: 200
08-05 12:48:46.443  2955  6027 I NAPPA_EXPERIMENTATION: MetricNetworkRequestExecutionTime: REQUEST_DURATION_SYSTEM='975',REQUEST_DURATION_OKHTTP='542',REQUEST_SYNCHRONOUS='TRUE',RESPONSE_CODE='200',RESPONSE_METHOD='GET',RESPONSE_LENGTH_OKHTTP='5439',RESPONSE_LENGTH_HEADER='5439',REQUEST_PROTOCOL='h2',REQUEST_URL='https://b.thumbs.redditmedia.com/tTmEfIrujbsvZXbhNSQS6Pc7o7ShCaGqZHbYf7nWdfg.jpg',
08-05 12:48:46.443  2955  6027 D OK      : request got status: 200
08-05 12:48:46.455  2955  6121 D OK      : calling: https://oauth.reddit.com/r/aww/hot/.json?after=t3_hz5odc
08-05 12:48:46.464  2955  3295 I art     : Explicit concurrent mark sweep GC freed 8762(492KB) AllocSpace objects, 9(584KB) LOS objects, 33% free, 31MB/47MB, paused 2.640ms total 55.802ms
08-05 12:48:46.483  2955  3295 I art     : Starting a blocking GC Explicit
08-05 12:48:46.530  2955  6025 I NAPPA_EXPERIMENTATION: MetricNetworkRequestExecutionTime: REQUEST_DURATION_SYSTEM='1070',REQUEST_DURATION_OKHTTP='627',REQUEST_SYNCHRONOUS='TRUE',RESPONSE_CODE='200',RESPONSE_METHOD='GET',RESPONSE_LENGTH_OKHTTP='6242',RESPONSE_LENGTH_HEADER='6242',REQUEST_PROTOCOL='h2',REQUEST_URL='https://b.thumbs.redditmedia.com/NUqJWcobH7ToYhCM0w6nnAFZ46ymm9vPD25BC3s7Wco.jpg',
08-05 12:48:46.530  2955  6025 D OK      : request got status: 200
08-05 12:48:46.530  2955  6030 I NAPPA_EXPERIMENTATION: MetricNetworkRequestExecutionTime: REQUEST_DURATION_SYSTEM='1059',REQUEST_DURATION_OKHTTP='609',REQUEST_SYNCHRONOUS='TRUE',RESPONSE_CODE='200',RESPONSE_METHOD='GET',RESPONSE_LENGTH_OKHTTP='6634',RESPONSE_LENGTH_HEADER='6634',REQUEST_PROTOCOL='h2',REQUEST_URL='https://b.thumbs.redditmedia.com/JTSWFy2_tijPk6cA5noKDydEAMkMJcDmKQTSX178zwc.jpg',
08-05 12:48:46.530  2955  6030 D OK      : request got status: 200
08-05 12:48:46.530  2955  6026 I NAPPA_EXPERIMENTATION: MetricNetworkRequestExecutionTime: REQUEST_DURATION_SYSTEM='1068',REQUEST_DURATION_OKHTTP='560',REQUEST_SYNCHRONOUS='TRUE',RESPONSE_CODE='200',RESPONSE_METHOD='GET',RESPONSE_LENGTH_OKHTTP='6131',RESPONSE_LENGTH_HEADER='6131',REQUEST_PROTOCOL='h2',REQUEST_URL='https://b.thumbs.redditmedia.com/bUY4al781EZ3q7hUlnLebemHCXE3e63_SSxl2uo4Q4A.jpg',
08-05 12:48:46.531  2955  6026 D OK      : request got status: 200
08-05 12:48:46.535  2955  3295 I art     : Explicit concurrent mark sweep GC freed 3755(349KB) AllocSpace objects, 14(712KB) LOS objects, 33% free, 31MB/47MB, paused 2.335ms total 52.493ms
08-05 12:48:46.554  2955  3295 I art     : Starting a blocking GC Explicit
08-05 12:48:46.559  2955  6028 I NAPPA_EXPERIMENTATION: MetricNetworkRequestExecutionTime: REQUEST_DURATION_SYSTEM='1089',REQUEST_DURATION_OKHTTP='548',REQUEST_SYNCHRONOUS='TRUE',RESPONSE_CODE='200',RESPONSE_METHOD='GET',RESPONSE_LENGTH_OKHTTP='6434',RESPONSE_LENGTH_HEADER='6434',REQUEST_PROTOCOL='h2',REQUEST_URL='https://b.thumbs.redditmedia.com/_H8tFMmL5-3GrxYkCtMSHiyNfjbX8pxctOw_vrzyw7o.jpg',
08-05 12:48:46.559  2955  6028 D OK      : request got status: 200
08-05 12:48:46.606  2955  3295 I art     : Explicit concurrent mark sweep GC freed 1114(108KB) AllocSpace objects, 10(512KB) LOS objects, 33% free, 31MB/47MB, paused 2.368ms total 51.506ms
08-05 12:48:46.624  2955  6040 I NAPPA_EXPERIMENTATION: MetricNetworkRequestExecutionTime: REQUEST_DURATION_SYSTEM='1129',REQUEST_DURATION_OKHTTP='599',REQUEST_SYNCHRONOUS='TRUE',RESPONSE_CODE='200',RESPONSE_METHOD='GET',RESPONSE_LENGTH_OKHTTP='6093',RESPONSE_LENGTH_HEADER='6093',REQUEST_PROTOCOL='h2',REQUEST_URL='https://b.thumbs.redditmedia.com/lQKqDneXS8E7ZBD9cUQy4OqOt8PuTneSvVFtnU0pwCE.jpg',
08-05 12:48:46.624  2955  6040 D OK      : request got status: 200
08-05 12:48:46.677  2955  6034 I NAPPA_EXPERIMENTATION: MetricNetworkRequestExecutionTime: REQUEST_DURATION_SYSTEM='1197',REQUEST_DURATION_OKHTTP='661',REQUEST_SYNCHRONOUS='TRUE',RESPONSE_CODE='200',RESPONSE_METHOD='GET',RESPONSE_LENGTH_OKHTTP='4018',RESPONSE_LENGTH_HEADER='4018',REQUEST_PROTOCOL='h2',REQUEST_URL='https://b.thumbs.redditmedia.com/lVNra-iScxkYcYtSstJ-7J7pRAUDRXIwwJhsen1ZK9g.jpg',
08-05 12:48:46.677  2955  6034 D OK      : request got status: 200
08-05 12:48:46.719  2955  6032 I NAPPA_EXPERIMENTATION: MetricNetworkRequestExecutionTime: REQUEST_DURATION_SYSTEM='1244',REQUEST_DURATION_OKHTTP='686',REQUEST_SYNCHRONOUS='TRUE',RESPONSE_CODE='200',RESPONSE_METHOD='GET',RESPONSE_LENGTH_OKHTTP='7265',RESPONSE_LENGTH_HEADER='7265',REQUEST_PROTOCOL='h2',REQUEST_URL='https://b.thumbs.redditmedia.com/N6fiqTp8nJD2l7sUz4nij7j1yHYMTKaflUIrn8E2bAU.jpg',
08-05 12:48:46.719  2955  6032 D OK      : request got status: 200
08-05 12:48:46.739  2955  6033 I NAPPA_EXPERIMENTATION: MetricNetworkRequestExecutionTime: REQUEST_DURATION_SYSTEM='1261',REQUEST_DURATION_OKHTTP='656',REQUEST_SYNCHRONOUS='TRUE',RESPONSE_CODE='200',RESPONSE_METHOD='GET',RESPONSE_LENGTH_OKHTTP='8699',RESPONSE_LENGTH_HEADER='8699',REQUEST_PROTOCOL='h2',REQUEST_URL='https://b.thumbs.redditmedia.com/HkEQtny0bE4H3dMCd_woPsLAXBoPwp_DZ4ioFNIQLKk.jpg',
08-05 12:48:46.739  2955  6033 D OK      : request got status: 200
08-05 12:48:46.744  2955  6045 I NAPPA_EXPERIMENTATION: MetricNetworkRequestExecutionTime: REQUEST_DURATION_SYSTEM='1233',REQUEST_DURATION_OKHTTP='631',REQUEST_SYNCHRONOUS='TRUE',RESPONSE_CODE='200',RESPONSE_METHOD='GET',RESPONSE_LENGTH_OKHTTP='4798',RESPONSE_LENGTH_HEADER='4798',REQUEST_PROTOCOL='h2',REQUEST_URL='https://a.thumbs.redditmedia.com/KpcC72KH04Be3BqxmFbv_Gz7LCy-24GU-70or3KCdJ4.jpg',
08-05 12:48:46.744  2955  6045 D OK      : request got status: 200
08-05 12:48:46.756  2955  6037 I NAPPA_EXPERIMENTATION: MetricNetworkRequestExecutionTime: REQUEST_DURATION_SYSTEM='1267',REQUEST_DURATION_OKHTTP='752',REQUEST_SYNCHRONOUS='TRUE',RESPONSE_CODE='200',RESPONSE_METHOD='GET',RESPONSE_LENGTH_OKHTTP='1713',RESPONSE_LENGTH_HEADER='1713',REQUEST_PROTOCOL='h2',REQUEST_URL='https://v.redd.it/ak6rer1hskd51/DASHPlaylist.mpd',
08-05 12:48:46.756  2955  6037 D OK      : request got status: 200
08-05 12:48:46.759  2955  6046 I NAPPA_EXPERIMENTATION: MetricNetworkRequestExecutionTime: REQUEST_DURATION_SYSTEM='1242',REQUEST_DURATION_OKHTTP='558',REQUEST_SYNCHRONOUS='TRUE',RESPONSE_CODE='200',RESPONSE_METHOD='GET',RESPONSE_LENGTH_OKHTTP='5648',RESPONSE_LENGTH_HEADER='5648',REQUEST_PROTOCOL='h2',REQUEST_URL='https://a.thumbs.redditmedia.com/cEOtajy3CAQrjwSA3hhSqnPx8bfkRzglo7Lz1SBTmE0.jpg',
08-05 12:48:46.759  2955  6046 D OK      : request got status: 200
08-05 12:48:46.769  2955  6041 I NAPPA_EXPERIMENTATION: MetricNetworkRequestExecutionTime: REQUEST_DURATION_SYSTEM='1264',REQUEST_DURATION_OKHTTP='611',REQUEST_SYNCHRONOUS='TRUE',RESPONSE_CODE='200',RESPONSE_METHOD='GET',RESPONSE_LENGTH_OKHTTP='7078',RESPONSE_LENGTH_HEADER='7078',REQUEST_PROTOCOL='h2',REQUEST_URL='https://b.thumbs.redditmedia.com/X3yyAViE0gxiHR-kf9Z5xmLa8dKsm8iWJyKdWNVtOhU.jpg',
08-05 12:48:46.769  2955  6041 D OK      : request got status: 200
08-05 12:48:46.800  2955  6035 I NAPPA_EXPERIMENTATION: MetricNetworkRequestExecutionTime: REQUEST_DURATION_SYSTEM='1316',REQUEST_DURATION_OKHTTP='772',REQUEST_SYNCHRONOUS='TRUE',RESPONSE_CODE='200',RESPONSE_METHOD='GET',RESPONSE_LENGTH_OKHTTP='2700',RESPONSE_LENGTH_HEADER='2700',REQUEST_PROTOCOL='h2',REQUEST_URL='https://v.redd.it/fkewv2f65kd51/DASHPlaylist.mpd',
08-05 12:48:46.800  2955  6035 D OK      : request got status: 200
08-05 12:48:46.816  2955  6044 I NAPPA_EXPERIMENTATION: MetricNetworkRequestExecutionTime: REQUEST_DURATION_SYSTEM='1306',REQUEST_DURATION_OKHTTP='647',REQUEST_SYNCHRONOUS='TRUE',RESPONSE_CODE='200',RESPONSE_METHOD='GET',RESPONSE_LENGTH_OKHTTP='2429',RESPONSE_LENGTH_HEADER='2429',REQUEST_PROTOCOL='h2',REQUEST_URL='https://v.redd.it/h49fg58ygjd51/DASHPlaylist.mpd',
08-05 12:48:46.816  2955  6044 D OK      : request got status: 200
08-05 12:48:46.840  2955  6043 I NAPPA_EXPERIMENTATION: MetricNetworkRequestExecutionTime: REQUEST_DURATION_SYSTEM='1332',REQUEST_DURATION_OKHTTP='673',REQUEST_SYNCHRONOUS='TRUE',RESPONSE_CODE='200',RESPONSE_METHOD='GET',RESPONSE_LENGTH_OKHTTP='5207',RESPONSE_LENGTH_HEADER='5207',REQUEST_PROTOCOL='h2',REQUEST_URL='https://b.thumbs.redditmedia.com/Bx9FZp8_w10DfFUf_mqVPMfu4Y0h2lo41Dh4tl2eNeQ.jpg',
08-05 12:48:46.840  2955  6043 D OK      : request got status: 200
08-05 12:48:46.852  2955  6050 I NAPPA_EXPERIMENTATION: MetricNetworkRequestExecutionTime: REQUEST_DURATION_SYSTEM='1326',REQUEST_DURATION_OKHTTP='686',REQUEST_SYNCHRONOUS='TRUE',RESPONSE_CODE='200',RESPONSE_METHOD='GET',RESPONSE_LENGTH_OKHTTP='5229',RESPONSE_LENGTH_HEADER='5229',REQUEST_PROTOCOL='h2',REQUEST_URL='https://b.thumbs.redditmedia.com/RrJbRRjFZWmckrONtkPTloJh52FfqD_XkLMuYuuQvAg.jpg',
08-05 12:48:46.852  2955  6050 D OK      : request got status: 200
08-05 12:48:46.903  2955  6037 I RedditVideosAPI: For 'https://v.redd.it/ak6rer1hskd51/DASHPlaylist.mpd', got video stream 'https://v.redd.it/ak6rer1hskd51/DASH_360' and audio stream 'null'
08-05 12:48:46.909  2955  6035 I RedditVideosAPI: For 'https://v.redd.it/fkewv2f65kd51/DASHPlaylist.mpd', got video stream 'https://v.redd.it/fkewv2f65kd51/DASH_480' and audio stream 'https://v.redd.it/fkewv2f65kd51/audio'
08-05 12:48:46.909  2955  6055 I NAPPA_EXPERIMENTATION: MetricNetworkRequestExecutionTime: REQUEST_DURATION_SYSTEM='1375',REQUEST_DURATION_OKHTTP='710',REQUEST_SYNCHRONOUS='TRUE',RESPONSE_CODE='200',RESPONSE_METHOD='GET',RESPONSE_LENGTH_OKHTTP='8835',RESPONSE_LENGTH_HEADER='8835',REQUEST_PROTOCOL='h2',REQUEST_URL='https://b.thumbs.redditmedia.com/B18Vu5Jw71XCkFOFHimnUC42ya8apHsmcCW-HFmtb6w.jpg',
08-05 12:48:46.909  2955  6055 D OK      : request got status: 200
08-05 12:48:46.926  2955  6044 I RedditVideosAPI: For 'https://v.redd.it/h49fg58ygjd51/DASHPlaylist.mpd', got video stream 'https://v.redd.it/h49fg58ygjd51/DASH_480' and audio stream 'null'
08-05 12:48:46.939  2955  3034 I art     : Starting a blocking GC Explicit
08-05 12:48:46.943  2955  6058 I NAPPA_EXPERIMENTATION: MetricNetworkRequestExecutionTime: REQUEST_DURATION_SYSTEM='1401',REQUEST_DURATION_OKHTTP='640',REQUEST_SYNCHRONOUS='TRUE',RESPONSE_CODE='200',RESPONSE_METHOD='GET',RESPONSE_LENGTH_OKHTTP='3060',RESPONSE_LENGTH_HEADER='3060',REQUEST_PROTOCOL='h2',REQUEST_URL='https://v.redd.it/b8vazlcb7ld51/DASHPlaylist.mpd',
08-05 12:48:46.943  2955  6058 D OK      : request got status: 200
08-05 12:48:46.945  2955  6056 I NAPPA_EXPERIMENTATION: MetricNetworkRequestExecutionTime: REQUEST_DURATION_SYSTEM='1408',REQUEST_DURATION_OKHTTP='665',REQUEST_SYNCHRONOUS='TRUE',RESPONSE_CODE='200',RESPONSE_METHOD='GET',RESPONSE_LENGTH_OKHTTP='2861',RESPONSE_LENGTH_HEADER='2861',REQUEST_PROTOCOL='h2',REQUEST_URL='https://b.thumbs.redditmedia.com/iZuzjufMpYUYtQRLjRwce4RDb6JYsId95_iezR2Uc0w.jpg',
08-05 12:48:46.945  2955  6056 D OK      : request got status: 200
08-05 12:48:46.959  2955  6023 I NAPPA_EXPERIMENTATION: MetricNetworkRequestExecutionTime: REQUEST_DURATION_SYSTEM='1504',REQUEST_DURATION_OKHTTP='769',REQUEST_SYNCHRONOUS='TRUE',RESPONSE_CODE='200',RESPONSE_METHOD='GET',RESPONSE_LENGTH_OKHTTP='-1',RESPONSE_LENGTH_HEADER='812',REQUEST_PROTOCOL='http/1.1',REQUEST_URL='https://api.gfycat.com/v1/gfycats/deadlygravecavy',
08-05 12:48:46.959  2955  6023 D OK      : request got status: 200
08-05 12:48:46.967  2955  6031 I NAPPA_EXPERIMENTATION: MetricNetworkRequestExecutionTime: REQUEST_DURATION_SYSTEM='1494',REQUEST_DURATION_OKHTTP='848',REQUEST_SYNCHRONOUS='TRUE',RESPONSE_CODE='200',RESPONSE_METHOD='GET',RESPONSE_LENGTH_OKHTTP='-1',RESPONSE_LENGTH_HEADER='379',REQUEST_PROTOCOL='h2',REQUEST_URL='https://api.imgur.com/3/image/NSO7Npm',
08-05 12:48:46.967  2955  6031 D OK      : request got status: 200
08-05 12:48:46.980  2955  6058 I RedditVideosAPI: For 'https://v.redd.it/b8vazlcb7ld51/DASHPlaylist.mpd', got video stream 'https://v.redd.it/b8vazlcb7ld51/DASH_480' and audio stream 'https://v.redd.it/b8vazlcb7ld51/audio'
08-05 12:48:46.982  2955  6063 I NAPPA_EXPERIMENTATION: MetricNetworkRequestExecutionTime: REQUEST_DURATION_SYSTEM='1416',REQUEST_DURATION_OKHTTP='698',REQUEST_SYNCHRONOUS='TRUE',RESPONSE_CODE='200',RESPONSE_METHOD='GET',RESPONSE_LENGTH_OKHTTP='6778',RESPONSE_LENGTH_HEADER='6778',REQUEST_PROTOCOL='h2',REQUEST_URL='https://b.thumbs.redditmedia.com/189nmwjW7eGWBD0J-cxzsUac1V1ZWGzMFC66inY4u4Y.jpg',
08-05 12:48:46.982  2955  6063 D OK      : request got status: 200
08-05 12:48:46.989  2955  6052 I NAPPA_EXPERIMENTATION: MetricNetworkRequestExecutionTime: REQUEST_DURATION_SYSTEM='1459',REQUEST_DURATION_OKHTTP='688',REQUEST_SYNCHRONOUS='TRUE',RESPONSE_CODE='200',RESPONSE_METHOD='GET',RESPONSE_LENGTH_OKHTTP='6163',RESPONSE_LENGTH_HEADER='6163',REQUEST_PROTOCOL='h2',REQUEST_URL='https://b.thumbs.redditmedia.com/chqK3f9u3D7UmfrGP85f4sOQFihMk6q7fFSeMyWs_7E.jpg',
08-05 12:48:46.989  2955  6052 D OK      : request got status: 200
08-05 12:48:46.995  2955  6051 I NAPPA_EXPERIMENTATION: MetricNetworkRequestExecutionTime: REQUEST_DURATION_SYSTEM='1466',REQUEST_DURATION_OKHTTP='622',REQUEST_SYNCHRONOUS='TRUE',RESPONSE_CODE='200',RESPONSE_METHOD='GET',RESPONSE_LENGTH_OKHTTP='2787',RESPONSE_LENGTH_HEADER='2787',REQUEST_PROTOCOL='h2',REQUEST_URL='https://v.redd.it/ppmhu2r9thd51/DASHPlaylist.mpd',
08-05 12:48:46.995  2955  6051 D OK      : request got status: 200
08-05 12:48:46.996  2955  3034 I art     : Explicit concurrent mark sweep GC freed 8447(1039KB) AllocSpace objects, 79(4MB) LOS objects, 31% free, 34MB/50MB, paused 1.584ms total 56.236ms
08-05 12:48:46.998  2955  6057 I NAPPA_EXPERIMENTATION: MetricNetworkRequestExecutionTime: REQUEST_DURATION_SYSTEM='1458',REQUEST_DURATION_OKHTTP='608',REQUEST_SYNCHRONOUS='TRUE',RESPONSE_CODE='200',RESPONSE_METHOD='GET',RESPONSE_LENGTH_OKHTTP='2698',RESPONSE_LENGTH_HEADER='2698',REQUEST_PROTOCOL='h2',REQUEST_URL='https://v.redd.it/s9qqadf3mid51/DASHPlaylist.mpd',
08-05 12:48:46.999  2955  6057 D OK      : request got status: 200
08-05 12:48:46.999  2955  6066 I NAPPA_EXPERIMENTATION: MetricNetworkRequestExecutionTime: REQUEST_DURATION_SYSTEM='1430',REQUEST_DURATION_OKHTTP='681',REQUEST_SYNCHRONOUS='TRUE',RESPONSE_CODE='200',RESPONSE_METHOD='GET',RESPONSE_LENGTH_OKHTTP='2342',RESPONSE_LENGTH_HEADER='2342',REQUEST_PROTOCOL='h2',REQUEST_URL='https://v.redd.it/ar5k8892pid51/DASHPlaylist.mpd',
08-05 12:48:46.999  2955  6066 D OK      : request got status: 200
08-05 12:48:47.015  2955  6036 I NAPPA_EXPERIMENTATION: MetricNetworkRequestExecutionTime: REQUEST_DURATION_SYSTEM='1527',REQUEST_DURATION_OKHTTP='738',REQUEST_SYNCHRONOUS='TRUE',RESPONSE_CODE='200',RESPONSE_METHOD='GET',RESPONSE_LENGTH_OKHTTP='-1',RESPONSE_LENGTH_HEADER='955',REQUEST_PROTOCOL='http/1.1',REQUEST_URL='https://api.gfycat.com/v1/gfycats/altruisticthankfulankolewatusi',
08-05 12:48:47.015  2955  6036 D OK      : request got status: 200
08-05 12:48:47.016  2955  6121 I NAPPA_EXPERIMENTATION: MetricNetworkRequestExecutionTime: REQUEST_DURATION_SYSTEM='561',REQUEST_DURATION_OKHTTP='552',REQUEST_SYNCHRONOUS='TRUE',RESPONSE_CODE='200',RESPONSE_METHOD='GET',RESPONSE_LENGTH_OKHTTP='-1',RESPONSE_LENGTH_HEADER='30610',REQUEST_PROTOCOL='h2',REQUEST_URL='https://oauth.reddit.com/r/aww/hot/.json?after=t3_hz5odc',
08-05 12:48:47.016  2955  6121 D OK      : request got status: 200
08-05 12:48:47.016  2955  3034 I art     : Starting a blocking GC Explicit
08-05 12:48:47.025  2955  6061 I NAPPA_EXPERIMENTATION: MetricNetworkRequestExecutionTime: REQUEST_DURATION_SYSTEM='1474',REQUEST_DURATION_OKHTTP='564',REQUEST_SYNCHRONOUS='TRUE',RESPONSE_CODE='200',RESPONSE_METHOD='GET',RESPONSE_LENGTH_OKHTTP='2071',RESPONSE_LENGTH_HEADER='2071',REQUEST_PROTOCOL='h2',REQUEST_URL='https://v.redd.it/ty24o02m1hd51/DASHPlaylist.mpd',
08-05 12:48:47.025  2955  6061 D OK      : request got status: 200
08-05 12:48:47.026  2955  6059 I NAPPA_EXPERIMENTATION: MetricNetworkRequestExecutionTime: REQUEST_DURATION_SYSTEM='1480',REQUEST_DURATION_OKHTTP='721',REQUEST_SYNCHRONOUS='TRUE',RESPONSE_CODE='200',RESPONSE_METHOD='GET',RESPONSE_LENGTH_OKHTTP='4067',RESPONSE_LENGTH_HEADER='4067',REQUEST_PROTOCOL='h2',REQUEST_URL='https://b.thumbs.redditmedia.com/XNb1kfskabGDLMqv661Q22hBtCb8w5oyePDcFaZi9aY.jpg',
08-05 12:48:47.026  2955  6059 D OK      : request got status: 200
08-05 12:48:47.029  2955  3577 I PostListingFragment: Precaching images: OFF
08-05 12:48:47.029  2955  3577 I PostListingFragment: Precaching comments: OFF
08-05 12:48:47.041  2955  6047 I NAPPA_EXPERIMENTATION: MetricNetworkRequestExecutionTime: REQUEST_DURATION_SYSTEM='1522',REQUEST_DURATION_OKHTTP='577',REQUEST_SYNCHRONOUS='TRUE',RESPONSE_CODE='200',RESPONSE_METHOD='GET',RESPONSE_LENGTH_OKHTTP='3058',RESPONSE_LENGTH_HEADER='3058',REQUEST_PROTOCOL='h2',REQUEST_URL='https://v.redd.it/1ewzkieg0jd51/DASHPlaylist.mpd',
08-05 12:48:47.041  2955  6047 D OK      : request got status: 200
08-05 12:48:47.049  2955  6042 I NAPPA_EXPERIMENTATION: MetricNetworkRequestExecutionTime: REQUEST_DURATION_SYSTEM='1547',REQUEST_DURATION_OKHTTP='627',REQUEST_SYNCHRONOUS='TRUE',RESPONSE_CODE='200',RESPONSE_METHOD='GET',RESPONSE_LENGTH_OKHTTP='-1',RESPONSE_LENGTH_HEADER='1021',REQUEST_PROTOCOL='http/1.1',REQUEST_URL='https://api.gfycat.com/v1/gfycats/foolhardysparklinglarva',
08-05 12:48:47.049  2955  6042 D OK      : request got status: 200
08-05 12:48:47.055  2955  6060 I NAPPA_EXPERIMENTATION: MetricNetworkRequestExecutionTime: REQUEST_DURATION_SYSTEM='1496',REQUEST_DURATION_OKHTTP='686',REQUEST_SYNCHRONOUS='TRUE',RESPONSE_CODE='200',RESPONSE_METHOD='GET',RESPONSE_LENGTH_OKHTTP='4249',RESPONSE_LENGTH_HEADER='4249',REQUEST_PROTOCOL='h2',REQUEST_URL='https://b.thumbs.redditmedia.com/lMqJbh1Z40ffemA0TnSfVnovznn4hvJNue60AsJ-ETs.jpg',
08-05 12:48:47.055  2955  6060 D OK      : request got status: 200
08-05 12:48:47.067  2955  3034 I art     : Explicit concurrent mark sweep GC freed 8635(609KB) AllocSpace objects, 13(764KB) LOS objects, 30% free, 36MB/52MB, paused 1.633ms total 50.680ms
08-05 12:48:47.085  2955  3034 I art     : Starting a blocking GC Explicit
08-05 12:48:47.095  2955  6069 I NAPPA_EXPERIMENTATION: MetricNetworkRequestExecutionTime: REQUEST_DURATION_SYSTEM='1519',REQUEST_DURATION_OKHTTP='645',REQUEST_SYNCHRONOUS='TRUE',RESPONSE_CODE='200',RESPONSE_METHOD='GET',RESPONSE_LENGTH_OKHTTP='6221',RESPONSE_LENGTH_HEADER='6221',REQUEST_PROTOCOL='h2',REQUEST_URL='https://b.thumbs.redditmedia.com/d_-UsfmKASoIHi4vZyyjvvwFtm1S7-DEi9AQPOnGIgY.jpg',
08-05 12:48:47.095  2955  6069 D OK      : request got status: 200
08-05 12:48:47.098  2955  6062 I NAPPA_EXPERIMENTATION: MetricNetworkRequestExecutionTime: REQUEST_DURATION_SYSTEM='1539',REQUEST_DURATION_OKHTTP='615',REQUEST_SYNCHRONOUS='TRUE',RESPONSE_CODE='200',RESPONSE_METHOD='GET',RESPONSE_LENGTH_OKHTTP='6843',RESPONSE_LENGTH_HEADER='6843',REQUEST_PROTOCOL='h2',REQUEST_URL='https://b.thumbs.redditmedia.com/x5l4cICw0WNNvslt5FqVjwj89XrGjrXnNbaSyQRAyCo.jpg',
08-05 12:48:47.098  2955  6062 D OK      : request got status: 200
08-05 12:48:47.099  2955  6137 D OK      : calling: https://b.thumbs.redditmedia.com/WehZGjN94ALGdO0M7RjPJ2EwcyyWVZ_NUn1Fuf7IYWY.jpg
08-05 12:48:47.102  2955  3577 I getImgurImageInfo: Image nLQR2hT: trying API v3 with auth
08-05 12:48:47.120  2955  6051 I RedditVideosAPI: For 'https://v.redd.it/ppmhu2r9thd51/DASHPlaylist.mpd', got video stream 'https://v.redd.it/ppmhu2r9thd51/DASH_480' and audio stream 'null'
08-05 12:48:47.142  2955  3034 I art     : Explicit concurrent mark sweep GC freed 12387(597KB) AllocSpace objects, 16(1424KB) LOS objects, 30% free, 36MB/52MB, paused 1.140ms total 56.127ms
08-05 12:48:47.151  2955  6057 I RedditVideosAPI: For 'https://v.redd.it/s9qqadf3mid51/DASHPlaylist.mpd', got video stream 'https://v.redd.it/s9qqadf3mid51/DASH_480' and audio stream 'https://v.redd.it/s9qqadf3mid51/audio'
08-05 12:48:47.161  2955  3034 I art     : Starting a blocking GC Explicit
08-05 12:48:47.172  2955  6066 I RedditVideosAPI: For 'https://v.redd.it/ar5k8892pid51/DASHPlaylist.mpd', got video stream 'https://v.redd.it/ar5k8892pid51/DASH_360' and audio stream 'https://v.redd.it/ar5k8892pid51/audio'
08-05 12:48:47.180  2955  6138 D OK      : calling: https://b.thumbs.redditmedia.com/Xdo4lcQOwuUNK1yxSlXZ0OI8u23ORAr16_AzfAZ1nvU.jpg
08-05 12:48:47.202  2955  6061 I RedditVideosAPI: For 'https://v.redd.it/ty24o02m1hd51/DASHPlaylist.mpd', got video stream 'https://v.redd.it/ty24o02m1hd51/DASH_480' and audio stream 'null'
08-05 12:48:47.209  2955  6047 I RedditVideosAPI: For 'https://v.redd.it/1ewzkieg0jd51/DASHPlaylist.mpd', got video stream 'https://v.redd.it/1ewzkieg0jd51/DASH_480' and audio stream 'https://v.redd.it/1ewzkieg0jd51/audio'
08-05 12:48:47.215  2955  3034 I art     : Explicit concurrent mark sweep GC freed 4265(420KB) AllocSpace objects, 9(612KB) LOS objects, 30% free, 36MB/52MB, paused 868us total 53.794ms
08-05 12:48:47.235  2955  3034 I art     : Starting a blocking GC Explicit
08-05 12:48:47.236  2955  6137 I NAPPA_EXPERIMENTATION: MetricNetworkRequestExecutionTime: REQUEST_DURATION_SYSTEM='136',REQUEST_DURATION_OKHTTP='136',REQUEST_SYNCHRONOUS='TRUE',RESPONSE_CODE='200',RESPONSE_METHOD='GET',RESPONSE_LENGTH_OKHTTP='5435',RESPONSE_LENGTH_HEADER='5435',REQUEST_PROTOCOL='h2',REQUEST_URL='https://b.thumbs.redditmedia.com/WehZGjN94ALGdO0M7RjPJ2EwcyyWVZ_NUn1Fuf7IYWY.jpg',
08-05 12:48:47.236  2955  6137 D OK      : request got status: 200
08-05 12:48:47.246  2955  6139 D OK      : calling: https://b.thumbs.redditmedia.com/2KMYZ5hTlKXSvNO4hDUPyMba8Yz6skyu1SjUhLq1d9s.jpg
08-05 12:48:47.270  2955  6140 D OK      : calling: https://a.thumbs.redditmedia.com/EFVm-ZqqhARyEaKgtwU74c7tfzEDJvI0uiHXGglFag4.jpg
08-05 12:48:47.278  2955  6141 D OK      : calling: https://b.thumbs.redditmedia.com/qi4bNDKzoPvaSaSx99K2bAjwaRHh1nuOrcbySp1JHdk.jpg
08-05 12:48:47.288  2955  6142 D OK      : calling: https://b.thumbs.redditmedia.com/Ja8yiRMklM2lXd8q60LtBI6CqdmJ5YbWHRiBVFmICJA.jpg
08-05 12:48:47.288  2955  3034 I art     : Explicit concurrent mark sweep GC freed 3155(305KB) AllocSpace objects, 20(1224KB) LOS objects, 30% free, 36MB/52MB, paused 1.040ms total 53.134ms
08-05 12:48:47.291  2955  6143 D OK      : calling: https://b.thumbs.redditmedia.com/o5lSsJ_tCgCQxcdjMGaYxuveNluXB1PQT4PokXDhpvc.jpg
08-05 12:48:47.294  2955  6144 D OK      : calling: https://b.thumbs.redditmedia.com/SiCWTmKkQcbiAa7naxAHnw0adTeRkq1dB8QSqzGU7-Q.jpg
08-05 12:48:47.299  2955  6145 D OK      : calling: https://b.thumbs.redditmedia.com/C9qrVibnNxmzfLDKvEHp2v2Bo-Kqme7PoKC52s2o52M.jpg
08-05 12:48:47.302  2955  6146 D OK      : calling: https://a.thumbs.redditmedia.com/Tfsm0ol-ltlxNSBAkZ_4G4302d0hYeOSODkvXidBBR8.jpg
08-05 12:48:47.304  2955  6147 D OK      : calling: https://a.thumbs.redditmedia.com/Kzag-wH9wKRRg2MnPwgoFgXT_2jN_nkJ1lY1aNRQyT4.jpg
08-05 12:48:47.307  2955  6148 D OK      : calling: https://a.thumbs.redditmedia.com/P4gSGpXpi2wDXthNZ-LiwEs5Jvplm6dQ7W7Isqa7un4.jpg
08-05 12:48:47.309  2955  6149 D OK      : calling: https://b.thumbs.redditmedia.com/XkIhgqugP-9Zcb5I9A8o0r-zQJDh_6kastc0oWiiHkI.jpg
08-05 12:48:47.312  2955  6150 D OK      : calling: https://b.thumbs.redditmedia.com/3QPAtixkID9ojpqCAgfspJpruqoq45fM1G-Fx1K2F2A.jpg
08-05 12:48:47.314  2955  6151 D OK      : calling: https://b.thumbs.redditmedia.com/orK4W8Xc99pTzIT6q1waTsppldq24p1qMsHtkNnmu9w.jpg
08-05 12:48:47.316  2955  6152 D OK      : calling: https://b.thumbs.redditmedia.com/B1vXKY_-gTPbs625-RJ1MLIXxzCqfmnCB_0xnGjCECQ.jpg
08-05 12:48:47.320  2955  6153 D OK      : calling: https://a.thumbs.redditmedia.com/ffAKmOqnTuDMNR9MRfCdRtkq_CzN3MVhZxS64ZPYRh4.jpg
08-05 12:48:47.322  2955  6154 D OK      : calling: https://b.thumbs.redditmedia.com/OF1KI_LdSDMMWCy-WgJyRhIcM5fr7kDyu_OnpfRXHfI.jpg
08-05 12:48:47.324  2955  6155 D OK      : calling: https://b.thumbs.redditmedia.com/vuAhA4gGAmYfrTFA4woxZcKgmiDzJ3nAsql2pxcYGFs.jpg
08-05 12:48:47.326  2955  6156 D OK      : calling: https://b.thumbs.redditmedia.com/PtV7mFsO2n0j4YJweZjEqyVJ45hap4hXix9dwj6D0Wg.jpg
08-05 12:48:47.328  2955  6157 D OK      : calling: https://b.thumbs.redditmedia.com/wxTBcOhAgsmbc-TRaGNHpYJYnEOBr2LNsaZ6pCM91Lc.jpg
08-05 12:48:47.330  2955  6158 D OK      : calling: https://b.thumbs.redditmedia.com/Wo7bFIVNZYYuNioRYwZFYxrl6QMk0lT-3W01wrXgHmE.jpg
08-05 12:48:47.331  2955  6159 D OK      : calling: https://b.thumbs.redditmedia.com/NoqMycYTzsyhI0Lq351riEI1mO9p8PvY1QwcZ9Irb9g.jpg
08-05 12:48:47.333  2955  6160 D OK      : calling: https://b.thumbs.redditmedia.com/KrRufqpifph7KM2Le5RdqEYQb24zbB4fizBJpFaH1Pc.jpg
08-05 12:48:47.335  2955  6161 D OK      : calling: https://b.thumbs.redditmedia.com/u2qz17QE3X5G7kkJrgK3HPCdxNQxNkhaWqfIhCuRMvE.jpg
08-05 12:48:47.337  2955  6162 D OK      : calling: https://v.redd.it/syww111dtjd51/DASHPlaylist.mpd
08-05 12:48:47.339  2955  6163 D OK      : calling: https://v.redd.it/pbqrrfb3tkd51/DASHPlaylist.mpd
08-05 12:48:47.340  2955  6164 D OK      : calling: https://v.redd.it/rrygsb8i4ld51/DASHPlaylist.mpd
08-05 12:48:47.342  2955  6165 D OK      : calling: https://v.redd.it/5x6zzipz8ld51/DASHPlaylist.mpd
08-05 12:48:47.344  2955  6166 D OK      : calling: https://v.redd.it/75en73fm5id51/DASHPlaylist.mpd
08-05 12:48:47.346  2955  6167 D OK      : calling: https://api.imgur.com/3/image/nLQR2hT
08-05 12:48:47.349  2955  6168 D OK      : calling: https://v.redd.it/ggz4fyth6hd51/DASHPlaylist.mpd
08-05 12:48:47.350  2955  6169 D OK      : calling: https://v.redd.it/psrknoobrgd51/DASHPlaylist.mpd
08-05 12:48:47.352  2955  6170 D OK      : calling: https://v.redd.it/jk6cwef4wld51/DASHPlaylist.mpd
08-05 12:48:47.355  2955  6171 D OK      : calling: https://v.redd.it/t81s8zfz9ld51/DASHPlaylist.mpd
08-05 12:48:47.358  2955  6172 D OK      : calling: https://v.redd.it/xd6c4yyutgd51/DASHPlaylist.mpd
08-05 12:48:47.360  2955  6173 D OK      : calling: https://v.redd.it/ue0jdgk9zhd51/DASHPlaylist.mpd
08-05 12:48:47.365  2955  6138 I NAPPA_EXPERIMENTATION: MetricNetworkRequestExecutionTime: REQUEST_DURATION_SYSTEM='185',REQUEST_DURATION_OKHTTP='184',REQUEST_SYNCHRONOUS='TRUE',RESPONSE_CODE='200',RESPONSE_METHOD='GET',RESPONSE_LENGTH_OKHTTP='5191',RESPONSE_LENGTH_HEADER='5191',REQUEST_PROTOCOL='h2',REQUEST_URL='https://b.thumbs.redditmedia.com/Xdo4lcQOwuUNK1yxSlXZ0OI8u23ORAr16_AzfAZ1nvU.jpg',
08-05 12:48:47.365  2955  6138 D OK      : request got status: 200
08-05 12:48:47.482  2955  6139 I NAPPA_EXPERIMENTATION: MetricNetworkRequestExecutionTime: REQUEST_DURATION_SYSTEM='236',REQUEST_DURATION_OKHTTP='235',REQUEST_SYNCHRONOUS='TRUE',RESPONSE_CODE='200',RESPONSE_METHOD='GET',RESPONSE_LENGTH_OKHTTP='5098',RESPONSE_LENGTH_HEADER='5098',REQUEST_PROTOCOL='h2',REQUEST_URL='https://b.thumbs.redditmedia.com/2KMYZ5hTlKXSvNO4hDUPyMba8Yz6skyu1SjUhLq1d9s.jpg',
08-05 12:48:47.483  2955  6139 D OK      : request got status: 200
08-05 12:48:47.572  2955  6141 I NAPPA_EXPERIMENTATION: MetricNetworkRequestExecutionTime: REQUEST_DURATION_SYSTEM='294',REQUEST_DURATION_OKHTTP='293',REQUEST_SYNCHRONOUS='TRUE',RESPONSE_CODE='200',RESPONSE_METHOD='GET',RESPONSE_LENGTH_OKHTTP='4475',RESPONSE_LENGTH_HEADER='4475',REQUEST_PROTOCOL='h2',REQUEST_URL='https://b.thumbs.redditmedia.com/qi4bNDKzoPvaSaSx99K2bAjwaRHh1nuOrcbySp1JHdk.jpg',
08-05 12:48:47.573  2955  6141 D OK      : request got status: 200
08-05 12:48:47.627  2955  3295 I art     : Starting a blocking GC Explicit
08-05 12:48:47.646  2955  6142 I NAPPA_EXPERIMENTATION: MetricNetworkRequestExecutionTime: REQUEST_DURATION_SYSTEM='358',REQUEST_DURATION_OKHTTP='356',REQUEST_SYNCHRONOUS='TRUE',RESPONSE_CODE='200',RESPONSE_METHOD='GET',RESPONSE_LENGTH_OKHTTP='5414',RESPONSE_LENGTH_HEADER='5414',REQUEST_PROTOCOL='h2',REQUEST_URL='https://b.thumbs.redditmedia.com/Ja8yiRMklM2lXd8q60LtBI6CqdmJ5YbWHRiBVFmICJA.jpg',
08-05 12:48:47.646  2955  6142 D OK      : request got status: 200
08-05 12:48:47.690  2955  6143 I NAPPA_EXPERIMENTATION: MetricNetworkRequestExecutionTime: REQUEST_DURATION_SYSTEM='399',REQUEST_DURATION_OKHTTP='397',REQUEST_SYNCHRONOUS='TRUE',RESPONSE_CODE='200',RESPONSE_METHOD='GET',RESPONSE_LENGTH_OKHTTP='4921',RESPONSE_LENGTH_HEADER='4921',REQUEST_PROTOCOL='h2',REQUEST_URL='https://b.thumbs.redditmedia.com/o5lSsJ_tCgCQxcdjMGaYxuveNluXB1PQT4PokXDhpvc.jpg',
08-05 12:48:47.690  2955  6143 D OK      : request got status: 200
08-05 12:48:47.693  2955  3295 I art     : Explicit concurrent mark sweep GC freed 27641(1522KB) AllocSpace objects, 27(2008KB) LOS objects, 30% free, 36MB/52MB, paused 2.419ms total 65.069ms
08-05 12:48:47.712  2955  3295 I art     : Starting a blocking GC Explicit
08-05 12:48:47.756  2955  6144 I NAPPA_EXPERIMENTATION: MetricNetworkRequestExecutionTime: REQUEST_DURATION_SYSTEM='462',REQUEST_DURATION_OKHTTP='462',REQUEST_SYNCHRONOUS='TRUE',RESPONSE_CODE='200',RESPONSE_METHOD='GET',RESPONSE_LENGTH_OKHTTP='5968',RESPONSE_LENGTH_HEADER='5968',REQUEST_PROTOCOL='h2',REQUEST_URL='https://b.thumbs.redditmedia.com/SiCWTmKkQcbiAa7naxAHnw0adTeRkq1dB8QSqzGU7-Q.jpg',
08-05 12:48:47.756  2955  6144 D OK      : request got status: 200
08-05 12:48:47.769  2955  3295 I art     : Explicit concurrent mark sweep GC freed 3614(260KB) AllocSpace objects, 6(324KB) LOS objects, 30% free, 36MB/52MB, paused 2.483ms total 56.276ms
08-05 12:48:47.772  2955  6149 I NAPPA_EXPERIMENTATION: MetricNetworkRequestExecutionTime: REQUEST_DURATION_SYSTEM='462',REQUEST_DURATION_OKHTTP='462',REQUEST_SYNCHRONOUS='TRUE',RESPONSE_CODE='200',RESPONSE_METHOD='GET',RESPONSE_LENGTH_OKHTTP='4080',RESPONSE_LENGTH_HEADER='4080',REQUEST_PROTOCOL='h2',REQUEST_URL='https://b.thumbs.redditmedia.com/XkIhgqugP-9Zcb5I9A8o0r-zQJDh_6kastc0oWiiHkI.jpg',
08-05 12:48:47.772  2955  6149 D OK      : request got status: 200
08-05 12:48:47.788  2955  6151 I NAPPA_EXPERIMENTATION: MetricNetworkRequestExecutionTime: REQUEST_DURATION_SYSTEM='474',REQUEST_DURATION_OKHTTP='473',REQUEST_SYNCHRONOUS='TRUE',RESPONSE_CODE='200',RESPONSE_METHOD='GET',RESPONSE_LENGTH_OKHTTP='6654',RESPONSE_LENGTH_HEADER='6654',REQUEST_PROTOCOL='h2',REQUEST_URL='https://b.thumbs.redditmedia.com/orK4W8Xc99pTzIT6q1waTsppldq24p1qMsHtkNnmu9w.jpg',
08-05 12:48:47.788  2955  6151 D OK      : request got status: 200
08-05 12:48:47.788  2955  3295 I art     : Starting a blocking GC Explicit
08-05 12:48:47.792  2955  6145 I NAPPA_EXPERIMENTATION: MetricNetworkRequestExecutionTime: REQUEST_DURATION_SYSTEM='493',REQUEST_DURATION_OKHTTP='491',REQUEST_SYNCHRONOUS='TRUE',RESPONSE_CODE='200',RESPONSE_METHOD='GET',RESPONSE_LENGTH_OKHTTP='5378',RESPONSE_LENGTH_HEADER='5378',REQUEST_PROTOCOL='h2',REQUEST_URL='https://b.thumbs.redditmedia.com/C9qrVibnNxmzfLDKvEHp2v2Bo-Kqme7PoKC52s2o52M.jpg',
08-05 12:48:47.792  2955  6145 D OK      : request got status: 200
08-05 12:48:47.842  2955  3295 I art     : Explicit concurrent mark sweep GC freed 1246(127KB) AllocSpace objects, 8(636KB) LOS objects, 30% free, 36MB/52MB, paused 2.067ms total 53.007ms
08-05 12:48:47.860  2955  3295 I art     : Starting a blocking GC Explicit
08-05 12:48:47.868  2955  6150 I NAPPA_EXPERIMENTATION: MetricNetworkRequestExecutionTime: REQUEST_DURATION_SYSTEM='556',REQUEST_DURATION_OKHTTP='554',REQUEST_SYNCHRONOUS='TRUE',RESPONSE_CODE='200',RESPONSE_METHOD='GET',RESPONSE_LENGTH_OKHTTP='3183',RESPONSE_LENGTH_HEADER='3183',REQUEST_PROTOCOL='h2',REQUEST_URL='https://b.thumbs.redditmedia.com/3QPAtixkID9ojpqCAgfspJpruqoq45fM1G-Fx1K2F2A.jpg',
08-05 12:48:47.868  2955  6150 D OK      : request got status: 200
08-05 12:48:47.904  2955  6152 I NAPPA_EXPERIMENTATION: MetricNetworkRequestExecutionTime: REQUEST_DURATION_SYSTEM='588',REQUEST_DURATION_OKHTTP='586',REQUEST_SYNCHRONOUS='TRUE',RESPONSE_CODE='200',RESPONSE_METHOD='GET',RESPONSE_LENGTH_OKHTTP='3864',RESPONSE_LENGTH_HEADER='3864',REQUEST_PROTOCOL='h2',REQUEST_URL='https://b.thumbs.redditmedia.com/B1vXKY_-gTPbs625-RJ1MLIXxzCqfmnCB_0xnGjCECQ.jpg',
08-05 12:48:47.904  2955  6152 D OK      : request got status: 200
08-05 12:48:47.907  2955  6154 I NAPPA_EXPERIMENTATION: MetricNetworkRequestExecutionTime: REQUEST_DURATION_SYSTEM='585',REQUEST_DURATION_OKHTTP='583',REQUEST_SYNCHRONOUS='TRUE',RESPONSE_CODE='200',RESPONSE_METHOD='GET',RESPONSE_LENGTH_OKHTTP='5125',RESPONSE_LENGTH_HEADER='5125',REQUEST_PROTOCOL='h2',REQUEST_URL='https://b.thumbs.redditmedia.com/OF1KI_LdSDMMWCy-WgJyRhIcM5fr7kDyu_OnpfRXHfI.jpg',
08-05 12:48:47.907  2955  6154 D OK      : request got status: 200
08-05 12:48:47.914  2955  3295 I art     : Explicit concurrent mark sweep GC freed 940(143KB) AllocSpace objects, 10(776KB) LOS objects, 29% free, 37MB/53MB, paused 1.982ms total 53.432ms
08-05 12:48:47.933  2955  3295 I art     : Starting a blocking GC Explicit
08-05 12:48:47.947  2955  6155 I NAPPA_EXPERIMENTATION: MetricNetworkRequestExecutionTime: REQUEST_DURATION_SYSTEM='623',REQUEST_DURATION_OKHTTP='622',REQUEST_SYNCHRONOUS='TRUE',RESPONSE_CODE='200',RESPONSE_METHOD='GET',RESPONSE_LENGTH_OKHTTP='6723',RESPONSE_LENGTH_HEADER='6723',REQUEST_PROTOCOL='h2',REQUEST_URL='https://b.thumbs.redditmedia.com/vuAhA4gGAmYfrTFA4woxZcKgmiDzJ3nAsql2pxcYGFs.jpg',
08-05 12:48:47.947  2955  6155 D OK      : request got status: 200
08-05 12:48:47.989  2955  3295 I art     : Explicit concurrent mark sweep GC freed 2488(121KB) AllocSpace objects, 5(300KB) LOS objects, 29% free, 37MB/53MB, paused 2.023ms total 56.115ms
08-05 12:48:48.029  2955  6157 I NAPPA_EXPERIMENTATION: MetricNetworkRequestExecutionTime: REQUEST_DURATION_SYSTEM='701',REQUEST_DURATION_OKHTTP='700',REQUEST_SYNCHRONOUS='TRUE',RESPONSE_CODE='200',RESPONSE_METHOD='GET',RESPONSE_LENGTH_OKHTTP='6316',RESPONSE_LENGTH_HEADER='6316',REQUEST_PROTOCOL='h2',REQUEST_URL='https://b.thumbs.redditmedia.com/wxTBcOhAgsmbc-TRaGNHpYJYnEOBr2LNsaZ6pCM91Lc.jpg',
08-05 12:48:48.029  2955  6157 D OK      : request got status: 200
08-05 12:48:48.047  2955  6156 I NAPPA_EXPERIMENTATION: MetricNetworkRequestExecutionTime: REQUEST_DURATION_SYSTEM='720',REQUEST_DURATION_OKHTTP='719',REQUEST_SYNCHRONOUS='TRUE',RESPONSE_CODE='200',RESPONSE_METHOD='GET',RESPONSE_LENGTH_OKHTTP='5329',RESPONSE_LENGTH_HEADER='5329',REQUEST_PROTOCOL='h2',REQUEST_URL='https://b.thumbs.redditmedia.com/PtV7mFsO2n0j4YJweZjEqyVJ45hap4hXix9dwj6D0Wg.jpg',
08-05 12:48:48.047  2955  6156 D OK      : request got status: 200
08-05 12:48:48.096  2955  6158 I NAPPA_EXPERIMENTATION: MetricNetworkRequestExecutionTime: REQUEST_DURATION_SYSTEM='765',REQUEST_DURATION_OKHTTP='765',REQUEST_SYNCHRONOUS='TRUE',RESPONSE_CODE='200',RESPONSE_METHOD='GET',RESPONSE_LENGTH_OKHTTP='7815',RESPONSE_LENGTH_HEADER='7815',REQUEST_PROTOCOL='h2',REQUEST_URL='https://b.thumbs.redditmedia.com/Wo7bFIVNZYYuNioRYwZFYxrl6QMk0lT-3W01wrXgHmE.jpg',
08-05 12:48:48.096  2955  6158 D OK      : request got status: 200
08-05 12:48:48.119  2955  6159 I NAPPA_EXPERIMENTATION: MetricNetworkRequestExecutionTime: REQUEST_DURATION_SYSTEM='787',REQUEST_DURATION_OKHTTP='787',REQUEST_SYNCHRONOUS='TRUE',RESPONSE_CODE='200',RESPONSE_METHOD='GET',RESPONSE_LENGTH_OKHTTP='5648',RESPONSE_LENGTH_HEADER='5648',REQUEST_PROTOCOL='h2',REQUEST_URL='https://b.thumbs.redditmedia.com/NoqMycYTzsyhI0Lq351riEI1mO9p8PvY1QwcZ9Irb9g.jpg',
08-05 12:48:48.119  2955  6159 D OK      : request got status: 200
08-05 12:48:48.122  2955  6160 I NAPPA_EXPERIMENTATION: MetricNetworkRequestExecutionTime: REQUEST_DURATION_SYSTEM='789',REQUEST_DURATION_OKHTTP='788',REQUEST_SYNCHRONOUS='TRUE',RESPONSE_CODE='200',RESPONSE_METHOD='GET',RESPONSE_LENGTH_OKHTTP='5198',RESPONSE_LENGTH_HEADER='5198',REQUEST_PROTOCOL='h2',REQUEST_URL='https://b.thumbs.redditmedia.com/KrRufqpifph7KM2Le5RdqEYQb24zbB4fizBJpFaH1Pc.jpg',
08-05 12:48:48.123  2955  6160 D OK      : request got status: 200
08-05 12:48:48.148  2955  6140 I NAPPA_EXPERIMENTATION: MetricNetworkRequestExecutionTime: REQUEST_DURATION_SYSTEM='878',REQUEST_DURATION_OKHTTP='371',REQUEST_SYNCHRONOUS='TRUE',RESPONSE_CODE='200',RESPONSE_METHOD='GET',RESPONSE_LENGTH_OKHTTP='5307',RESPONSE_LENGTH_HEADER='5307',REQUEST_PROTOCOL='h2',REQUEST_URL='https://a.thumbs.redditmedia.com/EFVm-ZqqhARyEaKgtwU74c7tfzEDJvI0uiHXGglFag4.jpg',
08-05 12:48:48.148  2955  6140 D OK      : request got status: 200
08-05 12:48:48.216  2955  6153 I NAPPA_EXPERIMENTATION: MetricNetworkRequestExecutionTime: REQUEST_DURATION_SYSTEM='896',REQUEST_DURATION_OKHTTP='244',REQUEST_SYNCHRONOUS='TRUE',RESPONSE_CODE='200',RESPONSE_METHOD='GET',RESPONSE_LENGTH_OKHTTP='4470',RESPONSE_LENGTH_HEADER='4470',REQUEST_PROTOCOL='h2',REQUEST_URL='https://a.thumbs.redditmedia.com/ffAKmOqnTuDMNR9MRfCdRtkq_CzN3MVhZxS64ZPYRh4.jpg',
08-05 12:48:48.217  2955  6153 D OK      : request got status: 200
08-05 12:48:48.257  2955  6161 I NAPPA_EXPERIMENTATION: MetricNetworkRequestExecutionTime: REQUEST_DURATION_SYSTEM='922',REQUEST_DURATION_OKHTTP='920',REQUEST_SYNCHRONOUS='TRUE',RESPONSE_CODE='200',RESPONSE_METHOD='GET',RESPONSE_LENGTH_OKHTTP='5579',RESPONSE_LENGTH_HEADER='5579',REQUEST_PROTOCOL='h2',REQUEST_URL='https://b.thumbs.redditmedia.com/u2qz17QE3X5G7kkJrgK3HPCdxNQxNkhaWqfIhCuRMvE.jpg',
08-05 12:48:48.257  2955  6161 D OK      : request got status: 200
08-05 12:48:48.307  2955  6148 I NAPPA_EXPERIMENTATION: MetricNetworkRequestExecutionTime: REQUEST_DURATION_SYSTEM='1000',REQUEST_DURATION_OKHTTP='259',REQUEST_SYNCHRONOUS='TRUE',RESPONSE_CODE='200',RESPONSE_METHOD='GET',RESPONSE_LENGTH_OKHTTP='5641',RESPONSE_LENGTH_HEADER='5641',REQUEST_PROTOCOL='h2',REQUEST_URL='https://a.thumbs.redditmedia.com/P4gSGpXpi2wDXthNZ-LiwEs5Jvplm6dQ7W7Isqa7un4.jpg',
08-05 12:48:48.307  2955  6148 D OK      : request got status: 200
08-05 12:48:48.323  2955  2980 I art     : Starting a blocking GC Explicit
08-05 12:48:48.380  2955  2980 I art     : Explicit concurrent mark sweep GC freed 29937(1906KB) AllocSpace objects, 70(3MB) LOS objects, 28% free, 39MB/55MB, paused 1.393ms total 56.081ms
08-05 12:48:48.401  2955  2980 I art     : Starting a blocking GC Explicit
08-05 12:48:48.453  2955  2980 I art     : Explicit concurrent mark sweep GC freed 7785(429KB) AllocSpace objects, 3(156KB) LOS objects, 28% free, 39MB/55MB, paused 1.323ms total 51.854ms
08-05 12:48:48.458  2955  6165 I NAPPA_EXPERIMENTATION: MetricNetworkRequestExecutionTime: REQUEST_DURATION_SYSTEM='1116',REQUEST_DURATION_OKHTTP='314',REQUEST_SYNCHRONOUS='TRUE',RESPONSE_CODE='200',RESPONSE_METHOD='GET',RESPONSE_LENGTH_OKHTTP='2789',RESPONSE_LENGTH_HEADER='2789',REQUEST_PROTOCOL='h2',REQUEST_URL='https://v.redd.it/5x6zzipz8ld51/DASHPlaylist.mpd',
08-05 12:48:48.458  2955  6165 D OK      : request got status: 200
08-05 12:48:48.466  2955  6146 I NAPPA_EXPERIMENTATION: MetricNetworkRequestExecutionTime: REQUEST_DURATION_SYSTEM='1164',REQUEST_DURATION_OKHTTP='298',REQUEST_SYNCHRONOUS='TRUE',RESPONSE_CODE='200',RESPONSE_METHOD='GET',RESPONSE_LENGTH_OKHTTP='7540',RESPONSE_LENGTH_HEADER='7540',REQUEST_PROTOCOL='h2',REQUEST_URL='https://a.thumbs.redditmedia.com/Tfsm0ol-ltlxNSBAkZ_4G4302d0hYeOSODkvXidBBR8.jpg',
08-05 12:48:48.466  2955  6146 D OK      : request got status: 200
08-05 12:48:48.472  2955  2980 I art     : Starting a blocking GC Explicit
08-05 12:48:48.525  2955  2980 I art     : Explicit concurrent mark sweep GC freed 1044(83KB) AllocSpace objects, 5(256KB) LOS objects, 28% free, 39MB/55MB, paused 1.268ms total 52.793ms
08-05 12:48:48.532  2955  6165 I RedditVideosAPI: For 'https://v.redd.it/5x6zzipz8ld51/DASHPlaylist.mpd', got video stream 'https://v.redd.it/5x6zzipz8ld51/DASH_480' and audio stream 'null'
08-05 12:48:48.537  2955  6147 I NAPPA_EXPERIMENTATION: MetricNetworkRequestExecutionTime: REQUEST_DURATION_SYSTEM='1232',REQUEST_DURATION_OKHTTP='362',REQUEST_SYNCHRONOUS='TRUE',RESPONSE_CODE='200',RESPONSE_METHOD='GET',RESPONSE_LENGTH_OKHTTP='3635',RESPONSE_LENGTH_HEADER='3635',REQUEST_PROTOCOL='h2',REQUEST_URL='https://a.thumbs.redditmedia.com/Kzag-wH9wKRRg2MnPwgoFgXT_2jN_nkJ1lY1aNRQyT4.jpg',
08-05 12:48:48.537  2955  6147 D OK      : request got status: 200
08-05 12:48:48.544  2955  2980 I art     : Starting a blocking GC Explicit
08-05 12:48:48.598  2955  2980 I art     : Explicit concurrent mark sweep GC freed 641(105KB) AllocSpace objects, 8(644KB) LOS objects, 28% free, 39MB/55MB, paused 1.220ms total 53.518ms
08-05 12:48:48.598  2955  6162 I NAPPA_EXPERIMENTATION: MetricNetworkRequestExecutionTime: REQUEST_DURATION_SYSTEM='1261',REQUEST_DURATION_OKHTTP='437',REQUEST_SYNCHRONOUS='TRUE',RESPONSE_CODE='200',RESPONSE_METHOD='GET',RESPONSE_LENGTH_OKHTTP='2696',RESPONSE_LENGTH_HEADER='2696',REQUEST_PROTOCOL='h2',REQUEST_URL='https://v.redd.it/syww111dtjd51/DASHPlaylist.mpd',
08-05 12:48:48.598  2955  6162 D OK      : request got status: 200
08-05 12:48:48.605  2955  6163 I NAPPA_EXPERIMENTATION: MetricNetworkRequestExecutionTime: REQUEST_DURATION_SYSTEM='1266',REQUEST_DURATION_OKHTTP='450',REQUEST_SYNCHRONOUS='TRUE',RESPONSE_CODE='200',RESPONSE_METHOD='GET',RESPONSE_LENGTH_OKHTTP='2071',RESPONSE_LENGTH_HEADER='2071',REQUEST_PROTOCOL='h2',REQUEST_URL='https://v.redd.it/pbqrrfb3tkd51/DASHPlaylist.mpd',
08-05 12:48:48.605  2955  6163 D OK      : request got status: 200
08-05 12:48:48.617  2955  2980 I art     : Starting a blocking GC Explicit
08-05 12:48:48.621  2955  6164 I NAPPA_EXPERIMENTATION: MetricNetworkRequestExecutionTime: REQUEST_DURATION_SYSTEM='1280',REQUEST_DURATION_OKHTTP='444',REQUEST_SYNCHRONOUS='TRUE',RESPONSE_CODE='200',RESPONSE_METHOD='GET',RESPONSE_LENGTH_OKHTTP='3060',RESPONSE_LENGTH_HEADER='3060',REQUEST_PROTOCOL='h2',REQUEST_URL='https://v.redd.it/rrygsb8i4ld51/DASHPlaylist.mpd',
08-05 12:48:48.621  2955  6164 D OK      : request got status: 200
08-05 12:48:48.637  2955  6162 I RedditVideosAPI: For 'https://v.redd.it/syww111dtjd51/DASHPlaylist.mpd', got video stream 'https://v.redd.it/syww111dtjd51/DASH_480' and audio stream 'https://v.redd.it/syww111dtjd51/audio'
08-05 12:48:48.651  2955  6169 I NAPPA_EXPERIMENTATION: MetricNetworkRequestExecutionTime: REQUEST_DURATION_SYSTEM='1301',REQUEST_DURATION_OKHTTP='434',REQUEST_SYNCHRONOUS='TRUE',RESPONSE_CODE='200',RESPONSE_METHOD='GET',RESPONSE_LENGTH_OKHTTP='2427',RESPONSE_LENGTH_HEADER='2427',REQUEST_PROTOCOL='h2',REQUEST_URL='https://v.redd.it/psrknoobrgd51/DASHPlaylist.mpd',
08-05 12:48:48.651  2955  6169 D OK      : request got status: 200
08-05 12:48:48.666  2955  6163 I RedditVideosAPI: For 'https://v.redd.it/pbqrrfb3tkd51/DASHPlaylist.mpd', got video stream 'https://v.redd.it/pbqrrfb3tkd51/DASH_480' and audio stream 'null'
08-05 12:48:48.669  2955  2980 I art     : Explicit concurrent mark sweep GC freed 995(160KB) AllocSpace objects, 6(408KB) LOS objects, 28% free, 40MB/56MB, paused 1.121ms total 51.639ms
08-05 12:48:48.673  2955  6164 I RedditVideosAPI: For 'https://v.redd.it/rrygsb8i4ld51/DASHPlaylist.mpd', got video stream 'https://v.redd.it/rrygsb8i4ld51/DASH_480' and audio stream 'https://v.redd.it/rrygsb8i4ld51/audio'
08-05 12:48:48.677  2955  6168 I NAPPA_EXPERIMENTATION: MetricNetworkRequestExecutionTime: REQUEST_DURATION_SYSTEM='1327',REQUEST_DURATION_OKHTTP='393',REQUEST_SYNCHRONOUS='TRUE',RESPONSE_CODE='200',RESPONSE_METHOD='GET',RESPONSE_LENGTH_OKHTTP='1713',RESPONSE_LENGTH_HEADER='1713',REQUEST_PROTOCOL='h2',REQUEST_URL='https://v.redd.it/ggz4fyth6hd51/DASHPlaylist.mpd',
08-05 12:48:48.677  2955  6168 D OK      : request got status: 200
08-05 12:48:48.679  2955  6167 I NAPPA_EXPERIMENTATION: MetricNetworkRequestExecutionTime: REQUEST_DURATION_SYSTEM='1333',REQUEST_DURATION_OKHTTP='378',REQUEST_SYNCHRONOUS='TRUE',RESPONSE_CODE='200',RESPONSE_METHOD='GET',RESPONSE_LENGTH_OKHTTP='-1',RESPONSE_LENGTH_HEADER='377',REQUEST_PROTOCOL='h2',REQUEST_URL='https://api.imgur.com/3/image/nLQR2hT',
08-05 12:48:48.679  2955  6167 D OK      : request got status: 200
08-05 12:48:48.695  2955  6171 I NAPPA_EXPERIMENTATION: MetricNetworkRequestExecutionTime: REQUEST_DURATION_SYSTEM='1340',REQUEST_DURATION_OKHTTP='329',REQUEST_SYNCHRONOUS='TRUE',RESPONSE_CODE='200',RESPONSE_METHOD='GET',RESPONSE_LENGTH_OKHTTP='3058',RESPONSE_LENGTH_HEADER='3058',REQUEST_PROTOCOL='h2',REQUEST_URL='https://v.redd.it/t81s8zfz9ld51/DASHPlaylist.mpd',
08-05 12:48:48.695  2955  6171 D OK      : request got status: 200
08-05 12:48:48.710  2955  6166 I NAPPA_EXPERIMENTATION: MetricNetworkRequestExecutionTime: REQUEST_DURATION_SYSTEM='1366',REQUEST_DURATION_OKHTTP='361',REQUEST_SYNCHRONOUS='TRUE',RESPONSE_CODE='200',RESPONSE_METHOD='GET',RESPONSE_LENGTH_OKHTTP='2700',RESPONSE_LENGTH_HEADER='2700',REQUEST_PROTOCOL='h2',REQUEST_URL='https://v.redd.it/75en73fm5id51/DASHPlaylist.mpd',
08-05 12:48:48.711  2955  6166 D OK      : request got status: 200
08-05 12:48:48.738  2955  6172 I NAPPA_EXPERIMENTATION: MetricNetworkRequestExecutionTime: REQUEST_DURATION_SYSTEM='1379',REQUEST_DURATION_OKHTTP='346',REQUEST_SYNCHRONOUS='TRUE',RESPONSE_CODE='200',RESPONSE_METHOD='GET',RESPONSE_LENGTH_OKHTTP='2071',RESPONSE_LENGTH_HEADER='2071',REQUEST_PROTOCOL='h2',REQUEST_URL='https://v.redd.it/xd6c4yyutgd51/DASHPlaylist.mpd',
08-05 12:48:48.738  2955  6172 D OK      : request got status: 200
08-05 12:48:48.740  2955  6173 I NAPPA_EXPERIMENTATION: MetricNetworkRequestExecutionTime: REQUEST_DURATION_SYSTEM='1379',REQUEST_DURATION_OKHTTP='342',REQUEST_SYNCHRONOUS='TRUE',RESPONSE_CODE='200',RESPONSE_METHOD='GET',RESPONSE_LENGTH_OKHTTP='2344',RESPONSE_LENGTH_HEADER='2344',REQUEST_PROTOCOL='h2',REQUEST_URL='https://v.redd.it/ue0jdgk9zhd51/DASHPlaylist.mpd',
08-05 12:48:48.740  2955  6173 D OK      : request got status: 200
08-05 12:48:48.741  2955  6170 I NAPPA_EXPERIMENTATION: MetricNetworkRequestExecutionTime: REQUEST_DURATION_SYSTEM='1389',REQUEST_DURATION_OKHTTP='341',REQUEST_SYNCHRONOUS='TRUE',RESPONSE_CODE='200',RESPONSE_METHOD='GET',RESPONSE_LENGTH_OKHTTP='2071',RESPONSE_LENGTH_HEADER='2071',REQUEST_PROTOCOL='h2',REQUEST_URL='https://v.redd.it/jk6cwef4wld51/DASHPlaylist.mpd',
08-05 12:48:48.741  2955  6170 D OK      : request got status: 200
08-05 12:48:48.842  2955  6173 I RedditVideosAPI: For 'https://v.redd.it/ue0jdgk9zhd51/DASHPlaylist.mpd', got video stream 'https://v.redd.it/ue0jdgk9zhd51/DASH_360' and audio stream 'https://v.redd.it/ue0jdgk9zhd51/audio'
08-05 12:48:48.850  2955  6171 I RedditVideosAPI: For 'https://v.redd.it/t81s8zfz9ld51/DASHPlaylist.mpd', got video stream 'https://v.redd.it/t81s8zfz9ld51/DASH_480' and audio stream 'https://v.redd.it/t81s8zfz9ld51/audio'
08-05 12:48:48.856  2955  6166 I RedditVideosAPI: For 'https://v.redd.it/75en73fm5id51/DASHPlaylist.mpd', got video stream 'https://v.redd.it/75en73fm5id51/DASH_480' and audio stream 'https://v.redd.it/75en73fm5id51/audio'
08-05 12:48:48.862  2955  6168 I RedditVideosAPI: For 'https://v.redd.it/ggz4fyth6hd51/DASHPlaylist.mpd', got video stream 'https://v.redd.it/ggz4fyth6hd51/DASH_360' and audio stream 'null'
08-05 12:48:48.869  2955  6172 I RedditVideosAPI: For 'https://v.redd.it/xd6c4yyutgd51/DASHPlaylist.mpd', got video stream 'https://v.redd.it/xd6c4yyutgd51/DASH_480' and audio stream 'null'
08-05 12:48:48.875  2955  6170 I RedditVideosAPI: For 'https://v.redd.it/jk6cwef4wld51/DASHPlaylist.mpd', got video stream 'https://v.redd.it/jk6cwef4wld51/DASH_480' and audio stream 'null'
08-05 12:48:48.887  2955  6169 I RedditVideosAPI: For 'https://v.redd.it/psrknoobrgd51/DASHPlaylist.mpd', got video stream 'https://v.redd.it/psrknoobrgd51/DASH_480' and audio stream 'null'
08-05 12:48:49.011  2955  2979 I art     : Starting a blocking GC Explicit
08-05 12:48:49.070  2955  2979 I art     : Explicit concurrent mark sweep GC freed 6056(783KB) AllocSpace objects, 28(1856KB) LOS objects, 28% free, 39MB/55MB, paused 602us total 57.900ms
08-05 12:48:49.089  2955  2979 I art     : Starting a blocking GC Explicit
08-05 12:48:49.144  2955  2979 I art     : Explicit concurrent mark sweep GC freed 296(9KB) AllocSpace objects, 0(0B) LOS objects, 28% free, 39MB/55MB, paused 574us total 54.874ms
08-05 12:48:49.164  2955  2979 I art     : Starting a blocking GC Explicit
08-05 12:48:49.221  2955  2979 I art     : Explicit concurrent mark sweep GC freed 3(96B) AllocSpace objects, 0(0B) LOS objects, 28% free, 39MB/55MB, paused 540us total 56.500ms
08-05 12:48:49.244  2955  2979 I art     : Starting a blocking GC Explicit
08-05 12:48:49.293  2955  2979 I art     : Explicit concurrent mark sweep GC freed 3(96B) AllocSpace objects, 0(0B) LOS objects, 28% free, 39MB/55MB, paused 559us total 49.081ms
08-05 12:48:49.312  2955  2979 I art     : Starting a blocking GC Explicit
08-05 12:48:49.362  2955  2979 I art     : Explicit concurrent mark sweep GC freed 3(96B) AllocSpace objects, 0(0B) LOS objects, 28% free, 39MB/55MB, paused 565us total 49.425ms
08-05 12:48:49.385   518   646 I ThermalEngine: ACTION: GPU - Setting GPU[0] to 510000000
08-05 12:48:49.526   918  1209 D NetworkMonitor/NetworkAgentInfo [WIFI () - 159]: Checking http://connectivitycheck.gstatic.com/generate_204 on "H369AA63323", 192.168.2.12=192.168.2.12
08-05 12:48:49.608   918  1209 D NetworkMonitor/NetworkAgentInfo [WIFI () - 159]: Probably not a portal: exception java.io.IOException: unexpected end of stream on Connection{connectivitycheck.gstatic.com:80, proxy=HTTP@/192.168.2.12:8080 hostAddress=192.168.2.12 cipherSuite=none protocol=http/1.1} (recycle count=0)
08-05 12:48:49.609   918  3263 D ConnectivityService: NetworkAgentInfo [WIFI () - 159] validation failed
08-05 12:48:49.610   918  3261 E WifiConfigStore:  rewrite network history for "H369AA63323"WPA_PSK
08-05 12:48:49.686  6225  6225 D AndroidRuntime: >>>>>> START com.android.internal.os.RuntimeInit uid 2000 <<<<<<
08-05 12:48:49.691  6225  6225 D AndroidRuntime: CheckJNI is OFF
08-05 12:48:49.703  2955  3034 I art     : Starting a blocking GC Explicit
08-05 12:48:49.727  6225  6225 D ICU     : No timezone override file found: /data/misc/zoneinfo/current/icu/icu_tzdata.dat
08-05 12:48:49.746  2955  3034 I art     : Explicit concurrent mark sweep GC freed 1361(83KB) AllocSpace objects, 1(20KB) LOS objects, 28% free, 39MB/55MB, paused 472us total 43.476ms
08-05 12:48:49.761  2955  3034 I art     : Starting a blocking GC Explicit
08-05 12:48:49.764  6225  6225 I Radio-JNI: register_android_hardware_Radio DONE
08-05 12:48:49.786  6225  6225 D AndroidRuntime: Calling main entry com.android.commands.input.Input
08-05 12:48:49.789  6225  6225 I Input   : injectMotionEvent: MotionEvent { action=ACTION_DOWN, actionButton=0, id[0]=0, x[0]=1340.0, y[0]=1100.0, toolType[0]=TOOL_TYPE_UNKNOWN, buttonState=0, metaState=0, flags=0x0, edgeFlags=0x0, pointerCount=1, historySize=0, eventTime=794946201, downTime=794946201, deviceId=0, source=0x1002 }
08-05 12:48:49.794  6225  6225 I Input   : injectMotionEvent: MotionEvent { action=ACTION_UP, actionButton=0, id[0]=0, x[0]=1340.0, y[0]=1100.0, toolType[0]=TOOL_TYPE_UNKNOWN, buttonState=0, metaState=0, flags=0x0, edgeFlags=0x0, pointerCount=1, historySize=0, eventTime=794946201, downTime=794946201, deviceId=0, source=0x1002 }
08-05 12:48:49.796  6225  6225 D AndroidRuntime: Shutting down VM
08-05 12:48:49.801  2955  3034 I art     : Explicit concurrent mark sweep GC freed 22(768B) AllocSpace objects, 0(0B) LOS objects, 28% free, 39MB/55MB, paused 427us total 40.558ms
08-05 12:48:49.810   512  2967 D audio_hw_primary: out_set_parameters: enter: usecase(1: low-latency-playback) kvpairs: routing=2
08-05 12:48:49.814   918  3714 I ActivityManager: START u0 {dat=https://oauth.reddit.com/... cmp=baseline.org.quantumbadger.redreader/.activities.CommentListingActivity} from uid 10689 on display 0
08-05 12:48:49.816  2955  3034 I art     : Starting a blocking GC Explicit
08-05 12:48:49.823   512  2967 D audio_hw_primary: select_devices: out_snd_device(2: speaker) in_snd_device(0: none)
08-05 12:48:49.823   512  2967 D msm8974_platform: platform_send_audio_calibration: sending audio calibration for snd_device(2) acdb_id(15)
08-05 12:48:49.824   512  2967 I soundtrigger: audio_extn_sound_trigger_update_device_status: device 0x2 of type 0 for Event 1
08-05 12:48:49.833   512  2967 D audio_hw_primary: enable_snd_device: snd_device(2: speaker)
08-05 12:48:49.835   512  2967 D audio_hw_primary: enable_audio_route: apply and update mixer path: low-latency-playback speaker
08-05 12:48:49.836  2955  2955 I AppCompatViewInflater: app:theme is now deprecated. Please move to using android:theme instead.
08-05 12:48:49.852  2955  6251 D OK      : calling: https://oauth.reddit.com/comments/hzejrd/.json?sort=confidence
08-05 12:48:49.856  2955  3034 I art     : Explicit concurrent mark sweep GC freed 1828(85KB) AllocSpace objects, 0(0B) LOS objects, 28% free, 39MB/55MB, paused 870us total 39.449ms
08-05 12:48:49.870  2955  3034 I art     : Starting a blocking GC Explicit
08-05 12:48:49.905  2955  3034 I art     : Explicit concurrent mark sweep GC freed 7813(856KB) AllocSpace objects, 17(2MB) LOS objects, 30% free, 37MB/53MB, paused 895us total 35.171ms
08-05 12:48:49.918   918   936 I ActivityManager: Displayed baseline.org.quantumbadger.redreader/.activities.CommentListingActivity: +95ms
08-05 12:48:49.919 13866 13866 I GoogleInputMethodServic: GoogleInputMethodService.onFinishInput():3138 
08-05 12:48:49.919  2955  3034 I art     : Starting a blocking GC Explicit
08-05 12:48:49.919 13866 13866 I GoogleInputMethodServic: GoogleInputMethodService.onStartInput():1808 
08-05 12:48:49.959  2955  3034 I art     : Explicit concurrent mark sweep GC freed 1063(47KB) AllocSpace objects, 0(0B) LOS objects, 30% free, 37MB/53MB, paused 626us total 39.758ms
08-05 12:48:50.124  2955  6251 I NAPPA_EXPERIMENTATION: MetricNetworkRequestExecutionTime: REQUEST_DURATION_SYSTEM='272',REQUEST_DURATION_OKHTTP='150',REQUEST_SYNCHRONOUS='TRUE',RESPONSE_CODE='200',RESPONSE_METHOD='GET',RESPONSE_LENGTH_OKHTTP='-1',RESPONSE_LENGTH_HEADER='45890',REQUEST_PROTOCOL='h2',REQUEST_URL='https://oauth.reddit.com/comments/hzejrd/.json?sort=confidence',
08-05 12:48:50.125  2955  6251 D OK      : request got status: 200
08-05 12:48:50.137  2955  6136 I CommentListingActivity: COMMENTS session changed to b79b67cf-2640-436d-8c60-05b9391609d0
08-05 12:48:50.175   380   380 W SurfaceFlinger: couldn't log to binary event log: overflow.
08-05 12:48:50.241  2955  2979 I art     : Starting a blocking GC Explicit
08-05 12:48:50.293  2955  2979 I art     : Explicit concurrent mark sweep GC freed 18288(992KB) AllocSpace objects, 1(20KB) LOS objects, 29% free, 38MB/54MB, paused 1.419ms total 51.738ms
08-05 12:48:50.310  2955  2979 I art     : Starting a blocking GC Explicit
08-05 12:48:50.360  2955  2979 I art     : Explicit concurrent mark sweep GC freed 12346(707KB) AllocSpace objects, 0(0B) LOS objects, 28% free, 39MB/55MB, paused 1.168ms total 49.595ms
08-05 12:48:50.369   512  2967 D audio_hw_primary: disable_audio_route: reset and update mixer path: low-latency-playback speaker
08-05 12:48:50.370   512  2967 D audio_hw_primary: disable_snd_device: snd_device(2: speaker)
08-05 12:48:50.376  2955  2979 I art     : Starting a blocking GC Explicit
08-05 12:48:50.377   512  2967 I soundtrigger: audio_extn_sound_trigger_update_device_status: device 0x2 of type 0 for Event 0
08-05 12:48:50.422  2955  2979 I art     : Explicit concurrent mark sweep GC freed 12490(580KB) AllocSpace objects, 2(136KB) LOS objects, 29% free, 39MB/55MB, paused 771us total 45.753ms
08-05 12:48:50.437  2955  2979 I art     : Starting a blocking GC Explicit
08-05 12:48:50.486  2955  2979 I art     : Explicit concurrent mark sweep GC freed 866(30KB) AllocSpace objects, 0(0B) LOS objects, 29% free, 39MB/55MB, paused 401us total 48.650ms
08-05 12:48:50.502  2955  2979 I art     : Starting a blocking GC Explicit
08-05 12:48:50.545  2416  2416 I ServiceManager: Waiting for service AtCmdFwd...
08-05 12:48:50.546  2955  2979 I art     : Explicit concurrent mark sweep GC freed 15(608B) AllocSpace objects, 0(0B) LOS objects, 29% free, 39MB/55MB, paused 355us total 44.385ms
08-05 12:48:50.856  2955  2980 I art     : Starting a blocking GC Explicit
08-05 12:48:50.909  2955  2980 I art     : Explicit concurrent mark sweep GC freed 1358(82KB) AllocSpace objects, 1(20KB) LOS objects, 29% free, 39MB/55MB, paused 398us total 52.221ms
08-05 12:48:50.926  2955  2980 I art     : Starting a blocking GC Explicit
08-05 12:48:50.974  2955  2980 I art     : Explicit concurrent mark sweep GC freed 885(43KB) AllocSpace objects, 0(0B) LOS objects, 29% free, 39MB/55MB, paused 388us total 47.996ms
08-05 12:48:50.990  2955  2980 I art     : Starting a blocking GC Explicit
08-05 12:48:51.040  2955  2980 I art     : Explicit concurrent mark sweep GC freed 49(1920B) AllocSpace objects, 0(0B) LOS objects, 29% free, 39MB/55MB, paused 368us total 49.541ms
08-05 12:48:51.055  2955  2980 I art     : Starting a blocking GC Explicit
08-05 12:48:51.108  2955  2980 I art     : Explicit concurrent mark sweep GC freed 3(96B) AllocSpace objects, 0(0B) LOS objects, 29% free, 39MB/55MB, paused 462us total 52.540ms
08-05 12:48:51.132  2955  2980 I art     : Starting a blocking GC Explicit
08-05 12:48:51.182  2955  2980 I art     : Explicit concurrent mark sweep GC freed 3(96B) AllocSpace objects, 0(0B) LOS objects, 29% free, 39MB/55MB, paused 423us total 49.135ms
08-05 12:48:51.392   518   646 I ThermalEngine: ACTION: GPU - Setting GPU[0] to 450000000
08-05 12:48:51.526  2955  3295 I art     : Starting a blocking GC Explicit
08-05 12:48:51.546  2416  2416 I ServiceManager: Waiting for service AtCmdFwd...
08-05 12:48:51.609  2955  3295 I art     : Explicit concurrent mark sweep GC freed 1358(82KB) AllocSpace objects, 1(20KB) LOS objects, 29% free, 39MB/55MB, paused 785us total 82.167ms
08-05 12:48:51.631  2955  3295 I art     : Starting a blocking GC Explicit
08-05 12:48:51.694  2955  3295 I art     : Explicit concurrent mark sweep GC freed 20(704B) AllocSpace objects, 0(0B) LOS objects, 29% free, 39MB/55MB, paused 484us total 62.186ms
08-05 12:48:51.714  2955  3295 I art     : Starting a blocking GC Explicit
08-05 12:48:51.783  2955  3295 I art     : Explicit concurrent mark sweep GC freed 3(96B) AllocSpace objects, 0(0B) LOS objects, 29% free, 39MB/55MB, paused 593us total 68.759ms
08-05 12:48:51.807  2955  3295 I art     : Starting a blocking GC Explicit
08-05 12:48:51.875  2955  3295 I art     : Explicit concurrent mark sweep GC freed 3(96B) AllocSpace objects, 0(0B) LOS objects, 29% free, 39MB/55MB, paused 563us total 67.687ms
08-05 12:48:51.896  2955  3295 I art     : Starting a blocking GC Explicit
08-05 12:48:51.961  2955  3295 I art     : Explicit concurrent mark sweep GC freed 3(96B) AllocSpace objects, 0(0B) LOS objects, 29% free, 39MB/55MB, paused 560us total 65.242ms
08-05 12:48:52.331  2955  2979 I art     : Starting a blocking GC Explicit
08-05 12:48:52.415  2955  2979 I art     : Explicit concurrent mark sweep GC freed 1356(82KB) AllocSpace objects, 1(20KB) LOS objects, 29% free, 39MB/55MB, paused 589us total 83.363ms
08-05 12:48:52.440  2955  2979 I art     : Starting a blocking GC Explicit
08-05 12:48:52.510  2955  2979 I art     : Explicit concurrent mark sweep GC freed 20(704B) AllocSpace objects, 0(0B) LOS objects, 29% free, 39MB/55MB, paused 572us total 69.297ms
08-05 12:48:52.531  2955  2979 I art     : Starting a blocking GC Explicit
08-05 12:48:52.547  2416  2416 I ServiceManager: Waiting for service AtCmdFwd...
08-05 12:48:52.599  2955  2979 I art     : Explicit concurrent mark sweep GC freed 3(96B) AllocSpace objects, 0(0B) LOS objects, 29% free, 39MB/55MB, paused 564us total 67.913ms
08-05 12:48:52.620  2955  2979 I art     : Starting a blocking GC Explicit
08-05 12:48:52.693  2955  2979 I art     : Explicit concurrent mark sweep GC freed 3(96B) AllocSpace objects, 0(0B) LOS objects, 29% free, 39MB/55MB, paused 600us total 72.573ms
08-05 12:48:52.716  2955  2979 I art     : Starting a blocking GC Explicit
08-05 12:48:52.786  2955  2979 I art     : Explicit concurrent mark sweep GC freed 3(96B) AllocSpace objects, 0(0B) LOS objects, 29% free, 39MB/55MB, paused 557us total 69.813ms
08-05 12:48:53.140  2955  3034 I art     : Starting a blocking GC Explicit
08-05 12:48:53.220  2955  3034 I art     : Explicit concurrent mark sweep GC freed 1354(82KB) AllocSpace objects, 1(20KB) LOS objects, 29% free, 39MB/55MB, paused 637us total 78.956ms
08-05 12:48:53.244  2955  3034 I art     : Starting a blocking GC Explicit
08-05 12:48:53.312  2955  3034 I art     : Explicit concurrent mark sweep GC freed 20(704B) AllocSpace objects, 0(0B) LOS objects, 29% free, 39MB/55MB, paused 592us total 67.845ms
08-05 12:48:53.336  2955  3034 I art     : Starting a blocking GC Explicit
08-05 12:48:53.392   518   646 I ThermalEngine: ACTION: GPU - Setting GPU[0] to 510000000
08-05 12:48:53.398  2955  3034 I art     : Explicit concurrent mark sweep GC freed 3(96B) AllocSpace objects, 0(0B) LOS objects, 29% free, 39MB/55MB, paused 561us total 61.772ms
08-05 12:48:53.419  2955  3034 I art     : Starting a blocking GC Explicit
08-05 12:48:53.473  2955  3034 I art     : Explicit concurrent mark sweep GC freed 3(96B) AllocSpace objects, 0(0B) LOS objects, 29% free, 39MB/55MB, paused 394us total 54.075ms
08-05 12:48:53.489  2955  3034 I art     : Starting a blocking GC Explicit
08-05 12:48:53.535  2955  3034 I art     : Explicit concurrent mark sweep GC freed 3(96B) AllocSpace objects, 0(0B) LOS objects, 29% free, 39MB/55MB, paused 421us total 45.950ms
08-05 12:48:53.547  2416  2416 I ServiceManager: Waiting for service AtCmdFwd...
08-05 12:48:53.881  2955  2980 I art     : Starting a blocking GC Explicit
08-05 12:48:53.949  2955  2980 I art     : Explicit concurrent mark sweep GC freed 1355(83KB) AllocSpace objects, 1(20KB) LOS objects, 29% free, 39MB/55MB, paused 401us total 67.703ms
08-05 12:48:53.965  2955  2980 I art     : Starting a blocking GC Explicit
08-05 12:48:54.015  2955  2980 I art     : Explicit concurrent mark sweep GC freed 20(704B) AllocSpace objects, 0(0B) LOS objects, 29% free, 39MB/55MB, paused 400us total 50.135ms
08-05 12:48:54.031  2955  2980 I art     : Starting a blocking GC Explicit
08-05 12:48:54.083  2955  2980 I art     : Explicit concurrent mark sweep GC freed 3(96B) AllocSpace objects, 0(0B) LOS objects, 29% free, 39MB/55MB, paused 401us total 51.505ms
08-05 12:48:54.083  2955  2976 I art     : WaitForGcToComplete blocked for 13.183ms for cause HeapTrim
08-05 12:48:54.099  2955  2980 I art     : Starting a blocking GC Explicit
08-05 12:48:54.150  2955  2980 I art     : Explicit concurrent mark sweep GC freed 3(96B) AllocSpace objects, 0(0B) LOS objects, 29% free, 39MB/55MB, paused 412us total 50.630ms
08-05 12:48:54.166  2955  2980 I art     : Starting a blocking GC Explicit
08-05 12:48:54.215  2955  2980 I art     : Explicit concurrent mark sweep GC freed 3(96B) AllocSpace objects, 0(0B) LOS objects, 29% free, 39MB/55MB, paused 402us total 48.515ms
08-05 12:48:54.548  2416  2416 I ServiceManager: Waiting for service AtCmdFwd...
08-05 12:48:54.583  2955  3295 I art     : Starting a blocking GC Explicit
08-05 12:48:54.650  2955  3295 I art     : Explicit concurrent mark sweep GC freed 1358(83KB) AllocSpace objects, 1(20KB) LOS objects, 29% free, 39MB/55MB, paused 470us total 66.342ms
08-05 12:48:54.670  2955  3295 I art     : Starting a blocking GC Explicit
08-05 12:48:54.720  2955  3295 I art     : Explicit concurrent mark sweep GC freed 20(704B) AllocSpace objects, 0(0B) LOS objects, 29% free, 39MB/55MB, paused 422us total 49.976ms
08-05 12:48:54.736  2955  3295 I art     : Starting a blocking GC Explicit
08-05 12:48:54.786  2955  3295 I art     : Explicit concurrent mark sweep GC freed 3(96B) AllocSpace objects, 0(0B) LOS objects, 29% free, 39MB/55MB, paused 407us total 49.819ms
08-05 12:48:54.803  2955  3295 I art     : Starting a blocking GC Explicit
08-05 12:48:54.824  2955  6250 I RedditChangeDataIO: Writing tmp data file at '/data/user/0/baseline.org.quantumbadger.redreader/files/rr_change_data_tmp.dat'
08-05 12:48:54.824  2955  6250 I RedditChangeDataManager: Taking snapshot...
08-05 12:48:54.825  2955  6250 I RedditChangeDataManager: Writing to stream...
08-05 12:48:54.825  2955  6250 I RedditChangeDataManager: Wrote 6 entries for user ''
08-05 12:48:54.825  2955  6250 I RedditChangeDataManager: All entries written to stream.
08-05 12:48:54.825  2955  6250 I RedditChangeDataIO: Write successful. Atomically replacing data file...
08-05 12:48:54.825  2955  6250 I RedditChangeDataIO: Write complete.
08-05 12:48:54.825  2955  6250 I RedditChangeDataIO: 158 bytes written in 1 ms
08-05 12:48:54.850  2955  3295 I art     : Explicit concurrent mark sweep GC freed 82(4KB) AllocSpace objects, 1(68KB) LOS objects, 29% free, 39MB/55MB, paused 393us total 47.496ms
08-05 12:48:54.866  2955  3295 I art     : Starting a blocking GC Explicit
08-05 12:48:54.917  2955  3295 I art     : Explicit concurrent mark sweep GC freed 13(624B) AllocSpace objects, 0(0B) LOS objects, 29% free, 39MB/55MB, paused 471us total 51.096ms
08-05 12:48:55.263  2955  2979 I art     : Starting a blocking GC Explicit
08-05 12:48:55.330  2955  2979 I art     : Explicit concurrent mark sweep GC freed 1383(84KB) AllocSpace objects, 1(20KB) LOS objects, 29% free, 39MB/55MB, paused 384us total 66.332ms
08-05 12:48:55.346  2955  2979 I art     : Starting a blocking GC Explicit
08-05 12:48:55.396  2955  2979 I art     : Explicit concurrent mark sweep GC freed 228(35KB) AllocSpace objects, 0(0B) LOS objects, 29% free, 39MB/55MB, paused 373us total 49.428ms
08-05 12:48:55.412  2955  2979 I art     : Starting a blocking GC Explicit
08-05 12:48:55.462  2955  2979 I art     : Explicit concurrent mark sweep GC freed 68(2272B) AllocSpace objects, 0(0B) LOS objects, 29% free, 39MB/55MB, paused 336us total 49.800ms
08-05 12:48:55.479  2955  2979 I art     : Starting a blocking GC Explicit
08-05 12:48:55.528  2955  2979 I art     : Explicit concurrent mark sweep GC freed 3(96B) AllocSpace objects, 0(0B) LOS objects, 29% free, 39MB/55MB, paused 376us total 49.145ms
08-05 12:48:55.544  2955  2979 I art     : Starting a blocking GC Explicit
08-05 12:48:55.548  2416  2416 W Atfwd_Sendcmd: AtCmdFwd service not published, waiting... retryCnt : 2
08-05 12:48:55.592  2955  2979 I art     : Explicit concurrent mark sweep GC freed 3(96B) AllocSpace objects, 0(0B) LOS objects, 29% free, 39MB/55MB, paused 366us total 47.440ms
08-05 12:48:55.940  2955  3034 I art     : Starting a blocking GC Explicit
08-05 12:48:56.006  2955  3034 I art     : Explicit concurrent mark sweep GC freed 1354(82KB) AllocSpace objects, 1(20KB) LOS objects, 29% free, 39MB/55MB, paused 401us total 66.146ms
08-05 12:48:56.028  2955  3034 I art     : Starting a blocking GC Explicit
08-05 12:48:56.076  2955  3034 I art     : Explicit concurrent mark sweep GC freed 20(704B) AllocSpace objects, 0(0B) LOS objects, 29% free, 39MB/55MB, paused 324us total 47.599ms
08-05 12:48:56.091  2955  3034 I art     : Starting a blocking GC Explicit
08-05 12:48:56.139  2955  3034 I art     : Explicit concurrent mark sweep GC freed 3(96B) AllocSpace objects, 0(0B) LOS objects, 29% free, 39MB/55MB, paused 361us total 47.384ms
08-05 12:48:56.154  2955  3034 I art     : Starting a blocking GC Explicit
08-05 12:48:56.202  2955  3034 I art     : Explicit concurrent mark sweep GC freed 3(96B) AllocSpace objects, 0(0B) LOS objects, 29% free, 39MB/55MB, paused 354us total 47.525ms
08-05 12:48:56.217  2955  3034 I art     : Starting a blocking GC Explicit
08-05 12:48:56.265  2955  3034 I art     : Explicit concurrent mark sweep GC freed 3(96B) AllocSpace objects, 0(0B) LOS objects, 29% free, 39MB/55MB, paused 390us total 48.104ms
08-05 12:48:56.468  6347  6347 D AndroidRuntime: >>>>>> START com.android.internal.os.RuntimeInit uid 2000 <<<<<<
08-05 12:48:56.474  6347  6347 D AndroidRuntime: CheckJNI is OFF
08-05 12:48:56.507  6347  6347 D ICU     : No timezone override file found: /data/misc/zoneinfo/current/icu/icu_tzdata.dat
08-05 12:48:56.539  6347  6347 I Radio-JNI: register_android_hardware_Radio DONE
08-05 12:48:56.561  6347  6347 D AndroidRuntime: Calling main entry com.android.commands.input.Input
08-05 12:48:56.562  6347  6347 I Input   : injectKeyEvent: KeyEvent { action=ACTION_DOWN, keyCode=KEYCODE_BACK, scanCode=0, metaState=0, flags=0x0, repeatCount=0, eventTime=794952976, downTime=794952976, deviceId=-1, source=0x101 }
08-05 12:48:56.568  6347  6347 I Input   : injectKeyEvent: KeyEvent { action=ACTION_UP, keyCode=KEYCODE_BACK, scanCode=0, metaState=0, flags=0x0, repeatCount=0, eventTime=794952976, downTime=794952976, deviceId=-1, source=0x101 }
08-05 12:48:56.573  6347  6347 D AndroidRuntime: Shutting down VM
08-05 12:48:56.605 13866 13866 I GoogleInputMethodServic: GoogleInputMethodService.onFinishInput():3138 
08-05 12:48:56.605 13866 13866 I GoogleInputMethodServic: GoogleInputMethodService.onStartInput():1808 
08-05 12:48:56.606  2955  2980 I art     : Starting a blocking GC Explicit
08-05 12:48:56.653  2955  2980 I art     : Explicit concurrent mark sweep GC freed 1595(91KB) AllocSpace objects, 1(20KB) LOS objects, 29% free, 39MB/55MB, paused 549us total 46.333ms
08-05 12:48:56.670  2955  2980 I art     : Starting a blocking GC Explicit
08-05 12:48:56.710  2955  2980 I art     : Explicit concurrent mark sweep GC freed 49(1680B) AllocSpace objects, 0(0B) LOS objects, 29% free, 39MB/55MB, paused 343us total 40.012ms
08-05 12:48:56.724  2955  2980 I art     : Starting a blocking GC Explicit
08-05 12:48:56.765  2955  2980 I art     : Explicit concurrent mark sweep GC freed 3(96B) AllocSpace objects, 0(0B) LOS objects, 29% free, 39MB/55MB, paused 308us total 40.689ms
08-05 12:48:56.780  2955  2980 I art     : Starting a blocking GC Explicit
08-05 12:48:56.822  2955  2980 I art     : Explicit concurrent mark sweep GC freed 3(96B) AllocSpace objects, 0(0B) LOS objects, 29% free, 39MB/55MB, paused 301us total 41.701ms
08-05 12:48:56.837  2955  2980 I art     : Starting a blocking GC Explicit
08-05 12:48:56.879  2955  2980 I art     : Explicit concurrent mark sweep GC freed 3(96B) AllocSpace objects, 0(0B) LOS objects, 29% free, 39MB/55MB, paused 333us total 42.601ms
08-05 12:48:56.930   380   380 W SurfaceFlinger: couldn't log to binary event log: overflow.
08-05 12:48:57.183  2955  3295 I art     : Starting a blocking GC Explicit
08-05 12:48:57.235  2955  3295 I art     : Explicit concurrent mark sweep GC freed 1416(84KB) AllocSpace objects, 1(20KB) LOS objects, 29% free, 39MB/55MB, paused 443us total 51.871ms
08-05 12:48:57.251  2955  3295 I art     : Starting a blocking GC Explicit
08-05 12:48:57.293  2955  3295 I art     : Explicit concurrent mark sweep GC freed 41343(2MB) AllocSpace objects, 5(140KB) LOS objects, 30% free, 36MB/52MB, paused 369us total 41.507ms
08-05 12:48:57.308  2955  3295 I art     : Starting a blocking GC Explicit
08-05 12:48:57.342  2955  3295 I art     : Explicit concurrent mark sweep GC freed 3(96B) AllocSpace objects, 0(0B) LOS objects, 30% free, 36MB/52MB, paused 350us total 34.127ms
08-05 12:48:57.355  2955  3295 I art     : Starting a blocking GC Explicit
08-05 12:48:57.393  2955  3295 I art     : Explicit concurrent mark sweep GC freed 3(96B) AllocSpace objects, 0(0B) LOS objects, 30% free, 36MB/52MB, paused 417us total 37.786ms
08-05 12:48:57.408  2955  3295 I art     : Starting a blocking GC Explicit
08-05 12:48:57.447  2955  3295 I art     : Explicit concurrent mark sweep GC freed 3(96B) AllocSpace objects, 0(0B) LOS objects, 30% free, 36MB/52MB, paused 418us total 39.148ms
08-05 12:48:57.767  2955  2979 I art     : Starting a blocking GC Explicit
08-05 12:48:57.814  2955  2979 I art     : Explicit concurrent mark sweep GC freed 1354(82KB) AllocSpace objects, 1(20KB) LOS objects, 30% free, 36MB/52MB, paused 368us total 47.028ms
08-05 12:48:57.829  2955  2979 I art     : Starting a blocking GC Explicit
08-05 12:48:57.862  2955  2979 I art     : Explicit concurrent mark sweep GC freed 20(704B) AllocSpace objects, 0(0B) LOS objects, 30% free, 36MB/52MB, paused 349us total 33.326ms
08-05 12:48:57.876  2955  2979 I art     : Starting a blocking GC Explicit
08-05 12:48:57.912  2955  2979 I art     : Explicit concurrent mark sweep GC freed 3(96B) AllocSpace objects, 0(0B) LOS objects, 30% free, 36MB/52MB, paused 353us total 35.694ms
08-05 12:48:57.926  2955  2979 I art     : Starting a blocking GC Explicit
08-05 12:48:57.963  2955  2979 I art     : Explicit concurrent mark sweep GC freed 3(96B) AllocSpace objects, 0(0B) LOS objects, 30% free, 36MB/52MB, paused 365us total 36.616ms
08-05 12:48:57.977  2955  2979 I art     : Starting a blocking GC Explicit
08-05 12:48:58.015  2955  2979 I art     : Explicit concurrent mark sweep GC freed 3(96B) AllocSpace objects, 0(0B) LOS objects, 30% free, 36MB/52MB, paused 360us total 37.096ms
08-05 12:48:58.228  6390  6390 D AndroidRuntime: >>>>>> START com.android.internal.os.RuntimeInit uid 2000 <<<<<<
08-05 12:48:58.233  6390  6390 D AndroidRuntime: CheckJNI is OFF
08-05 12:48:58.265  6390  6390 D ICU     : No timezone override file found: /data/misc/zoneinfo/current/icu/icu_tzdata.dat
08-05 12:48:58.299  6390  6390 I Radio-JNI: register_android_hardware_Radio DONE
08-05 12:48:58.314  2955  3034 I art     : Starting a blocking GC Explicit
08-05 12:48:58.321  6390  6390 D AndroidRuntime: Calling main entry com.android.commands.input.Input
08-05 12:48:58.323  6390  6390 I Input   : injectMotionEvent: MotionEvent { action=ACTION_DOWN, actionButton=0, id[0]=0, x[0]=600.0, y[0]=938.0, toolType[0]=TOOL_TYPE_UNKNOWN, buttonState=0, metaState=0, flags=0x0, edgeFlags=0x0, pointerCount=1, historySize=0, eventTime=794954736, downTime=794954736, deviceId=0, source=0x1002 }
08-05 12:48:58.327  6390  6390 I Input   : injectMotionEvent: MotionEvent { action=ACTION_UP, actionButton=0, id[0]=0, x[0]=600.0, y[0]=938.0, toolType[0]=TOOL_TYPE_UNKNOWN, buttonState=0, metaState=0, flags=0x0, edgeFlags=0x0, pointerCount=1, historySize=0, eventTime=794954736, downTime=794954736, deviceId=0, source=0x1002 }
08-05 12:48:58.329  6390  6390 D AndroidRuntime: Shutting down VM
08-05 12:48:58.338   512  2967 D audio_hw_primary: out_set_parameters: enter: usecase(1: low-latency-playback) kvpairs: routing=2
08-05 12:48:58.340   918  3696 I ActivityManager: START u0 {dat=https://gfycat.com/... cmp=baseline.org.quantumbadger.redreader/.activities.ImageViewActivity (has extras)} from uid 10689 on display 0
08-05 12:48:58.351   512  2967 D audio_hw_primary: select_devices: out_snd_device(2: speaker) in_snd_device(0: none)
08-05 12:48:58.351   512  2967 D msm8974_platform: platform_send_audio_calibration: sending audio calibration for snd_device(2) acdb_id(15)
08-05 12:48:58.352   512  2967 I soundtrigger: audio_extn_sound_trigger_update_device_status: device 0x2 of type 0 for Event 1
08-05 12:48:58.358  2955  3034 I art     : Explicit concurrent mark sweep GC freed 1431(90KB) AllocSpace objects, 1(20KB) LOS objects, 30% free, 36MB/52MB, paused 1.045ms total 43.484ms
08-05 12:48:58.366  2955  2955 I ImageViewActivity: Loading URL https://gfycat.com/deadlygravecavy
08-05 12:48:58.367   512  2967 D audio_hw_primary: enable_snd_device: snd_device(2: speaker)
08-05 12:48:58.369   512  2967 D audio_hw_primary: enable_audio_route: apply and update mixer path: low-latency-playback speaker
08-05 12:48:58.374  2955  6136 I ImageViewActivity: Got image URL: https://giant.gfycat.com/DeadlyGraveCavy.mp4
08-05 12:48:58.374  2955  6136 I ImageViewActivity: Got image Type: video/mp4
08-05 12:48:58.374  2955  6136 I ImageViewActivity: Got media Type: VIDEO
08-05 12:48:58.374  2955  6136 I ImageViewActivity: Media type VIDEO detected
08-05 12:48:58.374  2955  3034 I art     : Starting a blocking GC Explicit
08-05 12:48:58.374  2955  6136 I ImageViewActivity: Proceeding with download
08-05 12:48:58.378  2955  6415 D OK      : calling: https://giant.gfycat.com/DeadlyGraveCavy.mp4
08-05 12:48:58.408  2955  3034 I art     : Explicit concurrent mark sweep GC freed 2110(131KB) AllocSpace objects, 0(0B) LOS objects, 30% free, 37MB/53MB, paused 458us total 33.813ms
08-05 12:48:58.420 13866 13866 I GoogleInputMethodServic: GoogleInputMethodService.onFinishInput():3138 
08-05 12:48:58.421 13866 13866 I GoogleInputMethodServic: GoogleInputMethodService.onStartInput():1808 
08-05 12:48:58.421  2955  3034 I art     : Starting a blocking GC Explicit
08-05 12:48:58.447   918   936 I ActivityManager: Displayed baseline.org.quantumbadger.redreader/.activities.ImageViewActivity: +98ms
08-05 12:48:58.456  2955  3034 I art     : Explicit concurrent mark sweep GC freed 563(58KB) AllocSpace objects, 0(0B) LOS objects, 30% free, 36MB/52MB, paused 501us total 34.536ms
08-05 12:48:58.471  2955  3034 I art     : Starting a blocking GC Explicit
08-05 12:48:58.507  2955  3034 I art     : Explicit concurrent mark sweep GC freed 79(4KB) AllocSpace objects, 0(0B) LOS objects, 30% free, 36MB/52MB, paused 430us total 35.943ms
08-05 12:48:58.520  2955  3034 I art     : Starting a blocking GC Explicit
08-05 12:48:58.556  2955  3034 I art     : Explicit concurrent mark sweep GC freed 12(1408B) AllocSpace objects, 0(0B) LOS objects, 30% free, 36MB/52MB, paused 352us total 35.154ms
08-05 12:48:58.700   380   380 W SurfaceFlinger: couldn't log to binary event log: overflow.
08-05 12:48:58.765  2955  6415 I NAPPA_EXPERIMENTATION: MetricNetworkRequestExecutionTime: REQUEST_DURATION_SYSTEM='387',REQUEST_DURATION_OKHTTP='162',REQUEST_SYNCHRONOUS='TRUE',RESPONSE_CODE='200',RESPONSE_METHOD='GET',RESPONSE_LENGTH_OKHTTP='1942309',RESPONSE_LENGTH_HEADER='1942309',REQUEST_PROTOCOL='h2',REQUEST_URL='https://giant.gfycat.com/DeadlyGraveCavy.mp4',
08-05 12:48:58.765  2955  6415 D OK      : request got status: 200
08-05 12:48:58.833  2955  3295 I art     : Starting a blocking GC Explicit
08-05 12:48:58.872  2955  3295 I art     : Explicit concurrent mark sweep GC freed 3766(193KB) AllocSpace objects, 1(20KB) LOS objects, 30% free, 37MB/53MB, paused 570us total 38.798ms
08-05 12:48:58.885  2955  3295 I art     : Starting a blocking GC Explicit
08-05 12:48:58.899   512  2967 D audio_hw_primary: disable_audio_route: reset and update mixer path: low-latency-playback speaker
08-05 12:48:58.903   512  2967 D audio_hw_primary: disable_snd_device: snd_device(2: speaker)
08-05 12:48:58.916   512  2967 I soundtrigger: audio_extn_sound_trigger_update_device_status: device 0x2 of type 0 for Event 0
08-05 12:48:58.918  2955  3295 I art     : Explicit concurrent mark sweep GC freed 280(15KB) AllocSpace objects, 0(0B) LOS objects, 30% free, 37MB/53MB, paused 531us total 32.773ms
08-05 12:48:58.931  2955  3295 I art     : Starting a blocking GC Explicit
08-05 12:48:58.963  2955  3295 I art     : Explicit concurrent mark sweep GC freed 346(21KB) AllocSpace objects, 0(0B) LOS objects, 29% free, 37MB/53MB, paused 413us total 31.800ms
08-05 12:48:58.976  2955  3295 I art     : Starting a blocking GC Explicit
08-05 12:48:59.008  2955  3295 I art     : Explicit concurrent mark sweep GC freed 374(23KB) AllocSpace objects, 0(0B) LOS objects, 29% free, 37MB/53MB, paused 419us total 31.154ms
08-05 12:48:59.021  2955  3295 I art     : Starting a blocking GC Explicit
08-05 12:48:59.053  2955  3295 I art     : Explicit concurrent mark sweep GC freed 350(141KB) AllocSpace objects, 0(0B) LOS objects, 29% free, 37MB/53MB, paused 392us total 32.016ms
08-05 12:48:59.121  2955  2955 I ImageViewActivity: Playing video using ExoPlayer
08-05 12:48:59.151  2955  2955 I ExoPlayerImpl: Init b6511d6 [ExoPlayerLib/2.10.8] [angler, Nexus 6P, Huawei, 23]
08-05 12:48:59.311  2955  6429 W VideoCapabilities: Unrecognized profile 2130706433 for video/avc
08-05 12:48:59.337  2955  3034 I art     : Starting a blocking GC Explicit
08-05 12:48:59.339  2955  6429 I VideoCapabilities: Unsupported profile 4 for video/mp4v-es
08-05 12:48:59.363  2955  6442 I OMXClient: Using client-side OMX mux.
08-05 12:48:59.381  2955  3034 I art     : Explicit concurrent mark sweep GC freed 10916(1317KB) AllocSpace objects, 7(324KB) LOS objects, 28% free, 39MB/55MB, paused 637us total 44.490ms
08-05 12:48:59.396  2955  3034 I art     : Starting a blocking GC Explicit
08-05 12:48:59.432  2955  3034 I art     : Explicit concurrent mark sweep GC freed 470(22KB) AllocSpace objects, 0(0B) LOS objects, 28% free, 39MB/55MB, paused 410us total 34.839ms
08-05 12:48:59.446  2955  3034 I art     : Starting a blocking GC Explicit
08-05 12:48:59.447   512 12837 I OMX-VDEC-1080P: component_init: OMX.qcom.video.decoder.avc : fd=49
08-05 12:48:59.448   512 12837 I OMX-VDEC-1080P: Capabilities: driver_name = msm_vidc_driver, card = msm_vdec_8974, bus_info = , version = 1, capabilities = 4003000
08-05 12:48:59.453   512 12837 I OMX-VDEC-1080P: Enabling default extradata for OMX.qcom.video.decoder.avc
08-05 12:48:59.456   512 12837 I OMX-VDEC-1080P: omx_vdec::component_init() success : fd=49
08-05 12:48:59.458  2955  6441 I MediaCodec: [OMX.qcom.video.decoder.avc] setting surface generation to 3025921
08-05 12:48:59.460   512  3270 E OMX-VDEC-1080P: Extension: OMX.google.android.index.storeANWBufferInMetadata not implemented
08-05 12:48:59.482  2955  3034 I art     : Explicit concurrent mark sweep GC freed 49(1760B) AllocSpace objects, 0(0B) LOS objects, 28% free, 39MB/55MB, paused 419us total 35.713ms
08-05 12:48:59.484  2955  6442 D SurfaceUtils: set up nativeWindow 0x7f806b0c10 for 360x306, color 0x7fa30c04, rotation 0, usage 0x42002900
08-05 12:48:59.496  2955  3034 I art     : Starting a blocking GC Explicit
08-05 12:48:59.511  2955  6442 D SurfaceUtils: set up nativeWindow 0x7f806b0c10 for 368x320, color 0x7fa30c04, rotation 0, usage 0x42002900
08-05 12:48:59.532  2955  3034 I art     : Explicit concurrent mark sweep GC freed 103(41KB) AllocSpace objects, 0(0B) LOS objects, 28% free, 40MB/56MB, paused 371us total 35.929ms
08-05 12:48:59.546  2955  3034 I art     : Starting a blocking GC Explicit
08-05 12:48:59.584  2955  3034 I art     : Explicit concurrent mark sweep GC freed 184(15KB) AllocSpace objects, 1(68KB) LOS objects, 28% free, 40MB/56MB, paused 413us total 37.598ms
08-05 12:48:59.907  2955  2980 I art     : Starting a blocking GC Explicit
08-05 12:48:59.948  2955  2980 I art     : Explicit concurrent mark sweep GC freed 1484(87KB) AllocSpace objects, 1(20KB) LOS objects, 28% free, 40MB/56MB, paused 476us total 40.640ms
08-05 12:48:59.963  2955  2980 I art     : Starting a blocking GC Explicit
08-05 12:49:00.002  2955  2980 I art     : Explicit concurrent mark sweep GC freed 41(1472B) AllocSpace objects, 0(0B) LOS objects, 28% free, 40MB/56MB, paused 486us total 39.558ms
08-05 12:49:00.017  2955  2980 I art     : Starting a blocking GC Explicit
08-05 12:49:00.052  2955  2980 I art     : Explicit concurrent mark sweep GC freed 15(576B) AllocSpace objects, 0(0B) LOS objects, 28% free, 40MB/56MB, paused 354us total 34.794ms
08-05 12:49:00.066  2955  2980 I art     : Starting a blocking GC Explicit
08-05 12:49:00.101  2955  2980 I art     : Explicit concurrent mark sweep GC freed 24(864B) AllocSpace objects, 0(0B) LOS objects, 28% free, 40MB/56MB, paused 395us total 35.289ms
08-05 12:49:00.115  2955  2980 I art     : Starting a blocking GC Explicit
08-05 12:49:00.152  2955  2980 I art     : Explicit concurrent mark sweep GC freed 21(784B) AllocSpace objects, 0(0B) LOS objects, 28% free, 40MB/56MB, paused 383us total 36.515ms
08-05 12:49:00.489  2955  2979 I art     : Starting a blocking GC Explicit
08-05 12:49:00.532  2955  2979 I art     : Explicit concurrent mark sweep GC freed 1473(87KB) AllocSpace objects, 1(20KB) LOS objects, 28% free, 40MB/56MB, paused 451us total 43.113ms
08-05 12:49:00.548  2955  2979 I art     : Starting a blocking GC Explicit
08-05 12:49:00.589  2955  2979 I art     : Explicit concurrent mark sweep GC freed 42(1536B) AllocSpace objects, 0(0B) LOS objects, 28% free, 40MB/56MB, paused 382us total 40.312ms
08-05 12:49:00.604  2955  2979 I art     : Starting a blocking GC Explicit
08-05 12:49:00.644  2955  2979 I art     : Explicit concurrent mark sweep GC freed 21(784B) AllocSpace objects, 0(0B) LOS objects, 28% free, 40MB/56MB, paused 382us total 39.871ms
08-05 12:49:00.658  2955  2979 I art     : Starting a blocking GC Explicit
08-05 12:49:00.697  2955  2979 I art     : Explicit concurrent mark sweep GC freed 24(864B) AllocSpace objects, 0(0B) LOS objects, 28% free, 40MB/56MB, paused 496us total 38.569ms
08-05 12:49:00.711  2955  2979 I art     : Starting a blocking GC Explicit
08-05 12:49:00.750  2955  2979 I art     : Explicit concurrent mark sweep GC freed 21(784B) AllocSpace objects, 0(0B) LOS objects, 28% free, 40MB/56MB, paused 549us total 38.427ms
08-05 12:49:01.088  2955  2980 I art     : Starting a blocking GC Explicit
08-05 12:49:01.130  2955  2980 I art     : Explicit concurrent mark sweep GC freed 1475(87KB) AllocSpace objects, 1(20KB) LOS objects, 28% free, 40MB/56MB, paused 434us total 41.303ms
08-05 12:49:01.144  2955  2980 I art     : Starting a blocking GC Explicit
08-05 12:49:01.184  2955  2980 I art     : Explicit concurrent mark sweep GC freed 37(1328B) AllocSpace objects, 0(0B) LOS objects, 28% free, 40MB/56MB, paused 423us total 39.565ms
08-05 12:49:01.199  2955  2980 I art     : Starting a blocking GC Explicit
08-05 12:49:01.238  2955  2980 I art     : Explicit concurrent mark sweep GC freed 23(832B) AllocSpace objects, 0(0B) LOS objects, 28% free, 40MB/56MB, paused 419us total 39.184ms
08-05 12:49:01.253  2955  2980 I art     : Starting a blocking GC Explicit
08-05 12:49:01.293  2955  2980 I art     : Explicit concurrent mark sweep GC freed 21(816B) AllocSpace objects, 0(0B) LOS objects, 28% free, 40MB/56MB, paused 441us total 39.388ms
08-05 12:49:01.308  2955  2980 I art     : Starting a blocking GC Explicit
08-05 12:49:01.348  2955  2980 I art     : Explicit concurrent mark sweep GC freed 20(720B) AllocSpace objects, 0(0B) LOS objects, 28% free, 40MB/56MB, paused 436us total 40.150ms
08-05 12:49:01.695  2955  3295 I art     : Starting a blocking GC Explicit
08-05 12:49:01.738  2955  3295 I art     : Explicit concurrent mark sweep GC freed 1481(87KB) AllocSpace objects, 1(20KB) LOS objects, 28% free, 40MB/56MB, paused 397us total 43.180ms
08-05 12:49:01.752  2955  3295 I art     : Starting a blocking GC Explicit
08-05 12:49:01.789  2955  3295 I art     : Explicit concurrent mark sweep GC freed 40(1440B) AllocSpace objects, 0(0B) LOS objects, 28% free, 40MB/56MB, paused 394us total 36.125ms
08-05 12:49:01.803  2955  3295 I art     : Starting a blocking GC Explicit
08-05 12:49:01.842  2955  3295 I art     : Explicit concurrent mark sweep GC freed 23(880B) AllocSpace objects, 0(0B) LOS objects, 28% free, 40MB/56MB, paused 400us total 38.903ms
08-05 12:49:01.857  2955  3295 I art     : Starting a blocking GC Explicit
08-05 12:49:01.894  2955  3295 I art     : Explicit concurrent mark sweep GC freed 18(656B) AllocSpace objects, 0(0B) LOS objects, 28% free, 40MB/56MB, paused 423us total 36.639ms
08-05 12:49:01.908  2955  3295 I art     : Starting a blocking GC Explicit
08-05 12:49:01.946  2955  3295 I art     : Explicit concurrent mark sweep GC freed 21(784B) AllocSpace objects, 0(0B) LOS objects, 28% free, 40MB/56MB, paused 408us total 37.863ms
08-05 12:49:02.274  2955  2980 I art     : Starting a blocking GC Explicit
08-05 12:49:02.316  2955  2980 I art     : Explicit concurrent mark sweep GC freed 1475(87KB) AllocSpace objects, 1(20KB) LOS objects, 28% free, 40MB/56MB, paused 510us total 42.409ms
08-05 12:49:02.331  2955  2980 I art     : Starting a blocking GC Explicit
08-05 12:49:02.367  2955  2980 I art     : Explicit concurrent mark sweep GC freed 36(1328B) AllocSpace objects, 0(0B) LOS objects, 28% free, 40MB/56MB, paused 395us total 35.352ms
08-05 12:49:02.381  2955  2980 I art     : Starting a blocking GC Explicit
08-05 12:49:02.420  2955  2980 I art     : Explicit concurrent mark sweep GC freed 26(880B) AllocSpace objects, 0(0B) LOS objects, 28% free, 40MB/56MB, paused 425us total 38.746ms
08-05 12:49:02.434  2955  2980 I art     : Starting a blocking GC Explicit
08-05 12:49:02.473  2955  2980 I art     : Explicit concurrent mark sweep GC freed 17(672B) AllocSpace objects, 0(0B) LOS objects, 28% free, 40MB/56MB, paused 384us total 38.569ms
08-05 12:49:02.487  2955  2980 I art     : Starting a blocking GC Explicit
08-05 12:49:02.527  2955  2980 I art     : Explicit concurrent mark sweep GC freed 21(816B) AllocSpace objects, 0(0B) LOS objects, 28% free, 40MB/56MB, paused 446us total 39.763ms
08-05 12:49:02.892  2955  3034 I art     : Starting a blocking GC Explicit
08-05 12:49:02.935  2955  3034 I art     : Explicit concurrent mark sweep GC freed 1490(87KB) AllocSpace objects, 1(20KB) LOS objects, 28% free, 40MB/56MB, paused 445us total 42.765ms
08-05 12:49:02.951  2955  3034 I art     : Starting a blocking GC Explicit
08-05 12:49:02.989  2955  3034 I art     : Explicit concurrent mark sweep GC freed 38(1392B) AllocSpace objects, 0(0B) LOS objects, 28% free, 40MB/56MB, paused 384us total 37.999ms
08-05 12:49:03.004  2955  3034 I art     : Starting a blocking GC Explicit
08-05 12:49:03.042  2955  3034 I art     : Explicit concurrent mark sweep GC freed 24(864B) AllocSpace objects, 0(0B) LOS objects, 28% free, 40MB/56MB, paused 445us total 38.366ms
08-05 12:49:03.057  2955  3034 I art     : Starting a blocking GC Explicit
08-05 12:49:03.096  2955  3034 I art     : Explicit concurrent mark sweep GC freed 19(720B) AllocSpace objects, 0(0B) LOS objects, 28% free, 40MB/56MB, paused 421us total 39.239ms
08-05 12:49:03.111  2955  3034 I art     : Starting a blocking GC Explicit
08-05 12:49:03.151  2955  3034 I art     : Explicit concurrent mark sweep GC freed 21(784B) AllocSpace objects, 0(0B) LOS objects, 28% free, 40MB/56MB, paused 396us total 39.843ms
08-05 12:49:03.349  2955  6414 I RedditChangeDataIO: Writing tmp data file at '/data/user/0/baseline.org.quantumbadger.redreader/files/rr_change_data_tmp.dat'
08-05 12:49:03.350  2955  6414 I RedditChangeDataManager: Taking snapshot...
08-05 12:49:03.350  2955  6414 I RedditChangeDataManager: Writing to stream...
08-05 12:49:03.350  2955  6414 I RedditChangeDataManager: Wrote 6 entries for user ''
08-05 12:49:03.350  2955  6414 I RedditChangeDataManager: All entries written to stream.
08-05 12:49:03.350  2955  6414 I RedditChangeDataIO: Write successful. Atomically replacing data file...
08-05 12:49:03.351  2955  6414 I RedditChangeDataIO: Write complete.
08-05 12:49:03.351  2955  6414 I RedditChangeDataIO: 158 bytes written in 2 ms
08-05 12:49:03.501  2955  3295 I art     : Starting a blocking GC Explicit
08-05 12:49:03.544  2955  3295 I art     : Explicit concurrent mark sweep GC freed 1573(92KB) AllocSpace objects, 2(88KB) LOS objects, 28% free, 40MB/56MB, paused 451us total 42.511ms
08-05 12:49:03.559  2955  3295 I art     : Starting a blocking GC Explicit
08-05 12:49:03.599  2955  3295 I art     : Explicit concurrent mark sweep GC freed 39(1424B) AllocSpace objects, 0(0B) LOS objects, 28% free, 40MB/56MB, paused 399us total 40.143ms
08-05 12:49:03.614  2955  3295 I art     : Starting a blocking GC Explicit
08-05 12:49:03.653  2955  3295 I art     : Explicit concurrent mark sweep GC freed 26(944B) AllocSpace objects, 0(0B) LOS objects, 28% free, 40MB/56MB, paused 383us total 38.498ms
08-05 12:49:03.668  2955  3295 I art     : Starting a blocking GC Explicit
08-05 12:49:03.707  2955  3295 I art     : Explicit concurrent mark sweep GC freed 20(752B) AllocSpace objects, 0(0B) LOS objects, 28% free, 40MB/56MB, paused 394us total 39.083ms
08-05 12:49:03.721  2955  3295 I art     : Starting a blocking GC Explicit
08-05 12:49:03.761  2955  3295 I art     : Explicit concurrent mark sweep GC freed 15(576B) AllocSpace objects, 0(0B) LOS objects, 28% free, 40MB/56MB, paused 412us total 39.071ms
08-05 12:49:04.106  2955  3034 I art     : Starting a blocking GC Explicit
08-05 12:49:04.149  2955  3034 I art     : Explicit concurrent mark sweep GC freed 1672(119KB) AllocSpace objects, 1(20KB) LOS objects, 28% free, 40MB/56MB, paused 390us total 42.420ms
08-05 12:49:04.164  2955  3034 I art     : Starting a blocking GC Explicit
08-05 12:49:04.202  2955  3034 I art     : Explicit concurrent mark sweep GC freed 101(3KB) AllocSpace objects, 0(0B) LOS objects, 28% free, 40MB/56MB, paused 405us total 38.477ms
08-05 12:49:04.217  2955  3034 I art     : Starting a blocking GC Explicit
08-05 12:49:04.257  2955  3034 I art     : Explicit concurrent mark sweep GC freed 19(688B) AllocSpace objects, 0(0B) LOS objects, 28% free, 40MB/56MB, paused 395us total 40.136ms
08-05 12:49:04.272  2955  3034 I art     : Starting a blocking GC Explicit
08-05 12:49:04.312  2955  3034 I art     : Explicit concurrent mark sweep GC freed 26(960B) AllocSpace objects, 0(0B) LOS objects, 28% free, 40MB/56MB, paused 380us total 39.790ms
08-05 12:49:04.326  2955  3034 I art     : Starting a blocking GC Explicit
08-05 12:49:04.366  2955  3034 I art     : Explicit concurrent mark sweep GC freed 15(576B) AllocSpace objects, 0(0B) LOS objects, 28% free, 40MB/56MB, paused 400us total 39.174ms
08-05 12:49:04.707  2955  3034 I art     : Starting a blocking GC Explicit
08-05 12:49:04.750  2955  3034 I art     : Explicit concurrent mark sweep GC freed 1485(87KB) AllocSpace objects, 1(20KB) LOS objects, 28% free, 40MB/56MB, paused 418us total 42.205ms
08-05 12:49:04.765  2955  3034 I art     : Starting a blocking GC Explicit
08-05 12:49:04.803  2955  3034 I art     : Explicit concurrent mark sweep GC freed 36(1328B) AllocSpace objects, 0(0B) LOS objects, 28% free, 40MB/56MB, paused 387us total 37.642ms
08-05 12:49:04.818  2955  3034 I art     : Starting a blocking GC Explicit
08-05 12:49:04.857  2955  3034 I art     : Explicit concurrent mark sweep GC freed 25(928B) AllocSpace objects, 0(0B) LOS objects, 28% free, 40MB/56MB, paused 389us total 38.788ms
08-05 12:49:04.871  2955  3034 I art     : Starting a blocking GC Explicit
08-05 12:49:04.910  2955  3034 I art     : Explicit concurrent mark sweep GC freed 20(720B) AllocSpace objects, 0(0B) LOS objects, 28% free, 40MB/56MB, paused 371us total 38.666ms
08-05 12:49:04.924  2955  3034 I art     : Starting a blocking GC Explicit
08-05 12:49:04.963  2955  3034 I art     : Explicit concurrent mark sweep GC freed 25(928B) AllocSpace objects, 0(0B) LOS objects, 28% free, 40MB/56MB, paused 394us total 38.800ms
08-05 12:49:05.012  6535  6535 D AndroidRuntime: >>>>>> START com.android.internal.os.RuntimeInit uid 2000 <<<<<<
08-05 12:49:05.017  6535  6535 D AndroidRuntime: CheckJNI is OFF
08-05 12:49:05.049  6535  6535 D ICU     : No timezone override file found: /data/misc/zoneinfo/current/icu/icu_tzdata.dat
08-05 12:49:05.081  6535  6535 I Radio-JNI: register_android_hardware_Radio DONE
08-05 12:49:05.104  6535  6535 D AndroidRuntime: Calling main entry com.android.commands.input.Input
08-05 12:49:05.106  6535  6535 I Input   : injectKeyEvent: KeyEvent { action=ACTION_DOWN, keyCode=KEYCODE_BACK, scanCode=0, metaState=0, flags=0x0, repeatCount=0, eventTime=794961519, downTime=794961519, deviceId=-1, source=0x101 }
08-05 12:49:05.113  6535  6535 I Input   : injectKeyEvent: KeyEvent { action=ACTION_UP, keyCode=KEYCODE_BACK, scanCode=0, metaState=0, flags=0x0, repeatCount=0, eventTime=794961519, downTime=794961519, deviceId=-1, source=0x101 }
08-05 12:49:05.122  6535  6535 D AndroidRuntime: Shutting down VM
08-05 12:49:05.169 13866 13866 I GoogleInputMethodServic: GoogleInputMethodService.onFinishInput():3138 
08-05 12:49:05.170 13866 13866 I GoogleInputMethodServic: GoogleInputMethodService.onStartInput():1808 
08-05 12:49:05.245  2955  6441 I MediaCodec: [OMX.qcom.video.decoder.avc] setting surface generation to 3025922
08-05 12:49:05.246  2955  6442 D SurfaceUtils: set up nativeWindow 0x7f806b1a10 for 368x320, color 0x7fa30c04, rotation 0, usage 0x42002900
08-05 12:49:05.262  2955  2979 I art     : Starting a blocking GC Explicit
08-05 12:49:05.298  2955  2979 I art     : Explicit concurrent mark sweep GC freed 1721(97KB) AllocSpace objects, 1(20KB) LOS objects, 28% free, 40MB/56MB, paused 380us total 35.705ms
08-05 12:49:05.312  2955  2979 I art     : Starting a blocking GC Explicit
08-05 12:49:05.352  2955  2979 I art     : Explicit concurrent mark sweep GC freed 32(1200B) AllocSpace objects, 0(0B) LOS objects, 28% free, 40MB/56MB, paused 413us total 39.183ms
08-05 12:49:05.367  2955  2979 I art     : Starting a blocking GC Explicit
08-05 12:49:05.406  2955  2979 I art     : Explicit concurrent mark sweep GC freed 28(1008B) AllocSpace objects, 0(0B) LOS objects, 28% free, 40MB/56MB, paused 362us total 38.187ms
08-05 12:49:05.421  2955  2979 I art     : Starting a blocking GC Explicit
08-05 12:49:05.457  2955  2979 I art     : Explicit concurrent mark sweep GC freed 15(576B) AllocSpace objects, 0(0B) LOS objects, 28% free, 40MB/56MB, paused 436us total 35.857ms
08-05 12:49:05.471  2955  2979 I art     : Starting a blocking GC Explicit
08-05 12:49:05.486  2955  2955 I ExoPlayerImpl: Release b6511d6 [ExoPlayerLib/2.10.8] [angler, Nexus 6P, Huawei, 23] [goog.exo.core, goog.exo.ui]
08-05 12:49:05.491   380   380 W SurfaceFlinger: couldn't log to binary event log: overflow.
08-05 12:49:05.501   512 12931 I OMX-VDEC-1080P: omx_vdec::component_deinit() complete
08-05 12:49:05.503   512 12931 I OMX-VDEC-1080P: Exit OMX vdec Destructor: fd=49
08-05 12:49:05.506  2955  2979 I art     : Explicit concurrent mark sweep GC freed 78(3KB) AllocSpace objects, 0(0B) LOS objects, 28% free, 40MB/56MB, paused 412us total 34.923ms
08-05 12:49:05.549  2416  2416 I ServiceManager: Waiting for service AtCmdFwd...
08-05 12:49:05.798  2955  3034 I art     : Starting a blocking GC Explicit
08-05 12:49:05.841  2955  3034 I art     : Explicit concurrent mark sweep GC freed 1730(182KB) AllocSpace objects, 36(2MB) LOS objects, 29% free, 37MB/53MB, paused 389us total 42.640ms
08-05 12:49:05.856  2955  3034 I art     : Starting a blocking GC Explicit
08-05 12:49:05.896  2955  3034 I art     : Explicit concurrent mark sweep GC freed 2908(161KB) AllocSpace objects, 4(200KB) LOS objects, 29% free, 37MB/53MB, paused 378us total 40.285ms
08-05 12:49:05.911  2955  3034 I art     : Starting a blocking GC Explicit
08-05 12:49:05.953  2955  3034 I art     : Explicit concurrent mark sweep GC freed 3(96B) AllocSpace objects, 0(0B) LOS objects, 29% free, 37MB/53MB, paused 389us total 41.250ms
08-05 12:49:05.968  2955  3034 I art     : Starting a blocking GC Explicit
08-05 12:49:06.009  2955  3034 I art     : Explicit concurrent mark sweep GC freed 3(96B) AllocSpace objects, 0(0B) LOS objects, 29% free, 37MB/53MB, paused 385us total 41.110ms
08-05 12:49:06.024  2955  3034 I art     : Starting a blocking GC Explicit
08-05 12:49:06.065  2955  3034 I art     : Explicit concurrent mark sweep GC freed 3(96B) AllocSpace objects, 0(0B) LOS objects, 29% free, 37MB/53MB, paused 366us total 39.830ms
08-05 12:49:06.381  2955  2980 I art     : Starting a blocking GC Explicit
08-05 12:49:06.421  2955  2980 I art     : Explicit concurrent mark sweep GC freed 1354(82KB) AllocSpace objects, 1(20KB) LOS objects, 29% free, 37MB/53MB, paused 383us total 40.330ms
08-05 12:49:06.436  2955  2980 I art     : Starting a blocking GC Explicit
08-05 12:49:06.475  2955  2980 I art     : Explicit concurrent mark sweep GC freed 20(704B) AllocSpace objects, 0(0B) LOS objects, 29% free, 37MB/53MB, paused 412us total 38.833ms
08-05 12:49:06.489  2955  2980 I art     : Starting a blocking GC Explicit
08-05 12:49:06.527  2955  2980 I art     : Explicit concurrent mark sweep GC freed 3(96B) AllocSpace objects, 0(0B) LOS objects, 29% free, 37MB/53MB, paused 392us total 37.846ms
08-05 12:49:06.542  2955  2980 I art     : Starting a blocking GC Explicit
08-05 12:49:06.550  2416  2416 I ServiceManager: Waiting for service AtCmdFwd...
08-05 12:49:06.579  2955  2980 I art     : Explicit concurrent mark sweep GC freed 3(96B) AllocSpace objects, 0(0B) LOS objects, 29% free, 37MB/53MB, paused 347us total 37.525ms
08-05 12:49:06.594  2955  2980 I art     : Starting a blocking GC Explicit
08-05 12:49:06.632  2955  2980 I art     : Explicit concurrent mark sweep GC freed 3(96B) AllocSpace objects, 0(0B) LOS objects, 29% free, 37MB/53MB, paused 385us total 37.971ms
08-05 12:49:06.786  6585  6585 D AndroidRuntime: >>>>>> START com.android.internal.os.RuntimeInit uid 2000 <<<<<<
08-05 12:49:06.792  6585  6585 D AndroidRuntime: CheckJNI is OFF
08-05 12:49:06.825  6585  6585 D ICU     : No timezone override file found: /data/misc/zoneinfo/current/icu/icu_tzdata.dat
08-05 12:49:06.857  6585  6585 I Radio-JNI: register_android_hardware_Radio DONE
08-05 12:49:06.878  6585  6585 D AndroidRuntime: Calling main entry com.android.commands.input.Input
08-05 12:49:06.880  6585  6585 I Input   : injectMotionEvent: MotionEvent { action=ACTION_DOWN, actionButton=0, id[0]=0, x[0]=1340.0, y[0]=1100.0, toolType[0]=TOOL_TYPE_UNKNOWN, buttonState=0, metaState=0, flags=0x0, edgeFlags=0x0, pointerCount=1, historySize=0, eventTime=794963293, downTime=794963293, deviceId=0, source=0x1002 }
08-05 12:49:06.891  6585  6585 I Input   : injectMotionEvent: MotionEvent { action=ACTION_UP, actionButton=0, id[0]=0, x[0]=1340.0, y[0]=1100.0, toolType[0]=TOOL_TYPE_UNKNOWN, buttonState=0, metaState=0, flags=0x0, edgeFlags=0x0, pointerCount=1, historySize=0, eventTime=794963293, downTime=794963293, deviceId=0, source=0x1002 }
08-05 12:49:06.894  6585  6585 D AndroidRuntime: Shutting down VM
08-05 12:49:06.901   918   929 I ActivityManager: START u0 {dat=https://oauth.reddit.com/... cmp=baseline.org.quantumbadger.redreader/.activities.CommentListingActivity} from uid 10689 on display 0
08-05 12:49:06.901   512  2967 D audio_hw_primary: out_set_parameters: enter: usecase(1: low-latency-playback) kvpairs: routing=2
08-05 12:49:06.914   512  2967 D audio_hw_primary: select_devices: out_snd_device(2: speaker) in_snd_device(0: none)
08-05 12:49:06.914   512  2967 D msm8974_platform: platform_send_audio_calibration: sending audio calibration for snd_device(2) acdb_id(15)
08-05 12:49:06.915   512  2967 I soundtrigger: audio_extn_sound_trigger_update_device_status: device 0x2 of type 0 for Event 1
08-05 12:49:06.928   512  2967 D audio_hw_primary: enable_snd_device: snd_device(2: speaker)
08-05 12:49:06.931   512  2967 D audio_hw_primary: enable_audio_route: apply and update mixer path: low-latency-playback speaker
08-05 12:49:06.932  2955  2955 I AppCompatViewInflater: app:theme is now deprecated. Please move to using android:theme instead.
08-05 12:49:06.948  2955  6136 I CommentListingActivity: COMMENTS session changed to b79b67cf-2640-436d-8c60-05b9391609d0
08-05 12:49:06.963  2955  2980 I art     : Starting a blocking GC Explicit
08-05 12:49:07.008  2955  2980 I art     : Explicit concurrent mark sweep GC freed 10764(592KB) AllocSpace objects, 1(20KB) LOS objects, 29% free, 38MB/54MB, paused 1.156ms total 45.322ms
08-05 12:49:07.025  2955  2980 I art     : Starting a blocking GC Explicit
08-05 12:49:07.025 13866 13866 I GoogleInputMethodServic: GoogleInputMethodService.onFinishInput():3138 
08-05 12:49:07.025   918   936 I ActivityManager: Displayed baseline.org.quantumbadger.redreader/.activities.CommentListingActivity: +112ms
08-05 12:49:07.027 13866 13866 I GoogleInputMethodServic: GoogleInputMethodService.onStartInput():1808 
08-05 12:49:07.084  2955  2980 I art     : Explicit concurrent mark sweep GC freed 15084(821KB) AllocSpace objects, 0(0B) LOS objects, 28% free, 39MB/55MB, paused 593us total 58.496ms
08-05 12:49:07.099  2955  2980 I art     : Starting a blocking GC Explicit
08-05 12:49:07.150  2955  2980 I art     : Explicit concurrent mark sweep GC freed 7489(449KB) AllocSpace objects, 0(0B) LOS objects, 28% free, 40MB/56MB, paused 743us total 51.457ms
08-05 12:49:07.167  2955  2980 I art     : Starting a blocking GC Explicit
08-05 12:49:07.219  2955  2980 I art     : Explicit concurrent mark sweep GC freed 11268(458KB) AllocSpace objects, 0(0B) LOS objects, 28% free, 39MB/55MB, paused 420us total 52.386ms
08-05 12:49:07.237  2955  2980 I art     : Starting a blocking GC Explicit
08-05 12:49:07.278   380   380 W SurfaceFlinger: couldn't log to binary event log: overflow.
08-05 12:49:07.296  2955  2980 I art     : Explicit concurrent mark sweep GC freed 33(2032B) AllocSpace objects, 0(0B) LOS objects, 28% free, 39MB/55MB, paused 331us total 58.786ms
08-05 12:49:07.469   512  2967 D audio_hw_primary: disable_audio_route: reset and update mixer path: low-latency-playback speaker
08-05 12:49:07.470   512  2967 D audio_hw_primary: disable_snd_device: snd_device(2: speaker)
08-05 12:49:07.480   512  2967 I soundtrigger: audio_extn_sound_trigger_update_device_status: device 0x2 of type 0 for Event 0
08-05 12:49:07.550  2416  2416 I ServiceManager: Waiting for service AtCmdFwd...
08-05 12:49:07.611  2955  2980 I art     : Starting a blocking GC Explicit
08-05 12:49:07.666  2955  2980 I art     : Explicit concurrent mark sweep GC freed 1504(87KB) AllocSpace objects, 1(20KB) LOS objects, 28% free, 39MB/55MB, paused 340us total 54.984ms
08-05 12:49:07.683  2955  2980 I art     : Starting a blocking GC Explicit
08-05 12:49:07.733  2955  2980 I art     : Explicit concurrent mark sweep GC freed 24(832B) AllocSpace objects, 0(0B) LOS objects, 28% free, 39MB/55MB, paused 334us total 49.740ms
08-05 12:49:07.749  2955  2980 I art     : Starting a blocking GC Explicit
08-05 12:49:07.793  2955  2980 I art     : Explicit concurrent mark sweep GC freed 3(96B) AllocSpace objects, 0(0B) LOS objects, 28% free, 39MB/55MB, paused 350us total 44.179ms
08-05 12:49:07.810  2955  2980 I art     : Starting a blocking GC Explicit
08-05 12:49:07.861  2955  2980 I art     : Explicit concurrent mark sweep GC freed 3(96B) AllocSpace objects, 0(0B) LOS objects, 28% free, 39MB/55MB, paused 369us total 51.157ms
08-05 12:49:07.877  2955  2980 I art     : Starting a blocking GC Explicit
08-05 12:49:07.925  2955  2980 I art     : Explicit concurrent mark sweep GC freed 3(96B) AllocSpace objects, 0(0B) LOS objects, 28% free, 39MB/55MB, paused 372us total 48.117ms
08-05 12:49:08.244  2955  3034 I art     : Starting a blocking GC Explicit
08-05 12:49:08.311  2955  3034 I art     : Explicit concurrent mark sweep GC freed 1354(82KB) AllocSpace objects, 1(20KB) LOS objects, 28% free, 39MB/55MB, paused 443us total 66.510ms
08-05 12:49:08.331  2955  3034 I art     : Starting a blocking GC Explicit
08-05 12:49:08.385  2955  3034 I art     : Explicit concurrent mark sweep GC freed 66(2528B) AllocSpace objects, 0(0B) LOS objects, 28% free, 39MB/55MB, paused 411us total 53.974ms
08-05 12:49:08.402  2955  3034 I art     : Starting a blocking GC Explicit
08-05 12:49:08.454  2955  3034 I art     : Explicit concurrent mark sweep GC freed 3(96B) AllocSpace objects, 0(0B) LOS objects, 28% free, 39MB/55MB, paused 413us total 51.895ms
08-05 12:49:08.471  2955  3034 I art     : Starting a blocking GC Explicit
08-05 12:49:08.524  2955  3034 I art     : Explicit concurrent mark sweep GC freed 3(96B) AllocSpace objects, 0(0B) LOS objects, 28% free, 39MB/55MB, paused 386us total 52.178ms
08-05 12:49:08.540  2955  3034 I art     : Starting a blocking GC Explicit
08-05 12:49:08.550  2416  2416 I ServiceManager: Waiting for service AtCmdFwd...
08-05 12:49:08.592  2955  3034 I art     : Explicit concurrent mark sweep GC freed 3(96B) AllocSpace objects, 0(0B) LOS objects, 28% free, 39MB/55MB, paused 404us total 51.933ms
08-05 12:49:08.934  2955  2979 I art     : Starting a blocking GC Explicit
08-05 12:49:08.992  2955  2979 I art     : Explicit concurrent mark sweep GC freed 1354(82KB) AllocSpace objects, 1(20KB) LOS objects, 28% free, 39MB/55MB, paused 383us total 58.069ms
08-05 12:49:09.008  2955  2979 I art     : Starting a blocking GC Explicit
08-05 12:49:09.062  2955  2979 I art     : Explicit concurrent mark sweep GC freed 20(704B) AllocSpace objects, 0(0B) LOS objects, 28% free, 39MB/55MB, paused 398us total 53.108ms
08-05 12:49:09.078  2955  2979 I art     : Starting a blocking GC Explicit
08-05 12:49:09.129  2955  2979 I art     : Explicit concurrent mark sweep GC freed 3(96B) AllocSpace objects, 0(0B) LOS objects, 28% free, 39MB/55MB, paused 377us total 50.086ms
08-05 12:49:09.145  2955  2979 I art     : Starting a blocking GC Explicit
08-05 12:49:09.195  2955  2979 I art     : Explicit concurrent mark sweep GC freed 3(96B) AllocSpace objects, 0(0B) LOS objects, 28% free, 39MB/55MB, paused 376us total 50.025ms
08-05 12:49:09.212  2955  2979 I art     : Starting a blocking GC Explicit
08-05 12:49:09.266  2955  2979 I art     : Explicit concurrent mark sweep GC freed 3(96B) AllocSpace objects, 0(0B) LOS objects, 28% free, 39MB/55MB, paused 387us total 53.776ms
08-05 12:49:09.551  2416  2416 I ServiceManager: Waiting for service AtCmdFwd...
08-05 12:49:09.621  2955  2980 I art     : Starting a blocking GC Explicit
08-05 12:49:09.689  2955  2980 I art     : Explicit concurrent mark sweep GC freed 1354(82KB) AllocSpace objects, 1(20KB) LOS objects, 28% free, 39MB/55MB, paused 476us total 67.218ms
08-05 12:49:09.710  2955  2980 I art     : Starting a blocking GC Explicit
08-05 12:49:09.763  2955  2980 I art     : Explicit concurrent mark sweep GC freed 20(704B) AllocSpace objects, 0(0B) LOS objects, 28% free, 39MB/55MB, paused 431us total 52.735ms
08-05 12:49:09.763  2955  2976 I art     : WaitForGcToComplete blocked for 12.604ms for cause HeapTrim
08-05 12:49:09.779  2955  2980 I art     : Starting a blocking GC Explicit
08-05 12:49:09.830  2955  2980 I art     : Explicit concurrent mark sweep GC freed 3(96B) AllocSpace objects, 0(0B) LOS objects, 28% free, 39MB/55MB, paused 393us total 50.374ms
08-05 12:49:09.846  2955  2980 I art     : Starting a blocking GC Explicit
08-05 12:49:09.899  2955  2980 I art     : Explicit concurrent mark sweep GC freed 3(96B) AllocSpace objects, 0(0B) LOS objects, 28% free, 39MB/55MB, paused 364us total 52.257ms
08-05 12:49:09.915  2955  2980 I art     : Starting a blocking GC Explicit
08-05 12:49:09.968  2955  2980 I art     : Explicit concurrent mark sweep GC freed 3(96B) AllocSpace objects, 0(0B) LOS objects, 28% free, 39MB/55MB, paused 388us total 52.595ms
08-05 12:49:10.279  2955  3295 I art     : Starting a blocking GC Explicit
08-05 12:49:10.347  2955  3295 I art     : Explicit concurrent mark sweep GC freed 1354(82KB) AllocSpace objects, 1(20KB) LOS objects, 28% free, 39MB/55MB, paused 456us total 67.583ms
08-05 12:49:10.368  2955  3295 I art     : Starting a blocking GC Explicit
08-05 12:49:10.422  2955  3295 I art     : Explicit concurrent mark sweep GC freed 20(704B) AllocSpace objects, 0(0B) LOS objects, 28% free, 39MB/55MB, paused 412us total 53.832ms
08-05 12:49:10.438  2955  3295 I art     : Starting a blocking GC Explicit
08-05 12:49:10.490  2955  3295 I art     : Explicit concurrent mark sweep GC freed 3(96B) AllocSpace objects, 0(0B) LOS objects, 28% free, 39MB/55MB, paused 393us total 51.320ms
08-05 12:49:10.507  2955  3295 I art     : Starting a blocking GC Explicit
08-05 12:49:10.551  2416  2416 W Atfwd_Sendcmd: AtCmdFwd service not published, waiting... retryCnt : 3
08-05 12:49:10.559  2955  3295 I art     : Explicit concurrent mark sweep GC freed 3(96B) AllocSpace objects, 0(0B) LOS objects, 28% free, 39MB/55MB, paused 426us total 52.350ms
08-05 12:49:10.575  2955  3295 I art     : Starting a blocking GC Explicit
08-05 12:49:10.628  2955  3295 I art     : Explicit concurrent mark sweep GC freed 3(96B) AllocSpace objects, 0(0B) LOS objects, 28% free, 39MB/55MB, paused 391us total 52.840ms
08-05 12:49:10.975  2955  3034 I art     : Starting a blocking GC Explicit
08-05 12:49:11.048  2955  3034 I art     : Explicit concurrent mark sweep GC freed 1354(82KB) AllocSpace objects, 1(20KB) LOS objects, 28% free, 39MB/55MB, paused 442us total 72.140ms
08-05 12:49:11.070  2955  3034 I art     : Starting a blocking GC Explicit
08-05 12:49:11.122  2955  3034 I art     : Explicit concurrent mark sweep GC freed 20(704B) AllocSpace objects, 0(0B) LOS objects, 28% free, 39MB/55MB, paused 354us total 51.603ms
08-05 12:49:11.139  2955  3034 I art     : Starting a blocking GC Explicit
08-05 12:49:11.185  2955  3034 I art     : Explicit concurrent mark sweep GC freed 3(96B) AllocSpace objects, 0(0B) LOS objects, 28% free, 39MB/55MB, paused 364us total 45.802ms
08-05 12:49:11.201  2955  3034 I art     : Starting a blocking GC Explicit
08-05 12:49:11.250  2955  3034 I art     : Explicit concurrent mark sweep GC freed 3(96B) AllocSpace objects, 0(0B) LOS objects, 28% free, 39MB/55MB, paused 405us total 48.870ms
08-05 12:49:11.265  2955  3034 I art     : Starting a blocking GC Explicit
08-05 12:49:11.314  2955  3034 I art     : Explicit concurrent mark sweep GC freed 3(96B) AllocSpace objects, 0(0B) LOS objects, 28% free, 39MB/55MB, paused 377us total 48.778ms
08-05 12:49:11.566  6670  6670 D AndroidRuntime: >>>>>> START com.android.internal.os.RuntimeInit uid 2000 <<<<<<
08-05 12:49:11.571  6670  6670 D AndroidRuntime: CheckJNI is OFF
08-05 12:49:11.606  6670  6670 D ICU     : No timezone override file found: /data/misc/zoneinfo/current/icu/icu_tzdata.dat
08-05 12:49:11.635  2955  2979 I art     : Starting a blocking GC Explicit
08-05 12:49:11.640  6670  6670 I Radio-JNI: register_android_hardware_Radio DONE
08-05 12:49:11.662  6670  6670 D AndroidRuntime: Calling main entry com.android.commands.input.Input
08-05 12:49:11.664  6670  6670 I Input   : injectKeyEvent: KeyEvent { action=ACTION_DOWN, keyCode=KEYCODE_BACK, scanCode=0, metaState=0, flags=0x0, repeatCount=0, eventTime=794968077, downTime=794968077, deviceId=-1, source=0x101 }
08-05 12:49:11.671  6670  6670 I Input   : injectKeyEvent: KeyEvent { action=ACTION_UP, keyCode=KEYCODE_BACK, scanCode=0, metaState=0, flags=0x0, repeatCount=0, eventTime=794968077, downTime=794968077, deviceId=-1, source=0x101 }
08-05 12:49:11.677  6670  6670 D AndroidRuntime: Shutting down VM
08-05 12:49:11.687  2955  2979 I art     : Explicit concurrent mark sweep GC freed 1472(87KB) AllocSpace objects, 1(20KB) LOS objects, 28% free, 39MB/55MB, paused 434us total 51.620ms
08-05 12:49:11.703  2955  2979 I art     : Starting a blocking GC Explicit
08-05 12:49:11.712 13866 13866 I GoogleInputMethodServic: GoogleInputMethodService.onFinishInput():3138 
08-05 12:49:11.712 13866 13866 I GoogleInputMethodServic: GoogleInputMethodService.onStartInput():1808 
08-05 12:49:11.748  2955  2979 I art     : Explicit concurrent mark sweep GC freed 133(4KB) AllocSpace objects, 0(0B) LOS objects, 28% free, 39MB/55MB, paused 425us total 44.565ms
08-05 12:49:11.764  2955  2979 I art     : Starting a blocking GC Explicit
08-05 12:49:11.808  2955  2979 I art     : Explicit concurrent mark sweep GC freed 47(1552B) AllocSpace objects, 0(0B) LOS objects, 28% free, 39MB/55MB, paused 396us total 42.376ms
08-05 12:49:11.823  2955  2979 I art     : Starting a blocking GC Explicit
08-05 12:49:11.873  2955  2979 I art     : Explicit concurrent mark sweep GC freed 3(96B) AllocSpace objects, 0(0B) LOS objects, 28% free, 39MB/55MB, paused 458us total 49.102ms
08-05 12:49:11.888  2955  2979 I art     : Starting a blocking GC Explicit
08-05 12:49:11.916  2955  6609 I RedditChangeDataIO: Writing tmp data file at '/data/user/0/baseline.org.quantumbadger.redreader/files/rr_change_data_tmp.dat'
08-05 12:49:11.916  2955  6609 I RedditChangeDataManager: Taking snapshot...
08-05 12:49:11.916  2955  6609 I RedditChangeDataManager: Writing to stream...
08-05 12:49:11.916  2955  6609 I RedditChangeDataManager: Wrote 6 entries for user ''
08-05 12:49:11.916  2955  6609 I RedditChangeDataManager: All entries written to stream.
08-05 12:49:11.916  2955  6609 I RedditChangeDataIO: Write successful. Atomically replacing data file...
08-05 12:49:11.917  2955  6609 I RedditChangeDataIO: Write complete.
08-05 12:49:11.917  2955  6609 I RedditChangeDataIO: 158 bytes written in 2 ms
08-05 12:49:11.938  2955  2979 I art     : Explicit concurrent mark sweep GC freed 82(4KB) AllocSpace objects, 1(68KB) LOS objects, 28% free, 39MB/55MB, paused 405us total 49.246ms
08-05 12:49:12.033   380   380 W SurfaceFlinger: couldn't log to binary event log: overflow.
08-05 12:49:12.220  2955  3034 I art     : Starting a blocking GC Explicit
08-05 12:49:12.288  2955  3034 I art     : Explicit concurrent mark sweep GC freed 1416(85KB) AllocSpace objects, 1(20KB) LOS objects, 28% free, 39MB/55MB, paused 477us total 67.727ms
08-05 12:49:12.308  2955  3034 I art     : Starting a blocking GC Explicit
08-05 12:49:12.353  2955  3034 I art     : Explicit concurrent mark sweep GC freed 41396(2MB) AllocSpace objects, 5(140KB) LOS objects, 29% free, 37MB/53MB, paused 359us total 44.335ms
08-05 12:49:12.368  2955  3034 I art     : Starting a blocking GC Explicit
08-05 12:49:12.403  2955  3034 I art     : Explicit concurrent mark sweep GC freed 3(96B) AllocSpace objects, 0(0B) LOS objects, 29% free, 37MB/53MB, paused 349us total 34.554ms
08-05 12:49:12.417  2955  3034 I art     : Starting a blocking GC Explicit
08-05 12:49:12.456  2955  3034 I art     : Explicit concurrent mark sweep GC freed 3(96B) AllocSpace objects, 0(0B) LOS objects, 29% free, 37MB/53MB, paused 366us total 38.793ms
08-05 12:49:12.471  2955  3034 I art     : Starting a blocking GC Explicit
08-05 12:49:12.511  2955  3034 I art     : Explicit concurrent mark sweep GC freed 3(96B) AllocSpace objects, 0(0B) LOS objects, 29% free, 37MB/53MB, paused 378us total 39.394ms
08-05 12:49:12.831  2955  2979 I art     : Starting a blocking GC Explicit
08-05 12:49:12.883  2955  2979 I art     : Explicit concurrent mark sweep GC freed 1354(82KB) AllocSpace objects, 1(20KB) LOS objects, 29% free, 37MB/53MB, paused 442us total 51.613ms
08-05 12:49:12.902  2955  2979 I art     : Starting a blocking GC Explicit
08-05 12:49:12.940  2955  2979 I art     : Explicit concurrent mark sweep GC freed 20(704B) AllocSpace objects, 0(0B) LOS objects, 29% free, 37MB/53MB, paused 348us total 38.342ms
08-05 12:49:12.955  2955  2979 I art     : Starting a blocking GC Explicit
08-05 12:49:12.994  2955  2979 I art     : Explicit concurrent mark sweep GC freed 3(96B) AllocSpace objects, 0(0B) LOS objects, 29% free, 37MB/53MB, paused 379us total 38.356ms
08-05 12:49:13.008  2955  2979 I art     : Starting a blocking GC Explicit
08-05 12:49:13.046  2955  2979 I art     : Explicit concurrent mark sweep GC freed 3(96B) AllocSpace objects, 0(0B) LOS objects, 29% free, 37MB/53MB, paused 366us total 38.193ms
08-05 12:49:13.061  2955  2979 I art     : Starting a blocking GC Explicit
08-05 12:49:13.099  2955  2979 I art     : Explicit concurrent mark sweep GC freed 3(96B) AllocSpace objects, 0(0B) LOS objects, 29% free, 37MB/53MB, paused 375us total 37.969ms
08-05 12:49:13.330  6716  6716 D AndroidRuntime: >>>>>> START com.android.internal.os.RuntimeInit uid 2000 <<<<<<
08-05 12:49:13.335  6716  6716 D AndroidRuntime: CheckJNI is OFF
08-05 12:49:13.372  6716  6716 D ICU     : No timezone override file found: /data/misc/zoneinfo/current/icu/icu_tzdata.dat
08-05 12:49:13.395  2955  3295 I art     : Starting a blocking GC Explicit
08-05 12:49:13.406  6716  6716 I Radio-JNI: register_android_hardware_Radio DONE
08-05 12:49:13.428  6716  6716 D AndroidRuntime: Calling main entry com.android.commands.input.Input
08-05 12:49:13.429  6716  6716 I Input   : injectKeyEvent: KeyEvent { action=ACTION_DOWN, keyCode=KEYCODE_BACK, scanCode=0, metaState=0, flags=0x0, repeatCount=0, eventTime=794969842, downTime=794969842, deviceId=-1, source=0x101 }
08-05 12:49:13.434  6716  6716 I Input   : injectKeyEvent: KeyEvent { action=ACTION_UP, keyCode=KEYCODE_BACK, scanCode=0, metaState=0, flags=0x0, repeatCount=0, eventTime=794969842, downTime=794969842, deviceId=-1, source=0x101 }
08-05 12:49:13.435  2955  3295 I art     : Explicit concurrent mark sweep GC freed 1354(82KB) AllocSpace objects, 1(20KB) LOS objects, 29% free, 37MB/53MB, paused 405us total 39.735ms
08-05 12:49:13.441  6716  6716 D AndroidRuntime: Shutting down VM
08-05 12:49:13.450  2955  3295 I art     : Starting a blocking GC Explicit
08-05 12:49:13.477 13866 13866 I GoogleInputMethodServic: GoogleInputMethodService.onFinishInput():3138 
08-05 12:49:13.479 13866 13866 I GoogleInputMethodServic: GoogleInputMethodService.onStartInput():1808 
08-05 12:49:13.488  2955  3295 I art     : Explicit concurrent mark sweep GC freed 133(4KB) AllocSpace objects, 0(0B) LOS objects, 29% free, 37MB/53MB, paused 636us total 37.946ms
08-05 12:49:13.503  2955  3295 I art     : Starting a blocking GC Explicit
08-05 12:49:13.539  2955  3295 I art     : Explicit concurrent mark sweep GC freed 53(1872B) AllocSpace objects, 0(0B) LOS objects, 29% free, 37MB/53MB, paused 341us total 35.843ms
08-05 12:49:13.552  2955  3295 I art     : Starting a blocking GC Explicit
08-05 12:49:13.588  2955  3295 I art     : Explicit concurrent mark sweep GC freed 24(816B) AllocSpace objects, 0(0B) LOS objects, 29% free, 37MB/53MB, paused 333us total 35.276ms
08-05 12:49:13.602  2955  3295 I art     : Starting a blocking GC Explicit
08-05 12:49:13.644  2955  3295 I art     : Explicit concurrent mark sweep GC freed 3(96B) AllocSpace objects, 0(0B) LOS objects, 29% free, 37MB/53MB, paused 421us total 41.545ms
08-05 12:49:13.921  2955  2979 I art     : Starting a blocking GC Explicit
08-05 12:49:13.963  2955  2979 I art     : Explicit concurrent mark sweep GC freed 1412(84KB) AllocSpace objects, 1(20KB) LOS objects, 29% free, 37MB/53MB, paused 409us total 42.228ms
08-05 12:49:13.978  2955  2979 I art     : Starting a blocking GC Explicit
08-05 12:49:14.019  2955  2979 I art     : Explicit concurrent mark sweep GC freed 150(7KB) AllocSpace objects, 0(0B) LOS objects, 29% free, 37MB/53MB, paused 408us total 40.704ms
08-05 12:49:14.033  2955  2979 I art     : Starting a blocking GC Explicit
08-05 12:49:14.074  2955  2979 I art     : Explicit concurrent mark sweep GC freed 3(96B) AllocSpace objects, 0(0B) LOS objects, 29% free, 37MB/53MB, paused 462us total 40.396ms
08-05 12:49:14.089  2955  2979 I art     : Starting a blocking GC Explicit
08-05 12:49:14.131  2955  2979 I art     : Explicit concurrent mark sweep GC freed 3(96B) AllocSpace objects, 0(0B) LOS objects, 29% free, 37MB/53MB, paused 413us total 41.718ms
08-05 12:49:14.146  2955  2979 I art     : Starting a blocking GC Explicit
08-05 12:49:14.188  2955  2979 I art     : Explicit concurrent mark sweep GC freed 3(96B) AllocSpace objects, 0(0B) LOS objects, 29% free, 37MB/53MB, paused 422us total 41.916ms
08-05 12:49:14.503  2955  3034 I art     : Starting a blocking GC Explicit
08-05 12:49:14.556  2955  3034 I art     : Explicit concurrent mark sweep GC freed 1354(82KB) AllocSpace objects, 1(20KB) LOS objects, 29% free, 37MB/53MB, paused 475us total 51.973ms
08-05 12:49:14.576  2955  3034 I art     : Starting a blocking GC Explicit
08-05 12:49:14.617  2955  3034 I art     : Explicit concurrent mark sweep GC freed 20(704B) AllocSpace objects, 0(0B) LOS objects, 29% free, 37MB/53MB, paused 399us total 40.465ms
08-05 12:49:14.631  2955  3034 I art     : Starting a blocking GC Explicit
08-05 12:49:14.671  2955  3034 I art     : Explicit concurrent mark sweep GC freed 3(96B) AllocSpace objects, 0(0B) LOS objects, 29% free, 37MB/53MB, paused 372us total 39.718ms
08-05 12:49:14.686  2955  3034 I art     : Starting a blocking GC Explicit
08-05 12:49:14.726  2955  3034 I art     : Explicit concurrent mark sweep GC freed 3(96B) AllocSpace objects, 0(0B) LOS objects, 29% free, 37MB/53MB, paused 417us total 39.895ms
08-05 12:49:14.740  2955  3034 I art     : Starting a blocking GC Explicit
08-05 12:49:14.779  2955  3034 I art     : Explicit concurrent mark sweep GC freed 3(96B) AllocSpace objects, 0(0B) LOS objects, 29% free, 37MB/53MB, paused 385us total 38.459ms
08-05 12:49:15.079  2955  2980 I art     : Starting a blocking GC Explicit
08-05 12:49:15.089  6760  6760 D AndroidRuntime: >>>>>> START com.android.internal.os.RuntimeInit uid 2000 <<<<<<
08-05 12:49:15.094  6760  6760 D AndroidRuntime: CheckJNI is OFF
08-05 12:49:15.120  2955  2980 I art     : Explicit concurrent mark sweep GC freed 1354(82KB) AllocSpace objects, 1(20KB) LOS objects, 29% free, 37MB/53MB, paused 430us total 40.726ms
08-05 12:49:15.131  6760  6760 D ICU     : No timezone override file found: /data/misc/zoneinfo/current/icu/icu_tzdata.dat
08-05 12:49:15.134  2955  2980 I art     : Starting a blocking GC Explicit
08-05 12:49:15.167  6760  6760 I Radio-JNI: register_android_hardware_Radio DONE
08-05 12:49:15.173  2955  2980 I art     : Explicit concurrent mark sweep GC freed 20(704B) AllocSpace objects, 0(0B) LOS objects, 29% free, 37MB/53MB, paused 422us total 37.866ms
08-05 12:49:15.187  2955  2980 I art     : Starting a blocking GC Explicit
08-05 12:49:15.190  6760  6760 D AndroidRuntime: Calling main entry com.android.commands.input.Input
08-05 12:49:15.192  6760  6760 I Input   : injectMotionEvent: MotionEvent { action=ACTION_DOWN, actionButton=0, id[0]=0, x[0]=600.0, y[0]=1733.0, toolType[0]=TOOL_TYPE_UNKNOWN, buttonState=0, metaState=0, flags=0x0, edgeFlags=0x0, pointerCount=1, historySize=0, eventTime=794971604, downTime=794971604, deviceId=0, source=0x1002 }
08-05 12:49:15.197  6760  6760 I Input   : injectMotionEvent: MotionEvent { action=ACTION_UP, actionButton=0, id[0]=0, x[0]=600.0, y[0]=1733.0, toolType[0]=TOOL_TYPE_UNKNOWN, buttonState=0, metaState=0, flags=0x0, edgeFlags=0x0, pointerCount=1, historySize=0, eventTime=794971604, downTime=794971604, deviceId=0, source=0x1002 }
08-05 12:49:15.198  6760  6760 D AndroidRuntime: Shutting down VM
08-05 12:49:15.206   512  2967 D audio_hw_primary: out_set_parameters: enter: usecase(1: low-latency-playback) kvpairs: routing=2
08-05 12:49:15.207   918  5952 I ActivityManager: START u0 {dat=https://oauth.reddit.com/... cmp=baseline.org.quantumbadger.redreader/.activities.PostListingActivity} from uid 10689 on display 0
08-05 12:49:15.218   512  2967 D audio_hw_primary: select_devices: out_snd_device(2: speaker) in_snd_device(0: none)
08-05 12:49:15.218   512  2967 D msm8974_platform: platform_send_audio_calibration: sending audio calibration for snd_device(2) acdb_id(15)
08-05 12:49:15.219   512  2967 I soundtrigger: audio_extn_sound_trigger_update_device_status: device 0x2 of type 0 for Event 1
08-05 12:49:15.228  2955  2980 I art     : Explicit concurrent mark sweep GC freed 141(7KB) AllocSpace objects, 0(0B) LOS objects, 29% free, 37MB/53MB, paused 587us total 41.062ms
08-05 12:49:15.230  2955  2955 I AppCompatViewInflater: app:theme is now deprecated. Please move to using android:theme instead.
08-05 12:49:15.231   512  2967 D audio_hw_primary: enable_snd_device: snd_device(2: speaker)
08-05 12:49:15.233   512  2967 D audio_hw_primary: enable_audio_route: apply and update mixer path: low-latency-playback speaker
08-05 12:49:15.242  2955  2980 I art     : Starting a blocking GC Explicit
08-05 12:49:15.253  2955  6784 D OK      : calling: https://oauth.reddit.com/r/aww/about.json
08-05 12:49:15.279  2955  2980 I art     : Explicit concurrent mark sweep GC freed 801(71KB) AllocSpace objects, 0(0B) LOS objects, 29% free, 37MB/53MB, paused 488us total 37.268ms
08-05 12:49:15.292  2955  2980 I art     : Starting a blocking GC Explicit
08-05 12:49:15.314   918   936 I ActivityManager: Displayed baseline.org.quantumbadger.redreader/.activities.PostListingActivity: +98ms
08-05 12:49:15.314 13866 13866 I GoogleInputMethodServic: GoogleInputMethodService.onFinishInput():3138 
08-05 12:49:15.315 13866 13866 I GoogleInputMethodServic: GoogleInputMethodService.onStartInput():1808 
08-05 12:49:15.330  2955  2980 I art     : Explicit concurrent mark sweep GC freed 1014(42KB) AllocSpace objects, 0(0B) LOS objects, 29% free, 37MB/53MB, paused 476us total 37.662ms
08-05 12:49:15.541  2955  6784 I NAPPA_EXPERIMENTATION: MetricNetworkRequestExecutionTime: REQUEST_DURATION_SYSTEM='288',REQUEST_DURATION_OKHTTP='157',REQUEST_SYNCHRONOUS='TRUE',RESPONSE_CODE='200',RESPONSE_METHOD='GET',RESPONSE_LENGTH_OKHTTP='-1',RESPONSE_LENGTH_HEADER='3478',REQUEST_PROTOCOL='h2',REQUEST_URL='https://oauth.reddit.com/r/aww/about.json',
08-05 12:49:15.541  2955  6784 D OK      : request got status: 200
08-05 12:49:15.582   380   380 W SurfaceFlinger: couldn't log to binary event log: overflow.
08-05 12:49:15.629  2955  2979 I art     : Starting a blocking GC Explicit
08-05 12:49:15.665  2955  2979 I art     : Explicit concurrent mark sweep GC freed 4870(360KB) AllocSpace objects, 3(156KB) LOS objects, 29% free, 37MB/53MB, paused 379us total 36.046ms
08-05 12:49:15.680  2955  2979 I art     : Starting a blocking GC Explicit
08-05 12:49:15.724  2955  2979 I art     : Explicit concurrent mark sweep GC freed 327(15KB) AllocSpace objects, 0(0B) LOS objects, 29% free, 37MB/53MB, paused 385us total 43.891ms
08-05 12:49:15.737  2955  2979 I art     : Starting a blocking GC Explicit
08-05 12:49:15.769   512  2967 D audio_hw_primary: disable_audio_route: reset and update mixer path: low-latency-playback speaker
08-05 12:49:15.770   512  2967 D audio_hw_primary: disable_snd_device: snd_device(2: speaker)
08-05 12:49:15.774  2955  2979 I art     : Explicit concurrent mark sweep GC freed 4(128B) AllocSpace objects, 0(0B) LOS objects, 29% free, 37MB/53MB, paused 387us total 36.507ms
08-05 12:49:15.778   512  2967 I soundtrigger: audio_extn_sound_trigger_update_device_status: device 0x2 of type 0 for Event 0
08-05 12:49:15.788  2955  2979 I art     : Starting a blocking GC Explicit
08-05 12:49:15.824  2955  2979 I art     : Explicit concurrent mark sweep GC freed 3(96B) AllocSpace objects, 0(0B) LOS objects, 29% free, 37MB/53MB, paused 466us total 35.284ms
08-05 12:49:15.838  2955  2979 I art     : Starting a blocking GC Explicit
08-05 12:49:15.875  2955  2979 I art     : Explicit concurrent mark sweep GC freed 14(544B) AllocSpace objects, 0(0B) LOS objects, 29% free, 37MB/53MB, paused 415us total 36.465ms
08-05 12:49:16.191  2955  3295 I art     : Starting a blocking GC Explicit
08-05 12:49:16.234  2955  3295 I art     : Explicit concurrent mark sweep GC freed 1402(84KB) AllocSpace objects, 1(20KB) LOS objects, 29% free, 37MB/53MB, paused 517us total 42.891ms
08-05 12:49:16.250  2955  3295 I art     : Starting a blocking GC Explicit
08-05 12:49:16.290  2955  3295 I art     : Explicit concurrent mark sweep GC freed 20(704B) AllocSpace objects, 0(0B) LOS objects, 29% free, 37MB/53MB, paused 431us total 40.269ms
08-05 12:49:16.305  2955  3295 I art     : Starting a blocking GC Explicit
08-05 12:49:16.344  2955  3295 I art     : Explicit concurrent mark sweep GC freed 3(96B) AllocSpace objects, 0(0B) LOS objects, 29% free, 37MB/53MB, paused 384us total 39.349ms
08-05 12:49:16.359  2955  3295 I art     : Starting a blocking GC Explicit
08-05 12:49:16.400  2955  3295 I art     : Explicit concurrent mark sweep GC freed 3(96B) AllocSpace objects, 0(0B) LOS objects, 29% free, 37MB/53MB, paused 441us total 40.560ms
08-05 12:49:16.414  2955  3295 I art     : Starting a blocking GC Explicit
08-05 12:49:16.454  2955  6808 D OK      : calling: https://oauth.reddit.com/r/aww/hot/.json
08-05 12:49:16.454  2955  3295 I art     : Explicit concurrent mark sweep GC freed 4(128B) AllocSpace objects, 0(0B) LOS objects, 29% free, 37MB/53MB, paused 693us total 39.564ms
08-05 12:49:16.653  2955  6808 I NAPPA_EXPERIMENTATION: MetricNetworkRequestExecutionTime: REQUEST_DURATION_SYSTEM='198',REQUEST_DURATION_OKHTTP='195',REQUEST_SYNCHRONOUS='TRUE',RESPONSE_CODE='200',RESPONSE_METHOD='GET',RESPONSE_LENGTH_OKHTTP='-1',RESPONSE_LENGTH_HEADER='33430',REQUEST_PROTOCOL='h2',REQUEST_URL='https://oauth.reddit.com/r/aww/hot/.json',
08-05 12:49:16.653  2955  6808 D OK      : request got status: 200
08-05 12:49:16.684  2955  6136 I PostListingFragment: Precaching images: OFF
08-05 12:49:16.685  2955  6136 I PostListingFragment: Precaching comments: OFF
08-05 12:49:16.707  2955  6136 I getImgurImageInfo: Image NSO7Npm: trying API v3 with auth
08-05 12:49:16.781  2955  2979 I art     : Starting a blocking GC Explicit
08-05 12:49:16.825  2955  2979 I art     : Explicit concurrent mark sweep GC freed 24960(1706KB) AllocSpace objects, 67(3MB) LOS objects, 26% free, 43MB/59MB, paused 594us total 43.655ms
08-05 12:49:16.839  2955  2979 I art     : Starting a blocking GC Explicit
08-05 12:49:16.847  2955  5728 I RedditVideosAPI: For 'https://v.redd.it/fkewv2f65kd51/DASHPlaylist.mpd', got video stream 'https://v.redd.it/fkewv2f65kd51/DASH_480' and audio stream 'https://v.redd.it/fkewv2f65kd51/audio'
08-05 12:49:16.849  2955  5728 I RedditVideosAPI: For 'https://v.redd.it/ak6rer1hskd51/DASHPlaylist.mpd', got video stream 'https://v.redd.it/ak6rer1hskd51/DASH_360' and audio stream 'null'
08-05 12:49:16.852  2955  6820 I RedditVideosAPI: For 'https://v.redd.it/h49fg58ygjd51/DASHPlaylist.mpd', got video stream 'https://v.redd.it/h49fg58ygjd51/DASH_480' and audio stream 'null'
08-05 12:49:16.853  2955  6820 I RedditVideosAPI: For 'https://v.redd.it/1ewzkieg0jd51/DASHPlaylist.mpd', got video stream 'https://v.redd.it/1ewzkieg0jd51/DASH_480' and audio stream 'https://v.redd.it/1ewzkieg0jd51/audio'
08-05 12:49:16.854  2955  5728 I RedditVideosAPI: For 'https://v.redd.it/ppmhu2r9thd51/DASHPlaylist.mpd', got video stream 'https://v.redd.it/ppmhu2r9thd51/DASH_480' and audio stream 'null'
08-05 12:49:16.854  2955  6820 I RedditVideosAPI: For 'https://v.redd.it/s9qqadf3mid51/DASHPlaylist.mpd', got video stream 'https://v.redd.it/s9qqadf3mid51/DASH_480' and audio stream 'https://v.redd.it/s9qqadf3mid51/audio'
08-05 12:49:16.855  2955  5728 I RedditVideosAPI: For 'https://v.redd.it/b8vazlcb7ld51/DASHPlaylist.mpd', got video stream 'https://v.redd.it/b8vazlcb7ld51/DASH_480' and audio stream 'https://v.redd.it/b8vazlcb7ld51/audio'
08-05 12:49:16.855  2955  6820 I RedditVideosAPI: For 'https://v.redd.it/ty24o02m1hd51/DASHPlaylist.mpd', got video stream 'https://v.redd.it/ty24o02m1hd51/DASH_480' and audio stream 'null'
08-05 12:49:16.856  2955  5728 I RedditVideosAPI: For 'https://v.redd.it/ar5k8892pid51/DASHPlaylist.mpd', got video stream 'https://v.redd.it/ar5k8892pid51/DASH_360' and audio stream 'https://v.redd.it/ar5k8892pid51/audio'
08-05 12:49:16.880  2955  2979 I art     : Explicit concurrent mark sweep GC freed 24877(1818KB) AllocSpace objects, 28(1828KB) LOS objects, 26% free, 43MB/59MB, paused 810us total 40.059ms
08-05 12:49:16.892  2955  2955 W RecyclerView: Cannot call this method in a scroll callback. Scroll callbacks mightbe run during a measure & layout pass where you cannot change theRecyclerView data. Any method call that might change the structureof the RecyclerView or the adapter contents should be postponed tothe next frame.
08-05 12:49:16.892  2955  2955 W RecyclerView: java.lang.IllegalStateException:  androidx.recyclerview.widget.RecyclerView{8d941d5 VFED..... .F....ID 0,0-1440,2140 #7f0900ef app:id/scrollbar_recyclerview_recyclerview}, adapter:baseline.org.quantumbadger.redreader.adapters.GroupedRecyclerViewAdapter@64e1dea, layout:androidx.recyclerview.widget.LinearLayoutManager@95c38db, context:baseline.org.quantumbadger.redreader.activities.PostListingActivity@8eaa786
08-05 12:49:16.892  2955  2955 W RecyclerView: 	at androidx.recyclerview.widget.RecyclerView.assertNotInLayoutOrScroll(RecyclerView.java:3061)
08-05 12:49:16.892  2955  2955 W RecyclerView: 	at androidx.recyclerview.widget.RecyclerView$RecyclerViewDataObserver.onItemRangeInserted(RecyclerView.java:5555)
08-05 12:49:16.892  2955  2955 W RecyclerView: 	at androidx.recyclerview.widget.RecyclerView$AdapterDataObservable.notifyItemRangeInserted(RecyclerView.java:12278)
08-05 12:49:16.892  2955  2955 W RecyclerView: 	at androidx.recyclerview.widget.RecyclerView$Adapter.notifyItemInserted(RecyclerView.java:7464)
08-05 12:49:16.892  2955  2955 W RecyclerView: 	at baseline.org.quantumbadger.redreader.adapters.GroupedRecyclerViewAdapter.updateHiddenStatus(GroupedRecyclerViewAdapter.java:279)
08-05 12:49:16.892  2955  2955 W RecyclerView: 	at baseline.org.quantumbadger.redreader.adapters.RedditListingManager.setLoadingVisible(RedditListingManager.java:125)
08-05 12:49:16.892  2955  2955 W RecyclerView: 	at baseline.org.quantumbadger.redreader.fragments.PostListingFragment.onLoadMoreItemsCheck(PostListingFragment.java:465)
08-05 12:49:16.892  2955  2955 W RecyclerView: 	at baseline.org.quantumbadger.redreader.fragments.PostListingFragment.access$000(PostListingFragment.java:98)
08-05 12:49:16.892  2955  2955 W RecyclerView: 	at baseline.org.quantumbadger.redreader.fragments.PostListingFragment$2.onScrolled(PostListingFragment.java:215)
08-05 12:49:16.892  2955  2955 W RecyclerView: 	at androidx.recyclerview.widget.RecyclerView.dispatchOnScrolled(RecyclerView.java:5173)
08-05 12:49:16.892  2955  2955 W RecyclerView: 	at androidx.recyclerview.widget.RecyclerView.dispatchLayoutStep3(RecyclerView.java:4231)
08-05 12:49:16.892  2955  2955 W RecyclerView: 	at androidx.recyclerview.widget.RecyclerView.dispatchLayout(RecyclerView.java:3862)
08-05 12:49:16.892  2955  2955 W RecyclerView: 	at androidx.recyclerview.widget.RecyclerView.consumePendingUpdateOperations(RecyclerView.java:1897)
08-05 12:49:16.892  2955  2955 W RecyclerView: 	at androidx.recyclerview.widget.RecyclerView$1.run(RecyclerView.java:414)
08-05 12:49:16.892  2955  2955 W RecyclerView: 	at android.view.Choreographer$CallbackRecord.run(Choreographer.java:858)
08-05 12:49:16.892  2955  2955 W RecyclerView: 	at android.view.Choreographer.doCallbacks(Choreographer.java:670)
08-05 12:49:16.892  2955  2955 W RecyclerView: 	at android.view.Choreographer.doFrame(Choreographer.java:603)
08-05 12:49:16.892  2955  2955 W RecyclerView: 	at android.view.Choreographer$FrameDisplayEventReceiver.run(Choreographer.java:844)
08-05 12:49:16.892  2955  2955 W RecyclerView: 	at android.os.Handler.handleCallback(Handler.java:739)
08-05 12:49:16.892  2955  2955 W RecyclerView: 	at android.os.Handler.dispatchMessage(Handler.java:95)
08-05 12:49:16.892  2955  2955 W RecyclerView: 	at android.os.Looper.loop(Looper.java:148)
08-05 12:49:16.892  2955  2955 W RecyclerView: 	at android.app.ActivityThread.main(ActivityThread.java:5417)
08-05 12:49:16.892  2955  2955 W RecyclerView: 	at java.lang.reflect.Method.invoke(Native Method)
08-05 12:49:16.892  2955  2955 W RecyclerView: 	at com.android.internal.os.ZygoteInit$MethodAndArgsCaller.run(ZygoteInit.java:726)
08-05 12:49:16.892  2955  2955 W RecyclerView: 	at com.android.internal.os.ZygoteInit.main(ZygoteInit.java:616)
08-05 12:49:16.893  2955  2979 I art     : Starting a blocking GC Explicit
08-05 12:49:16.931  2955  2979 I art     : Explicit concurrent mark sweep GC freed 2564(189KB) AllocSpace objects, 2(100KB) LOS objects, 27% free, 43MB/59MB, paused 457us total 37.460ms
08-05 12:49:16.945  2955  2979 I art     : Starting a blocking GC Explicit
08-05 12:49:16.984  2955  2979 I art     : Explicit concurrent mark sweep GC freed 60(2640B) AllocSpace objects, 0(0B) LOS objects, 27% free, 43MB/59MB, paused 434us total 38.640ms
08-05 12:49:16.998  2955  2979 I art     : Starting a blocking GC Explicit
08-05 12:49:17.037  2955  2979 I art     : Explicit concurrent mark sweep GC freed 3(96B) AllocSpace objects, 0(0B) LOS objects, 27% free, 43MB/59MB, paused 453us total 38.821ms
08-05 12:49:17.352  2955  3034 I art     : Starting a blocking GC Explicit
08-05 12:49:17.409  2955  3034 I art     : Explicit concurrent mark sweep GC freed 1733(101KB) AllocSpace objects, 1(20KB) LOS objects, 27% free, 43MB/59MB, paused 568us total 56.053ms
08-05 12:49:17.428  2955  3034 I art     : Starting a blocking GC Explicit
08-05 12:49:17.471  2955  3034 I art     : Explicit concurrent mark sweep GC freed 83(4KB) AllocSpace objects, 0(0B) LOS objects, 27% free, 43MB/59MB, paused 453us total 42.328ms
08-05 12:49:17.486  2955  3034 I art     : Starting a blocking GC Explicit
08-05 12:49:17.531  2955  3034 I art     : Explicit concurrent mark sweep GC freed 3(96B) AllocSpace objects, 0(0B) LOS objects, 27% free, 43MB/59MB, paused 452us total 44.968ms
08-05 12:49:17.547  2955  3034 I art     : Starting a blocking GC Explicit
08-05 12:49:17.591  2955  3034 I art     : Explicit concurrent mark sweep GC freed 3(96B) AllocSpace objects, 0(0B) LOS objects, 27% free, 43MB/59MB, paused 445us total 43.885ms
08-05 12:49:17.606  2955  3034 I art     : Starting a blocking GC Explicit
08-05 12:49:17.650  2955  3034 I art     : Explicit concurrent mark sweep GC freed 3(96B) AllocSpace objects, 0(0B) LOS objects, 27% free, 43MB/59MB, paused 444us total 43.770ms
08-05 12:49:17.656  2955  6832 D OK      : calling: https://oauth.reddit.com/r/aww/hot/.json?after=t3_hz5odc
08-05 12:49:17.877  2955  6832 I NAPPA_EXPERIMENTATION: MetricNetworkRequestExecutionTime: REQUEST_DURATION_SYSTEM='221',REQUEST_DURATION_OKHTTP='217',REQUEST_SYNCHRONOUS='TRUE',RESPONSE_CODE='200',RESPONSE_METHOD='GET',RESPONSE_LENGTH_OKHTTP='-1',RESPONSE_LENGTH_HEADER='30610',REQUEST_PROTOCOL='h2',REQUEST_URL='https://oauth.reddit.com/r/aww/hot/.json?after=t3_hz5odc',
08-05 12:49:17.878  2955  6832 D OK      : request got status: 200
08-05 12:49:17.885  2955  6821 I PostListingFragment: Precaching images: OFF
08-05 12:49:17.886  2955  6821 I PostListingFragment: Precaching comments: OFF
08-05 12:49:17.921  2955  6820 I RedditVideosAPI: For 'https://v.redd.it/syww111dtjd51/DASHPlaylist.mpd', got video stream 'https://v.redd.it/syww111dtjd51/DASH_480' and audio stream 'https://v.redd.it/syww111dtjd51/audio'
08-05 12:49:17.957  2955  6821 I getImgurImageInfo: Image nLQR2hT: trying API v3 with auth
08-05 12:49:18.002  2955  2980 I art     : Starting a blocking GC Explicit
08-05 12:49:18.039  2955  6843 I RedditVideosAPI: For 'https://v.redd.it/ue0jdgk9zhd51/DASHPlaylist.mpd', got video stream 'https://v.redd.it/ue0jdgk9zhd51/DASH_360' and audio stream 'https://v.redd.it/ue0jdgk9zhd51/audio'
08-05 12:49:18.048  2955  2980 I art     : Explicit concurrent mark sweep GC freed 23836(1769KB) AllocSpace objects, 78(4MB) LOS objects, 24% free, 48MB/64MB, paused 459us total 45.844ms
08-05 12:49:18.057  2955  6843 I RedditVideosAPI: For 'https://v.redd.it/pbqrrfb3tkd51/DASHPlaylist.mpd', got video stream 'https://v.redd.it/pbqrrfb3tkd51/DASH_480' and audio stream 'null'
08-05 12:49:18.058  2955  6843 I RedditVideosAPI: For 'https://v.redd.it/rrygsb8i4ld51/DASHPlaylist.mpd', got video stream 'https://v.redd.it/rrygsb8i4ld51/DASH_480' and audio stream 'https://v.redd.it/rrygsb8i4ld51/audio'
08-05 12:49:18.059  2955  6843 I RedditVideosAPI: For 'https://v.redd.it/5x6zzipz8ld51/DASHPlaylist.mpd', got video stream 'https://v.redd.it/5x6zzipz8ld51/DASH_480' and audio stream 'null'
08-05 12:49:18.061  2955  6843 I RedditVideosAPI: For 'https://v.redd.it/75en73fm5id51/DASHPlaylist.mpd', got video stream 'https://v.redd.it/75en73fm5id51/DASH_480' and audio stream 'https://v.redd.it/75en73fm5id51/audio'
08-05 12:49:18.062  2955  6820 I RedditVideosAPI: For 'https://v.redd.it/ggz4fyth6hd51/DASHPlaylist.mpd', got video stream 'https://v.redd.it/ggz4fyth6hd51/DASH_360' and audio stream 'null'
08-05 12:49:18.063  2955  2980 I art     : Starting a blocking GC Explicit
08-05 12:49:18.063  2955  6820 I RedditVideosAPI: For 'https://v.redd.it/psrknoobrgd51/DASHPlaylist.mpd', got video stream 'https://v.redd.it/psrknoobrgd51/DASH_480' and audio stream 'null'
08-05 12:49:18.064  2955  6843 I RedditVideosAPI: For 'https://v.redd.it/jk6cwef4wld51/DASHPlaylist.mpd', got video stream 'https://v.redd.it/jk6cwef4wld51/DASH_480' and audio stream 'null'
08-05 12:49:18.065  2955  6843 I RedditVideosAPI: For 'https://v.redd.it/t81s8zfz9ld51/DASHPlaylist.mpd', got video stream 'https://v.redd.it/t81s8zfz9ld51/DASH_480' and audio stream 'https://v.redd.it/t81s8zfz9ld51/audio'
08-05 12:49:18.065  2955  6820 I RedditVideosAPI: For 'https://v.redd.it/xd6c4yyutgd51/DASHPlaylist.mpd', got video stream 'https://v.redd.it/xd6c4yyutgd51/DASH_480' and audio stream 'null'
08-05 12:49:18.104  2955  2980 I art     : Explicit concurrent mark sweep GC freed 22231(1487KB) AllocSpace objects, 20(1100KB) LOS objects, 24% free, 48MB/64MB, paused 370us total 40.484ms
08-05 12:49:18.119  2955  2980 I art     : Starting a blocking GC Explicit
08-05 12:49:18.161  2955  2980 I art     : Explicit concurrent mark sweep GC freed 173(15KB) AllocSpace objects, 0(0B) LOS objects, 24% free, 48MB/64MB, paused 413us total 42.095ms
08-05 12:49:18.176  2955  2980 I art     : Starting a blocking GC Explicit
08-05 12:49:18.220  2955  2980 I art     : Explicit concurrent mark sweep GC freed 6(192B) AllocSpace objects, 0(0B) LOS objects, 24% free, 48MB/64MB, paused 456us total 43.971ms
08-05 12:49:18.235  2955  2980 I art     : Starting a blocking GC Explicit
08-05 12:49:18.279  2955  2980 I art     : Explicit concurrent mark sweep GC freed 3(96B) AllocSpace objects, 0(0B) LOS objects, 24% free, 48MB/64MB, paused 441us total 44.130ms
08-05 12:49:18.652  2955  3295 I art     : Starting a blocking GC Explicit
08-05 12:49:18.711  2955  3295 I art     : Explicit concurrent mark sweep GC freed 1394(84KB) AllocSpace objects, 1(20KB) LOS objects, 24% free, 48MB/64MB, paused 513us total 58.638ms
08-05 12:49:18.731  2955  3295 I art     : Starting a blocking GC Explicit
08-05 12:49:18.779  2955  3295 I art     : Explicit concurrent mark sweep GC freed 20(704B) AllocSpace objects, 0(0B) LOS objects, 24% free, 48MB/64MB, paused 448us total 47.865ms
08-05 12:49:18.794  2955  3295 I art     : Starting a blocking GC Explicit
08-05 12:49:18.839  2955  3295 I art     : Explicit concurrent mark sweep GC freed 3(96B) AllocSpace objects, 0(0B) LOS objects, 24% free, 48MB/64MB, paused 464us total 44.043ms
08-05 12:49:18.854  2955  3295 I art     : Starting a blocking GC Explicit
08-05 12:49:18.896  2955  3295 I art     : Explicit concurrent mark sweep GC freed 3(96B) AllocSpace objects, 0(0B) LOS objects, 24% free, 48MB/64MB, paused 411us total 41.492ms
08-05 12:49:18.910  2955  3295 I art     : Starting a blocking GC Explicit
08-05 12:49:18.954  2955  3295 I art     : Explicit concurrent mark sweep GC freed 3(96B) AllocSpace objects, 0(0B) LOS objects, 24% free, 48MB/64MB, paused 446us total 43.731ms
08-05 12:49:19.305  2955  2979 I art     : Starting a blocking GC Explicit
08-05 12:49:19.369  2955  2979 I art     : Explicit concurrent mark sweep GC freed 1357(83KB) AllocSpace objects, 1(20KB) LOS objects, 24% free, 48MB/64MB, paused 501us total 64.108ms
08-05 12:49:19.387  2955  2979 I art     : Starting a blocking GC Explicit
08-05 12:49:19.432  2955  2979 I art     : Explicit concurrent mark sweep GC freed 20(704B) AllocSpace objects, 0(0B) LOS objects, 24% free, 48MB/64MB, paused 456us total 45.287ms
08-05 12:49:19.448  2955  2979 I art     : Starting a blocking GC Explicit
08-05 12:49:19.493  2955  2979 I art     : Explicit concurrent mark sweep GC freed 3(96B) AllocSpace objects, 0(0B) LOS objects, 24% free, 48MB/64MB, paused 411us total 45.041ms
08-05 12:49:19.508  2955  2979 I art     : Starting a blocking GC Explicit
08-05 12:49:19.554  2955  2979 I art     : Explicit concurrent mark sweep GC freed 3(96B) AllocSpace objects, 0(0B) LOS objects, 24% free, 48MB/64MB, paused 463us total 45.245ms
08-05 12:49:19.569  2955  2979 I art     : Starting a blocking GC Explicit
08-05 12:49:19.615  2955  2979 I art     : Explicit concurrent mark sweep GC freed 3(96B) AllocSpace objects, 0(0B) LOS objects, 24% free, 48MB/64MB, paused 432us total 45.091ms
08-05 12:49:20.004  2955  3034 I art     : Starting a blocking GC Explicit
08-05 12:49:20.064  2955  3034 I art     : Explicit concurrent mark sweep GC freed 1355(83KB) AllocSpace objects, 1(20KB) LOS objects, 24% free, 48MB/64MB, paused 534us total 58.776ms
08-05 12:49:20.084  2955  3034 I art     : Starting a blocking GC Explicit
08-05 12:49:20.127  2955  3034 I art     : Explicit concurrent mark sweep GC freed 20(704B) AllocSpace objects, 0(0B) LOS objects, 24% free, 48MB/64MB, paused 530us total 43.321ms
08-05 12:49:20.127  2955  2976 I art     : WaitForGcToComplete blocked for 7.000ms for cause HeapTrim
08-05 12:49:20.142  2955  3034 I art     : Starting a blocking GC Explicit
08-05 12:49:20.186  2955  3034 I art     : Explicit concurrent mark sweep GC freed 3(96B) AllocSpace objects, 0(0B) LOS objects, 24% free, 48MB/64MB, paused 455us total 44.030ms
08-05 12:49:20.202  2955  3034 I art     : Starting a blocking GC Explicit
08-05 12:49:20.247  2955  3034 I art     : Explicit concurrent mark sweep GC freed 3(96B) AllocSpace objects, 0(0B) LOS objects, 24% free, 48MB/64MB, paused 436us total 44.526ms
08-05 12:49:20.262  2955  3034 I art     : Starting a blocking GC Explicit
08-05 12:49:20.305  2955  3034 I art     : Explicit concurrent mark sweep GC freed 3(96B) AllocSpace objects, 0(0B) LOS objects, 24% free, 48MB/64MB, paused 513us total 42.864ms
08-05 12:49:20.613  2955  2980 I art     : Starting a blocking GC Explicit
08-05 12:49:20.658  2955  2980 I art     : Explicit concurrent mark sweep GC freed 1359(83KB) AllocSpace objects, 1(20KB) LOS objects, 24% free, 48MB/64MB, paused 574us total 44.099ms
08-05 12:49:20.673  2955  2980 I art     : Starting a blocking GC Explicit
08-05 12:49:20.716  2955  2980 I art     : Explicit concurrent mark sweep GC freed 20(704B) AllocSpace objects, 0(0B) LOS objects, 24% free, 48MB/64MB, paused 439us total 42.737ms
08-05 12:49:20.731  2955  2980 I art     : Starting a blocking GC Explicit
08-05 12:49:20.774  2955  2980 I art     : Explicit concurrent mark sweep GC freed 3(96B) AllocSpace objects, 0(0B) LOS objects, 24% free, 48MB/64MB, paused 450us total 43.646ms
08-05 12:49:20.789  2955  2980 I art     : Starting a blocking GC Explicit
08-05 12:49:20.832  2955  2980 I art     : Explicit concurrent mark sweep GC freed 3(96B) AllocSpace objects, 0(0B) LOS objects, 24% free, 48MB/64MB, paused 453us total 42.615ms
08-05 12:49:20.847  2955  2980 I art     : Starting a blocking GC Explicit
08-05 12:49:20.885  6875  6875 D AndroidRuntime: >>>>>> START com.android.internal.os.RuntimeInit uid 2000 <<<<<<
08-05 12:49:20.889  2955  2980 I art     : Explicit concurrent mark sweep GC freed 3(96B) AllocSpace objects, 0(0B) LOS objects, 24% free, 48MB/64MB, paused 447us total 41.814ms
08-05 12:49:20.890  6875  6875 D AndroidRuntime: CheckJNI is OFF
08-05 12:49:20.924  6875  6875 D ICU     : No timezone override file found: /data/misc/zoneinfo/current/icu/icu_tzdata.dat
08-05 12:49:20.957  6875  6875 I Radio-JNI: register_android_hardware_Radio DONE
08-05 12:49:20.979  6875  6875 D AndroidRuntime: Calling main entry com.android.commands.input.Input
08-05 12:49:20.981  6875  6875 I Input   : injectMotionEvent: MotionEvent { action=ACTION_DOWN, actionButton=0, id[0]=0, x[0]=1340.0, y[0]=1100.0, toolType[0]=TOOL_TYPE_UNKNOWN, buttonState=0, metaState=0, flags=0x0, edgeFlags=0x0, pointerCount=1, historySize=0, eventTime=794977393, downTime=794977393, deviceId=0, source=0x1002 }
08-05 12:49:20.987  6875  6875 I Input   : injectMotionEvent: MotionEvent { action=ACTION_UP, actionButton=0, id[0]=0, x[0]=1340.0, y[0]=1100.0, toolType[0]=TOOL_TYPE_UNKNOWN, buttonState=0, metaState=0, flags=0x0, edgeFlags=0x0, pointerCount=1, historySize=0, eventTime=794977393, downTime=794977393, deviceId=0, source=0x1002 }
08-05 12:49:20.989  6875  6875 D AndroidRuntime: Shutting down VM
08-05 12:49:21.004   512  2967 D audio_hw_primary: out_set_parameters: enter: usecase(1: low-latency-playback) kvpairs: routing=2
08-05 12:49:21.007   918  3696 I ActivityManager: START u0 {dat=https://oauth.reddit.com/... cmp=baseline.org.quantumbadger.redreader/.activities.CommentListingActivity} from uid 10689 on display 0
08-05 12:49:21.017   512  2967 D audio_hw_primary: select_devices: out_snd_device(2: speaker) in_snd_device(0: none)
08-05 12:49:21.017   512  2967 D msm8974_platform: platform_send_audio_calibration: sending audio calibration for snd_device(2) acdb_id(15)
08-05 12:49:21.017   512  2967 I soundtrigger: audio_extn_sound_trigger_update_device_status: device 0x2 of type 0 for Event 1
08-05 12:49:21.027   512  2967 D audio_hw_primary: enable_snd_device: snd_device(2: speaker)
08-05 12:49:21.030   512  2967 D audio_hw_primary: enable_audio_route: apply and update mixer path: low-latency-playback speaker
08-05 12:49:21.031  2955  2955 I AppCompatViewInflater: app:theme is now deprecated. Please move to using android:theme instead.
08-05 12:49:21.048  2955  6821 I CommentListingActivity: COMMENTS session changed to b79b67cf-2640-436d-8c60-05b9391609d0
08-05 12:49:21.136 13866 13866 I GoogleInputMethodServic: GoogleInputMethodService.onFinishInput():3138 
08-05 12:49:21.137   918   936 I ActivityManager: Displayed baseline.org.quantumbadger.redreader/.activities.CommentListingActivity: +121ms
08-05 12:49:21.138 13866 13866 I GoogleInputMethodServic: GoogleInputMethodService.onStartInput():1808 
08-05 12:49:21.181  2955  3295 I art     : Starting a blocking GC Explicit
08-05 12:49:21.236  2955  3295 I art     : Explicit concurrent mark sweep GC freed 32780(1837KB) AllocSpace objects, 1(20KB) LOS objects, 24% free, 50MB/66MB, paused 727us total 54.511ms
08-05 12:49:21.253  2955  3295 I art     : Starting a blocking GC Explicit
08-05 12:49:21.305  2955  3295 I art     : Explicit concurrent mark sweep GC freed 19188(1020KB) AllocSpace objects, 53(10MB) LOS objects, 28% free, 39MB/55MB, paused 383us total 51.780ms
08-05 12:49:21.322  2955  3295 I art     : Starting a blocking GC Explicit
08-05 12:49:21.376  2955  3295 I art     : Explicit concurrent mark sweep GC freed 37(2224B) AllocSpace objects, 0(0B) LOS objects, 28% free, 39MB/55MB, paused 412us total 53.472ms
08-05 12:49:21.395  2955  3295 I art     : Starting a blocking GC Explicit
08-05 12:49:21.396   380   380 W SurfaceFlinger: couldn't log to binary event log: overflow.
08-05 12:49:21.443  2955  3295 I art     : Explicit concurrent mark sweep GC freed 3(96B) AllocSpace objects, 0(0B) LOS objects, 28% free, 39MB/55MB, paused 380us total 48.211ms
08-05 12:49:21.458  2955  3295 I art     : Starting a blocking GC Explicit
08-05 12:49:21.505  2955  3295 I art     : Explicit concurrent mark sweep GC freed 3(96B) AllocSpace objects, 0(0B) LOS objects, 28% free, 39MB/55MB, paused 360us total 46.801ms
08-05 12:49:21.559   512  2967 D audio_hw_primary: disable_audio_route: reset and update mixer path: low-latency-playback speaker
08-05 12:49:21.560   512  2967 D audio_hw_primary: disable_snd_device: snd_device(2: speaker)
08-05 12:49:21.569   512  2967 I soundtrigger: audio_extn_sound_trigger_update_device_status: device 0x2 of type 0 for Event 0
08-05 12:49:21.705  2955  6819 I RedditChangeDataIO: Writing tmp data file at '/data/user/0/baseline.org.quantumbadger.redreader/files/rr_change_data_tmp.dat'
08-05 12:49:21.705  2955  6819 I RedditChangeDataManager: Taking snapshot...
08-05 12:49:21.706  2955  6819 I RedditChangeDataManager: Writing to stream...
08-05 12:49:21.706  2955  6819 I RedditChangeDataManager: Wrote 6 entries for user ''
08-05 12:49:21.706  2955  6819 I RedditChangeDataManager: All entries written to stream.
08-05 12:49:21.706  2955  6819 I RedditChangeDataIO: Write successful. Atomically replacing data file...
08-05 12:49:21.707  2955  6819 I RedditChangeDataIO: Write complete.
08-05 12:49:21.707  2955  6819 I RedditChangeDataIO: 158 bytes written in 3 ms
08-05 12:49:21.825  2955  3034 I art     : Starting a blocking GC Explicit
08-05 12:49:21.881  2955  3034 I art     : Explicit concurrent mark sweep GC freed 1634(95KB) AllocSpace objects, 2(88KB) LOS objects, 28% free, 39MB/55MB, paused 567us total 55.923ms
08-05 12:49:21.898  2955  3034 I art     : Starting a blocking GC Explicit
08-05 12:49:21.948  2955  3034 I art     : Explicit concurrent mark sweep GC freed 27(928B) AllocSpace objects, 0(0B) LOS objects, 28% free, 39MB/55MB, paused 443us total 48.859ms
08-05 12:49:21.964  2955  3034 I art     : Starting a blocking GC Explicit
08-05 12:49:22.013  2955  3034 I art     : Explicit concurrent mark sweep GC freed 3(96B) AllocSpace objects, 0(0B) LOS objects, 28% free, 39MB/55MB, paused 413us total 49.370ms
08-05 12:49:22.029  2955  3034 I art     : Starting a blocking GC Explicit
08-05 12:49:22.079  2955  3034 I art     : Explicit concurrent mark sweep GC freed 3(96B) AllocSpace objects, 0(0B) LOS objects, 28% free, 39MB/55MB, paused 414us total 49.307ms
08-05 12:49:22.095  2955  3034 I art     : Starting a blocking GC Explicit
08-05 12:49:22.146  2955  3034 I art     : Explicit concurrent mark sweep GC freed 3(96B) AllocSpace objects, 0(0B) LOS objects, 28% free, 39MB/55MB, paused 422us total 51.425ms
08-05 12:49:22.462  2955  3295 I art     : Starting a blocking GC Explicit
08-05 12:49:22.529  2955  3295 I art     : Explicit concurrent mark sweep GC freed 1400(84KB) AllocSpace objects, 1(20KB) LOS objects, 28% free, 39MB/55MB, paused 496us total 67.265ms
08-05 12:49:22.553  2955  3295 I art     : Starting a blocking GC Explicit
08-05 12:49:22.604  2955  3295 I art     : Explicit concurrent mark sweep GC freed 20(704B) AllocSpace objects, 0(0B) LOS objects, 28% free, 39MB/55MB, paused 416us total 50.684ms
08-05 12:49:22.621  2955  3295 I art     : Starting a blocking GC Explicit
08-05 12:49:22.673  2955  3295 I art     : Explicit concurrent mark sweep GC freed 3(96B) AllocSpace objects, 0(0B) LOS objects, 28% free, 39MB/55MB, paused 417us total 51.548ms
08-05 12:49:22.689  2955  3295 I art     : Starting a blocking GC Explicit
08-05 12:49:22.742  2955  3295 I art     : Explicit concurrent mark sweep GC freed 3(96B) AllocSpace objects, 0(0B) LOS objects, 28% free, 39MB/55MB, paused 405us total 52.723ms
08-05 12:49:22.759  2955  3295 I art     : Starting a blocking GC Explicit
08-05 12:49:22.811  2955  3295 I art     : Explicit concurrent mark sweep GC freed 3(96B) AllocSpace objects, 0(0B) LOS objects, 28% free, 39MB/55MB, paused 404us total 52.326ms
08-05 12:49:23.160  2955  2979 I art     : Starting a blocking GC Explicit
08-05 12:49:23.228  2955  2979 I art     : Explicit concurrent mark sweep GC freed 1629(126KB) AllocSpace objects, 1(20KB) LOS objects, 28% free, 39MB/55MB, paused 432us total 67.358ms
08-05 12:49:23.248  2955  2979 I art     : Starting a blocking GC Explicit
08-05 12:49:23.302  2955  2979 I art     : Explicit concurrent mark sweep GC freed 85(2880B) AllocSpace objects, 0(0B) LOS objects, 28% free, 39MB/55MB, paused 400us total 53.745ms
08-05 12:49:23.319  2955  2979 I art     : Starting a blocking GC Explicit
08-05 12:49:23.372  2955  2979 I art     : Explicit concurrent mark sweep GC freed 3(96B) AllocSpace objects, 0(0B) LOS objects, 28% free, 39MB/55MB, paused 379us total 53.077ms
08-05 12:49:23.389  2955  2979 I art     : Starting a blocking GC Explicit
08-05 12:49:23.442  2955  2979 I art     : Explicit concurrent mark sweep GC freed 3(96B) AllocSpace objects, 0(0B) LOS objects, 28% free, 39MB/55MB, paused 387us total 53.451ms
08-05 12:49:23.459  2955  2979 I art     : Starting a blocking GC Explicit
08-05 12:49:23.511  2955  2979 I art     : Explicit concurrent mark sweep GC freed 3(96B) AllocSpace objects, 0(0B) LOS objects, 28% free, 39MB/55MB, paused 397us total 52.210ms
08-05 12:49:23.833  2955  2980 I art     : Starting a blocking GC Explicit
08-05 12:49:23.900  2955  2980 I art     : Explicit concurrent mark sweep GC freed 1354(82KB) AllocSpace objects, 1(20KB) LOS objects, 28% free, 39MB/55MB, paused 460us total 66.802ms
08-05 12:49:23.921  2955  2980 I art     : Starting a blocking GC Explicit
08-05 12:49:23.974  2955  2980 I art     : Explicit concurrent mark sweep GC freed 20(704B) AllocSpace objects, 0(0B) LOS objects, 28% free, 39MB/55MB, paused 391us total 52.433ms
08-05 12:49:23.990  2955  2980 I art     : Starting a blocking GC Explicit
08-05 12:49:24.043  2955  2980 I art     : Explicit concurrent mark sweep GC freed 3(96B) AllocSpace objects, 0(0B) LOS objects, 28% free, 39MB/55MB, paused 381us total 52.914ms
08-05 12:49:24.060  2955  2980 I art     : Starting a blocking GC Explicit
08-05 12:49:24.113  2955  2980 I art     : Explicit concurrent mark sweep GC freed 3(96B) AllocSpace objects, 0(0B) LOS objects, 28% free, 39MB/55MB, paused 387us total 52.584ms
08-05 12:49:24.130  2955  2980 I art     : Starting a blocking GC Explicit
08-05 12:49:24.181  2955  2980 I art     : Explicit concurrent mark sweep GC freed 3(96B) AllocSpace objects, 0(0B) LOS objects, 28% free, 39MB/55MB, paused 384us total 51.297ms
08-05 12:49:24.555  2955  3034 I art     : Starting a blocking GC Explicit
08-05 12:49:24.627  2955  3034 I art     : Explicit concurrent mark sweep GC freed 1354(82KB) AllocSpace objects, 1(20KB) LOS objects, 28% free, 39MB/55MB, paused 440us total 71.308ms
08-05 12:49:24.650  2955  3034 I art     : Starting a blocking GC Explicit
08-05 12:49:24.702  2955  3034 I art     : Explicit concurrent mark sweep GC freed 20(704B) AllocSpace objects, 0(0B) LOS objects, 28% free, 39MB/55MB, paused 375us total 52.031ms
08-05 12:49:24.718  2955  3034 I art     : Starting a blocking GC Explicit
08-05 12:49:24.772  2955  3034 I art     : Explicit concurrent mark sweep GC freed 3(96B) AllocSpace objects, 0(0B) LOS objects, 28% free, 39MB/55MB, paused 444us total 52.934ms
08-05 12:49:24.788  2955  3034 I art     : Starting a blocking GC Explicit
08-05 12:49:24.840  2955  3034 I art     : Explicit concurrent mark sweep GC freed 3(96B) AllocSpace objects, 0(0B) LOS objects, 28% free, 39MB/55MB, paused 390us total 51.392ms
08-05 12:49:24.857  2955  3034 I art     : Starting a blocking GC Explicit
08-05 12:49:24.904  2955  3034 I art     : Explicit concurrent mark sweep GC freed 3(96B) AllocSpace objects, 0(0B) LOS objects, 28% free, 39MB/55MB, paused 363us total 47.295ms
08-05 12:49:25.223  2955  3295 I art     : Starting a blocking GC Explicit
08-05 12:49:25.277  2955  3295 I art     : Explicit concurrent mark sweep GC freed 1354(82KB) AllocSpace objects, 1(20KB) LOS objects, 28% free, 39MB/55MB, paused 411us total 53.776ms
08-05 12:49:25.294  2955  3295 I art     : Starting a blocking GC Explicit
08-05 12:49:25.343  2955  3295 I art     : Explicit concurrent mark sweep GC freed 20(704B) AllocSpace objects, 0(0B) LOS objects, 28% free, 39MB/55MB, paused 411us total 49.498ms
08-05 12:49:25.360  2955  3295 I art     : Starting a blocking GC Explicit
08-05 12:49:25.410  2955  3295 I art     : Explicit concurrent mark sweep GC freed 3(96B) AllocSpace objects, 0(0B) LOS objects, 28% free, 39MB/55MB, paused 375us total 50.474ms
08-05 12:49:25.426  2955  3295 I art     : Starting a blocking GC Explicit
08-05 12:49:25.477  2955  3295 I art     : Explicit concurrent mark sweep GC freed 3(96B) AllocSpace objects, 0(0B) LOS objects, 28% free, 39MB/55MB, paused 383us total 50.395ms
08-05 12:49:25.493  2955  3295 I art     : Starting a blocking GC Explicit
08-05 12:49:25.544  2955  3295 I art     : Explicit concurrent mark sweep GC freed 3(96B) AllocSpace objects, 0(0B) LOS objects, 28% free, 39MB/55MB, paused 361us total 50.734ms
08-05 12:49:25.552  2416  2416 I ServiceManager: Waiting for service AtCmdFwd...
08-05 12:49:25.651  6970  6970 D AndroidRuntime: >>>>>> START com.android.internal.os.RuntimeInit uid 2000 <<<<<<
08-05 12:49:25.657  6970  6970 D AndroidRuntime: CheckJNI is OFF
08-05 12:49:25.696  6970  6970 D ICU     : No timezone override file found: /data/misc/zoneinfo/current/icu/icu_tzdata.dat
08-05 12:49:25.729  6970  6970 I Radio-JNI: register_android_hardware_Radio DONE
08-05 12:49:25.750  6970  6970 D AndroidRuntime: Calling main entry com.android.commands.input.Input
08-05 12:49:25.751  6970  6970 I Input   : injectKeyEvent: KeyEvent { action=ACTION_DOWN, keyCode=KEYCODE_BACK, scanCode=0, metaState=0, flags=0x0, repeatCount=0, eventTime=794982164, downTime=794982164, deviceId=-1, source=0x101 }
08-05 12:49:25.758  6970  6970 I Input   : injectKeyEvent: KeyEvent { action=ACTION_UP, keyCode=KEYCODE_BACK, scanCode=0, metaState=0, flags=0x0, repeatCount=0, eventTime=794982164, downTime=794982164, deviceId=-1, source=0x101 }
08-05 12:49:25.764  6970  6970 D AndroidRuntime: Shutting down VM
08-05 12:49:25.798 13866 13866 I GoogleInputMethodServic: GoogleInputMethodService.onFinishInput():3138 
08-05 12:49:25.799 13866 13866 I GoogleInputMethodServic: GoogleInputMethodService.onStartInput():1808 
08-05 12:49:25.856  2955  2979 I art     : Starting a blocking GC Explicit
08-05 12:49:25.899  2955  2979 I art     : Explicit concurrent mark sweep GC freed 1623(92KB) AllocSpace objects, 1(20KB) LOS objects, 28% free, 39MB/55MB, paused 350us total 42.383ms
08-05 12:49:25.916  2955  2979 I art     : Starting a blocking GC Explicit
08-05 12:49:25.970  2955  2979 I art     : Explicit concurrent mark sweep GC freed 24(864B) AllocSpace objects, 0(0B) LOS objects, 28% free, 39MB/55MB, paused 335us total 53.649ms
08-05 12:49:25.992  2955  2979 I art     : Starting a blocking GC Explicit
08-05 12:49:26.051  2955  2979 I art     : Explicit concurrent mark sweep GC freed 3(96B) AllocSpace objects, 0(0B) LOS objects, 28% free, 39MB/55MB, paused 328us total 58.785ms
08-05 12:49:26.073  2955  2979 I art     : Starting a blocking GC Explicit
08-05 12:49:26.118   380   380 W SurfaceFlinger: couldn't log to binary event log: overflow.
08-05 12:49:26.129  2955  2979 I art     : Explicit concurrent mark sweep GC freed 45(1488B) AllocSpace objects, 0(0B) LOS objects, 28% free, 39MB/55MB, paused 362us total 55.983ms
08-05 12:49:26.147  2955  2979 I art     : Starting a blocking GC Explicit
08-05 12:49:26.194  2955  2979 I art     : Explicit concurrent mark sweep GC freed 23(992B) AllocSpace objects, 0(0B) LOS objects, 28% free, 39MB/55MB, paused 364us total 46.315ms
08-05 12:49:26.316   918  3261 D WifiStateMachine: starting scan for "H369AA63323"WPA_PSK with 2412,5180
08-05 12:49:26.520  2955  3034 I art     : Starting a blocking GC Explicit
08-05 12:49:26.553  2416  2416 I ServiceManager: Waiting for service AtCmdFwd...
08-05 12:49:26.579  2955  3034 I art     : Explicit concurrent mark sweep GC freed 42743(2MB) AllocSpace objects, 6(160KB) LOS objects, 29% free, 37MB/53MB, paused 437us total 58.706ms
08-05 12:49:26.599  2955  3034 I art     : Starting a blocking GC Explicit
08-05 12:49:26.637  2955  3034 I art     : Explicit concurrent mark sweep GC freed 20(704B) AllocSpace objects, 0(0B) LOS objects, 29% free, 37MB/53MB, paused 483us total 38.121ms
08-05 12:49:26.651  2955  3034 I art     : Starting a blocking GC Explicit
08-05 12:49:26.689  2955  3034 I art     : Explicit concurrent mark sweep GC freed 3(96B) AllocSpace objects, 0(0B) LOS objects, 29% free, 37MB/53MB, paused 383us total 37.750ms
08-05 12:49:26.704  2955  3034 I art     : Starting a blocking GC Explicit
08-05 12:49:26.744  2955  3034 I art     : Explicit concurrent mark sweep GC freed 3(96B) AllocSpace objects, 0(0B) LOS objects, 29% free, 37MB/53MB, paused 370us total 40.195ms
08-05 12:49:26.759  2955  3034 I art     : Starting a blocking GC Explicit
08-05 12:49:26.799  2955  3034 I art     : Explicit concurrent mark sweep GC freed 3(96B) AllocSpace objects, 0(0B) LOS objects, 29% free, 37MB/53MB, paused 371us total 39.482ms
08-05 12:49:27.097  2955  3295 I art     : Starting a blocking GC Explicit
08-05 12:49:27.137  2955  3295 I art     : Explicit concurrent mark sweep GC freed 1354(82KB) AllocSpace objects, 1(20KB) LOS objects, 29% free, 37MB/53MB, paused 480us total 40.342ms
08-05 12:49:27.153  2955  3295 I art     : Starting a blocking GC Explicit
08-05 12:49:27.191  2955  3295 I art     : Explicit concurrent mark sweep GC freed 20(704B) AllocSpace objects, 0(0B) LOS objects, 29% free, 37MB/53MB, paused 375us total 38.303ms
08-05 12:49:27.206  2955  3295 I art     : Starting a blocking GC Explicit
08-05 12:49:27.245  2955  3295 I art     : Explicit concurrent mark sweep GC freed 3(96B) AllocSpace objects, 0(0B) LOS objects, 29% free, 37MB/53MB, paused 374us total 38.969ms
08-05 12:49:27.259  2955  3295 I art     : Starting a blocking GC Explicit
08-05 12:49:27.299  2955  3295 I art     : Explicit concurrent mark sweep GC freed 3(96B) AllocSpace objects, 0(0B) LOS objects, 29% free, 37MB/53MB, paused 369us total 39.587ms
08-05 12:49:27.313  2955  3295 I art     : Starting a blocking GC Explicit
08-05 12:49:27.352  2955  3295 I art     : Explicit concurrent mark sweep GC freed 3(96B) AllocSpace objects, 0(0B) LOS objects, 29% free, 37MB/53MB, paused 355us total 38.279ms
08-05 12:49:27.431  7010  7010 D AndroidRuntime: >>>>>> START com.android.internal.os.RuntimeInit uid 2000 <<<<<<
08-05 12:49:27.437  7010  7010 D AndroidRuntime: CheckJNI is OFF
08-05 12:49:27.475  7010  7010 D ICU     : No timezone override file found: /data/misc/zoneinfo/current/icu/icu_tzdata.dat
08-05 12:49:27.512  7010  7010 I Radio-JNI: register_android_hardware_Radio DONE
08-05 12:49:27.534  7010  7010 D AndroidRuntime: Calling main entry com.android.commands.input.Input
08-05 12:49:27.535  7010  7010 I Input   : injectKeyEvent: KeyEvent { action=ACTION_DOWN, keyCode=KEYCODE_BACK, scanCode=0, metaState=0, flags=0x0, repeatCount=0, eventTime=794983948, downTime=794983948, deviceId=-1, source=0x101 }
08-05 12:49:27.541  7010  7010 I Input   : injectKeyEvent: KeyEvent { action=ACTION_UP, keyCode=KEYCODE_BACK, scanCode=0, metaState=0, flags=0x0, repeatCount=0, eventTime=794983948, downTime=794983948, deviceId=-1, source=0x101 }
08-05 12:49:27.547  7010  7010 D AndroidRuntime: Shutting down VM
08-05 12:49:27.554  2416  2416 I ServiceManager: Waiting for service AtCmdFwd...
08-05 12:49:27.584 13866 13866 I GoogleInputMethodServic: GoogleInputMethodService.onFinishInput():3138 
08-05 12:49:27.584 13866 13866 I GoogleInputMethodServic: GoogleInputMethodService.onStartInput():1808 
08-05 12:49:27.659  2955  2979 I art     : Starting a blocking GC Explicit
08-05 12:49:27.696  2955  2979 I art     : Explicit concurrent mark sweep GC freed 1533(88KB) AllocSpace objects, 1(20KB) LOS objects, 29% free, 37MB/53MB, paused 312us total 36.325ms
08-05 12:49:27.712  2955  2979 I art     : Starting a blocking GC Explicit
08-05 12:49:27.762  2955  2979 I art     : Explicit concurrent mark sweep GC freed 24(864B) AllocSpace objects, 0(0B) LOS objects, 29% free, 37MB/53MB, paused 468us total 49.500ms
08-05 12:49:27.779  2955  2979 I art     : Starting a blocking GC Explicit
08-05 12:49:27.824  2955  2979 I art     : Explicit concurrent mark sweep GC freed 3(96B) AllocSpace objects, 0(0B) LOS objects, 29% free, 37MB/53MB, paused 410us total 44.958ms
08-05 12:49:27.842  2955  2979 I art     : Starting a blocking GC Explicit
08-05 12:49:27.882  2955  2979 I art     : Explicit concurrent mark sweep GC freed 38(1264B) AllocSpace objects, 0(0B) LOS objects, 29% free, 37MB/53MB, paused 368us total 39.235ms
08-05 12:49:27.898  2955  2979 I art     : Starting a blocking GC Explicit
08-05 12:49:27.937  2955  2979 I art     : Explicit concurrent mark sweep GC freed 23(992B) AllocSpace objects, 0(0B) LOS objects, 29% free, 37MB/53MB, paused 378us total 38.445ms
08-05 12:49:28.253  2955  2980 I art     : Starting a blocking GC Explicit
08-05 12:49:28.307  2955  2980 I art     : Explicit concurrent mark sweep GC freed 1484(89KB) AllocSpace objects, 1(20KB) LOS objects, 29% free, 37MB/53MB, paused 435us total 53.759ms
08-05 12:49:28.322  2955  2980 I art     : Starting a blocking GC Explicit
08-05 12:49:28.362  2955  2980 I art     : Explicit concurrent mark sweep GC freed 20(704B) AllocSpace objects, 0(0B) LOS objects, 29% free, 37MB/53MB, paused 407us total 39.530ms
08-05 12:49:28.376  2955  2980 I art     : Starting a blocking GC Explicit
08-05 12:49:28.418  2955  2980 I art     : Explicit concurrent mark sweep GC freed 3(96B) AllocSpace objects, 0(0B) LOS objects, 29% free, 37MB/53MB, paused 448us total 41.500ms
08-05 12:49:28.433  2955  2980 I art     : Starting a blocking GC Explicit
08-05 12:49:28.475  2955  2980 I art     : Explicit concurrent mark sweep GC freed 3(96B) AllocSpace objects, 0(0B) LOS objects, 29% free, 37MB/53MB, paused 387us total 41.410ms
08-05 12:49:28.489  2955  2980 I art     : Starting a blocking GC Explicit
08-05 12:49:28.531  2955  2980 I art     : Explicit concurrent mark sweep GC freed 3(96B) AllocSpace objects, 0(0B) LOS objects, 29% free, 37MB/53MB, paused 411us total 41.344ms
08-05 12:49:28.555  2416  2416 I ServiceManager: Waiting for service AtCmdFwd...
08-05 12:49:28.858  2955  3295 I art     : Starting a blocking GC Explicit
08-05 12:49:28.899  2955  3295 I art     : Explicit concurrent mark sweep GC freed 1354(82KB) AllocSpace objects, 1(20KB) LOS objects, 29% free, 37MB/53MB, paused 424us total 40.331ms
08-05 12:49:28.913  2955  3295 I art     : Starting a blocking GC Explicit
08-05 12:49:28.952  2955  3295 I art     : Explicit concurrent mark sweep GC freed 20(704B) AllocSpace objects, 0(0B) LOS objects, 29% free, 37MB/53MB, paused 444us total 38.844ms
08-05 12:49:28.966  2955  3295 I art     : Starting a blocking GC Explicit
08-05 12:49:29.005  2955  3295 I art     : Explicit concurrent mark sweep GC freed 3(96B) AllocSpace objects, 0(0B) LOS objects, 29% free, 37MB/53MB, paused 404us total 38.405ms
08-05 12:49:29.019  2955  3295 I art     : Starting a blocking GC Explicit
08-05 12:49:29.058  2955  3295 I art     : Explicit concurrent mark sweep GC freed 3(96B) AllocSpace objects, 0(0B) LOS objects, 29% free, 37MB/53MB, paused 428us total 38.604ms
08-05 12:49:29.072  2955  3295 I art     : Starting a blocking GC Explicit
08-05 12:49:29.111  2955  3295 I art     : Explicit concurrent mark sweep GC freed 3(96B) AllocSpace objects, 0(0B) LOS objects, 29% free, 37MB/53MB, paused 410us total 38.484ms
08-05 12:49:29.265  7063  7063 D AndroidRuntime: >>>>>> START com.android.internal.os.RuntimeInit uid 2000 <<<<<<
08-05 12:49:29.270  7063  7063 D AndroidRuntime: CheckJNI is OFF
08-05 12:49:29.306  7063  7063 D ICU     : No timezone override file found: /data/misc/zoneinfo/current/icu/icu_tzdata.dat
08-05 12:49:29.341  7063  7063 I Radio-JNI: register_android_hardware_Radio DONE
08-05 12:49:29.362  7063  7063 D AndroidRuntime: Calling main entry com.android.commands.am.Am
08-05 12:49:29.368 14749 14749 I Trepn   : Trepn 6.2s: Received intent: com.quicinc.trepn.stop_profiling
08-05 12:49:29.390 14749 14749 I Trepn   : Trepn 6.2s: Trepn has Stopped Profiling.
08-05 12:49:29.433  2955  3034 I art     : Starting a blocking GC Explicit
08-05 12:49:29.473  2955  3034 I art     : Explicit concurrent mark sweep GC freed 1354(82KB) AllocSpace objects, 1(20KB) LOS objects, 29% free, 37MB/53MB, paused 414us total 39.296ms
08-05 12:49:29.487  2955  3034 I art     : Starting a blocking GC Explicit
08-05 12:49:29.510  7063  7063 D AndroidRuntime: Shutting down VM
08-05 12:49:29.514   918  5952 W AppOps  : Finishing op nesting under-run: uid 10078 pkg com.quicinc.trepn code 24 time=0 duration=0 nesting=0
08-05 12:49:29.527  2955  3034 I art     : Explicit concurrent mark sweep GC freed 20(704B) AllocSpace objects, 0(0B) LOS objects, 29% free, 37MB/53MB, paused 525us total 39.756ms
08-05 12:49:29.542  2955  3034 I art     : Starting a blocking GC Explicit
08-05 12:49:29.555  2416  2416 I ServiceManager: Waiting for service AtCmdFwd...
08-05 12:49:29.576  2955  3034 I art     : Explicit concurrent mark sweep GC freed 3(96B) AllocSpace objects, 0(0B) LOS objects, 29% free, 37MB/53MB, paused 364us total 33.611ms
08-05 12:49:29.590  2955  3034 I art     : Starting a blocking GC Explicit
08-05 12:49:29.626  2955  3034 I art     : Explicit concurrent mark sweep GC freed 3(96B) AllocSpace objects, 0(0B) LOS objects, 29% free, 37MB/53MB, paused 379us total 36.362ms
08-05 12:49:29.642  2955  3034 I art     : Starting a blocking GC Explicit
08-05 12:49:29.681  2955  3034 I art     : Explicit concurrent mark sweep GC freed 3(96B) AllocSpace objects, 0(0B) LOS objects, 29% free, 37MB/53MB, paused 405us total 38.732ms
08-05 12:49:29.986  2955  2979 I art     : Starting a blocking GC Explicit
08-05 12:49:30.026  2955  2979 I art     : Explicit concurrent mark sweep GC freed 1354(82KB) AllocSpace objects, 1(20KB) LOS objects, 29% free, 37MB/53MB, paused 376us total 40.100ms
08-05 12:49:30.041  2955  2979 I art     : Starting a blocking GC Explicit
08-05 12:49:30.080  2955  2979 I art     : Explicit concurrent mark sweep GC freed 20(704B) AllocSpace objects, 0(0B) LOS objects, 29% free, 37MB/53MB, paused 357us total 38.222ms
08-05 12:49:30.094  2955  2979 I art     : Starting a blocking GC Explicit
08-05 12:49:30.132  2955  2979 I art     : Explicit concurrent mark sweep GC freed 3(96B) AllocSpace objects, 0(0B) LOS objects, 29% free, 37MB/53MB, paused 373us total 38.298ms
08-05 12:49:30.147  2955  2979 I art     : Starting a blocking GC Explicit
08-05 12:49:30.185  2955  2979 I art     : Explicit concurrent mark sweep GC freed 3(96B) AllocSpace objects, 0(0B) LOS objects, 29% free, 37MB/53MB, paused 364us total 37.885ms
08-05 12:49:30.199  2955  2979 I art     : Starting a blocking GC Explicit
08-05 12:49:30.238  2955  2979 I art     : Explicit concurrent mark sweep GC freed 3(96B) AllocSpace objects, 0(0B) LOS objects, 29% free, 37MB/53MB, paused 416us total 38.016ms
08-05 12:49:30.555  2416  2416 W Atfwd_Sendcmd: AtCmdFwd service not published, waiting... retryCnt : 4
