--------- beginning of main
08-05 03:41:37.361  3784  3784 D CarrierServiceBindHelper: Receive action: android.intent.action.PACKAGE_REMOVED
08-05 03:41:37.364   918   928 I AccountManagerService: getTypesVisibleToCaller: isPermitted? true
08-05 03:41:37.379 17099 17099 I Finsky  : [1] uah.a(18): PackageMonitorReceiverImpl - Received: android.intent.action.PACKAGE_REMOVED, [ocpw8ddNLhG67i_cxGNvtEQwqY1k5QNC_my-vN553D4]
08-05 03:41:37.380 17099 17099 I Finsky  : [1] ubi.d(9): Invalidating cached PackageState for baseline.org.quantumbadger.redreader
08-05 03:41:37.383 17099 17099 I Finsky  : [1] lzi.c(2): Frosting ID looked up on UI thread. Caller should move to a background thread.
08-05 03:41:37.388 24365  7524 I Fitness : FitCleanupIntentOperation received Intent android.intent.action.PACKAGE_REMOVED [CONTEXT service_id=17 ]
08-05 03:41:37.389  3784  3784 D CarrierServiceBindHelper: Receive action: android.intent.action.PACKAGE_ADDED
08-05 03:41:37.389  3784  3784 D CarrierServiceBindHelper: Receive action: android.intent.action.PACKAGE_REPLACED
08-05 03:41:37.390  3784  3784 D CarrierServiceBindHelper: mHandler: 3
08-05 03:41:37.390  3784  3784 D CarrierServiceBindHelper: mHandler: 3
08-05 03:41:37.390  3784  3784 D CarrierServiceBindHelper: mHandler: 3
08-05 03:41:37.390  3784  3784 D CarrierConfigLoader: mHandler: 9 phoneId: 0
08-05 03:41:37.397 17099 17099 I Finsky  : [1] nqb.c(3): Installer: package baseline.org.quantumbadger.redreader was removed. replacing: true
08-05 03:41:37.398 17099 17099 I Finsky  : [1] nra.a(188): Installer: Notifying status update. package=baseline.org.quantumbadger.redreader, status=UNINSTALLED
08-05 03:41:37.420   918  5952 I AccountManagerService: getTypesVisibleToCaller: isPermitted? true
08-05 03:41:37.450 17099 17099 I Finsky  : [1] lzi.c(2): Frosting ID looked up on UI thread. Caller should move to a background thread.
08-05 03:41:37.455 17099  7539 I Finsky  : [6049] ejf.a(-1): Cancelled 0 ongoing asset module downloads for package baseline.org.quantumbadger.redreader due to a concurrent app update.
08-05 03:41:37.465 17099 17099 I Finsky  : [1] nra.a(220): Installer: found apps to install. isMultiUserMode=false, apps=[]
08-05 03:41:37.500 17099 17273 I Finsky  : [5938] odj.b(52): IQ: Notifying installation update. package=baseline.org.quantumbadger.redreader, status=UNINSTALLED
08-05 03:41:37.518 17099 17099 I Finsky  : [1] uah.a(18): PackageMonitorReceiverImpl - Received: android.intent.action.PACKAGE_ADDED, [ocpw8ddNLhG67i_cxGNvtEQwqY1k5QNC_my-vN553D4]
08-05 03:41:37.518 17099 17099 I Finsky  : [1] ubi.d(9): Invalidating cached PackageState for baseline.org.quantumbadger.redreader
08-05 03:41:37.518 24577  7528 I Auth    : [SupervisedAccountIntentOperation] onHandleIntent(): android.intent.action.PACKAGE_ADDED
08-05 03:41:37.521 24577  7533 I ChromeSync: [Sync,SyncIntentOperation] Handling the intent: Intent { act=android.intent.action.PACKAGE_ADDED dat=package:baseline.org.quantumbadger.redreader flg=0x4000010 cmp=com.google.android.gms/.chimera.GmsIntentOperationService (has extras) }.
08-05 03:41:37.525 17099 17099 I Finsky  : [1] lzi.c(2): Frosting ID looked up on UI thread. Caller should move to a background thread.
--------- beginning of system
08-05 03:41:37.537   918  5132 W ActivityManager: Unable to start service Intent { act=com.google.android.gms.auth.key.retrieval.service.START pkg=com.google.android.gms } U=0: not found
08-05 03:41:37.599 17099 17099 I Finsky  : [1] agsx.a(4): Do not start WearSupportService due to Wear service optimization
08-05 03:41:37.601   918  5132 W ActivityManager: Unbind failed: could not find connection for android.os.BinderProxy@abd8022
08-05 03:41:37.614   918  6112 I AccountManagerService: getTypesVisibleToCaller: isPermitted? true
08-05 03:41:37.616 24577  7533 I ChromeSync: [Persistence,AffiliationManager] One of affiliation or grouping data for android://bz0hZa4nAJEtd0n5sRlXG7KAqctUMWVefv7Ki4mh1p6slZ9YO-n9gS9j8m9YCrsIyI2wIxrDHraumF9Y6pBLTA==@baseline.org.quantumbadger.redreader/ was not found. Marking affiliation data as stale...
08-05 03:41:37.619 24577 24621 E GmsClient: unable to connect to service: com.google.android.gms.auth.key.retrieval.service.START on com.google.android.gms
08-05 03:41:37.621 17099  7539 I Finsky  : [6049] ejc.a(-1): Asset module broadcast after update successful for package baseline.org.quantumbadger.redreader. 0 sessions broadcast.
08-05 03:41:37.635 17099 17099 I Finsky  : [1] lzi.c(2): Frosting ID looked up on UI thread. Caller should move to a background thread.
08-05 03:41:37.637 17099  7527 I Finsky  : [6047] lyv.run(-1): Wrote row to frosting DB: 2642
08-05 03:41:37.724 17099  7535 I Finsky  : [6048] gzn.a(-1): [ContentSync] finished, scheduled=false
08-05 03:41:37.739 17099 17273 I Finsky  : [5938] odj.b(40): IQ: No matching installs to run for jobs: []
08-05 03:41:37.744   918  6110 I AccountManagerService: getTypesVisibleToCaller: isPermitted? true
08-05 03:41:37.774 17099  7527 I Finsky  : [6047] lyv.run(-1): Wrote row to frosting DB: 2643
08-05 03:41:37.827 17099  7527 I Finsky  : [6047] lyv.run(-1): Wrote row to frosting DB: 2644
08-05 03:41:37.832 24577 13294 I Icing   : IndexChimeraService.getServiceInterface callingPackage=com.google.android.gms componentName=AppsCorpus serviceId=36
08-05 03:41:37.871 17099 17099 I Finsky  : [1] xmu.a(8): SCH: Jobs in database: 1-1337 3-201 3-202 12-1 24-77777777 26-1414141414 
08-05 03:41:37.873 17099 17099 I Finsky  : [1] xio.a(57): SCH: ConstraintMapping: 24-77777777,  -> L: 0ms, D: 62902647ms, C: false, I: true, N: 0
08-05 03:41:37.874 17099 17099 I Finsky  : [1] xio.a(57): SCH: ConstraintMapping: 1-1337, 12-1,  -> L: 14570ms, D: 66255035ms, C: false, I: false, N: 1
08-05 03:41:37.874 17099 17099 I Finsky  : [1] xio.a(57): SCH: ConstraintMapping: 3-201,  -> L: 0ms, D: 82996550ms, C: false, I: true, N: 2
08-05 03:41:37.875 17099 17099 I Finsky  : [1] xio.a(57): SCH: ConstraintMapping: 3-202,  -> L: 0ms, D: 82996615ms, C: true, I: true, N: 2
08-05 03:41:37.875 17099 17099 I Finsky  : [1] xio.a(57): SCH: ConstraintMapping: 26-1414141414,  -> L: 27692520ms, D: 28592520ms, C: false, I: false, N: 0
08-05 03:41:37.877 17099  7535 I Finsky  : [6048] gzn.a(-1): [ContentSync] finished, scheduled=true
08-05 03:41:37.885  7552  7552 D AndroidRuntime: >>>>>> START com.android.internal.os.RuntimeInit uid 2000 <<<<<<
08-05 03:41:37.889  7552  7552 D AndroidRuntime: CheckJNI is OFF
08-05 03:41:37.890 17099 17099 I Finsky  : [1] xle.a(34): Cancelling existing jobscheduler jobs: 9003 9005 9007 9000 9004 9010 9011 9002 9009 9012 
08-05 03:41:37.891 17099 17099 I Finsky  : [1] xle.a(27): Scheduling job Id: 9001, L: 0, D: 62902647, C: false, I: true, N: 0
08-05 03:41:37.893 17099 17099 I Finsky  : [1] xle.a(27): Scheduling job Id: 9006, L: 14570, D: 66255035, C: false, I: false, N: 1
08-05 03:41:37.896 17099 17099 I Finsky  : [1] xle.a(27): Scheduling job Id: 9008, L: 0, D: 82996550, C: false, I: true, N: 2
08-05 03:41:37.898 17099 17099 I Finsky  : [1] xle.a(27): Scheduling job Id: 9013, L: 0, D: 82996615, C: true, I: true, N: 2
08-05 03:41:37.899 17099 17099 I Finsky  : [1] xle.a(27): Scheduling job Id: 9014, L: 27692520, D: 28592520, C: false, I: false, N: 0
08-05 03:41:37.901 17099 17099 I Finsky  : [1] xle.a(27): Scheduling job Id: 9015, L: 0, D: 62902647, C: false, I: true, N: 0
08-05 03:41:37.904 17099 17099 I Finsky  : [1] xle.a(27): Scheduling job Id: 9016, L: 14570, D: 66255035, C: false, I: false, N: 1
08-05 03:41:37.906 17099 17099 I Finsky  : [1] xle.a(27): Scheduling job Id: 9017, L: 0, D: 82996550, C: false, I: true, N: 2
08-05 03:41:37.907 17099  7527 I Finsky  : [6047] lyv.run(-1): Wrote row to frosting DB: 2645
08-05 03:41:37.908 17099 17099 I Finsky  : [1] xle.a(27): Scheduling job Id: 9018, L: 0, D: 82996615, C: true, I: true, N: 2
08-05 03:41:37.910 17099 17099 I Finsky  : [1] xle.a(27): Scheduling job Id: 9019, L: 27692520, D: 28592520, C: false, I: false, N: 0
08-05 03:41:37.915  7552  7552 D ICU     : No timezone override file found: /data/misc/zoneinfo/current/icu/icu_tzdata.dat
08-05 03:41:37.917   918  5132 I AccountManagerService: getTypesVisibleToCaller: isPermitted? true
08-05 03:41:37.940  7552  7552 I Radio-JNI: register_android_hardware_Radio DONE
08-05 03:41:37.953 24577 10434 W Icing   : No valid account for uploading user actions
08-05 03:41:37.955  7552  7552 D AndroidRuntime: Calling main entry com.android.commands.monkey.Monkey
08-05 03:41:37.971   918   931 W BroadcastQueue: Skipping deliver [background] BroadcastRecord{83544a6 u-1 android.net.conn.CONNECTIVITY_CHANGE} to ReceiverList{a0d1a94 7552 (unknown name)/2000/u-1 remote:b339d0b}: process crashing
08-05 03:41:37.973 24577 13336 I Icing   : IndexChimeraService.getServiceInterface callingPackage=com.google.android.gms componentName=null serviceId=30
08-05 03:41:37.994   918   929 I ActivityManager: START u0 {act=android.intent.action.MAIN cat=[android.intent.category.LAUNCHER] flg=0x10200000 cmp=baseline.org.quantumbadger.redreader/.activities.MainActivity} from uid 2000 on display 0
08-05 03:41:38.015 24577 10434 I Icing   : Usage reports ok 1, Failed Usage reports 0, indexed 0, rejected 0
08-05 03:41:38.021   918  5481 I ActivityManager: Start proc 7568:baseline.org.quantumbadger.redreader/u0a689 for activity baseline.org.quantumbadger.redreader/.activities.MainActivity
08-05 03:41:38.022 24577 10434 W Icing   : No valid account for uploading user actions
08-05 03:41:38.023  7568  7568 I art     : Late-enabling -Xcheck:jni
08-05 03:41:38.039  7552  7552 I art     : System.exit called, status: 0
08-05 03:41:38.039 24577 10434 I Icing   : Usage reports ok 0, Failed Usage reports 0, indexed 0, rejected 0
08-05 03:41:38.039  7552  7552 I AndroidRuntime: VM exiting with result code 0.
08-05 03:41:38.040 24577 10434 I Icing   : Indexing com.google.android.gms-internal.3p:MobileApplication from com.google.android.gms using seqno 763
08-05 03:41:38.044 24577 10434 I Icing   : Indexing com.google.android.gms-internal.3p:MobileApplication from com.google.android.gms using seqno 763
08-05 03:41:38.090  7568  7568 W System  : ClassLoader referenced unknown path: /data/app/baseline.org.quantumbadger.redreader-2/lib/arm64
08-05 03:41:38.092 24577 13336 I Icing   : IndexChimeraService.getServiceInterface callingPackage=com.google.android.gms componentName=null serviceId=36
08-05 03:41:38.097 24577 10434 W Icing   : No valid account for uploading user actions
08-05 03:41:38.102  7568  7568 I RedReader: Application created.
08-05 03:41:38.104   719 23718 I PBSessionCacheImpl: Deleted sessionId[3163792008073881] from persistence.
08-05 03:41:38.109  7568  7585 I RedditChangeDataIO: Running initial read...
08-05 03:41:38.111   719   760 W SearchServiceCore: Abort, client detached.
08-05 03:41:38.111  7568  7568 I RedReader: Checking for new messages.
08-05 03:41:38.111   719   760 I MicroDetectionState: Should stop hotword detection immediately - true
08-05 03:41:38.115  7568  7585 I RedditChangeDataIO: Data file at '/data/user/0/baseline.org.quantumbadger.redreader/files/rr_change_data.dat'
08-05 03:41:38.115  7568  7585 I RedditChangeDataIO: Data file does not exist. Aborting read.
08-05 03:41:38.115  7568  7585 I RedditChangeDataManager: Pruning for all users...
08-05 03:41:38.116  7568  7585 I RedditChangeDataManager: Pruning complete.
08-05 03:41:38.144 24577 10434 I Icing   : Usage reports ok 1, Failed Usage reports 0, indexed 0, rejected 0
08-05 03:41:38.206  7568  7568 W art     : Before Android 4.1, method android.graphics.PorterDuffColorFilter androidx.vectordrawable.graphics.drawable.VectorDrawableCompat.updateTintFilter(android.graphics.PorterDuffColorFilter, android.content.res.ColorStateList, android.graphics.PorterDuff$Mode) would have incorrectly overridden the package-private method in android.graphics.drawable.Drawable
08-05 03:41:38.229  7568  7568 I art     : Rejecting re-init on previously-failed class java.lang.Class<androidx.core.view.ViewCompat$2>
08-05 03:41:38.229  7568  7568 I art     : Rejecting re-init on previously-failed class java.lang.Class<androidx.core.view.ViewCompat$2>
08-05 03:41:38.242  7568  7584 I CacheManager: Pruning 108 files
08-05 03:41:38.242  7568  7568 I AppCompatViewInflater: app:theme is now deprecated. Please move to using android:theme instead.
08-05 03:41:38.503  7568  7568 I RawObjectDB query string: CREATE TABLE objects(RawObjectDB_id TEXT PRIMARY KEY ON CONFLICT REPLACE,RawObjectDB_timestamp INTEGER,serialised TEXT)
08-05 03:41:38.565  7568  7568 I RawObjectDB query string: CREATE TABLE objects(RawObjectDB_id TEXT PRIMARY KEY ON CONFLICT REPLACE,RawObjectDB_timestamp INTEGER,serialised TEXT)
08-05 03:41:38.697  7568  7587 D OpenGLRenderer: Use EGL_SWAP_BEHAVIOR_PRESERVED: true
08-05 03:41:38.749  7568  7587 I Adreno  : QUALCOMM build                   : fcf4852, I1af360237c
08-05 03:41:38.749  7568  7587 I Adreno  : Build Date                       : 09/23/15
08-05 03:41:38.749  7568  7587 I Adreno  : OpenGL ES Shader Compiler Version: XE031.05.13.02
08-05 03:41:38.749  7568  7587 I Adreno  : Local Branch                     : mybranch14465806
08-05 03:41:38.749  7568  7587 I Adreno  : Remote Branch                    : quic/LA.BF64.1.2.9_v2
08-05 03:41:38.749  7568  7587 I Adreno  : Remote Branch                    : NONE
08-05 03:41:38.749  7568  7587 I Adreno  : Reconstruct Branch               : NOTHING
08-05 03:41:38.758  7568  7587 I OpenGLRenderer: Initialized EGL, version 1.4
08-05 03:41:39.020 24577 10434 I Icing   : Indexing com.google.android.gms-apps from com.google.android.gms
08-05 03:41:39.029   918  3261 D WifiStateMachine: starting scan for "H369AA63323"WPA_PSK with 2412,5180
08-05 03:41:39.103   918   936 I ActivityManager: Displayed baseline.org.quantumbadger.redreader/.activities.MainActivity: +1s97ms
08-05 03:41:39.118 24577 10434 I Icing   : Indexing done com.google.android.gms-apps
08-05 03:41:39.592  7603  7603 D AndroidRuntime: >>>>>> START com.android.internal.os.RuntimeInit uid 2000 <<<<<<
08-05 03:41:39.598  7603  7603 D AndroidRuntime: CheckJNI is OFF
08-05 03:41:39.629  7603  7603 D ICU     : No timezone override file found: /data/misc/zoneinfo/current/icu/icu_tzdata.dat
08-05 03:41:39.666  7603  7603 I Radio-JNI: register_android_hardware_Radio DONE
08-05 03:41:39.685  7603  7603 D AndroidRuntime: Calling main entry com.android.commands.am.Am
08-05 03:41:39.696 24044 24044 I Trepn   : Trepn 6.2s: Received intent: com.quicinc.trepn.start_profiling
08-05 03:41:39.861 24044 24044 W FileUtils: Failed to chmod(/storage/emulated/0/trepn/Trepn_2020.08.05_034139.db): android.system.ErrnoException: chmod failed: EPERM (Operation not permitted)
08-05 03:41:40.026 24044 24044 I Trepn   : Trepn 6.2s: Trepn has Started Profiling.
08-05 03:41:40.028  7603  7603 D AndroidRuntime: Shutting down VM
08-05 03:41:40.521  7568  7589 I art     : Starting a blocking GC Explicit
08-05 03:41:40.542  7568  7589 I art     : Explicit concurrent mark sweep GC freed 8747(1062KB) AllocSpace objects, 8(216KB) LOS objects, 40% free, 20MB/34MB, paused 146us total 20.842ms
08-05 03:41:40.552  7568  7589 I art     : Starting a blocking GC Explicit
08-05 03:41:40.565  7568  7589 I art     : Explicit concurrent mark sweep GC freed 1407(67KB) AllocSpace objects, 0(0B) LOS objects, 40% free, 20MB/34MB, paused 143us total 12.069ms
08-05 03:41:40.575  7568  7589 I art     : Starting a blocking GC Explicit
08-05 03:41:40.588  7568  7589 I art     : Explicit concurrent mark sweep GC freed 5(160B) AllocSpace objects, 0(0B) LOS objects, 40% free, 20MB/34MB, paused 223us total 13.082ms
08-05 03:41:40.597  7568  7589 I art     : Starting a blocking GC Explicit
08-05 03:41:40.608  7568  7589 I art     : Explicit concurrent mark sweep GC freed 3(96B) AllocSpace objects, 0(0B) LOS objects, 40% free, 20MB/34MB, paused 106us total 10.986ms
08-05 03:41:40.616  7568  7589 I art     : Starting a blocking GC Explicit
08-05 03:41:40.627  7568  7589 I art     : Explicit concurrent mark sweep GC freed 3(96B) AllocSpace objects, 0(0B) LOS objects, 40% free, 20MB/34MB, paused 131us total 10.387ms
08-05 03:41:40.924  7568  7581 I art     : Starting a blocking GC Explicit
08-05 03:41:40.944  7568  7581 I art     : Explicit concurrent mark sweep GC freed 1337(78KB) AllocSpace objects, 1(20KB) LOS objects, 40% free, 20MB/34MB, paused 174us total 19.933ms
08-05 03:41:40.958  7568  7581 I art     : Starting a blocking GC Explicit
08-05 03:41:40.972  7568  7581 I art     : Explicit concurrent mark sweep GC freed 20(704B) AllocSpace objects, 0(0B) LOS objects, 40% free, 20MB/34MB, paused 113us total 13.283ms
08-05 03:41:40.980  7568  7581 I art     : Starting a blocking GC Explicit
08-05 03:41:40.990  7568  7581 I art     : Explicit concurrent mark sweep GC freed 3(96B) AllocSpace objects, 0(0B) LOS objects, 40% free, 20MB/34MB, paused 125us total 9.557ms
08-05 03:41:40.997  7568  7581 I art     : Starting a blocking GC Explicit
08-05 03:41:41.007  7568  7581 I art     : Explicit concurrent mark sweep GC freed 3(96B) AllocSpace objects, 0(0B) LOS objects, 40% free, 20MB/34MB, paused 121us total 9.395ms
08-05 03:41:41.014  7568  7581 I art     : Starting a blocking GC Explicit
08-05 03:41:41.024  7568  7581 I art     : Explicit concurrent mark sweep GC freed 3(96B) AllocSpace objects, 0(0B) LOS objects, 40% free, 20MB/34MB, paused 110us total 9.387ms
08-05 03:41:41.318  7568  7579 I art     : Starting a blocking GC Explicit
08-05 03:41:41.331  7568  7579 I art     : Explicit concurrent mark sweep GC freed 1333(78KB) AllocSpace objects, 1(20KB) LOS objects, 40% free, 20MB/34MB, paused 130us total 12.618ms
08-05 03:41:41.339  7568  7579 I art     : Starting a blocking GC Explicit
08-05 03:41:41.350  7568  7579 I art     : Explicit concurrent mark sweep GC freed 20(704B) AllocSpace objects, 0(0B) LOS objects, 40% free, 20MB/34MB, paused 132us total 11.016ms
08-05 03:41:41.359  7568  7579 I art     : Starting a blocking GC Explicit
08-05 03:41:41.369  7568  7579 I art     : Explicit concurrent mark sweep GC freed 3(96B) AllocSpace objects, 0(0B) LOS objects, 40% free, 20MB/34MB, paused 128us total 10.578ms
08-05 03:41:41.378  7568  7579 I art     : Starting a blocking GC Explicit
08-05 03:41:41.388  7568  7579 I art     : Explicit concurrent mark sweep GC freed 3(96B) AllocSpace objects, 0(0B) LOS objects, 40% free, 20MB/34MB, paused 109us total 10.455ms
08-05 03:41:41.396  7568  7579 I art     : Starting a blocking GC Explicit
08-05 03:41:41.406  7568  7579 I art     : Explicit concurrent mark sweep GC freed 3(96B) AllocSpace objects, 0(0B) LOS objects, 40% free, 20MB/34MB, paused 112us total 10.088ms
08-05 03:41:41.701  7568  7589 I art     : Starting a blocking GC Explicit
08-05 03:41:41.718  7568  7589 I art     : Explicit concurrent mark sweep GC freed 1333(78KB) AllocSpace objects, 1(20KB) LOS objects, 40% free, 20MB/34MB, paused 144us total 17.146ms
08-05 03:41:41.728  7568  7589 I art     : Starting a blocking GC Explicit
08-05 03:41:41.740  7568  7589 I art     : Explicit concurrent mark sweep GC freed 20(704B) AllocSpace objects, 0(0B) LOS objects, 40% free, 20MB/34MB, paused 136us total 11.336ms
08-05 03:41:41.749  7568  7589 I art     : Starting a blocking GC Explicit
08-05 03:41:41.759  7568  7589 I art     : Explicit concurrent mark sweep GC freed 3(96B) AllocSpace objects, 0(0B) LOS objects, 40% free, 20MB/34MB, paused 127us total 10.005ms
08-05 03:41:41.767  7568  7589 I art     : Starting a blocking GC Explicit
08-05 03:41:41.778  7568  7589 I art     : Explicit concurrent mark sweep GC freed 3(96B) AllocSpace objects, 0(0B) LOS objects, 40% free, 20MB/34MB, paused 119us total 10.380ms
08-05 03:41:41.786  7568  7589 I art     : Starting a blocking GC Explicit
08-05 03:41:41.796  7568  7589 I art     : Explicit concurrent mark sweep GC freed 3(96B) AllocSpace objects, 0(0B) LOS objects, 40% free, 20MB/34MB, paused 134us total 10.174ms
08-05 03:41:42.081  7568  7581 I art     : Starting a blocking GC Explicit
08-05 03:41:42.094  7568  7581 I art     : Explicit concurrent mark sweep GC freed 1333(78KB) AllocSpace objects, 1(20KB) LOS objects, 40% free, 20MB/34MB, paused 150us total 13.210ms
08-05 03:41:42.104  7568  7581 I art     : Starting a blocking GC Explicit
08-05 03:41:42.119  7568  7581 I art     : Explicit concurrent mark sweep GC freed 20(704B) AllocSpace objects, 0(0B) LOS objects, 40% free, 20MB/34MB, paused 168us total 14.265ms
08-05 03:41:42.129  7568  7581 I art     : Starting a blocking GC Explicit
08-05 03:41:42.140  7568  7581 I art     : Explicit concurrent mark sweep GC freed 3(96B) AllocSpace objects, 0(0B) LOS objects, 40% free, 20MB/34MB, paused 125us total 10.717ms
08-05 03:41:42.148  7568  7581 I art     : Starting a blocking GC Explicit
08-05 03:41:42.159  7568  7581 I art     : Explicit concurrent mark sweep GC freed 3(96B) AllocSpace objects, 0(0B) LOS objects, 40% free, 20MB/34MB, paused 116us total 10.437ms
08-05 03:41:42.167  7568  7581 I art     : Starting a blocking GC Explicit
08-05 03:41:42.178  7568  7581 I art     : Explicit concurrent mark sweep GC freed 3(96B) AllocSpace objects, 0(0B) LOS objects, 40% free, 20MB/34MB, paused 124us total 11.002ms
08-05 03:41:42.483  7568  7579 I art     : Starting a blocking GC Explicit
08-05 03:41:42.503  7568  7579 I art     : Explicit concurrent mark sweep GC freed 1334(78KB) AllocSpace objects, 1(20KB) LOS objects, 40% free, 20MB/34MB, paused 181us total 19.786ms
08-05 03:41:42.516  7568  7579 I art     : Starting a blocking GC Explicit
08-05 03:41:42.529  7568  7579 I art     : Explicit concurrent mark sweep GC freed 20(704B) AllocSpace objects, 0(0B) LOS objects, 40% free, 20MB/34MB, paused 115us total 13.005ms
08-05 03:41:42.537  7568  7579 I art     : Starting a blocking GC Explicit
08-05 03:41:42.548  7568  7579 I art     : Explicit concurrent mark sweep GC freed 3(96B) AllocSpace objects, 0(0B) LOS objects, 40% free, 20MB/34MB, paused 115us total 10.703ms
08-05 03:41:42.556  7568  7579 I art     : Starting a blocking GC Explicit
08-05 03:41:42.567  7568  7579 I art     : Explicit concurrent mark sweep GC freed 3(96B) AllocSpace objects, 0(0B) LOS objects, 40% free, 20MB/34MB, paused 124us total 10.590ms
08-05 03:41:42.575  7568  7579 I art     : Starting a blocking GC Explicit
08-05 03:41:42.586  7568  7579 I art     : Explicit concurrent mark sweep GC freed 3(96B) AllocSpace objects, 0(0B) LOS objects, 40% free, 20MB/34MB, paused 111us total 10.698ms
08-05 03:41:42.748 24577  7526 W art     : No such thread id for suspend: 201
08-05 03:41:42.889  7568  7589 I art     : Starting a blocking GC Explicit
08-05 03:41:42.906  7568  7589 I art     : Explicit concurrent mark sweep GC freed 1334(78KB) AllocSpace objects, 1(20KB) LOS objects, 40% free, 20MB/34MB, paused 156us total 16.678ms
08-05 03:41:42.919  7568  7589 I art     : Starting a blocking GC Explicit
08-05 03:41:42.933  7568  7589 I art     : Explicit concurrent mark sweep GC freed 20(704B) AllocSpace objects, 0(0B) LOS objects, 40% free, 20MB/34MB, paused 156us total 13.628ms
08-05 03:41:42.941  7568  7589 I art     : Starting a blocking GC Explicit
08-05 03:41:42.952  7568  7589 I art     : Explicit concurrent mark sweep GC freed 3(96B) AllocSpace objects, 0(0B) LOS objects, 40% free, 20MB/34MB, paused 119us total 10.772ms
08-05 03:41:42.960  7568  7589 I art     : Starting a blocking GC Explicit
08-05 03:41:42.971  7568  7589 I art     : Explicit concurrent mark sweep GC freed 3(96B) AllocSpace objects, 0(0B) LOS objects, 40% free, 20MB/34MB, paused 112us total 10.874ms
08-05 03:41:42.979  7568  7589 I art     : Starting a blocking GC Explicit
08-05 03:41:42.990  7568  7589 I art     : Explicit concurrent mark sweep GC freed 3(96B) AllocSpace objects, 0(0B) LOS objects, 40% free, 20MB/34MB, paused 116us total 10.450ms
08-05 03:41:43.298  7568  7581 I art     : Starting a blocking GC Explicit
08-05 03:41:43.314  7568  7581 I art     : Explicit concurrent mark sweep GC freed 1333(78KB) AllocSpace objects, 1(20KB) LOS objects, 40% free, 20MB/34MB, paused 158us total 15.453ms
08-05 03:41:43.329  7568  7581 I art     : Starting a blocking GC Explicit
08-05 03:41:43.341  7568  7581 I art     : Explicit concurrent mark sweep GC freed 20(704B) AllocSpace objects, 0(0B) LOS objects, 40% free, 20MB/34MB, paused 126us total 12.339ms
08-05 03:41:43.349  7568  7581 I art     : Starting a blocking GC Explicit
08-05 03:41:43.360  7568  7581 I art     : Explicit concurrent mark sweep GC freed 3(96B) AllocSpace objects, 0(0B) LOS objects, 40% free, 20MB/34MB, paused 118us total 10.246ms
08-05 03:41:43.367  7568  7581 I art     : Starting a blocking GC Explicit
08-05 03:41:43.378  7568  7581 I art     : Explicit concurrent mark sweep GC freed 3(96B) AllocSpace objects, 0(0B) LOS objects, 40% free, 20MB/34MB, paused 119us total 10.266ms
08-05 03:41:43.386  7568  7581 I art     : Starting a blocking GC Explicit
08-05 03:41:43.396  7568  7581 I art     : Explicit concurrent mark sweep GC freed 3(96B) AllocSpace objects, 0(0B) LOS objects, 40% free, 20MB/34MB, paused 116us total 10.312ms
08-05 03:41:43.715  7568  7579 I art     : Starting a blocking GC Explicit
08-05 03:41:43.732  7568  7579 I art     : Explicit concurrent mark sweep GC freed 1333(78KB) AllocSpace objects, 1(20KB) LOS objects, 40% free, 20MB/34MB, paused 181us total 17.034ms
08-05 03:41:43.747  7568  7579 I art     : Starting a blocking GC Explicit
08-05 03:41:43.759  7568  7579 I art     : Explicit concurrent mark sweep GC freed 20(704B) AllocSpace objects, 0(0B) LOS objects, 40% free, 20MB/34MB, paused 113us total 11.411ms
08-05 03:41:43.767  7568  7579 I art     : Starting a blocking GC Explicit
08-05 03:41:43.778  7568  7579 I art     : Explicit concurrent mark sweep GC freed 3(96B) AllocSpace objects, 0(0B) LOS objects, 40% free, 20MB/34MB, paused 113us total 10.652ms
08-05 03:41:43.786  7568  7579 I art     : Starting a blocking GC Explicit
08-05 03:41:43.797  7568  7579 I art     : Explicit concurrent mark sweep GC freed 3(96B) AllocSpace objects, 0(0B) LOS objects, 40% free, 20MB/34MB, paused 138us total 10.294ms
08-05 03:41:43.805  7568  7579 I art     : Starting a blocking GC Explicit
08-05 03:41:43.815  7568  7579 I art     : Explicit concurrent mark sweep GC freed 3(96B) AllocSpace objects, 0(0B) LOS objects, 40% free, 20MB/34MB, paused 110us total 10.462ms
08-05 03:41:44.126  7568  7589 I art     : Starting a blocking GC Explicit
08-05 03:41:44.141  7568  7589 I art     : Explicit concurrent mark sweep GC freed 1333(78KB) AllocSpace objects, 1(20KB) LOS objects, 40% free, 20MB/34MB, paused 138us total 15.188ms
08-05 03:41:44.151  7568  7589 I art     : Starting a blocking GC Explicit
08-05 03:41:44.161  7568  7589 I art     : Explicit concurrent mark sweep GC freed 20(704B) AllocSpace objects, 0(0B) LOS objects, 40% free, 20MB/34MB, paused 107us total 9.909ms
08-05 03:41:44.168  7568  7589 I art     : Starting a blocking GC Explicit
08-05 03:41:44.177  7568  7589 I art     : Explicit concurrent mark sweep GC freed 3(96B) AllocSpace objects, 0(0B) LOS objects, 40% free, 20MB/34MB, paused 100us total 8.686ms
08-05 03:41:44.184  7568  7589 I art     : Starting a blocking GC Explicit
08-05 03:41:44.193  7568  7589 I art     : Explicit concurrent mark sweep GC freed 3(96B) AllocSpace objects, 0(0B) LOS objects, 40% free, 20MB/34MB, paused 100us total 8.850ms
08-05 03:41:44.200  7568  7589 I art     : Starting a blocking GC Explicit
08-05 03:41:44.209  7568  7589 I art     : Explicit concurrent mark sweep GC freed 3(96B) AllocSpace objects, 0(0B) LOS objects, 40% free, 20MB/34MB, paused 99us total 8.663ms
08-05 03:41:44.470  7568  7581 I art     : Starting a blocking GC Explicit
08-05 03:41:44.486  7568  7581 I art     : Explicit concurrent mark sweep GC freed 1333(78KB) AllocSpace objects, 1(20KB) LOS objects, 40% free, 20MB/34MB, paused 165us total 15.871ms
08-05 03:41:44.498  7568  7581 I art     : Starting a blocking GC Explicit
08-05 03:41:44.512  7568  7581 I art     : Explicit concurrent mark sweep GC freed 20(704B) AllocSpace objects, 0(0B) LOS objects, 40% free, 20MB/34MB, paused 137us total 13.140ms
08-05 03:41:44.523  7568  7581 I art     : Starting a blocking GC Explicit
08-05 03:41:44.534  7568  7581 I art     : Explicit concurrent mark sweep GC freed 3(96B) AllocSpace objects, 0(0B) LOS objects, 40% free, 20MB/34MB, paused 125us total 10.773ms
08-05 03:41:44.542  7568  7581 I art     : Starting a blocking GC Explicit
08-05 03:41:44.553  7568  7581 I art     : Explicit concurrent mark sweep GC freed 3(96B) AllocSpace objects, 0(0B) LOS objects, 40% free, 20MB/34MB, paused 119us total 10.604ms
08-05 03:41:44.561  7568  7581 I art     : Starting a blocking GC Explicit
08-05 03:41:44.572  7568  7581 I art     : Explicit concurrent mark sweep GC freed 3(96B) AllocSpace objects, 0(0B) LOS objects, 40% free, 20MB/34MB, paused 116us total 10.678ms
08-05 03:41:44.866  7568  7579 I art     : Starting a blocking GC Explicit
08-05 03:41:44.879  7568  7579 I art     : Explicit concurrent mark sweep GC freed 1333(78KB) AllocSpace objects, 1(20KB) LOS objects, 40% free, 20MB/34MB, paused 132us total 12.663ms
08-05 03:41:44.888  7568  7579 I art     : Starting a blocking GC Explicit
08-05 03:41:44.899  7568  7579 I art     : Explicit concurrent mark sweep GC freed 20(704B) AllocSpace objects, 0(0B) LOS objects, 40% free, 20MB/34MB, paused 104us total 9.965ms
08-05 03:41:44.906  7568  7579 I art     : Starting a blocking GC Explicit
08-05 03:41:44.915  7568  7579 I art     : Explicit concurrent mark sweep GC freed 3(96B) AllocSpace objects, 0(0B) LOS objects, 40% free, 20MB/34MB, paused 111us total 9.325ms
08-05 03:41:44.923  7568  7579 I art     : Starting a blocking GC Explicit
08-05 03:41:44.932  7568  7579 I art     : Explicit concurrent mark sweep GC freed 3(96B) AllocSpace objects, 0(0B) LOS objects, 40% free, 20MB/34MB, paused 96us total 9.492ms
08-05 03:41:44.940  7568  7579 I art     : Starting a blocking GC Explicit
08-05 03:41:44.949  7568  7579 I art     : Explicit concurrent mark sweep GC freed 3(96B) AllocSpace objects, 0(0B) LOS objects, 40% free, 20MB/34MB, paused 123us total 9.222ms
08-05 03:41:45.175  7568  7589 I art     : Starting a blocking GC Explicit
08-05 03:41:45.186  7568  7589 I art     : Explicit concurrent mark sweep GC freed 1333(78KB) AllocSpace objects, 1(20KB) LOS objects, 40% free, 20MB/34MB, paused 133us total 10.656ms
08-05 03:41:45.194  7568  7589 I art     : Starting a blocking GC Explicit
08-05 03:41:45.204  7568  7589 I art     : Explicit concurrent mark sweep GC freed 20(704B) AllocSpace objects, 0(0B) LOS objects, 40% free, 20MB/34MB, paused 115us total 10.333ms
08-05 03:41:45.213  7568  7589 I art     : Starting a blocking GC Explicit
08-05 03:41:45.223  7568  7589 I art     : Explicit concurrent mark sweep GC freed 3(96B) AllocSpace objects, 0(0B) LOS objects, 40% free, 20MB/34MB, paused 112us total 9.945ms
08-05 03:41:45.230  7568  7589 I art     : Starting a blocking GC Explicit
08-05 03:41:45.241  7568  7589 I art     : Explicit concurrent mark sweep GC freed 3(96B) AllocSpace objects, 0(0B) LOS objects, 40% free, 20MB/34MB, paused 113us total 10.172ms
08-05 03:41:45.248  7568  7589 I art     : Starting a blocking GC Explicit
08-05 03:41:45.259  7568  7589 I art     : Explicit concurrent mark sweep GC freed 3(96B) AllocSpace objects, 0(0B) LOS objects, 40% free, 20MB/34MB, paused 117us total 10.373ms
08-05 03:41:45.386  7767  7767 D AndroidRuntime: >>>>>> START com.android.internal.os.RuntimeInit uid 2000 <<<<<<
08-05 03:41:45.391  7767  7767 D AndroidRuntime: CheckJNI is OFF
08-05 03:41:45.418  7767  7767 D ICU     : No timezone override file found: /data/misc/zoneinfo/current/icu/icu_tzdata.dat
08-05 03:41:45.442  7767  7767 I Radio-JNI: register_android_hardware_Radio DONE
08-05 03:41:45.458  7767  7767 D AndroidRuntime: Calling main entry com.android.commands.input.Input
08-05 03:41:45.460  7767  7767 I Input   : injectMotionEvent: MotionEvent { action=ACTION_DOWN, actionButton=0, id[0]=0, x[0]=720.0, y[0]=1440.0, toolType[0]=TOOL_TYPE_UNKNOWN, buttonState=0, metaState=0, flags=0x0, edgeFlags=0x0, pointerCount=1, historySize=0, eventTime=762121873, downTime=762121873, deviceId=0, source=0x1002 }
08-05 03:41:45.467  7767  7767 I Input   : injectMotionEvent: MotionEvent { action=ACTION_UP, actionButton=0, id[0]=0, x[0]=720.0, y[0]=1440.0, toolType[0]=TOOL_TYPE_UNKNOWN, buttonState=0, metaState=0, flags=0x0, edgeFlags=0x0, pointerCount=1, historySize=0, eventTime=762121873, downTime=762121873, deviceId=0, source=0x1002 }
08-05 03:41:45.469  7767  7767 D AndroidRuntime: Shutting down VM
08-05 03:41:45.476   512  2967 D audio_hw_primary: out_set_parameters: enter: usecase(1: low-latency-playback) kvpairs: routing=2
08-05 03:41:45.488   512  2967 D audio_hw_primary: select_devices: out_snd_device(2: speaker) in_snd_device(0: none)
08-05 03:41:45.489 13866 13866 I GoogleInputMethodServic: GoogleInputMethodService.onFinishInput():3138 
08-05 03:41:45.489   512  2967 D msm8974_platform: platform_send_audio_calibration: sending audio calibration for snd_device(2) acdb_id(15)
08-05 03:41:45.489   512  2967 I soundtrigger: audio_extn_sound_trigger_update_device_status: device 0x2 of type 0 for Event 1
08-05 03:41:45.491 13866 13866 I GoogleInputMethodServic: GoogleInputMethodService.onStartInput():1808 
08-05 03:41:45.501   512  2967 D audio_hw_primary: enable_snd_device: snd_device(2: speaker)
08-05 03:41:45.503   512  2967 D audio_hw_primary: enable_audio_route: apply and update mixer path: low-latency-playback speaker
08-05 03:41:45.521  7568  7579 I art     : Starting a blocking GC Explicit
08-05 03:41:45.531  7568  7579 I art     : Explicit concurrent mark sweep GC freed 1448(82KB) AllocSpace objects, 1(20KB) LOS objects, 40% free, 20MB/34MB, paused 111us total 10.081ms
08-05 03:41:45.539  7568  7579 I art     : Starting a blocking GC Explicit
08-05 03:41:45.549  7568  7579 I art     : Explicit concurrent mark sweep GC freed 991(69KB) AllocSpace objects, 1(76KB) LOS objects, 40% free, 20MB/34MB, paused 116us total 10.590ms
08-05 03:41:45.557  7568  7579 I art     : Starting a blocking GC Explicit
08-05 03:41:45.568  7568  7579 I art     : Explicit concurrent mark sweep GC freed 3(96B) AllocSpace objects, 0(0B) LOS objects, 40% free, 20MB/34MB, paused 113us total 10.262ms
08-05 03:41:45.576  7568  7579 I art     : Starting a blocking GC Explicit
08-05 03:41:45.587  7568  7579 I art     : Explicit concurrent mark sweep GC freed 3(96B) AllocSpace objects, 0(0B) LOS objects, 40% free, 20MB/34MB, paused 225us total 10.672ms
08-05 03:41:45.595  7568  7579 I art     : Starting a blocking GC Explicit
08-05 03:41:45.606  7568  7579 I art     : Explicit concurrent mark sweep GC freed 3(96B) AllocSpace objects, 0(0B) LOS objects, 40% free, 20MB/34MB, paused 105us total 10.881ms
08-05 03:41:45.671   380   380 W SurfaceFlinger: couldn't log to binary event log: overflow.
08-05 03:41:45.814  7568  7581 I art     : Starting a blocking GC Explicit
08-05 03:41:45.825  7568  7581 I art     : Explicit concurrent mark sweep GC freed 1333(78KB) AllocSpace objects, 1(20KB) LOS objects, 40% free, 20MB/34MB, paused 140us total 10.835ms
08-05 03:41:45.834  7568  7581 I art     : Starting a blocking GC Explicit
08-05 03:41:45.844  7568  7581 I art     : Explicit concurrent mark sweep GC freed 20(704B) AllocSpace objects, 0(0B) LOS objects, 40% free, 20MB/34MB, paused 133us total 10.284ms
08-05 03:41:45.852  7568  7581 I art     : Starting a blocking GC Explicit
08-05 03:41:45.863  7568  7581 I art     : Explicit concurrent mark sweep GC freed 3(96B) AllocSpace objects, 0(0B) LOS objects, 40% free, 20MB/34MB, paused 125us total 10.326ms
08-05 03:41:45.871  7568  7581 I art     : Starting a blocking GC Explicit
08-05 03:41:45.881  7568  7581 I art     : Explicit concurrent mark sweep GC freed 3(96B) AllocSpace objects, 0(0B) LOS objects, 40% free, 20MB/34MB, paused 131us total 10.259ms
08-05 03:41:45.889  7568  7581 I art     : Starting a blocking GC Explicit
08-05 03:41:45.899  7568  7581 I art     : Explicit concurrent mark sweep GC freed 3(96B) AllocSpace objects, 0(0B) LOS objects, 40% free, 20MB/34MB, paused 127us total 10.191ms
08-05 03:41:46.043  7802  7802 D AndroidRuntime: >>>>>> START com.android.internal.os.RuntimeInit uid 2000 <<<<<<
08-05 03:41:46.047  7802  7802 D AndroidRuntime: CheckJNI is OFF
08-05 03:41:46.049   512  2967 D audio_hw_primary: disable_audio_route: reset and update mixer path: low-latency-playback speaker
08-05 03:41:46.049   512  2967 D audio_hw_primary: disable_snd_device: snd_device(2: speaker)
08-05 03:41:46.057   512  2967 I soundtrigger: audio_extn_sound_trigger_update_device_status: device 0x2 of type 0 for Event 0
08-05 03:41:46.072  7802  7802 D ICU     : No timezone override file found: /data/misc/zoneinfo/current/icu/icu_tzdata.dat
08-05 03:41:46.097  7802  7802 I Radio-JNI: register_android_hardware_Radio DONE
08-05 03:41:46.113  7802  7802 D AndroidRuntime: Calling main entry com.android.commands.input.Input
08-05 03:41:46.114  7802  7802 I Input   : injectMotionEvent: MotionEvent { action=ACTION_DOWN, actionButton=0, id[0]=0, x[0]=1345.0, y[0]=165.0, toolType[0]=TOOL_TYPE_UNKNOWN, buttonState=0, metaState=0, flags=0x0, edgeFlags=0x0, pointerCount=1, historySize=0, eventTime=762122527, downTime=762122527, deviceId=0, source=0x1002 }
08-05 03:41:46.119  7802  7802 I Input   : injectMotionEvent: MotionEvent { action=ACTION_UP, actionButton=0, id[0]=0, x[0]=1345.0, y[0]=165.0, toolType[0]=TOOL_TYPE_UNKNOWN, buttonState=0, metaState=0, flags=0x0, edgeFlags=0x0, pointerCount=1, historySize=0, eventTime=762122527, downTime=762122527, deviceId=0, source=0x1002 }
08-05 03:41:46.121  7802  7802 D AndroidRuntime: Shutting down VM
08-05 03:41:46.125   512  2967 D audio_hw_primary: out_set_parameters: enter: usecase(1: low-latency-playback) kvpairs: routing=2
08-05 03:41:46.126  7568  7568 W art     : Before Android 4.1, method int androidx.appcompat.widget.DropDownListView.lookForSelectablePosition(int, boolean) would have incorrectly overridden the package-private method in android.widget.ListView
08-05 03:41:46.131  7568  7568 W art     : Before Android 4.1, method int androidx.appcompat.widget.MenuPopupWindow$MenuDropDownListView.lookForSelectablePosition(int, boolean) would have incorrectly overridden the package-private method in android.widget.ListView
08-05 03:41:46.133  7568  7568 I ListPopupWindow: Could not find method setEpicenterBounds(Rect) on PopupWindow. Oh well.
08-05 03:41:46.138   512  2967 D audio_hw_primary: select_devices: out_snd_device(2: speaker) in_snd_device(0: none)
08-05 03:41:46.138   512  2967 D msm8974_platform: platform_send_audio_calibration: sending audio calibration for snd_device(2) acdb_id(15)
08-05 03:41:46.139   512  2967 I soundtrigger: audio_extn_sound_trigger_update_device_status: device 0x2 of type 0 for Event 1
08-05 03:41:46.150   512  2967 D audio_hw_primary: enable_snd_device: snd_device(2: speaker)
08-05 03:41:46.152  7568  7579 I art     : Starting a blocking GC Explicit
08-05 03:41:46.152   512  2967 D audio_hw_primary: enable_audio_route: apply and update mixer path: low-latency-playback speaker
08-05 03:41:46.171  7568  7579 I art     : Explicit concurrent mark sweep GC freed 1857(205KB) AllocSpace objects, 1(20KB) LOS objects, 40% free, 20MB/34MB, paused 141us total 19.358ms
08-05 03:41:46.179  7568  7579 I art     : Starting a blocking GC Explicit
08-05 03:41:46.190  7568  7579 I art     : Explicit concurrent mark sweep GC freed 307(15KB) AllocSpace objects, 0(0B) LOS objects, 40% free, 20MB/34MB, paused 236us total 10.266ms
08-05 03:41:46.197   512  2967 D AudioFlinger: mixer(0xf4740000) throttle end: throttle time(12)
08-05 03:41:46.198  7568  7579 I art     : Starting a blocking GC Explicit
08-05 03:41:46.209  7568  7579 I art     : Explicit concurrent mark sweep GC freed 193(13KB) AllocSpace objects, 0(0B) LOS objects, 40% free, 20MB/34MB, paused 134us total 10.352ms
08-05 03:41:46.217  7568  7579 I art     : Starting a blocking GC Explicit
08-05 03:41:46.228  7568  7579 I art     : Explicit concurrent mark sweep GC freed 54(2208B) AllocSpace objects, 0(0B) LOS objects, 40% free, 20MB/34MB, paused 178us total 11.351ms
08-05 03:41:46.237  7568  7579 I art     : Starting a blocking GC Explicit
08-05 03:41:46.248  7568  7579 I art     : Explicit concurrent mark sweep GC freed 443(31KB) AllocSpace objects, 0(0B) LOS objects, 40% free, 20MB/34MB, paused 153us total 10.794ms
08-05 03:41:46.477  7568  7579 I art     : Starting a blocking GC Explicit
08-05 03:41:46.493  7568  7579 I art     : Explicit concurrent mark sweep GC freed 1958(108KB) AllocSpace objects, 1(20KB) LOS objects, 40% free, 20MB/34MB, paused 122us total 15.516ms
08-05 03:41:46.501  7568  7579 I art     : Starting a blocking GC Explicit
08-05 03:41:46.511  7568  7579 I art     : Explicit concurrent mark sweep GC freed 28(1200B) AllocSpace objects, 0(0B) LOS objects, 40% free, 20MB/34MB, paused 112us total 10.085ms
08-05 03:41:46.520  7568  7579 I art     : Starting a blocking GC Explicit
08-05 03:41:46.530  7568  7579 I art     : Explicit concurrent mark sweep GC freed 9(288B) AllocSpace objects, 0(0B) LOS objects, 40% free, 20MB/34MB, paused 118us total 9.901ms
08-05 03:41:46.538  7568  7579 I art     : Starting a blocking GC Explicit
08-05 03:41:46.548  7568  7579 I art     : Explicit concurrent mark sweep GC freed 3(96B) AllocSpace objects, 0(0B) LOS objects, 40% free, 20MB/34MB, paused 118us total 9.826ms
08-05 03:41:46.556  7568  7579 I art     : Starting a blocking GC Explicit
08-05 03:41:46.566  7568  7579 I art     : Explicit concurrent mark sweep GC freed 3(96B) AllocSpace objects, 0(0B) LOS objects, 40% free, 20MB/34MB, paused 126us total 9.874ms
08-05 03:41:46.666  7843  7843 D AndroidRuntime: >>>>>> START com.android.internal.os.RuntimeInit uid 2000 <<<<<<
08-05 03:41:46.670  7843  7843 D AndroidRuntime: CheckJNI is OFF
08-05 03:41:46.689   512  2967 D audio_hw_primary: disable_audio_route: reset and update mixer path: low-latency-playback speaker
08-05 03:41:46.690   512  2967 D audio_hw_primary: disable_snd_device: snd_device(2: speaker)
08-05 03:41:46.695  7843  7843 D ICU     : No timezone override file found: /data/misc/zoneinfo/current/icu/icu_tzdata.dat
08-05 03:41:46.700   512  2967 I soundtrigger: audio_extn_sound_trigger_update_device_status: device 0x2 of type 0 for Event 0
08-05 03:41:46.719  7843  7843 I Radio-JNI: register_android_hardware_Radio DONE
08-05 03:41:46.734  7843  7843 D AndroidRuntime: Calling main entry com.android.commands.input.Input
08-05 03:41:46.736  7843  7843 I Input   : injectMotionEvent: MotionEvent { action=ACTION_DOWN, actionButton=0, id[0]=0, x[0]=940.0, y[0]=501.0, toolType[0]=TOOL_TYPE_UNKNOWN, buttonState=0, metaState=0, flags=0x0, edgeFlags=0x0, pointerCount=1, historySize=0, eventTime=762123149, downTime=762123149, deviceId=0, source=0x1002 }
08-05 03:41:46.741  7843  7843 I Input   : injectMotionEvent: MotionEvent { action=ACTION_UP, actionButton=0, id[0]=0, x[0]=940.0, y[0]=501.0, toolType[0]=TOOL_TYPE_UNKNOWN, buttonState=0, metaState=0, flags=0x0, edgeFlags=0x0, pointerCount=1, historySize=0, eventTime=762123149, downTime=762123149, deviceId=0, source=0x1002 }
08-05 03:41:46.744  7843  7843 D AndroidRuntime: Shutting down VM
08-05 03:41:46.811   512  2967 D audio_hw_primary: out_set_parameters: enter: usecase(1: low-latency-playback) kvpairs: routing=2
08-05 03:41:46.813   918   929 I ActivityManager: START u0 {cmp=baseline.org.quantumbadger.redreader/.settings.SettingsActivity} from uid 10689 on display 0
08-05 03:41:46.814  7568  7579 I art     : Starting a blocking GC Explicit
08-05 03:41:46.824   512  2967 D audio_hw_primary: select_devices: out_snd_device(2: speaker) in_snd_device(0: none)
08-05 03:41:46.824   512  2967 D msm8974_platform: platform_send_audio_calibration: sending audio calibration for snd_device(2) acdb_id(15)
08-05 03:41:46.824   512  2967 I soundtrigger: audio_extn_sound_trigger_update_device_status: device 0x2 of type 0 for Event 1
08-05 03:41:46.825  7568  7579 I art     : Explicit concurrent mark sweep GC freed 1408(93KB) AllocSpace objects, 1(20KB) LOS objects, 40% free, 20MB/34MB, paused 154us total 10.848ms
08-05 03:41:46.826 13866 13866 I GoogleInputMethodServic: GoogleInputMethodService.onFinishInput():3138 
08-05 03:41:46.831 13866 13866 I GoogleInputMethodServic: GoogleInputMethodService.onStartInput():1808 
08-05 03:41:46.836  7568  7579 I art     : Starting a blocking GC Explicit
08-05 03:41:46.839   512  2967 D audio_hw_primary: enable_snd_device: snd_device(2: speaker)
08-05 03:41:46.843   512  2967 D audio_hw_primary: enable_audio_route: apply and update mixer path: low-latency-playback speaker
08-05 03:41:46.847  7568  7579 I art     : Explicit concurrent mark sweep GC freed 387(27KB) AllocSpace objects, 0(0B) LOS objects, 40% free, 20MB/34MB, paused 394us total 11.073ms
08-05 03:41:46.857  7568  7579 I art     : Starting a blocking GC Explicit
08-05 03:41:46.868  7568  7579 I art     : Explicit concurrent mark sweep GC freed 459(98KB) AllocSpace objects, 0(0B) LOS objects, 40% free, 21MB/35MB, paused 230us total 11.444ms
08-05 03:41:46.876  7568  7579 I art     : Starting a blocking GC Explicit
08-05 03:41:46.885   512  2967 D AudioFlinger: mixer(0xf4740000) throttle end: throttle time(12)
08-05 03:41:46.887  7568  7579 I art     : Explicit concurrent mark sweep GC freed 166(22KB) AllocSpace objects, 0(0B) LOS objects, 40% free, 21MB/35MB, paused 217us total 10.457ms
08-05 03:41:46.894  7568  7579 I art     : Starting a blocking GC Explicit
08-05 03:41:46.927  7568  7579 I art     : Explicit concurrent mark sweep GC freed 240(11KB) AllocSpace objects, 0(0B) LOS objects, 40% free, 21MB/35MB, paused 405us total 32.024ms
08-05 03:41:46.998 13866 13866 I GoogleInputMethodServic: GoogleInputMethodService.onFinishInput():3138 
08-05 03:41:46.998   918   936 I ActivityManager: Displayed baseline.org.quantumbadger.redreader/.settings.SettingsActivity: +162ms
08-05 03:41:46.999 13866 13866 I GoogleInputMethodServic: GoogleInputMethodService.onStartInput():1808 
08-05 03:41:47.026  7568  7587 D OpenGLRenderer: endAllStagingAnimators on 0x7f99e17800 (MenuPopupWindow$MenuDropDownListView) with handle 0x7f801d0100
08-05 03:41:47.158  7568  7581 I art     : Starting a blocking GC Explicit
08-05 03:41:47.173  7568  7581 I art     : Explicit concurrent mark sweep GC freed 2062(112KB) AllocSpace objects, 1(20KB) LOS objects, 40% free, 21MB/35MB, paused 187us total 14.721ms
08-05 03:41:47.184  7568  7581 I art     : Starting a blocking GC Explicit
08-05 03:41:47.199  7568  7581 I art     : Explicit concurrent mark sweep GC freed 126(5KB) AllocSpace objects, 0(0B) LOS objects, 40% free, 21MB/35MB, paused 125us total 15.367ms
08-05 03:41:47.209  7568  7581 I art     : Starting a blocking GC Explicit
08-05 03:41:47.223  7568  7581 I art     : Explicit concurrent mark sweep GC freed 3(96B) AllocSpace objects, 0(0B) LOS objects, 40% free, 21MB/35MB, paused 168us total 14.252ms
08-05 03:41:47.234  7568  7581 I art     : Starting a blocking GC Explicit
08-05 03:41:47.249  7568  7581 I art     : Explicit concurrent mark sweep GC freed 3(96B) AllocSpace objects, 0(0B) LOS objects, 40% free, 21MB/35MB, paused 131us total 14.396ms
08-05 03:41:47.257  7568  7581 I art     : Starting a blocking GC Explicit
08-05 03:41:47.258   380   380 W SurfaceFlinger: couldn't log to binary event log: overflow.
08-05 03:41:47.271  7568  7581 I art     : Explicit concurrent mark sweep GC freed 3(96B) AllocSpace objects, 0(0B) LOS objects, 40% free, 21MB/35MB, paused 131us total 13.714ms
08-05 03:41:47.301  7877  7877 D AndroidRuntime: >>>>>> START com.android.internal.os.RuntimeInit uid 2000 <<<<<<
08-05 03:41:47.305  7877  7877 D AndroidRuntime: CheckJNI is OFF
08-05 03:41:47.327  7877  7877 D ICU     : No timezone override file found: /data/misc/zoneinfo/current/icu/icu_tzdata.dat
08-05 03:41:47.349  7877  7877 I Radio-JNI: register_android_hardware_Radio DONE
08-05 03:41:47.365  7877  7877 D AndroidRuntime: Calling main entry com.android.commands.input.Input
08-05 03:41:47.366  7877  7877 I Input   : injectMotionEvent: MotionEvent { action=ACTION_DOWN, actionButton=0, id[0]=0, x[0]=216.0, y[0]=853.0, toolType[0]=TOOL_TYPE_UNKNOWN, buttonState=0, metaState=0, flags=0x0, edgeFlags=0x0, pointerCount=1, historySize=0, eventTime=762123779, downTime=762123779, deviceId=0, source=0x1002 }
08-05 03:41:47.368   512  2967 D audio_hw_primary: disable_audio_route: reset and update mixer path: low-latency-playback speaker
08-05 03:41:47.369   512  2967 D audio_hw_primary: disable_snd_device: snd_device(2: speaker)
08-05 03:41:47.372  7877  7877 I Input   : injectMotionEvent: MotionEvent { action=ACTION_UP, actionButton=0, id[0]=0, x[0]=216.0, y[0]=853.0, toolType[0]=TOOL_TYPE_UNKNOWN, buttonState=0, metaState=0, flags=0x0, edgeFlags=0x0, pointerCount=1, historySize=0, eventTime=762123779, downTime=762123779, deviceId=0, source=0x1002 }
08-05 03:41:47.379   512  2967 I soundtrigger: audio_extn_sound_trigger_update_device_status: device 0x2 of type 0 for Event 0
08-05 03:41:47.384  7877  7877 D AndroidRuntime: Shutting down VM
08-05 03:41:47.449   918  5481 I ActivityManager: START u0 {act=android.intent.action.MAIN cmp=baseline.org.quantumbadger.redreader/.settings.SettingsActivity (has extras)} from uid 10689 on display 0
08-05 03:41:47.451   512  2967 D audio_hw_primary: out_set_parameters: enter: usecase(1: low-latency-playback) kvpairs: routing=2
08-05 03:41:47.464   512  2967 D audio_hw_primary: select_devices: out_snd_device(2: speaker) in_snd_device(0: none)
08-05 03:41:47.464   512  2967 D msm8974_platform: platform_send_audio_calibration: sending audio calibration for snd_device(2) acdb_id(15)
08-05 03:41:47.464   512  2967 I soundtrigger: audio_extn_sound_trigger_update_device_status: device 0x2 of type 0 for Event 1
08-05 03:41:47.476   512  2967 D audio_hw_primary: enable_snd_device: snd_device(2: speaker)
08-05 03:41:47.479   512  2967 D audio_hw_primary: enable_audio_route: apply and update mixer path: low-latency-playback speaker
08-05 03:41:47.517  7568  7579 I art     : Starting a blocking GC Explicit
08-05 03:41:47.522   512  2967 D AudioFlinger: mixer(0xf4740000) throttle end: throttle time(12)
08-05 03:41:47.531  7568  7579 I art     : Explicit concurrent mark sweep GC freed 2697(218KB) AllocSpace objects, 2(40KB) LOS objects, 40% free, 21MB/35MB, paused 141us total 13.854ms
08-05 03:41:47.540  7568  7579 I art     : Starting a blocking GC Explicit
08-05 03:41:47.552  7568  7579 I art     : Explicit concurrent mark sweep GC freed 239(10KB) AllocSpace objects, 0(0B) LOS objects, 40% free, 21MB/35MB, paused 138us total 11.949ms
08-05 03:41:47.560  7568  7579 I art     : Starting a blocking GC Explicit
08-05 03:41:47.574  7568  7579 I art     : Explicit concurrent mark sweep GC freed 51(9KB) AllocSpace objects, 0(0B) LOS objects, 40% free, 21MB/35MB, paused 272us total 13.705ms
08-05 03:41:47.583  7568  7579 I art     : Starting a blocking GC Explicit
08-05 03:41:47.597  7568  7579 I art     : Explicit concurrent mark sweep GC freed 9489(417KB) AllocSpace objects, 0(0B) LOS objects, 40% free, 21MB/36MB, paused 438us total 14.210ms
08-05 03:41:47.606  7568  7579 I art     : Starting a blocking GC Explicit
08-05 03:41:47.621  7568  7579 I art     : Explicit concurrent mark sweep GC freed 13105(543KB) AllocSpace objects, 0(0B) LOS objects, 40% free, 21MB/36MB, paused 383us total 15.277ms
08-05 03:41:47.786   918   936 I ActivityManager: Displayed baseline.org.quantumbadger.redreader/.settings.SettingsActivity: +323ms
08-05 03:41:47.787 13866 13866 I GoogleInputMethodServic: GoogleInputMethodService.onFinishInput():3138 
08-05 03:41:47.787 13866 13866 I GoogleInputMethodServic: GoogleInputMethodService.onStartInput():1808 
08-05 03:41:47.812  7568  7587 D OpenGLRenderer: endAllStagingAnimators on 0x7f80525800 (ListView) with handle 0x7f803d6f80
08-05 03:41:47.860  7568  7589 I art     : Starting a blocking GC Explicit
08-05 03:41:47.878  7568  7589 I art     : Explicit concurrent mark sweep GC freed 60214(2MB) AllocSpace objects, 1(20KB) LOS objects, 40% free, 22MB/37MB, paused 231us total 18.003ms
08-05 03:41:47.887  7568  7589 I art     : Starting a blocking GC Explicit
08-05 03:41:47.901  7568  7589 I art     : Explicit concurrent mark sweep GC freed 2283(197KB) AllocSpace objects, 0(0B) LOS objects, 40% free, 22MB/36MB, paused 127us total 14.205ms
08-05 03:41:47.910  7568  7589 I art     : Starting a blocking GC Explicit
08-05 03:41:47.917  7910  7910 D AndroidRuntime: >>>>>> START com.android.internal.os.RuntimeInit uid 2000 <<<<<<
08-05 03:41:47.921  7910  7910 D AndroidRuntime: CheckJNI is OFF
08-05 03:41:47.924  7568  7589 I art     : Explicit concurrent mark sweep GC freed 3(96B) AllocSpace objects, 0(0B) LOS objects, 40% free, 22MB/36MB, paused 181us total 13.626ms
08-05 03:41:47.933  7568  7589 I art     : Starting a blocking GC Explicit
08-05 03:41:47.947  7910  7910 D ICU     : No timezone override file found: /data/misc/zoneinfo/current/icu/icu_tzdata.dat
08-05 03:41:47.948  7568  7589 I art     : Explicit concurrent mark sweep GC freed 59(2448B) AllocSpace objects, 0(0B) LOS objects, 40% free, 22MB/36MB, paused 130us total 14.802ms
08-05 03:41:47.956  7568  7589 I art     : Starting a blocking GC Explicit
08-05 03:41:47.971  7568  7589 I art     : Explicit concurrent mark sweep GC freed 5(240B) AllocSpace objects, 0(0B) LOS objects, 40% free, 22MB/36MB, paused 127us total 14.677ms
08-05 03:41:47.976  7910  7910 I Radio-JNI: register_android_hardware_Radio DONE
08-05 03:41:47.992  7910  7910 D AndroidRuntime: Calling main entry com.android.commands.input.Input
08-05 03:41:47.994  7910  7910 I Input   : injectMotionEvent: MotionEvent { action=ACTION_DOWN, actionButton=0, id[0]=0, x[0]=1318.0, y[0]=1194.0, toolType[0]=TOOL_TYPE_UNKNOWN, buttonState=0, metaState=0, flags=0x0, edgeFlags=0x0, pointerCount=1, historySize=0, eventTime=762124407, downTime=762124407, deviceId=0, source=0x1002 }
08-05 03:41:47.999  7910  7910 I Input   : injectMotionEvent: MotionEvent { action=ACTION_UP, actionButton=0, id[0]=0, x[0]=1318.0, y[0]=1194.0, toolType[0]=TOOL_TYPE_UNKNOWN, buttonState=0, metaState=0, flags=0x0, edgeFlags=0x0, pointerCount=1, historySize=0, eventTime=762124407, downTime=762124407, deviceId=0, source=0x1002 }
08-05 03:41:48.001  7910  7910 D AndroidRuntime: Shutting down VM
08-05 03:41:48.010   512  2967 D audio_hw_primary: disable_audio_route: reset and update mixer path: low-latency-playback speaker
08-05 03:41:48.012   512  2967 D audio_hw_primary: disable_snd_device: snd_device(2: speaker)
08-05 03:41:48.020   512  2967 I soundtrigger: audio_extn_sound_trigger_update_device_status: device 0x2 of type 0 for Event 0
08-05 03:41:48.042   380   380 W SurfaceFlinger: couldn't log to binary event log: overflow.
08-05 03:41:48.068   512  2967 D audio_hw_primary: out_set_parameters: enter: usecase(1: low-latency-playback) kvpairs: routing=2
08-05 03:41:48.081   512  2967 D audio_hw_primary: select_devices: out_snd_device(2: speaker) in_snd_device(0: none)
08-05 03:41:48.081   512  2967 D msm8974_platform: platform_send_audio_calibration: sending audio calibration for snd_device(2) acdb_id(15)
08-05 03:41:48.081   512  2967 I soundtrigger: audio_extn_sound_trigger_update_device_status: device 0x2 of type 0 for Event 1
08-05 03:41:48.091   512  2967 D audio_hw_primary: enable_snd_device: snd_device(2: speaker)
08-05 03:41:48.095   512  2967 D audio_hw_primary: enable_audio_route: apply and update mixer path: low-latency-playback speaker
08-05 03:41:48.135   512  2967 D AudioFlinger: mixer(0xf4740000) throttle end: throttle time(12)
08-05 03:41:48.201  7568  7581 I art     : Starting a blocking GC Explicit
08-05 03:41:48.215  7568  7581 I art     : Explicit concurrent mark sweep GC freed 2042(124KB) AllocSpace objects, 2(40KB) LOS objects, 40% free, 22MB/36MB, paused 127us total 14.418ms
08-05 03:41:48.226  7568  7581 I art     : Starting a blocking GC Explicit
08-05 03:41:48.242  7568  7581 I art     : Explicit concurrent mark sweep GC freed 80(3KB) AllocSpace objects, 0(0B) LOS objects, 40% free, 22MB/36MB, paused 239us total 16.566ms
08-05 03:41:48.252  7568  7581 I art     : Starting a blocking GC Explicit
08-05 03:41:48.265  7568  7581 I art     : Explicit concurrent mark sweep GC freed 41(1760B) AllocSpace objects, 0(0B) LOS objects, 40% free, 22MB/36MB, paused 130us total 13.233ms
08-05 03:41:48.274  7568  7581 I art     : Starting a blocking GC Explicit
08-05 03:41:48.287  7568  7581 I art     : Explicit concurrent mark sweep GC freed 36(1584B) AllocSpace objects, 0(0B) LOS objects, 40% free, 22MB/36MB, paused 129us total 13.486ms
08-05 03:41:48.296  7568  7581 I art     : Starting a blocking GC Explicit
08-05 03:41:48.310  7568  7581 I art     : Explicit concurrent mark sweep GC freed 15(560B) AllocSpace objects, 0(0B) LOS objects, 40% free, 22MB/36MB, paused 205us total 13.730ms
08-05 03:41:48.524  7941  7941 D AndroidRuntime: >>>>>> START com.android.internal.os.RuntimeInit uid 2000 <<<<<<
08-05 03:41:48.528  7941  7941 D AndroidRuntime: CheckJNI is OFF
08-05 03:41:48.551  7941  7941 D ICU     : No timezone override file found: /data/misc/zoneinfo/current/icu/icu_tzdata.dat
08-05 03:41:48.556  7568  7889 I art     : Starting a blocking GC Explicit
08-05 03:41:48.570  7568  7889 I art     : Explicit concurrent mark sweep GC freed 1433(81KB) AllocSpace objects, 1(20KB) LOS objects, 40% free, 22MB/36MB, paused 149us total 13.908ms
08-05 03:41:48.575  7941  7941 I Radio-JNI: register_android_hardware_Radio DONE
08-05 03:41:48.579  7568  7889 I art     : Starting a blocking GC Explicit
08-05 03:41:48.590  7941  7941 D AndroidRuntime: Calling main entry com.android.commands.input.Input
08-05 03:41:48.591  7941  7941 I Input   : injectMotionEvent: MotionEvent { action=ACTION_DOWN, actionButton=0, id[0]=0, x[0]=1309.0, y[0]=1701.0, toolType[0]=TOOL_TYPE_UNKNOWN, buttonState=0, metaState=0, flags=0x0, edgeFlags=0x0, pointerCount=1, historySize=0, eventTime=762125004, downTime=762125004, deviceId=0, source=0x1002 }
08-05 03:41:48.593  7568  7889 I art     : Explicit concurrent mark sweep GC freed 64(2160B) AllocSpace objects, 0(0B) LOS objects, 40% free, 22MB/36MB, paused 262us total 13.807ms
08-05 03:41:48.595  7941  7941 I Input   : injectMotionEvent: MotionEvent { action=ACTION_UP, actionButton=0, id[0]=0, x[0]=1309.0, y[0]=1701.0, toolType[0]=TOOL_TYPE_UNKNOWN, buttonState=0, metaState=0, flags=0x0, edgeFlags=0x0, pointerCount=1, historySize=0, eventTime=762125004, downTime=762125004, deviceId=0, source=0x1002 }
08-05 03:41:48.597  7941  7941 D AndroidRuntime: Shutting down VM
08-05 03:41:48.601  7568  7889 I art     : Starting a blocking GC Explicit
08-05 03:41:48.616  7568  7889 I art     : Explicit concurrent mark sweep GC freed 91(3KB) AllocSpace objects, 0(0B) LOS objects, 40% free, 22MB/36MB, paused 122us total 14.348ms
08-05 03:41:48.625  7568  7889 I art     : Starting a blocking GC Explicit
08-05 03:41:48.629   512  2967 D audio_hw_primary: disable_audio_route: reset and update mixer path: low-latency-playback speaker
08-05 03:41:48.630   512  2967 D audio_hw_primary: disable_snd_device: snd_device(2: speaker)
08-05 03:41:48.638   512  2967 I soundtrigger: audio_extn_sound_trigger_update_device_status: device 0x2 of type 0 for Event 0
08-05 03:41:48.639  7568  7889 I art     : Explicit concurrent mark sweep GC freed 31(1120B) AllocSpace objects, 0(0B) LOS objects, 40% free, 22MB/36MB, paused 151us total 14.243ms
08-05 03:41:48.648  7568  7889 I art     : Starting a blocking GC Explicit
08-05 03:41:48.661  7568  7889 I art     : Explicit concurrent mark sweep GC freed 6(208B) AllocSpace objects, 0(0B) LOS objects, 40% free, 22MB/36MB, paused 195us total 13.249ms
08-05 03:41:48.663   512  2967 D audio_hw_primary: out_set_parameters: enter: usecase(1: low-latency-playback) kvpairs: routing=2
08-05 03:41:48.676   512  2967 D audio_hw_primary: select_devices: out_snd_device(2: speaker) in_snd_device(0: none)
08-05 03:41:48.677   512  2967 D msm8974_platform: platform_send_audio_calibration: sending audio calibration for snd_device(2) acdb_id(15)
08-05 03:41:48.677   512  2967 I soundtrigger: audio_extn_sound_trigger_update_device_status: device 0x2 of type 0 for Event 1
08-05 03:41:48.687   512  2967 D audio_hw_primary: enable_snd_device: snd_device(2: speaker)
08-05 03:41:48.689   512  2967 D audio_hw_primary: enable_audio_route: apply and update mixer path: low-latency-playback speaker
08-05 03:41:48.730   512  2967 D AudioFlinger: mixer(0xf4740000) throttle end: throttle time(12)
08-05 03:41:48.908  7568  7581 I art     : Starting a blocking GC Explicit
08-05 03:41:48.923  7568  7581 I art     : Explicit concurrent mark sweep GC freed 2095(127KB) AllocSpace objects, 2(40KB) LOS objects, 40% free, 22MB/37MB, paused 134us total 14.497ms
08-05 03:41:48.931  7568  7581 I art     : Starting a blocking GC Explicit
08-05 03:41:48.945  7568  7581 I art     : Explicit concurrent mark sweep GC freed 78(2912B) AllocSpace objects, 0(0B) LOS objects, 40% free, 22MB/37MB, paused 126us total 14.128ms
08-05 03:41:48.954  7568  7581 I art     : Starting a blocking GC Explicit
08-05 03:41:48.968  7568  7581 I art     : Explicit concurrent mark sweep GC freed 14(496B) AllocSpace objects, 0(0B) LOS objects, 40% free, 22MB/37MB, paused 150us total 13.561ms
08-05 03:41:48.977  7568  7581 I art     : Starting a blocking GC Explicit
08-05 03:41:48.991  7568  7581 I art     : Explicit concurrent mark sweep GC freed 11(400B) AllocSpace objects, 0(0B) LOS objects, 40% free, 22MB/37MB, paused 137us total 13.890ms
08-05 03:41:48.999  7568  7581 I art     : Starting a blocking GC Explicit
08-05 03:41:49.013  7568  7581 I art     : Explicit concurrent mark sweep GC freed 20(736B) AllocSpace objects, 0(0B) LOS objects, 40% free, 22MB/37MB, paused 132us total 13.807ms
08-05 03:41:49.131  7967  7967 D AndroidRuntime: >>>>>> START com.android.internal.os.RuntimeInit uid 2000 <<<<<<
08-05 03:41:49.135  7967  7967 D AndroidRuntime: CheckJNI is OFF
08-05 03:41:49.161  7967  7967 D ICU     : No timezone override file found: /data/misc/zoneinfo/current/icu/icu_tzdata.dat
08-05 03:41:49.186  7967  7967 I Radio-JNI: register_android_hardware_Radio DONE
08-05 03:41:49.201  7967  7967 D AndroidRuntime: Calling main entry com.android.commands.input.Input
08-05 03:41:49.203  7967  7967 I Input   : injectMotionEvent: MotionEvent { action=ACTION_DOWN, actionButton=0, id[0]=0, x[0]=477.0, y[0]=805.0, toolType[0]=TOOL_TYPE_UNKNOWN, buttonState=0, metaState=0, flags=0x0, edgeFlags=0x0, pointerCount=1, historySize=0, eventTime=762125616, downTime=762125616, deviceId=0, source=0x1002 }
08-05 03:41:49.206  7967  7967 I Input   : injectMotionEvent: MotionEvent { action=ACTION_UP, actionButton=0, id[0]=0, x[0]=477.0, y[0]=805.0, toolType[0]=TOOL_TYPE_UNKNOWN, buttonState=0, metaState=0, flags=0x0, edgeFlags=0x0, pointerCount=1, historySize=0, eventTime=762125616, downTime=762125616, deviceId=0, source=0x1002 }
08-05 03:41:49.208  7967  7967 D AndroidRuntime: Shutting down VM
08-05 03:41:49.219   512  2967 D audio_hw_primary: disable_audio_route: reset and update mixer path: low-latency-playback speaker
08-05 03:41:49.221   512  2967 D audio_hw_primary: disable_snd_device: snd_device(2: speaker)
08-05 03:41:49.229   512  2967 I soundtrigger: audio_extn_sound_trigger_update_device_status: device 0x2 of type 0 for Event 0
08-05 03:41:49.258  7568  7579 I art     : Starting a blocking GC Explicit
08-05 03:41:49.273  7568  7579 I art     : Explicit concurrent mark sweep GC freed 1508(85KB) AllocSpace objects, 1(20KB) LOS objects, 40% free, 22MB/37MB, paused 137us total 15.014ms
08-05 03:41:49.280   512  2967 D audio_hw_primary: out_set_parameters: enter: usecase(1: low-latency-playback) kvpairs: routing=2
08-05 03:41:49.282  7568  7579 I art     : Starting a blocking GC Explicit
08-05 03:41:49.293   512  2967 D audio_hw_primary: select_devices: out_snd_device(2: speaker) in_snd_device(0: none)
08-05 03:41:49.293   512  2967 D msm8974_platform: platform_send_audio_calibration: sending audio calibration for snd_device(2) acdb_id(15)
08-05 03:41:49.293   512  2967 I soundtrigger: audio_extn_sound_trigger_update_device_status: device 0x2 of type 0 for Event 1
08-05 03:41:49.304   512  2967 D audio_hw_primary: enable_snd_device: snd_device(2: speaker)
08-05 03:41:49.304  7568  7579 I art     : Explicit concurrent mark sweep GC freed 253(45KB) AllocSpace objects, 0(0B) LOS objects, 40% free, 22MB/37MB, paused 170us total 21.454ms
08-05 03:41:49.306   512  2967 D audio_hw_primary: enable_audio_route: apply and update mixer path: low-latency-playback speaker
08-05 03:41:49.313  7568  7579 I art     : Starting a blocking GC Explicit
08-05 03:41:49.328  7568  7579 I art     : Explicit concurrent mark sweep GC freed 680(69KB) AllocSpace objects, 0(0B) LOS objects, 40% free, 22MB/37MB, paused 127us total 14.940ms
08-05 03:41:49.337  7568  7579 I art     : Starting a blocking GC Explicit
08-05 03:41:49.348   512  2967 D AudioFlinger: mixer(0xf4740000) throttle end: throttle time(12)
08-05 03:41:49.351  7568  7579 I art     : Explicit concurrent mark sweep GC freed 40(2144B) AllocSpace objects, 0(0B) LOS objects, 40% free, 22MB/37MB, paused 124us total 14.319ms
08-05 03:41:49.360  7568  7579 I art     : Starting a blocking GC Explicit
08-05 03:41:49.375  7568  7579 I art     : Explicit concurrent mark sweep GC freed 247(9KB) AllocSpace objects, 0(0B) LOS objects, 40% free, 22MB/37MB, paused 357us total 14.461ms
08-05 03:41:49.620  7568  7889 I art     : Starting a blocking GC Explicit
08-05 03:41:49.639  7568  7889 I art     : Explicit concurrent mark sweep GC freed 1739(95KB) AllocSpace objects, 1(20KB) LOS objects, 40% free, 22MB/37MB, paused 164us total 18.829ms
08-05 03:41:49.650  7568  7889 I art     : Starting a blocking GC Explicit
08-05 03:41:49.670  7568  7889 I art     : Explicit concurrent mark sweep GC freed 48(1776B) AllocSpace objects, 0(0B) LOS objects, 40% free, 22MB/37MB, paused 131us total 19.863ms
08-05 03:41:49.680  7568  7889 I art     : Starting a blocking GC Explicit
08-05 03:41:49.696  7568  7889 I art     : Explicit concurrent mark sweep GC freed 3(96B) AllocSpace objects, 0(0B) LOS objects, 40% free, 22MB/37MB, paused 172us total 16.080ms
08-05 03:41:49.705  7568  7889 I art     : Starting a blocking GC Explicit
08-05 03:41:49.721  7568  7889 I art     : Explicit concurrent mark sweep GC freed 5(192B) AllocSpace objects, 0(0B) LOS objects, 40% free, 22MB/37MB, paused 129us total 15.438ms
08-05 03:41:49.731  7568  7889 I art     : Starting a blocking GC Explicit
08-05 03:41:49.748  7568  7889 I art     : Explicit concurrent mark sweep GC freed 5(160B) AllocSpace objects, 0(0B) LOS objects, 40% free, 22MB/37MB, paused 120us total 16.535ms
08-05 03:41:49.781  7996  7996 D AndroidRuntime: >>>>>> START com.android.internal.os.RuntimeInit uid 2000 <<<<<<
08-05 03:41:49.785  7996  7996 D AndroidRuntime: CheckJNI is OFF
08-05 03:41:49.813  7996  7996 D ICU     : No timezone override file found: /data/misc/zoneinfo/current/icu/icu_tzdata.dat
08-05 03:41:49.838   512  2967 D audio_hw_primary: disable_audio_route: reset and update mixer path: low-latency-playback speaker
08-05 03:41:49.840   512  2967 D audio_hw_primary: disable_snd_device: snd_device(2: speaker)
08-05 03:41:49.844  7996  7996 I Radio-JNI: register_android_hardware_Radio DONE
08-05 03:41:49.849   512  2967 I soundtrigger: audio_extn_sound_trigger_update_device_status: device 0x2 of type 0 for Event 0
08-05 03:41:49.863  7996  7996 D AndroidRuntime: Calling main entry com.android.commands.input.Input
08-05 03:41:49.865  7996  7996 I Input   : injectMotionEvent: MotionEvent { action=ACTION_DOWN, actionButton=0, id[0]=0, x[0]=463.0, y[0]=464.0, toolType[0]=TOOL_TYPE_UNKNOWN, buttonState=0, metaState=0, flags=0x0, edgeFlags=0x0, pointerCount=1, historySize=0, eventTime=762126278, downTime=762126278, deviceId=0, source=0x1002 }
08-05 03:41:49.870  7996  7996 I Input   : injectMotionEvent: MotionEvent { action=ACTION_UP, actionButton=0, id[0]=0, x[0]=463.0, y[0]=464.0, toolType[0]=TOOL_TYPE_UNKNOWN, buttonState=0, metaState=0, flags=0x0, edgeFlags=0x0, pointerCount=1, historySize=0, eventTime=762126278, downTime=762126278, deviceId=0, source=0x1002 }
08-05 03:41:49.874  7996  7996 D AndroidRuntime: Shutting down VM
08-05 03:41:49.943   512  2967 D audio_hw_primary: out_set_parameters: enter: usecase(1: low-latency-playback) kvpairs: routing=2
08-05 03:41:49.957   512  2967 D audio_hw_primary: select_devices: out_snd_device(2: speaker) in_snd_device(0: none)
08-05 03:41:49.957   512  2967 D msm8974_platform: platform_send_audio_calibration: sending audio calibration for snd_device(2) acdb_id(15)
08-05 03:41:49.958   512  2967 I soundtrigger: audio_extn_sound_trigger_update_device_status: device 0x2 of type 0 for Event 1
08-05 03:41:49.967   918  5481 W InputMethodManagerService: Window already focused, ignoring focus gain of: com.android.internal.view.IInputMethodClient$Stub$Proxy@f3833f2 attribute=null, token = android.os.BinderProxy@cb8f48e
08-05 03:41:49.972   512  2967 D audio_hw_primary: enable_snd_device: snd_device(2: speaker)
08-05 03:41:49.974   512  2967 D audio_hw_primary: enable_audio_route: apply and update mixer path: low-latency-playback speaker
08-05 03:41:50.001  7568  7589 I art     : Starting a blocking GC Explicit
08-05 03:41:50.015   512  2967 D AudioFlinger: mixer(0xf4740000) throttle end: throttle time(12)
08-05 03:41:50.017  7568  7589 I art     : Explicit concurrent mark sweep GC freed 1673(105KB) AllocSpace objects, 2(40KB) LOS objects, 40% free, 22MB/37MB, paused 142us total 15.308ms
08-05 03:41:50.026  7568  7589 I art     : Starting a blocking GC Explicit
08-05 03:41:50.041  7568  7589 I art     : Explicit concurrent mark sweep GC freed 117(6KB) AllocSpace objects, 0(0B) LOS objects, 40% free, 22MB/37MB, paused 121us total 14.623ms
08-05 03:41:50.050  7568  7589 I art     : Starting a blocking GC Explicit
08-05 03:41:50.064  7568  7589 I art     : Explicit concurrent mark sweep GC freed 3(96B) AllocSpace objects, 0(0B) LOS objects, 40% free, 22MB/37MB, paused 111us total 14.635ms
08-05 03:41:50.073  7568  7589 I art     : Starting a blocking GC Explicit
08-05 03:41:50.087  7568  7589 I art     : Explicit concurrent mark sweep GC freed 3(96B) AllocSpace objects, 0(0B) LOS objects, 40% free, 22MB/37MB, paused 117us total 13.939ms
08-05 03:41:50.097  7568  7589 I art     : Starting a blocking GC Explicit
08-05 03:41:50.112  7568  7589 I art     : Explicit concurrent mark sweep GC freed 3(96B) AllocSpace objects, 0(0B) LOS objects, 40% free, 22MB/37MB, paused 122us total 14.925ms
08-05 03:41:50.160   380   380 W SurfaceFlinger: couldn't log to binary event log: overflow.
08-05 03:41:50.172   518   646 I ThermalEngine: ACTION: GPU - Setting GPU[0] to 510000000
08-05 03:41:50.347  7568  7589 I art     : Starting a blocking GC Explicit
08-05 03:41:50.366  7568  7589 I art     : Explicit concurrent mark sweep GC freed 1338(78KB) AllocSpace objects, 1(20KB) LOS objects, 40% free, 22MB/37MB, paused 165us total 18.771ms
08-05 03:41:50.377  7568  7589 I art     : Starting a blocking GC Explicit
08-05 03:41:50.396  7568  7589 I art     : Explicit concurrent mark sweep GC freed 22(768B) AllocSpace objects, 0(0B) LOS objects, 40% free, 22MB/37MB, paused 161us total 18.644ms
08-05 03:41:50.407  7568  7589 I art     : Starting a blocking GC Explicit
08-05 03:41:50.426  7568  7589 I art     : Explicit concurrent mark sweep GC freed 3(96B) AllocSpace objects, 0(0B) LOS objects, 40% free, 22MB/37MB, paused 160us total 18.498ms
08-05 03:41:50.437  7568  7589 I art     : Starting a blocking GC Explicit
08-05 03:41:50.456  7568  7589 I art     : Explicit concurrent mark sweep GC freed 3(96B) AllocSpace objects, 0(0B) LOS objects, 40% free, 22MB/37MB, paused 170us total 18.865ms
08-05 03:41:50.468  7568  7589 I art     : Starting a blocking GC Explicit
08-05 03:41:50.480  8030  8030 D AndroidRuntime: >>>>>> START com.android.internal.os.RuntimeInit uid 2000 <<<<<<
08-05 03:41:50.485  8030  8030 D AndroidRuntime: CheckJNI is OFF
08-05 03:41:50.487  7568  7589 I art     : Explicit concurrent mark sweep GC freed 3(96B) AllocSpace objects, 0(0B) LOS objects, 40% free, 22MB/37MB, paused 171us total 19.559ms
08-05 03:41:50.498   512  2967 D audio_hw_primary: disable_audio_route: reset and update mixer path: low-latency-playback speaker
08-05 03:41:50.499   512  2967 D audio_hw_primary: disable_snd_device: snd_device(2: speaker)
08-05 03:41:50.507   512  2967 I soundtrigger: audio_extn_sound_trigger_update_device_status: device 0x2 of type 0 for Event 0
08-05 03:41:50.519  8030  8030 D ICU     : No timezone override file found: /data/misc/zoneinfo/current/icu/icu_tzdata.dat
08-05 03:41:50.551  8030  8030 I Radio-JNI: register_android_hardware_Radio DONE
08-05 03:41:50.573  8030  8030 D AndroidRuntime: Calling main entry com.android.commands.input.Input
08-05 03:41:50.574  8030  8030 I Input   : injectKeyEvent: KeyEvent { action=ACTION_DOWN, keyCode=KEYCODE_BACK, scanCode=0, metaState=0, flags=0x0, repeatCount=0, eventTime=762126987, downTime=762126987, deviceId=-1, source=0x101 }
08-05 03:41:50.579  8030  8030 I Input   : injectKeyEvent: KeyEvent { action=ACTION_UP, keyCode=KEYCODE_BACK, scanCode=0, metaState=0, flags=0x0, repeatCount=0, eventTime=762126987, downTime=762126987, deviceId=-1, source=0x101 }
08-05 03:41:50.585  8030  8030 D AndroidRuntime: Shutting down VM
08-05 03:41:50.618 13866 13866 I GoogleInputMethodServic: GoogleInputMethodService.onFinishInput():3138 
08-05 03:41:50.618 13866 13866 I GoogleInputMethodServic: GoogleInputMethodService.onStartInput():1808 
08-05 03:41:50.734  7568  7581 I art     : Starting a blocking GC Explicit
08-05 03:41:50.753  7568  7581 I art     : Explicit concurrent mark sweep GC freed 1442(84KB) AllocSpace objects, 1(20KB) LOS objects, 40% free, 22MB/37MB, paused 158us total 19.185ms
08-05 03:41:50.764  7568  7581 I art     : Starting a blocking GC Explicit
08-05 03:41:50.783  7568  7581 I art     : Explicit concurrent mark sweep GC freed 34(1200B) AllocSpace objects, 0(0B) LOS objects, 40% free, 22MB/37MB, paused 178us total 18.431ms
08-05 03:41:50.794  7568  7581 I art     : Starting a blocking GC Explicit
08-05 03:41:50.814  7568  7581 I art     : Explicit concurrent mark sweep GC freed 3(96B) AllocSpace objects, 0(0B) LOS objects, 40% free, 22MB/37MB, paused 187us total 19.245ms
08-05 03:41:50.826  7568  7581 I art     : Starting a blocking GC Explicit
08-05 03:41:50.845  7568  7581 I art     : Explicit concurrent mark sweep GC freed 3(96B) AllocSpace objects, 0(0B) LOS objects, 40% free, 22MB/37MB, paused 166us total 18.672ms
08-05 03:41:50.858  7568  7581 I art     : Starting a blocking GC Explicit
08-05 03:41:50.877  7568  7581 I art     : Explicit concurrent mark sweep GC freed 3(96B) AllocSpace objects, 0(0B) LOS objects, 40% free, 22MB/37MB, paused 172us total 18.576ms
08-05 03:41:50.910   380   380 W SurfaceFlinger: couldn't log to binary event log: overflow.
08-05 03:41:51.110  7568  7589 I art     : Starting a blocking GC Explicit
08-05 03:41:51.132  7568  7589 I art     : Explicit concurrent mark sweep GC freed 1487(85KB) AllocSpace objects, 1(20KB) LOS objects, 40% free, 22MB/37MB, paused 211us total 21.486ms
08-05 03:41:51.144  7568  7589 I art     : Starting a blocking GC Explicit
08-05 03:41:51.161  7568  7589 I art     : Explicit concurrent mark sweep GC freed 13761(694KB) AllocSpace objects, 7(340KB) LOS objects, 40% free, 21MB/35MB, paused 167us total 16.964ms
08-05 03:41:51.171  7568  7589 I art     : Starting a blocking GC Explicit
08-05 03:41:51.186  7568  7589 I art     : Explicit concurrent mark sweep GC freed 3(96B) AllocSpace objects, 0(0B) LOS objects, 40% free, 21MB/35MB, paused 162us total 14.568ms
08-05 03:41:51.197  7568  7589 I art     : Starting a blocking GC Explicit
08-05 03:41:51.211  7568  7589 I art     : Explicit concurrent mark sweep GC freed 3(96B) AllocSpace objects, 0(0B) LOS objects, 40% free, 21MB/35MB, paused 166us total 14.468ms
08-05 03:41:51.222  7568  7589 I art     : Starting a blocking GC Explicit
08-05 03:41:51.229  8062  8062 D AndroidRuntime: >>>>>> START com.android.internal.os.RuntimeInit uid 2000 <<<<<<
08-05 03:41:51.234  8062  8062 D AndroidRuntime: CheckJNI is OFF
08-05 03:41:51.237  7568  7589 I art     : Explicit concurrent mark sweep GC freed 3(96B) AllocSpace objects, 0(0B) LOS objects, 40% free, 21MB/35MB, paused 179us total 14.917ms
08-05 03:41:51.268  8062  8062 D ICU     : No timezone override file found: /data/misc/zoneinfo/current/icu/icu_tzdata.dat
08-05 03:41:51.301  8062  8062 I Radio-JNI: register_android_hardware_Radio DONE
08-05 03:41:51.323  8062  8062 D AndroidRuntime: Calling main entry com.android.commands.input.Input
08-05 03:41:51.325  8062  8062 I Input   : injectKeyEvent: KeyEvent { action=ACTION_DOWN, keyCode=KEYCODE_BACK, scanCode=0, metaState=0, flags=0x0, repeatCount=0, eventTime=762127738, downTime=762127738, deviceId=-1, source=0x101 }
08-05 03:41:51.330  8062  8062 I Input   : injectKeyEvent: KeyEvent { action=ACTION_UP, keyCode=KEYCODE_BACK, scanCode=0, metaState=0, flags=0x0, repeatCount=0, eventTime=762127738, downTime=762127738, deviceId=-1, source=0x101 }
08-05 03:41:51.337  8062  8062 D AndroidRuntime: Shutting down VM
08-05 03:41:51.382 13866 13866 I GoogleInputMethodServic: GoogleInputMethodService.onFinishInput():3138 
08-05 03:41:51.383 13866 13866 I GoogleInputMethodServic: GoogleInputMethodService.onStartInput():1808 
08-05 03:41:51.478  7568  7579 I art     : Starting a blocking GC Explicit
08-05 03:41:51.491  7568  7579 I art     : Explicit concurrent mark sweep GC freed 1513(85KB) AllocSpace objects, 1(20KB) LOS objects, 40% free, 21MB/35MB, paused 157us total 13.517ms
08-05 03:41:51.501  7568  7579 I art     : Starting a blocking GC Explicit
08-05 03:41:51.515  7568  7579 I art     : Explicit concurrent mark sweep GC freed 24(864B) AllocSpace objects, 0(0B) LOS objects, 40% free, 21MB/35MB, paused 141us total 13.296ms
08-05 03:41:51.525  7568  7579 I art     : Starting a blocking GC Explicit
08-05 03:41:51.538  7568  7579 I art     : Explicit concurrent mark sweep GC freed 3(96B) AllocSpace objects, 0(0B) LOS objects, 40% free, 21MB/35MB, paused 139us total 12.749ms
08-05 03:41:51.548  7568  7579 I art     : Starting a blocking GC Explicit
08-05 03:41:51.562  7568  7579 I art     : Explicit concurrent mark sweep GC freed 3(96B) AllocSpace objects, 0(0B) LOS objects, 40% free, 21MB/35MB, paused 162us total 13.032ms
08-05 03:41:51.572  7568  7579 I art     : Starting a blocking GC Explicit
08-05 03:41:51.585  7568  7579 I art     : Explicit concurrent mark sweep GC freed 3(96B) AllocSpace objects, 0(0B) LOS objects, 40% free, 21MB/35MB, paused 148us total 13.272ms
08-05 03:41:51.812  7568  7579 I art     : Starting a blocking GC Explicit
08-05 03:41:51.827  7568  7579 I art     : Explicit concurrent mark sweep GC freed 1362(79KB) AllocSpace objects, 1(20KB) LOS objects, 40% free, 21MB/35MB, paused 169us total 14.948ms
08-05 03:41:51.837  7568  7579 I art     : Starting a blocking GC Explicit
08-05 03:41:51.852  7568  7579 I art     : Explicit concurrent mark sweep GC freed 143(10KB) AllocSpace objects, 0(0B) LOS objects, 40% free, 21MB/35MB, paused 206us total 15.256ms
08-05 03:41:51.863  7568  7579 I art     : Starting a blocking GC Explicit
08-05 03:41:51.878  7568  7579 I art     : Explicit concurrent mark sweep GC freed 3(96B) AllocSpace objects, 0(0B) LOS objects, 40% free, 21MB/35MB, paused 163us total 14.683ms
08-05 03:41:51.888  7568  7579 I art     : Starting a blocking GC Explicit
08-05 03:41:51.903  7568  7579 I art     : Explicit concurrent mark sweep GC freed 3(96B) AllocSpace objects, 0(0B) LOS objects, 40% free, 21MB/35MB, paused 167us total 14.435ms
08-05 03:41:51.913  7568  7579 I art     : Starting a blocking GC Explicit
08-05 03:41:51.928  7568  7579 I art     : Explicit concurrent mark sweep GC freed 3(96B) AllocSpace objects, 0(0B) LOS objects, 40% free, 21MB/35MB, paused 163us total 14.481ms
08-05 03:41:51.962  8094  8094 D AndroidRuntime: >>>>>> START com.android.internal.os.RuntimeInit uid 2000 <<<<<<
08-05 03:41:51.967  8094  8094 D AndroidRuntime: CheckJNI is OFF
08-05 03:41:52.000  8094  8094 D ICU     : No timezone override file found: /data/misc/zoneinfo/current/icu/icu_tzdata.dat
08-05 03:41:52.034  8094  8094 I Radio-JNI: register_android_hardware_Radio DONE
08-05 03:41:52.057  8094  8094 D AndroidRuntime: Calling main entry com.android.commands.input.Input
08-05 03:41:52.058  8094  8094 I Input   : injectMotionEvent: MotionEvent { action=ACTION_DOWN, actionButton=0, id[0]=0, x[0]=600.0, y[0]=1536.0, toolType[0]=TOOL_TYPE_UNKNOWN, buttonState=0, metaState=0, flags=0x0, edgeFlags=0x0, pointerCount=1, historySize=0, eventTime=762128471, downTime=762128471, deviceId=0, source=0x1002 }
08-05 03:41:52.065  8094  8094 I Input   : injectMotionEvent: MotionEvent { action=ACTION_UP, actionButton=0, id[0]=0, x[0]=600.0, y[0]=1536.0, toolType[0]=TOOL_TYPE_UNKNOWN, buttonState=0, metaState=0, flags=0x0, edgeFlags=0x0, pointerCount=1, historySize=0, eventTime=762128471, downTime=762128471, deviceId=0, source=0x1002 }
08-05 03:41:52.067  8094  8094 D AndroidRuntime: Shutting down VM
08-05 03:41:52.081   512  2967 D audio_hw_primary: out_set_parameters: enter: usecase(1: low-latency-playback) kvpairs: routing=2
08-05 03:41:52.088   918  6111 I ActivityManager: START u0 {dat=https://oauth.reddit.com/... cmp=baseline.org.quantumbadger.redreader/.activities.PostListingActivity} from uid 10689 on display 0
08-05 03:41:52.094   512  2967 D audio_hw_primary: select_devices: out_snd_device(2: speaker) in_snd_device(0: none)
08-05 03:41:52.094   512  2967 D msm8974_platform: platform_send_audio_calibration: sending audio calibration for snd_device(2) acdb_id(15)
08-05 03:41:52.095   512  2967 I soundtrigger: audio_extn_sound_trigger_update_device_status: device 0x2 of type 0 for Event 1
08-05 03:41:52.108   512  2967 D audio_hw_primary: enable_snd_device: snd_device(2: speaker)
08-05 03:41:52.110   512  2967 D audio_hw_primary: enable_audio_route: apply and update mixer path: low-latency-playback speaker
08-05 03:41:52.111  7568  7568 I AppCompatViewInflater: app:theme is now deprecated. Please move to using android:theme instead.
08-05 03:41:52.157  7568  8127 I RawObjectDB query string: CREATE TABLE objects(RawObjectDB_id TEXT PRIMARY KEY ON CONFLICT REPLACE,RawObjectDB_timestamp INTEGER,accounts_active INTEGER,created INTEGER,created_utc INTEGER,description TEXT,description_html TEXT,display_name TEXT,header_img TEXT,header_title TEXT,id TEXT,name TEXT,over18 INTEGER,public_description TEXT,subscribers INTEGER,title TEXT,url TEXT)
08-05 03:41:52.175   518   646 I ThermalEngine: ACTION: GPU - Setting GPU[0] to 450000000
08-05 03:41:52.188  7568  7579 I art     : Starting a blocking GC Explicit
08-05 03:41:52.202  7568  8128 D OK      : calling: https://www.reddit.com/api/v1/access_token
08-05 03:41:52.213  7568  7579 I art     : Explicit concurrent mark sweep GC freed 7100(480KB) AllocSpace objects, 1(20KB) LOS objects, 40% free, 21MB/36MB, paused 1.086ms total 25.591ms
08-05 03:41:52.223   918   936 I ActivityManager: Displayed baseline.org.quantumbadger.redreader/.activities.PostListingActivity: +123ms
08-05 03:41:52.224 13866 13866 I GoogleInputMethodServic: GoogleInputMethodService.onFinishInput():3138 
08-05 03:41:52.224 13866 13866 I GoogleInputMethodServic: GoogleInputMethodService.onStartInput():1808 
08-05 03:41:52.227  7568  7579 I art     : Starting a blocking GC Explicit
08-05 03:41:52.251  7568  7579 I art     : Explicit concurrent mark sweep GC freed 832(54KB) AllocSpace objects, 0(0B) LOS objects, 40% free, 21MB/36MB, paused 340us total 23.511ms
08-05 03:41:52.267  7568  7579 I art     : Starting a blocking GC Explicit
08-05 03:41:52.285  7568  7579 I art     : Explicit concurrent mark sweep GC freed 2901(197KB) AllocSpace objects, 1(28KB) LOS objects, 40% free, 21MB/35MB, paused 457us total 18.491ms
08-05 03:41:52.299  7568  7579 I art     : Starting a blocking GC Explicit
08-05 03:41:52.316  7568  7579 I art     : Explicit concurrent mark sweep GC freed 3(96B) AllocSpace objects, 0(0B) LOS objects, 40% free, 21MB/35MB, paused 258us total 17.409ms
08-05 03:41:52.330  7568  7579 I art     : Starting a blocking GC Explicit
08-05 03:41:52.351  7568  7579 I art     : Explicit concurrent mark sweep GC freed 5(192B) AllocSpace objects, 0(0B) LOS objects, 40% free, 21MB/35MB, paused 278us total 20.731ms
08-05 03:41:52.472  7568  7568 I RedReader: Checking for new messages.
08-05 03:41:52.476  7568  7568 I RegularCachePruner: Pruning cache...
08-05 03:41:52.477  7568  8134 I RedditChangeDataManager: Pruning for all users...
08-05 03:41:52.478  7568  8134 I RedditChangeDataManager: Pruning complete.
08-05 03:41:52.483  7568  8134 I CacheManager: Pruning 0 files
08-05 03:41:52.488   380   380 W SurfaceFlinger: couldn't log to binary event log: overflow.
08-05 03:41:52.500  8137  8137 I art     : Late-enabling -Xcheck:jni
08-05 03:41:52.500   918   918 I ActivityManager: Start proc 8137:nappagreedy.com.newsblur/u0a679 for service nappagreedy.com.newsblur/.service.NBSyncService
08-05 03:41:52.505 17099 17099 I Finsky  : [1] xow.onStartJob(3): SCH: onJobSchedulerWakeup with jobId 9016
08-05 03:41:52.508 31159  8149 W Gcs.WfaEliRefreshTask: [25857] afk.b: NULL eligibility response.
08-05 03:41:52.510 17099 17099 I Finsky  : [1] xjw.a(9): Scheduling fallback in 43199995 (absolute: 1788716380)
08-05 03:41:52.513 24365 23289 I NetworkScheduler.Stats: Task com.google.android.apps.gcs/ started execution. cause:4 exec_start_elapsed_seconds: 1745516 [CONTEXT service_id=218 ]
08-05 03:41:52.514 17099 17099 I Finsky  : [1] xjw.a(9): Scheduling fallback in 64799996 (absolute: 1810316385)
08-05 03:41:52.518 17099 17099 I Finsky  : [1] xow.onStartJob(3): SCH: onJobSchedulerWakeup with jobId 9006
08-05 03:41:52.523 17099 17099 I Finsky  : [1] xjw.a(9): Scheduling fallback in 43199995 (absolute: 1788716393)
08-05 03:41:52.527 24365 23289 I NetworkScheduler.Stats: Task com.google.android.apps.gcs/ finished executing. cause:4 result: 3 elapsed_millis: 36 uptime_millis: 36 exec_start_elapsed_seconds: 1745516 [CONTEXT service_id=218 ]
08-05 03:41:52.528 17099 17099 I Finsky  : [1] xjw.a(9): Scheduling fallback in 64799997 (absolute: 1810316399)
08-05 03:41:52.533  8137  8137 W System  : ClassLoader referenced unknown path: /data/app/nappagreedy.com.newsblur-1/lib/arm64
08-05 03:41:52.534 17099 17099 W Finsky  : [1] xow.onStartJob(9): SCH: onJobSchedulerWakeup while already running
08-05 03:41:52.568 24365 21562 I NetworkScheduler.Stats: Task com.google.android.gms/com.google.android.gms.icing.service.IcingGcmTaskService started execution. cause:5 exec_start_elapsed_seconds: 1745516 [CONTEXT service_id=218 ]
08-05 03:41:52.576 24365 23289 I NetworkScheduler.Stats: Task com.google.android.gms/com.google.android.gms.icing.service.IcingGcmTaskService finished executing. cause:5 result: 1 elapsed_millis: 26 uptime_millis: 26 exec_start_elapsed_seconds: 1745516 [CONTEXT service_id=218 ]
08-05 03:41:52.586 17099 17099 I Finsky  : [1] xkf.handleMessage(8): SCH: DeviceState: DeviceState{currentTime=1596591712578, isCharging=false, isIdle=false, netAny=true, netNotRoaming=true, netUnmetered=true, batteryPercent=100.0}
08-05 03:41:52.591 17099  7535 I Finsky  : [6048] xmu.a(8): SCH: Jobs in database: 1-1337 3-201 3-202 12-1 24-77777777 26-1414141414 
08-05 03:41:52.594 17099 17099 I Finsky  : [1] xkg.a(16): SCH: Running job: 12-1
08-05 03:41:52.594 17099 17099 I Finsky  : [1] ContentSyncJob.a(16): [ContentSync] job started
08-05 03:41:52.595 17099 17099 I Finsky  : [1] xkf.handleMessage(61): SCH: RunningQueue size: 1, PendingQueue size: 0
08-05 03:41:52.595 17099 17099 I Finsky  : [1] xkf.handleMessage(64): SCH: Running queue: 12-1 
08-05 03:41:52.616  7568  7889 I art     : Starting a blocking GC Explicit
08-05 03:41:52.643  7568  8128 D OK      : request got status: 200
08-05 03:41:52.649   512  2967 D audio_hw_primary: disable_audio_route: reset and update mixer path: low-latency-playback speaker
08-05 03:41:52.650   512  2967 D audio_hw_primary: disable_snd_device: snd_device(2: speaker)
08-05 03:41:52.655  7568  8128 D OK      : calling: https://oauth.reddit.com/r/askscience/about.json
08-05 03:41:52.655  7568  7889 I art     : Explicit concurrent mark sweep GC freed 38612(2MB) AllocSpace objects, 16(1392KB) LOS objects, 39% free, 24MB/40MB, paused 1.244ms total 38.135ms
08-05 03:41:52.660   512  2967 I soundtrigger: audio_extn_sound_trigger_update_device_status: device 0x2 of type 0 for Event 0
08-05 03:41:52.670  7568  7889 I art     : Starting a blocking GC Explicit
08-05 03:41:52.689 17099  7558 I Finsky  : [6053] dzn.a(22): Completed 0 account content syncs with 0 successful.
08-05 03:41:52.690 17099 17099 I Finsky  : [1] ContentSyncJob.a(1): [ContentSync] Installation state replication succeeded.
08-05 03:41:52.690 17099 17099 I Finsky  : [1] xlr.a(13): SCH: jobFinished: 12-1. TimeElapsed: 96ms.
08-05 03:41:52.691 17099 17099 I Finsky  : [1] xkg.a(36): SCH: Job 12-1 finished. Not rescheduling.
08-05 03:41:52.691 17099 17099 I Finsky  : [1] xkf.handleMessage(61): SCH: RunningQueue size: 0, PendingQueue size: 0
08-05 03:41:52.691 17099 17099 I Finsky  : [1] xkf.handleMessage(25): Executor finished
08-05 03:41:52.698  7568  7889 I art     : Explicit concurrent mark sweep GC freed 4338(283KB) AllocSpace objects, 2(320KB) LOS objects, 40% free, 23MB/39MB, paused 343us total 28.035ms
08-05 03:41:52.714  7568  7889 I art     : Starting a blocking GC Explicit
08-05 03:41:52.714 17099 17099 I Finsky  : [1] xmu.a(8): SCH: Jobs in database: 1-1337 3-201 3-202 24-77777777 26-1414141414 
08-05 03:41:52.717 17099 17099 I Finsky  : [1] xio.a(57): SCH: ConstraintMapping: 24-77777777,  -> L: 0ms, D: 62887803ms, C: false, I: true, N: 0
08-05 03:41:52.717 17099 17099 I Finsky  : [1] xio.a(57): SCH: ConstraintMapping: 1-1337,  -> L: 23040192ms, D: 66240192ms, C: false, I: false, N: 1
08-05 03:41:52.718 17099 17099 I Finsky  : [1] xio.a(57): SCH: ConstraintMapping: 3-201,  -> L: 0ms, D: 82981707ms, C: false, I: true, N: 2
08-05 03:41:52.718 17099 17099 I Finsky  : [1] xio.a(57): SCH: ConstraintMapping: 3-202,  -> L: 0ms, D: 82981772ms, C: true, I: true, N: 2
08-05 03:41:52.718 17099 17099 I Finsky  : [1] xio.a(57): SCH: ConstraintMapping: 26-1414141414,  -> L: 27677677ms, D: 28577677ms, C: false, I: false, N: 0
08-05 03:41:52.728 17099 17099 I Finsky  : [1] xle.a(34): Cancelling existing jobscheduler jobs: 9014 9008 9019 9001 9013 9017 9018 9015 
08-05 03:41:52.728 17099 17099 I Finsky  : [1] xle.a(10): Throttling wakeup for job 9000 (expected to run in 0 ms) due to recent wakeup
08-05 03:41:52.729 17099 17099 I Finsky  : [1] xle.a(27): Scheduling job Id: 9000, L: 30000, D: 62887803, C: false, I: true, N: 0
08-05 03:41:52.732 17099 17099 I Finsky  : [1] xle.a(27): Scheduling job Id: 9002, L: 23040192, D: 66240192, C: false, I: false, N: 1
08-05 03:41:52.733 17099 17099 I Finsky  : [1] xle.a(10): Throttling wakeup for job 9003 (expected to run in 0 ms) due to recent wakeup
08-05 03:41:52.733 17099 17099 I Finsky  : [1] xle.a(27): Scheduling job Id: 9003, L: 30000, D: 82981707, C: false, I: true, N: 2
08-05 03:41:52.734 17099 17099 I Finsky  : [1] xle.a(10): Throttling wakeup for job 9004 (expected to run in 0 ms) due to recent wakeup
08-05 03:41:52.734 17099 17099 I Finsky  : [1] xle.a(27): Scheduling job Id: 9004, L: 30000, D: 82981772, C: true, I: true, N: 2
08-05 03:41:52.736 17099 17099 I Finsky  : [1] xle.a(27): Scheduling job Id: 9005, L: 27677677, D: 28577677, C: false, I: false, N: 0
08-05 03:41:52.737 17099 17099 I Finsky  : [1] xle.a(10): Throttling wakeup for job 9006 (expected to run in 0 ms) due to recent wakeup
08-05 03:41:52.737 17099 17099 I Finsky  : [1] xle.a(27): Scheduling job Id: 9006, L: 30000, D: 62887803, C: false, I: true, N: 0
08-05 03:41:52.738 17099 17099 I Finsky  : [1] xle.a(27): Scheduling job Id: 9007, L: 23040192, D: 66240192, C: false, I: false, N: 1
08-05 03:41:52.739 17099 17099 I Finsky  : [1] xle.a(10): Throttling wakeup for job 9009 (expected to run in 0 ms) due to recent wakeup
08-05 03:41:52.740 17099 17099 I Finsky  : [1] xle.a(27): Scheduling job Id: 9009, L: 30000, D: 82981707, C: false, I: true, N: 2
08-05 03:41:52.741 17099 17099 I Finsky  : [1] xle.a(10): Throttling wakeup for job 9010 (expected to run in 0 ms) due to recent wakeup
08-05 03:41:52.741 17099 17099 I Finsky  : [1] xle.a(27): Scheduling job Id: 9010, L: 30000, D: 82981772, C: true, I: true, N: 2
08-05 03:41:52.742  7568  7889 I art     : Explicit concurrent mark sweep GC freed 17(720B) AllocSpace objects, 0(0B) LOS objects, 40% free, 23MB/39MB, paused 350us total 27.567ms
08-05 03:41:52.742 17099 17099 I Finsky  : [1] xle.a(27): Scheduling job Id: 9011, L: 27677677, D: 28577677, C: false, I: false, N: 0
08-05 03:41:52.757  7568  7889 I art     : Starting a blocking GC Explicit
08-05 03:41:52.788  7568  7889 I art     : Explicit concurrent mark sweep GC freed 1967(77KB) AllocSpace objects, 0(0B) LOS objects, 40% free, 23MB/39MB, paused 441us total 30.161ms
08-05 03:41:52.803  7568  7889 I art     : Starting a blocking GC Explicit
08-05 03:41:52.834  7568  7889 I art     : Explicit concurrent mark sweep GC freed 78(3KB) AllocSpace objects, 0(0B) LOS objects, 40% free, 23MB/39MB, paused 411us total 30.403ms
08-05 03:41:52.923  7568  8128 I NAPPA_EXPERIMENTATION: MetricNetworkRequestExecutionTime: REQUEST_DURATION_SYSTEM='267',REQUEST_DURATION_OKHTTP='156',REQUEST_SYNCHRONOUS='TRUE',RESPONSE_CODE='200',RESPONSE_METHOD='GET',RESPONSE_LENGTH_OKHTTP='-1',RESPONSE_LENGTH_HEADER='4700',REQUEST_PROTOCOL='h2',REQUEST_URL='https://oauth.reddit.com/r/askscience/about.json',
08-05 03:41:52.923  7568  8128 D OK      : request got status: 200
08-05 03:41:53.010   918  4413 I ActivityManager: Killing 26499:nappatfpr.com.newsblur/u0a682 (adj 15): empty #17
08-05 03:41:53.113  7568  7589 I art     : Starting a blocking GC Explicit
08-05 03:41:53.149  7568  7589 I art     : Explicit concurrent mark sweep GC freed 3281(332KB) AllocSpace objects, 4(176KB) LOS objects, 39% free, 24MB/40MB, paused 342us total 35.848ms
08-05 03:41:53.167  7568  7589 I art     : Starting a blocking GC Explicit
08-05 03:41:53.200  7568  7589 I art     : Explicit concurrent mark sweep GC freed 266(12KB) AllocSpace objects, 0(0B) LOS objects, 39% free, 24MB/40MB, paused 326us total 32.580ms
08-05 03:41:53.216  7568  7589 I art     : Starting a blocking GC Explicit
08-05 03:41:53.250  7568  7589 I art     : Explicit concurrent mark sweep GC freed 3(96B) AllocSpace objects, 0(0B) LOS objects, 39% free, 24MB/40MB, paused 347us total 33.068ms
08-05 03:41:53.267  7568  7589 I art     : Starting a blocking GC Explicit
08-05 03:41:53.300  7568  7589 I art     : Explicit concurrent mark sweep GC freed 41(2064B) AllocSpace objects, 0(0B) LOS objects, 39% free, 24MB/40MB, paused 316us total 33.011ms
08-05 03:41:53.317  7568  7589 I art     : Starting a blocking GC Explicit
08-05 03:41:53.350  7568  7589 I art     : Explicit concurrent mark sweep GC freed 3(96B) AllocSpace objects, 0(0B) LOS objects, 39% free, 24MB/40MB, paused 371us total 32.933ms
08-05 03:41:53.399  7568  8176 D OK      : calling: https://oauth.reddit.com/r/askscience/hot/.json
08-05 03:41:53.618  7568  8176 I NAPPA_EXPERIMENTATION: MetricNetworkRequestExecutionTime: REQUEST_DURATION_SYSTEM='218',REQUEST_DURATION_OKHTTP='212',REQUEST_SYNCHRONOUS='TRUE',RESPONSE_CODE='200',RESPONSE_METHOD='GET',RESPONSE_LENGTH_OKHTTP='-1',RESPONSE_LENGTH_HEADER='21282',REQUEST_PROTOCOL='h2',REQUEST_URL='https://oauth.reddit.com/r/askscience/hot/.json',
08-05 03:41:53.618  7568  8176 D OK      : request got status: 200
08-05 03:41:53.637  7568  7589 I art     : Starting a blocking GC Explicit
08-05 03:41:53.643  7568  8164 I PostListingFragment: Precaching images: OFF
08-05 03:41:53.643  7568  8164 I PostListingFragment: Precaching comments: OFF
08-05 03:41:53.674  7568  7589 I art     : Explicit concurrent mark sweep GC freed 2311(201KB) AllocSpace objects, 1(20KB) LOS objects, 39% free, 24MB/40MB, paused 861us total 36.640ms
08-05 03:41:53.693  7568  7589 I art     : Starting a blocking GC Explicit
08-05 03:41:53.730  7568  7589 I art     : Explicit concurrent mark sweep GC freed 2485(169KB) AllocSpace objects, 1(68KB) LOS objects, 39% free, 24MB/40MB, paused 577us total 36.636ms
08-05 03:41:53.748  7568  7589 I art     : Starting a blocking GC Explicit
08-05 03:41:53.786  7568  7589 I art     : Explicit concurrent mark sweep GC freed 2845(150KB) AllocSpace objects, 1(68KB) LOS objects, 39% free, 24MB/40MB, paused 496us total 38.212ms
08-05 03:41:53.803  7568  7589 I art     : Starting a blocking GC Explicit
08-05 03:41:53.843  7568  7589 I art     : Explicit concurrent mark sweep GC freed 3164(123KB) AllocSpace objects, 0(0B) LOS objects, 39% free, 24MB/40MB, paused 609us total 40.110ms
08-05 03:41:53.860  7568  7589 I art     : Starting a blocking GC Explicit
08-05 03:41:53.901  7568  7589 I art     : Explicit concurrent mark sweep GC freed 2988(111KB) AllocSpace objects, 0(0B) LOS objects, 39% free, 24MB/40MB, paused 490us total 40.206ms
08-05 03:41:54.217  7568  7579 I art     : Starting a blocking GC Explicit
08-05 03:41:54.259  7568  7579 I art     : Explicit concurrent mark sweep GC freed 24995(1110KB) AllocSpace objects, 1(20KB) LOS objects, 39% free, 24MB/40MB, paused 671us total 41.836ms
08-05 03:41:54.277  7568  7579 I art     : Starting a blocking GC Explicit
08-05 03:41:54.312  7568  7579 I art     : Explicit concurrent mark sweep GC freed 1662(69KB) AllocSpace objects, 0(0B) LOS objects, 39% free, 24MB/40MB, paused 326us total 34.515ms
08-05 03:41:54.329  7568  7579 I art     : Starting a blocking GC Explicit
08-05 03:41:54.365  7568  7579 I art     : Explicit concurrent mark sweep GC freed 5(192B) AllocSpace objects, 0(0B) LOS objects, 39% free, 24MB/40MB, paused 410us total 36.027ms
08-05 03:41:54.382  7568  7579 I art     : Starting a blocking GC Explicit
08-05 03:41:54.421  7568  7579 I art     : Explicit concurrent mark sweep GC freed 44(1600B) AllocSpace objects, 0(0B) LOS objects, 39% free, 24MB/40MB, paused 361us total 38.697ms
08-05 03:41:54.443  7568  7579 I art     : Starting a blocking GC Explicit
08-05 03:41:54.476  7568  7579 I art     : Explicit concurrent mark sweep GC freed 134(8KB) AllocSpace objects, 0(0B) LOS objects, 39% free, 24MB/40MB, paused 330us total 33.744ms
08-05 03:41:54.772  7568  7889 I art     : Starting a blocking GC Explicit
08-05 03:41:54.824  7568  7889 I art     : Explicit concurrent mark sweep GC freed 1574(89KB) AllocSpace objects, 1(20KB) LOS objects, 39% free, 24MB/40MB, paused 359us total 51.679ms
08-05 03:41:54.844  7568  7889 I art     : Starting a blocking GC Explicit
08-05 03:41:54.885  7568  7889 I art     : Explicit concurrent mark sweep GC freed 30(1104B) AllocSpace objects, 0(0B) LOS objects, 39% free, 24MB/40MB, paused 334us total 40.695ms
08-05 03:41:54.903  7568  7889 I art     : Starting a blocking GC Explicit
08-05 03:41:54.943  7568  7889 I art     : Explicit concurrent mark sweep GC freed 3(96B) AllocSpace objects, 0(0B) LOS objects, 39% free, 24MB/40MB, paused 356us total 39.560ms
08-05 03:41:54.961  7568  7889 I art     : Starting a blocking GC Explicit
08-05 03:41:55.001  7568  7889 I art     : Explicit concurrent mark sweep GC freed 3(96B) AllocSpace objects, 0(0B) LOS objects, 39% free, 24MB/40MB, paused 357us total 39.814ms
08-05 03:41:55.019  7568  7889 I art     : Starting a blocking GC Explicit
08-05 03:41:55.057  7568  7889 I art     : Explicit concurrent mark sweep GC freed 3(96B) AllocSpace objects, 0(0B) LOS objects, 39% free, 24MB/40MB, paused 373us total 38.477ms
08-05 03:41:55.184   518   646 I ThermalEngine: ACTION: GPU - Setting GPU[0] to 510000000
08-05 03:41:55.369  7568  7581 I art     : Starting a blocking GC Explicit
08-05 03:41:55.405  7568  7581 I art     : Explicit concurrent mark sweep GC freed 1346(78KB) AllocSpace objects, 1(20KB) LOS objects, 39% free, 24MB/40MB, paused 288us total 36.644ms
08-05 03:41:55.420  7568  7581 I art     : Starting a blocking GC Explicit
08-05 03:41:55.450  7568  7581 I art     : Explicit concurrent mark sweep GC freed 20(704B) AllocSpace objects, 0(0B) LOS objects, 39% free, 24MB/40MB, paused 265us total 30.141ms
08-05 03:41:55.464  7568  7581 I art     : Starting a blocking GC Explicit
08-05 03:41:55.493  7568  7581 I art     : Explicit concurrent mark sweep GC freed 3(96B) AllocSpace objects, 0(0B) LOS objects, 39% free, 24MB/40MB, paused 241us total 29.307ms
08-05 03:41:55.507  7568  7581 I art     : Starting a blocking GC Explicit
08-05 03:41:55.537  7568  7581 I art     : Explicit concurrent mark sweep GC freed 3(96B) AllocSpace objects, 0(0B) LOS objects, 39% free, 24MB/40MB, paused 275us total 30.247ms
08-05 03:41:55.551  7568  7581 I art     : Starting a blocking GC Explicit
08-05 03:41:55.581  7568  7581 I art     : Explicit concurrent mark sweep GC freed 3(96B) AllocSpace objects, 0(0B) LOS objects, 39% free, 24MB/40MB, paused 265us total 30.215ms
08-05 03:41:55.910  7568  7579 I art     : Starting a blocking GC Explicit
08-05 03:41:55.948  7568  7579 I art     : Explicit concurrent mark sweep GC freed 1343(78KB) AllocSpace objects, 1(20KB) LOS objects, 39% free, 24MB/40MB, paused 326us total 38.033ms
08-05 03:41:55.964  7568  7579 I art     : Starting a blocking GC Explicit
08-05 03:41:55.995  7568  7579 I art     : Explicit concurrent mark sweep GC freed 20(704B) AllocSpace objects, 0(0B) LOS objects, 39% free, 24MB/40MB, paused 266us total 30.313ms
08-05 03:41:56.009  7568  7579 I art     : Starting a blocking GC Explicit
08-05 03:41:56.039  7568  7579 I art     : Explicit concurrent mark sweep GC freed 3(96B) AllocSpace objects, 0(0B) LOS objects, 39% free, 24MB/40MB, paused 259us total 30.050ms
08-05 03:41:56.052  7568  7579 I art     : Starting a blocking GC Explicit
08-05 03:41:56.083  7568  7579 I art     : Explicit concurrent mark sweep GC freed 3(96B) AllocSpace objects, 0(0B) LOS objects, 39% free, 24MB/40MB, paused 258us total 30.216ms
08-05 03:41:56.097  7568  7579 I art     : Starting a blocking GC Explicit
08-05 03:41:56.127  7568  7579 I art     : Explicit concurrent mark sweep GC freed 3(96B) AllocSpace objects, 0(0B) LOS objects, 39% free, 24MB/40MB, paused 264us total 30.628ms
08-05 03:41:56.436  7568  7589 I art     : Starting a blocking GC Explicit
08-05 03:41:56.475  7568  7589 I art     : Explicit concurrent mark sweep GC freed 1343(78KB) AllocSpace objects, 1(20KB) LOS objects, 39% free, 24MB/40MB, paused 289us total 38.387ms
08-05 03:41:56.493  7568  7589 I art     : Starting a blocking GC Explicit
08-05 03:41:56.522  7568  7589 I art     : Explicit concurrent mark sweep GC freed 20(704B) AllocSpace objects, 0(0B) LOS objects, 39% free, 24MB/40MB, paused 247us total 29.260ms
08-05 03:41:56.531  5221  5221 I Atfwd_Sendcmd: AtCmdFwd service not ready - Exhausted retry attempts - :6
08-05 03:41:56.531  5221  5221 I Atfwd_Daemon: result : -1 	 ,Init step :2 	 ,qmiErrorCode: 0
08-05 03:41:56.535  7568  7589 I art     : Starting a blocking GC Explicit
08-05 03:41:56.566  7568  7589 I art     : Explicit concurrent mark sweep GC freed 3(96B) AllocSpace objects, 0(0B) LOS objects, 39% free, 24MB/40MB, paused 255us total 29.945ms
08-05 03:41:56.579  7568  7589 I art     : Starting a blocking GC Explicit
08-05 03:41:56.610  7568  7589 I art     : Explicit concurrent mark sweep GC freed 3(96B) AllocSpace objects, 0(0B) LOS objects, 39% free, 24MB/40MB, paused 265us total 30.524ms
08-05 03:41:56.623  7568  7589 I art     : Starting a blocking GC Explicit
08-05 03:41:56.654  7568  7589 I art     : Explicit concurrent mark sweep GC freed 3(96B) AllocSpace objects, 0(0B) LOS objects, 39% free, 24MB/40MB, paused 255us total 29.958ms
08-05 03:41:56.969  7568  7889 I art     : Starting a blocking GC Explicit
08-05 03:41:57.004  7568  7889 I art     : Explicit concurrent mark sweep GC freed 1347(78KB) AllocSpace objects, 1(20KB) LOS objects, 39% free, 24MB/40MB, paused 250us total 34.666ms
08-05 03:41:57.018  7568  7889 I art     : Starting a blocking GC Explicit
08-05 03:41:57.049  7568  7889 I art     : Explicit concurrent mark sweep GC freed 20(704B) AllocSpace objects, 0(0B) LOS objects, 39% free, 24MB/40MB, paused 265us total 30.494ms
08-05 03:41:57.062  7568  7889 I art     : Starting a blocking GC Explicit
08-05 03:41:57.092  7568  7889 I art     : Explicit concurrent mark sweep GC freed 3(96B) AllocSpace objects, 0(0B) LOS objects, 39% free, 24MB/40MB, paused 267us total 30.029ms
08-05 03:41:57.106  7568  7889 I art     : Starting a blocking GC Explicit
08-05 03:41:57.136  7568  7889 I art     : Explicit concurrent mark sweep GC freed 3(96B) AllocSpace objects, 0(0B) LOS objects, 39% free, 24MB/40MB, paused 269us total 29.845ms
08-05 03:41:57.150  7568  7889 I art     : Starting a blocking GC Explicit
08-05 03:41:57.181  7568  7889 I art     : Explicit concurrent mark sweep GC freed 3(96B) AllocSpace objects, 0(0B) LOS objects, 39% free, 24MB/40MB, paused 252us total 30.694ms
08-05 03:41:57.472  7568  7581 I art     : Starting a blocking GC Explicit
08-05 03:41:57.502  7568  7581 I art     : Explicit concurrent mark sweep GC freed 1344(78KB) AllocSpace objects, 1(20KB) LOS objects, 39% free, 24MB/40MB, paused 278us total 30.082ms
08-05 03:41:57.516  7568  7581 I art     : Starting a blocking GC Explicit
08-05 03:41:57.545  7568  7581 I art     : Explicit concurrent mark sweep GC freed 20(704B) AllocSpace objects, 0(0B) LOS objects, 39% free, 24MB/40MB, paused 248us total 28.998ms
08-05 03:41:57.558  7568  7581 I art     : Starting a blocking GC Explicit
08-05 03:41:57.586  7568  7581 I art     : Explicit concurrent mark sweep GC freed 3(96B) AllocSpace objects, 0(0B) LOS objects, 39% free, 24MB/40MB, paused 263us total 28.011ms
08-05 03:41:57.599  7568  7581 I art     : Starting a blocking GC Explicit
08-05 03:41:57.627  7568  7581 I art     : Explicit concurrent mark sweep GC freed 3(96B) AllocSpace objects, 0(0B) LOS objects, 39% free, 24MB/40MB, paused 259us total 27.647ms
08-05 03:41:57.640  7568  7581 I art     : Starting a blocking GC Explicit
08-05 03:41:57.669  7568  7581 I art     : Explicit concurrent mark sweep GC freed 3(96B) AllocSpace objects, 0(0B) LOS objects, 39% free, 24MB/40MB, paused 262us total 28.885ms
08-05 03:41:57.768  8248  8248 D AndroidRuntime: >>>>>> START com.android.internal.os.RuntimeInit uid 2000 <<<<<<
08-05 03:41:57.773  8248  8248 D AndroidRuntime: CheckJNI is OFF
08-05 03:41:57.810  8248  8248 D ICU     : No timezone override file found: /data/misc/zoneinfo/current/icu/icu_tzdata.dat
08-05 03:41:57.842  8248  8248 I Radio-JNI: register_android_hardware_Radio DONE
08-05 03:41:57.863  8248  8248 D AndroidRuntime: Calling main entry com.android.commands.input.Input
08-05 03:41:57.865  8248  8248 I Input   : injectMotionEvent: MotionEvent { action=ACTION_DOWN, actionButton=0, id[0]=0, x[0]=600.0, y[0]=700.0, toolType[0]=TOOL_TYPE_UNKNOWN, buttonState=0, metaState=0, flags=0x0, edgeFlags=0x0, pointerCount=1, historySize=0, eventTime=762134278, downTime=762134278, deviceId=0, source=0x1002 }
08-05 03:41:57.871  8248  8248 I Input   : injectMotionEvent: MotionEvent { action=ACTION_UP, actionButton=0, id[0]=0, x[0]=600.0, y[0]=700.0, toolType[0]=TOOL_TYPE_UNKNOWN, buttonState=0, metaState=0, flags=0x0, edgeFlags=0x0, pointerCount=1, historySize=0, eventTime=762134278, downTime=762134278, deviceId=0, source=0x1002 }
08-05 03:41:57.873  7568  7568 I RRChoreographer: Using modern Choreographer
08-05 03:41:57.874  8248  8248 D AndroidRuntime: Shutting down VM
08-05 03:41:57.890   512  2967 D audio_hw_primary: out_set_parameters: enter: usecase(1: low-latency-playback) kvpairs: routing=2
08-05 03:41:57.893   918  4413 I ActivityManager: START u0 {dat=https://oauth.reddit.com/... cmp=baseline.org.quantumbadger.redreader/.activities.CommentListingActivity} from uid 10689 on display 0
08-05 03:41:57.903   512  2967 D audio_hw_primary: select_devices: out_snd_device(2: speaker) in_snd_device(0: none)
08-05 03:41:57.903   512  2967 D msm8974_platform: platform_send_audio_calibration: sending audio calibration for snd_device(2) acdb_id(15)
08-05 03:41:57.903   512  2967 I soundtrigger: audio_extn_sound_trigger_update_device_status: device 0x2 of type 0 for Event 1
08-05 03:41:57.915  7568  7568 I AppCompatViewInflater: app:theme is now deprecated. Please move to using android:theme instead.
08-05 03:41:57.915   512  2967 D audio_hw_primary: enable_snd_device: snd_device(2: speaker)
08-05 03:41:57.918   512  2967 D audio_hw_primary: enable_audio_route: apply and update mixer path: low-latency-playback speaker
08-05 03:41:57.935  7568  8283 D OK      : calling: https://oauth.reddit.com/comments/gvc7k9/.json?sort=confidence
08-05 03:41:57.952  7568  7581 I art     : Starting a blocking GC Explicit
08-05 03:41:57.981  7568  7581 I art     : Explicit concurrent mark sweep GC freed 3644(249KB) AllocSpace objects, 1(20KB) LOS objects, 39% free, 24MB/40MB, paused 551us total 28.542ms
08-05 03:41:57.994  7568  7581 I art     : Starting a blocking GC Explicit
08-05 03:41:58.011   918   936 I ActivityManager: Displayed baseline.org.quantumbadger.redreader/.activities.CommentListingActivity: +108ms
08-05 03:41:58.012 13866 13866 I GoogleInputMethodServic: GoogleInputMethodService.onFinishInput():3138 
08-05 03:41:58.013 13866 13866 I GoogleInputMethodServic: GoogleInputMethodService.onStartInput():1808 
08-05 03:41:58.024  7568  7581 I art     : Explicit concurrent mark sweep GC freed 871(34KB) AllocSpace objects, 0(0B) LOS objects, 39% free, 24MB/40MB, paused 287us total 30.324ms
08-05 03:41:58.039  7568  7581 I art     : Starting a blocking GC Explicit
08-05 03:41:58.068  7568  7581 I art     : Explicit concurrent mark sweep GC freed 145(8KB) AllocSpace objects, 0(0B) LOS objects, 39% free, 24MB/40MB, paused 259us total 28.202ms
08-05 03:41:58.081  7568  7581 I art     : Starting a blocking GC Explicit
08-05 03:41:58.108  7568  7581 I art     : Explicit concurrent mark sweep GC freed 5(160B) AllocSpace objects, 0(0B) LOS objects, 39% free, 24MB/40MB, paused 293us total 26.836ms
08-05 03:41:58.114  7568  8283 I NAPPA_EXPERIMENTATION: MetricNetworkRequestExecutionTime: REQUEST_DURATION_SYSTEM='179',REQUEST_DURATION_OKHTTP='177',REQUEST_SYNCHRONOUS='TRUE',RESPONSE_CODE='200',RESPONSE_METHOD='GET',RESPONSE_LENGTH_OKHTTP='-1',RESPONSE_LENGTH_HEADER='90132',REQUEST_PROTOCOL='h2',REQUEST_URL='https://oauth.reddit.com/comments/gvc7k9/.json?sort=confidence',
08-05 03:41:58.114  7568  8283 D OK      : request got status: 200
08-05 03:41:58.120  7568  7581 I art     : Starting a blocking GC Explicit
08-05 03:41:58.127  7568  8164 I CommentListingActivity: COMMENTS session changed to 3335c1bb-1623-4364-b44b-c797955efdd7
08-05 03:41:58.150  7568  7581 I art     : Explicit concurrent mark sweep GC freed 633(122KB) AllocSpace objects, 0(0B) LOS objects, 38% free, 25MB/41MB, paused 511us total 29.800ms
08-05 03:41:58.252   380   380 W SurfaceFlinger: couldn't log to binary event log: overflow.
08-05 03:41:58.389  7568  7889 I art     : Starting a blocking GC Explicit
08-05 03:41:58.444  7568  7889 I art     : Explicit concurrent mark sweep GC freed 43260(2MB) AllocSpace objects, 5(140KB) LOS objects, 35% free, 28MB/44MB, paused 335us total 54.955ms
08-05 03:41:58.458   512  2967 D audio_hw_primary: disable_audio_route: reset and update mixer path: low-latency-playback speaker
08-05 03:41:58.459   512  2967 D audio_hw_primary: disable_snd_device: snd_device(2: speaker)
08-05 03:41:58.460  7568  7889 I art     : Starting a blocking GC Explicit
08-05 03:41:58.466   512  2967 I soundtrigger: audio_extn_sound_trigger_update_device_status: device 0x2 of type 0 for Event 0
08-05 03:41:58.501  7568  7889 I art     : Explicit concurrent mark sweep GC freed 19447(921KB) AllocSpace objects, 1(68KB) LOS objects, 36% free, 27MB/43MB, paused 261us total 40.921ms
08-05 03:41:58.516  7568  7889 I art     : Starting a blocking GC Explicit
08-05 03:41:58.556  7568  7889 I art     : Explicit concurrent mark sweep GC freed 20(848B) AllocSpace objects, 0(0B) LOS objects, 36% free, 27MB/43MB, paused 229us total 39.758ms
08-05 03:41:58.571  7568  7889 I art     : Starting a blocking GC Explicit
08-05 03:41:58.614  7568  7889 I art     : Explicit concurrent mark sweep GC freed 3(96B) AllocSpace objects, 0(0B) LOS objects, 36% free, 27MB/43MB, paused 245us total 42.554ms
08-05 03:41:58.629  7568  7889 I art     : Starting a blocking GC Explicit
08-05 03:41:58.672  7568  7889 I art     : Explicit concurrent mark sweep GC freed 3(96B) AllocSpace objects, 0(0B) LOS objects, 36% free, 27MB/43MB, paused 343us total 42.166ms
08-05 03:41:58.972  7568  7589 I art     : Starting a blocking GC Explicit
08-05 03:41:59.018  7568  7589 I art     : Explicit concurrent mark sweep GC freed 1343(78KB) AllocSpace objects, 1(20KB) LOS objects, 36% free, 27MB/43MB, paused 260us total 45.901ms
08-05 03:41:59.031   918  3261 D WifiStateMachine: starting scan for "H369AA63323"WPA_PSK with 2412,5180
08-05 03:41:59.033  7568  7589 I art     : Starting a blocking GC Explicit
08-05 03:41:59.075  7568  7589 I art     : Explicit concurrent mark sweep GC freed 20(704B) AllocSpace objects, 0(0B) LOS objects, 36% free, 27MB/43MB, paused 247us total 41.276ms
08-05 03:41:59.090  7568  7589 I art     : Starting a blocking GC Explicit
08-05 03:41:59.132  7568  7589 I art     : Explicit concurrent mark sweep GC freed 49(1920B) AllocSpace objects, 0(0B) LOS objects, 36% free, 27MB/43MB, paused 260us total 42.095ms
08-05 03:41:59.147  7568  7589 I art     : Starting a blocking GC Explicit
08-05 03:41:59.192  7568  7589 I art     : Explicit concurrent mark sweep GC freed 3(96B) AllocSpace objects, 0(0B) LOS objects, 36% free, 27MB/43MB, paused 276us total 44.141ms
08-05 03:41:59.207  7568  7589 I art     : Starting a blocking GC Explicit
08-05 03:41:59.252  7568  7589 I art     : Explicit concurrent mark sweep GC freed 3(96B) AllocSpace objects, 0(0B) LOS objects, 36% free, 27MB/43MB, paused 265us total 44.969ms
08-05 03:41:59.533  7568  7889 I art     : Starting a blocking GC Explicit
08-05 03:41:59.588  7568  7889 I art     : Explicit concurrent mark sweep GC freed 1343(78KB) AllocSpace objects, 1(20KB) LOS objects, 36% free, 27MB/43MB, paused 319us total 55.109ms
08-05 03:41:59.610  7568  7889 I art     : Starting a blocking GC Explicit
08-05 03:41:59.652  7568  7889 I art     : Explicit concurrent mark sweep GC freed 20(704B) AllocSpace objects, 0(0B) LOS objects, 36% free, 27MB/43MB, paused 250us total 41.030ms
08-05 03:41:59.667  7568  7889 I art     : Starting a blocking GC Explicit
08-05 03:41:59.712  7568  7889 I art     : Explicit concurrent mark sweep GC freed 3(96B) AllocSpace objects, 0(0B) LOS objects, 36% free, 27MB/43MB, paused 266us total 44.007ms
08-05 03:41:59.727  7568  7889 I art     : Starting a blocking GC Explicit
08-05 03:41:59.770  7568  7889 I art     : Explicit concurrent mark sweep GC freed 3(96B) AllocSpace objects, 0(0B) LOS objects, 36% free, 27MB/43MB, paused 251us total 42.900ms
08-05 03:41:59.786  7568  7889 I art     : Starting a blocking GC Explicit
08-05 03:41:59.830  7568  7889 I art     : Explicit concurrent mark sweep GC freed 3(96B) AllocSpace objects, 0(0B) LOS objects, 36% free, 27MB/43MB, paused 275us total 44.569ms
08-05 03:42:00.136  7568  7581 I art     : Starting a blocking GC Explicit
08-05 03:42:00.181  7568  7581 I art     : Explicit concurrent mark sweep GC freed 1343(78KB) AllocSpace objects, 1(20KB) LOS objects, 36% free, 27MB/43MB, paused 267us total 44.031ms
08-05 03:42:00.200  7568  7581 I art     : Starting a blocking GC Explicit
08-05 03:42:00.242  7568  7581 I art     : Explicit concurrent mark sweep GC freed 20(704B) AllocSpace objects, 0(0B) LOS objects, 36% free, 27MB/43MB, paused 239us total 41.631ms
08-05 03:42:00.257  7568  7581 I art     : Starting a blocking GC Explicit
08-05 03:42:00.299  7568  7581 I art     : Explicit concurrent mark sweep GC freed 3(96B) AllocSpace objects, 0(0B) LOS objects, 36% free, 27MB/43MB, paused 256us total 42.574ms
08-05 03:42:00.315  7568  7581 I art     : Starting a blocking GC Explicit
08-05 03:42:00.358  7568  7581 I art     : Explicit concurrent mark sweep GC freed 3(96B) AllocSpace objects, 0(0B) LOS objects, 36% free, 27MB/43MB, paused 260us total 43.491ms
08-05 03:42:00.374  7568  7581 I art     : Starting a blocking GC Explicit
08-05 03:42:00.418  7568  7581 I art     : Explicit concurrent mark sweep GC freed 3(96B) AllocSpace objects, 0(0B) LOS objects, 36% free, 27MB/43MB, paused 257us total 43.903ms
08-05 03:42:00.720  7568  7579 I art     : Starting a blocking GC Explicit
08-05 03:42:00.779  7568  7579 I art     : Explicit concurrent mark sweep GC freed 1343(78KB) AllocSpace objects, 1(20KB) LOS objects, 36% free, 27MB/43MB, paused 287us total 58.202ms
08-05 03:42:00.797  7568  7579 I art     : Starting a blocking GC Explicit
08-05 03:42:00.843  7568  7579 I art     : Explicit concurrent mark sweep GC freed 20(704B) AllocSpace objects, 0(0B) LOS objects, 36% free, 27MB/43MB, paused 260us total 44.957ms
08-05 03:42:00.859  7568  7579 I art     : Starting a blocking GC Explicit
08-05 03:42:00.902  7568  7579 I art     : Explicit concurrent mark sweep GC freed 3(96B) AllocSpace objects, 0(0B) LOS objects, 36% free, 27MB/43MB, paused 245us total 42.851ms
08-05 03:42:00.917  7568  7579 I art     : Starting a blocking GC Explicit
08-05 03:42:00.961  7568  7579 I art     : Explicit concurrent mark sweep GC freed 3(96B) AllocSpace objects, 0(0B) LOS objects, 36% free, 27MB/43MB, paused 247us total 43.836ms
08-05 03:42:00.976  7568  7579 I art     : Starting a blocking GC Explicit
08-05 03:42:01.021  7568  7579 I art     : Explicit concurrent mark sweep GC freed 3(96B) AllocSpace objects, 0(0B) LOS objects, 36% free, 27MB/43MB, paused 265us total 44.081ms
08-05 03:42:01.330  7568  7589 I art     : Starting a blocking GC Explicit
08-05 03:42:01.385  7568  7589 I art     : Explicit concurrent mark sweep GC freed 1344(79KB) AllocSpace objects, 1(20KB) LOS objects, 36% free, 27MB/43MB, paused 284us total 54.714ms
08-05 03:42:01.402  7568  7589 I art     : Starting a blocking GC Explicit
08-05 03:42:01.446  7568  7589 I art     : Explicit concurrent mark sweep GC freed 20(704B) AllocSpace objects, 0(0B) LOS objects, 36% free, 27MB/43MB, paused 261us total 43.569ms
08-05 03:42:01.461  7568  7589 I art     : Starting a blocking GC Explicit
08-05 03:42:01.505  7568  7589 I art     : Explicit concurrent mark sweep GC freed 3(96B) AllocSpace objects, 0(0B) LOS objects, 36% free, 27MB/43MB, paused 270us total 44.142ms
08-05 03:42:01.521  7568  7589 I art     : Starting a blocking GC Explicit
08-05 03:42:01.567  7568  7589 I art     : Explicit concurrent mark sweep GC freed 3(96B) AllocSpace objects, 0(0B) LOS objects, 36% free, 27MB/43MB, paused 262us total 45.264ms
08-05 03:42:01.582  7568  7589 I art     : Starting a blocking GC Explicit
08-05 03:42:01.625  7568  7589 I art     : Explicit concurrent mark sweep GC freed 3(96B) AllocSpace objects, 0(0B) LOS objects, 36% free, 27MB/43MB, paused 267us total 42.401ms
08-05 03:42:01.934  7568  7889 I art     : Starting a blocking GC Explicit
08-05 03:42:01.989  7568  7889 I art     : Explicit concurrent mark sweep GC freed 1347(79KB) AllocSpace objects, 1(20KB) LOS objects, 36% free, 27MB/43MB, paused 290us total 54.999ms
08-05 03:42:02.008  7568  7889 I art     : Starting a blocking GC Explicit
08-05 03:42:02.053  7568  7889 I art     : Explicit concurrent mark sweep GC freed 20(704B) AllocSpace objects, 0(0B) LOS objects, 36% free, 27MB/43MB, paused 281us total 45.316ms
08-05 03:42:02.069  7568  7889 I art     : Starting a blocking GC Explicit
08-05 03:42:02.111  7568  7889 I art     : Explicit concurrent mark sweep GC freed 3(96B) AllocSpace objects, 0(0B) LOS objects, 36% free, 27MB/43MB, paused 249us total 42.253ms
08-05 03:42:02.127  7568  7889 I art     : Starting a blocking GC Explicit
08-05 03:42:02.169  7568  7889 I art     : Explicit concurrent mark sweep GC freed 3(96B) AllocSpace objects, 0(0B) LOS objects, 36% free, 27MB/43MB, paused 239us total 41.553ms
08-05 03:42:02.183  7568  7889 I art     : Starting a blocking GC Explicit
08-05 03:42:02.224  7568  7889 I art     : Explicit concurrent mark sweep GC freed 3(96B) AllocSpace objects, 0(0B) LOS objects, 36% free, 27MB/43MB, paused 256us total 40.814ms
08-05 03:42:02.519  7568  7581 I art     : Starting a blocking GC Explicit
08-05 03:42:02.534  8356  8356 D AndroidRuntime: >>>>>> START com.android.internal.os.RuntimeInit uid 2000 <<<<<<
08-05 03:42:02.539  8356  8356 D AndroidRuntime: CheckJNI is OFF
08-05 03:42:02.563  7568  7581 I art     : Explicit concurrent mark sweep GC freed 1344(78KB) AllocSpace objects, 1(20KB) LOS objects, 36% free, 27MB/43MB, paused 277us total 43.765ms
08-05 03:42:02.578  8356  8356 D ICU     : No timezone override file found: /data/misc/zoneinfo/current/icu/icu_tzdata.dat
08-05 03:42:02.578  7568  7581 I art     : Starting a blocking GC Explicit
08-05 03:42:02.608  8356  8356 I Radio-JNI: register_android_hardware_Radio DONE
08-05 03:42:02.616  7568  7581 I art     : Explicit concurrent mark sweep GC freed 20(704B) AllocSpace objects, 0(0B) LOS objects, 36% free, 27MB/43MB, paused 274us total 38.005ms
08-05 03:42:02.630  8356  8356 D AndroidRuntime: Calling main entry com.android.commands.input.Input
08-05 03:42:02.632  7568  7581 I art     : Starting a blocking GC Explicit
08-05 03:42:02.632  8356  8356 I Input   : injectKeyEvent: KeyEvent { action=ACTION_DOWN, keyCode=KEYCODE_BACK, scanCode=0, metaState=0, flags=0x0, repeatCount=0, eventTime=762139045, downTime=762139045, deviceId=-1, source=0x101 }
08-05 03:42:02.639  8356  8356 I Input   : injectKeyEvent: KeyEvent { action=ACTION_UP, keyCode=KEYCODE_BACK, scanCode=0, metaState=0, flags=0x0, repeatCount=0, eventTime=762139045, downTime=762139045, deviceId=-1, source=0x101 }
08-05 03:42:02.645  8356  8356 D AndroidRuntime: Shutting down VM
08-05 03:42:02.672  7568  7581 I art     : Explicit concurrent mark sweep GC freed 120(4KB) AllocSpace objects, 0(0B) LOS objects, 36% free, 27MB/43MB, paused 252us total 39.452ms
08-05 03:42:02.686  7568  7581 I art     : Starting a blocking GC Explicit
08-05 03:42:02.688 13866 13866 I GoogleInputMethodServic: GoogleInputMethodService.onFinishInput():3138 
08-05 03:42:02.688 13866 13866 I GoogleInputMethodServic: GoogleInputMethodService.onStartInput():1808 
08-05 03:42:02.725  7568  7581 I art     : Explicit concurrent mark sweep GC freed 142(5KB) AllocSpace objects, 0(0B) LOS objects, 36% free, 27MB/43MB, paused 312us total 39.205ms
08-05 03:42:02.740  7568  7581 I art     : Starting a blocking GC Explicit
08-05 03:42:02.777  7568  7581 I art     : Explicit concurrent mark sweep GC freed 11(384B) AllocSpace objects, 0(0B) LOS objects, 36% free, 27MB/43MB, paused 228us total 36.857ms
08-05 03:42:02.906  7568  8282 I RedditChangeDataIO: Writing tmp data file at '/data/user/0/baseline.org.quantumbadger.redreader/files/rr_change_data_tmp.dat'
08-05 03:42:02.907  7568  8282 I RedditChangeDataManager: Taking snapshot...
08-05 03:42:02.907  7568  8282 I RedditChangeDataManager: Writing to stream...
08-05 03:42:02.908  7568  8282 I RedditChangeDataManager: Wrote 1 entries for user ''
08-05 03:42:02.908  7568  8282 I RedditChangeDataManager: All entries written to stream.
08-05 03:42:02.908  7568  8282 I RedditChangeDataIO: Write successful. Atomically replacing data file...
08-05 03:42:02.908  7568  8282 I RedditChangeDataIO: Write complete.
08-05 03:42:02.908  7568  8282 I RedditChangeDataIO: 38 bytes written in 2 ms
08-05 03:42:03.007   380   380 W SurfaceFlinger: couldn't log to binary event log: overflow.
08-05 03:42:03.035  7568  7589 I art     : Starting a blocking GC Explicit
08-05 03:42:03.074  7568  7589 I art     : Explicit concurrent mark sweep GC freed 1481(86KB) AllocSpace objects, 2(88KB) LOS objects, 36% free, 27MB/43MB, paused 253us total 38.337ms
08-05 03:42:03.090  7568  7589 I art     : Starting a blocking GC Explicit
08-05 03:42:03.123  7568  7589 I art     : Explicit concurrent mark sweep GC freed 46781(2MB) AllocSpace objects, 5(140KB) LOS objects, 39% free, 24MB/40MB, paused 251us total 33.302ms
08-05 03:42:03.136  7568  7589 I art     : Starting a blocking GC Explicit
08-05 03:42:03.165  7568  7589 I art     : Explicit concurrent mark sweep GC freed 3(96B) AllocSpace objects, 0(0B) LOS objects, 39% free, 24MB/40MB, paused 267us total 28.581ms
08-05 03:42:03.179  7568  7589 I art     : Starting a blocking GC Explicit
08-05 03:42:03.208  7568  7589 I art     : Explicit concurrent mark sweep GC freed 3(96B) AllocSpace objects, 0(0B) LOS objects, 39% free, 24MB/40MB, paused 257us total 29.333ms
08-05 03:42:03.221  7568  7589 I art     : Starting a blocking GC Explicit
08-05 03:42:03.252  7568  7589 I art     : Explicit concurrent mark sweep GC freed 3(96B) AllocSpace objects, 0(0B) LOS objects, 39% free, 24MB/40MB, paused 257us total 30.077ms
08-05 03:42:03.531  7568  7579 I art     : Starting a blocking GC Explicit
08-05 03:42:03.570  7568  7579 I art     : Explicit concurrent mark sweep GC freed 1618(122KB) AllocSpace objects, 1(20KB) LOS objects, 39% free, 24MB/40MB, paused 255us total 38.931ms
08-05 03:42:03.590  7568  7579 I art     : Starting a blocking GC Explicit
08-05 03:42:03.619  7568  7579 I art     : Explicit concurrent mark sweep GC freed 85(2880B) AllocSpace objects, 0(0B) LOS objects, 39% free, 24MB/40MB, paused 229us total 29.586ms
08-05 03:42:03.632  7568  7579 I art     : Starting a blocking GC Explicit
08-05 03:42:03.662  7568  7579 I art     : Explicit concurrent mark sweep GC freed 3(96B) AllocSpace objects, 0(0B) LOS objects, 39% free, 24MB/40MB, paused 256us total 29.511ms
08-05 03:42:03.676  7568  7579 I art     : Starting a blocking GC Explicit
08-05 03:42:03.706  7568  7579 I art     : Explicit concurrent mark sweep GC freed 3(96B) AllocSpace objects, 0(0B) LOS objects, 39% free, 24MB/40MB, paused 233us total 30.592ms
08-05 03:42:03.720  7568  7579 I art     : Starting a blocking GC Explicit
08-05 03:42:03.751  7568  7579 I art     : Explicit concurrent mark sweep GC freed 3(96B) AllocSpace objects, 0(0B) LOS objects, 39% free, 24MB/40MB, paused 233us total 30.953ms
08-05 03:42:04.008  7568  7889 I art     : Starting a blocking GC Explicit
08-05 03:42:04.038  7568  7889 I art     : Explicit concurrent mark sweep GC freed 1343(78KB) AllocSpace objects, 1(20KB) LOS objects, 39% free, 24MB/40MB, paused 240us total 30.189ms
08-05 03:42:04.038  7568  7578 I art     : WaitForGcToComplete blocked for 20.163ms for cause HeapTrim
08-05 03:42:04.052  7568  7889 I art     : Starting a blocking GC Explicit
08-05 03:42:04.081  7568  7889 I art     : Explicit concurrent mark sweep GC freed 20(704B) AllocSpace objects, 0(0B) LOS objects, 39% free, 24MB/40MB, paused 239us total 28.603ms
08-05 03:42:04.094  7568  7889 I art     : Starting a blocking GC Explicit
08-05 03:42:04.123  7568  7889 I art     : Explicit concurrent mark sweep GC freed 3(96B) AllocSpace objects, 0(0B) LOS objects, 39% free, 24MB/40MB, paused 269us total 28.626ms
08-05 03:42:04.136  7568  7889 I art     : Starting a blocking GC Explicit
08-05 03:42:04.164  7568  7889 I art     : Explicit concurrent mark sweep GC freed 3(96B) AllocSpace objects, 0(0B) LOS objects, 39% free, 24MB/40MB, paused 266us total 28.657ms
08-05 03:42:04.177  7568  7889 I art     : Starting a blocking GC Explicit
08-05 03:42:04.207  7568  7889 I art     : Explicit concurrent mark sweep GC freed 3(96B) AllocSpace objects, 0(0B) LOS objects, 39% free, 24MB/40MB, paused 236us total 29.016ms
08-05 03:42:04.321  8400  8400 D AndroidRuntime: >>>>>> START com.android.internal.os.RuntimeInit uid 2000 <<<<<<
08-05 03:42:04.328  8400  8400 D AndroidRuntime: CheckJNI is OFF
08-05 03:42:04.367  8400  8400 D ICU     : No timezone override file found: /data/misc/zoneinfo/current/icu/icu_tzdata.dat
08-05 03:42:04.400  8400  8400 I Radio-JNI: register_android_hardware_Radio DONE
08-05 03:42:04.422  8400  8400 D AndroidRuntime: Calling main entry com.android.commands.input.Input
08-05 03:42:04.423  8400  8400 I Input   : injectMotionEvent: MotionEvent { action=ACTION_DOWN, actionButton=0, id[0]=0, x[0]=600.0, y[0]=950.0, toolType[0]=TOOL_TYPE_UNKNOWN, buttonState=0, metaState=0, flags=0x0, edgeFlags=0x0, pointerCount=1, historySize=0, eventTime=762140836, downTime=762140836, deviceId=0, source=0x1002 }
08-05 03:42:04.429  8400  8400 I Input   : injectMotionEvent: MotionEvent { action=ACTION_UP, actionButton=0, id[0]=0, x[0]=600.0, y[0]=950.0, toolType[0]=TOOL_TYPE_UNKNOWN, buttonState=0, metaState=0, flags=0x0, edgeFlags=0x0, pointerCount=1, historySize=0, eventTime=762140836, downTime=762140836, deviceId=0, source=0x1002 }
08-05 03:42:04.430  8400  8400 D AndroidRuntime: Shutting down VM
08-05 03:42:04.446   512  2967 D audio_hw_primary: out_set_parameters: enter: usecase(1: low-latency-playback) kvpairs: routing=2
08-05 03:42:04.449   918  5952 I ActivityManager: START u0 {dat=https://oauth.reddit.com/... cmp=baseline.org.quantumbadger.redreader/.activities.CommentListingActivity} from uid 10689 on display 0
08-05 03:42:04.461   512  2967 D audio_hw_primary: select_devices: out_snd_device(2: speaker) in_snd_device(0: none)
08-05 03:42:04.461   512  2967 D msm8974_platform: platform_send_audio_calibration: sending audio calibration for snd_device(2) acdb_id(15)
08-05 03:42:04.461   512  2967 I soundtrigger: audio_extn_sound_trigger_update_device_status: device 0x2 of type 0 for Event 1
08-05 03:42:04.474   512  2967 D audio_hw_primary: enable_snd_device: snd_device(2: speaker)
08-05 03:42:04.476   512  2967 D audio_hw_primary: enable_audio_route: apply and update mixer path: low-latency-playback speaker
08-05 03:42:04.478  7568  7568 I AppCompatViewInflater: app:theme is now deprecated. Please move to using android:theme instead.
08-05 03:42:04.495  7568  8435 D OK      : calling: https://oauth.reddit.com/comments/hwnhe2/.json?sort=confidence
08-05 03:42:04.509  7568  7889 I art     : Starting a blocking GC Explicit
08-05 03:42:04.537  7568  7889 I art     : Explicit concurrent mark sweep GC freed 4009(213KB) AllocSpace objects, 1(20KB) LOS objects, 39% free, 25MB/41MB, paused 555us total 27.554ms
08-05 03:42:04.549  7568  7889 I art     : Starting a blocking GC Explicit
08-05 03:42:04.549   918   936 I ActivityManager: Displayed baseline.org.quantumbadger.redreader/.activities.CommentListingActivity: +93ms
08-05 03:42:04.550 13866 13866 I GoogleInputMethodServic: GoogleInputMethodService.onFinishInput():3138 
08-05 03:42:04.550 13866 13866 I GoogleInputMethodServic: GoogleInputMethodService.onStartInput():1808 
08-05 03:42:04.579  7568  7889 I art     : Explicit concurrent mark sweep GC freed 550(28KB) AllocSpace objects, 0(0B) LOS objects, 38% free, 25MB/41MB, paused 286us total 29.771ms
08-05 03:42:04.594  7568  7889 I art     : Starting a blocking GC Explicit
08-05 03:42:04.620  7568  7889 I art     : Explicit concurrent mark sweep GC freed 1968(77KB) AllocSpace objects, 0(0B) LOS objects, 38% free, 25MB/41MB, paused 389us total 26.344ms
08-05 03:42:04.633  7568  7889 I art     : Starting a blocking GC Explicit
08-05 03:42:04.664  7568  7889 I art     : Explicit concurrent mark sweep GC freed 93(3KB) AllocSpace objects, 0(0B) LOS objects, 38% free, 25MB/41MB, paused 277us total 30.707ms
08-05 03:42:04.677  7568  7889 I art     : Starting a blocking GC Explicit
08-05 03:42:04.710  7568  7889 I art     : Explicit concurrent mark sweep GC freed 32(1472B) AllocSpace objects, 0(0B) LOS objects, 38% free, 25MB/41MB, paused 298us total 32.886ms
08-05 03:42:04.772  7568  8435 I NAPPA_EXPERIMENTATION: MetricNetworkRequestExecutionTime: REQUEST_DURATION_SYSTEM='276',REQUEST_DURATION_OKHTTP='150',REQUEST_SYNCHRONOUS='TRUE',RESPONSE_CODE='200',RESPONSE_METHOD='GET',RESPONSE_LENGTH_OKHTTP='-1',RESPONSE_LENGTH_HEADER='3930',REQUEST_PROTOCOL='h2',REQUEST_URL='https://oauth.reddit.com/comments/hwnhe2/.json?sort=confidence',
08-05 03:42:04.772  7568  8435 D OK      : request got status: 200
08-05 03:42:04.781  7568  8164 I CommentListingActivity: COMMENTS session changed to d0cbf376-ee20-4909-a119-4ee24b6a214c
08-05 03:42:04.793   380   380 W SurfaceFlinger: couldn't log to binary event log: overflow.
08-05 03:42:04.948  7568  7581 I art     : Starting a blocking GC Explicit
08-05 03:42:04.981  7568  7581 I art     : Explicit concurrent mark sweep GC freed 6009(474KB) AllocSpace objects, 5(188KB) LOS objects, 38% free, 25MB/41MB, paused 259us total 33.572ms
08-05 03:42:04.997  7568  7581 I art     : Starting a blocking GC Explicit
08-05 03:42:05.009   512  2967 D audio_hw_primary: disable_audio_route: reset and update mixer path: low-latency-playback speaker
08-05 03:42:05.010   512  2967 D audio_hw_primary: disable_snd_device: snd_device(2: speaker)
08-05 03:42:05.018   512  2967 I soundtrigger: audio_extn_sound_trigger_update_device_status: device 0x2 of type 0 for Event 0
08-05 03:42:05.030  7568  7581 I art     : Explicit concurrent mark sweep GC freed 115(4KB) AllocSpace objects, 0(0B) LOS objects, 38% free, 25MB/41MB, paused 275us total 32.649ms
08-05 03:42:05.044  7568  7581 I art     : Starting a blocking GC Explicit
08-05 03:42:05.073  7568  7581 I art     : Explicit concurrent mark sweep GC freed 3(96B) AllocSpace objects, 0(0B) LOS objects, 38% free, 25MB/41MB, paused 247us total 28.184ms
08-05 03:42:05.086  7568  7581 I art     : Starting a blocking GC Explicit
08-05 03:42:05.116  7568  7581 I art     : Explicit concurrent mark sweep GC freed 3(96B) AllocSpace objects, 0(0B) LOS objects, 38% free, 25MB/41MB, paused 226us total 29.370ms
08-05 03:42:05.130  7568  7581 I art     : Starting a blocking GC Explicit
08-05 03:42:05.161  7568  7581 I art     : Explicit concurrent mark sweep GC freed 3(96B) AllocSpace objects, 0(0B) LOS objects, 38% free, 25MB/41MB, paused 265us total 30.595ms
08-05 03:42:05.449  7568  7889 I art     : Starting a blocking GC Explicit
08-05 03:42:05.483  7568  7889 I art     : Explicit concurrent mark sweep GC freed 1343(79KB) AllocSpace objects, 1(20KB) LOS objects, 38% free, 25MB/41MB, paused 257us total 34.135ms
08-05 03:42:05.497  7568  7889 I art     : Starting a blocking GC Explicit
08-05 03:42:05.527  7568  7889 I art     : Explicit concurrent mark sweep GC freed 66(2528B) AllocSpace objects, 0(0B) LOS objects, 38% free, 25MB/41MB, paused 373us total 29.543ms
08-05 03:42:05.540  7568  7889 I art     : Starting a blocking GC Explicit
08-05 03:42:05.571  7568  7889 I art     : Explicit concurrent mark sweep GC freed 3(96B) AllocSpace objects, 0(0B) LOS objects, 38% free, 25MB/41MB, paused 274us total 30.882ms
08-05 03:42:05.585  7568  7889 I art     : Starting a blocking GC Explicit
08-05 03:42:05.617  7568  7889 I art     : Explicit concurrent mark sweep GC freed 3(96B) AllocSpace objects, 0(0B) LOS objects, 38% free, 25MB/41MB, paused 345us total 32.064ms
08-05 03:42:05.631  7568  7889 I art     : Starting a blocking GC Explicit
08-05 03:42:05.664  7568  7889 I art     : Explicit concurrent mark sweep GC freed 3(96B) AllocSpace objects, 0(0B) LOS objects, 38% free, 25MB/41MB, paused 256us total 32.687ms
08-05 03:42:05.943  7568  7579 I art     : Starting a blocking GC Explicit
08-05 03:42:05.985  7568  7579 I art     : Explicit concurrent mark sweep GC freed 1343(79KB) AllocSpace objects, 1(20KB) LOS objects, 38% free, 25MB/41MB, paused 272us total 41.229ms
08-05 03:42:06.000  7568  7579 I art     : Starting a blocking GC Explicit
08-05 03:42:06.033  7568  7579 I art     : Explicit concurrent mark sweep GC freed 20(704B) AllocSpace objects, 0(0B) LOS objects, 38% free, 25MB/41MB, paused 271us total 32.300ms
08-05 03:42:06.047  7568  7579 I art     : Starting a blocking GC Explicit
08-05 03:42:06.080  7568  7579 I art     : Explicit concurrent mark sweep GC freed 3(96B) AllocSpace objects, 0(0B) LOS objects, 38% free, 25MB/41MB, paused 263us total 32.829ms
08-05 03:42:06.094  7568  7579 I art     : Starting a blocking GC Explicit
08-05 03:42:06.127  7568  7579 I art     : Explicit concurrent mark sweep GC freed 3(96B) AllocSpace objects, 0(0B) LOS objects, 38% free, 25MB/41MB, paused 256us total 32.733ms
08-05 03:42:06.141  7568  7579 I art     : Starting a blocking GC Explicit
08-05 03:42:06.174  7568  7579 I art     : Explicit concurrent mark sweep GC freed 3(96B) AllocSpace objects, 0(0B) LOS objects, 38% free, 25MB/41MB, paused 260us total 32.989ms
08-05 03:42:06.490  7568  7581 I art     : Starting a blocking GC Explicit
08-05 03:42:06.528  7568  7581 I art     : Explicit concurrent mark sweep GC freed 1343(79KB) AllocSpace objects, 1(20KB) LOS objects, 38% free, 25MB/41MB, paused 385us total 37.513ms
08-05 03:42:06.533  5221  5221 I ServiceManager: Waiting for service AtCmdFwd...
08-05 03:42:06.544  7568  7581 I art     : Starting a blocking GC Explicit
08-05 03:42:06.577  7568  7581 I art     : Explicit concurrent mark sweep GC freed 20(704B) AllocSpace objects, 0(0B) LOS objects, 38% free, 25MB/41MB, paused 268us total 32.721ms
08-05 03:42:06.591  7568  7581 I art     : Starting a blocking GC Explicit
08-05 03:42:06.624  7568  7581 I art     : Explicit concurrent mark sweep GC freed 3(96B) AllocSpace objects, 0(0B) LOS objects, 38% free, 25MB/41MB, paused 261us total 32.476ms
08-05 03:42:06.637  7568  7581 I art     : Starting a blocking GC Explicit
08-05 03:42:06.670  7568  7581 I art     : Explicit concurrent mark sweep GC freed 3(96B) AllocSpace objects, 0(0B) LOS objects, 38% free, 25MB/41MB, paused 256us total 31.957ms
08-05 03:42:06.683  7568  7581 I art     : Starting a blocking GC Explicit
08-05 03:42:06.715  7568  7581 I art     : Explicit concurrent mark sweep GC freed 3(96B) AllocSpace objects, 0(0B) LOS objects, 38% free, 25MB/41MB, paused 259us total 31.826ms
08-05 03:42:07.023  7568  7589 I art     : Starting a blocking GC Explicit
08-05 03:42:07.059  7568  7589 I art     : Explicit concurrent mark sweep GC freed 1343(79KB) AllocSpace objects, 1(20KB) LOS objects, 38% free, 25MB/41MB, paused 296us total 35.669ms
08-05 03:42:07.077  7568  7589 I art     : Starting a blocking GC Explicit
08-05 03:42:07.111  7568  7589 I art     : Explicit concurrent mark sweep GC freed 20(704B) AllocSpace objects, 0(0B) LOS objects, 38% free, 25MB/41MB, paused 264us total 33.074ms
08-05 03:42:07.124  7568  7589 I art     : Starting a blocking GC Explicit
08-05 03:42:07.157  7568  7589 I art     : Explicit concurrent mark sweep GC freed 3(96B) AllocSpace objects, 0(0B) LOS objects, 38% free, 25MB/41MB, paused 282us total 32.862ms
08-05 03:42:07.171  7568  7589 I art     : Starting a blocking GC Explicit
08-05 03:42:07.204  7568  7589 I art     : Explicit concurrent mark sweep GC freed 3(96B) AllocSpace objects, 0(0B) LOS objects, 38% free, 25MB/41MB, paused 261us total 32.647ms
08-05 03:42:07.218  7568  7589 I art     : Starting a blocking GC Explicit
08-05 03:42:07.251  7568  7589 I art     : Explicit concurrent mark sweep GC freed 3(96B) AllocSpace objects, 0(0B) LOS objects, 38% free, 25MB/41MB, paused 265us total 32.496ms
08-05 03:42:07.534  5221  5221 I ServiceManager: Waiting for service AtCmdFwd...
08-05 03:42:07.576  7568  7889 I art     : Starting a blocking GC Explicit
08-05 03:42:07.615  7568  7889 I art     : Explicit concurrent mark sweep GC freed 1344(79KB) AllocSpace objects, 1(20KB) LOS objects, 38% free, 25MB/41MB, paused 264us total 39.178ms
08-05 03:42:07.629  7568  7889 I art     : Starting a blocking GC Explicit
08-05 03:42:07.661  7568  7889 I art     : Explicit concurrent mark sweep GC freed 20(704B) AllocSpace objects, 0(0B) LOS objects, 38% free, 25MB/41MB, paused 261us total 31.249ms
08-05 03:42:07.674  7568  7889 I art     : Starting a blocking GC Explicit
08-05 03:42:07.707  7568  7889 I art     : Explicit concurrent mark sweep GC freed 3(96B) AllocSpace objects, 0(0B) LOS objects, 38% free, 25MB/41MB, paused 278us total 32.734ms
08-05 03:42:07.721  7568  7889 I art     : Starting a blocking GC Explicit
08-05 03:42:07.753  7568  7889 I art     : Explicit concurrent mark sweep GC freed 3(96B) AllocSpace objects, 0(0B) LOS objects, 38% free, 25MB/41MB, paused 267us total 31.523ms
08-05 03:42:07.767  7568  7889 I art     : Starting a blocking GC Explicit
08-05 03:42:07.800  7568  7889 I art     : Explicit concurrent mark sweep GC freed 3(96B) AllocSpace objects, 0(0B) LOS objects, 38% free, 25MB/41MB, paused 263us total 32.755ms
08-05 03:42:08.120  7568  7579 I art     : Starting a blocking GC Explicit
08-05 03:42:08.161  7568  7579 I art     : Explicit concurrent mark sweep GC freed 1347(79KB) AllocSpace objects, 1(20KB) LOS objects, 38% free, 25MB/41MB, paused 289us total 40.978ms
08-05 03:42:08.178  7568  7579 I art     : Starting a blocking GC Explicit
08-05 03:42:08.211  7568  7579 I art     : Explicit concurrent mark sweep GC freed 20(704B) AllocSpace objects, 0(0B) LOS objects, 38% free, 25MB/41MB, paused 273us total 33.057ms
08-05 03:42:08.225  7568  7579 I art     : Starting a blocking GC Explicit
08-05 03:42:08.258  7568  7579 I art     : Explicit concurrent mark sweep GC freed 3(96B) AllocSpace objects, 0(0B) LOS objects, 38% free, 25MB/41MB, paused 254us total 32.622ms
08-05 03:42:08.272  7568  7579 I art     : Starting a blocking GC Explicit
08-05 03:42:08.304  7568  7579 I art     : Explicit concurrent mark sweep GC freed 3(96B) AllocSpace objects, 0(0B) LOS objects, 38% free, 25MB/41MB, paused 255us total 32.075ms
08-05 03:42:08.318  7568  7579 I art     : Starting a blocking GC Explicit
08-05 03:42:08.350  7568  7579 I art     : Explicit concurrent mark sweep GC freed 3(96B) AllocSpace objects, 0(0B) LOS objects, 38% free, 25MB/41MB, paused 260us total 31.618ms
08-05 03:42:08.535  5221  5221 I ServiceManager: Waiting for service AtCmdFwd...
08-05 03:42:08.652  7568  7581 I art     : Starting a blocking GC Explicit
08-05 03:42:08.690  7568  7581 I art     : Explicit concurrent mark sweep GC freed 1344(79KB) AllocSpace objects, 1(20KB) LOS objects, 38% free, 25MB/41MB, paused 244us total 37.912ms
08-05 03:42:08.704  7568  7581 I art     : Starting a blocking GC Explicit
08-05 03:42:08.732  7568  7581 I art     : Explicit concurrent mark sweep GC freed 20(704B) AllocSpace objects, 0(0B) LOS objects, 38% free, 25MB/41MB, paused 244us total 27.943ms
08-05 03:42:08.745  7568  7581 I art     : Starting a blocking GC Explicit
08-05 03:42:08.775  7568  7581 I art     : Explicit concurrent mark sweep GC freed 3(96B) AllocSpace objects, 0(0B) LOS objects, 38% free, 25MB/41MB, paused 252us total 29.670ms
08-05 03:42:08.788  7568  7581 I art     : Starting a blocking GC Explicit
08-05 03:42:08.818  7568  7581 I art     : Explicit concurrent mark sweep GC freed 3(96B) AllocSpace objects, 0(0B) LOS objects, 38% free, 25MB/41MB, paused 249us total 30.261ms
08-05 03:42:08.832  7568  7581 I art     : Starting a blocking GC Explicit
08-05 03:42:08.862  7568  7581 I art     : Explicit concurrent mark sweep GC freed 3(96B) AllocSpace objects, 0(0B) LOS objects, 38% free, 25MB/41MB, paused 253us total 30.313ms
08-05 03:42:09.106  8519  8519 D AndroidRuntime: >>>>>> START com.android.internal.os.RuntimeInit uid 2000 <<<<<<
08-05 03:42:09.111  8519  8519 D AndroidRuntime: CheckJNI is OFF
08-05 03:42:09.144  8519  8519 D ICU     : No timezone override file found: /data/misc/zoneinfo/current/icu/icu_tzdata.dat
08-05 03:42:09.148  7568  7589 I art     : Starting a blocking GC Explicit
08-05 03:42:09.178  8519  8519 I Radio-JNI: register_android_hardware_Radio DONE
08-05 03:42:09.180  7568  7589 I art     : Explicit concurrent mark sweep GC freed 1343(79KB) AllocSpace objects, 1(20KB) LOS objects, 38% free, 25MB/41MB, paused 287us total 31.856ms
08-05 03:42:09.194  7568  7589 I art     : Starting a blocking GC Explicit
08-05 03:42:09.202  8519  8519 D AndroidRuntime: Calling main entry com.android.commands.input.Input
08-05 03:42:09.203  8519  8519 I Input   : injectKeyEvent: KeyEvent { action=ACTION_DOWN, keyCode=KEYCODE_BACK, scanCode=0, metaState=0, flags=0x0, repeatCount=0, eventTime=762145616, downTime=762145616, deviceId=-1, source=0x101 }
08-05 03:42:09.208  8519  8519 I Input   : injectKeyEvent: KeyEvent { action=ACTION_UP, keyCode=KEYCODE_BACK, scanCode=0, metaState=0, flags=0x0, repeatCount=0, eventTime=762145616, downTime=762145616, deviceId=-1, source=0x101 }
08-05 03:42:09.214  8519  8519 D AndroidRuntime: Shutting down VM
08-05 03:42:09.222  7568  7589 I art     : Explicit concurrent mark sweep GC freed 137(4KB) AllocSpace objects, 0(0B) LOS objects, 38% free, 25MB/41MB, paused 300us total 28.516ms
08-05 03:42:09.235  7568  7589 I art     : Starting a blocking GC Explicit
08-05 03:42:09.252 13866 13866 I GoogleInputMethodServic: GoogleInputMethodService.onFinishInput():3138 
08-05 03:42:09.253 13866 13866 I GoogleInputMethodServic: GoogleInputMethodService.onStartInput():1808 
08-05 03:42:09.263  7568  7589 I art     : Explicit concurrent mark sweep GC freed 18(832B) AllocSpace objects, 0(0B) LOS objects, 38% free, 25MB/41MB, paused 261us total 28.159ms
08-05 03:42:09.276  7568  7589 I art     : Starting a blocking GC Explicit
08-05 03:42:09.305  7568  7589 I art     : Explicit concurrent mark sweep GC freed 131(4KB) AllocSpace objects, 0(0B) LOS objects, 38% free, 25MB/41MB, paused 289us total 28.576ms
08-05 03:42:09.318  7568  7589 I art     : Starting a blocking GC Explicit
08-05 03:42:09.346  7568  7589 I art     : Explicit concurrent mark sweep GC freed 5(176B) AllocSpace objects, 0(0B) LOS objects, 38% free, 25MB/41MB, paused 244us total 27.331ms
08-05 03:42:09.463  7568  8434 I RedditChangeDataIO: Writing tmp data file at '/data/user/0/baseline.org.quantumbadger.redreader/files/rr_change_data_tmp.dat'
08-05 03:42:09.464  7568  8434 I RedditChangeDataManager: Taking snapshot...
08-05 03:42:09.464  7568  8434 I RedditChangeDataManager: Writing to stream...
08-05 03:42:09.464  7568  8434 I RedditChangeDataManager: Wrote 2 entries for user ''
08-05 03:42:09.464  7568  8434 I RedditChangeDataManager: All entries written to stream.
08-05 03:42:09.464  7568  8434 I RedditChangeDataIO: Write successful. Atomically replacing data file...
08-05 03:42:09.464  7568  8434 I RedditChangeDataIO: Write complete.
08-05 03:42:09.464  7568  8434 I RedditChangeDataIO: 62 bytes written in 1 ms
08-05 03:42:09.535  5221  5221 I ServiceManager: Waiting for service AtCmdFwd...
08-05 03:42:09.581   380   380 W SurfaceFlinger: couldn't log to binary event log: overflow.
08-05 03:42:09.607  7568  7581 I art     : Starting a blocking GC Explicit
08-05 03:42:09.636  7568  7581 I art     : Explicit concurrent mark sweep GC freed 1471(85KB) AllocSpace objects, 2(88KB) LOS objects, 38% free, 25MB/41MB, paused 246us total 28.206ms
08-05 03:42:09.649  7568  7581 I art     : Starting a blocking GC Explicit
08-05 03:42:09.677  7568  7581 I art     : Explicit concurrent mark sweep GC freed 3857(310KB) AllocSpace objects, 5(140KB) LOS objects, 39% free, 24MB/40MB, paused 246us total 27.566ms
08-05 03:42:09.689  7568  7581 I art     : Starting a blocking GC Explicit
08-05 03:42:09.715  7568  7581 I art     : Explicit concurrent mark sweep GC freed 3(96B) AllocSpace objects, 0(0B) LOS objects, 39% free, 24MB/40MB, paused 242us total 25.843ms
08-05 03:42:09.727  7568  7581 I art     : Starting a blocking GC Explicit
08-05 03:42:09.754  7568  7581 I art     : Explicit concurrent mark sweep GC freed 3(96B) AllocSpace objects, 0(0B) LOS objects, 39% free, 24MB/40MB, paused 262us total 26.505ms
08-05 03:42:09.766  7568  7581 I art     : Starting a blocking GC Explicit
08-05 03:42:09.793  7568  7581 I art     : Explicit concurrent mark sweep GC freed 32(1568B) AllocSpace objects, 0(0B) LOS objects, 39% free, 24MB/40MB, paused 222us total 26.093ms
08-05 03:42:10.058  7568  7889 I art     : Starting a blocking GC Explicit
08-05 03:42:10.088  7568  7889 I art     : Explicit concurrent mark sweep GC freed 1355(80KB) AllocSpace objects, 1(20KB) LOS objects, 39% free, 24MB/40MB, paused 245us total 29.697ms
08-05 03:42:10.102  7568  7889 I art     : Starting a blocking GC Explicit
08-05 03:42:10.131  7568  7889 I art     : Explicit concurrent mark sweep GC freed 20(704B) AllocSpace objects, 0(0B) LOS objects, 39% free, 24MB/40MB, paused 233us total 28.835ms
08-05 03:42:10.144  7568  7889 I art     : Starting a blocking GC Explicit
08-05 03:42:10.173  7568  7889 I art     : Explicit concurrent mark sweep GC freed 3(96B) AllocSpace objects, 0(0B) LOS objects, 39% free, 24MB/40MB, paused 244us total 29.465ms
08-05 03:42:10.187  7568  7889 I art     : Starting a blocking GC Explicit
08-05 03:42:10.217  7568  7889 I art     : Explicit concurrent mark sweep GC freed 3(96B) AllocSpace objects, 0(0B) LOS objects, 39% free, 24MB/40MB, paused 314us total 29.788ms
08-05 03:42:10.230  7568  7889 I art     : Starting a blocking GC Explicit
08-05 03:42:10.260  7568  7889 I art     : Explicit concurrent mark sweep GC freed 3(96B) AllocSpace objects, 0(0B) LOS objects, 39% free, 24MB/40MB, paused 239us total 29.378ms
08-05 03:42:10.531  7568  7579 I art     : Starting a blocking GC Explicit
08-05 03:42:10.537  5221  5221 I ServiceManager: Waiting for service AtCmdFwd...
08-05 03:42:10.561  7568  7579 I art     : Explicit concurrent mark sweep GC freed 1343(79KB) AllocSpace objects, 1(20KB) LOS objects, 39% free, 24MB/40MB, paused 259us total 30.399ms
08-05 03:42:10.575  7568  7579 I art     : Starting a blocking GC Explicit
08-05 03:42:10.604  7568  7579 I art     : Explicit concurrent mark sweep GC freed 20(704B) AllocSpace objects, 0(0B) LOS objects, 39% free, 24MB/40MB, paused 236us total 28.655ms
08-05 03:42:10.618  7568  7579 I art     : Starting a blocking GC Explicit
08-05 03:42:10.647  7568  7579 I art     : Explicit concurrent mark sweep GC freed 3(96B) AllocSpace objects, 0(0B) LOS objects, 39% free, 24MB/40MB, paused 303us total 29.237ms
08-05 03:42:10.660  7568  7579 I art     : Starting a blocking GC Explicit
08-05 03:42:10.689  7568  7579 I art     : Explicit concurrent mark sweep GC freed 3(96B) AllocSpace objects, 0(0B) LOS objects, 39% free, 24MB/40MB, paused 230us total 28.570ms
08-05 03:42:10.702  7568  7579 I art     : Starting a blocking GC Explicit
08-05 03:42:10.731  7568  7579 I art     : Explicit concurrent mark sweep GC freed 3(96B) AllocSpace objects, 0(0B) LOS objects, 39% free, 24MB/40MB, paused 232us total 28.561ms
08-05 03:42:10.877  8566  8566 D AndroidRuntime: >>>>>> START com.android.internal.os.RuntimeInit uid 2000 <<<<<<
08-05 03:42:10.884  8566  8566 D AndroidRuntime: CheckJNI is OFF
08-05 03:42:10.918  8566  8566 D ICU     : No timezone override file found: /data/misc/zoneinfo/current/icu/icu_tzdata.dat
08-05 03:42:10.950  8566  8566 I Radio-JNI: register_android_hardware_Radio DONE
08-05 03:42:10.972  8566  8566 D AndroidRuntime: Calling main entry com.android.commands.input.Input
08-05 03:42:10.973  8566  8566 I Input   : injectMotionEvent: MotionEvent { action=ACTION_DOWN, actionButton=0, id[0]=0, x[0]=600.0, y[0]=1200.0, toolType[0]=TOOL_TYPE_UNKNOWN, buttonState=0, metaState=0, flags=0x0, edgeFlags=0x0, pointerCount=1, historySize=0, eventTime=762147386, downTime=762147386, deviceId=0, source=0x1002 }
08-05 03:42:10.980  8566  8566 I Input   : injectMotionEvent: MotionEvent { action=ACTION_UP, actionButton=0, id[0]=0, x[0]=600.0, y[0]=1200.0, toolType[0]=TOOL_TYPE_UNKNOWN, buttonState=0, metaState=0, flags=0x0, edgeFlags=0x0, pointerCount=1, historySize=0, eventTime=762147386, downTime=762147386, deviceId=0, source=0x1002 }
08-05 03:42:10.985  8566  8566 D AndroidRuntime: Shutting down VM
08-05 03:42:11.001   512  2967 D audio_hw_primary: out_set_parameters: enter: usecase(1: low-latency-playback) kvpairs: routing=2
08-05 03:42:11.004   918  4413 I ActivityManager: START u0 {dat=https://oauth.reddit.com/... cmp=baseline.org.quantumbadger.redreader/.activities.CommentListingActivity} from uid 10689 on display 0
08-05 03:42:11.014   512  2967 D audio_hw_primary: select_devices: out_snd_device(2: speaker) in_snd_device(0: none)
08-05 03:42:11.014   512  2967 D msm8974_platform: platform_send_audio_calibration: sending audio calibration for snd_device(2) acdb_id(15)
08-05 03:42:11.015   512  2967 I soundtrigger: audio_extn_sound_trigger_update_device_status: device 0x2 of type 0 for Event 1
08-05 03:42:11.024   512  2967 D audio_hw_primary: enable_snd_device: snd_device(2: speaker)
08-05 03:42:11.024  7568  7568 I AppCompatViewInflater: app:theme is now deprecated. Please move to using android:theme instead.
08-05 03:42:11.026   512  2967 D audio_hw_primary: enable_audio_route: apply and update mixer path: low-latency-playback speaker
08-05 03:42:11.028  7568  7581 I art     : Starting a blocking GC Explicit
08-05 03:42:11.043  7568  8601 D OK      : calling: https://oauth.reddit.com/comments/hza888/.json?sort=confidence
08-05 03:42:11.057  7568  7581 I art     : Explicit concurrent mark sweep GC freed 3382(187KB) AllocSpace objects, 1(20KB) LOS objects, 39% free, 24MB/40MB, paused 331us total 28.994ms
08-05 03:42:11.070  7568  7581 I art     : Starting a blocking GC Explicit
08-05 03:42:11.097  7568  7581 I art     : Explicit concurrent mark sweep GC freed 951(41KB) AllocSpace objects, 0(0B) LOS objects, 38% free, 25MB/41MB, paused 569us total 26.700ms
08-05 03:42:11.109   918   936 I ActivityManager: Displayed baseline.org.quantumbadger.redreader/.activities.CommentListingActivity: +98ms
08-05 03:42:11.109  7568  7581 I art     : Starting a blocking GC Explicit
08-05 03:42:11.109 13866 13866 I GoogleInputMethodServic: GoogleInputMethodService.onFinishInput():3138 
08-05 03:42:11.112 13866 13866 I GoogleInputMethodServic: GoogleInputMethodService.onStartInput():1808 
08-05 03:42:11.138  7568  7581 I art     : Explicit concurrent mark sweep GC freed 428(47KB) AllocSpace objects, 0(0B) LOS objects, 39% free, 25MB/41MB, paused 492us total 28.189ms
08-05 03:42:11.152  7568  7581 I art     : Starting a blocking GC Explicit
08-05 03:42:11.179  7568  7581 I art     : Explicit concurrent mark sweep GC freed 2019(78KB) AllocSpace objects, 0(0B) LOS objects, 38% free, 25MB/41MB, paused 318us total 27.172ms
08-05 03:42:11.191  7568  7581 I art     : Starting a blocking GC Explicit
08-05 03:42:11.218  7568  7581 I art     : Explicit concurrent mark sweep GC freed 68(2560B) AllocSpace objects, 0(0B) LOS objects, 39% free, 25MB/41MB, paused 261us total 26.868ms
08-05 03:42:11.330  7568  8601 I NAPPA_EXPERIMENTATION: MetricNetworkRequestExecutionTime: REQUEST_DURATION_SYSTEM='287',REQUEST_DURATION_OKHTTP='157',REQUEST_SYNCHRONOUS='TRUE',RESPONSE_CODE='200',RESPONSE_METHOD='GET',RESPONSE_LENGTH_OKHTTP='-1',RESPONSE_LENGTH_HEADER='21928',REQUEST_PROTOCOL='h2',REQUEST_URL='https://oauth.reddit.com/comments/hza888/.json?sort=confidence',
08-05 03:42:11.330  7568  8601 D OK      : request got status: 200
08-05 03:42:11.358  7568  8164 I CommentListingActivity: COMMENTS session changed to 2e9a63b4-7d07-463c-854b-ec6e75f57b78
08-05 03:42:11.366   380   380 W SurfaceFlinger: couldn't log to binary event log: overflow.
08-05 03:42:11.453  7568  7579 I art     : Starting a blocking GC Explicit
08-05 03:42:11.489  7568  7579 I art     : Explicit concurrent mark sweep GC freed 13967(861KB) AllocSpace objects, 2(88KB) LOS objects, 37% free, 26MB/42MB, paused 483us total 35.973ms
08-05 03:42:11.502  7568  7579 I art     : Starting a blocking GC Explicit
08-05 03:42:11.537  5221  5221 W Atfwd_Sendcmd: AtCmdFwd service not published, waiting... retryCnt : 1
08-05 03:42:11.537  7568  7579 I art     : Explicit concurrent mark sweep GC freed 4135(230KB) AllocSpace objects, 1(68KB) LOS objects, 37% free, 26MB/42MB, paused 512us total 34.579ms
08-05 03:42:11.550  7568  7579 I art     : Starting a blocking GC Explicit
08-05 03:42:11.560   512  2967 D audio_hw_primary: disable_audio_route: reset and update mixer path: low-latency-playback speaker
08-05 03:42:11.561   512  2967 D audio_hw_primary: disable_snd_device: snd_device(2: speaker)
08-05 03:42:11.568   512  2967 I soundtrigger: audio_extn_sound_trigger_update_device_status: device 0x2 of type 0 for Event 0
08-05 03:42:11.583  7568  7579 I art     : Explicit concurrent mark sweep GC freed 1449(68KB) AllocSpace objects, 0(0B) LOS objects, 37% free, 26MB/42MB, paused 332us total 33.256ms
08-05 03:42:11.597  7568  7579 I art     : Starting a blocking GC Explicit
08-05 03:42:11.631  7568  7579 I art     : Explicit concurrent mark sweep GC freed 88(2944B) AllocSpace objects, 0(0B) LOS objects, 37% free, 26MB/42MB, paused 248us total 33.789ms
08-05 03:42:11.645  7568  7579 I art     : Starting a blocking GC Explicit
08-05 03:42:11.678  7568  7579 I art     : Explicit concurrent mark sweep GC freed 3(96B) AllocSpace objects, 0(0B) LOS objects, 37% free, 26MB/42MB, paused 370us total 32.940ms
08-05 03:42:11.969  7568  7889 I art     : Starting a blocking GC Explicit
08-05 03:42:12.008  7568  7889 I art     : Explicit concurrent mark sweep GC freed 1343(80KB) AllocSpace objects, 1(20KB) LOS objects, 37% free, 26MB/42MB, paused 278us total 38.811ms
08-05 03:42:12.023  7568  7889 I art     : Starting a blocking GC Explicit
08-05 03:42:12.059  7568  7889 I art     : Explicit concurrent mark sweep GC freed 20(704B) AllocSpace objects, 0(0B) LOS objects, 37% free, 26MB/42MB, paused 245us total 35.403ms
08-05 03:42:12.073  7568  7889 I art     : Starting a blocking GC Explicit
08-05 03:42:12.110  7568  7889 I art     : Explicit concurrent mark sweep GC freed 49(1920B) AllocSpace objects, 0(0B) LOS objects, 37% free, 26MB/42MB, paused 273us total 36.431ms
08-05 03:42:12.124  7568  7889 I art     : Starting a blocking GC Explicit
08-05 03:42:12.162  7568  7889 I art     : Explicit concurrent mark sweep GC freed 3(96B) AllocSpace objects, 0(0B) LOS objects, 37% free, 26MB/42MB, paused 270us total 38.020ms
08-05 03:42:12.176  7568  7889 I art     : Starting a blocking GC Explicit
08-05 03:42:12.216  7568  7889 I art     : Explicit concurrent mark sweep GC freed 3(96B) AllocSpace objects, 0(0B) LOS objects, 37% free, 26MB/42MB, paused 276us total 38.801ms
08-05 03:42:12.502  7568  7589 I art     : Starting a blocking GC Explicit
08-05 03:42:12.548  7568  7589 I art     : Explicit concurrent mark sweep GC freed 1343(80KB) AllocSpace objects, 1(20KB) LOS objects, 37% free, 26MB/42MB, paused 431us total 45.965ms
08-05 03:42:12.564  7568  7589 I art     : Starting a blocking GC Explicit
08-05 03:42:12.603  7568  7589 I art     : Explicit concurrent mark sweep GC freed 20(704B) AllocSpace objects, 0(0B) LOS objects, 37% free, 26MB/42MB, paused 323us total 38.818ms
08-05 03:42:12.618  7568  7589 I art     : Starting a blocking GC Explicit
08-05 03:42:12.651  7568  7589 I art     : Explicit concurrent mark sweep GC freed 3(96B) AllocSpace objects, 0(0B) LOS objects, 37% free, 26MB/42MB, paused 259us total 32.890ms
08-05 03:42:12.665  7568  7589 I art     : Starting a blocking GC Explicit
08-05 03:42:12.698  7568  7589 I art     : Explicit concurrent mark sweep GC freed 3(96B) AllocSpace objects, 0(0B) LOS objects, 37% free, 26MB/42MB, paused 243us total 33.212ms
08-05 03:42:12.712  7568  7589 I art     : Starting a blocking GC Explicit
08-05 03:42:12.749  7568  7589 I art     : Explicit concurrent mark sweep GC freed 18(656B) AllocSpace objects, 0(0B) LOS objects, 37% free, 26MB/42MB, paused 260us total 36.955ms
08-05 03:42:13.065  7568  7889 I art     : Starting a blocking GC Explicit
08-05 03:42:13.113  7568  7889 I art     : Explicit concurrent mark sweep GC freed 1343(80KB) AllocSpace objects, 1(20KB) LOS objects, 37% free, 26MB/42MB, paused 306us total 48.226ms
08-05 03:42:13.131  7568  7889 I art     : Starting a blocking GC Explicit
08-05 03:42:13.169  7568  7889 I art     : Explicit concurrent mark sweep GC freed 20(704B) AllocSpace objects, 0(0B) LOS objects, 37% free, 26MB/42MB, paused 273us total 37.985ms
08-05 03:42:13.184  7568  7889 I art     : Starting a blocking GC Explicit
08-05 03:42:13.222  7568  7889 I art     : Explicit concurrent mark sweep GC freed 3(96B) AllocSpace objects, 0(0B) LOS objects, 37% free, 26MB/42MB, paused 268us total 37.806ms
08-05 03:42:13.236  7568  7889 I art     : Starting a blocking GC Explicit
08-05 03:42:13.272  7568  7889 I art     : Explicit concurrent mark sweep GC freed 3(96B) AllocSpace objects, 0(0B) LOS objects, 37% free, 26MB/42MB, paused 263us total 35.445ms
08-05 03:42:13.285  7568  7889 I art     : Starting a blocking GC Explicit
08-05 03:42:13.322  7568  7889 I art     : Explicit concurrent mark sweep GC freed 3(96B) AllocSpace objects, 0(0B) LOS objects, 37% free, 26MB/42MB, paused 269us total 35.943ms
08-05 03:42:13.625  7568  7579 I art     : Starting a blocking GC Explicit
08-05 03:42:13.655  8645  8645 D AndroidRuntime: >>>>>> START com.android.internal.os.RuntimeInit uid 2000 <<<<<<
08-05 03:42:13.660  8645  8645 D AndroidRuntime: CheckJNI is OFF
08-05 03:42:13.664  7568  7579 I art     : Explicit concurrent mark sweep GC freed 1343(80KB) AllocSpace objects, 1(20KB) LOS objects, 37% free, 26MB/42MB, paused 269us total 38.224ms
08-05 03:42:13.678  7568  7579 I art     : Starting a blocking GC Explicit
08-05 03:42:13.696  8645  8645 D ICU     : No timezone override file found: /data/misc/zoneinfo/current/icu/icu_tzdata.dat
08-05 03:42:13.711  7568  7579 I art     : Explicit concurrent mark sweep GC freed 20(704B) AllocSpace objects, 0(0B) LOS objects, 37% free, 26MB/42MB, paused 260us total 32.596ms
08-05 03:42:13.724  7568  7579 I art     : Starting a blocking GC Explicit
08-05 03:42:13.731  8645  8645 I Radio-JNI: register_android_hardware_Radio DONE
08-05 03:42:13.751  8645  8645 D AndroidRuntime: Calling main entry com.android.commands.input.Input
08-05 03:42:13.753  8645  8645 I Input   : injectKeyEvent: KeyEvent { action=ACTION_DOWN, keyCode=KEYCODE_BACK, scanCode=0, metaState=0, flags=0x0, repeatCount=0, eventTime=762150166, downTime=762150166, deviceId=-1, source=0x101 }
08-05 03:42:13.757  7568  7579 I art     : Explicit concurrent mark sweep GC freed 3(96B) AllocSpace objects, 0(0B) LOS objects, 37% free, 26MB/42MB, paused 247us total 32.851ms
08-05 03:42:13.759  8645  8645 I Input   : injectKeyEvent: KeyEvent { action=ACTION_UP, keyCode=KEYCODE_BACK, scanCode=0, metaState=0, flags=0x0, repeatCount=0, eventTime=762150166, downTime=762150166, deviceId=-1, source=0x101 }
08-05 03:42:13.764  8645  8645 D AndroidRuntime: Shutting down VM
08-05 03:42:13.770  7568  7579 I art     : Starting a blocking GC Explicit
08-05 03:42:13.803  7568  7579 I art     : Explicit concurrent mark sweep GC freed 131(4KB) AllocSpace objects, 0(0B) LOS objects, 37% free, 26MB/42MB, paused 244us total 32.579ms
08-05 03:42:13.807 13866 13866 I GoogleInputMethodServic: GoogleInputMethodService.onFinishInput():3138 
08-05 03:42:13.808 13866 13866 I GoogleInputMethodServic: GoogleInputMethodService.onStartInput():1808 
08-05 03:42:13.816  7568  7579 I art     : Starting a blocking GC Explicit
08-05 03:42:13.849  7568  7579 I art     : Explicit concurrent mark sweep GC freed 126(4KB) AllocSpace objects, 0(0B) LOS objects, 37% free, 26MB/42MB, paused 287us total 32.488ms
08-05 03:42:14.104  7568  7579 I art     : Starting a blocking GC Explicit
08-05 03:42:14.119   380   380 W SurfaceFlinger: couldn't log to binary event log: overflow.
08-05 03:42:14.141  7568  7579 I art     : Explicit concurrent mark sweep GC freed 1414(83KB) AllocSpace objects, 1(20KB) LOS objects, 37% free, 26MB/42MB, paused 244us total 37.211ms
08-05 03:42:14.156  7568  7579 I art     : Starting a blocking GC Explicit
08-05 03:42:14.189  7568  7579 I art     : Explicit concurrent mark sweep GC freed 133(6KB) AllocSpace objects, 0(0B) LOS objects, 37% free, 26MB/42MB, paused 258us total 33.704ms
08-05 03:42:14.190  7568  7578 I art     : WaitForGcToComplete blocked for 9.636ms for cause HeapTrim
08-05 03:42:14.202  7568  7579 I art     : Starting a blocking GC Explicit
08-05 03:42:14.234  7568  7579 I art     : Explicit concurrent mark sweep GC freed 22866(1241KB) AllocSpace objects, 5(164KB) LOS objects, 39% free, 24MB/40MB, paused 258us total 31.654ms
08-05 03:42:14.247  7568  7579 I art     : Starting a blocking GC Explicit
08-05 03:42:14.277  7568  7579 I art     : Explicit concurrent mark sweep GC freed 3(96B) AllocSpace objects, 0(0B) LOS objects, 39% free, 24MB/40MB, paused 345us total 29.434ms
08-05 03:42:14.290  7568  7579 I art     : Starting a blocking GC Explicit
08-05 03:42:14.321  7568  7579 I art     : Explicit concurrent mark sweep GC freed 3(96B) AllocSpace objects, 0(0B) LOS objects, 39% free, 24MB/40MB, paused 261us total 30.392ms
08-05 03:42:14.600  7568  7889 I art     : Starting a blocking GC Explicit
08-05 03:42:14.637  7568  7889 I art     : Explicit concurrent mark sweep GC freed 1347(80KB) AllocSpace objects, 1(20KB) LOS objects, 39% free, 24MB/40MB, paused 278us total 36.197ms
08-05 03:42:14.650  7568  7889 I art     : Starting a blocking GC Explicit
08-05 03:42:14.682  7568  7889 I art     : Explicit concurrent mark sweep GC freed 20(704B) AllocSpace objects, 0(0B) LOS objects, 39% free, 24MB/40MB, paused 280us total 31.287ms
08-05 03:42:14.695  7568  7889 I art     : Starting a blocking GC Explicit
08-05 03:42:14.727  7568  7889 I art     : Explicit concurrent mark sweep GC freed 3(96B) AllocSpace objects, 0(0B) LOS objects, 39% free, 24MB/40MB, paused 280us total 31.158ms
08-05 03:42:14.740  7568  7889 I art     : Starting a blocking GC Explicit
08-05 03:42:14.772  7568  7889 I art     : Explicit concurrent mark sweep GC freed 3(96B) AllocSpace objects, 0(0B) LOS objects, 39% free, 24MB/40MB, paused 255us total 30.955ms
08-05 03:42:14.785  7568  7889 I art     : Starting a blocking GC Explicit
08-05 03:42:14.816  7568  7889 I art     : Explicit concurrent mark sweep GC freed 3(96B) AllocSpace objects, 0(0B) LOS objects, 39% free, 24MB/40MB, paused 274us total 30.304ms
08-05 03:42:15.090  7568  7581 I art     : Starting a blocking GC Explicit
08-05 03:42:15.121  7568  7581 I art     : Explicit concurrent mark sweep GC freed 1344(80KB) AllocSpace objects, 1(20KB) LOS objects, 39% free, 24MB/40MB, paused 275us total 30.370ms
08-05 03:42:15.134  7568  7581 I art     : Starting a blocking GC Explicit
08-05 03:42:15.161  7568  7581 I art     : Explicit concurrent mark sweep GC freed 20(704B) AllocSpace objects, 0(0B) LOS objects, 39% free, 24MB/40MB, paused 255us total 26.852ms
08-05 03:42:15.174  7568  7581 I art     : Starting a blocking GC Explicit
08-05 03:42:15.203  7568  7581 I art     : Explicit concurrent mark sweep GC freed 3(96B) AllocSpace objects, 0(0B) LOS objects, 39% free, 24MB/40MB, paused 268us total 29.057ms
08-05 03:42:15.216  7568  7581 I art     : Starting a blocking GC Explicit
08-05 03:42:15.245  7568  7581 I art     : Explicit concurrent mark sweep GC freed 3(96B) AllocSpace objects, 0(0B) LOS objects, 39% free, 24MB/40MB, paused 267us total 28.975ms
08-05 03:42:15.258  7568  7581 I art     : Starting a blocking GC Explicit
08-05 03:42:15.287  7568  7581 I art     : Explicit concurrent mark sweep GC freed 3(96B) AllocSpace objects, 0(0B) LOS objects, 39% free, 24MB/40MB, paused 295us total 28.843ms
08-05 03:42:15.433  8692  8692 D AndroidRuntime: >>>>>> START com.android.internal.os.RuntimeInit uid 2000 <<<<<<
08-05 03:42:15.438  8692  8692 D AndroidRuntime: CheckJNI is OFF
08-05 03:42:15.471  8692  8692 D ICU     : No timezone override file found: /data/misc/zoneinfo/current/icu/icu_tzdata.dat
08-05 03:42:15.503  8692  8692 I Radio-JNI: register_android_hardware_Radio DONE
08-05 03:42:15.524  8692  8692 D AndroidRuntime: Calling main entry com.android.commands.input.Input
08-05 03:42:15.526  8692  8692 I Input   : injectMotionEvent: MotionEvent { action=ACTION_DOWN, actionButton=0, id[0]=0, x[0]=600.0, y[0]=950.0, toolType[0]=TOOL_TYPE_UNKNOWN, buttonState=0, metaState=0, flags=0x0, edgeFlags=0x0, pointerCount=1, historySize=0, eventTime=762151938, downTime=762151938, deviceId=0, source=0x1002 }
08-05 03:42:15.530  8692  8692 I Input   : injectMotionEvent: MotionEvent { action=ACTION_UP, actionButton=0, id[0]=0, x[0]=600.0, y[0]=950.0, toolType[0]=TOOL_TYPE_UNKNOWN, buttonState=0, metaState=0, flags=0x0, edgeFlags=0x0, pointerCount=1, historySize=0, eventTime=762151938, downTime=762151938, deviceId=0, source=0x1002 }
08-05 03:42:15.536  8692  8692 D AndroidRuntime: Shutting down VM
08-05 03:42:15.541   512  2967 D audio_hw_primary: out_set_parameters: enter: usecase(1: low-latency-playback) kvpairs: routing=2
08-05 03:42:15.544   918   929 I ActivityManager: START u0 {dat=https://oauth.reddit.com/... cmp=baseline.org.quantumbadger.redreader/.activities.CommentListingActivity} from uid 10689 on display 0
08-05 03:42:15.555   512  2967 D audio_hw_primary: select_devices: out_snd_device(2: speaker) in_snd_device(0: none)
08-05 03:42:15.555   512  2967 D msm8974_platform: platform_send_audio_calibration: sending audio calibration for snd_device(2) acdb_id(15)
08-05 03:42:15.555   512  2967 I soundtrigger: audio_extn_sound_trigger_update_device_status: device 0x2 of type 0 for Event 1
08-05 03:42:15.567   512  2967 D audio_hw_primary: enable_snd_device: snd_device(2: speaker)
08-05 03:42:15.569   512  2967 D audio_hw_primary: enable_audio_route: apply and update mixer path: low-latency-playback speaker
08-05 03:42:15.572  7568  7568 I AppCompatViewInflater: app:theme is now deprecated. Please move to using android:theme instead.
08-05 03:42:15.578  7568  7579 I art     : Starting a blocking GC Explicit
08-05 03:42:15.591  7568  8164 I CommentListingActivity: COMMENTS session changed to d0cbf376-ee20-4909-a119-4ee24b6a214c
08-05 03:42:15.608  7568  7579 I art     : Explicit concurrent mark sweep GC freed 5203(430KB) AllocSpace objects, 1(20KB) LOS objects, 38% free, 25MB/41MB, paused 642us total 29.802ms
08-05 03:42:15.621  7568  7579 I art     : Starting a blocking GC Explicit
08-05 03:42:15.649  7568  7579 I art     : Explicit concurrent mark sweep GC freed 1679(94KB) AllocSpace objects, 2(32KB) LOS objects, 38% free, 25MB/41MB, paused 413us total 27.328ms
08-05 03:42:15.661  7568  7579 I art     : Starting a blocking GC Explicit
08-05 03:42:15.691  7568  7579 I art     : Explicit concurrent mark sweep GC freed 1428(56KB) AllocSpace objects, 0(0B) LOS objects, 38% free, 25MB/41MB, paused 498us total 29.004ms
08-05 03:42:15.704  7568  7579 I art     : Starting a blocking GC Explicit
08-05 03:42:15.722   918   936 I ActivityManager: Displayed baseline.org.quantumbadger.redreader/.activities.CommentListingActivity: +170ms
08-05 03:42:15.726 13866 13866 I GoogleInputMethodServic: GoogleInputMethodService.onFinishInput():3138 
08-05 03:42:15.726 13866 13866 I GoogleInputMethodServic: GoogleInputMethodService.onStartInput():1808 
08-05 03:42:15.734  7568  7579 I art     : Explicit concurrent mark sweep GC freed 197(8KB) AllocSpace objects, 0(0B) LOS objects, 38% free, 25MB/41MB, paused 594us total 30.024ms
08-05 03:42:15.750  7568  7579 I art     : Starting a blocking GC Explicit
08-05 03:42:15.780  7568  7579 I art     : Explicit concurrent mark sweep GC freed 84(2272B) AllocSpace objects, 0(0B) LOS objects, 38% free, 25MB/41MB, paused 254us total 30.152ms
08-05 03:42:16.003   380   380 W SurfaceFlinger: couldn't log to binary event log: overflow.
08-05 03:42:16.012  7568  8600 I RedditChangeDataIO: Writing tmp data file at '/data/user/0/baseline.org.quantumbadger.redreader/files/rr_change_data_tmp.dat'
08-05 03:42:16.014  7568  8600 I RedditChangeDataManager: Taking snapshot...
08-05 03:42:16.014  7568  8600 I RedditChangeDataManager: Writing to stream...
08-05 03:42:16.014  7568  8600 I RedditChangeDataManager: Wrote 3 entries for user ''
08-05 03:42:16.014  7568  8600 I RedditChangeDataManager: All entries written to stream.
08-05 03:42:16.014  7568  8600 I RedditChangeDataIO: Write successful. Atomically replacing data file...
08-05 03:42:16.015  7568  8600 I RedditChangeDataIO: Write complete.
08-05 03:42:16.015  7568  8600 I RedditChangeDataIO: 86 bytes written in 3 ms
08-05 03:42:16.056  7568  7581 I art     : Starting a blocking GC Explicit
08-05 03:42:16.085  7568  7581 I art     : Explicit concurrent mark sweep GC freed 1424(85KB) AllocSpace objects, 2(88KB) LOS objects, 38% free, 25MB/41MB, paused 277us total 28.804ms
08-05 03:42:16.100  7568  7581 I art     : Starting a blocking GC Explicit
08-05 03:42:16.109   512  2967 D audio_hw_primary: disable_audio_route: reset and update mixer path: low-latency-playback speaker
08-05 03:42:16.110   512  2967 D audio_hw_primary: disable_snd_device: snd_device(2: speaker)
08-05 03:42:16.119   512  2967 I soundtrigger: audio_extn_sound_trigger_update_device_status: device 0x2 of type 0 for Event 0
08-05 03:42:16.129  7568  7581 I art     : Explicit concurrent mark sweep GC freed 106(3KB) AllocSpace objects, 0(0B) LOS objects, 38% free, 25MB/41MB, paused 230us total 29.484ms
08-05 03:42:16.142  7568  7581 I art     : Starting a blocking GC Explicit
08-05 03:42:16.170  7568  7581 I art     : Explicit concurrent mark sweep GC freed 3(96B) AllocSpace objects, 0(0B) LOS objects, 38% free, 25MB/41MB, paused 258us total 27.768ms
08-05 03:42:16.183  7568  7581 I art     : Starting a blocking GC Explicit
08-05 03:42:16.212  7568  7581 I art     : Explicit concurrent mark sweep GC freed 3(96B) AllocSpace objects, 0(0B) LOS objects, 38% free, 25MB/41MB, paused 228us total 28.767ms
08-05 03:42:16.215   518   646 I ThermalEngine: ACTION: GPU - Setting GPU[0] to 450000000
08-05 03:42:16.233  7568  7581 I art     : Starting a blocking GC Explicit
08-05 03:42:16.271  7568  7581 I art     : Explicit concurrent mark sweep GC freed 49(1920B) AllocSpace objects, 0(0B) LOS objects, 38% free, 25MB/41MB, paused 340us total 37.083ms
08-05 03:42:16.537  5221  5221 I ServiceManager: Waiting for service AtCmdFwd...
08-05 03:42:16.571  7568  7889 I art     : Starting a blocking GC Explicit
08-05 03:42:16.620  7568  7889 I art     : Explicit concurrent mark sweep GC freed 1578(116KB) AllocSpace objects, 1(20KB) LOS objects, 38% free, 25MB/41MB, paused 337us total 48.369ms
08-05 03:42:16.640  7568  7889 I art     : Starting a blocking GC Explicit
08-05 03:42:16.680  7568  7889 I art     : Explicit concurrent mark sweep GC freed 85(2880B) AllocSpace objects, 0(0B) LOS objects, 38% free, 25MB/41MB, paused 321us total 39.646ms
08-05 03:42:16.698  7568  7889 I art     : Starting a blocking GC Explicit
08-05 03:42:16.737  7568  7889 I art     : Explicit concurrent mark sweep GC freed 3(96B) AllocSpace objects, 0(0B) LOS objects, 38% free, 25MB/41MB, paused 317us total 38.557ms
08-05 03:42:16.754  7568  7889 I art     : Starting a blocking GC Explicit
08-05 03:42:16.793  7568  7889 I art     : Explicit concurrent mark sweep GC freed 3(96B) AllocSpace objects, 0(0B) LOS objects, 38% free, 25MB/41MB, paused 312us total 38.716ms
08-05 03:42:16.811  7568  7889 I art     : Starting a blocking GC Explicit
08-05 03:42:16.850  7568  7889 I art     : Explicit concurrent mark sweep GC freed 3(96B) AllocSpace objects, 0(0B) LOS objects, 38% free, 25MB/41MB, paused 325us total 38.518ms
08-05 03:42:17.158  7568  7579 I art     : Starting a blocking GC Explicit
08-05 03:42:17.209  7568  7579 I art     : Explicit concurrent mark sweep GC freed 1343(80KB) AllocSpace objects, 1(20KB) LOS objects, 38% free, 25MB/41MB, paused 353us total 50.277ms
08-05 03:42:17.230  7568  7579 I art     : Starting a blocking GC Explicit
08-05 03:42:17.276  7568  7579 I art     : Explicit concurrent mark sweep GC freed 20(704B) AllocSpace objects, 0(0B) LOS objects, 38% free, 25MB/41MB, paused 354us total 45.170ms
08-05 03:42:17.297  7568  7579 I art     : Starting a blocking GC Explicit
08-05 03:42:17.339  7568  7579 I art     : Explicit concurrent mark sweep GC freed 3(96B) AllocSpace objects, 0(0B) LOS objects, 38% free, 25MB/41MB, paused 321us total 42.208ms
08-05 03:42:17.357  7568  7579 I art     : Starting a blocking GC Explicit
08-05 03:42:17.401  7568  7579 I art     : Explicit concurrent mark sweep GC freed 3(96B) AllocSpace objects, 0(0B) LOS objects, 38% free, 25MB/41MB, paused 323us total 43.751ms
08-05 03:42:17.419  7568  7579 I art     : Starting a blocking GC Explicit
08-05 03:42:17.461  7568  7579 I art     : Explicit concurrent mark sweep GC freed 3(96B) AllocSpace objects, 0(0B) LOS objects, 38% free, 25MB/41MB, paused 324us total 41.367ms
08-05 03:42:17.538  5221  5221 I ServiceManager: Waiting for service AtCmdFwd...
08-05 03:42:17.798  7568  7589 I art     : Starting a blocking GC Explicit
08-05 03:42:17.850  7568  7589 I art     : Explicit concurrent mark sweep GC freed 1343(80KB) AllocSpace objects, 1(20KB) LOS objects, 38% free, 25MB/41MB, paused 340us total 51.678ms
08-05 03:42:17.870  7568  7589 I art     : Starting a blocking GC Explicit
08-05 03:42:17.912  7568  7589 I art     : Explicit concurrent mark sweep GC freed 20(704B) AllocSpace objects, 0(0B) LOS objects, 38% free, 25MB/41MB, paused 327us total 41.893ms
08-05 03:42:17.930  7568  7589 I art     : Starting a blocking GC Explicit
08-05 03:42:17.974  7568  7589 I art     : Explicit concurrent mark sweep GC freed 3(96B) AllocSpace objects, 0(0B) LOS objects, 38% free, 25MB/41MB, paused 324us total 43.911ms
08-05 03:42:17.992  7568  7589 I art     : Starting a blocking GC Explicit
08-05 03:42:18.034  7568  7589 I art     : Explicit concurrent mark sweep GC freed 3(96B) AllocSpace objects, 0(0B) LOS objects, 38% free, 25MB/41MB, paused 322us total 41.439ms
08-05 03:42:18.052  7568  7589 I art     : Starting a blocking GC Explicit
08-05 03:42:18.095  7568  7589 I art     : Explicit concurrent mark sweep GC freed 3(96B) AllocSpace objects, 0(0B) LOS objects, 38% free, 25MB/41MB, paused 318us total 43.123ms
08-05 03:42:18.439  7568  7581 I art     : Starting a blocking GC Explicit
08-05 03:42:18.496  7568  7581 I art     : Explicit concurrent mark sweep GC freed 1343(80KB) AllocSpace objects, 1(20KB) LOS objects, 38% free, 25MB/41MB, paused 349us total 56.101ms
08-05 03:42:18.517  7568  7581 I art     : Starting a blocking GC Explicit
08-05 03:42:18.539  5221  5221 I ServiceManager: Waiting for service AtCmdFwd...
08-05 03:42:18.557  7568  7581 I art     : Explicit concurrent mark sweep GC freed 20(704B) AllocSpace objects, 0(0B) LOS objects, 38% free, 25MB/41MB, paused 421us total 40.306ms
08-05 03:42:18.575  7568  7581 I art     : Starting a blocking GC Explicit
08-05 03:42:18.619  7568  7581 I art     : Explicit concurrent mark sweep GC freed 3(96B) AllocSpace objects, 0(0B) LOS objects, 38% free, 25MB/41MB, paused 324us total 43.902ms
08-05 03:42:18.638  7568  7581 I art     : Starting a blocking GC Explicit
08-05 03:42:18.680  7568  7581 I art     : Explicit concurrent mark sweep GC freed 3(96B) AllocSpace objects, 0(0B) LOS objects, 38% free, 25MB/41MB, paused 324us total 41.695ms
08-05 03:42:18.698  7568  7581 I art     : Starting a blocking GC Explicit
08-05 03:42:18.741  7568  7581 I art     : Explicit concurrent mark sweep GC freed 3(96B) AllocSpace objects, 0(0B) LOS objects, 38% free, 25MB/41MB, paused 322us total 43.249ms
08-05 03:42:19.058  7568  7889 I art     : Starting a blocking GC Explicit
08-05 03:42:19.109  7568  7889 I art     : Explicit concurrent mark sweep GC freed 1343(80KB) AllocSpace objects, 1(20KB) LOS objects, 38% free, 25MB/41MB, paused 359us total 50.430ms
08-05 03:42:19.130  7568  7889 I art     : Starting a blocking GC Explicit
08-05 03:42:19.175  7568  7889 I art     : Explicit concurrent mark sweep GC freed 20(704B) AllocSpace objects, 0(0B) LOS objects, 38% free, 25MB/41MB, paused 329us total 44.744ms
08-05 03:42:19.193  7568  7889 I art     : Starting a blocking GC Explicit
08-05 03:42:19.220   518   646 I ThermalEngine: ACTION: GPU - Setting GPU[0] to 510000000
08-05 03:42:19.236  7568  7889 I art     : Explicit concurrent mark sweep GC freed 3(96B) AllocSpace objects, 0(0B) LOS objects, 38% free, 25MB/41MB, paused 349us total 42.147ms
08-05 03:42:19.254  7568  7889 I art     : Starting a blocking GC Explicit
08-05 03:42:19.288  7568  7889 I art     : Explicit concurrent mark sweep GC freed 3(96B) AllocSpace objects, 0(0B) LOS objects, 38% free, 25MB/41MB, paused 244us total 33.457ms
08-05 03:42:19.301  7568  7889 I art     : Starting a blocking GC Explicit
08-05 03:42:19.334  7568  7889 I art     : Explicit concurrent mark sweep GC freed 3(96B) AllocSpace objects, 0(0B) LOS objects, 38% free, 25MB/41MB, paused 266us total 32.497ms
08-05 03:42:19.540  5221  5221 I ServiceManager: Waiting for service AtCmdFwd...
08-05 03:42:19.644  7568  7579 I art     : Starting a blocking GC Explicit
08-05 03:42:19.681  7568  7579 I art     : Explicit concurrent mark sweep GC freed 1345(80KB) AllocSpace objects, 1(20KB) LOS objects, 38% free, 25MB/41MB, paused 243us total 36.305ms
08-05 03:42:19.694  7568  7579 I art     : Starting a blocking GC Explicit
08-05 03:42:19.727  7568  7579 I art     : Explicit concurrent mark sweep GC freed 20(704B) AllocSpace objects, 0(0B) LOS objects, 38% free, 25MB/41MB, paused 259us total 32.939ms
08-05 03:42:19.741  7568  7579 I art     : Starting a blocking GC Explicit
08-05 03:42:19.773  7568  7579 I art     : Explicit concurrent mark sweep GC freed 3(96B) AllocSpace objects, 0(0B) LOS objects, 38% free, 25MB/41MB, paused 222us total 31.593ms
08-05 03:42:19.787  7568  7579 I art     : Starting a blocking GC Explicit
08-05 03:42:19.817  7568  7579 I art     : Explicit concurrent mark sweep GC freed 3(96B) AllocSpace objects, 0(0B) LOS objects, 38% free, 25MB/41MB, paused 280us total 29.296ms
08-05 03:42:19.830  7568  7579 I art     : Starting a blocking GC Explicit
08-05 03:42:19.860  7568  7579 I art     : Explicit concurrent mark sweep GC freed 3(96B) AllocSpace objects, 0(0B) LOS objects, 38% free, 25MB/41MB, paused 221us total 30.459ms
08-05 03:42:20.179  7568  7589 I art     : Starting a blocking GC Explicit
08-05 03:42:20.210  8793  8793 D AndroidRuntime: >>>>>> START com.android.internal.os.RuntimeInit uid 2000 <<<<<<
08-05 03:42:20.217  8793  8793 D AndroidRuntime: CheckJNI is OFF
08-05 03:42:20.217  7568  7589 I art     : Explicit concurrent mark sweep GC freed 1343(80KB) AllocSpace objects, 1(20KB) LOS objects, 38% free, 25MB/41MB, paused 288us total 37.094ms
08-05 03:42:20.233  7568  7589 I art     : Starting a blocking GC Explicit
08-05 03:42:20.254  8793  8793 D ICU     : No timezone override file found: /data/misc/zoneinfo/current/icu/icu_tzdata.dat
08-05 03:42:20.264  7568  7589 I art     : Explicit concurrent mark sweep GC freed 20(704B) AllocSpace objects, 0(0B) LOS objects, 38% free, 25MB/41MB, paused 253us total 31.093ms
08-05 03:42:20.277  7568  7589 I art     : Starting a blocking GC Explicit
08-05 03:42:20.289  8793  8793 I Radio-JNI: register_android_hardware_Radio DONE
08-05 03:42:20.307  7568  7589 I art     : Explicit concurrent mark sweep GC freed 3(96B) AllocSpace objects, 0(0B) LOS objects, 38% free, 25MB/41MB, paused 235us total 29.837ms
08-05 03:42:20.311  8793  8793 D AndroidRuntime: Calling main entry com.android.commands.input.Input
08-05 03:42:20.312  8793  8793 I Input   : injectKeyEvent: KeyEvent { action=ACTION_DOWN, keyCode=KEYCODE_BACK, scanCode=0, metaState=0, flags=0x0, repeatCount=0, eventTime=762156725, downTime=762156725, deviceId=-1, source=0x101 }
08-05 03:42:20.318  8793  8793 I Input   : injectKeyEvent: KeyEvent { action=ACTION_UP, keyCode=KEYCODE_BACK, scanCode=0, metaState=0, flags=0x0, repeatCount=0, eventTime=762156725, downTime=762156725, deviceId=-1, source=0x101 }
08-05 03:42:20.320  7568  7589 I art     : Starting a blocking GC Explicit
08-05 03:42:20.325  8793  8793 D AndroidRuntime: Shutting down VM
08-05 03:42:20.349  7568  7589 I art     : Explicit concurrent mark sweep GC freed 124(4KB) AllocSpace objects, 0(0B) LOS objects, 38% free, 25MB/41MB, paused 231us total 28.595ms
08-05 03:42:20.361  7568  7589 I art     : Starting a blocking GC Explicit
08-05 03:42:20.365 13866 13866 I GoogleInputMethodServic: GoogleInputMethodService.onFinishInput():3138 
08-05 03:42:20.367 13866 13866 I GoogleInputMethodServic: GoogleInputMethodService.onStartInput():1808 
08-05 03:42:20.391  7568  7589 I art     : Explicit concurrent mark sweep GC freed 111(3KB) AllocSpace objects, 0(0B) LOS objects, 38% free, 25MB/41MB, paused 250us total 28.839ms
08-05 03:42:20.540  5221  5221 I ServiceManager: Waiting for service AtCmdFwd...
08-05 03:42:20.674  7568  7581 I art     : Starting a blocking GC Explicit
08-05 03:42:20.677   380   380 W SurfaceFlinger: couldn't log to binary event log: overflow.
08-05 03:42:20.710  7568  7581 I art     : Explicit concurrent mark sweep GC freed 1428(83KB) AllocSpace objects, 1(20KB) LOS objects, 38% free, 25MB/41MB, paused 243us total 35.461ms
08-05 03:42:20.723  7568  7581 I art     : Starting a blocking GC Explicit
08-05 03:42:20.751  7568  7581 I art     : Explicit concurrent mark sweep GC freed 130(6KB) AllocSpace objects, 0(0B) LOS objects, 38% free, 25MB/41MB, paused 235us total 27.612ms
08-05 03:42:20.763  7568  7581 I art     : Starting a blocking GC Explicit
08-05 03:42:20.790  7568  7581 I art     : Explicit concurrent mark sweep GC freed 3729(304KB) AllocSpace objects, 5(140KB) LOS objects, 39% free, 24MB/40MB, paused 226us total 26.295ms
08-05 03:42:20.802  7568  7581 I art     : Starting a blocking GC Explicit
08-05 03:42:20.828  7568  7581 I art     : Explicit concurrent mark sweep GC freed 3(96B) AllocSpace objects, 0(0B) LOS objects, 39% free, 24MB/40MB, paused 227us total 25.599ms
08-05 03:42:20.840  7568  7581 I art     : Starting a blocking GC Explicit
08-05 03:42:20.866  7568  7581 I art     : Explicit concurrent mark sweep GC freed 3(96B) AllocSpace objects, 0(0B) LOS objects, 39% free, 24MB/40MB, paused 226us total 25.883ms
08-05 03:42:21.142  7568  7889 I art     : Starting a blocking GC Explicit
08-05 03:42:21.172  7568  7889 I art     : Explicit concurrent mark sweep GC freed 1343(80KB) AllocSpace objects, 1(20KB) LOS objects, 39% free, 24MB/40MB, paused 237us total 30.252ms
08-05 03:42:21.185  7568  7889 I art     : Starting a blocking GC Explicit
08-05 03:42:21.214  7568  7889 I art     : Explicit concurrent mark sweep GC freed 20(704B) AllocSpace objects, 0(0B) LOS objects, 39% free, 24MB/40MB, paused 237us total 28.761ms
08-05 03:42:21.227  7568  7889 I art     : Starting a blocking GC Explicit
08-05 03:42:21.258  7568  7889 I art     : Explicit concurrent mark sweep GC freed 3(96B) AllocSpace objects, 0(0B) LOS objects, 39% free, 24MB/40MB, paused 286us total 30.223ms
08-05 03:42:21.271  7568  7889 I art     : Starting a blocking GC Explicit
08-05 03:42:21.301  7568  7889 I art     : Explicit concurrent mark sweep GC freed 3(96B) AllocSpace objects, 0(0B) LOS objects, 39% free, 24MB/40MB, paused 233us total 29.763ms
08-05 03:42:21.315  7568  7889 I art     : Starting a blocking GC Explicit
08-05 03:42:21.345  7568  7889 I art     : Explicit concurrent mark sweep GC freed 3(96B) AllocSpace objects, 0(0B) LOS objects, 39% free, 24MB/40MB, paused 250us total 30.139ms
08-05 03:42:21.541  5221  5221 W Atfwd_Sendcmd: AtCmdFwd service not published, waiting... retryCnt : 2
08-05 03:42:21.631  7568  7589 I art     : Starting a blocking GC Explicit
08-05 03:42:21.661  7568  7589 I art     : Explicit concurrent mark sweep GC freed 1343(80KB) AllocSpace objects, 1(20KB) LOS objects, 39% free, 24MB/40MB, paused 251us total 30.550ms
08-05 03:42:21.675  7568  7589 I art     : Starting a blocking GC Explicit
08-05 03:42:21.705  7568  7589 I art     : Explicit concurrent mark sweep GC freed 20(704B) AllocSpace objects, 0(0B) LOS objects, 39% free, 24MB/40MB, paused 241us total 30.087ms
08-05 03:42:21.718  7568  7589 I art     : Starting a blocking GC Explicit
08-05 03:42:21.747  7568  7589 I art     : Explicit concurrent mark sweep GC freed 3(96B) AllocSpace objects, 0(0B) LOS objects, 39% free, 24MB/40MB, paused 260us total 28.932ms
08-05 03:42:21.760  7568  7589 I art     : Starting a blocking GC Explicit
08-05 03:42:21.789  7568  7589 I art     : Explicit concurrent mark sweep GC freed 3(96B) AllocSpace objects, 0(0B) LOS objects, 39% free, 24MB/40MB, paused 242us total 28.627ms
08-05 03:42:21.802  7568  7589 I art     : Starting a blocking GC Explicit
08-05 03:42:21.831  7568  7589 I art     : Explicit concurrent mark sweep GC freed 3(96B) AllocSpace objects, 0(0B) LOS objects, 39% free, 24MB/40MB, paused 245us total 28.808ms
08-05 03:42:22.000  8843  8843 D AndroidRuntime: >>>>>> START com.android.internal.os.RuntimeInit uid 2000 <<<<<<
08-05 03:42:22.005  8843  8843 D AndroidRuntime: CheckJNI is OFF
08-05 03:42:22.038  8843  8843 D ICU     : No timezone override file found: /data/misc/zoneinfo/current/icu/icu_tzdata.dat
08-05 03:42:22.070  8843  8843 I Radio-JNI: register_android_hardware_Radio DONE
08-05 03:42:22.092  8843  8843 D AndroidRuntime: Calling main entry com.android.commands.input.Input
08-05 03:42:22.094  8843  8843 I Input   : injectMotionEvent: MotionEvent { action=ACTION_DOWN, actionButton=0, id[0]=0, x[0]=600.0, y[0]=700.0, toolType[0]=TOOL_TYPE_UNKNOWN, buttonState=0, metaState=0, flags=0x0, edgeFlags=0x0, pointerCount=1, historySize=0, eventTime=762158507, downTime=762158507, deviceId=0, source=0x1002 }
08-05 03:42:22.098  8843  8843 I Input   : injectMotionEvent: MotionEvent { action=ACTION_UP, actionButton=0, id[0]=0, x[0]=600.0, y[0]=700.0, toolType[0]=TOOL_TYPE_UNKNOWN, buttonState=0, metaState=0, flags=0x0, edgeFlags=0x0, pointerCount=1, historySize=0, eventTime=762158507, downTime=762158507, deviceId=0, source=0x1002 }
08-05 03:42:22.099  8843  8843 D AndroidRuntime: Shutting down VM
08-05 03:42:22.101  7568  7579 I art     : Starting a blocking GC Explicit
08-05 03:42:22.116   512  2967 D audio_hw_primary: out_set_parameters: enter: usecase(1: low-latency-playback) kvpairs: routing=2
08-05 03:42:22.118   918  3696 I ActivityManager: START u0 {dat=https://oauth.reddit.com/... cmp=baseline.org.quantumbadger.redreader/.activities.CommentListingActivity} from uid 10689 on display 0
08-05 03:42:22.129   512  2967 D audio_hw_primary: select_devices: out_snd_device(2: speaker) in_snd_device(0: none)
08-05 03:42:22.129   512  2967 D msm8974_platform: platform_send_audio_calibration: sending audio calibration for snd_device(2) acdb_id(15)
08-05 03:42:22.129   512  2967 I soundtrigger: audio_extn_sound_trigger_update_device_status: device 0x2 of type 0 for Event 1
08-05 03:42:22.134  7568  7579 I art     : Explicit concurrent mark sweep GC freed 1589(89KB) AllocSpace objects, 1(20KB) LOS objects, 39% free, 24MB/40MB, paused 561us total 33.046ms
08-05 03:42:22.141   512  2967 D audio_hw_primary: enable_snd_device: snd_device(2: speaker)
08-05 03:42:22.144   512  2967 D audio_hw_primary: enable_audio_route: apply and update mixer path: low-latency-playback speaker
08-05 03:42:22.150  7568  7568 I AppCompatViewInflater: app:theme is now deprecated. Please move to using android:theme instead.
08-05 03:42:22.152  7568  7579 I art     : Starting a blocking GC Explicit
08-05 03:42:22.166  7568  8164 I CommentListingActivity: COMMENTS session changed to 3335c1bb-1623-4364-b44b-c797955efdd7
08-05 03:42:22.181  7568  7579 I art     : Explicit concurrent mark sweep GC freed 2177(199KB) AllocSpace objects, 0(0B) LOS objects, 38% free, 25MB/41MB, paused 828us total 29.213ms
08-05 03:42:22.193  7568  7579 I art     : Starting a blocking GC Explicit
08-05 03:42:22.229  7568  7579 I art     : Explicit concurrent mark sweep GC freed 10427(688KB) AllocSpace objects, 2(36KB) LOS objects, 37% free, 26MB/42MB, paused 857us total 35.490ms
08-05 03:42:22.245  7568  7579 I art     : Starting a blocking GC Explicit
08-05 03:42:22.306  7568  7579 I art     : Explicit concurrent mark sweep GC freed 15802(1051KB) AllocSpace objects, 0(0B) LOS objects, 36% free, 28MB/44MB, paused 1.042ms total 60.373ms
08-05 03:42:22.307   918   936 I ActivityManager: Displayed baseline.org.quantumbadger.redreader/.activities.CommentListingActivity: +180ms
08-05 03:42:22.311 13866 13866 I GoogleInputMethodServic: GoogleInputMethodService.onFinishInput():3138 
08-05 03:42:22.317 13866 13866 I GoogleInputMethodServic: GoogleInputMethodService.onStartInput():1808 
08-05 03:42:22.324  7568  7579 I art     : Starting a blocking GC Explicit
08-05 03:42:22.371  7568  7579 I art     : Explicit concurrent mark sweep GC freed 13706(956KB) AllocSpace objects, 1(16KB) LOS objects, 35% free, 28MB/44MB, paused 333us total 46.321ms
08-05 03:42:22.547   380   380 W SurfaceFlinger: couldn't log to binary event log: overflow.
08-05 03:42:22.628  7568  7889 I art     : Starting a blocking GC Explicit
08-05 03:42:22.666  7568  7889 I art     : Explicit concurrent mark sweep GC freed 23361(1119KB) AllocSpace objects, 1(20KB) LOS objects, 36% free, 27MB/43MB, paused 210us total 37.583ms
08-05 03:42:22.680  7568  7889 I art     : Starting a blocking GC Explicit
08-05 03:42:22.689   512  2967 D audio_hw_primary: disable_audio_route: reset and update mixer path: low-latency-playback speaker
08-05 03:42:22.690   512  2967 D audio_hw_primary: disable_snd_device: snd_device(2: speaker)
08-05 03:42:22.700   512  2967 I soundtrigger: audio_extn_sound_trigger_update_device_status: device 0x2 of type 0 for Event 0
08-05 03:42:22.715  7568  7889 I art     : Explicit concurrent mark sweep GC freed 119(4KB) AllocSpace objects, 0(0B) LOS objects, 36% free, 27MB/43MB, paused 226us total 35.414ms
08-05 03:42:22.729  7568  7889 I art     : Starting a blocking GC Explicit
08-05 03:42:22.764  7568  7889 I art     : Explicit concurrent mark sweep GC freed 7(240B) AllocSpace objects, 0(0B) LOS objects, 36% free, 27MB/43MB, paused 207us total 35.237ms
08-05 03:42:22.778  7568  7889 I art     : Starting a blocking GC Explicit
08-05 03:42:22.813  7568  7889 I art     : Explicit concurrent mark sweep GC freed 5(160B) AllocSpace objects, 0(0B) LOS objects, 36% free, 27MB/43MB, paused 328us total 35.214ms
08-05 03:42:22.827  7568  7889 I art     : Starting a blocking GC Explicit
08-05 03:42:22.863  7568  7889 I art     : Explicit concurrent mark sweep GC freed 3(96B) AllocSpace objects, 0(0B) LOS objects, 36% free, 27MB/43MB, paused 213us total 35.172ms
08-05 03:42:23.158  7568  7579 I art     : Starting a blocking GC Explicit
08-05 03:42:23.196  7568  7579 I art     : Explicit concurrent mark sweep GC freed 1343(80KB) AllocSpace objects, 1(20KB) LOS objects, 36% free, 27MB/43MB, paused 234us total 38.430ms
08-05 03:42:23.211  7568  7579 I art     : Starting a blocking GC Explicit
08-05 03:42:23.248  7568  7579 I art     : Explicit concurrent mark sweep GC freed 20(704B) AllocSpace objects, 0(0B) LOS objects, 36% free, 27MB/43MB, paused 215us total 37.356ms
08-05 03:42:23.262  7568  7579 I art     : Starting a blocking GC Explicit
08-05 03:42:23.301  7568  7579 I art     : Explicit concurrent mark sweep GC freed 49(1920B) AllocSpace objects, 0(0B) LOS objects, 36% free, 27MB/43MB, paused 227us total 38.124ms
08-05 03:42:23.315  7568  7579 I art     : Starting a blocking GC Explicit
08-05 03:42:23.357  7568  7579 I art     : Explicit concurrent mark sweep GC freed 3(96B) AllocSpace objects, 0(0B) LOS objects, 36% free, 27MB/43MB, paused 264us total 41.539ms
08-05 03:42:23.372  7568  7579 I art     : Starting a blocking GC Explicit
08-05 03:42:23.415  7568  7579 I art     : Explicit concurrent mark sweep GC freed 3(96B) AllocSpace objects, 0(0B) LOS objects, 36% free, 27MB/43MB, paused 242us total 42.686ms
08-05 03:42:23.707  7568  7581 I art     : Starting a blocking GC Explicit
08-05 03:42:23.759  7568  7581 I art     : Explicit concurrent mark sweep GC freed 1343(80KB) AllocSpace objects, 1(20KB) LOS objects, 36% free, 27MB/43MB, paused 256us total 51.536ms
08-05 03:42:23.774  7568  7581 I art     : Starting a blocking GC Explicit
08-05 03:42:23.819  7568  7581 I art     : Explicit concurrent mark sweep GC freed 20(704B) AllocSpace objects, 0(0B) LOS objects, 36% free, 27MB/43MB, paused 260us total 45.118ms
08-05 03:42:23.835  7568  7581 I art     : Starting a blocking GC Explicit
08-05 03:42:23.878  7568  7581 I art     : Explicit concurrent mark sweep GC freed 3(96B) AllocSpace objects, 0(0B) LOS objects, 36% free, 27MB/43MB, paused 246us total 42.715ms
08-05 03:42:23.893  7568  7581 I art     : Starting a blocking GC Explicit
08-05 03:42:23.937  7568  7581 I art     : Explicit concurrent mark sweep GC freed 3(96B) AllocSpace objects, 0(0B) LOS objects, 36% free, 27MB/43MB, paused 265us total 44.207ms
08-05 03:42:23.953  7568  7581 I art     : Starting a blocking GC Explicit
08-05 03:42:23.996  7568  7581 I art     : Explicit concurrent mark sweep GC freed 3(96B) AllocSpace objects, 0(0B) LOS objects, 36% free, 27MB/43MB, paused 262us total 43.355ms
08-05 03:42:24.302  7568  7889 I art     : Starting a blocking GC Explicit
08-05 03:42:24.355  7568  7889 I art     : Explicit concurrent mark sweep GC freed 1343(80KB) AllocSpace objects, 1(20KB) LOS objects, 36% free, 27MB/43MB, paused 276us total 52.383ms
08-05 03:42:24.370  7568  7889 I art     : Starting a blocking GC Explicit
08-05 03:42:24.414  7568  7889 I art     : Explicit concurrent mark sweep GC freed 20(704B) AllocSpace objects, 0(0B) LOS objects, 36% free, 27MB/43MB, paused 235us total 44.026ms
08-05 03:42:24.430  7568  7889 I art     : Starting a blocking GC Explicit
08-05 03:42:24.473  7568  7889 I art     : Explicit concurrent mark sweep GC freed 3(96B) AllocSpace objects, 0(0B) LOS objects, 36% free, 27MB/43MB, paused 242us total 42.878ms
08-05 03:42:24.488  7568  7889 I art     : Starting a blocking GC Explicit
08-05 03:42:24.531  7568  7889 I art     : Explicit concurrent mark sweep GC freed 3(96B) AllocSpace objects, 0(0B) LOS objects, 36% free, 27MB/43MB, paused 247us total 42.891ms
08-05 03:42:24.547  7568  7889 I art     : Starting a blocking GC Explicit
08-05 03:42:24.591  7568  7889 I art     : Explicit concurrent mark sweep GC freed 3(96B) AllocSpace objects, 0(0B) LOS objects, 36% free, 27MB/43MB, paused 268us total 44.252ms
08-05 03:42:24.931  7568  7589 I art     : Starting a blocking GC Explicit
08-05 03:42:24.985  7568  7589 I art     : Explicit concurrent mark sweep GC freed 1343(80KB) AllocSpace objects, 1(20KB) LOS objects, 36% free, 27MB/43MB, paused 252us total 54.436ms
08-05 03:42:25.001  7568  7589 I art     : Starting a blocking GC Explicit
08-05 03:42:25.046  7568  7589 I art     : Explicit concurrent mark sweep GC freed 20(704B) AllocSpace objects, 0(0B) LOS objects, 36% free, 27MB/43MB, paused 242us total 45.042ms
08-05 03:42:25.062  7568  7589 I art     : Starting a blocking GC Explicit
08-05 03:42:25.106  7568  7589 I art     : Explicit concurrent mark sweep GC freed 3(96B) AllocSpace objects, 0(0B) LOS objects, 36% free, 27MB/43MB, paused 247us total 44.231ms
08-05 03:42:25.122  7568  7589 I art     : Starting a blocking GC Explicit
08-05 03:42:25.166  7568  7589 I art     : Explicit concurrent mark sweep GC freed 3(96B) AllocSpace objects, 0(0B) LOS objects, 36% free, 27MB/43MB, paused 246us total 44.541ms
08-05 03:42:25.182  7568  7589 I art     : Starting a blocking GC Explicit
08-05 03:42:25.225  7568  7589 I art     : Explicit concurrent mark sweep GC freed 3(96B) AllocSpace objects, 0(0B) LOS objects, 36% free, 27MB/43MB, paused 230us total 43.395ms
08-05 03:42:25.545  7568  7579 I art     : Starting a blocking GC Explicit
08-05 03:42:25.603  7568  7579 I art     : Explicit concurrent mark sweep GC freed 1343(80KB) AllocSpace objects, 1(20KB) LOS objects, 36% free, 27MB/43MB, paused 280us total 57.217ms
08-05 03:42:25.622  7568  7579 I art     : Starting a blocking GC Explicit
08-05 03:42:25.671  7568  7579 I art     : Explicit concurrent mark sweep GC freed 20(704B) AllocSpace objects, 0(0B) LOS objects, 36% free, 27MB/43MB, paused 255us total 47.998ms
08-05 03:42:25.686  7568  7579 I art     : Starting a blocking GC Explicit
08-05 03:42:25.729  7568  7579 I art     : Explicit concurrent mark sweep GC freed 3(96B) AllocSpace objects, 0(0B) LOS objects, 36% free, 27MB/43MB, paused 235us total 42.178ms
08-05 03:42:25.744  7568  7579 I art     : Starting a blocking GC Explicit
08-05 03:42:25.788  7568  7579 I art     : Explicit concurrent mark sweep GC freed 3(96B) AllocSpace objects, 0(0B) LOS objects, 36% free, 27MB/43MB, paused 245us total 44.151ms
08-05 03:42:25.803  7568  7579 I art     : Starting a blocking GC Explicit
08-05 03:42:25.848  7568  7579 I art     : Explicit concurrent mark sweep GC freed 3(96B) AllocSpace objects, 0(0B) LOS objects, 36% free, 27MB/43MB, paused 255us total 44.013ms
08-05 03:42:26.171  7568  7581 I art     : Starting a blocking GC Explicit
08-05 03:42:26.228  7568  7581 I art     : Explicit concurrent mark sweep GC freed 1345(80KB) AllocSpace objects, 1(20KB) LOS objects, 36% free, 27MB/43MB, paused 312us total 56.800ms
08-05 03:42:26.249  7568  7581 I art     : Starting a blocking GC Explicit
08-05 03:42:26.293  7568  7581 I art     : Explicit concurrent mark sweep GC freed 20(704B) AllocSpace objects, 0(0B) LOS objects, 36% free, 27MB/43MB, paused 241us total 43.683ms
08-05 03:42:26.308  7568  7581 I art     : Starting a blocking GC Explicit
08-05 03:42:26.352  7568  7581 I art     : Explicit concurrent mark sweep GC freed 3(96B) AllocSpace objects, 0(0B) LOS objects, 36% free, 27MB/43MB, paused 237us total 44.171ms
08-05 03:42:26.368  7568  7581 I art     : Starting a blocking GC Explicit
08-05 03:42:26.409  7568  7581 I art     : Explicit concurrent mark sweep GC freed 3(96B) AllocSpace objects, 0(0B) LOS objects, 36% free, 27MB/43MB, paused 241us total 40.868ms
08-05 03:42:26.423  7568  7581 I art     : Starting a blocking GC Explicit
08-05 03:42:26.465  7568  7581 I art     : Explicit concurrent mark sweep GC freed 3(96B) AllocSpace objects, 0(0B) LOS objects, 36% free, 27MB/43MB, paused 249us total 41.408ms
08-05 03:42:26.748  8943  8943 D AndroidRuntime: >>>>>> START com.android.internal.os.RuntimeInit uid 2000 <<<<<<
08-05 03:42:26.754  8943  8943 D AndroidRuntime: CheckJNI is OFF
08-05 03:42:26.765  7568  7889 I art     : Starting a blocking GC Explicit
08-05 03:42:26.789  8943  8943 D ICU     : No timezone override file found: /data/misc/zoneinfo/current/icu/icu_tzdata.dat
08-05 03:42:26.808  7568  7889 I art     : Explicit concurrent mark sweep GC freed 1343(80KB) AllocSpace objects, 1(20KB) LOS objects, 36% free, 27MB/43MB, paused 292us total 42.608ms
08-05 03:42:26.823  7568  7889 I art     : Starting a blocking GC Explicit
08-05 03:42:26.824  8943  8943 I Radio-JNI: register_android_hardware_Radio DONE
08-05 03:42:26.846  8943  8943 D AndroidRuntime: Calling main entry com.android.commands.input.Input
08-05 03:42:26.847  8943  8943 I Input   : injectKeyEvent: KeyEvent { action=ACTION_DOWN, keyCode=KEYCODE_BACK, scanCode=0, metaState=0, flags=0x0, repeatCount=0, eventTime=762163260, downTime=762163260, deviceId=-1, source=0x101 }
08-05 03:42:26.853  8943  8943 I Input   : injectKeyEvent: KeyEvent { action=ACTION_UP, keyCode=KEYCODE_BACK, scanCode=0, metaState=0, flags=0x0, repeatCount=0, eventTime=762163260, downTime=762163260, deviceId=-1, source=0x101 }
08-05 03:42:26.859  8943  8943 D AndroidRuntime: Shutting down VM
08-05 03:42:26.864  7568  7889 I art     : Explicit concurrent mark sweep GC freed 31(1104B) AllocSpace objects, 0(0B) LOS objects, 36% free, 27MB/43MB, paused 279us total 40.502ms
08-05 03:42:26.878  7568  7889 I art     : Starting a blocking GC Explicit
08-05 03:42:26.899 13866 13866 I GoogleInputMethodServic: GoogleInputMethodService.onFinishInput():3138 
08-05 03:42:26.900 13866 13866 I GoogleInputMethodServic: GoogleInputMethodService.onStartInput():1808 
08-05 03:42:26.915  7568  7889 I art     : Explicit concurrent mark sweep GC freed 168(5KB) AllocSpace objects, 0(0B) LOS objects, 36% free, 27MB/43MB, paused 242us total 35.679ms
08-05 03:42:26.929  7568  7889 I art     : Starting a blocking GC Explicit
08-05 03:42:26.964  7568  7889 I art     : Explicit concurrent mark sweep GC freed 88(2848B) AllocSpace objects, 0(0B) LOS objects, 36% free, 27MB/43MB, paused 238us total 35.107ms
08-05 03:42:26.978  7568  7889 I art     : Starting a blocking GC Explicit
08-05 03:42:27.013  7568  7889 I art     : Explicit concurrent mark sweep GC freed 56(1808B) AllocSpace objects, 0(0B) LOS objects, 36% free, 27MB/43MB, paused 225us total 35.489ms
08-05 03:42:27.128  7568  8871 I RedditChangeDataIO: Writing tmp data file at '/data/user/0/baseline.org.quantumbadger.redreader/files/rr_change_data_tmp.dat'
08-05 03:42:27.129  7568  8871 I RedditChangeDataManager: Taking snapshot...
08-05 03:42:27.129  7568  8871 I RedditChangeDataManager: Writing to stream...
08-05 03:42:27.129  7568  8871 I RedditChangeDataManager: Wrote 3 entries for user ''
08-05 03:42:27.129  7568  8871 I RedditChangeDataManager: All entries written to stream.
08-05 03:42:27.129  7568  8871 I RedditChangeDataIO: Write successful. Atomically replacing data file...
08-05 03:42:27.130  7568  8871 I RedditChangeDataIO: Write complete.
08-05 03:42:27.130  7568  8871 I RedditChangeDataIO: 86 bytes written in 2 ms
08-05 03:42:27.202   380   380 W SurfaceFlinger: couldn't log to binary event log: overflow.
08-05 03:42:27.270  7568  7589 I art     : Starting a blocking GC Explicit
08-05 03:42:27.316  7568  7589 I art     : Explicit concurrent mark sweep GC freed 1473(87KB) AllocSpace objects, 2(88KB) LOS objects, 36% free, 27MB/43MB, paused 259us total 45.156ms
08-05 03:42:27.331  7568  7589 I art     : Starting a blocking GC Explicit
08-05 03:42:27.365  7568  7589 I art     : Explicit concurrent mark sweep GC freed 46782(2MB) AllocSpace objects, 5(140KB) LOS objects, 39% free, 24MB/40MB, paused 244us total 34.054ms
08-05 03:42:27.379  7568  7589 I art     : Starting a blocking GC Explicit
08-05 03:42:27.408  7568  7589 I art     : Explicit concurrent mark sweep GC freed 3(96B) AllocSpace objects, 0(0B) LOS objects, 39% free, 24MB/40MB, paused 247us total 29.316ms
08-05 03:42:27.421  7568  7589 I art     : Starting a blocking GC Explicit
08-05 03:42:27.452  7568  7589 I art     : Explicit concurrent mark sweep GC freed 3(96B) AllocSpace objects, 0(0B) LOS objects, 39% free, 24MB/40MB, paused 247us total 30.281ms
08-05 03:42:27.465  7568  7589 I art     : Starting a blocking GC Explicit
08-05 03:42:27.497  7568  7589 I art     : Explicit concurrent mark sweep GC freed 3(96B) AllocSpace objects, 0(0B) LOS objects, 39% free, 24MB/40MB, paused 242us total 31.159ms
08-05 03:42:27.785  7568  7579 I art     : Starting a blocking GC Explicit
08-05 03:42:27.830  7568  7579 I art     : Explicit concurrent mark sweep GC freed 1343(80KB) AllocSpace objects, 1(20KB) LOS objects, 39% free, 24MB/40MB, paused 260us total 44.370ms
08-05 03:42:27.846  7568  7579 I art     : Starting a blocking GC Explicit
08-05 03:42:27.876  7568  7579 I art     : Explicit concurrent mark sweep GC freed 20(704B) AllocSpace objects, 0(0B) LOS objects, 39% free, 24MB/40MB, paused 234us total 29.718ms
08-05 03:42:27.890  7568  7579 I art     : Starting a blocking GC Explicit
08-05 03:42:27.920  7568  7579 I art     : Explicit concurrent mark sweep GC freed 3(96B) AllocSpace objects, 0(0B) LOS objects, 39% free, 24MB/40MB, paused 251us total 30.370ms
08-05 03:42:27.934  7568  7579 I art     : Starting a blocking GC Explicit
08-05 03:42:27.965  7568  7579 I art     : Explicit concurrent mark sweep GC freed 3(96B) AllocSpace objects, 0(0B) LOS objects, 39% free, 24MB/40MB, paused 247us total 30.883ms
08-05 03:42:27.979  7568  7579 I art     : Starting a blocking GC Explicit
08-05 03:42:28.010  7568  7579 I art     : Explicit concurrent mark sweep GC freed 3(96B) AllocSpace objects, 0(0B) LOS objects, 39% free, 24MB/40MB, paused 249us total 31.432ms
08-05 03:42:28.274  7568  7581 I art     : Starting a blocking GC Explicit
08-05 03:42:28.305  7568  7581 I art     : Explicit concurrent mark sweep GC freed 1343(80KB) AllocSpace objects, 1(20KB) LOS objects, 39% free, 24MB/40MB, paused 273us total 30.636ms
08-05 03:42:28.318  7568  7581 I art     : Starting a blocking GC Explicit
08-05 03:42:28.348  7568  7581 I art     : Explicit concurrent mark sweep GC freed 20(704B) AllocSpace objects, 0(0B) LOS objects, 39% free, 24MB/40MB, paused 238us total 29.250ms
08-05 03:42:28.360  7568  7581 I art     : Starting a blocking GC Explicit
08-05 03:42:28.389  7568  7581 I art     : Explicit concurrent mark sweep GC freed 3(96B) AllocSpace objects, 0(0B) LOS objects, 39% free, 24MB/40MB, paused 236us total 28.743ms
08-05 03:42:28.402  7568  7581 I art     : Starting a blocking GC Explicit
08-05 03:42:28.431  7568  7581 I art     : Explicit concurrent mark sweep GC freed 3(96B) AllocSpace objects, 0(0B) LOS objects, 39% free, 24MB/40MB, paused 247us total 28.831ms
08-05 03:42:28.444  7568  7581 I art     : Starting a blocking GC Explicit
08-05 03:42:28.473  7568  7581 I art     : Explicit concurrent mark sweep GC freed 3(96B) AllocSpace objects, 0(0B) LOS objects, 39% free, 24MB/40MB, paused 282us total 28.771ms
08-05 03:42:28.525  8987  8987 D AndroidRuntime: >>>>>> START com.android.internal.os.RuntimeInit uid 2000 <<<<<<
08-05 03:42:28.530  8987  8987 D AndroidRuntime: CheckJNI is OFF
08-05 03:42:28.562  8987  8987 D ICU     : No timezone override file found: /data/misc/zoneinfo/current/icu/icu_tzdata.dat
08-05 03:42:28.596  8987  8987 I Radio-JNI: register_android_hardware_Radio DONE
08-05 03:42:28.618  8987  8987 D AndroidRuntime: Calling main entry com.android.commands.input.Input
08-05 03:42:28.619  8987  8987 I Input   : injectKeyEvent: KeyEvent { action=ACTION_DOWN, keyCode=KEYCODE_BACK, scanCode=0, metaState=0, flags=0x0, repeatCount=0, eventTime=762165032, downTime=762165032, deviceId=-1, source=0x101 }
08-05 03:42:28.626  8987  8987 I Input   : injectKeyEvent: KeyEvent { action=ACTION_UP, keyCode=KEYCODE_BACK, scanCode=0, metaState=0, flags=0x0, repeatCount=0, eventTime=762165032, downTime=762165032, deviceId=-1, source=0x101 }
08-05 03:42:28.633  8987  8987 D AndroidRuntime: Shutting down VM
08-05 03:42:28.677 13866 13866 I GoogleInputMethodServic: GoogleInputMethodService.onFinishInput():3138 
08-05 03:42:28.678 13866 13866 I GoogleInputMethodServic: GoogleInputMethodService.onStartInput():1808 
08-05 03:42:28.739  7568  7889 I art     : Starting a blocking GC Explicit
08-05 03:42:28.765  7568  7889 I art     : Explicit concurrent mark sweep GC freed 1522(86KB) AllocSpace objects, 1(20KB) LOS objects, 39% free, 24MB/40MB, paused 218us total 26.024ms
08-05 03:42:28.777  7568  7889 I art     : Starting a blocking GC Explicit
08-05 03:42:28.807  7568  7889 I art     : Explicit concurrent mark sweep GC freed 24(864B) AllocSpace objects, 0(0B) LOS objects, 39% free, 24MB/40MB, paused 279us total 30.018ms
08-05 03:42:28.822  7568  7889 I art     : Starting a blocking GC Explicit
08-05 03:42:28.858  7568  7889 I art     : Explicit concurrent mark sweep GC freed 3(96B) AllocSpace objects, 0(0B) LOS objects, 39% free, 24MB/40MB, paused 349us total 35.562ms
08-05 03:42:28.875  7568  7889 I art     : Starting a blocking GC Explicit
08-05 03:42:28.912  7568  7889 I art     : Explicit concurrent mark sweep GC freed 3(96B) AllocSpace objects, 0(0B) LOS objects, 39% free, 24MB/40MB, paused 292us total 36.509ms
08-05 03:42:28.927  7568  7889 I art     : Starting a blocking GC Explicit
08-05 03:42:28.964  7568  7889 I art     : Explicit concurrent mark sweep GC freed 3(96B) AllocSpace objects, 0(0B) LOS objects, 39% free, 24MB/40MB, paused 227us total 36.778ms
08-05 03:42:29.241  7568  7581 I art     : Starting a blocking GC Explicit
08-05 03:42:29.273  7568  7581 I art     : Explicit concurrent mark sweep GC freed 1404(82KB) AllocSpace objects, 1(20KB) LOS objects, 39% free, 24MB/40MB, paused 263us total 32.125ms
08-05 03:42:29.287  7568  7581 I art     : Starting a blocking GC Explicit
08-05 03:42:29.318  7568  7581 I art     : Explicit concurrent mark sweep GC freed 150(7KB) AllocSpace objects, 0(0B) LOS objects, 39% free, 24MB/40MB, paused 254us total 30.947ms
08-05 03:42:29.331  7568  7581 I art     : Starting a blocking GC Explicit
08-05 03:42:29.363  7568  7581 I art     : Explicit concurrent mark sweep GC freed 3(96B) AllocSpace objects, 0(0B) LOS objects, 39% free, 24MB/40MB, paused 264us total 31.230ms
08-05 03:42:29.363  7568  7578 I art     : WaitForGcToComplete blocked for 8.214ms for cause HeapTrim
08-05 03:42:29.376  7568  7581 I art     : Starting a blocking GC Explicit
08-05 03:42:29.408  7568  7581 I art     : Explicit concurrent mark sweep GC freed 3(96B) AllocSpace objects, 0(0B) LOS objects, 39% free, 24MB/40MB, paused 272us total 31.378ms
08-05 03:42:29.422  7568  7581 I art     : Starting a blocking GC Explicit
08-05 03:42:29.453  7568  7581 I art     : Explicit concurrent mark sweep GC freed 3(96B) AllocSpace objects, 0(0B) LOS objects, 39% free, 24MB/40MB, paused 295us total 31.238ms
08-05 03:42:29.742  7568  7589 I art     : Starting a blocking GC Explicit
08-05 03:42:29.785  7568  7589 I art     : Explicit concurrent mark sweep GC freed 1343(80KB) AllocSpace objects, 1(20KB) LOS objects, 39% free, 24MB/40MB, paused 334us total 42.522ms
08-05 03:42:29.800  7568  7589 I art     : Starting a blocking GC Explicit
08-05 03:42:29.832  7568  7589 I art     : Explicit concurrent mark sweep GC freed 20(704B) AllocSpace objects, 0(0B) LOS objects, 39% free, 24MB/40MB, paused 270us total 31.344ms
08-05 03:42:29.846  7568  7589 I art     : Starting a blocking GC Explicit
08-05 03:42:29.876  7568  7589 I art     : Explicit concurrent mark sweep GC freed 3(96B) AllocSpace objects, 0(0B) LOS objects, 39% free, 24MB/40MB, paused 243us total 30.289ms
08-05 03:42:29.890  7568  7589 I art     : Starting a blocking GC Explicit
08-05 03:42:29.919  7568  7589 I art     : Explicit concurrent mark sweep GC freed 3(96B) AllocSpace objects, 0(0B) LOS objects, 39% free, 24MB/40MB, paused 250us total 28.769ms
08-05 03:42:29.932  7568  7589 I art     : Starting a blocking GC Explicit
08-05 03:42:29.961  7568  7589 I art     : Explicit concurrent mark sweep GC freed 3(96B) AllocSpace objects, 0(0B) LOS objects, 39% free, 24MB/40MB, paused 251us total 28.420ms
08-05 03:42:30.230  7568  7579 I art     : Starting a blocking GC Explicit
08-05 03:42:30.261  7568  7579 I art     : Explicit concurrent mark sweep GC freed 1343(80KB) AllocSpace objects, 1(20KB) LOS objects, 39% free, 24MB/40MB, paused 259us total 30.812ms
08-05 03:42:30.275  7568  7579 I art     : Starting a blocking GC Explicit
08-05 03:42:30.299  9041  9041 D AndroidRuntime: >>>>>> START com.android.internal.os.RuntimeInit uid 2000 <<<<<<
08-05 03:42:30.304  9041  9041 D AndroidRuntime: CheckJNI is OFF
08-05 03:42:30.306  7568  7579 I art     : Explicit concurrent mark sweep GC freed 20(704B) AllocSpace objects, 0(0B) LOS objects, 39% free, 24MB/40MB, paused 278us total 30.860ms
08-05 03:42:30.319  7568  7579 I art     : Starting a blocking GC Explicit
08-05 03:42:30.341  9041  9041 D ICU     : No timezone override file found: /data/misc/zoneinfo/current/icu/icu_tzdata.dat
08-05 03:42:30.348  7568  7579 I art     : Explicit concurrent mark sweep GC freed 3(96B) AllocSpace objects, 0(0B) LOS objects, 39% free, 24MB/40MB, paused 235us total 28.985ms
08-05 03:42:30.361  7568  7579 I art     : Starting a blocking GC Explicit
08-05 03:42:30.376  9041  9041 I Radio-JNI: register_android_hardware_Radio DONE
08-05 03:42:30.390  7568  7579 I art     : Explicit concurrent mark sweep GC freed 3(96B) AllocSpace objects, 0(0B) LOS objects, 39% free, 24MB/40MB, paused 266us total 28.694ms
08-05 03:42:30.399  9041  9041 D AndroidRuntime: Calling main entry com.android.commands.input.Input
08-05 03:42:30.400  9041  9041 I Input   : injectMotionEvent: MotionEvent { action=ACTION_DOWN, actionButton=0, id[0]=0, x[0]=600.0, y[0]=1536.0, toolType[0]=TOOL_TYPE_UNKNOWN, buttonState=0, metaState=0, flags=0x0, edgeFlags=0x0, pointerCount=1, historySize=0, eventTime=762166813, downTime=762166813, deviceId=0, source=0x1002 }
08-05 03:42:30.403  7568  7579 I art     : Starting a blocking GC Explicit
08-05 03:42:30.406  9041  9041 I Input   : injectMotionEvent: MotionEvent { action=ACTION_UP, actionButton=0, id[0]=0, x[0]=600.0, y[0]=1536.0, toolType[0]=TOOL_TYPE_UNKNOWN, buttonState=0, metaState=0, flags=0x0, edgeFlags=0x0, pointerCount=1, historySize=0, eventTime=762166813, downTime=762166813, deviceId=0, source=0x1002 }
08-05 03:42:30.407  9041  9041 D AndroidRuntime: Shutting down VM
08-05 03:42:30.422   918  6029 I ActivityManager: START u0 {dat=https://oauth.reddit.com/... cmp=baseline.org.quantumbadger.redreader/.activities.PostListingActivity} from uid 10689 on display 0
08-05 03:42:30.423   512  2967 D audio_hw_primary: out_set_parameters: enter: usecase(1: low-latency-playback) kvpairs: routing=2
08-05 03:42:30.436   512  2967 D audio_hw_primary: select_devices: out_snd_device(2: speaker) in_snd_device(0: none)
08-05 03:42:30.436   512  2967 D msm8974_platform: platform_send_audio_calibration: sending audio calibration for snd_device(2) acdb_id(15)
08-05 03:42:30.437  7568  7579 I art     : Explicit concurrent mark sweep GC freed 74(2560B) AllocSpace objects, 0(0B) LOS objects, 39% free, 24MB/40MB, paused 295us total 33.838ms
08-05 03:42:30.437   512  2967 I soundtrigger: audio_extn_sound_trigger_update_device_status: device 0x2 of type 0 for Event 1
08-05 03:42:30.446  7568  7568 I AppCompatViewInflater: app:theme is now deprecated. Please move to using android:theme instead.
08-05 03:42:30.447   512  2967 D audio_hw_primary: enable_snd_device: snd_device(2: speaker)
08-05 03:42:30.449   512  2967 D audio_hw_primary: enable_audio_route: apply and update mixer path: low-latency-playback speaker
08-05 03:42:30.467  7568  9065 D OK      : calling: https://oauth.reddit.com/r/askscience/about.json
08-05 03:42:30.527 13866 13866 I GoogleInputMethodServic: GoogleInputMethodService.onFinishInput():3138 
08-05 03:42:30.527   918   936 I ActivityManager: Displayed baseline.org.quantumbadger.redreader/.activities.PostListingActivity: +97ms
08-05 03:42:30.527 13866 13866 I GoogleInputMethodServic: GoogleInputMethodService.onStartInput():1808 
08-05 03:42:30.667  7568  7579 I art     : Starting a blocking GC Explicit
08-05 03:42:30.696  7568  7579 I art     : Explicit concurrent mark sweep GC freed 4898(261KB) AllocSpace objects, 1(20KB) LOS objects, 38% free, 25MB/41MB, paused 307us total 28.106ms
08-05 03:42:30.708  7568  7579 I art     : Starting a blocking GC Explicit
08-05 03:42:30.735  7568  7579 I art     : Explicit concurrent mark sweep GC freed 509(26KB) AllocSpace objects, 0(0B) LOS objects, 39% free, 25MB/41MB, paused 295us total 26.477ms
08-05 03:42:30.748  7568  7579 I art     : Starting a blocking GC Explicit
08-05 03:42:30.755   380   380 W SurfaceFlinger: couldn't log to binary event log: overflow.
08-05 03:42:30.775  7568  7579 I art     : Explicit concurrent mark sweep GC freed 3(96B) AllocSpace objects, 0(0B) LOS objects, 39% free, 25MB/41MB, paused 288us total 26.877ms
08-05 03:42:30.788  7568  7579 I art     : Starting a blocking GC Explicit
08-05 03:42:30.795  7568  9065 I NAPPA_EXPERIMENTATION: MetricNetworkRequestExecutionTime: REQUEST_DURATION_SYSTEM='328',REQUEST_DURATION_OKHTTP='148',REQUEST_SYNCHRONOUS='TRUE',RESPONSE_CODE='200',RESPONSE_METHOD='GET',RESPONSE_LENGTH_OKHTTP='-1',RESPONSE_LENGTH_HEADER='4700',REQUEST_PROTOCOL='h2',REQUEST_URL='https://oauth.reddit.com/r/askscience/about.json',
08-05 03:42:30.795  7568  9065 D OK      : request got status: 200
08-05 03:42:30.814  7568  7579 I art     : Explicit concurrent mark sweep GC freed 540(72KB) AllocSpace objects, 1(20KB) LOS objects, 38% free, 25MB/41MB, paused 361us total 26.580ms
08-05 03:42:30.827  7568  7579 I art     : Starting a blocking GC Explicit
08-05 03:42:30.856  7568  7579 I art     : Explicit concurrent mark sweep GC freed 714(84KB) AllocSpace objects, 1(68KB) LOS objects, 38% free, 25MB/41MB, paused 430us total 28.608ms
08-05 03:42:30.988   512  2967 D audio_hw_primary: disable_audio_route: reset and update mixer path: low-latency-playback speaker
08-05 03:42:30.989   512  2967 D audio_hw_primary: disable_snd_device: snd_device(2: speaker)
08-05 03:42:30.998   512  2967 I soundtrigger: audio_extn_sound_trigger_update_device_status: device 0x2 of type 0 for Event 0
08-05 03:42:31.122  7568  7889 I art     : Starting a blocking GC Explicit
08-05 03:42:31.153  7568  7889 I art     : Explicit concurrent mark sweep GC freed 2039(129KB) AllocSpace objects, 2(88KB) LOS objects, 38% free, 25MB/41MB, paused 281us total 30.484ms
08-05 03:42:31.167  7568  7889 I art     : Starting a blocking GC Explicit
08-05 03:42:31.201  7568  7889 I art     : Explicit concurrent mark sweep GC freed 29(1008B) AllocSpace objects, 0(0B) LOS objects, 38% free, 25MB/41MB, paused 285us total 33.957ms
08-05 03:42:31.214  7568  7889 I art     : Starting a blocking GC Explicit
08-05 03:42:31.245  7568  7889 I art     : Explicit concurrent mark sweep GC freed 3(96B) AllocSpace objects, 0(0B) LOS objects, 38% free, 25MB/41MB, paused 299us total 30.287ms
08-05 03:42:31.258  7568  7889 I art     : Starting a blocking GC Explicit
08-05 03:42:31.290  7568  7889 I art     : Explicit concurrent mark sweep GC freed 27(1120B) AllocSpace objects, 0(0B) LOS objects, 38% free, 25MB/41MB, paused 445us total 31.417ms
08-05 03:42:31.304  7568  7889 I art     : Starting a blocking GC Explicit
08-05 03:42:31.334  7568  7889 I art     : Explicit concurrent mark sweep GC freed 3(96B) AllocSpace objects, 0(0B) LOS objects, 38% free, 25MB/41MB, paused 311us total 30.317ms
08-05 03:42:31.541  5221  5221 I ServiceManager: Waiting for service AtCmdFwd...
08-05 03:42:31.628  7568  7579 I art     : Starting a blocking GC Explicit
08-05 03:42:31.661  7568  7579 I art     : Explicit concurrent mark sweep GC freed 1343(80KB) AllocSpace objects, 1(20KB) LOS objects, 38% free, 25MB/41MB, paused 286us total 32.128ms
08-05 03:42:31.667  7568  9101 D OK      : calling: https://oauth.reddit.com/r/askscience/hot/.json
08-05 03:42:31.674  7568  7579 I art     : Starting a blocking GC Explicit
08-05 03:42:31.707  7568  7579 I art     : Explicit concurrent mark sweep GC freed 112(4KB) AllocSpace objects, 0(0B) LOS objects, 38% free, 25MB/41MB, paused 324us total 32.010ms
08-05 03:42:31.720  7568  7579 I art     : Starting a blocking GC Explicit
08-05 03:42:31.750  7568  7579 I art     : Explicit concurrent mark sweep GC freed 9(352B) AllocSpace objects, 0(0B) LOS objects, 38% free, 25MB/41MB, paused 319us total 30.552ms
08-05 03:42:31.764  7568  7579 I art     : Starting a blocking GC Explicit
08-05 03:42:31.794  7568  7579 I art     : Explicit concurrent mark sweep GC freed 3(96B) AllocSpace objects, 0(0B) LOS objects, 38% free, 25MB/41MB, paused 342us total 30.106ms
08-05 03:42:31.808  7568  7579 I art     : Starting a blocking GC Explicit
08-05 03:42:31.839  7568  7579 I art     : Explicit concurrent mark sweep GC freed 3(96B) AllocSpace objects, 0(0B) LOS objects, 38% free, 25MB/41MB, paused 375us total 30.871ms
08-05 03:42:31.913  7568  9101 I NAPPA_EXPERIMENTATION: MetricNetworkRequestExecutionTime: REQUEST_DURATION_SYSTEM='245',REQUEST_DURATION_OKHTTP='242',REQUEST_SYNCHRONOUS='TRUE',RESPONSE_CODE='200',RESPONSE_METHOD='GET',RESPONSE_LENGTH_OKHTTP='-1',RESPONSE_LENGTH_HEADER='21282',REQUEST_PROTOCOL='h2',REQUEST_URL='https://oauth.reddit.com/r/askscience/hot/.json',
08-05 03:42:31.913  7568  9101 D OK      : request got status: 200
08-05 03:42:31.936  7568  8164 I PostListingFragment: Precaching images: OFF
08-05 03:42:31.936  7568  8164 I PostListingFragment: Precaching comments: OFF
08-05 03:42:32.100  7568  7579 I art     : Starting a blocking GC Explicit
08-05 03:42:32.137  7568  7579 I art     : Explicit concurrent mark sweep GC freed 12937(708KB) AllocSpace objects, 3(156KB) LOS objects, 38% free, 25MB/41MB, paused 435us total 37.100ms
08-05 03:42:32.151  7568  7579 I art     : Starting a blocking GC Explicit
08-05 03:42:32.184  7568  7579 I art     : Explicit concurrent mark sweep GC freed 4474(169KB) AllocSpace objects, 0(0B) LOS objects, 38% free, 25MB/41MB, paused 418us total 32.797ms
08-05 03:42:32.197  7568  7579 I art     : Starting a blocking GC Explicit
08-05 03:42:32.231  7568  7579 I art     : Explicit concurrent mark sweep GC freed 3587(130KB) AllocSpace objects, 0(0B) LOS objects, 38% free, 25MB/41MB, paused 390us total 34.079ms
08-05 03:42:32.245  7568  7579 I art     : Starting a blocking GC Explicit
08-05 03:42:32.277  7568  7579 I art     : Explicit concurrent mark sweep GC freed 1615(59KB) AllocSpace objects, 0(0B) LOS objects, 38% free, 25MB/41MB, paused 325us total 31.646ms
08-05 03:42:32.290  7568  7579 I art     : Starting a blocking GC Explicit
08-05 03:42:32.322  7568  7579 I art     : Explicit concurrent mark sweep GC freed 11640(547KB) AllocSpace objects, 0(0B) LOS objects, 38% free, 25MB/41MB, paused 562us total 32.274ms
08-05 03:42:32.542  5221  5221 I ServiceManager: Waiting for service AtCmdFwd...
08-05 03:42:32.614  7568  7581 I art     : Starting a blocking GC Explicit
08-05 03:42:32.646  7568  7581 I art     : Explicit concurrent mark sweep GC freed 2721(144KB) AllocSpace objects, 1(20KB) LOS objects, 38% free, 25MB/41MB, paused 259us total 32.389ms
08-05 03:42:32.661  7568  7581 I art     : Starting a blocking GC Explicit
08-05 03:42:32.694  7568  7581 I art     : Explicit concurrent mark sweep GC freed 146(8KB) AllocSpace objects, 0(0B) LOS objects, 38% free, 25MB/41MB, paused 261us total 32.439ms
08-05 03:42:32.708  7568  7581 I art     : Starting a blocking GC Explicit
08-05 03:42:32.739  7568  7581 I art     : Explicit concurrent mark sweep GC freed 152(6KB) AllocSpace objects, 0(0B) LOS objects, 38% free, 25MB/41MB, paused 317us total 31.540ms
08-05 03:42:32.753  7568  7581 I art     : Starting a blocking GC Explicit
08-05 03:42:32.786  7568  7581 I art     : Explicit concurrent mark sweep GC freed 3(96B) AllocSpace objects, 0(0B) LOS objects, 38% free, 25MB/41MB, paused 286us total 32.514ms
08-05 03:42:32.799  7568  7581 I art     : Starting a blocking GC Explicit
08-05 03:42:32.833  7568  7581 I art     : Explicit concurrent mark sweep GC freed 3(96B) AllocSpace objects, 0(0B) LOS objects, 38% free, 25MB/41MB, paused 274us total 33.083ms
08-05 03:42:33.153  7568  7579 I art     : Starting a blocking GC Explicit
08-05 03:42:33.202  7568  7579 I art     : Explicit concurrent mark sweep GC freed 1344(80KB) AllocSpace objects, 1(20KB) LOS objects, 38% free, 25MB/41MB, paused 348us total 48.920ms
08-05 03:42:33.222  7568  7579 I art     : Starting a blocking GC Explicit
08-05 03:42:33.255  7568  7579 I art     : Explicit concurrent mark sweep GC freed 20(704B) AllocSpace objects, 0(0B) LOS objects, 38% free, 25MB/41MB, paused 269us total 32.522ms
08-05 03:42:33.268  7568  7579 I art     : Starting a blocking GC Explicit
08-05 03:42:33.302  7568  7579 I art     : Explicit concurrent mark sweep GC freed 3(96B) AllocSpace objects, 0(0B) LOS objects, 38% free, 25MB/41MB, paused 268us total 33.204ms
08-05 03:42:33.315  7568  7579 I art     : Starting a blocking GC Explicit
08-05 03:42:33.349  7568  7579 I art     : Explicit concurrent mark sweep GC freed 3(96B) AllocSpace objects, 0(0B) LOS objects, 38% free, 25MB/41MB, paused 266us total 33.653ms
08-05 03:42:33.363  7568  7579 I art     : Starting a blocking GC Explicit
08-05 03:42:33.396  7568  7579 I art     : Explicit concurrent mark sweep GC freed 3(96B) AllocSpace objects, 0(0B) LOS objects, 38% free, 25MB/41MB, paused 273us total 32.682ms
08-05 03:42:33.544  5221  5221 I ServiceManager: Waiting for service AtCmdFwd...
08-05 03:42:33.700  7568  7889 I art     : Starting a blocking GC Explicit
08-05 03:42:33.746  7568  7889 I art     : Explicit concurrent mark sweep GC freed 1344(80KB) AllocSpace objects, 1(20KB) LOS objects, 38% free, 25MB/41MB, paused 423us total 46.007ms
08-05 03:42:33.764  7568  7889 I art     : Starting a blocking GC Explicit
08-05 03:42:33.798  7568  7889 I art     : Explicit concurrent mark sweep GC freed 20(704B) AllocSpace objects, 0(0B) LOS objects, 38% free, 25MB/41MB, paused 285us total 33.267ms
08-05 03:42:33.812  7568  7889 I art     : Starting a blocking GC Explicit
08-05 03:42:33.846  7568  7889 I art     : Explicit concurrent mark sweep GC freed 3(96B) AllocSpace objects, 0(0B) LOS objects, 38% free, 25MB/41MB, paused 320us total 33.655ms
08-05 03:42:33.859  7568  7889 I art     : Starting a blocking GC Explicit
08-05 03:42:33.892  7568  7889 I art     : Explicit concurrent mark sweep GC freed 3(96B) AllocSpace objects, 0(0B) LOS objects, 38% free, 25MB/41MB, paused 288us total 32.506ms
08-05 03:42:33.906  7568  7889 I art     : Starting a blocking GC Explicit
08-05 03:42:33.940  7568  7889 I art     : Explicit concurrent mark sweep GC freed 3(96B) AllocSpace objects, 0(0B) LOS objects, 38% free, 25MB/41MB, paused 295us total 34.064ms
08-05 03:42:34.260  7568  7589 I art     : Starting a blocking GC Explicit
08-05 03:42:34.309  7568  7589 I art     : Explicit concurrent mark sweep GC freed 1343(80KB) AllocSpace objects, 1(20KB) LOS objects, 38% free, 25MB/41MB, paused 336us total 47.742ms
08-05 03:42:34.325  7568  7589 I art     : Starting a blocking GC Explicit
08-05 03:42:34.358  7568  7589 I art     : Explicit concurrent mark sweep GC freed 20(704B) AllocSpace objects, 0(0B) LOS objects, 38% free, 25MB/41MB, paused 270us total 33.163ms
08-05 03:42:34.372  7568  7589 I art     : Starting a blocking GC Explicit
08-05 03:42:34.406  7568  7589 I art     : Explicit concurrent mark sweep GC freed 3(96B) AllocSpace objects, 0(0B) LOS objects, 38% free, 25MB/41MB, paused 280us total 33.904ms
08-05 03:42:34.420  7568  7589 I art     : Starting a blocking GC Explicit
08-05 03:42:34.454  7568  7589 I art     : Explicit concurrent mark sweep GC freed 3(96B) AllocSpace objects, 0(0B) LOS objects, 38% free, 25MB/41MB, paused 293us total 34.130ms
08-05 03:42:34.455  7568  7578 I art     : WaitForGcToComplete blocked for 33.812ms for cause HeapTrim
08-05 03:42:34.468  7568  7589 I art     : Starting a blocking GC Explicit
08-05 03:42:34.501  7568  7589 I art     : Explicit concurrent mark sweep GC freed 3(96B) AllocSpace objects, 0(0B) LOS objects, 38% free, 25MB/41MB, paused 260us total 32.469ms
08-05 03:42:34.545  5221  5221 I ServiceManager: Waiting for service AtCmdFwd...
08-05 03:42:34.812  7568  7581 I art     : Starting a blocking GC Explicit
08-05 03:42:34.855  7568  7581 I art     : Explicit concurrent mark sweep GC freed 1343(80KB) AllocSpace objects, 1(20KB) LOS objects, 38% free, 25MB/41MB, paused 325us total 42.695ms
08-05 03:42:34.871  7568  7581 I art     : Starting a blocking GC Explicit
08-05 03:42:34.905  7568  7581 I art     : Explicit concurrent mark sweep GC freed 20(704B) AllocSpace objects, 0(0B) LOS objects, 38% free, 25MB/41MB, paused 290us total 33.638ms
08-05 03:42:34.919  7568  7581 I art     : Starting a blocking GC Explicit
08-05 03:42:34.953  7568  7581 I art     : Explicit concurrent mark sweep GC freed 3(96B) AllocSpace objects, 0(0B) LOS objects, 38% free, 25MB/41MB, paused 311us total 33.560ms
08-05 03:42:34.967  7568  7581 I art     : Starting a blocking GC Explicit
08-05 03:42:35.000  7568  7581 I art     : Explicit concurrent mark sweep GC freed 3(96B) AllocSpace objects, 0(0B) LOS objects, 38% free, 25MB/41MB, paused 276us total 32.610ms
08-05 03:42:35.013  7568  7581 I art     : Starting a blocking GC Explicit
08-05 03:42:35.047  7568  7581 I art     : Explicit concurrent mark sweep GC freed 3(96B) AllocSpace objects, 0(0B) LOS objects, 38% free, 25MB/41MB, paused 287us total 33.091ms
08-05 03:42:35.359  7568  7579 I art     : Starting a blocking GC Explicit
08-05 03:42:35.398  7568  7579 I art     : Explicit concurrent mark sweep GC freed 1347(80KB) AllocSpace objects, 1(20KB) LOS objects, 38% free, 25MB/41MB, paused 303us total 39.089ms
08-05 03:42:35.412  7568  7579 I art     : Starting a blocking GC Explicit
08-05 03:42:35.446  7568  7579 I art     : Explicit concurrent mark sweep GC freed 20(704B) AllocSpace objects, 0(0B) LOS objects, 38% free, 25MB/41MB, paused 280us total 33.927ms
08-05 03:42:35.460  7568  7579 I art     : Starting a blocking GC Explicit
08-05 03:42:35.493  7568  7579 I art     : Explicit concurrent mark sweep GC freed 3(96B) AllocSpace objects, 0(0B) LOS objects, 38% free, 25MB/41MB, paused 273us total 32.865ms
08-05 03:42:35.507  7568  7579 I art     : Starting a blocking GC Explicit
08-05 03:42:35.541  7568  7579 I art     : Explicit concurrent mark sweep GC freed 3(96B) AllocSpace objects, 0(0B) LOS objects, 38% free, 25MB/41MB, paused 272us total 33.875ms
08-05 03:42:35.546  5221  5221 I ServiceManager: Waiting for service AtCmdFwd...
08-05 03:42:35.555  7568  7579 I art     : Starting a blocking GC Explicit
08-05 03:42:35.589  7568  7579 I art     : Explicit concurrent mark sweep GC freed 3(96B) AllocSpace objects, 0(0B) LOS objects, 38% free, 25MB/41MB, paused 282us total 34.275ms
08-05 03:42:35.859  7568  7889 I art     : Starting a blocking GC Explicit
08-05 03:42:35.893  7568  7889 I art     : Explicit concurrent mark sweep GC freed 1344(80KB) AllocSpace objects, 1(20KB) LOS objects, 38% free, 25MB/41MB, paused 297us total 33.817ms
08-05 03:42:35.907  7568  7889 I art     : Starting a blocking GC Explicit
08-05 03:42:35.940  7568  7889 I art     : Explicit concurrent mark sweep GC freed 20(704B) AllocSpace objects, 0(0B) LOS objects, 38% free, 25MB/41MB, paused 286us total 32.685ms
08-05 03:42:35.953  7568  7889 I art     : Starting a blocking GC Explicit
08-05 03:42:35.984  7568  7889 I art     : Explicit concurrent mark sweep GC freed 3(96B) AllocSpace objects, 0(0B) LOS objects, 38% free, 25MB/41MB, paused 268us total 31.385ms
08-05 03:42:35.998  7568  7889 I art     : Starting a blocking GC Explicit
08-05 03:42:36.030  7568  7889 I art     : Explicit concurrent mark sweep GC freed 3(96B) AllocSpace objects, 0(0B) LOS objects, 38% free, 25MB/41MB, paused 292us total 31.684ms
08-05 03:42:36.043  7568  7889 I art     : Starting a blocking GC Explicit
08-05 03:42:36.076  7568  7889 I art     : Explicit concurrent mark sweep GC freed 3(96B) AllocSpace objects, 0(0B) LOS objects, 38% free, 25MB/41MB, paused 292us total 32.342ms
08-05 03:42:36.108  9174  9174 D AndroidRuntime: >>>>>> START com.android.internal.os.RuntimeInit uid 2000 <<<<<<
08-05 03:42:36.113  9174  9174 D AndroidRuntime: CheckJNI is OFF
08-05 03:42:36.145  9174  9174 D ICU     : No timezone override file found: /data/misc/zoneinfo/current/icu/icu_tzdata.dat
08-05 03:42:36.179  9174  9174 I Radio-JNI: register_android_hardware_Radio DONE
08-05 03:42:36.201  9174  9174 D AndroidRuntime: Calling main entry com.android.commands.input.Input
08-05 03:42:36.202  9174  9174 I Input   : injectMotionEvent: MotionEvent { action=ACTION_DOWN, actionButton=0, id[0]=0, x[0]=600.0, y[0]=700.0, toolType[0]=TOOL_TYPE_UNKNOWN, buttonState=0, metaState=0, flags=0x0, edgeFlags=0x0, pointerCount=1, historySize=0, eventTime=762172615, downTime=762172615, deviceId=0, source=0x1002 }
08-05 03:42:36.208  9174  9174 I Input   : injectMotionEvent: MotionEvent { action=ACTION_UP, actionButton=0, id[0]=0, x[0]=600.0, y[0]=700.0, toolType[0]=TOOL_TYPE_UNKNOWN, buttonState=0, metaState=0, flags=0x0, edgeFlags=0x0, pointerCount=1, historySize=0, eventTime=762172615, downTime=762172615, deviceId=0, source=0x1002 }
08-05 03:42:36.212  9174  9174 D AndroidRuntime: Shutting down VM
08-05 03:42:36.223   512  2967 D audio_hw_primary: out_set_parameters: enter: usecase(1: low-latency-playback) kvpairs: routing=2
08-05 03:42:36.225   918  4413 I ActivityManager: START u0 {dat=https://oauth.reddit.com/... cmp=baseline.org.quantumbadger.redreader/.activities.CommentListingActivity} from uid 10689 on display 0
08-05 03:42:36.236   512  2967 D audio_hw_primary: select_devices: out_snd_device(2: speaker) in_snd_device(0: none)
08-05 03:42:36.236   512  2967 D msm8974_platform: platform_send_audio_calibration: sending audio calibration for snd_device(2) acdb_id(15)
08-05 03:42:36.236   512  2967 I soundtrigger: audio_extn_sound_trigger_update_device_status: device 0x2 of type 0 for Event 1
08-05 03:42:36.245  7568  7568 I AppCompatViewInflater: app:theme is now deprecated. Please move to using android:theme instead.
08-05 03:42:36.247   512  2967 D audio_hw_primary: enable_snd_device: snd_device(2: speaker)
08-05 03:42:36.249   512  2967 D audio_hw_primary: enable_audio_route: apply and update mixer path: low-latency-playback speaker
08-05 03:42:36.261  7568  8164 I CommentListingActivity: COMMENTS session changed to 3335c1bb-1623-4364-b44b-c797955efdd7
08-05 03:42:36.320 13866 13866 I GoogleInputMethodServic: GoogleInputMethodService.onFinishInput():3138 
08-05 03:42:36.321   918   936 I ActivityManager: Displayed baseline.org.quantumbadger.redreader/.activities.CommentListingActivity: +89ms
08-05 03:42:36.321 13866 13866 I GoogleInputMethodServic: GoogleInputMethodService.onStartInput():1808 
08-05 03:42:36.329  7568  7589 I art     : Starting a blocking GC Explicit
08-05 03:42:36.376  7568  7589 I art     : Explicit concurrent mark sweep GC freed 23567(1619KB) AllocSpace objects, 3(56KB) LOS objects, 36% free, 28MB/44MB, paused 1.184ms total 46.306ms
08-05 03:42:36.392  7568  7589 I art     : Starting a blocking GC Explicit
08-05 03:42:36.444  7568  7589 I art     : Explicit concurrent mark sweep GC freed 14349(957KB) AllocSpace objects, 1(16KB) LOS objects, 35% free, 29MB/45MB, paused 541us total 51.357ms
08-05 03:42:36.460  7568  7589 I art     : Starting a blocking GC Explicit
08-05 03:42:36.507  7568  7589 I art     : Explicit concurrent mark sweep GC freed 8597(585KB) AllocSpace objects, 0(0B) LOS objects, 35% free, 29MB/45MB, paused 333us total 47.238ms
08-05 03:42:36.523  7568  7589 I art     : Starting a blocking GC Explicit
08-05 03:42:36.547  5221  5221 W Atfwd_Sendcmd: AtCmdFwd service not published, waiting... retryCnt : 3
08-05 03:42:36.561   380   380 W SurfaceFlinger: couldn't log to binary event log: overflow.
08-05 03:42:36.573  7568  7589 I art     : Explicit concurrent mark sweep GC freed 19184(862KB) AllocSpace objects, 0(0B) LOS objects, 36% free, 28MB/44MB, paused 255us total 50.166ms
08-05 03:42:36.588  7568  7589 I art     : Starting a blocking GC Explicit
08-05 03:42:36.628  7568  7589 I art     : Explicit concurrent mark sweep GC freed 9(448B) AllocSpace objects, 0(0B) LOS objects, 36% free, 28MB/44MB, paused 238us total 39.674ms
08-05 03:42:36.789   512  2967 D audio_hw_primary: disable_audio_route: reset and update mixer path: low-latency-playback speaker
08-05 03:42:36.790   512  2967 D audio_hw_primary: disable_snd_device: snd_device(2: speaker)
08-05 03:42:36.799   512  2967 I soundtrigger: audio_extn_sound_trigger_update_device_status: device 0x2 of type 0 for Event 0
08-05 03:42:36.904  7568  7579 I art     : Starting a blocking GC Explicit
08-05 03:42:36.957  7568  7579 I art     : Explicit concurrent mark sweep GC freed 1431(83KB) AllocSpace objects, 1(20KB) LOS objects, 36% free, 28MB/44MB, paused 287us total 52.391ms
08-05 03:42:36.973  7568  7579 I art     : Starting a blocking GC Explicit
08-05 03:42:36.981  7568  9104 I RedditChangeDataIO: Writing tmp data file at '/data/user/0/baseline.org.quantumbadger.redreader/files/rr_change_data_tmp.dat'
08-05 03:42:36.981  7568  9104 I RedditChangeDataManager: Taking snapshot...
08-05 03:42:36.981  7568  9104 I RedditChangeDataManager: Writing to stream...
08-05 03:42:36.981  7568  9104 I RedditChangeDataManager: Wrote 3 entries for user ''
08-05 03:42:36.981  7568  9104 I RedditChangeDataManager: All entries written to stream.
08-05 03:42:36.982  7568  9104 I RedditChangeDataIO: Write successful. Atomically replacing data file...
08-05 03:42:36.982  7568  9104 I RedditChangeDataIO: Write complete.
08-05 03:42:36.982  7568  9104 I RedditChangeDataIO: 86 bytes written in 1 ms
08-05 03:42:37.015  7568  7579 I art     : Explicit concurrent mark sweep GC freed 125(6KB) AllocSpace objects, 1(68KB) LOS objects, 36% free, 28MB/44MB, paused 217us total 41.021ms
08-05 03:42:37.032  7568  7579 I art     : Starting a blocking GC Explicit
08-05 03:42:37.078  7568  7579 I art     : Explicit concurrent mark sweep GC freed 238(39KB) AllocSpace objects, 0(0B) LOS objects, 36% free, 28MB/44MB, paused 262us total 45.437ms
08-05 03:42:37.093  7568  7579 I art     : Starting a blocking GC Explicit
08-05 03:42:37.140  7568  7579 I art     : Explicit concurrent mark sweep GC freed 68(2272B) AllocSpace objects, 0(0B) LOS objects, 36% free, 28MB/44MB, paused 270us total 46.802ms
08-05 03:42:37.156  7568  7579 I art     : Starting a blocking GC Explicit
08-05 03:42:37.201  7568  7579 I art     : Explicit concurrent mark sweep GC freed 3(96B) AllocSpace objects, 0(0B) LOS objects, 36% free, 28MB/44MB, paused 243us total 44.798ms
08-05 03:42:37.463  7568  7589 I art     : Starting a blocking GC Explicit
08-05 03:42:37.515  7568  7589 I art     : Explicit concurrent mark sweep GC freed 1343(80KB) AllocSpace objects, 1(20KB) LOS objects, 36% free, 28MB/44MB, paused 248us total 51.403ms
08-05 03:42:37.531  7568  7589 I art     : Starting a blocking GC Explicit
08-05 03:42:37.579  7568  7589 I art     : Explicit concurrent mark sweep GC freed 66(2528B) AllocSpace objects, 0(0B) LOS objects, 36% free, 28MB/44MB, paused 306us total 47.898ms
08-05 03:42:37.595  7568  7589 I art     : Starting a blocking GC Explicit
08-05 03:42:37.636  7568  7589 I art     : Explicit concurrent mark sweep GC freed 3(96B) AllocSpace objects, 0(0B) LOS objects, 36% free, 28MB/44MB, paused 236us total 40.325ms
08-05 03:42:37.651  7568  7589 I art     : Starting a blocking GC Explicit
08-05 03:42:37.699  7568  7589 I art     : Explicit concurrent mark sweep GC freed 3(96B) AllocSpace objects, 0(0B) LOS objects, 36% free, 28MB/44MB, paused 250us total 47.644ms
08-05 03:42:37.715  7568  7589 I art     : Starting a blocking GC Explicit
08-05 03:42:37.761  7568  7589 I art     : Explicit concurrent mark sweep GC freed 3(96B) AllocSpace objects, 0(0B) LOS objects, 36% free, 28MB/44MB, paused 278us total 46.512ms
08-05 03:42:38.066  7568  7579 I art     : Starting a blocking GC Explicit
08-05 03:42:38.126  7568  7579 I art     : Explicit concurrent mark sweep GC freed 1343(80KB) AllocSpace objects, 1(20KB) LOS objects, 36% free, 28MB/44MB, paused 278us total 59.355ms
08-05 03:42:38.146  7568  7579 I art     : Starting a blocking GC Explicit
08-05 03:42:38.194  7568  7579 I art     : Explicit concurrent mark sweep GC freed 20(704B) AllocSpace objects, 0(0B) LOS objects, 36% free, 28MB/44MB, paused 246us total 47.020ms
08-05 03:42:38.209  7568  7579 I art     : Starting a blocking GC Explicit
08-05 03:42:38.258  7568  7579 I art     : Explicit concurrent mark sweep GC freed 3(96B) AllocSpace objects, 0(0B) LOS objects, 36% free, 28MB/44MB, paused 255us total 48.359ms
08-05 03:42:38.274  7568  7579 I art     : Starting a blocking GC Explicit
08-05 03:42:38.320  7568  7579 I art     : Explicit concurrent mark sweep GC freed 3(96B) AllocSpace objects, 0(0B) LOS objects, 36% free, 28MB/44MB, paused 245us total 46.462ms
08-05 03:42:38.336  7568  7579 I art     : Starting a blocking GC Explicit
08-05 03:42:38.383  7568  7579 I art     : Explicit concurrent mark sweep GC freed 3(96B) AllocSpace objects, 0(0B) LOS objects, 36% free, 28MB/44MB, paused 244us total 46.537ms
08-05 03:42:38.702  7568  7581 I art     : Starting a blocking GC Explicit
08-05 03:42:38.762  7568  7581 I art     : Explicit concurrent mark sweep GC freed 1343(80KB) AllocSpace objects, 1(20KB) LOS objects, 36% free, 28MB/44MB, paused 281us total 59.895ms
08-05 03:42:38.784  7568  7581 I art     : Starting a blocking GC Explicit
08-05 03:42:38.837  7568  7581 I art     : Explicit concurrent mark sweep GC freed 20(704B) AllocSpace objects, 0(0B) LOS objects, 36% free, 28MB/44MB, paused 297us total 52.930ms
08-05 03:42:38.853  7568  7581 I art     : Starting a blocking GC Explicit
08-05 03:42:38.900  7568  7581 I art     : Explicit concurrent mark sweep GC freed 3(96B) AllocSpace objects, 0(0B) LOS objects, 36% free, 28MB/44MB, paused 265us total 46.743ms
08-05 03:42:38.916  7568  7581 I art     : Starting a blocking GC Explicit
08-05 03:42:38.963  7568  7581 I art     : Explicit concurrent mark sweep GC freed 3(96B) AllocSpace objects, 0(0B) LOS objects, 36% free, 28MB/44MB, paused 255us total 47.039ms
08-05 03:42:38.979  7568  7581 I art     : Starting a blocking GC Explicit
08-05 03:42:39.026  7568  7581 I art     : Explicit concurrent mark sweep GC freed 3(96B) AllocSpace objects, 0(0B) LOS objects, 36% free, 28MB/44MB, paused 255us total 46.822ms
08-05 03:42:39.038   918  3261 D WifiStateMachine: starting scan for "H369AA63323"WPA_PSK with 2412,5180
08-05 03:42:39.313  7568  7889 I art     : Starting a blocking GC Explicit
08-05 03:42:39.371  7568  7889 I art     : Explicit concurrent mark sweep GC freed 1343(80KB) AllocSpace objects, 1(20KB) LOS objects, 36% free, 28MB/44MB, paused 278us total 57.383ms
08-05 03:42:39.393  7568  7889 I art     : Starting a blocking GC Explicit
08-05 03:42:39.439  7568  7889 I art     : Explicit concurrent mark sweep GC freed 20(704B) AllocSpace objects, 0(0B) LOS objects, 36% free, 28MB/44MB, paused 255us total 46.076ms
08-05 03:42:39.455  7568  7889 I art     : Starting a blocking GC Explicit
08-05 03:42:39.502  7568  7889 I art     : Explicit concurrent mark sweep GC freed 3(96B) AllocSpace objects, 0(0B) LOS objects, 36% free, 28MB/44MB, paused 264us total 47.507ms
08-05 03:42:39.518  7568  7889 I art     : Starting a blocking GC Explicit
08-05 03:42:39.565  7568  7889 I art     : Explicit concurrent mark sweep GC freed 3(96B) AllocSpace objects, 0(0B) LOS objects, 36% free, 28MB/44MB, paused 260us total 46.093ms
08-05 03:42:39.580  7568  7889 I art     : Starting a blocking GC Explicit
08-05 03:42:39.626  7568  7889 I art     : Explicit concurrent mark sweep GC freed 3(96B) AllocSpace objects, 0(0B) LOS objects, 36% free, 28MB/44MB, paused 260us total 46.049ms
08-05 03:42:39.966  7568  7589 I art     : Starting a blocking GC Explicit
08-05 03:42:40.028  7568  7589 I art     : Explicit concurrent mark sweep GC freed 1343(80KB) AllocSpace objects, 1(20KB) LOS objects, 36% free, 28MB/44MB, paused 399us total 61.593ms
08-05 03:42:40.049  7568  7589 I art     : Starting a blocking GC Explicit
08-05 03:42:40.095  7568  7589 I art     : Explicit concurrent mark sweep GC freed 20(704B) AllocSpace objects, 0(0B) LOS objects, 36% free, 28MB/44MB, paused 252us total 46.359ms
08-05 03:42:40.111  7568  7589 I art     : Starting a blocking GC Explicit
08-05 03:42:40.160  7568  7589 I art     : Explicit concurrent mark sweep GC freed 3(96B) AllocSpace objects, 0(0B) LOS objects, 36% free, 28MB/44MB, paused 253us total 48.084ms
08-05 03:42:40.176  7568  7589 I art     : Starting a blocking GC Explicit
08-05 03:42:40.224  7568  7589 I art     : Explicit concurrent mark sweep GC freed 3(96B) AllocSpace objects, 0(0B) LOS objects, 36% free, 28MB/44MB, paused 237us total 48.268ms
08-05 03:42:40.240  7568  7589 I art     : Starting a blocking GC Explicit
08-05 03:42:40.288  7568  7589 I art     : Explicit concurrent mark sweep GC freed 3(96B) AllocSpace objects, 0(0B) LOS objects, 36% free, 28MB/44MB, paused 240us total 47.821ms
08-05 03:42:40.580  7568  7579 I art     : Starting a blocking GC Explicit
08-05 03:42:40.627  7568  7579 I art     : Explicit concurrent mark sweep GC freed 1345(80KB) AllocSpace objects, 1(20KB) LOS objects, 36% free, 28MB/44MB, paused 307us total 46.882ms
08-05 03:42:40.643  7568  7579 I art     : Starting a blocking GC Explicit
08-05 03:42:40.688  7568  7579 I art     : Explicit concurrent mark sweep GC freed 20(704B) AllocSpace objects, 0(0B) LOS objects, 36% free, 28MB/44MB, paused 258us total 44.482ms
08-05 03:42:40.703  7568  7579 I art     : Starting a blocking GC Explicit
08-05 03:42:40.748  7568  7579 I art     : Explicit concurrent mark sweep GC freed 3(96B) AllocSpace objects, 0(0B) LOS objects, 36% free, 28MB/44MB, paused 281us total 44.790ms
08-05 03:42:40.763  7568  7579 I art     : Starting a blocking GC Explicit
08-05 03:42:40.809  7568  7579 I art     : Explicit concurrent mark sweep GC freed 3(96B) AllocSpace objects, 0(0B) LOS objects, 36% free, 28MB/44MB, paused 239us total 45.371ms
08-05 03:42:40.824  7568  7579 I art     : Starting a blocking GC Explicit
08-05 03:42:40.868  7568  7579 I art     : Explicit concurrent mark sweep GC freed 3(96B) AllocSpace objects, 0(0B) LOS objects, 36% free, 28MB/44MB, paused 239us total 43.800ms
08-05 03:42:40.901  9270  9270 D AndroidRuntime: >>>>>> START com.android.internal.os.RuntimeInit uid 2000 <<<<<<
08-05 03:42:40.907  9270  9270 D AndroidRuntime: CheckJNI is OFF
08-05 03:42:40.939  9270  9270 D ICU     : No timezone override file found: /data/misc/zoneinfo/current/icu/icu_tzdata.dat
08-05 03:42:40.973  9270  9270 I Radio-JNI: register_android_hardware_Radio DONE
08-05 03:42:40.996  9270  9270 D AndroidRuntime: Calling main entry com.android.commands.input.Input
08-05 03:42:40.997  9270  9270 I Input   : injectKeyEvent: KeyEvent { action=ACTION_DOWN, keyCode=KEYCODE_BACK, scanCode=0, metaState=0, flags=0x0, repeatCount=0, eventTime=762177410, downTime=762177410, deviceId=-1, source=0x101 }
08-05 03:42:41.005  9270  9270 I Input   : injectKeyEvent: KeyEvent { action=ACTION_UP, keyCode=KEYCODE_BACK, scanCode=0, metaState=0, flags=0x0, repeatCount=0, eventTime=762177410, downTime=762177410, deviceId=-1, source=0x101 }
08-05 03:42:41.013  9270  9270 D AndroidRuntime: Shutting down VM
08-05 03:42:41.059 13866 13866 I GoogleInputMethodServic: GoogleInputMethodService.onFinishInput():3138 
08-05 03:42:41.060 13866 13866 I GoogleInputMethodServic: GoogleInputMethodService.onStartInput():1808 
08-05 03:42:41.122  7568  7889 I art     : Starting a blocking GC Explicit
08-05 03:42:41.160  7568  7889 I art     : Explicit concurrent mark sweep GC freed 1600(89KB) AllocSpace objects, 1(20KB) LOS objects, 36% free, 28MB/44MB, paused 232us total 38.095ms
08-05 03:42:41.175  7568  7889 I art     : Starting a blocking GC Explicit
08-05 03:42:41.226  7568  7889 I art     : Explicit concurrent mark sweep GC freed 24(864B) AllocSpace objects, 0(0B) LOS objects, 36% free, 28MB/44MB, paused 365us total 50.698ms
08-05 03:42:41.244  7568  7889 I art     : Starting a blocking GC Explicit
08-05 03:42:41.296  7568  7889 I art     : Explicit concurrent mark sweep GC freed 3(96B) AllocSpace objects, 0(0B) LOS objects, 36% free, 28MB/44MB, paused 248us total 51.932ms
08-05 03:42:41.316  7568  7889 I art     : Starting a blocking GC Explicit
08-05 03:42:41.366   380   380 W SurfaceFlinger: couldn't log to binary event log: overflow.
08-05 03:42:41.369  7568  7889 I art     : Explicit concurrent mark sweep GC freed 30(848B) AllocSpace objects, 0(0B) LOS objects, 36% free, 28MB/44MB, paused 388us total 52.542ms
08-05 03:42:41.386  7568  7889 I art     : Starting a blocking GC Explicit
08-05 03:42:41.429  7568  7889 I art     : Explicit concurrent mark sweep GC freed 37(1600B) AllocSpace objects, 0(0B) LOS objects, 36% free, 28MB/44MB, paused 251us total 42.010ms
08-05 03:42:41.721  7568  7581 I art     : Starting a blocking GC Explicit
08-05 03:42:41.769  7568  7581 I art     : Explicit concurrent mark sweep GC freed 48102(2MB) AllocSpace objects, 6(160KB) LOS objects, 38% free, 25MB/41MB, paused 289us total 47.558ms
08-05 03:42:41.783  7568  7581 I art     : Starting a blocking GC Explicit
08-05 03:42:41.817  7568  7581 I art     : Explicit concurrent mark sweep GC freed 20(704B) AllocSpace objects, 0(0B) LOS objects, 38% free, 25MB/41MB, paused 284us total 33.761ms
08-05 03:42:41.831  7568  7581 I art     : Starting a blocking GC Explicit
08-05 03:42:41.866  7568  7581 I art     : Explicit concurrent mark sweep GC freed 3(96B) AllocSpace objects, 0(0B) LOS objects, 38% free, 25MB/41MB, paused 261us total 34.073ms
08-05 03:42:41.880  7568  7581 I art     : Starting a blocking GC Explicit
08-05 03:42:41.914  7568  7581 I art     : Explicit concurrent mark sweep GC freed 3(96B) AllocSpace objects, 0(0B) LOS objects, 38% free, 25MB/41MB, paused 235us total 34.080ms
08-05 03:42:41.928  7568  7581 I art     : Starting a blocking GC Explicit
08-05 03:42:41.962  7568  7581 I art     : Explicit concurrent mark sweep GC freed 3(96B) AllocSpace objects, 0(0B) LOS objects, 38% free, 25MB/41MB, paused 269us total 33.687ms
08-05 03:42:42.251  7568  7579 I art     : Starting a blocking GC Explicit
08-05 03:42:42.285  7568  7579 I art     : Explicit concurrent mark sweep GC freed 1343(80KB) AllocSpace objects, 1(20KB) LOS objects, 38% free, 25MB/41MB, paused 278us total 33.928ms
08-05 03:42:42.298  7568  7579 I art     : Starting a blocking GC Explicit
08-05 03:42:42.330  7568  7579 I art     : Explicit concurrent mark sweep GC freed 20(704B) AllocSpace objects, 0(0B) LOS objects, 38% free, 25MB/41MB, paused 251us total 31.561ms
08-05 03:42:42.343  7568  7579 I art     : Starting a blocking GC Explicit
08-05 03:42:42.375  7568  7579 I art     : Explicit concurrent mark sweep GC freed 3(96B) AllocSpace objects, 0(0B) LOS objects, 38% free, 25MB/41MB, paused 242us total 31.217ms
08-05 03:42:42.388  7568  7579 I art     : Starting a blocking GC Explicit
08-05 03:42:42.420  7568  7579 I art     : Explicit concurrent mark sweep GC freed 3(96B) AllocSpace objects, 0(0B) LOS objects, 38% free, 25MB/41MB, paused 230us total 31.220ms
08-05 03:42:42.433  7568  7579 I art     : Starting a blocking GC Explicit
08-05 03:42:42.464  7568  7579 I art     : Explicit concurrent mark sweep GC freed 3(96B) AllocSpace objects, 0(0B) LOS objects, 38% free, 25MB/41MB, paused 243us total 31.236ms
08-05 03:42:42.655  9321  9321 D AndroidRuntime: >>>>>> START com.android.internal.os.RuntimeInit uid 2000 <<<<<<
08-05 03:42:42.660  9321  9321 D AndroidRuntime: CheckJNI is OFF
08-05 03:42:42.691  9321  9321 D ICU     : No timezone override file found: /data/misc/zoneinfo/current/icu/icu_tzdata.dat
08-05 03:42:42.724  9321  9321 I Radio-JNI: register_android_hardware_Radio DONE
08-05 03:42:42.735  7568  7589 I art     : Starting a blocking GC Explicit
08-05 03:42:42.747  9321  9321 D AndroidRuntime: Calling main entry com.android.commands.input.Input
08-05 03:42:42.748  9321  9321 I Input   : injectKeyEvent: KeyEvent { action=ACTION_DOWN, keyCode=KEYCODE_BACK, scanCode=0, metaState=0, flags=0x0, repeatCount=0, eventTime=762179161, downTime=762179161, deviceId=-1, source=0x101 }
08-05 03:42:42.752  9321  9321 I Input   : injectKeyEvent: KeyEvent { action=ACTION_UP, keyCode=KEYCODE_BACK, scanCode=0, metaState=0, flags=0x0, repeatCount=0, eventTime=762179161, downTime=762179161, deviceId=-1, source=0x101 }
08-05 03:42:42.757  9321  9321 D AndroidRuntime: Shutting down VM
08-05 03:42:42.768  7568  7589 I art     : Explicit concurrent mark sweep GC freed 1446(83KB) AllocSpace objects, 1(20KB) LOS objects, 38% free, 25MB/41MB, paused 328us total 33.018ms
08-05 03:42:42.782  7568  7589 I art     : Starting a blocking GC Explicit
08-05 03:42:42.794 13866 13866 I GoogleInputMethodServic: GoogleInputMethodService.onFinishInput():3138 
08-05 03:42:42.794 13866 13866 I GoogleInputMethodServic: GoogleInputMethodService.onStartInput():1808 
08-05 03:42:42.810  7568  7589 I art     : Explicit concurrent mark sweep GC freed 33(1344B) AllocSpace objects, 0(0B) LOS objects, 38% free, 25MB/41MB, paused 239us total 28.342ms
08-05 03:42:42.823  7568  7589 I art     : Starting a blocking GC Explicit
08-05 03:42:42.854  7568  7589 I art     : Explicit concurrent mark sweep GC freed 53(1744B) AllocSpace objects, 0(0B) LOS objects, 38% free, 25MB/41MB, paused 234us total 30.332ms
08-05 03:42:42.867  7568  7589 I art     : Starting a blocking GC Explicit
08-05 03:42:42.895  7568  7589 I art     : Explicit concurrent mark sweep GC freed 18(592B) AllocSpace objects, 0(0B) LOS objects, 38% free, 25MB/41MB, paused 214us total 28.727ms
08-05 03:42:42.908  7568  7589 I art     : Starting a blocking GC Explicit
08-05 03:42:42.938  7568  7589 I art     : Explicit concurrent mark sweep GC freed 3(96B) AllocSpace objects, 0(0B) LOS objects, 38% free, 25MB/41MB, paused 264us total 29.966ms
08-05 03:42:43.198  7568  7889 I art     : Starting a blocking GC Explicit
08-05 03:42:43.234  7568  7889 I art     : Explicit concurrent mark sweep GC freed 1398(82KB) AllocSpace objects, 1(20KB) LOS objects, 38% free, 25MB/41MB, paused 277us total 35.848ms
08-05 03:42:43.253  7568  7889 I art     : Starting a blocking GC Explicit
08-05 03:42:43.285  7568  7889 I art     : Explicit concurrent mark sweep GC freed 150(7KB) AllocSpace objects, 0(0B) LOS objects, 38% free, 25MB/41MB, paused 263us total 31.607ms
08-05 03:42:43.298  7568  7889 I art     : Starting a blocking GC Explicit
08-05 03:42:43.330  7568  7889 I art     : Explicit concurrent mark sweep GC freed 3(96B) AllocSpace objects, 0(0B) LOS objects, 38% free, 25MB/41MB, paused 261us total 31.649ms
08-05 03:42:43.343  7568  7889 I art     : Starting a blocking GC Explicit
08-05 03:42:43.377  7568  7889 I art     : Explicit concurrent mark sweep GC freed 3(96B) AllocSpace objects, 0(0B) LOS objects, 38% free, 25MB/41MB, paused 316us total 33.052ms
08-05 03:42:43.390  7568  7889 I art     : Starting a blocking GC Explicit
08-05 03:42:43.424  7568  7889 I art     : Explicit concurrent mark sweep GC freed 3(96B) AllocSpace objects, 0(0B) LOS objects, 38% free, 25MB/41MB, paused 269us total 33.524ms
08-05 03:42:43.696  7568  7579 I art     : Starting a blocking GC Explicit
08-05 03:42:43.738  7568  7579 I art     : Explicit concurrent mark sweep GC freed 1343(80KB) AllocSpace objects, 1(20KB) LOS objects, 38% free, 25MB/41MB, paused 410us total 41.503ms
08-05 03:42:43.753  7568  7579 I art     : Starting a blocking GC Explicit
08-05 03:42:43.786  7568  7579 I art     : Explicit concurrent mark sweep GC freed 20(704B) AllocSpace objects, 0(0B) LOS objects, 38% free, 25MB/41MB, paused 257us total 33.491ms
08-05 03:42:43.800  7568  7579 I art     : Starting a blocking GC Explicit
08-05 03:42:43.834  7568  7579 I art     : Explicit concurrent mark sweep GC freed 3(96B) AllocSpace objects, 0(0B) LOS objects, 38% free, 25MB/41MB, paused 252us total 33.746ms
08-05 03:42:43.848  7568  7579 I art     : Starting a blocking GC Explicit
08-05 03:42:43.882  7568  7579 I art     : Explicit concurrent mark sweep GC freed 3(96B) AllocSpace objects, 0(0B) LOS objects, 38% free, 25MB/41MB, paused 264us total 33.985ms
08-05 03:42:43.896  7568  7579 I art     : Starting a blocking GC Explicit
08-05 03:42:43.930  7568  7579 I art     : Explicit concurrent mark sweep GC freed 3(96B) AllocSpace objects, 0(0B) LOS objects, 38% free, 25MB/41MB, paused 296us total 34.382ms
08-05 03:42:44.188  7568  7581 I art     : Starting a blocking GC Explicit
08-05 03:42:44.222  7568  7581 I art     : Explicit concurrent mark sweep GC freed 1343(80KB) AllocSpace objects, 1(20KB) LOS objects, 38% free, 25MB/41MB, paused 294us total 33.814ms
08-05 03:42:44.235  7568  7581 I art     : Starting a blocking GC Explicit
08-05 03:42:44.267  7568  7581 I art     : Explicit concurrent mark sweep GC freed 20(704B) AllocSpace objects, 0(0B) LOS objects, 38% free, 25MB/41MB, paused 301us total 31.679ms
08-05 03:42:44.281  7568  7581 I art     : Starting a blocking GC Explicit
08-05 03:42:44.312  7568  7581 I art     : Explicit concurrent mark sweep GC freed 3(96B) AllocSpace objects, 0(0B) LOS objects, 38% free, 25MB/41MB, paused 265us total 31.434ms
08-05 03:42:44.325  7568  7581 I art     : Starting a blocking GC Explicit
08-05 03:42:44.358  7568  7581 I art     : Explicit concurrent mark sweep GC freed 3(96B) AllocSpace objects, 0(0B) LOS objects, 38% free, 25MB/41MB, paused 291us total 32.257ms
08-05 03:42:44.371  7568  7581 I art     : Starting a blocking GC Explicit
08-05 03:42:44.404  7568  7581 I art     : Explicit concurrent mark sweep GC freed 3(96B) AllocSpace objects, 0(0B) LOS objects, 38% free, 25MB/41MB, paused 265us total 32.197ms
08-05 03:42:44.420  9365  9365 D AndroidRuntime: >>>>>> START com.android.internal.os.RuntimeInit uid 2000 <<<<<<
08-05 03:42:44.425  9365  9365 D AndroidRuntime: CheckJNI is OFF
08-05 03:42:44.458  9365  9365 D ICU     : No timezone override file found: /data/misc/zoneinfo/current/icu/icu_tzdata.dat
08-05 03:42:44.492  9365  9365 I Radio-JNI: register_android_hardware_Radio DONE
08-05 03:42:44.513  9365  9365 D AndroidRuntime: Calling main entry com.android.commands.input.Input
08-05 03:42:44.515  9365  9365 I Input   : injectMotionEvent: MotionEvent { action=ACTION_DOWN, actionButton=0, id[0]=0, x[0]=600.0, y[0]=1000.0, toolType[0]=TOOL_TYPE_UNKNOWN, buttonState=0, metaState=0, flags=0x0, edgeFlags=0x0, pointerCount=1, historySize=0, eventTime=762180928, downTime=762180928, deviceId=0, source=0x1002 }
08-05 03:42:44.521  9365  9365 I Input   : injectMotionEvent: MotionEvent { action=ACTION_UP, actionButton=0, id[0]=0, x[0]=600.0, y[0]=1000.0, toolType[0]=TOOL_TYPE_UNKNOWN, buttonState=0, metaState=0, flags=0x0, edgeFlags=0x0, pointerCount=1, historySize=0, eventTime=762180928, downTime=762180928, deviceId=0, source=0x1002 }
08-05 03:42:44.523  9365  9365 D AndroidRuntime: Shutting down VM
08-05 03:42:44.539   512  2967 D audio_hw_primary: out_set_parameters: enter: usecase(1: low-latency-playback) kvpairs: routing=2
08-05 03:42:44.542   918  5132 I ActivityManager: START u0 {dat=https://oauth.reddit.com/... cmp=baseline.org.quantumbadger.redreader/.activities.PostListingActivity} from uid 10689 on display 0
08-05 03:42:44.552   512  2967 D audio_hw_primary: select_devices: out_snd_device(2: speaker) in_snd_device(0: none)
08-05 03:42:44.552   512  2967 D msm8974_platform: platform_send_audio_calibration: sending audio calibration for snd_device(2) acdb_id(15)
08-05 03:42:44.552   512  2967 I soundtrigger: audio_extn_sound_trigger_update_device_status: device 0x2 of type 0 for Event 1
08-05 03:42:44.563  7568  7568 I AppCompatViewInflater: app:theme is now deprecated. Please move to using android:theme instead.
08-05 03:42:44.565   512  2967 D audio_hw_primary: enable_snd_device: snd_device(2: speaker)
08-05 03:42:44.568   512  2967 D audio_hw_primary: enable_audio_route: apply and update mixer path: low-latency-playback speaker
08-05 03:42:44.586  7568  9396 D OK      : calling: https://oauth.reddit.com/r/announcements/about.json
08-05 03:42:44.647   918   936 I ActivityManager: Displayed baseline.org.quantumbadger.redreader/.activities.PostListingActivity: +96ms
08-05 03:42:44.648 13866 13866 I GoogleInputMethodServic: GoogleInputMethodService.onFinishInput():3138 
08-05 03:42:44.648 13866 13866 I GoogleInputMethodServic: GoogleInputMethodService.onStartInput():1808 
08-05 03:42:44.652  7568  7589 I art     : Starting a blocking GC Explicit
08-05 03:42:44.691  7568  7589 I art     : Explicit concurrent mark sweep GC freed 2970(184KB) AllocSpace objects, 1(20KB) LOS objects, 38% free, 25MB/41MB, paused 272us total 38.055ms
08-05 03:42:44.706  7568  7589 I art     : Starting a blocking GC Explicit
08-05 03:42:44.736  7568  7589 I art     : Explicit concurrent mark sweep GC freed 497(27KB) AllocSpace objects, 0(0B) LOS objects, 38% free, 25MB/41MB, paused 289us total 29.801ms
08-05 03:42:44.749  7568  7589 I art     : Starting a blocking GC Explicit
08-05 03:42:44.783  7568  7589 I art     : Explicit concurrent mark sweep GC freed 1906(74KB) AllocSpace objects, 0(0B) LOS objects, 38% free, 25MB/41MB, paused 348us total 33.701ms
08-05 03:42:44.797  7568  7589 I art     : Starting a blocking GC Explicit
08-05 03:42:44.835  7568  7589 I art     : Explicit concurrent mark sweep GC freed 106(3KB) AllocSpace objects, 0(0B) LOS objects, 38% free, 25MB/41MB, paused 324us total 37.697ms
08-05 03:42:44.850  7568  7589 I art     : Starting a blocking GC Explicit
08-05 03:42:44.887   380   380 W SurfaceFlinger: couldn't log to binary event log: overflow.
08-05 03:42:44.889  7568  7589 I art     : Explicit concurrent mark sweep GC freed 13(480B) AllocSpace objects, 0(0B) LOS objects, 38% free, 25MB/41MB, paused 296us total 39.072ms
08-05 03:42:44.922  7568  9396 I NAPPA_EXPERIMENTATION: MetricNetworkRequestExecutionTime: REQUEST_DURATION_SYSTEM='335',REQUEST_DURATION_OKHTTP='153',REQUEST_SYNCHRONOUS='TRUE',RESPONSE_CODE='200',RESPONSE_METHOD='GET',RESPONSE_LENGTH_OKHTTP='-1',RESPONSE_LENGTH_HEADER='1564',REQUEST_PROTOCOL='h2',REQUEST_URL='https://oauth.reddit.com/r/announcements/about.json',
08-05 03:42:44.922  7568  9396 D OK      : request got status: 200
08-05 03:42:45.109   512  2967 D audio_hw_primary: disable_audio_route: reset and update mixer path: low-latency-playback speaker
08-05 03:42:45.110   512  2967 D audio_hw_primary: disable_snd_device: snd_device(2: speaker)
08-05 03:42:45.118   512  2967 I soundtrigger: audio_extn_sound_trigger_update_device_status: device 0x2 of type 0 for Event 0
08-05 03:42:45.172  7568  7889 I art     : Starting a blocking GC Explicit
08-05 03:42:45.209  7568  7889 I art     : Explicit concurrent mark sweep GC freed 3049(241KB) AllocSpace objects, 3(156KB) LOS objects, 38% free, 25MB/41MB, paused 316us total 36.757ms
08-05 03:42:45.222  7568  7889 I art     : Starting a blocking GC Explicit
08-05 03:42:45.257  7568  7889 I art     : Explicit concurrent mark sweep GC freed 214(11KB) AllocSpace objects, 0(0B) LOS objects, 38% free, 25MB/41MB, paused 300us total 33.994ms
08-05 03:42:45.270  7568  7889 I art     : Starting a blocking GC Explicit
08-05 03:42:45.308  7568  7889 I art     : Explicit concurrent mark sweep GC freed 25(1024B) AllocSpace objects, 0(0B) LOS objects, 38% free, 25MB/41MB, paused 268us total 37.605ms
08-05 03:42:45.321  7568  7889 I art     : Starting a blocking GC Explicit
08-05 03:42:45.353  7568  7889 I art     : Explicit concurrent mark sweep GC freed 3(96B) AllocSpace objects, 0(0B) LOS objects, 38% free, 25MB/41MB, paused 297us total 31.271ms
08-05 03:42:45.367  7568  7889 I art     : Starting a blocking GC Explicit
08-05 03:42:45.401  7568  7889 I art     : Explicit concurrent mark sweep GC freed 27(1120B) AllocSpace objects, 0(0B) LOS objects, 38% free, 25MB/41MB, paused 371us total 34.501ms
08-05 03:42:45.682  7568  7889 I art     : Starting a blocking GC Explicit
08-05 03:42:45.718  7568  7889 I art     : Explicit concurrent mark sweep GC freed 1343(82KB) AllocSpace objects, 1(20KB) LOS objects, 38% free, 25MB/41MB, paused 332us total 35.435ms
08-05 03:42:45.732  7568  7889 I art     : Starting a blocking GC Explicit
08-05 03:42:45.766  7568  7889 I art     : Explicit concurrent mark sweep GC freed 20(704B) AllocSpace objects, 0(0B) LOS objects, 38% free, 25MB/41MB, paused 297us total 34.080ms
08-05 03:42:45.780  7568  7889 I art     : Starting a blocking GC Explicit
08-05 03:42:45.787  7568  9424 D OK      : calling: https://oauth.reddit.com/r/announcements/hot/.json
08-05 03:42:45.813  7568  7889 I art     : Explicit concurrent mark sweep GC freed 95(3KB) AllocSpace objects, 0(0B) LOS objects, 38% free, 25MB/41MB, paused 348us total 33.385ms
08-05 03:42:45.827  7568  7889 I art     : Starting a blocking GC Explicit
08-05 03:42:45.860  7568  7889 I art     : Explicit concurrent mark sweep GC freed 9(352B) AllocSpace objects, 0(0B) LOS objects, 38% free, 25MB/41MB, paused 346us total 33.138ms
08-05 03:42:45.874  7568  7889 I art     : Starting a blocking GC Explicit
08-05 03:42:45.908  7568  7889 I art     : Explicit concurrent mark sweep GC freed 3(96B) AllocSpace objects, 0(0B) LOS objects, 38% free, 25MB/41MB, paused 316us total 33.234ms
08-05 03:42:46.045  7568  9424 I NAPPA_EXPERIMENTATION: MetricNetworkRequestExecutionTime: REQUEST_DURATION_SYSTEM='258',REQUEST_DURATION_OKHTTP='254',REQUEST_SYNCHRONOUS='TRUE',RESPONSE_CODE='200',RESPONSE_METHOD='GET',RESPONSE_LENGTH_OKHTTP='-1',RESPONSE_LENGTH_HEADER='142016',REQUEST_PROTOCOL='h2',REQUEST_URL='https://oauth.reddit.com/r/announcements/hot/.json',
08-05 03:42:46.046  7568  9424 D OK      : request got status: 200
08-05 03:42:46.086  7568  8164 I PostListingFragment: Precaching images: OFF
08-05 03:42:46.086  7568  8164 I PostListingFragment: Precaching comments: OFF
08-05 03:42:46.191  7568  7589 I art     : Starting a blocking GC Explicit
08-05 03:42:46.234  7568  7589 I art     : Explicit concurrent mark sweep GC freed 4719(333KB) AllocSpace objects, 5(92KB) LOS objects, 37% free, 27MB/43MB, paused 572us total 43.505ms
08-05 03:42:46.249  7568  7589 I art     : Starting a blocking GC Explicit
08-05 03:42:46.265  7568  9435 D OK      : calling: https://b.thumbs.redditmedia.com/RROcLjDSUc0QV1UeQ1txXdyl1C_7233mmsMgtYXxQzo.jpg
08-05 03:42:46.289  7568  7589 I art     : Explicit concurrent mark sweep GC freed 2565(106KB) AllocSpace objects, 0(0B) LOS objects, 36% free, 27MB/43MB, paused 626us total 40.253ms
08-05 03:42:46.300  7568  9436 D OK      : calling: https://a.thumbs.redditmedia.com/N-frnMqRYp_XiaGds7kPbHf82a876RNKSQ1iw0LzHR0.jpg
08-05 03:42:46.304  7568  7589 I art     : Starting a blocking GC Explicit
08-05 03:42:46.317  7568  9437 D OK      : calling: https://b.thumbs.redditmedia.com/KH2o_q4MXufUdRChsfwLtl6gnEnT8MJtZn3Tyj5ZmBU.jpg
08-05 03:42:46.345  7568  7589 I art     : Explicit concurrent mark sweep GC freed 3011(145KB) AllocSpace objects, 0(0B) LOS objects, 36% free, 28MB/44MB, paused 643us total 40.933ms
08-05 03:42:46.359  7568  7589 I art     : Starting a blocking GC Explicit
08-05 03:42:46.371  7568  9438 D OK      : calling: https://b.thumbs.redditmedia.com/MGaOJeZl7UsmdtroJopYU_36HUNvQ9LUV5WFH_FJ2vI.jpg
08-05 03:42:46.403  7568  7589 I art     : Explicit concurrent mark sweep GC freed 4062(218KB) AllocSpace objects, 2(48KB) LOS objects, 35% free, 28MB/44MB, paused 806us total 43.739ms
08-05 03:42:46.417  7568  7589 I art     : Starting a blocking GC Explicit
08-05 03:42:46.430  7568  9441 D OK      : calling: https://a.thumbs.redditmedia.com/-D0hxchgus9EyzvGqvnabK_3Obl93tMfG9G58V1QwW8.jpg
08-05 03:42:46.448  7568  9444 D OK      : calling: https://b.thumbs.redditmedia.com/zCaV9kuSMZxmMvdmErGyUsYNdPrmX8LP9_Ee4QTT16g.jpg
08-05 03:42:46.458  7568  9446 D OK      : calling: https://b.thumbs.redditmedia.com/4EGkxZNzrzt-RCtd035cWyO0BipdbDVuPwi4W2v4TyM.jpg
08-05 03:42:46.468  7568  7589 I art     : Explicit concurrent mark sweep GC freed 11258(486KB) AllocSpace objects, 0(0B) LOS objects, 35% free, 29MB/45MB, paused 982us total 50.746ms
08-05 03:42:46.496  7568  9447 D OK      : calling: https://a.thumbs.redditmedia.com/aVhMBmGX07uX0KhK0rKdhMvQ4UsOJIHN4KeTaa36EF4.jpg
08-05 03:42:46.590  7568  9437 I NAPPA_EXPERIMENTATION: MetricNetworkRequestExecutionTime: REQUEST_DURATION_SYSTEM='273',REQUEST_DURATION_OKHTTP='166',REQUEST_SYNCHRONOUS='TRUE',RESPONSE_CODE='200',RESPONSE_METHOD='GET',RESPONSE_LENGTH_OKHTTP='2613',RESPONSE_LENGTH_HEADER='2613',REQUEST_PROTOCOL='h2',REQUEST_URL='https://b.thumbs.redditmedia.com/KH2o_q4MXufUdRChsfwLtl6gnEnT8MJtZn3Tyj5ZmBU.jpg',
08-05 03:42:46.590  7568  9437 D OK      : request got status: 200
08-05 03:42:46.610  7568  7568 W RecyclerView: Cannot call this method in a scroll callback. Scroll callbacks mightbe run during a measure & layout pass where you cannot change theRecyclerView data. Any method call that might change the structureof the RecyclerView or the adapter contents should be postponed tothe next frame.
08-05 03:42:46.610  7568  7568 W RecyclerView: java.lang.IllegalStateException:  androidx.recyclerview.widget.RecyclerView{3b56550 VFED..... .F....ID 0,0-1440,2140 #7f0900ef app:id/scrollbar_recyclerview_recyclerview}, adapter:baseline.org.quantumbadger.redreader.adapters.GroupedRecyclerViewAdapter@4fab349, layout:androidx.recyclerview.widget.LinearLayoutManager@4d4c44e, context:baseline.org.quantumbadger.redreader.activities.PostListingActivity@1852cb3
08-05 03:42:46.610  7568  7568 W RecyclerView: 	at androidx.recyclerview.widget.RecyclerView.assertNotInLayoutOrScroll(RecyclerView.java:3061)
08-05 03:42:46.610  7568  7568 W RecyclerView: 	at androidx.recyclerview.widget.RecyclerView$RecyclerViewDataObserver.onItemRangeInserted(RecyclerView.java:5555)
08-05 03:42:46.610  7568  7568 W RecyclerView: 	at androidx.recyclerview.widget.RecyclerView$AdapterDataObservable.notifyItemRangeInserted(RecyclerView.java:12278)
08-05 03:42:46.610  7568  7568 W RecyclerView: 	at androidx.recyclerview.widget.RecyclerView$Adapter.notifyItemInserted(RecyclerView.java:7464)
08-05 03:42:46.610  7568  7568 W RecyclerView: 	at baseline.org.quantumbadger.redreader.adapters.GroupedRecyclerViewAdapter.updateHiddenStatus(GroupedRecyclerViewAdapter.java:279)
08-05 03:42:46.610  7568  7568 W RecyclerView: 	at baseline.org.quantumbadger.redreader.adapters.RedditListingManager.setLoadingVisible(RedditListingManager.java:125)
08-05 03:42:46.610  7568  7568 W RecyclerView: 	at baseline.org.quantumbadger.redreader.fragments.PostListingFragment.onLoadMoreItemsCheck(PostListingFragment.java:465)
08-05 03:42:46.610  7568  7568 W RecyclerView: 	at baseline.org.quantumbadger.redreader.fragments.PostListingFragment.access$000(PostListingFragment.java:98)
08-05 03:42:46.610  7568  7568 W RecyclerView: 	at baseline.org.quantumbadger.redreader.fragments.PostListingFragment$2.onScrolled(PostListingFragment.java:215)
08-05 03:42:46.610  7568  7568 W RecyclerView: 	at androidx.recyclerview.widget.RecyclerView.dispatchOnScrolled(RecyclerView.java:5173)
08-05 03:42:46.610  7568  7568 W RecyclerView: 	at androidx.recyclerview.widget.RecyclerView.dispatchLayoutStep3(RecyclerView.java:4231)
08-05 03:42:46.610  7568  7568 W RecyclerView: 	at androidx.recyclerview.widget.RecyclerView.dispatchLayout(RecyclerView.java:3862)
08-05 03:42:46.610  7568  7568 W RecyclerView: 	at androidx.recyclerview.widget.RecyclerView.consumePendingUpdateOperations(RecyclerView.java:1897)
08-05 03:42:46.610  7568  7568 W RecyclerView: 	at androidx.recyclerview.widget.RecyclerView$1.run(RecyclerView.java:414)
08-05 03:42:46.610  7568  7568 W RecyclerView: 	at android.view.Choreographer$CallbackRecord.run(Choreographer.java:858)
08-05 03:42:46.610  7568  7568 W RecyclerView: 	at android.view.Choreographer.doCallbacks(Choreographer.java:670)
08-05 03:42:46.610  7568  7568 W RecyclerView: 	at android.view.Choreographer.doFrame(Choreographer.java:603)
08-05 03:42:46.610  7568  7568 W RecyclerView: 	at android.view.Choreographer$FrameDisplayEventReceiver.run(Choreographer.java:844)
08-05 03:42:46.610  7568  7568 W RecyclerView: 	at android.os.Handler.handleCallback(Handler.java:739)
08-05 03:42:46.610  7568  7568 W RecyclerView: 	at android.os.Handler.dispatchMessage(Handler.java:95)
08-05 03:42:46.610  7568  7568 W RecyclerView: 	at android.os.Looper.loop(Looper.java:148)
08-05 03:42:46.610  7568  7568 W RecyclerView: 	at android.app.ActivityThread.main(ActivityThread.java:5417)
08-05 03:42:46.610  7568  7568 W RecyclerView: 	at java.lang.reflect.Method.invoke(Native Method)
08-05 03:42:46.610  7568  7568 W RecyclerView: 	at com.android.internal.os.ZygoteInit$MethodAndArgsCaller.run(ZygoteInit.java:726)
08-05 03:42:46.610  7568  7568 W RecyclerView: 	at com.android.internal.os.ZygoteInit.main(ZygoteInit.java:616)
08-05 03:42:46.643  7568  9444 I NAPPA_EXPERIMENTATION: MetricNetworkRequestExecutionTime: REQUEST_DURATION_SYSTEM='195',REQUEST_DURATION_OKHTTP='194',REQUEST_SYNCHRONOUS='TRUE',RESPONSE_CODE='200',RESPONSE_METHOD='GET',RESPONSE_LENGTH_OKHTTP='6132',RESPONSE_LENGTH_HEADER='6132',REQUEST_PROTOCOL='h2',REQUEST_URL='https://b.thumbs.redditmedia.com/zCaV9kuSMZxmMvdmErGyUsYNdPrmX8LP9_Ee4QTT16g.jpg',
08-05 03:42:46.643  7568  9444 D OK      : request got status: 200
08-05 03:42:46.693  7568  9436 I NAPPA_EXPERIMENTATION: MetricNetworkRequestExecutionTime: REQUEST_DURATION_SYSTEM='393',REQUEST_DURATION_OKHTTP='255',REQUEST_SYNCHRONOUS='TRUE',RESPONSE_CODE='200',RESPONSE_METHOD='GET',RESPONSE_LENGTH_OKHTTP='3750',RESPONSE_LENGTH_HEADER='3750',REQUEST_PROTOCOL='h2',REQUEST_URL='https://a.thumbs.redditmedia.com/N-frnMqRYp_XiaGds7kPbHf82a876RNKSQ1iw0LzHR0.jpg',
08-05 03:42:46.693  7568  9436 D OK      : request got status: 200
08-05 03:42:46.696  7568  9435 I NAPPA_EXPERIMENTATION: MetricNetworkRequestExecutionTime: REQUEST_DURATION_SYSTEM='431',REQUEST_DURATION_OKHTTP='273',REQUEST_SYNCHRONOUS='TRUE',RESPONSE_CODE='200',RESPONSE_METHOD='GET',RESPONSE_LENGTH_OKHTTP='2558',RESPONSE_LENGTH_HEADER='2558',REQUEST_PROTOCOL='h2',REQUEST_URL='https://b.thumbs.redditmedia.com/RROcLjDSUc0QV1UeQ1txXdyl1C_7233mmsMgtYXxQzo.jpg',
08-05 03:42:46.696  7568  9435 D OK      : request got status: 200
08-05 03:42:46.700  7568  9447 I NAPPA_EXPERIMENTATION: MetricNetworkRequestExecutionTime: REQUEST_DURATION_SYSTEM='204',REQUEST_DURATION_OKHTTP='204',REQUEST_SYNCHRONOUS='TRUE',RESPONSE_CODE='200',RESPONSE_METHOD='GET',RESPONSE_LENGTH_OKHTTP='6940',RESPONSE_LENGTH_HEADER='6940',REQUEST_PROTOCOL='h2',REQUEST_URL='https://a.thumbs.redditmedia.com/aVhMBmGX07uX0KhK0rKdhMvQ4UsOJIHN4KeTaa36EF4.jpg',
08-05 03:42:46.700  7568  9447 D OK      : request got status: 200
08-05 03:42:46.717  7568  9446 I NAPPA_EXPERIMENTATION: MetricNetworkRequestExecutionTime: REQUEST_DURATION_SYSTEM='259',REQUEST_DURATION_OKHTTP='257',REQUEST_SYNCHRONOUS='TRUE',RESPONSE_CODE='200',RESPONSE_METHOD='GET',RESPONSE_LENGTH_OKHTTP='4987',RESPONSE_LENGTH_HEADER='4987',REQUEST_PROTOCOL='h2',REQUEST_URL='https://b.thumbs.redditmedia.com/4EGkxZNzrzt-RCtd035cWyO0BipdbDVuPwi4W2v4TyM.jpg',
08-05 03:42:46.717  7568  9446 D OK      : request got status: 200
08-05 03:42:46.723  7568  7589 I art     : Starting a blocking GC Explicit
08-05 03:42:46.737  7568  9438 I NAPPA_EXPERIMENTATION: MetricNetworkRequestExecutionTime: REQUEST_DURATION_SYSTEM='365',REQUEST_DURATION_OKHTTP='235',REQUEST_SYNCHRONOUS='TRUE',RESPONSE_CODE='200',RESPONSE_METHOD='GET',RESPONSE_LENGTH_OKHTTP='4804',RESPONSE_LENGTH_HEADER='4804',REQUEST_PROTOCOL='h2',REQUEST_URL='https://b.thumbs.redditmedia.com/MGaOJeZl7UsmdtroJopYU_36HUNvQ9LUV5WFH_FJ2vI.jpg',
08-05 03:42:46.737  7568  9438 D OK      : request got status: 200
08-05 03:42:46.765  7568  7589 I art     : Explicit concurrent mark sweep GC freed 72023(3MB) AllocSpace objects, 35(1648KB) LOS objects, 36% free, 27MB/43MB, paused 815us total 41.840ms
08-05 03:42:46.778  7568  7589 I art     : Starting a blocking GC Explicit
08-05 03:42:46.812  7568  7589 I art     : Explicit concurrent mark sweep GC freed 1803(172KB) AllocSpace objects, 12(748KB) LOS objects, 36% free, 27MB/43MB, paused 499us total 33.553ms
08-05 03:42:46.822  7568  9441 I NAPPA_EXPERIMENTATION: MetricNetworkRequestExecutionTime: REQUEST_DURATION_SYSTEM='392',REQUEST_DURATION_OKHTTP='167',REQUEST_SYNCHRONOUS='TRUE',RESPONSE_CODE='200',RESPONSE_METHOD='GET',RESPONSE_LENGTH_OKHTTP='4818',RESPONSE_LENGTH_HEADER='4818',REQUEST_PROTOCOL='h2',REQUEST_URL='https://a.thumbs.redditmedia.com/-D0hxchgus9EyzvGqvnabK_3Obl93tMfG9G58V1QwW8.jpg',
08-05 03:42:46.822  7568  9441 D OK      : request got status: 200
08-05 03:42:46.826  7568  7589 I art     : Starting a blocking GC Explicit
08-05 03:42:46.860  7568  7589 I art     : Explicit concurrent mark sweep GC freed 657(50KB) AllocSpace objects, 4(224KB) LOS objects, 36% free, 27MB/43MB, paused 287us total 34.486ms
08-05 03:42:46.874  7568  7589 I art     : Starting a blocking GC Explicit
08-05 03:42:46.905  7568  7589 I art     : Explicit concurrent mark sweep GC freed 330(49KB) AllocSpace objects, 4(484KB) LOS objects, 36% free, 27MB/43MB, paused 259us total 31.453ms
08-05 03:42:46.919  7568  7589 I art     : Starting a blocking GC Explicit
08-05 03:42:46.950  7568  7589 I art     : Explicit concurrent mark sweep GC freed 277(10KB) AllocSpace objects, 0(0B) LOS objects, 36% free, 27MB/43MB, paused 278us total 30.704ms
08-05 03:42:46.989  7568  9460 D OK      : calling: https://oauth.reddit.com/r/announcements/hot/.json?after=t3_9jf8nh
08-05 03:42:47.250  7568  7889 I art     : Starting a blocking GC Explicit
08-05 03:42:47.265   518   646 I ThermalEngine: ACTION: GPU - Setting GPU[0] to 450000000
08-05 03:42:47.288  7568  9460 I NAPPA_EXPERIMENTATION: MetricNetworkRequestExecutionTime: REQUEST_DURATION_SYSTEM='298',REQUEST_DURATION_OKHTTP='144',REQUEST_SYNCHRONOUS='TRUE',RESPONSE_CODE='200',RESPONSE_METHOD='GET',RESPONSE_LENGTH_OKHTTP='-1',RESPONSE_LENGTH_HEADER='65685',REQUEST_PROTOCOL='h2',REQUEST_URL='https://oauth.reddit.com/r/announcements/hot/.json?after=t3_9jf8nh',
08-05 03:42:47.288  7568  9460 D OK      : request got status: 200
08-05 03:42:47.303  7568  7889 I art     : Explicit concurrent mark sweep GC freed 3964(204KB) AllocSpace objects, 1(20KB) LOS objects, 36% free, 27MB/43MB, paused 603us total 51.915ms
08-05 03:42:47.309  7568  8164 I PostListingFragment: Precaching images: OFF
08-05 03:42:47.310  7568  8164 I PostListingFragment: Precaching comments: OFF
08-05 03:42:47.324  7568  7889 I art     : Starting a blocking GC Explicit
08-05 03:42:47.351  7568  9473 D OK      : calling: https://a.thumbs.redditmedia.com/8P7BG-empihRDWkNYE_LZ8tekikmQtEiymWkwv7obo0.jpg
08-05 03:42:47.374  7568  7889 I art     : Explicit concurrent mark sweep GC freed 2644(221KB) AllocSpace objects, 0(0B) LOS objects, 36% free, 28MB/44MB, paused 901us total 48.779ms
08-05 03:42:47.392  7568  7889 I art     : Starting a blocking GC Explicit
08-05 03:42:47.397  7568  9474 D OK      : calling: https://b.thumbs.redditmedia.com/PCxvz6Ma5pyTglQOwhW4LZZOY0qIwyWW5pD83dYmMgc.jpg
08-05 03:42:47.442  7568  7889 I art     : Explicit concurrent mark sweep GC freed 3912(182KB) AllocSpace objects, 1(16KB) LOS objects, 35% free, 28MB/44MB, paused 1.078ms total 49.519ms
08-05 03:42:47.460  7568  7889 I art     : Starting a blocking GC Explicit
08-05 03:42:47.507  7568  9473 I NAPPA_EXPERIMENTATION: MetricNetworkRequestExecutionTime: REQUEST_DURATION_SYSTEM='156',REQUEST_DURATION_OKHTTP='154',REQUEST_SYNCHRONOUS='TRUE',RESPONSE_CODE='200',RESPONSE_METHOD='GET',RESPONSE_LENGTH_OKHTTP='3039',RESPONSE_LENGTH_HEADER='3039',REQUEST_PROTOCOL='h2',REQUEST_URL='https://a.thumbs.redditmedia.com/8P7BG-empihRDWkNYE_LZ8tekikmQtEiymWkwv7obo0.jpg',
08-05 03:42:47.507  7568  9473 D OK      : request got status: 200
08-05 03:42:47.510  7568  7889 I art     : Explicit concurrent mark sweep GC freed 3830(176KB) AllocSpace objects, 2(84KB) LOS objects, 35% free, 29MB/45MB, paused 632us total 49.774ms
08-05 03:42:47.530  7568  7889 I art     : Starting a blocking GC Explicit
08-05 03:42:47.579  7568  7889 I art     : Explicit concurrent mark sweep GC freed 5992(334KB) AllocSpace objects, 7(620KB) LOS objects, 35% free, 29MB/45MB, paused 535us total 49.411ms
08-05 03:42:47.678  7568  9474 I NAPPA_EXPERIMENTATION: MetricNetworkRequestExecutionTime: REQUEST_DURATION_SYSTEM='280',REQUEST_DURATION_OKHTTP='150',REQUEST_SYNCHRONOUS='TRUE',RESPONSE_CODE='200',RESPONSE_METHOD='GET',RESPONSE_LENGTH_OKHTTP='9233',RESPONSE_LENGTH_HEADER='9233',REQUEST_PROTOCOL='h2',REQUEST_URL='https://b.thumbs.redditmedia.com/PCxvz6Ma5pyTglQOwhW4LZZOY0qIwyWW5pD83dYmMgc.jpg',
08-05 03:42:47.678  7568  9474 D OK      : request got status: 200
08-05 03:42:47.895  7568  7579 I art     : Starting a blocking GC Explicit
08-05 03:42:47.955  7568  7579 I art     : Explicit concurrent mark sweep GC freed 24291(1220KB) AllocSpace objects, 13(452KB) LOS objects, 36% free, 28MB/44MB, paused 434us total 59.409ms
08-05 03:42:47.978  7568  7579 I art     : Starting a blocking GC Explicit
08-05 03:42:48.027  7568  7579 I art     : Explicit concurrent mark sweep GC freed 726(29KB) AllocSpace objects, 0(0B) LOS objects, 36% free, 28MB/44MB, paused 391us total 48.911ms
08-05 03:42:48.049  7568  7579 I art     : Starting a blocking GC Explicit
08-05 03:42:48.098  7568  7579 I art     : Explicit concurrent mark sweep GC freed 3(96B) AllocSpace objects, 0(0B) LOS objects, 36% free, 28MB/44MB, paused 366us total 47.830ms
08-05 03:42:48.116  7568  7579 I art     : Starting a blocking GC Explicit
08-05 03:42:48.166  7568  7579 I art     : Explicit concurrent mark sweep GC freed 3(96B) AllocSpace objects, 0(0B) LOS objects, 36% free, 28MB/44MB, paused 389us total 49.085ms
08-05 03:42:48.185  7568  7579 I art     : Starting a blocking GC Explicit
08-05 03:42:48.234  7568  7579 I art     : Explicit concurrent mark sweep GC freed 3(96B) AllocSpace objects, 0(0B) LOS objects, 36% free, 28MB/44MB, paused 387us total 48.771ms
08-05 03:42:48.575  7568  7581 I art     : Starting a blocking GC Explicit
08-05 03:42:48.638  7568  7581 I art     : Explicit concurrent mark sweep GC freed 1344(82KB) AllocSpace objects, 1(20KB) LOS objects, 36% free, 28MB/44MB, paused 443us total 62.837ms
08-05 03:42:48.659  7568  7581 I art     : Starting a blocking GC Explicit
08-05 03:42:48.708  7568  7581 I art     : Explicit concurrent mark sweep GC freed 20(704B) AllocSpace objects, 0(0B) LOS objects, 36% free, 28MB/44MB, paused 379us total 48.698ms
08-05 03:42:48.726  7568  7581 I art     : Starting a blocking GC Explicit
08-05 03:42:48.777  7568  7581 I art     : Explicit concurrent mark sweep GC freed 3(96B) AllocSpace objects, 0(0B) LOS objects, 36% free, 28MB/44MB, paused 469us total 50.594ms
08-05 03:42:48.796  7568  7581 I art     : Starting a blocking GC Explicit
08-05 03:42:48.847  7568  7581 I art     : Explicit concurrent mark sweep GC freed 3(96B) AllocSpace objects, 0(0B) LOS objects, 36% free, 28MB/44MB, paused 424us total 50.529ms
08-05 03:42:48.869  7568  7581 I art     : Starting a blocking GC Explicit
08-05 03:42:48.918  7568  7581 I art     : Explicit concurrent mark sweep GC freed 3(96B) AllocSpace objects, 0(0B) LOS objects, 36% free, 28MB/44MB, paused 376us total 48.668ms
08-05 03:42:49.253  7568  7589 I art     : Starting a blocking GC Explicit
08-05 03:42:49.269   518   646 I ThermalEngine: ACTION: GPU - Setting GPU[0] to 510000000
08-05 03:42:49.312  7568  7589 I art     : Explicit concurrent mark sweep GC freed 1344(82KB) AllocSpace objects, 1(20KB) LOS objects, 36% free, 28MB/44MB, paused 322us total 58.084ms
08-05 03:42:49.327  7568  7589 I art     : Starting a blocking GC Explicit
08-05 03:42:49.363  7568  7589 I art     : Explicit concurrent mark sweep GC freed 20(704B) AllocSpace objects, 0(0B) LOS objects, 36% free, 28MB/44MB, paused 277us total 35.890ms
08-05 03:42:49.377  7568  7589 I art     : Starting a blocking GC Explicit
08-05 03:42:49.414  7568  7589 I art     : Explicit concurrent mark sweep GC freed 3(96B) AllocSpace objects, 0(0B) LOS objects, 36% free, 28MB/44MB, paused 250us total 36.758ms
08-05 03:42:49.428  7568  7589 I art     : Starting a blocking GC Explicit
08-05 03:42:49.465  7568  7589 I art     : Explicit concurrent mark sweep GC freed 3(96B) AllocSpace objects, 0(0B) LOS objects, 36% free, 28MB/44MB, paused 285us total 35.813ms
08-05 03:42:49.479  7568  7589 I art     : Starting a blocking GC Explicit
08-05 03:42:49.516  7568  7589 I art     : Explicit concurrent mark sweep GC freed 3(96B) AllocSpace objects, 0(0B) LOS objects, 36% free, 28MB/44MB, paused 275us total 37.110ms
08-05 03:42:49.832  7568  7889 I art     : Starting a blocking GC Explicit
08-05 03:42:49.869  7568  7889 I art     : Explicit concurrent mark sweep GC freed 1349(82KB) AllocSpace objects, 1(20KB) LOS objects, 36% free, 28MB/44MB, paused 308us total 36.743ms
08-05 03:42:49.884  7568  7889 I art     : Starting a blocking GC Explicit
08-05 03:42:49.918  7568  7889 I art     : Explicit concurrent mark sweep GC freed 20(704B) AllocSpace objects, 0(0B) LOS objects, 36% free, 28MB/44MB, paused 276us total 34.298ms
08-05 03:42:49.932  7568  7889 I art     : Starting a blocking GC Explicit
08-05 03:42:49.967  7568  7889 I art     : Explicit concurrent mark sweep GC freed 3(96B) AllocSpace objects, 0(0B) LOS objects, 36% free, 28MB/44MB, paused 312us total 34.777ms
08-05 03:42:49.981  7568  7889 I art     : Starting a blocking GC Explicit
08-05 03:42:50.017  7568  7889 I art     : Explicit concurrent mark sweep GC freed 3(96B) AllocSpace objects, 0(0B) LOS objects, 36% free, 28MB/44MB, paused 280us total 35.337ms
08-05 03:42:50.031  7568  7889 I art     : Starting a blocking GC Explicit
08-05 03:42:50.066  7568  7889 I art     : Explicit concurrent mark sweep GC freed 3(96B) AllocSpace objects, 0(0B) LOS objects, 36% free, 28MB/44MB, paused 284us total 34.820ms
08-05 03:42:50.184  9515  9515 D AndroidRuntime: >>>>>> START com.android.internal.os.RuntimeInit uid 2000 <<<<<<
08-05 03:42:50.192  9515  9515 D AndroidRuntime: CheckJNI is OFF
08-05 03:42:50.231  9515  9515 D ICU     : No timezone override file found: /data/misc/zoneinfo/current/icu/icu_tzdata.dat
08-05 03:42:50.266  9515  9515 I Radio-JNI: register_android_hardware_Radio DONE
08-05 03:42:50.287  9515  9515 D AndroidRuntime: Calling main entry com.android.commands.input.Input
08-05 03:42:50.289  9515  9515 I Input   : injectMotionEvent: MotionEvent { action=ACTION_DOWN, actionButton=0, id[0]=0, x[0]=600.0, y[0]=580.0, toolType[0]=TOOL_TYPE_UNKNOWN, buttonState=0, metaState=0, flags=0x0, edgeFlags=0x0, pointerCount=1, historySize=0, eventTime=762186702, downTime=762186702, deviceId=0, source=0x1002 }
08-05 03:42:50.298  9515  9515 I Input   : injectMotionEvent: MotionEvent { action=ACTION_UP, actionButton=0, id[0]=0, x[0]=600.0, y[0]=580.0, toolType[0]=TOOL_TYPE_UNKNOWN, buttonState=0, metaState=0, flags=0x0, edgeFlags=0x0, pointerCount=1, historySize=0, eventTime=762186702, downTime=762186702, deviceId=0, source=0x1002 }
08-05 03:42:50.300  9515  9515 D AndroidRuntime: Shutting down VM
08-05 03:42:50.313   512  2967 D audio_hw_primary: out_set_parameters: enter: usecase(1: low-latency-playback) kvpairs: routing=2
08-05 03:42:50.314   918  6110 I ActivityManager: START u0 {cmp=baseline.org.quantumbadger.redreader/.activities.WebViewActivity (has extras)} from uid 10689 on display 0
08-05 03:42:50.326   512  2967 D audio_hw_primary: select_devices: out_snd_device(2: speaker) in_snd_device(0: none)
08-05 03:42:50.326   512  2967 D msm8974_platform: platform_send_audio_calibration: sending audio calibration for snd_device(2) acdb_id(15)
08-05 03:42:50.326   512  2967 I soundtrigger: audio_extn_sound_trigger_update_device_status: device 0x2 of type 0 for Event 1
08-05 03:42:50.332  7568  7568 I AppCompatViewInflater: app:theme is now deprecated. Please move to using android:theme instead.
08-05 03:42:50.336   512  2967 D audio_hw_primary: enable_snd_device: snd_device(2: speaker)
08-05 03:42:50.338   512  2967 D audio_hw_primary: enable_audio_route: apply and update mixer path: low-latency-playback speaker
08-05 03:42:50.348  7568  7568 I WebViewFactory: Loading com.google.android.webview version 84.0.4147.89 (code 414708953)
08-05 03:42:50.370  7568  7589 I art     : Starting a blocking GC Explicit
08-05 03:42:50.407  7568  7589 I art     : Explicit concurrent mark sweep GC freed 5230(437KB) AllocSpace objects, 1(20KB) LOS objects, 35% free, 29MB/45MB, paused 559us total 37.348ms
08-05 03:42:50.419  7568  7568 I cr_LibraryLoader: Loaded native library version number "84.0.4147.89"
08-05 03:42:50.419  7568  7568 I cr_CachingUmaRecorder: Flushed 5 samples from 5 histograms.
08-05 03:42:50.421  7568  7589 I art     : Starting a blocking GC Explicit
08-05 03:42:50.455  7568  7568 E chromium: [ERROR:filesystem_posix.cc(62)] mkdir /data/user/0/baseline.org.quantumbadger.redreader/cache/WebView/Crashpad: No such file or directory (2)
08-05 03:42:50.455  7568  7589 I art     : Explicit concurrent mark sweep GC freed 7049(634KB) AllocSpace objects, 5(116KB) LOS objects, 35% free, 28MB/44MB, paused 936us total 34.306ms
08-05 03:42:50.470  7568  7589 I art     : Starting a blocking GC Explicit
08-05 03:42:50.507  7568  7589 I art     : Explicit concurrent mark sweep GC freed 1055(95KB) AllocSpace objects, 0(0B) LOS objects, 35% free, 28MB/44MB, paused 937us total 36.995ms
08-05 03:42:50.525   918  6112 D ConnectivityService: listenForNetwork for Listen from uid/pid:10689/7568 for NetworkRequest [ id=3148, legacyType=-1, [ Capabilities: INTERNET&NOT_RESTRICTED&TRUSTED] ]
08-05 03:42:50.530  7568  7589 I art     : Starting a blocking GC Explicit
08-05 03:42:50.571  7568  7589 I art     : Explicit concurrent mark sweep GC freed 2695(181KB) AllocSpace objects, 0(0B) LOS objects, 35% free, 29MB/45MB, paused 3.115ms total 39.777ms
08-05 03:42:50.572  7568  9554 W cr_media: Requires BLUETOOTH permission
08-05 03:42:50.578  7568  9567 E libEGL  : validate_display:255 error 3008 (EGL_BAD_DISPLAY)
08-05 03:42:50.590  7568  7589 I art     : Starting a blocking GC Explicit
08-05 03:42:50.629  7568  7589 I art     : Explicit concurrent mark sweep GC freed 1524(95KB) AllocSpace objects, 0(0B) LOS objects, 35% free, 29MB/45MB, paused 673us total 38.668ms
08-05 03:42:50.697 13866 13866 I GoogleInputMethodServic: GoogleInputMethodService.onFinishInput():3138 
08-05 03:42:50.698   918   936 I ActivityManager: Displayed baseline.org.quantumbadger.redreader/.activities.WebViewActivity: +376ms
08-05 03:42:50.698 13866 13866 I GoogleInputMethodServic: GoogleInputMethodService.onStartInput():1808 
08-05 03:42:50.870   512  2967 D audio_hw_primary: disable_audio_route: reset and update mixer path: low-latency-playback speaker
08-05 03:42:50.871   512  2967 D audio_hw_primary: disable_snd_device: snd_device(2: speaker)
08-05 03:42:50.883   512  2967 I soundtrigger: audio_extn_sound_trigger_update_device_status: device 0x2 of type 0 for Event 0
08-05 03:42:50.919  7568  7589 I art     : Starting a blocking GC Explicit
08-05 03:42:50.927   380   380 W SurfaceFlinger: couldn't log to binary event log: overflow.
08-05 03:42:50.966  7568  7589 I art     : Explicit concurrent mark sweep GC freed 5021(277KB) AllocSpace objects, 4(220KB) LOS objects, 35% free, 29MB/45MB, paused 502us total 46.462ms
08-05 03:42:50.980  7568  7589 I art     : Starting a blocking GC Explicit
08-05 03:42:51.013  7568  7589 I art     : Explicit concurrent mark sweep GC freed 1021(120KB) AllocSpace objects, 0(0B) LOS objects, 35% free, 29MB/45MB, paused 387us total 33.003ms
08-05 03:42:51.027  7568  7589 I art     : Starting a blocking GC Explicit
08-05 03:42:51.060  7568  7589 I art     : Explicit concurrent mark sweep GC freed 367(33KB) AllocSpace objects, 0(0B) LOS objects, 35% free, 29MB/45MB, paused 515us total 32.247ms
08-05 03:42:51.075  7568  7589 I art     : Starting a blocking GC Explicit
08-05 03:42:51.107  7568  7589 I art     : Explicit concurrent mark sweep GC freed 726(46KB) AllocSpace objects, 0(0B) LOS objects, 35% free, 29MB/45MB, paused 522us total 32.535ms
08-05 03:42:51.124  7568  7589 I art     : Starting a blocking GC Explicit
08-05 03:42:51.157  7568  7589 I art     : Explicit concurrent mark sweep GC freed 126(6KB) AllocSpace objects, 0(0B) LOS objects, 35% free, 29MB/45MB, paused 525us total 33.083ms
08-05 03:42:51.296   918  6110 I AccountManagerService: getTypesVisibleToCaller: isPermitted? true
08-05 03:42:51.428  7568  7889 I art     : Starting a blocking GC Explicit
08-05 03:42:51.466  7568  7889 I art     : Explicit concurrent mark sweep GC freed 7205(330KB) AllocSpace objects, 1(20KB) LOS objects, 35% free, 29MB/45MB, paused 428us total 38.068ms
08-05 03:42:51.479  7568  7889 I art     : Starting a blocking GC Explicit
08-05 03:42:51.513  7568  7889 I art     : Explicit concurrent mark sweep GC freed 158(5KB) AllocSpace objects, 0(0B) LOS objects, 35% free, 29MB/45MB, paused 428us total 33.321ms
08-05 03:42:51.526  7568  7889 I art     : Starting a blocking GC Explicit
08-05 03:42:51.547  5221  5221 I ServiceManager: Waiting for service AtCmdFwd...
08-05 03:42:51.560  7568  7889 I art     : Explicit concurrent mark sweep GC freed 3(96B) AllocSpace objects, 0(0B) LOS objects, 35% free, 29MB/45MB, paused 458us total 33.523ms
08-05 03:42:51.573  7568  7889 I art     : Starting a blocking GC Explicit
08-05 03:42:51.607  7568  7889 I art     : Explicit concurrent mark sweep GC freed 1951(79KB) AllocSpace objects, 0(0B) LOS objects, 35% free, 29MB/45MB, paused 516us total 33.732ms
08-05 03:42:51.620  7568  7889 I art     : Starting a blocking GC Explicit
08-05 03:42:51.652  7568  7889 I art     : Explicit concurrent mark sweep GC freed 64(3KB) AllocSpace objects, 0(0B) LOS objects, 35% free, 29MB/45MB, paused 421us total 31.805ms
08-05 03:42:51.865  7568  7568 I Choreographer: Skipped 40 frames!  The application may be doing too much work on its main thread.
08-05 03:42:51.934  7568  7589 I art     : Starting a blocking GC Explicit
08-05 03:42:51.984  7568  7589 I art     : Explicit concurrent mark sweep GC freed 1379(83KB) AllocSpace objects, 1(20KB) LOS objects, 35% free, 29MB/45MB, paused 557us total 49.840ms
08-05 03:42:52.009  7568  7589 I art     : Starting a blocking GC Explicit
08-05 03:42:52.057  7568  7589 I art     : Explicit concurrent mark sweep GC freed 240(11KB) AllocSpace objects, 0(0B) LOS objects, 35% free, 29MB/45MB, paused 670us total 46.973ms
08-05 03:42:52.075  7568  7589 I art     : Starting a blocking GC Explicit
08-05 03:42:52.120  7568  7589 I art     : Explicit concurrent mark sweep GC freed 10(320B) AllocSpace objects, 0(0B) LOS objects, 35% free, 29MB/45MB, paused 709us total 44.692ms
08-05 03:42:52.136  7568  7589 I art     : Starting a blocking GC Explicit
08-05 03:42:52.175  7568  7589 I art     : Explicit concurrent mark sweep GC freed 12(368B) AllocSpace objects, 0(0B) LOS objects, 35% free, 29MB/45MB, paused 402us total 38.258ms
08-05 03:42:52.192  7568  7589 I art     : Starting a blocking GC Explicit
08-05 03:42:52.227  7568  7589 I art     : Explicit concurrent mark sweep GC freed 9(288B) AllocSpace objects, 0(0B) LOS objects, 35% free, 29MB/45MB, paused 391us total 35.076ms
08-05 03:42:52.277   518   646 I ThermalEngine: ACTION: GPU - Setting GPU[0] to 450000000
08-05 03:42:52.548  5221  5221 I ServiceManager: Waiting for service AtCmdFwd...
08-05 03:42:52.565 24577 24587 I art     : Background partial concurrent mark sweep GC freed 252079(6MB) AllocSpace objects, 2(216KB) LOS objects, 25% free, 45MB/61MB, paused 2.044ms total 111.691ms
08-05 03:42:52.603  7568  7581 I art     : Starting a blocking GC Explicit
08-05 03:42:52.645  7568  7581 I art     : Explicit concurrent mark sweep GC freed 1424(84KB) AllocSpace objects, 1(20KB) LOS objects, 35% free, 29MB/45MB, paused 489us total 41.323ms
08-05 03:42:52.665  7568  7581 I art     : Starting a blocking GC Explicit
08-05 03:42:52.705  7568  7581 I art     : Explicit concurrent mark sweep GC freed 47(2112B) AllocSpace objects, 0(0B) LOS objects, 35% free, 29MB/45MB, paused 462us total 39.680ms
08-05 03:42:52.722  7568  7581 I art     : Starting a blocking GC Explicit
08-05 03:42:52.770  7568  7581 I art     : Explicit concurrent mark sweep GC freed 138(29KB) AllocSpace objects, 0(0B) LOS objects, 35% free, 29MB/45MB, paused 617us total 48.070ms
08-05 03:42:52.791  7568  7581 I art     : Starting a blocking GC Explicit
08-05 03:42:52.836  7568  7581 I art     : Explicit concurrent mark sweep GC freed 68(2304B) AllocSpace objects, 0(0B) LOS objects, 35% free, 29MB/45MB, paused 775us total 44.647ms
08-05 03:42:52.857  7568  7581 I art     : Starting a blocking GC Explicit
08-05 03:42:52.898  7568  7581 I art     : Explicit concurrent mark sweep GC freed 3(96B) AllocSpace objects, 0(0B) LOS objects, 35% free, 29MB/45MB, paused 479us total 40.889ms
08-05 03:42:53.213  7568  7568 I chromium: [INFO:CONSOLE(1)] "
08-05 03:42:53.213  7568  7568 I chromium:                   ,d"=,.,qOp,
08-05 03:42:53.213  7568  7568 I chromium:                  ,7'  ''$(  )
08-05 03:42:53.213  7568  7568 I chromium:                 ,7'      '?q$7'
08-05 03:42:53.213  7568  7568 I chromium:              ..,$$,.
08-05 03:42:53.213  7568  7568 I chromium:    ,.  .,,--***""***--,,.  .,
08-05 03:42:53.213  7568  7568 I chromium:     ,p''              ''q,   
08-05 03:42:53.213  7568  7568 I chromium: :  ,7'                      '7,  :
08-05 03:42:53.213  7568  7568 I chromium:  ' $      ,db,      ,db,      $ '
08-05 03:42:53.213  7568  7568 I chromium:   '$      $$      $$      $'    Using Reddit at work? Work for Reddit.
08-05 03:42:53.213  7568  7568 I chromium:   '$                          $'        https://www.reddit.com/jobs
08-05 03:42:53.213  7568  7568 I chromium:    '$.     .,        ,.     .$'
08-05 03:42:53.213  7568  7568 I chromium:     'b,     ''     ,d'
08-05 03:42:53.213  7568  7568 I chromium:      '?bn,,          ,,nd?'
08-05 03:42:53.213  7568  7568 I chromium:        ,7$ '''' $7,
08-05 03:42:53.213  7568  7568 I chromium:      , $              $ ,
08-05 03:42:53.213  7568  7568 I chromium:      $  :$              $:  $
08-05 03:42:53.213  7568  7568 I chromium:      $   $              $   $
08-05 03:42:53.213  7568  7568 I chromium:      'b  q:            :p  d'
08-05 03:42:53.213  7568  7568 I chromium:       '?$.          .$?'
08-05 03:42:53.213  7568  7568 I chromium:          'b            d'
08-05 03:42:53.213  7568  7568 I chromium:        ,'?,.      .,?',
08-05 03:42:53.213  7568  7568 I chromium:       ==--==--==--==
08-05 03:42:53.213  7568  7568 I chromium: ", source: https://www.redditstatic.com/desktop2x/Chat~Governance~Reddit.2ea93b134a9b2e5b1d9a.js (1)
08-05 03:42:53.280  7568  7579 I art     : Starting a blocking GC Explicit
08-05 03:42:53.349  7568  7579 I art     : Explicit concurrent mark sweep GC freed 1364(85KB) AllocSpace objects, 1(20KB) LOS objects, 35% free, 29MB/45MB, paused 807us total 68.841ms
08-05 03:42:53.368  7568  7579 I art     : Starting a blocking GC Explicit
08-05 03:42:53.412  7568  7579 I art     : Explicit concurrent mark sweep GC freed 20(704B) AllocSpace objects, 0(0B) LOS objects, 35% free, 29MB/45MB, paused 505us total 44.104ms
08-05 03:42:53.430  7568  7579 I art     : Starting a blocking GC Explicit
08-05 03:42:53.476  7568  7579 I art     : Explicit concurrent mark sweep GC freed 3(96B) AllocSpace objects, 0(0B) LOS objects, 35% free, 29MB/45MB, paused 525us total 45.168ms
08-05 03:42:53.494  7568  7579 I art     : Starting a blocking GC Explicit
08-05 03:42:53.541  7568  7579 I art     : Explicit concurrent mark sweep GC freed 3(96B) AllocSpace objects, 0(0B) LOS objects, 35% free, 29MB/45MB, paused 503us total 46.487ms
08-05 03:42:53.549  5221  5221 I ServiceManager: Waiting for service AtCmdFwd...
08-05 03:42:53.560  7568  7579 I art     : Starting a blocking GC Explicit
08-05 03:42:53.605  7568  7579 I art     : Explicit concurrent mark sweep GC freed 3(96B) AllocSpace objects, 0(0B) LOS objects, 35% free, 29MB/45MB, paused 537us total 45.638ms
08-05 03:42:53.990  7568  7889 I art     : Starting a blocking GC Explicit
08-05 03:42:54.036  7568  7889 I art     : Explicit concurrent mark sweep GC freed 1367(83KB) AllocSpace objects, 1(20KB) LOS objects, 35% free, 29MB/45MB, paused 555us total 45.441ms
08-05 03:42:54.054  7568  7889 I art     : Starting a blocking GC Explicit
08-05 03:42:54.100  7568  7889 I art     : Explicit concurrent mark sweep GC freed 22(768B) AllocSpace objects, 0(0B) LOS objects, 35% free, 29MB/45MB, paused 566us total 45.842ms
08-05 03:42:54.119  7568  7889 I art     : Starting a blocking GC Explicit
08-05 03:42:54.166  7568  7889 I art     : Explicit concurrent mark sweep GC freed 3(96B) AllocSpace objects, 0(0B) LOS objects, 35% free, 29MB/45MB, paused 573us total 46.838ms
08-05 03:42:54.184  7568  7889 I art     : Starting a blocking GC Explicit
08-05 03:42:54.232  7568  7889 I art     : Explicit concurrent mark sweep GC freed 3(96B) AllocSpace objects, 0(0B) LOS objects, 35% free, 29MB/45MB, paused 550us total 46.868ms
08-05 03:42:54.251  7568  7889 I art     : Starting a blocking GC Explicit
08-05 03:42:54.298  7568  7889 I art     : Explicit concurrent mark sweep GC freed 3(96B) AllocSpace objects, 0(0B) LOS objects, 35% free, 29MB/45MB, paused 556us total 46.546ms
08-05 03:42:54.549  5221  5221 I ServiceManager: Waiting for service AtCmdFwd...
08-05 03:42:54.646  7568  7889 I art     : Starting a blocking GC Explicit
08-05 03:42:54.689  7568  7889 I art     : Explicit concurrent mark sweep GC freed 1566(94KB) AllocSpace objects, 1(20KB) LOS objects, 35% free, 29MB/45MB, paused 550us total 41.734ms
08-05 03:42:54.706  7568  7889 I art     : Starting a blocking GC Explicit
08-05 03:42:54.756  7568  7889 I art     : Explicit concurrent mark sweep GC freed 48(4KB) AllocSpace objects, 0(0B) LOS objects, 35% free, 29MB/45MB, paused 500us total 49.972ms
08-05 03:42:54.775  7568  7889 I art     : Starting a blocking GC Explicit
08-05 03:42:54.822  7568  7889 I art     : Explicit concurrent mark sweep GC freed 3(96B) AllocSpace objects, 0(0B) LOS objects, 35% free, 29MB/45MB, paused 479us total 46.872ms
08-05 03:42:54.841  7568  7889 I art     : Starting a blocking GC Explicit
08-05 03:42:54.894  7568  7889 I art     : Explicit concurrent mark sweep GC freed 3(96B) AllocSpace objects, 0(0B) LOS objects, 35% free, 29MB/45MB, paused 471us total 52.524ms
08-05 03:42:54.895  7568  7578 I art     : WaitForGcToComplete blocked for 25.009ms for cause HeapTrim
08-05 03:42:54.913  7568  7889 I art     : Starting a blocking GC Explicit
08-05 03:42:54.966  7568  7889 I art     : Explicit concurrent mark sweep GC freed 3(96B) AllocSpace objects, 0(0B) LOS objects, 35% free, 29MB/45MB, paused 524us total 52.556ms
08-05 03:42:55.325  7568  9541 I RedditChangeDataIO: Writing tmp data file at '/data/user/0/baseline.org.quantumbadger.redreader/files/rr_change_data_tmp.dat'
08-05 03:42:55.326  7568  9541 I RedditChangeDataManager: Taking snapshot...
08-05 03:42:55.326  7568  9541 I RedditChangeDataManager: Writing to stream...
08-05 03:42:55.326  7568  9541 I RedditChangeDataManager: Wrote 4 entries for user ''
08-05 03:42:55.326  7568  9541 I RedditChangeDataManager: All entries written to stream.
08-05 03:42:55.327  7568  9541 I RedditChangeDataIO: Write successful. Atomically replacing data file...
08-05 03:42:55.327  7568  9541 I RedditChangeDataIO: Write complete.
08-05 03:42:55.327  7568  9541 I RedditChangeDataIO: 110 bytes written in 2 ms
08-05 03:42:55.343  7568  7579 I art     : Starting a blocking GC Explicit
08-05 03:42:55.397  7568  7579 I art     : Explicit concurrent mark sweep GC freed 1482(90KB) AllocSpace objects, 2(88KB) LOS objects, 35% free, 29MB/45MB, paused 458us total 53.259ms
08-05 03:42:55.416  7568  7579 I art     : Starting a blocking GC Explicit
08-05 03:42:55.463  7568  7579 I art     : Explicit concurrent mark sweep GC freed 23(800B) AllocSpace objects, 0(0B) LOS objects, 35% free, 29MB/45MB, paused 504us total 46.632ms
08-05 03:42:55.481  7568  7579 I art     : Starting a blocking GC Explicit
08-05 03:42:55.528  7568  7579 I art     : Explicit concurrent mark sweep GC freed 3(96B) AllocSpace objects, 0(0B) LOS objects, 35% free, 29MB/45MB, paused 523us total 46.423ms
08-05 03:42:55.547  7568  7579 I art     : Starting a blocking GC Explicit
08-05 03:42:55.550  5221  5221 I ServiceManager: Waiting for service AtCmdFwd...
08-05 03:42:55.597  7568  7579 I art     : Explicit concurrent mark sweep GC freed 3(96B) AllocSpace objects, 0(0B) LOS objects, 35% free, 29MB/45MB, paused 667us total 50.097ms
08-05 03:42:55.616  7568  7579 I art     : Starting a blocking GC Explicit
08-05 03:42:55.668  7568  7579 I art     : Explicit concurrent mark sweep GC freed 3(96B) AllocSpace objects, 0(0B) LOS objects, 35% free, 29MB/45MB, paused 550us total 52.101ms
08-05 03:42:56.071  7568  7889 I art     : Starting a blocking GC Explicit
08-05 03:42:56.121  7568  7889 I art     : Explicit concurrent mark sweep GC freed 1355(82KB) AllocSpace objects, 1(20KB) LOS objects, 35% free, 29MB/45MB, paused 479us total 49.990ms
08-05 03:42:56.140  7568  7889 I art     : Starting a blocking GC Explicit
08-05 03:42:56.196  7568  7889 I art     : Explicit concurrent mark sweep GC freed 22(784B) AllocSpace objects, 0(0B) LOS objects, 35% free, 29MB/45MB, paused 530us total 55.823ms
08-05 03:42:56.215  7568  7889 I art     : Starting a blocking GC Explicit
08-05 03:42:56.268  7568  7889 I art     : Explicit concurrent mark sweep GC freed 3(96B) AllocSpace objects, 0(0B) LOS objects, 35% free, 29MB/45MB, paused 503us total 52.937ms
08-05 03:42:56.287  7568  7889 I art     : Starting a blocking GC Explicit
08-05 03:42:56.336  7568  7889 I art     : Explicit concurrent mark sweep GC freed 3(96B) AllocSpace objects, 0(0B) LOS objects, 35% free, 29MB/45MB, paused 530us total 48.092ms
08-05 03:42:56.357  7568  7889 I art     : Starting a blocking GC Explicit
08-05 03:42:56.397   918  1210 D NetlinkSocketObserver: NeighborEvent{elapsedMs=1745580272, 192.168.2.254, [7C3953A63323], RTM_NEWNEIGH, NUD_REACHABLE}
08-05 03:42:56.406  7568  7889 I art     : Explicit concurrent mark sweep GC freed 3(96B) AllocSpace objects, 0(0B) LOS objects, 35% free, 29MB/45MB, paused 485us total 48.515ms
08-05 03:42:56.550  5221  5221 W Atfwd_Sendcmd: AtCmdFwd service not published, waiting... retryCnt : 4
08-05 03:42:56.797  7568  7589 I art     : Starting a blocking GC Explicit
08-05 03:42:56.842  7568  7589 I art     : Explicit concurrent mark sweep GC freed 1355(82KB) AllocSpace objects, 1(20KB) LOS objects, 35% free, 29MB/45MB, paused 487us total 44.515ms
08-05 03:42:56.865  7568  7589 I art     : Starting a blocking GC Explicit
08-05 03:42:56.913  7568  7589 I art     : Explicit concurrent mark sweep GC freed 20(704B) AllocSpace objects, 0(0B) LOS objects, 35% free, 29MB/45MB, paused 527us total 48.207ms
08-05 03:42:56.932  7568  7589 I art     : Starting a blocking GC Explicit
08-05 03:42:56.985  7568  7589 I art     : Explicit concurrent mark sweep GC freed 3(96B) AllocSpace objects, 0(0B) LOS objects, 35% free, 29MB/45MB, paused 459us total 52.936ms
08-05 03:42:57.004  7568  7589 I art     : Starting a blocking GC Explicit
08-05 03:42:57.053  7568  7589 I art     : Explicit concurrent mark sweep GC freed 3(96B) AllocSpace objects, 0(0B) LOS objects, 35% free, 29MB/45MB, paused 636us total 49.060ms
08-05 03:42:57.078  7568  7589 I art     : Starting a blocking GC Explicit
08-05 03:42:57.124  7568  7589 I art     : Explicit concurrent mark sweep GC freed 3(96B) AllocSpace objects, 0(0B) LOS objects, 35% free, 29MB/45MB, paused 457us total 46.280ms
08-05 03:42:57.513  7568  7889 I art     : Starting a blocking GC Explicit
08-05 03:42:57.571  7568  7889 I art     : Explicit concurrent mark sweep GC freed 1355(82KB) AllocSpace objects, 1(20KB) LOS objects, 35% free, 29MB/45MB, paused 479us total 57.458ms
08-05 03:42:57.589  7568  7889 I art     : Starting a blocking GC Explicit
08-05 03:42:57.637  7568  7889 I art     : Explicit concurrent mark sweep GC freed 20(704B) AllocSpace objects, 0(0B) LOS objects, 35% free, 29MB/45MB, paused 509us total 46.890ms
08-05 03:42:57.656  7568  7889 I art     : Starting a blocking GC Explicit
08-05 03:42:57.706  7568  7889 I art     : Explicit concurrent mark sweep GC freed 3(96B) AllocSpace objects, 0(0B) LOS objects, 35% free, 29MB/45MB, paused 533us total 49.236ms
08-05 03:42:57.725  7568  7889 I art     : Starting a blocking GC Explicit
08-05 03:42:57.777  7568  7889 I art     : Explicit concurrent mark sweep GC freed 3(96B) AllocSpace objects, 0(0B) LOS objects, 35% free, 29MB/45MB, paused 508us total 52.023ms
08-05 03:42:57.796  7568  7889 I art     : Starting a blocking GC Explicit
08-05 03:42:57.845  7568  7889 I art     : Explicit concurrent mark sweep GC freed 3(96B) AllocSpace objects, 0(0B) LOS objects, 35% free, 29MB/45MB, paused 553us total 48.440ms
08-05 03:42:58.252  7568  7889 I art     : Starting a blocking GC Explicit
08-05 03:42:58.303  7568  7889 I art     : Explicit concurrent mark sweep GC freed 1355(82KB) AllocSpace objects, 1(20KB) LOS objects, 35% free, 29MB/45MB, paused 522us total 50.149ms
08-05 03:42:58.322  7568  7889 I art     : Starting a blocking GC Explicit
08-05 03:42:58.378  7568  7889 I art     : Explicit concurrent mark sweep GC freed 20(704B) AllocSpace objects, 0(0B) LOS objects, 35% free, 29MB/45MB, paused 529us total 55.948ms
08-05 03:42:58.397  7568  7889 I art     : Starting a blocking GC Explicit
08-05 03:42:58.444  7568  7889 I art     : Explicit concurrent mark sweep GC freed 3(96B) AllocSpace objects, 0(0B) LOS objects, 35% free, 29MB/45MB, paused 480us total 46.066ms
08-05 03:42:58.466  7568  7889 I art     : Starting a blocking GC Explicit
08-05 03:42:58.508  7568  7889 I art     : Explicit concurrent mark sweep GC freed 3(96B) AllocSpace objects, 0(0B) LOS objects, 35% free, 29MB/45MB, paused 475us total 42.066ms
08-05 03:42:58.526  7568  7889 I art     : Starting a blocking GC Explicit
08-05 03:42:58.567  7568  7889 I art     : Explicit concurrent mark sweep GC freed 3(96B) AllocSpace objects, 0(0B) LOS objects, 35% free, 29MB/45MB, paused 525us total 40.790ms
08-05 03:42:58.945  7568  7889 I art     : Starting a blocking GC Explicit
08-05 03:42:58.992  7568  7889 I art     : Explicit concurrent mark sweep GC freed 1355(82KB) AllocSpace objects, 1(20KB) LOS objects, 35% free, 29MB/45MB, paused 530us total 46.836ms
08-05 03:42:59.011  7568  7889 I art     : Starting a blocking GC Explicit
08-05 03:42:59.060  7568  7889 I art     : Explicit concurrent mark sweep GC freed 20(704B) AllocSpace objects, 0(0B) LOS objects, 35% free, 29MB/45MB, paused 703us total 48.168ms
08-05 03:42:59.080  7568  7889 I art     : Starting a blocking GC Explicit
08-05 03:42:59.109  9711  9711 D AndroidRuntime: >>>>>> START com.android.internal.os.RuntimeInit uid 2000 <<<<<<
08-05 03:42:59.114  9711  9711 D AndroidRuntime: CheckJNI is OFF
08-05 03:42:59.125  7568  7889 I art     : Explicit concurrent mark sweep GC freed 3(96B) AllocSpace objects, 0(0B) LOS objects, 35% free, 29MB/45MB, paused 480us total 44.634ms
08-05 03:42:59.144  7568  7889 I art     : Starting a blocking GC Explicit
08-05 03:42:59.162  9711  9711 D ICU     : No timezone override file found: /data/misc/zoneinfo/current/icu/icu_tzdata.dat
08-05 03:42:59.191  7568  7889 I art     : Explicit concurrent mark sweep GC freed 3(96B) AllocSpace objects, 0(0B) LOS objects, 35% free, 29MB/45MB, paused 524us total 47.151ms
08-05 03:42:59.207  9711  9711 I Radio-JNI: register_android_hardware_Radio DONE
08-05 03:42:59.211  7568  7889 I art     : Starting a blocking GC Explicit
08-05 03:42:59.237  9711  9711 D AndroidRuntime: Calling main entry com.android.commands.input.Input
08-05 03:42:59.239  9711  9711 I Input   : injectKeyEvent: KeyEvent { action=ACTION_DOWN, keyCode=KEYCODE_BACK, scanCode=0, metaState=0, flags=0x0, repeatCount=0, eventTime=762195651, downTime=762195651, deviceId=-1, source=0x101 }
08-05 03:42:59.255  9711  9711 I Input   : injectKeyEvent: KeyEvent { action=ACTION_UP, keyCode=KEYCODE_BACK, scanCode=0, metaState=0, flags=0x0, repeatCount=0, eventTime=762195651, downTime=762195651, deviceId=-1, source=0x101 }
08-05 03:42:59.261  7568  7889 I art     : Explicit concurrent mark sweep GC freed 10(752B) AllocSpace objects, 0(0B) LOS objects, 35% free, 29MB/45MB, paused 892us total 49.453ms
08-05 03:42:59.266  9711  9711 D AndroidRuntime: Shutting down VM
08-05 03:42:59.339 13866 13866 I GoogleInputMethodServic: GoogleInputMethodService.onFinishInput():3138 
08-05 03:42:59.339 13866 13866 I GoogleInputMethodServic: GoogleInputMethodService.onStartInput():1808 
08-05 03:42:59.639  7568  7579 I art     : Starting a blocking GC Explicit
08-05 03:42:59.652   380   380 W SurfaceFlinger: couldn't log to binary event log: overflow.
08-05 03:42:59.685   918  3263 D ConnectivityService: releasing NetworkRequest NetworkRequest [ id=3148, legacyType=-1, [ Capabilities: INTERNET&NOT_RESTRICTED&TRUSTED] ]
08-05 03:42:59.685  7568  7579 I art     : Explicit concurrent mark sweep GC freed 2285(125KB) AllocSpace objects, 1(20KB) LOS objects, 35% free, 29MB/45MB, paused 790us total 45.374ms
08-05 03:42:59.703  7568  7579 I art     : Starting a blocking GC Explicit
08-05 03:42:59.742  7568  7579 I art     : Explicit concurrent mark sweep GC freed 299(14KB) AllocSpace objects, 0(0B) LOS objects, 35% free, 29MB/45MB, paused 505us total 38.944ms
08-05 03:42:59.759  7568  7579 I art     : Starting a blocking GC Explicit
08-05 03:42:59.799  7568  7579 I art     : Explicit concurrent mark sweep GC freed 2095(123KB) AllocSpace objects, 1(28KB) LOS objects, 35% free, 29MB/45MB, paused 523us total 39.983ms
08-05 03:42:59.817  7568  7579 I art     : Starting a blocking GC Explicit
08-05 03:42:59.857  7568  7579 I art     : Explicit concurrent mark sweep GC freed 3(96B) AllocSpace objects, 0(0B) LOS objects, 35% free, 29MB/45MB, paused 528us total 40.071ms
08-05 03:42:59.874  7568  7579 I art     : Starting a blocking GC Explicit
08-05 03:42:59.916  7568  7579 I art     : Explicit concurrent mark sweep GC freed 3(96B) AllocSpace objects, 0(0B) LOS objects, 35% free, 29MB/45MB, paused 468us total 41.288ms
08-05 03:43:00.261  7568  7581 I art     : Starting a blocking GC Explicit
08-05 03:43:00.320  7568  7581 I art     : Explicit concurrent mark sweep GC freed 1355(82KB) AllocSpace objects, 1(20KB) LOS objects, 35% free, 29MB/45MB, paused 535us total 58.156ms
08-05 03:43:00.341  7568  7581 I art     : Starting a blocking GC Explicit
08-05 03:43:00.388  7568  7581 I art     : Explicit concurrent mark sweep GC freed 20(704B) AllocSpace objects, 0(0B) LOS objects, 35% free, 29MB/45MB, paused 508us total 46.563ms
08-05 03:43:00.407  7568  7581 I art     : Starting a blocking GC Explicit
08-05 03:43:00.453  7568  7581 I art     : Explicit concurrent mark sweep GC freed 3(96B) AllocSpace objects, 0(0B) LOS objects, 35% free, 29MB/45MB, paused 497us total 46.638ms
08-05 03:43:00.472  7568  7581 I art     : Starting a blocking GC Explicit
08-05 03:43:00.518  7568  7581 I art     : Explicit concurrent mark sweep GC freed 3(96B) AllocSpace objects, 0(0B) LOS objects, 35% free, 29MB/45MB, paused 494us total 45.478ms
08-05 03:43:00.537  7568  7581 I art     : Starting a blocking GC Explicit
08-05 03:43:00.580  7568  7581 I art     : Explicit concurrent mark sweep GC freed 3(96B) AllocSpace objects, 0(0B) LOS objects, 35% free, 29MB/45MB, paused 488us total 42.404ms
08-05 03:43:00.913  7568  7589 I art     : Starting a blocking GC Explicit
08-05 03:43:00.971  7568  7589 I art     : Explicit concurrent mark sweep GC freed 1373(83KB) AllocSpace objects, 1(20KB) LOS objects, 35% free, 29MB/45MB, paused 545us total 57.381ms
08-05 03:43:00.996  7568  7589 I art     : Starting a blocking GC Explicit
08-05 03:43:01.043  7568  7589 I art     : Explicit concurrent mark sweep GC freed 26(928B) AllocSpace objects, 0(0B) LOS objects, 35% free, 29MB/45MB, paused 528us total 46.650ms
08-05 03:43:01.062  7568  7589 I art     : Starting a blocking GC Explicit
08-05 03:43:01.077  9755  9755 D AndroidRuntime: >>>>>> START com.android.internal.os.RuntimeInit uid 2000 <<<<<<
08-05 03:43:01.083  9755  9755 D AndroidRuntime: CheckJNI is OFF
08-05 03:43:01.109  7568  7589 I art     : Explicit concurrent mark sweep GC freed 3(96B) AllocSpace objects, 0(0B) LOS objects, 35% free, 29MB/45MB, paused 496us total 46.862ms
08-05 03:43:01.127  7568  7589 I art     : Starting a blocking GC Explicit
08-05 03:43:01.130  9755  9755 D ICU     : No timezone override file found: /data/misc/zoneinfo/current/icu/icu_tzdata.dat
08-05 03:43:01.174  7568  7589 I art     : Explicit concurrent mark sweep GC freed 3(96B) AllocSpace objects, 0(0B) LOS objects, 35% free, 29MB/45MB, paused 528us total 46.906ms
08-05 03:43:01.178  9755  9755 I Radio-JNI: register_android_hardware_Radio DONE
08-05 03:43:01.193  7568  7589 I art     : Starting a blocking GC Explicit
08-05 03:43:01.209  9755  9755 D AndroidRuntime: Calling main entry com.android.commands.input.Input
08-05 03:43:01.212  9755  9755 I Input   : injectMotionEvent: MotionEvent { action=ACTION_DOWN, actionButton=0, id[0]=0, x[0]=600.0, y[0]=820.0, toolType[0]=TOOL_TYPE_UNKNOWN, buttonState=0, metaState=0, flags=0x0, edgeFlags=0x0, pointerCount=1, historySize=0, eventTime=762197624, downTime=762197624, deviceId=0, source=0x1002 }
08-05 03:43:01.219  9755  9755 I Input   : injectMotionEvent: MotionEvent { action=ACTION_UP, actionButton=0, id[0]=0, x[0]=600.0, y[0]=820.0, toolType[0]=TOOL_TYPE_UNKNOWN, buttonState=0, metaState=0, flags=0x0, edgeFlags=0x0, pointerCount=1, historySize=0, eventTime=762197624, downTime=762197624, deviceId=0, source=0x1002 }
08-05 03:43:01.221  9755  9755 D AndroidRuntime: Shutting down VM
08-05 03:43:01.237   512  2967 D audio_hw_primary: out_set_parameters: enter: usecase(1: low-latency-playback) kvpairs: routing=2
08-05 03:43:01.239  7568  7589 I art     : Explicit concurrent mark sweep GC freed 18(864B) AllocSpace objects, 0(0B) LOS objects, 35% free, 29MB/45MB, paused 573us total 46.356ms
08-05 03:43:01.249   918  3696 I ActivityManager: START u0 {dat=https://oauth.reddit.com/... cmp=baseline.org.quantumbadger.redreader/.activities.CommentListingActivity} from uid 10689 on display 0
08-05 03:43:01.250   512  2967 D audio_hw_primary: select_devices: out_snd_device(2: speaker) in_snd_device(0: none)
08-05 03:43:01.250   512  2967 D msm8974_platform: platform_send_audio_calibration: sending audio calibration for snd_device(2) acdb_id(15)
08-05 03:43:01.250   512  2967 I soundtrigger: audio_extn_sound_trigger_update_device_status: device 0x2 of type 0 for Event 1
08-05 03:43:01.260   512  2967 D audio_hw_primary: enable_snd_device: snd_device(2: speaker)
08-05 03:43:01.262   512  2967 D audio_hw_primary: enable_audio_route: apply and update mixer path: low-latency-playback speaker
08-05 03:43:01.271  7568  7568 I AppCompatViewInflater: app:theme is now deprecated. Please move to using android:theme instead.
08-05 03:43:01.291  7568  9780 D OK      : calling: https://oauth.reddit.com/comments/hi3oht/.json?sort=confidence
08-05 03:43:01.353   918   936 I ActivityManager: Displayed baseline.org.quantumbadger.redreader/.activities.CommentListingActivity: +97ms
08-05 03:43:01.355 13866 13866 I GoogleInputMethodServic: GoogleInputMethodService.onFinishInput():3138 
08-05 03:43:01.356 13866 13866 I GoogleInputMethodServic: GoogleInputMethodService.onStartInput():1808 
08-05 03:43:01.550  7568  7581 I art     : Starting a blocking GC Explicit
08-05 03:43:01.607   380   380 W SurfaceFlinger: couldn't log to binary event log: overflow.
08-05 03:43:01.622  7568  7581 I art     : Explicit concurrent mark sweep GC freed 6348(318KB) AllocSpace objects, 1(20KB) LOS objects, 35% free, 29MB/45MB, paused 976us total 71.467ms
08-05 03:43:01.622  7568  9780 I NAPPA_EXPERIMENTATION: MetricNetworkRequestExecutionTime: REQUEST_DURATION_SYSTEM='331',REQUEST_DURATION_OKHTTP='153',REQUEST_SYNCHRONOUS='TRUE',RESPONSE_CODE='200',RESPONSE_METHOD='GET',RESPONSE_LENGTH_OKHTTP='-1',RESPONSE_LENGTH_HEADER='167875',REQUEST_PROTOCOL='h2',REQUEST_URL='https://oauth.reddit.com/comments/hi3oht/.json?sort=confidence',
08-05 03:43:01.623  7568  9780 D OK      : request got status: 200
08-05 03:43:01.635  7568  8164 I CommentListingActivity: COMMENTS session changed to 5531e058-bdbb-42a7-9596-58a8d1839ac5
08-05 03:43:01.643  7568  7581 I art     : Starting a blocking GC Explicit
08-05 03:43:01.688  7568  7581 I art     : Explicit concurrent mark sweep GC freed 1184(132KB) AllocSpace objects, 1(16KB) LOS objects, 34% free, 30MB/46MB, paused 986us total 44.611ms
08-05 03:43:01.706  7568  7581 I art     : Starting a blocking GC Explicit
08-05 03:43:01.759  7568  7581 I art     : Explicit concurrent mark sweep GC freed 9705(616KB) AllocSpace objects, 1(24KB) LOS objects, 33% free, 31MB/47MB, paused 1.213ms total 53.022ms
08-05 03:43:01.777  7568  7581 I art     : Starting a blocking GC Explicit
08-05 03:43:01.798   512  2967 D audio_hw_primary: disable_audio_route: reset and update mixer path: low-latency-playback speaker
08-05 03:43:01.799   512  2967 D audio_hw_primary: disable_snd_device: snd_device(2: speaker)
08-05 03:43:01.807   512  2967 I soundtrigger: audio_extn_sound_trigger_update_device_status: device 0x2 of type 0 for Event 0
08-05 03:43:01.835  7568  7581 I art     : Explicit concurrent mark sweep GC freed 13471(827KB) AllocSpace objects, 1(24KB) LOS objects, 33% free, 32MB/48MB, paused 1.382ms total 57.136ms
08-05 03:43:01.854  7568  7581 I art     : Starting a blocking GC Explicit
08-05 03:43:01.919  7568  7581 I art     : Explicit concurrent mark sweep GC freed 14562(945KB) AllocSpace objects, 1(20KB) LOS objects, 32% free, 33MB/49MB, paused 1.154ms total 64.599ms
08-05 03:43:02.247  7568  7589 I art     : Starting a blocking GC Explicit
08-05 03:43:02.324  7568  7589 I art     : Explicit concurrent mark sweep GC freed 58267(3MB) AllocSpace objects, 6(204KB) LOS objects, 32% free, 33MB/49MB, paused 644us total 76.426ms
08-05 03:43:02.348  7568  7589 I art     : Starting a blocking GC Explicit
08-05 03:43:02.411  7568  7589 I art     : Explicit concurrent mark sweep GC freed 37(1456B) AllocSpace objects, 0(0B) LOS objects, 32% free, 33MB/49MB, paused 491us total 62.863ms
08-05 03:43:02.434  7568  7589 I art     : Starting a blocking GC Explicit
08-05 03:43:02.501  7568  7589 I art     : Explicit concurrent mark sweep GC freed 3(96B) AllocSpace objects, 0(0B) LOS objects, 32% free, 33MB/49MB, paused 539us total 66.396ms
08-05 03:43:02.523  7568  7589 I art     : Starting a blocking GC Explicit
08-05 03:43:02.587  7568  7589 I art     : Explicit concurrent mark sweep GC freed 3(96B) AllocSpace objects, 0(0B) LOS objects, 32% free, 33MB/49MB, paused 542us total 62.872ms
08-05 03:43:02.609  7568  7589 I art     : Starting a blocking GC Explicit
08-05 03:43:02.675  7568  7589 I art     : Explicit concurrent mark sweep GC freed 3(96B) AllocSpace objects, 0(0B) LOS objects, 32% free, 33MB/49MB, paused 497us total 65.281ms
08-05 03:43:03.019  7568  7889 I art     : Starting a blocking GC Explicit
08-05 03:43:03.108  7568  7889 I art     : Explicit concurrent mark sweep GC freed 1354(82KB) AllocSpace objects, 1(20KB) LOS objects, 32% free, 33MB/49MB, paused 622us total 88.152ms
08-05 03:43:03.134  7568  7889 I art     : Starting a blocking GC Explicit
08-05 03:43:03.209  7568  7889 I art     : Explicit concurrent mark sweep GC freed 66(2528B) AllocSpace objects, 0(0B) LOS objects, 32% free, 33MB/49MB, paused 565us total 75.378ms
08-05 03:43:03.232  7568  7889 I art     : Starting a blocking GC Explicit
08-05 03:43:03.311  7568  7889 I art     : Explicit concurrent mark sweep GC freed 3(96B) AllocSpace objects, 0(0B) LOS objects, 32% free, 33MB/49MB, paused 609us total 78.679ms
08-05 03:43:03.337  7568  7889 I art     : Starting a blocking GC Explicit
08-05 03:43:03.415  7568  7889 I art     : Explicit concurrent mark sweep GC freed 3(96B) AllocSpace objects, 0(0B) LOS objects, 32% free, 33MB/49MB, paused 600us total 77.360ms
08-05 03:43:03.441  7568  7889 I art     : Starting a blocking GC Explicit
08-05 03:43:03.516  7568  7889 I art     : Explicit concurrent mark sweep GC freed 3(96B) AllocSpace objects, 0(0B) LOS objects, 32% free, 33MB/49MB, paused 573us total 75.457ms
08-05 03:43:03.877  7568  7579 I art     : Starting a blocking GC Explicit
08-05 03:43:03.970  7568  7579 I art     : Explicit concurrent mark sweep GC freed 1354(82KB) AllocSpace objects, 1(20KB) LOS objects, 32% free, 33MB/49MB, paused 624us total 92.387ms
08-05 03:43:03.994  7568  7579 I art     : Starting a blocking GC Explicit
08-05 03:43:04.073  7568  7579 I art     : Explicit concurrent mark sweep GC freed 20(704B) AllocSpace objects, 0(0B) LOS objects, 32% free, 33MB/49MB, paused 553us total 78.095ms
08-05 03:43:04.099  7568  7579 I art     : Starting a blocking GC Explicit
08-05 03:43:04.175  7568  7579 I art     : Explicit concurrent mark sweep GC freed 3(96B) AllocSpace objects, 0(0B) LOS objects, 32% free, 33MB/49MB, paused 559us total 75.771ms
08-05 03:43:04.198  7568  7579 I art     : Starting a blocking GC Explicit
08-05 03:43:04.278  7568  7579 I art     : Explicit concurrent mark sweep GC freed 3(96B) AllocSpace objects, 0(0B) LOS objects, 32% free, 33MB/49MB, paused 623us total 78.903ms
08-05 03:43:04.303  7568  7579 I art     : Starting a blocking GC Explicit
08-05 03:43:04.377  7568  7579 I art     : Explicit concurrent mark sweep GC freed 3(96B) AllocSpace objects, 0(0B) LOS objects, 32% free, 33MB/49MB, paused 729us total 74.025ms
08-05 03:43:04.747  7568  7581 I art     : Starting a blocking GC Explicit
08-05 03:43:04.840  7568  7581 I art     : Explicit concurrent mark sweep GC freed 1354(82KB) AllocSpace objects, 1(20KB) LOS objects, 32% free, 33MB/49MB, paused 648us total 92.283ms
08-05 03:43:04.865  7568  7581 I art     : Starting a blocking GC Explicit
08-05 03:43:04.942  7568  7581 I art     : Explicit concurrent mark sweep GC freed 20(704B) AllocSpace objects, 0(0B) LOS objects, 32% free, 33MB/49MB, paused 560us total 76.739ms
08-05 03:43:04.964  7568  7581 I art     : Starting a blocking GC Explicit
08-05 03:43:05.043  7568  7581 I art     : Explicit concurrent mark sweep GC freed 3(96B) AllocSpace objects, 0(0B) LOS objects, 32% free, 33MB/49MB, paused 628us total 78.816ms
08-05 03:43:05.069  7568  7581 I art     : Starting a blocking GC Explicit
08-05 03:43:05.146  7568  7581 I art     : Explicit concurrent mark sweep GC freed 3(96B) AllocSpace objects, 0(0B) LOS objects, 32% free, 33MB/49MB, paused 549us total 76.811ms
08-05 03:43:05.172  7568  7581 I art     : Starting a blocking GC Explicit
08-05 03:43:05.248  7568  7581 I art     : Explicit concurrent mark sweep GC freed 3(96B) AllocSpace objects, 0(0B) LOS objects, 32% free, 33MB/49MB, paused 550us total 75.790ms
08-05 03:43:05.607  7568  7589 I art     : Starting a blocking GC Explicit
08-05 03:43:05.682  7568  7589 I art     : Explicit concurrent mark sweep GC freed 1354(82KB) AllocSpace objects, 1(20KB) LOS objects, 32% free, 33MB/49MB, paused 519us total 74.282ms
08-05 03:43:05.705  7568  7589 I art     : Starting a blocking GC Explicit
08-05 03:43:05.774  7568  7589 I art     : Explicit concurrent mark sweep GC freed 30(960B) AllocSpace objects, 0(0B) LOS objects, 32% free, 33MB/49MB, paused 593us total 69.174ms
08-05 03:43:05.797  7568  7589 I art     : Starting a blocking GC Explicit
08-05 03:43:05.870  7568  7589 I art     : Explicit concurrent mark sweep GC freed 34(1888B) AllocSpace objects, 0(0B) LOS objects, 32% free, 33MB/49MB, paused 580us total 72.319ms
08-05 03:43:05.892  7568  7589 I art     : Starting a blocking GC Explicit
08-05 03:43:05.964  7568  7589 I art     : Explicit concurrent mark sweep GC freed 9(320B) AllocSpace objects, 0(0B) LOS objects, 32% free, 33MB/49MB, paused 576us total 71.053ms
08-05 03:43:05.986  7568  7589 I art     : Starting a blocking GC Explicit
08-05 03:43:06.032  9839  9839 D AndroidRuntime: >>>>>> START com.android.internal.os.RuntimeInit uid 2000 <<<<<<
08-05 03:43:06.038  9839  9839 D AndroidRuntime: CheckJNI is OFF
08-05 03:43:06.058  7568  7589 I art     : Explicit concurrent mark sweep GC freed 3(96B) AllocSpace objects, 0(0B) LOS objects, 32% free, 33MB/49MB, paused 600us total 71.518ms
08-05 03:43:06.088  9839  9839 D ICU     : No timezone override file found: /data/misc/zoneinfo/current/icu/icu_tzdata.dat
08-05 03:43:06.132  9839  9839 I Radio-JNI: register_android_hardware_Radio DONE
08-05 03:43:06.162  9839  9839 D AndroidRuntime: Calling main entry com.android.commands.input.Input
08-05 03:43:06.166  9839  9839 I Input   : injectKeyEvent: KeyEvent { action=ACTION_DOWN, keyCode=KEYCODE_BACK, scanCode=0, metaState=0, flags=0x0, repeatCount=0, eventTime=762202578, downTime=762202578, deviceId=-1, source=0x101 }
08-05 03:43:06.175  9839  9839 I Input   : injectKeyEvent: KeyEvent { action=ACTION_UP, keyCode=KEYCODE_BACK, scanCode=0, metaState=0, flags=0x0, repeatCount=0, eventTime=762202578, downTime=762202578, deviceId=-1, source=0x101 }
08-05 03:43:06.185  9839  9839 D AndroidRuntime: Shutting down VM
08-05 03:43:06.219 13866 13866 I GoogleInputMethodServic: GoogleInputMethodService.onFinishInput():3138 
08-05 03:43:06.220 13866 13866 I GoogleInputMethodServic: GoogleInputMethodService.onStartInput():1808 
08-05 03:43:06.258  7568  9779 I RedditChangeDataIO: Writing tmp data file at '/data/user/0/baseline.org.quantumbadger.redreader/files/rr_change_data_tmp.dat'
08-05 03:43:06.259  7568  9779 I RedditChangeDataManager: Taking snapshot...
08-05 03:43:06.259  7568  9779 I RedditChangeDataManager: Writing to stream...
08-05 03:43:06.259  7568  9779 I RedditChangeDataManager: Wrote 5 entries for user ''
08-05 03:43:06.259  7568  9779 I RedditChangeDataManager: All entries written to stream.
08-05 03:43:06.259  7568  9779 I RedditChangeDataIO: Write successful. Atomically replacing data file...
08-05 03:43:06.260  7568  9779 I RedditChangeDataIO: Write complete.
08-05 03:43:06.260  7568  9779 I RedditChangeDataIO: 134 bytes written in 2 ms
08-05 03:43:06.370  7568  7889 I art     : Starting a blocking GC Explicit
08-05 03:43:06.455  7568  7889 I art     : Explicit concurrent mark sweep GC freed 1718(97KB) AllocSpace objects, 2(88KB) LOS objects, 32% free, 33MB/49MB, paused 813us total 84.721ms
08-05 03:43:06.481  7568  7889 I art     : Starting a blocking GC Explicit
08-05 03:43:06.543   380   380 W SurfaceFlinger: couldn't log to binary event log: overflow.
08-05 03:43:06.555  7568  7889 I art     : Explicit concurrent mark sweep GC freed 76(2752B) AllocSpace objects, 0(0B) LOS objects, 32% free, 33MB/49MB, paused 641us total 73.457ms
08-05 03:43:06.578  7568  7889 I art     : Starting a blocking GC Explicit
08-05 03:43:06.642  7568  7889 I art     : Explicit concurrent mark sweep GC freed 23(992B) AllocSpace objects, 0(0B) LOS objects, 32% free, 33MB/49MB, paused 544us total 63.895ms
08-05 03:43:06.665  7568  7889 I art     : Starting a blocking GC Explicit
08-05 03:43:06.715  7568  7889 I art     : Explicit concurrent mark sweep GC freed 76491(4MB) AllocSpace objects, 5(140KB) LOS objects, 35% free, 29MB/45MB, paused 527us total 49.336ms
08-05 03:43:06.733  7568  7889 I art     : Starting a blocking GC Explicit
08-05 03:43:06.775  7568  7889 I art     : Explicit concurrent mark sweep GC freed 3(96B) AllocSpace objects, 0(0B) LOS objects, 35% free, 29MB/45MB, paused 551us total 41.766ms
08-05 03:43:07.122  7568  7579 I art     : Starting a blocking GC Explicit
08-05 03:43:07.181  7568  7579 I art     : Explicit concurrent mark sweep GC freed 1593(119KB) AllocSpace objects, 1(20KB) LOS objects, 35% free, 29MB/45MB, paused 557us total 58.672ms
08-05 03:43:07.199  7568  7579 I art     : Starting a blocking GC Explicit
08-05 03:43:07.240  7568  7579 I art     : Explicit concurrent mark sweep GC freed 85(2880B) AllocSpace objects, 0(0B) LOS objects, 35% free, 29MB/45MB, paused 470us total 40.550ms
08-05 03:43:07.258  7568  7579 I art     : Starting a blocking GC Explicit
08-05 03:43:07.303  7568  7579 I art     : Explicit concurrent mark sweep GC freed 3(96B) AllocSpace objects, 0(0B) LOS objects, 35% free, 29MB/45MB, paused 456us total 45.364ms
08-05 03:43:07.322  7568  7579 I art     : Starting a blocking GC Explicit
08-05 03:43:07.366  7568  7579 I art     : Explicit concurrent mark sweep GC freed 3(96B) AllocSpace objects, 0(0B) LOS objects, 35% free, 29MB/45MB, paused 505us total 44.174ms
08-05 03:43:07.385  7568  7579 I art     : Starting a blocking GC Explicit
08-05 03:43:07.429  7568  7579 I art     : Explicit concurrent mark sweep GC freed 3(96B) AllocSpace objects, 0(0B) LOS objects, 35% free, 29MB/45MB, paused 467us total 44.158ms
08-05 03:43:07.758  7568  7581 I art     : Starting a blocking GC Explicit
08-05 03:43:07.815  7568  7581 I art     : Explicit concurrent mark sweep GC freed 1355(82KB) AllocSpace objects, 1(20KB) LOS objects, 35% free, 29MB/45MB, paused 522us total 56.538ms
08-05 03:43:07.834  7568  7581 I art     : Starting a blocking GC Explicit
08-05 03:43:07.883  7568  7581 I art     : Explicit concurrent mark sweep GC freed 20(704B) AllocSpace objects, 0(0B) LOS objects, 35% free, 29MB/45MB, paused 504us total 48.303ms
08-05 03:43:07.902  7568  7581 I art     : Starting a blocking GC Explicit
08-05 03:43:07.946  7568  7581 I art     : Explicit concurrent mark sweep GC freed 5(160B) AllocSpace objects, 0(0B) LOS objects, 35% free, 29MB/45MB, paused 525us total 44.096ms
08-05 03:43:07.964  7568  7581 I art     : Starting a blocking GC Explicit
08-05 03:43:07.971  9878  9878 D AndroidRuntime: >>>>>> START com.android.internal.os.RuntimeInit uid 2000 <<<<<<
08-05 03:43:07.976  9878  9878 D AndroidRuntime: CheckJNI is OFF
08-05 03:43:08.008  7568  7581 I art     : Explicit concurrent mark sweep GC freed 3(96B) AllocSpace objects, 0(0B) LOS objects, 35% free, 29MB/45MB, paused 532us total 43.485ms
08-05 03:43:08.022  9878  9878 D ICU     : No timezone override file found: /data/misc/zoneinfo/current/icu/icu_tzdata.dat
08-05 03:43:08.026  7568  7581 I art     : Starting a blocking GC Explicit
08-05 03:43:08.065  9878  9878 I Radio-JNI: register_android_hardware_Radio DONE
08-05 03:43:08.072  7568  7581 I art     : Explicit concurrent mark sweep GC freed 3(96B) AllocSpace objects, 0(0B) LOS objects, 35% free, 29MB/45MB, paused 542us total 45.716ms
08-05 03:43:08.095  9878  9878 D AndroidRuntime: Calling main entry com.android.commands.input.Input
08-05 03:43:08.097  9878  9878 I Input   : injectMotionEvent: MotionEvent { action=ACTION_DOWN, actionButton=0, id[0]=0, x[0]=600.0, y[0]=580.0, toolType[0]=TOOL_TYPE_UNKNOWN, buttonState=0, metaState=0, flags=0x0, edgeFlags=0x0, pointerCount=1, historySize=0, eventTime=762204509, downTime=762204509, deviceId=0, source=0x1002 }
08-05 03:43:08.103  9878  9878 I Input   : injectMotionEvent: MotionEvent { action=ACTION_UP, actionButton=0, id[0]=0, x[0]=600.0, y[0]=580.0, toolType[0]=TOOL_TYPE_UNKNOWN, buttonState=0, metaState=0, flags=0x0, edgeFlags=0x0, pointerCount=1, historySize=0, eventTime=762204509, downTime=762204509, deviceId=0, source=0x1002 }
08-05 03:43:08.105  9878  9878 D AndroidRuntime: Shutting down VM
08-05 03:43:08.118   918  4413 I ActivityManager: START u0 {cmp=baseline.org.quantumbadger.redreader/.activities.WebViewActivity (has extras)} from uid 10689 on display 0
08-05 03:43:08.119   512  2967 D audio_hw_primary: out_set_parameters: enter: usecase(1: low-latency-playback) kvpairs: routing=2
08-05 03:43:08.132   512  2967 D audio_hw_primary: select_devices: out_snd_device(2: speaker) in_snd_device(0: none)
08-05 03:43:08.132   512  2967 D msm8974_platform: platform_send_audio_calibration: sending audio calibration for snd_device(2) acdb_id(15)
08-05 03:43:08.132   512  2967 I soundtrigger: audio_extn_sound_trigger_update_device_status: device 0x2 of type 0 for Event 1
08-05 03:43:08.146   512  2967 D audio_hw_primary: enable_snd_device: snd_device(2: speaker)
08-05 03:43:08.147  7568  7568 I AppCompatViewInflater: app:theme is now deprecated. Please move to using android:theme instead.
08-05 03:43:08.149   512  2967 D audio_hw_primary: enable_audio_route: apply and update mixer path: low-latency-playback speaker
08-05 03:43:08.170   918  6110 D ConnectivityService: listenForNetwork for Listen from uid/pid:10689/7568 for NetworkRequest [ id=3149, legacyType=-1, [ Capabilities: INTERNET&NOT_RESTRICTED&TRUSTED] ]
08-05 03:43:08.282   918   936 I ActivityManager: Displayed baseline.org.quantumbadger.redreader/.activities.WebViewActivity: +155ms
08-05 03:43:08.283 13866 13866 I GoogleInputMethodServic: GoogleInputMethodService.onFinishInput():3138 
08-05 03:43:08.283 13866 13866 I GoogleInputMethodServic: GoogleInputMethodService.onStartInput():1808 
08-05 03:43:08.375  7568  7579 I art     : Starting a blocking GC Explicit
08-05 03:43:08.426  7568  7579 I art     : Explicit concurrent mark sweep GC freed 5909(312KB) AllocSpace objects, 1(20KB) LOS objects, 35% free, 29MB/45MB, paused 525us total 50.674ms
08-05 03:43:08.448  7568  7579 I art     : Starting a blocking GC Explicit
08-05 03:43:08.504  7568  7579 I art     : Explicit concurrent mark sweep GC freed 551(30KB) AllocSpace objects, 0(0B) LOS objects, 35% free, 29MB/45MB, paused 532us total 56.090ms
08-05 03:43:08.525  7568  7579 I art     : Starting a blocking GC Explicit
08-05 03:43:08.529   380   380 W SurfaceFlinger: couldn't log to binary event log: overflow.
08-05 03:43:08.566  7568  7579 I art     : Explicit concurrent mark sweep GC freed 122(6KB) AllocSpace objects, 0(0B) LOS objects, 35% free, 29MB/45MB, paused 565us total 40.585ms
08-05 03:43:08.586  7568  7579 I art     : Starting a blocking GC Explicit
08-05 03:43:08.634  7568  7579 I art     : Explicit concurrent mark sweep GC freed 638(38KB) AllocSpace objects, 0(0B) LOS objects, 35% free, 29MB/45MB, paused 491us total 48.527ms
08-05 03:43:08.652  7568  7579 I art     : Starting a blocking GC Explicit
08-05 03:43:08.689   512  2967 D audio_hw_primary: disable_audio_route: reset and update mixer path: low-latency-playback speaker
08-05 03:43:08.690   512  2967 D audio_hw_primary: disable_snd_device: snd_device(2: speaker)
08-05 03:43:08.698  7568  7579 I art     : Explicit concurrent mark sweep GC freed 159(5KB) AllocSpace objects, 0(0B) LOS objects, 35% free, 29MB/45MB, paused 605us total 45.916ms
08-05 03:43:08.701   512  2967 I soundtrigger: audio_extn_sound_trigger_update_device_status: device 0x2 of type 0 for Event 0
08-05 03:43:09.069  7568  7589 I art     : Starting a blocking GC Explicit
08-05 03:43:09.119  7568  7589 I art     : Explicit concurrent mark sweep GC freed 1397(84KB) AllocSpace objects, 1(20KB) LOS objects, 35% free, 29MB/45MB, paused 497us total 49.604ms
08-05 03:43:09.139  7568  7589 I art     : Starting a blocking GC Explicit
08-05 03:43:09.185  7568  7589 I art     : Explicit concurrent mark sweep GC freed 28(960B) AllocSpace objects, 0(0B) LOS objects, 35% free, 29MB/45MB, paused 492us total 45.781ms
08-05 03:43:09.204  7568  7589 I art     : Starting a blocking GC Explicit
08-05 03:43:09.253  7568  7589 I art     : Explicit concurrent mark sweep GC freed 11(352B) AllocSpace objects, 0(0B) LOS objects, 35% free, 29MB/45MB, paused 510us total 48.732ms
08-05 03:43:09.274  7568  7589 I art     : Starting a blocking GC Explicit
08-05 03:43:09.320  7568  7589 I art     : Explicit concurrent mark sweep GC freed 11(352B) AllocSpace objects, 0(0B) LOS objects, 35% free, 29MB/45MB, paused 479us total 46.077ms
08-05 03:43:09.340  7568  7589 I art     : Starting a blocking GC Explicit
08-05 03:43:09.388  7568  7589 I art     : Explicit concurrent mark sweep GC freed 11(352B) AllocSpace objects, 0(0B) LOS objects, 35% free, 29MB/45MB, paused 495us total 47.396ms
08-05 03:43:09.756  7568  7889 I art     : Starting a blocking GC Explicit
08-05 03:43:09.811  7568  7889 I art     : Explicit concurrent mark sweep GC freed 1405(84KB) AllocSpace objects, 1(20KB) LOS objects, 35% free, 29MB/45MB, paused 577us total 54.128ms
08-05 03:43:09.822  7568  7568 I chromium: [INFO:CONSOLE(1)] "
08-05 03:43:09.822  7568  7568 I chromium:                   ,d"=,.,qOp,
08-05 03:43:09.822  7568  7568 I chromium:                  ,7'  ''$(  )
08-05 03:43:09.822  7568  7568 I chromium:                 ,7'      '?q$7'
08-05 03:43:09.822  7568  7568 I chromium:              ..,$$,.
08-05 03:43:09.822  7568  7568 I chromium:    ,.  .,,--***""***--,,.  .,
08-05 03:43:09.822  7568  7568 I chromium:     ,p''              ''q,   
08-05 03:43:09.822  7568  7568 I chromium: :  ,7'                      '7,  :
08-05 03:43:09.822  7568  7568 I chromium:  ' $      ,db,      ,db,      $ '
08-05 03:43:09.822  7568  7568 I chromium:   '$      $$      $$      $'    Using Reddit at work? Work for Reddit.
08-05 03:43:09.822  7568  7568 I chromium:   '$                          $'        https://www.reddit.com/jobs
08-05 03:43:09.822  7568  7568 I chromium:    '$.     .,        ,.     .$'
08-05 03:43:09.822  7568  7568 I chromium:     'b,     ''     ,d'
08-05 03:43:09.822  7568  7568 I chromium:      '?bn,,          ,,nd?'
08-05 03:43:09.822  7568  7568 I chromium:        ,7$ '''' $7,
08-05 03:43:09.822  7568  7568 I chromium:      , $              $ ,
08-05 03:43:09.822  7568  7568 I chromium:      $  :$              $:  $
08-05 03:43:09.822  7568  7568 I chromium:      $   $              $   $
08-05 03:43:09.822  7568  7568 I chromium:      'b  q:            :p  d'
08-05 03:43:09.822  7568  7568 I chromium:       '?$.          .$?'
08-05 03:43:09.822  7568  7568 I chromium:          'b            d'
08-05 03:43:09.822  7568  7568 I chromium:        ,'?,.      .,?',
08-05 03:43:09.822  7568  7568 I chromium:       ==--==--==--==
08-05 03:43:09.822  7568  7568 I chromium: ", source: https://www.redditstatic.com/desktop2x/Chat~Governance~Reddit.2ea93b134a9b2e5b1d9a.js (1)
08-05 03:43:09.834  7568  7889 I art     : Starting a blocking GC Explicit
08-05 03:43:09.891  7568  7889 I art     : Explicit concurrent mark sweep GC freed 42(3KB) AllocSpace objects, 0(0B) LOS objects, 35% free, 29MB/45MB, paused 483us total 57.153ms
08-05 03:43:09.914  7568  7889 I art     : Starting a blocking GC Explicit
08-05 03:43:09.969  7568  7889 I art     : Explicit concurrent mark sweep GC freed 21(672B) AllocSpace objects, 0(0B) LOS objects, 35% free, 29MB/45MB, paused 930us total 54.376ms
08-05 03:43:09.987   918  1210 D NetlinkSocketObserver: NeighborEvent{elapsedMs=1745593862, 192.168.2.254, [7C3953A63323], RTM_NEWNEIGH, NUD_STALE}
08-05 03:43:09.990  7568  7889 I art     : Starting a blocking GC Explicit
08-05 03:43:10.039  7568  7889 I art     : Explicit concurrent mark sweep GC freed 20(640B) AllocSpace objects, 0(0B) LOS objects, 35% free, 29MB/45MB, paused 482us total 48.903ms
08-05 03:43:10.061  7568  7889 I art     : Starting a blocking GC Explicit
08-05 03:43:10.117  7568  7889 I art     : Explicit concurrent mark sweep GC freed 13(416B) AllocSpace objects, 0(0B) LOS objects, 35% free, 29MB/45MB, paused 739us total 55.451ms
08-05 03:43:10.500  7568  7581 I art     : Starting a blocking GC Explicit
08-05 03:43:10.549  7568  7581 I art     : Explicit concurrent mark sweep GC freed 1365(83KB) AllocSpace objects, 1(20KB) LOS objects, 35% free, 29MB/45MB, paused 572us total 49.282ms
08-05 03:43:10.568  7568  7581 I art     : Starting a blocking GC Explicit
08-05 03:43:10.614  7568  7581 I art     : Explicit concurrent mark sweep GC freed 22(768B) AllocSpace objects, 0(0B) LOS objects, 35% free, 29MB/45MB, paused 573us total 45.751ms
08-05 03:43:10.632  7568  7581 I art     : Starting a blocking GC Explicit
08-05 03:43:10.679  7568  7581 I art     : Explicit concurrent mark sweep GC freed 3(96B) AllocSpace objects, 0(0B) LOS objects, 35% free, 29MB/45MB, paused 557us total 46.322ms
08-05 03:43:10.698  7568  7581 I art     : Starting a blocking GC Explicit
08-05 03:43:10.744  7568  7581 I art     : Explicit concurrent mark sweep GC freed 3(96B) AllocSpace objects, 0(0B) LOS objects, 35% free, 29MB/45MB, paused 580us total 46.136ms
08-05 03:43:10.745  7568  7578 I art     : WaitForGcToComplete blocked for 46.442ms for cause HeapTrim
08-05 03:43:10.763  7568  7581 I art     : Starting a blocking GC Explicit
08-05 03:43:10.809  7568  7581 I art     : Explicit concurrent mark sweep GC freed 3(96B) AllocSpace objects, 0(0B) LOS objects, 35% free, 29MB/45MB, paused 557us total 45.697ms
08-05 03:43:11.177  7568  7579 I art     : Starting a blocking GC Explicit
08-05 03:43:11.221  7568  7579 I art     : Explicit concurrent mark sweep GC freed 1566(94KB) AllocSpace objects, 1(20KB) LOS objects, 35% free, 29MB/45MB, paused 473us total 43.310ms
08-05 03:43:11.242  7568  7579 I art     : Starting a blocking GC Explicit
08-05 03:43:11.285  7568  7579 I art     : Explicit concurrent mark sweep GC freed 20(704B) AllocSpace objects, 0(0B) LOS objects, 35% free, 29MB/45MB, paused 483us total 43.323ms
08-05 03:43:11.308  7568  7579 I art     : Starting a blocking GC Explicit
08-05 03:43:11.358  7568  7579 I art     : Explicit concurrent mark sweep GC freed 7(208B) AllocSpace objects, 0(0B) LOS objects, 35% free, 29MB/45MB, paused 570us total 49.671ms
08-05 03:43:11.377  7568  7579 I art     : Starting a blocking GC Explicit
08-05 03:43:11.429  7568  7579 I art     : Explicit concurrent mark sweep GC freed 12(2528B) AllocSpace objects, 0(0B) LOS objects, 35% free, 29MB/45MB, paused 553us total 52.404ms
08-05 03:43:11.448  7568  7579 I art     : Starting a blocking GC Explicit
08-05 03:43:11.497  7568  7579 I art     : Explicit concurrent mark sweep GC freed 3(96B) AllocSpace objects, 0(0B) LOS objects, 35% free, 29MB/45MB, paused 582us total 48.257ms
08-05 03:43:11.887  7568  7589 I art     : Starting a blocking GC Explicit
08-05 03:43:11.939  7568  7589 I art     : Explicit concurrent mark sweep GC freed 1401(85KB) AllocSpace objects, 1(20KB) LOS objects, 35% free, 29MB/45MB, paused 520us total 51.764ms
08-05 03:43:11.958  7568  7589 I art     : Starting a blocking GC Explicit
08-05 03:43:12.008  7568  7589 I art     : Explicit concurrent mark sweep GC freed 20(704B) AllocSpace objects, 0(0B) LOS objects, 35% free, 29MB/45MB, paused 757us total 49.866ms
08-05 03:43:12.029  7568  7589 I art     : Starting a blocking GC Explicit
08-05 03:43:12.077  7568  7589 I art     : Explicit concurrent mark sweep GC freed 3(96B) AllocSpace objects, 0(0B) LOS objects, 35% free, 29MB/45MB, paused 627us total 48.238ms
08-05 03:43:12.096  7568  7589 I art     : Starting a blocking GC Explicit
08-05 03:43:12.143  7568  7589 I art     : Explicit concurrent mark sweep GC freed 3(96B) AllocSpace objects, 0(0B) LOS objects, 35% free, 29MB/45MB, paused 485us total 46.708ms
08-05 03:43:12.162  7568  7589 I art     : Starting a blocking GC Explicit
08-05 03:43:12.217  7568  7589 I art     : Explicit concurrent mark sweep GC freed 3(96B) AllocSpace objects, 0(0B) LOS objects, 35% free, 29MB/45MB, paused 623us total 55.216ms
08-05 03:43:12.559  7568  7589 I art     : Starting a blocking GC Explicit
08-05 03:43:12.607  7568  7589 I art     : Explicit concurrent mark sweep GC freed 1355(82KB) AllocSpace objects, 1(20KB) LOS objects, 35% free, 29MB/45MB, paused 634us total 47.688ms
08-05 03:43:12.627  7568  7589 I art     : Starting a blocking GC Explicit
08-05 03:43:12.673  7568  7589 I art     : Explicit concurrent mark sweep GC freed 20(704B) AllocSpace objects, 0(0B) LOS objects, 35% free, 29MB/45MB, paused 529us total 46.234ms
08-05 03:43:12.692  7568  7589 I art     : Starting a blocking GC Explicit
08-05 03:43:12.739  7568  7589 I art     : Explicit concurrent mark sweep GC freed 3(96B) AllocSpace objects, 0(0B) LOS objects, 35% free, 29MB/45MB, paused 481us total 46.926ms
08-05 03:43:12.758  7568  7589 I art     : Starting a blocking GC Explicit
08-05 03:43:12.811  7568  7589 I art     : Explicit concurrent mark sweep GC freed 3(96B) AllocSpace objects, 0(0B) LOS objects, 35% free, 29MB/45MB, paused 666us total 52.713ms
08-05 03:43:12.831  7568  7589 I art     : Starting a blocking GC Explicit
08-05 03:43:12.879  7568  7589 I art     : Explicit concurrent mark sweep GC freed 3(96B) AllocSpace objects, 0(0B) LOS objects, 35% free, 29MB/45MB, paused 522us total 47.680ms
08-05 03:43:12.914  9969  9969 D AndroidRuntime: >>>>>> START com.android.internal.os.RuntimeInit uid 2000 <<<<<<
08-05 03:43:12.920  9969  9969 D AndroidRuntime: CheckJNI is OFF
08-05 03:43:12.964  9969  9969 D ICU     : No timezone override file found: /data/misc/zoneinfo/current/icu/icu_tzdata.dat
08-05 03:43:13.011  9969  9969 I Radio-JNI: register_android_hardware_Radio DONE
08-05 03:43:13.041  9969  9969 D AndroidRuntime: Calling main entry com.android.commands.input.Input
08-05 03:43:13.043  9969  9969 I Input   : injectKeyEvent: KeyEvent { action=ACTION_DOWN, keyCode=KEYCODE_BACK, scanCode=0, metaState=0, flags=0x0, repeatCount=0, eventTime=762209456, downTime=762209456, deviceId=-1, source=0x101 }
08-05 03:43:13.050  9969  9969 I Input   : injectKeyEvent: KeyEvent { action=ACTION_UP, keyCode=KEYCODE_BACK, scanCode=0, metaState=0, flags=0x0, repeatCount=0, eventTime=762209456, downTime=762209456, deviceId=-1, source=0x101 }
08-05 03:43:13.057  9969  9969 D AndroidRuntime: Shutting down VM
08-05 03:43:13.097 13866 13866 I GoogleInputMethodServic: GoogleInputMethodService.onFinishInput():3138 
08-05 03:43:13.098 13866 13866 I GoogleInputMethodServic: GoogleInputMethodService.onStartInput():1808 
08-05 03:43:13.129  7568  9905 I RedditChangeDataIO: Writing tmp data file at '/data/user/0/baseline.org.quantumbadger.redreader/files/rr_change_data_tmp.dat'
08-05 03:43:13.130  7568  9905 I RedditChangeDataManager: Taking snapshot...
08-05 03:43:13.130  7568  9905 I RedditChangeDataManager: Writing to stream...
08-05 03:43:13.130  7568  9905 I RedditChangeDataManager: Wrote 5 entries for user ''
08-05 03:43:13.130  7568  9905 I RedditChangeDataManager: All entries written to stream.
08-05 03:43:13.130  7568  9905 I RedditChangeDataIO: Write successful. Atomically replacing data file...
08-05 03:43:13.130  7568  9905 I RedditChangeDataIO: Write complete.
08-05 03:43:13.130  7568  9905 I RedditChangeDataIO: 134 bytes written in 1 ms
08-05 03:43:13.235  7568  7581 I art     : Starting a blocking GC Explicit
08-05 03:43:13.297  7568  7581 I art     : Explicit concurrent mark sweep GC freed 1723(97KB) AllocSpace objects, 2(88KB) LOS objects, 35% free, 29MB/45MB, paused 475us total 61.686ms
08-05 03:43:13.320  7568  7581 I art     : Starting a blocking GC Explicit
08-05 03:43:13.371  7568  7581 I art     : Explicit concurrent mark sweep GC freed 27(960B) AllocSpace objects, 0(0B) LOS objects, 35% free, 29MB/45MB, paused 529us total 50.614ms
08-05 03:43:13.394  7568  7581 I art     : Starting a blocking GC Explicit
08-05 03:43:13.417   380   380 W SurfaceFlinger: couldn't log to binary event log: overflow.
08-05 03:43:13.438  7568  7581 I art     : Explicit concurrent mark sweep GC freed 55(1984B) AllocSpace objects, 0(0B) LOS objects, 35% free, 29MB/45MB, paused 609us total 43.847ms
08-05 03:43:13.456  7568  7581 I art     : Starting a blocking GC Explicit
08-05 03:43:13.458   918  3263 D ConnectivityService: releasing NetworkRequest NetworkRequest [ id=3149, legacyType=-1, [ Capabilities: INTERNET&NOT_RESTRICTED&TRUSTED] ]
08-05 03:43:13.513  7568  7581 I art     : Explicit concurrent mark sweep GC freed 822(38KB) AllocSpace objects, 0(0B) LOS objects, 35% free, 29MB/45MB, paused 495us total 56.097ms
08-05 03:43:13.530  7568  7581 I art     : Starting a blocking GC Explicit
08-05 03:43:13.569  7568  7581 I art     : Explicit concurrent mark sweep GC freed 154(7KB) AllocSpace objects, 0(0B) LOS objects, 35% free, 29MB/45MB, paused 491us total 38.872ms
08-05 03:43:13.915  7568  7889 I art     : Starting a blocking GC Explicit
08-05 03:43:13.973  7568  7889 I art     : Explicit concurrent mark sweep GC freed 3304(199KB) AllocSpace objects, 2(48KB) LOS objects, 35% free, 29MB/45MB, paused 570us total 57.695ms
08-05 03:43:13.994  7568  7889 I art     : Starting a blocking GC Explicit
08-05 03:43:14.041  7568  7889 I art     : Explicit concurrent mark sweep GC freed 20(704B) AllocSpace objects, 0(0B) LOS objects, 35% free, 29MB/45MB, paused 485us total 46.668ms
08-05 03:43:14.059  7568  7889 I art     : Starting a blocking GC Explicit
08-05 03:43:14.105  7568  7889 I art     : Explicit concurrent mark sweep GC freed 3(96B) AllocSpace objects, 0(0B) LOS objects, 35% free, 29MB/45MB, paused 510us total 45.801ms
08-05 03:43:14.124  7568  7889 I art     : Starting a blocking GC Explicit
08-05 03:43:14.171  7568  7889 I art     : Explicit concurrent mark sweep GC freed 3(96B) AllocSpace objects, 0(0B) LOS objects, 35% free, 29MB/45MB, paused 474us total 46.221ms
08-05 03:43:14.189  7568  7889 I art     : Starting a blocking GC Explicit
08-05 03:43:14.235  7568  7889 I art     : Explicit concurrent mark sweep GC freed 3(96B) AllocSpace objects, 0(0B) LOS objects, 35% free, 29MB/45MB, paused 484us total 46.048ms
08-05 03:43:14.567  7568  7579 I art     : Starting a blocking GC Explicit
08-05 03:43:14.623  7568  7579 I art     : Explicit concurrent mark sweep GC freed 1354(82KB) AllocSpace objects, 1(20KB) LOS objects, 35% free, 29MB/45MB, paused 601us total 55.409ms
08-05 03:43:14.645  7568  7579 I art     : Starting a blocking GC Explicit
08-05 03:43:14.691  7568  7579 I art     : Explicit concurrent mark sweep GC freed 20(704B) AllocSpace objects, 0(0B) LOS objects, 35% free, 29MB/45MB, paused 586us total 46.055ms
08-05 03:43:14.710  7568  7579 I art     : Starting a blocking GC Explicit
08-05 03:43:14.758  7568  7579 I art     : Explicit concurrent mark sweep GC freed 3(96B) AllocSpace objects, 0(0B) LOS objects, 35% free, 29MB/45MB, paused 530us total 47.244ms
08-05 03:43:14.776  7568  7579 I art     : Starting a blocking GC Explicit
08-05 03:43:14.825  7568  7579 I art     : Explicit concurrent mark sweep GC freed 3(96B) AllocSpace objects, 0(0B) LOS objects, 35% free, 29MB/45MB, paused 557us total 48.375ms
08-05 03:43:14.844  7568  7579 I art     : Starting a blocking GC Explicit
08-05 03:43:14.883 10012 10012 D AndroidRuntime: >>>>>> START com.android.internal.os.RuntimeInit uid 2000 <<<<<<
08-05 03:43:14.889 10012 10012 D AndroidRuntime: CheckJNI is OFF
08-05 03:43:14.890  7568  7579 I art     : Explicit concurrent mark sweep GC freed 3(96B) AllocSpace objects, 0(0B) LOS objects, 35% free, 29MB/45MB, paused 542us total 46.361ms
08-05 03:43:14.935 10012 10012 D ICU     : No timezone override file found: /data/misc/zoneinfo/current/icu/icu_tzdata.dat
08-05 03:43:14.981 10012 10012 I Radio-JNI: register_android_hardware_Radio DONE
08-05 03:43:15.010 10012 10012 D AndroidRuntime: Calling main entry com.android.commands.input.Input
08-05 03:43:15.012 10012 10012 I Input   : injectKeyEvent: KeyEvent { action=ACTION_DOWN, keyCode=KEYCODE_BACK, scanCode=0, metaState=0, flags=0x0, repeatCount=0, eventTime=762211425, downTime=762211425, deviceId=-1, source=0x101 }
08-05 03:43:15.019 10012 10012 I Input   : injectKeyEvent: KeyEvent { action=ACTION_UP, keyCode=KEYCODE_BACK, scanCode=0, metaState=0, flags=0x0, repeatCount=0, eventTime=762211425, downTime=762211425, deviceId=-1, source=0x101 }
08-05 03:43:15.026 10012 10012 D AndroidRuntime: Shutting down VM
08-05 03:43:15.067 13866 13866 I GoogleInputMethodServic: GoogleInputMethodService.onFinishInput():3138 
08-05 03:43:15.067 13866 13866 I GoogleInputMethodServic: GoogleInputMethodService.onStartInput():1808 
08-05 03:43:15.199  7568  7581 I art     : Starting a blocking GC Explicit
08-05 03:43:15.255  7568  7581 I art     : Explicit concurrent mark sweep GC freed 1534(88KB) AllocSpace objects, 1(20KB) LOS objects, 35% free, 29MB/45MB, paused 482us total 55.634ms
08-05 03:43:15.277  7568  7581 I art     : Starting a blocking GC Explicit
08-05 03:43:15.320  7568  7581 I art     : Explicit concurrent mark sweep GC freed 24(864B) AllocSpace objects, 0(0B) LOS objects, 35% free, 29MB/45MB, paused 454us total 42.606ms
08-05 03:43:15.343  7568  7581 I art     : Starting a blocking GC Explicit
08-05 03:43:15.388  7568  7581 I art     : Explicit concurrent mark sweep GC freed 41(1360B) AllocSpace objects, 0(0B) LOS objects, 35% free, 29MB/45MB, paused 517us total 44.488ms
08-05 03:43:15.406  7568  7581 I art     : Starting a blocking GC Explicit
08-05 03:43:15.450  7568  7581 I art     : Explicit concurrent mark sweep GC freed 23(992B) AllocSpace objects, 0(0B) LOS objects, 35% free, 29MB/45MB, paused 552us total 43.664ms
08-05 03:43:15.469  7568  7581 I art     : Starting a blocking GC Explicit
08-05 03:43:15.514  7568  7581 I art     : Explicit concurrent mark sweep GC freed 133(6KB) AllocSpace objects, 0(0B) LOS objects, 35% free, 29MB/45MB, paused 528us total 44.924ms
08-05 03:43:15.860  7568  7579 I art     : Starting a blocking GC Explicit
08-05 03:43:15.922  7568  7579 I art     : Explicit concurrent mark sweep GC freed 1354(82KB) AllocSpace objects, 1(20KB) LOS objects, 35% free, 29MB/45MB, paused 593us total 61.583ms
08-05 03:43:15.941  7568  7579 I art     : Starting a blocking GC Explicit
08-05 03:43:15.988  7568  7579 I art     : Explicit concurrent mark sweep GC freed 20(704B) AllocSpace objects, 0(0B) LOS objects, 35% free, 29MB/45MB, paused 578us total 46.937ms
08-05 03:43:16.007  7568  7579 I art     : Starting a blocking GC Explicit
08-05 03:43:16.055  7568  7579 I art     : Explicit concurrent mark sweep GC freed 3(96B) AllocSpace objects, 0(0B) LOS objects, 35% free, 29MB/45MB, paused 540us total 47.681ms
08-05 03:43:16.074  7568  7579 I art     : Starting a blocking GC Explicit
08-05 03:43:16.121  7568  7579 I art     : Explicit concurrent mark sweep GC freed 3(96B) AllocSpace objects, 0(0B) LOS objects, 35% free, 29MB/45MB, paused 536us total 47.403ms
08-05 03:43:16.141  7568  7579 I art     : Starting a blocking GC Explicit
08-05 03:43:16.188  7568  7579 I art     : Explicit concurrent mark sweep GC freed 3(96B) AllocSpace objects, 0(0B) LOS objects, 35% free, 29MB/45MB, paused 586us total 47.017ms
08-05 03:43:16.510  7568  7889 I art     : Starting a blocking GC Explicit
08-05 03:43:16.551  5221  5221 I ServiceManager: Waiting for service AtCmdFwd...
08-05 03:43:16.557  7568  7889 I art     : Explicit concurrent mark sweep GC freed 1354(82KB) AllocSpace objects, 1(20KB) LOS objects, 35% free, 29MB/45MB, paused 543us total 46.730ms
08-05 03:43:16.575  7568  7889 I art     : Starting a blocking GC Explicit
08-05 03:43:16.623  7568  7889 I art     : Explicit concurrent mark sweep GC freed 76(2976B) AllocSpace objects, 0(0B) LOS objects, 35% free, 29MB/45MB, paused 566us total 47.527ms
08-05 03:43:16.642  7568  7889 I art     : Starting a blocking GC Explicit
08-05 03:43:16.693  7568  7889 I art     : Explicit concurrent mark sweep GC freed 3(96B) AllocSpace objects, 0(0B) LOS objects, 35% free, 29MB/45MB, paused 540us total 51.108ms
08-05 03:43:16.712  7568  7889 I art     : Starting a blocking GC Explicit
08-05 03:43:16.760  7568  7889 I art     : Explicit concurrent mark sweep GC freed 3(96B) AllocSpace objects, 0(0B) LOS objects, 35% free, 29MB/45MB, paused 568us total 48.050ms
08-05 03:43:16.779  7568  7889 I art     : Starting a blocking GC Explicit
08-05 03:43:16.828  7568  7889 I art     : Explicit concurrent mark sweep GC freed 3(96B) AllocSpace objects, 0(0B) LOS objects, 35% free, 29MB/45MB, paused 606us total 49.013ms
08-05 03:43:16.837 10056 10056 D AndroidRuntime: >>>>>> START com.android.internal.os.RuntimeInit uid 2000 <<<<<<
08-05 03:43:16.843 10056 10056 D AndroidRuntime: CheckJNI is OFF
08-05 03:43:16.886 10056 10056 D ICU     : No timezone override file found: /data/misc/zoneinfo/current/icu/icu_tzdata.dat
08-05 03:43:16.932 10056 10056 I Radio-JNI: register_android_hardware_Radio DONE
08-05 03:43:16.962 10056 10056 D AndroidRuntime: Calling main entry com.android.commands.input.Input
08-05 03:43:16.967 10056 10056 I Input   : injectMotionEvent: MotionEvent { action=ACTION_DOWN, actionButton=0, id[0]=0, x[0]=600.0, y[0]=1000.0, toolType[0]=TOOL_TYPE_UNKNOWN, buttonState=0, metaState=0, flags=0x0, edgeFlags=0x0, pointerCount=1, historySize=0, eventTime=762213379, downTime=762213379, deviceId=0, source=0x1002 }
08-05 03:43:16.974 10056 10056 I Input   : injectMotionEvent: MotionEvent { action=ACTION_UP, actionButton=0, id[0]=0, x[0]=600.0, y[0]=1000.0, toolType[0]=TOOL_TYPE_UNKNOWN, buttonState=0, metaState=0, flags=0x0, edgeFlags=0x0, pointerCount=1, historySize=0, eventTime=762213379, downTime=762213379, deviceId=0, source=0x1002 }
08-05 03:43:16.977 10056 10056 D AndroidRuntime: Shutting down VM
08-05 03:43:16.991   918  6111 I ActivityManager: START u0 {dat=https://oauth.reddit.com/... cmp=baseline.org.quantumbadger.redreader/.activities.PostListingActivity} from uid 10689 on display 0
08-05 03:43:16.993   512  2967 D audio_hw_primary: out_set_parameters: enter: usecase(1: low-latency-playback) kvpairs: routing=2
08-05 03:43:17.006   512  2967 D audio_hw_primary: select_devices: out_snd_device(2: speaker) in_snd_device(0: none)
08-05 03:43:17.006   512  2967 D msm8974_platform: platform_send_audio_calibration: sending audio calibration for snd_device(2) acdb_id(15)
08-05 03:43:17.007   512  2967 I soundtrigger: audio_extn_sound_trigger_update_device_status: device 0x2 of type 0 for Event 1
08-05 03:43:17.013  7568  7568 I AppCompatViewInflater: app:theme is now deprecated. Please move to using android:theme instead.
08-05 03:43:17.017   512  2967 D audio_hw_primary: enable_snd_device: snd_device(2: speaker)
08-05 03:43:17.019   512  2967 D audio_hw_primary: enable_audio_route: apply and update mixer path: low-latency-playback speaker
08-05 03:43:17.036  7568 10086 D OK      : calling: https://oauth.reddit.com/r/announcements/about.json
08-05 03:43:17.103   918   936 I ActivityManager: Displayed baseline.org.quantumbadger.redreader/.activities.PostListingActivity: +103ms
08-05 03:43:17.103 13866 13866 I GoogleInputMethodServic: GoogleInputMethodService.onFinishInput():3138 
08-05 03:43:17.104 13866 13866 I GoogleInputMethodServic: GoogleInputMethodService.onStartInput():1808 
08-05 03:43:17.156  7568  7889 I art     : Starting a blocking GC Explicit
08-05 03:43:17.208  7568  7889 I art     : Explicit concurrent mark sweep GC freed 3005(189KB) AllocSpace objects, 1(20KB) LOS objects, 35% free, 29MB/45MB, paused 1.021ms total 51.746ms
08-05 03:43:17.234  7568  7889 I art     : Starting a blocking GC Explicit
08-05 03:43:17.296  7568  7889 I art     : Explicit concurrent mark sweep GC freed 2434(103KB) AllocSpace objects, 0(0B) LOS objects, 35% free, 29MB/45MB, paused 1.573ms total 61.177ms
08-05 03:43:17.322  7568  7889 I art     : Starting a blocking GC Explicit
08-05 03:43:17.355   380   380 W SurfaceFlinger: couldn't log to binary event log: overflow.
08-05 03:43:17.386  7568 10086 I NAPPA_EXPERIMENTATION: MetricNetworkRequestExecutionTime: REQUEST_DURATION_SYSTEM='350',REQUEST_DURATION_OKHTTP='144',REQUEST_SYNCHRONOUS='TRUE',RESPONSE_CODE='200',RESPONSE_METHOD='GET',RESPONSE_LENGTH_OKHTTP='-1',RESPONSE_LENGTH_HEADER='1564',REQUEST_PROTOCOL='h2',REQUEST_URL='https://oauth.reddit.com/r/announcements/about.json',
08-05 03:43:17.386  7568 10086 D OK      : request got status: 200
08-05 03:43:17.387  7568  7889 I art     : Explicit concurrent mark sweep GC freed 425(24KB) AllocSpace objects, 0(0B) LOS objects, 35% free, 29MB/45MB, paused 1.033ms total 64.067ms
08-05 03:43:17.408  7568  7889 I art     : Starting a blocking GC Explicit
08-05 03:43:17.452  7568  7889 I art     : Explicit concurrent mark sweep GC freed 610(97KB) AllocSpace objects, 1(68KB) LOS objects, 35% free, 29MB/45MB, paused 621us total 43.424ms
08-05 03:43:17.470  7568  7889 I art     : Starting a blocking GC Explicit
08-05 03:43:17.518  7568  7889 I art     : Explicit concurrent mark sweep GC freed 654(41KB) AllocSpace objects, 1(68KB) LOS objects, 35% free, 29MB/45MB, paused 650us total 47.746ms
08-05 03:43:17.551  5221  5221 I ServiceManager: Waiting for service AtCmdFwd...
08-05 03:43:17.570   512  2967 D audio_hw_primary: disable_audio_route: reset and update mixer path: low-latency-playback speaker
08-05 03:43:17.571   512  2967 D audio_hw_primary: disable_snd_device: snd_device(2: speaker)
08-05 03:43:17.580   512  2967 I soundtrigger: audio_extn_sound_trigger_update_device_status: device 0x2 of type 0 for Event 0
08-05 03:43:17.857  7568  7889 I art     : Starting a blocking GC Explicit
08-05 03:43:17.906  7568  7889 I art     : Explicit concurrent mark sweep GC freed 1428(85KB) AllocSpace objects, 1(20KB) LOS objects, 35% free, 29MB/45MB, paused 542us total 48.458ms
08-05 03:43:17.925  7568  7889 I art     : Starting a blocking GC Explicit
08-05 03:43:17.972  7568  7889 I art     : Explicit concurrent mark sweep GC freed 20(704B) AllocSpace objects, 0(0B) LOS objects, 35% free, 29MB/45MB, paused 553us total 46.809ms
08-05 03:43:17.990  7568  7889 I art     : Starting a blocking GC Explicit
08-05 03:43:18.035  7568  7889 I art     : Explicit concurrent mark sweep GC freed 3(96B) AllocSpace objects, 0(0B) LOS objects, 35% free, 29MB/45MB, paused 587us total 44.688ms
08-05 03:43:18.053  7568  7889 I art     : Starting a blocking GC Explicit
08-05 03:43:18.098  7568  7889 I art     : Explicit concurrent mark sweep GC freed 3(96B) AllocSpace objects, 0(0B) LOS objects, 35% free, 29MB/45MB, paused 611us total 44.731ms
08-05 03:43:18.117  7568  7889 I art     : Starting a blocking GC Explicit
08-05 03:43:18.162  7568  7889 I art     : Explicit concurrent mark sweep GC freed 3(96B) AllocSpace objects, 0(0B) LOS objects, 35% free, 29MB/45MB, paused 566us total 44.860ms
08-05 03:43:18.236  7568 10104 D OK      : calling: https://oauth.reddit.com/r/announcements/hot/.json
08-05 03:43:18.493  7568  7889 I art     : Starting a blocking GC Explicit
08-05 03:43:18.503  7568 10104 I NAPPA_EXPERIMENTATION: MetricNetworkRequestExecutionTime: REQUEST_DURATION_SYSTEM='266',REQUEST_DURATION_OKHTTP='264',REQUEST_SYNCHRONOUS='TRUE',RESPONSE_CODE='200',RESPONSE_METHOD='GET',RESPONSE_LENGTH_OKHTTP='-1',RESPONSE_LENGTH_HEADER='142016',REQUEST_PROTOCOL='h2',REQUEST_URL='https://oauth.reddit.com/r/announcements/hot/.json',
08-05 03:43:18.504  7568 10104 D OK      : request got status: 200
08-05 03:43:18.517  7568  8164 I PostListingFragment: Precaching images: OFF
08-05 03:43:18.517  7568  8164 I PostListingFragment: Precaching comments: OFF
08-05 03:43:18.543  7568  7889 I art     : Explicit concurrent mark sweep GC freed 2254(168KB) AllocSpace objects, 1(20KB) LOS objects, 34% free, 29MB/45MB, paused 1.436ms total 49.694ms
08-05 03:43:18.552  5221  5221 I ServiceManager: Waiting for service AtCmdFwd...
08-05 03:43:18.562  7568  7889 I art     : Starting a blocking GC Explicit
08-05 03:43:18.613  7568  7889 I art     : Explicit concurrent mark sweep GC freed 1071(94KB) AllocSpace objects, 2(36KB) LOS objects, 34% free, 30MB/46MB, paused 1.061ms total 50.440ms
08-05 03:43:18.631  7568  7889 I art     : Starting a blocking GC Explicit
08-05 03:43:18.684  7568  7889 I art     : Explicit concurrent mark sweep GC freed 2306(107KB) AllocSpace objects, 2(36KB) LOS objects, 33% free, 31MB/47MB, paused 972us total 52.750ms
08-05 03:43:18.704  7568  7889 I art     : Starting a blocking GC Explicit
08-05 03:43:18.761  7568  7889 I art     : Explicit concurrent mark sweep GC freed 3658(270KB) AllocSpace objects, 10(552KB) LOS objects, 33% free, 32MB/48MB, paused 936us total 57.212ms
08-05 03:43:18.781  7568  7889 I art     : Starting a blocking GC Explicit
08-05 03:43:18.840  7568  7889 I art     : Explicit concurrent mark sweep GC freed 4696(259KB) AllocSpace objects, 5(348KB) LOS objects, 32% free, 33MB/49MB, paused 1ms total 58.988ms
08-05 03:43:19.127  7568  7568 W RecyclerView: Cannot call this method in a scroll callback. Scroll callbacks mightbe run during a measure & layout pass where you cannot change theRecyclerView data. Any method call that might change the structureof the RecyclerView or the adapter contents should be postponed tothe next frame.
08-05 03:43:19.127  7568  7568 W RecyclerView: java.lang.IllegalStateException:  androidx.recyclerview.widget.RecyclerView{9a22b8c VFED..... .F....ID 0,0-1440,2140 #7f0900ef app:id/scrollbar_recyclerview_recyclerview}, adapter:baseline.org.quantumbadger.redreader.adapters.GroupedRecyclerViewAdapter@d9962d5, layout:androidx.recyclerview.widget.LinearLayoutManager@c2a2aea, context:baseline.org.quantumbadger.redreader.activities.PostListingActivity@63d8b75
08-05 03:43:19.127  7568  7568 W RecyclerView: 	at androidx.recyclerview.widget.RecyclerView.assertNotInLayoutOrScroll(RecyclerView.java:3061)
08-05 03:43:19.127  7568  7568 W RecyclerView: 	at androidx.recyclerview.widget.RecyclerView$RecyclerViewDataObserver.onItemRangeInserted(RecyclerView.java:5555)
08-05 03:43:19.127  7568  7568 W RecyclerView: 	at androidx.recyclerview.widget.RecyclerView$AdapterDataObservable.notifyItemRangeInserted(RecyclerView.java:12278)
08-05 03:43:19.127  7568  7568 W RecyclerView: 	at androidx.recyclerview.widget.RecyclerView$Adapter.notifyItemInserted(RecyclerView.java:7464)
08-05 03:43:19.127  7568  7568 W RecyclerView: 	at baseline.org.quantumbadger.redreader.adapters.GroupedRecyclerViewAdapter.updateHiddenStatus(GroupedRecyclerViewAdapter.java:279)
08-05 03:43:19.127  7568  7568 W RecyclerView: 	at baseline.org.quantumbadger.redreader.adapters.RedditListingManager.setLoadingVisible(RedditListingManager.java:125)
08-05 03:43:19.127  7568  7568 W RecyclerView: 	at baseline.org.quantumbadger.redreader.fragments.PostListingFragment.onLoadMoreItemsCheck(PostListingFragment.java:465)
08-05 03:43:19.127  7568  7568 W RecyclerView: 	at baseline.org.quantumbadger.redreader.fragments.PostListingFragment.access$000(PostListingFragment.java:98)
08-05 03:43:19.127  7568  7568 W RecyclerView: 	at baseline.org.quantumbadger.redreader.fragments.PostListingFragment$2.onScrolled(PostListingFragment.java:215)
08-05 03:43:19.127  7568  7568 W RecyclerView: 	at androidx.recyclerview.widget.RecyclerView.dispatchOnScrolled(RecyclerView.java:5173)
08-05 03:43:19.127  7568  7568 W RecyclerView: 	at androidx.recyclerview.widget.RecyclerView.dispatchLayoutStep3(RecyclerView.java:4231)
08-05 03:43:19.127  7568  7568 W RecyclerView: 	at androidx.recyclerview.widget.RecyclerView.dispatchLayout(RecyclerView.java:3862)
08-05 03:43:19.127  7568  7568 W RecyclerView: 	at androidx.recyclerview.widget.RecyclerView.consumePendingUpdateOperations(RecyclerView.java:1897)
08-05 03:43:19.127  7568  7568 W RecyclerView: 	at androidx.recyclerview.widget.RecyclerView$1.run(RecyclerView.java:414)
08-05 03:43:19.127  7568  7568 W RecyclerView: 	at android.view.Choreographer$CallbackRecord.run(Choreographer.java:858)
08-05 03:43:19.127  7568  7568 W RecyclerView: 	at android.view.Choreographer.doCallbacks(Choreographer.java:670)
08-05 03:43:19.127  7568  7568 W RecyclerView: 	at android.view.Choreographer.doFrame(Choreographer.java:603)
08-05 03:43:19.127  7568  7568 W RecyclerView: 	at android.view.Choreographer$FrameDisplayEventReceiver.run(Choreographer.java:844)
08-05 03:43:19.127  7568  7568 W RecyclerView: 	at android.os.Handler.handleCallback(Handler.java:739)
08-05 03:43:19.127  7568  7568 W RecyclerView: 	at android.os.Handler.dispatchMessage(Handler.java:95)
08-05 03:43:19.127  7568  7568 W RecyclerView: 	at android.os.Looper.loop(Looper.java:148)
08-05 03:43:19.127  7568  7568 W RecyclerView: 	at android.app.ActivityThread.main(ActivityThread.java:5417)
08-05 03:43:19.127  7568  7568 W RecyclerView: 	at java.lang.reflect.Method.invoke(Native Method)
08-05 03:43:19.127  7568  7568 W RecyclerView: 	at com.android.internal.os.ZygoteInit$MethodAndArgsCaller.run(ZygoteInit.java:726)
08-05 03:43:19.127  7568  7568 W RecyclerView: 	at com.android.internal.os.ZygoteInit.main(ZygoteInit.java:616)
08-05 03:43:19.170  7568  7589 I art     : Starting a blocking GC Explicit
08-05 03:43:19.230  7568  7589 I art     : Explicit concurrent mark sweep GC freed 70910(3MB) AllocSpace objects, 26(1164KB) LOS objects, 33% free, 31MB/47MB, paused 610us total 59.649ms
08-05 03:43:19.249  7568  7589 I art     : Starting a blocking GC Explicit
08-05 03:43:19.297  7568  7589 I art     : Explicit concurrent mark sweep GC freed 1284(55KB) AllocSpace objects, 0(0B) LOS objects, 33% free, 31MB/47MB, paused 667us total 48.362ms
08-05 03:43:19.322  7568  7589 I art     : Starting a blocking GC Explicit
08-05 03:43:19.374  7568  7589 I art     : Explicit concurrent mark sweep GC freed 28(1136B) AllocSpace objects, 0(0B) LOS objects, 33% free, 31MB/47MB, paused 606us total 51.934ms
08-05 03:43:19.393  7568  7589 I art     : Starting a blocking GC Explicit
08-05 03:43:19.437  7568 10128 D OK      : calling: https://oauth.reddit.com/r/announcements/hot/.json?after=t3_9jf8nh
08-05 03:43:19.442  7568  7589 I art     : Explicit concurrent mark sweep GC freed 71(3KB) AllocSpace objects, 0(0B) LOS objects, 33% free, 31MB/47MB, paused 821us total 49.519ms
08-05 03:43:19.462  7568  7589 I art     : Starting a blocking GC Explicit
08-05 03:43:19.515  7568  7589 I art     : Explicit concurrent mark sweep GC freed 226(9KB) AllocSpace objects, 0(0B) LOS objects, 33% free, 31MB/47MB, paused 605us total 52.344ms
08-05 03:43:19.552  5221  5221 I ServiceManager: Waiting for service AtCmdFwd...
08-05 03:43:19.639  7568 10128 I NAPPA_EXPERIMENTATION: MetricNetworkRequestExecutionTime: REQUEST_DURATION_SYSTEM='201',REQUEST_DURATION_OKHTTP='192',REQUEST_SYNCHRONOUS='TRUE',RESPONSE_CODE='200',RESPONSE_METHOD='GET',RESPONSE_LENGTH_OKHTTP='-1',RESPONSE_LENGTH_HEADER='65685',REQUEST_PROTOCOL='h2',REQUEST_URL='https://oauth.reddit.com/r/announcements/hot/.json?after=t3_9jf8nh',
08-05 03:43:19.639  7568 10128 D OK      : request got status: 200
08-05 03:43:19.652  7568  8164 I PostListingFragment: Precaching images: OFF
08-05 03:43:19.653  7568  8164 I PostListingFragment: Precaching comments: OFF
08-05 03:43:19.859  7568  7581 I art     : Starting a blocking GC Explicit
08-05 03:43:19.920  7568  7581 I art     : Explicit concurrent mark sweep GC freed 14404(870KB) AllocSpace objects, 13(792KB) LOS objects, 32% free, 33MB/49MB, paused 902us total 61.525ms
08-05 03:43:19.941  7568  7581 I art     : Starting a blocking GC Explicit
08-05 03:43:20.002  7568  7581 I art     : Explicit concurrent mark sweep GC freed 4737(180KB) AllocSpace objects, 0(0B) LOS objects, 32% free, 33MB/49MB, paused 899us total 61.131ms
08-05 03:43:20.023  7568  7581 I art     : Starting a blocking GC Explicit
08-05 03:43:20.085  7568  7581 I art     : Explicit concurrent mark sweep GC freed 2448(89KB) AllocSpace objects, 0(0B) LOS objects, 32% free, 33MB/49MB, paused 703us total 61.557ms
08-05 03:43:20.105  7568  7581 I art     : Starting a blocking GC Explicit
08-05 03:43:20.164  7568  7581 I art     : Explicit concurrent mark sweep GC freed 16641(844KB) AllocSpace objects, 6(108KB) LOS objects, 33% free, 32MB/48MB, paused 644us total 58.736ms
08-05 03:43:20.184  7568  7581 I art     : Starting a blocking GC Explicit
08-05 03:43:20.240  7568  7581 I art     : Explicit concurrent mark sweep GC freed 3(96B) AllocSpace objects, 0(0B) LOS objects, 33% free, 32MB/48MB, paused 649us total 55.595ms
08-05 03:43:20.553  5221  5221 I ServiceManager: Waiting for service AtCmdFwd...
08-05 03:43:20.608  7568  7889 I art     : Starting a blocking GC Explicit
08-05 03:43:20.679  7568  7889 I art     : Explicit concurrent mark sweep GC freed 1380(84KB) AllocSpace objects, 1(20KB) LOS objects, 33% free, 32MB/48MB, paused 681us total 70.462ms
08-05 03:43:20.701  7568  7889 I art     : Starting a blocking GC Explicit
08-05 03:43:20.757  7568  7889 I art     : Explicit concurrent mark sweep GC freed 20(704B) AllocSpace objects, 0(0B) LOS objects, 33% free, 32MB/48MB, paused 522us total 55.758ms
08-05 03:43:20.776  7568  7889 I art     : Starting a blocking GC Explicit
08-05 03:43:20.833  7568  7889 I art     : Explicit concurrent mark sweep GC freed 3(96B) AllocSpace objects, 0(0B) LOS objects, 33% free, 32MB/48MB, paused 594us total 56.439ms
08-05 03:43:20.857  7568  7889 I art     : Starting a blocking GC Explicit
08-05 03:43:20.911  7568  7889 I art     : Explicit concurrent mark sweep GC freed 3(96B) AllocSpace objects, 0(0B) LOS objects, 33% free, 32MB/48MB, paused 590us total 54.089ms
08-05 03:43:20.931  7568  7889 I art     : Starting a blocking GC Explicit
08-05 03:43:20.984  7568  7889 I art     : Explicit concurrent mark sweep GC freed 3(96B) AllocSpace objects, 0(0B) LOS objects, 33% free, 32MB/48MB, paused 581us total 53.121ms
08-05 03:43:20.985  7568  7578 I art     : WaitForGcToComplete blocked for 53.400ms for cause HeapTrim
08-05 03:43:21.369  7568  7579 I art     : Starting a blocking GC Explicit
08-05 03:43:21.439  7568  7579 I art     : Explicit concurrent mark sweep GC freed 1355(83KB) AllocSpace objects, 1(20KB) LOS objects, 33% free, 32MB/48MB, paused 620us total 69.931ms
08-05 03:43:21.464  7568  7579 I art     : Starting a blocking GC Explicit
08-05 03:43:21.518  7568  7579 I art     : Explicit concurrent mark sweep GC freed 20(704B) AllocSpace objects, 0(0B) LOS objects, 33% free, 32MB/48MB, paused 612us total 54.313ms
08-05 03:43:21.538  7568  7579 I art     : Starting a blocking GC Explicit
08-05 03:43:21.553  5221  5221 W Atfwd_Sendcmd: AtCmdFwd service not published, waiting... retryCnt : 5
08-05 03:43:21.590  7568  7579 I art     : Explicit concurrent mark sweep GC freed 3(96B) AllocSpace objects, 0(0B) LOS objects, 33% free, 32MB/48MB, paused 515us total 51.661ms
08-05 03:43:21.610  7568  7579 I art     : Starting a blocking GC Explicit
08-05 03:43:21.662  7568  7579 I art     : Explicit concurrent mark sweep GC freed 3(96B) AllocSpace objects, 0(0B) LOS objects, 33% free, 32MB/48MB, paused 567us total 52.061ms
08-05 03:43:21.682  7568  7579 I art     : Starting a blocking GC Explicit
08-05 03:43:21.734  7568  7579 I art     : Explicit concurrent mark sweep GC freed 3(96B) AllocSpace objects, 0(0B) LOS objects, 33% free, 32MB/48MB, paused 584us total 51.630ms
08-05 03:43:22.117  7568  7589 I art     : Starting a blocking GC Explicit
08-05 03:43:22.181  7568  7589 I art     : Explicit concurrent mark sweep GC freed 1357(83KB) AllocSpace objects, 1(20KB) LOS objects, 33% free, 32MB/48MB, paused 550us total 63.423ms
08-05 03:43:22.203  7568  7589 I art     : Starting a blocking GC Explicit
08-05 03:43:22.248  7568  7589 I art     : Explicit concurrent mark sweep GC freed 20(704B) AllocSpace objects, 0(0B) LOS objects, 33% free, 32MB/48MB, paused 539us total 44.766ms
08-05 03:43:22.266  7568  7589 I art     : Starting a blocking GC Explicit
08-05 03:43:22.314  7568  7589 I art     : Explicit concurrent mark sweep GC freed 3(96B) AllocSpace objects, 0(0B) LOS objects, 33% free, 32MB/48MB, paused 540us total 47.480ms
08-05 03:43:22.333  7568  7589 I art     : Starting a blocking GC Explicit
08-05 03:43:22.382  7568  7589 I art     : Explicit concurrent mark sweep GC freed 3(96B) AllocSpace objects, 0(0B) LOS objects, 33% free, 32MB/48MB, paused 539us total 48.468ms
08-05 03:43:22.400  7568  7589 I art     : Starting a blocking GC Explicit
08-05 03:43:22.450  7568  7589 I art     : Explicit concurrent mark sweep GC freed 3(96B) AllocSpace objects, 0(0B) LOS objects, 33% free, 32MB/48MB, paused 585us total 49.008ms
08-05 03:43:22.743 10170 10170 D AndroidRuntime: >>>>>> START com.android.internal.os.RuntimeInit uid 2000 <<<<<<
08-05 03:43:22.749 10170 10170 D AndroidRuntime: CheckJNI is OFF
08-05 03:43:22.793 10170 10170 D ICU     : No timezone override file found: /data/misc/zoneinfo/current/icu/icu_tzdata.dat
08-05 03:43:22.812  7568  7581 I art     : Starting a blocking GC Explicit
08-05 03:43:22.837 10170 10170 I Radio-JNI: register_android_hardware_Radio DONE
08-05 03:43:22.867  7568  7581 I art     : Explicit concurrent mark sweep GC freed 1354(82KB) AllocSpace objects, 1(20KB) LOS objects, 33% free, 32MB/48MB, paused 561us total 54.718ms
08-05 03:43:22.867 10170 10170 D AndroidRuntime: Calling main entry com.android.commands.input.Input
08-05 03:43:22.869 10170 10170 I Input   : injectMotionEvent: MotionEvent { action=ACTION_DOWN, actionButton=0, id[0]=0, x[0]=600.0, y[0]=580.0, toolType[0]=TOOL_TYPE_UNKNOWN, buttonState=0, metaState=0, flags=0x0, edgeFlags=0x0, pointerCount=1, historySize=0, eventTime=762219282, downTime=762219282, deviceId=0, source=0x1002 }
08-05 03:43:22.880 10170 10170 I Input   : injectMotionEvent: MotionEvent { action=ACTION_UP, actionButton=0, id[0]=0, x[0]=600.0, y[0]=580.0, toolType[0]=TOOL_TYPE_UNKNOWN, buttonState=0, metaState=0, flags=0x0, edgeFlags=0x0, pointerCount=1, historySize=0, eventTime=762219282, downTime=762219282, deviceId=0, source=0x1002 }
08-05 03:43:22.883 10170 10170 D AndroidRuntime: Shutting down VM
08-05 03:43:22.886  7568  7581 I art     : Starting a blocking GC Explicit
08-05 03:43:22.899   512  2967 D audio_hw_primary: out_set_parameters: enter: usecase(1: low-latency-playback) kvpairs: routing=2
08-05 03:43:22.901   918  3961 I ActivityManager: START u0 {cmp=baseline.org.quantumbadger.redreader/.activities.WebViewActivity (has extras)} from uid 10689 on display 0
08-05 03:43:22.912   512  2967 D audio_hw_primary: select_devices: out_snd_device(2: speaker) in_snd_device(0: none)
08-05 03:43:22.912   512  2967 D msm8974_platform: platform_send_audio_calibration: sending audio calibration for snd_device(2) acdb_id(15)
08-05 03:43:22.912   512  2967 I soundtrigger: audio_extn_sound_trigger_update_device_status: device 0x2 of type 0 for Event 1
08-05 03:43:22.929   512  2967 D audio_hw_primary: enable_snd_device: snd_device(2: speaker)
08-05 03:43:22.931  7568  7568 I AppCompatViewInflater: app:theme is now deprecated. Please move to using android:theme instead.
08-05 03:43:22.931   512  2967 D audio_hw_primary: enable_audio_route: apply and update mixer path: low-latency-playback speaker
08-05 03:43:22.936  7568  7581 I art     : Explicit concurrent mark sweep GC freed 896(34KB) AllocSpace objects, 0(0B) LOS objects, 33% free, 32MB/48MB, paused 836us total 49.572ms
08-05 03:43:22.955  7568  7581 I art     : Starting a blocking GC Explicit
08-05 03:43:22.961   918  6112 D ConnectivityService: listenForNetwork for Listen from uid/pid:10689/7568 for NetworkRequest [ id=3150, legacyType=-1, [ Capabilities: INTERNET&NOT_RESTRICTED&TRUSTED] ]
08-05 03:43:22.997  7568  7581 I art     : Explicit concurrent mark sweep GC freed 9697(965KB) AllocSpace objects, 17(2MB) LOS objects, 35% free, 29MB/45MB, paused 696us total 42.604ms
08-05 03:43:23.015  7568  7581 I art     : Starting a blocking GC Explicit
08-05 03:43:23.057  7568  7581 I art     : Explicit concurrent mark sweep GC freed 1071(47KB) AllocSpace objects, 0(0B) LOS objects, 35% free, 29MB/45MB, paused 621us total 41.664ms
08-05 03:43:23.070 13866 13866 I GoogleInputMethodServic: GoogleInputMethodService.onFinishInput():3138 
08-05 03:43:23.070   918   936 I ActivityManager: Displayed baseline.org.quantumbadger.redreader/.activities.WebViewActivity: +158ms
08-05 03:43:23.071 13866 13866 I GoogleInputMethodServic: GoogleInputMethodService.onStartInput():1808 
08-05 03:43:23.075  7568  7581 I art     : Starting a blocking GC Explicit
08-05 03:43:23.122  7568  7581 I art     : Explicit concurrent mark sweep GC freed 172(7KB) AllocSpace objects, 0(0B) LOS objects, 35% free, 29MB/45MB, paused 496us total 46.987ms
08-05 03:43:23.341   380   380 W SurfaceFlinger: couldn't log to binary event log: overflow.
08-05 03:43:23.469   512  2967 D audio_hw_primary: disable_audio_route: reset and update mixer path: low-latency-playback speaker
08-05 03:43:23.470   512  2967 D audio_hw_primary: disable_snd_device: snd_device(2: speaker)
08-05 03:43:23.471  7568  7581 I art     : Starting a blocking GC Explicit
08-05 03:43:23.480   512  2967 I soundtrigger: audio_extn_sound_trigger_update_device_status: device 0x2 of type 0 for Event 0
08-05 03:43:23.519  7568  7581 I art     : Explicit concurrent mark sweep GC freed 2301(136KB) AllocSpace objects, 1(20KB) LOS objects, 35% free, 29MB/45MB, paused 556us total 47.382ms
08-05 03:43:23.550  7568  7581 I art     : Starting a blocking GC Explicit
08-05 03:43:23.559  7568 10115 I RedditChangeDataIO: Writing tmp data file at '/data/user/0/baseline.org.quantumbadger.redreader/files/rr_change_data_tmp.dat'
08-05 03:43:23.560  7568 10115 I RedditChangeDataManager: Taking snapshot...
08-05 03:43:23.560  7568 10115 I RedditChangeDataManager: Writing to stream...
08-05 03:43:23.560  7568 10115 I RedditChangeDataManager: Wrote 5 entries for user ''
08-05 03:43:23.560  7568 10115 I RedditChangeDataManager: All entries written to stream.
08-05 03:43:23.560  7568 10115 I RedditChangeDataIO: Write successful. Atomically replacing data file...
08-05 03:43:23.560  7568 10115 I RedditChangeDataIO: Write complete.
08-05 03:43:23.561  7568 10115 I RedditChangeDataIO: 134 bytes written in 2 ms
08-05 03:43:23.591  7568  7581 I art     : Explicit concurrent mark sweep GC freed 99(5KB) AllocSpace objects, 1(68KB) LOS objects, 35% free, 29MB/45MB, paused 554us total 41.380ms
08-05 03:43:23.609  7568  7581 I art     : Starting a blocking GC Explicit
08-05 03:43:23.654  7568  7581 I art     : Explicit concurrent mark sweep GC freed 19(1008B) AllocSpace objects, 0(0B) LOS objects, 35% free, 29MB/45MB, paused 541us total 45.030ms
08-05 03:43:23.674  7568  7581 I art     : Starting a blocking GC Explicit
08-05 03:43:23.724  7568  7581 I art     : Explicit concurrent mark sweep GC freed 10(320B) AllocSpace objects, 0(0B) LOS objects, 35% free, 29MB/45MB, paused 533us total 50.347ms
08-05 03:43:23.745  7568  7581 I art     : Starting a blocking GC Explicit
08-05 03:43:23.800  7568  7581 I art     : Explicit concurrent mark sweep GC freed 13(400B) AllocSpace objects, 0(0B) LOS objects, 35% free, 29MB/45MB, paused 765us total 54.181ms
08-05 03:43:24.165  7568  7579 I art     : Starting a blocking GC Explicit
08-05 03:43:24.220  7568  7579 I art     : Explicit concurrent mark sweep GC freed 1413(85KB) AllocSpace objects, 1(20KB) LOS objects, 35% free, 29MB/45MB, paused 585us total 54.492ms
08-05 03:43:24.241  7568  7579 I art     : Starting a blocking GC Explicit
08-05 03:43:24.296  7568  7579 I art     : Explicit concurrent mark sweep GC freed 28(960B) AllocSpace objects, 0(0B) LOS objects, 35% free, 29MB/45MB, paused 700us total 54.663ms
08-05 03:43:24.317  7568  7579 I art     : Starting a blocking GC Explicit
08-05 03:43:24.369  7568  7579 I art     : Explicit concurrent mark sweep GC freed 14(448B) AllocSpace objects, 0(0B) LOS objects, 35% free, 29MB/45MB, paused 713us total 50.950ms
08-05 03:43:24.390  7568  7579 I art     : Starting a blocking GC Explicit
08-05 03:43:24.409  7568  7568 I chromium: [INFO:CONSOLE(1)] "
08-05 03:43:24.409  7568  7568 I chromium:                   ,d"=,.,qOp,
08-05 03:43:24.409  7568  7568 I chromium:                  ,7'  ''$(  )
08-05 03:43:24.409  7568  7568 I chromium:                 ,7'      '?q$7'
08-05 03:43:24.409  7568  7568 I chromium:              ..,$$,.
08-05 03:43:24.409  7568  7568 I chromium:    ,.  .,,--***""***--,,.  .,
08-05 03:43:24.409  7568  7568 I chromium:     ,p''              ''q,   
08-05 03:43:24.409  7568  7568 I chromium: :  ,7'                      '7,  :
08-05 03:43:24.409  7568  7568 I chromium:  ' $      ,db,      ,db,      $ '
08-05 03:43:24.409  7568  7568 I chromium:   '$      $$      $$      $'    Using Reddit at work? Work for Reddit.
08-05 03:43:24.409  7568  7568 I chromium:   '$                          $'        https://www.reddit.com/jobs
08-05 03:43:24.409  7568  7568 I chromium:    '$.     .,        ,.     .$'
08-05 03:43:24.409  7568  7568 I chromium:     'b,     ''     ,d'
08-05 03:43:24.409  7568  7568 I chromium:      '?bn,,          ,,nd?'
08-05 03:43:24.409  7568  7568 I chromium:        ,7$ '''' $7,
08-05 03:43:24.409  7568  7568 I chromium:      , $              $ ,
08-05 03:43:24.409  7568  7568 I chromium:      $  :$              $:  $
08-05 03:43:24.409  7568  7568 I chromium:      $   $              $   $
08-05 03:43:24.409  7568  7568 I chromium:      'b  q:            :p  d'
08-05 03:43:24.409  7568  7568 I chromium:       '?$.          .$?'
08-05 03:43:24.409  7568  7568 I chromium:          'b            d'
08-05 03:43:24.409  7568  7568 I chromium:        ,'?,.      .,?',
08-05 03:43:24.409  7568  7568 I chromium:       ==--==--==--==
08-05 03:43:24.409  7568  7568 I chromium: ", source: https://www.redditstatic.com/desktop2x/Chat~Governance~Reddit.2ea93b134a9b2e5b1d9a.js (1)
08-05 03:43:24.443  7568  7579 I art     : Explicit concurrent mark sweep GC freed 13(2592B) AllocSpace objects, 0(0B) LOS objects, 35% free, 29MB/45MB, paused 582us total 53.319ms
08-05 03:43:24.465  7568  7579 I art     : Starting a blocking GC Explicit
08-05 03:43:24.516  7568  7579 I art     : Explicit concurrent mark sweep GC freed 13(416B) AllocSpace objects, 0(0B) LOS objects, 35% free, 29MB/45MB, paused 881us total 50.724ms
08-05 03:43:24.898  7568  7581 I art     : Starting a blocking GC Explicit
08-05 03:43:24.944  7568  7581 I art     : Explicit concurrent mark sweep GC freed 1715(128KB) AllocSpace objects, 1(20KB) LOS objects, 35% free, 29MB/45MB, paused 491us total 45.463ms
08-05 03:43:24.962  7568  7581 I art     : Starting a blocking GC Explicit
08-05 03:43:25.007  7568  7581 I art     : Explicit concurrent mark sweep GC freed 87(2944B) AllocSpace objects, 0(0B) LOS objects, 35% free, 29MB/45MB, paused 540us total 44.646ms
08-05 03:43:25.025  7568  7581 I art     : Starting a blocking GC Explicit
08-05 03:43:25.072  7568  7581 I art     : Explicit concurrent mark sweep GC freed 3(96B) AllocSpace objects, 0(0B) LOS objects, 35% free, 29MB/45MB, paused 541us total 46.283ms
08-05 03:43:25.091  7568  7581 I art     : Starting a blocking GC Explicit
08-05 03:43:25.138  7568  7581 I art     : Explicit concurrent mark sweep GC freed 3(96B) AllocSpace objects, 0(0B) LOS objects, 35% free, 29MB/45MB, paused 547us total 47.336ms
08-05 03:43:25.157  7568  7581 I art     : Starting a blocking GC Explicit
08-05 03:43:25.203  7568  7581 I art     : Explicit concurrent mark sweep GC freed 3(96B) AllocSpace objects, 0(0B) LOS objects, 35% free, 29MB/45MB, paused 529us total 46.422ms
08-05 03:43:25.331   518   646 I ThermalEngine: ACTION: GPU - Setting GPU[0] to 390000000
08-05 03:43:25.585  7568  7579 I art     : Starting a blocking GC Explicit
08-05 03:43:25.654  7568  7579 I art     : Explicit concurrent mark sweep GC freed 1569(95KB) AllocSpace objects, 1(20KB) LOS objects, 35% free, 29MB/45MB, paused 836us total 68.295ms
08-05 03:43:25.681  7568  7579 I art     : Starting a blocking GC Explicit
08-05 03:43:25.749  7568  7579 I art     : Explicit concurrent mark sweep GC freed 30(3KB) AllocSpace objects, 0(0B) LOS objects, 35% free, 29MB/45MB, paused 894us total 68.004ms
08-05 03:43:25.775  7568  7579 I art     : Starting a blocking GC Explicit
08-05 03:43:25.855  7568  7579 I art     : Explicit concurrent mark sweep GC freed 3(96B) AllocSpace objects, 0(0B) LOS objects, 35% free, 29MB/45MB, paused 769us total 79.523ms
08-05 03:43:25.880  7568  7579 I art     : Starting a blocking GC Explicit
08-05 03:43:25.949  7568  7579 I art     : Explicit concurrent mark sweep GC freed 3(96B) AllocSpace objects, 0(0B) LOS objects, 35% free, 29MB/45MB, paused 883us total 68.396ms
08-05 03:43:25.974  7568  7579 I art     : Starting a blocking GC Explicit
08-05 03:43:26.045  7568  7579 I art     : Explicit concurrent mark sweep GC freed 3(96B) AllocSpace objects, 0(0B) LOS objects, 35% free, 29MB/45MB, paused 853us total 70.447ms
08-05 03:43:26.438  7568  7581 I art     : Starting a blocking GC Explicit
08-05 03:43:26.504  7568  7581 I art     : Explicit concurrent mark sweep GC freed 1401(85KB) AllocSpace objects, 1(20KB) LOS objects, 35% free, 29MB/45MB, paused 1.718ms total 65.193ms
08-05 03:43:26.504  7568  7578 I art     : WaitForGcToComplete blocked for 64.739ms for cause HeapTrim
08-05 03:43:26.534  7568  7581 I art     : Starting a blocking GC Explicit
08-05 03:43:26.596  7568  7581 I art     : Explicit concurrent mark sweep GC freed 20(704B) AllocSpace objects, 0(0B) LOS objects, 35% free, 29MB/45MB, paused 1.388ms total 61.077ms
08-05 03:43:26.632  7568  7581 I art     : Starting a blocking GC Explicit
08-05 03:43:26.692  7568  7581 I art     : Explicit concurrent mark sweep GC freed 3(96B) AllocSpace objects, 0(0B) LOS objects, 35% free, 29MB/45MB, paused 839us total 59.851ms
08-05 03:43:26.731  7568  7581 I art     : Starting a blocking GC Explicit
08-05 03:43:26.792  7568  7581 I art     : Explicit concurrent mark sweep GC freed 3(96B) AllocSpace objects, 0(0B) LOS objects, 35% free, 29MB/45MB, paused 1.227ms total 60.432ms
08-05 03:43:26.832  7568  7581 I art     : Starting a blocking GC Explicit
08-05 03:43:26.900  7568  7581 I art     : Explicit concurrent mark sweep GC freed 3(96B) AllocSpace objects, 0(0B) LOS objects, 35% free, 29MB/45MB, paused 2.004ms total 67.701ms
08-05 03:43:27.314  7568  7889 I art     : Starting a blocking GC Explicit
08-05 03:43:27.400  7568  7889 I art     : Explicit concurrent mark sweep GC freed 1355(82KB) AllocSpace objects, 1(20KB) LOS objects, 35% free, 29MB/45MB, paused 5.292ms total 84.507ms
08-05 03:43:27.441  7568  7889 I art     : Starting a blocking GC Explicit
08-05 03:43:27.541  7568  7889 I art     : Explicit concurrent mark sweep GC freed 20(704B) AllocSpace objects, 0(0B) LOS objects, 35% free, 29MB/45MB, paused 851us total 99.522ms
08-05 03:43:27.567  7568  7889 I art     : Starting a blocking GC Explicit
08-05 03:43:27.642  7568  7889 I art     : Explicit concurrent mark sweep GC freed 3(96B) AllocSpace objects, 0(0B) LOS objects, 35% free, 29MB/45MB, paused 846us total 75.159ms
08-05 03:43:27.667  7568  7889 I art     : Starting a blocking GC Explicit
08-05 03:43:27.744  7568  7889 I art     : Explicit concurrent mark sweep GC freed 3(96B) AllocSpace objects, 0(0B) LOS objects, 35% free, 29MB/45MB, paused 828us total 76.312ms
08-05 03:43:27.769  7568  7889 I art     : Starting a blocking GC Explicit
08-05 03:43:27.834  7568  7889 I art     : Explicit concurrent mark sweep GC freed 3(96B) AllocSpace objects, 0(0B) LOS objects, 35% free, 29MB/45MB, paused 1.005ms total 63.830ms
08-05 03:43:27.918 10253 10253 D AndroidRuntime: >>>>>> START com.android.internal.os.RuntimeInit uid 2000 <<<<<<
08-05 03:43:27.924 10253 10253 D AndroidRuntime: CheckJNI is OFF
08-05 03:43:27.979 10253 10253 D ICU     : No timezone override file found: /data/misc/zoneinfo/current/icu/icu_tzdata.dat
08-05 03:43:28.035 10253 10253 I Radio-JNI: register_android_hardware_Radio DONE
08-05 03:43:28.069 10253 10253 D AndroidRuntime: Calling main entry com.android.commands.input.Input
08-05 03:43:28.071 10253 10253 I Input   : injectKeyEvent: KeyEvent { action=ACTION_DOWN, keyCode=KEYCODE_BACK, scanCode=0, metaState=0, flags=0x0, repeatCount=0, eventTime=762224483, downTime=762224483, deviceId=-1, source=0x101 }
08-05 03:43:28.078 10253 10253 I Input   : injectKeyEvent: KeyEvent { action=ACTION_UP, keyCode=KEYCODE_BACK, scanCode=0, metaState=0, flags=0x0, repeatCount=0, eventTime=762224483, downTime=762224483, deviceId=-1, source=0x101 }
08-05 03:43:28.085 10253 10253 D AndroidRuntime: Shutting down VM
08-05 03:43:28.157 13866 13866 I GoogleInputMethodServic: GoogleInputMethodService.onFinishInput():3138 
08-05 03:43:28.178 13866 13866 I GoogleInputMethodServic: GoogleInputMethodService.onStartInput():1808 
08-05 03:43:28.284  7568  7581 I art     : Starting a blocking GC Explicit
08-05 03:43:28.336   518   646 I ThermalEngine: ACTION: GPU - Setting GPU[0] to 450000000
08-05 03:43:28.360  7568  7581 I art     : Explicit concurrent mark sweep GC freed 1636(92KB) AllocSpace objects, 1(20KB) LOS objects, 35% free, 29MB/45MB, paused 639us total 76.393ms
08-05 03:43:28.381  7568  7581 I art     : Starting a blocking GC Explicit
08-05 03:43:28.438  7568  7581 I art     : Explicit concurrent mark sweep GC freed 24(864B) AllocSpace objects, 0(0B) LOS objects, 35% free, 29MB/45MB, paused 762us total 56.200ms
08-05 03:43:28.460  7568  7581 I art     : Starting a blocking GC Explicit
08-05 03:43:28.500   380   380 W SurfaceFlinger: couldn't log to binary event log: overflow.
08-05 03:43:28.514  7568  7581 I art     : Explicit concurrent mark sweep GC freed 52(1904B) AllocSpace objects, 0(0B) LOS objects, 35% free, 29MB/45MB, paused 679us total 53.008ms
08-05 03:43:28.532  7568  7581 I art     : Starting a blocking GC Explicit
08-05 03:43:28.542   918  3263 D ConnectivityService: releasing NetworkRequest NetworkRequest [ id=3150, legacyType=-1, [ Capabilities: INTERNET&NOT_RESTRICTED&TRUSTED] ]
08-05 03:43:28.572  7568  7581 I art     : Explicit concurrent mark sweep GC freed 835(39KB) AllocSpace objects, 0(0B) LOS objects, 35% free, 29MB/45MB, paused 466us total 39.371ms
08-05 03:43:28.589  7568  7581 I art     : Starting a blocking GC Explicit
08-05 03:43:28.629  7568  7581 I art     : Explicit concurrent mark sweep GC freed 142(7KB) AllocSpace objects, 0(0B) LOS objects, 35% free, 29MB/45MB, paused 440us total 39.023ms
08-05 03:43:28.965  7568  7579 I art     : Starting a blocking GC Explicit
08-05 03:43:29.028  7568  7579 I art     : Explicit concurrent mark sweep GC freed 3327(199KB) AllocSpace objects, 2(48KB) LOS objects, 35% free, 29MB/45MB, paused 481us total 61.948ms
08-05 03:43:29.048  7568  7579 I art     : Starting a blocking GC Explicit
08-05 03:43:29.095  7568  7579 I art     : Explicit concurrent mark sweep GC freed 20(704B) AllocSpace objects, 0(0B) LOS objects, 35% free, 29MB/45MB, paused 519us total 47.264ms
08-05 03:43:29.114  7568  7579 I art     : Starting a blocking GC Explicit
08-05 03:43:29.160  7568  7579 I art     : Explicit concurrent mark sweep GC freed 3(96B) AllocSpace objects, 0(0B) LOS objects, 35% free, 29MB/45MB, paused 469us total 45.561ms
08-05 03:43:29.179  7568  7579 I art     : Starting a blocking GC Explicit
08-05 03:43:29.228  7568  7579 I art     : Explicit concurrent mark sweep GC freed 3(96B) AllocSpace objects, 0(0B) LOS objects, 35% free, 29MB/45MB, paused 715us total 49.301ms
08-05 03:43:29.252  7568  7579 I art     : Starting a blocking GC Explicit
08-05 03:43:29.298  7568  7579 I art     : Explicit concurrent mark sweep GC freed 3(96B) AllocSpace objects, 0(0B) LOS objects, 35% free, 29MB/45MB, paused 512us total 45.658ms
08-05 03:43:29.634  7568  7889 I art     : Starting a blocking GC Explicit
08-05 03:43:29.692  7568  7889 I art     : Explicit concurrent mark sweep GC freed 1354(82KB) AllocSpace objects, 1(20KB) LOS objects, 35% free, 29MB/45MB, paused 537us total 57.531ms
08-05 03:43:29.714  7568  7889 I art     : Starting a blocking GC Explicit
08-05 03:43:29.765  7568  7889 I art     : Explicit concurrent mark sweep GC freed 20(704B) AllocSpace objects, 0(0B) LOS objects, 35% free, 29MB/45MB, paused 463us total 50.345ms
08-05 03:43:29.784  7568  7889 I art     : Starting a blocking GC Explicit
08-05 03:43:29.832  7568  7889 I art     : Explicit concurrent mark sweep GC freed 3(96B) AllocSpace objects, 0(0B) LOS objects, 35% free, 29MB/45MB, paused 472us total 48.179ms
08-05 03:43:29.852  7568  7889 I art     : Starting a blocking GC Explicit
08-05 03:43:29.900  7568  7889 I art     : Explicit concurrent mark sweep GC freed 3(96B) AllocSpace objects, 0(0B) LOS objects, 35% free, 29MB/45MB, paused 561us total 48.067ms
08-05 03:43:29.908 10292 10292 D AndroidRuntime: >>>>>> START com.android.internal.os.RuntimeInit uid 2000 <<<<<<
08-05 03:43:29.915 10292 10292 D AndroidRuntime: CheckJNI is OFF
08-05 03:43:29.919  7568  7889 I art     : Starting a blocking GC Explicit
08-05 03:43:29.959 10292 10292 D ICU     : No timezone override file found: /data/misc/zoneinfo/current/icu/icu_tzdata.dat
08-05 03:43:29.965  7568  7889 I art     : Explicit concurrent mark sweep GC freed 3(96B) AllocSpace objects, 0(0B) LOS objects, 35% free, 29MB/45MB, paused 486us total 45.662ms
08-05 03:43:30.008 10292 10292 I Radio-JNI: register_android_hardware_Radio DONE
08-05 03:43:30.037 10292 10292 D AndroidRuntime: Calling main entry com.android.commands.input.Input
08-05 03:43:30.038 10292 10292 I Input   : injectKeyEvent: KeyEvent { action=ACTION_DOWN, keyCode=KEYCODE_BACK, scanCode=0, metaState=0, flags=0x0, repeatCount=0, eventTime=762226451, downTime=762226451, deviceId=-1, source=0x101 }
08-05 03:43:30.045 10292 10292 I Input   : injectKeyEvent: KeyEvent { action=ACTION_UP, keyCode=KEYCODE_BACK, scanCode=0, metaState=0, flags=0x0, repeatCount=0, eventTime=762226451, downTime=762226451, deviceId=-1, source=0x101 }
08-05 03:43:30.051 10292 10292 D AndroidRuntime: Shutting down VM
08-05 03:43:30.102 13866 13866 I GoogleInputMethodServic: GoogleInputMethodService.onFinishInput():3138 
08-05 03:43:30.103 13866 13866 I GoogleInputMethodServic: GoogleInputMethodService.onStartInput():1808 
08-05 03:43:30.279  7568  7581 I art     : Starting a blocking GC Explicit
08-05 03:43:30.335  7568  7581 I art     : Explicit concurrent mark sweep GC freed 1533(88KB) AllocSpace objects, 1(20KB) LOS objects, 35% free, 29MB/45MB, paused 471us total 55.917ms
08-05 03:43:30.358  7568  7581 I art     : Starting a blocking GC Explicit
08-05 03:43:30.407  7568  7581 I art     : Explicit concurrent mark sweep GC freed 54(1712B) AllocSpace objects, 0(0B) LOS objects, 35% free, 29MB/45MB, paused 608us total 48.712ms
08-05 03:43:30.427  7568  7581 I art     : Starting a blocking GC Explicit
08-05 03:43:30.473  7568  7581 I art     : Explicit concurrent mark sweep GC freed 38(1632B) AllocSpace objects, 0(0B) LOS objects, 35% free, 29MB/45MB, paused 493us total 45.483ms
08-05 03:43:30.492  7568  7581 I art     : Starting a blocking GC Explicit
08-05 03:43:30.538  7568  7581 I art     : Explicit concurrent mark sweep GC freed 133(6KB) AllocSpace objects, 0(0B) LOS objects, 35% free, 29MB/45MB, paused 544us total 46.401ms
08-05 03:43:30.557  7568  7581 I art     : Starting a blocking GC Explicit
08-05 03:43:30.604  7568  7581 I art     : Explicit concurrent mark sweep GC freed 3(96B) AllocSpace objects, 0(0B) LOS objects, 35% free, 29MB/45MB, paused 501us total 46.128ms
08-05 03:43:30.941  7568  7589 I art     : Starting a blocking GC Explicit
08-05 03:43:30.997  7568  7589 I art     : Explicit concurrent mark sweep GC freed 1354(82KB) AllocSpace objects, 1(20KB) LOS objects, 35% free, 29MB/45MB, paused 504us total 55.535ms
08-05 03:43:31.016  7568  7589 I art     : Starting a blocking GC Explicit
08-05 03:43:31.063  7568  7589 I art     : Explicit concurrent mark sweep GC freed 20(704B) AllocSpace objects, 0(0B) LOS objects, 35% free, 29MB/45MB, paused 458us total 46.874ms
08-05 03:43:31.082  7568  7589 I art     : Starting a blocking GC Explicit
08-05 03:43:31.129  7568  7589 I art     : Explicit concurrent mark sweep GC freed 3(96B) AllocSpace objects, 0(0B) LOS objects, 35% free, 29MB/45MB, paused 519us total 47.319ms
08-05 03:43:31.148  7568  7589 I art     : Starting a blocking GC Explicit
08-05 03:43:31.194  7568  7589 I art     : Explicit concurrent mark sweep GC freed 3(96B) AllocSpace objects, 0(0B) LOS objects, 35% free, 29MB/45MB, paused 505us total 45.906ms
08-05 03:43:31.213  7568  7589 I art     : Starting a blocking GC Explicit
08-05 03:43:31.261  7568  7589 I art     : Explicit concurrent mark sweep GC freed 3(96B) AllocSpace objects, 0(0B) LOS objects, 35% free, 29MB/45MB, paused 512us total 47.896ms
08-05 03:43:31.611  7568  7889 I art     : Starting a blocking GC Explicit
08-05 03:43:31.670  7568  7889 I art     : Explicit concurrent mark sweep GC freed 1354(82KB) AllocSpace objects, 1(20KB) LOS objects, 35% free, 29MB/45MB, paused 1.034ms total 58.459ms
08-05 03:43:31.696  7568  7889 I art     : Starting a blocking GC Explicit
08-05 03:43:31.749  7568  7889 I art     : Explicit concurrent mark sweep GC freed 20(704B) AllocSpace objects, 0(0B) LOS objects, 35% free, 29MB/45MB, paused 524us total 52.346ms
08-05 03:43:31.768  7568  7889 I art     : Starting a blocking GC Explicit
08-05 03:43:31.811 10336 10336 D AndroidRuntime: >>>>>> START com.android.internal.os.RuntimeInit uid 2000 <<<<<<
08-05 03:43:31.813  7568  7889 I art     : Explicit concurrent mark sweep GC freed 3(96B) AllocSpace objects, 0(0B) LOS objects, 35% free, 29MB/45MB, paused 571us total 45.115ms
08-05 03:43:31.817 10336 10336 D AndroidRuntime: CheckJNI is OFF
08-05 03:43:31.832  7568  7889 I art     : Starting a blocking GC Explicit
08-05 03:43:31.863 10336 10336 D ICU     : No timezone override file found: /data/misc/zoneinfo/current/icu/icu_tzdata.dat
08-05 03:43:31.880  7568  7889 I art     : Explicit concurrent mark sweep GC freed 3(96B) AllocSpace objects, 0(0B) LOS objects, 35% free, 29MB/45MB, paused 547us total 47.590ms
08-05 03:43:31.899  7568  7889 I art     : Starting a blocking GC Explicit
08-05 03:43:31.911 10336 10336 I Radio-JNI: register_android_hardware_Radio DONE
08-05 03:43:31.941 10336 10336 D AndroidRuntime: Calling main entry com.android.commands.input.Input
08-05 03:43:31.943 10336 10336 I Input   : injectMotionEvent: MotionEvent { action=ACTION_DOWN, actionButton=0, id[0]=0, x[0]=600.0, y[0]=1733.0, toolType[0]=TOOL_TYPE_UNKNOWN, buttonState=0, metaState=0, flags=0x0, edgeFlags=0x0, pointerCount=1, historySize=0, eventTime=762228355, downTime=762228355, deviceId=0, source=0x1002 }
08-05 03:43:31.946  7568  7889 I art     : Explicit concurrent mark sweep GC freed 3(96B) AllocSpace objects, 0(0B) LOS objects, 35% free, 29MB/45MB, paused 510us total 47.072ms
08-05 03:43:31.949 10336 10336 I Input   : injectMotionEvent: MotionEvent { action=ACTION_UP, actionButton=0, id[0]=0, x[0]=600.0, y[0]=1733.0, toolType[0]=TOOL_TYPE_UNKNOWN, buttonState=0, metaState=0, flags=0x0, edgeFlags=0x0, pointerCount=1, historySize=0, eventTime=762228355, downTime=762228355, deviceId=0, source=0x1002 }
08-05 03:43:31.951 10336 10336 D AndroidRuntime: Shutting down VM
08-05 03:43:31.956   512  2967 D audio_hw_primary: out_set_parameters: enter: usecase(1: low-latency-playback) kvpairs: routing=2
08-05 03:43:31.958   918  3359 I ActivityManager: START u0 {dat=https://oauth.reddit.com/... cmp=baseline.org.quantumbadger.redreader/.activities.PostListingActivity} from uid 10689 on display 0
08-05 03:43:31.969   512  2967 D audio_hw_primary: select_devices: out_snd_device(2: speaker) in_snd_device(0: none)
08-05 03:43:31.969   512  2967 D msm8974_platform: platform_send_audio_calibration: sending audio calibration for snd_device(2) acdb_id(15)
08-05 03:43:31.969   512  2967 I soundtrigger: audio_extn_sound_trigger_update_device_status: device 0x2 of type 0 for Event 1
08-05 03:43:31.982   512  2967 D audio_hw_primary: enable_snd_device: snd_device(2: speaker)
08-05 03:43:31.984  7568  7568 I AppCompatViewInflater: app:theme is now deprecated. Please move to using android:theme instead.
08-05 03:43:31.984   512  2967 D audio_hw_primary: enable_audio_route: apply and update mixer path: low-latency-playback speaker
08-05 03:43:32.007  7568 10360 D OK      : calling: https://oauth.reddit.com/r/aww/about.json
08-05 03:43:32.069   918   936 I ActivityManager: Displayed baseline.org.quantumbadger.redreader/.activities.PostListingActivity: +100ms
08-05 03:43:32.070 13866 13866 I GoogleInputMethodServic: GoogleInputMethodService.onFinishInput():3138 
08-05 03:43:32.071 13866 13866 I GoogleInputMethodServic: GoogleInputMethodService.onStartInput():1808 
08-05 03:43:32.258  7568  7581 I art     : Starting a blocking GC Explicit
08-05 03:43:32.316  7568  7581 I art     : Explicit concurrent mark sweep GC freed 4974(265KB) AllocSpace objects, 1(20KB) LOS objects, 35% free, 29MB/45MB, paused 577us total 57.329ms
08-05 03:43:32.321   380   380 W SurfaceFlinger: couldn't log to binary event log: overflow.
08-05 03:43:32.338  7568  7581 I art     : Starting a blocking GC Explicit
08-05 03:43:32.346  7568 10360 I NAPPA_EXPERIMENTATION: MetricNetworkRequestExecutionTime: REQUEST_DURATION_SYSTEM='339',REQUEST_DURATION_OKHTTP='159',REQUEST_SYNCHRONOUS='TRUE',RESPONSE_CODE='200',RESPONSE_METHOD='GET',RESPONSE_LENGTH_OKHTTP='-1',RESPONSE_LENGTH_HEADER='3478',REQUEST_PROTOCOL='h2',REQUEST_URL='https://oauth.reddit.com/r/aww/about.json',
08-05 03:43:32.346  7568 10360 D OK      : request got status: 200
08-05 03:43:32.383  7568  7581 I art     : Explicit concurrent mark sweep GC freed 1601(190KB) AllocSpace objects, 1(68KB) LOS objects, 35% free, 29MB/45MB, paused 705us total 44.204ms
08-05 03:43:32.400  7568  7581 I art     : Starting a blocking GC Explicit
08-05 03:43:32.444  7568  7581 I art     : Explicit concurrent mark sweep GC freed 732(45KB) AllocSpace objects, 1(68KB) LOS objects, 35% free, 29MB/45MB, paused 2.081ms total 43.786ms
08-05 03:43:32.466  7568  7581 I art     : Starting a blocking GC Explicit
08-05 03:43:32.513  7568  7581 I art     : Explicit concurrent mark sweep GC freed 139(7KB) AllocSpace objects, 0(0B) LOS objects, 35% free, 29MB/45MB, paused 527us total 47.123ms
08-05 03:43:32.519   512  2967 D audio_hw_primary: disable_audio_route: reset and update mixer path: low-latency-playback speaker
08-05 03:43:32.520   512  2967 D audio_hw_primary: disable_snd_device: snd_device(2: speaker)
08-05 03:43:32.528   512  2967 I soundtrigger: audio_extn_sound_trigger_update_device_status: device 0x2 of type 0 for Event 0
08-05 03:43:32.531  7568  7581 I art     : Starting a blocking GC Explicit
08-05 03:43:32.577  7568  7581 I art     : Explicit concurrent mark sweep GC freed 3(96B) AllocSpace objects, 0(0B) LOS objects, 35% free, 29MB/45MB, paused 565us total 45.594ms
08-05 03:43:32.912  7568  7889 I art     : Starting a blocking GC Explicit
08-05 03:43:32.961  7568  7889 I art     : Explicit concurrent mark sweep GC freed 1413(85KB) AllocSpace objects, 1(20KB) LOS objects, 35% free, 29MB/45MB, paused 552us total 48.666ms
08-05 03:43:32.979  7568  7889 I art     : Starting a blocking GC Explicit
08-05 03:43:33.025  7568  7889 I art     : Explicit concurrent mark sweep GC freed 20(704B) AllocSpace objects, 0(0B) LOS objects, 35% free, 29MB/45MB, paused 489us total 45.720ms
08-05 03:43:33.045  7568  7889 I art     : Starting a blocking GC Explicit
08-05 03:43:33.091  7568  7889 I art     : Explicit concurrent mark sweep GC freed 3(96B) AllocSpace objects, 0(0B) LOS objects, 35% free, 29MB/45MB, paused 588us total 45.993ms
08-05 03:43:33.110  7568  7889 I art     : Starting a blocking GC Explicit
08-05 03:43:33.157  7568  7889 I art     : Explicit concurrent mark sweep GC freed 3(96B) AllocSpace objects, 0(0B) LOS objects, 35% free, 29MB/45MB, paused 713us total 47.169ms
08-05 03:43:33.175  7568  7889 I art     : Starting a blocking GC Explicit
08-05 03:43:33.208  7568 10384 D OK      : calling: https://oauth.reddit.com/r/aww/hot/.json
08-05 03:43:33.221  7568  7889 I art     : Explicit concurrent mark sweep GC freed 94(3KB) AllocSpace objects, 0(0B) LOS objects, 35% free, 29MB/45MB, paused 600us total 45.393ms
08-05 03:43:33.453  7568 10384 I NAPPA_EXPERIMENTATION: MetricNetworkRequestExecutionTime: REQUEST_DURATION_SYSTEM='245',REQUEST_DURATION_OKHTTP='241',REQUEST_SYNCHRONOUS='TRUE',RESPONSE_CODE='200',RESPONSE_METHOD='GET',RESPONSE_LENGTH_OKHTTP='-1',RESPONSE_LENGTH_HEADER='33430',REQUEST_PROTOCOL='h2',REQUEST_URL='https://oauth.reddit.com/r/aww/hot/.json',
08-05 03:43:33.453  7568 10384 D OK      : request got status: 200
08-05 03:43:33.459  7568  8164 I PostListingFragment: Precaching images: OFF
08-05 03:43:33.459  7568  8164 I PostListingFragment: Precaching comments: OFF
08-05 03:43:33.470  7568 10395 D OK      : calling: https://b.thumbs.redditmedia.com/CKInrczASoQbNvSBStGz11Tok0uCyQoxmZ02sOE37sQ.jpg
08-05 03:43:33.479  7568 10396 D OK      : calling: https://a.thumbs.redditmedia.com/sKVnLbatvJCZOE2ooe6CgiEftOB3ukgPMdcydbk9CZ4.jpg
08-05 03:43:33.480  7568  8164 I getImgurImageInfo: Image NSO7Npm: trying API v3 with auth
08-05 03:43:33.483  7568 10397 D OK      : calling: https://api.gfycat.com/v1/gfycats/deadlygravecavy
08-05 03:43:33.487  7568 10398 D OK      : calling: https://a.thumbs.redditmedia.com/dFt2-stQJkfZ8O7r7ywG9GQsF08fZXxEJfQtAmiJ-F8.jpg
08-05 03:43:33.497  7568 10399 D OK      : calling: https://b.thumbs.redditmedia.com/1cAaKl6LkrikiRbLsBzzOvufKqRKuPi3wgjUkX8axkI.jpg
08-05 03:43:33.500  7568 10400 D OK      : calling: https://api.imgur.com/3/image/NSO7Npm
08-05 03:43:33.504  7568 10401 D OK      : calling: https://b.thumbs.redditmedia.com/NUqJWcobH7ToYhCM0w6nnAFZ46ymm9vPD25BC3s7Wco.jpg
08-05 03:43:33.510  7568 10402 D OK      : calling: https://b.thumbs.redditmedia.com/bUY4al781EZ3q7hUlnLebemHCXE3e63_SSxl2uo4Q4A.jpg
08-05 03:43:33.518  7568 10403 D OK      : calling: https://b.thumbs.redditmedia.com/tTmEfIrujbsvZXbhNSQS6Pc7o7ShCaGqZHbYf7nWdfg.jpg
08-05 03:43:33.520  7568 10404 D OK      : calling: https://b.thumbs.redditmedia.com/_H8tFMmL5-3GrxYkCtMSHiyNfjbX8pxctOw_vrzyw7o.jpg
08-05 03:43:33.523  7568 10405 D OK      : calling: https://b.thumbs.redditmedia.com/JTSWFy2_tijPk6cA5noKDydEAMkMJcDmKQTSX178zwc.jpg
08-05 03:43:33.527  7568 10406 D OK      : calling: https://b.thumbs.redditmedia.com/N6fiqTp8nJD2l7sUz4nij7j1yHYMTKaflUIrn8E2bAU.jpg
08-05 03:43:33.532  7568 10407 D OK      : calling: https://b.thumbs.redditmedia.com/HkEQtny0bE4H3dMCd_woPsLAXBoPwp_DZ4ioFNIQLKk.jpg
08-05 03:43:33.535  7568 10409 D OK      : calling: https://b.thumbs.redditmedia.com/lVNra-iScxkYcYtSstJ-7J7pRAUDRXIwwJhsen1ZK9g.jpg
08-05 03:43:33.537  7568 10410 D OK      : calling: https://v.redd.it/fkewv2f65kd51/DASHPlaylist.mpd
08-05 03:43:33.544  7568 10411 D OK      : calling: https://b.thumbs.redditmedia.com/lQKqDneXS8E7ZBD9cUQy4OqOt8PuTneSvVFtnU0pwCE.jpg
08-05 03:43:33.546  7568 10413 D OK      : calling: https://api.gfycat.com/v1/gfycats/altruisticthankfulankolewatusi
08-05 03:43:33.547  7568 10412 D OK      : calling: https://b.thumbs.redditmedia.com/X3yyAViE0gxiHR-kf9Z5xmLa8dKsm8iWJyKdWNVtOhU.jpg
08-05 03:43:33.552  7568 10414 D OK      : calling: https://v.redd.it/ak6rer1hskd51/DASHPlaylist.mpd
08-05 03:43:33.558  7568 10415 D OK      : calling: https://api.gfycat.com/v1/gfycats/foolhardysparklinglarva
08-05 03:43:33.566  7568 10416 D OK      : calling: https://b.thumbs.redditmedia.com/Bx9FZp8_w10DfFUf_mqVPMfu4Y0h2lo41Dh4tl2eNeQ.jpg
08-05 03:43:33.573  7568 10417 D OK      : calling: https://v.redd.it/h49fg58ygjd51/DASHPlaylist.mpd
08-05 03:43:33.578  7568 10418 D OK      : calling: https://a.thumbs.redditmedia.com/KpcC72KH04Be3BqxmFbv_Gz7LCy-24GU-70or3KCdJ4.jpg
08-05 03:43:33.579  7568 10419 D OK      : calling: https://a.thumbs.redditmedia.com/cEOtajy3CAQrjwSA3hhSqnPx8bfkRzglo7Lz1SBTmE0.jpg
08-05 03:43:33.581  7568 10420 D OK      : calling: https://b.thumbs.redditmedia.com/RrJbRRjFZWmckrONtkPTloJh52FfqD_XkLMuYuuQvAg.jpg
08-05 03:43:33.587  7568 10421 D OK      : calling: https://v.redd.it/1ewzkieg0jd51/DASHPlaylist.mpd
08-05 03:43:33.597  7568 10422 D OK      : calling: https://b.thumbs.redditmedia.com/chqK3f9u3D7UmfrGP85f4sOQFihMk6q7fFSeMyWs_7E.jpg
08-05 03:43:33.600  7568 10423 D OK      : calling: https://b.thumbs.redditmedia.com/B18Vu5Jw71XCkFOFHimnUC42ya8apHsmcCW-HFmtb6w.jpg
08-05 03:43:33.601  7568  7589 I art     : Starting a blocking GC Explicit
08-05 03:43:33.603  7568 10424 D OK      : calling: https://b.thumbs.redditmedia.com/iZuzjufMpYUYtQRLjRwce4RDb6JYsId95_iezR2Uc0w.jpg
08-05 03:43:33.612  7568 10426 D OK      : calling: https://v.redd.it/s9qqadf3mid51/DASHPlaylist.mpd
08-05 03:43:33.613  7568 10425 D OK      : calling: https://v.redd.it/ppmhu2r9thd51/DASHPlaylist.mpd
08-05 03:43:33.616  7568 10427 D OK      : calling: https://v.redd.it/b8vazlcb7ld51/DASHPlaylist.mpd
08-05 03:43:33.621  7568 10429 D OK      : calling: https://b.thumbs.redditmedia.com/XNb1kfskabGDLMqv661Q22hBtCb8w5oyePDcFaZi9aY.jpg
08-05 03:43:33.627  7568 10430 D OK      : calling: https://b.thumbs.redditmedia.com/lMqJbh1Z40ffemA0TnSfVnovznn4hvJNue60AsJ-ETs.jpg
08-05 03:43:33.629  7568 10431 D OK      : calling: https://b.thumbs.redditmedia.com/x5l4cICw0WNNvslt5FqVjwj89XrGjrXnNbaSyQRAyCo.jpg
08-05 03:43:33.631  7568 10432 D OK      : calling: https://b.thumbs.redditmedia.com/189nmwjW7eGWBD0J-cxzsUac1V1ZWGzMFC66inY4u4Y.jpg
08-05 03:43:33.635  7568 10433 D OK      : calling: https://v.redd.it/ty24o02m1hd51/DASHPlaylist.mpd
08-05 03:43:33.650  7568 10435 D OK      : calling: https://b.thumbs.redditmedia.com/d_-UsfmKASoIHi4vZyyjvvwFtm1S7-DEi9AQPOnGIgY.jpg
08-05 03:43:33.659  7568 10436 D OK      : calling: https://v.redd.it/ar5k8892pid51/DASHPlaylist.mpd
08-05 03:43:33.678  7568  7589 I art     : Explicit concurrent mark sweep GC freed 27161(1282KB) AllocSpace objects, 2(88KB) LOS objects, 33% free, 31MB/47MB, paused 3.417ms total 77.029ms
08-05 03:43:33.697  7568  7589 I art     : Starting a blocking GC Explicit
08-05 03:43:33.755  7568  7589 I art     : Explicit concurrent mark sweep GC freed 24442(1189KB) AllocSpace objects, 1(68KB) LOS objects, 34% free, 30MB/46MB, paused 3.242ms total 58.450ms
08-05 03:43:33.758  7568  7568 W RecyclerView: Cannot call this method in a scroll callback. Scroll callbacks mightbe run during a measure & layout pass where you cannot change theRecyclerView data. Any method call that might change the structureof the RecyclerView or the adapter contents should be postponed tothe next frame.
08-05 03:43:33.758  7568  7568 W RecyclerView: java.lang.IllegalStateException:  androidx.recyclerview.widget.RecyclerView{414fd79 VFED..... .F....ID 0,0-1440,2140 #7f0900ef app:id/scrollbar_recyclerview_recyclerview}, adapter:baseline.org.quantumbadger.redreader.adapters.GroupedRecyclerViewAdapter@6c0fabe, layout:androidx.recyclerview.widget.LinearLayoutManager@984d71f, context:baseline.org.quantumbadger.redreader.activities.PostListingActivity@516d89a
08-05 03:43:33.758  7568  7568 W RecyclerView: 	at androidx.recyclerview.widget.RecyclerView.assertNotInLayoutOrScroll(RecyclerView.java:3061)
08-05 03:43:33.758  7568  7568 W RecyclerView: 	at androidx.recyclerview.widget.RecyclerView$RecyclerViewDataObserver.onItemRangeInserted(RecyclerView.java:5555)
08-05 03:43:33.758  7568  7568 W RecyclerView: 	at androidx.recyclerview.widget.RecyclerView$AdapterDataObservable.notifyItemRangeInserted(RecyclerView.java:12278)
08-05 03:43:33.758  7568  7568 W RecyclerView: 	at androidx.recyclerview.widget.RecyclerView$Adapter.notifyItemInserted(RecyclerView.java:7464)
08-05 03:43:33.758  7568  7568 W RecyclerView: 	at baseline.org.quantumbadger.redreader.adapters.GroupedRecyclerViewAdapter.updateHiddenStatus(GroupedRecyclerViewAdapter.java:279)
08-05 03:43:33.758  7568  7568 W RecyclerView: 	at baseline.org.quantumbadger.redreader.adapters.RedditListingManager.setLoadingVisible(RedditListingManager.java:125)
08-05 03:43:33.758  7568  7568 W RecyclerView: 	at baseline.org.quantumbadger.redreader.fragments.PostListingFragment.onLoadMoreItemsCheck(PostListingFragment.java:465)
08-05 03:43:33.758  7568  7568 W RecyclerView: 	at baseline.org.quantumbadger.redreader.fragments.PostListingFragment.access$000(PostListingFragment.java:98)
08-05 03:43:33.758  7568  7568 W RecyclerView: 	at baseline.org.quantumbadger.redreader.fragments.PostListingFragment$2.onScrolled(PostListingFragment.java:215)
08-05 03:43:33.758  7568  7568 W RecyclerView: 	at androidx.recyclerview.widget.RecyclerView.dispatchOnScrolled(RecyclerView.java:5173)
08-05 03:43:33.758  7568  7568 W RecyclerView: 	at androidx.recyclerview.widget.RecyclerView.dispatchLayoutStep3(RecyclerView.java:4231)
08-05 03:43:33.758  7568  7568 W RecyclerView: 	at androidx.recyclerview.widget.RecyclerView.dispatchLayout(RecyclerView.java:3862)
08-05 03:43:33.758  7568  7568 W RecyclerView: 	at androidx.recyclerview.widget.RecyclerView.consumePendingUpdateOperations(RecyclerView.java:1897)
08-05 03:43:33.758  7568  7568 W RecyclerView: 	at androidx.recyclerview.widget.RecyclerView$1.run(RecyclerView.java:414)
08-05 03:43:33.758  7568  7568 W RecyclerView: 	at android.view.Choreographer$CallbackRecord.run(Choreographer.java:858)
08-05 03:43:33.758  7568  7568 W RecyclerView: 	at android.view.Choreographer.doCallbacks(Choreographer.java:670)
08-05 03:43:33.758  7568  7568 W RecyclerView: 	at android.view.Choreographer.doFrame(Choreographer.java:603)
08-05 03:43:33.758  7568  7568 W RecyclerView: 	at android.view.Choreographer$FrameDisplayEventReceiver.run(Choreographer.java:844)
08-05 03:43:33.758  7568  7568 W RecyclerView: 	at android.os.Handler.handleCallback(Handler.java:739)
08-05 03:43:33.758  7568  7568 W RecyclerView: 	at android.os.Handler.dispatchMessage(Handler.java:95)
08-05 03:43:33.758  7568  7568 W RecyclerView: 	at android.os.Looper.loop(Looper.java:148)
08-05 03:43:33.758  7568  7568 W RecyclerView: 	at android.app.ActivityThread.main(ActivityThread.java:5417)
08-05 03:43:33.758  7568  7568 W RecyclerView: 	at java.lang.reflect.Method.invoke(Native Method)
08-05 03:43:33.758  7568  7568 W RecyclerView: 	at com.android.internal.os.ZygoteInit$MethodAndArgsCaller.run(ZygoteInit.java:726)
08-05 03:43:33.758  7568  7568 W RecyclerView: 	at com.android.internal.os.ZygoteInit.main(ZygoteInit.java:616)
08-05 03:43:33.774  7568  7589 I art     : Starting a blocking GC Explicit
08-05 03:43:33.829  7568  7589 I art     : Explicit concurrent mark sweep GC freed 2946(220KB) AllocSpace objects, 0(0B) LOS objects, 34% free, 30MB/46MB, paused 2.765ms total 55.534ms
08-05 03:43:33.849  7568  7589 I art     : Starting a blocking GC Explicit
08-05 03:43:33.904  7568  7589 I art     : Explicit concurrent mark sweep GC freed 4497(273KB) AllocSpace objects, 0(0B) LOS objects, 34% free, 30MB/46MB, paused 2.770ms total 54.360ms
08-05 03:43:33.923  7568  7589 I art     : Starting a blocking GC Explicit
08-05 03:43:33.976  7568  7589 I art     : Explicit concurrent mark sweep GC freed 535(61KB) AllocSpace objects, 0(0B) LOS objects, 34% free, 30MB/46MB, paused 2.607ms total 53.406ms
08-05 03:43:34.190  7568 10396 I NAPPA_EXPERIMENTATION: MetricNetworkRequestExecutionTime: REQUEST_DURATION_SYSTEM='711',REQUEST_DURATION_OKHTTP='355',REQUEST_SYNCHRONOUS='TRUE',RESPONSE_CODE='200',RESPONSE_METHOD='GET',RESPONSE_LENGTH_OKHTTP='4487',RESPONSE_LENGTH_HEADER='4487',REQUEST_PROTOCOL='h2',REQUEST_URL='https://a.thumbs.redditmedia.com/sKVnLbatvJCZOE2ooe6CgiEftOB3ukgPMdcydbk9CZ4.jpg',
08-05 03:43:34.190  7568 10396 D OK      : request got status: 200
08-05 03:43:34.282  7568 10398 I NAPPA_EXPERIMENTATION: MetricNetworkRequestExecutionTime: REQUEST_DURATION_SYSTEM='793',REQUEST_DURATION_OKHTTP='412',REQUEST_SYNCHRONOUS='TRUE',RESPONSE_CODE='200',RESPONSE_METHOD='GET',RESPONSE_LENGTH_OKHTTP='6530',RESPONSE_LENGTH_HEADER='6530',REQUEST_PROTOCOL='h2',REQUEST_URL='https://a.thumbs.redditmedia.com/dFt2-stQJkfZ8O7r7ywG9GQsF08fZXxEJfQtAmiJ-F8.jpg',
08-05 03:43:34.282  7568 10398 D OK      : request got status: 200
08-05 03:43:34.325  7568  7589 I art     : Starting a blocking GC Explicit
08-05 03:43:34.387  7568  7589 I art     : Explicit concurrent mark sweep GC freed 52648(2MB) AllocSpace objects, 11(684KB) LOS objects, 34% free, 30MB/46MB, paused 2.707ms total 62.418ms
08-05 03:43:34.395  7568 10395 I NAPPA_EXPERIMENTATION: MetricNetworkRequestExecutionTime: REQUEST_DURATION_SYSTEM='925',REQUEST_DURATION_OKHTTP='513',REQUEST_SYNCHRONOUS='TRUE',RESPONSE_CODE='200',RESPONSE_METHOD='GET',RESPONSE_LENGTH_OKHTTP='3891',RESPONSE_LENGTH_HEADER='3891',REQUEST_PROTOCOL='h2',REQUEST_URL='https://b.thumbs.redditmedia.com/CKInrczASoQbNvSBStGz11Tok0uCyQoxmZ02sOE37sQ.jpg',
08-05 03:43:34.395  7568 10395 D OK      : request got status: 200
08-05 03:43:34.407  7568  7589 I art     : Starting a blocking GC Explicit
08-05 03:43:34.412  7568 10480 D OK      : calling: https://oauth.reddit.com/r/aww/hot/.json?after=t3_hz5odc
08-05 03:43:34.465  7568  7589 I art     : Explicit concurrent mark sweep GC freed 11077(459KB) AllocSpace objects, 1(68KB) LOS objects, 34% free, 30MB/46MB, paused 2.990ms total 58.591ms
08-05 03:43:34.487  7568  7589 I art     : Starting a blocking GC Explicit
08-05 03:43:34.494  7568 10404 I NAPPA_EXPERIMENTATION: MetricNetworkRequestExecutionTime: REQUEST_DURATION_SYSTEM='973',REQUEST_DURATION_OKHTTP='477',REQUEST_SYNCHRONOUS='TRUE',RESPONSE_CODE='200',RESPONSE_METHOD='GET',RESPONSE_LENGTH_OKHTTP='6434',RESPONSE_LENGTH_HEADER='6434',REQUEST_PROTOCOL='h2',REQUEST_URL='https://b.thumbs.redditmedia.com/_H8tFMmL5-3GrxYkCtMSHiyNfjbX8pxctOw_vrzyw7o.jpg',
08-05 03:43:34.494  7568 10404 D OK      : request got status: 200
08-05 03:43:34.543  7568  7589 I art     : Explicit concurrent mark sweep GC freed 6978(405KB) AllocSpace objects, 5(256KB) LOS objects, 34% free, 30MB/46MB, paused 2.507ms total 55.080ms
08-05 03:43:34.562  7568  7589 I art     : Starting a blocking GC Explicit
08-05 03:43:34.573  7568 10403 I NAPPA_EXPERIMENTATION: MetricNetworkRequestExecutionTime: REQUEST_DURATION_SYSTEM='1055',REQUEST_DURATION_OKHTTP='556',REQUEST_SYNCHRONOUS='TRUE',RESPONSE_CODE='200',RESPONSE_METHOD='GET',RESPONSE_LENGTH_OKHTTP='5439',RESPONSE_LENGTH_HEADER='5439',REQUEST_PROTOCOL='h2',REQUEST_URL='https://b.thumbs.redditmedia.com/tTmEfIrujbsvZXbhNSQS6Pc7o7ShCaGqZHbYf7nWdfg.jpg',
08-05 03:43:34.573  7568 10403 D OK      : request got status: 200
08-05 03:43:34.587  7568 10418 I NAPPA_EXPERIMENTATION: MetricNetworkRequestExecutionTime: REQUEST_DURATION_SYSTEM='1009',REQUEST_DURATION_OKHTTP='491',REQUEST_SYNCHRONOUS='TRUE',RESPONSE_CODE='200',RESPONSE_METHOD='GET',RESPONSE_LENGTH_OKHTTP='4798',RESPONSE_LENGTH_HEADER='4798',REQUEST_PROTOCOL='h2',REQUEST_URL='https://a.thumbs.redditmedia.com/KpcC72KH04Be3BqxmFbv_Gz7LCy-24GU-70or3KCdJ4.jpg',
08-05 03:43:34.587  7568 10418 D OK      : request got status: 200
08-05 03:43:34.588  7568 10401 I NAPPA_EXPERIMENTATION: MetricNetworkRequestExecutionTime: REQUEST_DURATION_SYSTEM='1084',REQUEST_DURATION_OKHTTP='571',REQUEST_SYNCHRONOUS='TRUE',RESPONSE_CODE='200',RESPONSE_METHOD='GET',RESPONSE_LENGTH_OKHTTP='6242',RESPONSE_LENGTH_HEADER='6242',REQUEST_PROTOCOL='h2',REQUEST_URL='https://b.thumbs.redditmedia.com/NUqJWcobH7ToYhCM0w6nnAFZ46ymm9vPD25BC3s7Wco.jpg',
08-05 03:43:34.588  7568 10401 D OK      : request got status: 200
08-05 03:43:34.616  7568  7589 I art     : Explicit concurrent mark sweep GC freed 6667(337KB) AllocSpace objects, 7(392KB) LOS objects, 33% free, 31MB/47MB, paused 2.274ms total 53.888ms
08-05 03:43:34.635  7568  7589 I art     : Starting a blocking GC Explicit
08-05 03:43:34.652  7568 10399 I NAPPA_EXPERIMENTATION: MetricNetworkRequestExecutionTime: REQUEST_DURATION_SYSTEM='1154',REQUEST_DURATION_OKHTTP='608',REQUEST_SYNCHRONOUS='TRUE',RESPONSE_CODE='200',RESPONSE_METHOD='GET',RESPONSE_LENGTH_OKHTTP='5113',RESPONSE_LENGTH_HEADER='5113',REQUEST_PROTOCOL='h2',REQUEST_URL='https://b.thumbs.redditmedia.com/1cAaKl6LkrikiRbLsBzzOvufKqRKuPi3wgjUkX8axkI.jpg',
08-05 03:43:34.652  7568 10399 D OK      : request got status: 200
08-05 03:43:34.658  7568 10419 I NAPPA_EXPERIMENTATION: MetricNetworkRequestExecutionTime: REQUEST_DURATION_SYSTEM='1079',REQUEST_DURATION_OKHTTP='543',REQUEST_SYNCHRONOUS='TRUE',RESPONSE_CODE='200',RESPONSE_METHOD='GET',RESPONSE_LENGTH_OKHTTP='5648',RESPONSE_LENGTH_HEADER='5648',REQUEST_PROTOCOL='h2',REQUEST_URL='https://a.thumbs.redditmedia.com/cEOtajy3CAQrjwSA3hhSqnPx8bfkRzglo7Lz1SBTmE0.jpg',
08-05 03:43:34.658  7568 10419 D OK      : request got status: 200
08-05 03:43:34.662  7568 10402 I NAPPA_EXPERIMENTATION: MetricNetworkRequestExecutionTime: REQUEST_DURATION_SYSTEM='1152',REQUEST_DURATION_OKHTTP='642',REQUEST_SYNCHRONOUS='TRUE',RESPONSE_CODE='200',RESPONSE_METHOD='GET',RESPONSE_LENGTH_OKHTTP='6131',RESPONSE_LENGTH_HEADER='6131',REQUEST_PROTOCOL='h2',REQUEST_URL='https://b.thumbs.redditmedia.com/bUY4al781EZ3q7hUlnLebemHCXE3e63_SSxl2uo4Q4A.jpg',
08-05 03:43:34.662  7568 10402 D OK      : request got status: 200
08-05 03:43:34.686  7568  7589 I art     : Explicit concurrent mark sweep GC freed 1331(206KB) AllocSpace objects, 14(948KB) LOS objects, 33% free, 31MB/47MB, paused 1.977ms total 51.103ms
08-05 03:43:34.759  7568 10407 I NAPPA_EXPERIMENTATION: MetricNetworkRequestExecutionTime: REQUEST_DURATION_SYSTEM='1227',REQUEST_DURATION_OKHTTP='711',REQUEST_SYNCHRONOUS='TRUE',RESPONSE_CODE='200',RESPONSE_METHOD='GET',RESPONSE_LENGTH_OKHTTP='8699',RESPONSE_LENGTH_HEADER='8699',REQUEST_PROTOCOL='h2',REQUEST_URL='https://b.thumbs.redditmedia.com/HkEQtny0bE4H3dMCd_woPsLAXBoPwp_DZ4ioFNIQLKk.jpg',
08-05 03:43:34.759  7568 10407 D OK      : request got status: 200
08-05 03:43:34.777  7568 10410 I NAPPA_EXPERIMENTATION: MetricNetworkRequestExecutionTime: REQUEST_DURATION_SYSTEM='1239',REQUEST_DURATION_OKHTTP='722',REQUEST_SYNCHRONOUS='TRUE',RESPONSE_CODE='200',RESPONSE_METHOD='GET',RESPONSE_LENGTH_OKHTTP='2700',RESPONSE_LENGTH_HEADER='2700',REQUEST_PROTOCOL='h2',REQUEST_URL='https://v.redd.it/fkewv2f65kd51/DASHPlaylist.mpd',
08-05 03:43:34.777  7568 10410 D OK      : request got status: 200
08-05 03:43:34.798  7568 10409 I NAPPA_EXPERIMENTATION: MetricNetworkRequestExecutionTime: REQUEST_DURATION_SYSTEM='1263',REQUEST_DURATION_OKHTTP='739',REQUEST_SYNCHRONOUS='TRUE',RESPONSE_CODE='200',RESPONSE_METHOD='GET',RESPONSE_LENGTH_OKHTTP='4018',RESPONSE_LENGTH_HEADER='4018',REQUEST_PROTOCOL='h2',REQUEST_URL='https://b.thumbs.redditmedia.com/lVNra-iScxkYcYtSstJ-7J7pRAUDRXIwwJhsen1ZK9g.jpg',
08-05 03:43:34.798  7568 10409 D OK      : request got status: 200
08-05 03:43:34.813  7568 10410 I RedditVideosAPI: For 'https://v.redd.it/fkewv2f65kd51/DASHPlaylist.mpd', got video stream 'https://v.redd.it/fkewv2f65kd51/DASH_480' and audio stream 'https://v.redd.it/fkewv2f65kd51/audio'
08-05 03:43:34.824  7568 10417 I NAPPA_EXPERIMENTATION: MetricNetworkRequestExecutionTime: REQUEST_DURATION_SYSTEM='1251',REQUEST_DURATION_OKHTTP='720',REQUEST_SYNCHRONOUS='TRUE',RESPONSE_CODE='200',RESPONSE_METHOD='GET',RESPONSE_LENGTH_OKHTTP='2429',RESPONSE_LENGTH_HEADER='2429',REQUEST_PROTOCOL='h2',REQUEST_URL='https://v.redd.it/h49fg58ygjd51/DASHPlaylist.mpd',
08-05 03:43:34.824  7568 10417 D OK      : request got status: 200
08-05 03:43:34.832  7568 10400 I NAPPA_EXPERIMENTATION: MetricNetworkRequestExecutionTime: REQUEST_DURATION_SYSTEM='1331',REQUEST_DURATION_OKHTTP='780',REQUEST_SYNCHRONOUS='TRUE',RESPONSE_CODE='200',RESPONSE_METHOD='GET',RESPONSE_LENGTH_OKHTTP='-1',RESPONSE_LENGTH_HEADER='379',REQUEST_PROTOCOL='h2',REQUEST_URL='https://api.imgur.com/3/image/NSO7Npm',
08-05 03:43:34.832  7568 10400 D OK      : request got status: 200
08-05 03:43:34.856  7568 10406 I NAPPA_EXPERIMENTATION: MetricNetworkRequestExecutionTime: REQUEST_DURATION_SYSTEM='1329',REQUEST_DURATION_OKHTTP='795',REQUEST_SYNCHRONOUS='TRUE',RESPONSE_CODE='200',RESPONSE_METHOD='GET',RESPONSE_LENGTH_OKHTTP='7265',RESPONSE_LENGTH_HEADER='7265',REQUEST_PROTOCOL='h2',REQUEST_URL='https://b.thumbs.redditmedia.com/N6fiqTp8nJD2l7sUz4nij7j1yHYMTKaflUIrn8E2bAU.jpg',
08-05 03:43:34.856  7568 10406 D OK      : request got status: 200
08-05 03:43:34.874  7568 10405 I NAPPA_EXPERIMENTATION: MetricNetworkRequestExecutionTime: REQUEST_DURATION_SYSTEM='1351',REQUEST_DURATION_OKHTTP='790',REQUEST_SYNCHRONOUS='TRUE',RESPONSE_CODE='200',RESPONSE_METHOD='GET',RESPONSE_LENGTH_OKHTTP='6634',RESPONSE_LENGTH_HEADER='6634',REQUEST_PROTOCOL='h2',REQUEST_URL='https://b.thumbs.redditmedia.com/JTSWFy2_tijPk6cA5noKDydEAMkMJcDmKQTSX178zwc.jpg',
08-05 03:43:34.874  7568 10405 D OK      : request got status: 200
08-05 03:43:34.908  7568 10414 I NAPPA_EXPERIMENTATION: MetricNetworkRequestExecutionTime: REQUEST_DURATION_SYSTEM='1356',REQUEST_DURATION_OKHTTP='711',REQUEST_SYNCHRONOUS='TRUE',RESPONSE_CODE='200',RESPONSE_METHOD='GET',RESPONSE_LENGTH_OKHTTP='1713',RESPONSE_LENGTH_HEADER='1713',REQUEST_PROTOCOL='h2',REQUEST_URL='https://v.redd.it/ak6rer1hskd51/DASHPlaylist.mpd',
08-05 03:43:34.909  7568 10414 D OK      : request got status: 200
08-05 03:43:34.933  7568 10426 I NAPPA_EXPERIMENTATION: MetricNetworkRequestExecutionTime: REQUEST_DURATION_SYSTEM='1321',REQUEST_DURATION_OKHTTP='640',REQUEST_SYNCHRONOUS='TRUE',RESPONSE_CODE='200',RESPONSE_METHOD='GET',RESPONSE_LENGTH_OKHTTP='2698',RESPONSE_LENGTH_HEADER='2698',REQUEST_PROTOCOL='h2',REQUEST_URL='https://v.redd.it/s9qqadf3mid51/DASHPlaylist.mpd',
08-05 03:43:34.933  7568 10426 D OK      : request got status: 200
08-05 03:43:34.945  7568 10416 I NAPPA_EXPERIMENTATION: MetricNetworkRequestExecutionTime: REQUEST_DURATION_SYSTEM='1377',REQUEST_DURATION_OKHTTP='856',REQUEST_SYNCHRONOUS='TRUE',RESPONSE_CODE='200',RESPONSE_METHOD='GET',RESPONSE_LENGTH_OKHTTP='5207',RESPONSE_LENGTH_HEADER='5207',REQUEST_PROTOCOL='h2',REQUEST_URL='https://b.thumbs.redditmedia.com/Bx9FZp8_w10DfFUf_mqVPMfu4Y0h2lo41Dh4tl2eNeQ.jpg',
08-05 03:43:34.945  7568 10433 I NAPPA_EXPERIMENTATION: MetricNetworkRequestExecutionTime: REQUEST_DURATION_SYSTEM='1309',REQUEST_DURATION_OKHTTP='639',REQUEST_SYNCHRONOUS='TRUE',RESPONSE_CODE='200',RESPONSE_METHOD='GET',RESPONSE_LENGTH_OKHTTP='2071',RESPONSE_LENGTH_HEADER='2071',REQUEST_PROTOCOL='h2',REQUEST_URL='https://v.redd.it/ty24o02m1hd51/DASHPlaylist.mpd',
08-05 03:43:34.945  7568 10416 D OK      : request got status: 200
08-05 03:43:34.945  7568 10433 D OK      : request got status: 200
08-05 03:43:34.954  7568 10411 I NAPPA_EXPERIMENTATION: MetricNetworkRequestExecutionTime: REQUEST_DURATION_SYSTEM='1410',REQUEST_DURATION_OKHTTP='842',REQUEST_SYNCHRONOUS='TRUE',RESPONSE_CODE='200',RESPONSE_METHOD='GET',RESPONSE_LENGTH_OKHTTP='6093',RESPONSE_LENGTH_HEADER='6093',REQUEST_PROTOCOL='h2',REQUEST_URL='https://b.thumbs.redditmedia.com/lQKqDneXS8E7ZBD9cUQy4OqOt8PuTneSvVFtnU0pwCE.jpg',
08-05 03:43:34.954  7568 10411 D OK      : request got status: 200
08-05 03:43:34.965  7568 10427 I NAPPA_EXPERIMENTATION: MetricNetworkRequestExecutionTime: REQUEST_DURATION_SYSTEM='1348',REQUEST_DURATION_OKHTTP='642',REQUEST_SYNCHRONOUS='TRUE',RESPONSE_CODE='200',RESPONSE_METHOD='GET',RESPONSE_LENGTH_OKHTTP='3060',RESPONSE_LENGTH_HEADER='3060',REQUEST_PROTOCOL='h2',REQUEST_URL='https://v.redd.it/b8vazlcb7ld51/DASHPlaylist.mpd',
08-05 03:43:34.965  7568 10427 D OK      : request got status: 200
08-05 03:43:34.969  7568 10417 I RedditVideosAPI: For 'https://v.redd.it/h49fg58ygjd51/DASHPlaylist.mpd', got video stream 'https://v.redd.it/h49fg58ygjd51/DASH_480' and audio stream 'null'
08-05 03:43:34.992  7568 10425 I NAPPA_EXPERIMENTATION: MetricNetworkRequestExecutionTime: REQUEST_DURATION_SYSTEM='1379',REQUEST_DURATION_OKHTTP='601',REQUEST_SYNCHRONOUS='TRUE',RESPONSE_CODE='200',RESPONSE_METHOD='GET',RESPONSE_LENGTH_OKHTTP='2787',RESPONSE_LENGTH_HEADER='2787',REQUEST_PROTOCOL='h2',REQUEST_URL='https://v.redd.it/ppmhu2r9thd51/DASHPlaylist.mpd',
08-05 03:43:34.993  7568 10425 D OK      : request got status: 200
08-05 03:43:35.000  7568 10480 I NAPPA_EXPERIMENTATION: MetricNetworkRequestExecutionTime: REQUEST_DURATION_SYSTEM='588',REQUEST_DURATION_OKHTTP='585',REQUEST_SYNCHRONOUS='TRUE',RESPONSE_CODE='200',RESPONSE_METHOD='GET',RESPONSE_LENGTH_OKHTTP='-1',RESPONSE_LENGTH_HEADER='30610',REQUEST_PROTOCOL='h2',REQUEST_URL='https://oauth.reddit.com/r/aww/hot/.json?after=t3_hz5odc',
08-05 03:43:35.000  7568 10480 D OK      : request got status: 200
08-05 03:43:35.002  7568 10412 I NAPPA_EXPERIMENTATION: MetricNetworkRequestExecutionTime: REQUEST_DURATION_SYSTEM='1454',REQUEST_DURATION_OKHTTP='882',REQUEST_SYNCHRONOUS='TRUE',RESPONSE_CODE='200',RESPONSE_METHOD='GET',RESPONSE_LENGTH_OKHTTP='7078',RESPONSE_LENGTH_HEADER='7078',REQUEST_PROTOCOL='h2',REQUEST_URL='https://b.thumbs.redditmedia.com/X3yyAViE0gxiHR-kf9Z5xmLa8dKsm8iWJyKdWNVtOhU.jpg',
08-05 03:43:35.003  7568 10412 D OK      : request got status: 200
08-05 03:43:35.013  7568 10421 I NAPPA_EXPERIMENTATION: MetricNetworkRequestExecutionTime: REQUEST_DURATION_SYSTEM='1426',REQUEST_DURATION_OKHTTP='568',REQUEST_SYNCHRONOUS='TRUE',RESPONSE_CODE='200',RESPONSE_METHOD='GET',RESPONSE_LENGTH_OKHTTP='3058',RESPONSE_LENGTH_HEADER='3058',REQUEST_PROTOCOL='h2',REQUEST_URL='https://v.redd.it/1ewzkieg0jd51/DASHPlaylist.mpd',
08-05 03:43:35.013  7568 10421 D OK      : request got status: 200
08-05 03:43:35.031  7568  7889 I art     : Starting a blocking GC Explicit
08-05 03:43:35.039  7568  8164 I PostListingFragment: Precaching images: OFF
08-05 03:43:35.039  7568  8164 I PostListingFragment: Precaching comments: OFF
08-05 03:43:35.040  7568 10413 I NAPPA_EXPERIMENTATION: MetricNetworkRequestExecutionTime: REQUEST_DURATION_SYSTEM='1493',REQUEST_DURATION_OKHTTP='614',REQUEST_SYNCHRONOUS='TRUE',RESPONSE_CODE='200',RESPONSE_METHOD='GET',RESPONSE_LENGTH_OKHTTP='-1',RESPONSE_LENGTH_HEADER='955',REQUEST_PROTOCOL='http/1.1',REQUEST_URL='https://api.gfycat.com/v1/gfycats/altruisticthankfulankolewatusi',
08-05 03:43:35.040  7568 10413 D OK      : request got status: 200
08-05 03:43:35.040  7568 10414 I RedditVideosAPI: For 'https://v.redd.it/ak6rer1hskd51/DASHPlaylist.mpd', got video stream 'https://v.redd.it/ak6rer1hskd51/DASH_360' and audio stream 'null'
08-05 03:43:35.052  7568 10422 I NAPPA_EXPERIMENTATION: MetricNetworkRequestExecutionTime: REQUEST_DURATION_SYSTEM='1455',REQUEST_DURATION_OKHTTP='831',REQUEST_SYNCHRONOUS='TRUE',RESPONSE_CODE='200',RESPONSE_METHOD='GET',RESPONSE_LENGTH_OKHTTP='6163',RESPONSE_LENGTH_HEADER='6163',REQUEST_PROTOCOL='h2',REQUEST_URL='https://b.thumbs.redditmedia.com/chqK3f9u3D7UmfrGP85f4sOQFihMk6q7fFSeMyWs_7E.jpg',
08-05 03:43:35.052  7568 10422 D OK      : request got status: 200
08-05 03:43:35.058  7568 10420 I NAPPA_EXPERIMENTATION: MetricNetworkRequestExecutionTime: REQUEST_DURATION_SYSTEM='1476',REQUEST_DURATION_OKHTTP='835',REQUEST_SYNCHRONOUS='TRUE',RESPONSE_CODE='200',RESPONSE_METHOD='GET',RESPONSE_LENGTH_OKHTTP='5229',RESPONSE_LENGTH_HEADER='5229',REQUEST_PROTOCOL='h2',REQUEST_URL='https://b.thumbs.redditmedia.com/RrJbRRjFZWmckrONtkPTloJh52FfqD_XkLMuYuuQvAg.jpg',
08-05 03:43:35.058  7568 10420 D OK      : request got status: 200
08-05 03:43:35.059  7568 10426 I RedditVideosAPI: For 'https://v.redd.it/s9qqadf3mid51/DASHPlaylist.mpd', got video stream 'https://v.redd.it/s9qqadf3mid51/DASH_480' and audio stream 'https://v.redd.it/s9qqadf3mid51/audio'
08-05 03:43:35.089  7568 10430 I NAPPA_EXPERIMENTATION: MetricNetworkRequestExecutionTime: REQUEST_DURATION_SYSTEM='1462',REQUEST_DURATION_OKHTTP='775',REQUEST_SYNCHRONOUS='TRUE',RESPONSE_CODE='200',RESPONSE_METHOD='GET',RESPONSE_LENGTH_OKHTTP='4249',RESPONSE_LENGTH_HEADER='4249',REQUEST_PROTOCOL='h2',REQUEST_URL='https://b.thumbs.redditmedia.com/lMqJbh1Z40ffemA0TnSfVnovznn4hvJNue60AsJ-ETs.jpg',
08-05 03:43:35.089  7568 10430 D OK      : request got status: 200
08-05 03:43:35.093  7568 10424 I NAPPA_EXPERIMENTATION: MetricNetworkRequestExecutionTime: REQUEST_DURATION_SYSTEM='1489',REQUEST_DURATION_OKHTTP='653',REQUEST_SYNCHRONOUS='TRUE',RESPONSE_CODE='200',RESPONSE_METHOD='GET',RESPONSE_LENGTH_OKHTTP='2861',RESPONSE_LENGTH_HEADER='2861',REQUEST_PROTOCOL='h2',REQUEST_URL='https://b.thumbs.redditmedia.com/iZuzjufMpYUYtQRLjRwce4RDb6JYsId95_iezR2Uc0w.jpg',
08-05 03:43:35.093  7568 10424 D OK      : request got status: 200
08-05 03:43:35.094  7568 10429 I NAPPA_EXPERIMENTATION: MetricNetworkRequestExecutionTime: REQUEST_DURATION_SYSTEM='1470',REQUEST_DURATION_OKHTTP='772',REQUEST_SYNCHRONOUS='TRUE',RESPONSE_CODE='200',RESPONSE_METHOD='GET',RESPONSE_LENGTH_OKHTTP='4067',RESPONSE_LENGTH_HEADER='4067',REQUEST_PROTOCOL='h2',REQUEST_URL='https://b.thumbs.redditmedia.com/XNb1kfskabGDLMqv661Q22hBtCb8w5oyePDcFaZi9aY.jpg',
08-05 03:43:35.094  7568 10436 I NAPPA_EXPERIMENTATION: MetricNetworkRequestExecutionTime: REQUEST_DURATION_SYSTEM='1433',REQUEST_DURATION_OKHTTP='519',REQUEST_SYNCHRONOUS='TRUE',RESPONSE_CODE='200',RESPONSE_METHOD='GET',RESPONSE_LENGTH_OKHTTP='2342',RESPONSE_LENGTH_HEADER='2342',REQUEST_PROTOCOL='h2',REQUEST_URL='https://v.redd.it/ar5k8892pid51/DASHPlaylist.mpd',
08-05 03:43:35.094  7568 10429 D OK      : request got status: 200
08-05 03:43:35.094  7568 10436 D OK      : request got status: 200
08-05 03:43:35.095  7568  7889 I art     : Explicit concurrent mark sweep GC freed 15517(1292KB) AllocSpace objects, 59(3MB) LOS objects, 31% free, 35MB/51MB, paused 2.520ms total 63.404ms
08-05 03:43:35.107  7568 10415 I NAPPA_EXPERIMENTATION: MetricNetworkRequestExecutionTime: REQUEST_DURATION_SYSTEM='1549',REQUEST_DURATION_OKHTTP='621',REQUEST_SYNCHRONOUS='TRUE',RESPONSE_CODE='200',RESPONSE_METHOD='GET',RESPONSE_LENGTH_OKHTTP='-1',RESPONSE_LENGTH_HEADER='1021',REQUEST_PROTOCOL='http/1.1',REQUEST_URL='https://api.gfycat.com/v1/gfycats/foolhardysparklinglarva',
08-05 03:43:35.107  7568 10415 D OK      : request got status: 200
08-05 03:43:35.112  7568 10423 I NAPPA_EXPERIMENTATION: MetricNetworkRequestExecutionTime: REQUEST_DURATION_SYSTEM='1511',REQUEST_DURATION_OKHTTP='631',REQUEST_SYNCHRONOUS='TRUE',RESPONSE_CODE='200',RESPONSE_METHOD='GET',RESPONSE_LENGTH_OKHTTP='8835',RESPONSE_LENGTH_HEADER='8835',REQUEST_PROTOCOL='h2',REQUEST_URL='https://b.thumbs.redditmedia.com/B18Vu5Jw71XCkFOFHimnUC42ya8apHsmcCW-HFmtb6w.jpg',
08-05 03:43:35.112  7568 10423 D OK      : request got status: 200
08-05 03:43:35.113  7568  7889 I art     : Starting a blocking GC Explicit
08-05 03:43:35.115  7568 10433 I RedditVideosAPI: For 'https://v.redd.it/ty24o02m1hd51/DASHPlaylist.mpd', got video stream 'https://v.redd.it/ty24o02m1hd51/DASH_480' and audio stream 'null'
08-05 03:43:35.117  7568 10432 I NAPPA_EXPERIMENTATION: MetricNetworkRequestExecutionTime: REQUEST_DURATION_SYSTEM='1486',REQUEST_DURATION_OKHTTP='637',REQUEST_SYNCHRONOUS='TRUE',RESPONSE_CODE='200',RESPONSE_METHOD='GET',RESPONSE_LENGTH_OKHTTP='6778',RESPONSE_LENGTH_HEADER='6778',REQUEST_PROTOCOL='h2',REQUEST_URL='https://b.thumbs.redditmedia.com/189nmwjW7eGWBD0J-cxzsUac1V1ZWGzMFC66inY4u4Y.jpg',
08-05 03:43:35.117  7568 10432 D OK      : request got status: 200
08-05 03:43:35.122  7568  8164 I getImgurImageInfo: Image nLQR2hT: trying API v3 with auth
08-05 03:43:35.124  7568 10397 I NAPPA_EXPERIMENTATION: MetricNetworkRequestExecutionTime: REQUEST_DURATION_SYSTEM='1639',REQUEST_DURATION_OKHTTP='511',REQUEST_SYNCHRONOUS='TRUE',RESPONSE_CODE='200',RESPONSE_METHOD='GET',RESPONSE_LENGTH_OKHTTP='-1',RESPONSE_LENGTH_HEADER='812',REQUEST_PROTOCOL='http/1.1',REQUEST_URL='https://api.gfycat.com/v1/gfycats/deadlygravecavy',
08-05 03:43:35.124  7568 10397 D OK      : request got status: 200
08-05 03:43:35.124  7568 10435 I NAPPA_EXPERIMENTATION: MetricNetworkRequestExecutionTime: REQUEST_DURATION_SYSTEM='1474',REQUEST_DURATION_OKHTTP='556',REQUEST_SYNCHRONOUS='TRUE',RESPONSE_CODE='200',RESPONSE_METHOD='GET',RESPONSE_LENGTH_OKHTTP='6221',RESPONSE_LENGTH_HEADER='6221',REQUEST_PROTOCOL='h2',REQUEST_URL='https://b.thumbs.redditmedia.com/d_-UsfmKASoIHi4vZyyjvvwFtm1S7-DEi9AQPOnGIgY.jpg',
08-05 03:43:35.124  7568 10435 D OK      : request got status: 200
08-05 03:43:35.134  7568 10499 D OK      : calling: https://b.thumbs.redditmedia.com/WehZGjN94ALGdO0M7RjPJ2EwcyyWVZ_NUn1Fuf7IYWY.jpg
08-05 03:43:35.148  7568 10427 I RedditVideosAPI: For 'https://v.redd.it/b8vazlcb7ld51/DASHPlaylist.mpd', got video stream 'https://v.redd.it/b8vazlcb7ld51/DASH_480' and audio stream 'https://v.redd.it/b8vazlcb7ld51/audio'
08-05 03:43:35.153  7568 10431 I NAPPA_EXPERIMENTATION: MetricNetworkRequestExecutionTime: REQUEST_DURATION_SYSTEM='1524',REQUEST_DURATION_OKHTTP='611',REQUEST_SYNCHRONOUS='TRUE',RESPONSE_CODE='200',RESPONSE_METHOD='GET',RESPONSE_LENGTH_OKHTTP='6843',RESPONSE_LENGTH_HEADER='6843',REQUEST_PROTOCOL='h2',REQUEST_URL='https://b.thumbs.redditmedia.com/x5l4cICw0WNNvslt5FqVjwj89XrGjrXnNbaSyQRAyCo.jpg',
08-05 03:43:35.154  7568 10431 D OK      : request got status: 200
08-05 03:43:35.170  7568  7889 I art     : Explicit concurrent mark sweep GC freed 13659(828KB) AllocSpace objects, 21(1308KB) LOS objects, 30% free, 35MB/51MB, paused 1.441ms total 56.678ms
08-05 03:43:35.170  7568 10425 I RedditVideosAPI: For 'https://v.redd.it/ppmhu2r9thd51/DASHPlaylist.mpd', got video stream 'https://v.redd.it/ppmhu2r9thd51/DASH_480' and audio stream 'null'
08-05 03:43:35.190  7568  7889 I art     : Starting a blocking GC Explicit
08-05 03:43:35.197  7568 10421 I RedditVideosAPI: For 'https://v.redd.it/1ewzkieg0jd51/DASHPlaylist.mpd', got video stream 'https://v.redd.it/1ewzkieg0jd51/DASH_480' and audio stream 'https://v.redd.it/1ewzkieg0jd51/audio'
08-05 03:43:35.231  7568 10500 D OK      : calling: https://b.thumbs.redditmedia.com/Xdo4lcQOwuUNK1yxSlXZ0OI8u23ORAr16_AzfAZ1nvU.jpg
08-05 03:43:35.244  7568  7889 I art     : Explicit concurrent mark sweep GC freed 3399(311KB) AllocSpace objects, 11(664KB) LOS objects, 31% free, 35MB/51MB, paused 970us total 54.590ms
08-05 03:43:35.264  7568  7889 I art     : Starting a blocking GC Explicit
08-05 03:43:35.288  7568 10499 I NAPPA_EXPERIMENTATION: MetricNetworkRequestExecutionTime: REQUEST_DURATION_SYSTEM='154',REQUEST_DURATION_OKHTTP='154',REQUEST_SYNCHRONOUS='TRUE',RESPONSE_CODE='200',RESPONSE_METHOD='GET',RESPONSE_LENGTH_OKHTTP='5435',RESPONSE_LENGTH_HEADER='5435',REQUEST_PROTOCOL='h2',REQUEST_URL='https://b.thumbs.redditmedia.com/WehZGjN94ALGdO0M7RjPJ2EwcyyWVZ_NUn1Fuf7IYWY.jpg',
08-05 03:43:35.288  7568 10499 D OK      : request got status: 200
08-05 03:43:35.294  7568 10436 I RedditVideosAPI: For 'https://v.redd.it/ar5k8892pid51/DASHPlaylist.mpd', got video stream 'https://v.redd.it/ar5k8892pid51/DASH_360' and audio stream 'https://v.redd.it/ar5k8892pid51/audio'
08-05 03:43:35.317  7568  7889 I art     : Explicit concurrent mark sweep GC freed 1405(245KB) AllocSpace objects, 21(1616KB) LOS objects, 30% free, 36MB/52MB, paused 818us total 52.707ms
08-05 03:43:35.319  7568 10501 D OK      : calling: https://b.thumbs.redditmedia.com/2KMYZ5hTlKXSvNO4hDUPyMba8Yz6skyu1SjUhLq1d9s.jpg
08-05 03:43:35.337  7568  7889 I art     : Starting a blocking GC Explicit
08-05 03:43:35.354  7568 10502 D OK      : calling: https://a.thumbs.redditmedia.com/EFVm-ZqqhARyEaKgtwU74c7tfzEDJvI0uiHXGglFag4.jpg
08-05 03:43:35.361  7568 10503 D OK      : calling: https://b.thumbs.redditmedia.com/qi4bNDKzoPvaSaSx99K2bAjwaRHh1nuOrcbySp1JHdk.jpg
08-05 03:43:35.368  7568 10504 D OK      : calling: https://b.thumbs.redditmedia.com/Ja8yiRMklM2lXd8q60LtBI6CqdmJ5YbWHRiBVFmICJA.jpg
08-05 03:43:35.371  7568 10505 D OK      : calling: https://b.thumbs.redditmedia.com/o5lSsJ_tCgCQxcdjMGaYxuveNluXB1PQT4PokXDhpvc.jpg
08-05 03:43:35.373  7568 10506 D OK      : calling: https://b.thumbs.redditmedia.com/SiCWTmKkQcbiAa7naxAHnw0adTeRkq1dB8QSqzGU7-Q.jpg
08-05 03:43:35.376  7568 10507 D OK      : calling: https://b.thumbs.redditmedia.com/C9qrVibnNxmzfLDKvEHp2v2Bo-Kqme7PoKC52s2o52M.jpg
08-05 03:43:35.379  7568 10508 D OK      : calling: https://a.thumbs.redditmedia.com/Tfsm0ol-ltlxNSBAkZ_4G4302d0hYeOSODkvXidBBR8.jpg
08-05 03:43:35.382  7568 10509 D OK      : calling: https://a.thumbs.redditmedia.com/Kzag-wH9wKRRg2MnPwgoFgXT_2jN_nkJ1lY1aNRQyT4.jpg
08-05 03:43:35.384  7568 10510 D OK      : calling: https://a.thumbs.redditmedia.com/P4gSGpXpi2wDXthNZ-LiwEs5Jvplm6dQ7W7Isqa7un4.jpg
08-05 03:43:35.389  7568 10511 D OK      : calling: https://b.thumbs.redditmedia.com/XkIhgqugP-9Zcb5I9A8o0r-zQJDh_6kastc0oWiiHkI.jpg
08-05 03:43:35.389  7568 10500 I NAPPA_EXPERIMENTATION: MetricNetworkRequestExecutionTime: REQUEST_DURATION_SYSTEM='157',REQUEST_DURATION_OKHTTP='156',REQUEST_SYNCHRONOUS='TRUE',RESPONSE_CODE='200',RESPONSE_METHOD='GET',RESPONSE_LENGTH_OKHTTP='5191',RESPONSE_LENGTH_HEADER='5191',REQUEST_PROTOCOL='h2',REQUEST_URL='https://b.thumbs.redditmedia.com/Xdo4lcQOwuUNK1yxSlXZ0OI8u23ORAr16_AzfAZ1nvU.jpg',
08-05 03:43:35.389  7568 10500 D OK      : request got status: 200
08-05 03:43:35.390  7568  7889 I art     : Explicit concurrent mark sweep GC freed 4156(384KB) AllocSpace objects, 26(1480KB) LOS objects, 30% free, 36MB/52MB, paused 1.393ms total 52.914ms
08-05 03:43:35.391  7568 10512 D OK      : calling: https://b.thumbs.redditmedia.com/3QPAtixkID9ojpqCAgfspJpruqoq45fM1G-Fx1K2F2A.jpg
08-05 03:43:35.394  7568 10513 D OK      : calling: https://b.thumbs.redditmedia.com/orK4W8Xc99pTzIT6q1waTsppldq24p1qMsHtkNnmu9w.jpg
08-05 03:43:35.397  7568 10514 D OK      : calling: https://b.thumbs.redditmedia.com/B1vXKY_-gTPbs625-RJ1MLIXxzCqfmnCB_0xnGjCECQ.jpg
08-05 03:43:35.399  7568 10515 D OK      : calling: https://a.thumbs.redditmedia.com/ffAKmOqnTuDMNR9MRfCdRtkq_CzN3MVhZxS64ZPYRh4.jpg
08-05 03:43:35.402  7568 10516 D OK      : calling: https://b.thumbs.redditmedia.com/OF1KI_LdSDMMWCy-WgJyRhIcM5fr7kDyu_OnpfRXHfI.jpg
08-05 03:43:35.406  7568 10517 D OK      : calling: https://b.thumbs.redditmedia.com/vuAhA4gGAmYfrTFA4woxZcKgmiDzJ3nAsql2pxcYGFs.jpg
08-05 03:43:35.409  7568 10518 D OK      : calling: https://b.thumbs.redditmedia.com/PtV7mFsO2n0j4YJweZjEqyVJ45hap4hXix9dwj6D0Wg.jpg
08-05 03:43:35.411  7568 10519 D OK      : calling: https://b.thumbs.redditmedia.com/wxTBcOhAgsmbc-TRaGNHpYJYnEOBr2LNsaZ6pCM91Lc.jpg
08-05 03:43:35.413  7568 10520 D OK      : calling: https://b.thumbs.redditmedia.com/Wo7bFIVNZYYuNioRYwZFYxrl6QMk0lT-3W01wrXgHmE.jpg
08-05 03:43:35.415  7568 10521 D OK      : calling: https://b.thumbs.redditmedia.com/NoqMycYTzsyhI0Lq351riEI1mO9p8PvY1QwcZ9Irb9g.jpg
08-05 03:43:35.418  7568 10522 D OK      : calling: https://b.thumbs.redditmedia.com/KrRufqpifph7KM2Le5RdqEYQb24zbB4fizBJpFaH1Pc.jpg
08-05 03:43:35.419  7568 10523 D OK      : calling: https://b.thumbs.redditmedia.com/u2qz17QE3X5G7kkJrgK3HPCdxNQxNkhaWqfIhCuRMvE.jpg
08-05 03:43:35.421  7568 10524 D OK      : calling: https://v.redd.it/syww111dtjd51/DASHPlaylist.mpd
08-05 03:43:35.423  7568 10525 D OK      : calling: https://v.redd.it/pbqrrfb3tkd51/DASHPlaylist.mpd
08-05 03:43:35.425  7568 10526 D OK      : calling: https://v.redd.it/rrygsb8i4ld51/DASHPlaylist.mpd
08-05 03:43:35.427  7568 10527 D OK      : calling: https://v.redd.it/5x6zzipz8ld51/DASHPlaylist.mpd
08-05 03:43:35.429  7568 10528 D OK      : calling: https://v.redd.it/75en73fm5id51/DASHPlaylist.mpd
08-05 03:43:35.431  7568 10529 D OK      : calling: https://api.imgur.com/3/image/nLQR2hT
08-05 03:43:35.433  7568 10530 D OK      : calling: https://v.redd.it/ggz4fyth6hd51/DASHPlaylist.mpd
08-05 03:43:35.435  7568 10531 D OK      : calling: https://v.redd.it/psrknoobrgd51/DASHPlaylist.mpd
08-05 03:43:35.438  7568 10532 D OK      : calling: https://v.redd.it/jk6cwef4wld51/DASHPlaylist.mpd
08-05 03:43:35.439  7568 10533 D OK      : calling: https://v.redd.it/t81s8zfz9ld51/DASHPlaylist.mpd
08-05 03:43:35.442  7568 10534 D OK      : calling: https://v.redd.it/xd6c4yyutgd51/DASHPlaylist.mpd
08-05 03:43:35.444  7568 10535 D OK      : calling: https://v.redd.it/ue0jdgk9zhd51/DASHPlaylist.mpd
08-05 03:43:35.537  7568 10501 I NAPPA_EXPERIMENTATION: MetricNetworkRequestExecutionTime: REQUEST_DURATION_SYSTEM='218',REQUEST_DURATION_OKHTTP='216',REQUEST_SYNCHRONOUS='TRUE',RESPONSE_CODE='200',RESPONSE_METHOD='GET',RESPONSE_LENGTH_OKHTTP='5098',RESPONSE_LENGTH_HEADER='5098',REQUEST_PROTOCOL='h2',REQUEST_URL='https://b.thumbs.redditmedia.com/2KMYZ5hTlKXSvNO4hDUPyMba8Yz6skyu1SjUhLq1d9s.jpg',
08-05 03:43:35.537  7568 10501 D OK      : request got status: 200
08-05 03:43:35.632  7568 10503 I NAPPA_EXPERIMENTATION: MetricNetworkRequestExecutionTime: REQUEST_DURATION_SYSTEM='270',REQUEST_DURATION_OKHTTP='269',REQUEST_SYNCHRONOUS='TRUE',RESPONSE_CODE='200',RESPONSE_METHOD='GET',RESPONSE_LENGTH_OKHTTP='4475',RESPONSE_LENGTH_HEADER='4475',REQUEST_PROTOCOL='h2',REQUEST_URL='https://b.thumbs.redditmedia.com/qi4bNDKzoPvaSaSx99K2bAjwaRHh1nuOrcbySp1JHdk.jpg',
08-05 03:43:35.632  7568 10503 D OK      : request got status: 200
08-05 03:43:35.679  7568 10504 I NAPPA_EXPERIMENTATION: MetricNetworkRequestExecutionTime: REQUEST_DURATION_SYSTEM='311',REQUEST_DURATION_OKHTTP='310',REQUEST_SYNCHRONOUS='TRUE',RESPONSE_CODE='200',RESPONSE_METHOD='GET',RESPONSE_LENGTH_OKHTTP='5414',RESPONSE_LENGTH_HEADER='5414',REQUEST_PROTOCOL='h2',REQUEST_URL='https://b.thumbs.redditmedia.com/Ja8yiRMklM2lXd8q60LtBI6CqdmJ5YbWHRiBVFmICJA.jpg',
08-05 03:43:35.680  7568 10504 D OK      : request got status: 200
08-05 03:43:35.718  7568 10505 I NAPPA_EXPERIMENTATION: MetricNetworkRequestExecutionTime: REQUEST_DURATION_SYSTEM='347',REQUEST_DURATION_OKHTTP='346',REQUEST_SYNCHRONOUS='TRUE',RESPONSE_CODE='200',RESPONSE_METHOD='GET',RESPONSE_LENGTH_OKHTTP='4921',RESPONSE_LENGTH_HEADER='4921',REQUEST_PROTOCOL='h2',REQUEST_URL='https://b.thumbs.redditmedia.com/o5lSsJ_tCgCQxcdjMGaYxuveNluXB1PQT4PokXDhpvc.jpg',
08-05 03:43:35.719  7568 10505 D OK      : request got status: 200
08-05 03:43:35.742  7568 10506 I NAPPA_EXPERIMENTATION: MetricNetworkRequestExecutionTime: REQUEST_DURATION_SYSTEM='369',REQUEST_DURATION_OKHTTP='368',REQUEST_SYNCHRONOUS='TRUE',RESPONSE_CODE='200',RESPONSE_METHOD='GET',RESPONSE_LENGTH_OKHTTP='5968',RESPONSE_LENGTH_HEADER='5968',REQUEST_PROTOCOL='h2',REQUEST_URL='https://b.thumbs.redditmedia.com/SiCWTmKkQcbiAa7naxAHnw0adTeRkq1dB8QSqzGU7-Q.jpg',
08-05 03:43:35.743  7568 10506 D OK      : request got status: 200
08-05 03:43:35.743  7568  7589 I art     : Starting a blocking GC Explicit
08-05 03:43:35.789  7568 10507 I NAPPA_EXPERIMENTATION: MetricNetworkRequestExecutionTime: REQUEST_DURATION_SYSTEM='412',REQUEST_DURATION_OKHTTP='411',REQUEST_SYNCHRONOUS='TRUE',RESPONSE_CODE='200',RESPONSE_METHOD='GET',RESPONSE_LENGTH_OKHTTP='5378',RESPONSE_LENGTH_HEADER='5378',REQUEST_PROTOCOL='h2',REQUEST_URL='https://b.thumbs.redditmedia.com/C9qrVibnNxmzfLDKvEHp2v2Bo-Kqme7PoKC52s2o52M.jpg',
08-05 03:43:35.789  7568 10507 D OK      : request got status: 200
08-05 03:43:35.802  7568 10511 I NAPPA_EXPERIMENTATION: MetricNetworkRequestExecutionTime: REQUEST_DURATION_SYSTEM='412',REQUEST_DURATION_OKHTTP='412',REQUEST_SYNCHRONOUS='TRUE',RESPONSE_CODE='200',RESPONSE_METHOD='GET',RESPONSE_LENGTH_OKHTTP='4080',RESPONSE_LENGTH_HEADER='4080',REQUEST_PROTOCOL='h2',REQUEST_URL='https://b.thumbs.redditmedia.com/XkIhgqugP-9Zcb5I9A8o0r-zQJDh_6kastc0oWiiHkI.jpg',
08-05 03:43:35.803  7568 10511 D OK      : request got status: 200
08-05 03:43:35.807  7568  7589 I art     : Explicit concurrent mark sweep GC freed 27787(1558KB) AllocSpace objects, 29(2024KB) LOS objects, 30% free, 36MB/52MB, paused 2.263ms total 64.181ms
08-05 03:43:35.826  7568  7589 I art     : Starting a blocking GC Explicit
08-05 03:43:35.848  7568 10512 I NAPPA_EXPERIMENTATION: MetricNetworkRequestExecutionTime: REQUEST_DURATION_SYSTEM='457',REQUEST_DURATION_OKHTTP='456',REQUEST_SYNCHRONOUS='TRUE',RESPONSE_CODE='200',RESPONSE_METHOD='GET',RESPONSE_LENGTH_OKHTTP='3183',RESPONSE_LENGTH_HEADER='3183',REQUEST_PROTOCOL='h2',REQUEST_URL='https://b.thumbs.redditmedia.com/3QPAtixkID9ojpqCAgfspJpruqoq45fM1G-Fx1K2F2A.jpg',
08-05 03:43:35.848  7568 10512 D OK      : request got status: 200
08-05 03:43:35.880  7568  7589 I art     : Explicit concurrent mark sweep GC freed 1842(155KB) AllocSpace objects, 8(496KB) LOS objects, 29% free, 37MB/53MB, paused 2.016ms total 53.654ms
08-05 03:43:35.899  7568  7589 I art     : Starting a blocking GC Explicit
08-05 03:43:35.903  7568 10514 I NAPPA_EXPERIMENTATION: MetricNetworkRequestExecutionTime: REQUEST_DURATION_SYSTEM='506',REQUEST_DURATION_OKHTTP='506',REQUEST_SYNCHRONOUS='TRUE',RESPONSE_CODE='200',RESPONSE_METHOD='GET',RESPONSE_LENGTH_OKHTTP='3864',RESPONSE_LENGTH_HEADER='3864',REQUEST_PROTOCOL='h2',REQUEST_URL='https://b.thumbs.redditmedia.com/B1vXKY_-gTPbs625-RJ1MLIXxzCqfmnCB_0xnGjCECQ.jpg',
08-05 03:43:35.904  7568 10514 D OK      : request got status: 200
08-05 03:43:35.934  7568 10513 I NAPPA_EXPERIMENTATION: MetricNetworkRequestExecutionTime: REQUEST_DURATION_SYSTEM='540',REQUEST_DURATION_OKHTTP='538',REQUEST_SYNCHRONOUS='TRUE',RESPONSE_CODE='200',RESPONSE_METHOD='GET',RESPONSE_LENGTH_OKHTTP='6654',RESPONSE_LENGTH_HEADER='6654',REQUEST_PROTOCOL='h2',REQUEST_URL='https://b.thumbs.redditmedia.com/orK4W8Xc99pTzIT6q1waTsppldq24p1qMsHtkNnmu9w.jpg',
08-05 03:43:35.935  7568 10513 D OK      : request got status: 200
08-05 03:43:35.955  7568  7589 I art     : Explicit concurrent mark sweep GC freed 736(157KB) AllocSpace objects, 9(892KB) LOS objects, 30% free, 37MB/53MB, paused 1.905ms total 55.809ms
08-05 03:43:35.974  7568  7589 I art     : Starting a blocking GC Explicit
08-05 03:43:35.976  7568 10518 I NAPPA_EXPERIMENTATION: MetricNetworkRequestExecutionTime: REQUEST_DURATION_SYSTEM='567',REQUEST_DURATION_OKHTTP='567',REQUEST_SYNCHRONOUS='TRUE',RESPONSE_CODE='200',RESPONSE_METHOD='GET',RESPONSE_LENGTH_OKHTTP='5329',RESPONSE_LENGTH_HEADER='5329',REQUEST_PROTOCOL='h2',REQUEST_URL='https://b.thumbs.redditmedia.com/PtV7mFsO2n0j4YJweZjEqyVJ45hap4hXix9dwj6D0Wg.jpg',
08-05 03:43:35.976  7568 10518 D OK      : request got status: 200
08-05 03:43:36.017  7568 10516 I NAPPA_EXPERIMENTATION: MetricNetworkRequestExecutionTime: REQUEST_DURATION_SYSTEM='615',REQUEST_DURATION_OKHTTP='615',REQUEST_SYNCHRONOUS='TRUE',RESPONSE_CODE='200',RESPONSE_METHOD='GET',RESPONSE_LENGTH_OKHTTP='5125',RESPONSE_LENGTH_HEADER='5125',REQUEST_PROTOCOL='h2',REQUEST_URL='https://b.thumbs.redditmedia.com/OF1KI_LdSDMMWCy-WgJyRhIcM5fr7kDyu_OnpfRXHfI.jpg',
08-05 03:43:36.017  7568 10516 D OK      : request got status: 200
08-05 03:43:36.031  7568  7589 I art     : Explicit concurrent mark sweep GC freed 6383(301KB) AllocSpace objects, 7(392KB) LOS objects, 29% free, 37MB/53MB, paused 2.032ms total 56.632ms
08-05 03:43:36.051  7568  7589 I art     : Starting a blocking GC Explicit
08-05 03:43:36.055  7568 10519 I NAPPA_EXPERIMENTATION: MetricNetworkRequestExecutionTime: REQUEST_DURATION_SYSTEM='644',REQUEST_DURATION_OKHTTP='643',REQUEST_SYNCHRONOUS='TRUE',RESPONSE_CODE='200',RESPONSE_METHOD='GET',RESPONSE_LENGTH_OKHTTP='6316',RESPONSE_LENGTH_HEADER='6316',REQUEST_PROTOCOL='h2',REQUEST_URL='https://b.thumbs.redditmedia.com/wxTBcOhAgsmbc-TRaGNHpYJYnEOBr2LNsaZ6pCM91Lc.jpg',
08-05 03:43:36.055  7568 10519 D OK      : request got status: 200
08-05 03:43:36.102  7568  7589 I art     : Explicit concurrent mark sweep GC freed 1369(221KB) AllocSpace objects, 20(1376KB) LOS objects, 29% free, 37MB/53MB, paused 1.761ms total 51.443ms
08-05 03:43:36.124  7568 10520 I NAPPA_EXPERIMENTATION: MetricNetworkRequestExecutionTime: REQUEST_DURATION_SYSTEM='711',REQUEST_DURATION_OKHTTP='710',REQUEST_SYNCHRONOUS='TRUE',RESPONSE_CODE='200',RESPONSE_METHOD='GET',RESPONSE_LENGTH_OKHTTP='7815',RESPONSE_LENGTH_HEADER='7815',REQUEST_PROTOCOL='h2',REQUEST_URL='https://b.thumbs.redditmedia.com/Wo7bFIVNZYYuNioRYwZFYxrl6QMk0lT-3W01wrXgHmE.jpg',
08-05 03:43:36.125  7568 10520 D OK      : request got status: 200
08-05 03:43:36.145  7568 10521 I NAPPA_EXPERIMENTATION: MetricNetworkRequestExecutionTime: REQUEST_DURATION_SYSTEM='730',REQUEST_DURATION_OKHTTP='729',REQUEST_SYNCHRONOUS='TRUE',RESPONSE_CODE='200',RESPONSE_METHOD='GET',RESPONSE_LENGTH_OKHTTP='5648',RESPONSE_LENGTH_HEADER='5648',REQUEST_PROTOCOL='h2',REQUEST_URL='https://b.thumbs.redditmedia.com/NoqMycYTzsyhI0Lq351riEI1mO9p8PvY1QwcZ9Irb9g.jpg',
08-05 03:43:36.145  7568 10521 D OK      : request got status: 200
08-05 03:43:36.165  7568 10517 I NAPPA_EXPERIMENTATION: MetricNetworkRequestExecutionTime: REQUEST_DURATION_SYSTEM='759',REQUEST_DURATION_OKHTTP='758',REQUEST_SYNCHRONOUS='TRUE',RESPONSE_CODE='200',RESPONSE_METHOD='GET',RESPONSE_LENGTH_OKHTTP='6723',RESPONSE_LENGTH_HEADER='6723',REQUEST_PROTOCOL='h2',REQUEST_URL='https://b.thumbs.redditmedia.com/vuAhA4gGAmYfrTFA4woxZcKgmiDzJ3nAsql2pxcYGFs.jpg',
08-05 03:43:36.166  7568 10517 D OK      : request got status: 200
08-05 03:43:36.224  7568 10522 I NAPPA_EXPERIMENTATION: MetricNetworkRequestExecutionTime: REQUEST_DURATION_SYSTEM='806',REQUEST_DURATION_OKHTTP='806',REQUEST_SYNCHRONOUS='TRUE',RESPONSE_CODE='200',RESPONSE_METHOD='GET',RESPONSE_LENGTH_OKHTTP='5198',RESPONSE_LENGTH_HEADER='5198',REQUEST_PROTOCOL='h2',REQUEST_URL='https://b.thumbs.redditmedia.com/KrRufqpifph7KM2Le5RdqEYQb24zbB4fizBJpFaH1Pc.jpg',
08-05 03:43:36.224  7568 10522 D OK      : request got status: 200
08-05 03:43:36.241  7568 10523 I NAPPA_EXPERIMENTATION: MetricNetworkRequestExecutionTime: REQUEST_DURATION_SYSTEM='820',REQUEST_DURATION_OKHTTP='820',REQUEST_SYNCHRONOUS='TRUE',RESPONSE_CODE='200',RESPONSE_METHOD='GET',RESPONSE_LENGTH_OKHTTP='5579',RESPONSE_LENGTH_HEADER='5579',REQUEST_PROTOCOL='h2',REQUEST_URL='https://b.thumbs.redditmedia.com/u2qz17QE3X5G7kkJrgK3HPCdxNQxNkhaWqfIhCuRMvE.jpg',
08-05 03:43:36.241  7568 10523 D OK      : request got status: 200
08-05 03:43:36.368  7568 10510 I NAPPA_EXPERIMENTATION: MetricNetworkRequestExecutionTime: REQUEST_DURATION_SYSTEM='982',REQUEST_DURATION_OKHTTP='367',REQUEST_SYNCHRONOUS='TRUE',RESPONSE_CODE='200',RESPONSE_METHOD='GET',RESPONSE_LENGTH_OKHTTP='5641',RESPONSE_LENGTH_HEADER='5641',REQUEST_PROTOCOL='h2',REQUEST_URL='https://a.thumbs.redditmedia.com/P4gSGpXpi2wDXthNZ-LiwEs5Jvplm6dQ7W7Isqa7un4.jpg',
08-05 03:43:36.368  7568 10510 D OK      : request got status: 200
08-05 03:43:36.422  7568 10502 I NAPPA_EXPERIMENTATION: MetricNetworkRequestExecutionTime: REQUEST_DURATION_SYSTEM='1068',REQUEST_DURATION_OKHTTP='415',REQUEST_SYNCHRONOUS='TRUE',RESPONSE_CODE='200',RESPONSE_METHOD='GET',RESPONSE_LENGTH_OKHTTP='5307',RESPONSE_LENGTH_HEADER='5307',REQUEST_PROTOCOL='h2',REQUEST_URL='https://a.thumbs.redditmedia.com/EFVm-ZqqhARyEaKgtwU74c7tfzEDJvI0uiHXGglFag4.jpg',
08-05 03:43:36.422  7568 10502 D OK      : request got status: 200
08-05 03:43:36.443  7568 10509 I NAPPA_EXPERIMENTATION: MetricNetworkRequestExecutionTime: REQUEST_DURATION_SYSTEM='1061',REQUEST_DURATION_OKHTTP='409',REQUEST_SYNCHRONOUS='TRUE',RESPONSE_CODE='200',RESPONSE_METHOD='GET',RESPONSE_LENGTH_OKHTTP='3635',RESPONSE_LENGTH_HEADER='3635',REQUEST_PROTOCOL='h2',REQUEST_URL='https://a.thumbs.redditmedia.com/Kzag-wH9wKRRg2MnPwgoFgXT_2jN_nkJ1lY1aNRQyT4.jpg',
08-05 03:43:36.443  7568 10509 D OK      : request got status: 200
08-05 03:43:36.461  7568  7579 I art     : Starting a blocking GC Explicit
08-05 03:43:36.494  7568 10508 I NAPPA_EXPERIMENTATION: MetricNetworkRequestExecutionTime: REQUEST_DURATION_SYSTEM='1115',REQUEST_DURATION_OKHTTP='281',REQUEST_SYNCHRONOUS='TRUE',RESPONSE_CODE='200',RESPONSE_METHOD='GET',RESPONSE_LENGTH_OKHTTP='7540',RESPONSE_LENGTH_HEADER='7540',REQUEST_PROTOCOL='h2',REQUEST_URL='https://a.thumbs.redditmedia.com/Tfsm0ol-ltlxNSBAkZ_4G4302d0hYeOSODkvXidBBR8.jpg',
08-05 03:43:36.495  7568 10508 D OK      : request got status: 200
08-05 03:43:36.517  7568  7579 I art     : Explicit concurrent mark sweep GC freed 31135(1840KB) AllocSpace objects, 52(2MB) LOS objects, 28% free, 39MB/55MB, paused 1.278ms total 55.788ms
08-05 03:43:36.536  7568  7579 I art     : Starting a blocking GC Explicit
08-05 03:43:36.589  7568  7579 I art     : Explicit concurrent mark sweep GC freed 1823(117KB) AllocSpace objects, 5(256KB) LOS objects, 28% free, 39MB/55MB, paused 1.346ms total 52.575ms
08-05 03:43:36.603  7568 10524 I NAPPA_EXPERIMENTATION: MetricNetworkRequestExecutionTime: REQUEST_DURATION_SYSTEM='1182',REQUEST_DURATION_OKHTTP='400',REQUEST_SYNCHRONOUS='TRUE',RESPONSE_CODE='200',RESPONSE_METHOD='GET',RESPONSE_LENGTH_OKHTTP='2696',RESPONSE_LENGTH_HEADER='2696',REQUEST_PROTOCOL='h2',REQUEST_URL='https://v.redd.it/syww111dtjd51/DASHPlaylist.mpd',
08-05 03:43:36.603  7568 10524 D OK      : request got status: 200
08-05 03:43:36.608  7568  7579 I art     : Starting a blocking GC Explicit
08-05 03:43:36.620  7568 10527 I NAPPA_EXPERIMENTATION: MetricNetworkRequestExecutionTime: REQUEST_DURATION_SYSTEM='1193',REQUEST_DURATION_OKHTTP='373',REQUEST_SYNCHRONOUS='TRUE',RESPONSE_CODE='200',RESPONSE_METHOD='GET',RESPONSE_LENGTH_OKHTTP='2789',RESPONSE_LENGTH_HEADER='2789',REQUEST_PROTOCOL='h2',REQUEST_URL='https://v.redd.it/5x6zzipz8ld51/DASHPlaylist.mpd',
08-05 03:43:36.620  7568 10527 D OK      : request got status: 200
08-05 03:43:36.631  7568 10515 I NAPPA_EXPERIMENTATION: MetricNetworkRequestExecutionTime: REQUEST_DURATION_SYSTEM='1232',REQUEST_DURATION_OKHTTP='361',REQUEST_SYNCHRONOUS='TRUE',RESPONSE_CODE='200',RESPONSE_METHOD='GET',RESPONSE_LENGTH_OKHTTP='4470',RESPONSE_LENGTH_HEADER='4470',REQUEST_PROTOCOL='h2',REQUEST_URL='https://a.thumbs.redditmedia.com/ffAKmOqnTuDMNR9MRfCdRtkq_CzN3MVhZxS64ZPYRh4.jpg',
08-05 03:43:36.632  7568 10515 D OK      : request got status: 200
08-05 03:43:36.636  7568 10526 I NAPPA_EXPERIMENTATION: MetricNetworkRequestExecutionTime: REQUEST_DURATION_SYSTEM='1210',REQUEST_DURATION_OKHTTP='350',REQUEST_SYNCHRONOUS='TRUE',RESPONSE_CODE='200',RESPONSE_METHOD='GET',RESPONSE_LENGTH_OKHTTP='3060',RESPONSE_LENGTH_HEADER='3060',REQUEST_PROTOCOL='h2',REQUEST_URL='https://v.redd.it/rrygsb8i4ld51/DASHPlaylist.mpd',
08-05 03:43:36.636  7568 10526 D OK      : request got status: 200
08-05 03:43:36.663  7568  7579 I art     : Explicit concurrent mark sweep GC freed 996(74KB) AllocSpace objects, 5(340KB) LOS objects, 28% free, 39MB/55MB, paused 1.181ms total 54.436ms
08-05 03:43:36.675  7568 10532 I NAPPA_EXPERIMENTATION: MetricNetworkRequestExecutionTime: REQUEST_DURATION_SYSTEM='1237',REQUEST_DURATION_OKHTTP='291',REQUEST_SYNCHRONOUS='TRUE',RESPONSE_CODE='200',RESPONSE_METHOD='GET',RESPONSE_LENGTH_OKHTTP='2071',RESPONSE_LENGTH_HEADER='2071',REQUEST_PROTOCOL='h2',REQUEST_URL='https://v.redd.it/jk6cwef4wld51/DASHPlaylist.mpd',
08-05 03:43:36.675  7568 10532 D OK      : request got status: 200
08-05 03:43:36.678  7568 10524 I RedditVideosAPI: For 'https://v.redd.it/syww111dtjd51/DASHPlaylist.mpd', got video stream 'https://v.redd.it/syww111dtjd51/DASH_480' and audio stream 'https://v.redd.it/syww111dtjd51/audio'
08-05 03:43:36.683  7568  7579 I art     : Starting a blocking GC Explicit
08-05 03:43:36.697  7568 10527 I RedditVideosAPI: For 'https://v.redd.it/5x6zzipz8ld51/DASHPlaylist.mpd', got video stream 'https://v.redd.it/5x6zzipz8ld51/DASH_480' and audio stream 'null'
08-05 03:43:36.714  7568 10526 I RedditVideosAPI: For 'https://v.redd.it/rrygsb8i4ld51/DASHPlaylist.mpd', got video stream 'https://v.redd.it/rrygsb8i4ld51/DASH_480' and audio stream 'https://v.redd.it/rrygsb8i4ld51/audio'
08-05 03:43:36.730  7568 10530 I NAPPA_EXPERIMENTATION: MetricNetworkRequestExecutionTime: REQUEST_DURATION_SYSTEM='1296',REQUEST_DURATION_OKHTTP='324',REQUEST_SYNCHRONOUS='TRUE',RESPONSE_CODE='200',RESPONSE_METHOD='GET',RESPONSE_LENGTH_OKHTTP='1713',RESPONSE_LENGTH_HEADER='1713',REQUEST_PROTOCOL='h2',REQUEST_URL='https://v.redd.it/ggz4fyth6hd51/DASHPlaylist.mpd',
08-05 03:43:36.730  7568 10530 D OK      : request got status: 200
08-05 03:43:36.735  7568  7579 I art     : Explicit concurrent mark sweep GC freed 849(207KB) AllocSpace objects, 8(460KB) LOS objects, 28% free, 40MB/56MB, paused 1.005ms total 51.953ms
08-05 03:43:36.735  7568  7578 I art     : WaitForGcToComplete blocked for 52.308ms for cause HeapTrim
08-05 03:43:36.739  7568 10533 I NAPPA_EXPERIMENTATION: MetricNetworkRequestExecutionTime: REQUEST_DURATION_SYSTEM='1292',REQUEST_DURATION_OKHTTP='330',REQUEST_SYNCHRONOUS='TRUE',RESPONSE_CODE='200',RESPONSE_METHOD='GET',RESPONSE_LENGTH_OKHTTP='3058',RESPONSE_LENGTH_HEADER='3058',REQUEST_PROTOCOL='h2',REQUEST_URL='https://v.redd.it/t81s8zfz9ld51/DASHPlaylist.mpd',
08-05 03:43:36.739  7568 10533 D OK      : request got status: 200
08-05 03:43:36.747  7568 10532 I RedditVideosAPI: For 'https://v.redd.it/jk6cwef4wld51/DASHPlaylist.mpd', got video stream 'https://v.redd.it/jk6cwef4wld51/DASH_480' and audio stream 'null'
08-05 03:43:36.754  7568  7579 I art     : Starting a blocking GC Explicit
08-05 03:43:36.758  7568 10534 I NAPPA_EXPERIMENTATION: MetricNetworkRequestExecutionTime: REQUEST_DURATION_SYSTEM='1316',REQUEST_DURATION_OKHTTP='339',REQUEST_SYNCHRONOUS='TRUE',RESPONSE_CODE='200',RESPONSE_METHOD='GET',RESPONSE_LENGTH_OKHTTP='2071',RESPONSE_LENGTH_HEADER='2071',REQUEST_PROTOCOL='h2',REQUEST_URL='https://v.redd.it/xd6c4yyutgd51/DASHPlaylist.mpd',
08-05 03:43:36.758  7568 10534 D OK      : request got status: 200
08-05 03:43:36.758  7568 10528 I NAPPA_EXPERIMENTATION: MetricNetworkRequestExecutionTime: REQUEST_DURATION_SYSTEM='1329',REQUEST_DURATION_OKHTTP='345',REQUEST_SYNCHRONOUS='TRUE',RESPONSE_CODE='200',RESPONSE_METHOD='GET',RESPONSE_LENGTH_OKHTTP='2700',RESPONSE_LENGTH_HEADER='2700',REQUEST_PROTOCOL='h2',REQUEST_URL='https://v.redd.it/75en73fm5id51/DASHPlaylist.mpd',
08-05 03:43:36.758  7568 10528 D OK      : request got status: 200
08-05 03:43:36.764  7568 10529 I NAPPA_EXPERIMENTATION: MetricNetworkRequestExecutionTime: REQUEST_DURATION_SYSTEM='1332',REQUEST_DURATION_OKHTTP='377',REQUEST_SYNCHRONOUS='TRUE',RESPONSE_CODE='200',RESPONSE_METHOD='GET',RESPONSE_LENGTH_OKHTTP='-1',RESPONSE_LENGTH_HEADER='377',REQUEST_PROTOCOL='h2',REQUEST_URL='https://api.imgur.com/3/image/nLQR2hT',
08-05 03:43:36.764  7568 10529 D OK      : request got status: 200
08-05 03:43:36.784  7568 10530 I RedditVideosAPI: For 'https://v.redd.it/ggz4fyth6hd51/DASHPlaylist.mpd', got video stream 'https://v.redd.it/ggz4fyth6hd51/DASH_360' and audio stream 'null'
08-05 03:43:36.791  7568 10533 I RedditVideosAPI: For 'https://v.redd.it/t81s8zfz9ld51/DASHPlaylist.mpd', got video stream 'https://v.redd.it/t81s8zfz9ld51/DASH_480' and audio stream 'https://v.redd.it/t81s8zfz9ld51/audio'
08-05 03:43:36.794  7568 10535 I NAPPA_EXPERIMENTATION: MetricNetworkRequestExecutionTime: REQUEST_DURATION_SYSTEM='1350',REQUEST_DURATION_OKHTTP='326',REQUEST_SYNCHRONOUS='TRUE',RESPONSE_CODE='200',RESPONSE_METHOD='GET',RESPONSE_LENGTH_OKHTTP='2344',RESPONSE_LENGTH_HEADER='2344',REQUEST_PROTOCOL='h2',REQUEST_URL='https://v.redd.it/ue0jdgk9zhd51/DASHPlaylist.mpd',
08-05 03:43:36.794  7568 10535 D OK      : request got status: 200
08-05 03:43:36.794  7568 10531 I NAPPA_EXPERIMENTATION: MetricNetworkRequestExecutionTime: REQUEST_DURATION_SYSTEM='1359',REQUEST_DURATION_OKHTTP='348',REQUEST_SYNCHRONOUS='TRUE',RESPONSE_CODE='200',RESPONSE_METHOD='GET',RESPONSE_LENGTH_OKHTTP='2427',RESPONSE_LENGTH_HEADER='2427',REQUEST_PROTOCOL='h2',REQUEST_URL='https://v.redd.it/psrknoobrgd51/DASHPlaylist.mpd',
08-05 03:43:36.794  7568 10531 D OK      : request got status: 200
08-05 03:43:36.806  7568  7579 I art     : Explicit concurrent mark sweep GC freed 3956(335KB) AllocSpace objects, 13(884KB) LOS objects, 28% free, 40MB/56MB, paused 787us total 51.690ms
08-05 03:43:36.825  7568 10534 I RedditVideosAPI: For 'https://v.redd.it/xd6c4yyutgd51/DASHPlaylist.mpd', got video stream 'https://v.redd.it/xd6c4yyutgd51/DASH_480' and audio stream 'null'
08-05 03:43:36.847  7568 10528 I RedditVideosAPI: For 'https://v.redd.it/75en73fm5id51/DASHPlaylist.mpd', got video stream 'https://v.redd.it/75en73fm5id51/DASH_480' and audio stream 'https://v.redd.it/75en73fm5id51/audio'
08-05 03:43:36.852  7568 10535 I RedditVideosAPI: For 'https://v.redd.it/ue0jdgk9zhd51/DASHPlaylist.mpd', got video stream 'https://v.redd.it/ue0jdgk9zhd51/DASH_360' and audio stream 'https://v.redd.it/ue0jdgk9zhd51/audio'
08-05 03:43:36.865  7568 10531 I RedditVideosAPI: For 'https://v.redd.it/psrknoobrgd51/DASHPlaylist.mpd', got video stream 'https://v.redd.it/psrknoobrgd51/DASH_480' and audio stream 'null'
08-05 03:43:36.925  7568 10525 I NAPPA_EXPERIMENTATION: MetricNetworkRequestExecutionTime: REQUEST_DURATION_SYSTEM='1502',REQUEST_DURATION_OKHTTP='166',REQUEST_SYNCHRONOUS='TRUE',RESPONSE_CODE='200',RESPONSE_METHOD='GET',RESPONSE_LENGTH_OKHTTP='2071',RESPONSE_LENGTH_HEADER='2071',REQUEST_PROTOCOL='h2',REQUEST_URL='https://v.redd.it/pbqrrfb3tkd51/DASHPlaylist.mpd',
08-05 03:43:36.925  7568 10525 D OK      : request got status: 200
08-05 03:43:36.959  7568 10525 I RedditVideosAPI: For 'https://v.redd.it/pbqrrfb3tkd51/DASHPlaylist.mpd', got video stream 'https://v.redd.it/pbqrrfb3tkd51/DASH_480' and audio stream 'null'
08-05 03:43:37.155  7568  7581 I art     : Starting a blocking GC Explicit
08-05 03:43:37.213  7568  7581 I art     : Explicit concurrent mark sweep GC freed 4261(556KB) AllocSpace objects, 16(1040KB) LOS objects, 28% free, 39MB/55MB, paused 500us total 58.120ms
08-05 03:43:37.232  7568  7581 I art     : Starting a blocking GC Explicit
08-05 03:43:37.281  7568  7581 I art     : Explicit concurrent mark sweep GC freed 339(11KB) AllocSpace objects, 0(0B) LOS objects, 28% free, 39MB/55MB, paused 576us total 48.351ms
08-05 03:43:37.300  7568  7581 I art     : Starting a blocking GC Explicit
08-05 03:43:37.352  7568  7581 I art     : Explicit concurrent mark sweep GC freed 3(96B) AllocSpace objects, 0(0B) LOS objects, 28% free, 39MB/55MB, paused 569us total 51.707ms
08-05 03:43:37.372  7568  7581 I art     : Starting a blocking GC Explicit
08-05 03:43:37.425  7568  7581 I art     : Explicit concurrent mark sweep GC freed 3(96B) AllocSpace objects, 0(0B) LOS objects, 28% free, 39MB/55MB, paused 578us total 53.473ms
08-05 03:43:37.445  7568  7581 I art     : Starting a blocking GC Explicit
08-05 03:43:37.498  7568  7581 I art     : Explicit concurrent mark sweep GC freed 3(96B) AllocSpace objects, 0(0B) LOS objects, 28% free, 39MB/55MB, paused 608us total 53.133ms
08-05 03:43:37.753 10586 10586 D AndroidRuntime: >>>>>> START com.android.internal.os.RuntimeInit uid 2000 <<<<<<
08-05 03:43:37.760 10586 10586 D AndroidRuntime: CheckJNI is OFF
08-05 03:43:37.802 10586 10586 D ICU     : No timezone override file found: /data/misc/zoneinfo/current/icu/icu_tzdata.dat
08-05 03:43:37.845 10586 10586 I Radio-JNI: register_android_hardware_Radio DONE
08-05 03:43:37.876 10586 10586 D AndroidRuntime: Calling main entry com.android.commands.input.Input
08-05 03:43:37.878 10586 10586 I Input   : injectMotionEvent: MotionEvent { action=ACTION_DOWN, actionButton=0, id[0]=0, x[0]=1340.0, y[0]=1100.0, toolType[0]=TOOL_TYPE_UNKNOWN, buttonState=0, metaState=0, flags=0x0, edgeFlags=0x0, pointerCount=1, historySize=0, eventTime=762234290, downTime=762234290, deviceId=0, source=0x1002 }
08-05 03:43:37.878  7568  7889 I art     : Starting a blocking GC Explicit
08-05 03:43:37.884 10586 10586 I Input   : injectMotionEvent: MotionEvent { action=ACTION_UP, actionButton=0, id[0]=0, x[0]=1340.0, y[0]=1100.0, toolType[0]=TOOL_TYPE_UNKNOWN, buttonState=0, metaState=0, flags=0x0, edgeFlags=0x0, pointerCount=1, historySize=0, eventTime=762234290, downTime=762234290, deviceId=0, source=0x1002 }
08-05 03:43:37.886 10586 10586 D AndroidRuntime: Shutting down VM
08-05 03:43:37.902   512  2967 D audio_hw_primary: out_set_parameters: enter: usecase(1: low-latency-playback) kvpairs: routing=2
08-05 03:43:37.902   918   928 I ActivityManager: START u0 {dat=https://oauth.reddit.com/... cmp=baseline.org.quantumbadger.redreader/.activities.CommentListingActivity} from uid 10689 on display 0
08-05 03:43:37.915   512  2967 D audio_hw_primary: select_devices: out_snd_device(2: speaker) in_snd_device(0: none)
08-05 03:43:37.915   512  2967 D msm8974_platform: platform_send_audio_calibration: sending audio calibration for snd_device(2) acdb_id(15)
08-05 03:43:37.915   512  2967 I soundtrigger: audio_extn_sound_trigger_update_device_status: device 0x2 of type 0 for Event 1
08-05 03:43:37.928   512  2967 D audio_hw_primary: enable_snd_device: snd_device(2: speaker)
08-05 03:43:37.930   512  2967 D audio_hw_primary: enable_audio_route: apply and update mixer path: low-latency-playback speaker
08-05 03:43:37.933  7568  7889 I art     : Explicit concurrent mark sweep GC freed 2152(109KB) AllocSpace objects, 1(20KB) LOS objects, 28% free, 39MB/55MB, paused 1.026ms total 54.266ms
08-05 03:43:37.940  7568  7568 I AppCompatViewInflater: app:theme is now deprecated. Please move to using android:theme instead.
08-05 03:43:37.952  7568  7889 I art     : Starting a blocking GC Explicit
08-05 03:43:37.961  7568 10612 D OK      : calling: https://oauth.reddit.com/comments/hzejrd/.json?sort=confidence
08-05 03:43:37.998  7568  7889 I art     : Explicit concurrent mark sweep GC freed 8015(882KB) AllocSpace objects, 17(2MB) LOS objects, 30% free, 37MB/53MB, paused 596us total 45.843ms
08-05 03:43:38.017  7568  7889 I art     : Starting a blocking GC Explicit
08-05 03:43:38.034   918   936 I ActivityManager: Displayed baseline.org.quantumbadger.redreader/.activities.CommentListingActivity: +119ms
08-05 03:43:38.035 13866 13866 I GoogleInputMethodServic: GoogleInputMethodService.onFinishInput():3138 
08-05 03:43:38.035 13866 13866 I GoogleInputMethodServic: GoogleInputMethodService.onStartInput():1808 
08-05 03:43:38.062  7568  7889 I art     : Explicit concurrent mark sweep GC freed 958(39KB) AllocSpace objects, 0(0B) LOS objects, 30% free, 37MB/53MB, paused 655us total 44.815ms
08-05 03:43:38.083  7568  7889 I art     : Starting a blocking GC Explicit
08-05 03:43:38.129  7568  7889 I art     : Explicit concurrent mark sweep GC freed 2100(85KB) AllocSpace objects, 0(0B) LOS objects, 30% free, 37MB/53MB, paused 658us total 45.358ms
08-05 03:43:38.148  7568  7889 I art     : Starting a blocking GC Explicit
08-05 03:43:38.198  7568  7889 I art     : Explicit concurrent mark sweep GC freed 90(3KB) AllocSpace objects, 0(0B) LOS objects, 30% free, 37MB/53MB, paused 667us total 50.272ms
08-05 03:43:38.276  7568 10612 I NAPPA_EXPERIMENTATION: MetricNetworkRequestExecutionTime: REQUEST_DURATION_SYSTEM='314',REQUEST_DURATION_OKHTTP='157',REQUEST_SYNCHRONOUS='TRUE',RESPONSE_CODE='200',RESPONSE_METHOD='GET',RESPONSE_LENGTH_OKHTTP='-1',RESPONSE_LENGTH_HEADER='45890',REQUEST_PROTOCOL='h2',REQUEST_URL='https://oauth.reddit.com/comments/hzejrd/.json?sort=confidence',
08-05 03:43:38.276  7568 10612 D OK      : request got status: 200
08-05 03:43:38.291  7568 10498 I CommentListingActivity: COMMENTS session changed to b05f8416-63fa-499a-9efa-8463822752ec
08-05 03:43:38.295   380   380 W SurfaceFlinger: couldn't log to binary event log: overflow.
08-05 03:43:38.460   512  2967 D audio_hw_primary: disable_audio_route: reset and update mixer path: low-latency-playback speaker
08-05 03:43:38.461   512  2967 D audio_hw_primary: disable_snd_device: snd_device(2: speaker)
08-05 03:43:38.470   512  2967 I soundtrigger: audio_extn_sound_trigger_update_device_status: device 0x2 of type 0 for Event 0
08-05 03:43:38.511  7568  7589 I art     : Starting a blocking GC Explicit
08-05 03:43:38.577  7568  7589 I art     : Explicit concurrent mark sweep GC freed 30299(1701KB) AllocSpace objects, 2(88KB) LOS objects, 28% free, 39MB/55MB, paused 745us total 64.928ms
08-05 03:43:38.596  7568  7589 I art     : Starting a blocking GC Explicit
08-05 03:43:38.650  7568  7589 I art     : Explicit concurrent mark sweep GC freed 12370(556KB) AllocSpace objects, 1(68KB) LOS objects, 29% free, 39MB/55MB, paused 817us total 54.044ms
08-05 03:43:38.670  7568  7589 I art     : Starting a blocking GC Explicit
08-05 03:43:38.721  7568  7589 I art     : Explicit concurrent mark sweep GC freed 85(3KB) AllocSpace objects, 0(0B) LOS objects, 29% free, 39MB/55MB, paused 495us total 50.898ms
08-05 03:43:38.740  7568  7589 I art     : Starting a blocking GC Explicit
08-05 03:43:38.792  7568  7589 I art     : Explicit concurrent mark sweep GC freed 3(96B) AllocSpace objects, 0(0B) LOS objects, 29% free, 39MB/55MB, paused 483us total 51.310ms
08-05 03:43:38.811  7568  7589 I art     : Starting a blocking GC Explicit
08-05 03:43:38.865  7568  7589 I art     : Explicit concurrent mark sweep GC freed 3(96B) AllocSpace objects, 0(0B) LOS objects, 29% free, 39MB/55MB, paused 466us total 54.011ms
08-05 03:43:39.199  7568  7581 I art     : Starting a blocking GC Explicit
08-05 03:43:39.263  7568  7581 I art     : Explicit concurrent mark sweep GC freed 1997(113KB) AllocSpace objects, 1(20KB) LOS objects, 29% free, 39MB/55MB, paused 490us total 63.785ms
08-05 03:43:39.287  7568  7581 I art     : Starting a blocking GC Explicit
08-05 03:43:39.349  7568  7581 I art     : Explicit concurrent mark sweep GC freed 66(2528B) AllocSpace objects, 0(0B) LOS objects, 29% free, 39MB/55MB, paused 531us total 61.927ms
08-05 03:43:39.370  7568  7581 I art     : Starting a blocking GC Explicit
08-05 03:43:39.435  7568  7581 I art     : Explicit concurrent mark sweep GC freed 3(96B) AllocSpace objects, 0(0B) LOS objects, 29% free, 39MB/55MB, paused 549us total 64.762ms
08-05 03:43:39.458  7568  7581 I art     : Starting a blocking GC Explicit
08-05 03:43:39.521  7568  7581 I art     : Explicit concurrent mark sweep GC freed 3(96B) AllocSpace objects, 0(0B) LOS objects, 29% free, 39MB/55MB, paused 533us total 62.223ms
08-05 03:43:39.542  7568  7581 I art     : Starting a blocking GC Explicit
08-05 03:43:39.611  7568  7581 I art     : Explicit concurrent mark sweep GC freed 3(96B) AllocSpace objects, 0(0B) LOS objects, 29% free, 39MB/55MB, paused 521us total 68.206ms
08-05 03:43:39.619   918  3188 I hubconnection: sensorhub said: 'set_bias 3: -5.8656, 0.0000, 0.0000'
08-05 03:43:39.980  7568  7579 I art     : Starting a blocking GC Explicit
08-05 03:43:40.062  7568  7579 I art     : Explicit concurrent mark sweep GC freed 1362(83KB) AllocSpace objects, 1(20KB) LOS objects, 29% free, 39MB/55MB, paused 596us total 81.716ms
08-05 03:43:40.087  7568  7579 I art     : Starting a blocking GC Explicit
08-05 03:43:40.157  7568  7579 I art     : Explicit concurrent mark sweep GC freed 20(704B) AllocSpace objects, 0(0B) LOS objects, 29% free, 39MB/55MB, paused 533us total 69.794ms
08-05 03:43:40.178  7568  7579 I art     : Starting a blocking GC Explicit
08-05 03:43:40.249  7568  7579 I art     : Explicit concurrent mark sweep GC freed 3(96B) AllocSpace objects, 0(0B) LOS objects, 29% free, 39MB/55MB, paused 561us total 70.346ms
08-05 03:43:40.270  7568  7579 I art     : Starting a blocking GC Explicit
08-05 03:43:40.340  7568  7579 I art     : Explicit concurrent mark sweep GC freed 3(96B) AllocSpace objects, 0(0B) LOS objects, 29% free, 39MB/55MB, paused 544us total 68.927ms
08-05 03:43:40.361  7568  7579 I art     : Starting a blocking GC Explicit
08-05 03:43:40.434  7568  7579 I art     : Explicit concurrent mark sweep GC freed 3(96B) AllocSpace objects, 0(0B) LOS objects, 29% free, 39MB/55MB, paused 613us total 72.465ms
08-05 03:43:40.814  7568  7589 I art     : Starting a blocking GC Explicit
08-05 03:43:40.909  7568  7589 I art     : Explicit concurrent mark sweep GC freed 1356(82KB) AllocSpace objects, 1(20KB) LOS objects, 29% free, 39MB/55MB, paused 593us total 95.062ms
08-05 03:43:40.935  7568  7589 I art     : Starting a blocking GC Explicit
08-05 03:43:41.004  7568  7589 I art     : Explicit concurrent mark sweep GC freed 20(704B) AllocSpace objects, 0(0B) LOS objects, 29% free, 39MB/55MB, paused 559us total 68.276ms
08-05 03:43:41.025  7568  7589 I art     : Starting a blocking GC Explicit
08-05 03:43:41.093  7568  7589 I art     : Explicit concurrent mark sweep GC freed 3(96B) AllocSpace objects, 0(0B) LOS objects, 29% free, 39MB/55MB, paused 569us total 66.874ms
08-05 03:43:41.114  7568  7589 I art     : Starting a blocking GC Explicit
08-05 03:43:41.187  7568  7589 I art     : Explicit concurrent mark sweep GC freed 3(96B) AllocSpace objects, 0(0B) LOS objects, 29% free, 39MB/55MB, paused 538us total 72.819ms
08-05 03:43:41.210  7568  7589 I art     : Starting a blocking GC Explicit
08-05 03:43:41.280  7568  7589 I art     : Explicit concurrent mark sweep GC freed 3(96B) AllocSpace objects, 0(0B) LOS objects, 29% free, 39MB/55MB, paused 578us total 70.019ms
08-05 03:43:41.643  7568  7889 I art     : Starting a blocking GC Explicit
08-05 03:43:41.728  7568  7889 I art     : Explicit concurrent mark sweep GC freed 1354(82KB) AllocSpace objects, 1(20KB) LOS objects, 29% free, 39MB/55MB, paused 786us total 85.107ms
08-05 03:43:41.754  7568  7889 I art     : Starting a blocking GC Explicit
08-05 03:43:41.827  7568  7889 I art     : Explicit concurrent mark sweep GC freed 20(704B) AllocSpace objects, 0(0B) LOS objects, 29% free, 39MB/55MB, paused 607us total 73.387ms
08-05 03:43:41.828  7568  7578 I art     : WaitForGcToComplete blocked for 20.725ms for cause HeapTrim
08-05 03:43:41.851  7568  7889 I art     : Starting a blocking GC Explicit
08-05 03:43:41.922  7568  7889 I art     : Explicit concurrent mark sweep GC freed 3(96B) AllocSpace objects, 0(0B) LOS objects, 29% free, 39MB/55MB, paused 572us total 70.665ms
08-05 03:43:41.947  7568  7889 I art     : Starting a blocking GC Explicit
08-05 03:43:42.016  7568  7889 I art     : Explicit concurrent mark sweep GC freed 3(96B) AllocSpace objects, 0(0B) LOS objects, 29% free, 39MB/55MB, paused 562us total 69.173ms
08-05 03:43:42.038  7568  7889 I art     : Starting a blocking GC Explicit
08-05 03:43:42.105  7568  7889 I art     : Explicit concurrent mark sweep GC freed 3(96B) AllocSpace objects, 0(0B) LOS objects, 29% free, 39MB/55MB, paused 566us total 67.081ms
08-05 03:43:42.455  7568  7581 I art     : Starting a blocking GC Explicit
08-05 03:43:42.531  7568  7581 I art     : Explicit concurrent mark sweep GC freed 1355(83KB) AllocSpace objects, 1(20KB) LOS objects, 29% free, 39MB/55MB, paused 591us total 75.657ms
08-05 03:43:42.557  7568  7581 I art     : Starting a blocking GC Explicit
08-05 03:43:42.624  7568  7581 I art     : Explicit concurrent mark sweep GC freed 20(704B) AllocSpace objects, 0(0B) LOS objects, 29% free, 39MB/55MB, paused 552us total 67.358ms
08-05 03:43:42.646  7568  7581 I art     : Starting a blocking GC Explicit
08-05 03:43:42.714  7568  7581 I art     : Explicit concurrent mark sweep GC freed 3(96B) AllocSpace objects, 0(0B) LOS objects, 29% free, 39MB/55MB, paused 554us total 68.313ms
08-05 03:43:42.736  7568  7581 I art     : Starting a blocking GC Explicit
08-05 03:43:42.811  7568  7581 I art     : Explicit concurrent mark sweep GC freed 3(96B) AllocSpace objects, 0(0B) LOS objects, 29% free, 39MB/55MB, paused 573us total 74.817ms
08-05 03:43:42.834  7568  7581 I art     : Starting a blocking GC Explicit
08-05 03:43:42.905  7568  7581 I art     : Explicit concurrent mark sweep GC freed 3(96B) AllocSpace objects, 0(0B) LOS objects, 29% free, 39MB/55MB, paused 565us total 70.205ms
08-05 03:43:42.917  7568 10611 I RedditChangeDataIO: Writing tmp data file at '/data/user/0/baseline.org.quantumbadger.redreader/files/rr_change_data_tmp.dat'
08-05 03:43:42.918  7568 10611 I RedditChangeDataManager: Taking snapshot...
08-05 03:43:42.918  7568 10611 I RedditChangeDataManager: Writing to stream...
08-05 03:43:42.918  7568 10611 I RedditChangeDataManager: Wrote 6 entries for user ''
08-05 03:43:42.918  7568 10611 I RedditChangeDataManager: All entries written to stream.
08-05 03:43:42.919  7568 10611 I RedditChangeDataIO: Write successful. Atomically replacing data file...
08-05 03:43:42.920  7568 10611 I RedditChangeDataIO: Write complete.
08-05 03:43:42.920  7568 10611 I RedditChangeDataIO: 158 bytes written in 4 ms
08-05 03:43:43.287  7568  7579 I art     : Starting a blocking GC Explicit
08-05 03:43:43.370  7568  7579 I art     : Explicit concurrent mark sweep GC freed 1444(88KB) AllocSpace objects, 2(88KB) LOS objects, 29% free, 39MB/55MB, paused 635us total 82.870ms
08-05 03:43:43.394  7568  7579 I art     : Starting a blocking GC Explicit
08-05 03:43:43.462  7568  7579 I art     : Explicit concurrent mark sweep GC freed 23(800B) AllocSpace objects, 0(0B) LOS objects, 29% free, 39MB/55MB, paused 547us total 67.503ms
08-05 03:43:43.483  7568  7579 I art     : Starting a blocking GC Explicit
08-05 03:43:43.551  7568  7579 I art     : Explicit concurrent mark sweep GC freed 32(1568B) AllocSpace objects, 0(0B) LOS objects, 29% free, 39MB/55MB, paused 462us total 67.477ms
08-05 03:43:43.572  7568  7579 I art     : Starting a blocking GC Explicit
08-05 03:43:43.641  7568  7579 I art     : Explicit concurrent mark sweep GC freed 209(35KB) AllocSpace objects, 0(0B) LOS objects, 29% free, 39MB/55MB, paused 506us total 68.757ms
08-05 03:43:43.662  7568  7579 I art     : Starting a blocking GC Explicit
08-05 03:43:43.730  7568  7579 I art     : Explicit concurrent mark sweep GC freed 68(2272B) AllocSpace objects, 0(0B) LOS objects, 29% free, 39MB/55MB, paused 511us total 67.862ms
08-05 03:43:44.101  7568  7589 I art     : Starting a blocking GC Explicit
08-05 03:43:44.175  7568  7589 I art     : Explicit concurrent mark sweep GC freed 1356(82KB) AllocSpace objects, 1(20KB) LOS objects, 29% free, 39MB/55MB, paused 464us total 73.816ms
08-05 03:43:44.196  7568  7589 I art     : Starting a blocking GC Explicit
08-05 03:43:44.254  7568  7589 I art     : Explicit concurrent mark sweep GC freed 20(704B) AllocSpace objects, 0(0B) LOS objects, 29% free, 39MB/55MB, paused 482us total 57.363ms
08-05 03:43:44.274  7568  7589 I art     : Starting a blocking GC Explicit
08-05 03:43:44.338  7568  7589 I art     : Explicit concurrent mark sweep GC freed 3(96B) AllocSpace objects, 0(0B) LOS objects, 29% free, 39MB/55MB, paused 538us total 63.641ms
08-05 03:43:44.360  7568  7589 I art     : Starting a blocking GC Explicit
08-05 03:43:44.423  7568  7589 I art     : Explicit concurrent mark sweep GC freed 3(96B) AllocSpace objects, 0(0B) LOS objects, 29% free, 39MB/55MB, paused 486us total 63.305ms
08-05 03:43:44.444  7568  7589 I art     : Starting a blocking GC Explicit
08-05 03:43:44.510  7568  7589 I art     : Explicit concurrent mark sweep GC freed 3(96B) AllocSpace objects, 0(0B) LOS objects, 29% free, 39MB/55MB, paused 546us total 65.265ms
08-05 03:43:44.700 10695 10695 D AndroidRuntime: >>>>>> START com.android.internal.os.RuntimeInit uid 2000 <<<<<<
08-05 03:43:44.707 10695 10695 D AndroidRuntime: CheckJNI is OFF
08-05 03:43:44.750 10695 10695 D ICU     : No timezone override file found: /data/misc/zoneinfo/current/icu/icu_tzdata.dat
08-05 03:43:44.793 10695 10695 I Radio-JNI: register_android_hardware_Radio DONE
08-05 03:43:44.823 10695 10695 D AndroidRuntime: Calling main entry com.android.commands.input.Input
08-05 03:43:44.825 10695 10695 I Input   : injectKeyEvent: KeyEvent { action=ACTION_DOWN, keyCode=KEYCODE_BACK, scanCode=0, metaState=0, flags=0x0, repeatCount=0, eventTime=762241237, downTime=762241237, deviceId=-1, source=0x101 }
08-05 03:43:44.832 10695 10695 I Input   : injectKeyEvent: KeyEvent { action=ACTION_UP, keyCode=KEYCODE_BACK, scanCode=0, metaState=0, flags=0x0, repeatCount=0, eventTime=762241237, downTime=762241237, deviceId=-1, source=0x101 }
08-05 03:43:44.839 10695 10695 D AndroidRuntime: Shutting down VM
08-05 03:43:44.864  7568  7889 I art     : Starting a blocking GC Explicit
08-05 03:43:44.878 13866 13866 I GoogleInputMethodServic: GoogleInputMethodService.onFinishInput():3138 
08-05 03:43:44.879 13866 13866 I GoogleInputMethodServic: GoogleInputMethodService.onStartInput():1808 
08-05 03:43:44.923  7568  7889 I art     : Explicit concurrent mark sweep GC freed 1597(90KB) AllocSpace objects, 1(20KB) LOS objects, 29% free, 39MB/55MB, paused 573us total 59.241ms
08-05 03:43:44.945  7568  7889 I art     : Starting a blocking GC Explicit
08-05 03:43:44.999  7568  7889 I art     : Explicit concurrent mark sweep GC freed 63(2112B) AllocSpace objects, 0(0B) LOS objects, 29% free, 39MB/55MB, paused 458us total 53.274ms
08-05 03:43:45.019  7568  7889 I art     : Starting a blocking GC Explicit
08-05 03:43:45.076  7568  7889 I art     : Explicit concurrent mark sweep GC freed 3(96B) AllocSpace objects, 0(0B) LOS objects, 29% free, 39MB/55MB, paused 411us total 56.736ms
08-05 03:43:45.096  7568  7889 I art     : Starting a blocking GC Explicit
08-05 03:43:45.156  7568  7889 I art     : Explicit concurrent mark sweep GC freed 3(96B) AllocSpace objects, 0(0B) LOS objects, 29% free, 39MB/55MB, paused 590us total 59.510ms
08-05 03:43:45.180  7568  7889 I art     : Starting a blocking GC Explicit
08-05 03:43:45.201   380   380 W SurfaceFlinger: couldn't log to binary event log: overflow.
08-05 03:43:45.236  7568  7889 I art     : Explicit concurrent mark sweep GC freed 61(2240B) AllocSpace objects, 0(0B) LOS objects, 29% free, 39MB/55MB, paused 463us total 55.890ms
08-05 03:43:45.578  7568  7581 I art     : Starting a blocking GC Explicit
08-05 03:43:45.656  7568  7581 I art     : Explicit concurrent mark sweep GC freed 1362(83KB) AllocSpace objects, 1(20KB) LOS objects, 29% free, 39MB/55MB, paused 671us total 77.917ms
08-05 03:43:45.679  7568  7581 I art     : Starting a blocking GC Explicit
08-05 03:43:45.731  7568  7581 I art     : Explicit concurrent mark sweep GC freed 41339(2MB) AllocSpace objects, 5(140KB) LOS objects, 30% free, 36MB/52MB, paused 486us total 51.375ms
08-05 03:43:45.750  7568  7581 I art     : Starting a blocking GC Explicit
08-05 03:43:45.796  7568  7581 I art     : Explicit concurrent mark sweep GC freed 3(96B) AllocSpace objects, 0(0B) LOS objects, 30% free, 36MB/52MB, paused 478us total 45.202ms
08-05 03:43:45.815  7568  7581 I art     : Starting a blocking GC Explicit
08-05 03:43:45.859  7568  7581 I art     : Explicit concurrent mark sweep GC freed 3(96B) AllocSpace objects, 0(0B) LOS objects, 30% free, 36MB/52MB, paused 490us total 44.429ms
08-05 03:43:45.878  7568  7581 I art     : Starting a blocking GC Explicit
08-05 03:43:45.926  7568  7581 I art     : Explicit concurrent mark sweep GC freed 3(96B) AllocSpace objects, 0(0B) LOS objects, 30% free, 36MB/52MB, paused 487us total 47.024ms
08-05 03:43:46.249  7568  7589 I art     : Starting a blocking GC Explicit
08-05 03:43:46.298  7568  7589 I art     : Explicit concurrent mark sweep GC freed 1354(82KB) AllocSpace objects, 1(20KB) LOS objects, 30% free, 36MB/52MB, paused 519us total 47.870ms
08-05 03:43:46.317  7568  7589 I art     : Starting a blocking GC Explicit
08-05 03:43:46.363  7568  7589 I art     : Explicit concurrent mark sweep GC freed 20(704B) AllocSpace objects, 0(0B) LOS objects, 30% free, 36MB/52MB, paused 465us total 46.390ms
08-05 03:43:46.382  7568  7589 I art     : Starting a blocking GC Explicit
08-05 03:43:46.426  7568  7589 I art     : Explicit concurrent mark sweep GC freed 3(96B) AllocSpace objects, 0(0B) LOS objects, 30% free, 36MB/52MB, paused 504us total 43.803ms
08-05 03:43:46.445  7568  7589 I art     : Starting a blocking GC Explicit
08-05 03:43:46.492  7568  7589 I art     : Explicit concurrent mark sweep GC freed 3(96B) AllocSpace objects, 0(0B) LOS objects, 30% free, 36MB/52MB, paused 504us total 47.028ms
08-05 03:43:46.511  7568  7589 I art     : Starting a blocking GC Explicit
08-05 03:43:46.554  5221  5221 I Atfwd_Sendcmd: AtCmdFwd service not ready - Exhausted retry attempts - :6
08-05 03:43:46.554  5221  5221 I Atfwd_Daemon: result : -1 	 ,Init step :2 	 ,qmiErrorCode: 0
08-05 03:43:46.560  7568  7589 I art     : Explicit concurrent mark sweep GC freed 3(96B) AllocSpace objects, 0(0B) LOS objects, 30% free, 36MB/52MB, paused 503us total 48.653ms
08-05 03:43:46.656 10731 10731 D AndroidRuntime: >>>>>> START com.android.internal.os.RuntimeInit uid 2000 <<<<<<
08-05 03:43:46.662 10731 10731 D AndroidRuntime: CheckJNI is OFF
08-05 03:43:46.711 10731 10731 D ICU     : No timezone override file found: /data/misc/zoneinfo/current/icu/icu_tzdata.dat
08-05 03:43:46.757 10731 10731 I Radio-JNI: register_android_hardware_Radio DONE
08-05 03:43:46.785 10731 10731 D AndroidRuntime: Calling main entry com.android.commands.input.Input
08-05 03:43:46.787 10731 10731 I Input   : injectMotionEvent: MotionEvent { action=ACTION_DOWN, actionButton=0, id[0]=0, x[0]=600.0, y[0]=938.0, toolType[0]=TOOL_TYPE_UNKNOWN, buttonState=0, metaState=0, flags=0x0, edgeFlags=0x0, pointerCount=1, historySize=0, eventTime=762243199, downTime=762243199, deviceId=0, source=0x1002 }
08-05 03:43:46.792 10731 10731 I Input   : injectMotionEvent: MotionEvent { action=ACTION_UP, actionButton=0, id[0]=0, x[0]=600.0, y[0]=938.0, toolType[0]=TOOL_TYPE_UNKNOWN, buttonState=0, metaState=0, flags=0x0, edgeFlags=0x0, pointerCount=1, historySize=0, eventTime=762243199, downTime=762243199, deviceId=0, source=0x1002 }
08-05 03:43:46.794 10731 10731 D AndroidRuntime: Shutting down VM
08-05 03:43:46.809   512  2967 D audio_hw_primary: out_set_parameters: enter: usecase(1: low-latency-playback) kvpairs: routing=2
08-05 03:43:46.811   918  3359 I ActivityManager: START u0 {dat=https://gfycat.com/... cmp=baseline.org.quantumbadger.redreader/.activities.ImageViewActivity (has extras)} from uid 10689 on display 0
08-05 03:43:46.822   512  2967 D audio_hw_primary: select_devices: out_snd_device(2: speaker) in_snd_device(0: none)
08-05 03:43:46.822   512  2967 D msm8974_platform: platform_send_audio_calibration: sending audio calibration for snd_device(2) acdb_id(15)
08-05 03:43:46.823   512  2967 I soundtrigger: audio_extn_sound_trigger_update_device_status: device 0x2 of type 0 for Event 1
08-05 03:43:46.834  7568  7568 I ImageViewActivity: Loading URL https://gfycat.com/deadlygravecavy
08-05 03:43:46.836   512  2967 D audio_hw_primary: enable_snd_device: snd_device(2: speaker)
08-05 03:43:46.839   512  2967 D audio_hw_primary: enable_audio_route: apply and update mixer path: low-latency-playback speaker
08-05 03:43:46.845  7568 10498 I ImageViewActivity: Got image URL: https://giant.gfycat.com/DeadlyGraveCavy.mp4
08-05 03:43:46.845  7568 10498 I ImageViewActivity: Got image Type: video/mp4
08-05 03:43:46.846  7568 10498 I ImageViewActivity: Got media Type: VIDEO
08-05 03:43:46.846  7568 10498 I ImageViewActivity: Media type VIDEO detected
08-05 03:43:46.846  7568 10498 I ImageViewActivity: Proceeding with download
08-05 03:43:46.850  7568 10764 D OK      : calling: https://giant.gfycat.com/DeadlyGraveCavy.mp4
08-05 03:43:46.892 13866 13866 I GoogleInputMethodServic: GoogleInputMethodService.onFinishInput():3138 
08-05 03:43:46.892 13866 13866 I GoogleInputMethodServic: GoogleInputMethodService.onStartInput():1808 
08-05 03:43:46.902  7568  7589 I art     : Starting a blocking GC Explicit
08-05 03:43:46.921   918   936 I ActivityManager: Displayed baseline.org.quantumbadger.redreader/.activities.ImageViewActivity: +100ms
08-05 03:43:46.956  7568  7589 I art     : Explicit concurrent mark sweep GC freed 3977(275KB) AllocSpace objects, 1(20KB) LOS objects, 30% free, 36MB/52MB, paused 744us total 54.236ms
08-05 03:43:46.957  7568  7578 I art     : WaitForGcToComplete blocked for 34.567ms for cause HeapTrim
08-05 03:43:46.979  7568  7589 I art     : Starting a blocking GC Explicit
08-05 03:43:47.020  7568  7589 I art     : Explicit concurrent mark sweep GC freed 211(10KB) AllocSpace objects, 0(0B) LOS objects, 30% free, 36MB/52MB, paused 511us total 41.110ms
08-05 03:43:47.039  7568  7589 I art     : Starting a blocking GC Explicit
08-05 03:43:47.087  7568  7589 I art     : Explicit concurrent mark sweep GC freed 1765(68KB) AllocSpace objects, 0(0B) LOS objects, 30% free, 36MB/52MB, paused 714us total 48.045ms
08-05 03:43:47.107  7568  7589 I art     : Starting a blocking GC Explicit
08-05 03:43:47.154   380   380 W SurfaceFlinger: couldn't log to binary event log: overflow.
08-05 03:43:47.163  7568  7589 I art     : Explicit concurrent mark sweep GC freed 67(2480B) AllocSpace objects, 0(0B) LOS objects, 30% free, 36MB/52MB, paused 528us total 55.183ms
08-05 03:43:47.182  7568  7589 I art     : Starting a blocking GC Explicit
08-05 03:43:47.218  7568 10764 I NAPPA_EXPERIMENTATION: MetricNetworkRequestExecutionTime: REQUEST_DURATION_SYSTEM='368',REQUEST_DURATION_OKHTTP='158',REQUEST_SYNCHRONOUS='TRUE',RESPONSE_CODE='200',RESPONSE_METHOD='GET',RESPONSE_LENGTH_OKHTTP='1942309',RESPONSE_LENGTH_HEADER='1942309',REQUEST_PROTOCOL='h2',REQUEST_URL='https://giant.gfycat.com/DeadlyGraveCavy.mp4',
08-05 03:43:47.218  7568 10764 D OK      : request got status: 200
08-05 03:43:47.223  7568  7589 I art     : Explicit concurrent mark sweep GC freed 209(16KB) AllocSpace objects, 0(0B) LOS objects, 30% free, 37MB/53MB, paused 491us total 40.707ms
08-05 03:43:47.379   512  2967 D audio_hw_primary: disable_audio_route: reset and update mixer path: low-latency-playback speaker
08-05 03:43:47.380   512  2967 D audio_hw_primary: disable_snd_device: snd_device(2: speaker)
08-05 03:43:47.391   512  2967 I soundtrigger: audio_extn_sound_trigger_update_device_status: device 0x2 of type 0 for Event 0
08-05 03:43:47.556  7568  7581 I art     : Starting a blocking GC Explicit
08-05 03:43:47.603  7568  7581 I art     : Explicit concurrent mark sweep GC freed 3294(1072KB) AllocSpace objects, 1(20KB) LOS objects, 29% free, 37MB/53MB, paused 554us total 46.864ms
08-05 03:43:47.622  7568  7581 I art     : Starting a blocking GC Explicit
08-05 03:43:47.659  7568  7568 I ImageViewActivity: Playing video using ExoPlayer
08-05 03:43:47.667  7568  7581 I art     : Explicit concurrent mark sweep GC freed 414(257KB) AllocSpace objects, 1(68KB) LOS objects, 30% free, 37MB/53MB, paused 1.192ms total 44.616ms
08-05 03:43:47.685  7568  7581 I art     : Starting a blocking GC Explicit
08-05 03:43:47.747  7568  7568 I ExoPlayerImpl: Init 22c1545 [ExoPlayerLib/2.10.8] [angler, Nexus 6P, Huawei, 23]
08-05 03:43:47.766  7568  7581 I art     : Explicit concurrent mark sweep GC freed 1186(163KB) AllocSpace objects, 1(68KB) LOS objects, 29% free, 37MB/53MB, paused 1.396ms total 80.536ms
08-05 03:43:47.786  7568  7581 I art     : Starting a blocking GC Explicit
08-05 03:43:47.836  7568  7581 I art     : Explicit concurrent mark sweep GC freed 2104(206KB) AllocSpace objects, 0(0B) LOS objects, 29% free, 38MB/54MB, paused 1.570ms total 50.330ms
08-05 03:43:47.857  7568  7581 I art     : Starting a blocking GC Explicit
08-05 03:43:47.898  7568 10778 W VideoCapabilities: Unrecognized profile 2130706433 for video/avc
08-05 03:43:47.902  7568  7581 I art     : Explicit concurrent mark sweep GC freed 2336(166KB) AllocSpace objects, 4(168KB) LOS objects, 29% free, 38MB/54MB, paused 727us total 44.899ms
08-05 03:43:47.934  7568 10778 I VideoCapabilities: Unsupported profile 4 for video/mp4v-es
08-05 03:43:47.956  7568 10781 I OMXClient: Using client-side OMX mux.
08-05 03:43:48.055   512  3270 I OMX-VDEC-1080P: component_init: OMX.qcom.video.decoder.avc : fd=49
08-05 03:43:48.055   512  3270 I OMX-VDEC-1080P: Capabilities: driver_name = msm_vidc_driver, card = msm_vdec_8974, bus_info = , version = 1, capabilities = 4003000
08-05 03:43:48.060   512  3270 I OMX-VDEC-1080P: Enabling default extradata for OMX.qcom.video.decoder.avc
08-05 03:43:48.064   512  3270 I OMX-VDEC-1080P: omx_vdec::component_init() success : fd=49
08-05 03:43:48.073  7568 10780 I MediaCodec: [OMX.qcom.video.decoder.avc] setting surface generation to 7749633
08-05 03:43:48.077   512 12837 E OMX-VDEC-1080P: Extension: OMX.google.android.index.storeANWBufferInMetadata not implemented
08-05 03:43:48.104  7568 10781 D SurfaceUtils: set up nativeWindow 0x7f78852410 for 360x306, color 0x7fa30c04, rotation 0, usage 0x42002900
08-05 03:43:48.139  7568 10781 D SurfaceUtils: set up nativeWindow 0x7f78852410 for 368x320, color 0x7fa30c04, rotation 0, usage 0x42002900
08-05 03:43:48.230  7568  7589 I art     : Starting a blocking GC Explicit
08-05 03:43:48.280  7568  7589 I art     : Explicit concurrent mark sweep GC freed 5537(308KB) AllocSpace objects, 2(88KB) LOS objects, 28% free, 40MB/56MB, paused 553us total 50.111ms
08-05 03:43:48.299  7568  7589 I art     : Starting a blocking GC Explicit
08-05 03:43:48.349  7568  7589 I art     : Explicit concurrent mark sweep GC freed 55(2080B) AllocSpace objects, 0(0B) LOS objects, 28% free, 40MB/56MB, paused 551us total 49.766ms
08-05 03:43:48.369  7568  7589 I art     : Starting a blocking GC Explicit
08-05 03:43:48.421  7568  7589 I art     : Explicit concurrent mark sweep GC freed 25(928B) AllocSpace objects, 0(0B) LOS objects, 28% free, 40MB/56MB, paused 580us total 51.836ms
08-05 03:43:48.441  7568  7589 I art     : Starting a blocking GC Explicit
08-05 03:43:48.491  7568  7589 I art     : Explicit concurrent mark sweep GC freed 29(1072B) AllocSpace objects, 0(0B) LOS objects, 28% free, 40MB/56MB, paused 514us total 50.123ms
08-05 03:43:48.511  7568  7589 I art     : Starting a blocking GC Explicit
08-05 03:43:48.563  7568  7589 I art     : Explicit concurrent mark sweep GC freed 23(832B) AllocSpace objects, 0(0B) LOS objects, 28% free, 40MB/56MB, paused 531us total 52.135ms
08-05 03:43:48.911  7568  7579 I art     : Starting a blocking GC Explicit
08-05 03:43:48.963  7568  7579 I art     : Explicit concurrent mark sweep GC freed 1492(87KB) AllocSpace objects, 1(20KB) LOS objects, 28% free, 40MB/56MB, paused 536us total 51.396ms
08-05 03:43:48.982  7568  7579 I art     : Starting a blocking GC Explicit
08-05 03:43:49.033  7568  7579 I art     : Explicit concurrent mark sweep GC freed 42(1536B) AllocSpace objects, 0(0B) LOS objects, 28% free, 40MB/56MB, paused 552us total 50.700ms
08-05 03:43:49.053  7568  7579 I art     : Starting a blocking GC Explicit
08-05 03:43:49.103  7568  7579 I art     : Explicit concurrent mark sweep GC freed 25(928B) AllocSpace objects, 0(0B) LOS objects, 28% free, 40MB/56MB, paused 567us total 49.559ms
08-05 03:43:49.122  7568  7579 I art     : Starting a blocking GC Explicit
08-05 03:43:49.174  7568  7579 I art     : Explicit concurrent mark sweep GC freed 27(1024B) AllocSpace objects, 0(0B) LOS objects, 28% free, 40MB/56MB, paused 541us total 51.259ms
08-05 03:43:49.194  7568  7579 I art     : Starting a blocking GC Explicit
08-05 03:43:49.246  7568  7579 I art     : Explicit concurrent mark sweep GC freed 23(832B) AllocSpace objects, 0(0B) LOS objects, 28% free, 40MB/56MB, paused 551us total 51.286ms
08-05 03:43:49.600  7568  7581 I art     : Starting a blocking GC Explicit
08-05 03:43:49.650  7568  7581 I art     : Explicit concurrent mark sweep GC freed 1488(87KB) AllocSpace objects, 1(20KB) LOS objects, 28% free, 40MB/56MB, paused 550us total 49.845ms
08-05 03:43:49.669  7568  7581 I art     : Starting a blocking GC Explicit
08-05 03:43:49.720  7568  7581 I art     : Explicit concurrent mark sweep GC freed 47(1744B) AllocSpace objects, 0(0B) LOS objects, 28% free, 40MB/56MB, paused 550us total 50.686ms
08-05 03:43:49.740  7568  7581 I art     : Starting a blocking GC Explicit
08-05 03:43:49.791  7568  7581 I art     : Explicit concurrent mark sweep GC freed 25(928B) AllocSpace objects, 0(0B) LOS objects, 28% free, 40MB/56MB, paused 527us total 51.320ms
08-05 03:43:49.811  7568  7581 I art     : Starting a blocking GC Explicit
08-05 03:43:49.863  7568  7581 I art     : Explicit concurrent mark sweep GC freed 25(928B) AllocSpace objects, 0(0B) LOS objects, 28% free, 40MB/56MB, paused 593us total 51.879ms
08-05 03:43:49.883  7568  7581 I art     : Starting a blocking GC Explicit
08-05 03:43:49.936  7568  7581 I art     : Explicit concurrent mark sweep GC freed 32(1200B) AllocSpace objects, 0(0B) LOS objects, 28% free, 40MB/56MB, paused 594us total 53.194ms
08-05 03:43:50.313  7568  7589 I art     : Starting a blocking GC Explicit
08-05 03:43:50.367  7568  7589 I art     : Explicit concurrent mark sweep GC freed 1499(88KB) AllocSpace objects, 1(20KB) LOS objects, 28% free, 40MB/56MB, paused 545us total 53.118ms
08-05 03:43:50.386  7568  7589 I art     : Starting a blocking GC Explicit
08-05 03:43:50.439  7568  7589 I art     : Explicit concurrent mark sweep GC freed 42(1536B) AllocSpace objects, 0(0B) LOS objects, 28% free, 40MB/56MB, paused 551us total 52.418ms
08-05 03:43:50.458  7568  7589 I art     : Starting a blocking GC Explicit
08-05 03:43:50.507  7568  7589 I art     : Explicit concurrent mark sweep GC freed 25(928B) AllocSpace objects, 0(0B) LOS objects, 28% free, 40MB/56MB, paused 676us total 49.297ms
08-05 03:43:50.527  7568  7589 I art     : Starting a blocking GC Explicit
08-05 03:43:50.579  7568  7589 I art     : Explicit concurrent mark sweep GC freed 29(1072B) AllocSpace objects, 0(0B) LOS objects, 28% free, 40MB/56MB, paused 553us total 51.411ms
08-05 03:43:50.599  7568  7589 I art     : Starting a blocking GC Explicit
08-05 03:43:50.649  7568  7589 I art     : Explicit concurrent mark sweep GC freed 25(928B) AllocSpace objects, 0(0B) LOS objects, 28% free, 40MB/56MB, paused 571us total 50.090ms
08-05 03:43:51.023  7568  7889 I art     : Starting a blocking GC Explicit
08-05 03:43:51.071  7568  7889 I art     : Explicit concurrent mark sweep GC freed 1494(88KB) AllocSpace objects, 1(20KB) LOS objects, 28% free, 40MB/56MB, paused 530us total 47.755ms
08-05 03:43:51.090  7568  7889 I art     : Starting a blocking GC Explicit
08-05 03:43:51.141  7568  7889 I art     : Explicit concurrent mark sweep GC freed 49(1808B) AllocSpace objects, 0(0B) LOS objects, 28% free, 40MB/56MB, paused 564us total 50.092ms
08-05 03:43:51.160  7568  7889 I art     : Starting a blocking GC Explicit
08-05 03:43:51.211  7568  7889 I art     : Explicit concurrent mark sweep GC freed 23(864B) AllocSpace objects, 0(0B) LOS objects, 28% free, 40MB/56MB, paused 481us total 50.533ms
08-05 03:43:51.230  7568  7889 I art     : Starting a blocking GC Explicit
08-05 03:43:51.281  7568  7889 I art     : Explicit concurrent mark sweep GC freed 25(928B) AllocSpace objects, 0(0B) LOS objects, 28% free, 40MB/56MB, paused 632us total 50.995ms
08-05 03:43:51.301  7568  7889 I art     : Starting a blocking GC Explicit
08-05 03:43:51.353  7568  7889 I art     : Explicit concurrent mark sweep GC freed 21(784B) AllocSpace objects, 0(0B) LOS objects, 28% free, 40MB/56MB, paused 565us total 52.077ms
08-05 03:43:51.691  7568  7589 I art     : Starting a blocking GC Explicit
08-05 03:43:51.746  7568  7589 I art     : Explicit concurrent mark sweep GC freed 1492(87KB) AllocSpace objects, 1(20KB) LOS objects, 28% free, 40MB/56MB, paused 543us total 54.522ms
08-05 03:43:51.766  7568  7589 I art     : Starting a blocking GC Explicit
08-05 03:43:51.818  7568  7589 I art     : Explicit concurrent mark sweep GC freed 40(1488B) AllocSpace objects, 0(0B) LOS objects, 28% free, 40MB/56MB, paused 546us total 51.875ms
08-05 03:43:51.824  7568 10763 I RedditChangeDataIO: Writing tmp data file at '/data/user/0/baseline.org.quantumbadger.redreader/files/rr_change_data_tmp.dat'
08-05 03:43:51.824  7568 10763 I RedditChangeDataManager: Taking snapshot...
08-05 03:43:51.824  7568 10763 I RedditChangeDataManager: Writing to stream...
08-05 03:43:51.825  7568 10763 I RedditChangeDataManager: Wrote 6 entries for user ''
08-05 03:43:51.825  7568 10763 I RedditChangeDataManager: All entries written to stream.
08-05 03:43:51.825  7568 10763 I RedditChangeDataIO: Write successful. Atomically replacing data file...
08-05 03:43:51.826  7568 10763 I RedditChangeDataIO: Write complete.
08-05 03:43:51.826  7568 10763 I RedditChangeDataIO: 158 bytes written in 3 ms
08-05 03:43:51.838  7568  7589 I art     : Starting a blocking GC Explicit
08-05 03:43:51.890  7568  7589 I art     : Explicit concurrent mark sweep GC freed 115(6KB) AllocSpace objects, 1(68KB) LOS objects, 28% free, 40MB/56MB, paused 618us total 51.679ms
08-05 03:43:51.911  7568  7589 I art     : Starting a blocking GC Explicit
08-05 03:43:51.960  7568  7589 I art     : Explicit concurrent mark sweep GC freed 28(1024B) AllocSpace objects, 0(0B) LOS objects, 28% free, 40MB/56MB, paused 558us total 48.575ms
08-05 03:43:51.979  7568  7589 I art     : Starting a blocking GC Explicit
08-05 03:43:52.031  7568  7589 I art     : Explicit concurrent mark sweep GC freed 31(1136B) AllocSpace objects, 0(0B) LOS objects, 28% free, 40MB/56MB, paused 548us total 52.036ms
08-05 03:43:52.031  7568  7578 I art     : WaitForGcToComplete blocked for 10.106ms for cause HeapTrim
08-05 03:43:52.391  7568  7579 I art     : Starting a blocking GC Explicit
08-05 03:43:52.445  7568  7579 I art     : Explicit concurrent mark sweep GC freed 1490(87KB) AllocSpace objects, 1(20KB) LOS objects, 28% free, 40MB/56MB, paused 509us total 52.983ms
08-05 03:43:52.464  7568  7579 I art     : Starting a blocking GC Explicit
08-05 03:43:52.517  7568  7579 I art     : Explicit concurrent mark sweep GC freed 50(1792B) AllocSpace objects, 0(0B) LOS objects, 28% free, 40MB/56MB, paused 565us total 52.259ms
08-05 03:43:52.537  7568  7579 I art     : Starting a blocking GC Explicit
08-05 03:43:52.588  7568  7579 I art     : Explicit concurrent mark sweep GC freed 21(816B) AllocSpace objects, 0(0B) LOS objects, 28% free, 40MB/56MB, paused 559us total 51.104ms
08-05 03:43:52.608  7568  7579 I art     : Starting a blocking GC Explicit
08-05 03:43:52.661  7568  7579 I art     : Explicit concurrent mark sweep GC freed 54(2400B) AllocSpace objects, 0(0B) LOS objects, 28% free, 40MB/56MB, paused 490us total 52.558ms
08-05 03:43:52.681  7568  7579 I art     : Starting a blocking GC Explicit
08-05 03:43:52.733  7568  7579 I art     : Explicit concurrent mark sweep GC freed 183(31KB) AllocSpace objects, 0(0B) LOS objects, 28% free, 40MB/56MB, paused 547us total 52.040ms
08-05 03:43:53.086  7568  7589 I art     : Starting a blocking GC Explicit
08-05 03:43:53.139  7568  7589 I art     : Explicit concurrent mark sweep GC freed 1557(89KB) AllocSpace objects, 1(20KB) LOS objects, 28% free, 40MB/56MB, paused 528us total 52.998ms
08-05 03:43:53.159  7568  7589 I art     : Starting a blocking GC Explicit
08-05 03:43:53.208  7568  7589 I art     : Explicit concurrent mark sweep GC freed 43(1600B) AllocSpace objects, 0(0B) LOS objects, 28% free, 40MB/56MB, paused 602us total 48.384ms
08-05 03:43:53.226  7568  7589 I art     : Starting a blocking GC Explicit
08-05 03:43:53.276  7568  7589 I art     : Explicit concurrent mark sweep GC freed 25(928B) AllocSpace objects, 0(0B) LOS objects, 28% free, 40MB/56MB, paused 533us total 49.337ms
08-05 03:43:53.295  7568  7589 I art     : Starting a blocking GC Explicit
08-05 03:43:53.344  7568  7589 I art     : Explicit concurrent mark sweep GC freed 27(976B) AllocSpace objects, 0(0B) LOS objects, 28% free, 40MB/56MB, paused 523us total 49.154ms
08-05 03:43:53.364  7568  7589 I art     : Starting a blocking GC Explicit
08-05 03:43:53.415  7568  7589 I art     : Explicit concurrent mark sweep GC freed 27(1024B) AllocSpace objects, 0(0B) LOS objects, 28% free, 40MB/56MB, paused 507us total 50.745ms
08-05 03:43:53.564 10874 10874 D AndroidRuntime: >>>>>> START com.android.internal.os.RuntimeInit uid 2000 <<<<<<
08-05 03:43:53.571 10874 10874 D AndroidRuntime: CheckJNI is OFF
08-05 03:43:53.611 10874 10874 D ICU     : No timezone override file found: /data/misc/zoneinfo/current/icu/icu_tzdata.dat
08-05 03:43:53.651 10874 10874 I Radio-JNI: register_android_hardware_Radio DONE
08-05 03:43:53.678 10874 10874 D AndroidRuntime: Calling main entry com.android.commands.input.Input
08-05 03:43:53.681 10874 10874 I Input   : injectKeyEvent: KeyEvent { action=ACTION_DOWN, keyCode=KEYCODE_BACK, scanCode=0, metaState=0, flags=0x0, repeatCount=0, eventTime=762250094, downTime=762250094, deviceId=-1, source=0x101 }
08-05 03:43:53.686 10874 10874 I Input   : injectKeyEvent: KeyEvent { action=ACTION_UP, keyCode=KEYCODE_BACK, scanCode=0, metaState=0, flags=0x0, repeatCount=0, eventTime=762250094, downTime=762250094, deviceId=-1, source=0x101 }
08-05 03:43:53.692 10874 10874 D AndroidRuntime: Shutting down VM
08-05 03:43:53.752 13866 13866 I GoogleInputMethodServic: GoogleInputMethodService.onFinishInput():3138 
08-05 03:43:53.753 13866 13866 I GoogleInputMethodServic: GoogleInputMethodService.onStartInput():1808 
08-05 03:43:53.765  7568  7889 I art     : Starting a blocking GC Explicit
08-05 03:43:53.816  7568  7889 I art     : Explicit concurrent mark sweep GC freed 1755(96KB) AllocSpace objects, 1(20KB) LOS objects, 28% free, 40MB/56MB, paused 798us total 50.885ms
08-05 03:43:53.820  7568 10780 I MediaCodec: [OMX.qcom.video.decoder.avc] setting surface generation to 7749634
08-05 03:43:53.823  7568 10781 D SurfaceUtils: set up nativeWindow 0x7f78853210 for 368x320, color 0x7fa30c04, rotation 0, usage 0x42002900
08-05 03:43:53.836  7568  7889 I art     : Starting a blocking GC Explicit
08-05 03:43:53.881  7568  7889 I art     : Explicit concurrent mark sweep GC freed 56(4KB) AllocSpace objects, 0(0B) LOS objects, 28% free, 40MB/56MB, paused 449us total 44.222ms
08-05 03:43:53.899  7568  7889 I art     : Starting a blocking GC Explicit
08-05 03:43:53.942  7568  7889 I art     : Explicit concurrent mark sweep GC freed 15(576B) AllocSpace objects, 0(0B) LOS objects, 28% free, 40MB/56MB, paused 475us total 42.811ms
08-05 03:43:53.960  7568  7889 I art     : Starting a blocking GC Explicit
08-05 03:43:54.002  7568  7889 I art     : Explicit concurrent mark sweep GC freed 25(928B) AllocSpace objects, 0(0B) LOS objects, 28% free, 40MB/56MB, paused 481us total 41.918ms
08-05 03:43:54.020  7568  7889 I art     : Starting a blocking GC Explicit
08-05 03:43:54.052  7568  7568 I ExoPlayerImpl: Release 22c1545 [ExoPlayerLib/2.10.8] [angler, Nexus 6P, Huawei, 23] [goog.exo.core, goog.exo.ui]
08-05 03:43:54.062   380   380 W SurfaceFlinger: couldn't log to binary event log: overflow.
08-05 03:43:54.063  7568  7889 I art     : Explicit concurrent mark sweep GC freed 59(2496B) AllocSpace objects, 0(0B) LOS objects, 28% free, 40MB/56MB, paused 568us total 42.965ms
08-05 03:43:54.069   512  3660 I OMX-VDEC-1080P: omx_vdec::component_deinit() complete
08-05 03:43:54.071   512  3660 I OMX-VDEC-1080P: Exit OMX vdec Destructor: fd=49
08-05 03:43:54.387  7568  7581 I art     : Starting a blocking GC Explicit
08-05 03:43:54.438  7568  7581 I art     : Explicit concurrent mark sweep GC freed 1747(183KB) AllocSpace objects, 36(2MB) LOS objects, 29% free, 37MB/53MB, paused 508us total 51.092ms
08-05 03:43:54.457  7568  7581 I art     : Starting a blocking GC Explicit
08-05 03:43:54.507  7568  7581 I art     : Explicit concurrent mark sweep GC freed 2908(161KB) AllocSpace objects, 4(200KB) LOS objects, 29% free, 37MB/53MB, paused 472us total 49.159ms
08-05 03:43:54.526  7568  7581 I art     : Starting a blocking GC Explicit
08-05 03:43:54.578  7568  7581 I art     : Explicit concurrent mark sweep GC freed 3(96B) AllocSpace objects, 0(0B) LOS objects, 29% free, 37MB/53MB, paused 608us total 51.513ms
08-05 03:43:54.600  7568  7581 I art     : Starting a blocking GC Explicit
08-05 03:43:54.648  7568  7581 I art     : Explicit concurrent mark sweep GC freed 3(96B) AllocSpace objects, 0(0B) LOS objects, 29% free, 37MB/53MB, paused 515us total 47.683ms
08-05 03:43:54.667  7568  7581 I art     : Starting a blocking GC Explicit
08-05 03:43:54.717  7568  7581 I art     : Explicit concurrent mark sweep GC freed 3(96B) AllocSpace objects, 0(0B) LOS objects, 29% free, 37MB/53MB, paused 492us total 49.293ms
08-05 03:43:55.050  7568  7589 I art     : Starting a blocking GC Explicit
08-05 03:43:55.106  7568  7589 I art     : Explicit concurrent mark sweep GC freed 1354(82KB) AllocSpace objects, 1(20KB) LOS objects, 29% free, 37MB/53MB, paused 543us total 55.729ms
08-05 03:43:55.126  7568  7589 I art     : Starting a blocking GC Explicit
08-05 03:43:55.174  7568  7589 I art     : Explicit concurrent mark sweep GC freed 20(704B) AllocSpace objects, 0(0B) LOS objects, 29% free, 37MB/53MB, paused 498us total 48.134ms
08-05 03:43:55.193  7568  7589 I art     : Starting a blocking GC Explicit
08-05 03:43:55.240  7568  7589 I art     : Explicit concurrent mark sweep GC freed 3(96B) AllocSpace objects, 0(0B) LOS objects, 29% free, 37MB/53MB, paused 483us total 46.542ms
08-05 03:43:55.259  7568  7589 I art     : Starting a blocking GC Explicit
08-05 03:43:55.307  7568  7589 I art     : Explicit concurrent mark sweep GC freed 3(96B) AllocSpace objects, 0(0B) LOS objects, 29% free, 37MB/53MB, paused 495us total 47.757ms
08-05 03:43:55.325  7568  7589 I art     : Starting a blocking GC Explicit
08-05 03:43:55.374  7568  7589 I art     : Explicit concurrent mark sweep GC freed 3(96B) AllocSpace objects, 0(0B) LOS objects, 29% free, 37MB/53MB, paused 488us total 48.046ms
08-05 03:43:55.497 10916 10916 D AndroidRuntime: >>>>>> START com.android.internal.os.RuntimeInit uid 2000 <<<<<<
08-05 03:43:55.504 10916 10916 D AndroidRuntime: CheckJNI is OFF
08-05 03:43:55.553 10916 10916 D ICU     : No timezone override file found: /data/misc/zoneinfo/current/icu/icu_tzdata.dat
08-05 03:43:55.596 10916 10916 I Radio-JNI: register_android_hardware_Radio DONE
08-05 03:43:55.624 10916 10916 D AndroidRuntime: Calling main entry com.android.commands.input.Input
08-05 03:43:55.625 10916 10916 I Input   : injectMotionEvent: MotionEvent { action=ACTION_DOWN, actionButton=0, id[0]=0, x[0]=1340.0, y[0]=1100.0, toolType[0]=TOOL_TYPE_UNKNOWN, buttonState=0, metaState=0, flags=0x0, edgeFlags=0x0, pointerCount=1, historySize=0, eventTime=762252038, downTime=762252038, deviceId=0, source=0x1002 }
08-05 03:43:55.632 10916 10916 I Input   : injectMotionEvent: MotionEvent { action=ACTION_UP, actionButton=0, id[0]=0, x[0]=1340.0, y[0]=1100.0, toolType[0]=TOOL_TYPE_UNKNOWN, buttonState=0, metaState=0, flags=0x0, edgeFlags=0x0, pointerCount=1, historySize=0, eventTime=762252038, downTime=762252038, deviceId=0, source=0x1002 }
08-05 03:43:55.635 10916 10916 D AndroidRuntime: Shutting down VM
08-05 03:43:55.650   512  2967 D audio_hw_primary: out_set_parameters: enter: usecase(1: low-latency-playback) kvpairs: routing=2
08-05 03:43:55.651   918  4400 I ActivityManager: START u0 {dat=https://oauth.reddit.com/... cmp=baseline.org.quantumbadger.redreader/.activities.CommentListingActivity} from uid 10689 on display 0
08-05 03:43:55.663   512  2967 D audio_hw_primary: select_devices: out_snd_device(2: speaker) in_snd_device(0: none)
08-05 03:43:55.663   512  2967 D msm8974_platform: platform_send_audio_calibration: sending audio calibration for snd_device(2) acdb_id(15)
08-05 03:43:55.663   512  2967 I soundtrigger: audio_extn_sound_trigger_update_device_status: device 0x2 of type 0 for Event 1
08-05 03:43:55.676   512  2967 D audio_hw_primary: enable_snd_device: snd_device(2: speaker)
08-05 03:43:55.679   512  2967 D audio_hw_primary: enable_audio_route: apply and update mixer path: low-latency-playback speaker
08-05 03:43:55.682  7568  7568 I AppCompatViewInflater: app:theme is now deprecated. Please move to using android:theme instead.
08-05 03:43:55.705  7568 10498 I CommentListingActivity: COMMENTS session changed to b05f8416-63fa-499a-9efa-8463822752ec
08-05 03:43:55.735  7568  7581 I art     : Starting a blocking GC Explicit
08-05 03:43:55.788   918   936 I ActivityManager: Displayed baseline.org.quantumbadger.redreader/.activities.CommentListingActivity: +126ms
08-05 03:43:55.790  7568  7581 I art     : Explicit concurrent mark sweep GC freed 10489(586KB) AllocSpace objects, 1(20KB) LOS objects, 29% free, 38MB/54MB, paused 1.244ms total 54.426ms
08-05 03:43:55.793 13866 13866 I GoogleInputMethodServic: GoogleInputMethodService.onFinishInput():3138 
08-05 03:43:55.794 13866 13866 I GoogleInputMethodServic: GoogleInputMethodService.onStartInput():1808 
08-05 03:43:55.810  7568  7581 I art     : Starting a blocking GC Explicit
08-05 03:43:55.872  7568  7581 I art     : Explicit concurrent mark sweep GC freed 11515(625KB) AllocSpace objects, 0(0B) LOS objects, 28% free, 39MB/55MB, paused 1.053ms total 61.649ms
08-05 03:43:55.892  7568  7581 I art     : Starting a blocking GC Explicit
08-05 03:43:55.953  7568  7581 I art     : Explicit concurrent mark sweep GC freed 9922(601KB) AllocSpace objects, 0(0B) LOS objects, 28% free, 39MB/55MB, paused 724us total 60.908ms
08-05 03:43:55.974  7568  7581 I art     : Starting a blocking GC Explicit
08-05 03:43:56.047   380   380 W SurfaceFlinger: couldn't log to binary event log: overflow.
08-05 03:43:56.047  7568  7581 I art     : Explicit concurrent mark sweep GC freed 12645(507KB) AllocSpace objects, 0(0B) LOS objects, 28% free, 39MB/55MB, paused 603us total 73.102ms
08-05 03:43:56.071  7568  7581 I art     : Starting a blocking GC Explicit
08-05 03:43:56.125  7568  7581 I art     : Explicit concurrent mark sweep GC freed 57(2944B) AllocSpace objects, 0(0B) LOS objects, 28% free, 39MB/55MB, paused 438us total 54.154ms
08-05 03:43:56.219   512  2967 D audio_hw_primary: disable_audio_route: reset and update mixer path: low-latency-playback speaker
08-05 03:43:56.220   512  2967 D audio_hw_primary: disable_snd_device: snd_device(2: speaker)
08-05 03:43:56.228   512  2967 I soundtrigger: audio_extn_sound_trigger_update_device_status: device 0x2 of type 0 for Event 0
08-05 03:43:56.460  7568  7589 I art     : Starting a blocking GC Explicit
08-05 03:43:56.522  7568  7589 I art     : Explicit concurrent mark sweep GC freed 1526(88KB) AllocSpace objects, 1(20KB) LOS objects, 28% free, 39MB/55MB, paused 440us total 61.273ms
08-05 03:43:56.543  7568  7589 I art     : Starting a blocking GC Explicit
08-05 03:43:56.604  7568  7589 I art     : Explicit concurrent mark sweep GC freed 24(832B) AllocSpace objects, 0(0B) LOS objects, 28% free, 39MB/55MB, paused 443us total 60.738ms
08-05 03:43:56.626  7568  7589 I art     : Starting a blocking GC Explicit
08-05 03:43:56.683  7568  7589 I art     : Explicit concurrent mark sweep GC freed 3(96B) AllocSpace objects, 0(0B) LOS objects, 28% free, 39MB/55MB, paused 513us total 56.679ms
08-05 03:43:56.704  7568  7589 I art     : Starting a blocking GC Explicit
08-05 03:43:56.759  7568  7589 I art     : Explicit concurrent mark sweep GC freed 3(96B) AllocSpace objects, 0(0B) LOS objects, 28% free, 39MB/55MB, paused 500us total 55.365ms
08-05 03:43:56.780  7568  7589 I art     : Starting a blocking GC Explicit
08-05 03:43:56.845  7568  7589 I art     : Explicit concurrent mark sweep GC freed 49(1920B) AllocSpace objects, 0(0B) LOS objects, 28% free, 39MB/55MB, paused 500us total 64.504ms
08-05 03:43:57.193  7568  7581 I art     : Starting a blocking GC Explicit
08-05 03:43:57.269  7568  7581 I art     : Explicit concurrent mark sweep GC freed 1354(82KB) AllocSpace objects, 1(20KB) LOS objects, 28% free, 39MB/55MB, paused 581us total 76.175ms
08-05 03:43:57.293  7568  7581 I art     : Starting a blocking GC Explicit
08-05 03:43:57.360  7568  7581 I art     : Explicit concurrent mark sweep GC freed 20(704B) AllocSpace objects, 0(0B) LOS objects, 28% free, 39MB/55MB, paused 551us total 67.125ms
08-05 03:43:57.382  7568  7581 I art     : Starting a blocking GC Explicit
08-05 03:43:57.459  7568  7581 I art     : Explicit concurrent mark sweep GC freed 3(96B) AllocSpace objects, 0(0B) LOS objects, 28% free, 39MB/55MB, paused 631us total 77.079ms
08-05 03:43:57.460  7568  7578 I art     : WaitForGcToComplete blocked for 14.149ms for cause HeapTrim
08-05 03:43:57.483  7568  7581 I art     : Starting a blocking GC Explicit
08-05 03:43:57.554  7568  7581 I art     : Explicit concurrent mark sweep GC freed 3(96B) AllocSpace objects, 0(0B) LOS objects, 28% free, 39MB/55MB, paused 530us total 70.896ms
08-05 03:43:57.576  7568  7581 I art     : Starting a blocking GC Explicit
08-05 03:43:57.646  7568  7581 I art     : Explicit concurrent mark sweep GC freed 3(96B) AllocSpace objects, 0(0B) LOS objects, 28% free, 39MB/55MB, paused 520us total 69.473ms
08-05 03:43:57.997  7568  7889 I art     : Starting a blocking GC Explicit
08-05 03:43:58.076  7568  7889 I art     : Explicit concurrent mark sweep GC freed 1354(82KB) AllocSpace objects, 1(20KB) LOS objects, 28% free, 39MB/55MB, paused 565us total 78.354ms
08-05 03:43:58.099  7568  7889 I art     : Starting a blocking GC Explicit
08-05 03:43:58.172  7568  7889 I art     : Explicit concurrent mark sweep GC freed 20(704B) AllocSpace objects, 0(0B) LOS objects, 28% free, 39MB/55MB, paused 582us total 72.251ms
08-05 03:43:58.196  7568  7889 I art     : Starting a blocking GC Explicit
08-05 03:43:58.270  7568  7889 I art     : Explicit concurrent mark sweep GC freed 3(96B) AllocSpace objects, 0(0B) LOS objects, 28% free, 39MB/55MB, paused 589us total 73.477ms
08-05 03:43:58.293  7568  7889 I art     : Starting a blocking GC Explicit
08-05 03:43:58.364  7568  7889 I art     : Explicit concurrent mark sweep GC freed 3(96B) AllocSpace objects, 0(0B) LOS objects, 28% free, 39MB/55MB, paused 483us total 71.155ms
08-05 03:43:58.385  7568  7889 I art     : Starting a blocking GC Explicit
08-05 03:43:58.459  7568  7889 I art     : Explicit concurrent mark sweep GC freed 3(96B) AllocSpace objects, 0(0B) LOS objects, 28% free, 39MB/55MB, paused 576us total 72.959ms
08-05 03:43:58.836  7568  7579 I art     : Starting a blocking GC Explicit
08-05 03:43:58.892   918  3188 I hubconnection: sensorhub said: 'set_bias 3: -6.0096, 0.0000, 0.0000'
08-05 03:43:58.914  7568  7579 I art     : Explicit concurrent mark sweep GC freed 1354(82KB) AllocSpace objects, 1(20KB) LOS objects, 28% free, 39MB/55MB, paused 544us total 77.755ms
08-05 03:43:58.936  7568  7579 I art     : Starting a blocking GC Explicit
08-05 03:43:59.012  7568  7579 I art     : Explicit concurrent mark sweep GC freed 20(704B) AllocSpace objects, 0(0B) LOS objects, 28% free, 39MB/55MB, paused 552us total 75.588ms
08-05 03:43:59.035  7568  7579 I art     : Starting a blocking GC Explicit
08-05 03:43:59.108  7568  7579 I art     : Explicit concurrent mark sweep GC freed 3(96B) AllocSpace objects, 0(0B) LOS objects, 28% free, 39MB/55MB, paused 619us total 72.077ms
08-05 03:43:59.129  7568  7579 I art     : Starting a blocking GC Explicit
08-05 03:43:59.200  7568  7579 I art     : Explicit concurrent mark sweep GC freed 3(96B) AllocSpace objects, 0(0B) LOS objects, 28% free, 39MB/55MB, paused 516us total 70.962ms
08-05 03:43:59.222  7568  7579 I art     : Starting a blocking GC Explicit
08-05 03:43:59.298  7568  7579 I art     : Explicit concurrent mark sweep GC freed 3(96B) AllocSpace objects, 0(0B) LOS objects, 28% free, 39MB/55MB, paused 537us total 75.536ms
08-05 03:43:59.671  7568  7589 I art     : Starting a blocking GC Explicit
08-05 03:43:59.771  7568  7589 I art     : Explicit concurrent mark sweep GC freed 1354(82KB) AllocSpace objects, 1(20KB) LOS objects, 28% free, 39MB/55MB, paused 988us total 99.543ms
08-05 03:43:59.796  7568  7589 I art     : Starting a blocking GC Explicit
08-05 03:43:59.867  7568  7589 I art     : Explicit concurrent mark sweep GC freed 20(704B) AllocSpace objects, 0(0B) LOS objects, 28% free, 39MB/55MB, paused 498us total 70.078ms
08-05 03:43:59.888  7568  7589 I art     : Starting a blocking GC Explicit
08-05 03:43:59.950  7568  7589 I art     : Explicit concurrent mark sweep GC freed 3(96B) AllocSpace objects, 0(0B) LOS objects, 28% free, 39MB/55MB, paused 502us total 61.178ms
08-05 03:43:59.970  7568  7589 I art     : Starting a blocking GC Explicit
08-05 03:44:00.030  7568  7589 I art     : Explicit concurrent mark sweep GC freed 3(96B) AllocSpace objects, 0(0B) LOS objects, 28% free, 39MB/55MB, paused 496us total 60.023ms
08-05 03:44:00.050  7568  7589 I art     : Starting a blocking GC Explicit
08-05 03:44:00.106  7568  7589 I art     : Explicit concurrent mark sweep GC freed 3(96B) AllocSpace objects, 0(0B) LOS objects, 28% free, 39MB/55MB, paused 470us total 55.136ms
08-05 03:44:00.422 10995 10995 D AndroidRuntime: >>>>>> START com.android.internal.os.RuntimeInit uid 2000 <<<<<<
08-05 03:44:00.428 10995 10995 D AndroidRuntime: CheckJNI is OFF
08-05 03:44:00.452  7568  7581 I art     : Starting a blocking GC Explicit
08-05 03:44:00.473 10995 10995 D ICU     : No timezone override file found: /data/misc/zoneinfo/current/icu/icu_tzdata.dat
08-05 03:44:00.517 10995 10995 I Radio-JNI: register_android_hardware_Radio DONE
08-05 03:44:00.518  7568  7581 I art     : Explicit concurrent mark sweep GC freed 1354(82KB) AllocSpace objects, 1(20KB) LOS objects, 28% free, 39MB/55MB, paused 538us total 66.331ms
08-05 03:44:00.539  7568  7581 I art     : Starting a blocking GC Explicit
08-05 03:44:00.548 10995 10995 D AndroidRuntime: Calling main entry com.android.commands.input.Input
08-05 03:44:00.550 10995 10995 I Input   : injectKeyEvent: KeyEvent { action=ACTION_DOWN, keyCode=KEYCODE_BACK, scanCode=0, metaState=0, flags=0x0, repeatCount=0, eventTime=762256963, downTime=762256963, deviceId=-1, source=0x101 }
08-05 03:44:00.556 10995 10995 I Input   : injectKeyEvent: KeyEvent { action=ACTION_UP, keyCode=KEYCODE_BACK, scanCode=0, metaState=0, flags=0x0, repeatCount=0, eventTime=762256963, downTime=762256963, deviceId=-1, source=0x101 }
08-05 03:44:00.562 10995 10995 D AndroidRuntime: Shutting down VM
08-05 03:44:00.597  7568  7581 I art     : Explicit concurrent mark sweep GC freed 161(5KB) AllocSpace objects, 0(0B) LOS objects, 28% free, 39MB/55MB, paused 531us total 57.703ms
08-05 03:44:00.600 13866 13866 I GoogleInputMethodServic: GoogleInputMethodService.onFinishInput():3138 
08-05 03:44:00.600 13866 13866 I GoogleInputMethodServic: GoogleInputMethodService.onStartInput():1808 
08-05 03:44:00.618  7568  7581 I art     : Starting a blocking GC Explicit
08-05 03:44:00.665  7568 10944 I RedditChangeDataIO: Writing tmp data file at '/data/user/0/baseline.org.quantumbadger.redreader/files/rr_change_data_tmp.dat'
08-05 03:44:00.666  7568 10944 I RedditChangeDataManager: Taking snapshot...
08-05 03:44:00.666  7568 10944 I RedditChangeDataManager: Writing to stream...
08-05 03:44:00.666  7568 10944 I RedditChangeDataManager: Wrote 6 entries for user ''
08-05 03:44:00.666  7568 10944 I RedditChangeDataManager: All entries written to stream.
08-05 03:44:00.666  7568 10944 I RedditChangeDataIO: Write successful. Atomically replacing data file...
08-05 03:44:00.667  7568 10944 I RedditChangeDataIO: Write complete.
08-05 03:44:00.667  7568 10944 I RedditChangeDataIO: 158 bytes written in 2 ms
08-05 03:44:00.673  7568  7581 I art     : Explicit concurrent mark sweep GC freed 214(8KB) AllocSpace objects, 1(68KB) LOS objects, 28% free, 39MB/55MB, paused 485us total 55.120ms
08-05 03:44:00.694  7568  7581 I art     : Starting a blocking GC Explicit
08-05 03:44:00.752  7568  7581 I art     : Explicit concurrent mark sweep GC freed 29(1184B) AllocSpace objects, 0(0B) LOS objects, 28% free, 39MB/55MB, paused 430us total 57.857ms
08-05 03:44:00.776  7568  7581 I art     : Starting a blocking GC Explicit
08-05 03:44:00.852  7568  7581 I art     : Explicit concurrent mark sweep GC freed 3(96B) AllocSpace objects, 0(0B) LOS objects, 28% free, 39MB/55MB, paused 452us total 75.352ms
08-05 03:44:00.918   380   380 W SurfaceFlinger: couldn't log to binary event log: overflow.
08-05 03:44:01.183  7568  7581 I art     : Starting a blocking GC Explicit
08-05 03:44:01.249  7568  7581 I art     : Explicit concurrent mark sweep GC freed 1408(85KB) AllocSpace objects, 1(20KB) LOS objects, 28% free, 39MB/55MB, paused 471us total 65.835ms
08-05 03:44:01.271  7568  7581 I art     : Starting a blocking GC Explicit
08-05 03:44:01.320  7568  7581 I art     : Explicit concurrent mark sweep GC freed 41396(2MB) AllocSpace objects, 5(140KB) LOS objects, 29% free, 37MB/53MB, paused 493us total 49.181ms
08-05 03:44:01.340  7568  7581 I art     : Starting a blocking GC Explicit
08-05 03:44:01.388  7568  7581 I art     : Explicit concurrent mark sweep GC freed 3(96B) AllocSpace objects, 0(0B) LOS objects, 29% free, 37MB/53MB, paused 491us total 47.702ms
08-05 03:44:01.407  7568  7581 I art     : Starting a blocking GC Explicit
08-05 03:44:01.455  7568  7581 I art     : Explicit concurrent mark sweep GC freed 3(96B) AllocSpace objects, 0(0B) LOS objects, 29% free, 37MB/53MB, paused 497us total 48.241ms
08-05 03:44:01.474  7568  7581 I art     : Starting a blocking GC Explicit
08-05 03:44:01.523  7568  7581 I art     : Explicit concurrent mark sweep GC freed 3(96B) AllocSpace objects, 0(0B) LOS objects, 29% free, 37MB/53MB, paused 485us total 48.533ms
08-05 03:44:01.554  5221  5221 I ServiceManager: Waiting for service AtCmdFwd...
08-05 03:44:01.871  7568  7589 I art     : Starting a blocking GC Explicit
08-05 03:44:01.929  7568  7589 I art     : Explicit concurrent mark sweep GC freed 1354(82KB) AllocSpace objects, 1(20KB) LOS objects, 29% free, 37MB/53MB, paused 526us total 57.499ms
08-05 03:44:01.948  7568  7589 I art     : Starting a blocking GC Explicit
08-05 03:44:01.994  7568  7589 I art     : Explicit concurrent mark sweep GC freed 20(704B) AllocSpace objects, 0(0B) LOS objects, 29% free, 37MB/53MB, paused 489us total 45.591ms
08-05 03:44:02.012  7568  7589 I art     : Starting a blocking GC Explicit
08-05 03:44:02.060  7568  7589 I art     : Explicit concurrent mark sweep GC freed 3(96B) AllocSpace objects, 0(0B) LOS objects, 29% free, 37MB/53MB, paused 515us total 47.198ms
08-05 03:44:02.079  7568  7589 I art     : Starting a blocking GC Explicit
08-05 03:44:02.125  7568  7589 I art     : Explicit concurrent mark sweep GC freed 3(96B) AllocSpace objects, 0(0B) LOS objects, 29% free, 37MB/53MB, paused 478us total 45.972ms
08-05 03:44:02.144  7568  7589 I art     : Starting a blocking GC Explicit
08-05 03:44:02.193  7568  7589 I art     : Explicit concurrent mark sweep GC freed 3(96B) AllocSpace objects, 0(0B) LOS objects, 29% free, 37MB/53MB, paused 490us total 49.355ms
08-05 03:44:02.359 11039 11039 D AndroidRuntime: >>>>>> START com.android.internal.os.RuntimeInit uid 2000 <<<<<<
08-05 03:44:02.366 11039 11039 D AndroidRuntime: CheckJNI is OFF
08-05 03:44:02.386   518   646 I ThermalEngine: ACTION: GPU - Setting GPU[0] to 510000000
08-05 03:44:02.409 11039 11039 D ICU     : No timezone override file found: /data/misc/zoneinfo/current/icu/icu_tzdata.dat
08-05 03:44:02.445 11039 11039 I Radio-JNI: register_android_hardware_Radio DONE
08-05 03:44:02.467 11039 11039 D AndroidRuntime: Calling main entry com.android.commands.input.Input
08-05 03:44:02.469 11039 11039 I Input   : injectKeyEvent: KeyEvent { action=ACTION_DOWN, keyCode=KEYCODE_BACK, scanCode=0, metaState=0, flags=0x0, repeatCount=0, eventTime=762258882, downTime=762258882, deviceId=-1, source=0x101 }
08-05 03:44:02.474 11039 11039 I Input   : injectKeyEvent: KeyEvent { action=ACTION_UP, keyCode=KEYCODE_BACK, scanCode=0, metaState=0, flags=0x0, repeatCount=0, eventTime=762258882, downTime=762258882, deviceId=-1, source=0x101 }
08-05 03:44:02.480 11039 11039 D AndroidRuntime: Shutting down VM
08-05 03:44:02.514 13866 13866 I GoogleInputMethodServic: GoogleInputMethodService.onFinishInput():3138 
08-05 03:44:02.515 13866 13866 I GoogleInputMethodServic: GoogleInputMethodService.onStartInput():1808 
08-05 03:44:02.517  7568  7579 I art     : Starting a blocking GC Explicit
08-05 03:44:02.555  5221  5221 I ServiceManager: Waiting for service AtCmdFwd...
08-05 03:44:02.559  7568  7579 I art     : Explicit concurrent mark sweep GC freed 1515(88KB) AllocSpace objects, 1(20KB) LOS objects, 29% free, 37MB/53MB, paused 676us total 42.104ms
08-05 03:44:02.560  7568  7578 I art     : WaitForGcToComplete blocked for 5.414ms for cause HeapTrim
08-05 03:44:02.575  7568  7579 I art     : Starting a blocking GC Explicit
08-05 03:44:02.608  7568  7579 I art     : Explicit concurrent mark sweep GC freed 43(1488B) AllocSpace objects, 0(0B) LOS objects, 29% free, 37MB/53MB, paused 323us total 32.619ms
08-05 03:44:02.622  7568  7579 I art     : Starting a blocking GC Explicit
08-05 03:44:02.658  7568  7579 I art     : Explicit concurrent mark sweep GC freed 3(96B) AllocSpace objects, 0(0B) LOS objects, 29% free, 37MB/53MB, paused 374us total 35.980ms
08-05 03:44:02.672  7568  7579 I art     : Starting a blocking GC Explicit
08-05 03:44:02.711  7568  7579 I art     : Explicit concurrent mark sweep GC freed 3(96B) AllocSpace objects, 0(0B) LOS objects, 29% free, 37MB/53MB, paused 329us total 38.374ms
08-05 03:44:02.725  7568  7579 I art     : Starting a blocking GC Explicit
08-05 03:44:02.762  7568  7579 I art     : Explicit concurrent mark sweep GC freed 3(96B) AllocSpace objects, 0(0B) LOS objects, 29% free, 37MB/53MB, paused 316us total 36.757ms
08-05 03:44:03.044  7568  7889 I art     : Starting a blocking GC Explicit
08-05 03:44:03.096  7568  7889 I art     : Explicit concurrent mark sweep GC freed 1412(84KB) AllocSpace objects, 1(20KB) LOS objects, 29% free, 37MB/53MB, paused 461us total 52.097ms
08-05 03:44:03.114  7568  7889 I art     : Starting a blocking GC Explicit
08-05 03:44:03.156  7568  7889 I art     : Explicit concurrent mark sweep GC freed 150(7KB) AllocSpace objects, 0(0B) LOS objects, 29% free, 37MB/53MB, paused 400us total 41.520ms
08-05 03:44:03.171  7568  7889 I art     : Starting a blocking GC Explicit
08-05 03:44:03.213  7568  7889 I art     : Explicit concurrent mark sweep GC freed 3(96B) AllocSpace objects, 0(0B) LOS objects, 29% free, 37MB/53MB, paused 395us total 41.624ms
08-05 03:44:03.228  7568  7889 I art     : Starting a blocking GC Explicit
08-05 03:44:03.269  7568  7889 I art     : Explicit concurrent mark sweep GC freed 3(96B) AllocSpace objects, 0(0B) LOS objects, 29% free, 37MB/53MB, paused 405us total 40.565ms
08-05 03:44:03.283  7568  7889 I art     : Starting a blocking GC Explicit
08-05 03:44:03.325  7568  7889 I art     : Explicit concurrent mark sweep GC freed 3(96B) AllocSpace objects, 0(0B) LOS objects, 29% free, 37MB/53MB, paused 407us total 41.452ms
08-05 03:44:03.390   518   646 I ThermalEngine: ACTION: GPU - Setting GPU[0] to 450000000
08-05 03:44:03.555  5221  5221 I ServiceManager: Waiting for service AtCmdFwd...
08-05 03:44:03.662  7568  7581 I art     : Starting a blocking GC Explicit
08-05 03:44:03.715  7568  7581 I art     : Explicit concurrent mark sweep GC freed 1354(82KB) AllocSpace objects, 1(20KB) LOS objects, 29% free, 37MB/53MB, paused 492us total 52.375ms
08-05 03:44:03.734  7568  7581 I art     : Starting a blocking GC Explicit
08-05 03:44:03.782  7568  7581 I art     : Explicit concurrent mark sweep GC freed 20(704B) AllocSpace objects, 0(0B) LOS objects, 29% free, 37MB/53MB, paused 454us total 47.844ms
08-05 03:44:03.801  7568  7581 I art     : Starting a blocking GC Explicit
08-05 03:44:03.848  7568  7581 I art     : Explicit concurrent mark sweep GC freed 3(96B) AllocSpace objects, 0(0B) LOS objects, 29% free, 37MB/53MB, paused 577us total 46.975ms
08-05 03:44:03.867  7568  7581 I art     : Starting a blocking GC Explicit
08-05 03:44:03.916  7568  7581 I art     : Explicit concurrent mark sweep GC freed 3(96B) AllocSpace objects, 0(0B) LOS objects, 29% free, 37MB/53MB, paused 505us total 48.172ms
08-05 03:44:03.935  7568  7581 I art     : Starting a blocking GC Explicit
08-05 03:44:03.982  7568  7581 I art     : Explicit concurrent mark sweep GC freed 3(96B) AllocSpace objects, 0(0B) LOS objects, 29% free, 37MB/53MB, paused 511us total 47.260ms
08-05 03:44:04.252 11082 11082 D AndroidRuntime: >>>>>> START com.android.internal.os.RuntimeInit uid 2000 <<<<<<
08-05 03:44:04.258 11082 11082 D AndroidRuntime: CheckJNI is OFF
08-05 03:44:04.301 11082 11082 D ICU     : No timezone override file found: /data/misc/zoneinfo/current/icu/icu_tzdata.dat
08-05 03:44:04.343 11082 11082 I Radio-JNI: register_android_hardware_Radio DONE
08-05 03:44:04.352  7568  7589 I art     : Starting a blocking GC Explicit
08-05 03:44:04.373 11082 11082 D AndroidRuntime: Calling main entry com.android.commands.input.Input
08-05 03:44:04.375 11082 11082 I Input   : injectMotionEvent: MotionEvent { action=ACTION_DOWN, actionButton=0, id[0]=0, x[0]=600.0, y[0]=1733.0, toolType[0]=TOOL_TYPE_UNKNOWN, buttonState=0, metaState=0, flags=0x0, edgeFlags=0x0, pointerCount=1, historySize=0, eventTime=762260788, downTime=762260788, deviceId=0, source=0x1002 }
08-05 03:44:04.381 11082 11082 I Input   : injectMotionEvent: MotionEvent { action=ACTION_UP, actionButton=0, id[0]=0, x[0]=600.0, y[0]=1733.0, toolType[0]=TOOL_TYPE_UNKNOWN, buttonState=0, metaState=0, flags=0x0, edgeFlags=0x0, pointerCount=1, historySize=0, eventTime=762260788, downTime=762260788, deviceId=0, source=0x1002 }
08-05 03:44:04.383 11082 11082 D AndroidRuntime: Shutting down VM
08-05 03:44:04.392   512  2967 D audio_hw_primary: out_set_parameters: enter: usecase(1: low-latency-playback) kvpairs: routing=2
08-05 03:44:04.393   918  4413 I ActivityManager: START u0 {dat=https://oauth.reddit.com/... cmp=baseline.org.quantumbadger.redreader/.activities.PostListingActivity} from uid 10689 on display 0
08-05 03:44:04.403  7568  7589 I art     : Explicit concurrent mark sweep GC freed 1405(84KB) AllocSpace objects, 1(20KB) LOS objects, 29% free, 37MB/53MB, paused 715us total 50.331ms
08-05 03:44:04.405   512  2967 D audio_hw_primary: select_devices: out_snd_device(2: speaker) in_snd_device(0: none)
08-05 03:44:04.405   512  2967 D msm8974_platform: platform_send_audio_calibration: sending audio calibration for snd_device(2) acdb_id(15)
08-05 03:44:04.405   512  2967 I soundtrigger: audio_extn_sound_trigger_update_device_status: device 0x2 of type 0 for Event 1
08-05 03:44:04.417   512  2967 D audio_hw_primary: enable_snd_device: snd_device(2: speaker)
08-05 03:44:04.417  7568  7568 I AppCompatViewInflater: app:theme is now deprecated. Please move to using android:theme instead.
08-05 03:44:04.419   512  2967 D audio_hw_primary: enable_audio_route: apply and update mixer path: low-latency-playback speaker
08-05 03:44:04.424  7568  7589 I art     : Starting a blocking GC Explicit
08-05 03:44:04.444  7568 11106 D OK      : calling: https://oauth.reddit.com/r/aww/about.json
08-05 03:44:04.468  7568  7589 I art     : Explicit concurrent mark sweep GC freed 879(70KB) AllocSpace objects, 0(0B) LOS objects, 29% free, 37MB/53MB, paused 581us total 43.653ms
08-05 03:44:04.486  7568  7589 I art     : Starting a blocking GC Explicit
08-05 03:44:04.503   918   936 I ActivityManager: Displayed baseline.org.quantumbadger.redreader/.activities.PostListingActivity: +100ms
08-05 03:44:04.503 13866 13866 I GoogleInputMethodServic: GoogleInputMethodService.onFinishInput():3138 
08-05 03:44:04.504 13866 13866 I GoogleInputMethodServic: GoogleInputMethodService.onStartInput():1808 
08-05 03:44:04.530  7568  7589 I art     : Explicit concurrent mark sweep GC freed 978(44KB) AllocSpace objects, 0(0B) LOS objects, 29% free, 37MB/53MB, paused 644us total 43.748ms
08-05 03:44:04.548  7568  7589 I art     : Starting a blocking GC Explicit
08-05 03:44:04.556  5221  5221 I ServiceManager: Waiting for service AtCmdFwd...
08-05 03:44:04.592  7568  7589 I art     : Explicit concurrent mark sweep GC freed 212(13KB) AllocSpace objects, 0(0B) LOS objects, 29% free, 37MB/53MB, paused 528us total 42.956ms
08-05 03:44:04.610  7568  7589 I art     : Starting a blocking GC Explicit
08-05 03:44:04.659  7568  7589 I art     : Explicit concurrent mark sweep GC freed 1938(75KB) AllocSpace objects, 0(0B) LOS objects, 29% free, 37MB/53MB, paused 1.191ms total 48.882ms
08-05 03:44:04.756   380   380 W SurfaceFlinger: couldn't log to binary event log: overflow.
08-05 03:44:04.803  7568 11106 I NAPPA_EXPERIMENTATION: MetricNetworkRequestExecutionTime: REQUEST_DURATION_SYSTEM='358',REQUEST_DURATION_OKHTTP='152',REQUEST_SYNCHRONOUS='TRUE',RESPONSE_CODE='200',RESPONSE_METHOD='GET',RESPONSE_LENGTH_OKHTTP='-1',RESPONSE_LENGTH_HEADER='3478',REQUEST_PROTOCOL='h2',REQUEST_URL='https://oauth.reddit.com/r/aww/about.json',
08-05 03:44:04.803  7568 11106 D OK      : request got status: 200
08-05 03:44:04.949   512  2967 D audio_hw_primary: disable_audio_route: reset and update mixer path: low-latency-playback speaker
08-05 03:44:04.949   512  2967 D audio_hw_primary: disable_snd_device: snd_device(2: speaker)
08-05 03:44:04.958   512  2967 I soundtrigger: audio_extn_sound_trigger_update_device_status: device 0x2 of type 0 for Event 0
08-05 03:44:04.964  7568  7581 I art     : Starting a blocking GC Explicit
08-05 03:44:05.015  7568  7581 I art     : Explicit concurrent mark sweep GC freed 2927(281KB) AllocSpace objects, 3(156KB) LOS objects, 29% free, 37MB/53MB, paused 561us total 50.688ms
08-05 03:44:05.034  7568  7581 I art     : Starting a blocking GC Explicit
08-05 03:44:05.083  7568  7581 I art     : Explicit concurrent mark sweep GC freed 201(10KB) AllocSpace objects, 0(0B) LOS objects, 29% free, 37MB/53MB, paused 560us total 48.274ms
08-05 03:44:05.102  7568  7581 I art     : Starting a blocking GC Explicit
08-05 03:44:05.151  7568  7581 I art     : Explicit concurrent mark sweep GC freed 16(640B) AllocSpace objects, 0(0B) LOS objects, 29% free, 37MB/53MB, paused 520us total 48.583ms
08-05 03:44:05.170  7568  7581 I art     : Starting a blocking GC Explicit
08-05 03:44:05.222  7568  7581 I art     : Explicit concurrent mark sweep GC freed 25(1024B) AllocSpace objects, 0(0B) LOS objects, 29% free, 37MB/53MB, paused 550us total 51.824ms
08-05 03:44:05.241  7568  7581 I art     : Starting a blocking GC Explicit
08-05 03:44:05.290  7568  7581 I art     : Explicit concurrent mark sweep GC freed 5(192B) AllocSpace objects, 0(0B) LOS objects, 29% free, 37MB/53MB, paused 618us total 48.451ms
08-05 03:44:05.556  5221  5221 I ServiceManager: Waiting for service AtCmdFwd...
08-05 03:44:05.622  7568  7579 I art     : Starting a blocking GC Explicit
08-05 03:44:05.644  7568 11130 D OK      : calling: https://oauth.reddit.com/r/aww/hot/.json
08-05 03:44:05.674  7568  7579 I art     : Explicit concurrent mark sweep GC freed 1467(87KB) AllocSpace objects, 1(20KB) LOS objects, 29% free, 37MB/53MB, paused 620us total 51.745ms
08-05 03:44:05.693  7568  7579 I art     : Starting a blocking GC Explicit
08-05 03:44:05.742  7568  7579 I art     : Explicit concurrent mark sweep GC freed 27(992B) AllocSpace objects, 0(0B) LOS objects, 29% free, 37MB/53MB, paused 640us total 48.683ms
08-05 03:44:05.761  7568  7579 I art     : Starting a blocking GC Explicit
08-05 03:44:05.810  7568  7579 I art     : Explicit concurrent mark sweep GC freed 139(13KB) AllocSpace objects, 0(0B) LOS objects, 29% free, 37MB/53MB, paused 672us total 48.982ms
08-05 03:44:05.811  7568 11130 I NAPPA_EXPERIMENTATION: MetricNetworkRequestExecutionTime: REQUEST_DURATION_SYSTEM='167',REQUEST_DURATION_OKHTTP='161',REQUEST_SYNCHRONOUS='TRUE',RESPONSE_CODE='200',RESPONSE_METHOD='GET',RESPONSE_LENGTH_OKHTTP='-1',RESPONSE_LENGTH_HEADER='33430',REQUEST_PROTOCOL='h2',REQUEST_URL='https://oauth.reddit.com/r/aww/hot/.json',
08-05 03:44:05.811  7568 11130 D OK      : request got status: 200
08-05 03:44:05.829  7568  7579 I art     : Starting a blocking GC Explicit
08-05 03:44:05.831  7568 10498 I PostListingFragment: Precaching images: OFF
08-05 03:44:05.831  7568 10498 I PostListingFragment: Precaching comments: OFF
08-05 03:44:05.859  7568 10498 I getImgurImageInfo: Image NSO7Npm: trying API v3 with auth
08-05 03:44:05.882  7568  7579 I art     : Explicit concurrent mark sweep GC freed 7095(506KB) AllocSpace objects, 9(500KB) LOS objects, 28% free, 39MB/55MB, paused 1.240ms total 52.625ms
08-05 03:44:05.901  7568  7579 I art     : Starting a blocking GC Explicit
08-05 03:44:05.954  7568  7579 I art     : Explicit concurrent mark sweep GC freed 12409(766KB) AllocSpace objects, 31(1400KB) LOS objects, 27% free, 42MB/58MB, paused 1.082ms total 52.792ms
08-05 03:44:06.006  7568 10116 I RedditVideosAPI: For 'https://v.redd.it/ar5k8892pid51/DASHPlaylist.mpd', got video stream 'https://v.redd.it/ar5k8892pid51/DASH_360' and audio stream 'https://v.redd.it/ar5k8892pid51/audio'
08-05 03:44:06.012  7568 11132 I RedditVideosAPI: For 'https://v.redd.it/ty24o02m1hd51/DASHPlaylist.mpd', got video stream 'https://v.redd.it/ty24o02m1hd51/DASH_480' and audio stream 'null'
08-05 03:44:06.017  7568 10116 I RedditVideosAPI: For 'https://v.redd.it/ak6rer1hskd51/DASHPlaylist.mpd', got video stream 'https://v.redd.it/ak6rer1hskd51/DASH_360' and audio stream 'null'
08-05 03:44:06.023  7568 11132 I RedditVideosAPI: For 'https://v.redd.it/fkewv2f65kd51/DASHPlaylist.mpd', got video stream 'https://v.redd.it/fkewv2f65kd51/DASH_480' and audio stream 'https://v.redd.it/fkewv2f65kd51/audio'
08-05 03:44:06.035  7568 11132 I RedditVideosAPI: For 'https://v.redd.it/h49fg58ygjd51/DASHPlaylist.mpd', got video stream 'https://v.redd.it/h49fg58ygjd51/DASH_480' and audio stream 'null'
08-05 03:44:06.036  7568 11132 I RedditVideosAPI: For 'https://v.redd.it/1ewzkieg0jd51/DASHPlaylist.mpd', got video stream 'https://v.redd.it/1ewzkieg0jd51/DASH_480' and audio stream 'https://v.redd.it/1ewzkieg0jd51/audio'
08-05 03:44:06.037  7568 10116 I RedditVideosAPI: For 'https://v.redd.it/ppmhu2r9thd51/DASHPlaylist.mpd', got video stream 'https://v.redd.it/ppmhu2r9thd51/DASH_480' and audio stream 'null'
08-05 03:44:06.037  7568 11132 I RedditVideosAPI: For 'https://v.redd.it/s9qqadf3mid51/DASHPlaylist.mpd', got video stream 'https://v.redd.it/s9qqadf3mid51/DASH_480' and audio stream 'https://v.redd.it/s9qqadf3mid51/audio'
08-05 03:44:06.038  7568 10116 I RedditVideosAPI: For 'https://v.redd.it/b8vazlcb7ld51/DASHPlaylist.mpd', got video stream 'https://v.redd.it/b8vazlcb7ld51/DASH_480' and audio stream 'https://v.redd.it/b8vazlcb7ld51/audio'
08-05 03:44:06.070  7568  7568 W RecyclerView: Cannot call this method in a scroll callback. Scroll callbacks mightbe run during a measure & layout pass where you cannot change theRecyclerView data. Any method call that might change the structureof the RecyclerView or the adapter contents should be postponed tothe next frame.
08-05 03:44:06.070  7568  7568 W RecyclerView: java.lang.IllegalStateException:  androidx.recyclerview.widget.RecyclerView{8d3f270 VFED..... .F....ID 0,0-1440,2140 #7f0900ef app:id/scrollbar_recyclerview_recyclerview}, adapter:baseline.org.quantumbadger.redreader.adapters.GroupedRecyclerViewAdapter@8bc89e9, layout:androidx.recyclerview.widget.LinearLayoutManager@d81e66e, context:baseline.org.quantumbadger.redreader.activities.PostListingActivity@f9800b5
08-05 03:44:06.070  7568  7568 W RecyclerView: 	at androidx.recyclerview.widget.RecyclerView.assertNotInLayoutOrScroll(RecyclerView.java:3061)
08-05 03:44:06.070  7568  7568 W RecyclerView: 	at androidx.recyclerview.widget.RecyclerView$RecyclerViewDataObserver.onItemRangeInserted(RecyclerView.java:5555)
08-05 03:44:06.070  7568  7568 W RecyclerView: 	at androidx.recyclerview.widget.RecyclerView$AdapterDataObservable.notifyItemRangeInserted(RecyclerView.java:12278)
08-05 03:44:06.070  7568  7568 W RecyclerView: 	at androidx.recyclerview.widget.RecyclerView$Adapter.notifyItemInserted(RecyclerView.java:7464)
08-05 03:44:06.070  7568  7568 W RecyclerView: 	at baseline.org.quantumbadger.redreader.adapters.GroupedRecyclerViewAdapter.updateHiddenStatus(GroupedRecyclerViewAdapter.java:279)
08-05 03:44:06.070  7568  7568 W RecyclerView: 	at baseline.org.quantumbadger.redreader.adapters.RedditListingManager.setLoadingVisible(RedditListingManager.java:125)
08-05 03:44:06.070  7568  7568 W RecyclerView: 	at baseline.org.quantumbadger.redreader.fragments.PostListingFragment.onLoadMoreItemsCheck(PostListingFragment.java:465)
08-05 03:44:06.070  7568  7568 W RecyclerView: 	at baseline.org.quantumbadger.redreader.fragments.PostListingFragment.access$000(PostListingFragment.java:98)
08-05 03:44:06.070  7568  7568 W RecyclerView: 	at baseline.org.quantumbadger.redreader.fragments.PostListingFragment$2.onScrolled(PostListingFragment.java:215)
08-05 03:44:06.070  7568  7568 W RecyclerView: 	at androidx.recyclerview.widget.RecyclerView.dispatchOnScrolled(RecyclerView.java:5173)
08-05 03:44:06.070  7568  7568 W RecyclerView: 	at androidx.recyclerview.widget.RecyclerView.dispatchLayoutStep3(RecyclerView.java:4231)
08-05 03:44:06.070  7568  7568 W RecyclerView: 	at androidx.recyclerview.widget.RecyclerView.dispatchLayout(RecyclerView.java:3862)
08-05 03:44:06.070  7568  7568 W RecyclerView: 	at androidx.recyclerview.widget.RecyclerView.consumePendingUpdateOperations(RecyclerView.java:1897)
08-05 03:44:06.070  7568  7568 W RecyclerView: 	at androidx.recyclerview.widget.RecyclerView$1.run(RecyclerView.java:414)
08-05 03:44:06.070  7568  7568 W RecyclerView: 	at android.view.Choreographer$CallbackRecord.run(Choreographer.java:858)
08-05 03:44:06.070  7568  7568 W RecyclerView: 	at android.view.Choreographer.doCallbacks(Choreographer.java:670)
08-05 03:44:06.070  7568  7568 W RecyclerView: 	at android.view.Choreographer.doFrame(Choreographer.java:603)
08-05 03:44:06.070  7568  7568 W RecyclerView: 	at android.view.Choreographer$FrameDisplayEventReceiver.run(Choreographer.java:844)
08-05 03:44:06.070  7568  7568 W RecyclerView: 	at android.os.Handler.handleCallback(Handler.java:739)
08-05 03:44:06.070  7568  7568 W RecyclerView: 	at android.os.Handler.dispatchMessage(Handler.java:95)
08-05 03:44:06.070  7568  7568 W RecyclerView: 	at android.os.Looper.loop(Looper.java:148)
08-05 03:44:06.070  7568  7568 W RecyclerView: 	at android.app.ActivityThread.main(ActivityThread.java:5417)
08-05 03:44:06.070  7568  7568 W RecyclerView: 	at java.lang.reflect.Method.invoke(Native Method)
08-05 03:44:06.070  7568  7568 W RecyclerView: 	at com.android.internal.os.ZygoteInit$MethodAndArgsCaller.run(ZygoteInit.java:726)
08-05 03:44:06.070  7568  7568 W RecyclerView: 	at com.android.internal.os.ZygoteInit.main(ZygoteInit.java:616)
08-05 03:44:06.290  7568  7589 I art     : Starting a blocking GC Explicit
08-05 03:44:06.354  7568  7589 I art     : Explicit concurrent mark sweep GC freed 32128(2MB) AllocSpace objects, 57(3MB) LOS objects, 27% free, 43MB/59MB, paused 515us total 64.258ms
08-05 03:44:06.373  7568  7589 I art     : Starting a blocking GC Explicit
08-05 03:44:06.421  7568  7589 I art     : Explicit concurrent mark sweep GC freed 1027(43KB) AllocSpace objects, 0(0B) LOS objects, 27% free, 43MB/59MB, paused 537us total 47.571ms
08-05 03:44:06.440  7568  7589 I art     : Starting a blocking GC Explicit
08-05 03:44:06.496  7568  7589 I art     : Explicit concurrent mark sweep GC freed 29(1216B) AllocSpace objects, 0(0B) LOS objects, 27% free, 43MB/59MB, paused 572us total 55.822ms
08-05 03:44:06.516  7568  7589 I art     : Starting a blocking GC Explicit
08-05 03:44:06.557  5221  5221 W Atfwd_Sendcmd: AtCmdFwd service not published, waiting... retryCnt : 1
08-05 03:44:06.573  7568  7589 I art     : Explicit concurrent mark sweep GC freed 3(96B) AllocSpace objects, 0(0B) LOS objects, 27% free, 43MB/59MB, paused 684us total 56.980ms
08-05 03:44:06.593  7568  7589 I art     : Starting a blocking GC Explicit
08-05 03:44:06.656  7568  7589 I art     : Explicit concurrent mark sweep GC freed 3(96B) AllocSpace objects, 0(0B) LOS objects, 27% free, 43MB/59MB, paused 721us total 62.688ms
08-05 03:44:06.844  7568 11146 D OK      : calling: https://oauth.reddit.com/r/aww/hot/.json?after=t3_hz5odc
08-05 03:44:07.026  7568  7889 I art     : Starting a blocking GC Explicit
08-05 03:44:07.042  7568 11146 I NAPPA_EXPERIMENTATION: MetricNetworkRequestExecutionTime: REQUEST_DURATION_SYSTEM='198',REQUEST_DURATION_OKHTTP='192',REQUEST_SYNCHRONOUS='TRUE',RESPONSE_CODE='200',RESPONSE_METHOD='GET',RESPONSE_LENGTH_OKHTTP='-1',RESPONSE_LENGTH_HEADER='30610',REQUEST_PROTOCOL='h2',REQUEST_URL='https://oauth.reddit.com/r/aww/hot/.json?after=t3_hz5odc',
08-05 03:44:07.043  7568 11146 D OK      : request got status: 200
08-05 03:44:07.052  7568 11133 I PostListingFragment: Precaching images: OFF
08-05 03:44:07.052  7568 11133 I PostListingFragment: Precaching comments: OFF
08-05 03:44:07.073  7568 10116 I RedditVideosAPI: For 'https://v.redd.it/syww111dtjd51/DASHPlaylist.mpd', got video stream 'https://v.redd.it/syww111dtjd51/DASH_480' and audio stream 'https://v.redd.it/syww111dtjd51/audio'
08-05 03:44:07.085  7568 10116 I RedditVideosAPI: For 'https://v.redd.it/pbqrrfb3tkd51/DASHPlaylist.mpd', got video stream 'https://v.redd.it/pbqrrfb3tkd51/DASH_480' and audio stream 'null'
08-05 03:44:07.087  7568  7889 I art     : Explicit concurrent mark sweep GC freed 6319(470KB) AllocSpace objects, 11(568KB) LOS objects, 26% free, 44MB/60MB, paused 1.594ms total 61.427ms
08-05 03:44:07.107  7568  7889 I art     : Starting a blocking GC Explicit
08-05 03:44:07.132  7568 11133 I getImgurImageInfo: Image nLQR2hT: trying API v3 with auth
08-05 03:44:07.164  7568  7889 I art     : Explicit concurrent mark sweep GC freed 12375(821KB) AllocSpace objects, 40(3MB) LOS objects, 25% free, 47MB/63MB, paused 1.228ms total 56.029ms
08-05 03:44:07.183  7568  7889 I art     : Starting a blocking GC Explicit
08-05 03:44:07.197  7568 11156 I RedditVideosAPI: For 'https://v.redd.it/xd6c4yyutgd51/DASHPlaylist.mpd', got video stream 'https://v.redd.it/xd6c4yyutgd51/DASH_480' and audio stream 'null'
08-05 03:44:07.209  7568 11156 I RedditVideosAPI: For 'https://v.redd.it/ue0jdgk9zhd51/DASHPlaylist.mpd', got video stream 'https://v.redd.it/ue0jdgk9zhd51/DASH_360' and audio stream 'https://v.redd.it/ue0jdgk9zhd51/audio'
08-05 03:44:07.219  7568 11156 I RedditVideosAPI: For 'https://v.redd.it/jk6cwef4wld51/DASHPlaylist.mpd', got video stream 'https://v.redd.it/jk6cwef4wld51/DASH_480' and audio stream 'null'
08-05 03:44:07.225  7568 10116 I RedditVideosAPI: For 'https://v.redd.it/rrygsb8i4ld51/DASHPlaylist.mpd', got video stream 'https://v.redd.it/rrygsb8i4ld51/DASH_480' and audio stream 'https://v.redd.it/rrygsb8i4ld51/audio'
08-05 03:44:07.226  7568 10116 I RedditVideosAPI: For 'https://v.redd.it/5x6zzipz8ld51/DASHPlaylist.mpd', got video stream 'https://v.redd.it/5x6zzipz8ld51/DASH_480' and audio stream 'null'
08-05 03:44:07.227  7568 10116 I RedditVideosAPI: For 'https://v.redd.it/75en73fm5id51/DASHPlaylist.mpd', got video stream 'https://v.redd.it/75en73fm5id51/DASH_480' and audio stream 'https://v.redd.it/75en73fm5id51/audio'
08-05 03:44:07.231  7568 11156 I RedditVideosAPI: For 'https://v.redd.it/ggz4fyth6hd51/DASHPlaylist.mpd', got video stream 'https://v.redd.it/ggz4fyth6hd51/DASH_360' and audio stream 'null'
08-05 03:44:07.231  7568 10116 I RedditVideosAPI: For 'https://v.redd.it/psrknoobrgd51/DASHPlaylist.mpd', got video stream 'https://v.redd.it/psrknoobrgd51/DASH_480' and audio stream 'null'
08-05 03:44:07.233  7568 10116 I RedditVideosAPI: For 'https://v.redd.it/t81s8zfz9ld51/DASHPlaylist.mpd', got video stream 'https://v.redd.it/t81s8zfz9ld51/DASH_480' and audio stream 'https://v.redd.it/t81s8zfz9ld51/audio'
08-05 03:44:07.236  7568  7889 I art     : Explicit concurrent mark sweep GC freed 7821(1025KB) AllocSpace objects, 45(2MB) LOS objects, 24% free, 49MB/65MB, paused 635us total 52.675ms
08-05 03:44:07.255  7568  7889 I art     : Starting a blocking GC Explicit
08-05 03:44:07.306  7568  7889 I art     : Explicit concurrent mark sweep GC freed 19709(955KB) AllocSpace objects, 2(88KB) LOS objects, 24% free, 48MB/64MB, paused 550us total 50.390ms
08-05 03:44:07.325  7568  7889 I art     : Starting a blocking GC Explicit
08-05 03:44:07.377  7568  7889 I art     : Explicit concurrent mark sweep GC freed 21(672B) AllocSpace objects, 0(0B) LOS objects, 24% free, 48MB/64MB, paused 592us total 52.397ms
08-05 03:44:07.747  7568  7579 I art     : Starting a blocking GC Explicit
08-05 03:44:07.824  7568  7579 I art     : Explicit concurrent mark sweep GC freed 1356(83KB) AllocSpace objects, 1(20KB) LOS objects, 24% free, 48MB/64MB, paused 678us total 76.338ms
08-05 03:44:07.846  7568  7579 I art     : Starting a blocking GC Explicit
08-05 03:44:07.903  7568  7579 I art     : Explicit concurrent mark sweep GC freed 20(704B) AllocSpace objects, 0(0B) LOS objects, 24% free, 48MB/64MB, paused 538us total 57.392ms
08-05 03:44:07.924  7568  7579 I art     : Starting a blocking GC Explicit
08-05 03:44:07.989  7568  7579 I art     : Explicit concurrent mark sweep GC freed 3(96B) AllocSpace objects, 0(0B) LOS objects, 24% free, 48MB/64MB, paused 668us total 64.368ms
08-05 03:44:08.011  7568  7579 I art     : Starting a blocking GC Explicit
08-05 03:44:08.070  7568  7579 I art     : Explicit concurrent mark sweep GC freed 3(96B) AllocSpace objects, 0(0B) LOS objects, 24% free, 48MB/64MB, paused 612us total 58.267ms
08-05 03:44:08.090  7568  7579 I art     : Starting a blocking GC Explicit
08-05 03:44:08.148  7568  7579 I art     : Explicit concurrent mark sweep GC freed 3(96B) AllocSpace objects, 0(0B) LOS objects, 24% free, 48MB/64MB, paused 591us total 57.298ms
08-05 03:44:08.534  7568  7581 I art     : Starting a blocking GC Explicit
08-05 03:44:08.606  7568  7581 I art     : Explicit concurrent mark sweep GC freed 1359(83KB) AllocSpace objects, 1(20KB) LOS objects, 24% free, 48MB/64MB, paused 580us total 71.899ms
08-05 03:44:08.628  7568  7581 I art     : Starting a blocking GC Explicit
08-05 03:44:08.688  7568  7581 I art     : Explicit concurrent mark sweep GC freed 20(704B) AllocSpace objects, 0(0B) LOS objects, 24% free, 48MB/64MB, paused 637us total 59.299ms
08-05 03:44:08.708  7568  7581 I art     : Starting a blocking GC Explicit
08-05 03:44:08.770  7568  7581 I art     : Explicit concurrent mark sweep GC freed 3(96B) AllocSpace objects, 0(0B) LOS objects, 24% free, 48MB/64MB, paused 605us total 61.505ms
08-05 03:44:08.793  7568  7581 I art     : Starting a blocking GC Explicit
08-05 03:44:08.852  7568  7581 I art     : Explicit concurrent mark sweep GC freed 3(96B) AllocSpace objects, 0(0B) LOS objects, 24% free, 48MB/64MB, paused 618us total 58.423ms
08-05 03:44:08.872  7568  7581 I art     : Starting a blocking GC Explicit
08-05 03:44:08.930  7568  7581 I art     : Explicit concurrent mark sweep GC freed 3(96B) AllocSpace objects, 0(0B) LOS objects, 24% free, 48MB/64MB, paused 613us total 57.245ms
08-05 03:44:09.306  7568  7589 I art     : Starting a blocking GC Explicit
08-05 03:44:09.382  7568  7589 I art     : Explicit concurrent mark sweep GC freed 1355(83KB) AllocSpace objects, 1(20KB) LOS objects, 24% free, 48MB/64MB, paused 608us total 75.256ms
08-05 03:44:09.406  7568  7589 I art     : Starting a blocking GC Explicit
08-05 03:44:09.467  7568  7589 I art     : Explicit concurrent mark sweep GC freed 20(704B) AllocSpace objects, 0(0B) LOS objects, 24% free, 48MB/64MB, paused 615us total 60.402ms
08-05 03:44:09.490  7568  7589 I art     : Starting a blocking GC Explicit
08-05 03:44:09.546  7568  7589 I art     : Explicit concurrent mark sweep GC freed 3(96B) AllocSpace objects, 0(0B) LOS objects, 24% free, 48MB/64MB, paused 613us total 55.554ms
08-05 03:44:09.566  7568  7589 I art     : Starting a blocking GC Explicit
08-05 03:44:09.624  7568  7589 I art     : Explicit concurrent mark sweep GC freed 3(96B) AllocSpace objects, 0(0B) LOS objects, 24% free, 48MB/64MB, paused 595us total 57.658ms
08-05 03:44:09.645  7568  7589 I art     : Starting a blocking GC Explicit
08-05 03:44:09.697  7568  7589 I art     : Explicit concurrent mark sweep GC freed 3(96B) AllocSpace objects, 0(0B) LOS objects, 24% free, 48MB/64MB, paused 589us total 51.608ms
08-05 03:44:10.054  7568  7889 I art     : Starting a blocking GC Explicit
08-05 03:44:10.118  7568  7889 I art     : Explicit concurrent mark sweep GC freed 1357(83KB) AllocSpace objects, 1(20KB) LOS objects, 24% free, 48MB/64MB, paused 608us total 64.078ms
08-05 03:44:10.139  7568  7889 I art     : Starting a blocking GC Explicit
08-05 03:44:10.175 11187 11187 D AndroidRuntime: >>>>>> START com.android.internal.os.RuntimeInit uid 2000 <<<<<<
08-05 03:44:10.181 11187 11187 D AndroidRuntime: CheckJNI is OFF
08-05 03:44:10.193  7568  7889 I art     : Explicit concurrent mark sweep GC freed 20(704B) AllocSpace objects, 0(0B) LOS objects, 24% free, 48MB/64MB, paused 617us total 54.032ms
08-05 03:44:10.213  7568  7889 I art     : Starting a blocking GC Explicit
08-05 03:44:10.228 11187 11187 D ICU     : No timezone override file found: /data/misc/zoneinfo/current/icu/icu_tzdata.dat
08-05 03:44:10.265  7568  7889 I art     : Explicit concurrent mark sweep GC freed 3(96B) AllocSpace objects, 0(0B) LOS objects, 24% free, 48MB/64MB, paused 608us total 52.088ms
08-05 03:44:10.275 11187 11187 I Radio-JNI: register_android_hardware_Radio DONE
08-05 03:44:10.285  7568  7889 I art     : Starting a blocking GC Explicit
08-05 03:44:10.306 11187 11187 D AndroidRuntime: Calling main entry com.android.commands.input.Input
08-05 03:44:10.309 11187 11187 I Input   : injectMotionEvent: MotionEvent { action=ACTION_DOWN, actionButton=0, id[0]=0, x[0]=1340.0, y[0]=1100.0, toolType[0]=TOOL_TYPE_UNKNOWN, buttonState=0, metaState=0, flags=0x0, edgeFlags=0x0, pointerCount=1, historySize=0, eventTime=762266721, downTime=762266721, deviceId=0, source=0x1002 }
08-05 03:44:10.316 11187 11187 I Input   : injectMotionEvent: MotionEvent { action=ACTION_UP, actionButton=0, id[0]=0, x[0]=1340.0, y[0]=1100.0, toolType[0]=TOOL_TYPE_UNKNOWN, buttonState=0, metaState=0, flags=0x0, edgeFlags=0x0, pointerCount=1, historySize=0, eventTime=762266721, downTime=762266721, deviceId=0, source=0x1002 }
08-05 03:44:10.318 11187 11187 D AndroidRuntime: Shutting down VM
08-05 03:44:10.335   512  2967 D audio_hw_primary: out_set_parameters: enter: usecase(1: low-latency-playback) kvpairs: routing=2
08-05 03:44:10.339   918  5481 I ActivityManager: START u0 {dat=https://oauth.reddit.com/... cmp=baseline.org.quantumbadger.redreader/.activities.CommentListingActivity} from uid 10689 on display 0
08-05 03:44:10.339  7568  7889 I art     : Explicit concurrent mark sweep GC freed 35(1568B) AllocSpace objects, 0(0B) LOS objects, 24% free, 48MB/64MB, paused 767us total 54.032ms
08-05 03:44:10.348   512  2967 D audio_hw_primary: select_devices: out_snd_device(2: speaker) in_snd_device(0: none)
08-05 03:44:10.349   512  2967 D msm8974_platform: platform_send_audio_calibration: sending audio calibration for snd_device(2) acdb_id(15)
08-05 03:44:10.349   512  2967 I soundtrigger: audio_extn_sound_trigger_update_device_status: device 0x2 of type 0 for Event 1
08-05 03:44:10.360  7568  7889 I art     : Starting a blocking GC Explicit
08-05 03:44:10.362   512  2967 D audio_hw_primary: enable_snd_device: snd_device(2: speaker)
08-05 03:44:10.364   512  2967 D audio_hw_primary: enable_audio_route: apply and update mixer path: low-latency-playback speaker
08-05 03:44:10.368  7568  7568 I AppCompatViewInflater: app:theme is now deprecated. Please move to using android:theme instead.
08-05 03:44:10.387  7568 11133 I CommentListingActivity: COMMENTS session changed to b05f8416-63fa-499a-9efa-8463822752ec
08-05 03:44:10.401   518   646 I ThermalEngine: ACTION: GPU - Setting GPU[0] to 510000000
08-05 03:44:10.415  7568  7889 I art     : Explicit concurrent mark sweep GC freed 10295(729KB) AllocSpace objects, 53(10MB) LOS objects, 29% free, 37MB/53MB, paused 1.424ms total 54.113ms
08-05 03:44:10.466   918   936 I ActivityManager: Displayed baseline.org.quantumbadger.redreader/.activities.CommentListingActivity: +114ms
08-05 03:44:10.468 13866 13866 I GoogleInputMethodServic: GoogleInputMethodService.onFinishInput():3138 
08-05 03:44:10.469 13866 13866 I GoogleInputMethodServic: GoogleInputMethodService.onStartInput():1808 
08-05 03:44:10.692  7568  7581 I art     : Starting a blocking GC Explicit
08-05 03:44:10.697   380   380 W SurfaceFlinger: couldn't log to binary event log: overflow.
08-05 03:44:10.749  7568  7581 I art     : Explicit concurrent mark sweep GC freed 41451(2MB) AllocSpace objects, 1(20KB) LOS objects, 28% free, 39MB/55MB, paused 413us total 56.647ms
08-05 03:44:10.750   918  3188 I hubconnection: sensorhub said: 'set_bias 3: -6.2400, 0.0000, 0.0000'
08-05 03:44:10.765  7568  7581 I art     : Starting a blocking GC Explicit
08-05 03:44:10.815  7568  7581 I art     : Explicit concurrent mark sweep GC freed 235(12KB) AllocSpace objects, 0(0B) LOS objects, 28% free, 39MB/55MB, paused 442us total 49.224ms
08-05 03:44:10.831  7568  7581 I art     : Starting a blocking GC Explicit
08-05 03:44:10.855  7568 11131 I RedditChangeDataIO: Writing tmp data file at '/data/user/0/baseline.org.quantumbadger.redreader/files/rr_change_data_tmp.dat'
08-05 03:44:10.856  7568 11131 I RedditChangeDataManager: Taking snapshot...
08-05 03:44:10.857  7568 11131 I RedditChangeDataManager: Writing to stream...
08-05 03:44:10.857  7568 11131 I RedditChangeDataManager: Wrote 6 entries for user ''
08-05 03:44:10.857  7568 11131 I RedditChangeDataManager: All entries written to stream.
08-05 03:44:10.857  7568 11131 I RedditChangeDataIO: Write successful. Atomically replacing data file...
08-05 03:44:10.858  7568 11131 I RedditChangeDataIO: Write complete.
08-05 03:44:10.858  7568 11131 I RedditChangeDataIO: 158 bytes written in 3 ms
08-05 03:44:10.879  7568  7581 I art     : Explicit concurrent mark sweep GC freed 247(9KB) AllocSpace objects, 1(68KB) LOS objects, 28% free, 39MB/55MB, paused 375us total 47.429ms
08-05 03:44:10.896  7568  7581 I art     : Starting a blocking GC Explicit
08-05 03:44:10.898   512  2967 D audio_hw_primary: disable_audio_route: reset and update mixer path: low-latency-playback speaker
08-05 03:44:10.900   512  2967 D audio_hw_primary: disable_snd_device: snd_device(2: speaker)
08-05 03:44:10.908   512  2967 I soundtrigger: audio_extn_sound_trigger_update_device_status: device 0x2 of type 0 for Event 0
08-05 03:44:10.942  7568  7581 I art     : Explicit concurrent mark sweep GC freed 19(816B) AllocSpace objects, 0(0B) LOS objects, 28% free, 39MB/55MB, paused 395us total 45.928ms
08-05 03:44:10.958  7568  7581 I art     : Starting a blocking GC Explicit
08-05 03:44:11.004  7568  7581 I art     : Explicit concurrent mark sweep GC freed 3(96B) AllocSpace objects, 0(0B) LOS objects, 28% free, 39MB/55MB, paused 348us total 46.617ms
08-05 03:44:11.322  7568  7581 I art     : Starting a blocking GC Explicit
08-05 03:44:11.377  7568  7581 I art     : Explicit concurrent mark sweep GC freed 1358(83KB) AllocSpace objects, 1(20KB) LOS objects, 28% free, 39MB/55MB, paused 396us total 54.868ms
08-05 03:44:11.394  7568  7581 I art     : Starting a blocking GC Explicit
08-05 03:44:11.405   518   646 I ThermalEngine: ACTION: GPU - Setting GPU[0] to 450000000
08-05 03:44:11.453  7568  7581 I art     : Explicit concurrent mark sweep GC freed 20(704B) AllocSpace objects, 0(0B) LOS objects, 28% free, 39MB/55MB, paused 535us total 58.929ms
08-05 03:44:11.474  7568  7581 I art     : Starting a blocking GC Explicit
08-05 03:44:11.538  7568  7581 I art     : Explicit concurrent mark sweep GC freed 49(1920B) AllocSpace objects, 0(0B) LOS objects, 28% free, 39MB/55MB, paused 560us total 63.803ms
08-05 03:44:11.558  5221  5221 I ServiceManager: Waiting for service AtCmdFwd...
08-05 03:44:11.560  7568  7581 I art     : Starting a blocking GC Explicit
08-05 03:44:11.623  7568  7581 I art     : Explicit concurrent mark sweep GC freed 3(96B) AllocSpace objects, 0(0B) LOS objects, 28% free, 39MB/55MB, paused 559us total 62.931ms
08-05 03:44:11.644  7568  7581 I art     : Starting a blocking GC Explicit
08-05 03:44:11.709  7568  7581 I art     : Explicit concurrent mark sweep GC freed 3(96B) AllocSpace objects, 0(0B) LOS objects, 28% free, 39MB/55MB, paused 535us total 64.638ms
08-05 03:44:12.051  7568  7889 I art     : Starting a blocking GC Explicit
08-05 03:44:12.134  7568  7889 I art     : Explicit concurrent mark sweep GC freed 1354(82KB) AllocSpace objects, 1(20KB) LOS objects, 28% free, 39MB/55MB, paused 585us total 82.337ms
08-05 03:44:12.161  7568  7889 I art     : Starting a blocking GC Explicit
08-05 03:44:12.232  7568  7889 I art     : Explicit concurrent mark sweep GC freed 295(44KB) AllocSpace objects, 0(0B) LOS objects, 28% free, 39MB/55MB, paused 522us total 70.871ms
08-05 03:44:12.254  7568  7889 I art     : Starting a blocking GC Explicit
08-05 03:44:12.325  7568  7889 I art     : Explicit concurrent mark sweep GC freed 68(2272B) AllocSpace objects, 0(0B) LOS objects, 28% free, 39MB/55MB, paused 560us total 70.699ms
08-05 03:44:12.347  7568  7889 I art     : Starting a blocking GC Explicit
08-05 03:44:12.424  7568  7889 I art     : Explicit concurrent mark sweep GC freed 3(96B) AllocSpace objects, 0(0B) LOS objects, 28% free, 39MB/55MB, paused 640us total 76.994ms
08-05 03:44:12.448  7568  7889 I art     : Starting a blocking GC Explicit
08-05 03:44:12.520  7568  7889 I art     : Explicit concurrent mark sweep GC freed 3(96B) AllocSpace objects, 0(0B) LOS objects, 28% free, 39MB/55MB, paused 524us total 71.598ms
08-05 03:44:12.558  5221  5221 I ServiceManager: Waiting for service AtCmdFwd...
08-05 03:44:12.892  7568  7579 I art     : Starting a blocking GC Explicit
08-05 03:44:12.983  7568  7579 I art     : Explicit concurrent mark sweep GC freed 1354(82KB) AllocSpace objects, 1(20KB) LOS objects, 28% free, 39MB/55MB, paused 508us total 90.442ms
08-05 03:44:13.008  7568  7579 I art     : Starting a blocking GC Explicit
08-05 03:44:13.080  7568  7579 I art     : Explicit concurrent mark sweep GC freed 20(704B) AllocSpace objects, 0(0B) LOS objects, 28% free, 39MB/55MB, paused 508us total 71.694ms
08-05 03:44:13.102  7568  7579 I art     : Starting a blocking GC Explicit
08-05 03:44:13.174  7568  7579 I art     : Explicit concurrent mark sweep GC freed 3(96B) AllocSpace objects, 0(0B) LOS objects, 28% free, 39MB/55MB, paused 517us total 71.907ms
08-05 03:44:13.196  7568  7579 I art     : Starting a blocking GC Explicit
08-05 03:44:13.266  7568  7579 I art     : Explicit concurrent mark sweep GC freed 3(96B) AllocSpace objects, 0(0B) LOS objects, 28% free, 39MB/55MB, paused 518us total 69.916ms
08-05 03:44:13.288  7568  7579 I art     : Starting a blocking GC Explicit
08-05 03:44:13.359  7568  7579 I art     : Explicit concurrent mark sweep GC freed 3(96B) AllocSpace objects, 0(0B) LOS objects, 28% free, 39MB/55MB, paused 562us total 70.955ms
08-05 03:44:13.559  5221  5221 I ServiceManager: Waiting for service AtCmdFwd...
08-05 03:44:13.733  7568  7589 I art     : Starting a blocking GC Explicit
08-05 03:44:13.823  7568  7589 I art     : Explicit concurrent mark sweep GC freed 1354(82KB) AllocSpace objects, 1(20KB) LOS objects, 28% free, 39MB/55MB, paused 560us total 89.901ms
08-05 03:44:13.849  7568  7589 I art     : Starting a blocking GC Explicit
08-05 03:44:13.921  7568  7589 I art     : Explicit concurrent mark sweep GC freed 20(704B) AllocSpace objects, 0(0B) LOS objects, 28% free, 39MB/55MB, paused 529us total 71.651ms
08-05 03:44:13.943  7568  7589 I art     : Starting a blocking GC Explicit
08-05 03:44:14.014  7568  7589 I art     : Explicit concurrent mark sweep GC freed 3(96B) AllocSpace objects, 0(0B) LOS objects, 28% free, 39MB/55MB, paused 537us total 70.624ms
08-05 03:44:14.036  7568  7589 I art     : Starting a blocking GC Explicit
08-05 03:44:14.111  7568  7589 I art     : Explicit concurrent mark sweep GC freed 3(96B) AllocSpace objects, 0(0B) LOS objects, 28% free, 39MB/55MB, paused 580us total 75.389ms
08-05 03:44:14.134  7568  7589 I art     : Starting a blocking GC Explicit
08-05 03:44:14.207  7568  7589 I art     : Explicit concurrent mark sweep GC freed 3(96B) AllocSpace objects, 0(0B) LOS objects, 28% free, 39MB/55MB, paused 527us total 72.486ms
08-05 03:44:14.410   518   646 I ThermalEngine: ACTION: GPU - Setting GPU[0] to 510000000
08-05 03:44:14.543  7568  7581 I art     : Starting a blocking GC Explicit
08-05 03:44:14.560  5221  5221 I ServiceManager: Waiting for service AtCmdFwd...
08-05 03:44:14.605  7568  7581 I art     : Explicit concurrent mark sweep GC freed 1354(82KB) AllocSpace objects, 1(20KB) LOS objects, 28% free, 39MB/55MB, paused 369us total 61.421ms
08-05 03:44:14.622  7568  7581 I art     : Starting a blocking GC Explicit
08-05 03:44:14.669  7568  7581 I art     : Explicit concurrent mark sweep GC freed 20(704B) AllocSpace objects, 0(0B) LOS objects, 28% free, 39MB/55MB, paused 378us total 46.671ms
08-05 03:44:14.685  7568  7581 I art     : Starting a blocking GC Explicit
08-05 03:44:14.735  7568  7581 I art     : Explicit concurrent mark sweep GC freed 3(96B) AllocSpace objects, 0(0B) LOS objects, 28% free, 39MB/55MB, paused 384us total 50.147ms
08-05 03:44:14.751  7568  7581 I art     : Starting a blocking GC Explicit
08-05 03:44:14.801  7568  7581 I art     : Explicit concurrent mark sweep GC freed 3(96B) AllocSpace objects, 0(0B) LOS objects, 28% free, 39MB/55MB, paused 392us total 50.080ms
08-05 03:44:14.818  7568  7581 I art     : Starting a blocking GC Explicit
08-05 03:44:14.868  7568  7581 I art     : Explicit concurrent mark sweep GC freed 3(96B) AllocSpace objects, 0(0B) LOS objects, 28% free, 39MB/55MB, paused 381us total 49.520ms
08-05 03:44:15.004 11271 11271 D AndroidRuntime: >>>>>> START com.android.internal.os.RuntimeInit uid 2000 <<<<<<
08-05 03:44:15.010 11271 11271 D AndroidRuntime: CheckJNI is OFF
08-05 03:44:15.050 11271 11271 D ICU     : No timezone override file found: /data/misc/zoneinfo/current/icu/icu_tzdata.dat
08-05 03:44:15.082 11271 11271 I Radio-JNI: register_android_hardware_Radio DONE
08-05 03:44:15.104 11271 11271 D AndroidRuntime: Calling main entry com.android.commands.input.Input
08-05 03:44:15.106 11271 11271 I Input   : injectKeyEvent: KeyEvent { action=ACTION_DOWN, keyCode=KEYCODE_BACK, scanCode=0, metaState=0, flags=0x0, repeatCount=0, eventTime=762271519, downTime=762271519, deviceId=-1, source=0x101 }
08-05 03:44:15.110 11271 11271 I Input   : injectKeyEvent: KeyEvent { action=ACTION_UP, keyCode=KEYCODE_BACK, scanCode=0, metaState=0, flags=0x0, repeatCount=0, eventTime=762271519, downTime=762271519, deviceId=-1, source=0x101 }
08-05 03:44:15.117 11271 11271 D AndroidRuntime: Shutting down VM
08-05 03:44:15.162 13866 13866 I GoogleInputMethodServic: GoogleInputMethodService.onFinishInput():3138 
08-05 03:44:15.163 13866 13866 I GoogleInputMethodServic: GoogleInputMethodService.onStartInput():1808 
08-05 03:44:15.177  7568  7889 I art     : Starting a blocking GC Explicit
08-05 03:44:15.229  7568  7889 I art     : Explicit concurrent mark sweep GC freed 1628(92KB) AllocSpace objects, 1(20KB) LOS objects, 28% free, 39MB/55MB, paused 358us total 51.524ms
08-05 03:44:15.245  7568  7889 I art     : Starting a blocking GC Explicit
08-05 03:44:15.290  7568  7889 I art     : Explicit concurrent mark sweep GC freed 35(1232B) AllocSpace objects, 0(0B) LOS objects, 28% free, 39MB/55MB, paused 332us total 45.071ms
08-05 03:44:15.306  7568  7889 I art     : Starting a blocking GC Explicit
08-05 03:44:15.365  7568  7889 I art     : Explicit concurrent mark sweep GC freed 3(96B) AllocSpace objects, 0(0B) LOS objects, 28% free, 39MB/55MB, paused 371us total 58.366ms
08-05 03:44:15.385  7568  7889 I art     : Starting a blocking GC Explicit
08-05 03:44:15.450  7568  7889 I art     : Explicit concurrent mark sweep GC freed 3(96B) AllocSpace objects, 0(0B) LOS objects, 28% free, 39MB/55MB, paused 374us total 64.572ms
08-05 03:44:15.472  7568  7889 I art     : Starting a blocking GC Explicit
08-05 03:44:15.484   380   380 W SurfaceFlinger: couldn't log to binary event log: overflow.
08-05 03:44:15.521  7568  7889 I art     : Explicit concurrent mark sweep GC freed 61(2240B) AllocSpace objects, 0(0B) LOS objects, 28% free, 39MB/55MB, paused 382us total 48.908ms
08-05 03:44:15.560  5221  5221 I ServiceManager: Waiting for service AtCmdFwd...
08-05 03:44:15.837  7568  7581 I art     : Starting a blocking GC Explicit
08-05 03:44:15.906  7568  7581 I art     : Explicit concurrent mark sweep GC freed 1362(83KB) AllocSpace objects, 1(20KB) LOS objects, 28% free, 39MB/55MB, paused 472us total 68.902ms
08-05 03:44:15.924  7568  7581 I art     : Starting a blocking GC Explicit
08-05 03:44:15.968  7568  7581 I art     : Explicit concurrent mark sweep GC freed 41405(2MB) AllocSpace objects, 5(140KB) LOS objects, 29% free, 37MB/53MB, paused 375us total 43.223ms
08-05 03:44:15.983  7568  7581 I art     : Starting a blocking GC Explicit
08-05 03:44:16.021  7568  7581 I art     : Explicit concurrent mark sweep GC freed 3(96B) AllocSpace objects, 0(0B) LOS objects, 29% free, 37MB/53MB, paused 379us total 38.567ms
08-05 03:44:16.036  7568  7581 I art     : Starting a blocking GC Explicit
08-05 03:44:16.077  7568  7581 I art     : Explicit concurrent mark sweep GC freed 3(96B) AllocSpace objects, 0(0B) LOS objects, 29% free, 37MB/53MB, paused 415us total 40.982ms
08-05 03:44:16.093  7568  7581 I art     : Starting a blocking GC Explicit
08-05 03:44:16.133  7568  7581 I art     : Explicit concurrent mark sweep GC freed 3(96B) AllocSpace objects, 0(0B) LOS objects, 29% free, 37MB/53MB, paused 383us total 39.783ms
08-05 03:44:16.447  7568  7579 I art     : Starting a blocking GC Explicit
08-05 03:44:16.488  7568  7579 I art     : Explicit concurrent mark sweep GC freed 1354(82KB) AllocSpace objects, 1(20KB) LOS objects, 29% free, 37MB/53MB, paused 401us total 40.239ms
08-05 03:44:16.503  7568  7579 I art     : Starting a blocking GC Explicit
08-05 03:44:16.541  7568  7579 I art     : Explicit concurrent mark sweep GC freed 20(704B) AllocSpace objects, 0(0B) LOS objects, 29% free, 37MB/53MB, paused 378us total 37.985ms
08-05 03:44:16.556  7568  7579 I art     : Starting a blocking GC Explicit
08-05 03:44:16.561  5221  5221 W Atfwd_Sendcmd: AtCmdFwd service not published, waiting... retryCnt : 2
08-05 03:44:16.594  7568  7579 I art     : Explicit concurrent mark sweep GC freed 3(96B) AllocSpace objects, 0(0B) LOS objects, 29% free, 37MB/53MB, paused 376us total 37.879ms
08-05 03:44:16.608  7568  7579 I art     : Starting a blocking GC Explicit
08-05 03:44:16.647  7568  7579 I art     : Explicit concurrent mark sweep GC freed 3(96B) AllocSpace objects, 0(0B) LOS objects, 29% free, 37MB/53MB, paused 385us total 38.786ms
08-05 03:44:16.662  7568  7579 I art     : Starting a blocking GC Explicit
08-05 03:44:16.700  7568  7579 I art     : Explicit concurrent mark sweep GC freed 3(96B) AllocSpace objects, 0(0B) LOS objects, 29% free, 37MB/53MB, paused 366us total 37.788ms
08-05 03:44:16.782 11312 11312 D AndroidRuntime: >>>>>> START com.android.internal.os.RuntimeInit uid 2000 <<<<<<
08-05 03:44:16.788 11312 11312 D AndroidRuntime: CheckJNI is OFF
08-05 03:44:16.827 11312 11312 D ICU     : No timezone override file found: /data/misc/zoneinfo/current/icu/icu_tzdata.dat
08-05 03:44:16.864 11312 11312 I Radio-JNI: register_android_hardware_Radio DONE
08-05 03:44:16.885 11312 11312 D AndroidRuntime: Calling main entry com.android.commands.input.Input
08-05 03:44:16.887 11312 11312 I Input   : injectKeyEvent: KeyEvent { action=ACTION_DOWN, keyCode=KEYCODE_BACK, scanCode=0, metaState=0, flags=0x0, repeatCount=0, eventTime=762273300, downTime=762273300, deviceId=-1, source=0x101 }
08-05 03:44:16.898 11312 11312 I Input   : injectKeyEvent: KeyEvent { action=ACTION_UP, keyCode=KEYCODE_BACK, scanCode=0, metaState=0, flags=0x0, repeatCount=0, eventTime=762273300, downTime=762273300, deviceId=-1, source=0x101 }
08-05 03:44:16.904 11312 11312 D AndroidRuntime: Shutting down VM
08-05 03:44:16.948 13866 13866 I GoogleInputMethodServic: GoogleInputMethodService.onFinishInput():3138 
08-05 03:44:16.949 13866 13866 I GoogleInputMethodServic: GoogleInputMethodService.onStartInput():1808 
08-05 03:44:16.999  7568 11295 I art     : Starting a blocking GC Explicit
08-05 03:44:17.033  7568 11295 I art     : Explicit concurrent mark sweep GC freed 1533(88KB) AllocSpace objects, 1(20KB) LOS objects, 29% free, 37MB/53MB, paused 314us total 33.579ms
08-05 03:44:17.046  7568 11295 I art     : Starting a blocking GC Explicit
08-05 03:44:17.082  7568 11295 I art     : Explicit concurrent mark sweep GC freed 24(864B) AllocSpace objects, 0(0B) LOS objects, 29% free, 37MB/53MB, paused 359us total 35.618ms
08-05 03:44:17.096  7568 11295 I art     : Starting a blocking GC Explicit
08-05 03:44:17.137  7568 11295 I art     : Explicit concurrent mark sweep GC freed 3(96B) AllocSpace objects, 0(0B) LOS objects, 29% free, 37MB/53MB, paused 320us total 40.413ms
08-05 03:44:17.153  7568 11295 I art     : Starting a blocking GC Explicit
08-05 03:44:17.190  7568 11295 I art     : Explicit concurrent mark sweep GC freed 3(96B) AllocSpace objects, 0(0B) LOS objects, 29% free, 37MB/53MB, paused 369us total 36.863ms
08-05 03:44:17.205  7568 11295 I art     : Starting a blocking GC Explicit
08-05 03:44:17.242  7568 11295 I art     : Explicit concurrent mark sweep GC freed 3(96B) AllocSpace objects, 0(0B) LOS objects, 29% free, 37MB/53MB, paused 322us total 36.342ms
08-05 03:44:17.543  7568  7589 I art     : Starting a blocking GC Explicit
08-05 03:44:17.596  7568  7589 I art     : Explicit concurrent mark sweep GC freed 1409(84KB) AllocSpace objects, 1(20KB) LOS objects, 29% free, 37MB/53MB, paused 478us total 52.563ms
08-05 03:44:17.616  7568  7589 I art     : Starting a blocking GC Explicit
08-05 03:44:17.656  7568  7589 I art     : Explicit concurrent mark sweep GC freed 150(7KB) AllocSpace objects, 0(0B) LOS objects, 29% free, 37MB/53MB, paused 397us total 40.300ms
08-05 03:44:17.671  7568  7589 I art     : Starting a blocking GC Explicit
08-05 03:44:17.710  7568  7589 I art     : Explicit concurrent mark sweep GC freed 3(96B) AllocSpace objects, 0(0B) LOS objects, 29% free, 37MB/53MB, paused 401us total 39.086ms
08-05 03:44:17.725  7568  7589 I art     : Starting a blocking GC Explicit
08-05 03:44:17.766  7568  7589 I art     : Explicit concurrent mark sweep GC freed 3(96B) AllocSpace objects, 0(0B) LOS objects, 29% free, 37MB/53MB, paused 418us total 40.871ms
08-05 03:44:17.781  7568  7589 I art     : Starting a blocking GC Explicit
08-05 03:44:17.823  7568  7589 I art     : Explicit concurrent mark sweep GC freed 3(96B) AllocSpace objects, 0(0B) LOS objects, 29% free, 37MB/53MB, paused 426us total 41.579ms
08-05 03:44:18.140  7568  7889 I art     : Starting a blocking GC Explicit
08-05 03:44:18.189  7568  7889 I art     : Explicit concurrent mark sweep GC freed 1354(82KB) AllocSpace objects, 1(20KB) LOS objects, 29% free, 37MB/53MB, paused 381us total 49.627ms
08-05 03:44:18.204  7568  7889 I art     : Starting a blocking GC Explicit
08-05 03:44:18.240  7568  7889 I art     : Explicit concurrent mark sweep GC freed 20(704B) AllocSpace objects, 0(0B) LOS objects, 29% free, 37MB/53MB, paused 393us total 35.580ms
08-05 03:44:18.253  7568  7889 I art     : Starting a blocking GC Explicit
08-05 03:44:18.291  7568  7889 I art     : Explicit concurrent mark sweep GC freed 3(96B) AllocSpace objects, 0(0B) LOS objects, 29% free, 37MB/53MB, paused 402us total 37.627ms
08-05 03:44:18.305  7568  7889 I art     : Starting a blocking GC Explicit
08-05 03:44:18.344  7568  7889 I art     : Explicit concurrent mark sweep GC freed 3(96B) AllocSpace objects, 0(0B) LOS objects, 29% free, 37MB/53MB, paused 372us total 38.805ms
08-05 03:44:18.359  7568  7889 I art     : Starting a blocking GC Explicit
08-05 03:44:18.397  7568  7889 I art     : Explicit concurrent mark sweep GC freed 3(96B) AllocSpace objects, 0(0B) LOS objects, 29% free, 37MB/53MB, paused 486us total 38.394ms
08-05 03:44:18.670 11365 11365 D AndroidRuntime: >>>>>> START com.android.internal.os.RuntimeInit uid 2000 <<<<<<
08-05 03:44:18.676 11365 11365 D AndroidRuntime: CheckJNI is OFF
08-05 03:44:18.719 11365 11365 D ICU     : No timezone override file found: /data/misc/zoneinfo/current/icu/icu_tzdata.dat
08-05 03:44:18.740  7568  7579 I art     : Starting a blocking GC Explicit
08-05 03:44:18.763 11365 11365 I Radio-JNI: register_android_hardware_Radio DONE
08-05 03:44:18.790  7568  7579 I art     : Explicit concurrent mark sweep GC freed 1354(82KB) AllocSpace objects, 1(20KB) LOS objects, 29% free, 37MB/53MB, paused 549us total 49.201ms
08-05 03:44:18.792 11365 11365 D AndroidRuntime: Calling main entry com.android.commands.am.Am
08-05 03:44:18.801 24044 24044 I Trepn   : Trepn 6.2s: Received intent: com.quicinc.trepn.stop_profiling
08-05 03:44:18.809  7568  7579 I art     : Starting a blocking GC Explicit
08-05 03:44:18.828 24044 24044 I Trepn   : Trepn 6.2s: Trepn has Stopped Profiling.
08-05 03:44:18.854  7568  7579 I art     : Explicit concurrent mark sweep GC freed 20(704B) AllocSpace objects, 0(0B) LOS objects, 29% free, 37MB/53MB, paused 507us total 45.171ms
08-05 03:44:18.873  7568  7579 I art     : Starting a blocking GC Explicit
08-05 03:44:18.921  7568  7579 I art     : Explicit concurrent mark sweep GC freed 3(96B) AllocSpace objects, 0(0B) LOS objects, 29% free, 37MB/53MB, paused 504us total 48.477ms
08-05 03:44:18.940  7568  7579 I art     : Starting a blocking GC Explicit
08-05 03:44:18.967 11365 11365 D AndroidRuntime: Shutting down VM
08-05 03:44:18.971   918  3961 W AppOps  : Finishing op nesting under-run: uid 10078 pkg com.quicinc.trepn code 24 time=0 duration=0 nesting=0
08-05 03:44:18.986  7568  7579 I art     : Explicit concurrent mark sweep GC freed 3(96B) AllocSpace objects, 0(0B) LOS objects, 29% free, 37MB/53MB, paused 527us total 46.026ms
08-05 03:44:19.006  7568  7579 I art     : Starting a blocking GC Explicit
08-05 03:44:19.048  7568  7579 I art     : Explicit concurrent mark sweep GC freed 3(96B) AllocSpace objects, 0(0B) LOS objects, 29% free, 37MB/53MB, paused 708us total 42.423ms
08-05 03:44:19.051   918  3261 D WifiStateMachine: starting scan for "H369AA63323"WPA_PSK with 2412,5180
08-05 03:44:19.408  7568  7581 I art     : Starting a blocking GC Explicit
08-05 03:44:19.419   518   646 I ThermalEngine: ACTION: GPU - Setting GPU[0] to 450000000
08-05 03:44:19.460  7568  7581 I art     : Explicit concurrent mark sweep GC freed 1354(82KB) AllocSpace objects, 1(20KB) LOS objects, 29% free, 37MB/53MB, paused 537us total 51.189ms
08-05 03:44:19.479  7568  7581 I art     : Starting a blocking GC Explicit
08-05 03:44:19.526  7568  7581 I art     : Explicit concurrent mark sweep GC freed 20(704B) AllocSpace objects, 0(0B) LOS objects, 29% free, 37MB/53MB, paused 512us total 46.432ms
08-05 03:44:19.545  7568  7581 I art     : Starting a blocking GC Explicit
08-05 03:44:19.593  7568  7581 I art     : Explicit concurrent mark sweep GC freed 3(96B) AllocSpace objects, 0(0B) LOS objects, 29% free, 37MB/53MB, paused 486us total 46.980ms
08-05 03:44:19.611  7568  7581 I art     : Starting a blocking GC Explicit
08-05 03:44:19.660  7568  7581 I art     : Explicit concurrent mark sweep GC freed 3(96B) AllocSpace objects, 0(0B) LOS objects, 29% free, 37MB/53MB, paused 519us total 48.521ms
08-05 03:44:19.679  7568  7581 I art     : Starting a blocking GC Explicit
08-05 03:44:19.727  7568  7581 I art     : Explicit concurrent mark sweep GC freed 3(96B) AllocSpace objects, 0(0B) LOS objects, 29% free, 37MB/53MB, paused 489us total 46.835ms
08-05 03:44:21.424   518   646 I ThermalEngine: ACTION: GPU - Setting GPU[0] to 510000000
