--------- beginning of main
--------- beginning of system
08-04 02:37:58.498  7588  7588 D Nappa   : Selected prefetching strategy STRATEGY_TFPR
08-04 02:37:58.539  7588  7607 D Nappa   : Updating activity map nappatfpr.org.quantumbadger.redreader.activities.MainActivity: 1
08-04 02:37:58.539  7588  7607 D Nappa   : Updating activity map nappatfpr.org.quantumbadger.redreader.activities.PostListingActivity: 2
08-04 02:37:58.539  7588  7607 D Nappa   : Updating activity map nappatfpr.org.quantumbadger.redreader.activities.CommentListingActivity: 3
08-04 02:37:58.539  7588  7607 D Nappa   : Updating activity map nappatfpr.org.quantumbadger.redreader.activities.WebViewActivity: 4
08-04 02:37:58.539  7588  7607 D Nappa   : Updating activity map nappatfpr.org.quantumbadger.redreader.activities.ImageViewActivity: 5
08-04 02:37:58.640  7588  7607 D Nappa   : registerActivity: (already in) nappatfpr.org.quantumbadger.redreader.activities.MainActivity
08-04 02:37:58.749  7588  7607 D Nappa   : registerActivity: (already in) nappatfpr.org.quantumbadger.redreader.activities.PostListingActivity
08-04 02:37:58.752  7588  7610 D Nappa   : {nappatfpr.org.quantumbadger.redreader.activities.ImageViewActivity=5, nappatfpr.org.quantumbadger.redreader.activities.CommentListingActivity=3, nappatfpr.org.quantumbadger.redreader.activities.PostListingActivity=2, nappatfpr.org.quantumbadger.redreader.activities.MainActivity=1, nappatfpr.org.quantumbadger.redreader.activities.WebViewActivity=4}
08-04 02:37:58.871  7588  7607 D Nappa   : registerActivity: (already in) nappatfpr.org.quantumbadger.redreader.activities.PostListingActivity
08-04 02:37:58.974  7588  7607 D Nappa   : registerActivity: (already in) nappatfpr.org.quantumbadger.redreader.activities.CommentListingActivity
08-04 02:37:58.976  7588  7610 D Nappa   : {nappatfpr.org.quantumbadger.redreader.activities.ImageViewActivity=5, nappatfpr.org.quantumbadger.redreader.activities.CommentListingActivity=3, nappatfpr.org.quantumbadger.redreader.activities.PostListingActivity=2, nappatfpr.org.quantumbadger.redreader.activities.MainActivity=1, nappatfpr.org.quantumbadger.redreader.activities.WebViewActivity=4}
08-04 02:37:59.077  7588  7607 D Nappa   : registerActivity: (already in) nappatfpr.org.quantumbadger.redreader.activities.WebViewActivity
08-04 02:37:59.078  7588  7610 D Nappa   : {nappatfpr.org.quantumbadger.redreader.activities.ImageViewActivity=5, nappatfpr.org.quantumbadger.redreader.activities.CommentListingActivity=3, nappatfpr.org.quantumbadger.redreader.activities.PostListingActivity=2, nappatfpr.org.quantumbadger.redreader.activities.MainActivity=1, nappatfpr.org.quantumbadger.redreader.activities.WebViewActivity=4}
08-04 02:37:59.179  7588  7607 D Nappa   : registerActivity: (already in) nappatfpr.org.quantumbadger.redreader.activities.ImageViewActivity
08-04 02:37:59.181  7588  7610 D Nappa   : {nappatfpr.org.quantumbadger.redreader.activities.ImageViewActivity=5, nappatfpr.org.quantumbadger.redreader.activities.CommentListingActivity=3, nappatfpr.org.quantumbadger.redreader.activities.PostListingActivity=2, nappatfpr.org.quantumbadger.redreader.activities.MainActivity=1, nappatfpr.org.quantumbadger.redreader.activities.WebViewActivity=4}
08-04 02:37:59.288  7588  7607 D Nappa   : registerActivity: (already in) nappatfpr.org.quantumbadger.redreader.activities.CommentListingActivity
08-04 02:37:59.400  7588  7607 D Nappa   : registerActivity: (already in) nappatfpr.org.quantumbadger.redreader.activities.WebViewActivity
08-04 02:37:59.513  7588  7607 D Nappa   : registerActivity: (already in) nappatfpr.org.quantumbadger.redreader.activities.ImageViewActivity
08-04 02:37:59.615  7588  7607 D Nappa   : registerActivity: (already in) nappatfpr.org.quantumbadger.redreader.activities.WebViewActivity
08-04 02:37:59.617  7588  7610 D Nappa   : {nappatfpr.org.quantumbadger.redreader.activities.ImageViewActivity=5, nappatfpr.org.quantumbadger.redreader.activities.CommentListingActivity=3, nappatfpr.org.quantumbadger.redreader.activities.PostListingActivity=2, nappatfpr.org.quantumbadger.redreader.activities.MainActivity=1, nappatfpr.org.quantumbadger.redreader.activities.WebViewActivity=4}
08-04 02:37:59.620  7588  7607 D Nappa   : Extended Startup-time: 1122 ms
08-04 02:37:59.622  7588  7588 D Nappa   : Startup-time: 1124 ms
08-04 02:37:59.963  7588  7588 D Nappa   : setCurrentActivity - MetricStrategyAccuracy - 
08-04 02:37:59.963  7588  7588 D Nappa   : madePredictionFromActivity = false, 
08-04 02:37:59.963  7588  7588 D Nappa   : fromActivity = null, 
08-04 02:37:59.963  7588  7588 D Nappa   : predictedNextActivityFromActivity = [], 
08-04 02:37:59.963  7588  7588 D Nappa   : activity.getClass().getCanonicalName() = nappatfpr.org.quantumbadger.redreader.activities.MainActivity, 
08-04 02:37:59.963  7588  7588 D Nappa   : setCurrentActivity - MetricStrategyAccuracy - 
08-04 02:37:59.963  7588  7588 D Nappa   : madePredictionFromExtra = false, 
08-04 02:37:59.963  7588  7588 D Nappa   : fromActivity = null, 
08-04 02:37:59.963  7588  7588 D Nappa   : predictedNextActivityFromExtra = [], 
08-04 02:37:59.963  7588  7588 D Nappa   : activity.getClass().getCanonicalName() = nappatfpr.org.quantumbadger.redreader.activities.MainActivity, 
08-04 02:37:59.963  7588  7588 D Nappa   : PREFETCH_ON_EXTRA - setCurrentActivity - logs - from activity - made prediction isfalse
08-04 02:38:00.064  7588  7588 D Nappa   : registerActivity: (already in) nappatfpr.org.quantumbadger.redreader.activities.MainActivity
08-04 02:38:00.064  7588  7588 D Nappa   : SHOULD_PREFETCH false
08-04 02:38:00.064  7588  7588 D Nappa   : STATS Number of requests not prefetched: 0
08-04 02:38:00.064  7588  7588 D Nappa   : STATS Number of requests prefetched: 0
08-04 02:38:00.064  7588  7588 D Nappa   : STATS Time saved until now: 0.0
08-04 02:38:00.364  7588  7610 D Nappa   : PREFETCH_ON_EXTRA - setCurrentActivity - logs - from extra - made prediction isfalse
08-04 02:38:07.000  7588  7588 D Nappa   : Stayed on nappatfpr.org.quantumbadger.redreader.activities.MainActivity for 6936 ms
08-04 02:38:11.273  7588  7588 D Nappa   : setCurrentActivity - MetricStrategyAccuracy - 
08-04 02:38:11.273  7588  7588 D Nappa   : madePredictionFromActivity = false, 
08-04 02:38:11.273  7588  7588 D Nappa   : fromActivity = nappatfpr.org.quantumbadger.redreader.activities.MainActivity, 
08-04 02:38:11.273  7588  7588 D Nappa   : predictedNextActivityFromActivity = [], 
08-04 02:38:11.273  7588  7588 D Nappa   : activity.getClass().getCanonicalName() = nappatfpr.org.quantumbadger.redreader.activities.MainActivity, 
08-04 02:38:11.273  7588  7588 D Nappa   : setCurrentActivity - MetricStrategyAccuracy - 
08-04 02:38:11.273  7588  7588 D Nappa   : madePredictionFromExtra = false, 
08-04 02:38:11.273  7588  7588 D Nappa   : fromActivity = nappatfpr.org.quantumbadger.redreader.activities.MainActivity, 
08-04 02:38:11.273  7588  7588 D Nappa   : predictedNextActivityFromExtra = [], 
08-04 02:38:11.273  7588  7588 D Nappa   : activity.getClass().getCanonicalName() = nappatfpr.org.quantumbadger.redreader.activities.MainActivity, 
08-04 02:38:11.273  7588  7588 D Nappa   : PREFETCH_ON_EXTRA - setCurrentActivity - logs - from activity - made prediction isfalse
08-04 02:38:11.373  7588  7588 D Nappa   : registerActivity: (already in) nappatfpr.org.quantumbadger.redreader.activities.MainActivity
08-04 02:38:11.374  7588  7588 D Nappa   : SHOULD_PREFETCH false
08-04 02:38:11.374  7588  7588 D Nappa   : STATS Number of requests not prefetched: 0
08-04 02:38:11.374  7588  7588 D Nappa   : STATS Number of requests prefetched: 0
08-04 02:38:11.374  7588  7588 D Nappa   : STATS Time saved until now: 0.0
08-04 02:38:11.673  7588  7610 D Nappa   : PREFETCH_ON_EXTRA - setCurrentActivity - logs - from extra - made prediction isfalse
08-04 02:38:12.050  7588  7588 D Nappa   : Stayed on nappatfpr.org.quantumbadger.redreader.activities.MainActivity for 676 ms
08-04 02:38:12.087  7588  7588 D Nappa   : setCurrentActivity - MetricStrategyAccuracy - 
08-04 02:38:12.087  7588  7588 D Nappa   : madePredictionFromActivity = false, 
08-04 02:38:12.087  7588  7588 D Nappa   : fromActivity = nappatfpr.org.quantumbadger.redreader.activities.MainActivity, 
08-04 02:38:12.087  7588  7588 D Nappa   : predictedNextActivityFromActivity = [], 
08-04 02:38:12.087  7588  7588 D Nappa   : activity.getClass().getCanonicalName() = nappatfpr.org.quantumbadger.redreader.activities.PostListingActivity, 
08-04 02:38:12.087  7588  7588 D Nappa   : setCurrentActivity - MetricStrategyAccuracy - 
08-04 02:38:12.087  7588  7588 D Nappa   : madePredictionFromExtra = false, 
08-04 02:38:12.087  7588  7588 D Nappa   : fromActivity = nappatfpr.org.quantumbadger.redreader.activities.MainActivity, 
08-04 02:38:12.087  7588  7588 D Nappa   : predictedNextActivityFromExtra = [], 
08-04 02:38:12.087  7588  7588 D Nappa   : activity.getClass().getCanonicalName() = nappatfpr.org.quantumbadger.redreader.activities.PostListingActivity, 
08-04 02:38:12.088  7588  7588 D Nappa   : PREFETCH_ON_EXTRA - setCurrentActivity - logs - from activity - made prediction isfalse
08-04 02:38:12.138  7588  7603 D Nappa   : TAG okHttpClient initialized
08-04 02:38:12.188  7588  7588 D Nappa   : registerActivity: (already in) nappatfpr.org.quantumbadger.redreader.activities.PostListingActivity
08-04 02:38:12.188  7588  7588 D Nappa   : SHOULD_PREFETCH true
08-04 02:38:12.288  7588  7588 D Nappa   : registerActivity: (already in) nappatfpr.org.quantumbadger.redreader.activities.PostListingActivity
08-04 02:38:12.289  7588  7588 D Nappa   : SUCCESSORS nappatfpr.org.quantumbadger.redreader.activities.WebViewActivity
08-04 02:38:12.289  7588  7588 D Nappa   : SUCCESSORS nappatfpr.org.quantumbadger.redreader.activities.CommentListingActivity
08-04 02:38:12.289  7588  7588 D Nappa   : SUCCESSORS nappatfpr.org.quantumbadger.redreader.activities.ImageViewActivity
08-04 02:38:12.289  7588  7588 D Nappa   : STATS Number of requests not prefetched: 0
08-04 02:38:12.289  7588  7588 D Nappa   : STATS Number of requests prefetched: 0
08-04 02:38:12.289  7588  7588 D Nappa   : STATS Time saved until now: 0.0
08-04 02:38:12.488  7588  7610 D Nappa   : PREFETCH_ON_EXTRA - setCurrentActivity - logs - from extra - made prediction isfalse
08-04 02:38:12.674  7588  8136 D Nappa   : F1_SCORE add_intercept_url - (new) - https://oauth.reddit.com/r/askscience/about.json
08-04 02:38:12.674  7588  8136 D Nappa   : F1_SCORE add_fn_url - (new) - https://oauth.reddit.com/r/askscience/about.json
08-04 02:38:12.674  7588  8136 D Nappa   : -------------F1_SCORE #0 -----------
08-04 02:38:12.674  7588  8136 D Nappa   : F1_SCORE - Intercept list (1)= [https://oauth.reddit.com/r/askscience/about.json]
08-04 02:38:12.674  7588  8136 D Nappa   : F1_SCORE - Prefetch list (0)= []
08-04 02:38:12.674  7588  8136 D Nappa   : F1_SCORE - TP list (0)= []
08-04 02:38:12.674  7588  8136 D Nappa   : F1_SCORE - FN list (1)= [https://oauth.reddit.com/r/askscience/about.json]
08-04 02:38:12.774  7588  7610 D Nappa   : registerActivity: (already in) nappatfpr.org.quantumbadger.redreader.activities.PostListingActivity
08-04 02:38:12.774  7588  7610 D Nappa   : PARENTS 
08-04 02:38:12.774  7588  7610 D Nappa   : Of: nappatfpr.org.quantumbadger.redreader.activities.PostListingActivity -> 
08-04 02:38:12.774  7588  7610 D Nappa   : PARENTS nappatfpr.org.quantumbadger.redreader.activities.MainActivity
08-04 02:38:12.789  7588  7610 D Nappa   : PREFETCH_ON_EXTRA - setCurrentActivity - starting new prediction
08-04 02:38:12.789  7588  7610 D Nappa   : Current node - currentActivityName - nappatfpr.org.quantumbadger.redreader.activities.PostListingActivity
08-04 02:38:12.789  7588  7610 D Nappa   : Current node - activityGraph.getCurrent() - nappatfpr.org.quantumbadger.redreader.activities.PostListingActivity
08-04 02:38:12.799  7588  7610 D Nappa   : PREFETCH_ON_EXTRA - setCurrentActivity - finished new prediction
08-04 02:38:13.345  7588  8178 D Nappa   : F1_SCORE add_intercept_url - (new) - https://oauth.reddit.com/r/askscience/hot/.json
08-04 02:38:13.345  7588  8178 D Nappa   : F1_SCORE add_fn_url - (new) - https://oauth.reddit.com/r/askscience/hot/.json
08-04 02:38:13.346  7588  8178 D Nappa   : -------------F1_SCORE #1 -----------
08-04 02:38:13.346  7588  8178 D Nappa   : F1_SCORE - Intercept list (2)= [https://oauth.reddit.com/r/askscience/about.json, https://oauth.reddit.com/r/askscience/hot/.json]
08-04 02:38:13.346  7588  8178 D Nappa   : F1_SCORE - Prefetch list (0)= []
08-04 02:38:13.346  7588  8178 D Nappa   : F1_SCORE - TP list (0)= []
08-04 02:38:13.346  7588  8178 D Nappa   : F1_SCORE - FN list (2)= [https://oauth.reddit.com/r/askscience/about.json, https://oauth.reddit.com/r/askscience/hot/.json]
08-04 02:38:13.446  7588  7610 D Nappa   : registerActivity: (already in) nappatfpr.org.quantumbadger.redreader.activities.PostListingActivity
08-04 02:38:13.446  7588  7610 D Nappa   : PARENTS 
08-04 02:38:13.446  7588  7610 D Nappa   : Of: nappatfpr.org.quantumbadger.redreader.activities.PostListingActivity -> 
08-04 02:38:13.446  7588  7610 D Nappa   : PARENTS nappatfpr.org.quantumbadger.redreader.activities.MainActivity
08-04 02:38:17.737  7588  7588 D Nappa   : Stayed on nappatfpr.org.quantumbadger.redreader.activities.PostListingActivity for 5448 ms
08-04 02:38:17.764  7588  7588 D Nappa   : setCurrentActivity - MetricStrategyAccuracy - 
08-04 02:38:17.764  7588  7588 D Nappa   : madePredictionFromActivity = true, 
08-04 02:38:17.764  7588  7588 D Nappa   : fromActivity = nappatfpr.org.quantumbadger.redreader.activities.PostListingActivity, 
08-04 02:38:17.764  7588  7588 D Nappa   : predictedNextActivityFromActivity = [nappatfpr.org.quantumbadger.redreader.activities.CommentListingActivity], 
08-04 02:38:17.764  7588  7588 D Nappa   : activity.getClass().getCanonicalName() = nappatfpr.org.quantumbadger.redreader.activities.CommentListingActivity, 
08-04 02:38:17.765  7588  7588 D Nappa   : setCurrentActivity - MetricStrategyAccuracy - 
08-04 02:38:17.765  7588  7588 D Nappa   : madePredictionFromExtra = false, 
08-04 02:38:17.765  7588  7588 D Nappa   : fromActivity = nappatfpr.org.quantumbadger.redreader.activities.PostListingActivity, 
08-04 02:38:17.765  7588  7588 D Nappa   : predictedNextActivityFromExtra = [], 
08-04 02:38:17.765  7588  7588 D Nappa   : activity.getClass().getCanonicalName() = nappatfpr.org.quantumbadger.redreader.activities.CommentListingActivity, 
08-04 02:38:17.765  7588  7588 D Nappa   : PREFETCH_ON_EXTRA - setCurrentActivity - logs - from activity - made prediction istrue
08-04 02:38:17.765  7588  7588 D Nappa   : PREFETCH_ON_EXTRA - setCurrentActivity - logs - from activity - start
08-04 02:38:17.765  7588  7588 D Nappa   : setCurrentActivity - MetricStrategyAccuracy - checking prediction VS current activity for activities
08-04 02:38:17.765  7588  7588 D Nappa   : PREFETCH_ON_EXTRA - setCurrentActivity - logs - from activity- finished
08-04 02:38:17.767  7588  8280 D Nappa   : F1_SCORE add_intercept_url - (new) - https://oauth.reddit.com/comments/gvc7k9/.json?sort=confidence
08-04 02:38:17.767  7588  8280 D Nappa   : F1_SCORE add_fn_url - (new) - https://oauth.reddit.com/comments/gvc7k9/.json?sort=confidence
08-04 02:38:17.767  7588  8280 D Nappa   : -------------F1_SCORE #2 -----------
08-04 02:38:17.767  7588  8280 D Nappa   : F1_SCORE - Intercept list (3)= [https://oauth.reddit.com/r/askscience/about.json, https://oauth.reddit.com/r/askscience/hot/.json, https://oauth.reddit.com/comments/gvc7k9/.json?sort=confidence]
08-04 02:38:17.767  7588  8280 D Nappa   : F1_SCORE - Prefetch list (0)= []
08-04 02:38:17.767  7588  8280 D Nappa   : F1_SCORE - TP list (0)= []
08-04 02:38:17.767  7588  8280 D Nappa   : F1_SCORE - FN list (3)= [https://oauth.reddit.com/r/askscience/about.json, https://oauth.reddit.com/r/askscience/hot/.json, https://oauth.reddit.com/comments/gvc7k9/.json?sort=confidence]
08-04 02:38:17.865  7588  7588 D Nappa   : registerActivity: (already in) nappatfpr.org.quantumbadger.redreader.activities.CommentListingActivity
08-04 02:38:17.866  7588  7588 D Nappa   : SHOULD_PREFETCH true
08-04 02:38:17.867  7588  7610 D Nappa   : registerActivity: (already in) nappatfpr.org.quantumbadger.redreader.activities.CommentListingActivity
08-04 02:38:17.867  7588  7610 D Nappa   : PARENTS 
08-04 02:38:17.867  7588  7610 D Nappa   : Of: nappatfpr.org.quantumbadger.redreader.activities.CommentListingActivity -> 
08-04 02:38:17.867  7588  7610 D Nappa   : PARENTS nappatfpr.org.quantumbadger.redreader.activities.PostListingActivity
08-04 02:38:17.867  7588  7610 D Nappa   : PARENTS nappatfpr.org.quantumbadger.redreader.activities.MainActivity
08-04 02:38:17.966  7588  7588 D Nappa   : registerActivity: (already in) nappatfpr.org.quantumbadger.redreader.activities.CommentListingActivity
08-04 02:38:17.966  7588  7588 D Nappa   : STATS Number of requests not prefetched: 4
08-04 02:38:17.966  7588  7588 D Nappa   : STATS Number of requests prefetched: 0
08-04 02:38:17.966  7588  7588 D Nappa   : STATS Time saved until now: 0.0
08-04 02:38:18.165  7588  7610 D Nappa   : PREFETCH_ON_EXTRA - setCurrentActivity - logs - from extra - made prediction isfalse
08-04 02:38:18.466  7588  7610 D Nappa   : PREFETCH_ON_EXTRA - setCurrentActivity - starting new prediction
08-04 02:38:18.467  7588  7610 D Nappa   : Current node - currentActivityName - nappatfpr.org.quantumbadger.redreader.activities.CommentListingActivity
08-04 02:38:18.467  7588  7610 D Nappa   : Current node - activityGraph.getCurrent() - nappatfpr.org.quantumbadger.redreader.activities.CommentListingActivity
08-04 02:38:18.467  7588  7610 D Nappa   : PREFETCH_ON_EXTRA - setCurrentActivity - finished new prediction
08-04 02:38:22.434  7588  7588 D Nappa   : Stayed on nappatfpr.org.quantumbadger.redreader.activities.CommentListingActivity for 4468 ms
08-04 02:38:22.438  7588  7588 D Nappa   : setCurrentActivity - MetricStrategyAccuracy - 
08-04 02:38:22.438  7588  7588 D Nappa   : madePredictionFromActivity = true, 
08-04 02:38:22.438  7588  7588 D Nappa   : fromActivity = nappatfpr.org.quantumbadger.redreader.activities.CommentListingActivity, 
08-04 02:38:22.438  7588  7588 D Nappa   : predictedNextActivityFromActivity = [], 
08-04 02:38:22.438  7588  7588 D Nappa   : activity.getClass().getCanonicalName() = nappatfpr.org.quantumbadger.redreader.activities.PostListingActivity, 
08-04 02:38:22.438  7588  7588 D Nappa   : setCurrentActivity - MetricStrategyAccuracy - 
08-04 02:38:22.438  7588  7588 D Nappa   : madePredictionFromExtra = false, 
08-04 02:38:22.438  7588  7588 D Nappa   : fromActivity = nappatfpr.org.quantumbadger.redreader.activities.CommentListingActivity, 
08-04 02:38:22.438  7588  7588 D Nappa   : predictedNextActivityFromExtra = [], 
08-04 02:38:22.438  7588  7588 D Nappa   : activity.getClass().getCanonicalName() = nappatfpr.org.quantumbadger.redreader.activities.PostListingActivity, 
08-04 02:38:22.438  7588  7588 D Nappa   : PREFETCH_ON_EXTRA - setCurrentActivity - logs - from activity - made prediction istrue
08-04 02:38:22.438  7588  7588 D Nappa   : PREFETCH_ON_EXTRA - setCurrentActivity - logs - from activity - start
08-04 02:38:22.438  7588  7588 D Nappa   : PREFETCH_ON_EXTRA - setCurrentActivity - logs - from activity- finished
08-04 02:38:22.539  7588  7588 D Nappa   : registerActivity: (already in) nappatfpr.org.quantumbadger.redreader.activities.PostListingActivity
08-04 02:38:22.539  7588  7588 D Nappa   : SHOULD_PREFETCH false
08-04 02:38:22.539  7588  7588 D Nappa   : STATS Number of requests not prefetched: 4
08-04 02:38:22.539  7588  7588 D Nappa   : STATS Number of requests prefetched: 0
08-04 02:38:22.539  7588  7588 D Nappa   : STATS Time saved until now: 0.0
08-04 02:38:22.839  7588  7610 D Nappa   : PREFETCH_ON_EXTRA - setCurrentActivity - logs - from extra - made prediction isfalse
08-04 02:38:24.127  7588  7588 D Nappa   : Stayed on nappatfpr.org.quantumbadger.redreader.activities.PostListingActivity for 1588 ms
08-04 02:38:24.153  7588  7588 D Nappa   : setCurrentActivity - MetricStrategyAccuracy - 
08-04 02:38:24.153  7588  7588 D Nappa   : madePredictionFromActivity = false, 
08-04 02:38:24.153  7588  7588 D Nappa   : fromActivity = nappatfpr.org.quantumbadger.redreader.activities.PostListingActivity, 
08-04 02:38:24.153  7588  7588 D Nappa   : predictedNextActivityFromActivity = [], 
08-04 02:38:24.153  7588  7588 D Nappa   : activity.getClass().getCanonicalName() = nappatfpr.org.quantumbadger.redreader.activities.CommentListingActivity, 
08-04 02:38:24.154  7588  7588 D Nappa   : setCurrentActivity - MetricStrategyAccuracy - 
08-04 02:38:24.154  7588  7588 D Nappa   : madePredictionFromExtra = false, 
08-04 02:38:24.154  7588  7588 D Nappa   : fromActivity = nappatfpr.org.quantumbadger.redreader.activities.PostListingActivity, 
08-04 02:38:24.154  7588  7588 D Nappa   : predictedNextActivityFromExtra = [], 
08-04 02:38:24.154  7588  7588 D Nappa   : activity.getClass().getCanonicalName() = nappatfpr.org.quantumbadger.redreader.activities.CommentListingActivity, 
08-04 02:38:24.154  7588  7588 D Nappa   : PREFETCH_ON_EXTRA - setCurrentActivity - logs - from activity - made prediction isfalse
08-04 02:38:24.155  7588  8427 D Nappa   : F1_SCORE add_intercept_url - (new) - https://oauth.reddit.com/comments/hwnhe2/.json?sort=confidence
08-04 02:38:24.155  7588  8427 D Nappa   : F1_SCORE add_fn_url - (new) - https://oauth.reddit.com/comments/hwnhe2/.json?sort=confidence
08-04 02:38:24.155  7588  8427 D Nappa   : -------------F1_SCORE #4 -----------
08-04 02:38:24.155  7588  8427 D Nappa   : F1_SCORE - Intercept list (4)= [https://oauth.reddit.com/r/askscience/about.json, https://oauth.reddit.com/r/askscience/hot/.json, https://oauth.reddit.com/comments/gvc7k9/.json?sort=confidence, https://oauth.reddit.com/comments/hwnhe2/.json?sort=confidence]
08-04 02:38:24.155  7588  8427 D Nappa   : F1_SCORE - Prefetch list (0)= []
08-04 02:38:24.155  7588  8427 D Nappa   : F1_SCORE - TP list (0)= []
08-04 02:38:24.155  7588  8427 D Nappa   : F1_SCORE - FN list (4)= [https://oauth.reddit.com/r/askscience/about.json, https://oauth.reddit.com/r/askscience/hot/.json, https://oauth.reddit.com/comments/gvc7k9/.json?sort=confidence, https://oauth.reddit.com/comments/hwnhe2/.json?sort=confidence]
08-04 02:38:24.254  7588  7588 D Nappa   : registerActivity: (already in) nappatfpr.org.quantumbadger.redreader.activities.CommentListingActivity
08-04 02:38:24.254  7588  7588 D Nappa   : SHOULD_PREFETCH true
08-04 02:38:24.255  7588  7610 D Nappa   : registerActivity: (already in) nappatfpr.org.quantumbadger.redreader.activities.CommentListingActivity
08-04 02:38:24.255  7588  7610 D Nappa   : PARENTS 
08-04 02:38:24.255  7588  7610 D Nappa   : Of: nappatfpr.org.quantumbadger.redreader.activities.CommentListingActivity -> 
08-04 02:38:24.255  7588  7610 D Nappa   : PARENTS nappatfpr.org.quantumbadger.redreader.activities.PostListingActivity
08-04 02:38:24.255  7588  7610 D Nappa   : PARENTS nappatfpr.org.quantumbadger.redreader.activities.MainActivity
08-04 02:38:24.354  7588  7588 D Nappa   : registerActivity: (already in) nappatfpr.org.quantumbadger.redreader.activities.CommentListingActivity
08-04 02:38:24.355  7588  7588 D Nappa   : STATS Number of requests not prefetched: 4
08-04 02:38:24.355  7588  7588 D Nappa   : STATS Number of requests prefetched: 0
08-04 02:38:24.355  7588  7588 D Nappa   : STATS Time saved until now: 0.0
08-04 02:38:24.554  7588  7610 D Nappa   : PREFETCH_ON_EXTRA - setCurrentActivity - logs - from extra - made prediction isfalse
08-04 02:38:24.855  7588  7610 D Nappa   : PREFETCH_ON_EXTRA - setCurrentActivity - starting new prediction
08-04 02:38:24.855  7588  7610 D Nappa   : Current node - currentActivityName - nappatfpr.org.quantumbadger.redreader.activities.CommentListingActivity
08-04 02:38:24.855  7588  7610 D Nappa   : Current node - activityGraph.getCurrent() - nappatfpr.org.quantumbadger.redreader.activities.CommentListingActivity
08-04 02:38:24.855  7588  7610 D Nappa   : PREFETCH_ON_EXTRA - setCurrentActivity - finished new prediction
08-04 02:38:28.770  7588  7588 D Nappa   : Stayed on nappatfpr.org.quantumbadger.redreader.activities.CommentListingActivity for 4415 ms
08-04 02:38:28.775  7588  7588 D Nappa   : setCurrentActivity - MetricStrategyAccuracy - 
08-04 02:38:28.775  7588  7588 D Nappa   : madePredictionFromActivity = true, 
08-04 02:38:28.775  7588  7588 D Nappa   : fromActivity = nappatfpr.org.quantumbadger.redreader.activities.CommentListingActivity, 
08-04 02:38:28.775  7588  7588 D Nappa   : predictedNextActivityFromActivity = [], 
08-04 02:38:28.775  7588  7588 D Nappa   : activity.getClass().getCanonicalName() = nappatfpr.org.quantumbadger.redreader.activities.PostListingActivity, 
08-04 02:38:28.775  7588  7588 D Nappa   : setCurrentActivity - MetricStrategyAccuracy - 
08-04 02:38:28.775  7588  7588 D Nappa   : madePredictionFromExtra = false, 
08-04 02:38:28.775  7588  7588 D Nappa   : fromActivity = nappatfpr.org.quantumbadger.redreader.activities.CommentListingActivity, 
08-04 02:38:28.775  7588  7588 D Nappa   : predictedNextActivityFromExtra = [], 
08-04 02:38:28.775  7588  7588 D Nappa   : activity.getClass().getCanonicalName() = nappatfpr.org.quantumbadger.redreader.activities.PostListingActivity, 
08-04 02:38:28.775  7588  7588 D Nappa   : PREFETCH_ON_EXTRA - setCurrentActivity - logs - from activity - made prediction istrue
08-04 02:38:28.775  7588  7588 D Nappa   : PREFETCH_ON_EXTRA - setCurrentActivity - logs - from activity - start
08-04 02:38:28.775  7588  7588 D Nappa   : PREFETCH_ON_EXTRA - setCurrentActivity - logs - from activity- finished
08-04 02:38:28.875  7588  7588 D Nappa   : registerActivity: (already in) nappatfpr.org.quantumbadger.redreader.activities.PostListingActivity
08-04 02:38:28.876  7588  7588 D Nappa   : SHOULD_PREFETCH false
08-04 02:38:28.876  7588  7588 D Nappa   : STATS Number of requests not prefetched: 5
08-04 02:38:28.876  7588  7588 D Nappa   : STATS Number of requests prefetched: 0
08-04 02:38:28.876  7588  7588 D Nappa   : STATS Time saved until now: 0.0
08-04 02:38:29.175  7588  7610 D Nappa   : PREFETCH_ON_EXTRA - setCurrentActivity - logs - from extra - made prediction isfalse
08-04 02:38:30.450  7588  7588 D Nappa   : Stayed on nappatfpr.org.quantumbadger.redreader.activities.PostListingActivity for 1574 ms
08-04 02:38:30.474  7588  7588 D Nappa   : setCurrentActivity - MetricStrategyAccuracy - 
08-04 02:38:30.474  7588  7588 D Nappa   : madePredictionFromActivity = false, 
08-04 02:38:30.474  7588  7588 D Nappa   : fromActivity = nappatfpr.org.quantumbadger.redreader.activities.PostListingActivity, 
08-04 02:38:30.474  7588  7588 D Nappa   : predictedNextActivityFromActivity = [], 
08-04 02:38:30.474  7588  7588 D Nappa   : activity.getClass().getCanonicalName() = nappatfpr.org.quantumbadger.redreader.activities.CommentListingActivity, 
08-04 02:38:30.474  7588  7588 D Nappa   : setCurrentActivity - MetricStrategyAccuracy - 
08-04 02:38:30.474  7588  7588 D Nappa   : madePredictionFromExtra = false, 
08-04 02:38:30.474  7588  7588 D Nappa   : fromActivity = nappatfpr.org.quantumbadger.redreader.activities.PostListingActivity, 
08-04 02:38:30.474  7588  7588 D Nappa   : predictedNextActivityFromExtra = [], 
08-04 02:38:30.474  7588  7588 D Nappa   : activity.getClass().getCanonicalName() = nappatfpr.org.quantumbadger.redreader.activities.CommentListingActivity, 
08-04 02:38:30.474  7588  7588 D Nappa   : PREFETCH_ON_EXTRA - setCurrentActivity - logs - from activity - made prediction isfalse
08-04 02:38:30.475  7588  8596 D Nappa   : F1_SCORE add_intercept_url - (new) - https://oauth.reddit.com/comments/hza888/.json?sort=confidence
08-04 02:38:30.475  7588  8596 D Nappa   : F1_SCORE add_fn_url - (new) - https://oauth.reddit.com/comments/hza888/.json?sort=confidence
08-04 02:38:30.475  7588  8596 D Nappa   : -------------F1_SCORE #6 -----------
08-04 02:38:30.475  7588  8596 D Nappa   : F1_SCORE - Intercept list (5)= [https://oauth.reddit.com/r/askscience/about.json, https://oauth.reddit.com/r/askscience/hot/.json, https://oauth.reddit.com/comments/gvc7k9/.json?sort=confidence, https://oauth.reddit.com/comments/hwnhe2/.json?sort=confidence, https://oauth.reddit.com/comments/hza888/.json?sort=confidence]
08-04 02:38:30.475  7588  8596 D Nappa   : F1_SCORE - Prefetch list (0)= []
08-04 02:38:30.475  7588  8596 D Nappa   : F1_SCORE - TP list (0)= []
08-04 02:38:30.475  7588  8596 D Nappa   : F1_SCORE - FN list (5)= [https://oauth.reddit.com/r/askscience/about.json, https://oauth.reddit.com/r/askscience/hot/.json, https://oauth.reddit.com/comments/gvc7k9/.json?sort=confidence, https://oauth.reddit.com/comments/hwnhe2/.json?sort=confidence, https://oauth.reddit.com/comments/hza888/.json?sort=confidence]
08-04 02:38:30.574  7588  7588 D Nappa   : registerActivity: (already in) nappatfpr.org.quantumbadger.redreader.activities.CommentListingActivity
08-04 02:38:30.574  7588  7588 D Nappa   : SHOULD_PREFETCH true
08-04 02:38:30.575  7588  7610 D Nappa   : registerActivity: (already in) nappatfpr.org.quantumbadger.redreader.activities.CommentListingActivity
08-04 02:38:30.575  7588  7610 D Nappa   : PARENTS 
08-04 02:38:30.575  7588  7610 D Nappa   : Of: nappatfpr.org.quantumbadger.redreader.activities.CommentListingActivity -> 
08-04 02:38:30.575  7588  7610 D Nappa   : PARENTS nappatfpr.org.quantumbadger.redreader.activities.PostListingActivity
08-04 02:38:30.576  7588  7610 D Nappa   : PARENTS nappatfpr.org.quantumbadger.redreader.activities.MainActivity
08-04 02:38:30.675  7588  7588 D Nappa   : registerActivity: (already in) nappatfpr.org.quantumbadger.redreader.activities.CommentListingActivity
08-04 02:38:30.675  7588  7588 D Nappa   : STATS Number of requests not prefetched: 5
08-04 02:38:30.675  7588  7588 D Nappa   : STATS Number of requests prefetched: 0
08-04 02:38:30.675  7588  7588 D Nappa   : STATS Time saved until now: 0.0
08-04 02:38:30.874  7588  7610 D Nappa   : PREFETCH_ON_EXTRA - setCurrentActivity - logs - from extra - made prediction isfalse
08-04 02:38:31.175  7588  7610 D Nappa   : PREFETCH_ON_EXTRA - setCurrentActivity - starting new prediction
08-04 02:38:31.175  7588  7610 D Nappa   : Current node - currentActivityName - nappatfpr.org.quantumbadger.redreader.activities.CommentListingActivity
08-04 02:38:31.175  7588  7610 D Nappa   : Current node - activityGraph.getCurrent() - nappatfpr.org.quantumbadger.redreader.activities.CommentListingActivity
08-04 02:38:31.176  7588  7610 D Nappa   : PREFETCH_ON_EXTRA - setCurrentActivity - finished new prediction
08-04 02:38:33.177  7588  7588 D Nappa   : Stayed on nappatfpr.org.quantumbadger.redreader.activities.CommentListingActivity for 2502 ms
08-04 02:38:33.183  7588  7588 D Nappa   : setCurrentActivity - MetricStrategyAccuracy - 
08-04 02:38:33.183  7588  7588 D Nappa   : madePredictionFromActivity = true, 
08-04 02:38:33.183  7588  7588 D Nappa   : fromActivity = nappatfpr.org.quantumbadger.redreader.activities.CommentListingActivity, 
08-04 02:38:33.183  7588  7588 D Nappa   : predictedNextActivityFromActivity = [], 
08-04 02:38:33.183  7588  7588 D Nappa   : activity.getClass().getCanonicalName() = nappatfpr.org.quantumbadger.redreader.activities.PostListingActivity, 
08-04 02:38:33.183  7588  7588 D Nappa   : setCurrentActivity - MetricStrategyAccuracy - 
08-04 02:38:33.183  7588  7588 D Nappa   : madePredictionFromExtra = false, 
08-04 02:38:33.183  7588  7588 D Nappa   : fromActivity = nappatfpr.org.quantumbadger.redreader.activities.CommentListingActivity, 
08-04 02:38:33.183  7588  7588 D Nappa   : predictedNextActivityFromExtra = [], 
08-04 02:38:33.183  7588  7588 D Nappa   : activity.getClass().getCanonicalName() = nappatfpr.org.quantumbadger.redreader.activities.PostListingActivity, 
08-04 02:38:33.183  7588  7588 D Nappa   : PREFETCH_ON_EXTRA - setCurrentActivity - logs - from activity - made prediction istrue
08-04 02:38:33.184  7588  7588 D Nappa   : PREFETCH_ON_EXTRA - setCurrentActivity - logs - from activity - start
08-04 02:38:33.184  7588  7588 D Nappa   : PREFETCH_ON_EXTRA - setCurrentActivity - logs - from activity- finished
08-04 02:38:33.284  7588  7588 D Nappa   : registerActivity: (already in) nappatfpr.org.quantumbadger.redreader.activities.PostListingActivity
08-04 02:38:33.284  7588  7588 D Nappa   : SHOULD_PREFETCH false
08-04 02:38:33.284  7588  7588 D Nappa   : STATS Number of requests not prefetched: 6
08-04 02:38:33.284  7588  7588 D Nappa   : STATS Number of requests prefetched: 0
08-04 02:38:33.285  7588  7588 D Nappa   : STATS Time saved until now: 0.0
08-04 02:38:33.584  7588  7610 D Nappa   : PREFETCH_ON_EXTRA - setCurrentActivity - logs - from extra - made prediction isfalse
08-04 02:38:34.957  7588  7588 D Nappa   : Stayed on nappatfpr.org.quantumbadger.redreader.activities.PostListingActivity for 1672 ms
08-04 02:38:34.985  7588  7588 D Nappa   : setCurrentActivity - MetricStrategyAccuracy - 
08-04 02:38:34.985  7588  7588 D Nappa   : madePredictionFromActivity = false, 
08-04 02:38:34.985  7588  7588 D Nappa   : fromActivity = nappatfpr.org.quantumbadger.redreader.activities.PostListingActivity, 
08-04 02:38:34.985  7588  7588 D Nappa   : predictedNextActivityFromActivity = [], 
08-04 02:38:34.985  7588  7588 D Nappa   : activity.getClass().getCanonicalName() = nappatfpr.org.quantumbadger.redreader.activities.CommentListingActivity, 
08-04 02:38:34.986  7588  7588 D Nappa   : setCurrentActivity - MetricStrategyAccuracy - 
08-04 02:38:34.986  7588  7588 D Nappa   : madePredictionFromExtra = false, 
08-04 02:38:34.986  7588  7588 D Nappa   : fromActivity = nappatfpr.org.quantumbadger.redreader.activities.PostListingActivity, 
08-04 02:38:34.986  7588  7588 D Nappa   : predictedNextActivityFromExtra = [], 
08-04 02:38:34.986  7588  7588 D Nappa   : activity.getClass().getCanonicalName() = nappatfpr.org.quantumbadger.redreader.activities.CommentListingActivity, 
08-04 02:38:34.986  7588  7588 D Nappa   : PREFETCH_ON_EXTRA - setCurrentActivity - logs - from activity - made prediction isfalse
08-04 02:38:35.086  7588  7588 D Nappa   : registerActivity: (already in) nappatfpr.org.quantumbadger.redreader.activities.CommentListingActivity
08-04 02:38:35.087  7588  7588 D Nappa   : SHOULD_PREFETCH true
08-04 02:38:35.187  7588  7588 D Nappa   : registerActivity: (already in) nappatfpr.org.quantumbadger.redreader.activities.CommentListingActivity
08-04 02:38:35.187  7588  7588 D Nappa   : STATS Number of requests not prefetched: 6
08-04 02:38:35.187  7588  7588 D Nappa   : STATS Number of requests prefetched: 0
08-04 02:38:35.187  7588  7588 D Nappa   : STATS Time saved until now: 0.0
08-04 02:38:35.386  7588  7610 D Nappa   : PREFETCH_ON_EXTRA - setCurrentActivity - logs - from extra - made prediction isfalse
08-04 02:38:35.687  7588  7610 D Nappa   : PREFETCH_ON_EXTRA - setCurrentActivity - starting new prediction
08-04 02:38:35.687  7588  7610 D Nappa   : Current node - currentActivityName - nappatfpr.org.quantumbadger.redreader.activities.CommentListingActivity
08-04 02:38:35.687  7588  7610 D Nappa   : Current node - activityGraph.getCurrent() - nappatfpr.org.quantumbadger.redreader.activities.CommentListingActivity
08-04 02:38:35.688  7588  7610 D Nappa   : PREFETCH_ON_EXTRA - setCurrentActivity - finished new prediction
08-04 02:38:39.746  7588  7588 D Nappa   : Stayed on nappatfpr.org.quantumbadger.redreader.activities.CommentListingActivity for 4559 ms
08-04 02:38:39.754  7588  7588 D Nappa   : setCurrentActivity - MetricStrategyAccuracy - 
08-04 02:38:39.754  7588  7588 D Nappa   : madePredictionFromActivity = true, 
08-04 02:38:39.754  7588  7588 D Nappa   : fromActivity = nappatfpr.org.quantumbadger.redreader.activities.CommentListingActivity, 
08-04 02:38:39.754  7588  7588 D Nappa   : predictedNextActivityFromActivity = [], 
08-04 02:38:39.754  7588  7588 D Nappa   : activity.getClass().getCanonicalName() = nappatfpr.org.quantumbadger.redreader.activities.PostListingActivity, 
08-04 02:38:39.754  7588  7588 D Nappa   : setCurrentActivity - MetricStrategyAccuracy - 
08-04 02:38:39.754  7588  7588 D Nappa   : madePredictionFromExtra = false, 
08-04 02:38:39.754  7588  7588 D Nappa   : fromActivity = nappatfpr.org.quantumbadger.redreader.activities.CommentListingActivity, 
08-04 02:38:39.754  7588  7588 D Nappa   : predictedNextActivityFromExtra = [], 
08-04 02:38:39.754  7588  7588 D Nappa   : activity.getClass().getCanonicalName() = nappatfpr.org.quantumbadger.redreader.activities.PostListingActivity, 
08-04 02:38:39.754  7588  7588 D Nappa   : PREFETCH_ON_EXTRA - setCurrentActivity - logs - from activity - made prediction istrue
08-04 02:38:39.754  7588  7588 D Nappa   : PREFETCH_ON_EXTRA - setCurrentActivity - logs - from activity - start
08-04 02:38:39.755  7588  7588 D Nappa   : PREFETCH_ON_EXTRA - setCurrentActivity - logs - from activity- finished
08-04 02:38:39.855  7588  7588 D Nappa   : registerActivity: (already in) nappatfpr.org.quantumbadger.redreader.activities.PostListingActivity
08-04 02:38:39.855  7588  7588 D Nappa   : SHOULD_PREFETCH false
08-04 02:38:39.855  7588  7588 D Nappa   : STATS Number of requests not prefetched: 6
08-04 02:38:39.855  7588  7588 D Nappa   : STATS Number of requests prefetched: 0
08-04 02:38:39.855  7588  7588 D Nappa   : STATS Time saved until now: 0.0
08-04 02:38:40.155  7588  7610 D Nappa   : PREFETCH_ON_EXTRA - setCurrentActivity - logs - from extra - made prediction isfalse
08-04 02:38:41.405  7588  7588 D Nappa   : Stayed on nappatfpr.org.quantumbadger.redreader.activities.PostListingActivity for 1550 ms
08-04 02:38:41.431  7588  7588 D Nappa   : setCurrentActivity - MetricStrategyAccuracy - 
08-04 02:38:41.431  7588  7588 D Nappa   : madePredictionFromActivity = false, 
08-04 02:38:41.431  7588  7588 D Nappa   : fromActivity = nappatfpr.org.quantumbadger.redreader.activities.PostListingActivity, 
08-04 02:38:41.431  7588  7588 D Nappa   : predictedNextActivityFromActivity = [], 
08-04 02:38:41.431  7588  7588 D Nappa   : activity.getClass().getCanonicalName() = nappatfpr.org.quantumbadger.redreader.activities.CommentListingActivity, 
08-04 02:38:41.431  7588  7588 D Nappa   : setCurrentActivity - MetricStrategyAccuracy - 
08-04 02:38:41.431  7588  7588 D Nappa   : madePredictionFromExtra = false, 
08-04 02:38:41.431  7588  7588 D Nappa   : fromActivity = nappatfpr.org.quantumbadger.redreader.activities.PostListingActivity, 
08-04 02:38:41.431  7588  7588 D Nappa   : predictedNextActivityFromExtra = [], 
08-04 02:38:41.431  7588  7588 D Nappa   : activity.getClass().getCanonicalName() = nappatfpr.org.quantumbadger.redreader.activities.CommentListingActivity, 
08-04 02:38:41.431  7588  7588 D Nappa   : PREFETCH_ON_EXTRA - setCurrentActivity - logs - from activity - made prediction isfalse
08-04 02:38:41.531  7588  7588 D Nappa   : registerActivity: (already in) nappatfpr.org.quantumbadger.redreader.activities.CommentListingActivity
08-04 02:38:41.532  7588  7588 D Nappa   : SHOULD_PREFETCH true
08-04 02:38:41.632  7588  7588 D Nappa   : registerActivity: (already in) nappatfpr.org.quantumbadger.redreader.activities.CommentListingActivity
08-04 02:38:41.632  7588  7588 D Nappa   : STATS Number of requests not prefetched: 6
08-04 02:38:41.632  7588  7588 D Nappa   : STATS Number of requests prefetched: 0
08-04 02:38:41.632  7588  7588 D Nappa   : STATS Time saved until now: 0.0
08-04 02:38:41.831  7588  7610 D Nappa   : PREFETCH_ON_EXTRA - setCurrentActivity - logs - from extra - made prediction isfalse
08-04 02:38:42.132  7588  7610 D Nappa   : PREFETCH_ON_EXTRA - setCurrentActivity - starting new prediction
08-04 02:38:42.132  7588  7610 D Nappa   : Current node - currentActivityName - nappatfpr.org.quantumbadger.redreader.activities.CommentListingActivity
08-04 02:38:42.132  7588  7610 D Nappa   : Current node - activityGraph.getCurrent() - nappatfpr.org.quantumbadger.redreader.activities.CommentListingActivity
08-04 02:38:42.133  7588  7610 D Nappa   : PREFETCH_ON_EXTRA - setCurrentActivity - finished new prediction
08-04 02:38:46.117  7588  7588 D Nappa   : Stayed on nappatfpr.org.quantumbadger.redreader.activities.CommentListingActivity for 4485 ms
08-04 02:38:46.122  7588  7588 D Nappa   : setCurrentActivity - MetricStrategyAccuracy - 
08-04 02:38:46.122  7588  7588 D Nappa   : madePredictionFromActivity = true, 
08-04 02:38:46.122  7588  7588 D Nappa   : fromActivity = nappatfpr.org.quantumbadger.redreader.activities.CommentListingActivity, 
08-04 02:38:46.122  7588  7588 D Nappa   : predictedNextActivityFromActivity = [], 
08-04 02:38:46.122  7588  7588 D Nappa   : activity.getClass().getCanonicalName() = nappatfpr.org.quantumbadger.redreader.activities.PostListingActivity, 
08-04 02:38:46.122  7588  7588 D Nappa   : setCurrentActivity - MetricStrategyAccuracy - 
08-04 02:38:46.122  7588  7588 D Nappa   : madePredictionFromExtra = false, 
08-04 02:38:46.122  7588  7588 D Nappa   : fromActivity = nappatfpr.org.quantumbadger.redreader.activities.CommentListingActivity, 
08-04 02:38:46.122  7588  7588 D Nappa   : predictedNextActivityFromExtra = [], 
08-04 02:38:46.122  7588  7588 D Nappa   : activity.getClass().getCanonicalName() = nappatfpr.org.quantumbadger.redreader.activities.PostListingActivity, 
08-04 02:38:46.122  7588  7588 D Nappa   : PREFETCH_ON_EXTRA - setCurrentActivity - logs - from activity - made prediction istrue
08-04 02:38:46.122  7588  7588 D Nappa   : PREFETCH_ON_EXTRA - setCurrentActivity - logs - from activity - start
08-04 02:38:46.122  7588  7588 D Nappa   : PREFETCH_ON_EXTRA - setCurrentActivity - logs - from activity- finished
08-04 02:38:46.223  7588  7588 D Nappa   : registerActivity: (already in) nappatfpr.org.quantumbadger.redreader.activities.PostListingActivity
08-04 02:38:46.223  7588  7588 D Nappa   : SHOULD_PREFETCH false
08-04 02:38:46.223  7588  7588 D Nappa   : STATS Number of requests not prefetched: 6
08-04 02:38:46.223  7588  7588 D Nappa   : STATS Number of requests prefetched: 0
08-04 02:38:46.223  7588  7588 D Nappa   : STATS Time saved until now: 0.0
08-04 02:38:46.522  7588  7610 D Nappa   : PREFETCH_ON_EXTRA - setCurrentActivity - logs - from extra - made prediction isfalse
08-04 02:38:47.835  7588  7588 D Nappa   : Stayed on nappatfpr.org.quantumbadger.redreader.activities.PostListingActivity for 1612 ms
08-04 02:38:47.842  7588  7588 D Nappa   : setCurrentActivity - MetricStrategyAccuracy - 
08-04 02:38:47.842  7588  7588 D Nappa   : madePredictionFromActivity = false, 
08-04 02:38:47.842  7588  7588 D Nappa   : fromActivity = nappatfpr.org.quantumbadger.redreader.activities.PostListingActivity, 
08-04 02:38:47.842  7588  7588 D Nappa   : predictedNextActivityFromActivity = [], 
08-04 02:38:47.842  7588  7588 D Nappa   : activity.getClass().getCanonicalName() = nappatfpr.org.quantumbadger.redreader.activities.MainActivity, 
08-04 02:38:47.842  7588  7588 D Nappa   : setCurrentActivity - MetricStrategyAccuracy - 
08-04 02:38:47.842  7588  7588 D Nappa   : madePredictionFromExtra = false, 
08-04 02:38:47.842  7588  7588 D Nappa   : fromActivity = nappatfpr.org.quantumbadger.redreader.activities.PostListingActivity, 
08-04 02:38:47.842  7588  7588 D Nappa   : predictedNextActivityFromExtra = [], 
08-04 02:38:47.842  7588  7588 D Nappa   : activity.getClass().getCanonicalName() = nappatfpr.org.quantumbadger.redreader.activities.MainActivity, 
08-04 02:38:47.842  7588  7588 D Nappa   : PREFETCH_ON_EXTRA - setCurrentActivity - logs - from activity - made prediction isfalse
08-04 02:38:47.943  7588  7588 D Nappa   : registerActivity: (already in) nappatfpr.org.quantumbadger.redreader.activities.MainActivity
08-04 02:38:47.943  7588  7588 D Nappa   : SHOULD_PREFETCH false
08-04 02:38:47.943  7588  7588 D Nappa   : STATS Number of requests not prefetched: 6
08-04 02:38:47.944  7588  7588 D Nappa   : STATS Number of requests prefetched: 0
08-04 02:38:47.944  7588  7588 D Nappa   : STATS Time saved until now: 0.0
08-04 02:38:48.243  7588  7610 D Nappa   : PREFETCH_ON_EXTRA - setCurrentActivity - logs - from extra - made prediction isfalse
08-04 02:38:49.916  7588  7588 D Nappa   : Stayed on nappatfpr.org.quantumbadger.redreader.activities.MainActivity for 1972 ms
08-04 02:38:49.950  7588  7588 D Nappa   : setCurrentActivity - MetricStrategyAccuracy - 
08-04 02:38:49.950  7588  7588 D Nappa   : madePredictionFromActivity = false, 
08-04 02:38:49.950  7588  7588 D Nappa   : fromActivity = nappatfpr.org.quantumbadger.redreader.activities.MainActivity, 
08-04 02:38:49.950  7588  7588 D Nappa   : predictedNextActivityFromActivity = [], 
08-04 02:38:49.950  7588  7588 D Nappa   : activity.getClass().getCanonicalName() = nappatfpr.org.quantumbadger.redreader.activities.PostListingActivity, 
08-04 02:38:49.950  7588  7588 D Nappa   : setCurrentActivity - MetricStrategyAccuracy - 
08-04 02:38:49.950  7588  7588 D Nappa   : madePredictionFromExtra = false, 
08-04 02:38:49.950  7588  7588 D Nappa   : fromActivity = nappatfpr.org.quantumbadger.redreader.activities.MainActivity, 
08-04 02:38:49.950  7588  7588 D Nappa   : predictedNextActivityFromExtra = [], 
08-04 02:38:49.950  7588  7588 D Nappa   : activity.getClass().getCanonicalName() = nappatfpr.org.quantumbadger.redreader.activities.PostListingActivity, 
08-04 02:38:49.950  7588  7588 D Nappa   : PREFETCH_ON_EXTRA - setCurrentActivity - logs - from activity - made prediction isfalse
08-04 02:38:49.956  7588  9249 D Nappa   : F1_SCORE add_intercept_url - (already in) - https://oauth.reddit.com/r/askscience/about.json
08-04 02:38:49.956  7588  9249 D Nappa   : F1_SCORE add_fn_url - (already in) - https://oauth.reddit.com/r/askscience/about.json
08-04 02:38:49.956  7588  9249 D Nappa   : -------------F1_SCORE #11 -----------
08-04 02:38:49.959  7588  9249 D Nappa   : F1_SCORE - Intercept list (5)= [https://oauth.reddit.com/r/askscience/about.json, https://oauth.reddit.com/r/askscience/hot/.json, https://oauth.reddit.com/comments/gvc7k9/.json?sort=confidence, https://oauth.reddit.com/comments/hwnhe2/.json?sort=confidence, https://oauth.reddit.com/comments/hza888/.json?sort=confidence]
08-04 02:38:49.959  7588  9249 D Nappa   : F1_SCORE - Prefetch list (0)= []
08-04 02:38:49.959  7588  9249 D Nappa   : F1_SCORE - TP list (0)= []
08-04 02:38:49.960  7588  9249 D Nappa   : F1_SCORE - FN list (5)= [https://oauth.reddit.com/r/askscience/about.json, https://oauth.reddit.com/r/askscience/hot/.json, https://oauth.reddit.com/comments/gvc7k9/.json?sort=confidence, https://oauth.reddit.com/comments/hwnhe2/.json?sort=confidence, https://oauth.reddit.com/comments/hza888/.json?sort=confidence]
08-04 02:38:50.050  7588  7588 D Nappa   : registerActivity: (already in) nappatfpr.org.quantumbadger.redreader.activities.PostListingActivity
08-04 02:38:50.051  7588  7588 D Nappa   : SHOULD_PREFETCH true
08-04 02:38:50.056  7588  7610 D Nappa   : registerActivity: (already in) nappatfpr.org.quantumbadger.redreader.activities.PostListingActivity
08-04 02:38:50.056  7588  7610 D Nappa   : PARENTS 
08-04 02:38:50.056  7588  7610 D Nappa   : Of: nappatfpr.org.quantumbadger.redreader.activities.PostListingActivity -> 
08-04 02:38:50.056  7588  7610 D Nappa   : PARENTS nappatfpr.org.quantumbadger.redreader.activities.MainActivity
08-04 02:38:50.151  7588  7588 D Nappa   : registerActivity: (already in) nappatfpr.org.quantumbadger.redreader.activities.PostListingActivity
08-04 02:38:50.151  7588  7588 D Nappa   : SUCCESSORS nappatfpr.org.quantumbadger.redreader.activities.WebViewActivity
08-04 02:38:50.151  7588  7588 D Nappa   : SUCCESSORS nappatfpr.org.quantumbadger.redreader.activities.CommentListingActivity
08-04 02:38:50.151  7588  7588 D Nappa   : SUCCESSORS nappatfpr.org.quantumbadger.redreader.activities.ImageViewActivity
08-04 02:38:50.151  7588  7588 D Nappa   : STATS Number of requests not prefetched: 6
08-04 02:38:50.151  7588  7588 D Nappa   : STATS Number of requests prefetched: 1
08-04 02:38:50.152  7588  7588 D Nappa   : STATS Time saved until now: 0.139
08-04 02:38:50.350  7588  7610 D Nappa   : PREFETCH_ON_EXTRA - setCurrentActivity - logs - from extra - made prediction isfalse
08-04 02:38:50.652  7588  7610 D Nappa   : PREFETCH_ON_EXTRA - setCurrentActivity - starting new prediction
08-04 02:38:50.652  7588  7610 D Nappa   : Current node - currentActivityName - nappatfpr.org.quantumbadger.redreader.activities.PostListingActivity
08-04 02:38:50.652  7588  7610 D Nappa   : Current node - activityGraph.getCurrent() - nappatfpr.org.quantumbadger.redreader.activities.PostListingActivity
08-04 02:38:50.660  7588  7610 D Nappa   : PREFETCH_ON_EXTRA - setCurrentActivity - finished new prediction
08-04 02:38:51.160  7588  9317 D Nappa   : F1_SCORE add_intercept_url - (already in) - https://oauth.reddit.com/r/askscience/hot/.json
08-04 02:38:51.160  7588  9317 D Nappa   : F1_SCORE add_fn_url - (already in) - https://oauth.reddit.com/r/askscience/hot/.json
08-04 02:38:51.160  7588  9317 D Nappa   : -------------F1_SCORE #12 -----------
08-04 02:38:51.161  7588  9317 D Nappa   : F1_SCORE - Intercept list (5)= [https://oauth.reddit.com/r/askscience/about.json, https://oauth.reddit.com/r/askscience/hot/.json, https://oauth.reddit.com/comments/gvc7k9/.json?sort=confidence, https://oauth.reddit.com/comments/hwnhe2/.json?sort=confidence, https://oauth.reddit.com/comments/hza888/.json?sort=confidence]
08-04 02:38:51.161  7588  9317 D Nappa   : F1_SCORE - Prefetch list (0)= []
08-04 02:38:51.161  7588  9317 D Nappa   : F1_SCORE - TP list (0)= []
